[2025-05-20T20:27:18.622+0300][23224][21780][debug][gc,heap] Minimum heap 12884901888  Initial heap 12884901888  Maximum heap 12884901888
[2025-05-20T20:27:18.622+0300][23224][21780][info ][gc     ] Using G1
[2025-05-20T20:27:18.622+0300][23224][21780][debug][gc     ] ConcGCThreads: 2 offset 16
[2025-05-20T20:27:18.622+0300][23224][21780][debug][gc     ] ParallelGCThreads: 8
[2025-05-20T20:27:18.622+0300][23224][21780][debug][gc     ] Initialize mark stack with 4096 chunks, maximum 524288
[2025-05-20T20:27:20.003+0300][23224][11212][debug][safepoint] Safepoint synchronization initiated using striped semaphore wait barrier. (11 threads)
[2025-05-20T20:27:20.003+0300][23224][11212][info ][safepoint] Safepoint "Cleanup", Time since last: 1342562000 ns, Reaching safepoint: 809000 ns, Cleanup: 85300 ns, At safepoint: 5400 ns, Total: 899700 ns
[2025-05-20T20:27:20.434+0300][23224][11212][debug][safepoint] Safepoint synchronization initiated using striped semaphore wait barrier. (13 threads)
[2025-05-20T20:27:20.434+0300][23224][11212][info ][safepoint] Safepoint "ICBufferFull", Time since last: 434101700 ns, Reaching safepoint: 74200 ns, Cleanup: 82300 ns, At safepoint: 7300 ns, Total: 163800 ns
[2025-05-20T20:27:20.926+0300][23224][11212][debug][safepoint] Safepoint synchronization initiated using striped semaphore wait barrier. (13 threads)
[2025-05-20T20:27:20.926+0300][23224][11212][info ][safepoint] Safepoint "ICBufferFull", Time since last: 484694500 ns, Reaching safepoint: 49700 ns, Cleanup: 85800 ns, At safepoint: 6400 ns, Total: 141900 ns
[2025-05-20T20:27:21.443+0300][23224][11212][debug][safepoint] Safepoint synchronization initiated using striped semaphore wait barrier. (13 threads)
[2025-05-20T20:27:21.443+0300][23224][11212][info ][safepoint] Safepoint "ICBufferFull", Time since last: 527195700 ns, Reaching safepoint: 89300 ns, Cleanup: 110200 ns, At safepoint: 7300 ns, Total: 206800 ns
[2025-05-20T20:27:21.919+0300][23224][11212][debug][safepoint] Safepoint synchronization initiated using striped semaphore wait barrier. (15 threads)
[2025-05-20T20:27:21.919+0300][23224][11212][info ][safepoint] Safepoint "ICBufferFull", Time since last: 461995400 ns, Reaching safepoint: 56200 ns, Cleanup: 88100 ns, At safepoint: 1400 ns, Total: 145700 ns
[2025-05-20T20:27:21.935+0300][23224][11212][debug][safepoint] Safepoint synchronization initiated using striped semaphore wait barrier. (25 threads)
[2025-05-20T20:27:21.935+0300][23224][11212][debug][gc,heap  ] GC(0) Heap before GC invocations=0 (full 0):
[2025-05-20T20:27:21.935+0300][23224][11212][debug][gc,heap  ] GC(0)  garbage-first heap   total 12582912K, used 237568K [0x0000000500000000, 0x0000000800000000)
[2025-05-20T20:27:21.935+0300][23224][11212][debug][gc,heap  ] GC(0)   region size 8192K, 30 young (245760K), 0 survivors (0K)
[2025-05-20T20:27:21.935+0300][23224][11212][debug][gc,heap  ] GC(0)  Metaspace       used 15329K, committed 15744K, reserved 1114112K
[2025-05-20T20:27:21.935+0300][23224][11212][debug][gc,heap  ] GC(0)   class space    used 1511K, committed 1728K, reserved 1048576K
[2025-05-20T20:27:21.948+0300][23224][11212][debug][gc,phases] GC(0) Phase 1: Reference Processing 0.581ms
[2025-05-20T20:27:21.948+0300][23224][11212][debug][gc,phases] GC(0)   VM Weak                        Min:  0.0, Avg:  0.0, Max:  0.0, Diff:  0.0, Sum:  0.0, Workers: 8
[2025-05-20T20:27:21.948+0300][23224][11212][debug][gc,phases] GC(0)     Dead                           Min: 0, Avg:  0.0, Max: 0, Diff: 0, Sum: 0, Workers: 8
[2025-05-20T20:27:21.948+0300][23224][11212][debug][gc,phases] GC(0)     Total                          Min: 0, Avg: 23.5, Max: 188, Diff: 188, Sum: 188, Workers: 8
[2025-05-20T20:27:21.948+0300][23224][11212][debug][gc,phases] GC(0)   ObjectSynchronizer Weak        Min:  0.0, Avg:  0.0, Max:  0.0, Diff:  0.0, Sum:  0.0, Workers: 8
[2025-05-20T20:27:21.948+0300][23224][11212][debug][gc,phases] GC(0)     Dead                           Min: 0, Avg:  0.2, Max: 2, Diff: 2, Sum: 2, Workers: 8
[2025-05-20T20:27:21.948+0300][23224][11212][debug][gc,phases] GC(0)     Total                          Min: 0, Avg:  0.8, Max: 6, Diff: 6, Sum: 6, Workers: 8
[2025-05-20T20:27:21.948+0300][23224][11212][debug][gc,phases] GC(0)   JVMTI Tag Weak OopStorage      Min:  0.0, Avg:  0.0, Max:  0.0, Diff:  0.0, Sum:  0.0, Workers: 8
[2025-05-20T20:27:21.948+0300][23224][11212][debug][gc,phases] GC(0)     Dead                           Min: 0, Avg:  0.0, Max: 0, Diff: 0, Sum: 0, Workers: 8
[2025-05-20T20:27:21.948+0300][23224][11212][debug][gc,phases] GC(0)     Total                          Min: 0, Avg:  0.0, Max: 0, Diff: 0, Sum: 0, Workers: 8
[2025-05-20T20:27:21.948+0300][23224][11212][debug][gc,phases] GC(0)   StringTable Weak               Min:  0.0, Avg:  0.0, Max:  0.1, Diff:  0.0, Sum:  0.2, Workers: 8
[2025-05-20T20:27:21.948+0300][23224][11212][debug][gc,phases] GC(0)     Dead                           Min: 4, Avg: 46.2, Max: 86, Diff: 82, Sum: 370, Workers: 8
[2025-05-20T20:27:21.948+0300][23224][11212][debug][gc,phases] GC(0)     Total                          Min: 1728, Avg: 2580.9, Max: 4928, Diff: 3200, Sum: 20647, Workers: 8
[2025-05-20T20:27:21.948+0300][23224][11212][debug][gc,phases] GC(0)   ResolvedMethodTable Weak       Min:  0.0, Avg:  0.0, Max:  0.0, Diff:  0.0, Sum:  0.0, Workers: 8
[2025-05-20T20:27:21.948+0300][23224][11212][debug][gc,phases] GC(0)     Dead                           Min: 0, Avg: 12.9, Max: 22, Diff: 22, Sum: 103, Workers: 8
[2025-05-20T20:27:21.948+0300][23224][11212][debug][gc,phases] GC(0)     Total                          Min: 0, Avg: 140.6, Max: 192, Diff: 192, Sum: 1125, Workers: 8
[2025-05-20T20:27:21.948+0300][23224][11212][debug][gc,phases] GC(0)   JNI Weak                       Min:  0.0, Avg:  0.0, Max:  0.0, Diff:  0.0, Sum:  0.0, Workers: 8
[2025-05-20T20:27:21.948+0300][23224][11212][debug][gc,phases] GC(0)     Dead                           Min: 0, Avg:  0.0, Max: 0, Diff: 0, Sum: 0, Workers: 8
[2025-05-20T20:27:21.948+0300][23224][11212][debug][gc,phases] GC(0)     Total                          Min: 0, Avg:  0.0, Max: 0, Diff: 0, Sum: 0, Workers: 8
[2025-05-20T20:27:21.948+0300][23224][11212][debug][gc,phases] GC(0)   StringDedup Table Weak         Min:  0.0, Avg:  0.0, Max:  0.0, Diff:  0.0, Sum:  0.0, Workers: 8
[2025-05-20T20:27:21.948+0300][23224][11212][debug][gc,phases] GC(0)     Dead                           Min: 0, Avg:  0.0, Max: 0, Diff: 0, Sum: 0, Workers: 8
[2025-05-20T20:27:21.948+0300][23224][11212][debug][gc,phases] GC(0)     Total                          Min: 0, Avg:  0.0, Max: 0, Diff: 0, Sum: 0, Workers: 8
[2025-05-20T20:27:21.948+0300][23224][11212][debug][gc,phases] GC(0)   StringDedup Requests0 Weak     Min:  0.0, Avg:  0.0, Max:  0.0, Diff:  0.0, Sum:  0.0, Workers: 8
[2025-05-20T20:27:21.948+0300][23224][11212][debug][gc,phases] GC(0)     Dead                           Min: 0, Avg:  0.0, Max: 0, Diff: 0, Sum: 0, Workers: 8
[2025-05-20T20:27:21.948+0300][23224][11212][debug][gc,phases] GC(0)     Total                          Min: 0, Avg:  0.0, Max: 0, Diff: 0, Sum: 0, Workers: 8
[2025-05-20T20:27:21.948+0300][23224][11212][debug][gc,phases] GC(0)   StringDedup Requests1 Weak     Min:  0.0, Avg:  0.0, Max:  0.0, Diff:  0.0, Sum:  0.0, Workers: 8
[2025-05-20T20:27:21.948+0300][23224][11212][debug][gc,phases] GC(0)     Dead                           Min: 0, Avg:  0.0, Max: 0, Diff: 0, Sum: 0, Workers: 8
[2025-05-20T20:27:21.948+0300][23224][11212][debug][gc,phases] GC(0)     Total                          Min: 0, Avg:  0.0, Max: 0, Diff: 0, Sum: 0, Workers: 8
[2025-05-20T20:27:21.948+0300][23224][11212][debug][gc,phases] GC(0)   Weak JFR Old Object Samples    Min:  0.0, Avg:  0.0, Max:  0.0, Diff:  0.0, Sum:  0.0, Workers: 8
[2025-05-20T20:27:21.948+0300][23224][11212][debug][gc,phases] GC(0)     Dead                           Min: 0, Avg:  0.0, Max: 0, Diff: 0, Sum: 0, Workers: 8
[2025-05-20T20:27:21.948+0300][23224][11212][debug][gc,phases] GC(0)     Total                          Min: 0, Avg:  0.0, Max: 0, Diff: 0, Sum: 0, Workers: 8
[2025-05-20T20:27:21.948+0300][23224][11212][debug][gc,phases] GC(0) Phase 1: Weak Processing 0.592ms
[2025-05-20T20:27:21.948+0300][23224][11212][debug][gc,phases] GC(0) ClassLoaderData 0.016ms
[2025-05-20T20:27:21.948+0300][23224][11212][debug][gc,phases] GC(0) Trigger cleanups 0.000ms
[2025-05-20T20:27:21.951+0300][23224][11212][debug][gc,phases] GC(0) G1 Complete Cleaning 2.119ms
[2025-05-20T20:27:21.951+0300][23224][11212][debug][gc,phases] GC(0) Purge Unlinked NMethods 0.001ms
[2025-05-20T20:27:21.951+0300][23224][11212][debug][gc,phases] GC(0) Unregister NMethods 0.134ms
[2025-05-20T20:27:21.951+0300][23224][11212][debug][gc,phases] GC(0) Free Code Blobs 0.002ms
[2025-05-20T20:27:21.951+0300][23224][11212][debug][gc,phases] GC(0) Purge Class Loader Data 0.202ms
[2025-05-20T20:27:21.951+0300][23224][11212][debug][gc,phases] GC(0) Phase 1: Class Unloading and Cleanup 2.632ms
[2025-05-20T20:27:21.951+0300][23224][11212][debug][gc,phases] GC(0) Report Object Count 0.001ms
[2025-05-20T20:27:21.951+0300][23224][11212][info ][gc,phases] GC(0) Phase 1: Mark live objects 7.289ms
[2025-05-20T20:27:21.951+0300][23224][11212][debug][gc,phases] GC(0) Phase 2: Determine work lists 0.058ms
[2025-05-20T20:27:21.951+0300][23224][11212][debug][gc,phases] GC(0) Phase 2: Prepare parallel compaction 2.389ms
[2025-05-20T20:27:21.951+0300][23224][11212][info ][gc,phases] GC(0) Phase 2: Prepare compaction 2.519ms
[2025-05-20T20:27:21.951+0300][23224][11212][info ][gc,phases] GC(0) Phase 3: Adjust pointers 3.761ms
[2025-05-20T20:27:21.951+0300][23224][11212][info ][gc,phases] GC(0) Phase 4: Compact heap 3.200ms
[2025-05-20T20:27:21.964+0300][23224][11212][info ][gc,phases] GC(0) Phase 5: Reset Metadata 2.306ms
[2025-05-20T20:27:21.983+0300][23224][11212][info ][gc,heap  ] GC(0) Eden regions: 30->0(76)
[2025-05-20T20:27:21.983+0300][23224][11212][info ][gc,heap  ] GC(0) Survivor regions: 0->0(0)
[2025-05-20T20:27:21.983+0300][23224][11212][info ][gc,heap  ] GC(0) Old regions: 0->8
[2025-05-20T20:27:21.983+0300][23224][11212][info ][gc,heap  ] GC(0) Humongous regions: 0->0
[2025-05-20T20:27:21.983+0300][23224][11212][debug][gc,heap  ] GC(0) Heap after GC invocations=1 (full 1):
[2025-05-20T20:27:21.983+0300][23224][11212][debug][gc,heap  ] GC(0)  garbage-first heap   total 12582912K, used 9486K [0x0000000500000000, 0x0000000800000000)
[2025-05-20T20:27:21.983+0300][23224][11212][debug][gc,heap  ] GC(0)   region size 8192K, 0 young (0K), 0 survivors (0K)
[2025-05-20T20:27:21.983+0300][23224][11212][debug][gc,heap  ] GC(0)  Metaspace       used 15329K, committed 15744K, reserved 1114112K
[2025-05-20T20:27:21.983+0300][23224][11212][debug][gc,heap  ] GC(0)   class space    used 1511K, committed 1728K, reserved 1048576K
[2025-05-20T20:27:21.983+0300][23224][11212][info ][gc       ] GC(0) Pause Full (System.gc()) 236M->9M(12288M) 38.569ms
[2025-05-20T20:27:21.983+0300][23224][11212][info ][safepoint] Safepoint "G1CollectFull", Time since last: 25283400 ns, Reaching safepoint: 40200 ns, Cleanup: 14800 ns, At safepoint: 38598300 ns, Total: 38653300 ns
[2025-05-20T20:27:22.646+0300][23224][11212][debug][safepoint] Safepoint synchronization initiated using striped semaphore wait barrier. (34 threads)
[2025-05-20T20:27:22.646+0300][23224][11212][info ][safepoint] Safepoint "ICBufferFull", Time since last: 663026200 ns, Reaching safepoint: 71000 ns, Cleanup: 125900 ns, At safepoint: 4700 ns, Total: 201600 ns
[2025-05-20T20:27:22.853+0300][23224][11212][debug][safepoint] Safepoint synchronization initiated using striped semaphore wait barrier. (34 threads)
[2025-05-20T20:27:22.853+0300][23224][11212][debug][gc,heap  ] GC(1) Heap before GC invocations=1 (full 1):
[2025-05-20T20:27:22.853+0300][23224][11212][debug][gc,heap  ] GC(1)  garbage-first heap   total 12582912K, used 173326K [0x0000000500000000, 0x0000000800000000)
[2025-05-20T20:27:22.853+0300][23224][11212][debug][gc,heap  ] GC(1)   region size 8192K, 21 young (172032K), 0 survivors (0K)
[2025-05-20T20:27:22.853+0300][23224][11212][debug][gc,heap  ] GC(1)  Metaspace       used 25798K, committed 26240K, reserved 1114112K
[2025-05-20T20:27:22.853+0300][23224][11212][debug][gc,heap  ] GC(1)   class space    used 2453K, committed 2688K, reserved 1048576K
[2025-05-20T20:27:22.861+0300][23224][11212][info ][gc,phases] GC(1)   Pre Evacuate Collection Set: 0.4ms
[2025-05-20T20:27:22.861+0300][23224][11212][debug][gc,phases] GC(1)     Pre Evacuate Prepare: 0.2ms
[2025-05-20T20:27:22.861+0300][23224][11212][debug][gc,phases] GC(1)       JT Retire TLABs And Flush Logs (ms): Min:  0.0, Avg:  0.0, Max:  0.0, Diff:  0.0, Sum:  0.0, Workers: 2
[2025-05-20T20:27:22.861+0300][23224][11212][debug][gc,phases] GC(1)       Non-JT Flush Logs (ms):        Min:  0.0, Avg:  0.0, Max:  0.0, Diff:  0.0, Sum:  0.0, Workers: 1
[2025-05-20T20:27:22.861+0300][23224][11212][debug][gc,phases] GC(1)     Choose Collection Set: 0.0ms
[2025-05-20T20:27:22.861+0300][23224][11212][debug][gc,phases] GC(1)     Region Register: 0.1ms
[2025-05-20T20:27:22.861+0300][23224][11212][debug][gc,phases] GC(1)     Prepare Heap Roots: 0.0ms
[2025-05-20T20:27:22.861+0300][23224][11212][debug][gc,phases] GC(1)     Reset Marking State (ms):      Min:  0.0, Avg:  0.0, Max:  0.0, Diff:  0.0, Sum:  0.0, Workers: 1
[2025-05-20T20:27:22.861+0300][23224][11212][debug][gc,phases] GC(1)     Note Start Of Mark (ms):       Min:  0.0, Avg:  0.0, Max:  0.0, Diff:  0.0, Sum:  0.0, Workers: 3
[2025-05-20T20:27:22.861+0300][23224][11212][info ][gc,phases] GC(1)   Merge Heap Roots: 0.2ms
[2025-05-20T20:27:22.861+0300][23224][11212][debug][gc,phases] GC(1)     Prepare Merge Heap Roots: 0.1ms
[2025-05-20T20:27:22.861+0300][23224][11212][debug][gc,phases] GC(1)     Remembered Sets (ms):          Min:  0.0, Avg:  0.0, Max:  0.0, Diff:  0.0, Sum:  0.0, Workers: 8
[2025-05-20T20:27:22.861+0300][23224][11212][debug][gc,phases] GC(1)       Eager Reclaim (ms):            skipped
[2025-05-20T20:27:22.861+0300][23224][11212][debug][gc,phases] GC(1)       Merged Inline                  Min: 0, Avg:  0.0, Max: 0, Diff: 0, Sum: 0, Workers: 8
[2025-05-20T20:27:22.861+0300][23224][11212][debug][gc,phases] GC(1)       Merged ArrayOfCards            Min: 0, Avg:  0.0, Max: 0, Diff: 0, Sum: 0, Workers: 8
[2025-05-20T20:27:22.861+0300][23224][11212][debug][gc,phases] GC(1)       Merged Howl                    Min: 0, Avg:  0.0, Max: 0, Diff: 0, Sum: 0, Workers: 8
[2025-05-20T20:27:22.861+0300][23224][11212][debug][gc,phases] GC(1)       Merged Full                    Min: 0, Avg:  0.0, Max: 0, Diff: 0, Sum: 0, Workers: 8
[2025-05-20T20:27:22.861+0300][23224][11212][debug][gc,phases] GC(1)       Merged Howl Inline             Min: 0, Avg:  0.0, Max: 0, Diff: 0, Sum: 0, Workers: 8
[2025-05-20T20:27:22.861+0300][23224][11212][debug][gc,phases] GC(1)       Merged Howl ArrayOfCards       Min: 0, Avg:  0.0, Max: 0, Diff: 0, Sum: 0, Workers: 8
[2025-05-20T20:27:22.861+0300][23224][11212][debug][gc,phases] GC(1)       Merged Howl BitMap             Min: 0, Avg:  0.0, Max: 0, Diff: 0, Sum: 0, Workers: 8
[2025-05-20T20:27:22.861+0300][23224][11212][debug][gc,phases] GC(1)       Merged Howl Full               Min: 0, Avg:  0.0, Max: 0, Diff: 0, Sum: 0, Workers: 8
[2025-05-20T20:27:22.861+0300][23224][11212][debug][gc,phases] GC(1)       Merged Cards                   Min: 8, Avg:  8.0, Max: 8, Diff: 0, Sum: 64, Workers: 8
[2025-05-20T20:27:22.861+0300][23224][11212][debug][gc,phases] GC(1)     Log Buffers (ms):              Min:  0.0, Avg:  0.0, Max:  0.0, Diff:  0.0, Sum:  0.0, Workers: 8
[2025-05-20T20:27:22.861+0300][23224][11212][debug][gc,phases] GC(1)       Dirty Cards:                   Min: 0, Avg: 208.1, Max: 494, Diff: 494, Sum: 1665, Workers: 8
[2025-05-20T20:27:22.861+0300][23224][11212][debug][gc,phases] GC(1)       Skipped Cards:                 Min: 0, Avg:  0.0, Max: 0, Diff: 0, Sum: 0, Workers: 8
[2025-05-20T20:27:22.861+0300][23224][11212][info ][gc,phases] GC(1)   Evacuate Collection Set: 7.7ms
[2025-05-20T20:27:22.861+0300][23224][11212][debug][gc,phases] GC(1)     Ext Root Scanning (ms):        Min:  5.5, Avg:  6.1, Max:  6.8, Diff:  1.3, Sum: 49.1, Workers: 8
[2025-05-20T20:27:22.861+0300][23224][11212][debug][gc,phases] GC(1)     Scan Heap Roots (ms):          Min:  0.0, Avg:  0.2, Max:  0.4, Diff:  0.4, Sum:  1.8, Workers: 8
[2025-05-20T20:27:22.861+0300][23224][11212][debug][gc,phases] GC(1)       Scanned Cards:                 Min: 0, Avg: 208.1, Max: 404, Diff: 404, Sum: 1665, Workers: 8
[2025-05-20T20:27:22.861+0300][23224][11212][debug][gc,phases] GC(1)       Scanned Blocks:                Min: 0, Avg: 105.6, Max: 205, Diff: 205, Sum: 845, Workers: 8
[2025-05-20T20:27:22.861+0300][23224][11212][debug][gc,phases] GC(1)       Claimed Chunks:                Min: 0, Avg: 14.0, Max: 25, Diff: 25, Sum: 112, Workers: 8
[2025-05-20T20:27:22.861+0300][23224][11212][debug][gc,phases] GC(1)       Found Roots:                   Min: 0, Avg: 1123.1, Max: 2564, Diff: 2564, Sum: 8985, Workers: 8
[2025-05-20T20:27:22.861+0300][23224][11212][debug][gc,phases] GC(1)     Code Root Scan (ms):           Min:  0.0, Avg:  0.1, Max:  0.2, Diff:  0.2, Sum:  0.6, Workers: 8
[2025-05-20T20:27:22.861+0300][23224][11212][debug][gc,phases] GC(1)       Scanned Nmethods               Min: 0, Avg:  9.0, Max: 19, Diff: 19, Sum: 72, Workers: 8
[2025-05-20T20:27:22.861+0300][23224][11212][debug][gc,phases] GC(1)     Object Copy (ms):              Min:  0.8, Avg:  1.0, Max:  1.8, Diff:  1.0, Sum:  7.9, Workers: 8
[2025-05-20T20:27:22.861+0300][23224][11212][debug][gc,phases] GC(1)     Termination (ms):              Min:  0.0, Avg:  0.2, Max:  0.3, Diff:  0.2, Sum:  1.8, Workers: 8
[2025-05-20T20:27:22.861+0300][23224][11212][debug][gc,phases] GC(1)       Termination Attempts:          Min: 1, Avg:  1.9, Max: 3, Diff: 2, Sum: 15, Workers: 8
[2025-05-20T20:27:22.861+0300][23224][11212][debug][gc,phases] GC(1)     GC Worker Other (ms):          Min:  0.0, Avg:  0.0, Max:  0.0, Diff:  0.0, Sum:  0.1, Workers: 8
[2025-05-20T20:27:22.861+0300][23224][11212][debug][gc,phases] GC(1)     GC Worker Total (ms):          Min:  7.6, Avg:  7.7, Max:  7.7, Diff:  0.1, Sum: 61.3, Workers: 8
[2025-05-20T20:27:22.861+0300][23224][11212][info ][gc,phases] GC(1)   Post Evacuate Collection Set: 0.3ms
[2025-05-20T20:27:22.861+0300][23224][11212][debug][gc,phases] GC(1)     NMethod List Cleanup: 0.0ms
[2025-05-20T20:27:22.861+0300][23224][11212][debug][gc,phases] GC(1)     Reference Processing: 0.1ms
[2025-05-20T20:27:22.861+0300][23224][11212][debug][gc,phases] GC(1)     Weak Processing: 0.1ms
[2025-05-20T20:27:22.861+0300][23224][11212][debug][gc,phases] GC(1)       VM Weak                        Min:  0.0, Avg:  0.0, Max:  0.0, Diff:  0.0, Sum:  0.0, Workers: 8
[2025-05-20T20:27:22.861+0300][23224][11212][debug][gc,phases] GC(1)         Dead                           Min: 0, Avg:  0.0, Max: 0, Diff: 0, Sum: 0, Workers: 8
[2025-05-20T20:27:22.861+0300][23224][11212][debug][gc,phases] GC(1)         Total                          Min: 0, Avg: 31.8, Max: 64, Diff: 64, Sum: 254, Workers: 8
[2025-05-20T20:27:22.861+0300][23224][11212][debug][gc,phases] GC(1)       ObjectSynchronizer Weak        Min:  0.0, Avg:  0.0, Max:  0.0, Diff:  0.0, Sum:  0.0, Workers: 8
[2025-05-20T20:27:22.861+0300][23224][11212][debug][gc,phases] GC(1)         Dead                           Min: 0, Avg:  0.2, Max: 2, Diff: 2, Sum: 2, Workers: 8
[2025-05-20T20:27:22.861+0300][23224][11212][debug][gc,phases] GC(1)         Total                          Min: 0, Avg:  2.6, Max: 21, Diff: 21, Sum: 21, Workers: 8
[2025-05-20T20:27:22.861+0300][23224][11212][debug][gc,phases] GC(1)       JVMTI Tag Weak OopStorage      Min:  0.0, Avg:  0.0, Max:  0.0, Diff:  0.0, Sum:  0.0, Workers: 8
[2025-05-20T20:27:22.861+0300][23224][11212][debug][gc,phases] GC(1)         Dead                           Min: 0, Avg:  0.0, Max: 0, Diff: 0, Sum: 0, Workers: 8
[2025-05-20T20:27:22.861+0300][23224][11212][debug][gc,phases] GC(1)         Total                          Min: 0, Avg:  0.0, Max: 0, Diff: 0, Sum: 0, Workers: 8
[2025-05-20T20:27:22.861+0300][23224][11212][debug][gc,phases] GC(1)       StringTable Weak               Min:  0.0, Avg:  0.0, Max:  0.1, Diff:  0.0, Sum:  0.4, Workers: 8
[2025-05-20T20:27:22.861+0300][23224][11212][debug][gc,phases] GC(1)         Dead                           Min: 0, Avg:  1.4, Max: 7, Diff: 7, Sum: 11, Workers: 8
[2025-05-20T20:27:22.861+0300][23224][11212][debug][gc,phases] GC(1)         Total                          Min: 2752, Avg: 2947.4, Max: 3227, Diff: 475, Sum: 23579, Workers: 8
[2025-05-20T20:27:22.861+0300][23224][11212][debug][gc,phases] GC(1)       ResolvedMethodTable Weak       Min:  0.0, Avg:  0.0, Max:  0.0, Diff:  0.0, Sum:  0.0, Workers: 8
[2025-05-20T20:27:22.861+0300][23224][11212][debug][gc,phases] GC(1)         Dead                           Min: 0, Avg:  2.6, Max: 9, Diff: 9, Sum: 21, Workers: 8
[2025-05-20T20:27:22.861+0300][23224][11212][debug][gc,phases] GC(1)         Total                          Min: 0, Avg: 163.4, Max: 320, Diff: 320, Sum: 1307, Workers: 8
[2025-05-20T20:27:22.861+0300][23224][11212][debug][gc,phases] GC(1)       JNI Weak                       Min:  0.0, Avg:  0.0, Max:  0.0, Diff:  0.0, Sum:  0.0, Workers: 8
[2025-05-20T20:27:22.861+0300][23224][11212][debug][gc,phases] GC(1)         Dead                           Min: 0, Avg:  0.0, Max: 0, Diff: 0, Sum: 0, Workers: 8
[2025-05-20T20:27:22.861+0300][23224][11212][debug][gc,phases] GC(1)         Total                          Min: 0, Avg:  0.0, Max: 0, Diff: 0, Sum: 0, Workers: 8
[2025-05-20T20:27:22.861+0300][23224][11212][debug][gc,phases] GC(1)       StringDedup Table Weak         Min:  0.0, Avg:  0.0, Max:  0.0, Diff:  0.0, Sum:  0.0, Workers: 8
[2025-05-20T20:27:22.861+0300][23224][11212][debug][gc,phases] GC(1)         Dead                           Min: 0, Avg:  0.0, Max: 0, Diff: 0, Sum: 0, Workers: 8
[2025-05-20T20:27:22.861+0300][23224][11212][debug][gc,phases] GC(1)         Total                          Min: 0, Avg:  0.0, Max: 0, Diff: 0, Sum: 0, Workers: 8
[2025-05-20T20:27:22.861+0300][23224][11212][debug][gc,phases] GC(1)       StringDedup Requests0 Weak     Min:  0.0, Avg:  0.0, Max:  0.0, Diff:  0.0, Sum:  0.0, Workers: 8
[2025-05-20T20:27:22.861+0300][23224][11212][debug][gc,phases] GC(1)         Dead                           Min: 0, Avg:  0.0, Max: 0, Diff: 0, Sum: 0, Workers: 8
[2025-05-20T20:27:22.861+0300][23224][11212][debug][gc,phases] GC(1)         Total                          Min: 0, Avg:  0.0, Max: 0, Diff: 0, Sum: 0, Workers: 8
[2025-05-20T20:27:22.861+0300][23224][11212][debug][gc,phases] GC(1)       StringDedup Requests1 Weak     Min:  0.0, Avg:  0.0, Max:  0.0, Diff:  0.0, Sum:  0.0, Workers: 8
[2025-05-20T20:27:22.861+0300][23224][11212][debug][gc,phases] GC(1)         Dead                           Min: 0, Avg:  0.0, Max: 0, Diff: 0, Sum: 0, Workers: 8
[2025-05-20T20:27:22.861+0300][23224][11212][debug][gc,phases] GC(1)         Total                          Min: 0, Avg:  0.0, Max: 0, Diff: 0, Sum: 0, Workers: 8
[2025-05-20T20:27:22.861+0300][23224][11212][debug][gc,phases] GC(1)       Weak JFR Old Object Samples    Min:  0.0, Avg:  0.0, Max:  0.0, Diff:  0.0, Sum:  0.0, Workers: 8
[2025-05-20T20:27:22.861+0300][23224][11212][debug][gc,phases] GC(1)         Dead                           Min: 0, Avg:  0.0, Max: 0, Diff: 0, Sum: 0, Workers: 8
[2025-05-20T20:27:22.861+0300][23224][11212][debug][gc,phases] GC(1)         Total                          Min: 0, Avg:  0.0, Max: 0, Diff: 0, Sum: 0, Workers: 8
[2025-05-20T20:27:22.861+0300][23224][11212][debug][gc,phases] GC(1)     Post Evacuate Cleanup 1: 0.1ms
[2025-05-20T20:27:22.861+0300][23224][11212][debug][gc,phases] GC(1)       Merge Per-Thread State (ms):   Min:  0.0, Avg:  0.0, Max:  0.0, Diff:  0.0, Sum:  0.0, Workers: 1
[2025-05-20T20:27:22.861+0300][23224][11212][debug][gc,phases] GC(1)         Copied Bytes                   Min: 256072, Avg: 566074.0, Max: 1359984, Diff: 1103912, Sum: 4528592, Workers: 8
[2025-05-20T20:27:22.861+0300][23224][11212][debug][gc,phases] GC(1)         LAB Waste                      Min: 232, Avg: 846.0, Max: 2872, Diff: 2640, Sum: 6768, Workers: 8
[2025-05-20T20:27:22.861+0300][23224][11212][debug][gc,phases] GC(1)         LAB Undo Waste                 Min: 0, Avg:  0.0, Max: 0, Diff: 0, Sum: 0, Workers: 8
[2025-05-20T20:27:22.861+0300][23224][11212][debug][gc,phases] GC(1)       Clear Logged Cards (ms):       Min:  0.0, Avg:  0.0, Max:  0.0, Diff:  0.0, Sum:  0.0, Workers: 3
[2025-05-20T20:27:22.861+0300][23224][11212][debug][gc,phases] GC(1)       Recalculate Used Memory (ms):  Min:  0.0, Avg:  0.0, Max:  0.0, Diff:  0.0, Sum:  0.0, Workers: 1
[2025-05-20T20:27:22.861+0300][23224][11212][debug][gc,phases] GC(1)     Post Evacuate Cleanup 2: 0.1ms
[2025-05-20T20:27:22.861+0300][23224][11212][debug][gc,phases] GC(1)       Update Derived Pointers (ms):  Min:  0.0, Avg:  0.0, Max:  0.0, Diff:  0.0, Sum:  0.0, Workers: 1
[2025-05-20T20:27:22.861+0300][23224][11212][debug][gc,phases] GC(1)       Eagerly Reclaim Humongous Objects (ms): skipped
[2025-05-20T20:27:22.861+0300][23224][11212][debug][gc,phases] GC(1)         Humongous Total                skipped
[2025-05-20T20:27:22.861+0300][23224][11212][debug][gc,phases] GC(1)         Humongous Candidates           skipped
[2025-05-20T20:27:22.861+0300][23224][11212][debug][gc,phases] GC(1)         Humongous Reclaimed            skipped
[2025-05-20T20:27:22.861+0300][23224][11212][debug][gc,phases] GC(1)       Redirty Logged Cards (ms):     Min:  0.0, Avg:  0.0, Max:  0.0, Diff:  0.0, Sum:  0.0, Workers: 8
[2025-05-20T20:27:22.861+0300][23224][11212][debug][gc,phases] GC(1)         Redirtied Cards:               Min: 0, Avg: 100.2, Max: 480, Diff: 480, Sum: 802, Workers: 8
[2025-05-20T20:27:22.861+0300][23224][11212][debug][gc,phases] GC(1)       Resize TLABs (ms):             Min:  0.0, Avg:  0.0, Max:  0.0, Diff:  0.0, Sum:  0.0, Workers: 8
[2025-05-20T20:27:22.861+0300][23224][11212][debug][gc,phases] GC(1)       Free Collection Set (ms):      Min:  0.0, Avg:  0.0, Max:  0.0, Diff:  0.0, Sum:  0.1, Workers: 8
[2025-05-20T20:27:22.861+0300][23224][11212][debug][gc,phases] GC(1)     Rebuild Free List: 0.0ms
[2025-05-20T20:27:22.861+0300][23224][11212][debug][gc,phases] GC(1)     Prepare For Mutator: 0.0ms
[2025-05-20T20:27:22.861+0300][23224][11212][debug][gc,phases] GC(1)     Expand Heap After Collection: 0.0ms
[2025-05-20T20:27:22.861+0300][23224][11212][info ][gc,phases] GC(1)   Other: 0.1ms
[2025-05-20T20:27:22.861+0300][23224][11212][info ][gc,heap  ] GC(1) Eden regions: 21->0(75)
[2025-05-20T20:27:22.861+0300][23224][11212][info ][gc,heap  ] GC(1) Survivor regions: 0->1(10)
[2025-05-20T20:27:22.861+0300][23224][11212][info ][gc,heap  ] GC(1) Old regions: 8->8
[2025-05-20T20:27:22.861+0300][23224][11212][info ][gc,heap  ] GC(1) Humongous regions: 0->0
[2025-05-20T20:27:22.861+0300][23224][11212][debug][gc,heap  ] GC(1) Heap after GC invocations=2 (full 1):
[2025-05-20T20:27:22.861+0300][23224][11212][debug][gc,heap  ] GC(1)  garbage-first heap   total 12582912K, used 14067K [0x0000000500000000, 0x0000000800000000)
[2025-05-20T20:27:22.861+0300][23224][11212][debug][gc,heap  ] GC(1)   region size 8192K, 1 young (8192K), 1 survivors (8192K)
[2025-05-20T20:27:22.861+0300][23224][11212][debug][gc,heap  ] GC(1)  Metaspace       used 25798K, committed 26240K, reserved 1114112K
[2025-05-20T20:27:22.861+0300][23224][11212][debug][gc,heap  ] GC(1)   class space    used 2453K, committed 2688K, reserved 1048576K
[2025-05-20T20:27:22.861+0300][23224][11212][info ][gc       ] GC(1) Pause Young (Concurrent Start) (Metadata GC Threshold) 177M->13M(12288M) 10.126ms
[2025-05-20T20:27:22.861+0300][23224][11212][info ][safepoint] Safepoint "CollectForMetadataAllocation", Time since last: 207894300 ns, Reaching safepoint: 66300 ns, Cleanup: 18100 ns, At safepoint: 10169800 ns, Total: 10254200 ns
[2025-05-20T20:27:22.861+0300][23224][16312][info ][gc       ] GC(2) Concurrent Mark Cycle
[2025-05-20T20:27:22.867+0300][23224][11212][debug][safepoint] Safepoint synchronization initiated using striped semaphore wait barrier. (34 threads)
[2025-05-20T20:27:22.867+0300][23224][11212][debug][gc,phases] GC(2) Finalize Marking 0.238ms
[2025-05-20T20:27:22.867+0300][23224][11212][debug][gc,phases] GC(2) Reference Processing 0.042ms
[2025-05-20T20:27:22.867+0300][23224][11212][debug][gc,phases] GC(2)   VM Weak                        Min:  0.0, Avg:  0.0, Max:  0.0, Diff:  0.0, Sum:  0.0, Workers: 8
[2025-05-20T20:27:22.867+0300][23224][11212][debug][gc,phases] GC(2)     Dead                           Min: 0, Avg:  0.0, Max: 0, Diff: 0, Sum: 0, Workers: 8
[2025-05-20T20:27:22.867+0300][23224][11212][debug][gc,phases] GC(2)     Total                          Min: 0, Avg: 31.8, Max: 126, Diff: 126, Sum: 254, Workers: 8
[2025-05-20T20:27:22.867+0300][23224][11212][debug][gc,phases] GC(2)   ObjectSynchronizer Weak        Min:  0.0, Avg:  0.0, Max:  0.0, Diff:  0.0, Sum:  0.0, Workers: 8
[2025-05-20T20:27:22.867+0300][23224][11212][debug][gc,phases] GC(2)     Dead                           Min: 0, Avg:  0.0, Max: 0, Diff: 0, Sum: 0, Workers: 8
[2025-05-20T20:27:22.867+0300][23224][11212][debug][gc,phases] GC(2)     Total                          Min: 0, Avg:  2.6, Max: 21, Diff: 21, Sum: 21, Workers: 8
[2025-05-20T20:27:22.867+0300][23224][11212][debug][gc,phases] GC(2)   JVMTI Tag Weak OopStorage      Min:  0.0, Avg:  0.0, Max:  0.0, Diff:  0.0, Sum:  0.0, Workers: 8
[2025-05-20T20:27:22.867+0300][23224][11212][debug][gc,phases] GC(2)     Dead                           Min: 0, Avg:  0.0, Max: 0, Diff: 0, Sum: 0, Workers: 8
[2025-05-20T20:27:22.867+0300][23224][11212][debug][gc,phases] GC(2)     Total                          Min: 0, Avg:  0.0, Max: 0, Diff: 0, Sum: 0, Workers: 8
[2025-05-20T20:27:22.867+0300][23224][11212][debug][gc,phases] GC(2)   StringTable Weak               Min:  0.0, Avg:  0.0, Max:  0.1, Diff:  0.1, Sum:  0.3, Workers: 8
[2025-05-20T20:27:22.867+0300][23224][11212][debug][gc,phases] GC(2)     Dead                           Min: 0, Avg:  0.0, Max: 0, Diff: 0, Sum: 0, Workers: 8
[2025-05-20T20:27:22.867+0300][23224][11212][debug][gc,phases] GC(2)     Total                          Min: 1024, Avg: 2952.1, Max: 5056, Diff: 4032, Sum: 23617, Workers: 8
[2025-05-20T20:27:22.867+0300][23224][11212][debug][gc,phases] GC(2)   ResolvedMethodTable Weak       Min:  0.0, Avg:  0.0, Max:  0.0, Diff:  0.0, Sum:  0.0, Workers: 8
[2025-05-20T20:27:22.867+0300][23224][11212][debug][gc,phases] GC(2)     Dead                           Min: 0, Avg:  0.0, Max: 0, Diff: 0, Sum: 0, Workers: 8
[2025-05-20T20:27:22.867+0300][23224][11212][debug][gc,phases] GC(2)     Total                          Min: 0, Avg: 163.6, Max: 256, Diff: 256, Sum: 1309, Workers: 8
[2025-05-20T20:27:22.867+0300][23224][11212][debug][gc,phases] GC(2)   JNI Weak                       Min:  0.0, Avg:  0.0, Max:  0.0, Diff:  0.0, Sum:  0.0, Workers: 8
[2025-05-20T20:27:22.867+0300][23224][11212][debug][gc,phases] GC(2)     Dead                           Min: 0, Avg:  0.0, Max: 0, Diff: 0, Sum: 0, Workers: 8
[2025-05-20T20:27:22.867+0300][23224][11212][debug][gc,phases] GC(2)     Total                          Min: 0, Avg:  0.1, Max: 1, Diff: 1, Sum: 1, Workers: 8
[2025-05-20T20:27:22.867+0300][23224][11212][debug][gc,phases] GC(2)   StringDedup Table Weak         Min:  0.0, Avg:  0.0, Max:  0.0, Diff:  0.0, Sum:  0.0, Workers: 8
[2025-05-20T20:27:22.867+0300][23224][11212][debug][gc,phases] GC(2)     Dead                           Min: 0, Avg:  0.0, Max: 0, Diff: 0, Sum: 0, Workers: 8
[2025-05-20T20:27:22.867+0300][23224][11212][debug][gc,phases] GC(2)     Total                          Min: 0, Avg:  0.0, Max: 0, Diff: 0, Sum: 0, Workers: 8
[2025-05-20T20:27:22.867+0300][23224][11212][debug][gc,phases] GC(2)   StringDedup Requests0 Weak     Min:  0.0, Avg:  0.0, Max:  0.0, Diff:  0.0, Sum:  0.0, Workers: 8
[2025-05-20T20:27:22.867+0300][23224][11212][debug][gc,phases] GC(2)     Dead                           Min: 0, Avg:  0.0, Max: 0, Diff: 0, Sum: 0, Workers: 8
[2025-05-20T20:27:22.867+0300][23224][11212][debug][gc,phases] GC(2)     Total                          Min: 0, Avg:  0.0, Max: 0, Diff: 0, Sum: 0, Workers: 8
[2025-05-20T20:27:22.867+0300][23224][11212][debug][gc,phases] GC(2)   StringDedup Requests1 Weak     Min:  0.0, Avg:  0.0, Max:  0.0, Diff:  0.0, Sum:  0.0, Workers: 8
[2025-05-20T20:27:22.867+0300][23224][11212][debug][gc,phases] GC(2)     Dead                           Min: 0, Avg:  0.0, Max: 0, Diff: 0, Sum: 0, Workers: 8
[2025-05-20T20:27:22.867+0300][23224][11212][debug][gc,phases] GC(2)     Total                          Min: 0, Avg:  0.0, Max: 0, Diff: 0, Sum: 0, Workers: 8
[2025-05-20T20:27:22.867+0300][23224][11212][debug][gc,phases] GC(2)   Weak JFR Old Object Samples    Min:  0.0, Avg:  0.0, Max:  0.0, Diff:  0.0, Sum:  0.0, Workers: 8
[2025-05-20T20:27:22.867+0300][23224][11212][debug][gc,phases] GC(2)     Dead                           Min: 0, Avg:  0.0, Max: 0, Diff: 0, Sum: 0, Workers: 8
[2025-05-20T20:27:22.867+0300][23224][11212][debug][gc,phases] GC(2)     Total                          Min: 0, Avg:  0.0, Max: 0, Diff: 0, Sum: 0, Workers: 8
[2025-05-20T20:27:22.867+0300][23224][11212][debug][gc,phases] GC(2) Weak Processing 0.524ms
[2025-05-20T20:27:22.867+0300][23224][11212][debug][gc,phases] GC(2) ClassLoaderData 0.016ms
[2025-05-20T20:27:22.867+0300][23224][11212][debug][gc,phases] GC(2) Trigger cleanups 0.002ms
[2025-05-20T20:27:22.876+0300][23224][11212][debug][gc,phases] GC(2) G1 Complete Cleaning 2.561ms
[2025-05-20T20:27:22.876+0300][23224][11212][debug][gc,phases] GC(2) Purge Unlinked NMethods 0.378ms
[2025-05-20T20:27:22.876+0300][23224][11212][debug][gc,phases] GC(2) Unregister NMethods 0.189ms
[2025-05-20T20:27:22.876+0300][23224][11212][debug][gc,phases] GC(2) Free Code Blobs 0.113ms
[2025-05-20T20:27:22.876+0300][23224][11212][debug][gc,phases] GC(2) Purge Class Loader Data 0.102ms
[2025-05-20T20:27:22.876+0300][23224][11212][debug][gc,phases] GC(2) Class Unloading 3.517ms
[2025-05-20T20:27:22.876+0300][23224][11212][debug][gc,phases] GC(2) Flush Task Caches 0.023ms
[2025-05-20T20:27:22.876+0300][23224][11212][debug][gc,phases] GC(2) Update Remembered Set Tracking Before Rebuild 0.101ms
[2025-05-20T20:27:22.876+0300][23224][11212][debug][gc,phases] GC(2) Reclaim Empty Regions 0.098ms
[2025-05-20T20:27:22.876+0300][23224][11212][debug][gc,phases] GC(2) Report Object Count 0.001ms
[2025-05-20T20:27:22.876+0300][23224][11212][info ][gc       ] GC(2) Pause Remark 25M->25M(12288M) 4.694ms
[2025-05-20T20:27:22.876+0300][23224][11212][info ][safepoint] Safepoint "G1PauseRemark", Time since last: 9346400 ns, Reaching safepoint: 77900 ns, Cleanup: 12100 ns, At safepoint: 4714700 ns, Total: 4804700 ns
[2025-05-20T20:27:22.883+0300][23224][11212][debug][safepoint] Safepoint synchronization initiated using striped semaphore wait barrier. (34 threads)
[2025-05-20T20:27:22.883+0300][23224][11212][debug][gc,phases] GC(2) Update Remembered Set Tracking After Rebuild 0.024ms
[2025-05-20T20:27:22.883+0300][23224][11212][debug][gc,phases] GC(2) Finalize Concurrent Mark Cleanup 0.132ms
[2025-05-20T20:27:22.883+0300][23224][11212][info ][gc       ] GC(2) Pause Cleanup 25M->25M(12288M) 0.206ms
[2025-05-20T20:27:22.883+0300][23224][11212][info ][safepoint] Safepoint "G1PauseCleanup", Time since last: 4556400 ns, Reaching safepoint: 49200 ns, Cleanup: 14300 ns, At safepoint: 224300 ns, Total: 287800 ns
[2025-05-20T20:27:22.892+0300][23224][16312][info ][gc       ] GC(2) Concurrent Mark Cycle 35.763ms
[2025-05-20T20:27:23.233+0300][23224][11212][debug][safepoint] Safepoint synchronization initiated using striped semaphore wait barrier. (34 threads)
[2025-05-20T20:27:23.233+0300][23224][11212][info ][safepoint] Safepoint "ICBufferFull", Time since last: 350205700 ns, Reaching safepoint: 49800 ns, Cleanup: 96800 ns, At safepoint: 9800 ns, Total: 156400 ns
[2025-05-20T20:27:23.521+0300][23224][11212][debug][safepoint] Safepoint synchronization initiated using striped semaphore wait barrier. (34 threads)
[2025-05-20T20:27:23.521+0300][23224][11212][info ][safepoint] Safepoint "ICBufferFull", Time since last: 287190600 ns, Reaching safepoint: 75400 ns, Cleanup: 147200 ns, At safepoint: 8400 ns, Total: 231000 ns
[2025-05-20T20:27:23.921+0300][23224][11212][debug][safepoint] Safepoint synchronization initiated using striped semaphore wait barrier. (34 threads)
[2025-05-20T20:27:23.921+0300][23224][11212][info ][safepoint] Safepoint "ICBufferFull", Time since last: 399865500 ns, Reaching safepoint: 65200 ns, Cleanup: 115400 ns, At safepoint: 7600 ns, Total: 188200 ns
[2025-05-20T20:27:24.324+0300][23224][11212][debug][safepoint] Safepoint synchronization initiated using striped semaphore wait barrier. (34 threads)
[2025-05-20T20:27:24.324+0300][23224][11212][info ][safepoint] Safepoint "ICBufferFull", Time since last: 403044700 ns, Reaching safepoint: 60400 ns, Cleanup: 118300 ns, At safepoint: 6000 ns, Total: 184700 ns
[2025-05-20T20:27:24.827+0300][23224][11212][debug][safepoint] Safepoint synchronization initiated using striped semaphore wait barrier. (34 threads)
[2025-05-20T20:27:24.827+0300][23224][11212][info ][safepoint] Safepoint "ICBufferFull", Time since last: 501747400 ns, Reaching safepoint: 59000 ns, Cleanup: 111600 ns, At safepoint: 4300 ns, Total: 174900 ns
[2025-05-20T20:27:25.209+0300][23224][11212][debug][safepoint] Safepoint synchronization initiated using striped semaphore wait barrier. (34 threads)
[2025-05-20T20:27:25.209+0300][23224][11212][info ][safepoint] Safepoint "ICBufferFull", Time since last: 382791400 ns, Reaching safepoint: 88500 ns, Cleanup: 195100 ns, At safepoint: 12700 ns, Total: 296300 ns
[2025-05-20T20:27:25.868+0300][23224][11212][debug][safepoint] Safepoint synchronization initiated using striped semaphore wait barrier. (34 threads)
[2025-05-20T20:27:25.868+0300][23224][11212][info ][safepoint] Safepoint "ICBufferFull", Time since last: 657688300 ns, Reaching safepoint: 78500 ns, Cleanup: 156500 ns, At safepoint: 10300 ns, Total: 245300 ns
[2025-05-20T20:27:26.681+0300][23224][11212][debug][safepoint] Safepoint synchronization initiated using striped semaphore wait barrier. (34 threads)
[2025-05-20T20:27:26.681+0300][23224][11212][info ][safepoint] Safepoint "ICBufferFull", Time since last: 813602800 ns, Reaching safepoint: 96800 ns, Cleanup: 165700 ns, At safepoint: 21300 ns, Total: 283800 ns
[2025-05-20T20:27:27.283+0300][23224][11212][debug][safepoint] Safepoint synchronization initiated using striped semaphore wait barrier. (33 threads)
[2025-05-20T20:27:27.283+0300][23224][11212][info ][safepoint] Safepoint "ICBufferFull", Time since last: 601615000 ns, Reaching safepoint: 89300 ns, Cleanup: 114200 ns, At safepoint: 5400 ns, Total: 208900 ns
[2025-05-20T20:27:27.283+0300][23224][11212][debug][safepoint] Safepoint synchronization initiated using striped semaphore wait barrier. (33 threads)
[2025-05-20T20:27:27.283+0300][23224][11212][info ][safepoint] Safepoint "ICBufferFull", Time since last: 64600 ns, Reaching safepoint: 150800 ns, Cleanup: 2400 ns, At safepoint: 8800 ns, Total: 162000 ns
[2025-05-20T20:27:27.283+0300][23224][11212][debug][safepoint] Safepoint synchronization initiated using striped semaphore wait barrier. (33 threads)
[2025-05-20T20:27:27.284+0300][23224][11212][info ][safepoint] Safepoint "ICBufferFull", Time since last: 48300 ns, Reaching safepoint: 57900 ns, Cleanup: 6300 ns, At safepoint: 10300 ns, Total: 74500 ns
[2025-05-20T20:27:27.284+0300][23224][11212][debug][safepoint] Safepoint synchronization initiated using striped semaphore wait barrier. (33 threads)
[2025-05-20T20:27:27.284+0300][23224][1348 ][debug][safepoint] ... found polling page loop exception at pc = 0x000001f768b0fee8, stub =0x000001f7683c6600
[2025-05-20T20:27:27.284+0300][23224][11212][info ][safepoint] Safepoint "ICBufferFull", Time since last: 45400 ns, Reaching safepoint: 69300 ns, Cleanup: 1200 ns, At safepoint: 7200 ns, Total: 77700 ns
[2025-05-20T20:27:27.284+0300][23224][11212][debug][safepoint] Safepoint synchronization initiated using striped semaphore wait barrier. (33 threads)
[2025-05-20T20:27:27.284+0300][23224][11212][info ][safepoint] Safepoint "ICBufferFull", Time since last: 26800 ns, Reaching safepoint: 36100 ns, Cleanup: 600 ns, At safepoint: 4800 ns, Total: 41500 ns
[2025-05-20T20:27:27.284+0300][23224][11212][debug][safepoint] Safepoint synchronization initiated using striped semaphore wait barrier. (33 threads)
[2025-05-20T20:27:27.284+0300][23224][11212][info ][safepoint] Safepoint "ICBufferFull", Time since last: 18800 ns, Reaching safepoint: 24100 ns, Cleanup: 500 ns, At safepoint: 600 ns, Total: 25200 ns
[2025-05-20T20:27:27.284+0300][23224][11212][debug][safepoint] Safepoint synchronization initiated using striped semaphore wait barrier. (33 threads)
[2025-05-20T20:27:27.284+0300][23224][11212][info ][safepoint] Safepoint "ICBufferFull", Time since last: 37800 ns, Reaching safepoint: 33400 ns, Cleanup: 900 ns, At safepoint: 2700 ns, Total: 37000 ns
[2025-05-20T20:27:27.806+0300][23224][11212][debug][safepoint] Safepoint synchronization initiated using striped semaphore wait barrier. (34 threads)
[2025-05-20T20:27:27.806+0300][23224][11212][info ][safepoint] Safepoint "ICBufferFull", Time since last: 521633000 ns, Reaching safepoint: 63700 ns, Cleanup: 135800 ns, At safepoint: 2100 ns, Total: 201600 ns
[2025-05-20T20:27:28.318+0300][23224][11212][debug][safepoint] Safepoint synchronization initiated using striped semaphore wait barrier. (34 threads)
[2025-05-20T20:27:28.318+0300][23224][11212][info ][safepoint] Safepoint "ICBufferFull", Time since last: 513570100 ns, Reaching safepoint: 105900 ns, Cleanup: 82900 ns, At safepoint: 14800 ns, Total: 203600 ns
[2025-05-20T20:27:29.335+0300][23224][11212][debug][safepoint] Safepoint synchronization initiated using striped semaphore wait barrier. (33 threads)
[2025-05-20T20:27:29.335+0300][23224][12460][debug][safepoint] ... found polling page loop exception at pc = 0x000001f768ec1b9f, stub =0x000001f7683c6600
[2025-05-20T20:27:29.335+0300][23224][11212][info ][safepoint] Safepoint "Cleanup", Time since last: 1015329500 ns, Reaching safepoint: 226700 ns, Cleanup: 77000 ns, At safepoint: 15700 ns, Total: 319400 ns
[2025-05-20T20:27:30.351+0300][23224][11212][debug][safepoint] Safepoint synchronization initiated using striped semaphore wait barrier. (32 threads)
[2025-05-20T20:27:30.351+0300][23224][11212][info ][safepoint] Safepoint "Cleanup", Time since last: 1015456000 ns, Reaching safepoint: 127400 ns, Cleanup: 61600 ns, At safepoint: 16700 ns, Total: 205700 ns
[2025-05-20T20:27:31.355+0300][23224][11212][debug][safepoint] Safepoint synchronization initiated using striped semaphore wait barrier. (32 threads)
[2025-05-20T20:27:31.355+0300][23224][11212][info ][safepoint] Safepoint "Cleanup", Time since last: 1004346700 ns, Reaching safepoint: 70800 ns, Cleanup: 55600 ns, At safepoint: 4500 ns, Total: 130900 ns
[2025-05-20T20:27:32.356+0300][23224][11212][debug][safepoint] Safepoint synchronization initiated using striped semaphore wait barrier. (32 threads)
[2025-05-20T20:27:32.356+0300][23224][11212][info ][safepoint] Safepoint "Cleanup", Time since last: 1001057100 ns, Reaching safepoint: 155300 ns, Cleanup: 220200 ns, At safepoint: 54400 ns, Total: 429900 ns
[2025-05-20T20:27:33.365+0300][23224][11212][debug][safepoint] Safepoint synchronization initiated using striped semaphore wait barrier. (32 threads)
[2025-05-20T20:27:33.365+0300][23224][5652 ][debug][safepoint] ... found polling page loop exception at pc = 0x000001f768ec1b9f, stub =0x000001f7683c6600
[2025-05-20T20:27:33.365+0300][23224][11212][info ][safepoint] Safepoint "Cleanup", Time since last: 1007588000 ns, Reaching safepoint: 141000 ns, Cleanup: 45300 ns, At safepoint: 14200 ns, Total: 200500 ns
[2025-05-20T20:27:34.378+0300][23224][11212][debug][safepoint] Safepoint synchronization initiated using striped semaphore wait barrier. (32 threads)
[2025-05-20T20:27:34.378+0300][23224][15376][debug][safepoint] ... found polling page loop exception at pc = 0x000001f768d0434f, stub =0x000001f7683c6600
[2025-05-20T20:27:34.378+0300][23224][11212][info ][safepoint] Safepoint "Cleanup", Time since last: 1013478100 ns, Reaching safepoint: 221500 ns, Cleanup: 33000 ns, At safepoint: 9000 ns, Total: 263500 ns
[2025-05-20T20:27:35.382+0300][23224][11212][debug][safepoint] Safepoint synchronization initiated using striped semaphore wait barrier. (32 threads)
[2025-05-20T20:27:35.382+0300][23224][11212][info ][safepoint] Safepoint "Cleanup", Time since last: 1003447900 ns, Reaching safepoint: 132400 ns, Cleanup: 56600 ns, At safepoint: 37400 ns, Total: 226400 ns
[2025-05-20T20:27:36.383+0300][23224][11212][debug][safepoint] Safepoint synchronization initiated using striped semaphore wait barrier. (32 threads)
[2025-05-20T20:27:36.383+0300][23224][11212][info ][safepoint] Safepoint "Cleanup", Time since last: 1001293300 ns, Reaching safepoint: 73800 ns, Cleanup: 31000 ns, At safepoint: 16200 ns, Total: 121000 ns
[2025-05-20T20:27:37.386+0300][23224][11212][debug][safepoint] Safepoint synchronization initiated using striped semaphore wait barrier. (32 threads)
[2025-05-20T20:27:37.386+0300][23224][11212][info ][safepoint] Safepoint "Cleanup", Time since last: 1002516700 ns, Reaching safepoint: 81700 ns, Cleanup: 36500 ns, At safepoint: 7000 ns, Total: 125200 ns
[2025-05-20T20:27:38.394+0300][23224][11212][debug][safepoint] Safepoint synchronization initiated using striped semaphore wait barrier. (32 threads)
[2025-05-20T20:27:38.394+0300][23224][11212][info ][safepoint] Safepoint "Cleanup", Time since last: 1007905000 ns, Reaching safepoint: 105900 ns, Cleanup: 31100 ns, At safepoint: 6100 ns, Total: 143100 ns
[2025-05-20T20:27:38.729+0300][23224][11212][debug][safepoint] Safepoint synchronization initiated using striped semaphore wait barrier. (32 threads)
[2025-05-20T20:27:38.729+0300][23224][11212][debug][gc,heap  ] GC(3) Heap before GC invocations=3 (full 1):
[2025-05-20T20:27:38.729+0300][23224][11212][debug][gc,heap  ] GC(3)  garbage-first heap   total 12582912K, used 628467K [0x0000000500000000, 0x0000000800000000)
[2025-05-20T20:27:38.729+0300][23224][11212][debug][gc,heap  ] GC(3)   region size 8192K, 76 young (622592K), 1 survivors (8192K)
[2025-05-20T20:27:38.729+0300][23224][11212][debug][gc,heap  ] GC(3)  Metaspace       used 33746K, committed 34688K, reserved 1114112K
[2025-05-20T20:27:38.729+0300][23224][11212][debug][gc,heap  ] GC(3)   class space    used 2934K, committed 3328K, reserved 1048576K
[2025-05-20T20:27:38.733+0300][23224][11212][info ][gc,phases] GC(3)   Pre Evacuate Collection Set: 0.2ms
[2025-05-20T20:27:38.733+0300][23224][11212][debug][gc,phases] GC(3)     Pre Evacuate Prepare: 0.1ms
[2025-05-20T20:27:38.733+0300][23224][11212][debug][gc,phases] GC(3)       JT Retire TLABs And Flush Logs (ms): Min:  0.0, Avg:  0.0, Max:  0.0, Diff:  0.0, Sum:  0.0, Workers: 2
[2025-05-20T20:27:38.733+0300][23224][11212][debug][gc,phases] GC(3)       Non-JT Flush Logs (ms):        Min:  0.0, Avg:  0.0, Max:  0.0, Diff:  0.0, Sum:  0.0, Workers: 1
[2025-05-20T20:27:38.733+0300][23224][11212][debug][gc,phases] GC(3)     Choose Collection Set: 0.0ms
[2025-05-20T20:27:38.733+0300][23224][11212][debug][gc,phases] GC(3)     Region Register: 0.1ms
[2025-05-20T20:27:38.733+0300][23224][11212][debug][gc,phases] GC(3)     Prepare Heap Roots: 0.0ms
[2025-05-20T20:27:38.733+0300][23224][11212][info ][gc,phases] GC(3)   Merge Heap Roots: 0.1ms
[2025-05-20T20:27:38.733+0300][23224][11212][debug][gc,phases] GC(3)     Prepare Merge Heap Roots: 0.0ms
[2025-05-20T20:27:38.733+0300][23224][11212][debug][gc,phases] GC(3)     Remembered Sets (ms):          Min:  0.0, Avg:  0.0, Max:  0.0, Diff:  0.0, Sum:  0.1, Workers: 8
[2025-05-20T20:27:38.733+0300][23224][11212][debug][gc,phases] GC(3)       Eager Reclaim (ms):            skipped
[2025-05-20T20:27:38.733+0300][23224][11212][debug][gc,phases] GC(3)       Merged Inline                  Min: 0, Avg:  0.6, Max: 3, Diff: 3, Sum: 5, Workers: 8
[2025-05-20T20:27:38.733+0300][23224][11212][debug][gc,phases] GC(3)       Merged ArrayOfCards            Min: 0, Avg:  0.5, Max: 3, Diff: 3, Sum: 4, Workers: 8
[2025-05-20T20:27:38.733+0300][23224][11212][debug][gc,phases] GC(3)       Merged Howl                    Min: 0, Avg:  0.6, Max: 5, Diff: 5, Sum: 5, Workers: 8
[2025-05-20T20:27:38.733+0300][23224][11212][debug][gc,phases] GC(3)       Merged Full                    Min: 0, Avg:  0.0, Max: 0, Diff: 0, Sum: 0, Workers: 8
[2025-05-20T20:27:38.735+0300][23224][11212][debug][gc,phases] GC(3)       Merged Howl Inline             Min: 0, Avg:  3.5, Max: 28, Diff: 28, Sum: 28, Workers: 8
[2025-05-20T20:27:38.735+0300][23224][11212][debug][gc,phases] GC(3)       Merged Howl ArrayOfCards       Min: 0, Avg:  1.2, Max: 10, Diff: 10, Sum: 10, Workers: 8
[2025-05-20T20:27:38.735+0300][23224][11212][debug][gc,phases] GC(3)       Merged Howl BitMap             Min: 0, Avg:  0.2, Max: 2, Diff: 2, Sum: 2, Workers: 8
[2025-05-20T20:27:38.735+0300][23224][11212][debug][gc,phases] GC(3)       Merged Howl Full               Min: 0, Avg:  0.0, Max: 0, Diff: 0, Sum: 0, Workers: 8
[2025-05-20T20:27:38.735+0300][23224][11212][debug][gc,phases] GC(3)       Merged Cards                   Min: 8, Avg: 79.4, Max: 564, Diff: 556, Sum: 635, Workers: 8
[2025-05-20T20:27:38.735+0300][23224][11212][debug][gc,phases] GC(3)     Log Buffers (ms):              Min:  0.0, Avg:  0.0, Max:  0.0, Diff:  0.0, Sum:  0.0, Workers: 8
[2025-05-20T20:27:38.735+0300][23224][11212][debug][gc,phases] GC(3)       Dirty Cards:                   Min: 0, Avg: 189.6, Max: 353, Diff: 353, Sum: 1517, Workers: 8
[2025-05-20T20:27:38.735+0300][23224][11212][debug][gc,phases] GC(3)       Skipped Cards:                 Min: 0, Avg:  0.0, Max: 0, Diff: 0, Sum: 0, Workers: 8
[2025-05-20T20:27:38.735+0300][23224][11212][info ][gc,phases] GC(3)   Evacuate Collection Set: 3.1ms
[2025-05-20T20:27:38.735+0300][23224][11212][debug][gc,phases] GC(3)     Ext Root Scanning (ms):        Min:  0.1, Avg:  0.3, Max:  0.9, Diff:  0.8, Sum:  2.2, Workers: 8
[2025-05-20T20:27:38.735+0300][23224][11212][debug][gc,phases] GC(3)     Scan Heap Roots (ms):          Min:  0.0, Avg:  0.2, Max:  0.3, Diff:  0.3, Sum:  1.2, Workers: 8
[2025-05-20T20:27:38.735+0300][23224][11212][debug][gc,phases] GC(3)       Scanned Cards:                 Min: 0, Avg: 188.4, Max: 363, Diff: 363, Sum: 1507, Workers: 8
[2025-05-20T20:27:38.735+0300][23224][11212][debug][gc,phases] GC(3)       Scanned Blocks:                Min: 0, Avg: 117.4, Max: 226, Diff: 226, Sum: 939, Workers: 8
[2025-05-20T20:27:38.735+0300][23224][11212][debug][gc,phases] GC(3)       Claimed Chunks:                Min: 0, Avg: 15.1, Max: 32, Diff: 32, Sum: 121, Workers: 8
[2025-05-20T20:27:38.735+0300][23224][11212][debug][gc,phases] GC(3)       Found Roots:                   Min: 0, Avg: 656.6, Max: 1965, Diff: 1965, Sum: 5253, Workers: 8
[2025-05-20T20:27:38.735+0300][23224][11212][debug][gc,phases] GC(3)     Code Root Scan (ms):           Min:  0.0, Avg:  0.9, Max:  1.6, Diff:  1.6, Sum:  7.0, Workers: 8
[2025-05-20T20:27:38.735+0300][23224][11212][debug][gc,phases] GC(3)       Scanned Nmethods               Min: 0, Avg: 175.9, Max: 299, Diff: 299, Sum: 1407, Workers: 8
[2025-05-20T20:27:38.735+0300][23224][11212][debug][gc,phases] GC(3)     Object Copy (ms):              Min:  1.0, Avg:  1.6, Max:  2.6, Diff:  1.6, Sum: 13.1, Workers: 8
[2025-05-20T20:27:38.735+0300][23224][11212][debug][gc,phases] GC(3)     Termination (ms):              Min:  0.1, Avg:  0.1, Max:  0.1, Diff:  0.0, Sum:  0.7, Workers: 8
[2025-05-20T20:27:38.735+0300][23224][11212][debug][gc,phases] GC(3)       Termination Attempts:          Min: 1, Avg:  1.0, Max: 1, Diff: 0, Sum: 8, Workers: 8
[2025-05-20T20:27:38.735+0300][23224][11212][debug][gc,phases] GC(3)     GC Worker Other (ms):          Min:  0.0, Avg:  0.0, Max:  0.0, Diff:  0.0, Sum:  0.1, Workers: 8
[2025-05-20T20:27:38.735+0300][23224][11212][debug][gc,phases] GC(3)     GC Worker Total (ms):          Min:  3.0, Avg:  3.0, Max:  3.1, Diff:  0.1, Sum: 24.3, Workers: 8
[2025-05-20T20:27:38.735+0300][23224][11212][info ][gc,phases] GC(3)   Post Evacuate Collection Set: 1.1ms
[2025-05-20T20:27:38.735+0300][23224][11212][debug][gc,phases] GC(3)     NMethod List Cleanup: 0.1ms
[2025-05-20T20:27:38.735+0300][23224][11212][debug][gc,phases] GC(3)     Reference Processing: 0.2ms
[2025-05-20T20:27:38.735+0300][23224][11212][debug][gc,phases] GC(3)     Weak Processing: 0.1ms
[2025-05-20T20:27:38.735+0300][23224][11212][debug][gc,phases] GC(3)       VM Weak                        Min:  0.0, Avg:  0.0, Max:  0.0, Diff:  0.0, Sum:  0.1, Workers: 8
[2025-05-20T20:27:38.735+0300][23224][11212][debug][gc,phases] GC(3)         Dead                           Min: 0, Avg:  0.0, Max: 0, Diff: 0, Sum: 0, Workers: 8
[2025-05-20T20:27:38.735+0300][23224][11212][debug][gc,phases] GC(3)         Total                          Min: 0, Avg: 68.4, Max: 320, Diff: 320, Sum: 547, Workers: 8
[2025-05-20T20:27:38.735+0300][23224][11212][debug][gc,phases] GC(3)       ObjectSynchronizer Weak        Min:  0.0, Avg:  0.0, Max:  0.0, Diff:  0.0, Sum:  0.0, Workers: 8
[2025-05-20T20:27:38.735+0300][23224][11212][debug][gc,phases] GC(3)         Dead                           Min: 0, Avg: 13.2, Max: 38, Diff: 38, Sum: 106, Workers: 8
[2025-05-20T20:27:38.735+0300][23224][11212][debug][gc,phases] GC(3)         Total                          Min: 0, Avg: 45.5, Max: 128, Diff: 128, Sum: 364, Workers: 8
[2025-05-20T20:27:38.735+0300][23224][11212][debug][gc,phases] GC(3)       JVMTI Tag Weak OopStorage      Min:  0.0, Avg:  0.0, Max:  0.0, Diff:  0.0, Sum:  0.0, Workers: 8
[2025-05-20T20:27:38.735+0300][23224][11212][debug][gc,phases] GC(3)         Dead                           Min: 0, Avg:  0.0, Max: 0, Diff: 0, Sum: 0, Workers: 8
[2025-05-20T20:27:38.735+0300][23224][11212][debug][gc,phases] GC(3)         Total                          Min: 0, Avg:  0.0, Max: 0, Diff: 0, Sum: 0, Workers: 8
[2025-05-20T20:27:38.735+0300][23224][11212][debug][gc,phases] GC(3)       StringTable Weak               Min:  0.0, Avg:  0.1, Max:  0.1, Diff:  0.1, Sum:  0.5, Workers: 8
[2025-05-20T20:27:38.735+0300][23224][11212][debug][gc,phases] GC(3)         Dead                           Min: 0, Avg:  3.2, Max: 10, Diff: 10, Sum: 26, Workers: 8
[2025-05-20T20:27:38.735+0300][23224][11212][debug][gc,phases] GC(3)         Total                          Min: 0, Avg: 3370.4, Max: 4224, Diff: 4224, Sum: 26963, Workers: 8
[2025-05-20T20:27:38.735+0300][23224][11212][debug][gc,phases] GC(3)       ResolvedMethodTable Weak       Min:  0.0, Avg:  0.0, Max:  0.0, Diff:  0.0, Sum:  0.1, Workers: 8
[2025-05-20T20:27:38.735+0300][23224][11212][debug][gc,phases] GC(3)         Dead                           Min: 0, Avg: 19.2, Max: 45, Diff: 45, Sum: 154, Workers: 8
[2025-05-20T20:27:38.735+0300][23224][11212][debug][gc,phases] GC(3)         Total                          Min: 0, Avg: 212.1, Max: 384, Diff: 384, Sum: 1697, Workers: 8
[2025-05-20T20:27:38.735+0300][23224][11212][debug][gc,phases] GC(3)       JNI Weak                       Min:  0.0, Avg:  0.0, Max:  0.0, Diff:  0.0, Sum:  0.0, Workers: 8
[2025-05-20T20:27:38.735+0300][23224][11212][debug][gc,phases] GC(3)         Dead                           Min: 0, Avg:  0.0, Max: 0, Diff: 0, Sum: 0, Workers: 8
[2025-05-20T20:27:38.735+0300][23224][11212][debug][gc,phases] GC(3)         Total                          Min: 0, Avg:  0.1, Max: 1, Diff: 1, Sum: 1, Workers: 8
[2025-05-20T20:27:38.735+0300][23224][11212][debug][gc,phases] GC(3)       StringDedup Table Weak         Min:  0.0, Avg:  0.0, Max:  0.0, Diff:  0.0, Sum:  0.0, Workers: 8
[2025-05-20T20:27:38.735+0300][23224][11212][debug][gc,phases] GC(3)         Dead                           Min: 0, Avg:  0.0, Max: 0, Diff: 0, Sum: 0, Workers: 8
[2025-05-20T20:27:38.735+0300][23224][11212][debug][gc,phases] GC(3)         Total                          Min: 0, Avg:  0.0, Max: 0, Diff: 0, Sum: 0, Workers: 8
[2025-05-20T20:27:38.735+0300][23224][11212][debug][gc,phases] GC(3)       StringDedup Requests0 Weak     Min:  0.0, Avg:  0.0, Max:  0.0, Diff:  0.0, Sum:  0.0, Workers: 8
[2025-05-20T20:27:38.735+0300][23224][11212][debug][gc,phases] GC(3)         Dead                           Min: 0, Avg:  0.0, Max: 0, Diff: 0, Sum: 0, Workers: 8
[2025-05-20T20:27:38.735+0300][23224][11212][debug][gc,phases] GC(3)         Total                          Min: 0, Avg:  0.0, Max: 0, Diff: 0, Sum: 0, Workers: 8
[2025-05-20T20:27:38.735+0300][23224][11212][debug][gc,phases] GC(3)       StringDedup Requests1 Weak     Min:  0.0, Avg:  0.0, Max:  0.0, Diff:  0.0, Sum:  0.0, Workers: 8
[2025-05-20T20:27:38.735+0300][23224][11212][debug][gc,phases] GC(3)         Dead                           Min: 0, Avg:  0.0, Max: 0, Diff: 0, Sum: 0, Workers: 8
[2025-05-20T20:27:38.735+0300][23224][11212][debug][gc,phases] GC(3)         Total                          Min: 0, Avg:  0.0, Max: 0, Diff: 0, Sum: 0, Workers: 8
[2025-05-20T20:27:38.735+0300][23224][11212][debug][gc,phases] GC(3)       Weak JFR Old Object Samples    Min:  0.0, Avg:  0.0, Max:  0.0, Diff:  0.0, Sum:  0.0, Workers: 8
[2025-05-20T20:27:38.735+0300][23224][11212][debug][gc,phases] GC(3)         Dead                           Min: 0, Avg:  0.0, Max: 0, Diff: 0, Sum: 0, Workers: 8
[2025-05-20T20:27:38.735+0300][23224][11212][debug][gc,phases] GC(3)         Total                          Min: 0, Avg:  0.0, Max: 0, Diff: 0, Sum: 0, Workers: 8
[2025-05-20T20:27:38.735+0300][23224][11212][debug][gc,phases] GC(3)     Post Evacuate Cleanup 1: 0.3ms
[2025-05-20T20:27:38.735+0300][23224][11212][debug][gc,phases] GC(3)       Merge Per-Thread State (ms):   Min:  0.0, Avg:  0.0, Max:  0.0, Diff:  0.0, Sum:  0.0, Workers: 1
[2025-05-20T20:27:38.735+0300][23224][11212][debug][gc,phases] GC(3)         Copied Bytes                   Min: 424120, Avg: 799069.0, Max: 1650880, Diff: 1226760, Sum: 6392552, Workers: 8
[2025-05-20T20:27:38.735+0300][23224][11212][debug][gc,phases] GC(3)         LAB Waste                      Min: 136, Avg: 295.0, Max: 576, Diff: 440, Sum: 2360, Workers: 8
[2025-05-20T20:27:38.735+0300][23224][11212][debug][gc,phases] GC(3)         LAB Undo Waste                 Min: 0, Avg:  0.0, Max: 0, Diff: 0, Sum: 0, Workers: 8
[2025-05-20T20:27:38.735+0300][23224][11212][debug][gc,phases] GC(3)       Clear Logged Cards (ms):       Min:  0.0, Avg:  0.0, Max:  0.2, Diff:  0.2, Sum:  0.2, Workers: 5
[2025-05-20T20:27:38.735+0300][23224][11212][debug][gc,phases] GC(3)       Recalculate Used Memory (ms):  Min:  0.0, Avg:  0.0, Max:  0.0, Diff:  0.0, Sum:  0.0, Workers: 1
[2025-05-20T20:27:38.735+0300][23224][11212][debug][gc,phases] GC(3)     Post Evacuate Cleanup 2: 0.3ms
[2025-05-20T20:27:38.735+0300][23224][11212][debug][gc,phases] GC(3)       Update Derived Pointers (ms):  Min:  0.0, Avg:  0.0, Max:  0.0, Diff:  0.0, Sum:  0.0, Workers: 1
[2025-05-20T20:27:38.735+0300][23224][11212][debug][gc,phases] GC(3)       Eagerly Reclaim Humongous Objects (ms): skipped
[2025-05-20T20:27:38.735+0300][23224][11212][debug][gc,phases] GC(3)         Humongous Total                skipped
[2025-05-20T20:27:38.735+0300][23224][11212][debug][gc,phases] GC(3)         Humongous Candidates           skipped
[2025-05-20T20:27:38.735+0300][23224][11212][debug][gc,phases] GC(3)         Humongous Reclaimed            skipped
[2025-05-20T20:27:38.735+0300][23224][11212][debug][gc,phases] GC(3)       Sample CSet Candidates (ms):   Min:  0.0, Avg:  0.0, Max:  0.0, Diff:  0.0, Sum:  0.0, Workers: 1
[2025-05-20T20:27:38.735+0300][23224][11212][debug][gc,phases] GC(3)       Redirty Logged Cards (ms):     Min:  0.0, Avg:  0.0, Max:  0.0, Diff:  0.0, Sum:  0.0, Workers: 8
[2025-05-20T20:27:38.735+0300][23224][11212][debug][gc,phases] GC(3)         Redirtied Cards:               Min: 0, Avg: 126.4, Max: 387, Diff: 387, Sum: 1011, Workers: 8
[2025-05-20T20:27:38.735+0300][23224][11212][debug][gc,phases] GC(3)       Resize TLABs (ms):             Min:  0.0, Avg:  0.0, Max:  0.0, Diff:  0.0, Sum:  0.0, Workers: 8
[2025-05-20T20:27:38.735+0300][23224][11212][debug][gc,phases] GC(3)       Free Collection Set (ms):      Min:  0.0, Avg:  0.1, Max:  0.2, Diff:  0.2, Sum:  0.5, Workers: 8
[2025-05-20T20:27:38.735+0300][23224][11212][debug][gc,phases] GC(3)     Rebuild Free List: 0.1ms
[2025-05-20T20:27:38.735+0300][23224][11212][debug][gc,phases] GC(3)     Prepare For Mutator: 0.0ms
[2025-05-20T20:27:38.735+0300][23224][11212][debug][gc,phases] GC(3)     Expand Heap After Collection: 0.0ms
[2025-05-20T20:27:38.735+0300][23224][11212][info ][gc,phases] GC(3)   Other: 0.1ms
[2025-05-20T20:27:38.735+0300][23224][11212][info ][gc,heap  ] GC(3) Eden regions: 75->0(164)
[2025-05-20T20:27:38.735+0300][23224][11212][info ][gc,heap  ] GC(3) Survivor regions: 1->1(10)
[2025-05-20T20:27:38.735+0300][23224][11212][info ][gc,heap  ] GC(3) Old regions: 8->8
[2025-05-20T20:27:38.735+0300][23224][11212][info ][gc,heap  ] GC(3) Humongous regions: 0->0
[2025-05-20T20:27:38.735+0300][23224][11212][debug][gc,heap  ] GC(3) Heap after GC invocations=4 (full 1):
[2025-05-20T20:27:38.735+0300][23224][11212][debug][gc,heap  ] GC(3)  garbage-first heap   total 12582912K, used 16167K [0x0000000500000000, 0x0000000800000000)
[2025-05-20T20:27:38.735+0300][23224][11212][debug][gc,heap  ] GC(3)   region size 8192K, 1 young (8192K), 1 survivors (8192K)
[2025-05-20T20:27:38.735+0300][23224][11212][debug][gc,heap  ] GC(3)  Metaspace       used 33746K, committed 34688K, reserved 1114112K
[2025-05-20T20:27:38.735+0300][23224][11212][debug][gc,heap  ] GC(3)   class space    used 2934K, committed 3328K, reserved 1048576K
[2025-05-20T20:27:38.735+0300][23224][11212][info ][gc       ] GC(3) Pause Young (Prepare Mixed) (G1 Evacuation Pause) 613M->15M(12288M) 5.734ms
[2025-05-20T20:27:38.735+0300][23224][11212][info ][safepoint] Safepoint "G1CollectForAllocation", Time since last: 335250100 ns, Reaching safepoint: 164300 ns, Cleanup: 17600 ns, At safepoint: 5766100 ns, Total: 5948000 ns
[2025-05-20T20:27:39.746+0300][23224][11212][debug][safepoint] Safepoint synchronization initiated using striped semaphore wait barrier. (32 threads)
[2025-05-20T20:27:39.746+0300][23224][11212][info ][safepoint] Safepoint "Cleanup", Time since last: 1010317500 ns, Reaching safepoint: 64000 ns, Cleanup: 35700 ns, At safepoint: 4000 ns, Total: 103700 ns
[2025-05-20T20:27:40.759+0300][23224][11212][debug][safepoint] Safepoint synchronization initiated using striped semaphore wait barrier. (32 threads)
[2025-05-20T20:27:40.759+0300][23224][11212][info ][safepoint] Safepoint "Cleanup", Time since last: 1013235400 ns, Reaching safepoint: 83200 ns, Cleanup: 60500 ns, At safepoint: 6400 ns, Total: 150100 ns
[2025-05-20T20:27:41.769+0300][23224][11212][debug][safepoint] Safepoint synchronization initiated using striped semaphore wait barrier. (32 threads)
[2025-05-20T20:27:41.769+0300][23224][15376][debug][safepoint] ... found polling page loop exception at pc = 0x000001f768ec1b9f, stub =0x000001f7683c6600
[2025-05-20T20:27:41.769+0300][23224][11212][info ][safepoint] Safepoint "Cleanup", Time since last: 1009825300 ns, Reaching safepoint: 209900 ns, Cleanup: 23900 ns, At safepoint: 10400 ns, Total: 244200 ns
[2025-05-20T20:27:42.774+0300][23224][11212][debug][safepoint] Safepoint synchronization initiated using striped semaphore wait barrier. (32 threads)
[2025-05-20T20:27:42.774+0300][23224][11212][info ][safepoint] Safepoint "Cleanup", Time since last: 1004984300 ns, Reaching safepoint: 84700 ns, Cleanup: 31700 ns, At safepoint: 8600 ns, Total: 125000 ns
[2025-05-20T20:27:43.788+0300][23224][11212][debug][safepoint] Safepoint synchronization initiated using striped semaphore wait barrier. (32 threads)
[2025-05-20T20:27:43.788+0300][23224][11212][info ][safepoint] Safepoint "Cleanup", Time since last: 1013639100 ns, Reaching safepoint: 158800 ns, Cleanup: 56400 ns, At safepoint: 41800 ns, Total: 257000 ns
[2025-05-20T20:27:44.799+0300][23224][11212][debug][safepoint] Safepoint synchronization initiated using striped semaphore wait barrier. (32 threads)
[2025-05-20T20:27:44.799+0300][23224][11212][info ][safepoint] Safepoint "Cleanup", Time since last: 1011066900 ns, Reaching safepoint: 96400 ns, Cleanup: 24200 ns, At safepoint: 5700 ns, Total: 126300 ns
[2025-05-20T20:27:45.805+0300][23224][11212][debug][safepoint] Safepoint synchronization initiated using striped semaphore wait barrier. (32 threads)
[2025-05-20T20:27:45.805+0300][23224][14712][debug][safepoint] ... found polling page loop exception at pc = 0x000001f768f26d97, stub =0x000001f7683c6600
[2025-05-20T20:27:45.805+0300][23224][11212][info ][safepoint] Safepoint "Cleanup", Time since last: 1006002200 ns, Reaching safepoint: 419700 ns, Cleanup: 56400 ns, At safepoint: 8300 ns, Total: 484400 ns
[2025-05-20T20:27:46.806+0300][23224][11212][debug][safepoint] Safepoint synchronization initiated using striped semaphore wait barrier. (32 threads)
[2025-05-20T20:27:46.806+0300][23224][11212][info ][safepoint] Safepoint "Cleanup", Time since last: 1000427100 ns, Reaching safepoint: 151800 ns, Cleanup: 40100 ns, At safepoint: 19400 ns, Total: 211300 ns
[2025-05-20T20:27:47.817+0300][23224][11212][debug][safepoint] Safepoint synchronization initiated using striped semaphore wait barrier. (32 threads)
[2025-05-20T20:27:47.817+0300][23224][11212][info ][safepoint] Safepoint "Cleanup", Time since last: 1010277600 ns, Reaching safepoint: 122800 ns, Cleanup: 39400 ns, At safepoint: 3600 ns, Total: 165800 ns
[2025-05-20T20:27:48.819+0300][23224][11212][debug][safepoint] Safepoint synchronization initiated using striped semaphore wait barrier. (32 threads)
[2025-05-20T20:27:48.819+0300][23224][11212][info ][safepoint] Safepoint "Cleanup", Time since last: 1001927300 ns, Reaching safepoint: 135800 ns, Cleanup: 94400 ns, At safepoint: 76200 ns, Total: 306400 ns
[2025-05-20T20:27:49.832+0300][23224][11212][debug][safepoint] Safepoint synchronization initiated using striped semaphore wait barrier. (32 threads)
[2025-05-20T20:27:49.832+0300][23224][11212][info ][safepoint] Safepoint "Cleanup", Time since last: 1013485500 ns, Reaching safepoint: 138000 ns, Cleanup: 47900 ns, At safepoint: 11300 ns, Total: 197200 ns
[2025-05-20T20:27:50.845+0300][23224][11212][debug][safepoint] Safepoint synchronization initiated using striped semaphore wait barrier. (32 threads)
[2025-05-20T20:27:50.845+0300][23224][10952][debug][safepoint] ... found polling page loop exception at pc = 0x000001f768df53bf, stub =0x000001f7683c6600
[2025-05-20T20:27:50.845+0300][23224][11212][info ][safepoint] Safepoint "Cleanup", Time since last: 1012027300 ns, Reaching safepoint: 177300 ns, Cleanup: 44900 ns, At safepoint: 9900 ns, Total: 232100 ns
[2025-05-20T20:27:51.861+0300][23224][11212][debug][safepoint] Safepoint synchronization initiated using striped semaphore wait barrier. (32 threads)
[2025-05-20T20:27:51.861+0300][23224][11212][info ][safepoint] Safepoint "Cleanup", Time since last: 1015403200 ns, Reaching safepoint: 143300 ns, Cleanup: 92900 ns, At safepoint: 52800 ns, Total: 289000 ns
[2025-05-20T20:27:52.868+0300][23224][11212][debug][safepoint] Safepoint synchronization initiated using striped semaphore wait barrier. (32 threads)
[2025-05-20T20:27:52.868+0300][23224][11212][info ][safepoint] Safepoint "Cleanup", Time since last: 1006956200 ns, Reaching safepoint: 109700 ns, Cleanup: 43800 ns, At safepoint: 17100 ns, Total: 170600 ns
[2025-05-20T20:27:53.880+0300][23224][11212][debug][safepoint] Safepoint synchronization initiated using striped semaphore wait barrier. (32 threads)
[2025-05-20T20:27:53.880+0300][23224][11212][info ][safepoint] Safepoint "Cleanup", Time since last: 1012165900 ns, Reaching safepoint: 117400 ns, Cleanup: 31100 ns, At safepoint: 11500 ns, Total: 160000 ns
[2025-05-20T20:27:54.896+0300][23224][11212][debug][safepoint] Safepoint synchronization initiated using striped semaphore wait barrier. (32 threads)
[2025-05-20T20:27:54.896+0300][23224][11212][info ][safepoint] Safepoint "Cleanup", Time since last: 1015141400 ns, Reaching safepoint: 182700 ns, Cleanup: 50500 ns, At safepoint: 50400 ns, Total: 283600 ns
[2025-05-20T20:27:55.902+0300][23224][11212][debug][safepoint] Safepoint synchronization initiated using striped semaphore wait barrier. (32 threads)
[2025-05-20T20:27:55.902+0300][23224][15464][debug][safepoint] ... found polling page loop exception at pc = 0x000001f7690789ff, stub =0x000001f7683c6600
[2025-05-20T20:27:55.902+0300][23224][11212][info ][safepoint] Safepoint "Cleanup", Time since last: 1006549500 ns, Reaching safepoint: 251500 ns, Cleanup: 55400 ns, At safepoint: 16700 ns, Total: 323600 ns
[2025-05-20T20:27:56.917+0300][23224][11212][debug][safepoint] Safepoint synchronization initiated using striped semaphore wait barrier. (32 threads)
[2025-05-20T20:27:56.917+0300][23224][11212][info ][safepoint] Safepoint "Cleanup", Time since last: 1014611300 ns, Reaching safepoint: 130700 ns, Cleanup: 34600 ns, At safepoint: 16600 ns, Total: 181900 ns
[2025-05-20T20:27:57.926+0300][23224][11212][debug][safepoint] Safepoint synchronization initiated using striped semaphore wait barrier. (32 threads)
[2025-05-20T20:27:57.926+0300][23224][11212][info ][safepoint] Safepoint "Cleanup", Time since last: 1008854400 ns, Reaching safepoint: 131600 ns, Cleanup: 31900 ns, At safepoint: 23100 ns, Total: 186600 ns
[2025-05-20T20:27:58.935+0300][23224][11212][debug][safepoint] Safepoint synchronization initiated using striped semaphore wait barrier. (32 threads)
[2025-05-20T20:27:58.935+0300][23224][11212][info ][safepoint] Safepoint "Cleanup", Time since last: 1008326500 ns, Reaching safepoint: 109700 ns, Cleanup: 33900 ns, At safepoint: 10200 ns, Total: 153800 ns
[2025-05-20T20:27:59.940+0300][23224][11212][debug][safepoint] Safepoint synchronization initiated using striped semaphore wait barrier. (32 threads)
[2025-05-20T20:27:59.940+0300][23224][11212][info ][safepoint] Safepoint "Cleanup", Time since last: 1005118100 ns, Reaching safepoint: 111300 ns, Cleanup: 23500 ns, At safepoint: 14500 ns, Total: 149300 ns
[2025-05-20T20:28:00.949+0300][23224][11212][debug][safepoint] Safepoint synchronization initiated using striped semaphore wait barrier. (32 threads)
[2025-05-20T20:28:00.949+0300][23224][14712][debug][safepoint] ... found polling page loop exception at pc = 0x000001f768df53bf, stub =0x000001f7683c6600
[2025-05-20T20:28:00.949+0300][23224][11212][info ][safepoint] Safepoint "Cleanup", Time since last: 1008996600 ns, Reaching safepoint: 301600 ns, Cleanup: 34500 ns, At safepoint: 29400 ns, Total: 365500 ns
[2025-05-20T20:28:02.968+0300][23224][11212][debug][safepoint] Safepoint synchronization initiated using striped semaphore wait barrier. (32 threads)
[2025-05-20T20:28:02.968+0300][23224][11212][info ][safepoint] Safepoint "Cleanup", Time since last: 2017963100 ns, Reaching safepoint: 109600 ns, Cleanup: 43000 ns, At safepoint: 9900 ns, Total: 162500 ns
[2025-05-20T20:28:03.979+0300][23224][11212][debug][safepoint] Safepoint synchronization initiated using striped semaphore wait barrier. (32 threads)
[2025-05-20T20:28:03.980+0300][23224][11212][info ][safepoint] Safepoint "Cleanup", Time since last: 1011781700 ns, Reaching safepoint: 151600 ns, Cleanup: 98500 ns, At safepoint: 48600 ns, Total: 298700 ns
[2025-05-20T20:28:04.986+0300][23224][11212][debug][safepoint] Safepoint synchronization initiated using striped semaphore wait barrier. (32 threads)
[2025-05-20T20:28:04.986+0300][23224][11212][info ][safepoint] Safepoint "Cleanup", Time since last: 1006422000 ns, Reaching safepoint: 170100 ns, Cleanup: 55900 ns, At safepoint: 15600 ns, Total: 241600 ns
[2025-05-20T20:28:05.997+0300][23224][11212][debug][safepoint] Safepoint synchronization initiated using striped semaphore wait barrier. (32 threads)
[2025-05-20T20:28:05.997+0300][23224][11212][info ][safepoint] Safepoint "Cleanup", Time since last: 1010348300 ns, Reaching safepoint: 221100 ns, Cleanup: 31400 ns, At safepoint: 3300 ns, Total: 255800 ns
[2025-05-20T20:28:07.012+0300][23224][11212][debug][safepoint] Safepoint synchronization initiated using striped semaphore wait barrier. (32 threads)
[2025-05-20T20:28:07.012+0300][23224][11212][info ][safepoint] Safepoint "Cleanup", Time since last: 1015214200 ns, Reaching safepoint: 147100 ns, Cleanup: 40900 ns, At safepoint: 51700 ns, Total: 239700 ns
[2025-05-20T20:28:09.019+0300][23224][11212][debug][safepoint] Safepoint synchronization initiated using striped semaphore wait barrier. (32 threads)
[2025-05-20T20:28:09.019+0300][23224][11212][info ][safepoint] Safepoint "Cleanup", Time since last: 2006873100 ns, Reaching safepoint: 266500 ns, Cleanup: 55800 ns, At safepoint: 44900 ns, Total: 367200 ns
[2025-05-20T20:28:10.030+0300][23224][11212][debug][safepoint] Safepoint synchronization initiated using striped semaphore wait barrier. (32 threads)
[2025-05-20T20:28:10.030+0300][23224][11212][info ][safepoint] Safepoint "Cleanup", Time since last: 1010624400 ns, Reaching safepoint: 157600 ns, Cleanup: 38400 ns, At safepoint: 16200 ns, Total: 212200 ns
[2025-05-20T20:28:11.045+0300][23224][11212][debug][safepoint] Safepoint synchronization initiated using striped semaphore wait barrier. (32 threads)
[2025-05-20T20:28:11.045+0300][23224][11212][info ][safepoint] Safepoint "Cleanup", Time since last: 1013949800 ns, Reaching safepoint: 112100 ns, Cleanup: 26600 ns, At safepoint: 6100 ns, Total: 144800 ns
[2025-05-20T20:28:12.060+0300][23224][11212][debug][safepoint] Safepoint synchronization initiated using striped semaphore wait barrier. (32 threads)
[2025-05-20T20:28:12.060+0300][23224][11212][info ][safepoint] Safepoint "Cleanup", Time since last: 1015543200 ns, Reaching safepoint: 176900 ns, Cleanup: 46900 ns, At safepoint: 56000 ns, Total: 279800 ns
[2025-05-20T20:28:14.066+0300][23224][11212][debug][safepoint] Safepoint synchronization initiated using striped semaphore wait barrier. (32 threads)
[2025-05-20T20:28:14.066+0300][23224][10952][debug][safepoint] ... found polling page loop exception at pc = 0x000001f769093881, stub =0x000001f7683c6600
[2025-05-20T20:28:14.066+0300][23224][11212][info ][safepoint] Safepoint "Cleanup", Time since last: 2005818500 ns, Reaching safepoint: 265000 ns, Cleanup: 50300 ns, At safepoint: 8900 ns, Total: 324200 ns
[2025-05-20T20:28:15.071+0300][23224][11212][debug][safepoint] Safepoint synchronization initiated using striped semaphore wait barrier. (32 threads)
[2025-05-20T20:28:15.071+0300][23224][11212][info ][safepoint] Safepoint "Cleanup", Time since last: 1004193800 ns, Reaching safepoint: 133400 ns, Cleanup: 36100 ns, At safepoint: 11900 ns, Total: 181400 ns
[2025-05-20T20:28:16.086+0300][23224][11212][debug][safepoint] Safepoint synchronization initiated using striped semaphore wait barrier. (32 threads)
[2025-05-20T20:28:16.086+0300][23224][11212][info ][safepoint] Safepoint "Cleanup", Time since last: 1015410800 ns, Reaching safepoint: 137300 ns, Cleanup: 20700 ns, At safepoint: 3700 ns, Total: 161700 ns
[2025-05-20T20:28:18.100+0300][23224][11212][debug][safepoint] Safepoint synchronization initiated using striped semaphore wait barrier. (32 threads)
[2025-05-20T20:28:18.100+0300][23224][11212][info ][safepoint] Safepoint "Cleanup", Time since last: 2013685200 ns, Reaching safepoint: 119700 ns, Cleanup: 58900 ns, At safepoint: 8900 ns, Total: 187500 ns
[2025-05-20T20:28:18.823+0300][23224][10244][debug][safepoint] ... found polling page loop exception at pc = 0x000001f768d80eea, stub =0x000001f7683c5d80
[2025-05-20T20:28:18.823+0300][23224][13936][debug][safepoint] ... found polling page loop exception at pc = 0x000001f768fb0af3, stub =0x000001f7683c6600
[2025-05-20T20:28:19.835+0300][23224][11212][debug][safepoint] Safepoint synchronization initiated using striped semaphore wait barrier. (32 threads)
[2025-05-20T20:28:19.835+0300][23224][11212][info ][safepoint] Safepoint "Cleanup", Time since last: 1734412000 ns, Reaching safepoint: 216700 ns, Cleanup: 40600 ns, At safepoint: 22000 ns, Total: 279300 ns
[2025-05-20T20:28:21.839+0300][23224][11212][debug][safepoint] Safepoint synchronization initiated using striped semaphore wait barrier. (32 threads)
[2025-05-20T20:28:21.840+0300][23224][11212][info ][safepoint] Safepoint "Cleanup", Time since last: 2004430900 ns, Reaching safepoint: 138700 ns, Cleanup: 44800 ns, At safepoint: 25600 ns, Total: 209100 ns
[2025-05-20T20:28:22.840+0300][23224][11212][debug][safepoint] Safepoint synchronization initiated using striped semaphore wait barrier. (32 threads)
[2025-05-20T20:28:22.840+0300][23224][11212][info ][safepoint] Safepoint "Cleanup", Time since last: 1000253700 ns, Reaching safepoint: 120000 ns, Cleanup: 37500 ns, At safepoint: 10100 ns, Total: 167600 ns
[2025-05-20T20:28:23.634+0300][23224][11212][debug][safepoint] Safepoint synchronization initiated using striped semaphore wait barrier. (32 threads)
[2025-05-20T20:28:23.634+0300][23224][10244][debug][safepoint] ... found polling page loop exception at pc = 0x000001f769191971, stub =0x000001f7683c5d80
[2025-05-20T20:28:23.634+0300][23224][11212][debug][gc,heap  ] GC(4) Heap before GC invocations=4 (full 1):
[2025-05-20T20:28:23.634+0300][23224][11212][debug][gc,heap  ] GC(4)  garbage-first heap   total 12582912K, used 1359655K [0x0000000500000000, 0x0000000800000000)
[2025-05-20T20:28:23.634+0300][23224][11212][debug][gc,heap  ] GC(4)   region size 8192K, 165 young (1351680K), 1 survivors (8192K)
[2025-05-20T20:28:23.634+0300][23224][11212][debug][gc,heap  ] GC(4)  Metaspace       used 34448K, committed 35328K, reserved 1114112K
[2025-05-20T20:28:23.634+0300][23224][11212][debug][gc,heap  ] GC(4)   class space    used 2938K, committed 3328K, reserved 1048576K
[2025-05-20T20:28:23.637+0300][23224][11212][info ][gc,phases] GC(4)   Pre Evacuate Collection Set: 0.3ms
[2025-05-20T20:28:23.637+0300][23224][11212][debug][gc,phases] GC(4)     Pre Evacuate Prepare: 0.2ms
[2025-05-20T20:28:23.637+0300][23224][11212][debug][gc,phases] GC(4)       JT Retire TLABs And Flush Logs (ms): Min:  0.0, Avg:  0.0, Max:  0.0, Diff:  0.0, Sum:  0.0, Workers: 2
[2025-05-20T20:28:23.637+0300][23224][11212][debug][gc,phases] GC(4)       Non-JT Flush Logs (ms):        Min:  0.0, Avg:  0.0, Max:  0.0, Diff:  0.0, Sum:  0.0, Workers: 1
[2025-05-20T20:28:23.637+0300][23224][11212][debug][gc,phases] GC(4)     Choose Collection Set: 0.0ms
[2025-05-20T20:28:23.637+0300][23224][11212][debug][gc,phases] GC(4)     Region Register: 0.2ms
[2025-05-20T20:28:23.637+0300][23224][11212][debug][gc,phases] GC(4)     Prepare Heap Roots: 0.0ms
[2025-05-20T20:28:23.637+0300][23224][11212][info ][gc,phases] GC(4)   Merge Heap Roots: 0.2ms
[2025-05-20T20:28:23.637+0300][23224][11212][debug][gc,phases] GC(4)     Prepare Merge Heap Roots: 0.0ms
[2025-05-20T20:28:23.637+0300][23224][11212][debug][gc,phases] GC(4)     Remembered Sets (ms):          Min:  0.0, Avg:  0.0, Max:  0.0, Diff:  0.0, Sum:  0.1, Workers: 8
[2025-05-20T20:28:23.637+0300][23224][11212][debug][gc,phases] GC(4)       Eager Reclaim (ms):            skipped
[2025-05-20T20:28:23.637+0300][23224][11212][debug][gc,phases] GC(4)       Merged Inline                  Min: 0, Avg:  0.2, Max: 2, Diff: 2, Sum: 2, Workers: 8
[2025-05-20T20:28:23.637+0300][23224][11212][debug][gc,phases] GC(4)       Merged ArrayOfCards            Min: 0, Avg:  0.5, Max: 4, Diff: 4, Sum: 4, Workers: 8
[2025-05-20T20:28:23.637+0300][23224][11212][debug][gc,phases] GC(4)       Merged Howl                    Min: 0, Avg:  0.1, Max: 1, Diff: 1, Sum: 1, Workers: 8
[2025-05-20T20:28:23.637+0300][23224][11212][debug][gc,phases] GC(4)       Merged Full                    Min: 0, Avg:  0.0, Max: 0, Diff: 0, Sum: 0, Workers: 8
[2025-05-20T20:28:23.637+0300][23224][11212][debug][gc,phases] GC(4)       Merged Howl Inline             Min: 0, Avg:  0.9, Max: 7, Diff: 7, Sum: 7, Workers: 8
[2025-05-20T20:28:23.637+0300][23224][11212][debug][gc,phases] GC(4)       Merged Howl ArrayOfCards       Min: 0, Avg:  0.0, Max: 0, Diff: 0, Sum: 0, Workers: 8
[2025-05-20T20:28:23.637+0300][23224][11212][debug][gc,phases] GC(4)       Merged Howl BitMap             Min: 0, Avg:  0.1, Max: 1, Diff: 1, Sum: 1, Workers: 8
[2025-05-20T20:28:23.637+0300][23224][11212][debug][gc,phases] GC(4)       Merged Howl Full               Min: 0, Avg:  0.0, Max: 0, Diff: 0, Sum: 0, Workers: 8
[2025-05-20T20:28:23.637+0300][23224][11212][debug][gc,phases] GC(4)       Merged Cards                   Min: 8, Avg: 24.6, Max: 141, Diff: 133, Sum: 197, Workers: 8
[2025-05-20T20:28:23.637+0300][23224][11212][debug][gc,phases] GC(4)     Log Buffers (ms):              Min:  0.0, Avg:  0.0, Max:  0.0, Diff:  0.0, Sum:  0.0, Workers: 8
[2025-05-20T20:28:23.637+0300][23224][11212][debug][gc,phases] GC(4)       Dirty Cards:                   Min: 0, Avg: 133.8, Max: 504, Diff: 504, Sum: 1070, Workers: 8
[2025-05-20T20:28:23.637+0300][23224][11212][debug][gc,phases] GC(4)       Skipped Cards:                 Min: 0, Avg:  3.6, Max: 21, Diff: 21, Sum: 29, Workers: 8
[2025-05-20T20:28:23.637+0300][23224][11212][info ][gc,phases] GC(4)   Evacuate Collection Set: 3.4ms
[2025-05-20T20:28:23.637+0300][23224][11212][debug][gc,phases] GC(4)     Ext Root Scanning (ms):        Min:  0.1, Avg:  0.4, Max:  1.7, Diff:  1.6, Sum:  3.2, Workers: 8
[2025-05-20T20:28:23.637+0300][23224][11212][debug][gc,phases] GC(4)     Scan Heap Roots (ms):          Min:  0.0, Avg:  0.1, Max:  0.3, Diff:  0.3, Sum:  1.0, Workers: 8
[2025-05-20T20:28:23.637+0300][23224][11212][debug][gc,phases] GC(4)       Scanned Cards:                 Min: 0, Avg: 143.1, Max: 329, Diff: 329, Sum: 1145, Workers: 8
[2025-05-20T20:28:23.637+0300][23224][11212][debug][gc,phases] GC(4)       Scanned Blocks:                Min: 0, Avg: 94.1, Max: 230, Diff: 230, Sum: 753, Workers: 8
[2025-05-20T20:28:23.637+0300][23224][11212][debug][gc,phases] GC(4)       Claimed Chunks:                Min: 0, Avg: 14.2, Max: 35, Diff: 35, Sum: 114, Workers: 8
[2025-05-20T20:28:23.637+0300][23224][11212][debug][gc,phases] GC(4)       Found Roots:                   Min: 0, Avg: 704.2, Max: 2108, Diff: 2108, Sum: 5634, Workers: 8
[2025-05-20T20:28:23.637+0300][23224][11212][debug][gc,phases] GC(4)     Code Root Scan (ms):           Min:  0.0, Avg:  1.1, Max:  1.5, Diff:  1.5, Sum:  8.7, Workers: 8
[2025-05-20T20:28:23.637+0300][23224][11212][debug][gc,phases] GC(4)       Scanned Nmethods               Min: 0, Avg: 190.9, Max: 312, Diff: 312, Sum: 1527, Workers: 8
[2025-05-20T20:28:23.637+0300][23224][11212][debug][gc,phases] GC(4)     Object Copy (ms):              Min:  0.1, Avg:  1.4, Max:  2.4, Diff:  2.3, Sum: 11.5, Workers: 8
[2025-05-20T20:28:23.637+0300][23224][11212][debug][gc,phases] GC(4)     Termination (ms):              Min:  0.0, Avg:  0.1, Max:  0.1, Diff:  0.1, Sum:  0.6, Workers: 8
[2025-05-20T20:28:23.637+0300][23224][11212][debug][gc,phases] GC(4)       Termination Attempts:          Min: 1, Avg:  1.0, Max: 1, Diff: 0, Sum: 8, Workers: 8
[2025-05-20T20:28:23.637+0300][23224][11212][debug][gc,phases] GC(4)     GC Worker Other (ms):          Min:  0.0, Avg:  0.0, Max:  0.0, Diff:  0.0, Sum:  0.2, Workers: 8
[2025-05-20T20:28:23.637+0300][23224][11212][debug][gc,phases] GC(4)     GC Worker Total (ms):          Min:  3.0, Avg:  3.1, Max:  3.2, Diff:  0.2, Sum: 25.1, Workers: 8
[2025-05-20T20:28:23.637+0300][23224][11212][info ][gc,phases] GC(4)   Post Evacuate Collection Set: 1.2ms
[2025-05-20T20:28:23.637+0300][23224][11212][debug][gc,phases] GC(4)     NMethod List Cleanup: 0.1ms
[2025-05-20T20:28:23.637+0300][23224][11212][debug][gc,phases] GC(4)     Reference Processing: 0.1ms
[2025-05-20T20:28:23.637+0300][23224][11212][debug][gc,phases] GC(4)     Weak Processing: 0.2ms
[2025-05-20T20:28:23.637+0300][23224][11212][debug][gc,phases] GC(4)       VM Weak                        Min:  0.0, Avg:  0.0, Max:  0.0, Diff:  0.0, Sum:  0.0, Workers: 8
[2025-05-20T20:28:23.637+0300][23224][11212][debug][gc,phases] GC(4)         Dead                           Min: 0, Avg:  0.0, Max: 0, Diff: 0, Sum: 0, Workers: 8
[2025-05-20T20:28:23.637+0300][23224][11212][debug][gc,phases] GC(4)         Total                          Min: 0, Avg: 69.0, Max: 320, Diff: 320, Sum: 552, Workers: 8
[2025-05-20T20:28:23.637+0300][23224][11212][debug][gc,phases] GC(4)       ObjectSynchronizer Weak        Min:  0.0, Avg:  0.0, Max:  0.0, Diff:  0.0, Sum:  0.0, Workers: 8
[2025-05-20T20:28:23.637+0300][23224][11212][debug][gc,phases] GC(4)         Dead                           Min: 0, Avg:  0.0, Max: 0, Diff: 0, Sum: 0, Workers: 8
[2025-05-20T20:28:23.637+0300][23224][11212][debug][gc,phases] GC(4)         Total                          Min: 0, Avg:  2.6, Max: 11, Diff: 11, Sum: 21, Workers: 8
[2025-05-20T20:28:23.637+0300][23224][11212][debug][gc,phases] GC(4)       JVMTI Tag Weak OopStorage      Min:  0.0, Avg:  0.0, Max:  0.0, Diff:  0.0, Sum:  0.0, Workers: 8
[2025-05-20T20:28:23.637+0300][23224][11212][debug][gc,phases] GC(4)         Dead                           Min: 0, Avg:  0.0, Max: 0, Diff: 0, Sum: 0, Workers: 8
[2025-05-20T20:28:23.637+0300][23224][11212][debug][gc,phases] GC(4)         Total                          Min: 0, Avg:  0.0, Max: 0, Diff: 0, Sum: 0, Workers: 8
[2025-05-20T20:28:23.637+0300][23224][11212][debug][gc,phases] GC(4)       StringTable Weak               Min:  0.0, Avg:  0.1, Max:  0.1, Diff:  0.1, Sum:  0.5, Workers: 8
[2025-05-20T20:28:23.637+0300][23224][11212][debug][gc,phases] GC(4)         Dead                           Min: 0, Avg:  0.0, Max: 0, Diff: 0, Sum: 0, Workers: 8
[2025-05-20T20:28:23.637+0300][23224][11212][debug][gc,phases] GC(4)         Total                          Min: 321, Avg: 3424.1, Max: 7616, Diff: 7295, Sum: 27393, Workers: 8
[2025-05-20T20:28:23.637+0300][23224][11212][debug][gc,phases] GC(4)       ResolvedMethodTable Weak       Min:  0.0, Avg:  0.0, Max:  0.0, Diff:  0.0, Sum:  0.0, Workers: 8
[2025-05-20T20:28:23.637+0300][23224][11212][debug][gc,phases] GC(4)         Dead                           Min: 0, Avg:  0.1, Max: 1, Diff: 1, Sum: 1, Workers: 8
[2025-05-20T20:28:23.637+0300][23224][11212][debug][gc,phases] GC(4)         Total                          Min: 64, Avg: 212.8, Max: 320, Diff: 256, Sum: 1702, Workers: 8
[2025-05-20T20:28:23.637+0300][23224][11212][debug][gc,phases] GC(4)       JNI Weak                       Min:  0.0, Avg:  0.0, Max:  0.0, Diff:  0.0, Sum:  0.0, Workers: 8
[2025-05-20T20:28:23.637+0300][23224][11212][debug][gc,phases] GC(4)         Dead                           Min: 0, Avg:  0.0, Max: 0, Diff: 0, Sum: 0, Workers: 8
[2025-05-20T20:28:23.637+0300][23224][11212][debug][gc,phases] GC(4)         Total                          Min: 0, Avg:  0.0, Max: 0, Diff: 0, Sum: 0, Workers: 8
[2025-05-20T20:28:23.637+0300][23224][11212][debug][gc,phases] GC(4)       StringDedup Table Weak         Min:  0.0, Avg:  0.0, Max:  0.0, Diff:  0.0, Sum:  0.0, Workers: 8
[2025-05-20T20:28:23.637+0300][23224][11212][debug][gc,phases] GC(4)         Dead                           Min: 0, Avg:  0.0, Max: 0, Diff: 0, Sum: 0, Workers: 8
[2025-05-20T20:28:23.637+0300][23224][11212][debug][gc,phases] GC(4)         Total                          Min: 0, Avg:  0.0, Max: 0, Diff: 0, Sum: 0, Workers: 8
[2025-05-20T20:28:23.637+0300][23224][11212][debug][gc,phases] GC(4)       StringDedup Requests0 Weak     Min:  0.0, Avg:  0.0, Max:  0.0, Diff:  0.0, Sum:  0.0, Workers: 8
[2025-05-20T20:28:23.637+0300][23224][11212][debug][gc,phases] GC(4)         Dead                           Min: 0, Avg:  0.0, Max: 0, Diff: 0, Sum: 0, Workers: 8
[2025-05-20T20:28:23.637+0300][23224][11212][debug][gc,phases] GC(4)         Total                          Min: 0, Avg:  0.0, Max: 0, Diff: 0, Sum: 0, Workers: 8
[2025-05-20T20:28:23.637+0300][23224][11212][debug][gc,phases] GC(4)       StringDedup Requests1 Weak     Min:  0.0, Avg:  0.0, Max:  0.0, Diff:  0.0, Sum:  0.0, Workers: 8
[2025-05-20T20:28:23.637+0300][23224][11212][debug][gc,phases] GC(4)         Dead                           Min: 0, Avg:  0.0, Max: 0, Diff: 0, Sum: 0, Workers: 8
[2025-05-20T20:28:23.637+0300][23224][11212][debug][gc,phases] GC(4)         Total                          Min: 0, Avg:  0.0, Max: 0, Diff: 0, Sum: 0, Workers: 8
[2025-05-20T20:28:23.637+0300][23224][11212][debug][gc,phases] GC(4)       Weak JFR Old Object Samples    Min:  0.0, Avg:  0.0, Max:  0.0, Diff:  0.0, Sum:  0.0, Workers: 8
[2025-05-20T20:28:23.637+0300][23224][11212][debug][gc,phases] GC(4)         Dead                           Min: 0, Avg:  0.0, Max: 0, Diff: 0, Sum: 0, Workers: 8
[2025-05-20T20:28:23.637+0300][23224][11212][debug][gc,phases] GC(4)         Total                          Min: 0, Avg:  0.0, Max: 0, Diff: 0, Sum: 0, Workers: 8
[2025-05-20T20:28:23.637+0300][23224][11212][debug][gc,phases] GC(4)     Post Evacuate Cleanup 1: 0.3ms
[2025-05-20T20:28:23.637+0300][23224][11212][debug][gc,phases] GC(4)       Merge Per-Thread State (ms):   Min:  0.0, Avg:  0.0, Max:  0.0, Diff:  0.0, Sum:  0.0, Workers: 1
[2025-05-20T20:28:23.637+0300][23224][11212][debug][gc,phases] GC(4)         Copied Bytes                   Min: 50736, Avg: 818223.0, Max: 1463512, Diff: 1412776, Sum: 6545784, Workers: 8
[2025-05-20T20:28:23.637+0300][23224][11212][debug][gc,phases] GC(4)         LAB Waste                      Min: 0, Avg: 3758.0, Max: 10048, Diff: 10048, Sum: 30064, Workers: 8
[2025-05-20T20:28:23.637+0300][23224][11212][debug][gc,phases] GC(4)         LAB Undo Waste                 Min: 0, Avg:  0.0, Max: 0, Diff: 0, Sum: 0, Workers: 8
[2025-05-20T20:28:23.637+0300][23224][11212][debug][gc,phases] GC(4)       Clear Logged Cards (ms):       Min:  0.0, Avg:  0.1, Max:  0.2, Diff:  0.2, Sum:  0.4, Workers: 5
[2025-05-20T20:28:23.637+0300][23224][11212][debug][gc,phases] GC(4)       Recalculate Used Memory (ms):  Min:  0.0, Avg:  0.0, Max:  0.0, Diff:  0.0, Sum:  0.0, Workers: 1
[2025-05-20T20:28:23.637+0300][23224][11212][debug][gc,phases] GC(4)     Post Evacuate Cleanup 2: 0.3ms
[2025-05-20T20:28:23.637+0300][23224][11212][debug][gc,phases] GC(4)       Update Derived Pointers (ms):  Min:  0.0, Avg:  0.0, Max:  0.0, Diff:  0.0, Sum:  0.0, Workers: 1
[2025-05-20T20:28:23.637+0300][23224][11212][debug][gc,phases] GC(4)       Eagerly Reclaim Humongous Objects (ms): skipped
[2025-05-20T20:28:23.637+0300][23224][11212][debug][gc,phases] GC(4)         Humongous Total                skipped
[2025-05-20T20:28:23.637+0300][23224][11212][debug][gc,phases] GC(4)         Humongous Candidates           skipped
[2025-05-20T20:28:23.637+0300][23224][11212][debug][gc,phases] GC(4)         Humongous Reclaimed            skipped
[2025-05-20T20:28:23.637+0300][23224][11212][debug][gc,phases] GC(4)       Redirty Logged Cards (ms):     Min:  0.0, Avg:  0.0, Max:  0.0, Diff:  0.0, Sum:  0.0, Workers: 8
[2025-05-20T20:28:23.637+0300][23224][11212][debug][gc,phases] GC(4)         Redirtied Cards:               Min: 0, Avg: 122.4, Max: 492, Diff: 492, Sum: 979, Workers: 8
[2025-05-20T20:28:23.637+0300][23224][11212][debug][gc,phases] GC(4)       Resize TLABs (ms):             Min:  0.0, Avg:  0.0, Max:  0.0, Diff:  0.0, Sum:  0.0, Workers: 8
[2025-05-20T20:28:23.637+0300][23224][11212][debug][gc,phases] GC(4)       Free Collection Set (ms):      Min:  0.0, Avg:  0.1, Max:  0.2, Diff:  0.2, Sum:  0.4, Workers: 8
[2025-05-20T20:28:23.637+0300][23224][11212][debug][gc,phases] GC(4)     Rebuild Free List: 0.2ms
[2025-05-20T20:28:23.637+0300][23224][11212][debug][gc,phases] GC(4)     Prepare For Mutator: 0.0ms
[2025-05-20T20:28:23.637+0300][23224][11212][debug][gc,phases] GC(4)     Expand Heap After Collection: 0.0ms
[2025-05-20T20:28:23.637+0300][23224][11212][info ][gc,phases] GC(4)   Other: 0.1ms
[2025-05-20T20:28:23.637+0300][23224][11212][info ][gc,heap  ] GC(4) Eden regions: 164->0(920)
[2025-05-20T20:28:23.637+0300][23224][11212][info ][gc,heap  ] GC(4) Survivor regions: 1->1(21)
[2025-05-20T20:28:23.637+0300][23224][11212][info ][gc,heap  ] GC(4) Old regions: 8->8
[2025-05-20T20:28:23.637+0300][23224][11212][info ][gc,heap  ] GC(4) Humongous regions: 0->0
[2025-05-20T20:28:23.637+0300][23224][11212][debug][gc,heap  ] GC(4) Heap after GC invocations=5 (full 1):
[2025-05-20T20:28:23.637+0300][23224][11212][debug][gc,heap  ] GC(4)  garbage-first heap   total 12582912K, used 16322K [0x0000000500000000, 0x0000000800000000)
[2025-05-20T20:28:23.637+0300][23224][11212][debug][gc,heap  ] GC(4)   region size 8192K, 1 young (8192K), 1 survivors (8192K)
[2025-05-20T20:28:23.637+0300][23224][11212][debug][gc,heap  ] GC(4)  Metaspace       used 34448K, committed 35328K, reserved 1114112K
[2025-05-20T20:28:23.637+0300][23224][11212][debug][gc,heap  ] GC(4)   class space    used 2938K, committed 3328K, reserved 1048576K
[2025-05-20T20:28:23.637+0300][23224][11212][info ][gc       ] GC(4) Pause Young (Mixed) (G1 Evacuation Pause) 1327M->15M(12288M) 6.396ms
[2025-05-20T20:28:23.637+0300][23224][11212][info ][safepoint] Safepoint "G1CollectForAllocation", Time since last: 794083700 ns, Reaching safepoint: 164200 ns, Cleanup: 16400 ns, At safepoint: 6434000 ns, Total: 6614600 ns
[2025-05-20T20:28:24.643+0300][23224][11212][debug][safepoint] Safepoint synchronization initiated using striped semaphore wait barrier. (32 threads)
[2025-05-20T20:28:24.643+0300][23224][11212][info ][safepoint] Safepoint "Cleanup", Time since last: 1001565500 ns, Reaching safepoint: 125300 ns, Cleanup: 25900 ns, At safepoint: 9900 ns, Total: 161100 ns
[2025-05-20T20:28:26.664+0300][23224][11212][debug][safepoint] Safepoint synchronization initiated using striped semaphore wait barrier. (32 threads)
[2025-05-20T20:28:26.664+0300][23224][11212][info ][safepoint] Safepoint "Cleanup", Time since last: 2021513200 ns, Reaching safepoint: 152500 ns, Cleanup: 28300 ns, At safepoint: 4800 ns, Total: 185600 ns
[2025-05-20T20:28:29.687+0300][23224][11212][debug][safepoint] Safepoint synchronization initiated using striped semaphore wait barrier. (32 threads)
[2025-05-20T20:28:29.687+0300][23224][11212][info ][safepoint] Safepoint "Cleanup", Time since last: 3023071200 ns, Reaching safepoint: 129900 ns, Cleanup: 29400 ns, At safepoint: 10500 ns, Total: 169800 ns
[2025-05-20T20:28:30.700+0300][23224][11212][debug][safepoint] Safepoint synchronization initiated using striped semaphore wait barrier. (32 threads)
[2025-05-20T20:28:30.700+0300][23224][11212][info ][safepoint] Safepoint "Cleanup", Time since last: 1012742200 ns, Reaching safepoint: 85400 ns, Cleanup: 22300 ns, At safepoint: 7400 ns, Total: 115100 ns
[2025-05-20T20:28:32.731+0300][23224][11212][debug][safepoint] Safepoint synchronization initiated using striped semaphore wait barrier. (32 threads)
[2025-05-20T20:28:32.731+0300][23224][11212][info ][safepoint] Safepoint "Cleanup", Time since last: 2031038900 ns, Reaching safepoint: 187500 ns, Cleanup: 31600 ns, At safepoint: 39800 ns, Total: 258900 ns
[2025-05-20T20:28:34.754+0300][23224][11212][debug][safepoint] Safepoint synchronization initiated using striped semaphore wait barrier. (32 threads)
[2025-05-20T20:28:34.754+0300][23224][11212][info ][safepoint] Safepoint "Cleanup", Time since last: 2021898800 ns, Reaching safepoint: 155300 ns, Cleanup: 39500 ns, At safepoint: 4500 ns, Total: 199300 ns
[2025-05-20T20:28:35.763+0300][23224][11212][debug][safepoint] Safepoint synchronization initiated using striped semaphore wait barrier. (32 threads)
[2025-05-20T20:28:35.763+0300][23224][11212][info ][safepoint] Safepoint "Cleanup", Time since last: 1008894100 ns, Reaching safepoint: 129300 ns, Cleanup: 36400 ns, At safepoint: 15700 ns, Total: 181400 ns
[2025-05-20T20:28:37.785+0300][23224][11212][debug][safepoint] Safepoint synchronization initiated using striped semaphore wait barrier. (32 threads)
[2025-05-20T20:28:37.785+0300][23224][15376][debug][safepoint] ... found polling page loop exception at pc = 0x000001f768ec1b9f, stub =0x000001f7683c6600
[2025-05-20T20:28:37.785+0300][23224][11212][info ][safepoint] Safepoint "Cleanup", Time since last: 2022393300 ns, Reaching safepoint: 282100 ns, Cleanup: 38700 ns, At safepoint: 46700 ns, Total: 367500 ns
[2025-05-20T20:28:38.801+0300][23224][11212][debug][safepoint] Safepoint synchronization initiated using striped semaphore wait barrier. (32 threads)
[2025-05-20T20:28:38.801+0300][23224][11212][info ][safepoint] Safepoint "Cleanup", Time since last: 1015436800 ns, Reaching safepoint: 98200 ns, Cleanup: 19900 ns, At safepoint: 5400 ns, Total: 123500 ns
[2025-05-20T20:28:39.812+0300][23224][11212][debug][safepoint] Safepoint synchronization initiated using striped semaphore wait barrier. (32 threads)
[2025-05-20T20:28:39.812+0300][23224][11212][info ][safepoint] Safepoint "Cleanup", Time since last: 1010366600 ns, Reaching safepoint: 144100 ns, Cleanup: 38300 ns, At safepoint: 27900 ns, Total: 210300 ns
[2025-05-20T20:28:40.812+0300][23224][11212][debug][safepoint] Safepoint synchronization initiated using striped semaphore wait barrier. (32 threads)
[2025-05-20T20:28:40.812+0300][23224][11212][info ][safepoint] Safepoint "Cleanup", Time since last: 1000243500 ns, Reaching safepoint: 156400 ns, Cleanup: 57400 ns, At safepoint: 40100 ns, Total: 253900 ns
[2025-05-20T20:28:46.857+0300][23224][11212][debug][safepoint] Safepoint synchronization initiated using striped semaphore wait barrier. (32 threads)
[2025-05-20T20:28:46.857+0300][23224][11212][info ][safepoint] Safepoint "Cleanup", Time since last: 6044343700 ns, Reaching safepoint: 166100 ns, Cleanup: 33000 ns, At safepoint: 19600 ns, Total: 218700 ns
[2025-05-20T20:28:50.898+0300][23224][11212][debug][safepoint] Safepoint synchronization initiated using striped semaphore wait barrier. (32 threads)
[2025-05-20T20:28:50.898+0300][23224][11212][info ][safepoint] Safepoint "Cleanup", Time since last: 4041095400 ns, Reaching safepoint: 195900 ns, Cleanup: 28800 ns, At safepoint: 27200 ns, Total: 251900 ns
[2025-05-20T20:28:51.901+0300][23224][11212][debug][safepoint] Safepoint synchronization initiated using striped semaphore wait barrier. (32 threads)
[2025-05-20T20:28:51.901+0300][23224][11212][info ][safepoint] Safepoint "Cleanup", Time since last: 1002083600 ns, Reaching safepoint: 91300 ns, Cleanup: 18100 ns, At safepoint: 5100 ns, Total: 114500 ns
[2025-05-20T20:28:52.913+0300][23224][11212][debug][safepoint] Safepoint synchronization initiated using striped semaphore wait barrier. (32 threads)
[2025-05-20T20:28:52.913+0300][23224][11212][info ][safepoint] Safepoint "Cleanup", Time since last: 1012650700 ns, Reaching safepoint: 147200 ns, Cleanup: 35800 ns, At safepoint: 22400 ns, Total: 205400 ns
[2025-05-20T20:28:53.924+0300][23224][11212][debug][safepoint] Safepoint synchronization initiated using striped semaphore wait barrier. (32 threads)
[2025-05-20T20:28:53.924+0300][23224][11212][info ][safepoint] Safepoint "Cleanup", Time since last: 1010689600 ns, Reaching safepoint: 144000 ns, Cleanup: 35000 ns, At safepoint: 53300 ns, Total: 232300 ns
[2025-05-20T20:28:57.955+0300][23224][11212][debug][safepoint] Safepoint synchronization initiated using striped semaphore wait barrier. (32 threads)
[2025-05-20T20:28:57.955+0300][23224][11212][info ][safepoint] Safepoint "Cleanup", Time since last: 4030819100 ns, Reaching safepoint: 118100 ns, Cleanup: 29800 ns, At safepoint: 14000 ns, Total: 161900 ns
[2025-05-20T20:29:03.003+0300][23224][11212][debug][safepoint] Safepoint synchronization initiated using striped semaphore wait barrier. (32 threads)
[2025-05-20T20:29:03.004+0300][23224][11212][info ][safepoint] Safepoint "Cleanup", Time since last: 5048125600 ns, Reaching safepoint: 144400 ns, Cleanup: 40200 ns, At safepoint: 24100 ns, Total: 208700 ns
[2025-05-20T20:29:07.034+0300][23224][11212][debug][safepoint] Safepoint synchronization initiated using striped semaphore wait barrier. (32 threads)
[2025-05-20T20:29:07.034+0300][23224][11212][info ][safepoint] Safepoint "Cleanup", Time since last: 4030298300 ns, Reaching safepoint: 152600 ns, Cleanup: 45400 ns, At safepoint: 49800 ns, Total: 247800 ns
[2025-05-20T20:29:08.049+0300][23224][11212][debug][safepoint] Safepoint synchronization initiated using striped semaphore wait barrier. (32 threads)
[2025-05-20T20:29:08.049+0300][23224][11212][info ][safepoint] Safepoint "Cleanup", Time since last: 1015289800 ns, Reaching safepoint: 146000 ns, Cleanup: 48300 ns, At safepoint: 4400 ns, Total: 198700 ns
[2025-05-20T20:29:13.081+0300][23224][11212][debug][safepoint] Safepoint synchronization initiated using striped semaphore wait barrier. (32 threads)
[2025-05-20T20:29:13.081+0300][23224][1348 ][debug][safepoint] ... found polling page loop exception at pc = 0x000001f7691fabda, stub =0x000001f7683c6600
[2025-05-20T20:29:13.081+0300][23224][11212][info ][safepoint] Safepoint "Cleanup", Time since last: 5031392000 ns, Reaching safepoint: 277500 ns, Cleanup: 33600 ns, At safepoint: 13700 ns, Total: 324800 ns
[2025-05-20T20:29:23.066+0300][23224][11212][debug][safepoint] Safepoint synchronization initiated using striped semaphore wait barrier. (32 threads)
[2025-05-20T20:29:23.066+0300][23224][11212][info ][safepoint] Safepoint "Cleanup", Time since last: 9985910000 ns, Reaching safepoint: 141400 ns, Cleanup: 35900 ns, At safepoint: 16100 ns, Total: 193400 ns
[2025-05-20T20:29:28.092+0300][23224][11212][debug][safepoint] Safepoint synchronization initiated using striped semaphore wait barrier. (32 threads)
[2025-05-20T20:29:28.092+0300][23224][23392][debug][safepoint] ... found polling page loop exception at pc = 0x000001f768ee19fa, stub =0x000001f7683c6600
[2025-05-20T20:29:28.092+0300][23224][11212][info ][safepoint] Safepoint "Cleanup", Time since last: 5025021600 ns, Reaching safepoint: 262800 ns, Cleanup: 33300 ns, At safepoint: 18100 ns, Total: 314200 ns
[2025-05-20T20:29:30.109+0300][23224][11212][debug][safepoint] Safepoint synchronization initiated using striped semaphore wait barrier. (32 threads)
[2025-05-20T20:29:30.109+0300][23224][10952][debug][safepoint] ... found polling page loop exception at pc = 0x000001f768df4d47, stub =0x000001f7683c6600
[2025-05-20T20:29:30.109+0300][23224][11212][info ][safepoint] Safepoint "Cleanup", Time since last: 2016746000 ns, Reaching safepoint: 279200 ns, Cleanup: 36300 ns, At safepoint: 22200 ns, Total: 337700 ns
[2025-05-20T20:29:32.132+0300][23224][11212][debug][safepoint] Safepoint synchronization initiated using striped semaphore wait barrier. (32 threads)
[2025-05-20T20:29:32.132+0300][23224][11212][info ][safepoint] Safepoint "Cleanup", Time since last: 2021905600 ns, Reaching safepoint: 106700 ns, Cleanup: 20400 ns, At safepoint: 16200 ns, Total: 143300 ns
[2025-05-20T20:29:34.148+0300][23224][11212][debug][safepoint] Safepoint synchronization initiated using striped semaphore wait barrier. (32 threads)
[2025-05-20T20:29:34.148+0300][23224][1348 ][debug][safepoint] ... found polling page loop exception at pc = 0x000001f76901c5ce, stub =0x000001f7683c6600
[2025-05-20T20:29:34.148+0300][23224][11212][info ][safepoint] Safepoint "Cleanup", Time since last: 2016117600 ns, Reaching safepoint: 261300 ns, Cleanup: 32900 ns, At safepoint: 20600 ns, Total: 314800 ns
[2025-05-20T20:29:37.166+0300][23224][11212][debug][safepoint] Safepoint synchronization initiated using striped semaphore wait barrier. (32 threads)
[2025-05-20T20:29:37.166+0300][23224][10952][debug][safepoint] ... found polling page loop exception at pc = 0x000001f768ece57a, stub =0x000001f7683c6600
[2025-05-20T20:29:37.166+0300][23224][11212][info ][safepoint] Safepoint "Cleanup", Time since last: 3017847800 ns, Reaching safepoint: 259300 ns, Cleanup: 27100 ns, At safepoint: 17900 ns, Total: 304300 ns
[2025-05-20T20:29:39.183+0300][23224][11212][debug][safepoint] Safepoint synchronization initiated using striped semaphore wait barrier. (32 threads)
[2025-05-20T20:29:39.183+0300][23224][11212][info ][safepoint] Safepoint "Cleanup", Time since last: 2016248900 ns, Reaching safepoint: 375800 ns, Cleanup: 39500 ns, At safepoint: 56900 ns, Total: 472200 ns
[2025-05-20T20:29:41.203+0300][23224][11212][debug][safepoint] Safepoint synchronization initiated using striped semaphore wait barrier. (32 threads)
[2025-05-20T20:29:41.203+0300][23224][1348 ][debug][safepoint] ... found polling page loop exception at pc = 0x000001f769078896, stub =0x000001f7683c6600
[2025-05-20T20:29:41.203+0300][23224][11212][info ][safepoint] Safepoint "Cleanup", Time since last: 2019685100 ns, Reaching safepoint: 294200 ns, Cleanup: 34200 ns, At safepoint: 14900 ns, Total: 343300 ns
[2025-05-20T20:29:42.203+0300][23224][11212][debug][safepoint] Safepoint synchronization initiated using striped semaphore wait barrier. (32 threads)
[2025-05-20T20:29:42.203+0300][23224][13936][debug][safepoint] ... found polling page loop exception at pc = 0x000001f768ea7f94, stub =0x000001f7683c6600
[2025-05-20T20:29:42.203+0300][23224][11212][info ][safepoint] Safepoint "Cleanup", Time since last: 1000434800 ns, Reaching safepoint: 287300 ns, Cleanup: 34500 ns, At safepoint: 15300 ns, Total: 337100 ns
[2025-05-20T20:29:47.252+0300][23224][11212][debug][safepoint] Safepoint synchronization initiated using striped semaphore wait barrier. (32 threads)
[2025-05-20T20:29:47.252+0300][23224][13936][debug][safepoint] ... found polling page loop exception at pc = 0x000001f7691408f3, stub =0x000001f7683c6600
[2025-05-20T20:29:47.252+0300][23224][15464][debug][safepoint] ... found polling page loop exception at pc = 0x000001f7691408f3, stub =0x000001f7683c6600
[2025-05-20T20:29:47.252+0300][23224][11212][info ][safepoint] Safepoint "Cleanup", Time since last: 5047913400 ns, Reaching safepoint: 180400 ns, Cleanup: 14200 ns, At safepoint: 11200 ns, Total: 205800 ns
[2025-05-20T20:29:51.285+0300][23224][11212][debug][safepoint] Safepoint synchronization initiated using striped semaphore wait barrier. (32 threads)
[2025-05-20T20:29:51.285+0300][23224][1348 ][debug][safepoint] ... found polling page loop exception at pc = 0x000001f769091f70, stub =0x000001f7683c6600
[2025-05-20T20:29:51.285+0300][23224][11212][info ][safepoint] Safepoint "Cleanup", Time since last: 4033312500 ns, Reaching safepoint: 262600 ns, Cleanup: 34500 ns, At safepoint: 19200 ns, Total: 316300 ns
[2025-05-20T20:30:03.397+0300][23224][11212][debug][safepoint] Safepoint synchronization initiated using striped semaphore wait barrier. (32 threads)
[2025-05-20T20:30:03.397+0300][23224][11212][info ][safepoint] Safepoint "Cleanup", Time since last: 12111459300 ns, Reaching safepoint: 83800 ns, Cleanup: 24100 ns, At safepoint: 5700 ns, Total: 113600 ns
[2025-05-20T20:30:13.465+0300][23224][11212][debug][safepoint] Safepoint synchronization initiated using striped semaphore wait barrier. (32 threads)
[2025-05-20T20:30:13.465+0300][23224][11212][info ][safepoint] Safepoint "Cleanup", Time since last: 10067343600 ns, Reaching safepoint: 148100 ns, Cleanup: 34700 ns, At safepoint: 18200 ns, Total: 201000 ns
[2025-05-20T20:30:14.477+0300][23224][11212][debug][safepoint] Safepoint synchronization initiated using striped semaphore wait barrier. (32 threads)
[2025-05-20T20:30:14.477+0300][23224][1348 ][debug][safepoint] ... found polling page loop exception at pc = 0x000001f768f26d97, stub =0x000001f7683c6600
[2025-05-20T20:30:14.477+0300][23224][11212][info ][safepoint] Safepoint "Cleanup", Time since last: 1012121400 ns, Reaching safepoint: 258800 ns, Cleanup: 48200 ns, At safepoint: 22800 ns, Total: 329800 ns
[2025-05-20T20:30:19.078+0300][23224][14712][debug][safepoint] ... found polling page loop exception at pc = 0x000001f768ee19fa, stub =0x000001f7683c6600
[2025-05-20T20:30:29.124+0300][23224][11212][debug][safepoint] Safepoint synchronization initiated using striped semaphore wait barrier. (32 threads)
[2025-05-20T20:30:29.124+0300][23224][11212][info ][safepoint] Safepoint "Cleanup", Time since last: 14646593700 ns, Reaching safepoint: 147800 ns, Cleanup: 39400 ns, At safepoint: 32700 ns, Total: 219900 ns
[2025-05-20T20:30:32.157+0300][23224][11212][debug][safepoint] Safepoint synchronization initiated using striped semaphore wait barrier. (27 threads)
[2025-05-20T20:30:32.157+0300][23224][11212][info ][safepoint] Safepoint "Cleanup", Time since last: 3033394200 ns, Reaching safepoint: 94300 ns, Cleanup: 14700 ns, At safepoint: 15400 ns, Total: 124400 ns
[2025-05-20T20:30:32.414+0300][23224][11212][debug][safepoint] Safepoint synchronization initiated using striped semaphore wait barrier. (25 threads)
[2025-05-20T20:30:32.414+0300][23224][11212][debug][gc,heap  ] GC(5) Heap before GC invocations=5 (full 1):
[2025-05-20T20:30:32.414+0300][23224][11212][debug][gc,heap  ] GC(5)  garbage-first heap   total 12582912K, used 3817410K [0x0000000500000000, 0x0000000800000000)
[2025-05-20T20:30:32.414+0300][23224][11212][debug][gc,heap  ] GC(5)   region size 8192K, 466 young (3817472K), 1 survivors (8192K)
[2025-05-20T20:30:32.414+0300][23224][11212][debug][gc,heap  ] GC(5)  Metaspace       used 34669K, committed 35584K, reserved 1114112K
[2025-05-20T20:30:32.414+0300][23224][11212][debug][gc,heap  ] GC(5)   class space    used 2948K, committed 3328K, reserved 1048576K
[2025-05-20T20:30:32.420+0300][23224][11212][debug][gc,phases] GC(5) Phase 1: Reference Processing 0.332ms
[2025-05-20T20:30:32.420+0300][23224][11212][debug][gc,phases] GC(5)   VM Weak                        Min:  0.0, Avg:  0.0, Max:  0.0, Diff:  0.0, Sum:  0.0, Workers: 8
[2025-05-20T20:30:32.420+0300][23224][11212][debug][gc,phases] GC(5)     Dead                           Min: 0, Avg: 26.2, Max: 88, Diff: 88, Sum: 210, Workers: 8
[2025-05-20T20:30:32.420+0300][23224][11212][debug][gc,phases] GC(5)     Total                          Min: 0, Avg: 69.2, Max: 234, Diff: 234, Sum: 554, Workers: 8
[2025-05-20T20:30:32.420+0300][23224][11212][debug][gc,phases] GC(5)   ObjectSynchronizer Weak        Min:  0.0, Avg:  0.0, Max:  0.0, Diff:  0.0, Sum:  0.0, Workers: 8
[2025-05-20T20:30:32.420+0300][23224][11212][debug][gc,phases] GC(5)     Dead                           Min: 0, Avg:  2.4, Max: 19, Diff: 19, Sum: 19, Workers: 8
[2025-05-20T20:30:32.420+0300][23224][11212][debug][gc,phases] GC(5)     Total                          Min: 0, Avg:  4.6, Max: 37, Diff: 37, Sum: 37, Workers: 8
[2025-05-20T20:30:32.420+0300][23224][11212][debug][gc,phases] GC(5)   JVMTI Tag Weak OopStorage      Min:  0.0, Avg:  0.0, Max:  0.0, Diff:  0.0, Sum:  0.0, Workers: 8
[2025-05-20T20:30:32.420+0300][23224][11212][debug][gc,phases] GC(5)     Dead                           Min: 0, Avg:  0.0, Max: 0, Diff: 0, Sum: 0, Workers: 8
[2025-05-20T20:30:32.420+0300][23224][11212][debug][gc,phases] GC(5)     Total                          Min: 0, Avg:  0.0, Max: 0, Diff: 0, Sum: 0, Workers: 8
[2025-05-20T20:30:32.420+0300][23224][11212][debug][gc,phases] GC(5)   StringTable Weak               Min:  0.0, Avg:  0.0, Max:  0.1, Diff:  0.1, Sum:  0.2, Workers: 8
[2025-05-20T20:30:32.420+0300][23224][11212][debug][gc,phases] GC(5)     Dead                           Min: 0, Avg: 169.5, Max: 505, Diff: 505, Sum: 1356, Workers: 8
[2025-05-20T20:30:32.420+0300][23224][11212][debug][gc,phases] GC(5)     Total                          Min: 0, Avg: 3460.8, Max: 6016, Diff: 6016, Sum: 27686, Workers: 8
[2025-05-20T20:30:32.420+0300][23224][11212][debug][gc,phases] GC(5)   ResolvedMethodTable Weak       Min:  0.0, Avg:  0.0, Max:  0.0, Diff:  0.0, Sum:  0.0, Workers: 8
[2025-05-20T20:30:32.420+0300][23224][11212][debug][gc,phases] GC(5)     Dead                           Min: 0, Avg: 13.6, Max: 31, Diff: 31, Sum: 109, Workers: 8
[2025-05-20T20:30:32.420+0300][23224][11212][debug][gc,phases] GC(5)     Total                          Min: 0, Avg: 213.5, Max: 320, Diff: 320, Sum: 1708, Workers: 8
[2025-05-20T20:30:32.420+0300][23224][11212][debug][gc,phases] GC(5)   JNI Weak                       Min:  0.0, Avg:  0.0, Max:  0.0, Diff:  0.0, Sum:  0.0, Workers: 8
[2025-05-20T20:30:32.420+0300][23224][11212][debug][gc,phases] GC(5)     Dead                           Min: 0, Avg:  0.0, Max: 0, Diff: 0, Sum: 0, Workers: 8
[2025-05-20T20:30:32.420+0300][23224][11212][debug][gc,phases] GC(5)     Total                          Min: 0, Avg:  0.0, Max: 0, Diff: 0, Sum: 0, Workers: 8
[2025-05-20T20:30:32.420+0300][23224][11212][debug][gc,phases] GC(5)   StringDedup Table Weak         Min:  0.0, Avg:  0.0, Max:  0.0, Diff:  0.0, Sum:  0.0, Workers: 8
[2025-05-20T20:30:32.420+0300][23224][11212][debug][gc,phases] GC(5)     Dead                           Min: 0, Avg:  0.0, Max: 0, Diff: 0, Sum: 0, Workers: 8
[2025-05-20T20:30:32.420+0300][23224][11212][debug][gc,phases] GC(5)     Total                          Min: 0, Avg:  0.0, Max: 0, Diff: 0, Sum: 0, Workers: 8
[2025-05-20T20:30:32.420+0300][23224][11212][debug][gc,phases] GC(5)   StringDedup Requests0 Weak     Min:  0.0, Avg:  0.0, Max:  0.0, Diff:  0.0, Sum:  0.0, Workers: 8
[2025-05-20T20:30:32.420+0300][23224][11212][debug][gc,phases] GC(5)     Dead                           Min: 0, Avg:  0.0, Max: 0, Diff: 0, Sum: 0, Workers: 8
[2025-05-20T20:30:32.420+0300][23224][11212][debug][gc,phases] GC(5)     Total                          Min: 0, Avg:  0.0, Max: 0, Diff: 0, Sum: 0, Workers: 8
[2025-05-20T20:30:32.420+0300][23224][11212][debug][gc,phases] GC(5)   StringDedup Requests1 Weak     Min:  0.0, Avg:  0.0, Max:  0.0, Diff:  0.0, Sum:  0.0, Workers: 8
[2025-05-20T20:30:32.420+0300][23224][11212][debug][gc,phases] GC(5)     Dead                           Min: 0, Avg:  0.0, Max: 0, Diff: 0, Sum: 0, Workers: 8
[2025-05-20T20:30:32.420+0300][23224][11212][debug][gc,phases] GC(5)     Total                          Min: 0, Avg:  0.0, Max: 0, Diff: 0, Sum: 0, Workers: 8
[2025-05-20T20:30:32.420+0300][23224][11212][debug][gc,phases] GC(5)   Weak JFR Old Object Samples    Min:  0.0, Avg:  0.0, Max:  0.0, Diff:  0.0, Sum:  0.0, Workers: 8
[2025-05-20T20:30:32.420+0300][23224][11212][debug][gc,phases] GC(5)     Dead                           Min: 0, Avg:  0.0, Max: 0, Diff: 0, Sum: 0, Workers: 8
[2025-05-20T20:30:32.420+0300][23224][11212][debug][gc,phases] GC(5)     Total                          Min: 0, Avg:  0.0, Max: 0, Diff: 0, Sum: 0, Workers: 8
[2025-05-20T20:30:32.420+0300][23224][11212][debug][gc,phases] GC(5) Phase 1: Weak Processing 0.441ms
[2025-05-20T20:30:32.420+0300][23224][11212][debug][gc,phases] GC(5) ClassLoaderData 0.370ms
[2025-05-20T20:30:32.420+0300][23224][11212][debug][gc,phases] GC(5) Trigger cleanups 0.006ms
[2025-05-20T20:30:32.430+0300][23224][11212][debug][gc,phases] GC(5) G1 Complete Cleaning 12.284ms
[2025-05-20T20:30:32.430+0300][23224][11212][debug][gc,phases] GC(5) Purge Unlinked NMethods 0.404ms
[2025-05-20T20:30:32.430+0300][23224][11212][debug][gc,phases] GC(5) Unregister NMethods 0.405ms
[2025-05-20T20:30:32.430+0300][23224][11212][debug][gc,phases] GC(5) Free Code Blobs 0.107ms
[2025-05-20T20:30:32.430+0300][23224][11212][debug][gc,phases] GC(5) Purge Class Loader Data 0.693ms
[2025-05-20T20:30:32.430+0300][23224][11212][debug][gc,phases] GC(5) Phase 1: Class Unloading and Cleanup 14.424ms
[2025-05-20T20:30:32.430+0300][23224][11212][debug][gc,phases] GC(5) Report Object Count 0.001ms
[2025-05-20T20:30:32.430+0300][23224][11212][info ][gc,phases] GC(5) Phase 1: Mark live objects 18.360ms
[2025-05-20T20:30:32.430+0300][23224][11212][debug][gc,phases] GC(5) Phase 2: Determine work lists 0.045ms
[2025-05-20T20:30:32.438+0300][23224][11212][debug][gc,phases] GC(5) Phase 2: Prepare parallel compaction 4.050ms
[2025-05-20T20:30:32.438+0300][23224][11212][info ][gc,phases] GC(5) Phase 2: Prepare compaction 4.145ms
[2025-05-20T20:30:32.446+0300][23224][11212][info ][gc,phases] GC(5) Phase 3: Adjust pointers 8.932ms
[2025-05-20T20:30:32.454+0300][23224][11212][info ][gc,phases] GC(5) Phase 4: Compact heap 3.960ms
[2025-05-20T20:30:32.456+0300][23224][11212][info ][gc,phases] GC(5) Phase 5: Reset Metadata 2.718ms
[2025-05-20T20:30:32.470+0300][23224][11212][info ][gc,heap  ] GC(5) Eden regions: 465->0(921)
[2025-05-20T20:30:32.470+0300][23224][11212][info ][gc,heap  ] GC(5) Survivor regions: 1->0(21)
[2025-05-20T20:30:32.470+0300][23224][11212][info ][gc,heap  ] GC(5) Old regions: 8->8
[2025-05-20T20:30:32.470+0300][23224][11212][info ][gc,heap  ] GC(5) Humongous regions: 0->0
[2025-05-20T20:30:32.470+0300][23224][11212][debug][gc,heap  ] GC(5) Heap after GC invocations=6 (full 2):
[2025-05-20T20:30:32.470+0300][23224][11212][debug][gc,heap  ] GC(5)  garbage-first heap   total 12582912K, used 14127K [0x0000000500000000, 0x0000000800000000)
[2025-05-20T20:30:32.470+0300][23224][11212][debug][gc,heap  ] GC(5)   region size 8192K, 0 young (0K), 0 survivors (0K)
[2025-05-20T20:30:32.470+0300][23224][11212][debug][gc,heap  ] GC(5)  Metaspace       used 33226K, committed 35456K, reserved 1114112K
[2025-05-20T20:30:32.470+0300][23224][11212][debug][gc,heap  ] GC(5)   class space    used 2783K, committed 3328K, reserved 1048576K
[2025-05-20T20:30:32.470+0300][23224][11212][info ][gc       ] GC(5) Pause Full (System.gc()) 3735M->13M(12288M) 58.060ms
[2025-05-20T20:30:32.470+0300][23224][11212][info ][safepoint] Safepoint "G1CollectFull", Time since last: 259959300 ns, Reaching safepoint: 47100 ns, Cleanup: 29900 ns, At safepoint: 58087200 ns, Total: 58164200 ns
[2025-05-20T20:30:33.485+0300][23224][11212][debug][safepoint] Safepoint synchronization initiated using striped semaphore wait barrier. (33 threads)
[2025-05-20T20:30:33.485+0300][23224][11212][info ][safepoint] Safepoint "Cleanup", Time since last: 1009263100 ns, Reaching safepoint: 102100 ns, Cleanup: 117900 ns, At safepoint: 9100 ns, Total: 229100 ns
[2025-05-20T20:30:34.486+0300][23224][11212][debug][safepoint] Safepoint synchronization initiated using striped semaphore wait barrier. (32 threads)
[2025-05-20T20:30:34.486+0300][23224][11212][info ][safepoint] Safepoint "Cleanup", Time since last: 1000408400 ns, Reaching safepoint: 104200 ns, Cleanup: 43900 ns, At safepoint: 17100 ns, Total: 165200 ns
[2025-05-20T20:30:35.500+0300][23224][11212][debug][safepoint] Safepoint synchronization initiated using striped semaphore wait barrier. (32 threads)
[2025-05-20T20:30:35.500+0300][23224][18632][debug][safepoint] ... found polling page loop exception at pc = 0x000001f768ea7f94, stub =0x000001f7683c6600
[2025-05-20T20:30:35.500+0300][23224][11212][info ][safepoint] Safepoint "Cleanup", Time since last: 1014618600 ns, Reaching safepoint: 209600 ns, Cleanup: 26700 ns, At safepoint: 15100 ns, Total: 251400 ns
[2025-05-20T20:30:36.511+0300][23224][11212][debug][safepoint] Safepoint synchronization initiated using striped semaphore wait barrier. (32 threads)
[2025-05-20T20:30:36.511+0300][23224][11212][info ][safepoint] Safepoint "Cleanup", Time since last: 1009954500 ns, Reaching safepoint: 110100 ns, Cleanup: 11800 ns, At safepoint: 8200 ns, Total: 130100 ns
[2025-05-20T20:30:37.515+0300][23224][11212][debug][safepoint] Safepoint synchronization initiated using striped semaphore wait barrier. (32 threads)
[2025-05-20T20:30:37.515+0300][23224][1348 ][debug][safepoint] ... found polling page loop exception at pc = 0x000001f768df4d47, stub =0x000001f7683c6600
[2025-05-20T20:30:37.515+0300][23224][11212][info ][safepoint] Safepoint "Cleanup", Time since last: 1004289200 ns, Reaching safepoint: 281200 ns, Cleanup: 25000 ns, At safepoint: 14400 ns, Total: 320600 ns
[2025-05-20T20:30:38.519+0300][23224][11212][debug][safepoint] Safepoint synchronization initiated using striped semaphore wait barrier. (32 threads)
[2025-05-20T20:30:38.519+0300][23224][9928 ][debug][safepoint] ... found polling page loop exception at pc = 0x000001f768ece899, stub =0x000001f7683c6600
[2025-05-20T20:30:38.519+0300][23224][11212][info ][safepoint] Safepoint "Cleanup", Time since last: 1004047600 ns, Reaching safepoint: 228100 ns, Cleanup: 19500 ns, At safepoint: 17500 ns, Total: 265100 ns
[2025-05-20T20:30:40.535+0300][23224][11212][debug][safepoint] Safepoint synchronization initiated using striped semaphore wait barrier. (32 threads)
[2025-05-20T20:30:40.535+0300][23224][11212][info ][safepoint] Safepoint "Cleanup", Time since last: 2015619200 ns, Reaching safepoint: 89200 ns, Cleanup: 15500 ns, At safepoint: 4500 ns, Total: 109200 ns
[2025-05-20T20:30:41.545+0300][23224][11212][debug][safepoint] Safepoint synchronization initiated using striped semaphore wait barrier. (32 threads)
[2025-05-20T20:30:41.545+0300][23224][11212][info ][safepoint] Safepoint "Cleanup", Time since last: 1010054000 ns, Reaching safepoint: 152500 ns, Cleanup: 44600 ns, At safepoint: 25400 ns, Total: 222500 ns
[2025-05-20T20:30:42.547+0300][23224][11212][debug][safepoint] Safepoint synchronization initiated using striped semaphore wait barrier. (32 threads)
[2025-05-20T20:30:42.547+0300][23224][11212][info ][safepoint] Safepoint "Cleanup", Time since last: 1001875700 ns, Reaching safepoint: 151600 ns, Cleanup: 43200 ns, At safepoint: 27800 ns, Total: 222600 ns
[2025-05-20T20:30:43.549+0300][23224][11212][debug][safepoint] Safepoint synchronization initiated using striped semaphore wait barrier. (32 threads)
[2025-05-20T20:30:43.549+0300][23224][11212][info ][safepoint] Safepoint "Cleanup", Time since last: 1001229800 ns, Reaching safepoint: 123100 ns, Cleanup: 15200 ns, At safepoint: 17500 ns, Total: 155800 ns
[2025-05-20T20:30:44.552+0300][23224][11212][debug][safepoint] Safepoint synchronization initiated using striped semaphore wait barrier. (32 threads)
[2025-05-20T20:30:44.552+0300][23224][11212][info ][safepoint] Safepoint "Cleanup", Time since last: 1003069500 ns, Reaching safepoint: 188400 ns, Cleanup: 39300 ns, At safepoint: 39600 ns, Total: 267300 ns
[2025-05-20T20:30:45.560+0300][23224][11212][debug][safepoint] Safepoint synchronization initiated using striped semaphore wait barrier. (32 threads)
[2025-05-20T20:30:45.560+0300][23224][11212][info ][safepoint] Safepoint "Cleanup", Time since last: 1007466000 ns, Reaching safepoint: 135900 ns, Cleanup: 19200 ns, At safepoint: 7600 ns, Total: 162700 ns
[2025-05-20T20:30:46.560+0300][23224][11212][debug][safepoint] Safepoint synchronization initiated using striped semaphore wait barrier. (32 threads)
[2025-05-20T20:30:46.561+0300][23224][11212][info ][safepoint] Safepoint "Cleanup", Time since last: 1000123100 ns, Reaching safepoint: 142100 ns, Cleanup: 39600 ns, At safepoint: 40600 ns, Total: 222300 ns
[2025-05-20T20:30:52.611+0300][23224][11212][debug][safepoint] Safepoint synchronization initiated using striped semaphore wait barrier. (32 threads)
[2025-05-20T20:30:52.611+0300][23224][11212][info ][safepoint] Safepoint "Cleanup", Time since last: 6050756000 ns, Reaching safepoint: 122300 ns, Cleanup: 64500 ns, At safepoint: 17600 ns, Total: 204400 ns
[2025-05-20T20:30:53.620+0300][23224][11212][debug][safepoint] Safepoint synchronization initiated using striped semaphore wait barrier. (32 threads)
[2025-05-20T20:30:53.620+0300][23224][5916 ][debug][safepoint] ... found polling page loop exception at pc = 0x000001f768ee1be8, stub =0x000001f7683c6600
[2025-05-20T20:30:53.620+0300][23224][11212][info ][safepoint] Safepoint "Cleanup", Time since last: 1009022500 ns, Reaching safepoint: 282000 ns, Cleanup: 44300 ns, At safepoint: 20300 ns, Total: 346600 ns
[2025-05-20T20:30:54.632+0300][23224][11212][debug][safepoint] Safepoint synchronization initiated using striped semaphore wait barrier. (32 threads)
[2025-05-20T20:30:54.632+0300][23224][11212][info ][safepoint] Safepoint "Cleanup", Time since last: 1010720700 ns, Reaching safepoint: 124100 ns, Cleanup: 18300 ns, At safepoint: 3000 ns, Total: 145400 ns
[2025-05-20T20:30:55.643+0300][23224][11212][debug][safepoint] Safepoint synchronization initiated using striped semaphore wait barrier. (32 threads)
[2025-05-20T20:30:55.643+0300][23224][11212][info ][safepoint] Safepoint "Cleanup", Time since last: 1011723800 ns, Reaching safepoint: 151500 ns, Cleanup: 20800 ns, At safepoint: 60700 ns, Total: 233000 ns
[2025-05-20T20:30:57.666+0300][23224][11212][debug][safepoint] Safepoint synchronization initiated using striped semaphore wait barrier. (32 threads)
[2025-05-20T20:30:57.666+0300][23224][11212][info ][safepoint] Safepoint "Cleanup", Time since last: 2023028300 ns, Reaching safepoint: 132700 ns, Cleanup: 28500 ns, At safepoint: 16300 ns, Total: 177500 ns
[2025-05-20T20:31:00.698+0300][23224][11212][debug][safepoint] Safepoint synchronization initiated using striped semaphore wait barrier. (32 threads)
[2025-05-20T20:31:00.698+0300][23224][11212][info ][safepoint] Safepoint "Cleanup", Time since last: 3030722000 ns, Reaching safepoint: 84500 ns, Cleanup: 21200 ns, At safepoint: 7100 ns, Total: 112800 ns
[2025-05-20T20:31:14.843+0300][23224][11212][debug][safepoint] Safepoint synchronization initiated using striped semaphore wait barrier. (32 threads)
[2025-05-20T20:31:14.843+0300][23224][11212][info ][safepoint] Safepoint "Cleanup", Time since last: 14145139500 ns, Reaching safepoint: 176100 ns, Cleanup: 58600 ns, At safepoint: 31500 ns, Total: 266200 ns
[2025-05-20T20:31:16.847+0300][23224][11212][debug][safepoint] Safepoint synchronization initiated using striped semaphore wait barrier. (32 threads)
[2025-05-20T20:31:16.847+0300][23224][22520][debug][safepoint] ... found polling page loop exception at pc = 0x000001f7691fa46a, stub =0x000001f7683c6600
[2025-05-20T20:31:16.847+0300][23224][11212][info ][safepoint] Safepoint "Cleanup", Time since last: 2003851200 ns, Reaching safepoint: 284400 ns, Cleanup: 33100 ns, At safepoint: 14900 ns, Total: 332400 ns
[2025-05-20T20:31:19.136+0300][23224][20936][debug][safepoint] ... found polling page loop exception at pc = 0x000001f7692cadff, stub =0x000001f7683c6600
[2025-05-20T20:31:23.164+0300][23224][11212][debug][safepoint] Safepoint synchronization initiated using striped semaphore wait barrier. (32 threads)
[2025-05-20T20:31:23.164+0300][23224][20936][debug][safepoint] ... found polling page loop exception at pc = 0x000001f76901c5ce, stub =0x000001f7683c6600
[2025-05-20T20:31:23.164+0300][23224][11212][info ][safepoint] Safepoint "Cleanup", Time since last: 6317157300 ns, Reaching safepoint: 289800 ns, Cleanup: 59800 ns, At safepoint: 24900 ns, Total: 374500 ns
[2025-05-20T20:31:33.262+0300][23224][11212][debug][safepoint] Safepoint synchronization initiated using striped semaphore wait barrier. (32 threads)
[2025-05-20T20:31:33.262+0300][23224][20936][debug][safepoint] ... found polling page loop exception at pc = 0x000001f768f0aec2, stub =0x000001f7683c5d80
[2025-05-20T20:31:33.262+0300][23224][22892][debug][safepoint] ... found polling page loop exception at pc = 0x000001f769429add, stub =0x000001f7683c6600
[2025-05-20T20:31:33.262+0300][23224][11212][info ][safepoint] Safepoint "Cleanup", Time since last: 10097020200 ns, Reaching safepoint: 462000 ns, Cleanup: 32200 ns, At safepoint: 24200 ns, Total: 518400 ns
[2025-05-20T20:31:35.289+0300][23224][11212][debug][safepoint] Safepoint synchronization initiated using striped semaphore wait barrier. (32 threads)
[2025-05-20T20:31:35.289+0300][23224][22520][debug][safepoint] ... found polling page loop exception at pc = 0x000001f7692cadff, stub =0x000001f7683c6600
[2025-05-20T20:31:35.289+0300][23224][11212][info ][safepoint] Safepoint "Cleanup", Time since last: 2026658100 ns, Reaching safepoint: 287700 ns, Cleanup: 32600 ns, At safepoint: 14800 ns, Total: 335100 ns
[2025-05-20T20:31:37.304+0300][23224][11212][debug][safepoint] Safepoint synchronization initiated using striped semaphore wait barrier. (32 threads)
[2025-05-20T20:31:37.304+0300][23224][11212][info ][safepoint] Safepoint "Cleanup", Time since last: 2015215800 ns, Reaching safepoint: 139400 ns, Cleanup: 31600 ns, At safepoint: 7800 ns, Total: 178800 ns
[2025-05-20T20:31:38.317+0300][23224][11212][debug][safepoint] Safepoint synchronization initiated using striped semaphore wait barrier. (32 threads)
[2025-05-20T20:31:38.317+0300][23224][11212][info ][safepoint] Safepoint "Cleanup", Time since last: 1011847000 ns, Reaching safepoint: 100300 ns, Cleanup: 23700 ns, At safepoint: 14700 ns, Total: 138700 ns
[2025-05-20T20:31:39.330+0300][23224][11212][debug][safepoint] Safepoint synchronization initiated using striped semaphore wait barrier. (32 threads)
[2025-05-20T20:31:39.330+0300][23224][11212][info ][safepoint] Safepoint "Cleanup", Time since last: 1013422900 ns, Reaching safepoint: 101500 ns, Cleanup: 29700 ns, At safepoint: 11300 ns, Total: 142500 ns
[2025-05-20T20:31:55.440+0300][23224][11212][debug][safepoint] Safepoint synchronization initiated using striped semaphore wait barrier. (32 threads)
[2025-05-20T20:31:55.440+0300][23224][9928 ][debug][safepoint] ... found polling page loop exception at pc = 0x000001f768df53bf, stub =0x000001f7683c6600
[2025-05-20T20:31:55.440+0300][23224][11212][info ][safepoint] Safepoint "Cleanup", Time since last: 16109543800 ns, Reaching safepoint: 292800 ns, Cleanup: 33700 ns, At safepoint: 19500 ns, Total: 346000 ns
[2025-05-20T20:32:12.556+0300][23224][11212][debug][safepoint] Safepoint synchronization initiated using striped semaphore wait barrier. (32 threads)
[2025-05-20T20:32:12.556+0300][23224][11212][info ][safepoint] Safepoint "Cleanup", Time since last: 17115742600 ns, Reaching safepoint: 143300 ns, Cleanup: 34800 ns, At safepoint: 4600 ns, Total: 182700 ns
[2025-05-20T20:32:19.251+0300][23224][20936][debug][safepoint] ... found polling page loop exception at pc = 0x000001f7693b8dfb, stub =0x000001f7683c6600
[2025-05-20T20:32:22.281+0300][23224][11212][debug][safepoint] Safepoint synchronization initiated using striped semaphore wait barrier. (32 threads)
[2025-05-20T20:32:22.281+0300][23224][11212][info ][safepoint] Safepoint "Cleanup", Time since last: 9724409600 ns, Reaching safepoint: 108200 ns, Cleanup: 25400 ns, At safepoint: 22400 ns, Total: 156000 ns
[2025-05-20T20:32:26.319+0300][23224][11212][debug][safepoint] Safepoint synchronization initiated using striped semaphore wait barrier. (32 threads)
[2025-05-20T20:32:26.319+0300][23224][2692 ][debug][safepoint] ... found polling page loop exception at pc = 0x000001f7693e7fce, stub =0x000001f7683c6600
[2025-05-20T20:32:26.319+0300][23224][21788][debug][safepoint] ... found polling page loop exception at pc = 0x000001f76927b92d, stub =0x000001f7683c5d80
[2025-05-20T20:32:26.319+0300][23224][18632][debug][safepoint] ... found polling page loop exception at pc = 0x000001f768ece3ad, stub =0x000001f7683c6600
[2025-05-20T20:32:26.319+0300][23224][11212][info ][safepoint] Safepoint "Cleanup", Time since last: 4038876800 ns, Reaching safepoint: 622500 ns, Cleanup: 22600 ns, At safepoint: 25800 ns, Total: 670900 ns
[2025-05-20T20:32:31.352+0300][23224][11212][debug][safepoint] Safepoint synchronization initiated using striped semaphore wait barrier. (32 threads)
[2025-05-20T20:32:31.352+0300][23224][21788][debug][safepoint] ... found polling page loop exception at pc = 0x000001f7692cadff, stub =0x000001f7683c6600
[2025-05-20T20:32:31.352+0300][23224][11212][info ][safepoint] Safepoint "Cleanup", Time since last: 5031677100 ns, Reaching safepoint: 287100 ns, Cleanup: 31800 ns, At safepoint: 29800 ns, Total: 348700 ns
[2025-05-20T20:32:37.394+0300][23224][11212][debug][safepoint] Safepoint synchronization initiated using striped semaphore wait barrier. (32 threads)
[2025-05-20T20:32:37.394+0300][23224][20936][debug][safepoint] ... found polling page loop exception at pc = 0x000001f768fb0af3, stub =0x000001f7683c6600
[2025-05-20T20:32:37.394+0300][23224][11212][info ][safepoint] Safepoint "Cleanup", Time since last: 6041744600 ns, Reaching safepoint: 317500 ns, Cleanup: 39100 ns, At safepoint: 33000 ns, Total: 389600 ns
[2025-05-20T20:33:19.481+0300][23224][20936][debug][safepoint] ... found polling page loop exception at pc = 0x000001f7693e8050, stub =0x000001f7683c6600
[2025-05-20T20:33:19.481+0300][23224][18632][debug][safepoint] ... found polling page loop exception at pc = 0x000001f769091f70, stub =0x000001f7683c6600
[2025-05-20T20:33:25.538+0300][23224][11212][debug][safepoint] Safepoint synchronization initiated using striped semaphore wait barrier. (32 threads)
[2025-05-20T20:33:25.538+0300][23224][22892][debug][safepoint] ... found polling page loop exception at pc = 0x000001f768df53bf, stub =0x000001f7683c6600
[2025-05-20T20:33:25.538+0300][23224][11212][info ][safepoint] Safepoint "Cleanup", Time since last: 48143482700 ns, Reaching safepoint: 169600 ns, Cleanup: 21200 ns, At safepoint: 7000 ns, Total: 197800 ns
[2025-05-20T20:33:38.051+0300][23224][11212][debug][safepoint] Safepoint synchronization initiated using striped semaphore wait barrier. (24 threads)
[2025-05-20T20:33:38.051+0300][23224][11212][debug][gc,heap  ] GC(6) Heap before GC invocations=6 (full 2):
[2025-05-20T20:33:38.051+0300][23224][11212][debug][gc,heap  ] GC(6)  garbage-first heap   total 12582912K, used 5543727K [0x0000000500000000, 0x0000000800000000)
[2025-05-20T20:33:38.051+0300][23224][11212][debug][gc,heap  ] GC(6)   region size 8192K, 676 young (5537792K), 0 survivors (0K)
[2025-05-20T20:33:38.051+0300][23224][11212][debug][gc,heap  ] GC(6)  Metaspace       used 34381K, committed 35520K, reserved 1114112K
[2025-05-20T20:33:38.051+0300][23224][11212][debug][gc,heap  ] GC(6)   class space    used 2863K, committed 3328K, reserved 1048576K
[2025-05-20T20:33:38.055+0300][23224][11212][debug][gc,phases] GC(6) Phase 1: Reference Processing 0.449ms
[2025-05-20T20:33:38.055+0300][23224][11212][debug][gc,phases] GC(6)   VM Weak                        Min:  0.0, Avg:  0.0, Max:  0.0, Diff:  0.0, Sum:  0.0, Workers: 8
[2025-05-20T20:33:38.055+0300][23224][11212][debug][gc,phases] GC(6)     Dead                           Min: 0, Avg:  5.6, Max: 29, Diff: 29, Sum: 45, Workers: 8
[2025-05-20T20:33:38.055+0300][23224][11212][debug][gc,phases] GC(6)     Total                          Min: 0, Avg: 49.5, Max: 256, Diff: 256, Sum: 396, Workers: 8
[2025-05-20T20:33:38.055+0300][23224][11212][debug][gc,phases] GC(6)   ObjectSynchronizer Weak        Min:  0.0, Avg:  0.0, Max:  0.0, Diff:  0.0, Sum:  0.0, Workers: 8
[2025-05-20T20:33:38.055+0300][23224][11212][debug][gc,phases] GC(6)     Dead                           Min: 0, Avg:  3.4, Max: 27, Diff: 27, Sum: 27, Workers: 8
[2025-05-20T20:33:38.055+0300][23224][11212][debug][gc,phases] GC(6)     Total                          Min: 0, Avg:  5.4, Max: 43, Diff: 43, Sum: 43, Workers: 8
[2025-05-20T20:33:38.055+0300][23224][11212][debug][gc,phases] GC(6)   JVMTI Tag Weak OopStorage      Min:  0.0, Avg:  0.0, Max:  0.0, Diff:  0.0, Sum:  0.0, Workers: 8
[2025-05-20T20:33:38.055+0300][23224][11212][debug][gc,phases] GC(6)     Dead                           Min: 0, Avg:  0.0, Max: 0, Diff: 0, Sum: 0, Workers: 8
[2025-05-20T20:33:38.055+0300][23224][11212][debug][gc,phases] GC(6)     Total                          Min: 0, Avg:  0.0, Max: 0, Diff: 0, Sum: 0, Workers: 8
[2025-05-20T20:33:38.055+0300][23224][11212][debug][gc,phases] GC(6)   StringTable Weak               Min:  0.0, Avg:  0.0, Max:  0.1, Diff:  0.1, Sum:  0.3, Workers: 8
[2025-05-20T20:33:38.055+0300][23224][11212][debug][gc,phases] GC(6)     Dead                           Min: 0, Avg: 198.2, Max: 696, Diff: 696, Sum: 1586, Workers: 8
[2025-05-20T20:33:38.055+0300][23224][11212][debug][gc,phases] GC(6)     Total                          Min: 0, Avg: 3491.8, Max: 7744, Diff: 7744, Sum: 27934, Workers: 8
[2025-05-20T20:33:38.055+0300][23224][11212][debug][gc,phases] GC(6)   ResolvedMethodTable Weak       Min:  0.0, Avg:  0.0, Max:  0.0, Diff:  0.0, Sum:  0.0, Workers: 8
[2025-05-20T20:33:38.055+0300][23224][11212][debug][gc,phases] GC(6)     Dead                           Min: 0, Avg:  9.2, Max: 40, Diff: 40, Sum: 74, Workers: 8
[2025-05-20T20:33:38.055+0300][23224][11212][debug][gc,phases] GC(6)     Total                          Min: 0, Avg: 221.0, Max: 320, Diff: 320, Sum: 1768, Workers: 8
[2025-05-20T20:33:38.055+0300][23224][11212][debug][gc,phases] GC(6)   JNI Weak                       Min:  0.0, Avg:  0.0, Max:  0.0, Diff:  0.0, Sum:  0.0, Workers: 8
[2025-05-20T20:33:38.055+0300][23224][11212][debug][gc,phases] GC(6)     Dead                           Min: 0, Avg:  0.0, Max: 0, Diff: 0, Sum: 0, Workers: 8
[2025-05-20T20:33:38.055+0300][23224][11212][debug][gc,phases] GC(6)     Total                          Min: 0, Avg:  0.1, Max: 1, Diff: 1, Sum: 1, Workers: 8
[2025-05-20T20:33:38.055+0300][23224][11212][debug][gc,phases] GC(6)   StringDedup Table Weak         Min:  0.0, Avg:  0.0, Max:  0.0, Diff:  0.0, Sum:  0.0, Workers: 8
[2025-05-20T20:33:38.055+0300][23224][11212][debug][gc,phases] GC(6)     Dead                           Min: 0, Avg:  0.0, Max: 0, Diff: 0, Sum: 0, Workers: 8
[2025-05-20T20:33:38.055+0300][23224][11212][debug][gc,phases] GC(6)     Total                          Min: 0, Avg:  0.0, Max: 0, Diff: 0, Sum: 0, Workers: 8
[2025-05-20T20:33:38.055+0300][23224][11212][debug][gc,phases] GC(6)   StringDedup Requests0 Weak     Min:  0.0, Avg:  0.0, Max:  0.0, Diff:  0.0, Sum:  0.0, Workers: 8
[2025-05-20T20:33:38.055+0300][23224][11212][debug][gc,phases] GC(6)     Dead                           Min: 0, Avg:  0.0, Max: 0, Diff: 0, Sum: 0, Workers: 8
[2025-05-20T20:33:38.055+0300][23224][11212][debug][gc,phases] GC(6)     Total                          Min: 0, Avg:  0.0, Max: 0, Diff: 0, Sum: 0, Workers: 8
[2025-05-20T20:33:38.055+0300][23224][11212][debug][gc,phases] GC(6)   StringDedup Requests1 Weak     Min:  0.0, Avg:  0.0, Max:  0.0, Diff:  0.0, Sum:  0.0, Workers: 8
[2025-05-20T20:33:38.055+0300][23224][11212][debug][gc,phases] GC(6)     Dead                           Min: 0, Avg:  0.0, Max: 0, Diff: 0, Sum: 0, Workers: 8
[2025-05-20T20:33:38.055+0300][23224][11212][debug][gc,phases] GC(6)     Total                          Min: 0, Avg:  0.0, Max: 0, Diff: 0, Sum: 0, Workers: 8
[2025-05-20T20:33:38.055+0300][23224][11212][debug][gc,phases] GC(6)   Weak JFR Old Object Samples    Min:  0.0, Avg:  0.0, Max:  0.0, Diff:  0.0, Sum:  0.0, Workers: 8
[2025-05-20T20:33:38.055+0300][23224][11212][debug][gc,phases] GC(6)     Dead                           Min: 0, Avg:  0.0, Max: 0, Diff: 0, Sum: 0, Workers: 8
[2025-05-20T20:33:38.055+0300][23224][11212][debug][gc,phases] GC(6)     Total                          Min: 0, Avg:  0.0, Max: 0, Diff: 0, Sum: 0, Workers: 8
[2025-05-20T20:33:38.055+0300][23224][11212][debug][gc,phases] GC(6) Phase 1: Weak Processing 0.460ms
[2025-05-20T20:33:38.055+0300][23224][11212][debug][gc,phases] GC(6) ClassLoaderData 0.280ms
[2025-05-20T20:33:38.055+0300][23224][11212][debug][gc,phases] GC(6) Trigger cleanups 0.007ms
[2025-05-20T20:33:38.070+0300][23224][11212][debug][gc,phases] GC(6) G1 Complete Cleaning 15.319ms
[2025-05-20T20:33:38.070+0300][23224][11212][debug][gc,phases] GC(6) Purge Unlinked NMethods 1.797ms
[2025-05-20T20:33:38.070+0300][23224][11212][debug][gc,phases] GC(6) Unregister NMethods 0.635ms
[2025-05-20T20:33:38.070+0300][23224][11212][debug][gc,phases] GC(6) Free Code Blobs 0.375ms
[2025-05-20T20:33:38.070+0300][23224][11212][debug][gc,phases] GC(6) Purge Class Loader Data 0.614ms
[2025-05-20T20:33:38.070+0300][23224][11212][debug][gc,phases] GC(6) Phase 1: Class Unloading and Cleanup 19.228ms
[2025-05-20T20:33:38.070+0300][23224][11212][debug][gc,phases] GC(6) Report Object Count 0.001ms
[2025-05-20T20:33:38.070+0300][23224][11212][info ][gc,phases] GC(6) Phase 1: Mark live objects 23.193ms
[2025-05-20T20:33:38.070+0300][23224][11212][debug][gc,phases] GC(6) Phase 2: Determine work lists 0.047ms
[2025-05-20T20:33:38.079+0300][23224][11212][debug][gc,phases] GC(6) Phase 2: Prepare parallel compaction 3.794ms
[2025-05-20T20:33:38.079+0300][23224][11212][info ][gc,phases] GC(6) Phase 2: Prepare compaction 3.878ms
[2025-05-20T20:33:38.083+0300][23224][11212][info ][gc,phases] GC(6) Phase 3: Adjust pointers 7.785ms
[2025-05-20T20:33:38.089+0300][23224][11212][info ][gc,phases] GC(6) Phase 4: Compact heap 3.667ms
[2025-05-20T20:33:38.093+0300][23224][11212][info ][gc,phases] GC(6) Phase 5: Reset Metadata 2.640ms
[2025-05-20T20:33:38.112+0300][23224][11212][info ][gc,heap  ] GC(6) Eden regions: 676->0(921)
[2025-05-20T20:33:38.112+0300][23224][11212][info ][gc,heap  ] GC(6) Survivor regions: 0->0(21)
[2025-05-20T20:33:38.112+0300][23224][11212][info ][gc,heap  ] GC(6) Old regions: 8->8
[2025-05-20T20:33:38.112+0300][23224][11212][info ][gc,heap  ] GC(6) Humongous regions: 0->0
[2025-05-20T20:33:38.112+0300][23224][11212][debug][gc,heap  ] GC(6) Heap after GC invocations=7 (full 3):
[2025-05-20T20:33:38.112+0300][23224][11212][debug][gc,heap  ] GC(6)  garbage-first heap   total 12582912K, used 14047K [0x0000000500000000, 0x0000000800000000)
[2025-05-20T20:33:38.112+0300][23224][11212][debug][gc,heap  ] GC(6)   region size 8192K, 0 young (0K), 0 survivors (0K)
[2025-05-20T20:33:38.112+0300][23224][11212][debug][gc,heap  ] GC(6)  Metaspace       used 33342K, committed 35520K, reserved 1114112K
[2025-05-20T20:33:38.112+0300][23224][11212][debug][gc,heap  ] GC(6)   class space    used 2787K, committed 3328K, reserved 1048576K
[2025-05-20T20:33:38.112+0300][23224][11212][info ][gc       ] GC(6) Pause Full (System.gc()) 5417M->13M(12288M) 60.474ms
[2025-05-20T20:33:38.112+0300][23224][11212][info ][safepoint] Safepoint "G1CollectFull", Time since last: 12513388600 ns, Reaching safepoint: 52900 ns, Cleanup: 13700 ns, At safepoint: 60497000 ns, Total: 60563600 ns
[2025-05-20T20:33:39.113+0300][23224][11212][debug][safepoint] Safepoint synchronization initiated using striped semaphore wait barrier. (32 threads)
[2025-05-20T20:33:39.113+0300][23224][11212][info ][safepoint] Safepoint "Cleanup", Time since last: 1000962300 ns, Reaching safepoint: 51400 ns, Cleanup: 60100 ns, At safepoint: 1700 ns, Total: 113200 ns
[2025-05-20T20:33:40.125+0300][23224][11212][debug][safepoint] Safepoint synchronization initiated using striped semaphore wait barrier. (32 threads)
[2025-05-20T20:33:40.125+0300][23224][20936][debug][safepoint] ... found polling page loop exception at pc = 0x000001f768ea7f94, stub =0x000001f7683c6600
[2025-05-20T20:33:40.125+0300][23224][11212][info ][safepoint] Safepoint "Cleanup", Time since last: 1012038800 ns, Reaching safepoint: 305400 ns, Cleanup: 31800 ns, At safepoint: 23900 ns, Total: 361100 ns
[2025-05-20T20:33:41.132+0300][23224][11212][debug][safepoint] Safepoint synchronization initiated using striped semaphore wait barrier. (32 threads)
[2025-05-20T20:33:41.132+0300][23224][11212][info ][safepoint] Safepoint "Cleanup", Time since last: 1006508700 ns, Reaching safepoint: 163400 ns, Cleanup: 19300 ns, At safepoint: 18000 ns, Total: 200700 ns
[2025-05-20T20:33:43.156+0300][23224][11212][debug][safepoint] Safepoint synchronization initiated using striped semaphore wait barrier. (32 threads)
[2025-05-20T20:33:43.156+0300][23224][11212][info ][safepoint] Safepoint "Cleanup", Time since last: 2023366500 ns, Reaching safepoint: 211700 ns, Cleanup: 21700 ns, At safepoint: 41800 ns, Total: 275200 ns
[2025-05-20T20:33:44.163+0300][23224][11212][debug][safepoint] Safepoint synchronization initiated using striped semaphore wait barrier. (32 threads)
[2025-05-20T20:33:44.163+0300][23224][11212][info ][safepoint] Safepoint "Cleanup", Time since last: 1007520600 ns, Reaching safepoint: 330000 ns, Cleanup: 28000 ns, At safepoint: 25400 ns, Total: 383400 ns
[2025-05-20T20:33:47.186+0300][23224][11212][debug][safepoint] Safepoint synchronization initiated using striped semaphore wait barrier. (32 threads)
[2025-05-20T20:33:47.186+0300][23224][11212][info ][safepoint] Safepoint "Cleanup", Time since last: 3021923700 ns, Reaching safepoint: 171200 ns, Cleanup: 40200 ns, At safepoint: 15500 ns, Total: 226900 ns
[2025-05-20T20:33:48.195+0300][23224][11212][debug][safepoint] Safepoint synchronization initiated using striped semaphore wait barrier. (32 threads)
[2025-05-20T20:33:48.195+0300][23224][11212][info ][safepoint] Safepoint "Cleanup", Time since last: 1008770000 ns, Reaching safepoint: 161300 ns, Cleanup: 41900 ns, At safepoint: 4200 ns, Total: 207400 ns
[2025-05-20T20:33:57.272+0300][23224][11212][debug][safepoint] Safepoint synchronization initiated using striped semaphore wait barrier. (32 threads)
[2025-05-20T20:33:57.272+0300][23224][19248][debug][safepoint] ... found polling page loop exception at pc = 0x000001f7693191de, stub =0x000001f7683c6600
[2025-05-20T20:33:57.272+0300][23224][11212][info ][safepoint] Safepoint "Cleanup", Time since last: 9077809800 ns, Reaching safepoint: 296500 ns, Cleanup: 40700 ns, At safepoint: 45600 ns, Total: 382800 ns
[2025-05-20T20:34:01.315+0300][23224][11212][debug][safepoint] Safepoint synchronization initiated using striped semaphore wait barrier. (32 threads)
[2025-05-20T20:34:01.315+0300][23224][16160][debug][safepoint] ... found polling page loop exception at pc = 0x000001f768aebeb7, stub =0x000001f7683c5d80
[2025-05-20T20:34:01.315+0300][23224][11212][info ][safepoint] Safepoint "Cleanup", Time since last: 4041859800 ns, Reaching safepoint: 381700 ns, Cleanup: 34000 ns, At safepoint: 48000 ns, Total: 463700 ns
[2025-05-20T20:34:02.319+0300][23224][11212][debug][safepoint] Safepoint synchronization initiated using striped semaphore wait barrier. (32 threads)
[2025-05-20T20:34:02.320+0300][23224][11212][info ][safepoint] Safepoint "Cleanup", Time since last: 1004213800 ns, Reaching safepoint: 149500 ns, Cleanup: 35300 ns, At safepoint: 22800 ns, Total: 207600 ns
[2025-05-20T20:34:04.331+0300][23224][11212][debug][safepoint] Safepoint synchronization initiated using striped semaphore wait barrier. (32 threads)
[2025-05-20T20:34:04.331+0300][23224][16336][debug][safepoint] ... found polling page loop exception at pc = 0x000001f768f0ab94, stub =0x000001f7683c5d80
[2025-05-20T20:34:04.331+0300][23224][11212][info ][safepoint] Safepoint "Cleanup", Time since last: 2011982100 ns, Reaching safepoint: 275900 ns, Cleanup: 30400 ns, At safepoint: 18700 ns, Total: 325000 ns
[2025-05-20T20:34:20.619+0300][23224][11212][debug][safepoint] Safepoint synchronization initiated using striped semaphore wait barrier. (32 threads)
[2025-05-20T20:34:20.619+0300][23224][23060][debug][safepoint] ... found polling page loop exception at pc = 0x000001f768f0ab94, stub =0x000001f7683c5d80
[2025-05-20T20:34:20.619+0300][23224][11212][info ][safepoint] Safepoint "Cleanup", Time since last: 16287131500 ns, Reaching safepoint: 268600 ns, Cleanup: 60300 ns, At safepoint: 18600 ns, Total: 347500 ns
[2025-05-20T20:34:21.621+0300][23224][11212][debug][safepoint] Safepoint synchronization initiated using striped semaphore wait barrier. (32 threads)
[2025-05-20T20:34:21.621+0300][23224][11212][info ][safepoint] Safepoint "Cleanup", Time since last: 1001896800 ns, Reaching safepoint: 177800 ns, Cleanup: 23600 ns, At safepoint: 39100 ns, Total: 240500 ns
[2025-05-20T20:34:28.700+0300][23224][11212][debug][safepoint] Safepoint synchronization initiated using striped semaphore wait barrier. (32 threads)
[2025-05-20T20:34:28.700+0300][23224][11212][info ][safepoint] Safepoint "Cleanup", Time since last: 7078513700 ns, Reaching safepoint: 148900 ns, Cleanup: 51100 ns, At safepoint: 21900 ns, Total: 221900 ns
[2025-05-20T20:34:51.919+0300][23224][11212][debug][safepoint] Safepoint synchronization initiated using striped semaphore wait barrier. (32 threads)
[2025-05-20T20:34:51.919+0300][23224][11212][info ][safepoint] Safepoint "Cleanup", Time since last: 23218572200 ns, Reaching safepoint: 128300 ns, Cleanup: 25700 ns, At safepoint: 12700 ns, Total: 166700 ns
[2025-05-20T20:35:09.063+0300][23224][11212][debug][safepoint] Safepoint synchronization initiated using striped semaphore wait barrier. (32 threads)
[2025-05-20T20:35:09.063+0300][23224][11212][info ][safepoint] Safepoint "Cleanup", Time since last: 17143740400 ns, Reaching safepoint: 191200 ns, Cleanup: 36100 ns, At safepoint: 41700 ns, Total: 269000 ns
[2025-05-20T20:35:19.154+0300][23224][11212][debug][safepoint] Safepoint synchronization initiated using striped semaphore wait barrier. (32 threads)
[2025-05-20T20:35:19.155+0300][23224][11212][info ][safepoint] Safepoint "Cleanup", Time since last: 10091230000 ns, Reaching safepoint: 235500 ns, Cleanup: 30900 ns, At safepoint: 45300 ns, Total: 311700 ns
[2025-05-20T20:35:19.625+0300][23224][15112][debug][safepoint] ... found polling page loop exception at pc = 0x000001f769425db6, stub =0x000001f7683c6600
[2025-05-20T20:35:24.661+0300][23224][11212][debug][safepoint] Safepoint synchronization initiated using striped semaphore wait barrier. (32 threads)
[2025-05-20T20:35:24.661+0300][23224][11212][info ][safepoint] Safepoint "Cleanup", Time since last: 5506117900 ns, Reaching safepoint: 138200 ns, Cleanup: 26700 ns, At safepoint: 15300 ns, Total: 180200 ns
[2025-05-20T20:35:25.674+0300][23224][11212][debug][safepoint] Safepoint synchronization initiated using striped semaphore wait barrier. (32 threads)
[2025-05-20T20:35:25.674+0300][23224][11212][info ][safepoint] Safepoint "Cleanup", Time since last: 1012765200 ns, Reaching safepoint: 73100 ns, Cleanup: 19600 ns, At safepoint: 2200 ns, Total: 94900 ns
[2025-05-20T20:35:27.679+0300][23224][11212][debug][safepoint] Safepoint synchronization initiated using striped semaphore wait barrier. (32 threads)
[2025-05-20T20:35:27.680+0300][23224][11212][info ][safepoint] Safepoint "Cleanup", Time since last: 2005250700 ns, Reaching safepoint: 310500 ns, Cleanup: 35300 ns, At safepoint: 19300 ns, Total: 365100 ns
[2025-05-20T20:35:43.784+0300][23224][11212][debug][safepoint] Safepoint synchronization initiated using striped semaphore wait barrier. (32 threads)
[2025-05-20T20:35:43.784+0300][23224][3324 ][debug][safepoint] ... found polling page loop exception at pc = 0x000001f769116cbb, stub =0x000001f7683c5d80
[2025-05-20T20:35:43.784+0300][23224][11212][info ][safepoint] Safepoint "Cleanup", Time since last: 16104107400 ns, Reaching safepoint: 314600 ns, Cleanup: 40900 ns, At safepoint: 28900 ns, Total: 384400 ns
[2025-05-20T20:35:44.793+0300][23224][11212][debug][safepoint] Safepoint synchronization initiated using striped semaphore wait barrier. (32 threads)
[2025-05-20T20:35:44.793+0300][23224][11212][info ][safepoint] Safepoint "Cleanup", Time since last: 1008855800 ns, Reaching safepoint: 160000 ns, Cleanup: 39300 ns, At safepoint: 12600 ns, Total: 211900 ns
[2025-05-20T20:35:47.817+0300][23224][11212][debug][safepoint] Safepoint synchronization initiated using striped semaphore wait barrier. (32 threads)
[2025-05-20T20:35:47.817+0300][23224][23452][debug][safepoint] ... found polling page loop exception at pc = 0x000001f76901c5ce, stub =0x000001f7683c6600
[2025-05-20T20:35:47.817+0300][23224][11212][info ][safepoint] Safepoint "Cleanup", Time since last: 3024560700 ns, Reaching safepoint: 321000 ns, Cleanup: 41600 ns, At safepoint: 24000 ns, Total: 386600 ns
[2025-05-20T20:35:48.833+0300][23224][11212][debug][safepoint] Safepoint synchronization initiated using striped semaphore wait barrier. (32 threads)
[2025-05-20T20:35:48.834+0300][23224][11212][info ][safepoint] Safepoint "Cleanup", Time since last: 1015419700 ns, Reaching safepoint: 150500 ns, Cleanup: 116700 ns, At safepoint: 50700 ns, Total: 317900 ns
[2025-05-20T20:35:50.848+0300][23224][11212][debug][safepoint] Safepoint synchronization initiated using striped semaphore wait barrier. (32 threads)
[2025-05-20T20:35:50.849+0300][23224][11212][info ][safepoint] Safepoint "Cleanup", Time since last: 2014541300 ns, Reaching safepoint: 150300 ns, Cleanup: 41300 ns, At safepoint: 24700 ns, Total: 216300 ns
[2025-05-20T20:35:51.856+0300][23224][11212][debug][safepoint] Safepoint synchronization initiated using striped semaphore wait barrier. (32 threads)
[2025-05-20T20:35:51.856+0300][23224][11212][info ][safepoint] Safepoint "Cleanup", Time since last: 1008046500 ns, Reaching safepoint: 136300 ns, Cleanup: 27800 ns, At safepoint: 8500 ns, Total: 172600 ns
[2025-05-20T20:35:53.873+0300][23224][11212][debug][safepoint] Safepoint synchronization initiated using striped semaphore wait barrier. (32 threads)
[2025-05-20T20:35:53.873+0300][23224][11212][info ][safepoint] Safepoint "Cleanup", Time since last: 2015871700 ns, Reaching safepoint: 219600 ns, Cleanup: 46600 ns, At safepoint: 40700 ns, Total: 306900 ns
[2025-05-20T20:35:59.914+0300][23224][11212][debug][safepoint] Safepoint synchronization initiated using striped semaphore wait barrier. (32 threads)
[2025-05-20T20:35:59.914+0300][23224][9820 ][debug][safepoint] ... found polling page loop exception at pc = 0x000001f769191971, stub =0x000001f7683c5d80
[2025-05-20T20:35:59.914+0300][23224][11212][info ][safepoint] Safepoint "Cleanup", Time since last: 6041034200 ns, Reaching safepoint: 317900 ns, Cleanup: 47200 ns, At safepoint: 9600 ns, Total: 374700 ns
[2025-05-20T20:36:00.921+0300][23224][11212][debug][safepoint] Safepoint synchronization initiated using striped semaphore wait barrier. (32 threads)
[2025-05-20T20:36:00.921+0300][23224][15112][debug][safepoint] ... found polling page loop exception at pc = 0x000001f769429add, stub =0x000001f7683c6600
[2025-05-20T20:36:00.921+0300][23224][11212][info ][safepoint] Safepoint "Cleanup", Time since last: 1007188600 ns, Reaching safepoint: 278100 ns, Cleanup: 36100 ns, At safepoint: 25500 ns, Total: 339700 ns
[2025-05-20T20:36:02.945+0300][23224][11212][debug][safepoint] Safepoint synchronization initiated using striped semaphore wait barrier. (32 threads)
[2025-05-20T20:36:02.946+0300][23224][11212][info ][safepoint] Safepoint "Cleanup", Time since last: 2023422300 ns, Reaching safepoint: 236500 ns, Cleanup: 33300 ns, At safepoint: 51700 ns, Total: 321500 ns
[2025-05-20T20:36:03.957+0300][23224][11212][debug][safepoint] Safepoint synchronization initiated using striped semaphore wait barrier. (32 threads)
[2025-05-20T20:36:03.957+0300][23224][11212][info ][safepoint] Safepoint "Cleanup", Time since last: 1011103500 ns, Reaching safepoint: 142300 ns, Cleanup: 40900 ns, At safepoint: 3700 ns, Total: 186900 ns
[2025-05-20T20:36:06.987+0300][23224][11212][debug][safepoint] Safepoint synchronization initiated using striped semaphore wait barrier. (32 threads)
[2025-05-20T20:36:06.987+0300][23224][23060][debug][safepoint] ... found polling page loop exception at pc = 0x000001f768df513a, stub =0x000001f7683c6600
[2025-05-20T20:36:06.987+0300][23224][15112][debug][safepoint] ... found polling page loop exception at pc = 0x000001f76942583a, stub =0x000001f7683c6600
[2025-05-20T20:36:06.987+0300][23224][11212][info ][safepoint] Safepoint "Cleanup", Time since last: 3030120500 ns, Reaching safepoint: 462400 ns, Cleanup: 29000 ns, At safepoint: 27100 ns, Total: 518500 ns
[2025-05-20T20:36:43.781+0300][23224][11212][debug][safepoint] Safepoint synchronization initiated using striped semaphore wait barrier. (12 threads)
