[2025-05-20T20:42:55.810+0300][23452][3884][debug][gc,heap] Minimum heap 4294967296  Initial heap 4294967296  Maximum heap 4294967296
[2025-05-20T20:42:55.810+0300][23452][3884][info ][gc     ] Using G1
[2025-05-20T20:42:55.810+0300][23452][3884][debug][gc     ] ConcGCThreads: 2 offset 16
[2025-05-20T20:42:55.810+0300][23452][3884][debug][gc     ] ParallelGCThreads: 8
[2025-05-20T20:42:55.810+0300][23452][3884][debug][gc     ] Initialize mark stack with 4096 chunks, maximum 524288
[2025-05-20T20:42:57.295+0300][23452][15008][debug][safepoint] Safepoint synchronization initiated using striped semaphore wait barrier. (11 threads)
[2025-05-20T20:42:57.301+0300][23452][15008][info ][safepoint] Safepoint "Cleanup", Time since last: 1464247400 ns, Reaching safepoint: 4103500 ns, Cleanup: 58300 ns, At safepoint: 4900 ns, Total: 4166700 ns
[2025-05-20T20:42:57.664+0300][23452][15008][debug][safepoint] Safepoint synchronization initiated using striped semaphore wait barrier. (13 threads)
[2025-05-20T20:42:57.664+0300][23452][15008][info ][safepoint] Safepoint "ICBufferFull", Time since last: 369345200 ns, Reaching safepoint: 64200 ns, Cleanup: 103500 ns, At safepoint: 7000 ns, Total: 174700 ns
[2025-05-20T20:42:58.140+0300][23452][15008][debug][safepoint] Safepoint synchronization initiated using striped semaphore wait barrier. (13 threads)
[2025-05-20T20:42:58.140+0300][23452][15008][info ][safepoint] Safepoint "ICBufferFull", Time since last: 467117700 ns, Reaching safepoint: 59200 ns, Cleanup: 107200 ns, At safepoint: 9800 ns, Total: 176200 ns
[2025-05-20T20:42:58.633+0300][23452][15008][debug][safepoint] Safepoint synchronization initiated using striped semaphore wait barrier. (13 threads)
[2025-05-20T20:42:58.633+0300][23452][15008][info ][safepoint] Safepoint "ICBufferFull", Time since last: 506820100 ns, Reaching safepoint: 62600 ns, Cleanup: 82400 ns, At safepoint: 5800 ns, Total: 150800 ns
[2025-05-20T20:42:59.045+0300][23452][15008][debug][safepoint] Safepoint synchronization initiated using striped semaphore wait barrier. (13 threads)
[2025-05-20T20:42:59.045+0300][23452][15008][info ][safepoint] Safepoint "ICBufferFull", Time since last: 407906300 ns, Reaching safepoint: 58800 ns, Cleanup: 128800 ns, At safepoint: 2100 ns, Total: 189700 ns
[2025-05-20T20:42:59.126+0300][23452][15008][debug][safepoint] Safepoint synchronization initiated using striped semaphore wait barrier. (25 threads)
[2025-05-20T20:42:59.126+0300][23452][15008][debug][gc,heap  ] GC(0) Heap before GC invocations=0 (full 0):
[2025-05-20T20:42:59.126+0300][23452][15008][debug][gc,heap  ] GC(0)  garbage-first heap   total 4194304K, used 180224K [0x0000000700000000, 0x0000000800000000)
[2025-05-20T20:42:59.126+0300][23452][15008][debug][gc,heap  ] GC(0)   region size 2048K, 90 young (184320K), 0 survivors (0K)
[2025-05-20T20:42:59.126+0300][23452][15008][debug][gc,heap  ] GC(0)  Metaspace       used 15329K, committed 15744K, reserved 1114112K
[2025-05-20T20:42:59.126+0300][23452][15008][debug][gc,heap  ] GC(0)   class space    used 1510K, committed 1728K, reserved 1048576K
[2025-05-20T20:42:59.131+0300][23452][15008][debug][gc,phases] GC(0) Phase 1: Reference Processing 0.544ms
[2025-05-20T20:42:59.131+0300][23452][15008][debug][gc,phases] GC(0)   VM Weak                        Min:  0.0, Avg:  0.0, Max:  0.0, Diff:  0.0, Sum:  0.0, Workers: 8
[2025-05-20T20:42:59.131+0300][23452][15008][debug][gc,phases] GC(0)     Dead                           Min: 0, Avg:  0.0, Max: 0, Diff: 0, Sum: 0, Workers: 8
[2025-05-20T20:42:59.131+0300][23452][15008][debug][gc,phases] GC(0)     Total                          Min: 0, Avg: 23.2, Max: 128, Diff: 128, Sum: 186, Workers: 8
[2025-05-20T20:42:59.131+0300][23452][15008][debug][gc,phases] GC(0)   ObjectSynchronizer Weak        Min:  0.0, Avg:  0.0, Max:  0.0, Diff:  0.0, Sum:  0.0, Workers: 8
[2025-05-20T20:42:59.131+0300][23452][15008][debug][gc,phases] GC(0)     Dead                           Min: 0, Avg:  0.2, Max: 2, Diff: 2, Sum: 2, Workers: 8
[2025-05-20T20:42:59.131+0300][23452][15008][debug][gc,phases] GC(0)     Total                          Min: 0, Avg:  0.8, Max: 6, Diff: 6, Sum: 6, Workers: 8
[2025-05-20T20:42:59.131+0300][23452][15008][debug][gc,phases] GC(0)   JVMTI Tag Weak OopStorage      Min:  0.0, Avg:  0.0, Max:  0.0, Diff:  0.0, Sum:  0.0, Workers: 8
[2025-05-20T20:42:59.131+0300][23452][15008][debug][gc,phases] GC(0)     Dead                           Min: 0, Avg:  0.0, Max: 0, Diff: 0, Sum: 0, Workers: 8
[2025-05-20T20:42:59.131+0300][23452][15008][debug][gc,phases] GC(0)     Total                          Min: 0, Avg:  0.0, Max: 0, Diff: 0, Sum: 0, Workers: 8
[2025-05-20T20:42:59.131+0300][23452][15008][debug][gc,phases] GC(0)   StringTable Weak               Min:  0.0, Avg:  0.0, Max:  0.1, Diff:  0.1, Sum:  0.2, Workers: 8
[2025-05-20T20:42:59.131+0300][23452][15008][debug][gc,phases] GC(0)     Dead                           Min: 0, Avg: 46.2, Max: 112, Diff: 112, Sum: 370, Workers: 8
[2025-05-20T20:42:59.131+0300][23452][15008][debug][gc,phases] GC(0)     Total                          Min: 0, Avg: 2581.5, Max: 4608, Diff: 4608, Sum: 20652, Workers: 8
[2025-05-20T20:42:59.131+0300][23452][15008][debug][gc,phases] GC(0)   ResolvedMethodTable Weak       Min:  0.0, Avg:  0.0, Max:  0.0, Diff:  0.0, Sum:  0.0, Workers: 8
[2025-05-20T20:42:59.131+0300][23452][15008][debug][gc,phases] GC(0)     Dead                           Min: 0, Avg: 12.9, Max: 25, Diff: 25, Sum: 103, Workers: 8
[2025-05-20T20:42:59.131+0300][23452][15008][debug][gc,phases] GC(0)     Total                          Min: 0, Avg: 140.4, Max: 256, Diff: 256, Sum: 1123, Workers: 8
[2025-05-20T20:42:59.131+0300][23452][15008][debug][gc,phases] GC(0)   JNI Weak                       Min:  0.0, Avg:  0.0, Max:  0.0, Diff:  0.0, Sum:  0.0, Workers: 8
[2025-05-20T20:42:59.131+0300][23452][15008][debug][gc,phases] GC(0)     Dead                           Min: 0, Avg:  0.0, Max: 0, Diff: 0, Sum: 0, Workers: 8
[2025-05-20T20:42:59.131+0300][23452][15008][debug][gc,phases] GC(0)     Total                          Min: 0, Avg:  0.0, Max: 0, Diff: 0, Sum: 0, Workers: 8
[2025-05-20T20:42:59.131+0300][23452][15008][debug][gc,phases] GC(0)   StringDedup Table Weak         Min:  0.0, Avg:  0.0, Max:  0.0, Diff:  0.0, Sum:  0.0, Workers: 8
[2025-05-20T20:42:59.131+0300][23452][15008][debug][gc,phases] GC(0)     Dead                           Min: 0, Avg:  0.0, Max: 0, Diff: 0, Sum: 0, Workers: 8
[2025-05-20T20:42:59.131+0300][23452][15008][debug][gc,phases] GC(0)     Total                          Min: 0, Avg:  0.0, Max: 0, Diff: 0, Sum: 0, Workers: 8
[2025-05-20T20:42:59.131+0300][23452][15008][debug][gc,phases] GC(0)   StringDedup Requests0 Weak     Min:  0.0, Avg:  0.0, Max:  0.0, Diff:  0.0, Sum:  0.0, Workers: 8
[2025-05-20T20:42:59.131+0300][23452][15008][debug][gc,phases] GC(0)     Dead                           Min: 0, Avg:  0.0, Max: 0, Diff: 0, Sum: 0, Workers: 8
[2025-05-20T20:42:59.131+0300][23452][15008][debug][gc,phases] GC(0)     Total                          Min: 0, Avg:  0.0, Max: 0, Diff: 0, Sum: 0, Workers: 8
[2025-05-20T20:42:59.131+0300][23452][15008][debug][gc,phases] GC(0)   StringDedup Requests1 Weak     Min:  0.0, Avg:  0.0, Max:  0.0, Diff:  0.0, Sum:  0.0, Workers: 8
[2025-05-20T20:42:59.131+0300][23452][15008][debug][gc,phases] GC(0)     Dead                           Min: 0, Avg:  0.0, Max: 0, Diff: 0, Sum: 0, Workers: 8
[2025-05-20T20:42:59.131+0300][23452][15008][debug][gc,phases] GC(0)     Total                          Min: 0, Avg:  0.0, Max: 0, Diff: 0, Sum: 0, Workers: 8
[2025-05-20T20:42:59.131+0300][23452][15008][debug][gc,phases] GC(0)   Weak JFR Old Object Samples    Min:  0.0, Avg:  0.0, Max:  0.0, Diff:  0.0, Sum:  0.0, Workers: 8
[2025-05-20T20:42:59.131+0300][23452][15008][debug][gc,phases] GC(0)     Dead                           Min: 0, Avg:  0.0, Max: 0, Diff: 0, Sum: 0, Workers: 8
[2025-05-20T20:42:59.131+0300][23452][15008][debug][gc,phases] GC(0)     Total                          Min: 0, Avg:  0.0, Max: 0, Diff: 0, Sum: 0, Workers: 8
[2025-05-20T20:42:59.131+0300][23452][15008][debug][gc,phases] GC(0) Phase 1: Weak Processing 0.726ms
[2025-05-20T20:42:59.131+0300][23452][15008][debug][gc,phases] GC(0) ClassLoaderData 0.017ms
[2025-05-20T20:42:59.131+0300][23452][15008][debug][gc,phases] GC(0) Trigger cleanups 0.000ms
[2025-05-20T20:42:59.131+0300][23452][15008][debug][gc,phases] GC(0) G1 Complete Cleaning 2.385ms
[2025-05-20T20:42:59.131+0300][23452][15008][debug][gc,phases] GC(0) Purge Unlinked NMethods 0.001ms
[2025-05-20T20:42:59.131+0300][23452][15008][debug][gc,phases] GC(0) Unregister NMethods 0.292ms
[2025-05-20T20:42:59.131+0300][23452][15008][debug][gc,phases] GC(0) Free Code Blobs 0.003ms
[2025-05-20T20:42:59.131+0300][23452][15008][debug][gc,phases] GC(0) Purge Class Loader Data 0.224ms
[2025-05-20T20:42:59.131+0300][23452][15008][debug][gc,phases] GC(0) Phase 1: Class Unloading and Cleanup 3.094ms
[2025-05-20T20:42:59.131+0300][23452][15008][debug][gc,phases] GC(0) Report Object Count 0.001ms
[2025-05-20T20:42:59.131+0300][23452][15008][info ][gc,phases] GC(0) Phase 1: Mark live objects 9.066ms
[2025-05-20T20:42:59.131+0300][23452][15008][debug][gc,phases] GC(0) Phase 2: Determine work lists 0.056ms
[2025-05-20T20:42:59.139+0300][23452][15008][debug][gc,phases] GC(0) Phase 2: Prepare parallel compaction 2.145ms
[2025-05-20T20:42:59.139+0300][23452][15008][info ][gc,phases] GC(0) Phase 2: Prepare compaction 2.280ms
[2025-05-20T20:42:59.141+0300][23452][15008][info ][gc,phases] GC(0) Phase 3: Adjust pointers 4.533ms
[2025-05-20T20:42:59.144+0300][23452][15008][info ][gc,phases] GC(0) Phase 4: Compact heap 2.515ms
[2025-05-20T20:42:59.144+0300][23452][15008][info ][gc,phases] GC(0) Phase 5: Reset Metadata 1.146ms
[2025-05-20T20:42:59.157+0300][23452][15008][info ][gc,heap  ] GC(0) Eden regions: 90->0(102)
[2025-05-20T20:42:59.157+0300][23452][15008][info ][gc,heap  ] GC(0) Survivor regions: 0->0(0)
[2025-05-20T20:42:59.157+0300][23452][15008][info ][gc,heap  ] GC(0) Old regions: 0->8
[2025-05-20T20:42:59.157+0300][23452][15008][info ][gc,heap  ] GC(0) Humongous regions: 0->0
[2025-05-20T20:42:59.157+0300][23452][15008][debug][gc,heap  ] GC(0) Heap after GC invocations=1 (full 1):
[2025-05-20T20:42:59.157+0300][23452][15008][debug][gc,heap  ] GC(0)  garbage-first heap   total 4194304K, used 9484K [0x0000000700000000, 0x0000000800000000)
[2025-05-20T20:42:59.157+0300][23452][15008][debug][gc,heap  ] GC(0)   region size 2048K, 0 young (0K), 0 survivors (0K)
[2025-05-20T20:42:59.157+0300][23452][15008][debug][gc,heap  ] GC(0)  Metaspace       used 15329K, committed 15744K, reserved 1114112K
[2025-05-20T20:42:59.157+0300][23452][15008][debug][gc,heap  ] GC(0)   class space    used 1510K, committed 1728K, reserved 1048576K
[2025-05-20T20:42:59.157+0300][23452][15008][info ][gc       ] GC(0) Pause Full (System.gc()) 180M->9M(4096M) 29.827ms
[2025-05-20T20:42:59.157+0300][23452][15008][info ][safepoint] Safepoint "G1CollectFull", Time since last: 71143200 ns, Reaching safepoint: 46600 ns, Cleanup: 27800 ns, At safepoint: 29862200 ns, Total: 29936600 ns
[2025-05-20T20:42:59.910+0300][23452][15008][debug][safepoint] Safepoint synchronization initiated using striped semaphore wait barrier. (34 threads)
[2025-05-20T20:42:59.910+0300][23452][15008][info ][safepoint] Safepoint "ICBufferFull", Time since last: 755871700 ns, Reaching safepoint: 49100 ns, Cleanup: 91700 ns, At safepoint: 2100 ns, Total: 142900 ns
[2025-05-20T20:43:00.036+0300][23452][15008][debug][safepoint] Safepoint synchronization initiated using striped semaphore wait barrier. (34 threads)
[2025-05-20T20:43:00.036+0300][23452][15008][debug][gc,heap  ] GC(1) Heap before GC invocations=1 (full 1):
[2025-05-20T20:43:00.036+0300][23452][15008][debug][gc,heap  ] GC(1)  garbage-first heap   total 4194304K, used 132364K [0x0000000700000000, 0x0000000800000000)
[2025-05-20T20:43:00.036+0300][23452][15008][debug][gc,heap  ] GC(1)   region size 2048K, 61 young (124928K), 0 survivors (0K)
[2025-05-20T20:43:00.036+0300][23452][15008][debug][gc,heap  ] GC(1)  Metaspace       used 25796K, committed 26240K, reserved 1114112K
[2025-05-20T20:43:00.036+0300][23452][15008][debug][gc,heap  ] GC(1)   class space    used 2448K, committed 2688K, reserved 1048576K
[2025-05-20T20:43:00.052+0300][23452][15008][info ][gc,phases] GC(1)   Pre Evacuate Collection Set: 0.3ms
[2025-05-20T20:43:00.052+0300][23452][15008][debug][gc,phases] GC(1)     Pre Evacuate Prepare: 0.1ms
[2025-05-20T20:43:00.052+0300][23452][15008][debug][gc,phases] GC(1)       JT Retire TLABs And Flush Logs (ms): Min:  0.0, Avg:  0.0, Max:  0.0, Diff:  0.0, Sum:  0.0, Workers: 2
[2025-05-20T20:43:00.052+0300][23452][15008][debug][gc,phases] GC(1)       Non-JT Flush Logs (ms):        Min:  0.0, Avg:  0.0, Max:  0.0, Diff:  0.0, Sum:  0.0, Workers: 1
[2025-05-20T20:43:00.052+0300][23452][15008][debug][gc,phases] GC(1)     Choose Collection Set: 0.0ms
[2025-05-20T20:43:00.052+0300][23452][15008][debug][gc,phases] GC(1)     Region Register: 0.2ms
[2025-05-20T20:43:00.052+0300][23452][15008][debug][gc,phases] GC(1)     Prepare Heap Roots: 0.0ms
[2025-05-20T20:43:00.052+0300][23452][15008][debug][gc,phases] GC(1)     Reset Marking State (ms):      Min:  0.0, Avg:  0.0, Max:  0.0, Diff:  0.0, Sum:  0.0, Workers: 1
[2025-05-20T20:43:00.052+0300][23452][15008][debug][gc,phases] GC(1)     Note Start Of Mark (ms):       Min:  0.0, Avg:  0.0, Max:  0.0, Diff:  0.0, Sum:  0.0, Workers: 4
[2025-05-20T20:43:00.052+0300][23452][15008][info ][gc,phases] GC(1)   Merge Heap Roots: 0.2ms
[2025-05-20T20:43:00.052+0300][23452][15008][debug][gc,phases] GC(1)     Prepare Merge Heap Roots: 0.0ms
[2025-05-20T20:43:00.052+0300][23452][15008][debug][gc,phases] GC(1)     Remembered Sets (ms):          Min:  0.0, Avg:  0.0, Max:  0.0, Diff:  0.0, Sum:  0.0, Workers: 8
[2025-05-20T20:43:00.052+0300][23452][15008][debug][gc,phases] GC(1)       Eager Reclaim (ms):            skipped
[2025-05-20T20:43:00.052+0300][23452][15008][debug][gc,phases] GC(1)       Merged Inline                  Min: 0, Avg:  0.0, Max: 0, Diff: 0, Sum: 0, Workers: 8
[2025-05-20T20:43:00.052+0300][23452][15008][debug][gc,phases] GC(1)       Merged ArrayOfCards            Min: 0, Avg:  0.0, Max: 0, Diff: 0, Sum: 0, Workers: 8
[2025-05-20T20:43:00.052+0300][23452][15008][debug][gc,phases] GC(1)       Merged Howl                    Min: 0, Avg:  0.0, Max: 0, Diff: 0, Sum: 0, Workers: 8
[2025-05-20T20:43:00.052+0300][23452][15008][debug][gc,phases] GC(1)       Merged Full                    Min: 0, Avg:  0.0, Max: 0, Diff: 0, Sum: 0, Workers: 8
[2025-05-20T20:43:00.052+0300][23452][15008][debug][gc,phases] GC(1)       Merged Howl Inline             Min: 0, Avg:  0.0, Max: 0, Diff: 0, Sum: 0, Workers: 8
[2025-05-20T20:43:00.052+0300][23452][15008][debug][gc,phases] GC(1)       Merged Howl ArrayOfCards       Min: 0, Avg:  0.0, Max: 0, Diff: 0, Sum: 0, Workers: 8
[2025-05-20T20:43:00.052+0300][23452][15008][debug][gc,phases] GC(1)       Merged Howl BitMap             Min: 0, Avg:  0.0, Max: 0, Diff: 0, Sum: 0, Workers: 8
[2025-05-20T20:43:00.052+0300][23452][15008][debug][gc,phases] GC(1)       Merged Howl Full               Min: 0, Avg:  0.0, Max: 0, Diff: 0, Sum: 0, Workers: 8
[2025-05-20T20:43:00.052+0300][23452][15008][debug][gc,phases] GC(1)       Merged Cards                   Min: 8, Avg:  8.0, Max: 8, Diff: 0, Sum: 64, Workers: 8
[2025-05-20T20:43:00.052+0300][23452][15008][debug][gc,phases] GC(1)     Log Buffers (ms):              Min:  0.0, Avg:  0.0, Max:  0.0, Diff:  0.0, Sum:  0.1, Workers: 8
[2025-05-20T20:43:00.052+0300][23452][15008][debug][gc,phases] GC(1)       Dirty Cards:                   Min: 0, Avg: 210.2, Max: 650, Diff: 650, Sum: 1682, Workers: 8
[2025-05-20T20:43:00.052+0300][23452][15008][debug][gc,phases] GC(1)       Skipped Cards:                 Min: 0, Avg:  0.0, Max: 0, Diff: 0, Sum: 0, Workers: 8
[2025-05-20T20:43:00.052+0300][23452][15008][info ][gc,phases] GC(1)   Evacuate Collection Set: 7.1ms
[2025-05-20T20:43:00.052+0300][23452][15008][debug][gc,phases] GC(1)     Ext Root Scanning (ms):        Min:  5.5, Avg:  5.6, Max:  5.7, Diff:  0.1, Sum: 44.7, Workers: 8
[2025-05-20T20:43:00.052+0300][23452][15008][debug][gc,phases] GC(1)     Scan Heap Roots (ms):          Min:  0.0, Avg:  0.2, Max:  0.3, Diff:  0.3, Sum:  1.6, Workers: 8
[2025-05-20T20:43:00.052+0300][23452][15008][debug][gc,phases] GC(1)       Scanned Cards:                 Min: 0, Avg: 210.1, Max: 374, Diff: 374, Sum: 1681, Workers: 8
[2025-05-20T20:43:00.052+0300][23452][15008][debug][gc,phases] GC(1)       Scanned Blocks:                Min: 0, Avg: 107.8, Max: 190, Diff: 190, Sum: 862, Workers: 8
[2025-05-20T20:43:00.052+0300][23452][15008][debug][gc,phases] GC(1)       Claimed Chunks:                Min: 0, Avg: 24.0, Max: 42, Diff: 42, Sum: 192, Workers: 8
[2025-05-20T20:43:00.052+0300][23452][15008][debug][gc,phases] GC(1)       Found Roots:                   Min: 0, Avg: 1122.8, Max: 3660, Diff: 3660, Sum: 8982, Workers: 8
[2025-05-20T20:43:00.052+0300][23452][15008][debug][gc,phases] GC(1)     Code Root Scan (ms):           Min:  0.0, Avg:  0.1, Max:  0.1, Diff:  0.1, Sum:  0.5, Workers: 8
[2025-05-20T20:43:00.052+0300][23452][15008][debug][gc,phases] GC(1)       Scanned Nmethods               Min: 0, Avg:  9.0, Max: 22, Diff: 22, Sum: 72, Workers: 8
[2025-05-20T20:43:00.052+0300][23452][15008][debug][gc,phases] GC(1)     Object Copy (ms):              Min:  0.8, Avg:  1.0, Max:  1.4, Diff:  0.5, Sum:  7.6, Workers: 8
[2025-05-20T20:43:00.052+0300][23452][15008][debug][gc,phases] GC(1)     Termination (ms):              Min:  0.0, Avg:  0.3, Max:  0.3, Diff:  0.3, Sum:  2.0, Workers: 8
[2025-05-20T20:43:00.052+0300][23452][15008][debug][gc,phases] GC(1)       Termination Attempts:          Min: 1, Avg:  2.0, Max: 3, Diff: 2, Sum: 16, Workers: 8
[2025-05-20T20:43:00.052+0300][23452][15008][debug][gc,phases] GC(1)     GC Worker Other (ms):          Min:  0.0, Avg:  0.0, Max:  0.0, Diff:  0.0, Sum:  0.2, Workers: 8
[2025-05-20T20:43:00.052+0300][23452][15008][debug][gc,phases] GC(1)     GC Worker Total (ms):          Min:  7.1, Avg:  7.1, Max:  7.1, Diff:  0.1, Sum: 56.7, Workers: 8
[2025-05-20T20:43:00.052+0300][23452][15008][info ][gc,phases] GC(1)   Post Evacuate Collection Set: 0.3ms
[2025-05-20T20:43:00.052+0300][23452][15008][debug][gc,phases] GC(1)     NMethod List Cleanup: 0.0ms
[2025-05-20T20:43:00.052+0300][23452][15008][debug][gc,phases] GC(1)     Reference Processing: 0.1ms
[2025-05-20T20:43:00.052+0300][23452][15008][debug][gc,phases] GC(1)     Weak Processing: 0.1ms
[2025-05-20T20:43:00.052+0300][23452][15008][debug][gc,phases] GC(1)       VM Weak                        Min:  0.0, Avg:  0.0, Max:  0.0, Diff:  0.0, Sum:  0.0, Workers: 8
[2025-05-20T20:43:00.052+0300][23452][15008][debug][gc,phases] GC(1)         Dead                           Min: 0, Avg:  0.0, Max: 0, Diff: 0, Sum: 0, Workers: 8
[2025-05-20T20:43:00.052+0300][23452][15008][debug][gc,phases] GC(1)         Total                          Min: 0, Avg: 31.5, Max: 252, Diff: 252, Sum: 252, Workers: 8
[2025-05-20T20:43:00.052+0300][23452][15008][debug][gc,phases] GC(1)       ObjectSynchronizer Weak        Min:  0.0, Avg:  0.0, Max:  0.0, Diff:  0.0, Sum:  0.0, Workers: 8
[2025-05-20T20:43:00.052+0300][23452][15008][debug][gc,phases] GC(1)         Dead                           Min: 0, Avg:  0.2, Max: 2, Diff: 2, Sum: 2, Workers: 8
[2025-05-20T20:43:00.052+0300][23452][15008][debug][gc,phases] GC(1)         Total                          Min: 0, Avg:  2.9, Max: 23, Diff: 23, Sum: 23, Workers: 8
[2025-05-20T20:43:00.052+0300][23452][15008][debug][gc,phases] GC(1)       JVMTI Tag Weak OopStorage      Min:  0.0, Avg:  0.0, Max:  0.0, Diff:  0.0, Sum:  0.0, Workers: 8
[2025-05-20T20:43:00.052+0300][23452][15008][debug][gc,phases] GC(1)         Dead                           Min: 0, Avg:  0.0, Max: 0, Diff: 0, Sum: 0, Workers: 8
[2025-05-20T20:43:00.052+0300][23452][15008][debug][gc,phases] GC(1)         Total                          Min: 0, Avg:  0.0, Max: 0, Diff: 0, Sum: 0, Workers: 8
[2025-05-20T20:43:00.052+0300][23452][15008][debug][gc,phases] GC(1)       StringTable Weak               Min:  0.0, Avg:  0.0, Max:  0.1, Diff:  0.0, Sum:  0.4, Workers: 8
[2025-05-20T20:43:00.052+0300][23452][15008][debug][gc,phases] GC(1)         Dead                           Min: 0, Avg:  1.4, Max: 7, Diff: 7, Sum: 11, Workers: 8
[2025-05-20T20:43:00.052+0300][23452][15008][debug][gc,phases] GC(1)         Total                          Min: 2752, Avg: 2943.8, Max: 3264, Diff: 512, Sum: 23550, Workers: 8
[2025-05-20T20:43:00.052+0300][23452][15008][debug][gc,phases] GC(1)       ResolvedMethodTable Weak       Min:  0.0, Avg:  0.0, Max:  0.0, Diff:  0.0, Sum:  0.0, Workers: 8
[2025-05-20T20:43:00.052+0300][23452][15008][debug][gc,phases] GC(1)         Dead                           Min: 0, Avg:  2.5, Max: 8, Diff: 8, Sum: 20, Workers: 8
[2025-05-20T20:43:00.052+0300][23452][15008][debug][gc,phases] GC(1)         Total                          Min: 0, Avg: 163.6, Max: 320, Diff: 320, Sum: 1309, Workers: 8
[2025-05-20T20:43:00.052+0300][23452][15008][debug][gc,phases] GC(1)       JNI Weak                       Min:  0.0, Avg:  0.0, Max:  0.0, Diff:  0.0, Sum:  0.0, Workers: 8
[2025-05-20T20:43:00.052+0300][23452][15008][debug][gc,phases] GC(1)         Dead                           Min: 0, Avg:  0.0, Max: 0, Diff: 0, Sum: 0, Workers: 8
[2025-05-20T20:43:00.052+0300][23452][15008][debug][gc,phases] GC(1)         Total                          Min: 0, Avg:  0.4, Max: 3, Diff: 3, Sum: 3, Workers: 8
[2025-05-20T20:43:00.052+0300][23452][15008][debug][gc,phases] GC(1)       StringDedup Table Weak         Min:  0.0, Avg:  0.0, Max:  0.0, Diff:  0.0, Sum:  0.0, Workers: 8
[2025-05-20T20:43:00.052+0300][23452][15008][debug][gc,phases] GC(1)         Dead                           Min: 0, Avg:  0.0, Max: 0, Diff: 0, Sum: 0, Workers: 8
[2025-05-20T20:43:00.052+0300][23452][15008][debug][gc,phases] GC(1)         Total                          Min: 0, Avg:  0.0, Max: 0, Diff: 0, Sum: 0, Workers: 8
[2025-05-20T20:43:00.052+0300][23452][15008][debug][gc,phases] GC(1)       StringDedup Requests0 Weak     Min:  0.0, Avg:  0.0, Max:  0.0, Diff:  0.0, Sum:  0.0, Workers: 8
[2025-05-20T20:43:00.052+0300][23452][15008][debug][gc,phases] GC(1)         Dead                           Min: 0, Avg:  0.0, Max: 0, Diff: 0, Sum: 0, Workers: 8
[2025-05-20T20:43:00.052+0300][23452][15008][debug][gc,phases] GC(1)         Total                          Min: 0, Avg:  0.0, Max: 0, Diff: 0, Sum: 0, Workers: 8
[2025-05-20T20:43:00.052+0300][23452][15008][debug][gc,phases] GC(1)       StringDedup Requests1 Weak     Min:  0.0, Avg:  0.0, Max:  0.0, Diff:  0.0, Sum:  0.0, Workers: 8
[2025-05-20T20:43:00.052+0300][23452][15008][debug][gc,phases] GC(1)         Dead                           Min: 0, Avg:  0.0, Max: 0, Diff: 0, Sum: 0, Workers: 8
[2025-05-20T20:43:00.052+0300][23452][15008][debug][gc,phases] GC(1)         Total                          Min: 0, Avg:  0.0, Max: 0, Diff: 0, Sum: 0, Workers: 8
[2025-05-20T20:43:00.052+0300][23452][15008][debug][gc,phases] GC(1)       Weak JFR Old Object Samples    Min:  0.0, Avg:  0.0, Max:  0.0, Diff:  0.0, Sum:  0.0, Workers: 8
[2025-05-20T20:43:00.052+0300][23452][15008][debug][gc,phases] GC(1)         Dead                           Min: 0, Avg:  0.0, Max: 0, Diff: 0, Sum: 0, Workers: 8
[2025-05-20T20:43:00.052+0300][23452][15008][debug][gc,phases] GC(1)         Total                          Min: 0, Avg:  0.0, Max: 0, Diff: 0, Sum: 0, Workers: 8
[2025-05-20T20:43:00.052+0300][23452][15008][debug][gc,phases] GC(1)     Post Evacuate Cleanup 1: 0.1ms
[2025-05-20T20:43:00.052+0300][23452][15008][debug][gc,phases] GC(1)       Merge Per-Thread State (ms):   Min:  0.0, Avg:  0.0, Max:  0.0, Diff:  0.0, Sum:  0.0, Workers: 1
[2025-05-20T20:43:00.052+0300][23452][15008][debug][gc,phases] GC(1)         Copied Bytes                   Min: 260472, Avg: 562399.0, Max: 1299496, Diff: 1039024, Sum: 4499192, Workers: 8
[2025-05-20T20:43:00.052+0300][23452][15008][debug][gc,phases] GC(1)         LAB Waste                      Min: 168, Avg: 1272.0, Max: 3368, Diff: 3200, Sum: 10176, Workers: 8
[2025-05-20T20:43:00.052+0300][23452][15008][debug][gc,phases] GC(1)         LAB Undo Waste                 Min: 0, Avg:  0.0, Max: 0, Diff: 0, Sum: 0, Workers: 8
[2025-05-20T20:43:00.052+0300][23452][15008][debug][gc,phases] GC(1)       Clear Logged Cards (ms):       Min:  0.0, Avg:  0.0, Max:  0.0, Diff:  0.0, Sum:  0.0, Workers: 3
[2025-05-20T20:43:00.052+0300][23452][15008][debug][gc,phases] GC(1)       Recalculate Used Memory (ms):  Min:  0.0, Avg:  0.0, Max:  0.0, Diff:  0.0, Sum:  0.0, Workers: 1
[2025-05-20T20:43:00.052+0300][23452][15008][debug][gc,phases] GC(1)     Post Evacuate Cleanup 2: 0.1ms
[2025-05-20T20:43:00.052+0300][23452][15008][debug][gc,phases] GC(1)       Update Derived Pointers (ms):  Min:  0.0, Avg:  0.0, Max:  0.0, Diff:  0.0, Sum:  0.0, Workers: 1
[2025-05-20T20:43:00.052+0300][23452][15008][debug][gc,phases] GC(1)       Eagerly Reclaim Humongous Objects (ms): skipped
[2025-05-20T20:43:00.052+0300][23452][15008][debug][gc,phases] GC(1)         Humongous Total                skipped
[2025-05-20T20:43:00.052+0300][23452][15008][debug][gc,phases] GC(1)         Humongous Candidates           skipped
[2025-05-20T20:43:00.052+0300][23452][15008][debug][gc,phases] GC(1)         Humongous Reclaimed            skipped
[2025-05-20T20:43:00.052+0300][23452][15008][debug][gc,phases] GC(1)       Redirty Logged Cards (ms):     Min:  0.0, Avg:  0.0, Max:  0.0, Diff:  0.0, Sum:  0.0, Workers: 8
[2025-05-20T20:43:00.052+0300][23452][15008][debug][gc,phases] GC(1)         Redirtied Cards:               Min: 0, Avg: 101.8, Max: 515, Diff: 515, Sum: 814, Workers: 8
[2025-05-20T20:43:00.052+0300][23452][15008][debug][gc,phases] GC(1)       Resize TLABs (ms):             Min:  0.0, Avg:  0.0, Max:  0.0, Diff:  0.0, Sum:  0.0, Workers: 8
[2025-05-20T20:43:00.052+0300][23452][15008][debug][gc,phases] GC(1)       Free Collection Set (ms):      Min:  0.0, Avg:  0.0, Max:  0.0, Diff:  0.0, Sum:  0.1, Workers: 8
[2025-05-20T20:43:00.052+0300][23452][15008][debug][gc,phases] GC(1)     Rebuild Free List: 0.0ms
[2025-05-20T20:43:00.052+0300][23452][15008][debug][gc,phases] GC(1)     Prepare For Mutator: 0.0ms
[2025-05-20T20:43:00.052+0300][23452][15008][debug][gc,phases] GC(1)     Expand Heap After Collection: 0.0ms
[2025-05-20T20:43:00.052+0300][23452][15008][info ][gc,phases] GC(1)   Other: 0.2ms
[2025-05-20T20:43:00.052+0300][23452][15008][info ][gc,heap  ] GC(1) Eden regions: 61->0(99)
[2025-05-20T20:43:00.052+0300][23452][15008][info ][gc,heap  ] GC(1) Survivor regions: 0->3(13)
[2025-05-20T20:43:00.052+0300][23452][15008][info ][gc,heap  ] GC(1) Old regions: 8->8
[2025-05-20T20:43:00.052+0300][23452][15008][info ][gc,heap  ] GC(1) Humongous regions: 0->0
[2025-05-20T20:43:00.052+0300][23452][15008][debug][gc,heap  ] GC(1) Heap after GC invocations=2 (full 1):
[2025-05-20T20:43:00.052+0300][23452][15008][debug][gc,heap  ] GC(1)  garbage-first heap   total 4194304K, used 14318K [0x0000000700000000, 0x0000000800000000)
[2025-05-20T20:43:00.052+0300][23452][15008][debug][gc,heap  ] GC(1)   region size 2048K, 3 young (6144K), 3 survivors (6144K)
[2025-05-20T20:43:00.052+0300][23452][15008][debug][gc,heap  ] GC(1)  Metaspace       used 25796K, committed 26240K, reserved 1114112K
[2025-05-20T20:43:00.052+0300][23452][15008][debug][gc,heap  ] GC(1)   class space    used 2448K, committed 2688K, reserved 1048576K
[2025-05-20T20:43:00.052+0300][23452][15008][info ][gc       ] GC(1) Pause Young (Concurrent Start) (Metadata GC Threshold) 131M->13M(4096M) 9.607ms
[2025-05-20T20:43:00.052+0300][23452][20880][info ][gc       ] GC(2) Concurrent Mark Cycle
[2025-05-20T20:43:00.052+0300][23452][15008][info ][safepoint] Safepoint "CollectForMetadataAllocation", Time since last: 130660300 ns, Reaching safepoint: 58600 ns, Cleanup: 14200 ns, At safepoint: 9652000 ns, Total: 9724800 ns
[2025-05-20T20:43:00.052+0300][23452][15008][debug][safepoint] Safepoint synchronization initiated using striped semaphore wait barrier. (34 threads)
[2025-05-20T20:43:00.052+0300][23452][15008][debug][gc,phases] GC(2) Finalize Marking 0.206ms
[2025-05-20T20:43:00.052+0300][23452][15008][debug][gc,phases] GC(2) Reference Processing 0.042ms
[2025-05-20T20:43:00.052+0300][23452][15008][debug][gc,phases] GC(2)   VM Weak                        Min:  0.0, Avg:  0.0, Max:  0.0, Diff:  0.0, Sum:  0.0, Workers: 8
[2025-05-20T20:43:00.052+0300][23452][15008][debug][gc,phases] GC(2)     Dead                           Min: 0, Avg:  0.0, Max: 0, Diff: 0, Sum: 0, Workers: 8
[2025-05-20T20:43:00.052+0300][23452][15008][debug][gc,phases] GC(2)     Total                          Min: 0, Avg: 31.5, Max: 192, Diff: 192, Sum: 252, Workers: 8
[2025-05-20T20:43:00.052+0300][23452][15008][debug][gc,phases] GC(2)   ObjectSynchronizer Weak        Min:  0.0, Avg:  0.0, Max:  0.0, Diff:  0.0, Sum:  0.0, Workers: 8
[2025-05-20T20:43:00.052+0300][23452][15008][debug][gc,phases] GC(2)     Dead                           Min: 0, Avg:  0.0, Max: 0, Diff: 0, Sum: 0, Workers: 8
[2025-05-20T20:43:00.052+0300][23452][15008][debug][gc,phases] GC(2)     Total                          Min: 0, Avg:  2.9, Max: 23, Diff: 23, Sum: 23, Workers: 8
[2025-05-20T20:43:00.052+0300][23452][15008][debug][gc,phases] GC(2)   JVMTI Tag Weak OopStorage      Min:  0.0, Avg:  0.0, Max:  0.0, Diff:  0.0, Sum:  0.0, Workers: 8
[2025-05-20T20:43:00.052+0300][23452][15008][debug][gc,phases] GC(2)     Dead                           Min: 0, Avg:  0.0, Max: 0, Diff: 0, Sum: 0, Workers: 8
[2025-05-20T20:43:00.052+0300][23452][15008][debug][gc,phases] GC(2)     Total                          Min: 0, Avg:  0.0, Max: 0, Diff: 0, Sum: 0, Workers: 8
[2025-05-20T20:43:00.052+0300][23452][15008][debug][gc,phases] GC(2)   StringTable Weak               Min:  0.0, Avg:  0.0, Max:  0.1, Diff:  0.0, Sum:  0.3, Workers: 8
[2025-05-20T20:43:00.052+0300][23452][15008][debug][gc,phases] GC(2)     Dead                           Min: 0, Avg:  0.0, Max: 0, Diff: 0, Sum: 0, Workers: 8
[2025-05-20T20:43:00.052+0300][23452][15008][debug][gc,phases] GC(2)     Total                          Min: 1984, Avg: 2950.0, Max: 5696, Diff: 3712, Sum: 23600, Workers: 8
[2025-05-20T20:43:00.052+0300][23452][15008][debug][gc,phases] GC(2)   ResolvedMethodTable Weak       Min:  0.0, Avg:  0.0, Max:  0.0, Diff:  0.0, Sum:  0.0, Workers: 8
[2025-05-20T20:43:00.052+0300][23452][15008][debug][gc,phases] GC(2)     Dead                           Min: 0, Avg:  0.0, Max: 0, Diff: 0, Sum: 0, Workers: 8
[2025-05-20T20:43:00.052+0300][23452][15008][debug][gc,phases] GC(2)     Total                          Min: 128, Avg: 164.1, Max: 256, Diff: 128, Sum: 1313, Workers: 8
[2025-05-20T20:43:00.052+0300][23452][15008][debug][gc,phases] GC(2)   JNI Weak                       Min:  0.0, Avg:  0.0, Max:  0.0, Diff:  0.0, Sum:  0.0, Workers: 8
[2025-05-20T20:43:00.052+0300][23452][15008][debug][gc,phases] GC(2)     Dead                           Min: 0, Avg:  0.0, Max: 0, Diff: 0, Sum: 0, Workers: 8
[2025-05-20T20:43:00.052+0300][23452][15008][debug][gc,phases] GC(2)     Total                          Min: 0, Avg:  0.0, Max: 0, Diff: 0, Sum: 0, Workers: 8
[2025-05-20T20:43:00.052+0300][23452][15008][debug][gc,phases] GC(2)   StringDedup Table Weak         Min:  0.0, Avg:  0.0, Max:  0.0, Diff:  0.0, Sum:  0.0, Workers: 8
[2025-05-20T20:43:00.052+0300][23452][15008][debug][gc,phases] GC(2)     Dead                           Min: 0, Avg:  0.0, Max: 0, Diff: 0, Sum: 0, Workers: 8
[2025-05-20T20:43:00.052+0300][23452][15008][debug][gc,phases] GC(2)     Total                          Min: 0, Avg:  0.0, Max: 0, Diff: 0, Sum: 0, Workers: 8
[2025-05-20T20:43:00.052+0300][23452][15008][debug][gc,phases] GC(2)   StringDedup Requests0 Weak     Min:  0.0, Avg:  0.0, Max:  0.0, Diff:  0.0, Sum:  0.0, Workers: 8
[2025-05-20T20:43:00.052+0300][23452][15008][debug][gc,phases] GC(2)     Dead                           Min: 0, Avg:  0.0, Max: 0, Diff: 0, Sum: 0, Workers: 8
[2025-05-20T20:43:00.052+0300][23452][15008][debug][gc,phases] GC(2)     Total                          Min: 0, Avg:  0.0, Max: 0, Diff: 0, Sum: 0, Workers: 8
[2025-05-20T20:43:00.052+0300][23452][15008][debug][gc,phases] GC(2)   StringDedup Requests1 Weak     Min:  0.0, Avg:  0.0, Max:  0.0, Diff:  0.0, Sum:  0.0, Workers: 8
[2025-05-20T20:43:00.052+0300][23452][15008][debug][gc,phases] GC(2)     Dead                           Min: 0, Avg:  0.0, Max: 0, Diff: 0, Sum: 0, Workers: 8
[2025-05-20T20:43:00.052+0300][23452][15008][debug][gc,phases] GC(2)     Total                          Min: 0, Avg:  0.0, Max: 0, Diff: 0, Sum: 0, Workers: 8
[2025-05-20T20:43:00.052+0300][23452][15008][debug][gc,phases] GC(2)   Weak JFR Old Object Samples    Min:  0.0, Avg:  0.0, Max:  0.0, Diff:  0.0, Sum:  0.0, Workers: 8
[2025-05-20T20:43:00.052+0300][23452][15008][debug][gc,phases] GC(2)     Dead                           Min: 0, Avg:  0.0, Max: 0, Diff: 0, Sum: 0, Workers: 8
[2025-05-20T20:43:00.052+0300][23452][15008][debug][gc,phases] GC(2)     Total                          Min: 0, Avg:  0.0, Max: 0, Diff: 0, Sum: 0, Workers: 8
[2025-05-20T20:43:00.052+0300][23452][15008][debug][gc,phases] GC(2) Weak Processing 0.538ms
[2025-05-20T20:43:00.052+0300][23452][15008][debug][gc,phases] GC(2) ClassLoaderData 0.015ms
[2025-05-20T20:43:00.052+0300][23452][15008][debug][gc,phases] GC(2) Trigger cleanups 0.002ms
[2025-05-20T20:43:00.068+0300][23452][15008][debug][gc,phases] GC(2) G1 Complete Cleaning 3.211ms
[2025-05-20T20:43:00.068+0300][23452][15008][debug][gc,phases] GC(2) Purge Unlinked NMethods 0.408ms
[2025-05-20T20:43:00.068+0300][23452][15008][debug][gc,phases] GC(2) Unregister NMethods 0.205ms
[2025-05-20T20:43:00.068+0300][23452][15008][debug][gc,phases] GC(2) Free Code Blobs 0.108ms
[2025-05-20T20:43:00.068+0300][23452][15008][debug][gc,phases] GC(2) Purge Class Loader Data 0.113ms
[2025-05-20T20:43:00.068+0300][23452][15008][debug][gc,phases] GC(2) Class Unloading 4.252ms
[2025-05-20T20:43:00.068+0300][23452][15008][debug][gc,phases] GC(2) Flush Task Caches 0.011ms
[2025-05-20T20:43:00.068+0300][23452][15008][debug][gc,phases] GC(2) Update Remembered Set Tracking Before Rebuild 0.105ms
[2025-05-20T20:43:00.068+0300][23452][15008][debug][gc,phases] GC(2) Reclaim Empty Regions 0.049ms
[2025-05-20T20:43:00.068+0300][23452][15008][debug][gc,phases] GC(2) Report Object Count 0.001ms
[2025-05-20T20:43:00.068+0300][23452][15008][info ][gc       ] GC(2) Pause Remark 15M->15M(4096M) 5.385ms
[2025-05-20T20:43:00.068+0300][23452][15008][info ][safepoint] Safepoint "G1PauseRemark", Time since last: 9995200 ns, Reaching safepoint: 49300 ns, Cleanup: 12800 ns, At safepoint: 5405800 ns, Total: 5467900 ns
[2025-05-20T20:43:00.071+0300][23452][15008][debug][safepoint] Safepoint synchronization initiated using striped semaphore wait barrier. (34 threads)
[2025-05-20T20:43:00.071+0300][23452][15008][debug][gc,phases] GC(2) Update Remembered Set Tracking After Rebuild 0.053ms
[2025-05-20T20:43:00.071+0300][23452][15008][debug][gc,phases] GC(2) Finalize Concurrent Mark Cleanup 0.131ms
[2025-05-20T20:43:00.071+0300][23452][15008][info ][gc       ] GC(2) Pause Cleanup 15M->15M(4096M) 0.235ms
[2025-05-20T20:43:00.071+0300][23452][15008][info ][safepoint] Safepoint "G1PauseCleanup", Time since last: 4345400 ns, Reaching safepoint: 48600 ns, Cleanup: 13700 ns, At safepoint: 253700 ns, Total: 316000 ns
[2025-05-20T20:43:00.071+0300][23452][20880][info ][gc       ] GC(2) Concurrent Mark Cycle 25.848ms
[2025-05-20T20:43:00.448+0300][23452][15008][debug][safepoint] Safepoint synchronization initiated using striped semaphore wait barrier. (34 threads)
[2025-05-20T20:43:00.448+0300][23452][15008][info ][safepoint] Safepoint "ICBufferFull", Time since last: 374386300 ns, Reaching safepoint: 64300 ns, Cleanup: 124700 ns, At safepoint: 9300 ns, Total: 198300 ns
[2025-05-20T20:43:00.720+0300][23452][15008][debug][safepoint] Safepoint synchronization initiated using striped semaphore wait barrier. (34 threads)
[2025-05-20T20:43:00.720+0300][23452][15008][info ][safepoint] Safepoint "ICBufferFull", Time since last: 271438800 ns, Reaching safepoint: 63000 ns, Cleanup: 117500 ns, At safepoint: 2100 ns, Total: 182600 ns
[2025-05-20T20:43:01.079+0300][23452][15008][debug][safepoint] Safepoint synchronization initiated using striped semaphore wait barrier. (34 threads)
[2025-05-20T20:43:01.080+0300][23452][15008][info ][safepoint] Safepoint "ICBufferFull", Time since last: 359617200 ns, Reaching safepoint: 87500 ns, Cleanup: 158200 ns, At safepoint: 6200 ns, Total: 251900 ns
[2025-05-20T20:43:01.382+0300][23452][11628][debug][safepoint] ... found polling page loop exception at pc = 0x00000284cb7f317d, stub =0x00000284d2a26600
[2025-05-20T20:43:01.601+0300][23452][15008][debug][safepoint] Safepoint synchronization initiated using striped semaphore wait barrier. (34 threads)
[2025-05-20T20:43:01.602+0300][23452][15008][info ][safepoint] Safepoint "ICBufferFull", Time since last: 521643000 ns, Reaching safepoint: 85900 ns, Cleanup: 149200 ns, At safepoint: 2700 ns, Total: 237800 ns
[2025-05-20T20:43:02.093+0300][23452][15008][debug][safepoint] Safepoint synchronization initiated using striped semaphore wait barrier. (34 threads)
[2025-05-20T20:43:02.093+0300][23452][15008][info ][safepoint] Safepoint "ICBufferFull", Time since last: 490625100 ns, Reaching safepoint: 76100 ns, Cleanup: 139000 ns, At safepoint: 7400 ns, Total: 222500 ns
[2025-05-20T20:43:02.510+0300][23452][15008][debug][safepoint] Safepoint synchronization initiated using striped semaphore wait barrier. (34 threads)
[2025-05-20T20:43:02.510+0300][23452][15008][info ][safepoint] Safepoint "ICBufferFull", Time since last: 417283200 ns, Reaching safepoint: 63400 ns, Cleanup: 125200 ns, At safepoint: 4300 ns, Total: 192900 ns
[2025-05-20T20:43:03.201+0300][23452][15008][debug][safepoint] Safepoint synchronization initiated using striped semaphore wait barrier. (34 threads)
[2025-05-20T20:43:03.201+0300][23452][15008][info ][safepoint] Safepoint "ICBufferFull", Time since last: 690474400 ns, Reaching safepoint: 59100 ns, Cleanup: 128800 ns, At safepoint: 2100 ns, Total: 190000 ns
[2025-05-20T20:43:04.128+0300][23452][15008][debug][safepoint] Safepoint synchronization initiated using striped semaphore wait barrier. (34 threads)
[2025-05-20T20:43:04.128+0300][23452][20020][debug][safepoint] ... found polling page loop exception at pc = 0x00000284d33e076a, stub =0x00000284d2a25d80
[2025-05-20T20:43:04.128+0300][23452][15008][info ][safepoint] Safepoint "ICBufferFull", Time since last: 927895500 ns, Reaching safepoint: 132700 ns, Cleanup: 114300 ns, At safepoint: 15600 ns, Total: 262600 ns
[2025-05-20T20:43:04.198+0300][23452][15008][debug][safepoint] Safepoint synchronization initiated using striped semaphore wait barrier. (34 threads)
[2025-05-20T20:43:04.198+0300][23452][15008][debug][gc,heap  ] GC(3) Heap before GC invocations=3 (full 1):
[2025-05-20T20:43:04.198+0300][23452][15008][debug][gc,heap  ] GC(3)  garbage-first heap   total 4194304K, used 215022K [0x0000000700000000, 0x0000000800000000)
[2025-05-20T20:43:04.198+0300][23452][15008][debug][gc,heap  ] GC(3)   region size 2048K, 102 young (208896K), 3 survivors (6144K)
[2025-05-20T20:43:04.198+0300][23452][15008][debug][gc,heap  ] GC(3)  Metaspace       used 31917K, committed 32768K, reserved 1114112K
[2025-05-20T20:43:04.198+0300][23452][15008][debug][gc,heap  ] GC(3)   class space    used 2906K, committed 3264K, reserved 1048576K
[2025-05-20T20:43:04.203+0300][23452][15008][info ][gc,phases] GC(3)   Pre Evacuate Collection Set: 0.3ms
[2025-05-20T20:43:04.203+0300][23452][15008][debug][gc,phases] GC(3)     Pre Evacuate Prepare: 0.1ms
[2025-05-20T20:43:04.203+0300][23452][15008][debug][gc,phases] GC(3)       JT Retire TLABs And Flush Logs (ms): Min:  0.0, Avg:  0.0, Max:  0.0, Diff:  0.0, Sum:  0.0, Workers: 2
[2025-05-20T20:43:04.203+0300][23452][15008][debug][gc,phases] GC(3)       Non-JT Flush Logs (ms):        Min:  0.0, Avg:  0.0, Max:  0.0, Diff:  0.0, Sum:  0.0, Workers: 1
[2025-05-20T20:43:04.203+0300][23452][15008][debug][gc,phases] GC(3)     Choose Collection Set: 0.0ms
[2025-05-20T20:43:04.203+0300][23452][15008][debug][gc,phases] GC(3)     Region Register: 0.2ms
[2025-05-20T20:43:04.203+0300][23452][15008][debug][gc,phases] GC(3)     Prepare Heap Roots: 0.0ms
[2025-05-20T20:43:04.203+0300][23452][15008][info ][gc,phases] GC(3)   Merge Heap Roots: 0.1ms
[2025-05-20T20:43:04.203+0300][23452][15008][debug][gc,phases] GC(3)     Prepare Merge Heap Roots: 0.0ms
[2025-05-20T20:43:04.203+0300][23452][15008][debug][gc,phases] GC(3)     Remembered Sets (ms):          Min:  0.0, Avg:  0.0, Max:  0.0, Diff:  0.0, Sum:  0.1, Workers: 8
[2025-05-20T20:43:04.204+0300][23452][15008][debug][gc,phases] GC(3)       Eager Reclaim (ms):            skipped
[2025-05-20T20:43:04.204+0300][23452][15008][debug][gc,phases] GC(3)       Merged Inline                  Min: 0, Avg:  0.6, Max: 4, Diff: 4, Sum: 5, Workers: 8
[2025-05-20T20:43:04.204+0300][23452][15008][debug][gc,phases] GC(3)       Merged ArrayOfCards            Min: 0, Avg:  0.2, Max: 1, Diff: 1, Sum: 2, Workers: 8
[2025-05-20T20:43:04.204+0300][23452][15008][debug][gc,phases] GC(3)       Merged Howl                    Min: 0, Avg:  1.5, Max: 7, Diff: 7, Sum: 12, Workers: 8
[2025-05-20T20:43:04.204+0300][23452][15008][debug][gc,phases] GC(3)       Merged Full                    Min: 0, Avg:  0.0, Max: 0, Diff: 0, Sum: 0, Workers: 8
[2025-05-20T20:43:04.204+0300][23452][15008][debug][gc,phases] GC(3)       Merged Howl Inline             Min: 0, Avg:  7.8, Max: 35, Diff: 35, Sum: 62, Workers: 8
[2025-05-20T20:43:04.204+0300][23452][15008][debug][gc,phases] GC(3)       Merged Howl ArrayOfCards       Min: 0, Avg:  3.0, Max: 13, Diff: 13, Sum: 24, Workers: 8
[2025-05-20T20:43:04.204+0300][23452][15008][debug][gc,phases] GC(3)       Merged Howl BitMap             Min: 0, Avg:  1.2, Max: 8, Diff: 8, Sum: 10, Workers: 8
[2025-05-20T20:43:04.204+0300][23452][15008][debug][gc,phases] GC(3)       Merged Howl Full               Min: 0, Avg:  0.0, Max: 0, Diff: 0, Sum: 0, Workers: 8
[2025-05-20T20:43:04.204+0300][23452][15008][debug][gc,phases] GC(3)       Merged Cards                   Min: 8, Avg: 80.6, Max: 405, Diff: 397, Sum: 645, Workers: 8
[2025-05-20T20:43:04.204+0300][23452][15008][debug][gc,phases] GC(3)     Log Buffers (ms):              Min:  0.0, Avg:  0.0, Max:  0.0, Diff:  0.0, Sum:  0.0, Workers: 8
[2025-05-20T20:43:04.204+0300][23452][15008][debug][gc,phases] GC(3)       Dirty Cards:                   Min: 0, Avg: 181.5, Max: 404, Diff: 404, Sum: 1452, Workers: 8
[2025-05-20T20:43:04.204+0300][23452][15008][debug][gc,phases] GC(3)       Skipped Cards:                 Min: 0, Avg:  0.0, Max: 0, Diff: 0, Sum: 0, Workers: 8
[2025-05-20T20:43:04.204+0300][23452][15008][info ][gc,phases] GC(3)   Evacuate Collection Set: 3.8ms
[2025-05-20T20:43:04.204+0300][23452][15008][debug][gc,phases] GC(3)     Ext Root Scanning (ms):        Min:  0.0, Avg:  0.3, Max:  1.0, Diff:  1.0, Sum:  2.3, Workers: 8
[2025-05-20T20:43:04.204+0300][23452][15008][debug][gc,phases] GC(3)     Scan Heap Roots (ms):          Min:  0.0, Avg:  0.2, Max:  0.5, Diff:  0.5, Sum:  1.5, Workers: 8
[2025-05-20T20:43:04.204+0300][23452][15008][debug][gc,phases] GC(3)       Scanned Cards:                 Min: 0, Avg: 178.0, Max: 400, Diff: 400, Sum: 1424, Workers: 8
[2025-05-20T20:43:04.204+0300][23452][15008][debug][gc,phases] GC(3)       Scanned Blocks:                Min: 0, Avg: 111.4, Max: 269, Diff: 269, Sum: 891, Workers: 8
[2025-05-20T20:43:04.204+0300][23452][15008][debug][gc,phases] GC(3)       Claimed Chunks:                Min: 0, Avg: 25.1, Max: 59, Diff: 59, Sum: 201, Workers: 8
[2025-05-20T20:43:04.204+0300][23452][15008][debug][gc,phases] GC(3)       Found Roots:                   Min: 0, Avg: 574.1, Max: 2751, Diff: 2751, Sum: 4593, Workers: 8
[2025-05-20T20:43:04.204+0300][23452][15008][debug][gc,phases] GC(3)     Code Root Scan (ms):           Min:  0.0, Avg:  0.5, Max:  0.9, Diff:  0.9, Sum:  3.7, Workers: 8
[2025-05-20T20:43:04.204+0300][23452][15008][debug][gc,phases] GC(3)       Scanned Nmethods               Min: 0, Avg: 89.9, Max: 205, Diff: 205, Sum: 719, Workers: 8
[2025-05-20T20:43:04.204+0300][23452][15008][debug][gc,phases] GC(3)     Object Copy (ms):              Min:  0.0, Avg:  2.2, Max:  2.9, Diff:  2.9, Sum: 17.8, Workers: 8
[2025-05-20T20:43:04.204+0300][23452][15008][debug][gc,phases] GC(3)     Termination (ms):              Min:  0.0, Avg:  0.1, Max:  0.1, Diff:  0.1, Sum:  0.6, Workers: 8
[2025-05-20T20:43:04.204+0300][23452][15008][debug][gc,phases] GC(3)       Termination Attempts:          Min: 1, Avg:  1.0, Max: 1, Diff: 0, Sum: 8, Workers: 8
[2025-05-20T20:43:04.204+0300][23452][15008][debug][gc,phases] GC(3)     GC Worker Other (ms):          Min:  0.0, Avg:  0.0, Max:  0.0, Diff:  0.0, Sum:  0.2, Workers: 8
[2025-05-20T20:43:04.204+0300][23452][15008][debug][gc,phases] GC(3)     GC Worker Total (ms):          Min:  0.1, Avg:  3.3, Max:  3.8, Diff:  3.7, Sum: 26.2, Workers: 8
[2025-05-20T20:43:04.204+0300][23452][15008][info ][gc,phases] GC(3)   Post Evacuate Collection Set: 0.8ms
[2025-05-20T20:43:04.204+0300][23452][15008][debug][gc,phases] GC(3)     NMethod List Cleanup: 0.1ms
[2025-05-20T20:43:04.204+0300][23452][15008][debug][gc,phases] GC(3)     Reference Processing: 0.2ms
[2025-05-20T20:43:04.204+0300][23452][15008][debug][gc,phases] GC(3)     Weak Processing: 0.2ms
[2025-05-20T20:43:04.204+0300][23452][15008][debug][gc,phases] GC(3)       VM Weak                        Min:  0.0, Avg:  0.0, Max:  0.0, Diff:  0.0, Sum:  0.1, Workers: 8
[2025-05-20T20:43:04.204+0300][23452][15008][debug][gc,phases] GC(3)         Dead                           Min: 0, Avg:  0.0, Max: 0, Diff: 0, Sum: 0, Workers: 8
[2025-05-20T20:43:04.204+0300][23452][15008][debug][gc,phases] GC(3)         Total                          Min: 0, Avg: 65.2, Max: 256, Diff: 256, Sum: 522, Workers: 8
[2025-05-20T20:43:04.204+0300][23452][15008][debug][gc,phases] GC(3)       ObjectSynchronizer Weak        Min:  0.0, Avg:  0.0, Max:  0.0, Diff:  0.0, Sum:  0.0, Workers: 8
[2025-05-20T20:43:04.204+0300][23452][15008][debug][gc,phases] GC(3)         Dead                           Min: 0, Avg: 12.1, Max: 30, Diff: 30, Sum: 97, Workers: 8
[2025-05-20T20:43:04.204+0300][23452][15008][debug][gc,phases] GC(3)         Total                          Min: 0, Avg: 38.1, Max: 113, Diff: 113, Sum: 305, Workers: 8
[2025-05-20T20:43:04.204+0300][23452][15008][debug][gc,phases] GC(3)       JVMTI Tag Weak OopStorage      Min:  0.0, Avg:  0.0, Max:  0.0, Diff:  0.0, Sum:  0.0, Workers: 8
[2025-05-20T20:43:04.204+0300][23452][15008][debug][gc,phases] GC(3)         Dead                           Min: 0, Avg:  0.0, Max: 0, Diff: 0, Sum: 0, Workers: 8
[2025-05-20T20:43:04.204+0300][23452][15008][debug][gc,phases] GC(3)         Total                          Min: 0, Avg:  0.0, Max: 0, Diff: 0, Sum: 0, Workers: 8
[2025-05-20T20:43:04.204+0300][23452][15008][debug][gc,phases] GC(3)       StringTable Weak               Min:  0.0, Avg:  0.1, Max:  0.1, Diff:  0.1, Sum:  0.5, Workers: 8
[2025-05-20T20:43:04.204+0300][23452][15008][debug][gc,phases] GC(3)         Dead                           Min: 0, Avg:  2.5, Max: 10, Diff: 10, Sum: 20, Workers: 8
[2025-05-20T20:43:04.204+0300][23452][15008][debug][gc,phases] GC(3)         Total                          Min: 0, Avg: 3241.6, Max: 5376, Diff: 5376, Sum: 25933, Workers: 8
[2025-05-20T20:43:04.204+0300][23452][15008][debug][gc,phases] GC(3)       ResolvedMethodTable Weak       Min:  0.0, Avg:  0.0, Max:  0.0, Diff:  0.0, Sum:  0.1, Workers: 8
[2025-05-20T20:43:04.204+0300][23452][15008][debug][gc,phases] GC(3)         Dead                           Min: 0, Avg: 19.0, Max: 48, Diff: 48, Sum: 152, Workers: 8
[2025-05-20T20:43:04.204+0300][23452][15008][debug][gc,phases] GC(3)         Total                          Min: 0, Avg: 207.2, Max: 320, Diff: 320, Sum: 1658, Workers: 8
[2025-05-20T20:43:04.204+0300][23452][15008][debug][gc,phases] GC(3)       JNI Weak                       Min:  0.0, Avg:  0.0, Max:  0.0, Diff:  0.0, Sum:  0.0, Workers: 8
[2025-05-20T20:43:04.204+0300][23452][15008][debug][gc,phases] GC(3)         Dead                           Min: 0, Avg:  0.0, Max: 0, Diff: 0, Sum: 0, Workers: 8
[2025-05-20T20:43:04.204+0300][23452][15008][debug][gc,phases] GC(3)         Total                          Min: 0, Avg:  0.0, Max: 0, Diff: 0, Sum: 0, Workers: 8
[2025-05-20T20:43:04.204+0300][23452][15008][debug][gc,phases] GC(3)       StringDedup Table Weak         Min:  0.0, Avg:  0.0, Max:  0.0, Diff:  0.0, Sum:  0.0, Workers: 8
[2025-05-20T20:43:04.204+0300][23452][15008][debug][gc,phases] GC(3)         Dead                           Min: 0, Avg:  0.0, Max: 0, Diff: 0, Sum: 0, Workers: 8
[2025-05-20T20:43:04.204+0300][23452][15008][debug][gc,phases] GC(3)         Total                          Min: 0, Avg:  0.0, Max: 0, Diff: 0, Sum: 0, Workers: 8
[2025-05-20T20:43:04.204+0300][23452][15008][debug][gc,phases] GC(3)       StringDedup Requests0 Weak     Min:  0.0, Avg:  0.0, Max:  0.0, Diff:  0.0, Sum:  0.0, Workers: 8
[2025-05-20T20:43:04.204+0300][23452][15008][debug][gc,phases] GC(3)         Dead                           Min: 0, Avg:  0.0, Max: 0, Diff: 0, Sum: 0, Workers: 8
[2025-05-20T20:43:04.204+0300][23452][15008][debug][gc,phases] GC(3)         Total                          Min: 0, Avg:  0.0, Max: 0, Diff: 0, Sum: 0, Workers: 8
[2025-05-20T20:43:04.204+0300][23452][15008][debug][gc,phases] GC(3)       StringDedup Requests1 Weak     Min:  0.0, Avg:  0.0, Max:  0.0, Diff:  0.0, Sum:  0.0, Workers: 8
[2025-05-20T20:43:04.204+0300][23452][15008][debug][gc,phases] GC(3)         Dead                           Min: 0, Avg:  0.0, Max: 0, Diff: 0, Sum: 0, Workers: 8
[2025-05-20T20:43:04.204+0300][23452][15008][debug][gc,phases] GC(3)         Total                          Min: 0, Avg:  0.0, Max: 0, Diff: 0, Sum: 0, Workers: 8
[2025-05-20T20:43:04.204+0300][23452][15008][debug][gc,phases] GC(3)       Weak JFR Old Object Samples    Min:  0.0, Avg:  0.0, Max:  0.0, Diff:  0.0, Sum:  0.0, Workers: 8
[2025-05-20T20:43:04.204+0300][23452][15008][debug][gc,phases] GC(3)         Dead                           Min: 0, Avg:  0.0, Max: 0, Diff: 0, Sum: 0, Workers: 8
[2025-05-20T20:43:04.204+0300][23452][15008][debug][gc,phases] GC(3)         Total                          Min: 0, Avg:  0.0, Max: 0, Diff: 0, Sum: 0, Workers: 8
[2025-05-20T20:43:04.204+0300][23452][15008][debug][gc,phases] GC(3)     Post Evacuate Cleanup 1: 0.1ms
[2025-05-20T20:43:04.204+0300][23452][15008][debug][gc,phases] GC(3)       Merge Per-Thread State (ms):   Min:  0.0, Avg:  0.0, Max:  0.0, Diff:  0.0, Sum:  0.0, Workers: 1
[2025-05-20T20:43:04.204+0300][23452][15008][debug][gc,phases] GC(3)         Copied Bytes                   Min: 0, Avg: 834385.0, Max: 1639896, Diff: 1639896, Sum: 6675080, Workers: 8
[2025-05-20T20:43:04.204+0300][23452][15008][debug][gc,phases] GC(3)         LAB Waste                      Min: 0, Avg: 2273.0, Max: 8376, Diff: 8376, Sum: 18184, Workers: 8
[2025-05-20T20:43:04.204+0300][23452][15008][debug][gc,phases] GC(3)         LAB Undo Waste                 Min: 0, Avg:  0.0, Max: 0, Diff: 0, Sum: 0, Workers: 8
[2025-05-20T20:43:04.204+0300][23452][15008][debug][gc,phases] GC(3)       Clear Logged Cards (ms):       Min:  0.0, Avg:  0.0, Max:  0.0, Diff:  0.0, Sum:  0.0, Workers: 4
[2025-05-20T20:43:04.204+0300][23452][15008][debug][gc,phases] GC(3)       Recalculate Used Memory (ms):  Min:  0.0, Avg:  0.0, Max:  0.0, Diff:  0.0, Sum:  0.0, Workers: 1
[2025-05-20T20:43:04.204+0300][23452][15008][debug][gc,phases] GC(3)     Post Evacuate Cleanup 2: 0.1ms
[2025-05-20T20:43:04.204+0300][23452][15008][debug][gc,phases] GC(3)       Update Derived Pointers (ms):  Min:  0.0, Avg:  0.0, Max:  0.0, Diff:  0.0, Sum:  0.0, Workers: 1
[2025-05-20T20:43:04.204+0300][23452][15008][debug][gc,phases] GC(3)       Eagerly Reclaim Humongous Objects (ms): skipped
[2025-05-20T20:43:04.204+0300][23452][15008][debug][gc,phases] GC(3)         Humongous Total                skipped
[2025-05-20T20:43:04.204+0300][23452][15008][debug][gc,phases] GC(3)         Humongous Candidates           skipped
[2025-05-20T20:43:04.204+0300][23452][15008][debug][gc,phases] GC(3)         Humongous Reclaimed            skipped
[2025-05-20T20:43:04.204+0300][23452][15008][debug][gc,phases] GC(3)       Sample CSet Candidates (ms):   Min:  0.0, Avg:  0.0, Max:  0.0, Diff:  0.0, Sum:  0.0, Workers: 1
[2025-05-20T20:43:04.204+0300][23452][15008][debug][gc,phases] GC(3)       Redirty Logged Cards (ms):     Min:  0.0, Avg:  0.0, Max:  0.0, Diff:  0.0, Sum:  0.0, Workers: 8
[2025-05-20T20:43:04.204+0300][23452][15008][debug][gc,phases] GC(3)         Redirtied Cards:               Min: 0, Avg: 130.8, Max: 510, Diff: 510, Sum: 1046, Workers: 8
[2025-05-20T20:43:04.204+0300][23452][15008][debug][gc,phases] GC(3)       Resize TLABs (ms):             Min:  0.0, Avg:  0.0, Max:  0.0, Diff:  0.0, Sum:  0.0, Workers: 8
[2025-05-20T20:43:04.204+0300][23452][15008][debug][gc,phases] GC(3)       Free Collection Set (ms):      Min:  0.0, Avg:  0.0, Max:  0.1, Diff:  0.1, Sum:  0.4, Workers: 8
[2025-05-20T20:43:04.204+0300][23452][15008][debug][gc,phases] GC(3)     Rebuild Free List: 0.1ms
[2025-05-20T20:43:04.204+0300][23452][15008][debug][gc,phases] GC(3)     Prepare For Mutator: 0.0ms
[2025-05-20T20:43:04.204+0300][23452][15008][debug][gc,phases] GC(3)     Expand Heap After Collection: 0.0ms
[2025-05-20T20:43:04.204+0300][23452][15008][info ][gc,phases] GC(3)   Other: 0.1ms
[2025-05-20T20:43:04.204+0300][23452][15008][info ][gc,heap  ] GC(3) Eden regions: 99->0(266)
[2025-05-20T20:43:04.205+0300][23452][15008][info ][gc,heap  ] GC(3) Survivor regions: 3->4(13)
[2025-05-20T20:43:04.205+0300][23452][15008][info ][gc,heap  ] GC(3) Old regions: 8->8
[2025-05-20T20:43:04.205+0300][23452][15008][info ][gc,heap  ] GC(3) Humongous regions: 0->0
[2025-05-20T20:43:04.205+0300][23452][15008][debug][gc,heap  ] GC(3) Heap after GC invocations=4 (full 1):
[2025-05-20T20:43:04.205+0300][23452][15008][debug][gc,heap  ] GC(3)  garbage-first heap   total 4194304K, used 16428K [0x0000000700000000, 0x0000000800000000)
[2025-05-20T20:43:04.205+0300][23452][15008][debug][gc,heap  ] GC(3)   region size 2048K, 4 young (8192K), 4 survivors (8192K)
[2025-05-20T20:43:04.205+0300][23452][15008][debug][gc,heap  ] GC(3)  Metaspace       used 31917K, committed 32768K, reserved 1114112K
[2025-05-20T20:43:04.205+0300][23452][15008][debug][gc,heap  ] GC(3)   class space    used 2906K, committed 3264K, reserved 1048576K
[2025-05-20T20:43:04.205+0300][23452][15008][info ][gc       ] GC(3) Pause Young (Prepare Mixed) (G1 Evacuation Pause) 211M->16M(4096M) 6.354ms
[2025-05-20T20:43:04.205+0300][23452][15008][info ][safepoint] Safepoint "G1CollectForAllocation", Time since last: 68932000 ns, Reaching safepoint: 54600 ns, Cleanup: 15100 ns, At safepoint: 6387000 ns, Total: 6456700 ns
[2025-05-20T20:43:04.709+0300][23452][15008][debug][safepoint] Safepoint synchronization initiated using striped semaphore wait barrier. (34 threads)
[2025-05-20T20:43:04.710+0300][23452][15008][info ][safepoint] Safepoint "ICBufferFull", Time since last: 505051600 ns, Reaching safepoint: 54600 ns, Cleanup: 111200 ns, At safepoint: 1500 ns, Total: 167300 ns
[2025-05-20T20:43:05.295+0300][23452][15008][debug][safepoint] Safepoint synchronization initiated using striped semaphore wait barrier. (34 threads)
[2025-05-20T20:43:05.295+0300][23452][15008][info ][safepoint] Safepoint "ICBufferFull", Time since last: 585903200 ns, Reaching safepoint: 87700 ns, Cleanup: 122700 ns, At safepoint: 16600 ns, Total: 227000 ns
[2025-05-20T20:43:05.295+0300][23452][15008][debug][safepoint] Safepoint synchronization initiated using striped semaphore wait barrier. (34 threads)
[2025-05-20T20:43:05.295+0300][23452][15008][info ][safepoint] Safepoint "ICBufferFull", Time since last: 112800 ns, Reaching safepoint: 26900 ns, Cleanup: 3600 ns, At safepoint: 1100 ns, Total: 31600 ns
[2025-05-20T20:43:06.026+0300][23452][15008][debug][safepoint] Safepoint synchronization initiated using striped semaphore wait barrier. (33 threads)
[2025-05-20T20:43:06.026+0300][23452][10380][debug][safepoint] ... found polling page loop exception at pc = 0x00000284d335833e, stub =0x00000284d2a26600
[2025-05-20T20:43:06.026+0300][23452][15008][info ][safepoint] Safepoint "ICBufferFull", Time since last: 730252200 ns, Reaching safepoint: 132700 ns, Cleanup: 88300 ns, At safepoint: 19600 ns, Total: 240600 ns
[2025-05-20T20:43:07.036+0300][23452][15008][debug][safepoint] Safepoint synchronization initiated using striped semaphore wait barrier. (33 threads)
[2025-05-20T20:43:07.036+0300][23452][13384][debug][safepoint] ... found polling page loop exception at pc = 0x00000284cc70294c, stub =0x00000284d2a26600
[2025-05-20T20:43:07.036+0300][23452][15008][info ][safepoint] Safepoint "Cleanup", Time since last: 1010049400 ns, Reaching safepoint: 161300 ns, Cleanup: 116700 ns, At safepoint: 6400 ns, Total: 284400 ns
[2025-05-20T20:43:08.038+0300][23452][15008][debug][safepoint] Safepoint synchronization initiated using striped semaphore wait barrier. (32 threads)
[2025-05-20T20:43:08.038+0300][23452][15008][info ][safepoint] Safepoint "Cleanup", Time since last: 1001373800 ns, Reaching safepoint: 131400 ns, Cleanup: 81300 ns, At safepoint: 16500 ns, Total: 229200 ns
[2025-05-20T20:43:09.050+0300][23452][15008][debug][safepoint] Safepoint synchronization initiated using striped semaphore wait barrier. (32 threads)
[2025-05-20T20:43:09.050+0300][23452][15008][info ][safepoint] Safepoint "Cleanup", Time since last: 1011252900 ns, Reaching safepoint: 72300 ns, Cleanup: 55100 ns, At safepoint: 3500 ns, Total: 130900 ns
[2025-05-20T20:43:10.062+0300][23452][15008][debug][safepoint] Safepoint synchronization initiated using striped semaphore wait barrier. (32 threads)
[2025-05-20T20:43:10.062+0300][23452][15008][info ][safepoint] Safepoint "Cleanup", Time since last: 1012700700 ns, Reaching safepoint: 98700 ns, Cleanup: 51600 ns, At safepoint: 20600 ns, Total: 170900 ns
[2025-05-20T20:43:11.071+0300][23452][15008][debug][safepoint] Safepoint synchronization initiated using striped semaphore wait barrier. (33 threads)
[2025-05-20T20:43:11.071+0300][23452][11628][debug][safepoint] ... found polling page loop exception at pc = 0x00000284cc70294c, stub =0x00000284d2a26600
[2025-05-20T20:43:11.071+0300][23452][15008][info ][safepoint] Safepoint "Cleanup", Time since last: 1008015700 ns, Reaching safepoint: 126300 ns, Cleanup: 45000 ns, At safepoint: 18500 ns, Total: 189800 ns
[2025-05-20T20:43:12.074+0300][23452][15008][debug][safepoint] Safepoint synchronization initiated using striped semaphore wait barrier. (33 threads)
[2025-05-20T20:43:12.074+0300][23452][15008][info ][safepoint] Safepoint "Cleanup", Time since last: 1003572800 ns, Reaching safepoint: 113400 ns, Cleanup: 54100 ns, At safepoint: 7500 ns, Total: 175000 ns
[2025-05-20T20:43:13.075+0300][23452][15008][debug][safepoint] Safepoint synchronization initiated using striped semaphore wait barrier. (32 threads)
[2025-05-20T20:43:13.075+0300][23452][15008][info ][safepoint] Safepoint "Cleanup", Time since last: 1000150000 ns, Reaching safepoint: 78600 ns, Cleanup: 29200 ns, At safepoint: 5500 ns, Total: 113300 ns
[2025-05-20T20:43:14.079+0300][23452][15008][debug][safepoint] Safepoint synchronization initiated using striped semaphore wait barrier. (32 threads)
[2025-05-20T20:43:14.079+0300][23452][15008][info ][safepoint] Safepoint "Cleanup", Time since last: 1004504700 ns, Reaching safepoint: 110100 ns, Cleanup: 34100 ns, At safepoint: 7300 ns, Total: 151500 ns
[2025-05-20T20:43:15.093+0300][23452][15008][debug][safepoint] Safepoint synchronization initiated using striped semaphore wait barrier. (32 threads)
[2025-05-20T20:43:15.093+0300][23452][15008][info ][safepoint] Safepoint "Cleanup", Time since last: 1013407000 ns, Reaching safepoint: 143200 ns, Cleanup: 54800 ns, At safepoint: 8300 ns, Total: 206300 ns
[2025-05-20T20:43:16.107+0300][23452][15008][debug][safepoint] Safepoint synchronization initiated using striped semaphore wait barrier. (32 threads)
[2025-05-20T20:43:16.107+0300][23452][10380][debug][safepoint] ... found polling page loop exception at pc = 0x00000284d3547248, stub =0x00000284d2a26600
[2025-05-20T20:43:16.107+0300][23452][15008][info ][safepoint] Safepoint "Cleanup", Time since last: 1014282500 ns, Reaching safepoint: 147700 ns, Cleanup: 24200 ns, At safepoint: 17800 ns, Total: 189700 ns
[2025-05-20T20:43:17.114+0300][23452][15008][debug][safepoint] Safepoint synchronization initiated using striped semaphore wait barrier. (32 threads)
[2025-05-20T20:43:17.114+0300][23452][11628][debug][safepoint] ... found polling page loop exception at pc = 0x00000284d35a7394, stub =0x00000284d2a25d80
[2025-05-20T20:43:17.114+0300][23452][14404][debug][safepoint] ... found polling page loop exception at pc = 0x00000284d35a7394, stub =0x00000284d2a25d80
[2025-05-20T20:43:17.114+0300][23452][15008][info ][safepoint] Safepoint "Cleanup", Time since last: 1006489500 ns, Reaching safepoint: 185100 ns, Cleanup: 45900 ns, At safepoint: 12600 ns, Total: 243600 ns
[2025-05-20T20:43:18.119+0300][23452][15008][debug][safepoint] Safepoint synchronization initiated using striped semaphore wait barrier. (33 threads)
[2025-05-20T20:43:18.119+0300][23452][15008][info ][safepoint] Safepoint "Cleanup", Time since last: 1005052300 ns, Reaching safepoint: 101200 ns, Cleanup: 30000 ns, At safepoint: 9900 ns, Total: 141100 ns
[2025-05-20T20:43:19.127+0300][23452][15008][debug][safepoint] Safepoint synchronization initiated using striped semaphore wait barrier. (32 threads)
[2025-05-20T20:43:19.127+0300][23452][15008][info ][safepoint] Safepoint "Cleanup", Time since last: 1007117400 ns, Reaching safepoint: 86500 ns, Cleanup: 18000 ns, At safepoint: 16500 ns, Total: 121000 ns
[2025-05-20T20:43:20.136+0300][23452][15008][debug][safepoint] Safepoint synchronization initiated using striped semaphore wait barrier. (32 threads)
[2025-05-20T20:43:20.136+0300][23452][15008][info ][safepoint] Safepoint "Cleanup", Time since last: 1009069700 ns, Reaching safepoint: 131400 ns, Cleanup: 39500 ns, At safepoint: 9600 ns, Total: 180500 ns
[2025-05-20T20:43:21.144+0300][23452][15008][debug][safepoint] Safepoint synchronization initiated using striped semaphore wait barrier. (32 threads)
[2025-05-20T20:43:21.144+0300][23452][15008][info ][safepoint] Safepoint "Cleanup", Time since last: 1008403000 ns, Reaching safepoint: 405700 ns, Cleanup: 57100 ns, At safepoint: 28600 ns, Total: 491400 ns
[2025-05-20T20:43:21.381+0300][23452][15008][debug][safepoint] Safepoint synchronization initiated using striped semaphore wait barrier. (32 threads)
[2025-05-20T20:43:21.381+0300][23452][15008][debug][gc,heap  ] GC(4) Heap before GC invocations=4 (full 1):
[2025-05-20T20:43:21.381+0300][23452][15008][debug][gc,heap  ] GC(4)  garbage-first heap   total 4194304K, used 559148K [0x0000000700000000, 0x0000000800000000)
[2025-05-20T20:43:21.381+0300][23452][15008][debug][gc,heap  ] GC(4)   region size 2048K, 270 young (552960K), 4 survivors (8192K)
[2025-05-20T20:43:21.381+0300][23452][15008][debug][gc,heap  ] GC(4)  Metaspace       used 33831K, committed 34752K, reserved 1114112K
[2025-05-20T20:43:21.381+0300][23452][15008][debug][gc,heap  ] GC(4)   class space    used 2937K, committed 3328K, reserved 1048576K
[2025-05-20T20:43:21.385+0300][23452][15008][info ][gc,phases] GC(4)   Pre Evacuate Collection Set: 0.4ms
[2025-05-20T20:43:21.385+0300][23452][15008][debug][gc,phases] GC(4)     Pre Evacuate Prepare: 0.1ms
[2025-05-20T20:43:21.385+0300][23452][15008][debug][gc,phases] GC(4)       JT Retire TLABs And Flush Logs (ms): Min:  0.0, Avg:  0.0, Max:  0.0, Diff:  0.0, Sum:  0.0, Workers: 2
[2025-05-20T20:43:21.385+0300][23452][15008][debug][gc,phases] GC(4)       Non-JT Flush Logs (ms):        Min:  0.0, Avg:  0.0, Max:  0.0, Diff:  0.0, Sum:  0.0, Workers: 1
[2025-05-20T20:43:21.385+0300][23452][15008][debug][gc,phases] GC(4)     Choose Collection Set: 0.0ms
[2025-05-20T20:43:21.385+0300][23452][15008][debug][gc,phases] GC(4)     Region Register: 0.2ms
[2025-05-20T20:43:21.385+0300][23452][15008][debug][gc,phases] GC(4)     Prepare Heap Roots: 0.0ms
[2025-05-20T20:43:21.385+0300][23452][15008][info ][gc,phases] GC(4)   Merge Heap Roots: 0.2ms
[2025-05-20T20:43:21.385+0300][23452][15008][debug][gc,phases] GC(4)     Prepare Merge Heap Roots: 0.0ms
[2025-05-20T20:43:21.385+0300][23452][15008][debug][gc,phases] GC(4)     Remembered Sets (ms):          Min:  0.0, Avg:  0.0, Max:  0.0, Diff:  0.0, Sum:  0.1, Workers: 8
[2025-05-20T20:43:21.385+0300][23452][15008][debug][gc,phases] GC(4)       Eager Reclaim (ms):            skipped
[2025-05-20T20:43:21.385+0300][23452][15008][debug][gc,phases] GC(4)       Merged Inline                  Min: 0, Avg:  0.0, Max: 0, Diff: 0, Sum: 0, Workers: 8
[2025-05-20T20:43:21.385+0300][23452][15008][debug][gc,phases] GC(4)       Merged ArrayOfCards            Min: 0, Avg:  0.0, Max: 0, Diff: 0, Sum: 0, Workers: 8
[2025-05-20T20:43:21.385+0300][23452][15008][debug][gc,phases] GC(4)       Merged Howl                    Min: 0, Avg:  0.9, Max: 7, Diff: 7, Sum: 7, Workers: 8
[2025-05-20T20:43:21.385+0300][23452][15008][debug][gc,phases] GC(4)       Merged Full                    Min: 0, Avg:  0.0, Max: 0, Diff: 0, Sum: 0, Workers: 8
[2025-05-20T20:43:21.385+0300][23452][15008][debug][gc,phases] GC(4)       Merged Howl Inline             Min: 0, Avg:  4.1, Max: 33, Diff: 33, Sum: 33, Workers: 8
[2025-05-20T20:43:21.385+0300][23452][15008][debug][gc,phases] GC(4)       Merged Howl ArrayOfCards       Min: 0, Avg:  1.1, Max: 9, Diff: 9, Sum: 9, Workers: 8
[2025-05-20T20:43:21.385+0300][23452][15008][debug][gc,phases] GC(4)       Merged Howl BitMap             Min: 0, Avg:  1.8, Max: 14, Diff: 14, Sum: 14, Workers: 8
[2025-05-20T20:43:21.385+0300][23452][15008][debug][gc,phases] GC(4)       Merged Howl Full               Min: 0, Avg:  0.0, Max: 0, Diff: 0, Sum: 0, Workers: 8
[2025-05-20T20:43:21.385+0300][23452][15008][debug][gc,phases] GC(4)       Merged Cards                   Min: 8, Avg: 111.6, Max: 837, Diff: 829, Sum: 893, Workers: 8
[2025-05-20T20:43:21.385+0300][23452][15008][debug][gc,phases] GC(4)     Log Buffers (ms):              Min:  0.0, Avg:  0.0, Max:  0.0, Diff:  0.0, Sum:  0.0, Workers: 8
[2025-05-20T20:43:21.385+0300][23452][15008][debug][gc,phases] GC(4)       Dirty Cards:                   Min: 0, Avg: 141.0, Max: 688, Diff: 688, Sum: 1128, Workers: 8
[2025-05-20T20:43:21.385+0300][23452][15008][debug][gc,phases] GC(4)       Skipped Cards:                 Min: 0, Avg:  9.2, Max: 65, Diff: 65, Sum: 74, Workers: 8
[2025-05-20T20:43:21.385+0300][23452][15008][info ][gc,phases] GC(4)   Evacuate Collection Set: 3.9ms
[2025-05-20T20:43:21.385+0300][23452][15008][debug][gc,phases] GC(4)     Ext Root Scanning (ms):        Min:  0.0, Avg:  0.2, Max:  1.0, Diff:  1.0, Sum:  1.5, Workers: 8
[2025-05-20T20:43:21.385+0300][23452][15008][debug][gc,phases] GC(4)     Scan Heap Roots (ms):          Min:  0.0, Avg:  0.3, Max:  0.4, Diff:  0.4, Sum:  2.0, Workers: 8
[2025-05-20T20:43:21.385+0300][23452][15008][debug][gc,phases] GC(4)       Scanned Cards:                 Min: 0, Avg: 211.2, Max: 395, Diff: 395, Sum: 1690, Workers: 8
[2025-05-20T20:43:21.385+0300][23452][15008][debug][gc,phases] GC(4)       Scanned Blocks:                Min: 0, Avg: 118.9, Max: 229, Diff: 229, Sum: 951, Workers: 8
[2025-05-20T20:43:21.385+0300][23452][15008][debug][gc,phases] GC(4)       Claimed Chunks:                Min: 0, Avg: 22.8, Max: 45, Diff: 45, Sum: 182, Workers: 8
[2025-05-20T20:43:21.385+0300][23452][15008][debug][gc,phases] GC(4)       Found Roots:                   Min: 0, Avg: 909.5, Max: 2505, Diff: 2505, Sum: 7276, Workers: 8
[2025-05-20T20:43:21.385+0300][23452][15008][debug][gc,phases] GC(4)     Code Root Scan (ms):           Min:  0.0, Avg:  0.9, Max:  1.7, Diff:  1.7, Sum:  7.5, Workers: 8
[2025-05-20T20:43:21.385+0300][23452][15008][debug][gc,phases] GC(4)       Scanned Nmethods               Min: 0, Avg: 217.2, Max: 418, Diff: 418, Sum: 1738, Workers: 8
[2025-05-20T20:43:21.385+0300][23452][15008][debug][gc,phases] GC(4)     Object Copy (ms):              Min:  1.3, Avg:  2.2, Max:  3.2, Diff:  1.9, Sum: 17.6, Workers: 8
[2025-05-20T20:43:21.385+0300][23452][15008][debug][gc,phases] GC(4)     Termination (ms):              Min:  0.1, Avg:  0.2, Max:  0.2, Diff:  0.2, Sum:  1.2, Workers: 8
[2025-05-20T20:43:21.385+0300][23452][15008][debug][gc,phases] GC(4)       Termination Attempts:          Min: 1, Avg:  3.4, Max: 8, Diff: 7, Sum: 27, Workers: 8
[2025-05-20T20:43:21.385+0300][23452][15008][debug][gc,phases] GC(4)     GC Worker Other (ms):          Min:  0.0, Avg:  0.1, Max:  0.1, Diff:  0.1, Sum:  0.5, Workers: 8
[2025-05-20T20:43:21.385+0300][23452][15008][debug][gc,phases] GC(4)     GC Worker Total (ms):          Min:  3.7, Avg:  3.8, Max:  3.8, Diff:  0.1, Sum: 30.2, Workers: 8
[2025-05-20T20:43:21.385+0300][23452][15008][info ][gc,phases] GC(4)   Post Evacuate Collection Set: 1.0ms
[2025-05-20T20:43:21.385+0300][23452][15008][debug][gc,phases] GC(4)     NMethod List Cleanup: 0.1ms
[2025-05-20T20:43:21.385+0300][23452][15008][debug][gc,phases] GC(4)     Reference Processing: 0.1ms
[2025-05-20T20:43:21.385+0300][23452][15008][debug][gc,phases] GC(4)     Weak Processing: 0.2ms
[2025-05-20T20:43:21.385+0300][23452][15008][debug][gc,phases] GC(4)       VM Weak                        Min:  0.0, Avg:  0.0, Max:  0.0, Diff:  0.0, Sum:  0.0, Workers: 8
[2025-05-20T20:43:21.385+0300][23452][15008][debug][gc,phases] GC(4)         Dead                           Min: 0, Avg:  0.0, Max: 0, Diff: 0, Sum: 0, Workers: 8
[2025-05-20T20:43:21.385+0300][23452][15008][debug][gc,phases] GC(4)         Total                          Min: 0, Avg: 68.6, Max: 384, Diff: 384, Sum: 549, Workers: 8
[2025-05-20T20:43:21.385+0300][23452][15008][debug][gc,phases] GC(4)       ObjectSynchronizer Weak        Min:  0.0, Avg:  0.0, Max:  0.0, Diff:  0.0, Sum:  0.1, Workers: 8
[2025-05-20T20:43:21.385+0300][23452][15008][debug][gc,phases] GC(4)         Dead                           Min: 0, Avg:  1.8, Max: 14, Diff: 14, Sum: 14, Workers: 8
[2025-05-20T20:43:21.385+0300][23452][15008][debug][gc,phases] GC(4)         Total                          Min: 0, Avg: 45.4, Max: 299, Diff: 299, Sum: 363, Workers: 8
[2025-05-20T20:43:21.385+0300][23452][15008][debug][gc,phases] GC(4)       JVMTI Tag Weak OopStorage      Min:  0.0, Avg:  0.0, Max:  0.0, Diff:  0.0, Sum:  0.0, Workers: 8
[2025-05-20T20:43:21.385+0300][23452][15008][debug][gc,phases] GC(4)         Dead                           Min: 0, Avg:  0.0, Max: 0, Diff: 0, Sum: 0, Workers: 8
[2025-05-20T20:43:21.385+0300][23452][15008][debug][gc,phases] GC(4)         Total                          Min: 0, Avg:  0.0, Max: 0, Diff: 0, Sum: 0, Workers: 8
[2025-05-20T20:43:21.385+0300][23452][15008][debug][gc,phases] GC(4)       StringTable Weak               Min:  0.0, Avg:  0.1, Max:  0.1, Diff:  0.1, Sum:  0.5, Workers: 8
[2025-05-20T20:43:21.385+0300][23452][15008][debug][gc,phases] GC(4)         Dead                           Min: 0, Avg:  1.4, Max: 5, Diff: 5, Sum: 11, Workers: 8
[2025-05-20T20:43:21.385+0300][23452][15008][debug][gc,phases] GC(4)         Total                          Min: 1024, Avg: 3405.0, Max: 10240, Diff: 9216, Sum: 27240, Workers: 8
[2025-05-20T20:43:21.385+0300][23452][15008][debug][gc,phases] GC(4)       ResolvedMethodTable Weak       Min:  0.0, Avg:  0.0, Max:  0.0, Diff:  0.0, Sum:  0.1, Workers: 8
[2025-05-20T20:43:21.385+0300][23452][15008][debug][gc,phases] GC(4)         Dead                           Min: 0, Avg:  0.2, Max: 2, Diff: 2, Sum: 2, Workers: 8
[2025-05-20T20:43:21.385+0300][23452][15008][debug][gc,phases] GC(4)         Total                          Min: 86, Avg: 210.6, Max: 320, Diff: 234, Sum: 1685, Workers: 8
[2025-05-20T20:43:21.385+0300][23452][15008][debug][gc,phases] GC(4)       JNI Weak                       Min:  0.0, Avg:  0.0, Max:  0.0, Diff:  0.0, Sum:  0.0, Workers: 8
[2025-05-20T20:43:21.385+0300][23452][15008][debug][gc,phases] GC(4)         Dead                           Min: 0, Avg:  0.0, Max: 0, Diff: 0, Sum: 0, Workers: 8
[2025-05-20T20:43:21.385+0300][23452][15008][debug][gc,phases] GC(4)         Total                          Min: 0, Avg:  0.0, Max: 0, Diff: 0, Sum: 0, Workers: 8
[2025-05-20T20:43:21.385+0300][23452][15008][debug][gc,phases] GC(4)       StringDedup Table Weak         Min:  0.0, Avg:  0.0, Max:  0.0, Diff:  0.0, Sum:  0.0, Workers: 8
[2025-05-20T20:43:21.385+0300][23452][15008][debug][gc,phases] GC(4)         Dead                           Min: 0, Avg:  0.0, Max: 0, Diff: 0, Sum: 0, Workers: 8
[2025-05-20T20:43:21.385+0300][23452][15008][debug][gc,phases] GC(4)         Total                          Min: 0, Avg:  0.0, Max: 0, Diff: 0, Sum: 0, Workers: 8
[2025-05-20T20:43:21.385+0300][23452][15008][debug][gc,phases] GC(4)       StringDedup Requests0 Weak     Min:  0.0, Avg:  0.0, Max:  0.0, Diff:  0.0, Sum:  0.0, Workers: 8
[2025-05-20T20:43:21.385+0300][23452][15008][debug][gc,phases] GC(4)         Dead                           Min: 0, Avg:  0.0, Max: 0, Diff: 0, Sum: 0, Workers: 8
[2025-05-20T20:43:21.385+0300][23452][15008][debug][gc,phases] GC(4)         Total                          Min: 0, Avg:  0.0, Max: 0, Diff: 0, Sum: 0, Workers: 8
[2025-05-20T20:43:21.385+0300][23452][15008][debug][gc,phases] GC(4)       StringDedup Requests1 Weak     Min:  0.0, Avg:  0.0, Max:  0.0, Diff:  0.0, Sum:  0.0, Workers: 8
[2025-05-20T20:43:21.385+0300][23452][15008][debug][gc,phases] GC(4)         Dead                           Min: 0, Avg:  0.0, Max: 0, Diff: 0, Sum: 0, Workers: 8
[2025-05-20T20:43:21.385+0300][23452][15008][debug][gc,phases] GC(4)         Total                          Min: 0, Avg:  0.0, Max: 0, Diff: 0, Sum: 0, Workers: 8
[2025-05-20T20:43:21.385+0300][23452][15008][debug][gc,phases] GC(4)       Weak JFR Old Object Samples    Min:  0.0, Avg:  0.0, Max:  0.0, Diff:  0.0, Sum:  0.0, Workers: 8
[2025-05-20T20:43:21.385+0300][23452][15008][debug][gc,phases] GC(4)         Dead                           Min: 0, Avg:  0.0, Max: 0, Diff: 0, Sum: 0, Workers: 8
[2025-05-20T20:43:21.385+0300][23452][15008][debug][gc,phases] GC(4)         Total                          Min: 0, Avg:  0.0, Max: 0, Diff: 0, Sum: 0, Workers: 8
[2025-05-20T20:43:21.385+0300][23452][15008][debug][gc,phases] GC(4)     Post Evacuate Cleanup 1: 0.2ms
[2025-05-20T20:43:21.385+0300][23452][15008][debug][gc,phases] GC(4)       Merge Per-Thread State (ms):   Min:  0.0, Avg:  0.0, Max:  0.0, Diff:  0.0, Sum:  0.0, Workers: 1
[2025-05-20T20:43:21.385+0300][23452][15008][debug][gc,phases] GC(4)         Copied Bytes                   Min: 311240, Avg: 863374.0, Max: 1730400, Diff: 1419160, Sum: 6906992, Workers: 8
[2025-05-20T20:43:21.385+0300][23452][15008][debug][gc,phases] GC(4)         LAB Waste                      Min: 296, Avg: 2671.0, Max: 5880, Diff: 5584, Sum: 21368, Workers: 8
[2025-05-20T20:43:21.385+0300][23452][15008][debug][gc,phases] GC(4)         LAB Undo Waste                 Min: 0, Avg:  0.0, Max: 0, Diff: 0, Sum: 0, Workers: 8
[2025-05-20T20:43:21.385+0300][23452][15008][debug][gc,phases] GC(4)       Clear Logged Cards (ms):       Min:  0.0, Avg:  0.0, Max:  0.1, Diff:  0.1, Sum:  0.1, Workers: 4
[2025-05-20T20:43:21.385+0300][23452][15008][debug][gc,phases] GC(4)       Recalculate Used Memory (ms):  Min:  0.0, Avg:  0.0, Max:  0.0, Diff:  0.0, Sum:  0.0, Workers: 1
[2025-05-20T20:43:21.385+0300][23452][15008][debug][gc,phases] GC(4)     Post Evacuate Cleanup 2: 0.3ms
[2025-05-20T20:43:21.385+0300][23452][15008][debug][gc,phases] GC(4)       Update Derived Pointers (ms):  Min:  0.0, Avg:  0.0, Max:  0.0, Diff:  0.0, Sum:  0.0, Workers: 1
[2025-05-20T20:43:21.385+0300][23452][15008][debug][gc,phases] GC(4)       Eagerly Reclaim Humongous Objects (ms): skipped
[2025-05-20T20:43:21.385+0300][23452][15008][debug][gc,phases] GC(4)         Humongous Total                skipped
[2025-05-20T20:43:21.385+0300][23452][15008][debug][gc,phases] GC(4)         Humongous Candidates           skipped
[2025-05-20T20:43:21.385+0300][23452][15008][debug][gc,phases] GC(4)         Humongous Reclaimed            skipped
[2025-05-20T20:43:21.385+0300][23452][15008][debug][gc,phases] GC(4)       Redirty Logged Cards (ms):     Min:  0.0, Avg:  0.0, Max:  0.0, Diff:  0.0, Sum:  0.0, Workers: 8
[2025-05-20T20:43:21.385+0300][23452][15008][debug][gc,phases] GC(4)         Redirtied Cards:               Min: 0, Avg: 122.4, Max: 553, Diff: 553, Sum: 979, Workers: 8
[2025-05-20T20:43:21.385+0300][23452][15008][debug][gc,phases] GC(4)       Resize TLABs (ms):             Min:  0.0, Avg:  0.0, Max:  0.0, Diff:  0.0, Sum:  0.0, Workers: 8
[2025-05-20T20:43:21.385+0300][23452][15008][debug][gc,phases] GC(4)       Free Collection Set (ms):      Min:  0.0, Avg:  0.1, Max:  0.2, Diff:  0.1, Sum:  0.7, Workers: 8
[2025-05-20T20:43:21.385+0300][23452][15008][debug][gc,phases] GC(4)     Rebuild Free List: 0.1ms
[2025-05-20T20:43:21.385+0300][23452][15008][debug][gc,phases] GC(4)     Prepare For Mutator: 0.0ms
[2025-05-20T20:43:21.385+0300][23452][15008][debug][gc,phases] GC(4)     Expand Heap After Collection: 0.0ms
[2025-05-20T20:43:21.385+0300][23452][15008][info ][gc,phases] GC(4)   Other: 0.1ms
[2025-05-20T20:43:21.385+0300][23452][15008][info ][gc,heap  ] GC(4) Eden regions: 266->0(566)
[2025-05-20T20:43:21.385+0300][23452][15008][info ][gc,heap  ] GC(4) Survivor regions: 4->4(34)
[2025-05-20T20:43:21.385+0300][23452][15008][info ][gc,heap  ] GC(4) Old regions: 8->8
[2025-05-20T20:43:21.385+0300][23452][15008][info ][gc,heap  ] GC(4) Humongous regions: 0->0
[2025-05-20T20:43:21.385+0300][23452][15008][debug][gc,heap  ] GC(4) Heap after GC invocations=5 (full 1):
[2025-05-20T20:43:21.385+0300][23452][15008][debug][gc,heap  ] GC(4)  garbage-first heap   total 4194304K, used 16557K [0x0000000700000000, 0x0000000800000000)
[2025-05-20T20:43:21.385+0300][23452][15008][debug][gc,heap  ] GC(4)   region size 2048K, 4 young (8192K), 4 survivors (8192K)
[2025-05-20T20:43:21.385+0300][23452][15008][debug][gc,heap  ] GC(4)  Metaspace       used 33831K, committed 34752K, reserved 1114112K
[2025-05-20T20:43:21.385+0300][23452][15008][debug][gc,heap  ] GC(4)   class space    used 2937K, committed 3328K, reserved 1048576K
[2025-05-20T20:43:21.385+0300][23452][15008][info ][gc       ] GC(4) Pause Young (Mixed) (G1 Evacuation Pause) 548M->16M(4096M) 6.689ms
[2025-05-20T20:43:21.385+0300][23452][15008][info ][safepoint] Safepoint "G1CollectForAllocation", Time since last: 236859100 ns, Reaching safepoint: 82000 ns, Cleanup: 16800 ns, At safepoint: 6716100 ns, Total: 6814900 ns
[2025-05-20T20:43:22.390+0300][23452][15008][debug][safepoint] Safepoint synchronization initiated using striped semaphore wait barrier. (32 threads)
[2025-05-20T20:43:22.390+0300][23452][11772][debug][safepoint] ... found polling page loop exception at pc = 0x00000284d36fe47c, stub =0x00000284d2a26600
[2025-05-20T20:43:22.390+0300][23452][15008][info ][safepoint] Safepoint "Cleanup", Time since last: 1001486100 ns, Reaching safepoint: 281800 ns, Cleanup: 42500 ns, At safepoint: 17200 ns, Total: 341500 ns
[2025-05-20T20:43:23.403+0300][23452][15008][debug][safepoint] Safepoint synchronization initiated using striped semaphore wait barrier. (32 threads)
[2025-05-20T20:43:23.403+0300][23452][15008][info ][safepoint] Safepoint "Cleanup", Time since last: 1012491200 ns, Reaching safepoint: 180700 ns, Cleanup: 48300 ns, At safepoint: 28300 ns, Total: 257300 ns
[2025-05-20T20:43:25.412+0300][23452][15008][debug][safepoint] Safepoint synchronization initiated using striped semaphore wait barrier. (32 threads)
[2025-05-20T20:43:25.412+0300][23452][15008][info ][safepoint] Safepoint "Cleanup", Time since last: 2008764400 ns, Reaching safepoint: 134300 ns, Cleanup: 16700 ns, At safepoint: 5500 ns, Total: 156500 ns
[2025-05-20T20:43:26.416+0300][23452][15008][debug][safepoint] Safepoint synchronization initiated using striped semaphore wait barrier. (32 threads)
[2025-05-20T20:43:26.416+0300][23452][11628][debug][safepoint] ... found polling page loop exception at pc = 0x00000284d35696ec, stub =0x00000284d2a26600
[2025-05-20T20:43:26.416+0300][23452][15008][info ][safepoint] Safepoint "Cleanup", Time since last: 1003847500 ns, Reaching safepoint: 291100 ns, Cleanup: 87500 ns, At safepoint: 45400 ns, Total: 424000 ns
[2025-05-20T20:43:27.427+0300][23452][15008][debug][safepoint] Safepoint synchronization initiated using striped semaphore wait barrier. (32 threads)
[2025-05-20T20:43:27.427+0300][23452][15008][info ][safepoint] Safepoint "Cleanup", Time since last: 1011212000 ns, Reaching safepoint: 91200 ns, Cleanup: 35000 ns, At safepoint: 8800 ns, Total: 135000 ns
[2025-05-20T20:43:28.436+0300][23452][15008][debug][safepoint] Safepoint synchronization initiated using striped semaphore wait barrier. (32 threads)
[2025-05-20T20:43:28.436+0300][23452][15008][info ][safepoint] Safepoint "Cleanup", Time since last: 1008505400 ns, Reaching safepoint: 83700 ns, Cleanup: 35700 ns, At safepoint: 3300 ns, Total: 122700 ns
[2025-05-20T20:43:29.451+0300][23452][15008][debug][safepoint] Safepoint synchronization initiated using striped semaphore wait barrier. (32 threads)
[2025-05-20T20:43:29.451+0300][23452][11628][debug][safepoint] ... found polling page loop exception at pc = 0x00000284d352f014, stub =0x00000284d2a26600
[2025-05-20T20:43:29.451+0300][23452][15008][info ][safepoint] Safepoint "Cleanup", Time since last: 1014732500 ns, Reaching safepoint: 128000 ns, Cleanup: 38200 ns, At safepoint: 8000 ns, Total: 174200 ns
[2025-05-20T20:43:30.464+0300][23452][15008][debug][safepoint] Safepoint synchronization initiated using striped semaphore wait barrier. (32 threads)
[2025-05-20T20:43:30.464+0300][23452][15008][info ][safepoint] Safepoint "Cleanup", Time since last: 1012465100 ns, Reaching safepoint: 92800 ns, Cleanup: 28300 ns, At safepoint: 9900 ns, Total: 131000 ns
[2025-05-20T20:43:32.486+0300][23452][15008][debug][safepoint] Safepoint synchronization initiated using striped semaphore wait barrier. (32 threads)
[2025-05-20T20:43:32.486+0300][23452][15008][info ][safepoint] Safepoint "Cleanup", Time since last: 2022693500 ns, Reaching safepoint: 142100 ns, Cleanup: 31600 ns, At safepoint: 6100 ns, Total: 179800 ns
[2025-05-20T20:43:33.487+0300][23452][15008][debug][safepoint] Safepoint synchronization initiated using striped semaphore wait barrier. (32 threads)
[2025-05-20T20:43:33.487+0300][23452][15008][info ][safepoint] Safepoint "Cleanup", Time since last: 1000264400 ns, Reaching safepoint: 192100 ns, Cleanup: 47100 ns, At safepoint: 24400 ns, Total: 263600 ns
[2025-05-20T20:43:34.495+0300][23452][15008][debug][safepoint] Safepoint synchronization initiated using striped semaphore wait barrier. (32 threads)
[2025-05-20T20:43:34.495+0300][23452][15008][info ][safepoint] Safepoint "Cleanup", Time since last: 1007881800 ns, Reaching safepoint: 86800 ns, Cleanup: 31900 ns, At safepoint: 4900 ns, Total: 123600 ns
[2025-05-20T20:43:35.499+0300][23452][15008][debug][safepoint] Safepoint synchronization initiated using striped semaphore wait barrier. (32 threads)
[2025-05-20T20:43:35.499+0300][23452][15008][info ][safepoint] Safepoint "Cleanup", Time since last: 1004178000 ns, Reaching safepoint: 90400 ns, Cleanup: 24000 ns, At safepoint: 6600 ns, Total: 121000 ns
[2025-05-20T20:43:36.502+0300][23452][15008][debug][safepoint] Safepoint synchronization initiated using striped semaphore wait barrier. (32 threads)
[2025-05-20T20:43:36.502+0300][23452][19400][debug][safepoint] ... found polling page loop exception at pc = 0x00000284d3464747, stub =0x00000284d2a26600
[2025-05-20T20:43:36.502+0300][23452][15008][info ][safepoint] Safepoint "Cleanup", Time since last: 1002865100 ns, Reaching safepoint: 286700 ns, Cleanup: 40000 ns, At safepoint: 23600 ns, Total: 350300 ns
[2025-05-20T20:43:37.518+0300][23452][15008][debug][safepoint] Safepoint synchronization initiated using striped semaphore wait barrier. (32 threads)
[2025-05-20T20:43:37.518+0300][23452][15008][info ][safepoint] Safepoint "Cleanup", Time since last: 1014823000 ns, Reaching safepoint: 230900 ns, Cleanup: 35200 ns, At safepoint: 53300 ns, Total: 319400 ns
[2025-05-20T20:43:38.529+0300][23452][15008][debug][safepoint] Safepoint synchronization initiated using striped semaphore wait barrier. (32 threads)
[2025-05-20T20:43:38.529+0300][23452][21432][debug][safepoint] ... found polling page loop exception at pc = 0x00000284d370a02a, stub =0x00000284d2a26600
[2025-05-20T20:43:38.529+0300][23452][15008][info ][safepoint] Safepoint "Cleanup", Time since last: 1011105000 ns, Reaching safepoint: 300700 ns, Cleanup: 34400 ns, At safepoint: 9400 ns, Total: 344500 ns
[2025-05-20T20:43:40.555+0300][23452][15008][debug][safepoint] Safepoint synchronization initiated using striped semaphore wait barrier. (32 threads)
[2025-05-20T20:43:40.555+0300][23452][15008][info ][safepoint] Safepoint "Cleanup", Time since last: 2025981300 ns, Reaching safepoint: 90400 ns, Cleanup: 30200 ns, At safepoint: 6700 ns, Total: 127300 ns
[2025-05-20T20:43:41.569+0300][23452][15008][debug][safepoint] Safepoint synchronization initiated using striped semaphore wait barrier. (32 threads)
[2025-05-20T20:43:41.569+0300][23452][15008][info ][safepoint] Safepoint "Cleanup", Time since last: 1013962200 ns, Reaching safepoint: 143700 ns, Cleanup: 57700 ns, At safepoint: 13500 ns, Total: 214900 ns
[2025-05-20T20:43:43.587+0300][23452][15008][debug][safepoint] Safepoint synchronization initiated using striped semaphore wait barrier. (32 threads)
[2025-05-20T20:43:43.587+0300][23452][15008][info ][safepoint] Safepoint "Cleanup", Time since last: 2017722400 ns, Reaching safepoint: 90500 ns, Cleanup: 22200 ns, At safepoint: 6400 ns, Total: 119100 ns
[2025-05-20T20:43:44.593+0300][23452][15008][debug][safepoint] Safepoint synchronization initiated using striped semaphore wait barrier. (32 threads)
[2025-05-20T20:43:44.593+0300][23452][15008][info ][safepoint] Safepoint "Cleanup", Time since last: 1005396400 ns, Reaching safepoint: 106100 ns, Cleanup: 28100 ns, At safepoint: 8600 ns, Total: 142800 ns
[2025-05-20T20:43:45.603+0300][23452][15008][debug][safepoint] Safepoint synchronization initiated using striped semaphore wait barrier. (32 threads)
[2025-05-20T20:43:45.603+0300][23452][15008][info ][safepoint] Safepoint "Cleanup", Time since last: 1009726400 ns, Reaching safepoint: 137500 ns, Cleanup: 32400 ns, At safepoint: 14700 ns, Total: 184600 ns
[2025-05-20T20:43:46.616+0300][23452][15008][debug][safepoint] Safepoint synchronization initiated using striped semaphore wait barrier. (32 threads)
[2025-05-20T20:43:46.616+0300][23452][11772][debug][safepoint] ... found polling page loop exception at pc = 0x00000284d3708df0, stub =0x00000284d2a26600
[2025-05-20T20:43:46.616+0300][23452][15008][info ][safepoint] Safepoint "Cleanup", Time since last: 1012916400 ns, Reaching safepoint: 220600 ns, Cleanup: 41400 ns, At safepoint: 13500 ns, Total: 275500 ns
[2025-05-20T20:43:47.621+0300][23452][15008][debug][safepoint] Safepoint synchronization initiated using striped semaphore wait barrier. (32 threads)
[2025-05-20T20:43:47.621+0300][23452][15008][info ][safepoint] Safepoint "Cleanup", Time since last: 1004669200 ns, Reaching safepoint: 143500 ns, Cleanup: 31600 ns, At safepoint: 3500 ns, Total: 178600 ns
[2025-05-20T20:43:49.646+0300][23452][15008][debug][safepoint] Safepoint synchronization initiated using striped semaphore wait barrier. (32 threads)
[2025-05-20T20:43:49.646+0300][23452][15008][info ][safepoint] Safepoint "Cleanup", Time since last: 2025344100 ns, Reaching safepoint: 158600 ns, Cleanup: 31600 ns, At safepoint: 4500 ns, Total: 194700 ns
[2025-05-20T20:43:51.664+0300][23452][15008][debug][safepoint] Safepoint synchronization initiated using striped semaphore wait barrier. (32 threads)
[2025-05-20T20:43:51.664+0300][23452][15008][info ][safepoint] Safepoint "Cleanup", Time since last: 2017409800 ns, Reaching safepoint: 153100 ns, Cleanup: 28900 ns, At safepoint: 22500 ns, Total: 204500 ns
[2025-05-20T20:43:53.678+0300][23452][15008][debug][safepoint] Safepoint synchronization initiated using striped semaphore wait barrier. (32 threads)
[2025-05-20T20:43:53.678+0300][23452][15008][info ][safepoint] Safepoint "Cleanup", Time since last: 2014278800 ns, Reaching safepoint: 69000 ns, Cleanup: 38200 ns, At safepoint: 3600 ns, Total: 110800 ns
[2025-05-20T20:43:54.685+0300][23452][15008][debug][safepoint] Safepoint synchronization initiated using striped semaphore wait barrier. (32 threads)
[2025-05-20T20:43:54.685+0300][23452][15008][info ][safepoint] Safepoint "Cleanup", Time since last: 1006648200 ns, Reaching safepoint: 84900 ns, Cleanup: 22800 ns, At safepoint: 1900 ns, Total: 109600 ns
[2025-05-20T20:43:55.699+0300][23452][15008][debug][safepoint] Safepoint synchronization initiated using striped semaphore wait barrier. (32 threads)
[2025-05-20T20:43:55.699+0300][23452][15008][info ][safepoint] Safepoint "Cleanup", Time since last: 1014091900 ns, Reaching safepoint: 177800 ns, Cleanup: 86300 ns, At safepoint: 26100 ns, Total: 290200 ns
[2025-05-20T20:43:59.888+0300][23452][15008][debug][safepoint] Safepoint synchronization initiated using striped semaphore wait barrier. (32 threads)
[2025-05-20T20:43:59.888+0300][23452][15008][info ][safepoint] Safepoint "Cleanup", Time since last: 4188134900 ns, Reaching safepoint: 160900 ns, Cleanup: 62500 ns, At safepoint: 4800 ns, Total: 228200 ns
[2025-05-20T20:44:00.421+0300][23452][15008][debug][safepoint] Safepoint synchronization initiated using striped semaphore wait barrier. (32 threads)
[2025-05-20T20:44:00.421+0300][23452][19400][debug][safepoint] ... found polling page loop exception at pc = 0x00000284d36411da, stub =0x00000284d2a26600
[2025-05-20T20:44:00.421+0300][23452][13448][debug][safepoint] ... found polling page loop exception at pc = 0x00000284d335895e, stub =0x00000284d2a26600
[2025-05-20T20:44:00.421+0300][23452][11772][debug][safepoint] ... found polling page loop exception at pc = 0x00000284d36411da, stub =0x00000284d2a26600
[2025-05-20T20:44:00.421+0300][23452][18792][debug][safepoint] ... found polling page loop exception at pc = 0x00000284d381b5f1, stub =0x00000284d2a25d80
[2025-05-20T20:44:00.421+0300][23452][15008][debug][gc,heap  ] GC(5) Heap before GC invocations=5 (full 1):
[2025-05-20T20:44:00.421+0300][23452][15008][debug][gc,heap  ] GC(5)  garbage-first heap   total 4194304K, used 1173677K [0x0000000700000000, 0x0000000800000000)
[2025-05-20T20:44:00.421+0300][23452][15008][debug][gc,heap  ] GC(5)   region size 2048K, 570 young (1167360K), 4 survivors (8192K)
[2025-05-20T20:44:00.421+0300][23452][15008][debug][gc,heap  ] GC(5)  Metaspace       used 34420K, committed 35328K, reserved 1114112K
[2025-05-20T20:44:00.421+0300][23452][15008][debug][gc,heap  ] GC(5)   class space    used 2938K, committed 3328K, reserved 1048576K
[2025-05-20T20:44:00.427+0300][23452][15008][info ][gc,phases] GC(5)   Pre Evacuate Collection Set: 0.7ms
[2025-05-20T20:44:00.427+0300][23452][15008][debug][gc,phases] GC(5)     Pre Evacuate Prepare: 0.3ms
[2025-05-20T20:44:00.427+0300][23452][15008][debug][gc,phases] GC(5)       JT Retire TLABs And Flush Logs (ms): Min:  0.0, Avg:  0.0, Max:  0.0, Diff:  0.0, Sum:  0.0, Workers: 2
[2025-05-20T20:44:00.427+0300][23452][15008][debug][gc,phases] GC(5)       Non-JT Flush Logs (ms):        Min:  0.0, Avg:  0.0, Max:  0.0, Diff:  0.0, Sum:  0.0, Workers: 1
[2025-05-20T20:44:00.427+0300][23452][15008][debug][gc,phases] GC(5)     Choose Collection Set: 0.0ms
[2025-05-20T20:44:00.427+0300][23452][15008][debug][gc,phases] GC(5)     Region Register: 0.4ms
[2025-05-20T20:44:00.427+0300][23452][15008][debug][gc,phases] GC(5)     Prepare Heap Roots: 0.0ms
[2025-05-20T20:44:00.427+0300][23452][15008][info ][gc,phases] GC(5)   Merge Heap Roots: 0.3ms
[2025-05-20T20:44:00.427+0300][23452][15008][debug][gc,phases] GC(5)     Prepare Merge Heap Roots: 0.0ms
[2025-05-20T20:44:00.427+0300][23452][15008][debug][gc,phases] GC(5)     Remembered Sets (ms):          Min:  0.0, Avg:  0.1, Max:  0.1, Diff:  0.0, Sum:  0.5, Workers: 8
[2025-05-20T20:44:00.427+0300][23452][15008][debug][gc,phases] GC(5)       Eager Reclaim (ms):            skipped
[2025-05-20T20:44:00.427+0300][23452][15008][debug][gc,phases] GC(5)       Merged Inline                  Min: 0, Avg:  0.0, Max: 0, Diff: 0, Sum: 0, Workers: 8
[2025-05-20T20:44:00.427+0300][23452][15008][debug][gc,phases] GC(5)       Merged ArrayOfCards            Min: 0, Avg:  0.0, Max: 0, Diff: 0, Sum: 0, Workers: 8
[2025-05-20T20:44:00.427+0300][23452][15008][debug][gc,phases] GC(5)       Merged Howl                    Min: 0, Avg:  0.0, Max: 0, Diff: 0, Sum: 0, Workers: 8
[2025-05-20T20:44:00.427+0300][23452][15008][debug][gc,phases] GC(5)       Merged Full                    Min: 0, Avg:  0.0, Max: 0, Diff: 0, Sum: 0, Workers: 8
[2025-05-20T20:44:00.427+0300][23452][15008][debug][gc,phases] GC(5)       Merged Howl Inline             Min: 0, Avg:  0.0, Max: 0, Diff: 0, Sum: 0, Workers: 8
[2025-05-20T20:44:00.427+0300][23452][15008][debug][gc,phases] GC(5)       Merged Howl ArrayOfCards       Min: 0, Avg:  0.0, Max: 0, Diff: 0, Sum: 0, Workers: 8
[2025-05-20T20:44:00.427+0300][23452][15008][debug][gc,phases] GC(5)       Merged Howl BitMap             Min: 0, Avg:  0.0, Max: 0, Diff: 0, Sum: 0, Workers: 8
[2025-05-20T20:44:00.427+0300][23452][15008][debug][gc,phases] GC(5)       Merged Howl Full               Min: 0, Avg:  0.0, Max: 0, Diff: 0, Sum: 0, Workers: 8
[2025-05-20T20:44:00.427+0300][23452][15008][debug][gc,phases] GC(5)       Merged Cards                   Min: 8, Avg:  8.0, Max: 8, Diff: 0, Sum: 64, Workers: 8
[2025-05-20T20:44:00.427+0300][23452][15008][debug][gc,phases] GC(5)     Log Buffers (ms):              Min:  0.0, Avg:  0.0, Max:  0.1, Diff:  0.1, Sum:  0.1, Workers: 8
[2025-05-20T20:44:00.427+0300][23452][15008][debug][gc,phases] GC(5)       Dirty Cards:                   Min: 0, Avg: 132.4, Max: 873, Diff: 873, Sum: 1059, Workers: 8
[2025-05-20T20:44:00.427+0300][23452][15008][debug][gc,phases] GC(5)       Skipped Cards:                 Min: 0, Avg:  0.0, Max: 0, Diff: 0, Sum: 0, Workers: 8
[2025-05-20T20:44:00.427+0300][23452][15008][info ][gc,phases] GC(5)   Evacuate Collection Set: 4.5ms
[2025-05-20T20:44:00.427+0300][23452][15008][debug][gc,phases] GC(5)     Ext Root Scanning (ms):        Min:  0.2, Avg:  0.3, Max:  1.1, Diff:  0.9, Sum:  2.8, Workers: 8
[2025-05-20T20:44:00.427+0300][23452][15008][debug][gc,phases] GC(5)     Scan Heap Roots (ms):          Min:  0.0, Avg:  0.3, Max:  0.5, Diff:  0.5, Sum:  2.2, Workers: 8
[2025-05-20T20:44:00.427+0300][23452][15008][debug][gc,phases] GC(5)       Scanned Cards:                 Min: 0, Avg: 129.2, Max: 252, Diff: 252, Sum: 1034, Workers: 8
[2025-05-20T20:44:00.427+0300][23452][15008][debug][gc,phases] GC(5)       Scanned Blocks:                Min: 0, Avg: 86.4, Max: 183, Diff: 183, Sum: 691, Workers: 8
[2025-05-20T20:44:00.427+0300][23452][15008][debug][gc,phases] GC(5)       Claimed Chunks:                Min: 0, Avg: 21.8, Max: 45, Diff: 45, Sum: 174, Workers: 8
[2025-05-20T20:44:00.427+0300][23452][15008][debug][gc,phases] GC(5)       Found Roots:                   Min: 0, Avg: 682.5, Max: 2512, Diff: 2512, Sum: 5460, Workers: 8
[2025-05-20T20:44:00.427+0300][23452][15008][debug][gc,phases] GC(5)     Code Root Scan (ms):           Min:  0.1, Avg:  1.1, Max:  1.6, Diff:  1.4, Sum:  8.5, Workers: 8
[2025-05-20T20:44:00.427+0300][23452][15008][debug][gc,phases] GC(5)       Scanned Nmethods               Min: 55, Avg: 218.6, Max: 341, Diff: 286, Sum: 1749, Workers: 8
[2025-05-20T20:44:00.427+0300][23452][15008][debug][gc,phases] GC(5)     Object Copy (ms):              Min:  2.0, Avg:  2.7, Max:  3.3, Diff:  1.2, Sum: 21.2, Workers: 8
[2025-05-20T20:44:00.427+0300][23452][15008][debug][gc,phases] GC(5)     Termination (ms):              Min:  0.0, Avg:  0.0, Max:  0.0, Diff:  0.0, Sum:  0.0, Workers: 8
[2025-05-20T20:44:00.427+0300][23452][15008][debug][gc,phases] GC(5)       Termination Attempts:          Min: 1, Avg:  1.0, Max: 1, Diff: 0, Sum: 8, Workers: 8
[2025-05-20T20:44:00.427+0300][23452][15008][debug][gc,phases] GC(5)     GC Worker Other (ms):          Min:  0.0, Avg:  0.1, Max:  0.1, Diff:  0.0, Sum:  0.4, Workers: 8
[2025-05-20T20:44:00.427+0300][23452][15008][debug][gc,phases] GC(5)     GC Worker Total (ms):          Min:  4.3, Avg:  4.4, Max:  4.4, Diff:  0.1, Sum: 35.2, Workers: 8
[2025-05-20T20:44:00.427+0300][23452][15008][info ][gc,phases] GC(5)   Post Evacuate Collection Set: 1.3ms
[2025-05-20T20:44:00.427+0300][23452][15008][debug][gc,phases] GC(5)     NMethod List Cleanup: 0.2ms
[2025-05-20T20:44:00.427+0300][23452][15008][debug][gc,phases] GC(5)     Reference Processing: 0.1ms
[2025-05-20T20:44:00.427+0300][23452][15008][debug][gc,phases] GC(5)     Weak Processing: 0.2ms
[2025-05-20T20:44:00.427+0300][23452][15008][debug][gc,phases] GC(5)       VM Weak                        Min:  0.0, Avg:  0.0, Max:  0.0, Diff:  0.0, Sum:  0.0, Workers: 8
[2025-05-20T20:44:00.427+0300][23452][15008][debug][gc,phases] GC(5)         Dead                           Min: 0, Avg:  0.0, Max: 0, Diff: 0, Sum: 0, Workers: 8
[2025-05-20T20:44:00.427+0300][23452][15008][debug][gc,phases] GC(5)         Total                          Min: 0, Avg: 68.6, Max: 384, Diff: 384, Sum: 549, Workers: 8
[2025-05-20T20:44:00.427+0300][23452][15008][debug][gc,phases] GC(5)       ObjectSynchronizer Weak        Min:  0.0, Avg:  0.0, Max:  0.0, Diff:  0.0, Sum:  0.0, Workers: 8
[2025-05-20T20:44:00.427+0300][23452][15008][debug][gc,phases] GC(5)         Dead                           Min: 0, Avg:  0.0, Max: 0, Diff: 0, Sum: 0, Workers: 8
[2025-05-20T20:44:00.427+0300][23452][15008][debug][gc,phases] GC(5)         Total                          Min: 0, Avg:  2.5, Max: 17, Diff: 17, Sum: 20, Workers: 8
[2025-05-20T20:44:00.427+0300][23452][15008][debug][gc,phases] GC(5)       JVMTI Tag Weak OopStorage      Min:  0.0, Avg:  0.0, Max:  0.0, Diff:  0.0, Sum:  0.0, Workers: 8
[2025-05-20T20:44:00.427+0300][23452][15008][debug][gc,phases] GC(5)         Dead                           Min: 0, Avg:  0.0, Max: 0, Diff: 0, Sum: 0, Workers: 8
[2025-05-20T20:44:00.427+0300][23452][15008][debug][gc,phases] GC(5)         Total                          Min: 0, Avg:  0.0, Max: 0, Diff: 0, Sum: 0, Workers: 8
[2025-05-20T20:44:00.427+0300][23452][15008][debug][gc,phases] GC(5)       StringTable Weak               Min:  0.0, Avg:  0.1, Max:  0.1, Diff:  0.1, Sum:  0.5, Workers: 8
[2025-05-20T20:44:00.427+0300][23452][15008][debug][gc,phases] GC(5)         Dead                           Min: 0, Avg:  0.0, Max: 0, Diff: 0, Sum: 0, Workers: 8
[2025-05-20T20:44:00.427+0300][23452][15008][debug][gc,phases] GC(5)         Total                          Min: 640, Avg: 3428.9, Max: 7424, Diff: 6784, Sum: 27431, Workers: 8
[2025-05-20T20:44:00.427+0300][23452][15008][debug][gc,phases] GC(5)       ResolvedMethodTable Weak       Min:  0.0, Avg:  0.0, Max:  0.0, Diff:  0.0, Sum:  0.0, Workers: 8
[2025-05-20T20:44:00.427+0300][23452][15008][debug][gc,phases] GC(5)         Dead                           Min: 0, Avg:  0.1, Max: 1, Diff: 1, Sum: 1, Workers: 8
[2025-05-20T20:44:00.427+0300][23452][15008][debug][gc,phases] GC(5)         Total                          Min: 128, Avg: 210.8, Max: 320, Diff: 192, Sum: 1686, Workers: 8
[2025-05-20T20:44:00.427+0300][23452][15008][debug][gc,phases] GC(5)       JNI Weak                       Min:  0.0, Avg:  0.0, Max:  0.0, Diff:  0.0, Sum:  0.0, Workers: 8
[2025-05-20T20:44:00.427+0300][23452][15008][debug][gc,phases] GC(5)         Dead                           Min: 0, Avg:  0.0, Max: 0, Diff: 0, Sum: 0, Workers: 8
[2025-05-20T20:44:00.427+0300][23452][15008][debug][gc,phases] GC(5)         Total                          Min: 0, Avg:  0.0, Max: 0, Diff: 0, Sum: 0, Workers: 8
[2025-05-20T20:44:00.427+0300][23452][15008][debug][gc,phases] GC(5)       StringDedup Table Weak         Min:  0.0, Avg:  0.0, Max:  0.0, Diff:  0.0, Sum:  0.0, Workers: 8
[2025-05-20T20:44:00.427+0300][23452][15008][debug][gc,phases] GC(5)         Dead                           Min: 0, Avg:  0.0, Max: 0, Diff: 0, Sum: 0, Workers: 8
[2025-05-20T20:44:00.427+0300][23452][15008][debug][gc,phases] GC(5)         Total                          Min: 0, Avg:  0.0, Max: 0, Diff: 0, Sum: 0, Workers: 8
[2025-05-20T20:44:00.427+0300][23452][15008][debug][gc,phases] GC(5)       StringDedup Requests0 Weak     Min:  0.0, Avg:  0.0, Max:  0.0, Diff:  0.0, Sum:  0.0, Workers: 8
[2025-05-20T20:44:00.427+0300][23452][15008][debug][gc,phases] GC(5)         Dead                           Min: 0, Avg:  0.0, Max: 0, Diff: 0, Sum: 0, Workers: 8
[2025-05-20T20:44:00.427+0300][23452][15008][debug][gc,phases] GC(5)         Total                          Min: 0, Avg:  0.0, Max: 0, Diff: 0, Sum: 0, Workers: 8
[2025-05-20T20:44:00.427+0300][23452][15008][debug][gc,phases] GC(5)       StringDedup Requests1 Weak     Min:  0.0, Avg:  0.0, Max:  0.0, Diff:  0.0, Sum:  0.0, Workers: 8
[2025-05-20T20:44:00.427+0300][23452][15008][debug][gc,phases] GC(5)         Dead                           Min: 0, Avg:  0.0, Max: 0, Diff: 0, Sum: 0, Workers: 8
[2025-05-20T20:44:00.427+0300][23452][15008][debug][gc,phases] GC(5)         Total                          Min: 0, Avg:  0.0, Max: 0, Diff: 0, Sum: 0, Workers: 8
[2025-05-20T20:44:00.427+0300][23452][15008][debug][gc,phases] GC(5)       Weak JFR Old Object Samples    Min:  0.0, Avg:  0.0, Max:  0.0, Diff:  0.0, Sum:  0.0, Workers: 8
[2025-05-20T20:44:00.427+0300][23452][15008][debug][gc,phases] GC(5)         Dead                           Min: 0, Avg:  0.0, Max: 0, Diff: 0, Sum: 0, Workers: 8
[2025-05-20T20:44:00.427+0300][23452][15008][debug][gc,phases] GC(5)         Total                          Min: 0, Avg:  0.0, Max: 0, Diff: 0, Sum: 0, Workers: 8
[2025-05-20T20:44:00.427+0300][23452][15008][debug][gc,phases] GC(5)     Post Evacuate Cleanup 1: 0.4ms
[2025-05-20T20:44:00.427+0300][23452][15008][debug][gc,phases] GC(5)       Merge Per-Thread State (ms):   Min:  0.0, Avg:  0.0, Max:  0.0, Diff:  0.0, Sum:  0.0, Workers: 1
[2025-05-20T20:44:00.427+0300][23452][15008][debug][gc,phases] GC(5)         Copied Bytes                   Min: 398592, Avg: 801748.0, Max: 1497168, Diff: 1098576, Sum: 6413984, Workers: 8
[2025-05-20T20:44:00.427+0300][23452][15008][debug][gc,phases] GC(5)         LAB Waste                      Min: 88, Avg: 2831.0, Max: 10336, Diff: 10248, Sum: 22648, Workers: 8
[2025-05-20T20:44:00.427+0300][23452][15008][debug][gc,phases] GC(5)         LAB Undo Waste                 Min: 0, Avg: 2050.0, Max: 16400, Diff: 16400, Sum: 16400, Workers: 8
[2025-05-20T20:44:00.427+0300][23452][15008][debug][gc,phases] GC(5)       Clear Logged Cards (ms):       Min:  0.0, Avg:  0.1, Max:  0.2, Diff:  0.2, Sum:  0.4, Workers: 5
[2025-05-20T20:44:00.427+0300][23452][15008][debug][gc,phases] GC(5)       Recalculate Used Memory (ms):  Min:  0.0, Avg:  0.0, Max:  0.0, Diff:  0.0, Sum:  0.0, Workers: 1
[2025-05-20T20:44:00.427+0300][23452][15008][debug][gc,phases] GC(5)     Post Evacuate Cleanup 2: 0.3ms
[2025-05-20T20:44:00.427+0300][23452][15008][debug][gc,phases] GC(5)       Update Derived Pointers (ms):  Min:  0.0, Avg:  0.0, Max:  0.0, Diff:  0.0, Sum:  0.0, Workers: 1
[2025-05-20T20:44:00.427+0300][23452][15008][debug][gc,phases] GC(5)       Eagerly Reclaim Humongous Objects (ms): skipped
[2025-05-20T20:44:00.427+0300][23452][15008][debug][gc,phases] GC(5)         Humongous Total                skipped
[2025-05-20T20:44:00.427+0300][23452][15008][debug][gc,phases] GC(5)         Humongous Candidates           skipped
[2025-05-20T20:44:00.427+0300][23452][15008][debug][gc,phases] GC(5)         Humongous Reclaimed            skipped
[2025-05-20T20:44:00.427+0300][23452][15008][debug][gc,phases] GC(5)       Redirty Logged Cards (ms):     Min:  0.0, Avg:  0.0, Max:  0.0, Diff:  0.0, Sum:  0.0, Workers: 8
[2025-05-20T20:44:00.427+0300][23452][15008][debug][gc,phases] GC(5)         Redirtied Cards:               Min: 0, Avg: 120.8, Max: 534, Diff: 534, Sum: 966, Workers: 8
[2025-05-20T20:44:00.427+0300][23452][15008][debug][gc,phases] GC(5)       Resize TLABs (ms):             Min:  0.0, Avg:  0.0, Max:  0.0, Diff:  0.0, Sum:  0.0, Workers: 8
[2025-05-20T20:44:00.427+0300][23452][15008][debug][gc,phases] GC(5)       Free Collection Set (ms):      Min:  0.0, Avg:  0.1, Max:  0.2, Diff:  0.1, Sum:  0.9, Workers: 8
[2025-05-20T20:44:00.427+0300][23452][15008][debug][gc,phases] GC(5)     Rebuild Free List: 0.1ms
[2025-05-20T20:44:00.427+0300][23452][15008][debug][gc,phases] GC(5)     Prepare For Mutator: 0.0ms
[2025-05-20T20:44:00.427+0300][23452][15008][debug][gc,phases] GC(5)     Expand Heap After Collection: 0.0ms
[2025-05-20T20:44:00.427+0300][23452][15008][info ][gc,phases] GC(5)   Other: 0.3ms
[2025-05-20T20:44:00.427+0300][23452][15008][info ][gc,heap  ] GC(5) Eden regions: 566->0(1224)
[2025-05-20T20:44:00.427+0300][23452][15008][info ][gc,heap  ] GC(5) Survivor regions: 4->4(72)
[2025-05-20T20:44:00.427+0300][23452][15008][info ][gc,heap  ] GC(5) Old regions: 8->8
[2025-05-20T20:44:00.427+0300][23452][15008][info ][gc,heap  ] GC(5) Humongous regions: 0->0
[2025-05-20T20:44:00.427+0300][23452][15008][debug][gc,heap  ] GC(5) Heap after GC invocations=6 (full 1):
[2025-05-20T20:44:00.427+0300][23452][15008][debug][gc,heap  ] GC(5)  garbage-first heap   total 4194304K, used 16315K [0x0000000700000000, 0x0000000800000000)
[2025-05-20T20:44:00.427+0300][23452][15008][debug][gc,heap  ] GC(5)   region size 2048K, 4 young (8192K), 4 survivors (8192K)
[2025-05-20T20:44:00.427+0300][23452][15008][debug][gc,heap  ] GC(5)  Metaspace       used 34420K, committed 35328K, reserved 1114112K
[2025-05-20T20:44:00.427+0300][23452][15008][debug][gc,heap  ] GC(5)   class space    used 2938K, committed 3328K, reserved 1048576K
[2025-05-20T20:44:00.427+0300][23452][15008][info ][gc       ] GC(5) Pause Young (Normal) (G1 Evacuation Pause) 1148M->15M(4096M) 8.168ms
[2025-05-20T20:44:00.427+0300][23452][15008][info ][safepoint] Safepoint "G1CollectForAllocation", Time since last: 532326000 ns, Reaching safepoint: 677100 ns, Cleanup: 35700 ns, At safepoint: 8215900 ns, Total: 8928700 ns
[2025-05-20T20:44:01.437+0300][23452][15008][debug][safepoint] Safepoint synchronization initiated using striped semaphore wait barrier. (32 threads)
[2025-05-20T20:44:01.437+0300][23452][15008][info ][safepoint] Safepoint "Cleanup", Time since last: 1007958800 ns, Reaching safepoint: 184100 ns, Cleanup: 35300 ns, At safepoint: 22600 ns, Total: 242000 ns
[2025-05-20T20:44:06.479+0300][23452][15008][debug][safepoint] Safepoint synchronization initiated using striped semaphore wait barrier. (32 threads)
[2025-05-20T20:44:06.479+0300][23452][15008][info ][safepoint] Safepoint "Cleanup", Time since last: 5041643900 ns, Reaching safepoint: 153300 ns, Cleanup: 32800 ns, At safepoint: 4500 ns, Total: 190600 ns
[2025-05-20T20:44:07.492+0300][23452][15008][debug][safepoint] Safepoint synchronization initiated using striped semaphore wait barrier. (32 threads)
[2025-05-20T20:44:07.492+0300][23452][13384][debug][safepoint] ... found polling page loop exception at pc = 0x00000284d36aa0ce, stub =0x00000284d2a26600
[2025-05-20T20:44:07.492+0300][23452][15008][info ][safepoint] Safepoint "Cleanup", Time since last: 1013030000 ns, Reaching safepoint: 293400 ns, Cleanup: 34200 ns, At safepoint: 33300 ns, Total: 360900 ns
[2025-05-20T20:44:08.495+0300][23452][15008][debug][safepoint] Safepoint synchronization initiated using striped semaphore wait barrier. (32 threads)
[2025-05-20T20:44:08.495+0300][23452][15008][info ][safepoint] Safepoint "Cleanup", Time since last: 1002259800 ns, Reaching safepoint: 163000 ns, Cleanup: 49200 ns, At safepoint: 25500 ns, Total: 237700 ns
[2025-05-20T20:44:11.522+0300][23452][15008][debug][safepoint] Safepoint synchronization initiated using striped semaphore wait barrier. (32 threads)
[2025-05-20T20:44:11.522+0300][23452][19400][debug][safepoint] ... found polling page loop exception at pc = 0x00000284d35699e8, stub =0x00000284d2a26600
[2025-05-20T20:44:11.522+0300][23452][15008][info ][safepoint] Safepoint "Cleanup", Time since last: 3027216300 ns, Reaching safepoint: 283600 ns, Cleanup: 25700 ns, At safepoint: 21300 ns, Total: 330600 ns
[2025-05-20T20:44:12.528+0300][23452][15008][debug][safepoint] Safepoint synchronization initiated using striped semaphore wait barrier. (32 threads)
[2025-05-20T20:44:12.529+0300][23452][15008][info ][safepoint] Safepoint "Cleanup", Time since last: 1005670700 ns, Reaching safepoint: 184000 ns, Cleanup: 55100 ns, At safepoint: 27000 ns, Total: 266100 ns
[2025-05-20T20:44:15.561+0300][23452][15008][debug][safepoint] Safepoint synchronization initiated using striped semaphore wait barrier. (32 threads)
[2025-05-20T20:44:15.561+0300][23452][19400][debug][safepoint] ... found polling page loop exception at pc = 0x00000284d3708df0, stub =0x00000284d2a26600
[2025-05-20T20:44:15.561+0300][23452][10564][debug][safepoint] ... found polling page loop exception at pc = 0x00000284d36d663f, stub =0x00000284d2a25d80
[2025-05-20T20:44:15.561+0300][23452][15008][info ][safepoint] Safepoint "Cleanup", Time since last: 3032123900 ns, Reaching safepoint: 216800 ns, Cleanup: 15900 ns, At safepoint: 9300 ns, Total: 242000 ns
[2025-05-20T20:44:16.569+0300][23452][15008][debug][safepoint] Safepoint synchronization initiated using striped semaphore wait barrier. (32 threads)
[2025-05-20T20:44:16.569+0300][23452][15008][info ][safepoint] Safepoint "Cleanup", Time since last: 1007703800 ns, Reaching safepoint: 94400 ns, Cleanup: 24600 ns, At safepoint: 6800 ns, Total: 125800 ns
[2025-05-20T20:44:18.596+0300][23452][15008][debug][safepoint] Safepoint synchronization initiated using striped semaphore wait barrier. (32 threads)
[2025-05-20T20:44:18.596+0300][23452][13384][debug][safepoint] ... found polling page loop exception at pc = 0x00000284d352b7d2, stub =0x00000284d2a26600
[2025-05-20T20:44:18.596+0300][23452][21432][debug][safepoint] ... found polling page loop exception at pc = 0x00000284d36f7d7f, stub =0x00000284d2a26600
[2025-05-20T20:44:18.596+0300][23452][15008][info ][safepoint] Safepoint "Cleanup", Time since last: 2027556400 ns, Reaching safepoint: 291500 ns, Cleanup: 29000 ns, At safepoint: 17000 ns, Total: 337500 ns
[2025-05-20T20:44:19.603+0300][23452][15008][debug][safepoint] Safepoint synchronization initiated using striped semaphore wait barrier. (32 threads)
[2025-05-20T20:44:19.603+0300][23452][11628][debug][safepoint] ... found polling page loop exception at pc = 0x00000284d3708df0, stub =0x00000284d2a26600
[2025-05-20T20:44:19.603+0300][23452][1496 ][debug][safepoint] ... found polling page loop exception at pc = 0x00000284d36f7c16, stub =0x00000284d2a26600
[2025-05-20T20:44:19.603+0300][23452][15008][info ][safepoint] Safepoint "Cleanup", Time since last: 1006184100 ns, Reaching safepoint: 480400 ns, Cleanup: 30800 ns, At safepoint: 25600 ns, Total: 536800 ns
[2025-05-20T20:44:28.694+0300][23452][15008][debug][safepoint] Safepoint synchronization initiated using striped semaphore wait barrier. (32 threads)
[2025-05-20T20:44:28.694+0300][23452][15008][info ][safepoint] Safepoint "Cleanup", Time since last: 9090333400 ns, Reaching safepoint: 138700 ns, Cleanup: 28000 ns, At safepoint: 14900 ns, Total: 181600 ns
[2025-05-20T20:44:29.698+0300][23452][15008][debug][safepoint] Safepoint synchronization initiated using striped semaphore wait barrier. (32 threads)
[2025-05-20T20:44:29.698+0300][23452][15008][info ][safepoint] Safepoint "Cleanup", Time since last: 1003946600 ns, Reaching safepoint: 165700 ns, Cleanup: 34200 ns, At safepoint: 19700 ns, Total: 219600 ns
[2025-05-20T20:44:30.708+0300][23452][15008][debug][safepoint] Safepoint synchronization initiated using striped semaphore wait barrier. (32 threads)
[2025-05-20T20:44:30.708+0300][23452][15008][info ][safepoint] Safepoint "Cleanup", Time since last: 1010072600 ns, Reaching safepoint: 150400 ns, Cleanup: 31700 ns, At safepoint: 15800 ns, Total: 197900 ns
[2025-05-20T20:44:33.750+0300][23452][15008][debug][safepoint] Safepoint synchronization initiated using striped semaphore wait barrier. (32 threads)
[2025-05-20T20:44:33.750+0300][23452][14404][debug][safepoint] ... found polling page loop exception at pc = 0x00000284d36b552d, stub =0x00000284d2a26600
[2025-05-20T20:44:33.750+0300][23452][15008][info ][safepoint] Safepoint "Cleanup", Time since last: 3041721800 ns, Reaching safepoint: 171900 ns, Cleanup: 23400 ns, At safepoint: 9700 ns, Total: 205000 ns
[2025-05-20T20:44:34.752+0300][23452][15008][debug][safepoint] Safepoint synchronization initiated using striped semaphore wait barrier. (32 threads)
[2025-05-20T20:44:34.752+0300][23452][11772][debug][safepoint] ... found polling page loop exception at pc = 0x00000284d36be065, stub =0x00000284d2a26600
[2025-05-20T20:44:34.752+0300][23452][15008][info ][safepoint] Safepoint "Cleanup", Time since last: 1001593900 ns, Reaching safepoint: 164900 ns, Cleanup: 15500 ns, At safepoint: 13600 ns, Total: 194000 ns
[2025-05-20T20:44:36.760+0300][23452][15008][debug][safepoint] Safepoint synchronization initiated using striped semaphore wait barrier. (32 threads)
[2025-05-20T20:44:36.760+0300][23452][19400][debug][safepoint] ... found polling page loop exception at pc = 0x00000284d35a7e3a, stub =0x00000284d2a25d80
[2025-05-20T20:44:36.760+0300][23452][21432][debug][safepoint] ... found polling page loop exception at pc = 0x00000284d3750b6f, stub =0x00000284d2a26600
[2025-05-20T20:44:36.760+0300][23452][15008][info ][safepoint] Safepoint "Cleanup", Time since last: 2008019700 ns, Reaching safepoint: 420100 ns, Cleanup: 34000 ns, At safepoint: 28300 ns, Total: 482400 ns
[2025-05-20T20:44:39.800+0300][23452][15008][debug][safepoint] Safepoint synchronization initiated using striped semaphore wait barrier. (32 threads)
[2025-05-20T20:44:39.800+0300][23452][1496 ][debug][safepoint] ... found polling page loop exception at pc = 0x00000284d3590897, stub =0x00000284d2a26600
[2025-05-20T20:44:39.800+0300][23452][15008][info ][safepoint] Safepoint "Cleanup", Time since last: 3039767000 ns, Reaching safepoint: 285600 ns, Cleanup: 34600 ns, At safepoint: 13600 ns, Total: 333800 ns
[2025-05-20T20:44:43.834+0300][23452][15008][debug][safepoint] Safepoint synchronization initiated using striped semaphore wait barrier. (32 threads)
[2025-05-20T20:44:43.834+0300][23452][15008][info ][safepoint] Safepoint "Cleanup", Time since last: 4033405200 ns, Reaching safepoint: 220400 ns, Cleanup: 30000 ns, At safepoint: 51800 ns, Total: 302200 ns
[2025-05-20T20:44:44.845+0300][23452][15008][debug][safepoint] Safepoint synchronization initiated using striped semaphore wait barrier. (32 threads)
[2025-05-20T20:44:44.845+0300][23452][15008][info ][safepoint] Safepoint "Cleanup", Time since last: 1010156800 ns, Reaching safepoint: 148100 ns, Cleanup: 24800 ns, At safepoint: 8100 ns, Total: 181000 ns
[2025-05-20T20:44:49.874+0300][23452][15008][debug][safepoint] Safepoint synchronization initiated using striped semaphore wait barrier. (32 threads)
[2025-05-20T20:44:49.874+0300][23452][10564][debug][safepoint] ... found polling page loop exception at pc = 0x00000284d38a307d, stub =0x00000284d2a25d80
[2025-05-20T20:44:49.874+0300][23452][15008][info ][safepoint] Safepoint "Cleanup", Time since last: 5028985400 ns, Reaching safepoint: 195700 ns, Cleanup: 23300 ns, At safepoint: 23100 ns, Total: 242100 ns
[2025-05-20T20:44:59.926+0300][23452][15008][debug][safepoint] Safepoint synchronization initiated using striped semaphore wait barrier. (32 threads)
[2025-05-20T20:44:59.926+0300][23452][15008][info ][safepoint] Safepoint "Cleanup", Time since last: 10052103700 ns, Reaching safepoint: 156900 ns, Cleanup: 31700 ns, At safepoint: 18700 ns, Total: 207300 ns
[2025-05-20T20:45:00.940+0300][23452][15008][debug][safepoint] Safepoint synchronization initiated using striped semaphore wait barrier. (32 threads)
[2025-05-20T20:45:00.940+0300][23452][1496 ][debug][safepoint] ... found polling page loop exception at pc = 0x00000284d352f014, stub =0x00000284d2a26600
[2025-05-20T20:45:00.940+0300][23452][15008][info ][safepoint] Safepoint "Cleanup", Time since last: 1014148700 ns, Reaching safepoint: 160600 ns, Cleanup: 20300 ns, At safepoint: 24800 ns, Total: 205700 ns
[2025-05-20T20:45:10.017+0300][23452][15008][debug][safepoint] Safepoint synchronization initiated using striped semaphore wait barrier. (32 threads)
[2025-05-20T20:45:10.017+0300][23452][11772][debug][safepoint] ... found polling page loop exception at pc = 0x00000284d3708df0, stub =0x00000284d2a26600
[2025-05-20T20:45:10.017+0300][23452][21432][debug][safepoint] ... found polling page loop exception at pc = 0x00000284d370a02a, stub =0x00000284d2a26600
[2025-05-20T20:45:10.017+0300][23452][15008][info ][safepoint] Safepoint "Cleanup", Time since last: 9075877300 ns, Reaching safepoint: 210700 ns, Cleanup: 16800 ns, At safepoint: 4700 ns, Total: 232200 ns
[2025-05-20T20:45:12.027+0300][23452][15008][debug][safepoint] Safepoint synchronization initiated using striped semaphore wait barrier. (32 threads)
[2025-05-20T20:45:12.027+0300][23452][15008][info ][safepoint] Safepoint "Cleanup", Time since last: 2010018500 ns, Reaching safepoint: 183600 ns, Cleanup: 99600 ns, At safepoint: 26100 ns, Total: 309300 ns
[2025-05-20T20:45:17.052+0300][23452][15008][debug][safepoint] Safepoint synchronization initiated using striped semaphore wait barrier. (32 threads)
[2025-05-20T20:45:17.053+0300][23452][15008][info ][safepoint] Safepoint "Cleanup", Time since last: 5025206000 ns, Reaching safepoint: 205600 ns, Cleanup: 32300 ns, At safepoint: 20100 ns, Total: 258000 ns
[2025-05-20T20:45:18.068+0300][23452][15008][debug][safepoint] Safepoint synchronization initiated using striped semaphore wait barrier. (32 threads)
[2025-05-20T20:45:18.068+0300][23452][15008][info ][safepoint] Safepoint "Cleanup", Time since last: 1015929300 ns, Reaching safepoint: 140500 ns, Cleanup: 18000 ns, At safepoint: 32800 ns, Total: 191300 ns
[2025-05-20T20:45:19.080+0300][23452][15008][debug][safepoint] Safepoint synchronization initiated using striped semaphore wait barrier. (32 threads)
[2025-05-20T20:45:19.080+0300][23452][15008][info ][safepoint] Safepoint "Cleanup", Time since last: 1011836000 ns, Reaching safepoint: 105000 ns, Cleanup: 19600 ns, At safepoint: 8800 ns, Total: 133400 ns
[2025-05-20T20:45:22.117+0300][23452][15008][debug][safepoint] Safepoint synchronization initiated using striped semaphore wait barrier. (32 threads)
[2025-05-20T20:45:22.117+0300][23452][15008][info ][safepoint] Safepoint "Cleanup", Time since last: 3035889900 ns, Reaching safepoint: 112900 ns, Cleanup: 25300 ns, At safepoint: 10000 ns, Total: 148200 ns
[2025-05-20T20:45:23.117+0300][23452][15008][debug][safepoint] Safepoint synchronization initiated using striped semaphore wait barrier. (32 threads)
[2025-05-20T20:45:23.117+0300][23452][10564][debug][safepoint] ... found polling page loop exception at pc = 0x00000284d381b5f1, stub =0x00000284d2a25d80
[2025-05-20T20:45:23.117+0300][23452][15008][info ][safepoint] Safepoint "Cleanup", Time since last: 1000112100 ns, Reaching safepoint: 431200 ns, Cleanup: 14700 ns, At safepoint: 22400 ns, Total: 468300 ns
[2025-05-20T20:45:24.125+0300][23452][15008][debug][safepoint] Safepoint synchronization initiated using striped semaphore wait barrier. (32 threads)
[2025-05-20T20:45:24.125+0300][23452][15008][info ][safepoint] Safepoint "Cleanup", Time since last: 1008056200 ns, Reaching safepoint: 150600 ns, Cleanup: 25300 ns, At safepoint: 4300 ns, Total: 180200 ns
[2025-05-20T20:45:25.320+0300][23452][15008][debug][safepoint] Safepoint synchronization initiated using striped semaphore wait barrier. (32 threads)
[2025-05-20T20:45:25.320+0300][23452][10380][debug][safepoint] ... found polling page loop exception at pc = 0x00000284d33587fd, stub =0x00000284d2a26600
[2025-05-20T20:45:25.320+0300][23452][13448][debug][safepoint] ... found polling page loop exception at pc = 0x00000284d363af06, stub =0x00000284d2a25d80
[2025-05-20T20:45:25.320+0300][23452][14404][debug][safepoint] ... found polling page loop exception at pc = 0x00000284d36fde91, stub =0x00000284d2a26600
[2025-05-20T20:45:25.320+0300][23452][15008][debug][gc,heap  ] GC(6) Heap before GC invocations=6 (full 1):
[2025-05-20T20:45:25.320+0300][23452][15008][debug][gc,heap  ] GC(6)  garbage-first heap   total 4194304K, used 2521019K [0x0000000700000000, 0x0000000800000000)
[2025-05-20T20:45:25.320+0300][23452][15008][debug][gc,heap  ] GC(6)   region size 2048K, 1228 young (2514944K), 4 survivors (8192K)
[2025-05-20T20:45:25.320+0300][23452][15008][debug][gc,heap  ] GC(6)  Metaspace       used 34531K, committed 35456K, reserved 1114112K
[2025-05-20T20:45:25.320+0300][23452][15008][debug][gc,heap  ] GC(6)   class space    used 2940K, committed 3328K, reserved 1048576K
[2025-05-20T20:45:25.327+0300][23452][15008][info ][gc,phases] GC(6)   Pre Evacuate Collection Set: 0.9ms
[2025-05-20T20:45:25.327+0300][23452][15008][debug][gc,phases] GC(6)     Pre Evacuate Prepare: 0.2ms
[2025-05-20T20:45:25.327+0300][23452][15008][debug][gc,phases] GC(6)       JT Retire TLABs And Flush Logs (ms): Min:  0.0, Avg:  0.0, Max:  0.0, Diff:  0.0, Sum:  0.0, Workers: 2
[2025-05-20T20:45:25.327+0300][23452][15008][debug][gc,phases] GC(6)       Non-JT Flush Logs (ms):        Min:  0.0, Avg:  0.0, Max:  0.0, Diff:  0.0, Sum:  0.0, Workers: 1
[2025-05-20T20:45:25.327+0300][23452][15008][debug][gc,phases] GC(6)     Choose Collection Set: 0.0ms
[2025-05-20T20:45:25.327+0300][23452][15008][debug][gc,phases] GC(6)     Region Register: 0.6ms
[2025-05-20T20:45:25.327+0300][23452][15008][debug][gc,phases] GC(6)     Prepare Heap Roots: 0.0ms
[2025-05-20T20:45:25.327+0300][23452][15008][info ][gc,phases] GC(6)   Merge Heap Roots: 0.5ms
[2025-05-20T20:45:25.327+0300][23452][15008][debug][gc,phases] GC(6)     Prepare Merge Heap Roots: 0.0ms
[2025-05-20T20:45:25.327+0300][23452][15008][debug][gc,phases] GC(6)     Remembered Sets (ms):          Min:  0.2, Avg:  0.2, Max:  0.2, Diff:  0.1, Sum:  1.5, Workers: 8
[2025-05-20T20:45:25.327+0300][23452][15008][debug][gc,phases] GC(6)       Eager Reclaim (ms):            skipped
[2025-05-20T20:45:25.327+0300][23452][15008][debug][gc,phases] GC(6)       Merged Inline                  Min: 0, Avg:  0.0, Max: 0, Diff: 0, Sum: 0, Workers: 8
[2025-05-20T20:45:25.327+0300][23452][15008][debug][gc,phases] GC(6)       Merged ArrayOfCards            Min: 0, Avg:  0.0, Max: 0, Diff: 0, Sum: 0, Workers: 8
[2025-05-20T20:45:25.327+0300][23452][15008][debug][gc,phases] GC(6)       Merged Howl                    Min: 0, Avg:  0.0, Max: 0, Diff: 0, Sum: 0, Workers: 8
[2025-05-20T20:45:25.327+0300][23452][15008][debug][gc,phases] GC(6)       Merged Full                    Min: 0, Avg:  0.0, Max: 0, Diff: 0, Sum: 0, Workers: 8
[2025-05-20T20:45:25.327+0300][23452][15008][debug][gc,phases] GC(6)       Merged Howl Inline             Min: 0, Avg:  0.0, Max: 0, Diff: 0, Sum: 0, Workers: 8
[2025-05-20T20:45:25.327+0300][23452][15008][debug][gc,phases] GC(6)       Merged Howl ArrayOfCards       Min: 0, Avg:  0.0, Max: 0, Diff: 0, Sum: 0, Workers: 8
[2025-05-20T20:45:25.327+0300][23452][15008][debug][gc,phases] GC(6)       Merged Howl BitMap             Min: 0, Avg:  0.0, Max: 0, Diff: 0, Sum: 0, Workers: 8
[2025-05-20T20:45:25.327+0300][23452][15008][debug][gc,phases] GC(6)       Merged Howl Full               Min: 0, Avg:  0.0, Max: 0, Diff: 0, Sum: 0, Workers: 8
[2025-05-20T20:45:25.327+0300][23452][15008][debug][gc,phases] GC(6)       Merged Cards                   Min: 8, Avg:  8.0, Max: 8, Diff: 0, Sum: 64, Workers: 8
[2025-05-20T20:45:25.327+0300][23452][15008][debug][gc,phases] GC(6)     Log Buffers (ms):              Min:  0.0, Avg:  0.0, Max:  0.0, Diff:  0.0, Sum:  0.1, Workers: 8
[2025-05-20T20:45:25.327+0300][23452][15008][debug][gc,phases] GC(6)       Dirty Cards:                   Min: 0, Avg: 130.4, Max: 500, Diff: 500, Sum: 1043, Workers: 8
[2025-05-20T20:45:25.327+0300][23452][15008][debug][gc,phases] GC(6)       Skipped Cards:                 Min: 0, Avg:  0.0, Max: 0, Diff: 0, Sum: 0, Workers: 8
[2025-05-20T20:45:25.327+0300][23452][15008][info ][gc,phases] GC(6)   Evacuate Collection Set: 4.1ms
[2025-05-20T20:45:25.327+0300][23452][15008][debug][gc,phases] GC(6)     Ext Root Scanning (ms):        Min:  0.1, Avg:  0.3, Max:  0.9, Diff:  0.8, Sum:  2.5, Workers: 8
[2025-05-20T20:45:25.327+0300][23452][15008][debug][gc,phases] GC(6)     Scan Heap Roots (ms):          Min:  0.0, Avg:  0.2, Max:  0.4, Diff:  0.4, Sum:  1.7, Workers: 8
[2025-05-20T20:45:25.327+0300][23452][15008][debug][gc,phases] GC(6)       Scanned Cards:                 Min: 0, Avg: 130.0, Max: 263, Diff: 263, Sum: 1040, Workers: 8
[2025-05-20T20:45:25.327+0300][23452][15008][debug][gc,phases] GC(6)       Scanned Blocks:                Min: 0, Avg: 86.5, Max: 173, Diff: 173, Sum: 692, Workers: 8
[2025-05-20T20:45:25.327+0300][23452][15008][debug][gc,phases] GC(6)       Claimed Chunks:                Min: 0, Avg: 22.0, Max: 38, Diff: 38, Sum: 176, Workers: 8
[2025-05-20T20:45:25.327+0300][23452][15008][debug][gc,phases] GC(6)       Found Roots:                   Min: 0, Avg: 718.0, Max: 2937, Diff: 2937, Sum: 5744, Workers: 8
[2025-05-20T20:45:25.327+0300][23452][15008][debug][gc,phases] GC(6)     Code Root Scan (ms):           Min:  0.1, Avg:  1.1, Max:  1.6, Diff:  1.6, Sum:  8.6, Workers: 8
[2025-05-20T20:45:25.327+0300][23452][15008][debug][gc,phases] GC(6)       Scanned Nmethods               Min: 0, Avg: 250.6, Max: 345, Diff: 345, Sum: 2005, Workers: 8
[2025-05-20T20:45:25.327+0300][23452][15008][debug][gc,phases] GC(6)     Object Copy (ms):              Min:  1.6, Avg:  2.2, Max:  2.9, Diff:  1.3, Sum: 17.6, Workers: 8
[2025-05-20T20:45:25.327+0300][23452][15008][debug][gc,phases] GC(6)     Termination (ms):              Min:  0.0, Avg:  0.1, Max:  0.1, Diff:  0.1, Sum:  0.7, Workers: 8
[2025-05-20T20:45:25.327+0300][23452][15008][debug][gc,phases] GC(6)       Termination Attempts:          Min: 1, Avg:  1.0, Max: 1, Diff: 0, Sum: 8, Workers: 8
[2025-05-20T20:45:25.327+0300][23452][15008][debug][gc,phases] GC(6)     GC Worker Other (ms):          Min:  0.1, Avg:  0.1, Max:  0.1, Diff:  0.0, Sum:  0.8, Workers: 8
[2025-05-20T20:45:25.327+0300][23452][15008][debug][gc,phases] GC(6)     GC Worker Total (ms):          Min:  3.9, Avg:  4.0, Max:  4.1, Diff:  0.1, Sum: 31.9, Workers: 8
[2025-05-20T20:45:25.327+0300][23452][15008][info ][gc,phases] GC(6)   Post Evacuate Collection Set: 1.4ms
[2025-05-20T20:45:25.327+0300][23452][15008][debug][gc,phases] GC(6)     NMethod List Cleanup: 0.2ms
[2025-05-20T20:45:25.327+0300][23452][15008][debug][gc,phases] GC(6)     Reference Processing: 0.1ms
[2025-05-20T20:45:25.327+0300][23452][15008][debug][gc,phases] GC(6)     Weak Processing: 0.2ms
[2025-05-20T20:45:25.327+0300][23452][15008][debug][gc,phases] GC(6)       VM Weak                        Min:  0.0, Avg:  0.0, Max:  0.0, Diff:  0.0, Sum:  0.0, Workers: 8
[2025-05-20T20:45:25.327+0300][23452][15008][debug][gc,phases] GC(6)         Dead                           Min: 0, Avg:  0.0, Max: 0, Diff: 0, Sum: 0, Workers: 8
[2025-05-20T20:45:25.327+0300][23452][15008][debug][gc,phases] GC(6)         Total                          Min: 0, Avg: 68.8, Max: 384, Diff: 384, Sum: 550, Workers: 8
[2025-05-20T20:45:25.327+0300][23452][15008][debug][gc,phases] GC(6)       ObjectSynchronizer Weak        Min:  0.0, Avg:  0.0, Max:  0.0, Diff:  0.0, Sum:  0.0, Workers: 8
[2025-05-20T20:45:25.327+0300][23452][15008][debug][gc,phases] GC(6)         Dead                           Min: 0, Avg:  0.1, Max: 1, Diff: 1, Sum: 1, Workers: 8
[2025-05-20T20:45:25.327+0300][23452][15008][debug][gc,phases] GC(6)         Total                          Min: 0, Avg:  5.8, Max: 46, Diff: 46, Sum: 46, Workers: 8
[2025-05-20T20:45:25.327+0300][23452][15008][debug][gc,phases] GC(6)       JVMTI Tag Weak OopStorage      Min:  0.0, Avg:  0.0, Max:  0.0, Diff:  0.0, Sum:  0.0, Workers: 8
[2025-05-20T20:45:25.327+0300][23452][15008][debug][gc,phases] GC(6)         Dead                           Min: 0, Avg:  0.0, Max: 0, Diff: 0, Sum: 0, Workers: 8
[2025-05-20T20:45:25.327+0300][23452][15008][debug][gc,phases] GC(6)         Total                          Min: 0, Avg:  0.0, Max: 0, Diff: 0, Sum: 0, Workers: 8
[2025-05-20T20:45:25.327+0300][23452][15008][debug][gc,phases] GC(6)       StringTable Weak               Min:  0.0, Avg:  0.1, Max:  0.1, Diff:  0.1, Sum:  0.5, Workers: 8
[2025-05-20T20:45:25.327+0300][23452][15008][debug][gc,phases] GC(6)         Dead                           Min: 0, Avg:  0.0, Max: 0, Diff: 0, Sum: 0, Workers: 8
[2025-05-20T20:45:25.327+0300][23452][15008][debug][gc,phases] GC(6)         Total                          Min: 1408, Avg: 3451.6, Max: 7488, Diff: 6080, Sum: 27613, Workers: 8
[2025-05-20T20:45:25.327+0300][23452][15008][debug][gc,phases] GC(6)       ResolvedMethodTable Weak       Min:  0.0, Avg:  0.0, Max:  0.0, Diff:  0.0, Sum:  0.0, Workers: 8
[2025-05-20T20:45:25.327+0300][23452][15008][debug][gc,phases] GC(6)         Dead                           Min: 0, Avg:  0.1, Max: 1, Diff: 1, Sum: 1, Workers: 8
[2025-05-20T20:45:25.327+0300][23452][15008][debug][gc,phases] GC(6)         Total                          Min: 23, Avg: 210.9, Max: 320, Diff: 297, Sum: 1687, Workers: 8
[2025-05-20T20:45:25.327+0300][23452][15008][debug][gc,phases] GC(6)       JNI Weak                       Min:  0.0, Avg:  0.0, Max:  0.0, Diff:  0.0, Sum:  0.0, Workers: 8
[2025-05-20T20:45:25.327+0300][23452][15008][debug][gc,phases] GC(6)         Dead                           Min: 0, Avg:  0.0, Max: 0, Diff: 0, Sum: 0, Workers: 8
[2025-05-20T20:45:25.327+0300][23452][15008][debug][gc,phases] GC(6)         Total                          Min: 0, Avg:  0.0, Max: 0, Diff: 0, Sum: 0, Workers: 8
[2025-05-20T20:45:25.327+0300][23452][15008][debug][gc,phases] GC(6)       StringDedup Table Weak         Min:  0.0, Avg:  0.0, Max:  0.0, Diff:  0.0, Sum:  0.0, Workers: 8
[2025-05-20T20:45:25.327+0300][23452][15008][debug][gc,phases] GC(6)         Dead                           Min: 0, Avg:  0.0, Max: 0, Diff: 0, Sum: 0, Workers: 8
[2025-05-20T20:45:25.327+0300][23452][15008][debug][gc,phases] GC(6)         Total                          Min: 0, Avg:  0.0, Max: 0, Diff: 0, Sum: 0, Workers: 8
[2025-05-20T20:45:25.327+0300][23452][15008][debug][gc,phases] GC(6)       StringDedup Requests0 Weak     Min:  0.0, Avg:  0.0, Max:  0.0, Diff:  0.0, Sum:  0.0, Workers: 8
[2025-05-20T20:45:25.327+0300][23452][15008][debug][gc,phases] GC(6)         Dead                           Min: 0, Avg:  0.0, Max: 0, Diff: 0, Sum: 0, Workers: 8
[2025-05-20T20:45:25.327+0300][23452][15008][debug][gc,phases] GC(6)         Total                          Min: 0, Avg:  0.0, Max: 0, Diff: 0, Sum: 0, Workers: 8
[2025-05-20T20:45:25.327+0300][23452][15008][debug][gc,phases] GC(6)       StringDedup Requests1 Weak     Min:  0.0, Avg:  0.0, Max:  0.0, Diff:  0.0, Sum:  0.0, Workers: 8
[2025-05-20T20:45:25.327+0300][23452][15008][debug][gc,phases] GC(6)         Dead                           Min: 0, Avg:  0.0, Max: 0, Diff: 0, Sum: 0, Workers: 8
[2025-05-20T20:45:25.327+0300][23452][15008][debug][gc,phases] GC(6)         Total                          Min: 0, Avg:  0.0, Max: 0, Diff: 0, Sum: 0, Workers: 8
[2025-05-20T20:45:25.327+0300][23452][15008][debug][gc,phases] GC(6)       Weak JFR Old Object Samples    Min:  0.0, Avg:  0.0, Max:  0.0, Diff:  0.0, Sum:  0.0, Workers: 8
[2025-05-20T20:45:25.327+0300][23452][15008][debug][gc,phases] GC(6)         Dead                           Min: 0, Avg:  0.0, Max: 0, Diff: 0, Sum: 0, Workers: 8
[2025-05-20T20:45:25.327+0300][23452][15008][debug][gc,phases] GC(6)         Total                          Min: 0, Avg:  0.0, Max: 0, Diff: 0, Sum: 0, Workers: 8
[2025-05-20T20:45:25.327+0300][23452][15008][debug][gc,phases] GC(6)     Post Evacuate Cleanup 1: 0.4ms
[2025-05-20T20:45:25.327+0300][23452][15008][debug][gc,phases] GC(6)       Merge Per-Thread State (ms):   Min:  0.0, Avg:  0.0, Max:  0.0, Diff:  0.0, Sum:  0.0, Workers: 1
[2025-05-20T20:45:25.327+0300][23452][15008][debug][gc,phases] GC(6)         Copied Bytes                   Min: 314928, Avg: 811009.0, Max: 1536280, Diff: 1221352, Sum: 6488072, Workers: 8
[2025-05-20T20:45:25.327+0300][23452][15008][debug][gc,phases] GC(6)         LAB Waste                      Min: 176, Avg: 2656.0, Max: 5536, Diff: 5360, Sum: 21248, Workers: 8
[2025-05-20T20:45:25.327+0300][23452][15008][debug][gc,phases] GC(6)         LAB Undo Waste                 Min: 0, Avg:  0.0, Max: 0, Diff: 0, Sum: 0, Workers: 8
[2025-05-20T20:45:25.327+0300][23452][15008][debug][gc,phases] GC(6)       Clear Logged Cards (ms):       Min:  0.0, Avg:  0.2, Max:  0.3, Diff:  0.3, Sum:  1.2, Workers: 7
[2025-05-20T20:45:25.327+0300][23452][15008][debug][gc,phases] GC(6)       Recalculate Used Memory (ms):  Min:  0.0, Avg:  0.0, Max:  0.0, Diff:  0.0, Sum:  0.0, Workers: 1
[2025-05-20T20:45:25.327+0300][23452][15008][debug][gc,phases] GC(6)     Post Evacuate Cleanup 2: 0.4ms
[2025-05-20T20:45:25.327+0300][23452][15008][debug][gc,phases] GC(6)       Update Derived Pointers (ms):  Min:  0.0, Avg:  0.0, Max:  0.0, Diff:  0.0, Sum:  0.0, Workers: 1
[2025-05-20T20:45:25.327+0300][23452][15008][debug][gc,phases] GC(6)       Eagerly Reclaim Humongous Objects (ms): skipped
[2025-05-20T20:45:25.327+0300][23452][15008][debug][gc,phases] GC(6)         Humongous Total                skipped
[2025-05-20T20:45:25.327+0300][23452][15008][debug][gc,phases] GC(6)         Humongous Candidates           skipped
[2025-05-20T20:45:25.327+0300][23452][15008][debug][gc,phases] GC(6)         Humongous Reclaimed            skipped
[2025-05-20T20:45:25.327+0300][23452][15008][debug][gc,phases] GC(6)       Redirty Logged Cards (ms):     Min:  0.0, Avg:  0.0, Max:  0.0, Diff:  0.0, Sum:  0.0, Workers: 8
[2025-05-20T20:45:25.327+0300][23452][15008][debug][gc,phases] GC(6)         Redirtied Cards:               Min: 0, Avg: 121.8, Max: 512, Diff: 512, Sum: 974, Workers: 8
[2025-05-20T20:45:25.327+0300][23452][15008][debug][gc,phases] GC(6)       Resize TLABs (ms):             Min:  0.0, Avg:  0.0, Max:  0.0, Diff:  0.0, Sum:  0.0, Workers: 8
[2025-05-20T20:45:25.327+0300][23452][15008][debug][gc,phases] GC(6)       Free Collection Set (ms):      Min:  0.2, Avg:  0.2, Max:  0.3, Diff:  0.1, Sum:  1.8, Workers: 8
[2025-05-20T20:45:25.327+0300][23452][15008][debug][gc,phases] GC(6)     Rebuild Free List: 0.1ms
[2025-05-20T20:45:25.327+0300][23452][15008][debug][gc,phases] GC(6)     Prepare For Mutator: 0.0ms
[2025-05-20T20:45:25.327+0300][23452][15008][debug][gc,phases] GC(6)     Expand Heap After Collection: 0.0ms
[2025-05-20T20:45:25.327+0300][23452][15008][info ][gc,phases] GC(6)   Other: 0.5ms
[2025-05-20T20:45:25.327+0300][23452][15008][info ][gc,heap  ] GC(6) Eden regions: 1224->0(1224)
[2025-05-20T20:45:25.327+0300][23452][15008][info ][gc,heap  ] GC(6) Survivor regions: 4->4(154)
[2025-05-20T20:45:25.327+0300][23452][15008][info ][gc,heap  ] GC(6) Old regions: 8->8
[2025-05-20T20:45:25.327+0300][23452][15008][info ][gc,heap  ] GC(6) Humongous regions: 0->0
[2025-05-20T20:45:25.327+0300][23452][15008][debug][gc,heap  ] GC(6) Heap after GC invocations=7 (full 1):
[2025-05-20T20:45:25.327+0300][23452][15008][debug][gc,heap  ] GC(6)  garbage-first heap   total 4194304K, used 16478K [0x0000000700000000, 0x0000000800000000)
[2025-05-20T20:45:25.327+0300][23452][15008][debug][gc,heap  ] GC(6)   region size 2048K, 4 young (8192K), 4 survivors (8192K)
[2025-05-20T20:45:25.327+0300][23452][15008][debug][gc,heap  ] GC(6)  Metaspace       used 34531K, committed 35456K, reserved 1114112K
[2025-05-20T20:45:25.327+0300][23452][15008][debug][gc,heap  ] GC(6)   class space    used 2940K, committed 3328K, reserved 1048576K
[2025-05-20T20:45:25.327+0300][23452][15008][info ][gc       ] GC(6) Pause Young (Normal) (G1 Evacuation Pause) 2463M->16M(4096M) 8.611ms
[2025-05-20T20:45:25.327+0300][23452][15008][info ][safepoint] Safepoint "G1CollectForAllocation", Time since last: 1194298100 ns, Reaching safepoint: 605600 ns, Cleanup: 9700 ns, At safepoint: 8658200 ns, Total: 9273500 ns
[2025-05-20T20:45:28.346+0300][23452][15008][debug][safepoint] Safepoint synchronization initiated using striped semaphore wait barrier. (32 threads)
[2025-05-20T20:45:28.346+0300][23452][21432][debug][safepoint] ... found polling page loop exception at pc = 0x00000284d3464dbf, stub =0x00000284d2a26600
[2025-05-20T20:45:28.346+0300][23452][15008][info ][safepoint] Safepoint "Cleanup", Time since last: 3016660900 ns, Reaching safepoint: 140200 ns, Cleanup: 17400 ns, At safepoint: 10100 ns, Total: 167700 ns
[2025-05-20T20:45:33.387+0300][23452][15008][debug][safepoint] Safepoint synchronization initiated using striped semaphore wait barrier. (32 threads)
[2025-05-20T20:45:33.387+0300][23452][1496 ][debug][safepoint] ... found polling page loop exception at pc = 0x00000284d35a76c2, stub =0x00000284d2a25d80
[2025-05-20T20:45:33.387+0300][23452][15008][info ][safepoint] Safepoint "Cleanup", Time since last: 5041644300 ns, Reaching safepoint: 280900 ns, Cleanup: 33600 ns, At safepoint: 19800 ns, Total: 334300 ns
[2025-05-20T20:45:38.426+0300][23452][15008][debug][safepoint] Safepoint synchronization initiated using striped semaphore wait barrier. (32 threads)
[2025-05-20T20:45:38.426+0300][23452][15008][info ][safepoint] Safepoint "Cleanup", Time since last: 5038370000 ns, Reaching safepoint: 75900 ns, Cleanup: 17700 ns, At safepoint: 8100 ns, Total: 101700 ns
[2025-05-20T20:45:39.429+0300][23452][15008][debug][safepoint] Safepoint synchronization initiated using striped semaphore wait barrier. (32 threads)
[2025-05-20T20:45:39.429+0300][23452][15008][info ][safepoint] Safepoint "Cleanup", Time since last: 1002428000 ns, Reaching safepoint: 170300 ns, Cleanup: 35700 ns, At safepoint: 21400 ns, Total: 227400 ns
[2025-05-20T20:45:51.547+0300][23452][15008][debug][safepoint] Safepoint synchronization initiated using striped semaphore wait barrier. (32 threads)
[2025-05-20T20:45:51.547+0300][23452][1496 ][debug][safepoint] ... found polling page loop exception at pc = 0x00000284d3464dbf, stub =0x00000284d2a26600
[2025-05-20T20:45:51.547+0300][23452][15008][info ][safepoint] Safepoint "Cleanup", Time since last: 12117874400 ns, Reaching safepoint: 299700 ns, Cleanup: 42700 ns, At safepoint: 15600 ns, Total: 358000 ns
[2025-05-20T20:45:54.551+0300][23452][15008][debug][safepoint] Safepoint synchronization initiated using striped semaphore wait barrier. (32 threads)
[2025-05-20T20:45:54.552+0300][23452][15008][info ][safepoint] Safepoint "Cleanup", Time since last: 3003867100 ns, Reaching safepoint: 183700 ns, Cleanup: 30000 ns, At safepoint: 28400 ns, Total: 242100 ns
[2025-05-20T20:46:09.753+0300][23452][15008][debug][safepoint] Safepoint synchronization initiated using striped semaphore wait barrier. (25 threads)
[2025-05-20T20:46:09.753+0300][23452][15008][debug][gc,heap  ] GC(7) Heap before GC invocations=7 (full 1):
[2025-05-20T20:46:09.753+0300][23452][15008][debug][gc,heap  ] GC(7)  garbage-first heap   total 4194304K, used 1325150K [0x0000000700000000, 0x0000000800000000)
[2025-05-20T20:46:09.753+0300][23452][15008][debug][gc,heap  ] GC(7)   region size 2048K, 644 young (1318912K), 4 survivors (8192K)
[2025-05-20T20:46:09.753+0300][23452][15008][debug][gc,heap  ] GC(7)  Metaspace       used 34646K, committed 35520K, reserved 1114112K
[2025-05-20T20:46:09.753+0300][23452][15008][debug][gc,heap  ] GC(7)   class space    used 2949K, committed 3328K, reserved 1048576K
[2025-05-20T20:46:09.764+0300][23452][15008][debug][gc,phases] GC(7) Phase 1: Reference Processing 0.415ms
[2025-05-20T20:46:09.764+0300][23452][15008][debug][gc,phases] GC(7)   VM Weak                        Min:  0.0, Avg:  0.0, Max:  0.0, Diff:  0.0, Sum:  0.0, Workers: 8
[2025-05-20T20:46:09.764+0300][23452][15008][debug][gc,phases] GC(7)     Dead                           Min: 0, Avg: 26.2, Max: 93, Diff: 93, Sum: 210, Workers: 8
[2025-05-20T20:46:09.764+0300][23452][15008][debug][gc,phases] GC(7)     Total                          Min: 0, Avg: 69.0, Max: 384, Diff: 384, Sum: 552, Workers: 8
[2025-05-20T20:46:09.764+0300][23452][15008][debug][gc,phases] GC(7)   ObjectSynchronizer Weak        Min:  0.0, Avg:  0.0, Max:  0.0, Diff:  0.0, Sum:  0.0, Workers: 8
[2025-05-20T20:46:09.764+0300][23452][15008][debug][gc,phases] GC(7)     Dead                           Min: 0, Avg:  4.9, Max: 39, Diff: 39, Sum: 39, Workers: 8
[2025-05-20T20:46:09.764+0300][23452][15008][debug][gc,phases] GC(7)     Total                          Min: 0, Avg:  7.2, Max: 58, Diff: 58, Sum: 58, Workers: 8
[2025-05-20T20:46:09.764+0300][23452][15008][debug][gc,phases] GC(7)   JVMTI Tag Weak OopStorage      Min:  0.0, Avg:  0.0, Max:  0.0, Diff:  0.0, Sum:  0.0, Workers: 8
[2025-05-20T20:46:09.764+0300][23452][15008][debug][gc,phases] GC(7)     Dead                           Min: 0, Avg:  0.0, Max: 0, Diff: 0, Sum: 0, Workers: 8
[2025-05-20T20:46:09.764+0300][23452][15008][debug][gc,phases] GC(7)     Total                          Min: 0, Avg:  0.0, Max: 0, Diff: 0, Sum: 0, Workers: 8
[2025-05-20T20:46:09.764+0300][23452][15008][debug][gc,phases] GC(7)   StringTable Weak               Min:  0.0, Avg:  0.0, Max:  0.1, Diff:  0.1, Sum:  0.3, Workers: 8
[2025-05-20T20:46:09.764+0300][23452][15008][debug][gc,phases] GC(7)     Dead                           Min: 0, Avg: 169.8, Max: 409, Diff: 409, Sum: 1358, Workers: 8
[2025-05-20T20:46:09.764+0300][23452][15008][debug][gc,phases] GC(7)     Total                          Min: 0, Avg: 3464.6, Max: 5952, Diff: 5952, Sum: 27717, Workers: 8
[2025-05-20T20:46:09.764+0300][23452][15008][debug][gc,phases] GC(7)   ResolvedMethodTable Weak       Min:  0.0, Avg:  0.0, Max:  0.0, Diff:  0.0, Sum:  0.0, Workers: 8
[2025-05-20T20:46:09.764+0300][23452][15008][debug][gc,phases] GC(7)     Dead                           Min: 0, Avg: 13.8, Max: 35, Diff: 35, Sum: 110, Workers: 8
[2025-05-20T20:46:09.764+0300][23452][15008][debug][gc,phases] GC(7)     Total                          Min: 0, Avg: 211.6, Max: 383, Diff: 383, Sum: 1693, Workers: 8
[2025-05-20T20:46:09.764+0300][23452][15008][debug][gc,phases] GC(7)   JNI Weak                       Min:  0.0, Avg:  0.0, Max:  0.0, Diff:  0.0, Sum:  0.0, Workers: 8
[2025-05-20T20:46:09.764+0300][23452][15008][debug][gc,phases] GC(7)     Dead                           Min: 0, Avg:  0.0, Max: 0, Diff: 0, Sum: 0, Workers: 8
[2025-05-20T20:46:09.764+0300][23452][15008][debug][gc,phases] GC(7)     Total                          Min: 0, Avg:  0.0, Max: 0, Diff: 0, Sum: 0, Workers: 8
[2025-05-20T20:46:09.764+0300][23452][15008][debug][gc,phases] GC(7)   StringDedup Table Weak         Min:  0.0, Avg:  0.0, Max:  0.0, Diff:  0.0, Sum:  0.0, Workers: 8
[2025-05-20T20:46:09.764+0300][23452][15008][debug][gc,phases] GC(7)     Dead                           Min: 0, Avg:  0.0, Max: 0, Diff: 0, Sum: 0, Workers: 8
[2025-05-20T20:46:09.764+0300][23452][15008][debug][gc,phases] GC(7)     Total                          Min: 0, Avg:  0.0, Max: 0, Diff: 0, Sum: 0, Workers: 8
[2025-05-20T20:46:09.764+0300][23452][15008][debug][gc,phases] GC(7)   StringDedup Requests0 Weak     Min:  0.0, Avg:  0.0, Max:  0.0, Diff:  0.0, Sum:  0.0, Workers: 8
[2025-05-20T20:46:09.764+0300][23452][15008][debug][gc,phases] GC(7)     Dead                           Min: 0, Avg:  0.0, Max: 0, Diff: 0, Sum: 0, Workers: 8
[2025-05-20T20:46:09.764+0300][23452][15008][debug][gc,phases] GC(7)     Total                          Min: 0, Avg:  0.0, Max: 0, Diff: 0, Sum: 0, Workers: 8
[2025-05-20T20:46:09.764+0300][23452][15008][debug][gc,phases] GC(7)   StringDedup Requests1 Weak     Min:  0.0, Avg:  0.0, Max:  0.0, Diff:  0.0, Sum:  0.0, Workers: 8
[2025-05-20T20:46:09.764+0300][23452][15008][debug][gc,phases] GC(7)     Dead                           Min: 0, Avg:  0.0, Max: 0, Diff: 0, Sum: 0, Workers: 8
[2025-05-20T20:46:09.764+0300][23452][15008][debug][gc,phases] GC(7)     Total                          Min: 0, Avg:  0.0, Max: 0, Diff: 0, Sum: 0, Workers: 8
[2025-05-20T20:46:09.764+0300][23452][15008][debug][gc,phases] GC(7)   Weak JFR Old Object Samples    Min:  0.0, Avg:  0.0, Max:  0.0, Diff:  0.0, Sum:  0.0, Workers: 8
[2025-05-20T20:46:09.764+0300][23452][15008][debug][gc,phases] GC(7)     Dead                           Min: 0, Avg:  0.0, Max: 0, Diff: 0, Sum: 0, Workers: 8
[2025-05-20T20:46:09.764+0300][23452][15008][debug][gc,phases] GC(7)     Total                          Min: 0, Avg:  0.0, Max: 0, Diff: 0, Sum: 0, Workers: 8
[2025-05-20T20:46:09.764+0300][23452][15008][debug][gc,phases] GC(7) Phase 1: Weak Processing 0.425ms
[2025-05-20T20:46:09.764+0300][23452][15008][debug][gc,phases] GC(7) ClassLoaderData 0.345ms
[2025-05-20T20:46:09.764+0300][23452][15008][debug][gc,phases] GC(7) Trigger cleanups 0.006ms
[2025-05-20T20:46:09.767+0300][23452][15008][debug][gc,phases] GC(7) G1 Complete Cleaning 14.137ms
[2025-05-20T20:46:09.767+0300][23452][15008][debug][gc,phases] GC(7) Purge Unlinked NMethods 0.409ms
[2025-05-20T20:46:09.767+0300][23452][15008][debug][gc,phases] GC(7) Unregister NMethods 0.727ms
[2025-05-20T20:46:09.767+0300][23452][15008][debug][gc,phases] GC(7) Free Code Blobs 0.108ms
[2025-05-20T20:46:09.782+0300][23452][15008][debug][gc,phases] GC(7) Purge Class Loader Data 0.727ms
[2025-05-20T20:46:09.782+0300][23452][15008][debug][gc,phases] GC(7) Phase 1: Class Unloading and Cleanup 16.620ms
[2025-05-20T20:46:09.782+0300][23452][15008][debug][gc,phases] GC(7) Report Object Count 0.001ms
[2025-05-20T20:46:09.782+0300][23452][15008][info ][gc,phases] GC(7) Phase 1: Mark live objects 20.426ms
[2025-05-20T20:46:09.782+0300][23452][15008][debug][gc,phases] GC(7) Phase 2: Determine work lists 0.049ms
[2025-05-20T20:46:09.784+0300][23452][15008][debug][gc,phases] GC(7) Phase 2: Prepare parallel compaction 1.720ms
[2025-05-20T20:46:09.784+0300][23452][15008][info ][gc,phases] GC(7) Phase 2: Prepare compaction 1.813ms
[2025-05-20T20:46:09.786+0300][23452][15008][info ][gc,phases] GC(7) Phase 3: Adjust pointers 8.622ms
[2025-05-20T20:46:09.786+0300][23452][15008][info ][gc,phases] GC(7) Phase 4: Compact heap 2.080ms
[2025-05-20T20:46:09.786+0300][23452][15008][info ][gc,phases] GC(7) Phase 5: Reset Metadata 1.290ms
[2025-05-20T20:46:09.800+0300][23452][15008][info ][gc,heap  ] GC(7) Eden regions: 640->0(1228)
[2025-05-20T20:46:09.800+0300][23452][15008][info ][gc,heap  ] GC(7) Survivor regions: 4->0(154)
[2025-05-20T20:46:09.800+0300][23452][15008][info ][gc,heap  ] GC(7) Old regions: 8->11
[2025-05-20T20:46:09.800+0300][23452][15008][info ][gc,heap  ] GC(7) Humongous regions: 0->0
[2025-05-20T20:46:09.800+0300][23452][15008][debug][gc,heap  ] GC(7) Heap after GC invocations=8 (full 2):
[2025-05-20T20:46:09.800+0300][23452][15008][debug][gc,heap  ] GC(7)  garbage-first heap   total 4194304K, used 14205K [0x0000000700000000, 0x0000000800000000)
[2025-05-20T20:46:09.800+0300][23452][15008][debug][gc,heap  ] GC(7)   region size 2048K, 0 young (0K), 0 survivors (0K)
[2025-05-20T20:46:09.800+0300][23452][15008][debug][gc,heap  ] GC(7)  Metaspace       used 33203K, committed 35456K, reserved 1114112K
[2025-05-20T20:46:09.800+0300][23452][15008][debug][gc,heap  ] GC(7)   class space    used 2783K, committed 3328K, reserved 1048576K
[2025-05-20T20:46:09.800+0300][23452][15008][info ][gc       ] GC(7) Pause Full (System.gc()) 1295M->13M(4096M) 46.360ms
[2025-05-20T20:46:09.800+0300][23452][15008][info ][safepoint] Safepoint "G1CollectFull", Time since last: 15210476200 ns, Reaching safepoint: 39200 ns, Cleanup: 23700 ns, At safepoint: 46391800 ns, Total: 46454700 ns
[2025-05-20T20:46:10.811+0300][23452][15008][debug][safepoint] Safepoint synchronization initiated using striped semaphore wait barrier. (33 threads)
[2025-05-20T20:46:10.811+0300][23452][17376][debug][safepoint] ... found polling page loop exception at pc = 0x00000284d352b51a, stub =0x00000284d2a26600
[2025-05-20T20:46:10.811+0300][23452][15008][info ][safepoint] Safepoint "Cleanup", Time since last: 1003010200 ns, Reaching safepoint: 140600 ns, Cleanup: 115700 ns, At safepoint: 17500 ns, Total: 273800 ns
[2025-05-20T20:46:11.817+0300][23452][15008][debug][safepoint] Safepoint synchronization initiated using striped semaphore wait barrier. (32 threads)
[2025-05-20T20:46:11.817+0300][23452][17376][debug][safepoint] ... found polling page loop exception at pc = 0x00000284d352b7d2, stub =0x00000284d2a26600
[2025-05-20T20:46:11.817+0300][23452][15008][info ][safepoint] Safepoint "Cleanup", Time since last: 1005360300 ns, Reaching safepoint: 279300 ns, Cleanup: 42600 ns, At safepoint: 25500 ns, Total: 347400 ns
[2025-05-20T20:46:12.825+0300][23452][15008][debug][safepoint] Safepoint synchronization initiated using striped semaphore wait barrier. (32 threads)
[2025-05-20T20:46:12.825+0300][23452][15008][info ][safepoint] Safepoint "Cleanup", Time since last: 1007381900 ns, Reaching safepoint: 145800 ns, Cleanup: 81900 ns, At safepoint: 45500 ns, Total: 273200 ns
[2025-05-20T20:46:13.836+0300][23452][15008][debug][safepoint] Safepoint synchronization initiated using striped semaphore wait barrier. (32 threads)
[2025-05-20T20:46:13.836+0300][23452][17376][debug][safepoint] ... found polling page loop exception at pc = 0x00000284d3464747, stub =0x00000284d2a26600
[2025-05-20T20:46:13.836+0300][23452][15008][info ][safepoint] Safepoint "Cleanup", Time since last: 1011103800 ns, Reaching safepoint: 129900 ns, Cleanup: 17200 ns, At safepoint: 9500 ns, Total: 156600 ns
[2025-05-20T20:46:15.859+0300][23452][15008][debug][safepoint] Safepoint synchronization initiated using striped semaphore wait barrier. (32 threads)
[2025-05-20T20:46:15.859+0300][23452][15008][info ][safepoint] Safepoint "Cleanup", Time since last: 2022877600 ns, Reaching safepoint: 216500 ns, Cleanup: 34600 ns, At safepoint: 56900 ns, Total: 308000 ns
[2025-05-20T20:46:17.870+0300][23452][15008][debug][safepoint] Safepoint synchronization initiated using striped semaphore wait barrier. (32 threads)
[2025-05-20T20:46:17.870+0300][23452][15008][info ][safepoint] Safepoint "Cleanup", Time since last: 2010513800 ns, Reaching safepoint: 240700 ns, Cleanup: 29500 ns, At safepoint: 24200 ns, Total: 294400 ns
[2025-05-20T20:46:18.882+0300][23452][15008][debug][safepoint] Safepoint synchronization initiated using striped semaphore wait barrier. (32 threads)
[2025-05-20T20:46:18.882+0300][23452][15008][info ][safepoint] Safepoint "Cleanup", Time since last: 1011636300 ns, Reaching safepoint: 114300 ns, Cleanup: 35100 ns, At safepoint: 15500 ns, Total: 164900 ns
[2025-05-20T20:46:19.895+0300][23452][15008][debug][safepoint] Safepoint synchronization initiated using striped semaphore wait barrier. (32 threads)
[2025-05-20T20:46:19.895+0300][23452][15008][info ][safepoint] Safepoint "Cleanup", Time since last: 1013045400 ns, Reaching safepoint: 145800 ns, Cleanup: 36600 ns, At safepoint: 19100 ns, Total: 201500 ns
[2025-05-20T20:46:20.906+0300][23452][15008][debug][safepoint] Safepoint synchronization initiated using striped semaphore wait barrier. (32 threads)
[2025-05-20T20:46:20.906+0300][23452][15008][info ][safepoint] Safepoint "Cleanup", Time since last: 1011207000 ns, Reaching safepoint: 156300 ns, Cleanup: 39600 ns, At safepoint: 15600 ns, Total: 211500 ns
[2025-05-20T20:46:22.924+0300][23452][15008][debug][safepoint] Safepoint synchronization initiated using striped semaphore wait barrier. (32 threads)
[2025-05-20T20:46:22.924+0300][23452][15008][info ][safepoint] Safepoint "Cleanup", Time since last: 2017109700 ns, Reaching safepoint: 160900 ns, Cleanup: 52200 ns, At safepoint: 21200 ns, Total: 234300 ns
[2025-05-20T20:46:23.927+0300][23452][15008][debug][safepoint] Safepoint synchronization initiated using striped semaphore wait barrier. (32 threads)
[2025-05-20T20:46:23.927+0300][23452][15008][info ][safepoint] Safepoint "Cleanup", Time since last: 1002572800 ns, Reaching safepoint: 160300 ns, Cleanup: 44500 ns, At safepoint: 22600 ns, Total: 227400 ns
[2025-05-20T20:46:24.934+0300][23452][15008][debug][safepoint] Safepoint synchronization initiated using striped semaphore wait barrier. (32 threads)
[2025-05-20T20:46:24.934+0300][23452][20976][debug][safepoint] ... found polling page loop exception at pc = 0x00000284d3a8a8ce, stub =0x00000284d2a26600
[2025-05-20T20:46:24.934+0300][23452][15008][info ][safepoint] Safepoint "Cleanup", Time since last: 1007020400 ns, Reaching safepoint: 329500 ns, Cleanup: 32600 ns, At safepoint: 21200 ns, Total: 383300 ns
[2025-05-20T20:46:29.989+0300][23452][15008][debug][safepoint] Safepoint synchronization initiated using striped semaphore wait barrier. (32 threads)
[2025-05-20T20:46:29.989+0300][23452][15008][info ][safepoint] Safepoint "Cleanup", Time since last: 5055200100 ns, Reaching safepoint: 135100 ns, Cleanup: 31600 ns, At safepoint: 28000 ns, Total: 194700 ns
[2025-05-20T20:46:31.002+0300][23452][15008][debug][safepoint] Safepoint synchronization initiated using striped semaphore wait barrier. (32 threads)
[2025-05-20T20:46:31.002+0300][23452][15008][info ][safepoint] Safepoint "Cleanup", Time since last: 1012049500 ns, Reaching safepoint: 151700 ns, Cleanup: 55100 ns, At safepoint: 21300 ns, Total: 228100 ns
[2025-05-20T20:46:32.008+0300][23452][15008][debug][safepoint] Safepoint synchronization initiated using striped semaphore wait barrier. (32 threads)
[2025-05-20T20:46:32.008+0300][23452][15008][info ][safepoint] Safepoint "Cleanup", Time since last: 1005994100 ns, Reaching safepoint: 86800 ns, Cleanup: 19600 ns, At safepoint: 2000 ns, Total: 108400 ns
[2025-05-20T20:46:35.042+0300][23452][15008][debug][safepoint] Safepoint synchronization initiated using striped semaphore wait barrier. (32 threads)
[2025-05-20T20:46:35.042+0300][23452][7544 ][debug][safepoint] ... found polling page loop exception at pc = 0x00000284d352bbb7, stub =0x00000284d2a26600
[2025-05-20T20:46:35.042+0300][23452][15008][info ][safepoint] Safepoint "Cleanup", Time since last: 3034317400 ns, Reaching safepoint: 266000 ns, Cleanup: 30400 ns, At safepoint: 24400 ns, Total: 320800 ns
[2025-05-20T20:46:36.050+0300][23452][15008][debug][safepoint] Safepoint synchronization initiated using striped semaphore wait barrier. (32 threads)
[2025-05-20T20:46:36.050+0300][23452][15008][info ][safepoint] Safepoint "Cleanup", Time since last: 1007579000 ns, Reaching safepoint: 146900 ns, Cleanup: 41900 ns, At safepoint: 26400 ns, Total: 215200 ns
[2025-05-20T20:46:38.069+0300][23452][15008][debug][safepoint] Safepoint synchronization initiated using striped semaphore wait barrier. (32 threads)
[2025-05-20T20:46:38.069+0300][23452][15008][info ][safepoint] Safepoint "Cleanup", Time since last: 2019042500 ns, Reaching safepoint: 168500 ns, Cleanup: 32200 ns, At safepoint: 13300 ns, Total: 214000 ns
[2025-05-20T20:46:52.172+0300][23452][15008][debug][safepoint] Safepoint synchronization initiated using striped semaphore wait barrier. (32 threads)
[2025-05-20T20:46:52.172+0300][23452][6368 ][debug][safepoint] ... found polling page loop exception at pc = 0x00000284d3464dbf, stub =0x00000284d2a26600
[2025-05-20T20:46:52.172+0300][23452][15008][info ][safepoint] Safepoint "Cleanup", Time since last: 14102808300 ns, Reaching safepoint: 323600 ns, Cleanup: 66300 ns, At safepoint: 30000 ns, Total: 419900 ns
[2025-05-20T20:46:54.181+0300][23452][15008][debug][safepoint] Safepoint synchronization initiated using striped semaphore wait barrier. (32 threads)
[2025-05-20T20:46:54.181+0300][23452][16524][debug][safepoint] ... found polling page loop exception at pc = 0x00000284d3afe5a3, stub =0x00000284d2a26600
[2025-05-20T20:46:54.181+0300][23452][15008][info ][safepoint] Safepoint "Cleanup", Time since last: 2008147900 ns, Reaching safepoint: 278100 ns, Cleanup: 34100 ns, At safepoint: 24800 ns, Total: 337000 ns
[2025-05-20T20:46:55.190+0300][23452][15008][debug][safepoint] Safepoint synchronization initiated using striped semaphore wait barrier. (32 threads)
[2025-05-20T20:46:55.190+0300][23452][15008][info ][safepoint] Safepoint "Cleanup", Time since last: 1009136800 ns, Reaching safepoint: 130600 ns, Cleanup: 39900 ns, At safepoint: 14100 ns, Total: 184600 ns
[2025-05-20T20:46:56.149+0300][23452][7544 ][debug][safepoint] ... found polling page loop exception at pc = 0x00000284d39920ed, stub =0x00000284d2a25d80
[2025-05-20T20:46:56.149+0300][23452][13688][debug][safepoint] ... found polling page loop exception at pc = 0x00000284d3afe5a3, stub =0x00000284d2a26600
[2025-05-20T20:46:57.155+0300][23452][15008][debug][safepoint] Safepoint synchronization initiated using striped semaphore wait barrier. (32 threads)
[2025-05-20T20:46:57.155+0300][23452][6368 ][debug][safepoint] ... found polling page loop exception at pc = 0x00000284d3708df0, stub =0x00000284d2a26600
[2025-05-20T20:46:57.155+0300][23452][15008][info ][safepoint] Safepoint "Cleanup", Time since last: 1964833700 ns, Reaching safepoint: 303200 ns, Cleanup: 79200 ns, At safepoint: 41200 ns, Total: 423600 ns
[2025-05-20T20:47:00.177+0300][23452][15008][debug][safepoint] Safepoint synchronization initiated using striped semaphore wait barrier. (32 threads)
[2025-05-20T20:47:00.177+0300][23452][7544 ][debug][safepoint] ... found polling page loop exception at pc = 0x00000284d3708df0, stub =0x00000284d2a26600
[2025-05-20T20:47:00.177+0300][23452][20976][debug][safepoint] ... found polling page loop exception at pc = 0x00000284d3708df0, stub =0x00000284d2a26600
[2025-05-20T20:47:00.177+0300][23452][15008][info ][safepoint] Safepoint "Cleanup", Time since last: 3021401000 ns, Reaching safepoint: 214600 ns, Cleanup: 16500 ns, At safepoint: 9100 ns, Total: 240200 ns
[2025-05-20T20:47:01.192+0300][23452][15008][debug][safepoint] Safepoint synchronization initiated using striped semaphore wait barrier. (32 threads)
[2025-05-20T20:47:01.192+0300][23452][15008][info ][safepoint] Safepoint "Cleanup", Time since last: 1014014600 ns, Reaching safepoint: 162400 ns, Cleanup: 51600 ns, At safepoint: 59400 ns, Total: 273400 ns
[2025-05-20T20:47:02.196+0300][23452][15008][debug][safepoint] Safepoint synchronization initiated using striped semaphore wait barrier. (32 threads)
[2025-05-20T20:47:02.196+0300][23452][15008][info ][safepoint] Safepoint "Cleanup", Time since last: 1003962100 ns, Reaching safepoint: 152900 ns, Cleanup: 15600 ns, At safepoint: 20800 ns, Total: 189300 ns
[2025-05-20T20:47:09.240+0300][23452][15008][debug][safepoint] Safepoint synchronization initiated using striped semaphore wait barrier. (32 threads)
[2025-05-20T20:47:09.240+0300][23452][20976][debug][safepoint] ... found polling page loop exception at pc = 0x00000284d3afe5a3, stub =0x00000284d2a26600
[2025-05-20T20:47:09.240+0300][23452][15008][info ][safepoint] Safepoint "Cleanup", Time since last: 7043949400 ns, Reaching safepoint: 158700 ns, Cleanup: 13600 ns, At safepoint: 37100 ns, Total: 209400 ns
[2025-05-20T20:47:12.272+0300][23452][15008][debug][safepoint] Safepoint synchronization initiated using striped semaphore wait barrier. (32 threads)
[2025-05-20T20:47:12.272+0300][23452][18884][debug][safepoint] ... found polling page loop exception at pc = 0x00000284d3569b80, stub =0x00000284d2a26600
[2025-05-20T20:47:12.272+0300][23452][15008][info ][safepoint] Safepoint "Cleanup", Time since last: 3031924200 ns, Reaching safepoint: 255900 ns, Cleanup: 22900 ns, At safepoint: 19800 ns, Total: 298600 ns
[2025-05-20T20:47:15.304+0300][23452][15008][debug][safepoint] Safepoint synchronization initiated using striped semaphore wait barrier. (32 threads)
[2025-05-20T20:47:15.304+0300][23452][20976][debug][safepoint] ... found polling page loop exception at pc = 0x00000284d355daad, stub =0x00000284d2a26600
[2025-05-20T20:47:15.304+0300][23452][15008][info ][safepoint] Safepoint "Cleanup", Time since last: 3031201400 ns, Reaching safepoint: 271600 ns, Cleanup: 35900 ns, At safepoint: 18800 ns, Total: 326300 ns
[2025-05-20T20:47:16.311+0300][23452][15008][debug][safepoint] Safepoint synchronization initiated using striped semaphore wait barrier. (32 threads)
[2025-05-20T20:47:16.311+0300][23452][15008][info ][safepoint] Safepoint "Cleanup", Time since last: 1007445500 ns, Reaching safepoint: 98800 ns, Cleanup: 32400 ns, At safepoint: 23400 ns, Total: 154600 ns
[2025-05-20T20:47:17.324+0300][23452][15008][debug][safepoint] Safepoint synchronization initiated using striped semaphore wait barrier. (32 threads)
[2025-05-20T20:47:17.324+0300][23452][17376][debug][safepoint] ... found polling page loop exception at pc = 0x00000284d370a02a, stub =0x00000284d2a26600
[2025-05-20T20:47:17.324+0300][23452][15008][info ][safepoint] Safepoint "Cleanup", Time since last: 1013055300 ns, Reaching safepoint: 288900 ns, Cleanup: 41400 ns, At safepoint: 13600 ns, Total: 343900 ns
[2025-05-20T20:47:19.339+0300][23452][15008][debug][safepoint] Safepoint synchronization initiated using striped semaphore wait barrier. (32 threads)
[2025-05-20T20:47:19.339+0300][23452][7544 ][debug][safepoint] ... found polling page loop exception at pc = 0x00000284d35697fa, stub =0x00000284d2a26600
[2025-05-20T20:47:19.339+0300][23452][15008][info ][safepoint] Safepoint "Cleanup", Time since last: 2014786300 ns, Reaching safepoint: 307400 ns, Cleanup: 32000 ns, At safepoint: 19300 ns, Total: 358700 ns
[2025-05-20T20:47:23.372+0300][23452][15008][debug][safepoint] Safepoint synchronization initiated using striped semaphore wait barrier. (32 threads)
[2025-05-20T20:47:23.372+0300][23452][15008][info ][safepoint] Safepoint "Cleanup", Time since last: 4032213900 ns, Reaching safepoint: 167100 ns, Cleanup: 35200 ns, At safepoint: 23100 ns, Total: 225400 ns
[2025-05-20T20:47:31.450+0300][23452][15008][debug][safepoint] Safepoint synchronization initiated using striped semaphore wait barrier. (32 threads)
[2025-05-20T20:47:31.450+0300][23452][988  ][debug][safepoint] ... found polling page loop exception at pc = 0x00000284d37b51a3, stub =0x00000284d2a26600
[2025-05-20T20:47:31.450+0300][23452][15008][info ][safepoint] Safepoint "Cleanup", Time since last: 8077716300 ns, Reaching safepoint: 184400 ns, Cleanup: 21800 ns, At safepoint: 13300 ns, Total: 219500 ns
[2025-05-20T20:47:33.469+0300][23452][15008][debug][safepoint] Safepoint synchronization initiated using striped semaphore wait barrier. (32 threads)
[2025-05-20T20:47:33.469+0300][23452][14880][debug][safepoint] ... found polling page loop exception at pc = 0x00000284d35699e8, stub =0x00000284d2a26600
[2025-05-20T20:47:33.469+0300][23452][15008][info ][safepoint] Safepoint "Cleanup", Time since last: 2018193200 ns, Reaching safepoint: 195500 ns, Cleanup: 11100 ns, At safepoint: 11200 ns, Total: 217800 ns
[2025-05-20T20:47:33.630+0300][23452][15008][debug][safepoint] Safepoint synchronization initiated using striped semaphore wait barrier. (32 threads)
[2025-05-20T20:47:33.631+0300][23452][4792 ][debug][safepoint] ... found polling page loop exception at pc = 0x00000284d33e076a, stub =0x00000284d2a25d80
[2025-05-20T20:47:33.631+0300][23452][16524][debug][safepoint] ... found polling page loop exception at pc = 0x00000284d365c506, stub =0x00000284d2a25d80
[2025-05-20T20:47:33.631+0300][23452][15008][debug][gc,heap  ] GC(8) Heap before GC invocations=8 (full 2):
[2025-05-20T20:47:33.631+0300][23452][15008][debug][gc,heap  ] GC(8)  garbage-first heap   total 4194304K, used 2529149K [0x0000000700000000, 0x0000000800000000)
[2025-05-20T20:47:33.631+0300][23452][15008][debug][gc,heap  ] GC(8)   region size 2048K, 1228 young (2514944K), 0 survivors (0K)
[2025-05-20T20:47:33.631+0300][23452][15008][debug][gc,heap  ] GC(8)  Metaspace       used 34341K, committed 35520K, reserved 1114112K
[2025-05-20T20:47:33.631+0300][23452][15008][debug][gc,heap  ] GC(8)   class space    used 2863K, committed 3328K, reserved 1048576K
[2025-05-20T20:47:33.635+0300][23452][15008][info ][gc,phases] GC(8)   Pre Evacuate Collection Set: 0.9ms
[2025-05-20T20:47:33.635+0300][23452][15008][debug][gc,phases] GC(8)     Pre Evacuate Prepare: 0.3ms
[2025-05-20T20:47:33.635+0300][23452][15008][debug][gc,phases] GC(8)       JT Retire TLABs And Flush Logs (ms): Min:  0.0, Avg:  0.0, Max:  0.0, Diff:  0.0, Sum:  0.0, Workers: 2
[2025-05-20T20:47:33.635+0300][23452][15008][debug][gc,phases] GC(8)       Non-JT Flush Logs (ms):        Min:  0.0, Avg:  0.0, Max:  0.0, Diff:  0.0, Sum:  0.0, Workers: 1
[2025-05-20T20:47:33.635+0300][23452][15008][debug][gc,phases] GC(8)     Choose Collection Set: 0.0ms
[2025-05-20T20:47:33.635+0300][23452][15008][debug][gc,phases] GC(8)     Region Register: 0.7ms
[2025-05-20T20:47:33.635+0300][23452][15008][debug][gc,phases] GC(8)     Prepare Heap Roots: 0.0ms
[2025-05-20T20:47:33.635+0300][23452][15008][info ][gc,phases] GC(8)   Merge Heap Roots: 0.5ms
[2025-05-20T20:47:33.635+0300][23452][15008][debug][gc,phases] GC(8)     Prepare Merge Heap Roots: 0.0ms
[2025-05-20T20:47:33.635+0300][23452][15008][debug][gc,phases] GC(8)     Remembered Sets (ms):          Min:  0.2, Avg:  0.2, Max:  0.2, Diff:  0.0, Sum:  1.5, Workers: 8
[2025-05-20T20:47:33.635+0300][23452][15008][debug][gc,phases] GC(8)       Eager Reclaim (ms):            skipped
[2025-05-20T20:47:33.635+0300][23452][15008][debug][gc,phases] GC(8)       Merged Inline                  Min: 0, Avg:  0.0, Max: 0, Diff: 0, Sum: 0, Workers: 8
[2025-05-20T20:47:33.635+0300][23452][15008][debug][gc,phases] GC(8)       Merged ArrayOfCards            Min: 0, Avg:  0.0, Max: 0, Diff: 0, Sum: 0, Workers: 8
[2025-05-20T20:47:33.635+0300][23452][15008][debug][gc,phases] GC(8)       Merged Howl                    Min: 0, Avg:  0.0, Max: 0, Diff: 0, Sum: 0, Workers: 8
[2025-05-20T20:47:33.635+0300][23452][15008][debug][gc,phases] GC(8)       Merged Full                    Min: 0, Avg:  0.0, Max: 0, Diff: 0, Sum: 0, Workers: 8
[2025-05-20T20:47:33.635+0300][23452][15008][debug][gc,phases] GC(8)       Merged Howl Inline             Min: 0, Avg:  0.0, Max: 0, Diff: 0, Sum: 0, Workers: 8
[2025-05-20T20:47:33.635+0300][23452][15008][debug][gc,phases] GC(8)       Merged Howl ArrayOfCards       Min: 0, Avg:  0.0, Max: 0, Diff: 0, Sum: 0, Workers: 8
[2025-05-20T20:47:33.635+0300][23452][15008][debug][gc,phases] GC(8)       Merged Howl BitMap             Min: 0, Avg:  0.0, Max: 0, Diff: 0, Sum: 0, Workers: 8
[2025-05-20T20:47:33.635+0300][23452][15008][debug][gc,phases] GC(8)       Merged Howl Full               Min: 0, Avg:  0.0, Max: 0, Diff: 0, Sum: 0, Workers: 8
[2025-05-20T20:47:33.635+0300][23452][15008][debug][gc,phases] GC(8)       Merged Cards                   Min: 8, Avg:  8.0, Max: 8, Diff: 0, Sum: 64, Workers: 8
[2025-05-20T20:47:33.635+0300][23452][15008][debug][gc,phases] GC(8)     Log Buffers (ms):              Min:  0.0, Avg:  0.0, Max:  0.0, Diff:  0.0, Sum:  0.1, Workers: 8
[2025-05-20T20:47:33.635+0300][23452][15008][debug][gc,phases] GC(8)       Dirty Cards:                   Min: 0, Avg: 71.4, Max: 301, Diff: 301, Sum: 571, Workers: 8
[2025-05-20T20:47:33.635+0300][23452][15008][debug][gc,phases] GC(8)       Skipped Cards:                 Min: 0, Avg:  0.0, Max: 0, Diff: 0, Sum: 0, Workers: 8
[2025-05-20T20:47:33.635+0300][23452][15008][info ][gc,phases] GC(8)   Evacuate Collection Set: 2.6ms
[2025-05-20T20:47:33.635+0300][23452][15008][debug][gc,phases] GC(8)     Ext Root Scanning (ms):        Min:  0.0, Avg:  0.2, Max:  0.5, Diff:  0.5, Sum:  2.0, Workers: 8
[2025-05-20T20:47:33.635+0300][23452][15008][debug][gc,phases] GC(8)     Scan Heap Roots (ms):          Min:  0.0, Avg:  0.2, Max:  0.4, Diff:  0.4, Sum:  1.6, Workers: 8
[2025-05-20T20:47:33.635+0300][23452][15008][debug][gc,phases] GC(8)       Scanned Cards:                 Min: 0, Avg: 71.4, Max: 183, Diff: 183, Sum: 571, Workers: 8
[2025-05-20T20:47:33.635+0300][23452][15008][debug][gc,phases] GC(8)       Scanned Blocks:                Min: 0, Avg: 40.9, Max: 95, Diff: 95, Sum: 327, Workers: 8
[2025-05-20T20:47:33.635+0300][23452][15008][debug][gc,phases] GC(8)       Claimed Chunks:                Min: 0, Avg: 19.9, Max: 46, Diff: 46, Sum: 159, Workers: 8
[2025-05-20T20:47:33.635+0300][23452][15008][debug][gc,phases] GC(8)       Found Roots:                   Min: 0, Avg: 258.9, Max: 924, Diff: 924, Sum: 2071, Workers: 8
[2025-05-20T20:47:33.635+0300][23452][15008][debug][gc,phases] GC(8)     Code Root Scan (ms):           Min:  0.1, Avg:  0.6, Max:  0.9, Diff:  0.7, Sum:  4.4, Workers: 8
[2025-05-20T20:47:33.635+0300][23452][15008][debug][gc,phases] GC(8)       Scanned Nmethods               Min: 0, Avg: 87.1, Max: 169, Diff: 169, Sum: 697, Workers: 8
[2025-05-20T20:47:33.635+0300][23452][15008][debug][gc,phases] GC(8)     Object Copy (ms):              Min:  0.4, Avg:  1.1, Max:  1.6, Diff:  1.2, Sum:  8.5, Workers: 8
[2025-05-20T20:47:33.635+0300][23452][15008][debug][gc,phases] GC(8)     Termination (ms):              Min:  0.0, Avg:  0.1, Max:  0.2, Diff:  0.2, Sum:  1.1, Workers: 8
[2025-05-20T20:47:33.635+0300][23452][15008][debug][gc,phases] GC(8)       Termination Attempts:          Min: 1, Avg:  1.0, Max: 1, Diff: 0, Sum: 8, Workers: 8
[2025-05-20T20:47:33.635+0300][23452][15008][debug][gc,phases] GC(8)     GC Worker Other (ms):          Min:  0.2, Avg:  0.2, Max:  0.2, Diff:  0.1, Sum:  1.5, Workers: 8
[2025-05-20T20:47:33.635+0300][23452][15008][debug][gc,phases] GC(8)     GC Worker Total (ms):          Min:  2.2, Avg:  2.4, Max:  2.5, Diff:  0.3, Sum: 19.2, Workers: 8
[2025-05-20T20:47:33.635+0300][23452][15008][info ][gc,phases] GC(8)   Post Evacuate Collection Set: 1.7ms
[2025-05-20T20:47:33.635+0300][23452][15008][debug][gc,phases] GC(8)     NMethod List Cleanup: 0.1ms
[2025-05-20T20:47:33.635+0300][23452][15008][debug][gc,phases] GC(8)     Reference Processing: 0.1ms
[2025-05-20T20:47:33.635+0300][23452][15008][debug][gc,phases] GC(8)     Weak Processing: 0.2ms
[2025-05-20T20:47:33.635+0300][23452][15008][debug][gc,phases] GC(8)       VM Weak                        Min:  0.0, Avg:  0.0, Max:  0.0, Diff:  0.0, Sum:  0.0, Workers: 8
[2025-05-20T20:47:33.635+0300][23452][15008][debug][gc,phases] GC(8)         Dead                           Min: 0, Avg:  0.0, Max: 0, Diff: 0, Sum: 0, Workers: 8
[2025-05-20T20:47:33.635+0300][23452][15008][debug][gc,phases] GC(8)         Total                          Min: 0, Avg: 49.2, Max: 337, Diff: 337, Sum: 394, Workers: 8
[2025-05-20T20:47:33.635+0300][23452][15008][debug][gc,phases] GC(8)       ObjectSynchronizer Weak        Min:  0.0, Avg:  0.0, Max:  0.0, Diff:  0.0, Sum:  0.0, Workers: 8
[2025-05-20T20:47:33.635+0300][23452][15008][debug][gc,phases] GC(8)         Dead                           Min: 0, Avg:  0.0, Max: 0, Diff: 0, Sum: 0, Workers: 8
[2025-05-20T20:47:33.635+0300][23452][15008][debug][gc,phases] GC(8)         Total                          Min: 0, Avg:  5.6, Max: 36, Diff: 36, Sum: 45, Workers: 8
[2025-05-20T20:47:33.635+0300][23452][15008][debug][gc,phases] GC(8)       JVMTI Tag Weak OopStorage      Min:  0.0, Avg:  0.0, Max:  0.0, Diff:  0.0, Sum:  0.0, Workers: 8
[2025-05-20T20:47:33.635+0300][23452][15008][debug][gc,phases] GC(8)         Dead                           Min: 0, Avg:  0.0, Max: 0, Diff: 0, Sum: 0, Workers: 8
[2025-05-20T20:47:33.635+0300][23452][15008][debug][gc,phases] GC(8)         Total                          Min: 0, Avg:  0.0, Max: 0, Diff: 0, Sum: 0, Workers: 8
[2025-05-20T20:47:33.635+0300][23452][15008][debug][gc,phases] GC(8)       StringTable Weak               Min:  0.1, Avg:  0.1, Max:  0.2, Diff:  0.1, Sum:  0.7, Workers: 8
[2025-05-20T20:47:33.635+0300][23452][15008][debug][gc,phases] GC(8)         Dead                           Min: 0, Avg: 37.5, Max: 164, Diff: 164, Sum: 300, Workers: 8
[2025-05-20T20:47:33.635+0300][23452][15008][debug][gc,phases] GC(8)         Total                          Min: 1792, Avg: 3490.9, Max: 7193, Diff: 5401, Sum: 27927, Workers: 8
[2025-05-20T20:47:33.635+0300][23452][15008][debug][gc,phases] GC(8)       ResolvedMethodTable Weak       Min:  0.0, Avg:  0.0, Max:  0.0, Diff:  0.0, Sum:  0.0, Workers: 8
[2025-05-20T20:47:33.635+0300][23452][15008][debug][gc,phases] GC(8)         Dead                           Min: 0, Avg:  0.0, Max: 0, Diff: 0, Sum: 0, Workers: 8
[2025-05-20T20:47:33.635+0300][23452][15008][debug][gc,phases] GC(8)         Total                          Min: 0, Avg: 218.5, Max: 448, Diff: 448, Sum: 1748, Workers: 8
[2025-05-20T20:47:33.635+0300][23452][15008][debug][gc,phases] GC(8)       JNI Weak                       Min:  0.0, Avg:  0.0, Max:  0.0, Diff:  0.0, Sum:  0.0, Workers: 8
[2025-05-20T20:47:33.635+0300][23452][15008][debug][gc,phases] GC(8)         Dead                           Min: 0, Avg:  0.0, Max: 0, Diff: 0, Sum: 0, Workers: 8
[2025-05-20T20:47:33.635+0300][23452][15008][debug][gc,phases] GC(8)         Total                          Min: 0, Avg:  0.0, Max: 0, Diff: 0, Sum: 0, Workers: 8
[2025-05-20T20:47:33.635+0300][23452][15008][debug][gc,phases] GC(8)       StringDedup Table Weak         Min:  0.0, Avg:  0.0, Max:  0.0, Diff:  0.0, Sum:  0.0, Workers: 8
[2025-05-20T20:47:33.635+0300][23452][15008][debug][gc,phases] GC(8)         Dead                           Min: 0, Avg:  0.0, Max: 0, Diff: 0, Sum: 0, Workers: 8
[2025-05-20T20:47:33.635+0300][23452][15008][debug][gc,phases] GC(8)         Total                          Min: 0, Avg:  0.0, Max: 0, Diff: 0, Sum: 0, Workers: 8
[2025-05-20T20:47:33.635+0300][23452][15008][debug][gc,phases] GC(8)       StringDedup Requests0 Weak     Min:  0.0, Avg:  0.0, Max:  0.0, Diff:  0.0, Sum:  0.0, Workers: 8
[2025-05-20T20:47:33.635+0300][23452][15008][debug][gc,phases] GC(8)         Dead                           Min: 0, Avg:  0.0, Max: 0, Diff: 0, Sum: 0, Workers: 8
[2025-05-20T20:47:33.635+0300][23452][15008][debug][gc,phases] GC(8)         Total                          Min: 0, Avg:  0.0, Max: 0, Diff: 0, Sum: 0, Workers: 8
[2025-05-20T20:47:33.635+0300][23452][15008][debug][gc,phases] GC(8)       StringDedup Requests1 Weak     Min:  0.0, Avg:  0.0, Max:  0.0, Diff:  0.0, Sum:  0.0, Workers: 8
[2025-05-20T20:47:33.635+0300][23452][15008][debug][gc,phases] GC(8)         Dead                           Min: 0, Avg:  0.0, Max: 0, Diff: 0, Sum: 0, Workers: 8
[2025-05-20T20:47:33.635+0300][23452][15008][debug][gc,phases] GC(8)         Total                          Min: 0, Avg:  0.0, Max: 0, Diff: 0, Sum: 0, Workers: 8
[2025-05-20T20:47:33.635+0300][23452][15008][debug][gc,phases] GC(8)       Weak JFR Old Object Samples    Min:  0.0, Avg:  0.0, Max:  0.0, Diff:  0.0, Sum:  0.0, Workers: 8
[2025-05-20T20:47:33.635+0300][23452][15008][debug][gc,phases] GC(8)         Dead                           Min: 0, Avg:  0.0, Max: 0, Diff: 0, Sum: 0, Workers: 8
[2025-05-20T20:47:33.635+0300][23452][15008][debug][gc,phases] GC(8)         Total                          Min: 0, Avg:  0.0, Max: 0, Diff: 0, Sum: 0, Workers: 8
[2025-05-20T20:47:33.635+0300][23452][15008][debug][gc,phases] GC(8)     Post Evacuate Cleanup 1: 0.6ms
[2025-05-20T20:47:33.635+0300][23452][15008][debug][gc,phases] GC(8)       Merge Per-Thread State (ms):   Min:  0.0, Avg:  0.0, Max:  0.0, Diff:  0.0, Sum:  0.0, Workers: 1
[2025-05-20T20:47:33.635+0300][23452][15008][debug][gc,phases] GC(8)         Copied Bytes                   Min: 75696, Avg: 297690.0, Max: 699264, Diff: 623568, Sum: 2381520, Workers: 8
[2025-05-20T20:47:33.635+0300][23452][15008][debug][gc,phases] GC(8)         LAB Waste                      Min: 0, Avg: 403.0, Max: 2944, Diff: 2944, Sum: 3224, Workers: 8
[2025-05-20T20:47:33.635+0300][23452][15008][debug][gc,phases] GC(8)         LAB Undo Waste                 Min: 0, Avg:  0.0, Max: 0, Diff: 0, Sum: 0, Workers: 8
[2025-05-20T20:47:33.635+0300][23452][15008][debug][gc,phases] GC(8)       Clear Logged Cards (ms):       Min:  0.0, Avg:  0.2, Max:  0.4, Diff:  0.4, Sum:  1.5, Workers: 7
[2025-05-20T20:47:33.635+0300][23452][15008][debug][gc,phases] GC(8)       Recalculate Used Memory (ms):  Min:  0.0, Avg:  0.0, Max:  0.0, Diff:  0.0, Sum:  0.0, Workers: 1
[2025-05-20T20:47:33.635+0300][23452][15008][debug][gc,phases] GC(8)     Post Evacuate Cleanup 2: 0.5ms
[2025-05-20T20:47:33.635+0300][23452][15008][debug][gc,phases] GC(8)       Update Derived Pointers (ms):  Min:  0.0, Avg:  0.0, Max:  0.0, Diff:  0.0, Sum:  0.0, Workers: 1
[2025-05-20T20:47:33.635+0300][23452][15008][debug][gc,phases] GC(8)       Eagerly Reclaim Humongous Objects (ms): skipped
[2025-05-20T20:47:33.635+0300][23452][15008][debug][gc,phases] GC(8)         Humongous Total                skipped
[2025-05-20T20:47:33.635+0300][23452][15008][debug][gc,phases] GC(8)         Humongous Candidates           skipped
[2025-05-20T20:47:33.635+0300][23452][15008][debug][gc,phases] GC(8)         Humongous Reclaimed            skipped
[2025-05-20T20:47:33.635+0300][23452][15008][debug][gc,phases] GC(8)       Redirty Logged Cards (ms):     Min:  0.0, Avg:  0.0, Max:  0.0, Diff:  0.0, Sum:  0.0, Workers: 8
[2025-05-20T20:47:33.635+0300][23452][15008][debug][gc,phases] GC(8)         Redirtied Cards:               Min: 0, Avg: 45.8, Max: 235, Diff: 235, Sum: 366, Workers: 8
[2025-05-20T20:47:33.635+0300][23452][15008][debug][gc,phases] GC(8)       Resize TLABs (ms):             Min:  0.0, Avg:  0.0, Max:  0.0, Diff:  0.0, Sum:  0.0, Workers: 8
[2025-05-20T20:47:33.635+0300][23452][15008][debug][gc,phases] GC(8)       Free Collection Set (ms):      Min:  0.2, Avg:  0.3, Max:  0.3, Diff:  0.1, Sum:  2.3, Workers: 8
[2025-05-20T20:47:33.635+0300][23452][15008][debug][gc,phases] GC(8)     Rebuild Free List: 0.1ms
[2025-05-20T20:47:33.635+0300][23452][15008][debug][gc,phases] GC(8)     Prepare For Mutator: 0.0ms
[2025-05-20T20:47:33.635+0300][23452][15008][debug][gc,phases] GC(8)     Expand Heap After Collection: 0.0ms
[2025-05-20T20:47:33.635+0300][23452][15008][info ][gc,phases] GC(8)   Other: 0.2ms
[2025-05-20T20:47:33.635+0300][23452][15008][info ][gc,heap  ] GC(8) Eden regions: 1228->0(1226)
[2025-05-20T20:47:33.635+0300][23452][15008][info ][gc,heap  ] GC(8) Survivor regions: 0->2(154)
[2025-05-20T20:47:33.635+0300][23452][15008][info ][gc,heap  ] GC(8) Old regions: 11->11
[2025-05-20T20:47:33.635+0300][23452][15008][info ][gc,heap  ] GC(8) Humongous regions: 0->0
[2025-05-20T20:47:33.635+0300][23452][15008][debug][gc,heap  ] GC(8) Heap after GC invocations=9 (full 2):
[2025-05-20T20:47:33.635+0300][23452][15008][debug][gc,heap  ] GC(8)  garbage-first heap   total 4194304K, used 17321K [0x0000000700000000, 0x0000000800000000)
[2025-05-20T20:47:33.635+0300][23452][15008][debug][gc,heap  ] GC(8)   region size 2048K, 2 young (4096K), 2 survivors (4096K)
[2025-05-20T20:47:33.635+0300][23452][15008][debug][gc,heap  ] GC(8)  Metaspace       used 34341K, committed 35520K, reserved 1114112K
[2025-05-20T20:47:33.635+0300][23452][15008][debug][gc,heap  ] GC(8)   class space    used 2863K, committed 3328K, reserved 1048576K
[2025-05-20T20:47:33.635+0300][23452][15008][info ][gc       ] GC(8) Pause Young (Normal) (G1 Evacuation Pause) 2469M->16M(4096M) 7.451ms
[2025-05-20T20:47:33.635+0300][23452][15008][info ][safepoint] Safepoint "G1CollectForAllocation", Time since last: 161582000 ns, Reaching safepoint: 439400 ns, Cleanup: 9100 ns, At safepoint: 7511300 ns, Total: 7959800 ns
[2025-05-20T20:47:50.795+0300][23452][15008][debug][safepoint] Safepoint synchronization initiated using striped semaphore wait barrier. (32 threads)
[2025-05-20T20:47:50.795+0300][23452][15008][info ][safepoint] Safepoint "Cleanup", Time since last: 17157107500 ns, Reaching safepoint: 162000 ns, Cleanup: 30600 ns, At safepoint: 13600 ns, Total: 206200 ns
[2025-05-20T20:48:03.433+0300][23452][15008][debug][safepoint] Safepoint synchronization initiated using striped semaphore wait barrier. (32 threads)
[2025-05-20T20:48:03.433+0300][23452][14880][debug][safepoint] ... found polling page loop exception at pc = 0x00000284d36aa0ce, stub =0x00000284d2a26600
[2025-05-20T20:48:03.433+0300][23452][15008][info ][safepoint] Safepoint "Cleanup", Time since last: 12637544100 ns, Reaching safepoint: 145400 ns, Cleanup: 16000 ns, At safepoint: 9800 ns, Total: 171200 ns
[2025-05-20T20:48:05.453+0300][23452][15008][debug][safepoint] Safepoint synchronization initiated using striped semaphore wait barrier. (32 threads)
[2025-05-20T20:48:05.453+0300][23452][15008][info ][safepoint] Safepoint "Cleanup", Time since last: 2020043900 ns, Reaching safepoint: 159600 ns, Cleanup: 35200 ns, At safepoint: 37700 ns, Total: 232500 ns
[2025-05-20T20:48:14.536+0300][23452][15008][debug][safepoint] Safepoint synchronization initiated using striped semaphore wait barrier. (32 threads)
[2025-05-20T20:48:14.536+0300][23452][15008][info ][safepoint] Safepoint "Cleanup", Time since last: 9081967800 ns, Reaching safepoint: 126100 ns, Cleanup: 20300 ns, At safepoint: 6900 ns, Total: 153300 ns
[2025-05-20T20:48:49.823+0300][23452][15008][debug][safepoint] Safepoint synchronization initiated using striped semaphore wait barrier. (32 threads)
[2025-05-20T20:48:49.823+0300][23452][15008][info ][safepoint] Safepoint "Cleanup", Time since last: 35287009600 ns, Reaching safepoint: 129300 ns, Cleanup: 25700 ns, At safepoint: 18400 ns, Total: 173400 ns
[2025-05-20T20:48:56.543+0300][23452][3452 ][debug][safepoint] ... found polling page loop exception at pc = 0x00000284d3755207, stub =0x00000284d2a26600
[2025-05-20T20:48:58.478+0300][23452][15008][debug][safepoint] Safepoint synchronization initiated using striped semaphore wait barrier. (32 threads)
[2025-05-20T20:48:58.478+0300][23452][18884][debug][safepoint] ... found polling page loop exception at pc = 0x00000284d362dea5, stub =0x00000284d2a26600
[2025-05-20T20:48:58.478+0300][23452][15008][debug][gc,heap  ] GC(9) Heap before GC invocations=9 (full 2):
[2025-05-20T20:48:58.478+0300][23452][15008][debug][gc,heap  ] GC(9)  garbage-first heap   total 4194304K, used 2526121K [0x0000000700000000, 0x0000000800000000)
[2025-05-20T20:48:58.478+0300][23452][15008][debug][gc,heap  ] GC(9)   region size 2048K, 1228 young (2514944K), 2 survivors (4096K)
[2025-05-20T20:48:58.478+0300][23452][15008][debug][gc,heap  ] GC(9)  Metaspace       used 34365K, committed 35520K, reserved 1114112K
[2025-05-20T20:48:58.478+0300][23452][15008][debug][gc,heap  ] GC(9)   class space    used 2864K, committed 3328K, reserved 1048576K
[2025-05-20T20:48:58.478+0300][23452][15008][info ][gc,phases] GC(9)   Pre Evacuate Collection Set: 0.5ms
[2025-05-20T20:48:58.478+0300][23452][15008][debug][gc,phases] GC(9)     Pre Evacuate Prepare: 0.2ms
[2025-05-20T20:48:58.478+0300][23452][15008][debug][gc,phases] GC(9)       JT Retire TLABs And Flush Logs (ms): Min:  0.0, Avg:  0.0, Max:  0.0, Diff:  0.0, Sum:  0.0, Workers: 2
[2025-05-20T20:48:58.478+0300][23452][15008][debug][gc,phases] GC(9)       Non-JT Flush Logs (ms):        Min:  0.0, Avg:  0.0, Max:  0.0, Diff:  0.0, Sum:  0.0, Workers: 1
[2025-05-20T20:48:58.478+0300][23452][15008][debug][gc,phases] GC(9)     Choose Collection Set: 0.0ms
[2025-05-20T20:48:58.478+0300][23452][15008][debug][gc,phases] GC(9)     Region Register: 0.3ms
[2025-05-20T20:48:58.478+0300][23452][15008][debug][gc,phases] GC(9)     Prepare Heap Roots: 0.0ms
[2025-05-20T20:48:58.478+0300][23452][15008][info ][gc,phases] GC(9)   Merge Heap Roots: 0.3ms
[2025-05-20T20:48:58.478+0300][23452][15008][debug][gc,phases] GC(9)     Prepare Merge Heap Roots: 0.0ms
[2025-05-20T20:48:58.478+0300][23452][15008][debug][gc,phases] GC(9)     Remembered Sets (ms):          Min:  0.1, Avg:  0.1, Max:  0.1, Diff:  0.0, Sum:  1.0, Workers: 8
[2025-05-20T20:48:58.478+0300][23452][15008][debug][gc,phases] GC(9)       Eager Reclaim (ms):            skipped
[2025-05-20T20:48:58.478+0300][23452][15008][debug][gc,phases] GC(9)       Merged Inline                  Min: 0, Avg:  0.0, Max: 0, Diff: 0, Sum: 0, Workers: 8
[2025-05-20T20:48:58.478+0300][23452][15008][debug][gc,phases] GC(9)       Merged ArrayOfCards            Min: 0, Avg:  0.0, Max: 0, Diff: 0, Sum: 0, Workers: 8
[2025-05-20T20:48:58.478+0300][23452][15008][debug][gc,phases] GC(9)       Merged Howl                    Min: 0, Avg:  0.0, Max: 0, Diff: 0, Sum: 0, Workers: 8
[2025-05-20T20:48:58.478+0300][23452][15008][debug][gc,phases] GC(9)       Merged Full                    Min: 0, Avg:  0.0, Max: 0, Diff: 0, Sum: 0, Workers: 8
[2025-05-20T20:48:58.478+0300][23452][15008][debug][gc,phases] GC(9)       Merged Howl Inline             Min: 0, Avg:  0.0, Max: 0, Diff: 0, Sum: 0, Workers: 8
[2025-05-20T20:48:58.478+0300][23452][15008][debug][gc,phases] GC(9)       Merged Howl ArrayOfCards       Min: 0, Avg:  0.0, Max: 0, Diff: 0, Sum: 0, Workers: 8
[2025-05-20T20:48:58.478+0300][23452][15008][debug][gc,phases] GC(9)       Merged Howl BitMap             Min: 0, Avg:  0.0, Max: 0, Diff: 0, Sum: 0, Workers: 8
[2025-05-20T20:48:58.478+0300][23452][15008][debug][gc,phases] GC(9)       Merged Howl Full               Min: 0, Avg:  0.0, Max: 0, Diff: 0, Sum: 0, Workers: 8
[2025-05-20T20:48:58.478+0300][23452][15008][debug][gc,phases] GC(9)       Merged Cards                   Min: 8, Avg:  8.0, Max: 8, Diff: 0, Sum: 64, Workers: 8
[2025-05-20T20:48:58.478+0300][23452][15008][debug][gc,phases] GC(9)     Log Buffers (ms):              Min:  0.0, Avg:  0.0, Max:  0.0, Diff:  0.0, Sum:  0.0, Workers: 8
[2025-05-20T20:48:58.478+0300][23452][15008][debug][gc,phases] GC(9)       Dirty Cards:                   Min: 0, Avg: 63.5, Max: 343, Diff: 343, Sum: 508, Workers: 8
[2025-05-20T20:48:58.478+0300][23452][15008][debug][gc,phases] GC(9)       Skipped Cards:                 Min: 0, Avg:  0.0, Max: 0, Diff: 0, Sum: 0, Workers: 8
[2025-05-20T20:48:58.478+0300][23452][15008][info ][gc,phases] GC(9)   Evacuate Collection Set: 1.6ms
[2025-05-20T20:48:58.478+0300][23452][15008][debug][gc,phases] GC(9)     Ext Root Scanning (ms):        Min:  0.1, Avg:  0.1, Max:  0.2, Diff:  0.2, Sum:  0.9, Workers: 8
[2025-05-20T20:48:58.478+0300][23452][15008][debug][gc,phases] GC(9)     Scan Heap Roots (ms):          Min:  0.0, Avg:  0.1, Max:  0.2, Diff:  0.2, Sum:  0.8, Workers: 8
[2025-05-20T20:48:58.478+0300][23452][15008][debug][gc,phases] GC(9)       Scanned Cards:                 Min: 0, Avg: 60.8, Max: 129, Diff: 129, Sum: 486, Workers: 8
[2025-05-20T20:48:58.478+0300][23452][15008][debug][gc,phases] GC(9)       Scanned Blocks:                Min: 0, Avg: 35.1, Max: 76, Diff: 76, Sum: 281, Workers: 8
[2025-05-20T20:48:58.478+0300][23452][15008][debug][gc,phases] GC(9)       Claimed Chunks:                Min: 0, Avg: 17.5, Max: 35, Diff: 35, Sum: 140, Workers: 8
[2025-05-20T20:48:58.478+0300][23452][15008][debug][gc,phases] GC(9)       Found Roots:                   Min: 0, Avg: 267.2, Max: 905, Diff: 905, Sum: 2138, Workers: 8
[2025-05-20T20:48:58.478+0300][23452][15008][debug][gc,phases] GC(9)     Code Root Scan (ms):           Min:  0.1, Avg:  0.6, Max:  0.9, Diff:  0.7, Sum:  4.4, Workers: 8
[2025-05-20T20:48:58.478+0300][23452][15008][debug][gc,phases] GC(9)       Scanned Nmethods               Min: 0, Avg: 49.9, Max: 104, Diff: 104, Sum: 399, Workers: 8
[2025-05-20T20:48:58.478+0300][23452][15008][debug][gc,phases] GC(9)     Object Copy (ms):              Min:  0.3, Avg:  0.6, Max:  1.0, Diff:  0.8, Sum:  4.6, Workers: 8
[2025-05-20T20:48:58.478+0300][23452][15008][debug][gc,phases] GC(9)     Termination (ms):              Min:  0.0, Avg:  0.0, Max:  0.0, Diff:  0.0, Sum:  0.1, Workers: 8
[2025-05-20T20:48:58.478+0300][23452][15008][debug][gc,phases] GC(9)       Termination Attempts:          Min: 1, Avg:  1.0, Max: 1, Diff: 0, Sum: 8, Workers: 8
[2025-05-20T20:48:58.478+0300][23452][15008][debug][gc,phases] GC(9)     GC Worker Other (ms):          Min:  0.1, Avg:  0.1, Max:  0.2, Diff:  0.0, Sum:  1.2, Workers: 8
[2025-05-20T20:48:58.478+0300][23452][15008][debug][gc,phases] GC(9)     GC Worker Total (ms):          Min:  1.5, Avg:  1.5, Max:  1.5, Diff:  0.0, Sum: 12.0, Workers: 8
[2025-05-20T20:48:58.478+0300][23452][15008][info ][gc,phases] GC(9)   Post Evacuate Collection Set: 1.5ms
[2025-05-20T20:48:58.478+0300][23452][15008][debug][gc,phases] GC(9)     NMethod List Cleanup: 0.1ms
[2025-05-20T20:48:58.478+0300][23452][15008][debug][gc,phases] GC(9)     Reference Processing: 0.1ms
[2025-05-20T20:48:58.478+0300][23452][15008][debug][gc,phases] GC(9)     Weak Processing: 0.2ms
[2025-05-20T20:48:58.478+0300][23452][15008][debug][gc,phases] GC(9)       VM Weak                        Min:  0.0, Avg:  0.0, Max:  0.0, Diff:  0.0, Sum:  0.0, Workers: 8
[2025-05-20T20:48:58.478+0300][23452][15008][debug][gc,phases] GC(9)         Dead                           Min: 0, Avg:  0.0, Max: 0, Diff: 0, Sum: 0, Workers: 8
[2025-05-20T20:48:58.478+0300][23452][15008][debug][gc,phases] GC(9)         Total                          Min: 0, Avg: 49.2, Max: 258, Diff: 258, Sum: 394, Workers: 8
[2025-05-20T20:48:58.478+0300][23452][15008][debug][gc,phases] GC(9)       ObjectSynchronizer Weak        Min:  0.0, Avg:  0.0, Max:  0.0, Diff:  0.0, Sum:  0.0, Workers: 8
[2025-05-20T20:48:58.478+0300][23452][15008][debug][gc,phases] GC(9)         Dead                           Min: 0, Avg:  0.0, Max: 0, Diff: 0, Sum: 0, Workers: 8
[2025-05-20T20:48:58.478+0300][23452][15008][debug][gc,phases] GC(9)         Total                          Min: 0, Avg:  2.2, Max: 18, Diff: 18, Sum: 18, Workers: 8
[2025-05-20T20:48:58.478+0300][23452][15008][debug][gc,phases] GC(9)       JVMTI Tag Weak OopStorage      Min:  0.0, Avg:  0.0, Max:  0.0, Diff:  0.0, Sum:  0.0, Workers: 8
[2025-05-20T20:48:58.478+0300][23452][15008][debug][gc,phases] GC(9)         Dead                           Min: 0, Avg:  0.0, Max: 0, Diff: 0, Sum: 0, Workers: 8
[2025-05-20T20:48:58.478+0300][23452][15008][debug][gc,phases] GC(9)         Total                          Min: 0, Avg:  0.0, Max: 0, Diff: 0, Sum: 0, Workers: 8
[2025-05-20T20:48:58.478+0300][23452][15008][debug][gc,phases] GC(9)       StringTable Weak               Min:  0.0, Avg:  0.1, Max:  0.1, Diff:  0.1, Sum:  0.5, Workers: 8
[2025-05-20T20:48:58.478+0300][23452][15008][debug][gc,phases] GC(9)         Dead                           Min: 0, Avg:  0.0, Max: 0, Diff: 0, Sum: 0, Workers: 8
[2025-05-20T20:48:58.478+0300][23452][15008][debug][gc,phases] GC(9)         Total                          Min: 2176, Avg: 3492.5, Max: 6912, Diff: 4736, Sum: 27940, Workers: 8
[2025-05-20T20:48:58.478+0300][23452][15008][debug][gc,phases] GC(9)       ResolvedMethodTable Weak       Min:  0.0, Avg:  0.0, Max:  0.0, Diff:  0.0, Sum:  0.0, Workers: 8
[2025-05-20T20:48:58.478+0300][23452][15008][debug][gc,phases] GC(9)         Dead                           Min: 0, Avg:  0.0, Max: 0, Diff: 0, Sum: 0, Workers: 8
[2025-05-20T20:48:58.478+0300][23452][15008][debug][gc,phases] GC(9)         Total                          Min: 128, Avg: 218.5, Max: 276, Diff: 148, Sum: 1748, Workers: 8
[2025-05-20T20:48:58.478+0300][23452][15008][debug][gc,phases] GC(9)       JNI Weak                       Min:  0.0, Avg:  0.0, Max:  0.0, Diff:  0.0, Sum:  0.0, Workers: 8
[2025-05-20T20:48:58.478+0300][23452][15008][debug][gc,phases] GC(9)         Dead                           Min: 0, Avg:  0.0, Max: 0, Diff: 0, Sum: 0, Workers: 8
[2025-05-20T20:48:58.478+0300][23452][15008][debug][gc,phases] GC(9)         Total                          Min: 0, Avg:  0.0, Max: 0, Diff: 0, Sum: 0, Workers: 8
[2025-05-20T20:48:58.478+0300][23452][15008][debug][gc,phases] GC(9)       StringDedup Table Weak         Min:  0.0, Avg:  0.0, Max:  0.0, Diff:  0.0, Sum:  0.0, Workers: 8
[2025-05-20T20:48:58.478+0300][23452][15008][debug][gc,phases] GC(9)         Dead                           Min: 0, Avg:  0.0, Max: 0, Diff: 0, Sum: 0, Workers: 8
[2025-05-20T20:48:58.478+0300][23452][15008][debug][gc,phases] GC(9)         Total                          Min: 0, Avg:  0.0, Max: 0, Diff: 0, Sum: 0, Workers: 8
[2025-05-20T20:48:58.478+0300][23452][15008][debug][gc,phases] GC(9)       StringDedup Requests0 Weak     Min:  0.0, Avg:  0.0, Max:  0.0, Diff:  0.0, Sum:  0.0, Workers: 8
[2025-05-20T20:48:58.478+0300][23452][15008][debug][gc,phases] GC(9)         Dead                           Min: 0, Avg:  0.0, Max: 0, Diff: 0, Sum: 0, Workers: 8
[2025-05-20T20:48:58.478+0300][23452][15008][debug][gc,phases] GC(9)         Total                          Min: 0, Avg:  0.0, Max: 0, Diff: 0, Sum: 0, Workers: 8
[2025-05-20T20:48:58.478+0300][23452][15008][debug][gc,phases] GC(9)       StringDedup Requests1 Weak     Min:  0.0, Avg:  0.0, Max:  0.0, Diff:  0.0, Sum:  0.0, Workers: 8
[2025-05-20T20:48:58.478+0300][23452][15008][debug][gc,phases] GC(9)         Dead                           Min: 0, Avg:  0.0, Max: 0, Diff: 0, Sum: 0, Workers: 8
[2025-05-20T20:48:58.478+0300][23452][15008][debug][gc,phases] GC(9)         Total                          Min: 0, Avg:  0.0, Max: 0, Diff: 0, Sum: 0, Workers: 8
[2025-05-20T20:48:58.478+0300][23452][15008][debug][gc,phases] GC(9)       Weak JFR Old Object Samples    Min:  0.0, Avg:  0.0, Max:  0.0, Diff:  0.0, Sum:  0.0, Workers: 8
[2025-05-20T20:48:58.478+0300][23452][15008][debug][gc,phases] GC(9)         Dead                           Min: 0, Avg:  0.0, Max: 0, Diff: 0, Sum: 0, Workers: 8
[2025-05-20T20:48:58.478+0300][23452][15008][debug][gc,phases] GC(9)         Total                          Min: 0, Avg:  0.0, Max: 0, Diff: 0, Sum: 0, Workers: 8
[2025-05-20T20:48:58.478+0300][23452][15008][debug][gc,phases] GC(9)     Post Evacuate Cleanup 1: 0.6ms
[2025-05-20T20:48:58.478+0300][23452][15008][debug][gc,phases] GC(9)       Merge Per-Thread State (ms):   Min:  0.1, Avg:  0.1, Max:  0.1, Diff:  0.0, Sum:  0.1, Workers: 1
[2025-05-20T20:48:58.478+0300][23452][15008][debug][gc,phases] GC(9)         Copied Bytes                   Min: 63968, Avg: 289399.0, Max: 1036208, Diff: 972240, Sum: 2315192, Workers: 8
[2025-05-20T20:48:58.478+0300][23452][15008][debug][gc,phases] GC(9)         LAB Waste                      Min: 24, Avg: 345.0, Max: 1488, Diff: 1464, Sum: 2760, Workers: 8
[2025-05-20T20:48:58.478+0300][23452][15008][debug][gc,phases] GC(9)         LAB Undo Waste                 Min: 0, Avg:  0.0, Max: 0, Diff: 0, Sum: 0, Workers: 8
[2025-05-20T20:48:58.478+0300][23452][15008][debug][gc,phases] GC(9)       Clear Logged Cards (ms):       Min:  0.0, Avg:  0.2, Max:  0.4, Diff:  0.4, Sum:  1.5, Workers: 7
[2025-05-20T20:48:58.478+0300][23452][15008][debug][gc,phases] GC(9)       Recalculate Used Memory (ms):  Min:  0.0, Avg:  0.0, Max:  0.0, Diff:  0.0, Sum:  0.0, Workers: 1
[2025-05-20T20:48:58.478+0300][23452][15008][debug][gc,phases] GC(9)     Post Evacuate Cleanup 2: 0.4ms
[2025-05-20T20:48:58.478+0300][23452][15008][debug][gc,phases] GC(9)       Update Derived Pointers (ms):  Min:  0.0, Avg:  0.0, Max:  0.0, Diff:  0.0, Sum:  0.0, Workers: 1
[2025-05-20T20:48:58.478+0300][23452][15008][debug][gc,phases] GC(9)       Eagerly Reclaim Humongous Objects (ms): skipped
[2025-05-20T20:48:58.478+0300][23452][15008][debug][gc,phases] GC(9)         Humongous Total                skipped
[2025-05-20T20:48:58.478+0300][23452][15008][debug][gc,phases] GC(9)         Humongous Candidates           skipped
[2025-05-20T20:48:58.478+0300][23452][15008][debug][gc,phases] GC(9)         Humongous Reclaimed            skipped
[2025-05-20T20:48:58.478+0300][23452][15008][debug][gc,phases] GC(9)       Redirty Logged Cards (ms):     Min:  0.0, Avg:  0.0, Max:  0.0, Diff:  0.0, Sum:  0.0, Workers: 8
[2025-05-20T20:48:58.478+0300][23452][15008][debug][gc,phases] GC(9)         Redirtied Cards:               Min: 0, Avg: 43.4, Max: 220, Diff: 220, Sum: 347, Workers: 8
[2025-05-20T20:48:58.478+0300][23452][15008][debug][gc,phases] GC(9)       Resize TLABs (ms):             Min:  0.0, Avg:  0.0, Max:  0.0, Diff:  0.0, Sum:  0.0, Workers: 8
[2025-05-20T20:48:58.478+0300][23452][15008][debug][gc,phases] GC(9)       Free Collection Set (ms):      Min:  0.2, Avg:  0.3, Max:  0.3, Diff:  0.1, Sum:  2.0, Workers: 8
[2025-05-20T20:48:58.478+0300][23452][15008][debug][gc,phases] GC(9)     Rebuild Free List: 0.2ms
[2025-05-20T20:48:58.478+0300][23452][15008][debug][gc,phases] GC(9)     Prepare For Mutator: 0.0ms
[2025-05-20T20:48:58.478+0300][23452][15008][debug][gc,phases] GC(9)     Expand Heap After Collection: 0.0ms
[2025-05-20T20:48:58.478+0300][23452][15008][info ][gc,phases] GC(9)   Other: 0.1ms
[2025-05-20T20:48:58.478+0300][23452][15008][info ][gc,heap  ] GC(9) Eden regions: 1226->0(1226)
[2025-05-20T20:48:58.478+0300][23452][15008][info ][gc,heap  ] GC(9) Survivor regions: 2->2(154)
[2025-05-20T20:48:58.478+0300][23452][15008][info ][gc,heap  ] GC(9) Old regions: 11->11
[2025-05-20T20:48:58.478+0300][23452][15008][info ][gc,heap  ] GC(9) Humongous regions: 0->0
[2025-05-20T20:48:58.478+0300][23452][15008][debug][gc,heap  ] GC(9) Heap after GC invocations=10 (full 2):
[2025-05-20T20:48:58.478+0300][23452][15008][debug][gc,heap  ] GC(9)  garbage-first heap   total 4194304K, used 16634K [0x0000000700000000, 0x0000000800000000)
[2025-05-20T20:48:58.478+0300][23452][15008][debug][gc,heap  ] GC(9)   region size 2048K, 2 young (4096K), 2 survivors (4096K)
[2025-05-20T20:48:58.478+0300][23452][15008][debug][gc,heap  ] GC(9)  Metaspace       used 34365K, committed 35520K, reserved 1114112K
[2025-05-20T20:48:58.478+0300][23452][15008][debug][gc,heap  ] GC(9)   class space    used 2864K, committed 3328K, reserved 1048576K
[2025-05-20T20:48:58.478+0300][23452][15008][info ][gc       ] GC(9) Pause Young (Normal) (G1 Evacuation Pause) 2468M->16M(4096M) 5.691ms
[2025-05-20T20:48:58.478+0300][23452][15008][info ][safepoint] Safepoint "G1CollectForAllocation", Time since last: 8655751700 ns, Reaching safepoint: 188900 ns, Cleanup: 16700 ns, At safepoint: 5730500 ns, Total: 5936100 ns
[2025-05-20T20:49:01.486+0300][23452][15008][debug][safepoint] Safepoint synchronization initiated using striped semaphore wait barrier. (32 threads)
[2025-05-20T20:49:01.486+0300][23452][15008][info ][safepoint] Safepoint "Cleanup", Time since last: 3000918500 ns, Reaching safepoint: 153800 ns, Cleanup: 32900 ns, At safepoint: 55000 ns, Total: 241700 ns
[2025-05-20T20:49:14.943+0300][23452][15008][debug][safepoint] Safepoint synchronization initiated using striped semaphore wait barrier. (24 threads)
[2025-05-20T20:49:14.943+0300][23452][15008][debug][gc,heap  ] GC(10) Heap before GC invocations=10 (full 2):
[2025-05-20T20:49:14.943+0300][23452][15008][debug][gc,heap  ] GC(10)  garbage-first heap   total 4194304K, used 504058K [0x0000000700000000, 0x0000000800000000)
[2025-05-20T20:49:14.943+0300][23452][15008][debug][gc,heap  ] GC(10)   region size 2048K, 242 young (495616K), 2 survivors (4096K)
[2025-05-20T20:49:14.943+0300][23452][15008][debug][gc,heap  ] GC(10)  Metaspace       used 34380K, committed 35520K, reserved 1114112K
[2025-05-20T20:49:14.943+0300][23452][15008][debug][gc,heap  ] GC(10)   class space    used 2865K, committed 3328K, reserved 1048576K
[2025-05-20T20:49:14.947+0300][23452][15008][debug][gc,phases] GC(10) Phase 1: Reference Processing 0.272ms
[2025-05-20T20:49:14.947+0300][23452][15008][debug][gc,phases] GC(10)   VM Weak                        Min:  0.0, Avg:  0.0, Max:  0.0, Diff:  0.0, Sum:  0.0, Workers: 8
[2025-05-20T20:49:14.947+0300][23452][15008][debug][gc,phases] GC(10)     Dead                           Min: 0, Avg:  5.8, Max: 28, Diff: 28, Sum: 46, Workers: 8
[2025-05-20T20:49:14.947+0300][23452][15008][debug][gc,phases] GC(10)     Total                          Min: 0, Avg: 49.4, Max: 345, Diff: 345, Sum: 395, Workers: 8
[2025-05-20T20:49:14.947+0300][23452][15008][debug][gc,phases] GC(10)   ObjectSynchronizer Weak        Min:  0.0, Avg:  0.0, Max:  0.0, Diff:  0.0, Sum:  0.0, Workers: 8
[2025-05-20T20:49:14.947+0300][23452][15008][debug][gc,phases] GC(10)     Dead                           Min: 0, Avg:  3.9, Max: 31, Diff: 31, Sum: 31, Workers: 8
[2025-05-20T20:49:14.947+0300][23452][15008][debug][gc,phases] GC(10)     Total                          Min: 0, Avg:  5.9, Max: 47, Diff: 47, Sum: 47, Workers: 8
[2025-05-20T20:49:14.947+0300][23452][15008][debug][gc,phases] GC(10)   JVMTI Tag Weak OopStorage      Min:  0.0, Avg:  0.0, Max:  0.0, Diff:  0.0, Sum:  0.0, Workers: 8
[2025-05-20T20:49:14.947+0300][23452][15008][debug][gc,phases] GC(10)     Dead                           Min: 0, Avg:  0.0, Max: 0, Diff: 0, Sum: 0, Workers: 8
[2025-05-20T20:49:14.947+0300][23452][15008][debug][gc,phases] GC(10)     Total                          Min: 0, Avg:  0.0, Max: 0, Diff: 0, Sum: 0, Workers: 8
[2025-05-20T20:49:14.947+0300][23452][15008][debug][gc,phases] GC(10)   StringTable Weak               Min:  0.0, Avg:  0.0, Max:  0.1, Diff:  0.1, Sum:  0.3, Workers: 8
[2025-05-20T20:49:14.947+0300][23452][15008][debug][gc,phases] GC(10)     Dead                           Min: 0, Avg: 161.2, Max: 480, Diff: 480, Sum: 1290, Workers: 8
[2025-05-20T20:49:14.947+0300][23452][15008][debug][gc,phases] GC(10)     Total                          Min: 2432, Avg: 3492.5, Max: 6400, Diff: 3968, Sum: 27940, Workers: 8
[2025-05-20T20:49:14.947+0300][23452][15008][debug][gc,phases] GC(10)   ResolvedMethodTable Weak       Min:  0.0, Avg:  0.0, Max:  0.0, Diff:  0.0, Sum:  0.0, Workers: 8
[2025-05-20T20:49:14.947+0300][23452][15008][debug][gc,phases] GC(10)     Dead                           Min: 0, Avg:  9.2, Max: 32, Diff: 32, Sum: 74, Workers: 8
[2025-05-20T20:49:14.947+0300][23452][15008][debug][gc,phases] GC(10)     Total                          Min: 0, Avg: 218.8, Max: 320, Diff: 320, Sum: 1750, Workers: 8
[2025-05-20T20:49:14.947+0300][23452][15008][debug][gc,phases] GC(10)   JNI Weak                       Min:  0.0, Avg:  0.0, Max:  0.0, Diff:  0.0, Sum:  0.0, Workers: 8
[2025-05-20T20:49:14.947+0300][23452][15008][debug][gc,phases] GC(10)     Dead                           Min: 0, Avg:  0.0, Max: 0, Diff: 0, Sum: 0, Workers: 8
[2025-05-20T20:49:14.947+0300][23452][15008][debug][gc,phases] GC(10)     Total                          Min: 0, Avg:  0.0, Max: 0, Diff: 0, Sum: 0, Workers: 8
[2025-05-20T20:49:14.947+0300][23452][15008][debug][gc,phases] GC(10)   StringDedup Table Weak         Min:  0.0, Avg:  0.0, Max:  0.0, Diff:  0.0, Sum:  0.0, Workers: 8
[2025-05-20T20:49:14.947+0300][23452][15008][debug][gc,phases] GC(10)     Dead                           Min: 0, Avg:  0.0, Max: 0, Diff: 0, Sum: 0, Workers: 8
[2025-05-20T20:49:14.947+0300][23452][15008][debug][gc,phases] GC(10)     Total                          Min: 0, Avg:  0.0, Max: 0, Diff: 0, Sum: 0, Workers: 8
[2025-05-20T20:49:14.947+0300][23452][15008][debug][gc,phases] GC(10)   StringDedup Requests0 Weak     Min:  0.0, Avg:  0.0, Max:  0.0, Diff:  0.0, Sum:  0.0, Workers: 8
[2025-05-20T20:49:14.947+0300][23452][15008][debug][gc,phases] GC(10)     Dead                           Min: 0, Avg:  0.0, Max: 0, Diff: 0, Sum: 0, Workers: 8
[2025-05-20T20:49:14.947+0300][23452][15008][debug][gc,phases] GC(10)     Total                          Min: 0, Avg:  0.0, Max: 0, Diff: 0, Sum: 0, Workers: 8
[2025-05-20T20:49:14.947+0300][23452][15008][debug][gc,phases] GC(10)   StringDedup Requests1 Weak     Min:  0.0, Avg:  0.0, Max:  0.0, Diff:  0.0, Sum:  0.0, Workers: 8
[2025-05-20T20:49:14.947+0300][23452][15008][debug][gc,phases] GC(10)     Dead                           Min: 0, Avg:  0.0, Max: 0, Diff: 0, Sum: 0, Workers: 8
[2025-05-20T20:49:14.947+0300][23452][15008][debug][gc,phases] GC(10)     Total                          Min: 0, Avg:  0.0, Max: 0, Diff: 0, Sum: 0, Workers: 8
[2025-05-20T20:49:14.947+0300][23452][15008][debug][gc,phases] GC(10)   Weak JFR Old Object Samples    Min:  0.0, Avg:  0.0, Max:  0.0, Diff:  0.0, Sum:  0.0, Workers: 8
[2025-05-20T20:49:14.947+0300][23452][15008][debug][gc,phases] GC(10)     Dead                           Min: 0, Avg:  0.0, Max: 0, Diff: 0, Sum: 0, Workers: 8
[2025-05-20T20:49:14.947+0300][23452][15008][debug][gc,phases] GC(10)     Total                          Min: 0, Avg:  0.0, Max: 0, Diff: 0, Sum: 0, Workers: 8
[2025-05-20T20:49:14.947+0300][23452][15008][debug][gc,phases] GC(10) Phase 1: Weak Processing 0.403ms
[2025-05-20T20:49:14.947+0300][23452][15008][debug][gc,phases] GC(10) ClassLoaderData 0.216ms
[2025-05-20T20:49:14.947+0300][23452][15008][debug][gc,phases] GC(10) Trigger cleanups 0.006ms
[2025-05-20T20:49:14.959+0300][23452][15008][debug][gc,phases] GC(10) G1 Complete Cleaning 13.924ms
[2025-05-20T20:49:14.959+0300][23452][15008][debug][gc,phases] GC(10) Purge Unlinked NMethods 1.724ms
[2025-05-20T20:49:14.959+0300][23452][15008][debug][gc,phases] GC(10) Unregister NMethods 0.861ms
[2025-05-20T20:49:14.959+0300][23452][15008][debug][gc,phases] GC(10) Free Code Blobs 0.362ms
[2025-05-20T20:49:14.959+0300][23452][15008][debug][gc,phases] GC(10) Purge Class Loader Data 0.556ms
[2025-05-20T20:49:14.959+0300][23452][15008][debug][gc,phases] GC(10) Phase 1: Class Unloading and Cleanup 17.815ms
[2025-05-20T20:49:14.959+0300][23452][15008][debug][gc,phases] GC(10) Report Object Count 0.002ms
[2025-05-20T20:49:14.959+0300][23452][15008][info ][gc,phases] GC(10) Phase 1: Mark live objects 21.701ms
[2025-05-20T20:49:14.959+0300][23452][15008][debug][gc,phases] GC(10) Phase 2: Determine work lists 0.091ms
[2025-05-20T20:49:14.959+0300][23452][15008][debug][gc,phases] GC(10) Phase 2: Prepare parallel compaction 1.245ms
[2025-05-20T20:49:14.959+0300][23452][15008][info ][gc,phases] GC(10) Phase 2: Prepare compaction 1.376ms
[2025-05-20T20:49:14.974+0300][23452][15008][info ][gc,phases] GC(10) Phase 3: Adjust pointers 6.846ms
[2025-05-20T20:49:14.977+0300][23452][15008][info ][gc,phases] GC(10) Phase 4: Compact heap 1.861ms
[2025-05-20T20:49:14.977+0300][23452][15008][info ][gc,phases] GC(10) Phase 5: Reset Metadata 1.319ms
[2025-05-20T20:49:14.988+0300][23452][15008][info ][gc,heap  ] GC(10) Eden regions: 240->0(1228)
[2025-05-20T20:49:14.988+0300][23452][15008][info ][gc,heap  ] GC(10) Survivor regions: 2->0(154)
[2025-05-20T20:49:14.988+0300][23452][15008][info ][gc,heap  ] GC(10) Old regions: 11->10
[2025-05-20T20:49:14.988+0300][23452][15008][info ][gc,heap  ] GC(10) Humongous regions: 0->0
[2025-05-20T20:49:14.988+0300][23452][15008][debug][gc,heap  ] GC(10) Heap after GC invocations=11 (full 3):
[2025-05-20T20:49:14.988+0300][23452][15008][debug][gc,heap  ] GC(10)  garbage-first heap   total 4194304K, used 14049K [0x0000000700000000, 0x0000000800000000)
[2025-05-20T20:49:14.988+0300][23452][15008][debug][gc,heap  ] GC(10)   region size 2048K, 0 young (0K), 0 survivors (0K)
[2025-05-20T20:49:14.988+0300][23452][15008][debug][gc,heap  ] GC(10)  Metaspace       used 33330K, committed 35520K, reserved 1114112K
[2025-05-20T20:49:14.988+0300][23452][15008][debug][gc,heap  ] GC(10)   class space    used 2787K, committed 3328K, reserved 1048576K
[2025-05-20T20:49:14.988+0300][23452][15008][info ][gc       ] GC(10) Pause Full (System.gc()) 494M->13M(4096M) 43.854ms
[2025-05-20T20:49:14.988+0300][23452][15008][info ][safepoint] Safepoint "G1CollectFull", Time since last: 13458557800 ns, Reaching safepoint: 53200 ns, Cleanup: 27300 ns, At safepoint: 43879300 ns, Total: 43959800 ns
[2025-05-20T20:49:15.991+0300][23452][15008][debug][safepoint] Safepoint synchronization initiated using striped semaphore wait barrier. (32 threads)
[2025-05-20T20:49:15.991+0300][23452][15008][info ][safepoint] Safepoint "Cleanup", Time since last: 1002612600 ns, Reaching safepoint: 108500 ns, Cleanup: 100900 ns, At safepoint: 12900 ns, Total: 222300 ns
[2025-05-20T20:49:16.992+0300][23452][15008][debug][safepoint] Safepoint synchronization initiated using striped semaphore wait barrier. (32 threads)
[2025-05-20T20:49:16.992+0300][23452][3808 ][debug][safepoint] ... found polling page loop exception at pc = 0x00000284d3ac60cf, stub =0x00000284d2a26600
[2025-05-20T20:49:16.992+0300][23452][15008][info ][safepoint] Safepoint "Cleanup", Time since last: 1000785300 ns, Reaching safepoint: 155600 ns, Cleanup: 18200 ns, At safepoint: 13600 ns, Total: 187400 ns
[2025-05-20T20:49:21.012+0300][23452][15008][debug][safepoint] Safepoint synchronization initiated using striped semaphore wait barrier. (32 threads)
[2025-05-20T20:49:21.012+0300][23452][15008][info ][safepoint] Safepoint "Cleanup", Time since last: 4019592000 ns, Reaching safepoint: 167100 ns, Cleanup: 26200 ns, At safepoint: 42300 ns, Total: 235600 ns
[2025-05-20T20:49:22.021+0300][23452][15008][debug][safepoint] Safepoint synchronization initiated using striped semaphore wait barrier. (32 threads)
[2025-05-20T20:49:22.021+0300][23452][15008][info ][safepoint] Safepoint "Cleanup", Time since last: 1009612000 ns, Reaching safepoint: 152000 ns, Cleanup: 17600 ns, At safepoint: 20700 ns, Total: 190300 ns
[2025-05-20T20:49:24.040+0300][23452][15008][debug][safepoint] Safepoint synchronization initiated using striped semaphore wait barrier. (32 threads)
[2025-05-20T20:49:24.040+0300][23452][21076][debug][safepoint] ... found polling page loop exception at pc = 0x00000284d3464a0c, stub =0x00000284d2a26600
[2025-05-20T20:49:24.040+0300][23452][15008][info ][safepoint] Safepoint "Cleanup", Time since last: 2017816900 ns, Reaching safepoint: 245900 ns, Cleanup: 39200 ns, At safepoint: 16100 ns, Total: 301200 ns
[2025-05-20T20:49:28.062+0300][23452][15008][debug][safepoint] Safepoint synchronization initiated using striped semaphore wait barrier. (32 threads)
[2025-05-20T20:49:28.062+0300][23452][15008][info ][safepoint] Safepoint "Cleanup", Time since last: 4022227500 ns, Reaching safepoint: 178800 ns, Cleanup: 35400 ns, At safepoint: 27800 ns, Total: 242000 ns
[2025-05-20T20:49:57.679+0300][23452][15008][debug][safepoint] Safepoint synchronization initiated using striped semaphore wait barrier. (32 threads)
[2025-05-20T20:49:57.679+0300][23452][15008][info ][safepoint] Safepoint "Cleanup", Time since last: 29616708600 ns, Reaching safepoint: 147700 ns, Cleanup: 57200 ns, At safepoint: 14900 ns, Total: 219800 ns
[2025-05-20T20:50:05.762+0300][23452][15008][debug][safepoint] Safepoint synchronization initiated using striped semaphore wait barrier. (32 threads)
[2025-05-20T20:50:05.762+0300][23452][15008][info ][safepoint] Safepoint "Cleanup", Time since last: 8083000000 ns, Reaching safepoint: 157000 ns, Cleanup: 51400 ns, At safepoint: 11100 ns, Total: 219500 ns
[2025-05-20T20:50:38.308+0300][23452][15008][debug][safepoint] Safepoint synchronization initiated using striped semaphore wait barrier. (32 threads)
[2025-05-20T20:50:38.308+0300][23452][15008][debug][gc,heap  ] GC(11) Heap before GC invocations=11 (full 3):
[2025-05-20T20:50:38.308+0300][23452][15008][debug][gc,heap  ] GC(11)  garbage-first heap   total 4194304K, used 2528993K [0x0000000700000000, 0x0000000800000000)
[2025-05-20T20:50:38.308+0300][23452][15008][debug][gc,heap  ] GC(11)   region size 2048K, 1228 young (2514944K), 0 survivors (0K)
[2025-05-20T20:50:38.308+0300][23452][15008][debug][gc,heap  ] GC(11)  Metaspace       used 34405K, committed 35520K, reserved 1114112K
[2025-05-20T20:50:38.308+0300][23452][15008][debug][gc,heap  ] GC(11)   class space    used 2864K, committed 3328K, reserved 1048576K
[2025-05-20T20:50:38.312+0300][23452][15008][info ][gc,phases] GC(11)   Pre Evacuate Collection Set: 0.6ms
[2025-05-20T20:50:38.312+0300][23452][15008][debug][gc,phases] GC(11)     Pre Evacuate Prepare: 0.2ms
[2025-05-20T20:50:38.312+0300][23452][15008][debug][gc,phases] GC(11)       JT Retire TLABs And Flush Logs (ms): Min:  0.0, Avg:  0.0, Max:  0.0, Diff:  0.0, Sum:  0.0, Workers: 2
[2025-05-20T20:50:38.312+0300][23452][15008][debug][gc,phases] GC(11)       Non-JT Flush Logs (ms):        Min:  0.0, Avg:  0.0, Max:  0.0, Diff:  0.0, Sum:  0.0, Workers: 1
[2025-05-20T20:50:38.312+0300][23452][15008][debug][gc,phases] GC(11)     Choose Collection Set: 0.0ms
[2025-05-20T20:50:38.312+0300][23452][15008][debug][gc,phases] GC(11)     Region Register: 0.4ms
[2025-05-20T20:50:38.312+0300][23452][15008][debug][gc,phases] GC(11)     Prepare Heap Roots: 0.0ms
[2025-05-20T20:50:38.312+0300][23452][15008][info ][gc,phases] GC(11)   Merge Heap Roots: 0.4ms
[2025-05-20T20:50:38.312+0300][23452][15008][debug][gc,phases] GC(11)     Prepare Merge Heap Roots: 0.0ms
[2025-05-20T20:50:38.312+0300][23452][15008][debug][gc,phases] GC(11)     Remembered Sets (ms):          Min:  0.1, Avg:  0.2, Max:  0.2, Diff:  0.1, Sum:  1.3, Workers: 8
[2025-05-20T20:50:38.312+0300][23452][15008][debug][gc,phases] GC(11)       Eager Reclaim (ms):            skipped
[2025-05-20T20:50:38.312+0300][23452][15008][debug][gc,phases] GC(11)       Merged Inline                  Min: 0, Avg:  0.0, Max: 0, Diff: 0, Sum: 0, Workers: 8
[2025-05-20T20:50:38.312+0300][23452][15008][debug][gc,phases] GC(11)       Merged ArrayOfCards            Min: 0, Avg:  0.0, Max: 0, Diff: 0, Sum: 0, Workers: 8
[2025-05-20T20:50:38.312+0300][23452][15008][debug][gc,phases] GC(11)       Merged Howl                    Min: 0, Avg:  0.0, Max: 0, Diff: 0, Sum: 0, Workers: 8
[2025-05-20T20:50:38.312+0300][23452][15008][debug][gc,phases] GC(11)       Merged Full                    Min: 0, Avg:  0.0, Max: 0, Diff: 0, Sum: 0, Workers: 8
[2025-05-20T20:50:38.312+0300][23452][15008][debug][gc,phases] GC(11)       Merged Howl Inline             Min: 0, Avg:  0.0, Max: 0, Diff: 0, Sum: 0, Workers: 8
[2025-05-20T20:50:38.312+0300][23452][15008][debug][gc,phases] GC(11)       Merged Howl ArrayOfCards       Min: 0, Avg:  0.0, Max: 0, Diff: 0, Sum: 0, Workers: 8
[2025-05-20T20:50:38.312+0300][23452][15008][debug][gc,phases] GC(11)       Merged Howl BitMap             Min: 0, Avg:  0.0, Max: 0, Diff: 0, Sum: 0, Workers: 8
[2025-05-20T20:50:38.312+0300][23452][15008][debug][gc,phases] GC(11)       Merged Howl Full               Min: 0, Avg:  0.0, Max: 0, Diff: 0, Sum: 0, Workers: 8
[2025-05-20T20:50:38.312+0300][23452][15008][debug][gc,phases] GC(11)       Merged Cards                   Min: 8, Avg:  8.0, Max: 8, Diff: 0, Sum: 64, Workers: 8
[2025-05-20T20:50:38.312+0300][23452][15008][debug][gc,phases] GC(11)     Log Buffers (ms):              Min:  0.0, Avg:  0.0, Max:  0.0, Diff:  0.0, Sum:  0.0, Workers: 8
[2025-05-20T20:50:38.312+0300][23452][15008][debug][gc,phases] GC(11)       Dirty Cards:                   Min: 0, Avg: 64.9, Max: 283, Diff: 283, Sum: 519, Workers: 8
[2025-05-20T20:50:38.312+0300][23452][15008][debug][gc,phases] GC(11)       Skipped Cards:                 Min: 0, Avg:  0.0, Max: 0, Diff: 0, Sum: 0, Workers: 8
[2025-05-20T20:50:38.312+0300][23452][15008][info ][gc,phases] GC(11)   Evacuate Collection Set: 2.2ms
[2025-05-20T20:50:38.312+0300][23452][15008][debug][gc,phases] GC(11)     Ext Root Scanning (ms):        Min:  0.0, Avg:  0.1, Max:  0.2, Diff:  0.2, Sum:  1.1, Workers: 8
[2025-05-20T20:50:38.312+0300][23452][15008][debug][gc,phases] GC(11)     Scan Heap Roots (ms):          Min:  0.0, Avg:  0.2, Max:  0.3, Diff:  0.3, Sum:  1.3, Workers: 8
[2025-05-20T20:50:38.312+0300][23452][15008][debug][gc,phases] GC(11)       Scanned Cards:                 Min: 0, Avg: 64.9, Max: 144, Diff: 144, Sum: 519, Workers: 8
[2025-05-20T20:50:38.312+0300][23452][15008][debug][gc,phases] GC(11)       Scanned Blocks:                Min: 0, Avg: 36.4, Max: 80, Diff: 80, Sum: 291, Workers: 8
[2025-05-20T20:50:38.312+0300][23452][15008][debug][gc,phases] GC(11)       Claimed Chunks:                Min: 0, Avg: 17.6, Max: 45, Diff: 45, Sum: 141, Workers: 8
[2025-05-20T20:50:38.312+0300][23452][15008][debug][gc,phases] GC(11)       Found Roots:                   Min: 0, Avg: 228.2, Max: 927, Diff: 927, Sum: 1826, Workers: 8
[2025-05-20T20:50:38.312+0300][23452][15008][debug][gc,phases] GC(11)     Code Root Scan (ms):           Min:  0.2, Avg:  0.6, Max:  0.8, Diff:  0.6, Sum:  4.6, Workers: 8
[2025-05-20T20:50:38.312+0300][23452][15008][debug][gc,phases] GC(11)       Scanned Nmethods               Min: 15, Avg: 78.6, Max: 133, Diff: 118, Sum: 629, Workers: 8
[2025-05-20T20:50:38.312+0300][23452][15008][debug][gc,phases] GC(11)     Object Copy (ms):              Min:  0.5, Avg:  0.9, Max:  1.3, Diff:  0.8, Sum:  7.0, Workers: 8
[2025-05-20T20:50:38.312+0300][23452][15008][debug][gc,phases] GC(11)     Termination (ms):              Min:  0.0, Avg:  0.1, Max:  0.1, Diff:  0.1, Sum:  0.9, Workers: 8
[2025-05-20T20:50:38.312+0300][23452][15008][debug][gc,phases] GC(11)       Termination Attempts:          Min: 1, Avg:  1.0, Max: 1, Diff: 0, Sum: 8, Workers: 8
[2025-05-20T20:50:38.312+0300][23452][15008][debug][gc,phases] GC(11)     GC Worker Other (ms):          Min:  0.2, Avg:  0.3, Max:  0.4, Diff:  0.2, Sum:  2.0, Workers: 8
[2025-05-20T20:50:38.312+0300][23452][15008][debug][gc,phases] GC(11)     GC Worker Total (ms):          Min:  2.1, Avg:  2.1, Max:  2.2, Diff:  0.1, Sum: 16.9, Workers: 8
[2025-05-20T20:50:38.312+0300][23452][15008][info ][gc,phases] GC(11)   Post Evacuate Collection Set: 1.3ms
[2025-05-20T20:50:38.312+0300][23452][15008][debug][gc,phases] GC(11)     NMethod List Cleanup: 0.1ms
[2025-05-20T20:50:38.312+0300][23452][15008][debug][gc,phases] GC(11)     Reference Processing: 0.1ms
[2025-05-20T20:50:38.312+0300][23452][15008][debug][gc,phases] GC(11)     Weak Processing: 0.2ms
[2025-05-20T20:50:38.312+0300][23452][15008][debug][gc,phases] GC(11)       VM Weak                        Min:  0.0, Avg:  0.0, Max:  0.0, Diff:  0.0, Sum:  0.0, Workers: 8
[2025-05-20T20:50:38.312+0300][23452][15008][debug][gc,phases] GC(11)         Dead                           Min: 0, Avg:  0.0, Max: 0, Diff: 0, Sum: 0, Workers: 8
[2025-05-20T20:50:38.312+0300][23452][15008][debug][gc,phases] GC(11)         Total                          Min: 0, Avg: 49.5, Max: 323, Diff: 323, Sum: 396, Workers: 8
[2025-05-20T20:50:38.312+0300][23452][15008][debug][gc,phases] GC(11)       ObjectSynchronizer Weak        Min:  0.0, Avg:  0.0, Max:  0.0, Diff:  0.0, Sum:  0.0, Workers: 8
[2025-05-20T20:50:38.312+0300][23452][15008][debug][gc,phases] GC(11)         Dead                           Min: 0, Avg:  0.0, Max: 0, Diff: 0, Sum: 0, Workers: 8
[2025-05-20T20:50:38.312+0300][23452][15008][debug][gc,phases] GC(11)         Total                          Min: 0, Avg:  5.6, Max: 33, Diff: 33, Sum: 45, Workers: 8
[2025-05-20T20:50:38.312+0300][23452][15008][debug][gc,phases] GC(11)       JVMTI Tag Weak OopStorage      Min:  0.0, Avg:  0.0, Max:  0.0, Diff:  0.0, Sum:  0.0, Workers: 8
[2025-05-20T20:50:38.312+0300][23452][15008][debug][gc,phases] GC(11)         Dead                           Min: 0, Avg:  0.0, Max: 0, Diff: 0, Sum: 0, Workers: 8
[2025-05-20T20:50:38.312+0300][23452][15008][debug][gc,phases] GC(11)         Total                          Min: 0, Avg:  0.0, Max: 0, Diff: 0, Sum: 0, Workers: 8
[2025-05-20T20:50:38.312+0300][23452][15008][debug][gc,phases] GC(11)       StringTable Weak               Min:  0.0, Avg:  0.0, Max:  0.1, Diff:  0.1, Sum:  0.4, Workers: 8
[2025-05-20T20:50:38.312+0300][23452][15008][debug][gc,phases] GC(11)         Dead                           Min: 0, Avg: 37.5, Max: 164, Diff: 164, Sum: 300, Workers: 8
[2025-05-20T20:50:38.312+0300][23452][15008][debug][gc,phases] GC(11)         Total                          Min: 1280, Avg: 3493.1, Max: 7551, Diff: 6271, Sum: 27945, Workers: 8
[2025-05-20T20:50:38.312+0300][23452][15008][debug][gc,phases] GC(11)       ResolvedMethodTable Weak       Min:  0.0, Avg:  0.0, Max:  0.0, Diff:  0.0, Sum:  0.0, Workers: 8
[2025-05-20T20:50:38.312+0300][23452][15008][debug][gc,phases] GC(11)         Dead                           Min: 0, Avg:  0.0, Max: 0, Diff: 0, Sum: 0, Workers: 8
[2025-05-20T20:50:38.312+0300][23452][15008][debug][gc,phases] GC(11)         Total                          Min: 0, Avg: 224.4, Max: 384, Diff: 384, Sum: 1795, Workers: 8
[2025-05-20T20:50:38.312+0300][23452][15008][debug][gc,phases] GC(11)       JNI Weak                       Min:  0.0, Avg:  0.0, Max:  0.0, Diff:  0.0, Sum:  0.0, Workers: 8
[2025-05-20T20:50:38.312+0300][23452][15008][debug][gc,phases] GC(11)         Dead                           Min: 0, Avg:  0.0, Max: 0, Diff: 0, Sum: 0, Workers: 8
[2025-05-20T20:50:38.312+0300][23452][15008][debug][gc,phases] GC(11)         Total                          Min: 0, Avg:  0.0, Max: 0, Diff: 0, Sum: 0, Workers: 8
[2025-05-20T20:50:38.312+0300][23452][15008][debug][gc,phases] GC(11)       StringDedup Table Weak         Min:  0.0, Avg:  0.0, Max:  0.0, Diff:  0.0, Sum:  0.0, Workers: 8
[2025-05-20T20:50:38.312+0300][23452][15008][debug][gc,phases] GC(11)         Dead                           Min: 0, Avg:  0.0, Max: 0, Diff: 0, Sum: 0, Workers: 8
[2025-05-20T20:50:38.312+0300][23452][15008][debug][gc,phases] GC(11)         Total                          Min: 0, Avg:  0.0, Max: 0, Diff: 0, Sum: 0, Workers: 8
[2025-05-20T20:50:38.312+0300][23452][15008][debug][gc,phases] GC(11)       StringDedup Requests0 Weak     Min:  0.0, Avg:  0.0, Max:  0.0, Diff:  0.0, Sum:  0.0, Workers: 8
[2025-05-20T20:50:38.312+0300][23452][15008][debug][gc,phases] GC(11)         Dead                           Min: 0, Avg:  0.0, Max: 0, Diff: 0, Sum: 0, Workers: 8
[2025-05-20T20:50:38.312+0300][23452][15008][debug][gc,phases] GC(11)         Total                          Min: 0, Avg:  0.0, Max: 0, Diff: 0, Sum: 0, Workers: 8
[2025-05-20T20:50:38.312+0300][23452][15008][debug][gc,phases] GC(11)       StringDedup Requests1 Weak     Min:  0.0, Avg:  0.0, Max:  0.0, Diff:  0.0, Sum:  0.0, Workers: 8
[2025-05-20T20:50:38.312+0300][23452][15008][debug][gc,phases] GC(11)         Dead                           Min: 0, Avg:  0.0, Max: 0, Diff: 0, Sum: 0, Workers: 8
[2025-05-20T20:50:38.312+0300][23452][15008][debug][gc,phases] GC(11)         Total                          Min: 0, Avg:  0.0, Max: 0, Diff: 0, Sum: 0, Workers: 8
[2025-05-20T20:50:38.312+0300][23452][15008][debug][gc,phases] GC(11)       Weak JFR Old Object Samples    Min:  0.0, Avg:  0.0, Max:  0.0, Diff:  0.0, Sum:  0.0, Workers: 8
[2025-05-20T20:50:38.312+0300][23452][15008][debug][gc,phases] GC(11)         Dead                           Min: 0, Avg:  0.0, Max: 0, Diff: 0, Sum: 0, Workers: 8
[2025-05-20T20:50:38.312+0300][23452][15008][debug][gc,phases] GC(11)         Total                          Min: 0, Avg:  0.0, Max: 0, Diff: 0, Sum: 0, Workers: 8
[2025-05-20T20:50:38.312+0300][23452][15008][debug][gc,phases] GC(11)     Post Evacuate Cleanup 1: 0.4ms
[2025-05-20T20:50:38.312+0300][23452][15008][debug][gc,phases] GC(11)       Merge Per-Thread State (ms):   Min:  0.0, Avg:  0.0, Max:  0.0, Diff:  0.0, Sum:  0.0, Workers: 1
[2025-05-20T20:50:38.312+0300][23452][15008][debug][gc,phases] GC(11)         Copied Bytes                   Min: 117088, Avg: 289720.0, Max: 539392, Diff: 422304, Sum: 2317760, Workers: 8
[2025-05-20T20:50:38.312+0300][23452][15008][debug][gc,phases] GC(11)         LAB Waste                      Min: 32, Avg: 309.0, Max: 1136, Diff: 1104, Sum: 2472, Workers: 8
[2025-05-20T20:50:38.312+0300][23452][15008][debug][gc,phases] GC(11)         LAB Undo Waste                 Min: 0, Avg:  0.0, Max: 0, Diff: 0, Sum: 0, Workers: 8
[2025-05-20T20:50:38.312+0300][23452][15008][debug][gc,phases] GC(11)       Clear Logged Cards (ms):       Min:  0.0, Avg:  0.2, Max:  0.3, Diff:  0.3, Sum:  1.2, Workers: 7
[2025-05-20T20:50:38.312+0300][23452][15008][debug][gc,phases] GC(11)       Recalculate Used Memory (ms):  Min:  0.0, Avg:  0.0, Max:  0.0, Diff:  0.0, Sum:  0.0, Workers: 1
[2025-05-20T20:50:38.312+0300][23452][15008][debug][gc,phases] GC(11)     Post Evacuate Cleanup 2: 0.4ms
[2025-05-20T20:50:38.312+0300][23452][15008][debug][gc,phases] GC(11)       Update Derived Pointers (ms):  Min:  0.0, Avg:  0.0, Max:  0.0, Diff:  0.0, Sum:  0.0, Workers: 1
[2025-05-20T20:50:38.312+0300][23452][15008][debug][gc,phases] GC(11)       Eagerly Reclaim Humongous Objects (ms): skipped
[2025-05-20T20:50:38.312+0300][23452][15008][debug][gc,phases] GC(11)         Humongous Total                skipped
[2025-05-20T20:50:38.312+0300][23452][15008][debug][gc,phases] GC(11)         Humongous Candidates           skipped
[2025-05-20T20:50:38.312+0300][23452][15008][debug][gc,phases] GC(11)         Humongous Reclaimed            skipped
[2025-05-20T20:50:38.312+0300][23452][15008][debug][gc,phases] GC(11)       Redirty Logged Cards (ms):     Min:  0.0, Avg:  0.0, Max:  0.0, Diff:  0.0, Sum:  0.0, Workers: 8
[2025-05-20T20:50:38.312+0300][23452][15008][debug][gc,phases] GC(11)         Redirtied Cards:               Min: 0, Avg: 38.0, Max: 245, Diff: 245, Sum: 304, Workers: 8
[2025-05-20T20:50:38.312+0300][23452][15008][debug][gc,phases] GC(11)       Resize TLABs (ms):             Min:  0.0, Avg:  0.0, Max:  0.0, Diff:  0.0, Sum:  0.0, Workers: 8
[2025-05-20T20:50:38.312+0300][23452][15008][debug][gc,phases] GC(11)       Free Collection Set (ms):      Min:  0.2, Avg:  0.2, Max:  0.3, Diff:  0.1, Sum:  1.7, Workers: 8
[2025-05-20T20:50:38.312+0300][23452][15008][debug][gc,phases] GC(11)     Rebuild Free List: 0.2ms
[2025-05-20T20:50:38.312+0300][23452][15008][debug][gc,phases] GC(11)     Prepare For Mutator: 0.0ms
[2025-05-20T20:50:38.312+0300][23452][15008][debug][gc,phases] GC(11)     Expand Heap After Collection: 0.0ms
[2025-05-20T20:50:38.312+0300][23452][15008][info ][gc,phases] GC(11)   Other: 0.2ms
[2025-05-20T20:50:38.312+0300][23452][15008][info ][gc,heap  ] GC(11) Eden regions: 1228->0(1226)
[2025-05-20T20:50:38.312+0300][23452][15008][info ][gc,heap  ] GC(11) Survivor regions: 0->2(154)
[2025-05-20T20:50:38.312+0300][23452][15008][info ][gc,heap  ] GC(11) Old regions: 10->10
[2025-05-20T20:50:38.312+0300][23452][15008][info ][gc,heap  ] GC(11) Humongous regions: 0->0
[2025-05-20T20:50:38.312+0300][23452][15008][debug][gc,heap  ] GC(11) Heap after GC invocations=12 (full 3):
[2025-05-20T20:50:38.312+0300][23452][15008][debug][gc,heap  ] GC(11)  garbage-first heap   total 4194304K, used 16722K [0x0000000700000000, 0x0000000800000000)
[2025-05-20T20:50:38.312+0300][23452][15008][debug][gc,heap  ] GC(11)   region size 2048K, 2 young (4096K), 2 survivors (4096K)
[2025-05-20T20:50:38.312+0300][23452][15008][debug][gc,heap  ] GC(11)  Metaspace       used 34405K, committed 35520K, reserved 1114112K
[2025-05-20T20:50:38.312+0300][23452][15008][debug][gc,heap  ] GC(11)   class space    used 2864K, committed 3328K, reserved 1048576K
[2025-05-20T20:50:38.312+0300][23452][15008][info ][gc       ] GC(11) Pause Young (Normal) (G1 Evacuation Pause) 2469M->16M(4096M) 5.916ms
[2025-05-20T20:50:38.312+0300][23452][15008][info ][safepoint] Safepoint "G1CollectForAllocation", Time since last: 32545933400 ns, Reaching safepoint: 120500 ns, Cleanup: 25800 ns, At safepoint: 5959500 ns, Total: 6105800 ns
[2025-05-20T20:50:47.386+0300][23452][15008][debug][safepoint] Safepoint synchronization initiated using striped semaphore wait barrier. (32 threads)
[2025-05-20T20:50:47.386+0300][23452][15008][info ][safepoint] Safepoint "Cleanup", Time since last: 9071475400 ns, Reaching safepoint: 156500 ns, Cleanup: 45400 ns, At safepoint: 50500 ns, Total: 252400 ns
[2025-05-20T20:50:56.857+0300][23452][21076][debug][safepoint] ... found polling page loop exception at pc = 0x00000284d3464dbf, stub =0x00000284d2a26600
[2025-05-20T20:50:56.857+0300][23452][4920 ][debug][safepoint] ... found polling page loop exception at pc = 0x00000284d3864623, stub =0x00000284d2a25d80
[2025-05-20T20:51:01.893+0300][23452][15008][debug][safepoint] Safepoint synchronization initiated using striped semaphore wait barrier. (32 threads)
[2025-05-20T20:51:01.893+0300][23452][14400][debug][safepoint] ... found polling page loop exception at pc = 0x00000284d36aa4b9, stub =0x00000284d2a26600
[2025-05-20T20:51:01.893+0300][23452][4920 ][debug][safepoint] ... found polling page loop exception at pc = 0x00000284d36aa0ce, stub =0x00000284d2a26600
[2025-05-20T20:51:01.893+0300][23452][15008][info ][safepoint] Safepoint "Cleanup", Time since last: 14506815400 ns, Reaching safepoint: 251800 ns, Cleanup: 20300 ns, At safepoint: 14500 ns, Total: 286600 ns
[2025-05-20T20:51:02.901+0300][23452][15008][debug][safepoint] Safepoint synchronization initiated using striped semaphore wait barrier. (32 threads)
[2025-05-20T20:51:02.901+0300][23452][1800 ][debug][safepoint] ... found polling page loop exception at pc = 0x00000284d3ac60cf, stub =0x00000284d2a26600
[2025-05-20T20:51:02.901+0300][23452][15008][info ][safepoint] Safepoint "Cleanup", Time since last: 1007225500 ns, Reaching safepoint: 171200 ns, Cleanup: 20300 ns, At safepoint: 22000 ns, Total: 213500 ns
[2025-05-20T20:51:12.989+0300][23452][15008][debug][safepoint] Safepoint synchronization initiated using striped semaphore wait barrier. (32 threads)
[2025-05-20T20:51:12.989+0300][23452][15008][info ][safepoint] Safepoint "Cleanup", Time since last: 10087957700 ns, Reaching safepoint: 126800 ns, Cleanup: 23300 ns, At safepoint: 25300 ns, Total: 175400 ns
[2025-05-20T20:51:19.053+0300][23452][15008][debug][safepoint] Safepoint synchronization initiated using striped semaphore wait barrier. (32 threads)
[2025-05-20T20:51:19.053+0300][23452][15008][info ][safepoint] Safepoint "Cleanup", Time since last: 6063955500 ns, Reaching safepoint: 195100 ns, Cleanup: 38100 ns, At safepoint: 29900 ns, Total: 263100 ns
[2025-05-20T20:51:22.072+0300][23452][15008][debug][safepoint] Safepoint synchronization initiated using striped semaphore wait barrier. (32 threads)
[2025-05-20T20:51:22.072+0300][23452][15008][info ][safepoint] Safepoint "Cleanup", Time since last: 3019163500 ns, Reaching safepoint: 171700 ns, Cleanup: 41100 ns, At safepoint: 33900 ns, Total: 246700 ns
[2025-05-20T20:51:24.083+0300][23452][15008][debug][safepoint] Safepoint synchronization initiated using striped semaphore wait barrier. (32 threads)
[2025-05-20T20:51:24.083+0300][23452][8600 ][debug][safepoint] ... found polling page loop exception at pc = 0x00000284d36aa0ce, stub =0x00000284d2a26600
[2025-05-20T20:51:24.083+0300][23452][4920 ][debug][safepoint] ... found polling page loop exception at pc = 0x00000284d39b7c7f, stub =0x00000284d2a26600
[2025-05-20T20:51:24.083+0300][23452][1800 ][debug][safepoint] ... found polling page loop exception at pc = 0x00000284d3afea5a, stub =0x00000284d2a26600
[2025-05-20T20:51:24.083+0300][23452][15008][info ][safepoint] Safepoint "Cleanup", Time since last: 2010866200 ns, Reaching safepoint: 311600 ns, Cleanup: 21300 ns, At safepoint: 16500 ns, Total: 349400 ns
[2025-05-20T20:51:25.094+0300][23452][15008][debug][safepoint] Safepoint synchronization initiated using striped semaphore wait barrier. (32 threads)
[2025-05-20T20:51:25.094+0300][23452][15008][info ][safepoint] Safepoint "Cleanup", Time since last: 1009810900 ns, Reaching safepoint: 155800 ns, Cleanup: 79900 ns, At safepoint: 21300 ns, Total: 257000 ns
[2025-05-20T20:51:26.104+0300][23452][15008][debug][safepoint] Safepoint synchronization initiated using striped semaphore wait barrier. (32 threads)
[2025-05-20T20:51:26.104+0300][23452][21076][debug][safepoint] ... found polling page loop exception at pc = 0x00000284d35a7394, stub =0x00000284d2a25d80
[2025-05-20T20:51:26.104+0300][23452][15008][info ][safepoint] Safepoint "Cleanup", Time since last: 1009986200 ns, Reaching safepoint: 363200 ns, Cleanup: 39000 ns, At safepoint: 33700 ns, Total: 435900 ns
[2025-05-20T20:51:27.105+0300][23452][15008][debug][safepoint] Safepoint synchronization initiated using striped semaphore wait barrier. (32 threads)
[2025-05-20T20:51:27.105+0300][23452][4920 ][debug][safepoint] ... found polling page loop exception at pc = 0x00000284d36aa0ce, stub =0x00000284d2a26600
[2025-05-20T20:51:27.105+0300][23452][15008][info ][safepoint] Safepoint "Cleanup", Time since last: 1000582600 ns, Reaching safepoint: 217500 ns, Cleanup: 16900 ns, At safepoint: 22700 ns, Total: 257100 ns
[2025-05-20T20:51:28.114+0300][23452][15008][debug][safepoint] Safepoint synchronization initiated using striped semaphore wait barrier. (32 threads)
[2025-05-20T20:51:28.114+0300][23452][15008][info ][safepoint] Safepoint "Cleanup", Time since last: 1008838800 ns, Reaching safepoint: 110800 ns, Cleanup: 19800 ns, At safepoint: 12500 ns, Total: 143100 ns
[2025-05-20T20:51:29.124+0300][23452][15008][debug][safepoint] Safepoint synchronization initiated using striped semaphore wait barrier. (32 threads)
[2025-05-20T20:51:29.125+0300][23452][15008][info ][safepoint] Safepoint "Cleanup", Time since last: 1010222100 ns, Reaching safepoint: 144800 ns, Cleanup: 40500 ns, At safepoint: 19900 ns, Total: 205200 ns
[2025-05-20T20:51:36.161+0300][23452][15008][debug][safepoint] Safepoint synchronization initiated using striped semaphore wait barrier. (32 threads)
[2025-05-20T20:51:36.161+0300][23452][15008][info ][safepoint] Safepoint "Cleanup", Time since last: 7036166700 ns, Reaching safepoint: 92300 ns, Cleanup: 18600 ns, At safepoint: 5200 ns, Total: 116100 ns
[2025-05-20T20:51:37.169+0300][23452][15008][debug][safepoint] Safepoint synchronization initiated using striped semaphore wait barrier. (32 threads)
[2025-05-20T20:51:37.169+0300][23452][22884][debug][safepoint] ... found polling page loop exception at pc = 0x00000284d36aa0ce, stub =0x00000284d2a26600
[2025-05-20T20:51:37.169+0300][23452][15008][info ][safepoint] Safepoint "Cleanup", Time since last: 1008728300 ns, Reaching safepoint: 256500 ns, Cleanup: 23000 ns, At safepoint: 8600 ns, Total: 288100 ns
[2025-05-20T20:51:40.198+0300][23452][15008][debug][safepoint] Safepoint synchronization initiated using striped semaphore wait barrier. (32 threads)
[2025-05-20T20:51:40.198+0300][23452][15008][info ][safepoint] Safepoint "Cleanup", Time since last: 3028136600 ns, Reaching safepoint: 152900 ns, Cleanup: 32900 ns, At safepoint: 53600 ns, Total: 239400 ns
[2025-05-20T20:51:41.206+0300][23452][15008][debug][safepoint] Safepoint synchronization initiated using striped semaphore wait barrier. (32 threads)
[2025-05-20T20:51:41.206+0300][23452][22884][debug][safepoint] ... found polling page loop exception at pc = 0x00000284d3708df0, stub =0x00000284d2a26600
[2025-05-20T20:51:41.206+0300][23452][15008][info ][safepoint] Safepoint "Cleanup", Time since last: 1008301800 ns, Reaching safepoint: 279700 ns, Cleanup: 36400 ns, At safepoint: 20600 ns, Total: 336700 ns
[2025-05-20T20:51:48.278+0300][23452][15008][debug][safepoint] Safepoint synchronization initiated using striped semaphore wait barrier. (32 threads)
[2025-05-20T20:51:48.278+0300][23452][15008][info ][safepoint] Safepoint "Cleanup", Time since last: 7071071000 ns, Reaching safepoint: 224400 ns, Cleanup: 48100 ns, At safepoint: 51400 ns, Total: 323900 ns
[2025-05-20T20:51:53.329+0300][23452][15008][debug][safepoint] Safepoint synchronization initiated using striped semaphore wait barrier. (32 threads)
[2025-05-20T20:51:53.329+0300][23452][15008][info ][safepoint] Safepoint "Cleanup", Time since last: 5050546100 ns, Reaching safepoint: 191200 ns, Cleanup: 34700 ns, At safepoint: 25900 ns, Total: 251800 ns
[2025-05-20T20:52:02.903+0300][23452][15008][debug][safepoint] Safepoint synchronization initiated using striped semaphore wait barrier. (32 threads)
[2025-05-20T20:52:02.903+0300][23452][15008][debug][gc,heap  ] GC(12) Heap before GC invocations=12 (full 3):
[2025-05-20T20:52:02.903+0300][23452][15008][debug][gc,heap  ] GC(12)  garbage-first heap   total 4194304K, used 2527570K [0x0000000700000000, 0x0000000800000000)
[2025-05-20T20:52:02.903+0300][23452][15008][debug][gc,heap  ] GC(12)   region size 2048K, 1228 young (2514944K), 2 survivors (4096K)
[2025-05-20T20:52:02.903+0300][23452][15008][debug][gc,heap  ] GC(12)  Metaspace       used 34409K, committed 35520K, reserved 1114112K
[2025-05-20T20:52:02.903+0300][23452][15008][debug][gc,heap  ] GC(12)   class space    used 2864K, committed 3328K, reserved 1048576K
[2025-05-20T20:52:02.906+0300][23452][15008][info ][gc,phases] GC(12)   Pre Evacuate Collection Set: 0.7ms
[2025-05-20T20:52:02.906+0300][23452][15008][debug][gc,phases] GC(12)     Pre Evacuate Prepare: 0.3ms
[2025-05-20T20:52:02.906+0300][23452][15008][debug][gc,phases] GC(12)       JT Retire TLABs And Flush Logs (ms): Min:  0.0, Avg:  0.0, Max:  0.0, Diff:  0.0, Sum:  0.0, Workers: 2
[2025-05-20T20:52:02.906+0300][23452][15008][debug][gc,phases] GC(12)       Non-JT Flush Logs (ms):        Min:  0.0, Avg:  0.0, Max:  0.0, Diff:  0.0, Sum:  0.0, Workers: 1
[2025-05-20T20:52:02.906+0300][23452][15008][debug][gc,phases] GC(12)     Choose Collection Set: 0.0ms
[2025-05-20T20:52:02.906+0300][23452][15008][debug][gc,phases] GC(12)     Region Register: 0.4ms
[2025-05-20T20:52:02.906+0300][23452][15008][debug][gc,phases] GC(12)     Prepare Heap Roots: 0.0ms
[2025-05-20T20:52:02.906+0300][23452][15008][info ][gc,phases] GC(12)   Merge Heap Roots: 0.4ms
[2025-05-20T20:52:02.906+0300][23452][15008][debug][gc,phases] GC(12)     Prepare Merge Heap Roots: 0.0ms
[2025-05-20T20:52:02.906+0300][23452][15008][debug][gc,phases] GC(12)     Remembered Sets (ms):          Min:  0.1, Avg:  0.2, Max:  0.2, Diff:  0.1, Sum:  1.4, Workers: 8
[2025-05-20T20:52:02.906+0300][23452][15008][debug][gc,phases] GC(12)       Eager Reclaim (ms):            skipped
[2025-05-20T20:52:02.906+0300][23452][15008][debug][gc,phases] GC(12)       Merged Inline                  Min: 0, Avg:  0.0, Max: 0, Diff: 0, Sum: 0, Workers: 8
[2025-05-20T20:52:02.906+0300][23452][15008][debug][gc,phases] GC(12)       Merged ArrayOfCards            Min: 0, Avg:  0.0, Max: 0, Diff: 0, Sum: 0, Workers: 8
[2025-05-20T20:52:02.906+0300][23452][15008][debug][gc,phases] GC(12)       Merged Howl                    Min: 0, Avg:  0.0, Max: 0, Diff: 0, Sum: 0, Workers: 8
[2025-05-20T20:52:02.906+0300][23452][15008][debug][gc,phases] GC(12)       Merged Full                    Min: 0, Avg:  0.0, Max: 0, Diff: 0, Sum: 0, Workers: 8
[2025-05-20T20:52:02.906+0300][23452][15008][debug][gc,phases] GC(12)       Merged Howl Inline             Min: 0, Avg:  0.0, Max: 0, Diff: 0, Sum: 0, Workers: 8
[2025-05-20T20:52:02.906+0300][23452][15008][debug][gc,phases] GC(12)       Merged Howl ArrayOfCards       Min: 0, Avg:  0.0, Max: 0, Diff: 0, Sum: 0, Workers: 8
[2025-05-20T20:52:02.906+0300][23452][15008][debug][gc,phases] GC(12)       Merged Howl BitMap             Min: 0, Avg:  0.0, Max: 0, Diff: 0, Sum: 0, Workers: 8
[2025-05-20T20:52:02.906+0300][23452][15008][debug][gc,phases] GC(12)       Merged Howl Full               Min: 0, Avg:  0.0, Max: 0, Diff: 0, Sum: 0, Workers: 8
[2025-05-20T20:52:02.906+0300][23452][15008][debug][gc,phases] GC(12)       Merged Cards                   Min: 8, Avg:  8.0, Max: 8, Diff: 0, Sum: 64, Workers: 8
[2025-05-20T20:52:02.906+0300][23452][15008][debug][gc,phases] GC(12)     Log Buffers (ms):              Min:  0.0, Avg:  0.0, Max:  0.0, Diff:  0.0, Sum:  0.0, Workers: 8
[2025-05-20T20:52:02.906+0300][23452][15008][debug][gc,phases] GC(12)       Dirty Cards:                   Min: 0, Avg: 58.8, Max: 315, Diff: 315, Sum: 470, Workers: 8
[2025-05-20T20:52:02.906+0300][23452][15008][debug][gc,phases] GC(12)       Skipped Cards:                 Min: 0, Avg:  0.0, Max: 0, Diff: 0, Sum: 0, Workers: 8
[2025-05-20T20:52:02.906+0300][23452][15008][info ][gc,phases] GC(12)   Evacuate Collection Set: 2.2ms
[2025-05-20T20:52:02.906+0300][23452][15008][debug][gc,phases] GC(12)     Ext Root Scanning (ms):        Min:  0.0, Avg:  0.2, Max:  0.4, Diff:  0.4, Sum:  1.6, Workers: 8
[2025-05-20T20:52:02.906+0300][23452][15008][debug][gc,phases] GC(12)     Scan Heap Roots (ms):          Min:  0.0, Avg:  0.2, Max:  0.3, Diff:  0.3, Sum:  1.2, Workers: 8
[2025-05-20T20:52:02.906+0300][23452][15008][debug][gc,phases] GC(12)       Scanned Cards:                 Min: 0, Avg: 57.4, Max: 129, Diff: 129, Sum: 459, Workers: 8
[2025-05-20T20:52:02.906+0300][23452][15008][debug][gc,phases] GC(12)       Scanned Blocks:                Min: 0, Avg: 32.4, Max: 81, Diff: 81, Sum: 259, Workers: 8
[2025-05-20T20:52:02.906+0300][23452][15008][debug][gc,phases] GC(12)       Claimed Chunks:                Min: 0, Avg: 15.9, Max: 42, Diff: 42, Sum: 127, Workers: 8
[2025-05-20T20:52:02.906+0300][23452][15008][debug][gc,phases] GC(12)       Found Roots:                   Min: 0, Avg: 250.4, Max: 927, Diff: 927, Sum: 2003, Workers: 8
[2025-05-20T20:52:02.906+0300][23452][15008][debug][gc,phases] GC(12)     Code Root Scan (ms):           Min:  0.3, Avg:  0.7, Max:  1.1, Diff:  0.7, Sum:  5.7, Workers: 8
[2025-05-20T20:52:02.906+0300][23452][15008][debug][gc,phases] GC(12)       Scanned Nmethods               Min: 10, Avg: 48.9, Max: 89, Diff: 79, Sum: 391, Workers: 8
[2025-05-20T20:52:02.906+0300][23452][15008][debug][gc,phases] GC(12)     Object Copy (ms):              Min:  0.3, Avg:  0.7, Max:  1.2, Diff:  0.9, Sum:  5.9, Workers: 8
[2025-05-20T20:52:02.906+0300][23452][15008][debug][gc,phases] GC(12)     Termination (ms):              Min:  0.0, Avg:  0.0, Max:  0.0, Diff:  0.0, Sum:  0.1, Workers: 8
[2025-05-20T20:52:02.906+0300][23452][15008][debug][gc,phases] GC(12)       Termination Attempts:          Min: 1, Avg:  1.0, Max: 1, Diff: 0, Sum: 8, Workers: 8
[2025-05-20T20:52:02.906+0300][23452][15008][debug][gc,phases] GC(12)     GC Worker Other (ms):          Min:  0.2, Avg:  0.3, Max:  0.4, Diff:  0.2, Sum:  2.1, Workers: 8
[2025-05-20T20:52:02.906+0300][23452][15008][debug][gc,phases] GC(12)     GC Worker Total (ms):          Min:  2.1, Avg:  2.1, Max:  2.1, Diff:  0.1, Sum: 16.6, Workers: 8
[2025-05-20T20:52:02.906+0300][23452][15008][info ][gc,phases] GC(12)   Post Evacuate Collection Set: 1.7ms
[2025-05-20T20:52:02.906+0300][23452][15008][debug][gc,phases] GC(12)     NMethod List Cleanup: 0.1ms
[2025-05-20T20:52:02.906+0300][23452][15008][debug][gc,phases] GC(12)     Reference Processing: 0.1ms
[2025-05-20T20:52:02.906+0300][23452][15008][debug][gc,phases] GC(12)     Weak Processing: 0.2ms
[2025-05-20T20:52:02.906+0300][23452][15008][debug][gc,phases] GC(12)       VM Weak                        Min:  0.0, Avg:  0.0, Max:  0.0, Diff:  0.0, Sum:  0.0, Workers: 8
[2025-05-20T20:52:02.906+0300][23452][15008][debug][gc,phases] GC(12)         Dead                           Min: 0, Avg:  0.0, Max: 0, Diff: 0, Sum: 0, Workers: 8
[2025-05-20T20:52:02.906+0300][23452][15008][debug][gc,phases] GC(12)         Total                          Min: 0, Avg: 49.5, Max: 396, Diff: 396, Sum: 396, Workers: 8
[2025-05-20T20:52:02.906+0300][23452][15008][debug][gc,phases] GC(12)       ObjectSynchronizer Weak        Min:  0.0, Avg:  0.0, Max:  0.0, Diff:  0.0, Sum:  0.0, Workers: 8
[2025-05-20T20:52:02.906+0300][23452][15008][debug][gc,phases] GC(12)         Dead                           Min: 0, Avg:  0.0, Max: 0, Diff: 0, Sum: 0, Workers: 8
[2025-05-20T20:52:02.906+0300][23452][15008][debug][gc,phases] GC(12)         Total                          Min: 0, Avg:  3.6, Max: 29, Diff: 29, Sum: 29, Workers: 8
[2025-05-20T20:52:02.906+0300][23452][15008][debug][gc,phases] GC(12)       JVMTI Tag Weak OopStorage      Min:  0.0, Avg:  0.0, Max:  0.0, Diff:  0.0, Sum:  0.0, Workers: 8
[2025-05-20T20:52:02.906+0300][23452][15008][debug][gc,phases] GC(12)         Dead                           Min: 0, Avg:  0.0, Max: 0, Diff: 0, Sum: 0, Workers: 8
[2025-05-20T20:52:02.906+0300][23452][15008][debug][gc,phases] GC(12)         Total                          Min: 0, Avg:  0.0, Max: 0, Diff: 0, Sum: 0, Workers: 8
[2025-05-20T20:52:02.906+0300][23452][15008][debug][gc,phases] GC(12)       StringTable Weak               Min:  0.1, Avg:  0.1, Max:  0.1, Diff:  0.1, Sum:  0.6, Workers: 8
[2025-05-20T20:52:02.906+0300][23452][15008][debug][gc,phases] GC(12)         Dead                           Min: 0, Avg:  0.0, Max: 0, Diff: 0, Sum: 0, Workers: 8
[2025-05-20T20:52:02.906+0300][23452][15008][debug][gc,phases] GC(12)         Total                          Min: 2048, Avg: 3498.6, Max: 6976, Diff: 4928, Sum: 27989, Workers: 8
[2025-05-20T20:52:02.906+0300][23452][15008][debug][gc,phases] GC(12)       ResolvedMethodTable Weak       Min:  0.0, Avg:  0.0, Max:  0.0, Diff:  0.0, Sum:  0.1, Workers: 8
[2025-05-20T20:52:02.906+0300][23452][15008][debug][gc,phases] GC(12)         Dead                           Min: 0, Avg:  0.0, Max: 0, Diff: 0, Sum: 0, Workers: 8
[2025-05-20T20:52:02.906+0300][23452][15008][debug][gc,phases] GC(12)         Total                          Min: 191, Avg: 224.4, Max: 320, Diff: 129, Sum: 1795, Workers: 8
[2025-05-20T20:52:02.906+0300][23452][15008][debug][gc,phases] GC(12)       JNI Weak                       Min:  0.0, Avg:  0.0, Max:  0.0, Diff:  0.0, Sum:  0.0, Workers: 8
[2025-05-20T20:52:02.906+0300][23452][15008][debug][gc,phases] GC(12)         Dead                           Min: 0, Avg:  0.0, Max: 0, Diff: 0, Sum: 0, Workers: 8
[2025-05-20T20:52:02.906+0300][23452][15008][debug][gc,phases] GC(12)         Total                          Min: 0, Avg:  0.0, Max: 0, Diff: 0, Sum: 0, Workers: 8
[2025-05-20T20:52:02.906+0300][23452][15008][debug][gc,phases] GC(12)       StringDedup Table Weak         Min:  0.0, Avg:  0.0, Max:  0.0, Diff:  0.0, Sum:  0.0, Workers: 8
[2025-05-20T20:52:02.906+0300][23452][15008][debug][gc,phases] GC(12)         Dead                           Min: 0, Avg:  0.0, Max: 0, Diff: 0, Sum: 0, Workers: 8
[2025-05-20T20:52:02.906+0300][23452][15008][debug][gc,phases] GC(12)         Total                          Min: 0, Avg:  0.0, Max: 0, Diff: 0, Sum: 0, Workers: 8
[2025-05-20T20:52:02.906+0300][23452][15008][debug][gc,phases] GC(12)       StringDedup Requests0 Weak     Min:  0.0, Avg:  0.0, Max:  0.0, Diff:  0.0, Sum:  0.0, Workers: 8
[2025-05-20T20:52:02.906+0300][23452][15008][debug][gc,phases] GC(12)         Dead                           Min: 0, Avg:  0.0, Max: 0, Diff: 0, Sum: 0, Workers: 8
[2025-05-20T20:52:02.906+0300][23452][15008][debug][gc,phases] GC(12)         Total                          Min: 0, Avg:  0.0, Max: 0, Diff: 0, Sum: 0, Workers: 8
[2025-05-20T20:52:02.906+0300][23452][15008][debug][gc,phases] GC(12)       StringDedup Requests1 Weak     Min:  0.0, Avg:  0.0, Max:  0.0, Diff:  0.0, Sum:  0.0, Workers: 8
[2025-05-20T20:52:02.906+0300][23452][15008][debug][gc,phases] GC(12)         Dead                           Min: 0, Avg:  0.0, Max: 0, Diff: 0, Sum: 0, Workers: 8
[2025-05-20T20:52:02.906+0300][23452][15008][debug][gc,phases] GC(12)         Total                          Min: 0, Avg:  0.0, Max: 0, Diff: 0, Sum: 0, Workers: 8
[2025-05-20T20:52:02.906+0300][23452][15008][debug][gc,phases] GC(12)       Weak JFR Old Object Samples    Min:  0.0, Avg:  0.0, Max:  0.0, Diff:  0.0, Sum:  0.0, Workers: 8
[2025-05-20T20:52:02.906+0300][23452][15008][debug][gc,phases] GC(12)         Dead                           Min: 0, Avg:  0.0, Max: 0, Diff: 0, Sum: 0, Workers: 8
[2025-05-20T20:52:02.906+0300][23452][15008][debug][gc,phases] GC(12)         Total                          Min: 0, Avg:  0.0, Max: 0, Diff: 0, Sum: 0, Workers: 8
[2025-05-20T20:52:02.906+0300][23452][15008][debug][gc,phases] GC(12)     Post Evacuate Cleanup 1: 0.6ms
[2025-05-20T20:52:02.906+0300][23452][15008][debug][gc,phases] GC(12)       Merge Per-Thread State (ms):   Min:  0.1, Avg:  0.1, Max:  0.1, Diff:  0.0, Sum:  0.1, Workers: 1
[2025-05-20T20:52:02.906+0300][23452][15008][debug][gc,phases] GC(12)         Copied Bytes                   Min: 34696, Avg: 295302.0, Max: 1110288, Diff: 1075592, Sum: 2362416, Workers: 8
[2025-05-20T20:52:02.906+0300][23452][15008][debug][gc,phases] GC(12)         LAB Waste                      Min: 24, Avg: 458.0, Max: 1680, Diff: 1656, Sum: 3664, Workers: 8
[2025-05-20T20:52:02.906+0300][23452][15008][debug][gc,phases] GC(12)         LAB Undo Waste                 Min: 0, Avg:  0.0, Max: 0, Diff: 0, Sum: 0, Workers: 8
[2025-05-20T20:52:02.906+0300][23452][15008][debug][gc,phases] GC(12)       Clear Logged Cards (ms):       Min:  0.0, Avg:  0.2, Max:  0.4, Diff:  0.4, Sum:  1.6, Workers: 7
[2025-05-20T20:52:02.906+0300][23452][15008][debug][gc,phases] GC(12)       Recalculate Used Memory (ms):  Min:  0.0, Avg:  0.0, Max:  0.0, Diff:  0.0, Sum:  0.0, Workers: 1
[2025-05-20T20:52:02.906+0300][23452][15008][debug][gc,phases] GC(12)     Post Evacuate Cleanup 2: 0.5ms
[2025-05-20T20:52:02.906+0300][23452][15008][debug][gc,phases] GC(12)       Update Derived Pointers (ms):  Min:  0.0, Avg:  0.0, Max:  0.0, Diff:  0.0, Sum:  0.0, Workers: 1
[2025-05-20T20:52:02.906+0300][23452][15008][debug][gc,phases] GC(12)       Eagerly Reclaim Humongous Objects (ms): skipped
[2025-05-20T20:52:02.906+0300][23452][15008][debug][gc,phases] GC(12)         Humongous Total                skipped
[2025-05-20T20:52:02.906+0300][23452][15008][debug][gc,phases] GC(12)         Humongous Candidates           skipped
[2025-05-20T20:52:02.906+0300][23452][15008][debug][gc,phases] GC(12)         Humongous Reclaimed            skipped
[2025-05-20T20:52:02.906+0300][23452][15008][debug][gc,phases] GC(12)       Redirty Logged Cards (ms):     Min:  0.0, Avg:  0.0, Max:  0.0, Diff:  0.0, Sum:  0.0, Workers: 8
[2025-05-20T20:52:02.906+0300][23452][15008][debug][gc,phases] GC(12)         Redirtied Cards:               Min: 0, Avg: 41.4, Max: 331, Diff: 331, Sum: 331, Workers: 8
[2025-05-20T20:52:02.906+0300][23452][15008][debug][gc,phases] GC(12)       Resize TLABs (ms):             Min:  0.0, Avg:  0.0, Max:  0.0, Diff:  0.0, Sum:  0.0, Workers: 8
[2025-05-20T20:52:02.906+0300][23452][15008][debug][gc,phases] GC(12)       Free Collection Set (ms):      Min:  0.3, Avg:  0.3, Max:  0.4, Diff:  0.1, Sum:  2.4, Workers: 8
[2025-05-20T20:52:02.906+0300][23452][15008][debug][gc,phases] GC(12)     Rebuild Free List: 0.2ms
[2025-05-20T20:52:02.906+0300][23452][15008][debug][gc,phases] GC(12)     Prepare For Mutator: 0.0ms
[2025-05-20T20:52:02.906+0300][23452][15008][debug][gc,phases] GC(12)     Expand Heap After Collection: 0.0ms
[2025-05-20T20:52:02.906+0300][23452][15008][info ][gc,phases] GC(12)   Other: 0.2ms
[2025-05-20T20:52:02.906+0300][23452][15008][info ][gc,heap  ] GC(12) Eden regions: 1226->0(1226)
[2025-05-20T20:52:02.906+0300][23452][15008][info ][gc,heap  ] GC(12) Survivor regions: 2->2(154)
[2025-05-20T20:52:02.906+0300][23452][15008][info ][gc,heap  ] GC(12) Old regions: 10->10
[2025-05-20T20:52:02.906+0300][23452][15008][info ][gc,heap  ] GC(12) Humongous regions: 0->0
[2025-05-20T20:52:02.906+0300][23452][15008][debug][gc,heap  ] GC(12) Heap after GC invocations=13 (full 3):
[2025-05-20T20:52:02.906+0300][23452][15008][debug][gc,heap  ] GC(12)  garbage-first heap   total 4194304K, used 16517K [0x0000000700000000, 0x0000000800000000)
[2025-05-20T20:52:02.906+0300][23452][15008][debug][gc,heap  ] GC(12)   region size 2048K, 2 young (4096K), 2 survivors (4096K)
[2025-05-20T20:52:02.906+0300][23452][15008][debug][gc,heap  ] GC(12)  Metaspace       used 34409K, committed 35520K, reserved 1114112K
[2025-05-20T20:52:02.906+0300][23452][15008][debug][gc,heap  ] GC(12)   class space    used 2864K, committed 3328K, reserved 1048576K
[2025-05-20T20:52:02.906+0300][23452][15008][info ][gc       ] GC(12) Pause Young (Normal) (G1 Evacuation Pause) 2468M->16M(4096M) 7.311ms
[2025-05-20T20:52:02.906+0300][23452][15008][info ][safepoint] Safepoint "G1CollectForAllocation", Time since last: 9573410400 ns, Reaching safepoint: 178700 ns, Cleanup: 24200 ns, At safepoint: 7365800 ns, Total: 7568700 ns
[2025-05-20T20:52:19.647+0300][23452][15008][debug][safepoint] Safepoint synchronization initiated using striped semaphore wait barrier. (12 threads)
