[2025-05-20T20:17:06.969+0300][18492][1560][debug][gc,heap] Minimum heap 4294967296  Initial heap 4294967296  Maximum heap 4294967296
[2025-05-20T20:17:06.969+0300][18492][1560][info ][gc     ] Using G1
[2025-05-20T20:17:06.969+0300][18492][1560][debug][gc     ] ConcGCThreads: 2 offset 16
[2025-05-20T20:17:06.969+0300][18492][1560][debug][gc     ] ParallelGCThreads: 8
[2025-05-20T20:17:06.969+0300][18492][1560][debug][gc     ] Initialize mark stack with 4096 chunks, maximum 524288
[2025-05-20T20:17:08.223+0300][18492][12796][debug][safepoint] Safepoint synchronization initiated using striped semaphore wait barrier. (12 threads)
[2025-05-20T20:17:08.223+0300][18492][12796][info ][safepoint] Safepoint "Cleanup", Time since last: 1236703100 ns, Reaching safepoint: 958000 ns, Cleanup: 55400 ns, At safepoint: 5100 ns, Total: 1018500 ns
[2025-05-20T20:17:08.637+0300][18492][12796][debug][safepoint] Safepoint synchronization initiated using striped semaphore wait barrier. (13 threads)
[2025-05-20T20:17:08.637+0300][18492][12796][info ][safepoint] Safepoint "ICBufferFull", Time since last: 407657100 ns, Reaching safepoint: 67100 ns, Cleanup: 126700 ns, At safepoint: 6900 ns, Total: 200700 ns
[2025-05-20T20:17:09.123+0300][18492][12796][debug][safepoint] Safepoint synchronization initiated using striped semaphore wait barrier. (13 threads)
[2025-05-20T20:17:09.123+0300][18492][12796][info ][safepoint] Safepoint "ICBufferFull", Time since last: 486429900 ns, Reaching safepoint: 46800 ns, Cleanup: 80800 ns, At safepoint: 1200 ns, Total: 128800 ns
[2025-05-20T20:17:09.638+0300][18492][12796][debug][safepoint] Safepoint synchronization initiated using striped semaphore wait barrier. (13 threads)
[2025-05-20T20:17:09.638+0300][18492][12796][info ][safepoint] Safepoint "ICBufferFull", Time since last: 514844000 ns, Reaching safepoint: 50200 ns, Cleanup: 91400 ns, At safepoint: 5100 ns, Total: 146700 ns
[2025-05-20T20:17:10.106+0300][18492][12796][debug][safepoint] Safepoint synchronization initiated using striped semaphore wait barrier. (23 threads)
[2025-05-20T20:17:10.106+0300][18492][12796][info ][safepoint] Safepoint "ICBufferFull", Time since last: 463850700 ns, Reaching safepoint: 57500 ns, Cleanup: 86200 ns, At safepoint: 1800 ns, Total: 145500 ns
[2025-05-20T20:17:10.106+0300][18492][12796][debug][safepoint] Safepoint synchronization initiated using striped semaphore wait barrier. (25 threads)
[2025-05-20T20:17:10.106+0300][18492][12796][debug][gc,heap  ] GC(0) Heap before GC invocations=0 (full 0):
[2025-05-20T20:17:10.106+0300][18492][12796][debug][gc,heap  ] GC(0)  garbage-first heap   total 4194304K, used 182272K [0x0000000700000000, 0x0000000800000000)
[2025-05-20T20:17:10.106+0300][18492][12796][debug][gc,heap  ] GC(0)   region size 2048K, 91 young (186368K), 0 survivors (0K)
[2025-05-20T20:17:10.106+0300][18492][12796][debug][gc,heap  ] GC(0)  Metaspace       used 15317K, committed 15680K, reserved 1114112K
[2025-05-20T20:17:10.106+0300][18492][12796][debug][gc,heap  ] GC(0)   class space    used 1511K, committed 1728K, reserved 1048576K
[2025-05-20T20:17:10.122+0300][18492][12796][debug][gc,phases] GC(0) Phase 1: Reference Processing 0.584ms
[2025-05-20T20:17:10.122+0300][18492][12796][debug][gc,phases] GC(0)   VM Weak                        Min:  0.0, Avg:  0.0, Max:  0.0, Diff:  0.0, Sum:  0.0, Workers: 8
[2025-05-20T20:17:10.122+0300][18492][12796][debug][gc,phases] GC(0)     Dead                           Min: 0, Avg:  0.0, Max: 0, Diff: 0, Sum: 0, Workers: 8
[2025-05-20T20:17:10.122+0300][18492][12796][debug][gc,phases] GC(0)     Total                          Min: 0, Avg: 23.5, Max: 124, Diff: 124, Sum: 188, Workers: 8
[2025-05-20T20:17:10.122+0300][18492][12796][debug][gc,phases] GC(0)   ObjectSynchronizer Weak        Min:  0.0, Avg:  0.0, Max:  0.0, Diff:  0.0, Sum:  0.0, Workers: 8
[2025-05-20T20:17:10.122+0300][18492][12796][debug][gc,phases] GC(0)     Dead                           Min: 0, Avg:  0.2, Max: 2, Diff: 2, Sum: 2, Workers: 8
[2025-05-20T20:17:10.122+0300][18492][12796][debug][gc,phases] GC(0)     Total                          Min: 0, Avg:  0.9, Max: 7, Diff: 7, Sum: 7, Workers: 8
[2025-05-20T20:17:10.122+0300][18492][12796][debug][gc,phases] GC(0)   JVMTI Tag Weak OopStorage      Min:  0.0, Avg:  0.0, Max:  0.0, Diff:  0.0, Sum:  0.0, Workers: 8
[2025-05-20T20:17:10.122+0300][18492][12796][debug][gc,phases] GC(0)     Dead                           Min: 0, Avg:  0.0, Max: 0, Diff: 0, Sum: 0, Workers: 8
[2025-05-20T20:17:10.122+0300][18492][12796][debug][gc,phases] GC(0)     Total                          Min: 0, Avg:  0.0, Max: 0, Diff: 0, Sum: 0, Workers: 8
[2025-05-20T20:17:10.122+0300][18492][12796][debug][gc,phases] GC(0)   StringTable Weak               Min:  0.0, Avg:  0.0, Max:  0.1, Diff:  0.1, Sum:  0.2, Workers: 8
[2025-05-20T20:17:10.122+0300][18492][12796][debug][gc,phases] GC(0)     Dead                           Min: 0, Avg: 46.2, Max: 86, Diff: 86, Sum: 370, Workers: 8
[2025-05-20T20:17:10.122+0300][18492][12796][debug][gc,phases] GC(0)     Total                          Min: 0, Avg: 2581.4, Max: 5760, Diff: 5760, Sum: 20651, Workers: 8
[2025-05-20T20:17:10.122+0300][18492][12796][debug][gc,phases] GC(0)   ResolvedMethodTable Weak       Min:  0.0, Avg:  0.0, Max:  0.0, Diff:  0.0, Sum:  0.0, Workers: 8
[2025-05-20T20:17:10.122+0300][18492][12796][debug][gc,phases] GC(0)     Dead                           Min: 0, Avg: 12.9, Max: 22, Diff: 22, Sum: 103, Workers: 8
[2025-05-20T20:17:10.122+0300][18492][12796][debug][gc,phases] GC(0)     Total                          Min: 0, Avg: 140.6, Max: 192, Diff: 192, Sum: 1125, Workers: 8
[2025-05-20T20:17:10.122+0300][18492][12796][debug][gc,phases] GC(0)   JNI Weak                       Min:  0.0, Avg:  0.0, Max:  0.0, Diff:  0.0, Sum:  0.0, Workers: 8
[2025-05-20T20:17:10.122+0300][18492][12796][debug][gc,phases] GC(0)     Dead                           Min: 0, Avg:  0.0, Max: 0, Diff: 0, Sum: 0, Workers: 8
[2025-05-20T20:17:10.122+0300][18492][12796][debug][gc,phases] GC(0)     Total                          Min: 0, Avg:  0.0, Max: 0, Diff: 0, Sum: 0, Workers: 8
[2025-05-20T20:17:10.122+0300][18492][12796][debug][gc,phases] GC(0)   StringDedup Table Weak         Min:  0.0, Avg:  0.0, Max:  0.0, Diff:  0.0, Sum:  0.0, Workers: 8
[2025-05-20T20:17:10.122+0300][18492][12796][debug][gc,phases] GC(0)     Dead                           Min: 0, Avg:  0.0, Max: 0, Diff: 0, Sum: 0, Workers: 8
[2025-05-20T20:17:10.122+0300][18492][12796][debug][gc,phases] GC(0)     Total                          Min: 0, Avg:  0.0, Max: 0, Diff: 0, Sum: 0, Workers: 8
[2025-05-20T20:17:10.122+0300][18492][12796][debug][gc,phases] GC(0)   StringDedup Requests0 Weak     Min:  0.0, Avg:  0.0, Max:  0.0, Diff:  0.0, Sum:  0.0, Workers: 8
[2025-05-20T20:17:10.122+0300][18492][12796][debug][gc,phases] GC(0)     Dead                           Min: 0, Avg:  0.0, Max: 0, Diff: 0, Sum: 0, Workers: 8
[2025-05-20T20:17:10.122+0300][18492][12796][debug][gc,phases] GC(0)     Total                          Min: 0, Avg:  0.0, Max: 0, Diff: 0, Sum: 0, Workers: 8
[2025-05-20T20:17:10.122+0300][18492][12796][debug][gc,phases] GC(0)   StringDedup Requests1 Weak     Min:  0.0, Avg:  0.0, Max:  0.0, Diff:  0.0, Sum:  0.0, Workers: 8
[2025-05-20T20:17:10.122+0300][18492][12796][debug][gc,phases] GC(0)     Dead                           Min: 0, Avg:  0.0, Max: 0, Diff: 0, Sum: 0, Workers: 8
[2025-05-20T20:17:10.122+0300][18492][12796][debug][gc,phases] GC(0)     Total                          Min: 0, Avg:  0.0, Max: 0, Diff: 0, Sum: 0, Workers: 8
[2025-05-20T20:17:10.122+0300][18492][12796][debug][gc,phases] GC(0)   Weak JFR Old Object Samples    Min:  0.0, Avg:  0.0, Max:  0.0, Diff:  0.0, Sum:  0.0, Workers: 8
[2025-05-20T20:17:10.122+0300][18492][12796][debug][gc,phases] GC(0)     Dead                           Min: 0, Avg:  0.0, Max: 0, Diff: 0, Sum: 0, Workers: 8
[2025-05-20T20:17:10.122+0300][18492][12796][debug][gc,phases] GC(0)     Total                          Min: 0, Avg:  0.0, Max: 0, Diff: 0, Sum: 0, Workers: 8
[2025-05-20T20:17:10.122+0300][18492][12796][debug][gc,phases] GC(0) Phase 1: Weak Processing 0.611ms
[2025-05-20T20:17:10.122+0300][18492][12796][debug][gc,phases] GC(0) ClassLoaderData 0.019ms
[2025-05-20T20:17:10.122+0300][18492][12796][debug][gc,phases] GC(0) Trigger cleanups 0.000ms
[2025-05-20T20:17:10.122+0300][18492][12796][debug][gc,phases] GC(0) G1 Complete Cleaning 3.489ms
[2025-05-20T20:17:10.122+0300][18492][12796][debug][gc,phases] GC(0) Purge Unlinked NMethods 0.001ms
[2025-05-20T20:17:10.122+0300][18492][12796][debug][gc,phases] GC(0) Unregister NMethods 0.146ms
[2025-05-20T20:17:10.122+0300][18492][12796][debug][gc,phases] GC(0) Free Code Blobs 0.002ms
[2025-05-20T20:17:10.122+0300][18492][12796][debug][gc,phases] GC(0) Purge Class Loader Data 0.199ms
[2025-05-20T20:17:10.122+0300][18492][12796][debug][gc,phases] GC(0) Phase 1: Class Unloading and Cleanup 3.998ms
[2025-05-20T20:17:10.122+0300][18492][12796][debug][gc,phases] GC(0) Report Object Count 0.001ms
[2025-05-20T20:17:10.122+0300][18492][12796][info ][gc,phases] GC(0) Phase 1: Mark live objects 9.001ms
[2025-05-20T20:17:10.122+0300][18492][12796][debug][gc,phases] GC(0) Phase 2: Determine work lists 0.072ms
[2025-05-20T20:17:10.122+0300][18492][12796][debug][gc,phases] GC(0) Phase 2: Prepare parallel compaction 1.935ms
[2025-05-20T20:17:10.122+0300][18492][12796][info ][gc,phases] GC(0) Phase 2: Prepare compaction 2.054ms
[2025-05-20T20:17:10.131+0300][18492][12796][info ][gc,phases] GC(0) Phase 3: Adjust pointers 3.580ms
[2025-05-20T20:17:10.131+0300][18492][12796][info ][gc,phases] GC(0) Phase 4: Compact heap 2.446ms
[2025-05-20T20:17:10.131+0300][18492][12796][info ][gc,phases] GC(0) Phase 5: Reset Metadata 1.131ms
[2025-05-20T20:17:10.142+0300][18492][12796][info ][gc,heap  ] GC(0) Eden regions: 91->0(102)
[2025-05-20T20:17:10.142+0300][18492][12796][info ][gc,heap  ] GC(0) Survivor regions: 0->0(0)
[2025-05-20T20:17:10.142+0300][18492][12796][info ][gc,heap  ] GC(0) Old regions: 0->8
[2025-05-20T20:17:10.142+0300][18492][12796][info ][gc,heap  ] GC(0) Humongous regions: 0->0
[2025-05-20T20:17:10.142+0300][18492][12796][debug][gc,heap  ] GC(0) Heap after GC invocations=1 (full 1):
[2025-05-20T20:17:10.142+0300][18492][12796][debug][gc,heap  ] GC(0)  garbage-first heap   total 4194304K, used 9488K [0x0000000700000000, 0x0000000800000000)
[2025-05-20T20:17:10.142+0300][18492][12796][debug][gc,heap  ] GC(0)   region size 2048K, 0 young (0K), 0 survivors (0K)
[2025-05-20T20:17:10.142+0300][18492][12796][debug][gc,heap  ] GC(0)  Metaspace       used 15317K, committed 15680K, reserved 1114112K
[2025-05-20T20:17:10.142+0300][18492][12796][debug][gc,heap  ] GC(0)   class space    used 1511K, committed 1728K, reserved 1048576K
[2025-05-20T20:17:10.142+0300][18492][12796][info ][gc       ] GC(0) Pause Full (System.gc()) 181M->9M(4096M) 27.044ms
[2025-05-20T20:17:10.142+0300][18492][12796][info ][safepoint] Safepoint "G1CollectFull", Time since last: 6833900 ns, Reaching safepoint: 42300 ns, Cleanup: 9100 ns, At safepoint: 27080900 ns, Total: 27132300 ns
[2025-05-20T20:17:10.896+0300][18492][12796][debug][safepoint] Safepoint synchronization initiated using striped semaphore wait barrier. (34 threads)
[2025-05-20T20:17:10.896+0300][18492][12796][info ][safepoint] Safepoint "ICBufferFull", Time since last: 760730600 ns, Reaching safepoint: 59900 ns, Cleanup: 86300 ns, At safepoint: 1300 ns, Total: 147500 ns
[2025-05-20T20:17:10.959+0300][18492][12796][debug][safepoint] Safepoint synchronization initiated using striped semaphore wait barrier. (34 threads)
[2025-05-20T20:17:10.959+0300][18492][12796][debug][gc,heap  ] GC(1) Heap before GC invocations=1 (full 1):
[2025-05-20T20:17:10.959+0300][18492][12796][debug][gc,heap  ] GC(1)  garbage-first heap   total 4194304K, used 130320K [0x0000000700000000, 0x0000000800000000)
[2025-05-20T20:17:10.959+0300][18492][12796][debug][gc,heap  ] GC(1)   region size 2048K, 61 young (124928K), 0 survivors (0K)
[2025-05-20T20:17:10.959+0300][18492][12796][debug][gc,heap  ] GC(1)  Metaspace       used 25723K, committed 26176K, reserved 1114112K
[2025-05-20T20:17:10.959+0300][18492][12796][debug][gc,heap  ] GC(1)   class space    used 2446K, committed 2688K, reserved 1048576K
[2025-05-20T20:17:10.972+0300][18492][12796][info ][gc,phases] GC(1)   Pre Evacuate Collection Set: 0.4ms
[2025-05-20T20:17:10.972+0300][18492][12796][debug][gc,phases] GC(1)     Pre Evacuate Prepare: 0.1ms
[2025-05-20T20:17:10.972+0300][18492][12796][debug][gc,phases] GC(1)       JT Retire TLABs And Flush Logs (ms): Min:  0.0, Avg:  0.0, Max:  0.0, Diff:  0.0, Sum:  0.0, Workers: 2
[2025-05-20T20:17:10.972+0300][18492][12796][debug][gc,phases] GC(1)       Non-JT Flush Logs (ms):        Min:  0.0, Avg:  0.0, Max:  0.0, Diff:  0.0, Sum:  0.0, Workers: 1
[2025-05-20T20:17:10.972+0300][18492][12796][debug][gc,phases] GC(1)     Choose Collection Set: 0.0ms
[2025-05-20T20:17:10.972+0300][18492][12796][debug][gc,phases] GC(1)     Region Register: 0.2ms
[2025-05-20T20:17:10.972+0300][18492][12796][debug][gc,phases] GC(1)     Prepare Heap Roots: 0.0ms
[2025-05-20T20:17:10.972+0300][18492][12796][debug][gc,phases] GC(1)     Reset Marking State (ms):      Min:  0.0, Avg:  0.0, Max:  0.0, Diff:  0.0, Sum:  0.0, Workers: 1
[2025-05-20T20:17:10.972+0300][18492][12796][debug][gc,phases] GC(1)     Note Start Of Mark (ms):       Min:  0.0, Avg:  0.0, Max:  0.0, Diff:  0.0, Sum:  0.0, Workers: 4
[2025-05-20T20:17:10.972+0300][18492][12796][info ][gc,phases] GC(1)   Merge Heap Roots: 0.2ms
[2025-05-20T20:17:10.972+0300][18492][12796][debug][gc,phases] GC(1)     Prepare Merge Heap Roots: 0.0ms
[2025-05-20T20:17:10.972+0300][18492][12796][debug][gc,phases] GC(1)     Remembered Sets (ms):          Min:  0.0, Avg:  0.0, Max:  0.0, Diff:  0.0, Sum:  0.0, Workers: 8
[2025-05-20T20:17:10.972+0300][18492][12796][debug][gc,phases] GC(1)       Eager Reclaim (ms):            skipped
[2025-05-20T20:17:10.972+0300][18492][12796][debug][gc,phases] GC(1)       Merged Inline                  Min: 0, Avg:  0.0, Max: 0, Diff: 0, Sum: 0, Workers: 8
[2025-05-20T20:17:10.972+0300][18492][12796][debug][gc,phases] GC(1)       Merged ArrayOfCards            Min: 0, Avg:  0.0, Max: 0, Diff: 0, Sum: 0, Workers: 8
[2025-05-20T20:17:10.972+0300][18492][12796][debug][gc,phases] GC(1)       Merged Howl                    Min: 0, Avg:  0.0, Max: 0, Diff: 0, Sum: 0, Workers: 8
[2025-05-20T20:17:10.972+0300][18492][12796][debug][gc,phases] GC(1)       Merged Full                    Min: 0, Avg:  0.0, Max: 0, Diff: 0, Sum: 0, Workers: 8
[2025-05-20T20:17:10.972+0300][18492][12796][debug][gc,phases] GC(1)       Merged Howl Inline             Min: 0, Avg:  0.0, Max: 0, Diff: 0, Sum: 0, Workers: 8
[2025-05-20T20:17:10.972+0300][18492][12796][debug][gc,phases] GC(1)       Merged Howl ArrayOfCards       Min: 0, Avg:  0.0, Max: 0, Diff: 0, Sum: 0, Workers: 8
[2025-05-20T20:17:10.972+0300][18492][12796][debug][gc,phases] GC(1)       Merged Howl BitMap             Min: 0, Avg:  0.0, Max: 0, Diff: 0, Sum: 0, Workers: 8
[2025-05-20T20:17:10.972+0300][18492][12796][debug][gc,phases] GC(1)       Merged Howl Full               Min: 0, Avg:  0.0, Max: 0, Diff: 0, Sum: 0, Workers: 8
[2025-05-20T20:17:10.972+0300][18492][12796][debug][gc,phases] GC(1)       Merged Cards                   Min: 8, Avg:  8.0, Max: 8, Diff: 0, Sum: 64, Workers: 8
[2025-05-20T20:17:10.972+0300][18492][12796][debug][gc,phases] GC(1)     Log Buffers (ms):              Min:  0.0, Avg:  0.0, Max:  0.0, Diff:  0.0, Sum:  0.0, Workers: 8
[2025-05-20T20:17:10.972+0300][18492][12796][debug][gc,phases] GC(1)       Dirty Cards:                   Min: 0, Avg: 213.5, Max: 499, Diff: 499, Sum: 1708, Workers: 8
[2025-05-20T20:17:10.972+0300][18492][12796][debug][gc,phases] GC(1)       Skipped Cards:                 Min: 0, Avg:  0.0, Max: 0, Diff: 0, Sum: 0, Workers: 8
[2025-05-20T20:17:10.972+0300][18492][12796][info ][gc,phases] GC(1)   Evacuate Collection Set: 4.6ms
[2025-05-20T20:17:10.972+0300][18492][12796][debug][gc,phases] GC(1)     Ext Root Scanning (ms):        Min:  2.9, Avg:  3.0, Max:  3.0, Diff:  0.1, Sum: 23.6, Workers: 8
[2025-05-20T20:17:10.972+0300][18492][12796][debug][gc,phases] GC(1)     Scan Heap Roots (ms):          Min:  0.0, Avg:  0.2, Max:  0.3, Diff:  0.3, Sum:  1.6, Workers: 8
[2025-05-20T20:17:10.972+0300][18492][12796][debug][gc,phases] GC(1)       Scanned Cards:                 Min: 0, Avg: 213.4, Max: 390, Diff: 390, Sum: 1707, Workers: 8
[2025-05-20T20:17:10.972+0300][18492][12796][debug][gc,phases] GC(1)       Scanned Blocks:                Min: 0, Avg: 107.2, Max: 183, Diff: 183, Sum: 858, Workers: 8
[2025-05-20T20:17:10.972+0300][18492][12796][debug][gc,phases] GC(1)       Claimed Chunks:                Min: 0, Avg: 23.4, Max: 38, Diff: 38, Sum: 187, Workers: 8
[2025-05-20T20:17:10.972+0300][18492][12796][debug][gc,phases] GC(1)       Found Roots:                   Min: 0, Avg: 1121.8, Max: 2343, Diff: 2343, Sum: 8974, Workers: 8
[2025-05-20T20:17:10.972+0300][18492][12796][debug][gc,phases] GC(1)     Code Root Scan (ms):           Min:  0.0, Avg:  0.1, Max:  0.1, Diff:  0.1, Sum:  0.5, Workers: 8
[2025-05-20T20:17:10.972+0300][18492][12796][debug][gc,phases] GC(1)       Scanned Nmethods               Min: 0, Avg:  8.5, Max: 16, Diff: 16, Sum: 68, Workers: 8
[2025-05-20T20:17:10.972+0300][18492][12796][debug][gc,phases] GC(1)     Object Copy (ms):              Min:  0.8, Avg:  1.0, Max:  1.5, Diff:  0.7, Sum:  7.7, Workers: 8
[2025-05-20T20:17:10.972+0300][18492][12796][debug][gc,phases] GC(1)     Termination (ms):              Min:  0.0, Avg:  0.2, Max:  0.3, Diff:  0.3, Sum:  1.9, Workers: 8
[2025-05-20T20:17:10.972+0300][18492][12796][debug][gc,phases] GC(1)       Termination Attempts:          Min: 1, Avg:  2.6, Max: 5, Diff: 4, Sum: 21, Workers: 8
[2025-05-20T20:17:10.972+0300][18492][12796][debug][gc,phases] GC(1)     GC Worker Other (ms):          Min:  0.0, Avg:  0.0, Max:  0.0, Diff:  0.0, Sum:  0.2, Workers: 8
[2025-05-20T20:17:10.972+0300][18492][12796][debug][gc,phases] GC(1)     GC Worker Total (ms):          Min:  4.4, Avg:  4.4, Max:  4.5, Diff:  0.1, Sum: 35.5, Workers: 8
[2025-05-20T20:17:10.972+0300][18492][12796][info ][gc,phases] GC(1)   Post Evacuate Collection Set: 0.6ms
[2025-05-20T20:17:10.972+0300][18492][12796][debug][gc,phases] GC(1)     NMethod List Cleanup: 0.0ms
[2025-05-20T20:17:10.972+0300][18492][12796][debug][gc,phases] GC(1)     Reference Processing: 0.1ms
[2025-05-20T20:17:10.972+0300][18492][12796][debug][gc,phases] GC(1)     Weak Processing: 0.1ms
[2025-05-20T20:17:10.972+0300][18492][12796][debug][gc,phases] GC(1)       VM Weak                        Min:  0.0, Avg:  0.0, Max:  0.0, Diff:  0.0, Sum:  0.0, Workers: 8
[2025-05-20T20:17:10.972+0300][18492][12796][debug][gc,phases] GC(1)         Dead                           Min: 0, Avg:  0.0, Max: 0, Diff: 0, Sum: 0, Workers: 8
[2025-05-20T20:17:10.972+0300][18492][12796][debug][gc,phases] GC(1)         Total                          Min: 0, Avg: 31.8, Max: 190, Diff: 190, Sum: 254, Workers: 8
[2025-05-20T20:17:10.972+0300][18492][12796][debug][gc,phases] GC(1)       ObjectSynchronizer Weak        Min:  0.0, Avg:  0.0, Max:  0.0, Diff:  0.0, Sum:  0.0, Workers: 8
[2025-05-20T20:17:10.972+0300][18492][12796][debug][gc,phases] GC(1)         Dead                           Min: 0, Avg:  0.2, Max: 2, Diff: 2, Sum: 2, Workers: 8
[2025-05-20T20:17:10.972+0300][18492][12796][debug][gc,phases] GC(1)         Total                          Min: 0, Avg:  3.0, Max: 24, Diff: 24, Sum: 24, Workers: 8
[2025-05-20T20:17:10.972+0300][18492][12796][debug][gc,phases] GC(1)       JVMTI Tag Weak OopStorage      Min:  0.0, Avg:  0.0, Max:  0.0, Diff:  0.0, Sum:  0.0, Workers: 8
[2025-05-20T20:17:10.972+0300][18492][12796][debug][gc,phases] GC(1)         Dead                           Min: 0, Avg:  0.0, Max: 0, Diff: 0, Sum: 0, Workers: 8
[2025-05-20T20:17:10.972+0300][18492][12796][debug][gc,phases] GC(1)         Total                          Min: 0, Avg:  0.0, Max: 0, Diff: 0, Sum: 0, Workers: 8
[2025-05-20T20:17:10.972+0300][18492][12796][debug][gc,phases] GC(1)       StringTable Weak               Min:  0.0, Avg:  0.0, Max:  0.1, Diff:  0.0, Sum:  0.4, Workers: 8
[2025-05-20T20:17:10.972+0300][18492][12796][debug][gc,phases] GC(1)         Dead                           Min: 0, Avg:  1.2, Max: 7, Diff: 7, Sum: 10, Workers: 8
[2025-05-20T20:17:10.972+0300][18492][12796][debug][gc,phases] GC(1)         Total                          Min: 732, Avg: 2939.4, Max: 5567, Diff: 4835, Sum: 23515, Workers: 8
[2025-05-20T20:17:10.972+0300][18492][12796][debug][gc,phases] GC(1)       ResolvedMethodTable Weak       Min:  0.0, Avg:  0.0, Max:  0.0, Diff:  0.0, Sum:  0.0, Workers: 8
[2025-05-20T20:17:10.972+0300][18492][12796][debug][gc,phases] GC(1)         Dead                           Min: 0, Avg:  2.4, Max: 8, Diff: 8, Sum: 19, Workers: 8
[2025-05-20T20:17:10.972+0300][18492][12796][debug][gc,phases] GC(1)         Total                          Min: 0, Avg: 162.6, Max: 320, Diff: 320, Sum: 1301, Workers: 8
[2025-05-20T20:17:10.972+0300][18492][12796][debug][gc,phases] GC(1)       JNI Weak                       Min:  0.0, Avg:  0.0, Max:  0.0, Diff:  0.0, Sum:  0.0, Workers: 8
[2025-05-20T20:17:10.972+0300][18492][12796][debug][gc,phases] GC(1)         Dead                           Min: 0, Avg:  0.0, Max: 0, Diff: 0, Sum: 0, Workers: 8
[2025-05-20T20:17:10.972+0300][18492][12796][debug][gc,phases] GC(1)         Total                          Min: 0, Avg:  0.9, Max: 7, Diff: 7, Sum: 7, Workers: 8
[2025-05-20T20:17:10.972+0300][18492][12796][debug][gc,phases] GC(1)       StringDedup Table Weak         Min:  0.0, Avg:  0.0, Max:  0.0, Diff:  0.0, Sum:  0.0, Workers: 8
[2025-05-20T20:17:10.972+0300][18492][12796][debug][gc,phases] GC(1)         Dead                           Min: 0, Avg:  0.0, Max: 0, Diff: 0, Sum: 0, Workers: 8
[2025-05-20T20:17:10.972+0300][18492][12796][debug][gc,phases] GC(1)         Total                          Min: 0, Avg:  0.0, Max: 0, Diff: 0, Sum: 0, Workers: 8
[2025-05-20T20:17:10.972+0300][18492][12796][debug][gc,phases] GC(1)       StringDedup Requests0 Weak     Min:  0.0, Avg:  0.0, Max:  0.0, Diff:  0.0, Sum:  0.0, Workers: 8
[2025-05-20T20:17:10.972+0300][18492][12796][debug][gc,phases] GC(1)         Dead                           Min: 0, Avg:  0.0, Max: 0, Diff: 0, Sum: 0, Workers: 8
[2025-05-20T20:17:10.972+0300][18492][12796][debug][gc,phases] GC(1)         Total                          Min: 0, Avg:  0.0, Max: 0, Diff: 0, Sum: 0, Workers: 8
[2025-05-20T20:17:10.972+0300][18492][12796][debug][gc,phases] GC(1)       StringDedup Requests1 Weak     Min:  0.0, Avg:  0.0, Max:  0.0, Diff:  0.0, Sum:  0.0, Workers: 8
[2025-05-20T20:17:10.972+0300][18492][12796][debug][gc,phases] GC(1)         Dead                           Min: 0, Avg:  0.0, Max: 0, Diff: 0, Sum: 0, Workers: 8
[2025-05-20T20:17:10.972+0300][18492][12796][debug][gc,phases] GC(1)         Total                          Min: 0, Avg:  0.0, Max: 0, Diff: 0, Sum: 0, Workers: 8
[2025-05-20T20:17:10.972+0300][18492][12796][debug][gc,phases] GC(1)       Weak JFR Old Object Samples    Min:  0.0, Avg:  0.0, Max:  0.0, Diff:  0.0, Sum:  0.0, Workers: 8
[2025-05-20T20:17:10.972+0300][18492][12796][debug][gc,phases] GC(1)         Dead                           Min: 0, Avg:  0.0, Max: 0, Diff: 0, Sum: 0, Workers: 8
[2025-05-20T20:17:10.972+0300][18492][12796][debug][gc,phases] GC(1)         Total                          Min: 0, Avg:  0.0, Max: 0, Diff: 0, Sum: 0, Workers: 8
[2025-05-20T20:17:10.972+0300][18492][12796][debug][gc,phases] GC(1)     Post Evacuate Cleanup 1: 0.1ms
[2025-05-20T20:17:10.972+0300][18492][12796][debug][gc,phases] GC(1)       Merge Per-Thread State (ms):   Min:  0.0, Avg:  0.0, Max:  0.0, Diff:  0.0, Sum:  0.0, Workers: 1
[2025-05-20T20:17:10.972+0300][18492][12796][debug][gc,phases] GC(1)         Copied Bytes                   Min: 333072, Avg: 563737.0, Max: 1251168, Diff: 918096, Sum: 4509896, Workers: 8
[2025-05-20T20:17:10.972+0300][18492][12796][debug][gc,phases] GC(1)         LAB Waste                      Min: 144, Avg: 645.0, Max: 1752, Diff: 1608, Sum: 5160, Workers: 8
[2025-05-20T20:17:10.972+0300][18492][12796][debug][gc,phases] GC(1)         LAB Undo Waste                 Min: 0, Avg: 2986.0, Max: 23888, Diff: 23888, Sum: 23888, Workers: 8
[2025-05-20T20:17:10.972+0300][18492][12796][debug][gc,phases] GC(1)       Clear Logged Cards (ms):       Min:  0.0, Avg:  0.0, Max:  0.0, Diff:  0.0, Sum:  0.0, Workers: 3
[2025-05-20T20:17:10.972+0300][18492][12796][debug][gc,phases] GC(1)       Recalculate Used Memory (ms):  Min:  0.0, Avg:  0.0, Max:  0.0, Diff:  0.0, Sum:  0.0, Workers: 1
[2025-05-20T20:17:10.972+0300][18492][12796][debug][gc,phases] GC(1)     Post Evacuate Cleanup 2: 0.2ms
[2025-05-20T20:17:10.972+0300][18492][12796][debug][gc,phases] GC(1)       Update Derived Pointers (ms):  Min:  0.0, Avg:  0.0, Max:  0.0, Diff:  0.0, Sum:  0.0, Workers: 1
[2025-05-20T20:17:10.972+0300][18492][12796][debug][gc,phases] GC(1)       Eagerly Reclaim Humongous Objects (ms): skipped
[2025-05-20T20:17:10.972+0300][18492][12796][debug][gc,phases] GC(1)         Humongous Total                skipped
[2025-05-20T20:17:10.972+0300][18492][12796][debug][gc,phases] GC(1)         Humongous Candidates           skipped
[2025-05-20T20:17:10.972+0300][18492][12796][debug][gc,phases] GC(1)         Humongous Reclaimed            skipped
[2025-05-20T20:17:10.972+0300][18492][12796][debug][gc,phases] GC(1)       Redirty Logged Cards (ms):     Min:  0.0, Avg:  0.0, Max:  0.0, Diff:  0.0, Sum:  0.0, Workers: 8
[2025-05-20T20:17:10.972+0300][18492][12796][debug][gc,phases] GC(1)         Redirtied Cards:               Min: 0, Avg: 101.5, Max: 293, Diff: 293, Sum: 812, Workers: 8
[2025-05-20T20:17:10.972+0300][18492][12796][debug][gc,phases] GC(1)       Resize TLABs (ms):             Min:  0.0, Avg:  0.0, Max:  0.0, Diff:  0.0, Sum:  0.0, Workers: 8
[2025-05-20T20:17:10.972+0300][18492][12796][debug][gc,phases] GC(1)       Free Collection Set (ms):      Min:  0.0, Avg:  0.0, Max:  0.0, Diff:  0.0, Sum:  0.1, Workers: 8
[2025-05-20T20:17:10.972+0300][18492][12796][debug][gc,phases] GC(1)     Rebuild Free List: 0.1ms
[2025-05-20T20:17:10.972+0300][18492][12796][debug][gc,phases] GC(1)     Prepare For Mutator: 0.0ms
[2025-05-20T20:17:10.972+0300][18492][12796][debug][gc,phases] GC(1)     Expand Heap After Collection: 0.0ms
[2025-05-20T20:17:10.972+0300][18492][12796][info ][gc,phases] GC(1)   Other: 0.2ms
[2025-05-20T20:17:10.975+0300][18492][12796][info ][gc,heap  ] GC(1) Eden regions: 61->0(99)
[2025-05-20T20:17:10.975+0300][18492][12796][info ][gc,heap  ] GC(1) Survivor regions: 0->3(13)
[2025-05-20T20:17:10.975+0300][18492][12796][info ][gc,heap  ] GC(1) Old regions: 8->8
[2025-05-20T20:17:10.975+0300][18492][12796][info ][gc,heap  ] GC(1) Humongous regions: 0->0
[2025-05-20T20:17:10.975+0300][18492][12796][debug][gc,heap  ] GC(1) Heap after GC invocations=2 (full 1):
[2025-05-20T20:17:10.975+0300][18492][12796][debug][gc,heap  ] GC(1)  garbage-first heap   total 4194304K, used 14229K [0x0000000700000000, 0x0000000800000000)
[2025-05-20T20:17:10.975+0300][18492][12796][debug][gc,heap  ] GC(1)   region size 2048K, 3 young (6144K), 3 survivors (6144K)
[2025-05-20T20:17:10.975+0300][18492][12796][debug][gc,heap  ] GC(1)  Metaspace       used 25723K, committed 26176K, reserved 1114112K
[2025-05-20T20:17:10.975+0300][18492][12796][debug][gc,heap  ] GC(1)   class space    used 2446K, committed 2688K, reserved 1048576K
[2025-05-20T20:17:10.975+0300][18492][12796][info ][gc       ] GC(1) Pause Young (Concurrent Start) (Metadata GC Threshold) 130M->13M(4096M) 7.495ms
[2025-05-20T20:17:10.975+0300][18492][12796][info ][safepoint] Safepoint "CollectForMetadataAllocation", Time since last: 62239300 ns, Reaching safepoint: 52500 ns, Cleanup: 9600 ns, At safepoint: 7544500 ns, Total: 7606600 ns
[2025-05-20T20:17:10.975+0300][18492][22848][info ][gc       ] GC(2) Concurrent Mark Cycle
[2025-05-20T20:17:10.989+0300][18492][12796][debug][safepoint] Safepoint synchronization initiated using striped semaphore wait barrier. (34 threads)
[2025-05-20T20:17:10.989+0300][18492][12796][debug][gc,phases] GC(2) Finalize Marking 0.113ms
[2025-05-20T20:17:10.989+0300][18492][12796][debug][gc,phases] GC(2) Reference Processing 0.041ms
[2025-05-20T20:17:10.989+0300][18492][12796][debug][gc,phases] GC(2)   VM Weak                        Min:  0.0, Avg:  0.0, Max:  0.0, Diff:  0.0, Sum:  0.0, Workers: 8
[2025-05-20T20:17:10.989+0300][18492][12796][debug][gc,phases] GC(2)     Dead                           Min: 0, Avg:  0.0, Max: 0, Diff: 0, Sum: 0, Workers: 8
[2025-05-20T20:17:10.989+0300][18492][12796][debug][gc,phases] GC(2)     Total                          Min: 0, Avg: 31.8, Max: 192, Diff: 192, Sum: 254, Workers: 8
[2025-05-20T20:17:10.989+0300][18492][12796][debug][gc,phases] GC(2)   ObjectSynchronizer Weak        Min:  0.0, Avg:  0.0, Max:  0.0, Diff:  0.0, Sum:  0.0, Workers: 8
[2025-05-20T20:17:10.989+0300][18492][12796][debug][gc,phases] GC(2)     Dead                           Min: 0, Avg:  0.0, Max: 0, Diff: 0, Sum: 0, Workers: 8
[2025-05-20T20:17:10.989+0300][18492][12796][debug][gc,phases] GC(2)     Total                          Min: 0, Avg:  3.0, Max: 24, Diff: 24, Sum: 24, Workers: 8
[2025-05-20T20:17:10.989+0300][18492][12796][debug][gc,phases] GC(2)   JVMTI Tag Weak OopStorage      Min:  0.0, Avg:  0.0, Max:  0.0, Diff:  0.0, Sum:  0.0, Workers: 8
[2025-05-20T20:17:10.989+0300][18492][12796][debug][gc,phases] GC(2)     Dead                           Min: 0, Avg:  0.0, Max: 0, Diff: 0, Sum: 0, Workers: 8
[2025-05-20T20:17:10.989+0300][18492][12796][debug][gc,phases] GC(2)     Total                          Min: 0, Avg:  0.0, Max: 0, Diff: 0, Sum: 0, Workers: 8
[2025-05-20T20:17:10.989+0300][18492][12796][debug][gc,phases] GC(2)   StringTable Weak               Min:  0.0, Avg:  0.0, Max:  0.1, Diff:  0.0, Sum:  0.3, Workers: 8
[2025-05-20T20:17:10.989+0300][18492][12796][debug][gc,phases] GC(2)     Dead                           Min: 0, Avg:  0.0, Max: 0, Diff: 0, Sum: 0, Workers: 8
[2025-05-20T20:17:10.989+0300][18492][12796][debug][gc,phases] GC(2)     Total                          Min: 1088, Avg: 2953.5, Max: 5376, Diff: 4288, Sum: 23628, Workers: 8
[2025-05-20T20:17:10.989+0300][18492][12796][debug][gc,phases] GC(2)   ResolvedMethodTable Weak       Min:  0.0, Avg:  0.0, Max:  0.0, Diff:  0.0, Sum:  0.0, Workers: 8
[2025-05-20T20:17:10.989+0300][18492][12796][debug][gc,phases] GC(2)     Dead                           Min: 0, Avg:  0.0, Max: 0, Diff: 0, Sum: 0, Workers: 8
[2025-05-20T20:17:10.989+0300][18492][12796][debug][gc,phases] GC(2)     Total                          Min: 127, Avg: 163.2, Max: 192, Diff: 65, Sum: 1306, Workers: 8
[2025-05-20T20:17:10.989+0300][18492][12796][debug][gc,phases] GC(2)   JNI Weak                       Min:  0.0, Avg:  0.0, Max:  0.0, Diff:  0.0, Sum:  0.0, Workers: 8
[2025-05-20T20:17:10.989+0300][18492][12796][debug][gc,phases] GC(2)     Dead                           Min: 0, Avg:  0.0, Max: 0, Diff: 0, Sum: 0, Workers: 8
[2025-05-20T20:17:10.989+0300][18492][12796][debug][gc,phases] GC(2)     Total                          Min: 0, Avg:  0.0, Max: 0, Diff: 0, Sum: 0, Workers: 8
[2025-05-20T20:17:10.989+0300][18492][12796][debug][gc,phases] GC(2)   StringDedup Table Weak         Min:  0.0, Avg:  0.0, Max:  0.0, Diff:  0.0, Sum:  0.0, Workers: 8
[2025-05-20T20:17:10.989+0300][18492][12796][debug][gc,phases] GC(2)     Dead                           Min: 0, Avg:  0.0, Max: 0, Diff: 0, Sum: 0, Workers: 8
[2025-05-20T20:17:10.989+0300][18492][12796][debug][gc,phases] GC(2)     Total                          Min: 0, Avg:  0.0, Max: 0, Diff: 0, Sum: 0, Workers: 8
[2025-05-20T20:17:10.989+0300][18492][12796][debug][gc,phases] GC(2)   StringDedup Requests0 Weak     Min:  0.0, Avg:  0.0, Max:  0.0, Diff:  0.0, Sum:  0.0, Workers: 8
[2025-05-20T20:17:10.989+0300][18492][12796][debug][gc,phases] GC(2)     Dead                           Min: 0, Avg:  0.0, Max: 0, Diff: 0, Sum: 0, Workers: 8
[2025-05-20T20:17:10.989+0300][18492][12796][debug][gc,phases] GC(2)     Total                          Min: 0, Avg:  0.0, Max: 0, Diff: 0, Sum: 0, Workers: 8
[2025-05-20T20:17:10.989+0300][18492][12796][debug][gc,phases] GC(2)   StringDedup Requests1 Weak     Min:  0.0, Avg:  0.0, Max:  0.0, Diff:  0.0, Sum:  0.0, Workers: 8
[2025-05-20T20:17:10.989+0300][18492][12796][debug][gc,phases] GC(2)     Dead                           Min: 0, Avg:  0.0, Max: 0, Diff: 0, Sum: 0, Workers: 8
[2025-05-20T20:17:10.989+0300][18492][12796][debug][gc,phases] GC(2)     Total                          Min: 0, Avg:  0.0, Max: 0, Diff: 0, Sum: 0, Workers: 8
[2025-05-20T20:17:10.989+0300][18492][12796][debug][gc,phases] GC(2)   Weak JFR Old Object Samples    Min:  0.0, Avg:  0.0, Max:  0.0, Diff:  0.0, Sum:  0.0, Workers: 8
[2025-05-20T20:17:10.989+0300][18492][12796][debug][gc,phases] GC(2)     Dead                           Min: 0, Avg:  0.0, Max: 0, Diff: 0, Sum: 0, Workers: 8
[2025-05-20T20:17:10.989+0300][18492][12796][debug][gc,phases] GC(2)     Total                          Min: 0, Avg:  0.0, Max: 0, Diff: 0, Sum: 0, Workers: 8
[2025-05-20T20:17:10.989+0300][18492][12796][debug][gc,phases] GC(2) Weak Processing 0.549ms
[2025-05-20T20:17:10.989+0300][18492][12796][debug][gc,phases] GC(2) ClassLoaderData 0.025ms
[2025-05-20T20:17:10.989+0300][18492][12796][debug][gc,phases] GC(2) Trigger cleanups 0.001ms
[2025-05-20T20:17:10.990+0300][18492][12796][debug][gc,phases] GC(2) G1 Complete Cleaning 3.418ms
[2025-05-20T20:17:10.990+0300][18492][12796][debug][gc,phases] GC(2) Purge Unlinked NMethods 0.454ms
[2025-05-20T20:17:10.990+0300][18492][12796][debug][gc,phases] GC(2) Unregister NMethods 0.217ms
[2025-05-20T20:17:10.990+0300][18492][12796][debug][gc,phases] GC(2) Free Code Blobs 0.100ms
[2025-05-20T20:17:10.990+0300][18492][12796][debug][gc,phases] GC(2) Purge Class Loader Data 0.109ms
[2025-05-20T20:17:10.990+0300][18492][12796][debug][gc,phases] GC(2) Class Unloading 4.465ms
[2025-05-20T20:17:10.990+0300][18492][12796][debug][gc,phases] GC(2) Flush Task Caches 0.024ms
[2025-05-20T20:17:10.990+0300][18492][12796][debug][gc,phases] GC(2) Update Remembered Set Tracking Before Rebuild 0.173ms
[2025-05-20T20:17:10.990+0300][18492][12796][debug][gc,phases] GC(2) Reclaim Empty Regions 0.108ms
[2025-05-20T20:17:10.990+0300][18492][12796][debug][gc,phases] GC(2) Report Object Count 0.000ms
[2025-05-20T20:17:10.990+0300][18492][12796][info ][gc       ] GC(2) Pause Remark 15M->15M(4096M) 5.632ms
[2025-05-20T20:17:10.990+0300][18492][12796][info ][safepoint] Safepoint "G1PauseRemark", Time since last: 14089000 ns, Reaching safepoint: 48200 ns, Cleanup: 11200 ns, At safepoint: 5651700 ns, Total: 5711100 ns
[2025-05-20T20:17:10.999+0300][18492][12796][debug][safepoint] Safepoint synchronization initiated using striped semaphore wait barrier. (34 threads)
[2025-05-20T20:17:10.999+0300][18492][12796][debug][gc,phases] GC(2) Update Remembered Set Tracking After Rebuild 0.034ms
[2025-05-20T20:17:10.999+0300][18492][12796][debug][gc,phases] GC(2) Finalize Concurrent Mark Cleanup 0.192ms
[2025-05-20T20:17:10.999+0300][18492][12796][info ][gc       ] GC(2) Pause Cleanup 15M->15M(4096M) 0.276ms
[2025-05-20T20:17:10.999+0300][18492][12796][info ][safepoint] Safepoint "G1PauseCleanup", Time since last: 5220500 ns, Reaching safepoint: 474000 ns, Cleanup: 12500 ns, At safepoint: 298500 ns, Total: 785000 ns
[2025-05-20T20:17:11.008+0300][18492][22848][info ][gc       ] GC(2) Concurrent Mark Cycle 34.148ms
[2025-05-20T20:17:11.332+0300][18492][12796][debug][safepoint] Safepoint synchronization initiated using striped semaphore wait barrier. (34 threads)
[2025-05-20T20:17:11.332+0300][18492][12796][info ][safepoint] Safepoint "ICBufferFull", Time since last: 331738300 ns, Reaching safepoint: 68000 ns, Cleanup: 131500 ns, At safepoint: 19200 ns, Total: 218700 ns
[2025-05-20T20:17:11.707+0300][18492][12796][debug][safepoint] Safepoint synchronization initiated using striped semaphore wait barrier. (34 threads)
[2025-05-20T20:17:11.707+0300][18492][12796][info ][safepoint] Safepoint "ICBufferFull", Time since last: 374866000 ns, Reaching safepoint: 66900 ns, Cleanup: 128900 ns, At safepoint: 1800 ns, Total: 197600 ns
[2025-05-20T20:17:12.018+0300][18492][12796][debug][safepoint] Safepoint synchronization initiated using striped semaphore wait barrier. (34 threads)
[2025-05-20T20:17:12.018+0300][18492][12796][info ][safepoint] Safepoint "ICBufferFull", Time since last: 310636600 ns, Reaching safepoint: 62700 ns, Cleanup: 114500 ns, At safepoint: 8300 ns, Total: 185500 ns
[2025-05-20T20:17:12.426+0300][18492][12796][debug][safepoint] Safepoint synchronization initiated using striped semaphore wait barrier. (34 threads)
[2025-05-20T20:17:12.427+0300][18492][12796][info ][safepoint] Safepoint "ICBufferFull", Time since last: 407839800 ns, Reaching safepoint: 78700 ns, Cleanup: 152100 ns, At safepoint: 9800 ns, Total: 240600 ns
[2025-05-20T20:17:13.036+0300][18492][12796][debug][safepoint] Safepoint synchronization initiated using striped semaphore wait barrier. (34 threads)
[2025-05-20T20:17:13.036+0300][18492][12796][info ][safepoint] Safepoint "ICBufferFull", Time since last: 609923700 ns, Reaching safepoint: 74100 ns, Cleanup: 136400 ns, At safepoint: 8500 ns, Total: 219000 ns
[2025-05-20T20:17:13.427+0300][18492][12796][debug][safepoint] Safepoint synchronization initiated using striped semaphore wait barrier. (34 threads)
[2025-05-20T20:17:13.427+0300][18492][12796][info ][safepoint] Safepoint "ICBufferFull", Time since last: 389848100 ns, Reaching safepoint: 75700 ns, Cleanup: 185300 ns, At safepoint: 20300 ns, Total: 281300 ns
[2025-05-20T20:17:14.038+0300][18492][12796][debug][safepoint] Safepoint synchronization initiated using striped semaphore wait barrier. (34 threads)
[2025-05-20T20:17:14.038+0300][18492][18512][debug][safepoint] ... found polling page loop exception at pc = 0x000002b087c3d7c7, stub =0x000002b087585d80
[2025-05-20T20:17:14.038+0300][18492][12796][info ][safepoint] Safepoint "ICBufferFull", Time since last: 612367200 ns, Reaching safepoint: 171000 ns, Cleanup: 110600 ns, At safepoint: 19300 ns, Total: 300900 ns
[2025-05-20T20:17:14.038+0300][18492][12796][debug][safepoint] Safepoint synchronization initiated using striped semaphore wait barrier. (34 threads)
[2025-05-20T20:17:14.038+0300][18492][22124][debug][safepoint] ... found polling page loop exception at pc = 0x000002b0801d2cc6, stub =0x000002b087586600
[2025-05-20T20:17:14.040+0300][18492][12796][info ][safepoint] Safepoint "ICBufferFull", Time since last: 47000 ns, Reaching safepoint: 112900 ns, Cleanup: 2600 ns, At safepoint: 21100 ns, Total: 136600 ns
[2025-05-20T20:17:14.040+0300][18492][12796][debug][safepoint] Safepoint synchronization initiated using striped semaphore wait barrier. (34 threads)
[2025-05-20T20:17:14.040+0300][18492][18512][debug][safepoint] ... found polling page loop exception at pc = 0x000002b087c3d4af, stub =0x000002b087585d80
[2025-05-20T20:17:14.040+0300][18492][22124][debug][safepoint] ... found polling page loop exception at pc = 0x000002b0801d2cc6, stub =0x000002b087586600
[2025-05-20T20:17:14.040+0300][18492][12796][info ][safepoint] Safepoint "ICBufferFull", Time since last: 209300 ns, Reaching safepoint: 155300 ns, Cleanup: 4700 ns, At safepoint: 24100 ns, Total: 184100 ns
[2025-05-20T20:17:14.743+0300][18492][12796][debug][safepoint] Safepoint synchronization initiated using striped semaphore wait barrier. (34 threads)
[2025-05-20T20:17:14.745+0300][18492][12796][info ][safepoint] Safepoint "ICBufferFull", Time since last: 704700700 ns, Reaching safepoint: 105300 ns, Cleanup: 127100 ns, At safepoint: 15300 ns, Total: 247700 ns
[2025-05-20T20:17:15.113+0300][18492][12796][debug][safepoint] Safepoint synchronization initiated using striped semaphore wait barrier. (34 threads)
[2025-05-20T20:17:15.113+0300][18492][12796][debug][gc,heap  ] GC(3) Heap before GC invocations=3 (full 1):
[2025-05-20T20:17:15.113+0300][18492][12796][debug][gc,heap  ] GC(3)  garbage-first heap   total 4194304K, used 214933K [0x0000000700000000, 0x0000000800000000)
[2025-05-20T20:17:15.113+0300][18492][12796][debug][gc,heap  ] GC(3)   region size 2048K, 102 young (208896K), 3 survivors (6144K)
[2025-05-20T20:17:15.113+0300][18492][12796][debug][gc,heap  ] GC(3)  Metaspace       used 31987K, committed 32832K, reserved 1114112K
[2025-05-20T20:17:15.113+0300][18492][12796][debug][gc,heap  ] GC(3)   class space    used 2908K, committed 3264K, reserved 1048576K
[2025-05-20T20:17:15.116+0300][18492][12796][info ][gc,phases] GC(3)   Pre Evacuate Collection Set: 0.2ms
[2025-05-20T20:17:15.116+0300][18492][12796][debug][gc,phases] GC(3)     Pre Evacuate Prepare: 0.0ms
[2025-05-20T20:17:15.116+0300][18492][12796][debug][gc,phases] GC(3)       JT Retire TLABs And Flush Logs (ms): Min:  0.0, Avg:  0.0, Max:  0.0, Diff:  0.0, Sum:  0.0, Workers: 2
[2025-05-20T20:17:15.116+0300][18492][12796][debug][gc,phases] GC(3)       Non-JT Flush Logs (ms):        Min:  0.0, Avg:  0.0, Max:  0.0, Diff:  0.0, Sum:  0.0, Workers: 1
[2025-05-20T20:17:15.116+0300][18492][12796][debug][gc,phases] GC(3)     Choose Collection Set: 0.0ms
[2025-05-20T20:17:15.116+0300][18492][12796][debug][gc,phases] GC(3)     Region Register: 0.2ms
[2025-05-20T20:17:15.116+0300][18492][12796][debug][gc,phases] GC(3)     Prepare Heap Roots: 0.0ms
[2025-05-20T20:17:15.116+0300][18492][12796][info ][gc,phases] GC(3)   Merge Heap Roots: 0.1ms
[2025-05-20T20:17:15.116+0300][18492][12796][debug][gc,phases] GC(3)     Prepare Merge Heap Roots: 0.0ms
[2025-05-20T20:17:15.116+0300][18492][12796][debug][gc,phases] GC(3)     Remembered Sets (ms):          Min:  0.0, Avg:  0.0, Max:  0.0, Diff:  0.0, Sum:  0.1, Workers: 8
[2025-05-20T20:17:15.116+0300][18492][12796][debug][gc,phases] GC(3)       Eager Reclaim (ms):            skipped
[2025-05-20T20:17:15.116+0300][18492][12796][debug][gc,phases] GC(3)       Merged Inline                  Min: 0, Avg:  0.8, Max: 5, Diff: 5, Sum: 6, Workers: 8
[2025-05-20T20:17:15.116+0300][18492][12796][debug][gc,phases] GC(3)       Merged ArrayOfCards            Min: 0, Avg:  0.6, Max: 3, Diff: 3, Sum: 5, Workers: 8
[2025-05-20T20:17:15.116+0300][18492][12796][debug][gc,phases] GC(3)       Merged Howl                    Min: 0, Avg:  1.2, Max: 8, Diff: 8, Sum: 10, Workers: 8
[2025-05-20T20:17:15.116+0300][18492][12796][debug][gc,phases] GC(3)       Merged Full                    Min: 0, Avg:  0.0, Max: 0, Diff: 0, Sum: 0, Workers: 8
[2025-05-20T20:17:15.116+0300][18492][12796][debug][gc,phases] GC(3)       Merged Howl Inline             Min: 0, Avg:  6.4, Max: 39, Diff: 39, Sum: 51, Workers: 8
[2025-05-20T20:17:15.116+0300][18492][12796][debug][gc,phases] GC(3)       Merged Howl ArrayOfCards       Min: 0, Avg:  2.0, Max: 12, Diff: 12, Sum: 16, Workers: 8
[2025-05-20T20:17:15.116+0300][18492][12796][debug][gc,phases] GC(3)       Merged Howl BitMap             Min: 0, Avg:  1.6, Max: 13, Diff: 13, Sum: 13, Workers: 8
[2025-05-20T20:17:15.116+0300][18492][12796][debug][gc,phases] GC(3)       Merged Howl Full               Min: 0, Avg:  0.0, Max: 0, Diff: 0, Sum: 0, Workers: 8
[2025-05-20T20:17:15.116+0300][18492][12796][debug][gc,phases] GC(3)       Merged Cards                   Min: 8, Avg: 83.4, Max: 501, Diff: 493, Sum: 667, Workers: 8
[2025-05-20T20:17:15.116+0300][18492][12796][debug][gc,phases] GC(3)     Log Buffers (ms):              Min:  0.0, Avg:  0.0, Max:  0.0, Diff:  0.0, Sum:  0.1, Workers: 8
[2025-05-20T20:17:15.116+0300][18492][12796][debug][gc,phases] GC(3)       Dirty Cards:                   Min: 0, Avg: 178.6, Max: 472, Diff: 472, Sum: 1429, Workers: 8
[2025-05-20T20:17:15.116+0300][18492][12796][debug][gc,phases] GC(3)       Skipped Cards:                 Min: 0, Avg:  0.0, Max: 0, Diff: 0, Sum: 0, Workers: 8
[2025-05-20T20:17:15.116+0300][18492][12796][info ][gc,phases] GC(3)   Evacuate Collection Set: 3.3ms
[2025-05-20T20:17:15.116+0300][18492][12796][debug][gc,phases] GC(3)     Ext Root Scanning (ms):        Min:  0.3, Avg:  0.5, Max:  1.3, Diff:  1.0, Sum:  3.6, Workers: 8
[2025-05-20T20:17:15.116+0300][18492][12796][debug][gc,phases] GC(3)     Scan Heap Roots (ms):          Min:  0.0, Avg:  0.2, Max:  0.3, Diff:  0.3, Sum:  1.3, Workers: 8
[2025-05-20T20:17:15.116+0300][18492][12796][debug][gc,phases] GC(3)       Scanned Cards:                 Min: 0, Avg: 178.0, Max: 367, Diff: 367, Sum: 1424, Workers: 8
[2025-05-20T20:17:15.116+0300][18492][12796][debug][gc,phases] GC(3)       Scanned Blocks:                Min: 0, Avg: 106.4, Max: 230, Diff: 230, Sum: 851, Workers: 8
[2025-05-20T20:17:15.116+0300][18492][12796][debug][gc,phases] GC(3)       Claimed Chunks:                Min: 0, Avg: 24.9, Max: 49, Diff: 49, Sum: 199, Workers: 8
[2025-05-20T20:17:15.116+0300][18492][12796][debug][gc,phases] GC(3)       Found Roots:                   Min: 0, Avg: 572.0, Max: 2227, Diff: 2227, Sum: 4576, Workers: 8
[2025-05-20T20:17:15.116+0300][18492][12796][debug][gc,phases] GC(3)     Code Root Scan (ms):           Min:  0.0, Avg:  0.5, Max:  1.0, Diff:  1.0, Sum:  3.9, Workers: 8
[2025-05-20T20:17:15.116+0300][18492][12796][debug][gc,phases] GC(3)       Scanned Nmethods               Min: 0, Avg: 91.6, Max: 180, Diff: 180, Sum: 733, Workers: 8
[2025-05-20T20:17:15.116+0300][18492][12796][debug][gc,phases] GC(3)     Object Copy (ms):              Min:  1.7, Avg:  2.0, Max:  2.5, Diff:  0.8, Sum: 16.1, Workers: 8
[2025-05-20T20:17:15.116+0300][18492][12796][debug][gc,phases] GC(3)     Termination (ms):              Min:  0.0, Avg:  0.1, Max:  0.1, Diff:  0.1, Sum:  0.7, Workers: 8
[2025-05-20T20:17:15.116+0300][18492][12796][debug][gc,phases] GC(3)       Termination Attempts:          Min: 1, Avg:  1.6, Max: 3, Diff: 2, Sum: 13, Workers: 8
[2025-05-20T20:17:15.116+0300][18492][12796][debug][gc,phases] GC(3)     GC Worker Other (ms):          Min:  0.0, Avg:  0.0, Max:  0.1, Diff:  0.1, Sum:  0.4, Workers: 8
[2025-05-20T20:17:15.116+0300][18492][12796][debug][gc,phases] GC(3)     GC Worker Total (ms):          Min:  3.2, Avg:  3.2, Max:  3.3, Diff:  0.1, Sum: 26.0, Workers: 8
[2025-05-20T20:17:15.116+0300][18492][12796][info ][gc,phases] GC(3)   Post Evacuate Collection Set: 0.8ms
[2025-05-20T20:17:15.116+0300][18492][12796][debug][gc,phases] GC(3)     NMethod List Cleanup: 0.1ms
[2025-05-20T20:17:15.116+0300][18492][12796][debug][gc,phases] GC(3)     Reference Processing: 0.2ms
[2025-05-20T20:17:15.116+0300][18492][12796][debug][gc,phases] GC(3)     Weak Processing: 0.1ms
[2025-05-20T20:17:15.116+0300][18492][12796][debug][gc,phases] GC(3)       VM Weak                        Min:  0.0, Avg:  0.0, Max:  0.0, Diff:  0.0, Sum:  0.0, Workers: 8
[2025-05-20T20:17:15.116+0300][18492][12796][debug][gc,phases] GC(3)         Dead                           Min: 0, Avg:  0.0, Max: 0, Diff: 0, Sum: 0, Workers: 8
[2025-05-20T20:17:15.116+0300][18492][12796][debug][gc,phases] GC(3)         Total                          Min: 0, Avg: 66.0, Max: 320, Diff: 320, Sum: 528, Workers: 8
[2025-05-20T20:17:15.116+0300][18492][12796][debug][gc,phases] GC(3)       ObjectSynchronizer Weak        Min:  0.0, Avg:  0.0, Max:  0.0, Diff:  0.0, Sum:  0.0, Workers: 8
[2025-05-20T20:17:15.116+0300][18492][12796][debug][gc,phases] GC(3)         Dead                           Min: 0, Avg: 12.0, Max: 26, Diff: 26, Sum: 96, Workers: 8
[2025-05-20T20:17:15.116+0300][18492][12796][debug][gc,phases] GC(3)         Total                          Min: 0, Avg: 37.8, Max: 64, Diff: 64, Sum: 302, Workers: 8
[2025-05-20T20:17:15.116+0300][18492][12796][debug][gc,phases] GC(3)       JVMTI Tag Weak OopStorage      Min:  0.0, Avg:  0.0, Max:  0.0, Diff:  0.0, Sum:  0.0, Workers: 8
[2025-05-20T20:17:15.116+0300][18492][12796][debug][gc,phases] GC(3)         Dead                           Min: 0, Avg:  0.0, Max: 0, Diff: 0, Sum: 0, Workers: 8
[2025-05-20T20:17:15.116+0300][18492][12796][debug][gc,phases] GC(3)         Total                          Min: 0, Avg:  0.0, Max: 0, Diff: 0, Sum: 0, Workers: 8
[2025-05-20T20:17:15.116+0300][18492][12796][debug][gc,phases] GC(3)       StringTable Weak               Min:  0.0, Avg:  0.1, Max:  0.1, Diff:  0.0, Sum:  0.5, Workers: 8
[2025-05-20T20:17:15.116+0300][18492][12796][debug][gc,phases] GC(3)         Dead                           Min: 0, Avg:  2.5, Max: 10, Diff: 10, Sum: 20, Workers: 8
[2025-05-20T20:17:15.116+0300][18492][12796][debug][gc,phases] GC(3)         Total                          Min: 1216, Avg: 3233.2, Max: 4672, Diff: 3456, Sum: 25866, Workers: 8
[2025-05-20T20:17:15.116+0300][18492][12796][debug][gc,phases] GC(3)       ResolvedMethodTable Weak       Min:  0.0, Avg:  0.0, Max:  0.0, Diff:  0.0, Sum:  0.1, Workers: 8
[2025-05-20T20:17:15.116+0300][18492][12796][debug][gc,phases] GC(3)         Dead                           Min: 0, Avg: 19.5, Max: 45, Diff: 45, Sum: 156, Workers: 8
[2025-05-20T20:17:15.116+0300][18492][12796][debug][gc,phases] GC(3)         Total                          Min: 64, Avg: 208.1, Max: 320, Diff: 256, Sum: 1665, Workers: 8
[2025-05-20T20:17:15.116+0300][18492][12796][debug][gc,phases] GC(3)       JNI Weak                       Min:  0.0, Avg:  0.0, Max:  0.0, Diff:  0.0, Sum:  0.0, Workers: 8
[2025-05-20T20:17:15.116+0300][18492][12796][debug][gc,phases] GC(3)         Dead                           Min: 0, Avg:  0.0, Max: 0, Diff: 0, Sum: 0, Workers: 8
[2025-05-20T20:17:15.116+0300][18492][12796][debug][gc,phases] GC(3)         Total                          Min: 0, Avg:  0.0, Max: 0, Diff: 0, Sum: 0, Workers: 8
[2025-05-20T20:17:15.116+0300][18492][12796][debug][gc,phases] GC(3)       StringDedup Table Weak         Min:  0.0, Avg:  0.0, Max:  0.0, Diff:  0.0, Sum:  0.0, Workers: 8
[2025-05-20T20:17:15.116+0300][18492][12796][debug][gc,phases] GC(3)         Dead                           Min: 0, Avg:  0.0, Max: 0, Diff: 0, Sum: 0, Workers: 8
[2025-05-20T20:17:15.116+0300][18492][12796][debug][gc,phases] GC(3)         Total                          Min: 0, Avg:  0.0, Max: 0, Diff: 0, Sum: 0, Workers: 8
[2025-05-20T20:17:15.116+0300][18492][12796][debug][gc,phases] GC(3)       StringDedup Requests0 Weak     Min:  0.0, Avg:  0.0, Max:  0.0, Diff:  0.0, Sum:  0.0, Workers: 8
[2025-05-20T20:17:15.116+0300][18492][12796][debug][gc,phases] GC(3)         Dead                           Min: 0, Avg:  0.0, Max: 0, Diff: 0, Sum: 0, Workers: 8
[2025-05-20T20:17:15.116+0300][18492][12796][debug][gc,phases] GC(3)         Total                          Min: 0, Avg:  0.0, Max: 0, Diff: 0, Sum: 0, Workers: 8
[2025-05-20T20:17:15.116+0300][18492][12796][debug][gc,phases] GC(3)       StringDedup Requests1 Weak     Min:  0.0, Avg:  0.0, Max:  0.0, Diff:  0.0, Sum:  0.0, Workers: 8
[2025-05-20T20:17:15.116+0300][18492][12796][debug][gc,phases] GC(3)         Dead                           Min: 0, Avg:  0.0, Max: 0, Diff: 0, Sum: 0, Workers: 8
[2025-05-20T20:17:15.116+0300][18492][12796][debug][gc,phases] GC(3)         Total                          Min: 0, Avg:  0.0, Max: 0, Diff: 0, Sum: 0, Workers: 8
[2025-05-20T20:17:15.116+0300][18492][12796][debug][gc,phases] GC(3)       Weak JFR Old Object Samples    Min:  0.0, Avg:  0.0, Max:  0.0, Diff:  0.0, Sum:  0.0, Workers: 8
[2025-05-20T20:17:15.116+0300][18492][12796][debug][gc,phases] GC(3)         Dead                           Min: 0, Avg:  0.0, Max: 0, Diff: 0, Sum: 0, Workers: 8
[2025-05-20T20:17:15.116+0300][18492][12796][debug][gc,phases] GC(3)         Total                          Min: 0, Avg:  0.0, Max: 0, Diff: 0, Sum: 0, Workers: 8
[2025-05-20T20:17:15.116+0300][18492][12796][debug][gc,phases] GC(3)     Post Evacuate Cleanup 1: 0.1ms
[2025-05-20T20:17:15.116+0300][18492][12796][debug][gc,phases] GC(3)       Merge Per-Thread State (ms):   Min:  0.0, Avg:  0.0, Max:  0.0, Diff:  0.0, Sum:  0.0, Workers: 1
[2025-05-20T20:17:15.116+0300][18492][12796][debug][gc,phases] GC(3)         Copied Bytes                   Min: 439840, Avg: 773838.0, Max: 1505024, Diff: 1065184, Sum: 6190704, Workers: 8
[2025-05-20T20:17:15.116+0300][18492][12796][debug][gc,phases] GC(3)         LAB Waste                      Min: 192, Avg: 2040.0, Max: 4688, Diff: 4496, Sum: 16320, Workers: 8
[2025-05-20T20:17:15.116+0300][18492][12796][debug][gc,phases] GC(3)         LAB Undo Waste                 Min: 0, Avg:  0.0, Max: 0, Diff: 0, Sum: 0, Workers: 8
[2025-05-20T20:17:15.116+0300][18492][12796][debug][gc,phases] GC(3)       Clear Logged Cards (ms):       Min:  0.0, Avg:  0.0, Max:  0.1, Diff:  0.1, Sum:  0.1, Workers: 4
[2025-05-20T20:17:15.116+0300][18492][12796][debug][gc,phases] GC(3)       Recalculate Used Memory (ms):  Min:  0.0, Avg:  0.0, Max:  0.0, Diff:  0.0, Sum:  0.0, Workers: 1
[2025-05-20T20:17:15.116+0300][18492][12796][debug][gc,phases] GC(3)     Post Evacuate Cleanup 2: 0.2ms
[2025-05-20T20:17:15.116+0300][18492][12796][debug][gc,phases] GC(3)       Update Derived Pointers (ms):  Min:  0.0, Avg:  0.0, Max:  0.0, Diff:  0.0, Sum:  0.0, Workers: 1
[2025-05-20T20:17:15.116+0300][18492][12796][debug][gc,phases] GC(3)       Eagerly Reclaim Humongous Objects (ms): skipped
[2025-05-20T20:17:15.116+0300][18492][12796][debug][gc,phases] GC(3)         Humongous Total                skipped
[2025-05-20T20:17:15.116+0300][18492][12796][debug][gc,phases] GC(3)         Humongous Candidates           skipped
[2025-05-20T20:17:15.116+0300][18492][12796][debug][gc,phases] GC(3)         Humongous Reclaimed            skipped
[2025-05-20T20:17:15.116+0300][18492][12796][debug][gc,phases] GC(3)       Sample CSet Candidates (ms):   Min:  0.0, Avg:  0.0, Max:  0.0, Diff:  0.0, Sum:  0.0, Workers: 1
[2025-05-20T20:17:15.116+0300][18492][12796][debug][gc,phases] GC(3)       Redirty Logged Cards (ms):     Min:  0.0, Avg:  0.0, Max:  0.0, Diff:  0.0, Sum:  0.0, Workers: 8
[2025-05-20T20:17:15.116+0300][18492][12796][debug][gc,phases] GC(3)         Redirtied Cards:               Min: 0, Avg: 136.0, Max: 378, Diff: 378, Sum: 1088, Workers: 8
[2025-05-20T20:17:15.116+0300][18492][12796][debug][gc,phases] GC(3)       Resize TLABs (ms):             Min:  0.0, Avg:  0.0, Max:  0.0, Diff:  0.0, Sum:  0.0, Workers: 8
[2025-05-20T20:17:15.116+0300][18492][12796][debug][gc,phases] GC(3)       Free Collection Set (ms):      Min:  0.0, Avg:  0.0, Max:  0.1, Diff:  0.1, Sum:  0.4, Workers: 8
[2025-05-20T20:17:15.116+0300][18492][12796][debug][gc,phases] GC(3)     Rebuild Free List: 0.1ms
[2025-05-20T20:17:15.116+0300][18492][12796][debug][gc,phases] GC(3)     Prepare For Mutator: 0.0ms
[2025-05-20T20:17:15.116+0300][18492][12796][debug][gc,phases] GC(3)     Expand Heap After Collection: 0.0ms
[2025-05-20T20:17:15.116+0300][18492][12796][info ][gc,phases] GC(3)   Other: 0.1ms
[2025-05-20T20:17:15.116+0300][18492][12796][info ][gc,heap  ] GC(3) Eden regions: 99->0(252)
[2025-05-20T20:17:15.116+0300][18492][12796][info ][gc,heap  ] GC(3) Survivor regions: 3->4(13)
[2025-05-20T20:17:15.116+0300][18492][12796][info ][gc,heap  ] GC(3) Old regions: 8->8
[2025-05-20T20:17:15.116+0300][18492][12796][info ][gc,heap  ] GC(3) Humongous regions: 0->0
[2025-05-20T20:17:15.116+0300][18492][12796][debug][gc,heap  ] GC(3) Heap after GC invocations=4 (full 1):
[2025-05-20T20:17:15.116+0300][18492][12796][debug][gc,heap  ] GC(3)  garbage-first heap   total 4194304K, used 16399K [0x0000000700000000, 0x0000000800000000)
[2025-05-20T20:17:15.116+0300][18492][12796][debug][gc,heap  ] GC(3)   region size 2048K, 4 young (8192K), 4 survivors (8192K)
[2025-05-20T20:17:15.116+0300][18492][12796][debug][gc,heap  ] GC(3)  Metaspace       used 31987K, committed 32832K, reserved 1114112K
[2025-05-20T20:17:15.116+0300][18492][12796][debug][gc,heap  ] GC(3)   class space    used 2908K, committed 3264K, reserved 1048576K
[2025-05-20T20:17:15.116+0300][18492][12796][info ][gc       ] GC(3) Pause Young (Prepare Mixed) (G1 Evacuation Pause) 211M->16M(4096M) 5.868ms
[2025-05-20T20:17:15.116+0300][18492][12796][info ][safepoint] Safepoint "G1CollectForAllocation", Time since last: 367966100 ns, Reaching safepoint: 104700 ns, Cleanup: 58300 ns, At safepoint: 5917600 ns, Total: 6080600 ns
[2025-05-20T20:17:15.661+0300][18492][12796][debug][safepoint] Safepoint synchronization initiated using striped semaphore wait barrier. (33 threads)
[2025-05-20T20:17:15.661+0300][18492][12796][info ][safepoint] Safepoint "ICBufferFull", Time since last: 542571800 ns, Reaching safepoint: 50500 ns, Cleanup: 94800 ns, At safepoint: 6900 ns, Total: 152200 ns
[2025-05-20T20:17:16.224+0300][18492][12796][debug][safepoint] Safepoint synchronization initiated using striped semaphore wait barrier. (33 threads)
[2025-05-20T20:17:16.224+0300][18492][12796][info ][safepoint] Safepoint "ICBufferFull", Time since last: 563428400 ns, Reaching safepoint: 91200 ns, Cleanup: 101300 ns, At safepoint: 10300 ns, Total: 202800 ns
[2025-05-20T20:17:16.224+0300][18492][12796][debug][safepoint] Safepoint synchronization initiated using striped semaphore wait barrier. (33 threads)
[2025-05-20T20:17:16.224+0300][18492][12796][info ][safepoint] Safepoint "ICBufferFull", Time since last: 59100 ns, Reaching safepoint: 55400 ns, Cleanup: 4900 ns, At safepoint: 12200 ns, Total: 72500 ns
[2025-05-20T20:17:16.224+0300][18492][12796][debug][safepoint] Safepoint synchronization initiated using striped semaphore wait barrier. (33 threads)
[2025-05-20T20:17:16.226+0300][18492][12796][info ][safepoint] Safepoint "ICBufferFull", Time since last: 44500 ns, Reaching safepoint: 46900 ns, Cleanup: 2800 ns, At safepoint: 10400 ns, Total: 60100 ns
[2025-05-20T20:17:16.226+0300][18492][12796][debug][safepoint] Safepoint synchronization initiated using striped semaphore wait barrier. (33 threads)
[2025-05-20T20:17:16.226+0300][18492][6204 ][debug][safepoint] ... found polling page loop exception at pc = 0x000002b087b0c4dc, stub =0x000002b087585d80
[2025-05-20T20:17:16.226+0300][18492][12796][info ][safepoint] Safepoint "ICBufferFull", Time since last: 107000 ns, Reaching safepoint: 96400 ns, Cleanup: 1800 ns, At safepoint: 13000 ns, Total: 111200 ns
[2025-05-20T20:17:16.226+0300][18492][12796][debug][safepoint] Safepoint synchronization initiated using striped semaphore wait barrier. (33 threads)
[2025-05-20T20:17:16.226+0300][18492][12796][info ][safepoint] Safepoint "ICBufferFull", Time since last: 41400 ns, Reaching safepoint: 43500 ns, Cleanup: 3000 ns, At safepoint: 10000 ns, Total: 56500 ns
[2025-05-20T20:17:17.227+0300][18492][12796][debug][safepoint] Safepoint synchronization initiated using striped semaphore wait barrier. (33 threads)
[2025-05-20T20:17:17.227+0300][18492][12796][info ][safepoint] Safepoint "Cleanup", Time since last: 1001290000 ns, Reaching safepoint: 85000 ns, Cleanup: 102400 ns, At safepoint: 12000 ns, Total: 199400 ns
[2025-05-20T20:17:18.239+0300][18492][12796][debug][safepoint] Safepoint synchronization initiated using striped semaphore wait barrier. (32 threads)
[2025-05-20T20:17:18.239+0300][18492][12796][info ][safepoint] Safepoint "Cleanup", Time since last: 1012178500 ns, Reaching safepoint: 93300 ns, Cleanup: 44100 ns, At safepoint: 14300 ns, Total: 151700 ns
[2025-05-20T20:17:19.252+0300][18492][12796][debug][safepoint] Safepoint synchronization initiated using striped semaphore wait barrier. (32 threads)
[2025-05-20T20:17:19.252+0300][18492][12796][info ][safepoint] Safepoint "Cleanup", Time since last: 1012730800 ns, Reaching safepoint: 90000 ns, Cleanup: 68900 ns, At safepoint: 3800 ns, Total: 162700 ns
[2025-05-20T20:17:20.253+0300][18492][12796][debug][safepoint] Safepoint synchronization initiated using striped semaphore wait barrier. (32 threads)
[2025-05-20T20:17:20.253+0300][18492][8548 ][debug][safepoint] ... found polling page loop exception at pc = 0x000002b08807527e, stub =0x000002b087586600
[2025-05-20T20:17:20.253+0300][18492][12796][info ][safepoint] Safepoint "Cleanup", Time since last: 1000220500 ns, Reaching safepoint: 170900 ns, Cleanup: 65500 ns, At safepoint: 17600 ns, Total: 254000 ns
[2025-05-20T20:17:21.264+0300][18492][12796][debug][safepoint] Safepoint synchronization initiated using striped semaphore wait barrier. (33 threads)
[2025-05-20T20:17:21.264+0300][18492][12796][info ][safepoint] Safepoint "Cleanup", Time since last: 1010438300 ns, Reaching safepoint: 149600 ns, Cleanup: 64900 ns, At safepoint: 16600 ns, Total: 231100 ns
[2025-05-20T20:17:22.265+0300][18492][12796][debug][safepoint] Safepoint synchronization initiated using striped semaphore wait barrier. (33 threads)
[2025-05-20T20:17:22.265+0300][18492][12796][info ][safepoint] Safepoint "Cleanup", Time since last: 1001435300 ns, Reaching safepoint: 87700 ns, Cleanup: 51800 ns, At safepoint: 7000 ns, Total: 146500 ns
[2025-05-20T20:17:23.278+0300][18492][12796][debug][safepoint] Safepoint synchronization initiated using striped semaphore wait barrier. (32 threads)
[2025-05-20T20:17:23.278+0300][18492][12796][info ][safepoint] Safepoint "Cleanup", Time since last: 1012617800 ns, Reaching safepoint: 99700 ns, Cleanup: 36400 ns, At safepoint: 3000 ns, Total: 139100 ns
[2025-05-20T20:17:24.294+0300][18492][12796][debug][safepoint] Safepoint synchronization initiated using striped semaphore wait barrier. (32 threads)
[2025-05-20T20:17:24.294+0300][18492][23308][debug][safepoint] ... found polling page loop exception at pc = 0x000002b0881926bd, stub =0x000002b087585d80
[2025-05-20T20:17:24.294+0300][18492][12796][info ][safepoint] Safepoint "Cleanup", Time since last: 1015697600 ns, Reaching safepoint: 168300 ns, Cleanup: 52800 ns, At safepoint: 12000 ns, Total: 233100 ns
[2025-05-20T20:17:25.295+0300][18492][12796][debug][safepoint] Safepoint synchronization initiated using striped semaphore wait barrier. (32 threads)
[2025-05-20T20:17:25.295+0300][18492][12796][info ][safepoint] Safepoint "Cleanup", Time since last: 1000451900 ns, Reaching safepoint: 105500 ns, Cleanup: 33300 ns, At safepoint: 5200 ns, Total: 144000 ns
[2025-05-20T20:17:26.304+0300][18492][12796][debug][safepoint] Safepoint synchronization initiated using striped semaphore wait barrier. (32 threads)
[2025-05-20T20:17:26.304+0300][18492][12796][info ][safepoint] Safepoint "Cleanup", Time since last: 1009905900 ns, Reaching safepoint: 109700 ns, Cleanup: 22400 ns, At safepoint: 5100 ns, Total: 137200 ns
[2025-05-20T20:17:27.312+0300][18492][12796][debug][safepoint] Safepoint synchronization initiated using striped semaphore wait barrier. (32 threads)
[2025-05-20T20:17:27.312+0300][18492][18512][debug][safepoint] ... found polling page loop exception at pc = 0x000002b087fa753f, stub =0x000002b087586600
[2025-05-20T20:17:27.312+0300][18492][12796][info ][safepoint] Safepoint "Cleanup", Time since last: 1007277500 ns, Reaching safepoint: 161200 ns, Cleanup: 32700 ns, At safepoint: 12100 ns, Total: 206000 ns
[2025-05-20T20:17:28.320+0300][18492][12796][debug][safepoint] Safepoint synchronization initiated using striped semaphore wait barrier. (32 threads)
[2025-05-20T20:17:28.320+0300][18492][12796][info ][safepoint] Safepoint "Cleanup", Time since last: 1008084700 ns, Reaching safepoint: 127800 ns, Cleanup: 46400 ns, At safepoint: 13500 ns, Total: 187700 ns
[2025-05-20T20:17:29.335+0300][18492][12796][debug][safepoint] Safepoint synchronization initiated using striped semaphore wait barrier. (32 threads)
[2025-05-20T20:17:29.335+0300][18492][12796][info ][safepoint] Safepoint "Cleanup", Time since last: 1014985000 ns, Reaching safepoint: 176200 ns, Cleanup: 68400 ns, At safepoint: 47600 ns, Total: 292200 ns
[2025-05-20T20:17:30.341+0300][18492][12796][debug][safepoint] Safepoint synchronization initiated using striped semaphore wait barrier. (32 threads)
[2025-05-20T20:17:30.341+0300][18492][12796][info ][safepoint] Safepoint "Cleanup", Time since last: 1005257100 ns, Reaching safepoint: 111900 ns, Cleanup: 23500 ns, At safepoint: 11400 ns, Total: 146800 ns
[2025-05-20T20:17:31.148+0300][18492][12796][debug][safepoint] Safepoint synchronization initiated using striped semaphore wait barrier. (32 threads)
[2025-05-20T20:17:31.148+0300][18492][12796][debug][gc,heap  ] GC(4) Heap before GC invocations=4 (full 1):
[2025-05-20T20:17:31.148+0300][18492][12796][debug][gc,heap  ] GC(4)  garbage-first heap   total 4194304K, used 530447K [0x0000000700000000, 0x0000000800000000)
[2025-05-20T20:17:31.148+0300][18492][12796][debug][gc,heap  ] GC(4)   region size 2048K, 256 young (524288K), 4 survivors (8192K)
[2025-05-20T20:17:31.148+0300][18492][12796][debug][gc,heap  ] GC(4)  Metaspace       used 33847K, committed 34752K, reserved 1114112K
[2025-05-20T20:17:31.148+0300][18492][12796][debug][gc,heap  ] GC(4)   class space    used 2937K, committed 3328K, reserved 1048576K
[2025-05-20T20:17:31.156+0300][18492][12796][info ][gc,phases] GC(4)   Pre Evacuate Collection Set: 0.6ms
[2025-05-20T20:17:31.156+0300][18492][12796][debug][gc,phases] GC(4)     Pre Evacuate Prepare: 0.3ms
[2025-05-20T20:17:31.156+0300][18492][12796][debug][gc,phases] GC(4)       JT Retire TLABs And Flush Logs (ms): Min:  0.0, Avg:  0.0, Max:  0.0, Diff:  0.0, Sum:  0.0, Workers: 2
[2025-05-20T20:17:31.156+0300][18492][12796][debug][gc,phases] GC(4)       Non-JT Flush Logs (ms):        Min:  0.0, Avg:  0.0, Max:  0.0, Diff:  0.0, Sum:  0.0, Workers: 1
[2025-05-20T20:17:31.156+0300][18492][12796][debug][gc,phases] GC(4)     Choose Collection Set: 0.0ms
[2025-05-20T20:17:31.156+0300][18492][12796][debug][gc,phases] GC(4)     Region Register: 0.3ms
[2025-05-20T20:17:31.156+0300][18492][12796][debug][gc,phases] GC(4)     Prepare Heap Roots: 0.0ms
[2025-05-20T20:17:31.156+0300][18492][12796][info ][gc,phases] GC(4)   Merge Heap Roots: 0.2ms
[2025-05-20T20:17:31.156+0300][18492][12796][debug][gc,phases] GC(4)     Prepare Merge Heap Roots: 0.0ms
[2025-05-20T20:17:31.156+0300][18492][12796][debug][gc,phases] GC(4)     Remembered Sets (ms):          Min:  0.0, Avg:  0.0, Max:  0.1, Diff:  0.0, Sum:  0.3, Workers: 8
[2025-05-20T20:17:31.156+0300][18492][12796][debug][gc,phases] GC(4)       Eager Reclaim (ms):            skipped
[2025-05-20T20:17:31.156+0300][18492][12796][debug][gc,phases] GC(4)       Merged Inline                  Min: 0, Avg:  0.0, Max: 0, Diff: 0, Sum: 0, Workers: 8
[2025-05-20T20:17:31.156+0300][18492][12796][debug][gc,phases] GC(4)       Merged ArrayOfCards            Min: 0, Avg:  0.0, Max: 0, Diff: 0, Sum: 0, Workers: 8
[2025-05-20T20:17:31.156+0300][18492][12796][debug][gc,phases] GC(4)       Merged Howl                    Min: 0, Avg:  0.9, Max: 7, Diff: 7, Sum: 7, Workers: 8
[2025-05-20T20:17:31.156+0300][18492][12796][debug][gc,phases] GC(4)       Merged Full                    Min: 0, Avg:  0.0, Max: 0, Diff: 0, Sum: 0, Workers: 8
[2025-05-20T20:17:31.156+0300][18492][12796][debug][gc,phases] GC(4)       Merged Howl Inline             Min: 0, Avg:  4.1, Max: 33, Diff: 33, Sum: 33, Workers: 8
[2025-05-20T20:17:31.156+0300][18492][12796][debug][gc,phases] GC(4)       Merged Howl ArrayOfCards       Min: 0, Avg:  1.0, Max: 8, Diff: 8, Sum: 8, Workers: 8
[2025-05-20T20:17:31.156+0300][18492][12796][debug][gc,phases] GC(4)       Merged Howl BitMap             Min: 0, Avg:  1.9, Max: 15, Diff: 15, Sum: 15, Workers: 8
[2025-05-20T20:17:31.156+0300][18492][12796][debug][gc,phases] GC(4)       Merged Howl Full               Min: 0, Avg:  0.0, Max: 0, Diff: 0, Sum: 0, Workers: 8
[2025-05-20T20:17:31.156+0300][18492][12796][debug][gc,phases] GC(4)       Merged Cards                   Min: 8, Avg: 108.0, Max: 808, Diff: 800, Sum: 864, Workers: 8
[2025-05-20T20:17:31.156+0300][18492][12796][debug][gc,phases] GC(4)     Log Buffers (ms):              Min:  0.0, Avg:  0.0, Max:  0.0, Diff:  0.0, Sum:  0.1, Workers: 8
[2025-05-20T20:17:31.156+0300][18492][12796][debug][gc,phases] GC(4)       Dirty Cards:                   Min: 0, Avg: 146.5, Max: 642, Diff: 642, Sum: 1172, Workers: 8
[2025-05-20T20:17:31.156+0300][18492][12796][debug][gc,phases] GC(4)       Skipped Cards:                 Min: 0, Avg:  9.0, Max: 56, Diff: 56, Sum: 72, Workers: 8
[2025-05-20T20:17:31.156+0300][18492][12796][info ][gc,phases] GC(4)   Evacuate Collection Set: 4.9ms
[2025-05-20T20:17:31.156+0300][18492][12796][debug][gc,phases] GC(4)     Ext Root Scanning (ms):        Min:  0.1, Avg:  0.3, Max:  1.2, Diff:  1.1, Sum:  2.2, Workers: 8
[2025-05-20T20:17:31.156+0300][18492][12796][debug][gc,phases] GC(4)     Scan Heap Roots (ms):          Min:  0.0, Avg:  0.4, Max:  0.6, Diff:  0.6, Sum:  2.9, Workers: 8
[2025-05-20T20:17:31.156+0300][18492][12796][debug][gc,phases] GC(4)       Scanned Cards:                 Min: 0, Avg: 211.1, Max: 350, Diff: 350, Sum: 1689, Workers: 8
[2025-05-20T20:17:31.156+0300][18492][12796][debug][gc,phases] GC(4)       Scanned Blocks:                Min: 0, Avg: 115.1, Max: 216, Diff: 216, Sum: 921, Workers: 8
[2025-05-20T20:17:31.156+0300][18492][12796][debug][gc,phases] GC(4)       Claimed Chunks:                Min: 0, Avg: 22.1, Max: 43, Diff: 43, Sum: 177, Workers: 8
[2025-05-20T20:17:31.156+0300][18492][12796][debug][gc,phases] GC(4)       Found Roots:                   Min: 0, Avg: 911.6, Max: 2422, Diff: 2422, Sum: 7293, Workers: 8
[2025-05-20T20:17:31.156+0300][18492][12796][debug][gc,phases] GC(4)     Code Root Scan (ms):           Min:  0.0, Avg:  1.0, Max:  1.9, Diff:  1.9, Sum:  8.2, Workers: 8
[2025-05-20T20:17:31.156+0300][18492][12796][debug][gc,phases] GC(4)       Scanned Nmethods               Min: 0, Avg: 210.9, Max: 343, Diff: 343, Sum: 1687, Workers: 8
[2025-05-20T20:17:31.156+0300][18492][12796][debug][gc,phases] GC(4)     Object Copy (ms):              Min:  2.2, Avg:  2.9, Max:  3.6, Diff:  1.4, Sum: 23.3, Workers: 8
[2025-05-20T20:17:31.156+0300][18492][12796][debug][gc,phases] GC(4)     Termination (ms):              Min:  0.0, Avg:  0.1, Max:  0.2, Diff:  0.1, Sum:  0.9, Workers: 8
[2025-05-20T20:17:31.156+0300][18492][12796][debug][gc,phases] GC(4)       Termination Attempts:          Min: 1, Avg:  2.9, Max: 5, Diff: 4, Sum: 23, Workers: 8
[2025-05-20T20:17:31.156+0300][18492][12796][debug][gc,phases] GC(4)     GC Worker Other (ms):          Min:  0.0, Avg:  0.0, Max:  0.1, Diff:  0.0, Sum:  0.4, Workers: 8
[2025-05-20T20:17:31.156+0300][18492][12796][debug][gc,phases] GC(4)     GC Worker Total (ms):          Min:  4.7, Avg:  4.7, Max:  4.8, Diff:  0.2, Sum: 37.8, Workers: 8
[2025-05-20T20:17:31.156+0300][18492][12796][info ][gc,phases] GC(4)   Post Evacuate Collection Set: 1.1ms
[2025-05-20T20:17:31.156+0300][18492][12796][debug][gc,phases] GC(4)     NMethod List Cleanup: 0.1ms
[2025-05-20T20:17:31.156+0300][18492][12796][debug][gc,phases] GC(4)     Reference Processing: 0.1ms
[2025-05-20T20:17:31.156+0300][18492][12796][debug][gc,phases] GC(4)     Weak Processing: 0.2ms
[2025-05-20T20:17:31.156+0300][18492][12796][debug][gc,phases] GC(4)       VM Weak                        Min:  0.0, Avg:  0.0, Max:  0.0, Diff:  0.0, Sum:  0.0, Workers: 8
[2025-05-20T20:17:31.156+0300][18492][12796][debug][gc,phases] GC(4)         Dead                           Min: 0, Avg:  0.0, Max: 0, Diff: 0, Sum: 0, Workers: 8
[2025-05-20T20:17:31.156+0300][18492][12796][debug][gc,phases] GC(4)         Total                          Min: 0, Avg: 69.2, Max: 298, Diff: 298, Sum: 554, Workers: 8
[2025-05-20T20:17:31.156+0300][18492][12796][debug][gc,phases] GC(4)       ObjectSynchronizer Weak        Min:  0.0, Avg:  0.0, Max:  0.0, Diff:  0.0, Sum:  0.1, Workers: 8
[2025-05-20T20:17:31.156+0300][18492][12796][debug][gc,phases] GC(4)         Dead                           Min: 0, Avg:  1.5, Max: 10, Diff: 10, Sum: 12, Workers: 8
[2025-05-20T20:17:31.156+0300][18492][12796][debug][gc,phases] GC(4)         Total                          Min: 0, Avg: 44.9, Max: 192, Diff: 192, Sum: 359, Workers: 8
[2025-05-20T20:17:31.156+0300][18492][12796][debug][gc,phases] GC(4)       JVMTI Tag Weak OopStorage      Min:  0.0, Avg:  0.0, Max:  0.0, Diff:  0.0, Sum:  0.0, Workers: 8
[2025-05-20T20:17:31.156+0300][18492][12796][debug][gc,phases] GC(4)         Dead                           Min: 0, Avg:  0.0, Max: 0, Diff: 0, Sum: 0, Workers: 8
[2025-05-20T20:17:31.156+0300][18492][12796][debug][gc,phases] GC(4)         Total                          Min: 0, Avg:  0.0, Max: 0, Diff: 0, Sum: 0, Workers: 8
[2025-05-20T20:17:31.156+0300][18492][12796][debug][gc,phases] GC(4)       StringTable Weak               Min:  0.0, Avg:  0.1, Max:  0.1, Diff:  0.1, Sum:  0.5, Workers: 8
[2025-05-20T20:17:31.156+0300][18492][12796][debug][gc,phases] GC(4)         Dead                           Min: 0, Avg:  1.4, Max: 7, Diff: 7, Sum: 11, Workers: 8
[2025-05-20T20:17:31.156+0300][18492][12796][debug][gc,phases] GC(4)         Total                          Min: 896, Avg: 3387.9, Max: 8095, Diff: 7199, Sum: 27103, Workers: 8
[2025-05-20T20:17:31.156+0300][18492][12796][debug][gc,phases] GC(4)       ResolvedMethodTable Weak       Min:  0.0, Avg:  0.0, Max:  0.0, Diff:  0.0, Sum:  0.1, Workers: 8
[2025-05-20T20:17:31.156+0300][18492][12796][debug][gc,phases] GC(4)         Dead                           Min: 0, Avg:  0.2, Max: 2, Diff: 2, Sum: 2, Workers: 8
[2025-05-20T20:17:31.156+0300][18492][12796][debug][gc,phases] GC(4)         Total                          Min: 128, Avg: 211.9, Max: 320, Diff: 192, Sum: 1695, Workers: 8
[2025-05-20T20:17:31.156+0300][18492][12796][debug][gc,phases] GC(4)       JNI Weak                       Min:  0.0, Avg:  0.0, Max:  0.0, Diff:  0.0, Sum:  0.0, Workers: 8
[2025-05-20T20:17:31.156+0300][18492][12796][debug][gc,phases] GC(4)         Dead                           Min: 0, Avg:  0.0, Max: 0, Diff: 0, Sum: 0, Workers: 8
[2025-05-20T20:17:31.156+0300][18492][12796][debug][gc,phases] GC(4)         Total                          Min: 0, Avg:  0.0, Max: 0, Diff: 0, Sum: 0, Workers: 8
[2025-05-20T20:17:31.156+0300][18492][12796][debug][gc,phases] GC(4)       StringDedup Table Weak         Min:  0.0, Avg:  0.0, Max:  0.0, Diff:  0.0, Sum:  0.0, Workers: 8
[2025-05-20T20:17:31.156+0300][18492][12796][debug][gc,phases] GC(4)         Dead                           Min: 0, Avg:  0.0, Max: 0, Diff: 0, Sum: 0, Workers: 8
[2025-05-20T20:17:31.156+0300][18492][12796][debug][gc,phases] GC(4)         Total                          Min: 0, Avg:  0.0, Max: 0, Diff: 0, Sum: 0, Workers: 8
[2025-05-20T20:17:31.156+0300][18492][12796][debug][gc,phases] GC(4)       StringDedup Requests0 Weak     Min:  0.0, Avg:  0.0, Max:  0.0, Diff:  0.0, Sum:  0.0, Workers: 8
[2025-05-20T20:17:31.156+0300][18492][12796][debug][gc,phases] GC(4)         Dead                           Min: 0, Avg:  0.0, Max: 0, Diff: 0, Sum: 0, Workers: 8
[2025-05-20T20:17:31.156+0300][18492][12796][debug][gc,phases] GC(4)         Total                          Min: 0, Avg:  0.0, Max: 0, Diff: 0, Sum: 0, Workers: 8
[2025-05-20T20:17:31.156+0300][18492][12796][debug][gc,phases] GC(4)       StringDedup Requests1 Weak     Min:  0.0, Avg:  0.0, Max:  0.0, Diff:  0.0, Sum:  0.0, Workers: 8
[2025-05-20T20:17:31.156+0300][18492][12796][debug][gc,phases] GC(4)         Dead                           Min: 0, Avg:  0.0, Max: 0, Diff: 0, Sum: 0, Workers: 8
[2025-05-20T20:17:31.156+0300][18492][12796][debug][gc,phases] GC(4)         Total                          Min: 0, Avg:  0.0, Max: 0, Diff: 0, Sum: 0, Workers: 8
[2025-05-20T20:17:31.156+0300][18492][12796][debug][gc,phases] GC(4)       Weak JFR Old Object Samples    Min:  0.0, Avg:  0.0, Max:  0.0, Diff:  0.0, Sum:  0.0, Workers: 8
[2025-05-20T20:17:31.156+0300][18492][12796][debug][gc,phases] GC(4)         Dead                           Min: 0, Avg:  0.0, Max: 0, Diff: 0, Sum: 0, Workers: 8
[2025-05-20T20:17:31.156+0300][18492][12796][debug][gc,phases] GC(4)         Total                          Min: 0, Avg:  0.0, Max: 0, Diff: 0, Sum: 0, Workers: 8
[2025-05-20T20:17:31.156+0300][18492][12796][debug][gc,phases] GC(4)     Post Evacuate Cleanup 1: 0.3ms
[2025-05-20T20:17:31.156+0300][18492][12796][debug][gc,phases] GC(4)       Merge Per-Thread State (ms):   Min:  0.0, Avg:  0.0, Max:  0.0, Diff:  0.0, Sum:  0.0, Workers: 1
[2025-05-20T20:17:31.156+0300][18492][12796][debug][gc,phases] GC(4)         Copied Bytes                   Min: 427408, Avg: 868456.0, Max: 1521080, Diff: 1093672, Sum: 6947648, Workers: 8
[2025-05-20T20:17:31.156+0300][18492][12796][debug][gc,phases] GC(4)         LAB Waste                      Min: 648, Avg: 7309.0, Max: 19048, Diff: 18400, Sum: 58472, Workers: 8
[2025-05-20T20:17:31.156+0300][18492][12796][debug][gc,phases] GC(4)         LAB Undo Waste                 Min: 0, Avg:  0.0, Max: 0, Diff: 0, Sum: 0, Workers: 8
[2025-05-20T20:17:31.156+0300][18492][12796][debug][gc,phases] GC(4)       Clear Logged Cards (ms):       Min:  0.0, Avg:  0.0, Max:  0.1, Diff:  0.1, Sum:  0.1, Workers: 4
[2025-05-20T20:17:31.156+0300][18492][12796][debug][gc,phases] GC(4)       Recalculate Used Memory (ms):  Min:  0.0, Avg:  0.0, Max:  0.0, Diff:  0.0, Sum:  0.0, Workers: 1
[2025-05-20T20:17:31.156+0300][18492][12796][debug][gc,phases] GC(4)     Post Evacuate Cleanup 2: 0.3ms
[2025-05-20T20:17:31.156+0300][18492][12796][debug][gc,phases] GC(4)       Update Derived Pointers (ms):  Min:  0.0, Avg:  0.0, Max:  0.0, Diff:  0.0, Sum:  0.0, Workers: 1
[2025-05-20T20:17:31.156+0300][18492][12796][debug][gc,phases] GC(4)       Eagerly Reclaim Humongous Objects (ms): skipped
[2025-05-20T20:17:31.156+0300][18492][12796][debug][gc,phases] GC(4)         Humongous Total                skipped
[2025-05-20T20:17:31.156+0300][18492][12796][debug][gc,phases] GC(4)         Humongous Candidates           skipped
[2025-05-20T20:17:31.156+0300][18492][12796][debug][gc,phases] GC(4)         Humongous Reclaimed            skipped
[2025-05-20T20:17:31.156+0300][18492][12796][debug][gc,phases] GC(4)       Redirty Logged Cards (ms):     Min:  0.0, Avg:  0.0, Max:  0.0, Diff:  0.0, Sum:  0.0, Workers: 8
[2025-05-20T20:17:31.156+0300][18492][12796][debug][gc,phases] GC(4)         Redirtied Cards:               Min: 0, Avg: 125.2, Max: 501, Diff: 501, Sum: 1002, Workers: 8
[2025-05-20T20:17:31.156+0300][18492][12796][debug][gc,phases] GC(4)       Resize TLABs (ms):             Min:  0.0, Avg:  0.0, Max:  0.0, Diff:  0.0, Sum:  0.0, Workers: 8
[2025-05-20T20:17:31.156+0300][18492][12796][debug][gc,phases] GC(4)       Free Collection Set (ms):      Min:  0.0, Avg:  0.1, Max:  0.2, Diff:  0.1, Sum:  0.6, Workers: 8
[2025-05-20T20:17:31.156+0300][18492][12796][debug][gc,phases] GC(4)     Rebuild Free List: 0.1ms
[2025-05-20T20:17:31.156+0300][18492][12796][debug][gc,phases] GC(4)     Prepare For Mutator: 0.0ms
[2025-05-20T20:17:31.156+0300][18492][12796][debug][gc,phases] GC(4)     Expand Heap After Collection: 0.0ms
[2025-05-20T20:17:31.156+0300][18492][12796][info ][gc,phases] GC(4)   Other: 0.2ms
[2025-05-20T20:17:31.156+0300][18492][12796][info ][gc,heap  ] GC(4) Eden regions: 252->0(627)
[2025-05-20T20:17:31.156+0300][18492][12796][info ][gc,heap  ] GC(4) Survivor regions: 4->4(32)
[2025-05-20T20:17:31.156+0300][18492][12796][info ][gc,heap  ] GC(4) Old regions: 8->8
[2025-05-20T20:17:31.156+0300][18492][12796][info ][gc,heap  ] GC(4) Humongous regions: 0->0
[2025-05-20T20:17:31.156+0300][18492][12796][debug][gc,heap  ] GC(4) Heap after GC invocations=5 (full 1):
[2025-05-20T20:17:31.156+0300][18492][12796][debug][gc,heap  ] GC(4)  garbage-first heap   total 4194304K, used 16483K [0x0000000700000000, 0x0000000800000000)
[2025-05-20T20:17:31.156+0300][18492][12796][debug][gc,heap  ] GC(4)   region size 2048K, 4 young (8192K), 4 survivors (8192K)
[2025-05-20T20:17:31.156+0300][18492][12796][debug][gc,heap  ] GC(4)  Metaspace       used 33847K, committed 34752K, reserved 1114112K
[2025-05-20T20:17:31.156+0300][18492][12796][debug][gc,heap  ] GC(4)   class space    used 2937K, committed 3328K, reserved 1048576K
[2025-05-20T20:17:31.156+0300][18492][12796][info ][gc       ] GC(4) Pause Young (Mixed) (G1 Evacuation Pause) 520M->16M(4096M) 8.210ms
[2025-05-20T20:17:31.156+0300][18492][12796][info ][safepoint] Safepoint "G1CollectForAllocation", Time since last: 809578900 ns, Reaching safepoint: 102900 ns, Cleanup: 39900 ns, At safepoint: 8238500 ns, Total: 8381300 ns
[2025-05-20T20:17:32.168+0300][18492][12796][debug][safepoint] Safepoint synchronization initiated using striped semaphore wait barrier. (32 threads)
[2025-05-20T20:17:32.168+0300][18492][10944][debug][safepoint] ... found polling page loop exception at pc = 0x000002b087fa7287, stub =0x000002b087586600
[2025-05-20T20:17:32.168+0300][18492][12796][info ][safepoint] Safepoint "Cleanup", Time since last: 1009271000 ns, Reaching safepoint: 279700 ns, Cleanup: 46000 ns, At safepoint: 19200 ns, Total: 344900 ns
[2025-05-20T20:17:33.177+0300][18492][12796][debug][safepoint] Safepoint synchronization initiated using striped semaphore wait barrier. (32 threads)
[2025-05-20T20:17:33.177+0300][18492][12796][info ][safepoint] Safepoint "Cleanup", Time since last: 1008660200 ns, Reaching safepoint: 124600 ns, Cleanup: 24100 ns, At safepoint: 9900 ns, Total: 158600 ns
[2025-05-20T20:17:34.187+0300][18492][12796][debug][safepoint] Safepoint synchronization initiated using striped semaphore wait barrier. (32 threads)
[2025-05-20T20:17:34.187+0300][18492][12796][info ][safepoint] Safepoint "Cleanup", Time since last: 1010095000 ns, Reaching safepoint: 159200 ns, Cleanup: 42700 ns, At safepoint: 17000 ns, Total: 218900 ns
[2025-05-20T20:17:35.198+0300][18492][12796][debug][safepoint] Safepoint synchronization initiated using striped semaphore wait barrier. (32 threads)
[2025-05-20T20:17:35.198+0300][18492][12796][info ][safepoint] Safepoint "Cleanup", Time since last: 1010036900 ns, Reaching safepoint: 101800 ns, Cleanup: 42200 ns, At safepoint: 17600 ns, Total: 161600 ns
[2025-05-20T20:17:36.201+0300][18492][12796][debug][safepoint] Safepoint synchronization initiated using striped semaphore wait barrier. (32 threads)
[2025-05-20T20:17:36.201+0300][18492][6204 ][debug][safepoint] ... found polling page loop exception at pc = 0x000002b0880b2f17, stub =0x000002b087586600
[2025-05-20T20:17:36.201+0300][18492][12796][info ][safepoint] Safepoint "Cleanup", Time since last: 1002713400 ns, Reaching safepoint: 248300 ns, Cleanup: 47300 ns, At safepoint: 19300 ns, Total: 314900 ns
[2025-05-20T20:17:37.219+0300][18492][12796][debug][safepoint] Safepoint synchronization initiated using striped semaphore wait barrier. (32 threads)
[2025-05-20T20:17:37.219+0300][18492][12796][info ][safepoint] Safepoint "Cleanup", Time since last: 1017537200 ns, Reaching safepoint: 120900 ns, Cleanup: 51100 ns, At safepoint: 22200 ns, Total: 194200 ns
[2025-05-20T20:17:38.219+0300][18492][12796][debug][safepoint] Safepoint synchronization initiated using striped semaphore wait barrier. (32 threads)
[2025-05-20T20:17:38.219+0300][18492][12796][info ][safepoint] Safepoint "Cleanup", Time since last: 1000259600 ns, Reaching safepoint: 131200 ns, Cleanup: 50600 ns, At safepoint: 18300 ns, Total: 200100 ns
[2025-05-20T20:17:39.222+0300][18492][12796][debug][safepoint] Safepoint synchronization initiated using striped semaphore wait barrier. (32 threads)
[2025-05-20T20:17:39.222+0300][18492][12796][info ][safepoint] Safepoint "Cleanup", Time since last: 1002611500 ns, Reaching safepoint: 60500 ns, Cleanup: 41100 ns, At safepoint: 4000 ns, Total: 105600 ns
[2025-05-20T20:17:40.226+0300][18492][12796][debug][safepoint] Safepoint synchronization initiated using striped semaphore wait barrier. (32 threads)
[2025-05-20T20:17:40.226+0300][18492][12796][info ][safepoint] Safepoint "Cleanup", Time since last: 1003709800 ns, Reaching safepoint: 99400 ns, Cleanup: 41200 ns, At safepoint: 10200 ns, Total: 150800 ns
[2025-05-20T20:17:41.238+0300][18492][12796][debug][safepoint] Safepoint synchronization initiated using striped semaphore wait barrier. (32 threads)
[2025-05-20T20:17:41.238+0300][18492][12796][info ][safepoint] Safepoint "Cleanup", Time since last: 1011963200 ns, Reaching safepoint: 77100 ns, Cleanup: 20300 ns, At safepoint: 4700 ns, Total: 102100 ns
[2025-05-20T20:17:42.253+0300][18492][12796][debug][safepoint] Safepoint synchronization initiated using striped semaphore wait barrier. (32 threads)
[2025-05-20T20:17:42.253+0300][18492][12796][info ][safepoint] Safepoint "Cleanup", Time since last: 1014846600 ns, Reaching safepoint: 139400 ns, Cleanup: 36800 ns, At safepoint: 27800 ns, Total: 204000 ns
[2025-05-20T20:17:43.264+0300][18492][12796][debug][safepoint] Safepoint synchronization initiated using striped semaphore wait barrier. (32 threads)
[2025-05-20T20:17:43.264+0300][18492][12796][info ][safepoint] Safepoint "Cleanup", Time since last: 1011323100 ns, Reaching safepoint: 182100 ns, Cleanup: 42000 ns, At safepoint: 21100 ns, Total: 245200 ns
[2025-05-20T20:17:44.266+0300][18492][12796][debug][safepoint] Safepoint synchronization initiated using striped semaphore wait barrier. (32 threads)
[2025-05-20T20:17:44.266+0300][18492][12796][info ][safepoint] Safepoint "Cleanup", Time since last: 1001209400 ns, Reaching safepoint: 145300 ns, Cleanup: 66000 ns, At safepoint: 46500 ns, Total: 257800 ns
[2025-05-20T20:17:47.291+0300][18492][12796][debug][safepoint] Safepoint synchronization initiated using striped semaphore wait barrier. (32 threads)
[2025-05-20T20:17:47.291+0300][18492][12796][info ][safepoint] Safepoint "Cleanup", Time since last: 3025606500 ns, Reaching safepoint: 116200 ns, Cleanup: 32200 ns, At safepoint: 9000 ns, Total: 157400 ns
[2025-05-20T20:17:48.292+0300][18492][12796][debug][safepoint] Safepoint synchronization initiated using striped semaphore wait barrier. (32 threads)
[2025-05-20T20:17:48.292+0300][18492][18512][debug][safepoint] ... found polling page loop exception at pc = 0x000002b087fa72ca, stub =0x000002b087586600
[2025-05-20T20:17:48.292+0300][18492][12796][info ][safepoint] Safepoint "Cleanup", Time since last: 1000982600 ns, Reaching safepoint: 282700 ns, Cleanup: 32000 ns, At safepoint: 20000 ns, Total: 334700 ns
[2025-05-20T20:17:49.303+0300][18492][12796][debug][safepoint] Safepoint synchronization initiated using striped semaphore wait barrier. (32 threads)
[2025-05-20T20:17:49.303+0300][18492][10944][debug][safepoint] ... found polling page loop exception at pc = 0x000002b087fa6ec7, stub =0x000002b087586600
[2025-05-20T20:17:49.303+0300][18492][22168][debug][safepoint] ... found polling page loop exception at pc = 0x000002b08830f1f3, stub =0x000002b087586600
[2025-05-20T20:17:49.303+0300][18492][12796][info ][safepoint] Safepoint "Cleanup", Time since last: 1009651200 ns, Reaching safepoint: 446900 ns, Cleanup: 27000 ns, At safepoint: 20300 ns, Total: 494200 ns
[2025-05-20T20:17:51.314+0300][18492][12796][debug][safepoint] Safepoint synchronization initiated using striped semaphore wait barrier. (32 threads)
[2025-05-20T20:17:51.314+0300][18492][12796][info ][safepoint] Safepoint "Cleanup", Time since last: 2011203500 ns, Reaching safepoint: 151400 ns, Cleanup: 65000 ns, At safepoint: 9400 ns, Total: 225800 ns
[2025-05-20T20:17:52.328+0300][18492][12796][debug][safepoint] Safepoint synchronization initiated using striped semaphore wait barrier. (32 threads)
[2025-05-20T20:17:52.328+0300][18492][12796][info ][safepoint] Safepoint "Cleanup", Time since last: 1013794200 ns, Reaching safepoint: 133500 ns, Cleanup: 43400 ns, At safepoint: 11000 ns, Total: 187900 ns
[2025-05-20T20:17:54.351+0300][18492][12796][debug][safepoint] Safepoint synchronization initiated using striped semaphore wait barrier. (32 threads)
[2025-05-20T20:17:54.351+0300][18492][8900 ][debug][safepoint] ... found polling page loop exception at pc = 0x000002b088233570, stub =0x000002b087586600
[2025-05-20T20:17:54.351+0300][18492][12796][info ][safepoint] Safepoint "Cleanup", Time since last: 2022362300 ns, Reaching safepoint: 137100 ns, Cleanup: 22000 ns, At safepoint: 9000 ns, Total: 168100 ns
[2025-05-20T20:17:55.364+0300][18492][12796][debug][safepoint] Safepoint synchronization initiated using striped semaphore wait barrier. (32 threads)
[2025-05-20T20:17:55.364+0300][18492][12796][info ][safepoint] Safepoint "Cleanup", Time since last: 1012740800 ns, Reaching safepoint: 85800 ns, Cleanup: 27800 ns, At safepoint: 5400 ns, Total: 119000 ns
[2025-05-20T20:17:57.385+0300][18492][12796][debug][safepoint] Safepoint synchronization initiated using striped semaphore wait barrier. (32 threads)
[2025-05-20T20:17:57.385+0300][18492][12796][info ][safepoint] Safepoint "Cleanup", Time since last: 2020572800 ns, Reaching safepoint: 155400 ns, Cleanup: 67800 ns, At safepoint: 51900 ns, Total: 275100 ns
[2025-05-20T20:17:58.392+0300][18492][12796][debug][safepoint] Safepoint synchronization initiated using striped semaphore wait barrier. (32 threads)
[2025-05-20T20:17:58.392+0300][18492][12796][info ][safepoint] Safepoint "Cleanup", Time since last: 1007027500 ns, Reaching safepoint: 125200 ns, Cleanup: 36100 ns, At safepoint: 3800 ns, Total: 165100 ns
[2025-05-20T20:18:00.398+0300][18492][12796][debug][safepoint] Safepoint synchronization initiated using striped semaphore wait barrier. (32 threads)
[2025-05-20T20:18:00.399+0300][18492][12796][info ][safepoint] Safepoint "Cleanup", Time since last: 2006210300 ns, Reaching safepoint: 173600 ns, Cleanup: 36300 ns, At safepoint: 16000 ns, Total: 225900 ns
[2025-05-20T20:18:01.410+0300][18492][12796][debug][safepoint] Safepoint synchronization initiated using striped semaphore wait barrier. (32 threads)
[2025-05-20T20:18:01.410+0300][18492][12796][info ][safepoint] Safepoint "Cleanup", Time since last: 1011421700 ns, Reaching safepoint: 150600 ns, Cleanup: 17800 ns, At safepoint: 16800 ns, Total: 185200 ns
[2025-05-20T20:18:02.412+0300][18492][12796][debug][safepoint] Safepoint synchronization initiated using striped semaphore wait barrier. (32 threads)
[2025-05-20T20:18:02.412+0300][18492][12796][info ][safepoint] Safepoint "Cleanup", Time since last: 1001623600 ns, Reaching safepoint: 153700 ns, Cleanup: 41700 ns, At safepoint: 51300 ns, Total: 246700 ns
[2025-05-20T20:18:05.443+0300][18492][12796][debug][safepoint] Safepoint synchronization initiated using striped semaphore wait barrier. (32 threads)
[2025-05-20T20:18:05.443+0300][18492][12796][info ][safepoint] Safepoint "Cleanup", Time since last: 3030909500 ns, Reaching safepoint: 120900 ns, Cleanup: 60900 ns, At safepoint: 10400 ns, Total: 192200 ns
[2025-05-20T20:18:07.130+0300][18492][8900 ][debug][safepoint] ... found polling page loop exception at pc = 0x000002b08808fde7, stub =0x000002b087586600
[2025-05-20T20:18:07.130+0300][18492][12796][debug][safepoint] Safepoint synchronization initiated using striped semaphore wait barrier. (32 threads)
[2025-05-20T20:18:07.130+0300][18492][12796][info ][safepoint] Safepoint "Cleanup", Time since last: 1686874000 ns, Reaching safepoint: 212200 ns, Cleanup: 42400 ns, At safepoint: 52900 ns, Total: 307500 ns
[2025-05-20T20:18:09.159+0300][18492][12796][debug][safepoint] Safepoint synchronization initiated using striped semaphore wait barrier. (32 threads)
[2025-05-20T20:18:09.159+0300][18492][12796][info ][safepoint] Safepoint "Cleanup", Time since last: 2029258800 ns, Reaching safepoint: 216400 ns, Cleanup: 51000 ns, At safepoint: 46300 ns, Total: 313700 ns
[2025-05-20T20:18:10.174+0300][18492][12796][debug][safepoint] Safepoint synchronization initiated using striped semaphore wait barrier. (32 threads)
[2025-05-20T20:18:10.174+0300][18492][12796][info ][safepoint] Safepoint "Cleanup", Time since last: 1014261700 ns, Reaching safepoint: 208900 ns, Cleanup: 39400 ns, At safepoint: 47700 ns, Total: 296000 ns
[2025-05-20T20:18:11.181+0300][18492][12796][debug][safepoint] Safepoint synchronization initiated using striped semaphore wait barrier. (32 threads)
[2025-05-20T20:18:11.181+0300][18492][12796][info ][safepoint] Safepoint "Cleanup", Time since last: 1006934600 ns, Reaching safepoint: 99500 ns, Cleanup: 32500 ns, At safepoint: 9100 ns, Total: 141100 ns
[2025-05-20T20:18:12.194+0300][18492][12796][debug][safepoint] Safepoint synchronization initiated using striped semaphore wait barrier. (32 threads)
[2025-05-20T20:18:12.194+0300][18492][18672][debug][safepoint] ... found polling page loop exception at pc = 0x000002b08833f56a, stub =0x000002b087586600
[2025-05-20T20:18:12.194+0300][18492][12796][info ][safepoint] Safepoint "Cleanup", Time since last: 1012753900 ns, Reaching safepoint: 253100 ns, Cleanup: 28200 ns, At safepoint: 12500 ns, Total: 293800 ns
[2025-05-20T20:18:14.649+0300][18492][12796][debug][safepoint] Safepoint synchronization initiated using striped semaphore wait barrier. (32 threads)
[2025-05-20T20:18:14.649+0300][18492][12796][debug][gc,heap  ] GC(5) Heap before GC invocations=5 (full 1):
[2025-05-20T20:18:14.649+0300][18492][12796][debug][gc,heap  ] GC(5)  garbage-first heap   total 4194304K, used 1300579K [0x0000000700000000, 0x0000000800000000)
[2025-05-20T20:18:14.649+0300][18492][12796][debug][gc,heap  ] GC(5)   region size 2048K, 631 young (1292288K), 4 survivors (8192K)
[2025-05-20T20:18:14.649+0300][18492][12796][debug][gc,heap  ] GC(5)  Metaspace       used 34442K, committed 35392K, reserved 1114112K
[2025-05-20T20:18:14.649+0300][18492][12796][debug][gc,heap  ] GC(5)   class space    used 2938K, committed 3328K, reserved 1048576K
[2025-05-20T20:18:14.655+0300][18492][12796][info ][gc,phases] GC(5)   Pre Evacuate Collection Set: 0.7ms
[2025-05-20T20:18:14.655+0300][18492][12796][debug][gc,phases] GC(5)     Pre Evacuate Prepare: 0.3ms
[2025-05-20T20:18:14.655+0300][18492][12796][debug][gc,phases] GC(5)       JT Retire TLABs And Flush Logs (ms): Min:  0.0, Avg:  0.0, Max:  0.0, Diff:  0.0, Sum:  0.0, Workers: 2
[2025-05-20T20:18:14.655+0300][18492][12796][debug][gc,phases] GC(5)       Non-JT Flush Logs (ms):        Min:  0.0, Avg:  0.0, Max:  0.0, Diff:  0.0, Sum:  0.0, Workers: 1
[2025-05-20T20:18:14.655+0300][18492][12796][debug][gc,phases] GC(5)     Choose Collection Set: 0.0ms
[2025-05-20T20:18:14.655+0300][18492][12796][debug][gc,phases] GC(5)     Region Register: 0.4ms
[2025-05-20T20:18:14.655+0300][18492][12796][debug][gc,phases] GC(5)     Prepare Heap Roots: 0.0ms
[2025-05-20T20:18:14.655+0300][18492][12796][info ][gc,phases] GC(5)   Merge Heap Roots: 0.3ms
[2025-05-20T20:18:14.655+0300][18492][12796][debug][gc,phases] GC(5)     Prepare Merge Heap Roots: 0.0ms
[2025-05-20T20:18:14.655+0300][18492][12796][debug][gc,phases] GC(5)     Remembered Sets (ms):          Min:  0.1, Avg:  0.1, Max:  0.1, Diff:  0.0, Sum:  0.5, Workers: 8
[2025-05-20T20:18:14.655+0300][18492][12796][debug][gc,phases] GC(5)       Eager Reclaim (ms):            skipped
[2025-05-20T20:18:14.655+0300][18492][12796][debug][gc,phases] GC(5)       Merged Inline                  Min: 0, Avg:  0.0, Max: 0, Diff: 0, Sum: 0, Workers: 8
[2025-05-20T20:18:14.655+0300][18492][12796][debug][gc,phases] GC(5)       Merged ArrayOfCards            Min: 0, Avg:  0.0, Max: 0, Diff: 0, Sum: 0, Workers: 8
[2025-05-20T20:18:14.655+0300][18492][12796][debug][gc,phases] GC(5)       Merged Howl                    Min: 0, Avg:  0.0, Max: 0, Diff: 0, Sum: 0, Workers: 8
[2025-05-20T20:18:14.655+0300][18492][12796][debug][gc,phases] GC(5)       Merged Full                    Min: 0, Avg:  0.0, Max: 0, Diff: 0, Sum: 0, Workers: 8
[2025-05-20T20:18:14.655+0300][18492][12796][debug][gc,phases] GC(5)       Merged Howl Inline             Min: 0, Avg:  0.0, Max: 0, Diff: 0, Sum: 0, Workers: 8
[2025-05-20T20:18:14.655+0300][18492][12796][debug][gc,phases] GC(5)       Merged Howl ArrayOfCards       Min: 0, Avg:  0.0, Max: 0, Diff: 0, Sum: 0, Workers: 8
[2025-05-20T20:18:14.655+0300][18492][12796][debug][gc,phases] GC(5)       Merged Howl BitMap             Min: 0, Avg:  0.0, Max: 0, Diff: 0, Sum: 0, Workers: 8
[2025-05-20T20:18:14.655+0300][18492][12796][debug][gc,phases] GC(5)       Merged Howl Full               Min: 0, Avg:  0.0, Max: 0, Diff: 0, Sum: 0, Workers: 8
[2025-05-20T20:18:14.655+0300][18492][12796][debug][gc,phases] GC(5)       Merged Cards                   Min: 8, Avg:  8.0, Max: 8, Diff: 0, Sum: 64, Workers: 8
[2025-05-20T20:18:14.655+0300][18492][12796][debug][gc,phases] GC(5)     Log Buffers (ms):              Min:  0.0, Avg:  0.0, Max:  0.0, Diff:  0.0, Sum:  0.1, Workers: 8
[2025-05-20T20:18:14.655+0300][18492][12796][debug][gc,phases] GC(5)       Dirty Cards:                   Min: 0, Avg: 136.6, Max: 551, Diff: 551, Sum: 1093, Workers: 8
[2025-05-20T20:18:14.655+0300][18492][12796][debug][gc,phases] GC(5)       Skipped Cards:                 Min: 0, Avg:  0.0, Max: 0, Diff: 0, Sum: 0, Workers: 8
[2025-05-20T20:18:14.655+0300][18492][12796][info ][gc,phases] GC(5)   Evacuate Collection Set: 4.6ms
[2025-05-20T20:18:14.655+0300][18492][12796][debug][gc,phases] GC(5)     Ext Root Scanning (ms):        Min:  0.1, Avg:  0.3, Max:  1.2, Diff:  1.0, Sum:  2.6, Workers: 8
[2025-05-20T20:18:14.655+0300][18492][12796][debug][gc,phases] GC(5)     Scan Heap Roots (ms):          Min:  0.0, Avg:  0.3, Max:  0.6, Diff:  0.6, Sum:  2.6, Workers: 8
[2025-05-20T20:18:14.655+0300][18492][12796][debug][gc,phases] GC(5)       Scanned Cards:                 Min: 0, Avg: 133.5, Max: 242, Diff: 242, Sum: 1068, Workers: 8
[2025-05-20T20:18:14.655+0300][18492][12796][debug][gc,phases] GC(5)       Scanned Blocks:                Min: 0, Avg: 86.2, Max: 152, Diff: 152, Sum: 690, Workers: 8
[2025-05-20T20:18:14.655+0300][18492][12796][debug][gc,phases] GC(5)       Claimed Chunks:                Min: 0, Avg: 22.0, Max: 36, Diff: 36, Sum: 176, Workers: 8
[2025-05-20T20:18:14.655+0300][18492][12796][debug][gc,phases] GC(5)       Found Roots:                   Min: 0, Avg: 688.8, Max: 2349, Diff: 2349, Sum: 5510, Workers: 8
[2025-05-20T20:18:14.655+0300][18492][12796][debug][gc,phases] GC(5)     Code Root Scan (ms):           Min:  0.0, Avg:  1.1, Max:  1.6, Diff:  1.6, Sum:  8.8, Workers: 8
[2025-05-20T20:18:14.655+0300][18492][12796][debug][gc,phases] GC(5)       Scanned Nmethods               Min: 0, Avg: 224.6, Max: 342, Diff: 342, Sum: 1797, Workers: 8
[2025-05-20T20:18:14.655+0300][18492][12796][debug][gc,phases] GC(5)     Object Copy (ms):              Min:  2.1, Avg:  2.6, Max:  3.3, Diff:  1.2, Sum: 21.1, Workers: 8
[2025-05-20T20:18:14.655+0300][18492][12796][debug][gc,phases] GC(5)     Termination (ms):              Min:  0.0, Avg:  0.1, Max:  0.1, Diff:  0.0, Sum:  0.5, Workers: 8
[2025-05-20T20:18:14.655+0300][18492][12796][debug][gc,phases] GC(5)       Termination Attempts:          Min: 1, Avg:  1.0, Max: 1, Diff: 0, Sum: 8, Workers: 8
[2025-05-20T20:18:14.655+0300][18492][12796][debug][gc,phases] GC(5)     GC Worker Other (ms):          Min:  0.0, Avg:  0.1, Max:  0.1, Diff:  0.0, Sum:  0.5, Workers: 8
[2025-05-20T20:18:14.655+0300][18492][12796][debug][gc,phases] GC(5)     GC Worker Total (ms):          Min:  4.5, Avg:  4.5, Max:  4.6, Diff:  0.1, Sum: 36.1, Workers: 8
[2025-05-20T20:18:14.655+0300][18492][12796][info ][gc,phases] GC(5)   Post Evacuate Collection Set: 1.3ms
[2025-05-20T20:18:14.655+0300][18492][12796][debug][gc,phases] GC(5)     NMethod List Cleanup: 0.1ms
[2025-05-20T20:18:14.655+0300][18492][12796][debug][gc,phases] GC(5)     Reference Processing: 0.1ms
[2025-05-20T20:18:14.655+0300][18492][12796][debug][gc,phases] GC(5)     Weak Processing: 0.1ms
[2025-05-20T20:18:14.655+0300][18492][12796][debug][gc,phases] GC(5)       VM Weak                        Min:  0.0, Avg:  0.0, Max:  0.0, Diff:  0.0, Sum:  0.0, Workers: 8
[2025-05-20T20:18:14.655+0300][18492][12796][debug][gc,phases] GC(5)         Dead                           Min: 0, Avg:  0.0, Max: 0, Diff: 0, Sum: 0, Workers: 8
[2025-05-20T20:18:14.655+0300][18492][12796][debug][gc,phases] GC(5)         Total                          Min: 0, Avg: 69.2, Max: 384, Diff: 384, Sum: 554, Workers: 8
[2025-05-20T20:18:14.655+0300][18492][12796][debug][gc,phases] GC(5)       ObjectSynchronizer Weak        Min:  0.0, Avg:  0.0, Max:  0.0, Diff:  0.0, Sum:  0.0, Workers: 8
[2025-05-20T20:18:14.655+0300][18492][12796][debug][gc,phases] GC(5)         Dead                           Min: 0, Avg:  0.0, Max: 0, Diff: 0, Sum: 0, Workers: 8
[2025-05-20T20:18:14.655+0300][18492][12796][debug][gc,phases] GC(5)         Total                          Min: 0, Avg:  3.1, Max: 14, Diff: 14, Sum: 25, Workers: 8
[2025-05-20T20:18:14.655+0300][18492][12796][debug][gc,phases] GC(5)       JVMTI Tag Weak OopStorage      Min:  0.0, Avg:  0.0, Max:  0.0, Diff:  0.0, Sum:  0.0, Workers: 8
[2025-05-20T20:18:14.655+0300][18492][12796][debug][gc,phases] GC(5)         Dead                           Min: 0, Avg:  0.0, Max: 0, Diff: 0, Sum: 0, Workers: 8
[2025-05-20T20:18:14.655+0300][18492][12796][debug][gc,phases] GC(5)         Total                          Min: 0, Avg:  0.0, Max: 0, Diff: 0, Sum: 0, Workers: 8
[2025-05-20T20:18:14.655+0300][18492][12796][debug][gc,phases] GC(5)       StringTable Weak               Min:  0.0, Avg:  0.1, Max:  0.1, Diff:  0.0, Sum:  0.5, Workers: 8
[2025-05-20T20:18:14.655+0300][18492][12796][debug][gc,phases] GC(5)         Dead                           Min: 0, Avg:  0.0, Max: 0, Diff: 0, Sum: 0, Workers: 8
[2025-05-20T20:18:14.655+0300][18492][12796][debug][gc,phases] GC(5)         Total                          Min: 2176, Avg: 3429.0, Max: 6720, Diff: 4544, Sum: 27432, Workers: 8
[2025-05-20T20:18:14.655+0300][18492][12796][debug][gc,phases] GC(5)       ResolvedMethodTable Weak       Min:  0.0, Avg:  0.0, Max:  0.0, Diff:  0.0, Sum:  0.0, Workers: 8
[2025-05-20T20:18:14.655+0300][18492][12796][debug][gc,phases] GC(5)         Dead                           Min: 0, Avg:  0.1, Max: 1, Diff: 1, Sum: 1, Workers: 8
[2025-05-20T20:18:14.655+0300][18492][12796][debug][gc,phases] GC(5)         Total                          Min: 127, Avg: 211.9, Max: 288, Diff: 161, Sum: 1695, Workers: 8
[2025-05-20T20:18:14.655+0300][18492][12796][debug][gc,phases] GC(5)       JNI Weak                       Min:  0.0, Avg:  0.0, Max:  0.0, Diff:  0.0, Sum:  0.0, Workers: 8
[2025-05-20T20:18:14.655+0300][18492][12796][debug][gc,phases] GC(5)         Dead                           Min: 0, Avg:  0.0, Max: 0, Diff: 0, Sum: 0, Workers: 8
[2025-05-20T20:18:14.655+0300][18492][12796][debug][gc,phases] GC(5)         Total                          Min: 0, Avg:  0.0, Max: 0, Diff: 0, Sum: 0, Workers: 8
[2025-05-20T20:18:14.655+0300][18492][12796][debug][gc,phases] GC(5)       StringDedup Table Weak         Min:  0.0, Avg:  0.0, Max:  0.0, Diff:  0.0, Sum:  0.0, Workers: 8
[2025-05-20T20:18:14.655+0300][18492][12796][debug][gc,phases] GC(5)         Dead                           Min: 0, Avg:  0.0, Max: 0, Diff: 0, Sum: 0, Workers: 8
[2025-05-20T20:18:14.655+0300][18492][12796][debug][gc,phases] GC(5)         Total                          Min: 0, Avg:  0.0, Max: 0, Diff: 0, Sum: 0, Workers: 8
[2025-05-20T20:18:14.655+0300][18492][12796][debug][gc,phases] GC(5)       StringDedup Requests0 Weak     Min:  0.0, Avg:  0.0, Max:  0.0, Diff:  0.0, Sum:  0.0, Workers: 8
[2025-05-20T20:18:14.655+0300][18492][12796][debug][gc,phases] GC(5)         Dead                           Min: 0, Avg:  0.0, Max: 0, Diff: 0, Sum: 0, Workers: 8
[2025-05-20T20:18:14.655+0300][18492][12796][debug][gc,phases] GC(5)         Total                          Min: 0, Avg:  0.0, Max: 0, Diff: 0, Sum: 0, Workers: 8
[2025-05-20T20:18:14.655+0300][18492][12796][debug][gc,phases] GC(5)       StringDedup Requests1 Weak     Min:  0.0, Avg:  0.0, Max:  0.0, Diff:  0.0, Sum:  0.0, Workers: 8
[2025-05-20T20:18:14.655+0300][18492][12796][debug][gc,phases] GC(5)         Dead                           Min: 0, Avg:  0.0, Max: 0, Diff: 0, Sum: 0, Workers: 8
[2025-05-20T20:18:14.655+0300][18492][12796][debug][gc,phases] GC(5)         Total                          Min: 0, Avg:  0.0, Max: 0, Diff: 0, Sum: 0, Workers: 8
[2025-05-20T20:18:14.655+0300][18492][12796][debug][gc,phases] GC(5)       Weak JFR Old Object Samples    Min:  0.0, Avg:  0.0, Max:  0.0, Diff:  0.0, Sum:  0.0, Workers: 8
[2025-05-20T20:18:14.655+0300][18492][12796][debug][gc,phases] GC(5)         Dead                           Min: 0, Avg:  0.0, Max: 0, Diff: 0, Sum: 0, Workers: 8
[2025-05-20T20:18:14.655+0300][18492][12796][debug][gc,phases] GC(5)         Total                          Min: 0, Avg:  0.0, Max: 0, Diff: 0, Sum: 0, Workers: 8
[2025-05-20T20:18:14.655+0300][18492][12796][debug][gc,phases] GC(5)     Post Evacuate Cleanup 1: 0.5ms
[2025-05-20T20:18:14.655+0300][18492][12796][debug][gc,phases] GC(5)       Merge Per-Thread State (ms):   Min:  0.0, Avg:  0.0, Max:  0.0, Diff:  0.0, Sum:  0.0, Workers: 1
[2025-05-20T20:18:14.655+0300][18492][12796][debug][gc,phases] GC(5)         Copied Bytes                   Min: 450824, Avg: 800690.0, Max: 1558440, Diff: 1107616, Sum: 6405520, Workers: 8
[2025-05-20T20:18:14.655+0300][18492][12796][debug][gc,phases] GC(5)         LAB Waste                      Min: 64, Avg: 2256.0, Max: 6496, Diff: 6432, Sum: 18048, Workers: 8
[2025-05-20T20:18:14.655+0300][18492][12796][debug][gc,phases] GC(5)         LAB Undo Waste                 Min: 0, Avg:  0.0, Max: 0, Diff: 0, Sum: 0, Workers: 8
[2025-05-20T20:18:14.655+0300][18492][12796][debug][gc,phases] GC(5)       Clear Logged Cards (ms):       Min:  0.0, Avg:  0.1, Max:  0.3, Diff:  0.3, Sum:  0.6, Workers: 5
[2025-05-20T20:18:14.655+0300][18492][12796][debug][gc,phases] GC(5)       Recalculate Used Memory (ms):  Min:  0.0, Avg:  0.0, Max:  0.0, Diff:  0.0, Sum:  0.0, Workers: 1
[2025-05-20T20:18:14.655+0300][18492][12796][debug][gc,phases] GC(5)     Post Evacuate Cleanup 2: 0.3ms
[2025-05-20T20:18:14.655+0300][18492][12796][debug][gc,phases] GC(5)       Update Derived Pointers (ms):  Min:  0.0, Avg:  0.0, Max:  0.0, Diff:  0.0, Sum:  0.0, Workers: 1
[2025-05-20T20:18:14.655+0300][18492][12796][debug][gc,phases] GC(5)       Eagerly Reclaim Humongous Objects (ms): skipped
[2025-05-20T20:18:14.655+0300][18492][12796][debug][gc,phases] GC(5)         Humongous Total                skipped
[2025-05-20T20:18:14.655+0300][18492][12796][debug][gc,phases] GC(5)         Humongous Candidates           skipped
[2025-05-20T20:18:14.655+0300][18492][12796][debug][gc,phases] GC(5)         Humongous Reclaimed            skipped
[2025-05-20T20:18:14.655+0300][18492][12796][debug][gc,phases] GC(5)       Redirty Logged Cards (ms):     Min:  0.0, Avg:  0.0, Max:  0.0, Diff:  0.0, Sum:  0.0, Workers: 8
[2025-05-20T20:18:14.655+0300][18492][12796][debug][gc,phases] GC(5)         Redirtied Cards:               Min: 0, Avg: 125.1, Max: 686, Diff: 686, Sum: 1001, Workers: 8
[2025-05-20T20:18:14.655+0300][18492][12796][debug][gc,phases] GC(5)       Resize TLABs (ms):             Min:  0.0, Avg:  0.0, Max:  0.0, Diff:  0.0, Sum:  0.0, Workers: 8
[2025-05-20T20:18:14.655+0300][18492][12796][debug][gc,phases] GC(5)       Free Collection Set (ms):      Min:  0.1, Avg:  0.1, Max:  0.2, Diff:  0.1, Sum:  0.9, Workers: 8
[2025-05-20T20:18:14.655+0300][18492][12796][debug][gc,phases] GC(5)     Rebuild Free List: 0.1ms
[2025-05-20T20:18:14.655+0300][18492][12796][debug][gc,phases] GC(5)     Prepare For Mutator: 0.0ms
[2025-05-20T20:18:14.655+0300][18492][12796][debug][gc,phases] GC(5)     Expand Heap After Collection: 0.0ms
[2025-05-20T20:18:14.655+0300][18492][12796][info ][gc,phases] GC(5)   Other: 0.4ms
[2025-05-20T20:18:14.655+0300][18492][12796][info ][gc,heap  ] GC(5) Eden regions: 627->0(1224)
[2025-05-20T20:18:14.655+0300][18492][12796][info ][gc,heap  ] GC(5) Survivor regions: 4->4(79)
[2025-05-20T20:18:14.655+0300][18492][12796][info ][gc,heap  ] GC(5) Old regions: 8->8
[2025-05-20T20:18:14.655+0300][18492][12796][info ][gc,heap  ] GC(5) Humongous regions: 0->0
[2025-05-20T20:18:14.655+0300][18492][12796][debug][gc,heap  ] GC(5) Heap after GC invocations=6 (full 1):
[2025-05-20T20:18:14.655+0300][18492][12796][debug][gc,heap  ] GC(5)  garbage-first heap   total 4194304K, used 16471K [0x0000000700000000, 0x0000000800000000)
[2025-05-20T20:18:14.655+0300][18492][12796][debug][gc,heap  ] GC(5)   region size 2048K, 4 young (8192K), 4 survivors (8192K)
[2025-05-20T20:18:14.655+0300][18492][12796][debug][gc,heap  ] GC(5)  Metaspace       used 34442K, committed 35392K, reserved 1114112K
[2025-05-20T20:18:14.655+0300][18492][12796][debug][gc,heap  ] GC(5)   class space    used 2938K, committed 3328K, reserved 1048576K
[2025-05-20T20:18:14.655+0300][18492][12796][info ][gc       ] GC(5) Pause Young (Normal) (G1 Evacuation Pause) 1270M->16M(4096M) 8.399ms
[2025-05-20T20:18:14.655+0300][18492][12796][info ][safepoint] Safepoint "G1CollectForAllocation", Time since last: 2454646700 ns, Reaching safepoint: 138600 ns, Cleanup: 8800 ns, At safepoint: 8443300 ns, Total: 8590700 ns
[2025-05-20T20:18:15.660+0300][18492][12796][debug][safepoint] Safepoint synchronization initiated using striped semaphore wait barrier. (32 threads)
[2025-05-20T20:18:15.660+0300][18492][12796][info ][safepoint] Safepoint "Cleanup", Time since last: 1002316500 ns, Reaching safepoint: 125500 ns, Cleanup: 17600 ns, At safepoint: 23900 ns, Total: 167000 ns
[2025-05-20T20:18:16.663+0300][18492][12796][debug][safepoint] Safepoint synchronization initiated using striped semaphore wait barrier. (32 threads)
[2025-05-20T20:18:16.663+0300][18492][12796][info ][safepoint] Safepoint "Cleanup", Time since last: 1002955100 ns, Reaching safepoint: 99200 ns, Cleanup: 38200 ns, At safepoint: 8500 ns, Total: 145900 ns
[2025-05-20T20:18:17.671+0300][18492][12796][debug][safepoint] Safepoint synchronization initiated using striped semaphore wait barrier. (32 threads)
[2025-05-20T20:18:17.671+0300][18492][6204 ][debug][safepoint] ... found polling page loop exception at pc = 0x000002b088115011, stub =0x000002b087586600
[2025-05-20T20:18:17.671+0300][18492][12796][info ][safepoint] Safepoint "Cleanup", Time since last: 1007985400 ns, Reaching safepoint: 285500 ns, Cleanup: 29400 ns, At safepoint: 28000 ns, Total: 342900 ns
[2025-05-20T20:18:18.686+0300][18492][12796][debug][safepoint] Safepoint synchronization initiated using striped semaphore wait barrier. (32 threads)
[2025-05-20T20:18:18.686+0300][18492][12796][info ][safepoint] Safepoint "Cleanup", Time since last: 1014203900 ns, Reaching safepoint: 172200 ns, Cleanup: 48500 ns, At safepoint: 29400 ns, Total: 250100 ns
[2025-05-20T20:18:20.706+0300][18492][12796][debug][safepoint] Safepoint synchronization initiated using striped semaphore wait barrier. (32 threads)
[2025-05-20T20:18:20.706+0300][18492][12796][info ][safepoint] Safepoint "Cleanup", Time since last: 2019860400 ns, Reaching safepoint: 211700 ns, Cleanup: 40600 ns, At safepoint: 19000 ns, Total: 271300 ns
[2025-05-20T20:18:21.720+0300][18492][12796][debug][safepoint] Safepoint synchronization initiated using striped semaphore wait barrier. (32 threads)
[2025-05-20T20:18:21.720+0300][18492][12796][info ][safepoint] Safepoint "Cleanup", Time since last: 1013927300 ns, Reaching safepoint: 180900 ns, Cleanup: 47800 ns, At safepoint: 22800 ns, Total: 251500 ns
[2025-05-20T20:18:22.736+0300][18492][12796][debug][safepoint] Safepoint synchronization initiated using striped semaphore wait barrier. (32 threads)
[2025-05-20T20:18:22.736+0300][18492][12796][info ][safepoint] Safepoint "Cleanup", Time since last: 1015129100 ns, Reaching safepoint: 164600 ns, Cleanup: 43300 ns, At safepoint: 6900 ns, Total: 214800 ns
[2025-05-20T20:18:26.754+0300][18492][12796][debug][safepoint] Safepoint synchronization initiated using striped semaphore wait barrier. (32 threads)
[2025-05-20T20:18:26.754+0300][18492][10944][debug][safepoint] ... found polling page loop exception at pc = 0x000002b087fa6ec7, stub =0x000002b087586600
[2025-05-20T20:18:26.754+0300][18492][12796][info ][safepoint] Safepoint "Cleanup", Time since last: 4018813900 ns, Reaching safepoint: 269100 ns, Cleanup: 47800 ns, At safepoint: 14100 ns, Total: 331000 ns
[2025-05-20T20:18:28.766+0300][18492][12796][debug][safepoint] Safepoint synchronization initiated using striped semaphore wait barrier. (32 threads)
[2025-05-20T20:18:28.766+0300][18492][8900 ][debug][safepoint] ... found polling page loop exception at pc = 0x000002b0880b2f17, stub =0x000002b087586600
[2025-05-20T20:18:28.766+0300][18492][12796][info ][safepoint] Safepoint "Cleanup", Time since last: 2011260000 ns, Reaching safepoint: 289100 ns, Cleanup: 38000 ns, At safepoint: 20000 ns, Total: 347100 ns
[2025-05-20T20:18:30.784+0300][18492][12796][debug][safepoint] Safepoint synchronization initiated using striped semaphore wait barrier. (32 threads)
[2025-05-20T20:18:30.784+0300][18492][18512][debug][safepoint] ... found polling page loop exception at pc = 0x000002b088233570, stub =0x000002b087586600
[2025-05-20T20:18:30.784+0300][18492][12796][info ][safepoint] Safepoint "Cleanup", Time since last: 2017923500 ns, Reaching safepoint: 209700 ns, Cleanup: 25500 ns, At safepoint: 9600 ns, Total: 244800 ns
[2025-05-20T20:18:34.833+0300][18492][12796][debug][safepoint] Safepoint synchronization initiated using striped semaphore wait barrier. (32 threads)
[2025-05-20T20:18:34.833+0300][18492][12796][info ][safepoint] Safepoint "Cleanup", Time since last: 4047903100 ns, Reaching safepoint: 152500 ns, Cleanup: 60400 ns, At safepoint: 51000 ns, Total: 263900 ns
[2025-05-20T20:18:36.853+0300][18492][12796][debug][safepoint] Safepoint synchronization initiated using striped semaphore wait barrier. (32 threads)
[2025-05-20T20:18:36.853+0300][18492][12796][info ][safepoint] Safepoint "Cleanup", Time since last: 2020558300 ns, Reaching safepoint: 153500 ns, Cleanup: 26000 ns, At safepoint: 60400 ns, Total: 239900 ns
[2025-05-20T20:18:38.864+0300][18492][12796][debug][safepoint] Safepoint synchronization initiated using striped semaphore wait barrier. (32 threads)
[2025-05-20T20:18:38.864+0300][18492][12796][info ][safepoint] Safepoint "Cleanup", Time since last: 2010217900 ns, Reaching safepoint: 163500 ns, Cleanup: 48100 ns, At safepoint: 18800 ns, Total: 230400 ns
[2025-05-20T20:18:39.873+0300][18492][12796][debug][safepoint] Safepoint synchronization initiated using striped semaphore wait barrier. (32 threads)
[2025-05-20T20:18:39.873+0300][18492][12796][info ][safepoint] Safepoint "Cleanup", Time since last: 1009517400 ns, Reaching safepoint: 107500 ns, Cleanup: 21000 ns, At safepoint: 4200 ns, Total: 132700 ns
[2025-05-20T20:18:40.878+0300][18492][12796][debug][safepoint] Safepoint synchronization initiated using striped semaphore wait barrier. (32 threads)
[2025-05-20T20:18:40.878+0300][18492][12796][info ][safepoint] Safepoint "Cleanup", Time since last: 1004703500 ns, Reaching safepoint: 78500 ns, Cleanup: 18800 ns, At safepoint: 2200 ns, Total: 99500 ns
[2025-05-20T20:18:41.889+0300][18492][12796][debug][safepoint] Safepoint synchronization initiated using striped semaphore wait barrier. (32 threads)
[2025-05-20T20:18:41.889+0300][18492][22124][debug][safepoint] ... found polling page loop exception at pc = 0x000002b088233570, stub =0x000002b087586600
[2025-05-20T20:18:41.889+0300][18492][12796][info ][safepoint] Safepoint "Cleanup", Time since last: 1011271300 ns, Reaching safepoint: 303600 ns, Cleanup: 34900 ns, At safepoint: 30600 ns, Total: 369100 ns
[2025-05-20T20:18:43.904+0300][18492][12796][debug][safepoint] Safepoint synchronization initiated using striped semaphore wait barrier. (32 threads)
[2025-05-20T20:18:43.904+0300][18492][12796][info ][safepoint] Safepoint "Cleanup", Time since last: 2014304600 ns, Reaching safepoint: 151900 ns, Cleanup: 28700 ns, At safepoint: 7700 ns, Total: 188300 ns
[2025-05-20T20:18:44.917+0300][18492][12796][debug][safepoint] Safepoint synchronization initiated using striped semaphore wait barrier. (32 threads)
[2025-05-20T20:18:44.917+0300][18492][22168][debug][safepoint] ... found polling page loop exception at pc = 0x000002b08813652d, stub =0x000002b087586600
[2025-05-20T20:18:44.917+0300][18492][12796][info ][safepoint] Safepoint "Cleanup", Time since last: 1012264600 ns, Reaching safepoint: 149400 ns, Cleanup: 15800 ns, At safepoint: 7100 ns, Total: 172300 ns
[2025-05-20T20:18:47.947+0300][18492][12796][debug][safepoint] Safepoint synchronization initiated using striped semaphore wait barrier. (32 threads)
[2025-05-20T20:18:47.947+0300][18492][12796][info ][safepoint] Safepoint "Cleanup", Time since last: 3030480100 ns, Reaching safepoint: 114100 ns, Cleanup: 30900 ns, At safepoint: 9500 ns, Total: 154500 ns
[2025-05-20T20:18:50.977+0300][18492][12796][debug][safepoint] Safepoint synchronization initiated using striped semaphore wait barrier. (32 threads)
[2025-05-20T20:18:50.977+0300][18492][22168][debug][safepoint] ... found polling page loop exception at pc = 0x000002b08820b6f7, stub =0x000002b087586600
[2025-05-20T20:18:50.977+0300][18492][12796][info ][safepoint] Safepoint "Cleanup", Time since last: 3029214100 ns, Reaching safepoint: 293900 ns, Cleanup: 37000 ns, At safepoint: 20300 ns, Total: 351200 ns
[2025-05-20T20:18:54.007+0300][18492][12796][debug][safepoint] Safepoint synchronization initiated using striped semaphore wait barrier. (32 threads)
[2025-05-20T20:18:54.007+0300][18492][12796][info ][safepoint] Safepoint "Cleanup", Time since last: 3029744700 ns, Reaching safepoint: 159100 ns, Cleanup: 21000 ns, At safepoint: 22800 ns, Total: 202900 ns
[2025-05-20T20:18:55.011+0300][18492][12796][debug][safepoint] Safepoint synchronization initiated using striped semaphore wait barrier. (32 threads)
[2025-05-20T20:18:55.011+0300][18492][12796][info ][safepoint] Safepoint "Cleanup", Time since last: 1003493300 ns, Reaching safepoint: 139100 ns, Cleanup: 45100 ns, At safepoint: 48300 ns, Total: 232500 ns
[2025-05-20T20:19:03.080+0300][18492][12796][debug][safepoint] Safepoint synchronization initiated using striped semaphore wait barrier. (32 threads)
[2025-05-20T20:19:03.080+0300][18492][12796][info ][safepoint] Safepoint "Cleanup", Time since last: 8068919500 ns, Reaching safepoint: 153100 ns, Cleanup: 32200 ns, At safepoint: 16500 ns, Total: 201800 ns
[2025-05-20T20:19:06.106+0300][18492][12796][debug][safepoint] Safepoint synchronization initiated using striped semaphore wait barrier. (32 threads)
[2025-05-20T20:19:06.106+0300][18492][12796][info ][safepoint] Safepoint "Cleanup", Time since last: 3026206700 ns, Reaching safepoint: 149300 ns, Cleanup: 21500 ns, At safepoint: 11400 ns, Total: 182200 ns
[2025-05-20T20:19:14.270+0300][18492][12796][debug][safepoint] Safepoint synchronization initiated using striped semaphore wait barrier. (32 threads)
[2025-05-20T20:19:14.270+0300][18492][12796][info ][safepoint] Safepoint "Cleanup", Time since last: 8163885400 ns, Reaching safepoint: 148700 ns, Cleanup: 76100 ns, At safepoint: 53300 ns, Total: 278100 ns
[2025-05-20T20:19:15.273+0300][18492][12796][debug][safepoint] Safepoint synchronization initiated using striped semaphore wait barrier. (32 threads)
[2025-05-20T20:19:15.274+0300][18492][12796][info ][safepoint] Safepoint "Cleanup", Time since last: 1002790000 ns, Reaching safepoint: 153000 ns, Cleanup: 18700 ns, At safepoint: 25200 ns, Total: 196900 ns
[2025-05-20T20:19:19.303+0300][18492][12796][debug][safepoint] Safepoint synchronization initiated using striped semaphore wait barrier. (32 threads)
[2025-05-20T20:19:19.303+0300][18492][18512][debug][safepoint] ... found polling page loop exception at pc = 0x000002b08833fcda, stub =0x000002b087586600
[2025-05-20T20:19:19.303+0300][18492][12796][info ][safepoint] Safepoint "Cleanup", Time since last: 4029320400 ns, Reaching safepoint: 169500 ns, Cleanup: 18900 ns, At safepoint: 8900 ns, Total: 197300 ns
[2025-05-20T20:19:25.352+0300][18492][12796][debug][safepoint] Safepoint synchronization initiated using striped semaphore wait barrier. (32 threads)
[2025-05-20T20:19:25.352+0300][18492][12796][info ][safepoint] Safepoint "Cleanup", Time since last: 6049181600 ns, Reaching safepoint: 81200 ns, Cleanup: 58800 ns, At safepoint: 5900 ns, Total: 145900 ns
[2025-05-20T20:19:26.354+0300][18492][12796][debug][safepoint] Safepoint synchronization initiated using striped semaphore wait barrier. (32 threads)
[2025-05-20T20:19:26.354+0300][18492][12796][info ][safepoint] Safepoint "Cleanup", Time since last: 1001630300 ns, Reaching safepoint: 181900 ns, Cleanup: 59600 ns, At safepoint: 22400 ns, Total: 263900 ns
[2025-05-20T20:19:33.398+0300][18492][12796][debug][safepoint] Safepoint synchronization initiated using striped semaphore wait barrier. (32 threads)
[2025-05-20T20:19:33.398+0300][18492][12796][info ][safepoint] Safepoint "Cleanup", Time since last: 7043179100 ns, Reaching safepoint: 111900 ns, Cleanup: 31500 ns, At safepoint: 41500 ns, Total: 184900 ns
[2025-05-20T20:19:37.428+0300][18492][12796][debug][safepoint] Safepoint synchronization initiated using striped semaphore wait barrier. (32 threads)
[2025-05-20T20:19:37.428+0300][18492][18672][debug][safepoint] ... found polling page loop exception at pc = 0x000002b08820ae2c, stub =0x000002b087586600
[2025-05-20T20:19:37.428+0300][18492][12796][info ][safepoint] Safepoint "Cleanup", Time since last: 4030150400 ns, Reaching safepoint: 247400 ns, Cleanup: 38200 ns, At safepoint: 16100 ns, Total: 301700 ns
[2025-05-20T20:19:38.437+0300][18492][12796][debug][safepoint] Safepoint synchronization initiated using striped semaphore wait barrier. (32 threads)
[2025-05-20T20:19:38.437+0300][18492][12796][info ][safepoint] Safepoint "Cleanup", Time since last: 1009346000 ns, Reaching safepoint: 179600 ns, Cleanup: 46400 ns, At safepoint: 85600 ns, Total: 311600 ns
[2025-05-20T20:19:38.889+0300][18492][12796][debug][safepoint] Safepoint synchronization initiated using striped semaphore wait barrier. (32 threads)
[2025-05-20T20:19:38.889+0300][18492][12796][debug][gc,heap  ] GC(6) Heap before GC invocations=6 (full 1):
[2025-05-20T20:19:38.889+0300][18492][12796][debug][gc,heap  ] GC(6)  garbage-first heap   total 4194304K, used 2521175K [0x0000000700000000, 0x0000000800000000)
[2025-05-20T20:19:38.889+0300][18492][12796][debug][gc,heap  ] GC(6)   region size 2048K, 1228 young (2514944K), 4 survivors (8192K)
[2025-05-20T20:19:38.889+0300][18492][12796][debug][gc,heap  ] GC(6)  Metaspace       used 34555K, committed 35456K, reserved 1114112K
[2025-05-20T20:19:38.889+0300][18492][12796][debug][gc,heap  ] GC(6)   class space    used 2941K, committed 3328K, reserved 1048576K
[2025-05-20T20:19:38.895+0300][18492][12796][info ][gc,phases] GC(6)   Pre Evacuate Collection Set: 0.9ms
[2025-05-20T20:19:38.895+0300][18492][12796][debug][gc,phases] GC(6)     Pre Evacuate Prepare: 0.2ms
[2025-05-20T20:19:38.895+0300][18492][12796][debug][gc,phases] GC(6)       JT Retire TLABs And Flush Logs (ms): Min:  0.0, Avg:  0.0, Max:  0.0, Diff:  0.0, Sum:  0.0, Workers: 2
[2025-05-20T20:19:38.895+0300][18492][12796][debug][gc,phases] GC(6)       Non-JT Flush Logs (ms):        Min:  0.0, Avg:  0.0, Max:  0.0, Diff:  0.0, Sum:  0.0, Workers: 1
[2025-05-20T20:19:38.895+0300][18492][12796][debug][gc,phases] GC(6)     Choose Collection Set: 0.0ms
[2025-05-20T20:19:38.895+0300][18492][12796][debug][gc,phases] GC(6)     Region Register: 0.7ms
[2025-05-20T20:19:38.895+0300][18492][12796][debug][gc,phases] GC(6)     Prepare Heap Roots: 0.0ms
[2025-05-20T20:19:38.895+0300][18492][12796][info ][gc,phases] GC(6)   Merge Heap Roots: 0.4ms
[2025-05-20T20:19:38.895+0300][18492][12796][debug][gc,phases] GC(6)     Prepare Merge Heap Roots: 0.0ms
[2025-05-20T20:19:38.895+0300][18492][12796][debug][gc,phases] GC(6)     Remembered Sets (ms):          Min:  0.1, Avg:  0.2, Max:  0.2, Diff:  0.1, Sum:  1.4, Workers: 8
[2025-05-20T20:19:38.895+0300][18492][12796][debug][gc,phases] GC(6)       Eager Reclaim (ms):            skipped
[2025-05-20T20:19:38.895+0300][18492][12796][debug][gc,phases] GC(6)       Merged Inline                  Min: 0, Avg:  0.0, Max: 0, Diff: 0, Sum: 0, Workers: 8
[2025-05-20T20:19:38.895+0300][18492][12796][debug][gc,phases] GC(6)       Merged ArrayOfCards            Min: 0, Avg:  0.0, Max: 0, Diff: 0, Sum: 0, Workers: 8
[2025-05-20T20:19:38.895+0300][18492][12796][debug][gc,phases] GC(6)       Merged Howl                    Min: 0, Avg:  0.0, Max: 0, Diff: 0, Sum: 0, Workers: 8
[2025-05-20T20:19:38.895+0300][18492][12796][debug][gc,phases] GC(6)       Merged Full                    Min: 0, Avg:  0.0, Max: 0, Diff: 0, Sum: 0, Workers: 8
[2025-05-20T20:19:38.895+0300][18492][12796][debug][gc,phases] GC(6)       Merged Howl Inline             Min: 0, Avg:  0.0, Max: 0, Diff: 0, Sum: 0, Workers: 8
[2025-05-20T20:19:38.895+0300][18492][12796][debug][gc,phases] GC(6)       Merged Howl ArrayOfCards       Min: 0, Avg:  0.0, Max: 0, Diff: 0, Sum: 0, Workers: 8
[2025-05-20T20:19:38.895+0300][18492][12796][debug][gc,phases] GC(6)       Merged Howl BitMap             Min: 0, Avg:  0.0, Max: 0, Diff: 0, Sum: 0, Workers: 8
[2025-05-20T20:19:38.895+0300][18492][12796][debug][gc,phases] GC(6)       Merged Howl Full               Min: 0, Avg:  0.0, Max: 0, Diff: 0, Sum: 0, Workers: 8
[2025-05-20T20:19:38.895+0300][18492][12796][debug][gc,phases] GC(6)       Merged Cards                   Min: 8, Avg:  8.0, Max: 8, Diff: 0, Sum: 64, Workers: 8
[2025-05-20T20:19:38.895+0300][18492][12796][debug][gc,phases] GC(6)     Log Buffers (ms):              Min:  0.0, Avg:  0.0, Max:  0.0, Diff:  0.0, Sum:  0.1, Workers: 8
[2025-05-20T20:19:38.895+0300][18492][12796][debug][gc,phases] GC(6)       Dirty Cards:                   Min: 0, Avg: 135.0, Max: 592, Diff: 592, Sum: 1080, Workers: 8
[2025-05-20T20:19:38.895+0300][18492][12796][debug][gc,phases] GC(6)       Skipped Cards:                 Min: 0, Avg:  0.0, Max: 0, Diff: 0, Sum: 0, Workers: 8
[2025-05-20T20:19:38.895+0300][18492][12796][info ][gc,phases] GC(6)   Evacuate Collection Set: 5.1ms
[2025-05-20T20:19:38.895+0300][18492][12796][debug][gc,phases] GC(6)     Ext Root Scanning (ms):        Min:  0.0, Avg:  0.3, Max:  1.0, Diff:  1.0, Sum:  2.3, Workers: 8
[2025-05-20T20:19:38.895+0300][18492][12796][debug][gc,phases] GC(6)     Scan Heap Roots (ms):          Min:  0.0, Avg:  0.3, Max:  0.7, Diff:  0.7, Sum:  2.6, Workers: 8
[2025-05-20T20:19:38.895+0300][18492][12796][debug][gc,phases] GC(6)       Scanned Cards:                 Min: 0, Avg: 134.0, Max: 251, Diff: 251, Sum: 1072, Workers: 8
[2025-05-20T20:19:38.895+0300][18492][12796][debug][gc,phases] GC(6)       Scanned Blocks:                Min: 0, Avg: 86.6, Max: 171, Diff: 171, Sum: 693, Workers: 8
[2025-05-20T20:19:38.895+0300][18492][12796][debug][gc,phases] GC(6)       Claimed Chunks:                Min: 0, Avg: 22.1, Max: 41, Diff: 41, Sum: 177, Workers: 8
[2025-05-20T20:19:38.895+0300][18492][12796][debug][gc,phases] GC(6)       Found Roots:                   Min: 0, Avg: 709.5, Max: 2422, Diff: 2422, Sum: 5676, Workers: 8
[2025-05-20T20:19:38.895+0300][18492][12796][debug][gc,phases] GC(6)     Code Root Scan (ms):           Min:  0.1, Avg:  1.1, Max:  1.8, Diff:  1.7, Sum:  9.1, Workers: 8
[2025-05-20T20:19:38.895+0300][18492][12796][debug][gc,phases] GC(6)       Scanned Nmethods               Min: 0, Avg: 245.6, Max: 391, Diff: 391, Sum: 1965, Workers: 8
[2025-05-20T20:19:38.895+0300][18492][12796][debug][gc,phases] GC(6)     Object Copy (ms):              Min:  2.0, Avg:  2.9, Max:  3.7, Diff:  1.7, Sum: 23.3, Workers: 8
[2025-05-20T20:19:38.895+0300][18492][12796][debug][gc,phases] GC(6)     Termination (ms):              Min:  0.0, Avg:  0.0, Max:  0.0, Diff:  0.0, Sum:  0.0, Workers: 8
[2025-05-20T20:19:38.895+0300][18492][12796][debug][gc,phases] GC(6)       Termination Attempts:          Min: 1, Avg:  1.1, Max: 2, Diff: 1, Sum: 9, Workers: 8
[2025-05-20T20:19:38.895+0300][18492][12796][debug][gc,phases] GC(6)     GC Worker Other (ms):          Min:  0.1, Avg:  0.4, Max:  0.7, Diff:  0.5, Sum:  2.9, Workers: 8
[2025-05-20T20:19:38.895+0300][18492][12796][debug][gc,phases] GC(6)     GC Worker Total (ms):          Min:  5.0, Avg:  5.0, Max:  5.1, Diff:  0.1, Sum: 40.3, Workers: 8
[2025-05-20T20:19:38.895+0300][18492][12796][info ][gc,phases] GC(6)   Post Evacuate Collection Set: 1.4ms
[2025-05-20T20:19:38.895+0300][18492][12796][debug][gc,phases] GC(6)     NMethod List Cleanup: 0.1ms
[2025-05-20T20:19:38.895+0300][18492][12796][debug][gc,phases] GC(6)     Reference Processing: 0.1ms
[2025-05-20T20:19:38.895+0300][18492][12796][debug][gc,phases] GC(6)     Weak Processing: 0.2ms
[2025-05-20T20:19:38.895+0300][18492][12796][debug][gc,phases] GC(6)       VM Weak                        Min:  0.0, Avg:  0.0, Max:  0.0, Diff:  0.0, Sum:  0.0, Workers: 8
[2025-05-20T20:19:38.895+0300][18492][12796][debug][gc,phases] GC(6)         Dead                           Min: 0, Avg:  0.0, Max: 0, Diff: 0, Sum: 0, Workers: 8
[2025-05-20T20:19:38.895+0300][18492][12796][debug][gc,phases] GC(6)         Total                          Min: 0, Avg: 69.4, Max: 384, Diff: 384, Sum: 555, Workers: 8
[2025-05-20T20:19:38.895+0300][18492][12796][debug][gc,phases] GC(6)       ObjectSynchronizer Weak        Min:  0.0, Avg:  0.0, Max:  0.0, Diff:  0.0, Sum:  0.0, Workers: 8
[2025-05-20T20:19:38.895+0300][18492][12796][debug][gc,phases] GC(6)         Dead                           Min: 0, Avg:  0.1, Max: 1, Diff: 1, Sum: 1, Workers: 8
[2025-05-20T20:19:38.895+0300][18492][12796][debug][gc,phases] GC(6)         Total                          Min: 0, Avg:  5.8, Max: 46, Diff: 46, Sum: 46, Workers: 8
[2025-05-20T20:19:38.895+0300][18492][12796][debug][gc,phases] GC(6)       JVMTI Tag Weak OopStorage      Min:  0.0, Avg:  0.0, Max:  0.0, Diff:  0.0, Sum:  0.0, Workers: 8
[2025-05-20T20:19:38.895+0300][18492][12796][debug][gc,phases] GC(6)         Dead                           Min: 0, Avg:  0.0, Max: 0, Diff: 0, Sum: 0, Workers: 8
[2025-05-20T20:19:38.895+0300][18492][12796][debug][gc,phases] GC(6)         Total                          Min: 0, Avg:  0.0, Max: 0, Diff: 0, Sum: 0, Workers: 8
[2025-05-20T20:19:38.895+0300][18492][12796][debug][gc,phases] GC(6)       StringTable Weak               Min:  0.1, Avg:  0.1, Max:  0.1, Diff:  0.0, Sum:  0.5, Workers: 8
[2025-05-20T20:19:38.895+0300][18492][12796][debug][gc,phases] GC(6)         Dead                           Min: 0, Avg:  0.0, Max: 0, Diff: 0, Sum: 0, Workers: 8
[2025-05-20T20:19:38.895+0300][18492][12796][debug][gc,phases] GC(6)         Total                          Min: 2625, Avg: 3440.1, Max: 5376, Diff: 2751, Sum: 27521, Workers: 8
[2025-05-20T20:19:38.895+0300][18492][12796][debug][gc,phases] GC(6)       ResolvedMethodTable Weak       Min:  0.0, Avg:  0.0, Max:  0.0, Diff:  0.0, Sum:  0.0, Workers: 8
[2025-05-20T20:19:38.895+0300][18492][12796][debug][gc,phases] GC(6)         Dead                           Min: 0, Avg:  0.0, Max: 0, Diff: 0, Sum: 0, Workers: 8
[2025-05-20T20:19:38.895+0300][18492][12796][debug][gc,phases] GC(6)         Total                          Min: 0, Avg: 212.0, Max: 320, Diff: 320, Sum: 1696, Workers: 8
[2025-05-20T20:19:38.895+0300][18492][12796][debug][gc,phases] GC(6)       JNI Weak                       Min:  0.0, Avg:  0.0, Max:  0.0, Diff:  0.0, Sum:  0.0, Workers: 8
[2025-05-20T20:19:38.895+0300][18492][12796][debug][gc,phases] GC(6)         Dead                           Min: 0, Avg:  0.0, Max: 0, Diff: 0, Sum: 0, Workers: 8
[2025-05-20T20:19:38.895+0300][18492][12796][debug][gc,phases] GC(6)         Total                          Min: 0, Avg:  0.0, Max: 0, Diff: 0, Sum: 0, Workers: 8
[2025-05-20T20:19:38.895+0300][18492][12796][debug][gc,phases] GC(6)       StringDedup Table Weak         Min:  0.0, Avg:  0.0, Max:  0.0, Diff:  0.0, Sum:  0.0, Workers: 8
[2025-05-20T20:19:38.895+0300][18492][12796][debug][gc,phases] GC(6)         Dead                           Min: 0, Avg:  0.0, Max: 0, Diff: 0, Sum: 0, Workers: 8
[2025-05-20T20:19:38.895+0300][18492][12796][debug][gc,phases] GC(6)         Total                          Min: 0, Avg:  0.0, Max: 0, Diff: 0, Sum: 0, Workers: 8
[2025-05-20T20:19:38.895+0300][18492][12796][debug][gc,phases] GC(6)       StringDedup Requests0 Weak     Min:  0.0, Avg:  0.0, Max:  0.0, Diff:  0.0, Sum:  0.0, Workers: 8
[2025-05-20T20:19:38.895+0300][18492][12796][debug][gc,phases] GC(6)         Dead                           Min: 0, Avg:  0.0, Max: 0, Diff: 0, Sum: 0, Workers: 8
[2025-05-20T20:19:38.895+0300][18492][12796][debug][gc,phases] GC(6)         Total                          Min: 0, Avg:  0.0, Max: 0, Diff: 0, Sum: 0, Workers: 8
[2025-05-20T20:19:38.895+0300][18492][12796][debug][gc,phases] GC(6)       StringDedup Requests1 Weak     Min:  0.0, Avg:  0.0, Max:  0.0, Diff:  0.0, Sum:  0.0, Workers: 8
[2025-05-20T20:19:38.895+0300][18492][12796][debug][gc,phases] GC(6)         Dead                           Min: 0, Avg:  0.0, Max: 0, Diff: 0, Sum: 0, Workers: 8
[2025-05-20T20:19:38.895+0300][18492][12796][debug][gc,phases] GC(6)         Total                          Min: 0, Avg:  0.0, Max: 0, Diff: 0, Sum: 0, Workers: 8
[2025-05-20T20:19:38.895+0300][18492][12796][debug][gc,phases] GC(6)       Weak JFR Old Object Samples    Min:  0.0, Avg:  0.0, Max:  0.0, Diff:  0.0, Sum:  0.0, Workers: 8
[2025-05-20T20:19:38.895+0300][18492][12796][debug][gc,phases] GC(6)         Dead                           Min: 0, Avg:  0.0, Max: 0, Diff: 0, Sum: 0, Workers: 8
[2025-05-20T20:19:38.895+0300][18492][12796][debug][gc,phases] GC(6)         Total                          Min: 0, Avg:  0.0, Max: 0, Diff: 0, Sum: 0, Workers: 8
[2025-05-20T20:19:38.895+0300][18492][12796][debug][gc,phases] GC(6)     Post Evacuate Cleanup 1: 0.5ms
[2025-05-20T20:19:38.895+0300][18492][12796][debug][gc,phases] GC(6)       Merge Per-Thread State (ms):   Min:  0.1, Avg:  0.1, Max:  0.1, Diff:  0.0, Sum:  0.1, Workers: 1
[2025-05-20T20:19:38.895+0300][18492][12796][debug][gc,phases] GC(6)         Copied Bytes                   Min: 305608, Avg: 807696.0, Max: 1365296, Diff: 1059688, Sum: 6461568, Workers: 8
[2025-05-20T20:19:38.895+0300][18492][12796][debug][gc,phases] GC(6)         LAB Waste                      Min: 104, Avg: 3641.0, Max: 12152, Diff: 12048, Sum: 29128, Workers: 8
[2025-05-20T20:19:38.895+0300][18492][12796][debug][gc,phases] GC(6)         LAB Undo Waste                 Min: 0, Avg:  0.0, Max: 0, Diff: 0, Sum: 0, Workers: 8
[2025-05-20T20:19:38.895+0300][18492][12796][debug][gc,phases] GC(6)       Clear Logged Cards (ms):       Min:  0.0, Avg:  0.2, Max:  0.3, Diff:  0.3, Sum:  1.2, Workers: 7
[2025-05-20T20:19:38.895+0300][18492][12796][debug][gc,phases] GC(6)       Recalculate Used Memory (ms):  Min:  0.0, Avg:  0.0, Max:  0.0, Diff:  0.0, Sum:  0.0, Workers: 1
[2025-05-20T20:19:38.895+0300][18492][12796][debug][gc,phases] GC(6)     Post Evacuate Cleanup 2: 0.4ms
[2025-05-20T20:19:38.895+0300][18492][12796][debug][gc,phases] GC(6)       Update Derived Pointers (ms):  Min:  0.0, Avg:  0.0, Max:  0.0, Diff:  0.0, Sum:  0.0, Workers: 1
[2025-05-20T20:19:38.895+0300][18492][12796][debug][gc,phases] GC(6)       Eagerly Reclaim Humongous Objects (ms): skipped
[2025-05-20T20:19:38.895+0300][18492][12796][debug][gc,phases] GC(6)         Humongous Total                skipped
[2025-05-20T20:19:38.895+0300][18492][12796][debug][gc,phases] GC(6)         Humongous Candidates           skipped
[2025-05-20T20:19:38.895+0300][18492][12796][debug][gc,phases] GC(6)         Humongous Reclaimed            skipped
[2025-05-20T20:19:38.895+0300][18492][12796][debug][gc,phases] GC(6)       Redirty Logged Cards (ms):     Min:  0.0, Avg:  0.0, Max:  0.0, Diff:  0.0, Sum:  0.0, Workers: 8
[2025-05-20T20:19:38.895+0300][18492][12796][debug][gc,phases] GC(6)         Redirtied Cards:               Min: 0, Avg: 124.9, Max: 709, Diff: 709, Sum: 999, Workers: 8
[2025-05-20T20:19:38.895+0300][18492][12796][debug][gc,phases] GC(6)       Resize TLABs (ms):             Min:  0.0, Avg:  0.0, Max:  0.0, Diff:  0.0, Sum:  0.0, Workers: 8
[2025-05-20T20:19:38.895+0300][18492][12796][debug][gc,phases] GC(6)       Free Collection Set (ms):      Min:  0.2, Avg:  0.2, Max:  0.3, Diff:  0.1, Sum:  1.8, Workers: 8
[2025-05-20T20:19:38.895+0300][18492][12796][debug][gc,phases] GC(6)     Rebuild Free List: 0.2ms
[2025-05-20T20:19:38.895+0300][18492][12796][debug][gc,phases] GC(6)     Prepare For Mutator: 0.0ms
[2025-05-20T20:19:38.895+0300][18492][12796][debug][gc,phases] GC(6)     Expand Heap After Collection: 0.0ms
[2025-05-20T20:19:38.895+0300][18492][12796][info ][gc,phases] GC(6)   Other: 0.6ms
[2025-05-20T20:19:38.895+0300][18492][12796][info ][gc,heap  ] GC(6) Eden regions: 1224->0(1224)
[2025-05-20T20:19:38.895+0300][18492][12796][info ][gc,heap  ] GC(6) Survivor regions: 4->4(154)
[2025-05-20T20:19:38.895+0300][18492][12796][info ][gc,heap  ] GC(6) Old regions: 8->8
[2025-05-20T20:19:38.895+0300][18492][12796][info ][gc,heap  ] GC(6) Humongous regions: 0->0
[2025-05-20T20:19:38.895+0300][18492][12796][debug][gc,heap  ] GC(6) Heap after GC invocations=7 (full 1):
[2025-05-20T20:19:38.895+0300][18492][12796][debug][gc,heap  ] GC(6)  garbage-first heap   total 4194304K, used 16719K [0x0000000700000000, 0x0000000800000000)
[2025-05-20T20:19:38.895+0300][18492][12796][debug][gc,heap  ] GC(6)   region size 2048K, 4 young (8192K), 4 survivors (8192K)
[2025-05-20T20:19:38.895+0300][18492][12796][debug][gc,heap  ] GC(6)  Metaspace       used 34555K, committed 35456K, reserved 1114112K
[2025-05-20T20:19:38.895+0300][18492][12796][debug][gc,heap  ] GC(6)   class space    used 2941K, committed 3328K, reserved 1048576K
[2025-05-20T20:19:38.895+0300][18492][12796][info ][gc       ] GC(6) Pause Young (Normal) (G1 Evacuation Pause) 2464M->16M(4096M) 9.624ms
[2025-05-20T20:19:38.895+0300][18492][12796][info ][safepoint] Safepoint "G1CollectForAllocation", Time since last: 450938600 ns, Reaching safepoint: 148000 ns, Cleanup: 10000 ns, At safepoint: 9668800 ns, Total: 9826800 ns
[2025-05-20T20:19:41.932+0300][18492][12796][debug][safepoint] Safepoint synchronization initiated using striped semaphore wait barrier. (32 threads)
[2025-05-20T20:19:41.932+0300][18492][12796][info ][safepoint] Safepoint "Cleanup", Time since last: 3033046600 ns, Reaching safepoint: 78900 ns, Cleanup: 20500 ns, At safepoint: 15100 ns, Total: 114500 ns
[2025-05-20T20:19:42.934+0300][18492][12796][debug][safepoint] Safepoint synchronization initiated using striped semaphore wait barrier. (32 threads)
[2025-05-20T20:19:42.934+0300][18492][12796][info ][safepoint] Safepoint "Cleanup", Time since last: 1002736900 ns, Reaching safepoint: 121600 ns, Cleanup: 12900 ns, At safepoint: 19300 ns, Total: 153800 ns
[2025-05-20T20:19:45.965+0300][18492][12796][debug][safepoint] Safepoint synchronization initiated using striped semaphore wait barrier. (32 threads)
[2025-05-20T20:19:45.965+0300][18492][12796][info ][safepoint] Safepoint "Cleanup", Time since last: 3030316300 ns, Reaching safepoint: 150500 ns, Cleanup: 39800 ns, At safepoint: 48700 ns, Total: 239000 ns
[2025-05-20T20:19:49.000+0300][18492][12796][debug][safepoint] Safepoint synchronization initiated using striped semaphore wait barrier. (32 threads)
[2025-05-20T20:19:49.000+0300][18492][10944][debug][safepoint] ... found polling page loop exception at pc = 0x000002b08833f823, stub =0x000002b087586600
[2025-05-20T20:19:49.000+0300][18492][12796][info ][safepoint] Safepoint "Cleanup", Time since last: 3035481300 ns, Reaching safepoint: 267400 ns, Cleanup: 30600 ns, At safepoint: 15100 ns, Total: 313100 ns
[2025-05-20T20:20:01.122+0300][18492][12796][debug][safepoint] Safepoint synchronization initiated using striped semaphore wait barrier. (32 threads)
[2025-05-20T20:20:01.122+0300][18492][12796][info ][safepoint] Safepoint "Cleanup", Time since last: 12121113400 ns, Reaching safepoint: 114100 ns, Cleanup: 35700 ns, At safepoint: 28800 ns, Total: 178600 ns
[2025-05-20T20:20:02.133+0300][18492][12796][debug][safepoint] Safepoint synchronization initiated using striped semaphore wait barrier. (32 threads)
[2025-05-20T20:20:02.133+0300][18492][14980][debug][safepoint] ... found polling page loop exception at pc = 0x000002b08830f1f3, stub =0x000002b087586600
[2025-05-20T20:20:02.133+0300][18492][12796][info ][safepoint] Safepoint "Cleanup", Time since last: 1011217800 ns, Reaching safepoint: 331200 ns, Cleanup: 29300 ns, At safepoint: 39500 ns, Total: 400000 ns
[2025-05-20T20:20:05.162+0300][18492][12796][debug][safepoint] Safepoint synchronization initiated using striped semaphore wait barrier. (32 threads)
[2025-05-20T20:20:05.162+0300][18492][14980][debug][safepoint] ... found polling page loop exception at pc = 0x000002b08833f823, stub =0x000002b087586600
[2025-05-20T20:20:05.162+0300][18492][18512][debug][safepoint] ... found polling page loop exception at pc = 0x000002b08807f0b7, stub =0x000002b087586600
[2025-05-20T20:20:05.162+0300][18492][10944][debug][safepoint] ... found polling page loop exception at pc = 0x000002b08830f2c7, stub =0x000002b087586600
[2025-05-20T20:20:05.162+0300][18492][12796][info ][safepoint] Safepoint "Cleanup", Time since last: 3027683000 ns, Reaching safepoint: 258000 ns, Cleanup: 15500 ns, At safepoint: 11800 ns, Total: 285300 ns
[2025-05-20T20:20:19.447+0300][18492][12796][debug][safepoint] Safepoint synchronization initiated using striped semaphore wait barrier. (25 threads)
[2025-05-20T20:20:19.447+0300][18492][12796][info ][safepoint] Safepoint "Cleanup", Time since last: 14285268800 ns, Reaching safepoint: 75200 ns, Cleanup: 46500 ns, At safepoint: 6100 ns, Total: 127800 ns
[2025-05-20T20:20:19.479+0300][18492][12796][debug][safepoint] Safepoint synchronization initiated using striped semaphore wait barrier. (25 threads)
[2025-05-20T20:20:19.479+0300][18492][12796][debug][gc,heap  ] GC(7) Heap before GC invocations=7 (full 1):
[2025-05-20T20:20:19.479+0300][18492][12796][debug][gc,heap  ] GC(7)  garbage-first heap   total 4194304K, used 1216847K [0x0000000700000000, 0x0000000800000000)
[2025-05-20T20:20:19.479+0300][18492][12796][debug][gc,heap  ] GC(7)   region size 2048K, 591 young (1210368K), 4 survivors (8192K)
[2025-05-20T20:20:19.479+0300][18492][12796][debug][gc,heap  ] GC(7)  Metaspace       used 34671K, committed 35584K, reserved 1114112K
[2025-05-20T20:20:19.479+0300][18492][12796][debug][gc,heap  ] GC(7)   class space    used 2949K, committed 3328K, reserved 1048576K
[2025-05-20T20:20:19.482+0300][18492][12796][debug][gc,phases] GC(7) Phase 1: Reference Processing 0.389ms
[2025-05-20T20:20:19.482+0300][18492][12796][debug][gc,phases] GC(7)   VM Weak                        Min:  0.0, Avg:  0.0, Max:  0.0, Diff:  0.0, Sum:  0.0, Workers: 8
[2025-05-20T20:20:19.482+0300][18492][12796][debug][gc,phases] GC(7)     Dead                           Min: 0, Avg: 26.6, Max: 94, Diff: 94, Sum: 213, Workers: 8
[2025-05-20T20:20:19.482+0300][18492][12796][debug][gc,phases] GC(7)     Total                          Min: 0, Avg: 69.6, Max: 384, Diff: 384, Sum: 557, Workers: 8
[2025-05-20T20:20:19.482+0300][18492][12796][debug][gc,phases] GC(7)   ObjectSynchronizer Weak        Min:  0.0, Avg:  0.0, Max:  0.0, Diff:  0.0, Sum:  0.0, Workers: 8
[2025-05-20T20:20:19.482+0300][18492][12796][debug][gc,phases] GC(7)     Dead                           Min: 0, Avg:  1.2, Max: 7, Diff: 7, Sum: 10, Workers: 8
[2025-05-20T20:20:19.482+0300][18492][12796][debug][gc,phases] GC(7)     Total                          Min: 0, Avg:  3.2, Max: 20, Diff: 20, Sum: 26, Workers: 8
[2025-05-20T20:20:19.482+0300][18492][12796][debug][gc,phases] GC(7)   JVMTI Tag Weak OopStorage      Min:  0.0, Avg:  0.0, Max:  0.0, Diff:  0.0, Sum:  0.0, Workers: 8
[2025-05-20T20:20:19.482+0300][18492][12796][debug][gc,phases] GC(7)     Dead                           Min: 0, Avg:  0.0, Max: 0, Diff: 0, Sum: 0, Workers: 8
[2025-05-20T20:20:19.482+0300][18492][12796][debug][gc,phases] GC(7)     Total                          Min: 0, Avg:  0.0, Max: 0, Diff: 0, Sum: 0, Workers: 8
[2025-05-20T20:20:19.482+0300][18492][12796][debug][gc,phases] GC(7)   StringTable Weak               Min:  0.0, Avg:  0.0, Max:  0.1, Diff:  0.1, Sum:  0.3, Workers: 8
[2025-05-20T20:20:19.482+0300][18492][12796][debug][gc,phases] GC(7)     Dead                           Min: 0, Avg: 169.8, Max: 362, Diff: 362, Sum: 1358, Workers: 8
[2025-05-20T20:20:19.482+0300][18492][12796][debug][gc,phases] GC(7)     Total                          Min: 0, Avg: 3456.4, Max: 6339, Diff: 6339, Sum: 27651, Workers: 8
[2025-05-20T20:20:19.482+0300][18492][12796][debug][gc,phases] GC(7)   ResolvedMethodTable Weak       Min:  0.0, Avg:  0.0, Max:  0.0, Diff:  0.0, Sum:  0.0, Workers: 8
[2025-05-20T20:20:19.482+0300][18492][12796][debug][gc,phases] GC(7)     Dead                           Min: 0, Avg: 13.8, Max: 32, Diff: 32, Sum: 110, Workers: 8
[2025-05-20T20:20:19.482+0300][18492][12796][debug][gc,phases] GC(7)     Total                          Min: 0, Avg: 212.9, Max: 320, Diff: 320, Sum: 1703, Workers: 8
[2025-05-20T20:20:19.482+0300][18492][12796][debug][gc,phases] GC(7)   JNI Weak                       Min:  0.0, Avg:  0.0, Max:  0.0, Diff:  0.0, Sum:  0.0, Workers: 8
[2025-05-20T20:20:19.482+0300][18492][12796][debug][gc,phases] GC(7)     Dead                           Min: 0, Avg:  0.0, Max: 0, Diff: 0, Sum: 0, Workers: 8
[2025-05-20T20:20:19.482+0300][18492][12796][debug][gc,phases] GC(7)     Total                          Min: 0, Avg:  0.1, Max: 1, Diff: 1, Sum: 1, Workers: 8
[2025-05-20T20:20:19.482+0300][18492][12796][debug][gc,phases] GC(7)   StringDedup Table Weak         Min:  0.0, Avg:  0.0, Max:  0.0, Diff:  0.0, Sum:  0.0, Workers: 8
[2025-05-20T20:20:19.482+0300][18492][12796][debug][gc,phases] GC(7)     Dead                           Min: 0, Avg:  0.0, Max: 0, Diff: 0, Sum: 0, Workers: 8
[2025-05-20T20:20:19.482+0300][18492][12796][debug][gc,phases] GC(7)     Total                          Min: 0, Avg:  0.0, Max: 0, Diff: 0, Sum: 0, Workers: 8
[2025-05-20T20:20:19.482+0300][18492][12796][debug][gc,phases] GC(7)   StringDedup Requests0 Weak     Min:  0.0, Avg:  0.0, Max:  0.0, Diff:  0.0, Sum:  0.0, Workers: 8
[2025-05-20T20:20:19.482+0300][18492][12796][debug][gc,phases] GC(7)     Dead                           Min: 0, Avg:  0.0, Max: 0, Diff: 0, Sum: 0, Workers: 8
[2025-05-20T20:20:19.482+0300][18492][12796][debug][gc,phases] GC(7)     Total                          Min: 0, Avg:  0.0, Max: 0, Diff: 0, Sum: 0, Workers: 8
[2025-05-20T20:20:19.482+0300][18492][12796][debug][gc,phases] GC(7)   StringDedup Requests1 Weak     Min:  0.0, Avg:  0.0, Max:  0.0, Diff:  0.0, Sum:  0.0, Workers: 8
[2025-05-20T20:20:19.482+0300][18492][12796][debug][gc,phases] GC(7)     Dead                           Min: 0, Avg:  0.0, Max: 0, Diff: 0, Sum: 0, Workers: 8
[2025-05-20T20:20:19.482+0300][18492][12796][debug][gc,phases] GC(7)     Total                          Min: 0, Avg:  0.0, Max: 0, Diff: 0, Sum: 0, Workers: 8
[2025-05-20T20:20:19.482+0300][18492][12796][debug][gc,phases] GC(7)   Weak JFR Old Object Samples    Min:  0.0, Avg:  0.0, Max:  0.0, Diff:  0.0, Sum:  0.0, Workers: 8
[2025-05-20T20:20:19.482+0300][18492][12796][debug][gc,phases] GC(7)     Dead                           Min: 0, Avg:  0.0, Max: 0, Diff: 0, Sum: 0, Workers: 8
[2025-05-20T20:20:19.482+0300][18492][12796][debug][gc,phases] GC(7)     Total                          Min: 0, Avg:  0.0, Max: 0, Diff: 0, Sum: 0, Workers: 8
[2025-05-20T20:20:19.482+0300][18492][12796][debug][gc,phases] GC(7) Phase 1: Weak Processing 0.434ms
[2025-05-20T20:20:19.482+0300][18492][12796][debug][gc,phases] GC(7) ClassLoaderData 0.379ms
[2025-05-20T20:20:19.482+0300][18492][12796][debug][gc,phases] GC(7) Trigger cleanups 0.007ms
[2025-05-20T20:20:19.494+0300][18492][12796][debug][gc,phases] GC(7) G1 Complete Cleaning 14.051ms
[2025-05-20T20:20:19.494+0300][18492][12796][debug][gc,phases] GC(7) Purge Unlinked NMethods 0.364ms
[2025-05-20T20:20:19.494+0300][18492][12796][debug][gc,phases] GC(7) Unregister NMethods 0.323ms
[2025-05-20T20:20:19.494+0300][18492][12796][debug][gc,phases] GC(7) Free Code Blobs 0.109ms
[2025-05-20T20:20:19.494+0300][18492][12796][debug][gc,phases] GC(7) Purge Class Loader Data 0.725ms
[2025-05-20T20:20:19.494+0300][18492][12796][debug][gc,phases] GC(7) Phase 1: Class Unloading and Cleanup 16.124ms
[2025-05-20T20:20:19.494+0300][18492][12796][debug][gc,phases] GC(7) Report Object Count 0.001ms
[2025-05-20T20:20:19.494+0300][18492][12796][info ][gc,phases] GC(7) Phase 1: Mark live objects 20.063ms
[2025-05-20T20:20:19.500+0300][18492][12796][debug][gc,phases] GC(7) Phase 2: Determine work lists 0.072ms
[2025-05-20T20:20:19.500+0300][18492][12796][debug][gc,phases] GC(7) Phase 2: Prepare parallel compaction 1.700ms
[2025-05-20T20:20:19.500+0300][18492][12796][info ][gc,phases] GC(7) Phase 2: Prepare compaction 1.811ms
[2025-05-20T20:20:19.503+0300][18492][12796][info ][gc,phases] GC(7) Phase 3: Adjust pointers 8.351ms
[2025-05-20T20:20:19.510+0300][18492][12796][info ][gc,phases] GC(7) Phase 4: Compact heap 2.215ms
[2025-05-20T20:20:19.510+0300][18492][12796][info ][gc,phases] GC(7) Phase 5: Reset Metadata 1.336ms
[2025-05-20T20:20:19.518+0300][18492][12796][info ][gc,heap  ] GC(7) Eden regions: 587->0(1228)
[2025-05-20T20:20:19.518+0300][18492][12796][info ][gc,heap  ] GC(7) Survivor regions: 4->0(154)
[2025-05-20T20:20:19.518+0300][18492][12796][info ][gc,heap  ] GC(7) Old regions: 8->11
[2025-05-20T20:20:19.518+0300][18492][12796][info ][gc,heap  ] GC(7) Humongous regions: 0->0
[2025-05-20T20:20:19.518+0300][18492][12796][debug][gc,heap  ] GC(7) Heap after GC invocations=8 (full 2):
[2025-05-20T20:20:19.518+0300][18492][12796][debug][gc,heap  ] GC(7)  garbage-first heap   total 4194304K, used 14111K [0x0000000700000000, 0x0000000800000000)
[2025-05-20T20:20:19.518+0300][18492][12796][debug][gc,heap  ] GC(7)   region size 2048K, 0 young (0K), 0 survivors (0K)
[2025-05-20T20:20:19.518+0300][18492][12796][debug][gc,heap  ] GC(7)  Metaspace       used 33205K, committed 35392K, reserved 1114112K
[2025-05-20T20:20:19.518+0300][18492][12796][debug][gc,heap  ] GC(7)   class space    used 2782K, committed 3328K, reserved 1048576K
[2025-05-20T20:20:19.518+0300][18492][12796][info ][gc       ] GC(7) Pause Full (System.gc()) 1189M->13M(4096M) 44.395ms
[2025-05-20T20:20:19.518+0300][18492][12796][info ][safepoint] Safepoint "G1CollectFull", Time since last: 31922700 ns, Reaching safepoint: 44600 ns, Cleanup: 4500 ns, At safepoint: 44420500 ns, Total: 44469600 ns
[2025-05-20T20:20:20.530+0300][18492][12796][debug][safepoint] Safepoint synchronization initiated using striped semaphore wait barrier. (33 threads)
[2025-05-20T20:20:20.530+0300][18492][12796][info ][safepoint] Safepoint "Cleanup", Time since last: 1005943800 ns, Reaching safepoint: 91600 ns, Cleanup: 100300 ns, At safepoint: 8900 ns, Total: 200800 ns
[2025-05-20T20:20:21.543+0300][18492][12796][debug][safepoint] Safepoint synchronization initiated using striped semaphore wait barrier. (32 threads)
[2025-05-20T20:20:21.543+0300][18492][20916][debug][safepoint] ... found polling page loop exception at pc = 0x000002b08833f56a, stub =0x000002b087586600
[2025-05-20T20:20:21.543+0300][18492][12796][info ][safepoint] Safepoint "Cleanup", Time since last: 1013613100 ns, Reaching safepoint: 257600 ns, Cleanup: 36100 ns, At safepoint: 19800 ns, Total: 313500 ns
[2025-05-20T20:20:22.547+0300][18492][12796][debug][safepoint] Safepoint synchronization initiated using striped semaphore wait barrier. (32 threads)
[2025-05-20T20:20:22.547+0300][18492][12796][info ][safepoint] Safepoint "Cleanup", Time since last: 1003363700 ns, Reaching safepoint: 162000 ns, Cleanup: 77400 ns, At safepoint: 18200 ns, Total: 257600 ns
[2025-05-20T20:20:23.548+0300][18492][12796][debug][safepoint] Safepoint synchronization initiated using striped semaphore wait barrier. (32 threads)
[2025-05-20T20:20:23.548+0300][18492][12796][info ][safepoint] Safepoint "Cleanup", Time since last: 1000999900 ns, Reaching safepoint: 137600 ns, Cleanup: 21100 ns, At safepoint: 17800 ns, Total: 176500 ns
[2025-05-20T20:20:24.561+0300][18492][12796][debug][safepoint] Safepoint synchronization initiated using striped semaphore wait barrier. (32 threads)
[2025-05-20T20:20:24.561+0300][18492][12796][info ][safepoint] Safepoint "Cleanup", Time since last: 1012221600 ns, Reaching safepoint: 51500 ns, Cleanup: 10500 ns, At safepoint: 1500 ns, Total: 63500 ns
[2025-05-20T20:20:25.569+0300][18492][12796][debug][safepoint] Safepoint synchronization initiated using striped semaphore wait barrier. (32 threads)
[2025-05-20T20:20:25.569+0300][18492][12796][info ][safepoint] Safepoint "Cleanup", Time since last: 1008523100 ns, Reaching safepoint: 85000 ns, Cleanup: 17000 ns, At safepoint: 8600 ns, Total: 110600 ns
[2025-05-20T20:20:29.589+0300][18492][12796][debug][safepoint] Safepoint synchronization initiated using striped semaphore wait barrier. (32 threads)
[2025-05-20T20:20:29.590+0300][18492][12796][info ][safepoint] Safepoint "Cleanup", Time since last: 4019950100 ns, Reaching safepoint: 152700 ns, Cleanup: 40300 ns, At safepoint: 48800 ns, Total: 241800 ns
[2025-05-20T20:20:30.594+0300][18492][12796][debug][safepoint] Safepoint synchronization initiated using striped semaphore wait barrier. (32 threads)
[2025-05-20T20:20:30.594+0300][18492][12796][info ][safepoint] Safepoint "Cleanup", Time since last: 1004358100 ns, Reaching safepoint: 152600 ns, Cleanup: 37000 ns, At safepoint: 41600 ns, Total: 231200 ns
[2025-05-20T20:20:31.601+0300][18492][12796][debug][safepoint] Safepoint synchronization initiated using striped semaphore wait barrier. (32 threads)
[2025-05-20T20:20:31.601+0300][18492][12796][info ][safepoint] Safepoint "Cleanup", Time since last: 1006707300 ns, Reaching safepoint: 123400 ns, Cleanup: 34700 ns, At safepoint: 4000 ns, Total: 162100 ns
[2025-05-20T20:20:32.613+0300][18492][12796][debug][safepoint] Safepoint synchronization initiated using striped semaphore wait barrier. (32 threads)
[2025-05-20T20:20:32.613+0300][18492][12796][info ][safepoint] Safepoint "Cleanup", Time since last: 1011793300 ns, Reaching safepoint: 93700 ns, Cleanup: 26900 ns, At safepoint: 24900 ns, Total: 145500 ns
[2025-05-20T20:20:33.628+0300][18492][12796][debug][safepoint] Safepoint synchronization initiated using striped semaphore wait barrier. (32 threads)
[2025-05-20T20:20:33.628+0300][18492][21316][debug][safepoint] ... found polling page loop exception at pc = 0x000002b08808fde7, stub =0x000002b087586600
[2025-05-20T20:20:33.628+0300][18492][10900][debug][safepoint] ... found polling page loop exception at pc = 0x000002b08816de7d, stub =0x000002b087586600
[2025-05-20T20:20:33.628+0300][18492][12796][info ][safepoint] Safepoint "Cleanup", Time since last: 1014734400 ns, Reaching safepoint: 460700 ns, Cleanup: 16700 ns, At safepoint: 23900 ns, Total: 501300 ns
[2025-05-20T20:20:34.636+0300][18492][12796][debug][safepoint] Safepoint synchronization initiated using striped semaphore wait barrier. (32 threads)
[2025-05-20T20:20:34.636+0300][18492][9140 ][debug][safepoint] ... found polling page loop exception at pc = 0x000002b0880c71ba, stub =0x000002b087585d80
[2025-05-20T20:20:34.636+0300][18492][12796][info ][safepoint] Safepoint "Cleanup", Time since last: 1007619500 ns, Reaching safepoint: 233300 ns, Cleanup: 28400 ns, At safepoint: 15300 ns, Total: 277000 ns
[2025-05-20T20:20:39.672+0300][18492][12796][debug][safepoint] Safepoint synchronization initiated using striped semaphore wait barrier. (32 threads)
[2025-05-20T20:20:39.672+0300][18492][12796][info ][safepoint] Safepoint "Cleanup", Time since last: 5035876500 ns, Reaching safepoint: 116400 ns, Cleanup: 22100 ns, At safepoint: 12800 ns, Total: 151300 ns
[2025-05-20T20:20:40.677+0300][18492][12796][debug][safepoint] Safepoint synchronization initiated using striped semaphore wait barrier. (32 threads)
[2025-05-20T20:20:40.677+0300][18492][12796][info ][safepoint] Safepoint "Cleanup", Time since last: 1004260500 ns, Reaching safepoint: 204700 ns, Cleanup: 35800 ns, At safepoint: 28500 ns, Total: 269000 ns
[2025-05-20T20:20:41.684+0300][18492][12796][debug][safepoint] Safepoint synchronization initiated using striped semaphore wait barrier. (32 threads)
[2025-05-20T20:20:41.684+0300][18492][12796][info ][safepoint] Safepoint "Cleanup", Time since last: 1007047600 ns, Reaching safepoint: 113300 ns, Cleanup: 26600 ns, At safepoint: 20400 ns, Total: 160300 ns
[2025-05-20T20:20:42.688+0300][18492][12796][debug][safepoint] Safepoint synchronization initiated using striped semaphore wait barrier. (32 threads)
[2025-05-20T20:20:42.688+0300][18492][12796][info ][safepoint] Safepoint "Cleanup", Time since last: 1003567500 ns, Reaching safepoint: 146400 ns, Cleanup: 33000 ns, At safepoint: 4300 ns, Total: 183700 ns
[2025-05-20T20:20:44.710+0300][18492][12796][debug][safepoint] Safepoint synchronization initiated using striped semaphore wait barrier. (32 threads)
[2025-05-20T20:20:44.710+0300][18492][12796][info ][safepoint] Safepoint "Cleanup", Time since last: 2022631000 ns, Reaching safepoint: 144700 ns, Cleanup: 35100 ns, At safepoint: 10900 ns, Total: 190700 ns
[2025-05-20T20:20:46.724+0300][18492][12796][debug][safepoint] Safepoint synchronization initiated using striped semaphore wait barrier. (32 threads)
[2025-05-20T20:20:46.724+0300][18492][12796][info ][safepoint] Safepoint "Cleanup", Time since last: 2014046400 ns, Reaching safepoint: 129300 ns, Cleanup: 34200 ns, At safepoint: 15100 ns, Total: 178600 ns
[2025-05-20T20:20:50.754+0300][18492][12796][debug][safepoint] Safepoint synchronization initiated using striped semaphore wait barrier. (32 threads)
[2025-05-20T20:20:50.754+0300][18492][12796][info ][safepoint] Safepoint "Cleanup", Time since last: 4028869700 ns, Reaching safepoint: 169200 ns, Cleanup: 38800 ns, At safepoint: 13700 ns, Total: 221700 ns
[2025-05-20T20:21:01.857+0300][18492][12796][debug][safepoint] Safepoint synchronization initiated using striped semaphore wait barrier. (32 threads)
[2025-05-20T20:21:01.857+0300][18492][2776 ][debug][safepoint] ... found polling page loop exception at pc = 0x000002b0880c6714, stub =0x000002b087585d80
[2025-05-20T20:21:01.857+0300][18492][18628][debug][safepoint] ... found polling page loop exception at pc = 0x000002b08807527e, stub =0x000002b087586600
[2025-05-20T20:21:01.857+0300][18492][12796][info ][safepoint] Safepoint "Cleanup", Time since last: 11103319400 ns, Reaching safepoint: 279500 ns, Cleanup: 25300 ns, At safepoint: 11300 ns, Total: 316100 ns
[2025-05-20T20:21:03.868+0300][18492][12796][debug][safepoint] Safepoint synchronization initiated using striped semaphore wait barrier. (32 threads)
[2025-05-20T20:21:03.868+0300][18492][12796][info ][safepoint] Safepoint "Cleanup", Time since last: 2010332700 ns, Reaching safepoint: 126500 ns, Cleanup: 13400 ns, At safepoint: 14100 ns, Total: 154000 ns
[2025-05-20T20:21:06.895+0300][18492][12796][debug][safepoint] Safepoint synchronization initiated using striped semaphore wait barrier. (32 threads)
[2025-05-20T20:21:06.895+0300][18492][21316][debug][safepoint] ... found polling page loop exception at pc = 0x000002b0885ee036, stub =0x000002b087586600
[2025-05-20T20:21:06.895+0300][18492][20916][debug][safepoint] ... found polling page loop exception at pc = 0x000002b08857e40b, stub =0x000002b087586600
[2025-05-20T20:21:06.895+0300][18492][12796][info ][safepoint] Safepoint "Cleanup", Time since last: 3026499100 ns, Reaching safepoint: 235400 ns, Cleanup: 14700 ns, At safepoint: 14000 ns, Total: 264100 ns
[2025-05-20T20:21:07.397+0300][18492][10900][debug][safepoint] ... found polling page loop exception at pc = 0x000002b0884a0a5d, stub =0x000002b087586600
[2025-05-20T20:21:08.409+0300][18492][12796][debug][safepoint] Safepoint synchronization initiated using striped semaphore wait barrier. (32 threads)
[2025-05-20T20:21:08.409+0300][18492][12796][info ][safepoint] Safepoint "Cleanup", Time since last: 1514027700 ns, Reaching safepoint: 142300 ns, Cleanup: 28900 ns, At safepoint: 14100 ns, Total: 185300 ns
[2025-05-20T20:21:09.409+0300][18492][12796][debug][safepoint] Safepoint synchronization initiated using striped semaphore wait barrier. (32 threads)
[2025-05-20T20:21:09.410+0300][18492][12796][info ][safepoint] Safepoint "Cleanup", Time since last: 1000591500 ns, Reaching safepoint: 148800 ns, Cleanup: 64800 ns, At safepoint: 15000 ns, Total: 228600 ns
[2025-05-20T20:21:16.461+0300][18492][12796][debug][safepoint] Safepoint synchronization initiated using striped semaphore wait barrier. (32 threads)
[2025-05-20T20:21:16.461+0300][18492][12796][info ][safepoint] Safepoint "Cleanup", Time since last: 7050890500 ns, Reaching safepoint: 152400 ns, Cleanup: 31000 ns, At safepoint: 12600 ns, Total: 196000 ns
[2025-05-20T20:21:20.487+0300][18492][12796][debug][safepoint] Safepoint synchronization initiated using striped semaphore wait barrier. (32 threads)
[2025-05-20T20:21:20.487+0300][18492][12796][info ][safepoint] Safepoint "Cleanup", Time since last: 4026512900 ns, Reaching safepoint: 150700 ns, Cleanup: 31700 ns, At safepoint: 14100 ns, Total: 196500 ns
[2025-05-20T20:21:23.491+0300][18492][12796][debug][safepoint] Safepoint synchronization initiated using striped semaphore wait barrier. (32 threads)
[2025-05-20T20:21:23.491+0300][18492][12796][info ][safepoint] Safepoint "Cleanup", Time since last: 3003732000 ns, Reaching safepoint: 148100 ns, Cleanup: 42200 ns, At safepoint: 32100 ns, Total: 222400 ns
[2025-05-20T20:21:24.499+0300][18492][12796][debug][safepoint] Safepoint synchronization initiated using striped semaphore wait barrier. (32 threads)
[2025-05-20T20:21:24.499+0300][18492][21316][debug][safepoint] ... found polling page loop exception at pc = 0x000002b0880c71ba, stub =0x000002b087585d80
[2025-05-20T20:21:24.499+0300][18492][12796][info ][safepoint] Safepoint "Cleanup", Time since last: 1007127200 ns, Reaching safepoint: 109000 ns, Cleanup: 17600 ns, At safepoint: 6200 ns, Total: 132800 ns
[2025-05-20T20:21:25.512+0300][18492][12796][debug][safepoint] Safepoint synchronization initiated using striped semaphore wait barrier. (32 threads)
[2025-05-20T20:21:25.512+0300][18492][12796][info ][safepoint] Safepoint "Cleanup", Time since last: 1013636000 ns, Reaching safepoint: 146500 ns, Cleanup: 22200 ns, At safepoint: 20900 ns, Total: 189600 ns
[2025-05-20T20:21:39.621+0300][18492][12796][debug][safepoint] Safepoint synchronization initiated using striped semaphore wait barrier. (32 threads)
[2025-05-20T20:21:39.621+0300][18492][12796][info ][safepoint] Safepoint "Cleanup", Time since last: 14108696800 ns, Reaching safepoint: 147800 ns, Cleanup: 29000 ns, At safepoint: 10100 ns, Total: 186900 ns
[2025-05-20T20:21:42.637+0300][18492][12796][debug][safepoint] Safepoint synchronization initiated using striped semaphore wait barrier. (32 threads)
[2025-05-20T20:21:42.637+0300][18492][12796][info ][safepoint] Safepoint "Cleanup", Time since last: 3015348900 ns, Reaching safepoint: 124400 ns, Cleanup: 28400 ns, At safepoint: 11300 ns, Total: 164100 ns
[2025-05-20T20:21:42.687+0300][18492][12796][debug][safepoint] Safepoint synchronization initiated using striped semaphore wait barrier. (32 threads)
[2025-05-20T20:21:42.687+0300][18492][12796][debug][gc,heap  ] GC(8) Heap before GC invocations=8 (full 2):
[2025-05-20T20:21:42.687+0300][18492][12796][debug][gc,heap  ] GC(8)  garbage-first heap   total 4194304K, used 2529055K [0x0000000700000000, 0x0000000800000000)
[2025-05-20T20:21:42.687+0300][18492][12796][debug][gc,heap  ] GC(8)   region size 2048K, 1228 young (2514944K), 0 survivors (0K)
[2025-05-20T20:21:42.687+0300][18492][12796][debug][gc,heap  ] GC(8)  Metaspace       used 34352K, committed 35456K, reserved 1114112K
[2025-05-20T20:21:42.687+0300][18492][12796][debug][gc,heap  ] GC(8)   class space    used 2863K, committed 3328K, reserved 1048576K
[2025-05-20T20:21:42.691+0300][18492][12796][info ][gc,phases] GC(8)   Pre Evacuate Collection Set: 0.9ms
[2025-05-20T20:21:42.691+0300][18492][12796][debug][gc,phases] GC(8)     Pre Evacuate Prepare: 0.2ms
[2025-05-20T20:21:42.691+0300][18492][12796][debug][gc,phases] GC(8)       JT Retire TLABs And Flush Logs (ms): Min:  0.0, Avg:  0.0, Max:  0.0, Diff:  0.0, Sum:  0.0, Workers: 2
[2025-05-20T20:21:42.691+0300][18492][12796][debug][gc,phases] GC(8)       Non-JT Flush Logs (ms):        Min:  0.0, Avg:  0.0, Max:  0.0, Diff:  0.0, Sum:  0.0, Workers: 1
[2025-05-20T20:21:42.691+0300][18492][12796][debug][gc,phases] GC(8)     Choose Collection Set: 0.0ms
[2025-05-20T20:21:42.691+0300][18492][12796][debug][gc,phases] GC(8)     Region Register: 0.7ms
[2025-05-20T20:21:42.691+0300][18492][12796][debug][gc,phases] GC(8)     Prepare Heap Roots: 0.0ms
[2025-05-20T20:21:42.691+0300][18492][12796][info ][gc,phases] GC(8)   Merge Heap Roots: 0.6ms
[2025-05-20T20:21:42.691+0300][18492][12796][debug][gc,phases] GC(8)     Prepare Merge Heap Roots: 0.1ms
[2025-05-20T20:21:42.691+0300][18492][12796][debug][gc,phases] GC(8)     Remembered Sets (ms):          Min:  0.2, Avg:  0.2, Max:  0.2, Diff:  0.1, Sum:  1.5, Workers: 8
[2025-05-20T20:21:42.691+0300][18492][12796][debug][gc,phases] GC(8)       Eager Reclaim (ms):            skipped
[2025-05-20T20:21:42.691+0300][18492][12796][debug][gc,phases] GC(8)       Merged Inline                  Min: 0, Avg:  0.0, Max: 0, Diff: 0, Sum: 0, Workers: 8
[2025-05-20T20:21:42.691+0300][18492][12796][debug][gc,phases] GC(8)       Merged ArrayOfCards            Min: 0, Avg:  0.0, Max: 0, Diff: 0, Sum: 0, Workers: 8
[2025-05-20T20:21:42.691+0300][18492][12796][debug][gc,phases] GC(8)       Merged Howl                    Min: 0, Avg:  0.0, Max: 0, Diff: 0, Sum: 0, Workers: 8
[2025-05-20T20:21:42.691+0300][18492][12796][debug][gc,phases] GC(8)       Merged Full                    Min: 0, Avg:  0.0, Max: 0, Diff: 0, Sum: 0, Workers: 8
[2025-05-20T20:21:42.691+0300][18492][12796][debug][gc,phases] GC(8)       Merged Howl Inline             Min: 0, Avg:  0.0, Max: 0, Diff: 0, Sum: 0, Workers: 8
[2025-05-20T20:21:42.691+0300][18492][12796][debug][gc,phases] GC(8)       Merged Howl ArrayOfCards       Min: 0, Avg:  0.0, Max: 0, Diff: 0, Sum: 0, Workers: 8
[2025-05-20T20:21:42.691+0300][18492][12796][debug][gc,phases] GC(8)       Merged Howl BitMap             Min: 0, Avg:  0.0, Max: 0, Diff: 0, Sum: 0, Workers: 8
[2025-05-20T20:21:42.691+0300][18492][12796][debug][gc,phases] GC(8)       Merged Howl Full               Min: 0, Avg:  0.0, Max: 0, Diff: 0, Sum: 0, Workers: 8
[2025-05-20T20:21:42.691+0300][18492][12796][debug][gc,phases] GC(8)       Merged Cards                   Min: 8, Avg:  8.0, Max: 8, Diff: 0, Sum: 64, Workers: 8
[2025-05-20T20:21:42.691+0300][18492][12796][debug][gc,phases] GC(8)     Log Buffers (ms):              Min:  0.0, Avg:  0.0, Max:  0.0, Diff:  0.0, Sum:  0.0, Workers: 8
[2025-05-20T20:21:42.691+0300][18492][12796][debug][gc,phases] GC(8)       Dirty Cards:                   Min: 0, Avg: 72.6, Max: 337, Diff: 337, Sum: 581, Workers: 8
[2025-05-20T20:21:42.691+0300][18492][12796][debug][gc,phases] GC(8)       Skipped Cards:                 Min: 0, Avg:  0.0, Max: 0, Diff: 0, Sum: 0, Workers: 8
[2025-05-20T20:21:42.691+0300][18492][12796][info ][gc,phases] GC(8)   Evacuate Collection Set: 2.4ms
[2025-05-20T20:21:42.691+0300][18492][12796][debug][gc,phases] GC(8)     Ext Root Scanning (ms):        Min:  0.1, Avg:  0.2, Max:  0.6, Diff:  0.5, Sum:  1.5, Workers: 8
[2025-05-20T20:21:42.691+0300][18492][12796][debug][gc,phases] GC(8)     Scan Heap Roots (ms):          Min:  0.0, Avg:  0.2, Max:  0.3, Diff:  0.3, Sum:  1.5, Workers: 8
[2025-05-20T20:21:42.691+0300][18492][12796][debug][gc,phases] GC(8)       Scanned Cards:                 Min: 0, Avg: 72.6, Max: 166, Diff: 166, Sum: 581, Workers: 8
[2025-05-20T20:21:42.691+0300][18492][12796][debug][gc,phases] GC(8)       Scanned Blocks:                Min: 0, Avg: 39.6, Max: 65, Diff: 65, Sum: 317, Workers: 8
[2025-05-20T20:21:42.691+0300][18492][12796][debug][gc,phases] GC(8)       Claimed Chunks:                Min: 0, Avg: 19.2, Max: 30, Diff: 30, Sum: 154, Workers: 8
[2025-05-20T20:21:42.691+0300][18492][12796][debug][gc,phases] GC(8)       Found Roots:                   Min: 0, Avg: 251.8, Max: 931, Diff: 931, Sum: 2014, Workers: 8
[2025-05-20T20:21:42.691+0300][18492][12796][debug][gc,phases] GC(8)     Code Root Scan (ms):           Min:  0.2, Avg:  0.6, Max:  0.8, Diff:  0.6, Sum:  4.5, Workers: 8
[2025-05-20T20:21:42.691+0300][18492][12796][debug][gc,phases] GC(8)       Scanned Nmethods               Min: 0, Avg: 85.0, Max: 140, Diff: 140, Sum: 680, Workers: 8
[2025-05-20T20:21:42.691+0300][18492][12796][debug][gc,phases] GC(8)     Object Copy (ms):              Min:  0.6, Avg:  1.0, Max:  1.4, Diff:  0.8, Sum:  7.9, Workers: 8
[2025-05-20T20:21:42.691+0300][18492][12796][debug][gc,phases] GC(8)     Termination (ms):              Min:  0.0, Avg:  0.1, Max:  0.1, Diff:  0.1, Sum:  0.8, Workers: 8
[2025-05-20T20:21:42.691+0300][18492][12796][debug][gc,phases] GC(8)       Termination Attempts:          Min: 1, Avg:  1.0, Max: 1, Diff: 0, Sum: 8, Workers: 8
[2025-05-20T20:21:42.691+0300][18492][12796][debug][gc,phases] GC(8)     GC Worker Other (ms):          Min:  0.2, Avg:  0.2, Max:  0.2, Diff:  0.1, Sum:  1.6, Workers: 8
[2025-05-20T20:21:42.691+0300][18492][12796][debug][gc,phases] GC(8)     GC Worker Total (ms):          Min:  2.2, Avg:  2.2, Max:  2.3, Diff:  0.2, Sum: 17.8, Workers: 8
[2025-05-20T20:21:42.691+0300][18492][12796][info ][gc,phases] GC(8)   Post Evacuate Collection Set: 2.6ms
[2025-05-20T20:21:42.691+0300][18492][12796][debug][gc,phases] GC(8)     NMethod List Cleanup: 0.0ms
[2025-05-20T20:21:42.691+0300][18492][12796][debug][gc,phases] GC(8)     Reference Processing: 0.1ms
[2025-05-20T20:21:42.691+0300][18492][12796][debug][gc,phases] GC(8)     Weak Processing: 0.2ms
[2025-05-20T20:21:42.691+0300][18492][12796][debug][gc,phases] GC(8)       VM Weak                        Min:  0.0, Avg:  0.0, Max:  0.0, Diff:  0.0, Sum:  0.0, Workers: 8
[2025-05-20T20:21:42.691+0300][18492][12796][debug][gc,phases] GC(8)         Dead                           Min: 0, Avg:  0.0, Max: 0, Diff: 0, Sum: 0, Workers: 8
[2025-05-20T20:21:42.691+0300][18492][12796][debug][gc,phases] GC(8)         Total                          Min: 0, Avg: 49.5, Max: 323, Diff: 323, Sum: 396, Workers: 8
[2025-05-20T20:21:42.691+0300][18492][12796][debug][gc,phases] GC(8)       ObjectSynchronizer Weak        Min:  0.0, Avg:  0.0, Max:  0.0, Diff:  0.0, Sum:  0.0, Workers: 8
[2025-05-20T20:21:42.691+0300][18492][12796][debug][gc,phases] GC(8)         Dead                           Min: 0, Avg:  0.0, Max: 0, Diff: 0, Sum: 0, Workers: 8
[2025-05-20T20:21:42.691+0300][18492][12796][debug][gc,phases] GC(8)         Total                          Min: 0, Avg:  6.8, Max: 45, Diff: 45, Sum: 54, Workers: 8
[2025-05-20T20:21:42.691+0300][18492][12796][debug][gc,phases] GC(8)       JVMTI Tag Weak OopStorage      Min:  0.0, Avg:  0.0, Max:  0.0, Diff:  0.0, Sum:  0.0, Workers: 8
[2025-05-20T20:21:42.691+0300][18492][12796][debug][gc,phases] GC(8)         Dead                           Min: 0, Avg:  0.0, Max: 0, Diff: 0, Sum: 0, Workers: 8
[2025-05-20T20:21:42.691+0300][18492][12796][debug][gc,phases] GC(8)         Total                          Min: 0, Avg:  0.0, Max: 0, Diff: 0, Sum: 0, Workers: 8
[2025-05-20T20:21:42.691+0300][18492][12796][debug][gc,phases] GC(8)       StringTable Weak               Min:  0.0, Avg:  0.1, Max:  0.1, Diff:  0.1, Sum:  0.5, Workers: 8
[2025-05-20T20:21:42.691+0300][18492][12796][debug][gc,phases] GC(8)         Dead                           Min: 0, Avg: 37.5, Max: 171, Diff: 171, Sum: 300, Workers: 8
[2025-05-20T20:21:42.691+0300][18492][12796][debug][gc,phases] GC(8)         Total                          Min: 1856, Avg: 3482.2, Max: 6016, Diff: 4160, Sum: 27858, Workers: 8
[2025-05-20T20:21:42.691+0300][18492][12796][debug][gc,phases] GC(8)       ResolvedMethodTable Weak       Min:  0.0, Avg:  0.0, Max:  0.0, Diff:  0.0, Sum:  0.1, Workers: 8
[2025-05-20T20:21:42.691+0300][18492][12796][debug][gc,phases] GC(8)         Dead                           Min: 0, Avg:  0.0, Max: 0, Diff: 0, Sum: 0, Workers: 8
[2025-05-20T20:21:42.691+0300][18492][12796][debug][gc,phases] GC(8)         Total                          Min: 0, Avg: 218.9, Max: 448, Diff: 448, Sum: 1751, Workers: 8
[2025-05-20T20:21:42.691+0300][18492][12796][debug][gc,phases] GC(8)       JNI Weak                       Min:  0.0, Avg:  0.0, Max:  0.0, Diff:  0.0, Sum:  0.0, Workers: 8
[2025-05-20T20:21:42.691+0300][18492][12796][debug][gc,phases] GC(8)         Dead                           Min: 0, Avg:  0.0, Max: 0, Diff: 0, Sum: 0, Workers: 8
[2025-05-20T20:21:42.691+0300][18492][12796][debug][gc,phases] GC(8)         Total                          Min: 0, Avg:  0.0, Max: 0, Diff: 0, Sum: 0, Workers: 8
[2025-05-20T20:21:42.691+0300][18492][12796][debug][gc,phases] GC(8)       StringDedup Table Weak         Min:  0.0, Avg:  0.0, Max:  0.0, Diff:  0.0, Sum:  0.0, Workers: 8
[2025-05-20T20:21:42.691+0300][18492][12796][debug][gc,phases] GC(8)         Dead                           Min: 0, Avg:  0.0, Max: 0, Diff: 0, Sum: 0, Workers: 8
[2025-05-20T20:21:42.691+0300][18492][12796][debug][gc,phases] GC(8)         Total                          Min: 0, Avg:  0.0, Max: 0, Diff: 0, Sum: 0, Workers: 8
[2025-05-20T20:21:42.691+0300][18492][12796][debug][gc,phases] GC(8)       StringDedup Requests0 Weak     Min:  0.0, Avg:  0.0, Max:  0.0, Diff:  0.0, Sum:  0.0, Workers: 8
[2025-05-20T20:21:42.691+0300][18492][12796][debug][gc,phases] GC(8)         Dead                           Min: 0, Avg:  0.0, Max: 0, Diff: 0, Sum: 0, Workers: 8
[2025-05-20T20:21:42.691+0300][18492][12796][debug][gc,phases] GC(8)         Total                          Min: 0, Avg:  0.0, Max: 0, Diff: 0, Sum: 0, Workers: 8
[2025-05-20T20:21:42.691+0300][18492][12796][debug][gc,phases] GC(8)       StringDedup Requests1 Weak     Min:  0.0, Avg:  0.0, Max:  0.0, Diff:  0.0, Sum:  0.0, Workers: 8
[2025-05-20T20:21:42.691+0300][18492][12796][debug][gc,phases] GC(8)         Dead                           Min: 0, Avg:  0.0, Max: 0, Diff: 0, Sum: 0, Workers: 8
[2025-05-20T20:21:42.691+0300][18492][12796][debug][gc,phases] GC(8)         Total                          Min: 0, Avg:  0.0, Max: 0, Diff: 0, Sum: 0, Workers: 8
[2025-05-20T20:21:42.691+0300][18492][12796][debug][gc,phases] GC(8)       Weak JFR Old Object Samples    Min:  0.0, Avg:  0.0, Max:  0.0, Diff:  0.0, Sum:  0.0, Workers: 8
[2025-05-20T20:21:42.691+0300][18492][12796][debug][gc,phases] GC(8)         Dead                           Min: 0, Avg:  0.0, Max: 0, Diff: 0, Sum: 0, Workers: 8
[2025-05-20T20:21:42.691+0300][18492][12796][debug][gc,phases] GC(8)         Total                          Min: 0, Avg:  0.0, Max: 0, Diff: 0, Sum: 0, Workers: 8
[2025-05-20T20:21:42.691+0300][18492][12796][debug][gc,phases] GC(8)     Post Evacuate Cleanup 1: 1.8ms
[2025-05-20T20:21:42.691+0300][18492][12796][debug][gc,phases] GC(8)       Merge Per-Thread State (ms):   Min:  0.1, Avg:  0.1, Max:  0.1, Diff:  0.0, Sum:  0.1, Workers: 1
[2025-05-20T20:21:42.691+0300][18492][12796][debug][gc,phases] GC(8)         Copied Bytes                   Min: 87328, Avg: 290778.0, Max: 1056208, Diff: 968880, Sum: 2326224, Workers: 8
[2025-05-20T20:21:42.691+0300][18492][12796][debug][gc,phases] GC(8)         LAB Waste                      Min: 0, Avg: 19.0, Max: 72, Diff: 72, Sum: 152, Workers: 8
[2025-05-20T20:21:42.691+0300][18492][12796][debug][gc,phases] GC(8)         LAB Undo Waste                 Min: 0, Avg:  0.0, Max: 0, Diff: 0, Sum: 0, Workers: 8
[2025-05-20T20:21:42.691+0300][18492][12796][debug][gc,phases] GC(8)       Clear Logged Cards (ms):       Min:  0.0, Avg:  0.7, Max:  1.6, Diff:  1.6, Sum:  4.9, Workers: 7
[2025-05-20T20:21:42.691+0300][18492][12796][debug][gc,phases] GC(8)       Recalculate Used Memory (ms):  Min:  0.0, Avg:  0.0, Max:  0.0, Diff:  0.0, Sum:  0.0, Workers: 1
[2025-05-20T20:21:42.691+0300][18492][12796][debug][gc,phases] GC(8)     Post Evacuate Cleanup 2: 0.4ms
[2025-05-20T20:21:42.691+0300][18492][12796][debug][gc,phases] GC(8)       Update Derived Pointers (ms):  Min:  0.0, Avg:  0.0, Max:  0.0, Diff:  0.0, Sum:  0.0, Workers: 1
[2025-05-20T20:21:42.691+0300][18492][12796][debug][gc,phases] GC(8)       Eagerly Reclaim Humongous Objects (ms): skipped
[2025-05-20T20:21:42.691+0300][18492][12796][debug][gc,phases] GC(8)         Humongous Total                skipped
[2025-05-20T20:21:42.691+0300][18492][12796][debug][gc,phases] GC(8)         Humongous Candidates           skipped
[2025-05-20T20:21:42.691+0300][18492][12796][debug][gc,phases] GC(8)         Humongous Reclaimed            skipped
[2025-05-20T20:21:42.691+0300][18492][12796][debug][gc,phases] GC(8)       Redirty Logged Cards (ms):     Min:  0.0, Avg:  0.0, Max:  0.0, Diff:  0.0, Sum:  0.0, Workers: 8
[2025-05-20T20:21:42.691+0300][18492][12796][debug][gc,phases] GC(8)         Redirtied Cards:               Min: 0, Avg: 41.2, Max: 225, Diff: 225, Sum: 330, Workers: 8
[2025-05-20T20:21:42.691+0300][18492][12796][debug][gc,phases] GC(8)       Resize TLABs (ms):             Min:  0.0, Avg:  0.0, Max:  0.0, Diff:  0.0, Sum:  0.0, Workers: 8
[2025-05-20T20:21:42.691+0300][18492][12796][debug][gc,phases] GC(8)       Free Collection Set (ms):      Min:  0.2, Avg:  0.2, Max:  0.3, Diff:  0.1, Sum:  1.9, Workers: 8
[2025-05-20T20:21:42.691+0300][18492][12796][debug][gc,phases] GC(8)     Rebuild Free List: 0.2ms
[2025-05-20T20:21:42.691+0300][18492][12796][debug][gc,phases] GC(8)     Prepare For Mutator: 0.0ms
[2025-05-20T20:21:42.691+0300][18492][12796][debug][gc,phases] GC(8)     Expand Heap After Collection: 0.0ms
[2025-05-20T20:21:42.691+0300][18492][12796][info ][gc,phases] GC(8)   Other: 0.2ms
[2025-05-20T20:21:42.691+0300][18492][12796][info ][gc,heap  ] GC(8) Eden regions: 1228->0(1226)
[2025-05-20T20:21:42.691+0300][18492][12796][info ][gc,heap  ] GC(8) Survivor regions: 0->2(154)
[2025-05-20T20:21:42.691+0300][18492][12796][info ][gc,heap  ] GC(8) Old regions: 11->11
[2025-05-20T20:21:42.691+0300][18492][12796][info ][gc,heap  ] GC(8) Humongous regions: 0->0
[2025-05-20T20:21:42.691+0300][18492][12796][debug][gc,heap  ] GC(8) Heap after GC invocations=9 (full 2):
[2025-05-20T20:21:42.691+0300][18492][12796][debug][gc,heap  ] GC(8)  garbage-first heap   total 4194304K, used 16930K [0x0000000700000000, 0x0000000800000000)
[2025-05-20T20:21:42.691+0300][18492][12796][debug][gc,heap  ] GC(8)   region size 2048K, 2 young (4096K), 2 survivors (4096K)
[2025-05-20T20:21:42.691+0300][18492][12796][debug][gc,heap  ] GC(8)  Metaspace       used 34352K, committed 35456K, reserved 1114112K
[2025-05-20T20:21:42.691+0300][18492][12796][debug][gc,heap  ] GC(8)   class space    used 2863K, committed 3328K, reserved 1048576K
[2025-05-20T20:21:42.691+0300][18492][12796][info ][gc       ] GC(8) Pause Young (Normal) (G1 Evacuation Pause) 2469M->16M(4096M) 7.724ms
[2025-05-20T20:21:42.691+0300][18492][12796][info ][safepoint] Safepoint "G1CollectForAllocation", Time since last: 50462800 ns, Reaching safepoint: 109200 ns, Cleanup: 7000 ns, At safepoint: 7758100 ns, Total: 7874300 ns
[2025-05-20T20:21:54.762+0300][18492][12796][debug][safepoint] Safepoint synchronization initiated using striped semaphore wait barrier. (32 threads)
[2025-05-20T20:21:54.762+0300][18492][20656][debug][safepoint] ... found polling page loop exception at pc = 0x000002b087e9a35e, stub =0x000002b087586600
[2025-05-20T20:21:54.762+0300][18492][12796][info ][safepoint] Safepoint "Cleanup", Time since last: 12066634400 ns, Reaching safepoint: 127700 ns, Cleanup: 26000 ns, At safepoint: 7900 ns, Total: 161600 ns
[2025-05-20T20:21:58.778+0300][18492][12796][debug][safepoint] Safepoint synchronization initiated using striped semaphore wait barrier. (32 threads)
[2025-05-20T20:21:58.778+0300][18492][12796][info ][safepoint] Safepoint "Cleanup", Time since last: 4016078800 ns, Reaching safepoint: 109100 ns, Cleanup: 21800 ns, At safepoint: 17300 ns, Total: 148200 ns
[2025-05-20T20:22:01.793+0300][18492][12796][debug][safepoint] Safepoint synchronization initiated using striped semaphore wait barrier. (32 threads)
[2025-05-20T20:22:01.793+0300][18492][20916][debug][safepoint] ... found polling page loop exception at pc = 0x000002b08816de7d, stub =0x000002b087586600
[2025-05-20T20:22:01.793+0300][18492][21316][debug][safepoint] ... found polling page loop exception at pc = 0x000002b08808e7fa, stub =0x000002b087586600
[2025-05-20T20:22:01.793+0300][18492][22176][debug][safepoint] ... found polling page loop exception at pc = 0x000002b0885a0cc2, stub =0x000002b087586600
[2025-05-20T20:22:01.793+0300][18492][12796][info ][safepoint] Safepoint "Cleanup", Time since last: 3015437300 ns, Reaching safepoint: 633500 ns, Cleanup: 35100 ns, At safepoint: 27300 ns, Total: 695900 ns
[2025-05-20T20:22:12.598+0300][18492][12796][debug][safepoint] Safepoint synchronization initiated using striped semaphore wait barrier. (32 threads)
[2025-05-20T20:22:12.598+0300][18492][12796][info ][safepoint] Safepoint "Cleanup", Time since last: 10803998000 ns, Reaching safepoint: 172300 ns, Cleanup: 38200 ns, At safepoint: 30800 ns, Total: 241300 ns
[2025-05-20T20:22:15.624+0300][18492][12796][debug][safepoint] Safepoint synchronization initiated using striped semaphore wait barrier. (32 threads)
[2025-05-20T20:22:15.624+0300][18492][12796][info ][safepoint] Safepoint "Cleanup", Time since last: 3025240400 ns, Reaching safepoint: 192500 ns, Cleanup: 35000 ns, At safepoint: 30700 ns, Total: 258200 ns
[2025-05-20T20:22:58.980+0300][18492][12796][debug][safepoint] Safepoint synchronization initiated using striped semaphore wait barrier. (32 threads)
[2025-05-20T20:22:58.980+0300][18492][12796][info ][safepoint] Safepoint "Cleanup", Time since last: 43356250600 ns, Reaching safepoint: 158300 ns, Cleanup: 30600 ns, At safepoint: 17400 ns, Total: 206300 ns
[2025-05-20T20:23:07.980+0300][18492][12796][debug][safepoint] Safepoint synchronization initiated using striped semaphore wait barrier. (32 threads)
[2025-05-20T20:23:07.980+0300][18492][13384][debug][safepoint] ... found polling page loop exception at pc = 0x000002b0882977b7, stub =0x000002b087585d80
[2025-05-20T20:23:07.980+0300][18492][12796][debug][gc,heap  ] GC(9) Heap before GC invocations=9 (full 2):
[2025-05-20T20:23:07.980+0300][18492][12796][debug][gc,heap  ] GC(9)  garbage-first heap   total 4194304K, used 2527778K [0x0000000700000000, 0x0000000800000000)
[2025-05-20T20:23:07.980+0300][18492][12796][debug][gc,heap  ] GC(9)   region size 2048K, 1228 young (2514944K), 2 survivors (4096K)
[2025-05-20T20:23:07.980+0300][18492][12796][debug][gc,heap  ] GC(9)  Metaspace       used 34366K, committed 35456K, reserved 1114112K
[2025-05-20T20:23:07.980+0300][18492][12796][debug][gc,heap  ] GC(9)   class space    used 2863K, committed 3328K, reserved 1048576K
[2025-05-20T20:23:07.984+0300][18492][12796][info ][gc,phases] GC(9)   Pre Evacuate Collection Set: 0.6ms
[2025-05-20T20:23:07.984+0300][18492][12796][debug][gc,phases] GC(9)     Pre Evacuate Prepare: 0.2ms
[2025-05-20T20:23:07.984+0300][18492][12796][debug][gc,phases] GC(9)       JT Retire TLABs And Flush Logs (ms): Min:  0.0, Avg:  0.0, Max:  0.0, Diff:  0.0, Sum:  0.0, Workers: 2
[2025-05-20T20:23:07.984+0300][18492][12796][debug][gc,phases] GC(9)       Non-JT Flush Logs (ms):        Min:  0.0, Avg:  0.0, Max:  0.0, Diff:  0.0, Sum:  0.0, Workers: 1
[2025-05-20T20:23:07.984+0300][18492][12796][debug][gc,phases] GC(9)     Choose Collection Set: 0.0ms
[2025-05-20T20:23:07.984+0300][18492][12796][debug][gc,phases] GC(9)     Region Register: 0.3ms
[2025-05-20T20:23:07.984+0300][18492][12796][debug][gc,phases] GC(9)     Prepare Heap Roots: 0.0ms
[2025-05-20T20:23:07.984+0300][18492][12796][info ][gc,phases] GC(9)   Merge Heap Roots: 0.4ms
[2025-05-20T20:23:07.984+0300][18492][12796][debug][gc,phases] GC(9)     Prepare Merge Heap Roots: 0.0ms
[2025-05-20T20:23:07.984+0300][18492][12796][debug][gc,phases] GC(9)     Remembered Sets (ms):          Min:  0.1, Avg:  0.1, Max:  0.2, Diff:  0.1, Sum:  1.0, Workers: 8
[2025-05-20T20:23:07.984+0300][18492][12796][debug][gc,phases] GC(9)       Eager Reclaim (ms):            skipped
[2025-05-20T20:23:07.984+0300][18492][12796][debug][gc,phases] GC(9)       Merged Inline                  Min: 0, Avg:  0.0, Max: 0, Diff: 0, Sum: 0, Workers: 8
[2025-05-20T20:23:07.984+0300][18492][12796][debug][gc,phases] GC(9)       Merged ArrayOfCards            Min: 0, Avg:  0.0, Max: 0, Diff: 0, Sum: 0, Workers: 8
[2025-05-20T20:23:07.984+0300][18492][12796][debug][gc,phases] GC(9)       Merged Howl                    Min: 0, Avg:  0.0, Max: 0, Diff: 0, Sum: 0, Workers: 8
[2025-05-20T20:23:07.984+0300][18492][12796][debug][gc,phases] GC(9)       Merged Full                    Min: 0, Avg:  0.0, Max: 0, Diff: 0, Sum: 0, Workers: 8
[2025-05-20T20:23:07.984+0300][18492][12796][debug][gc,phases] GC(9)       Merged Howl Inline             Min: 0, Avg:  0.0, Max: 0, Diff: 0, Sum: 0, Workers: 8
[2025-05-20T20:23:07.984+0300][18492][12796][debug][gc,phases] GC(9)       Merged Howl ArrayOfCards       Min: 0, Avg:  0.0, Max: 0, Diff: 0, Sum: 0, Workers: 8
[2025-05-20T20:23:07.984+0300][18492][12796][debug][gc,phases] GC(9)       Merged Howl BitMap             Min: 0, Avg:  0.0, Max: 0, Diff: 0, Sum: 0, Workers: 8
[2025-05-20T20:23:07.984+0300][18492][12796][debug][gc,phases] GC(9)       Merged Howl Full               Min: 0, Avg:  0.0, Max: 0, Diff: 0, Sum: 0, Workers: 8
[2025-05-20T20:23:07.984+0300][18492][12796][debug][gc,phases] GC(9)       Merged Cards                   Min: 8, Avg:  8.0, Max: 8, Diff: 0, Sum: 64, Workers: 8
[2025-05-20T20:23:07.984+0300][18492][12796][debug][gc,phases] GC(9)     Log Buffers (ms):              Min:  0.0, Avg:  0.0, Max:  0.0, Diff:  0.0, Sum:  0.0, Workers: 8
[2025-05-20T20:23:07.984+0300][18492][12796][debug][gc,phases] GC(9)       Dirty Cards:                   Min: 0, Avg: 62.6, Max: 365, Diff: 365, Sum: 501, Workers: 8
[2025-05-20T20:23:07.984+0300][18492][12796][debug][gc,phases] GC(9)       Skipped Cards:                 Min: 0, Avg:  0.0, Max: 0, Diff: 0, Sum: 0, Workers: 8
[2025-05-20T20:23:07.984+0300][18492][12796][info ][gc,phases] GC(9)   Evacuate Collection Set: 2.9ms
[2025-05-20T20:23:07.984+0300][18492][12796][debug][gc,phases] GC(9)     Ext Root Scanning (ms):        Min:  0.0, Avg:  0.2, Max:  0.5, Diff:  0.4, Sum:  1.2, Workers: 8
[2025-05-20T20:23:07.984+0300][18492][12796][debug][gc,phases] GC(9)     Scan Heap Roots (ms):          Min:  0.0, Avg:  0.1, Max:  0.2, Diff:  0.2, Sum:  1.0, Workers: 8
[2025-05-20T20:23:07.984+0300][18492][12796][debug][gc,phases] GC(9)       Scanned Cards:                 Min: 0, Avg: 62.0, Max: 141, Diff: 141, Sum: 496, Workers: 8
[2025-05-20T20:23:07.984+0300][18492][12796][debug][gc,phases] GC(9)       Scanned Blocks:                Min: 0, Avg: 35.0, Max: 73, Diff: 73, Sum: 280, Workers: 8
[2025-05-20T20:23:07.984+0300][18492][12796][debug][gc,phases] GC(9)       Claimed Chunks:                Min: 0, Avg: 17.6, Max: 37, Diff: 37, Sum: 141, Workers: 8
[2025-05-20T20:23:07.984+0300][18492][12796][debug][gc,phases] GC(9)       Found Roots:                   Min: 0, Avg: 257.9, Max: 878, Diff: 878, Sum: 2063, Workers: 8
[2025-05-20T20:23:07.984+0300][18492][12796][debug][gc,phases] GC(9)     Code Root Scan (ms):           Min:  0.2, Avg:  0.8, Max:  1.1, Diff:  0.9, Sum:  6.7, Workers: 8
[2025-05-20T20:23:07.984+0300][18492][12796][debug][gc,phases] GC(9)       Scanned Nmethods               Min: 0, Avg: 59.0, Max: 94, Diff: 94, Sum: 472, Workers: 8
[2025-05-20T20:23:07.984+0300][18492][12796][debug][gc,phases] GC(9)     Object Copy (ms):              Min:  0.5, Avg:  0.9, Max:  1.9, Diff:  1.4, Sum:  7.5, Workers: 8
[2025-05-20T20:23:07.984+0300][18492][12796][debug][gc,phases] GC(9)     Termination (ms):              Min:  0.0, Avg:  0.3, Max:  0.4, Diff:  0.4, Sum:  2.6, Workers: 8
[2025-05-20T20:23:07.984+0300][18492][12796][debug][gc,phases] GC(9)       Termination Attempts:          Min: 1, Avg:  1.0, Max: 1, Diff: 0, Sum: 8, Workers: 8
[2025-05-20T20:23:07.984+0300][18492][12796][debug][gc,phases] GC(9)     GC Worker Other (ms):          Min:  0.2, Avg:  0.2, Max:  0.3, Diff:  0.1, Sum:  2.0, Workers: 8
[2025-05-20T20:23:07.984+0300][18492][12796][debug][gc,phases] GC(9)     GC Worker Total (ms):          Min:  2.6, Avg:  2.6, Max:  2.7, Diff:  0.1, Sum: 21.0, Workers: 8
[2025-05-20T20:23:07.984+0300][18492][12796][info ][gc,phases] GC(9)   Post Evacuate Collection Set: 1.6ms
[2025-05-20T20:23:07.984+0300][18492][12796][debug][gc,phases] GC(9)     NMethod List Cleanup: 0.1ms
[2025-05-20T20:23:07.984+0300][18492][12796][debug][gc,phases] GC(9)     Reference Processing: 0.1ms
[2025-05-20T20:23:07.984+0300][18492][12796][debug][gc,phases] GC(9)     Weak Processing: 0.2ms
[2025-05-20T20:23:07.984+0300][18492][12796][debug][gc,phases] GC(9)       VM Weak                        Min:  0.0, Avg:  0.0, Max:  0.0, Diff:  0.0, Sum:  0.0, Workers: 8
[2025-05-20T20:23:07.984+0300][18492][12796][debug][gc,phases] GC(9)         Dead                           Min: 0, Avg:  0.0, Max: 0, Diff: 0, Sum: 0, Workers: 8
[2025-05-20T20:23:07.984+0300][18492][12796][debug][gc,phases] GC(9)         Total                          Min: 0, Avg: 49.5, Max: 379, Diff: 379, Sum: 396, Workers: 8
[2025-05-20T20:23:07.984+0300][18492][12796][debug][gc,phases] GC(9)       ObjectSynchronizer Weak        Min:  0.0, Avg:  0.0, Max:  0.0, Diff:  0.0, Sum:  0.0, Workers: 8
[2025-05-20T20:23:07.984+0300][18492][12796][debug][gc,phases] GC(9)         Dead                           Min: 0, Avg:  0.0, Max: 0, Diff: 0, Sum: 0, Workers: 8
[2025-05-20T20:23:07.984+0300][18492][12796][debug][gc,phases] GC(9)         Total                          Min: 0, Avg:  1.1, Max: 9, Diff: 9, Sum: 9, Workers: 8
[2025-05-20T20:23:07.984+0300][18492][12796][debug][gc,phases] GC(9)       JVMTI Tag Weak OopStorage      Min:  0.0, Avg:  0.0, Max:  0.0, Diff:  0.0, Sum:  0.0, Workers: 8
[2025-05-20T20:23:07.984+0300][18492][12796][debug][gc,phases] GC(9)         Dead                           Min: 0, Avg:  0.0, Max: 0, Diff: 0, Sum: 0, Workers: 8
[2025-05-20T20:23:07.984+0300][18492][12796][debug][gc,phases] GC(9)         Total                          Min: 0, Avg:  0.0, Max: 0, Diff: 0, Sum: 0, Workers: 8
[2025-05-20T20:23:07.984+0300][18492][12796][debug][gc,phases] GC(9)       StringTable Weak               Min:  0.0, Avg:  0.1, Max:  0.1, Diff:  0.1, Sum:  0.5, Workers: 8
[2025-05-20T20:23:07.984+0300][18492][12796][debug][gc,phases] GC(9)         Dead                           Min: 0, Avg:  0.0, Max: 0, Diff: 0, Sum: 0, Workers: 8
[2025-05-20T20:23:07.984+0300][18492][12796][debug][gc,phases] GC(9)         Total                          Min: 1024, Avg: 3483.9, Max: 7615, Diff: 6591, Sum: 27871, Workers: 8
[2025-05-20T20:23:07.984+0300][18492][12796][debug][gc,phases] GC(9)       ResolvedMethodTable Weak       Min:  0.0, Avg:  0.0, Max:  0.0, Diff:  0.0, Sum:  0.0, Workers: 8
[2025-05-20T20:23:07.984+0300][18492][12796][debug][gc,phases] GC(9)         Dead                           Min: 0, Avg:  0.1, Max: 1, Diff: 1, Sum: 1, Workers: 8
[2025-05-20T20:23:07.984+0300][18492][12796][debug][gc,phases] GC(9)         Total                          Min: 64, Avg: 218.9, Max: 319, Diff: 255, Sum: 1751, Workers: 8
[2025-05-20T20:23:07.984+0300][18492][12796][debug][gc,phases] GC(9)       JNI Weak                       Min:  0.0, Avg:  0.0, Max:  0.0, Diff:  0.0, Sum:  0.0, Workers: 8
[2025-05-20T20:23:07.984+0300][18492][12796][debug][gc,phases] GC(9)         Dead                           Min: 0, Avg:  0.0, Max: 0, Diff: 0, Sum: 0, Workers: 8
[2025-05-20T20:23:07.984+0300][18492][12796][debug][gc,phases] GC(9)         Total                          Min: 0, Avg:  0.0, Max: 0, Diff: 0, Sum: 0, Workers: 8
[2025-05-20T20:23:07.984+0300][18492][12796][debug][gc,phases] GC(9)       StringDedup Table Weak         Min:  0.0, Avg:  0.0, Max:  0.0, Diff:  0.0, Sum:  0.0, Workers: 8
[2025-05-20T20:23:07.984+0300][18492][12796][debug][gc,phases] GC(9)         Dead                           Min: 0, Avg:  0.0, Max: 0, Diff: 0, Sum: 0, Workers: 8
[2025-05-20T20:23:07.984+0300][18492][12796][debug][gc,phases] GC(9)         Total                          Min: 0, Avg:  0.0, Max: 0, Diff: 0, Sum: 0, Workers: 8
[2025-05-20T20:23:07.984+0300][18492][12796][debug][gc,phases] GC(9)       StringDedup Requests0 Weak     Min:  0.0, Avg:  0.0, Max:  0.0, Diff:  0.0, Sum:  0.0, Workers: 8
[2025-05-20T20:23:07.984+0300][18492][12796][debug][gc,phases] GC(9)         Dead                           Min: 0, Avg:  0.0, Max: 0, Diff: 0, Sum: 0, Workers: 8
[2025-05-20T20:23:07.984+0300][18492][12796][debug][gc,phases] GC(9)         Total                          Min: 0, Avg:  0.0, Max: 0, Diff: 0, Sum: 0, Workers: 8
[2025-05-20T20:23:07.984+0300][18492][12796][debug][gc,phases] GC(9)       StringDedup Requests1 Weak     Min:  0.0, Avg:  0.0, Max:  0.0, Diff:  0.0, Sum:  0.0, Workers: 8
[2025-05-20T20:23:07.984+0300][18492][12796][debug][gc,phases] GC(9)         Dead                           Min: 0, Avg:  0.0, Max: 0, Diff: 0, Sum: 0, Workers: 8
[2025-05-20T20:23:07.984+0300][18492][12796][debug][gc,phases] GC(9)         Total                          Min: 0, Avg:  0.0, Max: 0, Diff: 0, Sum: 0, Workers: 8
[2025-05-20T20:23:07.984+0300][18492][12796][debug][gc,phases] GC(9)       Weak JFR Old Object Samples    Min:  0.0, Avg:  0.0, Max:  0.0, Diff:  0.0, Sum:  0.0, Workers: 8
[2025-05-20T20:23:07.984+0300][18492][12796][debug][gc,phases] GC(9)         Dead                           Min: 0, Avg:  0.0, Max: 0, Diff: 0, Sum: 0, Workers: 8
[2025-05-20T20:23:07.984+0300][18492][12796][debug][gc,phases] GC(9)         Total                          Min: 0, Avg:  0.0, Max: 0, Diff: 0, Sum: 0, Workers: 8
[2025-05-20T20:23:07.984+0300][18492][12796][debug][gc,phases] GC(9)     Post Evacuate Cleanup 1: 0.6ms
[2025-05-20T20:23:07.984+0300][18492][12796][debug][gc,phases] GC(9)       Merge Per-Thread State (ms):   Min:  0.1, Avg:  0.1, Max:  0.1, Diff:  0.0, Sum:  0.1, Workers: 1
[2025-05-20T20:23:07.984+0300][18492][12796][debug][gc,phases] GC(9)         Copied Bytes                   Min: 106680, Avg: 290929.0, Max: 986464, Diff: 879784, Sum: 2327432, Workers: 8
[2025-05-20T20:23:07.984+0300][18492][12796][debug][gc,phases] GC(9)         LAB Waste                      Min: 16, Avg: 339.0, Max: 1584, Diff: 1568, Sum: 2712, Workers: 8
[2025-05-20T20:23:07.984+0300][18492][12796][debug][gc,phases] GC(9)         LAB Undo Waste                 Min: 0, Avg:  0.0, Max: 0, Diff: 0, Sum: 0, Workers: 8
[2025-05-20T20:23:07.984+0300][18492][12796][debug][gc,phases] GC(9)       Clear Logged Cards (ms):       Min:  0.0, Avg:  0.2, Max:  0.4, Diff:  0.4, Sum:  1.5, Workers: 7
[2025-05-20T20:23:07.984+0300][18492][12796][debug][gc,phases] GC(9)       Recalculate Used Memory (ms):  Min:  0.0, Avg:  0.0, Max:  0.0, Diff:  0.0, Sum:  0.0, Workers: 1
[2025-05-20T20:23:07.984+0300][18492][12796][debug][gc,phases] GC(9)     Post Evacuate Cleanup 2: 0.5ms
[2025-05-20T20:23:07.984+0300][18492][12796][debug][gc,phases] GC(9)       Update Derived Pointers (ms):  Min:  0.0, Avg:  0.0, Max:  0.0, Diff:  0.0, Sum:  0.0, Workers: 1
[2025-05-20T20:23:07.984+0300][18492][12796][debug][gc,phases] GC(9)       Eagerly Reclaim Humongous Objects (ms): skipped
[2025-05-20T20:23:07.984+0300][18492][12796][debug][gc,phases] GC(9)         Humongous Total                skipped
[2025-05-20T20:23:07.984+0300][18492][12796][debug][gc,phases] GC(9)         Humongous Candidates           skipped
[2025-05-20T20:23:07.984+0300][18492][12796][debug][gc,phases] GC(9)         Humongous Reclaimed            skipped
[2025-05-20T20:23:07.984+0300][18492][12796][debug][gc,phases] GC(9)       Redirty Logged Cards (ms):     Min:  0.0, Avg:  0.0, Max:  0.0, Diff:  0.0, Sum:  0.0, Workers: 8
[2025-05-20T20:23:07.984+0300][18492][12796][debug][gc,phases] GC(9)         Redirtied Cards:               Min: 0, Avg: 39.0, Max: 185, Diff: 185, Sum: 312, Workers: 8
[2025-05-20T20:23:07.984+0300][18492][12796][debug][gc,phases] GC(9)       Resize TLABs (ms):             Min:  0.0, Avg:  0.0, Max:  0.0, Diff:  0.0, Sum:  0.0, Workers: 8
[2025-05-20T20:23:07.984+0300][18492][12796][debug][gc,phases] GC(9)       Free Collection Set (ms):      Min:  0.2, Avg:  0.3, Max:  0.3, Diff:  0.1, Sum:  2.2, Workers: 8
[2025-05-20T20:23:07.984+0300][18492][12796][debug][gc,phases] GC(9)     Rebuild Free List: 0.2ms
[2025-05-20T20:23:07.984+0300][18492][12796][debug][gc,phases] GC(9)     Prepare For Mutator: 0.0ms
[2025-05-20T20:23:07.984+0300][18492][12796][debug][gc,phases] GC(9)     Expand Heap After Collection: 0.0ms
[2025-05-20T20:23:07.984+0300][18492][12796][info ][gc,phases] GC(9)   Other: 0.2ms
[2025-05-20T20:23:07.984+0300][18492][12796][info ][gc,heap  ] GC(9) Eden regions: 1226->0(1226)
[2025-05-20T20:23:07.984+0300][18492][12796][info ][gc,heap  ] GC(9) Survivor regions: 2->2(154)
[2025-05-20T20:23:07.984+0300][18492][12796][info ][gc,heap  ] GC(9) Old regions: 11->11
[2025-05-20T20:23:07.984+0300][18492][12796][info ][gc,heap  ] GC(9) Humongous regions: 0->0
[2025-05-20T20:23:07.984+0300][18492][12796][debug][gc,heap  ] GC(9) Heap after GC invocations=10 (full 2):
[2025-05-20T20:23:07.984+0300][18492][12796][debug][gc,heap  ] GC(9)  garbage-first heap   total 4194304K, used 16571K [0x0000000700000000, 0x0000000800000000)
[2025-05-20T20:23:07.984+0300][18492][12796][debug][gc,heap  ] GC(9)   region size 2048K, 2 young (4096K), 2 survivors (4096K)
[2025-05-20T20:23:07.984+0300][18492][12796][debug][gc,heap  ] GC(9)  Metaspace       used 34366K, committed 35456K, reserved 1114112K
[2025-05-20T20:23:07.984+0300][18492][12796][debug][gc,heap  ] GC(9)   class space    used 2863K, committed 3328K, reserved 1048576K
[2025-05-20T20:23:07.984+0300][18492][12796][info ][gc       ] GC(9) Pause Young (Normal) (G1 Evacuation Pause) 2468M->16M(4096M) 7.433ms
[2025-05-20T20:23:07.984+0300][18492][12796][info ][safepoint] Safepoint "G1CollectForAllocation", Time since last: 8999593700 ns, Reaching safepoint: 241600 ns, Cleanup: 18400 ns, At safepoint: 7511700 ns, Total: 7771700 ns
[2025-05-20T20:23:10.004+0300][18492][12796][debug][safepoint] Safepoint synchronization initiated using striped semaphore wait barrier. (32 threads)
[2025-05-20T20:23:10.004+0300][18492][12796][info ][safepoint] Safepoint "Cleanup", Time since last: 2016489200 ns, Reaching safepoint: 117200 ns, Cleanup: 25900 ns, At safepoint: 2600 ns, Total: 145700 ns
[2025-05-20T20:23:23.140+0300][18492][12796][debug][safepoint] Safepoint synchronization initiated using striped semaphore wait barrier. (32 threads)
[2025-05-20T20:23:23.140+0300][18492][12796][info ][safepoint] Safepoint "Cleanup", Time since last: 13135401700 ns, Reaching safepoint: 199500 ns, Cleanup: 31900 ns, At safepoint: 17000 ns, Total: 248400 ns
[2025-05-20T20:23:24.412+0300][18492][12796][debug][safepoint] Safepoint synchronization initiated using striped semaphore wait barrier. (24 threads)
[2025-05-20T20:23:24.412+0300][18492][12796][debug][gc,heap  ] GC(10) Heap before GC invocations=10 (full 2):
[2025-05-20T20:23:24.412+0300][18492][12796][debug][gc,heap  ] GC(10)  garbage-first heap   total 4194304K, used 495803K [0x0000000700000000, 0x0000000800000000)
[2025-05-20T20:23:24.412+0300][18492][12796][debug][gc,heap  ] GC(10)   region size 2048K, 238 young (487424K), 2 survivors (4096K)
[2025-05-20T20:23:24.412+0300][18492][12796][debug][gc,heap  ] GC(10)  Metaspace       used 34381K, committed 35456K, reserved 1114112K
[2025-05-20T20:23:24.412+0300][18492][12796][debug][gc,heap  ] GC(10)   class space    used 2864K, committed 3328K, reserved 1048576K
[2025-05-20T20:23:24.416+0300][18492][12796][debug][gc,phases] GC(10) Phase 1: Reference Processing 0.365ms
[2025-05-20T20:23:24.416+0300][18492][12796][debug][gc,phases] GC(10)   VM Weak                        Min:  0.0, Avg:  0.0, Max:  0.0, Diff:  0.0, Sum:  0.0, Workers: 8
[2025-05-20T20:23:24.416+0300][18492][12796][debug][gc,phases] GC(10)     Dead                           Min: 0, Avg:  5.8, Max: 34, Diff: 34, Sum: 46, Workers: 8
[2025-05-20T20:23:24.416+0300][18492][12796][debug][gc,phases] GC(10)     Total                          Min: 0, Avg: 49.6, Max: 252, Diff: 252, Sum: 397, Workers: 8
[2025-05-20T20:23:24.416+0300][18492][12796][debug][gc,phases] GC(10)   ObjectSynchronizer Weak        Min:  0.0, Avg:  0.0, Max:  0.0, Diff:  0.0, Sum:  0.0, Workers: 8
[2025-05-20T20:23:24.416+0300][18492][12796][debug][gc,phases] GC(10)     Dead                           Min: 0, Avg:  0.8, Max: 6, Diff: 6, Sum: 6, Workers: 8
[2025-05-20T20:23:24.416+0300][18492][12796][debug][gc,phases] GC(10)     Total                          Min: 0, Avg:  2.8, Max: 22, Diff: 22, Sum: 22, Workers: 8
[2025-05-20T20:23:24.416+0300][18492][12796][debug][gc,phases] GC(10)   JVMTI Tag Weak OopStorage      Min:  0.0, Avg:  0.0, Max:  0.0, Diff:  0.0, Sum:  0.0, Workers: 8
[2025-05-20T20:23:24.416+0300][18492][12796][debug][gc,phases] GC(10)     Dead                           Min: 0, Avg:  0.0, Max: 0, Diff: 0, Sum: 0, Workers: 8
[2025-05-20T20:23:24.416+0300][18492][12796][debug][gc,phases] GC(10)     Total                          Min: 0, Avg:  0.0, Max: 0, Diff: 0, Sum: 0, Workers: 8
[2025-05-20T20:23:24.416+0300][18492][12796][debug][gc,phases] GC(10)   StringTable Weak               Min:  0.0, Avg:  0.0, Max:  0.1, Diff:  0.1, Sum:  0.3, Workers: 8
[2025-05-20T20:23:24.416+0300][18492][12796][debug][gc,phases] GC(10)     Dead                           Min: 0, Avg: 161.1, Max: 443, Diff: 443, Sum: 1289, Workers: 8
[2025-05-20T20:23:24.416+0300][18492][12796][debug][gc,phases] GC(10)     Total                          Min: 0, Avg: 3483.9, Max: 6784, Diff: 6784, Sum: 27871, Workers: 8
[2025-05-20T20:23:24.416+0300][18492][12796][debug][gc,phases] GC(10)   ResolvedMethodTable Weak       Min:  0.0, Avg:  0.0, Max:  0.0, Diff:  0.0, Sum:  0.0, Workers: 8
[2025-05-20T20:23:24.416+0300][18492][12796][debug][gc,phases] GC(10)     Dead                           Min: 0, Avg:  9.2, Max: 30, Diff: 30, Sum: 74, Workers: 8
[2025-05-20T20:23:24.416+0300][18492][12796][debug][gc,phases] GC(10)     Total                          Min: 0, Avg: 219.1, Max: 320, Diff: 320, Sum: 1753, Workers: 8
[2025-05-20T20:23:24.416+0300][18492][12796][debug][gc,phases] GC(10)   JNI Weak                       Min:  0.0, Avg:  0.0, Max:  0.0, Diff:  0.0, Sum:  0.0, Workers: 8
[2025-05-20T20:23:24.416+0300][18492][12796][debug][gc,phases] GC(10)     Dead                           Min: 0, Avg:  0.0, Max: 0, Diff: 0, Sum: 0, Workers: 8
[2025-05-20T20:23:24.416+0300][18492][12796][debug][gc,phases] GC(10)     Total                          Min: 0, Avg:  0.1, Max: 1, Diff: 1, Sum: 1, Workers: 8
[2025-05-20T20:23:24.416+0300][18492][12796][debug][gc,phases] GC(10)   StringDedup Table Weak         Min:  0.0, Avg:  0.0, Max:  0.0, Diff:  0.0, Sum:  0.0, Workers: 8
[2025-05-20T20:23:24.416+0300][18492][12796][debug][gc,phases] GC(10)     Dead                           Min: 0, Avg:  0.0, Max: 0, Diff: 0, Sum: 0, Workers: 8
[2025-05-20T20:23:24.416+0300][18492][12796][debug][gc,phases] GC(10)     Total                          Min: 0, Avg:  0.0, Max: 0, Diff: 0, Sum: 0, Workers: 8
[2025-05-20T20:23:24.416+0300][18492][12796][debug][gc,phases] GC(10)   StringDedup Requests0 Weak     Min:  0.0, Avg:  0.0, Max:  0.0, Diff:  0.0, Sum:  0.0, Workers: 8
[2025-05-20T20:23:24.416+0300][18492][12796][debug][gc,phases] GC(10)     Dead                           Min: 0, Avg:  0.0, Max: 0, Diff: 0, Sum: 0, Workers: 8
[2025-05-20T20:23:24.416+0300][18492][12796][debug][gc,phases] GC(10)     Total                          Min: 0, Avg:  0.0, Max: 0, Diff: 0, Sum: 0, Workers: 8
[2025-05-20T20:23:24.416+0300][18492][12796][debug][gc,phases] GC(10)   StringDedup Requests1 Weak     Min:  0.0, Avg:  0.0, Max:  0.0, Diff:  0.0, Sum:  0.0, Workers: 8
[2025-05-20T20:23:24.416+0300][18492][12796][debug][gc,phases] GC(10)     Dead                           Min: 0, Avg:  0.0, Max: 0, Diff: 0, Sum: 0, Workers: 8
[2025-05-20T20:23:24.416+0300][18492][12796][debug][gc,phases] GC(10)     Total                          Min: 0, Avg:  0.0, Max: 0, Diff: 0, Sum: 0, Workers: 8
[2025-05-20T20:23:24.416+0300][18492][12796][debug][gc,phases] GC(10)   Weak JFR Old Object Samples    Min:  0.0, Avg:  0.0, Max:  0.0, Diff:  0.0, Sum:  0.0, Workers: 8
[2025-05-20T20:23:24.416+0300][18492][12796][debug][gc,phases] GC(10)     Dead                           Min: 0, Avg:  0.0, Max: 0, Diff: 0, Sum: 0, Workers: 8
[2025-05-20T20:23:24.416+0300][18492][12796][debug][gc,phases] GC(10)     Total                          Min: 0, Avg:  0.0, Max: 0, Diff: 0, Sum: 0, Workers: 8
[2025-05-20T20:23:24.416+0300][18492][12796][debug][gc,phases] GC(10) Phase 1: Weak Processing 0.426ms
[2025-05-20T20:23:24.416+0300][18492][12796][debug][gc,phases] GC(10) ClassLoaderData 0.240ms
[2025-05-20T20:23:24.416+0300][18492][12796][debug][gc,phases] GC(10) Trigger cleanups 0.005ms
[2025-05-20T20:23:24.428+0300][18492][12796][debug][gc,phases] GC(10) G1 Complete Cleaning 15.319ms
[2025-05-20T20:23:24.428+0300][18492][12796][debug][gc,phases] GC(10) Purge Unlinked NMethods 1.683ms
[2025-05-20T20:23:24.428+0300][18492][12796][debug][gc,phases] GC(10) Unregister NMethods 0.467ms
[2025-05-20T20:23:24.428+0300][18492][12796][debug][gc,phases] GC(10) Free Code Blobs 0.382ms
[2025-05-20T20:23:24.428+0300][18492][12796][debug][gc,phases] GC(10) Purge Class Loader Data 0.613ms
[2025-05-20T20:23:24.428+0300][18492][12796][debug][gc,phases] GC(10) Phase 1: Class Unloading and Cleanup 18.892ms
[2025-05-20T20:23:24.428+0300][18492][12796][debug][gc,phases] GC(10) Report Object Count 0.001ms
[2025-05-20T20:23:24.428+0300][18492][12796][info ][gc,phases] GC(10) Phase 1: Mark live objects 23.138ms
[2025-05-20T20:23:24.428+0300][18492][12796][debug][gc,phases] GC(10) Phase 2: Determine work lists 0.063ms
[2025-05-20T20:23:24.428+0300][18492][12796][debug][gc,phases] GC(10) Phase 2: Prepare parallel compaction 1.668ms
[2025-05-20T20:23:24.428+0300][18492][12796][info ][gc,phases] GC(10) Phase 2: Prepare compaction 1.778ms
[2025-05-20T20:23:24.444+0300][18492][12796][info ][gc,phases] GC(10) Phase 3: Adjust pointers 6.843ms
[2025-05-20T20:23:24.444+0300][18492][12796][info ][gc,phases] GC(10) Phase 4: Compact heap 1.362ms
[2025-05-20T20:23:24.449+0300][18492][12796][info ][gc,phases] GC(10) Phase 5: Reset Metadata 2.392ms
[2025-05-20T20:23:24.453+0300][18492][12796][info ][gc,heap  ] GC(10) Eden regions: 236->0(1228)
[2025-05-20T20:23:24.453+0300][18492][12796][info ][gc,heap  ] GC(10) Survivor regions: 2->0(154)
[2025-05-20T20:23:24.453+0300][18492][12796][info ][gc,heap  ] GC(10) Old regions: 11->11
[2025-05-20T20:23:24.453+0300][18492][12796][info ][gc,heap  ] GC(10) Humongous regions: 0->0
[2025-05-20T20:23:24.453+0300][18492][12796][debug][gc,heap  ] GC(10) Heap after GC invocations=11 (full 3):
[2025-05-20T20:23:24.453+0300][18492][12796][debug][gc,heap  ] GC(10)  garbage-first heap   total 4194304K, used 14049K [0x0000000700000000, 0x0000000800000000)
[2025-05-20T20:23:24.453+0300][18492][12796][debug][gc,heap  ] GC(10)   region size 2048K, 0 young (0K), 0 survivors (0K)
[2025-05-20T20:23:24.453+0300][18492][12796][debug][gc,heap  ] GC(10)  Metaspace       used 33332K, committed 35456K, reserved 1114112K
[2025-05-20T20:23:24.453+0300][18492][12796][debug][gc,heap  ] GC(10)   class space    used 2786K, committed 3328K, reserved 1048576K
[2025-05-20T20:23:24.453+0300][18492][12796][info ][gc       ] GC(10) Pause Full (System.gc()) 486M->13M(4096M) 45.881ms
[2025-05-20T20:23:24.453+0300][18492][12796][info ][safepoint] Safepoint "G1CollectFull", Time since last: 1272771000 ns, Reaching safepoint: 40100 ns, Cleanup: 14400 ns, At safepoint: 45902800 ns, Total: 45957300 ns
[2025-05-20T20:23:25.460+0300][18492][12796][debug][safepoint] Safepoint synchronization initiated using striped semaphore wait barrier. (32 threads)
[2025-05-20T20:23:25.460+0300][18492][12796][info ][safepoint] Safepoint "Cleanup", Time since last: 1000602200 ns, Reaching safepoint: 86900 ns, Cleanup: 68200 ns, At safepoint: 11000 ns, Total: 166100 ns
[2025-05-20T20:23:26.464+0300][18492][12796][debug][safepoint] Safepoint synchronization initiated using striped semaphore wait barrier. (32 threads)
[2025-05-20T20:23:26.464+0300][18492][12796][info ][safepoint] Safepoint "Cleanup", Time since last: 1004431900 ns, Reaching safepoint: 155600 ns, Cleanup: 32100 ns, At safepoint: 38400 ns, Total: 226100 ns
[2025-05-20T20:23:27.467+0300][18492][12796][debug][safepoint] Safepoint synchronization initiated using striped semaphore wait barrier. (32 threads)
[2025-05-20T20:23:27.467+0300][18492][16524][debug][safepoint] ... found polling page loop exception at pc = 0x000002b088233570, stub =0x000002b087586600
[2025-05-20T20:23:27.467+0300][18492][12796][info ][safepoint] Safepoint "Cleanup", Time since last: 1002663900 ns, Reaching safepoint: 292100 ns, Cleanup: 20600 ns, At safepoint: 37900 ns, Total: 350600 ns
[2025-05-20T20:23:30.478+0300][18492][12796][debug][safepoint] Safepoint synchronization initiated using striped semaphore wait barrier. (32 threads)
[2025-05-20T20:23:30.478+0300][18492][22176][debug][safepoint] ... found polling page loop exception at pc = 0x000002b087fa753f, stub =0x000002b087586600
[2025-05-20T20:23:30.478+0300][18492][12796][info ][safepoint] Safepoint "Cleanup", Time since last: 3011111000 ns, Reaching safepoint: 278800 ns, Cleanup: 17800 ns, At safepoint: 24200 ns, Total: 320800 ns
[2025-05-20T20:23:31.483+0300][18492][12796][debug][safepoint] Safepoint synchronization initiated using striped semaphore wait barrier. (32 threads)
[2025-05-20T20:23:31.483+0300][18492][12796][info ][safepoint] Safepoint "Cleanup", Time since last: 1004248300 ns, Reaching safepoint: 218700 ns, Cleanup: 28400 ns, At safepoint: 55400 ns, Total: 302500 ns
[2025-05-20T20:23:34.512+0300][18492][12796][debug][safepoint] Safepoint synchronization initiated using striped semaphore wait barrier. (32 threads)
[2025-05-20T20:23:34.512+0300][18492][12796][info ][safepoint] Safepoint "Cleanup", Time since last: 3028481100 ns, Reaching safepoint: 326400 ns, Cleanup: 21900 ns, At safepoint: 14300 ns, Total: 362600 ns
[2025-05-20T20:23:37.534+0300][18492][12796][debug][safepoint] Safepoint synchronization initiated using striped semaphore wait barrier. (32 threads)
[2025-05-20T20:23:37.534+0300][18492][12796][info ][safepoint] Safepoint "Cleanup", Time since last: 3022031200 ns, Reaching safepoint: 203800 ns, Cleanup: 33400 ns, At safepoint: 40700 ns, Total: 277900 ns
[2025-05-20T20:23:43.583+0300][18492][12796][debug][safepoint] Safepoint synchronization initiated using striped semaphore wait barrier. (32 threads)
[2025-05-20T20:23:43.583+0300][18492][12796][info ][safepoint] Safepoint "Cleanup", Time since last: 6048807600 ns, Reaching safepoint: 112100 ns, Cleanup: 21400 ns, At safepoint: 5200 ns, Total: 138700 ns
[2025-05-20T20:23:44.591+0300][18492][12796][debug][safepoint] Safepoint synchronization initiated using striped semaphore wait barrier. (32 threads)
[2025-05-20T20:23:44.591+0300][18492][12796][info ][safepoint] Safepoint "Cleanup", Time since last: 1007613000 ns, Reaching safepoint: 166800 ns, Cleanup: 36900 ns, At safepoint: 21600 ns, Total: 225300 ns
[2025-05-20T20:23:45.603+0300][18492][12796][debug][safepoint] Safepoint synchronization initiated using striped semaphore wait barrier. (32 threads)
[2025-05-20T20:23:45.603+0300][18492][12796][info ][safepoint] Safepoint "Cleanup", Time since last: 1011867500 ns, Reaching safepoint: 282200 ns, Cleanup: 35600 ns, At safepoint: 32300 ns, Total: 350100 ns
[2025-05-20T20:24:06.799+0300][18492][12796][debug][safepoint] Safepoint synchronization initiated using striped semaphore wait barrier. (32 threads)
[2025-05-20T20:24:06.799+0300][18492][12796][info ][safepoint] Safepoint "Cleanup", Time since last: 21195525300 ns, Reaching safepoint: 156600 ns, Cleanup: 63300 ns, At safepoint: 18300 ns, Total: 238200 ns
[2025-05-20T20:24:07.774+0300][18492][16524][debug][safepoint] ... found polling page loop exception at pc = 0x000002b0885edf4d, stub =0x000002b087586600
[2025-05-20T20:24:15.843+0300][18492][12796][debug][safepoint] Safepoint synchronization initiated using striped semaphore wait barrier. (32 threads)
[2025-05-20T20:24:15.843+0300][18492][5140 ][debug][safepoint] ... found polling page loop exception at pc = 0x000002b0880c6a42, stub =0x000002b087585d80
[2025-05-20T20:24:15.843+0300][18492][12796][info ][safepoint] Safepoint "Cleanup", Time since last: 9044125900 ns, Reaching safepoint: 329800 ns, Cleanup: 52300 ns, At safepoint: 19600 ns, Total: 401700 ns
[2025-05-20T20:24:26.945+0300][18492][12796][debug][safepoint] Safepoint synchronization initiated using striped semaphore wait barrier. (32 threads)
[2025-05-20T20:24:26.945+0300][18492][19932][debug][safepoint] ... found polling page loop exception at pc = 0x000002b0885a0cc2, stub =0x000002b087586600
[2025-05-20T20:24:26.945+0300][18492][12796][info ][safepoint] Safepoint "Cleanup", Time since last: 11101337400 ns, Reaching safepoint: 302400 ns, Cleanup: 29200 ns, At safepoint: 33400 ns, Total: 365000 ns
[2025-05-20T20:24:48.545+0300][18492][12796][debug][safepoint] Safepoint synchronization initiated using striped semaphore wait barrier. (32 threads)
[2025-05-20T20:24:48.545+0300][18492][12796][debug][gc,heap  ] GC(11) Heap before GC invocations=11 (full 3):
[2025-05-20T20:24:48.545+0300][18492][12796][debug][gc,heap  ] GC(11)  garbage-first heap   total 4194304K, used 2528993K [0x0000000700000000, 0x0000000800000000)
[2025-05-20T20:24:48.545+0300][18492][12796][debug][gc,heap  ] GC(11)   region size 2048K, 1228 young (2514944K), 0 survivors (0K)
[2025-05-20T20:24:48.545+0300][18492][12796][debug][gc,heap  ] GC(11)  Metaspace       used 34420K, committed 35520K, reserved 1114112K
[2025-05-20T20:24:48.545+0300][18492][12796][debug][gc,heap  ] GC(11)   class space    used 2864K, committed 3328K, reserved 1048576K
[2025-05-20T20:24:48.550+0300][18492][12796][info ][gc,phases] GC(11)   Pre Evacuate Collection Set: 0.7ms
[2025-05-20T20:24:48.550+0300][18492][12796][debug][gc,phases] GC(11)     Pre Evacuate Prepare: 0.2ms
[2025-05-20T20:24:48.550+0300][18492][12796][debug][gc,phases] GC(11)       JT Retire TLABs And Flush Logs (ms): Min:  0.0, Avg:  0.0, Max:  0.0, Diff:  0.0, Sum:  0.0, Workers: 2
[2025-05-20T20:24:48.550+0300][18492][12796][debug][gc,phases] GC(11)       Non-JT Flush Logs (ms):        Min:  0.0, Avg:  0.0, Max:  0.0, Diff:  0.0, Sum:  0.0, Workers: 1
[2025-05-20T20:24:48.550+0300][18492][12796][debug][gc,phases] GC(11)     Choose Collection Set: 0.0ms
[2025-05-20T20:24:48.550+0300][18492][12796][debug][gc,phases] GC(11)     Region Register: 0.5ms
[2025-05-20T20:24:48.550+0300][18492][12796][debug][gc,phases] GC(11)     Prepare Heap Roots: 0.0ms
[2025-05-20T20:24:48.550+0300][18492][12796][info ][gc,phases] GC(11)   Merge Heap Roots: 0.4ms
[2025-05-20T20:24:48.550+0300][18492][12796][debug][gc,phases] GC(11)     Prepare Merge Heap Roots: 0.0ms
[2025-05-20T20:24:48.550+0300][18492][12796][debug][gc,phases] GC(11)     Remembered Sets (ms):          Min:  0.2, Avg:  0.2, Max:  0.3, Diff:  0.1, Sum:  1.9, Workers: 8
[2025-05-20T20:24:48.550+0300][18492][12796][debug][gc,phases] GC(11)       Eager Reclaim (ms):            skipped
[2025-05-20T20:24:48.550+0300][18492][12796][debug][gc,phases] GC(11)       Merged Inline                  Min: 0, Avg:  0.0, Max: 0, Diff: 0, Sum: 0, Workers: 8
[2025-05-20T20:24:48.550+0300][18492][12796][debug][gc,phases] GC(11)       Merged ArrayOfCards            Min: 0, Avg:  0.0, Max: 0, Diff: 0, Sum: 0, Workers: 8
[2025-05-20T20:24:48.550+0300][18492][12796][debug][gc,phases] GC(11)       Merged Howl                    Min: 0, Avg:  0.0, Max: 0, Diff: 0, Sum: 0, Workers: 8
[2025-05-20T20:24:48.550+0300][18492][12796][debug][gc,phases] GC(11)       Merged Full                    Min: 0, Avg:  0.0, Max: 0, Diff: 0, Sum: 0, Workers: 8
[2025-05-20T20:24:48.550+0300][18492][12796][debug][gc,phases] GC(11)       Merged Howl Inline             Min: 0, Avg:  0.0, Max: 0, Diff: 0, Sum: 0, Workers: 8
[2025-05-20T20:24:48.550+0300][18492][12796][debug][gc,phases] GC(11)       Merged Howl ArrayOfCards       Min: 0, Avg:  0.0, Max: 0, Diff: 0, Sum: 0, Workers: 8
[2025-05-20T20:24:48.550+0300][18492][12796][debug][gc,phases] GC(11)       Merged Howl BitMap             Min: 0, Avg:  0.0, Max: 0, Diff: 0, Sum: 0, Workers: 8
[2025-05-20T20:24:48.550+0300][18492][12796][debug][gc,phases] GC(11)       Merged Howl Full               Min: 0, Avg:  0.0, Max: 0, Diff: 0, Sum: 0, Workers: 8
[2025-05-20T20:24:48.550+0300][18492][12796][debug][gc,phases] GC(11)       Merged Cards                   Min: 8, Avg:  8.0, Max: 8, Diff: 0, Sum: 64, Workers: 8
[2025-05-20T20:24:48.550+0300][18492][12796][debug][gc,phases] GC(11)     Log Buffers (ms):              Min:  0.0, Avg:  0.0, Max:  0.0, Diff:  0.0, Sum:  0.0, Workers: 8
[2025-05-20T20:24:48.550+0300][18492][12796][debug][gc,phases] GC(11)       Dirty Cards:                   Min: 0, Avg: 66.5, Max: 436, Diff: 436, Sum: 532, Workers: 8
[2025-05-20T20:24:48.550+0300][18492][12796][debug][gc,phases] GC(11)       Skipped Cards:                 Min: 0, Avg:  0.0, Max: 0, Diff: 0, Sum: 0, Workers: 8
[2025-05-20T20:24:48.550+0300][18492][12796][info ][gc,phases] GC(11)   Evacuate Collection Set: 2.7ms
[2025-05-20T20:24:48.550+0300][18492][12796][debug][gc,phases] GC(11)     Ext Root Scanning (ms):        Min:  0.0, Avg:  0.2, Max:  0.5, Diff:  0.5, Sum:  1.2, Workers: 8
[2025-05-20T20:24:48.550+0300][18492][12796][debug][gc,phases] GC(11)     Scan Heap Roots (ms):          Min:  0.0, Avg:  0.2, Max:  0.3, Diff:  0.3, Sum:  1.3, Workers: 8
[2025-05-20T20:24:48.550+0300][18492][12796][debug][gc,phases] GC(11)       Scanned Cards:                 Min: 0, Avg: 66.5, Max: 148, Diff: 148, Sum: 532, Workers: 8
[2025-05-20T20:24:48.550+0300][18492][12796][debug][gc,phases] GC(11)       Scanned Blocks:                Min: 0, Avg: 35.9, Max: 74, Diff: 74, Sum: 287, Workers: 8
[2025-05-20T20:24:48.550+0300][18492][12796][debug][gc,phases] GC(11)       Claimed Chunks:                Min: 0, Avg: 16.2, Max: 33, Diff: 33, Sum: 130, Workers: 8
[2025-05-20T20:24:48.550+0300][18492][12796][debug][gc,phases] GC(11)       Found Roots:                   Min: 0, Avg: 227.5, Max: 907, Diff: 907, Sum: 1820, Workers: 8
[2025-05-20T20:24:48.550+0300][18492][12796][debug][gc,phases] GC(11)     Code Root Scan (ms):           Min:  0.1, Avg:  0.7, Max:  1.1, Diff:  0.9, Sum:  5.2, Workers: 8
[2025-05-20T20:24:48.550+0300][18492][12796][debug][gc,phases] GC(11)       Scanned Nmethods               Min: 0, Avg: 86.9, Max: 165, Diff: 165, Sum: 695, Workers: 8
[2025-05-20T20:24:48.550+0300][18492][12796][debug][gc,phases] GC(11)     Object Copy (ms):              Min:  0.0, Avg:  0.9, Max:  1.6, Diff:  1.6, Sum:  6.9, Workers: 8
[2025-05-20T20:24:48.550+0300][18492][12796][debug][gc,phases] GC(11)     Termination (ms):              Min:  0.0, Avg:  0.2, Max:  0.2, Diff:  0.2, Sum:  1.6, Workers: 8
[2025-05-20T20:24:48.550+0300][18492][12796][debug][gc,phases] GC(11)       Termination Attempts:          Min: 1, Avg:  1.0, Max: 1, Diff: 0, Sum: 8, Workers: 8
[2025-05-20T20:24:48.550+0300][18492][12796][debug][gc,phases] GC(11)     GC Worker Other (ms):          Min:  0.2, Avg:  0.2, Max:  0.3, Diff:  0.1, Sum:  1.7, Workers: 8
[2025-05-20T20:24:48.550+0300][18492][12796][debug][gc,phases] GC(11)     GC Worker Total (ms):          Min:  0.4, Avg:  2.2, Max:  2.6, Diff:  2.2, Sum: 17.9, Workers: 8
[2025-05-20T20:24:48.550+0300][18492][12796][info ][gc,phases] GC(11)   Post Evacuate Collection Set: 1.5ms
[2025-05-20T20:24:48.550+0300][18492][12796][debug][gc,phases] GC(11)     NMethod List Cleanup: 0.0ms
[2025-05-20T20:24:48.550+0300][18492][12796][debug][gc,phases] GC(11)     Reference Processing: 0.1ms
[2025-05-20T20:24:48.550+0300][18492][12796][debug][gc,phases] GC(11)     Weak Processing: 0.3ms
[2025-05-20T20:24:48.550+0300][18492][12796][debug][gc,phases] GC(11)       VM Weak                        Min:  0.0, Avg:  0.0, Max:  0.0, Diff:  0.0, Sum:  0.0, Workers: 8
[2025-05-20T20:24:48.550+0300][18492][12796][debug][gc,phases] GC(11)         Dead                           Min: 0, Avg:  0.0, Max: 0, Diff: 0, Sum: 0, Workers: 8
[2025-05-20T20:24:48.550+0300][18492][12796][debug][gc,phases] GC(11)         Total                          Min: 0, Avg: 49.8, Max: 337, Diff: 337, Sum: 398, Workers: 8
[2025-05-20T20:24:48.550+0300][18492][12796][debug][gc,phases] GC(11)       ObjectSynchronizer Weak        Min:  0.0, Avg:  0.0, Max:  0.0, Diff:  0.0, Sum:  0.0, Workers: 8
[2025-05-20T20:24:48.550+0300][18492][12796][debug][gc,phases] GC(11)         Dead                           Min: 0, Avg:  0.0, Max: 0, Diff: 0, Sum: 0, Workers: 8
[2025-05-20T20:24:48.550+0300][18492][12796][debug][gc,phases] GC(11)         Total                          Min: 0, Avg:  4.8, Max: 20, Diff: 20, Sum: 38, Workers: 8
[2025-05-20T20:24:48.550+0300][18492][12796][debug][gc,phases] GC(11)       JVMTI Tag Weak OopStorage      Min:  0.0, Avg:  0.0, Max:  0.0, Diff:  0.0, Sum:  0.0, Workers: 8
[2025-05-20T20:24:48.550+0300][18492][12796][debug][gc,phases] GC(11)         Dead                           Min: 0, Avg:  0.0, Max: 0, Diff: 0, Sum: 0, Workers: 8
[2025-05-20T20:24:48.550+0300][18492][12796][debug][gc,phases] GC(11)         Total                          Min: 0, Avg:  0.0, Max: 0, Diff: 0, Sum: 0, Workers: 8
[2025-05-20T20:24:48.550+0300][18492][12796][debug][gc,phases] GC(11)       StringTable Weak               Min:  0.0, Avg:  0.1, Max:  0.1, Diff:  0.1, Sum:  0.6, Workers: 8
[2025-05-20T20:24:48.550+0300][18492][12796][debug][gc,phases] GC(11)         Dead                           Min: 2, Avg: 37.5, Max: 169, Diff: 167, Sum: 300, Workers: 8
[2025-05-20T20:24:48.550+0300][18492][12796][debug][gc,phases] GC(11)         Total                          Min: 1343, Avg: 3484.5, Max: 7358, Diff: 6015, Sum: 27876, Workers: 8
[2025-05-20T20:24:48.550+0300][18492][12796][debug][gc,phases] GC(11)       ResolvedMethodTable Weak       Min:  0.0, Avg:  0.0, Max:  0.0, Diff:  0.0, Sum:  0.0, Workers: 8
[2025-05-20T20:24:48.550+0300][18492][12796][debug][gc,phases] GC(11)         Dead                           Min: 0, Avg:  0.0, Max: 0, Diff: 0, Sum: 0, Workers: 8
[2025-05-20T20:24:48.550+0300][18492][12796][debug][gc,phases] GC(11)         Total                          Min: 0, Avg: 225.6, Max: 448, Diff: 448, Sum: 1805, Workers: 8
[2025-05-20T20:24:48.550+0300][18492][12796][debug][gc,phases] GC(11)       JNI Weak                       Min:  0.0, Avg:  0.0, Max:  0.0, Diff:  0.0, Sum:  0.0, Workers: 8
[2025-05-20T20:24:48.550+0300][18492][12796][debug][gc,phases] GC(11)         Dead                           Min: 0, Avg:  0.0, Max: 0, Diff: 0, Sum: 0, Workers: 8
[2025-05-20T20:24:48.550+0300][18492][12796][debug][gc,phases] GC(11)         Total                          Min: 0, Avg:  0.0, Max: 0, Diff: 0, Sum: 0, Workers: 8
[2025-05-20T20:24:48.550+0300][18492][12796][debug][gc,phases] GC(11)       StringDedup Table Weak         Min:  0.0, Avg:  0.0, Max:  0.0, Diff:  0.0, Sum:  0.0, Workers: 8
[2025-05-20T20:24:48.550+0300][18492][12796][debug][gc,phases] GC(11)         Dead                           Min: 0, Avg:  0.0, Max: 0, Diff: 0, Sum: 0, Workers: 8
[2025-05-20T20:24:48.550+0300][18492][12796][debug][gc,phases] GC(11)         Total                          Min: 0, Avg:  0.0, Max: 0, Diff: 0, Sum: 0, Workers: 8
[2025-05-20T20:24:48.550+0300][18492][12796][debug][gc,phases] GC(11)       StringDedup Requests0 Weak     Min:  0.0, Avg:  0.0, Max:  0.0, Diff:  0.0, Sum:  0.0, Workers: 8
[2025-05-20T20:24:48.550+0300][18492][12796][debug][gc,phases] GC(11)         Dead                           Min: 0, Avg:  0.0, Max: 0, Diff: 0, Sum: 0, Workers: 8
[2025-05-20T20:24:48.550+0300][18492][12796][debug][gc,phases] GC(11)         Total                          Min: 0, Avg:  0.0, Max: 0, Diff: 0, Sum: 0, Workers: 8
[2025-05-20T20:24:48.550+0300][18492][12796][debug][gc,phases] GC(11)       StringDedup Requests1 Weak     Min:  0.0, Avg:  0.0, Max:  0.0, Diff:  0.0, Sum:  0.0, Workers: 8
[2025-05-20T20:24:48.550+0300][18492][12796][debug][gc,phases] GC(11)         Dead                           Min: 0, Avg:  0.0, Max: 0, Diff: 0, Sum: 0, Workers: 8
[2025-05-20T20:24:48.550+0300][18492][12796][debug][gc,phases] GC(11)         Total                          Min: 0, Avg:  0.0, Max: 0, Diff: 0, Sum: 0, Workers: 8
[2025-05-20T20:24:48.550+0300][18492][12796][debug][gc,phases] GC(11)       Weak JFR Old Object Samples    Min:  0.0, Avg:  0.0, Max:  0.0, Diff:  0.0, Sum:  0.0, Workers: 8
[2025-05-20T20:24:48.550+0300][18492][12796][debug][gc,phases] GC(11)         Dead                           Min: 0, Avg:  0.0, Max: 0, Diff: 0, Sum: 0, Workers: 8
[2025-05-20T20:24:48.550+0300][18492][12796][debug][gc,phases] GC(11)         Total                          Min: 0, Avg:  0.0, Max: 0, Diff: 0, Sum: 0, Workers: 8
[2025-05-20T20:24:48.550+0300][18492][12796][debug][gc,phases] GC(11)     Post Evacuate Cleanup 1: 0.5ms
[2025-05-20T20:24:48.550+0300][18492][12796][debug][gc,phases] GC(11)       Merge Per-Thread State (ms):   Min:  0.1, Avg:  0.1, Max:  0.1, Diff:  0.0, Sum:  0.1, Workers: 1
[2025-05-20T20:24:48.550+0300][18492][12796][debug][gc,phases] GC(11)         Copied Bytes                   Min: 0, Avg: 286593.0, Max: 1041872, Diff: 1041872, Sum: 2292744, Workers: 8
[2025-05-20T20:24:48.550+0300][18492][12796][debug][gc,phases] GC(11)         LAB Waste                      Min: 0, Avg: 213.0, Max: 856, Diff: 856, Sum: 1704, Workers: 8
[2025-05-20T20:24:48.550+0300][18492][12796][debug][gc,phases] GC(11)         LAB Undo Waste                 Min: 0, Avg:  0.0, Max: 0, Diff: 0, Sum: 0, Workers: 8
[2025-05-20T20:24:48.550+0300][18492][12796][debug][gc,phases] GC(11)       Clear Logged Cards (ms):       Min:  0.0, Avg:  0.1, Max:  0.3, Diff:  0.3, Sum:  1.0, Workers: 7
[2025-05-20T20:24:48.550+0300][18492][12796][debug][gc,phases] GC(11)       Recalculate Used Memory (ms):  Min:  0.0, Avg:  0.0, Max:  0.0, Diff:  0.0, Sum:  0.0, Workers: 1
[2025-05-20T20:24:48.550+0300][18492][12796][debug][gc,phases] GC(11)     Post Evacuate Cleanup 2: 0.5ms
[2025-05-20T20:24:48.550+0300][18492][12796][debug][gc,phases] GC(11)       Update Derived Pointers (ms):  Min:  0.0, Avg:  0.0, Max:  0.0, Diff:  0.0, Sum:  0.0, Workers: 1
[2025-05-20T20:24:48.550+0300][18492][12796][debug][gc,phases] GC(11)       Eagerly Reclaim Humongous Objects (ms): skipped
[2025-05-20T20:24:48.550+0300][18492][12796][debug][gc,phases] GC(11)         Humongous Total                skipped
[2025-05-20T20:24:48.550+0300][18492][12796][debug][gc,phases] GC(11)         Humongous Candidates           skipped
[2025-05-20T20:24:48.550+0300][18492][12796][debug][gc,phases] GC(11)         Humongous Reclaimed            skipped
[2025-05-20T20:24:48.550+0300][18492][12796][debug][gc,phases] GC(11)       Redirty Logged Cards (ms):     Min:  0.0, Avg:  0.0, Max:  0.0, Diff:  0.0, Sum:  0.0, Workers: 8
[2025-05-20T20:24:48.550+0300][18492][12796][debug][gc,phases] GC(11)         Redirtied Cards:               Min: 0, Avg: 36.8, Max: 152, Diff: 152, Sum: 294, Workers: 8
[2025-05-20T20:24:48.550+0300][18492][12796][debug][gc,phases] GC(11)       Resize TLABs (ms):             Min:  0.0, Avg:  0.0, Max:  0.0, Diff:  0.0, Sum:  0.0, Workers: 8
[2025-05-20T20:24:48.550+0300][18492][12796][debug][gc,phases] GC(11)       Free Collection Set (ms):      Min:  0.2, Avg:  0.2, Max:  0.3, Diff:  0.1, Sum:  1.7, Workers: 8
[2025-05-20T20:24:48.550+0300][18492][12796][debug][gc,phases] GC(11)     Rebuild Free List: 0.2ms
[2025-05-20T20:24:48.550+0300][18492][12796][debug][gc,phases] GC(11)     Prepare For Mutator: 0.0ms
[2025-05-20T20:24:48.550+0300][18492][12796][debug][gc,phases] GC(11)     Expand Heap After Collection: 0.0ms
[2025-05-20T20:24:48.550+0300][18492][12796][info ][gc,phases] GC(11)   Other: 0.2ms
[2025-05-20T20:24:48.550+0300][18492][12796][info ][gc,heap  ] GC(11) Eden regions: 1228->0(1226)
[2025-05-20T20:24:48.550+0300][18492][12796][info ][gc,heap  ] GC(11) Survivor regions: 0->2(154)
[2025-05-20T20:24:48.550+0300][18492][12796][info ][gc,heap  ] GC(11) Old regions: 11->11
[2025-05-20T20:24:48.550+0300][18492][12796][info ][gc,heap  ] GC(11) Humongous regions: 0->0
[2025-05-20T20:24:48.550+0300][18492][12796][debug][gc,heap  ] GC(11) Heap after GC invocations=12 (full 3):
[2025-05-20T20:24:48.550+0300][18492][12796][debug][gc,heap  ] GC(11)  garbage-first heap   total 4194304K, used 16423K [0x0000000700000000, 0x0000000800000000)
[2025-05-20T20:24:48.550+0300][18492][12796][debug][gc,heap  ] GC(11)   region size 2048K, 2 young (4096K), 2 survivors (4096K)
[2025-05-20T20:24:48.550+0300][18492][12796][debug][gc,heap  ] GC(11)  Metaspace       used 34420K, committed 35520K, reserved 1114112K
[2025-05-20T20:24:48.550+0300][18492][12796][debug][gc,heap  ] GC(11)   class space    used 2864K, committed 3328K, reserved 1048576K
[2025-05-20T20:24:48.550+0300][18492][12796][info ][gc       ] GC(11) Pause Young (Normal) (G1 Evacuation Pause) 2469M->16M(4096M) 6.685ms
[2025-05-20T20:24:48.550+0300][18492][12796][info ][safepoint] Safepoint "G1CollectForAllocation", Time since last: 21600644400 ns, Reaching safepoint: 116400 ns, Cleanup: 19300 ns, At safepoint: 6712500 ns, Total: 6848200 ns
[2025-05-20T20:24:51.566+0300][18492][12796][debug][safepoint] Safepoint synchronization initiated using striped semaphore wait barrier. (32 threads)
[2025-05-20T20:24:51.566+0300][18492][20920][debug][safepoint] ... found polling page loop exception at pc = 0x000002b0883cdd87, stub =0x000002b087585d80
[2025-05-20T20:24:51.566+0300][18492][5140 ][debug][safepoint] ... found polling page loop exception at pc = 0x000002b0880c71ba, stub =0x000002b087585d80
[2025-05-20T20:24:51.566+0300][18492][7564 ][debug][safepoint] ... found polling page loop exception at pc = 0x000002b08857e40b, stub =0x000002b087586600
[2025-05-20T20:24:51.566+0300][18492][12796][info ][safepoint] Safepoint "Cleanup", Time since last: 3012602500 ns, Reaching safepoint: 544800 ns, Cleanup: 27100 ns, At safepoint: 28400 ns, Total: 600300 ns
[2025-05-20T20:25:03.678+0300][18492][12796][debug][safepoint] Safepoint synchronization initiated using striped semaphore wait barrier. (32 threads)
[2025-05-20T20:25:03.678+0300][18492][16524][debug][safepoint] ... found polling page loop exception at pc = 0x000002b08808fb2d, stub =0x000002b087586600
[2025-05-20T20:25:03.678+0300][18492][12796][info ][safepoint] Safepoint "Cleanup", Time since last: 12111914900 ns, Reaching safepoint: 299000 ns, Cleanup: 33300 ns, At safepoint: 18900 ns, Total: 351200 ns
[2025-05-20T20:25:04.688+0300][18492][12796][debug][safepoint] Safepoint synchronization initiated using striped semaphore wait barrier. (32 threads)
[2025-05-20T20:25:04.688+0300][18492][12796][info ][safepoint] Safepoint "Cleanup", Time since last: 1009465500 ns, Reaching safepoint: 174300 ns, Cleanup: 32400 ns, At safepoint: 24600 ns, Total: 231300 ns
[2025-05-20T20:25:12.032+0300][18492][12796][debug][safepoint] Safepoint synchronization initiated using striped semaphore wait barrier. (32 threads)
[2025-05-20T20:25:12.032+0300][18492][12796][info ][safepoint] Safepoint "Cleanup", Time since last: 7343897000 ns, Reaching safepoint: 146200 ns, Cleanup: 34500 ns, At safepoint: 22100 ns, Total: 202800 ns
[2025-05-20T20:25:13.046+0300][18492][12796][debug][safepoint] Safepoint synchronization initiated using striped semaphore wait barrier. (32 threads)
[2025-05-20T20:25:13.046+0300][18492][12796][info ][safepoint] Safepoint "Cleanup", Time since last: 1013720000 ns, Reaching safepoint: 214500 ns, Cleanup: 33800 ns, At safepoint: 23000 ns, Total: 271300 ns
[2025-05-20T20:25:30.197+0300][18492][12796][debug][safepoint] Safepoint synchronization initiated using striped semaphore wait barrier. (32 threads)
[2025-05-20T20:25:30.197+0300][18492][7564 ][debug][safepoint] ... found polling page loop exception at pc = 0x000002b0885a0cc2, stub =0x000002b087586600
[2025-05-20T20:25:30.197+0300][18492][12796][info ][safepoint] Safepoint "Cleanup", Time since last: 17150848900 ns, Reaching safepoint: 290800 ns, Cleanup: 34700 ns, At safepoint: 19600 ns, Total: 345100 ns
[2025-05-20T20:25:31.199+0300][18492][12796][debug][safepoint] Safepoint synchronization initiated using striped semaphore wait barrier. (32 threads)
[2025-05-20T20:25:31.199+0300][18492][12796][info ][safepoint] Safepoint "Cleanup", Time since last: 1001259100 ns, Reaching safepoint: 66100 ns, Cleanup: 15700 ns, At safepoint: 4200 ns, Total: 86000 ns
[2025-05-20T20:25:32.213+0300][18492][12796][debug][safepoint] Safepoint synchronization initiated using striped semaphore wait barrier. (32 threads)
[2025-05-20T20:25:32.213+0300][18492][12796][info ][safepoint] Safepoint "Cleanup", Time since last: 1013769300 ns, Reaching safepoint: 116600 ns, Cleanup: 28500 ns, At safepoint: 14600 ns, Total: 159700 ns
[2025-05-20T20:25:33.213+0300][18492][12796][debug][safepoint] Safepoint synchronization initiated using striped semaphore wait barrier. (32 threads)
[2025-05-20T20:25:33.213+0300][18492][16696][debug][safepoint] ... found polling page loop exception at pc = 0x000002b0885edaba, stub =0x000002b087586600
[2025-05-20T20:25:33.213+0300][18492][12796][info ][safepoint] Safepoint "Cleanup", Time since last: 1000452700 ns, Reaching safepoint: 274900 ns, Cleanup: 36600 ns, At safepoint: 13700 ns, Total: 325200 ns
[2025-05-20T20:25:34.222+0300][18492][12796][debug][safepoint] Safepoint synchronization initiated using striped semaphore wait barrier. (32 threads)
[2025-05-20T20:25:34.222+0300][18492][3588 ][debug][safepoint] ... found polling page loop exception at pc = 0x000002b0881cf44e, stub =0x000002b087586600
[2025-05-20T20:25:34.222+0300][18492][12796][info ][safepoint] Safepoint "Cleanup", Time since last: 1008470400 ns, Reaching safepoint: 261900 ns, Cleanup: 45100 ns, At safepoint: 18300 ns, Total: 325300 ns
[2025-05-20T20:25:35.223+0300][18492][12796][debug][safepoint] Safepoint synchronization initiated using striped semaphore wait barrier. (32 threads)
[2025-05-20T20:25:35.223+0300][18492][5140 ][debug][safepoint] ... found polling page loop exception at pc = 0x000002b08808fde7, stub =0x000002b087586600
[2025-05-20T20:25:35.223+0300][18492][12796][info ][safepoint] Safepoint "Cleanup", Time since last: 1000435900 ns, Reaching safepoint: 296200 ns, Cleanup: 44600 ns, At safepoint: 19400 ns, Total: 360200 ns
[2025-05-20T20:25:36.237+0300][18492][12796][debug][safepoint] Safepoint synchronization initiated using striped semaphore wait barrier. (32 threads)
[2025-05-20T20:25:36.237+0300][18492][3588 ][debug][safepoint] ... found polling page loop exception at pc = 0x000002b0880c6714, stub =0x000002b087585d80
[2025-05-20T20:25:36.237+0300][18492][5140 ][debug][safepoint] ... found polling page loop exception at pc = 0x000002b088064f2f, stub =0x000002b087586600
[2025-05-20T20:25:36.237+0300][18492][12796][info ][safepoint] Safepoint "Cleanup", Time since last: 1013555100 ns, Reaching safepoint: 316100 ns, Cleanup: 28800 ns, At safepoint: 14200 ns, Total: 359100 ns
[2025-05-20T20:25:37.239+0300][18492][12796][debug][safepoint] Safepoint synchronization initiated using striped semaphore wait barrier. (32 threads)
[2025-05-20T20:25:37.239+0300][18492][12796][info ][safepoint] Safepoint "Cleanup", Time since last: 1001956900 ns, Reaching safepoint: 129000 ns, Cleanup: 15000 ns, At safepoint: 16500 ns, Total: 160500 ns
[2025-05-20T20:25:38.242+0300][18492][12796][debug][safepoint] Safepoint synchronization initiated using striped semaphore wait barrier. (32 threads)
[2025-05-20T20:25:38.242+0300][18492][12796][info ][safepoint] Safepoint "Cleanup", Time since last: 1002712100 ns, Reaching safepoint: 155800 ns, Cleanup: 40600 ns, At safepoint: 41100 ns, Total: 237500 ns
[2025-05-20T20:25:39.243+0300][18492][12796][debug][safepoint] Safepoint synchronization initiated using striped semaphore wait barrier. (32 threads)
[2025-05-20T20:25:39.243+0300][18492][12796][info ][safepoint] Safepoint "Cleanup", Time since last: 1000802800 ns, Reaching safepoint: 114500 ns, Cleanup: 22100 ns, At safepoint: 17100 ns, Total: 153700 ns
[2025-05-20T20:25:45.291+0300][18492][12796][debug][safepoint] Safepoint synchronization initiated using striped semaphore wait barrier. (32 threads)
[2025-05-20T20:25:45.291+0300][18492][16524][debug][safepoint] ... found polling page loop exception at pc = 0x000002b088065857, stub =0x000002b087586600
[2025-05-20T20:25:45.291+0300][18492][12796][info ][safepoint] Safepoint "Cleanup", Time since last: 6048127500 ns, Reaching safepoint: 295000 ns, Cleanup: 31700 ns, At safepoint: 26600 ns, Total: 353300 ns
[2025-05-20T20:25:46.298+0300][18492][12796][debug][safepoint] Safepoint synchronization initiated using striped semaphore wait barrier. (32 threads)
[2025-05-20T20:25:46.298+0300][18492][12796][info ][safepoint] Safepoint "Cleanup", Time since last: 1006425500 ns, Reaching safepoint: 170400 ns, Cleanup: 54000 ns, At safepoint: 16800 ns, Total: 241200 ns
[2025-05-20T20:25:47.303+0300][18492][12796][debug][safepoint] Safepoint synchronization initiated using striped semaphore wait barrier. (32 threads)
[2025-05-20T20:25:47.303+0300][18492][16524][debug][safepoint] ... found polling page loop exception at pc = 0x000002b0885a0cc2, stub =0x000002b087586600
[2025-05-20T20:25:47.303+0300][18492][12796][info ][safepoint] Safepoint "Cleanup", Time since last: 1004795700 ns, Reaching safepoint: 251100 ns, Cleanup: 32700 ns, At safepoint: 16100 ns, Total: 299900 ns
[2025-05-20T20:25:49.323+0300][18492][12796][debug][safepoint] Safepoint synchronization initiated using striped semaphore wait barrier. (32 threads)
[2025-05-20T20:25:49.323+0300][18492][3936 ][debug][safepoint] ... found polling page loop exception at pc = 0x000002b08807527e, stub =0x000002b087586600
[2025-05-20T20:25:49.323+0300][18492][12796][info ][safepoint] Safepoint "Cleanup", Time since last: 2019573500 ns, Reaching safepoint: 189000 ns, Cleanup: 22000 ns, At safepoint: 22100 ns, Total: 233100 ns
[2025-05-20T20:25:50.332+0300][18492][12796][debug][safepoint] Safepoint synchronization initiated using striped semaphore wait barrier. (32 threads)
[2025-05-20T20:25:50.332+0300][18492][12796][info ][safepoint] Safepoint "Cleanup", Time since last: 1008888500 ns, Reaching safepoint: 131100 ns, Cleanup: 19700 ns, At safepoint: 15800 ns, Total: 166600 ns
[2025-05-20T20:25:51.341+0300][18492][12796][debug][safepoint] Safepoint synchronization initiated using striped semaphore wait barrier. (32 threads)
[2025-05-20T20:25:51.341+0300][18492][12796][info ][safepoint] Safepoint "Cleanup", Time since last: 1009045200 ns, Reaching safepoint: 139800 ns, Cleanup: 20100 ns, At safepoint: 36900 ns, Total: 196800 ns
[2025-05-20T20:26:08.020+0300][18492][7296 ][debug][safepoint] ... found polling page loop exception at pc = 0x000002b08832b7f1, stub =0x000002b087585d80
[2025-05-20T20:26:13.435+0300][18492][12796][debug][safepoint] Safepoint synchronization initiated using striped semaphore wait barrier. (32 threads)
[2025-05-20T20:26:13.435+0300][18492][16696][debug][safepoint] ... found polling page loop exception at pc = 0x000002b08808e6ec, stub =0x000002b087586600
[2025-05-20T20:26:13.435+0300][18492][12796][debug][gc,heap  ] GC(12) Heap before GC invocations=12 (full 3):
[2025-05-20T20:26:13.435+0300][18492][12796][debug][gc,heap  ] GC(12)  garbage-first heap   total 4194304K, used 2527271K [0x0000000700000000, 0x0000000800000000)
[2025-05-20T20:26:13.435+0300][18492][12796][debug][gc,heap  ] GC(12)   region size 2048K, 1228 young (2514944K), 2 survivors (4096K)
[2025-05-20T20:26:13.435+0300][18492][12796][debug][gc,heap  ] GC(12)  Metaspace       used 34425K, committed 35520K, reserved 1114112K
[2025-05-20T20:26:13.435+0300][18492][12796][debug][gc,heap  ] GC(12)   class space    used 2864K, committed 3328K, reserved 1048576K
[2025-05-20T20:26:13.439+0300][18492][12796][info ][gc,phases] GC(12)   Pre Evacuate Collection Set: 0.4ms
[2025-05-20T20:26:13.439+0300][18492][12796][debug][gc,phases] GC(12)     Pre Evacuate Prepare: 0.2ms
[2025-05-20T20:26:13.439+0300][18492][12796][debug][gc,phases] GC(12)       JT Retire TLABs And Flush Logs (ms): Min:  0.0, Avg:  0.0, Max:  0.0, Diff:  0.0, Sum:  0.0, Workers: 2
[2025-05-20T20:26:13.439+0300][18492][12796][debug][gc,phases] GC(12)       Non-JT Flush Logs (ms):        Min:  0.0, Avg:  0.0, Max:  0.0, Diff:  0.0, Sum:  0.0, Workers: 1
[2025-05-20T20:26:13.439+0300][18492][12796][debug][gc,phases] GC(12)     Choose Collection Set: 0.0ms
[2025-05-20T20:26:13.439+0300][18492][12796][debug][gc,phases] GC(12)     Region Register: 0.2ms
[2025-05-20T20:26:13.439+0300][18492][12796][debug][gc,phases] GC(12)     Prepare Heap Roots: 0.0ms
[2025-05-20T20:26:13.439+0300][18492][12796][info ][gc,phases] GC(12)   Merge Heap Roots: 0.1ms
[2025-05-20T20:26:13.439+0300][18492][12796][debug][gc,phases] GC(12)     Prepare Merge Heap Roots: 0.0ms
[2025-05-20T20:26:13.439+0300][18492][12796][debug][gc,phases] GC(12)     Remembered Sets (ms):          Min:  0.1, Avg:  0.1, Max:  0.1, Diff:  0.0, Sum:  0.7, Workers: 8
[2025-05-20T20:26:13.439+0300][18492][12796][debug][gc,phases] GC(12)       Eager Reclaim (ms):            skipped
[2025-05-20T20:26:13.439+0300][18492][12796][debug][gc,phases] GC(12)       Merged Inline                  Min: 0, Avg:  0.0, Max: 0, Diff: 0, Sum: 0, Workers: 8
[2025-05-20T20:26:13.439+0300][18492][12796][debug][gc,phases] GC(12)       Merged ArrayOfCards            Min: 0, Avg:  0.0, Max: 0, Diff: 0, Sum: 0, Workers: 8
[2025-05-20T20:26:13.439+0300][18492][12796][debug][gc,phases] GC(12)       Merged Howl                    Min: 0, Avg:  0.0, Max: 0, Diff: 0, Sum: 0, Workers: 8
[2025-05-20T20:26:13.439+0300][18492][12796][debug][gc,phases] GC(12)       Merged Full                    Min: 0, Avg:  0.0, Max: 0, Diff: 0, Sum: 0, Workers: 8
[2025-05-20T20:26:13.439+0300][18492][12796][debug][gc,phases] GC(12)       Merged Howl Inline             Min: 0, Avg:  0.0, Max: 0, Diff: 0, Sum: 0, Workers: 8
[2025-05-20T20:26:13.439+0300][18492][12796][debug][gc,phases] GC(12)       Merged Howl ArrayOfCards       Min: 0, Avg:  0.0, Max: 0, Diff: 0, Sum: 0, Workers: 8
[2025-05-20T20:26:13.439+0300][18492][12796][debug][gc,phases] GC(12)       Merged Howl BitMap             Min: 0, Avg:  0.0, Max: 0, Diff: 0, Sum: 0, Workers: 8
[2025-05-20T20:26:13.439+0300][18492][12796][debug][gc,phases] GC(12)       Merged Howl Full               Min: 0, Avg:  0.0, Max: 0, Diff: 0, Sum: 0, Workers: 8
[2025-05-20T20:26:13.439+0300][18492][12796][debug][gc,phases] GC(12)       Merged Cards                   Min: 8, Avg:  8.0, Max: 8, Diff: 0, Sum: 64, Workers: 8
[2025-05-20T20:26:13.439+0300][18492][12796][debug][gc,phases] GC(12)     Log Buffers (ms):              Min:  0.0, Avg:  0.0, Max:  0.0, Diff:  0.0, Sum:  0.0, Workers: 8
[2025-05-20T20:26:13.439+0300][18492][12796][debug][gc,phases] GC(12)       Dirty Cards:                   Min: 0, Avg: 58.8, Max: 325, Diff: 325, Sum: 470, Workers: 8
[2025-05-20T20:26:13.439+0300][18492][12796][debug][gc,phases] GC(12)       Skipped Cards:                 Min: 0, Avg:  0.0, Max: 0, Diff: 0, Sum: 0, Workers: 8
[2025-05-20T20:26:13.439+0300][18492][12796][info ][gc,phases] GC(12)   Evacuate Collection Set: 1.2ms
[2025-05-20T20:26:13.439+0300][18492][12796][debug][gc,phases] GC(12)     Ext Root Scanning (ms):        Min:  0.0, Avg:  0.1, Max:  0.2, Diff:  0.2, Sum:  0.8, Workers: 8
[2025-05-20T20:26:13.439+0300][18492][12796][debug][gc,phases] GC(12)     Scan Heap Roots (ms):          Min:  0.0, Avg:  0.1, Max:  0.1, Diff:  0.1, Sum:  0.5, Workers: 8
[2025-05-20T20:26:13.439+0300][18492][12796][debug][gc,phases] GC(12)       Scanned Cards:                 Min: 0, Avg: 58.0, Max: 130, Diff: 130, Sum: 464, Workers: 8
[2025-05-20T20:26:13.439+0300][18492][12796][debug][gc,phases] GC(12)       Scanned Blocks:                Min: 0, Avg: 32.0, Max: 79, Diff: 79, Sum: 256, Workers: 8
[2025-05-20T20:26:13.439+0300][18492][12796][debug][gc,phases] GC(12)       Claimed Chunks:                Min: 0, Avg: 14.9, Max: 39, Diff: 39, Sum: 119, Workers: 8
[2025-05-20T20:26:13.439+0300][18492][12796][debug][gc,phases] GC(12)       Found Roots:                   Min: 0, Avg: 255.1, Max: 1002, Diff: 1002, Sum: 2041, Workers: 8
[2025-05-20T20:26:13.439+0300][18492][12796][debug][gc,phases] GC(12)     Code Root Scan (ms):           Min:  0.1, Avg:  0.3, Max:  0.6, Diff:  0.5, Sum:  2.5, Workers: 8
[2025-05-20T20:26:13.439+0300][18492][12796][debug][gc,phases] GC(12)       Scanned Nmethods               Min: 14, Avg: 49.5, Max: 106, Diff: 92, Sum: 396, Workers: 8
[2025-05-20T20:26:13.439+0300][18492][12796][debug][gc,phases] GC(12)     Object Copy (ms):              Min:  0.0, Avg:  0.3, Max:  0.5, Diff:  0.5, Sum:  2.5, Workers: 8
[2025-05-20T20:26:13.439+0300][18492][12796][debug][gc,phases] GC(12)     Termination (ms):              Min:  0.1, Avg:  0.2, Max:  0.2, Diff:  0.2, Sum:  1.4, Workers: 8
[2025-05-20T20:26:13.439+0300][18492][12796][debug][gc,phases] GC(12)       Termination Attempts:          Min: 1, Avg:  1.0, Max: 1, Diff: 0, Sum: 8, Workers: 8
[2025-05-20T20:26:13.439+0300][18492][12796][debug][gc,phases] GC(12)     GC Worker Other (ms):          Min:  0.1, Avg:  0.1, Max:  0.1, Diff:  0.0, Sum:  0.6, Workers: 8
[2025-05-20T20:26:13.439+0300][18492][12796][debug][gc,phases] GC(12)     GC Worker Total (ms):          Min:  0.4, Avg:  1.0, Max:  1.2, Diff:  0.7, Sum:  8.3, Workers: 8
[2025-05-20T20:26:13.439+0300][18492][12796][info ][gc,phases] GC(12)   Post Evacuate Collection Set: 1.3ms
[2025-05-20T20:26:13.439+0300][18492][12796][debug][gc,phases] GC(12)     NMethod List Cleanup: 0.1ms
[2025-05-20T20:26:13.439+0300][18492][12796][debug][gc,phases] GC(12)     Reference Processing: 0.1ms
[2025-05-20T20:26:13.439+0300][18492][12796][debug][gc,phases] GC(12)     Weak Processing: 0.2ms
[2025-05-20T20:26:13.439+0300][18492][12796][debug][gc,phases] GC(12)       VM Weak                        Min:  0.0, Avg:  0.0, Max:  0.0, Diff:  0.0, Sum:  0.0, Workers: 8
[2025-05-20T20:26:13.439+0300][18492][12796][debug][gc,phases] GC(12)         Dead                           Min: 0, Avg:  0.0, Max: 0, Diff: 0, Sum: 0, Workers: 8
[2025-05-20T20:26:13.439+0300][18492][12796][debug][gc,phases] GC(12)         Total                          Min: 0, Avg: 49.8, Max: 256, Diff: 256, Sum: 398, Workers: 8
[2025-05-20T20:26:13.439+0300][18492][12796][debug][gc,phases] GC(12)       ObjectSynchronizer Weak        Min:  0.0, Avg:  0.0, Max:  0.0, Diff:  0.0, Sum:  0.0, Workers: 8
[2025-05-20T20:26:13.439+0300][18492][12796][debug][gc,phases] GC(12)         Dead                           Min: 0, Avg:  0.0, Max: 0, Diff: 0, Sum: 0, Workers: 8
[2025-05-20T20:26:13.439+0300][18492][12796][debug][gc,phases] GC(12)         Total                          Min: 0, Avg:  2.4, Max: 19, Diff: 19, Sum: 19, Workers: 8
[2025-05-20T20:26:13.439+0300][18492][12796][debug][gc,phases] GC(12)       JVMTI Tag Weak OopStorage      Min:  0.0, Avg:  0.0, Max:  0.0, Diff:  0.0, Sum:  0.0, Workers: 8
[2025-05-20T20:26:13.439+0300][18492][12796][debug][gc,phases] GC(12)         Dead                           Min: 0, Avg:  0.0, Max: 0, Diff: 0, Sum: 0, Workers: 8
[2025-05-20T20:26:13.439+0300][18492][12796][debug][gc,phases] GC(12)         Total                          Min: 0, Avg:  0.0, Max: 0, Diff: 0, Sum: 0, Workers: 8
[2025-05-20T20:26:13.439+0300][18492][12796][debug][gc,phases] GC(12)       StringTable Weak               Min:  0.0, Avg:  0.0, Max:  0.1, Diff:  0.1, Sum:  0.4, Workers: 8
[2025-05-20T20:26:13.439+0300][18492][12796][debug][gc,phases] GC(12)         Dead                           Min: 0, Avg:  0.0, Max: 0, Diff: 0, Sum: 0, Workers: 8
[2025-05-20T20:26:13.439+0300][18492][12796][debug][gc,phases] GC(12)         Total                          Min: 0, Avg: 3491.8, Max: 8158, Diff: 8158, Sum: 27934, Workers: 8
[2025-05-20T20:26:13.439+0300][18492][12796][debug][gc,phases] GC(12)       ResolvedMethodTable Weak       Min:  0.0, Avg:  0.0, Max:  0.0, Diff:  0.0, Sum:  0.0, Workers: 8
[2025-05-20T20:26:13.439+0300][18492][12796][debug][gc,phases] GC(12)         Dead                           Min: 0, Avg:  0.0, Max: 0, Diff: 0, Sum: 0, Workers: 8
[2025-05-20T20:26:13.439+0300][18492][12796][debug][gc,phases] GC(12)         Total                          Min: 0, Avg: 225.6, Max: 448, Diff: 448, Sum: 1805, Workers: 8
[2025-05-20T20:26:13.439+0300][18492][12796][debug][gc,phases] GC(12)       JNI Weak                       Min:  0.0, Avg:  0.0, Max:  0.0, Diff:  0.0, Sum:  0.0, Workers: 8
[2025-05-20T20:26:13.439+0300][18492][12796][debug][gc,phases] GC(12)         Dead                           Min: 0, Avg:  0.0, Max: 0, Diff: 0, Sum: 0, Workers: 8
[2025-05-20T20:26:13.439+0300][18492][12796][debug][gc,phases] GC(12)         Total                          Min: 0, Avg:  0.0, Max: 0, Diff: 0, Sum: 0, Workers: 8
[2025-05-20T20:26:13.439+0300][18492][12796][debug][gc,phases] GC(12)       StringDedup Table Weak         Min:  0.0, Avg:  0.0, Max:  0.0, Diff:  0.0, Sum:  0.0, Workers: 8
[2025-05-20T20:26:13.439+0300][18492][12796][debug][gc,phases] GC(12)         Dead                           Min: 0, Avg:  0.0, Max: 0, Diff: 0, Sum: 0, Workers: 8
[2025-05-20T20:26:13.439+0300][18492][12796][debug][gc,phases] GC(12)         Total                          Min: 0, Avg:  0.0, Max: 0, Diff: 0, Sum: 0, Workers: 8
[2025-05-20T20:26:13.439+0300][18492][12796][debug][gc,phases] GC(12)       StringDedup Requests0 Weak     Min:  0.0, Avg:  0.0, Max:  0.0, Diff:  0.0, Sum:  0.0, Workers: 8
[2025-05-20T20:26:13.439+0300][18492][12796][debug][gc,phases] GC(12)         Dead                           Min: 0, Avg:  0.0, Max: 0, Diff: 0, Sum: 0, Workers: 8
[2025-05-20T20:26:13.439+0300][18492][12796][debug][gc,phases] GC(12)         Total                          Min: 0, Avg:  0.0, Max: 0, Diff: 0, Sum: 0, Workers: 8
[2025-05-20T20:26:13.439+0300][18492][12796][debug][gc,phases] GC(12)       StringDedup Requests1 Weak     Min:  0.0, Avg:  0.0, Max:  0.0, Diff:  0.0, Sum:  0.0, Workers: 8
[2025-05-20T20:26:13.439+0300][18492][12796][debug][gc,phases] GC(12)         Dead                           Min: 0, Avg:  0.0, Max: 0, Diff: 0, Sum: 0, Workers: 8
[2025-05-20T20:26:13.439+0300][18492][12796][debug][gc,phases] GC(12)         Total                          Min: 0, Avg:  0.0, Max: 0, Diff: 0, Sum: 0, Workers: 8
[2025-05-20T20:26:13.439+0300][18492][12796][debug][gc,phases] GC(12)       Weak JFR Old Object Samples    Min:  0.0, Avg:  0.0, Max:  0.0, Diff:  0.0, Sum:  0.0, Workers: 8
[2025-05-20T20:26:13.439+0300][18492][12796][debug][gc,phases] GC(12)         Dead                           Min: 0, Avg:  0.0, Max: 0, Diff: 0, Sum: 0, Workers: 8
[2025-05-20T20:26:13.439+0300][18492][12796][debug][gc,phases] GC(12)         Total                          Min: 0, Avg:  0.0, Max: 0, Diff: 0, Sum: 0, Workers: 8
[2025-05-20T20:26:13.439+0300][18492][12796][debug][gc,phases] GC(12)     Post Evacuate Cleanup 1: 0.5ms
[2025-05-20T20:26:13.439+0300][18492][12796][debug][gc,phases] GC(12)       Merge Per-Thread State (ms):   Min:  0.2, Avg:  0.2, Max:  0.2, Diff:  0.0, Sum:  0.2, Workers: 1
[2025-05-20T20:26:13.439+0300][18492][12796][debug][gc,phases] GC(12)         Copied Bytes                   Min: 664, Avg: 287862.0, Max: 1035704, Diff: 1035040, Sum: 2302896, Workers: 8
[2025-05-20T20:26:13.439+0300][18492][12796][debug][gc,phases] GC(12)         LAB Waste                      Min: 0, Avg: 468.0, Max: 1584, Diff: 1584, Sum: 3744, Workers: 8
[2025-05-20T20:26:13.439+0300][18492][12796][debug][gc,phases] GC(12)         LAB Undo Waste                 Min: 0, Avg:  0.0, Max: 0, Diff: 0, Sum: 0, Workers: 8
[2025-05-20T20:26:13.439+0300][18492][12796][debug][gc,phases] GC(12)       Clear Logged Cards (ms):       Min:  0.0, Avg:  0.2, Max:  0.4, Diff:  0.4, Sum:  1.6, Workers: 7
[2025-05-20T20:26:13.439+0300][18492][12796][debug][gc,phases] GC(12)       Recalculate Used Memory (ms):  Min:  0.0, Avg:  0.0, Max:  0.0, Diff:  0.0, Sum:  0.0, Workers: 1
[2025-05-20T20:26:13.439+0300][18492][12796][debug][gc,phases] GC(12)     Post Evacuate Cleanup 2: 0.4ms
[2025-05-20T20:26:13.439+0300][18492][12796][debug][gc,phases] GC(12)       Update Derived Pointers (ms):  Min:  0.0, Avg:  0.0, Max:  0.0, Diff:  0.0, Sum:  0.0, Workers: 1
[2025-05-20T20:26:13.439+0300][18492][12796][debug][gc,phases] GC(12)       Eagerly Reclaim Humongous Objects (ms): skipped
[2025-05-20T20:26:13.439+0300][18492][12796][debug][gc,phases] GC(12)         Humongous Total                skipped
[2025-05-20T20:26:13.439+0300][18492][12796][debug][gc,phases] GC(12)         Humongous Candidates           skipped
[2025-05-20T20:26:13.439+0300][18492][12796][debug][gc,phases] GC(12)         Humongous Reclaimed            skipped
[2025-05-20T20:26:13.439+0300][18492][12796][debug][gc,phases] GC(12)       Redirty Logged Cards (ms):     Min:  0.0, Avg:  0.0, Max:  0.0, Diff:  0.0, Sum:  0.0, Workers: 8
[2025-05-20T20:26:13.439+0300][18492][12796][debug][gc,phases] GC(12)         Redirtied Cards:               Min: 0, Avg: 43.0, Max: 179, Diff: 179, Sum: 344, Workers: 8
[2025-05-20T20:26:13.439+0300][18492][12796][debug][gc,phases] GC(12)       Resize TLABs (ms):             Min:  0.0, Avg:  0.0, Max:  0.0, Diff:  0.0, Sum:  0.0, Workers: 8
[2025-05-20T20:26:13.439+0300][18492][12796][debug][gc,phases] GC(12)       Free Collection Set (ms):      Min:  0.0, Avg:  0.2, Max:  0.3, Diff:  0.3, Sum:  1.8, Workers: 8
[2025-05-20T20:26:13.439+0300][18492][12796][debug][gc,phases] GC(12)     Rebuild Free List: 0.2ms
[2025-05-20T20:26:13.439+0300][18492][12796][debug][gc,phases] GC(12)     Prepare For Mutator: 0.0ms
[2025-05-20T20:26:13.439+0300][18492][12796][debug][gc,phases] GC(12)     Expand Heap After Collection: 0.0ms
[2025-05-20T20:26:13.439+0300][18492][12796][info ][gc,phases] GC(12)   Other: 0.1ms
[2025-05-20T20:26:13.439+0300][18492][12796][info ][gc,heap  ] GC(12) Eden regions: 1226->0(1226)
[2025-05-20T20:26:13.439+0300][18492][12796][info ][gc,heap  ] GC(12) Survivor regions: 2->2(154)
[2025-05-20T20:26:13.439+0300][18492][12796][info ][gc,heap  ] GC(12) Old regions: 11->11
[2025-05-20T20:26:13.439+0300][18492][12796][info ][gc,heap  ] GC(12) Humongous regions: 0->0
[2025-05-20T20:26:13.439+0300][18492][12796][debug][gc,heap  ] GC(12) Heap after GC invocations=13 (full 3):
[2025-05-20T20:26:13.439+0300][18492][12796][debug][gc,heap  ] GC(12)  garbage-first heap   total 4194304K, used 16542K [0x0000000700000000, 0x0000000800000000)
[2025-05-20T20:26:13.439+0300][18492][12796][debug][gc,heap  ] GC(12)   region size 2048K, 2 young (4096K), 2 survivors (4096K)
[2025-05-20T20:26:13.439+0300][18492][12796][debug][gc,heap  ] GC(12)  Metaspace       used 34425K, committed 35520K, reserved 1114112K
[2025-05-20T20:26:13.439+0300][18492][12796][debug][gc,heap  ] GC(12)   class space    used 2864K, committed 3328K, reserved 1048576K
[2025-05-20T20:26:13.439+0300][18492][12796][info ][gc       ] GC(12) Pause Young (Normal) (G1 Evacuation Pause) 2468M->16M(4096M) 4.402ms
[2025-05-20T20:26:13.439+0300][18492][12796][info ][safepoint] Safepoint "G1CollectForAllocation", Time since last: 22094036200 ns, Reaching safepoint: 281200 ns, Cleanup: 21200 ns, At safepoint: 4452100 ns, Total: 4754500 ns
[2025-05-20T20:26:29.571+0300][18492][12796][debug][safepoint] Safepoint synchronization initiated using striped semaphore wait barrier. (12 threads)
[2025-05-20T20:26:29.571+0300][18492][12796][info ][safepoint] Safepoint "Cleanup", Time since last: 16130440500 ns, Reaching safepoint: 44300 ns, Cleanup: 21600 ns, At safepoint: 1700 ns, Total: 67600 ns
[2025-05-20T20:26:29.602+0300][18492][12796][debug][safepoint] Safepoint synchronization initiated using striped semaphore wait barrier. (12 threads)
