[2025-05-18T19:43:25.699+0300][13540][25232][info][gc,init] CardTable entry size: 512
[2025-05-18T19:43:25.699+0300][13540][25232][info][gc     ] Using G1
[2025-05-18T19:43:25.713+0300][13540][25232][info][gc,init] Version: 21.0.6+8-LTS-188 (release)
[2025-05-18T19:43:25.713+0300][13540][25232][info][gc,init] CPUs: 8 total, 8 available
[2025-05-18T19:43:25.713+0300][13540][25232][info][gc,init] Memory: 16183M
[2025-05-18T19:43:25.713+0300][13540][25232][info][gc,init] Large Page Support: Disabled
[2025-05-18T19:43:25.713+0300][13540][25232][info][gc,init] NUMA Support: Disabled
[2025-05-18T19:43:25.713+0300][13540][25232][info][gc,init] Compressed Oops: Enabled (Zero based)
[2025-05-18T19:43:25.715+0300][13540][25232][info][gc,init] Heap Region Size: 2M
[2025-05-18T19:43:25.715+0300][13540][25232][info][gc,init] Heap Min Capacity: 4G
[2025-05-18T19:43:25.715+0300][13540][25232][info][gc,init] Heap Initial Capacity: 4G
[2025-05-18T19:43:25.715+0300][13540][25232][info][gc,init] Heap Max Capacity: 4G
[2025-05-18T19:43:25.715+0300][13540][25232][info][gc,init] Pre-touch: Disabled
[2025-05-18T19:43:25.715+0300][13540][25232][info][gc,init] Parallel Workers: 8
[2025-05-18T19:43:25.715+0300][13540][25232][info][gc,init] Concurrent Workers: 2
[2025-05-18T19:43:25.715+0300][13540][25232][info][gc,init] Concurrent Refinement Workers: 8
[2025-05-18T19:43:25.715+0300][13540][25232][info][gc,init] Periodic GC: Disabled
[2025-05-18T19:43:25.723+0300][13540][25232][info][gc,metaspace] CDS archive(s) mapped at: [0x000001eb80000000-0x000001eb80c90000-0x000001eb80c90000), size 13172736, SharedBaseAddress: 0x000001eb80000000, ArchiveRelocationMode: 1.
[2025-05-18T19:43:25.724+0300][13540][25232][info][gc,metaspace] Compressed class space mapped at: 0x000001eb81000000-0x000001ebc1000000, reserved size: 1073741824
[2025-05-18T19:43:25.724+0300][13540][25232][info][gc,metaspace] Narrow klass base: 0x000001eb80000000, Narrow klass shift: 0, Narrow klass range: 0x100000000
[2025-05-18T19:43:26.098+0300][13540][15804][info][gc,start    ] GC(0) Pause Full (System.gc())
[2025-05-18T19:43:26.099+0300][13540][15804][info][gc,task     ] GC(0) Using 8 workers of 8 for full compaction
[2025-05-18T19:43:26.099+0300][13540][15804][info][gc,phases,start] GC(0) Phase 1: Mark live objects
[2025-05-18T19:43:26.104+0300][13540][15804][info][gc,phases      ] GC(0) Phase 1: Mark live objects 3.645ms
[2025-05-18T19:43:26.104+0300][13540][15804][info][gc,phases,start] GC(0) Phase 2: Prepare compaction
[2025-05-18T19:43:26.104+0300][13540][15804][info][gc,phases      ] GC(0) Phase 2: Prepare compaction 0.499ms
[2025-05-18T19:43:26.104+0300][13540][15804][info][gc,phases,start] GC(0) Phase 3: Adjust pointers
[2025-05-18T19:43:26.105+0300][13540][15804][info][gc,phases      ] GC(0) Phase 3: Adjust pointers 0.978ms
[2025-05-18T19:43:26.105+0300][13540][15804][info][gc,phases,start] GC(0) Phase 4: Compact heap
[2025-05-18T19:43:26.106+0300][13540][15804][info][gc,phases      ] GC(0) Phase 4: Compact heap 1.034ms
[2025-05-18T19:43:26.106+0300][13540][15804][info][gc,phases,start] GC(0) Phase 5: Reset Metadata
[2025-05-18T19:43:26.107+0300][13540][15804][info][gc,phases      ] GC(0) Phase 5: Reset Metadata 1.134ms
[2025-05-18T19:43:26.128+0300][13540][15804][info][gc,heap        ] GC(0) Eden regions: 25->0(102)
[2025-05-18T19:43:26.128+0300][13540][15804][info][gc,heap        ] GC(0) Survivor regions: 0->0(0)
[2025-05-18T19:43:26.128+0300][13540][15804][info][gc,heap        ] GC(0) Old regions: 0->8
[2025-05-18T19:43:26.128+0300][13540][15804][info][gc,heap        ] GC(0) Humongous regions: 0->0
[2025-05-18T19:43:26.128+0300][13540][15804][info][gc,metaspace   ] GC(0) Metaspace: 2841K(3008K)->2841K(3008K) NonClass: 2586K(2688K)->2586K(2688K) Class: 255K(320K)->255K(320K)
[2025-05-18T19:43:26.129+0300][13540][15804][info][gc             ] GC(0) Pause Full (System.gc()) 50M->2M(4096M) 30.594ms
[2025-05-18T19:43:26.129+0300][13540][15804][info][gc,cpu         ] GC(0) User=0.08s Sys=0.14s Real=0.03s
[2025-05-18T19:43:33.041+0300][13540][15804][info][gc,start       ] GC(1) Pause Full (System.gc())
[2025-05-18T19:43:33.041+0300][13540][15804][info][gc,task        ] GC(1) Using 8 workers of 8 for full compaction
[2025-05-18T19:43:33.042+0300][13540][15804][info][gc,phases,start] GC(1) Phase 1: Mark live objects
[2025-05-18T19:43:33.043+0300][13540][15804][info][gc,phases      ] GC(1) Phase 1: Mark live objects 1.972ms
[2025-05-18T19:43:33.043+0300][13540][15804][info][gc,phases,start] GC(1) Phase 2: Prepare compaction
[2025-05-18T19:43:33.044+0300][13540][15804][info][gc,phases      ] GC(1) Phase 2: Prepare compaction 0.585ms
[2025-05-18T19:43:33.044+0300][13540][15804][info][gc,phases,start] GC(1) Phase 3: Adjust pointers
[2025-05-18T19:43:33.046+0300][13540][15804][info][gc,phases      ] GC(1) Phase 3: Adjust pointers 1.442ms
[2025-05-18T19:43:33.046+0300][13540][15804][info][gc,phases,start] GC(1) Phase 4: Compact heap
[2025-05-18T19:43:33.046+0300][13540][15804][info][gc,phases      ] GC(1) Phase 4: Compact heap 0.873ms
[2025-05-18T19:43:33.046+0300][13540][15804][info][gc,phases,start] GC(1) Phase 5: Reset Metadata
[2025-05-18T19:43:33.048+0300][13540][15804][info][gc,phases      ] GC(1) Phase 5: Reset Metadata 1.089ms
[2025-05-18T19:43:33.055+0300][13540][15804][info][gc,heap        ] GC(1) Eden regions: 42->0(102)
[2025-05-18T19:43:33.055+0300][13540][15804][info][gc,heap        ] GC(1) Survivor regions: 0->0(0)
[2025-05-18T19:43:33.055+0300][13540][15804][info][gc,heap        ] GC(1) Old regions: 8->8
[2025-05-18T19:43:33.055+0300][13540][15804][info][gc,heap        ] GC(1) Humongous regions: 0->0
[2025-05-18T19:43:33.055+0300][13540][15804][info][gc,metaspace   ] GC(1) Metaspace: 5377K(5632K)->5377K(5632K) NonClass: 4796K(4928K)->4796K(4928K) Class: 581K(704K)->581K(704K)
[2025-05-18T19:43:33.055+0300][13540][15804][info][gc             ] GC(1) Pause Full (System.gc()) 86M->2M(4096M) 13.983ms
[2025-05-18T19:43:33.055+0300][13540][15804][info][gc,cpu         ] GC(1) User=0.02s Sys=0.02s Real=0.01s
[2025-05-18T19:43:40.823+0300][13540][15804][info][gc,start       ] GC(2) Pause Full (System.gc())
[2025-05-18T19:43:40.823+0300][13540][15804][info][gc,task        ] GC(2) Using 8 workers of 8 for full compaction
[2025-05-18T19:43:40.823+0300][13540][15804][info][gc,phases,start] GC(2) Phase 1: Mark live objects
[2025-05-18T19:43:40.825+0300][13540][15804][info][gc,phases      ] GC(2) Phase 1: Mark live objects 2.118ms
[2025-05-18T19:43:40.825+0300][13540][15804][info][gc,phases,start] GC(2) Phase 2: Prepare compaction
[2025-05-18T19:43:40.825+0300][13540][15804][info][gc,phases      ] GC(2) Phase 2: Prepare compaction 0.387ms
[2025-05-18T19:43:40.825+0300][13540][15804][info][gc,phases,start] GC(2) Phase 3: Adjust pointers
[2025-05-18T19:43:40.827+0300][13540][15804][info][gc,phases      ] GC(2) Phase 3: Adjust pointers 1.244ms
[2025-05-18T19:43:40.827+0300][13540][15804][info][gc,phases,start] GC(2) Phase 4: Compact heap
[2025-05-18T19:43:40.827+0300][13540][15804][info][gc,phases      ] GC(2) Phase 4: Compact heap 0.362ms
[2025-05-18T19:43:40.827+0300][13540][15804][info][gc,phases,start] GC(2) Phase 5: Reset Metadata
[2025-05-18T19:43:40.828+0300][13540][15804][info][gc,phases      ] GC(2) Phase 5: Reset Metadata 0.904ms
[2025-05-18T19:43:40.834+0300][13540][15804][info][gc,heap        ] GC(2) Eden regions: 40->0(102)
[2025-05-18T19:43:40.834+0300][13540][15804][info][gc,heap        ] GC(2) Survivor regions: 0->0(0)
[2025-05-18T19:43:40.834+0300][13540][15804][info][gc,heap        ] GC(2) Old regions: 8->8
[2025-05-18T19:43:40.835+0300][13540][15804][info][gc,heap        ] GC(2) Humongous regions: 0->0
[2025-05-18T19:43:40.835+0300][13540][15804][info][gc,metaspace   ] GC(2) Metaspace: 5407K(5632K)->5407K(5632K) NonClass: 4826K(4928K)->4826K(4928K) Class: 581K(704K)->581K(704K)
[2025-05-18T19:43:40.835+0300][13540][15804][info][gc             ] GC(2) Pause Full (System.gc()) 81M->2M(4096M) 12.268ms
[2025-05-18T19:43:40.835+0300][13540][15804][info][gc,cpu         ] GC(2) User=0.03s Sys=0.00s Real=0.01s
[2025-05-18T19:43:48.292+0300][13540][25232][info][gc,heap,exit   ] Heap
[2025-05-18T19:43:48.293+0300][13540][25232][info][gc,heap,exit   ]  garbage-first heap   total 4194304K, used 82632K [0x0000000700000000, 0x0000000800000000)
[2025-05-18T19:43:48.293+0300][13540][25232][info][gc,heap,exit   ]   region size 2048K, 40 young (81920K), 0 survivors (0K)
[2025-05-18T19:43:48.293+0300][13540][25232][info][gc,heap,exit   ]  Metaspace       used 5491K, committed 5760K, reserved 1114112K
[2025-05-18T19:43:48.293+0300][13540][25232][info][gc,heap,exit   ]   class space    used 589K, committed 704K, reserved 1048576K
