[2025-06-17T22:54:04.108+0300][13752][22356][debug][gc,heap] Minimum heap 2147483648  Initial heap 2147483648  Maximum heap 2147483648
[2025-06-17T22:54:04.108+0300][13752][22356][info ][gc     ] Using G1
[2025-06-17T22:54:04.108+0300][13752][22356][debug][gc     ] ConcGCThreads: 2 offset 16
[2025-06-17T22:54:04.108+0300][13752][22356][debug][gc     ] ParallelGCThreads: 8
[2025-06-17T22:54:04.108+0300][13752][22356][debug][gc     ] Initialize mark stack with 4096 chunks, maximum 524288
[2025-06-17T22:54:04.858+0300][13752][18640][debug][safepoint] Safepoint synchronization initiated using striped semaphore wait barrier. (13 threads)
[2025-06-17T22:54:04.858+0300][13752][18640][debug][gc,heap  ] GC(0) Heap before GC invocations=0 (full 0):
[2025-06-17T22:54:04.858+0300][13752][18640][debug][gc,heap  ] GC(0)  garbage-first heap   total 2097152K, used 49152K [0x0000000080000000, 0x0000000100000000)
[2025-06-17T22:54:04.858+0300][13752][18640][debug][gc,heap  ] GC(0)   region size 1024K, 50 young (51200K), 0 survivors (0K)
[2025-06-17T22:54:04.858+0300][13752][18640][debug][gc,heap  ] GC(0)  Metaspace       used 2843K, committed 3072K, reserved 1114112K
[2025-06-17T22:54:04.858+0300][13752][18640][debug][gc,heap  ] GC(0)   class space    used 257K, committed 384K, reserved 1048576K
[2025-06-17T22:54:04.858+0300][13752][18640][debug][gc,phases] GC(0) Phase 1: Reference Processing 0.127ms
[2025-06-17T22:54:04.858+0300][13752][18640][debug][gc,phases] GC(0)   VM Weak                        Min:  0.0, Avg:  0.0, Max:  0.0, Diff:  0.0, Sum:  0.0, Workers: 5
[2025-06-17T22:54:04.858+0300][13752][18640][debug][gc,phases] GC(0)     Dead                           Min: 0, Avg:  0.0, Max: 0, Diff: 0, Sum: 0, Workers: 5
[2025-06-17T22:54:04.858+0300][13752][18640][debug][gc,phases] GC(0)     Total                          Min: 0, Avg:  4.0, Max: 20, Diff: 20, Sum: 20, Workers: 5
[2025-06-17T22:54:04.858+0300][13752][18640][debug][gc,phases] GC(0)   ObjectSynchronizer Weak        Min:  0.0, Avg:  0.0, Max:  0.0, Diff:  0.0, Sum:  0.0, Workers: 5
[2025-06-17T22:54:04.858+0300][13752][18640][debug][gc,phases] GC(0)     Dead                           Min: 0, Avg:  0.0, Max: 0, Diff: 0, Sum: 0, Workers: 5
[2025-06-17T22:54:04.858+0300][13752][18640][debug][gc,phases] GC(0)     Total                          Min: 0, Avg:  0.2, Max: 1, Diff: 1, Sum: 1, Workers: 5
[2025-06-17T22:54:04.858+0300][13752][18640][debug][gc,phases] GC(0)   JVMTI Tag Weak OopStorage      Min:  0.0, Avg:  0.0, Max:  0.0, Diff:  0.0, Sum:  0.0, Workers: 5
[2025-06-17T22:54:04.858+0300][13752][18640][debug][gc,phases] GC(0)     Dead                           Min: 0, Avg:  0.0, Max: 0, Diff: 0, Sum: 0, Workers: 5
[2025-06-17T22:54:04.858+0300][13752][18640][debug][gc,phases] GC(0)     Total                          Min: 0, Avg:  0.0, Max: 0, Diff: 0, Sum: 0, Workers: 5
[2025-06-17T22:54:04.858+0300][13752][18640][debug][gc,phases] GC(0)   StringTable Weak               Min:  0.0, Avg:  0.0, Max:  0.0, Diff:  0.0, Sum:  0.0, Workers: 5
[2025-06-17T22:54:04.858+0300][13752][18640][debug][gc,phases] GC(0)     Dead                           Min: 0, Avg:  1.0, Max: 4, Diff: 4, Sum: 5, Workers: 5
[2025-06-17T22:54:04.858+0300][13752][18640][debug][gc,phases] GC(0)     Total                          Min: 0, Avg: 844.4, Max: 2368, Diff: 2368, Sum: 4222, Workers: 5
[2025-06-17T22:54:04.858+0300][13752][18640][debug][gc,phases] GC(0)   ResolvedMethodTable Weak       Min:  0.0, Avg:  0.0, Max:  0.0, Diff:  0.0, Sum:  0.0, Workers: 5
[2025-06-17T22:54:04.858+0300][13752][18640][debug][gc,phases] GC(0)     Dead                           Min: 0, Avg:  4.2, Max: 13, Diff: 13, Sum: 21, Workers: 5
[2025-06-17T22:54:04.858+0300][13752][18640][debug][gc,phases] GC(0)     Total                          Min: 0, Avg: 40.2, Max: 73, Diff: 73, Sum: 201, Workers: 5
[2025-06-17T22:54:04.858+0300][13752][18640][debug][gc,phases] GC(0)   JNI Weak                       Min:  0.0, Avg:  0.0, Max:  0.0, Diff:  0.0, Sum:  0.0, Workers: 5
[2025-06-17T22:54:04.858+0300][13752][18640][debug][gc,phases] GC(0)     Dead                           Min: 0, Avg:  0.0, Max: 0, Diff: 0, Sum: 0, Workers: 5
[2025-06-17T22:54:04.858+0300][13752][18640][debug][gc,phases] GC(0)     Total                          Min: 0, Avg:  0.0, Max: 0, Diff: 0, Sum: 0, Workers: 5
[2025-06-17T22:54:04.858+0300][13752][18640][debug][gc,phases] GC(0)   StringDedup Table Weak         Min:  0.0, Avg:  0.0, Max:  0.0, Diff:  0.0, Sum:  0.0, Workers: 5
[2025-06-17T22:54:04.858+0300][13752][18640][debug][gc,phases] GC(0)     Dead                           Min: 0, Avg:  0.0, Max: 0, Diff: 0, Sum: 0, Workers: 5
[2025-06-17T22:54:04.858+0300][13752][18640][debug][gc,phases] GC(0)     Total                          Min: 0, Avg:  0.0, Max: 0, Diff: 0, Sum: 0, Workers: 5
[2025-06-17T22:54:04.858+0300][13752][18640][debug][gc,phases] GC(0)   StringDedup Requests0 Weak     Min:  0.0, Avg:  0.0, Max:  0.0, Diff:  0.0, Sum:  0.0, Workers: 5
[2025-06-17T22:54:04.858+0300][13752][18640][debug][gc,phases] GC(0)     Dead                           Min: 0, Avg:  0.0, Max: 0, Diff: 0, Sum: 0, Workers: 5
[2025-06-17T22:54:04.858+0300][13752][18640][debug][gc,phases] GC(0)     Total                          Min: 0, Avg:  0.0, Max: 0, Diff: 0, Sum: 0, Workers: 5
[2025-06-17T22:54:04.858+0300][13752][18640][debug][gc,phases] GC(0)   StringDedup Requests1 Weak     Min:  0.0, Avg:  0.0, Max:  0.0, Diff:  0.0, Sum:  0.0, Workers: 5
[2025-06-17T22:54:04.858+0300][13752][18640][debug][gc,phases] GC(0)     Dead                           Min: 0, Avg:  0.0, Max: 0, Diff: 0, Sum: 0, Workers: 5
[2025-06-17T22:54:04.858+0300][13752][18640][debug][gc,phases] GC(0)     Total                          Min: 0, Avg:  0.0, Max: 0, Diff: 0, Sum: 0, Workers: 5
[2025-06-17T22:54:04.858+0300][13752][18640][debug][gc,phases] GC(0)   Weak JFR Old Object Samples    Min:  0.0, Avg:  0.0, Max:  0.0, Diff:  0.0, Sum:  0.0, Workers: 5
[2025-06-17T22:54:04.858+0300][13752][18640][debug][gc,phases] GC(0)     Dead                           Min: 0, Avg:  0.0, Max: 0, Diff: 0, Sum: 0, Workers: 5
[2025-06-17T22:54:04.858+0300][13752][18640][debug][gc,phases] GC(0)     Total                          Min: 0, Avg:  0.0, Max: 0, Diff: 0, Sum: 0, Workers: 5
[2025-06-17T22:54:04.858+0300][13752][18640][debug][gc,phases] GC(0) Phase 1: Weak Processing 0.434ms
[2025-06-17T22:54:04.858+0300][13752][18640][debug][gc,phases] GC(0) ClassLoaderData 0.004ms
[2025-06-17T22:54:04.858+0300][13752][18640][debug][gc,phases] GC(0) Trigger cleanups 0.001ms
[2025-06-17T22:54:04.858+0300][13752][18640][debug][gc,phases] GC(0) G1 Complete Cleaning 0.451ms
[2025-06-17T22:54:04.858+0300][13752][18640][debug][gc,phases] GC(0) Purge Unlinked NMethods 0.002ms
[2025-06-17T22:54:04.858+0300][13752][18640][debug][gc,phases] GC(0) Unregister NMethods 0.115ms
[2025-06-17T22:54:04.858+0300][13752][18640][debug][gc,phases] GC(0) Free Code Blobs 0.002ms
[2025-06-17T22:54:04.858+0300][13752][18640][debug][gc,phases] GC(0) Purge Class Loader Data 0.032ms
[2025-06-17T22:54:04.858+0300][13752][18640][debug][gc,phases] GC(0) Phase 1: Class Unloading and Cleanup 0.720ms
[2025-06-17T22:54:04.858+0300][13752][18640][debug][gc,phases] GC(0) Report Object Count 0.002ms
[2025-06-17T22:54:04.858+0300][13752][18640][info ][gc,phases] GC(0) Phase 1: Mark live objects 2.321ms
[2025-06-17T22:54:04.858+0300][13752][18640][debug][gc,phases] GC(0) Phase 2: Determine work lists 0.138ms
[2025-06-17T22:54:04.865+0300][13752][18640][debug][gc,phases] GC(0) Phase 2: Prepare parallel compaction 0.400ms
[2025-06-17T22:54:04.865+0300][13752][18640][info ][gc,phases] GC(0) Phase 2: Prepare compaction 0.702ms
[2025-06-17T22:54:04.865+0300][13752][18640][info ][gc,phases] GC(0) Phase 3: Adjust pointers 0.712ms
[2025-06-17T22:54:04.865+0300][13752][18640][info ][gc,phases] GC(0) Phase 4: Compact heap 0.547ms
[2025-06-17T22:54:04.865+0300][13752][18640][info ][gc,phases] GC(0) Phase 5: Reset Metadata 0.694ms
[2025-06-17T22:54:04.869+0300][13752][18640][info ][gc,heap  ] GC(0) Eden regions: 50->0(102)
[2025-06-17T22:54:04.869+0300][13752][18640][info ][gc,heap  ] GC(0) Survivor regions: 0->0(0)
[2025-06-17T22:54:04.871+0300][13752][18640][info ][gc,heap  ] GC(0) Old regions: 0->8
[2025-06-17T22:54:04.871+0300][13752][18640][info ][gc,heap  ] GC(0) Humongous regions: 0->0
[2025-06-17T22:54:04.871+0300][13752][18640][debug][gc,heap  ] GC(0) Heap after GC invocations=1 (full 1):
[2025-06-17T22:54:04.871+0300][13752][18640][debug][gc,heap  ] GC(0)  garbage-first heap   total 2097152K, used 2424K [0x0000000080000000, 0x0000000100000000)
[2025-06-17T22:54:04.871+0300][13752][18640][debug][gc,heap  ] GC(0)   region size 1024K, 0 young (0K), 0 survivors (0K)
[2025-06-17T22:54:04.871+0300][13752][18640][debug][gc,heap  ] GC(0)  Metaspace       used 2843K, committed 3072K, reserved 1114112K
[2025-06-17T22:54:04.871+0300][13752][18640][debug][gc,heap  ] GC(0)   class space    used 257K, committed 384K, reserved 1048576K
[2025-06-17T22:54:04.871+0300][13752][18640][info ][gc       ] GC(0) Pause Full (System.gc()) 49M->2M(2048M) 9.808ms
[2025-06-17T22:54:04.871+0300][13752][18640][info ][safepoint] Safepoint "G1CollectFull", Time since last: 731917400 ns, Reaching safepoint: 956300 ns, Cleanup: 52500 ns, At safepoint: 9837700 ns, Total: 10846500 ns
[2025-06-17T22:54:05.133+0300][13752][18640][debug][safepoint] Safepoint synchronization initiated using striped semaphore wait barrier. (22 threads)
[2025-06-17T22:54:05.133+0300][13752][18640][info ][safepoint] Safepoint "ICBufferFull", Time since last: 272907700 ns, Reaching safepoint: 57500 ns, Cleanup: 68200 ns, At safepoint: 5500 ns, Total: 131200 ns
[2025-06-17T22:54:07.146+0300][13752][18640][debug][safepoint] Safepoint synchronization initiated using striped semaphore wait barrier. (20 threads)
[2025-06-17T22:54:07.146+0300][13752][18640][info ][safepoint] Safepoint "Cleanup", Time since last: 2002407200 ns, Reaching safepoint: 40600 ns, Cleanup: 45100 ns, At safepoint: 4800 ns, Total: 90500 ns
[2025-06-17T22:54:08.147+0300][13752][18640][debug][safepoint] Safepoint synchronization initiated using striped semaphore wait barrier. (20 threads)
[2025-06-17T22:54:08.147+0300][13752][18640][info ][safepoint] Safepoint "Cleanup", Time since last: 1000595800 ns, Reaching safepoint: 52500 ns, Cleanup: 16900 ns, At safepoint: 4200 ns, Total: 73600 ns
[2025-06-17T22:54:11.478+0300][13752][18640][debug][safepoint] Safepoint synchronization initiated using striped semaphore wait barrier. (11 threads)
[2025-06-17T22:54:11.478+0300][13752][18640][info ][safepoint] Safepoint "Cleanup", Time since last: 3332091600 ns, Reaching safepoint: 47900 ns, Cleanup: 5500 ns, At safepoint: 4800 ns, Total: 58200 ns
[2025-06-17T22:54:11.478+0300][13752][18640][debug][safepoint] Safepoint synchronization initiated using striped semaphore wait barrier. (11 threads)
[2025-06-17T22:54:11.478+0300][13752][18640][debug][gc,heap  ] GC(1) Heap before GC invocations=1 (full 1):
[2025-06-17T22:54:11.478+0300][13752][18640][debug][gc,heap  ] GC(1)  garbage-first heap   total 2097152K, used 85368K [0x0000000080000000, 0x0000000100000000)
[2025-06-17T22:54:11.478+0300][13752][18640][debug][gc,heap  ] GC(1)   region size 1024K, 82 young (83968K), 0 survivors (0K)
[2025-06-17T22:54:11.478+0300][13752][18640][debug][gc,heap  ] GC(1)  Metaspace       used 5367K, committed 5632K, reserved 1114112K
[2025-06-17T22:54:11.478+0300][13752][18640][debug][gc,heap  ] GC(1)   class space    used 583K, committed 704K, reserved 1048576K
[2025-06-17T22:54:11.478+0300][13752][18640][debug][gc,phases] GC(1) Phase 1: Reference Processing 0.068ms
[2025-06-17T22:54:11.478+0300][13752][18640][debug][gc,phases] GC(1)   VM Weak                        Min:  0.0, Avg:  0.0, Max:  0.0, Diff:  0.0, Sum:  0.0, Workers: 7
[2025-06-17T22:54:11.478+0300][13752][18640][debug][gc,phases] GC(1)     Dead                           Min: 0, Avg:  0.0, Max: 0, Diff: 0, Sum: 0, Workers: 7
[2025-06-17T22:54:11.478+0300][13752][18640][debug][gc,phases] GC(1)     Total                          Min: 0, Avg:  2.9, Max: 20, Diff: 20, Sum: 20, Workers: 7
[2025-06-17T22:54:11.478+0300][13752][18640][debug][gc,phases] GC(1)   ObjectSynchronizer Weak        Min:  0.0, Avg:  0.0, Max:  0.0, Diff:  0.0, Sum:  0.0, Workers: 7
[2025-06-17T22:54:11.478+0300][13752][18640][debug][gc,phases] GC(1)     Dead                           Min: 0, Avg:  0.6, Max: 4, Diff: 4, Sum: 4, Workers: 7
[2025-06-17T22:54:11.478+0300][13752][18640][debug][gc,phases] GC(1)     Total                          Min: 0, Avg:  0.9, Max: 6, Diff: 6, Sum: 6, Workers: 7
[2025-06-17T22:54:11.478+0300][13752][18640][debug][gc,phases] GC(1)   JVMTI Tag Weak OopStorage      Min:  0.0, Avg:  0.0, Max:  0.0, Diff:  0.0, Sum:  0.0, Workers: 7
[2025-06-17T22:54:11.478+0300][13752][18640][debug][gc,phases] GC(1)     Dead                           Min: 0, Avg:  0.0, Max: 0, Diff: 0, Sum: 0, Workers: 7
[2025-06-17T22:54:11.478+0300][13752][18640][debug][gc,phases] GC(1)     Total                          Min: 0, Avg:  0.0, Max: 0, Diff: 0, Sum: 0, Workers: 7
[2025-06-17T22:54:11.478+0300][13752][18640][debug][gc,phases] GC(1)   StringTable Weak               Min:  0.0, Avg:  0.0, Max:  0.0, Diff:  0.0, Sum:  0.1, Workers: 7
[2025-06-17T22:54:11.478+0300][13752][18640][debug][gc,phases] GC(1)     Dead                           Min: 0, Avg:  0.0, Max: 0, Diff: 0, Sum: 0, Workers: 7
[2025-06-17T22:54:11.478+0300][13752][18640][debug][gc,phases] GC(1)     Total                          Min: 640, Avg: 823.7, Max: 1222, Diff: 582, Sum: 5766, Workers: 7
[2025-06-17T22:54:11.478+0300][13752][18640][debug][gc,phases] GC(1)   ResolvedMethodTable Weak       Min:  0.0, Avg:  0.0, Max:  0.0, Diff:  0.0, Sum:  0.0, Workers: 7
[2025-06-17T22:54:11.478+0300][13752][18640][debug][gc,phases] GC(1)     Dead                           Min: 0, Avg:  0.1, Max: 1, Diff: 1, Sum: 1, Workers: 7
[2025-06-17T22:54:11.478+0300][13752][18640][debug][gc,phases] GC(1)     Total                          Min: 0, Avg: 29.9, Max: 64, Diff: 64, Sum: 209, Workers: 7
[2025-06-17T22:54:11.478+0300][13752][18640][debug][gc,phases] GC(1)   JNI Weak                       Min:  0.0, Avg:  0.0, Max:  0.0, Diff:  0.0, Sum:  0.0, Workers: 7
[2025-06-17T22:54:11.478+0300][13752][18640][debug][gc,phases] GC(1)     Dead                           Min: 0, Avg:  0.0, Max: 0, Diff: 0, Sum: 0, Workers: 7
[2025-06-17T22:54:11.478+0300][13752][18640][debug][gc,phases] GC(1)     Total                          Min: 0, Avg:  0.0, Max: 0, Diff: 0, Sum: 0, Workers: 7
[2025-06-17T22:54:11.478+0300][13752][18640][debug][gc,phases] GC(1)   StringDedup Table Weak         Min:  0.0, Avg:  0.0, Max:  0.0, Diff:  0.0, Sum:  0.0, Workers: 7
[2025-06-17T22:54:11.478+0300][13752][18640][debug][gc,phases] GC(1)     Dead                           Min: 0, Avg:  0.0, Max: 0, Diff: 0, Sum: 0, Workers: 7
[2025-06-17T22:54:11.478+0300][13752][18640][debug][gc,phases] GC(1)     Total                          Min: 0, Avg:  0.0, Max: 0, Diff: 0, Sum: 0, Workers: 7
[2025-06-17T22:54:11.478+0300][13752][18640][debug][gc,phases] GC(1)   StringDedup Requests0 Weak     Min:  0.0, Avg:  0.0, Max:  0.0, Diff:  0.0, Sum:  0.0, Workers: 7
[2025-06-17T22:54:11.478+0300][13752][18640][debug][gc,phases] GC(1)     Dead                           Min: 0, Avg:  0.0, Max: 0, Diff: 0, Sum: 0, Workers: 7
[2025-06-17T22:54:11.478+0300][13752][18640][debug][gc,phases] GC(1)     Total                          Min: 0, Avg:  0.0, Max: 0, Diff: 0, Sum: 0, Workers: 7
[2025-06-17T22:54:11.478+0300][13752][18640][debug][gc,phases] GC(1)   StringDedup Requests1 Weak     Min:  0.0, Avg:  0.0, Max:  0.0, Diff:  0.0, Sum:  0.0, Workers: 7
[2025-06-17T22:54:11.478+0300][13752][18640][debug][gc,phases] GC(1)     Dead                           Min: 0, Avg:  0.0, Max: 0, Diff: 0, Sum: 0, Workers: 7
[2025-06-17T22:54:11.478+0300][13752][18640][debug][gc,phases] GC(1)     Total                          Min: 0, Avg:  0.0, Max: 0, Diff: 0, Sum: 0, Workers: 7
[2025-06-17T22:54:11.478+0300][13752][18640][debug][gc,phases] GC(1)   Weak JFR Old Object Samples    Min:  0.0, Avg:  0.0, Max:  0.0, Diff:  0.0, Sum:  0.0, Workers: 7
[2025-06-17T22:54:11.478+0300][13752][18640][debug][gc,phases] GC(1)     Dead                           Min: 0, Avg:  0.0, Max: 0, Diff: 0, Sum: 0, Workers: 7
[2025-06-17T22:54:11.478+0300][13752][18640][debug][gc,phases] GC(1)     Total                          Min: 0, Avg:  0.0, Max: 0, Diff: 0, Sum: 0, Workers: 7
[2025-06-17T22:54:11.478+0300][13752][18640][debug][gc,phases] GC(1) Phase 1: Weak Processing 0.412ms
[2025-06-17T22:54:11.478+0300][13752][18640][debug][gc,phases] GC(1) ClassLoaderData 0.001ms
[2025-06-17T22:54:11.478+0300][13752][18640][debug][gc,phases] GC(1) Trigger cleanups 0.002ms
[2025-06-17T22:54:11.478+0300][13752][18640][debug][gc,phases] GC(1) G1 Complete Cleaning 0.424ms
[2025-06-17T22:54:11.478+0300][13752][18640][debug][gc,phases] GC(1) Purge Unlinked NMethods 0.056ms
[2025-06-17T22:54:11.478+0300][13752][18640][debug][gc,phases] GC(1) Unregister NMethods 0.103ms
[2025-06-17T22:54:11.478+0300][13752][18640][debug][gc,phases] GC(1) Free Code Blobs 0.013ms
[2025-06-17T22:54:11.478+0300][13752][18640][debug][gc,phases] GC(1) Purge Class Loader Data 0.003ms
[2025-06-17T22:54:11.478+0300][13752][18640][debug][gc,phases] GC(1) Phase 1: Class Unloading and Cleanup 0.702ms
[2025-06-17T22:54:11.478+0300][13752][18640][debug][gc,phases] GC(1) Report Object Count 0.001ms
[2025-06-17T22:54:11.478+0300][13752][18640][info ][gc,phases] GC(1) Phase 1: Mark live objects 1.958ms
[2025-06-17T22:54:11.478+0300][13752][18640][debug][gc,phases] GC(1) Phase 2: Determine work lists 0.056ms
[2025-06-17T22:54:11.478+0300][13752][18640][debug][gc,phases] GC(1) Phase 2: Prepare parallel compaction 0.310ms
[2025-06-17T22:54:11.478+0300][13752][18640][info ][gc,phases] GC(1) Phase 2: Prepare compaction 0.391ms
[2025-06-17T22:54:11.478+0300][13752][18640][info ][gc,phases] GC(1) Phase 3: Adjust pointers 1.139ms
[2025-06-17T22:54:11.478+0300][13752][18640][info ][gc,phases] GC(1) Phase 4: Compact heap 0.301ms
[2025-06-17T22:54:11.487+0300][13752][18640][info ][gc,phases] GC(1) Phase 5: Reset Metadata 0.659ms
[2025-06-17T22:54:11.489+0300][13752][18640][info ][gc,heap  ] GC(1) Eden regions: 82->0(102)
[2025-06-17T22:54:11.489+0300][13752][18640][info ][gc,heap  ] GC(1) Survivor regions: 0->0(0)
[2025-06-17T22:54:11.489+0300][13752][18640][info ][gc,heap  ] GC(1) Old regions: 8->8
[2025-06-17T22:54:11.489+0300][13752][18640][info ][gc,heap  ] GC(1) Humongous regions: 0->0
[2025-06-17T22:54:11.489+0300][13752][18640][debug][gc,heap  ] GC(1) Heap after GC invocations=2 (full 2):
[2025-06-17T22:54:11.489+0300][13752][18640][debug][gc,heap  ] GC(1)  garbage-first heap   total 2097152K, used 2760K [0x0000000080000000, 0x0000000100000000)
[2025-06-17T22:54:11.489+0300][13752][18640][debug][gc,heap  ] GC(1)   region size 1024K, 0 young (0K), 0 survivors (0K)
[2025-06-17T22:54:11.489+0300][13752][18640][debug][gc,heap  ] GC(1)  Metaspace       used 5367K, committed 5632K, reserved 1114112K
[2025-06-17T22:54:11.489+0300][13752][18640][debug][gc,heap  ] GC(1)   class space    used 583K, committed 704K, reserved 1048576K
[2025-06-17T22:54:11.489+0300][13752][18640][info ][gc       ] GC(1) Pause Full (System.gc()) 84M->2M(2048M) 8.313ms
[2025-06-17T22:54:11.489+0300][13752][18640][info ][safepoint] Safepoint "G1CollectFull", Time since last: 3031800 ns, Reaching safepoint: 19100 ns, Cleanup: 9400 ns, At safepoint: 8332700 ns, Total: 8361200 ns
[2025-06-17T22:54:12.491+0300][13752][18640][debug][safepoint] Safepoint synchronization initiated using striped semaphore wait barrier. (20 threads)
[2025-06-17T22:54:12.491+0300][13752][18640][info ][safepoint] Safepoint "Cleanup", Time since last: 1000125500 ns, Reaching safepoint: 36800 ns, Cleanup: 20900 ns, At safepoint: 3300 ns, Total: 61000 ns
[2025-06-17T22:54:13.491+0300][13752][18640][debug][safepoint] Safepoint synchronization initiated using striped semaphore wait barrier. (20 threads)
[2025-06-17T22:54:13.491+0300][13752][18640][info ][safepoint] Safepoint "Cleanup", Time since last: 1000804800 ns, Reaching safepoint: 58400 ns, Cleanup: 10100 ns, At safepoint: 4700 ns, Total: 73200 ns
[2025-06-17T22:54:17.754+0300][13752][18640][debug][safepoint] Safepoint synchronization initiated using striped semaphore wait barrier. (11 threads)
[2025-06-17T22:54:17.754+0300][13752][18640][debug][gc,heap  ] GC(2) Heap before GC invocations=2 (full 2):
[2025-06-17T22:54:17.754+0300][13752][18640][debug][gc,heap  ] GC(2)  garbage-first heap   total 2097152K, used 79560K [0x0000000080000000, 0x0000000100000000)
[2025-06-17T22:54:17.754+0300][13752][18640][debug][gc,heap  ] GC(2)   region size 1024K, 76 young (77824K), 0 survivors (0K)
[2025-06-17T22:54:17.754+0300][13752][18640][debug][gc,heap  ] GC(2)  Metaspace       used 5393K, committed 5632K, reserved 1114112K
[2025-06-17T22:54:17.754+0300][13752][18640][debug][gc,heap  ] GC(2)   class space    used 583K, committed 704K, reserved 1048576K
[2025-06-17T22:54:17.754+0300][13752][18640][debug][gc,phases] GC(2) Phase 1: Reference Processing 0.068ms
[2025-06-17T22:54:17.754+0300][13752][18640][debug][gc,phases] GC(2)   VM Weak                        Min:  0.0, Avg:  0.0, Max:  0.0, Diff:  0.0, Sum:  0.0, Workers: 7
[2025-06-17T22:54:17.754+0300][13752][18640][debug][gc,phases] GC(2)     Dead                           Min: 0, Avg:  0.0, Max: 0, Diff: 0, Sum: 0, Workers: 7
[2025-06-17T22:54:17.754+0300][13752][18640][debug][gc,phases] GC(2)     Total                          Min: 0, Avg:  2.9, Max: 20, Diff: 20, Sum: 20, Workers: 7
[2025-06-17T22:54:17.754+0300][13752][18640][debug][gc,phases] GC(2)   ObjectSynchronizer Weak        Min:  0.0, Avg:  0.0, Max:  0.0, Diff:  0.0, Sum:  0.0, Workers: 7
[2025-06-17T22:54:17.754+0300][13752][18640][debug][gc,phases] GC(2)     Dead                           Min: 0, Avg:  0.6, Max: 4, Diff: 4, Sum: 4, Workers: 7
[2025-06-17T22:54:17.754+0300][13752][18640][debug][gc,phases] GC(2)     Total                          Min: 0, Avg:  1.4, Max: 10, Diff: 10, Sum: 10, Workers: 7
[2025-06-17T22:54:17.754+0300][13752][18640][debug][gc,phases] GC(2)   JVMTI Tag Weak OopStorage      Min:  0.0, Avg:  0.0, Max:  0.0, Diff:  0.0, Sum:  0.0, Workers: 7
[2025-06-17T22:54:17.754+0300][13752][18640][debug][gc,phases] GC(2)     Dead                           Min: 0, Avg:  0.0, Max: 0, Diff: 0, Sum: 0, Workers: 7
[2025-06-17T22:54:17.754+0300][13752][18640][debug][gc,phases] GC(2)     Total                          Min: 0, Avg:  0.0, Max: 0, Diff: 0, Sum: 0, Workers: 7
[2025-06-17T22:54:17.754+0300][13752][18640][debug][gc,phases] GC(2)   StringTable Weak               Min:  0.0, Avg:  0.0, Max:  0.0, Diff:  0.0, Sum:  0.1, Workers: 7
[2025-06-17T22:54:17.754+0300][13752][18640][debug][gc,phases] GC(2)     Dead                           Min: 0, Avg:  0.0, Max: 0, Diff: 0, Sum: 0, Workers: 7
[2025-06-17T22:54:17.754+0300][13752][18640][debug][gc,phases] GC(2)     Total                          Min: 768, Avg: 824.1, Max: 1024, Diff: 256, Sum: 5769, Workers: 7
[2025-06-17T22:54:17.754+0300][13752][18640][debug][gc,phases] GC(2)   ResolvedMethodTable Weak       Min:  0.0, Avg:  0.0, Max:  0.0, Diff:  0.0, Sum:  0.0, Workers: 7
[2025-06-17T22:54:17.754+0300][13752][18640][debug][gc,phases] GC(2)     Dead                           Min: 0, Avg:  0.0, Max: 0, Diff: 0, Sum: 0, Workers: 7
[2025-06-17T22:54:17.754+0300][13752][18640][debug][gc,phases] GC(2)     Total                          Min: 0, Avg: 29.9, Max: 64, Diff: 64, Sum: 209, Workers: 7
[2025-06-17T22:54:17.754+0300][13752][18640][debug][gc,phases] GC(2)   JNI Weak                       Min:  0.0, Avg:  0.0, Max:  0.0, Diff:  0.0, Sum:  0.0, Workers: 7
[2025-06-17T22:54:17.754+0300][13752][18640][debug][gc,phases] GC(2)     Dead                           Min: 0, Avg:  0.0, Max: 0, Diff: 0, Sum: 0, Workers: 7
[2025-06-17T22:54:17.754+0300][13752][18640][debug][gc,phases] GC(2)     Total                          Min: 0, Avg:  0.0, Max: 0, Diff: 0, Sum: 0, Workers: 7
[2025-06-17T22:54:17.754+0300][13752][18640][debug][gc,phases] GC(2)   StringDedup Table Weak         Min:  0.0, Avg:  0.0, Max:  0.0, Diff:  0.0, Sum:  0.0, Workers: 7
[2025-06-17T22:54:17.754+0300][13752][18640][debug][gc,phases] GC(2)     Dead                           Min: 0, Avg:  0.0, Max: 0, Diff: 0, Sum: 0, Workers: 7
[2025-06-17T22:54:17.754+0300][13752][18640][debug][gc,phases] GC(2)     Total                          Min: 0, Avg:  0.0, Max: 0, Diff: 0, Sum: 0, Workers: 7
[2025-06-17T22:54:17.754+0300][13752][18640][debug][gc,phases] GC(2)   StringDedup Requests0 Weak     Min:  0.0, Avg:  0.0, Max:  0.0, Diff:  0.0, Sum:  0.0, Workers: 7
[2025-06-17T22:54:17.754+0300][13752][18640][debug][gc,phases] GC(2)     Dead                           Min: 0, Avg:  0.0, Max: 0, Diff: 0, Sum: 0, Workers: 7
[2025-06-17T22:54:17.754+0300][13752][18640][debug][gc,phases] GC(2)     Total                          Min: 0, Avg:  0.0, Max: 0, Diff: 0, Sum: 0, Workers: 7
[2025-06-17T22:54:17.754+0300][13752][18640][debug][gc,phases] GC(2)   StringDedup Requests1 Weak     Min:  0.0, Avg:  0.0, Max:  0.0, Diff:  0.0, Sum:  0.0, Workers: 7
[2025-06-17T22:54:17.754+0300][13752][18640][debug][gc,phases] GC(2)     Dead                           Min: 0, Avg:  0.0, Max: 0, Diff: 0, Sum: 0, Workers: 7
[2025-06-17T22:54:17.754+0300][13752][18640][debug][gc,phases] GC(2)     Total                          Min: 0, Avg:  0.0, Max: 0, Diff: 0, Sum: 0, Workers: 7
[2025-06-17T22:54:17.754+0300][13752][18640][debug][gc,phases] GC(2)   Weak JFR Old Object Samples    Min:  0.0, Avg:  0.0, Max:  0.0, Diff:  0.0, Sum:  0.0, Workers: 7
[2025-06-17T22:54:17.754+0300][13752][18640][debug][gc,phases] GC(2)     Dead                           Min: 0, Avg:  0.0, Max: 0, Diff: 0, Sum: 0, Workers: 7
[2025-06-17T22:54:17.754+0300][13752][18640][debug][gc,phases] GC(2)     Total                          Min: 0, Avg:  0.0, Max: 0, Diff: 0, Sum: 0, Workers: 7
[2025-06-17T22:54:17.754+0300][13752][18640][debug][gc,phases] GC(2) Phase 1: Weak Processing 0.362ms
[2025-06-17T22:54:17.754+0300][13752][18640][debug][gc,phases] GC(2) ClassLoaderData 0.001ms
[2025-06-17T22:54:17.754+0300][13752][18640][debug][gc,phases] GC(2) Trigger cleanups 0.002ms
[2025-06-17T22:54:17.754+0300][13752][18640][debug][gc,phases] GC(2) G1 Complete Cleaning 0.469ms
[2025-06-17T22:54:17.754+0300][13752][18640][debug][gc,phases] GC(2) Purge Unlinked NMethods 0.205ms
[2025-06-17T22:54:17.754+0300][13752][18640][debug][gc,phases] GC(2) Unregister NMethods 0.131ms
[2025-06-17T22:54:17.754+0300][13752][18640][debug][gc,phases] GC(2) Free Code Blobs 0.086ms
[2025-06-17T22:54:17.754+0300][13752][18640][debug][gc,phases] GC(2) Purge Class Loader Data 0.023ms
[2025-06-17T22:54:17.754+0300][13752][18640][debug][gc,phases] GC(2) Phase 1: Class Unloading and Cleanup 1.020ms
[2025-06-17T22:54:17.754+0300][13752][18640][debug][gc,phases] GC(2) Report Object Count 0.002ms
[2025-06-17T22:54:17.754+0300][13752][18640][info ][gc,phases] GC(2) Phase 1: Mark live objects 2.327ms
[2025-06-17T22:54:17.754+0300][13752][18640][debug][gc,phases] GC(2) Phase 2: Determine work lists 0.053ms
[2025-06-17T22:54:17.754+0300][13752][18640][debug][gc,phases] GC(2) Phase 2: Prepare parallel compaction 0.292ms
[2025-06-17T22:54:17.754+0300][13752][18640][info ][gc,phases] GC(2) Phase 2: Prepare compaction 0.369ms
[2025-06-17T22:54:17.754+0300][13752][18640][info ][gc,phases] GC(2) Phase 3: Adjust pointers 0.958ms
[2025-06-17T22:54:17.754+0300][13752][18640][info ][gc,phases] GC(2) Phase 4: Compact heap 0.184ms
[2025-06-17T22:54:17.754+0300][13752][18640][info ][gc,phases] GC(2) Phase 5: Reset Metadata 0.503ms
[2025-06-17T22:54:17.768+0300][13752][18640][info ][gc,heap  ] GC(2) Eden regions: 76->0(102)
[2025-06-17T22:54:17.768+0300][13752][18640][info ][gc,heap  ] GC(2) Survivor regions: 0->0(0)
[2025-06-17T22:54:17.768+0300][13752][18640][info ][gc,heap  ] GC(2) Old regions: 8->8
[2025-06-17T22:54:17.768+0300][13752][18640][info ][gc,heap  ] GC(2) Humongous regions: 0->0
[2025-06-17T22:54:17.768+0300][13752][18640][debug][gc,heap  ] GC(2) Heap after GC invocations=3 (full 3):
[2025-06-17T22:54:17.768+0300][13752][18640][debug][gc,heap  ] GC(2)  garbage-first heap   total 2097152K, used 2760K [0x0000000080000000, 0x0000000100000000)
[2025-06-17T22:54:17.768+0300][13752][18640][debug][gc,heap  ] GC(2)   region size 1024K, 0 young (0K), 0 survivors (0K)
[2025-06-17T22:54:17.768+0300][13752][18640][debug][gc,heap  ] GC(2)  Metaspace       used 5393K, committed 5632K, reserved 1114112K
[2025-06-17T22:54:17.768+0300][13752][18640][debug][gc,heap  ] GC(2)   class space    used 583K, committed 704K, reserved 1048576K
[2025-06-17T22:54:17.768+0300][13752][18640][info ][gc       ] GC(2) Pause Full (System.gc()) 78M->2M(2048M) 8.153ms
[2025-06-17T22:54:17.768+0300][13752][18640][info ][safepoint] Safepoint "G1CollectFull", Time since last: 4269748100 ns, Reaching safepoint: 35200 ns, Cleanup: 7500 ns, At safepoint: 8170300 ns, Total: 8213000 ns
[2025-06-17T22:54:18.774+0300][13752][18640][debug][safepoint] Safepoint synchronization initiated using striped semaphore wait barrier. (20 threads)
[2025-06-17T22:54:18.774+0300][13752][18640][info ][safepoint] Safepoint "Cleanup", Time since last: 1004253000 ns, Reaching safepoint: 55800 ns, Cleanup: 23000 ns, At safepoint: 4400 ns, Total: 83200 ns
[2025-06-17T22:54:25.252+0300][13752][18640][debug][safepoint] Safepoint synchronization initiated using striped semaphore wait barrier. (11 threads)
