[2025-05-18T19:29:23.293+0300][14204][4664][info][gc,init] CardTable entry size: 512
[2025-05-18T19:29:23.293+0300][14204][4664][info][gc     ] Using G1
[2025-05-18T19:29:23.307+0300][14204][4664][info][gc,init] Version: 21.0.6+8-LTS-188 (release)
[2025-05-18T19:29:23.307+0300][14204][4664][info][gc,init] CPUs: 8 total, 8 available
[2025-05-18T19:29:23.307+0300][14204][4664][info][gc,init] Memory: 16183M
[2025-05-18T19:29:23.307+0300][14204][4664][info][gc,init] Large Page Support: Disabled
[2025-05-18T19:29:23.307+0300][14204][4664][info][gc,init] NUMA Support: Disabled
[2025-05-18T19:29:23.307+0300][14204][4664][info][gc,init] Compressed Oops: Enabled (Zero based)
[2025-05-18T19:29:23.308+0300][14204][4664][info][gc,init] Heap Region Size: 2M
[2025-05-18T19:29:23.308+0300][14204][4664][info][gc,init] Heap Min Capacity: 4G
[2025-05-18T19:29:23.308+0300][14204][4664][info][gc,init] Heap Initial Capacity: 4G
[2025-05-18T19:29:23.308+0300][14204][4664][info][gc,init] Heap Max Capacity: 4G
[2025-05-18T19:29:23.308+0300][14204][4664][info][gc,init] Pre-touch: Disabled
[2025-05-18T19:29:23.308+0300][14204][4664][info][gc,init] Parallel Workers: 8
[2025-05-18T19:29:23.308+0300][14204][4664][info][gc,init] Concurrent Workers: 2
[2025-05-18T19:29:23.308+0300][14204][4664][info][gc,init] Concurrent Refinement Workers: 8
[2025-05-18T19:29:23.308+0300][14204][4664][info][gc,init] Periodic GC: Disabled
[2025-05-18T19:29:23.317+0300][14204][4664][info][gc,metaspace] CDS archive(s) mapped at: [0x0000011bd6000000-0x0000011bd6c90000-0x0000011bd6c90000), size 13172736, SharedBaseAddress: 0x0000011bd6000000, ArchiveRelocationMode: 1.
[2025-05-18T19:29:23.317+0300][14204][4664][info][gc,metaspace] Compressed class space mapped at: 0x0000011bd7000000-0x0000011c17000000, reserved size: 1073741824
[2025-05-18T19:29:23.317+0300][14204][4664][info][gc,metaspace] Narrow klass base: 0x0000011bd6000000, Narrow klass shift: 0, Narrow klass range: 0x100000000
[2025-05-18T19:29:23.456+0300][14204][4664][info][gc,heap,exit] Heap
[2025-05-18T19:29:23.456+0300][14204][4664][info][gc,heap,exit]  garbage-first heap   total 4194304K, used 7183K [0x0000000700000000, 0x0000000800000000)
[2025-05-18T19:29:23.456+0300][14204][4664][info][gc,heap,exit]   region size 2048K, 4 young (8192K), 0 survivors (0K)
[2025-05-18T19:29:23.456+0300][14204][4664][info][gc,heap,exit]  Metaspace       used 2348K, committed 2560K, reserved 1114112K
[2025-05-18T19:29:23.456+0300][14204][4664][info][gc,heap,exit]   class space    used 231K, committed 320K, reserved 1048576K
