[2025-05-20T20:26:30.014+0300][16676][8784][debug][gc,heap] Minimum heap 12884901888  Initial heap 12884901888  Maximum heap 12884901888
[2025-05-20T20:26:30.014+0300][16676][8784][info ][gc     ] Using G1
[2025-05-20T20:26:30.014+0300][16676][8784][debug][gc     ] ConcGCThreads: 2 offset 16
[2025-05-20T20:26:30.014+0300][16676][8784][debug][gc     ] ParallelGCThreads: 8
[2025-05-20T20:26:30.014+0300][16676][8784][debug][gc     ] Initialize mark stack with 4096 chunks, maximum 524288
[2025-05-20T20:26:30.347+0300][16676][17552][debug][safepoint] Safepoint synchronization initiated using striped semaphore wait barrier. (13 threads)
[2025-05-20T20:26:30.347+0300][16676][17552][debug][gc,heap  ] GC(0) Heap before GC invocations=0 (full 0):
[2025-05-20T20:26:30.347+0300][16676][17552][debug][gc,heap  ] GC(0)  garbage-first heap   total 12582912K, used 57344K [0x0000000500000000, 0x0000000800000000)
[2025-05-20T20:26:30.347+0300][16676][17552][debug][gc,heap  ] GC(0)   region size 8192K, 8 young (65536K), 0 survivors (0K)
[2025-05-20T20:26:30.347+0300][16676][17552][debug][gc,heap  ] GC(0)  Metaspace       used 2848K, committed 3072K, reserved 1114112K
[2025-05-20T20:26:30.347+0300][16676][17552][debug][gc,heap  ] GC(0)   class space    used 257K, committed 384K, reserved 1048576K
[2025-05-20T20:26:30.347+0300][16676][17552][debug][gc,phases] GC(0) Phase 1: Reference Processing 0.155ms
[2025-05-20T20:26:30.347+0300][16676][17552][debug][gc,phases] GC(0)   VM Weak                        Min:  0.0, Avg:  0.0, Max:  0.0, Diff:  0.0, Sum:  0.0, Workers: 5
[2025-05-20T20:26:30.347+0300][16676][17552][debug][gc,phases] GC(0)     Dead                           Min: 0, Avg:  0.0, Max: 0, Diff: 0, Sum: 0, Workers: 5
[2025-05-20T20:26:30.347+0300][16676][17552][debug][gc,phases] GC(0)     Total                          Min: 0, Avg:  4.0, Max: 20, Diff: 20, Sum: 20, Workers: 5
[2025-05-20T20:26:30.347+0300][16676][17552][debug][gc,phases] GC(0)   ObjectSynchronizer Weak        Min:  0.0, Avg:  0.0, Max:  0.0, Diff:  0.0, Sum:  0.0, Workers: 5
[2025-05-20T20:26:30.347+0300][16676][17552][debug][gc,phases] GC(0)     Dead                           Min: 0, Avg:  0.0, Max: 0, Diff: 0, Sum: 0, Workers: 5
[2025-05-20T20:26:30.347+0300][16676][17552][debug][gc,phases] GC(0)     Total                          Min: 0, Avg:  0.2, Max: 1, Diff: 1, Sum: 1, Workers: 5
[2025-05-20T20:26:30.347+0300][16676][17552][debug][gc,phases] GC(0)   JVMTI Tag Weak OopStorage      Min:  0.0, Avg:  0.0, Max:  0.0, Diff:  0.0, Sum:  0.0, Workers: 5
[2025-05-20T20:26:30.347+0300][16676][17552][debug][gc,phases] GC(0)     Dead                           Min: 0, Avg:  0.0, Max: 0, Diff: 0, Sum: 0, Workers: 5
[2025-05-20T20:26:30.347+0300][16676][17552][debug][gc,phases] GC(0)     Total                          Min: 0, Avg:  0.0, Max: 0, Diff: 0, Sum: 0, Workers: 5
[2025-05-20T20:26:30.347+0300][16676][17552][debug][gc,phases] GC(0)   StringTable Weak               Min:  0.0, Avg:  0.0, Max:  0.0, Diff:  0.0, Sum:  0.0, Workers: 5
[2025-05-20T20:26:30.347+0300][16676][17552][debug][gc,phases] GC(0)     Dead                           Min: 0, Avg:  1.0, Max: 2, Diff: 2, Sum: 5, Workers: 5
[2025-05-20T20:26:30.347+0300][16676][17552][debug][gc,phases] GC(0)     Total                          Min: 0, Avg: 841.4, Max: 1455, Diff: 1455, Sum: 4207, Workers: 5
[2025-05-20T20:26:30.347+0300][16676][17552][debug][gc,phases] GC(0)   ResolvedMethodTable Weak       Min:  0.0, Avg:  0.0, Max:  0.0, Diff:  0.0, Sum:  0.0, Workers: 5
[2025-05-20T20:26:30.347+0300][16676][17552][debug][gc,phases] GC(0)     Dead                           Min: 0, Avg:  4.2, Max: 13, Diff: 13, Sum: 21, Workers: 5
[2025-05-20T20:26:30.347+0300][16676][17552][debug][gc,phases] GC(0)     Total                          Min: 0, Avg: 40.2, Max: 64, Diff: 64, Sum: 201, Workers: 5
[2025-05-20T20:26:30.347+0300][16676][17552][debug][gc,phases] GC(0)   JNI Weak                       Min:  0.0, Avg:  0.0, Max:  0.0, Diff:  0.0, Sum:  0.0, Workers: 5
[2025-05-20T20:26:30.347+0300][16676][17552][debug][gc,phases] GC(0)     Dead                           Min: 0, Avg:  0.0, Max: 0, Diff: 0, Sum: 0, Workers: 5
[2025-05-20T20:26:30.347+0300][16676][17552][debug][gc,phases] GC(0)     Total                          Min: 0, Avg:  0.0, Max: 0, Diff: 0, Sum: 0, Workers: 5
[2025-05-20T20:26:30.347+0300][16676][17552][debug][gc,phases] GC(0)   StringDedup Table Weak         Min:  0.0, Avg:  0.0, Max:  0.0, Diff:  0.0, Sum:  0.0, Workers: 5
[2025-05-20T20:26:30.347+0300][16676][17552][debug][gc,phases] GC(0)     Dead                           Min: 0, Avg:  0.0, Max: 0, Diff: 0, Sum: 0, Workers: 5
[2025-05-20T20:26:30.347+0300][16676][17552][debug][gc,phases] GC(0)     Total                          Min: 0, Avg:  0.0, Max: 0, Diff: 0, Sum: 0, Workers: 5
[2025-05-20T20:26:30.347+0300][16676][17552][debug][gc,phases] GC(0)   StringDedup Requests0 Weak     Min:  0.0, Avg:  0.0, Max:  0.0, Diff:  0.0, Sum:  0.0, Workers: 5
[2025-05-20T20:26:30.347+0300][16676][17552][debug][gc,phases] GC(0)     Dead                           Min: 0, Avg:  0.0, Max: 0, Diff: 0, Sum: 0, Workers: 5
[2025-05-20T20:26:30.347+0300][16676][17552][debug][gc,phases] GC(0)     Total                          Min: 0, Avg:  0.0, Max: 0, Diff: 0, Sum: 0, Workers: 5
[2025-05-20T20:26:30.347+0300][16676][17552][debug][gc,phases] GC(0)   StringDedup Requests1 Weak     Min:  0.0, Avg:  0.0, Max:  0.0, Diff:  0.0, Sum:  0.0, Workers: 5
[2025-05-20T20:26:30.347+0300][16676][17552][debug][gc,phases] GC(0)     Dead                           Min: 0, Avg:  0.0, Max: 0, Diff: 0, Sum: 0, Workers: 5
[2025-05-20T20:26:30.347+0300][16676][17552][debug][gc,phases] GC(0)     Total                          Min: 0, Avg:  0.0, Max: 0, Diff: 0, Sum: 0, Workers: 5
[2025-05-20T20:26:30.347+0300][16676][17552][debug][gc,phases] GC(0)   Weak JFR Old Object Samples    Min:  0.0, Avg:  0.0, Max:  0.0, Diff:  0.0, Sum:  0.0, Workers: 5
[2025-05-20T20:26:30.347+0300][16676][17552][debug][gc,phases] GC(0)     Dead                           Min: 0, Avg:  0.0, Max: 0, Diff: 0, Sum: 0, Workers: 5
[2025-05-20T20:26:30.347+0300][16676][17552][debug][gc,phases] GC(0)     Total                          Min: 0, Avg:  0.0, Max: 0, Diff: 0, Sum: 0, Workers: 5
[2025-05-20T20:26:30.347+0300][16676][17552][debug][gc,phases] GC(0) Phase 1: Weak Processing 0.407ms
[2025-05-20T20:26:30.347+0300][16676][17552][debug][gc,phases] GC(0) ClassLoaderData 0.004ms
[2025-05-20T20:26:30.347+0300][16676][17552][debug][gc,phases] GC(0) Trigger cleanups 0.001ms
[2025-05-20T20:26:30.347+0300][16676][17552][debug][gc,phases] GC(0) G1 Complete Cleaning 0.217ms
[2025-05-20T20:26:30.347+0300][16676][17552][debug][gc,phases] GC(0) Purge Unlinked NMethods 0.001ms
[2025-05-20T20:26:30.347+0300][16676][17552][debug][gc,phases] GC(0) Unregister NMethods 0.092ms
[2025-05-20T20:26:30.347+0300][16676][17552][debug][gc,phases] GC(0) Free Code Blobs 0.001ms
[2025-05-20T20:26:30.347+0300][16676][17552][debug][gc,phases] GC(0) Purge Class Loader Data 0.019ms
[2025-05-20T20:26:30.347+0300][16676][17552][debug][gc,phases] GC(0) Phase 1: Class Unloading and Cleanup 0.406ms
[2025-05-20T20:26:30.347+0300][16676][17552][debug][gc,phases] GC(0) Report Object Count 0.001ms
[2025-05-20T20:26:30.347+0300][16676][17552][info ][gc,phases] GC(0) Phase 1: Mark live objects 1.867ms
[2025-05-20T20:26:30.347+0300][16676][17552][debug][gc,phases] GC(0) Phase 2: Determine work lists 0.035ms
[2025-05-20T20:26:30.347+0300][16676][17552][debug][gc,phases] GC(0) Phase 2: Prepare parallel compaction 0.667ms
[2025-05-20T20:26:30.347+0300][16676][17552][info ][gc,phases] GC(0) Phase 2: Prepare compaction 0.726ms
[2025-05-20T20:26:30.347+0300][16676][17552][info ][gc,phases] GC(0) Phase 3: Adjust pointers 0.971ms
[2025-05-20T20:26:30.347+0300][16676][17552][info ][gc,phases] GC(0) Phase 4: Compact heap 1.174ms
[2025-05-20T20:26:30.359+0300][16676][17552][info ][gc,phases] GC(0) Phase 5: Reset Metadata 2.218ms
[2025-05-20T20:26:30.375+0300][16676][17552][info ][gc,heap  ] GC(0) Eden regions: 8->0(76)
[2025-05-20T20:26:30.375+0300][16676][17552][info ][gc,heap  ] GC(0) Survivor regions: 0->0(0)
[2025-05-20T20:26:30.375+0300][16676][17552][info ][gc,heap  ] GC(0) Old regions: 0->8
[2025-05-20T20:26:30.375+0300][16676][17552][info ][gc,heap  ] GC(0) Humongous regions: 0->0
[2025-05-20T20:26:30.375+0300][16676][17552][debug][gc,heap  ] GC(0) Heap after GC invocations=1 (full 1):
[2025-05-20T20:26:30.375+0300][16676][17552][debug][gc,heap  ] GC(0)  garbage-first heap   total 12582912K, used 2423K [0x0000000500000000, 0x0000000800000000)
[2025-05-20T20:26:30.375+0300][16676][17552][debug][gc,heap  ] GC(0)   region size 8192K, 0 young (0K), 0 survivors (0K)
[2025-05-20T20:26:30.375+0300][16676][17552][debug][gc,heap  ] GC(0)  Metaspace       used 2848K, committed 3072K, reserved 1114112K
[2025-05-20T20:26:30.375+0300][16676][17552][debug][gc,heap  ] GC(0)   class space    used 257K, committed 384K, reserved 1048576K
[2025-05-20T20:26:30.375+0300][16676][17552][info ][gc       ] GC(0) Pause Full (System.gc()) 64M->2M(12288M) 24.756ms
[2025-05-20T20:26:30.375+0300][16676][17552][info ][safepoint] Safepoint "G1CollectFull", Time since last: 302273100 ns, Reaching safepoint: 916400 ns, Cleanup: 40200 ns, At safepoint: 24782000 ns, Total: 25738600 ns
[2025-05-20T20:26:30.646+0300][16676][17552][debug][safepoint] Safepoint synchronization initiated using striped semaphore wait barrier. (22 threads)
[2025-05-20T20:26:30.646+0300][16676][17552][info ][safepoint] Safepoint "ICBufferFull", Time since last: 278570200 ns, Reaching safepoint: 60400 ns, Cleanup: 67200 ns, At safepoint: 4700 ns, Total: 132300 ns
[2025-05-20T20:26:32.652+0300][16676][17552][debug][safepoint] Safepoint synchronization initiated using striped semaphore wait barrier. (20 threads)
[2025-05-20T20:26:32.652+0300][16676][17552][info ][safepoint] Safepoint "Cleanup", Time since last: 1997283800 ns, Reaching safepoint: 55100 ns, Cleanup: 44400 ns, At safepoint: 3600 ns, Total: 103100 ns
[2025-05-20T20:26:36.664+0300][16676][17552][debug][safepoint] Safepoint synchronization initiated using striped semaphore wait barrier. (20 threads)
[2025-05-20T20:26:36.664+0300][16676][17552][info ][safepoint] Safepoint "Cleanup", Time since last: 4011760600 ns, Reaching safepoint: 45500 ns, Cleanup: 13400 ns, At safepoint: 3500 ns, Total: 62400 ns
[2025-05-20T20:26:36.982+0300][16676][17552][debug][safepoint] Safepoint synchronization initiated using striped semaphore wait barrier. (11 threads)
[2025-05-20T20:26:36.982+0300][16676][17552][debug][gc,heap  ] GC(1) Heap before GC invocations=1 (full 1):
[2025-05-20T20:26:36.982+0300][16676][17552][debug][gc,heap  ] GC(1)  garbage-first heap   total 12582912K, used 125303K [0x0000000500000000, 0x0000000800000000)
[2025-05-20T20:26:36.982+0300][16676][17552][debug][gc,heap  ] GC(1)   region size 8192K, 16 young (131072K), 0 survivors (0K)
[2025-05-20T20:26:36.982+0300][16676][17552][debug][gc,heap  ] GC(1)  Metaspace       used 5368K, committed 5632K, reserved 1114112K
[2025-05-20T20:26:36.982+0300][16676][17552][debug][gc,heap  ] GC(1)   class space    used 582K, committed 704K, reserved 1048576K
[2025-05-20T20:26:36.982+0300][16676][17552][debug][gc,phases] GC(1) Phase 1: Reference Processing 0.073ms
[2025-05-20T20:26:36.982+0300][16676][17552][debug][gc,phases] GC(1)   VM Weak                        Min:  0.0, Avg:  0.0, Max:  0.0, Diff:  0.0, Sum:  0.0, Workers: 6
[2025-05-20T20:26:36.982+0300][16676][17552][debug][gc,phases] GC(1)     Dead                           Min: 0, Avg:  0.0, Max: 0, Diff: 0, Sum: 0, Workers: 6
[2025-05-20T20:26:36.982+0300][16676][17552][debug][gc,phases] GC(1)     Total                          Min: 0, Avg:  3.3, Max: 20, Diff: 20, Sum: 20, Workers: 6
[2025-05-20T20:26:36.982+0300][16676][17552][debug][gc,phases] GC(1)   ObjectSynchronizer Weak        Min:  0.0, Avg:  0.0, Max:  0.0, Diff:  0.0, Sum:  0.0, Workers: 6
[2025-05-20T20:26:36.982+0300][16676][17552][debug][gc,phases] GC(1)     Dead                           Min: 0, Avg:  0.8, Max: 5, Diff: 5, Sum: 5, Workers: 6
[2025-05-20T20:26:36.982+0300][16676][17552][debug][gc,phases] GC(1)     Total                          Min: 0, Avg:  1.2, Max: 7, Diff: 7, Sum: 7, Workers: 6
[2025-05-20T20:26:36.982+0300][16676][17552][debug][gc,phases] GC(1)   JVMTI Tag Weak OopStorage      Min:  0.0, Avg:  0.0, Max:  0.0, Diff:  0.0, Sum:  0.0, Workers: 6
[2025-05-20T20:26:36.982+0300][16676][17552][debug][gc,phases] GC(1)     Dead                           Min: 0, Avg:  0.0, Max: 0, Diff: 0, Sum: 0, Workers: 6
[2025-05-20T20:26:36.982+0300][16676][17552][debug][gc,phases] GC(1)     Total                          Min: 0, Avg:  0.0, Max: 0, Diff: 0, Sum: 0, Workers: 6
[2025-05-20T20:26:36.982+0300][16676][17552][debug][gc,phases] GC(1)   StringTable Weak               Min:  0.0, Avg:  0.0, Max:  0.0, Diff:  0.0, Sum:  0.0, Workers: 6
[2025-05-20T20:26:36.982+0300][16676][17552][debug][gc,phases] GC(1)     Dead                           Min: 0, Avg:  0.0, Max: 0, Diff: 0, Sum: 0, Workers: 6
[2025-05-20T20:26:36.982+0300][16676][17552][debug][gc,phases] GC(1)     Total                          Min: 896, Avg: 957.2, Max: 1152, Diff: 256, Sum: 5743, Workers: 6
[2025-05-20T20:26:36.982+0300][16676][17552][debug][gc,phases] GC(1)   ResolvedMethodTable Weak       Min:  0.0, Avg:  0.0, Max:  0.0, Diff:  0.0, Sum:  0.0, Workers: 6
[2025-05-20T20:26:36.982+0300][16676][17552][debug][gc,phases] GC(1)     Dead                           Min: 0, Avg:  0.2, Max: 1, Diff: 1, Sum: 1, Workers: 6
[2025-05-20T20:26:36.982+0300][16676][17552][debug][gc,phases] GC(1)     Total                          Min: 0, Avg: 34.8, Max: 82, Diff: 82, Sum: 209, Workers: 6
[2025-05-20T20:26:36.982+0300][16676][17552][debug][gc,phases] GC(1)   JNI Weak                       Min:  0.0, Avg:  0.0, Max:  0.0, Diff:  0.0, Sum:  0.0, Workers: 6
[2025-05-20T20:26:36.982+0300][16676][17552][debug][gc,phases] GC(1)     Dead                           Min: 0, Avg:  0.0, Max: 0, Diff: 0, Sum: 0, Workers: 6
[2025-05-20T20:26:36.982+0300][16676][17552][debug][gc,phases] GC(1)     Total                          Min: 0, Avg:  0.0, Max: 0, Diff: 0, Sum: 0, Workers: 6
[2025-05-20T20:26:36.982+0300][16676][17552][debug][gc,phases] GC(1)   StringDedup Table Weak         Min:  0.0, Avg:  0.0, Max:  0.0, Diff:  0.0, Sum:  0.0, Workers: 6
[2025-05-20T20:26:36.982+0300][16676][17552][debug][gc,phases] GC(1)     Dead                           Min: 0, Avg:  0.0, Max: 0, Diff: 0, Sum: 0, Workers: 6
[2025-05-20T20:26:36.982+0300][16676][17552][debug][gc,phases] GC(1)     Total                          Min: 0, Avg:  0.0, Max: 0, Diff: 0, Sum: 0, Workers: 6
[2025-05-20T20:26:36.982+0300][16676][17552][debug][gc,phases] GC(1)   StringDedup Requests0 Weak     Min:  0.0, Avg:  0.0, Max:  0.0, Diff:  0.0, Sum:  0.0, Workers: 6
[2025-05-20T20:26:36.982+0300][16676][17552][debug][gc,phases] GC(1)     Dead                           Min: 0, Avg:  0.0, Max: 0, Diff: 0, Sum: 0, Workers: 6
[2025-05-20T20:26:36.982+0300][16676][17552][debug][gc,phases] GC(1)     Total                          Min: 0, Avg:  0.0, Max: 0, Diff: 0, Sum: 0, Workers: 6
[2025-05-20T20:26:36.982+0300][16676][17552][debug][gc,phases] GC(1)   StringDedup Requests1 Weak     Min:  0.0, Avg:  0.0, Max:  0.0, Diff:  0.0, Sum:  0.0, Workers: 6
[2025-05-20T20:26:36.982+0300][16676][17552][debug][gc,phases] GC(1)     Dead                           Min: 0, Avg:  0.0, Max: 0, Diff: 0, Sum: 0, Workers: 6
[2025-05-20T20:26:36.982+0300][16676][17552][debug][gc,phases] GC(1)     Total                          Min: 0, Avg:  0.0, Max: 0, Diff: 0, Sum: 0, Workers: 6
[2025-05-20T20:26:36.982+0300][16676][17552][debug][gc,phases] GC(1)   Weak JFR Old Object Samples    Min:  0.0, Avg:  0.0, Max:  0.0, Diff:  0.0, Sum:  0.0, Workers: 6
[2025-05-20T20:26:36.982+0300][16676][17552][debug][gc,phases] GC(1)     Dead                           Min: 0, Avg:  0.0, Max: 0, Diff: 0, Sum: 0, Workers: 6
[2025-05-20T20:26:36.982+0300][16676][17552][debug][gc,phases] GC(1)     Total                          Min: 0, Avg:  0.0, Max: 0, Diff: 0, Sum: 0, Workers: 6
[2025-05-20T20:26:36.982+0300][16676][17552][debug][gc,phases] GC(1) Phase 1: Weak Processing 0.362ms
[2025-05-20T20:26:36.982+0300][16676][17552][debug][gc,phases] GC(1) ClassLoaderData 0.001ms
[2025-05-20T20:26:36.982+0300][16676][17552][debug][gc,phases] GC(1) Trigger cleanups 0.002ms
[2025-05-20T20:26:36.982+0300][16676][17552][debug][gc,phases] GC(1) G1 Complete Cleaning 0.489ms
[2025-05-20T20:26:36.982+0300][16676][17552][debug][gc,phases] GC(1) Purge Unlinked NMethods 0.052ms
[2025-05-20T20:26:36.982+0300][16676][17552][debug][gc,phases] GC(1) Unregister NMethods 0.101ms
[2025-05-20T20:26:36.982+0300][16676][17552][debug][gc,phases] GC(1) Free Code Blobs 0.011ms
[2025-05-20T20:26:36.982+0300][16676][17552][debug][gc,phases] GC(1) Purge Class Loader Data 0.003ms
[2025-05-20T20:26:36.982+0300][16676][17552][debug][gc,phases] GC(1) Phase 1: Class Unloading and Cleanup 0.752ms
[2025-05-20T20:26:36.982+0300][16676][17552][debug][gc,phases] GC(1) Report Object Count 0.001ms
[2025-05-20T20:26:36.982+0300][16676][17552][info ][gc,phases] GC(1) Phase 1: Mark live objects 2.057ms
[2025-05-20T20:26:36.982+0300][16676][17552][debug][gc,phases] GC(1) Phase 2: Determine work lists 0.035ms
[2025-05-20T20:26:36.982+0300][16676][17552][debug][gc,phases] GC(1) Phase 2: Prepare parallel compaction 0.674ms
[2025-05-20T20:26:36.982+0300][16676][17552][info ][gc,phases] GC(1) Phase 2: Prepare compaction 0.734ms
[2025-05-20T20:26:36.982+0300][16676][17552][info ][gc,phases] GC(1) Phase 3: Adjust pointers 1.130ms
[2025-05-20T20:26:36.998+0300][16676][17552][info ][gc,phases] GC(1) Phase 4: Compact heap 0.967ms
[2025-05-20T20:26:37.000+0300][16676][17552][info ][gc,phases] GC(1) Phase 5: Reset Metadata 2.076ms
[2025-05-20T20:26:37.014+0300][16676][17552][info ][gc,heap  ] GC(1) Eden regions: 16->0(76)
[2025-05-20T20:26:37.014+0300][16676][17552][info ][gc,heap  ] GC(1) Survivor regions: 0->0(0)
[2025-05-20T20:26:37.014+0300][16676][17552][info ][gc,heap  ] GC(1) Old regions: 8->8
[2025-05-20T20:26:37.014+0300][16676][17552][info ][gc,heap  ] GC(1) Humongous regions: 0->0
[2025-05-20T20:26:37.014+0300][16676][17552][debug][gc,heap  ] GC(1) Heap after GC invocations=2 (full 2):
[2025-05-20T20:26:37.014+0300][16676][17552][debug][gc,heap  ] GC(1)  garbage-first heap   total 12582912K, used 2758K [0x0000000500000000, 0x0000000800000000)
[2025-05-20T20:26:37.014+0300][16676][17552][debug][gc,heap  ] GC(1)   region size 8192K, 0 young (0K), 0 survivors (0K)
[2025-05-20T20:26:37.014+0300][16676][17552][debug][gc,heap  ] GC(1)  Metaspace       used 5368K, committed 5632K, reserved 1114112K
[2025-05-20T20:26:37.014+0300][16676][17552][debug][gc,heap  ] GC(1)   class space    used 582K, committed 704K, reserved 1048576K
[2025-05-20T20:26:37.014+0300][16676][17552][info ][gc       ] GC(1) Pause Full (System.gc()) 130M->2M(12288M) 23.484ms
[2025-05-20T20:26:37.014+0300][16676][17552][info ][safepoint] Safepoint "G1CollectFull", Time since last: 328112200 ns, Reaching safepoint: 33700 ns, Cleanup: 13500 ns, At safepoint: 23505800 ns, Total: 23553000 ns
[2025-05-20T20:26:38.023+0300][16676][17552][debug][safepoint] Safepoint synchronization initiated using striped semaphore wait barrier. (20 threads)
[2025-05-20T20:26:38.023+0300][16676][17552][info ][safepoint] Safepoint "Cleanup", Time since last: 1007501200 ns, Reaching safepoint: 66300 ns, Cleanup: 33100 ns, At safepoint: 5500 ns, Total: 104900 ns
[2025-05-20T20:26:43.055+0300][16676][17552][debug][safepoint] Safepoint synchronization initiated using striped semaphore wait barrier. (20 threads)
[2025-05-20T20:26:43.055+0300][16676][17552][info ][safepoint] Safepoint "Cleanup", Time since last: 5031643000 ns, Reaching safepoint: 42400 ns, Cleanup: 9200 ns, At safepoint: 3400 ns, Total: 55000 ns
[2025-05-20T20:26:43.221+0300][16676][17552][debug][safepoint] Safepoint synchronization initiated using striped semaphore wait barrier. (11 threads)
[2025-05-20T20:26:43.221+0300][16676][17552][debug][gc,heap  ] GC(2) Heap before GC invocations=2 (full 2):
[2025-05-20T20:26:43.221+0300][16676][17552][debug][gc,heap  ] GC(2)  garbage-first heap   total 12582912K, used 125638K [0x0000000500000000, 0x0000000800000000)
[2025-05-20T20:26:43.221+0300][16676][17552][debug][gc,heap  ] GC(2)   region size 8192K, 16 young (131072K), 0 survivors (0K)
[2025-05-20T20:26:43.221+0300][16676][17552][debug][gc,heap  ] GC(2)  Metaspace       used 5409K, committed 5632K, reserved 1114112K
[2025-05-20T20:26:43.221+0300][16676][17552][debug][gc,heap  ] GC(2)   class space    used 582K, committed 704K, reserved 1048576K
[2025-05-20T20:26:43.221+0300][16676][17552][debug][gc,phases] GC(2) Phase 1: Reference Processing 0.074ms
[2025-05-20T20:26:43.221+0300][16676][17552][debug][gc,phases] GC(2)   VM Weak                        Min:  0.0, Avg:  0.0, Max:  0.0, Diff:  0.0, Sum:  0.0, Workers: 6
[2025-05-20T20:26:43.221+0300][16676][17552][debug][gc,phases] GC(2)     Dead                           Min: 0, Avg:  0.0, Max: 0, Diff: 0, Sum: 0, Workers: 6
[2025-05-20T20:26:43.221+0300][16676][17552][debug][gc,phases] GC(2)     Total                          Min: 0, Avg:  3.3, Max: 20, Diff: 20, Sum: 20, Workers: 6
[2025-05-20T20:26:43.221+0300][16676][17552][debug][gc,phases] GC(2)   ObjectSynchronizer Weak        Min:  0.0, Avg:  0.0, Max:  0.0, Diff:  0.0, Sum:  0.0, Workers: 6
[2025-05-20T20:26:43.221+0300][16676][17552][debug][gc,phases] GC(2)     Dead                           Min: 0, Avg:  0.5, Max: 3, Diff: 3, Sum: 3, Workers: 6
[2025-05-20T20:26:43.221+0300][16676][17552][debug][gc,phases] GC(2)     Total                          Min: 0, Avg:  1.7, Max: 10, Diff: 10, Sum: 10, Workers: 6
[2025-05-20T20:26:43.221+0300][16676][17552][debug][gc,phases] GC(2)   JVMTI Tag Weak OopStorage      Min:  0.0, Avg:  0.0, Max:  0.0, Diff:  0.0, Sum:  0.0, Workers: 6
[2025-05-20T20:26:43.221+0300][16676][17552][debug][gc,phases] GC(2)     Dead                           Min: 0, Avg:  0.0, Max: 0, Diff: 0, Sum: 0, Workers: 6
[2025-05-20T20:26:43.221+0300][16676][17552][debug][gc,phases] GC(2)     Total                          Min: 0, Avg:  0.0, Max: 0, Diff: 0, Sum: 0, Workers: 6
[2025-05-20T20:26:43.221+0300][16676][17552][debug][gc,phases] GC(2)   StringTable Weak               Min:  0.0, Avg:  0.0, Max:  0.0, Diff:  0.0, Sum:  0.0, Workers: 6
[2025-05-20T20:26:43.221+0300][16676][17552][debug][gc,phases] GC(2)     Dead                           Min: 0, Avg:  0.0, Max: 0, Diff: 0, Sum: 0, Workers: 6
[2025-05-20T20:26:43.221+0300][16676][17552][debug][gc,phases] GC(2)     Total                          Min: 832, Avg: 958.2, Max: 1280, Diff: 448, Sum: 5749, Workers: 6
[2025-05-20T20:26:43.221+0300][16676][17552][debug][gc,phases] GC(2)   ResolvedMethodTable Weak       Min:  0.0, Avg:  0.0, Max:  0.0, Diff:  0.0, Sum:  0.0, Workers: 6
[2025-05-20T20:26:43.221+0300][16676][17552][debug][gc,phases] GC(2)     Dead                           Min: 0, Avg:  0.0, Max: 0, Diff: 0, Sum: 0, Workers: 6
[2025-05-20T20:26:43.221+0300][16676][17552][debug][gc,phases] GC(2)     Total                          Min: 0, Avg: 34.8, Max: 64, Diff: 64, Sum: 209, Workers: 6
[2025-05-20T20:26:43.221+0300][16676][17552][debug][gc,phases] GC(2)   JNI Weak                       Min:  0.0, Avg:  0.0, Max:  0.0, Diff:  0.0, Sum:  0.0, Workers: 6
[2025-05-20T20:26:43.221+0300][16676][17552][debug][gc,phases] GC(2)     Dead                           Min: 0, Avg:  0.0, Max: 0, Diff: 0, Sum: 0, Workers: 6
[2025-05-20T20:26:43.221+0300][16676][17552][debug][gc,phases] GC(2)     Total                          Min: 0, Avg:  0.0, Max: 0, Diff: 0, Sum: 0, Workers: 6
[2025-05-20T20:26:43.221+0300][16676][17552][debug][gc,phases] GC(2)   StringDedup Table Weak         Min:  0.0, Avg:  0.0, Max:  0.0, Diff:  0.0, Sum:  0.0, Workers: 6
[2025-05-20T20:26:43.221+0300][16676][17552][debug][gc,phases] GC(2)     Dead                           Min: 0, Avg:  0.0, Max: 0, Diff: 0, Sum: 0, Workers: 6
[2025-05-20T20:26:43.221+0300][16676][17552][debug][gc,phases] GC(2)     Total                          Min: 0, Avg:  0.0, Max: 0, Diff: 0, Sum: 0, Workers: 6
[2025-05-20T20:26:43.221+0300][16676][17552][debug][gc,phases] GC(2)   StringDedup Requests0 Weak     Min:  0.0, Avg:  0.0, Max:  0.0, Diff:  0.0, Sum:  0.0, Workers: 6
[2025-05-20T20:26:43.221+0300][16676][17552][debug][gc,phases] GC(2)     Dead                           Min: 0, Avg:  0.0, Max: 0, Diff: 0, Sum: 0, Workers: 6
[2025-05-20T20:26:43.221+0300][16676][17552][debug][gc,phases] GC(2)     Total                          Min: 0, Avg:  0.0, Max: 0, Diff: 0, Sum: 0, Workers: 6
[2025-05-20T20:26:43.221+0300][16676][17552][debug][gc,phases] GC(2)   StringDedup Requests1 Weak     Min:  0.0, Avg:  0.0, Max:  0.0, Diff:  0.0, Sum:  0.0, Workers: 6
[2025-05-20T20:26:43.221+0300][16676][17552][debug][gc,phases] GC(2)     Dead                           Min: 0, Avg:  0.0, Max: 0, Diff: 0, Sum: 0, Workers: 6
[2025-05-20T20:26:43.221+0300][16676][17552][debug][gc,phases] GC(2)     Total                          Min: 0, Avg:  0.0, Max: 0, Diff: 0, Sum: 0, Workers: 6
[2025-05-20T20:26:43.221+0300][16676][17552][debug][gc,phases] GC(2)   Weak JFR Old Object Samples    Min:  0.0, Avg:  0.0, Max:  0.0, Diff:  0.0, Sum:  0.0, Workers: 6
[2025-05-20T20:26:43.221+0300][16676][17552][debug][gc,phases] GC(2)     Dead                           Min: 0, Avg:  0.0, Max: 0, Diff: 0, Sum: 0, Workers: 6
[2025-05-20T20:26:43.221+0300][16676][17552][debug][gc,phases] GC(2)     Total                          Min: 0, Avg:  0.0, Max: 0, Diff: 0, Sum: 0, Workers: 6
[2025-05-20T20:26:43.221+0300][16676][17552][debug][gc,phases] GC(2) Phase 1: Weak Processing 0.365ms
[2025-05-20T20:26:43.221+0300][16676][17552][debug][gc,phases] GC(2) ClassLoaderData 0.001ms
[2025-05-20T20:26:43.221+0300][16676][17552][debug][gc,phases] GC(2) Trigger cleanups 0.002ms
[2025-05-20T20:26:43.221+0300][16676][17552][debug][gc,phases] GC(2) G1 Complete Cleaning 0.449ms
[2025-05-20T20:26:43.221+0300][16676][17552][debug][gc,phases] GC(2) Purge Unlinked NMethods 0.188ms
[2025-05-20T20:26:43.221+0300][16676][17552][debug][gc,phases] GC(2) Unregister NMethods 0.095ms
[2025-05-20T20:26:43.221+0300][16676][17552][debug][gc,phases] GC(2) Free Code Blobs 0.073ms
[2025-05-20T20:26:43.221+0300][16676][17552][debug][gc,phases] GC(2) Purge Class Loader Data 0.017ms
[2025-05-20T20:26:43.221+0300][16676][17552][debug][gc,phases] GC(2) Phase 1: Class Unloading and Cleanup 0.926ms
[2025-05-20T20:26:43.221+0300][16676][17552][debug][gc,phases] GC(2) Report Object Count 0.002ms
[2025-05-20T20:26:43.221+0300][16676][17552][info ][gc,phases] GC(2) Phase 1: Mark live objects 2.226ms
[2025-05-20T20:26:43.221+0300][16676][17552][debug][gc,phases] GC(2) Phase 2: Determine work lists 0.034ms
[2025-05-20T20:26:43.221+0300][16676][17552][debug][gc,phases] GC(2) Phase 2: Prepare parallel compaction 0.538ms
[2025-05-20T20:26:43.221+0300][16676][17552][info ][gc,phases] GC(2) Phase 2: Prepare compaction 0.601ms
[2025-05-20T20:26:43.221+0300][16676][17552][info ][gc,phases] GC(2) Phase 3: Adjust pointers 0.946ms
[2025-05-20T20:26:43.221+0300][16676][17552][info ][gc,phases] GC(2) Phase 4: Compact heap 0.603ms
[2025-05-20T20:26:43.234+0300][16676][17552][info ][gc,phases] GC(2) Phase 5: Reset Metadata 2.096ms
[2025-05-20T20:26:43.248+0300][16676][17552][info ][gc,heap  ] GC(2) Eden regions: 16->0(76)
[2025-05-20T20:26:43.248+0300][16676][17552][info ][gc,heap  ] GC(2) Survivor regions: 0->0(0)
[2025-05-20T20:26:43.248+0300][16676][17552][info ][gc,heap  ] GC(2) Old regions: 8->8
[2025-05-20T20:26:43.248+0300][16676][17552][info ][gc,heap  ] GC(2) Humongous regions: 0->0
[2025-05-20T20:26:43.248+0300][16676][17552][debug][gc,heap  ] GC(2) Heap after GC invocations=3 (full 3):
[2025-05-20T20:26:43.248+0300][16676][17552][debug][gc,heap  ] GC(2)  garbage-first heap   total 12582912K, used 2759K [0x0000000500000000, 0x0000000800000000)
[2025-05-20T20:26:43.248+0300][16676][17552][debug][gc,heap  ] GC(2)   region size 8192K, 0 young (0K), 0 survivors (0K)
[2025-05-20T20:26:43.248+0300][16676][17552][debug][gc,heap  ] GC(2)  Metaspace       used 5409K, committed 5632K, reserved 1114112K
[2025-05-20T20:26:43.248+0300][16676][17552][debug][gc,heap  ] GC(2)   class space    used 582K, committed 704K, reserved 1048576K
[2025-05-20T20:26:43.248+0300][16676][17552][info ][gc       ] GC(2) Pause Full (System.gc()) 130M->2M(12288M) 22.427ms
[2025-05-20T20:26:43.248+0300][16676][17552][info ][safepoint] Safepoint "G1CollectFull", Time since last: 172412500 ns, Reaching safepoint: 30900 ns, Cleanup: 2600 ns, At safepoint: 22448300 ns, Total: 22481800 ns
[2025-05-20T20:26:44.261+0300][16676][17552][debug][safepoint] Safepoint synchronization initiated using striped semaphore wait barrier. (20 threads)
[2025-05-20T20:26:44.261+0300][16676][9108 ][debug][safepoint] ... found polling page loop exception at pc = 0x0000026287c25909, stub =0x0000026287586600
[2025-05-20T20:26:44.261+0300][16676][12864][debug][safepoint] ... found polling page loop exception at pc = 0x0000026287bb8aca, stub =0x0000026287585d80
[2025-05-20T20:26:44.261+0300][16676][17552][info ][safepoint] Safepoint "Cleanup", Time since last: 1011204800 ns, Reaching safepoint: 136300 ns, Cleanup: 19400 ns, At safepoint: 10700 ns, Total: 166400 ns
[2025-05-20T20:26:49.400+0300][16676][17552][debug][safepoint] Safepoint synchronization initiated using striped semaphore wait barrier. (11 threads)
