[2025-05-20T20:16:35.935+0300][15820][19636][debug][gc,heap] Minimum heap 4294967296  Initial heap 4294967296  Maximum heap 4294967296
[2025-05-20T20:16:35.935+0300][15820][19636][info ][gc     ] Using G1
[2025-05-20T20:16:35.935+0300][15820][19636][debug][gc     ] ConcGCThreads: 2 offset 16
[2025-05-20T20:16:35.935+0300][15820][19636][debug][gc     ] ParallelGCThreads: 8
[2025-05-20T20:16:35.935+0300][15820][19636][debug][gc     ] Initialize mark stack with 4096 chunks, maximum 524288
[2025-05-20T20:16:37.030+0300][15820][1484 ][debug][safepoint] Safepoint synchronization initiated using striped semaphore wait barrier. (11 threads)
[2025-05-20T20:16:37.030+0300][15820][1484 ][info ][safepoint] Safepoint "Cleanup", Time since last: 1073101800 ns, Reaching safepoint: 367500 ns, Cleanup: 57100 ns, At safepoint: 2300 ns, Total: 426900 ns
[2025-05-20T20:16:38.031+0300][15820][1484 ][debug][safepoint] Safepoint synchronization initiated using striped semaphore wait barrier. (11 threads)
[2025-05-20T20:16:38.031+0300][15820][19636][debug][safepoint] ... found polling page loop exception at pc = 0x000002471012c543, stub =0x000002470fbb6600
[2025-05-20T20:16:38.031+0300][15820][1484 ][info ][safepoint] Safepoint "Cleanup", Time since last: 1000890000 ns, Reaching safepoint: 108500 ns, Cleanup: 14100 ns, At safepoint: 7500 ns, Total: 130100 ns
[2025-05-20T20:16:39.045+0300][15820][1484 ][debug][safepoint] Safepoint synchronization initiated using striped semaphore wait barrier. (11 threads)
[2025-05-20T20:16:39.045+0300][15820][1484 ][info ][safepoint] Safepoint "Cleanup", Time since last: 1014074900 ns, Reaching safepoint: 92700 ns, Cleanup: 11100 ns, At safepoint: 5300 ns, Total: 109100 ns
[2025-05-20T20:16:40.315+0300][15820][1484 ][debug][safepoint] Safepoint synchronization initiated using striped semaphore wait barrier. (12 threads)
[2025-05-20T20:16:40.315+0300][15820][1484 ][debug][gc,heap  ] GC(0) Heap before GC invocations=0 (full 0):
[2025-05-20T20:16:40.315+0300][15820][1484 ][debug][gc,heap  ] GC(0)  garbage-first heap   total 4194304K, used 149504K [0x0000000700000000, 0x0000000800000000)
[2025-05-20T20:16:40.315+0300][15820][1484 ][debug][gc,heap  ] GC(0)   region size 2048K, 74 young (151552K), 0 survivors (0K)
[2025-05-20T20:16:40.315+0300][15820][1484 ][debug][gc,heap  ] GC(0)  Metaspace       used 2841K, committed 3072K, reserved 1114112K
[2025-05-20T20:16:40.315+0300][15820][1484 ][debug][gc,heap  ] GC(0)   class space    used 256K, committed 384K, reserved 1048576K
[2025-05-20T20:16:40.315+0300][15820][1484 ][debug][gc,phases] GC(0) Phase 1: Reference Processing 0.204ms
[2025-05-20T20:16:40.315+0300][15820][1484 ][debug][gc,phases] GC(0)   VM Weak                        Min:  0.0, Avg:  0.0, Max:  0.0, Diff:  0.0, Sum:  0.0, Workers: 5
[2025-05-20T20:16:40.315+0300][15820][1484 ][debug][gc,phases] GC(0)     Dead                           Min: 0, Avg:  0.0, Max: 0, Diff: 0, Sum: 0, Workers: 5
[2025-05-20T20:16:40.315+0300][15820][1484 ][debug][gc,phases] GC(0)     Total                          Min: 0, Avg:  4.0, Max: 20, Diff: 20, Sum: 20, Workers: 5
[2025-05-20T20:16:40.315+0300][15820][1484 ][debug][gc,phases] GC(0)   ObjectSynchronizer Weak        Min:  0.0, Avg:  0.0, Max:  0.0, Diff:  0.0, Sum:  0.0, Workers: 5
[2025-05-20T20:16:40.315+0300][15820][1484 ][debug][gc,phases] GC(0)     Dead                           Min: 0, Avg:  0.0, Max: 0, Diff: 0, Sum: 0, Workers: 5
[2025-05-20T20:16:40.315+0300][15820][1484 ][debug][gc,phases] GC(0)     Total                          Min: 0, Avg:  0.2, Max: 1, Diff: 1, Sum: 1, Workers: 5
[2025-05-20T20:16:40.315+0300][15820][1484 ][debug][gc,phases] GC(0)   JVMTI Tag Weak OopStorage      Min:  0.0, Avg:  0.0, Max:  0.0, Diff:  0.0, Sum:  0.0, Workers: 5
[2025-05-20T20:16:40.315+0300][15820][1484 ][debug][gc,phases] GC(0)     Dead                           Min: 0, Avg:  0.0, Max: 0, Diff: 0, Sum: 0, Workers: 5
[2025-05-20T20:16:40.315+0300][15820][1484 ][debug][gc,phases] GC(0)     Total                          Min: 0, Avg:  0.0, Max: 0, Diff: 0, Sum: 0, Workers: 5
[2025-05-20T20:16:40.315+0300][15820][1484 ][debug][gc,phases] GC(0)   StringTable Weak               Min:  0.0, Avg:  0.0, Max:  0.0, Diff:  0.0, Sum:  0.0, Workers: 5
[2025-05-20T20:16:40.315+0300][15820][1484 ][debug][gc,phases] GC(0)     Dead                           Min: 0, Avg:  1.0, Max: 4, Diff: 4, Sum: 5, Workers: 5
[2025-05-20T20:16:40.315+0300][15820][1484 ][debug][gc,phases] GC(0)     Total                          Min: 64, Avg: 851.4, Max: 1472, Diff: 1408, Sum: 4257, Workers: 5
[2025-05-20T20:16:40.315+0300][15820][1484 ][debug][gc,phases] GC(0)   ResolvedMethodTable Weak       Min:  0.0, Avg:  0.0, Max:  0.0, Diff:  0.0, Sum:  0.0, Workers: 5
[2025-05-20T20:16:40.315+0300][15820][1484 ][debug][gc,phases] GC(0)     Dead                           Min: 0, Avg:  4.2, Max: 13, Diff: 13, Sum: 21, Workers: 5
[2025-05-20T20:16:40.315+0300][15820][1484 ][debug][gc,phases] GC(0)     Total                          Min: 0, Avg: 40.4, Max: 128, Diff: 128, Sum: 202, Workers: 5
[2025-05-20T20:16:40.315+0300][15820][1484 ][debug][gc,phases] GC(0)   JNI Weak                       Min:  0.0, Avg:  0.0, Max:  0.0, Diff:  0.0, Sum:  0.0, Workers: 5
[2025-05-20T20:16:40.315+0300][15820][1484 ][debug][gc,phases] GC(0)     Dead                           Min: 0, Avg:  0.0, Max: 0, Diff: 0, Sum: 0, Workers: 5
[2025-05-20T20:16:40.315+0300][15820][1484 ][debug][gc,phases] GC(0)     Total                          Min: 0, Avg:  0.0, Max: 0, Diff: 0, Sum: 0, Workers: 5
[2025-05-20T20:16:40.315+0300][15820][1484 ][debug][gc,phases] GC(0)   StringDedup Table Weak         Min:  0.0, Avg:  0.0, Max:  0.0, Diff:  0.0, Sum:  0.0, Workers: 5
[2025-05-20T20:16:40.315+0300][15820][1484 ][debug][gc,phases] GC(0)     Dead                           Min: 0, Avg:  0.0, Max: 0, Diff: 0, Sum: 0, Workers: 5
[2025-05-20T20:16:40.315+0300][15820][1484 ][debug][gc,phases] GC(0)     Total                          Min: 0, Avg:  0.0, Max: 0, Diff: 0, Sum: 0, Workers: 5
[2025-05-20T20:16:40.315+0300][15820][1484 ][debug][gc,phases] GC(0)   StringDedup Requests0 Weak     Min:  0.0, Avg:  0.0, Max:  0.0, Diff:  0.0, Sum:  0.0, Workers: 5
[2025-05-20T20:16:40.315+0300][15820][1484 ][debug][gc,phases] GC(0)     Dead                           Min: 0, Avg:  0.0, Max: 0, Diff: 0, Sum: 0, Workers: 5
[2025-05-20T20:16:40.315+0300][15820][1484 ][debug][gc,phases] GC(0)     Total                          Min: 0, Avg:  0.0, Max: 0, Diff: 0, Sum: 0, Workers: 5
[2025-05-20T20:16:40.315+0300][15820][1484 ][debug][gc,phases] GC(0)   StringDedup Requests1 Weak     Min:  0.0, Avg:  0.0, Max:  0.0, Diff:  0.0, Sum:  0.0, Workers: 5
[2025-05-20T20:16:40.315+0300][15820][1484 ][debug][gc,phases] GC(0)     Dead                           Min: 0, Avg:  0.0, Max: 0, Diff: 0, Sum: 0, Workers: 5
[2025-05-20T20:16:40.315+0300][15820][1484 ][debug][gc,phases] GC(0)     Total                          Min: 0, Avg:  0.0, Max: 0, Diff: 0, Sum: 0, Workers: 5
[2025-05-20T20:16:40.315+0300][15820][1484 ][debug][gc,phases] GC(0)   Weak JFR Old Object Samples    Min:  0.0, Avg:  0.0, Max:  0.0, Diff:  0.0, Sum:  0.0, Workers: 5
[2025-05-20T20:16:40.315+0300][15820][1484 ][debug][gc,phases] GC(0)     Dead                           Min: 0, Avg:  0.0, Max: 0, Diff: 0, Sum: 0, Workers: 5
[2025-05-20T20:16:40.315+0300][15820][1484 ][debug][gc,phases] GC(0)     Total                          Min: 0, Avg:  0.0, Max: 0, Diff: 0, Sum: 0, Workers: 5
[2025-05-20T20:16:40.315+0300][15820][1484 ][debug][gc,phases] GC(0) Phase 1: Weak Processing 0.496ms
[2025-05-20T20:16:40.315+0300][15820][1484 ][debug][gc,phases] GC(0) ClassLoaderData 0.004ms
[2025-05-20T20:16:40.315+0300][15820][1484 ][debug][gc,phases] GC(0) Trigger cleanups 0.001ms
[2025-05-20T20:16:40.315+0300][15820][1484 ][debug][gc,phases] GC(0) G1 Complete Cleaning 0.857ms
[2025-05-20T20:16:40.315+0300][15820][1484 ][debug][gc,phases] GC(0) Purge Unlinked NMethods 0.001ms
[2025-05-20T20:16:40.315+0300][15820][1484 ][debug][gc,phases] GC(0) Unregister NMethods 0.175ms
[2025-05-20T20:16:40.315+0300][15820][1484 ][debug][gc,phases] GC(0) Free Code Blobs 0.002ms
[2025-05-20T20:16:40.315+0300][15820][1484 ][debug][gc,phases] GC(0) Purge Class Loader Data 0.023ms
[2025-05-20T20:16:40.315+0300][15820][1484 ][debug][gc,phases] GC(0) Phase 1: Class Unloading and Cleanup 1.197ms
[2025-05-20T20:16:40.315+0300][15820][1484 ][debug][gc,phases] GC(0) Report Object Count 0.002ms
[2025-05-20T20:16:40.315+0300][15820][1484 ][info ][gc,phases] GC(0) Phase 1: Mark live objects 3.266ms
[2025-05-20T20:16:40.315+0300][15820][1484 ][debug][gc,phases] GC(0) Phase 2: Determine work lists 0.055ms
[2025-05-20T20:16:40.315+0300][15820][1484 ][debug][gc,phases] GC(0) Phase 2: Prepare parallel compaction 0.609ms
[2025-05-20T20:16:40.315+0300][15820][1484 ][info ][gc,phases] GC(0) Phase 2: Prepare compaction 0.707ms
[2025-05-20T20:16:40.315+0300][15820][1484 ][info ][gc,phases] GC(0) Phase 3: Adjust pointers 0.834ms
[2025-05-20T20:16:40.315+0300][15820][1484 ][info ][gc,phases] GC(0) Phase 4: Compact heap 0.951ms
[2025-05-20T20:16:40.315+0300][15820][1484 ][info ][gc,phases] GC(0) Phase 5: Reset Metadata 1.052ms
[2025-05-20T20:16:40.331+0300][15820][1484 ][info ][gc,heap  ] GC(0) Eden regions: 74->0(102)
[2025-05-20T20:16:40.331+0300][15820][1484 ][info ][gc,heap  ] GC(0) Survivor regions: 0->0(0)
[2025-05-20T20:16:40.331+0300][15820][1484 ][info ][gc,heap  ] GC(0) Old regions: 0->8
[2025-05-20T20:16:40.331+0300][15820][1484 ][info ][gc,heap  ] GC(0) Humongous regions: 0->0
[2025-05-20T20:16:40.331+0300][15820][1484 ][debug][gc,heap  ] GC(0) Heap after GC invocations=1 (full 1):
[2025-05-20T20:16:40.331+0300][15820][1484 ][debug][gc,heap  ] GC(0)  garbage-first heap   total 4194304K, used 2947K [0x0000000700000000, 0x0000000800000000)
[2025-05-20T20:16:40.331+0300][15820][1484 ][debug][gc,heap  ] GC(0)   region size 2048K, 0 young (0K), 0 survivors (0K)
[2025-05-20T20:16:40.331+0300][15820][1484 ][debug][gc,heap  ] GC(0)  Metaspace       used 2841K, committed 3072K, reserved 1114112K
[2025-05-20T20:16:40.331+0300][15820][1484 ][debug][gc,heap  ] GC(0)   class space    used 256K, committed 384K, reserved 1048576K
[2025-05-20T20:16:40.331+0300][15820][1484 ][info ][gc       ] GC(0) Pause Full (System.gc()) 148M->2M(4096M) 13.939ms
[2025-05-20T20:16:40.331+0300][15820][1484 ][info ][safepoint] Safepoint "G1CollectFull", Time since last: 1274165600 ns, Reaching safepoint: 49100 ns, Cleanup: 27400 ns, At safepoint: 13966900 ns, Total: 14043400 ns
[2025-05-20T20:16:40.649+0300][15820][1484 ][debug][safepoint] Safepoint synchronization initiated using striped semaphore wait barrier. (21 threads)
[2025-05-20T20:16:40.649+0300][15820][1484 ][info ][safepoint] Safepoint "ICBufferFull", Time since last: 315694800 ns, Reaching safepoint: 96600 ns, Cleanup: 88300 ns, At safepoint: 12400 ns, Total: 197300 ns
[2025-05-20T20:16:40.649+0300][15820][1484 ][debug][safepoint] Safepoint synchronization initiated using striped semaphore wait barrier. (21 threads)
[2025-05-20T20:16:40.649+0300][15820][1484 ][info ][safepoint] Safepoint "ICBufferFull", Time since last: 52800 ns, Reaching safepoint: 37700 ns, Cleanup: 2700 ns, At safepoint: 14500 ns, Total: 54900 ns
[2025-05-20T20:16:40.649+0300][15820][1484 ][debug][safepoint] Safepoint synchronization initiated using striped semaphore wait barrier. (21 threads)
[2025-05-20T20:16:40.649+0300][15820][15272][debug][safepoint] ... found polling page loop exception at pc = 0x000002470892d758, stub =0x000002470fbb6600
[2025-05-20T20:16:40.649+0300][15820][17128][debug][safepoint] ... found polling page loop exception at pc = 0x000002470892d758, stub =0x000002470fbb6600
[2025-05-20T20:16:40.649+0300][15820][1484 ][info ][safepoint] Safepoint "ICBufferFull", Time since last: 23200 ns, Reaching safepoint: 151600 ns, Cleanup: 2800 ns, At safepoint: 16300 ns, Total: 170700 ns
[2025-05-20T20:16:40.649+0300][15820][1484 ][debug][safepoint] Safepoint synchronization initiated using striped semaphore wait barrier. (21 threads)
[2025-05-20T20:16:40.649+0300][15820][17128][debug][safepoint] ... found polling page loop exception at pc = 0x0000024708931d6f, stub =0x000002470fbb6600
[2025-05-20T20:16:40.649+0300][15820][1484 ][info ][safepoint] Safepoint "ICBufferFull", Time since last: 60400 ns, Reaching safepoint: 90700 ns, Cleanup: 1500 ns, At safepoint: 12600 ns, Total: 104800 ns
[2025-05-20T20:16:40.649+0300][15820][1484 ][debug][safepoint] Safepoint synchronization initiated using striped semaphore wait barrier. (21 threads)
[2025-05-20T20:16:40.649+0300][15820][2608 ][debug][safepoint] ... found polling page loop exception at pc = 0x000002470892d758, stub =0x000002470fbb6600
[2025-05-20T20:16:40.649+0300][15820][1484 ][info ][safepoint] Safepoint "ICBufferFull", Time since last: 734200 ns, Reaching safepoint: 83300 ns, Cleanup: 2600 ns, At safepoint: 15000 ns, Total: 100900 ns
[2025-05-20T20:16:40.804+0300][15820][1484 ][debug][safepoint] Safepoint synchronization initiated using striped semaphore wait barrier. (21 threads)
[2025-05-20T20:16:40.804+0300][15820][17128][debug][safepoint] ... found polling page loop exception at pc = 0x00000247101cf522, stub =0x000002470fbb6600
[2025-05-20T20:16:40.804+0300][15820][1484 ][info ][safepoint] Safepoint "ICBufferFull", Time since last: 154326400 ns, Reaching safepoint: 113600 ns, Cleanup: 88000 ns, At safepoint: 19300 ns, Total: 220900 ns
[2025-05-20T20:16:41.132+0300][15820][1484 ][debug][safepoint] Safepoint synchronization initiated using striped semaphore wait barrier. (21 threads)
[2025-05-20T20:16:41.132+0300][15820][1800 ][debug][safepoint] ... found polling page loop exception at pc = 0x00000247101b8960, stub =0x000002470fbb5d80
[2025-05-20T20:16:41.132+0300][15820][11108][debug][safepoint] ... found polling page loop exception at pc = 0x00000247101b8960, stub =0x000002470fbb5d80
[2025-05-20T20:16:41.132+0300][15820][1484 ][debug][gc,heap  ] GC(1) Heap before GC invocations=1 (full 1):
[2025-05-20T20:16:41.132+0300][15820][1484 ][debug][gc,heap  ] GC(1)  garbage-first heap   total 4194304K, used 224131K [0x0000000700000000, 0x0000000800000000)
[2025-05-20T20:16:41.132+0300][15820][1484 ][debug][gc,heap  ] GC(1)   region size 2048K, 102 young (208896K), 0 survivors (0K)
[2025-05-20T20:16:41.132+0300][15820][1484 ][debug][gc,heap  ] GC(1)  Metaspace       used 8825K, committed 9344K, reserved 1114112K
[2025-05-20T20:16:41.132+0300][15820][1484 ][debug][gc,heap  ] GC(1)   class space    used 979K, committed 1216K, reserved 1048576K
[2025-05-20T20:16:41.132+0300][15820][1484 ][info ][gc,phases] GC(1)   Pre Evacuate Collection Set: 0.2ms
[2025-05-20T20:16:41.132+0300][15820][1484 ][debug][gc,phases] GC(1)     Pre Evacuate Prepare: 0.1ms
[2025-05-20T20:16:41.132+0300][15820][1484 ][debug][gc,phases] GC(1)       JT Retire TLABs And Flush Logs (ms): Min:  0.0, Avg:  0.0, Max:  0.0, Diff:  0.0, Sum:  0.0, Workers: 2
[2025-05-20T20:16:41.132+0300][15820][1484 ][debug][gc,phases] GC(1)       Non-JT Flush Logs (ms):        Min:  0.0, Avg:  0.0, Max:  0.0, Diff:  0.0, Sum:  0.0, Workers: 1
[2025-05-20T20:16:41.132+0300][15820][1484 ][debug][gc,phases] GC(1)     Choose Collection Set: 0.0ms
[2025-05-20T20:16:41.132+0300][15820][1484 ][debug][gc,phases] GC(1)     Region Register: 0.2ms
[2025-05-20T20:16:41.132+0300][15820][1484 ][debug][gc,phases] GC(1)     Prepare Heap Roots: 0.0ms
[2025-05-20T20:16:41.132+0300][15820][1484 ][info ][gc,phases] GC(1)   Merge Heap Roots: 0.1ms
[2025-05-20T20:16:41.132+0300][15820][1484 ][debug][gc,phases] GC(1)     Prepare Merge Heap Roots: 0.0ms
[2025-05-20T20:16:41.132+0300][15820][1484 ][debug][gc,phases] GC(1)     Remembered Sets (ms):          Min:  0.0, Avg:  0.0, Max:  0.0, Diff:  0.0, Sum:  0.1, Workers: 8
[2025-05-20T20:16:41.132+0300][15820][1484 ][debug][gc,phases] GC(1)       Eager Reclaim (ms):            Min:  0.0, Avg:  0.0, Max:  0.0, Diff:  0.0, Sum:  0.0, Workers: 1
[2025-05-20T20:16:41.132+0300][15820][1484 ][debug][gc,phases] GC(1)       Merged Inline                  Min: 0, Avg:  0.0, Max: 0, Diff: 0, Sum: 0, Workers: 8
[2025-05-20T20:16:41.132+0300][15820][1484 ][debug][gc,phases] GC(1)       Merged ArrayOfCards            Min: 0, Avg:  0.0, Max: 0, Diff: 0, Sum: 0, Workers: 8
[2025-05-20T20:16:41.132+0300][15820][1484 ][debug][gc,phases] GC(1)       Merged Howl                    Min: 0, Avg:  0.0, Max: 0, Diff: 0, Sum: 0, Workers: 8
[2025-05-20T20:16:41.132+0300][15820][1484 ][debug][gc,phases] GC(1)       Merged Full                    Min: 0, Avg:  0.0, Max: 0, Diff: 0, Sum: 0, Workers: 8
[2025-05-20T20:16:41.132+0300][15820][1484 ][debug][gc,phases] GC(1)       Merged Howl Inline             Min: 0, Avg:  0.0, Max: 0, Diff: 0, Sum: 0, Workers: 8
[2025-05-20T20:16:41.132+0300][15820][1484 ][debug][gc,phases] GC(1)       Merged Howl ArrayOfCards       Min: 0, Avg:  0.0, Max: 0, Diff: 0, Sum: 0, Workers: 8
[2025-05-20T20:16:41.132+0300][15820][1484 ][debug][gc,phases] GC(1)       Merged Howl BitMap             Min: 0, Avg:  0.0, Max: 0, Diff: 0, Sum: 0, Workers: 8
[2025-05-20T20:16:41.132+0300][15820][1484 ][debug][gc,phases] GC(1)       Merged Howl Full               Min: 0, Avg:  0.0, Max: 0, Diff: 0, Sum: 0, Workers: 8
[2025-05-20T20:16:41.132+0300][15820][1484 ][debug][gc,phases] GC(1)       Merged Cards                   Min: 8, Avg:  9.0, Max: 16, Diff: 8, Sum: 72, Workers: 8
[2025-05-20T20:16:41.132+0300][15820][1484 ][debug][gc,phases] GC(1)     Log Buffers (ms):              Min:  0.0, Avg:  0.0, Max:  0.0, Diff:  0.0, Sum:  0.0, Workers: 8
[2025-05-20T20:16:41.132+0300][15820][1484 ][debug][gc,phases] GC(1)       Dirty Cards:                   Min: 0, Avg: 42.0, Max: 194, Diff: 194, Sum: 336, Workers: 8
[2025-05-20T20:16:41.132+0300][15820][1484 ][debug][gc,phases] GC(1)       Skipped Cards:                 Min: 0, Avg:  0.0, Max: 0, Diff: 0, Sum: 0, Workers: 8
[2025-05-20T20:16:41.132+0300][15820][1484 ][info ][gc,phases] GC(1)   Evacuate Collection Set: 1.2ms
[2025-05-20T20:16:41.132+0300][15820][1484 ][debug][gc,phases] GC(1)     Ext Root Scanning (ms):        Min:  0.1, Avg:  0.4, Max:  1.0, Diff:  0.9, Sum:  3.4, Workers: 8
[2025-05-20T20:16:41.132+0300][15820][1484 ][debug][gc,phases] GC(1)     Scan Heap Roots (ms):          Min:  0.0, Avg:  0.0, Max:  0.1, Diff:  0.1, Sum:  0.3, Workers: 8
[2025-05-20T20:16:41.132+0300][15820][1484 ][debug][gc,phases] GC(1)       Scanned Cards:                 Min: 0, Avg: 42.0, Max: 99, Diff: 99, Sum: 336, Workers: 8
[2025-05-20T20:16:41.132+0300][15820][1484 ][debug][gc,phases] GC(1)       Scanned Blocks:                Min: 0, Avg: 23.0, Max: 50, Diff: 50, Sum: 184, Workers: 8
[2025-05-20T20:16:41.132+0300][15820][1484 ][debug][gc,phases] GC(1)       Claimed Chunks:                Min: 0, Avg:  4.8, Max: 11, Diff: 11, Sum: 38, Workers: 8
[2025-05-20T20:16:41.132+0300][15820][1484 ][debug][gc,phases] GC(1)       Found Roots:                   Min: 0, Avg: 158.9, Max: 424, Diff: 424, Sum: 1271, Workers: 8
[2025-05-20T20:16:41.132+0300][15820][1484 ][debug][gc,phases] GC(1)     Code Root Scan (ms):           Min:  0.0, Avg:  0.1, Max:  0.3, Diff:  0.3, Sum:  1.2, Workers: 8
[2025-05-20T20:16:41.132+0300][15820][1484 ][debug][gc,phases] GC(1)       Scanned Nmethods               Min: 0, Avg: 48.2, Max: 114, Diff: 114, Sum: 386, Workers: 8
[2025-05-20T20:16:41.132+0300][15820][1484 ][debug][gc,phases] GC(1)     Object Copy (ms):              Min:  0.1, Avg:  0.4, Max:  0.6, Diff:  0.6, Sum:  3.4, Workers: 8
[2025-05-20T20:16:41.132+0300][15820][1484 ][debug][gc,phases] GC(1)     Termination (ms):              Min:  0.0, Avg:  0.1, Max:  0.2, Diff:  0.2, Sum:  0.9, Workers: 8
[2025-05-20T20:16:41.132+0300][15820][1484 ][debug][gc,phases] GC(1)       Termination Attempts:          Min: 1, Avg:  7.8, Max: 11, Diff: 10, Sum: 62, Workers: 8
[2025-05-20T20:16:41.132+0300][15820][1484 ][debug][gc,phases] GC(1)     GC Worker Other (ms):          Min:  0.0, Avg:  0.0, Max:  0.0, Diff:  0.0, Sum:  0.2, Workers: 8
[2025-05-20T20:16:41.132+0300][15820][1484 ][debug][gc,phases] GC(1)     GC Worker Total (ms):          Min:  1.1, Avg:  1.2, Max:  1.2, Diff:  0.1, Sum:  9.5, Workers: 8
[2025-05-20T20:16:41.132+0300][15820][1484 ][info ][gc,phases] GC(1)   Post Evacuate Collection Set: 0.4ms
[2025-05-20T20:16:41.132+0300][15820][1484 ][debug][gc,phases] GC(1)     NMethod List Cleanup: 0.0ms
[2025-05-20T20:16:41.132+0300][15820][1484 ][debug][gc,phases] GC(1)     Reference Processing: 0.1ms
[2025-05-20T20:16:41.132+0300][15820][1484 ][debug][gc,phases] GC(1)     Weak Processing: 0.1ms
[2025-05-20T20:16:41.132+0300][15820][1484 ][debug][gc,phases] GC(1)       VM Weak                        Min:  0.0, Avg:  0.0, Max:  0.0, Diff:  0.0, Sum:  0.0, Workers: 8
[2025-05-20T20:16:41.132+0300][15820][1484 ][debug][gc,phases] GC(1)         Dead                           Min: 0, Avg:  0.0, Max: 0, Diff: 0, Sum: 0, Workers: 8
[2025-05-20T20:16:41.132+0300][15820][1484 ][debug][gc,phases] GC(1)         Total                          Min: 0, Avg: 46.6, Max: 128, Diff: 128, Sum: 373, Workers: 8
[2025-05-20T20:16:41.132+0300][15820][1484 ][debug][gc,phases] GC(1)       ObjectSynchronizer Weak        Min:  0.0, Avg:  0.0, Max:  0.0, Diff:  0.0, Sum:  0.0, Workers: 8
[2025-05-20T20:16:41.132+0300][15820][1484 ][debug][gc,phases] GC(1)         Dead                           Min: 0, Avg: 12.6, Max: 53, Diff: 53, Sum: 101, Workers: 8
[2025-05-20T20:16:41.132+0300][15820][1484 ][debug][gc,phases] GC(1)         Total                          Min: 0, Avg: 16.2, Max: 64, Diff: 64, Sum: 130, Workers: 8
[2025-05-20T20:16:41.132+0300][15820][1484 ][debug][gc,phases] GC(1)       JVMTI Tag Weak OopStorage      Min:  0.0, Avg:  0.0, Max:  0.0, Diff:  0.0, Sum:  0.0, Workers: 8
[2025-05-20T20:16:41.132+0300][15820][1484 ][debug][gc,phases] GC(1)         Dead                           Min: 0, Avg:  0.0, Max: 0, Diff: 0, Sum: 0, Workers: 8
[2025-05-20T20:16:41.132+0300][15820][1484 ][debug][gc,phases] GC(1)         Total                          Min: 0, Avg:  0.0, Max: 0, Diff: 0, Sum: 0, Workers: 8
[2025-05-20T20:16:41.132+0300][15820][1484 ][debug][gc,phases] GC(1)       StringTable Weak               Min:  0.0, Avg:  0.0, Max:  0.0, Diff:  0.0, Sum:  0.1, Workers: 8
[2025-05-20T20:16:41.132+0300][15820][1484 ][debug][gc,phases] GC(1)         Dead                           Min: 0, Avg:  1.0, Max: 4, Diff: 4, Sum: 8, Workers: 8
[2025-05-20T20:16:41.132+0300][15820][1484 ][debug][gc,phases] GC(1)         Total                          Min: 0, Avg: 759.0, Max: 1344, Diff: 1344, Sum: 6072, Workers: 8
[2025-05-20T20:16:41.132+0300][15820][1484 ][debug][gc,phases] GC(1)       ResolvedMethodTable Weak       Min:  0.0, Avg:  0.0, Max:  0.0, Diff:  0.0, Sum:  0.1, Workers: 8
[2025-05-20T20:16:41.132+0300][15820][1484 ][debug][gc,phases] GC(1)         Dead                           Min: 0, Avg: 36.6, Max: 78, Diff: 78, Sum: 293, Workers: 8
[2025-05-20T20:16:41.132+0300][15820][1484 ][debug][gc,phases] GC(1)         Total                          Min: 0, Avg: 109.1, Max: 192, Diff: 192, Sum: 873, Workers: 8
[2025-05-20T20:16:41.132+0300][15820][1484 ][debug][gc,phases] GC(1)       JNI Weak                       Min:  0.0, Avg:  0.0, Max:  0.0, Diff:  0.0, Sum:  0.0, Workers: 8
[2025-05-20T20:16:41.132+0300][15820][1484 ][debug][gc,phases] GC(1)         Dead                           Min: 0, Avg:  0.0, Max: 0, Diff: 0, Sum: 0, Workers: 8
[2025-05-20T20:16:41.132+0300][15820][1484 ][debug][gc,phases] GC(1)         Total                          Min: 0, Avg:  1.0, Max: 8, Diff: 8, Sum: 8, Workers: 8
[2025-05-20T20:16:41.132+0300][15820][1484 ][debug][gc,phases] GC(1)       StringDedup Table Weak         Min:  0.0, Avg:  0.0, Max:  0.0, Diff:  0.0, Sum:  0.0, Workers: 8
[2025-05-20T20:16:41.132+0300][15820][1484 ][debug][gc,phases] GC(1)         Dead                           Min: 0, Avg:  0.0, Max: 0, Diff: 0, Sum: 0, Workers: 8
[2025-05-20T20:16:41.132+0300][15820][1484 ][debug][gc,phases] GC(1)         Total                          Min: 0, Avg:  0.0, Max: 0, Diff: 0, Sum: 0, Workers: 8
[2025-05-20T20:16:41.132+0300][15820][1484 ][debug][gc,phases] GC(1)       StringDedup Requests0 Weak     Min:  0.0, Avg:  0.0, Max:  0.0, Diff:  0.0, Sum:  0.0, Workers: 8
[2025-05-20T20:16:41.132+0300][15820][1484 ][debug][gc,phases] GC(1)         Dead                           Min: 0, Avg:  0.0, Max: 0, Diff: 0, Sum: 0, Workers: 8
[2025-05-20T20:16:41.132+0300][15820][1484 ][debug][gc,phases] GC(1)         Total                          Min: 0, Avg:  0.0, Max: 0, Diff: 0, Sum: 0, Workers: 8
[2025-05-20T20:16:41.132+0300][15820][1484 ][debug][gc,phases] GC(1)       StringDedup Requests1 Weak     Min:  0.0, Avg:  0.0, Max:  0.0, Diff:  0.0, Sum:  0.0, Workers: 8
[2025-05-20T20:16:41.132+0300][15820][1484 ][debug][gc,phases] GC(1)         Dead                           Min: 0, Avg:  0.0, Max: 0, Diff: 0, Sum: 0, Workers: 8
[2025-05-20T20:16:41.132+0300][15820][1484 ][debug][gc,phases] GC(1)         Total                          Min: 0, Avg:  0.0, Max: 0, Diff: 0, Sum: 0, Workers: 8
[2025-05-20T20:16:41.132+0300][15820][1484 ][debug][gc,phases] GC(1)       Weak JFR Old Object Samples    Min:  0.0, Avg:  0.0, Max:  0.0, Diff:  0.0, Sum:  0.0, Workers: 8
[2025-05-20T20:16:41.132+0300][15820][1484 ][debug][gc,phases] GC(1)         Dead                           Min: 0, Avg:  0.0, Max: 0, Diff: 0, Sum: 0, Workers: 8
[2025-05-20T20:16:41.132+0300][15820][1484 ][debug][gc,phases] GC(1)         Total                          Min: 0, Avg:  0.0, Max: 0, Diff: 0, Sum: 0, Workers: 8
[2025-05-20T20:16:41.132+0300][15820][1484 ][debug][gc,phases] GC(1)     Post Evacuate Cleanup 1: 0.1ms
[2025-05-20T20:16:41.132+0300][15820][1484 ][debug][gc,phases] GC(1)       Merge Per-Thread State (ms):   Min:  0.0, Avg:  0.0, Max:  0.0, Diff:  0.0, Sum:  0.0, Workers: 1
[2025-05-20T20:16:41.132+0300][15820][1484 ][debug][gc,phases] GC(1)         Copied Bytes                   Min: 17912, Avg: 198898.0, Max: 351504, Diff: 333592, Sum: 1591184, Workers: 8
[2025-05-20T20:16:41.132+0300][15820][1484 ][debug][gc,phases] GC(1)         LAB Waste                      Min: 0, Avg: 134.0, Max: 248, Diff: 248, Sum: 1072, Workers: 8
[2025-05-20T20:16:41.132+0300][15820][1484 ][debug][gc,phases] GC(1)         LAB Undo Waste                 Min: 0, Avg:  0.0, Max: 0, Diff: 0, Sum: 0, Workers: 8
[2025-05-20T20:16:41.132+0300][15820][1484 ][debug][gc,phases] GC(1)       Clear Logged Cards (ms):       Min:  0.0, Avg:  0.0, Max:  0.0, Diff:  0.0, Sum:  0.0, Workers: 3
[2025-05-20T20:16:41.132+0300][15820][1484 ][debug][gc,phases] GC(1)       Recalculate Used Memory (ms):  Min:  0.0, Avg:  0.0, Max:  0.0, Diff:  0.0, Sum:  0.0, Workers: 1
[2025-05-20T20:16:41.132+0300][15820][1484 ][debug][gc,phases] GC(1)     Post Evacuate Cleanup 2: 0.1ms
[2025-05-20T20:16:41.132+0300][15820][1484 ][debug][gc,phases] GC(1)       Update Derived Pointers (ms):  Min:  0.0, Avg:  0.0, Max:  0.0, Diff:  0.0, Sum:  0.0, Workers: 1
[2025-05-20T20:16:41.132+0300][15820][1484 ][debug][gc,phases] GC(1)       Eagerly Reclaim Humongous Objects (ms): Min:  0.0, Avg:  0.0, Max:  0.0, Diff:  0.0, Sum:  0.0, Workers: 1
[2025-05-20T20:16:41.132+0300][15820][1484 ][debug][gc,phases] GC(1)         Humongous Total                Min: 3, Avg:  3.0, Max: 3, Diff: 0, Sum: 3, Workers: 1
[2025-05-20T20:16:41.132+0300][15820][1484 ][debug][gc,phases] GC(1)         Humongous Candidates           Min: 3, Avg:  3.0, Max: 3, Diff: 0, Sum: 3, Workers: 1
[2025-05-20T20:16:41.132+0300][15820][1484 ][debug][gc,phases] GC(1)         Humongous Reclaimed            Min: 0, Avg:  0.0, Max: 0, Diff: 0, Sum: 0, Workers: 1
[2025-05-20T20:16:41.132+0300][15820][1484 ][debug][gc,phases] GC(1)       Redirty Logged Cards (ms):     Min:  0.0, Avg:  0.0, Max:  0.0, Diff:  0.0, Sum:  0.0, Workers: 8
[2025-05-20T20:16:41.132+0300][15820][1484 ][debug][gc,phases] GC(1)         Redirtied Cards:               Min: 0, Avg: 29.8, Max: 156, Diff: 156, Sum: 238, Workers: 8
[2025-05-20T20:16:41.132+0300][15820][1484 ][debug][gc,phases] GC(1)       Resize TLABs (ms):             Min:  0.0, Avg:  0.0, Max:  0.0, Diff:  0.0, Sum:  0.0, Workers: 8
[2025-05-20T20:16:41.132+0300][15820][1484 ][debug][gc,phases] GC(1)       Free Collection Set (ms):      Min:  0.0, Avg:  0.0, Max:  0.1, Diff:  0.1, Sum:  0.2, Workers: 8
[2025-05-20T20:16:41.132+0300][15820][1484 ][debug][gc,phases] GC(1)     Rebuild Free List: 0.0ms
[2025-05-20T20:16:41.132+0300][15820][1484 ][debug][gc,phases] GC(1)     Prepare For Mutator: 0.0ms
[2025-05-20T20:16:41.132+0300][15820][1484 ][debug][gc,phases] GC(1)     Expand Heap After Collection: 0.0ms
[2025-05-20T20:16:41.132+0300][15820][1484 ][info ][gc,phases] GC(1)   Other: 0.1ms
[2025-05-20T20:16:41.132+0300][15820][1484 ][info ][gc,heap  ] GC(1) Eden regions: 102->0(158)
[2025-05-20T20:16:41.132+0300][15820][1484 ][info ][gc,heap  ] GC(1) Survivor regions: 0->1(13)
[2025-05-20T20:16:41.132+0300][15820][1484 ][info ][gc,heap  ] GC(1) Old regions: 8->8
[2025-05-20T20:16:41.132+0300][15820][1484 ][info ][gc,heap  ] GC(1) Humongous regions: 6->6
[2025-05-20T20:16:41.132+0300][15820][1484 ][debug][gc,heap  ] GC(1) Heap after GC invocations=2 (full 1):
[2025-05-20T20:16:41.132+0300][15820][1484 ][debug][gc,heap  ] GC(1)  garbage-first heap   total 4194304K, used 16905K [0x0000000700000000, 0x0000000800000000)
[2025-05-20T20:16:41.132+0300][15820][1484 ][debug][gc,heap  ] GC(1)   region size 2048K, 1 young (2048K), 1 survivors (2048K)
[2025-05-20T20:16:41.132+0300][15820][1484 ][debug][gc,heap  ] GC(1)  Metaspace       used 8825K, committed 9344K, reserved 1114112K
[2025-05-20T20:16:41.132+0300][15820][1484 ][debug][gc,heap  ] GC(1)   class space    used 979K, committed 1216K, reserved 1048576K
[2025-05-20T20:16:41.132+0300][15820][1484 ][info ][gc       ] GC(1) Pause Young (Normal) (G1 Evacuation Pause) 218M->16M(4096M) 3.340ms
[2025-05-20T20:16:41.132+0300][15820][1484 ][info ][safepoint] Safepoint "G1CollectForAllocation", Time since last: 327295300 ns, Reaching safepoint: 172600 ns, Cleanup: 99400 ns, At safepoint: 3386800 ns, Total: 3658800 ns
[2025-05-20T20:16:41.448+0300][15820][1484 ][debug][safepoint] Safepoint synchronization initiated using striped semaphore wait barrier. (21 threads)
[2025-05-20T20:16:41.448+0300][15820][22388][debug][safepoint] ... found polling page loop exception at pc = 0x0000024710235952, stub =0x000002470fbb6600
[2025-05-20T20:16:41.448+0300][15820][2608 ][debug][safepoint] ... found polling page loop exception at pc = 0x00000247101cf522, stub =0x000002470fbb6600
[2025-05-20T20:16:41.448+0300][15820][22856][debug][safepoint] ... found polling page loop exception at pc = 0x00000247101b8960, stub =0x000002470fbb5d80
[2025-05-20T20:16:41.448+0300][15820][17128][debug][safepoint] ... found polling page loop exception at pc = 0x00000247101b8960, stub =0x000002470fbb5d80
[2025-05-20T20:16:41.448+0300][15820][11108][debug][safepoint] ... found polling page loop exception at pc = 0x00000247101b8960, stub =0x000002470fbb5d80
[2025-05-20T20:16:41.448+0300][15820][1484 ][debug][gc,heap  ] GC(2) Heap before GC invocations=2 (full 1):
[2025-05-20T20:16:41.448+0300][15820][1484 ][debug][gc,heap  ] GC(2)  garbage-first heap   total 4194304K, used 340489K [0x0000000700000000, 0x0000000800000000)
[2025-05-20T20:16:41.448+0300][15820][1484 ][debug][gc,heap  ] GC(2)   region size 2048K, 159 young (325632K), 1 survivors (2048K)
[2025-05-20T20:16:41.448+0300][15820][1484 ][debug][gc,heap  ] GC(2)  Metaspace       used 8857K, committed 9472K, reserved 1114112K
[2025-05-20T20:16:41.448+0300][15820][1484 ][debug][gc,heap  ] GC(2)   class space    used 980K, committed 1216K, reserved 1048576K
[2025-05-20T20:16:41.448+0300][15820][1484 ][info ][gc,phases] GC(2)   Pre Evacuate Collection Set: 0.2ms
[2025-05-20T20:16:41.448+0300][15820][1484 ][debug][gc,phases] GC(2)     Pre Evacuate Prepare: 0.0ms
[2025-05-20T20:16:41.448+0300][15820][1484 ][debug][gc,phases] GC(2)       JT Retire TLABs And Flush Logs (ms): Min:  0.0, Avg:  0.0, Max:  0.0, Diff:  0.0, Sum:  0.0, Workers: 2
[2025-05-20T20:16:41.448+0300][15820][1484 ][debug][gc,phases] GC(2)       Non-JT Flush Logs (ms):        Min:  0.0, Avg:  0.0, Max:  0.0, Diff:  0.0, Sum:  0.0, Workers: 1
[2025-05-20T20:16:41.448+0300][15820][1484 ][debug][gc,phases] GC(2)     Choose Collection Set: 0.0ms
[2025-05-20T20:16:41.448+0300][15820][1484 ][debug][gc,phases] GC(2)     Region Register: 0.2ms
[2025-05-20T20:16:41.448+0300][15820][1484 ][debug][gc,phases] GC(2)     Prepare Heap Roots: 0.0ms
[2025-05-20T20:16:41.448+0300][15820][1484 ][info ][gc,phases] GC(2)   Merge Heap Roots: 0.1ms
[2025-05-20T20:16:41.448+0300][15820][1484 ][debug][gc,phases] GC(2)     Prepare Merge Heap Roots: 0.0ms
[2025-05-20T20:16:41.448+0300][15820][1484 ][debug][gc,phases] GC(2)     Remembered Sets (ms):          Min:  0.0, Avg:  0.0, Max:  0.0, Diff:  0.0, Sum:  0.1, Workers: 8
[2025-05-20T20:16:41.448+0300][15820][1484 ][debug][gc,phases] GC(2)       Eager Reclaim (ms):            Min:  0.0, Avg:  0.0, Max:  0.0, Diff:  0.0, Sum:  0.0, Workers: 1
[2025-05-20T20:16:41.448+0300][15820][1484 ][debug][gc,phases] GC(2)       Merged Inline                  Min: 0, Avg:  0.0, Max: 0, Diff: 0, Sum: 0, Workers: 8
[2025-05-20T20:16:41.448+0300][15820][1484 ][debug][gc,phases] GC(2)       Merged ArrayOfCards            Min: 0, Avg:  0.0, Max: 0, Diff: 0, Sum: 0, Workers: 8
[2025-05-20T20:16:41.448+0300][15820][1484 ][debug][gc,phases] GC(2)       Merged Howl                    Min: 0, Avg:  0.0, Max: 0, Diff: 0, Sum: 0, Workers: 8
[2025-05-20T20:16:41.448+0300][15820][1484 ][debug][gc,phases] GC(2)       Merged Full                    Min: 0, Avg:  0.0, Max: 0, Diff: 0, Sum: 0, Workers: 8
[2025-05-20T20:16:41.448+0300][15820][1484 ][debug][gc,phases] GC(2)       Merged Howl Inline             Min: 0, Avg:  0.0, Max: 0, Diff: 0, Sum: 0, Workers: 8
[2025-05-20T20:16:41.448+0300][15820][1484 ][debug][gc,phases] GC(2)       Merged Howl ArrayOfCards       Min: 0, Avg:  0.0, Max: 0, Diff: 0, Sum: 0, Workers: 8
[2025-05-20T20:16:41.448+0300][15820][1484 ][debug][gc,phases] GC(2)       Merged Howl BitMap             Min: 0, Avg:  0.0, Max: 0, Diff: 0, Sum: 0, Workers: 8
[2025-05-20T20:16:41.448+0300][15820][1484 ][debug][gc,phases] GC(2)       Merged Howl Full               Min: 0, Avg:  0.0, Max: 0, Diff: 0, Sum: 0, Workers: 8
[2025-05-20T20:16:41.448+0300][15820][1484 ][debug][gc,phases] GC(2)       Merged Cards                   Min: 8, Avg:  9.0, Max: 16, Diff: 8, Sum: 72, Workers: 8
[2025-05-20T20:16:41.448+0300][15820][1484 ][debug][gc,phases] GC(2)     Log Buffers (ms):              Min:  0.0, Avg:  0.0, Max:  0.0, Diff:  0.0, Sum:  0.0, Workers: 8
[2025-05-20T20:16:41.448+0300][15820][1484 ][debug][gc,phases] GC(2)       Dirty Cards:                   Min: 0, Avg: 30.6, Max: 61, Diff: 61, Sum: 245, Workers: 8
[2025-05-20T20:16:41.448+0300][15820][1484 ][debug][gc,phases] GC(2)       Skipped Cards:                 Min: 0, Avg:  0.0, Max: 0, Diff: 0, Sum: 0, Workers: 8
[2025-05-20T20:16:41.448+0300][15820][1484 ][info ][gc,phases] GC(2)   Evacuate Collection Set: 0.9ms
[2025-05-20T20:16:41.448+0300][15820][1484 ][debug][gc,phases] GC(2)     Ext Root Scanning (ms):        Min:  0.0, Avg:  0.1, Max:  0.4, Diff:  0.4, Sum:  0.9, Workers: 8
[2025-05-20T20:16:41.448+0300][15820][1484 ][debug][gc,phases] GC(2)     Scan Heap Roots (ms):          Min:  0.0, Avg:  0.0, Max:  0.1, Diff:  0.1, Sum:  0.3, Workers: 8
[2025-05-20T20:16:41.448+0300][15820][1484 ][debug][gc,phases] GC(2)       Scanned Cards:                 Min: 0, Avg: 30.5, Max: 68, Diff: 68, Sum: 244, Workers: 8
[2025-05-20T20:16:41.448+0300][15820][1484 ][debug][gc,phases] GC(2)       Scanned Blocks:                Min: 0, Avg: 19.6, Max: 54, Diff: 54, Sum: 157, Workers: 8
[2025-05-20T20:16:41.448+0300][15820][1484 ][debug][gc,phases] GC(2)       Claimed Chunks:                Min: 0, Avg:  4.4, Max: 14, Diff: 14, Sum: 35, Workers: 8
[2025-05-20T20:16:41.448+0300][15820][1484 ][debug][gc,phases] GC(2)       Found Roots:                   Min: 0, Avg: 159.2, Max: 483, Diff: 483, Sum: 1274, Workers: 8
[2025-05-20T20:16:41.448+0300][15820][1484 ][debug][gc,phases] GC(2)     Code Root Scan (ms):           Min:  0.0, Avg:  0.2, Max:  0.3, Diff:  0.3, Sum:  1.3, Workers: 8
[2025-05-20T20:16:41.448+0300][15820][1484 ][debug][gc,phases] GC(2)       Scanned Nmethods               Min: 0, Avg: 42.0, Max: 84, Diff: 84, Sum: 336, Workers: 8
[2025-05-20T20:16:41.448+0300][15820][1484 ][debug][gc,phases] GC(2)     Object Copy (ms):              Min:  0.0, Avg:  0.4, Max:  0.6, Diff:  0.6, Sum:  2.9, Workers: 8
[2025-05-20T20:16:41.448+0300][15820][1484 ][debug][gc,phases] GC(2)     Termination (ms):              Min:  0.0, Avg:  0.1, Max:  0.1, Diff:  0.1, Sum:  0.5, Workers: 8
[2025-05-20T20:16:41.448+0300][15820][1484 ][debug][gc,phases] GC(2)       Termination Attempts:          Min: 1, Avg:  3.5, Max: 5, Diff: 4, Sum: 28, Workers: 8
[2025-05-20T20:16:41.448+0300][15820][1484 ][debug][gc,phases] GC(2)     GC Worker Other (ms):          Min:  0.0, Avg:  0.0, Max:  0.0, Diff:  0.0, Sum:  0.1, Workers: 8
[2025-05-20T20:16:41.448+0300][15820][1484 ][debug][gc,phases] GC(2)     GC Worker Total (ms):          Min:  0.1, Avg:  0.7, Max:  0.9, Diff:  0.8, Sum:  6.0, Workers: 8
[2025-05-20T20:16:41.448+0300][15820][1484 ][info ][gc,phases] GC(2)   Post Evacuate Collection Set: 0.4ms
[2025-05-20T20:16:41.448+0300][15820][1484 ][debug][gc,phases] GC(2)     NMethod List Cleanup: 0.0ms
[2025-05-20T20:16:41.448+0300][15820][1484 ][debug][gc,phases] GC(2)     Reference Processing: 0.1ms
[2025-05-20T20:16:41.448+0300][15820][1484 ][debug][gc,phases] GC(2)     Weak Processing: 0.1ms
[2025-05-20T20:16:41.448+0300][15820][1484 ][debug][gc,phases] GC(2)       VM Weak                        Min:  0.0, Avg:  0.0, Max:  0.0, Diff:  0.0, Sum:  0.0, Workers: 8
[2025-05-20T20:16:41.448+0300][15820][1484 ][debug][gc,phases] GC(2)         Dead                           Min: 0, Avg:  0.0, Max: 0, Diff: 0, Sum: 0, Workers: 8
[2025-05-20T20:16:41.448+0300][15820][1484 ][debug][gc,phases] GC(2)         Total                          Min: 0, Avg: 46.6, Max: 128, Diff: 128, Sum: 373, Workers: 8
[2025-05-20T20:16:41.448+0300][15820][1484 ][debug][gc,phases] GC(2)       ObjectSynchronizer Weak        Min:  0.0, Avg:  0.0, Max:  0.0, Diff:  0.0, Sum:  0.0, Workers: 8
[2025-05-20T20:16:41.448+0300][15820][1484 ][debug][gc,phases] GC(2)         Dead                           Min: 0, Avg:  0.0, Max: 0, Diff: 0, Sum: 0, Workers: 8
[2025-05-20T20:16:41.448+0300][15820][1484 ][debug][gc,phases] GC(2)         Total                          Min: 0, Avg: 16.2, Max: 64, Diff: 64, Sum: 130, Workers: 8
[2025-05-20T20:16:41.448+0300][15820][1484 ][debug][gc,phases] GC(2)       JVMTI Tag Weak OopStorage      Min:  0.0, Avg:  0.0, Max:  0.0, Diff:  0.0, Sum:  0.0, Workers: 8
[2025-05-20T20:16:41.448+0300][15820][1484 ][debug][gc,phases] GC(2)         Dead                           Min: 0, Avg:  0.0, Max: 0, Diff: 0, Sum: 0, Workers: 8
[2025-05-20T20:16:41.448+0300][15820][1484 ][debug][gc,phases] GC(2)         Total                          Min: 0, Avg:  0.0, Max: 0, Diff: 0, Sum: 0, Workers: 8
[2025-05-20T20:16:41.448+0300][15820][1484 ][debug][gc,phases] GC(2)       StringTable Weak               Min:  0.0, Avg:  0.0, Max:  0.0, Diff:  0.0, Sum:  0.1, Workers: 8
[2025-05-20T20:16:41.448+0300][15820][1484 ][debug][gc,phases] GC(2)         Dead                           Min: 0, Avg:  0.0, Max: 0, Diff: 0, Sum: 0, Workers: 8
[2025-05-20T20:16:41.448+0300][15820][1484 ][debug][gc,phases] GC(2)         Total                          Min: 0, Avg: 768.1, Max: 897, Diff: 897, Sum: 6145, Workers: 8
[2025-05-20T20:16:41.448+0300][15820][1484 ][debug][gc,phases] GC(2)       ResolvedMethodTable Weak       Min:  0.0, Avg:  0.0, Max:  0.0, Diff:  0.0, Sum:  0.0, Workers: 8
[2025-05-20T20:16:41.448+0300][15820][1484 ][debug][gc,phases] GC(2)         Dead                           Min: 0, Avg:  0.0, Max: 0, Diff: 0, Sum: 0, Workers: 8
[2025-05-20T20:16:41.448+0300][15820][1484 ][debug][gc,phases] GC(2)         Total                          Min: 0, Avg: 109.1, Max: 256, Diff: 256, Sum: 873, Workers: 8
[2025-05-20T20:16:41.448+0300][15820][1484 ][debug][gc,phases] GC(2)       JNI Weak                       Min:  0.0, Avg:  0.0, Max:  0.0, Diff:  0.0, Sum:  0.0, Workers: 8
[2025-05-20T20:16:41.448+0300][15820][1484 ][debug][gc,phases] GC(2)         Dead                           Min: 0, Avg:  0.0, Max: 0, Diff: 0, Sum: 0, Workers: 8
[2025-05-20T20:16:41.448+0300][15820][1484 ][debug][gc,phases] GC(2)         Total                          Min: 0, Avg:  2.9, Max: 23, Diff: 23, Sum: 23, Workers: 8
[2025-05-20T20:16:41.448+0300][15820][1484 ][debug][gc,phases] GC(2)       StringDedup Table Weak         Min:  0.0, Avg:  0.0, Max:  0.0, Diff:  0.0, Sum:  0.0, Workers: 8
[2025-05-20T20:16:41.448+0300][15820][1484 ][debug][gc,phases] GC(2)         Dead                           Min: 0, Avg:  0.0, Max: 0, Diff: 0, Sum: 0, Workers: 8
[2025-05-20T20:16:41.448+0300][15820][1484 ][debug][gc,phases] GC(2)         Total                          Min: 0, Avg:  0.0, Max: 0, Diff: 0, Sum: 0, Workers: 8
[2025-05-20T20:16:41.448+0300][15820][1484 ][debug][gc,phases] GC(2)       StringDedup Requests0 Weak     Min:  0.0, Avg:  0.0, Max:  0.0, Diff:  0.0, Sum:  0.0, Workers: 8
[2025-05-20T20:16:41.448+0300][15820][1484 ][debug][gc,phases] GC(2)         Dead                           Min: 0, Avg:  0.0, Max: 0, Diff: 0, Sum: 0, Workers: 8
[2025-05-20T20:16:41.448+0300][15820][1484 ][debug][gc,phases] GC(2)         Total                          Min: 0, Avg:  0.0, Max: 0, Diff: 0, Sum: 0, Workers: 8
[2025-05-20T20:16:41.448+0300][15820][1484 ][debug][gc,phases] GC(2)       StringDedup Requests1 Weak     Min:  0.0, Avg:  0.0, Max:  0.0, Diff:  0.0, Sum:  0.0, Workers: 8
[2025-05-20T20:16:41.448+0300][15820][1484 ][debug][gc,phases] GC(2)         Dead                           Min: 0, Avg:  0.0, Max: 0, Diff: 0, Sum: 0, Workers: 8
[2025-05-20T20:16:41.448+0300][15820][1484 ][debug][gc,phases] GC(2)         Total                          Min: 0, Avg:  0.0, Max: 0, Diff: 0, Sum: 0, Workers: 8
[2025-05-20T20:16:41.448+0300][15820][1484 ][debug][gc,phases] GC(2)       Weak JFR Old Object Samples    Min:  0.0, Avg:  0.0, Max:  0.0, Diff:  0.0, Sum:  0.0, Workers: 8
[2025-05-20T20:16:41.448+0300][15820][1484 ][debug][gc,phases] GC(2)         Dead                           Min: 0, Avg:  0.0, Max: 0, Diff: 0, Sum: 0, Workers: 8
[2025-05-20T20:16:41.448+0300][15820][1484 ][debug][gc,phases] GC(2)         Total                          Min: 0, Avg:  0.0, Max: 0, Diff: 0, Sum: 0, Workers: 8
[2025-05-20T20:16:41.448+0300][15820][1484 ][debug][gc,phases] GC(2)     Post Evacuate Cleanup 1: 0.1ms
[2025-05-20T20:16:41.448+0300][15820][1484 ][debug][gc,phases] GC(2)       Merge Per-Thread State (ms):   Min:  0.0, Avg:  0.0, Max:  0.0, Diff:  0.0, Sum:  0.0, Workers: 1
[2025-05-20T20:16:41.448+0300][15820][1484 ][debug][gc,phases] GC(2)         Copied Bytes                   Min: 0, Avg: 198794.0, Max: 354056, Diff: 354056, Sum: 1590352, Workers: 8
[2025-05-20T20:16:41.448+0300][15820][1484 ][debug][gc,phases] GC(2)         LAB Waste                      Min: 0, Avg: 262.0, Max: 728, Diff: 728, Sum: 2096, Workers: 8
[2025-05-20T20:16:41.448+0300][15820][1484 ][debug][gc,phases] GC(2)         LAB Undo Waste                 Min: 0, Avg: 17666.0, Max: 141328, Diff: 141328, Sum: 141328, Workers: 8
[2025-05-20T20:16:41.448+0300][15820][1484 ][debug][gc,phases] GC(2)       Clear Logged Cards (ms):       Min:  0.0, Avg:  0.0, Max:  0.1, Diff:  0.1, Sum:  0.1, Workers: 3
[2025-05-20T20:16:41.448+0300][15820][1484 ][debug][gc,phases] GC(2)       Recalculate Used Memory (ms):  Min:  0.0, Avg:  0.0, Max:  0.0, Diff:  0.0, Sum:  0.0, Workers: 1
[2025-05-20T20:16:41.448+0300][15820][1484 ][debug][gc,phases] GC(2)     Post Evacuate Cleanup 2: 0.1ms
[2025-05-20T20:16:41.448+0300][15820][1484 ][debug][gc,phases] GC(2)       Update Derived Pointers (ms):  Min:  0.0, Avg:  0.0, Max:  0.0, Diff:  0.0, Sum:  0.0, Workers: 1
[2025-05-20T20:16:41.448+0300][15820][1484 ][debug][gc,phases] GC(2)       Eagerly Reclaim Humongous Objects (ms): Min:  0.0, Avg:  0.0, Max:  0.0, Diff:  0.0, Sum:  0.0, Workers: 1
[2025-05-20T20:16:41.448+0300][15820][1484 ][debug][gc,phases] GC(2)         Humongous Total                Min: 3, Avg:  3.0, Max: 3, Diff: 0, Sum: 3, Workers: 1
[2025-05-20T20:16:41.448+0300][15820][1484 ][debug][gc,phases] GC(2)         Humongous Candidates           Min: 3, Avg:  3.0, Max: 3, Diff: 0, Sum: 3, Workers: 1
[2025-05-20T20:16:41.448+0300][15820][1484 ][debug][gc,phases] GC(2)         Humongous Reclaimed            Min: 0, Avg:  0.0, Max: 0, Diff: 0, Sum: 0, Workers: 1
[2025-05-20T20:16:41.448+0300][15820][1484 ][debug][gc,phases] GC(2)       Redirty Logged Cards (ms):     Min:  0.0, Avg:  0.0, Max:  0.0, Diff:  0.0, Sum:  0.0, Workers: 8
[2025-05-20T20:16:41.448+0300][15820][1484 ][debug][gc,phases] GC(2)         Redirtied Cards:               Min: 0, Avg: 29.8, Max: 144, Diff: 144, Sum: 238, Workers: 8
[2025-05-20T20:16:41.448+0300][15820][1484 ][debug][gc,phases] GC(2)       Resize TLABs (ms):             Min:  0.0, Avg:  0.0, Max:  0.0, Diff:  0.0, Sum:  0.0, Workers: 8
[2025-05-20T20:16:41.448+0300][15820][1484 ][debug][gc,phases] GC(2)       Free Collection Set (ms):      Min:  0.0, Avg:  0.0, Max:  0.1, Diff:  0.1, Sum:  0.2, Workers: 8
[2025-05-20T20:16:41.448+0300][15820][1484 ][debug][gc,phases] GC(2)     Rebuild Free List: 0.0ms
[2025-05-20T20:16:41.448+0300][15820][1484 ][debug][gc,phases] GC(2)     Prepare For Mutator: 0.0ms
[2025-05-20T20:16:41.448+0300][15820][1484 ][debug][gc,phases] GC(2)     Expand Heap After Collection: 0.0ms
[2025-05-20T20:16:41.448+0300][15820][1484 ][info ][gc,phases] GC(2)   Other: 0.1ms
[2025-05-20T20:16:41.448+0300][15820][1484 ][info ][gc,heap  ] GC(2) Eden regions: 158->0(1227)
[2025-05-20T20:16:41.448+0300][15820][1484 ][info ][gc,heap  ] GC(2) Survivor regions: 1->1(20)
[2025-05-20T20:16:41.448+0300][15820][1484 ][info ][gc,heap  ] GC(2) Old regions: 8->8
[2025-05-20T20:16:41.448+0300][15820][1484 ][info ][gc,heap  ] GC(2) Humongous regions: 6->6
[2025-05-20T20:16:41.448+0300][15820][1484 ][debug][gc,heap  ] GC(2) Heap after GC invocations=3 (full 1):
[2025-05-20T20:16:41.448+0300][15820][1484 ][debug][gc,heap  ] GC(2)  garbage-first heap   total 4194304K, used 17020K [0x0000000700000000, 0x0000000800000000)
[2025-05-20T20:16:41.448+0300][15820][1484 ][debug][gc,heap  ] GC(2)   region size 2048K, 1 young (2048K), 1 survivors (2048K)
[2025-05-20T20:16:41.448+0300][15820][1484 ][debug][gc,heap  ] GC(2)  Metaspace       used 8857K, committed 9472K, reserved 1114112K
[2025-05-20T20:16:41.448+0300][15820][1484 ][debug][gc,heap  ] GC(2)   class space    used 980K, committed 1216K, reserved 1048576K
[2025-05-20T20:16:41.448+0300][15820][1484 ][info ][gc       ] GC(2) Pause Young (Normal) (G1 Evacuation Pause) 332M->16M(4096M) 2.942ms
[2025-05-20T20:16:41.448+0300][15820][1484 ][info ][safepoint] Safepoint "G1CollectForAllocation", Time since last: 312810300 ns, Reaching safepoint: 252200 ns, Cleanup: 41200 ns, At safepoint: 2987000 ns, Total: 3280400 ns
[2025-05-20T20:16:42.453+0300][15820][1484 ][debug][safepoint] Safepoint synchronization initiated using striped semaphore wait barrier. (21 threads)
[2025-05-20T20:16:42.453+0300][15820][17844][debug][safepoint] ... found polling page loop exception at pc = 0x0000024710200a66, stub =0x000002470fbb5d80
[2025-05-20T20:16:42.453+0300][15820][22388][debug][safepoint] ... found polling page loop exception at pc = 0x000002471028a5bb, stub =0x000002470fbb6600
[2025-05-20T20:16:42.453+0300][15820][2608 ][debug][safepoint] ... found polling page loop exception at pc = 0x0000024710200a66, stub =0x000002470fbb5d80
[2025-05-20T20:16:42.453+0300][15820][17128][debug][safepoint] ... found polling page loop exception at pc = 0x00000247101b8960, stub =0x000002470fbb5d80
[2025-05-20T20:16:42.453+0300][15820][11108][debug][safepoint] ... found polling page loop exception at pc = 0x0000024710200a66, stub =0x000002470fbb5d80
[2025-05-20T20:16:42.453+0300][15820][1484 ][info ][safepoint] Safepoint "Cleanup", Time since last: 1000444500 ns, Reaching safepoint: 392000 ns, Cleanup: 38100 ns, At safepoint: 16400 ns, Total: 446500 ns
[2025-05-20T20:16:42.642+0300][15820][1484 ][debug][safepoint] Safepoint synchronization initiated using striped semaphore wait barrier. (21 threads)
[2025-05-20T20:16:42.642+0300][15820][17844][debug][safepoint] ... found polling page loop exception at pc = 0x00000247101b8960, stub =0x000002470fbb5d80
[2025-05-20T20:16:42.642+0300][15820][1800 ][debug][safepoint] ... found polling page loop exception at pc = 0x00000247101f4907, stub =0x000002470fbb6600
[2025-05-20T20:16:42.642+0300][15820][11108][debug][safepoint] ... found polling page loop exception at pc = 0x00000247101df3b3, stub =0x000002470fbb6600
[2025-05-20T20:16:42.642+0300][15820][22388][debug][safepoint] ... found polling page loop exception at pc = 0x00000247101b8960, stub =0x000002470fbb5d80
[2025-05-20T20:16:42.644+0300][15820][1484 ][debug][gc,heap  ] GC(3) Heap before GC invocations=3 (full 1):
[2025-05-20T20:16:42.644+0300][15820][1484 ][debug][gc,heap  ] GC(3)  garbage-first heap   total 4194304K, used 2529916K [0x0000000700000000, 0x0000000800000000)
[2025-05-20T20:16:42.644+0300][15820][1484 ][debug][gc,heap  ] GC(3)   region size 2048K, 1228 young (2514944K), 1 survivors (2048K)
[2025-05-20T20:16:42.644+0300][15820][1484 ][debug][gc,heap  ] GC(3)  Metaspace       used 8965K, committed 9536K, reserved 1114112K
[2025-05-20T20:16:42.644+0300][15820][1484 ][debug][gc,heap  ] GC(3)   class space    used 982K, committed 1216K, reserved 1048576K
[2025-05-20T20:16:42.644+0300][15820][1484 ][info ][gc,phases] GC(3)   Pre Evacuate Collection Set: 0.4ms
[2025-05-20T20:16:42.644+0300][15820][1484 ][debug][gc,phases] GC(3)     Pre Evacuate Prepare: 0.0ms
[2025-05-20T20:16:42.644+0300][15820][1484 ][debug][gc,phases] GC(3)       JT Retire TLABs And Flush Logs (ms): Min:  0.0, Avg:  0.0, Max:  0.0, Diff:  0.0, Sum:  0.0, Workers: 2
[2025-05-20T20:16:42.644+0300][15820][1484 ][debug][gc,phases] GC(3)       Non-JT Flush Logs (ms):        Min:  0.0, Avg:  0.0, Max:  0.0, Diff:  0.0, Sum:  0.0, Workers: 1
[2025-05-20T20:16:42.644+0300][15820][1484 ][debug][gc,phases] GC(3)     Choose Collection Set: 0.0ms
[2025-05-20T20:16:42.644+0300][15820][1484 ][debug][gc,phases] GC(3)     Region Register: 0.4ms
[2025-05-20T20:16:42.644+0300][15820][1484 ][debug][gc,phases] GC(3)     Prepare Heap Roots: 0.0ms
[2025-05-20T20:16:42.644+0300][15820][1484 ][info ][gc,phases] GC(3)   Merge Heap Roots: 0.2ms
[2025-05-20T20:16:42.644+0300][15820][1484 ][debug][gc,phases] GC(3)     Prepare Merge Heap Roots: 0.0ms
[2025-05-20T20:16:42.644+0300][15820][1484 ][debug][gc,phases] GC(3)     Remembered Sets (ms):          Min:  0.0, Avg:  0.1, Max:  0.1, Diff:  0.1, Sum:  0.7, Workers: 8
[2025-05-20T20:16:42.644+0300][15820][1484 ][debug][gc,phases] GC(3)       Eager Reclaim (ms):            Min:  0.0, Avg:  0.0, Max:  0.0, Diff:  0.0, Sum:  0.0, Workers: 1
[2025-05-20T20:16:42.644+0300][15820][1484 ][debug][gc,phases] GC(3)       Merged Inline                  Min: 0, Avg:  0.0, Max: 0, Diff: 0, Sum: 0, Workers: 8
[2025-05-20T20:16:42.644+0300][15820][1484 ][debug][gc,phases] GC(3)       Merged ArrayOfCards            Min: 0, Avg:  0.0, Max: 0, Diff: 0, Sum: 0, Workers: 8
[2025-05-20T20:16:42.644+0300][15820][1484 ][debug][gc,phases] GC(3)       Merged Howl                    Min: 0, Avg:  0.0, Max: 0, Diff: 0, Sum: 0, Workers: 8
[2025-05-20T20:16:42.644+0300][15820][1484 ][debug][gc,phases] GC(3)       Merged Full                    Min: 0, Avg:  0.0, Max: 0, Diff: 0, Sum: 0, Workers: 8
[2025-05-20T20:16:42.644+0300][15820][1484 ][debug][gc,phases] GC(3)       Merged Howl Inline             Min: 0, Avg:  0.0, Max: 0, Diff: 0, Sum: 0, Workers: 8
[2025-05-20T20:16:42.644+0300][15820][1484 ][debug][gc,phases] GC(3)       Merged Howl ArrayOfCards       Min: 0, Avg:  0.0, Max: 0, Diff: 0, Sum: 0, Workers: 8
[2025-05-20T20:16:42.644+0300][15820][1484 ][debug][gc,phases] GC(3)       Merged Howl BitMap             Min: 0, Avg:  0.0, Max: 0, Diff: 0, Sum: 0, Workers: 8
[2025-05-20T20:16:42.644+0300][15820][1484 ][debug][gc,phases] GC(3)       Merged Howl Full               Min: 0, Avg:  0.0, Max: 0, Diff: 0, Sum: 0, Workers: 8
[2025-05-20T20:16:42.644+0300][15820][1484 ][debug][gc,phases] GC(3)       Merged Cards                   Min: 8, Avg:  9.0, Max: 16, Diff: 8, Sum: 72, Workers: 8
[2025-05-20T20:16:42.644+0300][15820][1484 ][debug][gc,phases] GC(3)     Log Buffers (ms):              Min:  0.0, Avg:  0.0, Max:  0.0, Diff:  0.0, Sum:  0.0, Workers: 8
[2025-05-20T20:16:42.644+0300][15820][1484 ][debug][gc,phases] GC(3)       Dirty Cards:                   Min: 0, Avg: 31.2, Max: 93, Diff: 93, Sum: 250, Workers: 8
[2025-05-20T20:16:42.644+0300][15820][1484 ][debug][gc,phases] GC(3)       Skipped Cards:                 Min: 0, Avg:  0.0, Max: 0, Diff: 0, Sum: 0, Workers: 8
[2025-05-20T20:16:42.644+0300][15820][1484 ][info ][gc,phases] GC(3)   Evacuate Collection Set: 1.4ms
[2025-05-20T20:16:42.644+0300][15820][1484 ][debug][gc,phases] GC(3)     Ext Root Scanning (ms):        Min:  0.0, Avg:  0.1, Max:  0.6, Diff:  0.6, Sum:  1.2, Workers: 8
[2025-05-20T20:16:42.644+0300][15820][1484 ][debug][gc,phases] GC(3)     Scan Heap Roots (ms):          Min:  0.0, Avg:  0.0, Max:  0.1, Diff:  0.1, Sum:  0.3, Workers: 8
[2025-05-20T20:16:42.644+0300][15820][1484 ][debug][gc,phases] GC(3)       Scanned Cards:                 Min: 0, Avg: 31.1, Max: 73, Diff: 73, Sum: 249, Workers: 8
[2025-05-20T20:16:42.644+0300][15820][1484 ][debug][gc,phases] GC(3)       Scanned Blocks:                Min: 0, Avg: 20.0, Max: 54, Diff: 54, Sum: 160, Workers: 8
[2025-05-20T20:16:42.644+0300][15820][1484 ][debug][gc,phases] GC(3)       Claimed Chunks:                Min: 0, Avg:  4.4, Max: 12, Diff: 12, Sum: 35, Workers: 8
[2025-05-20T20:16:42.644+0300][15820][1484 ][debug][gc,phases] GC(3)       Found Roots:                   Min: 0, Avg: 144.6, Max: 396, Diff: 396, Sum: 1157, Workers: 8
[2025-05-20T20:16:42.644+0300][15820][1484 ][debug][gc,phases] GC(3)     Code Root Scan (ms):           Min:  0.1, Avg:  0.3, Max:  0.4, Diff:  0.4, Sum:  2.2, Workers: 8
[2025-05-20T20:16:42.644+0300][15820][1484 ][debug][gc,phases] GC(3)       Scanned Nmethods               Min: 0, Avg: 52.2, Max: 105, Diff: 105, Sum: 418, Workers: 8
[2025-05-20T20:16:42.644+0300][15820][1484 ][debug][gc,phases] GC(3)     Object Copy (ms):              Min:  0.0, Avg:  0.4, Max:  0.8, Diff:  0.8, Sum:  3.4, Workers: 8
[2025-05-20T20:16:42.644+0300][15820][1484 ][debug][gc,phases] GC(3)     Termination (ms):              Min:  0.0, Avg:  0.2, Max:  0.2, Diff:  0.2, Sum:  1.3, Workers: 8
[2025-05-20T20:16:42.644+0300][15820][1484 ][debug][gc,phases] GC(3)       Termination Attempts:          Min: 1, Avg:  1.0, Max: 1, Diff: 0, Sum: 8, Workers: 8
[2025-05-20T20:16:42.644+0300][15820][1484 ][debug][gc,phases] GC(3)     GC Worker Other (ms):          Min:  0.1, Avg:  0.3, Max:  1.2, Diff:  1.1, Sum:  2.4, Workers: 8
[2025-05-20T20:16:42.644+0300][15820][1484 ][debug][gc,phases] GC(3)     GC Worker Total (ms):          Min:  1.3, Avg:  1.3, Max:  1.4, Diff:  0.0, Sum: 10.7, Workers: 8
[2025-05-20T20:16:42.644+0300][15820][1484 ][info ][gc,phases] GC(3)   Post Evacuate Collection Set: 1.0ms
[2025-05-20T20:16:42.644+0300][15820][1484 ][debug][gc,phases] GC(3)     NMethod List Cleanup: 0.0ms
[2025-05-20T20:16:42.644+0300][15820][1484 ][debug][gc,phases] GC(3)     Reference Processing: 0.1ms
[2025-05-20T20:16:42.644+0300][15820][1484 ][debug][gc,phases] GC(3)     Weak Processing: 0.1ms
[2025-05-20T20:16:42.644+0300][15820][1484 ][debug][gc,phases] GC(3)       VM Weak                        Min:  0.0, Avg:  0.0, Max:  0.0, Diff:  0.0, Sum:  0.0, Workers: 8
[2025-05-20T20:16:42.644+0300][15820][1484 ][debug][gc,phases] GC(3)         Dead                           Min: 0, Avg:  0.0, Max: 0, Diff: 0, Sum: 0, Workers: 8
[2025-05-20T20:16:42.644+0300][15820][1484 ][debug][gc,phases] GC(3)         Total                          Min: 0, Avg: 46.9, Max: 128, Diff: 128, Sum: 375, Workers: 8
[2025-05-20T20:16:42.644+0300][15820][1484 ][debug][gc,phases] GC(3)       ObjectSynchronizer Weak        Min:  0.0, Avg:  0.0, Max:  0.0, Diff:  0.0, Sum:  0.0, Workers: 8
[2025-05-20T20:16:42.644+0300][15820][1484 ][debug][gc,phases] GC(3)         Dead                           Min: 0, Avg:  0.0, Max: 0, Diff: 0, Sum: 0, Workers: 8
[2025-05-20T20:16:42.644+0300][15820][1484 ][debug][gc,phases] GC(3)         Total                          Min: 0, Avg: 16.2, Max: 64, Diff: 64, Sum: 130, Workers: 8
[2025-05-20T20:16:42.644+0300][15820][1484 ][debug][gc,phases] GC(3)       JVMTI Tag Weak OopStorage      Min:  0.0, Avg:  0.0, Max:  0.0, Diff:  0.0, Sum:  0.0, Workers: 8
[2025-05-20T20:16:42.644+0300][15820][1484 ][debug][gc,phases] GC(3)         Dead                           Min: 0, Avg:  0.0, Max: 0, Diff: 0, Sum: 0, Workers: 8
[2025-05-20T20:16:42.644+0300][15820][1484 ][debug][gc,phases] GC(3)         Total                          Min: 0, Avg:  0.0, Max: 0, Diff: 0, Sum: 0, Workers: 8
[2025-05-20T20:16:42.644+0300][15820][1484 ][debug][gc,phases] GC(3)       StringTable Weak               Min:  0.0, Avg:  0.0, Max:  0.0, Diff:  0.0, Sum:  0.1, Workers: 8
[2025-05-20T20:16:42.644+0300][15820][1484 ][debug][gc,phases] GC(3)         Dead                           Min: 0, Avg:  0.1, Max: 1, Diff: 1, Sum: 1, Workers: 8
[2025-05-20T20:16:42.644+0300][15820][1484 ][debug][gc,phases] GC(3)         Total                          Min: 576, Avg: 775.6, Max: 896, Diff: 320, Sum: 6205, Workers: 8
[2025-05-20T20:16:42.644+0300][15820][1484 ][debug][gc,phases] GC(3)       ResolvedMethodTable Weak       Min:  0.0, Avg:  0.0, Max:  0.0, Diff:  0.0, Sum:  0.0, Workers: 8
[2025-05-20T20:16:42.644+0300][15820][1484 ][debug][gc,phases] GC(3)         Dead                           Min: 0, Avg:  0.0, Max: 0, Diff: 0, Sum: 0, Workers: 8
[2025-05-20T20:16:42.644+0300][15820][1484 ][debug][gc,phases] GC(3)         Total                          Min: 0, Avg: 109.4, Max: 256, Diff: 256, Sum: 875, Workers: 8
[2025-05-20T20:16:42.644+0300][15820][1484 ][debug][gc,phases] GC(3)       JNI Weak                       Min:  0.0, Avg:  0.0, Max:  0.0, Diff:  0.0, Sum:  0.0, Workers: 8
[2025-05-20T20:16:42.644+0300][15820][1484 ][debug][gc,phases] GC(3)         Dead                           Min: 0, Avg:  0.0, Max: 0, Diff: 0, Sum: 0, Workers: 8
[2025-05-20T20:16:42.644+0300][15820][1484 ][debug][gc,phases] GC(3)         Total                          Min: 0, Avg:  0.0, Max: 0, Diff: 0, Sum: 0, Workers: 8
[2025-05-20T20:16:42.644+0300][15820][1484 ][debug][gc,phases] GC(3)       StringDedup Table Weak         Min:  0.0, Avg:  0.0, Max:  0.0, Diff:  0.0, Sum:  0.0, Workers: 8
[2025-05-20T20:16:42.644+0300][15820][1484 ][debug][gc,phases] GC(3)         Dead                           Min: 0, Avg:  0.0, Max: 0, Diff: 0, Sum: 0, Workers: 8
[2025-05-20T20:16:42.644+0300][15820][1484 ][debug][gc,phases] GC(3)         Total                          Min: 0, Avg:  0.0, Max: 0, Diff: 0, Sum: 0, Workers: 8
[2025-05-20T20:16:42.644+0300][15820][1484 ][debug][gc,phases] GC(3)       StringDedup Requests0 Weak     Min:  0.0, Avg:  0.0, Max:  0.0, Diff:  0.0, Sum:  0.0, Workers: 8
[2025-05-20T20:16:42.644+0300][15820][1484 ][debug][gc,phases] GC(3)         Dead                           Min: 0, Avg:  0.0, Max: 0, Diff: 0, Sum: 0, Workers: 8
[2025-05-20T20:16:42.644+0300][15820][1484 ][debug][gc,phases] GC(3)         Total                          Min: 0, Avg:  0.0, Max: 0, Diff: 0, Sum: 0, Workers: 8
[2025-05-20T20:16:42.644+0300][15820][1484 ][debug][gc,phases] GC(3)       StringDedup Requests1 Weak     Min:  0.0, Avg:  0.0, Max:  0.0, Diff:  0.0, Sum:  0.0, Workers: 8
[2025-05-20T20:16:42.644+0300][15820][1484 ][debug][gc,phases] GC(3)         Dead                           Min: 0, Avg:  0.0, Max: 0, Diff: 0, Sum: 0, Workers: 8
[2025-05-20T20:16:42.644+0300][15820][1484 ][debug][gc,phases] GC(3)         Total                          Min: 0, Avg:  0.0, Max: 0, Diff: 0, Sum: 0, Workers: 8
[2025-05-20T20:16:42.644+0300][15820][1484 ][debug][gc,phases] GC(3)       Weak JFR Old Object Samples    Min:  0.0, Avg:  0.0, Max:  0.0, Diff:  0.0, Sum:  0.0, Workers: 8
[2025-05-20T20:16:42.644+0300][15820][1484 ][debug][gc,phases] GC(3)         Dead                           Min: 0, Avg:  0.0, Max: 0, Diff: 0, Sum: 0, Workers: 8
[2025-05-20T20:16:42.644+0300][15820][1484 ][debug][gc,phases] GC(3)         Total                          Min: 0, Avg:  0.0, Max: 0, Diff: 0, Sum: 0, Workers: 8
[2025-05-20T20:16:42.644+0300][15820][1484 ][debug][gc,phases] GC(3)     Post Evacuate Cleanup 1: 0.3ms
[2025-05-20T20:16:42.644+0300][15820][1484 ][debug][gc,phases] GC(3)       Merge Per-Thread State (ms):   Min:  0.1, Avg:  0.1, Max:  0.1, Diff:  0.0, Sum:  0.1, Workers: 1
[2025-05-20T20:16:42.644+0300][15820][1484 ][debug][gc,phases] GC(3)         Copied Bytes                   Min: 0, Avg: 199180.0, Max: 412296, Diff: 412296, Sum: 1593440, Workers: 8
[2025-05-20T20:16:42.644+0300][15820][1484 ][debug][gc,phases] GC(3)         LAB Waste                      Min: 0, Avg: 190.0, Max: 448, Diff: 448, Sum: 1520, Workers: 8
[2025-05-20T20:16:42.644+0300][15820][1484 ][debug][gc,phases] GC(3)         LAB Undo Waste                 Min: 0, Avg: 17666.0, Max: 141328, Diff: 141328, Sum: 141328, Workers: 8
[2025-05-20T20:16:42.644+0300][15820][1484 ][debug][gc,phases] GC(3)       Clear Logged Cards (ms):       Min:  0.0, Avg:  0.2, Max:  0.3, Diff:  0.3, Sum:  1.1, Workers: 7
[2025-05-20T20:16:42.644+0300][15820][1484 ][debug][gc,phases] GC(3)       Recalculate Used Memory (ms):  Min:  0.0, Avg:  0.0, Max:  0.0, Diff:  0.0, Sum:  0.0, Workers: 1
[2025-05-20T20:16:42.644+0300][15820][1484 ][debug][gc,phases] GC(3)     Post Evacuate Cleanup 2: 0.4ms
[2025-05-20T20:16:42.644+0300][15820][1484 ][debug][gc,phases] GC(3)       Update Derived Pointers (ms):  Min:  0.0, Avg:  0.0, Max:  0.0, Diff:  0.0, Sum:  0.0, Workers: 1
[2025-05-20T20:16:42.644+0300][15820][1484 ][debug][gc,phases] GC(3)       Eagerly Reclaim Humongous Objects (ms): Min:  0.0, Avg:  0.0, Max:  0.0, Diff:  0.0, Sum:  0.0, Workers: 1
[2025-05-20T20:16:42.644+0300][15820][1484 ][debug][gc,phases] GC(3)         Humongous Total                Min: 3, Avg:  3.0, Max: 3, Diff: 0, Sum: 3, Workers: 1
[2025-05-20T20:16:42.644+0300][15820][1484 ][debug][gc,phases] GC(3)         Humongous Candidates           Min: 3, Avg:  3.0, Max: 3, Diff: 0, Sum: 3, Workers: 1
[2025-05-20T20:16:42.644+0300][15820][1484 ][debug][gc,phases] GC(3)         Humongous Reclaimed            Min: 0, Avg:  0.0, Max: 0, Diff: 0, Sum: 0, Workers: 1
[2025-05-20T20:16:42.644+0300][15820][1484 ][debug][gc,phases] GC(3)       Redirty Logged Cards (ms):     Min:  0.0, Avg:  0.0, Max:  0.0, Diff:  0.0, Sum:  0.0, Workers: 8
[2025-05-20T20:16:42.644+0300][15820][1484 ][debug][gc,phases] GC(3)         Redirtied Cards:               Min: 0, Avg: 28.9, Max: 231, Diff: 231, Sum: 231, Workers: 8
[2025-05-20T20:16:42.644+0300][15820][1484 ][debug][gc,phases] GC(3)       Resize TLABs (ms):             Min:  0.0, Avg:  0.0, Max:  0.0, Diff:  0.0, Sum:  0.0, Workers: 8
[2025-05-20T20:16:42.644+0300][15820][1484 ][debug][gc,phases] GC(3)       Free Collection Set (ms):      Min:  0.0, Avg:  0.3, Max:  0.3, Diff:  0.3, Sum:  2.2, Workers: 8
[2025-05-20T20:16:42.644+0300][15820][1484 ][debug][gc,phases] GC(3)     Rebuild Free List: 0.1ms
[2025-05-20T20:16:42.644+0300][15820][1484 ][debug][gc,phases] GC(3)     Prepare For Mutator: 0.0ms
[2025-05-20T20:16:42.644+0300][15820][1484 ][debug][gc,phases] GC(3)     Expand Heap After Collection: 0.0ms
[2025-05-20T20:16:42.644+0300][15820][1484 ][info ][gc,phases] GC(3)   Other: 0.4ms
[2025-05-20T20:16:42.644+0300][15820][1484 ][info ][gc,heap  ] GC(3) Eden regions: 1227->0(1227)
[2025-05-20T20:16:42.644+0300][15820][1484 ][info ][gc,heap  ] GC(3) Survivor regions: 1->1(154)
[2025-05-20T20:16:42.644+0300][15820][1484 ][info ][gc,heap  ] GC(3) Old regions: 8->8
[2025-05-20T20:16:42.644+0300][15820][1484 ][info ][gc,heap  ] GC(3) Humongous regions: 6->6
[2025-05-20T20:16:42.644+0300][15820][1484 ][debug][gc,heap  ] GC(3) Heap after GC invocations=4 (full 1):
[2025-05-20T20:16:42.644+0300][15820][1484 ][debug][gc,heap  ] GC(3)  garbage-first heap   total 4194304K, used 17076K [0x0000000700000000, 0x0000000800000000)
[2025-05-20T20:16:42.644+0300][15820][1484 ][debug][gc,heap  ] GC(3)   region size 2048K, 1 young (2048K), 1 survivors (2048K)
[2025-05-20T20:16:42.644+0300][15820][1484 ][debug][gc,heap  ] GC(3)  Metaspace       used 8965K, committed 9536K, reserved 1114112K
[2025-05-20T20:16:42.644+0300][15820][1484 ][debug][gc,heap  ] GC(3)   class space    used 982K, committed 1216K, reserved 1048576K
[2025-05-20T20:16:42.644+0300][15820][1484 ][info ][gc       ] GC(3) Pause Young (Normal) (G1 Evacuation Pause) 2470M->16M(4096M) 4.942ms
[2025-05-20T20:16:42.644+0300][15820][1484 ][info ][safepoint] Safepoint "G1CollectForAllocation", Time since last: 190545500 ns, Reaching safepoint: 667700 ns, Cleanup: 27300 ns, At safepoint: 4997000 ns, Total: 5692000 ns
[2025-05-20T20:16:43.331+0300][15820][1484 ][debug][safepoint] Safepoint synchronization initiated using striped semaphore wait barrier. (20 threads)
[2025-05-20T20:16:43.331+0300][15820][11108][debug][safepoint] ... found polling page loop exception at pc = 0x00000247101b8960, stub =0x000002470fbb5d80
[2025-05-20T20:16:43.331+0300][15820][22856][debug][safepoint] ... found polling page loop exception at pc = 0x00000247101b8960, stub =0x000002470fbb5d80
[2025-05-20T20:16:43.331+0300][15820][22388][debug][safepoint] ... found polling page loop exception at pc = 0x00000247101b8960, stub =0x000002470fbb5d80
[2025-05-20T20:16:43.331+0300][15820][2608 ][debug][safepoint] ... found polling page loop exception at pc = 0x00000247101b8960, stub =0x000002470fbb5d80
[2025-05-20T20:16:43.331+0300][15820][1484 ][debug][gc,heap  ] GC(4) Heap before GC invocations=4 (full 1):
[2025-05-20T20:16:43.331+0300][15820][1484 ][debug][gc,heap  ] GC(4)  garbage-first heap   total 4194304K, used 2529972K [0x0000000700000000, 0x0000000800000000)
[2025-05-20T20:16:43.331+0300][15820][1484 ][debug][gc,heap  ] GC(4)   region size 2048K, 1228 young (2514944K), 1 survivors (2048K)
[2025-05-20T20:16:43.331+0300][15820][1484 ][debug][gc,heap  ] GC(4)  Metaspace       used 8992K, committed 9536K, reserved 1114112K
[2025-05-20T20:16:43.331+0300][15820][1484 ][debug][gc,heap  ] GC(4)   class space    used 982K, committed 1216K, reserved 1048576K
[2025-05-20T20:16:43.333+0300][15820][1484 ][info ][gc,phases] GC(4)   Pre Evacuate Collection Set: 0.4ms
[2025-05-20T20:16:43.333+0300][15820][1484 ][debug][gc,phases] GC(4)     Pre Evacuate Prepare: 0.0ms
[2025-05-20T20:16:43.333+0300][15820][1484 ][debug][gc,phases] GC(4)       JT Retire TLABs And Flush Logs (ms): Min:  0.0, Avg:  0.0, Max:  0.0, Diff:  0.0, Sum:  0.0, Workers: 2
[2025-05-20T20:16:43.333+0300][15820][1484 ][debug][gc,phases] GC(4)       Non-JT Flush Logs (ms):        Min:  0.0, Avg:  0.0, Max:  0.0, Diff:  0.0, Sum:  0.0, Workers: 1
[2025-05-20T20:16:43.333+0300][15820][1484 ][debug][gc,phases] GC(4)     Choose Collection Set: 0.0ms
[2025-05-20T20:16:43.333+0300][15820][1484 ][debug][gc,phases] GC(4)     Region Register: 0.3ms
[2025-05-20T20:16:43.333+0300][15820][1484 ][debug][gc,phases] GC(4)     Prepare Heap Roots: 0.0ms
[2025-05-20T20:16:43.333+0300][15820][1484 ][info ][gc,phases] GC(4)   Merge Heap Roots: 0.2ms
[2025-05-20T20:16:43.333+0300][15820][1484 ][debug][gc,phases] GC(4)     Prepare Merge Heap Roots: 0.0ms
[2025-05-20T20:16:43.333+0300][15820][1484 ][debug][gc,phases] GC(4)     Remembered Sets (ms):          Min:  0.1, Avg:  0.1, Max:  0.1, Diff:  0.0, Sum:  0.8, Workers: 8
[2025-05-20T20:16:43.333+0300][15820][1484 ][debug][gc,phases] GC(4)       Eager Reclaim (ms):            Min:  0.0, Avg:  0.0, Max:  0.0, Diff:  0.0, Sum:  0.0, Workers: 1
[2025-05-20T20:16:43.333+0300][15820][1484 ][debug][gc,phases] GC(4)       Merged Inline                  Min: 0, Avg:  0.0, Max: 0, Diff: 0, Sum: 0, Workers: 8
[2025-05-20T20:16:43.333+0300][15820][1484 ][debug][gc,phases] GC(4)       Merged ArrayOfCards            Min: 0, Avg:  0.0, Max: 0, Diff: 0, Sum: 0, Workers: 8
[2025-05-20T20:16:43.333+0300][15820][1484 ][debug][gc,phases] GC(4)       Merged Howl                    Min: 0, Avg:  0.0, Max: 0, Diff: 0, Sum: 0, Workers: 8
[2025-05-20T20:16:43.333+0300][15820][1484 ][debug][gc,phases] GC(4)       Merged Full                    Min: 0, Avg:  0.0, Max: 0, Diff: 0, Sum: 0, Workers: 8
[2025-05-20T20:16:43.333+0300][15820][1484 ][debug][gc,phases] GC(4)       Merged Howl Inline             Min: 0, Avg:  0.0, Max: 0, Diff: 0, Sum: 0, Workers: 8
[2025-05-20T20:16:43.333+0300][15820][1484 ][debug][gc,phases] GC(4)       Merged Howl ArrayOfCards       Min: 0, Avg:  0.0, Max: 0, Diff: 0, Sum: 0, Workers: 8
[2025-05-20T20:16:43.333+0300][15820][1484 ][debug][gc,phases] GC(4)       Merged Howl BitMap             Min: 0, Avg:  0.0, Max: 0, Diff: 0, Sum: 0, Workers: 8
[2025-05-20T20:16:43.333+0300][15820][1484 ][debug][gc,phases] GC(4)       Merged Howl Full               Min: 0, Avg:  0.0, Max: 0, Diff: 0, Sum: 0, Workers: 8
[2025-05-20T20:16:43.333+0300][15820][1484 ][debug][gc,phases] GC(4)       Merged Cards                   Min: 8, Avg:  9.0, Max: 16, Diff: 8, Sum: 72, Workers: 8
[2025-05-20T20:16:43.333+0300][15820][1484 ][debug][gc,phases] GC(4)     Log Buffers (ms):              Min:  0.0, Avg:  0.0, Max:  0.0, Diff:  0.0, Sum:  0.0, Workers: 8
[2025-05-20T20:16:43.333+0300][15820][1484 ][debug][gc,phases] GC(4)       Dirty Cards:                   Min: 0, Avg: 30.0, Max: 146, Diff: 146, Sum: 240, Workers: 8
[2025-05-20T20:16:43.333+0300][15820][1484 ][debug][gc,phases] GC(4)       Skipped Cards:                 Min: 0, Avg:  0.0, Max: 0, Diff: 0, Sum: 0, Workers: 8
[2025-05-20T20:16:43.333+0300][15820][1484 ][info ][gc,phases] GC(4)   Evacuate Collection Set: 1.2ms
[2025-05-20T20:16:43.333+0300][15820][1484 ][debug][gc,phases] GC(4)     Ext Root Scanning (ms):        Min:  0.0, Avg:  0.1, Max:  0.4, Diff:  0.4, Sum:  0.9, Workers: 8
[2025-05-20T20:16:43.333+0300][15820][1484 ][debug][gc,phases] GC(4)     Scan Heap Roots (ms):          Min:  0.0, Avg:  0.0, Max:  0.1, Diff:  0.1, Sum:  0.3, Workers: 8
[2025-05-20T20:16:43.333+0300][15820][1484 ][debug][gc,phases] GC(4)       Scanned Cards:                 Min: 0, Avg: 30.0, Max: 60, Diff: 60, Sum: 240, Workers: 8
[2025-05-20T20:16:43.333+0300][15820][1484 ][debug][gc,phases] GC(4)       Scanned Blocks:                Min: 0, Avg: 19.6, Max: 39, Diff: 39, Sum: 157, Workers: 8
[2025-05-20T20:16:43.333+0300][15820][1484 ][debug][gc,phases] GC(4)       Claimed Chunks:                Min: 0, Avg:  4.4, Max: 8, Diff: 8, Sum: 35, Workers: 8
[2025-05-20T20:16:43.333+0300][15820][1484 ][debug][gc,phases] GC(4)       Found Roots:                   Min: 0, Avg: 149.2, Max: 402, Diff: 402, Sum: 1194, Workers: 8
[2025-05-20T20:16:43.333+0300][15820][1484 ][debug][gc,phases] GC(4)     Code Root Scan (ms):           Min:  0.1, Avg:  0.4, Max:  0.7, Diff:  0.7, Sum:  3.3, Workers: 8
[2025-05-20T20:16:43.333+0300][15820][1484 ][debug][gc,phases] GC(4)       Scanned Nmethods               Min: 0, Avg: 54.2, Max: 105, Diff: 105, Sum: 434, Workers: 8
[2025-05-20T20:16:43.333+0300][15820][1484 ][debug][gc,phases] GC(4)     Object Copy (ms):              Min:  0.2, Avg:  0.4, Max:  0.7, Diff:  0.5, Sum:  2.9, Workers: 8
[2025-05-20T20:16:43.333+0300][15820][1484 ][debug][gc,phases] GC(4)     Termination (ms):              Min:  0.0, Avg:  0.1, Max:  0.2, Diff:  0.2, Sum:  1.0, Workers: 8
[2025-05-20T20:16:43.333+0300][15820][1484 ][debug][gc,phases] GC(4)       Termination Attempts:          Min: 1, Avg:  1.0, Max: 1, Diff: 0, Sum: 8, Workers: 8
[2025-05-20T20:16:43.333+0300][15820][1484 ][debug][gc,phases] GC(4)     GC Worker Other (ms):          Min:  0.1, Avg:  0.1, Max:  0.2, Diff:  0.1, Sum:  0.9, Workers: 8
[2025-05-20T20:16:43.333+0300][15820][1484 ][debug][gc,phases] GC(4)     GC Worker Total (ms):          Min:  1.2, Avg:  1.2, Max:  1.2, Diff:  0.1, Sum:  9.3, Workers: 8
[2025-05-20T20:16:43.333+0300][15820][1484 ][info ][gc,phases] GC(4)   Post Evacuate Collection Set: 1.1ms
[2025-05-20T20:16:43.333+0300][15820][1484 ][debug][gc,phases] GC(4)     NMethod List Cleanup: 0.1ms
[2025-05-20T20:16:43.333+0300][15820][1484 ][debug][gc,phases] GC(4)     Reference Processing: 0.1ms
[2025-05-20T20:16:43.333+0300][15820][1484 ][debug][gc,phases] GC(4)     Weak Processing: 0.1ms
[2025-05-20T20:16:43.333+0300][15820][1484 ][debug][gc,phases] GC(4)       VM Weak                        Min:  0.0, Avg:  0.0, Max:  0.0, Diff:  0.0, Sum:  0.0, Workers: 8
[2025-05-20T20:16:43.333+0300][15820][1484 ][debug][gc,phases] GC(4)         Dead                           Min: 0, Avg:  0.0, Max: 0, Diff: 0, Sum: 0, Workers: 8
[2025-05-20T20:16:43.333+0300][15820][1484 ][debug][gc,phases] GC(4)         Total                          Min: 0, Avg: 46.9, Max: 128, Diff: 128, Sum: 375, Workers: 8
[2025-05-20T20:16:43.333+0300][15820][1484 ][debug][gc,phases] GC(4)       ObjectSynchronizer Weak        Min:  0.0, Avg:  0.0, Max:  0.0, Diff:  0.0, Sum:  0.0, Workers: 8
[2025-05-20T20:16:43.333+0300][15820][1484 ][debug][gc,phases] GC(4)         Dead                           Min: 0, Avg:  0.0, Max: 0, Diff: 0, Sum: 0, Workers: 8
[2025-05-20T20:16:43.333+0300][15820][1484 ][debug][gc,phases] GC(4)         Total                          Min: 0, Avg: 16.2, Max: 64, Diff: 64, Sum: 130, Workers: 8
[2025-05-20T20:16:43.333+0300][15820][1484 ][debug][gc,phases] GC(4)       JVMTI Tag Weak OopStorage      Min:  0.0, Avg:  0.0, Max:  0.0, Diff:  0.0, Sum:  0.0, Workers: 8
[2025-05-20T20:16:43.333+0300][15820][1484 ][debug][gc,phases] GC(4)         Dead                           Min: 0, Avg:  0.0, Max: 0, Diff: 0, Sum: 0, Workers: 8
[2025-05-20T20:16:43.333+0300][15820][1484 ][debug][gc,phases] GC(4)         Total                          Min: 0, Avg:  0.0, Max: 0, Diff: 0, Sum: 0, Workers: 8
[2025-05-20T20:16:43.333+0300][15820][1484 ][debug][gc,phases] GC(4)       StringTable Weak               Min:  0.0, Avg:  0.0, Max:  0.0, Diff:  0.0, Sum:  0.2, Workers: 8
[2025-05-20T20:16:43.333+0300][15820][1484 ][debug][gc,phases] GC(4)         Dead                           Min: 0, Avg:  0.0, Max: 0, Diff: 0, Sum: 0, Workers: 8
[2025-05-20T20:16:43.333+0300][15820][1484 ][debug][gc,phases] GC(4)         Total                          Min: 128, Avg: 779.8, Max: 1054, Diff: 926, Sum: 6238, Workers: 8
[2025-05-20T20:16:43.333+0300][15820][1484 ][debug][gc,phases] GC(4)       ResolvedMethodTable Weak       Min:  0.0, Avg:  0.0, Max:  0.0, Diff:  0.0, Sum:  0.0, Workers: 8
[2025-05-20T20:16:43.333+0300][15820][1484 ][debug][gc,phases] GC(4)         Dead                           Min: 0, Avg:  0.0, Max: 0, Diff: 0, Sum: 0, Workers: 8
[2025-05-20T20:16:43.333+0300][15820][1484 ][debug][gc,phases] GC(4)         Total                          Min: 43, Avg: 109.4, Max: 192, Diff: 149, Sum: 875, Workers: 8
[2025-05-20T20:16:43.333+0300][15820][1484 ][debug][gc,phases] GC(4)       JNI Weak                       Min:  0.0, Avg:  0.0, Max:  0.0, Diff:  0.0, Sum:  0.0, Workers: 8
[2025-05-20T20:16:43.333+0300][15820][1484 ][debug][gc,phases] GC(4)         Dead                           Min: 0, Avg:  0.0, Max: 0, Diff: 0, Sum: 0, Workers: 8
[2025-05-20T20:16:43.333+0300][15820][1484 ][debug][gc,phases] GC(4)         Total                          Min: 0, Avg:  0.0, Max: 0, Diff: 0, Sum: 0, Workers: 8
[2025-05-20T20:16:43.333+0300][15820][1484 ][debug][gc,phases] GC(4)       StringDedup Table Weak         Min:  0.0, Avg:  0.0, Max:  0.0, Diff:  0.0, Sum:  0.0, Workers: 8
[2025-05-20T20:16:43.333+0300][15820][1484 ][debug][gc,phases] GC(4)         Dead                           Min: 0, Avg:  0.0, Max: 0, Diff: 0, Sum: 0, Workers: 8
[2025-05-20T20:16:43.333+0300][15820][1484 ][debug][gc,phases] GC(4)         Total                          Min: 0, Avg:  0.0, Max: 0, Diff: 0, Sum: 0, Workers: 8
[2025-05-20T20:16:43.333+0300][15820][1484 ][debug][gc,phases] GC(4)       StringDedup Requests0 Weak     Min:  0.0, Avg:  0.0, Max:  0.0, Diff:  0.0, Sum:  0.0, Workers: 8
[2025-05-20T20:16:43.333+0300][15820][1484 ][debug][gc,phases] GC(4)         Dead                           Min: 0, Avg:  0.0, Max: 0, Diff: 0, Sum: 0, Workers: 8
[2025-05-20T20:16:43.333+0300][15820][1484 ][debug][gc,phases] GC(4)         Total                          Min: 0, Avg:  0.0, Max: 0, Diff: 0, Sum: 0, Workers: 8
[2025-05-20T20:16:43.333+0300][15820][1484 ][debug][gc,phases] GC(4)       StringDedup Requests1 Weak     Min:  0.0, Avg:  0.0, Max:  0.0, Diff:  0.0, Sum:  0.0, Workers: 8
[2025-05-20T20:16:43.333+0300][15820][1484 ][debug][gc,phases] GC(4)         Dead                           Min: 0, Avg:  0.0, Max: 0, Diff: 0, Sum: 0, Workers: 8
[2025-05-20T20:16:43.333+0300][15820][1484 ][debug][gc,phases] GC(4)         Total                          Min: 0, Avg:  0.0, Max: 0, Diff: 0, Sum: 0, Workers: 8
[2025-05-20T20:16:43.333+0300][15820][1484 ][debug][gc,phases] GC(4)       Weak JFR Old Object Samples    Min:  0.0, Avg:  0.0, Max:  0.0, Diff:  0.0, Sum:  0.0, Workers: 8
[2025-05-20T20:16:43.333+0300][15820][1484 ][debug][gc,phases] GC(4)         Dead                           Min: 0, Avg:  0.0, Max: 0, Diff: 0, Sum: 0, Workers: 8
[2025-05-20T20:16:43.333+0300][15820][1484 ][debug][gc,phases] GC(4)         Total                          Min: 0, Avg:  0.0, Max: 0, Diff: 0, Sum: 0, Workers: 8
[2025-05-20T20:16:43.333+0300][15820][1484 ][debug][gc,phases] GC(4)     Post Evacuate Cleanup 1: 0.4ms
[2025-05-20T20:16:43.333+0300][15820][1484 ][debug][gc,phases] GC(4)       Merge Per-Thread State (ms):   Min:  0.1, Avg:  0.1, Max:  0.1, Diff:  0.0, Sum:  0.1, Workers: 1
[2025-05-20T20:16:43.333+0300][15820][1484 ][debug][gc,phases] GC(4)         Copied Bytes                   Min: 53976, Avg: 199646.0, Max: 434048, Diff: 380072, Sum: 1597168, Workers: 8
[2025-05-20T20:16:43.333+0300][15820][1484 ][debug][gc,phases] GC(4)         LAB Waste                      Min: 72, Avg: 407.0, Max: 1448, Diff: 1376, Sum: 3256, Workers: 8
[2025-05-20T20:16:43.333+0300][15820][1484 ][debug][gc,phases] GC(4)         LAB Undo Waste                 Min: 0, Avg:  0.0, Max: 0, Diff: 0, Sum: 0, Workers: 8
[2025-05-20T20:16:43.333+0300][15820][1484 ][debug][gc,phases] GC(4)       Clear Logged Cards (ms):       Min:  0.0, Avg:  0.2, Max:  0.4, Diff:  0.4, Sum:  1.4, Workers: 7
[2025-05-20T20:16:43.333+0300][15820][1484 ][debug][gc,phases] GC(4)       Recalculate Used Memory (ms):  Min:  0.0, Avg:  0.0, Max:  0.0, Diff:  0.0, Sum:  0.0, Workers: 1
[2025-05-20T20:16:43.333+0300][15820][1484 ][debug][gc,phases] GC(4)     Post Evacuate Cleanup 2: 0.3ms
[2025-05-20T20:16:43.333+0300][15820][1484 ][debug][gc,phases] GC(4)       Update Derived Pointers (ms):  Min:  0.0, Avg:  0.0, Max:  0.0, Diff:  0.0, Sum:  0.0, Workers: 1
[2025-05-20T20:16:43.333+0300][15820][1484 ][debug][gc,phases] GC(4)       Eagerly Reclaim Humongous Objects (ms): Min:  0.0, Avg:  0.0, Max:  0.0, Diff:  0.0, Sum:  0.0, Workers: 1
[2025-05-20T20:16:43.333+0300][15820][1484 ][debug][gc,phases] GC(4)         Humongous Total                Min: 3, Avg:  3.0, Max: 3, Diff: 0, Sum: 3, Workers: 1
[2025-05-20T20:16:43.333+0300][15820][1484 ][debug][gc,phases] GC(4)         Humongous Candidates           Min: 3, Avg:  3.0, Max: 3, Diff: 0, Sum: 3, Workers: 1
[2025-05-20T20:16:43.333+0300][15820][1484 ][debug][gc,phases] GC(4)         Humongous Reclaimed            Min: 0, Avg:  0.0, Max: 0, Diff: 0, Sum: 0, Workers: 1
[2025-05-20T20:16:43.333+0300][15820][1484 ][debug][gc,phases] GC(4)       Redirty Logged Cards (ms):     Min:  0.0, Avg:  0.0, Max:  0.0, Diff:  0.0, Sum:  0.0, Workers: 8
[2025-05-20T20:16:43.333+0300][15820][1484 ][debug][gc,phases] GC(4)         Redirtied Cards:               Min: 0, Avg: 29.5, Max: 107, Diff: 107, Sum: 236, Workers: 8
[2025-05-20T20:16:43.333+0300][15820][1484 ][debug][gc,phases] GC(4)       Resize TLABs (ms):             Min:  0.0, Avg:  0.0, Max:  0.0, Diff:  0.0, Sum:  0.0, Workers: 8
[2025-05-20T20:16:43.333+0300][15820][1484 ][debug][gc,phases] GC(4)       Free Collection Set (ms):      Min:  0.2, Avg:  0.2, Max:  0.3, Diff:  0.0, Sum:  1.9, Workers: 8
[2025-05-20T20:16:43.333+0300][15820][1484 ][debug][gc,phases] GC(4)     Rebuild Free List: 0.1ms
[2025-05-20T20:16:43.333+0300][15820][1484 ][debug][gc,phases] GC(4)     Prepare For Mutator: 0.0ms
[2025-05-20T20:16:43.333+0300][15820][1484 ][debug][gc,phases] GC(4)     Expand Heap After Collection: 0.0ms
[2025-05-20T20:16:43.333+0300][15820][1484 ][info ][gc,phases] GC(4)   Other: 0.1ms
[2025-05-20T20:16:43.333+0300][15820][1484 ][info ][gc,heap  ] GC(4) Eden regions: 1227->0(1227)
[2025-05-20T20:16:43.333+0300][15820][1484 ][info ][gc,heap  ] GC(4) Survivor regions: 1->1(154)
[2025-05-20T20:16:43.333+0300][15820][1484 ][info ][gc,heap  ] GC(4) Old regions: 8->8
[2025-05-20T20:16:43.333+0300][15820][1484 ][info ][gc,heap  ] GC(4) Humongous regions: 6->6
[2025-05-20T20:16:43.333+0300][15820][1484 ][debug][gc,heap  ] GC(4) Heap after GC invocations=5 (full 1):
[2025-05-20T20:16:43.333+0300][15820][1484 ][debug][gc,heap  ] GC(4)  garbage-first heap   total 4194304K, used 16946K [0x0000000700000000, 0x0000000800000000)
[2025-05-20T20:16:43.333+0300][15820][1484 ][debug][gc,heap  ] GC(4)   region size 2048K, 1 young (2048K), 1 survivors (2048K)
[2025-05-20T20:16:43.333+0300][15820][1484 ][debug][gc,heap  ] GC(4)  Metaspace       used 8992K, committed 9536K, reserved 1114112K
[2025-05-20T20:16:43.333+0300][15820][1484 ][debug][gc,heap  ] GC(4)   class space    used 982K, committed 1216K, reserved 1048576K
[2025-05-20T20:16:43.333+0300][15820][1484 ][info ][gc       ] GC(4) Pause Young (Normal) (G1 Evacuation Pause) 2470M->16M(4096M) 4.533ms
[2025-05-20T20:16:43.333+0300][15820][1484 ][info ][safepoint] Safepoint "G1CollectForAllocation", Time since last: 682720300 ns, Reaching safepoint: 291900 ns, Cleanup: 30500 ns, At safepoint: 4595100 ns, Total: 4917500 ns
[2025-05-20T20:16:43.955+0300][15820][1484 ][debug][safepoint] Safepoint synchronization initiated using striped semaphore wait barrier. (19 threads)
[2025-05-20T20:16:43.955+0300][15820][11108][debug][safepoint] ... found polling page loop exception at pc = 0x00000247101b8960, stub =0x000002470fbb5d80
[2025-05-20T20:16:43.955+0300][15820][22856][debug][safepoint] ... found polling page loop exception at pc = 0x00000247101cf522, stub =0x000002470fbb6600
[2025-05-20T20:16:43.955+0300][15820][17844][debug][safepoint] ... found polling page loop exception at pc = 0x00000247101b8960, stub =0x000002470fbb5d80
[2025-05-20T20:16:43.955+0300][15820][17128][debug][safepoint] ... found polling page loop exception at pc = 0x00000247101b8960, stub =0x000002470fbb5d80
[2025-05-20T20:16:43.955+0300][15820][1484 ][debug][gc,heap  ] GC(5) Heap before GC invocations=5 (full 1):
[2025-05-20T20:16:43.955+0300][15820][1484 ][debug][gc,heap  ] GC(5)  garbage-first heap   total 4194304K, used 2529842K [0x0000000700000000, 0x0000000800000000)
[2025-05-20T20:16:43.955+0300][15820][1484 ][debug][gc,heap  ] GC(5)   region size 2048K, 1228 young (2514944K), 1 survivors (2048K)
[2025-05-20T20:16:43.955+0300][15820][1484 ][debug][gc,heap  ] GC(5)  Metaspace       used 9004K, committed 9536K, reserved 1114112K
[2025-05-20T20:16:43.955+0300][15820][1484 ][debug][gc,heap  ] GC(5)   class space    used 982K, committed 1216K, reserved 1048576K
[2025-05-20T20:16:43.957+0300][15820][1484 ][info ][gc,phases] GC(5)   Pre Evacuate Collection Set: 0.3ms
[2025-05-20T20:16:43.957+0300][15820][1484 ][debug][gc,phases] GC(5)     Pre Evacuate Prepare: 0.0ms
[2025-05-20T20:16:43.957+0300][15820][1484 ][debug][gc,phases] GC(5)       JT Retire TLABs And Flush Logs (ms): Min:  0.0, Avg:  0.0, Max:  0.0, Diff:  0.0, Sum:  0.0, Workers: 2
[2025-05-20T20:16:43.957+0300][15820][1484 ][debug][gc,phases] GC(5)       Non-JT Flush Logs (ms):        Min:  0.0, Avg:  0.0, Max:  0.0, Diff:  0.0, Sum:  0.0, Workers: 1
[2025-05-20T20:16:43.957+0300][15820][1484 ][debug][gc,phases] GC(5)     Choose Collection Set: 0.0ms
[2025-05-20T20:16:43.957+0300][15820][1484 ][debug][gc,phases] GC(5)     Region Register: 0.3ms
[2025-05-20T20:16:43.957+0300][15820][1484 ][debug][gc,phases] GC(5)     Prepare Heap Roots: 0.0ms
[2025-05-20T20:16:43.957+0300][15820][1484 ][info ][gc,phases] GC(5)   Merge Heap Roots: 0.2ms
[2025-05-20T20:16:43.957+0300][15820][1484 ][debug][gc,phases] GC(5)     Prepare Merge Heap Roots: 0.0ms
[2025-05-20T20:16:43.957+0300][15820][1484 ][debug][gc,phases] GC(5)     Remembered Sets (ms):          Min:  0.0, Avg:  0.1, Max:  0.1, Diff:  0.1, Sum:  0.6, Workers: 8
[2025-05-20T20:16:43.957+0300][15820][1484 ][debug][gc,phases] GC(5)       Eager Reclaim (ms):            Min:  0.0, Avg:  0.0, Max:  0.0, Diff:  0.0, Sum:  0.0, Workers: 1
[2025-05-20T20:16:43.957+0300][15820][1484 ][debug][gc,phases] GC(5)       Merged Inline                  Min: 0, Avg:  0.0, Max: 0, Diff: 0, Sum: 0, Workers: 8
[2025-05-20T20:16:43.957+0300][15820][1484 ][debug][gc,phases] GC(5)       Merged ArrayOfCards            Min: 0, Avg:  0.0, Max: 0, Diff: 0, Sum: 0, Workers: 8
[2025-05-20T20:16:43.957+0300][15820][1484 ][debug][gc,phases] GC(5)       Merged Howl                    Min: 0, Avg:  0.0, Max: 0, Diff: 0, Sum: 0, Workers: 8
[2025-05-20T20:16:43.957+0300][15820][1484 ][debug][gc,phases] GC(5)       Merged Full                    Min: 0, Avg:  0.0, Max: 0, Diff: 0, Sum: 0, Workers: 8
[2025-05-20T20:16:43.957+0300][15820][1484 ][debug][gc,phases] GC(5)       Merged Howl Inline             Min: 0, Avg:  0.0, Max: 0, Diff: 0, Sum: 0, Workers: 8
[2025-05-20T20:16:43.957+0300][15820][1484 ][debug][gc,phases] GC(5)       Merged Howl ArrayOfCards       Min: 0, Avg:  0.0, Max: 0, Diff: 0, Sum: 0, Workers: 8
[2025-05-20T20:16:43.957+0300][15820][1484 ][debug][gc,phases] GC(5)       Merged Howl BitMap             Min: 0, Avg:  0.0, Max: 0, Diff: 0, Sum: 0, Workers: 8
[2025-05-20T20:16:43.957+0300][15820][1484 ][debug][gc,phases] GC(5)       Merged Howl Full               Min: 0, Avg:  0.0, Max: 0, Diff: 0, Sum: 0, Workers: 8
[2025-05-20T20:16:43.957+0300][15820][1484 ][debug][gc,phases] GC(5)       Merged Cards                   Min: 8, Avg:  9.0, Max: 16, Diff: 8, Sum: 72, Workers: 8
[2025-05-20T20:16:43.957+0300][15820][1484 ][debug][gc,phases] GC(5)     Log Buffers (ms):              Min:  0.0, Avg:  0.0, Max:  0.0, Diff:  0.0, Sum:  0.0, Workers: 8
[2025-05-20T20:16:43.957+0300][15820][1484 ][debug][gc,phases] GC(5)       Dirty Cards:                   Min: 0, Avg: 30.1, Max: 146, Diff: 146, Sum: 241, Workers: 8
[2025-05-20T20:16:43.957+0300][15820][1484 ][debug][gc,phases] GC(5)       Skipped Cards:                 Min: 0, Avg:  0.0, Max: 0, Diff: 0, Sum: 0, Workers: 8
[2025-05-20T20:16:43.957+0300][15820][1484 ][info ][gc,phases] GC(5)   Evacuate Collection Set: 1.2ms
[2025-05-20T20:16:43.957+0300][15820][1484 ][debug][gc,phases] GC(5)     Ext Root Scanning (ms):        Min:  0.0, Avg:  0.1, Max:  0.4, Diff:  0.4, Sum:  0.8, Workers: 8
[2025-05-20T20:16:43.957+0300][15820][1484 ][debug][gc,phases] GC(5)     Scan Heap Roots (ms):          Min:  0.0, Avg:  0.0, Max:  0.1, Diff:  0.1, Sum:  0.3, Workers: 8
[2025-05-20T20:16:43.957+0300][15820][1484 ][debug][gc,phases] GC(5)       Scanned Cards:                 Min: 0, Avg: 29.9, Max: 63, Diff: 63, Sum: 239, Workers: 8
[2025-05-20T20:16:43.957+0300][15820][1484 ][debug][gc,phases] GC(5)       Scanned Blocks:                Min: 0, Avg: 19.6, Max: 44, Diff: 44, Sum: 157, Workers: 8
[2025-05-20T20:16:43.957+0300][15820][1484 ][debug][gc,phases] GC(5)       Claimed Chunks:                Min: 0, Avg:  4.4, Max: 10, Diff: 10, Sum: 35, Workers: 8
[2025-05-20T20:16:43.957+0300][15820][1484 ][debug][gc,phases] GC(5)       Found Roots:                   Min: 0, Avg: 151.1, Max: 384, Diff: 384, Sum: 1209, Workers: 8
[2025-05-20T20:16:43.957+0300][15820][1484 ][debug][gc,phases] GC(5)     Code Root Scan (ms):           Min:  0.1, Avg:  0.3, Max:  0.5, Diff:  0.5, Sum:  2.3, Workers: 8
[2025-05-20T20:16:43.957+0300][15820][1484 ][debug][gc,phases] GC(5)       Scanned Nmethods               Min: 0, Avg: 55.5, Max: 133, Diff: 133, Sum: 444, Workers: 8
[2025-05-20T20:16:43.957+0300][15820][1484 ][debug][gc,phases] GC(5)     Object Copy (ms):              Min:  0.0, Avg:  0.3, Max:  0.6, Diff:  0.6, Sum:  2.6, Workers: 8
[2025-05-20T20:16:43.957+0300][15820][1484 ][debug][gc,phases] GC(5)     Termination (ms):              Min:  0.0, Avg:  0.2, Max:  0.2, Diff:  0.2, Sum:  1.4, Workers: 8
[2025-05-20T20:16:43.957+0300][15820][1484 ][debug][gc,phases] GC(5)       Termination Attempts:          Min: 1, Avg:  1.0, Max: 1, Diff: 0, Sum: 8, Workers: 8
[2025-05-20T20:16:43.957+0300][15820][1484 ][debug][gc,phases] GC(5)     GC Worker Other (ms):          Min:  0.1, Avg:  0.2, Max:  1.0, Diff:  1.0, Sum:  1.7, Workers: 8
[2025-05-20T20:16:43.957+0300][15820][1484 ][debug][gc,phases] GC(5)     GC Worker Total (ms):          Min:  1.1, Avg:  1.1, Max:  1.2, Diff:  0.0, Sum:  9.1, Workers: 8
[2025-05-20T20:16:43.957+0300][15820][1484 ][info ][gc,phases] GC(5)   Post Evacuate Collection Set: 1.0ms
[2025-05-20T20:16:43.957+0300][15820][1484 ][debug][gc,phases] GC(5)     NMethod List Cleanup: 0.1ms
[2025-05-20T20:16:43.957+0300][15820][1484 ][debug][gc,phases] GC(5)     Reference Processing: 0.1ms
[2025-05-20T20:16:43.957+0300][15820][1484 ][debug][gc,phases] GC(5)     Weak Processing: 0.1ms
[2025-05-20T20:16:43.957+0300][15820][1484 ][debug][gc,phases] GC(5)       VM Weak                        Min:  0.0, Avg:  0.0, Max:  0.0, Diff:  0.0, Sum:  0.0, Workers: 8
[2025-05-20T20:16:43.957+0300][15820][1484 ][debug][gc,phases] GC(5)         Dead                           Min: 0, Avg:  0.0, Max: 0, Diff: 0, Sum: 0, Workers: 8
[2025-05-20T20:16:43.957+0300][15820][1484 ][debug][gc,phases] GC(5)         Total                          Min: 0, Avg: 46.9, Max: 64, Diff: 64, Sum: 375, Workers: 8
[2025-05-20T20:16:43.957+0300][15820][1484 ][debug][gc,phases] GC(5)       ObjectSynchronizer Weak        Min:  0.0, Avg:  0.0, Max:  0.0, Diff:  0.0, Sum:  0.0, Workers: 8
[2025-05-20T20:16:43.957+0300][15820][1484 ][debug][gc,phases] GC(5)         Dead                           Min: 0, Avg:  0.0, Max: 0, Diff: 0, Sum: 0, Workers: 8
[2025-05-20T20:16:43.957+0300][15820][1484 ][debug][gc,phases] GC(5)         Total                          Min: 0, Avg: 16.2, Max: 64, Diff: 64, Sum: 130, Workers: 8
[2025-05-20T20:16:43.957+0300][15820][1484 ][debug][gc,phases] GC(5)       JVMTI Tag Weak OopStorage      Min:  0.0, Avg:  0.0, Max:  0.0, Diff:  0.0, Sum:  0.0, Workers: 8
[2025-05-20T20:16:43.957+0300][15820][1484 ][debug][gc,phases] GC(5)         Dead                           Min: 0, Avg:  0.0, Max: 0, Diff: 0, Sum: 0, Workers: 8
[2025-05-20T20:16:43.957+0300][15820][1484 ][debug][gc,phases] GC(5)         Total                          Min: 0, Avg:  0.0, Max: 0, Diff: 0, Sum: 0, Workers: 8
[2025-05-20T20:16:43.957+0300][15820][1484 ][debug][gc,phases] GC(5)       StringTable Weak               Min:  0.0, Avg:  0.0, Max:  0.0, Diff:  0.0, Sum:  0.1, Workers: 8
[2025-05-20T20:16:43.957+0300][15820][1484 ][debug][gc,phases] GC(5)         Dead                           Min: 0, Avg:  0.0, Max: 0, Diff: 0, Sum: 0, Workers: 8
[2025-05-20T20:16:43.957+0300][15820][1484 ][debug][gc,phases] GC(5)         Total                          Min: 384, Avg: 781.4, Max: 896, Diff: 512, Sum: 6251, Workers: 8
[2025-05-20T20:16:43.957+0300][15820][1484 ][debug][gc,phases] GC(5)       ResolvedMethodTable Weak       Min:  0.0, Avg:  0.0, Max:  0.0, Diff:  0.0, Sum:  0.0, Workers: 8
[2025-05-20T20:16:43.957+0300][15820][1484 ][debug][gc,phases] GC(5)         Dead                           Min: 0, Avg:  0.0, Max: 0, Diff: 0, Sum: 0, Workers: 8
[2025-05-20T20:16:43.957+0300][15820][1484 ][debug][gc,phases] GC(5)         Total                          Min: 64, Avg: 109.4, Max: 256, Diff: 192, Sum: 875, Workers: 8
[2025-05-20T20:16:43.957+0300][15820][1484 ][debug][gc,phases] GC(5)       JNI Weak                       Min:  0.0, Avg:  0.0, Max:  0.0, Diff:  0.0, Sum:  0.0, Workers: 8
[2025-05-20T20:16:43.957+0300][15820][1484 ][debug][gc,phases] GC(5)         Dead                           Min: 0, Avg:  0.0, Max: 0, Diff: 0, Sum: 0, Workers: 8
[2025-05-20T20:16:43.957+0300][15820][1484 ][debug][gc,phases] GC(5)         Total                          Min: 0, Avg:  0.0, Max: 0, Diff: 0, Sum: 0, Workers: 8
[2025-05-20T20:16:43.957+0300][15820][1484 ][debug][gc,phases] GC(5)       StringDedup Table Weak         Min:  0.0, Avg:  0.0, Max:  0.0, Diff:  0.0, Sum:  0.0, Workers: 8
[2025-05-20T20:16:43.957+0300][15820][1484 ][debug][gc,phases] GC(5)         Dead                           Min: 0, Avg:  0.0, Max: 0, Diff: 0, Sum: 0, Workers: 8
[2025-05-20T20:16:43.957+0300][15820][1484 ][debug][gc,phases] GC(5)         Total                          Min: 0, Avg:  0.0, Max: 0, Diff: 0, Sum: 0, Workers: 8
[2025-05-20T20:16:43.957+0300][15820][1484 ][debug][gc,phases] GC(5)       StringDedup Requests0 Weak     Min:  0.0, Avg:  0.0, Max:  0.0, Diff:  0.0, Sum:  0.0, Workers: 8
[2025-05-20T20:16:43.957+0300][15820][1484 ][debug][gc,phases] GC(5)         Dead                           Min: 0, Avg:  0.0, Max: 0, Diff: 0, Sum: 0, Workers: 8
[2025-05-20T20:16:43.957+0300][15820][1484 ][debug][gc,phases] GC(5)         Total                          Min: 0, Avg:  0.0, Max: 0, Diff: 0, Sum: 0, Workers: 8
[2025-05-20T20:16:43.957+0300][15820][1484 ][debug][gc,phases] GC(5)       StringDedup Requests1 Weak     Min:  0.0, Avg:  0.0, Max:  0.0, Diff:  0.0, Sum:  0.0, Workers: 8
[2025-05-20T20:16:43.957+0300][15820][1484 ][debug][gc,phases] GC(5)         Dead                           Min: 0, Avg:  0.0, Max: 0, Diff: 0, Sum: 0, Workers: 8
[2025-05-20T20:16:43.957+0300][15820][1484 ][debug][gc,phases] GC(5)         Total                          Min: 0, Avg:  0.0, Max: 0, Diff: 0, Sum: 0, Workers: 8
[2025-05-20T20:16:43.957+0300][15820][1484 ][debug][gc,phases] GC(5)       Weak JFR Old Object Samples    Min:  0.0, Avg:  0.0, Max:  0.0, Diff:  0.0, Sum:  0.0, Workers: 8
[2025-05-20T20:16:43.957+0300][15820][1484 ][debug][gc,phases] GC(5)         Dead                           Min: 0, Avg:  0.0, Max: 0, Diff: 0, Sum: 0, Workers: 8
[2025-05-20T20:16:43.957+0300][15820][1484 ][debug][gc,phases] GC(5)         Total                          Min: 0, Avg:  0.0, Max: 0, Diff: 0, Sum: 0, Workers: 8
[2025-05-20T20:16:43.957+0300][15820][1484 ][debug][gc,phases] GC(5)     Post Evacuate Cleanup 1: 0.4ms
[2025-05-20T20:16:43.957+0300][15820][1484 ][debug][gc,phases] GC(5)       Merge Per-Thread State (ms):   Min:  0.1, Avg:  0.1, Max:  0.1, Diff:  0.0, Sum:  0.1, Workers: 1
[2025-05-20T20:16:43.957+0300][15820][1484 ][debug][gc,phases] GC(5)         Copied Bytes                   Min: 0, Avg: 195516.0, Max: 448088, Diff: 448088, Sum: 1564128, Workers: 8
[2025-05-20T20:16:43.957+0300][15820][1484 ][debug][gc,phases] GC(5)         LAB Waste                      Min: 0, Avg: 304.0, Max: 1000, Diff: 1000, Sum: 2432, Workers: 8
[2025-05-20T20:16:43.957+0300][15820][1484 ][debug][gc,phases] GC(5)         LAB Undo Waste                 Min: 0, Avg: 2178.0, Max: 17424, Diff: 17424, Sum: 17424, Workers: 8
[2025-05-20T20:16:43.957+0300][15820][1484 ][debug][gc,phases] GC(5)       Clear Logged Cards (ms):       Min:  0.0, Avg:  0.2, Max:  0.3, Diff:  0.3, Sum:  1.3, Workers: 7
[2025-05-20T20:16:43.957+0300][15820][1484 ][debug][gc,phases] GC(5)       Recalculate Used Memory (ms):  Min:  0.0, Avg:  0.0, Max:  0.0, Diff:  0.0, Sum:  0.0, Workers: 1
[2025-05-20T20:16:43.957+0300][15820][1484 ][debug][gc,phases] GC(5)     Post Evacuate Cleanup 2: 0.3ms
[2025-05-20T20:16:43.957+0300][15820][1484 ][debug][gc,phases] GC(5)       Update Derived Pointers (ms):  Min:  0.0, Avg:  0.0, Max:  0.0, Diff:  0.0, Sum:  0.0, Workers: 1
[2025-05-20T20:16:43.957+0300][15820][1484 ][debug][gc,phases] GC(5)       Eagerly Reclaim Humongous Objects (ms): Min:  0.0, Avg:  0.0, Max:  0.0, Diff:  0.0, Sum:  0.0, Workers: 1
[2025-05-20T20:16:43.957+0300][15820][1484 ][debug][gc,phases] GC(5)         Humongous Total                Min: 3, Avg:  3.0, Max: 3, Diff: 0, Sum: 3, Workers: 1
[2025-05-20T20:16:43.957+0300][15820][1484 ][debug][gc,phases] GC(5)         Humongous Candidates           Min: 3, Avg:  3.0, Max: 3, Diff: 0, Sum: 3, Workers: 1
[2025-05-20T20:16:43.957+0300][15820][1484 ][debug][gc,phases] GC(5)         Humongous Reclaimed            Min: 0, Avg:  0.0, Max: 0, Diff: 0, Sum: 0, Workers: 1
[2025-05-20T20:16:43.957+0300][15820][1484 ][debug][gc,phases] GC(5)       Redirty Logged Cards (ms):     Min:  0.0, Avg:  0.0, Max:  0.0, Diff:  0.0, Sum:  0.0, Workers: 8
[2025-05-20T20:16:43.957+0300][15820][1484 ][debug][gc,phases] GC(5)         Redirtied Cards:               Min: 0, Avg: 29.4, Max: 73, Diff: 73, Sum: 235, Workers: 8
[2025-05-20T20:16:43.957+0300][15820][1484 ][debug][gc,phases] GC(5)       Resize TLABs (ms):             Min:  0.0, Avg:  0.0, Max:  0.0, Diff:  0.0, Sum:  0.0, Workers: 8
[2025-05-20T20:16:43.957+0300][15820][1484 ][debug][gc,phases] GC(5)       Free Collection Set (ms):      Min:  0.2, Avg:  0.2, Max:  0.2, Diff:  0.0, Sum:  1.9, Workers: 8
[2025-05-20T20:16:43.957+0300][15820][1484 ][debug][gc,phases] GC(5)     Rebuild Free List: 0.0ms
[2025-05-20T20:16:43.957+0300][15820][1484 ][debug][gc,phases] GC(5)     Prepare For Mutator: 0.0ms
[2025-05-20T20:16:43.957+0300][15820][1484 ][debug][gc,phases] GC(5)     Expand Heap After Collection: 0.0ms
[2025-05-20T20:16:43.957+0300][15820][1484 ][info ][gc,phases] GC(5)   Other: 0.1ms
[2025-05-20T20:16:43.961+0300][15820][1484 ][info ][gc,heap  ] GC(5) Eden regions: 1227->0(1227)
[2025-05-20T20:16:43.961+0300][15820][1484 ][info ][gc,heap  ] GC(5) Survivor regions: 1->1(154)
[2025-05-20T20:16:43.961+0300][15820][1484 ][info ][gc,heap  ] GC(5) Old regions: 8->8
[2025-05-20T20:16:43.961+0300][15820][1484 ][info ][gc,heap  ] GC(5) Humongous regions: 6->6
[2025-05-20T20:16:43.961+0300][15820][1484 ][debug][gc,heap  ] GC(5) Heap after GC invocations=6 (full 1):
[2025-05-20T20:16:43.961+0300][15820][1484 ][debug][gc,heap  ] GC(5)  garbage-first heap   total 4194304K, used 16881K [0x0000000700000000, 0x0000000800000000)
[2025-05-20T20:16:43.961+0300][15820][1484 ][debug][gc,heap  ] GC(5)   region size 2048K, 1 young (2048K), 1 survivors (2048K)
[2025-05-20T20:16:43.961+0300][15820][1484 ][debug][gc,heap  ] GC(5)  Metaspace       used 9004K, committed 9536K, reserved 1114112K
[2025-05-20T20:16:43.961+0300][15820][1484 ][debug][gc,heap  ] GC(5)   class space    used 982K, committed 1216K, reserved 1048576K
[2025-05-20T20:16:43.961+0300][15820][1484 ][info ][gc       ] GC(5) Pause Young (Normal) (G1 Evacuation Pause) 2470M->16M(4096M) 4.363ms
[2025-05-20T20:16:43.961+0300][15820][1484 ][info ][safepoint] Safepoint "G1CollectForAllocation", Time since last: 619132500 ns, Reaching safepoint: 269100 ns, Cleanup: 22700 ns, At safepoint: 4410400 ns, Total: 4702200 ns
[2025-05-20T20:16:44.536+0300][15820][1484 ][debug][safepoint] Safepoint synchronization initiated using striped semaphore wait barrier. (19 threads)
[2025-05-20T20:16:44.536+0300][15820][15272][debug][safepoint] ... found polling page loop exception at pc = 0x00000247101b8960, stub =0x000002470fbb5d80
[2025-05-20T20:16:44.536+0300][15820][1800 ][debug][safepoint] ... found polling page loop exception at pc = 0x00000247101b8960, stub =0x000002470fbb5d80
[2025-05-20T20:16:44.536+0300][15820][22388][debug][safepoint] ... found polling page loop exception at pc = 0x00000247101b8960, stub =0x000002470fbb5d80
[2025-05-20T20:16:44.536+0300][15820][17128][debug][safepoint] ... found polling page loop exception at pc = 0x00000247102da08e, stub =0x000002470fbb6600
[2025-05-20T20:16:44.536+0300][15820][22856][debug][safepoint] ... found polling page loop exception at pc = 0x00000247101b8960, stub =0x000002470fbb5d80
[2025-05-20T20:16:44.536+0300][15820][1484 ][debug][gc,heap  ] GC(6) Heap before GC invocations=6 (full 1):
[2025-05-20T20:16:44.536+0300][15820][1484 ][debug][gc,heap  ] GC(6)  garbage-first heap   total 4194304K, used 2529777K [0x0000000700000000, 0x0000000800000000)
[2025-05-20T20:16:44.536+0300][15820][1484 ][debug][gc,heap  ] GC(6)   region size 2048K, 1228 young (2514944K), 1 survivors (2048K)
[2025-05-20T20:16:44.536+0300][15820][1484 ][debug][gc,heap  ] GC(6)  Metaspace       used 9006K, committed 9536K, reserved 1114112K
[2025-05-20T20:16:44.536+0300][15820][1484 ][debug][gc,heap  ] GC(6)   class space    used 982K, committed 1216K, reserved 1048576K
[2025-05-20T20:16:44.536+0300][15820][1484 ][info ][gc,phases] GC(6)   Pre Evacuate Collection Set: 0.3ms
[2025-05-20T20:16:44.536+0300][15820][1484 ][debug][gc,phases] GC(6)     Pre Evacuate Prepare: 0.0ms
[2025-05-20T20:16:44.536+0300][15820][1484 ][debug][gc,phases] GC(6)       JT Retire TLABs And Flush Logs (ms): Min:  0.0, Avg:  0.0, Max:  0.0, Diff:  0.0, Sum:  0.0, Workers: 2
[2025-05-20T20:16:44.536+0300][15820][1484 ][debug][gc,phases] GC(6)       Non-JT Flush Logs (ms):        Min:  0.0, Avg:  0.0, Max:  0.0, Diff:  0.0, Sum:  0.0, Workers: 1
[2025-05-20T20:16:44.536+0300][15820][1484 ][debug][gc,phases] GC(6)     Choose Collection Set: 0.0ms
[2025-05-20T20:16:44.536+0300][15820][1484 ][debug][gc,phases] GC(6)     Region Register: 0.3ms
[2025-05-20T20:16:44.536+0300][15820][1484 ][debug][gc,phases] GC(6)     Prepare Heap Roots: 0.0ms
[2025-05-20T20:16:44.536+0300][15820][1484 ][info ][gc,phases] GC(6)   Merge Heap Roots: 0.2ms
[2025-05-20T20:16:44.536+0300][15820][1484 ][debug][gc,phases] GC(6)     Prepare Merge Heap Roots: 0.0ms
[2025-05-20T20:16:44.536+0300][15820][1484 ][debug][gc,phases] GC(6)     Remembered Sets (ms):          Min:  0.1, Avg:  0.1, Max:  0.1, Diff:  0.0, Sum:  0.7, Workers: 8
[2025-05-20T20:16:44.536+0300][15820][1484 ][debug][gc,phases] GC(6)       Eager Reclaim (ms):            Min:  0.0, Avg:  0.0, Max:  0.0, Diff:  0.0, Sum:  0.0, Workers: 1
[2025-05-20T20:16:44.536+0300][15820][1484 ][debug][gc,phases] GC(6)       Merged Inline                  Min: 0, Avg:  0.0, Max: 0, Diff: 0, Sum: 0, Workers: 8
[2025-05-20T20:16:44.536+0300][15820][1484 ][debug][gc,phases] GC(6)       Merged ArrayOfCards            Min: 0, Avg:  0.0, Max: 0, Diff: 0, Sum: 0, Workers: 8
[2025-05-20T20:16:44.536+0300][15820][1484 ][debug][gc,phases] GC(6)       Merged Howl                    Min: 0, Avg:  0.0, Max: 0, Diff: 0, Sum: 0, Workers: 8
[2025-05-20T20:16:44.536+0300][15820][1484 ][debug][gc,phases] GC(6)       Merged Full                    Min: 0, Avg:  0.0, Max: 0, Diff: 0, Sum: 0, Workers: 8
[2025-05-20T20:16:44.536+0300][15820][1484 ][debug][gc,phases] GC(6)       Merged Howl Inline             Min: 0, Avg:  0.0, Max: 0, Diff: 0, Sum: 0, Workers: 8
[2025-05-20T20:16:44.536+0300][15820][1484 ][debug][gc,phases] GC(6)       Merged Howl ArrayOfCards       Min: 0, Avg:  0.0, Max: 0, Diff: 0, Sum: 0, Workers: 8
[2025-05-20T20:16:44.536+0300][15820][1484 ][debug][gc,phases] GC(6)       Merged Howl BitMap             Min: 0, Avg:  0.0, Max: 0, Diff: 0, Sum: 0, Workers: 8
[2025-05-20T20:16:44.536+0300][15820][1484 ][debug][gc,phases] GC(6)       Merged Howl Full               Min: 0, Avg:  0.0, Max: 0, Diff: 0, Sum: 0, Workers: 8
[2025-05-20T20:16:44.536+0300][15820][1484 ][debug][gc,phases] GC(6)       Merged Cards                   Min: 8, Avg:  9.0, Max: 16, Diff: 8, Sum: 72, Workers: 8
[2025-05-20T20:16:44.536+0300][15820][1484 ][debug][gc,phases] GC(6)     Log Buffers (ms):              Min:  0.0, Avg:  0.0, Max:  0.0, Diff:  0.0, Sum:  0.0, Workers: 8
[2025-05-20T20:16:44.536+0300][15820][1484 ][debug][gc,phases] GC(6)       Dirty Cards:                   Min: 0, Avg: 29.9, Max: 73, Diff: 73, Sum: 239, Workers: 8
[2025-05-20T20:16:44.536+0300][15820][1484 ][debug][gc,phases] GC(6)       Skipped Cards:                 Min: 0, Avg:  0.0, Max: 0, Diff: 0, Sum: 0, Workers: 8
[2025-05-20T20:16:44.536+0300][15820][1484 ][info ][gc,phases] GC(6)   Evacuate Collection Set: 1.0ms
[2025-05-20T20:16:44.536+0300][15820][1484 ][debug][gc,phases] GC(6)     Ext Root Scanning (ms):        Min:  0.0, Avg:  0.1, Max:  0.3, Diff:  0.3, Sum:  0.7, Workers: 8
[2025-05-20T20:16:44.536+0300][15820][1484 ][debug][gc,phases] GC(6)     Scan Heap Roots (ms):          Min:  0.0, Avg:  0.0, Max:  0.1, Diff:  0.1, Sum:  0.3, Workers: 8
[2025-05-20T20:16:44.536+0300][15820][1484 ][debug][gc,phases] GC(6)       Scanned Cards:                 Min: 0, Avg: 29.9, Max: 61, Diff: 61, Sum: 239, Workers: 8
[2025-05-20T20:16:44.536+0300][15820][1484 ][debug][gc,phases] GC(6)       Scanned Blocks:                Min: 0, Avg: 19.6, Max: 39, Diff: 39, Sum: 157, Workers: 8
[2025-05-20T20:16:44.536+0300][15820][1484 ][debug][gc,phases] GC(6)       Claimed Chunks:                Min: 0, Avg:  4.4, Max: 9, Diff: 9, Sum: 35, Workers: 8
[2025-05-20T20:16:44.536+0300][15820][1484 ][debug][gc,phases] GC(6)       Found Roots:                   Min: 0, Avg: 151.1, Max: 385, Diff: 385, Sum: 1209, Workers: 8
[2025-05-20T20:16:44.536+0300][15820][1484 ][debug][gc,phases] GC(6)     Code Root Scan (ms):           Min:  0.1, Avg:  0.3, Max:  0.4, Diff:  0.4, Sum:  2.2, Workers: 8
[2025-05-20T20:16:44.536+0300][15820][1484 ][debug][gc,phases] GC(6)       Scanned Nmethods               Min: 0, Avg: 55.8, Max: 112, Diff: 112, Sum: 446, Workers: 8
[2025-05-20T20:16:44.536+0300][15820][1484 ][debug][gc,phases] GC(6)     Object Copy (ms):              Min:  0.1, Avg:  0.3, Max:  0.5, Diff:  0.3, Sum:  2.4, Workers: 8
[2025-05-20T20:16:44.536+0300][15820][1484 ][debug][gc,phases] GC(6)     Termination (ms):              Min:  0.0, Avg:  0.2, Max:  0.2, Diff:  0.2, Sum:  1.2, Workers: 8
[2025-05-20T20:16:44.536+0300][15820][1484 ][debug][gc,phases] GC(6)       Termination Attempts:          Min: 1, Avg:  1.0, Max: 1, Diff: 0, Sum: 8, Workers: 8
[2025-05-20T20:16:44.536+0300][15820][1484 ][debug][gc,phases] GC(6)     GC Worker Other (ms):          Min:  0.1, Avg:  0.1, Max:  0.2, Diff:  0.1, Sum:  0.9, Workers: 8
[2025-05-20T20:16:44.536+0300][15820][1484 ][debug][gc,phases] GC(6)     GC Worker Total (ms):          Min:  0.9, Avg:  1.0, Max:  1.0, Diff:  0.0, Sum:  7.7, Workers: 8
[2025-05-20T20:16:44.536+0300][15820][1484 ][info ][gc,phases] GC(6)   Post Evacuate Collection Set: 1.1ms
[2025-05-20T20:16:44.536+0300][15820][1484 ][debug][gc,phases] GC(6)     NMethod List Cleanup: 0.1ms
[2025-05-20T20:16:44.536+0300][15820][1484 ][debug][gc,phases] GC(6)     Reference Processing: 0.1ms
[2025-05-20T20:16:44.536+0300][15820][1484 ][debug][gc,phases] GC(6)     Weak Processing: 0.1ms
[2025-05-20T20:16:44.536+0300][15820][1484 ][debug][gc,phases] GC(6)       VM Weak                        Min:  0.0, Avg:  0.0, Max:  0.0, Diff:  0.0, Sum:  0.0, Workers: 8
[2025-05-20T20:16:44.536+0300][15820][1484 ][debug][gc,phases] GC(6)         Dead                           Min: 0, Avg:  0.0, Max: 0, Diff: 0, Sum: 0, Workers: 8
[2025-05-20T20:16:44.536+0300][15820][1484 ][debug][gc,phases] GC(6)         Total                          Min: 0, Avg: 46.9, Max: 128, Diff: 128, Sum: 375, Workers: 8
[2025-05-20T20:16:44.536+0300][15820][1484 ][debug][gc,phases] GC(6)       ObjectSynchronizer Weak        Min:  0.0, Avg:  0.0, Max:  0.0, Diff:  0.0, Sum:  0.0, Workers: 8
[2025-05-20T20:16:44.536+0300][15820][1484 ][debug][gc,phases] GC(6)         Dead                           Min: 0, Avg:  0.0, Max: 0, Diff: 0, Sum: 0, Workers: 8
[2025-05-20T20:16:44.536+0300][15820][1484 ][debug][gc,phases] GC(6)         Total                          Min: 0, Avg: 16.2, Max: 64, Diff: 64, Sum: 130, Workers: 8
[2025-05-20T20:16:44.536+0300][15820][1484 ][debug][gc,phases] GC(6)       JVMTI Tag Weak OopStorage      Min:  0.0, Avg:  0.0, Max:  0.0, Diff:  0.0, Sum:  0.0, Workers: 8
[2025-05-20T20:16:44.536+0300][15820][1484 ][debug][gc,phases] GC(6)         Dead                           Min: 0, Avg:  0.0, Max: 0, Diff: 0, Sum: 0, Workers: 8
[2025-05-20T20:16:44.536+0300][15820][1484 ][debug][gc,phases] GC(6)         Total                          Min: 0, Avg:  0.0, Max: 0, Diff: 0, Sum: 0, Workers: 8
[2025-05-20T20:16:44.536+0300][15820][1484 ][debug][gc,phases] GC(6)       StringTable Weak               Min:  0.0, Avg:  0.0, Max:  0.0, Diff:  0.0, Sum:  0.1, Workers: 8
[2025-05-20T20:16:44.536+0300][15820][1484 ][debug][gc,phases] GC(6)         Dead                           Min: 0, Avg:  0.0, Max: 0, Diff: 0, Sum: 0, Workers: 8
[2025-05-20T20:16:44.536+0300][15820][1484 ][debug][gc,phases] GC(6)         Total                          Min: 0, Avg: 781.4, Max: 960, Diff: 960, Sum: 6251, Workers: 8
[2025-05-20T20:16:44.536+0300][15820][1484 ][debug][gc,phases] GC(6)       ResolvedMethodTable Weak       Min:  0.0, Avg:  0.0, Max:  0.0, Diff:  0.0, Sum:  0.0, Workers: 8
[2025-05-20T20:16:44.536+0300][15820][1484 ][debug][gc,phases] GC(6)         Dead                           Min: 0, Avg:  0.0, Max: 0, Diff: 0, Sum: 0, Workers: 8
[2025-05-20T20:16:44.536+0300][15820][1484 ][debug][gc,phases] GC(6)         Total                          Min: 0, Avg: 109.4, Max: 256, Diff: 256, Sum: 875, Workers: 8
[2025-05-20T20:16:44.536+0300][15820][1484 ][debug][gc,phases] GC(6)       JNI Weak                       Min:  0.0, Avg:  0.0, Max:  0.0, Diff:  0.0, Sum:  0.0, Workers: 8
[2025-05-20T20:16:44.536+0300][15820][1484 ][debug][gc,phases] GC(6)         Dead                           Min: 0, Avg:  0.0, Max: 0, Diff: 0, Sum: 0, Workers: 8
[2025-05-20T20:16:44.536+0300][15820][1484 ][debug][gc,phases] GC(6)         Total                          Min: 0, Avg:  0.0, Max: 0, Diff: 0, Sum: 0, Workers: 8
[2025-05-20T20:16:44.536+0300][15820][1484 ][debug][gc,phases] GC(6)       StringDedup Table Weak         Min:  0.0, Avg:  0.0, Max:  0.0, Diff:  0.0, Sum:  0.0, Workers: 8
[2025-05-20T20:16:44.536+0300][15820][1484 ][debug][gc,phases] GC(6)         Dead                           Min: 0, Avg:  0.0, Max: 0, Diff: 0, Sum: 0, Workers: 8
[2025-05-20T20:16:44.536+0300][15820][1484 ][debug][gc,phases] GC(6)         Total                          Min: 0, Avg:  0.0, Max: 0, Diff: 0, Sum: 0, Workers: 8
[2025-05-20T20:16:44.536+0300][15820][1484 ][debug][gc,phases] GC(6)       StringDedup Requests0 Weak     Min:  0.0, Avg:  0.0, Max:  0.0, Diff:  0.0, Sum:  0.0, Workers: 8
[2025-05-20T20:16:44.536+0300][15820][1484 ][debug][gc,phases] GC(6)         Dead                           Min: 0, Avg:  0.0, Max: 0, Diff: 0, Sum: 0, Workers: 8
[2025-05-20T20:16:44.536+0300][15820][1484 ][debug][gc,phases] GC(6)         Total                          Min: 0, Avg:  0.0, Max: 0, Diff: 0, Sum: 0, Workers: 8
[2025-05-20T20:16:44.536+0300][15820][1484 ][debug][gc,phases] GC(6)       StringDedup Requests1 Weak     Min:  0.0, Avg:  0.0, Max:  0.0, Diff:  0.0, Sum:  0.0, Workers: 8
[2025-05-20T20:16:44.536+0300][15820][1484 ][debug][gc,phases] GC(6)         Dead                           Min: 0, Avg:  0.0, Max: 0, Diff: 0, Sum: 0, Workers: 8
[2025-05-20T20:16:44.536+0300][15820][1484 ][debug][gc,phases] GC(6)         Total                          Min: 0, Avg:  0.0, Max: 0, Diff: 0, Sum: 0, Workers: 8
[2025-05-20T20:16:44.536+0300][15820][1484 ][debug][gc,phases] GC(6)       Weak JFR Old Object Samples    Min:  0.0, Avg:  0.0, Max:  0.0, Diff:  0.0, Sum:  0.0, Workers: 8
[2025-05-20T20:16:44.536+0300][15820][1484 ][debug][gc,phases] GC(6)         Dead                           Min: 0, Avg:  0.0, Max: 0, Diff: 0, Sum: 0, Workers: 8
[2025-05-20T20:16:44.536+0300][15820][1484 ][debug][gc,phases] GC(6)         Total                          Min: 0, Avg:  0.0, Max: 0, Diff: 0, Sum: 0, Workers: 8
[2025-05-20T20:16:44.536+0300][15820][1484 ][debug][gc,phases] GC(6)     Post Evacuate Cleanup 1: 0.4ms
[2025-05-20T20:16:44.536+0300][15820][1484 ][debug][gc,phases] GC(6)       Merge Per-Thread State (ms):   Min:  0.1, Avg:  0.1, Max:  0.1, Diff:  0.0, Sum:  0.1, Workers: 1
[2025-05-20T20:16:44.536+0300][15820][1484 ][debug][gc,phases] GC(6)         Copied Bytes                   Min: 95864, Avg: 199332.0, Max: 282096, Diff: 186232, Sum: 1594656, Workers: 8
[2025-05-20T20:16:44.536+0300][15820][1484 ][debug][gc,phases] GC(6)         LAB Waste                      Min: 48, Avg: 375.0, Max: 1880, Diff: 1832, Sum: 3000, Workers: 8
[2025-05-20T20:16:44.536+0300][15820][1484 ][debug][gc,phases] GC(6)         LAB Undo Waste                 Min: 0, Avg: 17666.0, Max: 141328, Diff: 141328, Sum: 141328, Workers: 8
[2025-05-20T20:16:44.536+0300][15820][1484 ][debug][gc,phases] GC(6)       Clear Logged Cards (ms):       Min:  0.0, Avg:  0.2, Max:  0.3, Diff:  0.3, Sum:  1.4, Workers: 7
[2025-05-20T20:16:44.536+0300][15820][1484 ][debug][gc,phases] GC(6)       Recalculate Used Memory (ms):  Min:  0.0, Avg:  0.0, Max:  0.0, Diff:  0.0, Sum:  0.0, Workers: 1
[2025-05-20T20:16:44.536+0300][15820][1484 ][debug][gc,phases] GC(6)     Post Evacuate Cleanup 2: 0.4ms
[2025-05-20T20:16:44.536+0300][15820][1484 ][debug][gc,phases] GC(6)       Update Derived Pointers (ms):  Min:  0.0, Avg:  0.0, Max:  0.0, Diff:  0.0, Sum:  0.0, Workers: 1
[2025-05-20T20:16:44.536+0300][15820][1484 ][debug][gc,phases] GC(6)       Eagerly Reclaim Humongous Objects (ms): Min:  0.0, Avg:  0.0, Max:  0.0, Diff:  0.0, Sum:  0.0, Workers: 1
[2025-05-20T20:16:44.536+0300][15820][1484 ][debug][gc,phases] GC(6)         Humongous Total                Min: 3, Avg:  3.0, Max: 3, Diff: 0, Sum: 3, Workers: 1
[2025-05-20T20:16:44.536+0300][15820][1484 ][debug][gc,phases] GC(6)         Humongous Candidates           Min: 3, Avg:  3.0, Max: 3, Diff: 0, Sum: 3, Workers: 1
[2025-05-20T20:16:44.536+0300][15820][1484 ][debug][gc,phases] GC(6)         Humongous Reclaimed            Min: 0, Avg:  0.0, Max: 0, Diff: 0, Sum: 0, Workers: 1
[2025-05-20T20:16:44.536+0300][15820][1484 ][debug][gc,phases] GC(6)       Redirty Logged Cards (ms):     Min:  0.0, Avg:  0.0, Max:  0.0, Diff:  0.0, Sum:  0.0, Workers: 8
[2025-05-20T20:16:44.536+0300][15820][1484 ][debug][gc,phases] GC(6)         Redirtied Cards:               Min: 0, Avg: 29.4, Max: 61, Diff: 61, Sum: 235, Workers: 8
[2025-05-20T20:16:44.536+0300][15820][1484 ][debug][gc,phases] GC(6)       Resize TLABs (ms):             Min:  0.0, Avg:  0.0, Max:  0.0, Diff:  0.0, Sum:  0.0, Workers: 8
[2025-05-20T20:16:44.536+0300][15820][1484 ][debug][gc,phases] GC(6)       Free Collection Set (ms):      Min:  0.0, Avg:  0.2, Max:  0.3, Diff:  0.3, Sum:  1.9, Workers: 8
[2025-05-20T20:16:44.536+0300][15820][1484 ][debug][gc,phases] GC(6)     Rebuild Free List: 0.1ms
[2025-05-20T20:16:44.536+0300][15820][1484 ][debug][gc,phases] GC(6)     Prepare For Mutator: 0.0ms
[2025-05-20T20:16:44.536+0300][15820][1484 ][debug][gc,phases] GC(6)     Expand Heap After Collection: 0.0ms
[2025-05-20T20:16:44.536+0300][15820][1484 ][info ][gc,phases] GC(6)   Other: 0.1ms
[2025-05-20T20:16:44.536+0300][15820][1484 ][info ][gc,heap  ] GC(6) Eden regions: 1227->0(1227)
[2025-05-20T20:16:44.536+0300][15820][1484 ][info ][gc,heap  ] GC(6) Survivor regions: 1->1(154)
[2025-05-20T20:16:44.536+0300][15820][1484 ][info ][gc,heap  ] GC(6) Old regions: 8->8
[2025-05-20T20:16:44.536+0300][15820][1484 ][info ][gc,heap  ] GC(6) Humongous regions: 6->6
[2025-05-20T20:16:44.536+0300][15820][1484 ][debug][gc,heap  ] GC(6) Heap after GC invocations=7 (full 1):
[2025-05-20T20:16:44.536+0300][15820][1484 ][debug][gc,heap  ] GC(6)  garbage-first heap   total 4194304K, used 17059K [0x0000000700000000, 0x0000000800000000)
[2025-05-20T20:16:44.536+0300][15820][1484 ][debug][gc,heap  ] GC(6)   region size 2048K, 1 young (2048K), 1 survivors (2048K)
[2025-05-20T20:16:44.536+0300][15820][1484 ][debug][gc,heap  ] GC(6)  Metaspace       used 9006K, committed 9536K, reserved 1114112K
[2025-05-20T20:16:44.536+0300][15820][1484 ][debug][gc,heap  ] GC(6)   class space    used 982K, committed 1216K, reserved 1048576K
[2025-05-20T20:16:44.536+0300][15820][1484 ][info ][gc       ] GC(6) Pause Young (Normal) (G1 Evacuation Pause) 2470M->16M(4096M) 4.230ms
[2025-05-20T20:16:44.536+0300][15820][1484 ][info ][safepoint] Safepoint "G1CollectForAllocation", Time since last: 575818300 ns, Reaching safepoint: 352800 ns, Cleanup: 18600 ns, At safepoint: 4284700 ns, Total: 4656100 ns
[2025-05-20T20:16:45.225+0300][15820][1484 ][debug][safepoint] Safepoint synchronization initiated using striped semaphore wait barrier. (19 threads)
[2025-05-20T20:16:45.225+0300][15820][22388][debug][safepoint] ... found polling page loop exception at pc = 0x0000024710211762, stub =0x000002470fbb6600
[2025-05-20T20:16:45.225+0300][15820][17128][debug][safepoint] ... found polling page loop exception at pc = 0x00000247101b8960, stub =0x000002470fbb5d80
[2025-05-20T20:16:45.225+0300][15820][22856][debug][safepoint] ... found polling page loop exception at pc = 0x000002471026f5cf, stub =0x000002470fbb5d80
[2025-05-20T20:16:45.225+0300][15820][11108][debug][safepoint] ... found polling page loop exception at pc = 0x00000247101b8960, stub =0x000002470fbb5d80
[2025-05-20T20:16:45.225+0300][15820][2608 ][debug][safepoint] ... found polling page loop exception at pc = 0x00000247101cf522, stub =0x000002470fbb6600
[2025-05-20T20:16:45.225+0300][15820][15272][debug][safepoint] ... found polling page loop exception at pc = 0x00000247101b8960, stub =0x000002470fbb5d80
[2025-05-20T20:16:45.225+0300][15820][1484 ][debug][gc,heap  ] GC(7) Heap before GC invocations=7 (full 1):
[2025-05-20T20:16:45.225+0300][15820][1484 ][debug][gc,heap  ] GC(7)  garbage-first heap   total 4194304K, used 2529955K [0x0000000700000000, 0x0000000800000000)
[2025-05-20T20:16:45.225+0300][15820][1484 ][debug][gc,heap  ] GC(7)   region size 2048K, 1228 young (2514944K), 1 survivors (2048K)
[2025-05-20T20:16:45.225+0300][15820][1484 ][debug][gc,heap  ] GC(7)  Metaspace       used 9006K, committed 9536K, reserved 1114112K
[2025-05-20T20:16:45.225+0300][15820][1484 ][debug][gc,heap  ] GC(7)   class space    used 982K, committed 1216K, reserved 1048576K
[2025-05-20T20:16:45.228+0300][15820][1484 ][info ][gc,phases] GC(7)   Pre Evacuate Collection Set: 0.3ms
[2025-05-20T20:16:45.228+0300][15820][1484 ][debug][gc,phases] GC(7)     Pre Evacuate Prepare: 0.1ms
[2025-05-20T20:16:45.228+0300][15820][1484 ][debug][gc,phases] GC(7)       JT Retire TLABs And Flush Logs (ms): Min:  0.0, Avg:  0.0, Max:  0.0, Diff:  0.0, Sum:  0.0, Workers: 2
[2025-05-20T20:16:45.228+0300][15820][1484 ][debug][gc,phases] GC(7)       Non-JT Flush Logs (ms):        Min:  0.0, Avg:  0.0, Max:  0.0, Diff:  0.0, Sum:  0.0, Workers: 1
[2025-05-20T20:16:45.228+0300][15820][1484 ][debug][gc,phases] GC(7)     Choose Collection Set: 0.0ms
[2025-05-20T20:16:45.228+0300][15820][1484 ][debug][gc,phases] GC(7)     Region Register: 0.3ms
[2025-05-20T20:16:45.228+0300][15820][1484 ][debug][gc,phases] GC(7)     Prepare Heap Roots: 0.0ms
[2025-05-20T20:16:45.228+0300][15820][1484 ][info ][gc,phases] GC(7)   Merge Heap Roots: 0.1ms
[2025-05-20T20:16:45.228+0300][15820][1484 ][debug][gc,phases] GC(7)     Prepare Merge Heap Roots: 0.0ms
[2025-05-20T20:16:45.228+0300][15820][1484 ][debug][gc,phases] GC(7)     Remembered Sets (ms):          Min:  0.1, Avg:  0.1, Max:  0.1, Diff:  0.0, Sum:  0.6, Workers: 8
[2025-05-20T20:16:45.228+0300][15820][1484 ][debug][gc,phases] GC(7)       Eager Reclaim (ms):            Min:  0.0, Avg:  0.0, Max:  0.0, Diff:  0.0, Sum:  0.0, Workers: 1
[2025-05-20T20:16:45.228+0300][15820][1484 ][debug][gc,phases] GC(7)       Merged Inline                  Min: 0, Avg:  0.0, Max: 0, Diff: 0, Sum: 0, Workers: 8
[2025-05-20T20:16:45.228+0300][15820][1484 ][debug][gc,phases] GC(7)       Merged ArrayOfCards            Min: 0, Avg:  0.0, Max: 0, Diff: 0, Sum: 0, Workers: 8
[2025-05-20T20:16:45.228+0300][15820][1484 ][debug][gc,phases] GC(7)       Merged Howl                    Min: 0, Avg:  0.0, Max: 0, Diff: 0, Sum: 0, Workers: 8
[2025-05-20T20:16:45.228+0300][15820][1484 ][debug][gc,phases] GC(7)       Merged Full                    Min: 0, Avg:  0.0, Max: 0, Diff: 0, Sum: 0, Workers: 8
[2025-05-20T20:16:45.228+0300][15820][1484 ][debug][gc,phases] GC(7)       Merged Howl Inline             Min: 0, Avg:  0.0, Max: 0, Diff: 0, Sum: 0, Workers: 8
[2025-05-20T20:16:45.228+0300][15820][1484 ][debug][gc,phases] GC(7)       Merged Howl ArrayOfCards       Min: 0, Avg:  0.0, Max: 0, Diff: 0, Sum: 0, Workers: 8
[2025-05-20T20:16:45.228+0300][15820][1484 ][debug][gc,phases] GC(7)       Merged Howl BitMap             Min: 0, Avg:  0.0, Max: 0, Diff: 0, Sum: 0, Workers: 8
[2025-05-20T20:16:45.228+0300][15820][1484 ][debug][gc,phases] GC(7)       Merged Howl Full               Min: 0, Avg:  0.0, Max: 0, Diff: 0, Sum: 0, Workers: 8
[2025-05-20T20:16:45.228+0300][15820][1484 ][debug][gc,phases] GC(7)       Merged Cards                   Min: 8, Avg:  9.0, Max: 16, Diff: 8, Sum: 72, Workers: 8
[2025-05-20T20:16:45.228+0300][15820][1484 ][debug][gc,phases] GC(7)     Log Buffers (ms):              Min:  0.0, Avg:  0.0, Max:  0.0, Diff:  0.0, Sum:  0.0, Workers: 8
[2025-05-20T20:16:45.228+0300][15820][1484 ][debug][gc,phases] GC(7)       Dirty Cards:                   Min: 0, Avg: 29.9, Max: 108, Diff: 108, Sum: 239, Workers: 8
[2025-05-20T20:16:45.228+0300][15820][1484 ][debug][gc,phases] GC(7)       Skipped Cards:                 Min: 0, Avg:  0.0, Max: 0, Diff: 0, Sum: 0, Workers: 8
[2025-05-20T20:16:45.228+0300][15820][1484 ][info ][gc,phases] GC(7)   Evacuate Collection Set: 1.0ms
[2025-05-20T20:16:45.228+0300][15820][1484 ][debug][gc,phases] GC(7)     Ext Root Scanning (ms):        Min:  0.0, Avg:  0.1, Max:  0.4, Diff:  0.3, Sum:  0.7, Workers: 8
[2025-05-20T20:16:45.228+0300][15820][1484 ][debug][gc,phases] GC(7)     Scan Heap Roots (ms):          Min:  0.0, Avg:  0.0, Max:  0.1, Diff:  0.1, Sum:  0.3, Workers: 8
[2025-05-20T20:16:45.228+0300][15820][1484 ][debug][gc,phases] GC(7)       Scanned Cards:                 Min: 0, Avg: 29.9, Max: 57, Diff: 57, Sum: 239, Workers: 8
[2025-05-20T20:16:45.228+0300][15820][1484 ][debug][gc,phases] GC(7)       Scanned Blocks:                Min: 0, Avg: 19.6, Max: 39, Diff: 39, Sum: 157, Workers: 8
[2025-05-20T20:16:45.228+0300][15820][1484 ][debug][gc,phases] GC(7)       Claimed Chunks:                Min: 0, Avg:  4.4, Max: 9, Diff: 9, Sum: 35, Workers: 8
[2025-05-20T20:16:45.228+0300][15820][1484 ][debug][gc,phases] GC(7)       Found Roots:                   Min: 0, Avg: 151.1, Max: 350, Diff: 350, Sum: 1209, Workers: 8
[2025-05-20T20:16:45.228+0300][15820][1484 ][debug][gc,phases] GC(7)     Code Root Scan (ms):           Min:  0.1, Avg:  0.3, Max:  0.4, Diff:  0.3, Sum:  2.1, Workers: 8
[2025-05-20T20:16:45.228+0300][15820][1484 ][debug][gc,phases] GC(7)       Scanned Nmethods               Min: 0, Avg: 56.1, Max: 105, Diff: 105, Sum: 449, Workers: 8
[2025-05-20T20:16:45.228+0300][15820][1484 ][debug][gc,phases] GC(7)     Object Copy (ms):              Min:  0.2, Avg:  0.3, Max:  0.5, Diff:  0.3, Sum:  2.3, Workers: 8
[2025-05-20T20:16:45.228+0300][15820][1484 ][debug][gc,phases] GC(7)     Termination (ms):              Min:  0.0, Avg:  0.2, Max:  0.2, Diff:  0.2, Sum:  1.5, Workers: 8
[2025-05-20T20:16:45.228+0300][15820][1484 ][debug][gc,phases] GC(7)       Termination Attempts:          Min: 1, Avg:  1.1, Max: 2, Diff: 1, Sum: 9, Workers: 8
[2025-05-20T20:16:45.228+0300][15820][1484 ][debug][gc,phases] GC(7)     GC Worker Other (ms):          Min:  0.1, Avg:  0.1, Max:  0.1, Diff:  0.0, Sum:  0.7, Workers: 8
[2025-05-20T20:16:45.228+0300][15820][1484 ][debug][gc,phases] GC(7)     GC Worker Total (ms):          Min:  1.0, Avg:  1.0, Max:  1.0, Diff:  0.0, Sum:  7.7, Workers: 8
[2025-05-20T20:16:45.228+0300][15820][1484 ][info ][gc,phases] GC(7)   Post Evacuate Collection Set: 1.1ms
[2025-05-20T20:16:45.228+0300][15820][1484 ][debug][gc,phases] GC(7)     NMethod List Cleanup: 0.1ms
[2025-05-20T20:16:45.228+0300][15820][1484 ][debug][gc,phases] GC(7)     Reference Processing: 0.2ms
[2025-05-20T20:16:45.228+0300][15820][1484 ][debug][gc,phases] GC(7)     Weak Processing: 0.1ms
[2025-05-20T20:16:45.228+0300][15820][1484 ][debug][gc,phases] GC(7)       VM Weak                        Min:  0.0, Avg:  0.0, Max:  0.0, Diff:  0.0, Sum:  0.0, Workers: 8
[2025-05-20T20:16:45.228+0300][15820][1484 ][debug][gc,phases] GC(7)         Dead                           Min: 0, Avg:  0.0, Max: 0, Diff: 0, Sum: 0, Workers: 8
[2025-05-20T20:16:45.228+0300][15820][1484 ][debug][gc,phases] GC(7)         Total                          Min: 0, Avg: 46.9, Max: 183, Diff: 183, Sum: 375, Workers: 8
[2025-05-20T20:16:45.228+0300][15820][1484 ][debug][gc,phases] GC(7)       ObjectSynchronizer Weak        Min:  0.0, Avg:  0.0, Max:  0.0, Diff:  0.0, Sum:  0.0, Workers: 8
[2025-05-20T20:16:45.228+0300][15820][1484 ][debug][gc,phases] GC(7)         Dead                           Min: 0, Avg:  0.0, Max: 0, Diff: 0, Sum: 0, Workers: 8
[2025-05-20T20:16:45.228+0300][15820][1484 ][debug][gc,phases] GC(7)         Total                          Min: 0, Avg: 16.2, Max: 64, Diff: 64, Sum: 130, Workers: 8
[2025-05-20T20:16:45.228+0300][15820][1484 ][debug][gc,phases] GC(7)       JVMTI Tag Weak OopStorage      Min:  0.0, Avg:  0.0, Max:  0.0, Diff:  0.0, Sum:  0.0, Workers: 8
[2025-05-20T20:16:45.228+0300][15820][1484 ][debug][gc,phases] GC(7)         Dead                           Min: 0, Avg:  0.0, Max: 0, Diff: 0, Sum: 0, Workers: 8
[2025-05-20T20:16:45.228+0300][15820][1484 ][debug][gc,phases] GC(7)         Total                          Min: 0, Avg:  0.0, Max: 0, Diff: 0, Sum: 0, Workers: 8
[2025-05-20T20:16:45.228+0300][15820][1484 ][debug][gc,phases] GC(7)       StringTable Weak               Min:  0.0, Avg:  0.0, Max:  0.0, Diff:  0.0, Sum:  0.2, Workers: 8
[2025-05-20T20:16:45.228+0300][15820][1484 ][debug][gc,phases] GC(7)         Dead                           Min: 0, Avg:  0.0, Max: 0, Diff: 0, Sum: 0, Workers: 8
[2025-05-20T20:16:45.228+0300][15820][1484 ][debug][gc,phases] GC(7)         Total                          Min: 0, Avg: 781.4, Max: 1408, Diff: 1408, Sum: 6251, Workers: 8
[2025-05-20T20:16:45.228+0300][15820][1484 ][debug][gc,phases] GC(7)       ResolvedMethodTable Weak       Min:  0.0, Avg:  0.0, Max:  0.0, Diff:  0.0, Sum:  0.0, Workers: 8
[2025-05-20T20:16:45.228+0300][15820][1484 ][debug][gc,phases] GC(7)         Dead                           Min: 0, Avg:  0.0, Max: 0, Diff: 0, Sum: 0, Workers: 8
[2025-05-20T20:16:45.228+0300][15820][1484 ][debug][gc,phases] GC(7)         Total                          Min: 0, Avg: 109.4, Max: 192, Diff: 192, Sum: 875, Workers: 8
[2025-05-20T20:16:45.228+0300][15820][1484 ][debug][gc,phases] GC(7)       JNI Weak                       Min:  0.0, Avg:  0.0, Max:  0.0, Diff:  0.0, Sum:  0.0, Workers: 8
[2025-05-20T20:16:45.228+0300][15820][1484 ][debug][gc,phases] GC(7)         Dead                           Min: 0, Avg:  0.0, Max: 0, Diff: 0, Sum: 0, Workers: 8
[2025-05-20T20:16:45.228+0300][15820][1484 ][debug][gc,phases] GC(7)         Total                          Min: 0, Avg:  0.0, Max: 0, Diff: 0, Sum: 0, Workers: 8
[2025-05-20T20:16:45.228+0300][15820][1484 ][debug][gc,phases] GC(7)       StringDedup Table Weak         Min:  0.0, Avg:  0.0, Max:  0.0, Diff:  0.0, Sum:  0.0, Workers: 8
[2025-05-20T20:16:45.228+0300][15820][1484 ][debug][gc,phases] GC(7)         Dead                           Min: 0, Avg:  0.0, Max: 0, Diff: 0, Sum: 0, Workers: 8
[2025-05-20T20:16:45.228+0300][15820][1484 ][debug][gc,phases] GC(7)         Total                          Min: 0, Avg:  0.0, Max: 0, Diff: 0, Sum: 0, Workers: 8
[2025-05-20T20:16:45.228+0300][15820][1484 ][debug][gc,phases] GC(7)       StringDedup Requests0 Weak     Min:  0.0, Avg:  0.0, Max:  0.0, Diff:  0.0, Sum:  0.0, Workers: 8
[2025-05-20T20:16:45.228+0300][15820][1484 ][debug][gc,phases] GC(7)         Dead                           Min: 0, Avg:  0.0, Max: 0, Diff: 0, Sum: 0, Workers: 8
[2025-05-20T20:16:45.228+0300][15820][1484 ][debug][gc,phases] GC(7)         Total                          Min: 0, Avg:  0.0, Max: 0, Diff: 0, Sum: 0, Workers: 8
[2025-05-20T20:16:45.228+0300][15820][1484 ][debug][gc,phases] GC(7)       StringDedup Requests1 Weak     Min:  0.0, Avg:  0.0, Max:  0.0, Diff:  0.0, Sum:  0.0, Workers: 8
[2025-05-20T20:16:45.228+0300][15820][1484 ][debug][gc,phases] GC(7)         Dead                           Min: 0, Avg:  0.0, Max: 0, Diff: 0, Sum: 0, Workers: 8
[2025-05-20T20:16:45.228+0300][15820][1484 ][debug][gc,phases] GC(7)         Total                          Min: 0, Avg:  0.0, Max: 0, Diff: 0, Sum: 0, Workers: 8
[2025-05-20T20:16:45.228+0300][15820][1484 ][debug][gc,phases] GC(7)       Weak JFR Old Object Samples    Min:  0.0, Avg:  0.0, Max:  0.0, Diff:  0.0, Sum:  0.0, Workers: 8
[2025-05-20T20:16:45.228+0300][15820][1484 ][debug][gc,phases] GC(7)         Dead                           Min: 0, Avg:  0.0, Max: 0, Diff: 0, Sum: 0, Workers: 8
[2025-05-20T20:16:45.228+0300][15820][1484 ][debug][gc,phases] GC(7)         Total                          Min: 0, Avg:  0.0, Max: 0, Diff: 0, Sum: 0, Workers: 8
[2025-05-20T20:16:45.228+0300][15820][1484 ][debug][gc,phases] GC(7)     Post Evacuate Cleanup 1: 0.4ms
[2025-05-20T20:16:45.228+0300][15820][1484 ][debug][gc,phases] GC(7)       Merge Per-Thread State (ms):   Min:  0.1, Avg:  0.1, Max:  0.1, Diff:  0.0, Sum:  0.1, Workers: 1
[2025-05-20T20:16:45.228+0300][15820][1484 ][debug][gc,phases] GC(7)         Copied Bytes                   Min: 61536, Avg: 200955.0, Max: 423248, Diff: 361712, Sum: 1607640, Workers: 8
[2025-05-20T20:16:45.228+0300][15820][1484 ][debug][gc,phases] GC(7)         LAB Waste                      Min: 32, Avg: 194.0, Max: 488, Diff: 456, Sum: 1552, Workers: 8
[2025-05-20T20:16:45.228+0300][15820][1484 ][debug][gc,phases] GC(7)         LAB Undo Waste                 Min: 0, Avg: 17666.0, Max: 141328, Diff: 141328, Sum: 141328, Workers: 8
[2025-05-20T20:16:45.228+0300][15820][1484 ][debug][gc,phases] GC(7)       Clear Logged Cards (ms):       Min:  0.0, Avg:  0.2, Max:  0.3, Diff:  0.3, Sum:  1.4, Workers: 7
[2025-05-20T20:16:45.228+0300][15820][1484 ][debug][gc,phases] GC(7)       Recalculate Used Memory (ms):  Min:  0.0, Avg:  0.0, Max:  0.0, Diff:  0.0, Sum:  0.0, Workers: 1
[2025-05-20T20:16:45.228+0300][15820][1484 ][debug][gc,phases] GC(7)     Post Evacuate Cleanup 2: 0.3ms
[2025-05-20T20:16:45.228+0300][15820][1484 ][debug][gc,phases] GC(7)       Update Derived Pointers (ms):  Min:  0.0, Avg:  0.0, Max:  0.0, Diff:  0.0, Sum:  0.0, Workers: 1
[2025-05-20T20:16:45.228+0300][15820][1484 ][debug][gc,phases] GC(7)       Eagerly Reclaim Humongous Objects (ms): Min:  0.0, Avg:  0.0, Max:  0.0, Diff:  0.0, Sum:  0.0, Workers: 1
[2025-05-20T20:16:45.228+0300][15820][1484 ][debug][gc,phases] GC(7)         Humongous Total                Min: 3, Avg:  3.0, Max: 3, Diff: 0, Sum: 3, Workers: 1
[2025-05-20T20:16:45.228+0300][15820][1484 ][debug][gc,phases] GC(7)         Humongous Candidates           Min: 3, Avg:  3.0, Max: 3, Diff: 0, Sum: 3, Workers: 1
[2025-05-20T20:16:45.228+0300][15820][1484 ][debug][gc,phases] GC(7)         Humongous Reclaimed            Min: 0, Avg:  0.0, Max: 0, Diff: 0, Sum: 0, Workers: 1
[2025-05-20T20:16:45.228+0300][15820][1484 ][debug][gc,phases] GC(7)       Redirty Logged Cards (ms):     Min:  0.0, Avg:  0.0, Max:  0.0, Diff:  0.0, Sum:  0.0, Workers: 8
[2025-05-20T20:16:45.228+0300][15820][1484 ][debug][gc,phases] GC(7)         Redirtied Cards:               Min: 0, Avg: 29.4, Max: 153, Diff: 153, Sum: 235, Workers: 8
[2025-05-20T20:16:45.228+0300][15820][1484 ][debug][gc,phases] GC(7)       Resize TLABs (ms):             Min:  0.0, Avg:  0.0, Max:  0.0, Diff:  0.0, Sum:  0.0, Workers: 8
[2025-05-20T20:16:45.228+0300][15820][1484 ][debug][gc,phases] GC(7)       Free Collection Set (ms):      Min:  0.2, Avg:  0.2, Max:  0.2, Diff:  0.0, Sum:  1.8, Workers: 8
[2025-05-20T20:16:45.228+0300][15820][1484 ][debug][gc,phases] GC(7)     Rebuild Free List: 0.1ms
[2025-05-20T20:16:45.228+0300][15820][1484 ][debug][gc,phases] GC(7)     Prepare For Mutator: 0.0ms
[2025-05-20T20:16:45.228+0300][15820][1484 ][debug][gc,phases] GC(7)     Expand Heap After Collection: 0.0ms
[2025-05-20T20:16:45.228+0300][15820][1484 ][info ][gc,phases] GC(7)   Other: 0.1ms
[2025-05-20T20:16:45.228+0300][15820][1484 ][info ][gc,heap  ] GC(7) Eden regions: 1227->0(1227)
[2025-05-20T20:16:45.228+0300][15820][1484 ][info ][gc,heap  ] GC(7) Survivor regions: 1->1(154)
[2025-05-20T20:16:45.228+0300][15820][1484 ][info ][gc,heap  ] GC(7) Old regions: 8->8
[2025-05-20T20:16:45.228+0300][15820][1484 ][info ][gc,heap  ] GC(7) Humongous regions: 6->6
[2025-05-20T20:16:45.228+0300][15820][1484 ][debug][gc,heap  ] GC(7) Heap after GC invocations=8 (full 1):
[2025-05-20T20:16:45.228+0300][15820][1484 ][debug][gc,heap  ] GC(7)  garbage-first heap   total 4194304K, used 17114K [0x0000000700000000, 0x0000000800000000)
[2025-05-20T20:16:45.228+0300][15820][1484 ][debug][gc,heap  ] GC(7)   region size 2048K, 1 young (2048K), 1 survivors (2048K)
[2025-05-20T20:16:45.228+0300][15820][1484 ][debug][gc,heap  ] GC(7)  Metaspace       used 9006K, committed 9536K, reserved 1114112K
[2025-05-20T20:16:45.228+0300][15820][1484 ][debug][gc,heap  ] GC(7)   class space    used 982K, committed 1216K, reserved 1048576K
[2025-05-20T20:16:45.228+0300][15820][1484 ][info ][gc       ] GC(7) Pause Young (Normal) (G1 Evacuation Pause) 2470M->16M(4096M) 4.008ms
[2025-05-20T20:16:45.228+0300][15820][1484 ][info ][safepoint] Safepoint "G1CollectForAllocation", Time since last: 684598500 ns, Reaching safepoint: 388100 ns, Cleanup: 25900 ns, At safepoint: 4064600 ns, Total: 4478600 ns
[2025-05-20T20:16:46.076+0300][15820][1484 ][debug][safepoint] Safepoint synchronization initiated using striped semaphore wait barrier. (19 threads)
[2025-05-20T20:16:46.076+0300][15820][15272][debug][safepoint] ... found polling page loop exception at pc = 0x00000247101b8960, stub =0x000002470fbb5d80
[2025-05-20T20:16:46.076+0300][15820][1800 ][debug][safepoint] ... found polling page loop exception at pc = 0x00000247101b8960, stub =0x000002470fbb5d80
[2025-05-20T20:16:46.076+0300][15820][22856][debug][safepoint] ... found polling page loop exception at pc = 0x00000247101b8960, stub =0x000002470fbb5d80
[2025-05-20T20:16:46.076+0300][15820][17128][debug][safepoint] ... found polling page loop exception at pc = 0x00000247101b8960, stub =0x000002470fbb5d80
[2025-05-20T20:16:46.076+0300][15820][1484 ][debug][gc,heap  ] GC(8) Heap before GC invocations=8 (full 1):
[2025-05-20T20:16:46.076+0300][15820][1484 ][debug][gc,heap  ] GC(8)  garbage-first heap   total 4194304K, used 2530010K [0x0000000700000000, 0x0000000800000000)
[2025-05-20T20:16:46.076+0300][15820][1484 ][debug][gc,heap  ] GC(8)   region size 2048K, 1228 young (2514944K), 1 survivors (2048K)
[2025-05-20T20:16:46.076+0300][15820][1484 ][debug][gc,heap  ] GC(8)  Metaspace       used 9010K, committed 9536K, reserved 1114112K
[2025-05-20T20:16:46.076+0300][15820][1484 ][debug][gc,heap  ] GC(8)   class space    used 982K, committed 1216K, reserved 1048576K
[2025-05-20T20:16:46.081+0300][15820][1484 ][info ][gc,phases] GC(8)   Pre Evacuate Collection Set: 0.4ms
[2025-05-20T20:16:46.081+0300][15820][1484 ][debug][gc,phases] GC(8)     Pre Evacuate Prepare: 0.1ms
[2025-05-20T20:16:46.081+0300][15820][1484 ][debug][gc,phases] GC(8)       JT Retire TLABs And Flush Logs (ms): Min:  0.0, Avg:  0.0, Max:  0.0, Diff:  0.0, Sum:  0.0, Workers: 2
[2025-05-20T20:16:46.081+0300][15820][1484 ][debug][gc,phases] GC(8)       Non-JT Flush Logs (ms):        Min:  0.0, Avg:  0.0, Max:  0.0, Diff:  0.0, Sum:  0.0, Workers: 1
[2025-05-20T20:16:46.081+0300][15820][1484 ][debug][gc,phases] GC(8)     Choose Collection Set: 0.0ms
[2025-05-20T20:16:46.081+0300][15820][1484 ][debug][gc,phases] GC(8)     Region Register: 0.3ms
[2025-05-20T20:16:46.081+0300][15820][1484 ][debug][gc,phases] GC(8)     Prepare Heap Roots: 0.0ms
[2025-05-20T20:16:46.081+0300][15820][1484 ][info ][gc,phases] GC(8)   Merge Heap Roots: 0.3ms
[2025-05-20T20:16:46.081+0300][15820][1484 ][debug][gc,phases] GC(8)     Prepare Merge Heap Roots: 0.0ms
[2025-05-20T20:16:46.081+0300][15820][1484 ][debug][gc,phases] GC(8)     Remembered Sets (ms):          Min:  0.0, Avg:  0.1, Max:  0.2, Diff:  0.1, Sum:  1.2, Workers: 8
[2025-05-20T20:16:46.081+0300][15820][1484 ][debug][gc,phases] GC(8)       Eager Reclaim (ms):            Min:  0.0, Avg:  0.0, Max:  0.0, Diff:  0.0, Sum:  0.0, Workers: 1
[2025-05-20T20:16:46.081+0300][15820][1484 ][debug][gc,phases] GC(8)       Merged Inline                  Min: 0, Avg:  0.0, Max: 0, Diff: 0, Sum: 0, Workers: 8
[2025-05-20T20:16:46.081+0300][15820][1484 ][debug][gc,phases] GC(8)       Merged ArrayOfCards            Min: 0, Avg:  0.0, Max: 0, Diff: 0, Sum: 0, Workers: 8
[2025-05-20T20:16:46.081+0300][15820][1484 ][debug][gc,phases] GC(8)       Merged Howl                    Min: 0, Avg:  0.0, Max: 0, Diff: 0, Sum: 0, Workers: 8
[2025-05-20T20:16:46.081+0300][15820][1484 ][debug][gc,phases] GC(8)       Merged Full                    Min: 0, Avg:  0.0, Max: 0, Diff: 0, Sum: 0, Workers: 8
[2025-05-20T20:16:46.081+0300][15820][1484 ][debug][gc,phases] GC(8)       Merged Howl Inline             Min: 0, Avg:  0.0, Max: 0, Diff: 0, Sum: 0, Workers: 8
[2025-05-20T20:16:46.081+0300][15820][1484 ][debug][gc,phases] GC(8)       Merged Howl ArrayOfCards       Min: 0, Avg:  0.0, Max: 0, Diff: 0, Sum: 0, Workers: 8
[2025-05-20T20:16:46.081+0300][15820][1484 ][debug][gc,phases] GC(8)       Merged Howl BitMap             Min: 0, Avg:  0.0, Max: 0, Diff: 0, Sum: 0, Workers: 8
[2025-05-20T20:16:46.081+0300][15820][1484 ][debug][gc,phases] GC(8)       Merged Howl Full               Min: 0, Avg:  0.0, Max: 0, Diff: 0, Sum: 0, Workers: 8
[2025-05-20T20:16:46.081+0300][15820][1484 ][debug][gc,phases] GC(8)       Merged Cards                   Min: 8, Avg:  9.0, Max: 16, Diff: 8, Sum: 72, Workers: 8
[2025-05-20T20:16:46.081+0300][15820][1484 ][debug][gc,phases] GC(8)     Log Buffers (ms):              Min:  0.0, Avg:  0.0, Max:  0.0, Diff:  0.0, Sum:  0.0, Workers: 8
[2025-05-20T20:16:46.081+0300][15820][1484 ][debug][gc,phases] GC(8)       Dirty Cards:                   Min: 0, Avg: 29.9, Max: 93, Diff: 93, Sum: 239, Workers: 8
[2025-05-20T20:16:46.081+0300][15820][1484 ][debug][gc,phases] GC(8)       Skipped Cards:                 Min: 0, Avg:  0.0, Max: 0, Diff: 0, Sum: 0, Workers: 8
[2025-05-20T20:16:46.081+0300][15820][1484 ][info ][gc,phases] GC(8)   Evacuate Collection Set: 1.6ms
[2025-05-20T20:16:46.081+0300][15820][1484 ][debug][gc,phases] GC(8)     Ext Root Scanning (ms):        Min:  0.0, Avg:  0.1, Max:  0.5, Diff:  0.5, Sum:  1.0, Workers: 8
[2025-05-20T20:16:46.081+0300][15820][1484 ][debug][gc,phases] GC(8)     Scan Heap Roots (ms):          Min:  0.0, Avg:  0.1, Max:  0.1, Diff:  0.1, Sum:  0.5, Workers: 8
[2025-05-20T20:16:46.081+0300][15820][1484 ][debug][gc,phases] GC(8)       Scanned Cards:                 Min: 0, Avg: 29.9, Max: 70, Diff: 70, Sum: 239, Workers: 8
[2025-05-20T20:16:46.081+0300][15820][1484 ][debug][gc,phases] GC(8)       Scanned Blocks:                Min: 0, Avg: 19.6, Max: 51, Diff: 51, Sum: 157, Workers: 8
[2025-05-20T20:16:46.081+0300][15820][1484 ][debug][gc,phases] GC(8)       Claimed Chunks:                Min: 0, Avg:  4.4, Max: 9, Diff: 9, Sum: 35, Workers: 8
[2025-05-20T20:16:46.081+0300][15820][1484 ][debug][gc,phases] GC(8)       Found Roots:                   Min: 0, Avg: 151.1, Max: 418, Diff: 418, Sum: 1209, Workers: 8
[2025-05-20T20:16:46.081+0300][15820][1484 ][debug][gc,phases] GC(8)     Code Root Scan (ms):           Min:  0.1, Avg:  0.4, Max:  0.6, Diff:  0.5, Sum:  3.3, Workers: 8
[2025-05-20T20:16:46.081+0300][15820][1484 ][debug][gc,phases] GC(8)       Scanned Nmethods               Min: 0, Avg: 56.4, Max: 119, Diff: 119, Sum: 451, Workers: 8
[2025-05-20T20:16:46.081+0300][15820][1484 ][debug][gc,phases] GC(8)     Object Copy (ms):              Min:  0.0, Avg:  0.4, Max:  0.7, Diff:  0.7, Sum:  3.4, Workers: 8
[2025-05-20T20:16:46.081+0300][15820][1484 ][debug][gc,phases] GC(8)     Termination (ms):              Min:  0.0, Avg:  0.3, Max:  0.3, Diff:  0.3, Sum:  2.0, Workers: 8
[2025-05-20T20:16:46.081+0300][15820][1484 ][debug][gc,phases] GC(8)       Termination Attempts:          Min: 1, Avg:  1.0, Max: 1, Diff: 0, Sum: 8, Workers: 8
[2025-05-20T20:16:46.081+0300][15820][1484 ][debug][gc,phases] GC(8)     GC Worker Other (ms):          Min:  0.1, Avg:  0.1, Max:  0.1, Diff:  0.0, Sum:  1.1, Workers: 8
[2025-05-20T20:16:46.081+0300][15820][1484 ][debug][gc,phases] GC(8)     GC Worker Total (ms):          Min:  0.3, Avg:  1.4, Max:  1.6, Diff:  1.3, Sum: 11.2, Workers: 8
[2025-05-20T20:16:46.081+0300][15820][1484 ][info ][gc,phases] GC(8)   Post Evacuate Collection Set: 1.5ms
[2025-05-20T20:16:46.081+0300][15820][1484 ][debug][gc,phases] GC(8)     NMethod List Cleanup: 0.1ms
[2025-05-20T20:16:46.081+0300][15820][1484 ][debug][gc,phases] GC(8)     Reference Processing: 0.2ms
[2025-05-20T20:16:46.081+0300][15820][1484 ][debug][gc,phases] GC(8)     Weak Processing: 0.1ms
[2025-05-20T20:16:46.081+0300][15820][1484 ][debug][gc,phases] GC(8)       VM Weak                        Min:  0.0, Avg:  0.0, Max:  0.0, Diff:  0.0, Sum:  0.0, Workers: 8
[2025-05-20T20:16:46.081+0300][15820][1484 ][debug][gc,phases] GC(8)         Dead                           Min: 0, Avg:  0.0, Max: 0, Diff: 0, Sum: 0, Workers: 8
[2025-05-20T20:16:46.081+0300][15820][1484 ][debug][gc,phases] GC(8)         Total                          Min: 0, Avg: 46.9, Max: 128, Diff: 128, Sum: 375, Workers: 8
[2025-05-20T20:16:46.081+0300][15820][1484 ][debug][gc,phases] GC(8)       ObjectSynchronizer Weak        Min:  0.0, Avg:  0.0, Max:  0.0, Diff:  0.0, Sum:  0.0, Workers: 8
[2025-05-20T20:16:46.081+0300][15820][1484 ][debug][gc,phases] GC(8)         Dead                           Min: 0, Avg:  0.0, Max: 0, Diff: 0, Sum: 0, Workers: 8
[2025-05-20T20:16:46.081+0300][15820][1484 ][debug][gc,phases] GC(8)         Total                          Min: 0, Avg: 16.2, Max: 64, Diff: 64, Sum: 130, Workers: 8
[2025-05-20T20:16:46.081+0300][15820][1484 ][debug][gc,phases] GC(8)       JVMTI Tag Weak OopStorage      Min:  0.0, Avg:  0.0, Max:  0.0, Diff:  0.0, Sum:  0.0, Workers: 8
[2025-05-20T20:16:46.081+0300][15820][1484 ][debug][gc,phases] GC(8)         Dead                           Min: 0, Avg:  0.0, Max: 0, Diff: 0, Sum: 0, Workers: 8
[2025-05-20T20:16:46.081+0300][15820][1484 ][debug][gc,phases] GC(8)         Total                          Min: 0, Avg:  0.0, Max: 0, Diff: 0, Sum: 0, Workers: 8
[2025-05-20T20:16:46.081+0300][15820][1484 ][debug][gc,phases] GC(8)       StringTable Weak               Min:  0.0, Avg:  0.0, Max:  0.0, Diff:  0.0, Sum:  0.2, Workers: 8
[2025-05-20T20:16:46.081+0300][15820][1484 ][debug][gc,phases] GC(8)         Dead                           Min: 0, Avg:  0.0, Max: 0, Diff: 0, Sum: 0, Workers: 8
[2025-05-20T20:16:46.081+0300][15820][1484 ][debug][gc,phases] GC(8)         Total                          Min: 0, Avg: 781.4, Max: 1387, Diff: 1387, Sum: 6251, Workers: 8
[2025-05-20T20:16:46.081+0300][15820][1484 ][debug][gc,phases] GC(8)       ResolvedMethodTable Weak       Min:  0.0, Avg:  0.0, Max:  0.0, Diff:  0.0, Sum:  0.0, Workers: 8
[2025-05-20T20:16:46.081+0300][15820][1484 ][debug][gc,phases] GC(8)         Dead                           Min: 0, Avg:  0.0, Max: 0, Diff: 0, Sum: 0, Workers: 8
[2025-05-20T20:16:46.081+0300][15820][1484 ][debug][gc,phases] GC(8)         Total                          Min: 0, Avg: 109.4, Max: 256, Diff: 256, Sum: 875, Workers: 8
[2025-05-20T20:16:46.081+0300][15820][1484 ][debug][gc,phases] GC(8)       JNI Weak                       Min:  0.0, Avg:  0.0, Max:  0.0, Diff:  0.0, Sum:  0.0, Workers: 8
[2025-05-20T20:16:46.081+0300][15820][1484 ][debug][gc,phases] GC(8)         Dead                           Min: 0, Avg:  0.0, Max: 0, Diff: 0, Sum: 0, Workers: 8
[2025-05-20T20:16:46.081+0300][15820][1484 ][debug][gc,phases] GC(8)         Total                          Min: 0, Avg:  0.0, Max: 0, Diff: 0, Sum: 0, Workers: 8
[2025-05-20T20:16:46.084+0300][15820][1484 ][debug][gc,phases] GC(8)       StringDedup Table Weak         Min:  0.0, Avg:  0.0, Max:  0.0, Diff:  0.0, Sum:  0.0, Workers: 8
[2025-05-20T20:16:46.084+0300][15820][1484 ][debug][gc,phases] GC(8)         Dead                           Min: 0, Avg:  0.0, Max: 0, Diff: 0, Sum: 0, Workers: 8
[2025-05-20T20:16:46.084+0300][15820][1484 ][debug][gc,phases] GC(8)         Total                          Min: 0, Avg:  0.0, Max: 0, Diff: 0, Sum: 0, Workers: 8
[2025-05-20T20:16:46.084+0300][15820][1484 ][debug][gc,phases] GC(8)       StringDedup Requests0 Weak     Min:  0.0, Avg:  0.0, Max:  0.0, Diff:  0.0, Sum:  0.0, Workers: 8
[2025-05-20T20:16:46.084+0300][15820][1484 ][debug][gc,phases] GC(8)         Dead                           Min: 0, Avg:  0.0, Max: 0, Diff: 0, Sum: 0, Workers: 8
[2025-05-20T20:16:46.084+0300][15820][1484 ][debug][gc,phases] GC(8)         Total                          Min: 0, Avg:  0.0, Max: 0, Diff: 0, Sum: 0, Workers: 8
[2025-05-20T20:16:46.084+0300][15820][1484 ][debug][gc,phases] GC(8)       StringDedup Requests1 Weak     Min:  0.0, Avg:  0.0, Max:  0.0, Diff:  0.0, Sum:  0.0, Workers: 8
[2025-05-20T20:16:46.084+0300][15820][1484 ][debug][gc,phases] GC(8)         Dead                           Min: 0, Avg:  0.0, Max: 0, Diff: 0, Sum: 0, Workers: 8
[2025-05-20T20:16:46.084+0300][15820][1484 ][debug][gc,phases] GC(8)         Total                          Min: 0, Avg:  0.0, Max: 0, Diff: 0, Sum: 0, Workers: 8
[2025-05-20T20:16:46.084+0300][15820][1484 ][debug][gc,phases] GC(8)       Weak JFR Old Object Samples    Min:  0.0, Avg:  0.0, Max:  0.0, Diff:  0.0, Sum:  0.0, Workers: 8
[2025-05-20T20:16:46.084+0300][15820][1484 ][debug][gc,phases] GC(8)         Dead                           Min: 0, Avg:  0.0, Max: 0, Diff: 0, Sum: 0, Workers: 8
[2025-05-20T20:16:46.084+0300][15820][1484 ][debug][gc,phases] GC(8)         Total                          Min: 0, Avg:  0.0, Max: 0, Diff: 0, Sum: 0, Workers: 8
[2025-05-20T20:16:46.084+0300][15820][1484 ][debug][gc,phases] GC(8)     Post Evacuate Cleanup 1: 0.5ms
[2025-05-20T20:16:46.084+0300][15820][1484 ][debug][gc,phases] GC(8)       Merge Per-Thread State (ms):   Min:  0.1, Avg:  0.1, Max:  0.1, Diff:  0.0, Sum:  0.1, Workers: 1
[2025-05-20T20:16:46.084+0300][15820][1484 ][debug][gc,phases] GC(8)         Copied Bytes                   Min: 0, Avg: 199341.0, Max: 452328, Diff: 452328, Sum: 1594728, Workers: 8
[2025-05-20T20:16:46.084+0300][15820][1484 ][debug][gc,phases] GC(8)         LAB Waste                      Min: 0, Avg: 306.0, Max: 752, Diff: 752, Sum: 2448, Workers: 8
[2025-05-20T20:16:46.084+0300][15820][1484 ][debug][gc,phases] GC(8)         LAB Undo Waste                 Min: 0, Avg:  0.0, Max: 0, Diff: 0, Sum: 0, Workers: 8
[2025-05-20T20:16:46.084+0300][15820][1484 ][debug][gc,phases] GC(8)       Clear Logged Cards (ms):       Min:  0.0, Avg:  0.2, Max:  0.5, Diff:  0.5, Sum:  1.7, Workers: 7
[2025-05-20T20:16:46.084+0300][15820][1484 ][debug][gc,phases] GC(8)       Recalculate Used Memory (ms):  Min:  0.0, Avg:  0.0, Max:  0.0, Diff:  0.0, Sum:  0.0, Workers: 1
[2025-05-20T20:16:46.084+0300][15820][1484 ][debug][gc,phases] GC(8)     Post Evacuate Cleanup 2: 0.5ms
[2025-05-20T20:16:46.084+0300][15820][1484 ][debug][gc,phases] GC(8)       Update Derived Pointers (ms):  Min:  0.0, Avg:  0.0, Max:  0.0, Diff:  0.0, Sum:  0.0, Workers: 1
[2025-05-20T20:16:46.084+0300][15820][1484 ][debug][gc,phases] GC(8)       Eagerly Reclaim Humongous Objects (ms): Min:  0.0, Avg:  0.0, Max:  0.0, Diff:  0.0, Sum:  0.0, Workers: 1
[2025-05-20T20:16:46.084+0300][15820][1484 ][debug][gc,phases] GC(8)         Humongous Total                Min: 3, Avg:  3.0, Max: 3, Diff: 0, Sum: 3, Workers: 1
[2025-05-20T20:16:46.084+0300][15820][1484 ][debug][gc,phases] GC(8)         Humongous Candidates           Min: 3, Avg:  3.0, Max: 3, Diff: 0, Sum: 3, Workers: 1
[2025-05-20T20:16:46.084+0300][15820][1484 ][debug][gc,phases] GC(8)         Humongous Reclaimed            Min: 0, Avg:  0.0, Max: 0, Diff: 0, Sum: 0, Workers: 1
[2025-05-20T20:16:46.084+0300][15820][1484 ][debug][gc,phases] GC(8)       Redirty Logged Cards (ms):     Min:  0.0, Avg:  0.0, Max:  0.0, Diff:  0.0, Sum:  0.0, Workers: 8
[2025-05-20T20:16:46.084+0300][15820][1484 ][debug][gc,phases] GC(8)         Redirtied Cards:               Min: 0, Avg: 29.4, Max: 87, Diff: 87, Sum: 235, Workers: 8
[2025-05-20T20:16:46.084+0300][15820][1484 ][debug][gc,phases] GC(8)       Resize TLABs (ms):             Min:  0.0, Avg:  0.0, Max:  0.0, Diff:  0.0, Sum:  0.0, Workers: 8
[2025-05-20T20:16:46.084+0300][15820][1484 ][debug][gc,phases] GC(8)       Free Collection Set (ms):      Min:  0.0, Avg:  0.3, Max:  0.4, Diff:  0.3, Sum:  2.1, Workers: 8
[2025-05-20T20:16:46.084+0300][15820][1484 ][debug][gc,phases] GC(8)     Rebuild Free List: 0.1ms
[2025-05-20T20:16:46.084+0300][15820][1484 ][debug][gc,phases] GC(8)     Prepare For Mutator: 0.0ms
[2025-05-20T20:16:46.084+0300][15820][1484 ][debug][gc,phases] GC(8)     Expand Heap After Collection: 0.0ms
[2025-05-20T20:16:46.084+0300][15820][1484 ][info ][gc,phases] GC(8)   Other: 0.2ms
[2025-05-20T20:16:46.084+0300][15820][1484 ][info ][gc,heap  ] GC(8) Eden regions: 1227->0(1227)
[2025-05-20T20:16:46.084+0300][15820][1484 ][info ][gc,heap  ] GC(8) Survivor regions: 1->1(154)
[2025-05-20T20:16:46.084+0300][15820][1484 ][info ][gc,heap  ] GC(8) Old regions: 8->8
[2025-05-20T20:16:46.084+0300][15820][1484 ][info ][gc,heap  ] GC(8) Humongous regions: 6->6
[2025-05-20T20:16:46.084+0300][15820][1484 ][debug][gc,heap  ] GC(8) Heap after GC invocations=9 (full 1):
[2025-05-20T20:16:46.084+0300][15820][1484 ][debug][gc,heap  ] GC(8)  garbage-first heap   total 4194304K, used 16868K [0x0000000700000000, 0x0000000800000000)
[2025-05-20T20:16:46.084+0300][15820][1484 ][debug][gc,heap  ] GC(8)   region size 2048K, 1 young (2048K), 1 survivors (2048K)
[2025-05-20T20:16:46.084+0300][15820][1484 ][debug][gc,heap  ] GC(8)  Metaspace       used 9010K, committed 9536K, reserved 1114112K
[2025-05-20T20:16:46.084+0300][15820][1484 ][debug][gc,heap  ] GC(8)   class space    used 982K, committed 1216K, reserved 1048576K
[2025-05-20T20:16:46.084+0300][15820][1484 ][info ][gc       ] GC(8) Pause Young (Normal) (G1 Evacuation Pause) 2470M->16M(4096M) 7.202ms
[2025-05-20T20:16:46.084+0300][15820][1484 ][info ][safepoint] Safepoint "G1CollectForAllocation", Time since last: 846651600 ns, Reaching safepoint: 392300 ns, Cleanup: 30100 ns, At safepoint: 7287500 ns, Total: 7709900 ns
[2025-05-20T20:16:47.035+0300][15820][1484 ][debug][safepoint] Safepoint synchronization initiated using striped semaphore wait barrier. (19 threads)
[2025-05-20T20:16:47.035+0300][15820][22388][debug][safepoint] ... found polling page loop exception at pc = 0x00000247101b8960, stub =0x000002470fbb5d80
[2025-05-20T20:16:47.035+0300][15820][1800 ][debug][safepoint] ... found polling page loop exception at pc = 0x00000247101bb1f7, stub =0x000002470fbb6600
[2025-05-20T20:16:47.035+0300][15820][17128][debug][safepoint] ... found polling page loop exception at pc = 0x00000247101b8960, stub =0x000002470fbb5d80
[2025-05-20T20:16:47.035+0300][15820][11108][debug][safepoint] ... found polling page loop exception at pc = 0x00000247101b8960, stub =0x000002470fbb5d80
[2025-05-20T20:16:47.035+0300][15820][2608 ][debug][safepoint] ... found polling page loop exception at pc = 0x00000247101d3848, stub =0x000002470fbb6600
[2025-05-20T20:16:47.035+0300][15820][17844][debug][safepoint] ... found polling page loop exception at pc = 0x00000247101b8d6c, stub =0x000002470fbb5d80
[2025-05-20T20:16:47.035+0300][15820][1484 ][debug][gc,heap  ] GC(9) Heap before GC invocations=9 (full 1):
[2025-05-20T20:16:47.035+0300][15820][1484 ][debug][gc,heap  ] GC(9)  garbage-first heap   total 4194304K, used 2529764K [0x0000000700000000, 0x0000000800000000)
[2025-05-20T20:16:47.035+0300][15820][1484 ][debug][gc,heap  ] GC(9)   region size 2048K, 1228 young (2514944K), 1 survivors (2048K)
[2025-05-20T20:16:47.035+0300][15820][1484 ][debug][gc,heap  ] GC(9)  Metaspace       used 9010K, committed 9536K, reserved 1114112K
[2025-05-20T20:16:47.035+0300][15820][1484 ][debug][gc,heap  ] GC(9)   class space    used 982K, committed 1216K, reserved 1048576K
[2025-05-20T20:16:47.038+0300][15820][1484 ][info ][gc,phases] GC(9)   Pre Evacuate Collection Set: 0.3ms
[2025-05-20T20:16:47.038+0300][15820][1484 ][debug][gc,phases] GC(9)     Pre Evacuate Prepare: 0.1ms
[2025-05-20T20:16:47.038+0300][15820][1484 ][debug][gc,phases] GC(9)       JT Retire TLABs And Flush Logs (ms): Min:  0.0, Avg:  0.0, Max:  0.0, Diff:  0.0, Sum:  0.0, Workers: 2
[2025-05-20T20:16:47.038+0300][15820][1484 ][debug][gc,phases] GC(9)       Non-JT Flush Logs (ms):        Min:  0.0, Avg:  0.0, Max:  0.0, Diff:  0.0, Sum:  0.0, Workers: 1
[2025-05-20T20:16:47.038+0300][15820][1484 ][debug][gc,phases] GC(9)     Choose Collection Set: 0.0ms
[2025-05-20T20:16:47.038+0300][15820][1484 ][debug][gc,phases] GC(9)     Region Register: 0.3ms
[2025-05-20T20:16:47.038+0300][15820][1484 ][debug][gc,phases] GC(9)     Prepare Heap Roots: 0.0ms
[2025-05-20T20:16:47.038+0300][15820][1484 ][info ][gc,phases] GC(9)   Merge Heap Roots: 0.3ms
[2025-05-20T20:16:47.038+0300][15820][1484 ][debug][gc,phases] GC(9)     Prepare Merge Heap Roots: 0.0ms
[2025-05-20T20:16:47.038+0300][15820][1484 ][debug][gc,phases] GC(9)     Remembered Sets (ms):          Min:  0.0, Avg:  0.1, Max:  0.2, Diff:  0.1, Sum:  1.1, Workers: 8
[2025-05-20T20:16:47.038+0300][15820][1484 ][debug][gc,phases] GC(9)       Eager Reclaim (ms):            Min:  0.0, Avg:  0.0, Max:  0.0, Diff:  0.0, Sum:  0.0, Workers: 1
[2025-05-20T20:16:47.038+0300][15820][1484 ][debug][gc,phases] GC(9)       Merged Inline                  Min: 0, Avg:  0.0, Max: 0, Diff: 0, Sum: 0, Workers: 8
[2025-05-20T20:16:47.038+0300][15820][1484 ][debug][gc,phases] GC(9)       Merged ArrayOfCards            Min: 0, Avg:  0.0, Max: 0, Diff: 0, Sum: 0, Workers: 8
[2025-05-20T20:16:47.038+0300][15820][1484 ][debug][gc,phases] GC(9)       Merged Howl                    Min: 0, Avg:  0.0, Max: 0, Diff: 0, Sum: 0, Workers: 8
[2025-05-20T20:16:47.038+0300][15820][1484 ][debug][gc,phases] GC(9)       Merged Full                    Min: 0, Avg:  0.0, Max: 0, Diff: 0, Sum: 0, Workers: 8
[2025-05-20T20:16:47.038+0300][15820][1484 ][debug][gc,phases] GC(9)       Merged Howl Inline             Min: 0, Avg:  0.0, Max: 0, Diff: 0, Sum: 0, Workers: 8
[2025-05-20T20:16:47.038+0300][15820][1484 ][debug][gc,phases] GC(9)       Merged Howl ArrayOfCards       Min: 0, Avg:  0.0, Max: 0, Diff: 0, Sum: 0, Workers: 8
[2025-05-20T20:16:47.038+0300][15820][1484 ][debug][gc,phases] GC(9)       Merged Howl BitMap             Min: 0, Avg:  0.0, Max: 0, Diff: 0, Sum: 0, Workers: 8
[2025-05-20T20:16:47.038+0300][15820][1484 ][debug][gc,phases] GC(9)       Merged Howl Full               Min: 0, Avg:  0.0, Max: 0, Diff: 0, Sum: 0, Workers: 8
[2025-05-20T20:16:47.038+0300][15820][1484 ][debug][gc,phases] GC(9)       Merged Cards                   Min: 8, Avg:  9.0, Max: 16, Diff: 8, Sum: 72, Workers: 8
[2025-05-20T20:16:47.038+0300][15820][1484 ][debug][gc,phases] GC(9)     Log Buffers (ms):              Min:  0.0, Avg:  0.0, Max:  0.0, Diff:  0.0, Sum:  0.0, Workers: 8
[2025-05-20T20:16:47.041+0300][15820][1484 ][debug][gc,phases] GC(9)       Dirty Cards:                   Min: 0, Avg: 30.0, Max: 130, Diff: 130, Sum: 240, Workers: 8
[2025-05-20T20:16:47.041+0300][15820][1484 ][debug][gc,phases] GC(9)       Skipped Cards:                 Min: 0, Avg:  0.0, Max: 0, Diff: 0, Sum: 0, Workers: 8
[2025-05-20T20:16:47.041+0300][15820][1484 ][info ][gc,phases] GC(9)   Evacuate Collection Set: 1.6ms
[2025-05-20T20:16:47.041+0300][15820][1484 ][debug][gc,phases] GC(9)     Ext Root Scanning (ms):        Min:  0.0, Avg:  0.1, Max:  0.5, Diff:  0.5, Sum:  1.0, Workers: 8
[2025-05-20T20:16:47.041+0300][15820][1484 ][debug][gc,phases] GC(9)     Scan Heap Roots (ms):          Min:  0.0, Avg:  0.1, Max:  0.1, Diff:  0.1, Sum:  0.4, Workers: 8
[2025-05-20T20:16:47.041+0300][15820][1484 ][debug][gc,phases] GC(9)       Scanned Cards:                 Min: 0, Avg: 30.0, Max: 63, Diff: 63, Sum: 240, Workers: 8
[2025-05-20T20:16:47.041+0300][15820][1484 ][debug][gc,phases] GC(9)       Scanned Blocks:                Min: 0, Avg: 19.8, Max: 45, Diff: 45, Sum: 158, Workers: 8
[2025-05-20T20:16:47.041+0300][15820][1484 ][debug][gc,phases] GC(9)       Claimed Chunks:                Min: 0, Avg:  4.4, Max: 11, Diff: 11, Sum: 35, Workers: 8
[2025-05-20T20:16:47.041+0300][15820][1484 ][debug][gc,phases] GC(9)       Found Roots:                   Min: 0, Avg: 151.1, Max: 398, Diff: 398, Sum: 1209, Workers: 8
[2025-05-20T20:16:47.041+0300][15820][1484 ][debug][gc,phases] GC(9)     Code Root Scan (ms):           Min:  0.1, Avg:  0.4, Max:  0.7, Diff:  0.5, Sum:  3.3, Workers: 8
[2025-05-20T20:16:47.041+0300][15820][1484 ][debug][gc,phases] GC(9)       Scanned Nmethods               Min: 0, Avg: 56.6, Max: 121, Diff: 121, Sum: 453, Workers: 8
[2025-05-20T20:16:47.041+0300][15820][1484 ][debug][gc,phases] GC(9)     Object Copy (ms):              Min:  0.0, Avg:  0.4, Max:  0.8, Diff:  0.8, Sum:  3.2, Workers: 8
[2025-05-20T20:16:47.041+0300][15820][1484 ][debug][gc,phases] GC(9)     Termination (ms):              Min:  0.1, Avg:  0.3, Max:  0.4, Diff:  0.3, Sum:  2.3, Workers: 8
[2025-05-20T20:16:47.041+0300][15820][1484 ][debug][gc,phases] GC(9)       Termination Attempts:          Min: 1, Avg:  1.0, Max: 1, Diff: 0, Sum: 8, Workers: 8
[2025-05-20T20:16:47.041+0300][15820][1484 ][debug][gc,phases] GC(9)     GC Worker Other (ms):          Min:  0.1, Avg:  0.1, Max:  0.2, Diff:  0.0, Sum:  1.1, Workers: 8
[2025-05-20T20:16:47.041+0300][15820][1484 ][debug][gc,phases] GC(9)     GC Worker Total (ms):          Min:  0.3, Avg:  1.4, Max:  1.6, Diff:  1.2, Sum: 11.4, Workers: 8
[2025-05-20T20:16:47.041+0300][15820][1484 ][info ][gc,phases] GC(9)   Post Evacuate Collection Set: 1.3ms
[2025-05-20T20:16:47.041+0300][15820][1484 ][debug][gc,phases] GC(9)     NMethod List Cleanup: 0.1ms
[2025-05-20T20:16:47.041+0300][15820][1484 ][debug][gc,phases] GC(9)     Reference Processing: 0.1ms
[2025-05-20T20:16:47.041+0300][15820][1484 ][debug][gc,phases] GC(9)     Weak Processing: 0.1ms
[2025-05-20T20:16:47.041+0300][15820][1484 ][debug][gc,phases] GC(9)       VM Weak                        Min:  0.0, Avg:  0.0, Max:  0.0, Diff:  0.0, Sum:  0.0, Workers: 8
[2025-05-20T20:16:47.041+0300][15820][1484 ][debug][gc,phases] GC(9)         Dead                           Min: 0, Avg:  0.0, Max: 0, Diff: 0, Sum: 0, Workers: 8
[2025-05-20T20:16:47.041+0300][15820][1484 ][debug][gc,phases] GC(9)         Total                          Min: 0, Avg: 46.9, Max: 119, Diff: 119, Sum: 375, Workers: 8
[2025-05-20T20:16:47.041+0300][15820][1484 ][debug][gc,phases] GC(9)       ObjectSynchronizer Weak        Min:  0.0, Avg:  0.0, Max:  0.0, Diff:  0.0, Sum:  0.0, Workers: 8
[2025-05-20T20:16:47.041+0300][15820][1484 ][debug][gc,phases] GC(9)         Dead                           Min: 0, Avg:  0.0, Max: 0, Diff: 0, Sum: 0, Workers: 8
[2025-05-20T20:16:47.041+0300][15820][1484 ][debug][gc,phases] GC(9)         Total                          Min: 0, Avg: 16.2, Max: 64, Diff: 64, Sum: 130, Workers: 8
[2025-05-20T20:16:47.041+0300][15820][1484 ][debug][gc,phases] GC(9)       JVMTI Tag Weak OopStorage      Min:  0.0, Avg:  0.0, Max:  0.0, Diff:  0.0, Sum:  0.0, Workers: 8
[2025-05-20T20:16:47.041+0300][15820][1484 ][debug][gc,phases] GC(9)         Dead                           Min: 0, Avg:  0.0, Max: 0, Diff: 0, Sum: 0, Workers: 8
[2025-05-20T20:16:47.041+0300][15820][1484 ][debug][gc,phases] GC(9)         Total                          Min: 0, Avg:  0.0, Max: 0, Diff: 0, Sum: 0, Workers: 8
[2025-05-20T20:16:47.041+0300][15820][1484 ][debug][gc,phases] GC(9)       StringTable Weak               Min:  0.0, Avg:  0.0, Max:  0.0, Diff:  0.0, Sum:  0.2, Workers: 8
[2025-05-20T20:16:47.041+0300][15820][1484 ][debug][gc,phases] GC(9)         Dead                           Min: 0, Avg:  0.0, Max: 0, Diff: 0, Sum: 0, Workers: 8
[2025-05-20T20:16:47.041+0300][15820][1484 ][debug][gc,phases] GC(9)         Total                          Min: 0, Avg: 781.4, Max: 1216, Diff: 1216, Sum: 6251, Workers: 8
[2025-05-20T20:16:47.041+0300][15820][1484 ][debug][gc,phases] GC(9)       ResolvedMethodTable Weak       Min:  0.0, Avg:  0.0, Max:  0.0, Diff:  0.0, Sum:  0.0, Workers: 8
[2025-05-20T20:16:47.041+0300][15820][1484 ][debug][gc,phases] GC(9)         Dead                           Min: 0, Avg:  0.0, Max: 0, Diff: 0, Sum: 0, Workers: 8
[2025-05-20T20:16:47.041+0300][15820][1484 ][debug][gc,phases] GC(9)         Total                          Min: 0, Avg: 109.4, Max: 192, Diff: 192, Sum: 875, Workers: 8
[2025-05-20T20:16:47.041+0300][15820][1484 ][debug][gc,phases] GC(9)       JNI Weak                       Min:  0.0, Avg:  0.0, Max:  0.0, Diff:  0.0, Sum:  0.0, Workers: 8
[2025-05-20T20:16:47.041+0300][15820][1484 ][debug][gc,phases] GC(9)         Dead                           Min: 0, Avg:  0.0, Max: 0, Diff: 0, Sum: 0, Workers: 8
[2025-05-20T20:16:47.041+0300][15820][1484 ][debug][gc,phases] GC(9)         Total                          Min: 0, Avg:  0.0, Max: 0, Diff: 0, Sum: 0, Workers: 8
[2025-05-20T20:16:47.041+0300][15820][1484 ][debug][gc,phases] GC(9)       StringDedup Table Weak         Min:  0.0, Avg:  0.0, Max:  0.0, Diff:  0.0, Sum:  0.0, Workers: 8
[2025-05-20T20:16:47.041+0300][15820][1484 ][debug][gc,phases] GC(9)         Dead                           Min: 0, Avg:  0.0, Max: 0, Diff: 0, Sum: 0, Workers: 8
[2025-05-20T20:16:47.041+0300][15820][1484 ][debug][gc,phases] GC(9)         Total                          Min: 0, Avg:  0.0, Max: 0, Diff: 0, Sum: 0, Workers: 8
[2025-05-20T20:16:47.041+0300][15820][1484 ][debug][gc,phases] GC(9)       StringDedup Requests0 Weak     Min:  0.0, Avg:  0.0, Max:  0.0, Diff:  0.0, Sum:  0.0, Workers: 8
[2025-05-20T20:16:47.041+0300][15820][1484 ][debug][gc,phases] GC(9)         Dead                           Min: 0, Avg:  0.0, Max: 0, Diff: 0, Sum: 0, Workers: 8
[2025-05-20T20:16:47.041+0300][15820][1484 ][debug][gc,phases] GC(9)         Total                          Min: 0, Avg:  0.0, Max: 0, Diff: 0, Sum: 0, Workers: 8
[2025-05-20T20:16:47.041+0300][15820][1484 ][debug][gc,phases] GC(9)       StringDedup Requests1 Weak     Min:  0.0, Avg:  0.0, Max:  0.0, Diff:  0.0, Sum:  0.0, Workers: 8
[2025-05-20T20:16:47.041+0300][15820][1484 ][debug][gc,phases] GC(9)         Dead                           Min: 0, Avg:  0.0, Max: 0, Diff: 0, Sum: 0, Workers: 8
[2025-05-20T20:16:47.041+0300][15820][1484 ][debug][gc,phases] GC(9)         Total                          Min: 0, Avg:  0.0, Max: 0, Diff: 0, Sum: 0, Workers: 8
[2025-05-20T20:16:47.041+0300][15820][1484 ][debug][gc,phases] GC(9)       Weak JFR Old Object Samples    Min:  0.0, Avg:  0.0, Max:  0.0, Diff:  0.0, Sum:  0.0, Workers: 8
[2025-05-20T20:16:47.041+0300][15820][1484 ][debug][gc,phases] GC(9)         Dead                           Min: 0, Avg:  0.0, Max: 0, Diff: 0, Sum: 0, Workers: 8
[2025-05-20T20:16:47.041+0300][15820][1484 ][debug][gc,phases] GC(9)         Total                          Min: 0, Avg:  0.0, Max: 0, Diff: 0, Sum: 0, Workers: 8
[2025-05-20T20:16:47.041+0300][15820][1484 ][debug][gc,phases] GC(9)     Post Evacuate Cleanup 1: 0.4ms
[2025-05-20T20:16:47.041+0300][15820][1484 ][debug][gc,phases] GC(9)       Merge Per-Thread State (ms):   Min:  0.1, Avg:  0.1, Max:  0.1, Diff:  0.0, Sum:  0.1, Workers: 1
[2025-05-20T20:16:47.041+0300][15820][1484 ][debug][gc,phases] GC(9)         Copied Bytes                   Min: 0, Avg: 198664.0, Max: 458800, Diff: 458800, Sum: 1589312, Workers: 8
[2025-05-20T20:16:47.041+0300][15820][1484 ][debug][gc,phases] GC(9)         LAB Waste                      Min: 0, Avg: 223.0, Max: 712, Diff: 712, Sum: 1784, Workers: 8
[2025-05-20T20:16:47.041+0300][15820][1484 ][debug][gc,phases] GC(9)         LAB Undo Waste                 Min: 0, Avg:  0.0, Max: 0, Diff: 0, Sum: 0, Workers: 8
[2025-05-20T20:16:47.041+0300][15820][1484 ][debug][gc,phases] GC(9)       Clear Logged Cards (ms):       Min:  0.0, Avg:  0.2, Max:  0.4, Diff:  0.4, Sum:  1.4, Workers: 7
[2025-05-20T20:16:47.041+0300][15820][1484 ][debug][gc,phases] GC(9)       Recalculate Used Memory (ms):  Min:  0.0, Avg:  0.0, Max:  0.0, Diff:  0.0, Sum:  0.0, Workers: 1
[2025-05-20T20:16:47.041+0300][15820][1484 ][debug][gc,phases] GC(9)     Post Evacuate Cleanup 2: 0.4ms
[2025-05-20T20:16:47.041+0300][15820][1484 ][debug][gc,phases] GC(9)       Update Derived Pointers (ms):  Min:  0.0, Avg:  0.0, Max:  0.0, Diff:  0.0, Sum:  0.0, Workers: 1
[2025-05-20T20:16:47.041+0300][15820][1484 ][debug][gc,phases] GC(9)       Eagerly Reclaim Humongous Objects (ms): Min:  0.0, Avg:  0.0, Max:  0.0, Diff:  0.0, Sum:  0.0, Workers: 1
[2025-05-20T20:16:47.041+0300][15820][1484 ][debug][gc,phases] GC(9)         Humongous Total                Min: 3, Avg:  3.0, Max: 3, Diff: 0, Sum: 3, Workers: 1
[2025-05-20T20:16:47.041+0300][15820][1484 ][debug][gc,phases] GC(9)         Humongous Candidates           Min: 3, Avg:  3.0, Max: 3, Diff: 0, Sum: 3, Workers: 1
[2025-05-20T20:16:47.041+0300][15820][1484 ][debug][gc,phases] GC(9)         Humongous Reclaimed            Min: 0, Avg:  0.0, Max: 0, Diff: 0, Sum: 0, Workers: 1
[2025-05-20T20:16:47.041+0300][15820][1484 ][debug][gc,phases] GC(9)       Redirty Logged Cards (ms):     Min:  0.0, Avg:  0.0, Max:  0.0, Diff:  0.0, Sum:  0.0, Workers: 8
[2025-05-20T20:16:47.041+0300][15820][1484 ][debug][gc,phases] GC(9)         Redirtied Cards:               Min: 0, Avg: 29.4, Max: 175, Diff: 175, Sum: 235, Workers: 8
[2025-05-20T20:16:47.041+0300][15820][1484 ][debug][gc,phases] GC(9)       Resize TLABs (ms):             Min:  0.0, Avg:  0.0, Max:  0.0, Diff:  0.0, Sum:  0.0, Workers: 8
[2025-05-20T20:16:47.041+0300][15820][1484 ][debug][gc,phases] GC(9)       Free Collection Set (ms):      Min:  0.3, Avg:  0.3, Max:  0.3, Diff:  0.1, Sum:  2.3, Workers: 8
[2025-05-20T20:16:47.041+0300][15820][1484 ][debug][gc,phases] GC(9)     Rebuild Free List: 0.1ms
[2025-05-20T20:16:47.041+0300][15820][1484 ][debug][gc,phases] GC(9)     Prepare For Mutator: 0.0ms
[2025-05-20T20:16:47.041+0300][15820][1484 ][debug][gc,phases] GC(9)     Expand Heap After Collection: 0.0ms
[2025-05-20T20:16:47.041+0300][15820][1484 ][info ][gc,phases] GC(9)   Other: 0.2ms
[2025-05-20T20:16:47.041+0300][15820][1484 ][info ][gc,heap  ] GC(9) Eden regions: 1227->0(1227)
[2025-05-20T20:16:47.041+0300][15820][1484 ][info ][gc,heap  ] GC(9) Survivor regions: 1->1(154)
[2025-05-20T20:16:47.041+0300][15820][1484 ][info ][gc,heap  ] GC(9) Old regions: 8->8
[2025-05-20T20:16:47.041+0300][15820][1484 ][info ][gc,heap  ] GC(9) Humongous regions: 6->6
[2025-05-20T20:16:47.041+0300][15820][1484 ][debug][gc,heap  ] GC(9) Heap after GC invocations=10 (full 1):
[2025-05-20T20:16:47.041+0300][15820][1484 ][debug][gc,heap  ] GC(9)  garbage-first heap   total 4194304K, used 16912K [0x0000000700000000, 0x0000000800000000)
[2025-05-20T20:16:47.041+0300][15820][1484 ][debug][gc,heap  ] GC(9)   region size 2048K, 1 young (2048K), 1 survivors (2048K)
[2025-05-20T20:16:47.041+0300][15820][1484 ][debug][gc,heap  ] GC(9)  Metaspace       used 9010K, committed 9536K, reserved 1114112K
[2025-05-20T20:16:47.041+0300][15820][1484 ][debug][gc,heap  ] GC(9)   class space    used 982K, committed 1216K, reserved 1048576K
[2025-05-20T20:16:47.041+0300][15820][1484 ][info ][gc       ] GC(9) Pause Young (Normal) (G1 Evacuation Pause) 2470M->16M(4096M) 5.891ms
[2025-05-20T20:16:47.041+0300][15820][1484 ][info ][safepoint] Safepoint "G1CollectForAllocation", Time since last: 950894700 ns, Reaching safepoint: 462200 ns, Cleanup: 23300 ns, At safepoint: 5954200 ns, Total: 6439700 ns
[2025-05-20T20:16:47.940+0300][15820][1484 ][debug][safepoint] Safepoint synchronization initiated using striped semaphore wait barrier. (19 threads)
[2025-05-20T20:16:47.940+0300][15820][17844][debug][safepoint] ... found polling page loop exception at pc = 0x00000247101cf522, stub =0x000002470fbb6600
[2025-05-20T20:16:47.940+0300][15820][1800 ][debug][safepoint] ... found polling page loop exception at pc = 0x00000247101b8960, stub =0x000002470fbb5d80
[2025-05-20T20:16:47.940+0300][15820][2608 ][debug][safepoint] ... found polling page loop exception at pc = 0x00000247101cf522, stub =0x000002470fbb6600
[2025-05-20T20:16:47.940+0300][15820][22388][debug][safepoint] ... found polling page loop exception at pc = 0x00000247101b8960, stub =0x000002470fbb5d80
[2025-05-20T20:16:47.940+0300][15820][15272][debug][safepoint] ... found polling page loop exception at pc = 0x00000247101bb1f7, stub =0x000002470fbb6600
[2025-05-20T20:16:47.940+0300][15820][22856][debug][safepoint] ... found polling page loop exception at pc = 0x00000247101b8960, stub =0x000002470fbb5d80
[2025-05-20T20:16:47.940+0300][15820][1484 ][debug][gc,heap  ] GC(10) Heap before GC invocations=10 (full 1):
[2025-05-20T20:16:47.940+0300][15820][1484 ][debug][gc,heap  ] GC(10)  garbage-first heap   total 4194304K, used 2529808K [0x0000000700000000, 0x0000000800000000)
[2025-05-20T20:16:47.940+0300][15820][1484 ][debug][gc,heap  ] GC(10)   region size 2048K, 1228 young (2514944K), 1 survivors (2048K)
[2025-05-20T20:16:47.940+0300][15820][1484 ][debug][gc,heap  ] GC(10)  Metaspace       used 9011K, committed 9536K, reserved 1114112K
[2025-05-20T20:16:47.940+0300][15820][1484 ][debug][gc,heap  ] GC(10)   class space    used 982K, committed 1216K, reserved 1048576K
[2025-05-20T20:16:47.943+0300][15820][1484 ][info ][gc,phases] GC(10)   Pre Evacuate Collection Set: 0.4ms
[2025-05-20T20:16:47.943+0300][15820][1484 ][debug][gc,phases] GC(10)     Pre Evacuate Prepare: 0.1ms
[2025-05-20T20:16:47.943+0300][15820][1484 ][debug][gc,phases] GC(10)       JT Retire TLABs And Flush Logs (ms): Min:  0.0, Avg:  0.0, Max:  0.0, Diff:  0.0, Sum:  0.0, Workers: 2
[2025-05-20T20:16:47.943+0300][15820][1484 ][debug][gc,phases] GC(10)       Non-JT Flush Logs (ms):        Min:  0.0, Avg:  0.0, Max:  0.0, Diff:  0.0, Sum:  0.0, Workers: 1
[2025-05-20T20:16:47.943+0300][15820][1484 ][debug][gc,phases] GC(10)     Choose Collection Set: 0.0ms
[2025-05-20T20:16:47.943+0300][15820][1484 ][debug][gc,phases] GC(10)     Region Register: 0.3ms
[2025-05-20T20:16:47.943+0300][15820][1484 ][debug][gc,phases] GC(10)     Prepare Heap Roots: 0.0ms
[2025-05-20T20:16:47.943+0300][15820][1484 ][info ][gc,phases] GC(10)   Merge Heap Roots: 0.2ms
[2025-05-20T20:16:47.943+0300][15820][1484 ][debug][gc,phases] GC(10)     Prepare Merge Heap Roots: 0.0ms
[2025-05-20T20:16:47.943+0300][15820][1484 ][debug][gc,phases] GC(10)     Remembered Sets (ms):          Min:  0.1, Avg:  0.1, Max:  0.1, Diff:  0.0, Sum:  1.0, Workers: 8
[2025-05-20T20:16:47.943+0300][15820][1484 ][debug][gc,phases] GC(10)       Eager Reclaim (ms):            Min:  0.0, Avg:  0.0, Max:  0.0, Diff:  0.0, Sum:  0.0, Workers: 1
[2025-05-20T20:16:47.943+0300][15820][1484 ][debug][gc,phases] GC(10)       Merged Inline                  Min: 0, Avg:  0.0, Max: 0, Diff: 0, Sum: 0, Workers: 8
[2025-05-20T20:16:47.943+0300][15820][1484 ][debug][gc,phases] GC(10)       Merged ArrayOfCards            Min: 0, Avg:  0.0, Max: 0, Diff: 0, Sum: 0, Workers: 8
[2025-05-20T20:16:47.943+0300][15820][1484 ][debug][gc,phases] GC(10)       Merged Howl                    Min: 0, Avg:  0.0, Max: 0, Diff: 0, Sum: 0, Workers: 8
[2025-05-20T20:16:47.943+0300][15820][1484 ][debug][gc,phases] GC(10)       Merged Full                    Min: 0, Avg:  0.0, Max: 0, Diff: 0, Sum: 0, Workers: 8
[2025-05-20T20:16:47.943+0300][15820][1484 ][debug][gc,phases] GC(10)       Merged Howl Inline             Min: 0, Avg:  0.0, Max: 0, Diff: 0, Sum: 0, Workers: 8
[2025-05-20T20:16:47.943+0300][15820][1484 ][debug][gc,phases] GC(10)       Merged Howl ArrayOfCards       Min: 0, Avg:  0.0, Max: 0, Diff: 0, Sum: 0, Workers: 8
[2025-05-20T20:16:47.943+0300][15820][1484 ][debug][gc,phases] GC(10)       Merged Howl BitMap             Min: 0, Avg:  0.0, Max: 0, Diff: 0, Sum: 0, Workers: 8
[2025-05-20T20:16:47.943+0300][15820][1484 ][debug][gc,phases] GC(10)       Merged Howl Full               Min: 0, Avg:  0.0, Max: 0, Diff: 0, Sum: 0, Workers: 8
[2025-05-20T20:16:47.943+0300][15820][1484 ][debug][gc,phases] GC(10)       Merged Cards                   Min: 8, Avg:  9.0, Max: 16, Diff: 8, Sum: 72, Workers: 8
[2025-05-20T20:16:47.943+0300][15820][1484 ][debug][gc,phases] GC(10)     Log Buffers (ms):              Min:  0.0, Avg:  0.0, Max:  0.0, Diff:  0.0, Sum:  0.0, Workers: 8
[2025-05-20T20:16:47.943+0300][15820][1484 ][debug][gc,phases] GC(10)       Dirty Cards:                   Min: 0, Avg: 30.0, Max: 82, Diff: 82, Sum: 240, Workers: 8
[2025-05-20T20:16:47.943+0300][15820][1484 ][debug][gc,phases] GC(10)       Skipped Cards:                 Min: 0, Avg:  0.0, Max: 0, Diff: 0, Sum: 0, Workers: 8
[2025-05-20T20:16:47.943+0300][15820][1484 ][info ][gc,phases] GC(10)   Evacuate Collection Set: 1.3ms
[2025-05-20T20:16:47.943+0300][15820][1484 ][debug][gc,phases] GC(10)     Ext Root Scanning (ms):        Min:  0.1, Avg:  0.1, Max:  0.5, Diff:  0.4, Sum:  1.0, Workers: 8
[2025-05-20T20:16:47.943+0300][15820][1484 ][debug][gc,phases] GC(10)     Scan Heap Roots (ms):          Min:  0.0, Avg:  0.1, Max:  0.1, Diff:  0.1, Sum:  0.4, Workers: 8
[2025-05-20T20:16:47.943+0300][15820][1484 ][debug][gc,phases] GC(10)       Scanned Cards:                 Min: 0, Avg: 30.0, Max: 54, Diff: 54, Sum: 240, Workers: 8
[2025-05-20T20:16:47.943+0300][15820][1484 ][debug][gc,phases] GC(10)       Scanned Blocks:                Min: 0, Avg: 19.6, Max: 37, Diff: 37, Sum: 157, Workers: 8
[2025-05-20T20:16:47.943+0300][15820][1484 ][debug][gc,phases] GC(10)       Claimed Chunks:                Min: 0, Avg:  4.4, Max: 9, Diff: 9, Sum: 35, Workers: 8
[2025-05-20T20:16:47.943+0300][15820][1484 ][debug][gc,phases] GC(10)       Found Roots:                   Min: 0, Avg: 151.1, Max: 391, Diff: 391, Sum: 1209, Workers: 8
[2025-05-20T20:16:47.943+0300][15820][1484 ][debug][gc,phases] GC(10)     Code Root Scan (ms):           Min:  0.1, Avg:  0.4, Max:  0.5, Diff:  0.4, Sum:  3.1, Workers: 8
[2025-05-20T20:16:47.943+0300][15820][1484 ][debug][gc,phases] GC(10)       Scanned Nmethods               Min: 0, Avg: 56.6, Max: 107, Diff: 107, Sum: 453, Workers: 8
[2025-05-20T20:16:47.943+0300][15820][1484 ][debug][gc,phases] GC(10)     Object Copy (ms):              Min:  0.3, Avg:  0.4, Max:  0.7, Diff:  0.4, Sum:  3.1, Workers: 8
[2025-05-20T20:16:47.943+0300][15820][1484 ][debug][gc,phases] GC(10)     Termination (ms):              Min:  0.0, Avg:  0.2, Max:  0.3, Diff:  0.2, Sum:  1.9, Workers: 8
[2025-05-20T20:16:47.943+0300][15820][1484 ][debug][gc,phases] GC(10)       Termination Attempts:          Min: 1, Avg:  1.1, Max: 2, Diff: 1, Sum: 9, Workers: 8
[2025-05-20T20:16:47.943+0300][15820][1484 ][debug][gc,phases] GC(10)     GC Worker Other (ms):          Min:  0.1, Avg:  0.1, Max:  0.1, Diff:  0.0, Sum:  1.0, Workers: 8
[2025-05-20T20:16:47.943+0300][15820][1484 ][debug][gc,phases] GC(10)     GC Worker Total (ms):          Min:  1.3, Avg:  1.3, Max:  1.3, Diff:  0.0, Sum: 10.4, Workers: 8
[2025-05-20T20:16:47.943+0300][15820][1484 ][info ][gc,phases] GC(10)   Post Evacuate Collection Set: 1.4ms
[2025-05-20T20:16:47.943+0300][15820][1484 ][debug][gc,phases] GC(10)     NMethod List Cleanup: 0.1ms
[2025-05-20T20:16:47.943+0300][15820][1484 ][debug][gc,phases] GC(10)     Reference Processing: 0.1ms
[2025-05-20T20:16:47.943+0300][15820][1484 ][debug][gc,phases] GC(10)     Weak Processing: 0.1ms
[2025-05-20T20:16:47.943+0300][15820][1484 ][debug][gc,phases] GC(10)       VM Weak                        Min:  0.0, Avg:  0.0, Max:  0.0, Diff:  0.0, Sum:  0.0, Workers: 8
[2025-05-20T20:16:47.943+0300][15820][1484 ][debug][gc,phases] GC(10)         Dead                           Min: 0, Avg:  0.0, Max: 0, Diff: 0, Sum: 0, Workers: 8
[2025-05-20T20:16:47.943+0300][15820][1484 ][debug][gc,phases] GC(10)         Total                          Min: 0, Avg: 46.9, Max: 128, Diff: 128, Sum: 375, Workers: 8
[2025-05-20T20:16:47.943+0300][15820][1484 ][debug][gc,phases] GC(10)       ObjectSynchronizer Weak        Min:  0.0, Avg:  0.0, Max:  0.0, Diff:  0.0, Sum:  0.0, Workers: 8
[2025-05-20T20:16:47.943+0300][15820][1484 ][debug][gc,phases] GC(10)         Dead                           Min: 0, Avg:  0.0, Max: 0, Diff: 0, Sum: 0, Workers: 8
[2025-05-20T20:16:47.943+0300][15820][1484 ][debug][gc,phases] GC(10)         Total                          Min: 0, Avg: 16.2, Max: 64, Diff: 64, Sum: 130, Workers: 8
[2025-05-20T20:16:47.943+0300][15820][1484 ][debug][gc,phases] GC(10)       JVMTI Tag Weak OopStorage      Min:  0.0, Avg:  0.0, Max:  0.0, Diff:  0.0, Sum:  0.0, Workers: 8
[2025-05-20T20:16:47.943+0300][15820][1484 ][debug][gc,phases] GC(10)         Dead                           Min: 0, Avg:  0.0, Max: 0, Diff: 0, Sum: 0, Workers: 8
[2025-05-20T20:16:47.943+0300][15820][1484 ][debug][gc,phases] GC(10)         Total                          Min: 0, Avg:  0.0, Max: 0, Diff: 0, Sum: 0, Workers: 8
[2025-05-20T20:16:47.943+0300][15820][1484 ][debug][gc,phases] GC(10)       StringTable Weak               Min:  0.0, Avg:  0.0, Max:  0.0, Diff:  0.0, Sum:  0.2, Workers: 8
[2025-05-20T20:16:47.943+0300][15820][1484 ][debug][gc,phases] GC(10)         Dead                           Min: 0, Avg:  0.0, Max: 0, Diff: 0, Sum: 0, Workers: 8
[2025-05-20T20:16:47.943+0300][15820][1484 ][debug][gc,phases] GC(10)         Total                          Min: 512, Avg: 781.4, Max: 896, Diff: 384, Sum: 6251, Workers: 8
[2025-05-20T20:16:47.943+0300][15820][1484 ][debug][gc,phases] GC(10)       ResolvedMethodTable Weak       Min:  0.0, Avg:  0.0, Max:  0.0, Diff:  0.0, Sum:  0.0, Workers: 8
[2025-05-20T20:16:47.943+0300][15820][1484 ][debug][gc,phases] GC(10)         Dead                           Min: 0, Avg:  0.0, Max: 0, Diff: 0, Sum: 0, Workers: 8
[2025-05-20T20:16:47.943+0300][15820][1484 ][debug][gc,phases] GC(10)         Total                          Min: 64, Avg: 109.4, Max: 192, Diff: 128, Sum: 875, Workers: 8
[2025-05-20T20:16:47.943+0300][15820][1484 ][debug][gc,phases] GC(10)       JNI Weak                       Min:  0.0, Avg:  0.0, Max:  0.0, Diff:  0.0, Sum:  0.0, Workers: 8
[2025-05-20T20:16:47.943+0300][15820][1484 ][debug][gc,phases] GC(10)         Dead                           Min: 0, Avg:  0.0, Max: 0, Diff: 0, Sum: 0, Workers: 8
[2025-05-20T20:16:47.946+0300][15820][1484 ][debug][gc,phases] GC(10)         Total                          Min: 0, Avg:  0.0, Max: 0, Diff: 0, Sum: 0, Workers: 8
[2025-05-20T20:16:47.946+0300][15820][1484 ][debug][gc,phases] GC(10)       StringDedup Table Weak         Min:  0.0, Avg:  0.0, Max:  0.0, Diff:  0.0, Sum:  0.0, Workers: 8
[2025-05-20T20:16:47.946+0300][15820][1484 ][debug][gc,phases] GC(10)         Dead                           Min: 0, Avg:  0.0, Max: 0, Diff: 0, Sum: 0, Workers: 8
[2025-05-20T20:16:47.946+0300][15820][1484 ][debug][gc,phases] GC(10)         Total                          Min: 0, Avg:  0.0, Max: 0, Diff: 0, Sum: 0, Workers: 8
[2025-05-20T20:16:47.946+0300][15820][1484 ][debug][gc,phases] GC(10)       StringDedup Requests0 Weak     Min:  0.0, Avg:  0.0, Max:  0.0, Diff:  0.0, Sum:  0.0, Workers: 8
[2025-05-20T20:16:47.946+0300][15820][1484 ][debug][gc,phases] GC(10)         Dead                           Min: 0, Avg:  0.0, Max: 0, Diff: 0, Sum: 0, Workers: 8
[2025-05-20T20:16:47.946+0300][15820][1484 ][debug][gc,phases] GC(10)         Total                          Min: 0, Avg:  0.0, Max: 0, Diff: 0, Sum: 0, Workers: 8
[2025-05-20T20:16:47.946+0300][15820][1484 ][debug][gc,phases] GC(10)       StringDedup Requests1 Weak     Min:  0.0, Avg:  0.0, Max:  0.0, Diff:  0.0, Sum:  0.0, Workers: 8
[2025-05-20T20:16:47.946+0300][15820][1484 ][debug][gc,phases] GC(10)         Dead                           Min: 0, Avg:  0.0, Max: 0, Diff: 0, Sum: 0, Workers: 8
[2025-05-20T20:16:47.946+0300][15820][1484 ][debug][gc,phases] GC(10)         Total                          Min: 0, Avg:  0.0, Max: 0, Diff: 0, Sum: 0, Workers: 8
[2025-05-20T20:16:47.946+0300][15820][1484 ][debug][gc,phases] GC(10)       Weak JFR Old Object Samples    Min:  0.0, Avg:  0.0, Max:  0.0, Diff:  0.0, Sum:  0.0, Workers: 8
[2025-05-20T20:16:47.946+0300][15820][1484 ][debug][gc,phases] GC(10)         Dead                           Min: 0, Avg:  0.0, Max: 0, Diff: 0, Sum: 0, Workers: 8
[2025-05-20T20:16:47.946+0300][15820][1484 ][debug][gc,phases] GC(10)         Total                          Min: 0, Avg:  0.0, Max: 0, Diff: 0, Sum: 0, Workers: 8
[2025-05-20T20:16:47.946+0300][15820][1484 ][debug][gc,phases] GC(10)     Post Evacuate Cleanup 1: 0.5ms
[2025-05-20T20:16:47.946+0300][15820][1484 ][debug][gc,phases] GC(10)       Merge Per-Thread State (ms):   Min:  0.1, Avg:  0.1, Max:  0.1, Diff:  0.0, Sum:  0.1, Workers: 1
[2025-05-20T20:16:47.946+0300][15820][1484 ][debug][gc,phases] GC(10)         Copied Bytes                   Min: 58768, Avg: 197158.0, Max: 442320, Diff: 383552, Sum: 1577264, Workers: 8
[2025-05-20T20:16:47.946+0300][15820][1484 ][debug][gc,phases] GC(10)         LAB Waste                      Min: 32, Avg: 268.0, Max: 584, Diff: 552, Sum: 2144, Workers: 8
[2025-05-20T20:16:47.946+0300][15820][1484 ][debug][gc,phases] GC(10)         LAB Undo Waste                 Min: 0, Avg:  0.0, Max: 0, Diff: 0, Sum: 0, Workers: 8
[2025-05-20T20:16:47.946+0300][15820][1484 ][debug][gc,phases] GC(10)       Clear Logged Cards (ms):       Min:  0.0, Avg:  0.3, Max:  0.5, Diff:  0.5, Sum:  2.1, Workers: 7
[2025-05-20T20:16:47.946+0300][15820][1484 ][debug][gc,phases] GC(10)       Recalculate Used Memory (ms):  Min:  0.0, Avg:  0.0, Max:  0.0, Diff:  0.0, Sum:  0.0, Workers: 1
[2025-05-20T20:16:47.946+0300][15820][1484 ][debug][gc,phases] GC(10)     Post Evacuate Cleanup 2: 0.4ms
[2025-05-20T20:16:47.946+0300][15820][1484 ][debug][gc,phases] GC(10)       Update Derived Pointers (ms):  Min:  0.0, Avg:  0.0, Max:  0.0, Diff:  0.0, Sum:  0.0, Workers: 1
[2025-05-20T20:16:47.946+0300][15820][1484 ][debug][gc,phases] GC(10)       Eagerly Reclaim Humongous Objects (ms): Min:  0.0, Avg:  0.0, Max:  0.0, Diff:  0.0, Sum:  0.0, Workers: 1
[2025-05-20T20:16:47.946+0300][15820][1484 ][debug][gc,phases] GC(10)         Humongous Total                Min: 3, Avg:  3.0, Max: 3, Diff: 0, Sum: 3, Workers: 1
[2025-05-20T20:16:47.946+0300][15820][1484 ][debug][gc,phases] GC(10)         Humongous Candidates           Min: 3, Avg:  3.0, Max: 3, Diff: 0, Sum: 3, Workers: 1
[2025-05-20T20:16:47.946+0300][15820][1484 ][debug][gc,phases] GC(10)         Humongous Reclaimed            Min: 0, Avg:  0.0, Max: 0, Diff: 0, Sum: 0, Workers: 1
[2025-05-20T20:16:47.946+0300][15820][1484 ][debug][gc,phases] GC(10)       Redirty Logged Cards (ms):     Min:  0.0, Avg:  0.0, Max:  0.0, Diff:  0.0, Sum:  0.0, Workers: 8
[2025-05-20T20:16:47.946+0300][15820][1484 ][debug][gc,phases] GC(10)         Redirtied Cards:               Min: 0, Avg: 29.5, Max: 127, Diff: 127, Sum: 236, Workers: 8
[2025-05-20T20:16:47.946+0300][15820][1484 ][debug][gc,phases] GC(10)       Resize TLABs (ms):             Min:  0.0, Avg:  0.0, Max:  0.0, Diff:  0.0, Sum:  0.0, Workers: 8
[2025-05-20T20:16:47.946+0300][15820][1484 ][debug][gc,phases] GC(10)       Free Collection Set (ms):      Min:  0.0, Avg:  0.3, Max:  0.3, Diff:  0.3, Sum:  2.1, Workers: 8
[2025-05-20T20:16:47.946+0300][15820][1484 ][debug][gc,phases] GC(10)     Rebuild Free List: 0.1ms
[2025-05-20T20:16:47.946+0300][15820][1484 ][debug][gc,phases] GC(10)     Prepare For Mutator: 0.0ms
[2025-05-20T20:16:47.946+0300][15820][1484 ][debug][gc,phases] GC(10)     Expand Heap After Collection: 0.0ms
[2025-05-20T20:16:47.946+0300][15820][1484 ][info ][gc,phases] GC(10)   Other: 0.2ms
[2025-05-20T20:16:47.946+0300][15820][1484 ][info ][gc,heap  ] GC(10) Eden regions: 1227->0(1227)
[2025-05-20T20:16:47.946+0300][15820][1484 ][info ][gc,heap  ] GC(10) Survivor regions: 1->1(154)
[2025-05-20T20:16:47.946+0300][15820][1484 ][info ][gc,heap  ] GC(10) Old regions: 8->8
[2025-05-20T20:16:47.946+0300][15820][1484 ][info ][gc,heap  ] GC(10) Humongous regions: 6->6
[2025-05-20T20:16:47.946+0300][15820][1484 ][debug][gc,heap  ] GC(10) Heap after GC invocations=11 (full 1):
[2025-05-20T20:16:47.946+0300][15820][1484 ][debug][gc,heap  ] GC(10)  garbage-first heap   total 4194304K, used 16959K [0x0000000700000000, 0x0000000800000000)
[2025-05-20T20:16:47.946+0300][15820][1484 ][debug][gc,heap  ] GC(10)   region size 2048K, 1 young (2048K), 1 survivors (2048K)
[2025-05-20T20:16:47.946+0300][15820][1484 ][debug][gc,heap  ] GC(10)  Metaspace       used 9011K, committed 9536K, reserved 1114112K
[2025-05-20T20:16:47.946+0300][15820][1484 ][debug][gc,heap  ] GC(10)   class space    used 982K, committed 1216K, reserved 1048576K
[2025-05-20T20:16:47.946+0300][15820][1484 ][info ][gc       ] GC(10) Pause Young (Normal) (G1 Evacuation Pause) 2470M->16M(4096M) 5.692ms
[2025-05-20T20:16:47.946+0300][15820][1484 ][info ][safepoint] Safepoint "G1CollectForAllocation", Time since last: 898170800 ns, Reaching safepoint: 449500 ns, Cleanup: 21600 ns, At safepoint: 5760000 ns, Total: 6231100 ns
[2025-05-20T20:16:48.899+0300][15820][1484 ][debug][safepoint] Safepoint synchronization initiated using striped semaphore wait barrier. (19 threads)
[2025-05-20T20:16:48.899+0300][15820][11108][debug][safepoint] ... found polling page loop exception at pc = 0x0000024710200a66, stub =0x000002470fbb5d80
[2025-05-20T20:16:48.899+0300][15820][22856][debug][safepoint] ... found polling page loop exception at pc = 0x00000247101b8960, stub =0x000002470fbb5d80
[2025-05-20T20:16:48.899+0300][15820][15272][debug][safepoint] ... found polling page loop exception at pc = 0x00000247101b8960, stub =0x000002470fbb5d80
[2025-05-20T20:16:48.899+0300][15820][17844][debug][safepoint] ... found polling page loop exception at pc = 0x00000247101b8960, stub =0x000002470fbb5d80
[2025-05-20T20:16:48.899+0300][15820][1484 ][debug][gc,heap  ] GC(11) Heap before GC invocations=11 (full 1):
[2025-05-20T20:16:48.899+0300][15820][1484 ][debug][gc,heap  ] GC(11)  garbage-first heap   total 4194304K, used 2529855K [0x0000000700000000, 0x0000000800000000)
[2025-05-20T20:16:48.899+0300][15820][1484 ][debug][gc,heap  ] GC(11)   region size 2048K, 1228 young (2514944K), 1 survivors (2048K)
[2025-05-20T20:16:48.899+0300][15820][1484 ][debug][gc,heap  ] GC(11)  Metaspace       used 9011K, committed 9536K, reserved 1114112K
[2025-05-20T20:16:48.899+0300][15820][1484 ][debug][gc,heap  ] GC(11)   class space    used 982K, committed 1216K, reserved 1048576K
[2025-05-20T20:16:48.904+0300][15820][1484 ][info ][gc,phases] GC(11)   Pre Evacuate Collection Set: 0.4ms
[2025-05-20T20:16:48.904+0300][15820][1484 ][debug][gc,phases] GC(11)     Pre Evacuate Prepare: 0.1ms
[2025-05-20T20:16:48.904+0300][15820][1484 ][debug][gc,phases] GC(11)       JT Retire TLABs And Flush Logs (ms): Min:  0.0, Avg:  0.0, Max:  0.0, Diff:  0.0, Sum:  0.0, Workers: 2
[2025-05-20T20:16:48.904+0300][15820][1484 ][debug][gc,phases] GC(11)       Non-JT Flush Logs (ms):        Min:  0.0, Avg:  0.0, Max:  0.0, Diff:  0.0, Sum:  0.0, Workers: 1
[2025-05-20T20:16:48.904+0300][15820][1484 ][debug][gc,phases] GC(11)     Choose Collection Set: 0.0ms
[2025-05-20T20:16:48.904+0300][15820][1484 ][debug][gc,phases] GC(11)     Region Register: 0.3ms
[2025-05-20T20:16:48.904+0300][15820][1484 ][debug][gc,phases] GC(11)     Prepare Heap Roots: 0.0ms
[2025-05-20T20:16:48.904+0300][15820][1484 ][info ][gc,phases] GC(11)   Merge Heap Roots: 0.3ms
[2025-05-20T20:16:48.904+0300][15820][1484 ][debug][gc,phases] GC(11)     Prepare Merge Heap Roots: 0.0ms
[2025-05-20T20:16:48.904+0300][15820][1484 ][debug][gc,phases] GC(11)     Remembered Sets (ms):          Min:  0.0, Avg:  0.2, Max:  0.2, Diff:  0.2, Sum:  1.3, Workers: 8
[2025-05-20T20:16:48.904+0300][15820][1484 ][debug][gc,phases] GC(11)       Eager Reclaim (ms):            Min:  0.0, Avg:  0.0, Max:  0.0, Diff:  0.0, Sum:  0.0, Workers: 1
[2025-05-20T20:16:48.904+0300][15820][1484 ][debug][gc,phases] GC(11)       Merged Inline                  Min: 0, Avg:  0.0, Max: 0, Diff: 0, Sum: 0, Workers: 8
[2025-05-20T20:16:48.904+0300][15820][1484 ][debug][gc,phases] GC(11)       Merged ArrayOfCards            Min: 0, Avg:  0.0, Max: 0, Diff: 0, Sum: 0, Workers: 8
[2025-05-20T20:16:48.904+0300][15820][1484 ][debug][gc,phases] GC(11)       Merged Howl                    Min: 0, Avg:  0.0, Max: 0, Diff: 0, Sum: 0, Workers: 8
[2025-05-20T20:16:48.904+0300][15820][1484 ][debug][gc,phases] GC(11)       Merged Full                    Min: 0, Avg:  0.0, Max: 0, Diff: 0, Sum: 0, Workers: 8
[2025-05-20T20:16:48.904+0300][15820][1484 ][debug][gc,phases] GC(11)       Merged Howl Inline             Min: 0, Avg:  0.0, Max: 0, Diff: 0, Sum: 0, Workers: 8
[2025-05-20T20:16:48.904+0300][15820][1484 ][debug][gc,phases] GC(11)       Merged Howl ArrayOfCards       Min: 0, Avg:  0.0, Max: 0, Diff: 0, Sum: 0, Workers: 8
[2025-05-20T20:16:48.904+0300][15820][1484 ][debug][gc,phases] GC(11)       Merged Howl BitMap             Min: 0, Avg:  0.0, Max: 0, Diff: 0, Sum: 0, Workers: 8
[2025-05-20T20:16:48.904+0300][15820][1484 ][debug][gc,phases] GC(11)       Merged Howl Full               Min: 0, Avg:  0.0, Max: 0, Diff: 0, Sum: 0, Workers: 8
[2025-05-20T20:16:48.904+0300][15820][1484 ][debug][gc,phases] GC(11)       Merged Cards                   Min: 8, Avg:  9.0, Max: 16, Diff: 8, Sum: 72, Workers: 8
[2025-05-20T20:16:48.904+0300][15820][1484 ][debug][gc,phases] GC(11)     Log Buffers (ms):              Min:  0.0, Avg:  0.0, Max:  0.0, Diff:  0.0, Sum:  0.0, Workers: 8
[2025-05-20T20:16:48.904+0300][15820][1484 ][debug][gc,phases] GC(11)       Dirty Cards:                   Min: 0, Avg: 30.0, Max: 177, Diff: 177, Sum: 240, Workers: 8
[2025-05-20T20:16:48.904+0300][15820][1484 ][debug][gc,phases] GC(11)       Skipped Cards:                 Min: 0, Avg:  0.0, Max: 0, Diff: 0, Sum: 0, Workers: 8
[2025-05-20T20:16:48.904+0300][15820][1484 ][info ][gc,phases] GC(11)   Evacuate Collection Set: 1.6ms
[2025-05-20T20:16:48.904+0300][15820][1484 ][debug][gc,phases] GC(11)     Ext Root Scanning (ms):        Min:  0.0, Avg:  0.1, Max:  0.6, Diff:  0.6, Sum:  1.1, Workers: 8
[2025-05-20T20:16:48.904+0300][15820][1484 ][debug][gc,phases] GC(11)     Scan Heap Roots (ms):          Min:  0.0, Avg:  0.1, Max:  0.2, Diff:  0.2, Sum:  0.6, Workers: 8
[2025-05-20T20:16:48.904+0300][15820][1484 ][debug][gc,phases] GC(11)       Scanned Cards:                 Min: 0, Avg: 29.9, Max: 69, Diff: 69, Sum: 239, Workers: 8
[2025-05-20T20:16:48.904+0300][15820][1484 ][debug][gc,phases] GC(11)       Scanned Blocks:                Min: 0, Avg: 19.6, Max: 51, Diff: 51, Sum: 157, Workers: 8
[2025-05-20T20:16:48.904+0300][15820][1484 ][debug][gc,phases] GC(11)       Claimed Chunks:                Min: 0, Avg:  4.4, Max: 13, Diff: 13, Sum: 35, Workers: 8
[2025-05-20T20:16:48.904+0300][15820][1484 ][debug][gc,phases] GC(11)       Found Roots:                   Min: 0, Avg: 151.1, Max: 341, Diff: 341, Sum: 1209, Workers: 8
[2025-05-20T20:16:48.904+0300][15820][1484 ][debug][gc,phases] GC(11)     Code Root Scan (ms):           Min:  0.1, Avg:  0.4, Max:  0.7, Diff:  0.6, Sum:  3.3, Workers: 8
[2025-05-20T20:16:48.904+0300][15820][1484 ][debug][gc,phases] GC(11)       Scanned Nmethods               Min: 0, Avg: 56.8, Max: 117, Diff: 117, Sum: 454, Workers: 8
[2025-05-20T20:16:48.904+0300][15820][1484 ][debug][gc,phases] GC(11)     Object Copy (ms):              Min:  0.0, Avg:  0.4, Max:  0.7, Diff:  0.7, Sum:  3.5, Workers: 8
[2025-05-20T20:16:48.904+0300][15820][1484 ][debug][gc,phases] GC(11)     Termination (ms):              Min:  0.0, Avg:  0.2, Max:  0.3, Diff:  0.2, Sum:  1.6, Workers: 8
[2025-05-20T20:16:48.904+0300][15820][1484 ][debug][gc,phases] GC(11)       Termination Attempts:          Min: 1, Avg:  1.0, Max: 1, Diff: 0, Sum: 8, Workers: 8
[2025-05-20T20:16:48.904+0300][15820][1484 ][debug][gc,phases] GC(11)     GC Worker Other (ms):          Min:  0.1, Avg:  0.1, Max:  0.2, Diff:  0.0, Sum:  1.0, Workers: 8
[2025-05-20T20:16:48.904+0300][15820][1484 ][debug][gc,phases] GC(11)     GC Worker Total (ms):          Min:  0.2, Avg:  1.4, Max:  1.6, Diff:  1.3, Sum: 11.2, Workers: 8
[2025-05-20T20:16:48.904+0300][15820][1484 ][info ][gc,phases] GC(11)   Post Evacuate Collection Set: 1.4ms
[2025-05-20T20:16:48.904+0300][15820][1484 ][debug][gc,phases] GC(11)     NMethod List Cleanup: 0.1ms
[2025-05-20T20:16:48.904+0300][15820][1484 ][debug][gc,phases] GC(11)     Reference Processing: 0.1ms
[2025-05-20T20:16:48.904+0300][15820][1484 ][debug][gc,phases] GC(11)     Weak Processing: 0.1ms
[2025-05-20T20:16:48.904+0300][15820][1484 ][debug][gc,phases] GC(11)       VM Weak                        Min:  0.0, Avg:  0.0, Max:  0.0, Diff:  0.0, Sum:  0.0, Workers: 8
[2025-05-20T20:16:48.904+0300][15820][1484 ][debug][gc,phases] GC(11)         Dead                           Min: 0, Avg:  0.0, Max: 0, Diff: 0, Sum: 0, Workers: 8
[2025-05-20T20:16:48.904+0300][15820][1484 ][debug][gc,phases] GC(11)         Total                          Min: 0, Avg: 46.9, Max: 128, Diff: 128, Sum: 375, Workers: 8
[2025-05-20T20:16:48.904+0300][15820][1484 ][debug][gc,phases] GC(11)       ObjectSynchronizer Weak        Min:  0.0, Avg:  0.0, Max:  0.0, Diff:  0.0, Sum:  0.0, Workers: 8
[2025-05-20T20:16:48.904+0300][15820][1484 ][debug][gc,phases] GC(11)         Dead                           Min: 0, Avg:  0.0, Max: 0, Diff: 0, Sum: 0, Workers: 8
[2025-05-20T20:16:48.904+0300][15820][1484 ][debug][gc,phases] GC(11)         Total                          Min: 0, Avg: 16.2, Max: 64, Diff: 64, Sum: 130, Workers: 8
[2025-05-20T20:16:48.904+0300][15820][1484 ][debug][gc,phases] GC(11)       JVMTI Tag Weak OopStorage      Min:  0.0, Avg:  0.0, Max:  0.0, Diff:  0.0, Sum:  0.0, Workers: 8
[2025-05-20T20:16:48.904+0300][15820][1484 ][debug][gc,phases] GC(11)         Dead                           Min: 0, Avg:  0.0, Max: 0, Diff: 0, Sum: 0, Workers: 8
[2025-05-20T20:16:48.904+0300][15820][1484 ][debug][gc,phases] GC(11)         Total                          Min: 0, Avg:  0.0, Max: 0, Diff: 0, Sum: 0, Workers: 8
[2025-05-20T20:16:48.904+0300][15820][1484 ][debug][gc,phases] GC(11)       StringTable Weak               Min:  0.0, Avg:  0.0, Max:  0.0, Diff:  0.0, Sum:  0.2, Workers: 8
[2025-05-20T20:16:48.904+0300][15820][1484 ][debug][gc,phases] GC(11)         Dead                           Min: 0, Avg:  0.0, Max: 0, Diff: 0, Sum: 0, Workers: 8
[2025-05-20T20:16:48.904+0300][15820][1484 ][debug][gc,phases] GC(11)         Total                          Min: 0, Avg: 781.4, Max: 1152, Diff: 1152, Sum: 6251, Workers: 8
[2025-05-20T20:16:48.904+0300][15820][1484 ][debug][gc,phases] GC(11)       ResolvedMethodTable Weak       Min:  0.0, Avg:  0.0, Max:  0.0, Diff:  0.0, Sum:  0.0, Workers: 8
[2025-05-20T20:16:48.904+0300][15820][1484 ][debug][gc,phases] GC(11)         Dead                           Min: 0, Avg:  0.0, Max: 0, Diff: 0, Sum: 0, Workers: 8
[2025-05-20T20:16:48.904+0300][15820][1484 ][debug][gc,phases] GC(11)         Total                          Min: 0, Avg: 109.4, Max: 256, Diff: 256, Sum: 875, Workers: 8
[2025-05-20T20:16:48.904+0300][15820][1484 ][debug][gc,phases] GC(11)       JNI Weak                       Min:  0.0, Avg:  0.0, Max:  0.0, Diff:  0.0, Sum:  0.0, Workers: 8
[2025-05-20T20:16:48.904+0300][15820][1484 ][debug][gc,phases] GC(11)         Dead                           Min: 0, Avg:  0.0, Max: 0, Diff: 0, Sum: 0, Workers: 8
[2025-05-20T20:16:48.904+0300][15820][1484 ][debug][gc,phases] GC(11)         Total                          Min: 0, Avg:  0.0, Max: 0, Diff: 0, Sum: 0, Workers: 8
[2025-05-20T20:16:48.904+0300][15820][1484 ][debug][gc,phases] GC(11)       StringDedup Table Weak         Min:  0.0, Avg:  0.0, Max:  0.0, Diff:  0.0, Sum:  0.0, Workers: 8
[2025-05-20T20:16:48.904+0300][15820][1484 ][debug][gc,phases] GC(11)         Dead                           Min: 0, Avg:  0.0, Max: 0, Diff: 0, Sum: 0, Workers: 8
[2025-05-20T20:16:48.904+0300][15820][1484 ][debug][gc,phases] GC(11)         Total                          Min: 0, Avg:  0.0, Max: 0, Diff: 0, Sum: 0, Workers: 8
[2025-05-20T20:16:48.904+0300][15820][1484 ][debug][gc,phases] GC(11)       StringDedup Requests0 Weak     Min:  0.0, Avg:  0.0, Max:  0.0, Diff:  0.0, Sum:  0.0, Workers: 8
[2025-05-20T20:16:48.904+0300][15820][1484 ][debug][gc,phases] GC(11)         Dead                           Min: 0, Avg:  0.0, Max: 0, Diff: 0, Sum: 0, Workers: 8
[2025-05-20T20:16:48.904+0300][15820][1484 ][debug][gc,phases] GC(11)         Total                          Min: 0, Avg:  0.0, Max: 0, Diff: 0, Sum: 0, Workers: 8
[2025-05-20T20:16:48.904+0300][15820][1484 ][debug][gc,phases] GC(11)       StringDedup Requests1 Weak     Min:  0.0, Avg:  0.0, Max:  0.0, Diff:  0.0, Sum:  0.0, Workers: 8
[2025-05-20T20:16:48.904+0300][15820][1484 ][debug][gc,phases] GC(11)         Dead                           Min: 0, Avg:  0.0, Max: 0, Diff: 0, Sum: 0, Workers: 8
[2025-05-20T20:16:48.904+0300][15820][1484 ][debug][gc,phases] GC(11)         Total                          Min: 0, Avg:  0.0, Max: 0, Diff: 0, Sum: 0, Workers: 8
[2025-05-20T20:16:48.904+0300][15820][1484 ][debug][gc,phases] GC(11)       Weak JFR Old Object Samples    Min:  0.0, Avg:  0.0, Max:  0.0, Diff:  0.0, Sum:  0.0, Workers: 8
[2025-05-20T20:16:48.904+0300][15820][1484 ][debug][gc,phases] GC(11)         Dead                           Min: 0, Avg:  0.0, Max: 0, Diff: 0, Sum: 0, Workers: 8
[2025-05-20T20:16:48.904+0300][15820][1484 ][debug][gc,phases] GC(11)         Total                          Min: 0, Avg:  0.0, Max: 0, Diff: 0, Sum: 0, Workers: 8
[2025-05-20T20:16:48.904+0300][15820][1484 ][debug][gc,phases] GC(11)     Post Evacuate Cleanup 1: 0.5ms
[2025-05-20T20:16:48.904+0300][15820][1484 ][debug][gc,phases] GC(11)       Merge Per-Thread State (ms):   Min:  0.1, Avg:  0.1, Max:  0.1, Diff:  0.0, Sum:  0.1, Workers: 1
[2025-05-20T20:16:48.904+0300][15820][1484 ][debug][gc,phases] GC(11)         Copied Bytes                   Min: 0, Avg: 202522.0, Max: 482648, Diff: 482648, Sum: 1620176, Workers: 8
[2025-05-20T20:16:48.904+0300][15820][1484 ][debug][gc,phases] GC(11)         LAB Waste                      Min: 0, Avg: 444.0, Max: 1848, Diff: 1848, Sum: 3552, Workers: 8
[2025-05-20T20:16:48.904+0300][15820][1484 ][debug][gc,phases] GC(11)         LAB Undo Waste                 Min: 0, Avg:  0.0, Max: 0, Diff: 0, Sum: 0, Workers: 8
[2025-05-20T20:16:48.904+0300][15820][1484 ][debug][gc,phases] GC(11)       Clear Logged Cards (ms):       Min:  0.0, Avg:  0.3, Max:  0.4, Diff:  0.4, Sum:  1.9, Workers: 7
[2025-05-20T20:16:48.904+0300][15820][1484 ][debug][gc,phases] GC(11)       Recalculate Used Memory (ms):  Min:  0.0, Avg:  0.0, Max:  0.0, Diff:  0.0, Sum:  0.0, Workers: 1
[2025-05-20T20:16:48.904+0300][15820][1484 ][debug][gc,phases] GC(11)     Post Evacuate Cleanup 2: 0.5ms
[2025-05-20T20:16:48.904+0300][15820][1484 ][debug][gc,phases] GC(11)       Update Derived Pointers (ms):  Min:  0.0, Avg:  0.0, Max:  0.0, Diff:  0.0, Sum:  0.0, Workers: 1
[2025-05-20T20:16:48.904+0300][15820][1484 ][debug][gc,phases] GC(11)       Eagerly Reclaim Humongous Objects (ms): Min:  0.0, Avg:  0.0, Max:  0.0, Diff:  0.0, Sum:  0.0, Workers: 1
[2025-05-20T20:16:48.904+0300][15820][1484 ][debug][gc,phases] GC(11)         Humongous Total                Min: 3, Avg:  3.0, Max: 3, Diff: 0, Sum: 3, Workers: 1
[2025-05-20T20:16:48.904+0300][15820][1484 ][debug][gc,phases] GC(11)         Humongous Candidates           Min: 3, Avg:  3.0, Max: 3, Diff: 0, Sum: 3, Workers: 1
[2025-05-20T20:16:48.904+0300][15820][1484 ][debug][gc,phases] GC(11)         Humongous Reclaimed            Min: 0, Avg:  0.0, Max: 0, Diff: 0, Sum: 0, Workers: 1
[2025-05-20T20:16:48.904+0300][15820][1484 ][debug][gc,phases] GC(11)       Redirty Logged Cards (ms):     Min:  0.0, Avg:  0.0, Max:  0.0, Diff:  0.0, Sum:  0.0, Workers: 8
[2025-05-20T20:16:48.904+0300][15820][1484 ][debug][gc,phases] GC(11)         Redirtied Cards:               Min: 0, Avg: 29.5, Max: 105, Diff: 105, Sum: 236, Workers: 8
[2025-05-20T20:16:48.904+0300][15820][1484 ][debug][gc,phases] GC(11)       Resize TLABs (ms):             Min:  0.0, Avg:  0.0, Max:  0.0, Diff:  0.0, Sum:  0.0, Workers: 8
[2025-05-20T20:16:48.904+0300][15820][1484 ][debug][gc,phases] GC(11)       Free Collection Set (ms):      Min:  0.0, Avg:  0.3, Max:  0.4, Diff:  0.3, Sum:  2.1, Workers: 8
[2025-05-20T20:16:48.904+0300][15820][1484 ][debug][gc,phases] GC(11)     Rebuild Free List: 0.1ms
[2025-05-20T20:16:48.904+0300][15820][1484 ][debug][gc,phases] GC(11)     Prepare For Mutator: 0.0ms
[2025-05-20T20:16:48.904+0300][15820][1484 ][debug][gc,phases] GC(11)     Expand Heap After Collection: 0.0ms
[2025-05-20T20:16:48.904+0300][15820][1484 ][info ][gc,phases] GC(11)   Other: 0.2ms
[2025-05-20T20:16:48.904+0300][15820][1484 ][info ][gc,heap  ] GC(11) Eden regions: 1227->0(1227)
[2025-05-20T20:16:48.904+0300][15820][1484 ][info ][gc,heap  ] GC(11) Survivor regions: 1->1(154)
[2025-05-20T20:16:48.904+0300][15820][1484 ][info ][gc,heap  ] GC(11) Old regions: 8->8
[2025-05-20T20:16:48.904+0300][15820][1484 ][info ][gc,heap  ] GC(11) Humongous regions: 6->6
[2025-05-20T20:16:48.904+0300][15820][1484 ][debug][gc,heap  ] GC(11) Heap after GC invocations=12 (full 1):
[2025-05-20T20:16:48.904+0300][15820][1484 ][debug][gc,heap  ] GC(11)  garbage-first heap   total 4194304K, used 16925K [0x0000000700000000, 0x0000000800000000)
[2025-05-20T20:16:48.904+0300][15820][1484 ][debug][gc,heap  ] GC(11)   region size 2048K, 1 young (2048K), 1 survivors (2048K)
[2025-05-20T20:16:48.904+0300][15820][1484 ][debug][gc,heap  ] GC(11)  Metaspace       used 9011K, committed 9536K, reserved 1114112K
[2025-05-20T20:16:48.904+0300][15820][1484 ][debug][gc,heap  ] GC(11)   class space    used 982K, committed 1216K, reserved 1048576K
[2025-05-20T20:16:48.904+0300][15820][1484 ][info ][gc       ] GC(11) Pause Young (Normal) (G1 Evacuation Pause) 2470M->16M(4096M) 6.216ms
[2025-05-20T20:16:48.904+0300][15820][1484 ][info ][safepoint] Safepoint "G1CollectForAllocation", Time since last: 952817400 ns, Reaching safepoint: 346900 ns, Cleanup: 48400 ns, At safepoint: 6299600 ns, Total: 6694900 ns
[2025-05-20T20:16:49.649+0300][15820][1484 ][debug][safepoint] Safepoint synchronization initiated using striped semaphore wait barrier. (13 threads)
[2025-05-20T20:16:49.649+0300][15820][1484 ][debug][gc,heap  ] GC(12) Heap before GC invocations=12 (full 1):
[2025-05-20T20:16:49.649+0300][15820][1484 ][debug][gc,heap  ] GC(12)  garbage-first heap   total 4194304K, used 561693K [0x0000000700000000, 0x0000000800000000)
[2025-05-20T20:16:49.649+0300][15820][1484 ][debug][gc,heap  ] GC(12)   region size 2048K, 262 young (536576K), 1 survivors (2048K)
[2025-05-20T20:16:49.649+0300][15820][1484 ][debug][gc,heap  ] GC(12)  Metaspace       used 9200K, committed 9792K, reserved 1114112K
[2025-05-20T20:16:49.649+0300][15820][1484 ][debug][gc,heap  ] GC(12)   class space    used 1000K, committed 1280K, reserved 1048576K
[2025-05-20T20:16:49.649+0300][15820][1484 ][debug][gc,phases] GC(12) Phase 1: Reference Processing 0.193ms
[2025-05-20T20:16:49.649+0300][15820][1484 ][debug][gc,phases] GC(12)   VM Weak                        Min:  0.0, Avg:  0.0, Max:  0.0, Diff:  0.0, Sum:  0.0, Workers: 8
[2025-05-20T20:16:49.649+0300][15820][1484 ][debug][gc,phases] GC(12)     Dead                           Min: 0, Avg: 31.6, Max: 207, Diff: 207, Sum: 253, Workers: 8
[2025-05-20T20:16:49.649+0300][15820][1484 ][debug][gc,phases] GC(12)     Total                          Min: 0, Avg: 47.0, Max: 320, Diff: 320, Sum: 376, Workers: 8
[2025-05-20T20:16:49.649+0300][15820][1484 ][debug][gc,phases] GC(12)   ObjectSynchronizer Weak        Min:  0.0, Avg:  0.0, Max:  0.0, Diff:  0.0, Sum:  0.0, Workers: 8
[2025-05-20T20:16:49.649+0300][15820][1484 ][debug][gc,phases] GC(12)     Dead                           Min: 0, Avg:  0.2, Max: 2, Diff: 2, Sum: 2, Workers: 8
[2025-05-20T20:16:49.649+0300][15820][1484 ][debug][gc,phases] GC(12)     Total                          Min: 0, Avg: 16.2, Max: 64, Diff: 64, Sum: 130, Workers: 8
[2025-05-20T20:16:49.649+0300][15820][1484 ][debug][gc,phases] GC(12)   JVMTI Tag Weak OopStorage      Min:  0.0, Avg:  0.0, Max:  0.0, Diff:  0.0, Sum:  0.0, Workers: 8
[2025-05-20T20:16:49.649+0300][15820][1484 ][debug][gc,phases] GC(12)     Dead                           Min: 0, Avg:  0.0, Max: 0, Diff: 0, Sum: 0, Workers: 8
[2025-05-20T20:16:49.649+0300][15820][1484 ][debug][gc,phases] GC(12)     Total                          Min: 0, Avg:  0.0, Max: 0, Diff: 0, Sum: 0, Workers: 8
[2025-05-20T20:16:49.649+0300][15820][1484 ][debug][gc,phases] GC(12)   StringTable Weak               Min:  0.0, Avg:  0.0, Max:  0.0, Diff:  0.0, Sum:  0.1, Workers: 8
[2025-05-20T20:16:49.649+0300][15820][1484 ][debug][gc,phases] GC(12)     Dead                           Min: 0, Avg:  0.5, Max: 3, Diff: 3, Sum: 4, Workers: 8
[2025-05-20T20:16:49.649+0300][15820][1484 ][debug][gc,phases] GC(12)     Total                          Min: 0, Avg: 787.8, Max: 1344, Diff: 1344, Sum: 6302, Workers: 8
[2025-05-20T20:16:49.649+0300][15820][1484 ][debug][gc,phases] GC(12)   ResolvedMethodTable Weak       Min:  0.0, Avg:  0.0, Max:  0.0, Diff:  0.0, Sum:  0.0, Workers: 8
[2025-05-20T20:16:49.649+0300][15820][1484 ][debug][gc,phases] GC(12)     Dead                           Min: 0, Avg:  3.9, Max: 14, Diff: 14, Sum: 31, Workers: 8
[2025-05-20T20:16:49.649+0300][15820][1484 ][debug][gc,phases] GC(12)     Total                          Min: 0, Avg: 112.8, Max: 201, Diff: 201, Sum: 902, Workers: 8
[2025-05-20T20:16:49.649+0300][15820][1484 ][debug][gc,phases] GC(12)   JNI Weak                       Min:  0.0, Avg:  0.0, Max:  0.0, Diff:  0.0, Sum:  0.0, Workers: 8
[2025-05-20T20:16:49.649+0300][15820][1484 ][debug][gc,phases] GC(12)     Dead                           Min: 0, Avg:  0.0, Max: 0, Diff: 0, Sum: 0, Workers: 8
[2025-05-20T20:16:49.649+0300][15820][1484 ][debug][gc,phases] GC(12)     Total                          Min: 0, Avg:  0.0, Max: 0, Diff: 0, Sum: 0, Workers: 8
[2025-05-20T20:16:49.649+0300][15820][1484 ][debug][gc,phases] GC(12)   StringDedup Table Weak         Min:  0.0, Avg:  0.0, Max:  0.0, Diff:  0.0, Sum:  0.0, Workers: 8
[2025-05-20T20:16:49.649+0300][15820][1484 ][debug][gc,phases] GC(12)     Dead                           Min: 0, Avg:  0.0, Max: 0, Diff: 0, Sum: 0, Workers: 8
[2025-05-20T20:16:49.649+0300][15820][1484 ][debug][gc,phases] GC(12)     Total                          Min: 0, Avg:  0.0, Max: 0, Diff: 0, Sum: 0, Workers: 8
[2025-05-20T20:16:49.649+0300][15820][1484 ][debug][gc,phases] GC(12)   StringDedup Requests0 Weak     Min:  0.0, Avg:  0.0, Max:  0.0, Diff:  0.0, Sum:  0.0, Workers: 8
[2025-05-20T20:16:49.649+0300][15820][1484 ][debug][gc,phases] GC(12)     Dead                           Min: 0, Avg:  0.0, Max: 0, Diff: 0, Sum: 0, Workers: 8
[2025-05-20T20:16:49.649+0300][15820][1484 ][debug][gc,phases] GC(12)     Total                          Min: 0, Avg:  0.0, Max: 0, Diff: 0, Sum: 0, Workers: 8
[2025-05-20T20:16:49.649+0300][15820][1484 ][debug][gc,phases] GC(12)   StringDedup Requests1 Weak     Min:  0.0, Avg:  0.0, Max:  0.0, Diff:  0.0, Sum:  0.0, Workers: 8
[2025-05-20T20:16:49.649+0300][15820][1484 ][debug][gc,phases] GC(12)     Dead                           Min: 0, Avg:  0.0, Max: 0, Diff: 0, Sum: 0, Workers: 8
[2025-05-20T20:16:49.649+0300][15820][1484 ][debug][gc,phases] GC(12)     Total                          Min: 0, Avg:  0.0, Max: 0, Diff: 0, Sum: 0, Workers: 8
[2025-05-20T20:16:49.649+0300][15820][1484 ][debug][gc,phases] GC(12)   Weak JFR Old Object Samples    Min:  0.0, Avg:  0.0, Max:  0.0, Diff:  0.0, Sum:  0.0, Workers: 8
[2025-05-20T20:16:49.649+0300][15820][1484 ][debug][gc,phases] GC(12)     Dead                           Min: 0, Avg:  0.0, Max: 0, Diff: 0, Sum: 0, Workers: 8
[2025-05-20T20:16:49.649+0300][15820][1484 ][debug][gc,phases] GC(12)     Total                          Min: 0, Avg:  0.0, Max: 0, Diff: 0, Sum: 0, Workers: 8
[2025-05-20T20:16:49.649+0300][15820][1484 ][debug][gc,phases] GC(12) Phase 1: Weak Processing 0.616ms
[2025-05-20T20:16:49.649+0300][15820][1484 ][debug][gc,phases] GC(12) ClassLoaderData 0.370ms
[2025-05-20T20:16:49.649+0300][15820][1484 ][debug][gc,phases] GC(12) Trigger cleanups 0.010ms
[2025-05-20T20:16:49.649+0300][15820][1484 ][debug][gc,phases] GC(12) G1 Complete Cleaning 2.537ms
[2025-05-20T20:16:49.649+0300][15820][1484 ][debug][gc,phases] GC(12) Purge Unlinked NMethods 0.141ms
[2025-05-20T20:16:49.649+0300][15820][1484 ][debug][gc,phases] GC(12) Unregister NMethods 0.244ms
[2025-05-20T20:16:49.649+0300][15820][1484 ][debug][gc,phases] GC(12) Free Code Blobs 0.043ms
[2025-05-20T20:16:49.649+0300][15820][1484 ][debug][gc,phases] GC(12) Purge Class Loader Data 0.469ms
[2025-05-20T20:16:49.649+0300][15820][1484 ][debug][gc,phases] GC(12) Phase 1: Class Unloading and Cleanup 4.012ms
[2025-05-20T20:16:49.649+0300][15820][1484 ][debug][gc,phases] GC(12) Report Object Count 0.002ms
[2025-05-20T20:16:49.649+0300][15820][1484 ][info ][gc,phases] GC(12) Phase 1: Mark live objects 6.600ms
[2025-05-20T20:16:49.649+0300][15820][1484 ][debug][gc,phases] GC(12) Phase 2: Determine work lists 0.077ms
[2025-05-20T20:16:49.649+0300][15820][1484 ][debug][gc,phases] GC(12) Phase 2: Prepare parallel compaction 0.887ms
[2025-05-20T20:16:49.649+0300][15820][1484 ][info ][gc,phases] GC(12) Phase 2: Prepare compaction 1.013ms
[2025-05-20T20:16:49.665+0300][15820][1484 ][info ][gc,phases] GC(12) Phase 3: Adjust pointers 4.429ms
[2025-05-20T20:16:49.665+0300][15820][1484 ][info ][gc,phases] GC(12) Phase 4: Compact heap 1.350ms
[2025-05-20T20:16:49.670+0300][15820][1484 ][info ][gc,phases] GC(12) Phase 5: Reset Metadata 1.624ms
[2025-05-20T20:16:49.674+0300][15820][1484 ][info ][gc,heap  ] GC(12) Eden regions: 261->0(1228)
[2025-05-20T20:16:49.674+0300][15820][1484 ][info ][gc,heap  ] GC(12) Survivor regions: 1->0(154)
[2025-05-20T20:16:49.674+0300][15820][1484 ][info ][gc,heap  ] GC(12) Old regions: 8->8
[2025-05-20T20:16:49.674+0300][15820][1484 ][info ][gc,heap  ] GC(12) Humongous regions: 12->6
[2025-05-20T20:16:49.674+0300][15820][1484 ][debug][gc,heap  ] GC(12) Heap after GC invocations=13 (full 2):
[2025-05-20T20:16:49.674+0300][15820][1484 ][debug][gc,heap  ] GC(12)  garbage-first heap   total 4194304K, used 16055K [0x0000000700000000, 0x0000000800000000)
[2025-05-20T20:16:49.674+0300][15820][1484 ][debug][gc,heap  ] GC(12)   region size 2048K, 0 young (0K), 0 survivors (0K)
[2025-05-20T20:16:49.674+0300][15820][1484 ][debug][gc,heap  ] GC(12)  Metaspace       used 8747K, committed 9792K, reserved 1114112K
[2025-05-20T20:16:49.674+0300][15820][1484 ][debug][gc,heap  ] GC(12)   class space    used 875K, committed 1280K, reserved 1048576K
[2025-05-20T20:16:49.674+0300][15820][1484 ][info ][gc       ] GC(12) Pause Full (System.gc()) 550M->15M(4096M) 25.007ms
[2025-05-20T20:16:49.674+0300][15820][1484 ][info ][safepoint] Safepoint "G1CollectFull", Time since last: 748469100 ns, Reaching safepoint: 65500 ns, Cleanup: 24400 ns, At safepoint: 25068500 ns, Total: 25158400 ns
[2025-05-20T20:16:50.540+0300][15820][1484 ][debug][safepoint] Safepoint synchronization initiated using striped semaphore wait barrier. (21 threads)
[2025-05-20T20:16:50.540+0300][15820][18340][debug][safepoint] ... found polling page loop exception at pc = 0x00000247101bb1f7, stub =0x000002470fbb6600
[2025-05-20T20:16:50.540+0300][15820][6656 ][debug][safepoint] ... found polling page loop exception at pc = 0x00000247101cf522, stub =0x000002470fbb6600
[2025-05-20T20:16:50.540+0300][15820][5056 ][debug][safepoint] ... found polling page loop exception at pc = 0x00000247101b8960, stub =0x000002470fbb5d80
[2025-05-20T20:16:50.540+0300][15820][20576][debug][safepoint] ... found polling page loop exception at pc = 0x00000247101df3b3, stub =0x000002470fbb6600
[2025-05-20T20:16:50.540+0300][15820][1484 ][debug][gc,heap  ] GC(13) Heap before GC invocations=13 (full 2):
[2025-05-20T20:16:50.540+0300][15820][1484 ][debug][gc,heap  ] GC(13)  garbage-first heap   total 4194304K, used 2543287K [0x0000000700000000, 0x0000000800000000)
[2025-05-20T20:16:50.540+0300][15820][1484 ][debug][gc,heap  ] GC(13)   region size 2048K, 1228 young (2514944K), 0 survivors (0K)
[2025-05-20T20:16:50.540+0300][15820][1484 ][debug][gc,heap  ] GC(13)  Metaspace       used 8747K, committed 9792K, reserved 1114112K
[2025-05-20T20:16:50.540+0300][15820][1484 ][debug][gc,heap  ] GC(13)   class space    used 875K, committed 1280K, reserved 1048576K
[2025-05-20T20:16:50.542+0300][15820][1484 ][info ][gc,phases] GC(13)   Pre Evacuate Collection Set: 0.4ms
[2025-05-20T20:16:50.542+0300][15820][1484 ][debug][gc,phases] GC(13)     Pre Evacuate Prepare: 0.1ms
[2025-05-20T20:16:50.542+0300][15820][1484 ][debug][gc,phases] GC(13)       JT Retire TLABs And Flush Logs (ms): Min:  0.0, Avg:  0.0, Max:  0.0, Diff:  0.0, Sum:  0.0, Workers: 2
[2025-05-20T20:16:50.542+0300][15820][1484 ][debug][gc,phases] GC(13)       Non-JT Flush Logs (ms):        Min:  0.0, Avg:  0.0, Max:  0.0, Diff:  0.0, Sum:  0.0, Workers: 1
[2025-05-20T20:16:50.542+0300][15820][1484 ][debug][gc,phases] GC(13)     Choose Collection Set: 0.0ms
[2025-05-20T20:16:50.542+0300][15820][1484 ][debug][gc,phases] GC(13)     Region Register: 0.3ms
[2025-05-20T20:16:50.542+0300][15820][1484 ][debug][gc,phases] GC(13)     Prepare Heap Roots: 0.0ms
[2025-05-20T20:16:50.542+0300][15820][1484 ][info ][gc,phases] GC(13)   Merge Heap Roots: 0.2ms
[2025-05-20T20:16:50.542+0300][15820][1484 ][debug][gc,phases] GC(13)     Prepare Merge Heap Roots: 0.0ms
[2025-05-20T20:16:50.542+0300][15820][1484 ][debug][gc,phases] GC(13)     Remembered Sets (ms):          Min:  0.0, Avg:  0.1, Max:  0.1, Diff:  0.1, Sum:  0.9, Workers: 8
[2025-05-20T20:16:50.542+0300][15820][1484 ][debug][gc,phases] GC(13)       Eager Reclaim (ms):            Min:  0.0, Avg:  0.0, Max:  0.0, Diff:  0.0, Sum:  0.0, Workers: 1
[2025-05-20T20:16:50.542+0300][15820][1484 ][debug][gc,phases] GC(13)       Merged Inline                  Min: 0, Avg:  0.0, Max: 0, Diff: 0, Sum: 0, Workers: 8
[2025-05-20T20:16:50.542+0300][15820][1484 ][debug][gc,phases] GC(13)       Merged ArrayOfCards            Min: 0, Avg:  0.0, Max: 0, Diff: 0, Sum: 0, Workers: 8
[2025-05-20T20:16:50.542+0300][15820][1484 ][debug][gc,phases] GC(13)       Merged Howl                    Min: 0, Avg:  0.0, Max: 0, Diff: 0, Sum: 0, Workers: 8
[2025-05-20T20:16:50.542+0300][15820][1484 ][debug][gc,phases] GC(13)       Merged Full                    Min: 0, Avg:  0.0, Max: 0, Diff: 0, Sum: 0, Workers: 8
[2025-05-20T20:16:50.542+0300][15820][1484 ][debug][gc,phases] GC(13)       Merged Howl Inline             Min: 0, Avg:  0.0, Max: 0, Diff: 0, Sum: 0, Workers: 8
[2025-05-20T20:16:50.542+0300][15820][1484 ][debug][gc,phases] GC(13)       Merged Howl ArrayOfCards       Min: 0, Avg:  0.0, Max: 0, Diff: 0, Sum: 0, Workers: 8
[2025-05-20T20:16:50.542+0300][15820][1484 ][debug][gc,phases] GC(13)       Merged Howl BitMap             Min: 0, Avg:  0.0, Max: 0, Diff: 0, Sum: 0, Workers: 8
[2025-05-20T20:16:50.542+0300][15820][1484 ][debug][gc,phases] GC(13)       Merged Howl Full               Min: 0, Avg:  0.0, Max: 0, Diff: 0, Sum: 0, Workers: 8
[2025-05-20T20:16:50.542+0300][15820][1484 ][debug][gc,phases] GC(13)       Merged Cards                   Min: 8, Avg:  9.0, Max: 16, Diff: 8, Sum: 72, Workers: 8
[2025-05-20T20:16:50.542+0300][15820][1484 ][debug][gc,phases] GC(13)     Log Buffers (ms):              Min:  0.0, Avg:  0.0, Max:  0.0, Diff:  0.0, Sum:  0.0, Workers: 8
[2025-05-20T20:16:50.542+0300][15820][1484 ][debug][gc,phases] GC(13)       Dirty Cards:                   Min: 0, Avg:  5.1, Max: 41, Diff: 41, Sum: 41, Workers: 8
[2025-05-20T20:16:50.542+0300][15820][1484 ][debug][gc,phases] GC(13)       Skipped Cards:                 Min: 0, Avg:  0.0, Max: 0, Diff: 0, Sum: 0, Workers: 8
[2025-05-20T20:16:50.542+0300][15820][1484 ][info ][gc,phases] GC(13)   Evacuate Collection Set: 0.8ms
[2025-05-20T20:16:50.542+0300][15820][1484 ][debug][gc,phases] GC(13)     Ext Root Scanning (ms):        Min:  0.0, Avg:  0.1, Max:  0.2, Diff:  0.2, Sum:  0.8, Workers: 8
[2025-05-20T20:16:50.542+0300][15820][1484 ][debug][gc,phases] GC(13)     Scan Heap Roots (ms):          Min:  0.0, Avg:  0.0, Max:  0.0, Diff:  0.0, Sum:  0.1, Workers: 8
[2025-05-20T20:16:50.542+0300][15820][1484 ][debug][gc,phases] GC(13)       Scanned Cards:                 Min: 0, Avg:  5.1, Max: 15, Diff: 15, Sum: 41, Workers: 8
[2025-05-20T20:16:50.542+0300][15820][1484 ][debug][gc,phases] GC(13)       Scanned Blocks:                Min: 0, Avg:  3.6, Max: 10, Diff: 10, Sum: 29, Workers: 8
[2025-05-20T20:16:50.542+0300][15820][1484 ][debug][gc,phases] GC(13)       Claimed Chunks:                Min: 0, Avg:  1.9, Max: 4, Diff: 4, Sum: 15, Workers: 8
[2025-05-20T20:16:50.542+0300][15820][1484 ][debug][gc,phases] GC(13)       Found Roots:                   Min: 0, Avg:  1.1, Max: 5, Diff: 5, Sum: 9, Workers: 8
[2025-05-20T20:16:50.542+0300][15820][1484 ][debug][gc,phases] GC(13)     Code Root Scan (ms):           Min:  0.1, Avg:  0.1, Max:  0.1, Diff:  0.0, Sum:  0.9, Workers: 8
[2025-05-20T20:16:50.542+0300][15820][1484 ][debug][gc,phases] GC(13)       Scanned Nmethods               Min: 0, Avg:  0.0, Max: 0, Diff: 0, Sum: 0, Workers: 8
[2025-05-20T20:16:50.542+0300][15820][1484 ][debug][gc,phases] GC(13)     Object Copy (ms):              Min:  0.0, Avg:  0.1, Max:  0.1, Diff:  0.1, Sum:  0.8, Workers: 8
[2025-05-20T20:16:50.542+0300][15820][1484 ][debug][gc,phases] GC(13)     Termination (ms):              Min:  0.0, Avg:  0.2, Max:  0.3, Diff:  0.2, Sum:  1.8, Workers: 8
[2025-05-20T20:16:50.542+0300][15820][1484 ][debug][gc,phases] GC(13)       Termination Attempts:          Min: 1, Avg:  1.0, Max: 1, Diff: 0, Sum: 8, Workers: 8
[2025-05-20T20:16:50.542+0300][15820][1484 ][debug][gc,phases] GC(13)     GC Worker Other (ms):          Min:  0.1, Avg:  0.1, Max:  0.1, Diff:  0.0, Sum:  1.0, Workers: 8
[2025-05-20T20:16:50.542+0300][15820][1484 ][debug][gc,phases] GC(13)     GC Worker Total (ms):          Min:  0.2, Avg:  0.7, Max:  0.7, Diff:  0.5, Sum:  5.3, Workers: 8
[2025-05-20T20:16:50.542+0300][15820][1484 ][info ][gc,phases] GC(13)   Post Evacuate Collection Set: 1.2ms
[2025-05-20T20:16:50.542+0300][15820][1484 ][debug][gc,phases] GC(13)     NMethod List Cleanup: 0.0ms
[2025-05-20T20:16:50.542+0300][15820][1484 ][debug][gc,phases] GC(13)     Reference Processing: 0.1ms
[2025-05-20T20:16:50.542+0300][15820][1484 ][debug][gc,phases] GC(13)     Weak Processing: 0.1ms
[2025-05-20T20:16:50.542+0300][15820][1484 ][debug][gc,phases] GC(13)       VM Weak                        Min:  0.0, Avg:  0.0, Max:  0.0, Diff:  0.0, Sum:  0.0, Workers: 8
[2025-05-20T20:16:50.542+0300][15820][1484 ][debug][gc,phases] GC(13)         Dead                           Min: 0, Avg:  0.0, Max: 0, Diff: 0, Sum: 0, Workers: 8
[2025-05-20T20:16:50.542+0300][15820][1484 ][debug][gc,phases] GC(13)         Total                          Min: 0, Avg: 15.4, Max: 102, Diff: 102, Sum: 123, Workers: 8
[2025-05-20T20:16:50.542+0300][15820][1484 ][debug][gc,phases] GC(13)       ObjectSynchronizer Weak        Min:  0.0, Avg:  0.0, Max:  0.0, Diff:  0.0, Sum:  0.0, Workers: 8
[2025-05-20T20:16:50.542+0300][15820][1484 ][debug][gc,phases] GC(13)         Dead                           Min: 0, Avg:  0.0, Max: 0, Diff: 0, Sum: 0, Workers: 8
[2025-05-20T20:16:50.542+0300][15820][1484 ][debug][gc,phases] GC(13)         Total                          Min: 0, Avg: 16.4, Max: 64, Diff: 64, Sum: 131, Workers: 8
[2025-05-20T20:16:50.542+0300][15820][1484 ][debug][gc,phases] GC(13)       JVMTI Tag Weak OopStorage      Min:  0.0, Avg:  0.0, Max:  0.0, Diff:  0.0, Sum:  0.0, Workers: 8
[2025-05-20T20:16:50.542+0300][15820][1484 ][debug][gc,phases] GC(13)         Dead                           Min: 0, Avg:  0.0, Max: 0, Diff: 0, Sum: 0, Workers: 8
[2025-05-20T20:16:50.542+0300][15820][1484 ][debug][gc,phases] GC(13)         Total                          Min: 0, Avg:  0.0, Max: 0, Diff: 0, Sum: 0, Workers: 8
[2025-05-20T20:16:50.542+0300][15820][1484 ][debug][gc,phases] GC(13)       StringTable Weak               Min:  0.0, Avg:  0.0, Max:  0.0, Diff:  0.0, Sum:  0.1, Workers: 8
[2025-05-20T20:16:50.542+0300][15820][1484 ][debug][gc,phases] GC(13)         Dead                           Min: 0, Avg:  0.0, Max: 0, Diff: 0, Sum: 0, Workers: 8
[2025-05-20T20:16:50.542+0300][15820][1484 ][debug][gc,phases] GC(13)         Total                          Min: 0, Avg: 787.8, Max: 1024, Diff: 1024, Sum: 6302, Workers: 8
[2025-05-20T20:16:50.542+0300][15820][1484 ][debug][gc,phases] GC(13)       ResolvedMethodTable Weak       Min:  0.0, Avg:  0.0, Max:  0.0, Diff:  0.0, Sum:  0.0, Workers: 8
[2025-05-20T20:16:50.542+0300][15820][1484 ][debug][gc,phases] GC(13)         Dead                           Min: 0, Avg:  0.0, Max: 0, Diff: 0, Sum: 0, Workers: 8
[2025-05-20T20:16:50.542+0300][15820][1484 ][debug][gc,phases] GC(13)         Total                          Min: 0, Avg: 112.8, Max: 138, Diff: 138, Sum: 902, Workers: 8
[2025-05-20T20:16:50.542+0300][15820][1484 ][debug][gc,phases] GC(13)       JNI Weak                       Min:  0.0, Avg:  0.0, Max:  0.0, Diff:  0.0, Sum:  0.0, Workers: 8
[2025-05-20T20:16:50.542+0300][15820][1484 ][debug][gc,phases] GC(13)         Dead                           Min: 0, Avg:  0.0, Max: 0, Diff: 0, Sum: 0, Workers: 8
[2025-05-20T20:16:50.542+0300][15820][1484 ][debug][gc,phases] GC(13)         Total                          Min: 0, Avg:  0.0, Max: 0, Diff: 0, Sum: 0, Workers: 8
[2025-05-20T20:16:50.542+0300][15820][1484 ][debug][gc,phases] GC(13)       StringDedup Table Weak         Min:  0.0, Avg:  0.0, Max:  0.0, Diff:  0.0, Sum:  0.0, Workers: 8
[2025-05-20T20:16:50.542+0300][15820][1484 ][debug][gc,phases] GC(13)         Dead                           Min: 0, Avg:  0.0, Max: 0, Diff: 0, Sum: 0, Workers: 8
[2025-05-20T20:16:50.542+0300][15820][1484 ][debug][gc,phases] GC(13)         Total                          Min: 0, Avg:  0.0, Max: 0, Diff: 0, Sum: 0, Workers: 8
[2025-05-20T20:16:50.542+0300][15820][1484 ][debug][gc,phases] GC(13)       StringDedup Requests0 Weak     Min:  0.0, Avg:  0.0, Max:  0.0, Diff:  0.0, Sum:  0.0, Workers: 8
[2025-05-20T20:16:50.542+0300][15820][1484 ][debug][gc,phases] GC(13)         Dead                           Min: 0, Avg:  0.0, Max: 0, Diff: 0, Sum: 0, Workers: 8
[2025-05-20T20:16:50.542+0300][15820][1484 ][debug][gc,phases] GC(13)         Total                          Min: 0, Avg:  0.0, Max: 0, Diff: 0, Sum: 0, Workers: 8
[2025-05-20T20:16:50.542+0300][15820][1484 ][debug][gc,phases] GC(13)       StringDedup Requests1 Weak     Min:  0.0, Avg:  0.0, Max:  0.0, Diff:  0.0, Sum:  0.0, Workers: 8
[2025-05-20T20:16:50.542+0300][15820][1484 ][debug][gc,phases] GC(13)         Dead                           Min: 0, Avg:  0.0, Max: 0, Diff: 0, Sum: 0, Workers: 8
[2025-05-20T20:16:50.542+0300][15820][1484 ][debug][gc,phases] GC(13)         Total                          Min: 0, Avg:  0.0, Max: 0, Diff: 0, Sum: 0, Workers: 8
[2025-05-20T20:16:50.542+0300][15820][1484 ][debug][gc,phases] GC(13)       Weak JFR Old Object Samples    Min:  0.0, Avg:  0.0, Max:  0.0, Diff:  0.0, Sum:  0.0, Workers: 8
[2025-05-20T20:16:50.542+0300][15820][1484 ][debug][gc,phases] GC(13)         Dead                           Min: 0, Avg:  0.0, Max: 0, Diff: 0, Sum: 0, Workers: 8
[2025-05-20T20:16:50.542+0300][15820][1484 ][debug][gc,phases] GC(13)         Total                          Min: 0, Avg:  0.0, Max: 0, Diff: 0, Sum: 0, Workers: 8
[2025-05-20T20:16:50.542+0300][15820][1484 ][debug][gc,phases] GC(13)     Post Evacuate Cleanup 1: 0.4ms
[2025-05-20T20:16:50.542+0300][15820][1484 ][debug][gc,phases] GC(13)       Merge Per-Thread State (ms):   Min:  0.1, Avg:  0.1, Max:  0.1, Diff:  0.0, Sum:  0.1, Workers: 1
[2025-05-20T20:16:50.542+0300][15820][1484 ][debug][gc,phases] GC(13)         Copied Bytes                   Min: 0, Avg: 91392.0, Max: 155440, Diff: 155440, Sum: 731136, Workers: 8
[2025-05-20T20:16:50.542+0300][15820][1484 ][debug][gc,phases] GC(13)         LAB Waste                      Min: 0, Avg: 42.0, Max: 152, Diff: 152, Sum: 336, Workers: 8
[2025-05-20T20:16:50.542+0300][15820][1484 ][debug][gc,phases] GC(13)         LAB Undo Waste                 Min: 0, Avg:  0.0, Max: 0, Diff: 0, Sum: 0, Workers: 8
[2025-05-20T20:16:50.542+0300][15820][1484 ][debug][gc,phases] GC(13)       Clear Logged Cards (ms):       Min:  0.0, Avg:  0.2, Max:  0.4, Diff:  0.4, Sum:  1.5, Workers: 7
[2025-05-20T20:16:50.542+0300][15820][1484 ][debug][gc,phases] GC(13)       Recalculate Used Memory (ms):  Min:  0.0, Avg:  0.0, Max:  0.0, Diff:  0.0, Sum:  0.0, Workers: 1
[2025-05-20T20:16:50.542+0300][15820][1484 ][debug][gc,phases] GC(13)     Post Evacuate Cleanup 2: 0.4ms
[2025-05-20T20:16:50.542+0300][15820][1484 ][debug][gc,phases] GC(13)       Update Derived Pointers (ms):  Min:  0.0, Avg:  0.0, Max:  0.0, Diff:  0.0, Sum:  0.0, Workers: 1
[2025-05-20T20:16:50.542+0300][15820][1484 ][debug][gc,phases] GC(13)       Eagerly Reclaim Humongous Objects (ms): Min:  0.0, Avg:  0.0, Max:  0.0, Diff:  0.0, Sum:  0.0, Workers: 1
[2025-05-20T20:16:50.542+0300][15820][1484 ][debug][gc,phases] GC(13)         Humongous Total                Min: 6, Avg:  6.0, Max: 6, Diff: 0, Sum: 6, Workers: 1
[2025-05-20T20:16:50.542+0300][15820][1484 ][debug][gc,phases] GC(13)         Humongous Candidates           Min: 3, Avg:  3.0, Max: 3, Diff: 0, Sum: 3, Workers: 1
[2025-05-20T20:16:50.542+0300][15820][1484 ][debug][gc,phases] GC(13)         Humongous Reclaimed            Min: 0, Avg:  0.0, Max: 0, Diff: 0, Sum: 0, Workers: 1
[2025-05-20T20:16:50.542+0300][15820][1484 ][debug][gc,phases] GC(13)       Redirty Logged Cards (ms):     Min:  0.0, Avg:  0.0, Max:  0.0, Diff:  0.0, Sum:  0.0, Workers: 8
[2025-05-20T20:16:50.542+0300][15820][1484 ][debug][gc,phases] GC(13)         Redirtied Cards:               Min: 0, Avg:  1.0, Max: 5, Diff: 5, Sum: 8, Workers: 8
[2025-05-20T20:16:50.542+0300][15820][1484 ][debug][gc,phases] GC(13)       Resize TLABs (ms):             Min:  0.0, Avg:  0.0, Max:  0.0, Diff:  0.0, Sum:  0.0, Workers: 8
[2025-05-20T20:16:50.542+0300][15820][1484 ][debug][gc,phases] GC(13)       Free Collection Set (ms):      Min:  0.0, Avg:  0.3, Max:  0.3, Diff:  0.3, Sum:  2.0, Workers: 8
[2025-05-20T20:16:50.542+0300][15820][1484 ][debug][gc,phases] GC(13)     Rebuild Free List: 0.1ms
[2025-05-20T20:16:50.542+0300][15820][1484 ][debug][gc,phases] GC(13)     Prepare For Mutator: 0.0ms
[2025-05-20T20:16:50.542+0300][15820][1484 ][debug][gc,phases] GC(13)     Expand Heap After Collection: 0.0ms
[2025-05-20T20:16:50.542+0300][15820][1484 ][info ][gc,phases] GC(13)   Other: 0.2ms
[2025-05-20T20:16:50.542+0300][15820][1484 ][info ][gc,heap  ] GC(13) Eden regions: 1228->0(1227)
[2025-05-20T20:16:50.542+0300][15820][1484 ][info ][gc,heap  ] GC(13) Survivor regions: 0->1(154)
[2025-05-20T20:16:50.542+0300][15820][1484 ][info ][gc,heap  ] GC(13) Old regions: 8->8
[2025-05-20T20:16:50.542+0300][15820][1484 ][info ][gc,heap  ] GC(13) Humongous regions: 12->12
[2025-05-20T20:16:50.542+0300][15820][1484 ][debug][gc,heap  ] GC(13) Heap after GC invocations=14 (full 2):
[2025-05-20T20:16:50.542+0300][15820][1484 ][debug][gc,heap  ] GC(13)  garbage-first heap   total 4194304K, used 29112K [0x0000000700000000, 0x0000000800000000)
[2025-05-20T20:16:50.542+0300][15820][1484 ][debug][gc,heap  ] GC(13)   region size 2048K, 1 young (2048K), 1 survivors (2048K)
[2025-05-20T20:16:50.542+0300][15820][1484 ][debug][gc,heap  ] GC(13)  Metaspace       used 8747K, committed 9792K, reserved 1114112K
[2025-05-20T20:16:50.542+0300][15820][1484 ][debug][gc,heap  ] GC(13)   class space    used 875K, committed 1280K, reserved 1048576K
[2025-05-20T20:16:50.542+0300][15820][1484 ][info ][gc       ] GC(13) Pause Young (Normal) (G1 Evacuation Pause) 2483M->28M(4096M) 4.884ms
[2025-05-20T20:16:50.542+0300][15820][1484 ][info ][safepoint] Safepoint "G1CollectForAllocation", Time since last: 860518700 ns, Reaching safepoint: 397300 ns, Cleanup: 46800 ns, At safepoint: 4954500 ns, Total: 5398600 ns
[2025-05-20T20:16:51.341+0300][15820][1484 ][debug][safepoint] Safepoint synchronization initiated using striped semaphore wait barrier. (20 threads)
[2025-05-20T20:16:51.341+0300][15820][836  ][debug][safepoint] ... found polling page loop exception at pc = 0x00000247101b8960, stub =0x000002470fbb5d80
[2025-05-20T20:16:51.341+0300][15820][18340][debug][safepoint] ... found polling page loop exception at pc = 0x00000247101d3848, stub =0x000002470fbb6600
[2025-05-20T20:16:51.341+0300][15820][17352][debug][safepoint] ... found polling page loop exception at pc = 0x00000247101b8960, stub =0x000002470fbb5d80
[2025-05-20T20:16:51.341+0300][15820][5056 ][debug][safepoint] ... found polling page loop exception at pc = 0x00000247101b8960, stub =0x000002470fbb5d80
[2025-05-20T20:16:51.341+0300][15820][1484 ][debug][gc,heap  ] GC(14) Heap before GC invocations=14 (full 2):
[2025-05-20T20:16:51.341+0300][15820][1484 ][debug][gc,heap  ] GC(14)  garbage-first heap   total 4194304K, used 2542008K [0x0000000700000000, 0x0000000800000000)
[2025-05-20T20:16:51.341+0300][15820][1484 ][debug][gc,heap  ] GC(14)   region size 2048K, 1228 young (2514944K), 1 survivors (2048K)
[2025-05-20T20:16:51.341+0300][15820][1484 ][debug][gc,heap  ] GC(14)  Metaspace       used 8747K, committed 9792K, reserved 1114112K
[2025-05-20T20:16:51.341+0300][15820][1484 ][debug][gc,heap  ] GC(14)   class space    used 875K, committed 1280K, reserved 1048576K
[2025-05-20T20:16:51.341+0300][15820][1484 ][info ][gc,phases] GC(14)   Pre Evacuate Collection Set: 0.3ms
[2025-05-20T20:16:51.341+0300][15820][1484 ][debug][gc,phases] GC(14)     Pre Evacuate Prepare: 0.1ms
[2025-05-20T20:16:51.341+0300][15820][1484 ][debug][gc,phases] GC(14)       JT Retire TLABs And Flush Logs (ms): Min:  0.0, Avg:  0.0, Max:  0.0, Diff:  0.0, Sum:  0.0, Workers: 2
[2025-05-20T20:16:51.341+0300][15820][1484 ][debug][gc,phases] GC(14)       Non-JT Flush Logs (ms):        Min:  0.0, Avg:  0.0, Max:  0.0, Diff:  0.0, Sum:  0.0, Workers: 1
[2025-05-20T20:16:51.341+0300][15820][1484 ][debug][gc,phases] GC(14)     Choose Collection Set: 0.0ms
[2025-05-20T20:16:51.341+0300][15820][1484 ][debug][gc,phases] GC(14)     Region Register: 0.2ms
[2025-05-20T20:16:51.341+0300][15820][1484 ][debug][gc,phases] GC(14)     Prepare Heap Roots: 0.0ms
[2025-05-20T20:16:51.341+0300][15820][1484 ][info ][gc,phases] GC(14)   Merge Heap Roots: 0.2ms
[2025-05-20T20:16:51.341+0300][15820][1484 ][debug][gc,phases] GC(14)     Prepare Merge Heap Roots: 0.0ms
[2025-05-20T20:16:51.341+0300][15820][1484 ][debug][gc,phases] GC(14)     Remembered Sets (ms):          Min:  0.0, Avg:  0.1, Max:  0.1, Diff:  0.1, Sum:  0.9, Workers: 8
[2025-05-20T20:16:51.341+0300][15820][1484 ][debug][gc,phases] GC(14)       Eager Reclaim (ms):            Min:  0.0, Avg:  0.0, Max:  0.0, Diff:  0.0, Sum:  0.0, Workers: 1
[2025-05-20T20:16:51.341+0300][15820][1484 ][debug][gc,phases] GC(14)       Merged Inline                  Min: 0, Avg:  0.0, Max: 0, Diff: 0, Sum: 0, Workers: 8
[2025-05-20T20:16:51.341+0300][15820][1484 ][debug][gc,phases] GC(14)       Merged ArrayOfCards            Min: 0, Avg:  0.0, Max: 0, Diff: 0, Sum: 0, Workers: 8
[2025-05-20T20:16:51.341+0300][15820][1484 ][debug][gc,phases] GC(14)       Merged Howl                    Min: 0, Avg:  0.0, Max: 0, Diff: 0, Sum: 0, Workers: 8
[2025-05-20T20:16:51.341+0300][15820][1484 ][debug][gc,phases] GC(14)       Merged Full                    Min: 0, Avg:  0.0, Max: 0, Diff: 0, Sum: 0, Workers: 8
[2025-05-20T20:16:51.341+0300][15820][1484 ][debug][gc,phases] GC(14)       Merged Howl Inline             Min: 0, Avg:  0.0, Max: 0, Diff: 0, Sum: 0, Workers: 8
[2025-05-20T20:16:51.341+0300][15820][1484 ][debug][gc,phases] GC(14)       Merged Howl ArrayOfCards       Min: 0, Avg:  0.0, Max: 0, Diff: 0, Sum: 0, Workers: 8
[2025-05-20T20:16:51.341+0300][15820][1484 ][debug][gc,phases] GC(14)       Merged Howl BitMap             Min: 0, Avg:  0.0, Max: 0, Diff: 0, Sum: 0, Workers: 8
[2025-05-20T20:16:51.341+0300][15820][1484 ][debug][gc,phases] GC(14)       Merged Howl Full               Min: 0, Avg:  0.0, Max: 0, Diff: 0, Sum: 0, Workers: 8
[2025-05-20T20:16:51.341+0300][15820][1484 ][debug][gc,phases] GC(14)       Merged Cards                   Min: 8, Avg:  9.0, Max: 16, Diff: 8, Sum: 72, Workers: 8
[2025-05-20T20:16:51.341+0300][15820][1484 ][debug][gc,phases] GC(14)     Log Buffers (ms):              Min:  0.0, Avg:  0.0, Max:  0.0, Diff:  0.0, Sum:  0.0, Workers: 8
[2025-05-20T20:16:51.341+0300][15820][1484 ][debug][gc,phases] GC(14)       Dirty Cards:                   Min: 0, Avg:  1.5, Max: 9, Diff: 9, Sum: 12, Workers: 8
[2025-05-20T20:16:51.341+0300][15820][1484 ][debug][gc,phases] GC(14)       Skipped Cards:                 Min: 0, Avg:  0.0, Max: 0, Diff: 0, Sum: 0, Workers: 8
[2025-05-20T20:16:51.341+0300][15820][1484 ][info ][gc,phases] GC(14)   Evacuate Collection Set: 0.7ms
[2025-05-20T20:16:51.341+0300][15820][1484 ][debug][gc,phases] GC(14)     Ext Root Scanning (ms):        Min:  0.0, Avg:  0.1, Max:  0.1, Diff:  0.1, Sum:  0.5, Workers: 8
[2025-05-20T20:16:51.341+0300][15820][1484 ][debug][gc,phases] GC(14)     Scan Heap Roots (ms):          Min:  0.0, Avg:  0.0, Max:  0.0, Diff:  0.0, Sum:  0.1, Workers: 8
[2025-05-20T20:16:51.341+0300][15820][1484 ][debug][gc,phases] GC(14)       Scanned Cards:                 Min: 0, Avg:  1.5, Max: 4, Diff: 4, Sum: 12, Workers: 8
[2025-05-20T20:16:51.341+0300][15820][1484 ][debug][gc,phases] GC(14)       Scanned Blocks:                Min: 0, Avg:  1.1, Max: 3, Diff: 3, Sum: 9, Workers: 8
[2025-05-20T20:16:51.341+0300][15820][1484 ][debug][gc,phases] GC(14)       Claimed Chunks:                Min: 0, Avg:  1.0, Max: 2, Diff: 2, Sum: 8, Workers: 8
[2025-05-20T20:16:51.341+0300][15820][1484 ][debug][gc,phases] GC(14)       Found Roots:                   Min: 0, Avg:  1.1, Max: 5, Diff: 5, Sum: 9, Workers: 8
[2025-05-20T20:16:51.341+0300][15820][1484 ][debug][gc,phases] GC(14)     Code Root Scan (ms):           Min:  0.1, Avg:  0.1, Max:  0.1, Diff:  0.0, Sum:  0.8, Workers: 8
[2025-05-20T20:16:51.341+0300][15820][1484 ][debug][gc,phases] GC(14)       Scanned Nmethods               Min: 0, Avg:  0.0, Max: 0, Diff: 0, Sum: 0, Workers: 8
[2025-05-20T20:16:51.341+0300][15820][1484 ][debug][gc,phases] GC(14)     Object Copy (ms):              Min:  0.0, Avg:  0.1, Max:  0.1, Diff:  0.1, Sum:  0.9, Workers: 8
[2025-05-20T20:16:51.341+0300][15820][1484 ][debug][gc,phases] GC(14)     Termination (ms):              Min:  0.0, Avg:  0.2, Max:  0.3, Diff:  0.2, Sum:  1.8, Workers: 8
[2025-05-20T20:16:51.341+0300][15820][1484 ][debug][gc,phases] GC(14)       Termination Attempts:          Min: 1, Avg:  1.0, Max: 1, Diff: 0, Sum: 8, Workers: 8
[2025-05-20T20:16:51.341+0300][15820][1484 ][debug][gc,phases] GC(14)     GC Worker Other (ms):          Min:  0.1, Avg:  0.1, Max:  0.1, Diff:  0.0, Sum:  0.9, Workers: 8
[2025-05-20T20:16:51.341+0300][15820][1484 ][debug][gc,phases] GC(14)     GC Worker Total (ms):          Min:  0.2, Avg:  0.6, Max:  0.7, Diff:  0.4, Sum:  5.0, Workers: 8
[2025-05-20T20:16:51.341+0300][15820][1484 ][info ][gc,phases] GC(14)   Post Evacuate Collection Set: 1.1ms
[2025-05-20T20:16:51.341+0300][15820][1484 ][debug][gc,phases] GC(14)     NMethod List Cleanup: 0.0ms
[2025-05-20T20:16:51.341+0300][15820][1484 ][debug][gc,phases] GC(14)     Reference Processing: 0.1ms
[2025-05-20T20:16:51.341+0300][15820][1484 ][debug][gc,phases] GC(14)     Weak Processing: 0.1ms
[2025-05-20T20:16:51.341+0300][15820][1484 ][debug][gc,phases] GC(14)       VM Weak                        Min:  0.0, Avg:  0.0, Max:  0.0, Diff:  0.0, Sum:  0.0, Workers: 8
[2025-05-20T20:16:51.341+0300][15820][1484 ][debug][gc,phases] GC(14)         Dead                           Min: 0, Avg:  0.0, Max: 0, Diff: 0, Sum: 0, Workers: 8
[2025-05-20T20:16:51.341+0300][15820][1484 ][debug][gc,phases] GC(14)         Total                          Min: 0, Avg: 15.4, Max: 94, Diff: 94, Sum: 123, Workers: 8
[2025-05-20T20:16:51.341+0300][15820][1484 ][debug][gc,phases] GC(14)       ObjectSynchronizer Weak        Min:  0.0, Avg:  0.0, Max:  0.0, Diff:  0.0, Sum:  0.0, Workers: 8
[2025-05-20T20:16:51.341+0300][15820][1484 ][debug][gc,phases] GC(14)         Dead                           Min: 0, Avg:  0.0, Max: 0, Diff: 0, Sum: 0, Workers: 8
[2025-05-20T20:16:51.341+0300][15820][1484 ][debug][gc,phases] GC(14)         Total                          Min: 0, Avg: 16.4, Max: 64, Diff: 64, Sum: 131, Workers: 8
[2025-05-20T20:16:51.341+0300][15820][1484 ][debug][gc,phases] GC(14)       JVMTI Tag Weak OopStorage      Min:  0.0, Avg:  0.0, Max:  0.0, Diff:  0.0, Sum:  0.0, Workers: 8
[2025-05-20T20:16:51.341+0300][15820][1484 ][debug][gc,phases] GC(14)         Dead                           Min: 0, Avg:  0.0, Max: 0, Diff: 0, Sum: 0, Workers: 8
[2025-05-20T20:16:51.341+0300][15820][1484 ][debug][gc,phases] GC(14)         Total                          Min: 0, Avg:  0.0, Max: 0, Diff: 0, Sum: 0, Workers: 8
[2025-05-20T20:16:51.341+0300][15820][1484 ][debug][gc,phases] GC(14)       StringTable Weak               Min:  0.0, Avg:  0.0, Max:  0.0, Diff:  0.0, Sum:  0.1, Workers: 8
[2025-05-20T20:16:51.341+0300][15820][1484 ][debug][gc,phases] GC(14)         Dead                           Min: 0, Avg:  0.0, Max: 0, Diff: 0, Sum: 0, Workers: 8
[2025-05-20T20:16:51.341+0300][15820][1484 ][debug][gc,phases] GC(14)         Total                          Min: 0, Avg: 787.8, Max: 1024, Diff: 1024, Sum: 6302, Workers: 8
[2025-05-20T20:16:51.341+0300][15820][1484 ][debug][gc,phases] GC(14)       ResolvedMethodTable Weak       Min:  0.0, Avg:  0.0, Max:  0.0, Diff:  0.0, Sum:  0.0, Workers: 8
[2025-05-20T20:16:51.341+0300][15820][1484 ][debug][gc,phases] GC(14)         Dead                           Min: 0, Avg:  0.0, Max: 0, Diff: 0, Sum: 0, Workers: 8
[2025-05-20T20:16:51.341+0300][15820][1484 ][debug][gc,phases] GC(14)         Total                          Min: 0, Avg: 112.8, Max: 138, Diff: 138, Sum: 902, Workers: 8
[2025-05-20T20:16:51.341+0300][15820][1484 ][debug][gc,phases] GC(14)       JNI Weak                       Min:  0.0, Avg:  0.0, Max:  0.0, Diff:  0.0, Sum:  0.0, Workers: 8
[2025-05-20T20:16:51.341+0300][15820][1484 ][debug][gc,phases] GC(14)         Dead                           Min: 0, Avg:  0.0, Max: 0, Diff: 0, Sum: 0, Workers: 8
[2025-05-20T20:16:51.341+0300][15820][1484 ][debug][gc,phases] GC(14)         Total                          Min: 0, Avg:  0.0, Max: 0, Diff: 0, Sum: 0, Workers: 8
[2025-05-20T20:16:51.341+0300][15820][1484 ][debug][gc,phases] GC(14)       StringDedup Table Weak         Min:  0.0, Avg:  0.0, Max:  0.0, Diff:  0.0, Sum:  0.0, Workers: 8
[2025-05-20T20:16:51.341+0300][15820][1484 ][debug][gc,phases] GC(14)         Dead                           Min: 0, Avg:  0.0, Max: 0, Diff: 0, Sum: 0, Workers: 8
[2025-05-20T20:16:51.341+0300][15820][1484 ][debug][gc,phases] GC(14)         Total                          Min: 0, Avg:  0.0, Max: 0, Diff: 0, Sum: 0, Workers: 8
[2025-05-20T20:16:51.341+0300][15820][1484 ][debug][gc,phases] GC(14)       StringDedup Requests0 Weak     Min:  0.0, Avg:  0.0, Max:  0.0, Diff:  0.0, Sum:  0.0, Workers: 8
[2025-05-20T20:16:51.341+0300][15820][1484 ][debug][gc,phases] GC(14)         Dead                           Min: 0, Avg:  0.0, Max: 0, Diff: 0, Sum: 0, Workers: 8
[2025-05-20T20:16:51.341+0300][15820][1484 ][debug][gc,phases] GC(14)         Total                          Min: 0, Avg:  0.0, Max: 0, Diff: 0, Sum: 0, Workers: 8
[2025-05-20T20:16:51.341+0300][15820][1484 ][debug][gc,phases] GC(14)       StringDedup Requests1 Weak     Min:  0.0, Avg:  0.0, Max:  0.0, Diff:  0.0, Sum:  0.0, Workers: 8
[2025-05-20T20:16:51.341+0300][15820][1484 ][debug][gc,phases] GC(14)         Dead                           Min: 0, Avg:  0.0, Max: 0, Diff: 0, Sum: 0, Workers: 8
[2025-05-20T20:16:51.341+0300][15820][1484 ][debug][gc,phases] GC(14)         Total                          Min: 0, Avg:  0.0, Max: 0, Diff: 0, Sum: 0, Workers: 8
[2025-05-20T20:16:51.341+0300][15820][1484 ][debug][gc,phases] GC(14)       Weak JFR Old Object Samples    Min:  0.0, Avg:  0.0, Max:  0.0, Diff:  0.0, Sum:  0.0, Workers: 8
[2025-05-20T20:16:51.341+0300][15820][1484 ][debug][gc,phases] GC(14)         Dead                           Min: 0, Avg:  0.0, Max: 0, Diff: 0, Sum: 0, Workers: 8
[2025-05-20T20:16:51.341+0300][15820][1484 ][debug][gc,phases] GC(14)         Total                          Min: 0, Avg:  0.0, Max: 0, Diff: 0, Sum: 0, Workers: 8
[2025-05-20T20:16:51.341+0300][15820][1484 ][debug][gc,phases] GC(14)     Post Evacuate Cleanup 1: 0.4ms
[2025-05-20T20:16:51.341+0300][15820][1484 ][debug][gc,phases] GC(14)       Merge Per-Thread State (ms):   Min:  0.1, Avg:  0.1, Max:  0.1, Diff:  0.0, Sum:  0.1, Workers: 1
[2025-05-20T20:16:51.341+0300][15820][1484 ][debug][gc,phases] GC(14)         Copied Bytes                   Min: 0, Avg: 90825.0, Max: 169648, Diff: 169648, Sum: 726600, Workers: 8
[2025-05-20T20:16:51.341+0300][15820][1484 ][debug][gc,phases] GC(14)         LAB Waste                      Min: 0, Avg: 119.0, Max: 368, Diff: 368, Sum: 952, Workers: 8
[2025-05-20T20:16:51.341+0300][15820][1484 ][debug][gc,phases] GC(14)         LAB Undo Waste                 Min: 0, Avg:  0.0, Max: 0, Diff: 0, Sum: 0, Workers: 8
[2025-05-20T20:16:51.341+0300][15820][1484 ][debug][gc,phases] GC(14)       Clear Logged Cards (ms):       Min:  0.0, Avg:  0.2, Max:  0.4, Diff:  0.4, Sum:  1.5, Workers: 7
[2025-05-20T20:16:51.341+0300][15820][1484 ][debug][gc,phases] GC(14)       Recalculate Used Memory (ms):  Min:  0.0, Avg:  0.0, Max:  0.0, Diff:  0.0, Sum:  0.0, Workers: 1
[2025-05-20T20:16:51.341+0300][15820][1484 ][debug][gc,phases] GC(14)     Post Evacuate Cleanup 2: 0.3ms
[2025-05-20T20:16:51.341+0300][15820][1484 ][debug][gc,phases] GC(14)       Update Derived Pointers (ms):  Min:  0.0, Avg:  0.0, Max:  0.0, Diff:  0.0, Sum:  0.0, Workers: 1
[2025-05-20T20:16:51.341+0300][15820][1484 ][debug][gc,phases] GC(14)       Eagerly Reclaim Humongous Objects (ms): Min:  0.0, Avg:  0.0, Max:  0.0, Diff:  0.0, Sum:  0.0, Workers: 1
[2025-05-20T20:16:51.341+0300][15820][1484 ][debug][gc,phases] GC(14)         Humongous Total                Min: 6, Avg:  6.0, Max: 6, Diff: 0, Sum: 6, Workers: 1
[2025-05-20T20:16:51.341+0300][15820][1484 ][debug][gc,phases] GC(14)         Humongous Candidates           Min: 3, Avg:  3.0, Max: 3, Diff: 0, Sum: 3, Workers: 1
[2025-05-20T20:16:51.341+0300][15820][1484 ][debug][gc,phases] GC(14)         Humongous Reclaimed            Min: 0, Avg:  0.0, Max: 0, Diff: 0, Sum: 0, Workers: 1
[2025-05-20T20:16:51.341+0300][15820][1484 ][debug][gc,phases] GC(14)       Redirty Logged Cards (ms):     Min:  0.0, Avg:  0.0, Max:  0.0, Diff:  0.0, Sum:  0.0, Workers: 8
[2025-05-20T20:16:51.341+0300][15820][1484 ][debug][gc,phases] GC(14)         Redirtied Cards:               Min: 0, Avg:  1.0, Max: 5, Diff: 5, Sum: 8, Workers: 8
[2025-05-20T20:16:51.341+0300][15820][1484 ][debug][gc,phases] GC(14)       Resize TLABs (ms):             Min:  0.0, Avg:  0.0, Max:  0.0, Diff:  0.0, Sum:  0.0, Workers: 8
[2025-05-20T20:16:51.347+0300][15820][1484 ][debug][gc,phases] GC(14)       Free Collection Set (ms):      Min:  0.2, Avg:  0.2, Max:  0.2, Diff:  0.0, Sum:  1.9, Workers: 8
[2025-05-20T20:16:51.347+0300][15820][1484 ][debug][gc,phases] GC(14)     Rebuild Free List: 0.1ms
[2025-05-20T20:16:51.347+0300][15820][1484 ][debug][gc,phases] GC(14)     Prepare For Mutator: 0.0ms
[2025-05-20T20:16:51.347+0300][15820][1484 ][debug][gc,phases] GC(14)     Expand Heap After Collection: 0.0ms
[2025-05-20T20:16:51.347+0300][15820][1484 ][info ][gc,phases] GC(14)   Other: 0.2ms
[2025-05-20T20:16:51.347+0300][15820][1484 ][info ][gc,heap  ] GC(14) Eden regions: 1227->0(1227)
[2025-05-20T20:16:51.347+0300][15820][1484 ][info ][gc,heap  ] GC(14) Survivor regions: 1->1(154)
[2025-05-20T20:16:51.347+0300][15820][1484 ][info ][gc,heap  ] GC(14) Old regions: 8->8
[2025-05-20T20:16:51.347+0300][15820][1484 ][info ][gc,heap  ] GC(14) Humongous regions: 12->12
[2025-05-20T20:16:51.347+0300][15820][1484 ][debug][gc,heap  ] GC(14) Heap after GC invocations=15 (full 2):
[2025-05-20T20:16:51.347+0300][15820][1484 ][debug][gc,heap  ] GC(14)  garbage-first heap   total 4194304K, used 29092K [0x0000000700000000, 0x0000000800000000)
[2025-05-20T20:16:51.347+0300][15820][1484 ][debug][gc,heap  ] GC(14)   region size 2048K, 1 young (2048K), 1 survivors (2048K)
[2025-05-20T20:16:51.347+0300][15820][1484 ][debug][gc,heap  ] GC(14)  Metaspace       used 8747K, committed 9792K, reserved 1114112K
[2025-05-20T20:16:51.347+0300][15820][1484 ][debug][gc,heap  ] GC(14)   class space    used 875K, committed 1280K, reserved 1048576K
[2025-05-20T20:16:51.347+0300][15820][1484 ][info ][gc       ] GC(14) Pause Young (Normal) (G1 Evacuation Pause) 2482M->28M(4096M) 4.577ms
[2025-05-20T20:16:51.347+0300][15820][1484 ][info ][safepoint] Safepoint "G1CollectForAllocation", Time since last: 796101400 ns, Reaching safepoint: 325400 ns, Cleanup: 7300 ns, At safepoint: 4641700 ns, Total: 4974400 ns
[2025-05-20T20:16:52.195+0300][15820][1484 ][debug][safepoint] Safepoint synchronization initiated using striped semaphore wait barrier. (19 threads)
[2025-05-20T20:16:52.195+0300][15820][836  ][debug][safepoint] ... found polling page loop exception at pc = 0x000002471028a5bb, stub =0x000002470fbb6600
[2025-05-20T20:16:52.195+0300][15820][20136][debug][safepoint] ... found polling page loop exception at pc = 0x00000247101b8960, stub =0x000002470fbb5d80
[2025-05-20T20:16:52.195+0300][15820][5056 ][debug][safepoint] ... found polling page loop exception at pc = 0x00000247101b8960, stub =0x000002470fbb5d80
[2025-05-20T20:16:52.195+0300][15820][6656 ][debug][safepoint] ... found polling page loop exception at pc = 0x00000247103c05ac, stub =0x000002470fbb5d80
[2025-05-20T20:16:52.195+0300][15820][20576][debug][safepoint] ... found polling page loop exception at pc = 0x00000247101bb09e, stub =0x000002470fbb6600
[2025-05-20T20:16:52.198+0300][15820][6052 ][debug][safepoint] ... found polling page loop exception at pc = 0x00000247101b8960, stub =0x000002470fbb5d80
[2025-05-20T20:16:52.205+0300][15820][1484 ][debug][gc,heap  ] GC(15) Heap before GC invocations=15 (full 2):
[2025-05-20T20:16:52.205+0300][15820][1484 ][debug][gc,heap  ] GC(15)  garbage-first heap   total 4194304K, used 2541988K [0x0000000700000000, 0x0000000800000000)
[2025-05-20T20:16:52.205+0300][15820][1484 ][debug][gc,heap  ] GC(15)   region size 2048K, 1228 young (2514944K), 1 survivors (2048K)
[2025-05-20T20:16:52.205+0300][15820][1484 ][debug][gc,heap  ] GC(15)  Metaspace       used 8747K, committed 9792K, reserved 1114112K
[2025-05-20T20:16:52.205+0300][15820][1484 ][debug][gc,heap  ] GC(15)   class space    used 875K, committed 1280K, reserved 1048576K
[2025-05-20T20:16:52.206+0300][15820][1484 ][info ][gc,phases] GC(15)   Pre Evacuate Collection Set: 0.4ms
[2025-05-20T20:16:52.206+0300][15820][1484 ][debug][gc,phases] GC(15)     Pre Evacuate Prepare: 0.1ms
[2025-05-20T20:16:52.206+0300][15820][1484 ][debug][gc,phases] GC(15)       JT Retire TLABs And Flush Logs (ms): Min:  0.0, Avg:  0.0, Max:  0.0, Diff:  0.0, Sum:  0.0, Workers: 2
[2025-05-20T20:16:52.206+0300][15820][1484 ][debug][gc,phases] GC(15)       Non-JT Flush Logs (ms):        Min:  0.0, Avg:  0.0, Max:  0.0, Diff:  0.0, Sum:  0.0, Workers: 1
[2025-05-20T20:16:52.206+0300][15820][1484 ][debug][gc,phases] GC(15)     Choose Collection Set: 0.0ms
[2025-05-20T20:16:52.206+0300][15820][1484 ][debug][gc,phases] GC(15)     Region Register: 0.3ms
[2025-05-20T20:16:52.206+0300][15820][1484 ][debug][gc,phases] GC(15)     Prepare Heap Roots: 0.0ms
[2025-05-20T20:16:52.206+0300][15820][1484 ][info ][gc,phases] GC(15)   Merge Heap Roots: 0.3ms
[2025-05-20T20:16:52.206+0300][15820][1484 ][debug][gc,phases] GC(15)     Prepare Merge Heap Roots: 0.0ms
[2025-05-20T20:16:52.206+0300][15820][1484 ][debug][gc,phases] GC(15)     Remembered Sets (ms):          Min:  0.0, Avg:  0.1, Max:  0.2, Diff:  0.1, Sum:  0.9, Workers: 8
[2025-05-20T20:16:52.206+0300][15820][1484 ][debug][gc,phases] GC(15)       Eager Reclaim (ms):            Min:  0.0, Avg:  0.0, Max:  0.0, Diff:  0.0, Sum:  0.0, Workers: 1
[2025-05-20T20:16:52.206+0300][15820][1484 ][debug][gc,phases] GC(15)       Merged Inline                  Min: 0, Avg:  0.0, Max: 0, Diff: 0, Sum: 0, Workers: 8
[2025-05-20T20:16:52.206+0300][15820][1484 ][debug][gc,phases] GC(15)       Merged ArrayOfCards            Min: 0, Avg:  0.0, Max: 0, Diff: 0, Sum: 0, Workers: 8
[2025-05-20T20:16:52.206+0300][15820][1484 ][debug][gc,phases] GC(15)       Merged Howl                    Min: 0, Avg:  0.0, Max: 0, Diff: 0, Sum: 0, Workers: 8
[2025-05-20T20:16:52.206+0300][15820][1484 ][debug][gc,phases] GC(15)       Merged Full                    Min: 0, Avg:  0.0, Max: 0, Diff: 0, Sum: 0, Workers: 8
[2025-05-20T20:16:52.206+0300][15820][1484 ][debug][gc,phases] GC(15)       Merged Howl Inline             Min: 0, Avg:  0.0, Max: 0, Diff: 0, Sum: 0, Workers: 8
[2025-05-20T20:16:52.206+0300][15820][1484 ][debug][gc,phases] GC(15)       Merged Howl ArrayOfCards       Min: 0, Avg:  0.0, Max: 0, Diff: 0, Sum: 0, Workers: 8
[2025-05-20T20:16:52.206+0300][15820][1484 ][debug][gc,phases] GC(15)       Merged Howl BitMap             Min: 0, Avg:  0.0, Max: 0, Diff: 0, Sum: 0, Workers: 8
[2025-05-20T20:16:52.206+0300][15820][1484 ][debug][gc,phases] GC(15)       Merged Howl Full               Min: 0, Avg:  0.0, Max: 0, Diff: 0, Sum: 0, Workers: 8
[2025-05-20T20:16:52.206+0300][15820][1484 ][debug][gc,phases] GC(15)       Merged Cards                   Min: 8, Avg:  9.0, Max: 16, Diff: 8, Sum: 72, Workers: 8
[2025-05-20T20:16:52.206+0300][15820][1484 ][debug][gc,phases] GC(15)     Log Buffers (ms):              Min:  0.0, Avg:  0.0, Max:  0.0, Diff:  0.0, Sum:  0.0, Workers: 8
[2025-05-20T20:16:52.206+0300][15820][1484 ][debug][gc,phases] GC(15)       Dirty Cards:                   Min: 0, Avg:  1.5, Max: 12, Diff: 12, Sum: 12, Workers: 8
[2025-05-20T20:16:52.206+0300][15820][1484 ][debug][gc,phases] GC(15)       Skipped Cards:                 Min: 0, Avg:  0.0, Max: 0, Diff: 0, Sum: 0, Workers: 8
[2025-05-20T20:16:52.206+0300][15820][1484 ][info ][gc,phases] GC(15)   Evacuate Collection Set: 1.0ms
[2025-05-20T20:16:52.206+0300][15820][1484 ][debug][gc,phases] GC(15)     Ext Root Scanning (ms):        Min:  0.0, Avg:  0.1, Max:  0.3, Diff:  0.3, Sum:  0.9, Workers: 8
[2025-05-20T20:16:52.206+0300][15820][1484 ][debug][gc,phases] GC(15)     Scan Heap Roots (ms):          Min:  0.0, Avg:  0.0, Max:  0.0, Diff:  0.0, Sum:  0.1, Workers: 8
[2025-05-20T20:16:52.206+0300][15820][1484 ][debug][gc,phases] GC(15)       Scanned Cards:                 Min: 0, Avg:  1.5, Max: 7, Diff: 7, Sum: 12, Workers: 8
[2025-05-20T20:16:52.206+0300][15820][1484 ][debug][gc,phases] GC(15)       Scanned Blocks:                Min: 0, Avg:  1.1, Max: 6, Diff: 6, Sum: 9, Workers: 8
[2025-05-20T20:16:52.206+0300][15820][1484 ][debug][gc,phases] GC(15)       Claimed Chunks:                Min: 0, Avg:  1.0, Max: 5, Diff: 5, Sum: 8, Workers: 8
[2025-05-20T20:16:52.206+0300][15820][1484 ][debug][gc,phases] GC(15)       Found Roots:                   Min: 0, Avg:  1.1, Max: 6, Diff: 6, Sum: 9, Workers: 8
[2025-05-20T20:16:52.206+0300][15820][1484 ][debug][gc,phases] GC(15)     Code Root Scan (ms):           Min:  0.1, Avg:  0.1, Max:  0.1, Diff:  0.0, Sum:  1.0, Workers: 8
[2025-05-20T20:16:52.206+0300][15820][1484 ][debug][gc,phases] GC(15)       Scanned Nmethods               Min: 0, Avg:  0.0, Max: 0, Diff: 0, Sum: 0, Workers: 8
[2025-05-20T20:16:52.206+0300][15820][1484 ][debug][gc,phases] GC(15)     Object Copy (ms):              Min:  0.0, Avg:  0.1, Max:  0.3, Diff:  0.3, Sum:  0.8, Workers: 8
[2025-05-20T20:16:52.206+0300][15820][1484 ][debug][gc,phases] GC(15)     Termination (ms):              Min:  0.0, Avg:  0.2, Max:  0.4, Diff:  0.3, Sum:  2.0, Workers: 8
[2025-05-20T20:16:52.206+0300][15820][1484 ][debug][gc,phases] GC(15)       Termination Attempts:          Min: 1, Avg:  1.1, Max: 2, Diff: 1, Sum: 9, Workers: 8
[2025-05-20T20:16:52.206+0300][15820][1484 ][debug][gc,phases] GC(15)     GC Worker Other (ms):          Min:  0.1, Avg:  0.1, Max:  0.1, Diff:  0.0, Sum:  1.0, Workers: 8
[2025-05-20T20:16:52.206+0300][15820][1484 ][debug][gc,phases] GC(15)     GC Worker Total (ms):          Min:  0.3, Avg:  0.7, Max:  0.9, Diff:  0.6, Sum:  5.7, Workers: 8
[2025-05-20T20:16:52.206+0300][15820][1484 ][info ][gc,phases] GC(15)   Post Evacuate Collection Set: 1.1ms
[2025-05-20T20:16:52.206+0300][15820][1484 ][debug][gc,phases] GC(15)     NMethod List Cleanup: 0.0ms
[2025-05-20T20:16:52.206+0300][15820][1484 ][debug][gc,phases] GC(15)     Reference Processing: 0.2ms
[2025-05-20T20:16:52.206+0300][15820][1484 ][debug][gc,phases] GC(15)     Weak Processing: 0.1ms
[2025-05-20T20:16:52.206+0300][15820][1484 ][debug][gc,phases] GC(15)       VM Weak                        Min:  0.0, Avg:  0.0, Max:  0.0, Diff:  0.0, Sum:  0.0, Workers: 8
[2025-05-20T20:16:52.206+0300][15820][1484 ][debug][gc,phases] GC(15)         Dead                           Min: 0, Avg:  0.0, Max: 0, Diff: 0, Sum: 0, Workers: 8
[2025-05-20T20:16:52.206+0300][15820][1484 ][debug][gc,phases] GC(15)         Total                          Min: 0, Avg: 15.4, Max: 82, Diff: 82, Sum: 123, Workers: 8
[2025-05-20T20:16:52.206+0300][15820][1484 ][debug][gc,phases] GC(15)       ObjectSynchronizer Weak        Min:  0.0, Avg:  0.0, Max:  0.0, Diff:  0.0, Sum:  0.0, Workers: 8
[2025-05-20T20:16:52.206+0300][15820][1484 ][debug][gc,phases] GC(15)         Dead                           Min: 0, Avg:  0.0, Max: 0, Diff: 0, Sum: 0, Workers: 8
[2025-05-20T20:16:52.206+0300][15820][1484 ][debug][gc,phases] GC(15)         Total                          Min: 0, Avg: 16.4, Max: 67, Diff: 67, Sum: 131, Workers: 8
[2025-05-20T20:16:52.206+0300][15820][1484 ][debug][gc,phases] GC(15)       JVMTI Tag Weak OopStorage      Min:  0.0, Avg:  0.0, Max:  0.0, Diff:  0.0, Sum:  0.0, Workers: 8
[2025-05-20T20:16:52.206+0300][15820][1484 ][debug][gc,phases] GC(15)         Dead                           Min: 0, Avg:  0.0, Max: 0, Diff: 0, Sum: 0, Workers: 8
[2025-05-20T20:16:52.206+0300][15820][1484 ][debug][gc,phases] GC(15)         Total                          Min: 0, Avg:  0.0, Max: 0, Diff: 0, Sum: 0, Workers: 8
[2025-05-20T20:16:52.206+0300][15820][1484 ][debug][gc,phases] GC(15)       StringTable Weak               Min:  0.0, Avg:  0.0, Max:  0.0, Diff:  0.0, Sum:  0.1, Workers: 8
[2025-05-20T20:16:52.206+0300][15820][1484 ][debug][gc,phases] GC(15)         Dead                           Min: 0, Avg:  0.0, Max: 0, Diff: 0, Sum: 0, Workers: 8
[2025-05-20T20:16:52.206+0300][15820][1484 ][debug][gc,phases] GC(15)         Total                          Min: 0, Avg: 787.8, Max: 1152, Diff: 1152, Sum: 6302, Workers: 8
[2025-05-20T20:16:52.206+0300][15820][1484 ][debug][gc,phases] GC(15)       ResolvedMethodTable Weak       Min:  0.0, Avg:  0.0, Max:  0.0, Diff:  0.0, Sum:  0.0, Workers: 8
[2025-05-20T20:16:52.206+0300][15820][1484 ][debug][gc,phases] GC(15)         Dead                           Min: 0, Avg:  0.0, Max: 0, Diff: 0, Sum: 0, Workers: 8
[2025-05-20T20:16:52.206+0300][15820][1484 ][debug][gc,phases] GC(15)         Total                          Min: 0, Avg: 112.8, Max: 192, Diff: 192, Sum: 902, Workers: 8
[2025-05-20T20:16:52.206+0300][15820][1484 ][debug][gc,phases] GC(15)       JNI Weak                       Min:  0.0, Avg:  0.0, Max:  0.0, Diff:  0.0, Sum:  0.0, Workers: 8
[2025-05-20T20:16:52.210+0300][15820][1484 ][debug][gc,phases] GC(15)         Dead                           Min: 0, Avg:  0.0, Max: 0, Diff: 0, Sum: 0, Workers: 8
[2025-05-20T20:16:52.210+0300][15820][1484 ][debug][gc,phases] GC(15)         Total                          Min: 0, Avg:  0.0, Max: 0, Diff: 0, Sum: 0, Workers: 8
[2025-05-20T20:16:52.210+0300][15820][1484 ][debug][gc,phases] GC(15)       StringDedup Table Weak         Min:  0.0, Avg:  0.0, Max:  0.0, Diff:  0.0, Sum:  0.0, Workers: 8
[2025-05-20T20:16:52.210+0300][15820][1484 ][debug][gc,phases] GC(15)         Dead                           Min: 0, Avg:  0.0, Max: 0, Diff: 0, Sum: 0, Workers: 8
[2025-05-20T20:16:52.210+0300][15820][1484 ][debug][gc,phases] GC(15)         Total                          Min: 0, Avg:  0.0, Max: 0, Diff: 0, Sum: 0, Workers: 8
[2025-05-20T20:16:52.210+0300][15820][1484 ][debug][gc,phases] GC(15)       StringDedup Requests0 Weak     Min:  0.0, Avg:  0.0, Max:  0.0, Diff:  0.0, Sum:  0.0, Workers: 8
[2025-05-20T20:16:52.210+0300][15820][1484 ][debug][gc,phases] GC(15)         Dead                           Min: 0, Avg:  0.0, Max: 0, Diff: 0, Sum: 0, Workers: 8
[2025-05-20T20:16:52.210+0300][15820][1484 ][debug][gc,phases] GC(15)         Total                          Min: 0, Avg:  0.0, Max: 0, Diff: 0, Sum: 0, Workers: 8
[2025-05-20T20:16:52.210+0300][15820][1484 ][debug][gc,phases] GC(15)       StringDedup Requests1 Weak     Min:  0.0, Avg:  0.0, Max:  0.0, Diff:  0.0, Sum:  0.0, Workers: 8
[2025-05-20T20:16:52.210+0300][15820][1484 ][debug][gc,phases] GC(15)         Dead                           Min: 0, Avg:  0.0, Max: 0, Diff: 0, Sum: 0, Workers: 8
[2025-05-20T20:16:52.210+0300][15820][1484 ][debug][gc,phases] GC(15)         Total                          Min: 0, Avg:  0.0, Max: 0, Diff: 0, Sum: 0, Workers: 8
[2025-05-20T20:16:52.210+0300][15820][1484 ][debug][gc,phases] GC(15)       Weak JFR Old Object Samples    Min:  0.0, Avg:  0.0, Max:  0.0, Diff:  0.0, Sum:  0.0, Workers: 8
[2025-05-20T20:16:52.210+0300][15820][1484 ][debug][gc,phases] GC(15)         Dead                           Min: 0, Avg:  0.0, Max: 0, Diff: 0, Sum: 0, Workers: 8
[2025-05-20T20:16:52.210+0300][15820][1484 ][debug][gc,phases] GC(15)         Total                          Min: 0, Avg:  0.0, Max: 0, Diff: 0, Sum: 0, Workers: 8
[2025-05-20T20:16:52.210+0300][15820][1484 ][debug][gc,phases] GC(15)     Post Evacuate Cleanup 1: 0.4ms
[2025-05-20T20:16:52.210+0300][15820][1484 ][debug][gc,phases] GC(15)       Merge Per-Thread State (ms):   Min:  0.1, Avg:  0.1, Max:  0.1, Diff:  0.0, Sum:  0.1, Workers: 1
[2025-05-20T20:16:52.210+0300][15820][1484 ][debug][gc,phases] GC(15)         Copied Bytes                   Min: 0, Avg: 92162.0, Max: 273272, Diff: 273272, Sum: 737296, Workers: 8
[2025-05-20T20:16:52.210+0300][15820][1484 ][debug][gc,phases] GC(15)         LAB Waste                      Min: 0, Avg: 81.0, Max: 272, Diff: 272, Sum: 648, Workers: 8
[2025-05-20T20:16:52.210+0300][15820][1484 ][debug][gc,phases] GC(15)         LAB Undo Waste                 Min: 0, Avg:  0.0, Max: 0, Diff: 0, Sum: 0, Workers: 8
[2025-05-20T20:16:52.210+0300][15820][1484 ][debug][gc,phases] GC(15)       Clear Logged Cards (ms):       Min:  0.0, Avg:  0.2, Max:  0.4, Diff:  0.4, Sum:  1.6, Workers: 7
[2025-05-20T20:16:52.210+0300][15820][1484 ][debug][gc,phases] GC(15)       Recalculate Used Memory (ms):  Min:  0.0, Avg:  0.0, Max:  0.0, Diff:  0.0, Sum:  0.0, Workers: 1
[2025-05-20T20:16:52.210+0300][15820][1484 ][debug][gc,phases] GC(15)     Post Evacuate Cleanup 2: 0.4ms
[2025-05-20T20:16:52.210+0300][15820][1484 ][debug][gc,phases] GC(15)       Update Derived Pointers (ms):  Min:  0.0, Avg:  0.0, Max:  0.0, Diff:  0.0, Sum:  0.0, Workers: 1
[2025-05-20T20:16:52.210+0300][15820][1484 ][debug][gc,phases] GC(15)       Eagerly Reclaim Humongous Objects (ms): Min:  0.0, Avg:  0.0, Max:  0.0, Diff:  0.0, Sum:  0.0, Workers: 1
[2025-05-20T20:16:52.210+0300][15820][1484 ][debug][gc,phases] GC(15)         Humongous Total                Min: 6, Avg:  6.0, Max: 6, Diff: 0, Sum: 6, Workers: 1
[2025-05-20T20:16:52.210+0300][15820][1484 ][debug][gc,phases] GC(15)         Humongous Candidates           Min: 3, Avg:  3.0, Max: 3, Diff: 0, Sum: 3, Workers: 1
[2025-05-20T20:16:52.210+0300][15820][1484 ][debug][gc,phases] GC(15)         Humongous Reclaimed            Min: 0, Avg:  0.0, Max: 0, Diff: 0, Sum: 0, Workers: 1
[2025-05-20T20:16:52.210+0300][15820][1484 ][debug][gc,phases] GC(15)       Redirty Logged Cards (ms):     Min:  0.0, Avg:  0.0, Max:  0.0, Diff:  0.0, Sum:  0.0, Workers: 8
[2025-05-20T20:16:52.210+0300][15820][1484 ][debug][gc,phases] GC(15)         Redirtied Cards:               Min: 0, Avg:  1.0, Max: 8, Diff: 8, Sum: 8, Workers: 8
[2025-05-20T20:16:52.210+0300][15820][1484 ][debug][gc,phases] GC(15)       Resize TLABs (ms):             Min:  0.0, Avg:  0.0, Max:  0.0, Diff:  0.0, Sum:  0.0, Workers: 8
[2025-05-20T20:16:52.210+0300][15820][1484 ][debug][gc,phases] GC(15)       Free Collection Set (ms):      Min:  0.0, Avg:  0.2, Max:  0.3, Diff:  0.3, Sum:  2.0, Workers: 8
[2025-05-20T20:16:52.210+0300][15820][1484 ][debug][gc,phases] GC(15)     Rebuild Free List: 0.1ms
[2025-05-20T20:16:52.210+0300][15820][1484 ][debug][gc,phases] GC(15)     Prepare For Mutator: 0.0ms
[2025-05-20T20:16:52.210+0300][15820][1484 ][debug][gc,phases] GC(15)     Expand Heap After Collection: 0.0ms
[2025-05-20T20:16:52.210+0300][15820][1484 ][info ][gc,phases] GC(15)   Other: 0.2ms
[2025-05-20T20:16:52.210+0300][15820][1484 ][info ][gc,heap  ] GC(15) Eden regions: 1227->0(1227)
[2025-05-20T20:16:52.210+0300][15820][1484 ][info ][gc,heap  ] GC(15) Survivor regions: 1->1(154)
[2025-05-20T20:16:52.210+0300][15820][1484 ][info ][gc,heap  ] GC(15) Old regions: 8->8
[2025-05-20T20:16:52.210+0300][15820][1484 ][info ][gc,heap  ] GC(15) Humongous regions: 12->12
[2025-05-20T20:16:52.210+0300][15820][1484 ][debug][gc,heap  ] GC(15) Heap after GC invocations=16 (full 2):
[2025-05-20T20:16:52.210+0300][15820][1484 ][debug][gc,heap  ] GC(15)  garbage-first heap   total 4194304K, used 29078K [0x0000000700000000, 0x0000000800000000)
[2025-05-20T20:16:52.210+0300][15820][1484 ][debug][gc,heap  ] GC(15)   region size 2048K, 1 young (2048K), 1 survivors (2048K)
[2025-05-20T20:16:52.210+0300][15820][1484 ][debug][gc,heap  ] GC(15)  Metaspace       used 8747K, committed 9792K, reserved 1114112K
[2025-05-20T20:16:52.210+0300][15820][1484 ][debug][gc,heap  ] GC(15)   class space    used 875K, committed 1280K, reserved 1048576K
[2025-05-20T20:16:52.210+0300][15820][1484 ][info ][gc       ] GC(15) Pause Young (Normal) (G1 Evacuation Pause) 2482M->28M(4096M) 6.501ms
[2025-05-20T20:16:52.210+0300][15820][1484 ][info ][safepoint] Safepoint "G1CollectForAllocation", Time since last: 850166300 ns, Reaching safepoint: 8355800 ns, Cleanup: 22100 ns, At safepoint: 6606100 ns, Total: 14984000 ns
[2025-05-20T20:16:53.040+0300][15820][1484 ][debug][safepoint] Safepoint synchronization initiated using striped semaphore wait barrier. (19 threads)
[2025-05-20T20:16:53.040+0300][15820][836  ][debug][safepoint] ... found polling page loop exception at pc = 0x00000247101bb09e, stub =0x000002470fbb6600
[2025-05-20T20:16:53.040+0300][15820][20136][debug][safepoint] ... found polling page loop exception at pc = 0x00000247101bb09e, stub =0x000002470fbb6600
[2025-05-20T20:16:53.040+0300][15820][5056 ][debug][safepoint] ... found polling page loop exception at pc = 0x00000247101b8960, stub =0x000002470fbb5d80
[2025-05-20T20:16:53.040+0300][15820][6052 ][debug][safepoint] ... found polling page loop exception at pc = 0x00000247103c0d53, stub =0x000002470fbb5d80
[2025-05-20T20:16:53.040+0300][15820][6656 ][debug][safepoint] ... found polling page loop exception at pc = 0x00000247103c0d53, stub =0x000002470fbb5d80
[2025-05-20T20:16:53.040+0300][15820][17352][debug][safepoint] ... found polling page loop exception at pc = 0x00000247101b8960, stub =0x000002470fbb5d80
[2025-05-20T20:16:53.040+0300][15820][20576][debug][safepoint] ... found polling page loop exception at pc = 0x00000247101b8960, stub =0x000002470fbb5d80
[2025-05-20T20:16:53.040+0300][15820][1484 ][debug][gc,heap  ] GC(16) Heap before GC invocations=16 (full 2):
[2025-05-20T20:16:53.040+0300][15820][1484 ][debug][gc,heap  ] GC(16)  garbage-first heap   total 4194304K, used 2541974K [0x0000000700000000, 0x0000000800000000)
[2025-05-20T20:16:53.040+0300][15820][1484 ][debug][gc,heap  ] GC(16)   region size 2048K, 1228 young (2514944K), 1 survivors (2048K)
[2025-05-20T20:16:53.040+0300][15820][1484 ][debug][gc,heap  ] GC(16)  Metaspace       used 8747K, committed 9792K, reserved 1114112K
[2025-05-20T20:16:53.040+0300][15820][1484 ][debug][gc,heap  ] GC(16)   class space    used 875K, committed 1280K, reserved 1048576K
[2025-05-20T20:16:53.040+0300][15820][1484 ][info ][gc,phases] GC(16)   Pre Evacuate Collection Set: 0.3ms
[2025-05-20T20:16:53.040+0300][15820][1484 ][debug][gc,phases] GC(16)     Pre Evacuate Prepare: 0.0ms
[2025-05-20T20:16:53.040+0300][15820][1484 ][debug][gc,phases] GC(16)       JT Retire TLABs And Flush Logs (ms): Min:  0.0, Avg:  0.0, Max:  0.0, Diff:  0.0, Sum:  0.0, Workers: 2
[2025-05-20T20:16:53.040+0300][15820][1484 ][debug][gc,phases] GC(16)       Non-JT Flush Logs (ms):        Min:  0.0, Avg:  0.0, Max:  0.0, Diff:  0.0, Sum:  0.0, Workers: 1
[2025-05-20T20:16:53.040+0300][15820][1484 ][debug][gc,phases] GC(16)     Choose Collection Set: 0.0ms
[2025-05-20T20:16:53.040+0300][15820][1484 ][debug][gc,phases] GC(16)     Region Register: 0.2ms
[2025-05-20T20:16:53.040+0300][15820][1484 ][debug][gc,phases] GC(16)     Prepare Heap Roots: 0.0ms
[2025-05-20T20:16:53.040+0300][15820][1484 ][info ][gc,phases] GC(16)   Merge Heap Roots: 0.2ms
[2025-05-20T20:16:53.040+0300][15820][1484 ][debug][gc,phases] GC(16)     Prepare Merge Heap Roots: 0.0ms
[2025-05-20T20:16:53.040+0300][15820][1484 ][debug][gc,phases] GC(16)     Remembered Sets (ms):          Min:  0.1, Avg:  0.1, Max:  0.1, Diff:  0.0, Sum:  0.9, Workers: 8
[2025-05-20T20:16:53.040+0300][15820][1484 ][debug][gc,phases] GC(16)       Eager Reclaim (ms):            Min:  0.0, Avg:  0.0, Max:  0.0, Diff:  0.0, Sum:  0.0, Workers: 1
[2025-05-20T20:16:53.040+0300][15820][1484 ][debug][gc,phases] GC(16)       Merged Inline                  Min: 0, Avg:  0.0, Max: 0, Diff: 0, Sum: 0, Workers: 8
[2025-05-20T20:16:53.040+0300][15820][1484 ][debug][gc,phases] GC(16)       Merged ArrayOfCards            Min: 0, Avg:  0.0, Max: 0, Diff: 0, Sum: 0, Workers: 8
[2025-05-20T20:16:53.040+0300][15820][1484 ][debug][gc,phases] GC(16)       Merged Howl                    Min: 0, Avg:  0.0, Max: 0, Diff: 0, Sum: 0, Workers: 8
[2025-05-20T20:16:53.040+0300][15820][1484 ][debug][gc,phases] GC(16)       Merged Full                    Min: 0, Avg:  0.0, Max: 0, Diff: 0, Sum: 0, Workers: 8
[2025-05-20T20:16:53.040+0300][15820][1484 ][debug][gc,phases] GC(16)       Merged Howl Inline             Min: 0, Avg:  0.0, Max: 0, Diff: 0, Sum: 0, Workers: 8
[2025-05-20T20:16:53.040+0300][15820][1484 ][debug][gc,phases] GC(16)       Merged Howl ArrayOfCards       Min: 0, Avg:  0.0, Max: 0, Diff: 0, Sum: 0, Workers: 8
[2025-05-20T20:16:53.040+0300][15820][1484 ][debug][gc,phases] GC(16)       Merged Howl BitMap             Min: 0, Avg:  0.0, Max: 0, Diff: 0, Sum: 0, Workers: 8
[2025-05-20T20:16:53.040+0300][15820][1484 ][debug][gc,phases] GC(16)       Merged Howl Full               Min: 0, Avg:  0.0, Max: 0, Diff: 0, Sum: 0, Workers: 8
[2025-05-20T20:16:53.040+0300][15820][1484 ][debug][gc,phases] GC(16)       Merged Cards                   Min: 8, Avg:  9.0, Max: 16, Diff: 8, Sum: 72, Workers: 8
[2025-05-20T20:16:53.040+0300][15820][1484 ][debug][gc,phases] GC(16)     Log Buffers (ms):              Min:  0.0, Avg:  0.0, Max:  0.0, Diff:  0.0, Sum:  0.0, Workers: 8
[2025-05-20T20:16:53.040+0300][15820][1484 ][debug][gc,phases] GC(16)       Dirty Cards:                   Min: 0, Avg:  1.5, Max: 11, Diff: 11, Sum: 12, Workers: 8
[2025-05-20T20:16:53.040+0300][15820][1484 ][debug][gc,phases] GC(16)       Skipped Cards:                 Min: 0, Avg:  0.0, Max: 0, Diff: 0, Sum: 0, Workers: 8
[2025-05-20T20:16:53.040+0300][15820][1484 ][info ][gc,phases] GC(16)   Evacuate Collection Set: 0.4ms
[2025-05-20T20:16:53.040+0300][15820][1484 ][debug][gc,phases] GC(16)     Ext Root Scanning (ms):        Min:  0.0, Avg:  0.1, Max:  0.1, Diff:  0.0, Sum:  0.5, Workers: 8
[2025-05-20T20:16:53.040+0300][15820][1484 ][debug][gc,phases] GC(16)     Scan Heap Roots (ms):          Min:  0.0, Avg:  0.0, Max:  0.0, Diff:  0.0, Sum:  0.1, Workers: 8
[2025-05-20T20:16:53.040+0300][15820][1484 ][debug][gc,phases] GC(16)       Scanned Cards:                 Min: 0, Avg:  1.5, Max: 6, Diff: 6, Sum: 12, Workers: 8
[2025-05-20T20:16:53.040+0300][15820][1484 ][debug][gc,phases] GC(16)       Scanned Blocks:                Min: 0, Avg:  1.1, Max: 5, Diff: 5, Sum: 9, Workers: 8
[2025-05-20T20:16:53.040+0300][15820][1484 ][debug][gc,phases] GC(16)       Claimed Chunks:                Min: 0, Avg:  1.0, Max: 4, Diff: 4, Sum: 8, Workers: 8
[2025-05-20T20:16:53.040+0300][15820][1484 ][debug][gc,phases] GC(16)       Found Roots:                   Min: 0, Avg:  1.1, Max: 5, Diff: 5, Sum: 9, Workers: 8
[2025-05-20T20:16:53.040+0300][15820][1484 ][debug][gc,phases] GC(16)     Code Root Scan (ms):           Min:  0.1, Avg:  0.1, Max:  0.1, Diff:  0.0, Sum:  0.8, Workers: 8
[2025-05-20T20:16:53.040+0300][15820][1484 ][debug][gc,phases] GC(16)       Scanned Nmethods               Min: 0, Avg:  0.0, Max: 0, Diff: 0, Sum: 0, Workers: 8
[2025-05-20T20:16:53.040+0300][15820][1484 ][debug][gc,phases] GC(16)     Object Copy (ms):              Min:  0.1, Avg:  0.1, Max:  0.1, Diff:  0.0, Sum:  0.8, Workers: 8
[2025-05-20T20:16:53.040+0300][15820][1484 ][debug][gc,phases] GC(16)     Termination (ms):              Min:  0.0, Avg:  0.0, Max:  0.0, Diff:  0.0, Sum:  0.1, Workers: 8
[2025-05-20T20:16:53.040+0300][15820][1484 ][debug][gc,phases] GC(16)       Termination Attempts:          Min: 1, Avg:  1.0, Max: 1, Diff: 0, Sum: 8, Workers: 8
[2025-05-20T20:16:53.040+0300][15820][1484 ][debug][gc,phases] GC(16)     GC Worker Other (ms):          Min:  0.1, Avg:  0.1, Max:  0.1, Diff:  0.0, Sum:  0.8, Workers: 8
[2025-05-20T20:16:53.040+0300][15820][1484 ][debug][gc,phases] GC(16)     GC Worker Total (ms):          Min:  0.4, Avg:  0.4, Max:  0.4, Diff:  0.0, Sum:  3.1, Workers: 8
[2025-05-20T20:16:53.040+0300][15820][1484 ][info ][gc,phases] GC(16)   Post Evacuate Collection Set: 1.0ms
[2025-05-20T20:16:53.040+0300][15820][1484 ][debug][gc,phases] GC(16)     NMethod List Cleanup: 0.0ms
[2025-05-20T20:16:53.040+0300][15820][1484 ][debug][gc,phases] GC(16)     Reference Processing: 0.1ms
[2025-05-20T20:16:53.040+0300][15820][1484 ][debug][gc,phases] GC(16)     Weak Processing: 0.1ms
[2025-05-20T20:16:53.040+0300][15820][1484 ][debug][gc,phases] GC(16)       VM Weak                        Min:  0.0, Avg:  0.0, Max:  0.0, Diff:  0.0, Sum:  0.0, Workers: 8
[2025-05-20T20:16:53.040+0300][15820][1484 ][debug][gc,phases] GC(16)         Dead                           Min: 0, Avg:  0.0, Max: 0, Diff: 0, Sum: 0, Workers: 8
[2025-05-20T20:16:53.040+0300][15820][1484 ][debug][gc,phases] GC(16)         Total                          Min: 0, Avg: 15.4, Max: 115, Diff: 115, Sum: 123, Workers: 8
[2025-05-20T20:16:53.040+0300][15820][1484 ][debug][gc,phases] GC(16)       ObjectSynchronizer Weak        Min:  0.0, Avg:  0.0, Max:  0.0, Diff:  0.0, Sum:  0.0, Workers: 8
[2025-05-20T20:16:53.040+0300][15820][1484 ][debug][gc,phases] GC(16)         Dead                           Min: 0, Avg:  0.0, Max: 0, Diff: 0, Sum: 0, Workers: 8
[2025-05-20T20:16:53.040+0300][15820][1484 ][debug][gc,phases] GC(16)         Total                          Min: 0, Avg: 16.4, Max: 67, Diff: 67, Sum: 131, Workers: 8
[2025-05-20T20:16:53.040+0300][15820][1484 ][debug][gc,phases] GC(16)       JVMTI Tag Weak OopStorage      Min:  0.0, Avg:  0.0, Max:  0.0, Diff:  0.0, Sum:  0.0, Workers: 8
[2025-05-20T20:16:53.040+0300][15820][1484 ][debug][gc,phases] GC(16)         Dead                           Min: 0, Avg:  0.0, Max: 0, Diff: 0, Sum: 0, Workers: 8
[2025-05-20T20:16:53.040+0300][15820][1484 ][debug][gc,phases] GC(16)         Total                          Min: 0, Avg:  0.0, Max: 0, Diff: 0, Sum: 0, Workers: 8
[2025-05-20T20:16:53.040+0300][15820][1484 ][debug][gc,phases] GC(16)       StringTable Weak               Min:  0.0, Avg:  0.0, Max:  0.0, Diff:  0.0, Sum:  0.1, Workers: 8
[2025-05-20T20:16:53.040+0300][15820][1484 ][debug][gc,phases] GC(16)         Dead                           Min: 0, Avg:  0.0, Max: 0, Diff: 0, Sum: 0, Workers: 8
[2025-05-20T20:16:53.040+0300][15820][1484 ][debug][gc,phases] GC(16)         Total                          Min: 0, Avg: 787.8, Max: 1088, Diff: 1088, Sum: 6302, Workers: 8
[2025-05-20T20:16:53.040+0300][15820][1484 ][debug][gc,phases] GC(16)       ResolvedMethodTable Weak       Min:  0.0, Avg:  0.0, Max:  0.0, Diff:  0.0, Sum:  0.0, Workers: 8
[2025-05-20T20:16:53.040+0300][15820][1484 ][debug][gc,phases] GC(16)         Dead                           Min: 0, Avg:  0.0, Max: 0, Diff: 0, Sum: 0, Workers: 8
[2025-05-20T20:16:53.040+0300][15820][1484 ][debug][gc,phases] GC(16)         Total                          Min: 0, Avg: 112.8, Max: 138, Diff: 138, Sum: 902, Workers: 8
[2025-05-20T20:16:53.040+0300][15820][1484 ][debug][gc,phases] GC(16)       JNI Weak                       Min:  0.0, Avg:  0.0, Max:  0.0, Diff:  0.0, Sum:  0.0, Workers: 8
[2025-05-20T20:16:53.040+0300][15820][1484 ][debug][gc,phases] GC(16)         Dead                           Min: 0, Avg:  0.0, Max: 0, Diff: 0, Sum: 0, Workers: 8
[2025-05-20T20:16:53.040+0300][15820][1484 ][debug][gc,phases] GC(16)         Total                          Min: 0, Avg:  0.0, Max: 0, Diff: 0, Sum: 0, Workers: 8
[2025-05-20T20:16:53.040+0300][15820][1484 ][debug][gc,phases] GC(16)       StringDedup Table Weak         Min:  0.0, Avg:  0.0, Max:  0.0, Diff:  0.0, Sum:  0.0, Workers: 8
[2025-05-20T20:16:53.040+0300][15820][1484 ][debug][gc,phases] GC(16)         Dead                           Min: 0, Avg:  0.0, Max: 0, Diff: 0, Sum: 0, Workers: 8
[2025-05-20T20:16:53.040+0300][15820][1484 ][debug][gc,phases] GC(16)         Total                          Min: 0, Avg:  0.0, Max: 0, Diff: 0, Sum: 0, Workers: 8
[2025-05-20T20:16:53.040+0300][15820][1484 ][debug][gc,phases] GC(16)       StringDedup Requests0 Weak     Min:  0.0, Avg:  0.0, Max:  0.0, Diff:  0.0, Sum:  0.0, Workers: 8
[2025-05-20T20:16:53.040+0300][15820][1484 ][debug][gc,phases] GC(16)         Dead                           Min: 0, Avg:  0.0, Max: 0, Diff: 0, Sum: 0, Workers: 8
[2025-05-20T20:16:53.040+0300][15820][1484 ][debug][gc,phases] GC(16)         Total                          Min: 0, Avg:  0.0, Max: 0, Diff: 0, Sum: 0, Workers: 8
[2025-05-20T20:16:53.040+0300][15820][1484 ][debug][gc,phases] GC(16)       StringDedup Requests1 Weak     Min:  0.0, Avg:  0.0, Max:  0.0, Diff:  0.0, Sum:  0.0, Workers: 8
[2025-05-20T20:16:53.040+0300][15820][1484 ][debug][gc,phases] GC(16)         Dead                           Min: 0, Avg:  0.0, Max: 0, Diff: 0, Sum: 0, Workers: 8
[2025-05-20T20:16:53.040+0300][15820][1484 ][debug][gc,phases] GC(16)         Total                          Min: 0, Avg:  0.0, Max: 0, Diff: 0, Sum: 0, Workers: 8
[2025-05-20T20:16:53.040+0300][15820][1484 ][debug][gc,phases] GC(16)       Weak JFR Old Object Samples    Min:  0.0, Avg:  0.0, Max:  0.0, Diff:  0.0, Sum:  0.0, Workers: 8
[2025-05-20T20:16:53.040+0300][15820][1484 ][debug][gc,phases] GC(16)         Dead                           Min: 0, Avg:  0.0, Max: 0, Diff: 0, Sum: 0, Workers: 8
[2025-05-20T20:16:53.040+0300][15820][1484 ][debug][gc,phases] GC(16)         Total                          Min: 0, Avg:  0.0, Max: 0, Diff: 0, Sum: 0, Workers: 8
[2025-05-20T20:16:53.040+0300][15820][1484 ][debug][gc,phases] GC(16)     Post Evacuate Cleanup 1: 0.4ms
[2025-05-20T20:16:53.040+0300][15820][1484 ][debug][gc,phases] GC(16)       Merge Per-Thread State (ms):   Min:  0.1, Avg:  0.1, Max:  0.1, Diff:  0.0, Sum:  0.1, Workers: 1
[2025-05-20T20:16:53.040+0300][15820][1484 ][debug][gc,phases] GC(16)         Copied Bytes                   Min: 89632, Avg: 91617.0, Max: 93832, Diff: 4200, Sum: 732936, Workers: 8
[2025-05-20T20:16:53.040+0300][15820][1484 ][debug][gc,phases] GC(16)         LAB Waste                      Min: 32, Avg: 117.0, Max: 304, Diff: 272, Sum: 936, Workers: 8
[2025-05-20T20:16:53.040+0300][15820][1484 ][debug][gc,phases] GC(16)         LAB Undo Waste                 Min: 0, Avg:  0.0, Max: 0, Diff: 0, Sum: 0, Workers: 8
[2025-05-20T20:16:53.040+0300][15820][1484 ][debug][gc,phases] GC(16)       Clear Logged Cards (ms):       Min:  0.0, Avg:  0.2, Max:  0.4, Diff:  0.4, Sum:  1.4, Workers: 7
[2025-05-20T20:16:53.040+0300][15820][1484 ][debug][gc,phases] GC(16)       Recalculate Used Memory (ms):  Min:  0.0, Avg:  0.0, Max:  0.0, Diff:  0.0, Sum:  0.0, Workers: 1
[2025-05-20T20:16:53.040+0300][15820][1484 ][debug][gc,phases] GC(16)     Post Evacuate Cleanup 2: 0.4ms
[2025-05-20T20:16:53.040+0300][15820][1484 ][debug][gc,phases] GC(16)       Update Derived Pointers (ms):  Min:  0.0, Avg:  0.0, Max:  0.0, Diff:  0.0, Sum:  0.0, Workers: 1
[2025-05-20T20:16:53.040+0300][15820][1484 ][debug][gc,phases] GC(16)       Eagerly Reclaim Humongous Objects (ms): Min:  0.0, Avg:  0.0, Max:  0.0, Diff:  0.0, Sum:  0.0, Workers: 1
[2025-05-20T20:16:53.040+0300][15820][1484 ][debug][gc,phases] GC(16)         Humongous Total                Min: 6, Avg:  6.0, Max: 6, Diff: 0, Sum: 6, Workers: 1
[2025-05-20T20:16:53.040+0300][15820][1484 ][debug][gc,phases] GC(16)         Humongous Candidates           Min: 3, Avg:  3.0, Max: 3, Diff: 0, Sum: 3, Workers: 1
[2025-05-20T20:16:53.040+0300][15820][1484 ][debug][gc,phases] GC(16)         Humongous Reclaimed            Min: 0, Avg:  0.0, Max: 0, Diff: 0, Sum: 0, Workers: 1
[2025-05-20T20:16:53.040+0300][15820][1484 ][debug][gc,phases] GC(16)       Redirty Logged Cards (ms):     Min:  0.0, Avg:  0.0, Max:  0.0, Diff:  0.0, Sum:  0.0, Workers: 8
[2025-05-20T20:16:53.040+0300][15820][1484 ][debug][gc,phases] GC(16)         Redirtied Cards:               Min: 0, Avg:  1.0, Max: 4, Diff: 4, Sum: 8, Workers: 8
[2025-05-20T20:16:53.040+0300][15820][1484 ][debug][gc,phases] GC(16)       Resize TLABs (ms):             Min:  0.0, Avg:  0.0, Max:  0.0, Diff:  0.0, Sum:  0.0, Workers: 8
[2025-05-20T20:16:53.040+0300][15820][1484 ][debug][gc,phases] GC(16)       Free Collection Set (ms):      Min:  0.0, Avg:  0.3, Max:  0.3, Diff:  0.3, Sum:  2.1, Workers: 8
[2025-05-20T20:16:53.040+0300][15820][1484 ][debug][gc,phases] GC(16)     Rebuild Free List: 0.1ms
[2025-05-20T20:16:53.040+0300][15820][1484 ][debug][gc,phases] GC(16)     Prepare For Mutator: 0.0ms
[2025-05-20T20:16:53.040+0300][15820][1484 ][debug][gc,phases] GC(16)     Expand Heap After Collection: 0.0ms
[2025-05-20T20:16:53.040+0300][15820][1484 ][info ][gc,phases] GC(16)   Other: 0.1ms
[2025-05-20T20:16:53.040+0300][15820][1484 ][info ][gc,heap  ] GC(16) Eden regions: 1227->0(1227)
[2025-05-20T20:16:53.040+0300][15820][1484 ][info ][gc,heap  ] GC(16) Survivor regions: 1->1(154)
[2025-05-20T20:16:53.040+0300][15820][1484 ][info ][gc,heap  ] GC(16) Old regions: 8->8
[2025-05-20T20:16:53.040+0300][15820][1484 ][info ][gc,heap  ] GC(16) Humongous regions: 12->12
[2025-05-20T20:16:53.040+0300][15820][1484 ][debug][gc,heap  ] GC(16) Heap after GC invocations=17 (full 2):
[2025-05-20T20:16:53.040+0300][15820][1484 ][debug][gc,heap  ] GC(16)  garbage-first heap   total 4194304K, used 29077K [0x0000000700000000, 0x0000000800000000)
[2025-05-20T20:16:53.040+0300][15820][1484 ][debug][gc,heap  ] GC(16)   region size 2048K, 1 young (2048K), 1 survivors (2048K)
[2025-05-20T20:16:53.040+0300][15820][1484 ][debug][gc,heap  ] GC(16)  Metaspace       used 8747K, committed 9792K, reserved 1114112K
[2025-05-20T20:16:53.040+0300][15820][1484 ][debug][gc,heap  ] GC(16)   class space    used 875K, committed 1280K, reserved 1048576K
[2025-05-20T20:16:53.040+0300][15820][1484 ][info ][gc       ] GC(16) Pause Young (Normal) (G1 Evacuation Pause) 2482M->28M(4096M) 3.817ms
[2025-05-20T20:16:53.040+0300][15820][1484 ][info ][safepoint] Safepoint "G1CollectForAllocation", Time since last: 829400700 ns, Reaching safepoint: 550400 ns, Cleanup: 7800 ns, At safepoint: 3879200 ns, Total: 4437400 ns
[2025-05-20T20:16:53.813+0300][15820][1484 ][debug][safepoint] Safepoint synchronization initiated using striped semaphore wait barrier. (19 threads)
[2025-05-20T20:16:53.813+0300][15820][18340][debug][safepoint] ... found polling page loop exception at pc = 0x00000247101cf522, stub =0x000002470fbb6600
[2025-05-20T20:16:53.813+0300][15820][5056 ][debug][safepoint] ... found polling page loop exception at pc = 0x00000247101b8960, stub =0x000002470fbb5d80
[2025-05-20T20:16:53.813+0300][15820][20136][debug][safepoint] ... found polling page loop exception at pc = 0x00000247101bb1f7, stub =0x000002470fbb6600
[2025-05-20T20:16:53.813+0300][15820][17352][debug][safepoint] ... found polling page loop exception at pc = 0x00000247103c0d53, stub =0x000002470fbb5d80
[2025-05-20T20:16:53.813+0300][15820][836  ][debug][safepoint] ... found polling page loop exception at pc = 0x00000247101b8960, stub =0x000002470fbb5d80
[2025-05-20T20:16:53.813+0300][15820][1484 ][debug][gc,heap  ] GC(17) Heap before GC invocations=17 (full 2):
[2025-05-20T20:16:53.813+0300][15820][1484 ][debug][gc,heap  ] GC(17)  garbage-first heap   total 4194304K, used 2541973K [0x0000000700000000, 0x0000000800000000)
[2025-05-20T20:16:53.813+0300][15820][1484 ][debug][gc,heap  ] GC(17)   region size 2048K, 1228 young (2514944K), 1 survivors (2048K)
[2025-05-20T20:16:53.813+0300][15820][1484 ][debug][gc,heap  ] GC(17)  Metaspace       used 8747K, committed 9792K, reserved 1114112K
[2025-05-20T20:16:53.813+0300][15820][1484 ][debug][gc,heap  ] GC(17)   class space    used 875K, committed 1280K, reserved 1048576K
[2025-05-20T20:16:53.813+0300][15820][1484 ][info ][gc,phases] GC(17)   Pre Evacuate Collection Set: 0.3ms
[2025-05-20T20:16:53.813+0300][15820][1484 ][debug][gc,phases] GC(17)     Pre Evacuate Prepare: 0.1ms
[2025-05-20T20:16:53.813+0300][15820][1484 ][debug][gc,phases] GC(17)       JT Retire TLABs And Flush Logs (ms): Min:  0.0, Avg:  0.0, Max:  0.0, Diff:  0.0, Sum:  0.0, Workers: 2
[2025-05-20T20:16:53.813+0300][15820][1484 ][debug][gc,phases] GC(17)       Non-JT Flush Logs (ms):        Min:  0.0, Avg:  0.0, Max:  0.0, Diff:  0.0, Sum:  0.0, Workers: 1
[2025-05-20T20:16:53.813+0300][15820][1484 ][debug][gc,phases] GC(17)     Choose Collection Set: 0.0ms
[2025-05-20T20:16:53.813+0300][15820][1484 ][debug][gc,phases] GC(17)     Region Register: 0.3ms
[2025-05-20T20:16:53.813+0300][15820][1484 ][debug][gc,phases] GC(17)     Prepare Heap Roots: 0.0ms
[2025-05-20T20:16:53.813+0300][15820][1484 ][info ][gc,phases] GC(17)   Merge Heap Roots: 0.2ms
[2025-05-20T20:16:53.813+0300][15820][1484 ][debug][gc,phases] GC(17)     Prepare Merge Heap Roots: 0.0ms
[2025-05-20T20:16:53.813+0300][15820][1484 ][debug][gc,phases] GC(17)     Remembered Sets (ms):          Min:  0.1, Avg:  0.1, Max:  0.1, Diff:  0.0, Sum:  0.9, Workers: 8
[2025-05-20T20:16:53.813+0300][15820][1484 ][debug][gc,phases] GC(17)       Eager Reclaim (ms):            Min:  0.0, Avg:  0.0, Max:  0.0, Diff:  0.0, Sum:  0.0, Workers: 1
[2025-05-20T20:16:53.813+0300][15820][1484 ][debug][gc,phases] GC(17)       Merged Inline                  Min: 0, Avg:  0.0, Max: 0, Diff: 0, Sum: 0, Workers: 8
[2025-05-20T20:16:53.813+0300][15820][1484 ][debug][gc,phases] GC(17)       Merged ArrayOfCards            Min: 0, Avg:  0.0, Max: 0, Diff: 0, Sum: 0, Workers: 8
[2025-05-20T20:16:53.813+0300][15820][1484 ][debug][gc,phases] GC(17)       Merged Howl                    Min: 0, Avg:  0.0, Max: 0, Diff: 0, Sum: 0, Workers: 8
[2025-05-20T20:16:53.813+0300][15820][1484 ][debug][gc,phases] GC(17)       Merged Full                    Min: 0, Avg:  0.0, Max: 0, Diff: 0, Sum: 0, Workers: 8
[2025-05-20T20:16:53.813+0300][15820][1484 ][debug][gc,phases] GC(17)       Merged Howl Inline             Min: 0, Avg:  0.0, Max: 0, Diff: 0, Sum: 0, Workers: 8
[2025-05-20T20:16:53.813+0300][15820][1484 ][debug][gc,phases] GC(17)       Merged Howl ArrayOfCards       Min: 0, Avg:  0.0, Max: 0, Diff: 0, Sum: 0, Workers: 8
[2025-05-20T20:16:53.813+0300][15820][1484 ][debug][gc,phases] GC(17)       Merged Howl BitMap             Min: 0, Avg:  0.0, Max: 0, Diff: 0, Sum: 0, Workers: 8
[2025-05-20T20:16:53.813+0300][15820][1484 ][debug][gc,phases] GC(17)       Merged Howl Full               Min: 0, Avg:  0.0, Max: 0, Diff: 0, Sum: 0, Workers: 8
[2025-05-20T20:16:53.813+0300][15820][1484 ][debug][gc,phases] GC(17)       Merged Cards                   Min: 8, Avg:  9.0, Max: 16, Diff: 8, Sum: 72, Workers: 8
[2025-05-20T20:16:53.813+0300][15820][1484 ][debug][gc,phases] GC(17)     Log Buffers (ms):              Min:  0.0, Avg:  0.0, Max:  0.0, Diff:  0.0, Sum:  0.0, Workers: 8
[2025-05-20T20:16:53.813+0300][15820][1484 ][debug][gc,phases] GC(17)       Dirty Cards:                   Min: 0, Avg:  1.5, Max: 12, Diff: 12, Sum: 12, Workers: 8
[2025-05-20T20:16:53.813+0300][15820][1484 ][debug][gc,phases] GC(17)       Skipped Cards:                 Min: 0, Avg:  0.0, Max: 0, Diff: 0, Sum: 0, Workers: 8
[2025-05-20T20:16:53.813+0300][15820][1484 ][info ][gc,phases] GC(17)   Evacuate Collection Set: 0.4ms
[2025-05-20T20:16:53.813+0300][15820][1484 ][debug][gc,phases] GC(17)     Ext Root Scanning (ms):        Min:  0.1, Avg:  0.1, Max:  0.1, Diff:  0.0, Sum:  0.5, Workers: 8
[2025-05-20T20:16:53.813+0300][15820][1484 ][debug][gc,phases] GC(17)     Scan Heap Roots (ms):          Min:  0.0, Avg:  0.0, Max:  0.0, Diff:  0.0, Sum:  0.1, Workers: 8
[2025-05-20T20:16:53.813+0300][15820][1484 ][debug][gc,phases] GC(17)       Scanned Cards:                 Min: 0, Avg:  1.5, Max: 4, Diff: 4, Sum: 12, Workers: 8
[2025-05-20T20:16:53.813+0300][15820][1484 ][debug][gc,phases] GC(17)       Scanned Blocks:                Min: 0, Avg:  1.1, Max: 2, Diff: 2, Sum: 9, Workers: 8
[2025-05-20T20:16:53.813+0300][15820][1484 ][debug][gc,phases] GC(17)       Claimed Chunks:                Min: 0, Avg:  1.0, Max: 2, Diff: 2, Sum: 8, Workers: 8
[2025-05-20T20:16:53.813+0300][15820][1484 ][debug][gc,phases] GC(17)       Found Roots:                   Min: 0, Avg:  1.1, Max: 4, Diff: 4, Sum: 9, Workers: 8
[2025-05-20T20:16:53.813+0300][15820][1484 ][debug][gc,phases] GC(17)     Code Root Scan (ms):           Min:  0.1, Avg:  0.1, Max:  0.1, Diff:  0.0, Sum:  0.8, Workers: 8
[2025-05-20T20:16:53.813+0300][15820][1484 ][debug][gc,phases] GC(17)       Scanned Nmethods               Min: 0, Avg:  0.0, Max: 0, Diff: 0, Sum: 0, Workers: 8
[2025-05-20T20:16:53.813+0300][15820][1484 ][debug][gc,phases] GC(17)     Object Copy (ms):              Min:  0.1, Avg:  0.1, Max:  0.1, Diff:  0.0, Sum:  0.8, Workers: 8
[2025-05-20T20:16:53.813+0300][15820][1484 ][debug][gc,phases] GC(17)     Termination (ms):              Min:  0.0, Avg:  0.0, Max:  0.0, Diff:  0.0, Sum:  0.1, Workers: 8
[2025-05-20T20:16:53.813+0300][15820][1484 ][debug][gc,phases] GC(17)       Termination Attempts:          Min: 1, Avg:  1.0, Max: 1, Diff: 0, Sum: 8, Workers: 8
[2025-05-20T20:16:53.813+0300][15820][1484 ][debug][gc,phases] GC(17)     GC Worker Other (ms):          Min:  0.1, Avg:  0.1, Max:  0.1, Diff:  0.0, Sum:  0.8, Workers: 8
[2025-05-20T20:16:53.813+0300][15820][1484 ][debug][gc,phases] GC(17)     GC Worker Total (ms):          Min:  0.4, Avg:  0.4, Max:  0.4, Diff:  0.0, Sum:  3.0, Workers: 8
[2025-05-20T20:16:53.813+0300][15820][1484 ][info ][gc,phases] GC(17)   Post Evacuate Collection Set: 1.0ms
[2025-05-20T20:16:53.813+0300][15820][1484 ][debug][gc,phases] GC(17)     NMethod List Cleanup: 0.0ms
[2025-05-20T20:16:53.813+0300][15820][1484 ][debug][gc,phases] GC(17)     Reference Processing: 0.1ms
[2025-05-20T20:16:53.813+0300][15820][1484 ][debug][gc,phases] GC(17)     Weak Processing: 0.1ms
[2025-05-20T20:16:53.813+0300][15820][1484 ][debug][gc,phases] GC(17)       VM Weak                        Min:  0.0, Avg:  0.0, Max:  0.0, Diff:  0.0, Sum:  0.0, Workers: 8
[2025-05-20T20:16:53.813+0300][15820][1484 ][debug][gc,phases] GC(17)         Dead                           Min: 0, Avg:  0.0, Max: 0, Diff: 0, Sum: 0, Workers: 8
[2025-05-20T20:16:53.813+0300][15820][1484 ][debug][gc,phases] GC(17)         Total                          Min: 0, Avg: 15.4, Max: 102, Diff: 102, Sum: 123, Workers: 8
[2025-05-20T20:16:53.813+0300][15820][1484 ][debug][gc,phases] GC(17)       ObjectSynchronizer Weak        Min:  0.0, Avg:  0.0, Max:  0.0, Diff:  0.0, Sum:  0.0, Workers: 8
[2025-05-20T20:16:53.813+0300][15820][1484 ][debug][gc,phases] GC(17)         Dead                           Min: 0, Avg:  0.0, Max: 0, Diff: 0, Sum: 0, Workers: 8
[2025-05-20T20:16:53.813+0300][15820][1484 ][debug][gc,phases] GC(17)         Total                          Min: 0, Avg: 16.4, Max: 67, Diff: 67, Sum: 131, Workers: 8
[2025-05-20T20:16:53.813+0300][15820][1484 ][debug][gc,phases] GC(17)       JVMTI Tag Weak OopStorage      Min:  0.0, Avg:  0.0, Max:  0.0, Diff:  0.0, Sum:  0.0, Workers: 8
[2025-05-20T20:16:53.813+0300][15820][1484 ][debug][gc,phases] GC(17)         Dead                           Min: 0, Avg:  0.0, Max: 0, Diff: 0, Sum: 0, Workers: 8
[2025-05-20T20:16:53.813+0300][15820][1484 ][debug][gc,phases] GC(17)         Total                          Min: 0, Avg:  0.0, Max: 0, Diff: 0, Sum: 0, Workers: 8
[2025-05-20T20:16:53.813+0300][15820][1484 ][debug][gc,phases] GC(17)       StringTable Weak               Min:  0.0, Avg:  0.0, Max:  0.0, Diff:  0.0, Sum:  0.1, Workers: 8
[2025-05-20T20:16:53.813+0300][15820][1484 ][debug][gc,phases] GC(17)         Dead                           Min: 0, Avg:  0.0, Max: 0, Diff: 0, Sum: 0, Workers: 8
[2025-05-20T20:16:53.813+0300][15820][1484 ][debug][gc,phases] GC(17)         Total                          Min: 640, Avg: 787.8, Max: 1088, Diff: 448, Sum: 6302, Workers: 8
[2025-05-20T20:16:53.813+0300][15820][1484 ][debug][gc,phases] GC(17)       ResolvedMethodTable Weak       Min:  0.0, Avg:  0.0, Max:  0.0, Diff:  0.0, Sum:  0.0, Workers: 8
[2025-05-20T20:16:53.813+0300][15820][1484 ][debug][gc,phases] GC(17)         Dead                           Min: 0, Avg:  0.0, Max: 0, Diff: 0, Sum: 0, Workers: 8
[2025-05-20T20:16:53.813+0300][15820][1484 ][debug][gc,phases] GC(17)         Total                          Min: 64, Avg: 112.8, Max: 128, Diff: 64, Sum: 902, Workers: 8
[2025-05-20T20:16:53.813+0300][15820][1484 ][debug][gc,phases] GC(17)       JNI Weak                       Min:  0.0, Avg:  0.0, Max:  0.0, Diff:  0.0, Sum:  0.0, Workers: 8
[2025-05-20T20:16:53.813+0300][15820][1484 ][debug][gc,phases] GC(17)         Dead                           Min: 0, Avg:  0.0, Max: 0, Diff: 0, Sum: 0, Workers: 8
[2025-05-20T20:16:53.813+0300][15820][1484 ][debug][gc,phases] GC(17)         Total                          Min: 0, Avg:  0.0, Max: 0, Diff: 0, Sum: 0, Workers: 8
[2025-05-20T20:16:53.813+0300][15820][1484 ][debug][gc,phases] GC(17)       StringDedup Table Weak         Min:  0.0, Avg:  0.0, Max:  0.0, Diff:  0.0, Sum:  0.0, Workers: 8
[2025-05-20T20:16:53.813+0300][15820][1484 ][debug][gc,phases] GC(17)         Dead                           Min: 0, Avg:  0.0, Max: 0, Diff: 0, Sum: 0, Workers: 8
[2025-05-20T20:16:53.813+0300][15820][1484 ][debug][gc,phases] GC(17)         Total                          Min: 0, Avg:  0.0, Max: 0, Diff: 0, Sum: 0, Workers: 8
[2025-05-20T20:16:53.813+0300][15820][1484 ][debug][gc,phases] GC(17)       StringDedup Requests0 Weak     Min:  0.0, Avg:  0.0, Max:  0.0, Diff:  0.0, Sum:  0.0, Workers: 8
[2025-05-20T20:16:53.813+0300][15820][1484 ][debug][gc,phases] GC(17)         Dead                           Min: 0, Avg:  0.0, Max: 0, Diff: 0, Sum: 0, Workers: 8
[2025-05-20T20:16:53.813+0300][15820][1484 ][debug][gc,phases] GC(17)         Total                          Min: 0, Avg:  0.0, Max: 0, Diff: 0, Sum: 0, Workers: 8
[2025-05-20T20:16:53.813+0300][15820][1484 ][debug][gc,phases] GC(17)       StringDedup Requests1 Weak     Min:  0.0, Avg:  0.0, Max:  0.0, Diff:  0.0, Sum:  0.0, Workers: 8
[2025-05-20T20:16:53.813+0300][15820][1484 ][debug][gc,phases] GC(17)         Dead                           Min: 0, Avg:  0.0, Max: 0, Diff: 0, Sum: 0, Workers: 8
[2025-05-20T20:16:53.813+0300][15820][1484 ][debug][gc,phases] GC(17)         Total                          Min: 0, Avg:  0.0, Max: 0, Diff: 0, Sum: 0, Workers: 8
[2025-05-20T20:16:53.813+0300][15820][1484 ][debug][gc,phases] GC(17)       Weak JFR Old Object Samples    Min:  0.0, Avg:  0.0, Max:  0.0, Diff:  0.0, Sum:  0.0, Workers: 8
[2025-05-20T20:16:53.813+0300][15820][1484 ][debug][gc,phases] GC(17)         Dead                           Min: 0, Avg:  0.0, Max: 0, Diff: 0, Sum: 0, Workers: 8
[2025-05-20T20:16:53.813+0300][15820][1484 ][debug][gc,phases] GC(17)         Total                          Min: 0, Avg:  0.0, Max: 0, Diff: 0, Sum: 0, Workers: 8
[2025-05-20T20:16:53.813+0300][15820][1484 ][debug][gc,phases] GC(17)     Post Evacuate Cleanup 1: 0.4ms
[2025-05-20T20:16:53.813+0300][15820][1484 ][debug][gc,phases] GC(17)       Merge Per-Thread State (ms):   Min:  0.1, Avg:  0.1, Max:  0.1, Diff:  0.0, Sum:  0.1, Workers: 1
[2025-05-20T20:16:53.813+0300][15820][1484 ][debug][gc,phases] GC(17)         Copied Bytes                   Min: 72392, Avg: 91298.0, Max: 109056, Diff: 36664, Sum: 730384, Workers: 8
[2025-05-20T20:16:53.813+0300][15820][1484 ][debug][gc,phases] GC(17)         LAB Waste                      Min: 64, Avg: 139.0, Max: 320, Diff: 256, Sum: 1112, Workers: 8
[2025-05-20T20:16:53.813+0300][15820][1484 ][debug][gc,phases] GC(17)         LAB Undo Waste                 Min: 0, Avg:  0.0, Max: 0, Diff: 0, Sum: 0, Workers: 8
[2025-05-20T20:16:53.813+0300][15820][1484 ][debug][gc,phases] GC(17)       Clear Logged Cards (ms):       Min:  0.0, Avg:  0.2, Max:  0.4, Diff:  0.4, Sum:  1.5, Workers: 7
[2025-05-20T20:16:53.813+0300][15820][1484 ][debug][gc,phases] GC(17)       Recalculate Used Memory (ms):  Min:  0.0, Avg:  0.0, Max:  0.0, Diff:  0.0, Sum:  0.0, Workers: 1
[2025-05-20T20:16:53.813+0300][15820][1484 ][debug][gc,phases] GC(17)     Post Evacuate Cleanup 2: 0.3ms
[2025-05-20T20:16:53.813+0300][15820][1484 ][debug][gc,phases] GC(17)       Update Derived Pointers (ms):  Min:  0.0, Avg:  0.0, Max:  0.0, Diff:  0.0, Sum:  0.0, Workers: 1
[2025-05-20T20:16:53.813+0300][15820][1484 ][debug][gc,phases] GC(17)       Eagerly Reclaim Humongous Objects (ms): Min:  0.0, Avg:  0.0, Max:  0.0, Diff:  0.0, Sum:  0.0, Workers: 1
[2025-05-20T20:16:53.813+0300][15820][1484 ][debug][gc,phases] GC(17)         Humongous Total                Min: 6, Avg:  6.0, Max: 6, Diff: 0, Sum: 6, Workers: 1
[2025-05-20T20:16:53.813+0300][15820][1484 ][debug][gc,phases] GC(17)         Humongous Candidates           Min: 3, Avg:  3.0, Max: 3, Diff: 0, Sum: 3, Workers: 1
[2025-05-20T20:16:53.813+0300][15820][1484 ][debug][gc,phases] GC(17)         Humongous Reclaimed            Min: 0, Avg:  0.0, Max: 0, Diff: 0, Sum: 0, Workers: 1
[2025-05-20T20:16:53.813+0300][15820][1484 ][debug][gc,phases] GC(17)       Redirty Logged Cards (ms):     Min:  0.0, Avg:  0.0, Max:  0.0, Diff:  0.0, Sum:  0.0, Workers: 8
[2025-05-20T20:16:53.813+0300][15820][1484 ][debug][gc,phases] GC(17)         Redirtied Cards:               Min: 0, Avg:  1.0, Max: 8, Diff: 8, Sum: 8, Workers: 8
[2025-05-20T20:16:53.813+0300][15820][1484 ][debug][gc,phases] GC(17)       Resize TLABs (ms):             Min:  0.0, Avg:  0.0, Max:  0.0, Diff:  0.0, Sum:  0.0, Workers: 8
[2025-05-20T20:16:53.813+0300][15820][1484 ][debug][gc,phases] GC(17)       Free Collection Set (ms):      Min:  0.2, Avg:  0.3, Max:  0.3, Diff:  0.0, Sum:  2.0, Workers: 8
[2025-05-20T20:16:53.813+0300][15820][1484 ][debug][gc,phases] GC(17)     Rebuild Free List: 0.1ms
[2025-05-20T20:16:53.813+0300][15820][1484 ][debug][gc,phases] GC(17)     Prepare For Mutator: 0.0ms
[2025-05-20T20:16:53.813+0300][15820][1484 ][debug][gc,phases] GC(17)     Expand Heap After Collection: 0.0ms
[2025-05-20T20:16:53.813+0300][15820][1484 ][info ][gc,phases] GC(17)   Other: 0.1ms
[2025-05-20T20:16:53.813+0300][15820][1484 ][info ][gc,heap  ] GC(17) Eden regions: 1227->0(1227)
[2025-05-20T20:16:53.813+0300][15820][1484 ][info ][gc,heap  ] GC(17) Survivor regions: 1->1(154)
[2025-05-20T20:16:53.813+0300][15820][1484 ][info ][gc,heap  ] GC(17) Old regions: 8->8
[2025-05-20T20:16:53.813+0300][15820][1484 ][info ][gc,heap  ] GC(17) Humongous regions: 12->12
[2025-05-20T20:16:53.813+0300][15820][1484 ][debug][gc,heap  ] GC(17) Heap after GC invocations=18 (full 2):
[2025-05-20T20:16:53.813+0300][15820][1484 ][debug][gc,heap  ] GC(17)  garbage-first heap   total 4194304K, used 29072K [0x0000000700000000, 0x0000000800000000)
[2025-05-20T20:16:53.813+0300][15820][1484 ][debug][gc,heap  ] GC(17)   region size 2048K, 1 young (2048K), 1 survivors (2048K)
[2025-05-20T20:16:53.813+0300][15820][1484 ][debug][gc,heap  ] GC(17)  Metaspace       used 8747K, committed 9792K, reserved 1114112K
[2025-05-20T20:16:53.813+0300][15820][1484 ][debug][gc,heap  ] GC(17)   class space    used 875K, committed 1280K, reserved 1048576K
[2025-05-20T20:16:53.813+0300][15820][1484 ][info ][gc       ] GC(17) Pause Young (Normal) (G1 Evacuation Pause) 2482M->28M(4096M) 3.946ms
[2025-05-20T20:16:53.813+0300][15820][1484 ][info ][safepoint] Safepoint "G1CollectForAllocation", Time since last: 767323500 ns, Reaching safepoint: 417900 ns, Cleanup: 27100 ns, At safepoint: 4007600 ns, Total: 4452600 ns
[2025-05-20T20:16:54.874+0300][15820][1484 ][debug][safepoint] Safepoint synchronization initiated using striped semaphore wait barrier. (19 threads)
[2025-05-20T20:16:54.874+0300][15820][17352][debug][safepoint] ... found polling page loop exception at pc = 0x00000247101b8960, stub =0x000002470fbb5d80
[2025-05-20T20:16:54.874+0300][15820][20136][debug][safepoint] ... found polling page loop exception at pc = 0x00000247102da08e, stub =0x000002470fbb6600
[2025-05-20T20:16:54.874+0300][15820][6656 ][debug][safepoint] ... found polling page loop exception at pc = 0x00000247101b8960, stub =0x000002470fbb5d80
[2025-05-20T20:16:54.874+0300][15820][20576][debug][safepoint] ... found polling page loop exception at pc = 0x00000247101b8960, stub =0x000002470fbb5d80
[2025-05-20T20:16:54.874+0300][15820][5056 ][debug][safepoint] ... found polling page loop exception at pc = 0x00000247101b8960, stub =0x000002470fbb5d80
[2025-05-20T20:16:54.874+0300][15820][18340][debug][safepoint] ... found polling page loop exception at pc = 0x00000247101cf522, stub =0x000002470fbb6600
[2025-05-20T20:16:54.874+0300][15820][6052 ][debug][safepoint] ... found polling page loop exception at pc = 0x00000247101b8960, stub =0x000002470fbb5d80
[2025-05-20T20:16:54.874+0300][15820][1484 ][debug][gc,heap  ] GC(18) Heap before GC invocations=18 (full 2):
[2025-05-20T20:16:54.874+0300][15820][1484 ][debug][gc,heap  ] GC(18)  garbage-first heap   total 4194304K, used 2541968K [0x0000000700000000, 0x0000000800000000)
[2025-05-20T20:16:54.874+0300][15820][1484 ][debug][gc,heap  ] GC(18)   region size 2048K, 1228 young (2514944K), 1 survivors (2048K)
[2025-05-20T20:16:54.874+0300][15820][1484 ][debug][gc,heap  ] GC(18)  Metaspace       used 8747K, committed 9792K, reserved 1114112K
[2025-05-20T20:16:54.874+0300][15820][1484 ][debug][gc,heap  ] GC(18)   class space    used 875K, committed 1280K, reserved 1048576K
[2025-05-20T20:16:54.874+0300][15820][1484 ][info ][gc,phases] GC(18)   Pre Evacuate Collection Set: 0.3ms
[2025-05-20T20:16:54.874+0300][15820][1484 ][debug][gc,phases] GC(18)     Pre Evacuate Prepare: 0.1ms
[2025-05-20T20:16:54.874+0300][15820][1484 ][debug][gc,phases] GC(18)       JT Retire TLABs And Flush Logs (ms): Min:  0.0, Avg:  0.0, Max:  0.0, Diff:  0.0, Sum:  0.0, Workers: 2
[2025-05-20T20:16:54.874+0300][15820][1484 ][debug][gc,phases] GC(18)       Non-JT Flush Logs (ms):        Min:  0.0, Avg:  0.0, Max:  0.0, Diff:  0.0, Sum:  0.0, Workers: 1
[2025-05-20T20:16:54.874+0300][15820][1484 ][debug][gc,phases] GC(18)     Choose Collection Set: 0.0ms
[2025-05-20T20:16:54.874+0300][15820][1484 ][debug][gc,phases] GC(18)     Region Register: 0.3ms
[2025-05-20T20:16:54.874+0300][15820][1484 ][debug][gc,phases] GC(18)     Prepare Heap Roots: 0.0ms
[2025-05-20T20:16:54.874+0300][15820][1484 ][info ][gc,phases] GC(18)   Merge Heap Roots: 0.2ms
[2025-05-20T20:16:54.874+0300][15820][1484 ][debug][gc,phases] GC(18)     Prepare Merge Heap Roots: 0.0ms
[2025-05-20T20:16:54.874+0300][15820][1484 ][debug][gc,phases] GC(18)     Remembered Sets (ms):          Min:  0.1, Avg:  0.1, Max:  0.1, Diff:  0.0, Sum:  0.9, Workers: 8
[2025-05-20T20:16:54.874+0300][15820][1484 ][debug][gc,phases] GC(18)       Eager Reclaim (ms):            Min:  0.0, Avg:  0.0, Max:  0.0, Diff:  0.0, Sum:  0.0, Workers: 1
[2025-05-20T20:16:54.874+0300][15820][1484 ][debug][gc,phases] GC(18)       Merged Inline                  Min: 0, Avg:  0.0, Max: 0, Diff: 0, Sum: 0, Workers: 8
[2025-05-20T20:16:54.874+0300][15820][1484 ][debug][gc,phases] GC(18)       Merged ArrayOfCards            Min: 0, Avg:  0.0, Max: 0, Diff: 0, Sum: 0, Workers: 8
[2025-05-20T20:16:54.874+0300][15820][1484 ][debug][gc,phases] GC(18)       Merged Howl                    Min: 0, Avg:  0.0, Max: 0, Diff: 0, Sum: 0, Workers: 8
[2025-05-20T20:16:54.874+0300][15820][1484 ][debug][gc,phases] GC(18)       Merged Full                    Min: 0, Avg:  0.0, Max: 0, Diff: 0, Sum: 0, Workers: 8
[2025-05-20T20:16:54.874+0300][15820][1484 ][debug][gc,phases] GC(18)       Merged Howl Inline             Min: 0, Avg:  0.0, Max: 0, Diff: 0, Sum: 0, Workers: 8
[2025-05-20T20:16:54.874+0300][15820][1484 ][debug][gc,phases] GC(18)       Merged Howl ArrayOfCards       Min: 0, Avg:  0.0, Max: 0, Diff: 0, Sum: 0, Workers: 8
[2025-05-20T20:16:54.874+0300][15820][1484 ][debug][gc,phases] GC(18)       Merged Howl BitMap             Min: 0, Avg:  0.0, Max: 0, Diff: 0, Sum: 0, Workers: 8
[2025-05-20T20:16:54.874+0300][15820][1484 ][debug][gc,phases] GC(18)       Merged Howl Full               Min: 0, Avg:  0.0, Max: 0, Diff: 0, Sum: 0, Workers: 8
[2025-05-20T20:16:54.874+0300][15820][1484 ][debug][gc,phases] GC(18)       Merged Cards                   Min: 8, Avg:  9.0, Max: 16, Diff: 8, Sum: 72, Workers: 8
[2025-05-20T20:16:54.874+0300][15820][1484 ][debug][gc,phases] GC(18)     Log Buffers (ms):              Min:  0.0, Avg:  0.0, Max:  0.0, Diff:  0.0, Sum:  0.0, Workers: 8
[2025-05-20T20:16:54.874+0300][15820][1484 ][debug][gc,phases] GC(18)       Dirty Cards:                   Min: 0, Avg:  1.5, Max: 7, Diff: 7, Sum: 12, Workers: 8
[2025-05-20T20:16:54.874+0300][15820][1484 ][debug][gc,phases] GC(18)       Skipped Cards:                 Min: 0, Avg:  0.0, Max: 0, Diff: 0, Sum: 0, Workers: 8
[2025-05-20T20:16:54.874+0300][15820][1484 ][info ][gc,phases] GC(18)   Evacuate Collection Set: 0.4ms
[2025-05-20T20:16:54.874+0300][15820][1484 ][debug][gc,phases] GC(18)     Ext Root Scanning (ms):        Min:  0.0, Avg:  0.1, Max:  0.1, Diff:  0.0, Sum:  0.4, Workers: 8
[2025-05-20T20:16:54.874+0300][15820][1484 ][debug][gc,phases] GC(18)     Scan Heap Roots (ms):          Min:  0.0, Avg:  0.0, Max:  0.0, Diff:  0.0, Sum:  0.1, Workers: 8
[2025-05-20T20:16:54.874+0300][15820][1484 ][debug][gc,phases] GC(18)       Scanned Cards:                 Min: 0, Avg:  1.5, Max: 4, Diff: 4, Sum: 12, Workers: 8
[2025-05-20T20:16:54.874+0300][15820][1484 ][debug][gc,phases] GC(18)       Scanned Blocks:                Min: 0, Avg:  1.1, Max: 3, Diff: 3, Sum: 9, Workers: 8
[2025-05-20T20:16:54.874+0300][15820][1484 ][debug][gc,phases] GC(18)       Claimed Chunks:                Min: 0, Avg:  1.0, Max: 3, Diff: 3, Sum: 8, Workers: 8
[2025-05-20T20:16:54.874+0300][15820][1484 ][debug][gc,phases] GC(18)       Found Roots:                   Min: 0, Avg:  1.1, Max: 4, Diff: 4, Sum: 9, Workers: 8
[2025-05-20T20:16:54.874+0300][15820][1484 ][debug][gc,phases] GC(18)     Code Root Scan (ms):           Min:  0.1, Avg:  0.1, Max:  0.1, Diff:  0.0, Sum:  0.8, Workers: 8
[2025-05-20T20:16:54.874+0300][15820][1484 ][debug][gc,phases] GC(18)       Scanned Nmethods               Min: 0, Avg:  0.0, Max: 0, Diff: 0, Sum: 0, Workers: 8
[2025-05-20T20:16:54.874+0300][15820][1484 ][debug][gc,phases] GC(18)     Object Copy (ms):              Min:  0.1, Avg:  0.1, Max:  0.1, Diff:  0.0, Sum:  0.8, Workers: 8
[2025-05-20T20:16:54.874+0300][15820][1484 ][debug][gc,phases] GC(18)     Termination (ms):              Min:  0.0, Avg:  0.0, Max:  0.0, Diff:  0.0, Sum:  0.1, Workers: 8
[2025-05-20T20:16:54.874+0300][15820][1484 ][debug][gc,phases] GC(18)       Termination Attempts:          Min: 1, Avg:  1.0, Max: 1, Diff: 0, Sum: 8, Workers: 8
[2025-05-20T20:16:54.874+0300][15820][1484 ][debug][gc,phases] GC(18)     GC Worker Other (ms):          Min:  0.1, Avg:  0.1, Max:  0.1, Diff:  0.0, Sum:  0.8, Workers: 8
[2025-05-20T20:16:54.874+0300][15820][1484 ][debug][gc,phases] GC(18)     GC Worker Total (ms):          Min:  0.4, Avg:  0.4, Max:  0.4, Diff:  0.0, Sum:  2.9, Workers: 8
[2025-05-20T20:16:54.874+0300][15820][1484 ][info ][gc,phases] GC(18)   Post Evacuate Collection Set: 1.0ms
[2025-05-20T20:16:54.874+0300][15820][1484 ][debug][gc,phases] GC(18)     NMethod List Cleanup: 0.0ms
[2025-05-20T20:16:54.874+0300][15820][1484 ][debug][gc,phases] GC(18)     Reference Processing: 0.1ms
[2025-05-20T20:16:54.874+0300][15820][1484 ][debug][gc,phases] GC(18)     Weak Processing: 0.1ms
[2025-05-20T20:16:54.874+0300][15820][1484 ][debug][gc,phases] GC(18)       VM Weak                        Min:  0.0, Avg:  0.0, Max:  0.0, Diff:  0.0, Sum:  0.0, Workers: 8
[2025-05-20T20:16:54.874+0300][15820][1484 ][debug][gc,phases] GC(18)         Dead                           Min: 0, Avg:  0.0, Max: 0, Diff: 0, Sum: 0, Workers: 8
[2025-05-20T20:16:54.874+0300][15820][1484 ][debug][gc,phases] GC(18)         Total                          Min: 0, Avg: 15.4, Max: 123, Diff: 123, Sum: 123, Workers: 8
[2025-05-20T20:16:54.874+0300][15820][1484 ][debug][gc,phases] GC(18)       ObjectSynchronizer Weak        Min:  0.0, Avg:  0.0, Max:  0.0, Diff:  0.0, Sum:  0.0, Workers: 8
[2025-05-20T20:16:54.874+0300][15820][1484 ][debug][gc,phases] GC(18)         Dead                           Min: 0, Avg:  0.0, Max: 0, Diff: 0, Sum: 0, Workers: 8
[2025-05-20T20:16:54.874+0300][15820][1484 ][debug][gc,phases] GC(18)         Total                          Min: 0, Avg: 16.4, Max: 131, Diff: 131, Sum: 131, Workers: 8
[2025-05-20T20:16:54.874+0300][15820][1484 ][debug][gc,phases] GC(18)       JVMTI Tag Weak OopStorage      Min:  0.0, Avg:  0.0, Max:  0.0, Diff:  0.0, Sum:  0.0, Workers: 8
[2025-05-20T20:16:54.874+0300][15820][1484 ][debug][gc,phases] GC(18)         Dead                           Min: 0, Avg:  0.0, Max: 0, Diff: 0, Sum: 0, Workers: 8
[2025-05-20T20:16:54.874+0300][15820][1484 ][debug][gc,phases] GC(18)         Total                          Min: 0, Avg:  0.0, Max: 0, Diff: 0, Sum: 0, Workers: 8
[2025-05-20T20:16:54.874+0300][15820][1484 ][debug][gc,phases] GC(18)       StringTable Weak               Min:  0.0, Avg:  0.0, Max:  0.0, Diff:  0.0, Sum:  0.1, Workers: 8
[2025-05-20T20:16:54.874+0300][15820][1484 ][debug][gc,phases] GC(18)         Dead                           Min: 0, Avg:  0.0, Max: 0, Diff: 0, Sum: 0, Workers: 8
[2025-05-20T20:16:54.874+0300][15820][1484 ][debug][gc,phases] GC(18)         Total                          Min: 0, Avg: 787.8, Max: 1024, Diff: 1024, Sum: 6302, Workers: 8
[2025-05-20T20:16:54.874+0300][15820][1484 ][debug][gc,phases] GC(18)       ResolvedMethodTable Weak       Min:  0.0, Avg:  0.0, Max:  0.0, Diff:  0.0, Sum:  0.0, Workers: 8
[2025-05-20T20:16:54.874+0300][15820][1484 ][debug][gc,phases] GC(18)         Dead                           Min: 0, Avg:  0.0, Max: 0, Diff: 0, Sum: 0, Workers: 8
[2025-05-20T20:16:54.874+0300][15820][1484 ][debug][gc,phases] GC(18)         Total                          Min: 0, Avg: 112.8, Max: 138, Diff: 138, Sum: 902, Workers: 8
[2025-05-20T20:16:54.874+0300][15820][1484 ][debug][gc,phases] GC(18)       JNI Weak                       Min:  0.0, Avg:  0.0, Max:  0.0, Diff:  0.0, Sum:  0.0, Workers: 8
[2025-05-20T20:16:54.874+0300][15820][1484 ][debug][gc,phases] GC(18)         Dead                           Min: 0, Avg:  0.0, Max: 0, Diff: 0, Sum: 0, Workers: 8
[2025-05-20T20:16:54.874+0300][15820][1484 ][debug][gc,phases] GC(18)         Total                          Min: 0, Avg:  0.0, Max: 0, Diff: 0, Sum: 0, Workers: 8
[2025-05-20T20:16:54.874+0300][15820][1484 ][debug][gc,phases] GC(18)       StringDedup Table Weak         Min:  0.0, Avg:  0.0, Max:  0.0, Diff:  0.0, Sum:  0.0, Workers: 8
[2025-05-20T20:16:54.874+0300][15820][1484 ][debug][gc,phases] GC(18)         Dead                           Min: 0, Avg:  0.0, Max: 0, Diff: 0, Sum: 0, Workers: 8
[2025-05-20T20:16:54.874+0300][15820][1484 ][debug][gc,phases] GC(18)         Total                          Min: 0, Avg:  0.0, Max: 0, Diff: 0, Sum: 0, Workers: 8
[2025-05-20T20:16:54.874+0300][15820][1484 ][debug][gc,phases] GC(18)       StringDedup Requests0 Weak     Min:  0.0, Avg:  0.0, Max:  0.0, Diff:  0.0, Sum:  0.0, Workers: 8
[2025-05-20T20:16:54.874+0300][15820][1484 ][debug][gc,phases] GC(18)         Dead                           Min: 0, Avg:  0.0, Max: 0, Diff: 0, Sum: 0, Workers: 8
[2025-05-20T20:16:54.874+0300][15820][1484 ][debug][gc,phases] GC(18)         Total                          Min: 0, Avg:  0.0, Max: 0, Diff: 0, Sum: 0, Workers: 8
[2025-05-20T20:16:54.874+0300][15820][1484 ][debug][gc,phases] GC(18)       StringDedup Requests1 Weak     Min:  0.0, Avg:  0.0, Max:  0.0, Diff:  0.0, Sum:  0.0, Workers: 8
[2025-05-20T20:16:54.874+0300][15820][1484 ][debug][gc,phases] GC(18)         Dead                           Min: 0, Avg:  0.0, Max: 0, Diff: 0, Sum: 0, Workers: 8
[2025-05-20T20:16:54.874+0300][15820][1484 ][debug][gc,phases] GC(18)         Total                          Min: 0, Avg:  0.0, Max: 0, Diff: 0, Sum: 0, Workers: 8
[2025-05-20T20:16:54.874+0300][15820][1484 ][debug][gc,phases] GC(18)       Weak JFR Old Object Samples    Min:  0.0, Avg:  0.0, Max:  0.0, Diff:  0.0, Sum:  0.0, Workers: 8
[2025-05-20T20:16:54.874+0300][15820][1484 ][debug][gc,phases] GC(18)         Dead                           Min: 0, Avg:  0.0, Max: 0, Diff: 0, Sum: 0, Workers: 8
[2025-05-20T20:16:54.874+0300][15820][1484 ][debug][gc,phases] GC(18)         Total                          Min: 0, Avg:  0.0, Max: 0, Diff: 0, Sum: 0, Workers: 8
[2025-05-20T20:16:54.874+0300][15820][1484 ][debug][gc,phases] GC(18)     Post Evacuate Cleanup 1: 0.3ms
[2025-05-20T20:16:54.874+0300][15820][1484 ][debug][gc,phases] GC(18)       Merge Per-Thread State (ms):   Min:  0.1, Avg:  0.1, Max:  0.1, Diff:  0.0, Sum:  0.1, Workers: 1
[2025-05-20T20:16:54.874+0300][15820][1484 ][debug][gc,phases] GC(18)         Copied Bytes                   Min: 60528, Avg: 89414.0, Max: 127352, Diff: 66824, Sum: 715312, Workers: 8
[2025-05-20T20:16:54.874+0300][15820][1484 ][debug][gc,phases] GC(18)         LAB Waste                      Min: 80, Avg: 174.0, Max: 264, Diff: 184, Sum: 1392, Workers: 8
[2025-05-20T20:16:54.874+0300][15820][1484 ][debug][gc,phases] GC(18)         LAB Undo Waste                 Min: 0, Avg:  0.0, Max: 0, Diff: 0, Sum: 0, Workers: 8
[2025-05-20T20:16:54.874+0300][15820][1484 ][debug][gc,phases] GC(18)       Clear Logged Cards (ms):       Min:  0.0, Avg:  0.2, Max:  0.3, Diff:  0.3, Sum:  1.1, Workers: 7
[2025-05-20T20:16:54.874+0300][15820][1484 ][debug][gc,phases] GC(18)       Recalculate Used Memory (ms):  Min:  0.0, Avg:  0.0, Max:  0.0, Diff:  0.0, Sum:  0.0, Workers: 1
[2025-05-20T20:16:54.874+0300][15820][1484 ][debug][gc,phases] GC(18)     Post Evacuate Cleanup 2: 0.4ms
[2025-05-20T20:16:54.874+0300][15820][1484 ][debug][gc,phases] GC(18)       Update Derived Pointers (ms):  Min:  0.0, Avg:  0.0, Max:  0.0, Diff:  0.0, Sum:  0.0, Workers: 1
[2025-05-20T20:16:54.874+0300][15820][1484 ][debug][gc,phases] GC(18)       Eagerly Reclaim Humongous Objects (ms): Min:  0.0, Avg:  0.0, Max:  0.0, Diff:  0.0, Sum:  0.0, Workers: 1
[2025-05-20T20:16:54.874+0300][15820][1484 ][debug][gc,phases] GC(18)         Humongous Total                Min: 6, Avg:  6.0, Max: 6, Diff: 0, Sum: 6, Workers: 1
[2025-05-20T20:16:54.874+0300][15820][1484 ][debug][gc,phases] GC(18)         Humongous Candidates           Min: 3, Avg:  3.0, Max: 3, Diff: 0, Sum: 3, Workers: 1
[2025-05-20T20:16:54.874+0300][15820][1484 ][debug][gc,phases] GC(18)         Humongous Reclaimed            Min: 0, Avg:  0.0, Max: 0, Diff: 0, Sum: 0, Workers: 1
[2025-05-20T20:16:54.874+0300][15820][1484 ][debug][gc,phases] GC(18)       Redirty Logged Cards (ms):     Min:  0.0, Avg:  0.0, Max:  0.0, Diff:  0.0, Sum:  0.0, Workers: 8
[2025-05-20T20:16:54.874+0300][15820][1484 ][debug][gc,phases] GC(18)         Redirtied Cards:               Min: 0, Avg:  1.0, Max: 5, Diff: 5, Sum: 8, Workers: 8
[2025-05-20T20:16:54.874+0300][15820][1484 ][debug][gc,phases] GC(18)       Resize TLABs (ms):             Min:  0.0, Avg:  0.0, Max:  0.0, Diff:  0.0, Sum:  0.0, Workers: 8
[2025-05-20T20:16:54.874+0300][15820][1484 ][debug][gc,phases] GC(18)       Free Collection Set (ms):      Min:  0.0, Avg:  0.3, Max:  0.3, Diff:  0.3, Sum:  2.1, Workers: 8
[2025-05-20T20:16:54.874+0300][15820][1484 ][debug][gc,phases] GC(18)     Rebuild Free List: 0.1ms
[2025-05-20T20:16:54.874+0300][15820][1484 ][debug][gc,phases] GC(18)     Prepare For Mutator: 0.0ms
[2025-05-20T20:16:54.874+0300][15820][1484 ][debug][gc,phases] GC(18)     Expand Heap After Collection: 0.0ms
[2025-05-20T20:16:54.874+0300][15820][1484 ][info ][gc,phases] GC(18)   Other: 0.1ms
[2025-05-20T20:16:54.874+0300][15820][1484 ][info ][gc,heap  ] GC(18) Eden regions: 1227->0(1227)
[2025-05-20T20:16:54.874+0300][15820][1484 ][info ][gc,heap  ] GC(18) Survivor regions: 1->1(154)
[2025-05-20T20:16:54.874+0300][15820][1484 ][info ][gc,heap  ] GC(18) Old regions: 8->8
[2025-05-20T20:16:54.874+0300][15820][1484 ][info ][gc,heap  ] GC(18) Humongous regions: 12->12
[2025-05-20T20:16:54.874+0300][15820][1484 ][debug][gc,heap  ] GC(18) Heap after GC invocations=19 (full 2):
[2025-05-20T20:16:54.874+0300][15820][1484 ][debug][gc,heap  ] GC(18)  garbage-first heap   total 4194304K, used 29055K [0x0000000700000000, 0x0000000800000000)
[2025-05-20T20:16:54.874+0300][15820][1484 ][debug][gc,heap  ] GC(18)   region size 2048K, 1 young (2048K), 1 survivors (2048K)
[2025-05-20T20:16:54.874+0300][15820][1484 ][debug][gc,heap  ] GC(18)  Metaspace       used 8747K, committed 9792K, reserved 1114112K
[2025-05-20T20:16:54.874+0300][15820][1484 ][debug][gc,heap  ] GC(18)   class space    used 875K, committed 1280K, reserved 1048576K
[2025-05-20T20:16:54.874+0300][15820][1484 ][info ][gc       ] GC(18) Pause Young (Normal) (G1 Evacuation Pause) 2482M->28M(4096M) 3.898ms
[2025-05-20T20:16:54.874+0300][15820][1484 ][info ][safepoint] Safepoint "G1CollectForAllocation", Time since last: 1056966800 ns, Reaching safepoint: 438500 ns, Cleanup: 6200 ns, At safepoint: 3955200 ns, Total: 4399900 ns
[2025-05-20T20:16:55.981+0300][15820][1484 ][debug][safepoint] Safepoint synchronization initiated using striped semaphore wait barrier. (19 threads)
[2025-05-20T20:16:55.981+0300][15820][20576][debug][safepoint] ... found polling page loop exception at pc = 0x00000247101b8960, stub =0x000002470fbb5d80
[2025-05-20T20:16:55.981+0300][15820][20136][debug][safepoint] ... found polling page loop exception at pc = 0x00000247101b8960, stub =0x000002470fbb5d80
[2025-05-20T20:16:55.981+0300][15820][18340][debug][safepoint] ... found polling page loop exception at pc = 0x00000247101b8960, stub =0x000002470fbb5d80
[2025-05-20T20:16:55.981+0300][15820][836  ][debug][safepoint] ... found polling page loop exception at pc = 0x00000247101b8960, stub =0x000002470fbb5d80
[2025-05-20T20:16:55.981+0300][15820][6052 ][debug][safepoint] ... found polling page loop exception at pc = 0x000002471027a269, stub =0x000002470fbb6600
[2025-05-20T20:16:55.981+0300][15820][1484 ][debug][gc,heap  ] GC(19) Heap before GC invocations=19 (full 2):
[2025-05-20T20:16:55.981+0300][15820][1484 ][debug][gc,heap  ] GC(19)  garbage-first heap   total 4194304K, used 2541951K [0x0000000700000000, 0x0000000800000000)
[2025-05-20T20:16:55.981+0300][15820][1484 ][debug][gc,heap  ] GC(19)   region size 2048K, 1228 young (2514944K), 1 survivors (2048K)
[2025-05-20T20:16:55.981+0300][15820][1484 ][debug][gc,heap  ] GC(19)  Metaspace       used 8747K, committed 9792K, reserved 1114112K
[2025-05-20T20:16:55.981+0300][15820][1484 ][debug][gc,heap  ] GC(19)   class space    used 875K, committed 1280K, reserved 1048576K
[2025-05-20T20:16:55.981+0300][15820][1484 ][info ][gc,phases] GC(19)   Pre Evacuate Collection Set: 0.3ms
[2025-05-20T20:16:55.981+0300][15820][1484 ][debug][gc,phases] GC(19)     Pre Evacuate Prepare: 0.1ms
[2025-05-20T20:16:55.981+0300][15820][1484 ][debug][gc,phases] GC(19)       JT Retire TLABs And Flush Logs (ms): Min:  0.0, Avg:  0.0, Max:  0.0, Diff:  0.0, Sum:  0.0, Workers: 2
[2025-05-20T20:16:55.981+0300][15820][1484 ][debug][gc,phases] GC(19)       Non-JT Flush Logs (ms):        Min:  0.0, Avg:  0.0, Max:  0.0, Diff:  0.0, Sum:  0.0, Workers: 1
[2025-05-20T20:16:55.981+0300][15820][1484 ][debug][gc,phases] GC(19)     Choose Collection Set: 0.0ms
[2025-05-20T20:16:55.981+0300][15820][1484 ][debug][gc,phases] GC(19)     Region Register: 0.2ms
[2025-05-20T20:16:55.981+0300][15820][1484 ][debug][gc,phases] GC(19)     Prepare Heap Roots: 0.0ms
[2025-05-20T20:16:55.981+0300][15820][1484 ][info ][gc,phases] GC(19)   Merge Heap Roots: 0.2ms
[2025-05-20T20:16:55.981+0300][15820][1484 ][debug][gc,phases] GC(19)     Prepare Merge Heap Roots: 0.0ms
[2025-05-20T20:16:55.981+0300][15820][1484 ][debug][gc,phases] GC(19)     Remembered Sets (ms):          Min:  0.0, Avg:  0.1, Max:  0.1, Diff:  0.1, Sum:  0.8, Workers: 8
[2025-05-20T20:16:55.981+0300][15820][1484 ][debug][gc,phases] GC(19)       Eager Reclaim (ms):            Min:  0.0, Avg:  0.0, Max:  0.0, Diff:  0.0, Sum:  0.0, Workers: 1
[2025-05-20T20:16:55.981+0300][15820][1484 ][debug][gc,phases] GC(19)       Merged Inline                  Min: 0, Avg:  0.0, Max: 0, Diff: 0, Sum: 0, Workers: 8
[2025-05-20T20:16:55.981+0300][15820][1484 ][debug][gc,phases] GC(19)       Merged ArrayOfCards            Min: 0, Avg:  0.0, Max: 0, Diff: 0, Sum: 0, Workers: 8
[2025-05-20T20:16:55.981+0300][15820][1484 ][debug][gc,phases] GC(19)       Merged Howl                    Min: 0, Avg:  0.0, Max: 0, Diff: 0, Sum: 0, Workers: 8
[2025-05-20T20:16:55.981+0300][15820][1484 ][debug][gc,phases] GC(19)       Merged Full                    Min: 0, Avg:  0.0, Max: 0, Diff: 0, Sum: 0, Workers: 8
[2025-05-20T20:16:55.981+0300][15820][1484 ][debug][gc,phases] GC(19)       Merged Howl Inline             Min: 0, Avg:  0.0, Max: 0, Diff: 0, Sum: 0, Workers: 8
[2025-05-20T20:16:55.981+0300][15820][1484 ][debug][gc,phases] GC(19)       Merged Howl ArrayOfCards       Min: 0, Avg:  0.0, Max: 0, Diff: 0, Sum: 0, Workers: 8
[2025-05-20T20:16:55.981+0300][15820][1484 ][debug][gc,phases] GC(19)       Merged Howl BitMap             Min: 0, Avg:  0.0, Max: 0, Diff: 0, Sum: 0, Workers: 8
[2025-05-20T20:16:55.981+0300][15820][1484 ][debug][gc,phases] GC(19)       Merged Howl Full               Min: 0, Avg:  0.0, Max: 0, Diff: 0, Sum: 0, Workers: 8
[2025-05-20T20:16:55.981+0300][15820][1484 ][debug][gc,phases] GC(19)       Merged Cards                   Min: 8, Avg:  9.0, Max: 16, Diff: 8, Sum: 72, Workers: 8
[2025-05-20T20:16:55.981+0300][15820][1484 ][debug][gc,phases] GC(19)     Log Buffers (ms):              Min:  0.0, Avg:  0.0, Max:  0.0, Diff:  0.0, Sum:  0.0, Workers: 8
[2025-05-20T20:16:55.981+0300][15820][1484 ][debug][gc,phases] GC(19)       Dirty Cards:                   Min: 0, Avg:  1.6, Max: 13, Diff: 13, Sum: 13, Workers: 8
[2025-05-20T20:16:55.981+0300][15820][1484 ][debug][gc,phases] GC(19)       Skipped Cards:                 Min: 0, Avg:  0.0, Max: 0, Diff: 0, Sum: 0, Workers: 8
[2025-05-20T20:16:55.981+0300][15820][1484 ][info ][gc,phases] GC(19)   Evacuate Collection Set: 0.6ms
[2025-05-20T20:16:55.981+0300][15820][1484 ][debug][gc,phases] GC(19)     Ext Root Scanning (ms):        Min:  0.0, Avg:  0.1, Max:  0.1, Diff:  0.1, Sum:  0.5, Workers: 8
[2025-05-20T20:16:55.981+0300][15820][1484 ][debug][gc,phases] GC(19)     Scan Heap Roots (ms):          Min:  0.0, Avg:  0.0, Max:  0.0, Diff:  0.0, Sum:  0.0, Workers: 8
[2025-05-20T20:16:55.981+0300][15820][1484 ][debug][gc,phases] GC(19)       Scanned Cards:                 Min: 0, Avg:  1.6, Max: 6, Diff: 6, Sum: 13, Workers: 8
[2025-05-20T20:16:55.981+0300][15820][1484 ][debug][gc,phases] GC(19)       Scanned Blocks:                Min: 0, Avg:  1.2, Max: 5, Diff: 5, Sum: 10, Workers: 8
[2025-05-20T20:16:55.981+0300][15820][1484 ][debug][gc,phases] GC(19)       Claimed Chunks:                Min: 0, Avg:  1.1, Max: 4, Diff: 4, Sum: 9, Workers: 8
[2025-05-20T20:16:55.981+0300][15820][1484 ][debug][gc,phases] GC(19)       Found Roots:                   Min: 0, Avg:  1.4, Max: 7, Diff: 7, Sum: 11, Workers: 8
[2025-05-20T20:16:55.981+0300][15820][1484 ][debug][gc,phases] GC(19)     Code Root Scan (ms):           Min:  0.1, Avg:  0.1, Max:  0.1, Diff:  0.0, Sum:  0.8, Workers: 8
[2025-05-20T20:16:55.981+0300][15820][1484 ][debug][gc,phases] GC(19)       Scanned Nmethods               Min: 0, Avg:  0.0, Max: 0, Diff: 0, Sum: 0, Workers: 8
[2025-05-20T20:16:55.981+0300][15820][1484 ][debug][gc,phases] GC(19)     Object Copy (ms):              Min:  0.0, Avg:  0.1, Max:  0.1, Diff:  0.1, Sum:  0.8, Workers: 8
[2025-05-20T20:16:55.981+0300][15820][1484 ][debug][gc,phases] GC(19)     Termination (ms):              Min:  0.0, Avg:  0.2, Max:  0.2, Diff:  0.2, Sum:  1.5, Workers: 8
[2025-05-20T20:16:55.981+0300][15820][1484 ][debug][gc,phases] GC(19)       Termination Attempts:          Min: 1, Avg:  1.0, Max: 1, Diff: 0, Sum: 8, Workers: 8
[2025-05-20T20:16:55.981+0300][15820][1484 ][debug][gc,phases] GC(19)     GC Worker Other (ms):          Min:  0.1, Avg:  0.1, Max:  0.1, Diff:  0.0, Sum:  0.8, Workers: 8
[2025-05-20T20:16:55.981+0300][15820][1484 ][debug][gc,phases] GC(19)     GC Worker Total (ms):          Min:  0.2, Avg:  0.6, Max:  0.6, Diff:  0.4, Sum:  4.4, Workers: 8
[2025-05-20T20:16:55.981+0300][15820][1484 ][info ][gc,phases] GC(19)   Post Evacuate Collection Set: 1.2ms
[2025-05-20T20:16:55.981+0300][15820][1484 ][debug][gc,phases] GC(19)     NMethod List Cleanup: 0.0ms
[2025-05-20T20:16:55.981+0300][15820][1484 ][debug][gc,phases] GC(19)     Reference Processing: 0.2ms
[2025-05-20T20:16:55.981+0300][15820][1484 ][debug][gc,phases] GC(19)     Weak Processing: 0.1ms
[2025-05-20T20:16:55.981+0300][15820][1484 ][debug][gc,phases] GC(19)       VM Weak                        Min:  0.0, Avg:  0.0, Max:  0.0, Diff:  0.0, Sum:  0.0, Workers: 8
[2025-05-20T20:16:55.981+0300][15820][1484 ][debug][gc,phases] GC(19)         Dead                           Min: 0, Avg:  0.0, Max: 0, Diff: 0, Sum: 0, Workers: 8
[2025-05-20T20:16:55.981+0300][15820][1484 ][debug][gc,phases] GC(19)         Total                          Min: 0, Avg: 15.4, Max: 72, Diff: 72, Sum: 123, Workers: 8
[2025-05-20T20:16:55.981+0300][15820][1484 ][debug][gc,phases] GC(19)       ObjectSynchronizer Weak        Min:  0.0, Avg:  0.0, Max:  0.0, Diff:  0.0, Sum:  0.0, Workers: 8
[2025-05-20T20:16:55.981+0300][15820][1484 ][debug][gc,phases] GC(19)         Dead                           Min: 0, Avg:  0.0, Max: 0, Diff: 0, Sum: 0, Workers: 8
[2025-05-20T20:16:55.981+0300][15820][1484 ][debug][gc,phases] GC(19)         Total                          Min: 0, Avg: 16.4, Max: 64, Diff: 64, Sum: 131, Workers: 8
[2025-05-20T20:16:55.981+0300][15820][1484 ][debug][gc,phases] GC(19)       JVMTI Tag Weak OopStorage      Min:  0.0, Avg:  0.0, Max:  0.0, Diff:  0.0, Sum:  0.0, Workers: 8
[2025-05-20T20:16:55.981+0300][15820][1484 ][debug][gc,phases] GC(19)         Dead                           Min: 0, Avg:  0.0, Max: 0, Diff: 0, Sum: 0, Workers: 8
[2025-05-20T20:16:55.981+0300][15820][1484 ][debug][gc,phases] GC(19)         Total                          Min: 0, Avg:  0.0, Max: 0, Diff: 0, Sum: 0, Workers: 8
[2025-05-20T20:16:55.981+0300][15820][1484 ][debug][gc,phases] GC(19)       StringTable Weak               Min:  0.0, Avg:  0.0, Max:  0.0, Diff:  0.0, Sum:  0.1, Workers: 8
[2025-05-20T20:16:55.981+0300][15820][1484 ][debug][gc,phases] GC(19)         Dead                           Min: 0, Avg:  0.0, Max: 0, Diff: 0, Sum: 0, Workers: 8
[2025-05-20T20:16:55.981+0300][15820][1484 ][debug][gc,phases] GC(19)         Total                          Min: 512, Avg: 788.0, Max: 1024, Diff: 512, Sum: 6304, Workers: 8
[2025-05-20T20:16:55.981+0300][15820][1484 ][debug][gc,phases] GC(19)       ResolvedMethodTable Weak       Min:  0.0, Avg:  0.0, Max:  0.0, Diff:  0.0, Sum:  0.0, Workers: 8
[2025-05-20T20:16:55.981+0300][15820][1484 ][debug][gc,phases] GC(19)         Dead                           Min: 0, Avg:  0.0, Max: 0, Diff: 0, Sum: 0, Workers: 8
[2025-05-20T20:16:55.981+0300][15820][1484 ][debug][gc,phases] GC(19)         Total                          Min: 64, Avg: 112.8, Max: 128, Diff: 64, Sum: 902, Workers: 8
[2025-05-20T20:16:55.981+0300][15820][1484 ][debug][gc,phases] GC(19)       JNI Weak                       Min:  0.0, Avg:  0.0, Max:  0.0, Diff:  0.0, Sum:  0.0, Workers: 8
[2025-05-20T20:16:55.981+0300][15820][1484 ][debug][gc,phases] GC(19)         Dead                           Min: 0, Avg:  0.0, Max: 0, Diff: 0, Sum: 0, Workers: 8
[2025-05-20T20:16:55.981+0300][15820][1484 ][debug][gc,phases] GC(19)         Total                          Min: 0, Avg:  0.0, Max: 0, Diff: 0, Sum: 0, Workers: 8
[2025-05-20T20:16:55.981+0300][15820][1484 ][debug][gc,phases] GC(19)       StringDedup Table Weak         Min:  0.0, Avg:  0.0, Max:  0.0, Diff:  0.0, Sum:  0.0, Workers: 8
[2025-05-20T20:16:55.981+0300][15820][1484 ][debug][gc,phases] GC(19)         Dead                           Min: 0, Avg:  0.0, Max: 0, Diff: 0, Sum: 0, Workers: 8
[2025-05-20T20:16:55.981+0300][15820][1484 ][debug][gc,phases] GC(19)         Total                          Min: 0, Avg:  0.0, Max: 0, Diff: 0, Sum: 0, Workers: 8
[2025-05-20T20:16:55.986+0300][15820][1484 ][debug][gc,phases] GC(19)       StringDedup Requests0 Weak     Min:  0.0, Avg:  0.0, Max:  0.0, Diff:  0.0, Sum:  0.0, Workers: 8
[2025-05-20T20:16:55.986+0300][15820][1484 ][debug][gc,phases] GC(19)         Dead                           Min: 0, Avg:  0.0, Max: 0, Diff: 0, Sum: 0, Workers: 8
[2025-05-20T20:16:55.986+0300][15820][1484 ][debug][gc,phases] GC(19)         Total                          Min: 0, Avg:  0.0, Max: 0, Diff: 0, Sum: 0, Workers: 8
[2025-05-20T20:16:55.986+0300][15820][1484 ][debug][gc,phases] GC(19)       StringDedup Requests1 Weak     Min:  0.0, Avg:  0.0, Max:  0.0, Diff:  0.0, Sum:  0.0, Workers: 8
[2025-05-20T20:16:55.986+0300][15820][1484 ][debug][gc,phases] GC(19)         Dead                           Min: 0, Avg:  0.0, Max: 0, Diff: 0, Sum: 0, Workers: 8
[2025-05-20T20:16:55.986+0300][15820][1484 ][debug][gc,phases] GC(19)         Total                          Min: 0, Avg:  0.0, Max: 0, Diff: 0, Sum: 0, Workers: 8
[2025-05-20T20:16:55.986+0300][15820][1484 ][debug][gc,phases] GC(19)       Weak JFR Old Object Samples    Min:  0.0, Avg:  0.0, Max:  0.0, Diff:  0.0, Sum:  0.0, Workers: 8
[2025-05-20T20:16:55.986+0300][15820][1484 ][debug][gc,phases] GC(19)         Dead                           Min: 0, Avg:  0.0, Max: 0, Diff: 0, Sum: 0, Workers: 8
[2025-05-20T20:16:55.986+0300][15820][1484 ][debug][gc,phases] GC(19)         Total                          Min: 0, Avg:  0.0, Max: 0, Diff: 0, Sum: 0, Workers: 8
[2025-05-20T20:16:55.986+0300][15820][1484 ][debug][gc,phases] GC(19)     Post Evacuate Cleanup 1: 0.5ms
[2025-05-20T20:16:55.986+0300][15820][1484 ][debug][gc,phases] GC(19)       Merge Per-Thread State (ms):   Min:  0.1, Avg:  0.1, Max:  0.1, Diff:  0.0, Sum:  0.1, Workers: 1
[2025-05-20T20:16:55.986+0300][15820][1484 ][debug][gc,phases] GC(19)         Copied Bytes                   Min: 0, Avg: 89290.0, Max: 143672, Diff: 143672, Sum: 714320, Workers: 8
[2025-05-20T20:16:55.986+0300][15820][1484 ][debug][gc,phases] GC(19)         LAB Waste                      Min: 0, Avg: 166.0, Max: 240, Diff: 240, Sum: 1328, Workers: 8
[2025-05-20T20:16:55.986+0300][15820][1484 ][debug][gc,phases] GC(19)         LAB Undo Waste                 Min: 0, Avg:  0.0, Max: 0, Diff: 0, Sum: 0, Workers: 8
[2025-05-20T20:16:55.986+0300][15820][1484 ][debug][gc,phases] GC(19)       Clear Logged Cards (ms):       Min:  0.0, Avg:  0.2, Max:  0.4, Diff:  0.4, Sum:  1.4, Workers: 7
[2025-05-20T20:16:55.986+0300][15820][1484 ][debug][gc,phases] GC(19)       Recalculate Used Memory (ms):  Min:  0.0, Avg:  0.0, Max:  0.0, Diff:  0.0, Sum:  0.0, Workers: 1
[2025-05-20T20:16:55.986+0300][15820][1484 ][debug][gc,phases] GC(19)     Post Evacuate Cleanup 2: 0.4ms
[2025-05-20T20:16:55.986+0300][15820][1484 ][debug][gc,phases] GC(19)       Update Derived Pointers (ms):  Min:  0.0, Avg:  0.0, Max:  0.0, Diff:  0.0, Sum:  0.0, Workers: 1
[2025-05-20T20:16:55.986+0300][15820][1484 ][debug][gc,phases] GC(19)       Eagerly Reclaim Humongous Objects (ms): Min:  0.0, Avg:  0.0, Max:  0.0, Diff:  0.0, Sum:  0.0, Workers: 1
[2025-05-20T20:16:55.986+0300][15820][1484 ][debug][gc,phases] GC(19)         Humongous Total                Min: 6, Avg:  6.0, Max: 6, Diff: 0, Sum: 6, Workers: 1
[2025-05-20T20:16:55.986+0300][15820][1484 ][debug][gc,phases] GC(19)         Humongous Candidates           Min: 3, Avg:  3.0, Max: 3, Diff: 0, Sum: 3, Workers: 1
[2025-05-20T20:16:55.986+0300][15820][1484 ][debug][gc,phases] GC(19)         Humongous Reclaimed            Min: 0, Avg:  0.0, Max: 0, Diff: 0, Sum: 0, Workers: 1
[2025-05-20T20:16:55.986+0300][15820][1484 ][debug][gc,phases] GC(19)       Redirty Logged Cards (ms):     Min:  0.0, Avg:  0.0, Max:  0.0, Diff:  0.0, Sum:  0.0, Workers: 8
[2025-05-20T20:16:55.986+0300][15820][1484 ][debug][gc,phases] GC(19)         Redirtied Cards:               Min: 0, Avg:  1.2, Max: 10, Diff: 10, Sum: 10, Workers: 8
[2025-05-20T20:16:55.986+0300][15820][1484 ][debug][gc,phases] GC(19)       Resize TLABs (ms):             Min:  0.0, Avg:  0.0, Max:  0.0, Diff:  0.0, Sum:  0.0, Workers: 8
[2025-05-20T20:16:55.986+0300][15820][1484 ][debug][gc,phases] GC(19)       Free Collection Set (ms):      Min:  0.2, Avg:  0.3, Max:  0.3, Diff:  0.1, Sum:  2.3, Workers: 8
[2025-05-20T20:16:55.986+0300][15820][1484 ][debug][gc,phases] GC(19)     Rebuild Free List: 0.1ms
[2025-05-20T20:16:55.986+0300][15820][1484 ][debug][gc,phases] GC(19)     Prepare For Mutator: 0.0ms
[2025-05-20T20:16:55.986+0300][15820][1484 ][debug][gc,phases] GC(19)     Expand Heap After Collection: 0.0ms
[2025-05-20T20:16:55.986+0300][15820][1484 ][info ][gc,phases] GC(19)   Other: 0.1ms
[2025-05-20T20:16:55.986+0300][15820][1484 ][info ][gc,heap  ] GC(19) Eden regions: 1227->0(1227)
[2025-05-20T20:16:55.986+0300][15820][1484 ][info ][gc,heap  ] GC(19) Survivor regions: 1->1(154)
[2025-05-20T20:16:55.986+0300][15820][1484 ][info ][gc,heap  ] GC(19) Old regions: 8->8
[2025-05-20T20:16:55.986+0300][15820][1484 ][info ][gc,heap  ] GC(19) Humongous regions: 12->12
[2025-05-20T20:16:55.986+0300][15820][1484 ][debug][gc,heap  ] GC(19) Heap after GC invocations=20 (full 2):
[2025-05-20T20:16:55.986+0300][15820][1484 ][debug][gc,heap  ] GC(19)  garbage-first heap   total 4194304K, used 29052K [0x0000000700000000, 0x0000000800000000)
[2025-05-20T20:16:55.986+0300][15820][1484 ][debug][gc,heap  ] GC(19)   region size 2048K, 1 young (2048K), 1 survivors (2048K)
[2025-05-20T20:16:55.986+0300][15820][1484 ][debug][gc,heap  ] GC(19)  Metaspace       used 8747K, committed 9792K, reserved 1114112K
[2025-05-20T20:16:55.986+0300][15820][1484 ][debug][gc,heap  ] GC(19)   class space    used 875K, committed 1280K, reserved 1048576K
[2025-05-20T20:16:55.986+0300][15820][1484 ][info ][gc       ] GC(19) Pause Young (Normal) (G1 Evacuation Pause) 2482M->28M(4096M) 4.404ms
[2025-05-20T20:16:55.986+0300][15820][1484 ][info ][safepoint] Safepoint "G1CollectForAllocation", Time since last: 1102990500 ns, Reaching safepoint: 358800 ns, Cleanup: 12100 ns, At safepoint: 4487600 ns, Total: 4858500 ns
[2025-05-20T20:16:56.819+0300][15820][1484 ][debug][safepoint] Safepoint synchronization initiated using striped semaphore wait barrier. (19 threads)
[2025-05-20T20:16:56.819+0300][15820][20576][debug][safepoint] ... found polling page loop exception at pc = 0x00000247101bb1f7, stub =0x000002470fbb6600
[2025-05-20T20:16:56.819+0300][15820][6052 ][debug][safepoint] ... found polling page loop exception at pc = 0x00000247101b8960, stub =0x000002470fbb5d80
[2025-05-20T20:16:56.819+0300][15820][18340][debug][safepoint] ... found polling page loop exception at pc = 0x000002471026f5cf, stub =0x000002470fbb5d80
[2025-05-20T20:16:56.819+0300][15820][6656 ][debug][safepoint] ... found polling page loop exception at pc = 0x00000247101b8960, stub =0x000002470fbb5d80
[2025-05-20T20:16:56.819+0300][15820][17352][debug][safepoint] ... found polling page loop exception at pc = 0x00000247101cf522, stub =0x000002470fbb6600
[2025-05-20T20:16:56.819+0300][15820][836  ][debug][safepoint] ... found polling page loop exception at pc = 0x00000247101b8960, stub =0x000002470fbb5d80
[2025-05-20T20:16:56.819+0300][15820][1484 ][debug][gc,heap  ] GC(20) Heap before GC invocations=20 (full 2):
[2025-05-20T20:16:56.819+0300][15820][1484 ][debug][gc,heap  ] GC(20)  garbage-first heap   total 4194304K, used 2541948K [0x0000000700000000, 0x0000000800000000)
[2025-05-20T20:16:56.819+0300][15820][1484 ][debug][gc,heap  ] GC(20)   region size 2048K, 1228 young (2514944K), 1 survivors (2048K)
[2025-05-20T20:16:56.819+0300][15820][1484 ][debug][gc,heap  ] GC(20)  Metaspace       used 8747K, committed 9792K, reserved 1114112K
[2025-05-20T20:16:56.819+0300][15820][1484 ][debug][gc,heap  ] GC(20)   class space    used 875K, committed 1280K, reserved 1048576K
[2025-05-20T20:16:56.819+0300][15820][1484 ][info ][gc,phases] GC(20)   Pre Evacuate Collection Set: 0.3ms
[2025-05-20T20:16:56.819+0300][15820][1484 ][debug][gc,phases] GC(20)     Pre Evacuate Prepare: 0.0ms
[2025-05-20T20:16:56.819+0300][15820][1484 ][debug][gc,phases] GC(20)       JT Retire TLABs And Flush Logs (ms): Min:  0.0, Avg:  0.0, Max:  0.0, Diff:  0.0, Sum:  0.0, Workers: 2
[2025-05-20T20:16:56.819+0300][15820][1484 ][debug][gc,phases] GC(20)       Non-JT Flush Logs (ms):        Min:  0.0, Avg:  0.0, Max:  0.0, Diff:  0.0, Sum:  0.0, Workers: 1
[2025-05-20T20:16:56.819+0300][15820][1484 ][debug][gc,phases] GC(20)     Choose Collection Set: 0.0ms
[2025-05-20T20:16:56.819+0300][15820][1484 ][debug][gc,phases] GC(20)     Region Register: 0.2ms
[2025-05-20T20:16:56.819+0300][15820][1484 ][debug][gc,phases] GC(20)     Prepare Heap Roots: 0.0ms
[2025-05-20T20:16:56.819+0300][15820][1484 ][info ][gc,phases] GC(20)   Merge Heap Roots: 0.2ms
[2025-05-20T20:16:56.819+0300][15820][1484 ][debug][gc,phases] GC(20)     Prepare Merge Heap Roots: 0.0ms
[2025-05-20T20:16:56.819+0300][15820][1484 ][debug][gc,phases] GC(20)     Remembered Sets (ms):          Min:  0.1, Avg:  0.1, Max:  0.1, Diff:  0.0, Sum:  1.0, Workers: 8
[2025-05-20T20:16:56.819+0300][15820][1484 ][debug][gc,phases] GC(20)       Eager Reclaim (ms):            Min:  0.0, Avg:  0.0, Max:  0.0, Diff:  0.0, Sum:  0.0, Workers: 1
[2025-05-20T20:16:56.819+0300][15820][1484 ][debug][gc,phases] GC(20)       Merged Inline                  Min: 0, Avg:  0.0, Max: 0, Diff: 0, Sum: 0, Workers: 8
[2025-05-20T20:16:56.819+0300][15820][1484 ][debug][gc,phases] GC(20)       Merged ArrayOfCards            Min: 0, Avg:  0.0, Max: 0, Diff: 0, Sum: 0, Workers: 8
[2025-05-20T20:16:56.819+0300][15820][1484 ][debug][gc,phases] GC(20)       Merged Howl                    Min: 0, Avg:  0.0, Max: 0, Diff: 0, Sum: 0, Workers: 8
[2025-05-20T20:16:56.819+0300][15820][1484 ][debug][gc,phases] GC(20)       Merged Full                    Min: 0, Avg:  0.0, Max: 0, Diff: 0, Sum: 0, Workers: 8
[2025-05-20T20:16:56.819+0300][15820][1484 ][debug][gc,phases] GC(20)       Merged Howl Inline             Min: 0, Avg:  0.0, Max: 0, Diff: 0, Sum: 0, Workers: 8
[2025-05-20T20:16:56.819+0300][15820][1484 ][debug][gc,phases] GC(20)       Merged Howl ArrayOfCards       Min: 0, Avg:  0.0, Max: 0, Diff: 0, Sum: 0, Workers: 8
[2025-05-20T20:16:56.819+0300][15820][1484 ][debug][gc,phases] GC(20)       Merged Howl BitMap             Min: 0, Avg:  0.0, Max: 0, Diff: 0, Sum: 0, Workers: 8
[2025-05-20T20:16:56.819+0300][15820][1484 ][debug][gc,phases] GC(20)       Merged Howl Full               Min: 0, Avg:  0.0, Max: 0, Diff: 0, Sum: 0, Workers: 8
[2025-05-20T20:16:56.819+0300][15820][1484 ][debug][gc,phases] GC(20)       Merged Cards                   Min: 8, Avg:  9.0, Max: 16, Diff: 8, Sum: 72, Workers: 8
[2025-05-20T20:16:56.819+0300][15820][1484 ][debug][gc,phases] GC(20)     Log Buffers (ms):              Min:  0.0, Avg:  0.0, Max:  0.0, Diff:  0.0, Sum:  0.0, Workers: 8
[2025-05-20T20:16:56.819+0300][15820][1484 ][debug][gc,phases] GC(20)       Dirty Cards:                   Min: 0, Avg:  1.8, Max: 14, Diff: 14, Sum: 14, Workers: 8
[2025-05-20T20:16:56.819+0300][15820][1484 ][debug][gc,phases] GC(20)       Skipped Cards:                 Min: 0, Avg:  0.0, Max: 0, Diff: 0, Sum: 0, Workers: 8
[2025-05-20T20:16:56.819+0300][15820][1484 ][info ][gc,phases] GC(20)   Evacuate Collection Set: 0.4ms
[2025-05-20T20:16:56.819+0300][15820][1484 ][debug][gc,phases] GC(20)     Ext Root Scanning (ms):        Min:  0.0, Avg:  0.1, Max:  0.1, Diff:  0.0, Sum:  0.5, Workers: 8
[2025-05-20T20:16:56.819+0300][15820][1484 ][debug][gc,phases] GC(20)     Scan Heap Roots (ms):          Min:  0.0, Avg:  0.0, Max:  0.0, Diff:  0.0, Sum:  0.1, Workers: 8
[2025-05-20T20:16:56.819+0300][15820][1484 ][debug][gc,phases] GC(20)       Scanned Cards:                 Min: 0, Avg:  1.6, Max: 4, Diff: 4, Sum: 13, Workers: 8
[2025-05-20T20:16:56.819+0300][15820][1484 ][debug][gc,phases] GC(20)       Scanned Blocks:                Min: 0, Avg:  1.2, Max: 3, Diff: 3, Sum: 10, Workers: 8
[2025-05-20T20:16:56.819+0300][15820][1484 ][debug][gc,phases] GC(20)       Claimed Chunks:                Min: 0, Avg:  1.1, Max: 3, Diff: 3, Sum: 9, Workers: 8
[2025-05-20T20:16:56.819+0300][15820][1484 ][debug][gc,phases] GC(20)       Found Roots:                   Min: 0, Avg:  1.4, Max: 4, Diff: 4, Sum: 11, Workers: 8
[2025-05-20T20:16:56.819+0300][15820][1484 ][debug][gc,phases] GC(20)     Code Root Scan (ms):           Min:  0.1, Avg:  0.1, Max:  0.1, Diff:  0.0, Sum:  0.8, Workers: 8
[2025-05-20T20:16:56.819+0300][15820][1484 ][debug][gc,phases] GC(20)       Scanned Nmethods               Min: 0, Avg:  0.0, Max: 0, Diff: 0, Sum: 0, Workers: 8
[2025-05-20T20:16:56.819+0300][15820][1484 ][debug][gc,phases] GC(20)     Object Copy (ms):              Min:  0.1, Avg:  0.1, Max:  0.1, Diff:  0.0, Sum:  0.8, Workers: 8
[2025-05-20T20:16:56.819+0300][15820][1484 ][debug][gc,phases] GC(20)     Termination (ms):              Min:  0.0, Avg:  0.0, Max:  0.0, Diff:  0.0, Sum:  0.1, Workers: 8
[2025-05-20T20:16:56.819+0300][15820][1484 ][debug][gc,phases] GC(20)       Termination Attempts:          Min: 1, Avg:  1.0, Max: 1, Diff: 0, Sum: 8, Workers: 8
[2025-05-20T20:16:56.819+0300][15820][1484 ][debug][gc,phases] GC(20)     GC Worker Other (ms):          Min:  0.1, Avg:  0.1, Max:  0.1, Diff:  0.0, Sum:  0.8, Workers: 8
[2025-05-20T20:16:56.819+0300][15820][1484 ][debug][gc,phases] GC(20)     GC Worker Total (ms):          Min:  0.4, Avg:  0.4, Max:  0.4, Diff:  0.0, Sum:  3.0, Workers: 8
[2025-05-20T20:16:56.819+0300][15820][1484 ][info ][gc,phases] GC(20)   Post Evacuate Collection Set: 1.0ms
[2025-05-20T20:16:56.819+0300][15820][1484 ][debug][gc,phases] GC(20)     NMethod List Cleanup: 0.0ms
[2025-05-20T20:16:56.819+0300][15820][1484 ][debug][gc,phases] GC(20)     Reference Processing: 0.1ms
[2025-05-20T20:16:56.819+0300][15820][1484 ][debug][gc,phases] GC(20)     Weak Processing: 0.1ms
[2025-05-20T20:16:56.819+0300][15820][1484 ][debug][gc,phases] GC(20)       VM Weak                        Min:  0.0, Avg:  0.0, Max:  0.0, Diff:  0.0, Sum:  0.0, Workers: 8
[2025-05-20T20:16:56.819+0300][15820][1484 ][debug][gc,phases] GC(20)         Dead                           Min: 0, Avg:  0.0, Max: 0, Diff: 0, Sum: 0, Workers: 8
[2025-05-20T20:16:56.819+0300][15820][1484 ][debug][gc,phases] GC(20)         Total                          Min: 0, Avg: 15.4, Max: 102, Diff: 102, Sum: 123, Workers: 8
[2025-05-20T20:16:56.819+0300][15820][1484 ][debug][gc,phases] GC(20)       ObjectSynchronizer Weak        Min:  0.0, Avg:  0.0, Max:  0.0, Diff:  0.0, Sum:  0.0, Workers: 8
[2025-05-20T20:16:56.819+0300][15820][1484 ][debug][gc,phases] GC(20)         Dead                           Min: 0, Avg:  0.0, Max: 0, Diff: 0, Sum: 0, Workers: 8
[2025-05-20T20:16:56.819+0300][15820][1484 ][debug][gc,phases] GC(20)         Total                          Min: 0, Avg: 16.4, Max: 67, Diff: 67, Sum: 131, Workers: 8
[2025-05-20T20:16:56.819+0300][15820][1484 ][debug][gc,phases] GC(20)       JVMTI Tag Weak OopStorage      Min:  0.0, Avg:  0.0, Max:  0.0, Diff:  0.0, Sum:  0.0, Workers: 8
[2025-05-20T20:16:56.819+0300][15820][1484 ][debug][gc,phases] GC(20)         Dead                           Min: 0, Avg:  0.0, Max: 0, Diff: 0, Sum: 0, Workers: 8
[2025-05-20T20:16:56.819+0300][15820][1484 ][debug][gc,phases] GC(20)         Total                          Min: 0, Avg:  0.0, Max: 0, Diff: 0, Sum: 0, Workers: 8
[2025-05-20T20:16:56.819+0300][15820][1484 ][debug][gc,phases] GC(20)       StringTable Weak               Min:  0.0, Avg:  0.0, Max:  0.0, Diff:  0.0, Sum:  0.1, Workers: 8
[2025-05-20T20:16:56.819+0300][15820][1484 ][debug][gc,phases] GC(20)         Dead                           Min: 0, Avg:  0.0, Max: 0, Diff: 0, Sum: 0, Workers: 8
[2025-05-20T20:16:56.819+0300][15820][1484 ][debug][gc,phases] GC(20)         Total                          Min: 0, Avg: 788.0, Max: 1088, Diff: 1088, Sum: 6304, Workers: 8
[2025-05-20T20:16:56.819+0300][15820][1484 ][debug][gc,phases] GC(20)       ResolvedMethodTable Weak       Min:  0.0, Avg:  0.0, Max:  0.0, Diff:  0.0, Sum:  0.0, Workers: 8
[2025-05-20T20:16:56.819+0300][15820][1484 ][debug][gc,phases] GC(20)         Dead                           Min: 0, Avg:  0.0, Max: 0, Diff: 0, Sum: 0, Workers: 8
[2025-05-20T20:16:56.819+0300][15820][1484 ][debug][gc,phases] GC(20)         Total                          Min: 0, Avg: 112.8, Max: 192, Diff: 192, Sum: 902, Workers: 8
[2025-05-20T20:16:56.819+0300][15820][1484 ][debug][gc,phases] GC(20)       JNI Weak                       Min:  0.0, Avg:  0.0, Max:  0.0, Diff:  0.0, Sum:  0.0, Workers: 8
[2025-05-20T20:16:56.819+0300][15820][1484 ][debug][gc,phases] GC(20)         Dead                           Min: 0, Avg:  0.0, Max: 0, Diff: 0, Sum: 0, Workers: 8
[2025-05-20T20:16:56.819+0300][15820][1484 ][debug][gc,phases] GC(20)         Total                          Min: 0, Avg:  0.0, Max: 0, Diff: 0, Sum: 0, Workers: 8
[2025-05-20T20:16:56.819+0300][15820][1484 ][debug][gc,phases] GC(20)       StringDedup Table Weak         Min:  0.0, Avg:  0.0, Max:  0.0, Diff:  0.0, Sum:  0.0, Workers: 8
[2025-05-20T20:16:56.819+0300][15820][1484 ][debug][gc,phases] GC(20)         Dead                           Min: 0, Avg:  0.0, Max: 0, Diff: 0, Sum: 0, Workers: 8
[2025-05-20T20:16:56.819+0300][15820][1484 ][debug][gc,phases] GC(20)         Total                          Min: 0, Avg:  0.0, Max: 0, Diff: 0, Sum: 0, Workers: 8
[2025-05-20T20:16:56.819+0300][15820][1484 ][debug][gc,phases] GC(20)       StringDedup Requests0 Weak     Min:  0.0, Avg:  0.0, Max:  0.0, Diff:  0.0, Sum:  0.0, Workers: 8
[2025-05-20T20:16:56.819+0300][15820][1484 ][debug][gc,phases] GC(20)         Dead                           Min: 0, Avg:  0.0, Max: 0, Diff: 0, Sum: 0, Workers: 8
[2025-05-20T20:16:56.819+0300][15820][1484 ][debug][gc,phases] GC(20)         Total                          Min: 0, Avg:  0.0, Max: 0, Diff: 0, Sum: 0, Workers: 8
[2025-05-20T20:16:56.819+0300][15820][1484 ][debug][gc,phases] GC(20)       StringDedup Requests1 Weak     Min:  0.0, Avg:  0.0, Max:  0.0, Diff:  0.0, Sum:  0.0, Workers: 8
[2025-05-20T20:16:56.819+0300][15820][1484 ][debug][gc,phases] GC(20)         Dead                           Min: 0, Avg:  0.0, Max: 0, Diff: 0, Sum: 0, Workers: 8
[2025-05-20T20:16:56.819+0300][15820][1484 ][debug][gc,phases] GC(20)         Total                          Min: 0, Avg:  0.0, Max: 0, Diff: 0, Sum: 0, Workers: 8
[2025-05-20T20:16:56.819+0300][15820][1484 ][debug][gc,phases] GC(20)       Weak JFR Old Object Samples    Min:  0.0, Avg:  0.0, Max:  0.0, Diff:  0.0, Sum:  0.0, Workers: 8
[2025-05-20T20:16:56.819+0300][15820][1484 ][debug][gc,phases] GC(20)         Dead                           Min: 0, Avg:  0.0, Max: 0, Diff: 0, Sum: 0, Workers: 8
[2025-05-20T20:16:56.819+0300][15820][1484 ][debug][gc,phases] GC(20)         Total                          Min: 0, Avg:  0.0, Max: 0, Diff: 0, Sum: 0, Workers: 8
[2025-05-20T20:16:56.819+0300][15820][1484 ][debug][gc,phases] GC(20)     Post Evacuate Cleanup 1: 0.4ms
[2025-05-20T20:16:56.819+0300][15820][1484 ][debug][gc,phases] GC(20)       Merge Per-Thread State (ms):   Min:  0.1, Avg:  0.1, Max:  0.1, Diff:  0.0, Sum:  0.1, Workers: 1
[2025-05-20T20:16:56.819+0300][15820][1484 ][debug][gc,phases] GC(20)         Copied Bytes                   Min: 63272, Avg: 90057.0, Max: 109472, Diff: 46200, Sum: 720456, Workers: 8
[2025-05-20T20:16:56.819+0300][15820][1484 ][debug][gc,phases] GC(20)         LAB Waste                      Min: 104, Avg: 197.0, Max: 296, Diff: 192, Sum: 1576, Workers: 8
[2025-05-20T20:16:56.819+0300][15820][1484 ][debug][gc,phases] GC(20)         LAB Undo Waste                 Min: 0, Avg:  0.0, Max: 0, Diff: 0, Sum: 0, Workers: 8
[2025-05-20T20:16:56.819+0300][15820][1484 ][debug][gc,phases] GC(20)       Clear Logged Cards (ms):       Min:  0.0, Avg:  0.2, Max:  0.4, Diff:  0.4, Sum:  1.3, Workers: 7
[2025-05-20T20:16:56.819+0300][15820][1484 ][debug][gc,phases] GC(20)       Recalculate Used Memory (ms):  Min:  0.0, Avg:  0.0, Max:  0.0, Diff:  0.0, Sum:  0.0, Workers: 1
[2025-05-20T20:16:56.819+0300][15820][1484 ][debug][gc,phases] GC(20)     Post Evacuate Cleanup 2: 0.3ms
[2025-05-20T20:16:56.819+0300][15820][1484 ][debug][gc,phases] GC(20)       Update Derived Pointers (ms):  Min:  0.0, Avg:  0.0, Max:  0.0, Diff:  0.0, Sum:  0.0, Workers: 1
[2025-05-20T20:16:56.819+0300][15820][1484 ][debug][gc,phases] GC(20)       Eagerly Reclaim Humongous Objects (ms): Min:  0.0, Avg:  0.0, Max:  0.0, Diff:  0.0, Sum:  0.0, Workers: 1
[2025-05-20T20:16:56.819+0300][15820][1484 ][debug][gc,phases] GC(20)         Humongous Total                Min: 6, Avg:  6.0, Max: 6, Diff: 0, Sum: 6, Workers: 1
[2025-05-20T20:16:56.819+0300][15820][1484 ][debug][gc,phases] GC(20)         Humongous Candidates           Min: 3, Avg:  3.0, Max: 3, Diff: 0, Sum: 3, Workers: 1
[2025-05-20T20:16:56.819+0300][15820][1484 ][debug][gc,phases] GC(20)         Humongous Reclaimed            Min: 0, Avg:  0.0, Max: 0, Diff: 0, Sum: 0, Workers: 1
[2025-05-20T20:16:56.819+0300][15820][1484 ][debug][gc,phases] GC(20)       Redirty Logged Cards (ms):     Min:  0.0, Avg:  0.0, Max:  0.0, Diff:  0.0, Sum:  0.0, Workers: 8
[2025-05-20T20:16:56.819+0300][15820][1484 ][debug][gc,phases] GC(20)         Redirtied Cards:               Min: 0, Avg:  1.1, Max: 9, Diff: 9, Sum: 9, Workers: 8
[2025-05-20T20:16:56.819+0300][15820][1484 ][debug][gc,phases] GC(20)       Resize TLABs (ms):             Min:  0.0, Avg:  0.0, Max:  0.0, Diff:  0.0, Sum:  0.0, Workers: 8
[2025-05-20T20:16:56.819+0300][15820][1484 ][debug][gc,phases] GC(20)       Free Collection Set (ms):      Min:  0.2, Avg:  0.3, Max:  0.3, Diff:  0.0, Sum:  2.0, Workers: 8
[2025-05-20T20:16:56.819+0300][15820][1484 ][debug][gc,phases] GC(20)     Rebuild Free List: 0.1ms
[2025-05-20T20:16:56.819+0300][15820][1484 ][debug][gc,phases] GC(20)     Prepare For Mutator: 0.0ms
[2025-05-20T20:16:56.819+0300][15820][1484 ][debug][gc,phases] GC(20)     Expand Heap After Collection: 0.0ms
[2025-05-20T20:16:56.819+0300][15820][1484 ][info ][gc,phases] GC(20)   Other: 0.1ms
[2025-05-20T20:16:56.819+0300][15820][1484 ][info ][gc,heap  ] GC(20) Eden regions: 1227->0(1227)
[2025-05-20T20:16:56.819+0300][15820][1484 ][info ][gc,heap  ] GC(20) Survivor regions: 1->1(154)
[2025-05-20T20:16:56.819+0300][15820][1484 ][info ][gc,heap  ] GC(20) Old regions: 8->8
[2025-05-20T20:16:56.819+0300][15820][1484 ][info ][gc,heap  ] GC(20) Humongous regions: 12->12
[2025-05-20T20:16:56.819+0300][15820][1484 ][debug][gc,heap  ] GC(20) Heap after GC invocations=21 (full 2):
[2025-05-20T20:16:56.819+0300][15820][1484 ][debug][gc,heap  ] GC(20)  garbage-first heap   total 4194304K, used 29058K [0x0000000700000000, 0x0000000800000000)
[2025-05-20T20:16:56.819+0300][15820][1484 ][debug][gc,heap  ] GC(20)   region size 2048K, 1 young (2048K), 1 survivors (2048K)
[2025-05-20T20:16:56.819+0300][15820][1484 ][debug][gc,heap  ] GC(20)  Metaspace       used 8747K, committed 9792K, reserved 1114112K
[2025-05-20T20:16:56.819+0300][15820][1484 ][debug][gc,heap  ] GC(20)   class space    used 875K, committed 1280K, reserved 1048576K
[2025-05-20T20:16:56.819+0300][15820][1484 ][info ][gc       ] GC(20) Pause Young (Normal) (G1 Evacuation Pause) 2482M->28M(4096M) 4.072ms
[2025-05-20T20:16:56.819+0300][15820][1484 ][info ][safepoint] Safepoint "G1CollectForAllocation", Time since last: 832522100 ns, Reaching safepoint: 440100 ns, Cleanup: 12500 ns, At safepoint: 4140000 ns, Total: 4592600 ns
[2025-05-20T20:16:57.591+0300][15820][1484 ][debug][safepoint] Safepoint synchronization initiated using striped semaphore wait barrier. (19 threads)
[2025-05-20T20:16:57.591+0300][15820][20136][debug][safepoint] ... found polling page loop exception at pc = 0x00000247101b8960, stub =0x000002470fbb5d80
[2025-05-20T20:16:57.591+0300][15820][17352][debug][safepoint] ... found polling page loop exception at pc = 0x00000247101bb09e, stub =0x000002470fbb6600
[2025-05-20T20:16:57.591+0300][15820][5056 ][debug][safepoint] ... found polling page loop exception at pc = 0x00000247101b8960, stub =0x000002470fbb5d80
[2025-05-20T20:16:57.591+0300][15820][20576][debug][safepoint] ... found polling page loop exception at pc = 0x00000247101d3848, stub =0x000002470fbb6600
[2025-05-20T20:16:57.591+0300][15820][1484 ][debug][gc,heap  ] GC(21) Heap before GC invocations=21 (full 2):
[2025-05-20T20:16:57.591+0300][15820][1484 ][debug][gc,heap  ] GC(21)  garbage-first heap   total 4194304K, used 2541954K [0x0000000700000000, 0x0000000800000000)
[2025-05-20T20:16:57.591+0300][15820][1484 ][debug][gc,heap  ] GC(21)   region size 2048K, 1228 young (2514944K), 1 survivors (2048K)
[2025-05-20T20:16:57.591+0300][15820][1484 ][debug][gc,heap  ] GC(21)  Metaspace       used 8747K, committed 9792K, reserved 1114112K
[2025-05-20T20:16:57.591+0300][15820][1484 ][debug][gc,heap  ] GC(21)   class space    used 875K, committed 1280K, reserved 1048576K
[2025-05-20T20:16:57.593+0300][15820][1484 ][info ][gc,phases] GC(21)   Pre Evacuate Collection Set: 0.3ms
[2025-05-20T20:16:57.593+0300][15820][1484 ][debug][gc,phases] GC(21)     Pre Evacuate Prepare: 0.1ms
[2025-05-20T20:16:57.593+0300][15820][1484 ][debug][gc,phases] GC(21)       JT Retire TLABs And Flush Logs (ms): Min:  0.0, Avg:  0.0, Max:  0.0, Diff:  0.0, Sum:  0.0, Workers: 2
[2025-05-20T20:16:57.593+0300][15820][1484 ][debug][gc,phases] GC(21)       Non-JT Flush Logs (ms):        Min:  0.0, Avg:  0.0, Max:  0.0, Diff:  0.0, Sum:  0.0, Workers: 1
[2025-05-20T20:16:57.593+0300][15820][1484 ][debug][gc,phases] GC(21)     Choose Collection Set: 0.0ms
[2025-05-20T20:16:57.593+0300][15820][1484 ][debug][gc,phases] GC(21)     Region Register: 0.2ms
[2025-05-20T20:16:57.593+0300][15820][1484 ][debug][gc,phases] GC(21)     Prepare Heap Roots: 0.0ms
[2025-05-20T20:16:57.593+0300][15820][1484 ][info ][gc,phases] GC(21)   Merge Heap Roots: 0.2ms
[2025-05-20T20:16:57.593+0300][15820][1484 ][debug][gc,phases] GC(21)     Prepare Merge Heap Roots: 0.0ms
[2025-05-20T20:16:57.593+0300][15820][1484 ][debug][gc,phases] GC(21)     Remembered Sets (ms):          Min:  0.1, Avg:  0.1, Max:  0.1, Diff:  0.0, Sum:  1.0, Workers: 8
[2025-05-20T20:16:57.593+0300][15820][1484 ][debug][gc,phases] GC(21)       Eager Reclaim (ms):            Min:  0.0, Avg:  0.0, Max:  0.0, Diff:  0.0, Sum:  0.0, Workers: 1
[2025-05-20T20:16:57.593+0300][15820][1484 ][debug][gc,phases] GC(21)       Merged Inline                  Min: 0, Avg:  0.0, Max: 0, Diff: 0, Sum: 0, Workers: 8
[2025-05-20T20:16:57.593+0300][15820][1484 ][debug][gc,phases] GC(21)       Merged ArrayOfCards            Min: 0, Avg:  0.0, Max: 0, Diff: 0, Sum: 0, Workers: 8
[2025-05-20T20:16:57.593+0300][15820][1484 ][debug][gc,phases] GC(21)       Merged Howl                    Min: 0, Avg:  0.0, Max: 0, Diff: 0, Sum: 0, Workers: 8
[2025-05-20T20:16:57.593+0300][15820][1484 ][debug][gc,phases] GC(21)       Merged Full                    Min: 0, Avg:  0.0, Max: 0, Diff: 0, Sum: 0, Workers: 8
[2025-05-20T20:16:57.593+0300][15820][1484 ][debug][gc,phases] GC(21)       Merged Howl Inline             Min: 0, Avg:  0.0, Max: 0, Diff: 0, Sum: 0, Workers: 8
[2025-05-20T20:16:57.593+0300][15820][1484 ][debug][gc,phases] GC(21)       Merged Howl ArrayOfCards       Min: 0, Avg:  0.0, Max: 0, Diff: 0, Sum: 0, Workers: 8
[2025-05-20T20:16:57.593+0300][15820][1484 ][debug][gc,phases] GC(21)       Merged Howl BitMap             Min: 0, Avg:  0.0, Max: 0, Diff: 0, Sum: 0, Workers: 8
[2025-05-20T20:16:57.593+0300][15820][1484 ][debug][gc,phases] GC(21)       Merged Howl Full               Min: 0, Avg:  0.0, Max: 0, Diff: 0, Sum: 0, Workers: 8
[2025-05-20T20:16:57.593+0300][15820][1484 ][debug][gc,phases] GC(21)       Merged Cards                   Min: 8, Avg:  9.0, Max: 16, Diff: 8, Sum: 72, Workers: 8
[2025-05-20T20:16:57.593+0300][15820][1484 ][debug][gc,phases] GC(21)     Log Buffers (ms):              Min:  0.0, Avg:  0.0, Max:  0.0, Diff:  0.0, Sum:  0.0, Workers: 8
[2025-05-20T20:16:57.593+0300][15820][1484 ][debug][gc,phases] GC(21)       Dirty Cards:                   Min: 0, Avg:  1.6, Max: 6, Diff: 6, Sum: 13, Workers: 8
[2025-05-20T20:16:57.593+0300][15820][1484 ][debug][gc,phases] GC(21)       Skipped Cards:                 Min: 0, Avg:  0.0, Max: 0, Diff: 0, Sum: 0, Workers: 8
[2025-05-20T20:16:57.593+0300][15820][1484 ][info ][gc,phases] GC(21)   Evacuate Collection Set: 0.8ms
[2025-05-20T20:16:57.593+0300][15820][1484 ][debug][gc,phases] GC(21)     Ext Root Scanning (ms):        Min:  0.0, Avg:  0.1, Max:  0.1, Diff:  0.1, Sum:  0.5, Workers: 8
[2025-05-20T20:16:57.593+0300][15820][1484 ][debug][gc,phases] GC(21)     Scan Heap Roots (ms):          Min:  0.0, Avg:  0.0, Max:  0.0, Diff:  0.0, Sum:  0.1, Workers: 8
[2025-05-20T20:16:57.593+0300][15820][1484 ][debug][gc,phases] GC(21)       Scanned Cards:                 Min: 0, Avg:  1.6, Max: 6, Diff: 6, Sum: 13, Workers: 8
[2025-05-20T20:16:57.593+0300][15820][1484 ][debug][gc,phases] GC(21)       Scanned Blocks:                Min: 0, Avg:  1.2, Max: 5, Diff: 5, Sum: 10, Workers: 8
[2025-05-20T20:16:57.593+0300][15820][1484 ][debug][gc,phases] GC(21)       Claimed Chunks:                Min: 0, Avg:  1.1, Max: 4, Diff: 4, Sum: 9, Workers: 8
[2025-05-20T20:16:57.593+0300][15820][1484 ][debug][gc,phases] GC(21)       Found Roots:                   Min: 0, Avg:  1.4, Max: 5, Diff: 5, Sum: 11, Workers: 8
[2025-05-20T20:16:57.593+0300][15820][1484 ][debug][gc,phases] GC(21)     Code Root Scan (ms):           Min:  0.1, Avg:  0.1, Max:  0.1, Diff:  0.0, Sum:  0.9, Workers: 8
[2025-05-20T20:16:57.593+0300][15820][1484 ][debug][gc,phases] GC(21)       Scanned Nmethods               Min: 0, Avg:  0.0, Max: 0, Diff: 0, Sum: 0, Workers: 8
[2025-05-20T20:16:57.593+0300][15820][1484 ][debug][gc,phases] GC(21)     Object Copy (ms):              Min:  0.0, Avg:  0.1, Max:  0.2, Diff:  0.2, Sum:  0.9, Workers: 8
[2025-05-20T20:16:57.593+0300][15820][1484 ][debug][gc,phases] GC(21)     Termination (ms):              Min:  0.0, Avg:  0.2, Max:  0.3, Diff:  0.3, Sum:  1.8, Workers: 8
[2025-05-20T20:16:57.593+0300][15820][1484 ][debug][gc,phases] GC(21)       Termination Attempts:          Min: 1, Avg:  1.0, Max: 1, Diff: 0, Sum: 8, Workers: 8
[2025-05-20T20:16:57.593+0300][15820][1484 ][debug][gc,phases] GC(21)     GC Worker Other (ms):          Min:  0.1, Avg:  0.1, Max:  0.2, Diff:  0.1, Sum:  1.0, Workers: 8
[2025-05-20T20:16:57.593+0300][15820][1484 ][debug][gc,phases] GC(21)     GC Worker Total (ms):          Min:  0.3, Avg:  0.6, Max:  0.8, Diff:  0.5, Sum:  5.2, Workers: 8
[2025-05-20T20:16:57.593+0300][15820][1484 ][info ][gc,phases] GC(21)   Post Evacuate Collection Set: 1.0ms
[2025-05-20T20:16:57.593+0300][15820][1484 ][debug][gc,phases] GC(21)     NMethod List Cleanup: 0.0ms
[2025-05-20T20:16:57.593+0300][15820][1484 ][debug][gc,phases] GC(21)     Reference Processing: 0.1ms
[2025-05-20T20:16:57.593+0300][15820][1484 ][debug][gc,phases] GC(21)     Weak Processing: 0.1ms
[2025-05-20T20:16:57.593+0300][15820][1484 ][debug][gc,phases] GC(21)       VM Weak                        Min:  0.0, Avg:  0.0, Max:  0.0, Diff:  0.0, Sum:  0.0, Workers: 8
[2025-05-20T20:16:57.593+0300][15820][1484 ][debug][gc,phases] GC(21)         Dead                           Min: 0, Avg:  0.0, Max: 0, Diff: 0, Sum: 0, Workers: 8
[2025-05-20T20:16:57.593+0300][15820][1484 ][debug][gc,phases] GC(21)         Total                          Min: 0, Avg: 15.4, Max: 102, Diff: 102, Sum: 123, Workers: 8
[2025-05-20T20:16:57.593+0300][15820][1484 ][debug][gc,phases] GC(21)       ObjectSynchronizer Weak        Min:  0.0, Avg:  0.0, Max:  0.0, Diff:  0.0, Sum:  0.0, Workers: 8
[2025-05-20T20:16:57.593+0300][15820][1484 ][debug][gc,phases] GC(21)         Dead                           Min: 0, Avg:  0.0, Max: 0, Diff: 0, Sum: 0, Workers: 8
[2025-05-20T20:16:57.593+0300][15820][1484 ][debug][gc,phases] GC(21)         Total                          Min: 0, Avg: 16.4, Max: 67, Diff: 67, Sum: 131, Workers: 8
[2025-05-20T20:16:57.593+0300][15820][1484 ][debug][gc,phases] GC(21)       JVMTI Tag Weak OopStorage      Min:  0.0, Avg:  0.0, Max:  0.0, Diff:  0.0, Sum:  0.0, Workers: 8
[2025-05-20T20:16:57.593+0300][15820][1484 ][debug][gc,phases] GC(21)         Dead                           Min: 0, Avg:  0.0, Max: 0, Diff: 0, Sum: 0, Workers: 8
[2025-05-20T20:16:57.593+0300][15820][1484 ][debug][gc,phases] GC(21)         Total                          Min: 0, Avg:  0.0, Max: 0, Diff: 0, Sum: 0, Workers: 8
[2025-05-20T20:16:57.593+0300][15820][1484 ][debug][gc,phases] GC(21)       StringTable Weak               Min:  0.0, Avg:  0.0, Max:  0.0, Diff:  0.0, Sum:  0.1, Workers: 8
[2025-05-20T20:16:57.593+0300][15820][1484 ][debug][gc,phases] GC(21)         Dead                           Min: 0, Avg:  0.0, Max: 0, Diff: 0, Sum: 0, Workers: 8
[2025-05-20T20:16:57.593+0300][15820][1484 ][debug][gc,phases] GC(21)         Total                          Min: 0, Avg: 788.0, Max: 1088, Diff: 1088, Sum: 6304, Workers: 8
[2025-05-20T20:16:57.593+0300][15820][1484 ][debug][gc,phases] GC(21)       ResolvedMethodTable Weak       Min:  0.0, Avg:  0.0, Max:  0.0, Diff:  0.0, Sum:  0.0, Workers: 8
[2025-05-20T20:16:57.593+0300][15820][1484 ][debug][gc,phases] GC(21)         Dead                           Min: 0, Avg:  0.0, Max: 0, Diff: 0, Sum: 0, Workers: 8
[2025-05-20T20:16:57.593+0300][15820][1484 ][debug][gc,phases] GC(21)         Total                          Min: 0, Avg: 112.8, Max: 192, Diff: 192, Sum: 902, Workers: 8
[2025-05-20T20:16:57.593+0300][15820][1484 ][debug][gc,phases] GC(21)       JNI Weak                       Min:  0.0, Avg:  0.0, Max:  0.0, Diff:  0.0, Sum:  0.0, Workers: 8
[2025-05-20T20:16:57.593+0300][15820][1484 ][debug][gc,phases] GC(21)         Dead                           Min: 0, Avg:  0.0, Max: 0, Diff: 0, Sum: 0, Workers: 8
[2025-05-20T20:16:57.593+0300][15820][1484 ][debug][gc,phases] GC(21)         Total                          Min: 0, Avg:  0.0, Max: 0, Diff: 0, Sum: 0, Workers: 8
[2025-05-20T20:16:57.593+0300][15820][1484 ][debug][gc,phases] GC(21)       StringDedup Table Weak         Min:  0.0, Avg:  0.0, Max:  0.0, Diff:  0.0, Sum:  0.0, Workers: 8
[2025-05-20T20:16:57.593+0300][15820][1484 ][debug][gc,phases] GC(21)         Dead                           Min: 0, Avg:  0.0, Max: 0, Diff: 0, Sum: 0, Workers: 8
[2025-05-20T20:16:57.593+0300][15820][1484 ][debug][gc,phases] GC(21)         Total                          Min: 0, Avg:  0.0, Max: 0, Diff: 0, Sum: 0, Workers: 8
[2025-05-20T20:16:57.593+0300][15820][1484 ][debug][gc,phases] GC(21)       StringDedup Requests0 Weak     Min:  0.0, Avg:  0.0, Max:  0.0, Diff:  0.0, Sum:  0.0, Workers: 8
[2025-05-20T20:16:57.593+0300][15820][1484 ][debug][gc,phases] GC(21)         Dead                           Min: 0, Avg:  0.0, Max: 0, Diff: 0, Sum: 0, Workers: 8
[2025-05-20T20:16:57.593+0300][15820][1484 ][debug][gc,phases] GC(21)         Total                          Min: 0, Avg:  0.0, Max: 0, Diff: 0, Sum: 0, Workers: 8
[2025-05-20T20:16:57.593+0300][15820][1484 ][debug][gc,phases] GC(21)       StringDedup Requests1 Weak     Min:  0.0, Avg:  0.0, Max:  0.0, Diff:  0.0, Sum:  0.0, Workers: 8
[2025-05-20T20:16:57.593+0300][15820][1484 ][debug][gc,phases] GC(21)         Dead                           Min: 0, Avg:  0.0, Max: 0, Diff: 0, Sum: 0, Workers: 8
[2025-05-20T20:16:57.593+0300][15820][1484 ][debug][gc,phases] GC(21)         Total                          Min: 0, Avg:  0.0, Max: 0, Diff: 0, Sum: 0, Workers: 8
[2025-05-20T20:16:57.593+0300][15820][1484 ][debug][gc,phases] GC(21)       Weak JFR Old Object Samples    Min:  0.0, Avg:  0.0, Max:  0.0, Diff:  0.0, Sum:  0.0, Workers: 8
[2025-05-20T20:16:57.593+0300][15820][1484 ][debug][gc,phases] GC(21)         Dead                           Min: 0, Avg:  0.0, Max: 0, Diff: 0, Sum: 0, Workers: 8
[2025-05-20T20:16:57.593+0300][15820][1484 ][debug][gc,phases] GC(21)         Total                          Min: 0, Avg:  0.0, Max: 0, Diff: 0, Sum: 0, Workers: 8
[2025-05-20T20:16:57.593+0300][15820][1484 ][debug][gc,phases] GC(21)     Post Evacuate Cleanup 1: 0.4ms
[2025-05-20T20:16:57.593+0300][15820][1484 ][debug][gc,phases] GC(21)       Merge Per-Thread State (ms):   Min:  0.3, Avg:  0.3, Max:  0.3, Diff:  0.0, Sum:  0.3, Workers: 1
[2025-05-20T20:16:57.593+0300][15820][1484 ][debug][gc,phases] GC(21)         Copied Bytes                   Min: 0, Avg: 91900.0, Max: 207752, Diff: 207752, Sum: 735200, Workers: 8
[2025-05-20T20:16:57.593+0300][15820][1484 ][debug][gc,phases] GC(21)         LAB Waste                      Min: 0, Avg: 190.0, Max: 368, Diff: 368, Sum: 1520, Workers: 8
[2025-05-20T20:16:57.593+0300][15820][1484 ][debug][gc,phases] GC(21)         LAB Undo Waste                 Min: 0, Avg:  0.0, Max: 0, Diff: 0, Sum: 0, Workers: 8
[2025-05-20T20:16:57.593+0300][15820][1484 ][debug][gc,phases] GC(21)       Clear Logged Cards (ms):       Min:  0.0, Avg:  0.2, Max:  0.3, Diff:  0.3, Sum:  1.3, Workers: 7
[2025-05-20T20:16:57.593+0300][15820][1484 ][debug][gc,phases] GC(21)       Recalculate Used Memory (ms):  Min:  0.0, Avg:  0.0, Max:  0.0, Diff:  0.0, Sum:  0.0, Workers: 1
[2025-05-20T20:16:57.593+0300][15820][1484 ][debug][gc,phases] GC(21)     Post Evacuate Cleanup 2: 0.3ms
[2025-05-20T20:16:57.593+0300][15820][1484 ][debug][gc,phases] GC(21)       Update Derived Pointers (ms):  Min:  0.0, Avg:  0.0, Max:  0.0, Diff:  0.0, Sum:  0.0, Workers: 1
[2025-05-20T20:16:57.593+0300][15820][1484 ][debug][gc,phases] GC(21)       Eagerly Reclaim Humongous Objects (ms): Min:  0.0, Avg:  0.0, Max:  0.0, Diff:  0.0, Sum:  0.0, Workers: 1
[2025-05-20T20:16:57.593+0300][15820][1484 ][debug][gc,phases] GC(21)         Humongous Total                Min: 6, Avg:  6.0, Max: 6, Diff: 0, Sum: 6, Workers: 1
[2025-05-20T20:16:57.593+0300][15820][1484 ][debug][gc,phases] GC(21)         Humongous Candidates           Min: 3, Avg:  3.0, Max: 3, Diff: 0, Sum: 3, Workers: 1
[2025-05-20T20:16:57.593+0300][15820][1484 ][debug][gc,phases] GC(21)         Humongous Reclaimed            Min: 0, Avg:  0.0, Max: 0, Diff: 0, Sum: 0, Workers: 1
[2025-05-20T20:16:57.593+0300][15820][1484 ][debug][gc,phases] GC(21)       Redirty Logged Cards (ms):     Min:  0.0, Avg:  0.0, Max:  0.0, Diff:  0.0, Sum:  0.0, Workers: 8
[2025-05-20T20:16:57.593+0300][15820][1484 ][debug][gc,phases] GC(21)         Redirtied Cards:               Min: 0, Avg:  1.1, Max: 9, Diff: 9, Sum: 9, Workers: 8
[2025-05-20T20:16:57.593+0300][15820][1484 ][debug][gc,phases] GC(21)       Resize TLABs (ms):             Min:  0.0, Avg:  0.0, Max:  0.0, Diff:  0.0, Sum:  0.0, Workers: 8
[2025-05-20T20:16:57.593+0300][15820][1484 ][debug][gc,phases] GC(21)       Free Collection Set (ms):      Min:  0.3, Avg:  0.3, Max:  0.3, Diff:  0.0, Sum:  2.1, Workers: 8
[2025-05-20T20:16:57.593+0300][15820][1484 ][debug][gc,phases] GC(21)     Rebuild Free List: 0.1ms
[2025-05-20T20:16:57.593+0300][15820][1484 ][debug][gc,phases] GC(21)     Prepare For Mutator: 0.0ms
[2025-05-20T20:16:57.593+0300][15820][1484 ][debug][gc,phases] GC(21)     Expand Heap After Collection: 0.0ms
[2025-05-20T20:16:57.593+0300][15820][1484 ][info ][gc,phases] GC(21)   Other: 0.1ms
[2025-05-20T20:16:57.593+0300][15820][1484 ][info ][gc,heap  ] GC(21) Eden regions: 1227->0(1227)
[2025-05-20T20:16:57.593+0300][15820][1484 ][info ][gc,heap  ] GC(21) Survivor regions: 1->1(154)
[2025-05-20T20:16:57.593+0300][15820][1484 ][info ][gc,heap  ] GC(21) Old regions: 8->8
[2025-05-20T20:16:57.593+0300][15820][1484 ][info ][gc,heap  ] GC(21) Humongous regions: 12->12
[2025-05-20T20:16:57.593+0300][15820][1484 ][debug][gc,heap  ] GC(21) Heap after GC invocations=22 (full 2):
[2025-05-20T20:16:57.593+0300][15820][1484 ][debug][gc,heap  ] GC(21)  garbage-first heap   total 4194304K, used 29079K [0x0000000700000000, 0x0000000800000000)
[2025-05-20T20:16:57.593+0300][15820][1484 ][debug][gc,heap  ] GC(21)   region size 2048K, 1 young (2048K), 1 survivors (2048K)
[2025-05-20T20:16:57.593+0300][15820][1484 ][debug][gc,heap  ] GC(21)  Metaspace       used 8747K, committed 9792K, reserved 1114112K
[2025-05-20T20:16:57.593+0300][15820][1484 ][debug][gc,heap  ] GC(21)   class space    used 875K, committed 1280K, reserved 1048576K
[2025-05-20T20:16:57.593+0300][15820][1484 ][info ][gc       ] GC(21) Pause Young (Normal) (G1 Evacuation Pause) 2482M->28M(4096M) 4.245ms
[2025-05-20T20:16:57.593+0300][15820][1484 ][info ][safepoint] Safepoint "G1CollectForAllocation", Time since last: 767854100 ns, Reaching safepoint: 386300 ns, Cleanup: 18600 ns, At safepoint: 4306600 ns, Total: 4711500 ns
[2025-05-20T20:16:58.222+0300][15820][1484 ][debug][safepoint] Safepoint synchronization initiated using striped semaphore wait barrier. (12 threads)
[2025-05-20T20:16:58.222+0300][15820][1484 ][debug][gc,heap  ] GC(22) Heap before GC invocations=22 (full 2):
[2025-05-20T20:16:58.222+0300][15820][1484 ][debug][gc,heap  ] GC(22)  garbage-first heap   total 4194304K, used 1069463K [0x0000000700000000, 0x0000000800000000)
[2025-05-20T20:16:58.222+0300][15820][1484 ][debug][gc,heap  ] GC(22)   region size 2048K, 504 young (1032192K), 1 survivors (2048K)
[2025-05-20T20:16:58.222+0300][15820][1484 ][debug][gc,heap  ] GC(22)  Metaspace       used 8747K, committed 9792K, reserved 1114112K
[2025-05-20T20:16:58.222+0300][15820][1484 ][debug][gc,heap  ] GC(22)   class space    used 875K, committed 1280K, reserved 1048576K
[2025-05-20T20:16:58.224+0300][15820][1484 ][debug][gc,phases] GC(22) Phase 1: Reference Processing 0.204ms
[2025-05-20T20:16:58.224+0300][15820][1484 ][debug][gc,phases] GC(22)   VM Weak                        Min:  0.0, Avg:  0.0, Max:  0.0, Diff:  0.0, Sum:  0.0, Workers: 8
[2025-05-20T20:16:58.224+0300][15820][1484 ][debug][gc,phases] GC(22)     Dead                           Min: 0, Avg:  0.0, Max: 0, Diff: 0, Sum: 0, Workers: 8
[2025-05-20T20:16:58.224+0300][15820][1484 ][debug][gc,phases] GC(22)     Total                          Min: 0, Avg: 15.4, Max: 105, Diff: 105, Sum: 123, Workers: 8
[2025-05-20T20:16:58.224+0300][15820][1484 ][debug][gc,phases] GC(22)   ObjectSynchronizer Weak        Min:  0.0, Avg:  0.0, Max:  0.0, Diff:  0.0, Sum:  0.0, Workers: 8
[2025-05-20T20:16:58.224+0300][15820][1484 ][debug][gc,phases] GC(22)     Dead                           Min: 0, Avg:  0.1, Max: 1, Diff: 1, Sum: 1, Workers: 8
[2025-05-20T20:16:58.226+0300][15820][1484 ][debug][gc,phases] GC(22)     Total                          Min: 0, Avg: 16.4, Max: 67, Diff: 67, Sum: 131, Workers: 8
[2025-05-20T20:16:58.226+0300][15820][1484 ][debug][gc,phases] GC(22)   JVMTI Tag Weak OopStorage      Min:  0.0, Avg:  0.0, Max:  0.0, Diff:  0.0, Sum:  0.0, Workers: 8
[2025-05-20T20:16:58.226+0300][15820][1484 ][debug][gc,phases] GC(22)     Dead                           Min: 0, Avg:  0.0, Max: 0, Diff: 0, Sum: 0, Workers: 8
[2025-05-20T20:16:58.226+0300][15820][1484 ][debug][gc,phases] GC(22)     Total                          Min: 0, Avg:  0.0, Max: 0, Diff: 0, Sum: 0, Workers: 8
[2025-05-20T20:16:58.226+0300][15820][1484 ][debug][gc,phases] GC(22)   StringTable Weak               Min:  0.0, Avg:  0.0, Max:  0.0, Diff:  0.0, Sum:  0.1, Workers: 8
[2025-05-20T20:16:58.226+0300][15820][1484 ][debug][gc,phases] GC(22)     Dead                           Min: 0, Avg:  0.0, Max: 0, Diff: 0, Sum: 0, Workers: 8
[2025-05-20T20:16:58.226+0300][15820][1484 ][debug][gc,phases] GC(22)     Total                          Min: 0, Avg: 788.2, Max: 1408, Diff: 1408, Sum: 6306, Workers: 8
[2025-05-20T20:16:58.226+0300][15820][1484 ][debug][gc,phases] GC(22)   ResolvedMethodTable Weak       Min:  0.0, Avg:  0.0, Max:  0.0, Diff:  0.0, Sum:  0.0, Workers: 8
[2025-05-20T20:16:58.226+0300][15820][1484 ][debug][gc,phases] GC(22)     Dead                           Min: 0, Avg:  0.0, Max: 0, Diff: 0, Sum: 0, Workers: 8
[2025-05-20T20:16:58.226+0300][15820][1484 ][debug][gc,phases] GC(22)     Total                          Min: 0, Avg: 112.8, Max: 192, Diff: 192, Sum: 902, Workers: 8
[2025-05-20T20:16:58.226+0300][15820][1484 ][debug][gc,phases] GC(22)   JNI Weak                       Min:  0.0, Avg:  0.0, Max:  0.0, Diff:  0.0, Sum:  0.0, Workers: 8
[2025-05-20T20:16:58.226+0300][15820][1484 ][debug][gc,phases] GC(22)     Dead                           Min: 0, Avg:  0.0, Max: 0, Diff: 0, Sum: 0, Workers: 8
[2025-05-20T20:16:58.226+0300][15820][1484 ][debug][gc,phases] GC(22)     Total                          Min: 0, Avg:  0.0, Max: 0, Diff: 0, Sum: 0, Workers: 8
[2025-05-20T20:16:58.226+0300][15820][1484 ][debug][gc,phases] GC(22)   StringDedup Table Weak         Min:  0.0, Avg:  0.0, Max:  0.0, Diff:  0.0, Sum:  0.0, Workers: 8
[2025-05-20T20:16:58.226+0300][15820][1484 ][debug][gc,phases] GC(22)     Dead                           Min: 0, Avg:  0.0, Max: 0, Diff: 0, Sum: 0, Workers: 8
[2025-05-20T20:16:58.226+0300][15820][1484 ][debug][gc,phases] GC(22)     Total                          Min: 0, Avg:  0.0, Max: 0, Diff: 0, Sum: 0, Workers: 8
[2025-05-20T20:16:58.226+0300][15820][1484 ][debug][gc,phases] GC(22)   StringDedup Requests0 Weak     Min:  0.0, Avg:  0.0, Max:  0.0, Diff:  0.0, Sum:  0.0, Workers: 8
[2025-05-20T20:16:58.226+0300][15820][1484 ][debug][gc,phases] GC(22)     Dead                           Min: 0, Avg:  0.0, Max: 0, Diff: 0, Sum: 0, Workers: 8
[2025-05-20T20:16:58.226+0300][15820][1484 ][debug][gc,phases] GC(22)     Total                          Min: 0, Avg:  0.0, Max: 0, Diff: 0, Sum: 0, Workers: 8
[2025-05-20T20:16:58.226+0300][15820][1484 ][debug][gc,phases] GC(22)   StringDedup Requests1 Weak     Min:  0.0, Avg:  0.0, Max:  0.0, Diff:  0.0, Sum:  0.0, Workers: 8
[2025-05-20T20:16:58.226+0300][15820][1484 ][debug][gc,phases] GC(22)     Dead                           Min: 0, Avg:  0.0, Max: 0, Diff: 0, Sum: 0, Workers: 8
[2025-05-20T20:16:58.226+0300][15820][1484 ][debug][gc,phases] GC(22)     Total                          Min: 0, Avg:  0.0, Max: 0, Diff: 0, Sum: 0, Workers: 8
[2025-05-20T20:16:58.226+0300][15820][1484 ][debug][gc,phases] GC(22)   Weak JFR Old Object Samples    Min:  0.0, Avg:  0.0, Max:  0.0, Diff:  0.0, Sum:  0.0, Workers: 8
[2025-05-20T20:16:58.226+0300][15820][1484 ][debug][gc,phases] GC(22)     Dead                           Min: 0, Avg:  0.0, Max: 0, Diff: 0, Sum: 0, Workers: 8
[2025-05-20T20:16:58.226+0300][15820][1484 ][debug][gc,phases] GC(22)     Total                          Min: 0, Avg:  0.0, Max: 0, Diff: 0, Sum: 0, Workers: 8
[2025-05-20T20:16:58.226+0300][15820][1484 ][debug][gc,phases] GC(22) Phase 1: Weak Processing 0.629ms
[2025-05-20T20:16:58.226+0300][15820][1484 ][debug][gc,phases] GC(22) ClassLoaderData 0.007ms
[2025-05-20T20:16:58.226+0300][15820][1484 ][debug][gc,phases] GC(22) Trigger cleanups 0.002ms
[2025-05-20T20:16:58.226+0300][15820][1484 ][debug][gc,phases] GC(22) G1 Complete Cleaning 1.038ms
[2025-05-20T20:16:58.226+0300][15820][1484 ][debug][gc,phases] GC(22) Purge Unlinked NMethods 0.638ms
[2025-05-20T20:16:58.228+0300][15820][1484 ][debug][gc,phases] GC(22) Unregister NMethods 0.246ms
[2025-05-20T20:16:58.228+0300][15820][1484 ][debug][gc,phases] GC(22) Free Code Blobs 0.148ms
[2025-05-20T20:16:58.228+0300][15820][1484 ][debug][gc,phases] GC(22) Purge Class Loader Data 0.039ms
[2025-05-20T20:16:58.228+0300][15820][1484 ][debug][gc,phases] GC(22) Phase 1: Class Unloading and Cleanup 2.293ms
[2025-05-20T20:16:58.228+0300][15820][1484 ][debug][gc,phases] GC(22) Report Object Count 0.002ms
[2025-05-20T20:16:58.228+0300][15820][1484 ][info ][gc,phases] GC(22) Phase 1: Mark live objects 4.666ms
[2025-05-20T20:16:58.228+0300][15820][1484 ][debug][gc,phases] GC(22) Phase 2: Determine work lists 0.071ms
[2025-05-20T20:16:58.228+0300][15820][1484 ][debug][gc,phases] GC(22) Phase 2: Prepare parallel compaction 1.012ms
[2025-05-20T20:16:58.228+0300][15820][1484 ][info ][gc,phases] GC(22) Phase 2: Prepare compaction 1.149ms
[2025-05-20T20:16:58.231+0300][15820][1484 ][info ][gc,phases] GC(22) Phase 3: Adjust pointers 2.642ms
[2025-05-20T20:16:58.231+0300][15820][1484 ][info ][gc,phases] GC(22) Phase 4: Compact heap 1.015ms
[2025-05-20T20:16:58.231+0300][15820][1484 ][info ][gc,phases] GC(22) Phase 5: Reset Metadata 0.880ms
[2025-05-20T20:16:58.238+0300][15820][1484 ][info ][gc,heap  ] GC(22) Eden regions: 503->0(1228)
[2025-05-20T20:16:58.238+0300][15820][1484 ][info ][gc,heap  ] GC(22) Survivor regions: 1->0(154)
[2025-05-20T20:16:58.238+0300][15820][1484 ][info ][gc,heap  ] GC(22) Old regions: 8->8
[2025-05-20T20:16:58.238+0300][15820][1484 ][info ][gc,heap  ] GC(22) Humongous regions: 18->6
[2025-05-20T20:16:58.238+0300][15820][1484 ][debug][gc,heap  ] GC(22) Heap after GC invocations=23 (full 3):
[2025-05-20T20:16:58.238+0300][15820][1484 ][debug][gc,heap  ] GC(22)  garbage-first heap   total 4194304K, used 16054K [0x0000000700000000, 0x0000000800000000)
[2025-05-20T20:16:58.238+0300][15820][1484 ][debug][gc,heap  ] GC(22)   region size 2048K, 0 young (0K), 0 survivors (0K)
[2025-05-20T20:16:58.238+0300][15820][1484 ][debug][gc,heap  ] GC(22)  Metaspace       used 8747K, committed 9792K, reserved 1114112K
[2025-05-20T20:16:58.238+0300][15820][1484 ][debug][gc,heap  ] GC(22)   class space    used 875K, committed 1280K, reserved 1048576K
[2025-05-20T20:16:58.238+0300][15820][1484 ][info ][gc       ] GC(22) Pause Full (System.gc()) 1046M->15M(4096M) 17.971ms
[2025-05-20T20:16:58.238+0300][15820][1484 ][info ][safepoint] Safepoint "G1CollectFull", Time since last: 626859300 ns, Reaching safepoint: 51700 ns, Cleanup: 9900 ns, At safepoint: 18004500 ns, Total: 18066100 ns
[2025-05-20T20:16:59.041+0300][15820][1484 ][debug][safepoint] Safepoint synchronization initiated using striped semaphore wait barrier. (20 threads)
[2025-05-20T20:16:59.041+0300][15820][18748][debug][safepoint] ... found polling page loop exception at pc = 0x00000247101b8960, stub =0x000002470fbb5d80
[2025-05-20T20:16:59.041+0300][15820][20192][debug][safepoint] ... found polling page loop exception at pc = 0x00000247101df3b3, stub =0x000002470fbb6600
[2025-05-20T20:16:59.041+0300][15820][8884 ][debug][safepoint] ... found polling page loop exception at pc = 0x00000247101b8960, stub =0x000002470fbb5d80
[2025-05-20T20:16:59.041+0300][15820][3532 ][debug][safepoint] ... found polling page loop exception at pc = 0x00000247101b8960, stub =0x000002470fbb5d80
[2025-05-20T20:16:59.041+0300][15820][6588 ][debug][safepoint] ... found polling page loop exception at pc = 0x00000247101b8960, stub =0x000002470fbb5d80
[2025-05-20T20:16:59.041+0300][15820][3284 ][debug][safepoint] ... found polling page loop exception at pc = 0x00000247102e63e6, stub =0x000002470fbb6600
[2025-05-20T20:16:59.043+0300][15820][1484 ][debug][gc,heap  ] GC(23) Heap before GC invocations=23 (full 3):
[2025-05-20T20:16:59.043+0300][15820][1484 ][debug][gc,heap  ] GC(23)  garbage-first heap   total 4194304K, used 2543286K [0x0000000700000000, 0x0000000800000000)
[2025-05-20T20:16:59.043+0300][15820][1484 ][debug][gc,heap  ] GC(23)   region size 2048K, 1228 young (2514944K), 0 survivors (0K)
[2025-05-20T20:16:59.043+0300][15820][1484 ][debug][gc,heap  ] GC(23)  Metaspace       used 8747K, committed 9792K, reserved 1114112K
[2025-05-20T20:16:59.043+0300][15820][1484 ][debug][gc,heap  ] GC(23)   class space    used 875K, committed 1280K, reserved 1048576K
[2025-05-20T20:16:59.043+0300][15820][1484 ][info ][gc,phases] GC(23)   Pre Evacuate Collection Set: 0.3ms
[2025-05-20T20:16:59.043+0300][15820][1484 ][debug][gc,phases] GC(23)     Pre Evacuate Prepare: 0.1ms
[2025-05-20T20:16:59.043+0300][15820][1484 ][debug][gc,phases] GC(23)       JT Retire TLABs And Flush Logs (ms): Min:  0.0, Avg:  0.0, Max:  0.0, Diff:  0.0, Sum:  0.0, Workers: 2
[2025-05-20T20:16:59.043+0300][15820][1484 ][debug][gc,phases] GC(23)       Non-JT Flush Logs (ms):        Min:  0.0, Avg:  0.0, Max:  0.0, Diff:  0.0, Sum:  0.0, Workers: 1
[2025-05-20T20:16:59.043+0300][15820][1484 ][debug][gc,phases] GC(23)     Choose Collection Set: 0.0ms
[2025-05-20T20:16:59.043+0300][15820][1484 ][debug][gc,phases] GC(23)     Region Register: 0.2ms
[2025-05-20T20:16:59.043+0300][15820][1484 ][debug][gc,phases] GC(23)     Prepare Heap Roots: 0.0ms
[2025-05-20T20:16:59.043+0300][15820][1484 ][info ][gc,phases] GC(23)   Merge Heap Roots: 0.3ms
[2025-05-20T20:16:59.043+0300][15820][1484 ][debug][gc,phases] GC(23)     Prepare Merge Heap Roots: 0.0ms
[2025-05-20T20:16:59.043+0300][15820][1484 ][debug][gc,phases] GC(23)     Remembered Sets (ms):          Min:  0.0, Avg:  0.1, Max:  0.1, Diff:  0.1, Sum:  1.0, Workers: 8
[2025-05-20T20:16:59.043+0300][15820][1484 ][debug][gc,phases] GC(23)       Eager Reclaim (ms):            Min:  0.0, Avg:  0.0, Max:  0.0, Diff:  0.0, Sum:  0.0, Workers: 1
[2025-05-20T20:16:59.043+0300][15820][1484 ][debug][gc,phases] GC(23)       Merged Inline                  Min: 0, Avg:  0.0, Max: 0, Diff: 0, Sum: 0, Workers: 8
[2025-05-20T20:16:59.043+0300][15820][1484 ][debug][gc,phases] GC(23)       Merged ArrayOfCards            Min: 0, Avg:  0.0, Max: 0, Diff: 0, Sum: 0, Workers: 8
[2025-05-20T20:16:59.043+0300][15820][1484 ][debug][gc,phases] GC(23)       Merged Howl                    Min: 0, Avg:  0.0, Max: 0, Diff: 0, Sum: 0, Workers: 8
[2025-05-20T20:16:59.043+0300][15820][1484 ][debug][gc,phases] GC(23)       Merged Full                    Min: 0, Avg:  0.0, Max: 0, Diff: 0, Sum: 0, Workers: 8
[2025-05-20T20:16:59.043+0300][15820][1484 ][debug][gc,phases] GC(23)       Merged Howl Inline             Min: 0, Avg:  0.0, Max: 0, Diff: 0, Sum: 0, Workers: 8
[2025-05-20T20:16:59.043+0300][15820][1484 ][debug][gc,phases] GC(23)       Merged Howl ArrayOfCards       Min: 0, Avg:  0.0, Max: 0, Diff: 0, Sum: 0, Workers: 8
[2025-05-20T20:16:59.043+0300][15820][1484 ][debug][gc,phases] GC(23)       Merged Howl BitMap             Min: 0, Avg:  0.0, Max: 0, Diff: 0, Sum: 0, Workers: 8
[2025-05-20T20:16:59.043+0300][15820][1484 ][debug][gc,phases] GC(23)       Merged Howl Full               Min: 0, Avg:  0.0, Max: 0, Diff: 0, Sum: 0, Workers: 8
[2025-05-20T20:16:59.043+0300][15820][1484 ][debug][gc,phases] GC(23)       Merged Cards                   Min: 8, Avg:  9.0, Max: 16, Diff: 8, Sum: 72, Workers: 8
[2025-05-20T20:16:59.043+0300][15820][1484 ][debug][gc,phases] GC(23)     Log Buffers (ms):              Min:  0.0, Avg:  0.0, Max:  0.0, Diff:  0.0, Sum:  0.0, Workers: 8
[2025-05-20T20:16:59.043+0300][15820][1484 ][debug][gc,phases] GC(23)       Dirty Cards:                   Min: 0, Avg:  1.6, Max: 13, Diff: 13, Sum: 13, Workers: 8
[2025-05-20T20:16:59.043+0300][15820][1484 ][debug][gc,phases] GC(23)       Skipped Cards:                 Min: 0, Avg:  0.0, Max: 0, Diff: 0, Sum: 0, Workers: 8
[2025-05-20T20:16:59.043+0300][15820][1484 ][info ][gc,phases] GC(23)   Evacuate Collection Set: 0.7ms
[2025-05-20T20:16:59.043+0300][15820][1484 ][debug][gc,phases] GC(23)     Ext Root Scanning (ms):        Min:  0.0, Avg:  0.1, Max:  0.1, Diff:  0.1, Sum:  0.5, Workers: 8
[2025-05-20T20:16:59.043+0300][15820][1484 ][debug][gc,phases] GC(23)     Scan Heap Roots (ms):          Min:  0.0, Avg:  0.0, Max:  0.0, Diff:  0.0, Sum:  0.1, Workers: 8
[2025-05-20T20:16:59.043+0300][15820][1484 ][debug][gc,phases] GC(23)       Scanned Cards:                 Min: 0, Avg:  1.6, Max: 5, Diff: 5, Sum: 13, Workers: 8
[2025-05-20T20:16:59.043+0300][15820][1484 ][debug][gc,phases] GC(23)       Scanned Blocks:                Min: 0, Avg:  1.6, Max: 5, Diff: 5, Sum: 13, Workers: 8
[2025-05-20T20:16:59.043+0300][15820][1484 ][debug][gc,phases] GC(23)       Claimed Chunks:                Min: 0, Avg:  1.2, Max: 3, Diff: 3, Sum: 10, Workers: 8
[2025-05-20T20:16:59.043+0300][15820][1484 ][debug][gc,phases] GC(23)       Found Roots:                   Min: 0, Avg:  0.9, Max: 3, Diff: 3, Sum: 7, Workers: 8
[2025-05-20T20:16:59.043+0300][15820][1484 ][debug][gc,phases] GC(23)     Code Root Scan (ms):           Min:  0.1, Avg:  0.1, Max:  0.1, Diff:  0.0, Sum:  0.9, Workers: 8
[2025-05-20T20:16:59.043+0300][15820][1484 ][debug][gc,phases] GC(23)       Scanned Nmethods               Min: 0, Avg:  0.0, Max: 0, Diff: 0, Sum: 0, Workers: 8
[2025-05-20T20:16:59.043+0300][15820][1484 ][debug][gc,phases] GC(23)     Object Copy (ms):              Min:  0.0, Avg:  0.1, Max:  0.1, Diff:  0.1, Sum:  0.8, Workers: 8
[2025-05-20T20:16:59.043+0300][15820][1484 ][debug][gc,phases] GC(23)     Termination (ms):              Min:  0.0, Avg:  0.2, Max:  0.3, Diff:  0.2, Sum:  2.0, Workers: 8
[2025-05-20T20:16:59.043+0300][15820][1484 ][debug][gc,phases] GC(23)       Termination Attempts:          Min: 1, Avg:  1.0, Max: 1, Diff: 0, Sum: 8, Workers: 8
[2025-05-20T20:16:59.043+0300][15820][1484 ][debug][gc,phases] GC(23)     GC Worker Other (ms):          Min:  0.1, Avg:  0.1, Max:  0.1, Diff:  0.0, Sum:  0.9, Workers: 8
[2025-05-20T20:16:59.043+0300][15820][1484 ][debug][gc,phases] GC(23)     GC Worker Total (ms):          Min:  0.3, Avg:  0.6, Max:  0.7, Diff:  0.4, Sum:  5.0, Workers: 8
[2025-05-20T20:16:59.043+0300][15820][1484 ][info ][gc,phases] GC(23)   Post Evacuate Collection Set: 1.2ms
[2025-05-20T20:16:59.043+0300][15820][1484 ][debug][gc,phases] GC(23)     NMethod List Cleanup: 0.0ms
[2025-05-20T20:16:59.043+0300][15820][1484 ][debug][gc,phases] GC(23)     Reference Processing: 0.2ms
[2025-05-20T20:16:59.043+0300][15820][1484 ][debug][gc,phases] GC(23)     Weak Processing: 0.1ms
[2025-05-20T20:16:59.043+0300][15820][1484 ][debug][gc,phases] GC(23)       VM Weak                        Min:  0.0, Avg:  0.0, Max:  0.0, Diff:  0.0, Sum:  0.0, Workers: 8
[2025-05-20T20:16:59.043+0300][15820][1484 ][debug][gc,phases] GC(23)         Dead                           Min: 0, Avg:  0.0, Max: 0, Diff: 0, Sum: 0, Workers: 8
[2025-05-20T20:16:59.043+0300][15820][1484 ][debug][gc,phases] GC(23)         Total                          Min: 0, Avg: 15.4, Max: 64, Diff: 64, Sum: 123, Workers: 8
[2025-05-20T20:16:59.043+0300][15820][1484 ][debug][gc,phases] GC(23)       ObjectSynchronizer Weak        Min:  0.0, Avg:  0.0, Max:  0.0, Diff:  0.0, Sum:  0.0, Workers: 8
[2025-05-20T20:16:59.043+0300][15820][1484 ][debug][gc,phases] GC(23)         Dead                           Min: 0, Avg:  0.0, Max: 0, Diff: 0, Sum: 0, Workers: 8
[2025-05-20T20:16:59.047+0300][15820][1484 ][debug][gc,phases] GC(23)         Total                          Min: 0, Avg: 16.4, Max: 64, Diff: 64, Sum: 131, Workers: 8
[2025-05-20T20:16:59.047+0300][15820][1484 ][debug][gc,phases] GC(23)       JVMTI Tag Weak OopStorage      Min:  0.0, Avg:  0.0, Max:  0.0, Diff:  0.0, Sum:  0.0, Workers: 8
[2025-05-20T20:16:59.047+0300][15820][1484 ][debug][gc,phases] GC(23)         Dead                           Min: 0, Avg:  0.0, Max: 0, Diff: 0, Sum: 0, Workers: 8
[2025-05-20T20:16:59.047+0300][15820][1484 ][debug][gc,phases] GC(23)         Total                          Min: 0, Avg:  0.0, Max: 0, Diff: 0, Sum: 0, Workers: 8
[2025-05-20T20:16:59.047+0300][15820][1484 ][debug][gc,phases] GC(23)       StringTable Weak               Min:  0.0, Avg:  0.0, Max:  0.0, Diff:  0.0, Sum:  0.1, Workers: 8
[2025-05-20T20:16:59.047+0300][15820][1484 ][debug][gc,phases] GC(23)         Dead                           Min: 0, Avg:  0.0, Max: 0, Diff: 0, Sum: 0, Workers: 8
[2025-05-20T20:16:59.047+0300][15820][1484 ][debug][gc,phases] GC(23)         Total                          Min: 0, Avg: 788.2, Max: 1408, Diff: 1408, Sum: 6306, Workers: 8
[2025-05-20T20:16:59.047+0300][15820][1484 ][debug][gc,phases] GC(23)       ResolvedMethodTable Weak       Min:  0.0, Avg:  0.0, Max:  0.0, Diff:  0.0, Sum:  0.0, Workers: 8
[2025-05-20T20:16:59.047+0300][15820][1484 ][debug][gc,phases] GC(23)         Dead                           Min: 0, Avg:  0.0, Max: 0, Diff: 0, Sum: 0, Workers: 8
[2025-05-20T20:16:59.047+0300][15820][1484 ][debug][gc,phases] GC(23)         Total                          Min: 0, Avg: 112.8, Max: 202, Diff: 202, Sum: 902, Workers: 8
[2025-05-20T20:16:59.047+0300][15820][1484 ][debug][gc,phases] GC(23)       JNI Weak                       Min:  0.0, Avg:  0.0, Max:  0.0, Diff:  0.0, Sum:  0.0, Workers: 8
[2025-05-20T20:16:59.047+0300][15820][1484 ][debug][gc,phases] GC(23)         Dead                           Min: 0, Avg:  0.0, Max: 0, Diff: 0, Sum: 0, Workers: 8
[2025-05-20T20:16:59.047+0300][15820][1484 ][debug][gc,phases] GC(23)         Total                          Min: 0, Avg:  0.0, Max: 0, Diff: 0, Sum: 0, Workers: 8
[2025-05-20T20:16:59.047+0300][15820][1484 ][debug][gc,phases] GC(23)       StringDedup Table Weak         Min:  0.0, Avg:  0.0, Max:  0.0, Diff:  0.0, Sum:  0.0, Workers: 8
[2025-05-20T20:16:59.047+0300][15820][1484 ][debug][gc,phases] GC(23)         Dead                           Min: 0, Avg:  0.0, Max: 0, Diff: 0, Sum: 0, Workers: 8
[2025-05-20T20:16:59.047+0300][15820][1484 ][debug][gc,phases] GC(23)         Total                          Min: 0, Avg:  0.0, Max: 0, Diff: 0, Sum: 0, Workers: 8
[2025-05-20T20:16:59.047+0300][15820][1484 ][debug][gc,phases] GC(23)       StringDedup Requests0 Weak     Min:  0.0, Avg:  0.0, Max:  0.0, Diff:  0.0, Sum:  0.0, Workers: 8
[2025-05-20T20:16:59.047+0300][15820][1484 ][debug][gc,phases] GC(23)         Dead                           Min: 0, Avg:  0.0, Max: 0, Diff: 0, Sum: 0, Workers: 8
[2025-05-20T20:16:59.047+0300][15820][1484 ][debug][gc,phases] GC(23)         Total                          Min: 0, Avg:  0.0, Max: 0, Diff: 0, Sum: 0, Workers: 8
[2025-05-20T20:16:59.047+0300][15820][1484 ][debug][gc,phases] GC(23)       StringDedup Requests1 Weak     Min:  0.0, Avg:  0.0, Max:  0.0, Diff:  0.0, Sum:  0.0, Workers: 8
[2025-05-20T20:16:59.047+0300][15820][1484 ][debug][gc,phases] GC(23)         Dead                           Min: 0, Avg:  0.0, Max: 0, Diff: 0, Sum: 0, Workers: 8
[2025-05-20T20:16:59.047+0300][15820][1484 ][debug][gc,phases] GC(23)         Total                          Min: 0, Avg:  0.0, Max: 0, Diff: 0, Sum: 0, Workers: 8
[2025-05-20T20:16:59.047+0300][15820][1484 ][debug][gc,phases] GC(23)       Weak JFR Old Object Samples    Min:  0.0, Avg:  0.0, Max:  0.0, Diff:  0.0, Sum:  0.0, Workers: 8
[2025-05-20T20:16:59.047+0300][15820][1484 ][debug][gc,phases] GC(23)         Dead                           Min: 0, Avg:  0.0, Max: 0, Diff: 0, Sum: 0, Workers: 8
[2025-05-20T20:16:59.047+0300][15820][1484 ][debug][gc,phases] GC(23)         Total                          Min: 0, Avg:  0.0, Max: 0, Diff: 0, Sum: 0, Workers: 8
[2025-05-20T20:16:59.047+0300][15820][1484 ][debug][gc,phases] GC(23)     Post Evacuate Cleanup 1: 0.5ms
[2025-05-20T20:16:59.047+0300][15820][1484 ][debug][gc,phases] GC(23)       Merge Per-Thread State (ms):   Min:  0.0, Avg:  0.0, Max:  0.0, Diff:  0.0, Sum:  0.0, Workers: 1
[2025-05-20T20:16:59.047+0300][15820][1484 ][debug][gc,phases] GC(23)         Copied Bytes                   Min: 0, Avg: 89695.0, Max: 127168, Diff: 127168, Sum: 717560, Workers: 8
[2025-05-20T20:16:59.047+0300][15820][1484 ][debug][gc,phases] GC(23)         LAB Waste                      Min: 0, Avg: 145.0, Max: 256, Diff: 256, Sum: 1160, Workers: 8
[2025-05-20T20:16:59.047+0300][15820][1484 ][debug][gc,phases] GC(23)         LAB Undo Waste                 Min: 0, Avg:  0.0, Max: 0, Diff: 0, Sum: 0, Workers: 8
[2025-05-20T20:16:59.047+0300][15820][1484 ][debug][gc,phases] GC(23)       Clear Logged Cards (ms):       Min:  0.0, Avg:  0.3, Max:  0.4, Diff:  0.4, Sum:  1.9, Workers: 7
[2025-05-20T20:16:59.047+0300][15820][1484 ][debug][gc,phases] GC(23)       Recalculate Used Memory (ms):  Min:  0.0, Avg:  0.0, Max:  0.0, Diff:  0.0, Sum:  0.0, Workers: 1
[2025-05-20T20:16:59.047+0300][15820][1484 ][debug][gc,phases] GC(23)     Post Evacuate Cleanup 2: 0.4ms
[2025-05-20T20:16:59.047+0300][15820][1484 ][debug][gc,phases] GC(23)       Update Derived Pointers (ms):  Min:  0.0, Avg:  0.0, Max:  0.0, Diff:  0.0, Sum:  0.0, Workers: 1
[2025-05-20T20:16:59.047+0300][15820][1484 ][debug][gc,phases] GC(23)       Eagerly Reclaim Humongous Objects (ms): Min:  0.0, Avg:  0.0, Max:  0.0, Diff:  0.0, Sum:  0.0, Workers: 1
[2025-05-20T20:16:59.047+0300][15820][1484 ][debug][gc,phases] GC(23)         Humongous Total                Min: 6, Avg:  6.0, Max: 6, Diff: 0, Sum: 6, Workers: 1
[2025-05-20T20:16:59.047+0300][15820][1484 ][debug][gc,phases] GC(23)         Humongous Candidates           Min: 3, Avg:  3.0, Max: 3, Diff: 0, Sum: 3, Workers: 1
[2025-05-20T20:16:59.047+0300][15820][1484 ][debug][gc,phases] GC(23)         Humongous Reclaimed            Min: 0, Avg:  0.0, Max: 0, Diff: 0, Sum: 0, Workers: 1
[2025-05-20T20:16:59.047+0300][15820][1484 ][debug][gc,phases] GC(23)       Redirty Logged Cards (ms):     Min:  0.0, Avg:  0.0, Max:  0.0, Diff:  0.0, Sum:  0.0, Workers: 8
[2025-05-20T20:16:59.047+0300][15820][1484 ][debug][gc,phases] GC(23)         Redirtied Cards:               Min: 0, Avg:  0.9, Max: 6, Diff: 6, Sum: 7, Workers: 8
[2025-05-20T20:16:59.047+0300][15820][1484 ][debug][gc,phases] GC(23)       Resize TLABs (ms):             Min:  0.0, Avg:  0.0, Max:  0.0, Diff:  0.0, Sum:  0.0, Workers: 8
[2025-05-20T20:16:59.047+0300][15820][1484 ][debug][gc,phases] GC(23)       Free Collection Set (ms):      Min:  0.0, Avg:  0.2, Max:  0.3, Diff:  0.3, Sum:  1.9, Workers: 8
[2025-05-20T20:16:59.047+0300][15820][1484 ][debug][gc,phases] GC(23)     Rebuild Free List: 0.1ms
[2025-05-20T20:16:59.047+0300][15820][1484 ][debug][gc,phases] GC(23)     Prepare For Mutator: 0.0ms
[2025-05-20T20:16:59.047+0300][15820][1484 ][debug][gc,phases] GC(23)     Expand Heap After Collection: 0.0ms
[2025-05-20T20:16:59.047+0300][15820][1484 ][info ][gc,phases] GC(23)   Other: 0.1ms
[2025-05-20T20:16:59.047+0300][15820][1484 ][info ][gc,heap  ] GC(23) Eden regions: 1228->0(1227)
[2025-05-20T20:16:59.047+0300][15820][1484 ][info ][gc,heap  ] GC(23) Survivor regions: 0->1(154)
[2025-05-20T20:16:59.047+0300][15820][1484 ][info ][gc,heap  ] GC(23) Old regions: 8->8
[2025-05-20T20:16:59.047+0300][15820][1484 ][info ][gc,heap  ] GC(23) Humongous regions: 12->12
[2025-05-20T20:16:59.047+0300][15820][1484 ][debug][gc,heap  ] GC(23) Heap after GC invocations=24 (full 3):
[2025-05-20T20:16:59.047+0300][15820][1484 ][debug][gc,heap  ] GC(23)  garbage-first heap   total 4194304K, used 29054K [0x0000000700000000, 0x0000000800000000)
[2025-05-20T20:16:59.047+0300][15820][1484 ][debug][gc,heap  ] GC(23)   region size 2048K, 1 young (2048K), 1 survivors (2048K)
[2025-05-20T20:16:59.047+0300][15820][1484 ][debug][gc,heap  ] GC(23)  Metaspace       used 8747K, committed 9792K, reserved 1114112K
[2025-05-20T20:16:59.047+0300][15820][1484 ][debug][gc,heap  ] GC(23)   class space    used 875K, committed 1280K, reserved 1048576K
[2025-05-20T20:16:59.047+0300][15820][1484 ][info ][gc       ] GC(23) Pause Young (Normal) (G1 Evacuation Pause) 2483M->28M(4096M) 4.642ms
[2025-05-20T20:16:59.047+0300][15820][1484 ][info ][safepoint] Safepoint "G1CollectForAllocation", Time since last: 800962700 ns, Reaching safepoint: 504200 ns, Cleanup: 48800 ns, At safepoint: 4718600 ns, Total: 5271600 ns
[2025-05-20T20:16:59.915+0300][15820][1484 ][debug][safepoint] Safepoint synchronization initiated using striped semaphore wait barrier. (19 threads)
[2025-05-20T20:16:59.915+0300][15820][7284 ][debug][safepoint] ... found polling page loop exception at pc = 0x00000247101b8960, stub =0x000002470fbb5d80
[2025-05-20T20:16:59.915+0300][15820][15964][debug][safepoint] ... found polling page loop exception at pc = 0x00000247101b8960, stub =0x000002470fbb5d80
[2025-05-20T20:16:59.915+0300][15820][6588 ][debug][safepoint] ... found polling page loop exception at pc = 0x00000247101b8960, stub =0x000002470fbb5d80
[2025-05-20T20:16:59.915+0300][15820][8884 ][debug][safepoint] ... found polling page loop exception at pc = 0x00000247101b8960, stub =0x000002470fbb5d80
[2025-05-20T20:16:59.915+0300][15820][3284 ][debug][safepoint] ... found polling page loop exception at pc = 0x00000247101b8960, stub =0x000002470fbb5d80
[2025-05-20T20:16:59.915+0300][15820][1484 ][debug][gc,heap  ] GC(24) Heap before GC invocations=24 (full 3):
[2025-05-20T20:16:59.915+0300][15820][1484 ][debug][gc,heap  ] GC(24)  garbage-first heap   total 4194304K, used 2541950K [0x0000000700000000, 0x0000000800000000)
[2025-05-20T20:16:59.915+0300][15820][1484 ][debug][gc,heap  ] GC(24)   region size 2048K, 1228 young (2514944K), 1 survivors (2048K)
[2025-05-20T20:16:59.915+0300][15820][1484 ][debug][gc,heap  ] GC(24)  Metaspace       used 8747K, committed 9792K, reserved 1114112K
[2025-05-20T20:16:59.915+0300][15820][1484 ][debug][gc,heap  ] GC(24)   class space    used 875K, committed 1280K, reserved 1048576K
[2025-05-20T20:16:59.915+0300][15820][1484 ][info ][gc,phases] GC(24)   Pre Evacuate Collection Set: 0.3ms
[2025-05-20T20:16:59.915+0300][15820][1484 ][debug][gc,phases] GC(24)     Pre Evacuate Prepare: 0.0ms
[2025-05-20T20:16:59.915+0300][15820][1484 ][debug][gc,phases] GC(24)       JT Retire TLABs And Flush Logs (ms): Min:  0.0, Avg:  0.0, Max:  0.0, Diff:  0.0, Sum:  0.0, Workers: 2
[2025-05-20T20:16:59.915+0300][15820][1484 ][debug][gc,phases] GC(24)       Non-JT Flush Logs (ms):        Min:  0.0, Avg:  0.0, Max:  0.0, Diff:  0.0, Sum:  0.0, Workers: 1
[2025-05-20T20:16:59.915+0300][15820][1484 ][debug][gc,phases] GC(24)     Choose Collection Set: 0.0ms
[2025-05-20T20:16:59.915+0300][15820][1484 ][debug][gc,phases] GC(24)     Region Register: 0.3ms
[2025-05-20T20:16:59.915+0300][15820][1484 ][debug][gc,phases] GC(24)     Prepare Heap Roots: 0.0ms
[2025-05-20T20:16:59.915+0300][15820][1484 ][info ][gc,phases] GC(24)   Merge Heap Roots: 0.2ms
[2025-05-20T20:16:59.915+0300][15820][1484 ][debug][gc,phases] GC(24)     Prepare Merge Heap Roots: 0.0ms
[2025-05-20T20:16:59.915+0300][15820][1484 ][debug][gc,phases] GC(24)     Remembered Sets (ms):          Min:  0.1, Avg:  0.1, Max:  0.2, Diff:  0.0, Sum:  1.0, Workers: 8
[2025-05-20T20:16:59.915+0300][15820][1484 ][debug][gc,phases] GC(24)       Eager Reclaim (ms):            Min:  0.0, Avg:  0.0, Max:  0.0, Diff:  0.0, Sum:  0.0, Workers: 1
[2025-05-20T20:16:59.915+0300][15820][1484 ][debug][gc,phases] GC(24)       Merged Inline                  Min: 0, Avg:  0.0, Max: 0, Diff: 0, Sum: 0, Workers: 8
[2025-05-20T20:16:59.915+0300][15820][1484 ][debug][gc,phases] GC(24)       Merged ArrayOfCards            Min: 0, Avg:  0.0, Max: 0, Diff: 0, Sum: 0, Workers: 8
[2025-05-20T20:16:59.915+0300][15820][1484 ][debug][gc,phases] GC(24)       Merged Howl                    Min: 0, Avg:  0.0, Max: 0, Diff: 0, Sum: 0, Workers: 8
[2025-05-20T20:16:59.915+0300][15820][1484 ][debug][gc,phases] GC(24)       Merged Full                    Min: 0, Avg:  0.0, Max: 0, Diff: 0, Sum: 0, Workers: 8
[2025-05-20T20:16:59.915+0300][15820][1484 ][debug][gc,phases] GC(24)       Merged Howl Inline             Min: 0, Avg:  0.0, Max: 0, Diff: 0, Sum: 0, Workers: 8
[2025-05-20T20:16:59.915+0300][15820][1484 ][debug][gc,phases] GC(24)       Merged Howl ArrayOfCards       Min: 0, Avg:  0.0, Max: 0, Diff: 0, Sum: 0, Workers: 8
[2025-05-20T20:16:59.915+0300][15820][1484 ][debug][gc,phases] GC(24)       Merged Howl BitMap             Min: 0, Avg:  0.0, Max: 0, Diff: 0, Sum: 0, Workers: 8
[2025-05-20T20:16:59.915+0300][15820][1484 ][debug][gc,phases] GC(24)       Merged Howl Full               Min: 0, Avg:  0.0, Max: 0, Diff: 0, Sum: 0, Workers: 8
[2025-05-20T20:16:59.915+0300][15820][1484 ][debug][gc,phases] GC(24)       Merged Cards                   Min: 8, Avg:  9.0, Max: 16, Diff: 8, Sum: 72, Workers: 8
[2025-05-20T20:16:59.915+0300][15820][1484 ][debug][gc,phases] GC(24)     Log Buffers (ms):              Min:  0.0, Avg:  0.0, Max:  0.0, Diff:  0.0, Sum:  0.0, Workers: 8
[2025-05-20T20:16:59.915+0300][15820][1484 ][debug][gc,phases] GC(24)       Dirty Cards:                   Min: 0, Avg:  1.4, Max: 5, Diff: 5, Sum: 11, Workers: 8
[2025-05-20T20:16:59.915+0300][15820][1484 ][debug][gc,phases] GC(24)       Skipped Cards:                 Min: 0, Avg:  0.0, Max: 0, Diff: 0, Sum: 0, Workers: 8
[2025-05-20T20:16:59.915+0300][15820][1484 ][info ][gc,phases] GC(24)   Evacuate Collection Set: 0.4ms
[2025-05-20T20:16:59.915+0300][15820][1484 ][debug][gc,phases] GC(24)     Ext Root Scanning (ms):        Min:  0.1, Avg:  0.1, Max:  0.1, Diff:  0.0, Sum:  0.5, Workers: 8
[2025-05-20T20:16:59.915+0300][15820][1484 ][debug][gc,phases] GC(24)     Scan Heap Roots (ms):          Min:  0.0, Avg:  0.0, Max:  0.0, Diff:  0.0, Sum:  0.1, Workers: 8
[2025-05-20T20:16:59.915+0300][15820][1484 ][debug][gc,phases] GC(24)       Scanned Cards:                 Min: 0, Avg:  1.4, Max: 4, Diff: 4, Sum: 11, Workers: 8
[2025-05-20T20:16:59.915+0300][15820][1484 ][debug][gc,phases] GC(24)       Scanned Blocks:                Min: 0, Avg:  1.2, Max: 3, Diff: 3, Sum: 10, Workers: 8
[2025-05-20T20:16:59.915+0300][15820][1484 ][debug][gc,phases] GC(24)       Claimed Chunks:                Min: 0, Avg:  1.0, Max: 2, Diff: 2, Sum: 8, Workers: 8
[2025-05-20T20:16:59.915+0300][15820][1484 ][debug][gc,phases] GC(24)       Found Roots:                   Min: 0, Avg:  0.9, Max: 2, Diff: 2, Sum: 7, Workers: 8
[2025-05-20T20:16:59.915+0300][15820][1484 ][debug][gc,phases] GC(24)     Code Root Scan (ms):           Min:  0.1, Avg:  0.1, Max:  0.1, Diff:  0.0, Sum:  0.8, Workers: 8
[2025-05-20T20:16:59.915+0300][15820][1484 ][debug][gc,phases] GC(24)       Scanned Nmethods               Min: 0, Avg:  0.0, Max: 0, Diff: 0, Sum: 0, Workers: 8
[2025-05-20T20:16:59.915+0300][15820][1484 ][debug][gc,phases] GC(24)     Object Copy (ms):              Min:  0.1, Avg:  0.1, Max:  0.1, Diff:  0.0, Sum:  0.9, Workers: 8
[2025-05-20T20:16:59.915+0300][15820][1484 ][debug][gc,phases] GC(24)     Termination (ms):              Min:  0.0, Avg:  0.0, Max:  0.0, Diff:  0.0, Sum:  0.1, Workers: 8
[2025-05-20T20:16:59.915+0300][15820][1484 ][debug][gc,phases] GC(24)       Termination Attempts:          Min: 1, Avg:  1.0, Max: 1, Diff: 0, Sum: 8, Workers: 8
[2025-05-20T20:16:59.915+0300][15820][1484 ][debug][gc,phases] GC(24)     GC Worker Other (ms):          Min:  0.1, Avg:  0.1, Max:  0.1, Diff:  0.0, Sum:  0.9, Workers: 8
[2025-05-20T20:16:59.915+0300][15820][1484 ][debug][gc,phases] GC(24)     GC Worker Total (ms):          Min:  0.4, Avg:  0.4, Max:  0.4, Diff:  0.0, Sum:  3.2, Workers: 8
[2025-05-20T20:16:59.915+0300][15820][1484 ][info ][gc,phases] GC(24)   Post Evacuate Collection Set: 0.9ms
[2025-05-20T20:16:59.915+0300][15820][1484 ][debug][gc,phases] GC(24)     NMethod List Cleanup: 0.0ms
[2025-05-20T20:16:59.915+0300][15820][1484 ][debug][gc,phases] GC(24)     Reference Processing: 0.1ms
[2025-05-20T20:16:59.915+0300][15820][1484 ][debug][gc,phases] GC(24)     Weak Processing: 0.1ms
[2025-05-20T20:16:59.915+0300][15820][1484 ][debug][gc,phases] GC(24)       VM Weak                        Min:  0.0, Avg:  0.0, Max:  0.0, Diff:  0.0, Sum:  0.0, Workers: 8
[2025-05-20T20:16:59.915+0300][15820][1484 ][debug][gc,phases] GC(24)         Dead                           Min: 0, Avg:  0.0, Max: 0, Diff: 0, Sum: 0, Workers: 8
[2025-05-20T20:16:59.915+0300][15820][1484 ][debug][gc,phases] GC(24)         Total                          Min: 0, Avg: 15.4, Max: 123, Diff: 123, Sum: 123, Workers: 8
[2025-05-20T20:16:59.915+0300][15820][1484 ][debug][gc,phases] GC(24)       ObjectSynchronizer Weak        Min:  0.0, Avg:  0.0, Max:  0.0, Diff:  0.0, Sum:  0.0, Workers: 8
[2025-05-20T20:16:59.915+0300][15820][1484 ][debug][gc,phases] GC(24)         Dead                           Min: 0, Avg:  0.0, Max: 0, Diff: 0, Sum: 0, Workers: 8
[2025-05-20T20:16:59.915+0300][15820][1484 ][debug][gc,phases] GC(24)         Total                          Min: 0, Avg: 16.4, Max: 128, Diff: 128, Sum: 131, Workers: 8
[2025-05-20T20:16:59.915+0300][15820][1484 ][debug][gc,phases] GC(24)       JVMTI Tag Weak OopStorage      Min:  0.0, Avg:  0.0, Max:  0.0, Diff:  0.0, Sum:  0.0, Workers: 8
[2025-05-20T20:16:59.915+0300][15820][1484 ][debug][gc,phases] GC(24)         Dead                           Min: 0, Avg:  0.0, Max: 0, Diff: 0, Sum: 0, Workers: 8
[2025-05-20T20:16:59.915+0300][15820][1484 ][debug][gc,phases] GC(24)         Total                          Min: 0, Avg:  0.0, Max: 0, Diff: 0, Sum: 0, Workers: 8
[2025-05-20T20:16:59.915+0300][15820][1484 ][debug][gc,phases] GC(24)       StringTable Weak               Min:  0.0, Avg:  0.0, Max:  0.0, Diff:  0.0, Sum:  0.1, Workers: 8
[2025-05-20T20:16:59.915+0300][15820][1484 ][debug][gc,phases] GC(24)         Dead                           Min: 0, Avg:  0.0, Max: 0, Diff: 0, Sum: 0, Workers: 8
[2025-05-20T20:16:59.915+0300][15820][1484 ][debug][gc,phases] GC(24)         Total                          Min: 768, Avg: 788.2, Max: 866, Diff: 98, Sum: 6306, Workers: 8
[2025-05-20T20:16:59.915+0300][15820][1484 ][debug][gc,phases] GC(24)       ResolvedMethodTable Weak       Min:  0.0, Avg:  0.0, Max:  0.0, Diff:  0.0, Sum:  0.0, Workers: 8
[2025-05-20T20:16:59.915+0300][15820][1484 ][debug][gc,phases] GC(24)         Dead                           Min: 0, Avg:  0.0, Max: 0, Diff: 0, Sum: 0, Workers: 8
[2025-05-20T20:16:59.915+0300][15820][1484 ][debug][gc,phases] GC(24)         Total                          Min: 64, Avg: 112.8, Max: 128, Diff: 64, Sum: 902, Workers: 8
[2025-05-20T20:16:59.915+0300][15820][1484 ][debug][gc,phases] GC(24)       JNI Weak                       Min:  0.0, Avg:  0.0, Max:  0.0, Diff:  0.0, Sum:  0.0, Workers: 8
[2025-05-20T20:16:59.915+0300][15820][1484 ][debug][gc,phases] GC(24)         Dead                           Min: 0, Avg:  0.0, Max: 0, Diff: 0, Sum: 0, Workers: 8
[2025-05-20T20:16:59.915+0300][15820][1484 ][debug][gc,phases] GC(24)         Total                          Min: 0, Avg:  0.0, Max: 0, Diff: 0, Sum: 0, Workers: 8
[2025-05-20T20:16:59.915+0300][15820][1484 ][debug][gc,phases] GC(24)       StringDedup Table Weak         Min:  0.0, Avg:  0.0, Max:  0.0, Diff:  0.0, Sum:  0.0, Workers: 8
[2025-05-20T20:16:59.915+0300][15820][1484 ][debug][gc,phases] GC(24)         Dead                           Min: 0, Avg:  0.0, Max: 0, Diff: 0, Sum: 0, Workers: 8
[2025-05-20T20:16:59.915+0300][15820][1484 ][debug][gc,phases] GC(24)         Total                          Min: 0, Avg:  0.0, Max: 0, Diff: 0, Sum: 0, Workers: 8
[2025-05-20T20:16:59.915+0300][15820][1484 ][debug][gc,phases] GC(24)       StringDedup Requests0 Weak     Min:  0.0, Avg:  0.0, Max:  0.0, Diff:  0.0, Sum:  0.0, Workers: 8
[2025-05-20T20:16:59.915+0300][15820][1484 ][debug][gc,phases] GC(24)         Dead                           Min: 0, Avg:  0.0, Max: 0, Diff: 0, Sum: 0, Workers: 8
[2025-05-20T20:16:59.915+0300][15820][1484 ][debug][gc,phases] GC(24)         Total                          Min: 0, Avg:  0.0, Max: 0, Diff: 0, Sum: 0, Workers: 8
[2025-05-20T20:16:59.915+0300][15820][1484 ][debug][gc,phases] GC(24)       StringDedup Requests1 Weak     Min:  0.0, Avg:  0.0, Max:  0.0, Diff:  0.0, Sum:  0.0, Workers: 8
[2025-05-20T20:16:59.915+0300][15820][1484 ][debug][gc,phases] GC(24)         Dead                           Min: 0, Avg:  0.0, Max: 0, Diff: 0, Sum: 0, Workers: 8
[2025-05-20T20:16:59.915+0300][15820][1484 ][debug][gc,phases] GC(24)         Total                          Min: 0, Avg:  0.0, Max: 0, Diff: 0, Sum: 0, Workers: 8
[2025-05-20T20:16:59.915+0300][15820][1484 ][debug][gc,phases] GC(24)       Weak JFR Old Object Samples    Min:  0.0, Avg:  0.0, Max:  0.0, Diff:  0.0, Sum:  0.0, Workers: 8
[2025-05-20T20:16:59.915+0300][15820][1484 ][debug][gc,phases] GC(24)         Dead                           Min: 0, Avg:  0.0, Max: 0, Diff: 0, Sum: 0, Workers: 8
[2025-05-20T20:16:59.915+0300][15820][1484 ][debug][gc,phases] GC(24)         Total                          Min: 0, Avg:  0.0, Max: 0, Diff: 0, Sum: 0, Workers: 8
[2025-05-20T20:16:59.915+0300][15820][1484 ][debug][gc,phases] GC(24)     Post Evacuate Cleanup 1: 0.4ms
[2025-05-20T20:16:59.915+0300][15820][1484 ][debug][gc,phases] GC(24)       Merge Per-Thread State (ms):   Min:  0.1, Avg:  0.1, Max:  0.1, Diff:  0.0, Sum:  0.1, Workers: 1
[2025-05-20T20:16:59.915+0300][15820][1484 ][debug][gc,phases] GC(24)         Copied Bytes                   Min: 64624, Avg: 92753.0, Max: 108088, Diff: 43464, Sum: 742024, Workers: 8
[2025-05-20T20:16:59.915+0300][15820][1484 ][debug][gc,phases] GC(24)         LAB Waste                      Min: 128, Avg: 180.0, Max: 304, Diff: 176, Sum: 1440, Workers: 8
[2025-05-20T20:16:59.915+0300][15820][1484 ][debug][gc,phases] GC(24)         LAB Undo Waste                 Min: 0, Avg:  0.0, Max: 0, Diff: 0, Sum: 0, Workers: 8
[2025-05-20T20:16:59.915+0300][15820][1484 ][debug][gc,phases] GC(24)       Clear Logged Cards (ms):       Min:  0.0, Avg:  0.2, Max:  0.3, Diff:  0.3, Sum:  1.3, Workers: 7
[2025-05-20T20:16:59.915+0300][15820][1484 ][debug][gc,phases] GC(24)       Recalculate Used Memory (ms):  Min:  0.0, Avg:  0.0, Max:  0.0, Diff:  0.0, Sum:  0.0, Workers: 1
[2025-05-20T20:16:59.915+0300][15820][1484 ][debug][gc,phases] GC(24)     Post Evacuate Cleanup 2: 0.3ms
[2025-05-20T20:16:59.915+0300][15820][1484 ][debug][gc,phases] GC(24)       Update Derived Pointers (ms):  Min:  0.0, Avg:  0.0, Max:  0.0, Diff:  0.0, Sum:  0.0, Workers: 1
[2025-05-20T20:16:59.915+0300][15820][1484 ][debug][gc,phases] GC(24)       Eagerly Reclaim Humongous Objects (ms): Min:  0.0, Avg:  0.0, Max:  0.0, Diff:  0.0, Sum:  0.0, Workers: 1
[2025-05-20T20:16:59.915+0300][15820][1484 ][debug][gc,phases] GC(24)         Humongous Total                Min: 6, Avg:  6.0, Max: 6, Diff: 0, Sum: 6, Workers: 1
[2025-05-20T20:16:59.915+0300][15820][1484 ][debug][gc,phases] GC(24)         Humongous Candidates           Min: 3, Avg:  3.0, Max: 3, Diff: 0, Sum: 3, Workers: 1
[2025-05-20T20:16:59.915+0300][15820][1484 ][debug][gc,phases] GC(24)         Humongous Reclaimed            Min: 0, Avg:  0.0, Max: 0, Diff: 0, Sum: 0, Workers: 1
[2025-05-20T20:16:59.915+0300][15820][1484 ][debug][gc,phases] GC(24)       Redirty Logged Cards (ms):     Min:  0.0, Avg:  0.0, Max:  0.0, Diff:  0.0, Sum:  0.0, Workers: 8
[2025-05-20T20:16:59.915+0300][15820][1484 ][debug][gc,phases] GC(24)         Redirtied Cards:               Min: 0, Avg:  1.0, Max: 4, Diff: 4, Sum: 8, Workers: 8
[2025-05-20T20:16:59.915+0300][15820][1484 ][debug][gc,phases] GC(24)       Resize TLABs (ms):             Min:  0.0, Avg:  0.0, Max:  0.0, Diff:  0.0, Sum:  0.0, Workers: 8
[2025-05-20T20:16:59.915+0300][15820][1484 ][debug][gc,phases] GC(24)       Free Collection Set (ms):      Min:  0.2, Avg:  0.3, Max:  0.3, Diff:  0.0, Sum:  2.0, Workers: 8
[2025-05-20T20:16:59.915+0300][15820][1484 ][debug][gc,phases] GC(24)     Rebuild Free List: 0.1ms
[2025-05-20T20:16:59.915+0300][15820][1484 ][debug][gc,phases] GC(24)     Prepare For Mutator: 0.0ms
[2025-05-20T20:16:59.915+0300][15820][1484 ][debug][gc,phases] GC(24)     Expand Heap After Collection: 0.0ms
[2025-05-20T20:16:59.915+0300][15820][1484 ][info ][gc,phases] GC(24)   Other: 0.1ms
[2025-05-20T20:16:59.915+0300][15820][1484 ][info ][gc,heap  ] GC(24) Eden regions: 1227->0(1227)
[2025-05-20T20:16:59.915+0300][15820][1484 ][info ][gc,heap  ] GC(24) Survivor regions: 1->1(154)
[2025-05-20T20:16:59.915+0300][15820][1484 ][info ][gc,heap  ] GC(24) Old regions: 8->8
[2025-05-20T20:16:59.915+0300][15820][1484 ][info ][gc,heap  ] GC(24) Humongous regions: 12->12
[2025-05-20T20:16:59.915+0300][15820][1484 ][debug][gc,heap  ] GC(24) Heap after GC invocations=25 (full 3):
[2025-05-20T20:16:59.915+0300][15820][1484 ][debug][gc,heap  ] GC(24)  garbage-first heap   total 4194304K, used 29076K [0x0000000700000000, 0x0000000800000000)
[2025-05-20T20:16:59.915+0300][15820][1484 ][debug][gc,heap  ] GC(24)   region size 2048K, 1 young (2048K), 1 survivors (2048K)
[2025-05-20T20:16:59.915+0300][15820][1484 ][debug][gc,heap  ] GC(24)  Metaspace       used 8747K, committed 9792K, reserved 1114112K
[2025-05-20T20:16:59.915+0300][15820][1484 ][debug][gc,heap  ] GC(24)   class space    used 875K, committed 1280K, reserved 1048576K
[2025-05-20T20:16:59.915+0300][15820][1484 ][info ][gc       ] GC(24) Pause Young (Normal) (G1 Evacuation Pause) 2482M->28M(4096M) 3.661ms
[2025-05-20T20:16:59.915+0300][15820][1484 ][info ][safepoint] Safepoint "G1CollectForAllocation", Time since last: 868866400 ns, Reaching safepoint: 396000 ns, Cleanup: 6400 ns, At safepoint: 3715300 ns, Total: 4117700 ns
[2025-05-20T20:17:00.766+0300][15820][1484 ][debug][safepoint] Safepoint synchronization initiated using striped semaphore wait barrier. (19 threads)
[2025-05-20T20:17:00.766+0300][15820][20192][debug][safepoint] ... found polling page loop exception at pc = 0x00000247101b8960, stub =0x000002470fbb5d80
[2025-05-20T20:17:00.766+0300][15820][6588 ][debug][safepoint] ... found polling page loop exception at pc = 0x00000247101b8960, stub =0x000002470fbb5d80
[2025-05-20T20:17:00.766+0300][15820][3284 ][debug][safepoint] ... found polling page loop exception at pc = 0x00000247101cf522, stub =0x000002470fbb6600
[2025-05-20T20:17:00.766+0300][15820][15964][debug][safepoint] ... found polling page loop exception at pc = 0x00000247101b8960, stub =0x000002470fbb5d80
[2025-05-20T20:17:00.766+0300][15820][7284 ][debug][safepoint] ... found polling page loop exception at pc = 0x00000247101b8960, stub =0x000002470fbb5d80
[2025-05-20T20:17:00.766+0300][15820][1484 ][debug][gc,heap  ] GC(25) Heap before GC invocations=25 (full 3):
[2025-05-20T20:17:00.766+0300][15820][1484 ][debug][gc,heap  ] GC(25)  garbage-first heap   total 4194304K, used 2541972K [0x0000000700000000, 0x0000000800000000)
[2025-05-20T20:17:00.766+0300][15820][1484 ][debug][gc,heap  ] GC(25)   region size 2048K, 1228 young (2514944K), 1 survivors (2048K)
[2025-05-20T20:17:00.766+0300][15820][1484 ][debug][gc,heap  ] GC(25)  Metaspace       used 8747K, committed 9792K, reserved 1114112K
[2025-05-20T20:17:00.766+0300][15820][1484 ][debug][gc,heap  ] GC(25)   class space    used 875K, committed 1280K, reserved 1048576K
[2025-05-20T20:17:00.766+0300][15820][1484 ][info ][gc,phases] GC(25)   Pre Evacuate Collection Set: 0.3ms
[2025-05-20T20:17:00.766+0300][15820][1484 ][debug][gc,phases] GC(25)     Pre Evacuate Prepare: 0.0ms
[2025-05-20T20:17:00.766+0300][15820][1484 ][debug][gc,phases] GC(25)       JT Retire TLABs And Flush Logs (ms): Min:  0.0, Avg:  0.0, Max:  0.0, Diff:  0.0, Sum:  0.0, Workers: 2
[2025-05-20T20:17:00.766+0300][15820][1484 ][debug][gc,phases] GC(25)       Non-JT Flush Logs (ms):        Min:  0.0, Avg:  0.0, Max:  0.0, Diff:  0.0, Sum:  0.0, Workers: 1
[2025-05-20T20:17:00.766+0300][15820][1484 ][debug][gc,phases] GC(25)     Choose Collection Set: 0.0ms
[2025-05-20T20:17:00.766+0300][15820][1484 ][debug][gc,phases] GC(25)     Region Register: 0.3ms
[2025-05-20T20:17:00.766+0300][15820][1484 ][debug][gc,phases] GC(25)     Prepare Heap Roots: 0.0ms
[2025-05-20T20:17:00.766+0300][15820][1484 ][info ][gc,phases] GC(25)   Merge Heap Roots: 0.2ms
[2025-05-20T20:17:00.766+0300][15820][1484 ][debug][gc,phases] GC(25)     Prepare Merge Heap Roots: 0.0ms
[2025-05-20T20:17:00.766+0300][15820][1484 ][debug][gc,phases] GC(25)     Remembered Sets (ms):          Min:  0.1, Avg:  0.1, Max:  0.1, Diff:  0.0, Sum:  1.0, Workers: 8
[2025-05-20T20:17:00.766+0300][15820][1484 ][debug][gc,phases] GC(25)       Eager Reclaim (ms):            Min:  0.0, Avg:  0.0, Max:  0.0, Diff:  0.0, Sum:  0.0, Workers: 1
[2025-05-20T20:17:00.766+0300][15820][1484 ][debug][gc,phases] GC(25)       Merged Inline                  Min: 0, Avg:  0.0, Max: 0, Diff: 0, Sum: 0, Workers: 8
[2025-05-20T20:17:00.766+0300][15820][1484 ][debug][gc,phases] GC(25)       Merged ArrayOfCards            Min: 0, Avg:  0.0, Max: 0, Diff: 0, Sum: 0, Workers: 8
[2025-05-20T20:17:00.766+0300][15820][1484 ][debug][gc,phases] GC(25)       Merged Howl                    Min: 0, Avg:  0.0, Max: 0, Diff: 0, Sum: 0, Workers: 8
[2025-05-20T20:17:00.766+0300][15820][1484 ][debug][gc,phases] GC(25)       Merged Full                    Min: 0, Avg:  0.0, Max: 0, Diff: 0, Sum: 0, Workers: 8
[2025-05-20T20:17:00.766+0300][15820][1484 ][debug][gc,phases] GC(25)       Merged Howl Inline             Min: 0, Avg:  0.0, Max: 0, Diff: 0, Sum: 0, Workers: 8
[2025-05-20T20:17:00.766+0300][15820][1484 ][debug][gc,phases] GC(25)       Merged Howl ArrayOfCards       Min: 0, Avg:  0.0, Max: 0, Diff: 0, Sum: 0, Workers: 8
[2025-05-20T20:17:00.766+0300][15820][1484 ][debug][gc,phases] GC(25)       Merged Howl BitMap             Min: 0, Avg:  0.0, Max: 0, Diff: 0, Sum: 0, Workers: 8
[2025-05-20T20:17:00.766+0300][15820][1484 ][debug][gc,phases] GC(25)       Merged Howl Full               Min: 0, Avg:  0.0, Max: 0, Diff: 0, Sum: 0, Workers: 8
[2025-05-20T20:17:00.766+0300][15820][1484 ][debug][gc,phases] GC(25)       Merged Cards                   Min: 8, Avg:  9.0, Max: 16, Diff: 8, Sum: 72, Workers: 8
[2025-05-20T20:17:00.766+0300][15820][1484 ][debug][gc,phases] GC(25)     Log Buffers (ms):              Min:  0.0, Avg:  0.0, Max:  0.0, Diff:  0.0, Sum:  0.0, Workers: 8
[2025-05-20T20:17:00.766+0300][15820][1484 ][debug][gc,phases] GC(25)       Dirty Cards:                   Min: 0, Avg:  1.5, Max: 8, Diff: 8, Sum: 12, Workers: 8
[2025-05-20T20:17:00.766+0300][15820][1484 ][debug][gc,phases] GC(25)       Skipped Cards:                 Min: 0, Avg:  0.0, Max: 0, Diff: 0, Sum: 0, Workers: 8
[2025-05-20T20:17:00.766+0300][15820][1484 ][info ][gc,phases] GC(25)   Evacuate Collection Set: 0.4ms
[2025-05-20T20:17:00.766+0300][15820][1484 ][debug][gc,phases] GC(25)     Ext Root Scanning (ms):        Min:  0.0, Avg:  0.1, Max:  0.1, Diff:  0.0, Sum:  0.4, Workers: 8
[2025-05-20T20:17:00.766+0300][15820][1484 ][debug][gc,phases] GC(25)     Scan Heap Roots (ms):          Min:  0.0, Avg:  0.0, Max:  0.0, Diff:  0.0, Sum:  0.0, Workers: 8
[2025-05-20T20:17:00.766+0300][15820][1484 ][debug][gc,phases] GC(25)       Scanned Cards:                 Min: 0, Avg:  1.4, Max: 6, Diff: 6, Sum: 11, Workers: 8
[2025-05-20T20:17:00.766+0300][15820][1484 ][debug][gc,phases] GC(25)       Scanned Blocks:                Min: 0, Avg:  1.2, Max: 5, Diff: 5, Sum: 10, Workers: 8
[2025-05-20T20:17:00.766+0300][15820][1484 ][debug][gc,phases] GC(25)       Claimed Chunks:                Min: 0, Avg:  1.0, Max: 4, Diff: 4, Sum: 8, Workers: 8
[2025-05-20T20:17:00.766+0300][15820][1484 ][debug][gc,phases] GC(25)       Found Roots:                   Min: 0, Avg:  0.9, Max: 3, Diff: 3, Sum: 7, Workers: 8
[2025-05-20T20:17:00.766+0300][15820][1484 ][debug][gc,phases] GC(25)     Code Root Scan (ms):           Min:  0.1, Avg:  0.1, Max:  0.1, Diff:  0.0, Sum:  0.8, Workers: 8
[2025-05-20T20:17:00.766+0300][15820][1484 ][debug][gc,phases] GC(25)       Scanned Nmethods               Min: 0, Avg:  0.0, Max: 0, Diff: 0, Sum: 0, Workers: 8
[2025-05-20T20:17:00.766+0300][15820][1484 ][debug][gc,phases] GC(25)     Object Copy (ms):              Min:  0.1, Avg:  0.1, Max:  0.1, Diff:  0.0, Sum:  0.8, Workers: 8
[2025-05-20T20:17:00.766+0300][15820][1484 ][debug][gc,phases] GC(25)     Termination (ms):              Min:  0.0, Avg:  0.0, Max:  0.0, Diff:  0.0, Sum:  0.1, Workers: 8
[2025-05-20T20:17:00.766+0300][15820][1484 ][debug][gc,phases] GC(25)       Termination Attempts:          Min: 1, Avg:  1.0, Max: 1, Diff: 0, Sum: 8, Workers: 8
[2025-05-20T20:17:00.766+0300][15820][1484 ][debug][gc,phases] GC(25)     GC Worker Other (ms):          Min:  0.1, Avg:  0.1, Max:  0.1, Diff:  0.0, Sum:  0.9, Workers: 8
[2025-05-20T20:17:00.766+0300][15820][1484 ][debug][gc,phases] GC(25)     GC Worker Total (ms):          Min:  0.4, Avg:  0.4, Max:  0.4, Diff:  0.0, Sum:  3.0, Workers: 8
[2025-05-20T20:17:00.766+0300][15820][1484 ][info ][gc,phases] GC(25)   Post Evacuate Collection Set: 0.9ms
[2025-05-20T20:17:00.766+0300][15820][1484 ][debug][gc,phases] GC(25)     NMethod List Cleanup: 0.0ms
[2025-05-20T20:17:00.766+0300][15820][1484 ][debug][gc,phases] GC(25)     Reference Processing: 0.1ms
[2025-05-20T20:17:00.766+0300][15820][1484 ][debug][gc,phases] GC(25)     Weak Processing: 0.1ms
[2025-05-20T20:17:00.766+0300][15820][1484 ][debug][gc,phases] GC(25)       VM Weak                        Min:  0.0, Avg:  0.0, Max:  0.0, Diff:  0.0, Sum:  0.0, Workers: 8
[2025-05-20T20:17:00.766+0300][15820][1484 ][debug][gc,phases] GC(25)         Dead                           Min: 0, Avg:  0.0, Max: 0, Diff: 0, Sum: 0, Workers: 8
[2025-05-20T20:17:00.766+0300][15820][1484 ][debug][gc,phases] GC(25)         Total                          Min: 0, Avg: 15.4, Max: 123, Diff: 123, Sum: 123, Workers: 8
[2025-05-20T20:17:00.766+0300][15820][1484 ][debug][gc,phases] GC(25)       ObjectSynchronizer Weak        Min:  0.0, Avg:  0.0, Max:  0.0, Diff:  0.0, Sum:  0.0, Workers: 8
[2025-05-20T20:17:00.766+0300][15820][1484 ][debug][gc,phases] GC(25)         Dead                           Min: 0, Avg:  0.0, Max: 0, Diff: 0, Sum: 0, Workers: 8
[2025-05-20T20:17:00.766+0300][15820][1484 ][debug][gc,phases] GC(25)         Total                          Min: 0, Avg: 16.4, Max: 131, Diff: 131, Sum: 131, Workers: 8
[2025-05-20T20:17:00.766+0300][15820][1484 ][debug][gc,phases] GC(25)       JVMTI Tag Weak OopStorage      Min:  0.0, Avg:  0.0, Max:  0.0, Diff:  0.0, Sum:  0.0, Workers: 8
[2025-05-20T20:17:00.766+0300][15820][1484 ][debug][gc,phases] GC(25)         Dead                           Min: 0, Avg:  0.0, Max: 0, Diff: 0, Sum: 0, Workers: 8
[2025-05-20T20:17:00.766+0300][15820][1484 ][debug][gc,phases] GC(25)         Total                          Min: 0, Avg:  0.0, Max: 0, Diff: 0, Sum: 0, Workers: 8
[2025-05-20T20:17:00.766+0300][15820][1484 ][debug][gc,phases] GC(25)       StringTable Weak               Min:  0.0, Avg:  0.0, Max:  0.0, Diff:  0.0, Sum:  0.1, Workers: 8
[2025-05-20T20:17:00.766+0300][15820][1484 ][debug][gc,phases] GC(25)         Dead                           Min: 0, Avg:  0.0, Max: 0, Diff: 0, Sum: 0, Workers: 8
[2025-05-20T20:17:00.766+0300][15820][1484 ][debug][gc,phases] GC(25)         Total                          Min: 674, Avg: 788.2, Max: 896, Diff: 222, Sum: 6306, Workers: 8
[2025-05-20T20:17:00.766+0300][15820][1484 ][debug][gc,phases] GC(25)       ResolvedMethodTable Weak       Min:  0.0, Avg:  0.0, Max:  0.0, Diff:  0.0, Sum:  0.0, Workers: 8
[2025-05-20T20:17:00.766+0300][15820][1484 ][debug][gc,phases] GC(25)         Dead                           Min: 0, Avg:  0.0, Max: 0, Diff: 0, Sum: 0, Workers: 8
[2025-05-20T20:17:00.766+0300][15820][1484 ][debug][gc,phases] GC(25)         Total                          Min: 64, Avg: 112.8, Max: 128, Diff: 64, Sum: 902, Workers: 8
[2025-05-20T20:17:00.766+0300][15820][1484 ][debug][gc,phases] GC(25)       JNI Weak                       Min:  0.0, Avg:  0.0, Max:  0.0, Diff:  0.0, Sum:  0.0, Workers: 8
[2025-05-20T20:17:00.766+0300][15820][1484 ][debug][gc,phases] GC(25)         Dead                           Min: 0, Avg:  0.0, Max: 0, Diff: 0, Sum: 0, Workers: 8
[2025-05-20T20:17:00.766+0300][15820][1484 ][debug][gc,phases] GC(25)         Total                          Min: 0, Avg:  0.0, Max: 0, Diff: 0, Sum: 0, Workers: 8
[2025-05-20T20:17:00.766+0300][15820][1484 ][debug][gc,phases] GC(25)       StringDedup Table Weak         Min:  0.0, Avg:  0.0, Max:  0.0, Diff:  0.0, Sum:  0.0, Workers: 8
[2025-05-20T20:17:00.766+0300][15820][1484 ][debug][gc,phases] GC(25)         Dead                           Min: 0, Avg:  0.0, Max: 0, Diff: 0, Sum: 0, Workers: 8
[2025-05-20T20:17:00.766+0300][15820][1484 ][debug][gc,phases] GC(25)         Total                          Min: 0, Avg:  0.0, Max: 0, Diff: 0, Sum: 0, Workers: 8
[2025-05-20T20:17:00.766+0300][15820][1484 ][debug][gc,phases] GC(25)       StringDedup Requests0 Weak     Min:  0.0, Avg:  0.0, Max:  0.0, Diff:  0.0, Sum:  0.0, Workers: 8
[2025-05-20T20:17:00.766+0300][15820][1484 ][debug][gc,phases] GC(25)         Dead                           Min: 0, Avg:  0.0, Max: 0, Diff: 0, Sum: 0, Workers: 8
[2025-05-20T20:17:00.766+0300][15820][1484 ][debug][gc,phases] GC(25)         Total                          Min: 0, Avg:  0.0, Max: 0, Diff: 0, Sum: 0, Workers: 8
[2025-05-20T20:17:00.766+0300][15820][1484 ][debug][gc,phases] GC(25)       StringDedup Requests1 Weak     Min:  0.0, Avg:  0.0, Max:  0.0, Diff:  0.0, Sum:  0.0, Workers: 8
[2025-05-20T20:17:00.766+0300][15820][1484 ][debug][gc,phases] GC(25)         Dead                           Min: 0, Avg:  0.0, Max: 0, Diff: 0, Sum: 0, Workers: 8
[2025-05-20T20:17:00.766+0300][15820][1484 ][debug][gc,phases] GC(25)         Total                          Min: 0, Avg:  0.0, Max: 0, Diff: 0, Sum: 0, Workers: 8
[2025-05-20T20:17:00.766+0300][15820][1484 ][debug][gc,phases] GC(25)       Weak JFR Old Object Samples    Min:  0.0, Avg:  0.0, Max:  0.0, Diff:  0.0, Sum:  0.0, Workers: 8
[2025-05-20T20:17:00.766+0300][15820][1484 ][debug][gc,phases] GC(25)         Dead                           Min: 0, Avg:  0.0, Max: 0, Diff: 0, Sum: 0, Workers: 8
[2025-05-20T20:17:00.766+0300][15820][1484 ][debug][gc,phases] GC(25)         Total                          Min: 0, Avg:  0.0, Max: 0, Diff: 0, Sum: 0, Workers: 8
[2025-05-20T20:17:00.766+0300][15820][1484 ][debug][gc,phases] GC(25)     Post Evacuate Cleanup 1: 0.3ms
[2025-05-20T20:17:00.766+0300][15820][1484 ][debug][gc,phases] GC(25)       Merge Per-Thread State (ms):   Min:  0.1, Avg:  0.1, Max:  0.1, Diff:  0.0, Sum:  0.1, Workers: 1
[2025-05-20T20:17:00.766+0300][15820][1484 ][debug][gc,phases] GC(25)         Copied Bytes                   Min: 50120, Avg: 91636.0, Max: 121808, Diff: 71688, Sum: 733088, Workers: 8
[2025-05-20T20:17:00.766+0300][15820][1484 ][debug][gc,phases] GC(25)         LAB Waste                      Min: 72, Avg: 147.0, Max: 288, Diff: 216, Sum: 1176, Workers: 8
[2025-05-20T20:17:00.766+0300][15820][1484 ][debug][gc,phases] GC(25)         LAB Undo Waste                 Min: 0, Avg:  0.0, Max: 0, Diff: 0, Sum: 0, Workers: 8
[2025-05-20T20:17:00.766+0300][15820][1484 ][debug][gc,phases] GC(25)       Clear Logged Cards (ms):       Min:  0.0, Avg:  0.1, Max:  0.3, Diff:  0.3, Sum:  1.0, Workers: 7
[2025-05-20T20:17:00.766+0300][15820][1484 ][debug][gc,phases] GC(25)       Recalculate Used Memory (ms):  Min:  0.0, Avg:  0.0, Max:  0.0, Diff:  0.0, Sum:  0.0, Workers: 1
[2025-05-20T20:17:00.766+0300][15820][1484 ][debug][gc,phases] GC(25)     Post Evacuate Cleanup 2: 0.3ms
[2025-05-20T20:17:00.766+0300][15820][1484 ][debug][gc,phases] GC(25)       Update Derived Pointers (ms):  Min:  0.0, Avg:  0.0, Max:  0.0, Diff:  0.0, Sum:  0.0, Workers: 1
[2025-05-20T20:17:00.766+0300][15820][1484 ][debug][gc,phases] GC(25)       Eagerly Reclaim Humongous Objects (ms): Min:  0.0, Avg:  0.0, Max:  0.0, Diff:  0.0, Sum:  0.0, Workers: 1
[2025-05-20T20:17:00.766+0300][15820][1484 ][debug][gc,phases] GC(25)         Humongous Total                Min: 6, Avg:  6.0, Max: 6, Diff: 0, Sum: 6, Workers: 1
[2025-05-20T20:17:00.766+0300][15820][1484 ][debug][gc,phases] GC(25)         Humongous Candidates           Min: 3, Avg:  3.0, Max: 3, Diff: 0, Sum: 3, Workers: 1
[2025-05-20T20:17:00.766+0300][15820][1484 ][debug][gc,phases] GC(25)         Humongous Reclaimed            Min: 0, Avg:  0.0, Max: 0, Diff: 0, Sum: 0, Workers: 1
[2025-05-20T20:17:00.766+0300][15820][1484 ][debug][gc,phases] GC(25)       Redirty Logged Cards (ms):     Min:  0.0, Avg:  0.0, Max:  0.0, Diff:  0.0, Sum:  0.0, Workers: 8
[2025-05-20T20:17:00.766+0300][15820][1484 ][debug][gc,phases] GC(25)         Redirtied Cards:               Min: 0, Avg:  0.9, Max: 5, Diff: 5, Sum: 7, Workers: 8
[2025-05-20T20:17:00.766+0300][15820][1484 ][debug][gc,phases] GC(25)       Resize TLABs (ms):             Min:  0.0, Avg:  0.0, Max:  0.0, Diff:  0.0, Sum:  0.0, Workers: 8
[2025-05-20T20:17:00.766+0300][15820][1484 ][debug][gc,phases] GC(25)       Free Collection Set (ms):      Min:  0.2, Avg:  0.3, Max:  0.3, Diff:  0.0, Sum:  2.1, Workers: 8
[2025-05-20T20:17:00.766+0300][15820][1484 ][debug][gc,phases] GC(25)     Rebuild Free List: 0.1ms
[2025-05-20T20:17:00.766+0300][15820][1484 ][debug][gc,phases] GC(25)     Prepare For Mutator: 0.0ms
[2025-05-20T20:17:00.766+0300][15820][1484 ][debug][gc,phases] GC(25)     Expand Heap After Collection: 0.0ms
[2025-05-20T20:17:00.766+0300][15820][1484 ][info ][gc,phases] GC(25)   Other: 0.1ms
[2025-05-20T20:17:00.766+0300][15820][1484 ][info ][gc,heap  ] GC(25) Eden regions: 1227->0(1227)
[2025-05-20T20:17:00.766+0300][15820][1484 ][info ][gc,heap  ] GC(25) Survivor regions: 1->1(154)
[2025-05-20T20:17:00.766+0300][15820][1484 ][info ][gc,heap  ] GC(25) Old regions: 8->8
[2025-05-20T20:17:00.766+0300][15820][1484 ][info ][gc,heap  ] GC(25) Humongous regions: 12->12
[2025-05-20T20:17:00.766+0300][15820][1484 ][debug][gc,heap  ] GC(25) Heap after GC invocations=26 (full 3):
[2025-05-20T20:17:00.766+0300][15820][1484 ][debug][gc,heap  ] GC(25)  garbage-first heap   total 4194304K, used 29070K [0x0000000700000000, 0x0000000800000000)
[2025-05-20T20:17:00.766+0300][15820][1484 ][debug][gc,heap  ] GC(25)   region size 2048K, 1 young (2048K), 1 survivors (2048K)
[2025-05-20T20:17:00.766+0300][15820][1484 ][debug][gc,heap  ] GC(25)  Metaspace       used 8747K, committed 9792K, reserved 1114112K
[2025-05-20T20:17:00.766+0300][15820][1484 ][debug][gc,heap  ] GC(25)   class space    used 875K, committed 1280K, reserved 1048576K
[2025-05-20T20:17:00.766+0300][15820][1484 ][info ][gc       ] GC(25) Pause Young (Normal) (G1 Evacuation Pause) 2482M->28M(4096M) 3.595ms
[2025-05-20T20:17:00.766+0300][15820][1484 ][info ][safepoint] Safepoint "G1CollectForAllocation", Time since last: 846055100 ns, Reaching safepoint: 331600 ns, Cleanup: 20800 ns, At safepoint: 3649700 ns, Total: 4002100 ns
[2025-05-20T20:17:01.819+0300][15820][1484 ][debug][safepoint] Safepoint synchronization initiated using striped semaphore wait barrier. (19 threads)
[2025-05-20T20:17:01.819+0300][15820][18748][debug][safepoint] ... found polling page loop exception at pc = 0x00000247101b8960, stub =0x000002470fbb5d80
[2025-05-20T20:17:01.819+0300][15820][6588 ][debug][safepoint] ... found polling page loop exception at pc = 0x00000247101f6c5a, stub =0x000002470fbb6600
[2025-05-20T20:17:01.819+0300][15820][3532 ][debug][safepoint] ... found polling page loop exception at pc = 0x00000247101b8960, stub =0x000002470fbb5d80
[2025-05-20T20:17:01.819+0300][15820][3284 ][debug][safepoint] ... found polling page loop exception at pc = 0x00000247101b8960, stub =0x000002470fbb5d80
[2025-05-20T20:17:01.819+0300][15820][20192][debug][safepoint] ... found polling page loop exception at pc = 0x00000247101b8960, stub =0x000002470fbb5d80
[2025-05-20T20:17:01.819+0300][15820][1484 ][debug][gc,heap  ] GC(26) Heap before GC invocations=26 (full 3):
[2025-05-20T20:17:01.819+0300][15820][1484 ][debug][gc,heap  ] GC(26)  garbage-first heap   total 4194304K, used 2541966K [0x0000000700000000, 0x0000000800000000)
[2025-05-20T20:17:01.819+0300][15820][1484 ][debug][gc,heap  ] GC(26)   region size 2048K, 1228 young (2514944K), 1 survivors (2048K)
[2025-05-20T20:17:01.819+0300][15820][1484 ][debug][gc,heap  ] GC(26)  Metaspace       used 8747K, committed 9792K, reserved 1114112K
[2025-05-20T20:17:01.819+0300][15820][1484 ][debug][gc,heap  ] GC(26)   class space    used 875K, committed 1280K, reserved 1048576K
[2025-05-20T20:17:01.819+0300][15820][1484 ][info ][gc,phases] GC(26)   Pre Evacuate Collection Set: 0.3ms
[2025-05-20T20:17:01.819+0300][15820][1484 ][debug][gc,phases] GC(26)     Pre Evacuate Prepare: 0.1ms
[2025-05-20T20:17:01.819+0300][15820][1484 ][debug][gc,phases] GC(26)       JT Retire TLABs And Flush Logs (ms): Min:  0.0, Avg:  0.0, Max:  0.0, Diff:  0.0, Sum:  0.0, Workers: 2
[2025-05-20T20:17:01.819+0300][15820][1484 ][debug][gc,phases] GC(26)       Non-JT Flush Logs (ms):        Min:  0.0, Avg:  0.0, Max:  0.0, Diff:  0.0, Sum:  0.0, Workers: 1
[2025-05-20T20:17:01.819+0300][15820][1484 ][debug][gc,phases] GC(26)     Choose Collection Set: 0.0ms
[2025-05-20T20:17:01.819+0300][15820][1484 ][debug][gc,phases] GC(26)     Region Register: 0.3ms
[2025-05-20T20:17:01.819+0300][15820][1484 ][debug][gc,phases] GC(26)     Prepare Heap Roots: 0.0ms
[2025-05-20T20:17:01.819+0300][15820][1484 ][info ][gc,phases] GC(26)   Merge Heap Roots: 0.2ms
[2025-05-20T20:17:01.819+0300][15820][1484 ][debug][gc,phases] GC(26)     Prepare Merge Heap Roots: 0.0ms
[2025-05-20T20:17:01.819+0300][15820][1484 ][debug][gc,phases] GC(26)     Remembered Sets (ms):          Min:  0.1, Avg:  0.1, Max:  0.1, Diff:  0.0, Sum:  0.9, Workers: 8
[2025-05-20T20:17:01.819+0300][15820][1484 ][debug][gc,phases] GC(26)       Eager Reclaim (ms):            Min:  0.0, Avg:  0.0, Max:  0.0, Diff:  0.0, Sum:  0.0, Workers: 1
[2025-05-20T20:17:01.819+0300][15820][1484 ][debug][gc,phases] GC(26)       Merged Inline                  Min: 0, Avg:  0.0, Max: 0, Diff: 0, Sum: 0, Workers: 8
[2025-05-20T20:17:01.819+0300][15820][1484 ][debug][gc,phases] GC(26)       Merged ArrayOfCards            Min: 0, Avg:  0.0, Max: 0, Diff: 0, Sum: 0, Workers: 8
[2025-05-20T20:17:01.819+0300][15820][1484 ][debug][gc,phases] GC(26)       Merged Howl                    Min: 0, Avg:  0.0, Max: 0, Diff: 0, Sum: 0, Workers: 8
[2025-05-20T20:17:01.819+0300][15820][1484 ][debug][gc,phases] GC(26)       Merged Full                    Min: 0, Avg:  0.0, Max: 0, Diff: 0, Sum: 0, Workers: 8
[2025-05-20T20:17:01.819+0300][15820][1484 ][debug][gc,phases] GC(26)       Merged Howl Inline             Min: 0, Avg:  0.0, Max: 0, Diff: 0, Sum: 0, Workers: 8
[2025-05-20T20:17:01.819+0300][15820][1484 ][debug][gc,phases] GC(26)       Merged Howl ArrayOfCards       Min: 0, Avg:  0.0, Max: 0, Diff: 0, Sum: 0, Workers: 8
[2025-05-20T20:17:01.819+0300][15820][1484 ][debug][gc,phases] GC(26)       Merged Howl BitMap             Min: 0, Avg:  0.0, Max: 0, Diff: 0, Sum: 0, Workers: 8
[2025-05-20T20:17:01.819+0300][15820][1484 ][debug][gc,phases] GC(26)       Merged Howl Full               Min: 0, Avg:  0.0, Max: 0, Diff: 0, Sum: 0, Workers: 8
[2025-05-20T20:17:01.819+0300][15820][1484 ][debug][gc,phases] GC(26)       Merged Cards                   Min: 8, Avg:  9.0, Max: 16, Diff: 8, Sum: 72, Workers: 8
[2025-05-20T20:17:01.819+0300][15820][1484 ][debug][gc,phases] GC(26)     Log Buffers (ms):              Min:  0.0, Avg:  0.0, Max:  0.0, Diff:  0.0, Sum:  0.0, Workers: 8
[2025-05-20T20:17:01.819+0300][15820][1484 ][debug][gc,phases] GC(26)       Dirty Cards:                   Min: 0, Avg:  1.4, Max: 10, Diff: 10, Sum: 11, Workers: 8
[2025-05-20T20:17:01.819+0300][15820][1484 ][debug][gc,phases] GC(26)       Skipped Cards:                 Min: 0, Avg:  0.0, Max: 0, Diff: 0, Sum: 0, Workers: 8
[2025-05-20T20:17:01.819+0300][15820][1484 ][info ][gc,phases] GC(26)   Evacuate Collection Set: 0.6ms
[2025-05-20T20:17:01.819+0300][15820][1484 ][debug][gc,phases] GC(26)     Ext Root Scanning (ms):        Min:  0.0, Avg:  0.1, Max:  0.1, Diff:  0.1, Sum:  0.5, Workers: 8
[2025-05-20T20:17:01.819+0300][15820][1484 ][debug][gc,phases] GC(26)     Scan Heap Roots (ms):          Min:  0.0, Avg:  0.0, Max:  0.0, Diff:  0.0, Sum:  0.0, Workers: 8
[2025-05-20T20:17:01.819+0300][15820][1484 ][debug][gc,phases] GC(26)       Scanned Cards:                 Min: 0, Avg:  1.4, Max: 6, Diff: 6, Sum: 11, Workers: 8
[2025-05-20T20:17:01.819+0300][15820][1484 ][debug][gc,phases] GC(26)       Scanned Blocks:                Min: 0, Avg:  1.2, Max: 5, Diff: 5, Sum: 10, Workers: 8
[2025-05-20T20:17:01.819+0300][15820][1484 ][debug][gc,phases] GC(26)       Claimed Chunks:                Min: 0, Avg:  1.0, Max: 4, Diff: 4, Sum: 8, Workers: 8
[2025-05-20T20:17:01.819+0300][15820][1484 ][debug][gc,phases] GC(26)       Found Roots:                   Min: 0, Avg:  0.9, Max: 3, Diff: 3, Sum: 7, Workers: 8
[2025-05-20T20:17:01.819+0300][15820][1484 ][debug][gc,phases] GC(26)     Code Root Scan (ms):           Min:  0.1, Avg:  0.1, Max:  0.1, Diff:  0.0, Sum:  0.7, Workers: 8
[2025-05-20T20:17:01.819+0300][15820][1484 ][debug][gc,phases] GC(26)       Scanned Nmethods               Min: 0, Avg:  0.0, Max: 0, Diff: 0, Sum: 0, Workers: 8
[2025-05-20T20:17:01.819+0300][15820][1484 ][debug][gc,phases] GC(26)     Object Copy (ms):              Min:  0.0, Avg:  0.1, Max:  0.1, Diff:  0.1, Sum:  0.8, Workers: 8
[2025-05-20T20:17:01.819+0300][15820][1484 ][debug][gc,phases] GC(26)     Termination (ms):              Min:  0.0, Avg:  0.2, Max:  0.2, Diff:  0.2, Sum:  1.4, Workers: 8
[2025-05-20T20:17:01.819+0300][15820][1484 ][debug][gc,phases] GC(26)       Termination Attempts:          Min: 1, Avg:  1.0, Max: 1, Diff: 0, Sum: 8, Workers: 8
[2025-05-20T20:17:01.819+0300][15820][1484 ][debug][gc,phases] GC(26)     GC Worker Other (ms):          Min:  0.1, Avg:  0.1, Max:  0.1, Diff:  0.0, Sum:  0.8, Workers: 8
[2025-05-20T20:17:01.819+0300][15820][1484 ][debug][gc,phases] GC(26)     GC Worker Total (ms):          Min:  0.2, Avg:  0.5, Max:  0.6, Diff:  0.4, Sum:  4.2, Workers: 8
[2025-05-20T20:17:01.819+0300][15820][1484 ][info ][gc,phases] GC(26)   Post Evacuate Collection Set: 0.9ms
[2025-05-20T20:17:01.819+0300][15820][1484 ][debug][gc,phases] GC(26)     NMethod List Cleanup: 0.0ms
[2025-05-20T20:17:01.819+0300][15820][1484 ][debug][gc,phases] GC(26)     Reference Processing: 0.1ms
[2025-05-20T20:17:01.819+0300][15820][1484 ][debug][gc,phases] GC(26)     Weak Processing: 0.1ms
[2025-05-20T20:17:01.819+0300][15820][1484 ][debug][gc,phases] GC(26)       VM Weak                        Min:  0.0, Avg:  0.0, Max:  0.0, Diff:  0.0, Sum:  0.0, Workers: 8
[2025-05-20T20:17:01.819+0300][15820][1484 ][debug][gc,phases] GC(26)         Dead                           Min: 0, Avg:  0.0, Max: 0, Diff: 0, Sum: 0, Workers: 8
[2025-05-20T20:17:01.819+0300][15820][1484 ][debug][gc,phases] GC(26)         Total                          Min: 0, Avg: 15.4, Max: 105, Diff: 105, Sum: 123, Workers: 8
[2025-05-20T20:17:01.819+0300][15820][1484 ][debug][gc,phases] GC(26)       ObjectSynchronizer Weak        Min:  0.0, Avg:  0.0, Max:  0.0, Diff:  0.0, Sum:  0.0, Workers: 8
[2025-05-20T20:17:01.819+0300][15820][1484 ][debug][gc,phases] GC(26)         Dead                           Min: 0, Avg:  0.0, Max: 0, Diff: 0, Sum: 0, Workers: 8
[2025-05-20T20:17:01.819+0300][15820][1484 ][debug][gc,phases] GC(26)         Total                          Min: 0, Avg: 16.4, Max: 67, Diff: 67, Sum: 131, Workers: 8
[2025-05-20T20:17:01.819+0300][15820][1484 ][debug][gc,phases] GC(26)       JVMTI Tag Weak OopStorage      Min:  0.0, Avg:  0.0, Max:  0.0, Diff:  0.0, Sum:  0.0, Workers: 8
[2025-05-20T20:17:01.819+0300][15820][1484 ][debug][gc,phases] GC(26)         Dead                           Min: 0, Avg:  0.0, Max: 0, Diff: 0, Sum: 0, Workers: 8
[2025-05-20T20:17:01.819+0300][15820][1484 ][debug][gc,phases] GC(26)         Total                          Min: 0, Avg:  0.0, Max: 0, Diff: 0, Sum: 0, Workers: 8
[2025-05-20T20:17:01.819+0300][15820][1484 ][debug][gc,phases] GC(26)       StringTable Weak               Min:  0.0, Avg:  0.0, Max:  0.0, Diff:  0.0, Sum:  0.1, Workers: 8
[2025-05-20T20:17:01.819+0300][15820][1484 ][debug][gc,phases] GC(26)         Dead                           Min: 0, Avg:  0.0, Max: 0, Diff: 0, Sum: 0, Workers: 8
[2025-05-20T20:17:01.819+0300][15820][1484 ][debug][gc,phases] GC(26)         Total                          Min: 704, Avg: 788.2, Max: 960, Diff: 256, Sum: 6306, Workers: 8
[2025-05-20T20:17:01.819+0300][15820][1484 ][debug][gc,phases] GC(26)       ResolvedMethodTable Weak       Min:  0.0, Avg:  0.0, Max:  0.0, Diff:  0.0, Sum:  0.0, Workers: 8
[2025-05-20T20:17:01.819+0300][15820][1484 ][debug][gc,phases] GC(26)         Dead                           Min: 0, Avg:  0.0, Max: 0, Diff: 0, Sum: 0, Workers: 8
[2025-05-20T20:17:01.819+0300][15820][1484 ][debug][gc,phases] GC(26)         Total                          Min: 64, Avg: 112.8, Max: 128, Diff: 64, Sum: 902, Workers: 8
[2025-05-20T20:17:01.819+0300][15820][1484 ][debug][gc,phases] GC(26)       JNI Weak                       Min:  0.0, Avg:  0.0, Max:  0.0, Diff:  0.0, Sum:  0.0, Workers: 8
[2025-05-20T20:17:01.819+0300][15820][1484 ][debug][gc,phases] GC(26)         Dead                           Min: 0, Avg:  0.0, Max: 0, Diff: 0, Sum: 0, Workers: 8
[2025-05-20T20:17:01.819+0300][15820][1484 ][debug][gc,phases] GC(26)         Total                          Min: 0, Avg:  0.0, Max: 0, Diff: 0, Sum: 0, Workers: 8
[2025-05-20T20:17:01.819+0300][15820][1484 ][debug][gc,phases] GC(26)       StringDedup Table Weak         Min:  0.0, Avg:  0.0, Max:  0.0, Diff:  0.0, Sum:  0.0, Workers: 8
[2025-05-20T20:17:01.819+0300][15820][1484 ][debug][gc,phases] GC(26)         Dead                           Min: 0, Avg:  0.0, Max: 0, Diff: 0, Sum: 0, Workers: 8
[2025-05-20T20:17:01.819+0300][15820][1484 ][debug][gc,phases] GC(26)         Total                          Min: 0, Avg:  0.0, Max: 0, Diff: 0, Sum: 0, Workers: 8
[2025-05-20T20:17:01.819+0300][15820][1484 ][debug][gc,phases] GC(26)       StringDedup Requests0 Weak     Min:  0.0, Avg:  0.0, Max:  0.0, Diff:  0.0, Sum:  0.0, Workers: 8
[2025-05-20T20:17:01.819+0300][15820][1484 ][debug][gc,phases] GC(26)         Dead                           Min: 0, Avg:  0.0, Max: 0, Diff: 0, Sum: 0, Workers: 8
[2025-05-20T20:17:01.819+0300][15820][1484 ][debug][gc,phases] GC(26)         Total                          Min: 0, Avg:  0.0, Max: 0, Diff: 0, Sum: 0, Workers: 8
[2025-05-20T20:17:01.819+0300][15820][1484 ][debug][gc,phases] GC(26)       StringDedup Requests1 Weak     Min:  0.0, Avg:  0.0, Max:  0.0, Diff:  0.0, Sum:  0.0, Workers: 8
[2025-05-20T20:17:01.819+0300][15820][1484 ][debug][gc,phases] GC(26)         Dead                           Min: 0, Avg:  0.0, Max: 0, Diff: 0, Sum: 0, Workers: 8
[2025-05-20T20:17:01.819+0300][15820][1484 ][debug][gc,phases] GC(26)         Total                          Min: 0, Avg:  0.0, Max: 0, Diff: 0, Sum: 0, Workers: 8
[2025-05-20T20:17:01.819+0300][15820][1484 ][debug][gc,phases] GC(26)       Weak JFR Old Object Samples    Min:  0.0, Avg:  0.0, Max:  0.0, Diff:  0.0, Sum:  0.0, Workers: 8
[2025-05-20T20:17:01.819+0300][15820][1484 ][debug][gc,phases] GC(26)         Dead                           Min: 0, Avg:  0.0, Max: 0, Diff: 0, Sum: 0, Workers: 8
[2025-05-20T20:17:01.819+0300][15820][1484 ][debug][gc,phases] GC(26)         Total                          Min: 0, Avg:  0.0, Max: 0, Diff: 0, Sum: 0, Workers: 8
[2025-05-20T20:17:01.819+0300][15820][1484 ][debug][gc,phases] GC(26)     Post Evacuate Cleanup 1: 0.3ms
[2025-05-20T20:17:01.819+0300][15820][1484 ][debug][gc,phases] GC(26)       Merge Per-Thread State (ms):   Min:  0.1, Avg:  0.1, Max:  0.1, Diff:  0.0, Sum:  0.1, Workers: 1
[2025-05-20T20:17:01.819+0300][15820][1484 ][debug][gc,phases] GC(26)         Copied Bytes                   Min: 0, Avg: 92545.0, Max: 159192, Diff: 159192, Sum: 740360, Workers: 8
[2025-05-20T20:17:01.819+0300][15820][1484 ][debug][gc,phases] GC(26)         LAB Waste                      Min: 0, Avg: 194.0, Max: 288, Diff: 288, Sum: 1552, Workers: 8
[2025-05-20T20:17:01.819+0300][15820][1484 ][debug][gc,phases] GC(26)         LAB Undo Waste                 Min: 0, Avg:  0.0, Max: 0, Diff: 0, Sum: 0, Workers: 8
[2025-05-20T20:17:01.819+0300][15820][1484 ][debug][gc,phases] GC(26)       Clear Logged Cards (ms):       Min:  0.0, Avg:  0.2, Max:  0.3, Diff:  0.3, Sum:  1.1, Workers: 7
[2025-05-20T20:17:01.819+0300][15820][1484 ][debug][gc,phases] GC(26)       Recalculate Used Memory (ms):  Min:  0.0, Avg:  0.0, Max:  0.0, Diff:  0.0, Sum:  0.0, Workers: 1
[2025-05-20T20:17:01.819+0300][15820][1484 ][debug][gc,phases] GC(26)     Post Evacuate Cleanup 2: 0.3ms
[2025-05-20T20:17:01.819+0300][15820][1484 ][debug][gc,phases] GC(26)       Update Derived Pointers (ms):  Min:  0.0, Avg:  0.0, Max:  0.0, Diff:  0.0, Sum:  0.0, Workers: 1
[2025-05-20T20:17:01.819+0300][15820][1484 ][debug][gc,phases] GC(26)       Eagerly Reclaim Humongous Objects (ms): Min:  0.0, Avg:  0.0, Max:  0.0, Diff:  0.0, Sum:  0.0, Workers: 1
[2025-05-20T20:17:01.819+0300][15820][1484 ][debug][gc,phases] GC(26)         Humongous Total                Min: 6, Avg:  6.0, Max: 6, Diff: 0, Sum: 6, Workers: 1
[2025-05-20T20:17:01.819+0300][15820][1484 ][debug][gc,phases] GC(26)         Humongous Candidates           Min: 3, Avg:  3.0, Max: 3, Diff: 0, Sum: 3, Workers: 1
[2025-05-20T20:17:01.819+0300][15820][1484 ][debug][gc,phases] GC(26)         Humongous Reclaimed            Min: 0, Avg:  0.0, Max: 0, Diff: 0, Sum: 0, Workers: 1
[2025-05-20T20:17:01.819+0300][15820][1484 ][debug][gc,phases] GC(26)       Redirty Logged Cards (ms):     Min:  0.0, Avg:  0.0, Max:  0.0, Diff:  0.0, Sum:  0.0, Workers: 8
[2025-05-20T20:17:01.819+0300][15820][1484 ][debug][gc,phases] GC(26)         Redirtied Cards:               Min: 0, Avg:  0.9, Max: 7, Diff: 7, Sum: 7, Workers: 8
[2025-05-20T20:17:01.819+0300][15820][1484 ][debug][gc,phases] GC(26)       Resize TLABs (ms):             Min:  0.0, Avg:  0.0, Max:  0.0, Diff:  0.0, Sum:  0.0, Workers: 8
[2025-05-20T20:17:01.819+0300][15820][1484 ][debug][gc,phases] GC(26)       Free Collection Set (ms):      Min:  0.2, Avg:  0.3, Max:  0.3, Diff:  0.0, Sum:  2.1, Workers: 8
[2025-05-20T20:17:01.819+0300][15820][1484 ][debug][gc,phases] GC(26)     Rebuild Free List: 0.1ms
[2025-05-20T20:17:01.819+0300][15820][1484 ][debug][gc,phases] GC(26)     Prepare For Mutator: 0.0ms
[2025-05-20T20:17:01.819+0300][15820][1484 ][debug][gc,phases] GC(26)     Expand Heap After Collection: 0.0ms
[2025-05-20T20:17:01.819+0300][15820][1484 ][info ][gc,phases] GC(26)   Other: 0.1ms
[2025-05-20T20:17:01.819+0300][15820][1484 ][info ][gc,heap  ] GC(26) Eden regions: 1227->0(1227)
[2025-05-20T20:17:01.819+0300][15820][1484 ][info ][gc,heap  ] GC(26) Survivor regions: 1->1(154)
[2025-05-20T20:17:01.819+0300][15820][1484 ][info ][gc,heap  ] GC(26) Old regions: 8->8
[2025-05-20T20:17:01.819+0300][15820][1484 ][info ][gc,heap  ] GC(26) Humongous regions: 12->12
[2025-05-20T20:17:01.819+0300][15820][1484 ][debug][gc,heap  ] GC(26) Heap after GC invocations=27 (full 3):
[2025-05-20T20:17:01.819+0300][15820][1484 ][debug][gc,heap  ] GC(26)  garbage-first heap   total 4194304K, used 29080K [0x0000000700000000, 0x0000000800000000)
[2025-05-20T20:17:01.819+0300][15820][1484 ][debug][gc,heap  ] GC(26)   region size 2048K, 1 young (2048K), 1 survivors (2048K)
[2025-05-20T20:17:01.819+0300][15820][1484 ][debug][gc,heap  ] GC(26)  Metaspace       used 8747K, committed 9792K, reserved 1114112K
[2025-05-20T20:17:01.819+0300][15820][1484 ][debug][gc,heap  ] GC(26)   class space    used 875K, committed 1280K, reserved 1048576K
[2025-05-20T20:17:01.819+0300][15820][1484 ][info ][gc       ] GC(26) Pause Young (Normal) (G1 Evacuation Pause) 2482M->28M(4096M) 3.742ms
[2025-05-20T20:17:01.819+0300][15820][1484 ][info ][safepoint] Safepoint "G1CollectForAllocation", Time since last: 1049896000 ns, Reaching safepoint: 382500 ns, Cleanup: 8800 ns, At safepoint: 3793900 ns, Total: 4185200 ns
[2025-05-20T20:17:02.646+0300][15820][1484 ][debug][safepoint] Safepoint synchronization initiated using striped semaphore wait barrier. (19 threads)
[2025-05-20T20:17:02.646+0300][15820][18748][debug][safepoint] ... found polling page loop exception at pc = 0x00000247101bb1f7, stub =0x000002470fbb6600
[2025-05-20T20:17:02.646+0300][15820][20192][debug][safepoint] ... found polling page loop exception at pc = 0x00000247101b8960, stub =0x000002470fbb5d80
[2025-05-20T20:17:02.646+0300][15820][8884 ][debug][safepoint] ... found polling page loop exception at pc = 0x00000247101b8d6c, stub =0x000002470fbb5d80
[2025-05-20T20:17:02.646+0300][15820][15964][debug][safepoint] ... found polling page loop exception at pc = 0x00000247101b8960, stub =0x000002470fbb5d80
[2025-05-20T20:17:02.646+0300][15820][6588 ][debug][safepoint] ... found polling page loop exception at pc = 0x00000247101b8960, stub =0x000002470fbb5d80
[2025-05-20T20:17:02.646+0300][15820][3284 ][debug][safepoint] ... found polling page loop exception at pc = 0x00000247101b8960, stub =0x000002470fbb5d80
[2025-05-20T20:17:02.646+0300][15820][1484 ][debug][gc,heap  ] GC(27) Heap before GC invocations=27 (full 3):
[2025-05-20T20:17:02.646+0300][15820][1484 ][debug][gc,heap  ] GC(27)  garbage-first heap   total 4194304K, used 2541976K [0x0000000700000000, 0x0000000800000000)
[2025-05-20T20:17:02.646+0300][15820][1484 ][debug][gc,heap  ] GC(27)   region size 2048K, 1228 young (2514944K), 1 survivors (2048K)
[2025-05-20T20:17:02.646+0300][15820][1484 ][debug][gc,heap  ] GC(27)  Metaspace       used 8747K, committed 9792K, reserved 1114112K
[2025-05-20T20:17:02.646+0300][15820][1484 ][debug][gc,heap  ] GC(27)   class space    used 875K, committed 1280K, reserved 1048576K
[2025-05-20T20:17:02.647+0300][15820][1484 ][info ][gc,phases] GC(27)   Pre Evacuate Collection Set: 0.4ms
[2025-05-20T20:17:02.647+0300][15820][1484 ][debug][gc,phases] GC(27)     Pre Evacuate Prepare: 0.1ms
[2025-05-20T20:17:02.647+0300][15820][1484 ][debug][gc,phases] GC(27)       JT Retire TLABs And Flush Logs (ms): Min:  0.0, Avg:  0.0, Max:  0.0, Diff:  0.0, Sum:  0.0, Workers: 2
[2025-05-20T20:17:02.647+0300][15820][1484 ][debug][gc,phases] GC(27)       Non-JT Flush Logs (ms):        Min:  0.0, Avg:  0.0, Max:  0.0, Diff:  0.0, Sum:  0.0, Workers: 1
[2025-05-20T20:17:02.647+0300][15820][1484 ][debug][gc,phases] GC(27)     Choose Collection Set: 0.0ms
[2025-05-20T20:17:02.647+0300][15820][1484 ][debug][gc,phases] GC(27)     Region Register: 0.3ms
[2025-05-20T20:17:02.647+0300][15820][1484 ][debug][gc,phases] GC(27)     Prepare Heap Roots: 0.0ms
[2025-05-20T20:17:02.647+0300][15820][1484 ][info ][gc,phases] GC(27)   Merge Heap Roots: 0.2ms
[2025-05-20T20:17:02.647+0300][15820][1484 ][debug][gc,phases] GC(27)     Prepare Merge Heap Roots: 0.0ms
[2025-05-20T20:17:02.647+0300][15820][1484 ][debug][gc,phases] GC(27)     Remembered Sets (ms):          Min:  0.1, Avg:  0.1, Max:  0.1, Diff:  0.0, Sum:  1.0, Workers: 8
[2025-05-20T20:17:02.647+0300][15820][1484 ][debug][gc,phases] GC(27)       Eager Reclaim (ms):            Min:  0.0, Avg:  0.0, Max:  0.0, Diff:  0.0, Sum:  0.0, Workers: 1
[2025-05-20T20:17:02.647+0300][15820][1484 ][debug][gc,phases] GC(27)       Merged Inline                  Min: 0, Avg:  0.0, Max: 0, Diff: 0, Sum: 0, Workers: 8
[2025-05-20T20:17:02.647+0300][15820][1484 ][debug][gc,phases] GC(27)       Merged ArrayOfCards            Min: 0, Avg:  0.0, Max: 0, Diff: 0, Sum: 0, Workers: 8
[2025-05-20T20:17:02.647+0300][15820][1484 ][debug][gc,phases] GC(27)       Merged Howl                    Min: 0, Avg:  0.0, Max: 0, Diff: 0, Sum: 0, Workers: 8
[2025-05-20T20:17:02.647+0300][15820][1484 ][debug][gc,phases] GC(27)       Merged Full                    Min: 0, Avg:  0.0, Max: 0, Diff: 0, Sum: 0, Workers: 8
[2025-05-20T20:17:02.647+0300][15820][1484 ][debug][gc,phases] GC(27)       Merged Howl Inline             Min: 0, Avg:  0.0, Max: 0, Diff: 0, Sum: 0, Workers: 8
[2025-05-20T20:17:02.647+0300][15820][1484 ][debug][gc,phases] GC(27)       Merged Howl ArrayOfCards       Min: 0, Avg:  0.0, Max: 0, Diff: 0, Sum: 0, Workers: 8
[2025-05-20T20:17:02.647+0300][15820][1484 ][debug][gc,phases] GC(27)       Merged Howl BitMap             Min: 0, Avg:  0.0, Max: 0, Diff: 0, Sum: 0, Workers: 8
[2025-05-20T20:17:02.647+0300][15820][1484 ][debug][gc,phases] GC(27)       Merged Howl Full               Min: 0, Avg:  0.0, Max: 0, Diff: 0, Sum: 0, Workers: 8
[2025-05-20T20:17:02.647+0300][15820][1484 ][debug][gc,phases] GC(27)       Merged Cards                   Min: 8, Avg:  9.0, Max: 16, Diff: 8, Sum: 72, Workers: 8
[2025-05-20T20:17:02.647+0300][15820][1484 ][debug][gc,phases] GC(27)     Log Buffers (ms):              Min:  0.0, Avg:  0.0, Max:  0.0, Diff:  0.0, Sum:  0.0, Workers: 8
[2025-05-20T20:17:02.647+0300][15820][1484 ][debug][gc,phases] GC(27)       Dirty Cards:                   Min: 0, Avg:  1.4, Max: 6, Diff: 6, Sum: 11, Workers: 8
[2025-05-20T20:17:02.647+0300][15820][1484 ][debug][gc,phases] GC(27)       Skipped Cards:                 Min: 0, Avg:  0.0, Max: 0, Diff: 0, Sum: 0, Workers: 8
[2025-05-20T20:17:02.647+0300][15820][1484 ][info ][gc,phases] GC(27)   Evacuate Collection Set: 0.7ms
[2025-05-20T20:17:02.647+0300][15820][1484 ][debug][gc,phases] GC(27)     Ext Root Scanning (ms):        Min:  0.0, Avg:  0.1, Max:  0.1, Diff:  0.1, Sum:  0.5, Workers: 8
[2025-05-20T20:17:02.647+0300][15820][1484 ][debug][gc,phases] GC(27)     Scan Heap Roots (ms):          Min:  0.0, Avg:  0.0, Max:  0.0, Diff:  0.0, Sum:  0.1, Workers: 8
[2025-05-20T20:17:02.647+0300][15820][1484 ][debug][gc,phases] GC(27)       Scanned Cards:                 Min: 0, Avg:  1.4, Max: 4, Diff: 4, Sum: 11, Workers: 8
[2025-05-20T20:17:02.647+0300][15820][1484 ][debug][gc,phases] GC(27)       Scanned Blocks:                Min: 0, Avg:  1.2, Max: 3, Diff: 3, Sum: 10, Workers: 8
[2025-05-20T20:17:02.647+0300][15820][1484 ][debug][gc,phases] GC(27)       Claimed Chunks:                Min: 0, Avg:  1.0, Max: 2, Diff: 2, Sum: 8, Workers: 8
[2025-05-20T20:17:02.647+0300][15820][1484 ][debug][gc,phases] GC(27)       Found Roots:                   Min: 0, Avg:  0.9, Max: 2, Diff: 2, Sum: 7, Workers: 8
[2025-05-20T20:17:02.647+0300][15820][1484 ][debug][gc,phases] GC(27)     Code Root Scan (ms):           Min:  0.1, Avg:  0.1, Max:  0.1, Diff:  0.0, Sum:  0.9, Workers: 8
[2025-05-20T20:17:02.647+0300][15820][1484 ][debug][gc,phases] GC(27)       Scanned Nmethods               Min: 0, Avg:  0.0, Max: 0, Diff: 0, Sum: 0, Workers: 8
[2025-05-20T20:17:02.647+0300][15820][1484 ][debug][gc,phases] GC(27)     Object Copy (ms):              Min:  0.0, Avg:  0.1, Max:  0.1, Diff:  0.1, Sum:  0.9, Workers: 8
[2025-05-20T20:17:02.647+0300][15820][1484 ][debug][gc,phases] GC(27)     Termination (ms):              Min:  0.0, Avg:  0.2, Max:  0.3, Diff:  0.2, Sum:  1.8, Workers: 8
[2025-05-20T20:17:02.647+0300][15820][1484 ][debug][gc,phases] GC(27)       Termination Attempts:          Min: 1, Avg:  1.0, Max: 1, Diff: 0, Sum: 8, Workers: 8
[2025-05-20T20:17:02.647+0300][15820][1484 ][debug][gc,phases] GC(27)     GC Worker Other (ms):          Min:  0.1, Avg:  0.1, Max:  0.1, Diff:  0.0, Sum:  0.9, Workers: 8
[2025-05-20T20:17:02.647+0300][15820][1484 ][debug][gc,phases] GC(27)     GC Worker Total (ms):          Min:  0.2, Avg:  0.6, Max:  0.7, Diff:  0.5, Sum:  5.0, Workers: 8
[2025-05-20T20:17:02.647+0300][15820][1484 ][info ][gc,phases] GC(27)   Post Evacuate Collection Set: 1.1ms
[2025-05-20T20:17:02.647+0300][15820][1484 ][debug][gc,phases] GC(27)     NMethod List Cleanup: 0.0ms
[2025-05-20T20:17:02.647+0300][15820][1484 ][debug][gc,phases] GC(27)     Reference Processing: 0.1ms
[2025-05-20T20:17:02.647+0300][15820][1484 ][debug][gc,phases] GC(27)     Weak Processing: 0.1ms
[2025-05-20T20:17:02.647+0300][15820][1484 ][debug][gc,phases] GC(27)       VM Weak                        Min:  0.0, Avg:  0.0, Max:  0.0, Diff:  0.0, Sum:  0.0, Workers: 8
[2025-05-20T20:17:02.647+0300][15820][1484 ][debug][gc,phases] GC(27)         Dead                           Min: 0, Avg:  0.0, Max: 0, Diff: 0, Sum: 0, Workers: 8
[2025-05-20T20:17:02.647+0300][15820][1484 ][debug][gc,phases] GC(27)         Total                          Min: 0, Avg: 15.4, Max: 64, Diff: 64, Sum: 123, Workers: 8
[2025-05-20T20:17:02.647+0300][15820][1484 ][debug][gc,phases] GC(27)       ObjectSynchronizer Weak        Min:  0.0, Avg:  0.0, Max:  0.0, Diff:  0.0, Sum:  0.0, Workers: 8
[2025-05-20T20:17:02.647+0300][15820][1484 ][debug][gc,phases] GC(27)         Dead                           Min: 0, Avg:  0.0, Max: 0, Diff: 0, Sum: 0, Workers: 8
[2025-05-20T20:17:02.647+0300][15820][1484 ][debug][gc,phases] GC(27)         Total                          Min: 0, Avg: 16.4, Max: 64, Diff: 64, Sum: 131, Workers: 8
[2025-05-20T20:17:02.647+0300][15820][1484 ][debug][gc,phases] GC(27)       JVMTI Tag Weak OopStorage      Min:  0.0, Avg:  0.0, Max:  0.0, Diff:  0.0, Sum:  0.0, Workers: 8
[2025-05-20T20:17:02.647+0300][15820][1484 ][debug][gc,phases] GC(27)         Dead                           Min: 0, Avg:  0.0, Max: 0, Diff: 0, Sum: 0, Workers: 8
[2025-05-20T20:17:02.647+0300][15820][1484 ][debug][gc,phases] GC(27)         Total                          Min: 0, Avg:  0.0, Max: 0, Diff: 0, Sum: 0, Workers: 8
[2025-05-20T20:17:02.647+0300][15820][1484 ][debug][gc,phases] GC(27)       StringTable Weak               Min:  0.0, Avg:  0.0, Max:  0.0, Diff:  0.0, Sum:  0.1, Workers: 8
[2025-05-20T20:17:02.647+0300][15820][1484 ][debug][gc,phases] GC(27)         Dead                           Min: 0, Avg:  0.0, Max: 0, Diff: 0, Sum: 0, Workers: 8
[2025-05-20T20:17:02.647+0300][15820][1484 ][debug][gc,phases] GC(27)         Total                          Min: 0, Avg: 788.2, Max: 1058, Diff: 1058, Sum: 6306, Workers: 8
[2025-05-20T20:17:02.647+0300][15820][1484 ][debug][gc,phases] GC(27)       ResolvedMethodTable Weak       Min:  0.0, Avg:  0.0, Max:  0.0, Diff:  0.0, Sum:  0.0, Workers: 8
[2025-05-20T20:17:02.647+0300][15820][1484 ][debug][gc,phases] GC(27)         Dead                           Min: 0, Avg:  0.0, Max: 0, Diff: 0, Sum: 0, Workers: 8
[2025-05-20T20:17:02.647+0300][15820][1484 ][debug][gc,phases] GC(27)         Total                          Min: 0, Avg: 112.8, Max: 192, Diff: 192, Sum: 902, Workers: 8
[2025-05-20T20:17:02.647+0300][15820][1484 ][debug][gc,phases] GC(27)       JNI Weak                       Min:  0.0, Avg:  0.0, Max:  0.0, Diff:  0.0, Sum:  0.0, Workers: 8
[2025-05-20T20:17:02.647+0300][15820][1484 ][debug][gc,phases] GC(27)         Dead                           Min: 0, Avg:  0.0, Max: 0, Diff: 0, Sum: 0, Workers: 8
[2025-05-20T20:17:02.647+0300][15820][1484 ][debug][gc,phases] GC(27)         Total                          Min: 0, Avg:  0.0, Max: 0, Diff: 0, Sum: 0, Workers: 8
[2025-05-20T20:17:02.647+0300][15820][1484 ][debug][gc,phases] GC(27)       StringDedup Table Weak         Min:  0.0, Avg:  0.0, Max:  0.0, Diff:  0.0, Sum:  0.0, Workers: 8
[2025-05-20T20:17:02.647+0300][15820][1484 ][debug][gc,phases] GC(27)         Dead                           Min: 0, Avg:  0.0, Max: 0, Diff: 0, Sum: 0, Workers: 8
[2025-05-20T20:17:02.647+0300][15820][1484 ][debug][gc,phases] GC(27)         Total                          Min: 0, Avg:  0.0, Max: 0, Diff: 0, Sum: 0, Workers: 8
[2025-05-20T20:17:02.647+0300][15820][1484 ][debug][gc,phases] GC(27)       StringDedup Requests0 Weak     Min:  0.0, Avg:  0.0, Max:  0.0, Diff:  0.0, Sum:  0.0, Workers: 8
[2025-05-20T20:17:02.647+0300][15820][1484 ][debug][gc,phases] GC(27)         Dead                           Min: 0, Avg:  0.0, Max: 0, Diff: 0, Sum: 0, Workers: 8
[2025-05-20T20:17:02.647+0300][15820][1484 ][debug][gc,phases] GC(27)         Total                          Min: 0, Avg:  0.0, Max: 0, Diff: 0, Sum: 0, Workers: 8
[2025-05-20T20:17:02.647+0300][15820][1484 ][debug][gc,phases] GC(27)       StringDedup Requests1 Weak     Min:  0.0, Avg:  0.0, Max:  0.0, Diff:  0.0, Sum:  0.0, Workers: 8
[2025-05-20T20:17:02.647+0300][15820][1484 ][debug][gc,phases] GC(27)         Dead                           Min: 0, Avg:  0.0, Max: 0, Diff: 0, Sum: 0, Workers: 8
[2025-05-20T20:17:02.647+0300][15820][1484 ][debug][gc,phases] GC(27)         Total                          Min: 0, Avg:  0.0, Max: 0, Diff: 0, Sum: 0, Workers: 8
[2025-05-20T20:17:02.647+0300][15820][1484 ][debug][gc,phases] GC(27)       Weak JFR Old Object Samples    Min:  0.0, Avg:  0.0, Max:  0.0, Diff:  0.0, Sum:  0.0, Workers: 8
[2025-05-20T20:17:02.647+0300][15820][1484 ][debug][gc,phases] GC(27)         Dead                           Min: 0, Avg:  0.0, Max: 0, Diff: 0, Sum: 0, Workers: 8
[2025-05-20T20:17:02.647+0300][15820][1484 ][debug][gc,phases] GC(27)         Total                          Min: 0, Avg:  0.0, Max: 0, Diff: 0, Sum: 0, Workers: 8
[2025-05-20T20:17:02.647+0300][15820][1484 ][debug][gc,phases] GC(27)     Post Evacuate Cleanup 1: 0.4ms
[2025-05-20T20:17:02.647+0300][15820][1484 ][debug][gc,phases] GC(27)       Merge Per-Thread State (ms):   Min:  0.1, Avg:  0.1, Max:  0.1, Diff:  0.0, Sum:  0.1, Workers: 1
[2025-05-20T20:17:02.647+0300][15820][1484 ][debug][gc,phases] GC(27)         Copied Bytes                   Min: 0, Avg: 91763.0, Max: 131504, Diff: 131504, Sum: 734104, Workers: 8
[2025-05-20T20:17:02.647+0300][15820][1484 ][debug][gc,phases] GC(27)         LAB Waste                      Min: 0, Avg: 188.0, Max: 336, Diff: 336, Sum: 1504, Workers: 8
[2025-05-20T20:17:02.647+0300][15820][1484 ][debug][gc,phases] GC(27)         LAB Undo Waste                 Min: 0, Avg:  0.0, Max: 0, Diff: 0, Sum: 0, Workers: 8
[2025-05-20T20:17:02.647+0300][15820][1484 ][debug][gc,phases] GC(27)       Clear Logged Cards (ms):       Min:  0.0, Avg:  0.2, Max:  0.4, Diff:  0.4, Sum:  1.5, Workers: 7
[2025-05-20T20:17:02.647+0300][15820][1484 ][debug][gc,phases] GC(27)       Recalculate Used Memory (ms):  Min:  0.0, Avg:  0.0, Max:  0.0, Diff:  0.0, Sum:  0.0, Workers: 1
[2025-05-20T20:17:02.647+0300][15820][1484 ][debug][gc,phases] GC(27)     Post Evacuate Cleanup 2: 0.4ms
[2025-05-20T20:17:02.647+0300][15820][1484 ][debug][gc,phases] GC(27)       Update Derived Pointers (ms):  Min:  0.0, Avg:  0.0, Max:  0.0, Diff:  0.0, Sum:  0.0, Workers: 1
[2025-05-20T20:17:02.647+0300][15820][1484 ][debug][gc,phases] GC(27)       Eagerly Reclaim Humongous Objects (ms): Min:  0.0, Avg:  0.0, Max:  0.0, Diff:  0.0, Sum:  0.0, Workers: 1
[2025-05-20T20:17:02.647+0300][15820][1484 ][debug][gc,phases] GC(27)         Humongous Total                Min: 6, Avg:  6.0, Max: 6, Diff: 0, Sum: 6, Workers: 1
[2025-05-20T20:17:02.647+0300][15820][1484 ][debug][gc,phases] GC(27)         Humongous Candidates           Min: 3, Avg:  3.0, Max: 3, Diff: 0, Sum: 3, Workers: 1
[2025-05-20T20:17:02.647+0300][15820][1484 ][debug][gc,phases] GC(27)         Humongous Reclaimed            Min: 0, Avg:  0.0, Max: 0, Diff: 0, Sum: 0, Workers: 1
[2025-05-20T20:17:02.647+0300][15820][1484 ][debug][gc,phases] GC(27)       Redirty Logged Cards (ms):     Min:  0.0, Avg:  0.0, Max:  0.0, Diff:  0.0, Sum:  0.0, Workers: 8
[2025-05-20T20:17:02.647+0300][15820][1484 ][debug][gc,phases] GC(27)         Redirtied Cards:               Min: 0, Avg:  0.9, Max: 7, Diff: 7, Sum: 7, Workers: 8
[2025-05-20T20:17:02.647+0300][15820][1484 ][debug][gc,phases] GC(27)       Resize TLABs (ms):             Min:  0.0, Avg:  0.0, Max:  0.0, Diff:  0.0, Sum:  0.0, Workers: 8
[2025-05-20T20:17:02.647+0300][15820][1484 ][debug][gc,phases] GC(27)       Free Collection Set (ms):      Min:  0.3, Avg:  0.3, Max:  0.3, Diff:  0.0, Sum:  2.2, Workers: 8
[2025-05-20T20:17:02.647+0300][15820][1484 ][debug][gc,phases] GC(27)     Rebuild Free List: 0.1ms
[2025-05-20T20:17:02.647+0300][15820][1484 ][debug][gc,phases] GC(27)     Prepare For Mutator: 0.0ms
[2025-05-20T20:17:02.647+0300][15820][1484 ][debug][gc,phases] GC(27)     Expand Heap After Collection: 0.0ms
[2025-05-20T20:17:02.647+0300][15820][1484 ][info ][gc,phases] GC(27)   Other: 0.2ms
[2025-05-20T20:17:02.647+0300][15820][1484 ][info ][gc,heap  ] GC(27) Eden regions: 1227->0(1227)
[2025-05-20T20:17:02.647+0300][15820][1484 ][info ][gc,heap  ] GC(27) Survivor regions: 1->1(154)
[2025-05-20T20:17:02.647+0300][15820][1484 ][info ][gc,heap  ] GC(27) Old regions: 8->8
[2025-05-20T20:17:02.647+0300][15820][1484 ][info ][gc,heap  ] GC(27) Humongous regions: 12->12
[2025-05-20T20:17:02.647+0300][15820][1484 ][debug][gc,heap  ] GC(27) Heap after GC invocations=28 (full 3):
[2025-05-20T20:17:02.647+0300][15820][1484 ][debug][gc,heap  ] GC(27)  garbage-first heap   total 4194304K, used 29071K [0x0000000700000000, 0x0000000800000000)
[2025-05-20T20:17:02.647+0300][15820][1484 ][debug][gc,heap  ] GC(27)   region size 2048K, 1 young (2048K), 1 survivors (2048K)
[2025-05-20T20:17:02.647+0300][15820][1484 ][debug][gc,heap  ] GC(27)  Metaspace       used 8747K, committed 9792K, reserved 1114112K
[2025-05-20T20:17:02.647+0300][15820][1484 ][debug][gc,heap  ] GC(27)   class space    used 875K, committed 1280K, reserved 1048576K
[2025-05-20T20:17:02.647+0300][15820][1484 ][info ][gc       ] GC(27) Pause Young (Normal) (G1 Evacuation Pause) 2482M->28M(4096M) 4.791ms
[2025-05-20T20:17:02.647+0300][15820][1484 ][info ][safepoint] Safepoint "G1CollectForAllocation", Time since last: 821774400 ns, Reaching safepoint: 364300 ns, Cleanup: 20000 ns, At safepoint: 4860500 ns, Total: 5244800 ns
[2025-05-20T20:17:03.506+0300][15820][1484 ][debug][safepoint] Safepoint synchronization initiated using striped semaphore wait barrier. (19 threads)
[2025-05-20T20:17:03.506+0300][15820][15964][debug][safepoint] ... found polling page loop exception at pc = 0x00000247101b8960, stub =0x000002470fbb5d80
[2025-05-20T20:17:03.506+0300][15820][3532 ][debug][safepoint] ... found polling page loop exception at pc = 0x00000247101d3848, stub =0x000002470fbb6600
[2025-05-20T20:17:03.506+0300][15820][7284 ][debug][safepoint] ... found polling page loop exception at pc = 0x00000247101b8960, stub =0x000002470fbb5d80
[2025-05-20T20:17:03.506+0300][15820][18748][debug][safepoint] ... found polling page loop exception at pc = 0x00000247101b8960, stub =0x000002470fbb5d80
[2025-05-20T20:17:03.506+0300][15820][20192][debug][safepoint] ... found polling page loop exception at pc = 0x00000247101b8960, stub =0x000002470fbb5d80
[2025-05-20T20:17:03.506+0300][15820][3284 ][debug][safepoint] ... found polling page loop exception at pc = 0x00000247101cb77d, stub =0x000002470fbb6600
[2025-05-20T20:17:03.506+0300][15820][1484 ][debug][gc,heap  ] GC(28) Heap before GC invocations=28 (full 3):
[2025-05-20T20:17:03.506+0300][15820][1484 ][debug][gc,heap  ] GC(28)  garbage-first heap   total 4194304K, used 2541967K [0x0000000700000000, 0x0000000800000000)
[2025-05-20T20:17:03.506+0300][15820][1484 ][debug][gc,heap  ] GC(28)   region size 2048K, 1228 young (2514944K), 1 survivors (2048K)
[2025-05-20T20:17:03.506+0300][15820][1484 ][debug][gc,heap  ] GC(28)  Metaspace       used 8747K, committed 9792K, reserved 1114112K
[2025-05-20T20:17:03.506+0300][15820][1484 ][debug][gc,heap  ] GC(28)   class space    used 875K, committed 1280K, reserved 1048576K
[2025-05-20T20:17:03.506+0300][15820][1484 ][info ][gc,phases] GC(28)   Pre Evacuate Collection Set: 0.3ms
[2025-05-20T20:17:03.506+0300][15820][1484 ][debug][gc,phases] GC(28)     Pre Evacuate Prepare: 0.0ms
[2025-05-20T20:17:03.506+0300][15820][1484 ][debug][gc,phases] GC(28)       JT Retire TLABs And Flush Logs (ms): Min:  0.0, Avg:  0.0, Max:  0.0, Diff:  0.0, Sum:  0.0, Workers: 2
[2025-05-20T20:17:03.506+0300][15820][1484 ][debug][gc,phases] GC(28)       Non-JT Flush Logs (ms):        Min:  0.0, Avg:  0.0, Max:  0.0, Diff:  0.0, Sum:  0.0, Workers: 1
[2025-05-20T20:17:03.506+0300][15820][1484 ][debug][gc,phases] GC(28)     Choose Collection Set: 0.0ms
[2025-05-20T20:17:03.506+0300][15820][1484 ][debug][gc,phases] GC(28)     Region Register: 0.3ms
[2025-05-20T20:17:03.506+0300][15820][1484 ][debug][gc,phases] GC(28)     Prepare Heap Roots: 0.0ms
[2025-05-20T20:17:03.506+0300][15820][1484 ][info ][gc,phases] GC(28)   Merge Heap Roots: 0.2ms
[2025-05-20T20:17:03.506+0300][15820][1484 ][debug][gc,phases] GC(28)     Prepare Merge Heap Roots: 0.0ms
[2025-05-20T20:17:03.506+0300][15820][1484 ][debug][gc,phases] GC(28)     Remembered Sets (ms):          Min:  0.1, Avg:  0.1, Max:  0.1, Diff:  0.0, Sum:  1.0, Workers: 8
[2025-05-20T20:17:03.506+0300][15820][1484 ][debug][gc,phases] GC(28)       Eager Reclaim (ms):            Min:  0.0, Avg:  0.0, Max:  0.0, Diff:  0.0, Sum:  0.0, Workers: 1
[2025-05-20T20:17:03.506+0300][15820][1484 ][debug][gc,phases] GC(28)       Merged Inline                  Min: 0, Avg:  0.0, Max: 0, Diff: 0, Sum: 0, Workers: 8
[2025-05-20T20:17:03.506+0300][15820][1484 ][debug][gc,phases] GC(28)       Merged ArrayOfCards            Min: 0, Avg:  0.0, Max: 0, Diff: 0, Sum: 0, Workers: 8
[2025-05-20T20:17:03.506+0300][15820][1484 ][debug][gc,phases] GC(28)       Merged Howl                    Min: 0, Avg:  0.0, Max: 0, Diff: 0, Sum: 0, Workers: 8
[2025-05-20T20:17:03.506+0300][15820][1484 ][debug][gc,phases] GC(28)       Merged Full                    Min: 0, Avg:  0.0, Max: 0, Diff: 0, Sum: 0, Workers: 8
[2025-05-20T20:17:03.506+0300][15820][1484 ][debug][gc,phases] GC(28)       Merged Howl Inline             Min: 0, Avg:  0.0, Max: 0, Diff: 0, Sum: 0, Workers: 8
[2025-05-20T20:17:03.506+0300][15820][1484 ][debug][gc,phases] GC(28)       Merged Howl ArrayOfCards       Min: 0, Avg:  0.0, Max: 0, Diff: 0, Sum: 0, Workers: 8
[2025-05-20T20:17:03.506+0300][15820][1484 ][debug][gc,phases] GC(28)       Merged Howl BitMap             Min: 0, Avg:  0.0, Max: 0, Diff: 0, Sum: 0, Workers: 8
[2025-05-20T20:17:03.506+0300][15820][1484 ][debug][gc,phases] GC(28)       Merged Howl Full               Min: 0, Avg:  0.0, Max: 0, Diff: 0, Sum: 0, Workers: 8
[2025-05-20T20:17:03.506+0300][15820][1484 ][debug][gc,phases] GC(28)       Merged Cards                   Min: 8, Avg:  9.0, Max: 16, Diff: 8, Sum: 72, Workers: 8
[2025-05-20T20:17:03.506+0300][15820][1484 ][debug][gc,phases] GC(28)     Log Buffers (ms):              Min:  0.0, Avg:  0.0, Max:  0.0, Diff:  0.0, Sum:  0.0, Workers: 8
[2025-05-20T20:17:03.506+0300][15820][1484 ][debug][gc,phases] GC(28)       Dirty Cards:                   Min: 0, Avg:  1.9, Max: 8, Diff: 8, Sum: 15, Workers: 8
[2025-05-20T20:17:03.506+0300][15820][1484 ][debug][gc,phases] GC(28)       Skipped Cards:                 Min: 0, Avg:  0.0, Max: 0, Diff: 0, Sum: 0, Workers: 8
[2025-05-20T20:17:03.506+0300][15820][1484 ][info ][gc,phases] GC(28)   Evacuate Collection Set: 0.4ms
[2025-05-20T20:17:03.506+0300][15820][1484 ][debug][gc,phases] GC(28)     Ext Root Scanning (ms):        Min:  0.1, Avg:  0.1, Max:  0.1, Diff:  0.0, Sum:  0.5, Workers: 8
[2025-05-20T20:17:03.506+0300][15820][1484 ][debug][gc,phases] GC(28)     Scan Heap Roots (ms):          Min:  0.0, Avg:  0.0, Max:  0.0, Diff:  0.0, Sum:  0.1, Workers: 8
[2025-05-20T20:17:03.506+0300][15820][1484 ][debug][gc,phases] GC(28)       Scanned Cards:                 Min: 0, Avg:  1.9, Max: 6, Diff: 6, Sum: 15, Workers: 8
[2025-05-20T20:17:03.506+0300][15820][1484 ][debug][gc,phases] GC(28)       Scanned Blocks:                Min: 0, Avg:  1.6, Max: 5, Diff: 5, Sum: 13, Workers: 8
[2025-05-20T20:17:03.506+0300][15820][1484 ][debug][gc,phases] GC(28)       Claimed Chunks:                Min: 0, Avg:  1.4, Max: 3, Diff: 3, Sum: 11, Workers: 8
[2025-05-20T20:17:03.506+0300][15820][1484 ][debug][gc,phases] GC(28)       Found Roots:                   Min: 0, Avg:  1.6, Max: 4, Diff: 4, Sum: 13, Workers: 8
[2025-05-20T20:17:03.506+0300][15820][1484 ][debug][gc,phases] GC(28)     Code Root Scan (ms):           Min:  0.1, Avg:  0.1, Max:  0.1, Diff:  0.0, Sum:  0.8, Workers: 8
[2025-05-20T20:17:03.506+0300][15820][1484 ][debug][gc,phases] GC(28)       Scanned Nmethods               Min: 0, Avg:  0.0, Max: 0, Diff: 0, Sum: 0, Workers: 8
[2025-05-20T20:17:03.506+0300][15820][1484 ][debug][gc,phases] GC(28)     Object Copy (ms):              Min:  0.1, Avg:  0.1, Max:  0.1, Diff:  0.0, Sum:  0.9, Workers: 8
[2025-05-20T20:17:03.506+0300][15820][1484 ][debug][gc,phases] GC(28)     Termination (ms):              Min:  0.0, Avg:  0.0, Max:  0.0, Diff:  0.0, Sum:  0.1, Workers: 8
[2025-05-20T20:17:03.506+0300][15820][1484 ][debug][gc,phases] GC(28)       Termination Attempts:          Min: 1, Avg:  1.0, Max: 1, Diff: 0, Sum: 8, Workers: 8
[2025-05-20T20:17:03.506+0300][15820][1484 ][debug][gc,phases] GC(28)     GC Worker Other (ms):          Min:  0.1, Avg:  0.1, Max:  0.1, Diff:  0.0, Sum:  0.9, Workers: 8
[2025-05-20T20:17:03.506+0300][15820][1484 ][debug][gc,phases] GC(28)     GC Worker Total (ms):          Min:  0.4, Avg:  0.4, Max:  0.4, Diff:  0.0, Sum:  3.2, Workers: 8
[2025-05-20T20:17:03.506+0300][15820][1484 ][info ][gc,phases] GC(28)   Post Evacuate Collection Set: 1.0ms
[2025-05-20T20:17:03.506+0300][15820][1484 ][debug][gc,phases] GC(28)     NMethod List Cleanup: 0.0ms
[2025-05-20T20:17:03.506+0300][15820][1484 ][debug][gc,phases] GC(28)     Reference Processing: 0.1ms
[2025-05-20T20:17:03.506+0300][15820][1484 ][debug][gc,phases] GC(28)     Weak Processing: 0.1ms
[2025-05-20T20:17:03.506+0300][15820][1484 ][debug][gc,phases] GC(28)       VM Weak                        Min:  0.0, Avg:  0.0, Max:  0.0, Diff:  0.0, Sum:  0.0, Workers: 8
[2025-05-20T20:17:03.506+0300][15820][1484 ][debug][gc,phases] GC(28)         Dead                           Min: 0, Avg:  0.0, Max: 0, Diff: 0, Sum: 0, Workers: 8
[2025-05-20T20:17:03.506+0300][15820][1484 ][debug][gc,phases] GC(28)         Total                          Min: 0, Avg: 15.4, Max: 123, Diff: 123, Sum: 123, Workers: 8
[2025-05-20T20:17:03.506+0300][15820][1484 ][debug][gc,phases] GC(28)       ObjectSynchronizer Weak        Min:  0.0, Avg:  0.0, Max:  0.0, Diff:  0.0, Sum:  0.0, Workers: 8
[2025-05-20T20:17:03.506+0300][15820][1484 ][debug][gc,phases] GC(28)         Dead                           Min: 0, Avg:  0.0, Max: 0, Diff: 0, Sum: 0, Workers: 8
[2025-05-20T20:17:03.506+0300][15820][1484 ][debug][gc,phases] GC(28)         Total                          Min: 0, Avg: 16.4, Max: 131, Diff: 131, Sum: 131, Workers: 8
[2025-05-20T20:17:03.506+0300][15820][1484 ][debug][gc,phases] GC(28)       JVMTI Tag Weak OopStorage      Min:  0.0, Avg:  0.0, Max:  0.0, Diff:  0.0, Sum:  0.0, Workers: 8
[2025-05-20T20:17:03.506+0300][15820][1484 ][debug][gc,phases] GC(28)         Dead                           Min: 0, Avg:  0.0, Max: 0, Diff: 0, Sum: 0, Workers: 8
[2025-05-20T20:17:03.506+0300][15820][1484 ][debug][gc,phases] GC(28)         Total                          Min: 0, Avg:  0.0, Max: 0, Diff: 0, Sum: 0, Workers: 8
[2025-05-20T20:17:03.506+0300][15820][1484 ][debug][gc,phases] GC(28)       StringTable Weak               Min:  0.0, Avg:  0.0, Max:  0.0, Diff:  0.0, Sum:  0.1, Workers: 8
[2025-05-20T20:17:03.506+0300][15820][1484 ][debug][gc,phases] GC(28)         Dead                           Min: 0, Avg:  0.0, Max: 0, Diff: 0, Sum: 0, Workers: 8
[2025-05-20T20:17:03.506+0300][15820][1484 ][debug][gc,phases] GC(28)         Total                          Min: 0, Avg: 789.0, Max: 960, Diff: 960, Sum: 6312, Workers: 8
[2025-05-20T20:17:03.506+0300][15820][1484 ][debug][gc,phases] GC(28)       ResolvedMethodTable Weak       Min:  0.0, Avg:  0.0, Max:  0.0, Diff:  0.0, Sum:  0.0, Workers: 8
[2025-05-20T20:17:03.506+0300][15820][1484 ][debug][gc,phases] GC(28)         Dead                           Min: 0, Avg:  0.0, Max: 0, Diff: 0, Sum: 0, Workers: 8
[2025-05-20T20:17:03.506+0300][15820][1484 ][debug][gc,phases] GC(28)         Total                          Min: 0, Avg: 112.8, Max: 192, Diff: 192, Sum: 902, Workers: 8
[2025-05-20T20:17:03.506+0300][15820][1484 ][debug][gc,phases] GC(28)       JNI Weak                       Min:  0.0, Avg:  0.0, Max:  0.0, Diff:  0.0, Sum:  0.0, Workers: 8
[2025-05-20T20:17:03.506+0300][15820][1484 ][debug][gc,phases] GC(28)         Dead                           Min: 0, Avg:  0.0, Max: 0, Diff: 0, Sum: 0, Workers: 8
[2025-05-20T20:17:03.506+0300][15820][1484 ][debug][gc,phases] GC(28)         Total                          Min: 0, Avg:  0.0, Max: 0, Diff: 0, Sum: 0, Workers: 8
[2025-05-20T20:17:03.506+0300][15820][1484 ][debug][gc,phases] GC(28)       StringDedup Table Weak         Min:  0.0, Avg:  0.0, Max:  0.0, Diff:  0.0, Sum:  0.0, Workers: 8
[2025-05-20T20:17:03.506+0300][15820][1484 ][debug][gc,phases] GC(28)         Dead                           Min: 0, Avg:  0.0, Max: 0, Diff: 0, Sum: 0, Workers: 8
[2025-05-20T20:17:03.506+0300][15820][1484 ][debug][gc,phases] GC(28)         Total                          Min: 0, Avg:  0.0, Max: 0, Diff: 0, Sum: 0, Workers: 8
[2025-05-20T20:17:03.506+0300][15820][1484 ][debug][gc,phases] GC(28)       StringDedup Requests0 Weak     Min:  0.0, Avg:  0.0, Max:  0.0, Diff:  0.0, Sum:  0.0, Workers: 8
[2025-05-20T20:17:03.506+0300][15820][1484 ][debug][gc,phases] GC(28)         Dead                           Min: 0, Avg:  0.0, Max: 0, Diff: 0, Sum: 0, Workers: 8
[2025-05-20T20:17:03.506+0300][15820][1484 ][debug][gc,phases] GC(28)         Total                          Min: 0, Avg:  0.0, Max: 0, Diff: 0, Sum: 0, Workers: 8
[2025-05-20T20:17:03.506+0300][15820][1484 ][debug][gc,phases] GC(28)       StringDedup Requests1 Weak     Min:  0.0, Avg:  0.0, Max:  0.0, Diff:  0.0, Sum:  0.0, Workers: 8
[2025-05-20T20:17:03.506+0300][15820][1484 ][debug][gc,phases] GC(28)         Dead                           Min: 0, Avg:  0.0, Max: 0, Diff: 0, Sum: 0, Workers: 8
[2025-05-20T20:17:03.506+0300][15820][1484 ][debug][gc,phases] GC(28)         Total                          Min: 0, Avg:  0.0, Max: 0, Diff: 0, Sum: 0, Workers: 8
[2025-05-20T20:17:03.506+0300][15820][1484 ][debug][gc,phases] GC(28)       Weak JFR Old Object Samples    Min:  0.0, Avg:  0.0, Max:  0.0, Diff:  0.0, Sum:  0.0, Workers: 8
[2025-05-20T20:17:03.506+0300][15820][1484 ][debug][gc,phases] GC(28)         Dead                           Min: 0, Avg:  0.0, Max: 0, Diff: 0, Sum: 0, Workers: 8
[2025-05-20T20:17:03.506+0300][15820][1484 ][debug][gc,phases] GC(28)         Total                          Min: 0, Avg:  0.0, Max: 0, Diff: 0, Sum: 0, Workers: 8
[2025-05-20T20:17:03.506+0300][15820][1484 ][debug][gc,phases] GC(28)     Post Evacuate Cleanup 1: 0.4ms
[2025-05-20T20:17:03.506+0300][15820][1484 ][debug][gc,phases] GC(28)       Merge Per-Thread State (ms):   Min:  0.1, Avg:  0.1, Max:  0.1, Diff:  0.0, Sum:  0.1, Workers: 1
[2025-05-20T20:17:03.506+0300][15820][1484 ][debug][gc,phases] GC(28)         Copied Bytes                   Min: 62880, Avg: 92910.0, Max: 158880, Diff: 96000, Sum: 743280, Workers: 8
[2025-05-20T20:17:03.506+0300][15820][1484 ][debug][gc,phases] GC(28)         LAB Waste                      Min: 72, Avg: 248.0, Max: 464, Diff: 392, Sum: 1984, Workers: 8
[2025-05-20T20:17:03.506+0300][15820][1484 ][debug][gc,phases] GC(28)         LAB Undo Waste                 Min: 0, Avg:  0.0, Max: 0, Diff: 0, Sum: 0, Workers: 8
[2025-05-20T20:17:03.506+0300][15820][1484 ][debug][gc,phases] GC(28)       Clear Logged Cards (ms):       Min:  0.0, Avg:  0.2, Max:  0.3, Diff:  0.3, Sum:  1.1, Workers: 7
[2025-05-20T20:17:03.506+0300][15820][1484 ][debug][gc,phases] GC(28)       Recalculate Used Memory (ms):  Min:  0.0, Avg:  0.0, Max:  0.0, Diff:  0.0, Sum:  0.0, Workers: 1
[2025-05-20T20:17:03.506+0300][15820][1484 ][debug][gc,phases] GC(28)     Post Evacuate Cleanup 2: 0.4ms
[2025-05-20T20:17:03.506+0300][15820][1484 ][debug][gc,phases] GC(28)       Update Derived Pointers (ms):  Min:  0.0, Avg:  0.0, Max:  0.0, Diff:  0.0, Sum:  0.0, Workers: 1
[2025-05-20T20:17:03.506+0300][15820][1484 ][debug][gc,phases] GC(28)       Eagerly Reclaim Humongous Objects (ms): Min:  0.0, Avg:  0.0, Max:  0.0, Diff:  0.0, Sum:  0.0, Workers: 1
[2025-05-20T20:17:03.506+0300][15820][1484 ][debug][gc,phases] GC(28)         Humongous Total                Min: 6, Avg:  6.0, Max: 6, Diff: 0, Sum: 6, Workers: 1
[2025-05-20T20:17:03.506+0300][15820][1484 ][debug][gc,phases] GC(28)         Humongous Candidates           Min: 3, Avg:  3.0, Max: 3, Diff: 0, Sum: 3, Workers: 1
[2025-05-20T20:17:03.506+0300][15820][1484 ][debug][gc,phases] GC(28)         Humongous Reclaimed            Min: 0, Avg:  0.0, Max: 0, Diff: 0, Sum: 0, Workers: 1
[2025-05-20T20:17:03.506+0300][15820][1484 ][debug][gc,phases] GC(28)       Redirty Logged Cards (ms):     Min:  0.0, Avg:  0.0, Max:  0.0, Diff:  0.0, Sum:  0.0, Workers: 8
[2025-05-20T20:17:03.506+0300][15820][1484 ][debug][gc,phases] GC(28)         Redirtied Cards:               Min: 0, Avg:  1.4, Max: 11, Diff: 11, Sum: 11, Workers: 8
[2025-05-20T20:17:03.506+0300][15820][1484 ][debug][gc,phases] GC(28)       Resize TLABs (ms):             Min:  0.0, Avg:  0.0, Max:  0.0, Diff:  0.0, Sum:  0.0, Workers: 8
[2025-05-20T20:17:03.506+0300][15820][1484 ][debug][gc,phases] GC(28)       Free Collection Set (ms):      Min:  0.2, Avg:  0.3, Max:  0.3, Diff:  0.1, Sum:  2.1, Workers: 8
[2025-05-20T20:17:03.506+0300][15820][1484 ][debug][gc,phases] GC(28)     Rebuild Free List: 0.1ms
[2025-05-20T20:17:03.506+0300][15820][1484 ][debug][gc,phases] GC(28)     Prepare For Mutator: 0.0ms
[2025-05-20T20:17:03.506+0300][15820][1484 ][debug][gc,phases] GC(28)     Expand Heap After Collection: 0.0ms
[2025-05-20T20:17:03.506+0300][15820][1484 ][info ][gc,phases] GC(28)   Other: 0.1ms
[2025-05-20T20:17:03.506+0300][15820][1484 ][info ][gc,heap  ] GC(28) Eden regions: 1227->0(1227)
[2025-05-20T20:17:03.506+0300][15820][1484 ][info ][gc,heap  ] GC(28) Survivor regions: 1->1(154)
[2025-05-20T20:17:03.506+0300][15820][1484 ][info ][gc,heap  ] GC(28) Old regions: 8->8
[2025-05-20T20:17:03.506+0300][15820][1484 ][info ][gc,heap  ] GC(28) Humongous regions: 12->12
[2025-05-20T20:17:03.506+0300][15820][1484 ][debug][gc,heap  ] GC(28) Heap after GC invocations=29 (full 3):
[2025-05-20T20:17:03.506+0300][15820][1484 ][debug][gc,heap  ] GC(28)  garbage-first heap   total 4194304K, used 29090K [0x0000000700000000, 0x0000000800000000)
[2025-05-20T20:17:03.506+0300][15820][1484 ][debug][gc,heap  ] GC(28)   region size 2048K, 1 young (2048K), 1 survivors (2048K)
[2025-05-20T20:17:03.506+0300][15820][1484 ][debug][gc,heap  ] GC(28)  Metaspace       used 8747K, committed 9792K, reserved 1114112K
[2025-05-20T20:17:03.506+0300][15820][1484 ][debug][gc,heap  ] GC(28)   class space    used 875K, committed 1280K, reserved 1048576K
[2025-05-20T20:17:03.506+0300][15820][1484 ][info ][gc       ] GC(28) Pause Young (Normal) (G1 Evacuation Pause) 2482M->28M(4096M) 3.827ms
[2025-05-20T20:17:03.506+0300][15820][1484 ][info ][safepoint] Safepoint "G1CollectForAllocation", Time since last: 854543300 ns, Reaching safepoint: 397300 ns, Cleanup: 14200 ns, At safepoint: 3892300 ns, Total: 4303800 ns
[2025-05-20T20:17:04.319+0300][15820][1484 ][debug][safepoint] Safepoint synchronization initiated using striped semaphore wait barrier. (19 threads)
[2025-05-20T20:17:04.319+0300][15820][3284 ][debug][safepoint] ... found polling page loop exception at pc = 0x00000247101b8960, stub =0x000002470fbb5d80
[2025-05-20T20:17:04.319+0300][15820][15964][debug][safepoint] ... found polling page loop exception at pc = 0x00000247101b8960, stub =0x000002470fbb5d80
[2025-05-20T20:17:04.319+0300][15820][7284 ][debug][safepoint] ... found polling page loop exception at pc = 0x00000247101bb1f7, stub =0x000002470fbb6600
[2025-05-20T20:17:04.319+0300][15820][3532 ][debug][safepoint] ... found polling page loop exception at pc = 0x00000247101b8960, stub =0x000002470fbb5d80
[2025-05-20T20:17:04.319+0300][15820][18748][debug][safepoint] ... found polling page loop exception at pc = 0x00000247101b8960, stub =0x000002470fbb5d80
[2025-05-20T20:17:04.319+0300][15820][1484 ][debug][gc,heap  ] GC(29) Heap before GC invocations=29 (full 3):
[2025-05-20T20:17:04.319+0300][15820][1484 ][debug][gc,heap  ] GC(29)  garbage-first heap   total 4194304K, used 2541986K [0x0000000700000000, 0x0000000800000000)
[2025-05-20T20:17:04.319+0300][15820][1484 ][debug][gc,heap  ] GC(29)   region size 2048K, 1228 young (2514944K), 1 survivors (2048K)
[2025-05-20T20:17:04.319+0300][15820][1484 ][debug][gc,heap  ] GC(29)  Metaspace       used 8747K, committed 9792K, reserved 1114112K
[2025-05-20T20:17:04.319+0300][15820][1484 ][debug][gc,heap  ] GC(29)   class space    used 875K, committed 1280K, reserved 1048576K
[2025-05-20T20:17:04.319+0300][15820][1484 ][info ][gc,phases] GC(29)   Pre Evacuate Collection Set: 0.3ms
[2025-05-20T20:17:04.319+0300][15820][1484 ][debug][gc,phases] GC(29)     Pre Evacuate Prepare: 0.1ms
[2025-05-20T20:17:04.319+0300][15820][1484 ][debug][gc,phases] GC(29)       JT Retire TLABs And Flush Logs (ms): Min:  0.0, Avg:  0.0, Max:  0.0, Diff:  0.0, Sum:  0.0, Workers: 2
[2025-05-20T20:17:04.319+0300][15820][1484 ][debug][gc,phases] GC(29)       Non-JT Flush Logs (ms):        Min:  0.0, Avg:  0.0, Max:  0.0, Diff:  0.0, Sum:  0.0, Workers: 1
[2025-05-20T20:17:04.319+0300][15820][1484 ][debug][gc,phases] GC(29)     Choose Collection Set: 0.0ms
[2025-05-20T20:17:04.319+0300][15820][1484 ][debug][gc,phases] GC(29)     Region Register: 0.2ms
[2025-05-20T20:17:04.319+0300][15820][1484 ][debug][gc,phases] GC(29)     Prepare Heap Roots: 0.0ms
[2025-05-20T20:17:04.319+0300][15820][1484 ][info ][gc,phases] GC(29)   Merge Heap Roots: 0.2ms
[2025-05-20T20:17:04.319+0300][15820][1484 ][debug][gc,phases] GC(29)     Prepare Merge Heap Roots: 0.0ms
[2025-05-20T20:17:04.319+0300][15820][1484 ][debug][gc,phases] GC(29)     Remembered Sets (ms):          Min:  0.1, Avg:  0.1, Max:  0.1, Diff:  0.0, Sum:  0.9, Workers: 8
[2025-05-20T20:17:04.319+0300][15820][1484 ][debug][gc,phases] GC(29)       Eager Reclaim (ms):            Min:  0.0, Avg:  0.0, Max:  0.0, Diff:  0.0, Sum:  0.0, Workers: 1
[2025-05-20T20:17:04.319+0300][15820][1484 ][debug][gc,phases] GC(29)       Merged Inline                  Min: 0, Avg:  0.0, Max: 0, Diff: 0, Sum: 0, Workers: 8
[2025-05-20T20:17:04.319+0300][15820][1484 ][debug][gc,phases] GC(29)       Merged ArrayOfCards            Min: 0, Avg:  0.0, Max: 0, Diff: 0, Sum: 0, Workers: 8
[2025-05-20T20:17:04.319+0300][15820][1484 ][debug][gc,phases] GC(29)       Merged Howl                    Min: 0, Avg:  0.0, Max: 0, Diff: 0, Sum: 0, Workers: 8
[2025-05-20T20:17:04.319+0300][15820][1484 ][debug][gc,phases] GC(29)       Merged Full                    Min: 0, Avg:  0.0, Max: 0, Diff: 0, Sum: 0, Workers: 8
[2025-05-20T20:17:04.319+0300][15820][1484 ][debug][gc,phases] GC(29)       Merged Howl Inline             Min: 0, Avg:  0.0, Max: 0, Diff: 0, Sum: 0, Workers: 8
[2025-05-20T20:17:04.319+0300][15820][1484 ][debug][gc,phases] GC(29)       Merged Howl ArrayOfCards       Min: 0, Avg:  0.0, Max: 0, Diff: 0, Sum: 0, Workers: 8
[2025-05-20T20:17:04.319+0300][15820][1484 ][debug][gc,phases] GC(29)       Merged Howl BitMap             Min: 0, Avg:  0.0, Max: 0, Diff: 0, Sum: 0, Workers: 8
[2025-05-20T20:17:04.319+0300][15820][1484 ][debug][gc,phases] GC(29)       Merged Howl Full               Min: 0, Avg:  0.0, Max: 0, Diff: 0, Sum: 0, Workers: 8
[2025-05-20T20:17:04.319+0300][15820][1484 ][debug][gc,phases] GC(29)       Merged Cards                   Min: 8, Avg:  9.0, Max: 16, Diff: 8, Sum: 72, Workers: 8
[2025-05-20T20:17:04.319+0300][15820][1484 ][debug][gc,phases] GC(29)     Log Buffers (ms):              Min:  0.0, Avg:  0.0, Max:  0.0, Diff:  0.0, Sum:  0.0, Workers: 8
[2025-05-20T20:17:04.319+0300][15820][1484 ][debug][gc,phases] GC(29)       Dirty Cards:                   Min: 0, Avg:  1.9, Max: 15, Diff: 15, Sum: 15, Workers: 8
[2025-05-20T20:17:04.319+0300][15820][1484 ][debug][gc,phases] GC(29)       Skipped Cards:                 Min: 0, Avg:  0.0, Max: 0, Diff: 0, Sum: 0, Workers: 8
[2025-05-20T20:17:04.319+0300][15820][1484 ][info ][gc,phases] GC(29)   Evacuate Collection Set: 0.4ms
[2025-05-20T20:17:04.319+0300][15820][1484 ][debug][gc,phases] GC(29)     Ext Root Scanning (ms):        Min:  0.0, Avg:  0.1, Max:  0.1, Diff:  0.0, Sum:  0.5, Workers: 8
[2025-05-20T20:17:04.319+0300][15820][1484 ][debug][gc,phases] GC(29)     Scan Heap Roots (ms):          Min:  0.0, Avg:  0.0, Max:  0.0, Diff:  0.0, Sum:  0.1, Workers: 8
[2025-05-20T20:17:04.319+0300][15820][1484 ][debug][gc,phases] GC(29)       Scanned Cards:                 Min: 0, Avg:  1.8, Max: 4, Diff: 4, Sum: 14, Workers: 8
[2025-05-20T20:17:04.319+0300][15820][1484 ][debug][gc,phases] GC(29)       Scanned Blocks:                Min: 0, Avg:  1.5, Max: 3, Diff: 3, Sum: 12, Workers: 8
[2025-05-20T20:17:04.319+0300][15820][1484 ][debug][gc,phases] GC(29)       Claimed Chunks:                Min: 0, Avg:  1.2, Max: 3, Diff: 3, Sum: 10, Workers: 8
[2025-05-20T20:17:04.319+0300][15820][1484 ][debug][gc,phases] GC(29)       Found Roots:                   Min: 0, Avg:  1.6, Max: 5, Diff: 5, Sum: 13, Workers: 8
[2025-05-20T20:17:04.319+0300][15820][1484 ][debug][gc,phases] GC(29)     Code Root Scan (ms):           Min:  0.1, Avg:  0.1, Max:  0.1, Diff:  0.0, Sum:  0.8, Workers: 8
[2025-05-20T20:17:04.319+0300][15820][1484 ][debug][gc,phases] GC(29)       Scanned Nmethods               Min: 0, Avg:  0.0, Max: 0, Diff: 0, Sum: 0, Workers: 8
[2025-05-20T20:17:04.319+0300][15820][1484 ][debug][gc,phases] GC(29)     Object Copy (ms):              Min:  0.1, Avg:  0.1, Max:  0.1, Diff:  0.0, Sum:  0.8, Workers: 8
[2025-05-20T20:17:04.319+0300][15820][1484 ][debug][gc,phases] GC(29)     Termination (ms):              Min:  0.0, Avg:  0.0, Max:  0.0, Diff:  0.0, Sum:  0.1, Workers: 8
[2025-05-20T20:17:04.319+0300][15820][1484 ][debug][gc,phases] GC(29)       Termination Attempts:          Min: 1, Avg:  1.0, Max: 1, Diff: 0, Sum: 8, Workers: 8
[2025-05-20T20:17:04.319+0300][15820][1484 ][debug][gc,phases] GC(29)     GC Worker Other (ms):          Min:  0.1, Avg:  0.1, Max:  0.1, Diff:  0.0, Sum:  0.9, Workers: 8
[2025-05-20T20:17:04.319+0300][15820][1484 ][debug][gc,phases] GC(29)     GC Worker Total (ms):          Min:  0.4, Avg:  0.4, Max:  0.4, Diff:  0.0, Sum:  3.0, Workers: 8
[2025-05-20T20:17:04.319+0300][15820][1484 ][info ][gc,phases] GC(29)   Post Evacuate Collection Set: 0.9ms
[2025-05-20T20:17:04.319+0300][15820][1484 ][debug][gc,phases] GC(29)     NMethod List Cleanup: 0.0ms
[2025-05-20T20:17:04.319+0300][15820][1484 ][debug][gc,phases] GC(29)     Reference Processing: 0.1ms
[2025-05-20T20:17:04.319+0300][15820][1484 ][debug][gc,phases] GC(29)     Weak Processing: 0.1ms
[2025-05-20T20:17:04.319+0300][15820][1484 ][debug][gc,phases] GC(29)       VM Weak                        Min:  0.0, Avg:  0.0, Max:  0.0, Diff:  0.0, Sum:  0.0, Workers: 8
[2025-05-20T20:17:04.319+0300][15820][1484 ][debug][gc,phases] GC(29)         Dead                           Min: 0, Avg:  0.0, Max: 0, Diff: 0, Sum: 0, Workers: 8
[2025-05-20T20:17:04.319+0300][15820][1484 ][debug][gc,phases] GC(29)         Total                          Min: 0, Avg: 15.4, Max: 64, Diff: 64, Sum: 123, Workers: 8
[2025-05-20T20:17:04.319+0300][15820][1484 ][debug][gc,phases] GC(29)       ObjectSynchronizer Weak        Min:  0.0, Avg:  0.0, Max:  0.0, Diff:  0.0, Sum:  0.0, Workers: 8
[2025-05-20T20:17:04.319+0300][15820][1484 ][debug][gc,phases] GC(29)         Dead                           Min: 0, Avg:  0.0, Max: 0, Diff: 0, Sum: 0, Workers: 8
[2025-05-20T20:17:04.319+0300][15820][1484 ][debug][gc,phases] GC(29)         Total                          Min: 0, Avg: 16.4, Max: 64, Diff: 64, Sum: 131, Workers: 8
[2025-05-20T20:17:04.319+0300][15820][1484 ][debug][gc,phases] GC(29)       JVMTI Tag Weak OopStorage      Min:  0.0, Avg:  0.0, Max:  0.0, Diff:  0.0, Sum:  0.0, Workers: 8
[2025-05-20T20:17:04.319+0300][15820][1484 ][debug][gc,phases] GC(29)         Dead                           Min: 0, Avg:  0.0, Max: 0, Diff: 0, Sum: 0, Workers: 8
[2025-05-20T20:17:04.319+0300][15820][1484 ][debug][gc,phases] GC(29)         Total                          Min: 0, Avg:  0.0, Max: 0, Diff: 0, Sum: 0, Workers: 8
[2025-05-20T20:17:04.319+0300][15820][1484 ][debug][gc,phases] GC(29)       StringTable Weak               Min:  0.0, Avg:  0.0, Max:  0.0, Diff:  0.0, Sum:  0.1, Workers: 8
[2025-05-20T20:17:04.319+0300][15820][1484 ][debug][gc,phases] GC(29)         Dead                           Min: 0, Avg:  0.0, Max: 0, Diff: 0, Sum: 0, Workers: 8
[2025-05-20T20:17:04.319+0300][15820][1484 ][debug][gc,phases] GC(29)         Total                          Min: 640, Avg: 789.0, Max: 1000, Diff: 360, Sum: 6312, Workers: 8
[2025-05-20T20:17:04.319+0300][15820][1484 ][debug][gc,phases] GC(29)       ResolvedMethodTable Weak       Min:  0.0, Avg:  0.0, Max:  0.0, Diff:  0.0, Sum:  0.0, Workers: 8
[2025-05-20T20:17:04.319+0300][15820][1484 ][debug][gc,phases] GC(29)         Dead                           Min: 0, Avg:  0.0, Max: 0, Diff: 0, Sum: 0, Workers: 8
[2025-05-20T20:17:04.319+0300][15820][1484 ][debug][gc,phases] GC(29)         Total                          Min: 64, Avg: 112.8, Max: 138, Diff: 74, Sum: 902, Workers: 8
[2025-05-20T20:17:04.319+0300][15820][1484 ][debug][gc,phases] GC(29)       JNI Weak                       Min:  0.0, Avg:  0.0, Max:  0.0, Diff:  0.0, Sum:  0.0, Workers: 8
[2025-05-20T20:17:04.319+0300][15820][1484 ][debug][gc,phases] GC(29)         Dead                           Min: 0, Avg:  0.0, Max: 0, Diff: 0, Sum: 0, Workers: 8
[2025-05-20T20:17:04.319+0300][15820][1484 ][debug][gc,phases] GC(29)         Total                          Min: 0, Avg:  0.0, Max: 0, Diff: 0, Sum: 0, Workers: 8
[2025-05-20T20:17:04.319+0300][15820][1484 ][debug][gc,phases] GC(29)       StringDedup Table Weak         Min:  0.0, Avg:  0.0, Max:  0.0, Diff:  0.0, Sum:  0.0, Workers: 8
[2025-05-20T20:17:04.319+0300][15820][1484 ][debug][gc,phases] GC(29)         Dead                           Min: 0, Avg:  0.0, Max: 0, Diff: 0, Sum: 0, Workers: 8
[2025-05-20T20:17:04.319+0300][15820][1484 ][debug][gc,phases] GC(29)         Total                          Min: 0, Avg:  0.0, Max: 0, Diff: 0, Sum: 0, Workers: 8
[2025-05-20T20:17:04.319+0300][15820][1484 ][debug][gc,phases] GC(29)       StringDedup Requests0 Weak     Min:  0.0, Avg:  0.0, Max:  0.0, Diff:  0.0, Sum:  0.0, Workers: 8
[2025-05-20T20:17:04.319+0300][15820][1484 ][debug][gc,phases] GC(29)         Dead                           Min: 0, Avg:  0.0, Max: 0, Diff: 0, Sum: 0, Workers: 8
[2025-05-20T20:17:04.319+0300][15820][1484 ][debug][gc,phases] GC(29)         Total                          Min: 0, Avg:  0.0, Max: 0, Diff: 0, Sum: 0, Workers: 8
[2025-05-20T20:17:04.319+0300][15820][1484 ][debug][gc,phases] GC(29)       StringDedup Requests1 Weak     Min:  0.0, Avg:  0.0, Max:  0.0, Diff:  0.0, Sum:  0.0, Workers: 8
[2025-05-20T20:17:04.319+0300][15820][1484 ][debug][gc,phases] GC(29)         Dead                           Min: 0, Avg:  0.0, Max: 0, Diff: 0, Sum: 0, Workers: 8
[2025-05-20T20:17:04.319+0300][15820][1484 ][debug][gc,phases] GC(29)         Total                          Min: 0, Avg:  0.0, Max: 0, Diff: 0, Sum: 0, Workers: 8
[2025-05-20T20:17:04.319+0300][15820][1484 ][debug][gc,phases] GC(29)       Weak JFR Old Object Samples    Min:  0.0, Avg:  0.0, Max:  0.0, Diff:  0.0, Sum:  0.0, Workers: 8
[2025-05-20T20:17:04.319+0300][15820][1484 ][debug][gc,phases] GC(29)         Dead                           Min: 0, Avg:  0.0, Max: 0, Diff: 0, Sum: 0, Workers: 8
[2025-05-20T20:17:04.319+0300][15820][1484 ][debug][gc,phases] GC(29)         Total                          Min: 0, Avg:  0.0, Max: 0, Diff: 0, Sum: 0, Workers: 8
[2025-05-20T20:17:04.319+0300][15820][1484 ][debug][gc,phases] GC(29)     Post Evacuate Cleanup 1: 0.4ms
[2025-05-20T20:17:04.319+0300][15820][1484 ][debug][gc,phases] GC(29)       Merge Per-Thread State (ms):   Min:  0.1, Avg:  0.1, Max:  0.1, Diff:  0.0, Sum:  0.1, Workers: 1
[2025-05-20T20:17:04.319+0300][15820][1484 ][debug][gc,phases] GC(29)         Copied Bytes                   Min: 62720, Avg: 87169.0, Max: 101880, Diff: 39160, Sum: 697352, Workers: 8
[2025-05-20T20:17:04.319+0300][15820][1484 ][debug][gc,phases] GC(29)         LAB Waste                      Min: 72, Avg: 160.0, Max: 296, Diff: 224, Sum: 1280, Workers: 8
[2025-05-20T20:17:04.319+0300][15820][1484 ][debug][gc,phases] GC(29)         LAB Undo Waste                 Min: 0, Avg:  0.0, Max: 0, Diff: 0, Sum: 0, Workers: 8
[2025-05-20T20:17:04.319+0300][15820][1484 ][debug][gc,phases] GC(29)       Clear Logged Cards (ms):       Min:  0.0, Avg:  0.2, Max:  0.3, Diff:  0.3, Sum:  1.5, Workers: 7
[2025-05-20T20:17:04.319+0300][15820][1484 ][debug][gc,phases] GC(29)       Recalculate Used Memory (ms):  Min:  0.0, Avg:  0.0, Max:  0.0, Diff:  0.0, Sum:  0.0, Workers: 1
[2025-05-20T20:17:04.319+0300][15820][1484 ][debug][gc,phases] GC(29)     Post Evacuate Cleanup 2: 0.3ms
[2025-05-20T20:17:04.319+0300][15820][1484 ][debug][gc,phases] GC(29)       Update Derived Pointers (ms):  Min:  0.0, Avg:  0.0, Max:  0.0, Diff:  0.0, Sum:  0.0, Workers: 1
[2025-05-20T20:17:04.319+0300][15820][1484 ][debug][gc,phases] GC(29)       Eagerly Reclaim Humongous Objects (ms): Min:  0.0, Avg:  0.0, Max:  0.0, Diff:  0.0, Sum:  0.0, Workers: 1
[2025-05-20T20:17:04.319+0300][15820][1484 ][debug][gc,phases] GC(29)         Humongous Total                Min: 6, Avg:  6.0, Max: 6, Diff: 0, Sum: 6, Workers: 1
[2025-05-20T20:17:04.319+0300][15820][1484 ][debug][gc,phases] GC(29)         Humongous Candidates           Min: 3, Avg:  3.0, Max: 3, Diff: 0, Sum: 3, Workers: 1
[2025-05-20T20:17:04.319+0300][15820][1484 ][debug][gc,phases] GC(29)         Humongous Reclaimed            Min: 0, Avg:  0.0, Max: 0, Diff: 0, Sum: 0, Workers: 1
[2025-05-20T20:17:04.319+0300][15820][1484 ][debug][gc,phases] GC(29)       Redirty Logged Cards (ms):     Min:  0.0, Avg:  0.0, Max:  0.0, Diff:  0.0, Sum:  0.0, Workers: 8
[2025-05-20T20:17:04.319+0300][15820][1484 ][debug][gc,phases] GC(29)         Redirtied Cards:               Min: 0, Avg:  1.2, Max: 10, Diff: 10, Sum: 10, Workers: 8
[2025-05-20T20:17:04.319+0300][15820][1484 ][debug][gc,phases] GC(29)       Resize TLABs (ms):             Min:  0.0, Avg:  0.0, Max:  0.0, Diff:  0.0, Sum:  0.0, Workers: 8
[2025-05-20T20:17:04.319+0300][15820][1484 ][debug][gc,phases] GC(29)       Free Collection Set (ms):      Min:  0.2, Avg:  0.2, Max:  0.3, Diff:  0.0, Sum:  2.0, Workers: 8
[2025-05-20T20:17:04.319+0300][15820][1484 ][debug][gc,phases] GC(29)     Rebuild Free List: 0.1ms
[2025-05-20T20:17:04.319+0300][15820][1484 ][debug][gc,phases] GC(29)     Prepare For Mutator: 0.0ms
[2025-05-20T20:17:04.319+0300][15820][1484 ][debug][gc,phases] GC(29)     Expand Heap After Collection: 0.0ms
[2025-05-20T20:17:04.319+0300][15820][1484 ][info ][gc,phases] GC(29)   Other: 0.1ms
[2025-05-20T20:17:04.319+0300][15820][1484 ][info ][gc,heap  ] GC(29) Eden regions: 1227->0(1227)
[2025-05-20T20:17:04.319+0300][15820][1484 ][info ][gc,heap  ] GC(29) Survivor regions: 1->1(154)
[2025-05-20T20:17:04.319+0300][15820][1484 ][info ][gc,heap  ] GC(29) Old regions: 8->8
[2025-05-20T20:17:04.319+0300][15820][1484 ][info ][gc,heap  ] GC(29) Humongous regions: 12->12
[2025-05-20T20:17:04.319+0300][15820][1484 ][debug][gc,heap  ] GC(29) Heap after GC invocations=30 (full 3):
[2025-05-20T20:17:04.319+0300][15820][1484 ][debug][gc,heap  ] GC(29)  garbage-first heap   total 4194304K, used 29035K [0x0000000700000000, 0x0000000800000000)
[2025-05-20T20:17:04.319+0300][15820][1484 ][debug][gc,heap  ] GC(29)   region size 2048K, 1 young (2048K), 1 survivors (2048K)
[2025-05-20T20:17:04.319+0300][15820][1484 ][debug][gc,heap  ] GC(29)  Metaspace       used 8747K, committed 9792K, reserved 1114112K
[2025-05-20T20:17:04.319+0300][15820][1484 ][debug][gc,heap  ] GC(29)   class space    used 875K, committed 1280K, reserved 1048576K
[2025-05-20T20:17:04.319+0300][15820][1484 ][info ][gc       ] GC(29) Pause Young (Normal) (G1 Evacuation Pause) 2482M->28M(4096M) 3.580ms
[2025-05-20T20:17:04.319+0300][15820][1484 ][info ][safepoint] Safepoint "G1CollectForAllocation", Time since last: 809702800 ns, Reaching safepoint: 436400 ns, Cleanup: 12700 ns, At safepoint: 3636700 ns, Total: 4085800 ns
[2025-05-20T20:17:05.085+0300][15820][1484 ][debug][safepoint] Safepoint synchronization initiated using striped semaphore wait barrier. (19 threads)
[2025-05-20T20:17:05.085+0300][15820][3532 ][debug][safepoint] ... found polling page loop exception at pc = 0x00000247101cf522, stub =0x000002470fbb6600
[2025-05-20T20:17:05.085+0300][15820][6588 ][debug][safepoint] ... found polling page loop exception at pc = 0x00000247103c0d53, stub =0x000002470fbb5d80
[2025-05-20T20:17:05.085+0300][15820][8884 ][debug][safepoint] ... found polling page loop exception at pc = 0x00000247101b8960, stub =0x000002470fbb5d80
[2025-05-20T20:17:05.085+0300][15820][20192][debug][safepoint] ... found polling page loop exception at pc = 0x00000247101b8960, stub =0x000002470fbb5d80
[2025-05-20T20:17:05.085+0300][15820][7284 ][debug][safepoint] ... found polling page loop exception at pc = 0x00000247101b8960, stub =0x000002470fbb5d80
[2025-05-20T20:17:05.085+0300][15820][1484 ][debug][gc,heap  ] GC(30) Heap before GC invocations=30 (full 3):
[2025-05-20T20:17:05.085+0300][15820][1484 ][debug][gc,heap  ] GC(30)  garbage-first heap   total 4194304K, used 2541931K [0x0000000700000000, 0x0000000800000000)
[2025-05-20T20:17:05.085+0300][15820][1484 ][debug][gc,heap  ] GC(30)   region size 2048K, 1228 young (2514944K), 1 survivors (2048K)
[2025-05-20T20:17:05.085+0300][15820][1484 ][debug][gc,heap  ] GC(30)  Metaspace       used 8747K, committed 9792K, reserved 1114112K
[2025-05-20T20:17:05.085+0300][15820][1484 ][debug][gc,heap  ] GC(30)   class space    used 875K, committed 1280K, reserved 1048576K
[2025-05-20T20:17:05.085+0300][15820][1484 ][info ][gc,phases] GC(30)   Pre Evacuate Collection Set: 0.3ms
[2025-05-20T20:17:05.085+0300][15820][1484 ][debug][gc,phases] GC(30)     Pre Evacuate Prepare: 0.0ms
[2025-05-20T20:17:05.085+0300][15820][1484 ][debug][gc,phases] GC(30)       JT Retire TLABs And Flush Logs (ms): Min:  0.0, Avg:  0.0, Max:  0.0, Diff:  0.0, Sum:  0.0, Workers: 2
[2025-05-20T20:17:05.085+0300][15820][1484 ][debug][gc,phases] GC(30)       Non-JT Flush Logs (ms):        Min:  0.0, Avg:  0.0, Max:  0.0, Diff:  0.0, Sum:  0.0, Workers: 1
[2025-05-20T20:17:05.085+0300][15820][1484 ][debug][gc,phases] GC(30)     Choose Collection Set: 0.0ms
[2025-05-20T20:17:05.085+0300][15820][1484 ][debug][gc,phases] GC(30)     Region Register: 0.2ms
[2025-05-20T20:17:05.085+0300][15820][1484 ][debug][gc,phases] GC(30)     Prepare Heap Roots: 0.0ms
[2025-05-20T20:17:05.085+0300][15820][1484 ][info ][gc,phases] GC(30)   Merge Heap Roots: 0.2ms
[2025-05-20T20:17:05.085+0300][15820][1484 ][debug][gc,phases] GC(30)     Prepare Merge Heap Roots: 0.0ms
[2025-05-20T20:17:05.085+0300][15820][1484 ][debug][gc,phases] GC(30)     Remembered Sets (ms):          Min:  0.1, Avg:  0.1, Max:  0.1, Diff:  0.0, Sum:  0.8, Workers: 8
[2025-05-20T20:17:05.085+0300][15820][1484 ][debug][gc,phases] GC(30)       Eager Reclaim (ms):            Min:  0.0, Avg:  0.0, Max:  0.0, Diff:  0.0, Sum:  0.0, Workers: 1
[2025-05-20T20:17:05.085+0300][15820][1484 ][debug][gc,phases] GC(30)       Merged Inline                  Min: 0, Avg:  0.0, Max: 0, Diff: 0, Sum: 0, Workers: 8
[2025-05-20T20:17:05.085+0300][15820][1484 ][debug][gc,phases] GC(30)       Merged ArrayOfCards            Min: 0, Avg:  0.0, Max: 0, Diff: 0, Sum: 0, Workers: 8
[2025-05-20T20:17:05.085+0300][15820][1484 ][debug][gc,phases] GC(30)       Merged Howl                    Min: 0, Avg:  0.0, Max: 0, Diff: 0, Sum: 0, Workers: 8
[2025-05-20T20:17:05.085+0300][15820][1484 ][debug][gc,phases] GC(30)       Merged Full                    Min: 0, Avg:  0.0, Max: 0, Diff: 0, Sum: 0, Workers: 8
[2025-05-20T20:17:05.085+0300][15820][1484 ][debug][gc,phases] GC(30)       Merged Howl Inline             Min: 0, Avg:  0.0, Max: 0, Diff: 0, Sum: 0, Workers: 8
[2025-05-20T20:17:05.085+0300][15820][1484 ][debug][gc,phases] GC(30)       Merged Howl ArrayOfCards       Min: 0, Avg:  0.0, Max: 0, Diff: 0, Sum: 0, Workers: 8
[2025-05-20T20:17:05.085+0300][15820][1484 ][debug][gc,phases] GC(30)       Merged Howl BitMap             Min: 0, Avg:  0.0, Max: 0, Diff: 0, Sum: 0, Workers: 8
[2025-05-20T20:17:05.085+0300][15820][1484 ][debug][gc,phases] GC(30)       Merged Howl Full               Min: 0, Avg:  0.0, Max: 0, Diff: 0, Sum: 0, Workers: 8
[2025-05-20T20:17:05.085+0300][15820][1484 ][debug][gc,phases] GC(30)       Merged Cards                   Min: 8, Avg:  9.0, Max: 16, Diff: 8, Sum: 72, Workers: 8
[2025-05-20T20:17:05.085+0300][15820][1484 ][debug][gc,phases] GC(30)     Log Buffers (ms):              Min:  0.0, Avg:  0.0, Max:  0.0, Diff:  0.0, Sum:  0.0, Workers: 8
[2025-05-20T20:17:05.085+0300][15820][1484 ][debug][gc,phases] GC(30)       Dirty Cards:                   Min: 0, Avg:  1.8, Max: 9, Diff: 9, Sum: 14, Workers: 8
[2025-05-20T20:17:05.085+0300][15820][1484 ][debug][gc,phases] GC(30)       Skipped Cards:                 Min: 0, Avg:  0.0, Max: 0, Diff: 0, Sum: 0, Workers: 8
[2025-05-20T20:17:05.085+0300][15820][1484 ][info ][gc,phases] GC(30)   Evacuate Collection Set: 0.4ms
[2025-05-20T20:17:05.085+0300][15820][1484 ][debug][gc,phases] GC(30)     Ext Root Scanning (ms):        Min:  0.0, Avg:  0.1, Max:  0.1, Diff:  0.0, Sum:  0.5, Workers: 8
[2025-05-20T20:17:05.085+0300][15820][1484 ][debug][gc,phases] GC(30)     Scan Heap Roots (ms):          Min:  0.0, Avg:  0.0, Max:  0.0, Diff:  0.0, Sum:  0.0, Workers: 8
[2025-05-20T20:17:05.085+0300][15820][1484 ][debug][gc,phases] GC(30)       Scanned Cards:                 Min: 0, Avg:  1.8, Max: 5, Diff: 5, Sum: 14, Workers: 8
[2025-05-20T20:17:05.085+0300][15820][1484 ][debug][gc,phases] GC(30)       Scanned Blocks:                Min: 0, Avg:  1.5, Max: 4, Diff: 4, Sum: 12, Workers: 8
[2025-05-20T20:17:05.085+0300][15820][1484 ][debug][gc,phases] GC(30)       Claimed Chunks:                Min: 0, Avg:  1.2, Max: 3, Diff: 3, Sum: 10, Workers: 8
[2025-05-20T20:17:05.085+0300][15820][1484 ][debug][gc,phases] GC(30)       Found Roots:                   Min: 0, Avg:  1.6, Max: 5, Diff: 5, Sum: 13, Workers: 8
[2025-05-20T20:17:05.085+0300][15820][1484 ][debug][gc,phases] GC(30)     Code Root Scan (ms):           Min:  0.1, Avg:  0.1, Max:  0.1, Diff:  0.0, Sum:  0.7, Workers: 8
[2025-05-20T20:17:05.085+0300][15820][1484 ][debug][gc,phases] GC(30)       Scanned Nmethods               Min: 0, Avg:  0.0, Max: 0, Diff: 0, Sum: 0, Workers: 8
[2025-05-20T20:17:05.085+0300][15820][1484 ][debug][gc,phases] GC(30)     Object Copy (ms):              Min:  0.1, Avg:  0.1, Max:  0.1, Diff:  0.0, Sum:  0.8, Workers: 8
[2025-05-20T20:17:05.085+0300][15820][1484 ][debug][gc,phases] GC(30)     Termination (ms):              Min:  0.0, Avg:  0.0, Max:  0.0, Diff:  0.0, Sum:  0.1, Workers: 8
[2025-05-20T20:17:05.085+0300][15820][1484 ][debug][gc,phases] GC(30)       Termination Attempts:          Min: 1, Avg:  1.0, Max: 1, Diff: 0, Sum: 8, Workers: 8
[2025-05-20T20:17:05.085+0300][15820][1484 ][debug][gc,phases] GC(30)     GC Worker Other (ms):          Min:  0.1, Avg:  0.1, Max:  0.1, Diff:  0.0, Sum:  0.8, Workers: 8
[2025-05-20T20:17:05.085+0300][15820][1484 ][debug][gc,phases] GC(30)     GC Worker Total (ms):          Min:  0.4, Avg:  0.4, Max:  0.4, Diff:  0.0, Sum:  2.9, Workers: 8
[2025-05-20T20:17:05.085+0300][15820][1484 ][info ][gc,phases] GC(30)   Post Evacuate Collection Set: 0.9ms
[2025-05-20T20:17:05.085+0300][15820][1484 ][debug][gc,phases] GC(30)     NMethod List Cleanup: 0.0ms
[2025-05-20T20:17:05.085+0300][15820][1484 ][debug][gc,phases] GC(30)     Reference Processing: 0.1ms
[2025-05-20T20:17:05.085+0300][15820][1484 ][debug][gc,phases] GC(30)     Weak Processing: 0.1ms
[2025-05-20T20:17:05.085+0300][15820][1484 ][debug][gc,phases] GC(30)       VM Weak                        Min:  0.0, Avg:  0.0, Max:  0.0, Diff:  0.0, Sum:  0.0, Workers: 8
[2025-05-20T20:17:05.085+0300][15820][1484 ][debug][gc,phases] GC(30)         Dead                           Min: 0, Avg:  0.0, Max: 0, Diff: 0, Sum: 0, Workers: 8
[2025-05-20T20:17:05.085+0300][15820][1484 ][debug][gc,phases] GC(30)         Total                          Min: 0, Avg: 15.4, Max: 123, Diff: 123, Sum: 123, Workers: 8
[2025-05-20T20:17:05.085+0300][15820][1484 ][debug][gc,phases] GC(30)       ObjectSynchronizer Weak        Min:  0.0, Avg:  0.0, Max:  0.0, Diff:  0.0, Sum:  0.0, Workers: 8
[2025-05-20T20:17:05.085+0300][15820][1484 ][debug][gc,phases] GC(30)         Dead                           Min: 0, Avg:  0.0, Max: 0, Diff: 0, Sum: 0, Workers: 8
[2025-05-20T20:17:05.085+0300][15820][1484 ][debug][gc,phases] GC(30)         Total                          Min: 0, Avg: 16.4, Max: 131, Diff: 131, Sum: 131, Workers: 8
[2025-05-20T20:17:05.085+0300][15820][1484 ][debug][gc,phases] GC(30)       JVMTI Tag Weak OopStorage      Min:  0.0, Avg:  0.0, Max:  0.0, Diff:  0.0, Sum:  0.0, Workers: 8
[2025-05-20T20:17:05.085+0300][15820][1484 ][debug][gc,phases] GC(30)         Dead                           Min: 0, Avg:  0.0, Max: 0, Diff: 0, Sum: 0, Workers: 8
[2025-05-20T20:17:05.085+0300][15820][1484 ][debug][gc,phases] GC(30)         Total                          Min: 0, Avg:  0.0, Max: 0, Diff: 0, Sum: 0, Workers: 8
[2025-05-20T20:17:05.085+0300][15820][1484 ][debug][gc,phases] GC(30)       StringTable Weak               Min:  0.0, Avg:  0.0, Max:  0.0, Diff:  0.0, Sum:  0.1, Workers: 8
[2025-05-20T20:17:05.085+0300][15820][1484 ][debug][gc,phases] GC(30)         Dead                           Min: 0, Avg:  0.0, Max: 0, Diff: 0, Sum: 0, Workers: 8
[2025-05-20T20:17:05.085+0300][15820][1484 ][debug][gc,phases] GC(30)         Total                          Min: 704, Avg: 789.0, Max: 832, Diff: 128, Sum: 6312, Workers: 8
[2025-05-20T20:17:05.085+0300][15820][1484 ][debug][gc,phases] GC(30)       ResolvedMethodTable Weak       Min:  0.0, Avg:  0.0, Max:  0.0, Diff:  0.0, Sum:  0.0, Workers: 8
[2025-05-20T20:17:05.085+0300][15820][1484 ][debug][gc,phases] GC(30)         Dead                           Min: 0, Avg:  0.0, Max: 0, Diff: 0, Sum: 0, Workers: 8
[2025-05-20T20:17:05.085+0300][15820][1484 ][debug][gc,phases] GC(30)         Total                          Min: 64, Avg: 112.8, Max: 128, Diff: 64, Sum: 902, Workers: 8
[2025-05-20T20:17:05.085+0300][15820][1484 ][debug][gc,phases] GC(30)       JNI Weak                       Min:  0.0, Avg:  0.0, Max:  0.0, Diff:  0.0, Sum:  0.0, Workers: 8
[2025-05-20T20:17:05.085+0300][15820][1484 ][debug][gc,phases] GC(30)         Dead                           Min: 0, Avg:  0.0, Max: 0, Diff: 0, Sum: 0, Workers: 8
[2025-05-20T20:17:05.085+0300][15820][1484 ][debug][gc,phases] GC(30)         Total                          Min: 0, Avg:  0.0, Max: 0, Diff: 0, Sum: 0, Workers: 8
[2025-05-20T20:17:05.085+0300][15820][1484 ][debug][gc,phases] GC(30)       StringDedup Table Weak         Min:  0.0, Avg:  0.0, Max:  0.0, Diff:  0.0, Sum:  0.0, Workers: 8
[2025-05-20T20:17:05.085+0300][15820][1484 ][debug][gc,phases] GC(30)         Dead                           Min: 0, Avg:  0.0, Max: 0, Diff: 0, Sum: 0, Workers: 8
[2025-05-20T20:17:05.085+0300][15820][1484 ][debug][gc,phases] GC(30)         Total                          Min: 0, Avg:  0.0, Max: 0, Diff: 0, Sum: 0, Workers: 8
[2025-05-20T20:17:05.085+0300][15820][1484 ][debug][gc,phases] GC(30)       StringDedup Requests0 Weak     Min:  0.0, Avg:  0.0, Max:  0.0, Diff:  0.0, Sum:  0.0, Workers: 8
[2025-05-20T20:17:05.085+0300][15820][1484 ][debug][gc,phases] GC(30)         Dead                           Min: 0, Avg:  0.0, Max: 0, Diff: 0, Sum: 0, Workers: 8
[2025-05-20T20:17:05.085+0300][15820][1484 ][debug][gc,phases] GC(30)         Total                          Min: 0, Avg:  0.0, Max: 0, Diff: 0, Sum: 0, Workers: 8
[2025-05-20T20:17:05.085+0300][15820][1484 ][debug][gc,phases] GC(30)       StringDedup Requests1 Weak     Min:  0.0, Avg:  0.0, Max:  0.0, Diff:  0.0, Sum:  0.0, Workers: 8
[2025-05-20T20:17:05.085+0300][15820][1484 ][debug][gc,phases] GC(30)         Dead                           Min: 0, Avg:  0.0, Max: 0, Diff: 0, Sum: 0, Workers: 8
[2025-05-20T20:17:05.085+0300][15820][1484 ][debug][gc,phases] GC(30)         Total                          Min: 0, Avg:  0.0, Max: 0, Diff: 0, Sum: 0, Workers: 8
[2025-05-20T20:17:05.085+0300][15820][1484 ][debug][gc,phases] GC(30)       Weak JFR Old Object Samples    Min:  0.0, Avg:  0.0, Max:  0.0, Diff:  0.0, Sum:  0.0, Workers: 8
[2025-05-20T20:17:05.085+0300][15820][1484 ][debug][gc,phases] GC(30)         Dead                           Min: 0, Avg:  0.0, Max: 0, Diff: 0, Sum: 0, Workers: 8
[2025-05-20T20:17:05.085+0300][15820][1484 ][debug][gc,phases] GC(30)         Total                          Min: 0, Avg:  0.0, Max: 0, Diff: 0, Sum: 0, Workers: 8
[2025-05-20T20:17:05.085+0300][15820][1484 ][debug][gc,phases] GC(30)     Post Evacuate Cleanup 1: 0.4ms
[2025-05-20T20:17:05.085+0300][15820][1484 ][debug][gc,phases] GC(30)       Merge Per-Thread State (ms):   Min:  0.0, Avg:  0.0, Max:  0.0, Diff:  0.0, Sum:  0.0, Workers: 1
[2025-05-20T20:17:05.085+0300][15820][1484 ][debug][gc,phases] GC(30)         Copied Bytes                   Min: 81768, Avg: 91094.0, Max: 97896, Diff: 16128, Sum: 728752, Workers: 8
[2025-05-20T20:17:05.085+0300][15820][1484 ][debug][gc,phases] GC(30)         LAB Waste                      Min: 80, Avg: 165.0, Max: 304, Diff: 224, Sum: 1320, Workers: 8
[2025-05-20T20:17:05.085+0300][15820][1484 ][debug][gc,phases] GC(30)         LAB Undo Waste                 Min: 0, Avg:  0.0, Max: 0, Diff: 0, Sum: 0, Workers: 8
[2025-05-20T20:17:05.085+0300][15820][1484 ][debug][gc,phases] GC(30)       Clear Logged Cards (ms):       Min:  0.0, Avg:  0.2, Max:  0.3, Diff:  0.3, Sum:  1.3, Workers: 7
[2025-05-20T20:17:05.085+0300][15820][1484 ][debug][gc,phases] GC(30)       Recalculate Used Memory (ms):  Min:  0.0, Avg:  0.0, Max:  0.0, Diff:  0.0, Sum:  0.0, Workers: 1
[2025-05-20T20:17:05.085+0300][15820][1484 ][debug][gc,phases] GC(30)     Post Evacuate Cleanup 2: 0.3ms
[2025-05-20T20:17:05.085+0300][15820][1484 ][debug][gc,phases] GC(30)       Update Derived Pointers (ms):  Min:  0.0, Avg:  0.0, Max:  0.0, Diff:  0.0, Sum:  0.0, Workers: 1
[2025-05-20T20:17:05.085+0300][15820][1484 ][debug][gc,phases] GC(30)       Eagerly Reclaim Humongous Objects (ms): Min:  0.0, Avg:  0.0, Max:  0.0, Diff:  0.0, Sum:  0.0, Workers: 1
[2025-05-20T20:17:05.085+0300][15820][1484 ][debug][gc,phases] GC(30)         Humongous Total                Min: 6, Avg:  6.0, Max: 6, Diff: 0, Sum: 6, Workers: 1
[2025-05-20T20:17:05.085+0300][15820][1484 ][debug][gc,phases] GC(30)         Humongous Candidates           Min: 3, Avg:  3.0, Max: 3, Diff: 0, Sum: 3, Workers: 1
[2025-05-20T20:17:05.085+0300][15820][1484 ][debug][gc,phases] GC(30)         Humongous Reclaimed            Min: 0, Avg:  0.0, Max: 0, Diff: 0, Sum: 0, Workers: 1
[2025-05-20T20:17:05.085+0300][15820][1484 ][debug][gc,phases] GC(30)       Redirty Logged Cards (ms):     Min:  0.0, Avg:  0.0, Max:  0.0, Diff:  0.0, Sum:  0.0, Workers: 8
[2025-05-20T20:17:05.085+0300][15820][1484 ][debug][gc,phases] GC(30)         Redirtied Cards:               Min: 0, Avg:  1.2, Max: 7, Diff: 7, Sum: 10, Workers: 8
[2025-05-20T20:17:05.085+0300][15820][1484 ][debug][gc,phases] GC(30)       Resize TLABs (ms):             Min:  0.0, Avg:  0.0, Max:  0.0, Diff:  0.0, Sum:  0.0, Workers: 8
[2025-05-20T20:17:05.085+0300][15820][1484 ][debug][gc,phases] GC(30)       Free Collection Set (ms):      Min:  0.2, Avg:  0.2, Max:  0.3, Diff:  0.0, Sum:  2.0, Workers: 8
[2025-05-20T20:17:05.085+0300][15820][1484 ][debug][gc,phases] GC(30)     Rebuild Free List: 0.1ms
[2025-05-20T20:17:05.085+0300][15820][1484 ][debug][gc,phases] GC(30)     Prepare For Mutator: 0.0ms
[2025-05-20T20:17:05.085+0300][15820][1484 ][debug][gc,phases] GC(30)     Expand Heap After Collection: 0.0ms
[2025-05-20T20:17:05.085+0300][15820][1484 ][info ][gc,phases] GC(30)   Other: 0.1ms
[2025-05-20T20:17:05.085+0300][15820][1484 ][info ][gc,heap  ] GC(30) Eden regions: 1227->0(1227)
[2025-05-20T20:17:05.085+0300][15820][1484 ][info ][gc,heap  ] GC(30) Survivor regions: 1->1(154)
[2025-05-20T20:17:05.085+0300][15820][1484 ][info ][gc,heap  ] GC(30) Old regions: 8->8
[2025-05-20T20:17:05.085+0300][15820][1484 ][info ][gc,heap  ] GC(30) Humongous regions: 12->12
[2025-05-20T20:17:05.085+0300][15820][1484 ][debug][gc,heap  ] GC(30) Heap after GC invocations=31 (full 3):
[2025-05-20T20:17:05.085+0300][15820][1484 ][debug][gc,heap  ] GC(30)  garbage-first heap   total 4194304K, used 29063K [0x0000000700000000, 0x0000000800000000)
[2025-05-20T20:17:05.085+0300][15820][1484 ][debug][gc,heap  ] GC(30)   region size 2048K, 1 young (2048K), 1 survivors (2048K)
[2025-05-20T20:17:05.085+0300][15820][1484 ][debug][gc,heap  ] GC(30)  Metaspace       used 8747K, committed 9792K, reserved 1114112K
[2025-05-20T20:17:05.085+0300][15820][1484 ][debug][gc,heap  ] GC(30)   class space    used 875K, committed 1280K, reserved 1048576K
[2025-05-20T20:17:05.085+0300][15820][1484 ][info ][gc       ] GC(30) Pause Young (Normal) (G1 Evacuation Pause) 2482M->28M(4096M) 3.393ms
[2025-05-20T20:17:05.085+0300][15820][1484 ][info ][safepoint] Safepoint "G1CollectForAllocation", Time since last: 760215000 ns, Reaching safepoint: 355100 ns, Cleanup: 11600 ns, At safepoint: 3444300 ns, Total: 3811000 ns
[2025-05-20T20:17:05.873+0300][15820][1484 ][debug][safepoint] Safepoint synchronization initiated using striped semaphore wait barrier. (19 threads)
[2025-05-20T20:17:05.873+0300][15820][3284 ][debug][safepoint] ... found polling page loop exception at pc = 0x00000247101cf522, stub =0x000002470fbb6600
[2025-05-20T20:17:05.873+0300][15820][18748][debug][safepoint] ... found polling page loop exception at pc = 0x00000247101b8960, stub =0x000002470fbb5d80
[2025-05-20T20:17:05.873+0300][15820][8884 ][debug][safepoint] ... found polling page loop exception at pc = 0x00000247103c0d53, stub =0x000002470fbb5d80
[2025-05-20T20:17:05.873+0300][15820][20192][debug][safepoint] ... found polling page loop exception at pc = 0x00000247101bb1f7, stub =0x000002470fbb6600
[2025-05-20T20:17:05.873+0300][15820][3532 ][debug][safepoint] ... found polling page loop exception at pc = 0x00000247101bb09e, stub =0x000002470fbb6600
[2025-05-20T20:17:05.873+0300][15820][15964][debug][safepoint] ... found polling page loop exception at pc = 0x00000247101b8960, stub =0x000002470fbb5d80
[2025-05-20T20:17:05.873+0300][15820][1484 ][debug][gc,heap  ] GC(31) Heap before GC invocations=31 (full 3):
[2025-05-20T20:17:05.873+0300][15820][1484 ][debug][gc,heap  ] GC(31)  garbage-first heap   total 4194304K, used 2541959K [0x0000000700000000, 0x0000000800000000)
[2025-05-20T20:17:05.873+0300][15820][1484 ][debug][gc,heap  ] GC(31)   region size 2048K, 1228 young (2514944K), 1 survivors (2048K)
[2025-05-20T20:17:05.873+0300][15820][1484 ][debug][gc,heap  ] GC(31)  Metaspace       used 8747K, committed 9792K, reserved 1114112K
[2025-05-20T20:17:05.873+0300][15820][1484 ][debug][gc,heap  ] GC(31)   class space    used 875K, committed 1280K, reserved 1048576K
[2025-05-20T20:17:05.873+0300][15820][1484 ][info ][gc,phases] GC(31)   Pre Evacuate Collection Set: 0.3ms
[2025-05-20T20:17:05.873+0300][15820][1484 ][debug][gc,phases] GC(31)     Pre Evacuate Prepare: 0.1ms
[2025-05-20T20:17:05.873+0300][15820][1484 ][debug][gc,phases] GC(31)       JT Retire TLABs And Flush Logs (ms): Min:  0.0, Avg:  0.0, Max:  0.0, Diff:  0.0, Sum:  0.0, Workers: 2
[2025-05-20T20:17:05.873+0300][15820][1484 ][debug][gc,phases] GC(31)       Non-JT Flush Logs (ms):        Min:  0.0, Avg:  0.0, Max:  0.0, Diff:  0.0, Sum:  0.0, Workers: 1
[2025-05-20T20:17:05.873+0300][15820][1484 ][debug][gc,phases] GC(31)     Choose Collection Set: 0.0ms
[2025-05-20T20:17:05.873+0300][15820][1484 ][debug][gc,phases] GC(31)     Region Register: 0.2ms
[2025-05-20T20:17:05.873+0300][15820][1484 ][debug][gc,phases] GC(31)     Prepare Heap Roots: 0.0ms
[2025-05-20T20:17:05.873+0300][15820][1484 ][info ][gc,phases] GC(31)   Merge Heap Roots: 0.2ms
[2025-05-20T20:17:05.873+0300][15820][1484 ][debug][gc,phases] GC(31)     Prepare Merge Heap Roots: 0.0ms
[2025-05-20T20:17:05.873+0300][15820][1484 ][debug][gc,phases] GC(31)     Remembered Sets (ms):          Min:  0.1, Avg:  0.1, Max:  0.1, Diff:  0.0, Sum:  1.0, Workers: 8
[2025-05-20T20:17:05.873+0300][15820][1484 ][debug][gc,phases] GC(31)       Eager Reclaim (ms):            Min:  0.0, Avg:  0.0, Max:  0.0, Diff:  0.0, Sum:  0.0, Workers: 1
[2025-05-20T20:17:05.873+0300][15820][1484 ][debug][gc,phases] GC(31)       Merged Inline                  Min: 0, Avg:  0.0, Max: 0, Diff: 0, Sum: 0, Workers: 8
[2025-05-20T20:17:05.873+0300][15820][1484 ][debug][gc,phases] GC(31)       Merged ArrayOfCards            Min: 0, Avg:  0.0, Max: 0, Diff: 0, Sum: 0, Workers: 8
[2025-05-20T20:17:05.873+0300][15820][1484 ][debug][gc,phases] GC(31)       Merged Howl                    Min: 0, Avg:  0.0, Max: 0, Diff: 0, Sum: 0, Workers: 8
[2025-05-20T20:17:05.873+0300][15820][1484 ][debug][gc,phases] GC(31)       Merged Full                    Min: 0, Avg:  0.0, Max: 0, Diff: 0, Sum: 0, Workers: 8
[2025-05-20T20:17:05.873+0300][15820][1484 ][debug][gc,phases] GC(31)       Merged Howl Inline             Min: 0, Avg:  0.0, Max: 0, Diff: 0, Sum: 0, Workers: 8
[2025-05-20T20:17:05.873+0300][15820][1484 ][debug][gc,phases] GC(31)       Merged Howl ArrayOfCards       Min: 0, Avg:  0.0, Max: 0, Diff: 0, Sum: 0, Workers: 8
[2025-05-20T20:17:05.873+0300][15820][1484 ][debug][gc,phases] GC(31)       Merged Howl BitMap             Min: 0, Avg:  0.0, Max: 0, Diff: 0, Sum: 0, Workers: 8
[2025-05-20T20:17:05.873+0300][15820][1484 ][debug][gc,phases] GC(31)       Merged Howl Full               Min: 0, Avg:  0.0, Max: 0, Diff: 0, Sum: 0, Workers: 8
[2025-05-20T20:17:05.873+0300][15820][1484 ][debug][gc,phases] GC(31)       Merged Cards                   Min: 8, Avg:  9.0, Max: 16, Diff: 8, Sum: 72, Workers: 8
[2025-05-20T20:17:05.873+0300][15820][1484 ][debug][gc,phases] GC(31)     Log Buffers (ms):              Min:  0.0, Avg:  0.0, Max:  0.0, Diff:  0.0, Sum:  0.0, Workers: 8
[2025-05-20T20:17:05.873+0300][15820][1484 ][debug][gc,phases] GC(31)       Dirty Cards:                   Min: 0, Avg:  1.8, Max: 8, Diff: 8, Sum: 14, Workers: 8
[2025-05-20T20:17:05.873+0300][15820][1484 ][debug][gc,phases] GC(31)       Skipped Cards:                 Min: 0, Avg:  0.0, Max: 0, Diff: 0, Sum: 0, Workers: 8
[2025-05-20T20:17:05.873+0300][15820][1484 ][info ][gc,phases] GC(31)   Evacuate Collection Set: 0.4ms
[2025-05-20T20:17:05.873+0300][15820][1484 ][debug][gc,phases] GC(31)     Ext Root Scanning (ms):        Min:  0.0, Avg:  0.1, Max:  0.1, Diff:  0.0, Sum:  0.4, Workers: 8
[2025-05-20T20:17:05.873+0300][15820][1484 ][debug][gc,phases] GC(31)     Scan Heap Roots (ms):          Min:  0.0, Avg:  0.0, Max:  0.0, Diff:  0.0, Sum:  0.1, Workers: 8
[2025-05-20T20:17:05.873+0300][15820][1484 ][debug][gc,phases] GC(31)       Scanned Cards:                 Min: 0, Avg:  1.8, Max: 5, Diff: 5, Sum: 14, Workers: 8
[2025-05-20T20:17:05.873+0300][15820][1484 ][debug][gc,phases] GC(31)       Scanned Blocks:                Min: 0, Avg:  1.5, Max: 4, Diff: 4, Sum: 12, Workers: 8
[2025-05-20T20:17:05.873+0300][15820][1484 ][debug][gc,phases] GC(31)       Claimed Chunks:                Min: 0, Avg:  1.2, Max: 3, Diff: 3, Sum: 10, Workers: 8
[2025-05-20T20:17:05.873+0300][15820][1484 ][debug][gc,phases] GC(31)       Found Roots:                   Min: 0, Avg:  1.6, Max: 5, Diff: 5, Sum: 13, Workers: 8
[2025-05-20T20:17:05.873+0300][15820][1484 ][debug][gc,phases] GC(31)     Code Root Scan (ms):           Min:  0.1, Avg:  0.1, Max:  0.1, Diff:  0.0, Sum:  0.8, Workers: 8
[2025-05-20T20:17:05.873+0300][15820][1484 ][debug][gc,phases] GC(31)       Scanned Nmethods               Min: 0, Avg:  0.0, Max: 0, Diff: 0, Sum: 0, Workers: 8
[2025-05-20T20:17:05.873+0300][15820][1484 ][debug][gc,phases] GC(31)     Object Copy (ms):              Min:  0.1, Avg:  0.1, Max:  0.1, Diff:  0.0, Sum:  0.9, Workers: 8
[2025-05-20T20:17:05.873+0300][15820][1484 ][debug][gc,phases] GC(31)     Termination (ms):              Min:  0.0, Avg:  0.0, Max:  0.0, Diff:  0.0, Sum:  0.1, Workers: 8
[2025-05-20T20:17:05.873+0300][15820][1484 ][debug][gc,phases] GC(31)       Termination Attempts:          Min: 1, Avg:  1.0, Max: 1, Diff: 0, Sum: 8, Workers: 8
[2025-05-20T20:17:05.873+0300][15820][1484 ][debug][gc,phases] GC(31)     GC Worker Other (ms):          Min:  0.1, Avg:  0.1, Max:  0.1, Diff:  0.0, Sum:  0.9, Workers: 8
[2025-05-20T20:17:05.873+0300][15820][1484 ][debug][gc,phases] GC(31)     GC Worker Total (ms):          Min:  0.4, Avg:  0.4, Max:  0.4, Diff:  0.0, Sum:  3.1, Workers: 8
[2025-05-20T20:17:05.873+0300][15820][1484 ][info ][gc,phases] GC(31)   Post Evacuate Collection Set: 0.9ms
[2025-05-20T20:17:05.873+0300][15820][1484 ][debug][gc,phases] GC(31)     NMethod List Cleanup: 0.0ms
[2025-05-20T20:17:05.873+0300][15820][1484 ][debug][gc,phases] GC(31)     Reference Processing: 0.1ms
[2025-05-20T20:17:05.873+0300][15820][1484 ][debug][gc,phases] GC(31)     Weak Processing: 0.1ms
[2025-05-20T20:17:05.873+0300][15820][1484 ][debug][gc,phases] GC(31)       VM Weak                        Min:  0.0, Avg:  0.0, Max:  0.0, Diff:  0.0, Sum:  0.0, Workers: 8
[2025-05-20T20:17:05.873+0300][15820][1484 ][debug][gc,phases] GC(31)         Dead                           Min: 0, Avg:  0.0, Max: 0, Diff: 0, Sum: 0, Workers: 8
[2025-05-20T20:17:05.873+0300][15820][1484 ][debug][gc,phases] GC(31)         Total                          Min: 0, Avg: 15.4, Max: 105, Diff: 105, Sum: 123, Workers: 8
[2025-05-20T20:17:05.873+0300][15820][1484 ][debug][gc,phases] GC(31)       ObjectSynchronizer Weak        Min:  0.0, Avg:  0.0, Max:  0.0, Diff:  0.0, Sum:  0.0, Workers: 8
[2025-05-20T20:17:05.873+0300][15820][1484 ][debug][gc,phases] GC(31)         Dead                           Min: 0, Avg:  0.0, Max: 0, Diff: 0, Sum: 0, Workers: 8
[2025-05-20T20:17:05.873+0300][15820][1484 ][debug][gc,phases] GC(31)         Total                          Min: 0, Avg: 16.4, Max: 67, Diff: 67, Sum: 131, Workers: 8
[2025-05-20T20:17:05.873+0300][15820][1484 ][debug][gc,phases] GC(31)       JVMTI Tag Weak OopStorage      Min:  0.0, Avg:  0.0, Max:  0.0, Diff:  0.0, Sum:  0.0, Workers: 8
[2025-05-20T20:17:05.873+0300][15820][1484 ][debug][gc,phases] GC(31)         Dead                           Min: 0, Avg:  0.0, Max: 0, Diff: 0, Sum: 0, Workers: 8
[2025-05-20T20:17:05.873+0300][15820][1484 ][debug][gc,phases] GC(31)         Total                          Min: 0, Avg:  0.0, Max: 0, Diff: 0, Sum: 0, Workers: 8
[2025-05-20T20:17:05.873+0300][15820][1484 ][debug][gc,phases] GC(31)       StringTable Weak               Min:  0.0, Avg:  0.0, Max:  0.0, Diff:  0.0, Sum:  0.1, Workers: 8
[2025-05-20T20:17:05.873+0300][15820][1484 ][debug][gc,phases] GC(31)         Dead                           Min: 0, Avg:  0.0, Max: 0, Diff: 0, Sum: 0, Workers: 8
[2025-05-20T20:17:05.873+0300][15820][1484 ][debug][gc,phases] GC(31)         Total                          Min: 640, Avg: 789.0, Max: 1024, Diff: 384, Sum: 6312, Workers: 8
[2025-05-20T20:17:05.873+0300][15820][1484 ][debug][gc,phases] GC(31)       ResolvedMethodTable Weak       Min:  0.0, Avg:  0.0, Max:  0.0, Diff:  0.0, Sum:  0.0, Workers: 8
[2025-05-20T20:17:05.873+0300][15820][1484 ][debug][gc,phases] GC(31)         Dead                           Min: 0, Avg:  0.0, Max: 0, Diff: 0, Sum: 0, Workers: 8
[2025-05-20T20:17:05.873+0300][15820][1484 ][debug][gc,phases] GC(31)         Total                          Min: 64, Avg: 112.8, Max: 128, Diff: 64, Sum: 902, Workers: 8
[2025-05-20T20:17:05.873+0300][15820][1484 ][debug][gc,phases] GC(31)       JNI Weak                       Min:  0.0, Avg:  0.0, Max:  0.0, Diff:  0.0, Sum:  0.0, Workers: 8
[2025-05-20T20:17:05.873+0300][15820][1484 ][debug][gc,phases] GC(31)         Dead                           Min: 0, Avg:  0.0, Max: 0, Diff: 0, Sum: 0, Workers: 8
[2025-05-20T20:17:05.873+0300][15820][1484 ][debug][gc,phases] GC(31)         Total                          Min: 0, Avg:  0.0, Max: 0, Diff: 0, Sum: 0, Workers: 8
[2025-05-20T20:17:05.873+0300][15820][1484 ][debug][gc,phases] GC(31)       StringDedup Table Weak         Min:  0.0, Avg:  0.0, Max:  0.0, Diff:  0.0, Sum:  0.0, Workers: 8
[2025-05-20T20:17:05.873+0300][15820][1484 ][debug][gc,phases] GC(31)         Dead                           Min: 0, Avg:  0.0, Max: 0, Diff: 0, Sum: 0, Workers: 8
[2025-05-20T20:17:05.873+0300][15820][1484 ][debug][gc,phases] GC(31)         Total                          Min: 0, Avg:  0.0, Max: 0, Diff: 0, Sum: 0, Workers: 8
[2025-05-20T20:17:05.873+0300][15820][1484 ][debug][gc,phases] GC(31)       StringDedup Requests0 Weak     Min:  0.0, Avg:  0.0, Max:  0.0, Diff:  0.0, Sum:  0.0, Workers: 8
[2025-05-20T20:17:05.873+0300][15820][1484 ][debug][gc,phases] GC(31)         Dead                           Min: 0, Avg:  0.0, Max: 0, Diff: 0, Sum: 0, Workers: 8
[2025-05-20T20:17:05.873+0300][15820][1484 ][debug][gc,phases] GC(31)         Total                          Min: 0, Avg:  0.0, Max: 0, Diff: 0, Sum: 0, Workers: 8
[2025-05-20T20:17:05.873+0300][15820][1484 ][debug][gc,phases] GC(31)       StringDedup Requests1 Weak     Min:  0.0, Avg:  0.0, Max:  0.0, Diff:  0.0, Sum:  0.0, Workers: 8
[2025-05-20T20:17:05.873+0300][15820][1484 ][debug][gc,phases] GC(31)         Dead                           Min: 0, Avg:  0.0, Max: 0, Diff: 0, Sum: 0, Workers: 8
[2025-05-20T20:17:05.873+0300][15820][1484 ][debug][gc,phases] GC(31)         Total                          Min: 0, Avg:  0.0, Max: 0, Diff: 0, Sum: 0, Workers: 8
[2025-05-20T20:17:05.873+0300][15820][1484 ][debug][gc,phases] GC(31)       Weak JFR Old Object Samples    Min:  0.0, Avg:  0.0, Max:  0.0, Diff:  0.0, Sum:  0.0, Workers: 8
[2025-05-20T20:17:05.873+0300][15820][1484 ][debug][gc,phases] GC(31)         Dead                           Min: 0, Avg:  0.0, Max: 0, Diff: 0, Sum: 0, Workers: 8
[2025-05-20T20:17:05.873+0300][15820][1484 ][debug][gc,phases] GC(31)         Total                          Min: 0, Avg:  0.0, Max: 0, Diff: 0, Sum: 0, Workers: 8
[2025-05-20T20:17:05.873+0300][15820][1484 ][debug][gc,phases] GC(31)     Post Evacuate Cleanup 1: 0.4ms
[2025-05-20T20:17:05.873+0300][15820][1484 ][debug][gc,phases] GC(31)       Merge Per-Thread State (ms):   Min:  0.1, Avg:  0.1, Max:  0.1, Diff:  0.0, Sum:  0.1, Workers: 1
[2025-05-20T20:17:05.873+0300][15820][1484 ][debug][gc,phases] GC(31)         Copied Bytes                   Min: 57088, Avg: 89736.0, Max: 109456, Diff: 52368, Sum: 717888, Workers: 8
[2025-05-20T20:17:05.873+0300][15820][1484 ][debug][gc,phases] GC(31)         LAB Waste                      Min: 112, Avg: 167.0, Max: 248, Diff: 136, Sum: 1336, Workers: 8
[2025-05-20T20:17:05.873+0300][15820][1484 ][debug][gc,phases] GC(31)         LAB Undo Waste                 Min: 0, Avg:  0.0, Max: 0, Diff: 0, Sum: 0, Workers: 8
[2025-05-20T20:17:05.873+0300][15820][1484 ][debug][gc,phases] GC(31)       Clear Logged Cards (ms):       Min:  0.0, Avg:  0.2, Max:  0.3, Diff:  0.3, Sum:  1.4, Workers: 7
[2025-05-20T20:17:05.873+0300][15820][1484 ][debug][gc,phases] GC(31)       Recalculate Used Memory (ms):  Min:  0.0, Avg:  0.0, Max:  0.0, Diff:  0.0, Sum:  0.0, Workers: 1
[2025-05-20T20:17:05.873+0300][15820][1484 ][debug][gc,phases] GC(31)     Post Evacuate Cleanup 2: 0.3ms
[2025-05-20T20:17:05.873+0300][15820][1484 ][debug][gc,phases] GC(31)       Update Derived Pointers (ms):  Min:  0.0, Avg:  0.0, Max:  0.0, Diff:  0.0, Sum:  0.0, Workers: 1
[2025-05-20T20:17:05.873+0300][15820][1484 ][debug][gc,phases] GC(31)       Eagerly Reclaim Humongous Objects (ms): Min:  0.0, Avg:  0.0, Max:  0.0, Diff:  0.0, Sum:  0.0, Workers: 1
[2025-05-20T20:17:05.873+0300][15820][1484 ][debug][gc,phases] GC(31)         Humongous Total                Min: 6, Avg:  6.0, Max: 6, Diff: 0, Sum: 6, Workers: 1
[2025-05-20T20:17:05.873+0300][15820][1484 ][debug][gc,phases] GC(31)         Humongous Candidates           Min: 3, Avg:  3.0, Max: 3, Diff: 0, Sum: 3, Workers: 1
[2025-05-20T20:17:05.873+0300][15820][1484 ][debug][gc,phases] GC(31)         Humongous Reclaimed            Min: 0, Avg:  0.0, Max: 0, Diff: 0, Sum: 0, Workers: 1
[2025-05-20T20:17:05.873+0300][15820][1484 ][debug][gc,phases] GC(31)       Redirty Logged Cards (ms):     Min:  0.0, Avg:  0.0, Max:  0.0, Diff:  0.0, Sum:  0.0, Workers: 8
[2025-05-20T20:17:05.873+0300][15820][1484 ][debug][gc,phases] GC(31)         Redirtied Cards:               Min: 0, Avg:  1.2, Max: 8, Diff: 8, Sum: 10, Workers: 8
[2025-05-20T20:17:05.873+0300][15820][1484 ][debug][gc,phases] GC(31)       Resize TLABs (ms):             Min:  0.0, Avg:  0.0, Max:  0.0, Diff:  0.0, Sum:  0.0, Workers: 8
[2025-05-20T20:17:05.873+0300][15820][1484 ][debug][gc,phases] GC(31)       Free Collection Set (ms):      Min:  0.2, Avg:  0.3, Max:  0.3, Diff:  0.0, Sum:  2.0, Workers: 8
[2025-05-20T20:17:05.873+0300][15820][1484 ][debug][gc,phases] GC(31)     Rebuild Free List: 0.1ms
[2025-05-20T20:17:05.873+0300][15820][1484 ][debug][gc,phases] GC(31)     Prepare For Mutator: 0.0ms
[2025-05-20T20:17:05.873+0300][15820][1484 ][debug][gc,phases] GC(31)     Expand Heap After Collection: 0.0ms
[2025-05-20T20:17:05.873+0300][15820][1484 ][info ][gc,phases] GC(31)   Other: 0.1ms
[2025-05-20T20:17:05.873+0300][15820][1484 ][info ][gc,heap  ] GC(31) Eden regions: 1227->0(1227)
[2025-05-20T20:17:05.873+0300][15820][1484 ][info ][gc,heap  ] GC(31) Survivor regions: 1->1(154)
[2025-05-20T20:17:05.873+0300][15820][1484 ][info ][gc,heap  ] GC(31) Old regions: 8->8
[2025-05-20T20:17:05.873+0300][15820][1484 ][info ][gc,heap  ] GC(31) Humongous regions: 12->12
[2025-05-20T20:17:05.873+0300][15820][1484 ][debug][gc,heap  ] GC(31) Heap after GC invocations=32 (full 3):
[2025-05-20T20:17:05.873+0300][15820][1484 ][debug][gc,heap  ] GC(31)  garbage-first heap   total 4194304K, used 29055K [0x0000000700000000, 0x0000000800000000)
[2025-05-20T20:17:05.873+0300][15820][1484 ][debug][gc,heap  ] GC(31)   region size 2048K, 1 young (2048K), 1 survivors (2048K)
[2025-05-20T20:17:05.873+0300][15820][1484 ][debug][gc,heap  ] GC(31)  Metaspace       used 8747K, committed 9792K, reserved 1114112K
[2025-05-20T20:17:05.873+0300][15820][1484 ][debug][gc,heap  ] GC(31)   class space    used 875K, committed 1280K, reserved 1048576K
[2025-05-20T20:17:05.873+0300][15820][1484 ][info ][gc       ] GC(31) Pause Young (Normal) (G1 Evacuation Pause) 2482M->28M(4096M) 3.819ms
[2025-05-20T20:17:05.873+0300][15820][1484 ][info ][safepoint] Safepoint "G1CollectForAllocation", Time since last: 785735000 ns, Reaching safepoint: 357100 ns, Cleanup: 6900 ns, At safepoint: 3877900 ns, Total: 4241900 ns
[2025-05-20T20:17:06.588+0300][15820][1484 ][debug][safepoint] Safepoint synchronization initiated using striped semaphore wait barrier. (11 threads)
