[2025-05-18T20:09:00.925+0300][18824][6684][info][gc,init] CardTable entry size: 512
[2025-05-18T20:09:00.925+0300][18824][6684][info][gc     ] Using G1
[2025-05-18T20:09:00.937+0300][18824][6684][info][gc,init] Version: 21.0.6+8-LTS-188 (release)
[2025-05-18T20:09:00.937+0300][18824][6684][info][gc,init] CPUs: 8 total, 8 available
[2025-05-18T20:09:00.937+0300][18824][6684][info][gc,init] Memory: 16183M
[2025-05-18T20:09:00.937+0300][18824][6684][info][gc,init] Large Page Support: Disabled
[2025-05-18T20:09:00.937+0300][18824][6684][info][gc,init] NUMA Support: Disabled
[2025-05-18T20:09:00.937+0300][18824][6684][info][gc,init] Compressed Oops: Enabled (Zero based)
[2025-05-18T20:09:00.937+0300][18824][6684][info][gc,init] Heap Region Size: 2M
[2025-05-18T20:09:00.937+0300][18824][6684][info][gc,init] Heap Min Capacity: 4G
[2025-05-18T20:09:00.937+0300][18824][6684][info][gc,init] Heap Initial Capacity: 4G
[2025-05-18T20:09:00.937+0300][18824][6684][info][gc,init] Heap Max Capacity: 4G
[2025-05-18T20:09:00.937+0300][18824][6684][info][gc,init] Pre-touch: Disabled
[2025-05-18T20:09:00.937+0300][18824][6684][info][gc,init] Parallel Workers: 8
[2025-05-18T20:09:00.937+0300][18824][6684][info][gc,init] Concurrent Workers: 2
[2025-05-18T20:09:00.937+0300][18824][6684][info][gc,init] Concurrent Refinement Workers: 8
[2025-05-18T20:09:00.937+0300][18824][6684][info][gc,init] Periodic GC: Disabled
[2025-05-18T20:09:00.945+0300][18824][6684][info][gc,metaspace] CDS archive(s) mapped at: [0x00000256cf000000-0x00000256cfc90000-0x00000256cfc90000), size 13172736, SharedBaseAddress: 0x00000256cf000000, ArchiveRelocationMode: 1.
[2025-05-18T20:09:00.945+0300][18824][6684][info][gc,metaspace] Compressed class space mapped at: 0x00000256d0000000-0x0000025710000000, reserved size: 1073741824
[2025-05-18T20:09:00.945+0300][18824][6684][info][gc,metaspace] Narrow klass base: 0x00000256cf000000, Narrow klass shift: 0, Narrow klass range: 0x100000000
[2025-05-18T20:09:04.852+0300][18824][23432][info][gc,start    ] GC(0) Pause Full (System.gc())
[2025-05-18T20:09:04.852+0300][18824][23432][info][gc,task     ] GC(0) Using 8 workers of 8 for full compaction
[2025-05-18T20:09:04.852+0300][18824][23432][info][gc,phases,start] GC(0) Phase 1: Mark live objects
[2025-05-18T20:09:04.860+0300][18824][23432][info][gc,phases      ] GC(0) Phase 1: Mark live objects 7.713ms
[2025-05-18T20:09:04.860+0300][18824][23432][info][gc,phases,start] GC(0) Phase 2: Prepare compaction
[2025-05-18T20:09:04.862+0300][18824][23432][info][gc,phases      ] GC(0) Phase 2: Prepare compaction 1.868ms
[2025-05-18T20:09:04.862+0300][18824][23432][info][gc,phases,start] GC(0) Phase 3: Adjust pointers
[2025-05-18T20:09:04.867+0300][18824][23432][info][gc,phases      ] GC(0) Phase 3: Adjust pointers 4.293ms
[2025-05-18T20:09:04.867+0300][18824][23432][info][gc,phases,start] GC(0) Phase 4: Compact heap
[2025-05-18T20:09:04.869+0300][18824][23432][info][gc,phases      ] GC(0) Phase 4: Compact heap 2.514ms
[2025-05-18T20:09:04.869+0300][18824][23432][info][gc,phases,start] GC(0) Phase 5: Reset Metadata
[2025-05-18T20:09:04.870+0300][18824][23432][info][gc,phases      ] GC(0) Phase 5: Reset Metadata 1.156ms
[2025-05-18T20:09:04.878+0300][18824][23432][info][gc,heap        ] GC(0) Eden regions: 88->0(102)
[2025-05-18T20:09:04.878+0300][18824][23432][info][gc,heap        ] GC(0) Survivor regions: 0->0(0)
[2025-05-18T20:09:04.878+0300][18824][23432][info][gc,heap        ] GC(0) Old regions: 0->8
[2025-05-18T20:09:04.878+0300][18824][23432][info][gc,heap        ] GC(0) Humongous regions: 0->0
[2025-05-18T20:09:04.878+0300][18824][23432][info][gc,metaspace   ] GC(0) Metaspace: 15365K(15808K)->15365K(15808K) NonClass: 13853K(14080K)->13853K(14080K) Class: 1512K(1728K)->1512K(1728K)
[2025-05-18T20:09:04.879+0300][18824][23432][info][gc             ] GC(0) Pause Full (System.gc()) 174M->9M(4096M) 26.485ms
[2025-05-18T20:09:04.879+0300][18824][23432][info][gc,cpu         ] GC(0) User=0.06s Sys=0.08s Real=0.03s
[2025-05-18T20:09:05.801+0300][18824][23432][info][gc,start       ] GC(1) Pause Young (Concurrent Start) (Metadata GC Threshold)
[2025-05-18T20:09:05.801+0300][18824][23432][info][gc,task        ] GC(1) Using 8 workers of 8 for evacuation
[2025-05-18T20:09:05.809+0300][18824][23432][info][gc,phases      ] GC(1)   Pre Evacuate Collection Set: 0.4ms
[2025-05-18T20:09:05.809+0300][18824][23432][info][gc,phases      ] GC(1)   Merge Heap Roots: 0.1ms
[2025-05-18T20:09:05.809+0300][18824][23432][info][gc,phases      ] GC(1)   Evacuate Collection Set: 6.8ms
[2025-05-18T20:09:05.809+0300][18824][23432][info][gc,phases      ] GC(1)   Post Evacuate Collection Set: 0.4ms
[2025-05-18T20:09:05.809+0300][18824][23432][info][gc,phases      ] GC(1)   Other: 0.2ms
[2025-05-18T20:09:05.809+0300][18824][23432][info][gc,heap        ] GC(1) Eden regions: 62->0(99)
[2025-05-18T20:09:05.809+0300][18824][23432][info][gc,heap        ] GC(1) Survivor regions: 0->3(13)
[2025-05-18T20:09:05.809+0300][18824][23432][info][gc,heap        ] GC(1) Old regions: 8->8
[2025-05-18T20:09:05.809+0300][18824][23432][info][gc,heap        ] GC(1) Humongous regions: 0->0
[2025-05-18T20:09:05.809+0300][18824][23432][info][gc,metaspace   ] GC(1) Metaspace: 25971K(26368K)->25971K(26368K) NonClass: 23506K(23744K)->23506K(23744K) Class: 2465K(2624K)->2465K(2624K)
[2025-05-18T20:09:05.809+0300][18824][23432][info][gc             ] GC(1) Pause Young (Concurrent Start) (Metadata GC Threshold) 132M->13M(4096M) 8.175ms
[2025-05-18T20:09:05.809+0300][18824][13300][info][gc             ] GC(2) Concurrent Mark Cycle
[2025-05-18T20:09:05.809+0300][18824][23432][info][gc,cpu         ] GC(1) User=0.00s Sys=0.00s Real=0.01s
[2025-05-18T20:09:05.809+0300][18824][13300][info][gc,marking     ] GC(2) Concurrent Scan Root Regions
[2025-05-18T20:09:05.811+0300][18824][13300][info][gc,marking     ] GC(2) Concurrent Scan Root Regions 1.471ms
[2025-05-18T20:09:05.811+0300][18824][13300][info][gc,marking     ] GC(2) Concurrent Mark
[2025-05-18T20:09:05.811+0300][18824][13300][info][gc,marking     ] GC(2) Concurrent Mark From Roots
[2025-05-18T20:09:05.811+0300][18824][13300][info][gc,task        ] GC(2) Using 2 workers of 2 for marking
[2025-05-18T20:09:05.818+0300][18824][13300][info][gc,marking     ] GC(2) Concurrent Mark From Roots 7.426ms
[2025-05-18T20:09:05.818+0300][18824][13300][info][gc,marking     ] GC(2) Concurrent Preclean
[2025-05-18T20:09:05.818+0300][18824][13300][info][gc,marking     ] GC(2) Concurrent Preclean 0.035ms
[2025-05-18T20:09:05.818+0300][18824][23432][info][gc,start       ] GC(2) Pause Remark
[2025-05-18T20:09:05.822+0300][18824][23432][info][gc             ] GC(2) Pause Remark 15M->15M(4096M) 2.929ms
[2025-05-18T20:09:05.822+0300][18824][23432][info][gc,cpu         ] GC(2) User=0.00s Sys=0.00s Real=0.00s
[2025-05-18T20:09:05.822+0300][18824][13300][info][gc,marking     ] GC(2) Concurrent Mark 10.718ms
[2025-05-18T20:09:05.822+0300][18824][13300][info][gc,marking     ] GC(2) Concurrent Rebuild Remembered Sets and Scrub Regions
[2025-05-18T20:09:05.826+0300][18824][13300][info][gc,marking     ] GC(2) Concurrent Rebuild Remembered Sets and Scrub Regions 4.348ms
[2025-05-18T20:09:05.826+0300][18824][23432][info][gc,start       ] GC(2) Pause Cleanup
[2025-05-18T20:09:05.826+0300][18824][23432][info][gc             ] GC(2) Pause Cleanup 15M->15M(4096M) 0.215ms
[2025-05-18T20:09:05.826+0300][18824][23432][info][gc,cpu         ] GC(2) User=0.00s Sys=0.00s Real=0.00s
[2025-05-18T20:09:05.827+0300][18824][13300][info][gc,marking     ] GC(2) Concurrent Clear Claimed Marks
[2025-05-18T20:09:05.827+0300][18824][13300][info][gc,marking     ] GC(2) Concurrent Clear Claimed Marks 0.058ms
[2025-05-18T20:09:05.827+0300][18824][13300][info][gc,marking     ] GC(2) Concurrent Cleanup for Next Mark
[2025-05-18T20:09:05.836+0300][18824][13300][info][gc,marking     ] GC(2) Concurrent Cleanup for Next Mark 8.565ms
[2025-05-18T20:09:05.836+0300][18824][13300][info][gc             ] GC(2) Concurrent Mark Cycle 25.841ms
[2025-05-18T20:09:10.301+0300][18824][23432][info][gc,start       ] GC(3) Pause Young (Prepare Mixed) (G1 Evacuation Pause)
[2025-05-18T20:09:10.301+0300][18824][23432][info][gc,task        ] GC(3) Using 8 workers of 8 for evacuation
[2025-05-18T20:09:10.307+0300][18824][23432][info][gc,phases      ] GC(3)   Pre Evacuate Collection Set: 0.4ms
[2025-05-18T20:09:10.307+0300][18824][23432][info][gc,phases      ] GC(3)   Merge Heap Roots: 0.2ms
[2025-05-18T20:09:10.307+0300][18824][23432][info][gc,phases      ] GC(3)   Evacuate Collection Set: 4.9ms
[2025-05-18T20:09:10.307+0300][18824][23432][info][gc,phases      ] GC(3)   Post Evacuate Collection Set: 0.9ms
[2025-05-18T20:09:10.307+0300][18824][23432][info][gc,phases      ] GC(3)   Other: 0.1ms
[2025-05-18T20:09:10.307+0300][18824][23432][info][gc,heap        ] GC(3) Eden regions: 99->0(346)
[2025-05-18T20:09:10.307+0300][18824][23432][info][gc,heap        ] GC(3) Survivor regions: 3->4(13)
[2025-05-18T20:09:10.307+0300][18824][23432][info][gc,heap        ] GC(3) Old regions: 8->8
[2025-05-18T20:09:10.307+0300][18824][23432][info][gc,heap        ] GC(3) Humongous regions: 0->0
[2025-05-18T20:09:10.307+0300][18824][23432][info][gc,metaspace   ] GC(3) Metaspace: 31947K(32768K)->31947K(32768K) NonClass: 29042K(29504K)->29042K(29504K) Class: 2905K(3264K)->2905K(3264K)
[2025-05-18T20:09:10.307+0300][18824][23432][info][gc             ] GC(3) Pause Young (Prepare Mixed) (G1 Evacuation Pause) 211M->15M(4096M) 6.729ms
[2025-05-18T20:09:10.307+0300][18824][23432][info][gc,cpu         ] GC(3) User=0.00s Sys=0.00s Real=0.01s
[2025-05-18T20:09:30.700+0300][18824][23432][info][gc,start       ] GC(4) Pause Young (Mixed) (G1 Evacuation Pause)
[2025-05-18T20:09:30.701+0300][18824][23432][info][gc,task        ] GC(4) Using 8 workers of 8 for evacuation
[2025-05-18T20:09:30.707+0300][18824][23432][info][gc,phases      ] GC(4)   Pre Evacuate Collection Set: 0.5ms
[2025-05-18T20:09:30.707+0300][18824][23432][info][gc,phases      ] GC(4)   Merge Heap Roots: 0.2ms
[2025-05-18T20:09:30.707+0300][18824][23432][info][gc,phases      ] GC(4)   Evacuate Collection Set: 4.1ms
[2025-05-18T20:09:30.707+0300][18824][23432][info][gc,phases      ] GC(4)   Post Evacuate Collection Set: 1.6ms
[2025-05-18T20:09:30.707+0300][18824][23432][info][gc,phases      ] GC(4)   Other: 0.2ms
[2025-05-18T20:09:30.707+0300][18824][23432][info][gc,heap        ] GC(4) Eden regions: 346->0(1224)
[2025-05-18T20:09:30.707+0300][18824][23432][info][gc,heap        ] GC(4) Survivor regions: 4->4(44)
[2025-05-18T20:09:30.707+0300][18824][23432][info][gc,heap        ] GC(4) Old regions: 8->8
[2025-05-18T20:09:30.707+0300][18824][23432][info][gc,heap        ] GC(4) Humongous regions: 0->0
[2025-05-18T20:09:30.707+0300][18824][23432][info][gc,metaspace   ] GC(4) Metaspace: 33878K(34752K)->33878K(34752K) NonClass: 30945K(31424K)->30945K(31424K) Class: 2932K(3328K)->2932K(3328K)
[2025-05-18T20:09:30.707+0300][18824][23432][info][gc             ] GC(4) Pause Young (Mixed) (G1 Evacuation Pause) 707M->15M(4096M) 6.967ms
[2025-05-18T20:09:30.707+0300][18824][23432][info][gc,cpu         ] GC(4) User=0.00s Sys=0.00s Real=0.01s
[2025-05-18T20:10:48.084+0300][18824][23432][info][gc,start       ] GC(5) Pause Young (Normal) (G1 Evacuation Pause)
[2025-05-18T20:10:48.084+0300][18824][23432][info][gc,task        ] GC(5) Using 8 workers of 8 for evacuation
[2025-05-18T20:10:48.090+0300][18824][23432][info][gc,phases      ] GC(5)   Pre Evacuate Collection Set: 0.6ms
[2025-05-18T20:10:48.090+0300][18824][23432][info][gc,phases      ] GC(5)   Merge Heap Roots: 0.4ms
[2025-05-18T20:10:48.090+0300][18824][23432][info][gc,phases      ] GC(5)   Evacuate Collection Set: 3.9ms
[2025-05-18T20:10:48.090+0300][18824][23432][info][gc,phases      ] GC(5)   Post Evacuate Collection Set: 1.5ms
[2025-05-18T20:10:48.090+0300][18824][23432][info][gc,phases      ] GC(5)   Other: 0.3ms
[2025-05-18T20:10:48.090+0300][18824][23432][info][gc,heap        ] GC(5) Eden regions: 1224->0(1224)
[2025-05-18T20:10:48.090+0300][18824][23432][info][gc,heap        ] GC(5) Survivor regions: 4->4(154)
[2025-05-18T20:10:48.090+0300][18824][23432][info][gc,heap        ] GC(5) Old regions: 8->8
[2025-05-18T20:10:48.090+0300][18824][23432][info][gc,heap        ] GC(5) Humongous regions: 0->0
[2025-05-18T20:10:48.091+0300][18824][23432][info][gc,metaspace   ] GC(5) Metaspace: 34450K(35328K)->34450K(35328K) NonClass: 31515K(32000K)->31515K(32000K) Class: 2935K(3328K)->2935K(3328K)
[2025-05-18T20:10:48.091+0300][18824][23432][info][gc             ] GC(5) Pause Young (Normal) (G1 Evacuation Pause) 2463M->16M(4096M) 7.019ms
[2025-05-18T20:10:48.091+0300][18824][23432][info][gc,cpu         ] GC(5) User=0.00s Sys=0.00s Real=0.01s
[2025-05-18T20:11:59.052+0300][18824][23432][info][gc,start       ] GC(6) Pause Full (System.gc())
[2025-05-18T20:11:59.052+0300][18824][23432][info][gc,task        ] GC(6) Using 8 workers of 8 for full compaction
[2025-05-18T20:11:59.052+0300][18824][23432][info][gc,phases,start] GC(6) Phase 1: Mark live objects
[2025-05-18T20:11:59.072+0300][18824][23432][info][gc,phases      ] GC(6) Phase 1: Mark live objects 19.129ms
[2025-05-18T20:11:59.072+0300][18824][23432][info][gc,phases,start] GC(6) Phase 2: Prepare compaction
[2025-05-18T20:11:59.075+0300][18824][23432][info][gc,phases      ] GC(6) Phase 2: Prepare compaction 4.430ms
[2025-05-18T20:11:59.075+0300][18824][23432][info][gc,phases,start] GC(6) Phase 3: Adjust pointers
[2025-05-18T20:11:59.085+0300][18824][23432][info][gc,phases      ] GC(6) Phase 3: Adjust pointers 9.122ms
[2025-05-18T20:11:59.086+0300][18824][23432][info][gc,phases,start] GC(6) Phase 4: Compact heap
[2025-05-18T20:11:59.087+0300][18824][23432][info][gc,phases      ] GC(6) Phase 4: Compact heap 2.954ms
[2025-05-18T20:11:59.089+0300][18824][23432][info][gc,phases,start] GC(6) Phase 5: Reset Metadata
[2025-05-18T20:11:59.091+0300][18824][23432][info][gc,phases      ] GC(6) Phase 5: Reset Metadata 2.413ms
[2025-05-18T20:11:59.103+0300][18824][23432][info][gc,heap        ] GC(6) Eden regions: 1116->0(1228)
[2025-05-18T20:11:59.103+0300][18824][23432][info][gc,heap        ] GC(6) Survivor regions: 4->0(154)
[2025-05-18T20:11:59.103+0300][18824][23432][info][gc,heap        ] GC(6) Old regions: 8->10
[2025-05-18T20:11:59.103+0300][18824][23432][info][gc,heap        ] GC(6) Humongous regions: 0->0
[2025-05-18T20:11:59.103+0300][18824][23432][info][gc,metaspace   ] GC(6) Metaspace: 34599K(35456K)->33155K(35392K) NonClass: 31654K(32128K)->30375K(32064K) Class: 2944K(3328K)->2780K(3328K)
[2025-05-18T20:11:59.103+0300][18824][23432][info][gc             ] GC(6) Pause Full (System.gc()) 2246M->13M(4096M) 50.384ms
[2025-05-18T20:11:59.103+0300][18824][23432][info][gc,cpu         ] GC(6) User=0.09s Sys=0.03s Real=0.05s
[2025-05-18T20:13:15.286+0300][18824][23432][info][gc,start       ] GC(7) Pause Young (Normal) (G1 Evacuation Pause)
[2025-05-18T20:13:15.286+0300][18824][23432][info][gc,task        ] GC(7) Using 8 workers of 8 for evacuation
[2025-05-18T20:13:15.291+0300][18824][23432][info][gc,phases      ] GC(7)   Pre Evacuate Collection Set: 0.9ms
[2025-05-18T20:13:15.291+0300][18824][23432][info][gc,phases      ] GC(7)   Merge Heap Roots: 0.2ms
[2025-05-18T20:13:15.291+0300][18824][23432][info][gc,phases      ] GC(7)   Evacuate Collection Set: 1.5ms
[2025-05-18T20:13:15.291+0300][18824][23432][info][gc,phases      ] GC(7)   Post Evacuate Collection Set: 1.1ms
[2025-05-18T20:13:15.291+0300][18824][23432][info][gc,phases      ] GC(7)   Other: 0.2ms
[2025-05-18T20:13:15.291+0300][18824][23432][info][gc,heap        ] GC(7) Eden regions: 1228->0(1226)
[2025-05-18T20:13:15.291+0300][18824][23432][info][gc,heap        ] GC(7) Survivor regions: 0->2(154)
[2025-05-18T20:13:15.291+0300][18824][23432][info][gc,heap        ] GC(7) Old regions: 10->10
[2025-05-18T20:13:15.291+0300][18824][23432][info][gc,heap        ] GC(7) Humongous regions: 0->0
[2025-05-18T20:13:15.291+0300][18824][23432][info][gc,metaspace   ] GC(7) Metaspace: 34315K(35456K)->34315K(35456K) NonClass: 31454K(32128K)->31454K(32128K) Class: 2860K(3328K)->2860K(3328K)
[2025-05-18T20:13:15.291+0300][18824][23432][info][gc             ] GC(7) Pause Young (Normal) (G1 Evacuation Pause) 2469M->16M(4096M) 4.307ms
[2025-05-18T20:13:15.291+0300][18824][23432][info][gc,cpu         ] GC(7) User=0.00s Sys=0.00s Real=0.00s
[2025-05-18T20:14:32.950+0300][18824][23432][info][gc,start       ] GC(8) Pause Young (Normal) (G1 Evacuation Pause)
[2025-05-18T20:14:32.950+0300][18824][23432][info][gc,task        ] GC(8) Using 8 workers of 8 for evacuation
[2025-05-18T20:14:32.955+0300][18824][23432][info][gc,phases      ] GC(8)   Pre Evacuate Collection Set: 0.6ms
[2025-05-18T20:14:32.955+0300][18824][23432][info][gc,phases      ] GC(8)   Merge Heap Roots: 0.3ms
[2025-05-18T20:14:32.955+0300][18824][23432][info][gc,phases      ] GC(8)   Evacuate Collection Set: 1.7ms
[2025-05-18T20:14:32.955+0300][18824][23432][info][gc,phases      ] GC(8)   Post Evacuate Collection Set: 1.4ms
[2025-05-18T20:14:32.955+0300][18824][23432][info][gc,phases      ] GC(8)   Other: 0.2ms
[2025-05-18T20:14:32.955+0300][18824][23432][info][gc,heap        ] GC(8) Eden regions: 1226->0(1226)
[2025-05-18T20:14:32.955+0300][18824][23432][info][gc,heap        ] GC(8) Survivor regions: 2->2(154)
[2025-05-18T20:14:32.955+0300][18824][23432][info][gc,heap        ] GC(8) Old regions: 10->10
[2025-05-18T20:14:32.955+0300][18824][23432][info][gc,heap        ] GC(8) Humongous regions: 0->0
[2025-05-18T20:14:32.955+0300][18824][23432][info][gc,metaspace   ] GC(8) Metaspace: 34333K(35520K)->34333K(35520K) NonClass: 31472K(32192K)->31472K(32192K) Class: 2860K(3328K)->2860K(3328K)
[2025-05-18T20:14:32.955+0300][18824][23432][info][gc             ] GC(8) Pause Young (Normal) (G1 Evacuation Pause) 2468M->16M(4096M) 4.535ms
[2025-05-18T20:14:32.955+0300][18824][23432][info][gc,cpu         ] GC(8) User=0.02s Sys=0.00s Real=0.00s
[2025-05-18T20:14:47.581+0300][18824][23432][info][gc,start       ] GC(9) Pause Full (System.gc())
[2025-05-18T20:14:47.581+0300][18824][23432][info][gc,task        ] GC(9) Using 8 workers of 8 for full compaction
[2025-05-18T20:14:47.581+0300][18824][23432][info][gc,phases,start] GC(9) Phase 1: Mark live objects
[2025-05-18T20:14:47.605+0300][18824][23432][info][gc,phases      ] GC(9) Phase 1: Mark live objects 24.205ms
[2025-05-18T20:14:47.605+0300][18824][23432][info][gc,phases,start] GC(9) Phase 2: Prepare compaction
[2025-05-18T20:14:47.607+0300][18824][23432][info][gc,phases      ] GC(9) Phase 2: Prepare compaction 1.216ms
[2025-05-18T20:14:47.607+0300][18824][23432][info][gc,phases,start] GC(9) Phase 3: Adjust pointers
[2025-05-18T20:14:47.615+0300][18824][23432][info][gc,phases      ] GC(9) Phase 3: Adjust pointers 8.165ms
[2025-05-18T20:14:47.615+0300][18824][23432][info][gc,phases,start] GC(9) Phase 4: Compact heap
[2025-05-18T20:14:47.616+0300][18824][23432][info][gc,phases      ] GC(9) Phase 4: Compact heap 1.570ms
[2025-05-18T20:14:47.616+0300][18824][23432][info][gc,phases,start] GC(9) Phase 5: Reset Metadata
[2025-05-18T20:14:47.618+0300][18824][23432][info][gc,phases      ] GC(9) Phase 5: Reset Metadata 1.406ms
[2025-05-18T20:14:47.628+0300][18824][23432][info][gc,heap        ] GC(9) Eden regions: 235->0(1228)
[2025-05-18T20:14:47.628+0300][18824][23432][info][gc,heap        ] GC(9) Survivor regions: 2->0(154)
[2025-05-18T20:14:47.628+0300][18824][23432][info][gc,heap        ] GC(9) Old regions: 10->10
[2025-05-18T20:14:47.628+0300][18824][23432][info][gc,heap        ] GC(9) Humongous regions: 0->0
[2025-05-18T20:14:47.628+0300][18824][23432][info][gc,metaspace   ] GC(9) Metaspace: 34347K(35520K)->33292K(35520K) NonClass: 31485K(32192K)->30508K(32192K) Class: 2861K(3328K)->2784K(3328K)
[2025-05-18T20:14:47.628+0300][18824][23432][info][gc             ] GC(9) Pause Full (System.gc()) 484M->13M(4096M) 47.319ms
[2025-05-18T20:14:47.628+0300][18824][23432][info][gc,cpu         ] GC(9) User=0.11s Sys=0.06s Real=0.05s
[2025-05-18T20:16:05.189+0300][18824][23432][info][gc,start       ] GC(10) Pause Young (Normal) (G1 Evacuation Pause)
[2025-05-18T20:16:05.189+0300][18824][23432][info][gc,task        ] GC(10) Using 8 workers of 8 for evacuation
[2025-05-18T20:16:05.192+0300][18824][23432][info][gc,phases      ] GC(10)   Pre Evacuate Collection Set: 0.3ms
[2025-05-18T20:16:05.192+0300][18824][23432][info][gc,phases      ] GC(10)   Merge Heap Roots: 0.2ms
[2025-05-18T20:16:05.192+0300][18824][23432][info][gc,phases      ] GC(10)   Evacuate Collection Set: 1.4ms
[2025-05-18T20:16:05.192+0300][18824][23432][info][gc,phases      ] GC(10)   Post Evacuate Collection Set: 1.1ms
[2025-05-18T20:16:05.192+0300][18824][23432][info][gc,phases      ] GC(10)   Other: 0.1ms
[2025-05-18T20:16:05.192+0300][18824][23432][info][gc,heap        ] GC(10) Eden regions: 1228->0(1226)
[2025-05-18T20:16:05.192+0300][18824][23432][info][gc,heap        ] GC(10) Survivor regions: 0->2(154)
[2025-05-18T20:16:05.192+0300][18824][23432][info][gc,heap        ] GC(10) Old regions: 10->10
[2025-05-18T20:16:05.192+0300][18824][23432][info][gc,heap        ] GC(10) Humongous regions: 0->0
[2025-05-18T20:16:05.192+0300][18824][23432][info][gc,metaspace   ] GC(10) Metaspace: 34370K(35520K)->34370K(35520K) NonClass: 31508K(32192K)->31508K(32192K) Class: 2861K(3328K)->2861K(3328K)
[2025-05-18T20:16:05.192+0300][18824][23432][info][gc             ] GC(10) Pause Young (Normal) (G1 Evacuation Pause) 2469M->16M(4096M) 3.420ms
[2025-05-18T20:16:05.193+0300][18824][23432][info][gc,cpu         ] GC(10) User=0.00s Sys=0.00s Real=0.00s
[2025-05-18T20:17:23.074+0300][18824][23432][info][gc,start       ] GC(11) Pause Young (Normal) (G1 Evacuation Pause)
[2025-05-18T20:17:23.074+0300][18824][23432][info][gc,task        ] GC(11) Using 8 workers of 8 for evacuation
[2025-05-18T20:17:23.079+0300][18824][23432][info][gc,phases      ] GC(11)   Pre Evacuate Collection Set: 0.7ms
[2025-05-18T20:17:23.079+0300][18824][23432][info][gc,phases      ] GC(11)   Merge Heap Roots: 0.4ms
[2025-05-18T20:17:23.079+0300][18824][23432][info][gc,phases      ] GC(11)   Evacuate Collection Set: 1.7ms
[2025-05-18T20:17:23.079+0300][18824][23432][info][gc,phases      ] GC(11)   Post Evacuate Collection Set: 1.2ms
[2025-05-18T20:17:23.079+0300][18824][23432][info][gc,phases      ] GC(11)   Other: 0.2ms
[2025-05-18T20:17:23.079+0300][18824][23432][info][gc,heap        ] GC(11) Eden regions: 1226->0(1226)
[2025-05-18T20:17:23.079+0300][18824][23432][info][gc,heap        ] GC(11) Survivor regions: 2->2(154)
[2025-05-18T20:17:23.079+0300][18824][23432][info][gc,heap        ] GC(11) Old regions: 10->10
[2025-05-18T20:17:23.079+0300][18824][23432][info][gc,heap        ] GC(11) Humongous regions: 0->0
[2025-05-18T20:17:23.079+0300][18824][23432][info][gc,metaspace   ] GC(11) Metaspace: 34374K(35520K)->34374K(35520K) NonClass: 31512K(32192K)->31512K(32192K) Class: 2861K(3328K)->2861K(3328K)
[2025-05-18T20:17:23.079+0300][18824][23432][info][gc             ] GC(11) Pause Young (Normal) (G1 Evacuation Pause) 2468M->16M(4096M) 4.521ms
[2025-05-18T20:17:23.079+0300][18824][23432][info][gc,cpu         ] GC(11) User=0.00s Sys=0.00s Real=0.01s
[2025-05-18T20:17:38.527+0300][18824][6684 ][info][gc,heap,exit   ] Heap
[2025-05-18T20:17:38.527+0300][18824][6684 ][info][gc,heap,exit   ]  garbage-first heap   total 4194304K, used 495632K [0x0000000700000000, 0x0000000800000000)
[2025-05-18T20:17:38.527+0300][18824][6684 ][info][gc,heap,exit   ]   region size 2048K, 236 young (483328K), 2 survivors (4096K)
[2025-05-18T20:17:38.527+0300][18824][6684 ][info][gc,heap,exit   ]  Metaspace       used 34423K, committed 35584K, reserved 1114112K
[2025-05-18T20:17:38.527+0300][18824][6684 ][info][gc,heap,exit   ]   class space    used 2865K, committed 3328K, reserved 1048576K
