[2025-06-17T22:49:21.938+0300][18640][7304][debug][gc,heap] Minimum heap 2147483648  Initial heap 2147483648  Maximum heap 2147483648
[2025-06-17T22:49:21.938+0300][18640][7304][info ][gc     ] Using G1
[2025-06-17T22:49:21.938+0300][18640][7304][debug][gc     ] ConcGCThreads: 2 offset 16
[2025-06-17T22:49:21.938+0300][18640][7304][debug][gc     ] ParallelGCThreads: 8
[2025-06-17T22:49:21.938+0300][18640][7304][debug][gc     ] Initialize mark stack with 4096 chunks, maximum 524288
[2025-06-17T22:49:23.033+0300][18640][17704][debug][safepoint] Safepoint synchronization initiated using striped semaphore wait barrier. (11 threads)
[2025-06-17T22:49:23.033+0300][18640][17704][info ][safepoint] Safepoint "Cleanup", Time since last: 1064166500 ns, Reaching safepoint: 2284300 ns, Cleanup: 35800 ns, At safepoint: 5300 ns, Total: 2325400 ns
[2025-06-17T22:49:23.652+0300][18640][17704][debug][safepoint] Safepoint synchronization initiated using striped semaphore wait barrier. (12 threads)
[2025-06-17T22:49:23.652+0300][18640][17704][debug][gc,heap  ] GC(0) Heap before GC invocations=0 (full 0):
[2025-06-17T22:49:23.652+0300][18640][17704][debug][gc,heap  ] GC(0)  garbage-first heap   total 2097152K, used 103424K [0x0000000080000000, 0x0000000100000000)
[2025-06-17T22:49:23.652+0300][18640][17704][debug][gc,heap  ] GC(0)   region size 1024K, 102 young (104448K), 0 survivors (0K)
[2025-06-17T22:49:23.652+0300][18640][17704][debug][gc,heap  ] GC(0)  Metaspace       used 2746K, committed 2944K, reserved 1114112K
[2025-06-17T22:49:23.652+0300][18640][17704][debug][gc,heap  ] GC(0)   class space    used 244K, committed 320K, reserved 1048576K
[2025-06-17T22:49:23.652+0300][18640][17704][info ][gc,phases] GC(0)   Pre Evacuate Collection Set: 0.3ms
[2025-06-17T22:49:23.652+0300][18640][17704][debug][gc,phases] GC(0)     Pre Evacuate Prepare: 0.0ms
[2025-06-17T22:49:23.652+0300][18640][17704][debug][gc,phases] GC(0)       JT Retire TLABs And Flush Logs (ms): Min:  0.0, Avg:  0.0, Max:  0.0, Diff:  0.0, Sum:  0.0, Workers: 2
[2025-06-17T22:49:23.652+0300][18640][17704][debug][gc,phases] GC(0)       Non-JT Flush Logs (ms):        Min:  0.0, Avg:  0.0, Max:  0.0, Diff:  0.0, Sum:  0.0, Workers: 1
[2025-06-17T22:49:23.652+0300][18640][17704][debug][gc,phases] GC(0)     Choose Collection Set: 0.0ms
[2025-06-17T22:49:23.652+0300][18640][17704][debug][gc,phases] GC(0)     Region Register: 0.3ms
[2025-06-17T22:49:23.652+0300][18640][17704][debug][gc,phases] GC(0)     Prepare Heap Roots: 0.0ms
[2025-06-17T22:49:23.652+0300][18640][17704][info ][gc,phases] GC(0)   Merge Heap Roots: 0.1ms
[2025-06-17T22:49:23.652+0300][18640][17704][debug][gc,phases] GC(0)     Prepare Merge Heap Roots: 0.0ms
[2025-06-17T22:49:23.652+0300][18640][17704][debug][gc,phases] GC(0)     Remembered Sets (ms):          Min:  0.0, Avg:  0.0, Max:  0.0, Diff:  0.0, Sum:  0.1, Workers: 8
[2025-06-17T22:49:23.652+0300][18640][17704][debug][gc,phases] GC(0)       Eager Reclaim (ms):            skipped
[2025-06-17T22:49:23.652+0300][18640][17704][debug][gc,phases] GC(0)       Merged Inline                  Min: 0, Avg:  0.0, Max: 0, Diff: 0, Sum: 0, Workers: 8
[2025-06-17T22:49:23.652+0300][18640][17704][debug][gc,phases] GC(0)       Merged ArrayOfCards            Min: 0, Avg:  0.0, Max: 0, Diff: 0, Sum: 0, Workers: 8
[2025-06-17T22:49:23.652+0300][18640][17704][debug][gc,phases] GC(0)       Merged Howl                    Min: 0, Avg:  0.0, Max: 0, Diff: 0, Sum: 0, Workers: 8
[2025-06-17T22:49:23.652+0300][18640][17704][debug][gc,phases] GC(0)       Merged Full                    Min: 0, Avg:  0.0, Max: 0, Diff: 0, Sum: 0, Workers: 8
[2025-06-17T22:49:23.652+0300][18640][17704][debug][gc,phases] GC(0)       Merged Howl Inline             Min: 0, Avg:  0.0, Max: 0, Diff: 0, Sum: 0, Workers: 8
[2025-06-17T22:49:23.652+0300][18640][17704][debug][gc,phases] GC(0)       Merged Howl ArrayOfCards       Min: 0, Avg:  0.0, Max: 0, Diff: 0, Sum: 0, Workers: 8
[2025-06-17T22:49:23.652+0300][18640][17704][debug][gc,phases] GC(0)       Merged Howl BitMap             Min: 0, Avg:  0.0, Max: 0, Diff: 0, Sum: 0, Workers: 8
[2025-06-17T22:49:23.652+0300][18640][17704][debug][gc,phases] GC(0)       Merged Howl Full               Min: 0, Avg:  0.0, Max: 0, Diff: 0, Sum: 0, Workers: 8
[2025-06-17T22:49:23.652+0300][18640][17704][debug][gc,phases] GC(0)       Merged Cards                   Min: 8, Avg:  8.0, Max: 8, Diff: 0, Sum: 64, Workers: 8
[2025-06-17T22:49:23.652+0300][18640][17704][debug][gc,phases] GC(0)     Log Buffers (ms):              Min:  0.0, Avg:  0.0, Max:  0.0, Diff:  0.0, Sum:  0.0, Workers: 8
[2025-06-17T22:49:23.652+0300][18640][17704][debug][gc,phases] GC(0)       Dirty Cards:                   Min: 0, Avg:  0.0, Max: 0, Diff: 0, Sum: 0, Workers: 8
[2025-06-17T22:49:23.652+0300][18640][17704][debug][gc,phases] GC(0)       Skipped Cards:                 Min: 0, Avg:  0.0, Max: 0, Diff: 0, Sum: 0, Workers: 8
[2025-06-17T22:49:23.652+0300][18640][17704][info ][gc,phases] GC(0)   Evacuate Collection Set: 1.4ms
[2025-06-17T22:49:23.652+0300][18640][17704][debug][gc,phases] GC(0)     Ext Root Scanning (ms):        Min:  0.0, Avg:  0.2, Max:  0.5, Diff:  0.5, Sum:  1.2, Workers: 8
[2025-06-17T22:49:23.652+0300][18640][17704][debug][gc,phases] GC(0)     Scan Heap Roots (ms):          Min:  0.0, Avg:  0.0, Max:  0.0, Diff:  0.0, Sum:  0.0, Workers: 8
[2025-06-17T22:49:23.652+0300][18640][17704][debug][gc,phases] GC(0)       Scanned Cards:                 Min: 0, Avg:  0.0, Max: 0, Diff: 0, Sum: 0, Workers: 8
[2025-06-17T22:49:23.652+0300][18640][17704][debug][gc,phases] GC(0)       Scanned Blocks:                Min: 0, Avg:  0.0, Max: 0, Diff: 0, Sum: 0, Workers: 8
[2025-06-17T22:49:23.652+0300][18640][17704][debug][gc,phases] GC(0)       Claimed Chunks:                Min: 0, Avg:  0.0, Max: 0, Diff: 0, Sum: 0, Workers: 8
[2025-06-17T22:49:23.652+0300][18640][17704][debug][gc,phases] GC(0)       Found Roots:                   Min: 0, Avg:  0.0, Max: 0, Diff: 0, Sum: 0, Workers: 8
[2025-06-17T22:49:23.652+0300][18640][17704][debug][gc,phases] GC(0)     Code Root Scan (ms):           Min:  0.0, Avg:  0.1, Max:  0.2, Diff:  0.2, Sum:  0.9, Workers: 8
[2025-06-17T22:49:23.652+0300][18640][17704][debug][gc,phases] GC(0)       Scanned Nmethods               Min: 0, Avg: 49.8, Max: 109, Diff: 109, Sum: 398, Workers: 8
[2025-06-17T22:49:23.652+0300][18640][17704][debug][gc,phases] GC(0)     Object Copy (ms):              Min:  0.8, Avg:  0.9, Max:  1.2, Diff:  0.4, Sum:  7.4, Workers: 8
[2025-06-17T22:49:23.652+0300][18640][17704][debug][gc,phases] GC(0)     Termination (ms):              Min:  0.0, Avg:  0.1, Max:  0.1, Diff:  0.1, Sum:  0.9, Workers: 8
[2025-06-17T22:49:23.652+0300][18640][17704][debug][gc,phases] GC(0)       Termination Attempts:          Min: 1, Avg: 22.0, Max: 29, Diff: 28, Sum: 176, Workers: 8
[2025-06-17T22:49:23.652+0300][18640][17704][debug][gc,phases] GC(0)     GC Worker Other (ms):          Min:  0.0, Avg:  0.0, Max:  0.0, Diff:  0.0, Sum:  0.2, Workers: 8
[2025-06-17T22:49:23.652+0300][18640][17704][debug][gc,phases] GC(0)     GC Worker Total (ms):          Min:  1.3, Avg:  1.3, Max:  1.3, Diff:  0.1, Sum: 10.6, Workers: 8
[2025-06-17T22:49:23.652+0300][18640][17704][info ][gc,phases] GC(0)   Post Evacuate Collection Set: 0.4ms
[2025-06-17T22:49:23.652+0300][18640][17704][debug][gc,phases] GC(0)     NMethod List Cleanup: 0.0ms
[2025-06-17T22:49:23.652+0300][18640][17704][debug][gc,phases] GC(0)     Reference Processing: 0.0ms
[2025-06-17T22:49:23.652+0300][18640][17704][debug][gc,phases] GC(0)     Weak Processing: 0.1ms
[2025-06-17T22:49:23.652+0300][18640][17704][debug][gc,phases] GC(0)       VM Weak                        Min:  0.0, Avg:  0.0, Max:  0.0, Diff:  0.0, Sum:  0.0, Workers: 5
[2025-06-17T22:49:23.652+0300][18640][17704][debug][gc,phases] GC(0)         Dead                           Min: 0, Avg:  0.0, Max: 0, Diff: 0, Sum: 0, Workers: 5
[2025-06-17T22:49:23.652+0300][18640][17704][debug][gc,phases] GC(0)         Total                          Min: 0, Avg:  3.8, Max: 19, Diff: 19, Sum: 19, Workers: 5
[2025-06-17T22:49:23.652+0300][18640][17704][debug][gc,phases] GC(0)       ObjectSynchronizer Weak        Min:  0.0, Avg:  0.0, Max:  0.0, Diff:  0.0, Sum:  0.0, Workers: 5
[2025-06-17T22:49:23.652+0300][18640][17704][debug][gc,phases] GC(0)         Dead                           Min: 0, Avg:  0.0, Max: 0, Diff: 0, Sum: 0, Workers: 5
[2025-06-17T22:49:23.652+0300][18640][17704][debug][gc,phases] GC(0)         Total                          Min: 0, Avg:  0.2, Max: 1, Diff: 1, Sum: 1, Workers: 5
[2025-06-17T22:49:23.652+0300][18640][17704][debug][gc,phases] GC(0)       JVMTI Tag Weak OopStorage      Min:  0.0, Avg:  0.0, Max:  0.0, Diff:  0.0, Sum:  0.0, Workers: 5
[2025-06-17T22:49:23.652+0300][18640][17704][debug][gc,phases] GC(0)         Dead                           Min: 0, Avg:  0.0, Max: 0, Diff: 0, Sum: 0, Workers: 5
[2025-06-17T22:49:23.652+0300][18640][17704][debug][gc,phases] GC(0)         Total                          Min: 0, Avg:  0.0, Max: 0, Diff: 0, Sum: 0, Workers: 5
[2025-06-17T22:49:23.652+0300][18640][17704][debug][gc,phases] GC(0)       StringTable Weak               Min:  0.0, Avg:  0.0, Max:  0.0, Diff:  0.0, Sum:  0.1, Workers: 5
[2025-06-17T22:49:23.652+0300][18640][17704][debug][gc,phases] GC(0)         Dead                           Min: 0, Avg:  1.0, Max: 2, Diff: 2, Sum: 5, Workers: 5
[2025-06-17T22:49:23.652+0300][18640][17704][debug][gc,phases] GC(0)         Total                          Min: 0, Avg: 841.0, Max: 1197, Diff: 1197, Sum: 4205, Workers: 5
[2025-06-17T22:49:23.652+0300][18640][17704][debug][gc,phases] GC(0)       ResolvedMethodTable Weak       Min:  0.0, Avg:  0.0, Max:  0.0, Diff:  0.0, Sum:  0.0, Workers: 5
[2025-06-17T22:49:23.652+0300][18640][17704][debug][gc,phases] GC(0)         Dead                           Min: 0, Avg:  4.0, Max: 13, Diff: 13, Sum: 20, Workers: 5
[2025-06-17T22:49:23.652+0300][18640][17704][debug][gc,phases] GC(0)         Total                          Min: 0, Avg: 39.8, Max: 64, Diff: 64, Sum: 199, Workers: 5
[2025-06-17T22:49:23.652+0300][18640][17704][debug][gc,phases] GC(0)       JNI Weak                       Min:  0.0, Avg:  0.0, Max:  0.0, Diff:  0.0, Sum:  0.0, Workers: 5
[2025-06-17T22:49:23.652+0300][18640][17704][debug][gc,phases] GC(0)         Dead                           Min: 0, Avg:  0.0, Max: 0, Diff: 0, Sum: 0, Workers: 5
[2025-06-17T22:49:23.652+0300][18640][17704][debug][gc,phases] GC(0)         Total                          Min: 0, Avg:  0.0, Max: 0, Diff: 0, Sum: 0, Workers: 5
[2025-06-17T22:49:23.652+0300][18640][17704][debug][gc,phases] GC(0)       StringDedup Table Weak         Min:  0.0, Avg:  0.0, Max:  0.0, Diff:  0.0, Sum:  0.0, Workers: 5
[2025-06-17T22:49:23.652+0300][18640][17704][debug][gc,phases] GC(0)         Dead                           Min: 0, Avg:  0.0, Max: 0, Diff: 0, Sum: 0, Workers: 5
[2025-06-17T22:49:23.652+0300][18640][17704][debug][gc,phases] GC(0)         Total                          Min: 0, Avg:  0.0, Max: 0, Diff: 0, Sum: 0, Workers: 5
[2025-06-17T22:49:23.652+0300][18640][17704][debug][gc,phases] GC(0)       StringDedup Requests0 Weak     Min:  0.0, Avg:  0.0, Max:  0.0, Diff:  0.0, Sum:  0.0, Workers: 5
[2025-06-17T22:49:23.652+0300][18640][17704][debug][gc,phases] GC(0)         Dead                           Min: 0, Avg:  0.0, Max: 0, Diff: 0, Sum: 0, Workers: 5
[2025-06-17T22:49:23.652+0300][18640][17704][debug][gc,phases] GC(0)         Total                          Min: 0, Avg:  0.0, Max: 0, Diff: 0, Sum: 0, Workers: 5
[2025-06-17T22:49:23.652+0300][18640][17704][debug][gc,phases] GC(0)       StringDedup Requests1 Weak     Min:  0.0, Avg:  0.0, Max:  0.0, Diff:  0.0, Sum:  0.0, Workers: 5
[2025-06-17T22:49:23.652+0300][18640][17704][debug][gc,phases] GC(0)         Dead                           Min: 0, Avg:  0.0, Max: 0, Diff: 0, Sum: 0, Workers: 5
[2025-06-17T22:49:23.652+0300][18640][17704][debug][gc,phases] GC(0)         Total                          Min: 0, Avg:  0.0, Max: 0, Diff: 0, Sum: 0, Workers: 5
[2025-06-17T22:49:23.652+0300][18640][17704][debug][gc,phases] GC(0)       Weak JFR Old Object Samples    Min:  0.0, Avg:  0.0, Max:  0.0, Diff:  0.0, Sum:  0.0, Workers: 5
[2025-06-17T22:49:23.652+0300][18640][17704][debug][gc,phases] GC(0)         Dead                           Min: 0, Avg:  0.0, Max: 0, Diff: 0, Sum: 0, Workers: 5
[2025-06-17T22:49:23.652+0300][18640][17704][debug][gc,phases] GC(0)         Total                          Min: 0, Avg:  0.0, Max: 0, Diff: 0, Sum: 0, Workers: 5
[2025-06-17T22:49:23.652+0300][18640][17704][debug][gc,phases] GC(0)     Post Evacuate Cleanup 1: 0.1ms
[2025-06-17T22:49:23.652+0300][18640][17704][debug][gc,phases] GC(0)       Merge Per-Thread State (ms):   Min:  0.0, Avg:  0.0, Max:  0.0, Diff:  0.0, Sum:  0.0, Workers: 1
[2025-06-17T22:49:23.652+0300][18640][17704][debug][gc,phases] GC(0)         Copied Bytes                   Min: 215624, Avg: 309153.0, Max: 512184, Diff: 296560, Sum: 2473224, Workers: 8
[2025-06-17T22:49:23.652+0300][18640][17704][debug][gc,phases] GC(0)         LAB Waste                      Min: 264, Avg: 663.0, Max: 1496, Diff: 1232, Sum: 5304, Workers: 8
[2025-06-17T22:49:23.652+0300][18640][17704][debug][gc,phases] GC(0)         LAB Undo Waste                 Min: 0, Avg:  0.0, Max: 0, Diff: 0, Sum: 0, Workers: 8
[2025-06-17T22:49:23.652+0300][18640][17704][debug][gc,phases] GC(0)       Clear Logged Cards (ms):       Min:  0.0, Avg:  0.0, Max:  0.0, Diff:  0.0, Sum:  0.0, Workers: 3
[2025-06-17T22:49:23.652+0300][18640][17704][debug][gc,phases] GC(0)       Recalculate Used Memory (ms):  Min:  0.0, Avg:  0.0, Max:  0.0, Diff:  0.0, Sum:  0.0, Workers: 1
[2025-06-17T22:49:23.652+0300][18640][17704][debug][gc,phases] GC(0)     Post Evacuate Cleanup 2: 0.1ms
[2025-06-17T22:49:23.652+0300][18640][17704][debug][gc,phases] GC(0)       Update Derived Pointers (ms):  Min:  0.0, Avg:  0.0, Max:  0.0, Diff:  0.0, Sum:  0.0, Workers: 1
[2025-06-17T22:49:23.652+0300][18640][17704][debug][gc,phases] GC(0)       Eagerly Reclaim Humongous Objects (ms): skipped
[2025-06-17T22:49:23.652+0300][18640][17704][debug][gc,phases] GC(0)         Humongous Total                skipped
[2025-06-17T22:49:23.652+0300][18640][17704][debug][gc,phases] GC(0)         Humongous Candidates           skipped
[2025-06-17T22:49:23.652+0300][18640][17704][debug][gc,phases] GC(0)         Humongous Reclaimed            skipped
[2025-06-17T22:49:23.652+0300][18640][17704][debug][gc,phases] GC(0)       Redirty Logged Cards (ms):     Min:  0.0, Avg:  0.0, Max:  0.0, Diff:  0.0, Sum:  0.0, Workers: 8
[2025-06-17T22:49:23.652+0300][18640][17704][debug][gc,phases] GC(0)         Redirtied Cards:               Min: 0, Avg:  0.0, Max: 0, Diff: 0, Sum: 0, Workers: 8
[2025-06-17T22:49:23.652+0300][18640][17704][debug][gc,phases] GC(0)       Resize TLABs (ms):             Min:  0.0, Avg:  0.0, Max:  0.0, Diff:  0.0, Sum:  0.0, Workers: 8
[2025-06-17T22:49:23.652+0300][18640][17704][debug][gc,phases] GC(0)       Free Collection Set (ms):      Min:  0.0, Avg:  0.0, Max:  0.1, Diff:  0.1, Sum:  0.2, Workers: 8
[2025-06-17T22:49:23.652+0300][18640][17704][debug][gc,phases] GC(0)     Rebuild Free List: 0.1ms
[2025-06-17T22:49:23.652+0300][18640][17704][debug][gc,phases] GC(0)     Prepare For Mutator: 0.0ms
[2025-06-17T22:49:23.652+0300][18640][17704][debug][gc,phases] GC(0)     Expand Heap After Collection: 0.0ms
[2025-06-17T22:49:23.652+0300][18640][17704][info ][gc,phases] GC(0)   Other: 0.3ms
[2025-06-17T22:49:23.652+0300][18640][17704][info ][gc,heap  ] GC(0) Eden regions: 102->0(112)
[2025-06-17T22:49:23.652+0300][18640][17704][info ][gc,heap  ] GC(0) Survivor regions: 0->3(13)
[2025-06-17T22:49:23.652+0300][18640][17704][info ][gc,heap  ] GC(0) Old regions: 0->0
[2025-06-17T22:49:23.652+0300][18640][17704][info ][gc,heap  ] GC(0) Humongous regions: 0->0
[2025-06-17T22:49:23.652+0300][18640][17704][debug][gc,heap  ] GC(0) Heap after GC invocations=1 (full 0):
[2025-06-17T22:49:23.652+0300][18640][17704][debug][gc,heap  ] GC(0)  garbage-first heap   total 2097152K, used 2696K [0x0000000080000000, 0x0000000100000000)
[2025-06-17T22:49:23.652+0300][18640][17704][debug][gc,heap  ] GC(0)   region size 1024K, 3 young (3072K), 3 survivors (3072K)
[2025-06-17T22:49:23.652+0300][18640][17704][debug][gc,heap  ] GC(0)  Metaspace       used 2746K, committed 2944K, reserved 1114112K
[2025-06-17T22:49:23.652+0300][18640][17704][debug][gc,heap  ] GC(0)   class space    used 244K, committed 320K, reserved 1048576K
[2025-06-17T22:49:23.668+0300][18640][17704][info ][gc       ] GC(0) Pause Young (Normal) (G1 Evacuation Pause) 101M->2M(2048M) 3.658ms
[2025-06-17T22:49:23.668+0300][18640][17704][info ][safepoint] Safepoint "G1CollectForAllocation", Time since last: 628728900 ns, Reaching safepoint: 46000 ns, Cleanup: 28400 ns, At safepoint: 3688800 ns, Total: 3763200 ns
[2025-06-17T22:49:23.732+0300][18640][17704][debug][safepoint] Safepoint synchronization initiated using striped semaphore wait barrier. (12 threads)
[2025-06-17T22:49:23.732+0300][18640][17704][debug][gc,heap  ] GC(1) Heap before GC invocations=1 (full 0):
[2025-06-17T22:49:23.732+0300][18640][17704][debug][gc,heap  ] GC(1)  garbage-first heap   total 2097152K, used 48776K [0x0000000080000000, 0x0000000100000000)
[2025-06-17T22:49:23.732+0300][18640][17704][debug][gc,heap  ] GC(1)   region size 1024K, 50 young (51200K), 3 survivors (3072K)
[2025-06-17T22:49:23.732+0300][18640][17704][debug][gc,heap  ] GC(1)  Metaspace       used 2843K, committed 3072K, reserved 1114112K
[2025-06-17T22:49:23.732+0300][18640][17704][debug][gc,heap  ] GC(1)   class space    used 255K, committed 384K, reserved 1048576K
[2025-06-17T22:49:23.732+0300][18640][17704][debug][gc,phases] GC(1) Phase 1: Reference Processing 0.180ms
[2025-06-17T22:49:23.732+0300][18640][17704][debug][gc,phases] GC(1)   VM Weak                        Min:  0.0, Avg:  0.0, Max:  0.0, Diff:  0.0, Sum:  0.0, Workers: 5
[2025-06-17T22:49:23.732+0300][18640][17704][debug][gc,phases] GC(1)     Dead                           Min: 0, Avg:  0.0, Max: 0, Diff: 0, Sum: 0, Workers: 5
[2025-06-17T22:49:23.732+0300][18640][17704][debug][gc,phases] GC(1)     Total                          Min: 0, Avg:  4.0, Max: 20, Diff: 20, Sum: 20, Workers: 5
[2025-06-17T22:49:23.732+0300][18640][17704][debug][gc,phases] GC(1)   ObjectSynchronizer Weak        Min:  0.0, Avg:  0.0, Max:  0.0, Diff:  0.0, Sum:  0.0, Workers: 5
[2025-06-17T22:49:23.732+0300][18640][17704][debug][gc,phases] GC(1)     Dead                           Min: 0, Avg:  0.0, Max: 0, Diff: 0, Sum: 0, Workers: 5
[2025-06-17T22:49:23.732+0300][18640][17704][debug][gc,phases] GC(1)     Total                          Min: 0, Avg:  0.2, Max: 1, Diff: 1, Sum: 1, Workers: 5
[2025-06-17T22:49:23.732+0300][18640][17704][debug][gc,phases] GC(1)   JVMTI Tag Weak OopStorage      Min:  0.0, Avg:  0.0, Max:  0.0, Diff:  0.0, Sum:  0.0, Workers: 5
[2025-06-17T22:49:23.732+0300][18640][17704][debug][gc,phases] GC(1)     Dead                           Min: 0, Avg:  0.0, Max: 0, Diff: 0, Sum: 0, Workers: 5
[2025-06-17T22:49:23.732+0300][18640][17704][debug][gc,phases] GC(1)     Total                          Min: 0, Avg:  0.0, Max: 0, Diff: 0, Sum: 0, Workers: 5
[2025-06-17T22:49:23.732+0300][18640][17704][debug][gc,phases] GC(1)   StringTable Weak               Min:  0.0, Avg:  0.0, Max:  0.0, Diff:  0.0, Sum:  0.0, Workers: 5
[2025-06-17T22:49:23.732+0300][18640][17704][debug][gc,phases] GC(1)     Dead                           Min: 0, Avg:  0.2, Max: 1, Diff: 1, Sum: 1, Workers: 5
[2025-06-17T22:49:23.732+0300][18640][17704][debug][gc,phases] GC(1)     Total                          Min: 0, Avg: 849.4, Max: 4247, Diff: 4247, Sum: 4247, Workers: 5
[2025-06-17T22:49:23.732+0300][18640][17704][debug][gc,phases] GC(1)   ResolvedMethodTable Weak       Min:  0.0, Avg:  0.0, Max:  0.0, Diff:  0.0, Sum:  0.0, Workers: 5
[2025-06-17T22:49:23.732+0300][18640][17704][debug][gc,phases] GC(1)     Dead                           Min: 0, Avg:  0.2, Max: 1, Diff: 1, Sum: 1, Workers: 5
[2025-06-17T22:49:23.732+0300][18640][17704][debug][gc,phases] GC(1)     Total                          Min: 0, Avg: 40.4, Max: 202, Diff: 202, Sum: 202, Workers: 5
[2025-06-17T22:49:23.732+0300][18640][17704][debug][gc,phases] GC(1)   JNI Weak                       Min:  0.0, Avg:  0.0, Max:  0.0, Diff:  0.0, Sum:  0.0, Workers: 5
[2025-06-17T22:49:23.732+0300][18640][17704][debug][gc,phases] GC(1)     Dead                           Min: 0, Avg:  0.0, Max: 0, Diff: 0, Sum: 0, Workers: 5
[2025-06-17T22:49:23.732+0300][18640][17704][debug][gc,phases] GC(1)     Total                          Min: 0, Avg:  0.0, Max: 0, Diff: 0, Sum: 0, Workers: 5
[2025-06-17T22:49:23.732+0300][18640][17704][debug][gc,phases] GC(1)   StringDedup Table Weak         Min:  0.0, Avg:  0.0, Max:  0.0, Diff:  0.0, Sum:  0.0, Workers: 5
[2025-06-17T22:49:23.732+0300][18640][17704][debug][gc,phases] GC(1)     Dead                           Min: 0, Avg:  0.0, Max: 0, Diff: 0, Sum: 0, Workers: 5
[2025-06-17T22:49:23.732+0300][18640][17704][debug][gc,phases] GC(1)     Total                          Min: 0, Avg:  0.0, Max: 0, Diff: 0, Sum: 0, Workers: 5
[2025-06-17T22:49:23.732+0300][18640][17704][debug][gc,phases] GC(1)   StringDedup Requests0 Weak     Min:  0.0, Avg:  0.0, Max:  0.0, Diff:  0.0, Sum:  0.0, Workers: 5
[2025-06-17T22:49:23.732+0300][18640][17704][debug][gc,phases] GC(1)     Dead                           Min: 0, Avg:  0.0, Max: 0, Diff: 0, Sum: 0, Workers: 5
[2025-06-17T22:49:23.732+0300][18640][17704][debug][gc,phases] GC(1)     Total                          Min: 0, Avg:  0.0, Max: 0, Diff: 0, Sum: 0, Workers: 5
[2025-06-17T22:49:23.732+0300][18640][17704][debug][gc,phases] GC(1)   StringDedup Requests1 Weak     Min:  0.0, Avg:  0.0, Max:  0.0, Diff:  0.0, Sum:  0.0, Workers: 5
[2025-06-17T22:49:23.732+0300][18640][17704][debug][gc,phases] GC(1)     Dead                           Min: 0, Avg:  0.0, Max: 0, Diff: 0, Sum: 0, Workers: 5
[2025-06-17T22:49:23.732+0300][18640][17704][debug][gc,phases] GC(1)     Total                          Min: 0, Avg:  0.0, Max: 0, Diff: 0, Sum: 0, Workers: 5
[2025-06-17T22:49:23.732+0300][18640][17704][debug][gc,phases] GC(1)   Weak JFR Old Object Samples    Min:  0.0, Avg:  0.0, Max:  0.0, Diff:  0.0, Sum:  0.0, Workers: 5
[2025-06-17T22:49:23.732+0300][18640][17704][debug][gc,phases] GC(1)     Dead                           Min: 0, Avg:  0.0, Max: 0, Diff: 0, Sum: 0, Workers: 5
[2025-06-17T22:49:23.732+0300][18640][17704][debug][gc,phases] GC(1)     Total                          Min: 0, Avg:  0.0, Max: 0, Diff: 0, Sum: 0, Workers: 5
[2025-06-17T22:49:23.732+0300][18640][17704][debug][gc,phases] GC(1) Phase 1: Weak Processing 0.433ms
[2025-06-17T22:49:23.732+0300][18640][17704][debug][gc,phases] GC(1) ClassLoaderData 0.004ms
[2025-06-17T22:49:23.732+0300][18640][17704][debug][gc,phases] GC(1) Trigger cleanups 0.002ms
[2025-06-17T22:49:23.732+0300][18640][17704][debug][gc,phases] GC(1) G1 Complete Cleaning 0.378ms
[2025-06-17T22:49:23.732+0300][18640][17704][debug][gc,phases] GC(1) Purge Unlinked NMethods 0.001ms
[2025-06-17T22:49:23.732+0300][18640][17704][debug][gc,phases] GC(1) Unregister NMethods 0.130ms
[2025-06-17T22:49:23.732+0300][18640][17704][debug][gc,phases] GC(1) Free Code Blobs 0.001ms
[2025-06-17T22:49:23.732+0300][18640][17704][debug][gc,phases] GC(1) Purge Class Loader Data 0.026ms
[2025-06-17T22:49:23.732+0300][18640][17704][debug][gc,phases] GC(1) Phase 1: Class Unloading and Cleanup 0.642ms
[2025-06-17T22:49:23.732+0300][18640][17704][debug][gc,phases] GC(1) Report Object Count 0.002ms
[2025-06-17T22:49:23.732+0300][18640][17704][info ][gc,phases] GC(1) Phase 1: Mark live objects 2.173ms
[2025-06-17T22:49:23.732+0300][18640][17704][debug][gc,phases] GC(1) Phase 2: Determine work lists 0.058ms
[2025-06-17T22:49:23.748+0300][18640][17704][debug][gc,phases] GC(1) Phase 2: Prepare parallel compaction 0.460ms
[2025-06-17T22:49:23.748+0300][18640][17704][info ][gc,phases] GC(1) Phase 2: Prepare compaction 0.558ms
[2025-06-17T22:49:23.748+0300][18640][17704][info ][gc,phases] GC(1) Phase 3: Adjust pointers 0.903ms
[2025-06-17T22:49:23.748+0300][18640][17704][info ][gc,phases] GC(1) Phase 4: Compact heap 0.716ms
[2025-06-17T22:49:23.748+0300][18640][17704][info ][gc,phases] GC(1) Phase 5: Reset Metadata 0.924ms
[2025-06-17T22:49:23.753+0300][18640][17704][info ][gc,heap  ] GC(1) Eden regions: 47->0(113)
[2025-06-17T22:49:23.753+0300][18640][17704][info ][gc,heap  ] GC(1) Survivor regions: 3->0(13)
[2025-06-17T22:49:23.753+0300][18640][17704][info ][gc,heap  ] GC(1) Old regions: 0->10
[2025-06-17T22:49:23.753+0300][18640][17704][info ][gc,heap  ] GC(1) Humongous regions: 0->0
[2025-06-17T22:49:23.753+0300][18640][17704][debug][gc,heap  ] GC(1) Heap after GC invocations=2 (full 1):
[2025-06-17T22:49:23.753+0300][18640][17704][debug][gc,heap  ] GC(1)  garbage-first heap   total 2097152K, used 2966K [0x0000000080000000, 0x0000000100000000)
[2025-06-17T22:49:23.753+0300][18640][17704][debug][gc,heap  ] GC(1)   region size 1024K, 0 young (0K), 0 survivors (0K)
[2025-06-17T22:49:23.753+0300][18640][17704][debug][gc,heap  ] GC(1)  Metaspace       used 2843K, committed 3072K, reserved 1114112K
[2025-06-17T22:49:23.753+0300][18640][17704][debug][gc,heap  ] GC(1)   class space    used 255K, committed 384K, reserved 1048576K
[2025-06-17T22:49:23.753+0300][18640][17704][info ][gc       ] GC(1) Pause Full (System.gc()) 49M->2M(2048M) 10.272ms
[2025-06-17T22:49:23.753+0300][18640][17704][info ][safepoint] Safepoint "G1CollectFull", Time since last: 76642200 ns, Reaching safepoint: 51900 ns, Cleanup: 11500 ns, At safepoint: 10300200 ns, Total: 10363600 ns
[2025-06-17T22:49:24.088+0300][18640][17704][debug][safepoint] Safepoint synchronization initiated using striped semaphore wait barrier. (21 threads)
[2025-06-17T22:49:24.088+0300][18640][17704][info ][safepoint] Safepoint "ICBufferFull", Time since last: 333636500 ns, Reaching safepoint: 159800 ns, Cleanup: 126800 ns, At safepoint: 14500 ns, Total: 301100 ns
[2025-06-17T22:49:24.088+0300][18640][17704][debug][safepoint] Safepoint synchronization initiated using striped semaphore wait barrier. (21 threads)
[2025-06-17T22:49:24.088+0300][18640][5304 ][debug][safepoint] ... found polling page loop exception at pc = 0x000001d3901ae46a, stub =0x000001d38fbb6600
[2025-06-17T22:49:24.088+0300][18640][17704][info ][safepoint] Safepoint "ICBufferFull", Time since last: 51100 ns, Reaching safepoint: 84800 ns, Cleanup: 5700 ns, At safepoint: 12900 ns, Total: 103400 ns
[2025-06-17T22:49:24.088+0300][18640][17704][debug][safepoint] Safepoint synchronization initiated using striped semaphore wait barrier. (21 threads)
[2025-06-17T22:49:24.088+0300][18640][17180][debug][safepoint] ... found polling page loop exception at pc = 0x000001d3901ae46a, stub =0x000001d38fbb6600
[2025-06-17T22:49:24.088+0300][18640][17704][info ][safepoint] Safepoint "ICBufferFull", Time since last: 54500 ns, Reaching safepoint: 64200 ns, Cleanup: 4500 ns, At safepoint: 14000 ns, Total: 82700 ns
[2025-06-17T22:49:24.295+0300][18640][17704][debug][safepoint] Safepoint synchronization initiated using striped semaphore wait barrier. (21 threads)
[2025-06-17T22:49:24.295+0300][18640][18340][debug][safepoint] ... found polling page loop exception at pc = 0x000001d3901b37e0, stub =0x000001d38fbb5d80
[2025-06-17T22:49:24.295+0300][18640][20832][debug][safepoint] ... found polling page loop exception at pc = 0x000001d3901f1330, stub =0x000001d38fbb5d80
[2025-06-17T22:49:24.295+0300][18640][17704][info ][safepoint] Safepoint "ICBufferFull", Time since last: 205786900 ns, Reaching safepoint: 197000 ns, Cleanup: 78500 ns, At safepoint: 12300 ns, Total: 287800 ns
[2025-06-17T22:49:24.299+0300][18640][17704][debug][safepoint] Safepoint synchronization initiated using striped semaphore wait barrier. (21 threads)
[2025-06-17T22:49:24.299+0300][18640][5304 ][debug][safepoint] ... found polling page loop exception at pc = 0x000001d3901f4b46, stub =0x000001d38fbb6600
[2025-06-17T22:49:24.299+0300][18640][17704][info ][safepoint] Safepoint "ICBufferFull", Time since last: 4430300 ns, Reaching safepoint: 112100 ns, Cleanup: 5800 ns, At safepoint: 13700 ns, Total: 131600 ns
[2025-06-17T22:49:24.299+0300][18640][17704][debug][safepoint] Safepoint synchronization initiated using striped semaphore wait barrier. (21 threads)
[2025-06-17T22:49:24.299+0300][18640][20832][debug][safepoint] ... found polling page loop exception at pc = 0x000001d3901b37e0, stub =0x000001d38fbb5d80
[2025-06-17T22:49:24.299+0300][18640][18340][debug][safepoint] ... found polling page loop exception at pc = 0x000001d3901b37e0, stub =0x000001d38fbb5d80
[2025-06-17T22:49:24.299+0300][18640][17704][info ][safepoint] Safepoint "ICBufferFull", Time since last: 107000 ns, Reaching safepoint: 108300 ns, Cleanup: 1900 ns, At safepoint: 12300 ns, Total: 122500 ns
[2025-06-17T22:49:24.305+0300][18640][17704][debug][safepoint] Safepoint synchronization initiated using striped semaphore wait barrier. (21 threads)
[2025-06-17T22:49:24.305+0300][18640][3328 ][debug][safepoint] ... found polling page loop exception at pc = 0x000001d3901b37e0, stub =0x000001d38fbb5d80
[2025-06-17T22:49:24.305+0300][18640][17704][debug][gc,heap  ] GC(2) Heap before GC invocations=2 (full 1):
[2025-06-17T22:49:24.305+0300][18640][17704][debug][gc,heap  ] GC(2)  garbage-first heap   total 2097152K, used 127894K [0x0000000080000000, 0x0000000100000000)
[2025-06-17T22:49:24.305+0300][18640][17704][debug][gc,heap  ] GC(2)   region size 1024K, 113 young (115712K), 0 survivors (0K)
[2025-06-17T22:49:24.305+0300][18640][17704][debug][gc,heap  ] GC(2)  Metaspace       used 8826K, committed 9344K, reserved 1114112K
[2025-06-17T22:49:24.305+0300][18640][17704][debug][gc,heap  ] GC(2)   class space    used 976K, committed 1216K, reserved 1048576K
[2025-06-17T22:49:24.305+0300][18640][17704][info ][gc,phases] GC(2)   Pre Evacuate Collection Set: 0.2ms
[2025-06-17T22:49:24.305+0300][18640][17704][debug][gc,phases] GC(2)     Pre Evacuate Prepare: 0.0ms
[2025-06-17T22:49:24.305+0300][18640][17704][debug][gc,phases] GC(2)       JT Retire TLABs And Flush Logs (ms): Min:  0.0, Avg:  0.0, Max:  0.0, Diff:  0.0, Sum:  0.0, Workers: 2
[2025-06-17T22:49:24.305+0300][18640][17704][debug][gc,phases] GC(2)       Non-JT Flush Logs (ms):        Min:  0.0, Avg:  0.0, Max:  0.0, Diff:  0.0, Sum:  0.0, Workers: 1
[2025-06-17T22:49:24.305+0300][18640][17704][debug][gc,phases] GC(2)     Choose Collection Set: 0.0ms
[2025-06-17T22:49:24.305+0300][18640][17704][debug][gc,phases] GC(2)     Region Register: 0.2ms
[2025-06-17T22:49:24.305+0300][18640][17704][debug][gc,phases] GC(2)     Prepare Heap Roots: 0.0ms
[2025-06-17T22:49:24.305+0300][18640][17704][info ][gc,phases] GC(2)   Merge Heap Roots: 0.0ms
[2025-06-17T22:49:24.305+0300][18640][17704][debug][gc,phases] GC(2)     Prepare Merge Heap Roots: 0.0ms
[2025-06-17T22:49:24.305+0300][18640][17704][debug][gc,phases] GC(2)     Remembered Sets (ms):          Min:  0.0, Avg:  0.0, Max:  0.0, Diff:  0.0, Sum:  0.1, Workers: 8
[2025-06-17T22:49:24.305+0300][18640][17704][debug][gc,phases] GC(2)       Eager Reclaim (ms):            Min:  0.0, Avg:  0.0, Max:  0.0, Diff:  0.0, Sum:  0.0, Workers: 1
[2025-06-17T22:49:24.305+0300][18640][17704][debug][gc,phases] GC(2)       Merged Inline                  Min: 0, Avg:  0.0, Max: 0, Diff: 0, Sum: 0, Workers: 8
[2025-06-17T22:49:24.305+0300][18640][17704][debug][gc,phases] GC(2)       Merged ArrayOfCards            Min: 0, Avg:  0.0, Max: 0, Diff: 0, Sum: 0, Workers: 8
[2025-06-17T22:49:24.305+0300][18640][17704][debug][gc,phases] GC(2)       Merged Howl                    Min: 0, Avg:  0.0, Max: 0, Diff: 0, Sum: 0, Workers: 8
[2025-06-17T22:49:24.305+0300][18640][17704][debug][gc,phases] GC(2)       Merged Full                    Min: 0, Avg:  0.0, Max: 0, Diff: 0, Sum: 0, Workers: 8
[2025-06-17T22:49:24.305+0300][18640][17704][debug][gc,phases] GC(2)       Merged Howl Inline             Min: 0, Avg:  0.0, Max: 0, Diff: 0, Sum: 0, Workers: 8
[2025-06-17T22:49:24.305+0300][18640][17704][debug][gc,phases] GC(2)       Merged Howl ArrayOfCards       Min: 0, Avg:  0.0, Max: 0, Diff: 0, Sum: 0, Workers: 8
[2025-06-17T22:49:24.305+0300][18640][17704][debug][gc,phases] GC(2)       Merged Howl BitMap             Min: 0, Avg:  0.0, Max: 0, Diff: 0, Sum: 0, Workers: 8
[2025-06-17T22:49:24.305+0300][18640][17704][debug][gc,phases] GC(2)       Merged Howl Full               Min: 0, Avg:  0.0, Max: 0, Diff: 0, Sum: 0, Workers: 8
[2025-06-17T22:49:24.305+0300][18640][17704][debug][gc,phases] GC(2)       Merged Cards                   Min: 8, Avg:  9.0, Max: 16, Diff: 8, Sum: 72, Workers: 8
[2025-06-17T22:49:24.305+0300][18640][17704][debug][gc,phases] GC(2)     Log Buffers (ms):              Min:  0.0, Avg:  0.0, Max:  0.0, Diff:  0.0, Sum:  0.0, Workers: 8
[2025-06-17T22:49:24.305+0300][18640][17704][debug][gc,phases] GC(2)       Dirty Cards:                   Min: 0, Avg: 32.0, Max: 194, Diff: 194, Sum: 256, Workers: 8
[2025-06-17T22:49:24.305+0300][18640][17704][debug][gc,phases] GC(2)       Skipped Cards:                 Min: 0, Avg:  0.0, Max: 0, Diff: 0, Sum: 0, Workers: 8
[2025-06-17T22:49:24.305+0300][18640][17704][info ][gc,phases] GC(2)   Evacuate Collection Set: 1.0ms
[2025-06-17T22:49:24.305+0300][18640][17704][debug][gc,phases] GC(2)     Ext Root Scanning (ms):        Min:  0.1, Avg:  0.3, Max:  0.7, Diff:  0.6, Sum:  2.2, Workers: 8
[2025-06-17T22:49:24.305+0300][18640][17704][debug][gc,phases] GC(2)     Scan Heap Roots (ms):          Min:  0.0, Avg:  0.0, Max:  0.1, Diff:  0.1, Sum:  0.3, Workers: 8
[2025-06-17T22:49:24.305+0300][18640][17704][debug][gc,phases] GC(2)       Scanned Cards:                 Min: 0, Avg: 32.0, Max: 51, Diff: 51, Sum: 256, Workers: 8
[2025-06-17T22:49:24.305+0300][18640][17704][debug][gc,phases] GC(2)       Scanned Blocks:                Min: 0, Avg: 19.1, Max: 35, Diff: 35, Sum: 153, Workers: 8
[2025-06-17T22:49:24.305+0300][18640][17704][debug][gc,phases] GC(2)       Claimed Chunks:                Min: 0, Avg:  7.8, Max: 12, Diff: 12, Sum: 62, Workers: 8
[2025-06-17T22:49:24.305+0300][18640][17704][debug][gc,phases] GC(2)       Found Roots:                   Min: 0, Avg: 161.8, Max: 454, Diff: 454, Sum: 1294, Workers: 8
[2025-06-17T22:49:24.305+0300][18640][17704][debug][gc,phases] GC(2)     Code Root Scan (ms):           Min:  0.0, Avg:  0.1, Max:  0.2, Diff:  0.2, Sum:  0.9, Workers: 8
[2025-06-17T22:49:24.305+0300][18640][17704][debug][gc,phases] GC(2)       Scanned Nmethods               Min: 0, Avg: 36.4, Max: 59, Diff: 59, Sum: 291, Workers: 8
[2025-06-17T22:49:24.305+0300][18640][17704][debug][gc,phases] GC(2)     Object Copy (ms):              Min:  0.3, Avg:  0.4, Max:  0.5, Diff:  0.2, Sum:  3.3, Workers: 8
[2025-06-17T22:49:24.305+0300][18640][17704][debug][gc,phases] GC(2)     Termination (ms):              Min:  0.0, Avg:  0.1, Max:  0.2, Diff:  0.2, Sum:  1.1, Workers: 8
[2025-06-17T22:49:24.305+0300][18640][17704][debug][gc,phases] GC(2)       Termination Attempts:          Min: 1, Avg:  8.0, Max: 11, Diff: 10, Sum: 64, Workers: 8
[2025-06-17T22:49:24.305+0300][18640][17704][debug][gc,phases] GC(2)     GC Worker Other (ms):          Min:  0.0, Avg:  0.0, Max:  0.0, Diff:  0.0, Sum:  0.2, Workers: 8
[2025-06-17T22:49:24.305+0300][18640][17704][debug][gc,phases] GC(2)     GC Worker Total (ms):          Min:  0.9, Avg:  1.0, Max:  1.0, Diff:  0.1, Sum:  7.9, Workers: 8
[2025-06-17T22:49:24.305+0300][18640][17704][info ][gc,phases] GC(2)   Post Evacuate Collection Set: 0.3ms
[2025-06-17T22:49:24.305+0300][18640][17704][debug][gc,phases] GC(2)     NMethod List Cleanup: 0.0ms
[2025-06-17T22:49:24.305+0300][18640][17704][debug][gc,phases] GC(2)     Reference Processing: 0.1ms
[2025-06-17T22:49:24.305+0300][18640][17704][debug][gc,phases] GC(2)     Weak Processing: 0.1ms
[2025-06-17T22:49:24.305+0300][18640][17704][debug][gc,phases] GC(2)       VM Weak                        Min:  0.0, Avg:  0.0, Max:  0.0, Diff:  0.0, Sum:  0.0, Workers: 8
[2025-06-17T22:49:24.305+0300][18640][17704][debug][gc,phases] GC(2)         Dead                           Min: 0, Avg:  0.0, Max: 0, Diff: 0, Sum: 0, Workers: 8
[2025-06-17T22:49:24.305+0300][18640][17704][debug][gc,phases] GC(2)         Total                          Min: 0, Avg: 46.5, Max: 64, Diff: 64, Sum: 372, Workers: 8
[2025-06-17T22:49:24.305+0300][18640][17704][debug][gc,phases] GC(2)       ObjectSynchronizer Weak        Min:  0.0, Avg:  0.0, Max:  0.0, Diff:  0.0, Sum:  0.0, Workers: 8
[2025-06-17T22:49:24.305+0300][18640][17704][debug][gc,phases] GC(2)         Dead                           Min: 0, Avg: 13.5, Max: 54, Diff: 54, Sum: 108, Workers: 8
[2025-06-17T22:49:24.305+0300][18640][17704][debug][gc,phases] GC(2)         Total                          Min: 0, Avg: 17.4, Max: 77, Diff: 77, Sum: 139, Workers: 8
[2025-06-17T22:49:24.305+0300][18640][17704][debug][gc,phases] GC(2)       JVMTI Tag Weak OopStorage      Min:  0.0, Avg:  0.0, Max:  0.0, Diff:  0.0, Sum:  0.0, Workers: 8
[2025-06-17T22:49:24.305+0300][18640][17704][debug][gc,phases] GC(2)         Dead                           Min: 0, Avg:  0.0, Max: 0, Diff: 0, Sum: 0, Workers: 8
[2025-06-17T22:49:24.305+0300][18640][17704][debug][gc,phases] GC(2)         Total                          Min: 0, Avg:  0.0, Max: 0, Diff: 0, Sum: 0, Workers: 8
[2025-06-17T22:49:24.305+0300][18640][17704][debug][gc,phases] GC(2)       StringTable Weak               Min:  0.0, Avg:  0.0, Max:  0.0, Diff:  0.0, Sum:  0.1, Workers: 8
[2025-06-17T22:49:24.305+0300][18640][17704][debug][gc,phases] GC(2)         Dead                           Min: 0, Avg:  1.0, Max: 4, Diff: 4, Sum: 8, Workers: 8
[2025-06-17T22:49:24.305+0300][18640][17704][debug][gc,phases] GC(2)         Total                          Min: 0, Avg: 754.1, Max: 1024, Diff: 1024, Sum: 6033, Workers: 8
[2025-06-17T22:49:24.305+0300][18640][17704][debug][gc,phases] GC(2)       ResolvedMethodTable Weak       Min:  0.0, Avg:  0.0, Max:  0.0, Diff:  0.0, Sum:  0.1, Workers: 8
[2025-06-17T22:49:24.305+0300][18640][17704][debug][gc,phases] GC(2)         Dead                           Min: 0, Avg: 36.8, Max: 68, Diff: 68, Sum: 294, Workers: 8
[2025-06-17T22:49:24.305+0300][18640][17704][debug][gc,phases] GC(2)         Total                          Min: 0, Avg: 109.0, Max: 192, Diff: 192, Sum: 872, Workers: 8
[2025-06-17T22:49:24.305+0300][18640][17704][debug][gc,phases] GC(2)       JNI Weak                       Min:  0.0, Avg:  0.0, Max:  0.0, Diff:  0.0, Sum:  0.0, Workers: 8
[2025-06-17T22:49:24.305+0300][18640][17704][debug][gc,phases] GC(2)         Dead                           Min: 0, Avg:  0.0, Max: 0, Diff: 0, Sum: 0, Workers: 8
[2025-06-17T22:49:24.305+0300][18640][17704][debug][gc,phases] GC(2)         Total                          Min: 0, Avg:  1.8, Max: 14, Diff: 14, Sum: 14, Workers: 8
[2025-06-17T22:49:24.305+0300][18640][17704][debug][gc,phases] GC(2)       StringDedup Table Weak         Min:  0.0, Avg:  0.0, Max:  0.0, Diff:  0.0, Sum:  0.0, Workers: 8
[2025-06-17T22:49:24.305+0300][18640][17704][debug][gc,phases] GC(2)         Dead                           Min: 0, Avg:  0.0, Max: 0, Diff: 0, Sum: 0, Workers: 8
[2025-06-17T22:49:24.305+0300][18640][17704][debug][gc,phases] GC(2)         Total                          Min: 0, Avg:  0.0, Max: 0, Diff: 0, Sum: 0, Workers: 8
[2025-06-17T22:49:24.305+0300][18640][17704][debug][gc,phases] GC(2)       StringDedup Requests0 Weak     Min:  0.0, Avg:  0.0, Max:  0.0, Diff:  0.0, Sum:  0.0, Workers: 8
[2025-06-17T22:49:24.305+0300][18640][17704][debug][gc,phases] GC(2)         Dead                           Min: 0, Avg:  0.0, Max: 0, Diff: 0, Sum: 0, Workers: 8
[2025-06-17T22:49:24.305+0300][18640][17704][debug][gc,phases] GC(2)         Total                          Min: 0, Avg:  0.0, Max: 0, Diff: 0, Sum: 0, Workers: 8
[2025-06-17T22:49:24.305+0300][18640][17704][debug][gc,phases] GC(2)       StringDedup Requests1 Weak     Min:  0.0, Avg:  0.0, Max:  0.0, Diff:  0.0, Sum:  0.0, Workers: 8
[2025-06-17T22:49:24.305+0300][18640][17704][debug][gc,phases] GC(2)         Dead                           Min: 0, Avg:  0.0, Max: 0, Diff: 0, Sum: 0, Workers: 8
[2025-06-17T22:49:24.305+0300][18640][17704][debug][gc,phases] GC(2)         Total                          Min: 0, Avg:  0.0, Max: 0, Diff: 0, Sum: 0, Workers: 8
[2025-06-17T22:49:24.305+0300][18640][17704][debug][gc,phases] GC(2)       Weak JFR Old Object Samples    Min:  0.0, Avg:  0.0, Max:  0.0, Diff:  0.0, Sum:  0.0, Workers: 8
[2025-06-17T22:49:24.305+0300][18640][17704][debug][gc,phases] GC(2)         Dead                           Min: 0, Avg:  0.0, Max: 0, Diff: 0, Sum: 0, Workers: 8
[2025-06-17T22:49:24.305+0300][18640][17704][debug][gc,phases] GC(2)         Total                          Min: 0, Avg:  0.0, Max: 0, Diff: 0, Sum: 0, Workers: 8
[2025-06-17T22:49:24.305+0300][18640][17704][debug][gc,phases] GC(2)     Post Evacuate Cleanup 1: 0.0ms
[2025-06-17T22:49:24.305+0300][18640][17704][debug][gc,phases] GC(2)       Merge Per-Thread State (ms):   Min:  0.0, Avg:  0.0, Max:  0.0, Diff:  0.0, Sum:  0.0, Workers: 1
[2025-06-17T22:49:24.305+0300][18640][17704][debug][gc,phases] GC(2)         Copied Bytes                   Min: 137688, Avg: 199627.0, Max: 365632, Diff: 227944, Sum: 1597016, Workers: 8
[2025-06-17T22:49:24.305+0300][18640][17704][debug][gc,phases] GC(2)         LAB Waste                      Min: 56, Avg: 119.0, Max: 224, Diff: 168, Sum: 952, Workers: 8
[2025-06-17T22:49:24.305+0300][18640][17704][debug][gc,phases] GC(2)         LAB Undo Waste                 Min: 0, Avg:  0.0, Max: 0, Diff: 0, Sum: 0, Workers: 8
[2025-06-17T22:49:24.305+0300][18640][17704][debug][gc,phases] GC(2)       Clear Logged Cards (ms):       Min:  0.0, Avg:  0.0, Max:  0.0, Diff:  0.0, Sum:  0.0, Workers: 3
[2025-06-17T22:49:24.305+0300][18640][17704][debug][gc,phases] GC(2)       Recalculate Used Memory (ms):  Min:  0.0, Avg:  0.0, Max:  0.0, Diff:  0.0, Sum:  0.0, Workers: 1
[2025-06-17T22:49:24.305+0300][18640][17704][debug][gc,phases] GC(2)     Post Evacuate Cleanup 2: 0.1ms
[2025-06-17T22:49:24.305+0300][18640][17704][debug][gc,phases] GC(2)       Update Derived Pointers (ms):  Min:  0.0, Avg:  0.0, Max:  0.0, Diff:  0.0, Sum:  0.0, Workers: 1
[2025-06-17T22:49:24.305+0300][18640][17704][debug][gc,phases] GC(2)       Eagerly Reclaim Humongous Objects (ms): Min:  0.0, Avg:  0.0, Max:  0.0, Diff:  0.0, Sum:  0.0, Workers: 1
[2025-06-17T22:49:24.305+0300][18640][17704][debug][gc,phases] GC(2)         Humongous Total                Min: 3, Avg:  3.0, Max: 3, Diff: 0, Sum: 3, Workers: 1
[2025-06-17T22:49:24.305+0300][18640][17704][debug][gc,phases] GC(2)         Humongous Candidates           Min: 3, Avg:  3.0, Max: 3, Diff: 0, Sum: 3, Workers: 1
[2025-06-17T22:49:24.305+0300][18640][17704][debug][gc,phases] GC(2)         Humongous Reclaimed            Min: 0, Avg:  0.0, Max: 0, Diff: 0, Sum: 0, Workers: 1
[2025-06-17T22:49:24.305+0300][18640][17704][debug][gc,phases] GC(2)       Redirty Logged Cards (ms):     Min:  0.0, Avg:  0.0, Max:  0.0, Diff:  0.0, Sum:  0.0, Workers: 8
[2025-06-17T22:49:24.305+0300][18640][17704][debug][gc,phases] GC(2)         Redirtied Cards:               Min: 0, Avg: 28.2, Max: 137, Diff: 137, Sum: 226, Workers: 8
[2025-06-17T22:49:24.305+0300][18640][17704][debug][gc,phases] GC(2)       Resize TLABs (ms):             Min:  0.0, Avg:  0.0, Max:  0.0, Diff:  0.0, Sum:  0.0, Workers: 8
[2025-06-17T22:49:24.305+0300][18640][17704][debug][gc,phases] GC(2)       Free Collection Set (ms):      Min:  0.0, Avg:  0.0, Max:  0.0, Diff:  0.0, Sum:  0.2, Workers: 8
[2025-06-17T22:49:24.305+0300][18640][17704][debug][gc,phases] GC(2)     Rebuild Free List: 0.0ms
[2025-06-17T22:49:24.305+0300][18640][17704][debug][gc,phases] GC(2)     Prepare For Mutator: 0.0ms
[2025-06-17T22:49:24.305+0300][18640][17704][debug][gc,phases] GC(2)     Expand Heap After Collection: 0.0ms
[2025-06-17T22:49:24.305+0300][18640][17704][info ][gc,phases] GC(2)   Other: 0.1ms
[2025-06-17T22:49:24.305+0300][18640][17704][info ][gc,heap  ] GC(2) Eden regions: 113->0(381)
[2025-06-17T22:49:24.305+0300][18640][17704][info ][gc,heap  ] GC(2) Survivor regions: 0->2(15)
[2025-06-17T22:49:24.305+0300][18640][17704][info ][gc,heap  ] GC(2) Old regions: 10->10
[2025-06-17T22:49:24.305+0300][18640][17704][info ][gc,heap  ] GC(2) Humongous regions: 9->9
[2025-06-17T22:49:24.305+0300][18640][17704][debug][gc,heap  ] GC(2) Heap after GC invocations=3 (full 1):
[2025-06-17T22:49:24.305+0300][18640][17704][debug][gc,heap  ] GC(2)  garbage-first heap   total 2097152K, used 14000K [0x0000000080000000, 0x0000000100000000)
[2025-06-17T22:49:24.305+0300][18640][17704][debug][gc,heap  ] GC(2)   region size 1024K, 2 young (2048K), 2 survivors (2048K)
[2025-06-17T22:49:24.305+0300][18640][17704][debug][gc,heap  ] GC(2)  Metaspace       used 8826K, committed 9344K, reserved 1114112K
[2025-06-17T22:49:24.305+0300][18640][17704][debug][gc,heap  ] GC(2)   class space    used 976K, committed 1216K, reserved 1048576K
[2025-06-17T22:49:24.305+0300][18640][17704][info ][gc       ] GC(2) Pause Young (Normal) (G1 Evacuation Pause) 124M->13M(2048M) 2.787ms
[2025-06-17T22:49:24.305+0300][18640][17704][info ][safepoint] Safepoint "G1CollectForAllocation", Time since last: 4917400 ns, Reaching safepoint: 120200 ns, Cleanup: 4400 ns, At safepoint: 2831500 ns, Total: 2956100 ns
[2025-06-17T22:49:24.801+0300][18640][17704][debug][safepoint] Safepoint synchronization initiated using striped semaphore wait barrier. (21 threads)
[2025-06-17T22:49:24.801+0300][18640][5304 ][debug][safepoint] ... found polling page loop exception at pc = 0x000001d3901f1330, stub =0x000001d38fbb5d80
[2025-06-17T22:49:24.801+0300][18640][18340][debug][safepoint] ... found polling page loop exception at pc = 0x000001d3901d3c0a, stub =0x000001d38fbb6600
[2025-06-17T22:49:24.801+0300][18640][20832][debug][safepoint] ... found polling page loop exception at pc = 0x000001d3901b37e0, stub =0x000001d38fbb5d80
[2025-06-17T22:49:24.801+0300][18640][17704][debug][gc,heap  ] GC(3) Heap before GC invocations=3 (full 1):
[2025-06-17T22:49:24.801+0300][18640][17704][debug][gc,heap  ] GC(3)  garbage-first heap   total 2097152K, used 403120K [0x0000000080000000, 0x0000000100000000)
[2025-06-17T22:49:24.801+0300][18640][17704][debug][gc,heap  ] GC(3)   region size 1024K, 383 young (392192K), 2 survivors (2048K)
[2025-06-17T22:49:24.801+0300][18640][17704][debug][gc,heap  ] GC(3)  Metaspace       used 8856K, committed 9408K, reserved 1114112K
[2025-06-17T22:49:24.801+0300][18640][17704][debug][gc,heap  ] GC(3)   class space    used 976K, committed 1216K, reserved 1048576K
[2025-06-17T22:49:24.803+0300][18640][17704][info ][gc,phases] GC(3)   Pre Evacuate Collection Set: 0.3ms
[2025-06-17T22:49:24.803+0300][18640][17704][debug][gc,phases] GC(3)     Pre Evacuate Prepare: 0.1ms
[2025-06-17T22:49:24.803+0300][18640][17704][debug][gc,phases] GC(3)       JT Retire TLABs And Flush Logs (ms): Min:  0.0, Avg:  0.0, Max:  0.0, Diff:  0.0, Sum:  0.0, Workers: 2
[2025-06-17T22:49:24.803+0300][18640][17704][debug][gc,phases] GC(3)       Non-JT Flush Logs (ms):        Min:  0.0, Avg:  0.0, Max:  0.0, Diff:  0.0, Sum:  0.0, Workers: 1
[2025-06-17T22:49:24.803+0300][18640][17704][debug][gc,phases] GC(3)     Choose Collection Set: 0.0ms
[2025-06-17T22:49:24.803+0300][18640][17704][debug][gc,phases] GC(3)     Region Register: 0.2ms
[2025-06-17T22:49:24.803+0300][18640][17704][debug][gc,phases] GC(3)     Prepare Heap Roots: 0.0ms
[2025-06-17T22:49:24.803+0300][18640][17704][info ][gc,phases] GC(3)   Merge Heap Roots: 0.1ms
[2025-06-17T22:49:24.803+0300][18640][17704][debug][gc,phases] GC(3)     Prepare Merge Heap Roots: 0.0ms
[2025-06-17T22:49:24.803+0300][18640][17704][debug][gc,phases] GC(3)     Remembered Sets (ms):          Min:  0.0, Avg:  0.0, Max:  0.0, Diff:  0.0, Sum:  0.2, Workers: 8
[2025-06-17T22:49:24.803+0300][18640][17704][debug][gc,phases] GC(3)       Eager Reclaim (ms):            Min:  0.0, Avg:  0.0, Max:  0.0, Diff:  0.0, Sum:  0.0, Workers: 1
[2025-06-17T22:49:24.803+0300][18640][17704][debug][gc,phases] GC(3)       Merged Inline                  Min: 0, Avg:  0.0, Max: 0, Diff: 0, Sum: 0, Workers: 8
[2025-06-17T22:49:24.803+0300][18640][17704][debug][gc,phases] GC(3)       Merged ArrayOfCards            Min: 0, Avg:  0.0, Max: 0, Diff: 0, Sum: 0, Workers: 8
[2025-06-17T22:49:24.803+0300][18640][17704][debug][gc,phases] GC(3)       Merged Howl                    Min: 0, Avg:  0.0, Max: 0, Diff: 0, Sum: 0, Workers: 8
[2025-06-17T22:49:24.803+0300][18640][17704][debug][gc,phases] GC(3)       Merged Full                    Min: 0, Avg:  0.0, Max: 0, Diff: 0, Sum: 0, Workers: 8
[2025-06-17T22:49:24.803+0300][18640][17704][debug][gc,phases] GC(3)       Merged Howl Inline             Min: 0, Avg:  0.0, Max: 0, Diff: 0, Sum: 0, Workers: 8
[2025-06-17T22:49:24.803+0300][18640][17704][debug][gc,phases] GC(3)       Merged Howl ArrayOfCards       Min: 0, Avg:  0.0, Max: 0, Diff: 0, Sum: 0, Workers: 8
[2025-06-17T22:49:24.803+0300][18640][17704][debug][gc,phases] GC(3)       Merged Howl BitMap             Min: 0, Avg:  0.0, Max: 0, Diff: 0, Sum: 0, Workers: 8
[2025-06-17T22:49:24.803+0300][18640][17704][debug][gc,phases] GC(3)       Merged Howl Full               Min: 0, Avg:  0.0, Max: 0, Diff: 0, Sum: 0, Workers: 8
[2025-06-17T22:49:24.803+0300][18640][17704][debug][gc,phases] GC(3)       Merged Cards                   Min: 8, Avg:  9.0, Max: 16, Diff: 8, Sum: 72, Workers: 8
[2025-06-17T22:49:24.803+0300][18640][17704][debug][gc,phases] GC(3)     Log Buffers (ms):              Min:  0.0, Avg:  0.0, Max:  0.0, Diff:  0.0, Sum:  0.0, Workers: 8
[2025-06-17T22:49:24.803+0300][18640][17704][debug][gc,phases] GC(3)       Dirty Cards:                   Min: 0, Avg: 29.0, Max: 76, Diff: 76, Sum: 232, Workers: 8
[2025-06-17T22:49:24.803+0300][18640][17704][debug][gc,phases] GC(3)       Skipped Cards:                 Min: 0, Avg:  0.0, Max: 0, Diff: 0, Sum: 0, Workers: 8
[2025-06-17T22:49:24.803+0300][18640][17704][info ][gc,phases] GC(3)   Evacuate Collection Set: 1.0ms
[2025-06-17T22:49:24.803+0300][18640][17704][debug][gc,phases] GC(3)     Ext Root Scanning (ms):        Min:  0.0, Avg:  0.1, Max:  0.4, Diff:  0.4, Sum:  1.0, Workers: 8
[2025-06-17T22:49:24.803+0300][18640][17704][debug][gc,phases] GC(3)     Scan Heap Roots (ms):          Min:  0.0, Avg:  0.0, Max:  0.1, Diff:  0.1, Sum:  0.2, Workers: 8
[2025-06-17T22:49:24.803+0300][18640][17704][debug][gc,phases] GC(3)       Scanned Cards:                 Min: 0, Avg: 28.8, Max: 67, Diff: 67, Sum: 230, Workers: 8
[2025-06-17T22:49:24.803+0300][18640][17704][debug][gc,phases] GC(3)       Scanned Blocks:                Min: 0, Avg: 18.2, Max: 46, Diff: 46, Sum: 146, Workers: 8
[2025-06-17T22:49:24.803+0300][18640][17704][debug][gc,phases] GC(3)       Claimed Chunks:                Min: 0, Avg:  7.6, Max: 18, Diff: 18, Sum: 61, Workers: 8
[2025-06-17T22:49:24.803+0300][18640][17704][debug][gc,phases] GC(3)       Found Roots:                   Min: 0, Avg: 162.9, Max: 457, Diff: 457, Sum: 1303, Workers: 8
[2025-06-17T22:49:24.803+0300][18640][17704][debug][gc,phases] GC(3)     Code Root Scan (ms):           Min:  0.0, Avg:  0.2, Max:  0.5, Diff:  0.5, Sum:  1.6, Workers: 8
[2025-06-17T22:49:24.803+0300][18640][17704][debug][gc,phases] GC(3)       Scanned Nmethods               Min: 0, Avg: 38.4, Max: 91, Diff: 91, Sum: 307, Workers: 8
[2025-06-17T22:49:24.803+0300][18640][17704][debug][gc,phases] GC(3)     Object Copy (ms):              Min:  0.0, Avg:  0.4, Max:  0.7, Diff:  0.7, Sum:  2.9, Workers: 8
[2025-06-17T22:49:24.803+0300][18640][17704][debug][gc,phases] GC(3)     Termination (ms):              Min:  0.0, Avg:  0.1, Max:  0.1, Diff:  0.1, Sum:  0.5, Workers: 8
[2025-06-17T22:49:24.803+0300][18640][17704][debug][gc,phases] GC(3)       Termination Attempts:          Min: 1, Avg:  1.0, Max: 1, Diff: 0, Sum: 8, Workers: 8
[2025-06-17T22:49:24.803+0300][18640][17704][debug][gc,phases] GC(3)     GC Worker Other (ms):          Min:  0.0, Avg:  0.0, Max:  0.0, Diff:  0.0, Sum:  0.3, Workers: 8
[2025-06-17T22:49:24.803+0300][18640][17704][debug][gc,phases] GC(3)     GC Worker Total (ms):          Min:  0.1, Avg:  0.8, Max:  0.9, Diff:  0.9, Sum:  6.6, Workers: 8
[2025-06-17T22:49:24.803+0300][18640][17704][info ][gc,phases] GC(3)   Post Evacuate Collection Set: 0.6ms
[2025-06-17T22:49:24.803+0300][18640][17704][debug][gc,phases] GC(3)     NMethod List Cleanup: 0.1ms
[2025-06-17T22:49:24.803+0300][18640][17704][debug][gc,phases] GC(3)     Reference Processing: 0.1ms
[2025-06-17T22:49:24.803+0300][18640][17704][debug][gc,phases] GC(3)     Weak Processing: 0.1ms
[2025-06-17T22:49:24.803+0300][18640][17704][debug][gc,phases] GC(3)       VM Weak                        Min:  0.0, Avg:  0.0, Max:  0.0, Diff:  0.0, Sum:  0.0, Workers: 8
[2025-06-17T22:49:24.803+0300][18640][17704][debug][gc,phases] GC(3)         Dead                           Min: 0, Avg:  0.0, Max: 0, Diff: 0, Sum: 0, Workers: 8
[2025-06-17T22:49:24.803+0300][18640][17704][debug][gc,phases] GC(3)         Total                          Min: 0, Avg: 46.5, Max: 64, Diff: 64, Sum: 372, Workers: 8
[2025-06-17T22:49:24.803+0300][18640][17704][debug][gc,phases] GC(3)       ObjectSynchronizer Weak        Min:  0.0, Avg:  0.0, Max:  0.0, Diff:  0.0, Sum:  0.0, Workers: 8
[2025-06-17T22:49:24.803+0300][18640][17704][debug][gc,phases] GC(3)         Dead                           Min: 0, Avg:  0.0, Max: 0, Diff: 0, Sum: 0, Workers: 8
[2025-06-17T22:49:24.803+0300][18640][17704][debug][gc,phases] GC(3)         Total                          Min: 0, Avg: 17.4, Max: 75, Diff: 75, Sum: 139, Workers: 8
[2025-06-17T22:49:24.803+0300][18640][17704][debug][gc,phases] GC(3)       JVMTI Tag Weak OopStorage      Min:  0.0, Avg:  0.0, Max:  0.0, Diff:  0.0, Sum:  0.0, Workers: 8
[2025-06-17T22:49:24.803+0300][18640][17704][debug][gc,phases] GC(3)         Dead                           Min: 0, Avg:  0.0, Max: 0, Diff: 0, Sum: 0, Workers: 8
[2025-06-17T22:49:24.803+0300][18640][17704][debug][gc,phases] GC(3)         Total                          Min: 0, Avg:  0.0, Max: 0, Diff: 0, Sum: 0, Workers: 8
[2025-06-17T22:49:24.803+0300][18640][17704][debug][gc,phases] GC(3)       StringTable Weak               Min:  0.0, Avg:  0.0, Max:  0.0, Diff:  0.0, Sum:  0.2, Workers: 8
[2025-06-17T22:49:24.803+0300][18640][17704][debug][gc,phases] GC(3)         Dead                           Min: 0, Avg:  0.0, Max: 0, Diff: 0, Sum: 0, Workers: 8
[2025-06-17T22:49:24.803+0300][18640][17704][debug][gc,phases] GC(3)         Total                          Min: 0, Avg: 768.8, Max: 1216, Diff: 1216, Sum: 6150, Workers: 8
[2025-06-17T22:49:24.803+0300][18640][17704][debug][gc,phases] GC(3)       ResolvedMethodTable Weak       Min:  0.0, Avg:  0.0, Max:  0.0, Diff:  0.0, Sum:  0.0, Workers: 8
[2025-06-17T22:49:24.803+0300][18640][17704][debug][gc,phases] GC(3)         Dead                           Min: 0, Avg:  0.0, Max: 0, Diff: 0, Sum: 0, Workers: 8
[2025-06-17T22:49:24.803+0300][18640][17704][debug][gc,phases] GC(3)         Total                          Min: 0, Avg: 109.0, Max: 256, Diff: 256, Sum: 872, Workers: 8
[2025-06-17T22:49:24.803+0300][18640][17704][debug][gc,phases] GC(3)       JNI Weak                       Min:  0.0, Avg:  0.0, Max:  0.0, Diff:  0.0, Sum:  0.0, Workers: 8
[2025-06-17T22:49:24.803+0300][18640][17704][debug][gc,phases] GC(3)         Dead                           Min: 0, Avg:  0.0, Max: 0, Diff: 0, Sum: 0, Workers: 8
[2025-06-17T22:49:24.803+0300][18640][17704][debug][gc,phases] GC(3)         Total                          Min: 0, Avg:  3.2, Max: 26, Diff: 26, Sum: 26, Workers: 8
[2025-06-17T22:49:24.803+0300][18640][17704][debug][gc,phases] GC(3)       StringDedup Table Weak         Min:  0.0, Avg:  0.0, Max:  0.0, Diff:  0.0, Sum:  0.0, Workers: 8
[2025-06-17T22:49:24.803+0300][18640][17704][debug][gc,phases] GC(3)         Dead                           Min: 0, Avg:  0.0, Max: 0, Diff: 0, Sum: 0, Workers: 8
[2025-06-17T22:49:24.803+0300][18640][17704][debug][gc,phases] GC(3)         Total                          Min: 0, Avg:  0.0, Max: 0, Diff: 0, Sum: 0, Workers: 8
[2025-06-17T22:49:24.803+0300][18640][17704][debug][gc,phases] GC(3)       StringDedup Requests0 Weak     Min:  0.0, Avg:  0.0, Max:  0.0, Diff:  0.0, Sum:  0.0, Workers: 8
[2025-06-17T22:49:24.803+0300][18640][17704][debug][gc,phases] GC(3)         Dead                           Min: 0, Avg:  0.0, Max: 0, Diff: 0, Sum: 0, Workers: 8
[2025-06-17T22:49:24.803+0300][18640][17704][debug][gc,phases] GC(3)         Total                          Min: 0, Avg:  0.0, Max: 0, Diff: 0, Sum: 0, Workers: 8
[2025-06-17T22:49:24.803+0300][18640][17704][debug][gc,phases] GC(3)       StringDedup Requests1 Weak     Min:  0.0, Avg:  0.0, Max:  0.0, Diff:  0.0, Sum:  0.0, Workers: 8
[2025-06-17T22:49:24.803+0300][18640][17704][debug][gc,phases] GC(3)         Dead                           Min: 0, Avg:  0.0, Max: 0, Diff: 0, Sum: 0, Workers: 8
[2025-06-17T22:49:24.803+0300][18640][17704][debug][gc,phases] GC(3)         Total                          Min: 0, Avg:  0.0, Max: 0, Diff: 0, Sum: 0, Workers: 8
[2025-06-17T22:49:24.803+0300][18640][17704][debug][gc,phases] GC(3)       Weak JFR Old Object Samples    Min:  0.0, Avg:  0.0, Max:  0.0, Diff:  0.0, Sum:  0.0, Workers: 8
[2025-06-17T22:49:24.803+0300][18640][17704][debug][gc,phases] GC(3)         Dead                           Min: 0, Avg:  0.0, Max: 0, Diff: 0, Sum: 0, Workers: 8
[2025-06-17T22:49:24.803+0300][18640][17704][debug][gc,phases] GC(3)         Total                          Min: 0, Avg:  0.0, Max: 0, Diff: 0, Sum: 0, Workers: 8
[2025-06-17T22:49:24.803+0300][18640][17704][debug][gc,phases] GC(3)     Post Evacuate Cleanup 1: 0.2ms
[2025-06-17T22:49:24.803+0300][18640][17704][debug][gc,phases] GC(3)       Merge Per-Thread State (ms):   Min:  0.0, Avg:  0.0, Max:  0.0, Diff:  0.0, Sum:  0.0, Workers: 1
[2025-06-17T22:49:24.803+0300][18640][17704][debug][gc,phases] GC(3)         Copied Bytes                   Min: 0, Avg: 193593.0, Max: 376912, Diff: 376912, Sum: 1548744, Workers: 8
[2025-06-17T22:49:24.803+0300][18640][17704][debug][gc,phases] GC(3)         LAB Waste                      Min: 0, Avg: 408.0, Max: 1832, Diff: 1832, Sum: 3264, Workers: 8
[2025-06-17T22:49:24.803+0300][18640][17704][debug][gc,phases] GC(3)         LAB Undo Waste                 Min: 0, Avg: 17666.0, Max: 141328, Diff: 141328, Sum: 141328, Workers: 8
[2025-06-17T22:49:24.803+0300][18640][17704][debug][gc,phases] GC(3)       Clear Logged Cards (ms):       Min:  0.0, Avg:  0.0, Max:  0.1, Diff:  0.1, Sum:  0.1, Workers: 3
[2025-06-17T22:49:24.803+0300][18640][17704][debug][gc,phases] GC(3)       Recalculate Used Memory (ms):  Min:  0.0, Avg:  0.0, Max:  0.0, Diff:  0.0, Sum:  0.0, Workers: 1
[2025-06-17T22:49:24.805+0300][18640][17704][debug][gc,phases] GC(3)     Post Evacuate Cleanup 2: 0.1ms
[2025-06-17T22:49:24.805+0300][18640][17704][debug][gc,phases] GC(3)       Update Derived Pointers (ms):  Min:  0.0, Avg:  0.0, Max:  0.0, Diff:  0.0, Sum:  0.0, Workers: 1
[2025-06-17T22:49:24.805+0300][18640][17704][debug][gc,phases] GC(3)       Eagerly Reclaim Humongous Objects (ms): Min:  0.0, Avg:  0.0, Max:  0.0, Diff:  0.0, Sum:  0.0, Workers: 1
[2025-06-17T22:49:24.805+0300][18640][17704][debug][gc,phases] GC(3)         Humongous Total                Min: 3, Avg:  3.0, Max: 3, Diff: 0, Sum: 3, Workers: 1
[2025-06-17T22:49:24.805+0300][18640][17704][debug][gc,phases] GC(3)         Humongous Candidates           Min: 3, Avg:  3.0, Max: 3, Diff: 0, Sum: 3, Workers: 1
[2025-06-17T22:49:24.805+0300][18640][17704][debug][gc,phases] GC(3)         Humongous Reclaimed            Min: 0, Avg:  0.0, Max: 0, Diff: 0, Sum: 0, Workers: 1
[2025-06-17T22:49:24.805+0300][18640][17704][debug][gc,phases] GC(3)       Redirty Logged Cards (ms):     Min:  0.0, Avg:  0.0, Max:  0.0, Diff:  0.0, Sum:  0.0, Workers: 8
[2025-06-17T22:49:24.805+0300][18640][17704][debug][gc,phases] GC(3)         Redirtied Cards:               Min: 0, Avg: 28.4, Max: 227, Diff: 227, Sum: 227, Workers: 8
[2025-06-17T22:49:24.805+0300][18640][17704][debug][gc,phases] GC(3)       Resize TLABs (ms):             Min:  0.0, Avg:  0.0, Max:  0.0, Diff:  0.0, Sum:  0.0, Workers: 8
[2025-06-17T22:49:24.805+0300][18640][17704][debug][gc,phases] GC(3)       Free Collection Set (ms):      Min:  0.0, Avg:  0.1, Max:  0.1, Diff:  0.1, Sum:  0.5, Workers: 8
[2025-06-17T22:49:24.805+0300][18640][17704][debug][gc,phases] GC(3)     Rebuild Free List: 0.0ms
[2025-06-17T22:49:24.805+0300][18640][17704][debug][gc,phases] GC(3)     Prepare For Mutator: 0.0ms
[2025-06-17T22:49:24.805+0300][18640][17704][debug][gc,phases] GC(3)     Expand Heap After Collection: 0.0ms
[2025-06-17T22:49:24.805+0300][18640][17704][info ][gc,phases] GC(3)   Other: 0.2ms
[2025-06-17T22:49:24.805+0300][18640][17704][info ][gc,heap  ] GC(3) Eden regions: 381->0(1226)
[2025-06-17T22:49:24.805+0300][18640][17704][info ][gc,heap  ] GC(3) Survivor regions: 2->2(48)
[2025-06-17T22:49:24.805+0300][18640][17704][info ][gc,heap  ] GC(3) Old regions: 10->10
[2025-06-17T22:49:24.805+0300][18640][17704][info ][gc,heap  ] GC(3) Humongous regions: 9->9
[2025-06-17T22:49:24.805+0300][18640][17704][debug][gc,heap  ] GC(3) Heap after GC invocations=4 (full 1):
[2025-06-17T22:49:24.805+0300][18640][17704][debug][gc,heap  ] GC(3)  garbage-first heap   total 2097152K, used 14011K [0x0000000080000000, 0x0000000100000000)
[2025-06-17T22:49:24.805+0300][18640][17704][debug][gc,heap  ] GC(3)   region size 1024K, 2 young (2048K), 2 survivors (2048K)
[2025-06-17T22:49:24.805+0300][18640][17704][debug][gc,heap  ] GC(3)  Metaspace       used 8856K, committed 9408K, reserved 1114112K
[2025-06-17T22:49:24.805+0300][18640][17704][debug][gc,heap  ] GC(3)   class space    used 976K, committed 1216K, reserved 1048576K
[2025-06-17T22:49:24.805+0300][18640][17704][info ][gc       ] GC(3) Pause Young (Normal) (G1 Evacuation Pause) 394M->13M(2048M) 3.526ms
[2025-06-17T22:49:24.805+0300][18640][17704][info ][safepoint] Safepoint "G1CollectForAllocation", Time since last: 493202400 ns, Reaching safepoint: 462700 ns, Cleanup: 64200 ns, At safepoint: 3574900 ns, Total: 4101800 ns
[2025-06-17T22:49:25.449+0300][18640][17704][debug][safepoint] Safepoint synchronization initiated using striped semaphore wait barrier. (21 threads)
[2025-06-17T22:49:25.449+0300][18640][3328 ][debug][safepoint] ... found polling page loop exception at pc = 0x000001d3901b37e0, stub =0x000001d38fbb5d80
[2025-06-17T22:49:25.449+0300][18640][19764][debug][safepoint] ... found polling page loop exception at pc = 0x000001d3902a1f8d, stub =0x000001d38fbb6600
[2025-06-17T22:49:25.449+0300][18640][20832][debug][safepoint] ... found polling page loop exception at pc = 0x000001d3901b87f0, stub =0x000001d38fbb6600
[2025-06-17T22:49:25.449+0300][18640][17704][debug][gc,heap  ] GC(4) Heap before GC invocations=4 (full 1):
[2025-06-17T22:49:25.449+0300][18640][17704][debug][gc,heap  ] GC(4)  garbage-first heap   total 2097152K, used 1268411K [0x0000000080000000, 0x0000000100000000)
[2025-06-17T22:49:25.449+0300][18640][17704][debug][gc,heap  ] GC(4)   region size 1024K, 1228 young (1257472K), 2 survivors (2048K)
[2025-06-17T22:49:25.449+0300][18640][17704][debug][gc,heap  ] GC(4)  Metaspace       used 8930K, committed 9536K, reserved 1114112K
[2025-06-17T22:49:25.449+0300][18640][17704][debug][gc,heap  ] GC(4)   class space    used 978K, committed 1216K, reserved 1048576K
[2025-06-17T22:49:25.453+0300][18640][17704][info ][gc,phases] GC(4)   Pre Evacuate Collection Set: 0.3ms
[2025-06-17T22:49:25.453+0300][18640][17704][debug][gc,phases] GC(4)     Pre Evacuate Prepare: 0.0ms
[2025-06-17T22:49:25.453+0300][18640][17704][debug][gc,phases] GC(4)       JT Retire TLABs And Flush Logs (ms): Min:  0.0, Avg:  0.0, Max:  0.0, Diff:  0.0, Sum:  0.0, Workers: 2
[2025-06-17T22:49:25.453+0300][18640][17704][debug][gc,phases] GC(4)       Non-JT Flush Logs (ms):        Min:  0.0, Avg:  0.0, Max:  0.0, Diff:  0.0, Sum:  0.0, Workers: 1
[2025-06-17T22:49:25.453+0300][18640][17704][debug][gc,phases] GC(4)     Choose Collection Set: 0.0ms
[2025-06-17T22:49:25.453+0300][18640][17704][debug][gc,phases] GC(4)     Region Register: 0.3ms
[2025-06-17T22:49:25.453+0300][18640][17704][debug][gc,phases] GC(4)     Prepare Heap Roots: 0.0ms
[2025-06-17T22:49:25.453+0300][18640][17704][info ][gc,phases] GC(4)   Merge Heap Roots: 0.2ms
[2025-06-17T22:49:25.453+0300][18640][17704][debug][gc,phases] GC(4)     Prepare Merge Heap Roots: 0.0ms
[2025-06-17T22:49:25.453+0300][18640][17704][debug][gc,phases] GC(4)     Remembered Sets (ms):          Min:  0.0, Avg:  0.1, Max:  0.1, Diff:  0.1, Sum:  0.6, Workers: 8
[2025-06-17T22:49:25.453+0300][18640][17704][debug][gc,phases] GC(4)       Eager Reclaim (ms):            Min:  0.0, Avg:  0.0, Max:  0.0, Diff:  0.0, Sum:  0.0, Workers: 1
[2025-06-17T22:49:25.453+0300][18640][17704][debug][gc,phases] GC(4)       Merged Inline                  Min: 0, Avg:  0.0, Max: 0, Diff: 0, Sum: 0, Workers: 8
[2025-06-17T22:49:25.453+0300][18640][17704][debug][gc,phases] GC(4)       Merged ArrayOfCards            Min: 0, Avg:  0.0, Max: 0, Diff: 0, Sum: 0, Workers: 8
[2025-06-17T22:49:25.453+0300][18640][17704][debug][gc,phases] GC(4)       Merged Howl                    Min: 0, Avg:  0.0, Max: 0, Diff: 0, Sum: 0, Workers: 8
[2025-06-17T22:49:25.453+0300][18640][17704][debug][gc,phases] GC(4)       Merged Full                    Min: 0, Avg:  0.0, Max: 0, Diff: 0, Sum: 0, Workers: 8
[2025-06-17T22:49:25.453+0300][18640][17704][debug][gc,phases] GC(4)       Merged Howl Inline             Min: 0, Avg:  0.0, Max: 0, Diff: 0, Sum: 0, Workers: 8
[2025-06-17T22:49:25.453+0300][18640][17704][debug][gc,phases] GC(4)       Merged Howl ArrayOfCards       Min: 0, Avg:  0.0, Max: 0, Diff: 0, Sum: 0, Workers: 8
[2025-06-17T22:49:25.453+0300][18640][17704][debug][gc,phases] GC(4)       Merged Howl BitMap             Min: 0, Avg:  0.0, Max: 0, Diff: 0, Sum: 0, Workers: 8
[2025-06-17T22:49:25.453+0300][18640][17704][debug][gc,phases] GC(4)       Merged Howl Full               Min: 0, Avg:  0.0, Max: 0, Diff: 0, Sum: 0, Workers: 8
[2025-06-17T22:49:25.453+0300][18640][17704][debug][gc,phases] GC(4)       Merged Cards                   Min: 8, Avg:  9.0, Max: 16, Diff: 8, Sum: 72, Workers: 8
[2025-06-17T22:49:25.453+0300][18640][17704][debug][gc,phases] GC(4)     Log Buffers (ms):              Min:  0.0, Avg:  0.0, Max:  0.0, Diff:  0.0, Sum:  0.0, Workers: 8
[2025-06-17T22:49:25.453+0300][18640][17704][debug][gc,phases] GC(4)       Dirty Cards:                   Min: 0, Avg: 29.1, Max: 127, Diff: 127, Sum: 233, Workers: 8
[2025-06-17T22:49:25.453+0300][18640][17704][debug][gc,phases] GC(4)       Skipped Cards:                 Min: 0, Avg:  0.0, Max: 0, Diff: 0, Sum: 0, Workers: 8
[2025-06-17T22:49:25.453+0300][18640][17704][info ][gc,phases] GC(4)   Evacuate Collection Set: 1.4ms
[2025-06-17T22:49:25.453+0300][18640][17704][debug][gc,phases] GC(4)     Ext Root Scanning (ms):        Min:  0.0, Avg:  0.1, Max:  0.4, Diff:  0.4, Sum:  0.8, Workers: 8
[2025-06-17T22:49:25.453+0300][18640][17704][debug][gc,phases] GC(4)     Scan Heap Roots (ms):          Min:  0.0, Avg:  0.0, Max:  0.1, Diff:  0.1, Sum:  0.2, Workers: 8
[2025-06-17T22:49:25.453+0300][18640][17704][debug][gc,phases] GC(4)       Scanned Cards:                 Min: 0, Avg: 29.1, Max: 108, Diff: 108, Sum: 233, Workers: 8
[2025-06-17T22:49:25.453+0300][18640][17704][debug][gc,phases] GC(4)       Scanned Blocks:                Min: 0, Avg: 18.2, Max: 58, Diff: 58, Sum: 146, Workers: 8
[2025-06-17T22:49:25.453+0300][18640][17704][debug][gc,phases] GC(4)       Claimed Chunks:                Min: 0, Avg:  7.5, Max: 24, Diff: 24, Sum: 60, Workers: 8
[2025-06-17T22:49:25.453+0300][18640][17704][debug][gc,phases] GC(4)       Found Roots:                   Min: 0, Avg: 147.6, Max: 530, Diff: 530, Sum: 1181, Workers: 8
[2025-06-17T22:49:25.453+0300][18640][17704][debug][gc,phases] GC(4)     Code Root Scan (ms):           Min:  0.1, Avg:  0.2, Max:  0.5, Diff:  0.5, Sum:  1.8, Workers: 8
[2025-06-17T22:49:25.453+0300][18640][17704][debug][gc,phases] GC(4)       Scanned Nmethods               Min: 0, Avg: 45.8, Max: 131, Diff: 131, Sum: 366, Workers: 8
[2025-06-17T22:49:25.453+0300][18640][17704][debug][gc,phases] GC(4)     Object Copy (ms):              Min:  0.0, Avg:  0.4, Max:  0.8, Diff:  0.8, Sum:  2.8, Workers: 8
[2025-06-17T22:49:25.453+0300][18640][17704][debug][gc,phases] GC(4)     Termination (ms):              Min:  0.0, Avg:  0.1, Max:  0.2, Diff:  0.2, Sum:  0.9, Workers: 8
[2025-06-17T22:49:25.453+0300][18640][17704][debug][gc,phases] GC(4)       Termination Attempts:          Min: 1, Avg:  1.0, Max: 1, Diff: 0, Sum: 8, Workers: 8
[2025-06-17T22:49:25.453+0300][18640][17704][debug][gc,phases] GC(4)     GC Worker Other (ms):          Min:  0.1, Avg:  0.4, Max:  1.3, Diff:  1.2, Sum:  3.0, Workers: 8
[2025-06-17T22:49:25.453+0300][18640][17704][debug][gc,phases] GC(4)     GC Worker Total (ms):          Min:  0.2, Avg:  1.2, Max:  1.4, Diff:  1.2, Sum:  9.6, Workers: 8
[2025-06-17T22:49:25.453+0300][18640][17704][info ][gc,phases] GC(4)   Post Evacuate Collection Set: 1.0ms
[2025-06-17T22:49:25.453+0300][18640][17704][debug][gc,phases] GC(4)     NMethod List Cleanup: 0.1ms
[2025-06-17T22:49:25.453+0300][18640][17704][debug][gc,phases] GC(4)     Reference Processing: 0.1ms
[2025-06-17T22:49:25.453+0300][18640][17704][debug][gc,phases] GC(4)     Weak Processing: 0.1ms
[2025-06-17T22:49:25.453+0300][18640][17704][debug][gc,phases] GC(4)       VM Weak                        Min:  0.0, Avg:  0.0, Max:  0.0, Diff:  0.0, Sum:  0.0, Workers: 8
[2025-06-17T22:49:25.453+0300][18640][17704][debug][gc,phases] GC(4)         Dead                           Min: 0, Avg:  0.0, Max: 0, Diff: 0, Sum: 0, Workers: 8
[2025-06-17T22:49:25.453+0300][18640][17704][debug][gc,phases] GC(4)         Total                          Min: 0, Avg: 46.8, Max: 128, Diff: 128, Sum: 374, Workers: 8
[2025-06-17T22:49:25.453+0300][18640][17704][debug][gc,phases] GC(4)       ObjectSynchronizer Weak        Min:  0.0, Avg:  0.0, Max:  0.0, Diff:  0.0, Sum:  0.0, Workers: 8
[2025-06-17T22:49:25.453+0300][18640][17704][debug][gc,phases] GC(4)         Dead                           Min: 0, Avg:  0.0, Max: 0, Diff: 0, Sum: 0, Workers: 8
[2025-06-17T22:49:25.453+0300][18640][17704][debug][gc,phases] GC(4)         Total                          Min: 0, Avg: 17.4, Max: 77, Diff: 77, Sum: 139, Workers: 8
[2025-06-17T22:49:25.453+0300][18640][17704][debug][gc,phases] GC(4)       JVMTI Tag Weak OopStorage      Min:  0.0, Avg:  0.0, Max:  0.0, Diff:  0.0, Sum:  0.0, Workers: 8
[2025-06-17T22:49:25.453+0300][18640][17704][debug][gc,phases] GC(4)         Dead                           Min: 0, Avg:  0.0, Max: 0, Diff: 0, Sum: 0, Workers: 8
[2025-06-17T22:49:25.453+0300][18640][17704][debug][gc,phases] GC(4)         Total                          Min: 0, Avg:  0.0, Max: 0, Diff: 0, Sum: 0, Workers: 8
[2025-06-17T22:49:25.453+0300][18640][17704][debug][gc,phases] GC(4)       StringTable Weak               Min:  0.0, Avg:  0.0, Max:  0.0, Diff:  0.0, Sum:  0.2, Workers: 8
[2025-06-17T22:49:25.453+0300][18640][17704][debug][gc,phases] GC(4)         Dead                           Min: 0, Avg:  0.1, Max: 1, Diff: 1, Sum: 1, Workers: 8
[2025-06-17T22:49:25.453+0300][18640][17704][debug][gc,phases] GC(4)         Total                          Min: 0, Avg: 775.5, Max: 1472, Diff: 1472, Sum: 6204, Workers: 8
[2025-06-17T22:49:25.453+0300][18640][17704][debug][gc,phases] GC(4)       ResolvedMethodTable Weak       Min:  0.0, Avg:  0.0, Max:  0.0, Diff:  0.0, Sum:  0.0, Workers: 8
[2025-06-17T22:49:25.453+0300][18640][17704][debug][gc,phases] GC(4)         Dead                           Min: 0, Avg:  0.0, Max: 0, Diff: 0, Sum: 0, Workers: 8
[2025-06-17T22:49:25.453+0300][18640][17704][debug][gc,phases] GC(4)         Total                          Min: 0, Avg: 109.2, Max: 320, Diff: 320, Sum: 874, Workers: 8
[2025-06-17T22:49:25.453+0300][18640][17704][debug][gc,phases] GC(4)       JNI Weak                       Min:  0.0, Avg:  0.0, Max:  0.0, Diff:  0.0, Sum:  0.0, Workers: 8
[2025-06-17T22:49:25.453+0300][18640][17704][debug][gc,phases] GC(4)         Dead                           Min: 0, Avg:  0.0, Max: 0, Diff: 0, Sum: 0, Workers: 8
[2025-06-17T22:49:25.453+0300][18640][17704][debug][gc,phases] GC(4)         Total                          Min: 0, Avg:  5.2, Max: 42, Diff: 42, Sum: 42, Workers: 8
[2025-06-17T22:49:25.453+0300][18640][17704][debug][gc,phases] GC(4)       StringDedup Table Weak         Min:  0.0, Avg:  0.0, Max:  0.0, Diff:  0.0, Sum:  0.0, Workers: 8
[2025-06-17T22:49:25.453+0300][18640][17704][debug][gc,phases] GC(4)         Dead                           Min: 0, Avg:  0.0, Max: 0, Diff: 0, Sum: 0, Workers: 8
[2025-06-17T22:49:25.453+0300][18640][17704][debug][gc,phases] GC(4)         Total                          Min: 0, Avg:  0.0, Max: 0, Diff: 0, Sum: 0, Workers: 8
[2025-06-17T22:49:25.453+0300][18640][17704][debug][gc,phases] GC(4)       StringDedup Requests0 Weak     Min:  0.0, Avg:  0.0, Max:  0.0, Diff:  0.0, Sum:  0.0, Workers: 8
[2025-06-17T22:49:25.453+0300][18640][17704][debug][gc,phases] GC(4)         Dead                           Min: 0, Avg:  0.0, Max: 0, Diff: 0, Sum: 0, Workers: 8
[2025-06-17T22:49:25.453+0300][18640][17704][debug][gc,phases] GC(4)         Total                          Min: 0, Avg:  0.0, Max: 0, Diff: 0, Sum: 0, Workers: 8
[2025-06-17T22:49:25.453+0300][18640][17704][debug][gc,phases] GC(4)       StringDedup Requests1 Weak     Min:  0.0, Avg:  0.0, Max:  0.0, Diff:  0.0, Sum:  0.0, Workers: 8
[2025-06-17T22:49:25.453+0300][18640][17704][debug][gc,phases] GC(4)         Dead                           Min: 0, Avg:  0.0, Max: 0, Diff: 0, Sum: 0, Workers: 8
[2025-06-17T22:49:25.453+0300][18640][17704][debug][gc,phases] GC(4)         Total                          Min: 0, Avg:  0.0, Max: 0, Diff: 0, Sum: 0, Workers: 8
[2025-06-17T22:49:25.453+0300][18640][17704][debug][gc,phases] GC(4)       Weak JFR Old Object Samples    Min:  0.0, Avg:  0.0, Max:  0.0, Diff:  0.0, Sum:  0.0, Workers: 8
[2025-06-17T22:49:25.453+0300][18640][17704][debug][gc,phases] GC(4)         Dead                           Min: 0, Avg:  0.0, Max: 0, Diff: 0, Sum: 0, Workers: 8
[2025-06-17T22:49:25.453+0300][18640][17704][debug][gc,phases] GC(4)         Total                          Min: 0, Avg:  0.0, Max: 0, Diff: 0, Sum: 0, Workers: 8
[2025-06-17T22:49:25.453+0300][18640][17704][debug][gc,phases] GC(4)     Post Evacuate Cleanup 1: 0.3ms
[2025-06-17T22:49:25.453+0300][18640][17704][debug][gc,phases] GC(4)       Merge Per-Thread State (ms):   Min:  0.1, Avg:  0.1, Max:  0.1, Diff:  0.0, Sum:  0.1, Workers: 1
[2025-06-17T22:49:25.453+0300][18640][17704][debug][gc,phases] GC(4)         Copied Bytes                   Min: 0, Avg: 198583.0, Max: 523720, Diff: 523720, Sum: 1588664, Workers: 8
[2025-06-17T22:49:25.453+0300][18640][17704][debug][gc,phases] GC(4)         LAB Waste                      Min: 0, Avg: 203.0, Max: 584, Diff: 584, Sum: 1624, Workers: 8
[2025-06-17T22:49:25.453+0300][18640][17704][debug][gc,phases] GC(4)         LAB Undo Waste                 Min: 0, Avg: 17666.0, Max: 141328, Diff: 141328, Sum: 141328, Workers: 8
[2025-06-17T22:49:25.453+0300][18640][17704][debug][gc,phases] GC(4)       Clear Logged Cards (ms):       Min:  0.0, Avg:  0.1, Max:  0.2, Diff:  0.2, Sum:  0.5, Workers: 5
[2025-06-17T22:49:25.453+0300][18640][17704][debug][gc,phases] GC(4)       Recalculate Used Memory (ms):  Min:  0.0, Avg:  0.0, Max:  0.0, Diff:  0.0, Sum:  0.0, Workers: 1
[2025-06-17T22:49:25.453+0300][18640][17704][debug][gc,phases] GC(4)     Post Evacuate Cleanup 2: 0.4ms
[2025-06-17T22:49:25.453+0300][18640][17704][debug][gc,phases] GC(4)       Update Derived Pointers (ms):  Min:  0.0, Avg:  0.0, Max:  0.0, Diff:  0.0, Sum:  0.0, Workers: 1
[2025-06-17T22:49:25.453+0300][18640][17704][debug][gc,phases] GC(4)       Eagerly Reclaim Humongous Objects (ms): Min:  0.0, Avg:  0.0, Max:  0.0, Diff:  0.0, Sum:  0.0, Workers: 1
[2025-06-17T22:49:25.453+0300][18640][17704][debug][gc,phases] GC(4)         Humongous Total                Min: 3, Avg:  3.0, Max: 3, Diff: 0, Sum: 3, Workers: 1
[2025-06-17T22:49:25.453+0300][18640][17704][debug][gc,phases] GC(4)         Humongous Candidates           Min: 3, Avg:  3.0, Max: 3, Diff: 0, Sum: 3, Workers: 1
[2025-06-17T22:49:25.453+0300][18640][17704][debug][gc,phases] GC(4)         Humongous Reclaimed            Min: 0, Avg:  0.0, Max: 0, Diff: 0, Sum: 0, Workers: 1
[2025-06-17T22:49:25.453+0300][18640][17704][debug][gc,phases] GC(4)       Redirty Logged Cards (ms):     Min:  0.0, Avg:  0.0, Max:  0.0, Diff:  0.0, Sum:  0.0, Workers: 8
[2025-06-17T22:49:25.453+0300][18640][17704][debug][gc,phases] GC(4)         Redirtied Cards:               Min: 0, Avg: 28.2, Max: 122, Diff: 122, Sum: 226, Workers: 8
[2025-06-17T22:49:25.453+0300][18640][17704][debug][gc,phases] GC(4)       Resize TLABs (ms):             Min:  0.0, Avg:  0.0, Max:  0.0, Diff:  0.0, Sum:  0.0, Workers: 8
[2025-06-17T22:49:25.453+0300][18640][17704][debug][gc,phases] GC(4)       Free Collection Set (ms):      Min:  0.0, Avg:  0.2, Max:  0.3, Diff:  0.3, Sum:  1.7, Workers: 8
[2025-06-17T22:49:25.453+0300][18640][17704][debug][gc,phases] GC(4)     Rebuild Free List: 0.1ms
[2025-06-17T22:49:25.453+0300][18640][17704][debug][gc,phases] GC(4)     Prepare For Mutator: 0.0ms
[2025-06-17T22:49:25.453+0300][18640][17704][debug][gc,phases] GC(4)     Expand Heap After Collection: 0.0ms
[2025-06-17T22:49:25.453+0300][18640][17704][info ][gc,phases] GC(4)   Other: 0.4ms
[2025-06-17T22:49:25.453+0300][18640][17704][info ][gc,heap  ] GC(4) Eden regions: 1226->0(1226)
[2025-06-17T22:49:25.453+0300][18640][17704][info ][gc,heap  ] GC(4) Survivor regions: 2->2(154)
[2025-06-17T22:49:25.453+0300][18640][17704][info ][gc,heap  ] GC(4) Old regions: 10->10
[2025-06-17T22:49:25.453+0300][18640][17704][info ][gc,heap  ] GC(4) Humongous regions: 9->9
[2025-06-17T22:49:25.453+0300][18640][17704][debug][gc,heap  ] GC(4) Heap after GC invocations=5 (full 1):
[2025-06-17T22:49:25.453+0300][18640][17704][debug][gc,heap  ] GC(4)  garbage-first heap   total 2097152K, used 14024K [0x0000000080000000, 0x0000000100000000)
[2025-06-17T22:49:25.453+0300][18640][17704][debug][gc,heap  ] GC(4)   region size 1024K, 2 young (2048K), 2 survivors (2048K)
[2025-06-17T22:49:25.455+0300][18640][17704][debug][gc,heap  ] GC(4)  Metaspace       used 8930K, committed 9536K, reserved 1114112K
[2025-06-17T22:49:25.455+0300][18640][17704][debug][gc,heap  ] GC(4)   class space    used 978K, committed 1216K, reserved 1048576K
[2025-06-17T22:49:25.455+0300][18640][17704][info ][gc       ] GC(4) Pause Young (Normal) (G1 Evacuation Pause) 1239M->13M(2048M) 5.331ms
[2025-06-17T22:49:25.455+0300][18640][17704][info ][safepoint] Safepoint "G1CollectForAllocation", Time since last: 644123100 ns, Reaching safepoint: 194900 ns, Cleanup: 32800 ns, At safepoint: 5392900 ns, Total: 5620600 ns
[2025-06-17T22:49:25.899+0300][18640][17704][debug][safepoint] Safepoint synchronization initiated using striped semaphore wait barrier. (21 threads)
[2025-06-17T22:49:25.899+0300][18640][20836][debug][safepoint] ... found polling page loop exception at pc = 0x000001d3901b37e0, stub =0x000001d38fbb5d80
[2025-06-17T22:49:25.899+0300][18640][3328 ][debug][safepoint] ... found polling page loop exception at pc = 0x000001d3901b37e0, stub =0x000001d38fbb5d80
[2025-06-17T22:49:25.899+0300][18640][20832][debug][safepoint] ... found polling page loop exception at pc = 0x000001d3901b37e0, stub =0x000001d38fbb5d80
[2025-06-17T22:49:25.899+0300][18640][19764][debug][safepoint] ... found polling page loop exception at pc = 0x000001d3901b37e0, stub =0x000001d38fbb5d80
[2025-06-17T22:49:25.899+0300][18640][17704][debug][gc,heap  ] GC(5) Heap before GC invocations=5 (full 1):
[2025-06-17T22:49:25.899+0300][18640][17704][debug][gc,heap  ] GC(5)  garbage-first heap   total 2097152K, used 1269448K [0x0000000080000000, 0x0000000100000000)
[2025-06-17T22:49:25.899+0300][18640][17704][debug][gc,heap  ] GC(5)   region size 1024K, 1228 young (1257472K), 2 survivors (2048K)
[2025-06-17T22:49:25.899+0300][18640][17704][debug][gc,heap  ] GC(5)  Metaspace       used 8973K, committed 9536K, reserved 1114112K
[2025-06-17T22:49:25.899+0300][18640][17704][debug][gc,heap  ] GC(5)   class space    used 978K, committed 1216K, reserved 1048576K
[2025-06-17T22:49:25.899+0300][18640][17704][info ][gc,phases] GC(5)   Pre Evacuate Collection Set: 0.3ms
[2025-06-17T22:49:25.899+0300][18640][17704][debug][gc,phases] GC(5)     Pre Evacuate Prepare: 0.1ms
[2025-06-17T22:49:25.899+0300][18640][17704][debug][gc,phases] GC(5)       JT Retire TLABs And Flush Logs (ms): Min:  0.0, Avg:  0.0, Max:  0.0, Diff:  0.0, Sum:  0.0, Workers: 2
[2025-06-17T22:49:25.899+0300][18640][17704][debug][gc,phases] GC(5)       Non-JT Flush Logs (ms):        Min:  0.0, Avg:  0.0, Max:  0.0, Diff:  0.0, Sum:  0.0, Workers: 1
[2025-06-17T22:49:25.899+0300][18640][17704][debug][gc,phases] GC(5)     Choose Collection Set: 0.0ms
[2025-06-17T22:49:25.899+0300][18640][17704][debug][gc,phases] GC(5)     Region Register: 0.3ms
[2025-06-17T22:49:25.899+0300][18640][17704][debug][gc,phases] GC(5)     Prepare Heap Roots: 0.0ms
[2025-06-17T22:49:25.899+0300][18640][17704][info ][gc,phases] GC(5)   Merge Heap Roots: 0.2ms
[2025-06-17T22:49:25.899+0300][18640][17704][debug][gc,phases] GC(5)     Prepare Merge Heap Roots: 0.0ms
[2025-06-17T22:49:25.899+0300][18640][17704][debug][gc,phases] GC(5)     Remembered Sets (ms):          Min:  0.0, Avg:  0.1, Max:  0.1, Diff:  0.1, Sum:  0.8, Workers: 8
[2025-06-17T22:49:25.899+0300][18640][17704][debug][gc,phases] GC(5)       Eager Reclaim (ms):            Min:  0.0, Avg:  0.0, Max:  0.0, Diff:  0.0, Sum:  0.0, Workers: 1
[2025-06-17T22:49:25.899+0300][18640][17704][debug][gc,phases] GC(5)       Merged Inline                  Min: 0, Avg:  0.0, Max: 0, Diff: 0, Sum: 0, Workers: 8
[2025-06-17T22:49:25.899+0300][18640][17704][debug][gc,phases] GC(5)       Merged ArrayOfCards            Min: 0, Avg:  0.0, Max: 0, Diff: 0, Sum: 0, Workers: 8
[2025-06-17T22:49:25.899+0300][18640][17704][debug][gc,phases] GC(5)       Merged Howl                    Min: 0, Avg:  0.0, Max: 0, Diff: 0, Sum: 0, Workers: 8
[2025-06-17T22:49:25.899+0300][18640][17704][debug][gc,phases] GC(5)       Merged Full                    Min: 0, Avg:  0.0, Max: 0, Diff: 0, Sum: 0, Workers: 8
[2025-06-17T22:49:25.899+0300][18640][17704][debug][gc,phases] GC(5)       Merged Howl Inline             Min: 0, Avg:  0.0, Max: 0, Diff: 0, Sum: 0, Workers: 8
[2025-06-17T22:49:25.899+0300][18640][17704][debug][gc,phases] GC(5)       Merged Howl ArrayOfCards       Min: 0, Avg:  0.0, Max: 0, Diff: 0, Sum: 0, Workers: 8
[2025-06-17T22:49:25.899+0300][18640][17704][debug][gc,phases] GC(5)       Merged Howl BitMap             Min: 0, Avg:  0.0, Max: 0, Diff: 0, Sum: 0, Workers: 8
[2025-06-17T22:49:25.899+0300][18640][17704][debug][gc,phases] GC(5)       Merged Howl Full               Min: 0, Avg:  0.0, Max: 0, Diff: 0, Sum: 0, Workers: 8
[2025-06-17T22:49:25.899+0300][18640][17704][debug][gc,phases] GC(5)       Merged Cards                   Min: 8, Avg:  9.0, Max: 16, Diff: 8, Sum: 72, Workers: 8
[2025-06-17T22:49:25.899+0300][18640][17704][debug][gc,phases] GC(5)     Log Buffers (ms):              Min:  0.0, Avg:  0.0, Max:  0.0, Diff:  0.0, Sum:  0.0, Workers: 8
[2025-06-17T22:49:25.899+0300][18640][17704][debug][gc,phases] GC(5)       Dirty Cards:                   Min: 0, Avg: 29.2, Max: 152, Diff: 152, Sum: 234, Workers: 8
[2025-06-17T22:49:25.899+0300][18640][17704][debug][gc,phases] GC(5)       Skipped Cards:                 Min: 0, Avg:  0.0, Max: 0, Diff: 0, Sum: 0, Workers: 8
[2025-06-17T22:49:25.899+0300][18640][17704][info ][gc,phases] GC(5)   Evacuate Collection Set: 1.0ms
[2025-06-17T22:49:25.899+0300][18640][17704][debug][gc,phases] GC(5)     Ext Root Scanning (ms):        Min:  0.0, Avg:  0.1, Max:  0.4, Diff:  0.4, Sum:  0.8, Workers: 8
[2025-06-17T22:49:25.899+0300][18640][17704][debug][gc,phases] GC(5)     Scan Heap Roots (ms):          Min:  0.0, Avg:  0.0, Max:  0.1, Diff:  0.1, Sum:  0.3, Workers: 8
[2025-06-17T22:49:25.899+0300][18640][17704][debug][gc,phases] GC(5)       Scanned Cards:                 Min: 0, Avg: 29.2, Max: 57, Diff: 57, Sum: 234, Workers: 8
[2025-06-17T22:49:25.899+0300][18640][17704][debug][gc,phases] GC(5)       Scanned Blocks:                Min: 0, Avg: 18.9, Max: 39, Diff: 39, Sum: 151, Workers: 8
[2025-06-17T22:49:25.899+0300][18640][17704][debug][gc,phases] GC(5)       Claimed Chunks:                Min: 0, Avg:  7.5, Max: 17, Diff: 17, Sum: 60, Workers: 8
[2025-06-17T22:49:25.899+0300][18640][17704][debug][gc,phases] GC(5)       Found Roots:                   Min: 0, Avg: 151.4, Max: 370, Diff: 370, Sum: 1211, Workers: 8
[2025-06-17T22:49:25.899+0300][18640][17704][debug][gc,phases] GC(5)     Code Root Scan (ms):           Min:  0.1, Avg:  0.2, Max:  0.3, Diff:  0.2, Sum:  1.9, Workers: 8
[2025-06-17T22:49:25.899+0300][18640][17704][debug][gc,phases] GC(5)       Scanned Nmethods               Min: 0, Avg: 52.2, Max: 73, Diff: 73, Sum: 418, Workers: 8
[2025-06-17T22:49:25.899+0300][18640][17704][debug][gc,phases] GC(5)     Object Copy (ms):              Min:  0.3, Avg:  0.3, Max:  0.4, Diff:  0.1, Sum:  2.6, Workers: 8
[2025-06-17T22:49:25.899+0300][18640][17704][debug][gc,phases] GC(5)     Termination (ms):              Min:  0.0, Avg:  0.2, Max:  0.2, Diff:  0.2, Sum:  1.4, Workers: 8
[2025-06-17T22:49:25.899+0300][18640][17704][debug][gc,phases] GC(5)       Termination Attempts:          Min: 1, Avg:  5.2, Max: 7, Diff: 6, Sum: 42, Workers: 8
[2025-06-17T22:49:25.899+0300][18640][17704][debug][gc,phases] GC(5)     GC Worker Other (ms):          Min:  0.1, Avg:  0.1, Max:  0.2, Diff:  0.1, Sum:  0.8, Workers: 8
[2025-06-17T22:49:25.899+0300][18640][17704][debug][gc,phases] GC(5)     GC Worker Total (ms):          Min:  1.0, Avg:  1.0, Max:  1.0, Diff:  0.0, Sum:  7.9, Workers: 8
[2025-06-17T22:49:25.899+0300][18640][17704][info ][gc,phases] GC(5)   Post Evacuate Collection Set: 0.8ms
[2025-06-17T22:49:25.899+0300][18640][17704][debug][gc,phases] GC(5)     NMethod List Cleanup: 0.1ms
[2025-06-17T22:49:25.899+0300][18640][17704][debug][gc,phases] GC(5)     Reference Processing: 0.1ms
[2025-06-17T22:49:25.899+0300][18640][17704][debug][gc,phases] GC(5)     Weak Processing: 0.1ms
[2025-06-17T22:49:25.899+0300][18640][17704][debug][gc,phases] GC(5)       VM Weak                        Min:  0.0, Avg:  0.0, Max:  0.0, Diff:  0.0, Sum:  0.0, Workers: 8
[2025-06-17T22:49:25.899+0300][18640][17704][debug][gc,phases] GC(5)         Dead                           Min: 0, Avg:  0.0, Max: 0, Diff: 0, Sum: 0, Workers: 8
[2025-06-17T22:49:25.899+0300][18640][17704][debug][gc,phases] GC(5)         Total                          Min: 0, Avg: 46.8, Max: 118, Diff: 118, Sum: 374, Workers: 8
[2025-06-17T22:49:25.899+0300][18640][17704][debug][gc,phases] GC(5)       ObjectSynchronizer Weak        Min:  0.0, Avg:  0.0, Max:  0.0, Diff:  0.0, Sum:  0.0, Workers: 8
[2025-06-17T22:49:25.899+0300][18640][17704][debug][gc,phases] GC(5)         Dead                           Min: 0, Avg:  0.0, Max: 0, Diff: 0, Sum: 0, Workers: 8
[2025-06-17T22:49:25.899+0300][18640][17704][debug][gc,phases] GC(5)         Total                          Min: 0, Avg: 17.4, Max: 64, Diff: 64, Sum: 139, Workers: 8
[2025-06-17T22:49:25.899+0300][18640][17704][debug][gc,phases] GC(5)       JVMTI Tag Weak OopStorage      Min:  0.0, Avg:  0.0, Max:  0.0, Diff:  0.0, Sum:  0.0, Workers: 8
[2025-06-17T22:49:25.899+0300][18640][17704][debug][gc,phases] GC(5)         Dead                           Min: 0, Avg:  0.0, Max: 0, Diff: 0, Sum: 0, Workers: 8
[2025-06-17T22:49:25.899+0300][18640][17704][debug][gc,phases] GC(5)         Total                          Min: 0, Avg:  0.0, Max: 0, Diff: 0, Sum: 0, Workers: 8
[2025-06-17T22:49:25.899+0300][18640][17704][debug][gc,phases] GC(5)       StringTable Weak               Min:  0.0, Avg:  0.0, Max:  0.0, Diff:  0.0, Sum:  0.1, Workers: 8
[2025-06-17T22:49:25.899+0300][18640][17704][debug][gc,phases] GC(5)         Dead                           Min: 0, Avg:  0.0, Max: 0, Diff: 0, Sum: 0, Workers: 8
[2025-06-17T22:49:25.899+0300][18640][17704][debug][gc,phases] GC(5)         Total                          Min: 0, Avg: 779.2, Max: 1152, Diff: 1152, Sum: 6234, Workers: 8
[2025-06-17T22:49:25.899+0300][18640][17704][debug][gc,phases] GC(5)       ResolvedMethodTable Weak       Min:  0.0, Avg:  0.0, Max:  0.0, Diff:  0.0, Sum:  0.0, Workers: 8
[2025-06-17T22:49:25.899+0300][18640][17704][debug][gc,phases] GC(5)         Dead                           Min: 0, Avg:  0.0, Max: 0, Diff: 0, Sum: 0, Workers: 8
[2025-06-17T22:49:25.899+0300][18640][17704][debug][gc,phases] GC(5)         Total                          Min: 0, Avg: 109.2, Max: 256, Diff: 256, Sum: 874, Workers: 8
[2025-06-17T22:49:25.899+0300][18640][17704][debug][gc,phases] GC(5)       JNI Weak                       Min:  0.0, Avg:  0.0, Max:  0.0, Diff:  0.0, Sum:  0.0, Workers: 8
[2025-06-17T22:49:25.899+0300][18640][17704][debug][gc,phases] GC(5)         Dead                           Min: 0, Avg:  0.0, Max: 0, Diff: 0, Sum: 0, Workers: 8
[2025-06-17T22:49:25.899+0300][18640][17704][debug][gc,phases] GC(5)         Total                          Min: 0, Avg:  0.0, Max: 0, Diff: 0, Sum: 0, Workers: 8
[2025-06-17T22:49:25.899+0300][18640][17704][debug][gc,phases] GC(5)       StringDedup Table Weak         Min:  0.0, Avg:  0.0, Max:  0.0, Diff:  0.0, Sum:  0.0, Workers: 8
[2025-06-17T22:49:25.899+0300][18640][17704][debug][gc,phases] GC(5)         Dead                           Min: 0, Avg:  0.0, Max: 0, Diff: 0, Sum: 0, Workers: 8
[2025-06-17T22:49:25.899+0300][18640][17704][debug][gc,phases] GC(5)         Total                          Min: 0, Avg:  0.0, Max: 0, Diff: 0, Sum: 0, Workers: 8
[2025-06-17T22:49:25.899+0300][18640][17704][debug][gc,phases] GC(5)       StringDedup Requests0 Weak     Min:  0.0, Avg:  0.0, Max:  0.0, Diff:  0.0, Sum:  0.0, Workers: 8
[2025-06-17T22:49:25.899+0300][18640][17704][debug][gc,phases] GC(5)         Dead                           Min: 0, Avg:  0.0, Max: 0, Diff: 0, Sum: 0, Workers: 8
[2025-06-17T22:49:25.899+0300][18640][17704][debug][gc,phases] GC(5)         Total                          Min: 0, Avg:  0.0, Max: 0, Diff: 0, Sum: 0, Workers: 8
[2025-06-17T22:49:25.899+0300][18640][17704][debug][gc,phases] GC(5)       StringDedup Requests1 Weak     Min:  0.0, Avg:  0.0, Max:  0.0, Diff:  0.0, Sum:  0.0, Workers: 8
[2025-06-17T22:49:25.899+0300][18640][17704][debug][gc,phases] GC(5)         Dead                           Min: 0, Avg:  0.0, Max: 0, Diff: 0, Sum: 0, Workers: 8
[2025-06-17T22:49:25.899+0300][18640][17704][debug][gc,phases] GC(5)         Total                          Min: 0, Avg:  0.0, Max: 0, Diff: 0, Sum: 0, Workers: 8
[2025-06-17T22:49:25.899+0300][18640][17704][debug][gc,phases] GC(5)       Weak JFR Old Object Samples    Min:  0.0, Avg:  0.0, Max:  0.0, Diff:  0.0, Sum:  0.0, Workers: 8
[2025-06-17T22:49:25.899+0300][18640][17704][debug][gc,phases] GC(5)         Dead                           Min: 0, Avg:  0.0, Max: 0, Diff: 0, Sum: 0, Workers: 8
[2025-06-17T22:49:25.899+0300][18640][17704][debug][gc,phases] GC(5)         Total                          Min: 0, Avg:  0.0, Max: 0, Diff: 0, Sum: 0, Workers: 8
[2025-06-17T22:49:25.899+0300][18640][17704][debug][gc,phases] GC(5)     Post Evacuate Cleanup 1: 0.3ms
[2025-06-17T22:49:25.899+0300][18640][17704][debug][gc,phases] GC(5)       Merge Per-Thread State (ms):   Min:  0.1, Avg:  0.1, Max:  0.1, Diff:  0.0, Sum:  0.1, Workers: 1
[2025-06-17T22:49:25.899+0300][18640][17704][debug][gc,phases] GC(5)         Copied Bytes                   Min: 88680, Avg: 188814.0, Max: 315584, Diff: 226904, Sum: 1510512, Workers: 8
[2025-06-17T22:49:25.899+0300][18640][17704][debug][gc,phases] GC(5)         LAB Waste                      Min: 64, Avg: 311.0, Max: 752, Diff: 688, Sum: 2488, Workers: 8
[2025-06-17T22:49:25.899+0300][18640][17704][debug][gc,phases] GC(5)         LAB Undo Waste                 Min: 0, Avg:  0.0, Max: 0, Diff: 0, Sum: 0, Workers: 8
[2025-06-17T22:49:25.899+0300][18640][17704][debug][gc,phases] GC(5)       Clear Logged Cards (ms):       Min:  0.0, Avg:  0.1, Max:  0.2, Diff:  0.2, Sum:  0.5, Workers: 5
[2025-06-17T22:49:25.899+0300][18640][17704][debug][gc,phases] GC(5)       Recalculate Used Memory (ms):  Min:  0.0, Avg:  0.0, Max:  0.0, Diff:  0.0, Sum:  0.0, Workers: 1
[2025-06-17T22:49:25.899+0300][18640][17704][debug][gc,phases] GC(5)     Post Evacuate Cleanup 2: 0.3ms
[2025-06-17T22:49:25.899+0300][18640][17704][debug][gc,phases] GC(5)       Update Derived Pointers (ms):  Min:  0.0, Avg:  0.0, Max:  0.0, Diff:  0.0, Sum:  0.0, Workers: 1
[2025-06-17T22:49:25.899+0300][18640][17704][debug][gc,phases] GC(5)       Eagerly Reclaim Humongous Objects (ms): Min:  0.0, Avg:  0.0, Max:  0.0, Diff:  0.0, Sum:  0.0, Workers: 1
[2025-06-17T22:49:25.899+0300][18640][17704][debug][gc,phases] GC(5)         Humongous Total                Min: 3, Avg:  3.0, Max: 3, Diff: 0, Sum: 3, Workers: 1
[2025-06-17T22:49:25.899+0300][18640][17704][debug][gc,phases] GC(5)         Humongous Candidates           Min: 3, Avg:  3.0, Max: 3, Diff: 0, Sum: 3, Workers: 1
[2025-06-17T22:49:25.899+0300][18640][17704][debug][gc,phases] GC(5)         Humongous Reclaimed            Min: 0, Avg:  0.0, Max: 0, Diff: 0, Sum: 0, Workers: 1
[2025-06-17T22:49:25.899+0300][18640][17704][debug][gc,phases] GC(5)       Redirty Logged Cards (ms):     Min:  0.0, Avg:  0.0, Max:  0.0, Diff:  0.0, Sum:  0.0, Workers: 8
[2025-06-17T22:49:25.899+0300][18640][17704][debug][gc,phases] GC(5)         Redirtied Cards:               Min: 0, Avg: 29.1, Max: 82, Diff: 82, Sum: 233, Workers: 8
[2025-06-17T22:49:25.899+0300][18640][17704][debug][gc,phases] GC(5)       Resize TLABs (ms):             Min:  0.0, Avg:  0.0, Max:  0.0, Diff:  0.0, Sum:  0.0, Workers: 8
[2025-06-17T22:49:25.905+0300][18640][17704][debug][gc,phases] GC(5)       Free Collection Set (ms):      Min:  0.2, Avg:  0.2, Max:  0.2, Diff:  0.0, Sum:  1.8, Workers: 8
[2025-06-17T22:49:25.905+0300][18640][17704][debug][gc,phases] GC(5)     Rebuild Free List: 0.1ms
[2025-06-17T22:49:25.905+0300][18640][17704][debug][gc,phases] GC(5)     Prepare For Mutator: 0.0ms
[2025-06-17T22:49:25.905+0300][18640][17704][debug][gc,phases] GC(5)     Expand Heap After Collection: 0.0ms
[2025-06-17T22:49:25.905+0300][18640][17704][info ][gc,phases] GC(5)   Other: 0.1ms
[2025-06-17T22:49:25.905+0300][18640][17704][info ][gc,heap  ] GC(5) Eden regions: 1226->0(1226)
[2025-06-17T22:49:25.905+0300][18640][17704][info ][gc,heap  ] GC(5) Survivor regions: 2->2(154)
[2025-06-17T22:49:25.905+0300][18640][17704][info ][gc,heap  ] GC(5) Old regions: 10->10
[2025-06-17T22:49:25.905+0300][18640][17704][info ][gc,heap  ] GC(5) Humongous regions: 9->9
[2025-06-17T22:49:25.905+0300][18640][17704][debug][gc,heap  ] GC(5) Heap after GC invocations=6 (full 1):
[2025-06-17T22:49:25.905+0300][18640][17704][debug][gc,heap  ] GC(5)  garbage-first heap   total 2097152K, used 13798K [0x0000000080000000, 0x0000000100000000)
[2025-06-17T22:49:25.905+0300][18640][17704][debug][gc,heap  ] GC(5)   region size 1024K, 2 young (2048K), 2 survivors (2048K)
[2025-06-17T22:49:25.905+0300][18640][17704][debug][gc,heap  ] GC(5)  Metaspace       used 8973K, committed 9536K, reserved 1114112K
[2025-06-17T22:49:25.905+0300][18640][17704][debug][gc,heap  ] GC(5)   class space    used 978K, committed 1216K, reserved 1048576K
[2025-06-17T22:49:25.905+0300][18640][17704][info ][gc       ] GC(5) Pause Young (Normal) (G1 Evacuation Pause) 1239M->13M(2048M) 3.962ms
[2025-06-17T22:49:25.905+0300][18640][17704][info ][safepoint] Safepoint "G1CollectForAllocation", Time since last: 445406000 ns, Reaching safepoint: 269500 ns, Cleanup: 36000 ns, At safepoint: 4018300 ns, Total: 4323800 ns
[2025-06-17T22:49:26.223+0300][18640][17704][debug][safepoint] Safepoint synchronization initiated using striped semaphore wait barrier. (19 threads)
[2025-06-17T22:49:26.223+0300][18640][3328 ][debug][safepoint] ... found polling page loop exception at pc = 0x000001d39020d6f1, stub =0x000001d38fbb6600
[2025-06-17T22:49:26.223+0300][18640][5304 ][debug][safepoint] ... found polling page loop exception at pc = 0x000001d390243645, stub =0x000001d38fbb6600
[2025-06-17T22:49:26.223+0300][18640][20832][debug][safepoint] ... found polling page loop exception at pc = 0x000001d3901c0f22, stub =0x000001d38fbb6600
[2025-06-17T22:49:26.223+0300][18640][20836][debug][safepoint] ... found polling page loop exception at pc = 0x000001d3901b37e0, stub =0x000001d38fbb5d80
[2025-06-17T22:49:26.223+0300][18640][17180][debug][safepoint] ... found polling page loop exception at pc = 0x000001d3901c0f22, stub =0x000001d38fbb6600
[2025-06-17T22:49:26.223+0300][18640][17704][debug][gc,heap  ] GC(6) Heap before GC invocations=6 (full 1):
[2025-06-17T22:49:26.223+0300][18640][17704][debug][gc,heap  ] GC(6)  garbage-first heap   total 2097152K, used 1269222K [0x0000000080000000, 0x0000000100000000)
[2025-06-17T22:49:26.223+0300][18640][17704][debug][gc,heap  ] GC(6)   region size 1024K, 1228 young (1257472K), 2 survivors (2048K)
[2025-06-17T22:49:26.223+0300][18640][17704][debug][gc,heap  ] GC(6)  Metaspace       used 8986K, committed 9536K, reserved 1114112K
[2025-06-17T22:49:26.223+0300][18640][17704][debug][gc,heap  ] GC(6)   class space    used 978K, committed 1216K, reserved 1048576K
[2025-06-17T22:49:26.225+0300][18640][17704][info ][gc,phases] GC(6)   Pre Evacuate Collection Set: 0.3ms
[2025-06-17T22:49:26.225+0300][18640][17704][debug][gc,phases] GC(6)     Pre Evacuate Prepare: 0.0ms
[2025-06-17T22:49:26.225+0300][18640][17704][debug][gc,phases] GC(6)       JT Retire TLABs And Flush Logs (ms): Min:  0.0, Avg:  0.0, Max:  0.0, Diff:  0.0, Sum:  0.0, Workers: 2
[2025-06-17T22:49:26.225+0300][18640][17704][debug][gc,phases] GC(6)       Non-JT Flush Logs (ms):        Min:  0.0, Avg:  0.0, Max:  0.0, Diff:  0.0, Sum:  0.0, Workers: 1
[2025-06-17T22:49:26.225+0300][18640][17704][debug][gc,phases] GC(6)     Choose Collection Set: 0.0ms
[2025-06-17T22:49:26.225+0300][18640][17704][debug][gc,phases] GC(6)     Region Register: 0.2ms
[2025-06-17T22:49:26.225+0300][18640][17704][debug][gc,phases] GC(6)     Prepare Heap Roots: 0.0ms
[2025-06-17T22:49:26.225+0300][18640][17704][info ][gc,phases] GC(6)   Merge Heap Roots: 0.2ms
[2025-06-17T22:49:26.225+0300][18640][17704][debug][gc,phases] GC(6)     Prepare Merge Heap Roots: 0.0ms
[2025-06-17T22:49:26.225+0300][18640][17704][debug][gc,phases] GC(6)     Remembered Sets (ms):          Min:  0.0, Avg:  0.1, Max:  0.1, Diff:  0.1, Sum:  0.7, Workers: 8
[2025-06-17T22:49:26.225+0300][18640][17704][debug][gc,phases] GC(6)       Eager Reclaim (ms):            Min:  0.0, Avg:  0.0, Max:  0.0, Diff:  0.0, Sum:  0.0, Workers: 1
[2025-06-17T22:49:26.225+0300][18640][17704][debug][gc,phases] GC(6)       Merged Inline                  Min: 0, Avg:  0.0, Max: 0, Diff: 0, Sum: 0, Workers: 8
[2025-06-17T22:49:26.225+0300][18640][17704][debug][gc,phases] GC(6)       Merged ArrayOfCards            Min: 0, Avg:  0.0, Max: 0, Diff: 0, Sum: 0, Workers: 8
[2025-06-17T22:49:26.225+0300][18640][17704][debug][gc,phases] GC(6)       Merged Howl                    Min: 0, Avg:  0.0, Max: 0, Diff: 0, Sum: 0, Workers: 8
[2025-06-17T22:49:26.225+0300][18640][17704][debug][gc,phases] GC(6)       Merged Full                    Min: 0, Avg:  0.0, Max: 0, Diff: 0, Sum: 0, Workers: 8
[2025-06-17T22:49:26.225+0300][18640][17704][debug][gc,phases] GC(6)       Merged Howl Inline             Min: 0, Avg:  0.0, Max: 0, Diff: 0, Sum: 0, Workers: 8
[2025-06-17T22:49:26.225+0300][18640][17704][debug][gc,phases] GC(6)       Merged Howl ArrayOfCards       Min: 0, Avg:  0.0, Max: 0, Diff: 0, Sum: 0, Workers: 8
[2025-06-17T22:49:26.225+0300][18640][17704][debug][gc,phases] GC(6)       Merged Howl BitMap             Min: 0, Avg:  0.0, Max: 0, Diff: 0, Sum: 0, Workers: 8
[2025-06-17T22:49:26.225+0300][18640][17704][debug][gc,phases] GC(6)       Merged Howl Full               Min: 0, Avg:  0.0, Max: 0, Diff: 0, Sum: 0, Workers: 8
[2025-06-17T22:49:26.225+0300][18640][17704][debug][gc,phases] GC(6)       Merged Cards                   Min: 8, Avg:  9.0, Max: 16, Diff: 8, Sum: 72, Workers: 8
[2025-06-17T22:49:26.225+0300][18640][17704][debug][gc,phases] GC(6)     Log Buffers (ms):              Min:  0.0, Avg:  0.0, Max:  0.0, Diff:  0.0, Sum:  0.0, Workers: 8
[2025-06-17T22:49:26.225+0300][18640][17704][debug][gc,phases] GC(6)       Dirty Cards:                   Min: 0, Avg: 29.4, Max: 68, Diff: 68, Sum: 235, Workers: 8
[2025-06-17T22:49:26.225+0300][18640][17704][debug][gc,phases] GC(6)       Skipped Cards:                 Min: 0, Avg:  0.0, Max: 0, Diff: 0, Sum: 0, Workers: 8
[2025-06-17T22:49:26.225+0300][18640][17704][info ][gc,phases] GC(6)   Evacuate Collection Set: 1.1ms
[2025-06-17T22:49:26.225+0300][18640][17704][debug][gc,phases] GC(6)     Ext Root Scanning (ms):        Min:  0.0, Avg:  0.1, Max:  0.4, Diff:  0.4, Sum:  0.8, Workers: 8
[2025-06-17T22:49:26.225+0300][18640][17704][debug][gc,phases] GC(6)     Scan Heap Roots (ms):          Min:  0.0, Avg:  0.0, Max:  0.1, Diff:  0.1, Sum:  0.3, Workers: 8
[2025-06-17T22:49:26.225+0300][18640][17704][debug][gc,phases] GC(6)       Scanned Cards:                 Min: 0, Avg: 29.0, Max: 58, Diff: 58, Sum: 232, Workers: 8
[2025-06-17T22:49:26.225+0300][18640][17704][debug][gc,phases] GC(6)       Scanned Blocks:                Min: 0, Avg: 18.9, Max: 41, Diff: 41, Sum: 151, Workers: 8
[2025-06-17T22:49:26.225+0300][18640][17704][debug][gc,phases] GC(6)       Claimed Chunks:                Min: 0, Avg:  7.5, Max: 16, Diff: 16, Sum: 60, Workers: 8
[2025-06-17T22:49:26.225+0300][18640][17704][debug][gc,phases] GC(6)       Found Roots:                   Min: 0, Avg: 151.4, Max: 335, Diff: 335, Sum: 1211, Workers: 8
[2025-06-17T22:49:26.225+0300][18640][17704][debug][gc,phases] GC(6)     Code Root Scan (ms):           Min:  0.1, Avg:  0.2, Max:  0.3, Diff:  0.3, Sum:  1.9, Workers: 8
[2025-06-17T22:49:26.225+0300][18640][17704][debug][gc,phases] GC(6)       Scanned Nmethods               Min: 0, Avg: 50.1, Max: 77, Diff: 77, Sum: 401, Workers: 8
[2025-06-17T22:49:26.225+0300][18640][17704][debug][gc,phases] GC(6)     Object Copy (ms):              Min:  0.0, Avg:  0.3, Max:  0.4, Diff:  0.4, Sum:  2.4, Workers: 8
[2025-06-17T22:49:26.225+0300][18640][17704][debug][gc,phases] GC(6)     Termination (ms):              Min:  0.0, Avg:  0.2, Max:  0.3, Diff:  0.3, Sum:  1.6, Workers: 8
[2025-06-17T22:49:26.225+0300][18640][17704][debug][gc,phases] GC(6)       Termination Attempts:          Min: 1, Avg:  3.4, Max: 7, Diff: 6, Sum: 27, Workers: 8
[2025-06-17T22:49:26.225+0300][18640][17704][debug][gc,phases] GC(6)     GC Worker Other (ms):          Min:  0.1, Avg:  0.1, Max:  0.1, Diff:  0.0, Sum:  0.6, Workers: 8
[2025-06-17T22:49:26.225+0300][18640][17704][debug][gc,phases] GC(6)     GC Worker Total (ms):          Min:  0.3, Avg:  0.9, Max:  1.1, Diff:  0.8, Sum:  7.6, Workers: 8
[2025-06-17T22:49:26.225+0300][18640][17704][info ][gc,phases] GC(6)   Post Evacuate Collection Set: 1.1ms
[2025-06-17T22:49:26.225+0300][18640][17704][debug][gc,phases] GC(6)     NMethod List Cleanup: 0.1ms
[2025-06-17T22:49:26.225+0300][18640][17704][debug][gc,phases] GC(6)     Reference Processing: 0.1ms
[2025-06-17T22:49:26.225+0300][18640][17704][debug][gc,phases] GC(6)     Weak Processing: 0.1ms
[2025-06-17T22:49:26.225+0300][18640][17704][debug][gc,phases] GC(6)       VM Weak                        Min:  0.0, Avg:  0.0, Max:  0.0, Diff:  0.0, Sum:  0.0, Workers: 8
[2025-06-17T22:49:26.225+0300][18640][17704][debug][gc,phases] GC(6)         Dead                           Min: 0, Avg:  0.0, Max: 0, Diff: 0, Sum: 0, Workers: 8
[2025-06-17T22:49:26.225+0300][18640][17704][debug][gc,phases] GC(6)         Total                          Min: 0, Avg: 46.8, Max: 64, Diff: 64, Sum: 374, Workers: 8
[2025-06-17T22:49:26.225+0300][18640][17704][debug][gc,phases] GC(6)       ObjectSynchronizer Weak        Min:  0.0, Avg:  0.0, Max:  0.0, Diff:  0.0, Sum:  0.0, Workers: 8
[2025-06-17T22:49:26.225+0300][18640][17704][debug][gc,phases] GC(6)         Dead                           Min: 0, Avg:  0.0, Max: 0, Diff: 0, Sum: 0, Workers: 8
[2025-06-17T22:49:26.225+0300][18640][17704][debug][gc,phases] GC(6)         Total                          Min: 0, Avg: 17.4, Max: 64, Diff: 64, Sum: 139, Workers: 8
[2025-06-17T22:49:26.225+0300][18640][17704][debug][gc,phases] GC(6)       JVMTI Tag Weak OopStorage      Min:  0.0, Avg:  0.0, Max:  0.0, Diff:  0.0, Sum:  0.0, Workers: 8
[2025-06-17T22:49:26.225+0300][18640][17704][debug][gc,phases] GC(6)         Dead                           Min: 0, Avg:  0.0, Max: 0, Diff: 0, Sum: 0, Workers: 8
[2025-06-17T22:49:26.225+0300][18640][17704][debug][gc,phases] GC(6)         Total                          Min: 0, Avg:  0.0, Max: 0, Diff: 0, Sum: 0, Workers: 8
[2025-06-17T22:49:26.225+0300][18640][17704][debug][gc,phases] GC(6)       StringTable Weak               Min:  0.0, Avg:  0.0, Max:  0.0, Diff:  0.0, Sum:  0.1, Workers: 8
[2025-06-17T22:49:26.225+0300][18640][17704][debug][gc,phases] GC(6)         Dead                           Min: 0, Avg:  0.0, Max: 0, Diff: 0, Sum: 0, Workers: 8
[2025-06-17T22:49:26.225+0300][18640][17704][debug][gc,phases] GC(6)         Total                          Min: 0, Avg: 779.4, Max: 1216, Diff: 1216, Sum: 6235, Workers: 8
[2025-06-17T22:49:26.225+0300][18640][17704][debug][gc,phases] GC(6)       ResolvedMethodTable Weak       Min:  0.0, Avg:  0.0, Max:  0.0, Diff:  0.0, Sum:  0.0, Workers: 8
[2025-06-17T22:49:26.225+0300][18640][17704][debug][gc,phases] GC(6)         Dead                           Min: 0, Avg:  0.0, Max: 0, Diff: 0, Sum: 0, Workers: 8
[2025-06-17T22:49:26.225+0300][18640][17704][debug][gc,phases] GC(6)         Total                          Min: 0, Avg: 109.2, Max: 256, Diff: 256, Sum: 874, Workers: 8
[2025-06-17T22:49:26.225+0300][18640][17704][debug][gc,phases] GC(6)       JNI Weak                       Min:  0.0, Avg:  0.0, Max:  0.0, Diff:  0.0, Sum:  0.0, Workers: 8
[2025-06-17T22:49:26.225+0300][18640][17704][debug][gc,phases] GC(6)         Dead                           Min: 0, Avg:  0.0, Max: 0, Diff: 0, Sum: 0, Workers: 8
[2025-06-17T22:49:26.225+0300][18640][17704][debug][gc,phases] GC(6)         Total                          Min: 0, Avg:  0.0, Max: 0, Diff: 0, Sum: 0, Workers: 8
[2025-06-17T22:49:26.225+0300][18640][17704][debug][gc,phases] GC(6)       StringDedup Table Weak         Min:  0.0, Avg:  0.0, Max:  0.0, Diff:  0.0, Sum:  0.0, Workers: 8
[2025-06-17T22:49:26.225+0300][18640][17704][debug][gc,phases] GC(6)         Dead                           Min: 0, Avg:  0.0, Max: 0, Diff: 0, Sum: 0, Workers: 8
[2025-06-17T22:49:26.225+0300][18640][17704][debug][gc,phases] GC(6)         Total                          Min: 0, Avg:  0.0, Max: 0, Diff: 0, Sum: 0, Workers: 8
[2025-06-17T22:49:26.225+0300][18640][17704][debug][gc,phases] GC(6)       StringDedup Requests0 Weak     Min:  0.0, Avg:  0.0, Max:  0.0, Diff:  0.0, Sum:  0.0, Workers: 8
[2025-06-17T22:49:26.228+0300][18640][17704][debug][gc,phases] GC(6)         Dead                           Min: 0, Avg:  0.0, Max: 0, Diff: 0, Sum: 0, Workers: 8
[2025-06-17T22:49:26.228+0300][18640][17704][debug][gc,phases] GC(6)         Total                          Min: 0, Avg:  0.0, Max: 0, Diff: 0, Sum: 0, Workers: 8
[2025-06-17T22:49:26.228+0300][18640][17704][debug][gc,phases] GC(6)       StringDedup Requests1 Weak     Min:  0.0, Avg:  0.0, Max:  0.0, Diff:  0.0, Sum:  0.0, Workers: 8
[2025-06-17T22:49:26.228+0300][18640][17704][debug][gc,phases] GC(6)         Dead                           Min: 0, Avg:  0.0, Max: 0, Diff: 0, Sum: 0, Workers: 8
[2025-06-17T22:49:26.228+0300][18640][17704][debug][gc,phases] GC(6)         Total                          Min: 0, Avg:  0.0, Max: 0, Diff: 0, Sum: 0, Workers: 8
[2025-06-17T22:49:26.228+0300][18640][17704][debug][gc,phases] GC(6)       Weak JFR Old Object Samples    Min:  0.0, Avg:  0.0, Max:  0.0, Diff:  0.0, Sum:  0.0, Workers: 8
[2025-06-17T22:49:26.228+0300][18640][17704][debug][gc,phases] GC(6)         Dead                           Min: 0, Avg:  0.0, Max: 0, Diff: 0, Sum: 0, Workers: 8
[2025-06-17T22:49:26.228+0300][18640][17704][debug][gc,phases] GC(6)         Total                          Min: 0, Avg:  0.0, Max: 0, Diff: 0, Sum: 0, Workers: 8
[2025-06-17T22:49:26.228+0300][18640][17704][debug][gc,phases] GC(6)     Post Evacuate Cleanup 1: 0.3ms
[2025-06-17T22:49:26.228+0300][18640][17704][debug][gc,phases] GC(6)       Merge Per-Thread State (ms):   Min:  0.0, Avg:  0.0, Max:  0.0, Diff:  0.0, Sum:  0.0, Workers: 1
[2025-06-17T22:49:26.228+0300][18640][17704][debug][gc,phases] GC(6)         Copied Bytes                   Min: 0, Avg: 196836.0, Max: 363768, Diff: 363768, Sum: 1574688, Workers: 8
[2025-06-17T22:49:26.228+0300][18640][17704][debug][gc,phases] GC(6)         LAB Waste                      Min: 0, Avg: 561.0, Max: 2080, Diff: 2080, Sum: 4488, Workers: 8
[2025-06-17T22:49:26.228+0300][18640][17704][debug][gc,phases] GC(6)         LAB Undo Waste                 Min: 0, Avg: 17666.0, Max: 141328, Diff: 141328, Sum: 141328, Workers: 8
[2025-06-17T22:49:26.228+0300][18640][17704][debug][gc,phases] GC(6)       Clear Logged Cards (ms):       Min:  0.0, Avg:  0.1, Max:  0.3, Diff:  0.3, Sum:  0.7, Workers: 5
[2025-06-17T22:49:26.228+0300][18640][17704][debug][gc,phases] GC(6)       Recalculate Used Memory (ms):  Min:  0.0, Avg:  0.0, Max:  0.0, Diff:  0.0, Sum:  0.0, Workers: 1
[2025-06-17T22:49:26.228+0300][18640][17704][debug][gc,phases] GC(6)     Post Evacuate Cleanup 2: 0.4ms
[2025-06-17T22:49:26.228+0300][18640][17704][debug][gc,phases] GC(6)       Update Derived Pointers (ms):  Min:  0.0, Avg:  0.0, Max:  0.0, Diff:  0.0, Sum:  0.0, Workers: 1
[2025-06-17T22:49:26.228+0300][18640][17704][debug][gc,phases] GC(6)       Eagerly Reclaim Humongous Objects (ms): Min:  0.0, Avg:  0.0, Max:  0.0, Diff:  0.0, Sum:  0.0, Workers: 1
[2025-06-17T22:49:26.228+0300][18640][17704][debug][gc,phases] GC(6)         Humongous Total                Min: 3, Avg:  3.0, Max: 3, Diff: 0, Sum: 3, Workers: 1
[2025-06-17T22:49:26.228+0300][18640][17704][debug][gc,phases] GC(6)         Humongous Candidates           Min: 3, Avg:  3.0, Max: 3, Diff: 0, Sum: 3, Workers: 1
[2025-06-17T22:49:26.228+0300][18640][17704][debug][gc,phases] GC(6)         Humongous Reclaimed            Min: 0, Avg:  0.0, Max: 0, Diff: 0, Sum: 0, Workers: 1
[2025-06-17T22:49:26.228+0300][18640][17704][debug][gc,phases] GC(6)       Redirty Logged Cards (ms):     Min:  0.0, Avg:  0.0, Max:  0.0, Diff:  0.0, Sum:  0.0, Workers: 8
[2025-06-17T22:49:26.228+0300][18640][17704][debug][gc,phases] GC(6)         Redirtied Cards:               Min: 0, Avg: 29.0, Max: 104, Diff: 104, Sum: 232, Workers: 8
[2025-06-17T22:49:26.228+0300][18640][17704][debug][gc,phases] GC(6)       Resize TLABs (ms):             Min:  0.0, Avg:  0.0, Max:  0.0, Diff:  0.0, Sum:  0.0, Workers: 8
[2025-06-17T22:49:26.228+0300][18640][17704][debug][gc,phases] GC(6)       Free Collection Set (ms):      Min:  0.0, Avg:  0.2, Max:  0.3, Diff:  0.3, Sum:  1.9, Workers: 8
[2025-06-17T22:49:26.228+0300][18640][17704][debug][gc,phases] GC(6)     Rebuild Free List: 0.1ms
[2025-06-17T22:49:26.228+0300][18640][17704][debug][gc,phases] GC(6)     Prepare For Mutator: 0.0ms
[2025-06-17T22:49:26.228+0300][18640][17704][debug][gc,phases] GC(6)     Expand Heap After Collection: 0.0ms
[2025-06-17T22:49:26.228+0300][18640][17704][info ][gc,phases] GC(6)   Other: 0.1ms
[2025-06-17T22:49:26.228+0300][18640][17704][info ][gc,heap  ] GC(6) Eden regions: 1226->0(1226)
[2025-06-17T22:49:26.228+0300][18640][17704][info ][gc,heap  ] GC(6) Survivor regions: 2->2(154)
[2025-06-17T22:49:26.228+0300][18640][17704][info ][gc,heap  ] GC(6) Old regions: 10->10
[2025-06-17T22:49:26.228+0300][18640][17704][info ][gc,heap  ] GC(6) Humongous regions: 9->9
[2025-06-17T22:49:26.228+0300][18640][17704][debug][gc,heap  ] GC(6) Heap after GC invocations=7 (full 1):
[2025-06-17T22:49:26.228+0300][18640][17704][debug][gc,heap  ] GC(6)  garbage-first heap   total 2097152K, used 14016K [0x0000000080000000, 0x0000000100000000)
[2025-06-17T22:49:26.228+0300][18640][17704][debug][gc,heap  ] GC(6)   region size 1024K, 2 young (2048K), 2 survivors (2048K)
[2025-06-17T22:49:26.228+0300][18640][17704][debug][gc,heap  ] GC(6)  Metaspace       used 8986K, committed 9536K, reserved 1114112K
[2025-06-17T22:49:26.228+0300][18640][17704][debug][gc,heap  ] GC(6)   class space    used 978K, committed 1216K, reserved 1048576K
[2025-06-17T22:49:26.228+0300][18640][17704][info ][gc       ] GC(6) Pause Young (Normal) (G1 Evacuation Pause) 1239M->13M(2048M) 4.998ms
[2025-06-17T22:49:26.228+0300][18640][17704][info ][safepoint] Safepoint "G1CollectForAllocation", Time since last: 318530400 ns, Reaching safepoint: 262500 ns, Cleanup: 17600 ns, At safepoint: 5058600 ns, Total: 5338700 ns
[2025-06-17T22:49:26.611+0300][18640][17704][debug][safepoint] Safepoint synchronization initiated using striped semaphore wait barrier. (19 threads)
[2025-06-17T22:49:26.611+0300][18640][18340][debug][safepoint] ... found polling page loop exception at pc = 0x000001d3901b37e0, stub =0x000001d38fbb5d80
[2025-06-17T22:49:26.611+0300][18640][20836][debug][safepoint] ... found polling page loop exception at pc = 0x000001d3901b37e0, stub =0x000001d38fbb5d80
[2025-06-17T22:49:26.611+0300][18640][5304 ][debug][safepoint] ... found polling page loop exception at pc = 0x000001d3901b37e0, stub =0x000001d38fbb5d80
[2025-06-17T22:49:26.613+0300][18640][17704][debug][gc,heap  ] GC(7) Heap before GC invocations=7 (full 1):
[2025-06-17T22:49:26.613+0300][18640][17704][debug][gc,heap  ] GC(7)  garbage-first heap   total 2097152K, used 1269440K [0x0000000080000000, 0x0000000100000000)
[2025-06-17T22:49:26.613+0300][18640][17704][debug][gc,heap  ] GC(7)   region size 1024K, 1228 young (1257472K), 2 survivors (2048K)
[2025-06-17T22:49:26.613+0300][18640][17704][debug][gc,heap  ] GC(7)  Metaspace       used 9000K, committed 9536K, reserved 1114112K
[2025-06-17T22:49:26.613+0300][18640][17704][debug][gc,heap  ] GC(7)   class space    used 978K, committed 1216K, reserved 1048576K
[2025-06-17T22:49:26.613+0300][18640][17704][info ][gc,phases] GC(7)   Pre Evacuate Collection Set: 0.3ms
[2025-06-17T22:49:26.613+0300][18640][17704][debug][gc,phases] GC(7)     Pre Evacuate Prepare: 0.0ms
[2025-06-17T22:49:26.613+0300][18640][17704][debug][gc,phases] GC(7)       JT Retire TLABs And Flush Logs (ms): Min:  0.0, Avg:  0.0, Max:  0.0, Diff:  0.0, Sum:  0.0, Workers: 2
[2025-06-17T22:49:26.613+0300][18640][17704][debug][gc,phases] GC(7)       Non-JT Flush Logs (ms):        Min:  0.0, Avg:  0.0, Max:  0.0, Diff:  0.0, Sum:  0.0, Workers: 1
[2025-06-17T22:49:26.613+0300][18640][17704][debug][gc,phases] GC(7)     Choose Collection Set: 0.0ms
[2025-06-17T22:49:26.613+0300][18640][17704][debug][gc,phases] GC(7)     Region Register: 0.2ms
[2025-06-17T22:49:26.613+0300][18640][17704][debug][gc,phases] GC(7)     Prepare Heap Roots: 0.0ms
[2025-06-17T22:49:26.613+0300][18640][17704][info ][gc,phases] GC(7)   Merge Heap Roots: 0.1ms
[2025-06-17T22:49:26.613+0300][18640][17704][debug][gc,phases] GC(7)     Prepare Merge Heap Roots: 0.0ms
[2025-06-17T22:49:26.613+0300][18640][17704][debug][gc,phases] GC(7)     Remembered Sets (ms):          Min:  0.1, Avg:  0.1, Max:  0.1, Diff:  0.0, Sum:  0.6, Workers: 8
[2025-06-17T22:49:26.613+0300][18640][17704][debug][gc,phases] GC(7)       Eager Reclaim (ms):            Min:  0.0, Avg:  0.0, Max:  0.0, Diff:  0.0, Sum:  0.0, Workers: 1
[2025-06-17T22:49:26.613+0300][18640][17704][debug][gc,phases] GC(7)       Merged Inline                  Min: 0, Avg:  0.0, Max: 0, Diff: 0, Sum: 0, Workers: 8
[2025-06-17T22:49:26.613+0300][18640][17704][debug][gc,phases] GC(7)       Merged ArrayOfCards            Min: 0, Avg:  0.0, Max: 0, Diff: 0, Sum: 0, Workers: 8
[2025-06-17T22:49:26.613+0300][18640][17704][debug][gc,phases] GC(7)       Merged Howl                    Min: 0, Avg:  0.0, Max: 0, Diff: 0, Sum: 0, Workers: 8
[2025-06-17T22:49:26.613+0300][18640][17704][debug][gc,phases] GC(7)       Merged Full                    Min: 0, Avg:  0.0, Max: 0, Diff: 0, Sum: 0, Workers: 8
[2025-06-17T22:49:26.613+0300][18640][17704][debug][gc,phases] GC(7)       Merged Howl Inline             Min: 0, Avg:  0.0, Max: 0, Diff: 0, Sum: 0, Workers: 8
[2025-06-17T22:49:26.613+0300][18640][17704][debug][gc,phases] GC(7)       Merged Howl ArrayOfCards       Min: 0, Avg:  0.0, Max: 0, Diff: 0, Sum: 0, Workers: 8
[2025-06-17T22:49:26.613+0300][18640][17704][debug][gc,phases] GC(7)       Merged Howl BitMap             Min: 0, Avg:  0.0, Max: 0, Diff: 0, Sum: 0, Workers: 8
[2025-06-17T22:49:26.613+0300][18640][17704][debug][gc,phases] GC(7)       Merged Howl Full               Min: 0, Avg:  0.0, Max: 0, Diff: 0, Sum: 0, Workers: 8
[2025-06-17T22:49:26.613+0300][18640][17704][debug][gc,phases] GC(7)       Merged Cards                   Min: 8, Avg:  9.0, Max: 16, Diff: 8, Sum: 72, Workers: 8
[2025-06-17T22:49:26.613+0300][18640][17704][debug][gc,phases] GC(7)     Log Buffers (ms):              Min:  0.0, Avg:  0.0, Max:  0.0, Diff:  0.0, Sum:  0.0, Workers: 8
[2025-06-17T22:49:26.613+0300][18640][17704][debug][gc,phases] GC(7)       Dirty Cards:                   Min: 0, Avg: 29.6, Max: 136, Diff: 136, Sum: 237, Workers: 8
[2025-06-17T22:49:26.613+0300][18640][17704][debug][gc,phases] GC(7)       Skipped Cards:                 Min: 0, Avg:  0.0, Max: 0, Diff: 0, Sum: 0, Workers: 8
[2025-06-17T22:49:26.613+0300][18640][17704][info ][gc,phases] GC(7)   Evacuate Collection Set: 0.9ms
[2025-06-17T22:49:26.613+0300][18640][17704][debug][gc,phases] GC(7)     Ext Root Scanning (ms):        Min:  0.0, Avg:  0.1, Max:  0.4, Diff:  0.4, Sum:  0.7, Workers: 8
[2025-06-17T22:49:26.613+0300][18640][17704][debug][gc,phases] GC(7)     Scan Heap Roots (ms):          Min:  0.0, Avg:  0.0, Max:  0.1, Diff:  0.1, Sum:  0.3, Workers: 8
[2025-06-17T22:49:26.613+0300][18640][17704][debug][gc,phases] GC(7)       Scanned Cards:                 Min: 0, Avg: 29.4, Max: 44, Diff: 44, Sum: 235, Workers: 8
[2025-06-17T22:49:26.613+0300][18640][17704][debug][gc,phases] GC(7)       Scanned Blocks:                Min: 0, Avg: 19.1, Max: 32, Diff: 32, Sum: 153, Workers: 8
[2025-06-17T22:49:26.613+0300][18640][17704][debug][gc,phases] GC(7)       Claimed Chunks:                Min: 0, Avg:  7.5, Max: 13, Diff: 13, Sum: 60, Workers: 8
[2025-06-17T22:49:26.613+0300][18640][17704][debug][gc,phases] GC(7)       Found Roots:                   Min: 0, Avg: 152.4, Max: 415, Diff: 415, Sum: 1219, Workers: 8
[2025-06-17T22:49:26.613+0300][18640][17704][debug][gc,phases] GC(7)     Code Root Scan (ms):           Min:  0.1, Avg:  0.2, Max:  0.3, Diff:  0.3, Sum:  2.0, Workers: 8
[2025-06-17T22:49:26.613+0300][18640][17704][debug][gc,phases] GC(7)       Scanned Nmethods               Min: 0, Avg: 51.8, Max: 83, Diff: 83, Sum: 414, Workers: 8
[2025-06-17T22:49:26.613+0300][18640][17704][debug][gc,phases] GC(7)     Object Copy (ms):              Min:  0.2, Avg:  0.3, Max:  0.4, Diff:  0.2, Sum:  2.0, Workers: 8
[2025-06-17T22:49:26.613+0300][18640][17704][debug][gc,phases] GC(7)     Termination (ms):              Min:  0.0, Avg:  0.2, Max:  0.2, Diff:  0.2, Sum:  1.4, Workers: 8
[2025-06-17T22:49:26.613+0300][18640][17704][debug][gc,phases] GC(7)       Termination Attempts:          Min: 1, Avg:  1.9, Max: 4, Diff: 3, Sum: 15, Workers: 8
[2025-06-17T22:49:26.613+0300][18640][17704][debug][gc,phases] GC(7)     GC Worker Other (ms):          Min:  0.1, Avg:  0.1, Max:  0.1, Diff:  0.1, Sum:  0.9, Workers: 8
[2025-06-17T22:49:26.613+0300][18640][17704][debug][gc,phases] GC(7)     GC Worker Total (ms):          Min:  0.9, Avg:  0.9, Max:  0.9, Diff:  0.0, Sum:  7.3, Workers: 8
[2025-06-17T22:49:26.613+0300][18640][17704][info ][gc,phases] GC(7)   Post Evacuate Collection Set: 0.7ms
[2025-06-17T22:49:26.613+0300][18640][17704][debug][gc,phases] GC(7)     NMethod List Cleanup: 0.0ms
[2025-06-17T22:49:26.613+0300][18640][17704][debug][gc,phases] GC(7)     Reference Processing: 0.1ms
[2025-06-17T22:49:26.613+0300][18640][17704][debug][gc,phases] GC(7)     Weak Processing: 0.1ms
[2025-06-17T22:49:26.613+0300][18640][17704][debug][gc,phases] GC(7)       VM Weak                        Min:  0.0, Avg:  0.0, Max:  0.0, Diff:  0.0, Sum:  0.0, Workers: 8
[2025-06-17T22:49:26.613+0300][18640][17704][debug][gc,phases] GC(7)         Dead                           Min: 0, Avg:  0.0, Max: 0, Diff: 0, Sum: 0, Workers: 8
[2025-06-17T22:49:26.613+0300][18640][17704][debug][gc,phases] GC(7)         Total                          Min: 0, Avg: 46.8, Max: 128, Diff: 128, Sum: 374, Workers: 8
[2025-06-17T22:49:26.613+0300][18640][17704][debug][gc,phases] GC(7)       ObjectSynchronizer Weak        Min:  0.0, Avg:  0.0, Max:  0.0, Diff:  0.0, Sum:  0.0, Workers: 8
[2025-06-17T22:49:26.613+0300][18640][17704][debug][gc,phases] GC(7)         Dead                           Min: 0, Avg:  0.0, Max: 0, Diff: 0, Sum: 0, Workers: 8
[2025-06-17T22:49:26.613+0300][18640][17704][debug][gc,phases] GC(7)         Total                          Min: 0, Avg: 17.4, Max: 64, Diff: 64, Sum: 139, Workers: 8
[2025-06-17T22:49:26.613+0300][18640][17704][debug][gc,phases] GC(7)       JVMTI Tag Weak OopStorage      Min:  0.0, Avg:  0.0, Max:  0.0, Diff:  0.0, Sum:  0.0, Workers: 8
[2025-06-17T22:49:26.613+0300][18640][17704][debug][gc,phases] GC(7)         Dead                           Min: 0, Avg:  0.0, Max: 0, Diff: 0, Sum: 0, Workers: 8
[2025-06-17T22:49:26.613+0300][18640][17704][debug][gc,phases] GC(7)         Total                          Min: 0, Avg:  0.0, Max: 0, Diff: 0, Sum: 0, Workers: 8
[2025-06-17T22:49:26.613+0300][18640][17704][debug][gc,phases] GC(7)       StringTable Weak               Min:  0.0, Avg:  0.0, Max:  0.0, Diff:  0.0, Sum:  0.1, Workers: 8
[2025-06-17T22:49:26.613+0300][18640][17704][debug][gc,phases] GC(7)         Dead                           Min: 0, Avg:  0.0, Max: 0, Diff: 0, Sum: 0, Workers: 8
[2025-06-17T22:49:26.613+0300][18640][17704][debug][gc,phases] GC(7)         Total                          Min: 0, Avg: 779.9, Max: 1216, Diff: 1216, Sum: 6239, Workers: 8
[2025-06-17T22:49:26.613+0300][18640][17704][debug][gc,phases] GC(7)       ResolvedMethodTable Weak       Min:  0.0, Avg:  0.0, Max:  0.0, Diff:  0.0, Sum:  0.0, Workers: 8
[2025-06-17T22:49:26.613+0300][18640][17704][debug][gc,phases] GC(7)         Dead                           Min: 0, Avg:  0.0, Max: 0, Diff: 0, Sum: 0, Workers: 8
[2025-06-17T22:49:26.613+0300][18640][17704][debug][gc,phases] GC(7)         Total                          Min: 0, Avg: 109.2, Max: 256, Diff: 256, Sum: 874, Workers: 8
[2025-06-17T22:49:26.613+0300][18640][17704][debug][gc,phases] GC(7)       JNI Weak                       Min:  0.0, Avg:  0.0, Max:  0.0, Diff:  0.0, Sum:  0.0, Workers: 8
[2025-06-17T22:49:26.613+0300][18640][17704][debug][gc,phases] GC(7)         Dead                           Min: 0, Avg:  0.0, Max: 0, Diff: 0, Sum: 0, Workers: 8
[2025-06-17T22:49:26.613+0300][18640][17704][debug][gc,phases] GC(7)         Total                          Min: 0, Avg:  0.0, Max: 0, Diff: 0, Sum: 0, Workers: 8
[2025-06-17T22:49:26.613+0300][18640][17704][debug][gc,phases] GC(7)       StringDedup Table Weak         Min:  0.0, Avg:  0.0, Max:  0.0, Diff:  0.0, Sum:  0.0, Workers: 8
[2025-06-17T22:49:26.613+0300][18640][17704][debug][gc,phases] GC(7)         Dead                           Min: 0, Avg:  0.0, Max: 0, Diff: 0, Sum: 0, Workers: 8
[2025-06-17T22:49:26.613+0300][18640][17704][debug][gc,phases] GC(7)         Total                          Min: 0, Avg:  0.0, Max: 0, Diff: 0, Sum: 0, Workers: 8
[2025-06-17T22:49:26.613+0300][18640][17704][debug][gc,phases] GC(7)       StringDedup Requests0 Weak     Min:  0.0, Avg:  0.0, Max:  0.0, Diff:  0.0, Sum:  0.0, Workers: 8
[2025-06-17T22:49:26.613+0300][18640][17704][debug][gc,phases] GC(7)         Dead                           Min: 0, Avg:  0.0, Max: 0, Diff: 0, Sum: 0, Workers: 8
[2025-06-17T22:49:26.613+0300][18640][17704][debug][gc,phases] GC(7)         Total                          Min: 0, Avg:  0.0, Max: 0, Diff: 0, Sum: 0, Workers: 8
[2025-06-17T22:49:26.613+0300][18640][17704][debug][gc,phases] GC(7)       StringDedup Requests1 Weak     Min:  0.0, Avg:  0.0, Max:  0.0, Diff:  0.0, Sum:  0.0, Workers: 8
[2025-06-17T22:49:26.613+0300][18640][17704][debug][gc,phases] GC(7)         Dead                           Min: 0, Avg:  0.0, Max: 0, Diff: 0, Sum: 0, Workers: 8
[2025-06-17T22:49:26.613+0300][18640][17704][debug][gc,phases] GC(7)         Total                          Min: 0, Avg:  0.0, Max: 0, Diff: 0, Sum: 0, Workers: 8
[2025-06-17T22:49:26.613+0300][18640][17704][debug][gc,phases] GC(7)       Weak JFR Old Object Samples    Min:  0.0, Avg:  0.0, Max:  0.0, Diff:  0.0, Sum:  0.0, Workers: 8
[2025-06-17T22:49:26.613+0300][18640][17704][debug][gc,phases] GC(7)         Dead                           Min: 0, Avg:  0.0, Max: 0, Diff: 0, Sum: 0, Workers: 8
[2025-06-17T22:49:26.613+0300][18640][17704][debug][gc,phases] GC(7)         Total                          Min: 0, Avg:  0.0, Max: 0, Diff: 0, Sum: 0, Workers: 8
[2025-06-17T22:49:26.613+0300][18640][17704][debug][gc,phases] GC(7)     Post Evacuate Cleanup 1: 0.2ms
[2025-06-17T22:49:26.613+0300][18640][17704][debug][gc,phases] GC(7)       Merge Per-Thread State (ms):   Min:  0.0, Avg:  0.0, Max:  0.0, Diff:  0.0, Sum:  0.0, Workers: 1
[2025-06-17T22:49:26.613+0300][18640][17704][debug][gc,phases] GC(7)         Copied Bytes                   Min: 69048, Avg: 200445.0, Max: 347616, Diff: 278568, Sum: 1603560, Workers: 8
[2025-06-17T22:49:26.613+0300][18640][17704][debug][gc,phases] GC(7)         LAB Waste                      Min: 80, Avg: 382.0, Max: 976, Diff: 896, Sum: 3056, Workers: 8
[2025-06-17T22:49:26.613+0300][18640][17704][debug][gc,phases] GC(7)         LAB Undo Waste                 Min: 0, Avg:  0.0, Max: 0, Diff: 0, Sum: 0, Workers: 8
[2025-06-17T22:49:26.613+0300][18640][17704][debug][gc,phases] GC(7)       Clear Logged Cards (ms):       Min:  0.0, Avg:  0.1, Max:  0.2, Diff:  0.2, Sum:  0.3, Workers: 5
[2025-06-17T22:49:26.613+0300][18640][17704][debug][gc,phases] GC(7)       Recalculate Used Memory (ms):  Min:  0.0, Avg:  0.0, Max:  0.0, Diff:  0.0, Sum:  0.0, Workers: 1
[2025-06-17T22:49:26.613+0300][18640][17704][debug][gc,phases] GC(7)     Post Evacuate Cleanup 2: 0.3ms
[2025-06-17T22:49:26.613+0300][18640][17704][debug][gc,phases] GC(7)       Update Derived Pointers (ms):  Min:  0.0, Avg:  0.0, Max:  0.0, Diff:  0.0, Sum:  0.0, Workers: 1
[2025-06-17T22:49:26.613+0300][18640][17704][debug][gc,phases] GC(7)       Eagerly Reclaim Humongous Objects (ms): Min:  0.0, Avg:  0.0, Max:  0.0, Diff:  0.0, Sum:  0.0, Workers: 1
[2025-06-17T22:49:26.613+0300][18640][17704][debug][gc,phases] GC(7)         Humongous Total                Min: 3, Avg:  3.0, Max: 3, Diff: 0, Sum: 3, Workers: 1
[2025-06-17T22:49:26.613+0300][18640][17704][debug][gc,phases] GC(7)         Humongous Candidates           Min: 3, Avg:  3.0, Max: 3, Diff: 0, Sum: 3, Workers: 1
[2025-06-17T22:49:26.613+0300][18640][17704][debug][gc,phases] GC(7)         Humongous Reclaimed            Min: 0, Avg:  0.0, Max: 0, Diff: 0, Sum: 0, Workers: 1
[2025-06-17T22:49:26.613+0300][18640][17704][debug][gc,phases] GC(7)       Redirty Logged Cards (ms):     Min:  0.0, Avg:  0.0, Max:  0.0, Diff:  0.0, Sum:  0.0, Workers: 8
[2025-06-17T22:49:26.613+0300][18640][17704][debug][gc,phases] GC(7)         Redirtied Cards:               Min: 0, Avg: 29.4, Max: 205, Diff: 205, Sum: 235, Workers: 8
[2025-06-17T22:49:26.613+0300][18640][17704][debug][gc,phases] GC(7)       Resize TLABs (ms):             Min:  0.0, Avg:  0.0, Max:  0.0, Diff:  0.0, Sum:  0.0, Workers: 8
[2025-06-17T22:49:26.613+0300][18640][17704][debug][gc,phases] GC(7)       Free Collection Set (ms):      Min:  0.2, Avg:  0.2, Max:  0.2, Diff:  0.0, Sum:  1.7, Workers: 8
[2025-06-17T22:49:26.613+0300][18640][17704][debug][gc,phases] GC(7)     Rebuild Free List: 0.0ms
[2025-06-17T22:49:26.613+0300][18640][17704][debug][gc,phases] GC(7)     Prepare For Mutator: 0.0ms
[2025-06-17T22:49:26.613+0300][18640][17704][debug][gc,phases] GC(7)     Expand Heap After Collection: 0.0ms
[2025-06-17T22:49:26.613+0300][18640][17704][info ][gc,phases] GC(7)   Other: 0.1ms
[2025-06-17T22:49:26.613+0300][18640][17704][info ][gc,heap  ] GC(7) Eden regions: 1226->0(1226)
[2025-06-17T22:49:26.613+0300][18640][17704][info ][gc,heap  ] GC(7) Survivor regions: 2->2(154)
[2025-06-17T22:49:26.613+0300][18640][17704][info ][gc,heap  ] GC(7) Old regions: 10->10
[2025-06-17T22:49:26.613+0300][18640][17704][info ][gc,heap  ] GC(7) Humongous regions: 9->9
[2025-06-17T22:49:26.613+0300][18640][17704][debug][gc,heap  ] GC(7) Heap after GC invocations=8 (full 1):
[2025-06-17T22:49:26.613+0300][18640][17704][debug][gc,heap  ] GC(7)  garbage-first heap   total 2097152K, used 13806K [0x0000000080000000, 0x0000000100000000)
[2025-06-17T22:49:26.613+0300][18640][17704][debug][gc,heap  ] GC(7)   region size 1024K, 2 young (2048K), 2 survivors (2048K)
[2025-06-17T22:49:26.613+0300][18640][17704][debug][gc,heap  ] GC(7)  Metaspace       used 9000K, committed 9536K, reserved 1114112K
[2025-06-17T22:49:26.613+0300][18640][17704][debug][gc,heap  ] GC(7)   class space    used 978K, committed 1216K, reserved 1048576K
[2025-06-17T22:49:26.613+0300][18640][17704][info ][gc       ] GC(7) Pause Young (Normal) (G1 Evacuation Pause) 1239M->13M(2048M) 3.696ms
[2025-06-17T22:49:26.613+0300][18640][17704][info ][safepoint] Safepoint "G1CollectForAllocation", Time since last: 383414600 ns, Reaching safepoint: 257900 ns, Cleanup: 26500 ns, At safepoint: 3751600 ns, Total: 4036000 ns
[2025-06-17T22:49:26.912+0300][18640][17704][debug][safepoint] Safepoint synchronization initiated using striped semaphore wait barrier. (19 threads)
[2025-06-17T22:49:26.912+0300][18640][20832][debug][safepoint] ... found polling page loop exception at pc = 0x000001d3902720c5, stub =0x000001d38fbb6600
[2025-06-17T22:49:26.912+0300][18640][18340][debug][safepoint] ... found polling page loop exception at pc = 0x000001d3901c56fd, stub =0x000001d38fbb6600
[2025-06-17T22:49:26.912+0300][18640][20836][debug][safepoint] ... found polling page loop exception at pc = 0x000001d3901b37e0, stub =0x000001d38fbb5d80
[2025-06-17T22:49:26.912+0300][18640][19764][debug][safepoint] ... found polling page loop exception at pc = 0x000001d3901b37e0, stub =0x000001d38fbb5d80
[2025-06-17T22:49:26.912+0300][18640][10428][debug][safepoint] ... found polling page loop exception at pc = 0x000001d3901b37e0, stub =0x000001d38fbb5d80
[2025-06-17T22:49:26.912+0300][18640][17704][debug][gc,heap  ] GC(8) Heap before GC invocations=8 (full 1):
[2025-06-17T22:49:26.912+0300][18640][17704][debug][gc,heap  ] GC(8)  garbage-first heap   total 2097152K, used 1269230K [0x0000000080000000, 0x0000000100000000)
[2025-06-17T22:49:26.912+0300][18640][17704][debug][gc,heap  ] GC(8)   region size 1024K, 1228 young (1257472K), 2 survivors (2048K)
[2025-06-17T22:49:26.912+0300][18640][17704][debug][gc,heap  ] GC(8)  Metaspace       used 9002K, committed 9536K, reserved 1114112K
[2025-06-17T22:49:26.912+0300][18640][17704][debug][gc,heap  ] GC(8)   class space    used 978K, committed 1216K, reserved 1048576K
[2025-06-17T22:49:26.912+0300][18640][17704][info ][gc,phases] GC(8)   Pre Evacuate Collection Set: 0.3ms
[2025-06-17T22:49:26.912+0300][18640][17704][debug][gc,phases] GC(8)     Pre Evacuate Prepare: 0.0ms
[2025-06-17T22:49:26.912+0300][18640][17704][debug][gc,phases] GC(8)       JT Retire TLABs And Flush Logs (ms): Min:  0.0, Avg:  0.0, Max:  0.0, Diff:  0.0, Sum:  0.0, Workers: 2
[2025-06-17T22:49:26.912+0300][18640][17704][debug][gc,phases] GC(8)       Non-JT Flush Logs (ms):        Min:  0.0, Avg:  0.0, Max:  0.0, Diff:  0.0, Sum:  0.0, Workers: 1
[2025-06-17T22:49:26.912+0300][18640][17704][debug][gc,phases] GC(8)     Choose Collection Set: 0.0ms
[2025-06-17T22:49:26.912+0300][18640][17704][debug][gc,phases] GC(8)     Region Register: 0.2ms
[2025-06-17T22:49:26.912+0300][18640][17704][debug][gc,phases] GC(8)     Prepare Heap Roots: 0.0ms
[2025-06-17T22:49:26.912+0300][18640][17704][info ][gc,phases] GC(8)   Merge Heap Roots: 0.1ms
[2025-06-17T22:49:26.912+0300][18640][17704][debug][gc,phases] GC(8)     Prepare Merge Heap Roots: 0.0ms
[2025-06-17T22:49:26.912+0300][18640][17704][debug][gc,phases] GC(8)     Remembered Sets (ms):          Min:  0.1, Avg:  0.1, Max:  0.1, Diff:  0.0, Sum:  0.6, Workers: 8
[2025-06-17T22:49:26.912+0300][18640][17704][debug][gc,phases] GC(8)       Eager Reclaim (ms):            Min:  0.0, Avg:  0.0, Max:  0.0, Diff:  0.0, Sum:  0.0, Workers: 1
[2025-06-17T22:49:26.912+0300][18640][17704][debug][gc,phases] GC(8)       Merged Inline                  Min: 0, Avg:  0.0, Max: 0, Diff: 0, Sum: 0, Workers: 8
[2025-06-17T22:49:26.912+0300][18640][17704][debug][gc,phases] GC(8)       Merged ArrayOfCards            Min: 0, Avg:  0.0, Max: 0, Diff: 0, Sum: 0, Workers: 8
[2025-06-17T22:49:26.912+0300][18640][17704][debug][gc,phases] GC(8)       Merged Howl                    Min: 0, Avg:  0.0, Max: 0, Diff: 0, Sum: 0, Workers: 8
[2025-06-17T22:49:26.912+0300][18640][17704][debug][gc,phases] GC(8)       Merged Full                    Min: 0, Avg:  0.0, Max: 0, Diff: 0, Sum: 0, Workers: 8
[2025-06-17T22:49:26.912+0300][18640][17704][debug][gc,phases] GC(8)       Merged Howl Inline             Min: 0, Avg:  0.0, Max: 0, Diff: 0, Sum: 0, Workers: 8
[2025-06-17T22:49:26.912+0300][18640][17704][debug][gc,phases] GC(8)       Merged Howl ArrayOfCards       Min: 0, Avg:  0.0, Max: 0, Diff: 0, Sum: 0, Workers: 8
[2025-06-17T22:49:26.912+0300][18640][17704][debug][gc,phases] GC(8)       Merged Howl BitMap             Min: 0, Avg:  0.0, Max: 0, Diff: 0, Sum: 0, Workers: 8
[2025-06-17T22:49:26.912+0300][18640][17704][debug][gc,phases] GC(8)       Merged Howl Full               Min: 0, Avg:  0.0, Max: 0, Diff: 0, Sum: 0, Workers: 8
[2025-06-17T22:49:26.912+0300][18640][17704][debug][gc,phases] GC(8)       Merged Cards                   Min: 8, Avg:  9.0, Max: 16, Diff: 8, Sum: 72, Workers: 8
[2025-06-17T22:49:26.912+0300][18640][17704][debug][gc,phases] GC(8)     Log Buffers (ms):              Min:  0.0, Avg:  0.0, Max:  0.0, Diff:  0.0, Sum:  0.0, Workers: 8
[2025-06-17T22:49:26.912+0300][18640][17704][debug][gc,phases] GC(8)       Dirty Cards:                   Min: 0, Avg: 29.6, Max: 119, Diff: 119, Sum: 237, Workers: 8
[2025-06-17T22:49:26.912+0300][18640][17704][debug][gc,phases] GC(8)       Skipped Cards:                 Min: 0, Avg:  0.0, Max: 0, Diff: 0, Sum: 0, Workers: 8
[2025-06-17T22:49:26.912+0300][18640][17704][info ][gc,phases] GC(8)   Evacuate Collection Set: 1.0ms
[2025-06-17T22:49:26.912+0300][18640][17704][debug][gc,phases] GC(8)     Ext Root Scanning (ms):        Min:  0.0, Avg:  0.1, Max:  0.4, Diff:  0.4, Sum:  0.7, Workers: 8
[2025-06-17T22:49:26.912+0300][18640][17704][debug][gc,phases] GC(8)     Scan Heap Roots (ms):          Min:  0.0, Avg:  0.0, Max:  0.1, Diff:  0.1, Sum:  0.3, Workers: 8
[2025-06-17T22:49:26.912+0300][18640][17704][debug][gc,phases] GC(8)       Scanned Cards:                 Min: 0, Avg: 29.2, Max: 54, Diff: 54, Sum: 234, Workers: 8
[2025-06-17T22:49:26.912+0300][18640][17704][debug][gc,phases] GC(8)       Scanned Blocks:                Min: 0, Avg: 19.0, Max: 43, Diff: 43, Sum: 152, Workers: 8
[2025-06-17T22:49:26.912+0300][18640][17704][debug][gc,phases] GC(8)       Claimed Chunks:                Min: 0, Avg:  7.5, Max: 15, Diff: 15, Sum: 60, Workers: 8
[2025-06-17T22:49:26.912+0300][18640][17704][debug][gc,phases] GC(8)       Found Roots:                   Min: 0, Avg: 152.8, Max: 349, Diff: 349, Sum: 1222, Workers: 8
[2025-06-17T22:49:26.912+0300][18640][17704][debug][gc,phases] GC(8)     Code Root Scan (ms):           Min:  0.1, Avg:  0.2, Max:  0.4, Diff:  0.3, Sum:  1.9, Workers: 8
[2025-06-17T22:49:26.912+0300][18640][17704][debug][gc,phases] GC(8)       Scanned Nmethods               Min: 0, Avg: 51.9, Max: 79, Diff: 79, Sum: 415, Workers: 8
[2025-06-17T22:49:26.912+0300][18640][17704][debug][gc,phases] GC(8)     Object Copy (ms):              Min:  0.2, Avg:  0.3, Max:  0.4, Diff:  0.2, Sum:  2.2, Workers: 8
[2025-06-17T22:49:26.912+0300][18640][17704][debug][gc,phases] GC(8)     Termination (ms):              Min:  0.0, Avg:  0.3, Max:  0.3, Diff:  0.3, Sum:  2.1, Workers: 8
[2025-06-17T22:49:26.912+0300][18640][17704][debug][gc,phases] GC(8)       Termination Attempts:          Min: 1, Avg:  2.4, Max: 4, Diff: 3, Sum: 19, Workers: 8
[2025-06-17T22:49:26.912+0300][18640][17704][debug][gc,phases] GC(8)     GC Worker Other (ms):          Min:  0.1, Avg:  0.1, Max:  0.1, Diff:  0.0, Sum:  0.6, Workers: 8
[2025-06-17T22:49:26.912+0300][18640][17704][debug][gc,phases] GC(8)     GC Worker Total (ms):          Min:  1.0, Avg:  1.0, Max:  1.0, Diff:  0.0, Sum:  7.9, Workers: 8
[2025-06-17T22:49:26.912+0300][18640][17704][info ][gc,phases] GC(8)   Post Evacuate Collection Set: 0.8ms
[2025-06-17T22:49:26.912+0300][18640][17704][debug][gc,phases] GC(8)     NMethod List Cleanup: 0.0ms
[2025-06-17T22:49:26.912+0300][18640][17704][debug][gc,phases] GC(8)     Reference Processing: 0.1ms
[2025-06-17T22:49:26.912+0300][18640][17704][debug][gc,phases] GC(8)     Weak Processing: 0.1ms
[2025-06-17T22:49:26.912+0300][18640][17704][debug][gc,phases] GC(8)       VM Weak                        Min:  0.0, Avg:  0.0, Max:  0.0, Diff:  0.0, Sum:  0.0, Workers: 8
[2025-06-17T22:49:26.912+0300][18640][17704][debug][gc,phases] GC(8)         Dead                           Min: 0, Avg:  0.0, Max: 0, Diff: 0, Sum: 0, Workers: 8
[2025-06-17T22:49:26.912+0300][18640][17704][debug][gc,phases] GC(8)         Total                          Min: 0, Avg: 46.8, Max: 128, Diff: 128, Sum: 374, Workers: 8
[2025-06-17T22:49:26.912+0300][18640][17704][debug][gc,phases] GC(8)       ObjectSynchronizer Weak        Min:  0.0, Avg:  0.0, Max:  0.0, Diff:  0.0, Sum:  0.0, Workers: 8
[2025-06-17T22:49:26.912+0300][18640][17704][debug][gc,phases] GC(8)         Dead                           Min: 0, Avg:  0.0, Max: 0, Diff: 0, Sum: 0, Workers: 8
[2025-06-17T22:49:26.912+0300][18640][17704][debug][gc,phases] GC(8)         Total                          Min: 0, Avg: 17.4, Max: 64, Diff: 64, Sum: 139, Workers: 8
[2025-06-17T22:49:26.912+0300][18640][17704][debug][gc,phases] GC(8)       JVMTI Tag Weak OopStorage      Min:  0.0, Avg:  0.0, Max:  0.0, Diff:  0.0, Sum:  0.0, Workers: 8
[2025-06-17T22:49:26.912+0300][18640][17704][debug][gc,phases] GC(8)         Dead                           Min: 0, Avg:  0.0, Max: 0, Diff: 0, Sum: 0, Workers: 8
[2025-06-17T22:49:26.912+0300][18640][17704][debug][gc,phases] GC(8)         Total                          Min: 0, Avg:  0.0, Max: 0, Diff: 0, Sum: 0, Workers: 8
[2025-06-17T22:49:26.912+0300][18640][17704][debug][gc,phases] GC(8)       StringTable Weak               Min:  0.0, Avg:  0.0, Max:  0.0, Diff:  0.0, Sum:  0.1, Workers: 8
[2025-06-17T22:49:26.912+0300][18640][17704][debug][gc,phases] GC(8)         Dead                           Min: 0, Avg:  0.0, Max: 0, Diff: 0, Sum: 0, Workers: 8
[2025-06-17T22:49:26.912+0300][18640][17704][debug][gc,phases] GC(8)         Total                          Min: 576, Avg: 779.9, Max: 960, Diff: 384, Sum: 6239, Workers: 8
[2025-06-17T22:49:26.912+0300][18640][17704][debug][gc,phases] GC(8)       ResolvedMethodTable Weak       Min:  0.0, Avg:  0.0, Max:  0.0, Diff:  0.0, Sum:  0.0, Workers: 8
[2025-06-17T22:49:26.912+0300][18640][17704][debug][gc,phases] GC(8)         Dead                           Min: 0, Avg:  0.0, Max: 0, Diff: 0, Sum: 0, Workers: 8
[2025-06-17T22:49:26.912+0300][18640][17704][debug][gc,phases] GC(8)         Total                          Min: 64, Avg: 109.2, Max: 234, Diff: 170, Sum: 874, Workers: 8
[2025-06-17T22:49:26.912+0300][18640][17704][debug][gc,phases] GC(8)       JNI Weak                       Min:  0.0, Avg:  0.0, Max:  0.0, Diff:  0.0, Sum:  0.0, Workers: 8
[2025-06-17T22:49:26.912+0300][18640][17704][debug][gc,phases] GC(8)         Dead                           Min: 0, Avg:  0.0, Max: 0, Diff: 0, Sum: 0, Workers: 8
[2025-06-17T22:49:26.912+0300][18640][17704][debug][gc,phases] GC(8)         Total                          Min: 0, Avg:  0.0, Max: 0, Diff: 0, Sum: 0, Workers: 8
[2025-06-17T22:49:26.912+0300][18640][17704][debug][gc,phases] GC(8)       StringDedup Table Weak         Min:  0.0, Avg:  0.0, Max:  0.0, Diff:  0.0, Sum:  0.0, Workers: 8
[2025-06-17T22:49:26.912+0300][18640][17704][debug][gc,phases] GC(8)         Dead                           Min: 0, Avg:  0.0, Max: 0, Diff: 0, Sum: 0, Workers: 8
[2025-06-17T22:49:26.912+0300][18640][17704][debug][gc,phases] GC(8)         Total                          Min: 0, Avg:  0.0, Max: 0, Diff: 0, Sum: 0, Workers: 8
[2025-06-17T22:49:26.912+0300][18640][17704][debug][gc,phases] GC(8)       StringDedup Requests0 Weak     Min:  0.0, Avg:  0.0, Max:  0.0, Diff:  0.0, Sum:  0.0, Workers: 8
[2025-06-17T22:49:26.912+0300][18640][17704][debug][gc,phases] GC(8)         Dead                           Min: 0, Avg:  0.0, Max: 0, Diff: 0, Sum: 0, Workers: 8
[2025-06-17T22:49:26.912+0300][18640][17704][debug][gc,phases] GC(8)         Total                          Min: 0, Avg:  0.0, Max: 0, Diff: 0, Sum: 0, Workers: 8
[2025-06-17T22:49:26.912+0300][18640][17704][debug][gc,phases] GC(8)       StringDedup Requests1 Weak     Min:  0.0, Avg:  0.0, Max:  0.0, Diff:  0.0, Sum:  0.0, Workers: 8
[2025-06-17T22:49:26.912+0300][18640][17704][debug][gc,phases] GC(8)         Dead                           Min: 0, Avg:  0.0, Max: 0, Diff: 0, Sum: 0, Workers: 8
[2025-06-17T22:49:26.912+0300][18640][17704][debug][gc,phases] GC(8)         Total                          Min: 0, Avg:  0.0, Max: 0, Diff: 0, Sum: 0, Workers: 8
[2025-06-17T22:49:26.912+0300][18640][17704][debug][gc,phases] GC(8)       Weak JFR Old Object Samples    Min:  0.0, Avg:  0.0, Max:  0.0, Diff:  0.0, Sum:  0.0, Workers: 8
[2025-06-17T22:49:26.912+0300][18640][17704][debug][gc,phases] GC(8)         Dead                           Min: 0, Avg:  0.0, Max: 0, Diff: 0, Sum: 0, Workers: 8
[2025-06-17T22:49:26.912+0300][18640][17704][debug][gc,phases] GC(8)         Total                          Min: 0, Avg:  0.0, Max: 0, Diff: 0, Sum: 0, Workers: 8
[2025-06-17T22:49:26.912+0300][18640][17704][debug][gc,phases] GC(8)     Post Evacuate Cleanup 1: 0.2ms
[2025-06-17T22:49:26.912+0300][18640][17704][debug][gc,phases] GC(8)       Merge Per-Thread State (ms):   Min:  0.0, Avg:  0.0, Max:  0.0, Diff:  0.0, Sum:  0.0, Workers: 1
[2025-06-17T22:49:26.912+0300][18640][17704][debug][gc,phases] GC(8)         Copied Bytes                   Min: 38936, Avg: 198263.0, Max: 414696, Diff: 375760, Sum: 1586104, Workers: 8
[2025-06-17T22:49:26.912+0300][18640][17704][debug][gc,phases] GC(8)         LAB Waste                      Min: 40, Avg: 178.0, Max: 448, Diff: 408, Sum: 1424, Workers: 8
[2025-06-17T22:49:26.912+0300][18640][17704][debug][gc,phases] GC(8)         LAB Undo Waste                 Min: 0, Avg:  0.0, Max: 0, Diff: 0, Sum: 0, Workers: 8
[2025-06-17T22:49:26.912+0300][18640][17704][debug][gc,phases] GC(8)       Clear Logged Cards (ms):       Min:  0.0, Avg:  0.1, Max:  0.2, Diff:  0.2, Sum:  0.5, Workers: 5
[2025-06-17T22:49:26.912+0300][18640][17704][debug][gc,phases] GC(8)       Recalculate Used Memory (ms):  Min:  0.0, Avg:  0.0, Max:  0.0, Diff:  0.0, Sum:  0.0, Workers: 1
[2025-06-17T22:49:26.912+0300][18640][17704][debug][gc,phases] GC(8)     Post Evacuate Cleanup 2: 0.3ms
[2025-06-17T22:49:26.912+0300][18640][17704][debug][gc,phases] GC(8)       Update Derived Pointers (ms):  Min:  0.0, Avg:  0.0, Max:  0.0, Diff:  0.0, Sum:  0.0, Workers: 1
[2025-06-17T22:49:26.912+0300][18640][17704][debug][gc,phases] GC(8)       Eagerly Reclaim Humongous Objects (ms): Min:  0.0, Avg:  0.0, Max:  0.0, Diff:  0.0, Sum:  0.0, Workers: 1
[2025-06-17T22:49:26.912+0300][18640][17704][debug][gc,phases] GC(8)         Humongous Total                Min: 3, Avg:  3.0, Max: 3, Diff: 0, Sum: 3, Workers: 1
[2025-06-17T22:49:26.912+0300][18640][17704][debug][gc,phases] GC(8)         Humongous Candidates           Min: 3, Avg:  3.0, Max: 3, Diff: 0, Sum: 3, Workers: 1
[2025-06-17T22:49:26.912+0300][18640][17704][debug][gc,phases] GC(8)         Humongous Reclaimed            Min: 0, Avg:  0.0, Max: 0, Diff: 0, Sum: 0, Workers: 1
[2025-06-17T22:49:26.912+0300][18640][17704][debug][gc,phases] GC(8)       Redirty Logged Cards (ms):     Min:  0.0, Avg:  0.0, Max:  0.0, Diff:  0.0, Sum:  0.0, Workers: 8
[2025-06-17T22:49:26.912+0300][18640][17704][debug][gc,phases] GC(8)         Redirtied Cards:               Min: 0, Avg: 29.5, Max: 236, Diff: 236, Sum: 236, Workers: 8
[2025-06-17T22:49:26.912+0300][18640][17704][debug][gc,phases] GC(8)       Resize TLABs (ms):             Min:  0.0, Avg:  0.0, Max:  0.0, Diff:  0.0, Sum:  0.0, Workers: 8
[2025-06-17T22:49:26.912+0300][18640][17704][debug][gc,phases] GC(8)       Free Collection Set (ms):      Min:  0.2, Avg:  0.2, Max:  0.2, Diff:  0.0, Sum:  1.6, Workers: 8
[2025-06-17T22:49:26.912+0300][18640][17704][debug][gc,phases] GC(8)     Rebuild Free List: 0.1ms
[2025-06-17T22:49:26.912+0300][18640][17704][debug][gc,phases] GC(8)     Prepare For Mutator: 0.0ms
[2025-06-17T22:49:26.912+0300][18640][17704][debug][gc,phases] GC(8)     Expand Heap After Collection: 0.0ms
[2025-06-17T22:49:26.912+0300][18640][17704][info ][gc,phases] GC(8)   Other: 0.1ms
[2025-06-17T22:49:26.912+0300][18640][17704][info ][gc,heap  ] GC(8) Eden regions: 1226->0(1226)
[2025-06-17T22:49:26.912+0300][18640][17704][info ][gc,heap  ] GC(8) Survivor regions: 2->2(154)
[2025-06-17T22:49:26.912+0300][18640][17704][info ][gc,heap  ] GC(8) Old regions: 10->10
[2025-06-17T22:49:26.912+0300][18640][17704][info ][gc,heap  ] GC(8) Humongous regions: 9->9
[2025-06-17T22:49:26.912+0300][18640][17704][debug][gc,heap  ] GC(8) Heap after GC invocations=9 (full 1):
[2025-06-17T22:49:26.912+0300][18640][17704][debug][gc,heap  ] GC(8)  garbage-first heap   total 2097152K, used 13817K [0x0000000080000000, 0x0000000100000000)
[2025-06-17T22:49:26.912+0300][18640][17704][debug][gc,heap  ] GC(8)   region size 1024K, 2 young (2048K), 2 survivors (2048K)
[2025-06-17T22:49:26.912+0300][18640][17704][debug][gc,heap  ] GC(8)  Metaspace       used 9002K, committed 9536K, reserved 1114112K
[2025-06-17T22:49:26.912+0300][18640][17704][debug][gc,heap  ] GC(8)   class space    used 978K, committed 1216K, reserved 1048576K
[2025-06-17T22:49:26.912+0300][18640][17704][info ][gc       ] GC(8) Pause Young (Normal) (G1 Evacuation Pause) 1239M->13M(2048M) 3.567ms
[2025-06-17T22:49:26.912+0300][18640][17704][info ][safepoint] Safepoint "G1CollectForAllocation", Time since last: 296810600 ns, Reaching safepoint: 316400 ns, Cleanup: 18900 ns, At safepoint: 3619600 ns, Total: 3954900 ns
[2025-06-17T22:49:27.197+0300][18640][17704][debug][safepoint] Safepoint synchronization initiated using striped semaphore wait barrier. (19 threads)
[2025-06-17T22:49:27.197+0300][18640][3328 ][debug][safepoint] ... found polling page loop exception at pc = 0x000001d3901b37e0, stub =0x000001d38fbb5d80
[2025-06-17T22:49:27.197+0300][18640][18340][debug][safepoint] ... found polling page loop exception at pc = 0x000001d3901f1330, stub =0x000001d38fbb5d80
[2025-06-17T22:49:27.197+0300][18640][5304 ][debug][safepoint] ... found polling page loop exception at pc = 0x000001d3901f4b46, stub =0x000001d38fbb6600
[2025-06-17T22:49:27.197+0300][18640][19764][debug][safepoint] ... found polling page loop exception at pc = 0x000001d3901f1330, stub =0x000001d38fbb5d80
[2025-06-17T22:49:27.197+0300][18640][17704][debug][gc,heap  ] GC(9) Heap before GC invocations=9 (full 1):
[2025-06-17T22:49:27.197+0300][18640][17704][debug][gc,heap  ] GC(9)  garbage-first heap   total 2097152K, used 1269241K [0x0000000080000000, 0x0000000100000000)
[2025-06-17T22:49:27.197+0300][18640][17704][debug][gc,heap  ] GC(9)   region size 1024K, 1228 young (1257472K), 2 survivors (2048K)
[2025-06-17T22:49:27.197+0300][18640][17704][debug][gc,heap  ] GC(9)  Metaspace       used 9002K, committed 9536K, reserved 1114112K
[2025-06-17T22:49:27.197+0300][18640][17704][debug][gc,heap  ] GC(9)   class space    used 978K, committed 1216K, reserved 1048576K
[2025-06-17T22:49:27.199+0300][18640][17704][info ][gc,phases] GC(9)   Pre Evacuate Collection Set: 0.3ms
[2025-06-17T22:49:27.199+0300][18640][17704][debug][gc,phases] GC(9)     Pre Evacuate Prepare: 0.0ms
[2025-06-17T22:49:27.199+0300][18640][17704][debug][gc,phases] GC(9)       JT Retire TLABs And Flush Logs (ms): Min:  0.0, Avg:  0.0, Max:  0.0, Diff:  0.0, Sum:  0.0, Workers: 2
[2025-06-17T22:49:27.199+0300][18640][17704][debug][gc,phases] GC(9)       Non-JT Flush Logs (ms):        Min:  0.0, Avg:  0.0, Max:  0.0, Diff:  0.0, Sum:  0.0, Workers: 1
[2025-06-17T22:49:27.199+0300][18640][17704][debug][gc,phases] GC(9)     Choose Collection Set: 0.0ms
[2025-06-17T22:49:27.199+0300][18640][17704][debug][gc,phases] GC(9)     Region Register: 0.2ms
[2025-06-17T22:49:27.199+0300][18640][17704][debug][gc,phases] GC(9)     Prepare Heap Roots: 0.0ms
[2025-06-17T22:49:27.199+0300][18640][17704][info ][gc,phases] GC(9)   Merge Heap Roots: 0.1ms
[2025-06-17T22:49:27.199+0300][18640][17704][debug][gc,phases] GC(9)     Prepare Merge Heap Roots: 0.0ms
[2025-06-17T22:49:27.199+0300][18640][17704][debug][gc,phases] GC(9)     Remembered Sets (ms):          Min:  0.1, Avg:  0.1, Max:  0.1, Diff:  0.0, Sum:  0.7, Workers: 8
[2025-06-17T22:49:27.199+0300][18640][17704][debug][gc,phases] GC(9)       Eager Reclaim (ms):            Min:  0.0, Avg:  0.0, Max:  0.0, Diff:  0.0, Sum:  0.0, Workers: 1
[2025-06-17T22:49:27.199+0300][18640][17704][debug][gc,phases] GC(9)       Merged Inline                  Min: 0, Avg:  0.0, Max: 0, Diff: 0, Sum: 0, Workers: 8
[2025-06-17T22:49:27.199+0300][18640][17704][debug][gc,phases] GC(9)       Merged ArrayOfCards            Min: 0, Avg:  0.0, Max: 0, Diff: 0, Sum: 0, Workers: 8
[2025-06-17T22:49:27.199+0300][18640][17704][debug][gc,phases] GC(9)       Merged Howl                    Min: 0, Avg:  0.0, Max: 0, Diff: 0, Sum: 0, Workers: 8
[2025-06-17T22:49:27.199+0300][18640][17704][debug][gc,phases] GC(9)       Merged Full                    Min: 0, Avg:  0.0, Max: 0, Diff: 0, Sum: 0, Workers: 8
[2025-06-17T22:49:27.199+0300][18640][17704][debug][gc,phases] GC(9)       Merged Howl Inline             Min: 0, Avg:  0.0, Max: 0, Diff: 0, Sum: 0, Workers: 8
[2025-06-17T22:49:27.199+0300][18640][17704][debug][gc,phases] GC(9)       Merged Howl ArrayOfCards       Min: 0, Avg:  0.0, Max: 0, Diff: 0, Sum: 0, Workers: 8
[2025-06-17T22:49:27.199+0300][18640][17704][debug][gc,phases] GC(9)       Merged Howl BitMap             Min: 0, Avg:  0.0, Max: 0, Diff: 0, Sum: 0, Workers: 8
[2025-06-17T22:49:27.199+0300][18640][17704][debug][gc,phases] GC(9)       Merged Howl Full               Min: 0, Avg:  0.0, Max: 0, Diff: 0, Sum: 0, Workers: 8
[2025-06-17T22:49:27.199+0300][18640][17704][debug][gc,phases] GC(9)       Merged Cards                   Min: 8, Avg:  9.0, Max: 16, Diff: 8, Sum: 72, Workers: 8
[2025-06-17T22:49:27.199+0300][18640][17704][debug][gc,phases] GC(9)     Log Buffers (ms):              Min:  0.0, Avg:  0.0, Max:  0.0, Diff:  0.0, Sum:  0.0, Workers: 8
[2025-06-17T22:49:27.199+0300][18640][17704][debug][gc,phases] GC(9)       Dirty Cards:                   Min: 0, Avg: 30.0, Max: 61, Diff: 61, Sum: 240, Workers: 8
[2025-06-17T22:49:27.199+0300][18640][17704][debug][gc,phases] GC(9)       Skipped Cards:                 Min: 0, Avg:  0.0, Max: 0, Diff: 0, Sum: 0, Workers: 8
[2025-06-17T22:49:27.199+0300][18640][17704][info ][gc,phases] GC(9)   Evacuate Collection Set: 1.0ms
[2025-06-17T22:49:27.199+0300][18640][17704][debug][gc,phases] GC(9)     Ext Root Scanning (ms):        Min:  0.0, Avg:  0.1, Max:  0.4, Diff:  0.4, Sum:  0.8, Workers: 8
[2025-06-17T22:49:27.199+0300][18640][17704][debug][gc,phases] GC(9)     Scan Heap Roots (ms):          Min:  0.0, Avg:  0.0, Max:  0.1, Diff:  0.1, Sum:  0.3, Workers: 8
[2025-06-17T22:49:27.199+0300][18640][17704][debug][gc,phases] GC(9)       Scanned Cards:                 Min: 0, Avg: 29.5, Max: 54, Diff: 54, Sum: 236, Workers: 8
[2025-06-17T22:49:27.199+0300][18640][17704][debug][gc,phases] GC(9)       Scanned Blocks:                Min: 0, Avg: 19.2, Max: 42, Diff: 42, Sum: 154, Workers: 8
[2025-06-17T22:49:27.199+0300][18640][17704][debug][gc,phases] GC(9)       Claimed Chunks:                Min: 0, Avg:  7.5, Max: 17, Diff: 17, Sum: 60, Workers: 8
[2025-06-17T22:49:27.199+0300][18640][17704][debug][gc,phases] GC(9)       Found Roots:                   Min: 0, Avg: 154.6, Max: 409, Diff: 409, Sum: 1237, Workers: 8
[2025-06-17T22:49:27.199+0300][18640][17704][debug][gc,phases] GC(9)     Code Root Scan (ms):           Min:  0.1, Avg:  0.3, Max:  0.4, Diff:  0.4, Sum:  2.0, Workers: 8
[2025-06-17T22:49:27.199+0300][18640][17704][debug][gc,phases] GC(9)       Scanned Nmethods               Min: 0, Avg: 52.1, Max: 104, Diff: 104, Sum: 417, Workers: 8
[2025-06-17T22:49:27.199+0300][18640][17704][debug][gc,phases] GC(9)     Object Copy (ms):              Min:  0.0, Avg:  0.3, Max:  0.5, Diff:  0.5, Sum:  2.2, Workers: 8
[2025-06-17T22:49:27.199+0300][18640][17704][debug][gc,phases] GC(9)     Termination (ms):              Min:  0.0, Avg:  0.2, Max:  0.2, Diff:  0.2, Sum:  1.3, Workers: 8
[2025-06-17T22:49:27.199+0300][18640][17704][debug][gc,phases] GC(9)       Termination Attempts:          Min: 1, Avg:  1.0, Max: 1, Diff: 0, Sum: 8, Workers: 8
[2025-06-17T22:49:27.199+0300][18640][17704][debug][gc,phases] GC(9)     GC Worker Other (ms):          Min:  0.1, Avg:  0.1, Max:  0.1, Diff:  0.0, Sum:  0.7, Workers: 8
[2025-06-17T22:49:27.199+0300][18640][17704][debug][gc,phases] GC(9)     GC Worker Total (ms):          Min:  0.2, Avg:  0.9, Max:  1.0, Diff:  0.8, Sum:  7.3, Workers: 8
[2025-06-17T22:49:27.199+0300][18640][17704][info ][gc,phases] GC(9)   Post Evacuate Collection Set: 0.7ms
[2025-06-17T22:49:27.199+0300][18640][17704][debug][gc,phases] GC(9)     NMethod List Cleanup: 0.0ms
[2025-06-17T22:49:27.199+0300][18640][17704][debug][gc,phases] GC(9)     Reference Processing: 0.1ms
[2025-06-17T22:49:27.199+0300][18640][17704][debug][gc,phases] GC(9)     Weak Processing: 0.1ms
[2025-06-17T22:49:27.199+0300][18640][17704][debug][gc,phases] GC(9)       VM Weak                        Min:  0.0, Avg:  0.0, Max:  0.0, Diff:  0.0, Sum:  0.0, Workers: 8
[2025-06-17T22:49:27.199+0300][18640][17704][debug][gc,phases] GC(9)         Dead                           Min: 0, Avg:  0.0, Max: 0, Diff: 0, Sum: 0, Workers: 8
[2025-06-17T22:49:27.199+0300][18640][17704][debug][gc,phases] GC(9)         Total                          Min: 0, Avg: 46.8, Max: 128, Diff: 128, Sum: 374, Workers: 8
[2025-06-17T22:49:27.199+0300][18640][17704][debug][gc,phases] GC(9)       ObjectSynchronizer Weak        Min:  0.0, Avg:  0.0, Max:  0.0, Diff:  0.0, Sum:  0.0, Workers: 8
[2025-06-17T22:49:27.199+0300][18640][17704][debug][gc,phases] GC(9)         Dead                           Min: 0, Avg:  0.0, Max: 0, Diff: 0, Sum: 0, Workers: 8
[2025-06-17T22:49:27.199+0300][18640][17704][debug][gc,phases] GC(9)         Total                          Min: 0, Avg: 17.4, Max: 64, Diff: 64, Sum: 139, Workers: 8
[2025-06-17T22:49:27.199+0300][18640][17704][debug][gc,phases] GC(9)       JVMTI Tag Weak OopStorage      Min:  0.0, Avg:  0.0, Max:  0.0, Diff:  0.0, Sum:  0.0, Workers: 8
[2025-06-17T22:49:27.199+0300][18640][17704][debug][gc,phases] GC(9)         Dead                           Min: 0, Avg:  0.0, Max: 0, Diff: 0, Sum: 0, Workers: 8
[2025-06-17T22:49:27.199+0300][18640][17704][debug][gc,phases] GC(9)         Total                          Min: 0, Avg:  0.0, Max: 0, Diff: 0, Sum: 0, Workers: 8
[2025-06-17T22:49:27.199+0300][18640][17704][debug][gc,phases] GC(9)       StringTable Weak               Min:  0.0, Avg:  0.0, Max:  0.0, Diff:  0.0, Sum:  0.1, Workers: 8
[2025-06-17T22:49:27.199+0300][18640][17704][debug][gc,phases] GC(9)         Dead                           Min: 0, Avg:  0.0, Max: 0, Diff: 0, Sum: 0, Workers: 8
[2025-06-17T22:49:27.199+0300][18640][17704][debug][gc,phases] GC(9)         Total                          Min: 576, Avg: 781.8, Max: 896, Diff: 320, Sum: 6254, Workers: 8
[2025-06-17T22:49:27.199+0300][18640][17704][debug][gc,phases] GC(9)       ResolvedMethodTable Weak       Min:  0.0, Avg:  0.0, Max:  0.0, Diff:  0.0, Sum:  0.0, Workers: 8
[2025-06-17T22:49:27.199+0300][18640][17704][debug][gc,phases] GC(9)         Dead                           Min: 0, Avg:  0.0, Max: 0, Diff: 0, Sum: 0, Workers: 8
[2025-06-17T22:49:27.199+0300][18640][17704][debug][gc,phases] GC(9)         Total                          Min: 64, Avg: 109.2, Max: 192, Diff: 128, Sum: 874, Workers: 8
[2025-06-17T22:49:27.199+0300][18640][17704][debug][gc,phases] GC(9)       JNI Weak                       Min:  0.0, Avg:  0.0, Max:  0.0, Diff:  0.0, Sum:  0.0, Workers: 8
[2025-06-17T22:49:27.199+0300][18640][17704][debug][gc,phases] GC(9)         Dead                           Min: 0, Avg:  0.0, Max: 0, Diff: 0, Sum: 0, Workers: 8
[2025-06-17T22:49:27.199+0300][18640][17704][debug][gc,phases] GC(9)         Total                          Min: 0, Avg:  0.0, Max: 0, Diff: 0, Sum: 0, Workers: 8
[2025-06-17T22:49:27.199+0300][18640][17704][debug][gc,phases] GC(9)       StringDedup Table Weak         Min:  0.0, Avg:  0.0, Max:  0.0, Diff:  0.0, Sum:  0.0, Workers: 8
[2025-06-17T22:49:27.199+0300][18640][17704][debug][gc,phases] GC(9)         Dead                           Min: 0, Avg:  0.0, Max: 0, Diff: 0, Sum: 0, Workers: 8
[2025-06-17T22:49:27.199+0300][18640][17704][debug][gc,phases] GC(9)         Total                          Min: 0, Avg:  0.0, Max: 0, Diff: 0, Sum: 0, Workers: 8
[2025-06-17T22:49:27.199+0300][18640][17704][debug][gc,phases] GC(9)       StringDedup Requests0 Weak     Min:  0.0, Avg:  0.0, Max:  0.0, Diff:  0.0, Sum:  0.0, Workers: 8
[2025-06-17T22:49:27.199+0300][18640][17704][debug][gc,phases] GC(9)         Dead                           Min: 0, Avg:  0.0, Max: 0, Diff: 0, Sum: 0, Workers: 8
[2025-06-17T22:49:27.199+0300][18640][17704][debug][gc,phases] GC(9)         Total                          Min: 0, Avg:  0.0, Max: 0, Diff: 0, Sum: 0, Workers: 8
[2025-06-17T22:49:27.199+0300][18640][17704][debug][gc,phases] GC(9)       StringDedup Requests1 Weak     Min:  0.0, Avg:  0.0, Max:  0.0, Diff:  0.0, Sum:  0.0, Workers: 8
[2025-06-17T22:49:27.199+0300][18640][17704][debug][gc,phases] GC(9)         Dead                           Min: 0, Avg:  0.0, Max: 0, Diff: 0, Sum: 0, Workers: 8
[2025-06-17T22:49:27.199+0300][18640][17704][debug][gc,phases] GC(9)         Total                          Min: 0, Avg:  0.0, Max: 0, Diff: 0, Sum: 0, Workers: 8
[2025-06-17T22:49:27.199+0300][18640][17704][debug][gc,phases] GC(9)       Weak JFR Old Object Samples    Min:  0.0, Avg:  0.0, Max:  0.0, Diff:  0.0, Sum:  0.0, Workers: 8
[2025-06-17T22:49:27.199+0300][18640][17704][debug][gc,phases] GC(9)         Dead                           Min: 0, Avg:  0.0, Max: 0, Diff: 0, Sum: 0, Workers: 8
[2025-06-17T22:49:27.199+0300][18640][17704][debug][gc,phases] GC(9)         Total                          Min: 0, Avg:  0.0, Max: 0, Diff: 0, Sum: 0, Workers: 8
[2025-06-17T22:49:27.199+0300][18640][17704][debug][gc,phases] GC(9)     Post Evacuate Cleanup 1: 0.2ms
[2025-06-17T22:49:27.199+0300][18640][17704][debug][gc,phases] GC(9)       Merge Per-Thread State (ms):   Min:  0.0, Avg:  0.0, Max:  0.0, Diff:  0.0, Sum:  0.0, Workers: 1
[2025-06-17T22:49:27.199+0300][18640][17704][debug][gc,phases] GC(9)         Copied Bytes                   Min: 0, Avg: 196872.0, Max: 386656, Diff: 386656, Sum: 1574976, Workers: 8
[2025-06-17T22:49:27.199+0300][18640][17704][debug][gc,phases] GC(9)         LAB Waste                      Min: 0, Avg: 221.0, Max: 592, Diff: 592, Sum: 1768, Workers: 8
[2025-06-17T22:49:27.199+0300][18640][17704][debug][gc,phases] GC(9)         LAB Undo Waste                 Min: 0, Avg:  0.0, Max: 0, Diff: 0, Sum: 0, Workers: 8
[2025-06-17T22:49:27.199+0300][18640][17704][debug][gc,phases] GC(9)       Clear Logged Cards (ms):       Min:  0.0, Avg:  0.1, Max:  0.2, Diff:  0.2, Sum:  0.4, Workers: 5
[2025-06-17T22:49:27.199+0300][18640][17704][debug][gc,phases] GC(9)       Recalculate Used Memory (ms):  Min:  0.0, Avg:  0.0, Max:  0.0, Diff:  0.0, Sum:  0.0, Workers: 1
[2025-06-17T22:49:27.199+0300][18640][17704][debug][gc,phases] GC(9)     Post Evacuate Cleanup 2: 0.3ms
[2025-06-17T22:49:27.199+0300][18640][17704][debug][gc,phases] GC(9)       Update Derived Pointers (ms):  Min:  0.0, Avg:  0.0, Max:  0.0, Diff:  0.0, Sum:  0.0, Workers: 1
[2025-06-17T22:49:27.199+0300][18640][17704][debug][gc,phases] GC(9)       Eagerly Reclaim Humongous Objects (ms): Min:  0.0, Avg:  0.0, Max:  0.0, Diff:  0.0, Sum:  0.0, Workers: 1
[2025-06-17T22:49:27.199+0300][18640][17704][debug][gc,phases] GC(9)         Humongous Total                Min: 3, Avg:  3.0, Max: 3, Diff: 0, Sum: 3, Workers: 1
[2025-06-17T22:49:27.199+0300][18640][17704][debug][gc,phases] GC(9)         Humongous Candidates           Min: 3, Avg:  3.0, Max: 3, Diff: 0, Sum: 3, Workers: 1
[2025-06-17T22:49:27.199+0300][18640][17704][debug][gc,phases] GC(9)         Humongous Reclaimed            Min: 0, Avg:  0.0, Max: 0, Diff: 0, Sum: 0, Workers: 1
[2025-06-17T22:49:27.199+0300][18640][17704][debug][gc,phases] GC(9)       Redirty Logged Cards (ms):     Min:  0.0, Avg:  0.0, Max:  0.0, Diff:  0.0, Sum:  0.0, Workers: 8
[2025-06-17T22:49:27.199+0300][18640][17704][debug][gc,phases] GC(9)         Redirtied Cards:               Min: 0, Avg: 29.2, Max: 234, Diff: 234, Sum: 234, Workers: 8
[2025-06-17T22:49:27.199+0300][18640][17704][debug][gc,phases] GC(9)       Resize TLABs (ms):             Min:  0.0, Avg:  0.0, Max:  0.0, Diff:  0.0, Sum:  0.0, Workers: 8
[2025-06-17T22:49:27.199+0300][18640][17704][debug][gc,phases] GC(9)       Free Collection Set (ms):      Min:  0.2, Avg:  0.2, Max:  0.2, Diff:  0.0, Sum:  1.7, Workers: 8
[2025-06-17T22:49:27.199+0300][18640][17704][debug][gc,phases] GC(9)     Rebuild Free List: 0.0ms
[2025-06-17T22:49:27.199+0300][18640][17704][debug][gc,phases] GC(9)     Prepare For Mutator: 0.0ms
[2025-06-17T22:49:27.202+0300][18640][17704][debug][gc,phases] GC(9)     Expand Heap After Collection: 0.0ms
[2025-06-17T22:49:27.202+0300][18640][17704][info ][gc,phases] GC(9)   Other: 0.1ms
[2025-06-17T22:49:27.202+0300][18640][17704][info ][gc,heap  ] GC(9) Eden regions: 1226->0(1226)
[2025-06-17T22:49:27.202+0300][18640][17704][info ][gc,heap  ] GC(9) Survivor regions: 2->2(154)
[2025-06-17T22:49:27.202+0300][18640][17704][info ][gc,heap  ] GC(9) Old regions: 10->10
[2025-06-17T22:49:27.202+0300][18640][17704][info ][gc,heap  ] GC(9) Humongous regions: 9->9
[2025-06-17T22:49:27.202+0300][18640][17704][debug][gc,heap  ] GC(9) Heap after GC invocations=10 (full 1):
[2025-06-17T22:49:27.202+0300][18640][17704][debug][gc,heap  ] GC(9)  garbage-first heap   total 2097152K, used 13819K [0x0000000080000000, 0x0000000100000000)
[2025-06-17T22:49:27.202+0300][18640][17704][debug][gc,heap  ] GC(9)   region size 1024K, 2 young (2048K), 2 survivors (2048K)
[2025-06-17T22:49:27.202+0300][18640][17704][debug][gc,heap  ] GC(9)  Metaspace       used 9002K, committed 9536K, reserved 1114112K
[2025-06-17T22:49:27.202+0300][18640][17704][debug][gc,heap  ] GC(9)   class space    used 978K, committed 1216K, reserved 1048576K
[2025-06-17T22:49:27.202+0300][18640][17704][info ][gc       ] GC(9) Pause Young (Normal) (G1 Evacuation Pause) 1239M->13M(2048M) 3.539ms
[2025-06-17T22:49:27.202+0300][18640][17704][info ][safepoint] Safepoint "G1CollectForAllocation", Time since last: 280973300 ns, Reaching safepoint: 292000 ns, Cleanup: 10300 ns, At safepoint: 3582300 ns, Total: 3884600 ns
[2025-06-17T22:49:27.504+0300][18640][17704][debug][safepoint] Safepoint synchronization initiated using striped semaphore wait barrier. (19 threads)
[2025-06-17T22:49:27.504+0300][18640][19764][debug][safepoint] ... found polling page loop exception at pc = 0x000001d3901b37e0, stub =0x000001d38fbb5d80
[2025-06-17T22:49:27.504+0300][18640][17180][debug][safepoint] ... found polling page loop exception at pc = 0x000001d3901b37e0, stub =0x000001d38fbb5d80
[2025-06-17T22:49:27.504+0300][18640][10428][debug][safepoint] ... found polling page loop exception at pc = 0x000001d39020d6f1, stub =0x000001d38fbb6600
[2025-06-17T22:49:27.504+0300][18640][5304 ][debug][safepoint] ... found polling page loop exception at pc = 0x000001d3901b87f0, stub =0x000001d38fbb6600
[2025-06-17T22:49:27.504+0300][18640][20836][debug][safepoint] ... found polling page loop exception at pc = 0x000001d3901b37e0, stub =0x000001d38fbb5d80
[2025-06-17T22:49:27.504+0300][18640][17704][debug][gc,heap  ] GC(10) Heap before GC invocations=10 (full 1):
[2025-06-17T22:49:27.504+0300][18640][17704][debug][gc,heap  ] GC(10)  garbage-first heap   total 2097152K, used 1269243K [0x0000000080000000, 0x0000000100000000)
[2025-06-17T22:49:27.504+0300][18640][17704][debug][gc,heap  ] GC(10)   region size 1024K, 1228 young (1257472K), 2 survivors (2048K)
[2025-06-17T22:49:27.504+0300][18640][17704][debug][gc,heap  ] GC(10)  Metaspace       used 9002K, committed 9536K, reserved 1114112K
[2025-06-17T22:49:27.504+0300][18640][17704][debug][gc,heap  ] GC(10)   class space    used 978K, committed 1216K, reserved 1048576K
[2025-06-17T22:49:27.504+0300][18640][17704][info ][gc,phases] GC(10)   Pre Evacuate Collection Set: 0.4ms
[2025-06-17T22:49:27.504+0300][18640][17704][debug][gc,phases] GC(10)     Pre Evacuate Prepare: 0.1ms
[2025-06-17T22:49:27.504+0300][18640][17704][debug][gc,phases] GC(10)       JT Retire TLABs And Flush Logs (ms): Min:  0.0, Avg:  0.0, Max:  0.0, Diff:  0.0, Sum:  0.0, Workers: 2
[2025-06-17T22:49:27.504+0300][18640][17704][debug][gc,phases] GC(10)       Non-JT Flush Logs (ms):        Min:  0.0, Avg:  0.0, Max:  0.0, Diff:  0.0, Sum:  0.0, Workers: 1
[2025-06-17T22:49:27.504+0300][18640][17704][debug][gc,phases] GC(10)     Choose Collection Set: 0.0ms
[2025-06-17T22:49:27.504+0300][18640][17704][debug][gc,phases] GC(10)     Region Register: 0.3ms
[2025-06-17T22:49:27.504+0300][18640][17704][debug][gc,phases] GC(10)     Prepare Heap Roots: 0.0ms
[2025-06-17T22:49:27.504+0300][18640][17704][info ][gc,phases] GC(10)   Merge Heap Roots: 0.2ms
[2025-06-17T22:49:27.504+0300][18640][17704][debug][gc,phases] GC(10)     Prepare Merge Heap Roots: 0.0ms
[2025-06-17T22:49:27.504+0300][18640][17704][debug][gc,phases] GC(10)     Remembered Sets (ms):          Min:  0.0, Avg:  0.1, Max:  0.1, Diff:  0.1, Sum:  0.7, Workers: 8
[2025-06-17T22:49:27.504+0300][18640][17704][debug][gc,phases] GC(10)       Eager Reclaim (ms):            Min:  0.0, Avg:  0.0, Max:  0.0, Diff:  0.0, Sum:  0.0, Workers: 1
[2025-06-17T22:49:27.504+0300][18640][17704][debug][gc,phases] GC(10)       Merged Inline                  Min: 0, Avg:  0.0, Max: 0, Diff: 0, Sum: 0, Workers: 8
[2025-06-17T22:49:27.504+0300][18640][17704][debug][gc,phases] GC(10)       Merged ArrayOfCards            Min: 0, Avg:  0.0, Max: 0, Diff: 0, Sum: 0, Workers: 8
[2025-06-17T22:49:27.504+0300][18640][17704][debug][gc,phases] GC(10)       Merged Howl                    Min: 0, Avg:  0.0, Max: 0, Diff: 0, Sum: 0, Workers: 8
[2025-06-17T22:49:27.504+0300][18640][17704][debug][gc,phases] GC(10)       Merged Full                    Min: 0, Avg:  0.0, Max: 0, Diff: 0, Sum: 0, Workers: 8
[2025-06-17T22:49:27.504+0300][18640][17704][debug][gc,phases] GC(10)       Merged Howl Inline             Min: 0, Avg:  0.0, Max: 0, Diff: 0, Sum: 0, Workers: 8
[2025-06-17T22:49:27.504+0300][18640][17704][debug][gc,phases] GC(10)       Merged Howl ArrayOfCards       Min: 0, Avg:  0.0, Max: 0, Diff: 0, Sum: 0, Workers: 8
[2025-06-17T22:49:27.504+0300][18640][17704][debug][gc,phases] GC(10)       Merged Howl BitMap             Min: 0, Avg:  0.0, Max: 0, Diff: 0, Sum: 0, Workers: 8
[2025-06-17T22:49:27.504+0300][18640][17704][debug][gc,phases] GC(10)       Merged Howl Full               Min: 0, Avg:  0.0, Max: 0, Diff: 0, Sum: 0, Workers: 8
[2025-06-17T22:49:27.504+0300][18640][17704][debug][gc,phases] GC(10)       Merged Cards                   Min: 8, Avg:  9.0, Max: 16, Diff: 8, Sum: 72, Workers: 8
[2025-06-17T22:49:27.504+0300][18640][17704][debug][gc,phases] GC(10)     Log Buffers (ms):              Min:  0.0, Avg:  0.0, Max:  0.0, Diff:  0.0, Sum:  0.0, Workers: 8
[2025-06-17T22:49:27.504+0300][18640][17704][debug][gc,phases] GC(10)       Dirty Cards:                   Min: 0, Avg: 29.5, Max: 129, Diff: 129, Sum: 236, Workers: 8
[2025-06-17T22:49:27.504+0300][18640][17704][debug][gc,phases] GC(10)       Skipped Cards:                 Min: 0, Avg:  0.0, Max: 0, Diff: 0, Sum: 0, Workers: 8
[2025-06-17T22:49:27.504+0300][18640][17704][info ][gc,phases] GC(10)   Evacuate Collection Set: 1.2ms
[2025-06-17T22:49:27.504+0300][18640][17704][debug][gc,phases] GC(10)     Ext Root Scanning (ms):        Min:  0.0, Avg:  0.1, Max:  0.4, Diff:  0.4, Sum:  0.8, Workers: 8
[2025-06-17T22:49:27.504+0300][18640][17704][debug][gc,phases] GC(10)     Scan Heap Roots (ms):          Min:  0.0, Avg:  0.0, Max:  0.1, Diff:  0.1, Sum:  0.3, Workers: 8
[2025-06-17T22:49:27.504+0300][18640][17704][debug][gc,phases] GC(10)       Scanned Cards:                 Min: 0, Avg: 29.5, Max: 56, Diff: 56, Sum: 236, Workers: 8
[2025-06-17T22:49:27.504+0300][18640][17704][debug][gc,phases] GC(10)       Scanned Blocks:                Min: 0, Avg: 19.2, Max: 46, Diff: 46, Sum: 154, Workers: 8
[2025-06-17T22:49:27.504+0300][18640][17704][debug][gc,phases] GC(10)       Claimed Chunks:                Min: 0, Avg:  7.5, Max: 18, Diff: 18, Sum: 60, Workers: 8
[2025-06-17T22:49:27.504+0300][18640][17704][debug][gc,phases] GC(10)       Found Roots:                   Min: 0, Avg: 154.6, Max: 392, Diff: 392, Sum: 1237, Workers: 8
[2025-06-17T22:49:27.504+0300][18640][17704][debug][gc,phases] GC(10)     Code Root Scan (ms):           Min:  0.1, Avg:  0.3, Max:  0.4, Diff:  0.4, Sum:  2.2, Workers: 8
[2025-06-17T22:49:27.504+0300][18640][17704][debug][gc,phases] GC(10)       Scanned Nmethods               Min: 0, Avg: 52.2, Max: 101, Diff: 101, Sum: 418, Workers: 8
[2025-06-17T22:49:27.504+0300][18640][17704][debug][gc,phases] GC(10)     Object Copy (ms):              Min:  0.0, Avg:  0.3, Max:  0.5, Diff:  0.5, Sum:  2.3, Workers: 8
[2025-06-17T22:49:27.504+0300][18640][17704][debug][gc,phases] GC(10)     Termination (ms):              Min:  0.0, Avg:  0.2, Max:  0.4, Diff:  0.3, Sum:  1.6, Workers: 8
[2025-06-17T22:49:27.504+0300][18640][17704][debug][gc,phases] GC(10)       Termination Attempts:          Min: 1, Avg:  1.0, Max: 1, Diff: 0, Sum: 8, Workers: 8
[2025-06-17T22:49:27.504+0300][18640][17704][debug][gc,phases] GC(10)     GC Worker Other (ms):          Min:  0.1, Avg:  0.1, Max:  0.1, Diff:  0.0, Sum:  0.7, Workers: 8
[2025-06-17T22:49:27.504+0300][18640][17704][debug][gc,phases] GC(10)     GC Worker Total (ms):          Min:  0.2, Avg:  1.0, Max:  1.2, Diff:  1.0, Sum:  7.9, Workers: 8
[2025-06-17T22:49:27.504+0300][18640][17704][info ][gc,phases] GC(10)   Post Evacuate Collection Set: 1.0ms
[2025-06-17T22:49:27.504+0300][18640][17704][debug][gc,phases] GC(10)     NMethod List Cleanup: 0.1ms
[2025-06-17T22:49:27.504+0300][18640][17704][debug][gc,phases] GC(10)     Reference Processing: 0.2ms
[2025-06-17T22:49:27.504+0300][18640][17704][debug][gc,phases] GC(10)     Weak Processing: 0.1ms
[2025-06-17T22:49:27.504+0300][18640][17704][debug][gc,phases] GC(10)       VM Weak                        Min:  0.0, Avg:  0.0, Max:  0.0, Diff:  0.0, Sum:  0.0, Workers: 8
[2025-06-17T22:49:27.504+0300][18640][17704][debug][gc,phases] GC(10)         Dead                           Min: 0, Avg:  0.0, Max: 0, Diff: 0, Sum: 0, Workers: 8
[2025-06-17T22:49:27.504+0300][18640][17704][debug][gc,phases] GC(10)         Total                          Min: 0, Avg: 46.8, Max: 182, Diff: 182, Sum: 374, Workers: 8
[2025-06-17T22:49:27.504+0300][18640][17704][debug][gc,phases] GC(10)       ObjectSynchronizer Weak        Min:  0.0, Avg:  0.0, Max:  0.0, Diff:  0.0, Sum:  0.0, Workers: 8
[2025-06-17T22:49:27.504+0300][18640][17704][debug][gc,phases] GC(10)         Dead                           Min: 0, Avg:  0.0, Max: 0, Diff: 0, Sum: 0, Workers: 8
[2025-06-17T22:49:27.504+0300][18640][17704][debug][gc,phases] GC(10)         Total                          Min: 0, Avg: 17.4, Max: 64, Diff: 64, Sum: 139, Workers: 8
[2025-06-17T22:49:27.504+0300][18640][17704][debug][gc,phases] GC(10)       JVMTI Tag Weak OopStorage      Min:  0.0, Avg:  0.0, Max:  0.0, Diff:  0.0, Sum:  0.0, Workers: 8
[2025-06-17T22:49:27.504+0300][18640][17704][debug][gc,phases] GC(10)         Dead                           Min: 0, Avg:  0.0, Max: 0, Diff: 0, Sum: 0, Workers: 8
[2025-06-17T22:49:27.504+0300][18640][17704][debug][gc,phases] GC(10)         Total                          Min: 0, Avg:  0.0, Max: 0, Diff: 0, Sum: 0, Workers: 8
[2025-06-17T22:49:27.504+0300][18640][17704][debug][gc,phases] GC(10)       StringTable Weak               Min:  0.0, Avg:  0.0, Max:  0.0, Diff:  0.0, Sum:  0.2, Workers: 8
[2025-06-17T22:49:27.504+0300][18640][17704][debug][gc,phases] GC(10)         Dead                           Min: 0, Avg:  0.0, Max: 0, Diff: 0, Sum: 0, Workers: 8
[2025-06-17T22:49:27.504+0300][18640][17704][debug][gc,phases] GC(10)         Total                          Min: 0, Avg: 781.9, Max: 1263, Diff: 1263, Sum: 6255, Workers: 8
[2025-06-17T22:49:27.504+0300][18640][17704][debug][gc,phases] GC(10)       ResolvedMethodTable Weak       Min:  0.0, Avg:  0.0, Max:  0.0, Diff:  0.0, Sum:  0.0, Workers: 8
[2025-06-17T22:49:27.504+0300][18640][17704][debug][gc,phases] GC(10)         Dead                           Min: 0, Avg:  0.0, Max: 0, Diff: 0, Sum: 0, Workers: 8
[2025-06-17T22:49:27.504+0300][18640][17704][debug][gc,phases] GC(10)         Total                          Min: 0, Avg: 109.2, Max: 256, Diff: 256, Sum: 874, Workers: 8
[2025-06-17T22:49:27.504+0300][18640][17704][debug][gc,phases] GC(10)       JNI Weak                       Min:  0.0, Avg:  0.0, Max:  0.0, Diff:  0.0, Sum:  0.0, Workers: 8
[2025-06-17T22:49:27.504+0300][18640][17704][debug][gc,phases] GC(10)         Dead                           Min: 0, Avg:  0.0, Max: 0, Diff: 0, Sum: 0, Workers: 8
[2025-06-17T22:49:27.504+0300][18640][17704][debug][gc,phases] GC(10)         Total                          Min: 0, Avg:  0.0, Max: 0, Diff: 0, Sum: 0, Workers: 8
[2025-06-17T22:49:27.504+0300][18640][17704][debug][gc,phases] GC(10)       StringDedup Table Weak         Min:  0.0, Avg:  0.0, Max:  0.0, Diff:  0.0, Sum:  0.0, Workers: 8
[2025-06-17T22:49:27.504+0300][18640][17704][debug][gc,phases] GC(10)         Dead                           Min: 0, Avg:  0.0, Max: 0, Diff: 0, Sum: 0, Workers: 8
[2025-06-17T22:49:27.504+0300][18640][17704][debug][gc,phases] GC(10)         Total                          Min: 0, Avg:  0.0, Max: 0, Diff: 0, Sum: 0, Workers: 8
[2025-06-17T22:49:27.504+0300][18640][17704][debug][gc,phases] GC(10)       StringDedup Requests0 Weak     Min:  0.0, Avg:  0.0, Max:  0.0, Diff:  0.0, Sum:  0.0, Workers: 8
[2025-06-17T22:49:27.504+0300][18640][17704][debug][gc,phases] GC(10)         Dead                           Min: 0, Avg:  0.0, Max: 0, Diff: 0, Sum: 0, Workers: 8
[2025-06-17T22:49:27.504+0300][18640][17704][debug][gc,phases] GC(10)         Total                          Min: 0, Avg:  0.0, Max: 0, Diff: 0, Sum: 0, Workers: 8
[2025-06-17T22:49:27.504+0300][18640][17704][debug][gc,phases] GC(10)       StringDedup Requests1 Weak     Min:  0.0, Avg:  0.0, Max:  0.0, Diff:  0.0, Sum:  0.0, Workers: 8
[2025-06-17T22:49:27.504+0300][18640][17704][debug][gc,phases] GC(10)         Dead                           Min: 0, Avg:  0.0, Max: 0, Diff: 0, Sum: 0, Workers: 8
[2025-06-17T22:49:27.504+0300][18640][17704][debug][gc,phases] GC(10)         Total                          Min: 0, Avg:  0.0, Max: 0, Diff: 0, Sum: 0, Workers: 8
[2025-06-17T22:49:27.504+0300][18640][17704][debug][gc,phases] GC(10)       Weak JFR Old Object Samples    Min:  0.0, Avg:  0.0, Max:  0.0, Diff:  0.0, Sum:  0.0, Workers: 8
[2025-06-17T22:49:27.504+0300][18640][17704][debug][gc,phases] GC(10)         Dead                           Min: 0, Avg:  0.0, Max: 0, Diff: 0, Sum: 0, Workers: 8
[2025-06-17T22:49:27.504+0300][18640][17704][debug][gc,phases] GC(10)         Total                          Min: 0, Avg:  0.0, Max: 0, Diff: 0, Sum: 0, Workers: 8
[2025-06-17T22:49:27.504+0300][18640][17704][debug][gc,phases] GC(10)     Post Evacuate Cleanup 1: 0.3ms
[2025-06-17T22:49:27.504+0300][18640][17704][debug][gc,phases] GC(10)       Merge Per-Thread State (ms):   Min:  0.1, Avg:  0.1, Max:  0.1, Diff:  0.0, Sum:  0.1, Workers: 1
[2025-06-17T22:49:27.504+0300][18640][17704][debug][gc,phases] GC(10)         Copied Bytes                   Min: 0, Avg: 195901.0, Max: 323712, Diff: 323712, Sum: 1567208, Workers: 8
[2025-06-17T22:49:27.504+0300][18640][17704][debug][gc,phases] GC(10)         LAB Waste                      Min: 0, Avg: 309.0, Max: 696, Diff: 696, Sum: 2472, Workers: 8
[2025-06-17T22:49:27.504+0300][18640][17704][debug][gc,phases] GC(10)         LAB Undo Waste                 Min: 0, Avg:  0.0, Max: 0, Diff: 0, Sum: 0, Workers: 8
[2025-06-17T22:49:27.504+0300][18640][17704][debug][gc,phases] GC(10)       Clear Logged Cards (ms):       Min:  0.0, Avg:  0.1, Max:  0.2, Diff:  0.2, Sum:  0.5, Workers: 5
[2025-06-17T22:49:27.504+0300][18640][17704][debug][gc,phases] GC(10)       Recalculate Used Memory (ms):  Min:  0.0, Avg:  0.0, Max:  0.0, Diff:  0.0, Sum:  0.0, Workers: 1
[2025-06-17T22:49:27.504+0300][18640][17704][debug][gc,phases] GC(10)     Post Evacuate Cleanup 2: 0.3ms
[2025-06-17T22:49:27.504+0300][18640][17704][debug][gc,phases] GC(10)       Update Derived Pointers (ms):  Min:  0.0, Avg:  0.0, Max:  0.0, Diff:  0.0, Sum:  0.0, Workers: 1
[2025-06-17T22:49:27.504+0300][18640][17704][debug][gc,phases] GC(10)       Eagerly Reclaim Humongous Objects (ms): Min:  0.0, Avg:  0.0, Max:  0.0, Diff:  0.0, Sum:  0.0, Workers: 1
[2025-06-17T22:49:27.504+0300][18640][17704][debug][gc,phases] GC(10)         Humongous Total                Min: 3, Avg:  3.0, Max: 3, Diff: 0, Sum: 3, Workers: 1
[2025-06-17T22:49:27.504+0300][18640][17704][debug][gc,phases] GC(10)         Humongous Candidates           Min: 3, Avg:  3.0, Max: 3, Diff: 0, Sum: 3, Workers: 1
[2025-06-17T22:49:27.504+0300][18640][17704][debug][gc,phases] GC(10)         Humongous Reclaimed            Min: 0, Avg:  0.0, Max: 0, Diff: 0, Sum: 0, Workers: 1
[2025-06-17T22:49:27.504+0300][18640][17704][debug][gc,phases] GC(10)       Redirty Logged Cards (ms):     Min:  0.0, Avg:  0.0, Max:  0.0, Diff:  0.0, Sum:  0.0, Workers: 8
[2025-06-17T22:49:27.504+0300][18640][17704][debug][gc,phases] GC(10)         Redirtied Cards:               Min: 0, Avg: 29.2, Max: 132, Diff: 132, Sum: 234, Workers: 8
[2025-06-17T22:49:27.504+0300][18640][17704][debug][gc,phases] GC(10)       Resize TLABs (ms):             Min:  0.0, Avg:  0.0, Max:  0.0, Diff:  0.0, Sum:  0.0, Workers: 8
[2025-06-17T22:49:27.504+0300][18640][17704][debug][gc,phases] GC(10)       Free Collection Set (ms):      Min:  0.2, Avg:  0.2, Max:  0.2, Diff:  0.0, Sum:  1.7, Workers: 8
[2025-06-17T22:49:27.504+0300][18640][17704][debug][gc,phases] GC(10)     Rebuild Free List: 0.0ms
[2025-06-17T22:49:27.504+0300][18640][17704][debug][gc,phases] GC(10)     Prepare For Mutator: 0.0ms
[2025-06-17T22:49:27.504+0300][18640][17704][debug][gc,phases] GC(10)     Expand Heap After Collection: 0.0ms
[2025-06-17T22:49:27.504+0300][18640][17704][info ][gc,phases] GC(10)   Other: 0.2ms
[2025-06-17T22:49:27.504+0300][18640][17704][info ][gc,heap  ] GC(10) Eden regions: 1226->0(1226)
[2025-06-17T22:49:27.504+0300][18640][17704][info ][gc,heap  ] GC(10) Survivor regions: 2->2(154)
[2025-06-17T22:49:27.504+0300][18640][17704][info ][gc,heap  ] GC(10) Old regions: 10->10
[2025-06-17T22:49:27.504+0300][18640][17704][info ][gc,heap  ] GC(10) Humongous regions: 9->9
[2025-06-17T22:49:27.504+0300][18640][17704][debug][gc,heap  ] GC(10) Heap after GC invocations=11 (full 1):
[2025-06-17T22:49:27.504+0300][18640][17704][debug][gc,heap  ] GC(10)  garbage-first heap   total 2097152K, used 13762K [0x0000000080000000, 0x0000000100000000)
[2025-06-17T22:49:27.504+0300][18640][17704][debug][gc,heap  ] GC(10)   region size 1024K, 2 young (2048K), 2 survivors (2048K)
[2025-06-17T22:49:27.504+0300][18640][17704][debug][gc,heap  ] GC(10)  Metaspace       used 9002K, committed 9536K, reserved 1114112K
[2025-06-17T22:49:27.504+0300][18640][17704][debug][gc,heap  ] GC(10)   class space    used 978K, committed 1216K, reserved 1048576K
[2025-06-17T22:49:27.504+0300][18640][17704][info ][gc       ] GC(10) Pause Young (Normal) (G1 Evacuation Pause) 1239M->13M(2048M) 4.496ms
[2025-06-17T22:49:27.504+0300][18640][17704][info ][safepoint] Safepoint "G1CollectForAllocation", Time since last: 303502600 ns, Reaching safepoint: 304100 ns, Cleanup: 22700 ns, At safepoint: 4548400 ns, Total: 4875200 ns
[2025-06-17T22:49:27.792+0300][18640][17704][debug][safepoint] Safepoint synchronization initiated using striped semaphore wait barrier. (19 threads)
[2025-06-17T22:49:27.792+0300][18640][18340][debug][safepoint] ... found polling page loop exception at pc = 0x000001d3901cc638, stub =0x000001d38fbb6600
[2025-06-17T22:49:27.792+0300][18640][17180][debug][safepoint] ... found polling page loop exception at pc = 0x000001d3901c0f22, stub =0x000001d38fbb6600
[2025-06-17T22:49:27.792+0300][18640][10428][debug][safepoint] ... found polling page loop exception at pc = 0x000001d3901b37e0, stub =0x000001d38fbb5d80
[2025-06-17T22:49:27.792+0300][18640][19764][debug][safepoint] ... found polling page loop exception at pc = 0x000001d3901b37e0, stub =0x000001d38fbb5d80
[2025-06-17T22:49:27.792+0300][18640][3328 ][debug][safepoint] ... found polling page loop exception at pc = 0x000001d3901b37e0, stub =0x000001d38fbb5d80
[2025-06-17T22:49:27.792+0300][18640][17704][debug][gc,heap  ] GC(11) Heap before GC invocations=11 (full 1):
[2025-06-17T22:49:27.792+0300][18640][17704][debug][gc,heap  ] GC(11)  garbage-first heap   total 2097152K, used 1269186K [0x0000000080000000, 0x0000000100000000)
[2025-06-17T22:49:27.792+0300][18640][17704][debug][gc,heap  ] GC(11)   region size 1024K, 1228 young (1257472K), 2 survivors (2048K)
[2025-06-17T22:49:27.792+0300][18640][17704][debug][gc,heap  ] GC(11)  Metaspace       used 9004K, committed 9536K, reserved 1114112K
[2025-06-17T22:49:27.792+0300][18640][17704][debug][gc,heap  ] GC(11)   class space    used 978K, committed 1216K, reserved 1048576K
[2025-06-17T22:49:27.792+0300][18640][17704][info ][gc,phases] GC(11)   Pre Evacuate Collection Set: 0.3ms
[2025-06-17T22:49:27.792+0300][18640][17704][debug][gc,phases] GC(11)     Pre Evacuate Prepare: 0.0ms
[2025-06-17T22:49:27.792+0300][18640][17704][debug][gc,phases] GC(11)       JT Retire TLABs And Flush Logs (ms): Min:  0.0, Avg:  0.0, Max:  0.0, Diff:  0.0, Sum:  0.0, Workers: 2
[2025-06-17T22:49:27.792+0300][18640][17704][debug][gc,phases] GC(11)       Non-JT Flush Logs (ms):        Min:  0.0, Avg:  0.0, Max:  0.0, Diff:  0.0, Sum:  0.0, Workers: 1
[2025-06-17T22:49:27.792+0300][18640][17704][debug][gc,phases] GC(11)     Choose Collection Set: 0.0ms
[2025-06-17T22:49:27.792+0300][18640][17704][debug][gc,phases] GC(11)     Region Register: 0.2ms
[2025-06-17T22:49:27.792+0300][18640][17704][debug][gc,phases] GC(11)     Prepare Heap Roots: 0.0ms
[2025-06-17T22:49:27.792+0300][18640][17704][info ][gc,phases] GC(11)   Merge Heap Roots: 0.2ms
[2025-06-17T22:49:27.792+0300][18640][17704][debug][gc,phases] GC(11)     Prepare Merge Heap Roots: 0.0ms
[2025-06-17T22:49:27.792+0300][18640][17704][debug][gc,phases] GC(11)     Remembered Sets (ms):          Min:  0.0, Avg:  0.1, Max:  0.1, Diff:  0.1, Sum:  0.7, Workers: 8
[2025-06-17T22:49:27.792+0300][18640][17704][debug][gc,phases] GC(11)       Eager Reclaim (ms):            Min:  0.0, Avg:  0.0, Max:  0.0, Diff:  0.0, Sum:  0.0, Workers: 1
[2025-06-17T22:49:27.792+0300][18640][17704][debug][gc,phases] GC(11)       Merged Inline                  Min: 0, Avg:  0.0, Max: 0, Diff: 0, Sum: 0, Workers: 8
[2025-06-17T22:49:27.792+0300][18640][17704][debug][gc,phases] GC(11)       Merged ArrayOfCards            Min: 0, Avg:  0.0, Max: 0, Diff: 0, Sum: 0, Workers: 8
[2025-06-17T22:49:27.792+0300][18640][17704][debug][gc,phases] GC(11)       Merged Howl                    Min: 0, Avg:  0.0, Max: 0, Diff: 0, Sum: 0, Workers: 8
[2025-06-17T22:49:27.792+0300][18640][17704][debug][gc,phases] GC(11)       Merged Full                    Min: 0, Avg:  0.0, Max: 0, Diff: 0, Sum: 0, Workers: 8
[2025-06-17T22:49:27.792+0300][18640][17704][debug][gc,phases] GC(11)       Merged Howl Inline             Min: 0, Avg:  0.0, Max: 0, Diff: 0, Sum: 0, Workers: 8
[2025-06-17T22:49:27.792+0300][18640][17704][debug][gc,phases] GC(11)       Merged Howl ArrayOfCards       Min: 0, Avg:  0.0, Max: 0, Diff: 0, Sum: 0, Workers: 8
[2025-06-17T22:49:27.792+0300][18640][17704][debug][gc,phases] GC(11)       Merged Howl BitMap             Min: 0, Avg:  0.0, Max: 0, Diff: 0, Sum: 0, Workers: 8
[2025-06-17T22:49:27.792+0300][18640][17704][debug][gc,phases] GC(11)       Merged Howl Full               Min: 0, Avg:  0.0, Max: 0, Diff: 0, Sum: 0, Workers: 8
[2025-06-17T22:49:27.792+0300][18640][17704][debug][gc,phases] GC(11)       Merged Cards                   Min: 8, Avg:  9.0, Max: 16, Diff: 8, Sum: 72, Workers: 8
[2025-06-17T22:49:27.792+0300][18640][17704][debug][gc,phases] GC(11)     Log Buffers (ms):              Min:  0.0, Avg:  0.0, Max:  0.0, Diff:  0.0, Sum:  0.0, Workers: 8
[2025-06-17T22:49:27.792+0300][18640][17704][debug][gc,phases] GC(11)       Dirty Cards:                   Min: 0, Avg: 29.5, Max: 110, Diff: 110, Sum: 236, Workers: 8
[2025-06-17T22:49:27.792+0300][18640][17704][debug][gc,phases] GC(11)       Skipped Cards:                 Min: 0, Avg:  0.0, Max: 0, Diff: 0, Sum: 0, Workers: 8
[2025-06-17T22:49:27.792+0300][18640][17704][info ][gc,phases] GC(11)   Evacuate Collection Set: 0.9ms
[2025-06-17T22:49:27.792+0300][18640][17704][debug][gc,phases] GC(11)     Ext Root Scanning (ms):        Min:  0.0, Avg:  0.1, Max:  0.3, Diff:  0.3, Sum:  0.7, Workers: 8
[2025-06-17T22:49:27.792+0300][18640][17704][debug][gc,phases] GC(11)     Scan Heap Roots (ms):          Min:  0.0, Avg:  0.0, Max:  0.1, Diff:  0.1, Sum:  0.3, Workers: 8
[2025-06-17T22:49:27.792+0300][18640][17704][debug][gc,phases] GC(11)       Scanned Cards:                 Min: 0, Avg: 29.5, Max: 64, Diff: 64, Sum: 236, Workers: 8
[2025-06-17T22:49:27.792+0300][18640][17704][debug][gc,phases] GC(11)       Scanned Blocks:                Min: 0, Avg: 19.2, Max: 45, Diff: 45, Sum: 154, Workers: 8
[2025-06-17T22:49:27.792+0300][18640][17704][debug][gc,phases] GC(11)       Claimed Chunks:                Min: 0, Avg:  7.5, Max: 19, Diff: 19, Sum: 60, Workers: 8
[2025-06-17T22:49:27.792+0300][18640][17704][debug][gc,phases] GC(11)       Found Roots:                   Min: 0, Avg: 154.6, Max: 343, Diff: 343, Sum: 1237, Workers: 8
[2025-06-17T22:49:27.792+0300][18640][17704][debug][gc,phases] GC(11)     Code Root Scan (ms):           Min:  0.1, Avg:  0.2, Max:  0.4, Diff:  0.3, Sum:  1.9, Workers: 8
[2025-06-17T22:49:27.792+0300][18640][17704][debug][gc,phases] GC(11)       Scanned Nmethods               Min: 0, Avg: 52.4, Max: 111, Diff: 111, Sum: 419, Workers: 8
[2025-06-17T22:49:27.792+0300][18640][17704][debug][gc,phases] GC(11)     Object Copy (ms):              Min:  0.0, Avg:  0.3, Max:  0.5, Diff:  0.5, Sum:  2.0, Workers: 8
[2025-06-17T22:49:27.792+0300][18640][17704][debug][gc,phases] GC(11)     Termination (ms):              Min:  0.0, Avg:  0.1, Max:  0.2, Diff:  0.1, Sum:  1.0, Workers: 8
[2025-06-17T22:49:27.792+0300][18640][17704][debug][gc,phases] GC(11)       Termination Attempts:          Min: 1, Avg:  1.0, Max: 1, Diff: 0, Sum: 8, Workers: 8
[2025-06-17T22:49:27.792+0300][18640][17704][debug][gc,phases] GC(11)     GC Worker Other (ms):          Min:  0.1, Avg:  0.1, Max:  0.1, Diff:  0.0, Sum:  0.6, Workers: 8
[2025-06-17T22:49:27.792+0300][18640][17704][debug][gc,phases] GC(11)     GC Worker Total (ms):          Min:  0.2, Avg:  0.8, Max:  0.9, Diff:  0.8, Sum:  6.6, Workers: 8
[2025-06-17T22:49:27.792+0300][18640][17704][info ][gc,phases] GC(11)   Post Evacuate Collection Set: 0.8ms
[2025-06-17T22:49:27.792+0300][18640][17704][debug][gc,phases] GC(11)     NMethod List Cleanup: 0.1ms
[2025-06-17T22:49:27.792+0300][18640][17704][debug][gc,phases] GC(11)     Reference Processing: 0.1ms
[2025-06-17T22:49:27.792+0300][18640][17704][debug][gc,phases] GC(11)     Weak Processing: 0.1ms
[2025-06-17T22:49:27.792+0300][18640][17704][debug][gc,phases] GC(11)       VM Weak                        Min:  0.0, Avg:  0.0, Max:  0.0, Diff:  0.0, Sum:  0.0, Workers: 8
[2025-06-17T22:49:27.792+0300][18640][17704][debug][gc,phases] GC(11)         Dead                           Min: 0, Avg:  0.0, Max: 0, Diff: 0, Sum: 0, Workers: 8
[2025-06-17T22:49:27.792+0300][18640][17704][debug][gc,phases] GC(11)         Total                          Min: 0, Avg: 46.8, Max: 128, Diff: 128, Sum: 374, Workers: 8
[2025-06-17T22:49:27.792+0300][18640][17704][debug][gc,phases] GC(11)       ObjectSynchronizer Weak        Min:  0.0, Avg:  0.0, Max:  0.0, Diff:  0.0, Sum:  0.0, Workers: 8
[2025-06-17T22:49:27.792+0300][18640][17704][debug][gc,phases] GC(11)         Dead                           Min: 0, Avg:  0.0, Max: 0, Diff: 0, Sum: 0, Workers: 8
[2025-06-17T22:49:27.792+0300][18640][17704][debug][gc,phases] GC(11)         Total                          Min: 0, Avg: 17.4, Max: 64, Diff: 64, Sum: 139, Workers: 8
[2025-06-17T22:49:27.792+0300][18640][17704][debug][gc,phases] GC(11)       JVMTI Tag Weak OopStorage      Min:  0.0, Avg:  0.0, Max:  0.0, Diff:  0.0, Sum:  0.0, Workers: 8
[2025-06-17T22:49:27.792+0300][18640][17704][debug][gc,phases] GC(11)         Dead                           Min: 0, Avg:  0.0, Max: 0, Diff: 0, Sum: 0, Workers: 8
[2025-06-17T22:49:27.792+0300][18640][17704][debug][gc,phases] GC(11)         Total                          Min: 0, Avg:  0.0, Max: 0, Diff: 0, Sum: 0, Workers: 8
[2025-06-17T22:49:27.792+0300][18640][17704][debug][gc,phases] GC(11)       StringTable Weak               Min:  0.0, Avg:  0.0, Max:  0.0, Diff:  0.0, Sum:  0.1, Workers: 8
[2025-06-17T22:49:27.792+0300][18640][17704][debug][gc,phases] GC(11)         Dead                           Min: 0, Avg:  0.0, Max: 0, Diff: 0, Sum: 0, Workers: 8
[2025-06-17T22:49:27.792+0300][18640][17704][debug][gc,phases] GC(11)         Total                          Min: 640, Avg: 781.9, Max: 896, Diff: 256, Sum: 6255, Workers: 8
[2025-06-17T22:49:27.792+0300][18640][17704][debug][gc,phases] GC(11)       ResolvedMethodTable Weak       Min:  0.0, Avg:  0.0, Max:  0.0, Diff:  0.0, Sum:  0.0, Workers: 8
[2025-06-17T22:49:27.792+0300][18640][17704][debug][gc,phases] GC(11)         Dead                           Min: 0, Avg:  0.0, Max: 0, Diff: 0, Sum: 0, Workers: 8
[2025-06-17T22:49:27.792+0300][18640][17704][debug][gc,phases] GC(11)         Total                          Min: 64, Avg: 109.2, Max: 234, Diff: 170, Sum: 874, Workers: 8
[2025-06-17T22:49:27.792+0300][18640][17704][debug][gc,phases] GC(11)       JNI Weak                       Min:  0.0, Avg:  0.0, Max:  0.0, Diff:  0.0, Sum:  0.0, Workers: 8
[2025-06-17T22:49:27.792+0300][18640][17704][debug][gc,phases] GC(11)         Dead                           Min: 0, Avg:  0.0, Max: 0, Diff: 0, Sum: 0, Workers: 8
[2025-06-17T22:49:27.792+0300][18640][17704][debug][gc,phases] GC(11)         Total                          Min: 0, Avg:  0.0, Max: 0, Diff: 0, Sum: 0, Workers: 8
[2025-06-17T22:49:27.792+0300][18640][17704][debug][gc,phases] GC(11)       StringDedup Table Weak         Min:  0.0, Avg:  0.0, Max:  0.0, Diff:  0.0, Sum:  0.0, Workers: 8
[2025-06-17T22:49:27.792+0300][18640][17704][debug][gc,phases] GC(11)         Dead                           Min: 0, Avg:  0.0, Max: 0, Diff: 0, Sum: 0, Workers: 8
[2025-06-17T22:49:27.792+0300][18640][17704][debug][gc,phases] GC(11)         Total                          Min: 0, Avg:  0.0, Max: 0, Diff: 0, Sum: 0, Workers: 8
[2025-06-17T22:49:27.792+0300][18640][17704][debug][gc,phases] GC(11)       StringDedup Requests0 Weak     Min:  0.0, Avg:  0.0, Max:  0.0, Diff:  0.0, Sum:  0.0, Workers: 8
[2025-06-17T22:49:27.792+0300][18640][17704][debug][gc,phases] GC(11)         Dead                           Min: 0, Avg:  0.0, Max: 0, Diff: 0, Sum: 0, Workers: 8
[2025-06-17T22:49:27.792+0300][18640][17704][debug][gc,phases] GC(11)         Total                          Min: 0, Avg:  0.0, Max: 0, Diff: 0, Sum: 0, Workers: 8
[2025-06-17T22:49:27.792+0300][18640][17704][debug][gc,phases] GC(11)       StringDedup Requests1 Weak     Min:  0.0, Avg:  0.0, Max:  0.0, Diff:  0.0, Sum:  0.0, Workers: 8
[2025-06-17T22:49:27.792+0300][18640][17704][debug][gc,phases] GC(11)         Dead                           Min: 0, Avg:  0.0, Max: 0, Diff: 0, Sum: 0, Workers: 8
[2025-06-17T22:49:27.792+0300][18640][17704][debug][gc,phases] GC(11)         Total                          Min: 0, Avg:  0.0, Max: 0, Diff: 0, Sum: 0, Workers: 8
[2025-06-17T22:49:27.792+0300][18640][17704][debug][gc,phases] GC(11)       Weak JFR Old Object Samples    Min:  0.0, Avg:  0.0, Max:  0.0, Diff:  0.0, Sum:  0.0, Workers: 8
[2025-06-17T22:49:27.792+0300][18640][17704][debug][gc,phases] GC(11)         Dead                           Min: 0, Avg:  0.0, Max: 0, Diff: 0, Sum: 0, Workers: 8
[2025-06-17T22:49:27.792+0300][18640][17704][debug][gc,phases] GC(11)         Total                          Min: 0, Avg:  0.0, Max: 0, Diff: 0, Sum: 0, Workers: 8
[2025-06-17T22:49:27.792+0300][18640][17704][debug][gc,phases] GC(11)     Post Evacuate Cleanup 1: 0.2ms
[2025-06-17T22:49:27.792+0300][18640][17704][debug][gc,phases] GC(11)       Merge Per-Thread State (ms):   Min:  0.1, Avg:  0.1, Max:  0.1, Diff:  0.0, Sum:  0.1, Workers: 1
[2025-06-17T22:49:27.792+0300][18640][17704][debug][gc,phases] GC(11)         Copied Bytes                   Min: 0, Avg: 200464.0, Max: 382608, Diff: 382608, Sum: 1603712, Workers: 8
[2025-06-17T22:49:27.792+0300][18640][17704][debug][gc,phases] GC(11)         LAB Waste                      Min: 0, Avg: 537.0, Max: 1920, Diff: 1920, Sum: 4296, Workers: 8
[2025-06-17T22:49:27.792+0300][18640][17704][debug][gc,phases] GC(11)         LAB Undo Waste                 Min: 0, Avg:  0.0, Max: 0, Diff: 0, Sum: 0, Workers: 8
[2025-06-17T22:49:27.792+0300][18640][17704][debug][gc,phases] GC(11)       Clear Logged Cards (ms):       Min:  0.0, Avg:  0.1, Max:  0.2, Diff:  0.2, Sum:  0.4, Workers: 5
[2025-06-17T22:49:27.792+0300][18640][17704][debug][gc,phases] GC(11)       Recalculate Used Memory (ms):  Min:  0.0, Avg:  0.0, Max:  0.0, Diff:  0.0, Sum:  0.0, Workers: 1
[2025-06-17T22:49:27.792+0300][18640][17704][debug][gc,phases] GC(11)     Post Evacuate Cleanup 2: 0.3ms
[2025-06-17T22:49:27.792+0300][18640][17704][debug][gc,phases] GC(11)       Update Derived Pointers (ms):  Min:  0.0, Avg:  0.0, Max:  0.0, Diff:  0.0, Sum:  0.0, Workers: 1
[2025-06-17T22:49:27.792+0300][18640][17704][debug][gc,phases] GC(11)       Eagerly Reclaim Humongous Objects (ms): Min:  0.0, Avg:  0.0, Max:  0.0, Diff:  0.0, Sum:  0.0, Workers: 1
[2025-06-17T22:49:27.792+0300][18640][17704][debug][gc,phases] GC(11)         Humongous Total                Min: 3, Avg:  3.0, Max: 3, Diff: 0, Sum: 3, Workers: 1
[2025-06-17T22:49:27.792+0300][18640][17704][debug][gc,phases] GC(11)         Humongous Candidates           Min: 3, Avg:  3.0, Max: 3, Diff: 0, Sum: 3, Workers: 1
[2025-06-17T22:49:27.792+0300][18640][17704][debug][gc,phases] GC(11)         Humongous Reclaimed            Min: 0, Avg:  0.0, Max: 0, Diff: 0, Sum: 0, Workers: 1
[2025-06-17T22:49:27.792+0300][18640][17704][debug][gc,phases] GC(11)       Redirty Logged Cards (ms):     Min:  0.0, Avg:  0.0, Max:  0.0, Diff:  0.0, Sum:  0.0, Workers: 8
[2025-06-17T22:49:27.792+0300][18640][17704][debug][gc,phases] GC(11)         Redirtied Cards:               Min: 0, Avg: 29.2, Max: 98, Diff: 98, Sum: 234, Workers: 8
[2025-06-17T22:49:27.792+0300][18640][17704][debug][gc,phases] GC(11)       Resize TLABs (ms):             Min:  0.0, Avg:  0.0, Max:  0.0, Diff:  0.0, Sum:  0.0, Workers: 8
[2025-06-17T22:49:27.792+0300][18640][17704][debug][gc,phases] GC(11)       Free Collection Set (ms):      Min:  0.2, Avg:  0.2, Max:  0.2, Diff:  0.0, Sum:  1.6, Workers: 8
[2025-06-17T22:49:27.792+0300][18640][17704][debug][gc,phases] GC(11)     Rebuild Free List: 0.1ms
[2025-06-17T22:49:27.792+0300][18640][17704][debug][gc,phases] GC(11)     Prepare For Mutator: 0.0ms
[2025-06-17T22:49:27.792+0300][18640][17704][debug][gc,phases] GC(11)     Expand Heap After Collection: 0.0ms
[2025-06-17T22:49:27.792+0300][18640][17704][info ][gc,phases] GC(11)   Other: 0.1ms
[2025-06-17T22:49:27.792+0300][18640][17704][info ][gc,heap  ] GC(11) Eden regions: 1226->0(1226)
[2025-06-17T22:49:27.792+0300][18640][17704][info ][gc,heap  ] GC(11) Survivor regions: 2->2(154)
[2025-06-17T22:49:27.792+0300][18640][17704][info ][gc,heap  ] GC(11) Old regions: 10->10
[2025-06-17T22:49:27.792+0300][18640][17704][info ][gc,heap  ] GC(11) Humongous regions: 9->9
[2025-06-17T22:49:27.792+0300][18640][17704][debug][gc,heap  ] GC(11) Heap after GC invocations=12 (full 1):
[2025-06-17T22:49:27.792+0300][18640][17704][debug][gc,heap  ] GC(11)  garbage-first heap   total 2097152K, used 13869K [0x0000000080000000, 0x0000000100000000)
[2025-06-17T22:49:27.792+0300][18640][17704][debug][gc,heap  ] GC(11)   region size 1024K, 2 young (2048K), 2 survivors (2048K)
[2025-06-17T22:49:27.792+0300][18640][17704][debug][gc,heap  ] GC(11)  Metaspace       used 9004K, committed 9536K, reserved 1114112K
[2025-06-17T22:49:27.792+0300][18640][17704][debug][gc,heap  ] GC(11)   class space    used 978K, committed 1216K, reserved 1048576K
[2025-06-17T22:49:27.792+0300][18640][17704][info ][gc       ] GC(11) Pause Young (Normal) (G1 Evacuation Pause) 1239M->13M(2048M) 3.791ms
[2025-06-17T22:49:27.792+0300][18640][17704][info ][safepoint] Safepoint "G1CollectForAllocation", Time since last: 282150700 ns, Reaching safepoint: 304900 ns, Cleanup: 9500 ns, At safepoint: 3841100 ns, Total: 4155500 ns
[2025-06-17T22:49:28.087+0300][18640][17704][debug][safepoint] Safepoint synchronization initiated using striped semaphore wait barrier. (19 threads)
[2025-06-17T22:49:28.087+0300][18640][3328 ][debug][safepoint] ... found polling page loop exception at pc = 0x000001d3901b87f0, stub =0x000001d38fbb6600
[2025-06-17T22:49:28.087+0300][18640][18340][debug][safepoint] ... found polling page loop exception at pc = 0x000001d3901b37e0, stub =0x000001d38fbb5d80
[2025-06-17T22:49:28.087+0300][18640][10428][debug][safepoint] ... found polling page loop exception at pc = 0x000001d3901b37e0, stub =0x000001d38fbb5d80
[2025-06-17T22:49:28.087+0300][18640][17180][debug][safepoint] ... found polling page loop exception at pc = 0x000001d3901b37e0, stub =0x000001d38fbb5d80
[2025-06-17T22:49:28.087+0300][18640][5304 ][debug][safepoint] ... found polling page loop exception at pc = 0x000001d3902720c5, stub =0x000001d38fbb6600
[2025-06-17T22:49:28.087+0300][18640][20836][debug][safepoint] ... found polling page loop exception at pc = 0x000001d3901d8b86, stub =0x000001d38fbb6600
[2025-06-17T22:49:28.087+0300][18640][17704][debug][gc,heap  ] GC(12) Heap before GC invocations=12 (full 1):
[2025-06-17T22:49:28.087+0300][18640][17704][debug][gc,heap  ] GC(12)  garbage-first heap   total 2097152K, used 1269293K [0x0000000080000000, 0x0000000100000000)
[2025-06-17T22:49:28.087+0300][18640][17704][debug][gc,heap  ] GC(12)   region size 1024K, 1228 young (1257472K), 2 survivors (2048K)
[2025-06-17T22:49:28.087+0300][18640][17704][debug][gc,heap  ] GC(12)  Metaspace       used 9004K, committed 9536K, reserved 1114112K
[2025-06-17T22:49:28.087+0300][18640][17704][debug][gc,heap  ] GC(12)   class space    used 978K, committed 1216K, reserved 1048576K
[2025-06-17T22:49:28.087+0300][18640][17704][info ][gc,phases] GC(12)   Pre Evacuate Collection Set: 0.3ms
[2025-06-17T22:49:28.087+0300][18640][17704][debug][gc,phases] GC(12)     Pre Evacuate Prepare: 0.0ms
[2025-06-17T22:49:28.087+0300][18640][17704][debug][gc,phases] GC(12)       JT Retire TLABs And Flush Logs (ms): Min:  0.0, Avg:  0.0, Max:  0.0, Diff:  0.0, Sum:  0.0, Workers: 2
[2025-06-17T22:49:28.087+0300][18640][17704][debug][gc,phases] GC(12)       Non-JT Flush Logs (ms):        Min:  0.0, Avg:  0.0, Max:  0.0, Diff:  0.0, Sum:  0.0, Workers: 1
[2025-06-17T22:49:28.087+0300][18640][17704][debug][gc,phases] GC(12)     Choose Collection Set: 0.0ms
[2025-06-17T22:49:28.087+0300][18640][17704][debug][gc,phases] GC(12)     Region Register: 0.2ms
[2025-06-17T22:49:28.087+0300][18640][17704][debug][gc,phases] GC(12)     Prepare Heap Roots: 0.0ms
[2025-06-17T22:49:28.087+0300][18640][17704][info ][gc,phases] GC(12)   Merge Heap Roots: 0.2ms
[2025-06-17T22:49:28.087+0300][18640][17704][debug][gc,phases] GC(12)     Prepare Merge Heap Roots: 0.0ms
[2025-06-17T22:49:28.087+0300][18640][17704][debug][gc,phases] GC(12)     Remembered Sets (ms):          Min:  0.0, Avg:  0.1, Max:  0.1, Diff:  0.1, Sum:  0.7, Workers: 8
[2025-06-17T22:49:28.087+0300][18640][17704][debug][gc,phases] GC(12)       Eager Reclaim (ms):            Min:  0.0, Avg:  0.0, Max:  0.0, Diff:  0.0, Sum:  0.0, Workers: 1
[2025-06-17T22:49:28.087+0300][18640][17704][debug][gc,phases] GC(12)       Merged Inline                  Min: 0, Avg:  0.0, Max: 0, Diff: 0, Sum: 0, Workers: 8
[2025-06-17T22:49:28.087+0300][18640][17704][debug][gc,phases] GC(12)       Merged ArrayOfCards            Min: 0, Avg:  0.0, Max: 0, Diff: 0, Sum: 0, Workers: 8
[2025-06-17T22:49:28.087+0300][18640][17704][debug][gc,phases] GC(12)       Merged Howl                    Min: 0, Avg:  0.0, Max: 0, Diff: 0, Sum: 0, Workers: 8
[2025-06-17T22:49:28.087+0300][18640][17704][debug][gc,phases] GC(12)       Merged Full                    Min: 0, Avg:  0.0, Max: 0, Diff: 0, Sum: 0, Workers: 8
[2025-06-17T22:49:28.087+0300][18640][17704][debug][gc,phases] GC(12)       Merged Howl Inline             Min: 0, Avg:  0.0, Max: 0, Diff: 0, Sum: 0, Workers: 8
[2025-06-17T22:49:28.087+0300][18640][17704][debug][gc,phases] GC(12)       Merged Howl ArrayOfCards       Min: 0, Avg:  0.0, Max: 0, Diff: 0, Sum: 0, Workers: 8
[2025-06-17T22:49:28.087+0300][18640][17704][debug][gc,phases] GC(12)       Merged Howl BitMap             Min: 0, Avg:  0.0, Max: 0, Diff: 0, Sum: 0, Workers: 8
[2025-06-17T22:49:28.087+0300][18640][17704][debug][gc,phases] GC(12)       Merged Howl Full               Min: 0, Avg:  0.0, Max: 0, Diff: 0, Sum: 0, Workers: 8
[2025-06-17T22:49:28.087+0300][18640][17704][debug][gc,phases] GC(12)       Merged Cards                   Min: 8, Avg:  9.0, Max: 16, Diff: 8, Sum: 72, Workers: 8
[2025-06-17T22:49:28.087+0300][18640][17704][debug][gc,phases] GC(12)     Log Buffers (ms):              Min:  0.0, Avg:  0.0, Max:  0.0, Diff:  0.0, Sum:  0.0, Workers: 8
[2025-06-17T22:49:28.087+0300][18640][17704][debug][gc,phases] GC(12)       Dirty Cards:                   Min: 0, Avg: 29.5, Max: 117, Diff: 117, Sum: 236, Workers: 8
[2025-06-17T22:49:28.087+0300][18640][17704][debug][gc,phases] GC(12)       Skipped Cards:                 Min: 0, Avg:  0.0, Max: 0, Diff: 0, Sum: 0, Workers: 8
[2025-06-17T22:49:28.087+0300][18640][17704][info ][gc,phases] GC(12)   Evacuate Collection Set: 1.0ms
[2025-06-17T22:49:28.087+0300][18640][17704][debug][gc,phases] GC(12)     Ext Root Scanning (ms):        Min:  0.0, Avg:  0.1, Max:  0.3, Diff:  0.3, Sum:  0.7, Workers: 8
[2025-06-17T22:49:28.087+0300][18640][17704][debug][gc,phases] GC(12)     Scan Heap Roots (ms):          Min:  0.0, Avg:  0.0, Max:  0.1, Diff:  0.1, Sum:  0.3, Workers: 8
[2025-06-17T22:49:28.087+0300][18640][17704][debug][gc,phases] GC(12)       Scanned Cards:                 Min: 0, Avg: 29.5, Max: 65, Diff: 65, Sum: 236, Workers: 8
[2025-06-17T22:49:28.087+0300][18640][17704][debug][gc,phases] GC(12)       Scanned Blocks:                Min: 0, Avg: 19.2, Max: 48, Diff: 48, Sum: 154, Workers: 8
[2025-06-17T22:49:28.087+0300][18640][17704][debug][gc,phases] GC(12)       Claimed Chunks:                Min: 0, Avg:  7.5, Max: 17, Diff: 17, Sum: 60, Workers: 8
[2025-06-17T22:49:28.087+0300][18640][17704][debug][gc,phases] GC(12)       Found Roots:                   Min: 0, Avg: 154.6, Max: 367, Diff: 367, Sum: 1237, Workers: 8
[2025-06-17T22:49:28.087+0300][18640][17704][debug][gc,phases] GC(12)     Code Root Scan (ms):           Min:  0.1, Avg:  0.2, Max:  0.4, Diff:  0.3, Sum:  2.0, Workers: 8
[2025-06-17T22:49:28.087+0300][18640][17704][debug][gc,phases] GC(12)       Scanned Nmethods               Min: 0, Avg: 53.0, Max: 90, Diff: 90, Sum: 424, Workers: 8
[2025-06-17T22:49:28.087+0300][18640][17704][debug][gc,phases] GC(12)     Object Copy (ms):              Min:  0.0, Avg:  0.2, Max:  0.5, Diff:  0.5, Sum:  2.0, Workers: 8
[2025-06-17T22:49:28.087+0300][18640][17704][debug][gc,phases] GC(12)     Termination (ms):              Min:  0.0, Avg:  0.1, Max:  0.2, Diff:  0.1, Sum:  1.1, Workers: 8
[2025-06-17T22:49:28.087+0300][18640][17704][debug][gc,phases] GC(12)       Termination Attempts:          Min: 1, Avg:  1.0, Max: 1, Diff: 0, Sum: 8, Workers: 8
[2025-06-17T22:49:28.087+0300][18640][17704][debug][gc,phases] GC(12)     GC Worker Other (ms):          Min:  0.1, Avg:  0.1, Max:  0.1, Diff:  0.0, Sum:  0.6, Workers: 8
[2025-06-17T22:49:28.087+0300][18640][17704][debug][gc,phases] GC(12)     GC Worker Total (ms):          Min:  0.2, Avg:  0.8, Max:  0.9, Diff:  0.8, Sum:  6.6, Workers: 8
[2025-06-17T22:49:28.087+0300][18640][17704][info ][gc,phases] GC(12)   Post Evacuate Collection Set: 0.9ms
[2025-06-17T22:49:28.087+0300][18640][17704][debug][gc,phases] GC(12)     NMethod List Cleanup: 0.1ms
[2025-06-17T22:49:28.087+0300][18640][17704][debug][gc,phases] GC(12)     Reference Processing: 0.1ms
[2025-06-17T22:49:28.087+0300][18640][17704][debug][gc,phases] GC(12)     Weak Processing: 0.1ms
[2025-06-17T22:49:28.087+0300][18640][17704][debug][gc,phases] GC(12)       VM Weak                        Min:  0.0, Avg:  0.0, Max:  0.0, Diff:  0.0, Sum:  0.0, Workers: 8
[2025-06-17T22:49:28.087+0300][18640][17704][debug][gc,phases] GC(12)         Dead                           Min: 0, Avg:  0.0, Max: 0, Diff: 0, Sum: 0, Workers: 8
[2025-06-17T22:49:28.087+0300][18640][17704][debug][gc,phases] GC(12)         Total                          Min: 0, Avg: 46.8, Max: 128, Diff: 128, Sum: 374, Workers: 8
[2025-06-17T22:49:28.087+0300][18640][17704][debug][gc,phases] GC(12)       ObjectSynchronizer Weak        Min:  0.0, Avg:  0.0, Max:  0.0, Diff:  0.0, Sum:  0.0, Workers: 8
[2025-06-17T22:49:28.087+0300][18640][17704][debug][gc,phases] GC(12)         Dead                           Min: 0, Avg:  0.0, Max: 0, Diff: 0, Sum: 0, Workers: 8
[2025-06-17T22:49:28.087+0300][18640][17704][debug][gc,phases] GC(12)         Total                          Min: 0, Avg: 17.4, Max: 64, Diff: 64, Sum: 139, Workers: 8
[2025-06-17T22:49:28.087+0300][18640][17704][debug][gc,phases] GC(12)       JVMTI Tag Weak OopStorage      Min:  0.0, Avg:  0.0, Max:  0.0, Diff:  0.0, Sum:  0.0, Workers: 8
[2025-06-17T22:49:28.087+0300][18640][17704][debug][gc,phases] GC(12)         Dead                           Min: 0, Avg:  0.0, Max: 0, Diff: 0, Sum: 0, Workers: 8
[2025-06-17T22:49:28.087+0300][18640][17704][debug][gc,phases] GC(12)         Total                          Min: 0, Avg:  0.0, Max: 0, Diff: 0, Sum: 0, Workers: 8
[2025-06-17T22:49:28.087+0300][18640][17704][debug][gc,phases] GC(12)       StringTable Weak               Min:  0.0, Avg:  0.0, Max:  0.0, Diff:  0.0, Sum:  0.2, Workers: 8
[2025-06-17T22:49:28.087+0300][18640][17704][debug][gc,phases] GC(12)         Dead                           Min: 0, Avg:  0.0, Max: 0, Diff: 0, Sum: 0, Workers: 8
[2025-06-17T22:49:28.087+0300][18640][17704][debug][gc,phases] GC(12)         Total                          Min: 0, Avg: 781.9, Max: 960, Diff: 960, Sum: 6255, Workers: 8
[2025-06-17T22:49:28.087+0300][18640][17704][debug][gc,phases] GC(12)       ResolvedMethodTable Weak       Min:  0.0, Avg:  0.0, Max:  0.0, Diff:  0.0, Sum:  0.0, Workers: 8
[2025-06-17T22:49:28.087+0300][18640][17704][debug][gc,phases] GC(12)         Dead                           Min: 0, Avg:  0.0, Max: 0, Diff: 0, Sum: 0, Workers: 8
[2025-06-17T22:49:28.087+0300][18640][17704][debug][gc,phases] GC(12)         Total                          Min: 0, Avg: 109.2, Max: 234, Diff: 234, Sum: 874, Workers: 8
[2025-06-17T22:49:28.087+0300][18640][17704][debug][gc,phases] GC(12)       JNI Weak                       Min:  0.0, Avg:  0.0, Max:  0.0, Diff:  0.0, Sum:  0.0, Workers: 8
[2025-06-17T22:49:28.087+0300][18640][17704][debug][gc,phases] GC(12)         Dead                           Min: 0, Avg:  0.0, Max: 0, Diff: 0, Sum: 0, Workers: 8
[2025-06-17T22:49:28.087+0300][18640][17704][debug][gc,phases] GC(12)         Total                          Min: 0, Avg:  0.0, Max: 0, Diff: 0, Sum: 0, Workers: 8
[2025-06-17T22:49:28.087+0300][18640][17704][debug][gc,phases] GC(12)       StringDedup Table Weak         Min:  0.0, Avg:  0.0, Max:  0.0, Diff:  0.0, Sum:  0.0, Workers: 8
[2025-06-17T22:49:28.087+0300][18640][17704][debug][gc,phases] GC(12)         Dead                           Min: 0, Avg:  0.0, Max: 0, Diff: 0, Sum: 0, Workers: 8
[2025-06-17T22:49:28.087+0300][18640][17704][debug][gc,phases] GC(12)         Total                          Min: 0, Avg:  0.0, Max: 0, Diff: 0, Sum: 0, Workers: 8
[2025-06-17T22:49:28.087+0300][18640][17704][debug][gc,phases] GC(12)       StringDedup Requests0 Weak     Min:  0.0, Avg:  0.0, Max:  0.0, Diff:  0.0, Sum:  0.0, Workers: 8
[2025-06-17T22:49:28.087+0300][18640][17704][debug][gc,phases] GC(12)         Dead                           Min: 0, Avg:  0.0, Max: 0, Diff: 0, Sum: 0, Workers: 8
[2025-06-17T22:49:28.087+0300][18640][17704][debug][gc,phases] GC(12)         Total                          Min: 0, Avg:  0.0, Max: 0, Diff: 0, Sum: 0, Workers: 8
[2025-06-17T22:49:28.087+0300][18640][17704][debug][gc,phases] GC(12)       StringDedup Requests1 Weak     Min:  0.0, Avg:  0.0, Max:  0.0, Diff:  0.0, Sum:  0.0, Workers: 8
[2025-06-17T22:49:28.087+0300][18640][17704][debug][gc,phases] GC(12)         Dead                           Min: 0, Avg:  0.0, Max: 0, Diff: 0, Sum: 0, Workers: 8
[2025-06-17T22:49:28.087+0300][18640][17704][debug][gc,phases] GC(12)         Total                          Min: 0, Avg:  0.0, Max: 0, Diff: 0, Sum: 0, Workers: 8
[2025-06-17T22:49:28.087+0300][18640][17704][debug][gc,phases] GC(12)       Weak JFR Old Object Samples    Min:  0.0, Avg:  0.0, Max:  0.0, Diff:  0.0, Sum:  0.0, Workers: 8
[2025-06-17T22:49:28.087+0300][18640][17704][debug][gc,phases] GC(12)         Dead                           Min: 0, Avg:  0.0, Max: 0, Diff: 0, Sum: 0, Workers: 8
[2025-06-17T22:49:28.087+0300][18640][17704][debug][gc,phases] GC(12)         Total                          Min: 0, Avg:  0.0, Max: 0, Diff: 0, Sum: 0, Workers: 8
[2025-06-17T22:49:28.087+0300][18640][17704][debug][gc,phases] GC(12)     Post Evacuate Cleanup 1: 0.2ms
[2025-06-17T22:49:28.087+0300][18640][17704][debug][gc,phases] GC(12)       Merge Per-Thread State (ms):   Min:  0.0, Avg:  0.0, Max:  0.0, Diff:  0.0, Sum:  0.0, Workers: 1
[2025-06-17T22:49:28.087+0300][18640][17704][debug][gc,phases] GC(12)         Copied Bytes                   Min: 0, Avg: 198564.0, Max: 333768, Diff: 333768, Sum: 1588512, Workers: 8
[2025-06-17T22:49:28.087+0300][18640][17704][debug][gc,phases] GC(12)         LAB Waste                      Min: 0, Avg: 250.0, Max: 656, Diff: 656, Sum: 2000, Workers: 8
[2025-06-17T22:49:28.087+0300][18640][17704][debug][gc,phases] GC(12)         LAB Undo Waste                 Min: 0, Avg:  0.0, Max: 0, Diff: 0, Sum: 0, Workers: 8
[2025-06-17T22:49:28.087+0300][18640][17704][debug][gc,phases] GC(12)       Clear Logged Cards (ms):       Min:  0.0, Avg:  0.1, Max:  0.2, Diff:  0.2, Sum:  0.5, Workers: 5
[2025-06-17T22:49:28.087+0300][18640][17704][debug][gc,phases] GC(12)       Recalculate Used Memory (ms):  Min:  0.0, Avg:  0.0, Max:  0.0, Diff:  0.0, Sum:  0.0, Workers: 1
[2025-06-17T22:49:28.087+0300][18640][17704][debug][gc,phases] GC(12)     Post Evacuate Cleanup 2: 0.3ms
[2025-06-17T22:49:28.087+0300][18640][17704][debug][gc,phases] GC(12)       Update Derived Pointers (ms):  Min:  0.0, Avg:  0.0, Max:  0.0, Diff:  0.0, Sum:  0.0, Workers: 1
[2025-06-17T22:49:28.087+0300][18640][17704][debug][gc,phases] GC(12)       Eagerly Reclaim Humongous Objects (ms): Min:  0.0, Avg:  0.0, Max:  0.0, Diff:  0.0, Sum:  0.0, Workers: 1
[2025-06-17T22:49:28.087+0300][18640][17704][debug][gc,phases] GC(12)         Humongous Total                Min: 3, Avg:  3.0, Max: 3, Diff: 0, Sum: 3, Workers: 1
[2025-06-17T22:49:28.087+0300][18640][17704][debug][gc,phases] GC(12)         Humongous Candidates           Min: 3, Avg:  3.0, Max: 3, Diff: 0, Sum: 3, Workers: 1
[2025-06-17T22:49:28.087+0300][18640][17704][debug][gc,phases] GC(12)         Humongous Reclaimed            Min: 0, Avg:  0.0, Max: 0, Diff: 0, Sum: 0, Workers: 1
[2025-06-17T22:49:28.087+0300][18640][17704][debug][gc,phases] GC(12)       Redirty Logged Cards (ms):     Min:  0.0, Avg:  0.0, Max:  0.0, Diff:  0.0, Sum:  0.0, Workers: 8
[2025-06-17T22:49:28.087+0300][18640][17704][debug][gc,phases] GC(12)         Redirtied Cards:               Min: 0, Avg: 29.2, Max: 164, Diff: 164, Sum: 234, Workers: 8
[2025-06-17T22:49:28.087+0300][18640][17704][debug][gc,phases] GC(12)       Resize TLABs (ms):             Min:  0.0, Avg:  0.0, Max:  0.0, Diff:  0.0, Sum:  0.0, Workers: 8
[2025-06-17T22:49:28.087+0300][18640][17704][debug][gc,phases] GC(12)       Free Collection Set (ms):      Min:  0.0, Avg:  0.2, Max:  0.2, Diff:  0.2, Sum:  1.6, Workers: 8
[2025-06-17T22:49:28.087+0300][18640][17704][debug][gc,phases] GC(12)     Rebuild Free List: 0.1ms
[2025-06-17T22:49:28.087+0300][18640][17704][debug][gc,phases] GC(12)     Prepare For Mutator: 0.0ms
[2025-06-17T22:49:28.087+0300][18640][17704][debug][gc,phases] GC(12)     Expand Heap After Collection: 0.0ms
[2025-06-17T22:49:28.087+0300][18640][17704][info ][gc,phases] GC(12)   Other: 0.1ms
[2025-06-17T22:49:28.087+0300][18640][17704][info ][gc,heap  ] GC(12) Eden regions: 1226->0(1226)
[2025-06-17T22:49:28.087+0300][18640][17704][info ][gc,heap  ] GC(12) Survivor regions: 2->2(154)
[2025-06-17T22:49:28.087+0300][18640][17704][info ][gc,heap  ] GC(12) Old regions: 10->10
[2025-06-17T22:49:28.087+0300][18640][17704][info ][gc,heap  ] GC(12) Humongous regions: 9->9
[2025-06-17T22:49:28.087+0300][18640][17704][debug][gc,heap  ] GC(12) Heap after GC invocations=13 (full 1):
[2025-06-17T22:49:28.087+0300][18640][17704][debug][gc,heap  ] GC(12)  garbage-first heap   total 2097152K, used 13904K [0x0000000080000000, 0x0000000100000000)
[2025-06-17T22:49:28.087+0300][18640][17704][debug][gc,heap  ] GC(12)   region size 1024K, 2 young (2048K), 2 survivors (2048K)
[2025-06-17T22:49:28.087+0300][18640][17704][debug][gc,heap  ] GC(12)  Metaspace       used 9004K, committed 9536K, reserved 1114112K
[2025-06-17T22:49:28.087+0300][18640][17704][debug][gc,heap  ] GC(12)   class space    used 978K, committed 1216K, reserved 1048576K
[2025-06-17T22:49:28.087+0300][18640][17704][info ][gc       ] GC(12) Pause Young (Normal) (G1 Evacuation Pause) 1239M->13M(2048M) 4.457ms
[2025-06-17T22:49:28.087+0300][18640][17704][info ][safepoint] Safepoint "G1CollectForAllocation", Time since last: 290346000 ns, Reaching safepoint: 295200 ns, Cleanup: 11000 ns, At safepoint: 4519600 ns, Total: 4825800 ns
[2025-06-17T22:49:28.474+0300][18640][17704][debug][safepoint] Safepoint synchronization initiated using striped semaphore wait barrier. (19 threads)
[2025-06-17T22:49:28.474+0300][18640][20836][debug][safepoint] ... found polling page loop exception at pc = 0x000001d3901c0f22, stub =0x000001d38fbb6600
[2025-06-17T22:49:28.474+0300][18640][5304 ][debug][safepoint] ... found polling page loop exception at pc = 0x000001d3902720c5, stub =0x000001d38fbb6600
[2025-06-17T22:49:28.474+0300][18640][18340][debug][safepoint] ... found polling page loop exception at pc = 0x000001d3901b8945, stub =0x000001d38fbb6600
[2025-06-17T22:49:28.474+0300][18640][19764][debug][safepoint] ... found polling page loop exception at pc = 0x000001d3901b37e0, stub =0x000001d38fbb5d80
[2025-06-17T22:49:28.474+0300][18640][3328 ][debug][safepoint] ... found polling page loop exception at pc = 0x000001d3901b37e0, stub =0x000001d38fbb5d80
[2025-06-17T22:49:28.474+0300][18640][17704][debug][gc,heap  ] GC(13) Heap before GC invocations=13 (full 1):
[2025-06-17T22:49:28.474+0300][18640][17704][debug][gc,heap  ] GC(13)  garbage-first heap   total 2097152K, used 1269328K [0x0000000080000000, 0x0000000100000000)
[2025-06-17T22:49:28.474+0300][18640][17704][debug][gc,heap  ] GC(13)   region size 1024K, 1228 young (1257472K), 2 survivors (2048K)
[2025-06-17T22:49:28.474+0300][18640][17704][debug][gc,heap  ] GC(13)  Metaspace       used 9004K, committed 9536K, reserved 1114112K
[2025-06-17T22:49:28.474+0300][18640][17704][debug][gc,heap  ] GC(13)   class space    used 978K, committed 1216K, reserved 1048576K
[2025-06-17T22:49:28.476+0300][18640][17704][info ][gc,phases] GC(13)   Pre Evacuate Collection Set: 0.4ms
[2025-06-17T22:49:28.476+0300][18640][17704][debug][gc,phases] GC(13)     Pre Evacuate Prepare: 0.1ms
[2025-06-17T22:49:28.476+0300][18640][17704][debug][gc,phases] GC(13)       JT Retire TLABs And Flush Logs (ms): Min:  0.0, Avg:  0.0, Max:  0.0, Diff:  0.0, Sum:  0.0, Workers: 2
[2025-06-17T22:49:28.476+0300][18640][17704][debug][gc,phases] GC(13)       Non-JT Flush Logs (ms):        Min:  0.0, Avg:  0.0, Max:  0.0, Diff:  0.0, Sum:  0.0, Workers: 1
[2025-06-17T22:49:28.476+0300][18640][17704][debug][gc,phases] GC(13)     Choose Collection Set: 0.0ms
[2025-06-17T22:49:28.476+0300][18640][17704][debug][gc,phases] GC(13)     Region Register: 0.3ms
[2025-06-17T22:49:28.476+0300][18640][17704][debug][gc,phases] GC(13)     Prepare Heap Roots: 0.0ms
[2025-06-17T22:49:28.476+0300][18640][17704][info ][gc,phases] GC(13)   Merge Heap Roots: 0.2ms
[2025-06-17T22:49:28.476+0300][18640][17704][debug][gc,phases] GC(13)     Prepare Merge Heap Roots: 0.0ms
[2025-06-17T22:49:28.476+0300][18640][17704][debug][gc,phases] GC(13)     Remembered Sets (ms):          Min:  0.0, Avg:  0.1, Max:  0.1, Diff:  0.1, Sum:  0.9, Workers: 8
[2025-06-17T22:49:28.476+0300][18640][17704][debug][gc,phases] GC(13)       Eager Reclaim (ms):            Min:  0.0, Avg:  0.0, Max:  0.0, Diff:  0.0, Sum:  0.0, Workers: 1
[2025-06-17T22:49:28.476+0300][18640][17704][debug][gc,phases] GC(13)       Merged Inline                  Min: 0, Avg:  0.0, Max: 0, Diff: 0, Sum: 0, Workers: 8
[2025-06-17T22:49:28.476+0300][18640][17704][debug][gc,phases] GC(13)       Merged ArrayOfCards            Min: 0, Avg:  0.0, Max: 0, Diff: 0, Sum: 0, Workers: 8
[2025-06-17T22:49:28.476+0300][18640][17704][debug][gc,phases] GC(13)       Merged Howl                    Min: 0, Avg:  0.0, Max: 0, Diff: 0, Sum: 0, Workers: 8
[2025-06-17T22:49:28.476+0300][18640][17704][debug][gc,phases] GC(13)       Merged Full                    Min: 0, Avg:  0.0, Max: 0, Diff: 0, Sum: 0, Workers: 8
[2025-06-17T22:49:28.476+0300][18640][17704][debug][gc,phases] GC(13)       Merged Howl Inline             Min: 0, Avg:  0.0, Max: 0, Diff: 0, Sum: 0, Workers: 8
[2025-06-17T22:49:28.476+0300][18640][17704][debug][gc,phases] GC(13)       Merged Howl ArrayOfCards       Min: 0, Avg:  0.0, Max: 0, Diff: 0, Sum: 0, Workers: 8
[2025-06-17T22:49:28.476+0300][18640][17704][debug][gc,phases] GC(13)       Merged Howl BitMap             Min: 0, Avg:  0.0, Max: 0, Diff: 0, Sum: 0, Workers: 8
[2025-06-17T22:49:28.476+0300][18640][17704][debug][gc,phases] GC(13)       Merged Howl Full               Min: 0, Avg:  0.0, Max: 0, Diff: 0, Sum: 0, Workers: 8
[2025-06-17T22:49:28.476+0300][18640][17704][debug][gc,phases] GC(13)       Merged Cards                   Min: 8, Avg:  9.0, Max: 16, Diff: 8, Sum: 72, Workers: 8
[2025-06-17T22:49:28.476+0300][18640][17704][debug][gc,phases] GC(13)     Log Buffers (ms):              Min:  0.0, Avg:  0.0, Max:  0.0, Diff:  0.0, Sum:  0.0, Workers: 8
[2025-06-17T22:49:28.476+0300][18640][17704][debug][gc,phases] GC(13)       Dirty Cards:                   Min: 0, Avg: 29.5, Max: 105, Diff: 105, Sum: 236, Workers: 8
[2025-06-17T22:49:28.476+0300][18640][17704][debug][gc,phases] GC(13)       Skipped Cards:                 Min: 0, Avg:  0.0, Max: 0, Diff: 0, Sum: 0, Workers: 8
[2025-06-17T22:49:28.476+0300][18640][17704][info ][gc,phases] GC(13)   Evacuate Collection Set: 1.4ms
[2025-06-17T22:49:28.476+0300][18640][17704][debug][gc,phases] GC(13)     Ext Root Scanning (ms):        Min:  0.1, Avg:  0.1, Max:  0.6, Diff:  0.5, Sum:  1.0, Workers: 8
[2025-06-17T22:49:28.476+0300][18640][17704][debug][gc,phases] GC(13)     Scan Heap Roots (ms):          Min:  0.0, Avg:  0.0, Max:  0.1, Diff:  0.1, Sum:  0.4, Workers: 8
[2025-06-17T22:49:28.476+0300][18640][17704][debug][gc,phases] GC(13)       Scanned Cards:                 Min: 0, Avg: 29.5, Max: 48, Diff: 48, Sum: 236, Workers: 8
[2025-06-17T22:49:28.476+0300][18640][17704][debug][gc,phases] GC(13)       Scanned Blocks:                Min: 0, Avg: 19.2, Max: 34, Diff: 34, Sum: 154, Workers: 8
[2025-06-17T22:49:28.476+0300][18640][17704][debug][gc,phases] GC(13)       Claimed Chunks:                Min: 0, Avg:  7.5, Max: 17, Diff: 17, Sum: 60, Workers: 8
[2025-06-17T22:49:28.476+0300][18640][17704][debug][gc,phases] GC(13)       Found Roots:                   Min: 0, Avg: 154.6, Max: 350, Diff: 350, Sum: 1237, Workers: 8
[2025-06-17T22:49:28.476+0300][18640][17704][debug][gc,phases] GC(13)     Code Root Scan (ms):           Min:  0.1, Avg:  0.3, Max:  0.4, Diff:  0.3, Sum:  2.8, Workers: 8
[2025-06-17T22:49:28.476+0300][18640][17704][debug][gc,phases] GC(13)       Scanned Nmethods               Min: 0, Avg: 52.8, Max: 83, Diff: 83, Sum: 422, Workers: 8
[2025-06-17T22:49:28.476+0300][18640][17704][debug][gc,phases] GC(13)     Object Copy (ms):              Min:  0.3, Avg:  0.4, Max:  0.5, Diff:  0.2, Sum:  3.1, Workers: 8
[2025-06-17T22:49:28.476+0300][18640][17704][debug][gc,phases] GC(13)     Termination (ms):              Min:  0.0, Avg:  0.4, Max:  0.4, Diff:  0.4, Sum:  2.8, Workers: 8
[2025-06-17T22:49:28.476+0300][18640][17704][debug][gc,phases] GC(13)       Termination Attempts:          Min: 1, Avg:  2.6, Max: 5, Diff: 4, Sum: 21, Workers: 8
[2025-06-17T22:49:28.476+0300][18640][17704][debug][gc,phases] GC(13)     GC Worker Other (ms):          Min:  0.1, Avg:  0.1, Max:  0.1, Diff:  0.0, Sum:  1.0, Workers: 8
[2025-06-17T22:49:28.476+0300][18640][17704][debug][gc,phases] GC(13)     GC Worker Total (ms):          Min:  1.4, Avg:  1.4, Max:  1.4, Diff:  0.0, Sum: 11.1, Workers: 8
[2025-06-17T22:49:28.476+0300][18640][17704][info ][gc,phases] GC(13)   Post Evacuate Collection Set: 0.8ms
[2025-06-17T22:49:28.476+0300][18640][17704][debug][gc,phases] GC(13)     NMethod List Cleanup: 0.1ms
[2025-06-17T22:49:28.476+0300][18640][17704][debug][gc,phases] GC(13)     Reference Processing: 0.1ms
[2025-06-17T22:49:28.476+0300][18640][17704][debug][gc,phases] GC(13)     Weak Processing: 0.1ms
[2025-06-17T22:49:28.476+0300][18640][17704][debug][gc,phases] GC(13)       VM Weak                        Min:  0.0, Avg:  0.0, Max:  0.0, Diff:  0.0, Sum:  0.0, Workers: 8
[2025-06-17T22:49:28.476+0300][18640][17704][debug][gc,phases] GC(13)         Dead                           Min: 0, Avg:  0.0, Max: 0, Diff: 0, Sum: 0, Workers: 8
[2025-06-17T22:49:28.476+0300][18640][17704][debug][gc,phases] GC(13)         Total                          Min: 0, Avg: 46.8, Max: 128, Diff: 128, Sum: 374, Workers: 8
[2025-06-17T22:49:28.476+0300][18640][17704][debug][gc,phases] GC(13)       ObjectSynchronizer Weak        Min:  0.0, Avg:  0.0, Max:  0.0, Diff:  0.0, Sum:  0.0, Workers: 8
[2025-06-17T22:49:28.476+0300][18640][17704][debug][gc,phases] GC(13)         Dead                           Min: 0, Avg:  0.0, Max: 0, Diff: 0, Sum: 0, Workers: 8
[2025-06-17T22:49:28.476+0300][18640][17704][debug][gc,phases] GC(13)         Total                          Min: 0, Avg: 17.4, Max: 64, Diff: 64, Sum: 139, Workers: 8
[2025-06-17T22:49:28.476+0300][18640][17704][debug][gc,phases] GC(13)       JVMTI Tag Weak OopStorage      Min:  0.0, Avg:  0.0, Max:  0.0, Diff:  0.0, Sum:  0.0, Workers: 8
[2025-06-17T22:49:28.476+0300][18640][17704][debug][gc,phases] GC(13)         Dead                           Min: 0, Avg:  0.0, Max: 0, Diff: 0, Sum: 0, Workers: 8
[2025-06-17T22:49:28.476+0300][18640][17704][debug][gc,phases] GC(13)         Total                          Min: 0, Avg:  0.0, Max: 0, Diff: 0, Sum: 0, Workers: 8
[2025-06-17T22:49:28.476+0300][18640][17704][debug][gc,phases] GC(13)       StringTable Weak               Min:  0.0, Avg:  0.0, Max:  0.0, Diff:  0.0, Sum:  0.2, Workers: 8
[2025-06-17T22:49:28.476+0300][18640][17704][debug][gc,phases] GC(13)         Dead                           Min: 0, Avg:  0.0, Max: 0, Diff: 0, Sum: 0, Workers: 8
[2025-06-17T22:49:28.476+0300][18640][17704][debug][gc,phases] GC(13)         Total                          Min: 512, Avg: 781.9, Max: 896, Diff: 384, Sum: 6255, Workers: 8
[2025-06-17T22:49:28.476+0300][18640][17704][debug][gc,phases] GC(13)       ResolvedMethodTable Weak       Min:  0.0, Avg:  0.0, Max:  0.0, Diff:  0.0, Sum:  0.0, Workers: 8
[2025-06-17T22:49:28.476+0300][18640][17704][debug][gc,phases] GC(13)         Dead                           Min: 0, Avg:  0.0, Max: 0, Diff: 0, Sum: 0, Workers: 8
[2025-06-17T22:49:28.476+0300][18640][17704][debug][gc,phases] GC(13)         Total                          Min: 64, Avg: 109.2, Max: 192, Diff: 128, Sum: 874, Workers: 8
[2025-06-17T22:49:28.476+0300][18640][17704][debug][gc,phases] GC(13)       JNI Weak                       Min:  0.0, Avg:  0.0, Max:  0.0, Diff:  0.0, Sum:  0.0, Workers: 8
[2025-06-17T22:49:28.476+0300][18640][17704][debug][gc,phases] GC(13)         Dead                           Min: 0, Avg:  0.0, Max: 0, Diff: 0, Sum: 0, Workers: 8
[2025-06-17T22:49:28.476+0300][18640][17704][debug][gc,phases] GC(13)         Total                          Min: 0, Avg:  0.0, Max: 0, Diff: 0, Sum: 0, Workers: 8
[2025-06-17T22:49:28.476+0300][18640][17704][debug][gc,phases] GC(13)       StringDedup Table Weak         Min:  0.0, Avg:  0.0, Max:  0.0, Diff:  0.0, Sum:  0.0, Workers: 8
[2025-06-17T22:49:28.476+0300][18640][17704][debug][gc,phases] GC(13)         Dead                           Min: 0, Avg:  0.0, Max: 0, Diff: 0, Sum: 0, Workers: 8
[2025-06-17T22:49:28.476+0300][18640][17704][debug][gc,phases] GC(13)         Total                          Min: 0, Avg:  0.0, Max: 0, Diff: 0, Sum: 0, Workers: 8
[2025-06-17T22:49:28.476+0300][18640][17704][debug][gc,phases] GC(13)       StringDedup Requests0 Weak     Min:  0.0, Avg:  0.0, Max:  0.0, Diff:  0.0, Sum:  0.0, Workers: 8
[2025-06-17T22:49:28.476+0300][18640][17704][debug][gc,phases] GC(13)         Dead                           Min: 0, Avg:  0.0, Max: 0, Diff: 0, Sum: 0, Workers: 8
[2025-06-17T22:49:28.476+0300][18640][17704][debug][gc,phases] GC(13)         Total                          Min: 0, Avg:  0.0, Max: 0, Diff: 0, Sum: 0, Workers: 8
[2025-06-17T22:49:28.476+0300][18640][17704][debug][gc,phases] GC(13)       StringDedup Requests1 Weak     Min:  0.0, Avg:  0.0, Max:  0.0, Diff:  0.0, Sum:  0.0, Workers: 8
[2025-06-17T22:49:28.476+0300][18640][17704][debug][gc,phases] GC(13)         Dead                           Min: 0, Avg:  0.0, Max: 0, Diff: 0, Sum: 0, Workers: 8
[2025-06-17T22:49:28.476+0300][18640][17704][debug][gc,phases] GC(13)         Total                          Min: 0, Avg:  0.0, Max: 0, Diff: 0, Sum: 0, Workers: 8
[2025-06-17T22:49:28.476+0300][18640][17704][debug][gc,phases] GC(13)       Weak JFR Old Object Samples    Min:  0.0, Avg:  0.0, Max:  0.0, Diff:  0.0, Sum:  0.0, Workers: 8
[2025-06-17T22:49:28.476+0300][18640][17704][debug][gc,phases] GC(13)         Dead                           Min: 0, Avg:  0.0, Max: 0, Diff: 0, Sum: 0, Workers: 8
[2025-06-17T22:49:28.476+0300][18640][17704][debug][gc,phases] GC(13)         Total                          Min: 0, Avg:  0.0, Max: 0, Diff: 0, Sum: 0, Workers: 8
[2025-06-17T22:49:28.476+0300][18640][17704][debug][gc,phases] GC(13)     Post Evacuate Cleanup 1: 0.2ms
[2025-06-17T22:49:28.476+0300][18640][17704][debug][gc,phases] GC(13)       Merge Per-Thread State (ms):   Min:  0.1, Avg:  0.1, Max:  0.1, Diff:  0.0, Sum:  0.1, Workers: 1
[2025-06-17T22:49:28.476+0300][18640][17704][debug][gc,phases] GC(13)         Copied Bytes                   Min: 64936, Avg: 197919.0, Max: 342872, Diff: 277936, Sum: 1583352, Workers: 8
[2025-06-17T22:49:28.476+0300][18640][17704][debug][gc,phases] GC(13)         LAB Waste                      Min: 40, Avg: 271.0, Max: 800, Diff: 760, Sum: 2168, Workers: 8
[2025-06-17T22:49:28.476+0300][18640][17704][debug][gc,phases] GC(13)         LAB Undo Waste                 Min: 0, Avg:  0.0, Max: 0, Diff: 0, Sum: 0, Workers: 8
[2025-06-17T22:49:28.476+0300][18640][17704][debug][gc,phases] GC(13)       Clear Logged Cards (ms):       Min:  0.0, Avg:  0.1, Max:  0.2, Diff:  0.2, Sum:  0.4, Workers: 5
[2025-06-17T22:49:28.476+0300][18640][17704][debug][gc,phases] GC(13)       Recalculate Used Memory (ms):  Min:  0.0, Avg:  0.0, Max:  0.0, Diff:  0.0, Sum:  0.0, Workers: 1
[2025-06-17T22:49:28.476+0300][18640][17704][debug][gc,phases] GC(13)     Post Evacuate Cleanup 2: 0.3ms
[2025-06-17T22:49:28.476+0300][18640][17704][debug][gc,phases] GC(13)       Update Derived Pointers (ms):  Min:  0.0, Avg:  0.0, Max:  0.0, Diff:  0.0, Sum:  0.0, Workers: 1
[2025-06-17T22:49:28.476+0300][18640][17704][debug][gc,phases] GC(13)       Eagerly Reclaim Humongous Objects (ms): Min:  0.0, Avg:  0.0, Max:  0.0, Diff:  0.0, Sum:  0.0, Workers: 1
[2025-06-17T22:49:28.476+0300][18640][17704][debug][gc,phases] GC(13)         Humongous Total                Min: 3, Avg:  3.0, Max: 3, Diff: 0, Sum: 3, Workers: 1
[2025-06-17T22:49:28.476+0300][18640][17704][debug][gc,phases] GC(13)         Humongous Candidates           Min: 3, Avg:  3.0, Max: 3, Diff: 0, Sum: 3, Workers: 1
[2025-06-17T22:49:28.476+0300][18640][17704][debug][gc,phases] GC(13)         Humongous Reclaimed            Min: 0, Avg:  0.0, Max: 0, Diff: 0, Sum: 0, Workers: 1
[2025-06-17T22:49:28.476+0300][18640][17704][debug][gc,phases] GC(13)       Redirty Logged Cards (ms):     Min:  0.0, Avg:  0.0, Max:  0.0, Diff:  0.0, Sum:  0.0, Workers: 8
[2025-06-17T22:49:28.476+0300][18640][17704][debug][gc,phases] GC(13)         Redirtied Cards:               Min: 0, Avg: 29.5, Max: 117, Diff: 117, Sum: 236, Workers: 8
[2025-06-17T22:49:28.476+0300][18640][17704][debug][gc,phases] GC(13)       Resize TLABs (ms):             Min:  0.0, Avg:  0.0, Max:  0.0, Diff:  0.0, Sum:  0.0, Workers: 8
[2025-06-17T22:49:28.476+0300][18640][17704][debug][gc,phases] GC(13)       Free Collection Set (ms):      Min:  0.2, Avg:  0.2, Max:  0.3, Diff:  0.0, Sum:  1.9, Workers: 8
[2025-06-17T22:49:28.476+0300][18640][17704][debug][gc,phases] GC(13)     Rebuild Free List: 0.1ms
[2025-06-17T22:49:28.476+0300][18640][17704][debug][gc,phases] GC(13)     Prepare For Mutator: 0.0ms
[2025-06-17T22:49:28.476+0300][18640][17704][debug][gc,phases] GC(13)     Expand Heap After Collection: 0.0ms
[2025-06-17T22:49:28.476+0300][18640][17704][info ][gc,phases] GC(13)   Other: 0.2ms
[2025-06-17T22:49:28.476+0300][18640][17704][info ][gc,heap  ] GC(13) Eden regions: 1226->0(1226)
[2025-06-17T22:49:28.476+0300][18640][17704][info ][gc,heap  ] GC(13) Survivor regions: 2->2(154)
[2025-06-17T22:49:28.476+0300][18640][17704][info ][gc,heap  ] GC(13) Old regions: 10->10
[2025-06-17T22:49:28.476+0300][18640][17704][info ][gc,heap  ] GC(13) Humongous regions: 9->9
[2025-06-17T22:49:28.476+0300][18640][17704][debug][gc,heap  ] GC(13) Heap after GC invocations=14 (full 1):
[2025-06-17T22:49:28.476+0300][18640][17704][debug][gc,heap  ] GC(13)  garbage-first heap   total 2097152K, used 13846K [0x0000000080000000, 0x0000000100000000)
[2025-06-17T22:49:28.476+0300][18640][17704][debug][gc,heap  ] GC(13)   region size 1024K, 2 young (2048K), 2 survivors (2048K)
[2025-06-17T22:49:28.476+0300][18640][17704][debug][gc,heap  ] GC(13)  Metaspace       used 9004K, committed 9536K, reserved 1114112K
[2025-06-17T22:49:28.476+0300][18640][17704][debug][gc,heap  ] GC(13)   class space    used 978K, committed 1216K, reserved 1048576K
[2025-06-17T22:49:28.476+0300][18640][17704][info ][gc       ] GC(13) Pause Young (Normal) (G1 Evacuation Pause) 1239M->13M(2048M) 5.051ms
[2025-06-17T22:49:28.476+0300][18640][17704][info ][safepoint] Safepoint "G1CollectForAllocation", Time since last: 383426600 ns, Reaching safepoint: 342300 ns, Cleanup: 23200 ns, At safepoint: 5112200 ns, Total: 5477700 ns
[2025-06-17T22:49:28.920+0300][18640][17704][debug][safepoint] Safepoint synchronization initiated using striped semaphore wait barrier. (19 threads)
[2025-06-17T22:49:28.920+0300][18640][19764][debug][safepoint] ... found polling page loop exception at pc = 0x000001d3901b37e0, stub =0x000001d38fbb5d80
[2025-06-17T22:49:28.920+0300][18640][3328 ][debug][safepoint] ... found polling page loop exception at pc = 0x000001d3901b37e0, stub =0x000001d38fbb5d80
[2025-06-17T22:49:28.920+0300][18640][10428][debug][safepoint] ... found polling page loop exception at pc = 0x000001d3901b37e0, stub =0x000001d38fbb5d80
[2025-06-17T22:49:28.920+0300][18640][17704][debug][gc,heap  ] GC(14) Heap before GC invocations=14 (full 1):
[2025-06-17T22:49:28.920+0300][18640][17704][debug][gc,heap  ] GC(14)  garbage-first heap   total 2097152K, used 1269270K [0x0000000080000000, 0x0000000100000000)
[2025-06-17T22:49:28.920+0300][18640][17704][debug][gc,heap  ] GC(14)   region size 1024K, 1228 young (1257472K), 2 survivors (2048K)
[2025-06-17T22:49:28.920+0300][18640][17704][debug][gc,heap  ] GC(14)  Metaspace       used 9007K, committed 9536K, reserved 1114112K
[2025-06-17T22:49:28.920+0300][18640][17704][debug][gc,heap  ] GC(14)   class space    used 978K, committed 1216K, reserved 1048576K
[2025-06-17T22:49:28.923+0300][18640][17704][info ][gc,phases] GC(14)   Pre Evacuate Collection Set: 0.4ms
[2025-06-17T22:49:28.923+0300][18640][17704][debug][gc,phases] GC(14)     Pre Evacuate Prepare: 0.1ms
[2025-06-17T22:49:28.923+0300][18640][17704][debug][gc,phases] GC(14)       JT Retire TLABs And Flush Logs (ms): Min:  0.0, Avg:  0.0, Max:  0.0, Diff:  0.0, Sum:  0.0, Workers: 2
[2025-06-17T22:49:28.923+0300][18640][17704][debug][gc,phases] GC(14)       Non-JT Flush Logs (ms):        Min:  0.0, Avg:  0.0, Max:  0.0, Diff:  0.0, Sum:  0.0, Workers: 1
[2025-06-17T22:49:28.923+0300][18640][17704][debug][gc,phases] GC(14)     Choose Collection Set: 0.0ms
[2025-06-17T22:49:28.923+0300][18640][17704][debug][gc,phases] GC(14)     Region Register: 0.3ms
[2025-06-17T22:49:28.923+0300][18640][17704][debug][gc,phases] GC(14)     Prepare Heap Roots: 0.0ms
[2025-06-17T22:49:28.923+0300][18640][17704][info ][gc,phases] GC(14)   Merge Heap Roots: 0.2ms
[2025-06-17T22:49:28.923+0300][18640][17704][debug][gc,phases] GC(14)     Prepare Merge Heap Roots: 0.0ms
[2025-06-17T22:49:28.923+0300][18640][17704][debug][gc,phases] GC(14)     Remembered Sets (ms):          Min:  0.1, Avg:  0.1, Max:  0.2, Diff:  0.0, Sum:  1.1, Workers: 8
[2025-06-17T22:49:28.923+0300][18640][17704][debug][gc,phases] GC(14)       Eager Reclaim (ms):            Min:  0.0, Avg:  0.0, Max:  0.0, Diff:  0.0, Sum:  0.0, Workers: 1
[2025-06-17T22:49:28.923+0300][18640][17704][debug][gc,phases] GC(14)       Merged Inline                  Min: 0, Avg:  0.0, Max: 0, Diff: 0, Sum: 0, Workers: 8
[2025-06-17T22:49:28.923+0300][18640][17704][debug][gc,phases] GC(14)       Merged ArrayOfCards            Min: 0, Avg:  0.0, Max: 0, Diff: 0, Sum: 0, Workers: 8
[2025-06-17T22:49:28.923+0300][18640][17704][debug][gc,phases] GC(14)       Merged Howl                    Min: 0, Avg:  0.0, Max: 0, Diff: 0, Sum: 0, Workers: 8
[2025-06-17T22:49:28.923+0300][18640][17704][debug][gc,phases] GC(14)       Merged Full                    Min: 0, Avg:  0.0, Max: 0, Diff: 0, Sum: 0, Workers: 8
[2025-06-17T22:49:28.923+0300][18640][17704][debug][gc,phases] GC(14)       Merged Howl Inline             Min: 0, Avg:  0.0, Max: 0, Diff: 0, Sum: 0, Workers: 8
[2025-06-17T22:49:28.923+0300][18640][17704][debug][gc,phases] GC(14)       Merged Howl ArrayOfCards       Min: 0, Avg:  0.0, Max: 0, Diff: 0, Sum: 0, Workers: 8
[2025-06-17T22:49:28.923+0300][18640][17704][debug][gc,phases] GC(14)       Merged Howl BitMap             Min: 0, Avg:  0.0, Max: 0, Diff: 0, Sum: 0, Workers: 8
[2025-06-17T22:49:28.923+0300][18640][17704][debug][gc,phases] GC(14)       Merged Howl Full               Min: 0, Avg:  0.0, Max: 0, Diff: 0, Sum: 0, Workers: 8
[2025-06-17T22:49:28.923+0300][18640][17704][debug][gc,phases] GC(14)       Merged Cards                   Min: 8, Avg:  9.0, Max: 16, Diff: 8, Sum: 72, Workers: 8
[2025-06-17T22:49:28.923+0300][18640][17704][debug][gc,phases] GC(14)     Log Buffers (ms):              Min:  0.0, Avg:  0.0, Max:  0.0, Diff:  0.0, Sum:  0.0, Workers: 8
[2025-06-17T22:49:28.923+0300][18640][17704][debug][gc,phases] GC(14)       Dirty Cards:                   Min: 0, Avg: 29.8, Max: 86, Diff: 86, Sum: 238, Workers: 8
[2025-06-17T22:49:28.923+0300][18640][17704][debug][gc,phases] GC(14)       Skipped Cards:                 Min: 0, Avg:  0.0, Max: 0, Diff: 0, Sum: 0, Workers: 8
[2025-06-17T22:49:28.923+0300][18640][17704][info ][gc,phases] GC(14)   Evacuate Collection Set: 1.6ms
[2025-06-17T22:49:28.923+0300][18640][17704][debug][gc,phases] GC(14)     Ext Root Scanning (ms):        Min:  0.0, Avg:  0.1, Max:  0.7, Diff:  0.7, Sum:  1.2, Workers: 8
[2025-06-17T22:49:28.923+0300][18640][17704][debug][gc,phases] GC(14)     Scan Heap Roots (ms):          Min:  0.0, Avg:  0.0, Max:  0.1, Diff:  0.1, Sum:  0.4, Workers: 8
[2025-06-17T22:49:28.923+0300][18640][17704][debug][gc,phases] GC(14)       Scanned Cards:                 Min: 0, Avg: 29.5, Max: 48, Diff: 48, Sum: 236, Workers: 8
[2025-06-17T22:49:28.923+0300][18640][17704][debug][gc,phases] GC(14)       Scanned Blocks:                Min: 0, Avg: 19.2, Max: 37, Diff: 37, Sum: 154, Workers: 8
[2025-06-17T22:49:28.923+0300][18640][17704][debug][gc,phases] GC(14)       Claimed Chunks:                Min: 0, Avg:  7.5, Max: 19, Diff: 19, Sum: 60, Workers: 8
[2025-06-17T22:49:28.923+0300][18640][17704][debug][gc,phases] GC(14)       Found Roots:                   Min: 0, Avg: 154.6, Max: 358, Diff: 358, Sum: 1237, Workers: 8
[2025-06-17T22:49:28.923+0300][18640][17704][debug][gc,phases] GC(14)     Code Root Scan (ms):           Min:  0.1, Avg:  0.4, Max:  0.5, Diff:  0.4, Sum:  2.8, Workers: 8
[2025-06-17T22:49:28.923+0300][18640][17704][debug][gc,phases] GC(14)       Scanned Nmethods               Min: 0, Avg: 53.2, Max: 109, Diff: 109, Sum: 426, Workers: 8
[2025-06-17T22:49:28.923+0300][18640][17704][debug][gc,phases] GC(14)     Object Copy (ms):              Min:  0.0, Avg:  0.4, Max:  0.7, Diff:  0.7, Sum:  3.2, Workers: 8
[2025-06-17T22:49:28.923+0300][18640][17704][debug][gc,phases] GC(14)     Termination (ms):              Min:  0.0, Avg:  0.3, Max:  0.5, Diff:  0.4, Sum:  2.8, Workers: 8
[2025-06-17T22:49:28.923+0300][18640][17704][debug][gc,phases] GC(14)       Termination Attempts:          Min: 1, Avg:  2.8, Max: 5, Diff: 4, Sum: 22, Workers: 8
[2025-06-17T22:49:28.923+0300][18640][17704][debug][gc,phases] GC(14)     GC Worker Other (ms):          Min:  0.1, Avg:  0.1, Max:  0.1, Diff:  0.0, Sum:  0.9, Workers: 8
[2025-06-17T22:49:28.923+0300][18640][17704][debug][gc,phases] GC(14)     GC Worker Total (ms):          Min:  0.5, Avg:  1.4, Max:  1.6, Diff:  1.1, Sum: 11.3, Workers: 8
[2025-06-17T22:49:28.923+0300][18640][17704][info ][gc,phases] GC(14)   Post Evacuate Collection Set: 1.0ms
[2025-06-17T22:49:28.923+0300][18640][17704][debug][gc,phases] GC(14)     NMethod List Cleanup: 0.1ms
[2025-06-17T22:49:28.923+0300][18640][17704][debug][gc,phases] GC(14)     Reference Processing: 0.1ms
[2025-06-17T22:49:28.923+0300][18640][17704][debug][gc,phases] GC(14)     Weak Processing: 0.1ms
[2025-06-17T22:49:28.923+0300][18640][17704][debug][gc,phases] GC(14)       VM Weak                        Min:  0.0, Avg:  0.0, Max:  0.0, Diff:  0.0, Sum:  0.0, Workers: 8
[2025-06-17T22:49:28.923+0300][18640][17704][debug][gc,phases] GC(14)         Dead                           Min: 0, Avg:  0.0, Max: 0, Diff: 0, Sum: 0, Workers: 8
[2025-06-17T22:49:28.923+0300][18640][17704][debug][gc,phases] GC(14)         Total                          Min: 0, Avg: 46.8, Max: 128, Diff: 128, Sum: 374, Workers: 8
[2025-06-17T22:49:28.923+0300][18640][17704][debug][gc,phases] GC(14)       ObjectSynchronizer Weak        Min:  0.0, Avg:  0.0, Max:  0.0, Diff:  0.0, Sum:  0.0, Workers: 8
[2025-06-17T22:49:28.923+0300][18640][17704][debug][gc,phases] GC(14)         Dead                           Min: 0, Avg:  0.0, Max: 0, Diff: 0, Sum: 0, Workers: 8
[2025-06-17T22:49:28.923+0300][18640][17704][debug][gc,phases] GC(14)         Total                          Min: 0, Avg: 17.4, Max: 64, Diff: 64, Sum: 139, Workers: 8
[2025-06-17T22:49:28.923+0300][18640][17704][debug][gc,phases] GC(14)       JVMTI Tag Weak OopStorage      Min:  0.0, Avg:  0.0, Max:  0.0, Diff:  0.0, Sum:  0.0, Workers: 8
[2025-06-17T22:49:28.923+0300][18640][17704][debug][gc,phases] GC(14)         Dead                           Min: 0, Avg:  0.0, Max: 0, Diff: 0, Sum: 0, Workers: 8
[2025-06-17T22:49:28.923+0300][18640][17704][debug][gc,phases] GC(14)         Total                          Min: 0, Avg:  0.0, Max: 0, Diff: 0, Sum: 0, Workers: 8
[2025-06-17T22:49:28.923+0300][18640][17704][debug][gc,phases] GC(14)       StringTable Weak               Min:  0.0, Avg:  0.0, Max:  0.0, Diff:  0.0, Sum:  0.2, Workers: 8
[2025-06-17T22:49:28.923+0300][18640][17704][debug][gc,phases] GC(14)         Dead                           Min: 0, Avg:  0.0, Max: 0, Diff: 0, Sum: 0, Workers: 8
[2025-06-17T22:49:28.923+0300][18640][17704][debug][gc,phases] GC(14)         Total                          Min: 0, Avg: 781.9, Max: 960, Diff: 960, Sum: 6255, Workers: 8
[2025-06-17T22:49:28.923+0300][18640][17704][debug][gc,phases] GC(14)       ResolvedMethodTable Weak       Min:  0.0, Avg:  0.0, Max:  0.0, Diff:  0.0, Sum:  0.0, Workers: 8
[2025-06-17T22:49:28.923+0300][18640][17704][debug][gc,phases] GC(14)         Dead                           Min: 0, Avg:  0.0, Max: 0, Diff: 0, Sum: 0, Workers: 8
[2025-06-17T22:49:28.923+0300][18640][17704][debug][gc,phases] GC(14)         Total                          Min: 0, Avg: 109.2, Max: 192, Diff: 192, Sum: 874, Workers: 8
[2025-06-17T22:49:28.923+0300][18640][17704][debug][gc,phases] GC(14)       JNI Weak                       Min:  0.0, Avg:  0.0, Max:  0.0, Diff:  0.0, Sum:  0.0, Workers: 8
[2025-06-17T22:49:28.923+0300][18640][17704][debug][gc,phases] GC(14)         Dead                           Min: 0, Avg:  0.0, Max: 0, Diff: 0, Sum: 0, Workers: 8
[2025-06-17T22:49:28.923+0300][18640][17704][debug][gc,phases] GC(14)         Total                          Min: 0, Avg:  0.0, Max: 0, Diff: 0, Sum: 0, Workers: 8
[2025-06-17T22:49:28.923+0300][18640][17704][debug][gc,phases] GC(14)       StringDedup Table Weak         Min:  0.0, Avg:  0.0, Max:  0.0, Diff:  0.0, Sum:  0.0, Workers: 8
[2025-06-17T22:49:28.923+0300][18640][17704][debug][gc,phases] GC(14)         Dead                           Min: 0, Avg:  0.0, Max: 0, Diff: 0, Sum: 0, Workers: 8
[2025-06-17T22:49:28.923+0300][18640][17704][debug][gc,phases] GC(14)         Total                          Min: 0, Avg:  0.0, Max: 0, Diff: 0, Sum: 0, Workers: 8
[2025-06-17T22:49:28.923+0300][18640][17704][debug][gc,phases] GC(14)       StringDedup Requests0 Weak     Min:  0.0, Avg:  0.0, Max:  0.0, Diff:  0.0, Sum:  0.0, Workers: 8
[2025-06-17T22:49:28.923+0300][18640][17704][debug][gc,phases] GC(14)         Dead                           Min: 0, Avg:  0.0, Max: 0, Diff: 0, Sum: 0, Workers: 8
[2025-06-17T22:49:28.923+0300][18640][17704][debug][gc,phases] GC(14)         Total                          Min: 0, Avg:  0.0, Max: 0, Diff: 0, Sum: 0, Workers: 8
[2025-06-17T22:49:28.923+0300][18640][17704][debug][gc,phases] GC(14)       StringDedup Requests1 Weak     Min:  0.0, Avg:  0.0, Max:  0.0, Diff:  0.0, Sum:  0.0, Workers: 8
[2025-06-17T22:49:28.923+0300][18640][17704][debug][gc,phases] GC(14)         Dead                           Min: 0, Avg:  0.0, Max: 0, Diff: 0, Sum: 0, Workers: 8
[2025-06-17T22:49:28.926+0300][18640][17704][debug][gc,phases] GC(14)         Total                          Min: 0, Avg:  0.0, Max: 0, Diff: 0, Sum: 0, Workers: 8
[2025-06-17T22:49:28.926+0300][18640][17704][debug][gc,phases] GC(14)       Weak JFR Old Object Samples    Min:  0.0, Avg:  0.0, Max:  0.0, Diff:  0.0, Sum:  0.0, Workers: 8
[2025-06-17T22:49:28.926+0300][18640][17704][debug][gc,phases] GC(14)         Dead                           Min: 0, Avg:  0.0, Max: 0, Diff: 0, Sum: 0, Workers: 8
[2025-06-17T22:49:28.926+0300][18640][17704][debug][gc,phases] GC(14)         Total                          Min: 0, Avg:  0.0, Max: 0, Diff: 0, Sum: 0, Workers: 8
[2025-06-17T22:49:28.926+0300][18640][17704][debug][gc,phases] GC(14)     Post Evacuate Cleanup 1: 0.2ms
[2025-06-17T22:49:28.926+0300][18640][17704][debug][gc,phases] GC(14)       Merge Per-Thread State (ms):   Min:  0.1, Avg:  0.1, Max:  0.1, Diff:  0.0, Sum:  0.1, Workers: 1
[2025-06-17T22:49:28.926+0300][18640][17704][debug][gc,phases] GC(14)         Copied Bytes                   Min: 0, Avg: 195857.0, Max: 325448, Diff: 325448, Sum: 1566856, Workers: 8
[2025-06-17T22:49:28.926+0300][18640][17704][debug][gc,phases] GC(14)         LAB Waste                      Min: 0, Avg: 246.0, Max: 840, Diff: 840, Sum: 1968, Workers: 8
[2025-06-17T22:49:28.926+0300][18640][17704][debug][gc,phases] GC(14)         LAB Undo Waste                 Min: 0, Avg:  0.0, Max: 0, Diff: 0, Sum: 0, Workers: 8
[2025-06-17T22:49:28.926+0300][18640][17704][debug][gc,phases] GC(14)       Clear Logged Cards (ms):       Min:  0.0, Avg:  0.1, Max:  0.2, Diff:  0.2, Sum:  0.3, Workers: 5
[2025-06-17T22:49:28.926+0300][18640][17704][debug][gc,phases] GC(14)       Recalculate Used Memory (ms):  Min:  0.0, Avg:  0.0, Max:  0.0, Diff:  0.0, Sum:  0.0, Workers: 1
[2025-06-17T22:49:28.926+0300][18640][17704][debug][gc,phases] GC(14)     Post Evacuate Cleanup 2: 0.4ms
[2025-06-17T22:49:28.926+0300][18640][17704][debug][gc,phases] GC(14)       Update Derived Pointers (ms):  Min:  0.0, Avg:  0.0, Max:  0.0, Diff:  0.0, Sum:  0.0, Workers: 1
[2025-06-17T22:49:28.926+0300][18640][17704][debug][gc,phases] GC(14)       Eagerly Reclaim Humongous Objects (ms): Min:  0.0, Avg:  0.0, Max:  0.0, Diff:  0.0, Sum:  0.0, Workers: 1
[2025-06-17T22:49:28.926+0300][18640][17704][debug][gc,phases] GC(14)         Humongous Total                Min: 3, Avg:  3.0, Max: 3, Diff: 0, Sum: 3, Workers: 1
[2025-06-17T22:49:28.926+0300][18640][17704][debug][gc,phases] GC(14)         Humongous Candidates           Min: 3, Avg:  3.0, Max: 3, Diff: 0, Sum: 3, Workers: 1
[2025-06-17T22:49:28.926+0300][18640][17704][debug][gc,phases] GC(14)         Humongous Reclaimed            Min: 0, Avg:  0.0, Max: 0, Diff: 0, Sum: 0, Workers: 1
[2025-06-17T22:49:28.926+0300][18640][17704][debug][gc,phases] GC(14)       Redirty Logged Cards (ms):     Min:  0.0, Avg:  0.0, Max:  0.0, Diff:  0.0, Sum:  0.0, Workers: 8
[2025-06-17T22:49:28.926+0300][18640][17704][debug][gc,phases] GC(14)         Redirtied Cards:               Min: 0, Avg: 29.4, Max: 146, Diff: 146, Sum: 235, Workers: 8
[2025-06-17T22:49:28.926+0300][18640][17704][debug][gc,phases] GC(14)       Resize TLABs (ms):             Min:  0.0, Avg:  0.0, Max:  0.0, Diff:  0.0, Sum:  0.0, Workers: 8
[2025-06-17T22:49:28.926+0300][18640][17704][debug][gc,phases] GC(14)       Free Collection Set (ms):      Min:  0.0, Avg:  0.2, Max:  0.3, Diff:  0.3, Sum:  2.0, Workers: 8
[2025-06-17T22:49:28.926+0300][18640][17704][debug][gc,phases] GC(14)     Rebuild Free List: 0.1ms
[2025-06-17T22:49:28.926+0300][18640][17704][debug][gc,phases] GC(14)     Prepare For Mutator: 0.0ms
[2025-06-17T22:49:28.926+0300][18640][17704][debug][gc,phases] GC(14)     Expand Heap After Collection: 0.0ms
[2025-06-17T22:49:28.926+0300][18640][17704][info ][gc,phases] GC(14)   Other: 0.1ms
[2025-06-17T22:49:28.926+0300][18640][17704][info ][gc,heap  ] GC(14) Eden regions: 1226->0(1226)
[2025-06-17T22:49:28.926+0300][18640][17704][info ][gc,heap  ] GC(14) Survivor regions: 2->2(154)
[2025-06-17T22:49:28.926+0300][18640][17704][info ][gc,heap  ] GC(14) Old regions: 10->10
[2025-06-17T22:49:28.926+0300][18640][17704][info ][gc,heap  ] GC(14) Humongous regions: 9->9
[2025-06-17T22:49:28.926+0300][18640][17704][debug][gc,heap  ] GC(14) Heap after GC invocations=15 (full 1):
[2025-06-17T22:49:28.926+0300][18640][17704][debug][gc,heap  ] GC(14)  garbage-first heap   total 2097152K, used 13848K [0x0000000080000000, 0x0000000100000000)
[2025-06-17T22:49:28.926+0300][18640][17704][debug][gc,heap  ] GC(14)   region size 1024K, 2 young (2048K), 2 survivors (2048K)
[2025-06-17T22:49:28.926+0300][18640][17704][debug][gc,heap  ] GC(14)  Metaspace       used 9007K, committed 9536K, reserved 1114112K
[2025-06-17T22:49:28.926+0300][18640][17704][debug][gc,heap  ] GC(14)   class space    used 978K, committed 1216K, reserved 1048576K
[2025-06-17T22:49:28.926+0300][18640][17704][info ][gc       ] GC(14) Pause Young (Normal) (G1 Evacuation Pause) 1239M->13M(2048M) 5.485ms
[2025-06-17T22:49:28.926+0300][18640][17704][info ][safepoint] Safepoint "G1CollectForAllocation", Time since last: 439719700 ns, Reaching safepoint: 272500 ns, Cleanup: 8300 ns, At safepoint: 5564000 ns, Total: 5844800 ns
[2025-06-17T22:49:29.382+0300][18640][17704][debug][safepoint] Safepoint synchronization initiated using striped semaphore wait barrier. (19 threads)
[2025-06-17T22:49:29.382+0300][18640][3328 ][debug][safepoint] ... found polling page loop exception at pc = 0x000001d39020d6f1, stub =0x000001d38fbb6600
[2025-06-17T22:49:29.382+0300][18640][5304 ][debug][safepoint] ... found polling page loop exception at pc = 0x000001d3901b37e0, stub =0x000001d38fbb5d80
[2025-06-17T22:49:29.382+0300][18640][19764][debug][safepoint] ... found polling page loop exception at pc = 0x000001d3902815a8, stub =0x000001d38fbb6600
[2025-06-17T22:49:29.382+0300][18640][18340][debug][safepoint] ... found polling page loop exception at pc = 0x000001d3901b37e0, stub =0x000001d38fbb5d80
[2025-06-17T22:49:29.382+0300][18640][17704][debug][gc,heap  ] GC(15) Heap before GC invocations=15 (full 1):
[2025-06-17T22:49:29.382+0300][18640][17704][debug][gc,heap  ] GC(15)  garbage-first heap   total 2097152K, used 1269272K [0x0000000080000000, 0x0000000100000000)
[2025-06-17T22:49:29.382+0300][18640][17704][debug][gc,heap  ] GC(15)   region size 1024K, 1228 young (1257472K), 2 survivors (2048K)
[2025-06-17T22:49:29.382+0300][18640][17704][debug][gc,heap  ] GC(15)  Metaspace       used 9007K, committed 9536K, reserved 1114112K
[2025-06-17T22:49:29.382+0300][18640][17704][debug][gc,heap  ] GC(15)   class space    used 978K, committed 1216K, reserved 1048576K
[2025-06-17T22:49:29.384+0300][18640][17704][info ][gc,phases] GC(15)   Pre Evacuate Collection Set: 0.4ms
[2025-06-17T22:49:29.384+0300][18640][17704][debug][gc,phases] GC(15)     Pre Evacuate Prepare: 0.1ms
[2025-06-17T22:49:29.384+0300][18640][17704][debug][gc,phases] GC(15)       JT Retire TLABs And Flush Logs (ms): Min:  0.0, Avg:  0.0, Max:  0.0, Diff:  0.0, Sum:  0.0, Workers: 2
[2025-06-17T22:49:29.384+0300][18640][17704][debug][gc,phases] GC(15)       Non-JT Flush Logs (ms):        Min:  0.0, Avg:  0.0, Max:  0.0, Diff:  0.0, Sum:  0.0, Workers: 1
[2025-06-17T22:49:29.384+0300][18640][17704][debug][gc,phases] GC(15)     Choose Collection Set: 0.0ms
[2025-06-17T22:49:29.384+0300][18640][17704][debug][gc,phases] GC(15)     Region Register: 0.4ms
[2025-06-17T22:49:29.384+0300][18640][17704][debug][gc,phases] GC(15)     Prepare Heap Roots: 0.0ms
[2025-06-17T22:49:29.384+0300][18640][17704][info ][gc,phases] GC(15)   Merge Heap Roots: 0.4ms
[2025-06-17T22:49:29.384+0300][18640][17704][debug][gc,phases] GC(15)     Prepare Merge Heap Roots: 0.0ms
[2025-06-17T22:49:29.384+0300][18640][17704][debug][gc,phases] GC(15)     Remembered Sets (ms):          Min:  0.0, Avg:  0.1, Max:  0.2, Diff:  0.2, Sum:  0.9, Workers: 8
[2025-06-17T22:49:29.384+0300][18640][17704][debug][gc,phases] GC(15)       Eager Reclaim (ms):            Min:  0.0, Avg:  0.0, Max:  0.0, Diff:  0.0, Sum:  0.0, Workers: 1
[2025-06-17T22:49:29.384+0300][18640][17704][debug][gc,phases] GC(15)       Merged Inline                  Min: 0, Avg:  0.0, Max: 0, Diff: 0, Sum: 0, Workers: 8
[2025-06-17T22:49:29.384+0300][18640][17704][debug][gc,phases] GC(15)       Merged ArrayOfCards            Min: 0, Avg:  0.0, Max: 0, Diff: 0, Sum: 0, Workers: 8
[2025-06-17T22:49:29.384+0300][18640][17704][debug][gc,phases] GC(15)       Merged Howl                    Min: 0, Avg:  0.0, Max: 0, Diff: 0, Sum: 0, Workers: 8
[2025-06-17T22:49:29.384+0300][18640][17704][debug][gc,phases] GC(15)       Merged Full                    Min: 0, Avg:  0.0, Max: 0, Diff: 0, Sum: 0, Workers: 8
[2025-06-17T22:49:29.384+0300][18640][17704][debug][gc,phases] GC(15)       Merged Howl Inline             Min: 0, Avg:  0.0, Max: 0, Diff: 0, Sum: 0, Workers: 8
[2025-06-17T22:49:29.384+0300][18640][17704][debug][gc,phases] GC(15)       Merged Howl ArrayOfCards       Min: 0, Avg:  0.0, Max: 0, Diff: 0, Sum: 0, Workers: 8
[2025-06-17T22:49:29.384+0300][18640][17704][debug][gc,phases] GC(15)       Merged Howl BitMap             Min: 0, Avg:  0.0, Max: 0, Diff: 0, Sum: 0, Workers: 8
[2025-06-17T22:49:29.384+0300][18640][17704][debug][gc,phases] GC(15)       Merged Howl Full               Min: 0, Avg:  0.0, Max: 0, Diff: 0, Sum: 0, Workers: 8
[2025-06-17T22:49:29.384+0300][18640][17704][debug][gc,phases] GC(15)       Merged Cards                   Min: 8, Avg:  9.0, Max: 16, Diff: 8, Sum: 72, Workers: 8
[2025-06-17T22:49:29.384+0300][18640][17704][debug][gc,phases] GC(15)     Log Buffers (ms):              Min:  0.0, Avg:  0.0, Max:  0.0, Diff:  0.0, Sum:  0.0, Workers: 8
[2025-06-17T22:49:29.384+0300][18640][17704][debug][gc,phases] GC(15)       Dirty Cards:                   Min: 0, Avg: 29.6, Max: 113, Diff: 113, Sum: 237, Workers: 8
[2025-06-17T22:49:29.384+0300][18640][17704][debug][gc,phases] GC(15)       Skipped Cards:                 Min: 0, Avg:  0.0, Max: 0, Diff: 0, Sum: 0, Workers: 8
[2025-06-17T22:49:29.384+0300][18640][17704][info ][gc,phases] GC(15)   Evacuate Collection Set: 1.5ms
[2025-06-17T22:49:29.384+0300][18640][17704][debug][gc,phases] GC(15)     Ext Root Scanning (ms):        Min:  0.0, Avg:  0.1, Max:  0.5, Diff:  0.5, Sum:  1.1, Workers: 8
[2025-06-17T22:49:29.384+0300][18640][17704][debug][gc,phases] GC(15)     Scan Heap Roots (ms):          Min:  0.0, Avg:  0.1, Max:  0.1, Diff:  0.1, Sum:  0.4, Workers: 8
[2025-06-17T22:49:29.384+0300][18640][17704][debug][gc,phases] GC(15)       Scanned Cards:                 Min: 0, Avg: 29.5, Max: 53, Diff: 53, Sum: 236, Workers: 8
[2025-06-17T22:49:29.384+0300][18640][17704][debug][gc,phases] GC(15)       Scanned Blocks:                Min: 0, Avg: 19.2, Max: 40, Diff: 40, Sum: 154, Workers: 8
[2025-06-17T22:49:29.384+0300][18640][17704][debug][gc,phases] GC(15)       Claimed Chunks:                Min: 0, Avg:  7.5, Max: 14, Diff: 14, Sum: 60, Workers: 8
[2025-06-17T22:49:29.384+0300][18640][17704][debug][gc,phases] GC(15)       Found Roots:                   Min: 0, Avg: 154.6, Max: 418, Diff: 418, Sum: 1237, Workers: 8
[2025-06-17T22:49:29.384+0300][18640][17704][debug][gc,phases] GC(15)     Code Root Scan (ms):           Min:  0.1, Avg:  0.4, Max:  0.7, Diff:  0.6, Sum:  3.2, Workers: 8
[2025-06-17T22:49:29.384+0300][18640][17704][debug][gc,phases] GC(15)       Scanned Nmethods               Min: 0, Avg: 53.2, Max: 97, Diff: 97, Sum: 426, Workers: 8
[2025-06-17T22:49:29.384+0300][18640][17704][debug][gc,phases] GC(15)     Object Copy (ms):              Min:  0.1, Avg:  0.4, Max:  0.7, Diff:  0.6, Sum:  3.2, Workers: 8
[2025-06-17T22:49:29.384+0300][18640][17704][debug][gc,phases] GC(15)     Termination (ms):              Min:  0.1, Avg:  0.3, Max:  0.3, Diff:  0.3, Sum:  2.3, Workers: 8
[2025-06-17T22:49:29.384+0300][18640][17704][debug][gc,phases] GC(15)       Termination Attempts:          Min: 1, Avg:  1.0, Max: 1, Diff: 0, Sum: 8, Workers: 8
[2025-06-17T22:49:29.384+0300][18640][17704][debug][gc,phases] GC(15)     GC Worker Other (ms):          Min:  0.1, Avg:  0.1, Max:  0.2, Diff:  0.1, Sum:  1.1, Workers: 8
[2025-06-17T22:49:29.384+0300][18640][17704][debug][gc,phases] GC(15)     GC Worker Total (ms):          Min:  1.2, Avg:  1.4, Max:  1.4, Diff:  0.2, Sum: 11.1, Workers: 8
[2025-06-17T22:49:29.384+0300][18640][17704][info ][gc,phases] GC(15)   Post Evacuate Collection Set: 0.9ms
[2025-06-17T22:49:29.384+0300][18640][17704][debug][gc,phases] GC(15)     NMethod List Cleanup: 0.1ms
[2025-06-17T22:49:29.384+0300][18640][17704][debug][gc,phases] GC(15)     Reference Processing: 0.1ms
[2025-06-17T22:49:29.384+0300][18640][17704][debug][gc,phases] GC(15)     Weak Processing: 0.1ms
[2025-06-17T22:49:29.384+0300][18640][17704][debug][gc,phases] GC(15)       VM Weak                        Min:  0.0, Avg:  0.0, Max:  0.0, Diff:  0.0, Sum:  0.0, Workers: 8
[2025-06-17T22:49:29.384+0300][18640][17704][debug][gc,phases] GC(15)         Dead                           Min: 0, Avg:  0.0, Max: 0, Diff: 0, Sum: 0, Workers: 8
[2025-06-17T22:49:29.384+0300][18640][17704][debug][gc,phases] GC(15)         Total                          Min: 0, Avg: 46.8, Max: 128, Diff: 128, Sum: 374, Workers: 8
[2025-06-17T22:49:29.384+0300][18640][17704][debug][gc,phases] GC(15)       ObjectSynchronizer Weak        Min:  0.0, Avg:  0.0, Max:  0.0, Diff:  0.0, Sum:  0.0, Workers: 8
[2025-06-17T22:49:29.384+0300][18640][17704][debug][gc,phases] GC(15)         Dead                           Min: 0, Avg:  0.0, Max: 0, Diff: 0, Sum: 0, Workers: 8
[2025-06-17T22:49:29.384+0300][18640][17704][debug][gc,phases] GC(15)         Total                          Min: 0, Avg: 17.4, Max: 64, Diff: 64, Sum: 139, Workers: 8
[2025-06-17T22:49:29.384+0300][18640][17704][debug][gc,phases] GC(15)       JVMTI Tag Weak OopStorage      Min:  0.0, Avg:  0.0, Max:  0.0, Diff:  0.0, Sum:  0.0, Workers: 8
[2025-06-17T22:49:29.384+0300][18640][17704][debug][gc,phases] GC(15)         Dead                           Min: 0, Avg:  0.0, Max: 0, Diff: 0, Sum: 0, Workers: 8
[2025-06-17T22:49:29.384+0300][18640][17704][debug][gc,phases] GC(15)         Total                          Min: 0, Avg:  0.0, Max: 0, Diff: 0, Sum: 0, Workers: 8
[2025-06-17T22:49:29.384+0300][18640][17704][debug][gc,phases] GC(15)       StringTable Weak               Min:  0.0, Avg:  0.0, Max:  0.0, Diff:  0.0, Sum:  0.2, Workers: 8
[2025-06-17T22:49:29.384+0300][18640][17704][debug][gc,phases] GC(15)         Dead                           Min: 0, Avg:  0.0, Max: 0, Diff: 0, Sum: 0, Workers: 8
[2025-06-17T22:49:29.384+0300][18640][17704][debug][gc,phases] GC(15)         Total                          Min: 576, Avg: 781.9, Max: 896, Diff: 320, Sum: 6255, Workers: 8
[2025-06-17T22:49:29.384+0300][18640][17704][debug][gc,phases] GC(15)       ResolvedMethodTable Weak       Min:  0.0, Avg:  0.0, Max:  0.0, Diff:  0.0, Sum:  0.0, Workers: 8
[2025-06-17T22:49:29.384+0300][18640][17704][debug][gc,phases] GC(15)         Dead                           Min: 0, Avg:  0.0, Max: 0, Diff: 0, Sum: 0, Workers: 8
[2025-06-17T22:49:29.384+0300][18640][17704][debug][gc,phases] GC(15)         Total                          Min: 64, Avg: 109.2, Max: 234, Diff: 170, Sum: 874, Workers: 8
[2025-06-17T22:49:29.384+0300][18640][17704][debug][gc,phases] GC(15)       JNI Weak                       Min:  0.0, Avg:  0.0, Max:  0.0, Diff:  0.0, Sum:  0.0, Workers: 8
[2025-06-17T22:49:29.384+0300][18640][17704][debug][gc,phases] GC(15)         Dead                           Min: 0, Avg:  0.0, Max: 0, Diff: 0, Sum: 0, Workers: 8
[2025-06-17T22:49:29.384+0300][18640][17704][debug][gc,phases] GC(15)         Total                          Min: 0, Avg:  0.0, Max: 0, Diff: 0, Sum: 0, Workers: 8
[2025-06-17T22:49:29.384+0300][18640][17704][debug][gc,phases] GC(15)       StringDedup Table Weak         Min:  0.0, Avg:  0.0, Max:  0.0, Diff:  0.0, Sum:  0.0, Workers: 8
[2025-06-17T22:49:29.384+0300][18640][17704][debug][gc,phases] GC(15)         Dead                           Min: 0, Avg:  0.0, Max: 0, Diff: 0, Sum: 0, Workers: 8
[2025-06-17T22:49:29.384+0300][18640][17704][debug][gc,phases] GC(15)         Total                          Min: 0, Avg:  0.0, Max: 0, Diff: 0, Sum: 0, Workers: 8
[2025-06-17T22:49:29.384+0300][18640][17704][debug][gc,phases] GC(15)       StringDedup Requests0 Weak     Min:  0.0, Avg:  0.0, Max:  0.0, Diff:  0.0, Sum:  0.0, Workers: 8
[2025-06-17T22:49:29.384+0300][18640][17704][debug][gc,phases] GC(15)         Dead                           Min: 0, Avg:  0.0, Max: 0, Diff: 0, Sum: 0, Workers: 8
[2025-06-17T22:49:29.384+0300][18640][17704][debug][gc,phases] GC(15)         Total                          Min: 0, Avg:  0.0, Max: 0, Diff: 0, Sum: 0, Workers: 8
[2025-06-17T22:49:29.384+0300][18640][17704][debug][gc,phases] GC(15)       StringDedup Requests1 Weak     Min:  0.0, Avg:  0.0, Max:  0.0, Diff:  0.0, Sum:  0.0, Workers: 8
[2025-06-17T22:49:29.384+0300][18640][17704][debug][gc,phases] GC(15)         Dead                           Min: 0, Avg:  0.0, Max: 0, Diff: 0, Sum: 0, Workers: 8
[2025-06-17T22:49:29.384+0300][18640][17704][debug][gc,phases] GC(15)         Total                          Min: 0, Avg:  0.0, Max: 0, Diff: 0, Sum: 0, Workers: 8
[2025-06-17T22:49:29.384+0300][18640][17704][debug][gc,phases] GC(15)       Weak JFR Old Object Samples    Min:  0.0, Avg:  0.0, Max:  0.0, Diff:  0.0, Sum:  0.0, Workers: 8
[2025-06-17T22:49:29.384+0300][18640][17704][debug][gc,phases] GC(15)         Dead                           Min: 0, Avg:  0.0, Max: 0, Diff: 0, Sum: 0, Workers: 8
[2025-06-17T22:49:29.384+0300][18640][17704][debug][gc,phases] GC(15)         Total                          Min: 0, Avg:  0.0, Max: 0, Diff: 0, Sum: 0, Workers: 8
[2025-06-17T22:49:29.384+0300][18640][17704][debug][gc,phases] GC(15)     Post Evacuate Cleanup 1: 0.2ms
[2025-06-17T22:49:29.384+0300][18640][17704][debug][gc,phases] GC(15)       Merge Per-Thread State (ms):   Min:  0.0, Avg:  0.0, Max:  0.0, Diff:  0.0, Sum:  0.0, Workers: 1
[2025-06-17T22:49:29.384+0300][18640][17704][debug][gc,phases] GC(15)         Copied Bytes                   Min: 47448, Avg: 200651.0, Max: 327328, Diff: 279880, Sum: 1605208, Workers: 8
[2025-06-17T22:49:29.384+0300][18640][17704][debug][gc,phases] GC(15)         LAB Waste                      Min: 0, Avg: 288.0, Max: 744, Diff: 744, Sum: 2304, Workers: 8
[2025-06-17T22:49:29.384+0300][18640][17704][debug][gc,phases] GC(15)         LAB Undo Waste                 Min: 0, Avg:  0.0, Max: 0, Diff: 0, Sum: 0, Workers: 8
[2025-06-17T22:49:29.384+0300][18640][17704][debug][gc,phases] GC(15)       Clear Logged Cards (ms):       Min:  0.0, Avg:  0.1, Max:  0.2, Diff:  0.2, Sum:  0.4, Workers: 5
[2025-06-17T22:49:29.384+0300][18640][17704][debug][gc,phases] GC(15)       Recalculate Used Memory (ms):  Min:  0.0, Avg:  0.0, Max:  0.0, Diff:  0.0, Sum:  0.0, Workers: 1
[2025-06-17T22:49:29.384+0300][18640][17704][debug][gc,phases] GC(15)     Post Evacuate Cleanup 2: 0.3ms
[2025-06-17T22:49:29.384+0300][18640][17704][debug][gc,phases] GC(15)       Update Derived Pointers (ms):  Min:  0.0, Avg:  0.0, Max:  0.0, Diff:  0.0, Sum:  0.0, Workers: 1
[2025-06-17T22:49:29.384+0300][18640][17704][debug][gc,phases] GC(15)       Eagerly Reclaim Humongous Objects (ms): Min:  0.0, Avg:  0.0, Max:  0.0, Diff:  0.0, Sum:  0.0, Workers: 1
[2025-06-17T22:49:29.384+0300][18640][17704][debug][gc,phases] GC(15)         Humongous Total                Min: 3, Avg:  3.0, Max: 3, Diff: 0, Sum: 3, Workers: 1
[2025-06-17T22:49:29.384+0300][18640][17704][debug][gc,phases] GC(15)         Humongous Candidates           Min: 3, Avg:  3.0, Max: 3, Diff: 0, Sum: 3, Workers: 1
[2025-06-17T22:49:29.384+0300][18640][17704][debug][gc,phases] GC(15)         Humongous Reclaimed            Min: 0, Avg:  0.0, Max: 0, Diff: 0, Sum: 0, Workers: 1
[2025-06-17T22:49:29.384+0300][18640][17704][debug][gc,phases] GC(15)       Redirty Logged Cards (ms):     Min:  0.0, Avg:  0.0, Max:  0.0, Diff:  0.0, Sum:  0.0, Workers: 8
[2025-06-17T22:49:29.384+0300][18640][17704][debug][gc,phases] GC(15)         Redirtied Cards:               Min: 0, Avg: 30.5, Max: 244, Diff: 244, Sum: 244, Workers: 8
[2025-06-17T22:49:29.384+0300][18640][17704][debug][gc,phases] GC(15)       Resize TLABs (ms):             Min:  0.0, Avg:  0.0, Max:  0.0, Diff:  0.0, Sum:  0.0, Workers: 8
[2025-06-17T22:49:29.384+0300][18640][17704][debug][gc,phases] GC(15)       Free Collection Set (ms):      Min:  0.0, Avg:  0.2, Max:  0.3, Diff:  0.2, Sum:  1.8, Workers: 8
[2025-06-17T22:49:29.384+0300][18640][17704][debug][gc,phases] GC(15)     Rebuild Free List: 0.1ms
[2025-06-17T22:49:29.384+0300][18640][17704][debug][gc,phases] GC(15)     Prepare For Mutator: 0.0ms
[2025-06-17T22:49:29.384+0300][18640][17704][debug][gc,phases] GC(15)     Expand Heap After Collection: 0.0ms
[2025-06-17T22:49:29.384+0300][18640][17704][info ][gc,phases] GC(15)   Other: 0.2ms
[2025-06-17T22:49:29.384+0300][18640][17704][info ][gc,heap  ] GC(15) Eden regions: 1226->0(1226)
[2025-06-17T22:49:29.384+0300][18640][17704][info ][gc,heap  ] GC(15) Survivor regions: 2->2(154)
[2025-06-17T22:49:29.384+0300][18640][17704][info ][gc,heap  ] GC(15) Old regions: 10->10
[2025-06-17T22:49:29.384+0300][18640][17704][info ][gc,heap  ] GC(15) Humongous regions: 9->9
[2025-06-17T22:49:29.384+0300][18640][17704][debug][gc,heap  ] GC(15) Heap after GC invocations=16 (full 1):
[2025-06-17T22:49:29.384+0300][18640][17704][debug][gc,heap  ] GC(15)  garbage-first heap   total 2097152K, used 13902K [0x0000000080000000, 0x0000000100000000)
[2025-06-17T22:49:29.384+0300][18640][17704][debug][gc,heap  ] GC(15)   region size 1024K, 2 young (2048K), 2 survivors (2048K)
[2025-06-17T22:49:29.384+0300][18640][17704][debug][gc,heap  ] GC(15)  Metaspace       used 9007K, committed 9536K, reserved 1114112K
[2025-06-17T22:49:29.384+0300][18640][17704][debug][gc,heap  ] GC(15)   class space    used 978K, committed 1216K, reserved 1048576K
[2025-06-17T22:49:29.384+0300][18640][17704][info ][gc       ] GC(15) Pause Young (Normal) (G1 Evacuation Pause) 1239M->13M(2048M) 5.957ms
[2025-06-17T22:49:29.384+0300][18640][17704][info ][safepoint] Safepoint "G1CollectForAllocation", Time since last: 456933400 ns, Reaching safepoint: 397000 ns, Cleanup: 27800 ns, At safepoint: 6032400 ns, Total: 6457200 ns
[2025-06-17T22:49:29.878+0300][18640][17704][debug][safepoint] Safepoint synchronization initiated using striped semaphore wait barrier. (19 threads)
[2025-06-17T22:49:29.878+0300][18640][3328 ][debug][safepoint] ... found polling page loop exception at pc = 0x000001d3901b37e0, stub =0x000001d38fbb5d80
[2025-06-17T22:49:29.878+0300][18640][19764][debug][safepoint] ... found polling page loop exception at pc = 0x000001d3901b37e0, stub =0x000001d38fbb5d80
[2025-06-17T22:49:29.878+0300][18640][20832][debug][safepoint] ... found polling page loop exception at pc = 0x000001d3901c0f22, stub =0x000001d38fbb6600
[2025-06-17T22:49:29.878+0300][18640][10428][debug][safepoint] ... found polling page loop exception at pc = 0x000001d390243645, stub =0x000001d38fbb6600
[2025-06-17T22:49:29.878+0300][18640][20836][debug][safepoint] ... found polling page loop exception at pc = 0x000001d39020da09, stub =0x000001d38fbb6600
[2025-06-17T22:49:29.878+0300][18640][17704][debug][gc,heap  ] GC(16) Heap before GC invocations=16 (full 1):
[2025-06-17T22:49:29.878+0300][18640][17704][debug][gc,heap  ] GC(16)  garbage-first heap   total 2097152K, used 1269326K [0x0000000080000000, 0x0000000100000000)
[2025-06-17T22:49:29.878+0300][18640][17704][debug][gc,heap  ] GC(16)   region size 1024K, 1228 young (1257472K), 2 survivors (2048K)
[2025-06-17T22:49:29.878+0300][18640][17704][debug][gc,heap  ] GC(16)  Metaspace       used 9007K, committed 9536K, reserved 1114112K
[2025-06-17T22:49:29.878+0300][18640][17704][debug][gc,heap  ] GC(16)   class space    used 978K, committed 1216K, reserved 1048576K
[2025-06-17T22:49:29.880+0300][18640][17704][info ][gc,phases] GC(16)   Pre Evacuate Collection Set: 0.3ms
[2025-06-17T22:49:29.880+0300][18640][17704][debug][gc,phases] GC(16)     Pre Evacuate Prepare: 0.1ms
[2025-06-17T22:49:29.880+0300][18640][17704][debug][gc,phases] GC(16)       JT Retire TLABs And Flush Logs (ms): Min:  0.0, Avg:  0.0, Max:  0.0, Diff:  0.0, Sum:  0.0, Workers: 2
[2025-06-17T22:49:29.880+0300][18640][17704][debug][gc,phases] GC(16)       Non-JT Flush Logs (ms):        Min:  0.0, Avg:  0.0, Max:  0.0, Diff:  0.0, Sum:  0.0, Workers: 1
[2025-06-17T22:49:29.880+0300][18640][17704][debug][gc,phases] GC(16)     Choose Collection Set: 0.0ms
[2025-06-17T22:49:29.880+0300][18640][17704][debug][gc,phases] GC(16)     Region Register: 0.2ms
[2025-06-17T22:49:29.880+0300][18640][17704][debug][gc,phases] GC(16)     Prepare Heap Roots: 0.0ms
[2025-06-17T22:49:29.880+0300][18640][17704][info ][gc,phases] GC(16)   Merge Heap Roots: 0.2ms
[2025-06-17T22:49:29.880+0300][18640][17704][debug][gc,phases] GC(16)     Prepare Merge Heap Roots: 0.0ms
[2025-06-17T22:49:29.880+0300][18640][17704][debug][gc,phases] GC(16)     Remembered Sets (ms):          Min:  0.1, Avg:  0.1, Max:  0.1, Diff:  0.0, Sum:  0.9, Workers: 8
[2025-06-17T22:49:29.880+0300][18640][17704][debug][gc,phases] GC(16)       Eager Reclaim (ms):            Min:  0.0, Avg:  0.0, Max:  0.0, Diff:  0.0, Sum:  0.0, Workers: 1
[2025-06-17T22:49:29.880+0300][18640][17704][debug][gc,phases] GC(16)       Merged Inline                  Min: 0, Avg:  0.0, Max: 0, Diff: 0, Sum: 0, Workers: 8
[2025-06-17T22:49:29.880+0300][18640][17704][debug][gc,phases] GC(16)       Merged ArrayOfCards            Min: 0, Avg:  0.0, Max: 0, Diff: 0, Sum: 0, Workers: 8
[2025-06-17T22:49:29.880+0300][18640][17704][debug][gc,phases] GC(16)       Merged Howl                    Min: 0, Avg:  0.0, Max: 0, Diff: 0, Sum: 0, Workers: 8
[2025-06-17T22:49:29.880+0300][18640][17704][debug][gc,phases] GC(16)       Merged Full                    Min: 0, Avg:  0.0, Max: 0, Diff: 0, Sum: 0, Workers: 8
[2025-06-17T22:49:29.880+0300][18640][17704][debug][gc,phases] GC(16)       Merged Howl Inline             Min: 0, Avg:  0.0, Max: 0, Diff: 0, Sum: 0, Workers: 8
[2025-06-17T22:49:29.880+0300][18640][17704][debug][gc,phases] GC(16)       Merged Howl ArrayOfCards       Min: 0, Avg:  0.0, Max: 0, Diff: 0, Sum: 0, Workers: 8
[2025-06-17T22:49:29.880+0300][18640][17704][debug][gc,phases] GC(16)       Merged Howl BitMap             Min: 0, Avg:  0.0, Max: 0, Diff: 0, Sum: 0, Workers: 8
[2025-06-17T22:49:29.880+0300][18640][17704][debug][gc,phases] GC(16)       Merged Howl Full               Min: 0, Avg:  0.0, Max: 0, Diff: 0, Sum: 0, Workers: 8
[2025-06-17T22:49:29.880+0300][18640][17704][debug][gc,phases] GC(16)       Merged Cards                   Min: 8, Avg:  9.0, Max: 16, Diff: 8, Sum: 72, Workers: 8
[2025-06-17T22:49:29.880+0300][18640][17704][debug][gc,phases] GC(16)     Log Buffers (ms):              Min:  0.0, Avg:  0.0, Max:  0.0, Diff:  0.0, Sum:  0.0, Workers: 8
[2025-06-17T22:49:29.880+0300][18640][17704][debug][gc,phases] GC(16)       Dirty Cards:                   Min: 0, Avg: 30.8, Max: 138, Diff: 138, Sum: 246, Workers: 8
[2025-06-17T22:49:29.880+0300][18640][17704][debug][gc,phases] GC(16)       Skipped Cards:                 Min: 0, Avg:  0.0, Max: 0, Diff: 0, Sum: 0, Workers: 8
[2025-06-17T22:49:29.880+0300][18640][17704][info ][gc,phases] GC(16)   Evacuate Collection Set: 1.5ms
[2025-06-17T22:49:29.880+0300][18640][17704][debug][gc,phases] GC(16)     Ext Root Scanning (ms):        Min:  0.0, Avg:  0.1, Max:  0.6, Diff:  0.6, Sum:  1.1, Workers: 8
[2025-06-17T22:49:29.880+0300][18640][17704][debug][gc,phases] GC(16)     Scan Heap Roots (ms):          Min:  0.0, Avg:  0.0, Max:  0.1, Diff:  0.1, Sum:  0.4, Workers: 8
[2025-06-17T22:49:29.880+0300][18640][17704][debug][gc,phases] GC(16)       Scanned Cards:                 Min: 0, Avg: 29.5, Max: 58, Diff: 58, Sum: 236, Workers: 8
[2025-06-17T22:49:29.880+0300][18640][17704][debug][gc,phases] GC(16)       Scanned Blocks:                Min: 0, Avg: 19.2, Max: 37, Diff: 37, Sum: 154, Workers: 8
[2025-06-17T22:49:29.880+0300][18640][17704][debug][gc,phases] GC(16)       Claimed Chunks:                Min: 0, Avg:  7.5, Max: 15, Diff: 15, Sum: 60, Workers: 8
[2025-06-17T22:49:29.880+0300][18640][17704][debug][gc,phases] GC(16)       Found Roots:                   Min: 0, Avg: 154.6, Max: 307, Diff: 307, Sum: 1237, Workers: 8
[2025-06-17T22:49:29.880+0300][18640][17704][debug][gc,phases] GC(16)     Code Root Scan (ms):           Min:  0.1, Avg:  0.4, Max:  0.5, Diff:  0.4, Sum:  2.9, Workers: 8
[2025-06-17T22:49:29.880+0300][18640][17704][debug][gc,phases] GC(16)       Scanned Nmethods               Min: 0, Avg: 53.2, Max: 88, Diff: 88, Sum: 426, Workers: 8
[2025-06-17T22:49:29.880+0300][18640][17704][debug][gc,phases] GC(16)     Object Copy (ms):              Min:  0.0, Avg:  0.4, Max:  0.6, Diff:  0.6, Sum:  3.3, Workers: 8
[2025-06-17T22:49:29.880+0300][18640][17704][debug][gc,phases] GC(16)     Termination (ms):              Min:  0.0, Avg:  0.3, Max:  0.3, Diff:  0.3, Sum:  2.0, Workers: 8
[2025-06-17T22:49:29.880+0300][18640][17704][debug][gc,phases] GC(16)       Termination Attempts:          Min: 1, Avg:  3.0, Max: 6, Diff: 5, Sum: 24, Workers: 8
[2025-06-17T22:49:29.880+0300][18640][17704][debug][gc,phases] GC(16)     GC Worker Other (ms):          Min:  0.1, Avg:  0.1, Max:  0.1, Diff:  0.0, Sum:  0.9, Workers: 8
[2025-06-17T22:49:29.880+0300][18640][17704][debug][gc,phases] GC(16)     GC Worker Total (ms):          Min:  0.4, Avg:  1.3, Max:  1.5, Diff:  1.1, Sum: 10.6, Workers: 8
[2025-06-17T22:49:29.880+0300][18640][17704][info ][gc,phases] GC(16)   Post Evacuate Collection Set: 1.0ms
[2025-06-17T22:49:29.880+0300][18640][17704][debug][gc,phases] GC(16)     NMethod List Cleanup: 0.1ms
[2025-06-17T22:49:29.880+0300][18640][17704][debug][gc,phases] GC(16)     Reference Processing: 0.1ms
[2025-06-17T22:49:29.880+0300][18640][17704][debug][gc,phases] GC(16)     Weak Processing: 0.1ms
[2025-06-17T22:49:29.880+0300][18640][17704][debug][gc,phases] GC(16)       VM Weak                        Min:  0.0, Avg:  0.0, Max:  0.0, Diff:  0.0, Sum:  0.0, Workers: 8
[2025-06-17T22:49:29.880+0300][18640][17704][debug][gc,phases] GC(16)         Dead                           Min: 0, Avg:  0.0, Max: 0, Diff: 0, Sum: 0, Workers: 8
[2025-06-17T22:49:29.880+0300][18640][17704][debug][gc,phases] GC(16)         Total                          Min: 0, Avg: 46.8, Max: 128, Diff: 128, Sum: 374, Workers: 8
[2025-06-17T22:49:29.880+0300][18640][17704][debug][gc,phases] GC(16)       ObjectSynchronizer Weak        Min:  0.0, Avg:  0.0, Max:  0.0, Diff:  0.0, Sum:  0.0, Workers: 8
[2025-06-17T22:49:29.880+0300][18640][17704][debug][gc,phases] GC(16)         Dead                           Min: 0, Avg:  0.0, Max: 0, Diff: 0, Sum: 0, Workers: 8
[2025-06-17T22:49:29.880+0300][18640][17704][debug][gc,phases] GC(16)         Total                          Min: 0, Avg: 17.4, Max: 64, Diff: 64, Sum: 139, Workers: 8
[2025-06-17T22:49:29.880+0300][18640][17704][debug][gc,phases] GC(16)       JVMTI Tag Weak OopStorage      Min:  0.0, Avg:  0.0, Max:  0.0, Diff:  0.0, Sum:  0.0, Workers: 8
[2025-06-17T22:49:29.880+0300][18640][17704][debug][gc,phases] GC(16)         Dead                           Min: 0, Avg:  0.0, Max: 0, Diff: 0, Sum: 0, Workers: 8
[2025-06-17T22:49:29.880+0300][18640][17704][debug][gc,phases] GC(16)         Total                          Min: 0, Avg:  0.0, Max: 0, Diff: 0, Sum: 0, Workers: 8
[2025-06-17T22:49:29.880+0300][18640][17704][debug][gc,phases] GC(16)       StringTable Weak               Min:  0.0, Avg:  0.0, Max:  0.0, Diff:  0.0, Sum:  0.2, Workers: 8
[2025-06-17T22:49:29.880+0300][18640][17704][debug][gc,phases] GC(16)         Dead                           Min: 0, Avg:  0.0, Max: 0, Diff: 0, Sum: 0, Workers: 8
[2025-06-17T22:49:29.880+0300][18640][17704][debug][gc,phases] GC(16)         Total                          Min: 0, Avg: 781.9, Max: 1024, Diff: 1024, Sum: 6255, Workers: 8
[2025-06-17T22:49:29.880+0300][18640][17704][debug][gc,phases] GC(16)       ResolvedMethodTable Weak       Min:  0.0, Avg:  0.0, Max:  0.0, Diff:  0.0, Sum:  0.0, Workers: 8
[2025-06-17T22:49:29.880+0300][18640][17704][debug][gc,phases] GC(16)         Dead                           Min: 0, Avg:  0.0, Max: 0, Diff: 0, Sum: 0, Workers: 8
[2025-06-17T22:49:29.880+0300][18640][17704][debug][gc,phases] GC(16)         Total                          Min: 0, Avg: 109.2, Max: 234, Diff: 234, Sum: 874, Workers: 8
[2025-06-17T22:49:29.880+0300][18640][17704][debug][gc,phases] GC(16)       JNI Weak                       Min:  0.0, Avg:  0.0, Max:  0.0, Diff:  0.0, Sum:  0.0, Workers: 8
[2025-06-17T22:49:29.880+0300][18640][17704][debug][gc,phases] GC(16)         Dead                           Min: 0, Avg:  0.0, Max: 0, Diff: 0, Sum: 0, Workers: 8
[2025-06-17T22:49:29.880+0300][18640][17704][debug][gc,phases] GC(16)         Total                          Min: 0, Avg:  0.0, Max: 0, Diff: 0, Sum: 0, Workers: 8
[2025-06-17T22:49:29.880+0300][18640][17704][debug][gc,phases] GC(16)       StringDedup Table Weak         Min:  0.0, Avg:  0.0, Max:  0.0, Diff:  0.0, Sum:  0.0, Workers: 8
[2025-06-17T22:49:29.880+0300][18640][17704][debug][gc,phases] GC(16)         Dead                           Min: 0, Avg:  0.0, Max: 0, Diff: 0, Sum: 0, Workers: 8
[2025-06-17T22:49:29.880+0300][18640][17704][debug][gc,phases] GC(16)         Total                          Min: 0, Avg:  0.0, Max: 0, Diff: 0, Sum: 0, Workers: 8
[2025-06-17T22:49:29.880+0300][18640][17704][debug][gc,phases] GC(16)       StringDedup Requests0 Weak     Min:  0.0, Avg:  0.0, Max:  0.0, Diff:  0.0, Sum:  0.0, Workers: 8
[2025-06-17T22:49:29.880+0300][18640][17704][debug][gc,phases] GC(16)         Dead                           Min: 0, Avg:  0.0, Max: 0, Diff: 0, Sum: 0, Workers: 8
[2025-06-17T22:49:29.880+0300][18640][17704][debug][gc,phases] GC(16)         Total                          Min: 0, Avg:  0.0, Max: 0, Diff: 0, Sum: 0, Workers: 8
[2025-06-17T22:49:29.880+0300][18640][17704][debug][gc,phases] GC(16)       StringDedup Requests1 Weak     Min:  0.0, Avg:  0.0, Max:  0.0, Diff:  0.0, Sum:  0.0, Workers: 8
[2025-06-17T22:49:29.880+0300][18640][17704][debug][gc,phases] GC(16)         Dead                           Min: 0, Avg:  0.0, Max: 0, Diff: 0, Sum: 0, Workers: 8
[2025-06-17T22:49:29.880+0300][18640][17704][debug][gc,phases] GC(16)         Total                          Min: 0, Avg:  0.0, Max: 0, Diff: 0, Sum: 0, Workers: 8
[2025-06-17T22:49:29.880+0300][18640][17704][debug][gc,phases] GC(16)       Weak JFR Old Object Samples    Min:  0.0, Avg:  0.0, Max:  0.0, Diff:  0.0, Sum:  0.0, Workers: 8
[2025-06-17T22:49:29.880+0300][18640][17704][debug][gc,phases] GC(16)         Dead                           Min: 0, Avg:  0.0, Max: 0, Diff: 0, Sum: 0, Workers: 8
[2025-06-17T22:49:29.880+0300][18640][17704][debug][gc,phases] GC(16)         Total                          Min: 0, Avg:  0.0, Max: 0, Diff: 0, Sum: 0, Workers: 8
[2025-06-17T22:49:29.880+0300][18640][17704][debug][gc,phases] GC(16)     Post Evacuate Cleanup 1: 0.2ms
[2025-06-17T22:49:29.880+0300][18640][17704][debug][gc,phases] GC(16)       Merge Per-Thread State (ms):   Min:  0.1, Avg:  0.1, Max:  0.1, Diff:  0.0, Sum:  0.1, Workers: 1
[2025-06-17T22:49:29.880+0300][18640][17704][debug][gc,phases] GC(16)         Copied Bytes                   Min: 0, Avg: 199604.0, Max: 349768, Diff: 349768, Sum: 1596832, Workers: 8
[2025-06-17T22:49:29.880+0300][18640][17704][debug][gc,phases] GC(16)         LAB Waste                      Min: 0, Avg: 696.0, Max: 2152, Diff: 2152, Sum: 5568, Workers: 8
[2025-06-17T22:49:29.880+0300][18640][17704][debug][gc,phases] GC(16)         LAB Undo Waste                 Min: 0, Avg:  0.0, Max: 0, Diff: 0, Sum: 0, Workers: 8
[2025-06-17T22:49:29.880+0300][18640][17704][debug][gc,phases] GC(16)       Clear Logged Cards (ms):       Min:  0.0, Avg:  0.1, Max:  0.2, Diff:  0.2, Sum:  0.4, Workers: 5
[2025-06-17T22:49:29.880+0300][18640][17704][debug][gc,phases] GC(16)       Recalculate Used Memory (ms):  Min:  0.0, Avg:  0.0, Max:  0.0, Diff:  0.0, Sum:  0.0, Workers: 1
[2025-06-17T22:49:29.880+0300][18640][17704][debug][gc,phases] GC(16)     Post Evacuate Cleanup 2: 0.4ms
[2025-06-17T22:49:29.880+0300][18640][17704][debug][gc,phases] GC(16)       Update Derived Pointers (ms):  Min:  0.0, Avg:  0.0, Max:  0.0, Diff:  0.0, Sum:  0.0, Workers: 1
[2025-06-17T22:49:29.880+0300][18640][17704][debug][gc,phases] GC(16)       Eagerly Reclaim Humongous Objects (ms): Min:  0.0, Avg:  0.0, Max:  0.0, Diff:  0.0, Sum:  0.0, Workers: 1
[2025-06-17T22:49:29.880+0300][18640][17704][debug][gc,phases] GC(16)         Humongous Total                Min: 3, Avg:  3.0, Max: 3, Diff: 0, Sum: 3, Workers: 1
[2025-06-17T22:49:29.880+0300][18640][17704][debug][gc,phases] GC(16)         Humongous Candidates           Min: 3, Avg:  3.0, Max: 3, Diff: 0, Sum: 3, Workers: 1
[2025-06-17T22:49:29.880+0300][18640][17704][debug][gc,phases] GC(16)         Humongous Reclaimed            Min: 0, Avg:  0.0, Max: 0, Diff: 0, Sum: 0, Workers: 1
[2025-06-17T22:49:29.880+0300][18640][17704][debug][gc,phases] GC(16)       Redirty Logged Cards (ms):     Min:  0.0, Avg:  0.0, Max:  0.0, Diff:  0.0, Sum:  0.0, Workers: 8
[2025-06-17T22:49:29.880+0300][18640][17704][debug][gc,phases] GC(16)         Redirtied Cards:               Min: 0, Avg: 29.5, Max: 178, Diff: 178, Sum: 236, Workers: 8
[2025-06-17T22:49:29.880+0300][18640][17704][debug][gc,phases] GC(16)       Resize TLABs (ms):             Min:  0.0, Avg:  0.0, Max:  0.0, Diff:  0.0, Sum:  0.0, Workers: 8
[2025-06-17T22:49:29.880+0300][18640][17704][debug][gc,phases] GC(16)       Free Collection Set (ms):      Min:  0.0, Avg:  0.2, Max:  0.3, Diff:  0.3, Sum:  1.7, Workers: 8
[2025-06-17T22:49:29.880+0300][18640][17704][debug][gc,phases] GC(16)     Rebuild Free List: 0.1ms
[2025-06-17T22:49:29.880+0300][18640][17704][debug][gc,phases] GC(16)     Prepare For Mutator: 0.0ms
[2025-06-17T22:49:29.880+0300][18640][17704][debug][gc,phases] GC(16)     Expand Heap After Collection: 0.0ms
[2025-06-17T22:49:29.880+0300][18640][17704][info ][gc,phases] GC(16)   Other: 0.1ms
[2025-06-17T22:49:29.880+0300][18640][17704][info ][gc,heap  ] GC(16) Eden regions: 1226->0(1226)
[2025-06-17T22:49:29.880+0300][18640][17704][info ][gc,heap  ] GC(16) Survivor regions: 2->2(154)
[2025-06-17T22:49:29.880+0300][18640][17704][info ][gc,heap  ] GC(16) Old regions: 10->10
[2025-06-17T22:49:29.880+0300][18640][17704][info ][gc,heap  ] GC(16) Humongous regions: 9->9
[2025-06-17T22:49:29.880+0300][18640][17704][debug][gc,heap  ] GC(16) Heap after GC invocations=17 (full 1):
[2025-06-17T22:49:29.880+0300][18640][17704][debug][gc,heap  ] GC(16)  garbage-first heap   total 2097152K, used 13847K [0x0000000080000000, 0x0000000100000000)
[2025-06-17T22:49:29.880+0300][18640][17704][debug][gc,heap  ] GC(16)   region size 1024K, 2 young (2048K), 2 survivors (2048K)
[2025-06-17T22:49:29.880+0300][18640][17704][debug][gc,heap  ] GC(16)  Metaspace       used 9007K, committed 9536K, reserved 1114112K
[2025-06-17T22:49:29.880+0300][18640][17704][debug][gc,heap  ] GC(16)   class space    used 978K, committed 1216K, reserved 1048576K
[2025-06-17T22:49:29.880+0300][18640][17704][info ][gc       ] GC(16) Pause Young (Normal) (G1 Evacuation Pause) 1239M->13M(2048M) 5.489ms
[2025-06-17T22:49:29.880+0300][18640][17704][info ][safepoint] Safepoint "G1CollectForAllocation", Time since last: 488520900 ns, Reaching safepoint: 577400 ns, Cleanup: 8600 ns, At safepoint: 5571100 ns, Total: 6157100 ns
[2025-06-17T22:49:30.350+0300][18640][17704][debug][safepoint] Safepoint synchronization initiated using striped semaphore wait barrier. (19 threads)
[2025-06-17T22:49:30.350+0300][18640][20832][debug][safepoint] ... found polling page loop exception at pc = 0x000001d3901cc838, stub =0x000001d38fbb6600
[2025-06-17T22:49:30.350+0300][18640][5304 ][debug][safepoint] ... found polling page loop exception at pc = 0x000001d3901b37e0, stub =0x000001d38fbb5d80
[2025-06-17T22:49:30.350+0300][18640][18340][debug][safepoint] ... found polling page loop exception at pc = 0x000001d390259acf, stub =0x000001d38fbb5d80
[2025-06-17T22:49:30.350+0300][18640][20836][debug][safepoint] ... found polling page loop exception at pc = 0x000001d3901b37e0, stub =0x000001d38fbb5d80
[2025-06-17T22:49:30.350+0300][18640][10428][debug][safepoint] ... found polling page loop exception at pc = 0x000001d3901c0f22, stub =0x000001d38fbb6600
[2025-06-17T22:49:30.352+0300][18640][17704][debug][gc,heap  ] GC(17) Heap before GC invocations=17 (full 1):
[2025-06-17T22:49:30.352+0300][18640][17704][debug][gc,heap  ] GC(17)  garbage-first heap   total 2097152K, used 1269271K [0x0000000080000000, 0x0000000100000000)
[2025-06-17T22:49:30.352+0300][18640][17704][debug][gc,heap  ] GC(17)   region size 1024K, 1228 young (1257472K), 2 survivors (2048K)
[2025-06-17T22:49:30.352+0300][18640][17704][debug][gc,heap  ] GC(17)  Metaspace       used 9007K, committed 9536K, reserved 1114112K
[2025-06-17T22:49:30.352+0300][18640][17704][debug][gc,heap  ] GC(17)   class space    used 978K, committed 1216K, reserved 1048576K
[2025-06-17T22:49:30.352+0300][18640][17704][info ][gc,phases] GC(17)   Pre Evacuate Collection Set: 0.3ms
[2025-06-17T22:49:30.352+0300][18640][17704][debug][gc,phases] GC(17)     Pre Evacuate Prepare: 0.1ms
[2025-06-17T22:49:30.352+0300][18640][17704][debug][gc,phases] GC(17)       JT Retire TLABs And Flush Logs (ms): Min:  0.0, Avg:  0.0, Max:  0.0, Diff:  0.0, Sum:  0.0, Workers: 2
[2025-06-17T22:49:30.352+0300][18640][17704][debug][gc,phases] GC(17)       Non-JT Flush Logs (ms):        Min:  0.0, Avg:  0.0, Max:  0.0, Diff:  0.0, Sum:  0.0, Workers: 1
[2025-06-17T22:49:30.352+0300][18640][17704][debug][gc,phases] GC(17)     Choose Collection Set: 0.0ms
[2025-06-17T22:49:30.352+0300][18640][17704][debug][gc,phases] GC(17)     Region Register: 0.2ms
[2025-06-17T22:49:30.352+0300][18640][17704][debug][gc,phases] GC(17)     Prepare Heap Roots: 0.0ms
[2025-06-17T22:49:30.352+0300][18640][17704][info ][gc,phases] GC(17)   Merge Heap Roots: 0.2ms
[2025-06-17T22:49:30.352+0300][18640][17704][debug][gc,phases] GC(17)     Prepare Merge Heap Roots: 0.0ms
[2025-06-17T22:49:30.352+0300][18640][17704][debug][gc,phases] GC(17)     Remembered Sets (ms):          Min:  0.1, Avg:  0.1, Max:  0.1, Diff:  0.0, Sum:  1.0, Workers: 8
[2025-06-17T22:49:30.352+0300][18640][17704][debug][gc,phases] GC(17)       Eager Reclaim (ms):            Min:  0.0, Avg:  0.0, Max:  0.0, Diff:  0.0, Sum:  0.0, Workers: 1
[2025-06-17T22:49:30.352+0300][18640][17704][debug][gc,phases] GC(17)       Merged Inline                  Min: 0, Avg:  0.0, Max: 0, Diff: 0, Sum: 0, Workers: 8
[2025-06-17T22:49:30.352+0300][18640][17704][debug][gc,phases] GC(17)       Merged ArrayOfCards            Min: 0, Avg:  0.0, Max: 0, Diff: 0, Sum: 0, Workers: 8
[2025-06-17T22:49:30.352+0300][18640][17704][debug][gc,phases] GC(17)       Merged Howl                    Min: 0, Avg:  0.0, Max: 0, Diff: 0, Sum: 0, Workers: 8
[2025-06-17T22:49:30.352+0300][18640][17704][debug][gc,phases] GC(17)       Merged Full                    Min: 0, Avg:  0.0, Max: 0, Diff: 0, Sum: 0, Workers: 8
[2025-06-17T22:49:30.352+0300][18640][17704][debug][gc,phases] GC(17)       Merged Howl Inline             Min: 0, Avg:  0.0, Max: 0, Diff: 0, Sum: 0, Workers: 8
[2025-06-17T22:49:30.352+0300][18640][17704][debug][gc,phases] GC(17)       Merged Howl ArrayOfCards       Min: 0, Avg:  0.0, Max: 0, Diff: 0, Sum: 0, Workers: 8
[2025-06-17T22:49:30.352+0300][18640][17704][debug][gc,phases] GC(17)       Merged Howl BitMap             Min: 0, Avg:  0.0, Max: 0, Diff: 0, Sum: 0, Workers: 8
[2025-06-17T22:49:30.352+0300][18640][17704][debug][gc,phases] GC(17)       Merged Howl Full               Min: 0, Avg:  0.0, Max: 0, Diff: 0, Sum: 0, Workers: 8
[2025-06-17T22:49:30.352+0300][18640][17704][debug][gc,phases] GC(17)       Merged Cards                   Min: 8, Avg:  9.0, Max: 16, Diff: 8, Sum: 72, Workers: 8
[2025-06-17T22:49:30.352+0300][18640][17704][debug][gc,phases] GC(17)     Log Buffers (ms):              Min:  0.0, Avg:  0.0, Max:  0.0, Diff:  0.0, Sum:  0.0, Workers: 8
[2025-06-17T22:49:30.352+0300][18640][17704][debug][gc,phases] GC(17)       Dirty Cards:                   Min: 0, Avg: 29.9, Max: 83, Diff: 83, Sum: 239, Workers: 8
[2025-06-17T22:49:30.352+0300][18640][17704][debug][gc,phases] GC(17)       Skipped Cards:                 Min: 0, Avg:  0.0, Max: 0, Diff: 0, Sum: 0, Workers: 8
[2025-06-17T22:49:30.352+0300][18640][17704][info ][gc,phases] GC(17)   Evacuate Collection Set: 1.4ms
[2025-06-17T22:49:30.352+0300][18640][17704][debug][gc,phases] GC(17)     Ext Root Scanning (ms):        Min:  0.1, Avg:  0.1, Max:  0.6, Diff:  0.5, Sum:  1.2, Workers: 8
[2025-06-17T22:49:30.352+0300][18640][17704][debug][gc,phases] GC(17)     Scan Heap Roots (ms):          Min:  0.0, Avg:  0.0, Max:  0.1, Diff:  0.1, Sum:  0.4, Workers: 8
[2025-06-17T22:49:30.352+0300][18640][17704][debug][gc,phases] GC(17)       Scanned Cards:                 Min: 0, Avg: 29.6, Max: 50, Diff: 50, Sum: 237, Workers: 8
[2025-06-17T22:49:30.352+0300][18640][17704][debug][gc,phases] GC(17)       Scanned Blocks:                Min: 0, Avg: 19.4, Max: 36, Diff: 36, Sum: 155, Workers: 8
[2025-06-17T22:49:30.352+0300][18640][17704][debug][gc,phases] GC(17)       Claimed Chunks:                Min: 0, Avg:  7.5, Max: 14, Diff: 14, Sum: 60, Workers: 8
[2025-06-17T22:49:30.352+0300][18640][17704][debug][gc,phases] GC(17)       Found Roots:                   Min: 0, Avg: 154.6, Max: 358, Diff: 358, Sum: 1237, Workers: 8
[2025-06-17T22:49:30.352+0300][18640][17704][debug][gc,phases] GC(17)     Code Root Scan (ms):           Min:  0.1, Avg:  0.4, Max:  0.6, Diff:  0.5, Sum:  3.3, Workers: 8
[2025-06-17T22:49:30.352+0300][18640][17704][debug][gc,phases] GC(17)       Scanned Nmethods               Min: 0, Avg: 53.5, Max: 92, Diff: 92, Sum: 428, Workers: 8
[2025-06-17T22:49:30.352+0300][18640][17704][debug][gc,phases] GC(17)     Object Copy (ms):              Min:  0.3, Avg:  0.5, Max:  0.8, Diff:  0.6, Sum:  3.6, Workers: 8
[2025-06-17T22:49:30.352+0300][18640][17704][debug][gc,phases] GC(17)     Termination (ms):              Min:  0.0, Avg:  0.2, Max:  0.2, Diff:  0.2, Sum:  1.6, Workers: 8
[2025-06-17T22:49:30.352+0300][18640][17704][debug][gc,phases] GC(17)       Termination Attempts:          Min: 1, Avg:  1.1, Max: 2, Diff: 1, Sum: 9, Workers: 8
[2025-06-17T22:49:30.352+0300][18640][17704][debug][gc,phases] GC(17)     GC Worker Other (ms):          Min:  0.1, Avg:  0.1, Max:  0.1, Diff:  0.0, Sum:  0.9, Workers: 8
[2025-06-17T22:49:30.352+0300][18640][17704][debug][gc,phases] GC(17)     GC Worker Total (ms):          Min:  1.4, Avg:  1.4, Max:  1.4, Diff:  0.0, Sum: 11.0, Workers: 8
[2025-06-17T22:49:30.352+0300][18640][17704][info ][gc,phases] GC(17)   Post Evacuate Collection Set: 0.7ms
[2025-06-17T22:49:30.352+0300][18640][17704][debug][gc,phases] GC(17)     NMethod List Cleanup: 0.0ms
[2025-06-17T22:49:30.352+0300][18640][17704][debug][gc,phases] GC(17)     Reference Processing: 0.1ms
[2025-06-17T22:49:30.352+0300][18640][17704][debug][gc,phases] GC(17)     Weak Processing: 0.1ms
[2025-06-17T22:49:30.352+0300][18640][17704][debug][gc,phases] GC(17)       VM Weak                        Min:  0.0, Avg:  0.0, Max:  0.0, Diff:  0.0, Sum:  0.0, Workers: 8
[2025-06-17T22:49:30.352+0300][18640][17704][debug][gc,phases] GC(17)         Dead                           Min: 0, Avg:  0.0, Max: 0, Diff: 0, Sum: 0, Workers: 8
[2025-06-17T22:49:30.352+0300][18640][17704][debug][gc,phases] GC(17)         Total                          Min: 0, Avg: 46.8, Max: 192, Diff: 192, Sum: 374, Workers: 8
[2025-06-17T22:49:30.352+0300][18640][17704][debug][gc,phases] GC(17)       ObjectSynchronizer Weak        Min:  0.0, Avg:  0.0, Max:  0.0, Diff:  0.0, Sum:  0.0, Workers: 8
[2025-06-17T22:49:30.352+0300][18640][17704][debug][gc,phases] GC(17)         Dead                           Min: 0, Avg:  0.0, Max: 0, Diff: 0, Sum: 0, Workers: 8
[2025-06-17T22:49:30.352+0300][18640][17704][debug][gc,phases] GC(17)         Total                          Min: 0, Avg: 17.4, Max: 64, Diff: 64, Sum: 139, Workers: 8
[2025-06-17T22:49:30.352+0300][18640][17704][debug][gc,phases] GC(17)       JVMTI Tag Weak OopStorage      Min:  0.0, Avg:  0.0, Max:  0.0, Diff:  0.0, Sum:  0.0, Workers: 8
[2025-06-17T22:49:30.352+0300][18640][17704][debug][gc,phases] GC(17)         Dead                           Min: 0, Avg:  0.0, Max: 0, Diff: 0, Sum: 0, Workers: 8
[2025-06-17T22:49:30.352+0300][18640][17704][debug][gc,phases] GC(17)         Total                          Min: 0, Avg:  0.0, Max: 0, Diff: 0, Sum: 0, Workers: 8
[2025-06-17T22:49:30.352+0300][18640][17704][debug][gc,phases] GC(17)       StringTable Weak               Min:  0.0, Avg:  0.0, Max:  0.0, Diff:  0.0, Sum:  0.2, Workers: 8
[2025-06-17T22:49:30.352+0300][18640][17704][debug][gc,phases] GC(17)         Dead                           Min: 0, Avg:  0.0, Max: 0, Diff: 0, Sum: 0, Workers: 8
[2025-06-17T22:49:30.352+0300][18640][17704][debug][gc,phases] GC(17)         Total                          Min: 495, Avg: 781.9, Max: 896, Diff: 401, Sum: 6255, Workers: 8
[2025-06-17T22:49:30.352+0300][18640][17704][debug][gc,phases] GC(17)       ResolvedMethodTable Weak       Min:  0.0, Avg:  0.0, Max:  0.0, Diff:  0.0, Sum:  0.0, Workers: 8
[2025-06-17T22:49:30.352+0300][18640][17704][debug][gc,phases] GC(17)         Dead                           Min: 0, Avg:  0.0, Max: 0, Diff: 0, Sum: 0, Workers: 8
[2025-06-17T22:49:30.352+0300][18640][17704][debug][gc,phases] GC(17)         Total                          Min: 64, Avg: 109.2, Max: 192, Diff: 128, Sum: 874, Workers: 8
[2025-06-17T22:49:30.352+0300][18640][17704][debug][gc,phases] GC(17)       JNI Weak                       Min:  0.0, Avg:  0.0, Max:  0.0, Diff:  0.0, Sum:  0.0, Workers: 8
[2025-06-17T22:49:30.352+0300][18640][17704][debug][gc,phases] GC(17)         Dead                           Min: 0, Avg:  0.0, Max: 0, Diff: 0, Sum: 0, Workers: 8
[2025-06-17T22:49:30.352+0300][18640][17704][debug][gc,phases] GC(17)         Total                          Min: 0, Avg:  0.0, Max: 0, Diff: 0, Sum: 0, Workers: 8
[2025-06-17T22:49:30.352+0300][18640][17704][debug][gc,phases] GC(17)       StringDedup Table Weak         Min:  0.0, Avg:  0.0, Max:  0.0, Diff:  0.0, Sum:  0.0, Workers: 8
[2025-06-17T22:49:30.352+0300][18640][17704][debug][gc,phases] GC(17)         Dead                           Min: 0, Avg:  0.0, Max: 0, Diff: 0, Sum: 0, Workers: 8
[2025-06-17T22:49:30.352+0300][18640][17704][debug][gc,phases] GC(17)         Total                          Min: 0, Avg:  0.0, Max: 0, Diff: 0, Sum: 0, Workers: 8
[2025-06-17T22:49:30.352+0300][18640][17704][debug][gc,phases] GC(17)       StringDedup Requests0 Weak     Min:  0.0, Avg:  0.0, Max:  0.0, Diff:  0.0, Sum:  0.0, Workers: 8
[2025-06-17T22:49:30.352+0300][18640][17704][debug][gc,phases] GC(17)         Dead                           Min: 0, Avg:  0.0, Max: 0, Diff: 0, Sum: 0, Workers: 8
[2025-06-17T22:49:30.352+0300][18640][17704][debug][gc,phases] GC(17)         Total                          Min: 0, Avg:  0.0, Max: 0, Diff: 0, Sum: 0, Workers: 8
[2025-06-17T22:49:30.352+0300][18640][17704][debug][gc,phases] GC(17)       StringDedup Requests1 Weak     Min:  0.0, Avg:  0.0, Max:  0.0, Diff:  0.0, Sum:  0.0, Workers: 8
[2025-06-17T22:49:30.352+0300][18640][17704][debug][gc,phases] GC(17)         Dead                           Min: 0, Avg:  0.0, Max: 0, Diff: 0, Sum: 0, Workers: 8
[2025-06-17T22:49:30.352+0300][18640][17704][debug][gc,phases] GC(17)         Total                          Min: 0, Avg:  0.0, Max: 0, Diff: 0, Sum: 0, Workers: 8
[2025-06-17T22:49:30.352+0300][18640][17704][debug][gc,phases] GC(17)       Weak JFR Old Object Samples    Min:  0.0, Avg:  0.0, Max:  0.0, Diff:  0.0, Sum:  0.0, Workers: 8
[2025-06-17T22:49:30.352+0300][18640][17704][debug][gc,phases] GC(17)         Dead                           Min: 0, Avg:  0.0, Max: 0, Diff: 0, Sum: 0, Workers: 8
[2025-06-17T22:49:30.352+0300][18640][17704][debug][gc,phases] GC(17)         Total                          Min: 0, Avg:  0.0, Max: 0, Diff: 0, Sum: 0, Workers: 8
[2025-06-17T22:49:30.352+0300][18640][17704][debug][gc,phases] GC(17)     Post Evacuate Cleanup 1: 0.1ms
[2025-06-17T22:49:30.352+0300][18640][17704][debug][gc,phases] GC(17)       Merge Per-Thread State (ms):   Min:  0.0, Avg:  0.0, Max:  0.0, Diff:  0.0, Sum:  0.0, Workers: 1
[2025-06-17T22:49:30.352+0300][18640][17704][debug][gc,phases] GC(17)         Copied Bytes                   Min: 62328, Avg: 197285.0, Max: 350144, Diff: 287816, Sum: 1578280, Workers: 8
[2025-06-17T22:49:30.352+0300][18640][17704][debug][gc,phases] GC(17)         LAB Waste                      Min: 376, Avg: 848.0, Max: 1536, Diff: 1160, Sum: 6784, Workers: 8
[2025-06-17T22:49:30.352+0300][18640][17704][debug][gc,phases] GC(17)         LAB Undo Waste                 Min: 0, Avg:  0.0, Max: 0, Diff: 0, Sum: 0, Workers: 8
[2025-06-17T22:49:30.352+0300][18640][17704][debug][gc,phases] GC(17)       Clear Logged Cards (ms):       Min:  0.0, Avg:  0.1, Max:  0.1, Diff:  0.1, Sum:  0.3, Workers: 5
[2025-06-17T22:49:30.352+0300][18640][17704][debug][gc,phases] GC(17)       Recalculate Used Memory (ms):  Min:  0.0, Avg:  0.0, Max:  0.0, Diff:  0.0, Sum:  0.0, Workers: 1
[2025-06-17T22:49:30.352+0300][18640][17704][debug][gc,phases] GC(17)     Post Evacuate Cleanup 2: 0.3ms
[2025-06-17T22:49:30.352+0300][18640][17704][debug][gc,phases] GC(17)       Update Derived Pointers (ms):  Min:  0.0, Avg:  0.0, Max:  0.0, Diff:  0.0, Sum:  0.0, Workers: 1
[2025-06-17T22:49:30.352+0300][18640][17704][debug][gc,phases] GC(17)       Eagerly Reclaim Humongous Objects (ms): Min:  0.0, Avg:  0.0, Max:  0.0, Diff:  0.0, Sum:  0.0, Workers: 1
[2025-06-17T22:49:30.352+0300][18640][17704][debug][gc,phases] GC(17)         Humongous Total                Min: 3, Avg:  3.0, Max: 3, Diff: 0, Sum: 3, Workers: 1
[2025-06-17T22:49:30.352+0300][18640][17704][debug][gc,phases] GC(17)         Humongous Candidates           Min: 3, Avg:  3.0, Max: 3, Diff: 0, Sum: 3, Workers: 1
[2025-06-17T22:49:30.352+0300][18640][17704][debug][gc,phases] GC(17)         Humongous Reclaimed            Min: 0, Avg:  0.0, Max: 0, Diff: 0, Sum: 0, Workers: 1
[2025-06-17T22:49:30.352+0300][18640][17704][debug][gc,phases] GC(17)       Redirty Logged Cards (ms):     Min:  0.0, Avg:  0.0, Max:  0.0, Diff:  0.0, Sum:  0.0, Workers: 8
[2025-06-17T22:49:30.352+0300][18640][17704][debug][gc,phases] GC(17)         Redirtied Cards:               Min: 0, Avg:  8.0, Max: 35, Diff: 35, Sum: 64, Workers: 8
[2025-06-17T22:49:30.352+0300][18640][17704][debug][gc,phases] GC(17)       Resize TLABs (ms):             Min:  0.0, Avg:  0.0, Max:  0.0, Diff:  0.0, Sum:  0.0, Workers: 8
[2025-06-17T22:49:30.352+0300][18640][17704][debug][gc,phases] GC(17)       Free Collection Set (ms):      Min:  0.2, Avg:  0.2, Max:  0.3, Diff:  0.1, Sum:  2.0, Workers: 8
[2025-06-17T22:49:30.352+0300][18640][17704][debug][gc,phases] GC(17)     Rebuild Free List: 0.1ms
[2025-06-17T22:49:30.352+0300][18640][17704][debug][gc,phases] GC(17)     Prepare For Mutator: 0.0ms
[2025-06-17T22:49:30.352+0300][18640][17704][debug][gc,phases] GC(17)     Expand Heap After Collection: 0.0ms
[2025-06-17T22:49:30.352+0300][18640][17704][info ][gc,phases] GC(17)   Other: 0.1ms
[2025-06-17T22:49:30.352+0300][18640][17704][info ][gc,heap  ] GC(17) Eden regions: 1226->0(1227)
[2025-06-17T22:49:30.352+0300][18640][17704][info ][gc,heap  ] GC(17) Survivor regions: 2->1(154)
[2025-06-17T22:49:30.352+0300][18640][17704][info ][gc,heap  ] GC(17) Old regions: 10->12
[2025-06-17T22:49:30.352+0300][18640][17704][info ][gc,heap  ] GC(17) Humongous regions: 9->9
[2025-06-17T22:49:30.352+0300][18640][17704][debug][gc,heap  ] GC(17) Heap after GC invocations=18 (full 1):
[2025-06-17T22:49:30.352+0300][18640][17704][debug][gc,heap  ] GC(17)  garbage-first heap   total 2097152K, used 13842K [0x0000000080000000, 0x0000000100000000)
[2025-06-17T22:49:30.352+0300][18640][17704][debug][gc,heap  ] GC(17)   region size 1024K, 1 young (1024K), 1 survivors (1024K)
[2025-06-17T22:49:30.352+0300][18640][17704][debug][gc,heap  ] GC(17)  Metaspace       used 9007K, committed 9536K, reserved 1114112K
[2025-06-17T22:49:30.352+0300][18640][17704][debug][gc,heap  ] GC(17)   class space    used 978K, committed 1216K, reserved 1048576K
[2025-06-17T22:49:30.352+0300][18640][17704][info ][gc       ] GC(17) Pause Young (Normal) (G1 Evacuation Pause) 1239M->13M(2048M) 4.722ms
[2025-06-17T22:49:30.352+0300][18640][17704][info ][safepoint] Safepoint "G1CollectForAllocation", Time since last: 467231400 ns, Reaching safepoint: 410700 ns, Cleanup: 19900 ns, At safepoint: 4784000 ns, Total: 5214600 ns
[2025-06-17T22:49:30.902+0300][18640][17704][debug][safepoint] Safepoint synchronization initiated using striped semaphore wait barrier. (19 threads)
[2025-06-17T22:49:30.902+0300][18640][18340][debug][safepoint] ... found polling page loop exception at pc = 0x000001d3901b8945, stub =0x000001d38fbb6600
[2025-06-17T22:49:30.902+0300][18640][3328 ][debug][safepoint] ... found polling page loop exception at pc = 0x000001d3901d3c0a, stub =0x000001d38fbb6600
[2025-06-17T22:49:30.902+0300][18640][20832][debug][safepoint] ... found polling page loop exception at pc = 0x000001d3901b37e0, stub =0x000001d38fbb5d80
[2025-06-17T22:49:30.902+0300][18640][19764][debug][safepoint] ... found polling page loop exception at pc = 0x000001d3901b37e0, stub =0x000001d38fbb5d80
[2025-06-17T22:49:30.902+0300][18640][20836][debug][safepoint] ... found polling page loop exception at pc = 0x000001d3901b37e0, stub =0x000001d38fbb5d80
[2025-06-17T22:49:30.902+0300][18640][10428][debug][safepoint] ... found polling page loop exception at pc = 0x000001d3901b37e0, stub =0x000001d38fbb5d80
[2025-06-17T22:49:30.902+0300][18640][17704][debug][gc,heap  ] GC(18) Heap before GC invocations=18 (full 1):
[2025-06-17T22:49:30.902+0300][18640][17704][debug][gc,heap  ] GC(18)  garbage-first heap   total 2097152K, used 1270290K [0x0000000080000000, 0x0000000100000000)
[2025-06-17T22:49:30.902+0300][18640][17704][debug][gc,heap  ] GC(18)   region size 1024K, 1228 young (1257472K), 1 survivors (1024K)
[2025-06-17T22:49:30.902+0300][18640][17704][debug][gc,heap  ] GC(18)  Metaspace       used 9007K, committed 9536K, reserved 1114112K
[2025-06-17T22:49:30.902+0300][18640][17704][debug][gc,heap  ] GC(18)   class space    used 978K, committed 1216K, reserved 1048576K
[2025-06-17T22:49:30.902+0300][18640][17704][info ][gc,phases] GC(18)   Pre Evacuate Collection Set: 0.3ms
[2025-06-17T22:49:30.902+0300][18640][17704][debug][gc,phases] GC(18)     Pre Evacuate Prepare: 0.1ms
[2025-06-17T22:49:30.902+0300][18640][17704][debug][gc,phases] GC(18)       JT Retire TLABs And Flush Logs (ms): Min:  0.0, Avg:  0.0, Max:  0.0, Diff:  0.0, Sum:  0.0, Workers: 2
[2025-06-17T22:49:30.902+0300][18640][17704][debug][gc,phases] GC(18)       Non-JT Flush Logs (ms):        Min:  0.0, Avg:  0.0, Max:  0.0, Diff:  0.0, Sum:  0.0, Workers: 1
[2025-06-17T22:49:30.902+0300][18640][17704][debug][gc,phases] GC(18)     Choose Collection Set: 0.0ms
[2025-06-17T22:49:30.902+0300][18640][17704][debug][gc,phases] GC(18)     Region Register: 0.3ms
[2025-06-17T22:49:30.902+0300][18640][17704][debug][gc,phases] GC(18)     Prepare Heap Roots: 0.0ms
[2025-06-17T22:49:30.902+0300][18640][17704][info ][gc,phases] GC(18)   Merge Heap Roots: 0.2ms
[2025-06-17T22:49:30.902+0300][18640][17704][debug][gc,phases] GC(18)     Prepare Merge Heap Roots: 0.0ms
[2025-06-17T22:49:30.902+0300][18640][17704][debug][gc,phases] GC(18)     Remembered Sets (ms):          Min:  0.1, Avg:  0.1, Max:  0.1, Diff:  0.0, Sum:  0.9, Workers: 8
[2025-06-17T22:49:30.902+0300][18640][17704][debug][gc,phases] GC(18)       Eager Reclaim (ms):            Min:  0.0, Avg:  0.0, Max:  0.0, Diff:  0.0, Sum:  0.0, Workers: 1
[2025-06-17T22:49:30.902+0300][18640][17704][debug][gc,phases] GC(18)       Merged Inline                  Min: 0, Avg:  0.0, Max: 0, Diff: 0, Sum: 0, Workers: 8
[2025-06-17T22:49:30.902+0300][18640][17704][debug][gc,phases] GC(18)       Merged ArrayOfCards            Min: 0, Avg:  0.0, Max: 0, Diff: 0, Sum: 0, Workers: 8
[2025-06-17T22:49:30.902+0300][18640][17704][debug][gc,phases] GC(18)       Merged Howl                    Min: 0, Avg:  0.0, Max: 0, Diff: 0, Sum: 0, Workers: 8
[2025-06-17T22:49:30.902+0300][18640][17704][debug][gc,phases] GC(18)       Merged Full                    Min: 0, Avg:  0.0, Max: 0, Diff: 0, Sum: 0, Workers: 8
[2025-06-17T22:49:30.902+0300][18640][17704][debug][gc,phases] GC(18)       Merged Howl Inline             Min: 0, Avg:  0.0, Max: 0, Diff: 0, Sum: 0, Workers: 8
[2025-06-17T22:49:30.902+0300][18640][17704][debug][gc,phases] GC(18)       Merged Howl ArrayOfCards       Min: 0, Avg:  0.0, Max: 0, Diff: 0, Sum: 0, Workers: 8
[2025-06-17T22:49:30.902+0300][18640][17704][debug][gc,phases] GC(18)       Merged Howl BitMap             Min: 0, Avg:  0.0, Max: 0, Diff: 0, Sum: 0, Workers: 8
[2025-06-17T22:49:30.902+0300][18640][17704][debug][gc,phases] GC(18)       Merged Howl Full               Min: 0, Avg:  0.0, Max: 0, Diff: 0, Sum: 0, Workers: 8
[2025-06-17T22:49:30.902+0300][18640][17704][debug][gc,phases] GC(18)       Merged Cards                   Min: 8, Avg:  9.0, Max: 16, Diff: 8, Sum: 72, Workers: 8
[2025-06-17T22:49:30.902+0300][18640][17704][debug][gc,phases] GC(18)     Log Buffers (ms):              Min:  0.0, Avg:  0.0, Max:  0.0, Diff:  0.0, Sum:  0.0, Workers: 8
[2025-06-17T22:49:30.902+0300][18640][17704][debug][gc,phases] GC(18)       Dirty Cards:                   Min: 0, Avg:  8.8, Max: 49, Diff: 49, Sum: 70, Workers: 8
[2025-06-17T22:49:30.902+0300][18640][17704][debug][gc,phases] GC(18)       Skipped Cards:                 Min: 0, Avg:  0.0, Max: 0, Diff: 0, Sum: 0, Workers: 8
[2025-06-17T22:49:30.902+0300][18640][17704][info ][gc,phases] GC(18)   Evacuate Collection Set: 0.4ms
[2025-06-17T22:49:30.902+0300][18640][17704][debug][gc,phases] GC(18)     Ext Root Scanning (ms):        Min:  0.0, Avg:  0.1, Max:  0.1, Diff:  0.1, Sum:  0.5, Workers: 8
[2025-06-17T22:49:30.902+0300][18640][17704][debug][gc,phases] GC(18)     Scan Heap Roots (ms):          Min:  0.0, Avg:  0.0, Max:  0.0, Diff:  0.0, Sum:  0.2, Workers: 8
[2025-06-17T22:49:30.902+0300][18640][17704][debug][gc,phases] GC(18)       Scanned Cards:                 Min: 0, Avg:  8.8, Max: 15, Diff: 15, Sum: 70, Workers: 8
[2025-06-17T22:49:30.902+0300][18640][17704][debug][gc,phases] GC(18)       Scanned Blocks:                Min: 0, Avg:  7.0, Max: 12, Diff: 12, Sum: 56, Workers: 8
[2025-06-17T22:49:30.902+0300][18640][17704][debug][gc,phases] GC(18)       Claimed Chunks:                Min: 0, Avg:  4.0, Max: 6, Diff: 6, Sum: 32, Workers: 8
[2025-06-17T22:49:30.902+0300][18640][17704][debug][gc,phases] GC(18)       Found Roots:                   Min: 0, Avg: 31.4, Max: 61, Diff: 61, Sum: 251, Workers: 8
[2025-06-17T22:49:30.902+0300][18640][17704][debug][gc,phases] GC(18)     Code Root Scan (ms):           Min:  0.1, Avg:  0.1, Max:  0.2, Diff:  0.1, Sum:  1.0, Workers: 8
[2025-06-17T22:49:30.902+0300][18640][17704][debug][gc,phases] GC(18)       Scanned Nmethods               Min: 0, Avg:  2.5, Max: 10, Diff: 10, Sum: 20, Workers: 8
[2025-06-17T22:49:30.902+0300][18640][17704][debug][gc,phases] GC(18)     Object Copy (ms):              Min:  0.0, Avg:  0.1, Max:  0.1, Diff:  0.1, Sum:  0.6, Workers: 8
[2025-06-17T22:49:30.902+0300][18640][17704][debug][gc,phases] GC(18)     Termination (ms):              Min:  0.0, Avg:  0.0, Max:  0.0, Diff:  0.0, Sum:  0.1, Workers: 8
[2025-06-17T22:49:30.902+0300][18640][17704][debug][gc,phases] GC(18)       Termination Attempts:          Min: 1, Avg:  1.0, Max: 1, Diff: 0, Sum: 8, Workers: 8
[2025-06-17T22:49:30.902+0300][18640][17704][debug][gc,phases] GC(18)     GC Worker Other (ms):          Min:  0.1, Avg:  0.1, Max:  0.1, Diff:  0.0, Sum:  0.9, Workers: 8
[2025-06-17T22:49:30.902+0300][18640][17704][debug][gc,phases] GC(18)     GC Worker Total (ms):          Min:  0.4, Avg:  0.4, Max:  0.4, Diff:  0.0, Sum:  3.2, Workers: 8
[2025-06-17T22:49:30.902+0300][18640][17704][info ][gc,phases] GC(18)   Post Evacuate Collection Set: 0.7ms
[2025-06-17T22:49:30.902+0300][18640][17704][debug][gc,phases] GC(18)     NMethod List Cleanup: 0.0ms
[2025-06-17T22:49:30.902+0300][18640][17704][debug][gc,phases] GC(18)     Reference Processing: 0.1ms
[2025-06-17T22:49:30.902+0300][18640][17704][debug][gc,phases] GC(18)     Weak Processing: 0.1ms
[2025-06-17T22:49:30.902+0300][18640][17704][debug][gc,phases] GC(18)       VM Weak                        Min:  0.0, Avg:  0.0, Max:  0.0, Diff:  0.0, Sum:  0.0, Workers: 8
[2025-06-17T22:49:30.902+0300][18640][17704][debug][gc,phases] GC(18)         Dead                           Min: 0, Avg:  0.0, Max: 0, Diff: 0, Sum: 0, Workers: 8
[2025-06-17T22:49:30.902+0300][18640][17704][debug][gc,phases] GC(18)         Total                          Min: 0, Avg: 46.8, Max: 192, Diff: 192, Sum: 374, Workers: 8
[2025-06-17T22:49:30.902+0300][18640][17704][debug][gc,phases] GC(18)       ObjectSynchronizer Weak        Min:  0.0, Avg:  0.0, Max:  0.0, Diff:  0.0, Sum:  0.0, Workers: 8
[2025-06-17T22:49:30.902+0300][18640][17704][debug][gc,phases] GC(18)         Dead                           Min: 0, Avg:  0.0, Max: 0, Diff: 0, Sum: 0, Workers: 8
[2025-06-17T22:49:30.902+0300][18640][17704][debug][gc,phases] GC(18)         Total                          Min: 0, Avg: 17.4, Max: 64, Diff: 64, Sum: 139, Workers: 8
[2025-06-17T22:49:30.902+0300][18640][17704][debug][gc,phases] GC(18)       JVMTI Tag Weak OopStorage      Min:  0.0, Avg:  0.0, Max:  0.0, Diff:  0.0, Sum:  0.0, Workers: 8
[2025-06-17T22:49:30.902+0300][18640][17704][debug][gc,phases] GC(18)         Dead                           Min: 0, Avg:  0.0, Max: 0, Diff: 0, Sum: 0, Workers: 8
[2025-06-17T22:49:30.902+0300][18640][17704][debug][gc,phases] GC(18)         Total                          Min: 0, Avg:  0.0, Max: 0, Diff: 0, Sum: 0, Workers: 8
[2025-06-17T22:49:30.902+0300][18640][17704][debug][gc,phases] GC(18)       StringTable Weak               Min:  0.0, Avg:  0.0, Max:  0.0, Diff:  0.0, Sum:  0.1, Workers: 8
[2025-06-17T22:49:30.902+0300][18640][17704][debug][gc,phases] GC(18)         Dead                           Min: 0, Avg:  0.0, Max: 0, Diff: 0, Sum: 0, Workers: 8
[2025-06-17T22:49:30.902+0300][18640][17704][debug][gc,phases] GC(18)         Total                          Min: 704, Avg: 781.9, Max: 879, Diff: 175, Sum: 6255, Workers: 8
[2025-06-17T22:49:30.902+0300][18640][17704][debug][gc,phases] GC(18)       ResolvedMethodTable Weak       Min:  0.0, Avg:  0.0, Max:  0.0, Diff:  0.0, Sum:  0.0, Workers: 8
[2025-06-17T22:49:30.902+0300][18640][17704][debug][gc,phases] GC(18)         Dead                           Min: 0, Avg:  0.0, Max: 0, Diff: 0, Sum: 0, Workers: 8
[2025-06-17T22:49:30.902+0300][18640][17704][debug][gc,phases] GC(18)         Total                          Min: 0, Avg: 109.2, Max: 192, Diff: 192, Sum: 874, Workers: 8
[2025-06-17T22:49:30.902+0300][18640][17704][debug][gc,phases] GC(18)       JNI Weak                       Min:  0.0, Avg:  0.0, Max:  0.0, Diff:  0.0, Sum:  0.0, Workers: 8
[2025-06-17T22:49:30.902+0300][18640][17704][debug][gc,phases] GC(18)         Dead                           Min: 0, Avg:  0.0, Max: 0, Diff: 0, Sum: 0, Workers: 8
[2025-06-17T22:49:30.902+0300][18640][17704][debug][gc,phases] GC(18)         Total                          Min: 0, Avg:  0.0, Max: 0, Diff: 0, Sum: 0, Workers: 8
[2025-06-17T22:49:30.902+0300][18640][17704][debug][gc,phases] GC(18)       StringDedup Table Weak         Min:  0.0, Avg:  0.0, Max:  0.0, Diff:  0.0, Sum:  0.0, Workers: 8
[2025-06-17T22:49:30.902+0300][18640][17704][debug][gc,phases] GC(18)         Dead                           Min: 0, Avg:  0.0, Max: 0, Diff: 0, Sum: 0, Workers: 8
[2025-06-17T22:49:30.902+0300][18640][17704][debug][gc,phases] GC(18)         Total                          Min: 0, Avg:  0.0, Max: 0, Diff: 0, Sum: 0, Workers: 8
[2025-06-17T22:49:30.902+0300][18640][17704][debug][gc,phases] GC(18)       StringDedup Requests0 Weak     Min:  0.0, Avg:  0.0, Max:  0.0, Diff:  0.0, Sum:  0.0, Workers: 8
[2025-06-17T22:49:30.902+0300][18640][17704][debug][gc,phases] GC(18)         Dead                           Min: 0, Avg:  0.0, Max: 0, Diff: 0, Sum: 0, Workers: 8
[2025-06-17T22:49:30.902+0300][18640][17704][debug][gc,phases] GC(18)         Total                          Min: 0, Avg:  0.0, Max: 0, Diff: 0, Sum: 0, Workers: 8
[2025-06-17T22:49:30.902+0300][18640][17704][debug][gc,phases] GC(18)       StringDedup Requests1 Weak     Min:  0.0, Avg:  0.0, Max:  0.0, Diff:  0.0, Sum:  0.0, Workers: 8
[2025-06-17T22:49:30.902+0300][18640][17704][debug][gc,phases] GC(18)         Dead                           Min: 0, Avg:  0.0, Max: 0, Diff: 0, Sum: 0, Workers: 8
[2025-06-17T22:49:30.902+0300][18640][17704][debug][gc,phases] GC(18)         Total                          Min: 0, Avg:  0.0, Max: 0, Diff: 0, Sum: 0, Workers: 8
[2025-06-17T22:49:30.902+0300][18640][17704][debug][gc,phases] GC(18)       Weak JFR Old Object Samples    Min:  0.0, Avg:  0.0, Max:  0.0, Diff:  0.0, Sum:  0.0, Workers: 8
[2025-06-17T22:49:30.902+0300][18640][17704][debug][gc,phases] GC(18)         Dead                           Min: 0, Avg:  0.0, Max: 0, Diff: 0, Sum: 0, Workers: 8
[2025-06-17T22:49:30.902+0300][18640][17704][debug][gc,phases] GC(18)         Total                          Min: 0, Avg:  0.0, Max: 0, Diff: 0, Sum: 0, Workers: 8
[2025-06-17T22:49:30.902+0300][18640][17704][debug][gc,phases] GC(18)     Post Evacuate Cleanup 1: 0.2ms
[2025-06-17T22:49:30.902+0300][18640][17704][debug][gc,phases] GC(18)       Merge Per-Thread State (ms):   Min:  0.0, Avg:  0.0, Max:  0.0, Diff:  0.0, Sum:  0.0, Workers: 1
[2025-06-17T22:49:30.902+0300][18640][17704][debug][gc,phases] GC(18)         Copied Bytes                   Min: 1232, Avg: 61640.0, Max: 107864, Diff: 106632, Sum: 493120, Workers: 8
[2025-06-17T22:49:30.902+0300][18640][17704][debug][gc,phases] GC(18)         LAB Waste                      Min: 0, Avg: 101.0, Max: 352, Diff: 352, Sum: 808, Workers: 8
[2025-06-17T22:49:30.902+0300][18640][17704][debug][gc,phases] GC(18)         LAB Undo Waste                 Min: 0, Avg:  0.0, Max: 0, Diff: 0, Sum: 0, Workers: 8
[2025-06-17T22:49:30.902+0300][18640][17704][debug][gc,phases] GC(18)       Clear Logged Cards (ms):       Min:  0.0, Avg:  0.1, Max:  0.2, Diff:  0.2, Sum:  0.3, Workers: 5
[2025-06-17T22:49:30.902+0300][18640][17704][debug][gc,phases] GC(18)       Recalculate Used Memory (ms):  Min:  0.0, Avg:  0.0, Max:  0.0, Diff:  0.0, Sum:  0.0, Workers: 1
[2025-06-17T22:49:30.902+0300][18640][17704][debug][gc,phases] GC(18)     Post Evacuate Cleanup 2: 0.3ms
[2025-06-17T22:49:30.902+0300][18640][17704][debug][gc,phases] GC(18)       Update Derived Pointers (ms):  Min:  0.0, Avg:  0.0, Max:  0.0, Diff:  0.0, Sum:  0.0, Workers: 1
[2025-06-17T22:49:30.902+0300][18640][17704][debug][gc,phases] GC(18)       Eagerly Reclaim Humongous Objects (ms): Min:  0.0, Avg:  0.0, Max:  0.0, Diff:  0.0, Sum:  0.0, Workers: 1
[2025-06-17T22:49:30.906+0300][18640][17704][debug][gc,phases] GC(18)         Humongous Total                Min: 3, Avg:  3.0, Max: 3, Diff: 0, Sum: 3, Workers: 1
[2025-06-17T22:49:30.906+0300][18640][17704][debug][gc,phases] GC(18)         Humongous Candidates           Min: 3, Avg:  3.0, Max: 3, Diff: 0, Sum: 3, Workers: 1
[2025-06-17T22:49:30.906+0300][18640][17704][debug][gc,phases] GC(18)         Humongous Reclaimed            Min: 0, Avg:  0.0, Max: 0, Diff: 0, Sum: 0, Workers: 1
[2025-06-17T22:49:30.906+0300][18640][17704][debug][gc,phases] GC(18)       Redirty Logged Cards (ms):     Min:  0.0, Avg:  0.0, Max:  0.0, Diff:  0.0, Sum:  0.0, Workers: 8
[2025-06-17T22:49:30.906+0300][18640][17704][debug][gc,phases] GC(18)         Redirtied Cards:               Min: 0, Avg:  5.4, Max: 37, Diff: 37, Sum: 43, Workers: 8
[2025-06-17T22:49:30.906+0300][18640][17704][debug][gc,phases] GC(18)       Resize TLABs (ms):             Min:  0.0, Avg:  0.0, Max:  0.0, Diff:  0.0, Sum:  0.0, Workers: 8
[2025-06-17T22:49:30.906+0300][18640][17704][debug][gc,phases] GC(18)       Free Collection Set (ms):      Min:  0.0, Avg:  0.2, Max:  0.3, Diff:  0.2, Sum:  1.8, Workers: 8
[2025-06-17T22:49:30.906+0300][18640][17704][debug][gc,phases] GC(18)     Rebuild Free List: 0.1ms
[2025-06-17T22:49:30.906+0300][18640][17704][debug][gc,phases] GC(18)     Prepare For Mutator: 0.0ms
[2025-06-17T22:49:30.906+0300][18640][17704][debug][gc,phases] GC(18)     Expand Heap After Collection: 0.0ms
[2025-06-17T22:49:30.906+0300][18640][17704][info ][gc,phases] GC(18)   Other: 0.1ms
[2025-06-17T22:49:30.906+0300][18640][17704][info ][gc,heap  ] GC(18) Eden regions: 1227->0(1227)
[2025-06-17T22:49:30.906+0300][18640][17704][info ][gc,heap  ] GC(18) Survivor regions: 1->1(154)
[2025-06-17T22:49:30.906+0300][18640][17704][info ][gc,heap  ] GC(18) Old regions: 12->12
[2025-06-17T22:49:30.906+0300][18640][17704][info ][gc,heap  ] GC(18) Humongous regions: 9->9
[2025-06-17T22:49:30.906+0300][18640][17704][debug][gc,heap  ] GC(18) Heap after GC invocations=19 (full 1):
[2025-06-17T22:49:30.906+0300][18640][17704][debug][gc,heap  ] GC(18)  garbage-first heap   total 2097152K, used 13926K [0x0000000080000000, 0x0000000100000000)
[2025-06-17T22:49:30.906+0300][18640][17704][debug][gc,heap  ] GC(18)   region size 1024K, 1 young (1024K), 1 survivors (1024K)
[2025-06-17T22:49:30.906+0300][18640][17704][debug][gc,heap  ] GC(18)  Metaspace       used 9007K, committed 9536K, reserved 1114112K
[2025-06-17T22:49:30.906+0300][18640][17704][debug][gc,heap  ] GC(18)   class space    used 978K, committed 1216K, reserved 1048576K
[2025-06-17T22:49:30.906+0300][18640][17704][info ][gc       ] GC(18) Pause Young (Normal) (G1 Evacuation Pause) 1240M->13M(2048M) 3.556ms
[2025-06-17T22:49:30.906+0300][18640][17704][info ][safepoint] Safepoint "G1CollectForAllocation", Time since last: 545078400 ns, Reaching safepoint: 410000 ns, Cleanup: 6900 ns, At safepoint: 3611700 ns, Total: 4028600 ns
[2025-06-17T22:49:31.538+0300][18640][17704][debug][safepoint] Safepoint synchronization initiated using striped semaphore wait barrier. (19 threads)
[2025-06-17T22:49:31.538+0300][18640][20836][debug][safepoint] ... found polling page loop exception at pc = 0x000001d3901b37e0, stub =0x000001d38fbb5d80
[2025-06-17T22:49:31.538+0300][18640][18340][debug][safepoint] ... found polling page loop exception at pc = 0x000001d3901b87f0, stub =0x000001d38fbb6600
[2025-06-17T22:49:31.538+0300][18640][17180][debug][safepoint] ... found polling page loop exception at pc = 0x000001d3901b37e0, stub =0x000001d38fbb5d80
[2025-06-17T22:49:31.538+0300][18640][10428][debug][safepoint] ... found polling page loop exception at pc = 0x000001d3901b37e0, stub =0x000001d38fbb5d80
[2025-06-17T22:49:31.538+0300][18640][19764][debug][safepoint] ... found polling page loop exception at pc = 0x000001d3901b37e0, stub =0x000001d38fbb5d80
[2025-06-17T22:49:31.538+0300][18640][17704][debug][gc,heap  ] GC(19) Heap before GC invocations=19 (full 1):
[2025-06-17T22:49:31.538+0300][18640][17704][debug][gc,heap  ] GC(19)  garbage-first heap   total 2097152K, used 1270374K [0x0000000080000000, 0x0000000100000000)
[2025-06-17T22:49:31.538+0300][18640][17704][debug][gc,heap  ] GC(19)   region size 1024K, 1228 young (1257472K), 1 survivors (1024K)
[2025-06-17T22:49:31.538+0300][18640][17704][debug][gc,heap  ] GC(19)  Metaspace       used 9009K, committed 9536K, reserved 1114112K
[2025-06-17T22:49:31.538+0300][18640][17704][debug][gc,heap  ] GC(19)   class space    used 978K, committed 1216K, reserved 1048576K
[2025-06-17T22:49:31.538+0300][18640][17704][info ][gc,phases] GC(19)   Pre Evacuate Collection Set: 0.7ms
[2025-06-17T22:49:31.538+0300][18640][17704][debug][gc,phases] GC(19)     Pre Evacuate Prepare: 0.1ms
[2025-06-17T22:49:31.538+0300][18640][17704][debug][gc,phases] GC(19)       JT Retire TLABs And Flush Logs (ms): Min:  0.0, Avg:  0.0, Max:  0.0, Diff:  0.0, Sum:  0.0, Workers: 2
[2025-06-17T22:49:31.538+0300][18640][17704][debug][gc,phases] GC(19)       Non-JT Flush Logs (ms):        Min:  0.0, Avg:  0.0, Max:  0.0, Diff:  0.0, Sum:  0.0, Workers: 1
[2025-06-17T22:49:31.538+0300][18640][17704][debug][gc,phases] GC(19)     Choose Collection Set: 0.0ms
[2025-06-17T22:49:31.538+0300][18640][17704][debug][gc,phases] GC(19)     Region Register: 0.6ms
[2025-06-17T22:49:31.538+0300][18640][17704][debug][gc,phases] GC(19)     Prepare Heap Roots: 0.0ms
[2025-06-17T22:49:31.538+0300][18640][17704][info ][gc,phases] GC(19)   Merge Heap Roots: 0.2ms
[2025-06-17T22:49:31.538+0300][18640][17704][debug][gc,phases] GC(19)     Prepare Merge Heap Roots: 0.0ms
[2025-06-17T22:49:31.538+0300][18640][17704][debug][gc,phases] GC(19)     Remembered Sets (ms):          Min:  0.0, Avg:  0.1, Max:  0.1, Diff:  0.1, Sum:  0.9, Workers: 8
[2025-06-17T22:49:31.538+0300][18640][17704][debug][gc,phases] GC(19)       Eager Reclaim (ms):            Min:  0.0, Avg:  0.0, Max:  0.0, Diff:  0.0, Sum:  0.0, Workers: 1
[2025-06-17T22:49:31.538+0300][18640][17704][debug][gc,phases] GC(19)       Merged Inline                  Min: 0, Avg:  0.0, Max: 0, Diff: 0, Sum: 0, Workers: 8
[2025-06-17T22:49:31.538+0300][18640][17704][debug][gc,phases] GC(19)       Merged ArrayOfCards            Min: 0, Avg:  0.0, Max: 0, Diff: 0, Sum: 0, Workers: 8
[2025-06-17T22:49:31.538+0300][18640][17704][debug][gc,phases] GC(19)       Merged Howl                    Min: 0, Avg:  0.0, Max: 0, Diff: 0, Sum: 0, Workers: 8
[2025-06-17T22:49:31.538+0300][18640][17704][debug][gc,phases] GC(19)       Merged Full                    Min: 0, Avg:  0.0, Max: 0, Diff: 0, Sum: 0, Workers: 8
[2025-06-17T22:49:31.538+0300][18640][17704][debug][gc,phases] GC(19)       Merged Howl Inline             Min: 0, Avg:  0.0, Max: 0, Diff: 0, Sum: 0, Workers: 8
[2025-06-17T22:49:31.538+0300][18640][17704][debug][gc,phases] GC(19)       Merged Howl ArrayOfCards       Min: 0, Avg:  0.0, Max: 0, Diff: 0, Sum: 0, Workers: 8
[2025-06-17T22:49:31.538+0300][18640][17704][debug][gc,phases] GC(19)       Merged Howl BitMap             Min: 0, Avg:  0.0, Max: 0, Diff: 0, Sum: 0, Workers: 8
[2025-06-17T22:49:31.538+0300][18640][17704][debug][gc,phases] GC(19)       Merged Howl Full               Min: 0, Avg:  0.0, Max: 0, Diff: 0, Sum: 0, Workers: 8
[2025-06-17T22:49:31.538+0300][18640][17704][debug][gc,phases] GC(19)       Merged Cards                   Min: 8, Avg:  9.0, Max: 16, Diff: 8, Sum: 72, Workers: 8
[2025-06-17T22:49:31.538+0300][18640][17704][debug][gc,phases] GC(19)     Log Buffers (ms):              Min:  0.0, Avg:  0.0, Max:  0.0, Diff:  0.0, Sum:  0.0, Workers: 8
[2025-06-17T22:49:31.538+0300][18640][17704][debug][gc,phases] GC(19)       Dirty Cards:                   Min: 0, Avg:  6.2, Max: 42, Diff: 42, Sum: 50, Workers: 8
[2025-06-17T22:49:31.538+0300][18640][17704][debug][gc,phases] GC(19)       Skipped Cards:                 Min: 0, Avg:  0.0, Max: 0, Diff: 0, Sum: 0, Workers: 8
[2025-06-17T22:49:31.538+0300][18640][17704][info ][gc,phases] GC(19)   Evacuate Collection Set: 0.7ms
[2025-06-17T22:49:31.538+0300][18640][17704][debug][gc,phases] GC(19)     Ext Root Scanning (ms):        Min:  0.0, Avg:  0.1, Max:  0.2, Diff:  0.2, Sum:  0.6, Workers: 8
[2025-06-17T22:49:31.538+0300][18640][17704][debug][gc,phases] GC(19)     Scan Heap Roots (ms):          Min:  0.0, Avg:  0.0, Max:  0.0, Diff:  0.0, Sum:  0.1, Workers: 8
[2025-06-17T22:49:31.538+0300][18640][17704][debug][gc,phases] GC(19)       Scanned Cards:                 Min: 0, Avg:  6.2, Max: 17, Diff: 17, Sum: 50, Workers: 8
[2025-06-17T22:49:31.538+0300][18640][17704][debug][gc,phases] GC(19)       Scanned Blocks:                Min: 0, Avg:  5.8, Max: 17, Diff: 17, Sum: 46, Workers: 8
[2025-06-17T22:49:31.538+0300][18640][17704][debug][gc,phases] GC(19)       Claimed Chunks:                Min: 0, Avg:  3.8, Max: 10, Diff: 10, Sum: 30, Workers: 8
[2025-06-17T22:49:31.538+0300][18640][17704][debug][gc,phases] GC(19)       Found Roots:                   Min: 0, Avg: 15.9, Max: 58, Diff: 58, Sum: 127, Workers: 8
[2025-06-17T22:49:31.538+0300][18640][17704][debug][gc,phases] GC(19)     Code Root Scan (ms):           Min:  0.1, Avg:  0.1, Max:  0.2, Diff:  0.1, Sum:  1.1, Workers: 8
[2025-06-17T22:49:31.538+0300][18640][17704][debug][gc,phases] GC(19)       Scanned Nmethods               Min: 0, Avg:  2.4, Max: 12, Diff: 12, Sum: 19, Workers: 8
[2025-06-17T22:49:31.538+0300][18640][17704][debug][gc,phases] GC(19)     Object Copy (ms):              Min:  0.0, Avg:  0.1, Max:  0.1, Diff:  0.1, Sum:  0.5, Workers: 8
[2025-06-17T22:49:31.538+0300][18640][17704][debug][gc,phases] GC(19)     Termination (ms):              Min:  0.1, Avg:  0.2, Max:  0.2, Diff:  0.2, Sum:  1.8, Workers: 8
[2025-06-17T22:49:31.538+0300][18640][17704][debug][gc,phases] GC(19)       Termination Attempts:          Min: 1, Avg:  1.2, Max: 2, Diff: 1, Sum: 10, Workers: 8
[2025-06-17T22:49:31.538+0300][18640][17704][debug][gc,phases] GC(19)     GC Worker Other (ms):          Min:  0.1, Avg:  0.1, Max:  0.2, Diff:  0.1, Sum:  0.9, Workers: 8
[2025-06-17T22:49:31.538+0300][18640][17704][debug][gc,phases] GC(19)     GC Worker Total (ms):          Min:  0.4, Avg:  0.6, Max:  0.6, Diff:  0.2, Sum:  4.9, Workers: 8
[2025-06-17T22:49:31.538+0300][18640][17704][info ][gc,phases] GC(19)   Post Evacuate Collection Set: 0.6ms
[2025-06-17T22:49:31.538+0300][18640][17704][debug][gc,phases] GC(19)     NMethod List Cleanup: 0.0ms
[2025-06-17T22:49:31.538+0300][18640][17704][debug][gc,phases] GC(19)     Reference Processing: 0.1ms
[2025-06-17T22:49:31.538+0300][18640][17704][debug][gc,phases] GC(19)     Weak Processing: 0.1ms
[2025-06-17T22:49:31.538+0300][18640][17704][debug][gc,phases] GC(19)       VM Weak                        Min:  0.0, Avg:  0.0, Max:  0.0, Diff:  0.0, Sum:  0.0, Workers: 8
[2025-06-17T22:49:31.538+0300][18640][17704][debug][gc,phases] GC(19)         Dead                           Min: 0, Avg:  0.0, Max: 0, Diff: 0, Sum: 0, Workers: 8
[2025-06-17T22:49:31.538+0300][18640][17704][debug][gc,phases] GC(19)         Total                          Min: 0, Avg: 46.8, Max: 320, Diff: 320, Sum: 374, Workers: 8
[2025-06-17T22:49:31.538+0300][18640][17704][debug][gc,phases] GC(19)       ObjectSynchronizer Weak        Min:  0.0, Avg:  0.0, Max:  0.0, Diff:  0.0, Sum:  0.0, Workers: 8
[2025-06-17T22:49:31.538+0300][18640][17704][debug][gc,phases] GC(19)         Dead                           Min: 0, Avg:  0.0, Max: 0, Diff: 0, Sum: 0, Workers: 8
[2025-06-17T22:49:31.538+0300][18640][17704][debug][gc,phases] GC(19)         Total                          Min: 0, Avg: 17.4, Max: 64, Diff: 64, Sum: 139, Workers: 8
[2025-06-17T22:49:31.538+0300][18640][17704][debug][gc,phases] GC(19)       JVMTI Tag Weak OopStorage      Min:  0.0, Avg:  0.0, Max:  0.0, Diff:  0.0, Sum:  0.0, Workers: 8
[2025-06-17T22:49:31.538+0300][18640][17704][debug][gc,phases] GC(19)         Dead                           Min: 0, Avg:  0.0, Max: 0, Diff: 0, Sum: 0, Workers: 8
[2025-06-17T22:49:31.538+0300][18640][17704][debug][gc,phases] GC(19)         Total                          Min: 0, Avg:  0.0, Max: 0, Diff: 0, Sum: 0, Workers: 8
[2025-06-17T22:49:31.538+0300][18640][17704][debug][gc,phases] GC(19)       StringTable Weak               Min:  0.0, Avg:  0.0, Max:  0.0, Diff:  0.0, Sum:  0.1, Workers: 8
[2025-06-17T22:49:31.538+0300][18640][17704][debug][gc,phases] GC(19)         Dead                           Min: 0, Avg:  0.0, Max: 0, Diff: 0, Sum: 0, Workers: 8
[2025-06-17T22:49:31.538+0300][18640][17704][debug][gc,phases] GC(19)         Total                          Min: 704, Avg: 781.9, Max: 832, Diff: 128, Sum: 6255, Workers: 8
[2025-06-17T22:49:31.538+0300][18640][17704][debug][gc,phases] GC(19)       ResolvedMethodTable Weak       Min:  0.0, Avg:  0.0, Max:  0.0, Diff:  0.0, Sum:  0.0, Workers: 8
[2025-06-17T22:49:31.538+0300][18640][17704][debug][gc,phases] GC(19)         Dead                           Min: 0, Avg:  0.0, Max: 0, Diff: 0, Sum: 0, Workers: 8
[2025-06-17T22:49:31.538+0300][18640][17704][debug][gc,phases] GC(19)         Total                          Min: 0, Avg: 109.2, Max: 192, Diff: 192, Sum: 874, Workers: 8
[2025-06-17T22:49:31.538+0300][18640][17704][debug][gc,phases] GC(19)       JNI Weak                       Min:  0.0, Avg:  0.0, Max:  0.0, Diff:  0.0, Sum:  0.0, Workers: 8
[2025-06-17T22:49:31.538+0300][18640][17704][debug][gc,phases] GC(19)         Dead                           Min: 0, Avg:  0.0, Max: 0, Diff: 0, Sum: 0, Workers: 8
[2025-06-17T22:49:31.538+0300][18640][17704][debug][gc,phases] GC(19)         Total                          Min: 0, Avg:  0.0, Max: 0, Diff: 0, Sum: 0, Workers: 8
[2025-06-17T22:49:31.538+0300][18640][17704][debug][gc,phases] GC(19)       StringDedup Table Weak         Min:  0.0, Avg:  0.0, Max:  0.0, Diff:  0.0, Sum:  0.0, Workers: 8
[2025-06-17T22:49:31.538+0300][18640][17704][debug][gc,phases] GC(19)         Dead                           Min: 0, Avg:  0.0, Max: 0, Diff: 0, Sum: 0, Workers: 8
[2025-06-17T22:49:31.538+0300][18640][17704][debug][gc,phases] GC(19)         Total                          Min: 0, Avg:  0.0, Max: 0, Diff: 0, Sum: 0, Workers: 8
[2025-06-17T22:49:31.538+0300][18640][17704][debug][gc,phases] GC(19)       StringDedup Requests0 Weak     Min:  0.0, Avg:  0.0, Max:  0.0, Diff:  0.0, Sum:  0.0, Workers: 8
[2025-06-17T22:49:31.538+0300][18640][17704][debug][gc,phases] GC(19)         Dead                           Min: 0, Avg:  0.0, Max: 0, Diff: 0, Sum: 0, Workers: 8
[2025-06-17T22:49:31.538+0300][18640][17704][debug][gc,phases] GC(19)         Total                          Min: 0, Avg:  0.0, Max: 0, Diff: 0, Sum: 0, Workers: 8
[2025-06-17T22:49:31.538+0300][18640][17704][debug][gc,phases] GC(19)       StringDedup Requests1 Weak     Min:  0.0, Avg:  0.0, Max:  0.0, Diff:  0.0, Sum:  0.0, Workers: 8
[2025-06-17T22:49:31.538+0300][18640][17704][debug][gc,phases] GC(19)         Dead                           Min: 0, Avg:  0.0, Max: 0, Diff: 0, Sum: 0, Workers: 8
[2025-06-17T22:49:31.538+0300][18640][17704][debug][gc,phases] GC(19)         Total                          Min: 0, Avg:  0.0, Max: 0, Diff: 0, Sum: 0, Workers: 8
[2025-06-17T22:49:31.538+0300][18640][17704][debug][gc,phases] GC(19)       Weak JFR Old Object Samples    Min:  0.0, Avg:  0.0, Max:  0.0, Diff:  0.0, Sum:  0.0, Workers: 8
[2025-06-17T22:49:31.538+0300][18640][17704][debug][gc,phases] GC(19)         Dead                           Min: 0, Avg:  0.0, Max: 0, Diff: 0, Sum: 0, Workers: 8
[2025-06-17T22:49:31.538+0300][18640][17704][debug][gc,phases] GC(19)         Total                          Min: 0, Avg:  0.0, Max: 0, Diff: 0, Sum: 0, Workers: 8
[2025-06-17T22:49:31.538+0300][18640][17704][debug][gc,phases] GC(19)     Post Evacuate Cleanup 1: 0.1ms
[2025-06-17T22:49:31.538+0300][18640][17704][debug][gc,phases] GC(19)       Merge Per-Thread State (ms):   Min:  0.0, Avg:  0.0, Max:  0.0, Diff:  0.0, Sum:  0.0, Workers: 1
[2025-06-17T22:49:31.538+0300][18640][17704][debug][gc,phases] GC(19)         Copied Bytes                   Min: 0, Avg: 59174.0, Max: 150080, Diff: 150080, Sum: 473392, Workers: 8
[2025-06-17T22:49:31.538+0300][18640][17704][debug][gc,phases] GC(19)         LAB Waste                      Min: 0, Avg: 140.0, Max: 472, Diff: 472, Sum: 1120, Workers: 8
[2025-06-17T22:49:31.538+0300][18640][17704][debug][gc,phases] GC(19)         LAB Undo Waste                 Min: 0, Avg:  0.0, Max: 0, Diff: 0, Sum: 0, Workers: 8
[2025-06-17T22:49:31.538+0300][18640][17704][debug][gc,phases] GC(19)       Clear Logged Cards (ms):       Min:  0.0, Avg:  0.0, Max:  0.1, Diff:  0.1, Sum:  0.2, Workers: 5
[2025-06-17T22:49:31.538+0300][18640][17704][debug][gc,phases] GC(19)       Recalculate Used Memory (ms):  Min:  0.0, Avg:  0.0, Max:  0.0, Diff:  0.0, Sum:  0.0, Workers: 1
[2025-06-17T22:49:31.538+0300][18640][17704][debug][gc,phases] GC(19)     Post Evacuate Cleanup 2: 0.3ms
[2025-06-17T22:49:31.538+0300][18640][17704][debug][gc,phases] GC(19)       Update Derived Pointers (ms):  Min:  0.0, Avg:  0.0, Max:  0.0, Diff:  0.0, Sum:  0.0, Workers: 1
[2025-06-17T22:49:31.538+0300][18640][17704][debug][gc,phases] GC(19)       Eagerly Reclaim Humongous Objects (ms): Min:  0.0, Avg:  0.0, Max:  0.0, Diff:  0.0, Sum:  0.0, Workers: 1
[2025-06-17T22:49:31.538+0300][18640][17704][debug][gc,phases] GC(19)         Humongous Total                Min: 3, Avg:  3.0, Max: 3, Diff: 0, Sum: 3, Workers: 1
[2025-06-17T22:49:31.538+0300][18640][17704][debug][gc,phases] GC(19)         Humongous Candidates           Min: 3, Avg:  3.0, Max: 3, Diff: 0, Sum: 3, Workers: 1
[2025-06-17T22:49:31.538+0300][18640][17704][debug][gc,phases] GC(19)         Humongous Reclaimed            Min: 0, Avg:  0.0, Max: 0, Diff: 0, Sum: 0, Workers: 1
[2025-06-17T22:49:31.538+0300][18640][17704][debug][gc,phases] GC(19)       Redirty Logged Cards (ms):     Min:  0.0, Avg:  0.0, Max:  0.0, Diff:  0.0, Sum:  0.0, Workers: 8
[2025-06-17T22:49:31.538+0300][18640][17704][debug][gc,phases] GC(19)         Redirtied Cards:               Min: 0, Avg:  3.6, Max: 10, Diff: 10, Sum: 29, Workers: 8
[2025-06-17T22:49:31.538+0300][18640][17704][debug][gc,phases] GC(19)       Resize TLABs (ms):             Min:  0.0, Avg:  0.0, Max:  0.0, Diff:  0.0, Sum:  0.0, Workers: 8
[2025-06-17T22:49:31.538+0300][18640][17704][debug][gc,phases] GC(19)       Free Collection Set (ms):      Min:  0.2, Avg:  0.2, Max:  0.2, Diff:  0.0, Sum:  1.7, Workers: 8
[2025-06-17T22:49:31.538+0300][18640][17704][debug][gc,phases] GC(19)     Rebuild Free List: 0.1ms
[2025-06-17T22:49:31.538+0300][18640][17704][debug][gc,phases] GC(19)     Prepare For Mutator: 0.0ms
[2025-06-17T22:49:31.538+0300][18640][17704][debug][gc,phases] GC(19)     Expand Heap After Collection: 0.0ms
[2025-06-17T22:49:31.538+0300][18640][17704][info ][gc,phases] GC(19)   Other: 0.1ms
[2025-06-17T22:49:31.538+0300][18640][17704][info ][gc,heap  ] GC(19) Eden regions: 1227->0(1227)
[2025-06-17T22:49:31.538+0300][18640][17704][info ][gc,heap  ] GC(19) Survivor regions: 1->1(154)
[2025-06-17T22:49:31.538+0300][18640][17704][info ][gc,heap  ] GC(19) Old regions: 12->12
[2025-06-17T22:49:31.538+0300][18640][17704][info ][gc,heap  ] GC(19) Humongous regions: 9->9
[2025-06-17T22:49:31.538+0300][18640][17704][debug][gc,heap  ] GC(19) Heap after GC invocations=20 (full 1):
[2025-06-17T22:49:31.538+0300][18640][17704][debug][gc,heap  ] GC(19)  garbage-first heap   total 2097152K, used 13905K [0x0000000080000000, 0x0000000100000000)
[2025-06-17T22:49:31.538+0300][18640][17704][debug][gc,heap  ] GC(19)   region size 1024K, 1 young (1024K), 1 survivors (1024K)
[2025-06-17T22:49:31.538+0300][18640][17704][debug][gc,heap  ] GC(19)  Metaspace       used 9009K, committed 9536K, reserved 1114112K
[2025-06-17T22:49:31.538+0300][18640][17704][debug][gc,heap  ] GC(19)   class space    used 978K, committed 1216K, reserved 1048576K
[2025-06-17T22:49:31.538+0300][18640][17704][info ][gc       ] GC(19) Pause Young (Normal) (G1 Evacuation Pause) 1240M->13M(2048M) 3.833ms
[2025-06-17T22:49:31.538+0300][18640][17704][info ][safepoint] Safepoint "G1CollectForAllocation", Time since last: 633632200 ns, Reaching safepoint: 413000 ns, Cleanup: 13700 ns, At safepoint: 3885100 ns, Total: 4311800 ns
[2025-06-17T22:49:32.111+0300][18640][17704][debug][safepoint] Safepoint synchronization initiated using striped semaphore wait barrier. (19 threads)
[2025-06-17T22:49:32.111+0300][18640][19764][debug][safepoint] ... found polling page loop exception at pc = 0x000001d3901b37e0, stub =0x000001d38fbb5d80
[2025-06-17T22:49:32.111+0300][18640][5304 ][debug][safepoint] ... found polling page loop exception at pc = 0x000001d3901b37e0, stub =0x000001d38fbb5d80
[2025-06-17T22:49:32.111+0300][18640][20832][debug][safepoint] ... found polling page loop exception at pc = 0x000001d3901b37e0, stub =0x000001d38fbb5d80
[2025-06-17T22:49:32.111+0300][18640][20836][debug][safepoint] ... found polling page loop exception at pc = 0x000001d3901b37e0, stub =0x000001d38fbb5d80
[2025-06-17T22:49:32.111+0300][18640][17180][debug][safepoint] ... found polling page loop exception at pc = 0x000001d3901b37e0, stub =0x000001d38fbb5d80
[2025-06-17T22:49:32.111+0300][18640][17704][debug][gc,heap  ] GC(20) Heap before GC invocations=20 (full 1):
[2025-06-17T22:49:32.111+0300][18640][17704][debug][gc,heap  ] GC(20)  garbage-first heap   total 2097152K, used 1270353K [0x0000000080000000, 0x0000000100000000)
[2025-06-17T22:49:32.111+0300][18640][17704][debug][gc,heap  ] GC(20)   region size 1024K, 1228 young (1257472K), 1 survivors (1024K)
[2025-06-17T22:49:32.111+0300][18640][17704][debug][gc,heap  ] GC(20)  Metaspace       used 9009K, committed 9536K, reserved 1114112K
[2025-06-17T22:49:32.111+0300][18640][17704][debug][gc,heap  ] GC(20)   class space    used 978K, committed 1216K, reserved 1048576K
[2025-06-17T22:49:32.111+0300][18640][17704][info ][gc,phases] GC(20)   Pre Evacuate Collection Set: 0.3ms
[2025-06-17T22:49:32.111+0300][18640][17704][debug][gc,phases] GC(20)     Pre Evacuate Prepare: 0.0ms
[2025-06-17T22:49:32.111+0300][18640][17704][debug][gc,phases] GC(20)       JT Retire TLABs And Flush Logs (ms): Min:  0.0, Avg:  0.0, Max:  0.0, Diff:  0.0, Sum:  0.0, Workers: 2
[2025-06-17T22:49:32.111+0300][18640][17704][debug][gc,phases] GC(20)       Non-JT Flush Logs (ms):        Min:  0.0, Avg:  0.0, Max:  0.0, Diff:  0.0, Sum:  0.0, Workers: 1
[2025-06-17T22:49:32.111+0300][18640][17704][debug][gc,phases] GC(20)     Choose Collection Set: 0.0ms
[2025-06-17T22:49:32.111+0300][18640][17704][debug][gc,phases] GC(20)     Region Register: 0.2ms
[2025-06-17T22:49:32.111+0300][18640][17704][debug][gc,phases] GC(20)     Prepare Heap Roots: 0.0ms
[2025-06-17T22:49:32.111+0300][18640][17704][info ][gc,phases] GC(20)   Merge Heap Roots: 0.2ms
[2025-06-17T22:49:32.111+0300][18640][17704][debug][gc,phases] GC(20)     Prepare Merge Heap Roots: 0.0ms
[2025-06-17T22:49:32.111+0300][18640][17704][debug][gc,phases] GC(20)     Remembered Sets (ms):          Min:  0.1, Avg:  0.1, Max:  0.1, Diff:  0.0, Sum:  0.9, Workers: 8
[2025-06-17T22:49:32.111+0300][18640][17704][debug][gc,phases] GC(20)       Eager Reclaim (ms):            Min:  0.0, Avg:  0.0, Max:  0.0, Diff:  0.0, Sum:  0.0, Workers: 1
[2025-06-17T22:49:32.111+0300][18640][17704][debug][gc,phases] GC(20)       Merged Inline                  Min: 0, Avg:  0.0, Max: 0, Diff: 0, Sum: 0, Workers: 8
[2025-06-17T22:49:32.111+0300][18640][17704][debug][gc,phases] GC(20)       Merged ArrayOfCards            Min: 0, Avg:  0.0, Max: 0, Diff: 0, Sum: 0, Workers: 8
[2025-06-17T22:49:32.111+0300][18640][17704][debug][gc,phases] GC(20)       Merged Howl                    Min: 0, Avg:  0.0, Max: 0, Diff: 0, Sum: 0, Workers: 8
[2025-06-17T22:49:32.111+0300][18640][17704][debug][gc,phases] GC(20)       Merged Full                    Min: 0, Avg:  0.0, Max: 0, Diff: 0, Sum: 0, Workers: 8
[2025-06-17T22:49:32.111+0300][18640][17704][debug][gc,phases] GC(20)       Merged Howl Inline             Min: 0, Avg:  0.0, Max: 0, Diff: 0, Sum: 0, Workers: 8
[2025-06-17T22:49:32.111+0300][18640][17704][debug][gc,phases] GC(20)       Merged Howl ArrayOfCards       Min: 0, Avg:  0.0, Max: 0, Diff: 0, Sum: 0, Workers: 8
[2025-06-17T22:49:32.111+0300][18640][17704][debug][gc,phases] GC(20)       Merged Howl BitMap             Min: 0, Avg:  0.0, Max: 0, Diff: 0, Sum: 0, Workers: 8
[2025-06-17T22:49:32.111+0300][18640][17704][debug][gc,phases] GC(20)       Merged Howl Full               Min: 0, Avg:  0.0, Max: 0, Diff: 0, Sum: 0, Workers: 8
[2025-06-17T22:49:32.111+0300][18640][17704][debug][gc,phases] GC(20)       Merged Cards                   Min: 8, Avg:  9.0, Max: 16, Diff: 8, Sum: 72, Workers: 8
[2025-06-17T22:49:32.111+0300][18640][17704][debug][gc,phases] GC(20)     Log Buffers (ms):              Min:  0.0, Avg:  0.0, Max:  0.0, Diff:  0.0, Sum:  0.0, Workers: 8
[2025-06-17T22:49:32.111+0300][18640][17704][debug][gc,phases] GC(20)       Dirty Cards:                   Min: 0, Avg:  4.4, Max: 20, Diff: 20, Sum: 35, Workers: 8
[2025-06-17T22:49:32.111+0300][18640][17704][debug][gc,phases] GC(20)       Skipped Cards:                 Min: 0, Avg:  0.0, Max: 0, Diff: 0, Sum: 0, Workers: 8
[2025-06-17T22:49:32.111+0300][18640][17704][info ][gc,phases] GC(20)   Evacuate Collection Set: 0.4ms
[2025-06-17T22:49:32.111+0300][18640][17704][debug][gc,phases] GC(20)     Ext Root Scanning (ms):        Min:  0.0, Avg:  0.1, Max:  0.1, Diff:  0.0, Sum:  0.5, Workers: 8
[2025-06-17T22:49:32.111+0300][18640][17704][debug][gc,phases] GC(20)     Scan Heap Roots (ms):          Min:  0.0, Avg:  0.0, Max:  0.0, Diff:  0.0, Sum:  0.1, Workers: 8
[2025-06-17T22:49:32.111+0300][18640][17704][debug][gc,phases] GC(20)       Scanned Cards:                 Min: 0, Avg:  3.6, Max: 7, Diff: 7, Sum: 29, Workers: 8
[2025-06-17T22:49:32.111+0300][18640][17704][debug][gc,phases] GC(20)       Scanned Blocks:                Min: 0, Avg:  2.9, Max: 7, Diff: 7, Sum: 23, Workers: 8
[2025-06-17T22:49:32.111+0300][18640][17704][debug][gc,phases] GC(20)       Claimed Chunks:                Min: 0, Avg:  2.1, Max: 5, Diff: 5, Sum: 17, Workers: 8
[2025-06-17T22:49:32.111+0300][18640][17704][debug][gc,phases] GC(20)       Found Roots:                   Min: 0, Avg: 21.9, Max: 89, Diff: 89, Sum: 175, Workers: 8
[2025-06-17T22:49:32.111+0300][18640][17704][debug][gc,phases] GC(20)     Code Root Scan (ms):           Min:  0.1, Avg:  0.1, Max:  0.1, Diff:  0.0, Sum:  0.9, Workers: 8
[2025-06-17T22:49:32.111+0300][18640][17704][debug][gc,phases] GC(20)       Scanned Nmethods               Min: 0, Avg:  0.9, Max: 7, Diff: 7, Sum: 7, Workers: 8
[2025-06-17T22:49:32.111+0300][18640][17704][debug][gc,phases] GC(20)     Object Copy (ms):              Min:  0.0, Avg:  0.1, Max:  0.1, Diff:  0.0, Sum:  0.5, Workers: 8
[2025-06-17T22:49:32.111+0300][18640][17704][debug][gc,phases] GC(20)     Termination (ms):              Min:  0.0, Avg:  0.0, Max:  0.0, Diff:  0.0, Sum:  0.1, Workers: 8
[2025-06-17T22:49:32.111+0300][18640][17704][debug][gc,phases] GC(20)       Termination Attempts:          Min: 1, Avg:  1.0, Max: 1, Diff: 0, Sum: 8, Workers: 8
[2025-06-17T22:49:32.111+0300][18640][17704][debug][gc,phases] GC(20)     GC Worker Other (ms):          Min:  0.1, Avg:  0.1, Max:  0.1, Diff:  0.0, Sum:  0.9, Workers: 8
[2025-06-17T22:49:32.111+0300][18640][17704][debug][gc,phases] GC(20)     GC Worker Total (ms):          Min:  0.4, Avg:  0.4, Max:  0.4, Diff:  0.0, Sum:  2.9, Workers: 8
[2025-06-17T22:49:32.111+0300][18640][17704][info ][gc,phases] GC(20)   Post Evacuate Collection Set: 0.7ms
[2025-06-17T22:49:32.111+0300][18640][17704][debug][gc,phases] GC(20)     NMethod List Cleanup: 0.0ms
[2025-06-17T22:49:32.111+0300][18640][17704][debug][gc,phases] GC(20)     Reference Processing: 0.1ms
[2025-06-17T22:49:32.111+0300][18640][17704][debug][gc,phases] GC(20)     Weak Processing: 0.1ms
[2025-06-17T22:49:32.111+0300][18640][17704][debug][gc,phases] GC(20)       VM Weak                        Min:  0.0, Avg:  0.0, Max:  0.0, Diff:  0.0, Sum:  0.0, Workers: 8
[2025-06-17T22:49:32.111+0300][18640][17704][debug][gc,phases] GC(20)         Dead                           Min: 0, Avg:  0.0, Max: 0, Diff: 0, Sum: 0, Workers: 8
[2025-06-17T22:49:32.111+0300][18640][17704][debug][gc,phases] GC(20)         Total                          Min: 0, Avg: 46.8, Max: 192, Diff: 192, Sum: 374, Workers: 8
[2025-06-17T22:49:32.111+0300][18640][17704][debug][gc,phases] GC(20)       ObjectSynchronizer Weak        Min:  0.0, Avg:  0.0, Max:  0.0, Diff:  0.0, Sum:  0.0, Workers: 8
[2025-06-17T22:49:32.111+0300][18640][17704][debug][gc,phases] GC(20)         Dead                           Min: 0, Avg:  0.0, Max: 0, Diff: 0, Sum: 0, Workers: 8
[2025-06-17T22:49:32.111+0300][18640][17704][debug][gc,phases] GC(20)         Total                          Min: 0, Avg: 17.4, Max: 75, Diff: 75, Sum: 139, Workers: 8
[2025-06-17T22:49:32.111+0300][18640][17704][debug][gc,phases] GC(20)       JVMTI Tag Weak OopStorage      Min:  0.0, Avg:  0.0, Max:  0.0, Diff:  0.0, Sum:  0.0, Workers: 8
[2025-06-17T22:49:32.111+0300][18640][17704][debug][gc,phases] GC(20)         Dead                           Min: 0, Avg:  0.0, Max: 0, Diff: 0, Sum: 0, Workers: 8
[2025-06-17T22:49:32.111+0300][18640][17704][debug][gc,phases] GC(20)         Total                          Min: 0, Avg:  0.0, Max: 0, Diff: 0, Sum: 0, Workers: 8
[2025-06-17T22:49:32.111+0300][18640][17704][debug][gc,phases] GC(20)       StringTable Weak               Min:  0.0, Avg:  0.0, Max:  0.0, Diff:  0.0, Sum:  0.1, Workers: 8
[2025-06-17T22:49:32.111+0300][18640][17704][debug][gc,phases] GC(20)         Dead                           Min: 0, Avg:  0.0, Max: 0, Diff: 0, Sum: 0, Workers: 8
[2025-06-17T22:49:32.111+0300][18640][17704][debug][gc,phases] GC(20)         Total                          Min: 640, Avg: 781.9, Max: 896, Diff: 256, Sum: 6255, Workers: 8
[2025-06-17T22:49:32.111+0300][18640][17704][debug][gc,phases] GC(20)       ResolvedMethodTable Weak       Min:  0.0, Avg:  0.0, Max:  0.0, Diff:  0.0, Sum:  0.0, Workers: 8
[2025-06-17T22:49:32.111+0300][18640][17704][debug][gc,phases] GC(20)         Dead                           Min: 0, Avg:  0.0, Max: 0, Diff: 0, Sum: 0, Workers: 8
[2025-06-17T22:49:32.111+0300][18640][17704][debug][gc,phases] GC(20)         Total                          Min: 0, Avg: 109.2, Max: 128, Diff: 128, Sum: 874, Workers: 8
[2025-06-17T22:49:32.111+0300][18640][17704][debug][gc,phases] GC(20)       JNI Weak                       Min:  0.0, Avg:  0.0, Max:  0.0, Diff:  0.0, Sum:  0.0, Workers: 8
[2025-06-17T22:49:32.111+0300][18640][17704][debug][gc,phases] GC(20)         Dead                           Min: 0, Avg:  0.0, Max: 0, Diff: 0, Sum: 0, Workers: 8
[2025-06-17T22:49:32.111+0300][18640][17704][debug][gc,phases] GC(20)         Total                          Min: 0, Avg:  0.0, Max: 0, Diff: 0, Sum: 0, Workers: 8
[2025-06-17T22:49:32.111+0300][18640][17704][debug][gc,phases] GC(20)       StringDedup Table Weak         Min:  0.0, Avg:  0.0, Max:  0.0, Diff:  0.0, Sum:  0.0, Workers: 8
[2025-06-17T22:49:32.111+0300][18640][17704][debug][gc,phases] GC(20)         Dead                           Min: 0, Avg:  0.0, Max: 0, Diff: 0, Sum: 0, Workers: 8
[2025-06-17T22:49:32.111+0300][18640][17704][debug][gc,phases] GC(20)         Total                          Min: 0, Avg:  0.0, Max: 0, Diff: 0, Sum: 0, Workers: 8
[2025-06-17T22:49:32.111+0300][18640][17704][debug][gc,phases] GC(20)       StringDedup Requests0 Weak     Min:  0.0, Avg:  0.0, Max:  0.0, Diff:  0.0, Sum:  0.0, Workers: 8
[2025-06-17T22:49:32.111+0300][18640][17704][debug][gc,phases] GC(20)         Dead                           Min: 0, Avg:  0.0, Max: 0, Diff: 0, Sum: 0, Workers: 8
[2025-06-17T22:49:32.111+0300][18640][17704][debug][gc,phases] GC(20)         Total                          Min: 0, Avg:  0.0, Max: 0, Diff: 0, Sum: 0, Workers: 8
[2025-06-17T22:49:32.111+0300][18640][17704][debug][gc,phases] GC(20)       StringDedup Requests1 Weak     Min:  0.0, Avg:  0.0, Max:  0.0, Diff:  0.0, Sum:  0.0, Workers: 8
[2025-06-17T22:49:32.111+0300][18640][17704][debug][gc,phases] GC(20)         Dead                           Min: 0, Avg:  0.0, Max: 0, Diff: 0, Sum: 0, Workers: 8
[2025-06-17T22:49:32.111+0300][18640][17704][debug][gc,phases] GC(20)         Total                          Min: 0, Avg:  0.0, Max: 0, Diff: 0, Sum: 0, Workers: 8
[2025-06-17T22:49:32.111+0300][18640][17704][debug][gc,phases] GC(20)       Weak JFR Old Object Samples    Min:  0.0, Avg:  0.0, Max:  0.0, Diff:  0.0, Sum:  0.0, Workers: 8
[2025-06-17T22:49:32.111+0300][18640][17704][debug][gc,phases] GC(20)         Dead                           Min: 0, Avg:  0.0, Max: 0, Diff: 0, Sum: 0, Workers: 8
[2025-06-17T22:49:32.111+0300][18640][17704][debug][gc,phases] GC(20)         Total                          Min: 0, Avg:  0.0, Max: 0, Diff: 0, Sum: 0, Workers: 8
[2025-06-17T22:49:32.111+0300][18640][17704][debug][gc,phases] GC(20)     Post Evacuate Cleanup 1: 0.2ms
[2025-06-17T22:49:32.111+0300][18640][17704][debug][gc,phases] GC(20)       Merge Per-Thread State (ms):   Min:  0.0, Avg:  0.0, Max:  0.0, Diff:  0.0, Sum:  0.0, Workers: 1
[2025-06-17T22:49:32.111+0300][18640][17704][debug][gc,phases] GC(20)         Copied Bytes                   Min: 4024, Avg: 57884.0, Max: 93040, Diff: 89016, Sum: 463072, Workers: 8
[2025-06-17T22:49:32.111+0300][18640][17704][debug][gc,phases] GC(20)         LAB Waste                      Min: 24, Avg: 89.0, Max: 176, Diff: 152, Sum: 712, Workers: 8
[2025-06-17T22:49:32.111+0300][18640][17704][debug][gc,phases] GC(20)         LAB Undo Waste                 Min: 0, Avg:  0.0, Max: 0, Diff: 0, Sum: 0, Workers: 8
[2025-06-17T22:49:32.111+0300][18640][17704][debug][gc,phases] GC(20)       Clear Logged Cards (ms):       Min:  0.0, Avg:  0.1, Max:  0.2, Diff:  0.2, Sum:  0.3, Workers: 5
[2025-06-17T22:49:32.111+0300][18640][17704][debug][gc,phases] GC(20)       Recalculate Used Memory (ms):  Min:  0.0, Avg:  0.0, Max:  0.0, Diff:  0.0, Sum:  0.0, Workers: 1
[2025-06-17T22:49:32.111+0300][18640][17704][debug][gc,phases] GC(20)     Post Evacuate Cleanup 2: 0.3ms
[2025-06-17T22:49:32.111+0300][18640][17704][debug][gc,phases] GC(20)       Update Derived Pointers (ms):  Min:  0.0, Avg:  0.0, Max:  0.0, Diff:  0.0, Sum:  0.0, Workers: 1
[2025-06-17T22:49:32.111+0300][18640][17704][debug][gc,phases] GC(20)       Eagerly Reclaim Humongous Objects (ms): Min:  0.0, Avg:  0.0, Max:  0.0, Diff:  0.0, Sum:  0.0, Workers: 1
[2025-06-17T22:49:32.111+0300][18640][17704][debug][gc,phases] GC(20)         Humongous Total                Min: 3, Avg:  3.0, Max: 3, Diff: 0, Sum: 3, Workers: 1
[2025-06-17T22:49:32.111+0300][18640][17704][debug][gc,phases] GC(20)         Humongous Candidates           Min: 3, Avg:  3.0, Max: 3, Diff: 0, Sum: 3, Workers: 1
[2025-06-17T22:49:32.111+0300][18640][17704][debug][gc,phases] GC(20)         Humongous Reclaimed            Min: 0, Avg:  0.0, Max: 0, Diff: 0, Sum: 0, Workers: 1
[2025-06-17T22:49:32.111+0300][18640][17704][debug][gc,phases] GC(20)       Redirty Logged Cards (ms):     Min:  0.0, Avg:  0.0, Max:  0.0, Diff:  0.0, Sum:  0.0, Workers: 8
[2025-06-17T22:49:32.111+0300][18640][17704][debug][gc,phases] GC(20)         Redirtied Cards:               Min: 0, Avg:  3.2, Max: 18, Diff: 18, Sum: 26, Workers: 8
[2025-06-17T22:49:32.111+0300][18640][17704][debug][gc,phases] GC(20)       Resize TLABs (ms):             Min:  0.0, Avg:  0.0, Max:  0.0, Diff:  0.0, Sum:  0.0, Workers: 8
[2025-06-17T22:49:32.111+0300][18640][17704][debug][gc,phases] GC(20)       Free Collection Set (ms):      Min:  0.2, Avg:  0.2, Max:  0.2, Diff:  0.0, Sum:  1.7, Workers: 8
[2025-06-17T22:49:32.111+0300][18640][17704][debug][gc,phases] GC(20)     Rebuild Free List: 0.1ms
[2025-06-17T22:49:32.111+0300][18640][17704][debug][gc,phases] GC(20)     Prepare For Mutator: 0.0ms
[2025-06-17T22:49:32.111+0300][18640][17704][debug][gc,phases] GC(20)     Expand Heap After Collection: 0.0ms
[2025-06-17T22:49:32.111+0300][18640][17704][info ][gc,phases] GC(20)   Other: 0.1ms
[2025-06-17T22:49:32.111+0300][18640][17704][info ][gc,heap  ] GC(20) Eden regions: 1227->0(1227)
[2025-06-17T22:49:32.111+0300][18640][17704][info ][gc,heap  ] GC(20) Survivor regions: 1->1(154)
[2025-06-17T22:49:32.111+0300][18640][17704][info ][gc,heap  ] GC(20) Old regions: 12->12
[2025-06-17T22:49:32.111+0300][18640][17704][info ][gc,heap  ] GC(20) Humongous regions: 9->9
[2025-06-17T22:49:32.111+0300][18640][17704][debug][gc,heap  ] GC(20) Heap after GC invocations=21 (full 1):
[2025-06-17T22:49:32.111+0300][18640][17704][debug][gc,heap  ] GC(20)  garbage-first heap   total 2097152K, used 13898K [0x0000000080000000, 0x0000000100000000)
[2025-06-17T22:49:32.111+0300][18640][17704][debug][gc,heap  ] GC(20)   region size 1024K, 1 young (1024K), 1 survivors (1024K)
[2025-06-17T22:49:32.111+0300][18640][17704][debug][gc,heap  ] GC(20)  Metaspace       used 9009K, committed 9536K, reserved 1114112K
[2025-06-17T22:49:32.111+0300][18640][17704][debug][gc,heap  ] GC(20)   class space    used 978K, committed 1216K, reserved 1048576K
[2025-06-17T22:49:32.111+0300][18640][17704][info ][gc       ] GC(20) Pause Young (Normal) (G1 Evacuation Pause) 1240M->13M(2048M) 3.871ms
[2025-06-17T22:49:32.111+0300][18640][17704][info ][safepoint] Safepoint "G1CollectForAllocation", Time since last: 568511800 ns, Reaching safepoint: 367900 ns, Cleanup: 20000 ns, At safepoint: 3922300 ns, Total: 4310200 ns
[2025-06-17T22:49:32.743+0300][18640][17704][debug][safepoint] Safepoint synchronization initiated using striped semaphore wait barrier. (17 threads)
[2025-06-17T22:49:32.743+0300][18640][3328 ][debug][safepoint] ... found polling page loop exception at pc = 0x000001d3901b37e0, stub =0x000001d38fbb5d80
[2025-06-17T22:49:32.743+0300][18640][17180][debug][safepoint] ... found polling page loop exception at pc = 0x000001d3901b37e0, stub =0x000001d38fbb5d80
[2025-06-17T22:49:32.743+0300][18640][20836][debug][safepoint] ... found polling page loop exception at pc = 0x000001d3901b87f0, stub =0x000001d38fbb6600
[2025-06-17T22:49:32.743+0300][18640][10428][debug][safepoint] ... found polling page loop exception at pc = 0x000001d3901b37e0, stub =0x000001d38fbb5d80
[2025-06-17T22:49:32.743+0300][18640][17704][debug][gc,heap  ] GC(21) Heap before GC invocations=21 (full 1):
[2025-06-17T22:49:32.743+0300][18640][17704][debug][gc,heap  ] GC(21)  garbage-first heap   total 2097152K, used 1270346K [0x0000000080000000, 0x0000000100000000)
[2025-06-17T22:49:32.743+0300][18640][17704][debug][gc,heap  ] GC(21)   region size 1024K, 1228 young (1257472K), 1 survivors (1024K)
[2025-06-17T22:49:32.743+0300][18640][17704][debug][gc,heap  ] GC(21)  Metaspace       used 9010K, committed 9536K, reserved 1114112K
[2025-06-17T22:49:32.743+0300][18640][17704][debug][gc,heap  ] GC(21)   class space    used 978K, committed 1216K, reserved 1048576K
[2025-06-17T22:49:32.743+0300][18640][17704][info ][gc,phases] GC(21)   Pre Evacuate Collection Set: 0.3ms
[2025-06-17T22:49:32.743+0300][18640][17704][debug][gc,phases] GC(21)     Pre Evacuate Prepare: 0.1ms
[2025-06-17T22:49:32.743+0300][18640][17704][debug][gc,phases] GC(21)       JT Retire TLABs And Flush Logs (ms): Min:  0.0, Avg:  0.0, Max:  0.0, Diff:  0.0, Sum:  0.0, Workers: 2
[2025-06-17T22:49:32.743+0300][18640][17704][debug][gc,phases] GC(21)       Non-JT Flush Logs (ms):        Min:  0.0, Avg:  0.0, Max:  0.0, Diff:  0.0, Sum:  0.0, Workers: 1
[2025-06-17T22:49:32.743+0300][18640][17704][debug][gc,phases] GC(21)     Choose Collection Set: 0.0ms
[2025-06-17T22:49:32.743+0300][18640][17704][debug][gc,phases] GC(21)     Region Register: 0.3ms
[2025-06-17T22:49:32.743+0300][18640][17704][debug][gc,phases] GC(21)     Prepare Heap Roots: 0.0ms
[2025-06-17T22:49:32.743+0300][18640][17704][info ][gc,phases] GC(21)   Merge Heap Roots: 0.5ms
[2025-06-17T22:49:32.743+0300][18640][17704][debug][gc,phases] GC(21)     Prepare Merge Heap Roots: 0.0ms
[2025-06-17T22:49:32.743+0300][18640][17704][debug][gc,phases] GC(21)     Remembered Sets (ms):          Min:  0.0, Avg:  0.2, Max:  0.3, Diff:  0.3, Sum:  1.4, Workers: 8
[2025-06-17T22:49:32.743+0300][18640][17704][debug][gc,phases] GC(21)       Eager Reclaim (ms):            Min:  0.3, Avg:  0.3, Max:  0.3, Diff:  0.0, Sum:  0.3, Workers: 1
[2025-06-17T22:49:32.743+0300][18640][17704][debug][gc,phases] GC(21)       Merged Inline                  Min: 0, Avg:  0.0, Max: 0, Diff: 0, Sum: 0, Workers: 8
[2025-06-17T22:49:32.743+0300][18640][17704][debug][gc,phases] GC(21)       Merged ArrayOfCards            Min: 0, Avg:  0.0, Max: 0, Diff: 0, Sum: 0, Workers: 8
[2025-06-17T22:49:32.743+0300][18640][17704][debug][gc,phases] GC(21)       Merged Howl                    Min: 0, Avg:  0.0, Max: 0, Diff: 0, Sum: 0, Workers: 8
[2025-06-17T22:49:32.743+0300][18640][17704][debug][gc,phases] GC(21)       Merged Full                    Min: 0, Avg:  0.0, Max: 0, Diff: 0, Sum: 0, Workers: 8
[2025-06-17T22:49:32.743+0300][18640][17704][debug][gc,phases] GC(21)       Merged Howl Inline             Min: 0, Avg:  0.0, Max: 0, Diff: 0, Sum: 0, Workers: 8
[2025-06-17T22:49:32.743+0300][18640][17704][debug][gc,phases] GC(21)       Merged Howl ArrayOfCards       Min: 0, Avg:  0.0, Max: 0, Diff: 0, Sum: 0, Workers: 8
[2025-06-17T22:49:32.743+0300][18640][17704][debug][gc,phases] GC(21)       Merged Howl BitMap             Min: 0, Avg:  0.0, Max: 0, Diff: 0, Sum: 0, Workers: 8
[2025-06-17T22:49:32.743+0300][18640][17704][debug][gc,phases] GC(21)       Merged Howl Full               Min: 0, Avg:  0.0, Max: 0, Diff: 0, Sum: 0, Workers: 8
[2025-06-17T22:49:32.743+0300][18640][17704][debug][gc,phases] GC(21)       Merged Cards                   Min: 8, Avg:  9.0, Max: 16, Diff: 8, Sum: 72, Workers: 8
[2025-06-17T22:49:32.743+0300][18640][17704][debug][gc,phases] GC(21)     Log Buffers (ms):              Min:  0.0, Avg:  0.0, Max:  0.0, Diff:  0.0, Sum:  0.0, Workers: 8
[2025-06-17T22:49:32.743+0300][18640][17704][debug][gc,phases] GC(21)       Dirty Cards:                   Min: 0, Avg:  4.0, Max: 32, Diff: 32, Sum: 32, Workers: 8
[2025-06-17T22:49:32.743+0300][18640][17704][debug][gc,phases] GC(21)       Skipped Cards:                 Min: 0, Avg:  0.0, Max: 0, Diff: 0, Sum: 0, Workers: 8
[2025-06-17T22:49:32.743+0300][18640][17704][info ][gc,phases] GC(21)   Evacuate Collection Set: 0.4ms
[2025-06-17T22:49:32.743+0300][18640][17704][debug][gc,phases] GC(21)     Ext Root Scanning (ms):        Min:  0.0, Avg:  0.1, Max:  0.1, Diff:  0.0, Sum:  0.4, Workers: 8
[2025-06-17T22:49:32.743+0300][18640][17704][debug][gc,phases] GC(21)     Scan Heap Roots (ms):          Min:  0.0, Avg:  0.0, Max:  0.0, Diff:  0.0, Sum:  0.1, Workers: 8
[2025-06-17T22:49:32.743+0300][18640][17704][debug][gc,phases] GC(21)       Scanned Cards:                 Min: 0, Avg:  2.8, Max: 5, Diff: 5, Sum: 22, Workers: 8
[2025-06-17T22:49:32.743+0300][18640][17704][debug][gc,phases] GC(21)       Scanned Blocks:                Min: 0, Avg:  2.1, Max: 4, Diff: 4, Sum: 17, Workers: 8
[2025-06-17T22:49:32.743+0300][18640][17704][debug][gc,phases] GC(21)       Claimed Chunks:                Min: 0, Avg:  1.6, Max: 4, Diff: 4, Sum: 13, Workers: 8
[2025-06-17T22:49:32.743+0300][18640][17704][debug][gc,phases] GC(21)       Found Roots:                   Min: 0, Avg: 18.1, Max: 91, Diff: 91, Sum: 145, Workers: 8
[2025-06-17T22:49:32.743+0300][18640][17704][debug][gc,phases] GC(21)     Code Root Scan (ms):           Min:  0.1, Avg:  0.1, Max:  0.1, Diff:  0.0, Sum:  0.9, Workers: 8
[2025-06-17T22:49:32.743+0300][18640][17704][debug][gc,phases] GC(21)       Scanned Nmethods               Min: 0, Avg:  0.4, Max: 3, Diff: 3, Sum: 3, Workers: 8
[2025-06-17T22:49:32.743+0300][18640][17704][debug][gc,phases] GC(21)     Object Copy (ms):              Min:  0.1, Avg:  0.1, Max:  0.1, Diff:  0.0, Sum:  0.6, Workers: 8
[2025-06-17T22:49:32.743+0300][18640][17704][debug][gc,phases] GC(21)     Termination (ms):              Min:  0.0, Avg:  0.0, Max:  0.0, Diff:  0.0, Sum:  0.1, Workers: 8
[2025-06-17T22:49:32.743+0300][18640][17704][debug][gc,phases] GC(21)       Termination Attempts:          Min: 1, Avg:  1.0, Max: 1, Diff: 0, Sum: 8, Workers: 8
[2025-06-17T22:49:32.743+0300][18640][17704][debug][gc,phases] GC(21)     GC Worker Other (ms):          Min:  0.1, Avg:  0.1, Max:  0.1, Diff:  0.0, Sum:  0.9, Workers: 8
[2025-06-17T22:49:32.743+0300][18640][17704][debug][gc,phases] GC(21)     GC Worker Total (ms):          Min:  0.4, Avg:  0.4, Max:  0.4, Diff:  0.0, Sum:  3.0, Workers: 8
[2025-06-17T22:49:32.743+0300][18640][17704][info ][gc,phases] GC(21)   Post Evacuate Collection Set: 0.8ms
[2025-06-17T22:49:32.743+0300][18640][17704][debug][gc,phases] GC(21)     NMethod List Cleanup: 0.0ms
[2025-06-17T22:49:32.743+0300][18640][17704][debug][gc,phases] GC(21)     Reference Processing: 0.1ms
[2025-06-17T22:49:32.743+0300][18640][17704][debug][gc,phases] GC(21)     Weak Processing: 0.1ms
[2025-06-17T22:49:32.743+0300][18640][17704][debug][gc,phases] GC(21)       VM Weak                        Min:  0.0, Avg:  0.0, Max:  0.0, Diff:  0.0, Sum:  0.0, Workers: 8
[2025-06-17T22:49:32.743+0300][18640][17704][debug][gc,phases] GC(21)         Dead                           Min: 0, Avg:  0.0, Max: 0, Diff: 0, Sum: 0, Workers: 8
[2025-06-17T22:49:32.743+0300][18640][17704][debug][gc,phases] GC(21)         Total                          Min: 0, Avg: 46.8, Max: 246, Diff: 246, Sum: 374, Workers: 8
[2025-06-17T22:49:32.743+0300][18640][17704][debug][gc,phases] GC(21)       ObjectSynchronizer Weak        Min:  0.0, Avg:  0.0, Max:  0.0, Diff:  0.0, Sum:  0.0, Workers: 8
[2025-06-17T22:49:32.743+0300][18640][17704][debug][gc,phases] GC(21)         Dead                           Min: 0, Avg:  0.0, Max: 0, Diff: 0, Sum: 0, Workers: 8
[2025-06-17T22:49:32.743+0300][18640][17704][debug][gc,phases] GC(21)         Total                          Min: 0, Avg: 17.4, Max: 64, Diff: 64, Sum: 139, Workers: 8
[2025-06-17T22:49:32.743+0300][18640][17704][debug][gc,phases] GC(21)       JVMTI Tag Weak OopStorage      Min:  0.0, Avg:  0.0, Max:  0.0, Diff:  0.0, Sum:  0.0, Workers: 8
[2025-06-17T22:49:32.743+0300][18640][17704][debug][gc,phases] GC(21)         Dead                           Min: 0, Avg:  0.0, Max: 0, Diff: 0, Sum: 0, Workers: 8
[2025-06-17T22:49:32.743+0300][18640][17704][debug][gc,phases] GC(21)         Total                          Min: 0, Avg:  0.0, Max: 0, Diff: 0, Sum: 0, Workers: 8
[2025-06-17T22:49:32.743+0300][18640][17704][debug][gc,phases] GC(21)       StringTable Weak               Min:  0.0, Avg:  0.0, Max:  0.0, Diff:  0.0, Sum:  0.1, Workers: 8
[2025-06-17T22:49:32.743+0300][18640][17704][debug][gc,phases] GC(21)         Dead                           Min: 0, Avg:  0.0, Max: 0, Diff: 0, Sum: 0, Workers: 8
[2025-06-17T22:49:32.743+0300][18640][17704][debug][gc,phases] GC(21)         Total                          Min: 704, Avg: 781.9, Max: 832, Diff: 128, Sum: 6255, Workers: 8
[2025-06-17T22:49:32.743+0300][18640][17704][debug][gc,phases] GC(21)       ResolvedMethodTable Weak       Min:  0.0, Avg:  0.0, Max:  0.0, Diff:  0.0, Sum:  0.0, Workers: 8
[2025-06-17T22:49:32.743+0300][18640][17704][debug][gc,phases] GC(21)         Dead                           Min: 0, Avg:  0.0, Max: 0, Diff: 0, Sum: 0, Workers: 8
[2025-06-17T22:49:32.743+0300][18640][17704][debug][gc,phases] GC(21)         Total                          Min: 64, Avg: 109.2, Max: 128, Diff: 64, Sum: 874, Workers: 8
[2025-06-17T22:49:32.743+0300][18640][17704][debug][gc,phases] GC(21)       JNI Weak                       Min:  0.0, Avg:  0.0, Max:  0.0, Diff:  0.0, Sum:  0.0, Workers: 8
[2025-06-17T22:49:32.743+0300][18640][17704][debug][gc,phases] GC(21)         Dead                           Min: 0, Avg:  0.0, Max: 0, Diff: 0, Sum: 0, Workers: 8
[2025-06-17T22:49:32.743+0300][18640][17704][debug][gc,phases] GC(21)         Total                          Min: 0, Avg:  0.0, Max: 0, Diff: 0, Sum: 0, Workers: 8
[2025-06-17T22:49:32.743+0300][18640][17704][debug][gc,phases] GC(21)       StringDedup Table Weak         Min:  0.0, Avg:  0.0, Max:  0.0, Diff:  0.0, Sum:  0.0, Workers: 8
[2025-06-17T22:49:32.743+0300][18640][17704][debug][gc,phases] GC(21)         Dead                           Min: 0, Avg:  0.0, Max: 0, Diff: 0, Sum: 0, Workers: 8
[2025-06-17T22:49:32.743+0300][18640][17704][debug][gc,phases] GC(21)         Total                          Min: 0, Avg:  0.0, Max: 0, Diff: 0, Sum: 0, Workers: 8
[2025-06-17T22:49:32.743+0300][18640][17704][debug][gc,phases] GC(21)       StringDedup Requests0 Weak     Min:  0.0, Avg:  0.0, Max:  0.0, Diff:  0.0, Sum:  0.0, Workers: 8
[2025-06-17T22:49:32.743+0300][18640][17704][debug][gc,phases] GC(21)         Dead                           Min: 0, Avg:  0.0, Max: 0, Diff: 0, Sum: 0, Workers: 8
[2025-06-17T22:49:32.743+0300][18640][17704][debug][gc,phases] GC(21)         Total                          Min: 0, Avg:  0.0, Max: 0, Diff: 0, Sum: 0, Workers: 8
[2025-06-17T22:49:32.743+0300][18640][17704][debug][gc,phases] GC(21)       StringDedup Requests1 Weak     Min:  0.0, Avg:  0.0, Max:  0.0, Diff:  0.0, Sum:  0.0, Workers: 8
[2025-06-17T22:49:32.743+0300][18640][17704][debug][gc,phases] GC(21)         Dead                           Min: 0, Avg:  0.0, Max: 0, Diff: 0, Sum: 0, Workers: 8
[2025-06-17T22:49:32.743+0300][18640][17704][debug][gc,phases] GC(21)         Total                          Min: 0, Avg:  0.0, Max: 0, Diff: 0, Sum: 0, Workers: 8
[2025-06-17T22:49:32.743+0300][18640][17704][debug][gc,phases] GC(21)       Weak JFR Old Object Samples    Min:  0.0, Avg:  0.0, Max:  0.0, Diff:  0.0, Sum:  0.0, Workers: 8
[2025-06-17T22:49:32.743+0300][18640][17704][debug][gc,phases] GC(21)         Dead                           Min: 0, Avg:  0.0, Max: 0, Diff: 0, Sum: 0, Workers: 8
[2025-06-17T22:49:32.743+0300][18640][17704][debug][gc,phases] GC(21)         Total                          Min: 0, Avg:  0.0, Max: 0, Diff: 0, Sum: 0, Workers: 8
[2025-06-17T22:49:32.743+0300][18640][17704][debug][gc,phases] GC(21)     Post Evacuate Cleanup 1: 0.2ms
[2025-06-17T22:49:32.743+0300][18640][17704][debug][gc,phases] GC(21)       Merge Per-Thread State (ms):   Min:  0.0, Avg:  0.0, Max:  0.0, Diff:  0.0, Sum:  0.0, Workers: 1
[2025-06-17T22:49:32.743+0300][18640][17704][debug][gc,phases] GC(21)         Copied Bytes                   Min: 2696, Avg: 45179.0, Max: 91840, Diff: 89144, Sum: 361432, Workers: 8
[2025-06-17T22:49:32.743+0300][18640][17704][debug][gc,phases] GC(21)         LAB Waste                      Min: 32, Avg: 70.0, Max: 120, Diff: 88, Sum: 560, Workers: 8
[2025-06-17T22:49:32.743+0300][18640][17704][debug][gc,phases] GC(21)         LAB Undo Waste                 Min: 0, Avg:  0.0, Max: 0, Diff: 0, Sum: 0, Workers: 8
[2025-06-17T22:49:32.743+0300][18640][17704][debug][gc,phases] GC(21)       Clear Logged Cards (ms):       Min:  0.0, Avg:  0.1, Max:  0.2, Diff:  0.2, Sum:  0.3, Workers: 5
[2025-06-17T22:49:32.743+0300][18640][17704][debug][gc,phases] GC(21)       Recalculate Used Memory (ms):  Min:  0.0, Avg:  0.0, Max:  0.0, Diff:  0.0, Sum:  0.0, Workers: 1
[2025-06-17T22:49:32.743+0300][18640][17704][debug][gc,phases] GC(21)     Post Evacuate Cleanup 2: 0.4ms
[2025-06-17T22:49:32.743+0300][18640][17704][debug][gc,phases] GC(21)       Update Derived Pointers (ms):  Min:  0.0, Avg:  0.0, Max:  0.0, Diff:  0.0, Sum:  0.0, Workers: 1
[2025-06-17T22:49:32.743+0300][18640][17704][debug][gc,phases] GC(21)       Eagerly Reclaim Humongous Objects (ms): Min:  0.0, Avg:  0.0, Max:  0.0, Diff:  0.0, Sum:  0.0, Workers: 1
[2025-06-17T22:49:32.743+0300][18640][17704][debug][gc,phases] GC(21)         Humongous Total                Min: 3, Avg:  3.0, Max: 3, Diff: 0, Sum: 3, Workers: 1
[2025-06-17T22:49:32.743+0300][18640][17704][debug][gc,phases] GC(21)         Humongous Candidates           Min: 3, Avg:  3.0, Max: 3, Diff: 0, Sum: 3, Workers: 1
[2025-06-17T22:49:32.743+0300][18640][17704][debug][gc,phases] GC(21)         Humongous Reclaimed            Min: 0, Avg:  0.0, Max: 0, Diff: 0, Sum: 0, Workers: 1
[2025-06-17T22:49:32.743+0300][18640][17704][debug][gc,phases] GC(21)       Redirty Logged Cards (ms):     Min:  0.0, Avg:  0.0, Max:  0.0, Diff:  0.0, Sum:  0.0, Workers: 8
[2025-06-17T22:49:32.743+0300][18640][17704][debug][gc,phases] GC(21)         Redirtied Cards:               Min: 0, Avg:  4.0, Max: 32, Diff: 32, Sum: 32, Workers: 8
[2025-06-17T22:49:32.743+0300][18640][17704][debug][gc,phases] GC(21)       Resize TLABs (ms):             Min:  0.0, Avg:  0.0, Max:  0.0, Diff:  0.0, Sum:  0.0, Workers: 8
[2025-06-17T22:49:32.743+0300][18640][17704][debug][gc,phases] GC(21)       Free Collection Set (ms):      Min:  0.0, Avg:  0.2, Max:  0.3, Diff:  0.3, Sum:  1.9, Workers: 8
[2025-06-17T22:49:32.743+0300][18640][17704][debug][gc,phases] GC(21)     Rebuild Free List: 0.1ms
[2025-06-17T22:49:32.743+0300][18640][17704][debug][gc,phases] GC(21)     Prepare For Mutator: 0.0ms
[2025-06-17T22:49:32.743+0300][18640][17704][debug][gc,phases] GC(21)     Expand Heap After Collection: 0.0ms
[2025-06-17T22:49:32.743+0300][18640][17704][info ][gc,phases] GC(21)   Other: 0.1ms
[2025-06-17T22:49:32.743+0300][18640][17704][info ][gc,heap  ] GC(21) Eden regions: 1227->0(1227)
[2025-06-17T22:49:32.743+0300][18640][17704][info ][gc,heap  ] GC(21) Survivor regions: 1->1(154)
[2025-06-17T22:49:32.743+0300][18640][17704][info ][gc,heap  ] GC(21) Old regions: 12->12
[2025-06-17T22:49:32.743+0300][18640][17704][info ][gc,heap  ] GC(21) Humongous regions: 9->9
[2025-06-17T22:49:32.743+0300][18640][17704][debug][gc,heap  ] GC(21) Heap after GC invocations=22 (full 1):
[2025-06-17T22:49:32.743+0300][18640][17704][debug][gc,heap  ] GC(21)  garbage-first heap   total 2097152K, used 13803K [0x0000000080000000, 0x0000000100000000)
[2025-06-17T22:49:32.743+0300][18640][17704][debug][gc,heap  ] GC(21)   region size 1024K, 1 young (1024K), 1 survivors (1024K)
[2025-06-17T22:49:32.743+0300][18640][17704][debug][gc,heap  ] GC(21)  Metaspace       used 9010K, committed 9536K, reserved 1114112K
[2025-06-17T22:49:32.743+0300][18640][17704][debug][gc,heap  ] GC(21)   class space    used 978K, committed 1216K, reserved 1048576K
[2025-06-17T22:49:32.743+0300][18640][17704][info ][gc       ] GC(21) Pause Young (Normal) (G1 Evacuation Pause) 1240M->13M(2048M) 3.981ms
[2025-06-17T22:49:32.743+0300][18640][17704][info ][safepoint] Safepoint "G1CollectForAllocation", Time since last: 627364900 ns, Reaching safepoint: 307500 ns, Cleanup: 12600 ns, At safepoint: 4043000 ns, Total: 4363100 ns
[2025-06-17T22:49:33.389+0300][18640][17704][debug][safepoint] Safepoint synchronization initiated using striped semaphore wait barrier. (13 threads)
[2025-06-17T22:49:33.389+0300][18640][17704][debug][gc,heap  ] GC(22) Heap before GC invocations=22 (full 1):
[2025-06-17T22:49:33.389+0300][18640][17704][debug][gc,heap  ] GC(22)  garbage-first heap   total 2097152K, used 615915K [0x0000000080000000, 0x0000000100000000)
[2025-06-17T22:49:33.389+0300][18640][17704][debug][gc,heap  ] GC(22)   region size 1024K, 581 young (594944K), 1 survivors (1024K)
[2025-06-17T22:49:33.389+0300][18640][17704][debug][gc,heap  ] GC(22)  Metaspace       used 9188K, committed 9792K, reserved 1114112K
[2025-06-17T22:49:33.389+0300][18640][17704][debug][gc,heap  ] GC(22)   class space    used 996K, committed 1280K, reserved 1048576K
[2025-06-17T22:49:33.389+0300][18640][17704][debug][gc,phases] GC(22) Phase 1: Reference Processing 0.192ms
[2025-06-17T22:49:33.389+0300][18640][17704][debug][gc,phases] GC(22)   VM Weak                        Min:  0.0, Avg:  0.0, Max:  0.0, Diff:  0.0, Sum:  0.0, Workers: 8
[2025-06-17T22:49:33.389+0300][18640][17704][debug][gc,phases] GC(22)     Dead                           Min: 0, Avg: 31.5, Max: 101, Diff: 101, Sum: 252, Workers: 8
[2025-06-17T22:49:33.389+0300][18640][17704][debug][gc,phases] GC(22)     Total                          Min: 0, Avg: 46.9, Max: 128, Diff: 128, Sum: 375, Workers: 8
[2025-06-17T22:49:33.389+0300][18640][17704][debug][gc,phases] GC(22)   ObjectSynchronizer Weak        Min:  0.0, Avg:  0.0, Max:  0.0, Diff:  0.0, Sum:  0.0, Workers: 8
[2025-06-17T22:49:33.389+0300][18640][17704][debug][gc,phases] GC(22)     Dead                           Min: 0, Avg:  0.2, Max: 1, Diff: 1, Sum: 2, Workers: 8
[2025-06-17T22:49:33.389+0300][18640][17704][debug][gc,phases] GC(22)     Total                          Min: 0, Avg: 17.4, Max: 64, Diff: 64, Sum: 139, Workers: 8
[2025-06-17T22:49:33.389+0300][18640][17704][debug][gc,phases] GC(22)   JVMTI Tag Weak OopStorage      Min:  0.0, Avg:  0.0, Max:  0.0, Diff:  0.0, Sum:  0.0, Workers: 8
[2025-06-17T22:49:33.389+0300][18640][17704][debug][gc,phases] GC(22)     Dead                           Min: 0, Avg:  0.0, Max: 0, Diff: 0, Sum: 0, Workers: 8
[2025-06-17T22:49:33.389+0300][18640][17704][debug][gc,phases] GC(22)     Total                          Min: 0, Avg:  0.0, Max: 0, Diff: 0, Sum: 0, Workers: 8
[2025-06-17T22:49:33.389+0300][18640][17704][debug][gc,phases] GC(22)   StringTable Weak               Min:  0.0, Avg:  0.0, Max:  0.0, Diff:  0.0, Sum:  0.1, Workers: 8
[2025-06-17T22:49:33.389+0300][18640][17704][debug][gc,phases] GC(22)     Dead                           Min: 0, Avg:  0.5, Max: 3, Diff: 3, Sum: 4, Workers: 8
[2025-06-17T22:49:33.389+0300][18640][17704][debug][gc,phases] GC(22)     Total                          Min: 0, Avg: 788.0, Max: 1696, Diff: 1696, Sum: 6304, Workers: 8
[2025-06-17T22:49:33.389+0300][18640][17704][debug][gc,phases] GC(22)   ResolvedMethodTable Weak       Min:  0.0, Avg:  0.0, Max:  0.0, Diff:  0.0, Sum:  0.0, Workers: 8
[2025-06-17T22:49:33.389+0300][18640][17704][debug][gc,phases] GC(22)     Dead                           Min: 0, Avg:  3.6, Max: 14, Diff: 14, Sum: 29, Workers: 8
[2025-06-17T22:49:33.389+0300][18640][17704][debug][gc,phases] GC(22)     Total                          Min: 0, Avg: 112.1, Max: 256, Diff: 256, Sum: 897, Workers: 8
[2025-06-17T22:49:33.389+0300][18640][17704][debug][gc,phases] GC(22)   JNI Weak                       Min:  0.0, Avg:  0.0, Max:  0.0, Diff:  0.0, Sum:  0.0, Workers: 8
[2025-06-17T22:49:33.389+0300][18640][17704][debug][gc,phases] GC(22)     Dead                           Min: 0, Avg:  0.0, Max: 0, Diff: 0, Sum: 0, Workers: 8
[2025-06-17T22:49:33.389+0300][18640][17704][debug][gc,phases] GC(22)     Total                          Min: 0, Avg:  0.0, Max: 0, Diff: 0, Sum: 0, Workers: 8
[2025-06-17T22:49:33.389+0300][18640][17704][debug][gc,phases] GC(22)   StringDedup Table Weak         Min:  0.0, Avg:  0.0, Max:  0.0, Diff:  0.0, Sum:  0.0, Workers: 8
[2025-06-17T22:49:33.389+0300][18640][17704][debug][gc,phases] GC(22)     Dead                           Min: 0, Avg:  0.0, Max: 0, Diff: 0, Sum: 0, Workers: 8
[2025-06-17T22:49:33.389+0300][18640][17704][debug][gc,phases] GC(22)     Total                          Min: 0, Avg:  0.0, Max: 0, Diff: 0, Sum: 0, Workers: 8
[2025-06-17T22:49:33.389+0300][18640][17704][debug][gc,phases] GC(22)   StringDedup Requests0 Weak     Min:  0.0, Avg:  0.0, Max:  0.0, Diff:  0.0, Sum:  0.0, Workers: 8
[2025-06-17T22:49:33.389+0300][18640][17704][debug][gc,phases] GC(22)     Dead                           Min: 0, Avg:  0.0, Max: 0, Diff: 0, Sum: 0, Workers: 8
[2025-06-17T22:49:33.389+0300][18640][17704][debug][gc,phases] GC(22)     Total                          Min: 0, Avg:  0.0, Max: 0, Diff: 0, Sum: 0, Workers: 8
[2025-06-17T22:49:33.389+0300][18640][17704][debug][gc,phases] GC(22)   StringDedup Requests1 Weak     Min:  0.0, Avg:  0.0, Max:  0.0, Diff:  0.0, Sum:  0.0, Workers: 8
[2025-06-17T22:49:33.389+0300][18640][17704][debug][gc,phases] GC(22)     Dead                           Min: 0, Avg:  0.0, Max: 0, Diff: 0, Sum: 0, Workers: 8
[2025-06-17T22:49:33.389+0300][18640][17704][debug][gc,phases] GC(22)     Total                          Min: 0, Avg:  0.0, Max: 0, Diff: 0, Sum: 0, Workers: 8
[2025-06-17T22:49:33.389+0300][18640][17704][debug][gc,phases] GC(22)   Weak JFR Old Object Samples    Min:  0.0, Avg:  0.0, Max:  0.0, Diff:  0.0, Sum:  0.0, Workers: 8
[2025-06-17T22:49:33.389+0300][18640][17704][debug][gc,phases] GC(22)     Dead                           Min: 0, Avg:  0.0, Max: 0, Diff: 0, Sum: 0, Workers: 8
[2025-06-17T22:49:33.389+0300][18640][17704][debug][gc,phases] GC(22)     Total                          Min: 0, Avg:  0.0, Max: 0, Diff: 0, Sum: 0, Workers: 8
[2025-06-17T22:49:33.389+0300][18640][17704][debug][gc,phases] GC(22) Phase 1: Weak Processing 0.552ms
[2025-06-17T22:49:33.389+0300][18640][17704][debug][gc,phases] GC(22) ClassLoaderData 0.240ms
[2025-06-17T22:49:33.389+0300][18640][17704][debug][gc,phases] GC(22) Trigger cleanups 0.008ms
[2025-06-17T22:49:33.405+0300][18640][17704][debug][gc,phases] GC(22) G1 Complete Cleaning 3.405ms
[2025-06-17T22:49:33.405+0300][18640][17704][debug][gc,phases] GC(22) Purge Unlinked NMethods 0.137ms
[2025-06-17T22:49:33.405+0300][18640][17704][debug][gc,phases] GC(22) Unregister NMethods 0.230ms
[2025-06-17T22:49:33.405+0300][18640][17704][debug][gc,phases] GC(22) Free Code Blobs 0.033ms
[2025-06-17T22:49:33.405+0300][18640][17704][debug][gc,phases] GC(22) Purge Class Loader Data 0.321ms
[2025-06-17T22:49:33.405+0300][18640][17704][debug][gc,phases] GC(22) Phase 1: Class Unloading and Cleanup 4.555ms
[2025-06-17T22:49:33.405+0300][18640][17704][debug][gc,phases] GC(22) Report Object Count 0.003ms
[2025-06-17T22:49:33.405+0300][18640][17704][info ][gc,phases] GC(22) Phase 1: Mark live objects 6.609ms
[2025-06-17T22:49:33.405+0300][18640][17704][debug][gc,phases] GC(22) Phase 2: Determine work lists 0.073ms
[2025-06-17T22:49:33.405+0300][18640][17704][debug][gc,phases] GC(22) Phase 2: Prepare parallel compaction 0.640ms
[2025-06-17T22:49:33.405+0300][18640][17704][info ][gc,phases] GC(22) Phase 2: Prepare compaction 0.769ms
[2025-06-17T22:49:33.405+0300][18640][17704][info ][gc,phases] GC(22) Phase 3: Adjust pointers 2.835ms
[2025-06-17T22:49:33.405+0300][18640][17704][info ][gc,phases] GC(22) Phase 4: Compact heap 0.955ms
[2025-06-17T22:49:33.405+0300][18640][17704][info ][gc,phases] GC(22) Phase 5: Reset Metadata 0.862ms
[2025-06-17T22:49:33.416+0300][18640][17704][info ][gc,heap  ] GC(22) Eden regions: 580->0(1228)
[2025-06-17T22:49:33.416+0300][18640][17704][info ][gc,heap  ] GC(22) Survivor regions: 1->0(154)
[2025-06-17T22:49:33.416+0300][18640][17704][info ][gc,heap  ] GC(22) Old regions: 12->10
[2025-06-17T22:49:33.416+0300][18640][17704][info ][gc,heap  ] GC(22) Humongous regions: 18->9
[2025-06-17T22:49:33.416+0300][18640][17704][debug][gc,heap  ] GC(22) Heap after GC invocations=23 (full 2):
[2025-06-17T22:49:33.416+0300][18640][17704][debug][gc,heap  ] GC(22)  garbage-first heap   total 2097152K, used 13011K [0x0000000080000000, 0x0000000100000000)
[2025-06-17T22:49:33.416+0300][18640][17704][debug][gc,heap  ] GC(22)   region size 1024K, 0 young (0K), 0 survivors (0K)
[2025-06-17T22:49:33.416+0300][18640][17704][debug][gc,heap  ] GC(22)  Metaspace       used 8739K, committed 9792K, reserved 1114112K
[2025-06-17T22:49:33.416+0300][18640][17704][debug][gc,heap  ] GC(22)   class space    used 872K, committed 1280K, reserved 1048576K
[2025-06-17T22:49:33.416+0300][18640][17704][info ][gc       ] GC(22) Pause Full (System.gc()) 602M->12M(2048M) 17.092ms
[2025-06-17T22:49:33.416+0300][18640][17704][info ][safepoint] Safepoint "G1CollectFull", Time since last: 652572800 ns, Reaching safepoint: 46400 ns, Cleanup: 18100 ns, At safepoint: 17121500 ns, Total: 17186000 ns
[2025-06-17T22:49:33.897+0300][18640][17704][debug][safepoint] Safepoint synchronization initiated using striped semaphore wait barrier. (21 threads)
[2025-06-17T22:49:33.897+0300][18640][2636 ][debug][safepoint] ... found polling page loop exception at pc = 0x000001d3901b37e0, stub =0x000001d38fbb5d80
[2025-06-17T22:49:33.897+0300][18640][5228 ][debug][safepoint] ... found polling page loop exception at pc = 0x000001d3901d8b86, stub =0x000001d38fbb6600
[2025-06-17T22:49:33.897+0300][18640][21180][debug][safepoint] ... found polling page loop exception at pc = 0x000001d3901b37e0, stub =0x000001d38fbb5d80
[2025-06-17T22:49:33.897+0300][18640][8584 ][debug][safepoint] ... found polling page loop exception at pc = 0x000001d3901b37e0, stub =0x000001d38fbb5d80
[2025-06-17T22:49:33.897+0300][18640][15504][debug][safepoint] ... found polling page loop exception at pc = 0x000001d3901b37e0, stub =0x000001d38fbb5d80
[2025-06-17T22:49:33.897+0300][18640][17704][debug][gc,heap  ] GC(23) Heap before GC invocations=23 (full 2):
[2025-06-17T22:49:33.897+0300][18640][17704][debug][gc,heap  ] GC(23)  garbage-first heap   total 2097152K, used 1279699K [0x0000000080000000, 0x0000000100000000)
[2025-06-17T22:49:33.897+0300][18640][17704][debug][gc,heap  ] GC(23)   region size 1024K, 1228 young (1257472K), 0 survivors (0K)
[2025-06-17T22:49:33.897+0300][18640][17704][debug][gc,heap  ] GC(23)  Metaspace       used 8739K, committed 9792K, reserved 1114112K
[2025-06-17T22:49:33.897+0300][18640][17704][debug][gc,heap  ] GC(23)   class space    used 872K, committed 1280K, reserved 1048576K
[2025-06-17T22:49:33.897+0300][18640][17704][info ][gc,phases] GC(23)   Pre Evacuate Collection Set: 0.3ms
[2025-06-17T22:49:33.897+0300][18640][17704][debug][gc,phases] GC(23)     Pre Evacuate Prepare: 0.0ms
[2025-06-17T22:49:33.897+0300][18640][17704][debug][gc,phases] GC(23)       JT Retire TLABs And Flush Logs (ms): Min:  0.0, Avg:  0.0, Max:  0.0, Diff:  0.0, Sum:  0.0, Workers: 2
[2025-06-17T22:49:33.897+0300][18640][17704][debug][gc,phases] GC(23)       Non-JT Flush Logs (ms):        Min:  0.0, Avg:  0.0, Max:  0.0, Diff:  0.0, Sum:  0.0, Workers: 1
[2025-06-17T22:49:33.897+0300][18640][17704][debug][gc,phases] GC(23)     Choose Collection Set: 0.0ms
[2025-06-17T22:49:33.897+0300][18640][17704][debug][gc,phases] GC(23)     Region Register: 0.2ms
[2025-06-17T22:49:33.897+0300][18640][17704][debug][gc,phases] GC(23)     Prepare Heap Roots: 0.0ms
[2025-06-17T22:49:33.897+0300][18640][17704][info ][gc,phases] GC(23)   Merge Heap Roots: 0.2ms
[2025-06-17T22:49:33.897+0300][18640][17704][debug][gc,phases] GC(23)     Prepare Merge Heap Roots: 0.0ms
[2025-06-17T22:49:33.897+0300][18640][17704][debug][gc,phases] GC(23)     Remembered Sets (ms):          Min:  0.1, Avg:  0.1, Max:  0.1, Diff:  0.0, Sum:  1.0, Workers: 8
[2025-06-17T22:49:33.897+0300][18640][17704][debug][gc,phases] GC(23)       Eager Reclaim (ms):            Min:  0.0, Avg:  0.0, Max:  0.0, Diff:  0.0, Sum:  0.0, Workers: 1
[2025-06-17T22:49:33.897+0300][18640][17704][debug][gc,phases] GC(23)       Merged Inline                  Min: 0, Avg:  0.0, Max: 0, Diff: 0, Sum: 0, Workers: 8
[2025-06-17T22:49:33.897+0300][18640][17704][debug][gc,phases] GC(23)       Merged ArrayOfCards            Min: 0, Avg:  0.0, Max: 0, Diff: 0, Sum: 0, Workers: 8
[2025-06-17T22:49:33.897+0300][18640][17704][debug][gc,phases] GC(23)       Merged Howl                    Min: 0, Avg:  0.0, Max: 0, Diff: 0, Sum: 0, Workers: 8
[2025-06-17T22:49:33.897+0300][18640][17704][debug][gc,phases] GC(23)       Merged Full                    Min: 0, Avg:  0.0, Max: 0, Diff: 0, Sum: 0, Workers: 8
[2025-06-17T22:49:33.897+0300][18640][17704][debug][gc,phases] GC(23)       Merged Howl Inline             Min: 0, Avg:  0.0, Max: 0, Diff: 0, Sum: 0, Workers: 8
[2025-06-17T22:49:33.897+0300][18640][17704][debug][gc,phases] GC(23)       Merged Howl ArrayOfCards       Min: 0, Avg:  0.0, Max: 0, Diff: 0, Sum: 0, Workers: 8
[2025-06-17T22:49:33.897+0300][18640][17704][debug][gc,phases] GC(23)       Merged Howl BitMap             Min: 0, Avg:  0.0, Max: 0, Diff: 0, Sum: 0, Workers: 8
[2025-06-17T22:49:33.897+0300][18640][17704][debug][gc,phases] GC(23)       Merged Howl Full               Min: 0, Avg:  0.0, Max: 0, Diff: 0, Sum: 0, Workers: 8
[2025-06-17T22:49:33.897+0300][18640][17704][debug][gc,phases] GC(23)       Merged Cards                   Min: 8, Avg:  9.0, Max: 16, Diff: 8, Sum: 72, Workers: 8
[2025-06-17T22:49:33.897+0300][18640][17704][debug][gc,phases] GC(23)     Log Buffers (ms):              Min:  0.0, Avg:  0.0, Max:  0.0, Diff:  0.0, Sum:  0.0, Workers: 8
[2025-06-17T22:49:33.897+0300][18640][17704][debug][gc,phases] GC(23)       Dirty Cards:                   Min: 0, Avg:  5.4, Max: 33, Diff: 33, Sum: 43, Workers: 8
[2025-06-17T22:49:33.897+0300][18640][17704][debug][gc,phases] GC(23)       Skipped Cards:                 Min: 0, Avg:  0.0, Max: 0, Diff: 0, Sum: 0, Workers: 8
[2025-06-17T22:49:33.897+0300][18640][17704][info ][gc,phases] GC(23)   Evacuate Collection Set: 0.4ms
[2025-06-17T22:49:33.897+0300][18640][17704][debug][gc,phases] GC(23)     Ext Root Scanning (ms):        Min:  0.0, Avg:  0.1, Max:  0.1, Diff:  0.1, Sum:  0.5, Workers: 8
[2025-06-17T22:49:33.897+0300][18640][17704][debug][gc,phases] GC(23)     Scan Heap Roots (ms):          Min:  0.0, Avg:  0.0, Max:  0.0, Diff:  0.0, Sum:  0.1, Workers: 8
[2025-06-17T22:49:33.897+0300][18640][17704][debug][gc,phases] GC(23)       Scanned Cards:                 Min: 0, Avg:  5.4, Max: 14, Diff: 14, Sum: 43, Workers: 8
[2025-06-17T22:49:33.897+0300][18640][17704][debug][gc,phases] GC(23)       Scanned Blocks:                Min: 0, Avg:  3.8, Max: 9, Diff: 9, Sum: 30, Workers: 8
[2025-06-17T22:49:33.897+0300][18640][17704][debug][gc,phases] GC(23)       Claimed Chunks:                Min: 0, Avg:  1.9, Max: 4, Diff: 4, Sum: 15, Workers: 8
[2025-06-17T22:49:33.897+0300][18640][17704][debug][gc,phases] GC(23)       Found Roots:                   Min: 0, Avg:  1.1, Max: 3, Diff: 3, Sum: 9, Workers: 8
[2025-06-17T22:49:33.897+0300][18640][17704][debug][gc,phases] GC(23)     Code Root Scan (ms):           Min:  0.1, Avg:  0.1, Max:  0.1, Diff:  0.0, Sum:  0.8, Workers: 8
[2025-06-17T22:49:33.897+0300][18640][17704][debug][gc,phases] GC(23)       Scanned Nmethods               Min: 0, Avg:  0.0, Max: 0, Diff: 0, Sum: 0, Workers: 8
[2025-06-17T22:49:33.897+0300][18640][17704][debug][gc,phases] GC(23)     Object Copy (ms):              Min:  0.1, Avg:  0.1, Max:  0.1, Diff:  0.1, Sum:  0.7, Workers: 8
[2025-06-17T22:49:33.897+0300][18640][17704][debug][gc,phases] GC(23)     Termination (ms):              Min:  0.0, Avg:  0.0, Max:  0.0, Diff:  0.0, Sum:  0.1, Workers: 8
[2025-06-17T22:49:33.897+0300][18640][17704][debug][gc,phases] GC(23)       Termination Attempts:          Min: 1, Avg:  1.0, Max: 1, Diff: 0, Sum: 8, Workers: 8
[2025-06-17T22:49:33.897+0300][18640][17704][debug][gc,phases] GC(23)     GC Worker Other (ms):          Min:  0.1, Avg:  0.1, Max:  0.1, Diff:  0.0, Sum:  0.9, Workers: 8
[2025-06-17T22:49:33.897+0300][18640][17704][debug][gc,phases] GC(23)     GC Worker Total (ms):          Min:  0.4, Avg:  0.4, Max:  0.4, Diff:  0.0, Sum:  3.1, Workers: 8
[2025-06-17T22:49:33.897+0300][18640][17704][info ][gc,phases] GC(23)   Post Evacuate Collection Set: 0.8ms
[2025-06-17T22:49:33.897+0300][18640][17704][debug][gc,phases] GC(23)     NMethod List Cleanup: 0.0ms
[2025-06-17T22:49:33.897+0300][18640][17704][debug][gc,phases] GC(23)     Reference Processing: 0.1ms
[2025-06-17T22:49:33.897+0300][18640][17704][debug][gc,phases] GC(23)     Weak Processing: 0.1ms
[2025-06-17T22:49:33.897+0300][18640][17704][debug][gc,phases] GC(23)       VM Weak                        Min:  0.0, Avg:  0.0, Max:  0.0, Diff:  0.0, Sum:  0.0, Workers: 8
[2025-06-17T22:49:33.897+0300][18640][17704][debug][gc,phases] GC(23)         Dead                           Min: 0, Avg:  0.0, Max: 0, Diff: 0, Sum: 0, Workers: 8
[2025-06-17T22:49:33.897+0300][18640][17704][debug][gc,phases] GC(23)         Total                          Min: 0, Avg: 15.4, Max: 123, Diff: 123, Sum: 123, Workers: 8
[2025-06-17T22:49:33.897+0300][18640][17704][debug][gc,phases] GC(23)       ObjectSynchronizer Weak        Min:  0.0, Avg:  0.0, Max:  0.0, Diff:  0.0, Sum:  0.0, Workers: 8
[2025-06-17T22:49:33.897+0300][18640][17704][debug][gc,phases] GC(23)         Dead                           Min: 0, Avg:  0.0, Max: 0, Diff: 0, Sum: 0, Workers: 8
[2025-06-17T22:49:33.897+0300][18640][17704][debug][gc,phases] GC(23)         Total                          Min: 0, Avg: 17.5, Max: 127, Diff: 127, Sum: 140, Workers: 8
[2025-06-17T22:49:33.897+0300][18640][17704][debug][gc,phases] GC(23)       JVMTI Tag Weak OopStorage      Min:  0.0, Avg:  0.0, Max:  0.0, Diff:  0.0, Sum:  0.0, Workers: 8
[2025-06-17T22:49:33.897+0300][18640][17704][debug][gc,phases] GC(23)         Dead                           Min: 0, Avg:  0.0, Max: 0, Diff: 0, Sum: 0, Workers: 8
[2025-06-17T22:49:33.897+0300][18640][17704][debug][gc,phases] GC(23)         Total                          Min: 0, Avg:  0.0, Max: 0, Diff: 0, Sum: 0, Workers: 8
[2025-06-17T22:49:33.897+0300][18640][17704][debug][gc,phases] GC(23)       StringTable Weak               Min:  0.0, Avg:  0.0, Max:  0.0, Diff:  0.0, Sum:  0.1, Workers: 8
[2025-06-17T22:49:33.897+0300][18640][17704][debug][gc,phases] GC(23)         Dead                           Min: 0, Avg:  0.0, Max: 0, Diff: 0, Sum: 0, Workers: 8
[2025-06-17T22:49:33.897+0300][18640][17704][debug][gc,phases] GC(23)         Total                          Min: 512, Avg: 788.0, Max: 1184, Diff: 672, Sum: 6304, Workers: 8
[2025-06-17T22:49:33.897+0300][18640][17704][debug][gc,phases] GC(23)       ResolvedMethodTable Weak       Min:  0.0, Avg:  0.0, Max:  0.0, Diff:  0.0, Sum:  0.0, Workers: 8
[2025-06-17T22:49:33.897+0300][18640][17704][debug][gc,phases] GC(23)         Dead                           Min: 0, Avg:  0.0, Max: 0, Diff: 0, Sum: 0, Workers: 8
[2025-06-17T22:49:33.897+0300][18640][17704][debug][gc,phases] GC(23)         Total                          Min: 64, Avg: 112.1, Max: 128, Diff: 64, Sum: 897, Workers: 8
[2025-06-17T22:49:33.897+0300][18640][17704][debug][gc,phases] GC(23)       JNI Weak                       Min:  0.0, Avg:  0.0, Max:  0.0, Diff:  0.0, Sum:  0.0, Workers: 8
[2025-06-17T22:49:33.897+0300][18640][17704][debug][gc,phases] GC(23)         Dead                           Min: 0, Avg:  0.0, Max: 0, Diff: 0, Sum: 0, Workers: 8
[2025-06-17T22:49:33.897+0300][18640][17704][debug][gc,phases] GC(23)         Total                          Min: 0, Avg:  0.0, Max: 0, Diff: 0, Sum: 0, Workers: 8
[2025-06-17T22:49:33.897+0300][18640][17704][debug][gc,phases] GC(23)       StringDedup Table Weak         Min:  0.0, Avg:  0.0, Max:  0.0, Diff:  0.0, Sum:  0.0, Workers: 8
[2025-06-17T22:49:33.897+0300][18640][17704][debug][gc,phases] GC(23)         Dead                           Min: 0, Avg:  0.0, Max: 0, Diff: 0, Sum: 0, Workers: 8
[2025-06-17T22:49:33.897+0300][18640][17704][debug][gc,phases] GC(23)         Total                          Min: 0, Avg:  0.0, Max: 0, Diff: 0, Sum: 0, Workers: 8
[2025-06-17T22:49:33.897+0300][18640][17704][debug][gc,phases] GC(23)       StringDedup Requests0 Weak     Min:  0.0, Avg:  0.0, Max:  0.0, Diff:  0.0, Sum:  0.0, Workers: 8
[2025-06-17T22:49:33.897+0300][18640][17704][debug][gc,phases] GC(23)         Dead                           Min: 0, Avg:  0.0, Max: 0, Diff: 0, Sum: 0, Workers: 8
[2025-06-17T22:49:33.897+0300][18640][17704][debug][gc,phases] GC(23)         Total                          Min: 0, Avg:  0.0, Max: 0, Diff: 0, Sum: 0, Workers: 8
[2025-06-17T22:49:33.897+0300][18640][17704][debug][gc,phases] GC(23)       StringDedup Requests1 Weak     Min:  0.0, Avg:  0.0, Max:  0.0, Diff:  0.0, Sum:  0.0, Workers: 8
[2025-06-17T22:49:33.897+0300][18640][17704][debug][gc,phases] GC(23)         Dead                           Min: 0, Avg:  0.0, Max: 0, Diff: 0, Sum: 0, Workers: 8
[2025-06-17T22:49:33.897+0300][18640][17704][debug][gc,phases] GC(23)         Total                          Min: 0, Avg:  0.0, Max: 0, Diff: 0, Sum: 0, Workers: 8
[2025-06-17T22:49:33.897+0300][18640][17704][debug][gc,phases] GC(23)       Weak JFR Old Object Samples    Min:  0.0, Avg:  0.0, Max:  0.0, Diff:  0.0, Sum:  0.0, Workers: 8
[2025-06-17T22:49:33.897+0300][18640][17704][debug][gc,phases] GC(23)         Dead                           Min: 0, Avg:  0.0, Max: 0, Diff: 0, Sum: 0, Workers: 8
[2025-06-17T22:49:33.897+0300][18640][17704][debug][gc,phases] GC(23)         Total                          Min: 0, Avg:  0.0, Max: 0, Diff: 0, Sum: 0, Workers: 8
[2025-06-17T22:49:33.897+0300][18640][17704][debug][gc,phases] GC(23)     Post Evacuate Cleanup 1: 0.3ms
[2025-06-17T22:49:33.897+0300][18640][17704][debug][gc,phases] GC(23)       Merge Per-Thread State (ms):   Min:  0.0, Avg:  0.0, Max:  0.0, Diff:  0.0, Sum:  0.0, Workers: 1
[2025-06-17T22:49:33.897+0300][18640][17704][debug][gc,phases] GC(23)         Copied Bytes                   Min: 21040, Avg: 90304.0, Max: 126200, Diff: 105160, Sum: 722432, Workers: 8
[2025-06-17T22:49:33.897+0300][18640][17704][debug][gc,phases] GC(23)         LAB Waste                      Min: 120, Avg: 221.0, Max: 408, Diff: 288, Sum: 1768, Workers: 8
[2025-06-17T22:49:33.897+0300][18640][17704][debug][gc,phases] GC(23)         LAB Undo Waste                 Min: 0, Avg:  0.0, Max: 0, Diff: 0, Sum: 0, Workers: 8
[2025-06-17T22:49:33.897+0300][18640][17704][debug][gc,phases] GC(23)       Clear Logged Cards (ms):       Min:  0.0, Avg:  0.1, Max:  0.2, Diff:  0.2, Sum:  0.6, Workers: 5
[2025-06-17T22:49:33.897+0300][18640][17704][debug][gc,phases] GC(23)       Recalculate Used Memory (ms):  Min:  0.0, Avg:  0.0, Max:  0.0, Diff:  0.0, Sum:  0.0, Workers: 1
[2025-06-17T22:49:33.897+0300][18640][17704][debug][gc,phases] GC(23)     Post Evacuate Cleanup 2: 0.3ms
[2025-06-17T22:49:33.897+0300][18640][17704][debug][gc,phases] GC(23)       Update Derived Pointers (ms):  Min:  0.0, Avg:  0.0, Max:  0.0, Diff:  0.0, Sum:  0.0, Workers: 1
[2025-06-17T22:49:33.897+0300][18640][17704][debug][gc,phases] GC(23)       Eagerly Reclaim Humongous Objects (ms): Min:  0.0, Avg:  0.0, Max:  0.0, Diff:  0.0, Sum:  0.0, Workers: 1
[2025-06-17T22:49:33.897+0300][18640][17704][debug][gc,phases] GC(23)         Humongous Total                Min: 6, Avg:  6.0, Max: 6, Diff: 0, Sum: 6, Workers: 1
[2025-06-17T22:49:33.897+0300][18640][17704][debug][gc,phases] GC(23)         Humongous Candidates           Min: 3, Avg:  3.0, Max: 3, Diff: 0, Sum: 3, Workers: 1
[2025-06-17T22:49:33.897+0300][18640][17704][debug][gc,phases] GC(23)         Humongous Reclaimed            Min: 0, Avg:  0.0, Max: 0, Diff: 0, Sum: 0, Workers: 1
[2025-06-17T22:49:33.897+0300][18640][17704][debug][gc,phases] GC(23)       Redirty Logged Cards (ms):     Min:  0.0, Avg:  0.0, Max:  0.0, Diff:  0.0, Sum:  0.0, Workers: 8
[2025-06-17T22:49:33.897+0300][18640][17704][debug][gc,phases] GC(23)         Redirtied Cards:               Min: 0, Avg:  1.1, Max: 7, Diff: 7, Sum: 9, Workers: 8
[2025-06-17T22:49:33.897+0300][18640][17704][debug][gc,phases] GC(23)       Resize TLABs (ms):             Min:  0.0, Avg:  0.0, Max:  0.0, Diff:  0.0, Sum:  0.0, Workers: 8
[2025-06-17T22:49:33.897+0300][18640][17704][debug][gc,phases] GC(23)       Free Collection Set (ms):      Min:  0.2, Avg:  0.2, Max:  0.2, Diff:  0.0, Sum:  1.7, Workers: 8
[2025-06-17T22:49:33.897+0300][18640][17704][debug][gc,phases] GC(23)     Rebuild Free List: 0.1ms
[2025-06-17T22:49:33.897+0300][18640][17704][debug][gc,phases] GC(23)     Prepare For Mutator: 0.0ms
[2025-06-17T22:49:33.897+0300][18640][17704][debug][gc,phases] GC(23)     Expand Heap After Collection: 0.0ms
[2025-06-17T22:49:33.897+0300][18640][17704][info ][gc,phases] GC(23)   Other: 0.1ms
[2025-06-17T22:49:33.897+0300][18640][17704][info ][gc,heap  ] GC(23) Eden regions: 1228->0(1227)
[2025-06-17T22:49:33.897+0300][18640][17704][info ][gc,heap  ] GC(23) Survivor regions: 0->1(154)
[2025-06-17T22:49:33.897+0300][18640][17704][info ][gc,heap  ] GC(23) Old regions: 10->10
[2025-06-17T22:49:33.897+0300][18640][17704][info ][gc,heap  ] GC(23) Humongous regions: 18->18
[2025-06-17T22:49:33.897+0300][18640][17704][debug][gc,heap  ] GC(23) Heap after GC invocations=24 (full 2):
[2025-06-17T22:49:33.897+0300][18640][17704][debug][gc,heap  ] GC(23)  garbage-first heap   total 2097152K, used 22946K [0x0000000080000000, 0x0000000100000000)
[2025-06-17T22:49:33.897+0300][18640][17704][debug][gc,heap  ] GC(23)   region size 1024K, 1 young (1024K), 1 survivors (1024K)
[2025-06-17T22:49:33.897+0300][18640][17704][debug][gc,heap  ] GC(23)  Metaspace       used 8739K, committed 9792K, reserved 1114112K
[2025-06-17T22:49:33.897+0300][18640][17704][debug][gc,heap  ] GC(23)   class space    used 872K, committed 1280K, reserved 1048576K
[2025-06-17T22:49:33.897+0300][18640][17704][info ][gc       ] GC(23) Pause Young (Normal) (G1 Evacuation Pause) 1249M->22M(2048M) 3.830ms
[2025-06-17T22:49:33.897+0300][18640][17704][info ][safepoint] Safepoint "G1CollectForAllocation", Time since last: 479876600 ns, Reaching safepoint: 370100 ns, Cleanup: 24400 ns, At safepoint: 3893300 ns, Total: 4287800 ns
[2025-06-17T22:49:34.321+0300][18640][17704][debug][safepoint] Safepoint synchronization initiated using striped semaphore wait barrier. (21 threads)
[2025-06-17T22:49:34.321+0300][18640][15504][debug][safepoint] ... found polling page loop exception at pc = 0x000001d3901b37e0, stub =0x000001d38fbb5d80
[2025-06-17T22:49:34.321+0300][18640][16644][debug][safepoint] ... found polling page loop exception at pc = 0x000001d390259acf, stub =0x000001d38fbb5d80
[2025-06-17T22:49:34.321+0300][18640][10964][debug][safepoint] ... found polling page loop exception at pc = 0x000001d3901d3c0a, stub =0x000001d38fbb6600
[2025-06-17T22:49:34.321+0300][18640][20220][debug][safepoint] ... found polling page loop exception at pc = 0x000001d3901b37e0, stub =0x000001d38fbb5d80
[2025-06-17T22:49:34.321+0300][18640][17704][debug][gc,heap  ] GC(24) Heap before GC invocations=24 (full 2):
[2025-06-17T22:49:34.321+0300][18640][17704][debug][gc,heap  ] GC(24)  garbage-first heap   total 2097152K, used 1279394K [0x0000000080000000, 0x0000000100000000)
[2025-06-17T22:49:34.321+0300][18640][17704][debug][gc,heap  ] GC(24)   region size 1024K, 1228 young (1257472K), 1 survivors (1024K)
[2025-06-17T22:49:34.321+0300][18640][17704][debug][gc,heap  ] GC(24)  Metaspace       used 8739K, committed 9792K, reserved 1114112K
[2025-06-17T22:49:34.321+0300][18640][17704][debug][gc,heap  ] GC(24)   class space    used 872K, committed 1280K, reserved 1048576K
[2025-06-17T22:49:34.321+0300][18640][17704][info ][gc,phases] GC(24)   Pre Evacuate Collection Set: 0.3ms
[2025-06-17T22:49:34.321+0300][18640][17704][debug][gc,phases] GC(24)     Pre Evacuate Prepare: 0.1ms
[2025-06-17T22:49:34.321+0300][18640][17704][debug][gc,phases] GC(24)       JT Retire TLABs And Flush Logs (ms): Min:  0.0, Avg:  0.0, Max:  0.0, Diff:  0.0, Sum:  0.0, Workers: 2
[2025-06-17T22:49:34.321+0300][18640][17704][debug][gc,phases] GC(24)       Non-JT Flush Logs (ms):        Min:  0.0, Avg:  0.0, Max:  0.0, Diff:  0.0, Sum:  0.0, Workers: 1
[2025-06-17T22:49:34.321+0300][18640][17704][debug][gc,phases] GC(24)     Choose Collection Set: 0.0ms
[2025-06-17T22:49:34.321+0300][18640][17704][debug][gc,phases] GC(24)     Region Register: 0.2ms
[2025-06-17T22:49:34.321+0300][18640][17704][debug][gc,phases] GC(24)     Prepare Heap Roots: 0.0ms
[2025-06-17T22:49:34.321+0300][18640][17704][info ][gc,phases] GC(24)   Merge Heap Roots: 0.2ms
[2025-06-17T22:49:34.321+0300][18640][17704][debug][gc,phases] GC(24)     Prepare Merge Heap Roots: 0.0ms
[2025-06-17T22:49:34.321+0300][18640][17704][debug][gc,phases] GC(24)     Remembered Sets (ms):          Min:  0.1, Avg:  0.1, Max:  0.1, Diff:  0.0, Sum:  0.9, Workers: 8
[2025-06-17T22:49:34.321+0300][18640][17704][debug][gc,phases] GC(24)       Eager Reclaim (ms):            Min:  0.0, Avg:  0.0, Max:  0.0, Diff:  0.0, Sum:  0.0, Workers: 1
[2025-06-17T22:49:34.321+0300][18640][17704][debug][gc,phases] GC(24)       Merged Inline                  Min: 0, Avg:  0.0, Max: 0, Diff: 0, Sum: 0, Workers: 8
[2025-06-17T22:49:34.321+0300][18640][17704][debug][gc,phases] GC(24)       Merged ArrayOfCards            Min: 0, Avg:  0.0, Max: 0, Diff: 0, Sum: 0, Workers: 8
[2025-06-17T22:49:34.321+0300][18640][17704][debug][gc,phases] GC(24)       Merged Howl                    Min: 0, Avg:  0.0, Max: 0, Diff: 0, Sum: 0, Workers: 8
[2025-06-17T22:49:34.321+0300][18640][17704][debug][gc,phases] GC(24)       Merged Full                    Min: 0, Avg:  0.0, Max: 0, Diff: 0, Sum: 0, Workers: 8
[2025-06-17T22:49:34.321+0300][18640][17704][debug][gc,phases] GC(24)       Merged Howl Inline             Min: 0, Avg:  0.0, Max: 0, Diff: 0, Sum: 0, Workers: 8
[2025-06-17T22:49:34.321+0300][18640][17704][debug][gc,phases] GC(24)       Merged Howl ArrayOfCards       Min: 0, Avg:  0.0, Max: 0, Diff: 0, Sum: 0, Workers: 8
[2025-06-17T22:49:34.321+0300][18640][17704][debug][gc,phases] GC(24)       Merged Howl BitMap             Min: 0, Avg:  0.0, Max: 0, Diff: 0, Sum: 0, Workers: 8
[2025-06-17T22:49:34.321+0300][18640][17704][debug][gc,phases] GC(24)       Merged Howl Full               Min: 0, Avg:  0.0, Max: 0, Diff: 0, Sum: 0, Workers: 8
[2025-06-17T22:49:34.321+0300][18640][17704][debug][gc,phases] GC(24)       Merged Cards                   Min: 8, Avg:  9.0, Max: 16, Diff: 8, Sum: 72, Workers: 8
[2025-06-17T22:49:34.321+0300][18640][17704][debug][gc,phases] GC(24)     Log Buffers (ms):              Min:  0.0, Avg:  0.0, Max:  0.0, Diff:  0.0, Sum:  0.0, Workers: 8
[2025-06-17T22:49:34.321+0300][18640][17704][debug][gc,phases] GC(24)       Dirty Cards:                   Min: 0, Avg:  1.4, Max: 9, Diff: 9, Sum: 11, Workers: 8
[2025-06-17T22:49:34.321+0300][18640][17704][debug][gc,phases] GC(24)       Skipped Cards:                 Min: 0, Avg:  0.0, Max: 0, Diff: 0, Sum: 0, Workers: 8
[2025-06-17T22:49:34.321+0300][18640][17704][info ][gc,phases] GC(24)   Evacuate Collection Set: 0.7ms
[2025-06-17T22:49:34.321+0300][18640][17704][debug][gc,phases] GC(24)     Ext Root Scanning (ms):        Min:  0.0, Avg:  0.1, Max:  0.1, Diff:  0.1, Sum:  0.5, Workers: 8
[2025-06-17T22:49:34.321+0300][18640][17704][debug][gc,phases] GC(24)     Scan Heap Roots (ms):          Min:  0.0, Avg:  0.0, Max:  0.0, Diff:  0.0, Sum:  0.1, Workers: 8
[2025-06-17T22:49:34.321+0300][18640][17704][debug][gc,phases] GC(24)       Scanned Cards:                 Min: 0, Avg:  1.2, Max: 3, Diff: 3, Sum: 10, Workers: 8
[2025-06-17T22:49:34.321+0300][18640][17704][debug][gc,phases] GC(24)       Scanned Blocks:                Min: 0, Avg:  1.1, Max: 3, Diff: 3, Sum: 9, Workers: 8
[2025-06-17T22:49:34.321+0300][18640][17704][debug][gc,phases] GC(24)       Claimed Chunks:                Min: 0, Avg:  0.9, Max: 2, Diff: 2, Sum: 7, Workers: 8
[2025-06-17T22:49:34.321+0300][18640][17704][debug][gc,phases] GC(24)       Found Roots:                   Min: 0, Avg:  1.1, Max: 3, Diff: 3, Sum: 9, Workers: 8
[2025-06-17T22:49:34.321+0300][18640][17704][debug][gc,phases] GC(24)     Code Root Scan (ms):           Min:  0.1, Avg:  0.1, Max:  0.1, Diff:  0.0, Sum:  0.8, Workers: 8
[2025-06-17T22:49:34.321+0300][18640][17704][debug][gc,phases] GC(24)       Scanned Nmethods               Min: 0, Avg:  0.0, Max: 0, Diff: 0, Sum: 0, Workers: 8
[2025-06-17T22:49:34.321+0300][18640][17704][debug][gc,phases] GC(24)     Object Copy (ms):              Min:  0.0, Avg:  0.1, Max:  0.1, Diff:  0.1, Sum:  0.8, Workers: 8
[2025-06-17T22:49:34.321+0300][18640][17704][debug][gc,phases] GC(24)     Termination (ms):              Min:  0.0, Avg:  0.2, Max:  0.2, Diff:  0.2, Sum:  1.5, Workers: 8
[2025-06-17T22:49:34.321+0300][18640][17704][debug][gc,phases] GC(24)       Termination Attempts:          Min: 1, Avg:  1.0, Max: 1, Diff: 0, Sum: 8, Workers: 8
[2025-06-17T22:49:34.321+0300][18640][17704][debug][gc,phases] GC(24)     GC Worker Other (ms):          Min:  0.1, Avg:  0.1, Max:  0.1, Diff:  0.0, Sum:  0.8, Workers: 8
[2025-06-17T22:49:34.321+0300][18640][17704][debug][gc,phases] GC(24)     GC Worker Total (ms):          Min:  0.2, Avg:  0.6, Max:  0.6, Diff:  0.4, Sum:  4.5, Workers: 8
[2025-06-17T22:49:34.321+0300][18640][17704][info ][gc,phases] GC(24)   Post Evacuate Collection Set: 0.8ms
[2025-06-17T22:49:34.321+0300][18640][17704][debug][gc,phases] GC(24)     NMethod List Cleanup: 0.0ms
[2025-06-17T22:49:34.321+0300][18640][17704][debug][gc,phases] GC(24)     Reference Processing: 0.1ms
[2025-06-17T22:49:34.321+0300][18640][17704][debug][gc,phases] GC(24)     Weak Processing: 0.1ms
[2025-06-17T22:49:34.321+0300][18640][17704][debug][gc,phases] GC(24)       VM Weak                        Min:  0.0, Avg:  0.0, Max:  0.0, Diff:  0.0, Sum:  0.0, Workers: 8
[2025-06-17T22:49:34.321+0300][18640][17704][debug][gc,phases] GC(24)         Dead                           Min: 0, Avg:  0.0, Max: 0, Diff: 0, Sum: 0, Workers: 8
[2025-06-17T22:49:34.321+0300][18640][17704][debug][gc,phases] GC(24)         Total                          Min: 0, Avg: 15.4, Max: 105, Diff: 105, Sum: 123, Workers: 8
[2025-06-17T22:49:34.321+0300][18640][17704][debug][gc,phases] GC(24)       ObjectSynchronizer Weak        Min:  0.0, Avg:  0.0, Max:  0.0, Diff:  0.0, Sum:  0.0, Workers: 8
[2025-06-17T22:49:34.321+0300][18640][17704][debug][gc,phases] GC(24)         Dead                           Min: 0, Avg:  0.0, Max: 0, Diff: 0, Sum: 0, Workers: 8
[2025-06-17T22:49:34.321+0300][18640][17704][debug][gc,phases] GC(24)         Total                          Min: 0, Avg: 17.5, Max: 77, Diff: 77, Sum: 140, Workers: 8
[2025-06-17T22:49:34.321+0300][18640][17704][debug][gc,phases] GC(24)       JVMTI Tag Weak OopStorage      Min:  0.0, Avg:  0.0, Max:  0.0, Diff:  0.0, Sum:  0.0, Workers: 8
[2025-06-17T22:49:34.321+0300][18640][17704][debug][gc,phases] GC(24)         Dead                           Min: 0, Avg:  0.0, Max: 0, Diff: 0, Sum: 0, Workers: 8
[2025-06-17T22:49:34.321+0300][18640][17704][debug][gc,phases] GC(24)         Total                          Min: 0, Avg:  0.0, Max: 0, Diff: 0, Sum: 0, Workers: 8
[2025-06-17T22:49:34.321+0300][18640][17704][debug][gc,phases] GC(24)       StringTable Weak               Min:  0.0, Avg:  0.0, Max:  0.0, Diff:  0.0, Sum:  0.1, Workers: 8
[2025-06-17T22:49:34.321+0300][18640][17704][debug][gc,phases] GC(24)         Dead                           Min: 0, Avg:  0.0, Max: 0, Diff: 0, Sum: 0, Workers: 8
[2025-06-17T22:49:34.321+0300][18640][17704][debug][gc,phases] GC(24)         Total                          Min: 640, Avg: 788.0, Max: 928, Diff: 288, Sum: 6304, Workers: 8
[2025-06-17T22:49:34.321+0300][18640][17704][debug][gc,phases] GC(24)       ResolvedMethodTable Weak       Min:  0.0, Avg:  0.0, Max:  0.0, Diff:  0.0, Sum:  0.0, Workers: 8
[2025-06-17T22:49:34.321+0300][18640][17704][debug][gc,phases] GC(24)         Dead                           Min: 0, Avg:  0.0, Max: 0, Diff: 0, Sum: 0, Workers: 8
[2025-06-17T22:49:34.321+0300][18640][17704][debug][gc,phases] GC(24)         Total                          Min: 64, Avg: 112.1, Max: 128, Diff: 64, Sum: 897, Workers: 8
[2025-06-17T22:49:34.321+0300][18640][17704][debug][gc,phases] GC(24)       JNI Weak                       Min:  0.0, Avg:  0.0, Max:  0.0, Diff:  0.0, Sum:  0.0, Workers: 8
[2025-06-17T22:49:34.321+0300][18640][17704][debug][gc,phases] GC(24)         Dead                           Min: 0, Avg:  0.0, Max: 0, Diff: 0, Sum: 0, Workers: 8
[2025-06-17T22:49:34.321+0300][18640][17704][debug][gc,phases] GC(24)         Total                          Min: 0, Avg:  0.0, Max: 0, Diff: 0, Sum: 0, Workers: 8
[2025-06-17T22:49:34.321+0300][18640][17704][debug][gc,phases] GC(24)       StringDedup Table Weak         Min:  0.0, Avg:  0.0, Max:  0.0, Diff:  0.0, Sum:  0.0, Workers: 8
[2025-06-17T22:49:34.321+0300][18640][17704][debug][gc,phases] GC(24)         Dead                           Min: 0, Avg:  0.0, Max: 0, Diff: 0, Sum: 0, Workers: 8
[2025-06-17T22:49:34.321+0300][18640][17704][debug][gc,phases] GC(24)         Total                          Min: 0, Avg:  0.0, Max: 0, Diff: 0, Sum: 0, Workers: 8
[2025-06-17T22:49:34.321+0300][18640][17704][debug][gc,phases] GC(24)       StringDedup Requests0 Weak     Min:  0.0, Avg:  0.0, Max:  0.0, Diff:  0.0, Sum:  0.0, Workers: 8
[2025-06-17T22:49:34.321+0300][18640][17704][debug][gc,phases] GC(24)         Dead                           Min: 0, Avg:  0.0, Max: 0, Diff: 0, Sum: 0, Workers: 8
[2025-06-17T22:49:34.321+0300][18640][17704][debug][gc,phases] GC(24)         Total                          Min: 0, Avg:  0.0, Max: 0, Diff: 0, Sum: 0, Workers: 8
[2025-06-17T22:49:34.321+0300][18640][17704][debug][gc,phases] GC(24)       StringDedup Requests1 Weak     Min:  0.0, Avg:  0.0, Max:  0.0, Diff:  0.0, Sum:  0.0, Workers: 8
[2025-06-17T22:49:34.321+0300][18640][17704][debug][gc,phases] GC(24)         Dead                           Min: 0, Avg:  0.0, Max: 0, Diff: 0, Sum: 0, Workers: 8
[2025-06-17T22:49:34.321+0300][18640][17704][debug][gc,phases] GC(24)         Total                          Min: 0, Avg:  0.0, Max: 0, Diff: 0, Sum: 0, Workers: 8
[2025-06-17T22:49:34.321+0300][18640][17704][debug][gc,phases] GC(24)       Weak JFR Old Object Samples    Min:  0.0, Avg:  0.0, Max:  0.0, Diff:  0.0, Sum:  0.0, Workers: 8
[2025-06-17T22:49:34.321+0300][18640][17704][debug][gc,phases] GC(24)         Dead                           Min: 0, Avg:  0.0, Max: 0, Diff: 0, Sum: 0, Workers: 8
[2025-06-17T22:49:34.321+0300][18640][17704][debug][gc,phases] GC(24)         Total                          Min: 0, Avg:  0.0, Max: 0, Diff: 0, Sum: 0, Workers: 8
[2025-06-17T22:49:34.321+0300][18640][17704][debug][gc,phases] GC(24)     Post Evacuate Cleanup 1: 0.3ms
[2025-06-17T22:49:34.321+0300][18640][17704][debug][gc,phases] GC(24)       Merge Per-Thread State (ms):   Min:  0.0, Avg:  0.0, Max:  0.0, Diff:  0.0, Sum:  0.0, Workers: 1
[2025-06-17T22:49:34.321+0300][18640][17704][debug][gc,phases] GC(24)         Copied Bytes                   Min: 0, Avg: 90701.0, Max: 142976, Diff: 142976, Sum: 725608, Workers: 8
[2025-06-17T22:49:34.321+0300][18640][17704][debug][gc,phases] GC(24)         LAB Waste                      Min: 0, Avg: 186.0, Max: 296, Diff: 296, Sum: 1488, Workers: 8
[2025-06-17T22:49:34.321+0300][18640][17704][debug][gc,phases] GC(24)         LAB Undo Waste                 Min: 0, Avg:  0.0, Max: 0, Diff: 0, Sum: 0, Workers: 8
[2025-06-17T22:49:34.321+0300][18640][17704][debug][gc,phases] GC(24)       Clear Logged Cards (ms):       Min:  0.0, Avg:  0.1, Max:  0.3, Diff:  0.3, Sum:  0.6, Workers: 5
[2025-06-17T22:49:34.321+0300][18640][17704][debug][gc,phases] GC(24)       Recalculate Used Memory (ms):  Min:  0.0, Avg:  0.0, Max:  0.0, Diff:  0.0, Sum:  0.0, Workers: 1
[2025-06-17T22:49:34.321+0300][18640][17704][debug][gc,phases] GC(24)     Post Evacuate Cleanup 2: 0.3ms
[2025-06-17T22:49:34.321+0300][18640][17704][debug][gc,phases] GC(24)       Update Derived Pointers (ms):  Min:  0.0, Avg:  0.0, Max:  0.0, Diff:  0.0, Sum:  0.0, Workers: 1
[2025-06-17T22:49:34.321+0300][18640][17704][debug][gc,phases] GC(24)       Eagerly Reclaim Humongous Objects (ms): Min:  0.0, Avg:  0.0, Max:  0.0, Diff:  0.0, Sum:  0.0, Workers: 1
[2025-06-17T22:49:34.321+0300][18640][17704][debug][gc,phases] GC(24)         Humongous Total                Min: 6, Avg:  6.0, Max: 6, Diff: 0, Sum: 6, Workers: 1
[2025-06-17T22:49:34.321+0300][18640][17704][debug][gc,phases] GC(24)         Humongous Candidates           Min: 3, Avg:  3.0, Max: 3, Diff: 0, Sum: 3, Workers: 1
[2025-06-17T22:49:34.321+0300][18640][17704][debug][gc,phases] GC(24)         Humongous Reclaimed            Min: 0, Avg:  0.0, Max: 0, Diff: 0, Sum: 0, Workers: 1
[2025-06-17T22:49:34.321+0300][18640][17704][debug][gc,phases] GC(24)       Redirty Logged Cards (ms):     Min:  0.0, Avg:  0.0, Max:  0.0, Diff:  0.0, Sum:  0.0, Workers: 8
[2025-06-17T22:49:34.321+0300][18640][17704][debug][gc,phases] GC(24)         Redirtied Cards:               Min: 0, Avg:  1.1, Max: 6, Diff: 6, Sum: 9, Workers: 8
[2025-06-17T22:49:34.321+0300][18640][17704][debug][gc,phases] GC(24)       Resize TLABs (ms):             Min:  0.0, Avg:  0.0, Max:  0.0, Diff:  0.0, Sum:  0.0, Workers: 8
[2025-06-17T22:49:34.321+0300][18640][17704][debug][gc,phases] GC(24)       Free Collection Set (ms):      Min:  0.2, Avg:  0.2, Max:  0.2, Diff:  0.0, Sum:  1.7, Workers: 8
[2025-06-17T22:49:34.321+0300][18640][17704][debug][gc,phases] GC(24)     Rebuild Free List: 0.1ms
[2025-06-17T22:49:34.321+0300][18640][17704][debug][gc,phases] GC(24)     Prepare For Mutator: 0.0ms
[2025-06-17T22:49:34.321+0300][18640][17704][debug][gc,phases] GC(24)     Expand Heap After Collection: 0.0ms
[2025-06-17T22:49:34.321+0300][18640][17704][info ][gc,phases] GC(24)   Other: 0.1ms
[2025-06-17T22:49:34.321+0300][18640][17704][info ][gc,heap  ] GC(24) Eden regions: 1227->0(1227)
[2025-06-17T22:49:34.321+0300][18640][17704][info ][gc,heap  ] GC(24) Survivor regions: 1->1(154)
[2025-06-17T22:49:34.321+0300][18640][17704][info ][gc,heap  ] GC(24) Old regions: 10->10
[2025-06-17T22:49:34.321+0300][18640][17704][info ][gc,heap  ] GC(24) Humongous regions: 18->18
[2025-06-17T22:49:34.321+0300][18640][17704][debug][gc,heap  ] GC(24) Heap after GC invocations=25 (full 2):
[2025-06-17T22:49:34.321+0300][18640][17704][debug][gc,heap  ] GC(24)  garbage-first heap   total 2097152K, used 22948K [0x0000000080000000, 0x0000000100000000)
[2025-06-17T22:49:34.321+0300][18640][17704][debug][gc,heap  ] GC(24)   region size 1024K, 1 young (1024K), 1 survivors (1024K)
[2025-06-17T22:49:34.321+0300][18640][17704][debug][gc,heap  ] GC(24)  Metaspace       used 8739K, committed 9792K, reserved 1114112K
[2025-06-17T22:49:34.321+0300][18640][17704][debug][gc,heap  ] GC(24)   class space    used 872K, committed 1280K, reserved 1048576K
[2025-06-17T22:49:34.321+0300][18640][17704][info ][gc       ] GC(24) Pause Young (Normal) (G1 Evacuation Pause) 1249M->22M(2048M) 3.977ms
[2025-06-17T22:49:34.321+0300][18640][17704][info ][safepoint] Safepoint "G1CollectForAllocation", Time since last: 419141200 ns, Reaching safepoint: 410000 ns, Cleanup: 18700 ns, At safepoint: 4048200 ns, Total: 4476900 ns
[2025-06-17T22:49:34.731+0300][18640][17704][debug][safepoint] Safepoint synchronization initiated using striped semaphore wait barrier. (21 threads)
[2025-06-17T22:49:34.731+0300][18640][2636 ][debug][safepoint] ... found polling page loop exception at pc = 0x000001d3901c0f22, stub =0x000001d38fbb6600
[2025-06-17T22:49:34.731+0300][18640][21180][debug][safepoint] ... found polling page loop exception at pc = 0x000001d3901c0f22, stub =0x000001d38fbb6600
[2025-06-17T22:49:34.731+0300][18640][16644][debug][safepoint] ... found polling page loop exception at pc = 0x000001d3901b37e0, stub =0x000001d38fbb5d80
[2025-06-17T22:49:34.731+0300][18640][10964][debug][safepoint] ... found polling page loop exception at pc = 0x000001d3901b37e0, stub =0x000001d38fbb5d80
[2025-06-17T22:49:34.731+0300][18640][15504][debug][safepoint] ... found polling page loop exception at pc = 0x000001d3901b3bfc, stub =0x000001d38fbb5d80
[2025-06-17T22:49:34.731+0300][18640][5228 ][debug][safepoint] ... found polling page loop exception at pc = 0x000001d3901b37e0, stub =0x000001d38fbb5d80
[2025-06-17T22:49:34.731+0300][18640][17704][debug][gc,heap  ] GC(25) Heap before GC invocations=25 (full 2):
[2025-06-17T22:49:34.731+0300][18640][17704][debug][gc,heap  ] GC(25)  garbage-first heap   total 2097152K, used 1279396K [0x0000000080000000, 0x0000000100000000)
[2025-06-17T22:49:34.731+0300][18640][17704][debug][gc,heap  ] GC(25)   region size 1024K, 1228 young (1257472K), 1 survivors (1024K)
[2025-06-17T22:49:34.731+0300][18640][17704][debug][gc,heap  ] GC(25)  Metaspace       used 8739K, committed 9792K, reserved 1114112K
[2025-06-17T22:49:34.731+0300][18640][17704][debug][gc,heap  ] GC(25)   class space    used 872K, committed 1280K, reserved 1048576K
[2025-06-17T22:49:34.733+0300][18640][17704][info ][gc,phases] GC(25)   Pre Evacuate Collection Set: 0.5ms
[2025-06-17T22:49:34.733+0300][18640][17704][debug][gc,phases] GC(25)     Pre Evacuate Prepare: 0.2ms
[2025-06-17T22:49:34.733+0300][18640][17704][debug][gc,phases] GC(25)       JT Retire TLABs And Flush Logs (ms): Min:  0.0, Avg:  0.0, Max:  0.0, Diff:  0.0, Sum:  0.0, Workers: 2
[2025-06-17T22:49:34.733+0300][18640][17704][debug][gc,phases] GC(25)       Non-JT Flush Logs (ms):        Min:  0.0, Avg:  0.0, Max:  0.0, Diff:  0.0, Sum:  0.0, Workers: 1
[2025-06-17T22:49:34.733+0300][18640][17704][debug][gc,phases] GC(25)     Choose Collection Set: 0.0ms
[2025-06-17T22:49:34.733+0300][18640][17704][debug][gc,phases] GC(25)     Region Register: 0.3ms
[2025-06-17T22:49:34.733+0300][18640][17704][debug][gc,phases] GC(25)     Prepare Heap Roots: 0.0ms
[2025-06-17T22:49:34.733+0300][18640][17704][info ][gc,phases] GC(25)   Merge Heap Roots: 0.2ms
[2025-06-17T22:49:34.733+0300][18640][17704][debug][gc,phases] GC(25)     Prepare Merge Heap Roots: 0.0ms
[2025-06-17T22:49:34.733+0300][18640][17704][debug][gc,phases] GC(25)     Remembered Sets (ms):          Min:  0.0, Avg:  0.1, Max:  0.2, Diff:  0.1, Sum:  1.1, Workers: 8
[2025-06-17T22:49:34.733+0300][18640][17704][debug][gc,phases] GC(25)       Eager Reclaim (ms):            Min:  0.0, Avg:  0.0, Max:  0.0, Diff:  0.0, Sum:  0.0, Workers: 1
[2025-06-17T22:49:34.733+0300][18640][17704][debug][gc,phases] GC(25)       Merged Inline                  Min: 0, Avg:  0.0, Max: 0, Diff: 0, Sum: 0, Workers: 8
[2025-06-17T22:49:34.733+0300][18640][17704][debug][gc,phases] GC(25)       Merged ArrayOfCards            Min: 0, Avg:  0.0, Max: 0, Diff: 0, Sum: 0, Workers: 8
[2025-06-17T22:49:34.733+0300][18640][17704][debug][gc,phases] GC(25)       Merged Howl                    Min: 0, Avg:  0.0, Max: 0, Diff: 0, Sum: 0, Workers: 8
[2025-06-17T22:49:34.733+0300][18640][17704][debug][gc,phases] GC(25)       Merged Full                    Min: 0, Avg:  0.0, Max: 0, Diff: 0, Sum: 0, Workers: 8
[2025-06-17T22:49:34.733+0300][18640][17704][debug][gc,phases] GC(25)       Merged Howl Inline             Min: 0, Avg:  0.0, Max: 0, Diff: 0, Sum: 0, Workers: 8
[2025-06-17T22:49:34.733+0300][18640][17704][debug][gc,phases] GC(25)       Merged Howl ArrayOfCards       Min: 0, Avg:  0.0, Max: 0, Diff: 0, Sum: 0, Workers: 8
[2025-06-17T22:49:34.733+0300][18640][17704][debug][gc,phases] GC(25)       Merged Howl BitMap             Min: 0, Avg:  0.0, Max: 0, Diff: 0, Sum: 0, Workers: 8
[2025-06-17T22:49:34.733+0300][18640][17704][debug][gc,phases] GC(25)       Merged Howl Full               Min: 0, Avg:  0.0, Max: 0, Diff: 0, Sum: 0, Workers: 8
[2025-06-17T22:49:34.733+0300][18640][17704][debug][gc,phases] GC(25)       Merged Cards                   Min: 8, Avg:  9.0, Max: 16, Diff: 8, Sum: 72, Workers: 8
[2025-06-17T22:49:34.733+0300][18640][17704][debug][gc,phases] GC(25)     Log Buffers (ms):              Min:  0.0, Avg:  0.0, Max:  0.0, Diff:  0.0, Sum:  0.0, Workers: 8
[2025-06-17T22:49:34.733+0300][18640][17704][debug][gc,phases] GC(25)       Dirty Cards:                   Min: 0, Avg:  1.4, Max: 11, Diff: 11, Sum: 11, Workers: 8
[2025-06-17T22:49:34.733+0300][18640][17704][debug][gc,phases] GC(25)       Skipped Cards:                 Min: 0, Avg:  0.0, Max: 0, Diff: 0, Sum: 0, Workers: 8
[2025-06-17T22:49:34.733+0300][18640][17704][info ][gc,phases] GC(25)   Evacuate Collection Set: 0.7ms
[2025-06-17T22:49:34.733+0300][18640][17704][debug][gc,phases] GC(25)     Ext Root Scanning (ms):        Min:  0.0, Avg:  0.1, Max:  0.1, Diff:  0.1, Sum:  0.4, Workers: 8
[2025-06-17T22:49:34.733+0300][18640][17704][debug][gc,phases] GC(25)     Scan Heap Roots (ms):          Min:  0.0, Avg:  0.0, Max:  0.0, Diff:  0.0, Sum:  0.0, Workers: 8
[2025-06-17T22:49:34.733+0300][18640][17704][debug][gc,phases] GC(25)       Scanned Cards:                 Min: 0, Avg:  1.2, Max: 3, Diff: 3, Sum: 10, Workers: 8
[2025-06-17T22:49:34.733+0300][18640][17704][debug][gc,phases] GC(25)       Scanned Blocks:                Min: 0, Avg:  1.1, Max: 3, Diff: 3, Sum: 9, Workers: 8
[2025-06-17T22:49:34.733+0300][18640][17704][debug][gc,phases] GC(25)       Claimed Chunks:                Min: 0, Avg:  0.9, Max: 2, Diff: 2, Sum: 7, Workers: 8
[2025-06-17T22:49:34.733+0300][18640][17704][debug][gc,phases] GC(25)       Found Roots:                   Min: 0, Avg:  1.1, Max: 2, Diff: 2, Sum: 9, Workers: 8
[2025-06-17T22:49:34.733+0300][18640][17704][debug][gc,phases] GC(25)     Code Root Scan (ms):           Min:  0.1, Avg:  0.1, Max:  0.1, Diff:  0.0, Sum:  0.8, Workers: 8
[2025-06-17T22:49:34.733+0300][18640][17704][debug][gc,phases] GC(25)       Scanned Nmethods               Min: 0, Avg:  0.0, Max: 0, Diff: 0, Sum: 0, Workers: 8
[2025-06-17T22:49:34.733+0300][18640][17704][debug][gc,phases] GC(25)     Object Copy (ms):              Min:  0.0, Avg:  0.1, Max:  0.1, Diff:  0.1, Sum:  0.7, Workers: 8
[2025-06-17T22:49:34.733+0300][18640][17704][debug][gc,phases] GC(25)     Termination (ms):              Min:  0.0, Avg:  0.2, Max:  0.3, Diff:  0.2, Sum:  1.8, Workers: 8
[2025-06-17T22:49:34.733+0300][18640][17704][debug][gc,phases] GC(25)       Termination Attempts:          Min: 1, Avg:  1.0, Max: 1, Diff: 0, Sum: 8, Workers: 8
[2025-06-17T22:49:34.733+0300][18640][17704][debug][gc,phases] GC(25)     GC Worker Other (ms):          Min:  0.1, Avg:  0.1, Max:  0.1, Diff:  0.0, Sum:  0.8, Workers: 8
[2025-06-17T22:49:34.733+0300][18640][17704][debug][gc,phases] GC(25)     GC Worker Total (ms):          Min:  0.2, Avg:  0.6, Max:  0.6, Diff:  0.4, Sum:  4.7, Workers: 8
[2025-06-17T22:49:34.733+0300][18640][17704][info ][gc,phases] GC(25)   Post Evacuate Collection Set: 0.7ms
[2025-06-17T22:49:34.733+0300][18640][17704][debug][gc,phases] GC(25)     NMethod List Cleanup: 0.0ms
[2025-06-17T22:49:34.733+0300][18640][17704][debug][gc,phases] GC(25)     Reference Processing: 0.1ms
[2025-06-17T22:49:34.733+0300][18640][17704][debug][gc,phases] GC(25)     Weak Processing: 0.1ms
[2025-06-17T22:49:34.733+0300][18640][17704][debug][gc,phases] GC(25)       VM Weak                        Min:  0.0, Avg:  0.0, Max:  0.0, Diff:  0.0, Sum:  0.0, Workers: 8
[2025-06-17T22:49:34.733+0300][18640][17704][debug][gc,phases] GC(25)         Dead                           Min: 0, Avg:  0.0, Max: 0, Diff: 0, Sum: 0, Workers: 8
[2025-06-17T22:49:34.733+0300][18640][17704][debug][gc,phases] GC(25)         Total                          Min: 0, Avg: 15.4, Max: 84, Diff: 84, Sum: 123, Workers: 8
[2025-06-17T22:49:34.733+0300][18640][17704][debug][gc,phases] GC(25)       ObjectSynchronizer Weak        Min:  0.0, Avg:  0.0, Max:  0.0, Diff:  0.0, Sum:  0.0, Workers: 8
[2025-06-17T22:49:34.733+0300][18640][17704][debug][gc,phases] GC(25)         Dead                           Min: 0, Avg:  0.0, Max: 0, Diff: 0, Sum: 0, Workers: 8
[2025-06-17T22:49:34.733+0300][18640][17704][debug][gc,phases] GC(25)         Total                          Min: 0, Avg: 17.5, Max: 77, Diff: 77, Sum: 140, Workers: 8
[2025-06-17T22:49:34.733+0300][18640][17704][debug][gc,phases] GC(25)       JVMTI Tag Weak OopStorage      Min:  0.0, Avg:  0.0, Max:  0.0, Diff:  0.0, Sum:  0.0, Workers: 8
[2025-06-17T22:49:34.733+0300][18640][17704][debug][gc,phases] GC(25)         Dead                           Min: 0, Avg:  0.0, Max: 0, Diff: 0, Sum: 0, Workers: 8
[2025-06-17T22:49:34.733+0300][18640][17704][debug][gc,phases] GC(25)         Total                          Min: 0, Avg:  0.0, Max: 0, Diff: 0, Sum: 0, Workers: 8
[2025-06-17T22:49:34.733+0300][18640][17704][debug][gc,phases] GC(25)       StringTable Weak               Min:  0.0, Avg:  0.0, Max:  0.0, Diff:  0.0, Sum:  0.1, Workers: 8
[2025-06-17T22:49:34.733+0300][18640][17704][debug][gc,phases] GC(25)         Dead                           Min: 0, Avg:  0.0, Max: 0, Diff: 0, Sum: 0, Workers: 8
[2025-06-17T22:49:34.733+0300][18640][17704][debug][gc,phases] GC(25)         Total                          Min: 704, Avg: 788.0, Max: 896, Diff: 192, Sum: 6304, Workers: 8
[2025-06-17T22:49:34.733+0300][18640][17704][debug][gc,phases] GC(25)       ResolvedMethodTable Weak       Min:  0.0, Avg:  0.0, Max:  0.0, Diff:  0.0, Sum:  0.0, Workers: 8
[2025-06-17T22:49:34.733+0300][18640][17704][debug][gc,phases] GC(25)         Dead                           Min: 0, Avg:  0.0, Max: 0, Diff: 0, Sum: 0, Workers: 8
[2025-06-17T22:49:34.733+0300][18640][17704][debug][gc,phases] GC(25)         Total                          Min: 64, Avg: 112.1, Max: 129, Diff: 65, Sum: 897, Workers: 8
[2025-06-17T22:49:34.733+0300][18640][17704][debug][gc,phases] GC(25)       JNI Weak                       Min:  0.0, Avg:  0.0, Max:  0.0, Diff:  0.0, Sum:  0.0, Workers: 8
[2025-06-17T22:49:34.733+0300][18640][17704][debug][gc,phases] GC(25)         Dead                           Min: 0, Avg:  0.0, Max: 0, Diff: 0, Sum: 0, Workers: 8
[2025-06-17T22:49:34.733+0300][18640][17704][debug][gc,phases] GC(25)         Total                          Min: 0, Avg:  0.0, Max: 0, Diff: 0, Sum: 0, Workers: 8
[2025-06-17T22:49:34.733+0300][18640][17704][debug][gc,phases] GC(25)       StringDedup Table Weak         Min:  0.0, Avg:  0.0, Max:  0.0, Diff:  0.0, Sum:  0.0, Workers: 8
[2025-06-17T22:49:34.733+0300][18640][17704][debug][gc,phases] GC(25)         Dead                           Min: 0, Avg:  0.0, Max: 0, Diff: 0, Sum: 0, Workers: 8
[2025-06-17T22:49:34.733+0300][18640][17704][debug][gc,phases] GC(25)         Total                          Min: 0, Avg:  0.0, Max: 0, Diff: 0, Sum: 0, Workers: 8
[2025-06-17T22:49:34.733+0300][18640][17704][debug][gc,phases] GC(25)       StringDedup Requests0 Weak     Min:  0.0, Avg:  0.0, Max:  0.0, Diff:  0.0, Sum:  0.0, Workers: 8
[2025-06-17T22:49:34.733+0300][18640][17704][debug][gc,phases] GC(25)         Dead                           Min: 0, Avg:  0.0, Max: 0, Diff: 0, Sum: 0, Workers: 8
[2025-06-17T22:49:34.733+0300][18640][17704][debug][gc,phases] GC(25)         Total                          Min: 0, Avg:  0.0, Max: 0, Diff: 0, Sum: 0, Workers: 8
[2025-06-17T22:49:34.733+0300][18640][17704][debug][gc,phases] GC(25)       StringDedup Requests1 Weak     Min:  0.0, Avg:  0.0, Max:  0.0, Diff:  0.0, Sum:  0.0, Workers: 8
[2025-06-17T22:49:34.733+0300][18640][17704][debug][gc,phases] GC(25)         Dead                           Min: 0, Avg:  0.0, Max: 0, Diff: 0, Sum: 0, Workers: 8
[2025-06-17T22:49:34.733+0300][18640][17704][debug][gc,phases] GC(25)         Total                          Min: 0, Avg:  0.0, Max: 0, Diff: 0, Sum: 0, Workers: 8
[2025-06-17T22:49:34.733+0300][18640][17704][debug][gc,phases] GC(25)       Weak JFR Old Object Samples    Min:  0.0, Avg:  0.0, Max:  0.0, Diff:  0.0, Sum:  0.0, Workers: 8
[2025-06-17T22:49:34.733+0300][18640][17704][debug][gc,phases] GC(25)         Dead                           Min: 0, Avg:  0.0, Max: 0, Diff: 0, Sum: 0, Workers: 8
[2025-06-17T22:49:34.733+0300][18640][17704][debug][gc,phases] GC(25)         Total                          Min: 0, Avg:  0.0, Max: 0, Diff: 0, Sum: 0, Workers: 8
[2025-06-17T22:49:34.733+0300][18640][17704][debug][gc,phases] GC(25)     Post Evacuate Cleanup 1: 0.2ms
[2025-06-17T22:49:34.733+0300][18640][17704][debug][gc,phases] GC(25)       Merge Per-Thread State (ms):   Min:  0.0, Avg:  0.0, Max:  0.0, Diff:  0.0, Sum:  0.0, Workers: 1
[2025-06-17T22:49:34.733+0300][18640][17704][debug][gc,phases] GC(25)         Copied Bytes                   Min: 0, Avg: 90567.0, Max: 141776, Diff: 141776, Sum: 724536, Workers: 8
[2025-06-17T22:49:34.733+0300][18640][17704][debug][gc,phases] GC(25)         LAB Waste                      Min: 0, Avg: 169.0, Max: 280, Diff: 280, Sum: 1352, Workers: 8
[2025-06-17T22:49:34.733+0300][18640][17704][debug][gc,phases] GC(25)         LAB Undo Waste                 Min: 0, Avg:  0.0, Max: 0, Diff: 0, Sum: 0, Workers: 8
[2025-06-17T22:49:34.733+0300][18640][17704][debug][gc,phases] GC(25)       Clear Logged Cards (ms):       Min:  0.0, Avg:  0.1, Max:  0.2, Diff:  0.2, Sum:  0.4, Workers: 5
[2025-06-17T22:49:34.733+0300][18640][17704][debug][gc,phases] GC(25)       Recalculate Used Memory (ms):  Min:  0.0, Avg:  0.0, Max:  0.0, Diff:  0.0, Sum:  0.0, Workers: 1
[2025-06-17T22:49:34.733+0300][18640][17704][debug][gc,phases] GC(25)     Post Evacuate Cleanup 2: 0.3ms
[2025-06-17T22:49:34.733+0300][18640][17704][debug][gc,phases] GC(25)       Update Derived Pointers (ms):  Min:  0.0, Avg:  0.0, Max:  0.0, Diff:  0.0, Sum:  0.0, Workers: 1
[2025-06-17T22:49:34.733+0300][18640][17704][debug][gc,phases] GC(25)       Eagerly Reclaim Humongous Objects (ms): Min:  0.0, Avg:  0.0, Max:  0.0, Diff:  0.0, Sum:  0.0, Workers: 1
[2025-06-17T22:49:34.733+0300][18640][17704][debug][gc,phases] GC(25)         Humongous Total                Min: 6, Avg:  6.0, Max: 6, Diff: 0, Sum: 6, Workers: 1
[2025-06-17T22:49:34.733+0300][18640][17704][debug][gc,phases] GC(25)         Humongous Candidates           Min: 3, Avg:  3.0, Max: 3, Diff: 0, Sum: 3, Workers: 1
[2025-06-17T22:49:34.733+0300][18640][17704][debug][gc,phases] GC(25)         Humongous Reclaimed            Min: 0, Avg:  0.0, Max: 0, Diff: 0, Sum: 0, Workers: 1
[2025-06-17T22:49:34.733+0300][18640][17704][debug][gc,phases] GC(25)       Redirty Logged Cards (ms):     Min:  0.0, Avg:  0.0, Max:  0.0, Diff:  0.0, Sum:  0.0, Workers: 8
[2025-06-17T22:49:34.733+0300][18640][17704][debug][gc,phases] GC(25)         Redirtied Cards:               Min: 0, Avg:  1.1, Max: 9, Diff: 9, Sum: 9, Workers: 8
[2025-06-17T22:49:34.733+0300][18640][17704][debug][gc,phases] GC(25)       Resize TLABs (ms):             Min:  0.0, Avg:  0.0, Max:  0.0, Diff:  0.0, Sum:  0.0, Workers: 8
[2025-06-17T22:49:34.733+0300][18640][17704][debug][gc,phases] GC(25)       Free Collection Set (ms):      Min:  0.2, Avg:  0.2, Max:  0.2, Diff:  0.0, Sum:  1.7, Workers: 8
[2025-06-17T22:49:34.733+0300][18640][17704][debug][gc,phases] GC(25)     Rebuild Free List: 0.1ms
[2025-06-17T22:49:34.733+0300][18640][17704][debug][gc,phases] GC(25)     Prepare For Mutator: 0.0ms
[2025-06-17T22:49:34.733+0300][18640][17704][debug][gc,phases] GC(25)     Expand Heap After Collection: 0.0ms
[2025-06-17T22:49:34.733+0300][18640][17704][info ][gc,phases] GC(25)   Other: 0.1ms
[2025-06-17T22:49:34.733+0300][18640][17704][info ][gc,heap  ] GC(25) Eden regions: 1227->0(1227)
[2025-06-17T22:49:34.733+0300][18640][17704][info ][gc,heap  ] GC(25) Survivor regions: 1->1(154)
[2025-06-17T22:49:34.733+0300][18640][17704][info ][gc,heap  ] GC(25) Old regions: 10->10
[2025-06-17T22:49:34.733+0300][18640][17704][info ][gc,heap  ] GC(25) Humongous regions: 18->18
[2025-06-17T22:49:34.733+0300][18640][17704][debug][gc,heap  ] GC(25) Heap after GC invocations=26 (full 2):
[2025-06-17T22:49:34.733+0300][18640][17704][debug][gc,heap  ] GC(25)  garbage-first heap   total 2097152K, used 22947K [0x0000000080000000, 0x0000000100000000)
[2025-06-17T22:49:34.733+0300][18640][17704][debug][gc,heap  ] GC(25)   region size 1024K, 1 young (1024K), 1 survivors (1024K)
[2025-06-17T22:49:34.733+0300][18640][17704][debug][gc,heap  ] GC(25)  Metaspace       used 8739K, committed 9792K, reserved 1114112K
[2025-06-17T22:49:34.733+0300][18640][17704][debug][gc,heap  ] GC(25)   class space    used 872K, committed 1280K, reserved 1048576K
[2025-06-17T22:49:34.733+0300][18640][17704][info ][gc       ] GC(25) Pause Young (Normal) (G1 Evacuation Pause) 1249M->22M(2048M) 3.970ms
[2025-06-17T22:49:34.733+0300][18640][17704][info ][safepoint] Safepoint "G1CollectForAllocation", Time since last: 405525900 ns, Reaching safepoint: 478200 ns, Cleanup: 8800 ns, At safepoint: 4024600 ns, Total: 4511600 ns
[2025-06-17T22:49:35.284+0300][18640][17704][debug][safepoint] Safepoint synchronization initiated using striped semaphore wait barrier. (19 threads)
[2025-06-17T22:49:35.284+0300][18640][5228 ][debug][safepoint] ... found polling page loop exception at pc = 0x000001d3901b37e0, stub =0x000001d38fbb5d80
[2025-06-17T22:49:35.284+0300][18640][20220][debug][safepoint] ... found polling page loop exception at pc = 0x000001d3901b37e0, stub =0x000001d38fbb5d80
[2025-06-17T22:49:35.284+0300][18640][15504][debug][safepoint] ... found polling page loop exception at pc = 0x000001d3901b37e0, stub =0x000001d38fbb5d80
[2025-06-17T22:49:35.284+0300][18640][16644][debug][safepoint] ... found polling page loop exception at pc = 0x000001d390259acf, stub =0x000001d38fbb5d80
[2025-06-17T22:49:35.284+0300][18640][21180][debug][safepoint] ... found polling page loop exception at pc = 0x000001d3901b37e0, stub =0x000001d38fbb5d80
[2025-06-17T22:49:35.284+0300][18640][17704][debug][gc,heap  ] GC(26) Heap before GC invocations=26 (full 2):
[2025-06-17T22:49:35.284+0300][18640][17704][debug][gc,heap  ] GC(26)  garbage-first heap   total 2097152K, used 1279395K [0x0000000080000000, 0x0000000100000000)
[2025-06-17T22:49:35.284+0300][18640][17704][debug][gc,heap  ] GC(26)   region size 1024K, 1228 young (1257472K), 1 survivors (1024K)
[2025-06-17T22:49:35.284+0300][18640][17704][debug][gc,heap  ] GC(26)  Metaspace       used 8739K, committed 9792K, reserved 1114112K
[2025-06-17T22:49:35.284+0300][18640][17704][debug][gc,heap  ] GC(26)   class space    used 872K, committed 1280K, reserved 1048576K
[2025-06-17T22:49:35.286+0300][18640][17704][info ][gc,phases] GC(26)   Pre Evacuate Collection Set: 0.5ms
[2025-06-17T22:49:35.286+0300][18640][17704][debug][gc,phases] GC(26)     Pre Evacuate Prepare: 0.1ms
[2025-06-17T22:49:35.286+0300][18640][17704][debug][gc,phases] GC(26)       JT Retire TLABs And Flush Logs (ms): Min:  0.0, Avg:  0.0, Max:  0.0, Diff:  0.0, Sum:  0.0, Workers: 2
[2025-06-17T22:49:35.286+0300][18640][17704][debug][gc,phases] GC(26)       Non-JT Flush Logs (ms):        Min:  0.0, Avg:  0.0, Max:  0.0, Diff:  0.0, Sum:  0.0, Workers: 1
[2025-06-17T22:49:35.286+0300][18640][17704][debug][gc,phases] GC(26)     Choose Collection Set: 0.0ms
[2025-06-17T22:49:35.286+0300][18640][17704][debug][gc,phases] GC(26)     Region Register: 0.4ms
[2025-06-17T22:49:35.286+0300][18640][17704][debug][gc,phases] GC(26)     Prepare Heap Roots: 0.0ms
[2025-06-17T22:49:35.286+0300][18640][17704][info ][gc,phases] GC(26)   Merge Heap Roots: 0.2ms
[2025-06-17T22:49:35.286+0300][18640][17704][debug][gc,phases] GC(26)     Prepare Merge Heap Roots: 0.0ms
[2025-06-17T22:49:35.286+0300][18640][17704][debug][gc,phases] GC(26)     Remembered Sets (ms):          Min:  0.0, Avg:  0.1, Max:  0.1, Diff:  0.1, Sum:  0.8, Workers: 8
[2025-06-17T22:49:35.286+0300][18640][17704][debug][gc,phases] GC(26)       Eager Reclaim (ms):            Min:  0.0, Avg:  0.0, Max:  0.0, Diff:  0.0, Sum:  0.0, Workers: 1
[2025-06-17T22:49:35.286+0300][18640][17704][debug][gc,phases] GC(26)       Merged Inline                  Min: 0, Avg:  0.0, Max: 0, Diff: 0, Sum: 0, Workers: 8
[2025-06-17T22:49:35.286+0300][18640][17704][debug][gc,phases] GC(26)       Merged ArrayOfCards            Min: 0, Avg:  0.0, Max: 0, Diff: 0, Sum: 0, Workers: 8
[2025-06-17T22:49:35.286+0300][18640][17704][debug][gc,phases] GC(26)       Merged Howl                    Min: 0, Avg:  0.0, Max: 0, Diff: 0, Sum: 0, Workers: 8
[2025-06-17T22:49:35.286+0300][18640][17704][debug][gc,phases] GC(26)       Merged Full                    Min: 0, Avg:  0.0, Max: 0, Diff: 0, Sum: 0, Workers: 8
[2025-06-17T22:49:35.286+0300][18640][17704][debug][gc,phases] GC(26)       Merged Howl Inline             Min: 0, Avg:  0.0, Max: 0, Diff: 0, Sum: 0, Workers: 8
[2025-06-17T22:49:35.286+0300][18640][17704][debug][gc,phases] GC(26)       Merged Howl ArrayOfCards       Min: 0, Avg:  0.0, Max: 0, Diff: 0, Sum: 0, Workers: 8
[2025-06-17T22:49:35.286+0300][18640][17704][debug][gc,phases] GC(26)       Merged Howl BitMap             Min: 0, Avg:  0.0, Max: 0, Diff: 0, Sum: 0, Workers: 8
[2025-06-17T22:49:35.286+0300][18640][17704][debug][gc,phases] GC(26)       Merged Howl Full               Min: 0, Avg:  0.0, Max: 0, Diff: 0, Sum: 0, Workers: 8
[2025-06-17T22:49:35.286+0300][18640][17704][debug][gc,phases] GC(26)       Merged Cards                   Min: 8, Avg:  9.0, Max: 16, Diff: 8, Sum: 72, Workers: 8
[2025-06-17T22:49:35.286+0300][18640][17704][debug][gc,phases] GC(26)     Log Buffers (ms):              Min:  0.0, Avg:  0.0, Max:  0.0, Diff:  0.0, Sum:  0.0, Workers: 8
[2025-06-17T22:49:35.286+0300][18640][17704][debug][gc,phases] GC(26)       Dirty Cards:                   Min: 0, Avg:  1.4, Max: 6, Diff: 6, Sum: 11, Workers: 8
[2025-06-17T22:49:35.286+0300][18640][17704][debug][gc,phases] GC(26)       Skipped Cards:                 Min: 0, Avg:  0.0, Max: 0, Diff: 0, Sum: 0, Workers: 8
[2025-06-17T22:49:35.286+0300][18640][17704][info ][gc,phases] GC(26)   Evacuate Collection Set: 0.4ms
[2025-06-17T22:49:35.286+0300][18640][17704][debug][gc,phases] GC(26)     Ext Root Scanning (ms):        Min:  0.0, Avg:  0.1, Max:  0.1, Diff:  0.0, Sum:  0.5, Workers: 8
[2025-06-17T22:49:35.286+0300][18640][17704][debug][gc,phases] GC(26)     Scan Heap Roots (ms):          Min:  0.0, Avg:  0.0, Max:  0.0, Diff:  0.0, Sum:  0.0, Workers: 8
[2025-06-17T22:49:35.286+0300][18640][17704][debug][gc,phases] GC(26)       Scanned Cards:                 Min: 0, Avg:  1.2, Max: 3, Diff: 3, Sum: 10, Workers: 8
[2025-06-17T22:49:35.286+0300][18640][17704][debug][gc,phases] GC(26)       Scanned Blocks:                Min: 0, Avg:  1.1, Max: 2, Diff: 2, Sum: 9, Workers: 8
[2025-06-17T22:49:35.286+0300][18640][17704][debug][gc,phases] GC(26)       Claimed Chunks:                Min: 0, Avg:  0.9, Max: 2, Diff: 2, Sum: 7, Workers: 8
[2025-06-17T22:49:35.286+0300][18640][17704][debug][gc,phases] GC(26)       Found Roots:                   Min: 0, Avg:  1.1, Max: 3, Diff: 3, Sum: 9, Workers: 8
[2025-06-17T22:49:35.286+0300][18640][17704][debug][gc,phases] GC(26)     Code Root Scan (ms):           Min:  0.1, Avg:  0.1, Max:  0.1, Diff:  0.0, Sum:  0.8, Workers: 8
[2025-06-17T22:49:35.286+0300][18640][17704][debug][gc,phases] GC(26)       Scanned Nmethods               Min: 0, Avg:  0.0, Max: 0, Diff: 0, Sum: 0, Workers: 8
[2025-06-17T22:49:35.286+0300][18640][17704][debug][gc,phases] GC(26)     Object Copy (ms):              Min:  0.1, Avg:  0.1, Max:  0.1, Diff:  0.0, Sum:  0.7, Workers: 8
[2025-06-17T22:49:35.286+0300][18640][17704][debug][gc,phases] GC(26)     Termination (ms):              Min:  0.0, Avg:  0.0, Max:  0.0, Diff:  0.0, Sum:  0.1, Workers: 8
[2025-06-17T22:49:35.286+0300][18640][17704][debug][gc,phases] GC(26)       Termination Attempts:          Min: 1, Avg:  1.0, Max: 1, Diff: 0, Sum: 8, Workers: 8
[2025-06-17T22:49:35.286+0300][18640][17704][debug][gc,phases] GC(26)     GC Worker Other (ms):          Min:  0.1, Avg:  0.1, Max:  0.1, Diff:  0.0, Sum:  0.8, Workers: 8
[2025-06-17T22:49:35.286+0300][18640][17704][debug][gc,phases] GC(26)     GC Worker Total (ms):          Min:  0.4, Avg:  0.4, Max:  0.4, Diff:  0.0, Sum:  2.8, Workers: 8
[2025-06-17T22:49:35.286+0300][18640][17704][info ][gc,phases] GC(26)   Post Evacuate Collection Set: 0.8ms
[2025-06-17T22:49:35.286+0300][18640][17704][debug][gc,phases] GC(26)     NMethod List Cleanup: 0.0ms
[2025-06-17T22:49:35.286+0300][18640][17704][debug][gc,phases] GC(26)     Reference Processing: 0.1ms
[2025-06-17T22:49:35.286+0300][18640][17704][debug][gc,phases] GC(26)     Weak Processing: 0.1ms
[2025-06-17T22:49:35.286+0300][18640][17704][debug][gc,phases] GC(26)       VM Weak                        Min:  0.0, Avg:  0.0, Max:  0.0, Diff:  0.0, Sum:  0.0, Workers: 8
[2025-06-17T22:49:35.286+0300][18640][17704][debug][gc,phases] GC(26)         Dead                           Min: 0, Avg:  0.0, Max: 0, Diff: 0, Sum: 0, Workers: 8
[2025-06-17T22:49:35.286+0300][18640][17704][debug][gc,phases] GC(26)         Total                          Min: 0, Avg: 15.4, Max: 64, Diff: 64, Sum: 123, Workers: 8
[2025-06-17T22:49:35.286+0300][18640][17704][debug][gc,phases] GC(26)       ObjectSynchronizer Weak        Min:  0.0, Avg:  0.0, Max:  0.0, Diff:  0.0, Sum:  0.0, Workers: 8
[2025-06-17T22:49:35.286+0300][18640][17704][debug][gc,phases] GC(26)         Dead                           Min: 0, Avg:  0.0, Max: 0, Diff: 0, Sum: 0, Workers: 8
[2025-06-17T22:49:35.286+0300][18640][17704][debug][gc,phases] GC(26)         Total                          Min: 0, Avg: 17.5, Max: 64, Diff: 64, Sum: 140, Workers: 8
[2025-06-17T22:49:35.286+0300][18640][17704][debug][gc,phases] GC(26)       JVMTI Tag Weak OopStorage      Min:  0.0, Avg:  0.0, Max:  0.0, Diff:  0.0, Sum:  0.0, Workers: 8
[2025-06-17T22:49:35.286+0300][18640][17704][debug][gc,phases] GC(26)         Dead                           Min: 0, Avg:  0.0, Max: 0, Diff: 0, Sum: 0, Workers: 8
[2025-06-17T22:49:35.286+0300][18640][17704][debug][gc,phases] GC(26)         Total                          Min: 0, Avg:  0.0, Max: 0, Diff: 0, Sum: 0, Workers: 8
[2025-06-17T22:49:35.286+0300][18640][17704][debug][gc,phases] GC(26)       StringTable Weak               Min:  0.0, Avg:  0.0, Max:  0.0, Diff:  0.0, Sum:  0.1, Workers: 8
[2025-06-17T22:49:35.286+0300][18640][17704][debug][gc,phases] GC(26)         Dead                           Min: 0, Avg:  0.0, Max: 0, Diff: 0, Sum: 0, Workers: 8
[2025-06-17T22:49:35.286+0300][18640][17704][debug][gc,phases] GC(26)         Total                          Min: 0, Avg: 788.0, Max: 1056, Diff: 1056, Sum: 6304, Workers: 8
[2025-06-17T22:49:35.286+0300][18640][17704][debug][gc,phases] GC(26)       ResolvedMethodTable Weak       Min:  0.0, Avg:  0.0, Max:  0.0, Diff:  0.0, Sum:  0.0, Workers: 8
[2025-06-17T22:49:35.286+0300][18640][17704][debug][gc,phases] GC(26)         Dead                           Min: 0, Avg:  0.0, Max: 0, Diff: 0, Sum: 0, Workers: 8
[2025-06-17T22:49:35.286+0300][18640][17704][debug][gc,phases] GC(26)         Total                          Min: 0, Avg: 112.1, Max: 191, Diff: 191, Sum: 897, Workers: 8
[2025-06-17T22:49:35.286+0300][18640][17704][debug][gc,phases] GC(26)       JNI Weak                       Min:  0.0, Avg:  0.0, Max:  0.0, Diff:  0.0, Sum:  0.0, Workers: 8
[2025-06-17T22:49:35.286+0300][18640][17704][debug][gc,phases] GC(26)         Dead                           Min: 0, Avg:  0.0, Max: 0, Diff: 0, Sum: 0, Workers: 8
[2025-06-17T22:49:35.286+0300][18640][17704][debug][gc,phases] GC(26)         Total                          Min: 0, Avg:  0.0, Max: 0, Diff: 0, Sum: 0, Workers: 8
[2025-06-17T22:49:35.286+0300][18640][17704][debug][gc,phases] GC(26)       StringDedup Table Weak         Min:  0.0, Avg:  0.0, Max:  0.0, Diff:  0.0, Sum:  0.0, Workers: 8
[2025-06-17T22:49:35.286+0300][18640][17704][debug][gc,phases] GC(26)         Dead                           Min: 0, Avg:  0.0, Max: 0, Diff: 0, Sum: 0, Workers: 8
[2025-06-17T22:49:35.286+0300][18640][17704][debug][gc,phases] GC(26)         Total                          Min: 0, Avg:  0.0, Max: 0, Diff: 0, Sum: 0, Workers: 8
[2025-06-17T22:49:35.286+0300][18640][17704][debug][gc,phases] GC(26)       StringDedup Requests0 Weak     Min:  0.0, Avg:  0.0, Max:  0.0, Diff:  0.0, Sum:  0.0, Workers: 8
[2025-06-17T22:49:35.286+0300][18640][17704][debug][gc,phases] GC(26)         Dead                           Min: 0, Avg:  0.0, Max: 0, Diff: 0, Sum: 0, Workers: 8
[2025-06-17T22:49:35.286+0300][18640][17704][debug][gc,phases] GC(26)         Total                          Min: 0, Avg:  0.0, Max: 0, Diff: 0, Sum: 0, Workers: 8
[2025-06-17T22:49:35.286+0300][18640][17704][debug][gc,phases] GC(26)       StringDedup Requests1 Weak     Min:  0.0, Avg:  0.0, Max:  0.0, Diff:  0.0, Sum:  0.0, Workers: 8
[2025-06-17T22:49:35.286+0300][18640][17704][debug][gc,phases] GC(26)         Dead                           Min: 0, Avg:  0.0, Max: 0, Diff: 0, Sum: 0, Workers: 8
[2025-06-17T22:49:35.286+0300][18640][17704][debug][gc,phases] GC(26)         Total                          Min: 0, Avg:  0.0, Max: 0, Diff: 0, Sum: 0, Workers: 8
[2025-06-17T22:49:35.286+0300][18640][17704][debug][gc,phases] GC(26)       Weak JFR Old Object Samples    Min:  0.0, Avg:  0.0, Max:  0.0, Diff:  0.0, Sum:  0.0, Workers: 8
[2025-06-17T22:49:35.286+0300][18640][17704][debug][gc,phases] GC(26)         Dead                           Min: 0, Avg:  0.0, Max: 0, Diff: 0, Sum: 0, Workers: 8
[2025-06-17T22:49:35.286+0300][18640][17704][debug][gc,phases] GC(26)         Total                          Min: 0, Avg:  0.0, Max: 0, Diff: 0, Sum: 0, Workers: 8
[2025-06-17T22:49:35.286+0300][18640][17704][debug][gc,phases] GC(26)     Post Evacuate Cleanup 1: 0.3ms
[2025-06-17T22:49:35.286+0300][18640][17704][debug][gc,phases] GC(26)       Merge Per-Thread State (ms):   Min:  0.1, Avg:  0.1, Max:  0.1, Diff:  0.0, Sum:  0.1, Workers: 1
[2025-06-17T22:49:35.286+0300][18640][17704][debug][gc,phases] GC(26)         Copied Bytes                   Min: 26768, Avg: 89359.0, Max: 124936, Diff: 98168, Sum: 714872, Workers: 8
[2025-06-17T22:49:35.286+0300][18640][17704][debug][gc,phases] GC(26)         LAB Waste                      Min: 96, Avg: 175.0, Max: 280, Diff: 184, Sum: 1400, Workers: 8
[2025-06-17T22:49:35.286+0300][18640][17704][debug][gc,phases] GC(26)         LAB Undo Waste                 Min: 0, Avg:  0.0, Max: 0, Diff: 0, Sum: 0, Workers: 8
[2025-06-17T22:49:35.286+0300][18640][17704][debug][gc,phases] GC(26)       Clear Logged Cards (ms):       Min:  0.0, Avg:  0.1, Max:  0.2, Diff:  0.2, Sum:  0.4, Workers: 5
[2025-06-17T22:49:35.286+0300][18640][17704][debug][gc,phases] GC(26)       Recalculate Used Memory (ms):  Min:  0.0, Avg:  0.0, Max:  0.0, Diff:  0.0, Sum:  0.0, Workers: 1
[2025-06-17T22:49:35.286+0300][18640][17704][debug][gc,phases] GC(26)     Post Evacuate Cleanup 2: 0.3ms
[2025-06-17T22:49:35.286+0300][18640][17704][debug][gc,phases] GC(26)       Update Derived Pointers (ms):  Min:  0.0, Avg:  0.0, Max:  0.0, Diff:  0.0, Sum:  0.0, Workers: 1
[2025-06-17T22:49:35.286+0300][18640][17704][debug][gc,phases] GC(26)       Eagerly Reclaim Humongous Objects (ms): Min:  0.0, Avg:  0.0, Max:  0.0, Diff:  0.0, Sum:  0.0, Workers: 1
[2025-06-17T22:49:35.286+0300][18640][17704][debug][gc,phases] GC(26)         Humongous Total                Min: 6, Avg:  6.0, Max: 6, Diff: 0, Sum: 6, Workers: 1
[2025-06-17T22:49:35.286+0300][18640][17704][debug][gc,phases] GC(26)         Humongous Candidates           Min: 3, Avg:  3.0, Max: 3, Diff: 0, Sum: 3, Workers: 1
[2025-06-17T22:49:35.286+0300][18640][17704][debug][gc,phases] GC(26)         Humongous Reclaimed            Min: 0, Avg:  0.0, Max: 0, Diff: 0, Sum: 0, Workers: 1
[2025-06-17T22:49:35.286+0300][18640][17704][debug][gc,phases] GC(26)       Redirty Logged Cards (ms):     Min:  0.0, Avg:  0.0, Max:  0.0, Diff:  0.0, Sum:  0.0, Workers: 8
[2025-06-17T22:49:35.286+0300][18640][17704][debug][gc,phases] GC(26)         Redirtied Cards:               Min: 0, Avg:  1.0, Max: 8, Diff: 8, Sum: 8, Workers: 8
[2025-06-17T22:49:35.286+0300][18640][17704][debug][gc,phases] GC(26)       Resize TLABs (ms):             Min:  0.0, Avg:  0.0, Max:  0.0, Diff:  0.0, Sum:  0.0, Workers: 8
[2025-06-17T22:49:35.286+0300][18640][17704][debug][gc,phases] GC(26)       Free Collection Set (ms):      Min:  0.1, Avg:  0.2, Max:  0.3, Diff:  0.2, Sum:  1.8, Workers: 8
[2025-06-17T22:49:35.286+0300][18640][17704][debug][gc,phases] GC(26)     Rebuild Free List: 0.1ms
[2025-06-17T22:49:35.286+0300][18640][17704][debug][gc,phases] GC(26)     Prepare For Mutator: 0.0ms
[2025-06-17T22:49:35.286+0300][18640][17704][debug][gc,phases] GC(26)     Expand Heap After Collection: 0.0ms
[2025-06-17T22:49:35.286+0300][18640][17704][info ][gc,phases] GC(26)   Other: 0.1ms
[2025-06-17T22:49:35.286+0300][18640][17704][info ][gc,heap  ] GC(26) Eden regions: 1227->0(1227)
[2025-06-17T22:49:35.286+0300][18640][17704][info ][gc,heap  ] GC(26) Survivor regions: 1->1(154)
[2025-06-17T22:49:35.286+0300][18640][17704][info ][gc,heap  ] GC(26) Old regions: 10->10
[2025-06-17T22:49:35.286+0300][18640][17704][info ][gc,heap  ] GC(26) Humongous regions: 18->18
[2025-06-17T22:49:35.286+0300][18640][17704][debug][gc,heap  ] GC(26) Heap after GC invocations=27 (full 2):
[2025-06-17T22:49:35.286+0300][18640][17704][debug][gc,heap  ] GC(26)  garbage-first heap   total 2097152K, used 22933K [0x0000000080000000, 0x0000000100000000)
[2025-06-17T22:49:35.286+0300][18640][17704][debug][gc,heap  ] GC(26)   region size 1024K, 1 young (1024K), 1 survivors (1024K)
[2025-06-17T22:49:35.286+0300][18640][17704][debug][gc,heap  ] GC(26)  Metaspace       used 8739K, committed 9792K, reserved 1114112K
[2025-06-17T22:49:35.286+0300][18640][17704][debug][gc,heap  ] GC(26)   class space    used 872K, committed 1280K, reserved 1048576K
[2025-06-17T22:49:35.286+0300][18640][17704][info ][gc       ] GC(26) Pause Young (Normal) (G1 Evacuation Pause) 1249M->22M(2048M) 4.671ms
[2025-06-17T22:49:35.286+0300][18640][17704][info ][safepoint] Safepoint "G1CollectForAllocation", Time since last: 549031100 ns, Reaching safepoint: 360100 ns, Cleanup: 6100 ns, At safepoint: 4746500 ns, Total: 5112700 ns
[2025-06-17T22:49:35.760+0300][18640][17704][debug][safepoint] Safepoint synchronization initiated using striped semaphore wait barrier. (19 threads)
[2025-06-17T22:49:35.760+0300][18640][15504][debug][safepoint] ... found polling page loop exception at pc = 0x000001d3901b37e0, stub =0x000001d38fbb5d80
[2025-06-17T22:49:35.760+0300][18640][16644][debug][safepoint] ... found polling page loop exception at pc = 0x000001d3901b37e0, stub =0x000001d38fbb5d80
[2025-06-17T22:49:35.760+0300][18640][21180][debug][safepoint] ... found polling page loop exception at pc = 0x000001d3901c0f22, stub =0x000001d38fbb6600
[2025-06-17T22:49:35.760+0300][18640][10964][debug][safepoint] ... found polling page loop exception at pc = 0x000001d3901b37e0, stub =0x000001d38fbb5d80
[2025-06-17T22:49:35.760+0300][18640][2636 ][debug][safepoint] ... found polling page loop exception at pc = 0x000001d3901b37e0, stub =0x000001d38fbb5d80
[2025-06-17T22:49:35.760+0300][18640][20220][debug][safepoint] ... found polling page loop exception at pc = 0x000001d39020d6f1, stub =0x000001d38fbb6600
[2025-06-17T22:49:35.760+0300][18640][17704][debug][gc,heap  ] GC(27) Heap before GC invocations=27 (full 2):
[2025-06-17T22:49:35.760+0300][18640][17704][debug][gc,heap  ] GC(27)  garbage-first heap   total 2097152K, used 1279381K [0x0000000080000000, 0x0000000100000000)
[2025-06-17T22:49:35.760+0300][18640][17704][debug][gc,heap  ] GC(27)   region size 1024K, 1228 young (1257472K), 1 survivors (1024K)
[2025-06-17T22:49:35.760+0300][18640][17704][debug][gc,heap  ] GC(27)  Metaspace       used 8739K, committed 9792K, reserved 1114112K
[2025-06-17T22:49:35.760+0300][18640][17704][debug][gc,heap  ] GC(27)   class space    used 872K, committed 1280K, reserved 1048576K
[2025-06-17T22:49:35.762+0300][18640][17704][info ][gc,phases] GC(27)   Pre Evacuate Collection Set: 0.4ms
[2025-06-17T22:49:35.762+0300][18640][17704][debug][gc,phases] GC(27)     Pre Evacuate Prepare: 0.1ms
[2025-06-17T22:49:35.762+0300][18640][17704][debug][gc,phases] GC(27)       JT Retire TLABs And Flush Logs (ms): Min:  0.0, Avg:  0.0, Max:  0.0, Diff:  0.0, Sum:  0.0, Workers: 2
[2025-06-17T22:49:35.762+0300][18640][17704][debug][gc,phases] GC(27)       Non-JT Flush Logs (ms):        Min:  0.0, Avg:  0.0, Max:  0.0, Diff:  0.0, Sum:  0.0, Workers: 1
[2025-06-17T22:49:35.762+0300][18640][17704][debug][gc,phases] GC(27)     Choose Collection Set: 0.0ms
[2025-06-17T22:49:35.762+0300][18640][17704][debug][gc,phases] GC(27)     Region Register: 0.3ms
[2025-06-17T22:49:35.762+0300][18640][17704][debug][gc,phases] GC(27)     Prepare Heap Roots: 0.0ms
[2025-06-17T22:49:35.762+0300][18640][17704][info ][gc,phases] GC(27)   Merge Heap Roots: 0.2ms
[2025-06-17T22:49:35.762+0300][18640][17704][debug][gc,phases] GC(27)     Prepare Merge Heap Roots: 0.0ms
[2025-06-17T22:49:35.762+0300][18640][17704][debug][gc,phases] GC(27)     Remembered Sets (ms):          Min:  0.0, Avg:  0.1, Max:  0.1, Diff:  0.1, Sum:  0.9, Workers: 8
[2025-06-17T22:49:35.762+0300][18640][17704][debug][gc,phases] GC(27)       Eager Reclaim (ms):            Min:  0.0, Avg:  0.0, Max:  0.0, Diff:  0.0, Sum:  0.0, Workers: 1
[2025-06-17T22:49:35.762+0300][18640][17704][debug][gc,phases] GC(27)       Merged Inline                  Min: 0, Avg:  0.0, Max: 0, Diff: 0, Sum: 0, Workers: 8
[2025-06-17T22:49:35.762+0300][18640][17704][debug][gc,phases] GC(27)       Merged ArrayOfCards            Min: 0, Avg:  0.0, Max: 0, Diff: 0, Sum: 0, Workers: 8
[2025-06-17T22:49:35.762+0300][18640][17704][debug][gc,phases] GC(27)       Merged Howl                    Min: 0, Avg:  0.0, Max: 0, Diff: 0, Sum: 0, Workers: 8
[2025-06-17T22:49:35.762+0300][18640][17704][debug][gc,phases] GC(27)       Merged Full                    Min: 0, Avg:  0.0, Max: 0, Diff: 0, Sum: 0, Workers: 8
[2025-06-17T22:49:35.762+0300][18640][17704][debug][gc,phases] GC(27)       Merged Howl Inline             Min: 0, Avg:  0.0, Max: 0, Diff: 0, Sum: 0, Workers: 8
[2025-06-17T22:49:35.762+0300][18640][17704][debug][gc,phases] GC(27)       Merged Howl ArrayOfCards       Min: 0, Avg:  0.0, Max: 0, Diff: 0, Sum: 0, Workers: 8
[2025-06-17T22:49:35.762+0300][18640][17704][debug][gc,phases] GC(27)       Merged Howl BitMap             Min: 0, Avg:  0.0, Max: 0, Diff: 0, Sum: 0, Workers: 8
[2025-06-17T22:49:35.762+0300][18640][17704][debug][gc,phases] GC(27)       Merged Howl Full               Min: 0, Avg:  0.0, Max: 0, Diff: 0, Sum: 0, Workers: 8
[2025-06-17T22:49:35.762+0300][18640][17704][debug][gc,phases] GC(27)       Merged Cards                   Min: 8, Avg:  9.0, Max: 16, Diff: 8, Sum: 72, Workers: 8
[2025-06-17T22:49:35.762+0300][18640][17704][debug][gc,phases] GC(27)     Log Buffers (ms):              Min:  0.0, Avg:  0.0, Max:  0.0, Diff:  0.0, Sum:  0.0, Workers: 8
[2025-06-17T22:49:35.762+0300][18640][17704][debug][gc,phases] GC(27)       Dirty Cards:                   Min: 0, Avg:  1.2, Max: 10, Diff: 10, Sum: 10, Workers: 8
[2025-06-17T22:49:35.762+0300][18640][17704][debug][gc,phases] GC(27)       Skipped Cards:                 Min: 0, Avg:  0.0, Max: 0, Diff: 0, Sum: 0, Workers: 8
[2025-06-17T22:49:35.762+0300][18640][17704][info ][gc,phases] GC(27)   Evacuate Collection Set: 0.7ms
[2025-06-17T22:49:35.762+0300][18640][17704][debug][gc,phases] GC(27)     Ext Root Scanning (ms):        Min:  0.0, Avg:  0.1, Max:  0.1, Diff:  0.1, Sum:  0.5, Workers: 8
[2025-06-17T22:49:35.762+0300][18640][17704][debug][gc,phases] GC(27)     Scan Heap Roots (ms):          Min:  0.0, Avg:  0.0, Max:  0.0, Diff:  0.0, Sum:  0.0, Workers: 8
[2025-06-17T22:49:35.762+0300][18640][17704][debug][gc,phases] GC(27)       Scanned Cards:                 Min: 0, Avg:  1.2, Max: 4, Diff: 4, Sum: 10, Workers: 8
[2025-06-17T22:49:35.762+0300][18640][17704][debug][gc,phases] GC(27)       Scanned Blocks:                Min: 0, Avg:  1.1, Max: 4, Diff: 4, Sum: 9, Workers: 8
[2025-06-17T22:49:35.762+0300][18640][17704][debug][gc,phases] GC(27)       Claimed Chunks:                Min: 0, Avg:  0.9, Max: 2, Diff: 2, Sum: 7, Workers: 8
[2025-06-17T22:49:35.762+0300][18640][17704][debug][gc,phases] GC(27)       Found Roots:                   Min: 0, Avg:  1.1, Max: 3, Diff: 3, Sum: 9, Workers: 8
[2025-06-17T22:49:35.762+0300][18640][17704][debug][gc,phases] GC(27)     Code Root Scan (ms):           Min:  0.1, Avg:  0.1, Max:  0.1, Diff:  0.0, Sum:  0.8, Workers: 8
[2025-06-17T22:49:35.762+0300][18640][17704][debug][gc,phases] GC(27)       Scanned Nmethods               Min: 0, Avg:  0.0, Max: 0, Diff: 0, Sum: 0, Workers: 8
[2025-06-17T22:49:35.762+0300][18640][17704][debug][gc,phases] GC(27)     Object Copy (ms):              Min:  0.0, Avg:  0.1, Max:  0.1, Diff:  0.1, Sum:  0.7, Workers: 8
[2025-06-17T22:49:35.762+0300][18640][17704][debug][gc,phases] GC(27)     Termination (ms):              Min:  0.0, Avg:  0.2, Max:  0.3, Diff:  0.2, Sum:  1.8, Workers: 8
[2025-06-17T22:49:35.762+0300][18640][17704][debug][gc,phases] GC(27)       Termination Attempts:          Min: 1, Avg:  1.0, Max: 1, Diff: 0, Sum: 8, Workers: 8
[2025-06-17T22:49:35.762+0300][18640][17704][debug][gc,phases] GC(27)     GC Worker Other (ms):          Min:  0.1, Avg:  0.1, Max:  0.1, Diff:  0.0, Sum:  0.9, Workers: 8
[2025-06-17T22:49:35.762+0300][18640][17704][debug][gc,phases] GC(27)     GC Worker Total (ms):          Min:  0.2, Avg:  0.6, Max:  0.7, Diff:  0.4, Sum:  4.8, Workers: 8
[2025-06-17T22:49:35.762+0300][18640][17704][info ][gc,phases] GC(27)   Post Evacuate Collection Set: 1.0ms
[2025-06-17T22:49:35.762+0300][18640][17704][debug][gc,phases] GC(27)     NMethod List Cleanup: 0.0ms
[2025-06-17T22:49:35.762+0300][18640][17704][debug][gc,phases] GC(27)     Reference Processing: 0.1ms
[2025-06-17T22:49:35.762+0300][18640][17704][debug][gc,phases] GC(27)     Weak Processing: 0.1ms
[2025-06-17T22:49:35.762+0300][18640][17704][debug][gc,phases] GC(27)       VM Weak                        Min:  0.0, Avg:  0.0, Max:  0.0, Diff:  0.0, Sum:  0.0, Workers: 8
[2025-06-17T22:49:35.762+0300][18640][17704][debug][gc,phases] GC(27)         Dead                           Min: 0, Avg:  0.0, Max: 0, Diff: 0, Sum: 0, Workers: 8
[2025-06-17T22:49:35.762+0300][18640][17704][debug][gc,phases] GC(27)         Total                          Min: 0, Avg: 15.4, Max: 64, Diff: 64, Sum: 123, Workers: 8
[2025-06-17T22:49:35.762+0300][18640][17704][debug][gc,phases] GC(27)       ObjectSynchronizer Weak        Min:  0.0, Avg:  0.0, Max:  0.0, Diff:  0.0, Sum:  0.0, Workers: 8
[2025-06-17T22:49:35.762+0300][18640][17704][debug][gc,phases] GC(27)         Dead                           Min: 0, Avg:  0.0, Max: 0, Diff: 0, Sum: 0, Workers: 8
[2025-06-17T22:49:35.762+0300][18640][17704][debug][gc,phases] GC(27)         Total                          Min: 0, Avg: 17.5, Max: 64, Diff: 64, Sum: 140, Workers: 8
[2025-06-17T22:49:35.762+0300][18640][17704][debug][gc,phases] GC(27)       JVMTI Tag Weak OopStorage      Min:  0.0, Avg:  0.0, Max:  0.0, Diff:  0.0, Sum:  0.0, Workers: 8
[2025-06-17T22:49:35.762+0300][18640][17704][debug][gc,phases] GC(27)         Dead                           Min: 0, Avg:  0.0, Max: 0, Diff: 0, Sum: 0, Workers: 8
[2025-06-17T22:49:35.762+0300][18640][17704][debug][gc,phases] GC(27)         Total                          Min: 0, Avg:  0.0, Max: 0, Diff: 0, Sum: 0, Workers: 8
[2025-06-17T22:49:35.762+0300][18640][17704][debug][gc,phases] GC(27)       StringTable Weak               Min:  0.0, Avg:  0.0, Max:  0.0, Diff:  0.0, Sum:  0.1, Workers: 8
[2025-06-17T22:49:35.762+0300][18640][17704][debug][gc,phases] GC(27)         Dead                           Min: 0, Avg:  0.0, Max: 0, Diff: 0, Sum: 0, Workers: 8
[2025-06-17T22:49:35.762+0300][18640][17704][debug][gc,phases] GC(27)         Total                          Min: 0, Avg: 788.0, Max: 1024, Diff: 1024, Sum: 6304, Workers: 8
[2025-06-17T22:49:35.762+0300][18640][17704][debug][gc,phases] GC(27)       ResolvedMethodTable Weak       Min:  0.0, Avg:  0.0, Max:  0.0, Diff:  0.0, Sum:  0.0, Workers: 8
[2025-06-17T22:49:35.762+0300][18640][17704][debug][gc,phases] GC(27)         Dead                           Min: 0, Avg:  0.0, Max: 0, Diff: 0, Sum: 0, Workers: 8
[2025-06-17T22:49:35.762+0300][18640][17704][debug][gc,phases] GC(27)         Total                          Min: 0, Avg: 112.1, Max: 191, Diff: 191, Sum: 897, Workers: 8
[2025-06-17T22:49:35.762+0300][18640][17704][debug][gc,phases] GC(27)       JNI Weak                       Min:  0.0, Avg:  0.0, Max:  0.0, Diff:  0.0, Sum:  0.0, Workers: 8
[2025-06-17T22:49:35.762+0300][18640][17704][debug][gc,phases] GC(27)         Dead                           Min: 0, Avg:  0.0, Max: 0, Diff: 0, Sum: 0, Workers: 8
[2025-06-17T22:49:35.762+0300][18640][17704][debug][gc,phases] GC(27)         Total                          Min: 0, Avg:  0.0, Max: 0, Diff: 0, Sum: 0, Workers: 8
[2025-06-17T22:49:35.762+0300][18640][17704][debug][gc,phases] GC(27)       StringDedup Table Weak         Min:  0.0, Avg:  0.0, Max:  0.0, Diff:  0.0, Sum:  0.0, Workers: 8
[2025-06-17T22:49:35.762+0300][18640][17704][debug][gc,phases] GC(27)         Dead                           Min: 0, Avg:  0.0, Max: 0, Diff: 0, Sum: 0, Workers: 8
[2025-06-17T22:49:35.762+0300][18640][17704][debug][gc,phases] GC(27)         Total                          Min: 0, Avg:  0.0, Max: 0, Diff: 0, Sum: 0, Workers: 8
[2025-06-17T22:49:35.762+0300][18640][17704][debug][gc,phases] GC(27)       StringDedup Requests0 Weak     Min:  0.0, Avg:  0.0, Max:  0.0, Diff:  0.0, Sum:  0.0, Workers: 8
[2025-06-17T22:49:35.762+0300][18640][17704][debug][gc,phases] GC(27)         Dead                           Min: 0, Avg:  0.0, Max: 0, Diff: 0, Sum: 0, Workers: 8
[2025-06-17T22:49:35.762+0300][18640][17704][debug][gc,phases] GC(27)         Total                          Min: 0, Avg:  0.0, Max: 0, Diff: 0, Sum: 0, Workers: 8
[2025-06-17T22:49:35.762+0300][18640][17704][debug][gc,phases] GC(27)       StringDedup Requests1 Weak     Min:  0.0, Avg:  0.0, Max:  0.0, Diff:  0.0, Sum:  0.0, Workers: 8
[2025-06-17T22:49:35.762+0300][18640][17704][debug][gc,phases] GC(27)         Dead                           Min: 0, Avg:  0.0, Max: 0, Diff: 0, Sum: 0, Workers: 8
[2025-06-17T22:49:35.762+0300][18640][17704][debug][gc,phases] GC(27)         Total                          Min: 0, Avg:  0.0, Max: 0, Diff: 0, Sum: 0, Workers: 8
[2025-06-17T22:49:35.762+0300][18640][17704][debug][gc,phases] GC(27)       Weak JFR Old Object Samples    Min:  0.0, Avg:  0.0, Max:  0.0, Diff:  0.0, Sum:  0.0, Workers: 8
[2025-06-17T22:49:35.762+0300][18640][17704][debug][gc,phases] GC(27)         Dead                           Min: 0, Avg:  0.0, Max: 0, Diff: 0, Sum: 0, Workers: 8
[2025-06-17T22:49:35.762+0300][18640][17704][debug][gc,phases] GC(27)         Total                          Min: 0, Avg:  0.0, Max: 0, Diff: 0, Sum: 0, Workers: 8
[2025-06-17T22:49:35.762+0300][18640][17704][debug][gc,phases] GC(27)     Post Evacuate Cleanup 1: 0.4ms
[2025-06-17T22:49:35.762+0300][18640][17704][debug][gc,phases] GC(27)       Merge Per-Thread State (ms):   Min:  0.1, Avg:  0.1, Max:  0.1, Diff:  0.0, Sum:  0.1, Workers: 1
[2025-06-17T22:49:35.762+0300][18640][17704][debug][gc,phases] GC(27)         Copied Bytes                   Min: 0, Avg: 88200.0, Max: 128408, Diff: 128408, Sum: 705600, Workers: 8
[2025-06-17T22:49:35.762+0300][18640][17704][debug][gc,phases] GC(27)         LAB Waste                      Min: 0, Avg: 193.0, Max: 296, Diff: 296, Sum: 1544, Workers: 8
[2025-06-17T22:49:35.762+0300][18640][17704][debug][gc,phases] GC(27)         LAB Undo Waste                 Min: 0, Avg:  0.0, Max: 0, Diff: 0, Sum: 0, Workers: 8
[2025-06-17T22:49:35.762+0300][18640][17704][debug][gc,phases] GC(27)       Clear Logged Cards (ms):       Min:  0.0, Avg:  0.1, Max:  0.3, Diff:  0.3, Sum:  0.7, Workers: 5
[2025-06-17T22:49:35.762+0300][18640][17704][debug][gc,phases] GC(27)       Recalculate Used Memory (ms):  Min:  0.0, Avg:  0.0, Max:  0.0, Diff:  0.0, Sum:  0.0, Workers: 1
[2025-06-17T22:49:35.762+0300][18640][17704][debug][gc,phases] GC(27)     Post Evacuate Cleanup 2: 0.4ms
[2025-06-17T22:49:35.762+0300][18640][17704][debug][gc,phases] GC(27)       Update Derived Pointers (ms):  Min:  0.0, Avg:  0.0, Max:  0.0, Diff:  0.0, Sum:  0.0, Workers: 1
[2025-06-17T22:49:35.762+0300][18640][17704][debug][gc,phases] GC(27)       Eagerly Reclaim Humongous Objects (ms): Min:  0.0, Avg:  0.0, Max:  0.0, Diff:  0.0, Sum:  0.0, Workers: 1
[2025-06-17T22:49:35.762+0300][18640][17704][debug][gc,phases] GC(27)         Humongous Total                Min: 6, Avg:  6.0, Max: 6, Diff: 0, Sum: 6, Workers: 1
[2025-06-17T22:49:35.762+0300][18640][17704][debug][gc,phases] GC(27)         Humongous Candidates           Min: 3, Avg:  3.0, Max: 3, Diff: 0, Sum: 3, Workers: 1
[2025-06-17T22:49:35.762+0300][18640][17704][debug][gc,phases] GC(27)         Humongous Reclaimed            Min: 0, Avg:  0.0, Max: 0, Diff: 0, Sum: 0, Workers: 1
[2025-06-17T22:49:35.762+0300][18640][17704][debug][gc,phases] GC(27)       Redirty Logged Cards (ms):     Min:  0.0, Avg:  0.0, Max:  0.0, Diff:  0.0, Sum:  0.0, Workers: 8
[2025-06-17T22:49:35.762+0300][18640][17704][debug][gc,phases] GC(27)         Redirtied Cards:               Min: 0, Avg:  1.0, Max: 5, Diff: 5, Sum: 8, Workers: 8
[2025-06-17T22:49:35.762+0300][18640][17704][debug][gc,phases] GC(27)       Resize TLABs (ms):             Min:  0.0, Avg:  0.0, Max:  0.0, Diff:  0.0, Sum:  0.0, Workers: 8
[2025-06-17T22:49:35.762+0300][18640][17704][debug][gc,phases] GC(27)       Free Collection Set (ms):      Min:  0.0, Avg:  0.2, Max:  0.3, Diff:  0.3, Sum:  1.9, Workers: 8
[2025-06-17T22:49:35.762+0300][18640][17704][debug][gc,phases] GC(27)     Rebuild Free List: 0.1ms
[2025-06-17T22:49:35.762+0300][18640][17704][debug][gc,phases] GC(27)     Prepare For Mutator: 0.0ms
[2025-06-17T22:49:35.762+0300][18640][17704][debug][gc,phases] GC(27)     Expand Heap After Collection: 0.0ms
[2025-06-17T22:49:35.762+0300][18640][17704][info ][gc,phases] GC(27)   Other: 0.2ms
[2025-06-17T22:49:35.762+0300][18640][17704][info ][gc,heap  ] GC(27) Eden regions: 1227->0(1227)
[2025-06-17T22:49:35.762+0300][18640][17704][info ][gc,heap  ] GC(27) Survivor regions: 1->1(154)
[2025-06-17T22:49:35.762+0300][18640][17704][info ][gc,heap  ] GC(27) Old regions: 10->10
[2025-06-17T22:49:35.762+0300][18640][17704][info ][gc,heap  ] GC(27) Humongous regions: 18->18
[2025-06-17T22:49:35.762+0300][18640][17704][debug][gc,heap  ] GC(27) Heap after GC invocations=28 (full 2):
[2025-06-17T22:49:35.762+0300][18640][17704][debug][gc,heap  ] GC(27)  garbage-first heap   total 2097152K, used 22928K [0x0000000080000000, 0x0000000100000000)
[2025-06-17T22:49:35.762+0300][18640][17704][debug][gc,heap  ] GC(27)   region size 1024K, 1 young (1024K), 1 survivors (1024K)
[2025-06-17T22:49:35.762+0300][18640][17704][debug][gc,heap  ] GC(27)  Metaspace       used 8739K, committed 9792K, reserved 1114112K
[2025-06-17T22:49:35.762+0300][18640][17704][debug][gc,heap  ] GC(27)   class space    used 872K, committed 1280K, reserved 1048576K
[2025-06-17T22:49:35.762+0300][18640][17704][info ][gc       ] GC(27) Pause Young (Normal) (G1 Evacuation Pause) 1249M->22M(2048M) 4.882ms
[2025-06-17T22:49:35.762+0300][18640][17704][info ][safepoint] Safepoint "G1CollectForAllocation", Time since last: 470430900 ns, Reaching safepoint: 630200 ns, Cleanup: 27100 ns, At safepoint: 4957700 ns, Total: 5615000 ns
[2025-06-17T22:49:36.084+0300][18640][17704][debug][safepoint] Safepoint synchronization initiated using striped semaphore wait barrier. (20 threads)
[2025-06-17T22:49:36.084+0300][18640][8584 ][debug][safepoint] ... found polling page loop exception at pc = 0x000001d3901b37e0, stub =0x000001d38fbb5d80
[2025-06-17T22:49:36.084+0300][18640][16644][debug][safepoint] ... found polling page loop exception at pc = 0x000001d3901b8945, stub =0x000001d38fbb6600
[2025-06-17T22:49:36.084+0300][18640][21180][debug][safepoint] ... found polling page loop exception at pc = 0x000001d3901b37e0, stub =0x000001d38fbb5d80
[2025-06-17T22:49:36.084+0300][18640][20220][debug][safepoint] ... found polling page loop exception at pc = 0x000001d3901b37e0, stub =0x000001d38fbb5d80
[2025-06-17T22:49:36.084+0300][18640][2636 ][debug][safepoint] ... found polling page loop exception at pc = 0x000001d3901b37e0, stub =0x000001d38fbb5d80
