[2025-05-20T20:42:26.850+0300][22308][8172][debug][gc,heap] Minimum heap 4294967296  Initial heap 4294967296  Maximum heap 4294967296
[2025-05-20T20:42:26.850+0300][22308][8172][info ][gc     ] Using G1
[2025-05-20T20:42:26.850+0300][22308][8172][debug][gc     ] ConcGCThreads: 2 offset 16
[2025-05-20T20:42:26.866+0300][22308][8172][debug][gc     ] ParallelGCThreads: 8
[2025-05-20T20:42:26.866+0300][22308][8172][debug][gc     ] Initialize mark stack with 4096 chunks, maximum 524288
[2025-05-20T20:42:27.961+0300][22308][1592][debug][safepoint] Safepoint synchronization initiated using striped semaphore wait barrier. (12 threads)
[2025-05-20T20:42:27.961+0300][22308][1592][info ][safepoint] Safepoint "Cleanup", Time since last: 1075372200 ns, Reaching safepoint: 2326100 ns, Cleanup: 44000 ns, At safepoint: 3900 ns, Total: 2374000 ns
[2025-05-20T20:42:28.787+0300][22308][1592][debug][safepoint] Safepoint synchronization initiated using striped semaphore wait barrier. (11 threads)
[2025-05-20T20:42:28.787+0300][22308][1592][debug][gc,heap  ] GC(0) Heap before GC invocations=0 (full 0):
[2025-05-20T20:42:28.787+0300][22308][1592][debug][gc,heap  ] GC(0)  garbage-first heap   total 4194304K, used 149504K [0x0000000700000000, 0x0000000800000000)
[2025-05-20T20:42:28.787+0300][22308][1592][debug][gc,heap  ] GC(0)   region size 2048K, 74 young (151552K), 0 survivors (0K)
[2025-05-20T20:42:28.787+0300][22308][1592][debug][gc,heap  ] GC(0)  Metaspace       used 2836K, committed 3072K, reserved 1114112K
[2025-05-20T20:42:28.787+0300][22308][1592][debug][gc,heap  ] GC(0)   class space    used 256K, committed 384K, reserved 1048576K
[2025-05-20T20:42:28.787+0300][22308][1592][debug][gc,phases] GC(0) Phase 1: Reference Processing 0.209ms
[2025-05-20T20:42:28.787+0300][22308][1592][debug][gc,phases] GC(0)   VM Weak                        Min:  0.0, Avg:  0.0, Max:  0.0, Diff:  0.0, Sum:  0.0, Workers: 5
[2025-05-20T20:42:28.787+0300][22308][1592][debug][gc,phases] GC(0)     Dead                           Min: 0, Avg:  0.0, Max: 0, Diff: 0, Sum: 0, Workers: 5
[2025-05-20T20:42:28.787+0300][22308][1592][debug][gc,phases] GC(0)     Total                          Min: 0, Avg:  4.0, Max: 20, Diff: 20, Sum: 20, Workers: 5
[2025-05-20T20:42:28.787+0300][22308][1592][debug][gc,phases] GC(0)   ObjectSynchronizer Weak        Min:  0.0, Avg:  0.0, Max:  0.0, Diff:  0.0, Sum:  0.0, Workers: 5
[2025-05-20T20:42:28.787+0300][22308][1592][debug][gc,phases] GC(0)     Dead                           Min: 0, Avg:  0.0, Max: 0, Diff: 0, Sum: 0, Workers: 5
[2025-05-20T20:42:28.787+0300][22308][1592][debug][gc,phases] GC(0)     Total                          Min: 0, Avg:  0.2, Max: 1, Diff: 1, Sum: 1, Workers: 5
[2025-05-20T20:42:28.787+0300][22308][1592][debug][gc,phases] GC(0)   JVMTI Tag Weak OopStorage      Min:  0.0, Avg:  0.0, Max:  0.0, Diff:  0.0, Sum:  0.0, Workers: 5
[2025-05-20T20:42:28.787+0300][22308][1592][debug][gc,phases] GC(0)     Dead                           Min: 0, Avg:  0.0, Max: 0, Diff: 0, Sum: 0, Workers: 5
[2025-05-20T20:42:28.787+0300][22308][1592][debug][gc,phases] GC(0)     Total                          Min: 0, Avg:  0.0, Max: 0, Diff: 0, Sum: 0, Workers: 5
[2025-05-20T20:42:28.787+0300][22308][1592][debug][gc,phases] GC(0)   StringTable Weak               Min:  0.0, Avg:  0.0, Max:  0.0, Diff:  0.0, Sum:  0.0, Workers: 5
[2025-05-20T20:42:28.787+0300][22308][1592][debug][gc,phases] GC(0)     Dead                           Min: 0, Avg:  1.0, Max: 5, Diff: 5, Sum: 5, Workers: 5
[2025-05-20T20:42:28.787+0300][22308][1592][debug][gc,phases] GC(0)     Total                          Min: 0, Avg: 849.4, Max: 4247, Diff: 4247, Sum: 4247, Workers: 5
[2025-05-20T20:42:28.787+0300][22308][1592][debug][gc,phases] GC(0)   ResolvedMethodTable Weak       Min:  0.0, Avg:  0.0, Max:  0.0, Diff:  0.0, Sum:  0.0, Workers: 5
[2025-05-20T20:42:28.787+0300][22308][1592][debug][gc,phases] GC(0)     Dead                           Min: 0, Avg:  4.2, Max: 21, Diff: 21, Sum: 21, Workers: 5
[2025-05-20T20:42:28.787+0300][22308][1592][debug][gc,phases] GC(0)     Total                          Min: 0, Avg: 40.4, Max: 202, Diff: 202, Sum: 202, Workers: 5
[2025-05-20T20:42:28.802+0300][22308][1592][debug][gc,phases] GC(0)   JNI Weak                       Min:  0.0, Avg:  0.0, Max:  0.0, Diff:  0.0, Sum:  0.0, Workers: 5
[2025-05-20T20:42:28.802+0300][22308][1592][debug][gc,phases] GC(0)     Dead                           Min: 0, Avg:  0.0, Max: 0, Diff: 0, Sum: 0, Workers: 5
[2025-05-20T20:42:28.802+0300][22308][1592][debug][gc,phases] GC(0)     Total                          Min: 0, Avg:  0.0, Max: 0, Diff: 0, Sum: 0, Workers: 5
[2025-05-20T20:42:28.802+0300][22308][1592][debug][gc,phases] GC(0)   StringDedup Table Weak         Min:  0.0, Avg:  0.0, Max:  0.0, Diff:  0.0, Sum:  0.0, Workers: 5
[2025-05-20T20:42:28.802+0300][22308][1592][debug][gc,phases] GC(0)     Dead                           Min: 0, Avg:  0.0, Max: 0, Diff: 0, Sum: 0, Workers: 5
[2025-05-20T20:42:28.802+0300][22308][1592][debug][gc,phases] GC(0)     Total                          Min: 0, Avg:  0.0, Max: 0, Diff: 0, Sum: 0, Workers: 5
[2025-05-20T20:42:28.802+0300][22308][1592][debug][gc,phases] GC(0)   StringDedup Requests0 Weak     Min:  0.0, Avg:  0.0, Max:  0.0, Diff:  0.0, Sum:  0.0, Workers: 5
[2025-05-20T20:42:28.802+0300][22308][1592][debug][gc,phases] GC(0)     Dead                           Min: 0, Avg:  0.0, Max: 0, Diff: 0, Sum: 0, Workers: 5
[2025-05-20T20:42:28.802+0300][22308][1592][debug][gc,phases] GC(0)     Total                          Min: 0, Avg:  0.0, Max: 0, Diff: 0, Sum: 0, Workers: 5
[2025-05-20T20:42:28.802+0300][22308][1592][debug][gc,phases] GC(0)   StringDedup Requests1 Weak     Min:  0.0, Avg:  0.0, Max:  0.0, Diff:  0.0, Sum:  0.0, Workers: 5
[2025-05-20T20:42:28.802+0300][22308][1592][debug][gc,phases] GC(0)     Dead                           Min: 0, Avg:  0.0, Max: 0, Diff: 0, Sum: 0, Workers: 5
[2025-05-20T20:42:28.802+0300][22308][1592][debug][gc,phases] GC(0)     Total                          Min: 0, Avg:  0.0, Max: 0, Diff: 0, Sum: 0, Workers: 5
[2025-05-20T20:42:28.802+0300][22308][1592][debug][gc,phases] GC(0)   Weak JFR Old Object Samples    Min:  0.0, Avg:  0.0, Max:  0.0, Diff:  0.0, Sum:  0.0, Workers: 5
[2025-05-20T20:42:28.802+0300][22308][1592][debug][gc,phases] GC(0)     Dead                           Min: 0, Avg:  0.0, Max: 0, Diff: 0, Sum: 0, Workers: 5
[2025-05-20T20:42:28.802+0300][22308][1592][debug][gc,phases] GC(0)     Total                          Min: 0, Avg:  0.0, Max: 0, Diff: 0, Sum: 0, Workers: 5
[2025-05-20T20:42:28.802+0300][22308][1592][debug][gc,phases] GC(0) Phase 1: Weak Processing 0.453ms
[2025-05-20T20:42:28.802+0300][22308][1592][debug][gc,phases] GC(0) ClassLoaderData 0.004ms
[2025-05-20T20:42:28.802+0300][22308][1592][debug][gc,phases] GC(0) Trigger cleanups 0.001ms
[2025-05-20T20:42:28.802+0300][22308][1592][debug][gc,phases] GC(0) G1 Complete Cleaning 1.117ms
[2025-05-20T20:42:28.802+0300][22308][1592][debug][gc,phases] GC(0) Purge Unlinked NMethods 0.001ms
[2025-05-20T20:42:28.802+0300][22308][1592][debug][gc,phases] GC(0) Unregister NMethods 0.174ms
[2025-05-20T20:42:28.802+0300][22308][1592][debug][gc,phases] GC(0) Free Code Blobs 0.010ms
[2025-05-20T20:42:28.802+0300][22308][1592][debug][gc,phases] GC(0) Purge Class Loader Data 0.021ms
[2025-05-20T20:42:28.802+0300][22308][1592][debug][gc,phases] GC(0) Phase 1: Class Unloading and Cleanup 1.433ms
[2025-05-20T20:42:28.802+0300][22308][1592][debug][gc,phases] GC(0) Report Object Count 0.001ms
[2025-05-20T20:42:28.802+0300][22308][1592][info ][gc,phases] GC(0) Phase 1: Mark live objects 3.320ms
[2025-05-20T20:42:28.802+0300][22308][1592][debug][gc,phases] GC(0) Phase 2: Determine work lists 0.050ms
[2025-05-20T20:42:28.802+0300][22308][1592][debug][gc,phases] GC(0) Phase 2: Prepare parallel compaction 0.569ms
[2025-05-20T20:42:28.802+0300][22308][1592][info ][gc,phases] GC(0) Phase 2: Prepare compaction 0.662ms
[2025-05-20T20:42:28.802+0300][22308][1592][info ][gc,phases] GC(0) Phase 3: Adjust pointers 0.860ms
[2025-05-20T20:42:28.802+0300][22308][1592][info ][gc,phases] GC(0) Phase 4: Compact heap 0.905ms
[2025-05-20T20:42:28.802+0300][22308][1592][info ][gc,phases] GC(0) Phase 5: Reset Metadata 1.029ms
[2025-05-20T20:42:28.812+0300][22308][1592][info ][gc,heap  ] GC(0) Eden regions: 74->0(102)
[2025-05-20T20:42:28.812+0300][22308][1592][info ][gc,heap  ] GC(0) Survivor regions: 0->0(0)
[2025-05-20T20:42:28.812+0300][22308][1592][info ][gc,heap  ] GC(0) Old regions: 0->8
[2025-05-20T20:42:28.812+0300][22308][1592][info ][gc,heap  ] GC(0) Humongous regions: 0->0
[2025-05-20T20:42:28.812+0300][22308][1592][debug][gc,heap  ] GC(0) Heap after GC invocations=1 (full 1):
[2025-05-20T20:42:28.812+0300][22308][1592][debug][gc,heap  ] GC(0)  garbage-first heap   total 4194304K, used 2947K [0x0000000700000000, 0x0000000800000000)
[2025-05-20T20:42:28.812+0300][22308][1592][debug][gc,heap  ] GC(0)   region size 2048K, 0 young (0K), 0 survivors (0K)
[2025-05-20T20:42:28.812+0300][22308][1592][debug][gc,heap  ] GC(0)  Metaspace       used 2836K, committed 3072K, reserved 1114112K
[2025-05-20T20:42:28.812+0300][22308][1592][debug][gc,heap  ] GC(0)   class space    used 256K, committed 384K, reserved 1048576K
[2025-05-20T20:42:28.812+0300][22308][1592][info ][gc       ] GC(0) Pause Full (System.gc()) 148M->2M(4096M) 14.066ms
[2025-05-20T20:42:28.812+0300][22308][1592][info ][safepoint] Safepoint "G1CollectFull", Time since last: 835833100 ns, Reaching safepoint: 45400 ns, Cleanup: 22200 ns, At safepoint: 14090800 ns, Total: 14158400 ns
[2025-05-20T20:42:29.127+0300][22308][1592][debug][safepoint] Safepoint synchronization initiated using striped semaphore wait barrier. (21 threads)
[2025-05-20T20:42:29.127+0300][22308][8488][debug][safepoint] ... found polling page loop exception at pc = 0x000001795b70ee58, stub =0x0000017962996600
[2025-05-20T20:42:29.127+0300][22308][1592][info ][safepoint] Safepoint "ICBufferFull", Time since last: 314416700 ns, Reaching safepoint: 136400 ns, Cleanup: 80200 ns, At safepoint: 16200 ns, Total: 232800 ns
[2025-05-20T20:42:29.302+0300][22308][1592][debug][safepoint] Safepoint synchronization initiated using striped semaphore wait barrier. (21 threads)
[2025-05-20T20:42:29.302+0300][22308][1592][info ][safepoint] Safepoint "ICBufferFull", Time since last: 174700400 ns, Reaching safepoint: 139100 ns, Cleanup: 77100 ns, At safepoint: 15900 ns, Total: 232100 ns
[2025-05-20T20:42:29.302+0300][22308][1592][debug][safepoint] Safepoint synchronization initiated using striped semaphore wait barrier. (21 threads)
[2025-05-20T20:42:29.302+0300][22308][8488][debug][safepoint] ... found polling page loop exception at pc = 0x0000017962f97760, stub =0x0000017962995d80
[2025-05-20T20:42:29.302+0300][22308][1592][info ][safepoint] Safepoint "ICBufferFull", Time since last: 205700 ns, Reaching safepoint: 87300 ns, Cleanup: 3800 ns, At safepoint: 17400 ns, Total: 108500 ns
[2025-05-20T20:42:29.485+0300][22308][1592][debug][safepoint] Safepoint synchronization initiated using striped semaphore wait barrier. (21 threads)
[2025-05-20T20:42:29.485+0300][22308][3028][debug][safepoint] ... found polling page loop exception at pc = 0x0000017962f97760, stub =0x0000017962995d80
[2025-05-20T20:42:29.485+0300][22308][8488][debug][safepoint] ... found polling page loop exception at pc = 0x0000017962f99ff7, stub =0x0000017962996600
[2025-05-20T20:42:29.485+0300][22308][1592][debug][gc,heap  ] GC(1) Heap before GC invocations=1 (full 1):
[2025-05-20T20:42:29.485+0300][22308][1592][debug][gc,heap  ] GC(1)  garbage-first heap   total 4194304K, used 224131K [0x0000000700000000, 0x0000000800000000)
[2025-05-20T20:42:29.485+0300][22308][1592][debug][gc,heap  ] GC(1)   region size 2048K, 102 young (208896K), 0 survivors (0K)
[2025-05-20T20:42:29.485+0300][22308][1592][debug][gc,heap  ] GC(1)  Metaspace       used 8822K, committed 9344K, reserved 1114112K
[2025-05-20T20:42:29.485+0300][22308][1592][debug][gc,heap  ] GC(1)   class space    used 977K, committed 1216K, reserved 1048576K
[2025-05-20T20:42:29.485+0300][22308][1592][info ][gc,phases] GC(1)   Pre Evacuate Collection Set: 0.2ms
[2025-05-20T20:42:29.485+0300][22308][1592][debug][gc,phases] GC(1)     Pre Evacuate Prepare: 0.1ms
[2025-05-20T20:42:29.485+0300][22308][1592][debug][gc,phases] GC(1)       JT Retire TLABs And Flush Logs (ms): Min:  0.0, Avg:  0.0, Max:  0.0, Diff:  0.0, Sum:  0.0, Workers: 2
[2025-05-20T20:42:29.485+0300][22308][1592][debug][gc,phases] GC(1)       Non-JT Flush Logs (ms):        Min:  0.0, Avg:  0.0, Max:  0.0, Diff:  0.0, Sum:  0.0, Workers: 1
[2025-05-20T20:42:29.485+0300][22308][1592][debug][gc,phases] GC(1)     Choose Collection Set: 0.0ms
[2025-05-20T20:42:29.485+0300][22308][1592][debug][gc,phases] GC(1)     Region Register: 0.1ms
[2025-05-20T20:42:29.485+0300][22308][1592][debug][gc,phases] GC(1)     Prepare Heap Roots: 0.0ms
[2025-05-20T20:42:29.485+0300][22308][1592][info ][gc,phases] GC(1)   Merge Heap Roots: 0.1ms
[2025-05-20T20:42:29.485+0300][22308][1592][debug][gc,phases] GC(1)     Prepare Merge Heap Roots: 0.0ms
[2025-05-20T20:42:29.485+0300][22308][1592][debug][gc,phases] GC(1)     Remembered Sets (ms):          Min:  0.0, Avg:  0.0, Max:  0.0, Diff:  0.0, Sum:  0.1, Workers: 8
[2025-05-20T20:42:29.485+0300][22308][1592][debug][gc,phases] GC(1)       Eager Reclaim (ms):            Min:  0.0, Avg:  0.0, Max:  0.0, Diff:  0.0, Sum:  0.0, Workers: 1
[2025-05-20T20:42:29.485+0300][22308][1592][debug][gc,phases] GC(1)       Merged Inline                  Min: 0, Avg:  0.0, Max: 0, Diff: 0, Sum: 0, Workers: 8
[2025-05-20T20:42:29.485+0300][22308][1592][debug][gc,phases] GC(1)       Merged ArrayOfCards            Min: 0, Avg:  0.0, Max: 0, Diff: 0, Sum: 0, Workers: 8
[2025-05-20T20:42:29.485+0300][22308][1592][debug][gc,phases] GC(1)       Merged Howl                    Min: 0, Avg:  0.0, Max: 0, Diff: 0, Sum: 0, Workers: 8
[2025-05-20T20:42:29.485+0300][22308][1592][debug][gc,phases] GC(1)       Merged Full                    Min: 0, Avg:  0.0, Max: 0, Diff: 0, Sum: 0, Workers: 8
[2025-05-20T20:42:29.485+0300][22308][1592][debug][gc,phases] GC(1)       Merged Howl Inline             Min: 0, Avg:  0.0, Max: 0, Diff: 0, Sum: 0, Workers: 8
[2025-05-20T20:42:29.485+0300][22308][1592][debug][gc,phases] GC(1)       Merged Howl ArrayOfCards       Min: 0, Avg:  0.0, Max: 0, Diff: 0, Sum: 0, Workers: 8
[2025-05-20T20:42:29.485+0300][22308][1592][debug][gc,phases] GC(1)       Merged Howl BitMap             Min: 0, Avg:  0.0, Max: 0, Diff: 0, Sum: 0, Workers: 8
[2025-05-20T20:42:29.485+0300][22308][1592][debug][gc,phases] GC(1)       Merged Howl Full               Min: 0, Avg:  0.0, Max: 0, Diff: 0, Sum: 0, Workers: 8
[2025-05-20T20:42:29.485+0300][22308][1592][debug][gc,phases] GC(1)       Merged Cards                   Min: 8, Avg:  9.0, Max: 16, Diff: 8, Sum: 72, Workers: 8
[2025-05-20T20:42:29.485+0300][22308][1592][debug][gc,phases] GC(1)     Log Buffers (ms):              Min:  0.0, Avg:  0.0, Max:  0.0, Diff:  0.0, Sum:  0.0, Workers: 8
[2025-05-20T20:42:29.485+0300][22308][1592][debug][gc,phases] GC(1)       Dirty Cards:                   Min: 2, Avg: 42.6, Max: 197, Diff: 195, Sum: 341, Workers: 8
[2025-05-20T20:42:29.485+0300][22308][1592][debug][gc,phases] GC(1)       Skipped Cards:                 Min: 0, Avg:  0.0, Max: 0, Diff: 0, Sum: 0, Workers: 8
[2025-05-20T20:42:29.485+0300][22308][1592][info ][gc,phases] GC(1)   Evacuate Collection Set: 1.3ms
[2025-05-20T20:42:29.485+0300][22308][1592][debug][gc,phases] GC(1)     Ext Root Scanning (ms):        Min:  0.1, Avg:  0.3, Max:  0.8, Diff:  0.7, Sum:  2.3, Workers: 8
[2025-05-20T20:42:29.485+0300][22308][1592][debug][gc,phases] GC(1)     Scan Heap Roots (ms):          Min:  0.0, Avg:  0.0, Max:  0.1, Diff:  0.1, Sum:  0.3, Workers: 8
[2025-05-20T20:42:29.485+0300][22308][1592][debug][gc,phases] GC(1)       Scanned Cards:                 Min: 0, Avg: 42.6, Max: 77, Diff: 77, Sum: 341, Workers: 8
[2025-05-20T20:42:29.485+0300][22308][1592][debug][gc,phases] GC(1)       Scanned Blocks:                Min: 0, Avg: 23.0, Max: 43, Diff: 43, Sum: 184, Workers: 8
[2025-05-20T20:42:29.485+0300][22308][1592][debug][gc,phases] GC(1)       Claimed Chunks:                Min: 0, Avg:  4.8, Max: 9, Diff: 9, Sum: 38, Workers: 8
[2025-05-20T20:42:29.485+0300][22308][1592][debug][gc,phases] GC(1)       Found Roots:                   Min: 0, Avg: 162.4, Max: 460, Diff: 460, Sum: 1299, Workers: 8
[2025-05-20T20:42:29.485+0300][22308][1592][debug][gc,phases] GC(1)     Code Root Scan (ms):           Min:  0.0, Avg:  0.1, Max:  0.2, Diff:  0.2, Sum:  1.0, Workers: 8
[2025-05-20T20:42:29.485+0300][22308][1592][debug][gc,phases] GC(1)       Scanned Nmethods               Min: 0, Avg: 42.8, Max: 65, Diff: 65, Sum: 342, Workers: 8
[2025-05-20T20:42:29.485+0300][22308][1592][debug][gc,phases] GC(1)     Object Copy (ms):              Min:  0.4, Avg:  0.6, Max:  0.8, Diff:  0.4, Sum:  4.9, Workers: 8
[2025-05-20T20:42:29.485+0300][22308][1592][debug][gc,phases] GC(1)     Termination (ms):              Min:  0.0, Avg:  0.1, Max:  0.2, Diff:  0.2, Sum:  1.0, Workers: 8
[2025-05-20T20:42:29.485+0300][22308][1592][debug][gc,phases] GC(1)       Termination Attempts:          Min: 1, Avg: 10.0, Max: 15, Diff: 14, Sum: 80, Workers: 8
[2025-05-20T20:42:29.485+0300][22308][1592][debug][gc,phases] GC(1)     GC Worker Other (ms):          Min:  0.0, Avg:  0.0, Max:  0.1, Diff:  0.1, Sum:  0.4, Workers: 8
[2025-05-20T20:42:29.485+0300][22308][1592][debug][gc,phases] GC(1)     GC Worker Total (ms):          Min:  1.2, Avg:  1.2, Max:  1.2, Diff:  0.0, Sum:  9.9, Workers: 8
[2025-05-20T20:42:29.485+0300][22308][1592][info ][gc,phases] GC(1)   Post Evacuate Collection Set: 0.3ms
[2025-05-20T20:42:29.485+0300][22308][1592][debug][gc,phases] GC(1)     NMethod List Cleanup: 0.0ms
[2025-05-20T20:42:29.485+0300][22308][1592][debug][gc,phases] GC(1)     Reference Processing: 0.1ms
[2025-05-20T20:42:29.485+0300][22308][1592][debug][gc,phases] GC(1)     Weak Processing: 0.1ms
[2025-05-20T20:42:29.485+0300][22308][1592][debug][gc,phases] GC(1)       VM Weak                        Min:  0.0, Avg:  0.0, Max:  0.0, Diff:  0.0, Sum:  0.0, Workers: 8
[2025-05-20T20:42:29.485+0300][22308][1592][debug][gc,phases] GC(1)         Dead                           Min: 0, Avg:  0.0, Max: 0, Diff: 0, Sum: 0, Workers: 8
[2025-05-20T20:42:29.485+0300][22308][1592][debug][gc,phases] GC(1)         Total                          Min: 0, Avg: 46.2, Max: 128, Diff: 128, Sum: 370, Workers: 8
[2025-05-20T20:42:29.485+0300][22308][1592][debug][gc,phases] GC(1)       ObjectSynchronizer Weak        Min:  0.0, Avg:  0.0, Max:  0.0, Diff:  0.0, Sum:  0.0, Workers: 8
[2025-05-20T20:42:29.485+0300][22308][1592][debug][gc,phases] GC(1)         Dead                           Min: 0, Avg: 12.8, Max: 56, Diff: 56, Sum: 102, Workers: 8
[2025-05-20T20:42:29.485+0300][22308][1592][debug][gc,phases] GC(1)         Total                          Min: 0, Avg: 17.2, Max: 64, Diff: 64, Sum: 138, Workers: 8
[2025-05-20T20:42:29.485+0300][22308][1592][debug][gc,phases] GC(1)       JVMTI Tag Weak OopStorage      Min:  0.0, Avg:  0.0, Max:  0.0, Diff:  0.0, Sum:  0.0, Workers: 8
[2025-05-20T20:42:29.485+0300][22308][1592][debug][gc,phases] GC(1)         Dead                           Min: 0, Avg:  0.0, Max: 0, Diff: 0, Sum: 0, Workers: 8
[2025-05-20T20:42:29.485+0300][22308][1592][debug][gc,phases] GC(1)         Total                          Min: 0, Avg:  0.0, Max: 0, Diff: 0, Sum: 0, Workers: 8
[2025-05-20T20:42:29.485+0300][22308][1592][debug][gc,phases] GC(1)       StringTable Weak               Min:  0.0, Avg:  0.0, Max:  0.0, Diff:  0.0, Sum:  0.1, Workers: 8
[2025-05-20T20:42:29.485+0300][22308][1592][debug][gc,phases] GC(1)         Dead                           Min: 0, Avg:  1.0, Max: 4, Diff: 4, Sum: 8, Workers: 8
[2025-05-20T20:42:29.485+0300][22308][1592][debug][gc,phases] GC(1)         Total                          Min: 512, Avg: 755.6, Max: 896, Diff: 384, Sum: 6045, Workers: 8
[2025-05-20T20:42:29.485+0300][22308][1592][debug][gc,phases] GC(1)       ResolvedMethodTable Weak       Min:  0.0, Avg:  0.0, Max:  0.0, Diff:  0.0, Sum:  0.1, Workers: 8
[2025-05-20T20:42:29.485+0300][22308][1592][debug][gc,phases] GC(1)         Dead                           Min: 15, Avg: 36.5, Max: 56, Diff: 41, Sum: 292, Workers: 8
[2025-05-20T20:42:29.485+0300][22308][1592][debug][gc,phases] GC(1)         Total                          Min: 64, Avg: 108.6, Max: 192, Diff: 128, Sum: 869, Workers: 8
[2025-05-20T20:42:29.485+0300][22308][1592][debug][gc,phases] GC(1)       JNI Weak                       Min:  0.0, Avg:  0.0, Max:  0.0, Diff:  0.0, Sum:  0.0, Workers: 8
[2025-05-20T20:42:29.485+0300][22308][1592][debug][gc,phases] GC(1)         Dead                           Min: 0, Avg:  0.0, Max: 0, Diff: 0, Sum: 0, Workers: 8
[2025-05-20T20:42:29.485+0300][22308][1592][debug][gc,phases] GC(1)         Total                          Min: 0, Avg:  2.1, Max: 17, Diff: 17, Sum: 17, Workers: 8
[2025-05-20T20:42:29.485+0300][22308][1592][debug][gc,phases] GC(1)       StringDedup Table Weak         Min:  0.0, Avg:  0.0, Max:  0.0, Diff:  0.0, Sum:  0.0, Workers: 8
[2025-05-20T20:42:29.485+0300][22308][1592][debug][gc,phases] GC(1)         Dead                           Min: 0, Avg:  0.0, Max: 0, Diff: 0, Sum: 0, Workers: 8
[2025-05-20T20:42:29.485+0300][22308][1592][debug][gc,phases] GC(1)         Total                          Min: 0, Avg:  0.0, Max: 0, Diff: 0, Sum: 0, Workers: 8
[2025-05-20T20:42:29.485+0300][22308][1592][debug][gc,phases] GC(1)       StringDedup Requests0 Weak     Min:  0.0, Avg:  0.0, Max:  0.0, Diff:  0.0, Sum:  0.0, Workers: 8
[2025-05-20T20:42:29.485+0300][22308][1592][debug][gc,phases] GC(1)         Dead                           Min: 0, Avg:  0.0, Max: 0, Diff: 0, Sum: 0, Workers: 8
[2025-05-20T20:42:29.485+0300][22308][1592][debug][gc,phases] GC(1)         Total                          Min: 0, Avg:  0.0, Max: 0, Diff: 0, Sum: 0, Workers: 8
[2025-05-20T20:42:29.485+0300][22308][1592][debug][gc,phases] GC(1)       StringDedup Requests1 Weak     Min:  0.0, Avg:  0.0, Max:  0.0, Diff:  0.0, Sum:  0.0, Workers: 8
[2025-05-20T20:42:29.485+0300][22308][1592][debug][gc,phases] GC(1)         Dead                           Min: 0, Avg:  0.0, Max: 0, Diff: 0, Sum: 0, Workers: 8
[2025-05-20T20:42:29.485+0300][22308][1592][debug][gc,phases] GC(1)         Total                          Min: 0, Avg:  0.0, Max: 0, Diff: 0, Sum: 0, Workers: 8
[2025-05-20T20:42:29.485+0300][22308][1592][debug][gc,phases] GC(1)       Weak JFR Old Object Samples    Min:  0.0, Avg:  0.0, Max:  0.0, Diff:  0.0, Sum:  0.0, Workers: 8
[2025-05-20T20:42:29.485+0300][22308][1592][debug][gc,phases] GC(1)         Dead                           Min: 0, Avg:  0.0, Max: 0, Diff: 0, Sum: 0, Workers: 8
[2025-05-20T20:42:29.485+0300][22308][1592][debug][gc,phases] GC(1)         Total                          Min: 0, Avg:  0.0, Max: 0, Diff: 0, Sum: 0, Workers: 8
[2025-05-20T20:42:29.485+0300][22308][1592][debug][gc,phases] GC(1)     Post Evacuate Cleanup 1: 0.1ms
[2025-05-20T20:42:29.485+0300][22308][1592][debug][gc,phases] GC(1)       Merge Per-Thread State (ms):   Min:  0.0, Avg:  0.0, Max:  0.0, Diff:  0.0, Sum:  0.0, Workers: 1
[2025-05-20T20:42:29.485+0300][22308][1592][debug][gc,phases] GC(1)         Copied Bytes                   Min: 151160, Avg: 196521.0, Max: 265784, Diff: 114624, Sum: 1572168, Workers: 8
[2025-05-20T20:42:29.485+0300][22308][1592][debug][gc,phases] GC(1)         LAB Waste                      Min: 40, Avg: 391.0, Max: 1608, Diff: 1568, Sum: 3128, Workers: 8
[2025-05-20T20:42:29.485+0300][22308][1592][debug][gc,phases] GC(1)         LAB Undo Waste                 Min: 0, Avg:  0.0, Max: 0, Diff: 0, Sum: 0, Workers: 8
[2025-05-20T20:42:29.485+0300][22308][1592][debug][gc,phases] GC(1)       Clear Logged Cards (ms):       Min:  0.0, Avg:  0.0, Max:  0.0, Diff:  0.0, Sum:  0.0, Workers: 3
[2025-05-20T20:42:29.485+0300][22308][1592][debug][gc,phases] GC(1)       Recalculate Used Memory (ms):  Min:  0.0, Avg:  0.0, Max:  0.0, Diff:  0.0, Sum:  0.0, Workers: 1
[2025-05-20T20:42:29.485+0300][22308][1592][debug][gc,phases] GC(1)     Post Evacuate Cleanup 2: 0.1ms
[2025-05-20T20:42:29.485+0300][22308][1592][debug][gc,phases] GC(1)       Update Derived Pointers (ms):  Min:  0.0, Avg:  0.0, Max:  0.0, Diff:  0.0, Sum:  0.0, Workers: 1
[2025-05-20T20:42:29.485+0300][22308][1592][debug][gc,phases] GC(1)       Eagerly Reclaim Humongous Objects (ms): Min:  0.0, Avg:  0.0, Max:  0.0, Diff:  0.0, Sum:  0.0, Workers: 1
[2025-05-20T20:42:29.485+0300][22308][1592][debug][gc,phases] GC(1)         Humongous Total                Min: 3, Avg:  3.0, Max: 3, Diff: 0, Sum: 3, Workers: 1
[2025-05-20T20:42:29.485+0300][22308][1592][debug][gc,phases] GC(1)         Humongous Candidates           Min: 3, Avg:  3.0, Max: 3, Diff: 0, Sum: 3, Workers: 1
[2025-05-20T20:42:29.485+0300][22308][1592][debug][gc,phases] GC(1)         Humongous Reclaimed            Min: 0, Avg:  0.0, Max: 0, Diff: 0, Sum: 0, Workers: 1
[2025-05-20T20:42:29.485+0300][22308][1592][debug][gc,phases] GC(1)       Redirty Logged Cards (ms):     Min:  0.0, Avg:  0.0, Max:  0.0, Diff:  0.0, Sum:  0.0, Workers: 8
[2025-05-20T20:42:29.485+0300][22308][1592][debug][gc,phases] GC(1)         Redirtied Cards:               Min: 0, Avg: 30.9, Max: 85, Diff: 85, Sum: 247, Workers: 8
[2025-05-20T20:42:29.485+0300][22308][1592][debug][gc,phases] GC(1)       Resize TLABs (ms):             Min:  0.0, Avg:  0.0, Max:  0.0, Diff:  0.0, Sum:  0.0, Workers: 8
[2025-05-20T20:42:29.485+0300][22308][1592][debug][gc,phases] GC(1)       Free Collection Set (ms):      Min:  0.0, Avg:  0.0, Max:  0.0, Diff:  0.0, Sum:  0.2, Workers: 8
[2025-05-20T20:42:29.485+0300][22308][1592][debug][gc,phases] GC(1)     Rebuild Free List: 0.0ms
[2025-05-20T20:42:29.485+0300][22308][1592][debug][gc,phases] GC(1)     Prepare For Mutator: 0.0ms
[2025-05-20T20:42:29.485+0300][22308][1592][debug][gc,phases] GC(1)     Expand Heap After Collection: 0.0ms
[2025-05-20T20:42:29.485+0300][22308][1592][info ][gc,phases] GC(1)   Other: 0.1ms
[2025-05-20T20:42:29.485+0300][22308][1592][info ][gc,heap  ] GC(1) Eden regions: 102->0(158)
[2025-05-20T20:42:29.485+0300][22308][1592][info ][gc,heap  ] GC(1) Survivor regions: 0->1(13)
[2025-05-20T20:42:29.485+0300][22308][1592][info ][gc,heap  ] GC(1) Old regions: 8->8
[2025-05-20T20:42:29.485+0300][22308][1592][info ][gc,heap  ] GC(1) Humongous regions: 6->6
[2025-05-20T20:42:29.485+0300][22308][1592][debug][gc,heap  ] GC(1) Heap after GC invocations=2 (full 1):
[2025-05-20T20:42:29.485+0300][22308][1592][debug][gc,heap  ] GC(1)  garbage-first heap   total 4194304K, used 16880K [0x0000000700000000, 0x0000000800000000)
[2025-05-20T20:42:29.485+0300][22308][1592][debug][gc,heap  ] GC(1)   region size 2048K, 1 young (2048K), 1 survivors (2048K)
[2025-05-20T20:42:29.485+0300][22308][1592][debug][gc,heap  ] GC(1)  Metaspace       used 8822K, committed 9344K, reserved 1114112K
[2025-05-20T20:42:29.485+0300][22308][1592][debug][gc,heap  ] GC(1)   class space    used 977K, committed 1216K, reserved 1048576K
[2025-05-20T20:42:29.485+0300][22308][1592][info ][gc       ] GC(1) Pause Young (Normal) (G1 Evacuation Pause) 218M->16M(4096M) 3.260ms
[2025-05-20T20:42:29.485+0300][22308][1592][info ][safepoint] Safepoint "G1CollectForAllocation", Time since last: 183229300 ns, Reaching safepoint: 167600 ns, Cleanup: 37000 ns, At safepoint: 3308000 ns, Total: 3512600 ns
[2025-05-20T20:42:30.047+0300][22308][1592][debug][safepoint] Safepoint synchronization initiated using striped semaphore wait barrier. (21 threads)
[2025-05-20T20:42:30.047+0300][22308][19596][debug][safepoint] ... found polling page loop exception at pc = 0x0000017962f97760, stub =0x0000017962995d80
[2025-05-20T20:42:30.047+0300][22308][6208 ][debug][safepoint] ... found polling page loop exception at pc = 0x0000017962f97760, stub =0x0000017962995d80
[2025-05-20T20:42:30.047+0300][22308][17540][debug][safepoint] ... found polling page loop exception at pc = 0x0000017962fda0e6, stub =0x0000017962995d80
[2025-05-20T20:42:30.047+0300][22308][1592 ][debug][gc,heap  ] GC(2) Heap before GC invocations=2 (full 1):
[2025-05-20T20:42:30.047+0300][22308][1592 ][debug][gc,heap  ] GC(2)  garbage-first heap   total 4194304K, used 338416K [0x0000000700000000, 0x0000000800000000)
[2025-05-20T20:42:30.047+0300][22308][1592 ][debug][gc,heap  ] GC(2)   region size 2048K, 159 young (325632K), 1 survivors (2048K)
[2025-05-20T20:42:30.049+0300][22308][1592 ][debug][gc,heap  ] GC(2)  Metaspace       used 8851K, committed 9408K, reserved 1114112K
[2025-05-20T20:42:30.049+0300][22308][1592 ][debug][gc,heap  ] GC(2)   class space    used 977K, committed 1216K, reserved 1048576K
[2025-05-20T20:42:30.051+0300][22308][1592 ][info ][gc,phases] GC(2)   Pre Evacuate Collection Set: 0.3ms
[2025-05-20T20:42:30.051+0300][22308][1592 ][debug][gc,phases] GC(2)     Pre Evacuate Prepare: 0.1ms
[2025-05-20T20:42:30.051+0300][22308][1592 ][debug][gc,phases] GC(2)       JT Retire TLABs And Flush Logs (ms): Min:  0.0, Avg:  0.0, Max:  0.0, Diff:  0.0, Sum:  0.0, Workers: 2
[2025-05-20T20:42:30.051+0300][22308][1592 ][debug][gc,phases] GC(2)       Non-JT Flush Logs (ms):        Min:  0.0, Avg:  0.0, Max:  0.0, Diff:  0.0, Sum:  0.0, Workers: 1
[2025-05-20T20:42:30.051+0300][22308][1592 ][debug][gc,phases] GC(2)     Choose Collection Set: 0.0ms
[2025-05-20T20:42:30.051+0300][22308][1592 ][debug][gc,phases] GC(2)     Region Register: 0.2ms
[2025-05-20T20:42:30.051+0300][22308][1592 ][debug][gc,phases] GC(2)     Prepare Heap Roots: 0.0ms
[2025-05-20T20:42:30.051+0300][22308][1592 ][info ][gc,phases] GC(2)   Merge Heap Roots: 0.1ms
[2025-05-20T20:42:30.051+0300][22308][1592 ][debug][gc,phases] GC(2)     Prepare Merge Heap Roots: 0.0ms
[2025-05-20T20:42:30.051+0300][22308][1592 ][debug][gc,phases] GC(2)     Remembered Sets (ms):          Min:  0.0, Avg:  0.0, Max:  0.0, Diff:  0.0, Sum:  0.1, Workers: 8
[2025-05-20T20:42:30.051+0300][22308][1592 ][debug][gc,phases] GC(2)       Eager Reclaim (ms):            Min:  0.0, Avg:  0.0, Max:  0.0, Diff:  0.0, Sum:  0.0, Workers: 1
[2025-05-20T20:42:30.051+0300][22308][1592 ][debug][gc,phases] GC(2)       Merged Inline                  Min: 0, Avg:  0.0, Max: 0, Diff: 0, Sum: 0, Workers: 8
[2025-05-20T20:42:30.051+0300][22308][1592 ][debug][gc,phases] GC(2)       Merged ArrayOfCards            Min: 0, Avg:  0.0, Max: 0, Diff: 0, Sum: 0, Workers: 8
[2025-05-20T20:42:30.051+0300][22308][1592 ][debug][gc,phases] GC(2)       Merged Howl                    Min: 0, Avg:  0.0, Max: 0, Diff: 0, Sum: 0, Workers: 8
[2025-05-20T20:42:30.051+0300][22308][1592 ][debug][gc,phases] GC(2)       Merged Full                    Min: 0, Avg:  0.0, Max: 0, Diff: 0, Sum: 0, Workers: 8
[2025-05-20T20:42:30.051+0300][22308][1592 ][debug][gc,phases] GC(2)       Merged Howl Inline             Min: 0, Avg:  0.0, Max: 0, Diff: 0, Sum: 0, Workers: 8
[2025-05-20T20:42:30.051+0300][22308][1592 ][debug][gc,phases] GC(2)       Merged Howl ArrayOfCards       Min: 0, Avg:  0.0, Max: 0, Diff: 0, Sum: 0, Workers: 8
[2025-05-20T20:42:30.051+0300][22308][1592 ][debug][gc,phases] GC(2)       Merged Howl BitMap             Min: 0, Avg:  0.0, Max: 0, Diff: 0, Sum: 0, Workers: 8
[2025-05-20T20:42:30.051+0300][22308][1592 ][debug][gc,phases] GC(2)       Merged Howl Full               Min: 0, Avg:  0.0, Max: 0, Diff: 0, Sum: 0, Workers: 8
[2025-05-20T20:42:30.051+0300][22308][1592 ][debug][gc,phases] GC(2)       Merged Cards                   Min: 8, Avg:  9.0, Max: 16, Diff: 8, Sum: 72, Workers: 8
[2025-05-20T20:42:30.051+0300][22308][1592 ][debug][gc,phases] GC(2)     Log Buffers (ms):              Min:  0.0, Avg:  0.0, Max:  0.0, Diff:  0.0, Sum:  0.0, Workers: 8
[2025-05-20T20:42:30.051+0300][22308][1592 ][debug][gc,phases] GC(2)       Dirty Cards:                   Min: 0, Avg: 31.9, Max: 56, Diff: 56, Sum: 255, Workers: 8
[2025-05-20T20:42:30.051+0300][22308][1592 ][debug][gc,phases] GC(2)       Skipped Cards:                 Min: 0, Avg:  0.0, Max: 0, Diff: 0, Sum: 0, Workers: 8
[2025-05-20T20:42:30.051+0300][22308][1592 ][info ][gc,phases] GC(2)   Evacuate Collection Set: 0.9ms
[2025-05-20T20:42:30.051+0300][22308][1592 ][debug][gc,phases] GC(2)     Ext Root Scanning (ms):        Min:  0.0, Avg:  0.1, Max:  0.4, Diff:  0.4, Sum:  0.7, Workers: 8
[2025-05-20T20:42:30.051+0300][22308][1592 ][debug][gc,phases] GC(2)     Scan Heap Roots (ms):          Min:  0.0, Avg:  0.0, Max:  0.1, Diff:  0.1, Sum:  0.3, Workers: 8
[2025-05-20T20:42:30.051+0300][22308][1592 ][debug][gc,phases] GC(2)       Scanned Cards:                 Min: 0, Avg: 31.6, Max: 66, Diff: 66, Sum: 253, Workers: 8
[2025-05-20T20:42:30.051+0300][22308][1592 ][debug][gc,phases] GC(2)       Scanned Blocks:                Min: 0, Avg: 19.2, Max: 40, Diff: 40, Sum: 154, Workers: 8
[2025-05-20T20:42:30.051+0300][22308][1592 ][debug][gc,phases] GC(2)       Claimed Chunks:                Min: 0, Avg:  4.4, Max: 9, Diff: 9, Sum: 35, Workers: 8
[2025-05-20T20:42:30.051+0300][22308][1592 ][debug][gc,phases] GC(2)       Found Roots:                   Min: 0, Avg: 163.1, Max: 727, Diff: 727, Sum: 1305, Workers: 8
[2025-05-20T20:42:30.051+0300][22308][1592 ][debug][gc,phases] GC(2)     Code Root Scan (ms):           Min:  0.0, Avg:  0.1, Max:  0.3, Diff:  0.3, Sum:  1.2, Workers: 8
[2025-05-20T20:42:30.051+0300][22308][1592 ][debug][gc,phases] GC(2)       Scanned Nmethods               Min: 0, Avg: 40.9, Max: 87, Diff: 87, Sum: 327, Workers: 8
[2025-05-20T20:42:30.051+0300][22308][1592 ][debug][gc,phases] GC(2)     Object Copy (ms):              Min:  0.0, Avg:  0.3, Max:  0.7, Diff:  0.7, Sum:  2.6, Workers: 8
[2025-05-20T20:42:30.051+0300][22308][1592 ][debug][gc,phases] GC(2)     Termination (ms):              Min:  0.0, Avg:  0.1, Max:  0.1, Diff:  0.0, Sum:  0.5, Workers: 8
[2025-05-20T20:42:30.051+0300][22308][1592 ][debug][gc,phases] GC(2)       Termination Attempts:          Min: 1, Avg:  3.1, Max: 5, Diff: 4, Sum: 25, Workers: 8
[2025-05-20T20:42:30.051+0300][22308][1592 ][debug][gc,phases] GC(2)     GC Worker Other (ms):          Min:  0.0, Avg:  0.0, Max:  0.0, Diff:  0.0, Sum:  0.2, Workers: 8
[2025-05-20T20:42:30.051+0300][22308][1592 ][debug][gc,phases] GC(2)     GC Worker Total (ms):          Min:  0.1, Avg:  0.7, Max:  0.9, Diff:  0.8, Sum:  5.4, Workers: 8
[2025-05-20T20:42:30.051+0300][22308][1592 ][info ][gc,phases] GC(2)   Post Evacuate Collection Set: 0.8ms
[2025-05-20T20:42:30.051+0300][22308][1592 ][debug][gc,phases] GC(2)     NMethod List Cleanup: 0.1ms
[2025-05-20T20:42:30.051+0300][22308][1592 ][debug][gc,phases] GC(2)     Reference Processing: 0.1ms
[2025-05-20T20:42:30.051+0300][22308][1592 ][debug][gc,phases] GC(2)     Weak Processing: 0.1ms
[2025-05-20T20:42:30.051+0300][22308][1592 ][debug][gc,phases] GC(2)       VM Weak                        Min:  0.0, Avg:  0.0, Max:  0.0, Diff:  0.0, Sum:  0.0, Workers: 8
[2025-05-20T20:42:30.051+0300][22308][1592 ][debug][gc,phases] GC(2)         Dead                           Min: 0, Avg:  0.0, Max: 0, Diff: 0, Sum: 0, Workers: 8
[2025-05-20T20:42:30.051+0300][22308][1592 ][debug][gc,phases] GC(2)         Total                          Min: 0, Avg: 46.2, Max: 128, Diff: 128, Sum: 370, Workers: 8
[2025-05-20T20:42:30.051+0300][22308][1592 ][debug][gc,phases] GC(2)       ObjectSynchronizer Weak        Min:  0.0, Avg:  0.0, Max:  0.0, Diff:  0.0, Sum:  0.0, Workers: 8
[2025-05-20T20:42:30.051+0300][22308][1592 ][debug][gc,phases] GC(2)         Dead                           Min: 0, Avg:  0.0, Max: 0, Diff: 0, Sum: 0, Workers: 8
[2025-05-20T20:42:30.051+0300][22308][1592 ][debug][gc,phases] GC(2)         Total                          Min: 0, Avg: 17.2, Max: 64, Diff: 64, Sum: 138, Workers: 8
[2025-05-20T20:42:30.051+0300][22308][1592 ][debug][gc,phases] GC(2)       JVMTI Tag Weak OopStorage      Min:  0.0, Avg:  0.0, Max:  0.0, Diff:  0.0, Sum:  0.0, Workers: 8
[2025-05-20T20:42:30.051+0300][22308][1592 ][debug][gc,phases] GC(2)         Dead                           Min: 0, Avg:  0.0, Max: 0, Diff: 0, Sum: 0, Workers: 8
[2025-05-20T20:42:30.051+0300][22308][1592 ][debug][gc,phases] GC(2)         Total                          Min: 0, Avg:  0.0, Max: 0, Diff: 0, Sum: 0, Workers: 8
[2025-05-20T20:42:30.051+0300][22308][1592 ][debug][gc,phases] GC(2)       StringTable Weak               Min:  0.0, Avg:  0.0, Max:  0.0, Diff:  0.0, Sum:  0.1, Workers: 8
[2025-05-20T20:42:30.051+0300][22308][1592 ][debug][gc,phases] GC(2)         Dead                           Min: 0, Avg:  0.0, Max: 0, Diff: 0, Sum: 0, Workers: 8
[2025-05-20T20:42:30.051+0300][22308][1592 ][debug][gc,phases] GC(2)         Total                          Min: 0, Avg: 765.6, Max: 1024, Diff: 1024, Sum: 6125, Workers: 8
[2025-05-20T20:42:30.051+0300][22308][1592 ][debug][gc,phases] GC(2)       ResolvedMethodTable Weak       Min:  0.0, Avg:  0.0, Max:  0.0, Diff:  0.0, Sum:  0.0, Workers: 8
[2025-05-20T20:42:30.051+0300][22308][1592 ][debug][gc,phases] GC(2)         Dead                           Min: 0, Avg:  0.0, Max: 0, Diff: 0, Sum: 0, Workers: 8
[2025-05-20T20:42:30.051+0300][22308][1592 ][debug][gc,phases] GC(2)         Total                          Min: 0, Avg: 108.6, Max: 256, Diff: 256, Sum: 869, Workers: 8
[2025-05-20T20:42:30.051+0300][22308][1592 ][debug][gc,phases] GC(2)       JNI Weak                       Min:  0.0, Avg:  0.0, Max:  0.0, Diff:  0.0, Sum:  0.0, Workers: 8
[2025-05-20T20:42:30.051+0300][22308][1592 ][debug][gc,phases] GC(2)         Dead                           Min: 0, Avg:  0.0, Max: 0, Diff: 0, Sum: 0, Workers: 8
[2025-05-20T20:42:30.051+0300][22308][1592 ][debug][gc,phases] GC(2)         Total                          Min: 0, Avg:  2.4, Max: 19, Diff: 19, Sum: 19, Workers: 8
[2025-05-20T20:42:30.051+0300][22308][1592 ][debug][gc,phases] GC(2)       StringDedup Table Weak         Min:  0.0, Avg:  0.0, Max:  0.0, Diff:  0.0, Sum:  0.0, Workers: 8
[2025-05-20T20:42:30.051+0300][22308][1592 ][debug][gc,phases] GC(2)         Dead                           Min: 0, Avg:  0.0, Max: 0, Diff: 0, Sum: 0, Workers: 8
[2025-05-20T20:42:30.051+0300][22308][1592 ][debug][gc,phases] GC(2)         Total                          Min: 0, Avg:  0.0, Max: 0, Diff: 0, Sum: 0, Workers: 8
[2025-05-20T20:42:30.051+0300][22308][1592 ][debug][gc,phases] GC(2)       StringDedup Requests0 Weak     Min:  0.0, Avg:  0.0, Max:  0.0, Diff:  0.0, Sum:  0.0, Workers: 8
[2025-05-20T20:42:30.051+0300][22308][1592 ][debug][gc,phases] GC(2)         Dead                           Min: 0, Avg:  0.0, Max: 0, Diff: 0, Sum: 0, Workers: 8
[2025-05-20T20:42:30.051+0300][22308][1592 ][debug][gc,phases] GC(2)         Total                          Min: 0, Avg:  0.0, Max: 0, Diff: 0, Sum: 0, Workers: 8
[2025-05-20T20:42:30.051+0300][22308][1592 ][debug][gc,phases] GC(2)       StringDedup Requests1 Weak     Min:  0.0, Avg:  0.0, Max:  0.0, Diff:  0.0, Sum:  0.0, Workers: 8
[2025-05-20T20:42:30.051+0300][22308][1592 ][debug][gc,phases] GC(2)         Dead                           Min: 0, Avg:  0.0, Max: 0, Diff: 0, Sum: 0, Workers: 8
[2025-05-20T20:42:30.051+0300][22308][1592 ][debug][gc,phases] GC(2)         Total                          Min: 0, Avg:  0.0, Max: 0, Diff: 0, Sum: 0, Workers: 8
[2025-05-20T20:42:30.051+0300][22308][1592 ][debug][gc,phases] GC(2)       Weak JFR Old Object Samples    Min:  0.0, Avg:  0.0, Max:  0.0, Diff:  0.0, Sum:  0.0, Workers: 8
[2025-05-20T20:42:30.051+0300][22308][1592 ][debug][gc,phases] GC(2)         Dead                           Min: 0, Avg:  0.0, Max: 0, Diff: 0, Sum: 0, Workers: 8
[2025-05-20T20:42:30.051+0300][22308][1592 ][debug][gc,phases] GC(2)         Total                          Min: 0, Avg:  0.0, Max: 0, Diff: 0, Sum: 0, Workers: 8
[2025-05-20T20:42:30.051+0300][22308][1592 ][debug][gc,phases] GC(2)     Post Evacuate Cleanup 1: 0.3ms
[2025-05-20T20:42:30.051+0300][22308][1592 ][debug][gc,phases] GC(2)       Merge Per-Thread State (ms):   Min:  0.0, Avg:  0.0, Max:  0.0, Diff:  0.0, Sum:  0.0, Workers: 1
[2025-05-20T20:42:30.051+0300][22308][1592 ][debug][gc,phases] GC(2)         Copied Bytes                   Min: 0, Avg: 197075.0, Max: 325608, Diff: 325608, Sum: 1576600, Workers: 8
[2025-05-20T20:42:30.051+0300][22308][1592 ][debug][gc,phases] GC(2)         LAB Waste                      Min: 0, Avg: 287.0, Max: 640, Diff: 640, Sum: 2296, Workers: 8
[2025-05-20T20:42:30.051+0300][22308][1592 ][debug][gc,phases] GC(2)         LAB Undo Waste                 Min: 0, Avg:  0.0, Max: 0, Diff: 0, Sum: 0, Workers: 8
[2025-05-20T20:42:30.051+0300][22308][1592 ][debug][gc,phases] GC(2)       Clear Logged Cards (ms):       Min:  0.0, Avg:  0.1, Max:  0.2, Diff:  0.2, Sum:  0.2, Workers: 3
[2025-05-20T20:42:30.051+0300][22308][1592 ][debug][gc,phases] GC(2)       Recalculate Used Memory (ms):  Min:  0.0, Avg:  0.0, Max:  0.0, Diff:  0.0, Sum:  0.0, Workers: 1
[2025-05-20T20:42:30.051+0300][22308][1592 ][debug][gc,phases] GC(2)     Post Evacuate Cleanup 2: 0.1ms
[2025-05-20T20:42:30.051+0300][22308][1592 ][debug][gc,phases] GC(2)       Update Derived Pointers (ms):  Min:  0.0, Avg:  0.0, Max:  0.0, Diff:  0.0, Sum:  0.0, Workers: 1
[2025-05-20T20:42:30.051+0300][22308][1592 ][debug][gc,phases] GC(2)       Eagerly Reclaim Humongous Objects (ms): Min:  0.0, Avg:  0.0, Max:  0.0, Diff:  0.0, Sum:  0.0, Workers: 1
[2025-05-20T20:42:30.051+0300][22308][1592 ][debug][gc,phases] GC(2)         Humongous Total                Min: 3, Avg:  3.0, Max: 3, Diff: 0, Sum: 3, Workers: 1
[2025-05-20T20:42:30.051+0300][22308][1592 ][debug][gc,phases] GC(2)         Humongous Candidates           Min: 3, Avg:  3.0, Max: 3, Diff: 0, Sum: 3, Workers: 1
[2025-05-20T20:42:30.051+0300][22308][1592 ][debug][gc,phases] GC(2)         Humongous Reclaimed            Min: 0, Avg:  0.0, Max: 0, Diff: 0, Sum: 0, Workers: 1
[2025-05-20T20:42:30.051+0300][22308][1592 ][debug][gc,phases] GC(2)       Redirty Logged Cards (ms):     Min:  0.0, Avg:  0.0, Max:  0.0, Diff:  0.0, Sum:  0.0, Workers: 8
[2025-05-20T20:42:30.051+0300][22308][1592 ][debug][gc,phases] GC(2)         Redirtied Cards:               Min: 0, Avg: 30.8, Max: 126, Diff: 126, Sum: 246, Workers: 8
[2025-05-20T20:42:30.051+0300][22308][1592 ][debug][gc,phases] GC(2)       Resize TLABs (ms):             Min:  0.0, Avg:  0.0, Max:  0.0, Diff:  0.0, Sum:  0.0, Workers: 8
[2025-05-20T20:42:30.051+0300][22308][1592 ][debug][gc,phases] GC(2)       Free Collection Set (ms):      Min:  0.0, Avg:  0.0, Max:  0.1, Diff:  0.1, Sum:  0.2, Workers: 8
[2025-05-20T20:42:30.051+0300][22308][1592 ][debug][gc,phases] GC(2)     Rebuild Free List: 0.1ms
[2025-05-20T20:42:30.051+0300][22308][1592 ][debug][gc,phases] GC(2)     Prepare For Mutator: 0.0ms
[2025-05-20T20:42:30.051+0300][22308][1592 ][debug][gc,phases] GC(2)     Expand Heap After Collection: 0.0ms
[2025-05-20T20:42:30.051+0300][22308][1592 ][info ][gc,phases] GC(2)   Other: 0.2ms
[2025-05-20T20:42:30.051+0300][22308][1592 ][info ][gc,heap  ] GC(2) Eden regions: 158->0(1227)
[2025-05-20T20:42:30.051+0300][22308][1592 ][info ][gc,heap  ] GC(2) Survivor regions: 1->1(20)
[2025-05-20T20:42:30.051+0300][22308][1592 ][info ][gc,heap  ] GC(2) Old regions: 8->8
[2025-05-20T20:42:30.051+0300][22308][1592 ][info ][gc,heap  ] GC(2) Humongous regions: 6->6
[2025-05-20T20:42:30.051+0300][22308][1592 ][debug][gc,heap  ] GC(2) Heap after GC invocations=3 (full 1):
[2025-05-20T20:42:30.051+0300][22308][1592 ][debug][gc,heap  ] GC(2)  garbage-first heap   total 4194304K, used 16896K [0x0000000700000000, 0x0000000800000000)
[2025-05-20T20:42:30.051+0300][22308][1592 ][debug][gc,heap  ] GC(2)   region size 2048K, 1 young (2048K), 1 survivors (2048K)
[2025-05-20T20:42:30.051+0300][22308][1592 ][debug][gc,heap  ] GC(2)  Metaspace       used 8851K, committed 9408K, reserved 1114112K
[2025-05-20T20:42:30.051+0300][22308][1592 ][debug][gc,heap  ] GC(2)   class space    used 977K, committed 1216K, reserved 1048576K
[2025-05-20T20:42:30.051+0300][22308][1592 ][info ][gc       ] GC(2) Pause Young (Normal) (G1 Evacuation Pause) 332M->16M(4096M) 3.840ms
[2025-05-20T20:42:30.053+0300][22308][1592 ][info ][safepoint] Safepoint "G1CollectForAllocation", Time since last: 557968500 ns, Reaching safepoint: 364600 ns, Cleanup: 82600 ns, At safepoint: 3893600 ns, Total: 4340800 ns
[2025-05-20T20:42:31.063+0300][22308][1592 ][debug][safepoint] Safepoint synchronization initiated using striped semaphore wait barrier. (20 threads)
[2025-05-20T20:42:31.063+0300][22308][19596][debug][safepoint] ... found polling page loop exception at pc = 0x0000017962f97760, stub =0x0000017962995d80
[2025-05-20T20:42:31.063+0300][22308][6208 ][debug][safepoint] ... found polling page loop exception at pc = 0x0000017962f97760, stub =0x0000017962995d80
[2025-05-20T20:42:31.063+0300][22308][1592 ][info ][safepoint] Safepoint "Cleanup", Time since last: 1010098100 ns, Reaching safepoint: 488200 ns, Cleanup: 41700 ns, At safepoint: 20100 ns, Total: 550000 ns
[2025-05-20T20:42:31.480+0300][22308][1592 ][debug][safepoint] Safepoint synchronization initiated using striped semaphore wait barrier. (19 threads)
[2025-05-20T20:42:31.480+0300][22308][16060][debug][safepoint] ... found polling page loop exception at pc = 0x0000017962f99ff7, stub =0x0000017962996600
[2025-05-20T20:42:31.480+0300][22308][17540][debug][safepoint] ... found polling page loop exception at pc = 0x0000017962f97760, stub =0x0000017962995d80
[2025-05-20T20:42:31.480+0300][22308][8488 ][debug][safepoint] ... found polling page loop exception at pc = 0x0000017962f97760, stub =0x0000017962995d80
[2025-05-20T20:42:31.480+0300][22308][1592 ][debug][gc,heap  ] GC(3) Heap before GC invocations=3 (full 1):
[2025-05-20T20:42:31.480+0300][22308][1592 ][debug][gc,heap  ] GC(3)  garbage-first heap   total 4194304K, used 2529792K [0x0000000700000000, 0x0000000800000000)
[2025-05-20T20:42:31.480+0300][22308][1592 ][debug][gc,heap  ] GC(3)   region size 2048K, 1228 young (2514944K), 1 survivors (2048K)
[2025-05-20T20:42:31.480+0300][22308][1592 ][debug][gc,heap  ] GC(3)  Metaspace       used 8964K, committed 9536K, reserved 1114112K
[2025-05-20T20:42:31.480+0300][22308][1592 ][debug][gc,heap  ] GC(3)   class space    used 979K, committed 1216K, reserved 1048576K
[2025-05-20T20:42:31.480+0300][22308][1592 ][info ][gc,phases] GC(3)   Pre Evacuate Collection Set: 0.3ms
[2025-05-20T20:42:31.480+0300][22308][1592 ][debug][gc,phases] GC(3)     Pre Evacuate Prepare: 0.1ms
[2025-05-20T20:42:31.480+0300][22308][1592 ][debug][gc,phases] GC(3)       JT Retire TLABs And Flush Logs (ms): Min:  0.0, Avg:  0.0, Max:  0.0, Diff:  0.0, Sum:  0.0, Workers: 2
[2025-05-20T20:42:31.480+0300][22308][1592 ][debug][gc,phases] GC(3)       Non-JT Flush Logs (ms):        Min:  0.0, Avg:  0.0, Max:  0.0, Diff:  0.0, Sum:  0.0, Workers: 1
[2025-05-20T20:42:31.480+0300][22308][1592 ][debug][gc,phases] GC(3)     Choose Collection Set: 0.0ms
[2025-05-20T20:42:31.480+0300][22308][1592 ][debug][gc,phases] GC(3)     Region Register: 0.2ms
[2025-05-20T20:42:31.480+0300][22308][1592 ][debug][gc,phases] GC(3)     Prepare Heap Roots: 0.0ms
[2025-05-20T20:42:31.480+0300][22308][1592 ][info ][gc,phases] GC(3)   Merge Heap Roots: 0.2ms
[2025-05-20T20:42:31.480+0300][22308][1592 ][debug][gc,phases] GC(3)     Prepare Merge Heap Roots: 0.0ms
[2025-05-20T20:42:31.480+0300][22308][1592 ][debug][gc,phases] GC(3)     Remembered Sets (ms):          Min:  0.1, Avg:  0.1, Max:  0.1, Diff:  0.0, Sum:  1.0, Workers: 8
[2025-05-20T20:42:31.480+0300][22308][1592 ][debug][gc,phases] GC(3)       Eager Reclaim (ms):            Min:  0.0, Avg:  0.0, Max:  0.0, Diff:  0.0, Sum:  0.0, Workers: 1
[2025-05-20T20:42:31.480+0300][22308][1592 ][debug][gc,phases] GC(3)       Merged Inline                  Min: 0, Avg:  0.0, Max: 0, Diff: 0, Sum: 0, Workers: 8
[2025-05-20T20:42:31.480+0300][22308][1592 ][debug][gc,phases] GC(3)       Merged ArrayOfCards            Min: 0, Avg:  0.0, Max: 0, Diff: 0, Sum: 0, Workers: 8
[2025-05-20T20:42:31.480+0300][22308][1592 ][debug][gc,phases] GC(3)       Merged Howl                    Min: 0, Avg:  0.0, Max: 0, Diff: 0, Sum: 0, Workers: 8
[2025-05-20T20:42:31.480+0300][22308][1592 ][debug][gc,phases] GC(3)       Merged Full                    Min: 0, Avg:  0.0, Max: 0, Diff: 0, Sum: 0, Workers: 8
[2025-05-20T20:42:31.480+0300][22308][1592 ][debug][gc,phases] GC(3)       Merged Howl Inline             Min: 0, Avg:  0.0, Max: 0, Diff: 0, Sum: 0, Workers: 8
[2025-05-20T20:42:31.480+0300][22308][1592 ][debug][gc,phases] GC(3)       Merged Howl ArrayOfCards       Min: 0, Avg:  0.0, Max: 0, Diff: 0, Sum: 0, Workers: 8
[2025-05-20T20:42:31.480+0300][22308][1592 ][debug][gc,phases] GC(3)       Merged Howl BitMap             Min: 0, Avg:  0.0, Max: 0, Diff: 0, Sum: 0, Workers: 8
[2025-05-20T20:42:31.480+0300][22308][1592 ][debug][gc,phases] GC(3)       Merged Howl Full               Min: 0, Avg:  0.0, Max: 0, Diff: 0, Sum: 0, Workers: 8
[2025-05-20T20:42:31.480+0300][22308][1592 ][debug][gc,phases] GC(3)       Merged Cards                   Min: 8, Avg:  9.0, Max: 16, Diff: 8, Sum: 72, Workers: 8
[2025-05-20T20:42:31.480+0300][22308][1592 ][debug][gc,phases] GC(3)     Log Buffers (ms):              Min:  0.0, Avg:  0.0, Max:  0.0, Diff:  0.0, Sum:  0.0, Workers: 8
[2025-05-20T20:42:31.480+0300][22308][1592 ][debug][gc,phases] GC(3)       Dirty Cards:                   Min: 0, Avg: 32.4, Max: 129, Diff: 129, Sum: 259, Workers: 8
[2025-05-20T20:42:31.480+0300][22308][1592 ][debug][gc,phases] GC(3)       Skipped Cards:                 Min: 0, Avg:  0.0, Max: 0, Diff: 0, Sum: 0, Workers: 8
[2025-05-20T20:42:31.480+0300][22308][1592 ][info ][gc,phases] GC(3)   Evacuate Collection Set: 1.6ms
[2025-05-20T20:42:31.480+0300][22308][1592 ][debug][gc,phases] GC(3)     Ext Root Scanning (ms):        Min:  0.0, Avg:  0.1, Max:  0.6, Diff:  0.5, Sum:  1.0, Workers: 8
[2025-05-20T20:42:31.480+0300][22308][1592 ][debug][gc,phases] GC(3)     Scan Heap Roots (ms):          Min:  0.0, Avg:  0.1, Max:  0.1, Diff:  0.1, Sum:  0.4, Workers: 8
[2025-05-20T20:42:31.480+0300][22308][1592 ][debug][gc,phases] GC(3)       Scanned Cards:                 Min: 0, Avg: 32.4, Max: 59, Diff: 59, Sum: 259, Workers: 8
[2025-05-20T20:42:31.480+0300][22308][1592 ][debug][gc,phases] GC(3)       Scanned Blocks:                Min: 0, Avg: 19.8, Max: 40, Diff: 40, Sum: 158, Workers: 8
[2025-05-20T20:42:31.480+0300][22308][1592 ][debug][gc,phases] GC(3)       Claimed Chunks:                Min: 0, Avg:  4.4, Max: 7, Diff: 7, Sum: 35, Workers: 8
[2025-05-20T20:42:31.480+0300][22308][1592 ][debug][gc,phases] GC(3)       Found Roots:                   Min: 0, Avg: 151.8, Max: 336, Diff: 336, Sum: 1214, Workers: 8
[2025-05-20T20:42:31.480+0300][22308][1592 ][debug][gc,phases] GC(3)     Code Root Scan (ms):           Min:  0.1, Avg:  0.4, Max:  0.6, Diff:  0.5, Sum:  3.1, Workers: 8
[2025-05-20T20:42:31.480+0300][22308][1592 ][debug][gc,phases] GC(3)       Scanned Nmethods               Min: 0, Avg: 50.4, Max: 108, Diff: 108, Sum: 403, Workers: 8
[2025-05-20T20:42:31.480+0300][22308][1592 ][debug][gc,phases] GC(3)     Object Copy (ms):              Min:  0.3, Avg:  0.5, Max:  0.8, Diff:  0.5, Sum:  4.4, Workers: 8
[2025-05-20T20:42:31.480+0300][22308][1592 ][debug][gc,phases] GC(3)     Termination (ms):              Min:  0.0, Avg:  0.3, Max:  0.3, Diff:  0.3, Sum:  2.1, Workers: 8
[2025-05-20T20:42:31.480+0300][22308][1592 ][debug][gc,phases] GC(3)       Termination Attempts:          Min: 1, Avg:  1.2, Max: 2, Diff: 1, Sum: 10, Workers: 8
[2025-05-20T20:42:31.480+0300][22308][1592 ][debug][gc,phases] GC(3)     GC Worker Other (ms):          Min:  0.1, Avg:  0.1, Max:  0.2, Diff:  0.1, Sum:  1.1, Workers: 8
[2025-05-20T20:42:31.480+0300][22308][1592 ][debug][gc,phases] GC(3)     GC Worker Total (ms):          Min:  1.5, Avg:  1.5, Max:  1.5, Diff:  0.0, Sum: 12.2, Workers: 8
[2025-05-20T20:42:31.480+0300][22308][1592 ][info ][gc,phases] GC(3)   Post Evacuate Collection Set: 1.1ms
[2025-05-20T20:42:31.480+0300][22308][1592 ][debug][gc,phases] GC(3)     NMethod List Cleanup: 0.0ms
[2025-05-20T20:42:31.480+0300][22308][1592 ][debug][gc,phases] GC(3)     Reference Processing: 0.1ms
[2025-05-20T20:42:31.480+0300][22308][1592 ][debug][gc,phases] GC(3)     Weak Processing: 0.1ms
[2025-05-20T20:42:31.480+0300][22308][1592 ][debug][gc,phases] GC(3)       VM Weak                        Min:  0.0, Avg:  0.0, Max:  0.0, Diff:  0.0, Sum:  0.0, Workers: 8
[2025-05-20T20:42:31.480+0300][22308][1592 ][debug][gc,phases] GC(3)         Dead                           Min: 0, Avg:  0.0, Max: 0, Diff: 0, Sum: 0, Workers: 8
[2025-05-20T20:42:31.480+0300][22308][1592 ][debug][gc,phases] GC(3)         Total                          Min: 0, Avg: 46.5, Max: 128, Diff: 128, Sum: 372, Workers: 8
[2025-05-20T20:42:31.480+0300][22308][1592 ][debug][gc,phases] GC(3)       ObjectSynchronizer Weak        Min:  0.0, Avg:  0.0, Max:  0.0, Diff:  0.0, Sum:  0.0, Workers: 8
[2025-05-20T20:42:31.480+0300][22308][1592 ][debug][gc,phases] GC(3)         Dead                           Min: 0, Avg:  0.1, Max: 1, Diff: 1, Sum: 1, Workers: 8
[2025-05-20T20:42:31.480+0300][22308][1592 ][debug][gc,phases] GC(3)         Total                          Min: 0, Avg: 17.2, Max: 64, Diff: 64, Sum: 138, Workers: 8
[2025-05-20T20:42:31.480+0300][22308][1592 ][debug][gc,phases] GC(3)       JVMTI Tag Weak OopStorage      Min:  0.0, Avg:  0.0, Max:  0.0, Diff:  0.0, Sum:  0.0, Workers: 8
[2025-05-20T20:42:31.480+0300][22308][1592 ][debug][gc,phases] GC(3)         Dead                           Min: 0, Avg:  0.0, Max: 0, Diff: 0, Sum: 0, Workers: 8
[2025-05-20T20:42:31.480+0300][22308][1592 ][debug][gc,phases] GC(3)         Total                          Min: 0, Avg:  0.0, Max: 0, Diff: 0, Sum: 0, Workers: 8
[2025-05-20T20:42:31.480+0300][22308][1592 ][debug][gc,phases] GC(3)       StringTable Weak               Min:  0.0, Avg:  0.0, Max:  0.0, Diff:  0.0, Sum:  0.2, Workers: 8
[2025-05-20T20:42:31.480+0300][22308][1592 ][debug][gc,phases] GC(3)         Dead                           Min: 0, Avg:  0.1, Max: 1, Diff: 1, Sum: 1, Workers: 8
[2025-05-20T20:42:31.480+0300][22308][1592 ][debug][gc,phases] GC(3)         Total                          Min: 0, Avg: 775.8, Max: 960, Diff: 960, Sum: 6206, Workers: 8
[2025-05-20T20:42:31.480+0300][22308][1592 ][debug][gc,phases] GC(3)       ResolvedMethodTable Weak       Min:  0.0, Avg:  0.0, Max:  0.0, Diff:  0.0, Sum:  0.0, Workers: 8
[2025-05-20T20:42:31.480+0300][22308][1592 ][debug][gc,phases] GC(3)         Dead                           Min: 0, Avg:  0.0, Max: 0, Diff: 0, Sum: 0, Workers: 8
[2025-05-20T20:42:31.480+0300][22308][1592 ][debug][gc,phases] GC(3)         Total                          Min: 0, Avg: 108.8, Max: 256, Diff: 256, Sum: 870, Workers: 8
[2025-05-20T20:42:31.480+0300][22308][1592 ][debug][gc,phases] GC(3)       JNI Weak                       Min:  0.0, Avg:  0.0, Max:  0.0, Diff:  0.0, Sum:  0.0, Workers: 8
[2025-05-20T20:42:31.480+0300][22308][1592 ][debug][gc,phases] GC(3)         Dead                           Min: 0, Avg:  0.0, Max: 0, Diff: 0, Sum: 0, Workers: 8
[2025-05-20T20:42:31.480+0300][22308][1592 ][debug][gc,phases] GC(3)         Total                          Min: 0, Avg:  0.0, Max: 0, Diff: 0, Sum: 0, Workers: 8
[2025-05-20T20:42:31.480+0300][22308][1592 ][debug][gc,phases] GC(3)       StringDedup Table Weak         Min:  0.0, Avg:  0.0, Max:  0.0, Diff:  0.0, Sum:  0.0, Workers: 8
[2025-05-20T20:42:31.480+0300][22308][1592 ][debug][gc,phases] GC(3)         Dead                           Min: 0, Avg:  0.0, Max: 0, Diff: 0, Sum: 0, Workers: 8
[2025-05-20T20:42:31.480+0300][22308][1592 ][debug][gc,phases] GC(3)         Total                          Min: 0, Avg:  0.0, Max: 0, Diff: 0, Sum: 0, Workers: 8
[2025-05-20T20:42:31.480+0300][22308][1592 ][debug][gc,phases] GC(3)       StringDedup Requests0 Weak     Min:  0.0, Avg:  0.0, Max:  0.0, Diff:  0.0, Sum:  0.0, Workers: 8
[2025-05-20T20:42:31.480+0300][22308][1592 ][debug][gc,phases] GC(3)         Dead                           Min: 0, Avg:  0.0, Max: 0, Diff: 0, Sum: 0, Workers: 8
[2025-05-20T20:42:31.480+0300][22308][1592 ][debug][gc,phases] GC(3)         Total                          Min: 0, Avg:  0.0, Max: 0, Diff: 0, Sum: 0, Workers: 8
[2025-05-20T20:42:31.480+0300][22308][1592 ][debug][gc,phases] GC(3)       StringDedup Requests1 Weak     Min:  0.0, Avg:  0.0, Max:  0.0, Diff:  0.0, Sum:  0.0, Workers: 8
[2025-05-20T20:42:31.480+0300][22308][1592 ][debug][gc,phases] GC(3)         Dead                           Min: 0, Avg:  0.0, Max: 0, Diff: 0, Sum: 0, Workers: 8
[2025-05-20T20:42:31.480+0300][22308][1592 ][debug][gc,phases] GC(3)         Total                          Min: 0, Avg:  0.0, Max: 0, Diff: 0, Sum: 0, Workers: 8
[2025-05-20T20:42:31.480+0300][22308][1592 ][debug][gc,phases] GC(3)       Weak JFR Old Object Samples    Min:  0.0, Avg:  0.0, Max:  0.0, Diff:  0.0, Sum:  0.0, Workers: 8
[2025-05-20T20:42:31.480+0300][22308][1592 ][debug][gc,phases] GC(3)         Dead                           Min: 0, Avg:  0.0, Max: 0, Diff: 0, Sum: 0, Workers: 8
[2025-05-20T20:42:31.480+0300][22308][1592 ][debug][gc,phases] GC(3)         Total                          Min: 0, Avg:  0.0, Max: 0, Diff: 0, Sum: 0, Workers: 8
[2025-05-20T20:42:31.480+0300][22308][1592 ][debug][gc,phases] GC(3)     Post Evacuate Cleanup 1: 0.4ms
[2025-05-20T20:42:31.480+0300][22308][1592 ][debug][gc,phases] GC(3)       Merge Per-Thread State (ms):   Min:  0.1, Avg:  0.1, Max:  0.1, Diff:  0.0, Sum:  0.1, Workers: 1
[2025-05-20T20:42:31.480+0300][22308][1592 ][debug][gc,phases] GC(3)         Copied Bytes                   Min: 67840, Avg: 199689.0, Max: 284104, Diff: 216264, Sum: 1597512, Workers: 8
[2025-05-20T20:42:31.480+0300][22308][1592 ][debug][gc,phases] GC(3)         LAB Waste                      Min: 48, Avg: 438.0, Max: 1528, Diff: 1480, Sum: 3504, Workers: 8
[2025-05-20T20:42:31.480+0300][22308][1592 ][debug][gc,phases] GC(3)         LAB Undo Waste                 Min: 0, Avg: 771.0, Max: 6168, Diff: 6168, Sum: 6168, Workers: 8
[2025-05-20T20:42:31.480+0300][22308][1592 ][debug][gc,phases] GC(3)       Clear Logged Cards (ms):       Min:  0.0, Avg:  0.2, Max:  0.3, Diff:  0.3, Sum:  1.1, Workers: 7
[2025-05-20T20:42:31.480+0300][22308][1592 ][debug][gc,phases] GC(3)       Recalculate Used Memory (ms):  Min:  0.0, Avg:  0.0, Max:  0.0, Diff:  0.0, Sum:  0.0, Workers: 1
[2025-05-20T20:42:31.480+0300][22308][1592 ][debug][gc,phases] GC(3)     Post Evacuate Cleanup 2: 0.4ms
[2025-05-20T20:42:31.480+0300][22308][1592 ][debug][gc,phases] GC(3)       Update Derived Pointers (ms):  Min:  0.0, Avg:  0.0, Max:  0.0, Diff:  0.0, Sum:  0.0, Workers: 1
[2025-05-20T20:42:31.480+0300][22308][1592 ][debug][gc,phases] GC(3)       Eagerly Reclaim Humongous Objects (ms): Min:  0.0, Avg:  0.0, Max:  0.0, Diff:  0.0, Sum:  0.0, Workers: 1
[2025-05-20T20:42:31.480+0300][22308][1592 ][debug][gc,phases] GC(3)         Humongous Total                Min: 3, Avg:  3.0, Max: 3, Diff: 0, Sum: 3, Workers: 1
[2025-05-20T20:42:31.480+0300][22308][1592 ][debug][gc,phases] GC(3)         Humongous Candidates           Min: 3, Avg:  3.0, Max: 3, Diff: 0, Sum: 3, Workers: 1
[2025-05-20T20:42:31.480+0300][22308][1592 ][debug][gc,phases] GC(3)         Humongous Reclaimed            Min: 0, Avg:  0.0, Max: 0, Diff: 0, Sum: 0, Workers: 1
[2025-05-20T20:42:31.480+0300][22308][1592 ][debug][gc,phases] GC(3)       Redirty Logged Cards (ms):     Min:  0.0, Avg:  0.0, Max:  0.0, Diff:  0.0, Sum:  0.0, Workers: 8
[2025-05-20T20:42:31.480+0300][22308][1592 ][debug][gc,phases] GC(3)         Redirtied Cards:               Min: 0, Avg: 29.9, Max: 239, Diff: 239, Sum: 239, Workers: 8
[2025-05-20T20:42:31.480+0300][22308][1592 ][debug][gc,phases] GC(3)       Resize TLABs (ms):             Min:  0.0, Avg:  0.0, Max:  0.0, Diff:  0.0, Sum:  0.0, Workers: 8
[2025-05-20T20:42:31.480+0300][22308][1592 ][debug][gc,phases] GC(3)       Free Collection Set (ms):      Min:  0.3, Avg:  0.3, Max:  0.3, Diff:  0.1, Sum:  2.3, Workers: 8
[2025-05-20T20:42:31.480+0300][22308][1592 ][debug][gc,phases] GC(3)     Rebuild Free List: 0.1ms
[2025-05-20T20:42:31.480+0300][22308][1592 ][debug][gc,phases] GC(3)     Prepare For Mutator: 0.0ms
[2025-05-20T20:42:31.480+0300][22308][1592 ][debug][gc,phases] GC(3)     Expand Heap After Collection: 0.0ms
[2025-05-20T20:42:31.480+0300][22308][1592 ][info ][gc,phases] GC(3)   Other: 0.4ms
[2025-05-20T20:42:31.480+0300][22308][1592 ][info ][gc,heap  ] GC(3) Eden regions: 1227->0(1227)
[2025-05-20T20:42:31.480+0300][22308][1592 ][info ][gc,heap  ] GC(3) Survivor regions: 1->1(154)
[2025-05-20T20:42:31.480+0300][22308][1592 ][info ][gc,heap  ] GC(3) Old regions: 8->8
[2025-05-20T20:42:31.480+0300][22308][1592 ][info ][gc,heap  ] GC(3) Humongous regions: 6->6
[2025-05-20T20:42:31.480+0300][22308][1592 ][debug][gc,heap  ] GC(3) Heap after GC invocations=4 (full 1):
[2025-05-20T20:42:31.480+0300][22308][1592 ][debug][gc,heap  ] GC(3)  garbage-first heap   total 4194304K, used 16926K [0x0000000700000000, 0x0000000800000000)
[2025-05-20T20:42:31.480+0300][22308][1592 ][debug][gc,heap  ] GC(3)   region size 2048K, 1 young (2048K), 1 survivors (2048K)
[2025-05-20T20:42:31.480+0300][22308][1592 ][debug][gc,heap  ] GC(3)  Metaspace       used 8964K, committed 9536K, reserved 1114112K
[2025-05-20T20:42:31.480+0300][22308][1592 ][debug][gc,heap  ] GC(3)   class space    used 979K, committed 1216K, reserved 1048576K
[2025-05-20T20:42:31.480+0300][22308][1592 ][info ][gc       ] GC(3) Pause Young (Normal) (G1 Evacuation Pause) 2470M->16M(4096M) 5.385ms
[2025-05-20T20:42:31.480+0300][22308][1592 ][info ][safepoint] Safepoint "G1CollectForAllocation", Time since last: 416876900 ns, Reaching safepoint: 310300 ns, Cleanup: 23700 ns, At safepoint: 5444500 ns, Total: 5778500 ns
[2025-05-20T20:42:32.490+0300][22308][1592 ][debug][safepoint] Safepoint synchronization initiated using striped semaphore wait barrier. (19 threads)
[2025-05-20T20:42:32.490+0300][22308][19596][debug][safepoint] ... found polling page loop exception at pc = 0x0000017963025355, stub =0x0000017962996600
[2025-05-20T20:42:32.490+0300][22308][16060][debug][safepoint] ... found polling page loop exception at pc = 0x0000017962fc9c87, stub =0x0000017962996600
[2025-05-20T20:42:32.490+0300][22308][6208 ][debug][safepoint] ... found polling page loop exception at pc = 0x0000017962fda0e6, stub =0x0000017962995d80
[2025-05-20T20:42:32.490+0300][22308][8488 ][debug][safepoint] ... found polling page loop exception at pc = 0x0000017962f99ff7, stub =0x0000017962996600
[2025-05-20T20:42:32.490+0300][22308][4660 ][debug][safepoint] ... found polling page loop exception at pc = 0x0000017962f97760, stub =0x0000017962995d80
[2025-05-20T20:42:32.490+0300][22308][3028 ][debug][safepoint] ... found polling page loop exception at pc = 0x0000017963076437, stub =0x0000017962996600
[2025-05-20T20:42:32.490+0300][22308][17540][debug][safepoint] ... found polling page loop exception at pc = 0x0000017962fa2ba2, stub =0x0000017962996600
[2025-05-20T20:42:32.490+0300][22308][1592 ][info ][safepoint] Safepoint "Cleanup", Time since last: 1003473800 ns, Reaching safepoint: 557600 ns, Cleanup: 39400 ns, At safepoint: 24500 ns, Total: 621500 ns
[2025-05-20T20:42:32.496+0300][22308][1592 ][debug][safepoint] Safepoint synchronization initiated using striped semaphore wait barrier. (19 threads)
[2025-05-20T20:42:32.496+0300][22308][17540][debug][safepoint] ... found polling page loop exception at pc = 0x0000017962f97760, stub =0x0000017962995d80
[2025-05-20T20:42:32.496+0300][22308][6208 ][debug][safepoint] ... found polling page loop exception at pc = 0x0000017962f97760, stub =0x0000017962995d80
[2025-05-20T20:42:32.496+0300][22308][19596][debug][safepoint] ... found polling page loop exception at pc = 0x0000017962fd575a, stub =0x0000017962996600
[2025-05-20T20:42:32.496+0300][22308][3028 ][debug][safepoint] ... found polling page loop exception at pc = 0x0000017962f97760, stub =0x0000017962995d80
[2025-05-20T20:42:32.496+0300][22308][8488 ][debug][safepoint] ... found polling page loop exception at pc = 0x0000017963022ecc, stub =0x0000017962995d80
[2025-05-20T20:42:32.496+0300][22308][4660 ][debug][safepoint] ... found polling page loop exception at pc = 0x0000017962f97760, stub =0x0000017962995d80
[2025-05-20T20:42:32.496+0300][22308][1592 ][debug][gc,heap  ] GC(4) Heap before GC invocations=4 (full 1):
[2025-05-20T20:42:32.496+0300][22308][1592 ][debug][gc,heap  ] GC(4)  garbage-first heap   total 4194304K, used 2529822K [0x0000000700000000, 0x0000000800000000)
[2025-05-20T20:42:32.496+0300][22308][1592 ][debug][gc,heap  ] GC(4)   region size 2048K, 1228 young (2514944K), 1 survivors (2048K)
[2025-05-20T20:42:32.496+0300][22308][1592 ][debug][gc,heap  ] GC(4)  Metaspace       used 8983K, committed 9536K, reserved 1114112K
[2025-05-20T20:42:32.496+0300][22308][1592 ][debug][gc,heap  ] GC(4)   class space    used 979K, committed 1216K, reserved 1048576K
[2025-05-20T20:42:32.496+0300][22308][1592 ][info ][gc,phases] GC(4)   Pre Evacuate Collection Set: 0.5ms
[2025-05-20T20:42:32.496+0300][22308][1592 ][debug][gc,phases] GC(4)     Pre Evacuate Prepare: 0.1ms
[2025-05-20T20:42:32.496+0300][22308][1592 ][debug][gc,phases] GC(4)       JT Retire TLABs And Flush Logs (ms): Min:  0.0, Avg:  0.0, Max:  0.0, Diff:  0.0, Sum:  0.0, Workers: 2
[2025-05-20T20:42:32.496+0300][22308][1592 ][debug][gc,phases] GC(4)       Non-JT Flush Logs (ms):        Min:  0.0, Avg:  0.0, Max:  0.0, Diff:  0.0, Sum:  0.0, Workers: 1
[2025-05-20T20:42:32.496+0300][22308][1592 ][debug][gc,phases] GC(4)     Choose Collection Set: 0.0ms
[2025-05-20T20:42:32.496+0300][22308][1592 ][debug][gc,phases] GC(4)     Region Register: 0.4ms
[2025-05-20T20:42:32.496+0300][22308][1592 ][debug][gc,phases] GC(4)     Prepare Heap Roots: 0.0ms
[2025-05-20T20:42:32.496+0300][22308][1592 ][info ][gc,phases] GC(4)   Merge Heap Roots: 0.2ms
[2025-05-20T20:42:32.496+0300][22308][1592 ][debug][gc,phases] GC(4)     Prepare Merge Heap Roots: 0.0ms
[2025-05-20T20:42:32.496+0300][22308][1592 ][debug][gc,phases] GC(4)     Remembered Sets (ms):          Min:  0.1, Avg:  0.1, Max:  0.1, Diff:  0.0, Sum:  1.0, Workers: 8
[2025-05-20T20:42:32.496+0300][22308][1592 ][debug][gc,phases] GC(4)       Eager Reclaim (ms):            Min:  0.0, Avg:  0.0, Max:  0.0, Diff:  0.0, Sum:  0.0, Workers: 1
[2025-05-20T20:42:32.496+0300][22308][1592 ][debug][gc,phases] GC(4)       Merged Inline                  Min: 0, Avg:  0.0, Max: 0, Diff: 0, Sum: 0, Workers: 8
[2025-05-20T20:42:32.496+0300][22308][1592 ][debug][gc,phases] GC(4)       Merged ArrayOfCards            Min: 0, Avg:  0.0, Max: 0, Diff: 0, Sum: 0, Workers: 8
[2025-05-20T20:42:32.496+0300][22308][1592 ][debug][gc,phases] GC(4)       Merged Howl                    Min: 0, Avg:  0.0, Max: 0, Diff: 0, Sum: 0, Workers: 8
[2025-05-20T20:42:32.496+0300][22308][1592 ][debug][gc,phases] GC(4)       Merged Full                    Min: 0, Avg:  0.0, Max: 0, Diff: 0, Sum: 0, Workers: 8
[2025-05-20T20:42:32.496+0300][22308][1592 ][debug][gc,phases] GC(4)       Merged Howl Inline             Min: 0, Avg:  0.0, Max: 0, Diff: 0, Sum: 0, Workers: 8
[2025-05-20T20:42:32.496+0300][22308][1592 ][debug][gc,phases] GC(4)       Merged Howl ArrayOfCards       Min: 0, Avg:  0.0, Max: 0, Diff: 0, Sum: 0, Workers: 8
[2025-05-20T20:42:32.496+0300][22308][1592 ][debug][gc,phases] GC(4)       Merged Howl BitMap             Min: 0, Avg:  0.0, Max: 0, Diff: 0, Sum: 0, Workers: 8
[2025-05-20T20:42:32.496+0300][22308][1592 ][debug][gc,phases] GC(4)       Merged Howl Full               Min: 0, Avg:  0.0, Max: 0, Diff: 0, Sum: 0, Workers: 8
[2025-05-20T20:42:32.496+0300][22308][1592 ][debug][gc,phases] GC(4)       Merged Cards                   Min: 8, Avg:  9.0, Max: 16, Diff: 8, Sum: 72, Workers: 8
[2025-05-20T20:42:32.496+0300][22308][1592 ][debug][gc,phases] GC(4)     Log Buffers (ms):              Min:  0.0, Avg:  0.0, Max:  0.0, Diff:  0.0, Sum:  0.0, Workers: 8
[2025-05-20T20:42:32.496+0300][22308][1592 ][debug][gc,phases] GC(4)       Dirty Cards:                   Min: 0, Avg: 30.9, Max: 80, Diff: 80, Sum: 247, Workers: 8
[2025-05-20T20:42:32.496+0300][22308][1592 ][debug][gc,phases] GC(4)       Skipped Cards:                 Min: 0, Avg:  0.0, Max: 0, Diff: 0, Sum: 0, Workers: 8
[2025-05-20T20:42:32.496+0300][22308][1592 ][info ][gc,phases] GC(4)   Evacuate Collection Set: 1.7ms
[2025-05-20T20:42:32.496+0300][22308][1592 ][debug][gc,phases] GC(4)     Ext Root Scanning (ms):        Min:  0.0, Avg:  0.2, Max:  0.6, Diff:  0.6, Sum:  1.3, Workers: 8
[2025-05-20T20:42:32.496+0300][22308][1592 ][debug][gc,phases] GC(4)     Scan Heap Roots (ms):          Min:  0.0, Avg:  0.1, Max:  0.2, Diff:  0.2, Sum:  0.5, Workers: 8
[2025-05-20T20:42:32.496+0300][22308][1592 ][debug][gc,phases] GC(4)       Scanned Cards:                 Min: 0, Avg: 30.9, Max: 78, Diff: 78, Sum: 247, Workers: 8
[2025-05-20T20:42:32.496+0300][22308][1592 ][debug][gc,phases] GC(4)       Scanned Blocks:                Min: 0, Avg: 18.9, Max: 54, Diff: 54, Sum: 151, Workers: 8
[2025-05-20T20:42:32.496+0300][22308][1592 ][debug][gc,phases] GC(4)       Claimed Chunks:                Min: 0, Avg:  4.4, Max: 10, Diff: 10, Sum: 35, Workers: 8
[2025-05-20T20:42:32.496+0300][22308][1592 ][debug][gc,phases] GC(4)       Found Roots:                   Min: 0, Avg: 153.0, Max: 404, Diff: 404, Sum: 1224, Workers: 8
[2025-05-20T20:42:32.496+0300][22308][1592 ][debug][gc,phases] GC(4)     Code Root Scan (ms):           Min:  0.1, Avg:  0.5, Max:  0.9, Diff:  0.8, Sum:  4.1, Workers: 8
[2025-05-20T20:42:32.496+0300][22308][1592 ][debug][gc,phases] GC(4)       Scanned Nmethods               Min: 0, Avg: 52.4, Max: 95, Diff: 95, Sum: 419, Workers: 8
[2025-05-20T20:42:32.496+0300][22308][1592 ][debug][gc,phases] GC(4)     Object Copy (ms):              Min:  0.3, Avg:  0.5, Max:  0.9, Diff:  0.6, Sum:  4.0, Workers: 8
[2025-05-20T20:42:32.496+0300][22308][1592 ][debug][gc,phases] GC(4)     Termination (ms):              Min:  0.0, Avg:  0.2, Max:  0.2, Diff:  0.2, Sum:  1.3, Workers: 8
[2025-05-20T20:42:32.496+0300][22308][1592 ][debug][gc,phases] GC(4)       Termination Attempts:          Min: 1, Avg:  1.0, Max: 1, Diff: 0, Sum: 8, Workers: 8
[2025-05-20T20:42:32.496+0300][22308][1592 ][debug][gc,phases] GC(4)     GC Worker Other (ms):          Min:  0.2, Avg:  0.3, Max:  0.9, Diff:  0.7, Sum:  2.4, Workers: 8
[2025-05-20T20:42:32.496+0300][22308][1592 ][debug][gc,phases] GC(4)     GC Worker Total (ms):          Min:  1.7, Avg:  1.7, Max:  1.7, Diff:  0.0, Sum: 13.5, Workers: 8
[2025-05-20T20:42:32.496+0300][22308][1592 ][info ][gc,phases] GC(4)   Post Evacuate Collection Set: 1.1ms
[2025-05-20T20:42:32.496+0300][22308][1592 ][debug][gc,phases] GC(4)     NMethod List Cleanup: 0.0ms
[2025-05-20T20:42:32.496+0300][22308][1592 ][debug][gc,phases] GC(4)     Reference Processing: 0.1ms
[2025-05-20T20:42:32.496+0300][22308][1592 ][debug][gc,phases] GC(4)     Weak Processing: 0.1ms
[2025-05-20T20:42:32.496+0300][22308][1592 ][debug][gc,phases] GC(4)       VM Weak                        Min:  0.0, Avg:  0.0, Max:  0.0, Diff:  0.0, Sum:  0.0, Workers: 8
[2025-05-20T20:42:32.496+0300][22308][1592 ][debug][gc,phases] GC(4)         Dead                           Min: 0, Avg:  0.0, Max: 0, Diff: 0, Sum: 0, Workers: 8
[2025-05-20T20:42:32.496+0300][22308][1592 ][debug][gc,phases] GC(4)         Total                          Min: 0, Avg: 46.5, Max: 128, Diff: 128, Sum: 372, Workers: 8
[2025-05-20T20:42:32.496+0300][22308][1592 ][debug][gc,phases] GC(4)       ObjectSynchronizer Weak        Min:  0.0, Avg:  0.0, Max:  0.0, Diff:  0.0, Sum:  0.0, Workers: 8
[2025-05-20T20:42:32.496+0300][22308][1592 ][debug][gc,phases] GC(4)         Dead                           Min: 0, Avg:  0.0, Max: 0, Diff: 0, Sum: 0, Workers: 8
[2025-05-20T20:42:32.496+0300][22308][1592 ][debug][gc,phases] GC(4)         Total                          Min: 0, Avg: 17.2, Max: 64, Diff: 64, Sum: 138, Workers: 8
[2025-05-20T20:42:32.496+0300][22308][1592 ][debug][gc,phases] GC(4)       JVMTI Tag Weak OopStorage      Min:  0.0, Avg:  0.0, Max:  0.0, Diff:  0.0, Sum:  0.0, Workers: 8
[2025-05-20T20:42:32.496+0300][22308][1592 ][debug][gc,phases] GC(4)         Dead                           Min: 0, Avg:  0.0, Max: 0, Diff: 0, Sum: 0, Workers: 8
[2025-05-20T20:42:32.496+0300][22308][1592 ][debug][gc,phases] GC(4)         Total                          Min: 0, Avg:  0.0, Max: 0, Diff: 0, Sum: 0, Workers: 8
[2025-05-20T20:42:32.496+0300][22308][1592 ][debug][gc,phases] GC(4)       StringTable Weak               Min:  0.0, Avg:  0.0, Max:  0.0, Diff:  0.0, Sum:  0.2, Workers: 8
[2025-05-20T20:42:32.496+0300][22308][1592 ][debug][gc,phases] GC(4)         Dead                           Min: 0, Avg:  0.0, Max: 0, Diff: 0, Sum: 0, Workers: 8
[2025-05-20T20:42:32.496+0300][22308][1592 ][debug][gc,phases] GC(4)         Total                          Min: 0, Avg: 776.5, Max: 1156, Diff: 1156, Sum: 6212, Workers: 8
[2025-05-20T20:42:32.496+0300][22308][1592 ][debug][gc,phases] GC(4)       ResolvedMethodTable Weak       Min:  0.0, Avg:  0.0, Max:  0.0, Diff:  0.0, Sum:  0.0, Workers: 8
[2025-05-20T20:42:32.496+0300][22308][1592 ][debug][gc,phases] GC(4)         Dead                           Min: 0, Avg:  0.0, Max: 0, Diff: 0, Sum: 0, Workers: 8
[2025-05-20T20:42:32.496+0300][22308][1592 ][debug][gc,phases] GC(4)         Total                          Min: 0, Avg: 108.8, Max: 256, Diff: 256, Sum: 870, Workers: 8
[2025-05-20T20:42:32.496+0300][22308][1592 ][debug][gc,phases] GC(4)       JNI Weak                       Min:  0.0, Avg:  0.0, Max:  0.0, Diff:  0.0, Sum:  0.0, Workers: 8
[2025-05-20T20:42:32.496+0300][22308][1592 ][debug][gc,phases] GC(4)         Dead                           Min: 0, Avg:  0.0, Max: 0, Diff: 0, Sum: 0, Workers: 8
[2025-05-20T20:42:32.496+0300][22308][1592 ][debug][gc,phases] GC(4)         Total                          Min: 0, Avg:  0.1, Max: 1, Diff: 1, Sum: 1, Workers: 8
[2025-05-20T20:42:32.496+0300][22308][1592 ][debug][gc,phases] GC(4)       StringDedup Table Weak         Min:  0.0, Avg:  0.0, Max:  0.0, Diff:  0.0, Sum:  0.0, Workers: 8
[2025-05-20T20:42:32.496+0300][22308][1592 ][debug][gc,phases] GC(4)         Dead                           Min: 0, Avg:  0.0, Max: 0, Diff: 0, Sum: 0, Workers: 8
[2025-05-20T20:42:32.496+0300][22308][1592 ][debug][gc,phases] GC(4)         Total                          Min: 0, Avg:  0.0, Max: 0, Diff: 0, Sum: 0, Workers: 8
[2025-05-20T20:42:32.496+0300][22308][1592 ][debug][gc,phases] GC(4)       StringDedup Requests0 Weak     Min:  0.0, Avg:  0.0, Max:  0.0, Diff:  0.0, Sum:  0.0, Workers: 8
[2025-05-20T20:42:32.496+0300][22308][1592 ][debug][gc,phases] GC(4)         Dead                           Min: 0, Avg:  0.0, Max: 0, Diff: 0, Sum: 0, Workers: 8
[2025-05-20T20:42:32.496+0300][22308][1592 ][debug][gc,phases] GC(4)         Total                          Min: 0, Avg:  0.0, Max: 0, Diff: 0, Sum: 0, Workers: 8
[2025-05-20T20:42:32.496+0300][22308][1592 ][debug][gc,phases] GC(4)       StringDedup Requests1 Weak     Min:  0.0, Avg:  0.0, Max:  0.0, Diff:  0.0, Sum:  0.0, Workers: 8
[2025-05-20T20:42:32.496+0300][22308][1592 ][debug][gc,phases] GC(4)         Dead                           Min: 0, Avg:  0.0, Max: 0, Diff: 0, Sum: 0, Workers: 8
[2025-05-20T20:42:32.496+0300][22308][1592 ][debug][gc,phases] GC(4)         Total                          Min: 0, Avg:  0.0, Max: 0, Diff: 0, Sum: 0, Workers: 8
[2025-05-20T20:42:32.496+0300][22308][1592 ][debug][gc,phases] GC(4)       Weak JFR Old Object Samples    Min:  0.0, Avg:  0.0, Max:  0.0, Diff:  0.0, Sum:  0.0, Workers: 8
[2025-05-20T20:42:32.496+0300][22308][1592 ][debug][gc,phases] GC(4)         Dead                           Min: 0, Avg:  0.0, Max: 0, Diff: 0, Sum: 0, Workers: 8
[2025-05-20T20:42:32.496+0300][22308][1592 ][debug][gc,phases] GC(4)         Total                          Min: 0, Avg:  0.0, Max: 0, Diff: 0, Sum: 0, Workers: 8
[2025-05-20T20:42:32.496+0300][22308][1592 ][debug][gc,phases] GC(4)     Post Evacuate Cleanup 1: 0.4ms
[2025-05-20T20:42:32.496+0300][22308][1592 ][debug][gc,phases] GC(4)       Merge Per-Thread State (ms):   Min:  0.1, Avg:  0.1, Max:  0.1, Diff:  0.0, Sum:  0.1, Workers: 1
[2025-05-20T20:42:32.496+0300][22308][1592 ][debug][gc,phases] GC(4)         Copied Bytes                   Min: 61216, Avg: 196477.0, Max: 323488, Diff: 262272, Sum: 1571816, Workers: 8
[2025-05-20T20:42:32.496+0300][22308][1592 ][debug][gc,phases] GC(4)         LAB Waste                      Min: 24, Avg: 462.0, Max: 1600, Diff: 1576, Sum: 3696, Workers: 8
[2025-05-20T20:42:32.496+0300][22308][1592 ][debug][gc,phases] GC(4)         LAB Undo Waste                 Min: 0, Avg:  0.0, Max: 0, Diff: 0, Sum: 0, Workers: 8
[2025-05-20T20:42:32.496+0300][22308][1592 ][debug][gc,phases] GC(4)       Clear Logged Cards (ms):       Min:  0.0, Avg:  0.2, Max:  0.4, Diff:  0.4, Sum:  1.4, Workers: 7
[2025-05-20T20:42:32.496+0300][22308][1592 ][debug][gc,phases] GC(4)       Recalculate Used Memory (ms):  Min:  0.0, Avg:  0.0, Max:  0.0, Diff:  0.0, Sum:  0.0, Workers: 1
[2025-05-20T20:42:32.496+0300][22308][1592 ][debug][gc,phases] GC(4)     Post Evacuate Cleanup 2: 0.4ms
[2025-05-20T20:42:32.496+0300][22308][1592 ][debug][gc,phases] GC(4)       Update Derived Pointers (ms):  Min:  0.0, Avg:  0.0, Max:  0.0, Diff:  0.0, Sum:  0.0, Workers: 1
[2025-05-20T20:42:32.496+0300][22308][1592 ][debug][gc,phases] GC(4)       Eagerly Reclaim Humongous Objects (ms): Min:  0.0, Avg:  0.0, Max:  0.0, Diff:  0.0, Sum:  0.0, Workers: 1
[2025-05-20T20:42:32.496+0300][22308][1592 ][debug][gc,phases] GC(4)         Humongous Total                Min: 3, Avg:  3.0, Max: 3, Diff: 0, Sum: 3, Workers: 1
[2025-05-20T20:42:32.496+0300][22308][1592 ][debug][gc,phases] GC(4)         Humongous Candidates           Min: 3, Avg:  3.0, Max: 3, Diff: 0, Sum: 3, Workers: 1
[2025-05-20T20:42:32.496+0300][22308][1592 ][debug][gc,phases] GC(4)         Humongous Reclaimed            Min: 0, Avg:  0.0, Max: 0, Diff: 0, Sum: 0, Workers: 1
[2025-05-20T20:42:32.496+0300][22308][1592 ][debug][gc,phases] GC(4)       Redirty Logged Cards (ms):     Min:  0.0, Avg:  0.0, Max:  0.0, Diff:  0.0, Sum:  0.0, Workers: 8
[2025-05-20T20:42:32.496+0300][22308][1592 ][debug][gc,phases] GC(4)         Redirtied Cards:               Min: 0, Avg: 30.5, Max: 137, Diff: 137, Sum: 244, Workers: 8
[2025-05-20T20:42:32.496+0300][22308][1592 ][debug][gc,phases] GC(4)       Resize TLABs (ms):             Min:  0.0, Avg:  0.0, Max:  0.0, Diff:  0.0, Sum:  0.0, Workers: 8
[2025-05-20T20:42:32.496+0300][22308][1592 ][debug][gc,phases] GC(4)       Free Collection Set (ms):      Min:  0.3, Avg:  0.3, Max:  0.3, Diff:  0.1, Sum:  2.5, Workers: 8
[2025-05-20T20:42:32.496+0300][22308][1592 ][debug][gc,phases] GC(4)     Rebuild Free List: 0.1ms
[2025-05-20T20:42:32.496+0300][22308][1592 ][debug][gc,phases] GC(4)     Prepare For Mutator: 0.0ms
[2025-05-20T20:42:32.496+0300][22308][1592 ][debug][gc,phases] GC(4)     Expand Heap After Collection: 0.0ms
[2025-05-20T20:42:32.496+0300][22308][1592 ][info ][gc,phases] GC(4)   Other: 0.1ms
[2025-05-20T20:42:32.496+0300][22308][1592 ][info ][gc,heap  ] GC(4) Eden regions: 1227->0(1227)
[2025-05-20T20:42:32.496+0300][22308][1592 ][info ][gc,heap  ] GC(4) Survivor regions: 1->1(154)
[2025-05-20T20:42:32.496+0300][22308][1592 ][info ][gc,heap  ] GC(4) Old regions: 8->8
[2025-05-20T20:42:32.496+0300][22308][1592 ][info ][gc,heap  ] GC(4) Humongous regions: 6->6
[2025-05-20T20:42:32.496+0300][22308][1592 ][debug][gc,heap  ] GC(4) Heap after GC invocations=5 (full 1):
[2025-05-20T20:42:32.496+0300][22308][1592 ][debug][gc,heap  ] GC(4)  garbage-first heap   total 4194304K, used 16852K [0x0000000700000000, 0x0000000800000000)
[2025-05-20T20:42:32.496+0300][22308][1592 ][debug][gc,heap  ] GC(4)   region size 2048K, 1 young (2048K), 1 survivors (2048K)
[2025-05-20T20:42:32.496+0300][22308][1592 ][debug][gc,heap  ] GC(4)  Metaspace       used 8983K, committed 9536K, reserved 1114112K
[2025-05-20T20:42:32.496+0300][22308][1592 ][debug][gc,heap  ] GC(4)   class space    used 979K, committed 1216K, reserved 1048576K
[2025-05-20T20:42:32.496+0300][22308][1592 ][info ][gc       ] GC(4) Pause Young (Normal) (G1 Evacuation Pause) 2470M->16M(4096M) 5.587ms
[2025-05-20T20:42:32.496+0300][22308][1592 ][info ][safepoint] Safepoint "G1CollectForAllocation", Time since last: 5493800 ns, Reaching safepoint: 416400 ns, Cleanup: 6300 ns, At safepoint: 5653200 ns, Total: 6075900 ns
[2025-05-20T20:42:33.336+0300][22308][1592 ][debug][safepoint] Safepoint synchronization initiated using striped semaphore wait barrier. (19 threads)
[2025-05-20T20:42:33.336+0300][22308][6208 ][debug][safepoint] ... found polling page loop exception at pc = 0x0000017962fb5e33, stub =0x0000017962996600
[2025-05-20T20:42:33.336+0300][22308][3028 ][debug][safepoint] ... found polling page loop exception at pc = 0x0000017962f97760, stub =0x0000017962995d80
[2025-05-20T20:42:33.336+0300][22308][4660 ][debug][safepoint] ... found polling page loop exception at pc = 0x0000017962f97760, stub =0x0000017962995d80
[2025-05-20T20:42:33.336+0300][22308][17540][debug][safepoint] ... found polling page loop exception at pc = 0x0000017962f97760, stub =0x0000017962995d80
[2025-05-20T20:42:33.336+0300][22308][1592 ][debug][gc,heap  ] GC(5) Heap before GC invocations=5 (full 1):
[2025-05-20T20:42:33.336+0300][22308][1592 ][debug][gc,heap  ] GC(5)  garbage-first heap   total 4194304K, used 2529748K [0x0000000700000000, 0x0000000800000000)
[2025-05-20T20:42:33.336+0300][22308][1592 ][debug][gc,heap  ] GC(5)   region size 2048K, 1228 young (2514944K), 1 survivors (2048K)
[2025-05-20T20:42:33.336+0300][22308][1592 ][debug][gc,heap  ] GC(5)  Metaspace       used 8992K, committed 9536K, reserved 1114112K
[2025-05-20T20:42:33.336+0300][22308][1592 ][debug][gc,heap  ] GC(5)   class space    used 979K, committed 1216K, reserved 1048576K
[2025-05-20T20:42:33.340+0300][22308][1592 ][info ][gc,phases] GC(5)   Pre Evacuate Collection Set: 0.3ms
[2025-05-20T20:42:33.340+0300][22308][1592 ][debug][gc,phases] GC(5)     Pre Evacuate Prepare: 0.0ms
[2025-05-20T20:42:33.340+0300][22308][1592 ][debug][gc,phases] GC(5)       JT Retire TLABs And Flush Logs (ms): Min:  0.0, Avg:  0.0, Max:  0.0, Diff:  0.0, Sum:  0.0, Workers: 2
[2025-05-20T20:42:33.340+0300][22308][1592 ][debug][gc,phases] GC(5)       Non-JT Flush Logs (ms):        Min:  0.0, Avg:  0.0, Max:  0.0, Diff:  0.0, Sum:  0.0, Workers: 1
[2025-05-20T20:42:33.340+0300][22308][1592 ][debug][gc,phases] GC(5)     Choose Collection Set: 0.0ms
[2025-05-20T20:42:33.340+0300][22308][1592 ][debug][gc,phases] GC(5)     Region Register: 0.3ms
[2025-05-20T20:42:33.340+0300][22308][1592 ][debug][gc,phases] GC(5)     Prepare Heap Roots: 0.0ms
[2025-05-20T20:42:33.340+0300][22308][1592 ][info ][gc,phases] GC(5)   Merge Heap Roots: 0.2ms
[2025-05-20T20:42:33.340+0300][22308][1592 ][debug][gc,phases] GC(5)     Prepare Merge Heap Roots: 0.0ms
[2025-05-20T20:42:33.340+0300][22308][1592 ][debug][gc,phases] GC(5)     Remembered Sets (ms):          Min:  0.1, Avg:  0.1, Max:  0.1, Diff:  0.0, Sum:  1.0, Workers: 8
[2025-05-20T20:42:33.340+0300][22308][1592 ][debug][gc,phases] GC(5)       Eager Reclaim (ms):            Min:  0.0, Avg:  0.0, Max:  0.0, Diff:  0.0, Sum:  0.0, Workers: 1
[2025-05-20T20:42:33.340+0300][22308][1592 ][debug][gc,phases] GC(5)       Merged Inline                  Min: 0, Avg:  0.0, Max: 0, Diff: 0, Sum: 0, Workers: 8
[2025-05-20T20:42:33.340+0300][22308][1592 ][debug][gc,phases] GC(5)       Merged ArrayOfCards            Min: 0, Avg:  0.0, Max: 0, Diff: 0, Sum: 0, Workers: 8
[2025-05-20T20:42:33.340+0300][22308][1592 ][debug][gc,phases] GC(5)       Merged Howl                    Min: 0, Avg:  0.0, Max: 0, Diff: 0, Sum: 0, Workers: 8
[2025-05-20T20:42:33.340+0300][22308][1592 ][debug][gc,phases] GC(5)       Merged Full                    Min: 0, Avg:  0.0, Max: 0, Diff: 0, Sum: 0, Workers: 8
[2025-05-20T20:42:33.340+0300][22308][1592 ][debug][gc,phases] GC(5)       Merged Howl Inline             Min: 0, Avg:  0.0, Max: 0, Diff: 0, Sum: 0, Workers: 8
[2025-05-20T20:42:33.340+0300][22308][1592 ][debug][gc,phases] GC(5)       Merged Howl ArrayOfCards       Min: 0, Avg:  0.0, Max: 0, Diff: 0, Sum: 0, Workers: 8
[2025-05-20T20:42:33.340+0300][22308][1592 ][debug][gc,phases] GC(5)       Merged Howl BitMap             Min: 0, Avg:  0.0, Max: 0, Diff: 0, Sum: 0, Workers: 8
[2025-05-20T20:42:33.340+0300][22308][1592 ][debug][gc,phases] GC(5)       Merged Howl Full               Min: 0, Avg:  0.0, Max: 0, Diff: 0, Sum: 0, Workers: 8
[2025-05-20T20:42:33.340+0300][22308][1592 ][debug][gc,phases] GC(5)       Merged Cards                   Min: 8, Avg:  9.0, Max: 16, Diff: 8, Sum: 72, Workers: 8
[2025-05-20T20:42:33.340+0300][22308][1592 ][debug][gc,phases] GC(5)     Log Buffers (ms):              Min:  0.0, Avg:  0.0, Max:  0.0, Diff:  0.0, Sum:  0.0, Workers: 8
[2025-05-20T20:42:33.340+0300][22308][1592 ][debug][gc,phases] GC(5)       Dirty Cards:                   Min: 0, Avg: 31.1, Max: 79, Diff: 79, Sum: 249, Workers: 8
[2025-05-20T20:42:33.340+0300][22308][1592 ][debug][gc,phases] GC(5)       Skipped Cards:                 Min: 0, Avg:  0.0, Max: 0, Diff: 0, Sum: 0, Workers: 8
[2025-05-20T20:42:33.340+0300][22308][1592 ][info ][gc,phases] GC(5)   Evacuate Collection Set: 1.3ms
[2025-05-20T20:42:33.340+0300][22308][1592 ][debug][gc,phases] GC(5)     Ext Root Scanning (ms):        Min:  0.0, Avg:  0.1, Max:  0.5, Diff:  0.4, Sum:  0.9, Workers: 8
[2025-05-20T20:42:33.340+0300][22308][1592 ][debug][gc,phases] GC(5)     Scan Heap Roots (ms):          Min:  0.0, Avg:  0.0, Max:  0.1, Diff:  0.1, Sum:  0.4, Workers: 8
[2025-05-20T20:42:33.340+0300][22308][1592 ][debug][gc,phases] GC(5)       Scanned Cards:                 Min: 0, Avg: 30.8, Max: 59, Diff: 59, Sum: 246, Workers: 8
[2025-05-20T20:42:33.340+0300][22308][1592 ][debug][gc,phases] GC(5)       Scanned Blocks:                Min: 0, Avg: 18.9, Max: 37, Diff: 37, Sum: 151, Workers: 8
[2025-05-20T20:42:33.340+0300][22308][1592 ][debug][gc,phases] GC(5)       Claimed Chunks:                Min: 0, Avg:  4.4, Max: 9, Diff: 9, Sum: 35, Workers: 8
[2025-05-20T20:42:33.340+0300][22308][1592 ][debug][gc,phases] GC(5)       Found Roots:                   Min: 0, Avg: 154.9, Max: 366, Diff: 366, Sum: 1239, Workers: 8
[2025-05-20T20:42:33.340+0300][22308][1592 ][debug][gc,phases] GC(5)     Code Root Scan (ms):           Min:  0.1, Avg:  0.4, Max:  0.5, Diff:  0.4, Sum:  2.9, Workers: 8
[2025-05-20T20:42:33.340+0300][22308][1592 ][debug][gc,phases] GC(5)       Scanned Nmethods               Min: 0, Avg: 53.2, Max: 97, Diff: 97, Sum: 426, Workers: 8
[2025-05-20T20:42:33.340+0300][22308][1592 ][debug][gc,phases] GC(5)     Object Copy (ms):              Min:  0.2, Avg:  0.4, Max:  0.7, Diff:  0.5, Sum:  3.0, Workers: 8
[2025-05-20T20:42:33.340+0300][22308][1592 ][debug][gc,phases] GC(5)     Termination (ms):              Min:  0.0, Avg:  0.2, Max:  0.2, Diff:  0.2, Sum:  1.7, Workers: 8
[2025-05-20T20:42:33.340+0300][22308][1592 ][debug][gc,phases] GC(5)       Termination Attempts:          Min: 1, Avg:  1.1, Max: 2, Diff: 1, Sum: 9, Workers: 8
[2025-05-20T20:42:33.340+0300][22308][1592 ][debug][gc,phases] GC(5)     GC Worker Other (ms):          Min:  0.1, Avg:  0.1, Max:  0.2, Diff:  0.1, Sum:  1.1, Workers: 8
[2025-05-20T20:42:33.340+0300][22308][1592 ][debug][gc,phases] GC(5)     GC Worker Total (ms):          Min:  1.2, Avg:  1.2, Max:  1.3, Diff:  0.0, Sum: 10.0, Workers: 8
[2025-05-20T20:42:33.340+0300][22308][1592 ][info ][gc,phases] GC(5)   Post Evacuate Collection Set: 1.1ms
[2025-05-20T20:42:33.340+0300][22308][1592 ][debug][gc,phases] GC(5)     NMethod List Cleanup: 0.0ms
[2025-05-20T20:42:33.340+0300][22308][1592 ][debug][gc,phases] GC(5)     Reference Processing: 0.1ms
[2025-05-20T20:42:33.340+0300][22308][1592 ][debug][gc,phases] GC(5)     Weak Processing: 0.1ms
[2025-05-20T20:42:33.340+0300][22308][1592 ][debug][gc,phases] GC(5)       VM Weak                        Min:  0.0, Avg:  0.0, Max:  0.0, Diff:  0.0, Sum:  0.0, Workers: 8
[2025-05-20T20:42:33.340+0300][22308][1592 ][debug][gc,phases] GC(5)         Dead                           Min: 0, Avg:  0.0, Max: 0, Diff: 0, Sum: 0, Workers: 8
[2025-05-20T20:42:33.340+0300][22308][1592 ][debug][gc,phases] GC(5)         Total                          Min: 0, Avg: 46.5, Max: 128, Diff: 128, Sum: 372, Workers: 8
[2025-05-20T20:42:33.340+0300][22308][1592 ][debug][gc,phases] GC(5)       ObjectSynchronizer Weak        Min:  0.0, Avg:  0.0, Max:  0.0, Diff:  0.0, Sum:  0.0, Workers: 8
[2025-05-20T20:42:33.340+0300][22308][1592 ][debug][gc,phases] GC(5)         Dead                           Min: 0, Avg:  0.0, Max: 0, Diff: 0, Sum: 0, Workers: 8
[2025-05-20T20:42:33.340+0300][22308][1592 ][debug][gc,phases] GC(5)         Total                          Min: 0, Avg: 17.2, Max: 64, Diff: 64, Sum: 138, Workers: 8
[2025-05-20T20:42:33.340+0300][22308][1592 ][debug][gc,phases] GC(5)       JVMTI Tag Weak OopStorage      Min:  0.0, Avg:  0.0, Max:  0.0, Diff:  0.0, Sum:  0.0, Workers: 8
[2025-05-20T20:42:33.340+0300][22308][1592 ][debug][gc,phases] GC(5)         Dead                           Min: 0, Avg:  0.0, Max: 0, Diff: 0, Sum: 0, Workers: 8
[2025-05-20T20:42:33.340+0300][22308][1592 ][debug][gc,phases] GC(5)         Total                          Min: 0, Avg:  0.0, Max: 0, Diff: 0, Sum: 0, Workers: 8
[2025-05-20T20:42:33.340+0300][22308][1592 ][debug][gc,phases] GC(5)       StringTable Weak               Min:  0.0, Avg:  0.0, Max:  0.0, Diff:  0.0, Sum:  0.2, Workers: 8
[2025-05-20T20:42:33.340+0300][22308][1592 ][debug][gc,phases] GC(5)         Dead                           Min: 0, Avg:  0.0, Max: 0, Diff: 0, Sum: 0, Workers: 8
[2025-05-20T20:42:33.340+0300][22308][1592 ][debug][gc,phases] GC(5)         Total                          Min: 0, Avg: 778.1, Max: 960, Diff: 960, Sum: 6225, Workers: 8
[2025-05-20T20:42:33.340+0300][22308][1592 ][debug][gc,phases] GC(5)       ResolvedMethodTable Weak       Min:  0.0, Avg:  0.0, Max:  0.0, Diff:  0.0, Sum:  0.0, Workers: 8
[2025-05-20T20:42:33.340+0300][22308][1592 ][debug][gc,phases] GC(5)         Dead                           Min: 0, Avg:  0.0, Max: 0, Diff: 0, Sum: 0, Workers: 8
[2025-05-20T20:42:33.340+0300][22308][1592 ][debug][gc,phases] GC(5)         Total                          Min: 0, Avg: 108.8, Max: 192, Diff: 192, Sum: 870, Workers: 8
[2025-05-20T20:42:33.340+0300][22308][1592 ][debug][gc,phases] GC(5)       JNI Weak                       Min:  0.0, Avg:  0.0, Max:  0.0, Diff:  0.0, Sum:  0.0, Workers: 8
[2025-05-20T20:42:33.340+0300][22308][1592 ][debug][gc,phases] GC(5)         Dead                           Min: 0, Avg:  0.0, Max: 0, Diff: 0, Sum: 0, Workers: 8
[2025-05-20T20:42:33.340+0300][22308][1592 ][debug][gc,phases] GC(5)         Total                          Min: 0, Avg:  0.0, Max: 0, Diff: 0, Sum: 0, Workers: 8
[2025-05-20T20:42:33.340+0300][22308][1592 ][debug][gc,phases] GC(5)       StringDedup Table Weak         Min:  0.0, Avg:  0.0, Max:  0.0, Diff:  0.0, Sum:  0.0, Workers: 8
[2025-05-20T20:42:33.340+0300][22308][1592 ][debug][gc,phases] GC(5)         Dead                           Min: 0, Avg:  0.0, Max: 0, Diff: 0, Sum: 0, Workers: 8
[2025-05-20T20:42:33.340+0300][22308][1592 ][debug][gc,phases] GC(5)         Total                          Min: 0, Avg:  0.0, Max: 0, Diff: 0, Sum: 0, Workers: 8
[2025-05-20T20:42:33.340+0300][22308][1592 ][debug][gc,phases] GC(5)       StringDedup Requests0 Weak     Min:  0.0, Avg:  0.0, Max:  0.0, Diff:  0.0, Sum:  0.0, Workers: 8
[2025-05-20T20:42:33.340+0300][22308][1592 ][debug][gc,phases] GC(5)         Dead                           Min: 0, Avg:  0.0, Max: 0, Diff: 0, Sum: 0, Workers: 8
[2025-05-20T20:42:33.340+0300][22308][1592 ][debug][gc,phases] GC(5)         Total                          Min: 0, Avg:  0.0, Max: 0, Diff: 0, Sum: 0, Workers: 8
[2025-05-20T20:42:33.340+0300][22308][1592 ][debug][gc,phases] GC(5)       StringDedup Requests1 Weak     Min:  0.0, Avg:  0.0, Max:  0.0, Diff:  0.0, Sum:  0.0, Workers: 8
[2025-05-20T20:42:33.340+0300][22308][1592 ][debug][gc,phases] GC(5)         Dead                           Min: 0, Avg:  0.0, Max: 0, Diff: 0, Sum: 0, Workers: 8
[2025-05-20T20:42:33.340+0300][22308][1592 ][debug][gc,phases] GC(5)         Total                          Min: 0, Avg:  0.0, Max: 0, Diff: 0, Sum: 0, Workers: 8
[2025-05-20T20:42:33.340+0300][22308][1592 ][debug][gc,phases] GC(5)       Weak JFR Old Object Samples    Min:  0.0, Avg:  0.0, Max:  0.0, Diff:  0.0, Sum:  0.0, Workers: 8
[2025-05-20T20:42:33.340+0300][22308][1592 ][debug][gc,phases] GC(5)         Dead                           Min: 0, Avg:  0.0, Max: 0, Diff: 0, Sum: 0, Workers: 8
[2025-05-20T20:42:33.340+0300][22308][1592 ][debug][gc,phases] GC(5)         Total                          Min: 0, Avg:  0.0, Max: 0, Diff: 0, Sum: 0, Workers: 8
[2025-05-20T20:42:33.340+0300][22308][1592 ][debug][gc,phases] GC(5)     Post Evacuate Cleanup 1: 0.4ms
[2025-05-20T20:42:33.340+0300][22308][1592 ][debug][gc,phases] GC(5)       Merge Per-Thread State (ms):   Min:  0.1, Avg:  0.1, Max:  0.1, Diff:  0.0, Sum:  0.1, Workers: 1
[2025-05-20T20:42:33.340+0300][22308][1592 ][debug][gc,phases] GC(5)         Copied Bytes                   Min: 116520, Avg: 196645.0, Max: 291056, Diff: 174536, Sum: 1573160, Workers: 8
[2025-05-20T20:42:33.340+0300][22308][1592 ][debug][gc,phases] GC(5)         LAB Waste                      Min: 32, Avg: 352.0, Max: 832, Diff: 800, Sum: 2816, Workers: 8
[2025-05-20T20:42:33.340+0300][22308][1592 ][debug][gc,phases] GC(5)         LAB Undo Waste                 Min: 0, Avg:  0.0, Max: 0, Diff: 0, Sum: 0, Workers: 8
[2025-05-20T20:42:33.340+0300][22308][1592 ][debug][gc,phases] GC(5)       Clear Logged Cards (ms):       Min:  0.0, Avg:  0.2, Max:  0.4, Diff:  0.4, Sum:  1.5, Workers: 7
[2025-05-20T20:42:33.340+0300][22308][1592 ][debug][gc,phases] GC(5)       Recalculate Used Memory (ms):  Min:  0.0, Avg:  0.0, Max:  0.0, Diff:  0.0, Sum:  0.0, Workers: 1
[2025-05-20T20:42:33.340+0300][22308][1592 ][debug][gc,phases] GC(5)     Post Evacuate Cleanup 2: 0.4ms
[2025-05-20T20:42:33.340+0300][22308][1592 ][debug][gc,phases] GC(5)       Update Derived Pointers (ms):  Min:  0.0, Avg:  0.0, Max:  0.0, Diff:  0.0, Sum:  0.0, Workers: 1
[2025-05-20T20:42:33.340+0300][22308][1592 ][debug][gc,phases] GC(5)       Eagerly Reclaim Humongous Objects (ms): Min:  0.0, Avg:  0.0, Max:  0.0, Diff:  0.0, Sum:  0.0, Workers: 1
[2025-05-20T20:42:33.340+0300][22308][1592 ][debug][gc,phases] GC(5)         Humongous Total                Min: 3, Avg:  3.0, Max: 3, Diff: 0, Sum: 3, Workers: 1
[2025-05-20T20:42:33.340+0300][22308][1592 ][debug][gc,phases] GC(5)         Humongous Candidates           Min: 3, Avg:  3.0, Max: 3, Diff: 0, Sum: 3, Workers: 1
[2025-05-20T20:42:33.340+0300][22308][1592 ][debug][gc,phases] GC(5)         Humongous Reclaimed            Min: 0, Avg:  0.0, Max: 0, Diff: 0, Sum: 0, Workers: 1
[2025-05-20T20:42:33.340+0300][22308][1592 ][debug][gc,phases] GC(5)       Redirty Logged Cards (ms):     Min:  0.0, Avg:  0.0, Max:  0.0, Diff:  0.0, Sum:  0.0, Workers: 8
[2025-05-20T20:42:33.340+0300][22308][1592 ][debug][gc,phases] GC(5)         Redirtied Cards:               Min: 0, Avg: 30.5, Max: 143, Diff: 143, Sum: 244, Workers: 8
[2025-05-20T20:42:33.340+0300][22308][1592 ][debug][gc,phases] GC(5)       Resize TLABs (ms):             Min:  0.0, Avg:  0.0, Max:  0.0, Diff:  0.0, Sum:  0.0, Workers: 8
[2025-05-20T20:42:33.340+0300][22308][1592 ][debug][gc,phases] GC(5)       Free Collection Set (ms):      Min:  0.0, Avg:  0.3, Max:  0.3, Diff:  0.3, Sum:  2.0, Workers: 8
[2025-05-20T20:42:33.340+0300][22308][1592 ][debug][gc,phases] GC(5)     Rebuild Free List: 0.1ms
[2025-05-20T20:42:33.340+0300][22308][1592 ][debug][gc,phases] GC(5)     Prepare For Mutator: 0.0ms
[2025-05-20T20:42:33.340+0300][22308][1592 ][debug][gc,phases] GC(5)     Expand Heap After Collection: 0.0ms
[2025-05-20T20:42:33.340+0300][22308][1592 ][info ][gc,phases] GC(5)   Other: 0.1ms
[2025-05-20T20:42:33.340+0300][22308][1592 ][info ][gc,heap  ] GC(5) Eden regions: 1227->0(1227)
[2025-05-20T20:42:33.340+0300][22308][1592 ][info ][gc,heap  ] GC(5) Survivor regions: 1->1(154)
[2025-05-20T20:42:33.340+0300][22308][1592 ][info ][gc,heap  ] GC(5) Old regions: 8->8
[2025-05-20T20:42:33.340+0300][22308][1592 ][info ][gc,heap  ] GC(5) Humongous regions: 6->6
[2025-05-20T20:42:33.340+0300][22308][1592 ][debug][gc,heap  ] GC(5) Heap after GC invocations=6 (full 1):
[2025-05-20T20:42:33.340+0300][22308][1592 ][debug][gc,heap  ] GC(5)  garbage-first heap   total 4194304K, used 16861K [0x0000000700000000, 0x0000000800000000)
[2025-05-20T20:42:33.340+0300][22308][1592 ][debug][gc,heap  ] GC(5)   region size 2048K, 1 young (2048K), 1 survivors (2048K)
[2025-05-20T20:42:33.340+0300][22308][1592 ][debug][gc,heap  ] GC(5)  Metaspace       used 8992K, committed 9536K, reserved 1114112K
[2025-05-20T20:42:33.340+0300][22308][1592 ][debug][gc,heap  ] GC(5)   class space    used 979K, committed 1216K, reserved 1048576K
[2025-05-20T20:42:33.340+0300][22308][1592 ][info ][gc       ] GC(5) Pause Young (Normal) (G1 Evacuation Pause) 2470M->16M(4096M) 4.775ms
[2025-05-20T20:42:33.340+0300][22308][1592 ][info ][safepoint] Safepoint "G1CollectForAllocation", Time since last: 834789300 ns, Reaching safepoint: 342300 ns, Cleanup: 32000 ns, At safepoint: 4837600 ns, Total: 5211900 ns
[2025-05-20T20:42:34.146+0300][22308][1592 ][debug][safepoint] Safepoint synchronization initiated using striped semaphore wait barrier. (19 threads)
[2025-05-20T20:42:34.146+0300][22308][16060][debug][safepoint] ... found polling page loop exception at pc = 0x0000017962f97760, stub =0x0000017962995d80
[2025-05-20T20:42:34.146+0300][22308][8488 ][debug][safepoint] ... found polling page loop exception at pc = 0x0000017962f97760, stub =0x0000017962995d80
[2025-05-20T20:42:34.146+0300][22308][3028 ][debug][safepoint] ... found polling page loop exception at pc = 0x0000017962fa2ba2, stub =0x0000017962996600
[2025-05-20T20:42:34.146+0300][22308][19596][debug][safepoint] ... found polling page loop exception at pc = 0x0000017962f97760, stub =0x0000017962995d80
[2025-05-20T20:42:34.146+0300][22308][4660 ][debug][safepoint] ... found polling page loop exception at pc = 0x0000017962f97760, stub =0x0000017962995d80
[2025-05-20T20:42:34.146+0300][22308][17540][debug][safepoint] ... found polling page loop exception at pc = 0x0000017962fb8bc8, stub =0x0000017962996600
[2025-05-20T20:42:34.146+0300][22308][1592 ][debug][gc,heap  ] GC(6) Heap before GC invocations=6 (full 1):
[2025-05-20T20:42:34.146+0300][22308][1592 ][debug][gc,heap  ] GC(6)  garbage-first heap   total 4194304K, used 2529757K [0x0000000700000000, 0x0000000800000000)
[2025-05-20T20:42:34.146+0300][22308][1592 ][debug][gc,heap  ] GC(6)   region size 2048K, 1228 young (2514944K), 1 survivors (2048K)
[2025-05-20T20:42:34.146+0300][22308][1592 ][debug][gc,heap  ] GC(6)  Metaspace       used 8994K, committed 9536K, reserved 1114112K
[2025-05-20T20:42:34.146+0300][22308][1592 ][debug][gc,heap  ] GC(6)   class space    used 979K, committed 1216K, reserved 1048576K
[2025-05-20T20:42:34.146+0300][22308][1592 ][info ][gc,phases] GC(6)   Pre Evacuate Collection Set: 0.3ms
[2025-05-20T20:42:34.146+0300][22308][1592 ][debug][gc,phases] GC(6)     Pre Evacuate Prepare: 0.0ms
[2025-05-20T20:42:34.146+0300][22308][1592 ][debug][gc,phases] GC(6)       JT Retire TLABs And Flush Logs (ms): Min:  0.0, Avg:  0.0, Max:  0.0, Diff:  0.0, Sum:  0.0, Workers: 2
[2025-05-20T20:42:34.146+0300][22308][1592 ][debug][gc,phases] GC(6)       Non-JT Flush Logs (ms):        Min:  0.0, Avg:  0.0, Max:  0.0, Diff:  0.0, Sum:  0.0, Workers: 1
[2025-05-20T20:42:34.146+0300][22308][1592 ][debug][gc,phases] GC(6)     Choose Collection Set: 0.0ms
[2025-05-20T20:42:34.146+0300][22308][1592 ][debug][gc,phases] GC(6)     Region Register: 0.2ms
[2025-05-20T20:42:34.146+0300][22308][1592 ][debug][gc,phases] GC(6)     Prepare Heap Roots: 0.0ms
[2025-05-20T20:42:34.146+0300][22308][1592 ][info ][gc,phases] GC(6)   Merge Heap Roots: 0.2ms
[2025-05-20T20:42:34.146+0300][22308][1592 ][debug][gc,phases] GC(6)     Prepare Merge Heap Roots: 0.0ms
[2025-05-20T20:42:34.146+0300][22308][1592 ][debug][gc,phases] GC(6)     Remembered Sets (ms):          Min:  0.1, Avg:  0.1, Max:  0.1, Diff:  0.0, Sum:  1.0, Workers: 8
[2025-05-20T20:42:34.146+0300][22308][1592 ][debug][gc,phases] GC(6)       Eager Reclaim (ms):            Min:  0.0, Avg:  0.0, Max:  0.0, Diff:  0.0, Sum:  0.0, Workers: 1
[2025-05-20T20:42:34.146+0300][22308][1592 ][debug][gc,phases] GC(6)       Merged Inline                  Min: 0, Avg:  0.0, Max: 0, Diff: 0, Sum: 0, Workers: 8
[2025-05-20T20:42:34.146+0300][22308][1592 ][debug][gc,phases] GC(6)       Merged ArrayOfCards            Min: 0, Avg:  0.0, Max: 0, Diff: 0, Sum: 0, Workers: 8
[2025-05-20T20:42:34.146+0300][22308][1592 ][debug][gc,phases] GC(6)       Merged Howl                    Min: 0, Avg:  0.0, Max: 0, Diff: 0, Sum: 0, Workers: 8
[2025-05-20T20:42:34.146+0300][22308][1592 ][debug][gc,phases] GC(6)       Merged Full                    Min: 0, Avg:  0.0, Max: 0, Diff: 0, Sum: 0, Workers: 8
[2025-05-20T20:42:34.146+0300][22308][1592 ][debug][gc,phases] GC(6)       Merged Howl Inline             Min: 0, Avg:  0.0, Max: 0, Diff: 0, Sum: 0, Workers: 8
[2025-05-20T20:42:34.146+0300][22308][1592 ][debug][gc,phases] GC(6)       Merged Howl ArrayOfCards       Min: 0, Avg:  0.0, Max: 0, Diff: 0, Sum: 0, Workers: 8
[2025-05-20T20:42:34.146+0300][22308][1592 ][debug][gc,phases] GC(6)       Merged Howl BitMap             Min: 0, Avg:  0.0, Max: 0, Diff: 0, Sum: 0, Workers: 8
[2025-05-20T20:42:34.146+0300][22308][1592 ][debug][gc,phases] GC(6)       Merged Howl Full               Min: 0, Avg:  0.0, Max: 0, Diff: 0, Sum: 0, Workers: 8
[2025-05-20T20:42:34.146+0300][22308][1592 ][debug][gc,phases] GC(6)       Merged Cards                   Min: 8, Avg:  9.0, Max: 16, Diff: 8, Sum: 72, Workers: 8
[2025-05-20T20:42:34.146+0300][22308][1592 ][debug][gc,phases] GC(6)     Log Buffers (ms):              Min:  0.0, Avg:  0.0, Max:  0.0, Diff:  0.0, Sum:  0.0, Workers: 8
[2025-05-20T20:42:34.146+0300][22308][1592 ][debug][gc,phases] GC(6)       Dirty Cards:                   Min: 0, Avg: 31.0, Max: 160, Diff: 160, Sum: 248, Workers: 8
[2025-05-20T20:42:34.146+0300][22308][1592 ][debug][gc,phases] GC(6)       Skipped Cards:                 Min: 0, Avg:  0.0, Max: 0, Diff: 0, Sum: 0, Workers: 8
[2025-05-20T20:42:34.146+0300][22308][1592 ][info ][gc,phases] GC(6)   Evacuate Collection Set: 1.2ms
[2025-05-20T20:42:34.146+0300][22308][1592 ][debug][gc,phases] GC(6)     Ext Root Scanning (ms):        Min:  0.0, Avg:  0.1, Max:  0.5, Diff:  0.4, Sum:  0.9, Workers: 8
[2025-05-20T20:42:34.146+0300][22308][1592 ][debug][gc,phases] GC(6)     Scan Heap Roots (ms):          Min:  0.0, Avg:  0.1, Max:  0.1, Diff:  0.1, Sum:  0.4, Workers: 8
[2025-05-20T20:42:34.146+0300][22308][1592 ][debug][gc,phases] GC(6)       Scanned Cards:                 Min: 0, Avg: 30.8, Max: 60, Diff: 60, Sum: 246, Workers: 8
[2025-05-20T20:42:34.146+0300][22308][1592 ][debug][gc,phases] GC(6)       Scanned Blocks:                Min: 0, Avg: 18.9, Max: 37, Diff: 37, Sum: 151, Workers: 8
[2025-05-20T20:42:34.146+0300][22308][1592 ][debug][gc,phases] GC(6)       Claimed Chunks:                Min: 0, Avg:  4.4, Max: 8, Diff: 8, Sum: 35, Workers: 8
[2025-05-20T20:42:34.146+0300][22308][1592 ][debug][gc,phases] GC(6)       Found Roots:                   Min: 0, Avg: 154.9, Max: 546, Diff: 546, Sum: 1239, Workers: 8
[2025-05-20T20:42:34.146+0300][22308][1592 ][debug][gc,phases] GC(6)     Code Root Scan (ms):           Min:  0.1, Avg:  0.4, Max:  0.5, Diff:  0.4, Sum:  2.8, Workers: 8
[2025-05-20T20:42:34.146+0300][22308][1592 ][debug][gc,phases] GC(6)       Scanned Nmethods               Min: 0, Avg: 53.5, Max: 88, Diff: 88, Sum: 428, Workers: 8
[2025-05-20T20:42:34.146+0300][22308][1592 ][debug][gc,phases] GC(6)     Object Copy (ms):              Min:  0.3, Avg:  0.4, Max:  0.6, Diff:  0.4, Sum:  2.9, Workers: 8
[2025-05-20T20:42:34.146+0300][22308][1592 ][debug][gc,phases] GC(6)     Termination (ms):              Min:  0.0, Avg:  0.2, Max:  0.2, Diff:  0.2, Sum:  1.5, Workers: 8
[2025-05-20T20:42:34.146+0300][22308][1592 ][debug][gc,phases] GC(6)       Termination Attempts:          Min: 1, Avg:  1.0, Max: 1, Diff: 0, Sum: 8, Workers: 8
[2025-05-20T20:42:34.146+0300][22308][1592 ][debug][gc,phases] GC(6)     GC Worker Other (ms):          Min:  0.1, Avg:  0.1, Max:  0.1, Diff:  0.0, Sum:  1.0, Workers: 8
[2025-05-20T20:42:34.146+0300][22308][1592 ][debug][gc,phases] GC(6)     GC Worker Total (ms):          Min:  1.2, Avg:  1.2, Max:  1.2, Diff:  0.0, Sum:  9.5, Workers: 8
[2025-05-20T20:42:34.146+0300][22308][1592 ][info ][gc,phases] GC(6)   Post Evacuate Collection Set: 1.0ms
[2025-05-20T20:42:34.146+0300][22308][1592 ][debug][gc,phases] GC(6)     NMethod List Cleanup: 0.1ms
[2025-05-20T20:42:34.146+0300][22308][1592 ][debug][gc,phases] GC(6)     Reference Processing: 0.1ms
[2025-05-20T20:42:34.146+0300][22308][1592 ][debug][gc,phases] GC(6)     Weak Processing: 0.1ms
[2025-05-20T20:42:34.146+0300][22308][1592 ][debug][gc,phases] GC(6)       VM Weak                        Min:  0.0, Avg:  0.0, Max:  0.0, Diff:  0.0, Sum:  0.0, Workers: 8
[2025-05-20T20:42:34.146+0300][22308][1592 ][debug][gc,phases] GC(6)         Dead                           Min: 0, Avg:  0.0, Max: 0, Diff: 0, Sum: 0, Workers: 8
[2025-05-20T20:42:34.146+0300][22308][1592 ][debug][gc,phases] GC(6)         Total                          Min: 0, Avg: 46.5, Max: 128, Diff: 128, Sum: 372, Workers: 8
[2025-05-20T20:42:34.146+0300][22308][1592 ][debug][gc,phases] GC(6)       ObjectSynchronizer Weak        Min:  0.0, Avg:  0.0, Max:  0.0, Diff:  0.0, Sum:  0.0, Workers: 8
[2025-05-20T20:42:34.146+0300][22308][1592 ][debug][gc,phases] GC(6)         Dead                           Min: 0, Avg:  0.0, Max: 0, Diff: 0, Sum: 0, Workers: 8
[2025-05-20T20:42:34.146+0300][22308][1592 ][debug][gc,phases] GC(6)         Total                          Min: 0, Avg: 17.2, Max: 64, Diff: 64, Sum: 138, Workers: 8
[2025-05-20T20:42:34.146+0300][22308][1592 ][debug][gc,phases] GC(6)       JVMTI Tag Weak OopStorage      Min:  0.0, Avg:  0.0, Max:  0.0, Diff:  0.0, Sum:  0.0, Workers: 8
[2025-05-20T20:42:34.146+0300][22308][1592 ][debug][gc,phases] GC(6)         Dead                           Min: 0, Avg:  0.0, Max: 0, Diff: 0, Sum: 0, Workers: 8
[2025-05-20T20:42:34.146+0300][22308][1592 ][debug][gc,phases] GC(6)         Total                          Min: 0, Avg:  0.0, Max: 0, Diff: 0, Sum: 0, Workers: 8
[2025-05-20T20:42:34.146+0300][22308][1592 ][debug][gc,phases] GC(6)       StringTable Weak               Min:  0.0, Avg:  0.0, Max:  0.0, Diff:  0.0, Sum:  0.2, Workers: 8
[2025-05-20T20:42:34.146+0300][22308][1592 ][debug][gc,phases] GC(6)         Dead                           Min: 0, Avg:  0.0, Max: 0, Diff: 0, Sum: 0, Workers: 8
[2025-05-20T20:42:34.146+0300][22308][1592 ][debug][gc,phases] GC(6)         Total                          Min: 640, Avg: 778.1, Max: 896, Diff: 256, Sum: 6225, Workers: 8
[2025-05-20T20:42:34.146+0300][22308][1592 ][debug][gc,phases] GC(6)       ResolvedMethodTable Weak       Min:  0.0, Avg:  0.0, Max:  0.0, Diff:  0.0, Sum:  0.0, Workers: 8
[2025-05-20T20:42:34.146+0300][22308][1592 ][debug][gc,phases] GC(6)         Dead                           Min: 0, Avg:  0.0, Max: 0, Diff: 0, Sum: 0, Workers: 8
[2025-05-20T20:42:34.146+0300][22308][1592 ][debug][gc,phases] GC(6)         Total                          Min: 64, Avg: 108.8, Max: 192, Diff: 128, Sum: 870, Workers: 8
[2025-05-20T20:42:34.146+0300][22308][1592 ][debug][gc,phases] GC(6)       JNI Weak                       Min:  0.0, Avg:  0.0, Max:  0.0, Diff:  0.0, Sum:  0.0, Workers: 8
[2025-05-20T20:42:34.146+0300][22308][1592 ][debug][gc,phases] GC(6)         Dead                           Min: 0, Avg:  0.0, Max: 0, Diff: 0, Sum: 0, Workers: 8
[2025-05-20T20:42:34.146+0300][22308][1592 ][debug][gc,phases] GC(6)         Total                          Min: 0, Avg:  0.0, Max: 0, Diff: 0, Sum: 0, Workers: 8
[2025-05-20T20:42:34.146+0300][22308][1592 ][debug][gc,phases] GC(6)       StringDedup Table Weak         Min:  0.0, Avg:  0.0, Max:  0.0, Diff:  0.0, Sum:  0.0, Workers: 8
[2025-05-20T20:42:34.146+0300][22308][1592 ][debug][gc,phases] GC(6)         Dead                           Min: 0, Avg:  0.0, Max: 0, Diff: 0, Sum: 0, Workers: 8
[2025-05-20T20:42:34.146+0300][22308][1592 ][debug][gc,phases] GC(6)         Total                          Min: 0, Avg:  0.0, Max: 0, Diff: 0, Sum: 0, Workers: 8
[2025-05-20T20:42:34.146+0300][22308][1592 ][debug][gc,phases] GC(6)       StringDedup Requests0 Weak     Min:  0.0, Avg:  0.0, Max:  0.0, Diff:  0.0, Sum:  0.0, Workers: 8
[2025-05-20T20:42:34.146+0300][22308][1592 ][debug][gc,phases] GC(6)         Dead                           Min: 0, Avg:  0.0, Max: 0, Diff: 0, Sum: 0, Workers: 8
[2025-05-20T20:42:34.146+0300][22308][1592 ][debug][gc,phases] GC(6)         Total                          Min: 0, Avg:  0.0, Max: 0, Diff: 0, Sum: 0, Workers: 8
[2025-05-20T20:42:34.146+0300][22308][1592 ][debug][gc,phases] GC(6)       StringDedup Requests1 Weak     Min:  0.0, Avg:  0.0, Max:  0.0, Diff:  0.0, Sum:  0.0, Workers: 8
[2025-05-20T20:42:34.146+0300][22308][1592 ][debug][gc,phases] GC(6)         Dead                           Min: 0, Avg:  0.0, Max: 0, Diff: 0, Sum: 0, Workers: 8
[2025-05-20T20:42:34.146+0300][22308][1592 ][debug][gc,phases] GC(6)         Total                          Min: 0, Avg:  0.0, Max: 0, Diff: 0, Sum: 0, Workers: 8
[2025-05-20T20:42:34.146+0300][22308][1592 ][debug][gc,phases] GC(6)       Weak JFR Old Object Samples    Min:  0.0, Avg:  0.0, Max:  0.0, Diff:  0.0, Sum:  0.0, Workers: 8
[2025-05-20T20:42:34.146+0300][22308][1592 ][debug][gc,phases] GC(6)         Dead                           Min: 0, Avg:  0.0, Max: 0, Diff: 0, Sum: 0, Workers: 8
[2025-05-20T20:42:34.146+0300][22308][1592 ][debug][gc,phases] GC(6)         Total                          Min: 0, Avg:  0.0, Max: 0, Diff: 0, Sum: 0, Workers: 8
[2025-05-20T20:42:34.146+0300][22308][1592 ][debug][gc,phases] GC(6)     Post Evacuate Cleanup 1: 0.4ms
[2025-05-20T20:42:34.146+0300][22308][1592 ][debug][gc,phases] GC(6)       Merge Per-Thread State (ms):   Min:  0.1, Avg:  0.1, Max:  0.1, Diff:  0.0, Sum:  0.1, Workers: 1
[2025-05-20T20:42:34.146+0300][22308][1592 ][debug][gc,phases] GC(6)         Copied Bytes                   Min: 90056, Avg: 195091.0, Max: 278136, Diff: 188080, Sum: 1560728, Workers: 8
[2025-05-20T20:42:34.146+0300][22308][1592 ][debug][gc,phases] GC(6)         LAB Waste                      Min: 72, Avg: 389.0, Max: 1408, Diff: 1336, Sum: 3112, Workers: 8
[2025-05-20T20:42:34.146+0300][22308][1592 ][debug][gc,phases] GC(6)         LAB Undo Waste                 Min: 0, Avg:  0.0, Max: 0, Diff: 0, Sum: 0, Workers: 8
[2025-05-20T20:42:34.146+0300][22308][1592 ][debug][gc,phases] GC(6)       Clear Logged Cards (ms):       Min:  0.0, Avg:  0.2, Max:  0.3, Diff:  0.3, Sum:  1.1, Workers: 7
[2025-05-20T20:42:34.146+0300][22308][1592 ][debug][gc,phases] GC(6)       Recalculate Used Memory (ms):  Min:  0.0, Avg:  0.0, Max:  0.0, Diff:  0.0, Sum:  0.0, Workers: 1
[2025-05-20T20:42:34.146+0300][22308][1592 ][debug][gc,phases] GC(6)     Post Evacuate Cleanup 2: 0.4ms
[2025-05-20T20:42:34.146+0300][22308][1592 ][debug][gc,phases] GC(6)       Update Derived Pointers (ms):  Min:  0.0, Avg:  0.0, Max:  0.0, Diff:  0.0, Sum:  0.0, Workers: 1
[2025-05-20T20:42:34.146+0300][22308][1592 ][debug][gc,phases] GC(6)       Eagerly Reclaim Humongous Objects (ms): Min:  0.0, Avg:  0.0, Max:  0.0, Diff:  0.0, Sum:  0.0, Workers: 1
[2025-05-20T20:42:34.146+0300][22308][1592 ][debug][gc,phases] GC(6)         Humongous Total                Min: 3, Avg:  3.0, Max: 3, Diff: 0, Sum: 3, Workers: 1
[2025-05-20T20:42:34.146+0300][22308][1592 ][debug][gc,phases] GC(6)         Humongous Candidates           Min: 3, Avg:  3.0, Max: 3, Diff: 0, Sum: 3, Workers: 1
[2025-05-20T20:42:34.146+0300][22308][1592 ][debug][gc,phases] GC(6)         Humongous Reclaimed            Min: 0, Avg:  0.0, Max: 0, Diff: 0, Sum: 0, Workers: 1
[2025-05-20T20:42:34.146+0300][22308][1592 ][debug][gc,phases] GC(6)       Redirty Logged Cards (ms):     Min:  0.0, Avg:  0.0, Max:  0.0, Diff:  0.0, Sum:  0.0, Workers: 8
[2025-05-20T20:42:34.146+0300][22308][1592 ][debug][gc,phases] GC(6)         Redirtied Cards:               Min: 0, Avg: 30.8, Max: 134, Diff: 134, Sum: 246, Workers: 8
[2025-05-20T20:42:34.146+0300][22308][1592 ][debug][gc,phases] GC(6)       Resize TLABs (ms):             Min:  0.0, Avg:  0.0, Max:  0.0, Diff:  0.0, Sum:  0.0, Workers: 8
[2025-05-20T20:42:34.146+0300][22308][1592 ][debug][gc,phases] GC(6)       Free Collection Set (ms):      Min:  0.0, Avg:  0.3, Max:  0.3, Diff:  0.3, Sum:  2.0, Workers: 8
[2025-05-20T20:42:34.146+0300][22308][1592 ][debug][gc,phases] GC(6)     Rebuild Free List: 0.1ms
[2025-05-20T20:42:34.146+0300][22308][1592 ][debug][gc,phases] GC(6)     Prepare For Mutator: 0.0ms
[2025-05-20T20:42:34.146+0300][22308][1592 ][debug][gc,phases] GC(6)     Expand Heap After Collection: 0.0ms
[2025-05-20T20:42:34.146+0300][22308][1592 ][info ][gc,phases] GC(6)   Other: 0.1ms
[2025-05-20T20:42:34.146+0300][22308][1592 ][info ][gc,heap  ] GC(6) Eden regions: 1227->0(1227)
[2025-05-20T20:42:34.146+0300][22308][1592 ][info ][gc,heap  ] GC(6) Survivor regions: 1->1(154)
[2025-05-20T20:42:34.146+0300][22308][1592 ][info ][gc,heap  ] GC(6) Old regions: 8->8
[2025-05-20T20:42:34.146+0300][22308][1592 ][info ][gc,heap  ] GC(6) Humongous regions: 6->6
[2025-05-20T20:42:34.146+0300][22308][1592 ][debug][gc,heap  ] GC(6) Heap after GC invocations=7 (full 1):
[2025-05-20T20:42:34.146+0300][22308][1592 ][debug][gc,heap  ] GC(6)  garbage-first heap   total 4194304K, used 16902K [0x0000000700000000, 0x0000000800000000)
[2025-05-20T20:42:34.146+0300][22308][1592 ][debug][gc,heap  ] GC(6)   region size 2048K, 1 young (2048K), 1 survivors (2048K)
[2025-05-20T20:42:34.146+0300][22308][1592 ][debug][gc,heap  ] GC(6)  Metaspace       used 8994K, committed 9536K, reserved 1114112K
[2025-05-20T20:42:34.146+0300][22308][1592 ][debug][gc,heap  ] GC(6)   class space    used 979K, committed 1216K, reserved 1048576K
[2025-05-20T20:42:34.146+0300][22308][1592 ][info ][gc       ] GC(6) Pause Young (Normal) (G1 Evacuation Pause) 2470M->16M(4096M) 4.540ms
[2025-05-20T20:42:34.146+0300][22308][1592 ][info ][safepoint] Safepoint "G1CollectForAllocation", Time since last: 803957300 ns, Reaching safepoint: 394700 ns, Cleanup: 21400 ns, At safepoint: 4592600 ns, Total: 5008700 ns
[2025-05-20T20:42:35.093+0300][22308][1592 ][debug][safepoint] Safepoint synchronization initiated using striped semaphore wait barrier. (19 threads)
[2025-05-20T20:42:35.093+0300][22308][6208 ][debug][safepoint] ... found polling page loop exception at pc = 0x00000179630b04fb, stub =0x0000017962995d80
[2025-05-20T20:42:35.093+0300][22308][16060][debug][safepoint] ... found polling page loop exception at pc = 0x0000017962f97760, stub =0x0000017962995d80
[2025-05-20T20:42:35.093+0300][22308][4660 ][debug][safepoint] ... found polling page loop exception at pc = 0x0000017962f97760, stub =0x0000017962995d80
[2025-05-20T20:42:35.093+0300][22308][8488 ][debug][safepoint] ... found polling page loop exception at pc = 0x0000017962f97760, stub =0x0000017962995d80
[2025-05-20T20:42:35.093+0300][22308][1592 ][debug][gc,heap  ] GC(7) Heap before GC invocations=7 (full 1):
[2025-05-20T20:42:35.093+0300][22308][1592 ][debug][gc,heap  ] GC(7)  garbage-first heap   total 4194304K, used 2529798K [0x0000000700000000, 0x0000000800000000)
[2025-05-20T20:42:35.093+0300][22308][1592 ][debug][gc,heap  ] GC(7)   region size 2048K, 1228 young (2514944K), 1 survivors (2048K)
[2025-05-20T20:42:35.093+0300][22308][1592 ][debug][gc,heap  ] GC(7)  Metaspace       used 8994K, committed 9536K, reserved 1114112K
[2025-05-20T20:42:35.093+0300][22308][1592 ][debug][gc,heap  ] GC(7)   class space    used 979K, committed 1216K, reserved 1048576K
[2025-05-20T20:42:35.093+0300][22308][1592 ][info ][gc,phases] GC(7)   Pre Evacuate Collection Set: 0.4ms
[2025-05-20T20:42:35.093+0300][22308][1592 ][debug][gc,phases] GC(7)     Pre Evacuate Prepare: 0.1ms
[2025-05-20T20:42:35.093+0300][22308][1592 ][debug][gc,phases] GC(7)       JT Retire TLABs And Flush Logs (ms): Min:  0.0, Avg:  0.0, Max:  0.0, Diff:  0.0, Sum:  0.0, Workers: 2
[2025-05-20T20:42:35.093+0300][22308][1592 ][debug][gc,phases] GC(7)       Non-JT Flush Logs (ms):        Min:  0.0, Avg:  0.0, Max:  0.0, Diff:  0.0, Sum:  0.0, Workers: 1
[2025-05-20T20:42:35.093+0300][22308][1592 ][debug][gc,phases] GC(7)     Choose Collection Set: 0.0ms
[2025-05-20T20:42:35.093+0300][22308][1592 ][debug][gc,phases] GC(7)     Region Register: 0.3ms
[2025-05-20T20:42:35.093+0300][22308][1592 ][debug][gc,phases] GC(7)     Prepare Heap Roots: 0.0ms
[2025-05-20T20:42:35.093+0300][22308][1592 ][info ][gc,phases] GC(7)   Merge Heap Roots: 0.3ms
[2025-05-20T20:42:35.093+0300][22308][1592 ][debug][gc,phases] GC(7)     Prepare Merge Heap Roots: 0.0ms
[2025-05-20T20:42:35.093+0300][22308][1592 ][debug][gc,phases] GC(7)     Remembered Sets (ms):          Min:  0.0, Avg:  0.1, Max:  0.2, Diff:  0.1, Sum:  1.1, Workers: 8
[2025-05-20T20:42:35.093+0300][22308][1592 ][debug][gc,phases] GC(7)       Eager Reclaim (ms):            Min:  0.0, Avg:  0.0, Max:  0.0, Diff:  0.0, Sum:  0.0, Workers: 1
[2025-05-20T20:42:35.093+0300][22308][1592 ][debug][gc,phases] GC(7)       Merged Inline                  Min: 0, Avg:  0.0, Max: 0, Diff: 0, Sum: 0, Workers: 8
[2025-05-20T20:42:35.093+0300][22308][1592 ][debug][gc,phases] GC(7)       Merged ArrayOfCards            Min: 0, Avg:  0.0, Max: 0, Diff: 0, Sum: 0, Workers: 8
[2025-05-20T20:42:35.093+0300][22308][1592 ][debug][gc,phases] GC(7)       Merged Howl                    Min: 0, Avg:  0.0, Max: 0, Diff: 0, Sum: 0, Workers: 8
[2025-05-20T20:42:35.093+0300][22308][1592 ][debug][gc,phases] GC(7)       Merged Full                    Min: 0, Avg:  0.0, Max: 0, Diff: 0, Sum: 0, Workers: 8
[2025-05-20T20:42:35.093+0300][22308][1592 ][debug][gc,phases] GC(7)       Merged Howl Inline             Min: 0, Avg:  0.0, Max: 0, Diff: 0, Sum: 0, Workers: 8
[2025-05-20T20:42:35.093+0300][22308][1592 ][debug][gc,phases] GC(7)       Merged Howl ArrayOfCards       Min: 0, Avg:  0.0, Max: 0, Diff: 0, Sum: 0, Workers: 8
[2025-05-20T20:42:35.093+0300][22308][1592 ][debug][gc,phases] GC(7)       Merged Howl BitMap             Min: 0, Avg:  0.0, Max: 0, Diff: 0, Sum: 0, Workers: 8
[2025-05-20T20:42:35.093+0300][22308][1592 ][debug][gc,phases] GC(7)       Merged Howl Full               Min: 0, Avg:  0.0, Max: 0, Diff: 0, Sum: 0, Workers: 8
[2025-05-20T20:42:35.093+0300][22308][1592 ][debug][gc,phases] GC(7)       Merged Cards                   Min: 8, Avg:  9.0, Max: 16, Diff: 8, Sum: 72, Workers: 8
[2025-05-20T20:42:35.093+0300][22308][1592 ][debug][gc,phases] GC(7)     Log Buffers (ms):              Min:  0.0, Avg:  0.0, Max:  0.0, Diff:  0.0, Sum:  0.0, Workers: 8
[2025-05-20T20:42:35.093+0300][22308][1592 ][debug][gc,phases] GC(7)       Dirty Cards:                   Min: 0, Avg: 31.2, Max: 144, Diff: 144, Sum: 250, Workers: 8
[2025-05-20T20:42:35.093+0300][22308][1592 ][debug][gc,phases] GC(7)       Skipped Cards:                 Min: 0, Avg:  0.0, Max: 0, Diff: 0, Sum: 0, Workers: 8
[2025-05-20T20:42:35.093+0300][22308][1592 ][info ][gc,phases] GC(7)   Evacuate Collection Set: 1.6ms
[2025-05-20T20:42:35.093+0300][22308][1592 ][debug][gc,phases] GC(7)     Ext Root Scanning (ms):        Min:  0.0, Avg:  0.1, Max:  0.6, Diff:  0.6, Sum:  1.1, Workers: 8
[2025-05-20T20:42:35.093+0300][22308][1592 ][debug][gc,phases] GC(7)     Scan Heap Roots (ms):          Min:  0.0, Avg:  0.1, Max:  0.1, Diff:  0.1, Sum:  0.4, Workers: 8
[2025-05-20T20:42:35.093+0300][22308][1592 ][debug][gc,phases] GC(7)       Scanned Cards:                 Min: 0, Avg: 30.8, Max: 61, Diff: 61, Sum: 246, Workers: 8
[2025-05-20T20:42:35.093+0300][22308][1592 ][debug][gc,phases] GC(7)       Scanned Blocks:                Min: 0, Avg: 18.9, Max: 36, Diff: 36, Sum: 151, Workers: 8
[2025-05-20T20:42:35.093+0300][22308][1592 ][debug][gc,phases] GC(7)       Claimed Chunks:                Min: 0, Avg:  4.4, Max: 8, Diff: 8, Sum: 35, Workers: 8
[2025-05-20T20:42:35.093+0300][22308][1592 ][debug][gc,phases] GC(7)       Found Roots:                   Min: 0, Avg: 154.9, Max: 374, Diff: 374, Sum: 1239, Workers: 8
[2025-05-20T20:42:35.093+0300][22308][1592 ][debug][gc,phases] GC(7)     Code Root Scan (ms):           Min:  0.1, Avg:  0.4, Max:  1.0, Diff:  0.9, Sum:  3.6, Workers: 8
[2025-05-20T20:42:35.093+0300][22308][1592 ][debug][gc,phases] GC(7)       Scanned Nmethods               Min: 0, Avg: 53.9, Max: 105, Diff: 105, Sum: 431, Workers: 8
[2025-05-20T20:42:35.093+0300][22308][1592 ][debug][gc,phases] GC(7)     Object Copy (ms):              Min:  0.1, Avg:  0.4, Max:  0.7, Diff:  0.5, Sum:  3.4, Workers: 8
[2025-05-20T20:42:35.093+0300][22308][1592 ][debug][gc,phases] GC(7)     Termination (ms):              Min:  0.0, Avg:  0.3, Max:  0.4, Diff:  0.4, Sum:  2.4, Workers: 8
[2025-05-20T20:42:35.093+0300][22308][1592 ][debug][gc,phases] GC(7)       Termination Attempts:          Min: 1, Avg:  2.1, Max: 4, Diff: 3, Sum: 17, Workers: 8
[2025-05-20T20:42:35.093+0300][22308][1592 ][debug][gc,phases] GC(7)     GC Worker Other (ms):          Min:  0.1, Avg:  0.1, Max:  0.1, Diff:  0.0, Sum:  1.0, Workers: 8
[2025-05-20T20:42:35.093+0300][22308][1592 ][debug][gc,phases] GC(7)     GC Worker Total (ms):          Min:  0.8, Avg:  1.5, Max:  1.6, Diff:  0.8, Sum: 11.9, Workers: 8
[2025-05-20T20:42:35.093+0300][22308][1592 ][info ][gc,phases] GC(7)   Post Evacuate Collection Set: 1.2ms
[2025-05-20T20:42:35.093+0300][22308][1592 ][debug][gc,phases] GC(7)     NMethod List Cleanup: 0.1ms
[2025-05-20T20:42:35.093+0300][22308][1592 ][debug][gc,phases] GC(7)     Reference Processing: 0.1ms
[2025-05-20T20:42:35.093+0300][22308][1592 ][debug][gc,phases] GC(7)     Weak Processing: 0.1ms
[2025-05-20T20:42:35.093+0300][22308][1592 ][debug][gc,phases] GC(7)       VM Weak                        Min:  0.0, Avg:  0.0, Max:  0.0, Diff:  0.0, Sum:  0.0, Workers: 8
[2025-05-20T20:42:35.093+0300][22308][1592 ][debug][gc,phases] GC(7)         Dead                           Min: 0, Avg:  0.0, Max: 0, Diff: 0, Sum: 0, Workers: 8
[2025-05-20T20:42:35.093+0300][22308][1592 ][debug][gc,phases] GC(7)         Total                          Min: 0, Avg: 46.5, Max: 128, Diff: 128, Sum: 372, Workers: 8
[2025-05-20T20:42:35.093+0300][22308][1592 ][debug][gc,phases] GC(7)       ObjectSynchronizer Weak        Min:  0.0, Avg:  0.0, Max:  0.0, Diff:  0.0, Sum:  0.0, Workers: 8
[2025-05-20T20:42:35.093+0300][22308][1592 ][debug][gc,phases] GC(7)         Dead                           Min: 0, Avg:  0.0, Max: 0, Diff: 0, Sum: 0, Workers: 8
[2025-05-20T20:42:35.093+0300][22308][1592 ][debug][gc,phases] GC(7)         Total                          Min: 0, Avg: 17.2, Max: 64, Diff: 64, Sum: 138, Workers: 8
[2025-05-20T20:42:35.093+0300][22308][1592 ][debug][gc,phases] GC(7)       JVMTI Tag Weak OopStorage      Min:  0.0, Avg:  0.0, Max:  0.0, Diff:  0.0, Sum:  0.0, Workers: 8
[2025-05-20T20:42:35.093+0300][22308][1592 ][debug][gc,phases] GC(7)         Dead                           Min: 0, Avg:  0.0, Max: 0, Diff: 0, Sum: 0, Workers: 8
[2025-05-20T20:42:35.093+0300][22308][1592 ][debug][gc,phases] GC(7)         Total                          Min: 0, Avg:  0.0, Max: 0, Diff: 0, Sum: 0, Workers: 8
[2025-05-20T20:42:35.093+0300][22308][1592 ][debug][gc,phases] GC(7)       StringTable Weak               Min:  0.0, Avg:  0.0, Max:  0.0, Diff:  0.0, Sum:  0.2, Workers: 8
[2025-05-20T20:42:35.093+0300][22308][1592 ][debug][gc,phases] GC(7)         Dead                           Min: 0, Avg:  0.0, Max: 0, Diff: 0, Sum: 0, Workers: 8
[2025-05-20T20:42:35.093+0300][22308][1592 ][debug][gc,phases] GC(7)         Total                          Min: 0, Avg: 778.1, Max: 1024, Diff: 1024, Sum: 6225, Workers: 8
[2025-05-20T20:42:35.093+0300][22308][1592 ][debug][gc,phases] GC(7)       ResolvedMethodTable Weak       Min:  0.0, Avg:  0.0, Max:  0.0, Diff:  0.0, Sum:  0.0, Workers: 8
[2025-05-20T20:42:35.093+0300][22308][1592 ][debug][gc,phases] GC(7)         Dead                           Min: 0, Avg:  0.0, Max: 0, Diff: 0, Sum: 0, Workers: 8
[2025-05-20T20:42:35.093+0300][22308][1592 ][debug][gc,phases] GC(7)         Total                          Min: 0, Avg: 108.8, Max: 192, Diff: 192, Sum: 870, Workers: 8
[2025-05-20T20:42:35.093+0300][22308][1592 ][debug][gc,phases] GC(7)       JNI Weak                       Min:  0.0, Avg:  0.0, Max:  0.0, Diff:  0.0, Sum:  0.0, Workers: 8
[2025-05-20T20:42:35.093+0300][22308][1592 ][debug][gc,phases] GC(7)         Dead                           Min: 0, Avg:  0.0, Max: 0, Diff: 0, Sum: 0, Workers: 8
[2025-05-20T20:42:35.093+0300][22308][1592 ][debug][gc,phases] GC(7)         Total                          Min: 0, Avg:  0.0, Max: 0, Diff: 0, Sum: 0, Workers: 8
[2025-05-20T20:42:35.093+0300][22308][1592 ][debug][gc,phases] GC(7)       StringDedup Table Weak         Min:  0.0, Avg:  0.0, Max:  0.0, Diff:  0.0, Sum:  0.0, Workers: 8
[2025-05-20T20:42:35.093+0300][22308][1592 ][debug][gc,phases] GC(7)         Dead                           Min: 0, Avg:  0.0, Max: 0, Diff: 0, Sum: 0, Workers: 8
[2025-05-20T20:42:35.093+0300][22308][1592 ][debug][gc,phases] GC(7)         Total                          Min: 0, Avg:  0.0, Max: 0, Diff: 0, Sum: 0, Workers: 8
[2025-05-20T20:42:35.093+0300][22308][1592 ][debug][gc,phases] GC(7)       StringDedup Requests0 Weak     Min:  0.0, Avg:  0.0, Max:  0.0, Diff:  0.0, Sum:  0.0, Workers: 8
[2025-05-20T20:42:35.093+0300][22308][1592 ][debug][gc,phases] GC(7)         Dead                           Min: 0, Avg:  0.0, Max: 0, Diff: 0, Sum: 0, Workers: 8
[2025-05-20T20:42:35.093+0300][22308][1592 ][debug][gc,phases] GC(7)         Total                          Min: 0, Avg:  0.0, Max: 0, Diff: 0, Sum: 0, Workers: 8
[2025-05-20T20:42:35.093+0300][22308][1592 ][debug][gc,phases] GC(7)       StringDedup Requests1 Weak     Min:  0.0, Avg:  0.0, Max:  0.0, Diff:  0.0, Sum:  0.0, Workers: 8
[2025-05-20T20:42:35.093+0300][22308][1592 ][debug][gc,phases] GC(7)         Dead                           Min: 0, Avg:  0.0, Max: 0, Diff: 0, Sum: 0, Workers: 8
[2025-05-20T20:42:35.093+0300][22308][1592 ][debug][gc,phases] GC(7)         Total                          Min: 0, Avg:  0.0, Max: 0, Diff: 0, Sum: 0, Workers: 8
[2025-05-20T20:42:35.093+0300][22308][1592 ][debug][gc,phases] GC(7)       Weak JFR Old Object Samples    Min:  0.0, Avg:  0.0, Max:  0.0, Diff:  0.0, Sum:  0.0, Workers: 8
[2025-05-20T20:42:35.093+0300][22308][1592 ][debug][gc,phases] GC(7)         Dead                           Min: 0, Avg:  0.0, Max: 0, Diff: 0, Sum: 0, Workers: 8
[2025-05-20T20:42:35.093+0300][22308][1592 ][debug][gc,phases] GC(7)         Total                          Min: 0, Avg:  0.0, Max: 0, Diff: 0, Sum: 0, Workers: 8
[2025-05-20T20:42:35.093+0300][22308][1592 ][debug][gc,phases] GC(7)     Post Evacuate Cleanup 1: 0.4ms
[2025-05-20T20:42:35.093+0300][22308][1592 ][debug][gc,phases] GC(7)       Merge Per-Thread State (ms):   Min:  0.1, Avg:  0.1, Max:  0.1, Diff:  0.0, Sum:  0.1, Workers: 1
[2025-05-20T20:42:35.093+0300][22308][1592 ][debug][gc,phases] GC(7)         Copied Bytes                   Min: 47840, Avg: 201763.0, Max: 347496, Diff: 299656, Sum: 1614104, Workers: 8
[2025-05-20T20:42:35.093+0300][22308][1592 ][debug][gc,phases] GC(7)         LAB Waste                      Min: 24, Avg: 173.0, Max: 616, Diff: 592, Sum: 1384, Workers: 8
[2025-05-20T20:42:35.093+0300][22308][1592 ][debug][gc,phases] GC(7)         LAB Undo Waste                 Min: 0, Avg:  0.0, Max: 0, Diff: 0, Sum: 0, Workers: 8
[2025-05-20T20:42:35.093+0300][22308][1592 ][debug][gc,phases] GC(7)       Clear Logged Cards (ms):       Min:  0.0, Avg:  0.2, Max:  0.4, Diff:  0.4, Sum:  1.6, Workers: 7
[2025-05-20T20:42:35.093+0300][22308][1592 ][debug][gc,phases] GC(7)       Recalculate Used Memory (ms):  Min:  0.0, Avg:  0.0, Max:  0.0, Diff:  0.0, Sum:  0.0, Workers: 1
[2025-05-20T20:42:35.093+0300][22308][1592 ][debug][gc,phases] GC(7)     Post Evacuate Cleanup 2: 0.4ms
[2025-05-20T20:42:35.093+0300][22308][1592 ][debug][gc,phases] GC(7)       Update Derived Pointers (ms):  Min:  0.0, Avg:  0.0, Max:  0.0, Diff:  0.0, Sum:  0.0, Workers: 1
[2025-05-20T20:42:35.093+0300][22308][1592 ][debug][gc,phases] GC(7)       Eagerly Reclaim Humongous Objects (ms): Min:  0.0, Avg:  0.0, Max:  0.0, Diff:  0.0, Sum:  0.0, Workers: 1
[2025-05-20T20:42:35.093+0300][22308][1592 ][debug][gc,phases] GC(7)         Humongous Total                Min: 3, Avg:  3.0, Max: 3, Diff: 0, Sum: 3, Workers: 1
[2025-05-20T20:42:35.093+0300][22308][1592 ][debug][gc,phases] GC(7)         Humongous Candidates           Min: 3, Avg:  3.0, Max: 3, Diff: 0, Sum: 3, Workers: 1
[2025-05-20T20:42:35.093+0300][22308][1592 ][debug][gc,phases] GC(7)         Humongous Reclaimed            Min: 0, Avg:  0.0, Max: 0, Diff: 0, Sum: 0, Workers: 1
[2025-05-20T20:42:35.093+0300][22308][1592 ][debug][gc,phases] GC(7)       Redirty Logged Cards (ms):     Min:  0.0, Avg:  0.0, Max:  0.0, Diff:  0.0, Sum:  0.0, Workers: 8
[2025-05-20T20:42:35.093+0300][22308][1592 ][debug][gc,phases] GC(7)         Redirtied Cards:               Min: 0, Avg: 30.5, Max: 207, Diff: 207, Sum: 244, Workers: 8
[2025-05-20T20:42:35.093+0300][22308][1592 ][debug][gc,phases] GC(7)       Resize TLABs (ms):             Min:  0.0, Avg:  0.0, Max:  0.0, Diff:  0.0, Sum:  0.0, Workers: 8
[2025-05-20T20:42:35.093+0300][22308][1592 ][debug][gc,phases] GC(7)       Free Collection Set (ms):      Min:  0.0, Avg:  0.3, Max:  0.3, Diff:  0.3, Sum:  2.2, Workers: 8
[2025-05-20T20:42:35.093+0300][22308][1592 ][debug][gc,phases] GC(7)     Rebuild Free List: 0.1ms
[2025-05-20T20:42:35.093+0300][22308][1592 ][debug][gc,phases] GC(7)     Prepare For Mutator: 0.0ms
[2025-05-20T20:42:35.093+0300][22308][1592 ][debug][gc,phases] GC(7)     Expand Heap After Collection: 0.0ms
[2025-05-20T20:42:35.093+0300][22308][1592 ][info ][gc,phases] GC(7)   Other: 0.2ms
[2025-05-20T20:42:35.093+0300][22308][1592 ][info ][gc,heap  ] GC(7) Eden regions: 1227->0(1227)
[2025-05-20T20:42:35.099+0300][22308][1592 ][info ][gc,heap  ] GC(7) Survivor regions: 1->1(154)
[2025-05-20T20:42:35.099+0300][22308][1592 ][info ][gc,heap  ] GC(7) Old regions: 8->8
[2025-05-20T20:42:35.099+0300][22308][1592 ][info ][gc,heap  ] GC(7) Humongous regions: 6->6
[2025-05-20T20:42:35.099+0300][22308][1592 ][debug][gc,heap  ] GC(7) Heap after GC invocations=8 (full 1):
[2025-05-20T20:42:35.099+0300][22308][1592 ][debug][gc,heap  ] GC(7)  garbage-first heap   total 4194304K, used 16972K [0x0000000700000000, 0x0000000800000000)
[2025-05-20T20:42:35.099+0300][22308][1592 ][debug][gc,heap  ] GC(7)   region size 2048K, 1 young (2048K), 1 survivors (2048K)
[2025-05-20T20:42:35.099+0300][22308][1592 ][debug][gc,heap  ] GC(7)  Metaspace       used 8994K, committed 9536K, reserved 1114112K
[2025-05-20T20:42:35.099+0300][22308][1592 ][debug][gc,heap  ] GC(7)   class space    used 979K, committed 1216K, reserved 1048576K
[2025-05-20T20:42:35.099+0300][22308][1592 ][info ][gc       ] GC(7) Pause Young (Normal) (G1 Evacuation Pause) 2470M->16M(4096M) 5.890ms
[2025-05-20T20:42:35.099+0300][22308][1592 ][info ][safepoint] Safepoint "G1CollectForAllocation", Time since last: 942030700 ns, Reaching safepoint: 323100 ns, Cleanup: 27000 ns, At safepoint: 5967200 ns, Total: 6317300 ns
[2025-05-20T20:42:35.951+0300][22308][1592 ][debug][safepoint] Safepoint synchronization initiated using striped semaphore wait barrier. (19 threads)
[2025-05-20T20:42:35.951+0300][22308][8488 ][debug][safepoint] ... found polling page loop exception at pc = 0x0000017962f97760, stub =0x0000017962995d80
[2025-05-20T20:42:35.951+0300][22308][16816][debug][safepoint] ... found polling page loop exception at pc = 0x0000017962f97760, stub =0x0000017962995d80
[2025-05-20T20:42:35.951+0300][22308][6208 ][debug][safepoint] ... found polling page loop exception at pc = 0x0000017962f97760, stub =0x0000017962995d80
[2025-05-20T20:42:35.951+0300][22308][17540][debug][safepoint] ... found polling page loop exception at pc = 0x0000017962f97760, stub =0x0000017962995d80
[2025-05-20T20:42:35.951+0300][22308][4660 ][debug][safepoint] ... found polling page loop exception at pc = 0x0000017963076437, stub =0x0000017962996600
[2025-05-20T20:42:35.951+0300][22308][1592 ][debug][gc,heap  ] GC(8) Heap before GC invocations=8 (full 1):
[2025-05-20T20:42:35.953+0300][22308][1592 ][debug][gc,heap  ] GC(8)  garbage-first heap   total 4194304K, used 2529868K [0x0000000700000000, 0x0000000800000000)
[2025-05-20T20:42:35.953+0300][22308][1592 ][debug][gc,heap  ] GC(8)   region size 2048K, 1228 young (2514944K), 1 survivors (2048K)
[2025-05-20T20:42:35.953+0300][22308][1592 ][debug][gc,heap  ] GC(8)  Metaspace       used 8998K, committed 9536K, reserved 1114112K
[2025-05-20T20:42:35.953+0300][22308][1592 ][debug][gc,heap  ] GC(8)   class space    used 979K, committed 1216K, reserved 1048576K
[2025-05-20T20:42:35.953+0300][22308][1592 ][info ][gc,phases] GC(8)   Pre Evacuate Collection Set: 0.3ms
[2025-05-20T20:42:35.953+0300][22308][1592 ][debug][gc,phases] GC(8)     Pre Evacuate Prepare: 0.1ms
[2025-05-20T20:42:35.953+0300][22308][1592 ][debug][gc,phases] GC(8)       JT Retire TLABs And Flush Logs (ms): Min:  0.0, Avg:  0.0, Max:  0.0, Diff:  0.0, Sum:  0.0, Workers: 2
[2025-05-20T20:42:35.953+0300][22308][1592 ][debug][gc,phases] GC(8)       Non-JT Flush Logs (ms):        Min:  0.0, Avg:  0.0, Max:  0.0, Diff:  0.0, Sum:  0.0, Workers: 1
[2025-05-20T20:42:35.953+0300][22308][1592 ][debug][gc,phases] GC(8)     Choose Collection Set: 0.0ms
[2025-05-20T20:42:35.953+0300][22308][1592 ][debug][gc,phases] GC(8)     Region Register: 0.2ms
[2025-05-20T20:42:35.953+0300][22308][1592 ][debug][gc,phases] GC(8)     Prepare Heap Roots: 0.0ms
[2025-05-20T20:42:35.953+0300][22308][1592 ][info ][gc,phases] GC(8)   Merge Heap Roots: 0.2ms
[2025-05-20T20:42:35.953+0300][22308][1592 ][debug][gc,phases] GC(8)     Prepare Merge Heap Roots: 0.0ms
[2025-05-20T20:42:35.953+0300][22308][1592 ][debug][gc,phases] GC(8)     Remembered Sets (ms):          Min:  0.0, Avg:  0.1, Max:  0.1, Diff:  0.1, Sum:  0.9, Workers: 8
[2025-05-20T20:42:35.953+0300][22308][1592 ][debug][gc,phases] GC(8)       Eager Reclaim (ms):            Min:  0.0, Avg:  0.0, Max:  0.0, Diff:  0.0, Sum:  0.0, Workers: 1
[2025-05-20T20:42:35.953+0300][22308][1592 ][debug][gc,phases] GC(8)       Merged Inline                  Min: 0, Avg:  0.0, Max: 0, Diff: 0, Sum: 0, Workers: 8
[2025-05-20T20:42:35.953+0300][22308][1592 ][debug][gc,phases] GC(8)       Merged ArrayOfCards            Min: 0, Avg:  0.0, Max: 0, Diff: 0, Sum: 0, Workers: 8
[2025-05-20T20:42:35.953+0300][22308][1592 ][debug][gc,phases] GC(8)       Merged Howl                    Min: 0, Avg:  0.0, Max: 0, Diff: 0, Sum: 0, Workers: 8
[2025-05-20T20:42:35.953+0300][22308][1592 ][debug][gc,phases] GC(8)       Merged Full                    Min: 0, Avg:  0.0, Max: 0, Diff: 0, Sum: 0, Workers: 8
[2025-05-20T20:42:35.953+0300][22308][1592 ][debug][gc,phases] GC(8)       Merged Howl Inline             Min: 0, Avg:  0.0, Max: 0, Diff: 0, Sum: 0, Workers: 8
[2025-05-20T20:42:35.953+0300][22308][1592 ][debug][gc,phases] GC(8)       Merged Howl ArrayOfCards       Min: 0, Avg:  0.0, Max: 0, Diff: 0, Sum: 0, Workers: 8
[2025-05-20T20:42:35.953+0300][22308][1592 ][debug][gc,phases] GC(8)       Merged Howl BitMap             Min: 0, Avg:  0.0, Max: 0, Diff: 0, Sum: 0, Workers: 8
[2025-05-20T20:42:35.953+0300][22308][1592 ][debug][gc,phases] GC(8)       Merged Howl Full               Min: 0, Avg:  0.0, Max: 0, Diff: 0, Sum: 0, Workers: 8
[2025-05-20T20:42:35.953+0300][22308][1592 ][debug][gc,phases] GC(8)       Merged Cards                   Min: 8, Avg:  9.0, Max: 16, Diff: 8, Sum: 72, Workers: 8
[2025-05-20T20:42:35.953+0300][22308][1592 ][debug][gc,phases] GC(8)     Log Buffers (ms):              Min:  0.0, Avg:  0.0, Max:  0.0, Diff:  0.0, Sum:  0.0, Workers: 8
[2025-05-20T20:42:35.953+0300][22308][1592 ][debug][gc,phases] GC(8)       Dirty Cards:                   Min: 0, Avg: 31.0, Max: 114, Diff: 114, Sum: 248, Workers: 8
[2025-05-20T20:42:35.953+0300][22308][1592 ][debug][gc,phases] GC(8)       Skipped Cards:                 Min: 0, Avg:  0.0, Max: 0, Diff: 0, Sum: 0, Workers: 8
[2025-05-20T20:42:35.953+0300][22308][1592 ][info ][gc,phases] GC(8)   Evacuate Collection Set: 1.3ms
[2025-05-20T20:42:35.953+0300][22308][1592 ][debug][gc,phases] GC(8)     Ext Root Scanning (ms):        Min:  0.0, Avg:  0.1, Max:  0.5, Diff:  0.5, Sum:  1.0, Workers: 8
[2025-05-20T20:42:35.953+0300][22308][1592 ][debug][gc,phases] GC(8)     Scan Heap Roots (ms):          Min:  0.0, Avg:  0.0, Max:  0.1, Diff:  0.1, Sum:  0.4, Workers: 8
[2025-05-20T20:42:35.953+0300][22308][1592 ][debug][gc,phases] GC(8)       Scanned Cards:                 Min: 0, Avg: 30.8, Max: 66, Diff: 66, Sum: 246, Workers: 8
[2025-05-20T20:42:35.953+0300][22308][1592 ][debug][gc,phases] GC(8)       Scanned Blocks:                Min: 0, Avg: 18.9, Max: 46, Diff: 46, Sum: 151, Workers: 8
[2025-05-20T20:42:35.953+0300][22308][1592 ][debug][gc,phases] GC(8)       Claimed Chunks:                Min: 0, Avg:  4.4, Max: 8, Diff: 8, Sum: 35, Workers: 8
[2025-05-20T20:42:35.953+0300][22308][1592 ][debug][gc,phases] GC(8)       Found Roots:                   Min: 0, Avg: 154.9, Max: 357, Diff: 357, Sum: 1239, Workers: 8
[2025-05-20T20:42:35.953+0300][22308][1592 ][debug][gc,phases] GC(8)     Code Root Scan (ms):           Min:  0.1, Avg:  0.4, Max:  0.7, Diff:  0.6, Sum:  3.2, Workers: 8
[2025-05-20T20:42:35.953+0300][22308][1592 ][debug][gc,phases] GC(8)       Scanned Nmethods               Min: 0, Avg: 54.0, Max: 89, Diff: 89, Sum: 432, Workers: 8
[2025-05-20T20:42:35.953+0300][22308][1592 ][debug][gc,phases] GC(8)     Object Copy (ms):              Min:  0.1, Avg:  0.4, Max:  0.6, Diff:  0.5, Sum:  3.0, Workers: 8
[2025-05-20T20:42:35.953+0300][22308][1592 ][debug][gc,phases] GC(8)     Termination (ms):              Min:  0.0, Avg:  0.1, Max:  0.2, Diff:  0.2, Sum:  1.1, Workers: 8
[2025-05-20T20:42:35.953+0300][22308][1592 ][debug][gc,phases] GC(8)       Termination Attempts:          Min: 1, Avg:  1.0, Max: 1, Diff: 0, Sum: 8, Workers: 8
[2025-05-20T20:42:35.953+0300][22308][1592 ][debug][gc,phases] GC(8)     GC Worker Other (ms):          Min:  0.1, Avg:  0.1, Max:  0.1, Diff:  0.0, Sum:  0.9, Workers: 8
[2025-05-20T20:42:35.953+0300][22308][1592 ][debug][gc,phases] GC(8)     GC Worker Total (ms):          Min:  0.6, Avg:  1.2, Max:  1.3, Diff:  0.7, Sum:  9.4, Workers: 8
[2025-05-20T20:42:35.953+0300][22308][1592 ][info ][gc,phases] GC(8)   Post Evacuate Collection Set: 1.0ms
[2025-05-20T20:42:35.953+0300][22308][1592 ][debug][gc,phases] GC(8)     NMethod List Cleanup: 0.1ms
[2025-05-20T20:42:35.953+0300][22308][1592 ][debug][gc,phases] GC(8)     Reference Processing: 0.1ms
[2025-05-20T20:42:35.953+0300][22308][1592 ][debug][gc,phases] GC(8)     Weak Processing: 0.1ms
[2025-05-20T20:42:35.953+0300][22308][1592 ][debug][gc,phases] GC(8)       VM Weak                        Min:  0.0, Avg:  0.0, Max:  0.0, Diff:  0.0, Sum:  0.0, Workers: 8
[2025-05-20T20:42:35.953+0300][22308][1592 ][debug][gc,phases] GC(8)         Dead                           Min: 0, Avg:  0.0, Max: 0, Diff: 0, Sum: 0, Workers: 8
[2025-05-20T20:42:35.953+0300][22308][1592 ][debug][gc,phases] GC(8)         Total                          Min: 0, Avg: 46.5, Max: 180, Diff: 180, Sum: 372, Workers: 8
[2025-05-20T20:42:35.953+0300][22308][1592 ][debug][gc,phases] GC(8)       ObjectSynchronizer Weak        Min:  0.0, Avg:  0.0, Max:  0.0, Diff:  0.0, Sum:  0.0, Workers: 8
[2025-05-20T20:42:35.953+0300][22308][1592 ][debug][gc,phases] GC(8)         Dead                           Min: 0, Avg:  0.0, Max: 0, Diff: 0, Sum: 0, Workers: 8
[2025-05-20T20:42:35.953+0300][22308][1592 ][debug][gc,phases] GC(8)         Total                          Min: 0, Avg: 17.2, Max: 64, Diff: 64, Sum: 138, Workers: 8
[2025-05-20T20:42:35.953+0300][22308][1592 ][debug][gc,phases] GC(8)       JVMTI Tag Weak OopStorage      Min:  0.0, Avg:  0.0, Max:  0.0, Diff:  0.0, Sum:  0.0, Workers: 8
[2025-05-20T20:42:35.953+0300][22308][1592 ][debug][gc,phases] GC(8)         Dead                           Min: 0, Avg:  0.0, Max: 0, Diff: 0, Sum: 0, Workers: 8
[2025-05-20T20:42:35.953+0300][22308][1592 ][debug][gc,phases] GC(8)         Total                          Min: 0, Avg:  0.0, Max: 0, Diff: 0, Sum: 0, Workers: 8
[2025-05-20T20:42:35.953+0300][22308][1592 ][debug][gc,phases] GC(8)       StringTable Weak               Min:  0.0, Avg:  0.0, Max:  0.0, Diff:  0.0, Sum:  0.2, Workers: 8
[2025-05-20T20:42:35.953+0300][22308][1592 ][debug][gc,phases] GC(8)         Dead                           Min: 0, Avg:  0.0, Max: 0, Diff: 0, Sum: 0, Workers: 8
[2025-05-20T20:42:35.953+0300][22308][1592 ][debug][gc,phases] GC(8)         Total                          Min: 529, Avg: 778.1, Max: 896, Diff: 367, Sum: 6225, Workers: 8
[2025-05-20T20:42:35.953+0300][22308][1592 ][debug][gc,phases] GC(8)       ResolvedMethodTable Weak       Min:  0.0, Avg:  0.0, Max:  0.0, Diff:  0.0, Sum:  0.0, Workers: 8
[2025-05-20T20:42:35.953+0300][22308][1592 ][debug][gc,phases] GC(8)         Dead                           Min: 0, Avg:  0.0, Max: 0, Diff: 0, Sum: 0, Workers: 8
[2025-05-20T20:42:35.953+0300][22308][1592 ][debug][gc,phases] GC(8)         Total                          Min: 64, Avg: 108.8, Max: 192, Diff: 128, Sum: 870, Workers: 8
[2025-05-20T20:42:35.953+0300][22308][1592 ][debug][gc,phases] GC(8)       JNI Weak                       Min:  0.0, Avg:  0.0, Max:  0.0, Diff:  0.0, Sum:  0.0, Workers: 8
[2025-05-20T20:42:35.953+0300][22308][1592 ][debug][gc,phases] GC(8)         Dead                           Min: 0, Avg:  0.0, Max: 0, Diff: 0, Sum: 0, Workers: 8
[2025-05-20T20:42:35.953+0300][22308][1592 ][debug][gc,phases] GC(8)         Total                          Min: 0, Avg:  0.0, Max: 0, Diff: 0, Sum: 0, Workers: 8
[2025-05-20T20:42:35.953+0300][22308][1592 ][debug][gc,phases] GC(8)       StringDedup Table Weak         Min:  0.0, Avg:  0.0, Max:  0.0, Diff:  0.0, Sum:  0.0, Workers: 8
[2025-05-20T20:42:35.953+0300][22308][1592 ][debug][gc,phases] GC(8)         Dead                           Min: 0, Avg:  0.0, Max: 0, Diff: 0, Sum: 0, Workers: 8
[2025-05-20T20:42:35.953+0300][22308][1592 ][debug][gc,phases] GC(8)         Total                          Min: 0, Avg:  0.0, Max: 0, Diff: 0, Sum: 0, Workers: 8
[2025-05-20T20:42:35.953+0300][22308][1592 ][debug][gc,phases] GC(8)       StringDedup Requests0 Weak     Min:  0.0, Avg:  0.0, Max:  0.0, Diff:  0.0, Sum:  0.0, Workers: 8
[2025-05-20T20:42:35.953+0300][22308][1592 ][debug][gc,phases] GC(8)         Dead                           Min: 0, Avg:  0.0, Max: 0, Diff: 0, Sum: 0, Workers: 8
[2025-05-20T20:42:35.953+0300][22308][1592 ][debug][gc,phases] GC(8)         Total                          Min: 0, Avg:  0.0, Max: 0, Diff: 0, Sum: 0, Workers: 8
[2025-05-20T20:42:35.953+0300][22308][1592 ][debug][gc,phases] GC(8)       StringDedup Requests1 Weak     Min:  0.0, Avg:  0.0, Max:  0.0, Diff:  0.0, Sum:  0.0, Workers: 8
[2025-05-20T20:42:35.953+0300][22308][1592 ][debug][gc,phases] GC(8)         Dead                           Min: 0, Avg:  0.0, Max: 0, Diff: 0, Sum: 0, Workers: 8
[2025-05-20T20:42:35.953+0300][22308][1592 ][debug][gc,phases] GC(8)         Total                          Min: 0, Avg:  0.0, Max: 0, Diff: 0, Sum: 0, Workers: 8
[2025-05-20T20:42:35.953+0300][22308][1592 ][debug][gc,phases] GC(8)       Weak JFR Old Object Samples    Min:  0.0, Avg:  0.0, Max:  0.0, Diff:  0.0, Sum:  0.0, Workers: 8
[2025-05-20T20:42:35.953+0300][22308][1592 ][debug][gc,phases] GC(8)         Dead                           Min: 0, Avg:  0.0, Max: 0, Diff: 0, Sum: 0, Workers: 8
[2025-05-20T20:42:35.953+0300][22308][1592 ][debug][gc,phases] GC(8)         Total                          Min: 0, Avg:  0.0, Max: 0, Diff: 0, Sum: 0, Workers: 8
[2025-05-20T20:42:35.953+0300][22308][1592 ][debug][gc,phases] GC(8)     Post Evacuate Cleanup 1: 0.4ms
[2025-05-20T20:42:35.953+0300][22308][1592 ][debug][gc,phases] GC(8)       Merge Per-Thread State (ms):   Min:  0.1, Avg:  0.1, Max:  0.1, Diff:  0.0, Sum:  0.1, Workers: 1
[2025-05-20T20:42:35.953+0300][22308][1592 ][debug][gc,phases] GC(8)         Copied Bytes                   Min: 36776, Avg: 200629.0, Max: 309056, Diff: 272280, Sum: 1605032, Workers: 8
[2025-05-20T20:42:35.953+0300][22308][1592 ][debug][gc,phases] GC(8)         LAB Waste                      Min: 0, Avg: 225.0, Max: 536, Diff: 536, Sum: 1800, Workers: 8
[2025-05-20T20:42:35.953+0300][22308][1592 ][debug][gc,phases] GC(8)         LAB Undo Waste                 Min: 0, Avg:  0.0, Max: 0, Diff: 0, Sum: 0, Workers: 8
[2025-05-20T20:42:35.953+0300][22308][1592 ][debug][gc,phases] GC(8)       Clear Logged Cards (ms):       Min:  0.0, Avg:  0.1, Max:  0.3, Diff:  0.3, Sum:  1.0, Workers: 7
[2025-05-20T20:42:35.953+0300][22308][1592 ][debug][gc,phases] GC(8)       Recalculate Used Memory (ms):  Min:  0.0, Avg:  0.0, Max:  0.0, Diff:  0.0, Sum:  0.0, Workers: 1
[2025-05-20T20:42:35.953+0300][22308][1592 ][debug][gc,phases] GC(8)     Post Evacuate Cleanup 2: 0.4ms
[2025-05-20T20:42:35.953+0300][22308][1592 ][debug][gc,phases] GC(8)       Update Derived Pointers (ms):  Min:  0.0, Avg:  0.0, Max:  0.0, Diff:  0.0, Sum:  0.0, Workers: 1
[2025-05-20T20:42:35.953+0300][22308][1592 ][debug][gc,phases] GC(8)       Eagerly Reclaim Humongous Objects (ms): Min:  0.0, Avg:  0.0, Max:  0.0, Diff:  0.0, Sum:  0.0, Workers: 1
[2025-05-20T20:42:35.953+0300][22308][1592 ][debug][gc,phases] GC(8)         Humongous Total                Min: 3, Avg:  3.0, Max: 3, Diff: 0, Sum: 3, Workers: 1
[2025-05-20T20:42:35.953+0300][22308][1592 ][debug][gc,phases] GC(8)         Humongous Candidates           Min: 3, Avg:  3.0, Max: 3, Diff: 0, Sum: 3, Workers: 1
[2025-05-20T20:42:35.953+0300][22308][1592 ][debug][gc,phases] GC(8)         Humongous Reclaimed            Min: 0, Avg:  0.0, Max: 0, Diff: 0, Sum: 0, Workers: 1
[2025-05-20T20:42:35.953+0300][22308][1592 ][debug][gc,phases] GC(8)       Redirty Logged Cards (ms):     Min:  0.0, Avg:  0.0, Max:  0.0, Diff:  0.0, Sum:  0.0, Workers: 8
[2025-05-20T20:42:35.953+0300][22308][1592 ][debug][gc,phases] GC(8)         Redirtied Cards:               Min: 0, Avg: 30.6, Max: 245, Diff: 245, Sum: 245, Workers: 8
[2025-05-20T20:42:35.953+0300][22308][1592 ][debug][gc,phases] GC(8)       Resize TLABs (ms):             Min:  0.0, Avg:  0.0, Max:  0.0, Diff:  0.0, Sum:  0.0, Workers: 8
[2025-05-20T20:42:35.953+0300][22308][1592 ][debug][gc,phases] GC(8)       Free Collection Set (ms):      Min:  0.3, Avg:  0.3, Max:  0.3, Diff:  0.0, Sum:  2.3, Workers: 8
[2025-05-20T20:42:35.953+0300][22308][1592 ][debug][gc,phases] GC(8)     Rebuild Free List: 0.1ms
[2025-05-20T20:42:35.953+0300][22308][1592 ][debug][gc,phases] GC(8)     Prepare For Mutator: 0.0ms
[2025-05-20T20:42:35.953+0300][22308][1592 ][debug][gc,phases] GC(8)     Expand Heap After Collection: 0.0ms
[2025-05-20T20:42:35.953+0300][22308][1592 ][info ][gc,phases] GC(8)   Other: 0.1ms
[2025-05-20T20:42:35.953+0300][22308][1592 ][info ][gc,heap  ] GC(8) Eden regions: 1227->0(1227)
[2025-05-20T20:42:35.953+0300][22308][1592 ][info ][gc,heap  ] GC(8) Survivor regions: 1->1(154)
[2025-05-20T20:42:35.953+0300][22308][1592 ][info ][gc,heap  ] GC(8) Old regions: 8->8
[2025-05-20T20:42:35.953+0300][22308][1592 ][info ][gc,heap  ] GC(8) Humongous regions: 6->6
[2025-05-20T20:42:35.953+0300][22308][1592 ][debug][gc,heap  ] GC(8) Heap after GC invocations=9 (full 1):
[2025-05-20T20:42:35.953+0300][22308][1592 ][debug][gc,heap  ] GC(8)  garbage-first heap   total 4194304K, used 16914K [0x0000000700000000, 0x0000000800000000)
[2025-05-20T20:42:35.953+0300][22308][1592 ][debug][gc,heap  ] GC(8)   region size 2048K, 1 young (2048K), 1 survivors (2048K)
[2025-05-20T20:42:35.953+0300][22308][1592 ][debug][gc,heap  ] GC(8)  Metaspace       used 8998K, committed 9536K, reserved 1114112K
[2025-05-20T20:42:35.953+0300][22308][1592 ][debug][gc,heap  ] GC(8)   class space    used 979K, committed 1216K, reserved 1048576K
[2025-05-20T20:42:35.953+0300][22308][1592 ][info ][gc       ] GC(8) Pause Young (Normal) (G1 Evacuation Pause) 2470M->16M(4096M) 4.735ms
[2025-05-20T20:42:35.953+0300][22308][1592 ][info ][safepoint] Safepoint "G1CollectForAllocation", Time since last: 853360100 ns, Reaching safepoint: 413600 ns, Cleanup: 25400 ns, At safepoint: 4797500 ns, Total: 5236500 ns
[2025-05-20T20:42:36.822+0300][22308][1592 ][debug][safepoint] Safepoint synchronization initiated using striped semaphore wait barrier. (19 threads)
[2025-05-20T20:42:36.822+0300][22308][8488 ][debug][safepoint] ... found polling page loop exception at pc = 0x0000017962fb5e33, stub =0x0000017962996600
[2025-05-20T20:42:36.822+0300][22308][16816][debug][safepoint] ... found polling page loop exception at pc = 0x0000017962fda0e6, stub =0x0000017962995d80
[2025-05-20T20:42:36.822+0300][22308][6208 ][debug][safepoint] ... found polling page loop exception at pc = 0x0000017963025355, stub =0x0000017962996600
[2025-05-20T20:42:36.822+0300][22308][3028 ][debug][safepoint] ... found polling page loop exception at pc = 0x0000017962f97760, stub =0x0000017962995d80
[2025-05-20T20:42:36.822+0300][22308][1592 ][debug][gc,heap  ] GC(9) Heap before GC invocations=9 (full 1):
[2025-05-20T20:42:36.822+0300][22308][1592 ][debug][gc,heap  ] GC(9)  garbage-first heap   total 4194304K, used 2529810K [0x0000000700000000, 0x0000000800000000)
[2025-05-20T20:42:36.822+0300][22308][1592 ][debug][gc,heap  ] GC(9)   region size 2048K, 1228 young (2514944K), 1 survivors (2048K)
[2025-05-20T20:42:36.822+0300][22308][1592 ][debug][gc,heap  ] GC(9)  Metaspace       used 8998K, committed 9536K, reserved 1114112K
[2025-05-20T20:42:36.822+0300][22308][1592 ][debug][gc,heap  ] GC(9)   class space    used 979K, committed 1216K, reserved 1048576K
[2025-05-20T20:42:36.823+0300][22308][1592 ][info ][gc,phases] GC(9)   Pre Evacuate Collection Set: 0.4ms
[2025-05-20T20:42:36.823+0300][22308][1592 ][debug][gc,phases] GC(9)     Pre Evacuate Prepare: 0.1ms
[2025-05-20T20:42:36.823+0300][22308][1592 ][debug][gc,phases] GC(9)       JT Retire TLABs And Flush Logs (ms): Min:  0.0, Avg:  0.0, Max:  0.0, Diff:  0.0, Sum:  0.0, Workers: 2
[2025-05-20T20:42:36.823+0300][22308][1592 ][debug][gc,phases] GC(9)       Non-JT Flush Logs (ms):        Min:  0.0, Avg:  0.0, Max:  0.0, Diff:  0.0, Sum:  0.0, Workers: 1
[2025-05-20T20:42:36.823+0300][22308][1592 ][debug][gc,phases] GC(9)     Choose Collection Set: 0.0ms
[2025-05-20T20:42:36.823+0300][22308][1592 ][debug][gc,phases] GC(9)     Region Register: 0.3ms
[2025-05-20T20:42:36.823+0300][22308][1592 ][debug][gc,phases] GC(9)     Prepare Heap Roots: 0.0ms
[2025-05-20T20:42:36.823+0300][22308][1592 ][info ][gc,phases] GC(9)   Merge Heap Roots: 0.2ms
[2025-05-20T20:42:36.823+0300][22308][1592 ][debug][gc,phases] GC(9)     Prepare Merge Heap Roots: 0.0ms
[2025-05-20T20:42:36.823+0300][22308][1592 ][debug][gc,phases] GC(9)     Remembered Sets (ms):          Min:  0.1, Avg:  0.1, Max:  0.1, Diff:  0.0, Sum:  1.1, Workers: 8
[2025-05-20T20:42:36.823+0300][22308][1592 ][debug][gc,phases] GC(9)       Eager Reclaim (ms):            Min:  0.0, Avg:  0.0, Max:  0.0, Diff:  0.0, Sum:  0.0, Workers: 1
[2025-05-20T20:42:36.823+0300][22308][1592 ][debug][gc,phases] GC(9)       Merged Inline                  Min: 0, Avg:  0.0, Max: 0, Diff: 0, Sum: 0, Workers: 8
[2025-05-20T20:42:36.823+0300][22308][1592 ][debug][gc,phases] GC(9)       Merged ArrayOfCards            Min: 0, Avg:  0.0, Max: 0, Diff: 0, Sum: 0, Workers: 8
[2025-05-20T20:42:36.823+0300][22308][1592 ][debug][gc,phases] GC(9)       Merged Howl                    Min: 0, Avg:  0.0, Max: 0, Diff: 0, Sum: 0, Workers: 8
[2025-05-20T20:42:36.823+0300][22308][1592 ][debug][gc,phases] GC(9)       Merged Full                    Min: 0, Avg:  0.0, Max: 0, Diff: 0, Sum: 0, Workers: 8
[2025-05-20T20:42:36.823+0300][22308][1592 ][debug][gc,phases] GC(9)       Merged Howl Inline             Min: 0, Avg:  0.0, Max: 0, Diff: 0, Sum: 0, Workers: 8
[2025-05-20T20:42:36.823+0300][22308][1592 ][debug][gc,phases] GC(9)       Merged Howl ArrayOfCards       Min: 0, Avg:  0.0, Max: 0, Diff: 0, Sum: 0, Workers: 8
[2025-05-20T20:42:36.823+0300][22308][1592 ][debug][gc,phases] GC(9)       Merged Howl BitMap             Min: 0, Avg:  0.0, Max: 0, Diff: 0, Sum: 0, Workers: 8
[2025-05-20T20:42:36.823+0300][22308][1592 ][debug][gc,phases] GC(9)       Merged Howl Full               Min: 0, Avg:  0.0, Max: 0, Diff: 0, Sum: 0, Workers: 8
[2025-05-20T20:42:36.823+0300][22308][1592 ][debug][gc,phases] GC(9)       Merged Cards                   Min: 8, Avg:  9.0, Max: 16, Diff: 8, Sum: 72, Workers: 8
[2025-05-20T20:42:36.823+0300][22308][1592 ][debug][gc,phases] GC(9)     Log Buffers (ms):              Min:  0.0, Avg:  0.0, Max:  0.0, Diff:  0.0, Sum:  0.0, Workers: 8
[2025-05-20T20:42:36.823+0300][22308][1592 ][debug][gc,phases] GC(9)       Dirty Cards:                   Min: 0, Avg: 31.2, Max: 118, Diff: 118, Sum: 250, Workers: 8
[2025-05-20T20:42:36.823+0300][22308][1592 ][debug][gc,phases] GC(9)       Skipped Cards:                 Min: 0, Avg:  0.0, Max: 0, Diff: 0, Sum: 0, Workers: 8
[2025-05-20T20:42:36.823+0300][22308][1592 ][info ][gc,phases] GC(9)   Evacuate Collection Set: 1.3ms
[2025-05-20T20:42:36.823+0300][22308][1592 ][debug][gc,phases] GC(9)     Ext Root Scanning (ms):        Min:  0.0, Avg:  0.1, Max:  0.5, Diff:  0.5, Sum:  0.9, Workers: 8
[2025-05-20T20:42:36.823+0300][22308][1592 ][debug][gc,phases] GC(9)     Scan Heap Roots (ms):          Min:  0.0, Avg:  0.0, Max:  0.1, Diff:  0.1, Sum:  0.4, Workers: 8
[2025-05-20T20:42:36.823+0300][22308][1592 ][debug][gc,phases] GC(9)       Scanned Cards:                 Min: 0, Avg: 30.9, Max: 57, Diff: 57, Sum: 247, Workers: 8
[2025-05-20T20:42:36.823+0300][22308][1592 ][debug][gc,phases] GC(9)       Scanned Blocks:                Min: 0, Avg: 19.0, Max: 31, Diff: 31, Sum: 152, Workers: 8
[2025-05-20T20:42:36.823+0300][22308][1592 ][debug][gc,phases] GC(9)       Claimed Chunks:                Min: 0, Avg:  4.4, Max: 8, Diff: 8, Sum: 35, Workers: 8
[2025-05-20T20:42:36.823+0300][22308][1592 ][debug][gc,phases] GC(9)       Found Roots:                   Min: 0, Avg: 154.9, Max: 404, Diff: 404, Sum: 1239, Workers: 8
[2025-05-20T20:42:36.823+0300][22308][1592 ][debug][gc,phases] GC(9)     Code Root Scan (ms):           Min:  0.1, Avg:  0.4, Max:  0.8, Diff:  0.7, Sum:  3.1, Workers: 8
[2025-05-20T20:42:36.823+0300][22308][1592 ][debug][gc,phases] GC(9)       Scanned Nmethods               Min: 0, Avg: 54.2, Max: 107, Diff: 107, Sum: 434, Workers: 8
[2025-05-20T20:42:36.823+0300][22308][1592 ][debug][gc,phases] GC(9)     Object Copy (ms):              Min:  0.1, Avg:  0.4, Max:  0.6, Diff:  0.5, Sum:  2.8, Workers: 8
[2025-05-20T20:42:36.823+0300][22308][1592 ][debug][gc,phases] GC(9)     Termination (ms):              Min:  0.0, Avg:  0.1, Max:  0.2, Diff:  0.1, Sum:  1.2, Workers: 8
[2025-05-20T20:42:36.823+0300][22308][1592 ][debug][gc,phases] GC(9)       Termination Attempts:          Min: 1, Avg:  1.0, Max: 1, Diff: 0, Sum: 8, Workers: 8
[2025-05-20T20:42:36.823+0300][22308][1592 ][debug][gc,phases] GC(9)     GC Worker Other (ms):          Min:  0.1, Avg:  0.1, Max:  0.1, Diff:  0.0, Sum:  0.9, Workers: 8
[2025-05-20T20:42:36.823+0300][22308][1592 ][debug][gc,phases] GC(9)     GC Worker Total (ms):          Min:  0.6, Avg:  1.2, Max:  1.3, Diff:  0.7, Sum:  9.2, Workers: 8
[2025-05-20T20:42:36.823+0300][22308][1592 ][info ][gc,phases] GC(9)   Post Evacuate Collection Set: 1.1ms
[2025-05-20T20:42:36.823+0300][22308][1592 ][debug][gc,phases] GC(9)     NMethod List Cleanup: 0.1ms
[2025-05-20T20:42:36.823+0300][22308][1592 ][debug][gc,phases] GC(9)     Reference Processing: 0.1ms
[2025-05-20T20:42:36.823+0300][22308][1592 ][debug][gc,phases] GC(9)     Weak Processing: 0.1ms
[2025-05-20T20:42:36.823+0300][22308][1592 ][debug][gc,phases] GC(9)       VM Weak                        Min:  0.0, Avg:  0.0, Max:  0.0, Diff:  0.0, Sum:  0.0, Workers: 8
[2025-05-20T20:42:36.823+0300][22308][1592 ][debug][gc,phases] GC(9)         Dead                           Min: 0, Avg:  0.0, Max: 0, Diff: 0, Sum: 0, Workers: 8
[2025-05-20T20:42:36.823+0300][22308][1592 ][debug][gc,phases] GC(9)         Total                          Min: 0, Avg: 46.5, Max: 128, Diff: 128, Sum: 372, Workers: 8
[2025-05-20T20:42:36.823+0300][22308][1592 ][debug][gc,phases] GC(9)       ObjectSynchronizer Weak        Min:  0.0, Avg:  0.0, Max:  0.0, Diff:  0.0, Sum:  0.0, Workers: 8
[2025-05-20T20:42:36.823+0300][22308][1592 ][debug][gc,phases] GC(9)         Dead                           Min: 0, Avg:  0.0, Max: 0, Diff: 0, Sum: 0, Workers: 8
[2025-05-20T20:42:36.823+0300][22308][1592 ][debug][gc,phases] GC(9)         Total                          Min: 0, Avg: 17.2, Max: 64, Diff: 64, Sum: 138, Workers: 8
[2025-05-20T20:42:36.823+0300][22308][1592 ][debug][gc,phases] GC(9)       JVMTI Tag Weak OopStorage      Min:  0.0, Avg:  0.0, Max:  0.0, Diff:  0.0, Sum:  0.0, Workers: 8
[2025-05-20T20:42:36.823+0300][22308][1592 ][debug][gc,phases] GC(9)         Dead                           Min: 0, Avg:  0.0, Max: 0, Diff: 0, Sum: 0, Workers: 8
[2025-05-20T20:42:36.823+0300][22308][1592 ][debug][gc,phases] GC(9)         Total                          Min: 0, Avg:  0.0, Max: 0, Diff: 0, Sum: 0, Workers: 8
[2025-05-20T20:42:36.823+0300][22308][1592 ][debug][gc,phases] GC(9)       StringTable Weak               Min:  0.0, Avg:  0.0, Max:  0.0, Diff:  0.0, Sum:  0.2, Workers: 8
[2025-05-20T20:42:36.823+0300][22308][1592 ][debug][gc,phases] GC(9)         Dead                           Min: 0, Avg:  0.0, Max: 0, Diff: 0, Sum: 0, Workers: 8
[2025-05-20T20:42:36.823+0300][22308][1592 ][debug][gc,phases] GC(9)         Total                          Min: 512, Avg: 778.1, Max: 896, Diff: 384, Sum: 6225, Workers: 8
[2025-05-20T20:42:36.823+0300][22308][1592 ][debug][gc,phases] GC(9)       ResolvedMethodTable Weak       Min:  0.0, Avg:  0.0, Max:  0.0, Diff:  0.0, Sum:  0.0, Workers: 8
[2025-05-20T20:42:36.823+0300][22308][1592 ][debug][gc,phases] GC(9)         Dead                           Min: 0, Avg:  0.0, Max: 0, Diff: 0, Sum: 0, Workers: 8
[2025-05-20T20:42:36.823+0300][22308][1592 ][debug][gc,phases] GC(9)         Total                          Min: 64, Avg: 108.8, Max: 192, Diff: 128, Sum: 870, Workers: 8
[2025-05-20T20:42:36.823+0300][22308][1592 ][debug][gc,phases] GC(9)       JNI Weak                       Min:  0.0, Avg:  0.0, Max:  0.0, Diff:  0.0, Sum:  0.0, Workers: 8
[2025-05-20T20:42:36.823+0300][22308][1592 ][debug][gc,phases] GC(9)         Dead                           Min: 0, Avg:  0.0, Max: 0, Diff: 0, Sum: 0, Workers: 8
[2025-05-20T20:42:36.823+0300][22308][1592 ][debug][gc,phases] GC(9)         Total                          Min: 0, Avg:  0.0, Max: 0, Diff: 0, Sum: 0, Workers: 8
[2025-05-20T20:42:36.823+0300][22308][1592 ][debug][gc,phases] GC(9)       StringDedup Table Weak         Min:  0.0, Avg:  0.0, Max:  0.0, Diff:  0.0, Sum:  0.0, Workers: 8
[2025-05-20T20:42:36.823+0300][22308][1592 ][debug][gc,phases] GC(9)         Dead                           Min: 0, Avg:  0.0, Max: 0, Diff: 0, Sum: 0, Workers: 8
[2025-05-20T20:42:36.823+0300][22308][1592 ][debug][gc,phases] GC(9)         Total                          Min: 0, Avg:  0.0, Max: 0, Diff: 0, Sum: 0, Workers: 8
[2025-05-20T20:42:36.823+0300][22308][1592 ][debug][gc,phases] GC(9)       StringDedup Requests0 Weak     Min:  0.0, Avg:  0.0, Max:  0.0, Diff:  0.0, Sum:  0.0, Workers: 8
[2025-05-20T20:42:36.823+0300][22308][1592 ][debug][gc,phases] GC(9)         Dead                           Min: 0, Avg:  0.0, Max: 0, Diff: 0, Sum: 0, Workers: 8
[2025-05-20T20:42:36.823+0300][22308][1592 ][debug][gc,phases] GC(9)         Total                          Min: 0, Avg:  0.0, Max: 0, Diff: 0, Sum: 0, Workers: 8
[2025-05-20T20:42:36.823+0300][22308][1592 ][debug][gc,phases] GC(9)       StringDedup Requests1 Weak     Min:  0.0, Avg:  0.0, Max:  0.0, Diff:  0.0, Sum:  0.0, Workers: 8
[2025-05-20T20:42:36.823+0300][22308][1592 ][debug][gc,phases] GC(9)         Dead                           Min: 0, Avg:  0.0, Max: 0, Diff: 0, Sum: 0, Workers: 8
[2025-05-20T20:42:36.823+0300][22308][1592 ][debug][gc,phases] GC(9)         Total                          Min: 0, Avg:  0.0, Max: 0, Diff: 0, Sum: 0, Workers: 8
[2025-05-20T20:42:36.823+0300][22308][1592 ][debug][gc,phases] GC(9)       Weak JFR Old Object Samples    Min:  0.0, Avg:  0.0, Max:  0.0, Diff:  0.0, Sum:  0.0, Workers: 8
[2025-05-20T20:42:36.823+0300][22308][1592 ][debug][gc,phases] GC(9)         Dead                           Min: 0, Avg:  0.0, Max: 0, Diff: 0, Sum: 0, Workers: 8
[2025-05-20T20:42:36.823+0300][22308][1592 ][debug][gc,phases] GC(9)         Total                          Min: 0, Avg:  0.0, Max: 0, Diff: 0, Sum: 0, Workers: 8
[2025-05-20T20:42:36.823+0300][22308][1592 ][debug][gc,phases] GC(9)     Post Evacuate Cleanup 1: 0.4ms
[2025-05-20T20:42:36.823+0300][22308][1592 ][debug][gc,phases] GC(9)       Merge Per-Thread State (ms):   Min:  0.1, Avg:  0.1, Max:  0.1, Diff:  0.0, Sum:  0.1, Workers: 1
[2025-05-20T20:42:36.823+0300][22308][1592 ][debug][gc,phases] GC(9)         Copied Bytes                   Min: 39352, Avg: 201815.0, Max: 303600, Diff: 264248, Sum: 1614520, Workers: 8
[2025-05-20T20:42:36.823+0300][22308][1592 ][debug][gc,phases] GC(9)         LAB Waste                      Min: 0, Avg: 295.0, Max: 1240, Diff: 1240, Sum: 2360, Workers: 8
[2025-05-20T20:42:36.823+0300][22308][1592 ][debug][gc,phases] GC(9)         LAB Undo Waste                 Min: 0, Avg:  0.0, Max: 0, Diff: 0, Sum: 0, Workers: 8
[2025-05-20T20:42:36.823+0300][22308][1592 ][debug][gc,phases] GC(9)       Clear Logged Cards (ms):       Min:  0.0, Avg:  0.2, Max:  0.4, Diff:  0.4, Sum:  1.6, Workers: 7
[2025-05-20T20:42:36.823+0300][22308][1592 ][debug][gc,phases] GC(9)       Recalculate Used Memory (ms):  Min:  0.0, Avg:  0.0, Max:  0.0, Diff:  0.0, Sum:  0.0, Workers: 1
[2025-05-20T20:42:36.823+0300][22308][1592 ][debug][gc,phases] GC(9)     Post Evacuate Cleanup 2: 0.4ms
[2025-05-20T20:42:36.823+0300][22308][1592 ][debug][gc,phases] GC(9)       Update Derived Pointers (ms):  Min:  0.0, Avg:  0.0, Max:  0.0, Diff:  0.0, Sum:  0.0, Workers: 1
[2025-05-20T20:42:36.823+0300][22308][1592 ][debug][gc,phases] GC(9)       Eagerly Reclaim Humongous Objects (ms): Min:  0.0, Avg:  0.0, Max:  0.0, Diff:  0.0, Sum:  0.0, Workers: 1
[2025-05-20T20:42:36.823+0300][22308][1592 ][debug][gc,phases] GC(9)         Humongous Total                Min: 3, Avg:  3.0, Max: 3, Diff: 0, Sum: 3, Workers: 1
[2025-05-20T20:42:36.823+0300][22308][1592 ][debug][gc,phases] GC(9)         Humongous Candidates           Min: 3, Avg:  3.0, Max: 3, Diff: 0, Sum: 3, Workers: 1
[2025-05-20T20:42:36.823+0300][22308][1592 ][debug][gc,phases] GC(9)         Humongous Reclaimed            Min: 0, Avg:  0.0, Max: 0, Diff: 0, Sum: 0, Workers: 1
[2025-05-20T20:42:36.823+0300][22308][1592 ][debug][gc,phases] GC(9)       Redirty Logged Cards (ms):     Min:  0.0, Avg:  0.0, Max:  0.0, Diff:  0.0, Sum:  0.0, Workers: 8
[2025-05-20T20:42:36.823+0300][22308][1592 ][debug][gc,phases] GC(9)         Redirtied Cards:               Min: 0, Avg: 30.6, Max: 85, Diff: 85, Sum: 245, Workers: 8
[2025-05-20T20:42:36.823+0300][22308][1592 ][debug][gc,phases] GC(9)       Resize TLABs (ms):             Min:  0.0, Avg:  0.0, Max:  0.0, Diff:  0.0, Sum:  0.0, Workers: 8
[2025-05-20T20:42:36.823+0300][22308][1592 ][debug][gc,phases] GC(9)       Free Collection Set (ms):      Min:  0.2, Avg:  0.3, Max:  0.3, Diff:  0.1, Sum:  2.1, Workers: 8
[2025-05-20T20:42:36.823+0300][22308][1592 ][debug][gc,phases] GC(9)     Rebuild Free List: 0.1ms
[2025-05-20T20:42:36.823+0300][22308][1592 ][debug][gc,phases] GC(9)     Prepare For Mutator: 0.0ms
[2025-05-20T20:42:36.823+0300][22308][1592 ][debug][gc,phases] GC(9)     Expand Heap After Collection: 0.0ms
[2025-05-20T20:42:36.823+0300][22308][1592 ][info ][gc,phases] GC(9)   Other: 0.1ms
[2025-05-20T20:42:36.823+0300][22308][1592 ][info ][gc,heap  ] GC(9) Eden regions: 1227->0(1227)
[2025-05-20T20:42:36.823+0300][22308][1592 ][info ][gc,heap  ] GC(9) Survivor regions: 1->1(154)
[2025-05-20T20:42:36.823+0300][22308][1592 ][info ][gc,heap  ] GC(9) Old regions: 8->8
[2025-05-20T20:42:36.823+0300][22308][1592 ][info ][gc,heap  ] GC(9) Humongous regions: 6->6
[2025-05-20T20:42:36.823+0300][22308][1592 ][debug][gc,heap  ] GC(9) Heap after GC invocations=10 (full 1):
[2025-05-20T20:42:36.823+0300][22308][1592 ][debug][gc,heap  ] GC(9)  garbage-first heap   total 4194304K, used 16979K [0x0000000700000000, 0x0000000800000000)
[2025-05-20T20:42:36.823+0300][22308][1592 ][debug][gc,heap  ] GC(9)   region size 2048K, 1 young (2048K), 1 survivors (2048K)
[2025-05-20T20:42:36.823+0300][22308][1592 ][debug][gc,heap  ] GC(9)  Metaspace       used 8998K, committed 9536K, reserved 1114112K
[2025-05-20T20:42:36.823+0300][22308][1592 ][debug][gc,heap  ] GC(9)   class space    used 979K, committed 1216K, reserved 1048576K
[2025-05-20T20:42:36.823+0300][22308][1592 ][info ][gc       ] GC(9) Pause Young (Normal) (G1 Evacuation Pause) 2470M->16M(4096M) 4.943ms
[2025-05-20T20:42:36.823+0300][22308][1592 ][info ][safepoint] Safepoint "G1CollectForAllocation", Time since last: 864355600 ns, Reaching safepoint: 322900 ns, Cleanup: 29700 ns, At safepoint: 5017200 ns, Total: 5369800 ns
[2025-05-20T20:42:37.606+0300][22308][1592 ][debug][safepoint] Safepoint synchronization initiated using striped semaphore wait barrier. (19 threads)
[2025-05-20T20:42:37.606+0300][22308][16816][debug][safepoint] ... found polling page loop exception at pc = 0x0000017962f97760, stub =0x0000017962995d80
[2025-05-20T20:42:37.606+0300][22308][16060][debug][safepoint] ... found polling page loop exception at pc = 0x0000017962f97760, stub =0x0000017962995d80
[2025-05-20T20:42:37.606+0300][22308][6208 ][debug][safepoint] ... found polling page loop exception at pc = 0x0000017962f97760, stub =0x0000017962995d80
[2025-05-20T20:42:37.606+0300][22308][4660 ][debug][safepoint] ... found polling page loop exception at pc = 0x0000017962f99ff7, stub =0x0000017962996600
[2025-05-20T20:42:37.606+0300][22308][1592 ][debug][gc,heap  ] GC(10) Heap before GC invocations=10 (full 1):
[2025-05-20T20:42:37.606+0300][22308][1592 ][debug][gc,heap  ] GC(10)  garbage-first heap   total 4194304K, used 2529875K [0x0000000700000000, 0x0000000800000000)
[2025-05-20T20:42:37.606+0300][22308][1592 ][debug][gc,heap  ] GC(10)   region size 2048K, 1228 young (2514944K), 1 survivors (2048K)
[2025-05-20T20:42:37.606+0300][22308][1592 ][debug][gc,heap  ] GC(10)  Metaspace       used 9000K, committed 9536K, reserved 1114112K
[2025-05-20T20:42:37.606+0300][22308][1592 ][debug][gc,heap  ] GC(10)   class space    used 979K, committed 1216K, reserved 1048576K
[2025-05-20T20:42:37.606+0300][22308][1592 ][info ][gc,phases] GC(10)   Pre Evacuate Collection Set: 0.3ms
[2025-05-20T20:42:37.606+0300][22308][1592 ][debug][gc,phases] GC(10)     Pre Evacuate Prepare: 0.0ms
[2025-05-20T20:42:37.606+0300][22308][1592 ][debug][gc,phases] GC(10)       JT Retire TLABs And Flush Logs (ms): Min:  0.0, Avg:  0.0, Max:  0.0, Diff:  0.0, Sum:  0.0, Workers: 2
[2025-05-20T20:42:37.606+0300][22308][1592 ][debug][gc,phases] GC(10)       Non-JT Flush Logs (ms):        Min:  0.0, Avg:  0.0, Max:  0.0, Diff:  0.0, Sum:  0.0, Workers: 1
[2025-05-20T20:42:37.606+0300][22308][1592 ][debug][gc,phases] GC(10)     Choose Collection Set: 0.0ms
[2025-05-20T20:42:37.606+0300][22308][1592 ][debug][gc,phases] GC(10)     Region Register: 0.2ms
[2025-05-20T20:42:37.606+0300][22308][1592 ][debug][gc,phases] GC(10)     Prepare Heap Roots: 0.0ms
[2025-05-20T20:42:37.606+0300][22308][1592 ][info ][gc,phases] GC(10)   Merge Heap Roots: 0.2ms
[2025-05-20T20:42:37.606+0300][22308][1592 ][debug][gc,phases] GC(10)     Prepare Merge Heap Roots: 0.0ms
[2025-05-20T20:42:37.606+0300][22308][1592 ][debug][gc,phases] GC(10)     Remembered Sets (ms):          Min:  0.1, Avg:  0.1, Max:  0.1, Diff:  0.0, Sum:  1.0, Workers: 8
[2025-05-20T20:42:37.606+0300][22308][1592 ][debug][gc,phases] GC(10)       Eager Reclaim (ms):            Min:  0.0, Avg:  0.0, Max:  0.0, Diff:  0.0, Sum:  0.0, Workers: 1
[2025-05-20T20:42:37.606+0300][22308][1592 ][debug][gc,phases] GC(10)       Merged Inline                  Min: 0, Avg:  0.0, Max: 0, Diff: 0, Sum: 0, Workers: 8
[2025-05-20T20:42:37.606+0300][22308][1592 ][debug][gc,phases] GC(10)       Merged ArrayOfCards            Min: 0, Avg:  0.0, Max: 0, Diff: 0, Sum: 0, Workers: 8
[2025-05-20T20:42:37.606+0300][22308][1592 ][debug][gc,phases] GC(10)       Merged Howl                    Min: 0, Avg:  0.0, Max: 0, Diff: 0, Sum: 0, Workers: 8
[2025-05-20T20:42:37.606+0300][22308][1592 ][debug][gc,phases] GC(10)       Merged Full                    Min: 0, Avg:  0.0, Max: 0, Diff: 0, Sum: 0, Workers: 8
[2025-05-20T20:42:37.606+0300][22308][1592 ][debug][gc,phases] GC(10)       Merged Howl Inline             Min: 0, Avg:  0.0, Max: 0, Diff: 0, Sum: 0, Workers: 8
[2025-05-20T20:42:37.606+0300][22308][1592 ][debug][gc,phases] GC(10)       Merged Howl ArrayOfCards       Min: 0, Avg:  0.0, Max: 0, Diff: 0, Sum: 0, Workers: 8
[2025-05-20T20:42:37.606+0300][22308][1592 ][debug][gc,phases] GC(10)       Merged Howl BitMap             Min: 0, Avg:  0.0, Max: 0, Diff: 0, Sum: 0, Workers: 8
[2025-05-20T20:42:37.606+0300][22308][1592 ][debug][gc,phases] GC(10)       Merged Howl Full               Min: 0, Avg:  0.0, Max: 0, Diff: 0, Sum: 0, Workers: 8
[2025-05-20T20:42:37.606+0300][22308][1592 ][debug][gc,phases] GC(10)       Merged Cards                   Min: 8, Avg:  9.0, Max: 16, Diff: 8, Sum: 72, Workers: 8
[2025-05-20T20:42:37.606+0300][22308][1592 ][debug][gc,phases] GC(10)     Log Buffers (ms):              Min:  0.0, Avg:  0.0, Max:  0.0, Diff:  0.0, Sum:  0.0, Workers: 8
[2025-05-20T20:42:37.606+0300][22308][1592 ][debug][gc,phases] GC(10)       Dirty Cards:                   Min: 0, Avg: 31.2, Max: 125, Diff: 125, Sum: 250, Workers: 8
[2025-05-20T20:42:37.606+0300][22308][1592 ][debug][gc,phases] GC(10)       Skipped Cards:                 Min: 0, Avg:  0.0, Max: 0, Diff: 0, Sum: 0, Workers: 8
[2025-05-20T20:42:37.606+0300][22308][1592 ][info ][gc,phases] GC(10)   Evacuate Collection Set: 1.4ms
[2025-05-20T20:42:37.606+0300][22308][1592 ][debug][gc,phases] GC(10)     Ext Root Scanning (ms):        Min:  0.0, Avg:  0.1, Max:  0.6, Diff:  0.5, Sum:  1.0, Workers: 8
[2025-05-20T20:42:37.606+0300][22308][1592 ][debug][gc,phases] GC(10)     Scan Heap Roots (ms):          Min:  0.0, Avg:  0.1, Max:  0.1, Diff:  0.1, Sum:  0.4, Workers: 8
[2025-05-20T20:42:37.606+0300][22308][1592 ][debug][gc,phases] GC(10)       Scanned Cards:                 Min: 0, Avg: 30.9, Max: 52, Diff: 52, Sum: 247, Workers: 8
[2025-05-20T20:42:37.606+0300][22308][1592 ][debug][gc,phases] GC(10)       Scanned Blocks:                Min: 0, Avg: 18.9, Max: 31, Diff: 31, Sum: 151, Workers: 8
[2025-05-20T20:42:37.606+0300][22308][1592 ][debug][gc,phases] GC(10)       Claimed Chunks:                Min: 0, Avg:  4.4, Max: 8, Diff: 8, Sum: 35, Workers: 8
[2025-05-20T20:42:37.606+0300][22308][1592 ][debug][gc,phases] GC(10)       Found Roots:                   Min: 0, Avg: 154.9, Max: 373, Diff: 373, Sum: 1239, Workers: 8
[2025-05-20T20:42:37.606+0300][22308][1592 ][debug][gc,phases] GC(10)     Code Root Scan (ms):           Min:  0.1, Avg:  0.4, Max:  0.5, Diff:  0.4, Sum:  2.9, Workers: 8
[2025-05-20T20:42:37.606+0300][22308][1592 ][debug][gc,phases] GC(10)       Scanned Nmethods               Min: 0, Avg: 54.2, Max: 97, Diff: 97, Sum: 434, Workers: 8
[2025-05-20T20:42:37.606+0300][22308][1592 ][debug][gc,phases] GC(10)     Object Copy (ms):              Min:  0.3, Avg:  0.4, Max:  0.5, Diff:  0.3, Sum:  3.2, Workers: 8
[2025-05-20T20:42:37.606+0300][22308][1592 ][debug][gc,phases] GC(10)     Termination (ms):              Min:  0.0, Avg:  0.3, Max:  0.4, Diff:  0.3, Sum:  2.3, Workers: 8
[2025-05-20T20:42:37.606+0300][22308][1592 ][debug][gc,phases] GC(10)       Termination Attempts:          Min: 1, Avg:  3.9, Max: 6, Diff: 5, Sum: 31, Workers: 8
[2025-05-20T20:42:37.606+0300][22308][1592 ][debug][gc,phases] GC(10)     GC Worker Other (ms):          Min:  0.1, Avg:  0.1, Max:  0.1, Diff:  0.0, Sum:  0.9, Workers: 8
[2025-05-20T20:42:37.606+0300][22308][1592 ][debug][gc,phases] GC(10)     GC Worker Total (ms):          Min:  1.3, Avg:  1.3, Max:  1.4, Diff:  0.0, Sum: 10.8, Workers: 8
[2025-05-20T20:42:37.606+0300][22308][1592 ][info ][gc,phases] GC(10)   Post Evacuate Collection Set: 1.0ms
[2025-05-20T20:42:37.606+0300][22308][1592 ][debug][gc,phases] GC(10)     NMethod List Cleanup: 0.0ms
[2025-05-20T20:42:37.606+0300][22308][1592 ][debug][gc,phases] GC(10)     Reference Processing: 0.1ms
[2025-05-20T20:42:37.606+0300][22308][1592 ][debug][gc,phases] GC(10)     Weak Processing: 0.1ms
[2025-05-20T20:42:37.606+0300][22308][1592 ][debug][gc,phases] GC(10)       VM Weak                        Min:  0.0, Avg:  0.0, Max:  0.0, Diff:  0.0, Sum:  0.0, Workers: 8
[2025-05-20T20:42:37.606+0300][22308][1592 ][debug][gc,phases] GC(10)         Dead                           Min: 0, Avg:  0.0, Max: 0, Diff: 0, Sum: 0, Workers: 8
[2025-05-20T20:42:37.606+0300][22308][1592 ][debug][gc,phases] GC(10)         Total                          Min: 0, Avg: 46.5, Max: 128, Diff: 128, Sum: 372, Workers: 8
[2025-05-20T20:42:37.606+0300][22308][1592 ][debug][gc,phases] GC(10)       ObjectSynchronizer Weak        Min:  0.0, Avg:  0.0, Max:  0.0, Diff:  0.0, Sum:  0.0, Workers: 8
[2025-05-20T20:42:37.606+0300][22308][1592 ][debug][gc,phases] GC(10)         Dead                           Min: 0, Avg:  0.0, Max: 0, Diff: 0, Sum: 0, Workers: 8
[2025-05-20T20:42:37.606+0300][22308][1592 ][debug][gc,phases] GC(10)         Total                          Min: 0, Avg: 17.2, Max: 64, Diff: 64, Sum: 138, Workers: 8
[2025-05-20T20:42:37.606+0300][22308][1592 ][debug][gc,phases] GC(10)       JVMTI Tag Weak OopStorage      Min:  0.0, Avg:  0.0, Max:  0.0, Diff:  0.0, Sum:  0.0, Workers: 8
[2025-05-20T20:42:37.606+0300][22308][1592 ][debug][gc,phases] GC(10)         Dead                           Min: 0, Avg:  0.0, Max: 0, Diff: 0, Sum: 0, Workers: 8
[2025-05-20T20:42:37.606+0300][22308][1592 ][debug][gc,phases] GC(10)         Total                          Min: 0, Avg:  0.0, Max: 0, Diff: 0, Sum: 0, Workers: 8
[2025-05-20T20:42:37.606+0300][22308][1592 ][debug][gc,phases] GC(10)       StringTable Weak               Min:  0.0, Avg:  0.0, Max:  0.0, Diff:  0.0, Sum:  0.1, Workers: 8
[2025-05-20T20:42:37.606+0300][22308][1592 ][debug][gc,phases] GC(10)         Dead                           Min: 0, Avg:  0.0, Max: 0, Diff: 0, Sum: 0, Workers: 8
[2025-05-20T20:42:37.606+0300][22308][1592 ][debug][gc,phases] GC(10)         Total                          Min: 640, Avg: 778.1, Max: 896, Diff: 256, Sum: 6225, Workers: 8
[2025-05-20T20:42:37.606+0300][22308][1592 ][debug][gc,phases] GC(10)       ResolvedMethodTable Weak       Min:  0.0, Avg:  0.0, Max:  0.0, Diff:  0.0, Sum:  0.0, Workers: 8
[2025-05-20T20:42:37.606+0300][22308][1592 ][debug][gc,phases] GC(10)         Dead                           Min: 0, Avg:  0.0, Max: 0, Diff: 0, Sum: 0, Workers: 8
[2025-05-20T20:42:37.606+0300][22308][1592 ][debug][gc,phases] GC(10)         Total                          Min: 64, Avg: 108.8, Max: 231, Diff: 167, Sum: 870, Workers: 8
[2025-05-20T20:42:37.606+0300][22308][1592 ][debug][gc,phases] GC(10)       JNI Weak                       Min:  0.0, Avg:  0.0, Max:  0.0, Diff:  0.0, Sum:  0.0, Workers: 8
[2025-05-20T20:42:37.606+0300][22308][1592 ][debug][gc,phases] GC(10)         Dead                           Min: 0, Avg:  0.0, Max: 0, Diff: 0, Sum: 0, Workers: 8
[2025-05-20T20:42:37.606+0300][22308][1592 ][debug][gc,phases] GC(10)         Total                          Min: 0, Avg:  0.0, Max: 0, Diff: 0, Sum: 0, Workers: 8
[2025-05-20T20:42:37.606+0300][22308][1592 ][debug][gc,phases] GC(10)       StringDedup Table Weak         Min:  0.0, Avg:  0.0, Max:  0.0, Diff:  0.0, Sum:  0.0, Workers: 8
[2025-05-20T20:42:37.606+0300][22308][1592 ][debug][gc,phases] GC(10)         Dead                           Min: 0, Avg:  0.0, Max: 0, Diff: 0, Sum: 0, Workers: 8
[2025-05-20T20:42:37.606+0300][22308][1592 ][debug][gc,phases] GC(10)         Total                          Min: 0, Avg:  0.0, Max: 0, Diff: 0, Sum: 0, Workers: 8
[2025-05-20T20:42:37.606+0300][22308][1592 ][debug][gc,phases] GC(10)       StringDedup Requests0 Weak     Min:  0.0, Avg:  0.0, Max:  0.0, Diff:  0.0, Sum:  0.0, Workers: 8
[2025-05-20T20:42:37.606+0300][22308][1592 ][debug][gc,phases] GC(10)         Dead                           Min: 0, Avg:  0.0, Max: 0, Diff: 0, Sum: 0, Workers: 8
[2025-05-20T20:42:37.606+0300][22308][1592 ][debug][gc,phases] GC(10)         Total                          Min: 0, Avg:  0.0, Max: 0, Diff: 0, Sum: 0, Workers: 8
[2025-05-20T20:42:37.606+0300][22308][1592 ][debug][gc,phases] GC(10)       StringDedup Requests1 Weak     Min:  0.0, Avg:  0.0, Max:  0.0, Diff:  0.0, Sum:  0.0, Workers: 8
[2025-05-20T20:42:37.606+0300][22308][1592 ][debug][gc,phases] GC(10)         Dead                           Min: 0, Avg:  0.0, Max: 0, Diff: 0, Sum: 0, Workers: 8
[2025-05-20T20:42:37.606+0300][22308][1592 ][debug][gc,phases] GC(10)         Total                          Min: 0, Avg:  0.0, Max: 0, Diff: 0, Sum: 0, Workers: 8
[2025-05-20T20:42:37.606+0300][22308][1592 ][debug][gc,phases] GC(10)       Weak JFR Old Object Samples    Min:  0.0, Avg:  0.0, Max:  0.0, Diff:  0.0, Sum:  0.0, Workers: 8
[2025-05-20T20:42:37.606+0300][22308][1592 ][debug][gc,phases] GC(10)         Dead                           Min: 0, Avg:  0.0, Max: 0, Diff: 0, Sum: 0, Workers: 8
[2025-05-20T20:42:37.606+0300][22308][1592 ][debug][gc,phases] GC(10)         Total                          Min: 0, Avg:  0.0, Max: 0, Diff: 0, Sum: 0, Workers: 8
[2025-05-20T20:42:37.606+0300][22308][1592 ][debug][gc,phases] GC(10)     Post Evacuate Cleanup 1: 0.3ms
[2025-05-20T20:42:37.606+0300][22308][1592 ][debug][gc,phases] GC(10)       Merge Per-Thread State (ms):   Min:  0.1, Avg:  0.1, Max:  0.1, Diff:  0.0, Sum:  0.1, Workers: 1
[2025-05-20T20:42:37.606+0300][22308][1592 ][debug][gc,phases] GC(10)         Copied Bytes                   Min: 98504, Avg: 200377.0, Max: 328568, Diff: 230064, Sum: 1603016, Workers: 8
[2025-05-20T20:42:37.606+0300][22308][1592 ][debug][gc,phases] GC(10)         LAB Waste                      Min: 48, Avg: 282.0, Max: 1120, Diff: 1072, Sum: 2256, Workers: 8
[2025-05-20T20:42:37.606+0300][22308][1592 ][debug][gc,phases] GC(10)         LAB Undo Waste                 Min: 0, Avg:  0.0, Max: 0, Diff: 0, Sum: 0, Workers: 8
[2025-05-20T20:42:37.606+0300][22308][1592 ][debug][gc,phases] GC(10)       Clear Logged Cards (ms):       Min:  0.0, Avg:  0.2, Max:  0.3, Diff:  0.3, Sum:  1.1, Workers: 7
[2025-05-20T20:42:37.606+0300][22308][1592 ][debug][gc,phases] GC(10)       Recalculate Used Memory (ms):  Min:  0.0, Avg:  0.0, Max:  0.0, Diff:  0.0, Sum:  0.0, Workers: 1
[2025-05-20T20:42:37.606+0300][22308][1592 ][debug][gc,phases] GC(10)     Post Evacuate Cleanup 2: 0.4ms
[2025-05-20T20:42:37.606+0300][22308][1592 ][debug][gc,phases] GC(10)       Update Derived Pointers (ms):  Min:  0.0, Avg:  0.0, Max:  0.0, Diff:  0.0, Sum:  0.0, Workers: 1
[2025-05-20T20:42:37.606+0300][22308][1592 ][debug][gc,phases] GC(10)       Eagerly Reclaim Humongous Objects (ms): Min:  0.0, Avg:  0.0, Max:  0.0, Diff:  0.0, Sum:  0.0, Workers: 1
[2025-05-20T20:42:37.606+0300][22308][1592 ][debug][gc,phases] GC(10)         Humongous Total                Min: 3, Avg:  3.0, Max: 3, Diff: 0, Sum: 3, Workers: 1
[2025-05-20T20:42:37.606+0300][22308][1592 ][debug][gc,phases] GC(10)         Humongous Candidates           Min: 3, Avg:  3.0, Max: 3, Diff: 0, Sum: 3, Workers: 1
[2025-05-20T20:42:37.606+0300][22308][1592 ][debug][gc,phases] GC(10)         Humongous Reclaimed            Min: 0, Avg:  0.0, Max: 0, Diff: 0, Sum: 0, Workers: 1
[2025-05-20T20:42:37.606+0300][22308][1592 ][debug][gc,phases] GC(10)       Redirty Logged Cards (ms):     Min:  0.0, Avg:  0.0, Max:  0.0, Diff:  0.0, Sum:  0.0, Workers: 8
[2025-05-20T20:42:37.606+0300][22308][1592 ][debug][gc,phases] GC(10)         Redirtied Cards:               Min: 0, Avg: 30.5, Max: 100, Diff: 100, Sum: 244, Workers: 8
[2025-05-20T20:42:37.606+0300][22308][1592 ][debug][gc,phases] GC(10)       Resize TLABs (ms):             Min:  0.0, Avg:  0.0, Max:  0.0, Diff:  0.0, Sum:  0.0, Workers: 8
[2025-05-20T20:42:37.606+0300][22308][1592 ][debug][gc,phases] GC(10)       Free Collection Set (ms):      Min:  0.3, Avg:  0.3, Max:  0.3, Diff:  0.1, Sum:  2.4, Workers: 8
[2025-05-20T20:42:37.606+0300][22308][1592 ][debug][gc,phases] GC(10)     Rebuild Free List: 0.1ms
[2025-05-20T20:42:37.606+0300][22308][1592 ][debug][gc,phases] GC(10)     Prepare For Mutator: 0.0ms
[2025-05-20T20:42:37.606+0300][22308][1592 ][debug][gc,phases] GC(10)     Expand Heap After Collection: 0.0ms
[2025-05-20T20:42:37.606+0300][22308][1592 ][info ][gc,phases] GC(10)   Other: 0.1ms
[2025-05-20T20:42:37.606+0300][22308][1592 ][info ][gc,heap  ] GC(10) Eden regions: 1227->0(1227)
[2025-05-20T20:42:37.606+0300][22308][1592 ][info ][gc,heap  ] GC(10) Survivor regions: 1->1(154)
[2025-05-20T20:42:37.606+0300][22308][1592 ][info ][gc,heap  ] GC(10) Old regions: 8->8
[2025-05-20T20:42:37.606+0300][22308][1592 ][info ][gc,heap  ] GC(10) Humongous regions: 6->6
[2025-05-20T20:42:37.606+0300][22308][1592 ][debug][gc,heap  ] GC(10) Heap after GC invocations=11 (full 1):
[2025-05-20T20:42:37.606+0300][22308][1592 ][debug][gc,heap  ] GC(10)  garbage-first heap   total 4194304K, used 16931K [0x0000000700000000, 0x0000000800000000)
[2025-05-20T20:42:37.606+0300][22308][1592 ][debug][gc,heap  ] GC(10)   region size 2048K, 1 young (2048K), 1 survivors (2048K)
[2025-05-20T20:42:37.606+0300][22308][1592 ][debug][gc,heap  ] GC(10)  Metaspace       used 9000K, committed 9536K, reserved 1114112K
[2025-05-20T20:42:37.606+0300][22308][1592 ][debug][gc,heap  ] GC(10)   class space    used 979K, committed 1216K, reserved 1048576K
[2025-05-20T20:42:37.606+0300][22308][1592 ][info ][gc       ] GC(10) Pause Young (Normal) (G1 Evacuation Pause) 2470M->16M(4096M) 4.735ms
[2025-05-20T20:42:37.606+0300][22308][1592 ][info ][safepoint] Safepoint "G1CollectForAllocation", Time since last: 779904400 ns, Reaching safepoint: 342900 ns, Cleanup: 15900 ns, At safepoint: 4795100 ns, Total: 5153900 ns
[2025-05-20T20:42:38.466+0300][22308][1592 ][debug][safepoint] Safepoint synchronization initiated using striped semaphore wait barrier. (19 threads)
[2025-05-20T20:42:38.466+0300][22308][16060][debug][safepoint] ... found polling page loop exception at pc = 0x0000017962f97760, stub =0x0000017962995d80
[2025-05-20T20:42:38.466+0300][22308][17540][debug][safepoint] ... found polling page loop exception at pc = 0x0000017962fa2ba2, stub =0x0000017962996600
[2025-05-20T20:42:38.466+0300][22308][8488 ][debug][safepoint] ... found polling page loop exception at pc = 0x0000017962f97760, stub =0x0000017962995d80
[2025-05-20T20:42:38.466+0300][22308][19596][debug][safepoint] ... found polling page loop exception at pc = 0x0000017962f97760, stub =0x0000017962995d80
[2025-05-20T20:42:38.466+0300][22308][6208 ][debug][safepoint] ... found polling page loop exception at pc = 0x0000017962f97760, stub =0x0000017962995d80
[2025-05-20T20:42:38.466+0300][22308][1592 ][debug][gc,heap  ] GC(11) Heap before GC invocations=11 (full 1):
[2025-05-20T20:42:38.466+0300][22308][1592 ][debug][gc,heap  ] GC(11)  garbage-first heap   total 4194304K, used 2529827K [0x0000000700000000, 0x0000000800000000)
[2025-05-20T20:42:38.466+0300][22308][1592 ][debug][gc,heap  ] GC(11)   region size 2048K, 1228 young (2514944K), 1 survivors (2048K)
[2025-05-20T20:42:38.466+0300][22308][1592 ][debug][gc,heap  ] GC(11)  Metaspace       used 9000K, committed 9536K, reserved 1114112K
[2025-05-20T20:42:38.466+0300][22308][1592 ][debug][gc,heap  ] GC(11)   class space    used 979K, committed 1216K, reserved 1048576K
[2025-05-20T20:42:38.470+0300][22308][1592 ][info ][gc,phases] GC(11)   Pre Evacuate Collection Set: 0.3ms
[2025-05-20T20:42:38.470+0300][22308][1592 ][debug][gc,phases] GC(11)     Pre Evacuate Prepare: 0.1ms
[2025-05-20T20:42:38.470+0300][22308][1592 ][debug][gc,phases] GC(11)       JT Retire TLABs And Flush Logs (ms): Min:  0.0, Avg:  0.0, Max:  0.0, Diff:  0.0, Sum:  0.0, Workers: 2
[2025-05-20T20:42:38.470+0300][22308][1592 ][debug][gc,phases] GC(11)       Non-JT Flush Logs (ms):        Min:  0.0, Avg:  0.0, Max:  0.0, Diff:  0.0, Sum:  0.0, Workers: 1
[2025-05-20T20:42:38.470+0300][22308][1592 ][debug][gc,phases] GC(11)     Choose Collection Set: 0.0ms
[2025-05-20T20:42:38.470+0300][22308][1592 ][debug][gc,phases] GC(11)     Region Register: 0.2ms
[2025-05-20T20:42:38.470+0300][22308][1592 ][debug][gc,phases] GC(11)     Prepare Heap Roots: 0.0ms
[2025-05-20T20:42:38.470+0300][22308][1592 ][info ][gc,phases] GC(11)   Merge Heap Roots: 0.2ms
[2025-05-20T20:42:38.470+0300][22308][1592 ][debug][gc,phases] GC(11)     Prepare Merge Heap Roots: 0.0ms
[2025-05-20T20:42:38.470+0300][22308][1592 ][debug][gc,phases] GC(11)     Remembered Sets (ms):          Min:  0.0, Avg:  0.1, Max:  0.1, Diff:  0.1, Sum:  1.0, Workers: 8
[2025-05-20T20:42:38.470+0300][22308][1592 ][debug][gc,phases] GC(11)       Eager Reclaim (ms):            Min:  0.0, Avg:  0.0, Max:  0.0, Diff:  0.0, Sum:  0.0, Workers: 1
[2025-05-20T20:42:38.470+0300][22308][1592 ][debug][gc,phases] GC(11)       Merged Inline                  Min: 0, Avg:  0.0, Max: 0, Diff: 0, Sum: 0, Workers: 8
[2025-05-20T20:42:38.470+0300][22308][1592 ][debug][gc,phases] GC(11)       Merged ArrayOfCards            Min: 0, Avg:  0.0, Max: 0, Diff: 0, Sum: 0, Workers: 8
[2025-05-20T20:42:38.470+0300][22308][1592 ][debug][gc,phases] GC(11)       Merged Howl                    Min: 0, Avg:  0.0, Max: 0, Diff: 0, Sum: 0, Workers: 8
[2025-05-20T20:42:38.470+0300][22308][1592 ][debug][gc,phases] GC(11)       Merged Full                    Min: 0, Avg:  0.0, Max: 0, Diff: 0, Sum: 0, Workers: 8
[2025-05-20T20:42:38.470+0300][22308][1592 ][debug][gc,phases] GC(11)       Merged Howl Inline             Min: 0, Avg:  0.0, Max: 0, Diff: 0, Sum: 0, Workers: 8
[2025-05-20T20:42:38.470+0300][22308][1592 ][debug][gc,phases] GC(11)       Merged Howl ArrayOfCards       Min: 0, Avg:  0.0, Max: 0, Diff: 0, Sum: 0, Workers: 8
[2025-05-20T20:42:38.470+0300][22308][1592 ][debug][gc,phases] GC(11)       Merged Howl BitMap             Min: 0, Avg:  0.0, Max: 0, Diff: 0, Sum: 0, Workers: 8
[2025-05-20T20:42:38.470+0300][22308][1592 ][debug][gc,phases] GC(11)       Merged Howl Full               Min: 0, Avg:  0.0, Max: 0, Diff: 0, Sum: 0, Workers: 8
[2025-05-20T20:42:38.470+0300][22308][1592 ][debug][gc,phases] GC(11)       Merged Cards                   Min: 8, Avg:  9.0, Max: 16, Diff: 8, Sum: 72, Workers: 8
[2025-05-20T20:42:38.470+0300][22308][1592 ][debug][gc,phases] GC(11)     Log Buffers (ms):              Min:  0.0, Avg:  0.0, Max:  0.0, Diff:  0.0, Sum:  0.0, Workers: 8
[2025-05-20T20:42:38.470+0300][22308][1592 ][debug][gc,phases] GC(11)       Dirty Cards:                   Min: 0, Avg: 31.0, Max: 165, Diff: 165, Sum: 248, Workers: 8
[2025-05-20T20:42:38.470+0300][22308][1592 ][debug][gc,phases] GC(11)       Skipped Cards:                 Min: 0, Avg:  0.0, Max: 0, Diff: 0, Sum: 0, Workers: 8
[2025-05-20T20:42:38.470+0300][22308][1592 ][info ][gc,phases] GC(11)   Evacuate Collection Set: 1.4ms
[2025-05-20T20:42:38.470+0300][22308][1592 ][debug][gc,phases] GC(11)     Ext Root Scanning (ms):        Min:  0.1, Avg:  0.1, Max:  0.5, Diff:  0.4, Sum:  0.9, Workers: 8
[2025-05-20T20:42:38.470+0300][22308][1592 ][debug][gc,phases] GC(11)     Scan Heap Roots (ms):          Min:  0.0, Avg:  0.1, Max:  0.1, Diff:  0.1, Sum:  0.5, Workers: 8
[2025-05-20T20:42:38.470+0300][22308][1592 ][debug][gc,phases] GC(11)       Scanned Cards:                 Min: 0, Avg: 30.8, Max: 68, Diff: 68, Sum: 246, Workers: 8
[2025-05-20T20:42:38.470+0300][22308][1592 ][debug][gc,phases] GC(11)       Scanned Blocks:                Min: 0, Avg: 18.9, Max: 38, Diff: 38, Sum: 151, Workers: 8
[2025-05-20T20:42:38.470+0300][22308][1592 ][debug][gc,phases] GC(11)       Claimed Chunks:                Min: 0, Avg:  4.4, Max: 10, Diff: 10, Sum: 35, Workers: 8
[2025-05-20T20:42:38.470+0300][22308][1592 ][debug][gc,phases] GC(11)       Found Roots:                   Min: 0, Avg: 154.9, Max: 389, Diff: 389, Sum: 1239, Workers: 8
[2025-05-20T20:42:38.470+0300][22308][1592 ][debug][gc,phases] GC(11)     Code Root Scan (ms):           Min:  0.1, Avg:  0.5, Max:  0.9, Diff:  0.8, Sum:  3.8, Workers: 8
[2025-05-20T20:42:38.470+0300][22308][1592 ][debug][gc,phases] GC(11)       Scanned Nmethods               Min: 0, Avg: 54.4, Max: 107, Diff: 107, Sum: 435, Workers: 8
[2025-05-20T20:42:38.470+0300][22308][1592 ][debug][gc,phases] GC(11)     Object Copy (ms):              Min:  0.2, Avg:  0.4, Max:  0.7, Diff:  0.5, Sum:  3.1, Workers: 8
[2025-05-20T20:42:38.470+0300][22308][1592 ][debug][gc,phases] GC(11)     Termination (ms):              Min:  0.0, Avg:  0.2, Max:  0.3, Diff:  0.3, Sum:  1.8, Workers: 8
[2025-05-20T20:42:38.470+0300][22308][1592 ][debug][gc,phases] GC(11)       Termination Attempts:          Min: 1, Avg:  1.0, Max: 1, Diff: 0, Sum: 8, Workers: 8
[2025-05-20T20:42:38.470+0300][22308][1592 ][debug][gc,phases] GC(11)     GC Worker Other (ms):          Min:  0.1, Avg:  0.1, Max:  0.1, Diff:  0.0, Sum:  1.0, Workers: 8
[2025-05-20T20:42:38.470+0300][22308][1592 ][debug][gc,phases] GC(11)     GC Worker Total (ms):          Min:  1.4, Avg:  1.4, Max:  1.4, Diff:  0.0, Sum: 11.1, Workers: 8
[2025-05-20T20:42:38.470+0300][22308][1592 ][info ][gc,phases] GC(11)   Post Evacuate Collection Set: 1.2ms
[2025-05-20T20:42:38.470+0300][22308][1592 ][debug][gc,phases] GC(11)     NMethod List Cleanup: 0.1ms
[2025-05-20T20:42:38.470+0300][22308][1592 ][debug][gc,phases] GC(11)     Reference Processing: 0.2ms
[2025-05-20T20:42:38.470+0300][22308][1592 ][debug][gc,phases] GC(11)     Weak Processing: 0.1ms
[2025-05-20T20:42:38.470+0300][22308][1592 ][debug][gc,phases] GC(11)       VM Weak                        Min:  0.0, Avg:  0.0, Max:  0.0, Diff:  0.0, Sum:  0.0, Workers: 8
[2025-05-20T20:42:38.470+0300][22308][1592 ][debug][gc,phases] GC(11)         Dead                           Min: 0, Avg:  0.0, Max: 0, Diff: 0, Sum: 0, Workers: 8
[2025-05-20T20:42:38.470+0300][22308][1592 ][debug][gc,phases] GC(11)         Total                          Min: 0, Avg: 46.5, Max: 128, Diff: 128, Sum: 372, Workers: 8
[2025-05-20T20:42:38.470+0300][22308][1592 ][debug][gc,phases] GC(11)       ObjectSynchronizer Weak        Min:  0.0, Avg:  0.0, Max:  0.0, Diff:  0.0, Sum:  0.0, Workers: 8
[2025-05-20T20:42:38.470+0300][22308][1592 ][debug][gc,phases] GC(11)         Dead                           Min: 0, Avg:  0.0, Max: 0, Diff: 0, Sum: 0, Workers: 8
[2025-05-20T20:42:38.470+0300][22308][1592 ][debug][gc,phases] GC(11)         Total                          Min: 0, Avg: 17.2, Max: 64, Diff: 64, Sum: 138, Workers: 8
[2025-05-20T20:42:38.470+0300][22308][1592 ][debug][gc,phases] GC(11)       JVMTI Tag Weak OopStorage      Min:  0.0, Avg:  0.0, Max:  0.0, Diff:  0.0, Sum:  0.0, Workers: 8
[2025-05-20T20:42:38.470+0300][22308][1592 ][debug][gc,phases] GC(11)         Dead                           Min: 0, Avg:  0.0, Max: 0, Diff: 0, Sum: 0, Workers: 8
[2025-05-20T20:42:38.470+0300][22308][1592 ][debug][gc,phases] GC(11)         Total                          Min: 0, Avg:  0.0, Max: 0, Diff: 0, Sum: 0, Workers: 8
[2025-05-20T20:42:38.470+0300][22308][1592 ][debug][gc,phases] GC(11)       StringTable Weak               Min:  0.0, Avg:  0.0, Max:  0.0, Diff:  0.0, Sum:  0.2, Workers: 8
[2025-05-20T20:42:38.470+0300][22308][1592 ][debug][gc,phases] GC(11)         Dead                           Min: 0, Avg:  0.0, Max: 0, Diff: 0, Sum: 0, Workers: 8
[2025-05-20T20:42:38.470+0300][22308][1592 ][debug][gc,phases] GC(11)         Total                          Min: 0, Avg: 778.1, Max: 960, Diff: 960, Sum: 6225, Workers: 8
[2025-05-20T20:42:38.470+0300][22308][1592 ][debug][gc,phases] GC(11)       ResolvedMethodTable Weak       Min:  0.0, Avg:  0.0, Max:  0.0, Diff:  0.0, Sum:  0.0, Workers: 8
[2025-05-20T20:42:38.470+0300][22308][1592 ][debug][gc,phases] GC(11)         Dead                           Min: 0, Avg:  0.0, Max: 0, Diff: 0, Sum: 0, Workers: 8
[2025-05-20T20:42:38.470+0300][22308][1592 ][debug][gc,phases] GC(11)         Total                          Min: 0, Avg: 108.8, Max: 192, Diff: 192, Sum: 870, Workers: 8
[2025-05-20T20:42:38.470+0300][22308][1592 ][debug][gc,phases] GC(11)       JNI Weak                       Min:  0.0, Avg:  0.0, Max:  0.0, Diff:  0.0, Sum:  0.0, Workers: 8
[2025-05-20T20:42:38.470+0300][22308][1592 ][debug][gc,phases] GC(11)         Dead                           Min: 0, Avg:  0.0, Max: 0, Diff: 0, Sum: 0, Workers: 8
[2025-05-20T20:42:38.470+0300][22308][1592 ][debug][gc,phases] GC(11)         Total                          Min: 0, Avg:  0.0, Max: 0, Diff: 0, Sum: 0, Workers: 8
[2025-05-20T20:42:38.470+0300][22308][1592 ][debug][gc,phases] GC(11)       StringDedup Table Weak         Min:  0.0, Avg:  0.0, Max:  0.0, Diff:  0.0, Sum:  0.0, Workers: 8
[2025-05-20T20:42:38.470+0300][22308][1592 ][debug][gc,phases] GC(11)         Dead                           Min: 0, Avg:  0.0, Max: 0, Diff: 0, Sum: 0, Workers: 8
[2025-05-20T20:42:38.470+0300][22308][1592 ][debug][gc,phases] GC(11)         Total                          Min: 0, Avg:  0.0, Max: 0, Diff: 0, Sum: 0, Workers: 8
[2025-05-20T20:42:38.470+0300][22308][1592 ][debug][gc,phases] GC(11)       StringDedup Requests0 Weak     Min:  0.0, Avg:  0.0, Max:  0.0, Diff:  0.0, Sum:  0.0, Workers: 8
[2025-05-20T20:42:38.470+0300][22308][1592 ][debug][gc,phases] GC(11)         Dead                           Min: 0, Avg:  0.0, Max: 0, Diff: 0, Sum: 0, Workers: 8
[2025-05-20T20:42:38.470+0300][22308][1592 ][debug][gc,phases] GC(11)         Total                          Min: 0, Avg:  0.0, Max: 0, Diff: 0, Sum: 0, Workers: 8
[2025-05-20T20:42:38.470+0300][22308][1592 ][debug][gc,phases] GC(11)       StringDedup Requests1 Weak     Min:  0.0, Avg:  0.0, Max:  0.0, Diff:  0.0, Sum:  0.0, Workers: 8
[2025-05-20T20:42:38.470+0300][22308][1592 ][debug][gc,phases] GC(11)         Dead                           Min: 0, Avg:  0.0, Max: 0, Diff: 0, Sum: 0, Workers: 8
[2025-05-20T20:42:38.470+0300][22308][1592 ][debug][gc,phases] GC(11)         Total                          Min: 0, Avg:  0.0, Max: 0, Diff: 0, Sum: 0, Workers: 8
[2025-05-20T20:42:38.470+0300][22308][1592 ][debug][gc,phases] GC(11)       Weak JFR Old Object Samples    Min:  0.0, Avg:  0.0, Max:  0.0, Diff:  0.0, Sum:  0.0, Workers: 8
[2025-05-20T20:42:38.470+0300][22308][1592 ][debug][gc,phases] GC(11)         Dead                           Min: 0, Avg:  0.0, Max: 0, Diff: 0, Sum: 0, Workers: 8
[2025-05-20T20:42:38.470+0300][22308][1592 ][debug][gc,phases] GC(11)         Total                          Min: 0, Avg:  0.0, Max: 0, Diff: 0, Sum: 0, Workers: 8
[2025-05-20T20:42:38.470+0300][22308][1592 ][debug][gc,phases] GC(11)     Post Evacuate Cleanup 1: 0.4ms
[2025-05-20T20:42:38.470+0300][22308][1592 ][debug][gc,phases] GC(11)       Merge Per-Thread State (ms):   Min:  0.1, Avg:  0.1, Max:  0.1, Diff:  0.0, Sum:  0.1, Workers: 1
[2025-05-20T20:42:38.470+0300][22308][1592 ][debug][gc,phases] GC(11)         Copied Bytes                   Min: 18704, Avg: 200371.0, Max: 313272, Diff: 294568, Sum: 1602968, Workers: 8
[2025-05-20T20:42:38.470+0300][22308][1592 ][debug][gc,phases] GC(11)         LAB Waste                      Min: 0, Avg: 500.0, Max: 1872, Diff: 1872, Sum: 4000, Workers: 8
[2025-05-20T20:42:38.470+0300][22308][1592 ][debug][gc,phases] GC(11)         LAB Undo Waste                 Min: 0, Avg:  0.0, Max: 0, Diff: 0, Sum: 0, Workers: 8
[2025-05-20T20:42:38.470+0300][22308][1592 ][debug][gc,phases] GC(11)       Clear Logged Cards (ms):       Min:  0.0, Avg:  0.2, Max:  0.3, Diff:  0.3, Sum:  1.2, Workers: 7
[2025-05-20T20:42:38.470+0300][22308][1592 ][debug][gc,phases] GC(11)       Recalculate Used Memory (ms):  Min:  0.0, Avg:  0.0, Max:  0.0, Diff:  0.0, Sum:  0.0, Workers: 1
[2025-05-20T20:42:38.470+0300][22308][1592 ][debug][gc,phases] GC(11)     Post Evacuate Cleanup 2: 0.4ms
[2025-05-20T20:42:38.470+0300][22308][1592 ][debug][gc,phases] GC(11)       Update Derived Pointers (ms):  Min:  0.0, Avg:  0.0, Max:  0.0, Diff:  0.0, Sum:  0.0, Workers: 1
[2025-05-20T20:42:38.470+0300][22308][1592 ][debug][gc,phases] GC(11)       Eagerly Reclaim Humongous Objects (ms): Min:  0.0, Avg:  0.0, Max:  0.0, Diff:  0.0, Sum:  0.0, Workers: 1
[2025-05-20T20:42:38.470+0300][22308][1592 ][debug][gc,phases] GC(11)         Humongous Total                Min: 3, Avg:  3.0, Max: 3, Diff: 0, Sum: 3, Workers: 1
[2025-05-20T20:42:38.470+0300][22308][1592 ][debug][gc,phases] GC(11)         Humongous Candidates           Min: 3, Avg:  3.0, Max: 3, Diff: 0, Sum: 3, Workers: 1
[2025-05-20T20:42:38.470+0300][22308][1592 ][debug][gc,phases] GC(11)         Humongous Reclaimed            Min: 0, Avg:  0.0, Max: 0, Diff: 0, Sum: 0, Workers: 1
[2025-05-20T20:42:38.470+0300][22308][1592 ][debug][gc,phases] GC(11)       Redirty Logged Cards (ms):     Min:  0.0, Avg:  0.0, Max:  0.0, Diff:  0.0, Sum:  0.0, Workers: 8
[2025-05-20T20:42:38.470+0300][22308][1592 ][debug][gc,phases] GC(11)         Redirtied Cards:               Min: 0, Avg: 30.9, Max: 188, Diff: 188, Sum: 247, Workers: 8
[2025-05-20T20:42:38.470+0300][22308][1592 ][debug][gc,phases] GC(11)       Resize TLABs (ms):             Min:  0.0, Avg:  0.0, Max:  0.0, Diff:  0.0, Sum:  0.0, Workers: 8
[2025-05-20T20:42:38.470+0300][22308][1592 ][debug][gc,phases] GC(11)       Free Collection Set (ms):      Min:  0.3, Avg:  0.3, Max:  0.3, Diff:  0.0, Sum:  2.3, Workers: 8
[2025-05-20T20:42:38.470+0300][22308][1592 ][debug][gc,phases] GC(11)     Rebuild Free List: 0.1ms
[2025-05-20T20:42:38.470+0300][22308][1592 ][debug][gc,phases] GC(11)     Prepare For Mutator: 0.0ms
[2025-05-20T20:42:38.470+0300][22308][1592 ][debug][gc,phases] GC(11)     Expand Heap After Collection: 0.0ms
[2025-05-20T20:42:38.470+0300][22308][1592 ][info ][gc,phases] GC(11)   Other: 0.1ms
[2025-05-20T20:42:38.470+0300][22308][1592 ][info ][gc,heap  ] GC(11) Eden regions: 1227->0(1227)
[2025-05-20T20:42:38.470+0300][22308][1592 ][info ][gc,heap  ] GC(11) Survivor regions: 1->1(154)
[2025-05-20T20:42:38.470+0300][22308][1592 ][info ][gc,heap  ] GC(11) Old regions: 8->8
[2025-05-20T20:42:38.470+0300][22308][1592 ][info ][gc,heap  ] GC(11) Humongous regions: 6->6
[2025-05-20T20:42:38.470+0300][22308][1592 ][debug][gc,heap  ] GC(11) Heap after GC invocations=12 (full 1):
[2025-05-20T20:42:38.470+0300][22308][1592 ][debug][gc,heap  ] GC(11)  garbage-first heap   total 4194304K, used 16889K [0x0000000700000000, 0x0000000800000000)
[2025-05-20T20:42:38.470+0300][22308][1592 ][debug][gc,heap  ] GC(11)   region size 2048K, 1 young (2048K), 1 survivors (2048K)
[2025-05-20T20:42:38.470+0300][22308][1592 ][debug][gc,heap  ] GC(11)  Metaspace       used 9000K, committed 9536K, reserved 1114112K
[2025-05-20T20:42:38.470+0300][22308][1592 ][debug][gc,heap  ] GC(11)   class space    used 979K, committed 1216K, reserved 1048576K
[2025-05-20T20:42:38.470+0300][22308][1592 ][info ][gc       ] GC(11) Pause Young (Normal) (G1 Evacuation Pause) 2470M->16M(4096M) 5.377ms
[2025-05-20T20:42:38.470+0300][22308][1592 ][info ][safepoint] Safepoint "G1CollectForAllocation", Time since last: 853915200 ns, Reaching safepoint: 417600 ns, Cleanup: 42500 ns, At safepoint: 5442800 ns, Total: 5902900 ns
[2025-05-20T20:42:39.022+0300][22308][1592 ][debug][safepoint] Safepoint synchronization initiated using striped semaphore wait barrier. (13 threads)
[2025-05-20T20:42:39.022+0300][22308][1592 ][debug][gc,heap  ] GC(12) Heap before GC invocations=12 (full 1):
[2025-05-20T20:42:39.022+0300][22308][1592 ][debug][gc,heap  ] GC(12)  garbage-first heap   total 4194304K, used 559609K [0x0000000700000000, 0x0000000800000000)
[2025-05-20T20:42:39.022+0300][22308][1592 ][debug][gc,heap  ] GC(12)   region size 2048K, 261 young (534528K), 1 survivors (2048K)
[2025-05-20T20:42:39.022+0300][22308][1592 ][debug][gc,heap  ] GC(12)  Metaspace       used 9183K, committed 9792K, reserved 1114112K
[2025-05-20T20:42:39.022+0300][22308][1592 ][debug][gc,heap  ] GC(12)   class space    used 997K, committed 1280K, reserved 1048576K
[2025-05-20T20:42:39.022+0300][22308][1592 ][debug][gc,phases] GC(12) Phase 1: Reference Processing 0.155ms
[2025-05-20T20:42:39.022+0300][22308][1592 ][debug][gc,phases] GC(12)   VM Weak                        Min:  0.0, Avg:  0.0, Max:  0.0, Diff:  0.0, Sum:  0.0, Workers: 8
[2025-05-20T20:42:39.022+0300][22308][1592 ][debug][gc,phases] GC(12)     Dead                           Min: 0, Avg: 31.2, Max: 250, Diff: 250, Sum: 250, Workers: 8
[2025-05-20T20:42:39.022+0300][22308][1592 ][debug][gc,phases] GC(12)     Total                          Min: 0, Avg: 46.6, Max: 373, Diff: 373, Sum: 373, Workers: 8
[2025-05-20T20:42:39.022+0300][22308][1592 ][debug][gc,phases] GC(12)   ObjectSynchronizer Weak        Min:  0.0, Avg:  0.0, Max:  0.0, Diff:  0.0, Sum:  0.0, Workers: 8
[2025-05-20T20:42:39.022+0300][22308][1592 ][debug][gc,phases] GC(12)     Dead                           Min: 0, Avg:  0.4, Max: 3, Diff: 3, Sum: 3, Workers: 8
[2025-05-20T20:42:39.022+0300][22308][1592 ][debug][gc,phases] GC(12)     Total                          Min: 0, Avg: 17.2, Max: 64, Diff: 64, Sum: 138, Workers: 8
[2025-05-20T20:42:39.022+0300][22308][1592 ][debug][gc,phases] GC(12)   JVMTI Tag Weak OopStorage      Min:  0.0, Avg:  0.0, Max:  0.0, Diff:  0.0, Sum:  0.0, Workers: 8
[2025-05-20T20:42:39.022+0300][22308][1592 ][debug][gc,phases] GC(12)     Dead                           Min: 0, Avg:  0.0, Max: 0, Diff: 0, Sum: 0, Workers: 8
[2025-05-20T20:42:39.022+0300][22308][1592 ][debug][gc,phases] GC(12)     Total                          Min: 0, Avg:  0.0, Max: 0, Diff: 0, Sum: 0, Workers: 8
[2025-05-20T20:42:39.022+0300][22308][1592 ][debug][gc,phases] GC(12)   StringTable Weak               Min:  0.0, Avg:  0.0, Max:  0.0, Diff:  0.0, Sum:  0.1, Workers: 8
[2025-05-20T20:42:39.022+0300][22308][1592 ][debug][gc,phases] GC(12)     Dead                           Min: 0, Avg:  0.5, Max: 4, Diff: 4, Sum: 4, Workers: 8
[2025-05-20T20:42:39.022+0300][22308][1592 ][debug][gc,phases] GC(12)     Total                          Min: 0, Avg: 784.2, Max: 1088, Diff: 1088, Sum: 6274, Workers: 8
[2025-05-20T20:42:39.022+0300][22308][1592 ][debug][gc,phases] GC(12)   ResolvedMethodTable Weak       Min:  0.0, Avg:  0.0, Max:  0.0, Diff:  0.0, Sum:  0.0, Workers: 8
[2025-05-20T20:42:39.022+0300][22308][1592 ][debug][gc,phases] GC(12)     Dead                           Min: 0, Avg:  3.6, Max: 15, Diff: 15, Sum: 29, Workers: 8
[2025-05-20T20:42:39.022+0300][22308][1592 ][debug][gc,phases] GC(12)     Total                          Min: 0, Avg: 111.4, Max: 192, Diff: 192, Sum: 891, Workers: 8
[2025-05-20T20:42:39.022+0300][22308][1592 ][debug][gc,phases] GC(12)   JNI Weak                       Min:  0.0, Avg:  0.0, Max:  0.0, Diff:  0.0, Sum:  0.0, Workers: 8
[2025-05-20T20:42:39.022+0300][22308][1592 ][debug][gc,phases] GC(12)     Dead                           Min: 0, Avg:  0.0, Max: 0, Diff: 0, Sum: 0, Workers: 8
[2025-05-20T20:42:39.022+0300][22308][1592 ][debug][gc,phases] GC(12)     Total                          Min: 0, Avg:  0.0, Max: 0, Diff: 0, Sum: 0, Workers: 8
[2025-05-20T20:42:39.022+0300][22308][1592 ][debug][gc,phases] GC(12)   StringDedup Table Weak         Min:  0.0, Avg:  0.0, Max:  0.0, Diff:  0.0, Sum:  0.0, Workers: 8
[2025-05-20T20:42:39.022+0300][22308][1592 ][debug][gc,phases] GC(12)     Dead                           Min: 0, Avg:  0.0, Max: 0, Diff: 0, Sum: 0, Workers: 8
[2025-05-20T20:42:39.022+0300][22308][1592 ][debug][gc,phases] GC(12)     Total                          Min: 0, Avg:  0.0, Max: 0, Diff: 0, Sum: 0, Workers: 8
[2025-05-20T20:42:39.022+0300][22308][1592 ][debug][gc,phases] GC(12)   StringDedup Requests0 Weak     Min:  0.0, Avg:  0.0, Max:  0.0, Diff:  0.0, Sum:  0.0, Workers: 8
[2025-05-20T20:42:39.022+0300][22308][1592 ][debug][gc,phases] GC(12)     Dead                           Min: 0, Avg:  0.0, Max: 0, Diff: 0, Sum: 0, Workers: 8
[2025-05-20T20:42:39.022+0300][22308][1592 ][debug][gc,phases] GC(12)     Total                          Min: 0, Avg:  0.0, Max: 0, Diff: 0, Sum: 0, Workers: 8
[2025-05-20T20:42:39.022+0300][22308][1592 ][debug][gc,phases] GC(12)   StringDedup Requests1 Weak     Min:  0.0, Avg:  0.0, Max:  0.0, Diff:  0.0, Sum:  0.0, Workers: 8
[2025-05-20T20:42:39.022+0300][22308][1592 ][debug][gc,phases] GC(12)     Dead                           Min: 0, Avg:  0.0, Max: 0, Diff: 0, Sum: 0, Workers: 8
[2025-05-20T20:42:39.022+0300][22308][1592 ][debug][gc,phases] GC(12)     Total                          Min: 0, Avg:  0.0, Max: 0, Diff: 0, Sum: 0, Workers: 8
[2025-05-20T20:42:39.022+0300][22308][1592 ][debug][gc,phases] GC(12)   Weak JFR Old Object Samples    Min:  0.0, Avg:  0.0, Max:  0.0, Diff:  0.0, Sum:  0.0, Workers: 8
[2025-05-20T20:42:39.022+0300][22308][1592 ][debug][gc,phases] GC(12)     Dead                           Min: 0, Avg:  0.0, Max: 0, Diff: 0, Sum: 0, Workers: 8
[2025-05-20T20:42:39.022+0300][22308][1592 ][debug][gc,phases] GC(12)     Total                          Min: 0, Avg:  0.0, Max: 0, Diff: 0, Sum: 0, Workers: 8
[2025-05-20T20:42:39.022+0300][22308][1592 ][debug][gc,phases] GC(12) Phase 1: Weak Processing 0.490ms
[2025-05-20T20:42:39.022+0300][22308][1592 ][debug][gc,phases] GC(12) ClassLoaderData 0.322ms
[2025-05-20T20:42:39.022+0300][22308][1592 ][debug][gc,phases] GC(12) Trigger cleanups 0.008ms
[2025-05-20T20:42:39.022+0300][22308][1592 ][debug][gc,phases] GC(12) G1 Complete Cleaning 2.632ms
[2025-05-20T20:42:39.022+0300][22308][1592 ][debug][gc,phases] GC(12) Purge Unlinked NMethods 0.143ms
[2025-05-20T20:42:39.022+0300][22308][1592 ][debug][gc,phases] GC(12) Unregister NMethods 0.184ms
[2025-05-20T20:42:39.022+0300][22308][1592 ][debug][gc,phases] GC(12) Free Code Blobs 0.042ms
[2025-05-20T20:42:39.022+0300][22308][1592 ][debug][gc,phases] GC(12) Purge Class Loader Data 0.363ms
[2025-05-20T20:42:39.022+0300][22308][1592 ][debug][gc,phases] GC(12) Phase 1: Class Unloading and Cleanup 3.872ms
[2025-05-20T20:42:39.022+0300][22308][1592 ][debug][gc,phases] GC(12) Report Object Count 0.002ms
[2025-05-20T20:42:39.022+0300][22308][1592 ][info ][gc,phases] GC(12) Phase 1: Mark live objects 5.955ms
[2025-05-20T20:42:39.022+0300][22308][1592 ][debug][gc,phases] GC(12) Phase 2: Determine work lists 0.095ms
[2025-05-20T20:42:39.022+0300][22308][1592 ][debug][gc,phases] GC(12) Phase 2: Prepare parallel compaction 0.838ms
[2025-05-20T20:42:39.022+0300][22308][1592 ][info ][gc,phases] GC(12) Phase 2: Prepare compaction 0.986ms
[2025-05-20T20:42:39.038+0300][22308][1592 ][info ][gc,phases] GC(12) Phase 3: Adjust pointers 3.113ms
[2025-05-20T20:42:39.038+0300][22308][1592 ][info ][gc,phases] GC(12) Phase 4: Compact heap 1.056ms
[2025-05-20T20:42:39.038+0300][22308][1592 ][info ][gc,phases] GC(12) Phase 5: Reset Metadata 0.988ms
[2025-05-20T20:42:39.045+0300][22308][1592 ][info ][gc,heap  ] GC(12) Eden regions: 260->0(1228)
[2025-05-20T20:42:39.045+0300][22308][1592 ][info ][gc,heap  ] GC(12) Survivor regions: 1->0(154)
[2025-05-20T20:42:39.045+0300][22308][1592 ][info ][gc,heap  ] GC(12) Old regions: 8->8
[2025-05-20T20:42:39.045+0300][22308][1592 ][info ][gc,heap  ] GC(12) Humongous regions: 12->6
[2025-05-20T20:42:39.045+0300][22308][1592 ][debug][gc,heap  ] GC(12) Heap after GC invocations=13 (full 2):
[2025-05-20T20:42:39.045+0300][22308][1592 ][debug][gc,heap  ] GC(12)  garbage-first heap   total 4194304K, used 16053K [0x0000000700000000, 0x0000000800000000)
[2025-05-20T20:42:39.045+0300][22308][1592 ][debug][gc,heap  ] GC(12)   region size 2048K, 0 young (0K), 0 survivors (0K)
[2025-05-20T20:42:39.045+0300][22308][1592 ][debug][gc,heap  ] GC(12)  Metaspace       used 8737K, committed 9792K, reserved 1114112K
[2025-05-20T20:42:39.045+0300][22308][1592 ][debug][gc,heap  ] GC(12)   class space    used 874K, committed 1280K, reserved 1048576K
[2025-05-20T20:42:39.045+0300][22308][1592 ][info ][gc       ] GC(12) Pause Full (System.gc()) 547M->15M(4096M) 19.667ms
[2025-05-20T20:42:39.045+0300][22308][1592 ][info ][safepoint] Safepoint "G1CollectFull", Time since last: 555952000 ns, Reaching safepoint: 50200 ns, Cleanup: 21400 ns, At safepoint: 19694600 ns, Total: 19766200 ns
[2025-05-20T20:42:39.846+0300][22308][1592 ][debug][safepoint] Safepoint synchronization initiated using striped semaphore wait barrier. (19 threads)
[2025-05-20T20:42:39.846+0300][22308][6188 ][debug][safepoint] ... found polling page loop exception at pc = 0x0000017962fa2ba2, stub =0x0000017962996600
[2025-05-20T20:42:39.846+0300][22308][22156][debug][safepoint] ... found polling page loop exception at pc = 0x0000017962fa2ba2, stub =0x0000017962996600
[2025-05-20T20:42:39.846+0300][22308][5224 ][debug][safepoint] ... found polling page loop exception at pc = 0x0000017962fb5e33, stub =0x0000017962996600
[2025-05-20T20:42:39.846+0300][22308][3784 ][debug][safepoint] ... found polling page loop exception at pc = 0x0000017962f97760, stub =0x0000017962995d80
[2025-05-20T20:42:39.846+0300][22308][15156][debug][safepoint] ... found polling page loop exception at pc = 0x0000017962f97760, stub =0x0000017962995d80
[2025-05-20T20:42:39.846+0300][22308][9312 ][debug][safepoint] ... found polling page loop exception at pc = 0x0000017962f97760, stub =0x0000017962995d80
[2025-05-20T20:42:39.846+0300][22308][1592 ][debug][gc,heap  ] GC(13) Heap before GC invocations=13 (full 2):
[2025-05-20T20:42:39.846+0300][22308][1592 ][debug][gc,heap  ] GC(13)  garbage-first heap   total 4194304K, used 2543285K [0x0000000700000000, 0x0000000800000000)
[2025-05-20T20:42:39.846+0300][22308][1592 ][debug][gc,heap  ] GC(13)   region size 2048K, 1228 young (2514944K), 0 survivors (0K)
[2025-05-20T20:42:39.846+0300][22308][1592 ][debug][gc,heap  ] GC(13)  Metaspace       used 8737K, committed 9792K, reserved 1114112K
[2025-05-20T20:42:39.846+0300][22308][1592 ][debug][gc,heap  ] GC(13)   class space    used 874K, committed 1280K, reserved 1048576K
[2025-05-20T20:42:39.846+0300][22308][1592 ][info ][gc,phases] GC(13)   Pre Evacuate Collection Set: 0.3ms
[2025-05-20T20:42:39.846+0300][22308][1592 ][debug][gc,phases] GC(13)     Pre Evacuate Prepare: 0.0ms
[2025-05-20T20:42:39.846+0300][22308][1592 ][debug][gc,phases] GC(13)       JT Retire TLABs And Flush Logs (ms): Min:  0.0, Avg:  0.0, Max:  0.0, Diff:  0.0, Sum:  0.0, Workers: 2
[2025-05-20T20:42:39.846+0300][22308][1592 ][debug][gc,phases] GC(13)       Non-JT Flush Logs (ms):        Min:  0.0, Avg:  0.0, Max:  0.0, Diff:  0.0, Sum:  0.0, Workers: 1
[2025-05-20T20:42:39.846+0300][22308][1592 ][debug][gc,phases] GC(13)     Choose Collection Set: 0.0ms
[2025-05-20T20:42:39.846+0300][22308][1592 ][debug][gc,phases] GC(13)     Region Register: 0.2ms
[2025-05-20T20:42:39.846+0300][22308][1592 ][debug][gc,phases] GC(13)     Prepare Heap Roots: 0.0ms
[2025-05-20T20:42:39.846+0300][22308][1592 ][info ][gc,phases] GC(13)   Merge Heap Roots: 0.2ms
[2025-05-20T20:42:39.846+0300][22308][1592 ][debug][gc,phases] GC(13)     Prepare Merge Heap Roots: 0.0ms
[2025-05-20T20:42:39.846+0300][22308][1592 ][debug][gc,phases] GC(13)     Remembered Sets (ms):          Min:  0.1, Avg:  0.1, Max:  0.1, Diff:  0.0, Sum:  1.0, Workers: 8
[2025-05-20T20:42:39.846+0300][22308][1592 ][debug][gc,phases] GC(13)       Eager Reclaim (ms):            Min:  0.0, Avg:  0.0, Max:  0.0, Diff:  0.0, Sum:  0.0, Workers: 1
[2025-05-20T20:42:39.846+0300][22308][1592 ][debug][gc,phases] GC(13)       Merged Inline                  Min: 0, Avg:  0.0, Max: 0, Diff: 0, Sum: 0, Workers: 8
[2025-05-20T20:42:39.846+0300][22308][1592 ][debug][gc,phases] GC(13)       Merged ArrayOfCards            Min: 0, Avg:  0.0, Max: 0, Diff: 0, Sum: 0, Workers: 8
[2025-05-20T20:42:39.846+0300][22308][1592 ][debug][gc,phases] GC(13)       Merged Howl                    Min: 0, Avg:  0.0, Max: 0, Diff: 0, Sum: 0, Workers: 8
[2025-05-20T20:42:39.846+0300][22308][1592 ][debug][gc,phases] GC(13)       Merged Full                    Min: 0, Avg:  0.0, Max: 0, Diff: 0, Sum: 0, Workers: 8
[2025-05-20T20:42:39.846+0300][22308][1592 ][debug][gc,phases] GC(13)       Merged Howl Inline             Min: 0, Avg:  0.0, Max: 0, Diff: 0, Sum: 0, Workers: 8
[2025-05-20T20:42:39.846+0300][22308][1592 ][debug][gc,phases] GC(13)       Merged Howl ArrayOfCards       Min: 0, Avg:  0.0, Max: 0, Diff: 0, Sum: 0, Workers: 8
[2025-05-20T20:42:39.846+0300][22308][1592 ][debug][gc,phases] GC(13)       Merged Howl BitMap             Min: 0, Avg:  0.0, Max: 0, Diff: 0, Sum: 0, Workers: 8
[2025-05-20T20:42:39.846+0300][22308][1592 ][debug][gc,phases] GC(13)       Merged Howl Full               Min: 0, Avg:  0.0, Max: 0, Diff: 0, Sum: 0, Workers: 8
[2025-05-20T20:42:39.846+0300][22308][1592 ][debug][gc,phases] GC(13)       Merged Cards                   Min: 8, Avg:  9.0, Max: 16, Diff: 8, Sum: 72, Workers: 8
[2025-05-20T20:42:39.846+0300][22308][1592 ][debug][gc,phases] GC(13)     Log Buffers (ms):              Min:  0.0, Avg:  0.0, Max:  0.0, Diff:  0.0, Sum:  0.0, Workers: 8
[2025-05-20T20:42:39.846+0300][22308][1592 ][debug][gc,phases] GC(13)       Dirty Cards:                   Min: 0, Avg:  2.4, Max: 17, Diff: 17, Sum: 19, Workers: 8
[2025-05-20T20:42:39.846+0300][22308][1592 ][debug][gc,phases] GC(13)       Skipped Cards:                 Min: 0, Avg:  0.0, Max: 0, Diff: 0, Sum: 0, Workers: 8
[2025-05-20T20:42:39.846+0300][22308][1592 ][info ][gc,phases] GC(13)   Evacuate Collection Set: 0.4ms
[2025-05-20T20:42:39.846+0300][22308][1592 ][debug][gc,phases] GC(13)     Ext Root Scanning (ms):        Min:  0.1, Avg:  0.1, Max:  0.1, Diff:  0.1, Sum:  0.5, Workers: 8
[2025-05-20T20:42:39.846+0300][22308][1592 ][debug][gc,phases] GC(13)     Scan Heap Roots (ms):          Min:  0.0, Avg:  0.0, Max:  0.0, Diff:  0.0, Sum:  0.1, Workers: 8
[2025-05-20T20:42:39.846+0300][22308][1592 ][debug][gc,phases] GC(13)       Scanned Cards:                 Min: 0, Avg:  2.4, Max: 6, Diff: 6, Sum: 19, Workers: 8
[2025-05-20T20:42:39.846+0300][22308][1592 ][debug][gc,phases] GC(13)       Scanned Blocks:                Min: 0, Avg:  2.2, Max: 5, Diff: 5, Sum: 18, Workers: 8
[2025-05-20T20:42:39.846+0300][22308][1592 ][debug][gc,phases] GC(13)       Claimed Chunks:                Min: 0, Avg:  1.5, Max: 3, Diff: 3, Sum: 12, Workers: 8
[2025-05-20T20:42:39.846+0300][22308][1592 ][debug][gc,phases] GC(13)       Found Roots:                   Min: 0, Avg:  1.5, Max: 5, Diff: 5, Sum: 12, Workers: 8
[2025-05-20T20:42:39.846+0300][22308][1592 ][debug][gc,phases] GC(13)     Code Root Scan (ms):           Min:  0.1, Avg:  0.1, Max:  0.1, Diff:  0.0, Sum:  0.8, Workers: 8
[2025-05-20T20:42:39.846+0300][22308][1592 ][debug][gc,phases] GC(13)       Scanned Nmethods               Min: 0, Avg:  0.0, Max: 0, Diff: 0, Sum: 0, Workers: 8
[2025-05-20T20:42:39.846+0300][22308][1592 ][debug][gc,phases] GC(13)     Object Copy (ms):              Min:  0.1, Avg:  0.1, Max:  0.1, Diff:  0.1, Sum:  0.8, Workers: 8
[2025-05-20T20:42:39.846+0300][22308][1592 ][debug][gc,phases] GC(13)     Termination (ms):              Min:  0.0, Avg:  0.0, Max:  0.0, Diff:  0.0, Sum:  0.1, Workers: 8
[2025-05-20T20:42:39.846+0300][22308][1592 ][debug][gc,phases] GC(13)       Termination Attempts:          Min: 1, Avg:  1.0, Max: 1, Diff: 0, Sum: 8, Workers: 8
[2025-05-20T20:42:39.846+0300][22308][1592 ][debug][gc,phases] GC(13)     GC Worker Other (ms):          Min:  0.1, Avg:  0.1, Max:  0.1, Diff:  0.0, Sum:  0.8, Workers: 8
[2025-05-20T20:42:39.846+0300][22308][1592 ][debug][gc,phases] GC(13)     GC Worker Total (ms):          Min:  0.4, Avg:  0.4, Max:  0.4, Diff:  0.0, Sum:  3.1, Workers: 8
[2025-05-20T20:42:39.846+0300][22308][1592 ][info ][gc,phases] GC(13)   Post Evacuate Collection Set: 1.0ms
[2025-05-20T20:42:39.846+0300][22308][1592 ][debug][gc,phases] GC(13)     NMethod List Cleanup: 0.0ms
[2025-05-20T20:42:39.846+0300][22308][1592 ][debug][gc,phases] GC(13)     Reference Processing: 0.1ms
[2025-05-20T20:42:39.846+0300][22308][1592 ][debug][gc,phases] GC(13)     Weak Processing: 0.1ms
[2025-05-20T20:42:39.846+0300][22308][1592 ][debug][gc,phases] GC(13)       VM Weak                        Min:  0.0, Avg:  0.0, Max:  0.0, Diff:  0.0, Sum:  0.0, Workers: 8
[2025-05-20T20:42:39.846+0300][22308][1592 ][debug][gc,phases] GC(13)         Dead                           Min: 0, Avg:  0.0, Max: 0, Diff: 0, Sum: 0, Workers: 8
[2025-05-20T20:42:39.846+0300][22308][1592 ][debug][gc,phases] GC(13)         Total                          Min: 0, Avg: 15.4, Max: 101, Diff: 101, Sum: 123, Workers: 8
[2025-05-20T20:42:39.846+0300][22308][1592 ][debug][gc,phases] GC(13)       ObjectSynchronizer Weak        Min:  0.0, Avg:  0.0, Max:  0.0, Diff:  0.0, Sum:  0.0, Workers: 8
[2025-05-20T20:42:39.846+0300][22308][1592 ][debug][gc,phases] GC(13)         Dead                           Min: 0, Avg:  0.0, Max: 0, Diff: 0, Sum: 0, Workers: 8
[2025-05-20T20:42:39.846+0300][22308][1592 ][debug][gc,phases] GC(13)         Total                          Min: 0, Avg: 17.2, Max: 64, Diff: 64, Sum: 138, Workers: 8
[2025-05-20T20:42:39.846+0300][22308][1592 ][debug][gc,phases] GC(13)       JVMTI Tag Weak OopStorage      Min:  0.0, Avg:  0.0, Max:  0.0, Diff:  0.0, Sum:  0.0, Workers: 8
[2025-05-20T20:42:39.846+0300][22308][1592 ][debug][gc,phases] GC(13)         Dead                           Min: 0, Avg:  0.0, Max: 0, Diff: 0, Sum: 0, Workers: 8
[2025-05-20T20:42:39.846+0300][22308][1592 ][debug][gc,phases] GC(13)         Total                          Min: 0, Avg:  0.0, Max: 0, Diff: 0, Sum: 0, Workers: 8
[2025-05-20T20:42:39.846+0300][22308][1592 ][debug][gc,phases] GC(13)       StringTable Weak               Min:  0.0, Avg:  0.0, Max:  0.0, Diff:  0.0, Sum:  0.1, Workers: 8
[2025-05-20T20:42:39.846+0300][22308][1592 ][debug][gc,phases] GC(13)         Dead                           Min: 0, Avg:  0.0, Max: 0, Diff: 0, Sum: 0, Workers: 8
[2025-05-20T20:42:39.846+0300][22308][1592 ][debug][gc,phases] GC(13)         Total                          Min: 704, Avg: 784.6, Max: 832, Diff: 128, Sum: 6277, Workers: 8
[2025-05-20T20:42:39.846+0300][22308][1592 ][debug][gc,phases] GC(13)       ResolvedMethodTable Weak       Min:  0.0, Avg:  0.0, Max:  0.0, Diff:  0.0, Sum:  0.0, Workers: 8
[2025-05-20T20:42:39.846+0300][22308][1592 ][debug][gc,phases] GC(13)         Dead                           Min: 0, Avg:  0.0, Max: 0, Diff: 0, Sum: 0, Workers: 8
[2025-05-20T20:42:39.846+0300][22308][1592 ][debug][gc,phases] GC(13)         Total                          Min: 64, Avg: 111.4, Max: 128, Diff: 64, Sum: 891, Workers: 8
[2025-05-20T20:42:39.846+0300][22308][1592 ][debug][gc,phases] GC(13)       JNI Weak                       Min:  0.0, Avg:  0.0, Max:  0.0, Diff:  0.0, Sum:  0.0, Workers: 8
[2025-05-20T20:42:39.846+0300][22308][1592 ][debug][gc,phases] GC(13)         Dead                           Min: 0, Avg:  0.0, Max: 0, Diff: 0, Sum: 0, Workers: 8
[2025-05-20T20:42:39.846+0300][22308][1592 ][debug][gc,phases] GC(13)         Total                          Min: 0, Avg:  0.0, Max: 0, Diff: 0, Sum: 0, Workers: 8
[2025-05-20T20:42:39.846+0300][22308][1592 ][debug][gc,phases] GC(13)       StringDedup Table Weak         Min:  0.0, Avg:  0.0, Max:  0.0, Diff:  0.0, Sum:  0.0, Workers: 8
[2025-05-20T20:42:39.846+0300][22308][1592 ][debug][gc,phases] GC(13)         Dead                           Min: 0, Avg:  0.0, Max: 0, Diff: 0, Sum: 0, Workers: 8
[2025-05-20T20:42:39.846+0300][22308][1592 ][debug][gc,phases] GC(13)         Total                          Min: 0, Avg:  0.0, Max: 0, Diff: 0, Sum: 0, Workers: 8
[2025-05-20T20:42:39.846+0300][22308][1592 ][debug][gc,phases] GC(13)       StringDedup Requests0 Weak     Min:  0.0, Avg:  0.0, Max:  0.0, Diff:  0.0, Sum:  0.0, Workers: 8
[2025-05-20T20:42:39.846+0300][22308][1592 ][debug][gc,phases] GC(13)         Dead                           Min: 0, Avg:  0.0, Max: 0, Diff: 0, Sum: 0, Workers: 8
[2025-05-20T20:42:39.846+0300][22308][1592 ][debug][gc,phases] GC(13)         Total                          Min: 0, Avg:  0.0, Max: 0, Diff: 0, Sum: 0, Workers: 8
[2025-05-20T20:42:39.846+0300][22308][1592 ][debug][gc,phases] GC(13)       StringDedup Requests1 Weak     Min:  0.0, Avg:  0.0, Max:  0.0, Diff:  0.0, Sum:  0.0, Workers: 8
[2025-05-20T20:42:39.846+0300][22308][1592 ][debug][gc,phases] GC(13)         Dead                           Min: 0, Avg:  0.0, Max: 0, Diff: 0, Sum: 0, Workers: 8
[2025-05-20T20:42:39.846+0300][22308][1592 ][debug][gc,phases] GC(13)         Total                          Min: 0, Avg:  0.0, Max: 0, Diff: 0, Sum: 0, Workers: 8
[2025-05-20T20:42:39.846+0300][22308][1592 ][debug][gc,phases] GC(13)       Weak JFR Old Object Samples    Min:  0.0, Avg:  0.0, Max:  0.0, Diff:  0.0, Sum:  0.0, Workers: 8
[2025-05-20T20:42:39.846+0300][22308][1592 ][debug][gc,phases] GC(13)         Dead                           Min: 0, Avg:  0.0, Max: 0, Diff: 0, Sum: 0, Workers: 8
[2025-05-20T20:42:39.846+0300][22308][1592 ][debug][gc,phases] GC(13)         Total                          Min: 0, Avg:  0.0, Max: 0, Diff: 0, Sum: 0, Workers: 8
[2025-05-20T20:42:39.846+0300][22308][1592 ][debug][gc,phases] GC(13)     Post Evacuate Cleanup 1: 0.4ms
[2025-05-20T20:42:39.846+0300][22308][1592 ][debug][gc,phases] GC(13)       Merge Per-Thread State (ms):   Min:  0.1, Avg:  0.1, Max:  0.1, Diff:  0.0, Sum:  0.1, Workers: 1
[2025-05-20T20:42:39.846+0300][22308][1592 ][debug][gc,phases] GC(13)         Copied Bytes                   Min: 60632, Avg: 92716.0, Max: 108912, Diff: 48280, Sum: 741728, Workers: 8
[2025-05-20T20:42:39.846+0300][22308][1592 ][debug][gc,phases] GC(13)         LAB Waste                      Min: 16, Avg: 53.0, Max: 200, Diff: 184, Sum: 424, Workers: 8
[2025-05-20T20:42:39.846+0300][22308][1592 ][debug][gc,phases] GC(13)         LAB Undo Waste                 Min: 0, Avg:  0.0, Max: 0, Diff: 0, Sum: 0, Workers: 8
[2025-05-20T20:42:39.846+0300][22308][1592 ][debug][gc,phases] GC(13)       Clear Logged Cards (ms):       Min:  0.0, Avg:  0.2, Max:  0.3, Diff:  0.3, Sum:  1.3, Workers: 7
[2025-05-20T20:42:39.846+0300][22308][1592 ][debug][gc,phases] GC(13)       Recalculate Used Memory (ms):  Min:  0.0, Avg:  0.0, Max:  0.0, Diff:  0.0, Sum:  0.0, Workers: 1
[2025-05-20T20:42:39.846+0300][22308][1592 ][debug][gc,phases] GC(13)     Post Evacuate Cleanup 2: 0.4ms
[2025-05-20T20:42:39.846+0300][22308][1592 ][debug][gc,phases] GC(13)       Update Derived Pointers (ms):  Min:  0.0, Avg:  0.0, Max:  0.0, Diff:  0.0, Sum:  0.0, Workers: 1
[2025-05-20T20:42:39.846+0300][22308][1592 ][debug][gc,phases] GC(13)       Eagerly Reclaim Humongous Objects (ms): Min:  0.0, Avg:  0.0, Max:  0.0, Diff:  0.0, Sum:  0.0, Workers: 1
[2025-05-20T20:42:39.846+0300][22308][1592 ][debug][gc,phases] GC(13)         Humongous Total                Min: 6, Avg:  6.0, Max: 6, Diff: 0, Sum: 6, Workers: 1
[2025-05-20T20:42:39.846+0300][22308][1592 ][debug][gc,phases] GC(13)         Humongous Candidates           Min: 3, Avg:  3.0, Max: 3, Diff: 0, Sum: 3, Workers: 1
[2025-05-20T20:42:39.846+0300][22308][1592 ][debug][gc,phases] GC(13)         Humongous Reclaimed            Min: 0, Avg:  0.0, Max: 0, Diff: 0, Sum: 0, Workers: 1
[2025-05-20T20:42:39.846+0300][22308][1592 ][debug][gc,phases] GC(13)       Redirty Logged Cards (ms):     Min:  0.0, Avg:  0.0, Max:  0.0, Diff:  0.0, Sum:  0.0, Workers: 8
[2025-05-20T20:42:39.846+0300][22308][1592 ][debug][gc,phases] GC(13)         Redirtied Cards:               Min: 0, Avg:  1.2, Max: 9, Diff: 9, Sum: 10, Workers: 8
[2025-05-20T20:42:39.846+0300][22308][1592 ][debug][gc,phases] GC(13)       Resize TLABs (ms):             Min:  0.0, Avg:  0.0, Max:  0.0, Diff:  0.0, Sum:  0.0, Workers: 8
[2025-05-20T20:42:39.846+0300][22308][1592 ][debug][gc,phases] GC(13)       Free Collection Set (ms):      Min:  0.2, Avg:  0.3, Max:  0.3, Diff:  0.0, Sum:  2.1, Workers: 8
[2025-05-20T20:42:39.846+0300][22308][1592 ][debug][gc,phases] GC(13)     Rebuild Free List: 0.1ms
[2025-05-20T20:42:39.846+0300][22308][1592 ][debug][gc,phases] GC(13)     Prepare For Mutator: 0.0ms
[2025-05-20T20:42:39.846+0300][22308][1592 ][debug][gc,phases] GC(13)     Expand Heap After Collection: 0.0ms
[2025-05-20T20:42:39.846+0300][22308][1592 ][info ][gc,phases] GC(13)   Other: 0.1ms
[2025-05-20T20:42:39.846+0300][22308][1592 ][info ][gc,heap  ] GC(13) Eden regions: 1228->0(1227)
[2025-05-20T20:42:39.846+0300][22308][1592 ][info ][gc,heap  ] GC(13) Survivor regions: 0->1(154)
[2025-05-20T20:42:39.846+0300][22308][1592 ][info ][gc,heap  ] GC(13) Old regions: 8->8
[2025-05-20T20:42:39.846+0300][22308][1592 ][info ][gc,heap  ] GC(13) Humongous regions: 12->12
[2025-05-20T20:42:39.846+0300][22308][1592 ][debug][gc,heap  ] GC(13) Heap after GC invocations=14 (full 2):
[2025-05-20T20:42:39.846+0300][22308][1592 ][debug][gc,heap  ] GC(13)  garbage-first heap   total 4194304K, used 29132K [0x0000000700000000, 0x0000000800000000)
[2025-05-20T20:42:39.846+0300][22308][1592 ][debug][gc,heap  ] GC(13)   region size 2048K, 1 young (2048K), 1 survivors (2048K)
[2025-05-20T20:42:39.846+0300][22308][1592 ][debug][gc,heap  ] GC(13)  Metaspace       used 8737K, committed 9792K, reserved 1114112K
[2025-05-20T20:42:39.846+0300][22308][1592 ][debug][gc,heap  ] GC(13)   class space    used 874K, committed 1280K, reserved 1048576K
[2025-05-20T20:42:39.846+0300][22308][1592 ][info ][gc       ] GC(13) Pause Young (Normal) (G1 Evacuation Pause) 2483M->28M(4096M) 3.721ms
[2025-05-20T20:42:39.846+0300][22308][1592 ][info ][safepoint] Safepoint "G1CollectForAllocation", Time since last: 798427500 ns, Reaching safepoint: 402400 ns, Cleanup: 24600 ns, At safepoint: 3778300 ns, Total: 4205300 ns
[2025-05-20T20:42:40.647+0300][22308][1592 ][debug][safepoint] Safepoint synchronization initiated using striped semaphore wait barrier. (19 threads)
[2025-05-20T20:42:40.647+0300][22308][21372][debug][safepoint] ... found polling page loop exception at pc = 0x0000017962f97760, stub =0x0000017962995d80
[2025-05-20T20:42:40.647+0300][22308][5224 ][debug][safepoint] ... found polling page loop exception at pc = 0x0000017962fa2ba2, stub =0x0000017962996600
[2025-05-20T20:42:40.647+0300][22308][9312 ][debug][safepoint] ... found polling page loop exception at pc = 0x0000017962fd575a, stub =0x0000017962996600
[2025-05-20T20:42:40.647+0300][22308][6188 ][debug][safepoint] ... found polling page loop exception at pc = 0x000001796319cdf7, stub =0x0000017962995d80
[2025-05-20T20:42:40.647+0300][22308][3784 ][debug][safepoint] ... found polling page loop exception at pc = 0x0000017962f97760, stub =0x0000017962995d80
[2025-05-20T20:42:40.647+0300][22308][22156][debug][safepoint] ... found polling page loop exception at pc = 0x0000017962f97760, stub =0x0000017962995d80
[2025-05-20T20:42:40.647+0300][22308][1592 ][debug][gc,heap  ] GC(14) Heap before GC invocations=14 (full 2):
[2025-05-20T20:42:40.647+0300][22308][1592 ][debug][gc,heap  ] GC(14)  garbage-first heap   total 4194304K, used 2542028K [0x0000000700000000, 0x0000000800000000)
[2025-05-20T20:42:40.647+0300][22308][1592 ][debug][gc,heap  ] GC(14)   region size 2048K, 1228 young (2514944K), 1 survivors (2048K)
[2025-05-20T20:42:40.647+0300][22308][1592 ][debug][gc,heap  ] GC(14)  Metaspace       used 8737K, committed 9792K, reserved 1114112K
[2025-05-20T20:42:40.647+0300][22308][1592 ][debug][gc,heap  ] GC(14)   class space    used 874K, committed 1280K, reserved 1048576K
[2025-05-20T20:42:40.647+0300][22308][1592 ][info ][gc,phases] GC(14)   Pre Evacuate Collection Set: 0.3ms
[2025-05-20T20:42:40.647+0300][22308][1592 ][debug][gc,phases] GC(14)     Pre Evacuate Prepare: 0.1ms
[2025-05-20T20:42:40.647+0300][22308][1592 ][debug][gc,phases] GC(14)       JT Retire TLABs And Flush Logs (ms): Min:  0.0, Avg:  0.0, Max:  0.0, Diff:  0.0, Sum:  0.0, Workers: 2
[2025-05-20T20:42:40.647+0300][22308][1592 ][debug][gc,phases] GC(14)       Non-JT Flush Logs (ms):        Min:  0.0, Avg:  0.0, Max:  0.0, Diff:  0.0, Sum:  0.0, Workers: 1
[2025-05-20T20:42:40.647+0300][22308][1592 ][debug][gc,phases] GC(14)     Choose Collection Set: 0.0ms
[2025-05-20T20:42:40.647+0300][22308][1592 ][debug][gc,phases] GC(14)     Region Register: 0.3ms
[2025-05-20T20:42:40.647+0300][22308][1592 ][debug][gc,phases] GC(14)     Prepare Heap Roots: 0.0ms
[2025-05-20T20:42:40.647+0300][22308][1592 ][info ][gc,phases] GC(14)   Merge Heap Roots: 0.2ms
[2025-05-20T20:42:40.647+0300][22308][1592 ][debug][gc,phases] GC(14)     Prepare Merge Heap Roots: 0.0ms
[2025-05-20T20:42:40.647+0300][22308][1592 ][debug][gc,phases] GC(14)     Remembered Sets (ms):          Min:  0.1, Avg:  0.1, Max:  0.1, Diff:  0.0, Sum:  1.0, Workers: 8
[2025-05-20T20:42:40.647+0300][22308][1592 ][debug][gc,phases] GC(14)       Eager Reclaim (ms):            Min:  0.0, Avg:  0.0, Max:  0.0, Diff:  0.0, Sum:  0.0, Workers: 1
[2025-05-20T20:42:40.647+0300][22308][1592 ][debug][gc,phases] GC(14)       Merged Inline                  Min: 0, Avg:  0.0, Max: 0, Diff: 0, Sum: 0, Workers: 8
[2025-05-20T20:42:40.647+0300][22308][1592 ][debug][gc,phases] GC(14)       Merged ArrayOfCards            Min: 0, Avg:  0.0, Max: 0, Diff: 0, Sum: 0, Workers: 8
[2025-05-20T20:42:40.647+0300][22308][1592 ][debug][gc,phases] GC(14)       Merged Howl                    Min: 0, Avg:  0.0, Max: 0, Diff: 0, Sum: 0, Workers: 8
[2025-05-20T20:42:40.647+0300][22308][1592 ][debug][gc,phases] GC(14)       Merged Full                    Min: 0, Avg:  0.0, Max: 0, Diff: 0, Sum: 0, Workers: 8
[2025-05-20T20:42:40.647+0300][22308][1592 ][debug][gc,phases] GC(14)       Merged Howl Inline             Min: 0, Avg:  0.0, Max: 0, Diff: 0, Sum: 0, Workers: 8
[2025-05-20T20:42:40.647+0300][22308][1592 ][debug][gc,phases] GC(14)       Merged Howl ArrayOfCards       Min: 0, Avg:  0.0, Max: 0, Diff: 0, Sum: 0, Workers: 8
[2025-05-20T20:42:40.647+0300][22308][1592 ][debug][gc,phases] GC(14)       Merged Howl BitMap             Min: 0, Avg:  0.0, Max: 0, Diff: 0, Sum: 0, Workers: 8
[2025-05-20T20:42:40.647+0300][22308][1592 ][debug][gc,phases] GC(14)       Merged Howl Full               Min: 0, Avg:  0.0, Max: 0, Diff: 0, Sum: 0, Workers: 8
[2025-05-20T20:42:40.647+0300][22308][1592 ][debug][gc,phases] GC(14)       Merged Cards                   Min: 8, Avg:  9.0, Max: 16, Diff: 8, Sum: 72, Workers: 8
[2025-05-20T20:42:40.647+0300][22308][1592 ][debug][gc,phases] GC(14)     Log Buffers (ms):              Min:  0.0, Avg:  0.0, Max:  0.0, Diff:  0.0, Sum:  0.0, Workers: 8
[2025-05-20T20:42:40.647+0300][22308][1592 ][debug][gc,phases] GC(14)       Dirty Cards:                   Min: 0, Avg:  1.6, Max: 7, Diff: 7, Sum: 13, Workers: 8
[2025-05-20T20:42:40.647+0300][22308][1592 ][debug][gc,phases] GC(14)       Skipped Cards:                 Min: 0, Avg:  0.0, Max: 0, Diff: 0, Sum: 0, Workers: 8
[2025-05-20T20:42:40.647+0300][22308][1592 ][info ][gc,phases] GC(14)   Evacuate Collection Set: 0.4ms
[2025-05-20T20:42:40.647+0300][22308][1592 ][debug][gc,phases] GC(14)     Ext Root Scanning (ms):        Min:  0.0, Avg:  0.1, Max:  0.1, Diff:  0.0, Sum:  0.5, Workers: 8
[2025-05-20T20:42:40.647+0300][22308][1592 ][debug][gc,phases] GC(14)     Scan Heap Roots (ms):          Min:  0.0, Avg:  0.0, Max:  0.0, Diff:  0.0, Sum:  0.1, Workers: 8
[2025-05-20T20:42:40.647+0300][22308][1592 ][debug][gc,phases] GC(14)       Scanned Cards:                 Min: 0, Avg:  1.5, Max: 5, Diff: 5, Sum: 12, Workers: 8
[2025-05-20T20:42:40.647+0300][22308][1592 ][debug][gc,phases] GC(14)       Scanned Blocks:                Min: 0, Avg:  1.4, Max: 4, Diff: 4, Sum: 11, Workers: 8
[2025-05-20T20:42:40.647+0300][22308][1592 ][debug][gc,phases] GC(14)       Claimed Chunks:                Min: 0, Avg:  1.0, Max: 3, Diff: 3, Sum: 8, Workers: 8
[2025-05-20T20:42:40.647+0300][22308][1592 ][debug][gc,phases] GC(14)       Found Roots:                   Min: 0, Avg:  1.5, Max: 7, Diff: 7, Sum: 12, Workers: 8
[2025-05-20T20:42:40.647+0300][22308][1592 ][debug][gc,phases] GC(14)     Code Root Scan (ms):           Min:  0.1, Avg:  0.1, Max:  0.1, Diff:  0.0, Sum:  0.9, Workers: 8
[2025-05-20T20:42:40.647+0300][22308][1592 ][debug][gc,phases] GC(14)       Scanned Nmethods               Min: 0, Avg:  0.0, Max: 0, Diff: 0, Sum: 0, Workers: 8
[2025-05-20T20:42:40.647+0300][22308][1592 ][debug][gc,phases] GC(14)     Object Copy (ms):              Min:  0.1, Avg:  0.1, Max:  0.1, Diff:  0.0, Sum:  0.8, Workers: 8
[2025-05-20T20:42:40.647+0300][22308][1592 ][debug][gc,phases] GC(14)     Termination (ms):              Min:  0.0, Avg:  0.0, Max:  0.0, Diff:  0.0, Sum:  0.1, Workers: 8
[2025-05-20T20:42:40.647+0300][22308][1592 ][debug][gc,phases] GC(14)       Termination Attempts:          Min: 1, Avg:  1.0, Max: 1, Diff: 0, Sum: 8, Workers: 8
[2025-05-20T20:42:40.647+0300][22308][1592 ][debug][gc,phases] GC(14)     GC Worker Other (ms):          Min:  0.1, Avg:  0.1, Max:  0.1, Diff:  0.0, Sum:  0.8, Workers: 8
[2025-05-20T20:42:40.647+0300][22308][1592 ][debug][gc,phases] GC(14)     GC Worker Total (ms):          Min:  0.4, Avg:  0.4, Max:  0.4, Diff:  0.0, Sum:  3.1, Workers: 8
[2025-05-20T20:42:40.647+0300][22308][1592 ][info ][gc,phases] GC(14)   Post Evacuate Collection Set: 0.9ms
[2025-05-20T20:42:40.647+0300][22308][1592 ][debug][gc,phases] GC(14)     NMethod List Cleanup: 0.0ms
[2025-05-20T20:42:40.647+0300][22308][1592 ][debug][gc,phases] GC(14)     Reference Processing: 0.1ms
[2025-05-20T20:42:40.647+0300][22308][1592 ][debug][gc,phases] GC(14)     Weak Processing: 0.1ms
[2025-05-20T20:42:40.647+0300][22308][1592 ][debug][gc,phases] GC(14)       VM Weak                        Min:  0.0, Avg:  0.0, Max:  0.0, Diff:  0.0, Sum:  0.0, Workers: 8
[2025-05-20T20:42:40.647+0300][22308][1592 ][debug][gc,phases] GC(14)         Dead                           Min: 0, Avg:  0.0, Max: 0, Diff: 0, Sum: 0, Workers: 8
[2025-05-20T20:42:40.647+0300][22308][1592 ][debug][gc,phases] GC(14)         Total                          Min: 0, Avg: 15.4, Max: 76, Diff: 76, Sum: 123, Workers: 8
[2025-05-20T20:42:40.647+0300][22308][1592 ][debug][gc,phases] GC(14)       ObjectSynchronizer Weak        Min:  0.0, Avg:  0.0, Max:  0.0, Diff:  0.0, Sum:  0.0, Workers: 8
[2025-05-20T20:42:40.647+0300][22308][1592 ][debug][gc,phases] GC(14)         Dead                           Min: 0, Avg:  0.0, Max: 0, Diff: 0, Sum: 0, Workers: 8
[2025-05-20T20:42:40.647+0300][22308][1592 ][debug][gc,phases] GC(14)         Total                          Min: 0, Avg: 17.2, Max: 74, Diff: 74, Sum: 138, Workers: 8
[2025-05-20T20:42:40.647+0300][22308][1592 ][debug][gc,phases] GC(14)       JVMTI Tag Weak OopStorage      Min:  0.0, Avg:  0.0, Max:  0.0, Diff:  0.0, Sum:  0.0, Workers: 8
[2025-05-20T20:42:40.647+0300][22308][1592 ][debug][gc,phases] GC(14)         Dead                           Min: 0, Avg:  0.0, Max: 0, Diff: 0, Sum: 0, Workers: 8
[2025-05-20T20:42:40.647+0300][22308][1592 ][debug][gc,phases] GC(14)         Total                          Min: 0, Avg:  0.0, Max: 0, Diff: 0, Sum: 0, Workers: 8
[2025-05-20T20:42:40.647+0300][22308][1592 ][debug][gc,phases] GC(14)       StringTable Weak               Min:  0.0, Avg:  0.0, Max:  0.0, Diff:  0.0, Sum:  0.1, Workers: 8
[2025-05-20T20:42:40.647+0300][22308][1592 ][debug][gc,phases] GC(14)         Dead                           Min: 0, Avg:  0.0, Max: 0, Diff: 0, Sum: 0, Workers: 8
[2025-05-20T20:42:40.647+0300][22308][1592 ][debug][gc,phases] GC(14)         Total                          Min: 576, Avg: 784.6, Max: 1024, Diff: 448, Sum: 6277, Workers: 8
[2025-05-20T20:42:40.647+0300][22308][1592 ][debug][gc,phases] GC(14)       ResolvedMethodTable Weak       Min:  0.0, Avg:  0.0, Max:  0.0, Diff:  0.0, Sum:  0.0, Workers: 8
[2025-05-20T20:42:40.647+0300][22308][1592 ][debug][gc,phases] GC(14)         Dead                           Min: 0, Avg:  0.0, Max: 0, Diff: 0, Sum: 0, Workers: 8
[2025-05-20T20:42:40.647+0300][22308][1592 ][debug][gc,phases] GC(14)         Total                          Min: 62, Avg: 111.4, Max: 128, Diff: 66, Sum: 891, Workers: 8
[2025-05-20T20:42:40.647+0300][22308][1592 ][debug][gc,phases] GC(14)       JNI Weak                       Min:  0.0, Avg:  0.0, Max:  0.0, Diff:  0.0, Sum:  0.0, Workers: 8
[2025-05-20T20:42:40.647+0300][22308][1592 ][debug][gc,phases] GC(14)         Dead                           Min: 0, Avg:  0.0, Max: 0, Diff: 0, Sum: 0, Workers: 8
[2025-05-20T20:42:40.647+0300][22308][1592 ][debug][gc,phases] GC(14)         Total                          Min: 0, Avg:  0.0, Max: 0, Diff: 0, Sum: 0, Workers: 8
[2025-05-20T20:42:40.647+0300][22308][1592 ][debug][gc,phases] GC(14)       StringDedup Table Weak         Min:  0.0, Avg:  0.0, Max:  0.0, Diff:  0.0, Sum:  0.0, Workers: 8
[2025-05-20T20:42:40.647+0300][22308][1592 ][debug][gc,phases] GC(14)         Dead                           Min: 0, Avg:  0.0, Max: 0, Diff: 0, Sum: 0, Workers: 8
[2025-05-20T20:42:40.647+0300][22308][1592 ][debug][gc,phases] GC(14)         Total                          Min: 0, Avg:  0.0, Max: 0, Diff: 0, Sum: 0, Workers: 8
[2025-05-20T20:42:40.647+0300][22308][1592 ][debug][gc,phases] GC(14)       StringDedup Requests0 Weak     Min:  0.0, Avg:  0.0, Max:  0.0, Diff:  0.0, Sum:  0.0, Workers: 8
[2025-05-20T20:42:40.647+0300][22308][1592 ][debug][gc,phases] GC(14)         Dead                           Min: 0, Avg:  0.0, Max: 0, Diff: 0, Sum: 0, Workers: 8
[2025-05-20T20:42:40.647+0300][22308][1592 ][debug][gc,phases] GC(14)         Total                          Min: 0, Avg:  0.0, Max: 0, Diff: 0, Sum: 0, Workers: 8
[2025-05-20T20:42:40.647+0300][22308][1592 ][debug][gc,phases] GC(14)       StringDedup Requests1 Weak     Min:  0.0, Avg:  0.0, Max:  0.0, Diff:  0.0, Sum:  0.0, Workers: 8
[2025-05-20T20:42:40.647+0300][22308][1592 ][debug][gc,phases] GC(14)         Dead                           Min: 0, Avg:  0.0, Max: 0, Diff: 0, Sum: 0, Workers: 8
[2025-05-20T20:42:40.647+0300][22308][1592 ][debug][gc,phases] GC(14)         Total                          Min: 0, Avg:  0.0, Max: 0, Diff: 0, Sum: 0, Workers: 8
[2025-05-20T20:42:40.647+0300][22308][1592 ][debug][gc,phases] GC(14)       Weak JFR Old Object Samples    Min:  0.0, Avg:  0.0, Max:  0.0, Diff:  0.0, Sum:  0.0, Workers: 8
[2025-05-20T20:42:40.647+0300][22308][1592 ][debug][gc,phases] GC(14)         Dead                           Min: 0, Avg:  0.0, Max: 0, Diff: 0, Sum: 0, Workers: 8
[2025-05-20T20:42:40.647+0300][22308][1592 ][debug][gc,phases] GC(14)         Total                          Min: 0, Avg:  0.0, Max: 0, Diff: 0, Sum: 0, Workers: 8
[2025-05-20T20:42:40.647+0300][22308][1592 ][debug][gc,phases] GC(14)     Post Evacuate Cleanup 1: 0.4ms
[2025-05-20T20:42:40.647+0300][22308][1592 ][debug][gc,phases] GC(14)       Merge Per-Thread State (ms):   Min:  0.1, Avg:  0.1, Max:  0.1, Diff:  0.0, Sum:  0.1, Workers: 1
[2025-05-20T20:42:40.647+0300][22308][1592 ][debug][gc,phases] GC(14)         Copied Bytes                   Min: 67216, Avg: 92032.0, Max: 102528, Diff: 35312, Sum: 736256, Workers: 8
[2025-05-20T20:42:40.647+0300][22308][1592 ][debug][gc,phases] GC(14)         LAB Waste                      Min: 16, Avg: 75.0, Max: 328, Diff: 312, Sum: 600, Workers: 8
[2025-05-20T20:42:40.647+0300][22308][1592 ][debug][gc,phases] GC(14)         LAB Undo Waste                 Min: 0, Avg:  0.0, Max: 0, Diff: 0, Sum: 0, Workers: 8
[2025-05-20T20:42:40.647+0300][22308][1592 ][debug][gc,phases] GC(14)       Clear Logged Cards (ms):       Min:  0.0, Avg:  0.2, Max:  0.3, Diff:  0.3, Sum:  1.5, Workers: 7
[2025-05-20T20:42:40.647+0300][22308][1592 ][debug][gc,phases] GC(14)       Recalculate Used Memory (ms):  Min:  0.0, Avg:  0.0, Max:  0.0, Diff:  0.0, Sum:  0.0, Workers: 1
[2025-05-20T20:42:40.647+0300][22308][1592 ][debug][gc,phases] GC(14)     Post Evacuate Cleanup 2: 0.4ms
[2025-05-20T20:42:40.647+0300][22308][1592 ][debug][gc,phases] GC(14)       Update Derived Pointers (ms):  Min:  0.0, Avg:  0.0, Max:  0.0, Diff:  0.0, Sum:  0.0, Workers: 1
[2025-05-20T20:42:40.647+0300][22308][1592 ][debug][gc,phases] GC(14)       Eagerly Reclaim Humongous Objects (ms): Min:  0.0, Avg:  0.0, Max:  0.0, Diff:  0.0, Sum:  0.0, Workers: 1
[2025-05-20T20:42:40.647+0300][22308][1592 ][debug][gc,phases] GC(14)         Humongous Total                Min: 6, Avg:  6.0, Max: 6, Diff: 0, Sum: 6, Workers: 1
[2025-05-20T20:42:40.647+0300][22308][1592 ][debug][gc,phases] GC(14)         Humongous Candidates           Min: 3, Avg:  3.0, Max: 3, Diff: 0, Sum: 3, Workers: 1
[2025-05-20T20:42:40.647+0300][22308][1592 ][debug][gc,phases] GC(14)         Humongous Reclaimed            Min: 0, Avg:  0.0, Max: 0, Diff: 0, Sum: 0, Workers: 1
[2025-05-20T20:42:40.647+0300][22308][1592 ][debug][gc,phases] GC(14)       Redirty Logged Cards (ms):     Min:  0.0, Avg:  0.0, Max:  0.0, Diff:  0.0, Sum:  0.0, Workers: 8
[2025-05-20T20:42:40.647+0300][22308][1592 ][debug][gc,phases] GC(14)         Redirtied Cards:               Min: 0, Avg:  1.1, Max: 9, Diff: 9, Sum: 9, Workers: 8
[2025-05-20T20:42:40.647+0300][22308][1592 ][debug][gc,phases] GC(14)       Resize TLABs (ms):             Min:  0.0, Avg:  0.0, Max:  0.0, Diff:  0.0, Sum:  0.0, Workers: 8
[2025-05-20T20:42:40.647+0300][22308][1592 ][debug][gc,phases] GC(14)       Free Collection Set (ms):      Min:  0.3, Avg:  0.3, Max:  0.3, Diff:  0.0, Sum:  2.2, Workers: 8
[2025-05-20T20:42:40.647+0300][22308][1592 ][debug][gc,phases] GC(14)     Rebuild Free List: 0.1ms
[2025-05-20T20:42:40.647+0300][22308][1592 ][debug][gc,phases] GC(14)     Prepare For Mutator: 0.0ms
[2025-05-20T20:42:40.647+0300][22308][1592 ][debug][gc,phases] GC(14)     Expand Heap After Collection: 0.0ms
[2025-05-20T20:42:40.647+0300][22308][1592 ][info ][gc,phases] GC(14)   Other: 0.1ms
[2025-05-20T20:42:40.647+0300][22308][1592 ][info ][gc,heap  ] GC(14) Eden regions: 1227->0(1227)
[2025-05-20T20:42:40.647+0300][22308][1592 ][info ][gc,heap  ] GC(14) Survivor regions: 1->1(154)
[2025-05-20T20:42:40.647+0300][22308][1592 ][info ][gc,heap  ] GC(14) Old regions: 8->8
[2025-05-20T20:42:40.647+0300][22308][1592 ][info ][gc,heap  ] GC(14) Humongous regions: 12->12
[2025-05-20T20:42:40.647+0300][22308][1592 ][debug][gc,heap  ] GC(14) Heap after GC invocations=15 (full 2):
[2025-05-20T20:42:40.647+0300][22308][1592 ][debug][gc,heap  ] GC(14)  garbage-first heap   total 4194304K, used 29099K [0x0000000700000000, 0x0000000800000000)
[2025-05-20T20:42:40.647+0300][22308][1592 ][debug][gc,heap  ] GC(14)   region size 2048K, 1 young (2048K), 1 survivors (2048K)
[2025-05-20T20:42:40.647+0300][22308][1592 ][debug][gc,heap  ] GC(14)  Metaspace       used 8737K, committed 9792K, reserved 1114112K
[2025-05-20T20:42:40.647+0300][22308][1592 ][debug][gc,heap  ] GC(14)   class space    used 874K, committed 1280K, reserved 1048576K
[2025-05-20T20:42:40.647+0300][22308][1592 ][info ][gc       ] GC(14) Pause Young (Normal) (G1 Evacuation Pause) 2482M->28M(4096M) 3.658ms
[2025-05-20T20:42:40.647+0300][22308][1592 ][info ][safepoint] Safepoint "G1CollectForAllocation", Time since last: 797044400 ns, Reaching safepoint: 388500 ns, Cleanup: 15300 ns, At safepoint: 3717200 ns, Total: 4121000 ns
[2025-05-20T20:42:41.424+0300][22308][1592 ][debug][safepoint] Safepoint synchronization initiated using striped semaphore wait barrier. (19 threads)
[2025-05-20T20:42:41.424+0300][22308][5224 ][debug][safepoint] ... found polling page loop exception at pc = 0x0000017962f97760, stub =0x0000017962995d80
[2025-05-20T20:42:41.424+0300][22308][3784 ][debug][safepoint] ... found polling page loop exception at pc = 0x0000017962f97760, stub =0x0000017962995d80
[2025-05-20T20:42:41.424+0300][22308][21852][debug][safepoint] ... found polling page loop exception at pc = 0x0000017962f97760, stub =0x0000017962995d80
[2025-05-20T20:42:41.424+0300][22308][15156][debug][safepoint] ... found polling page loop exception at pc = 0x0000017962f97760, stub =0x0000017962995d80
[2025-05-20T20:42:41.424+0300][22308][21372][debug][safepoint] ... found polling page loop exception at pc = 0x0000017962f97760, stub =0x0000017962995d80
[2025-05-20T20:42:41.424+0300][22308][9312 ][debug][safepoint] ... found polling page loop exception at pc = 0x0000017962f97760, stub =0x0000017962995d80
[2025-05-20T20:42:41.424+0300][22308][1592 ][debug][gc,heap  ] GC(15) Heap before GC invocations=15 (full 2):
[2025-05-20T20:42:41.424+0300][22308][1592 ][debug][gc,heap  ] GC(15)  garbage-first heap   total 4194304K, used 2541995K [0x0000000700000000, 0x0000000800000000)
[2025-05-20T20:42:41.424+0300][22308][1592 ][debug][gc,heap  ] GC(15)   region size 2048K, 1228 young (2514944K), 1 survivors (2048K)
[2025-05-20T20:42:41.424+0300][22308][1592 ][debug][gc,heap  ] GC(15)  Metaspace       used 8737K, committed 9792K, reserved 1114112K
[2025-05-20T20:42:41.424+0300][22308][1592 ][debug][gc,heap  ] GC(15)   class space    used 874K, committed 1280K, reserved 1048576K
[2025-05-20T20:42:41.424+0300][22308][1592 ][info ][gc,phases] GC(15)   Pre Evacuate Collection Set: 0.3ms
[2025-05-20T20:42:41.424+0300][22308][1592 ][debug][gc,phases] GC(15)     Pre Evacuate Prepare: 0.1ms
[2025-05-20T20:42:41.424+0300][22308][1592 ][debug][gc,phases] GC(15)       JT Retire TLABs And Flush Logs (ms): Min:  0.0, Avg:  0.0, Max:  0.0, Diff:  0.0, Sum:  0.0, Workers: 2
[2025-05-20T20:42:41.424+0300][22308][1592 ][debug][gc,phases] GC(15)       Non-JT Flush Logs (ms):        Min:  0.0, Avg:  0.0, Max:  0.0, Diff:  0.0, Sum:  0.0, Workers: 1
[2025-05-20T20:42:41.424+0300][22308][1592 ][debug][gc,phases] GC(15)     Choose Collection Set: 0.0ms
[2025-05-20T20:42:41.424+0300][22308][1592 ][debug][gc,phases] GC(15)     Region Register: 0.3ms
[2025-05-20T20:42:41.424+0300][22308][1592 ][debug][gc,phases] GC(15)     Prepare Heap Roots: 0.0ms
[2025-05-20T20:42:41.424+0300][22308][1592 ][info ][gc,phases] GC(15)   Merge Heap Roots: 0.2ms
[2025-05-20T20:42:41.424+0300][22308][1592 ][debug][gc,phases] GC(15)     Prepare Merge Heap Roots: 0.0ms
[2025-05-20T20:42:41.424+0300][22308][1592 ][debug][gc,phases] GC(15)     Remembered Sets (ms):          Min:  0.0, Avg:  0.1, Max:  0.2, Diff:  0.1, Sum:  0.9, Workers: 8
[2025-05-20T20:42:41.424+0300][22308][1592 ][debug][gc,phases] GC(15)       Eager Reclaim (ms):            Min:  0.0, Avg:  0.0, Max:  0.0, Diff:  0.0, Sum:  0.0, Workers: 1
[2025-05-20T20:42:41.424+0300][22308][1592 ][debug][gc,phases] GC(15)       Merged Inline                  Min: 0, Avg:  0.0, Max: 0, Diff: 0, Sum: 0, Workers: 8
[2025-05-20T20:42:41.424+0300][22308][1592 ][debug][gc,phases] GC(15)       Merged ArrayOfCards            Min: 0, Avg:  0.0, Max: 0, Diff: 0, Sum: 0, Workers: 8
[2025-05-20T20:42:41.424+0300][22308][1592 ][debug][gc,phases] GC(15)       Merged Howl                    Min: 0, Avg:  0.0, Max: 0, Diff: 0, Sum: 0, Workers: 8
[2025-05-20T20:42:41.424+0300][22308][1592 ][debug][gc,phases] GC(15)       Merged Full                    Min: 0, Avg:  0.0, Max: 0, Diff: 0, Sum: 0, Workers: 8
[2025-05-20T20:42:41.424+0300][22308][1592 ][debug][gc,phases] GC(15)       Merged Howl Inline             Min: 0, Avg:  0.0, Max: 0, Diff: 0, Sum: 0, Workers: 8
[2025-05-20T20:42:41.424+0300][22308][1592 ][debug][gc,phases] GC(15)       Merged Howl ArrayOfCards       Min: 0, Avg:  0.0, Max: 0, Diff: 0, Sum: 0, Workers: 8
[2025-05-20T20:42:41.424+0300][22308][1592 ][debug][gc,phases] GC(15)       Merged Howl BitMap             Min: 0, Avg:  0.0, Max: 0, Diff: 0, Sum: 0, Workers: 8
[2025-05-20T20:42:41.424+0300][22308][1592 ][debug][gc,phases] GC(15)       Merged Howl Full               Min: 0, Avg:  0.0, Max: 0, Diff: 0, Sum: 0, Workers: 8
[2025-05-20T20:42:41.424+0300][22308][1592 ][debug][gc,phases] GC(15)       Merged Cards                   Min: 8, Avg:  9.0, Max: 16, Diff: 8, Sum: 72, Workers: 8
[2025-05-20T20:42:41.424+0300][22308][1592 ][debug][gc,phases] GC(15)     Log Buffers (ms):              Min:  0.0, Avg:  0.0, Max:  0.0, Diff:  0.0, Sum:  0.0, Workers: 8
[2025-05-20T20:42:41.424+0300][22308][1592 ][debug][gc,phases] GC(15)       Dirty Cards:                   Min: 0, Avg:  1.6, Max: 12, Diff: 12, Sum: 13, Workers: 8
[2025-05-20T20:42:41.424+0300][22308][1592 ][debug][gc,phases] GC(15)       Skipped Cards:                 Min: 0, Avg:  0.0, Max: 0, Diff: 0, Sum: 0, Workers: 8
[2025-05-20T20:42:41.424+0300][22308][1592 ][info ][gc,phases] GC(15)   Evacuate Collection Set: 0.7ms
[2025-05-20T20:42:41.424+0300][22308][1592 ][debug][gc,phases] GC(15)     Ext Root Scanning (ms):        Min:  0.0, Avg:  0.1, Max:  0.1, Diff:  0.1, Sum:  0.5, Workers: 8
[2025-05-20T20:42:41.424+0300][22308][1592 ][debug][gc,phases] GC(15)     Scan Heap Roots (ms):          Min:  0.0, Avg:  0.0, Max:  0.0, Diff:  0.0, Sum:  0.1, Workers: 8
[2025-05-20T20:42:41.424+0300][22308][1592 ][debug][gc,phases] GC(15)       Scanned Cards:                 Min: 0, Avg:  1.6, Max: 6, Diff: 6, Sum: 13, Workers: 8
[2025-05-20T20:42:41.424+0300][22308][1592 ][debug][gc,phases] GC(15)       Scanned Blocks:                Min: 0, Avg:  1.5, Max: 5, Diff: 5, Sum: 12, Workers: 8
[2025-05-20T20:42:41.424+0300][22308][1592 ][debug][gc,phases] GC(15)       Claimed Chunks:                Min: 0, Avg:  1.1, Max: 4, Diff: 4, Sum: 9, Workers: 8
[2025-05-20T20:42:41.424+0300][22308][1592 ][debug][gc,phases] GC(15)       Found Roots:                   Min: 0, Avg:  1.8, Max: 8, Diff: 8, Sum: 14, Workers: 8
[2025-05-20T20:42:41.424+0300][22308][1592 ][debug][gc,phases] GC(15)     Code Root Scan (ms):           Min:  0.1, Avg:  0.1, Max:  0.1, Diff:  0.0, Sum:  0.8, Workers: 8
[2025-05-20T20:42:41.424+0300][22308][1592 ][debug][gc,phases] GC(15)       Scanned Nmethods               Min: 0, Avg:  0.0, Max: 0, Diff: 0, Sum: 0, Workers: 8
[2025-05-20T20:42:41.424+0300][22308][1592 ][debug][gc,phases] GC(15)     Object Copy (ms):              Min:  0.0, Avg:  0.1, Max:  0.1, Diff:  0.1, Sum:  0.8, Workers: 8
[2025-05-20T20:42:41.424+0300][22308][1592 ][debug][gc,phases] GC(15)     Termination (ms):              Min:  0.0, Avg:  0.2, Max:  0.3, Diff:  0.3, Sum:  1.7, Workers: 8
[2025-05-20T20:42:41.424+0300][22308][1592 ][debug][gc,phases] GC(15)       Termination Attempts:          Min: 1, Avg:  1.0, Max: 1, Diff: 0, Sum: 8, Workers: 8
[2025-05-20T20:42:41.424+0300][22308][1592 ][debug][gc,phases] GC(15)     GC Worker Other (ms):          Min:  0.1, Avg:  0.1, Max:  0.1, Diff:  0.0, Sum:  0.9, Workers: 8
[2025-05-20T20:42:41.424+0300][22308][1592 ][debug][gc,phases] GC(15)     GC Worker Total (ms):          Min:  0.2, Avg:  0.6, Max:  0.7, Diff:  0.5, Sum:  4.6, Workers: 8
[2025-05-20T20:42:41.424+0300][22308][1592 ][info ][gc,phases] GC(15)   Post Evacuate Collection Set: 1.0ms
[2025-05-20T20:42:41.424+0300][22308][1592 ][debug][gc,phases] GC(15)     NMethod List Cleanup: 0.0ms
[2025-05-20T20:42:41.424+0300][22308][1592 ][debug][gc,phases] GC(15)     Reference Processing: 0.1ms
[2025-05-20T20:42:41.424+0300][22308][1592 ][debug][gc,phases] GC(15)     Weak Processing: 0.1ms
[2025-05-20T20:42:41.424+0300][22308][1592 ][debug][gc,phases] GC(15)       VM Weak                        Min:  0.0, Avg:  0.0, Max:  0.0, Diff:  0.0, Sum:  0.0, Workers: 8
[2025-05-20T20:42:41.424+0300][22308][1592 ][debug][gc,phases] GC(15)         Dead                           Min: 0, Avg:  0.0, Max: 0, Diff: 0, Sum: 0, Workers: 8
[2025-05-20T20:42:41.424+0300][22308][1592 ][debug][gc,phases] GC(15)         Total                          Min: 0, Avg: 15.4, Max: 113, Diff: 113, Sum: 123, Workers: 8
[2025-05-20T20:42:41.424+0300][22308][1592 ][debug][gc,phases] GC(15)       ObjectSynchronizer Weak        Min:  0.0, Avg:  0.0, Max:  0.0, Diff:  0.0, Sum:  0.0, Workers: 8
[2025-05-20T20:42:41.424+0300][22308][1592 ][debug][gc,phases] GC(15)         Dead                           Min: 0, Avg:  0.0, Max: 0, Diff: 0, Sum: 0, Workers: 8
[2025-05-20T20:42:41.427+0300][22308][1592 ][debug][gc,phases] GC(15)         Total                          Min: 0, Avg: 17.2, Max: 64, Diff: 64, Sum: 138, Workers: 8
[2025-05-20T20:42:41.427+0300][22308][1592 ][debug][gc,phases] GC(15)       JVMTI Tag Weak OopStorage      Min:  0.0, Avg:  0.0, Max:  0.0, Diff:  0.0, Sum:  0.0, Workers: 8
[2025-05-20T20:42:41.427+0300][22308][1592 ][debug][gc,phases] GC(15)         Dead                           Min: 0, Avg:  0.0, Max: 0, Diff: 0, Sum: 0, Workers: 8
[2025-05-20T20:42:41.427+0300][22308][1592 ][debug][gc,phases] GC(15)         Total                          Min: 0, Avg:  0.0, Max: 0, Diff: 0, Sum: 0, Workers: 8
[2025-05-20T20:42:41.427+0300][22308][1592 ][debug][gc,phases] GC(15)       StringTable Weak               Min:  0.0, Avg:  0.0, Max:  0.0, Diff:  0.0, Sum:  0.1, Workers: 8
[2025-05-20T20:42:41.427+0300][22308][1592 ][debug][gc,phases] GC(15)         Dead                           Min: 0, Avg:  0.0, Max: 0, Diff: 0, Sum: 0, Workers: 8
[2025-05-20T20:42:41.427+0300][22308][1592 ][debug][gc,phases] GC(15)         Total                          Min: 512, Avg: 784.9, Max: 1024, Diff: 512, Sum: 6279, Workers: 8
[2025-05-20T20:42:41.427+0300][22308][1592 ][debug][gc,phases] GC(15)       ResolvedMethodTable Weak       Min:  0.0, Avg:  0.0, Max:  0.0, Diff:  0.0, Sum:  0.0, Workers: 8
[2025-05-20T20:42:41.427+0300][22308][1592 ][debug][gc,phases] GC(15)         Dead                           Min: 0, Avg:  0.0, Max: 0, Diff: 0, Sum: 0, Workers: 8
[2025-05-20T20:42:41.427+0300][22308][1592 ][debug][gc,phases] GC(15)         Total                          Min: 0, Avg: 111.4, Max: 128, Diff: 128, Sum: 891, Workers: 8
[2025-05-20T20:42:41.427+0300][22308][1592 ][debug][gc,phases] GC(15)       JNI Weak                       Min:  0.0, Avg:  0.0, Max:  0.0, Diff:  0.0, Sum:  0.0, Workers: 8
[2025-05-20T20:42:41.427+0300][22308][1592 ][debug][gc,phases] GC(15)         Dead                           Min: 0, Avg:  0.0, Max: 0, Diff: 0, Sum: 0, Workers: 8
[2025-05-20T20:42:41.427+0300][22308][1592 ][debug][gc,phases] GC(15)         Total                          Min: 0, Avg:  0.0, Max: 0, Diff: 0, Sum: 0, Workers: 8
[2025-05-20T20:42:41.427+0300][22308][1592 ][debug][gc,phases] GC(15)       StringDedup Table Weak         Min:  0.0, Avg:  0.0, Max:  0.0, Diff:  0.0, Sum:  0.0, Workers: 8
[2025-05-20T20:42:41.427+0300][22308][1592 ][debug][gc,phases] GC(15)         Dead                           Min: 0, Avg:  0.0, Max: 0, Diff: 0, Sum: 0, Workers: 8
[2025-05-20T20:42:41.427+0300][22308][1592 ][debug][gc,phases] GC(15)         Total                          Min: 0, Avg:  0.0, Max: 0, Diff: 0, Sum: 0, Workers: 8
[2025-05-20T20:42:41.427+0300][22308][1592 ][debug][gc,phases] GC(15)       StringDedup Requests0 Weak     Min:  0.0, Avg:  0.0, Max:  0.0, Diff:  0.0, Sum:  0.0, Workers: 8
[2025-05-20T20:42:41.427+0300][22308][1592 ][debug][gc,phases] GC(15)         Dead                           Min: 0, Avg:  0.0, Max: 0, Diff: 0, Sum: 0, Workers: 8
[2025-05-20T20:42:41.427+0300][22308][1592 ][debug][gc,phases] GC(15)         Total                          Min: 0, Avg:  0.0, Max: 0, Diff: 0, Sum: 0, Workers: 8
[2025-05-20T20:42:41.427+0300][22308][1592 ][debug][gc,phases] GC(15)       StringDedup Requests1 Weak     Min:  0.0, Avg:  0.0, Max:  0.0, Diff:  0.0, Sum:  0.0, Workers: 8
[2025-05-20T20:42:41.427+0300][22308][1592 ][debug][gc,phases] GC(15)         Dead                           Min: 0, Avg:  0.0, Max: 0, Diff: 0, Sum: 0, Workers: 8
[2025-05-20T20:42:41.427+0300][22308][1592 ][debug][gc,phases] GC(15)         Total                          Min: 0, Avg:  0.0, Max: 0, Diff: 0, Sum: 0, Workers: 8
[2025-05-20T20:42:41.427+0300][22308][1592 ][debug][gc,phases] GC(15)       Weak JFR Old Object Samples    Min:  0.0, Avg:  0.0, Max:  0.0, Diff:  0.0, Sum:  0.0, Workers: 8
[2025-05-20T20:42:41.427+0300][22308][1592 ][debug][gc,phases] GC(15)         Dead                           Min: 0, Avg:  0.0, Max: 0, Diff: 0, Sum: 0, Workers: 8
[2025-05-20T20:42:41.427+0300][22308][1592 ][debug][gc,phases] GC(15)         Total                          Min: 0, Avg:  0.0, Max: 0, Diff: 0, Sum: 0, Workers: 8
[2025-05-20T20:42:41.427+0300][22308][1592 ][debug][gc,phases] GC(15)     Post Evacuate Cleanup 1: 0.4ms
[2025-05-20T20:42:41.427+0300][22308][1592 ][debug][gc,phases] GC(15)       Merge Per-Thread State (ms):   Min:  0.1, Avg:  0.1, Max:  0.1, Diff:  0.0, Sum:  0.1, Workers: 1
[2025-05-20T20:42:41.427+0300][22308][1592 ][debug][gc,phases] GC(15)         Copied Bytes                   Min: 0, Avg: 88713.0, Max: 166608, Diff: 166608, Sum: 709704, Workers: 8
[2025-05-20T20:42:41.427+0300][22308][1592 ][debug][gc,phases] GC(15)         LAB Waste                      Min: 0, Avg: 130.0, Max: 488, Diff: 488, Sum: 1040, Workers: 8
[2025-05-20T20:42:41.427+0300][22308][1592 ][debug][gc,phases] GC(15)         LAB Undo Waste                 Min: 0, Avg:  0.0, Max: 0, Diff: 0, Sum: 0, Workers: 8
[2025-05-20T20:42:41.427+0300][22308][1592 ][debug][gc,phases] GC(15)       Clear Logged Cards (ms):       Min:  0.0, Avg:  0.2, Max:  0.3, Diff:  0.3, Sum:  1.5, Workers: 7
[2025-05-20T20:42:41.427+0300][22308][1592 ][debug][gc,phases] GC(15)       Recalculate Used Memory (ms):  Min:  0.0, Avg:  0.0, Max:  0.0, Diff:  0.0, Sum:  0.0, Workers: 1
[2025-05-20T20:42:41.427+0300][22308][1592 ][debug][gc,phases] GC(15)     Post Evacuate Cleanup 2: 0.3ms
[2025-05-20T20:42:41.427+0300][22308][1592 ][debug][gc,phases] GC(15)       Update Derived Pointers (ms):  Min:  0.0, Avg:  0.0, Max:  0.0, Diff:  0.0, Sum:  0.0, Workers: 1
[2025-05-20T20:42:41.427+0300][22308][1592 ][debug][gc,phases] GC(15)       Eagerly Reclaim Humongous Objects (ms): Min:  0.0, Avg:  0.0, Max:  0.0, Diff:  0.0, Sum:  0.0, Workers: 1
[2025-05-20T20:42:41.427+0300][22308][1592 ][debug][gc,phases] GC(15)         Humongous Total                Min: 6, Avg:  6.0, Max: 6, Diff: 0, Sum: 6, Workers: 1
[2025-05-20T20:42:41.427+0300][22308][1592 ][debug][gc,phases] GC(15)         Humongous Candidates           Min: 3, Avg:  3.0, Max: 3, Diff: 0, Sum: 3, Workers: 1
[2025-05-20T20:42:41.427+0300][22308][1592 ][debug][gc,phases] GC(15)         Humongous Reclaimed            Min: 0, Avg:  0.0, Max: 0, Diff: 0, Sum: 0, Workers: 1
[2025-05-20T20:42:41.427+0300][22308][1592 ][debug][gc,phases] GC(15)       Redirty Logged Cards (ms):     Min:  0.0, Avg:  0.0, Max:  0.0, Diff:  0.0, Sum:  0.0, Workers: 8
[2025-05-20T20:42:41.427+0300][22308][1592 ][debug][gc,phases] GC(15)         Redirtied Cards:               Min: 0, Avg:  1.2, Max: 10, Diff: 10, Sum: 10, Workers: 8
[2025-05-20T20:42:41.427+0300][22308][1592 ][debug][gc,phases] GC(15)       Resize TLABs (ms):             Min:  0.0, Avg:  0.0, Max:  0.0, Diff:  0.0, Sum:  0.0, Workers: 8
[2025-05-20T20:42:41.427+0300][22308][1592 ][debug][gc,phases] GC(15)       Free Collection Set (ms):      Min:  0.3, Avg:  0.3, Max:  0.3, Diff:  0.0, Sum:  2.1, Workers: 8
[2025-05-20T20:42:41.427+0300][22308][1592 ][debug][gc,phases] GC(15)     Rebuild Free List: 0.1ms
[2025-05-20T20:42:41.427+0300][22308][1592 ][debug][gc,phases] GC(15)     Prepare For Mutator: 0.0ms
[2025-05-20T20:42:41.427+0300][22308][1592 ][debug][gc,phases] GC(15)     Expand Heap After Collection: 0.0ms
[2025-05-20T20:42:41.427+0300][22308][1592 ][info ][gc,phases] GC(15)   Other: 0.1ms
[2025-05-20T20:42:41.427+0300][22308][1592 ][info ][gc,heap  ] GC(15) Eden regions: 1227->0(1227)
[2025-05-20T20:42:41.427+0300][22308][1592 ][info ][gc,heap  ] GC(15) Survivor regions: 1->1(154)
[2025-05-20T20:42:41.427+0300][22308][1592 ][info ][gc,heap  ] GC(15) Old regions: 8->8
[2025-05-20T20:42:41.427+0300][22308][1592 ][info ][gc,heap  ] GC(15) Humongous regions: 12->12
[2025-05-20T20:42:41.427+0300][22308][1592 ][debug][gc,heap  ] GC(15) Heap after GC invocations=16 (full 2):
[2025-05-20T20:42:41.427+0300][22308][1592 ][debug][gc,heap  ] GC(15)  garbage-first heap   total 4194304K, used 29064K [0x0000000700000000, 0x0000000800000000)
[2025-05-20T20:42:41.427+0300][22308][1592 ][debug][gc,heap  ] GC(15)   region size 2048K, 1 young (2048K), 1 survivors (2048K)
[2025-05-20T20:42:41.427+0300][22308][1592 ][debug][gc,heap  ] GC(15)  Metaspace       used 8737K, committed 9792K, reserved 1114112K
[2025-05-20T20:42:41.427+0300][22308][1592 ][debug][gc,heap  ] GC(15)   class space    used 874K, committed 1280K, reserved 1048576K
[2025-05-20T20:42:41.427+0300][22308][1592 ][info ][gc       ] GC(15) Pause Young (Normal) (G1 Evacuation Pause) 2482M->28M(4096M) 4.249ms
[2025-05-20T20:42:41.427+0300][22308][1592 ][info ][safepoint] Safepoint "G1CollectForAllocation", Time since last: 771835000 ns, Reaching safepoint: 435200 ns, Cleanup: 11000 ns, At safepoint: 4322600 ns, Total: 4768800 ns
[2025-05-20T20:42:42.246+0300][22308][1592 ][debug][safepoint] Safepoint synchronization initiated using striped semaphore wait barrier. (19 threads)
[2025-05-20T20:42:42.246+0300][22308][22156][debug][safepoint] ... found polling page loop exception at pc = 0x0000017962f97760, stub =0x0000017962995d80
[2025-05-20T20:42:42.246+0300][22308][3784 ][debug][safepoint] ... found polling page loop exception at pc = 0x0000017963025355, stub =0x0000017962996600
[2025-05-20T20:42:42.246+0300][22308][21372][debug][safepoint] ... found polling page loop exception at pc = 0x0000017962fa2ba2, stub =0x0000017962996600
[2025-05-20T20:42:42.246+0300][22308][15156][debug][safepoint] ... found polling page loop exception at pc = 0x0000017962f99e9e, stub =0x0000017962996600
[2025-05-20T20:42:42.246+0300][22308][1592 ][debug][gc,heap  ] GC(16) Heap before GC invocations=16 (full 2):
[2025-05-20T20:42:42.246+0300][22308][1592 ][debug][gc,heap  ] GC(16)  garbage-first heap   total 4194304K, used 2541960K [0x0000000700000000, 0x0000000800000000)
[2025-05-20T20:42:42.246+0300][22308][1592 ][debug][gc,heap  ] GC(16)   region size 2048K, 1228 young (2514944K), 1 survivors (2048K)
[2025-05-20T20:42:42.246+0300][22308][1592 ][debug][gc,heap  ] GC(16)  Metaspace       used 8737K, committed 9792K, reserved 1114112K
[2025-05-20T20:42:42.246+0300][22308][1592 ][debug][gc,heap  ] GC(16)   class space    used 874K, committed 1280K, reserved 1048576K
[2025-05-20T20:42:42.246+0300][22308][1592 ][info ][gc,phases] GC(16)   Pre Evacuate Collection Set: 0.3ms
[2025-05-20T20:42:42.246+0300][22308][1592 ][debug][gc,phases] GC(16)     Pre Evacuate Prepare: 0.1ms
[2025-05-20T20:42:42.246+0300][22308][1592 ][debug][gc,phases] GC(16)       JT Retire TLABs And Flush Logs (ms): Min:  0.0, Avg:  0.0, Max:  0.0, Diff:  0.0, Sum:  0.0, Workers: 2
[2025-05-20T20:42:42.246+0300][22308][1592 ][debug][gc,phases] GC(16)       Non-JT Flush Logs (ms):        Min:  0.0, Avg:  0.0, Max:  0.0, Diff:  0.0, Sum:  0.0, Workers: 1
[2025-05-20T20:42:42.246+0300][22308][1592 ][debug][gc,phases] GC(16)     Choose Collection Set: 0.0ms
[2025-05-20T20:42:42.246+0300][22308][1592 ][debug][gc,phases] GC(16)     Region Register: 0.3ms
[2025-05-20T20:42:42.246+0300][22308][1592 ][debug][gc,phases] GC(16)     Prepare Heap Roots: 0.0ms
[2025-05-20T20:42:42.246+0300][22308][1592 ][info ][gc,phases] GC(16)   Merge Heap Roots: 0.2ms
[2025-05-20T20:42:42.246+0300][22308][1592 ][debug][gc,phases] GC(16)     Prepare Merge Heap Roots: 0.0ms
[2025-05-20T20:42:42.246+0300][22308][1592 ][debug][gc,phases] GC(16)     Remembered Sets (ms):          Min:  0.0, Avg:  0.1, Max:  0.1, Diff:  0.1, Sum:  0.9, Workers: 8
[2025-05-20T20:42:42.246+0300][22308][1592 ][debug][gc,phases] GC(16)       Eager Reclaim (ms):            Min:  0.0, Avg:  0.0, Max:  0.0, Diff:  0.0, Sum:  0.0, Workers: 1
[2025-05-20T20:42:42.246+0300][22308][1592 ][debug][gc,phases] GC(16)       Merged Inline                  Min: 0, Avg:  0.0, Max: 0, Diff: 0, Sum: 0, Workers: 8
[2025-05-20T20:42:42.246+0300][22308][1592 ][debug][gc,phases] GC(16)       Merged ArrayOfCards            Min: 0, Avg:  0.0, Max: 0, Diff: 0, Sum: 0, Workers: 8
[2025-05-20T20:42:42.246+0300][22308][1592 ][debug][gc,phases] GC(16)       Merged Howl                    Min: 0, Avg:  0.0, Max: 0, Diff: 0, Sum: 0, Workers: 8
[2025-05-20T20:42:42.246+0300][22308][1592 ][debug][gc,phases] GC(16)       Merged Full                    Min: 0, Avg:  0.0, Max: 0, Diff: 0, Sum: 0, Workers: 8
[2025-05-20T20:42:42.246+0300][22308][1592 ][debug][gc,phases] GC(16)       Merged Howl Inline             Min: 0, Avg:  0.0, Max: 0, Diff: 0, Sum: 0, Workers: 8
[2025-05-20T20:42:42.246+0300][22308][1592 ][debug][gc,phases] GC(16)       Merged Howl ArrayOfCards       Min: 0, Avg:  0.0, Max: 0, Diff: 0, Sum: 0, Workers: 8
[2025-05-20T20:42:42.246+0300][22308][1592 ][debug][gc,phases] GC(16)       Merged Howl BitMap             Min: 0, Avg:  0.0, Max: 0, Diff: 0, Sum: 0, Workers: 8
[2025-05-20T20:42:42.246+0300][22308][1592 ][debug][gc,phases] GC(16)       Merged Howl Full               Min: 0, Avg:  0.0, Max: 0, Diff: 0, Sum: 0, Workers: 8
[2025-05-20T20:42:42.246+0300][22308][1592 ][debug][gc,phases] GC(16)       Merged Cards                   Min: 8, Avg:  9.0, Max: 16, Diff: 8, Sum: 72, Workers: 8
[2025-05-20T20:42:42.246+0300][22308][1592 ][debug][gc,phases] GC(16)     Log Buffers (ms):              Min:  0.0, Avg:  0.0, Max:  0.0, Diff:  0.0, Sum:  0.0, Workers: 8
[2025-05-20T20:42:42.246+0300][22308][1592 ][debug][gc,phases] GC(16)       Dirty Cards:                   Min: 0, Avg:  1.6, Max: 10, Diff: 10, Sum: 13, Workers: 8
[2025-05-20T20:42:42.246+0300][22308][1592 ][debug][gc,phases] GC(16)       Skipped Cards:                 Min: 0, Avg:  0.0, Max: 0, Diff: 0, Sum: 0, Workers: 8
[2025-05-20T20:42:42.246+0300][22308][1592 ][info ][gc,phases] GC(16)   Evacuate Collection Set: 0.4ms
[2025-05-20T20:42:42.246+0300][22308][1592 ][debug][gc,phases] GC(16)     Ext Root Scanning (ms):        Min:  0.0, Avg:  0.1, Max:  0.1, Diff:  0.0, Sum:  0.5, Workers: 8
[2025-05-20T20:42:42.246+0300][22308][1592 ][debug][gc,phases] GC(16)     Scan Heap Roots (ms):          Min:  0.0, Avg:  0.0, Max:  0.0, Diff:  0.0, Sum:  0.1, Workers: 8
[2025-05-20T20:42:42.246+0300][22308][1592 ][debug][gc,phases] GC(16)       Scanned Cards:                 Min: 0, Avg:  1.6, Max: 4, Diff: 4, Sum: 13, Workers: 8
[2025-05-20T20:42:42.246+0300][22308][1592 ][debug][gc,phases] GC(16)       Scanned Blocks:                Min: 0, Avg:  1.5, Max: 3, Diff: 3, Sum: 12, Workers: 8
[2025-05-20T20:42:42.246+0300][22308][1592 ][debug][gc,phases] GC(16)       Claimed Chunks:                Min: 0, Avg:  1.1, Max: 2, Diff: 2, Sum: 9, Workers: 8
[2025-05-20T20:42:42.246+0300][22308][1592 ][debug][gc,phases] GC(16)       Found Roots:                   Min: 0, Avg:  1.8, Max: 5, Diff: 5, Sum: 14, Workers: 8
[2025-05-20T20:42:42.246+0300][22308][1592 ][debug][gc,phases] GC(16)     Code Root Scan (ms):           Min:  0.1, Avg:  0.1, Max:  0.1, Diff:  0.0, Sum:  0.8, Workers: 8
[2025-05-20T20:42:42.246+0300][22308][1592 ][debug][gc,phases] GC(16)       Scanned Nmethods               Min: 0, Avg:  0.0, Max: 0, Diff: 0, Sum: 0, Workers: 8
[2025-05-20T20:42:42.246+0300][22308][1592 ][debug][gc,phases] GC(16)     Object Copy (ms):              Min:  0.1, Avg:  0.1, Max:  0.1, Diff:  0.0, Sum:  0.8, Workers: 8
[2025-05-20T20:42:42.246+0300][22308][1592 ][debug][gc,phases] GC(16)     Termination (ms):              Min:  0.0, Avg:  0.0, Max:  0.0, Diff:  0.0, Sum:  0.1, Workers: 8
[2025-05-20T20:42:42.246+0300][22308][1592 ][debug][gc,phases] GC(16)       Termination Attempts:          Min: 1, Avg:  1.0, Max: 1, Diff: 0, Sum: 8, Workers: 8
[2025-05-20T20:42:42.246+0300][22308][1592 ][debug][gc,phases] GC(16)     GC Worker Other (ms):          Min:  0.1, Avg:  0.1, Max:  0.1, Diff:  0.0, Sum:  0.8, Workers: 8
[2025-05-20T20:42:42.246+0300][22308][1592 ][debug][gc,phases] GC(16)     GC Worker Total (ms):          Min:  0.4, Avg:  0.4, Max:  0.4, Diff:  0.0, Sum:  3.1, Workers: 8
[2025-05-20T20:42:42.246+0300][22308][1592 ][info ][gc,phases] GC(16)   Post Evacuate Collection Set: 1.0ms
[2025-05-20T20:42:42.246+0300][22308][1592 ][debug][gc,phases] GC(16)     NMethod List Cleanup: 0.0ms
[2025-05-20T20:42:42.246+0300][22308][1592 ][debug][gc,phases] GC(16)     Reference Processing: 0.1ms
[2025-05-20T20:42:42.246+0300][22308][1592 ][debug][gc,phases] GC(16)     Weak Processing: 0.1ms
[2025-05-20T20:42:42.246+0300][22308][1592 ][debug][gc,phases] GC(16)       VM Weak                        Min:  0.0, Avg:  0.0, Max:  0.0, Diff:  0.0, Sum:  0.0, Workers: 8
[2025-05-20T20:42:42.246+0300][22308][1592 ][debug][gc,phases] GC(16)         Dead                           Min: 0, Avg:  0.0, Max: 0, Diff: 0, Sum: 0, Workers: 8
[2025-05-20T20:42:42.246+0300][22308][1592 ][debug][gc,phases] GC(16)         Total                          Min: 0, Avg: 15.4, Max: 111, Diff: 111, Sum: 123, Workers: 8
[2025-05-20T20:42:42.246+0300][22308][1592 ][debug][gc,phases] GC(16)       ObjectSynchronizer Weak        Min:  0.0, Avg:  0.0, Max:  0.0, Diff:  0.0, Sum:  0.0, Workers: 8
[2025-05-20T20:42:42.246+0300][22308][1592 ][debug][gc,phases] GC(16)         Dead                           Min: 0, Avg:  0.0, Max: 0, Diff: 0, Sum: 0, Workers: 8
[2025-05-20T20:42:42.246+0300][22308][1592 ][debug][gc,phases] GC(16)         Total                          Min: 0, Avg: 17.2, Max: 64, Diff: 64, Sum: 138, Workers: 8
[2025-05-20T20:42:42.246+0300][22308][1592 ][debug][gc,phases] GC(16)       JVMTI Tag Weak OopStorage      Min:  0.0, Avg:  0.0, Max:  0.0, Diff:  0.0, Sum:  0.0, Workers: 8
[2025-05-20T20:42:42.246+0300][22308][1592 ][debug][gc,phases] GC(16)         Dead                           Min: 0, Avg:  0.0, Max: 0, Diff: 0, Sum: 0, Workers: 8
[2025-05-20T20:42:42.246+0300][22308][1592 ][debug][gc,phases] GC(16)         Total                          Min: 0, Avg:  0.0, Max: 0, Diff: 0, Sum: 0, Workers: 8
[2025-05-20T20:42:42.246+0300][22308][1592 ][debug][gc,phases] GC(16)       StringTable Weak               Min:  0.0, Avg:  0.0, Max:  0.0, Diff:  0.0, Sum:  0.1, Workers: 8
[2025-05-20T20:42:42.246+0300][22308][1592 ][debug][gc,phases] GC(16)         Dead                           Min: 0, Avg:  0.0, Max: 0, Diff: 0, Sum: 0, Workers: 8
[2025-05-20T20:42:42.246+0300][22308][1592 ][debug][gc,phases] GC(16)         Total                          Min: 0, Avg: 784.9, Max: 1095, Diff: 1095, Sum: 6279, Workers: 8
[2025-05-20T20:42:42.246+0300][22308][1592 ][debug][gc,phases] GC(16)       ResolvedMethodTable Weak       Min:  0.0, Avg:  0.0, Max:  0.0, Diff:  0.0, Sum:  0.0, Workers: 8
[2025-05-20T20:42:42.246+0300][22308][1592 ][debug][gc,phases] GC(16)         Dead                           Min: 0, Avg:  0.0, Max: 0, Diff: 0, Sum: 0, Workers: 8
[2025-05-20T20:42:42.246+0300][22308][1592 ][debug][gc,phases] GC(16)         Total                          Min: 0, Avg: 111.4, Max: 128, Diff: 128, Sum: 891, Workers: 8
[2025-05-20T20:42:42.246+0300][22308][1592 ][debug][gc,phases] GC(16)       JNI Weak                       Min:  0.0, Avg:  0.0, Max:  0.0, Diff:  0.0, Sum:  0.0, Workers: 8
[2025-05-20T20:42:42.246+0300][22308][1592 ][debug][gc,phases] GC(16)         Dead                           Min: 0, Avg:  0.0, Max: 0, Diff: 0, Sum: 0, Workers: 8
[2025-05-20T20:42:42.246+0300][22308][1592 ][debug][gc,phases] GC(16)         Total                          Min: 0, Avg:  0.0, Max: 0, Diff: 0, Sum: 0, Workers: 8
[2025-05-20T20:42:42.246+0300][22308][1592 ][debug][gc,phases] GC(16)       StringDedup Table Weak         Min:  0.0, Avg:  0.0, Max:  0.0, Diff:  0.0, Sum:  0.0, Workers: 8
[2025-05-20T20:42:42.246+0300][22308][1592 ][debug][gc,phases] GC(16)         Dead                           Min: 0, Avg:  0.0, Max: 0, Diff: 0, Sum: 0, Workers: 8
[2025-05-20T20:42:42.246+0300][22308][1592 ][debug][gc,phases] GC(16)         Total                          Min: 0, Avg:  0.0, Max: 0, Diff: 0, Sum: 0, Workers: 8
[2025-05-20T20:42:42.246+0300][22308][1592 ][debug][gc,phases] GC(16)       StringDedup Requests0 Weak     Min:  0.0, Avg:  0.0, Max:  0.0, Diff:  0.0, Sum:  0.0, Workers: 8
[2025-05-20T20:42:42.246+0300][22308][1592 ][debug][gc,phases] GC(16)         Dead                           Min: 0, Avg:  0.0, Max: 0, Diff: 0, Sum: 0, Workers: 8
[2025-05-20T20:42:42.246+0300][22308][1592 ][debug][gc,phases] GC(16)         Total                          Min: 0, Avg:  0.0, Max: 0, Diff: 0, Sum: 0, Workers: 8
[2025-05-20T20:42:42.246+0300][22308][1592 ][debug][gc,phases] GC(16)       StringDedup Requests1 Weak     Min:  0.0, Avg:  0.0, Max:  0.0, Diff:  0.0, Sum:  0.0, Workers: 8
[2025-05-20T20:42:42.246+0300][22308][1592 ][debug][gc,phases] GC(16)         Dead                           Min: 0, Avg:  0.0, Max: 0, Diff: 0, Sum: 0, Workers: 8
[2025-05-20T20:42:42.246+0300][22308][1592 ][debug][gc,phases] GC(16)         Total                          Min: 0, Avg:  0.0, Max: 0, Diff: 0, Sum: 0, Workers: 8
[2025-05-20T20:42:42.246+0300][22308][1592 ][debug][gc,phases] GC(16)       Weak JFR Old Object Samples    Min:  0.0, Avg:  0.0, Max:  0.0, Diff:  0.0, Sum:  0.0, Workers: 8
[2025-05-20T20:42:42.246+0300][22308][1592 ][debug][gc,phases] GC(16)         Dead                           Min: 0, Avg:  0.0, Max: 0, Diff: 0, Sum: 0, Workers: 8
[2025-05-20T20:42:42.246+0300][22308][1592 ][debug][gc,phases] GC(16)         Total                          Min: 0, Avg:  0.0, Max: 0, Diff: 0, Sum: 0, Workers: 8
[2025-05-20T20:42:42.246+0300][22308][1592 ][debug][gc,phases] GC(16)     Post Evacuate Cleanup 1: 0.4ms
[2025-05-20T20:42:42.246+0300][22308][1592 ][debug][gc,phases] GC(16)       Merge Per-Thread State (ms):   Min:  0.1, Avg:  0.1, Max:  0.1, Diff:  0.0, Sum:  0.1, Workers: 1
[2025-05-20T20:42:42.246+0300][22308][1592 ][debug][gc,phases] GC(16)         Copied Bytes                   Min: 65808, Avg: 89790.0, Max: 150824, Diff: 85016, Sum: 718320, Workers: 8
[2025-05-20T20:42:42.246+0300][22308][1592 ][debug][gc,phases] GC(16)         LAB Waste                      Min: 56, Avg: 161.0, Max: 360, Diff: 304, Sum: 1288, Workers: 8
[2025-05-20T20:42:42.246+0300][22308][1592 ][debug][gc,phases] GC(16)         LAB Undo Waste                 Min: 0, Avg:  0.0, Max: 0, Diff: 0, Sum: 0, Workers: 8
[2025-05-20T20:42:42.246+0300][22308][1592 ][debug][gc,phases] GC(16)       Clear Logged Cards (ms):       Min:  0.0, Avg:  0.2, Max:  0.4, Diff:  0.4, Sum:  1.5, Workers: 7
[2025-05-20T20:42:42.246+0300][22308][1592 ][debug][gc,phases] GC(16)       Recalculate Used Memory (ms):  Min:  0.0, Avg:  0.0, Max:  0.0, Diff:  0.0, Sum:  0.0, Workers: 1
[2025-05-20T20:42:42.246+0300][22308][1592 ][debug][gc,phases] GC(16)     Post Evacuate Cleanup 2: 0.3ms
[2025-05-20T20:42:42.246+0300][22308][1592 ][debug][gc,phases] GC(16)       Update Derived Pointers (ms):  Min:  0.0, Avg:  0.0, Max:  0.0, Diff:  0.0, Sum:  0.0, Workers: 1
[2025-05-20T20:42:42.246+0300][22308][1592 ][debug][gc,phases] GC(16)       Eagerly Reclaim Humongous Objects (ms): Min:  0.0, Avg:  0.0, Max:  0.0, Diff:  0.0, Sum:  0.0, Workers: 1
[2025-05-20T20:42:42.246+0300][22308][1592 ][debug][gc,phases] GC(16)         Humongous Total                Min: 6, Avg:  6.0, Max: 6, Diff: 0, Sum: 6, Workers: 1
[2025-05-20T20:42:42.246+0300][22308][1592 ][debug][gc,phases] GC(16)         Humongous Candidates           Min: 3, Avg:  3.0, Max: 3, Diff: 0, Sum: 3, Workers: 1
[2025-05-20T20:42:42.246+0300][22308][1592 ][debug][gc,phases] GC(16)         Humongous Reclaimed            Min: 0, Avg:  0.0, Max: 0, Diff: 0, Sum: 0, Workers: 1
[2025-05-20T20:42:42.246+0300][22308][1592 ][debug][gc,phases] GC(16)       Redirty Logged Cards (ms):     Min:  0.0, Avg:  0.0, Max:  0.0, Diff:  0.0, Sum:  0.0, Workers: 8
[2025-05-20T20:42:42.246+0300][22308][1592 ][debug][gc,phases] GC(16)         Redirtied Cards:               Min: 0, Avg:  1.2, Max: 10, Diff: 10, Sum: 10, Workers: 8
[2025-05-20T20:42:42.246+0300][22308][1592 ][debug][gc,phases] GC(16)       Resize TLABs (ms):             Min:  0.0, Avg:  0.0, Max:  0.0, Diff:  0.0, Sum:  0.0, Workers: 8
[2025-05-20T20:42:42.246+0300][22308][1592 ][debug][gc,phases] GC(16)       Free Collection Set (ms):      Min:  0.2, Avg:  0.3, Max:  0.3, Diff:  0.0, Sum:  2.0, Workers: 8
[2025-05-20T20:42:42.246+0300][22308][1592 ][debug][gc,phases] GC(16)     Rebuild Free List: 0.1ms
[2025-05-20T20:42:42.246+0300][22308][1592 ][debug][gc,phases] GC(16)     Prepare For Mutator: 0.0ms
[2025-05-20T20:42:42.246+0300][22308][1592 ][debug][gc,phases] GC(16)     Expand Heap After Collection: 0.0ms
[2025-05-20T20:42:42.246+0300][22308][1592 ][info ][gc,phases] GC(16)   Other: 0.1ms
[2025-05-20T20:42:42.246+0300][22308][1592 ][info ][gc,heap  ] GC(16) Eden regions: 1227->0(1227)
[2025-05-20T20:42:42.246+0300][22308][1592 ][info ][gc,heap  ] GC(16) Survivor regions: 1->1(154)
[2025-05-20T20:42:42.246+0300][22308][1592 ][info ][gc,heap  ] GC(16) Old regions: 8->8
[2025-05-20T20:42:42.246+0300][22308][1592 ][info ][gc,heap  ] GC(16) Humongous regions: 12->12
[2025-05-20T20:42:42.246+0300][22308][1592 ][debug][gc,heap  ] GC(16) Heap after GC invocations=17 (full 2):
[2025-05-20T20:42:42.246+0300][22308][1592 ][debug][gc,heap  ] GC(16)  garbage-first heap   total 4194304K, used 29066K [0x0000000700000000, 0x0000000800000000)
[2025-05-20T20:42:42.246+0300][22308][1592 ][debug][gc,heap  ] GC(16)   region size 2048K, 1 young (2048K), 1 survivors (2048K)
[2025-05-20T20:42:42.246+0300][22308][1592 ][debug][gc,heap  ] GC(16)  Metaspace       used 8737K, committed 9792K, reserved 1114112K
[2025-05-20T20:42:42.246+0300][22308][1592 ][debug][gc,heap  ] GC(16)   class space    used 874K, committed 1280K, reserved 1048576K
[2025-05-20T20:42:42.246+0300][22308][1592 ][info ][gc       ] GC(16) Pause Young (Normal) (G1 Evacuation Pause) 2482M->28M(4096M) 3.826ms
[2025-05-20T20:42:42.246+0300][22308][1592 ][info ][safepoint] Safepoint "G1CollectForAllocation", Time since last: 819084000 ns, Reaching safepoint: 370000 ns, Cleanup: 7300 ns, At safepoint: 3883400 ns, Total: 4260700 ns
[2025-05-20T20:42:43.045+0300][22308][1592 ][debug][safepoint] Safepoint synchronization initiated using striped semaphore wait barrier. (19 threads)
[2025-05-20T20:42:43.045+0300][22308][15156][debug][safepoint] ... found polling page loop exception at pc = 0x0000017962f97760, stub =0x0000017962995d80
[2025-05-20T20:42:43.045+0300][22308][22156][debug][safepoint] ... found polling page loop exception at pc = 0x0000017962f97760, stub =0x0000017962995d80
[2025-05-20T20:42:43.045+0300][22308][3784 ][debug][safepoint] ... found polling page loop exception at pc = 0x0000017962f97760, stub =0x0000017962995d80
[2025-05-20T20:42:43.045+0300][22308][21852][debug][safepoint] ... found polling page loop exception at pc = 0x0000017962f97760, stub =0x0000017962995d80
[2025-05-20T20:42:43.045+0300][22308][6188 ][debug][safepoint] ... found polling page loop exception at pc = 0x0000017962fa2ba2, stub =0x0000017962996600
[2025-05-20T20:42:43.047+0300][22308][1592 ][debug][gc,heap  ] GC(17) Heap before GC invocations=17 (full 2):
[2025-05-20T20:42:43.047+0300][22308][1592 ][debug][gc,heap  ] GC(17)  garbage-first heap   total 4194304K, used 2541962K [0x0000000700000000, 0x0000000800000000)
[2025-05-20T20:42:43.047+0300][22308][1592 ][debug][gc,heap  ] GC(17)   region size 2048K, 1228 young (2514944K), 1 survivors (2048K)
[2025-05-20T20:42:43.047+0300][22308][1592 ][debug][gc,heap  ] GC(17)  Metaspace       used 8737K, committed 9792K, reserved 1114112K
[2025-05-20T20:42:43.047+0300][22308][1592 ][debug][gc,heap  ] GC(17)   class space    used 874K, committed 1280K, reserved 1048576K
[2025-05-20T20:42:43.047+0300][22308][1592 ][info ][gc,phases] GC(17)   Pre Evacuate Collection Set: 0.3ms
[2025-05-20T20:42:43.047+0300][22308][1592 ][debug][gc,phases] GC(17)     Pre Evacuate Prepare: 0.0ms
[2025-05-20T20:42:43.047+0300][22308][1592 ][debug][gc,phases] GC(17)       JT Retire TLABs And Flush Logs (ms): Min:  0.0, Avg:  0.0, Max:  0.0, Diff:  0.0, Sum:  0.0, Workers: 2
[2025-05-20T20:42:43.047+0300][22308][1592 ][debug][gc,phases] GC(17)       Non-JT Flush Logs (ms):        Min:  0.0, Avg:  0.0, Max:  0.0, Diff:  0.0, Sum:  0.0, Workers: 1
[2025-05-20T20:42:43.047+0300][22308][1592 ][debug][gc,phases] GC(17)     Choose Collection Set: 0.0ms
[2025-05-20T20:42:43.047+0300][22308][1592 ][debug][gc,phases] GC(17)     Region Register: 0.2ms
[2025-05-20T20:42:43.047+0300][22308][1592 ][debug][gc,phases] GC(17)     Prepare Heap Roots: 0.0ms
[2025-05-20T20:42:43.047+0300][22308][1592 ][info ][gc,phases] GC(17)   Merge Heap Roots: 0.2ms
[2025-05-20T20:42:43.047+0300][22308][1592 ][debug][gc,phases] GC(17)     Prepare Merge Heap Roots: 0.0ms
[2025-05-20T20:42:43.047+0300][22308][1592 ][debug][gc,phases] GC(17)     Remembered Sets (ms):          Min:  0.0, Avg:  0.1, Max:  0.1, Diff:  0.1, Sum:  0.8, Workers: 8
[2025-05-20T20:42:43.047+0300][22308][1592 ][debug][gc,phases] GC(17)       Eager Reclaim (ms):            Min:  0.0, Avg:  0.0, Max:  0.0, Diff:  0.0, Sum:  0.0, Workers: 1
[2025-05-20T20:42:43.047+0300][22308][1592 ][debug][gc,phases] GC(17)       Merged Inline                  Min: 0, Avg:  0.0, Max: 0, Diff: 0, Sum: 0, Workers: 8
[2025-05-20T20:42:43.047+0300][22308][1592 ][debug][gc,phases] GC(17)       Merged ArrayOfCards            Min: 0, Avg:  0.0, Max: 0, Diff: 0, Sum: 0, Workers: 8
[2025-05-20T20:42:43.047+0300][22308][1592 ][debug][gc,phases] GC(17)       Merged Howl                    Min: 0, Avg:  0.0, Max: 0, Diff: 0, Sum: 0, Workers: 8
[2025-05-20T20:42:43.047+0300][22308][1592 ][debug][gc,phases] GC(17)       Merged Full                    Min: 0, Avg:  0.0, Max: 0, Diff: 0, Sum: 0, Workers: 8
[2025-05-20T20:42:43.047+0300][22308][1592 ][debug][gc,phases] GC(17)       Merged Howl Inline             Min: 0, Avg:  0.0, Max: 0, Diff: 0, Sum: 0, Workers: 8
[2025-05-20T20:42:43.047+0300][22308][1592 ][debug][gc,phases] GC(17)       Merged Howl ArrayOfCards       Min: 0, Avg:  0.0, Max: 0, Diff: 0, Sum: 0, Workers: 8
[2025-05-20T20:42:43.047+0300][22308][1592 ][debug][gc,phases] GC(17)       Merged Howl BitMap             Min: 0, Avg:  0.0, Max: 0, Diff: 0, Sum: 0, Workers: 8
[2025-05-20T20:42:43.047+0300][22308][1592 ][debug][gc,phases] GC(17)       Merged Howl Full               Min: 0, Avg:  0.0, Max: 0, Diff: 0, Sum: 0, Workers: 8
[2025-05-20T20:42:43.047+0300][22308][1592 ][debug][gc,phases] GC(17)       Merged Cards                   Min: 8, Avg:  9.0, Max: 16, Diff: 8, Sum: 72, Workers: 8
[2025-05-20T20:42:43.047+0300][22308][1592 ][debug][gc,phases] GC(17)     Log Buffers (ms):              Min:  0.0, Avg:  0.0, Max:  0.0, Diff:  0.0, Sum:  0.0, Workers: 8
[2025-05-20T20:42:43.047+0300][22308][1592 ][debug][gc,phases] GC(17)       Dirty Cards:                   Min: 0, Avg:  1.6, Max: 8, Diff: 8, Sum: 13, Workers: 8
[2025-05-20T20:42:43.047+0300][22308][1592 ][debug][gc,phases] GC(17)       Skipped Cards:                 Min: 0, Avg:  0.0, Max: 0, Diff: 0, Sum: 0, Workers: 8
[2025-05-20T20:42:43.047+0300][22308][1592 ][info ][gc,phases] GC(17)   Evacuate Collection Set: 0.4ms
[2025-05-20T20:42:43.047+0300][22308][1592 ][debug][gc,phases] GC(17)     Ext Root Scanning (ms):        Min:  0.0, Avg:  0.1, Max:  0.1, Diff:  0.0, Sum:  0.5, Workers: 8
[2025-05-20T20:42:43.047+0300][22308][1592 ][debug][gc,phases] GC(17)     Scan Heap Roots (ms):          Min:  0.0, Avg:  0.0, Max:  0.0, Diff:  0.0, Sum:  0.1, Workers: 8
[2025-05-20T20:42:43.047+0300][22308][1592 ][debug][gc,phases] GC(17)       Scanned Cards:                 Min: 0, Avg:  1.6, Max: 5, Diff: 5, Sum: 13, Workers: 8
[2025-05-20T20:42:43.047+0300][22308][1592 ][debug][gc,phases] GC(17)       Scanned Blocks:                Min: 0, Avg:  1.5, Max: 4, Diff: 4, Sum: 12, Workers: 8
[2025-05-20T20:42:43.047+0300][22308][1592 ][debug][gc,phases] GC(17)       Claimed Chunks:                Min: 0, Avg:  1.1, Max: 3, Diff: 3, Sum: 9, Workers: 8
[2025-05-20T20:42:43.047+0300][22308][1592 ][debug][gc,phases] GC(17)       Found Roots:                   Min: 0, Avg:  1.8, Max: 7, Diff: 7, Sum: 14, Workers: 8
[2025-05-20T20:42:43.047+0300][22308][1592 ][debug][gc,phases] GC(17)     Code Root Scan (ms):           Min:  0.1, Avg:  0.1, Max:  0.1, Diff:  0.0, Sum:  0.8, Workers: 8
[2025-05-20T20:42:43.047+0300][22308][1592 ][debug][gc,phases] GC(17)       Scanned Nmethods               Min: 0, Avg:  0.0, Max: 0, Diff: 0, Sum: 0, Workers: 8
[2025-05-20T20:42:43.047+0300][22308][1592 ][debug][gc,phases] GC(17)     Object Copy (ms):              Min:  0.1, Avg:  0.1, Max:  0.1, Diff:  0.0, Sum:  0.8, Workers: 8
[2025-05-20T20:42:43.047+0300][22308][1592 ][debug][gc,phases] GC(17)     Termination (ms):              Min:  0.0, Avg:  0.0, Max:  0.0, Diff:  0.0, Sum:  0.1, Workers: 8
[2025-05-20T20:42:43.047+0300][22308][1592 ][debug][gc,phases] GC(17)       Termination Attempts:          Min: 1, Avg:  1.0, Max: 1, Diff: 0, Sum: 8, Workers: 8
[2025-05-20T20:42:43.047+0300][22308][1592 ][debug][gc,phases] GC(17)     GC Worker Other (ms):          Min:  0.1, Avg:  0.1, Max:  0.1, Diff:  0.0, Sum:  0.8, Workers: 8
[2025-05-20T20:42:43.047+0300][22308][1592 ][debug][gc,phases] GC(17)     GC Worker Total (ms):          Min:  0.4, Avg:  0.4, Max:  0.4, Diff:  0.0, Sum:  3.1, Workers: 8
[2025-05-20T20:42:43.047+0300][22308][1592 ][info ][gc,phases] GC(17)   Post Evacuate Collection Set: 0.9ms
[2025-05-20T20:42:43.047+0300][22308][1592 ][debug][gc,phases] GC(17)     NMethod List Cleanup: 0.0ms
[2025-05-20T20:42:43.047+0300][22308][1592 ][debug][gc,phases] GC(17)     Reference Processing: 0.1ms
[2025-05-20T20:42:43.047+0300][22308][1592 ][debug][gc,phases] GC(17)     Weak Processing: 0.1ms
[2025-05-20T20:42:43.047+0300][22308][1592 ][debug][gc,phases] GC(17)       VM Weak                        Min:  0.0, Avg:  0.0, Max:  0.0, Diff:  0.0, Sum:  0.0, Workers: 8
[2025-05-20T20:42:43.047+0300][22308][1592 ][debug][gc,phases] GC(17)         Dead                           Min: 0, Avg:  0.0, Max: 0, Diff: 0, Sum: 0, Workers: 8
[2025-05-20T20:42:43.047+0300][22308][1592 ][debug][gc,phases] GC(17)         Total                          Min: 0, Avg: 15.4, Max: 86, Diff: 86, Sum: 123, Workers: 8
[2025-05-20T20:42:43.047+0300][22308][1592 ][debug][gc,phases] GC(17)       ObjectSynchronizer Weak        Min:  0.0, Avg:  0.0, Max:  0.0, Diff:  0.0, Sum:  0.0, Workers: 8
[2025-05-20T20:42:43.047+0300][22308][1592 ][debug][gc,phases] GC(17)         Dead                           Min: 0, Avg:  0.0, Max: 0, Diff: 0, Sum: 0, Workers: 8
[2025-05-20T20:42:43.047+0300][22308][1592 ][debug][gc,phases] GC(17)         Total                          Min: 0, Avg: 17.2, Max: 74, Diff: 74, Sum: 138, Workers: 8
[2025-05-20T20:42:43.047+0300][22308][1592 ][debug][gc,phases] GC(17)       JVMTI Tag Weak OopStorage      Min:  0.0, Avg:  0.0, Max:  0.0, Diff:  0.0, Sum:  0.0, Workers: 8
[2025-05-20T20:42:43.047+0300][22308][1592 ][debug][gc,phases] GC(17)         Dead                           Min: 0, Avg:  0.0, Max: 0, Diff: 0, Sum: 0, Workers: 8
[2025-05-20T20:42:43.047+0300][22308][1592 ][debug][gc,phases] GC(17)         Total                          Min: 0, Avg:  0.0, Max: 0, Diff: 0, Sum: 0, Workers: 8
[2025-05-20T20:42:43.047+0300][22308][1592 ][debug][gc,phases] GC(17)       StringTable Weak               Min:  0.0, Avg:  0.0, Max:  0.0, Diff:  0.0, Sum:  0.1, Workers: 8
[2025-05-20T20:42:43.047+0300][22308][1592 ][debug][gc,phases] GC(17)         Dead                           Min: 0, Avg:  0.0, Max: 0, Diff: 0, Sum: 0, Workers: 8
[2025-05-20T20:42:43.047+0300][22308][1592 ][debug][gc,phases] GC(17)         Total                          Min: 640, Avg: 784.9, Max: 1088, Diff: 448, Sum: 6279, Workers: 8
[2025-05-20T20:42:43.047+0300][22308][1592 ][debug][gc,phases] GC(17)       ResolvedMethodTable Weak       Min:  0.0, Avg:  0.0, Max:  0.0, Diff:  0.0, Sum:  0.0, Workers: 8
[2025-05-20T20:42:43.047+0300][22308][1592 ][debug][gc,phases] GC(17)         Dead                           Min: 0, Avg:  0.0, Max: 0, Diff: 0, Sum: 0, Workers: 8
[2025-05-20T20:42:43.047+0300][22308][1592 ][debug][gc,phases] GC(17)         Total                          Min: 62, Avg: 111.4, Max: 192, Diff: 130, Sum: 891, Workers: 8
[2025-05-20T20:42:43.047+0300][22308][1592 ][debug][gc,phases] GC(17)       JNI Weak                       Min:  0.0, Avg:  0.0, Max:  0.0, Diff:  0.0, Sum:  0.0, Workers: 8
[2025-05-20T20:42:43.047+0300][22308][1592 ][debug][gc,phases] GC(17)         Dead                           Min: 0, Avg:  0.0, Max: 0, Diff: 0, Sum: 0, Workers: 8
[2025-05-20T20:42:43.047+0300][22308][1592 ][debug][gc,phases] GC(17)         Total                          Min: 0, Avg:  0.0, Max: 0, Diff: 0, Sum: 0, Workers: 8
[2025-05-20T20:42:43.047+0300][22308][1592 ][debug][gc,phases] GC(17)       StringDedup Table Weak         Min:  0.0, Avg:  0.0, Max:  0.0, Diff:  0.0, Sum:  0.0, Workers: 8
[2025-05-20T20:42:43.047+0300][22308][1592 ][debug][gc,phases] GC(17)         Dead                           Min: 0, Avg:  0.0, Max: 0, Diff: 0, Sum: 0, Workers: 8
[2025-05-20T20:42:43.047+0300][22308][1592 ][debug][gc,phases] GC(17)         Total                          Min: 0, Avg:  0.0, Max: 0, Diff: 0, Sum: 0, Workers: 8
[2025-05-20T20:42:43.047+0300][22308][1592 ][debug][gc,phases] GC(17)       StringDedup Requests0 Weak     Min:  0.0, Avg:  0.0, Max:  0.0, Diff:  0.0, Sum:  0.0, Workers: 8
[2025-05-20T20:42:43.047+0300][22308][1592 ][debug][gc,phases] GC(17)         Dead                           Min: 0, Avg:  0.0, Max: 0, Diff: 0, Sum: 0, Workers: 8
[2025-05-20T20:42:43.047+0300][22308][1592 ][debug][gc,phases] GC(17)         Total                          Min: 0, Avg:  0.0, Max: 0, Diff: 0, Sum: 0, Workers: 8
[2025-05-20T20:42:43.047+0300][22308][1592 ][debug][gc,phases] GC(17)       StringDedup Requests1 Weak     Min:  0.0, Avg:  0.0, Max:  0.0, Diff:  0.0, Sum:  0.0, Workers: 8
[2025-05-20T20:42:43.047+0300][22308][1592 ][debug][gc,phases] GC(17)         Dead                           Min: 0, Avg:  0.0, Max: 0, Diff: 0, Sum: 0, Workers: 8
[2025-05-20T20:42:43.047+0300][22308][1592 ][debug][gc,phases] GC(17)         Total                          Min: 0, Avg:  0.0, Max: 0, Diff: 0, Sum: 0, Workers: 8
[2025-05-20T20:42:43.047+0300][22308][1592 ][debug][gc,phases] GC(17)       Weak JFR Old Object Samples    Min:  0.0, Avg:  0.0, Max:  0.0, Diff:  0.0, Sum:  0.0, Workers: 8
[2025-05-20T20:42:43.047+0300][22308][1592 ][debug][gc,phases] GC(17)         Dead                           Min: 0, Avg:  0.0, Max: 0, Diff: 0, Sum: 0, Workers: 8
[2025-05-20T20:42:43.047+0300][22308][1592 ][debug][gc,phases] GC(17)         Total                          Min: 0, Avg:  0.0, Max: 0, Diff: 0, Sum: 0, Workers: 8
[2025-05-20T20:42:43.047+0300][22308][1592 ][debug][gc,phases] GC(17)     Post Evacuate Cleanup 1: 0.4ms
[2025-05-20T20:42:43.047+0300][22308][1592 ][debug][gc,phases] GC(17)       Merge Per-Thread State (ms):   Min:  0.1, Avg:  0.1, Max:  0.1, Diff:  0.0, Sum:  0.1, Workers: 1
[2025-05-20T20:42:43.047+0300][22308][1592 ][debug][gc,phases] GC(17)         Copied Bytes                   Min: 70048, Avg: 92961.0, Max: 108432, Diff: 38384, Sum: 743688, Workers: 8
[2025-05-20T20:42:43.047+0300][22308][1592 ][debug][gc,phases] GC(17)         LAB Waste                      Min: 96, Avg: 157.0, Max: 376, Diff: 280, Sum: 1256, Workers: 8
[2025-05-20T20:42:43.047+0300][22308][1592 ][debug][gc,phases] GC(17)         LAB Undo Waste                 Min: 0, Avg:  0.0, Max: 0, Diff: 0, Sum: 0, Workers: 8
[2025-05-20T20:42:43.047+0300][22308][1592 ][debug][gc,phases] GC(17)       Clear Logged Cards (ms):       Min:  0.0, Avg:  0.2, Max:  0.3, Diff:  0.3, Sum:  1.1, Workers: 7
[2025-05-20T20:42:43.047+0300][22308][1592 ][debug][gc,phases] GC(17)       Recalculate Used Memory (ms):  Min:  0.0, Avg:  0.0, Max:  0.0, Diff:  0.0, Sum:  0.0, Workers: 1
[2025-05-20T20:42:43.047+0300][22308][1592 ][debug][gc,phases] GC(17)     Post Evacuate Cleanup 2: 0.3ms
[2025-05-20T20:42:43.047+0300][22308][1592 ][debug][gc,phases] GC(17)       Update Derived Pointers (ms):  Min:  0.0, Avg:  0.0, Max:  0.0, Diff:  0.0, Sum:  0.0, Workers: 1
[2025-05-20T20:42:43.047+0300][22308][1592 ][debug][gc,phases] GC(17)       Eagerly Reclaim Humongous Objects (ms): Min:  0.0, Avg:  0.0, Max:  0.0, Diff:  0.0, Sum:  0.0, Workers: 1
[2025-05-20T20:42:43.047+0300][22308][1592 ][debug][gc,phases] GC(17)         Humongous Total                Min: 6, Avg:  6.0, Max: 6, Diff: 0, Sum: 6, Workers: 1
[2025-05-20T20:42:43.047+0300][22308][1592 ][debug][gc,phases] GC(17)         Humongous Candidates           Min: 3, Avg:  3.0, Max: 3, Diff: 0, Sum: 3, Workers: 1
[2025-05-20T20:42:43.047+0300][22308][1592 ][debug][gc,phases] GC(17)         Humongous Reclaimed            Min: 0, Avg:  0.0, Max: 0, Diff: 0, Sum: 0, Workers: 1
[2025-05-20T20:42:43.047+0300][22308][1592 ][debug][gc,phases] GC(17)       Redirty Logged Cards (ms):     Min:  0.0, Avg:  0.0, Max:  0.0, Diff:  0.0, Sum:  0.0, Workers: 8
[2025-05-20T20:42:43.047+0300][22308][1592 ][debug][gc,phases] GC(17)         Redirtied Cards:               Min: 0, Avg:  1.2, Max: 10, Diff: 10, Sum: 10, Workers: 8
[2025-05-20T20:42:43.047+0300][22308][1592 ][debug][gc,phases] GC(17)       Resize TLABs (ms):             Min:  0.0, Avg:  0.0, Max:  0.0, Diff:  0.0, Sum:  0.0, Workers: 8
[2025-05-20T20:42:43.047+0300][22308][1592 ][debug][gc,phases] GC(17)       Free Collection Set (ms):      Min:  0.2, Avg:  0.3, Max:  0.3, Diff:  0.0, Sum:  2.1, Workers: 8
[2025-05-20T20:42:43.047+0300][22308][1592 ][debug][gc,phases] GC(17)     Rebuild Free List: 0.1ms
[2025-05-20T20:42:43.047+0300][22308][1592 ][debug][gc,phases] GC(17)     Prepare For Mutator: 0.0ms
[2025-05-20T20:42:43.047+0300][22308][1592 ][debug][gc,phases] GC(17)     Expand Heap After Collection: 0.0ms
[2025-05-20T20:42:43.047+0300][22308][1592 ][info ][gc,phases] GC(17)   Other: 0.1ms
[2025-05-20T20:42:43.047+0300][22308][1592 ][info ][gc,heap  ] GC(17) Eden regions: 1227->0(1227)
[2025-05-20T20:42:43.047+0300][22308][1592 ][info ][gc,heap  ] GC(17) Survivor regions: 1->1(154)
[2025-05-20T20:42:43.047+0300][22308][1592 ][info ][gc,heap  ] GC(17) Old regions: 8->8
[2025-05-20T20:42:43.047+0300][22308][1592 ][info ][gc,heap  ] GC(17) Humongous regions: 12->12
[2025-05-20T20:42:43.047+0300][22308][1592 ][debug][gc,heap  ] GC(17) Heap after GC invocations=18 (full 2):
[2025-05-20T20:42:43.047+0300][22308][1592 ][debug][gc,heap  ] GC(17)  garbage-first heap   total 4194304K, used 29079K [0x0000000700000000, 0x0000000800000000)
[2025-05-20T20:42:43.047+0300][22308][1592 ][debug][gc,heap  ] GC(17)   region size 2048K, 1 young (2048K), 1 survivors (2048K)
[2025-05-20T20:42:43.047+0300][22308][1592 ][debug][gc,heap  ] GC(17)  Metaspace       used 8737K, committed 9792K, reserved 1114112K
[2025-05-20T20:42:43.047+0300][22308][1592 ][debug][gc,heap  ] GC(17)   class space    used 874K, committed 1280K, reserved 1048576K
[2025-05-20T20:42:43.047+0300][22308][1592 ][info ][gc       ] GC(17) Pause Young (Normal) (G1 Evacuation Pause) 2482M->28M(4096M) 3.613ms
[2025-05-20T20:42:43.047+0300][22308][1592 ][info ][safepoint] Safepoint "G1CollectForAllocation", Time since last: 794517800 ns, Reaching safepoint: 349000 ns, Cleanup: 13900 ns, At safepoint: 3666700 ns, Total: 4029600 ns
[2025-05-20T20:42:44.116+0300][22308][1592 ][debug][safepoint] Safepoint synchronization initiated using striped semaphore wait barrier. (19 threads)
[2025-05-20T20:42:44.116+0300][22308][5224 ][debug][safepoint] ... found polling page loop exception at pc = 0x0000017962f97760, stub =0x0000017962995d80
[2025-05-20T20:42:44.116+0300][22308][15156][debug][safepoint] ... found polling page loop exception at pc = 0x0000017962f97760, stub =0x0000017962995d80
[2025-05-20T20:42:44.116+0300][22308][21852][debug][safepoint] ... found polling page loop exception at pc = 0x0000017962f97760, stub =0x0000017962995d80
[2025-05-20T20:42:44.116+0300][22308][21372][debug][safepoint] ... found polling page loop exception at pc = 0x0000017962f97760, stub =0x0000017962995d80
[2025-05-20T20:42:44.116+0300][22308][3784 ][debug][safepoint] ... found polling page loop exception at pc = 0x0000017962fa2ba2, stub =0x0000017962996600
[2025-05-20T20:42:44.116+0300][22308][22156][debug][safepoint] ... found polling page loop exception at pc = 0x0000017962f97760, stub =0x0000017962995d80
[2025-05-20T20:42:44.116+0300][22308][1592 ][debug][gc,heap  ] GC(18) Heap before GC invocations=18 (full 2):
[2025-05-20T20:42:44.118+0300][22308][1592 ][debug][gc,heap  ] GC(18)  garbage-first heap   total 4194304K, used 2541975K [0x0000000700000000, 0x0000000800000000)
[2025-05-20T20:42:44.118+0300][22308][1592 ][debug][gc,heap  ] GC(18)   region size 2048K, 1228 young (2514944K), 1 survivors (2048K)
[2025-05-20T20:42:44.118+0300][22308][1592 ][debug][gc,heap  ] GC(18)  Metaspace       used 8737K, committed 9792K, reserved 1114112K
[2025-05-20T20:42:44.118+0300][22308][1592 ][debug][gc,heap  ] GC(18)   class space    used 874K, committed 1280K, reserved 1048576K
[2025-05-20T20:42:44.118+0300][22308][1592 ][info ][gc,phases] GC(18)   Pre Evacuate Collection Set: 0.3ms
[2025-05-20T20:42:44.118+0300][22308][1592 ][debug][gc,phases] GC(18)     Pre Evacuate Prepare: 0.0ms
[2025-05-20T20:42:44.118+0300][22308][1592 ][debug][gc,phases] GC(18)       JT Retire TLABs And Flush Logs (ms): Min:  0.0, Avg:  0.0, Max:  0.0, Diff:  0.0, Sum:  0.0, Workers: 2
[2025-05-20T20:42:44.118+0300][22308][1592 ][debug][gc,phases] GC(18)       Non-JT Flush Logs (ms):        Min:  0.0, Avg:  0.0, Max:  0.0, Diff:  0.0, Sum:  0.0, Workers: 1
[2025-05-20T20:42:44.118+0300][22308][1592 ][debug][gc,phases] GC(18)     Choose Collection Set: 0.0ms
[2025-05-20T20:42:44.118+0300][22308][1592 ][debug][gc,phases] GC(18)     Region Register: 0.3ms
[2025-05-20T20:42:44.118+0300][22308][1592 ][debug][gc,phases] GC(18)     Prepare Heap Roots: 0.0ms
[2025-05-20T20:42:44.118+0300][22308][1592 ][info ][gc,phases] GC(18)   Merge Heap Roots: 0.2ms
[2025-05-20T20:42:44.118+0300][22308][1592 ][debug][gc,phases] GC(18)     Prepare Merge Heap Roots: 0.0ms
[2025-05-20T20:42:44.118+0300][22308][1592 ][debug][gc,phases] GC(18)     Remembered Sets (ms):          Min:  0.1, Avg:  0.1, Max:  0.1, Diff:  0.0, Sum:  0.9, Workers: 8
[2025-05-20T20:42:44.118+0300][22308][1592 ][debug][gc,phases] GC(18)       Eager Reclaim (ms):            Min:  0.0, Avg:  0.0, Max:  0.0, Diff:  0.0, Sum:  0.0, Workers: 1
[2025-05-20T20:42:44.118+0300][22308][1592 ][debug][gc,phases] GC(18)       Merged Inline                  Min: 0, Avg:  0.0, Max: 0, Diff: 0, Sum: 0, Workers: 8
[2025-05-20T20:42:44.118+0300][22308][1592 ][debug][gc,phases] GC(18)       Merged ArrayOfCards            Min: 0, Avg:  0.0, Max: 0, Diff: 0, Sum: 0, Workers: 8
[2025-05-20T20:42:44.118+0300][22308][1592 ][debug][gc,phases] GC(18)       Merged Howl                    Min: 0, Avg:  0.0, Max: 0, Diff: 0, Sum: 0, Workers: 8
[2025-05-20T20:42:44.118+0300][22308][1592 ][debug][gc,phases] GC(18)       Merged Full                    Min: 0, Avg:  0.0, Max: 0, Diff: 0, Sum: 0, Workers: 8
[2025-05-20T20:42:44.118+0300][22308][1592 ][debug][gc,phases] GC(18)       Merged Howl Inline             Min: 0, Avg:  0.0, Max: 0, Diff: 0, Sum: 0, Workers: 8
[2025-05-20T20:42:44.118+0300][22308][1592 ][debug][gc,phases] GC(18)       Merged Howl ArrayOfCards       Min: 0, Avg:  0.0, Max: 0, Diff: 0, Sum: 0, Workers: 8
[2025-05-20T20:42:44.118+0300][22308][1592 ][debug][gc,phases] GC(18)       Merged Howl BitMap             Min: 0, Avg:  0.0, Max: 0, Diff: 0, Sum: 0, Workers: 8
[2025-05-20T20:42:44.118+0300][22308][1592 ][debug][gc,phases] GC(18)       Merged Howl Full               Min: 0, Avg:  0.0, Max: 0, Diff: 0, Sum: 0, Workers: 8
[2025-05-20T20:42:44.118+0300][22308][1592 ][debug][gc,phases] GC(18)       Merged Cards                   Min: 8, Avg:  9.0, Max: 16, Diff: 8, Sum: 72, Workers: 8
[2025-05-20T20:42:44.118+0300][22308][1592 ][debug][gc,phases] GC(18)     Log Buffers (ms):              Min:  0.0, Avg:  0.0, Max:  0.0, Diff:  0.0, Sum:  0.0, Workers: 8
[2025-05-20T20:42:44.118+0300][22308][1592 ][debug][gc,phases] GC(18)       Dirty Cards:                   Min: 0, Avg:  1.6, Max: 13, Diff: 13, Sum: 13, Workers: 8
[2025-05-20T20:42:44.118+0300][22308][1592 ][debug][gc,phases] GC(18)       Skipped Cards:                 Min: 0, Avg:  0.0, Max: 0, Diff: 0, Sum: 0, Workers: 8
[2025-05-20T20:42:44.118+0300][22308][1592 ][info ][gc,phases] GC(18)   Evacuate Collection Set: 0.4ms
[2025-05-20T20:42:44.118+0300][22308][1592 ][debug][gc,phases] GC(18)     Ext Root Scanning (ms):        Min:  0.0, Avg:  0.1, Max:  0.1, Diff:  0.0, Sum:  0.5, Workers: 8
[2025-05-20T20:42:44.118+0300][22308][1592 ][debug][gc,phases] GC(18)     Scan Heap Roots (ms):          Min:  0.0, Avg:  0.0, Max:  0.0, Diff:  0.0, Sum:  0.1, Workers: 8
[2025-05-20T20:42:44.118+0300][22308][1592 ][debug][gc,phases] GC(18)       Scanned Cards:                 Min: 0, Avg:  1.6, Max: 4, Diff: 4, Sum: 13, Workers: 8
[2025-05-20T20:42:44.118+0300][22308][1592 ][debug][gc,phases] GC(18)       Scanned Blocks:                Min: 0, Avg:  1.5, Max: 3, Diff: 3, Sum: 12, Workers: 8
[2025-05-20T20:42:44.118+0300][22308][1592 ][debug][gc,phases] GC(18)       Claimed Chunks:                Min: 0, Avg:  1.1, Max: 3, Diff: 3, Sum: 9, Workers: 8
[2025-05-20T20:42:44.118+0300][22308][1592 ][debug][gc,phases] GC(18)       Found Roots:                   Min: 0, Avg:  1.8, Max: 5, Diff: 5, Sum: 14, Workers: 8
[2025-05-20T20:42:44.118+0300][22308][1592 ][debug][gc,phases] GC(18)     Code Root Scan (ms):           Min:  0.1, Avg:  0.1, Max:  0.1, Diff:  0.0, Sum:  0.8, Workers: 8
[2025-05-20T20:42:44.118+0300][22308][1592 ][debug][gc,phases] GC(18)       Scanned Nmethods               Min: 0, Avg:  0.0, Max: 0, Diff: 0, Sum: 0, Workers: 8
[2025-05-20T20:42:44.118+0300][22308][1592 ][debug][gc,phases] GC(18)     Object Copy (ms):              Min:  0.1, Avg:  0.1, Max:  0.1, Diff:  0.0, Sum:  0.9, Workers: 8
[2025-05-20T20:42:44.118+0300][22308][1592 ][debug][gc,phases] GC(18)     Termination (ms):              Min:  0.0, Avg:  0.0, Max:  0.0, Diff:  0.0, Sum:  0.1, Workers: 8
[2025-05-20T20:42:44.118+0300][22308][1592 ][debug][gc,phases] GC(18)       Termination Attempts:          Min: 1, Avg:  1.0, Max: 1, Diff: 0, Sum: 8, Workers: 8
[2025-05-20T20:42:44.118+0300][22308][1592 ][debug][gc,phases] GC(18)     GC Worker Other (ms):          Min:  0.1, Avg:  0.1, Max:  0.1, Diff:  0.0, Sum:  0.8, Workers: 8
[2025-05-20T20:42:44.118+0300][22308][1592 ][debug][gc,phases] GC(18)     GC Worker Total (ms):          Min:  0.4, Avg:  0.4, Max:  0.4, Diff:  0.0, Sum:  3.0, Workers: 8
[2025-05-20T20:42:44.118+0300][22308][1592 ][info ][gc,phases] GC(18)   Post Evacuate Collection Set: 0.9ms
[2025-05-20T20:42:44.118+0300][22308][1592 ][debug][gc,phases] GC(18)     NMethod List Cleanup: 0.0ms
[2025-05-20T20:42:44.118+0300][22308][1592 ][debug][gc,phases] GC(18)     Reference Processing: 0.1ms
[2025-05-20T20:42:44.118+0300][22308][1592 ][debug][gc,phases] GC(18)     Weak Processing: 0.1ms
[2025-05-20T20:42:44.118+0300][22308][1592 ][debug][gc,phases] GC(18)       VM Weak                        Min:  0.0, Avg:  0.0, Max:  0.0, Diff:  0.0, Sum:  0.0, Workers: 8
[2025-05-20T20:42:44.118+0300][22308][1592 ][debug][gc,phases] GC(18)         Dead                           Min: 0, Avg:  0.0, Max: 0, Diff: 0, Sum: 0, Workers: 8
[2025-05-20T20:42:44.118+0300][22308][1592 ][debug][gc,phases] GC(18)         Total                          Min: 0, Avg: 15.4, Max: 84, Diff: 84, Sum: 123, Workers: 8
[2025-05-20T20:42:44.118+0300][22308][1592 ][debug][gc,phases] GC(18)       ObjectSynchronizer Weak        Min:  0.0, Avg:  0.0, Max:  0.0, Diff:  0.0, Sum:  0.0, Workers: 8
[2025-05-20T20:42:44.118+0300][22308][1592 ][debug][gc,phases] GC(18)         Dead                           Min: 0, Avg:  0.0, Max: 0, Diff: 0, Sum: 0, Workers: 8
[2025-05-20T20:42:44.118+0300][22308][1592 ][debug][gc,phases] GC(18)         Total                          Min: 0, Avg: 17.2, Max: 74, Diff: 74, Sum: 138, Workers: 8
[2025-05-20T20:42:44.118+0300][22308][1592 ][debug][gc,phases] GC(18)       JVMTI Tag Weak OopStorage      Min:  0.0, Avg:  0.0, Max:  0.0, Diff:  0.0, Sum:  0.0, Workers: 8
[2025-05-20T20:42:44.118+0300][22308][1592 ][debug][gc,phases] GC(18)         Dead                           Min: 0, Avg:  0.0, Max: 0, Diff: 0, Sum: 0, Workers: 8
[2025-05-20T20:42:44.118+0300][22308][1592 ][debug][gc,phases] GC(18)         Total                          Min: 0, Avg:  0.0, Max: 0, Diff: 0, Sum: 0, Workers: 8
[2025-05-20T20:42:44.118+0300][22308][1592 ][debug][gc,phases] GC(18)       StringTable Weak               Min:  0.0, Avg:  0.0, Max:  0.0, Diff:  0.0, Sum:  0.1, Workers: 8
[2025-05-20T20:42:44.118+0300][22308][1592 ][debug][gc,phases] GC(18)         Dead                           Min: 0, Avg:  0.0, Max: 0, Diff: 0, Sum: 0, Workers: 8
[2025-05-20T20:42:44.118+0300][22308][1592 ][debug][gc,phases] GC(18)         Total                          Min: 640, Avg: 784.9, Max: 1088, Diff: 448, Sum: 6279, Workers: 8
[2025-05-20T20:42:44.118+0300][22308][1592 ][debug][gc,phases] GC(18)       ResolvedMethodTable Weak       Min:  0.0, Avg:  0.0, Max:  0.0, Diff:  0.0, Sum:  0.0, Workers: 8
[2025-05-20T20:42:44.118+0300][22308][1592 ][debug][gc,phases] GC(18)         Dead                           Min: 0, Avg:  0.0, Max: 0, Diff: 0, Sum: 0, Workers: 8
[2025-05-20T20:42:44.118+0300][22308][1592 ][debug][gc,phases] GC(18)         Total                          Min: 62, Avg: 111.4, Max: 128, Diff: 66, Sum: 891, Workers: 8
[2025-05-20T20:42:44.118+0300][22308][1592 ][debug][gc,phases] GC(18)       JNI Weak                       Min:  0.0, Avg:  0.0, Max:  0.0, Diff:  0.0, Sum:  0.0, Workers: 8
[2025-05-20T20:42:44.118+0300][22308][1592 ][debug][gc,phases] GC(18)         Dead                           Min: 0, Avg:  0.0, Max: 0, Diff: 0, Sum: 0, Workers: 8
[2025-05-20T20:42:44.118+0300][22308][1592 ][debug][gc,phases] GC(18)         Total                          Min: 0, Avg:  0.0, Max: 0, Diff: 0, Sum: 0, Workers: 8
[2025-05-20T20:42:44.118+0300][22308][1592 ][debug][gc,phases] GC(18)       StringDedup Table Weak         Min:  0.0, Avg:  0.0, Max:  0.0, Diff:  0.0, Sum:  0.0, Workers: 8
[2025-05-20T20:42:44.118+0300][22308][1592 ][debug][gc,phases] GC(18)         Dead                           Min: 0, Avg:  0.0, Max: 0, Diff: 0, Sum: 0, Workers: 8
[2025-05-20T20:42:44.118+0300][22308][1592 ][debug][gc,phases] GC(18)         Total                          Min: 0, Avg:  0.0, Max: 0, Diff: 0, Sum: 0, Workers: 8
[2025-05-20T20:42:44.118+0300][22308][1592 ][debug][gc,phases] GC(18)       StringDedup Requests0 Weak     Min:  0.0, Avg:  0.0, Max:  0.0, Diff:  0.0, Sum:  0.0, Workers: 8
[2025-05-20T20:42:44.118+0300][22308][1592 ][debug][gc,phases] GC(18)         Dead                           Min: 0, Avg:  0.0, Max: 0, Diff: 0, Sum: 0, Workers: 8
[2025-05-20T20:42:44.118+0300][22308][1592 ][debug][gc,phases] GC(18)         Total                          Min: 0, Avg:  0.0, Max: 0, Diff: 0, Sum: 0, Workers: 8
[2025-05-20T20:42:44.118+0300][22308][1592 ][debug][gc,phases] GC(18)       StringDedup Requests1 Weak     Min:  0.0, Avg:  0.0, Max:  0.0, Diff:  0.0, Sum:  0.0, Workers: 8
[2025-05-20T20:42:44.118+0300][22308][1592 ][debug][gc,phases] GC(18)         Dead                           Min: 0, Avg:  0.0, Max: 0, Diff: 0, Sum: 0, Workers: 8
[2025-05-20T20:42:44.118+0300][22308][1592 ][debug][gc,phases] GC(18)         Total                          Min: 0, Avg:  0.0, Max: 0, Diff: 0, Sum: 0, Workers: 8
[2025-05-20T20:42:44.118+0300][22308][1592 ][debug][gc,phases] GC(18)       Weak JFR Old Object Samples    Min:  0.0, Avg:  0.0, Max:  0.0, Diff:  0.0, Sum:  0.0, Workers: 8
[2025-05-20T20:42:44.118+0300][22308][1592 ][debug][gc,phases] GC(18)         Dead                           Min: 0, Avg:  0.0, Max: 0, Diff: 0, Sum: 0, Workers: 8
[2025-05-20T20:42:44.118+0300][22308][1592 ][debug][gc,phases] GC(18)         Total                          Min: 0, Avg:  0.0, Max: 0, Diff: 0, Sum: 0, Workers: 8
[2025-05-20T20:42:44.118+0300][22308][1592 ][debug][gc,phases] GC(18)     Post Evacuate Cleanup 1: 0.3ms
[2025-05-20T20:42:44.118+0300][22308][1592 ][debug][gc,phases] GC(18)       Merge Per-Thread State (ms):   Min:  0.1, Avg:  0.1, Max:  0.1, Diff:  0.0, Sum:  0.1, Workers: 1
[2025-05-20T20:42:44.118+0300][22308][1592 ][debug][gc,phases] GC(18)         Copied Bytes                   Min: 71488, Avg: 89165.0, Max: 99432, Diff: 27944, Sum: 713320, Workers: 8
[2025-05-20T20:42:44.118+0300][22308][1592 ][debug][gc,phases] GC(18)         LAB Waste                      Min: 104, Avg: 143.0, Max: 208, Diff: 104, Sum: 1144, Workers: 8
[2025-05-20T20:42:44.118+0300][22308][1592 ][debug][gc,phases] GC(18)         LAB Undo Waste                 Min: 0, Avg:  0.0, Max: 0, Diff: 0, Sum: 0, Workers: 8
[2025-05-20T20:42:44.118+0300][22308][1592 ][debug][gc,phases] GC(18)       Clear Logged Cards (ms):       Min:  0.0, Avg:  0.2, Max:  0.3, Diff:  0.3, Sum:  1.1, Workers: 7
[2025-05-20T20:42:44.118+0300][22308][1592 ][debug][gc,phases] GC(18)       Recalculate Used Memory (ms):  Min:  0.0, Avg:  0.0, Max:  0.0, Diff:  0.0, Sum:  0.0, Workers: 1
[2025-05-20T20:42:44.118+0300][22308][1592 ][debug][gc,phases] GC(18)     Post Evacuate Cleanup 2: 0.3ms
[2025-05-20T20:42:44.118+0300][22308][1592 ][debug][gc,phases] GC(18)       Update Derived Pointers (ms):  Min:  0.0, Avg:  0.0, Max:  0.0, Diff:  0.0, Sum:  0.0, Workers: 1
[2025-05-20T20:42:44.118+0300][22308][1592 ][debug][gc,phases] GC(18)       Eagerly Reclaim Humongous Objects (ms): Min:  0.0, Avg:  0.0, Max:  0.0, Diff:  0.0, Sum:  0.0, Workers: 1
[2025-05-20T20:42:44.118+0300][22308][1592 ][debug][gc,phases] GC(18)         Humongous Total                Min: 6, Avg:  6.0, Max: 6, Diff: 0, Sum: 6, Workers: 1
[2025-05-20T20:42:44.118+0300][22308][1592 ][debug][gc,phases] GC(18)         Humongous Candidates           Min: 3, Avg:  3.0, Max: 3, Diff: 0, Sum: 3, Workers: 1
[2025-05-20T20:42:44.118+0300][22308][1592 ][debug][gc,phases] GC(18)         Humongous Reclaimed            Min: 0, Avg:  0.0, Max: 0, Diff: 0, Sum: 0, Workers: 1
[2025-05-20T20:42:44.118+0300][22308][1592 ][debug][gc,phases] GC(18)       Redirty Logged Cards (ms):     Min:  0.0, Avg:  0.0, Max:  0.0, Diff:  0.0, Sum:  0.0, Workers: 8
[2025-05-20T20:42:44.118+0300][22308][1592 ][debug][gc,phases] GC(18)         Redirtied Cards:               Min: 0, Avg:  1.4, Max: 11, Diff: 11, Sum: 11, Workers: 8
[2025-05-20T20:42:44.118+0300][22308][1592 ][debug][gc,phases] GC(18)       Resize TLABs (ms):             Min:  0.0, Avg:  0.0, Max:  0.0, Diff:  0.0, Sum:  0.0, Workers: 8
[2025-05-20T20:42:44.118+0300][22308][1592 ][debug][gc,phases] GC(18)       Free Collection Set (ms):      Min:  0.2, Avg:  0.3, Max:  0.3, Diff:  0.0, Sum:  2.1, Workers: 8
[2025-05-20T20:42:44.118+0300][22308][1592 ][debug][gc,phases] GC(18)     Rebuild Free List: 0.1ms
[2025-05-20T20:42:44.118+0300][22308][1592 ][debug][gc,phases] GC(18)     Prepare For Mutator: 0.0ms
[2025-05-20T20:42:44.118+0300][22308][1592 ][debug][gc,phases] GC(18)     Expand Heap After Collection: 0.0ms
[2025-05-20T20:42:44.118+0300][22308][1592 ][info ][gc,phases] GC(18)   Other: 0.1ms
[2025-05-20T20:42:44.118+0300][22308][1592 ][info ][gc,heap  ] GC(18) Eden regions: 1227->0(1227)
[2025-05-20T20:42:44.118+0300][22308][1592 ][info ][gc,heap  ] GC(18) Survivor regions: 1->1(154)
[2025-05-20T20:42:44.118+0300][22308][1592 ][info ][gc,heap  ] GC(18) Old regions: 8->8
[2025-05-20T20:42:44.121+0300][22308][1592 ][info ][gc,heap  ] GC(18) Humongous regions: 12->12
[2025-05-20T20:42:44.121+0300][22308][1592 ][debug][gc,heap  ] GC(18) Heap after GC invocations=19 (full 2):
[2025-05-20T20:42:44.121+0300][22308][1592 ][debug][gc,heap  ] GC(18)  garbage-first heap   total 4194304K, used 29047K [0x0000000700000000, 0x0000000800000000)
[2025-05-20T20:42:44.121+0300][22308][1592 ][debug][gc,heap  ] GC(18)   region size 2048K, 1 young (2048K), 1 survivors (2048K)
[2025-05-20T20:42:44.121+0300][22308][1592 ][debug][gc,heap  ] GC(18)  Metaspace       used 8737K, committed 9792K, reserved 1114112K
[2025-05-20T20:42:44.121+0300][22308][1592 ][debug][gc,heap  ] GC(18)   class space    used 874K, committed 1280K, reserved 1048576K
[2025-05-20T20:42:44.121+0300][22308][1592 ][info ][gc       ] GC(18) Pause Young (Normal) (G1 Evacuation Pause) 2482M->28M(4096M) 3.492ms
[2025-05-20T20:42:44.121+0300][22308][1592 ][info ][safepoint] Safepoint "G1CollectForAllocation", Time since last: 1066825200 ns, Reaching safepoint: 391800 ns, Cleanup: 13900 ns, At safepoint: 3549300 ns, Total: 3955000 ns
[2025-05-20T20:42:45.160+0300][22308][1592 ][debug][safepoint] Safepoint synchronization initiated using striped semaphore wait barrier. (19 threads)
[2025-05-20T20:42:45.160+0300][22308][5224 ][debug][safepoint] ... found polling page loop exception at pc = 0x0000017962f97760, stub =0x0000017962995d80
[2025-05-20T20:42:45.160+0300][22308][21852][debug][safepoint] ... found polling page loop exception at pc = 0x0000017962f97760, stub =0x0000017962995d80
[2025-05-20T20:42:45.160+0300][22308][6188 ][debug][safepoint] ... found polling page loop exception at pc = 0x0000017962f97760, stub =0x0000017962995d80
[2025-05-20T20:42:45.160+0300][22308][9312 ][debug][safepoint] ... found polling page loop exception at pc = 0x0000017962f97760, stub =0x0000017962995d80
[2025-05-20T20:42:45.160+0300][22308][21372][debug][safepoint] ... found polling page loop exception at pc = 0x0000017962fb3ec2, stub =0x0000017962996600
[2025-05-20T20:42:45.160+0300][22308][3784 ][debug][safepoint] ... found polling page loop exception at pc = 0x0000017962f97760, stub =0x0000017962995d80
[2025-05-20T20:42:45.160+0300][22308][1592 ][debug][gc,heap  ] GC(19) Heap before GC invocations=19 (full 2):
[2025-05-20T20:42:45.160+0300][22308][1592 ][debug][gc,heap  ] GC(19)  garbage-first heap   total 4194304K, used 2541943K [0x0000000700000000, 0x0000000800000000)
[2025-05-20T20:42:45.160+0300][22308][1592 ][debug][gc,heap  ] GC(19)   region size 2048K, 1228 young (2514944K), 1 survivors (2048K)
[2025-05-20T20:42:45.160+0300][22308][1592 ][debug][gc,heap  ] GC(19)  Metaspace       used 8737K, committed 9792K, reserved 1114112K
[2025-05-20T20:42:45.160+0300][22308][1592 ][debug][gc,heap  ] GC(19)   class space    used 874K, committed 1280K, reserved 1048576K
[2025-05-20T20:42:45.160+0300][22308][1592 ][info ][gc,phases] GC(19)   Pre Evacuate Collection Set: 0.3ms
[2025-05-20T20:42:45.160+0300][22308][1592 ][debug][gc,phases] GC(19)     Pre Evacuate Prepare: 0.0ms
[2025-05-20T20:42:45.160+0300][22308][1592 ][debug][gc,phases] GC(19)       JT Retire TLABs And Flush Logs (ms): Min:  0.0, Avg:  0.0, Max:  0.0, Diff:  0.0, Sum:  0.0, Workers: 2
[2025-05-20T20:42:45.160+0300][22308][1592 ][debug][gc,phases] GC(19)       Non-JT Flush Logs (ms):        Min:  0.0, Avg:  0.0, Max:  0.0, Diff:  0.0, Sum:  0.0, Workers: 1
[2025-05-20T20:42:45.160+0300][22308][1592 ][debug][gc,phases] GC(19)     Choose Collection Set: 0.0ms
[2025-05-20T20:42:45.160+0300][22308][1592 ][debug][gc,phases] GC(19)     Region Register: 0.2ms
[2025-05-20T20:42:45.160+0300][22308][1592 ][debug][gc,phases] GC(19)     Prepare Heap Roots: 0.0ms
[2025-05-20T20:42:45.160+0300][22308][1592 ][info ][gc,phases] GC(19)   Merge Heap Roots: 0.2ms
[2025-05-20T20:42:45.160+0300][22308][1592 ][debug][gc,phases] GC(19)     Prepare Merge Heap Roots: 0.0ms
[2025-05-20T20:42:45.160+0300][22308][1592 ][debug][gc,phases] GC(19)     Remembered Sets (ms):          Min:  0.1, Avg:  0.1, Max:  0.1, Diff:  0.0, Sum:  1.0, Workers: 8
[2025-05-20T20:42:45.160+0300][22308][1592 ][debug][gc,phases] GC(19)       Eager Reclaim (ms):            Min:  0.0, Avg:  0.0, Max:  0.0, Diff:  0.0, Sum:  0.0, Workers: 1
[2025-05-20T20:42:45.160+0300][22308][1592 ][debug][gc,phases] GC(19)       Merged Inline                  Min: 0, Avg:  0.0, Max: 0, Diff: 0, Sum: 0, Workers: 8
[2025-05-20T20:42:45.160+0300][22308][1592 ][debug][gc,phases] GC(19)       Merged ArrayOfCards            Min: 0, Avg:  0.0, Max: 0, Diff: 0, Sum: 0, Workers: 8
[2025-05-20T20:42:45.160+0300][22308][1592 ][debug][gc,phases] GC(19)       Merged Howl                    Min: 0, Avg:  0.0, Max: 0, Diff: 0, Sum: 0, Workers: 8
[2025-05-20T20:42:45.160+0300][22308][1592 ][debug][gc,phases] GC(19)       Merged Full                    Min: 0, Avg:  0.0, Max: 0, Diff: 0, Sum: 0, Workers: 8
[2025-05-20T20:42:45.160+0300][22308][1592 ][debug][gc,phases] GC(19)       Merged Howl Inline             Min: 0, Avg:  0.0, Max: 0, Diff: 0, Sum: 0, Workers: 8
[2025-05-20T20:42:45.160+0300][22308][1592 ][debug][gc,phases] GC(19)       Merged Howl ArrayOfCards       Min: 0, Avg:  0.0, Max: 0, Diff: 0, Sum: 0, Workers: 8
[2025-05-20T20:42:45.160+0300][22308][1592 ][debug][gc,phases] GC(19)       Merged Howl BitMap             Min: 0, Avg:  0.0, Max: 0, Diff: 0, Sum: 0, Workers: 8
[2025-05-20T20:42:45.160+0300][22308][1592 ][debug][gc,phases] GC(19)       Merged Howl Full               Min: 0, Avg:  0.0, Max: 0, Diff: 0, Sum: 0, Workers: 8
[2025-05-20T20:42:45.160+0300][22308][1592 ][debug][gc,phases] GC(19)       Merged Cards                   Min: 8, Avg:  9.0, Max: 16, Diff: 8, Sum: 72, Workers: 8
[2025-05-20T20:42:45.160+0300][22308][1592 ][debug][gc,phases] GC(19)     Log Buffers (ms):              Min:  0.0, Avg:  0.0, Max:  0.0, Diff:  0.0, Sum:  0.0, Workers: 8
[2025-05-20T20:42:45.160+0300][22308][1592 ][debug][gc,phases] GC(19)       Dirty Cards:                   Min: 0, Avg:  1.9, Max: 11, Diff: 11, Sum: 15, Workers: 8
[2025-05-20T20:42:45.160+0300][22308][1592 ][debug][gc,phases] GC(19)       Skipped Cards:                 Min: 0, Avg:  0.0, Max: 0, Diff: 0, Sum: 0, Workers: 8
[2025-05-20T20:42:45.160+0300][22308][1592 ][info ][gc,phases] GC(19)   Evacuate Collection Set: 0.4ms
[2025-05-20T20:42:45.160+0300][22308][1592 ][debug][gc,phases] GC(19)     Ext Root Scanning (ms):        Min:  0.0, Avg:  0.1, Max:  0.1, Diff:  0.0, Sum:  0.4, Workers: 8
[2025-05-20T20:42:45.160+0300][22308][1592 ][debug][gc,phases] GC(19)     Scan Heap Roots (ms):          Min:  0.0, Avg:  0.0, Max:  0.0, Diff:  0.0, Sum:  0.1, Workers: 8
[2025-05-20T20:42:45.160+0300][22308][1592 ][debug][gc,phases] GC(19)       Scanned Cards:                 Min: 0, Avg:  1.8, Max: 3, Diff: 3, Sum: 14, Workers: 8
[2025-05-20T20:42:45.160+0300][22308][1592 ][debug][gc,phases] GC(19)       Scanned Blocks:                Min: 0, Avg:  1.5, Max: 3, Diff: 3, Sum: 12, Workers: 8
[2025-05-20T20:42:45.160+0300][22308][1592 ][debug][gc,phases] GC(19)       Claimed Chunks:                Min: 0, Avg:  1.1, Max: 2, Diff: 2, Sum: 9, Workers: 8
[2025-05-20T20:42:45.160+0300][22308][1592 ][debug][gc,phases] GC(19)       Found Roots:                   Min: 0, Avg:  1.9, Max: 4, Diff: 4, Sum: 15, Workers: 8
[2025-05-20T20:42:45.160+0300][22308][1592 ][debug][gc,phases] GC(19)     Code Root Scan (ms):           Min:  0.1, Avg:  0.1, Max:  0.1, Diff:  0.0, Sum:  0.8, Workers: 8
[2025-05-20T20:42:45.160+0300][22308][1592 ][debug][gc,phases] GC(19)       Scanned Nmethods               Min: 0, Avg:  0.0, Max: 0, Diff: 0, Sum: 0, Workers: 8
[2025-05-20T20:42:45.160+0300][22308][1592 ][debug][gc,phases] GC(19)     Object Copy (ms):              Min:  0.1, Avg:  0.1, Max:  0.1, Diff:  0.0, Sum:  0.8, Workers: 8
[2025-05-20T20:42:45.160+0300][22308][1592 ][debug][gc,phases] GC(19)     Termination (ms):              Min:  0.0, Avg:  0.0, Max:  0.0, Diff:  0.0, Sum:  0.1, Workers: 8
[2025-05-20T20:42:45.160+0300][22308][1592 ][debug][gc,phases] GC(19)       Termination Attempts:          Min: 1, Avg:  1.0, Max: 1, Diff: 0, Sum: 8, Workers: 8
[2025-05-20T20:42:45.160+0300][22308][1592 ][debug][gc,phases] GC(19)     GC Worker Other (ms):          Min:  0.1, Avg:  0.1, Max:  0.1, Diff:  0.0, Sum:  0.8, Workers: 8
[2025-05-20T20:42:45.160+0300][22308][1592 ][debug][gc,phases] GC(19)     GC Worker Total (ms):          Min:  0.4, Avg:  0.4, Max:  0.4, Diff:  0.0, Sum:  2.9, Workers: 8
[2025-05-20T20:42:45.160+0300][22308][1592 ][info ][gc,phases] GC(19)   Post Evacuate Collection Set: 0.9ms
[2025-05-20T20:42:45.160+0300][22308][1592 ][debug][gc,phases] GC(19)     NMethod List Cleanup: 0.0ms
[2025-05-20T20:42:45.160+0300][22308][1592 ][debug][gc,phases] GC(19)     Reference Processing: 0.1ms
[2025-05-20T20:42:45.160+0300][22308][1592 ][debug][gc,phases] GC(19)     Weak Processing: 0.1ms
[2025-05-20T20:42:45.160+0300][22308][1592 ][debug][gc,phases] GC(19)       VM Weak                        Min:  0.0, Avg:  0.0, Max:  0.0, Diff:  0.0, Sum:  0.0, Workers: 8
[2025-05-20T20:42:45.160+0300][22308][1592 ][debug][gc,phases] GC(19)         Dead                           Min: 0, Avg:  0.0, Max: 0, Diff: 0, Sum: 0, Workers: 8
[2025-05-20T20:42:45.160+0300][22308][1592 ][debug][gc,phases] GC(19)         Total                          Min: 0, Avg: 15.4, Max: 123, Diff: 123, Sum: 123, Workers: 8
[2025-05-20T20:42:45.160+0300][22308][1592 ][debug][gc,phases] GC(19)       ObjectSynchronizer Weak        Min:  0.0, Avg:  0.0, Max:  0.0, Diff:  0.0, Sum:  0.0, Workers: 8
[2025-05-20T20:42:45.160+0300][22308][1592 ][debug][gc,phases] GC(19)         Dead                           Min: 0, Avg:  0.0, Max: 0, Diff: 0, Sum: 0, Workers: 8
[2025-05-20T20:42:45.160+0300][22308][1592 ][debug][gc,phases] GC(19)         Total                          Min: 0, Avg: 17.2, Max: 138, Diff: 138, Sum: 138, Workers: 8
[2025-05-20T20:42:45.160+0300][22308][1592 ][debug][gc,phases] GC(19)       JVMTI Tag Weak OopStorage      Min:  0.0, Avg:  0.0, Max:  0.0, Diff:  0.0, Sum:  0.0, Workers: 8
[2025-05-20T20:42:45.160+0300][22308][1592 ][debug][gc,phases] GC(19)         Dead                           Min: 0, Avg:  0.0, Max: 0, Diff: 0, Sum: 0, Workers: 8
[2025-05-20T20:42:45.160+0300][22308][1592 ][debug][gc,phases] GC(19)         Total                          Min: 0, Avg:  0.0, Max: 0, Diff: 0, Sum: 0, Workers: 8
[2025-05-20T20:42:45.160+0300][22308][1592 ][debug][gc,phases] GC(19)       StringTable Weak               Min:  0.0, Avg:  0.0, Max:  0.0, Diff:  0.0, Sum:  0.1, Workers: 8
[2025-05-20T20:42:45.160+0300][22308][1592 ][debug][gc,phases] GC(19)         Dead                           Min: 0, Avg:  0.0, Max: 0, Diff: 0, Sum: 0, Workers: 8
[2025-05-20T20:42:45.160+0300][22308][1592 ][debug][gc,phases] GC(19)         Total                          Min: 640, Avg: 785.0, Max: 896, Diff: 256, Sum: 6280, Workers: 8
[2025-05-20T20:42:45.160+0300][22308][1592 ][debug][gc,phases] GC(19)       ResolvedMethodTable Weak       Min:  0.0, Avg:  0.0, Max:  0.0, Diff:  0.0, Sum:  0.0, Workers: 8
[2025-05-20T20:42:45.160+0300][22308][1592 ][debug][gc,phases] GC(19)         Dead                           Min: 0, Avg:  0.0, Max: 0, Diff: 0, Sum: 0, Workers: 8
[2025-05-20T20:42:45.160+0300][22308][1592 ][debug][gc,phases] GC(19)         Total                          Min: 64, Avg: 111.4, Max: 128, Diff: 64, Sum: 891, Workers: 8
[2025-05-20T20:42:45.160+0300][22308][1592 ][debug][gc,phases] GC(19)       JNI Weak                       Min:  0.0, Avg:  0.0, Max:  0.0, Diff:  0.0, Sum:  0.0, Workers: 8
[2025-05-20T20:42:45.160+0300][22308][1592 ][debug][gc,phases] GC(19)         Dead                           Min: 0, Avg:  0.0, Max: 0, Diff: 0, Sum: 0, Workers: 8
[2025-05-20T20:42:45.160+0300][22308][1592 ][debug][gc,phases] GC(19)         Total                          Min: 0, Avg:  0.0, Max: 0, Diff: 0, Sum: 0, Workers: 8
[2025-05-20T20:42:45.160+0300][22308][1592 ][debug][gc,phases] GC(19)       StringDedup Table Weak         Min:  0.0, Avg:  0.0, Max:  0.0, Diff:  0.0, Sum:  0.0, Workers: 8
[2025-05-20T20:42:45.160+0300][22308][1592 ][debug][gc,phases] GC(19)         Dead                           Min: 0, Avg:  0.0, Max: 0, Diff: 0, Sum: 0, Workers: 8
[2025-05-20T20:42:45.160+0300][22308][1592 ][debug][gc,phases] GC(19)         Total                          Min: 0, Avg:  0.0, Max: 0, Diff: 0, Sum: 0, Workers: 8
[2025-05-20T20:42:45.160+0300][22308][1592 ][debug][gc,phases] GC(19)       StringDedup Requests0 Weak     Min:  0.0, Avg:  0.0, Max:  0.0, Diff:  0.0, Sum:  0.0, Workers: 8
[2025-05-20T20:42:45.160+0300][22308][1592 ][debug][gc,phases] GC(19)         Dead                           Min: 0, Avg:  0.0, Max: 0, Diff: 0, Sum: 0, Workers: 8
[2025-05-20T20:42:45.160+0300][22308][1592 ][debug][gc,phases] GC(19)         Total                          Min: 0, Avg:  0.0, Max: 0, Diff: 0, Sum: 0, Workers: 8
[2025-05-20T20:42:45.160+0300][22308][1592 ][debug][gc,phases] GC(19)       StringDedup Requests1 Weak     Min:  0.0, Avg:  0.0, Max:  0.0, Diff:  0.0, Sum:  0.0, Workers: 8
[2025-05-20T20:42:45.160+0300][22308][1592 ][debug][gc,phases] GC(19)         Dead                           Min: 0, Avg:  0.0, Max: 0, Diff: 0, Sum: 0, Workers: 8
[2025-05-20T20:42:45.160+0300][22308][1592 ][debug][gc,phases] GC(19)         Total                          Min: 0, Avg:  0.0, Max: 0, Diff: 0, Sum: 0, Workers: 8
[2025-05-20T20:42:45.160+0300][22308][1592 ][debug][gc,phases] GC(19)       Weak JFR Old Object Samples    Min:  0.0, Avg:  0.0, Max:  0.0, Diff:  0.0, Sum:  0.0, Workers: 8
[2025-05-20T20:42:45.160+0300][22308][1592 ][debug][gc,phases] GC(19)         Dead                           Min: 0, Avg:  0.0, Max: 0, Diff: 0, Sum: 0, Workers: 8
[2025-05-20T20:42:45.160+0300][22308][1592 ][debug][gc,phases] GC(19)         Total                          Min: 0, Avg:  0.0, Max: 0, Diff: 0, Sum: 0, Workers: 8
[2025-05-20T20:42:45.160+0300][22308][1592 ][debug][gc,phases] GC(19)     Post Evacuate Cleanup 1: 0.3ms
[2025-05-20T20:42:45.160+0300][22308][1592 ][debug][gc,phases] GC(19)       Merge Per-Thread State (ms):   Min:  0.0, Avg:  0.0, Max:  0.0, Diff:  0.0, Sum:  0.0, Workers: 1
[2025-05-20T20:42:45.160+0300][22308][1592 ][debug][gc,phases] GC(19)         Copied Bytes                   Min: 74056, Avg: 89828.0, Max: 108672, Diff: 34616, Sum: 718624, Workers: 8
[2025-05-20T20:42:45.160+0300][22308][1592 ][debug][gc,phases] GC(19)         LAB Waste                      Min: 80, Avg: 169.0, Max: 384, Diff: 304, Sum: 1352, Workers: 8
[2025-05-20T20:42:45.160+0300][22308][1592 ][debug][gc,phases] GC(19)         LAB Undo Waste                 Min: 0, Avg:  0.0, Max: 0, Diff: 0, Sum: 0, Workers: 8
[2025-05-20T20:42:45.160+0300][22308][1592 ][debug][gc,phases] GC(19)       Clear Logged Cards (ms):       Min:  0.0, Avg:  0.2, Max:  0.3, Diff:  0.3, Sum:  1.2, Workers: 7
[2025-05-20T20:42:45.160+0300][22308][1592 ][debug][gc,phases] GC(19)       Recalculate Used Memory (ms):  Min:  0.0, Avg:  0.0, Max:  0.0, Diff:  0.0, Sum:  0.0, Workers: 1
[2025-05-20T20:42:45.160+0300][22308][1592 ][debug][gc,phases] GC(19)     Post Evacuate Cleanup 2: 0.3ms
[2025-05-20T20:42:45.160+0300][22308][1592 ][debug][gc,phases] GC(19)       Update Derived Pointers (ms):  Min:  0.0, Avg:  0.0, Max:  0.0, Diff:  0.0, Sum:  0.0, Workers: 1
[2025-05-20T20:42:45.160+0300][22308][1592 ][debug][gc,phases] GC(19)       Eagerly Reclaim Humongous Objects (ms): Min:  0.0, Avg:  0.0, Max:  0.0, Diff:  0.0, Sum:  0.0, Workers: 1
[2025-05-20T20:42:45.160+0300][22308][1592 ][debug][gc,phases] GC(19)         Humongous Total                Min: 6, Avg:  6.0, Max: 6, Diff: 0, Sum: 6, Workers: 1
[2025-05-20T20:42:45.160+0300][22308][1592 ][debug][gc,phases] GC(19)         Humongous Candidates           Min: 3, Avg:  3.0, Max: 3, Diff: 0, Sum: 3, Workers: 1
[2025-05-20T20:42:45.160+0300][22308][1592 ][debug][gc,phases] GC(19)         Humongous Reclaimed            Min: 0, Avg:  0.0, Max: 0, Diff: 0, Sum: 0, Workers: 1
[2025-05-20T20:42:45.160+0300][22308][1592 ][debug][gc,phases] GC(19)       Redirty Logged Cards (ms):     Min:  0.0, Avg:  0.0, Max:  0.0, Diff:  0.0, Sum:  0.0, Workers: 8
[2025-05-20T20:42:45.160+0300][22308][1592 ][debug][gc,phases] GC(19)         Redirtied Cards:               Min: 0, Avg:  1.4, Max: 5, Diff: 5, Sum: 11, Workers: 8
[2025-05-20T20:42:45.160+0300][22308][1592 ][debug][gc,phases] GC(19)       Resize TLABs (ms):             Min:  0.0, Avg:  0.0, Max:  0.0, Diff:  0.0, Sum:  0.0, Workers: 8
[2025-05-20T20:42:45.160+0300][22308][1592 ][debug][gc,phases] GC(19)       Free Collection Set (ms):      Min:  0.2, Avg:  0.2, Max:  0.3, Diff:  0.0, Sum:  2.0, Workers: 8
[2025-05-20T20:42:45.160+0300][22308][1592 ][debug][gc,phases] GC(19)     Rebuild Free List: 0.1ms
[2025-05-20T20:42:45.160+0300][22308][1592 ][debug][gc,phases] GC(19)     Prepare For Mutator: 0.0ms
[2025-05-20T20:42:45.160+0300][22308][1592 ][debug][gc,phases] GC(19)     Expand Heap After Collection: 0.0ms
[2025-05-20T20:42:45.160+0300][22308][1592 ][info ][gc,phases] GC(19)   Other: 0.1ms
[2025-05-20T20:42:45.160+0300][22308][1592 ][info ][gc,heap  ] GC(19) Eden regions: 1227->0(1227)
[2025-05-20T20:42:45.160+0300][22308][1592 ][info ][gc,heap  ] GC(19) Survivor regions: 1->1(154)
[2025-05-20T20:42:45.160+0300][22308][1592 ][info ][gc,heap  ] GC(19) Old regions: 8->8
[2025-05-20T20:42:45.160+0300][22308][1592 ][info ][gc,heap  ] GC(19) Humongous regions: 12->12
[2025-05-20T20:42:45.160+0300][22308][1592 ][debug][gc,heap  ] GC(19) Heap after GC invocations=20 (full 2):
[2025-05-20T20:42:45.160+0300][22308][1592 ][debug][gc,heap  ] GC(19)  garbage-first heap   total 4194304K, used 29055K [0x0000000700000000, 0x0000000800000000)
[2025-05-20T20:42:45.160+0300][22308][1592 ][debug][gc,heap  ] GC(19)   region size 2048K, 1 young (2048K), 1 survivors (2048K)
[2025-05-20T20:42:45.160+0300][22308][1592 ][debug][gc,heap  ] GC(19)  Metaspace       used 8737K, committed 9792K, reserved 1114112K
[2025-05-20T20:42:45.160+0300][22308][1592 ][debug][gc,heap  ] GC(19)   class space    used 874K, committed 1280K, reserved 1048576K
[2025-05-20T20:42:45.160+0300][22308][1592 ][info ][gc       ] GC(19) Pause Young (Normal) (G1 Evacuation Pause) 2482M->28M(4096M) 3.581ms
[2025-05-20T20:42:45.160+0300][22308][1592 ][info ][safepoint] Safepoint "G1CollectForAllocation", Time since last: 1039347300 ns, Reaching safepoint: 352900 ns, Cleanup: 4700 ns, At safepoint: 3638900 ns, Total: 3996500 ns
[2025-05-20T20:42:45.995+0300][22308][1592 ][debug][safepoint] Safepoint synchronization initiated using striped semaphore wait barrier. (19 threads)
[2025-05-20T20:42:45.995+0300][22308][5224 ][debug][safepoint] ... found polling page loop exception at pc = 0x0000017962f97760, stub =0x0000017962995d80
[2025-05-20T20:42:45.995+0300][22308][6188 ][debug][safepoint] ... found polling page loop exception at pc = 0x0000017962f99e9e, stub =0x0000017962996600
[2025-05-20T20:42:45.995+0300][22308][9312 ][debug][safepoint] ... found polling page loop exception at pc = 0x0000017962fd575a, stub =0x0000017962996600
[2025-05-20T20:42:45.995+0300][22308][21852][debug][safepoint] ... found polling page loop exception at pc = 0x0000017962f97760, stub =0x0000017962995d80
[2025-05-20T20:42:45.995+0300][22308][15156][debug][safepoint] ... found polling page loop exception at pc = 0x0000017962f97760, stub =0x0000017962995d80
[2025-05-20T20:42:45.995+0300][22308][1592 ][debug][gc,heap  ] GC(20) Heap before GC invocations=20 (full 2):
[2025-05-20T20:42:45.995+0300][22308][1592 ][debug][gc,heap  ] GC(20)  garbage-first heap   total 4194304K, used 2541951K [0x0000000700000000, 0x0000000800000000)
[2025-05-20T20:42:45.995+0300][22308][1592 ][debug][gc,heap  ] GC(20)   region size 2048K, 1228 young (2514944K), 1 survivors (2048K)
[2025-05-20T20:42:45.995+0300][22308][1592 ][debug][gc,heap  ] GC(20)  Metaspace       used 8737K, committed 9792K, reserved 1114112K
[2025-05-20T20:42:45.995+0300][22308][1592 ][debug][gc,heap  ] GC(20)   class space    used 874K, committed 1280K, reserved 1048576K
[2025-05-20T20:42:45.997+0300][22308][1592 ][info ][gc,phases] GC(20)   Pre Evacuate Collection Set: 0.4ms
[2025-05-20T20:42:45.997+0300][22308][1592 ][debug][gc,phases] GC(20)     Pre Evacuate Prepare: 0.1ms
[2025-05-20T20:42:45.997+0300][22308][1592 ][debug][gc,phases] GC(20)       JT Retire TLABs And Flush Logs (ms): Min:  0.0, Avg:  0.0, Max:  0.0, Diff:  0.0, Sum:  0.0, Workers: 2
[2025-05-20T20:42:45.997+0300][22308][1592 ][debug][gc,phases] GC(20)       Non-JT Flush Logs (ms):        Min:  0.0, Avg:  0.0, Max:  0.0, Diff:  0.0, Sum:  0.0, Workers: 1
[2025-05-20T20:42:45.997+0300][22308][1592 ][debug][gc,phases] GC(20)     Choose Collection Set: 0.0ms
[2025-05-20T20:42:45.997+0300][22308][1592 ][debug][gc,phases] GC(20)     Region Register: 0.3ms
[2025-05-20T20:42:45.997+0300][22308][1592 ][debug][gc,phases] GC(20)     Prepare Heap Roots: 0.0ms
[2025-05-20T20:42:45.997+0300][22308][1592 ][info ][gc,phases] GC(20)   Merge Heap Roots: 0.2ms
[2025-05-20T20:42:45.997+0300][22308][1592 ][debug][gc,phases] GC(20)     Prepare Merge Heap Roots: 0.0ms
[2025-05-20T20:42:45.997+0300][22308][1592 ][debug][gc,phases] GC(20)     Remembered Sets (ms):          Min:  0.0, Avg:  0.1, Max:  0.1, Diff:  0.1, Sum:  1.0, Workers: 8
[2025-05-20T20:42:45.997+0300][22308][1592 ][debug][gc,phases] GC(20)       Eager Reclaim (ms):            Min:  0.0, Avg:  0.0, Max:  0.0, Diff:  0.0, Sum:  0.0, Workers: 1
[2025-05-20T20:42:45.997+0300][22308][1592 ][debug][gc,phases] GC(20)       Merged Inline                  Min: 0, Avg:  0.0, Max: 0, Diff: 0, Sum: 0, Workers: 8
[2025-05-20T20:42:45.997+0300][22308][1592 ][debug][gc,phases] GC(20)       Merged ArrayOfCards            Min: 0, Avg:  0.0, Max: 0, Diff: 0, Sum: 0, Workers: 8
[2025-05-20T20:42:45.997+0300][22308][1592 ][debug][gc,phases] GC(20)       Merged Howl                    Min: 0, Avg:  0.0, Max: 0, Diff: 0, Sum: 0, Workers: 8
[2025-05-20T20:42:45.997+0300][22308][1592 ][debug][gc,phases] GC(20)       Merged Full                    Min: 0, Avg:  0.0, Max: 0, Diff: 0, Sum: 0, Workers: 8
[2025-05-20T20:42:45.997+0300][22308][1592 ][debug][gc,phases] GC(20)       Merged Howl Inline             Min: 0, Avg:  0.0, Max: 0, Diff: 0, Sum: 0, Workers: 8
[2025-05-20T20:42:45.997+0300][22308][1592 ][debug][gc,phases] GC(20)       Merged Howl ArrayOfCards       Min: 0, Avg:  0.0, Max: 0, Diff: 0, Sum: 0, Workers: 8
[2025-05-20T20:42:45.997+0300][22308][1592 ][debug][gc,phases] GC(20)       Merged Howl BitMap             Min: 0, Avg:  0.0, Max: 0, Diff: 0, Sum: 0, Workers: 8
[2025-05-20T20:42:45.997+0300][22308][1592 ][debug][gc,phases] GC(20)       Merged Howl Full               Min: 0, Avg:  0.0, Max: 0, Diff: 0, Sum: 0, Workers: 8
[2025-05-20T20:42:45.997+0300][22308][1592 ][debug][gc,phases] GC(20)       Merged Cards                   Min: 8, Avg:  9.0, Max: 16, Diff: 8, Sum: 72, Workers: 8
[2025-05-20T20:42:45.997+0300][22308][1592 ][debug][gc,phases] GC(20)     Log Buffers (ms):              Min:  0.0, Avg:  0.0, Max:  0.0, Diff:  0.0, Sum:  0.0, Workers: 8
[2025-05-20T20:42:45.997+0300][22308][1592 ][debug][gc,phases] GC(20)       Dirty Cards:                   Min: 0, Avg:  1.8, Max: 5, Diff: 5, Sum: 14, Workers: 8
[2025-05-20T20:42:45.997+0300][22308][1592 ][debug][gc,phases] GC(20)       Skipped Cards:                 Min: 0, Avg:  0.0, Max: 0, Diff: 0, Sum: 0, Workers: 8
[2025-05-20T20:42:45.997+0300][22308][1592 ][info ][gc,phases] GC(20)   Evacuate Collection Set: 0.7ms
[2025-05-20T20:42:45.997+0300][22308][1592 ][debug][gc,phases] GC(20)     Ext Root Scanning (ms):        Min:  0.0, Avg:  0.1, Max:  0.1, Diff:  0.1, Sum:  0.5, Workers: 8
[2025-05-20T20:42:45.997+0300][22308][1592 ][debug][gc,phases] GC(20)     Scan Heap Roots (ms):          Min:  0.0, Avg:  0.0, Max:  0.0, Diff:  0.0, Sum:  0.1, Workers: 8
[2025-05-20T20:42:45.997+0300][22308][1592 ][debug][gc,phases] GC(20)       Scanned Cards:                 Min: 0, Avg:  1.8, Max: 6, Diff: 6, Sum: 14, Workers: 8
[2025-05-20T20:42:45.997+0300][22308][1592 ][debug][gc,phases] GC(20)       Scanned Blocks:                Min: 0, Avg:  1.5, Max: 5, Diff: 5, Sum: 12, Workers: 8
[2025-05-20T20:42:45.997+0300][22308][1592 ][debug][gc,phases] GC(20)       Claimed Chunks:                Min: 0, Avg:  1.1, Max: 4, Diff: 4, Sum: 9, Workers: 8
[2025-05-20T20:42:45.997+0300][22308][1592 ][debug][gc,phases] GC(20)       Found Roots:                   Min: 0, Avg:  1.9, Max: 8, Diff: 8, Sum: 15, Workers: 8
[2025-05-20T20:42:45.997+0300][22308][1592 ][debug][gc,phases] GC(20)     Code Root Scan (ms):           Min:  0.1, Avg:  0.1, Max:  0.2, Diff:  0.1, Sum:  0.9, Workers: 8
[2025-05-20T20:42:45.997+0300][22308][1592 ][debug][gc,phases] GC(20)       Scanned Nmethods               Min: 0, Avg:  0.0, Max: 0, Diff: 0, Sum: 0, Workers: 8
[2025-05-20T20:42:45.997+0300][22308][1592 ][debug][gc,phases] GC(20)     Object Copy (ms):              Min:  0.0, Avg:  0.1, Max:  0.2, Diff:  0.2, Sum:  0.8, Workers: 8
[2025-05-20T20:42:45.997+0300][22308][1592 ][debug][gc,phases] GC(20)     Termination (ms):              Min:  0.0, Avg:  0.2, Max:  0.2, Diff:  0.2, Sum:  1.6, Workers: 8
[2025-05-20T20:42:45.997+0300][22308][1592 ][debug][gc,phases] GC(20)       Termination Attempts:          Min: 1, Avg:  1.0, Max: 1, Diff: 0, Sum: 8, Workers: 8
[2025-05-20T20:42:45.997+0300][22308][1592 ][debug][gc,phases] GC(20)     GC Worker Other (ms):          Min:  0.1, Avg:  0.1, Max:  0.1, Diff:  0.0, Sum:  0.9, Workers: 8
[2025-05-20T20:42:45.997+0300][22308][1592 ][debug][gc,phases] GC(20)     GC Worker Total (ms):          Min:  0.2, Avg:  0.6, Max:  0.6, Diff:  0.4, Sum:  4.7, Workers: 8
[2025-05-20T20:42:45.997+0300][22308][1592 ][info ][gc,phases] GC(20)   Post Evacuate Collection Set: 0.9ms
[2025-05-20T20:42:45.997+0300][22308][1592 ][debug][gc,phases] GC(20)     NMethod List Cleanup: 0.0ms
[2025-05-20T20:42:45.997+0300][22308][1592 ][debug][gc,phases] GC(20)     Reference Processing: 0.1ms
[2025-05-20T20:42:45.997+0300][22308][1592 ][debug][gc,phases] GC(20)     Weak Processing: 0.1ms
[2025-05-20T20:42:45.997+0300][22308][1592 ][debug][gc,phases] GC(20)       VM Weak                        Min:  0.0, Avg:  0.0, Max:  0.0, Diff:  0.0, Sum:  0.0, Workers: 8
[2025-05-20T20:42:45.997+0300][22308][1592 ][debug][gc,phases] GC(20)         Dead                           Min: 0, Avg:  0.0, Max: 0, Diff: 0, Sum: 0, Workers: 8
[2025-05-20T20:42:45.997+0300][22308][1592 ][debug][gc,phases] GC(20)         Total                          Min: 0, Avg: 15.4, Max: 123, Diff: 123, Sum: 123, Workers: 8
[2025-05-20T20:42:45.997+0300][22308][1592 ][debug][gc,phases] GC(20)       ObjectSynchronizer Weak        Min:  0.0, Avg:  0.0, Max:  0.0, Diff:  0.0, Sum:  0.0, Workers: 8
[2025-05-20T20:42:45.997+0300][22308][1592 ][debug][gc,phases] GC(20)         Dead                           Min: 0, Avg:  0.0, Max: 0, Diff: 0, Sum: 0, Workers: 8
[2025-05-20T20:42:45.997+0300][22308][1592 ][debug][gc,phases] GC(20)         Total                          Min: 0, Avg: 17.2, Max: 138, Diff: 138, Sum: 138, Workers: 8
[2025-05-20T20:42:45.997+0300][22308][1592 ][debug][gc,phases] GC(20)       JVMTI Tag Weak OopStorage      Min:  0.0, Avg:  0.0, Max:  0.0, Diff:  0.0, Sum:  0.0, Workers: 8
[2025-05-20T20:42:45.997+0300][22308][1592 ][debug][gc,phases] GC(20)         Dead                           Min: 0, Avg:  0.0, Max: 0, Diff: 0, Sum: 0, Workers: 8
[2025-05-20T20:42:45.997+0300][22308][1592 ][debug][gc,phases] GC(20)         Total                          Min: 0, Avg:  0.0, Max: 0, Diff: 0, Sum: 0, Workers: 8
[2025-05-20T20:42:45.997+0300][22308][1592 ][debug][gc,phases] GC(20)       StringTable Weak               Min:  0.0, Avg:  0.0, Max:  0.0, Diff:  0.0, Sum:  0.1, Workers: 8
[2025-05-20T20:42:45.997+0300][22308][1592 ][debug][gc,phases] GC(20)         Dead                           Min: 0, Avg:  0.0, Max: 0, Diff: 0, Sum: 0, Workers: 8
[2025-05-20T20:42:45.997+0300][22308][1592 ][debug][gc,phases] GC(20)         Total                          Min: 0, Avg: 785.0, Max: 968, Diff: 968, Sum: 6280, Workers: 8
[2025-05-20T20:42:45.997+0300][22308][1592 ][debug][gc,phases] GC(20)       ResolvedMethodTable Weak       Min:  0.0, Avg:  0.0, Max:  0.0, Diff:  0.0, Sum:  0.0, Workers: 8
[2025-05-20T20:42:45.997+0300][22308][1592 ][debug][gc,phases] GC(20)         Dead                           Min: 0, Avg:  0.0, Max: 0, Diff: 0, Sum: 0, Workers: 8
[2025-05-20T20:42:45.997+0300][22308][1592 ][debug][gc,phases] GC(20)         Total                          Min: 0, Avg: 111.4, Max: 128, Diff: 128, Sum: 891, Workers: 8
[2025-05-20T20:42:45.997+0300][22308][1592 ][debug][gc,phases] GC(20)       JNI Weak                       Min:  0.0, Avg:  0.0, Max:  0.0, Diff:  0.0, Sum:  0.0, Workers: 8
[2025-05-20T20:42:45.997+0300][22308][1592 ][debug][gc,phases] GC(20)         Dead                           Min: 0, Avg:  0.0, Max: 0, Diff: 0, Sum: 0, Workers: 8
[2025-05-20T20:42:45.997+0300][22308][1592 ][debug][gc,phases] GC(20)         Total                          Min: 0, Avg:  0.0, Max: 0, Diff: 0, Sum: 0, Workers: 8
[2025-05-20T20:42:45.997+0300][22308][1592 ][debug][gc,phases] GC(20)       StringDedup Table Weak         Min:  0.0, Avg:  0.0, Max:  0.0, Diff:  0.0, Sum:  0.0, Workers: 8
[2025-05-20T20:42:45.997+0300][22308][1592 ][debug][gc,phases] GC(20)         Dead                           Min: 0, Avg:  0.0, Max: 0, Diff: 0, Sum: 0, Workers: 8
[2025-05-20T20:42:45.997+0300][22308][1592 ][debug][gc,phases] GC(20)         Total                          Min: 0, Avg:  0.0, Max: 0, Diff: 0, Sum: 0, Workers: 8
[2025-05-20T20:42:45.997+0300][22308][1592 ][debug][gc,phases] GC(20)       StringDedup Requests0 Weak     Min:  0.0, Avg:  0.0, Max:  0.0, Diff:  0.0, Sum:  0.0, Workers: 8
[2025-05-20T20:42:45.997+0300][22308][1592 ][debug][gc,phases] GC(20)         Dead                           Min: 0, Avg:  0.0, Max: 0, Diff: 0, Sum: 0, Workers: 8
[2025-05-20T20:42:45.997+0300][22308][1592 ][debug][gc,phases] GC(20)         Total                          Min: 0, Avg:  0.0, Max: 0, Diff: 0, Sum: 0, Workers: 8
[2025-05-20T20:42:45.997+0300][22308][1592 ][debug][gc,phases] GC(20)       StringDedup Requests1 Weak     Min:  0.0, Avg:  0.0, Max:  0.0, Diff:  0.0, Sum:  0.0, Workers: 8
[2025-05-20T20:42:45.997+0300][22308][1592 ][debug][gc,phases] GC(20)         Dead                           Min: 0, Avg:  0.0, Max: 0, Diff: 0, Sum: 0, Workers: 8
[2025-05-20T20:42:45.997+0300][22308][1592 ][debug][gc,phases] GC(20)         Total                          Min: 0, Avg:  0.0, Max: 0, Diff: 0, Sum: 0, Workers: 8
[2025-05-20T20:42:45.997+0300][22308][1592 ][debug][gc,phases] GC(20)       Weak JFR Old Object Samples    Min:  0.0, Avg:  0.0, Max:  0.0, Diff:  0.0, Sum:  0.0, Workers: 8
[2025-05-20T20:42:45.997+0300][22308][1592 ][debug][gc,phases] GC(20)         Dead                           Min: 0, Avg:  0.0, Max: 0, Diff: 0, Sum: 0, Workers: 8
[2025-05-20T20:42:45.997+0300][22308][1592 ][debug][gc,phases] GC(20)         Total                          Min: 0, Avg:  0.0, Max: 0, Diff: 0, Sum: 0, Workers: 8
[2025-05-20T20:42:45.997+0300][22308][1592 ][debug][gc,phases] GC(20)     Post Evacuate Cleanup 1: 0.4ms
[2025-05-20T20:42:45.997+0300][22308][1592 ][debug][gc,phases] GC(20)       Merge Per-Thread State (ms):   Min:  0.0, Avg:  0.0, Max:  0.0, Diff:  0.0, Sum:  0.0, Workers: 1
[2025-05-20T20:42:45.997+0300][22308][1592 ][debug][gc,phases] GC(20)         Copied Bytes                   Min: 0, Avg: 93433.0, Max: 162960, Diff: 162960, Sum: 747464, Workers: 8
[2025-05-20T20:42:45.997+0300][22308][1592 ][debug][gc,phases] GC(20)         LAB Waste                      Min: 0, Avg: 202.0, Max: 344, Diff: 344, Sum: 1616, Workers: 8
[2025-05-20T20:42:45.997+0300][22308][1592 ][debug][gc,phases] GC(20)         LAB Undo Waste                 Min: 0, Avg:  0.0, Max: 0, Diff: 0, Sum: 0, Workers: 8
[2025-05-20T20:42:45.997+0300][22308][1592 ][debug][gc,phases] GC(20)       Clear Logged Cards (ms):       Min:  0.0, Avg:  0.2, Max:  0.3, Diff:  0.3, Sum:  1.3, Workers: 7
[2025-05-20T20:42:45.997+0300][22308][1592 ][debug][gc,phases] GC(20)       Recalculate Used Memory (ms):  Min:  0.0, Avg:  0.0, Max:  0.0, Diff:  0.0, Sum:  0.0, Workers: 1
[2025-05-20T20:42:45.997+0300][22308][1592 ][debug][gc,phases] GC(20)     Post Evacuate Cleanup 2: 0.3ms
[2025-05-20T20:42:45.997+0300][22308][1592 ][debug][gc,phases] GC(20)       Update Derived Pointers (ms):  Min:  0.0, Avg:  0.0, Max:  0.0, Diff:  0.0, Sum:  0.0, Workers: 1
[2025-05-20T20:42:45.997+0300][22308][1592 ][debug][gc,phases] GC(20)       Eagerly Reclaim Humongous Objects (ms): Min:  0.0, Avg:  0.0, Max:  0.0, Diff:  0.0, Sum:  0.0, Workers: 1
[2025-05-20T20:42:45.997+0300][22308][1592 ][debug][gc,phases] GC(20)         Humongous Total                Min: 6, Avg:  6.0, Max: 6, Diff: 0, Sum: 6, Workers: 1
[2025-05-20T20:42:45.997+0300][22308][1592 ][debug][gc,phases] GC(20)         Humongous Candidates           Min: 3, Avg:  3.0, Max: 3, Diff: 0, Sum: 3, Workers: 1
[2025-05-20T20:42:45.997+0300][22308][1592 ][debug][gc,phases] GC(20)         Humongous Reclaimed            Min: 0, Avg:  0.0, Max: 0, Diff: 0, Sum: 0, Workers: 1
[2025-05-20T20:42:45.997+0300][22308][1592 ][debug][gc,phases] GC(20)       Redirty Logged Cards (ms):     Min:  0.0, Avg:  0.0, Max:  0.0, Diff:  0.0, Sum:  0.0, Workers: 8
[2025-05-20T20:42:45.997+0300][22308][1592 ][debug][gc,phases] GC(20)         Redirtied Cards:               Min: 0, Avg:  1.4, Max: 5, Diff: 5, Sum: 11, Workers: 8
[2025-05-20T20:42:45.997+0300][22308][1592 ][debug][gc,phases] GC(20)       Resize TLABs (ms):             Min:  0.0, Avg:  0.0, Max:  0.0, Diff:  0.0, Sum:  0.0, Workers: 8
[2025-05-20T20:42:45.997+0300][22308][1592 ][debug][gc,phases] GC(20)       Free Collection Set (ms):      Min:  0.2, Avg:  0.3, Max:  0.3, Diff:  0.0, Sum:  2.0, Workers: 8
[2025-05-20T20:42:45.997+0300][22308][1592 ][debug][gc,phases] GC(20)     Rebuild Free List: 0.1ms
[2025-05-20T20:42:45.997+0300][22308][1592 ][debug][gc,phases] GC(20)     Prepare For Mutator: 0.0ms
[2025-05-20T20:42:45.997+0300][22308][1592 ][debug][gc,phases] GC(20)     Expand Heap After Collection: 0.0ms
[2025-05-20T20:42:45.997+0300][22308][1592 ][info ][gc,phases] GC(20)   Other: 0.1ms
[2025-05-20T20:42:45.997+0300][22308][1592 ][info ][gc,heap  ] GC(20) Eden regions: 1227->0(1227)
[2025-05-20T20:42:45.997+0300][22308][1592 ][info ][gc,heap  ] GC(20) Survivor regions: 1->1(154)
[2025-05-20T20:42:45.997+0300][22308][1592 ][info ][gc,heap  ] GC(20) Old regions: 8->8
[2025-05-20T20:42:45.997+0300][22308][1592 ][info ][gc,heap  ] GC(20) Humongous regions: 12->12
[2025-05-20T20:42:45.997+0300][22308][1592 ][debug][gc,heap  ] GC(20) Heap after GC invocations=21 (full 2):
[2025-05-20T20:42:45.997+0300][22308][1592 ][debug][gc,heap  ] GC(20)  garbage-first heap   total 4194304K, used 29082K [0x0000000700000000, 0x0000000800000000)
[2025-05-20T20:42:45.997+0300][22308][1592 ][debug][gc,heap  ] GC(20)   region size 2048K, 1 young (2048K), 1 survivors (2048K)
[2025-05-20T20:42:45.997+0300][22308][1592 ][debug][gc,heap  ] GC(20)  Metaspace       used 8737K, committed 9792K, reserved 1114112K
[2025-05-20T20:42:45.997+0300][22308][1592 ][debug][gc,heap  ] GC(20)   class space    used 874K, committed 1280K, reserved 1048576K
[2025-05-20T20:42:45.997+0300][22308][1592 ][info ][gc       ] GC(20) Pause Young (Normal) (G1 Evacuation Pause) 2482M->28M(4096M) 4.052ms
[2025-05-20T20:42:45.997+0300][22308][1592 ][info ][safepoint] Safepoint "G1CollectForAllocation", Time since last: 831278800 ns, Reaching safepoint: 368700 ns, Cleanup: 12900 ns, At safepoint: 4120500 ns, Total: 4502100 ns
[2025-05-20T20:42:46.788+0300][22308][1592 ][debug][safepoint] Safepoint synchronization initiated using striped semaphore wait barrier. (19 threads)
[2025-05-20T20:42:46.788+0300][22308][6188 ][debug][safepoint] ... found polling page loop exception at pc = 0x0000017962f97760, stub =0x0000017962995d80
[2025-05-20T20:42:46.788+0300][22308][22156][debug][safepoint] ... found polling page loop exception at pc = 0x0000017962f97760, stub =0x0000017962995d80
[2025-05-20T20:42:46.788+0300][22308][15156][debug][safepoint] ... found polling page loop exception at pc = 0x0000017962f97760, stub =0x0000017962995d80
[2025-05-20T20:42:46.788+0300][22308][5224 ][debug][safepoint] ... found polling page loop exception at pc = 0x0000017962f97760, stub =0x0000017962995d80
[2025-05-20T20:42:46.788+0300][22308][1592 ][debug][gc,heap  ] GC(21) Heap before GC invocations=21 (full 2):
[2025-05-20T20:42:46.788+0300][22308][1592 ][debug][gc,heap  ] GC(21)  garbage-first heap   total 4194304K, used 2541978K [0x0000000700000000, 0x0000000800000000)
[2025-05-20T20:42:46.788+0300][22308][1592 ][debug][gc,heap  ] GC(21)   region size 2048K, 1228 young (2514944K), 1 survivors (2048K)
[2025-05-20T20:42:46.788+0300][22308][1592 ][debug][gc,heap  ] GC(21)  Metaspace       used 8737K, committed 9792K, reserved 1114112K
[2025-05-20T20:42:46.788+0300][22308][1592 ][debug][gc,heap  ] GC(21)   class space    used 874K, committed 1280K, reserved 1048576K
[2025-05-20T20:42:46.788+0300][22308][1592 ][info ][gc,phases] GC(21)   Pre Evacuate Collection Set: 0.4ms
[2025-05-20T20:42:46.788+0300][22308][1592 ][debug][gc,phases] GC(21)     Pre Evacuate Prepare: 0.1ms
[2025-05-20T20:42:46.788+0300][22308][1592 ][debug][gc,phases] GC(21)       JT Retire TLABs And Flush Logs (ms): Min:  0.0, Avg:  0.0, Max:  0.0, Diff:  0.0, Sum:  0.0, Workers: 2
[2025-05-20T20:42:46.788+0300][22308][1592 ][debug][gc,phases] GC(21)       Non-JT Flush Logs (ms):        Min:  0.0, Avg:  0.0, Max:  0.0, Diff:  0.0, Sum:  0.0, Workers: 1
[2025-05-20T20:42:46.788+0300][22308][1592 ][debug][gc,phases] GC(21)     Choose Collection Set: 0.0ms
[2025-05-20T20:42:46.788+0300][22308][1592 ][debug][gc,phases] GC(21)     Region Register: 0.3ms
[2025-05-20T20:42:46.788+0300][22308][1592 ][debug][gc,phases] GC(21)     Prepare Heap Roots: 0.0ms
[2025-05-20T20:42:46.788+0300][22308][1592 ][info ][gc,phases] GC(21)   Merge Heap Roots: 0.2ms
[2025-05-20T20:42:46.788+0300][22308][1592 ][debug][gc,phases] GC(21)     Prepare Merge Heap Roots: 0.0ms
[2025-05-20T20:42:46.788+0300][22308][1592 ][debug][gc,phases] GC(21)     Remembered Sets (ms):          Min:  0.0, Avg:  0.1, Max:  0.1, Diff:  0.1, Sum:  0.9, Workers: 8
[2025-05-20T20:42:46.788+0300][22308][1592 ][debug][gc,phases] GC(21)       Eager Reclaim (ms):            Min:  0.0, Avg:  0.0, Max:  0.0, Diff:  0.0, Sum:  0.0, Workers: 1
[2025-05-20T20:42:46.788+0300][22308][1592 ][debug][gc,phases] GC(21)       Merged Inline                  Min: 0, Avg:  0.0, Max: 0, Diff: 0, Sum: 0, Workers: 8
[2025-05-20T20:42:46.788+0300][22308][1592 ][debug][gc,phases] GC(21)       Merged ArrayOfCards            Min: 0, Avg:  0.0, Max: 0, Diff: 0, Sum: 0, Workers: 8
[2025-05-20T20:42:46.788+0300][22308][1592 ][debug][gc,phases] GC(21)       Merged Howl                    Min: 0, Avg:  0.0, Max: 0, Diff: 0, Sum: 0, Workers: 8
[2025-05-20T20:42:46.788+0300][22308][1592 ][debug][gc,phases] GC(21)       Merged Full                    Min: 0, Avg:  0.0, Max: 0, Diff: 0, Sum: 0, Workers: 8
[2025-05-20T20:42:46.788+0300][22308][1592 ][debug][gc,phases] GC(21)       Merged Howl Inline             Min: 0, Avg:  0.0, Max: 0, Diff: 0, Sum: 0, Workers: 8
[2025-05-20T20:42:46.788+0300][22308][1592 ][debug][gc,phases] GC(21)       Merged Howl ArrayOfCards       Min: 0, Avg:  0.0, Max: 0, Diff: 0, Sum: 0, Workers: 8
[2025-05-20T20:42:46.788+0300][22308][1592 ][debug][gc,phases] GC(21)       Merged Howl BitMap             Min: 0, Avg:  0.0, Max: 0, Diff: 0, Sum: 0, Workers: 8
[2025-05-20T20:42:46.788+0300][22308][1592 ][debug][gc,phases] GC(21)       Merged Howl Full               Min: 0, Avg:  0.0, Max: 0, Diff: 0, Sum: 0, Workers: 8
[2025-05-20T20:42:46.788+0300][22308][1592 ][debug][gc,phases] GC(21)       Merged Cards                   Min: 8, Avg:  9.0, Max: 16, Diff: 8, Sum: 72, Workers: 8
[2025-05-20T20:42:46.788+0300][22308][1592 ][debug][gc,phases] GC(21)     Log Buffers (ms):              Min:  0.0, Avg:  0.0, Max:  0.0, Diff:  0.0, Sum:  0.0, Workers: 8
[2025-05-20T20:42:46.788+0300][22308][1592 ][debug][gc,phases] GC(21)       Dirty Cards:                   Min: 0, Avg:  1.8, Max: 11, Diff: 11, Sum: 14, Workers: 8
[2025-05-20T20:42:46.788+0300][22308][1592 ][debug][gc,phases] GC(21)       Skipped Cards:                 Min: 0, Avg:  0.0, Max: 0, Diff: 0, Sum: 0, Workers: 8
[2025-05-20T20:42:46.788+0300][22308][1592 ][info ][gc,phases] GC(21)   Evacuate Collection Set: 0.7ms
[2025-05-20T20:42:46.788+0300][22308][1592 ][debug][gc,phases] GC(21)     Ext Root Scanning (ms):        Min:  0.0, Avg:  0.1, Max:  0.1, Diff:  0.1, Sum:  0.5, Workers: 8
[2025-05-20T20:42:46.788+0300][22308][1592 ][debug][gc,phases] GC(21)     Scan Heap Roots (ms):          Min:  0.0, Avg:  0.0, Max:  0.0, Diff:  0.0, Sum:  0.0, Workers: 8
[2025-05-20T20:42:46.788+0300][22308][1592 ][debug][gc,phases] GC(21)       Scanned Cards:                 Min: 0, Avg:  1.8, Max: 6, Diff: 6, Sum: 14, Workers: 8
[2025-05-20T20:42:46.788+0300][22308][1592 ][debug][gc,phases] GC(21)       Scanned Blocks:                Min: 0, Avg:  1.5, Max: 5, Diff: 5, Sum: 12, Workers: 8
[2025-05-20T20:42:46.788+0300][22308][1592 ][debug][gc,phases] GC(21)       Claimed Chunks:                Min: 0, Avg:  1.1, Max: 3, Diff: 3, Sum: 9, Workers: 8
[2025-05-20T20:42:46.788+0300][22308][1592 ][debug][gc,phases] GC(21)       Found Roots:                   Min: 0, Avg:  1.9, Max: 6, Diff: 6, Sum: 15, Workers: 8
[2025-05-20T20:42:46.788+0300][22308][1592 ][debug][gc,phases] GC(21)     Code Root Scan (ms):           Min:  0.1, Avg:  0.1, Max:  0.1, Diff:  0.0, Sum:  0.8, Workers: 8
[2025-05-20T20:42:46.788+0300][22308][1592 ][debug][gc,phases] GC(21)       Scanned Nmethods               Min: 0, Avg:  0.0, Max: 0, Diff: 0, Sum: 0, Workers: 8
[2025-05-20T20:42:46.788+0300][22308][1592 ][debug][gc,phases] GC(21)     Object Copy (ms):              Min:  0.0, Avg:  0.1, Max:  0.1, Diff:  0.1, Sum:  0.8, Workers: 8
[2025-05-20T20:42:46.788+0300][22308][1592 ][debug][gc,phases] GC(21)     Termination (ms):              Min:  0.0, Avg:  0.2, Max:  0.2, Diff:  0.2, Sum:  1.5, Workers: 8
[2025-05-20T20:42:46.788+0300][22308][1592 ][debug][gc,phases] GC(21)       Termination Attempts:          Min: 1, Avg:  1.0, Max: 1, Diff: 0, Sum: 8, Workers: 8
[2025-05-20T20:42:46.788+0300][22308][1592 ][debug][gc,phases] GC(21)     GC Worker Other (ms):          Min:  0.1, Avg:  0.1, Max:  0.1, Diff:  0.0, Sum:  0.8, Workers: 8
[2025-05-20T20:42:46.788+0300][22308][1592 ][debug][gc,phases] GC(21)     GC Worker Total (ms):          Min:  0.2, Avg:  0.6, Max:  0.6, Diff:  0.4, Sum:  4.4, Workers: 8
[2025-05-20T20:42:46.788+0300][22308][1592 ][info ][gc,phases] GC(21)   Post Evacuate Collection Set: 1.0ms
[2025-05-20T20:42:46.788+0300][22308][1592 ][debug][gc,phases] GC(21)     NMethod List Cleanup: 0.0ms
[2025-05-20T20:42:46.788+0300][22308][1592 ][debug][gc,phases] GC(21)     Reference Processing: 0.1ms
[2025-05-20T20:42:46.788+0300][22308][1592 ][debug][gc,phases] GC(21)     Weak Processing: 0.1ms
[2025-05-20T20:42:46.788+0300][22308][1592 ][debug][gc,phases] GC(21)       VM Weak                        Min:  0.0, Avg:  0.0, Max:  0.0, Diff:  0.0, Sum:  0.0, Workers: 8
[2025-05-20T20:42:46.788+0300][22308][1592 ][debug][gc,phases] GC(21)         Dead                           Min: 0, Avg:  0.0, Max: 0, Diff: 0, Sum: 0, Workers: 8
[2025-05-20T20:42:46.788+0300][22308][1592 ][debug][gc,phases] GC(21)         Total                          Min: 0, Avg: 15.4, Max: 123, Diff: 123, Sum: 123, Workers: 8
[2025-05-20T20:42:46.788+0300][22308][1592 ][debug][gc,phases] GC(21)       ObjectSynchronizer Weak        Min:  0.0, Avg:  0.0, Max:  0.0, Diff:  0.0, Sum:  0.0, Workers: 8
[2025-05-20T20:42:46.788+0300][22308][1592 ][debug][gc,phases] GC(21)         Dead                           Min: 0, Avg:  0.0, Max: 0, Diff: 0, Sum: 0, Workers: 8
[2025-05-20T20:42:46.788+0300][22308][1592 ][debug][gc,phases] GC(21)         Total                          Min: 0, Avg: 17.2, Max: 64, Diff: 64, Sum: 138, Workers: 8
[2025-05-20T20:42:46.788+0300][22308][1592 ][debug][gc,phases] GC(21)       JVMTI Tag Weak OopStorage      Min:  0.0, Avg:  0.0, Max:  0.0, Diff:  0.0, Sum:  0.0, Workers: 8
[2025-05-20T20:42:46.788+0300][22308][1592 ][debug][gc,phases] GC(21)         Dead                           Min: 0, Avg:  0.0, Max: 0, Diff: 0, Sum: 0, Workers: 8
[2025-05-20T20:42:46.788+0300][22308][1592 ][debug][gc,phases] GC(21)         Total                          Min: 0, Avg:  0.0, Max: 0, Diff: 0, Sum: 0, Workers: 8
[2025-05-20T20:42:46.788+0300][22308][1592 ][debug][gc,phases] GC(21)       StringTable Weak               Min:  0.0, Avg:  0.0, Max:  0.0, Diff:  0.0, Sum:  0.1, Workers: 8
[2025-05-20T20:42:46.788+0300][22308][1592 ][debug][gc,phases] GC(21)         Dead                           Min: 0, Avg:  0.0, Max: 0, Diff: 0, Sum: 0, Workers: 8
[2025-05-20T20:42:46.788+0300][22308][1592 ][debug][gc,phases] GC(21)         Total                          Min: 128, Avg: 785.0, Max: 1280, Diff: 1152, Sum: 6280, Workers: 8
[2025-05-20T20:42:46.788+0300][22308][1592 ][debug][gc,phases] GC(21)       ResolvedMethodTable Weak       Min:  0.0, Avg:  0.0, Max:  0.0, Diff:  0.0, Sum:  0.0, Workers: 8
[2025-05-20T20:42:46.788+0300][22308][1592 ][debug][gc,phases] GC(21)         Dead                           Min: 0, Avg:  0.0, Max: 0, Diff: 0, Sum: 0, Workers: 8
[2025-05-20T20:42:46.788+0300][22308][1592 ][debug][gc,phases] GC(21)         Total                          Min: 0, Avg: 111.4, Max: 128, Diff: 128, Sum: 891, Workers: 8
[2025-05-20T20:42:46.788+0300][22308][1592 ][debug][gc,phases] GC(21)       JNI Weak                       Min:  0.0, Avg:  0.0, Max:  0.0, Diff:  0.0, Sum:  0.0, Workers: 8
[2025-05-20T20:42:46.788+0300][22308][1592 ][debug][gc,phases] GC(21)         Dead                           Min: 0, Avg:  0.0, Max: 0, Diff: 0, Sum: 0, Workers: 8
[2025-05-20T20:42:46.788+0300][22308][1592 ][debug][gc,phases] GC(21)         Total                          Min: 0, Avg:  0.0, Max: 0, Diff: 0, Sum: 0, Workers: 8
[2025-05-20T20:42:46.788+0300][22308][1592 ][debug][gc,phases] GC(21)       StringDedup Table Weak         Min:  0.0, Avg:  0.0, Max:  0.0, Diff:  0.0, Sum:  0.0, Workers: 8
[2025-05-20T20:42:46.788+0300][22308][1592 ][debug][gc,phases] GC(21)         Dead                           Min: 0, Avg:  0.0, Max: 0, Diff: 0, Sum: 0, Workers: 8
[2025-05-20T20:42:46.788+0300][22308][1592 ][debug][gc,phases] GC(21)         Total                          Min: 0, Avg:  0.0, Max: 0, Diff: 0, Sum: 0, Workers: 8
[2025-05-20T20:42:46.788+0300][22308][1592 ][debug][gc,phases] GC(21)       StringDedup Requests0 Weak     Min:  0.0, Avg:  0.0, Max:  0.0, Diff:  0.0, Sum:  0.0, Workers: 8
[2025-05-20T20:42:46.788+0300][22308][1592 ][debug][gc,phases] GC(21)         Dead                           Min: 0, Avg:  0.0, Max: 0, Diff: 0, Sum: 0, Workers: 8
[2025-05-20T20:42:46.788+0300][22308][1592 ][debug][gc,phases] GC(21)         Total                          Min: 0, Avg:  0.0, Max: 0, Diff: 0, Sum: 0, Workers: 8
[2025-05-20T20:42:46.788+0300][22308][1592 ][debug][gc,phases] GC(21)       StringDedup Requests1 Weak     Min:  0.0, Avg:  0.0, Max:  0.0, Diff:  0.0, Sum:  0.0, Workers: 8
[2025-05-20T20:42:46.788+0300][22308][1592 ][debug][gc,phases] GC(21)         Dead                           Min: 0, Avg:  0.0, Max: 0, Diff: 0, Sum: 0, Workers: 8
[2025-05-20T20:42:46.788+0300][22308][1592 ][debug][gc,phases] GC(21)         Total                          Min: 0, Avg:  0.0, Max: 0, Diff: 0, Sum: 0, Workers: 8
[2025-05-20T20:42:46.788+0300][22308][1592 ][debug][gc,phases] GC(21)       Weak JFR Old Object Samples    Min:  0.0, Avg:  0.0, Max:  0.0, Diff:  0.0, Sum:  0.0, Workers: 8
[2025-05-20T20:42:46.788+0300][22308][1592 ][debug][gc,phases] GC(21)         Dead                           Min: 0, Avg:  0.0, Max: 0, Diff: 0, Sum: 0, Workers: 8
[2025-05-20T20:42:46.788+0300][22308][1592 ][debug][gc,phases] GC(21)         Total                          Min: 0, Avg:  0.0, Max: 0, Diff: 0, Sum: 0, Workers: 8
[2025-05-20T20:42:46.788+0300][22308][1592 ][debug][gc,phases] GC(21)     Post Evacuate Cleanup 1: 0.4ms
[2025-05-20T20:42:46.788+0300][22308][1592 ][debug][gc,phases] GC(21)       Merge Per-Thread State (ms):   Min:  0.1, Avg:  0.1, Max:  0.1, Diff:  0.0, Sum:  0.1, Workers: 1
[2025-05-20T20:42:46.788+0300][22308][1592 ][debug][gc,phases] GC(21)         Copied Bytes                   Min: 0, Avg: 92238.0, Max: 133944, Diff: 133944, Sum: 737904, Workers: 8
[2025-05-20T20:42:46.788+0300][22308][1592 ][debug][gc,phases] GC(21)         LAB Waste                      Min: 0, Avg: 147.0, Max: 328, Diff: 328, Sum: 1176, Workers: 8
[2025-05-20T20:42:46.788+0300][22308][1592 ][debug][gc,phases] GC(21)         LAB Undo Waste                 Min: 0, Avg:  0.0, Max: 0, Diff: 0, Sum: 0, Workers: 8
[2025-05-20T20:42:46.788+0300][22308][1592 ][debug][gc,phases] GC(21)       Clear Logged Cards (ms):       Min:  0.0, Avg:  0.2, Max:  0.3, Diff:  0.3, Sum:  1.3, Workers: 7
[2025-05-20T20:42:46.788+0300][22308][1592 ][debug][gc,phases] GC(21)       Recalculate Used Memory (ms):  Min:  0.0, Avg:  0.0, Max:  0.0, Diff:  0.0, Sum:  0.0, Workers: 1
[2025-05-20T20:42:46.788+0300][22308][1592 ][debug][gc,phases] GC(21)     Post Evacuate Cleanup 2: 0.4ms
[2025-05-20T20:42:46.788+0300][22308][1592 ][debug][gc,phases] GC(21)       Update Derived Pointers (ms):  Min:  0.0, Avg:  0.0, Max:  0.0, Diff:  0.0, Sum:  0.0, Workers: 1
[2025-05-20T20:42:46.788+0300][22308][1592 ][debug][gc,phases] GC(21)       Eagerly Reclaim Humongous Objects (ms): Min:  0.0, Avg:  0.0, Max:  0.0, Diff:  0.0, Sum:  0.0, Workers: 1
[2025-05-20T20:42:46.788+0300][22308][1592 ][debug][gc,phases] GC(21)         Humongous Total                Min: 6, Avg:  6.0, Max: 6, Diff: 0, Sum: 6, Workers: 1
[2025-05-20T20:42:46.788+0300][22308][1592 ][debug][gc,phases] GC(21)         Humongous Candidates           Min: 3, Avg:  3.0, Max: 3, Diff: 0, Sum: 3, Workers: 1
[2025-05-20T20:42:46.788+0300][22308][1592 ][debug][gc,phases] GC(21)         Humongous Reclaimed            Min: 0, Avg:  0.0, Max: 0, Diff: 0, Sum: 0, Workers: 1
[2025-05-20T20:42:46.788+0300][22308][1592 ][debug][gc,phases] GC(21)       Redirty Logged Cards (ms):     Min:  0.0, Avg:  0.0, Max:  0.0, Diff:  0.0, Sum:  0.0, Workers: 8
[2025-05-20T20:42:46.788+0300][22308][1592 ][debug][gc,phases] GC(21)         Redirtied Cards:               Min: 0, Avg:  1.4, Max: 11, Diff: 11, Sum: 11, Workers: 8
[2025-05-20T20:42:46.788+0300][22308][1592 ][debug][gc,phases] GC(21)       Resize TLABs (ms):             Min:  0.0, Avg:  0.0, Max:  0.0, Diff:  0.0, Sum:  0.0, Workers: 8
[2025-05-20T20:42:46.788+0300][22308][1592 ][debug][gc,phases] GC(21)       Free Collection Set (ms):      Min:  0.0, Avg:  0.2, Max:  0.3, Diff:  0.3, Sum:  1.9, Workers: 8
[2025-05-20T20:42:46.788+0300][22308][1592 ][debug][gc,phases] GC(21)     Rebuild Free List: 0.1ms
[2025-05-20T20:42:46.788+0300][22308][1592 ][debug][gc,phases] GC(21)     Prepare For Mutator: 0.0ms
[2025-05-20T20:42:46.788+0300][22308][1592 ][debug][gc,phases] GC(21)     Expand Heap After Collection: 0.0ms
[2025-05-20T20:42:46.788+0300][22308][1592 ][info ][gc,phases] GC(21)   Other: 0.1ms
[2025-05-20T20:42:46.788+0300][22308][1592 ][info ][gc,heap  ] GC(21) Eden regions: 1227->0(1227)
[2025-05-20T20:42:46.788+0300][22308][1592 ][info ][gc,heap  ] GC(21) Survivor regions: 1->1(154)
[2025-05-20T20:42:46.788+0300][22308][1592 ][info ][gc,heap  ] GC(21) Old regions: 8->8
[2025-05-20T20:42:46.788+0300][22308][1592 ][info ][gc,heap  ] GC(21) Humongous regions: 12->12
[2025-05-20T20:42:46.788+0300][22308][1592 ][debug][gc,heap  ] GC(21) Heap after GC invocations=22 (full 2):
[2025-05-20T20:42:46.788+0300][22308][1592 ][debug][gc,heap  ] GC(21)  garbage-first heap   total 4194304K, used 29070K [0x0000000700000000, 0x0000000800000000)
[2025-05-20T20:42:46.788+0300][22308][1592 ][debug][gc,heap  ] GC(21)   region size 2048K, 1 young (2048K), 1 survivors (2048K)
[2025-05-20T20:42:46.788+0300][22308][1592 ][debug][gc,heap  ] GC(21)  Metaspace       used 8737K, committed 9792K, reserved 1114112K
[2025-05-20T20:42:46.788+0300][22308][1592 ][debug][gc,heap  ] GC(21)   class space    used 874K, committed 1280K, reserved 1048576K
[2025-05-20T20:42:46.788+0300][22308][1592 ][info ][gc       ] GC(21) Pause Young (Normal) (G1 Evacuation Pause) 2482M->28M(4096M) 3.998ms
[2025-05-20T20:42:46.788+0300][22308][1592 ][info ][safepoint] Safepoint "G1CollectForAllocation", Time since last: 788708800 ns, Reaching safepoint: 369300 ns, Cleanup: 15600 ns, At safepoint: 4057200 ns, Total: 4442100 ns
[2025-05-20T20:42:47.342+0300][22308][1592 ][debug][safepoint] Safepoint synchronization initiated using striped semaphore wait barrier. (11 threads)
[2025-05-20T20:42:47.342+0300][22308][1592 ][debug][gc,heap  ] GC(22) Heap before GC invocations=22 (full 2):
[2025-05-20T20:42:47.342+0300][22308][1592 ][debug][gc,heap  ] GC(22)  garbage-first heap   total 4194304K, used 1073550K [0x0000000700000000, 0x0000000800000000)
[2025-05-20T20:42:47.342+0300][22308][1592 ][debug][gc,heap  ] GC(22)   region size 2048K, 506 young (1036288K), 1 survivors (2048K)
[2025-05-20T20:42:47.342+0300][22308][1592 ][debug][gc,heap  ] GC(22)  Metaspace       used 8738K, committed 9792K, reserved 1114112K
[2025-05-20T20:42:47.342+0300][22308][1592 ][debug][gc,heap  ] GC(22)   class space    used 874K, committed 1280K, reserved 1048576K
[2025-05-20T20:42:47.342+0300][22308][1592 ][debug][gc,phases] GC(22) Phase 1: Reference Processing 0.140ms
[2025-05-20T20:42:47.342+0300][22308][1592 ][debug][gc,phases] GC(22)   VM Weak                        Min:  0.0, Avg:  0.0, Max:  0.0, Diff:  0.0, Sum:  0.0, Workers: 8
[2025-05-20T20:42:47.342+0300][22308][1592 ][debug][gc,phases] GC(22)     Dead                           Min: 0, Avg:  0.0, Max: 0, Diff: 0, Sum: 0, Workers: 8
[2025-05-20T20:42:47.342+0300][22308][1592 ][debug][gc,phases] GC(22)     Total                          Min: 0, Avg: 15.4, Max: 123, Diff: 123, Sum: 123, Workers: 8
[2025-05-20T20:42:47.342+0300][22308][1592 ][debug][gc,phases] GC(22)   ObjectSynchronizer Weak        Min:  0.0, Avg:  0.0, Max:  0.0, Diff:  0.0, Sum:  0.0, Workers: 8
[2025-05-20T20:42:47.342+0300][22308][1592 ][debug][gc,phases] GC(22)     Dead                           Min: 0, Avg:  0.0, Max: 0, Diff: 0, Sum: 0, Workers: 8
[2025-05-20T20:42:47.342+0300][22308][1592 ][debug][gc,phases] GC(22)     Total                          Min: 0, Avg: 17.2, Max: 138, Diff: 138, Sum: 138, Workers: 8
[2025-05-20T20:42:47.342+0300][22308][1592 ][debug][gc,phases] GC(22)   JVMTI Tag Weak OopStorage      Min:  0.0, Avg:  0.0, Max:  0.0, Diff:  0.0, Sum:  0.0, Workers: 8
[2025-05-20T20:42:47.342+0300][22308][1592 ][debug][gc,phases] GC(22)     Dead                           Min: 0, Avg:  0.0, Max: 0, Diff: 0, Sum: 0, Workers: 8
[2025-05-20T20:42:47.342+0300][22308][1592 ][debug][gc,phases] GC(22)     Total                          Min: 0, Avg:  0.0, Max: 0, Diff: 0, Sum: 0, Workers: 8
[2025-05-20T20:42:47.342+0300][22308][1592 ][debug][gc,phases] GC(22)   StringTable Weak               Min:  0.0, Avg:  0.0, Max:  0.0, Diff:  0.0, Sum:  0.1, Workers: 8
[2025-05-20T20:42:47.342+0300][22308][1592 ][debug][gc,phases] GC(22)     Dead                           Min: 0, Avg:  0.0, Max: 0, Diff: 0, Sum: 0, Workers: 8
[2025-05-20T20:42:47.342+0300][22308][1592 ][debug][gc,phases] GC(22)     Total                          Min: 0, Avg: 785.2, Max: 2304, Diff: 2304, Sum: 6282, Workers: 8
[2025-05-20T20:42:47.342+0300][22308][1592 ][debug][gc,phases] GC(22)   ResolvedMethodTable Weak       Min:  0.0, Avg:  0.0, Max:  0.0, Diff:  0.0, Sum:  0.0, Workers: 8
[2025-05-20T20:42:47.342+0300][22308][1592 ][debug][gc,phases] GC(22)     Dead                           Min: 0, Avg:  0.0, Max: 0, Diff: 0, Sum: 0, Workers: 8
[2025-05-20T20:42:47.342+0300][22308][1592 ][debug][gc,phases] GC(22)     Total                          Min: 0, Avg: 111.4, Max: 382, Diff: 382, Sum: 891, Workers: 8
[2025-05-20T20:42:47.342+0300][22308][1592 ][debug][gc,phases] GC(22)   JNI Weak                       Min:  0.0, Avg:  0.0, Max:  0.0, Diff:  0.0, Sum:  0.0, Workers: 8
[2025-05-20T20:42:47.342+0300][22308][1592 ][debug][gc,phases] GC(22)     Dead                           Min: 0, Avg:  0.0, Max: 0, Diff: 0, Sum: 0, Workers: 8
[2025-05-20T20:42:47.342+0300][22308][1592 ][debug][gc,phases] GC(22)     Total                          Min: 0, Avg:  0.0, Max: 0, Diff: 0, Sum: 0, Workers: 8
[2025-05-20T20:42:47.342+0300][22308][1592 ][debug][gc,phases] GC(22)   StringDedup Table Weak         Min:  0.0, Avg:  0.0, Max:  0.0, Diff:  0.0, Sum:  0.0, Workers: 8
[2025-05-20T20:42:47.342+0300][22308][1592 ][debug][gc,phases] GC(22)     Dead                           Min: 0, Avg:  0.0, Max: 0, Diff: 0, Sum: 0, Workers: 8
[2025-05-20T20:42:47.342+0300][22308][1592 ][debug][gc,phases] GC(22)     Total                          Min: 0, Avg:  0.0, Max: 0, Diff: 0, Sum: 0, Workers: 8
[2025-05-20T20:42:47.342+0300][22308][1592 ][debug][gc,phases] GC(22)   StringDedup Requests0 Weak     Min:  0.0, Avg:  0.0, Max:  0.0, Diff:  0.0, Sum:  0.0, Workers: 8
[2025-05-20T20:42:47.342+0300][22308][1592 ][debug][gc,phases] GC(22)     Dead                           Min: 0, Avg:  0.0, Max: 0, Diff: 0, Sum: 0, Workers: 8
[2025-05-20T20:42:47.342+0300][22308][1592 ][debug][gc,phases] GC(22)     Total                          Min: 0, Avg:  0.0, Max: 0, Diff: 0, Sum: 0, Workers: 8
[2025-05-20T20:42:47.342+0300][22308][1592 ][debug][gc,phases] GC(22)   StringDedup Requests1 Weak     Min:  0.0, Avg:  0.0, Max:  0.0, Diff:  0.0, Sum:  0.0, Workers: 8
[2025-05-20T20:42:47.342+0300][22308][1592 ][debug][gc,phases] GC(22)     Dead                           Min: 0, Avg:  0.0, Max: 0, Diff: 0, Sum: 0, Workers: 8
[2025-05-20T20:42:47.342+0300][22308][1592 ][debug][gc,phases] GC(22)     Total                          Min: 0, Avg:  0.0, Max: 0, Diff: 0, Sum: 0, Workers: 8
[2025-05-20T20:42:47.342+0300][22308][1592 ][debug][gc,phases] GC(22)   Weak JFR Old Object Samples    Min:  0.0, Avg:  0.0, Max:  0.0, Diff:  0.0, Sum:  0.0, Workers: 8
[2025-05-20T20:42:47.342+0300][22308][1592 ][debug][gc,phases] GC(22)     Dead                           Min: 0, Avg:  0.0, Max: 0, Diff: 0, Sum: 0, Workers: 8
[2025-05-20T20:42:47.342+0300][22308][1592 ][debug][gc,phases] GC(22)     Total                          Min: 0, Avg:  0.0, Max: 0, Diff: 0, Sum: 0, Workers: 8
[2025-05-20T20:42:47.342+0300][22308][1592 ][debug][gc,phases] GC(22) Phase 1: Weak Processing 0.435ms
[2025-05-20T20:42:47.342+0300][22308][1592 ][debug][gc,phases] GC(22) ClassLoaderData 0.007ms
[2025-05-20T20:42:47.342+0300][22308][1592 ][debug][gc,phases] GC(22) Trigger cleanups 0.001ms
[2025-05-20T20:42:47.342+0300][22308][1592 ][debug][gc,phases] GC(22) G1 Complete Cleaning 1.170ms
[2025-05-20T20:42:47.342+0300][22308][1592 ][debug][gc,phases] GC(22) Purge Unlinked NMethods 0.467ms
[2025-05-20T20:42:47.342+0300][22308][1592 ][debug][gc,phases] GC(22) Unregister NMethods 0.253ms
[2025-05-20T20:42:47.342+0300][22308][1592 ][debug][gc,phases] GC(22) Free Code Blobs 0.103ms
[2025-05-20T20:42:47.342+0300][22308][1592 ][debug][gc,phases] GC(22) Purge Class Loader Data 0.029ms
[2025-05-20T20:42:47.342+0300][22308][1592 ][debug][gc,phases] GC(22) Phase 1: Class Unloading and Cleanup 2.154ms
[2025-05-20T20:42:47.342+0300][22308][1592 ][debug][gc,phases] GC(22) Report Object Count 0.002ms
[2025-05-20T20:42:47.342+0300][22308][1592 ][info ][gc,phases] GC(22) Phase 1: Mark live objects 4.028ms
[2025-05-20T20:42:47.342+0300][22308][1592 ][debug][gc,phases] GC(22) Phase 2: Determine work lists 0.057ms
[2025-05-20T20:42:47.342+0300][22308][1592 ][debug][gc,phases] GC(22) Phase 2: Prepare parallel compaction 0.846ms
[2025-05-20T20:42:47.342+0300][22308][1592 ][info ][gc,phases] GC(22) Phase 2: Prepare compaction 0.962ms
[2025-05-20T20:42:47.342+0300][22308][1592 ][info ][gc,phases] GC(22) Phase 3: Adjust pointers 2.565ms
[2025-05-20T20:42:47.342+0300][22308][1592 ][info ][gc,phases] GC(22) Phase 4: Compact heap 0.831ms
[2025-05-20T20:42:47.342+0300][22308][1592 ][info ][gc,phases] GC(22) Phase 5: Reset Metadata 1.002ms
[2025-05-20T20:42:47.359+0300][22308][1592 ][info ][gc,heap  ] GC(22) Eden regions: 505->0(1228)
[2025-05-20T20:42:47.359+0300][22308][1592 ][info ][gc,heap  ] GC(22) Survivor regions: 1->0(154)
[2025-05-20T20:42:47.359+0300][22308][1592 ][info ][gc,heap  ] GC(22) Old regions: 8->8
[2025-05-20T20:42:47.359+0300][22308][1592 ][info ][gc,heap  ] GC(22) Humongous regions: 18->6
[2025-05-20T20:42:47.359+0300][22308][1592 ][debug][gc,heap  ] GC(22) Heap after GC invocations=23 (full 3):
[2025-05-20T20:42:47.359+0300][22308][1592 ][debug][gc,heap  ] GC(22)  garbage-first heap   total 4194304K, used 16052K [0x0000000700000000, 0x0000000800000000)
[2025-05-20T20:42:47.359+0300][22308][1592 ][debug][gc,heap  ] GC(22)   region size 2048K, 0 young (0K), 0 survivors (0K)
[2025-05-20T20:42:47.359+0300][22308][1592 ][debug][gc,heap  ] GC(22)  Metaspace       used 8738K, committed 9792K, reserved 1114112K
[2025-05-20T20:42:47.359+0300][22308][1592 ][debug][gc,heap  ] GC(22)   class space    used 874K, committed 1280K, reserved 1048576K
[2025-05-20T20:42:47.359+0300][22308][1592 ][info ][gc       ] GC(22) Pause Full (System.gc()) 1049M->15M(4096M) 16.791ms
[2025-05-20T20:42:47.359+0300][22308][1592 ][info ][safepoint] Safepoint "G1CollectFull", Time since last: 550930600 ns, Reaching safepoint: 60300 ns, Cleanup: 12900 ns, At safepoint: 16816800 ns, Total: 16890000 ns
[2025-05-20T20:42:48.100+0300][22308][1592 ][debug][safepoint] Safepoint synchronization initiated using striped semaphore wait barrier. (20 threads)
[2025-05-20T20:42:48.100+0300][22308][2536 ][debug][safepoint] ... found polling page loop exception at pc = 0x0000017962f97760, stub =0x0000017962995d80
[2025-05-20T20:42:48.100+0300][22308][16160][debug][safepoint] ... found polling page loop exception at pc = 0x0000017962f97760, stub =0x0000017962995d80
[2025-05-20T20:42:48.100+0300][22308][5180 ][debug][safepoint] ... found polling page loop exception at pc = 0x0000017962f97760, stub =0x0000017962995d80
[2025-05-20T20:42:48.100+0300][22308][1592 ][debug][gc,heap  ] GC(23) Heap before GC invocations=23 (full 3):
[2025-05-20T20:42:48.100+0300][22308][1592 ][debug][gc,heap  ] GC(23)  garbage-first heap   total 4194304K, used 2543284K [0x0000000700000000, 0x0000000800000000)
[2025-05-20T20:42:48.100+0300][22308][1592 ][debug][gc,heap  ] GC(23)   region size 2048K, 1228 young (2514944K), 0 survivors (0K)
[2025-05-20T20:42:48.100+0300][22308][1592 ][debug][gc,heap  ] GC(23)  Metaspace       used 8738K, committed 9792K, reserved 1114112K
[2025-05-20T20:42:48.100+0300][22308][1592 ][debug][gc,heap  ] GC(23)   class space    used 874K, committed 1280K, reserved 1048576K
[2025-05-20T20:42:48.101+0300][22308][1592 ][info ][gc,phases] GC(23)   Pre Evacuate Collection Set: 0.3ms
[2025-05-20T20:42:48.101+0300][22308][1592 ][debug][gc,phases] GC(23)     Pre Evacuate Prepare: 0.1ms
[2025-05-20T20:42:48.101+0300][22308][1592 ][debug][gc,phases] GC(23)       JT Retire TLABs And Flush Logs (ms): Min:  0.0, Avg:  0.0, Max:  0.0, Diff:  0.0, Sum:  0.0, Workers: 2
[2025-05-20T20:42:48.101+0300][22308][1592 ][debug][gc,phases] GC(23)       Non-JT Flush Logs (ms):        Min:  0.0, Avg:  0.0, Max:  0.0, Diff:  0.0, Sum:  0.0, Workers: 1
[2025-05-20T20:42:48.101+0300][22308][1592 ][debug][gc,phases] GC(23)     Choose Collection Set: 0.0ms
[2025-05-20T20:42:48.101+0300][22308][1592 ][debug][gc,phases] GC(23)     Region Register: 0.2ms
[2025-05-20T20:42:48.101+0300][22308][1592 ][debug][gc,phases] GC(23)     Prepare Heap Roots: 0.0ms
[2025-05-20T20:42:48.101+0300][22308][1592 ][info ][gc,phases] GC(23)   Merge Heap Roots: 0.2ms
[2025-05-20T20:42:48.101+0300][22308][1592 ][debug][gc,phases] GC(23)     Prepare Merge Heap Roots: 0.0ms
[2025-05-20T20:42:48.101+0300][22308][1592 ][debug][gc,phases] GC(23)     Remembered Sets (ms):          Min:  0.1, Avg:  0.1, Max:  0.1, Diff:  0.0, Sum:  0.9, Workers: 8
[2025-05-20T20:42:48.101+0300][22308][1592 ][debug][gc,phases] GC(23)       Eager Reclaim (ms):            Min:  0.0, Avg:  0.0, Max:  0.0, Diff:  0.0, Sum:  0.0, Workers: 1
[2025-05-20T20:42:48.101+0300][22308][1592 ][debug][gc,phases] GC(23)       Merged Inline                  Min: 0, Avg:  0.0, Max: 0, Diff: 0, Sum: 0, Workers: 8
[2025-05-20T20:42:48.101+0300][22308][1592 ][debug][gc,phases] GC(23)       Merged ArrayOfCards            Min: 0, Avg:  0.0, Max: 0, Diff: 0, Sum: 0, Workers: 8
[2025-05-20T20:42:48.101+0300][22308][1592 ][debug][gc,phases] GC(23)       Merged Howl                    Min: 0, Avg:  0.0, Max: 0, Diff: 0, Sum: 0, Workers: 8
[2025-05-20T20:42:48.101+0300][22308][1592 ][debug][gc,phases] GC(23)       Merged Full                    Min: 0, Avg:  0.0, Max: 0, Diff: 0, Sum: 0, Workers: 8
[2025-05-20T20:42:48.101+0300][22308][1592 ][debug][gc,phases] GC(23)       Merged Howl Inline             Min: 0, Avg:  0.0, Max: 0, Diff: 0, Sum: 0, Workers: 8
[2025-05-20T20:42:48.101+0300][22308][1592 ][debug][gc,phases] GC(23)       Merged Howl ArrayOfCards       Min: 0, Avg:  0.0, Max: 0, Diff: 0, Sum: 0, Workers: 8
[2025-05-20T20:42:48.101+0300][22308][1592 ][debug][gc,phases] GC(23)       Merged Howl BitMap             Min: 0, Avg:  0.0, Max: 0, Diff: 0, Sum: 0, Workers: 8
[2025-05-20T20:42:48.101+0300][22308][1592 ][debug][gc,phases] GC(23)       Merged Howl Full               Min: 0, Avg:  0.0, Max: 0, Diff: 0, Sum: 0, Workers: 8
[2025-05-20T20:42:48.101+0300][22308][1592 ][debug][gc,phases] GC(23)       Merged Cards                   Min: 8, Avg:  9.0, Max: 16, Diff: 8, Sum: 72, Workers: 8
[2025-05-20T20:42:48.101+0300][22308][1592 ][debug][gc,phases] GC(23)     Log Buffers (ms):              Min:  0.0, Avg:  0.0, Max:  0.0, Diff:  0.0, Sum:  0.0, Workers: 8
[2025-05-20T20:42:48.101+0300][22308][1592 ][debug][gc,phases] GC(23)       Dirty Cards:                   Min: 0, Avg:  1.6, Max: 13, Diff: 13, Sum: 13, Workers: 8
[2025-05-20T20:42:48.101+0300][22308][1592 ][debug][gc,phases] GC(23)       Skipped Cards:                 Min: 0, Avg:  0.0, Max: 0, Diff: 0, Sum: 0, Workers: 8
[2025-05-20T20:42:48.101+0300][22308][1592 ][info ][gc,phases] GC(23)   Evacuate Collection Set: 0.5ms
[2025-05-20T20:42:48.101+0300][22308][1592 ][debug][gc,phases] GC(23)     Ext Root Scanning (ms):        Min:  0.0, Avg:  0.1, Max:  0.1, Diff:  0.1, Sum:  0.5, Workers: 8
[2025-05-20T20:42:48.101+0300][22308][1592 ][debug][gc,phases] GC(23)     Scan Heap Roots (ms):          Min:  0.0, Avg:  0.0, Max:  0.0, Diff:  0.0, Sum:  0.1, Workers: 8
[2025-05-20T20:42:48.101+0300][22308][1592 ][debug][gc,phases] GC(23)       Scanned Cards:                 Min: 0, Avg:  1.6, Max: 4, Diff: 4, Sum: 13, Workers: 8
[2025-05-20T20:42:48.101+0300][22308][1592 ][debug][gc,phases] GC(23)       Scanned Blocks:                Min: 0, Avg:  1.6, Max: 4, Diff: 4, Sum: 13, Workers: 8
[2025-05-20T20:42:48.101+0300][22308][1592 ][debug][gc,phases] GC(23)       Claimed Chunks:                Min: 0, Avg:  1.1, Max: 3, Diff: 3, Sum: 9, Workers: 8
[2025-05-20T20:42:48.101+0300][22308][1592 ][debug][gc,phases] GC(23)       Found Roots:                   Min: 0, Avg:  0.9, Max: 2, Diff: 2, Sum: 7, Workers: 8
[2025-05-20T20:42:48.101+0300][22308][1592 ][debug][gc,phases] GC(23)     Code Root Scan (ms):           Min:  0.1, Avg:  0.1, Max:  0.1, Diff:  0.0, Sum:  0.9, Workers: 8
[2025-05-20T20:42:48.101+0300][22308][1592 ][debug][gc,phases] GC(23)       Scanned Nmethods               Min: 0, Avg:  0.0, Max: 0, Diff: 0, Sum: 0, Workers: 8
[2025-05-20T20:42:48.101+0300][22308][1592 ][debug][gc,phases] GC(23)     Object Copy (ms):              Min:  0.1, Avg:  0.1, Max:  0.1, Diff:  0.1, Sum:  0.8, Workers: 8
[2025-05-20T20:42:48.101+0300][22308][1592 ][debug][gc,phases] GC(23)     Termination (ms):              Min:  0.0, Avg:  0.0, Max:  0.0, Diff:  0.0, Sum:  0.1, Workers: 8
[2025-05-20T20:42:48.101+0300][22308][1592 ][debug][gc,phases] GC(23)       Termination Attempts:          Min: 1, Avg:  1.0, Max: 1, Diff: 0, Sum: 8, Workers: 8
[2025-05-20T20:42:48.101+0300][22308][1592 ][debug][gc,phases] GC(23)     GC Worker Other (ms):          Min:  0.1, Avg:  0.1, Max:  0.1, Diff:  0.0, Sum:  0.9, Workers: 8
[2025-05-20T20:42:48.101+0300][22308][1592 ][debug][gc,phases] GC(23)     GC Worker Total (ms):          Min:  0.3, Avg:  0.4, Max:  0.4, Diff:  0.1, Sum:  3.3, Workers: 8
[2025-05-20T20:42:48.101+0300][22308][1592 ][info ][gc,phases] GC(23)   Post Evacuate Collection Set: 1.0ms
[2025-05-20T20:42:48.101+0300][22308][1592 ][debug][gc,phases] GC(23)     NMethod List Cleanup: 0.0ms
[2025-05-20T20:42:48.101+0300][22308][1592 ][debug][gc,phases] GC(23)     Reference Processing: 0.1ms
[2025-05-20T20:42:48.101+0300][22308][1592 ][debug][gc,phases] GC(23)     Weak Processing: 0.1ms
[2025-05-20T20:42:48.101+0300][22308][1592 ][debug][gc,phases] GC(23)       VM Weak                        Min:  0.0, Avg:  0.0, Max:  0.0, Diff:  0.0, Sum:  0.0, Workers: 8
[2025-05-20T20:42:48.103+0300][22308][1592 ][debug][gc,phases] GC(23)         Dead                           Min: 0, Avg:  0.0, Max: 0, Diff: 0, Sum: 0, Workers: 8
[2025-05-20T20:42:48.103+0300][22308][1592 ][debug][gc,phases] GC(23)         Total                          Min: 0, Avg: 15.4, Max: 111, Diff: 111, Sum: 123, Workers: 8
[2025-05-20T20:42:48.103+0300][22308][1592 ][debug][gc,phases] GC(23)       ObjectSynchronizer Weak        Min:  0.0, Avg:  0.0, Max:  0.0, Diff:  0.0, Sum:  0.0, Workers: 8
[2025-05-20T20:42:48.103+0300][22308][1592 ][debug][gc,phases] GC(23)         Dead                           Min: 0, Avg:  0.0, Max: 0, Diff: 0, Sum: 0, Workers: 8
[2025-05-20T20:42:48.103+0300][22308][1592 ][debug][gc,phases] GC(23)         Total                          Min: 0, Avg: 17.2, Max: 74, Diff: 74, Sum: 138, Workers: 8
[2025-05-20T20:42:48.103+0300][22308][1592 ][debug][gc,phases] GC(23)       JVMTI Tag Weak OopStorage      Min:  0.0, Avg:  0.0, Max:  0.0, Diff:  0.0, Sum:  0.0, Workers: 8
[2025-05-20T20:42:48.103+0300][22308][1592 ][debug][gc,phases] GC(23)         Dead                           Min: 0, Avg:  0.0, Max: 0, Diff: 0, Sum: 0, Workers: 8
[2025-05-20T20:42:48.103+0300][22308][1592 ][debug][gc,phases] GC(23)         Total                          Min: 0, Avg:  0.0, Max: 0, Diff: 0, Sum: 0, Workers: 8
[2025-05-20T20:42:48.103+0300][22308][1592 ][debug][gc,phases] GC(23)       StringTable Weak               Min:  0.0, Avg:  0.0, Max:  0.0, Diff:  0.0, Sum:  0.1, Workers: 8
[2025-05-20T20:42:48.103+0300][22308][1592 ][debug][gc,phases] GC(23)         Dead                           Min: 0, Avg:  0.0, Max: 0, Diff: 0, Sum: 0, Workers: 8
[2025-05-20T20:42:48.103+0300][22308][1592 ][debug][gc,phases] GC(23)         Total                          Min: 0, Avg: 785.2, Max: 1408, Diff: 1408, Sum: 6282, Workers: 8
[2025-05-20T20:42:48.103+0300][22308][1592 ][debug][gc,phases] GC(23)       ResolvedMethodTable Weak       Min:  0.0, Avg:  0.0, Max:  0.0, Diff:  0.0, Sum:  0.0, Workers: 8
[2025-05-20T20:42:48.103+0300][22308][1592 ][debug][gc,phases] GC(23)         Dead                           Min: 0, Avg:  0.0, Max: 0, Diff: 0, Sum: 0, Workers: 8
[2025-05-20T20:42:48.103+0300][22308][1592 ][debug][gc,phases] GC(23)         Total                          Min: 0, Avg: 111.4, Max: 192, Diff: 192, Sum: 891, Workers: 8
[2025-05-20T20:42:48.103+0300][22308][1592 ][debug][gc,phases] GC(23)       JNI Weak                       Min:  0.0, Avg:  0.0, Max:  0.0, Diff:  0.0, Sum:  0.0, Workers: 8
[2025-05-20T20:42:48.103+0300][22308][1592 ][debug][gc,phases] GC(23)         Dead                           Min: 0, Avg:  0.0, Max: 0, Diff: 0, Sum: 0, Workers: 8
[2025-05-20T20:42:48.103+0300][22308][1592 ][debug][gc,phases] GC(23)         Total                          Min: 0, Avg:  0.0, Max: 0, Diff: 0, Sum: 0, Workers: 8
[2025-05-20T20:42:48.103+0300][22308][1592 ][debug][gc,phases] GC(23)       StringDedup Table Weak         Min:  0.0, Avg:  0.0, Max:  0.0, Diff:  0.0, Sum:  0.0, Workers: 8
[2025-05-20T20:42:48.103+0300][22308][1592 ][debug][gc,phases] GC(23)         Dead                           Min: 0, Avg:  0.0, Max: 0, Diff: 0, Sum: 0, Workers: 8
[2025-05-20T20:42:48.103+0300][22308][1592 ][debug][gc,phases] GC(23)         Total                          Min: 0, Avg:  0.0, Max: 0, Diff: 0, Sum: 0, Workers: 8
[2025-05-20T20:42:48.103+0300][22308][1592 ][debug][gc,phases] GC(23)       StringDedup Requests0 Weak     Min:  0.0, Avg:  0.0, Max:  0.0, Diff:  0.0, Sum:  0.0, Workers: 8
[2025-05-20T20:42:48.103+0300][22308][1592 ][debug][gc,phases] GC(23)         Dead                           Min: 0, Avg:  0.0, Max: 0, Diff: 0, Sum: 0, Workers: 8
[2025-05-20T20:42:48.103+0300][22308][1592 ][debug][gc,phases] GC(23)         Total                          Min: 0, Avg:  0.0, Max: 0, Diff: 0, Sum: 0, Workers: 8
[2025-05-20T20:42:48.103+0300][22308][1592 ][debug][gc,phases] GC(23)       StringDedup Requests1 Weak     Min:  0.0, Avg:  0.0, Max:  0.0, Diff:  0.0, Sum:  0.0, Workers: 8
[2025-05-20T20:42:48.103+0300][22308][1592 ][debug][gc,phases] GC(23)         Dead                           Min: 0, Avg:  0.0, Max: 0, Diff: 0, Sum: 0, Workers: 8
[2025-05-20T20:42:48.103+0300][22308][1592 ][debug][gc,phases] GC(23)         Total                          Min: 0, Avg:  0.0, Max: 0, Diff: 0, Sum: 0, Workers: 8
[2025-05-20T20:42:48.103+0300][22308][1592 ][debug][gc,phases] GC(23)       Weak JFR Old Object Samples    Min:  0.0, Avg:  0.0, Max:  0.0, Diff:  0.0, Sum:  0.0, Workers: 8
[2025-05-20T20:42:48.103+0300][22308][1592 ][debug][gc,phases] GC(23)         Dead                           Min: 0, Avg:  0.0, Max: 0, Diff: 0, Sum: 0, Workers: 8
[2025-05-20T20:42:48.103+0300][22308][1592 ][debug][gc,phases] GC(23)         Total                          Min: 0, Avg:  0.0, Max: 0, Diff: 0, Sum: 0, Workers: 8
[2025-05-20T20:42:48.103+0300][22308][1592 ][debug][gc,phases] GC(23)     Post Evacuate Cleanup 1: 0.4ms
[2025-05-20T20:42:48.103+0300][22308][1592 ][debug][gc,phases] GC(23)       Merge Per-Thread State (ms):   Min:  0.1, Avg:  0.1, Max:  0.1, Diff:  0.0, Sum:  0.1, Workers: 1
[2025-05-20T20:42:48.103+0300][22308][1592 ][debug][gc,phases] GC(23)         Copied Bytes                   Min: 55512, Avg: 92470.0, Max: 142296, Diff: 86784, Sum: 739760, Workers: 8
[2025-05-20T20:42:48.103+0300][22308][1592 ][debug][gc,phases] GC(23)         LAB Waste                      Min: 80, Avg: 165.0, Max: 288, Diff: 208, Sum: 1320, Workers: 8
[2025-05-20T20:42:48.103+0300][22308][1592 ][debug][gc,phases] GC(23)         LAB Undo Waste                 Min: 0, Avg:  0.0, Max: 0, Diff: 0, Sum: 0, Workers: 8
[2025-05-20T20:42:48.103+0300][22308][1592 ][debug][gc,phases] GC(23)       Clear Logged Cards (ms):       Min:  0.0, Avg:  0.2, Max:  0.3, Diff:  0.3, Sum:  1.2, Workers: 7
[2025-05-20T20:42:48.103+0300][22308][1592 ][debug][gc,phases] GC(23)       Recalculate Used Memory (ms):  Min:  0.0, Avg:  0.0, Max:  0.0, Diff:  0.0, Sum:  0.0, Workers: 1
[2025-05-20T20:42:48.103+0300][22308][1592 ][debug][gc,phases] GC(23)     Post Evacuate Cleanup 2: 0.3ms
[2025-05-20T20:42:48.103+0300][22308][1592 ][debug][gc,phases] GC(23)       Update Derived Pointers (ms):  Min:  0.0, Avg:  0.0, Max:  0.0, Diff:  0.0, Sum:  0.0, Workers: 1
[2025-05-20T20:42:48.103+0300][22308][1592 ][debug][gc,phases] GC(23)       Eagerly Reclaim Humongous Objects (ms): Min:  0.0, Avg:  0.0, Max:  0.0, Diff:  0.0, Sum:  0.0, Workers: 1
[2025-05-20T20:42:48.103+0300][22308][1592 ][debug][gc,phases] GC(23)         Humongous Total                Min: 6, Avg:  6.0, Max: 6, Diff: 0, Sum: 6, Workers: 1
[2025-05-20T20:42:48.103+0300][22308][1592 ][debug][gc,phases] GC(23)         Humongous Candidates           Min: 3, Avg:  3.0, Max: 3, Diff: 0, Sum: 3, Workers: 1
[2025-05-20T20:42:48.103+0300][22308][1592 ][debug][gc,phases] GC(23)         Humongous Reclaimed            Min: 0, Avg:  0.0, Max: 0, Diff: 0, Sum: 0, Workers: 1
[2025-05-20T20:42:48.103+0300][22308][1592 ][debug][gc,phases] GC(23)       Redirty Logged Cards (ms):     Min:  0.0, Avg:  0.0, Max:  0.0, Diff:  0.0, Sum:  0.0, Workers: 8
[2025-05-20T20:42:48.103+0300][22308][1592 ][debug][gc,phases] GC(23)         Redirtied Cards:               Min: 0, Avg:  1.0, Max: 8, Diff: 8, Sum: 8, Workers: 8
[2025-05-20T20:42:48.103+0300][22308][1592 ][debug][gc,phases] GC(23)       Resize TLABs (ms):             Min:  0.0, Avg:  0.0, Max:  0.0, Diff:  0.0, Sum:  0.0, Workers: 8
[2025-05-20T20:42:48.103+0300][22308][1592 ][debug][gc,phases] GC(23)       Free Collection Set (ms):      Min:  0.2, Avg:  0.2, Max:  0.3, Diff:  0.1, Sum:  1.9, Workers: 8
[2025-05-20T20:42:48.103+0300][22308][1592 ][debug][gc,phases] GC(23)     Rebuild Free List: 0.1ms
[2025-05-20T20:42:48.103+0300][22308][1592 ][debug][gc,phases] GC(23)     Prepare For Mutator: 0.0ms
[2025-05-20T20:42:48.103+0300][22308][1592 ][debug][gc,phases] GC(23)     Expand Heap After Collection: 0.0ms
[2025-05-20T20:42:48.103+0300][22308][1592 ][info ][gc,phases] GC(23)   Other: 0.1ms
[2025-05-20T20:42:48.103+0300][22308][1592 ][info ][gc,heap  ] GC(23) Eden regions: 1228->0(1227)
[2025-05-20T20:42:48.103+0300][22308][1592 ][info ][gc,heap  ] GC(23) Survivor regions: 0->1(154)
[2025-05-20T20:42:48.103+0300][22308][1592 ][info ][gc,heap  ] GC(23) Old regions: 8->8
[2025-05-20T20:42:48.103+0300][22308][1592 ][info ][gc,heap  ] GC(23) Humongous regions: 12->12
[2025-05-20T20:42:48.103+0300][22308][1592 ][debug][gc,heap  ] GC(23) Heap after GC invocations=24 (full 3):
[2025-05-20T20:42:48.103+0300][22308][1592 ][debug][gc,heap  ] GC(23)  garbage-first heap   total 4194304K, used 29074K [0x0000000700000000, 0x0000000800000000)
[2025-05-20T20:42:48.103+0300][22308][1592 ][debug][gc,heap  ] GC(23)   region size 2048K, 1 young (2048K), 1 survivors (2048K)
[2025-05-20T20:42:48.103+0300][22308][1592 ][debug][gc,heap  ] GC(23)  Metaspace       used 8738K, committed 9792K, reserved 1114112K
[2025-05-20T20:42:48.103+0300][22308][1592 ][debug][gc,heap  ] GC(23)   class space    used 874K, committed 1280K, reserved 1048576K
[2025-05-20T20:42:48.103+0300][22308][1592 ][info ][gc       ] GC(23) Pause Young (Normal) (G1 Evacuation Pause) 2483M->28M(4096M) 3.846ms
[2025-05-20T20:42:48.103+0300][22308][1592 ][info ][safepoint] Safepoint "G1CollectForAllocation", Time since last: 739005700 ns, Reaching safepoint: 298800 ns, Cleanup: 48500 ns, At safepoint: 3903100 ns, Total: 4250400 ns
[2025-05-20T20:42:48.891+0300][22308][1592 ][debug][safepoint] Safepoint synchronization initiated using striped semaphore wait barrier. (19 threads)
[2025-05-20T20:42:48.891+0300][22308][19148][debug][safepoint] ... found polling page loop exception at pc = 0x0000017962f97760, stub =0x0000017962995d80
[2025-05-20T20:42:48.891+0300][22308][3444 ][debug][safepoint] ... found polling page loop exception at pc = 0x0000017962f97760, stub =0x0000017962995d80
[2025-05-20T20:42:48.891+0300][22308][2536 ][debug][safepoint] ... found polling page loop exception at pc = 0x0000017962f97760, stub =0x0000017962995d80
[2025-05-20T20:42:48.891+0300][22308][5864 ][debug][safepoint] ... found polling page loop exception at pc = 0x0000017962f97760, stub =0x0000017962995d80
[2025-05-20T20:42:48.891+0300][22308][16160][debug][safepoint] ... found polling page loop exception at pc = 0x0000017962f97760, stub =0x0000017962995d80
[2025-05-20T20:42:48.891+0300][22308][1592 ][debug][gc,heap  ] GC(24) Heap before GC invocations=24 (full 3):
[2025-05-20T20:42:48.891+0300][22308][1592 ][debug][gc,heap  ] GC(24)  garbage-first heap   total 4194304K, used 2541970K [0x0000000700000000, 0x0000000800000000)
[2025-05-20T20:42:48.891+0300][22308][1592 ][debug][gc,heap  ] GC(24)   region size 2048K, 1228 young (2514944K), 1 survivors (2048K)
[2025-05-20T20:42:48.891+0300][22308][1592 ][debug][gc,heap  ] GC(24)  Metaspace       used 8738K, committed 9792K, reserved 1114112K
[2025-05-20T20:42:48.891+0300][22308][1592 ][debug][gc,heap  ] GC(24)   class space    used 874K, committed 1280K, reserved 1048576K
[2025-05-20T20:42:48.891+0300][22308][1592 ][info ][gc,phases] GC(24)   Pre Evacuate Collection Set: 0.3ms
[2025-05-20T20:42:48.891+0300][22308][1592 ][debug][gc,phases] GC(24)     Pre Evacuate Prepare: 0.1ms
[2025-05-20T20:42:48.891+0300][22308][1592 ][debug][gc,phases] GC(24)       JT Retire TLABs And Flush Logs (ms): Min:  0.0, Avg:  0.0, Max:  0.0, Diff:  0.0, Sum:  0.0, Workers: 2
[2025-05-20T20:42:48.891+0300][22308][1592 ][debug][gc,phases] GC(24)       Non-JT Flush Logs (ms):        Min:  0.0, Avg:  0.0, Max:  0.0, Diff:  0.0, Sum:  0.0, Workers: 1
[2025-05-20T20:42:48.891+0300][22308][1592 ][debug][gc,phases] GC(24)     Choose Collection Set: 0.0ms
[2025-05-20T20:42:48.891+0300][22308][1592 ][debug][gc,phases] GC(24)     Region Register: 0.3ms
[2025-05-20T20:42:48.891+0300][22308][1592 ][debug][gc,phases] GC(24)     Prepare Heap Roots: 0.0ms
[2025-05-20T20:42:48.891+0300][22308][1592 ][info ][gc,phases] GC(24)   Merge Heap Roots: 0.2ms
[2025-05-20T20:42:48.891+0300][22308][1592 ][debug][gc,phases] GC(24)     Prepare Merge Heap Roots: 0.0ms
[2025-05-20T20:42:48.891+0300][22308][1592 ][debug][gc,phases] GC(24)     Remembered Sets (ms):          Min:  0.0, Avg:  0.1, Max:  0.1, Diff:  0.1, Sum:  1.0, Workers: 8
[2025-05-20T20:42:48.891+0300][22308][1592 ][debug][gc,phases] GC(24)       Eager Reclaim (ms):            Min:  0.0, Avg:  0.0, Max:  0.0, Diff:  0.0, Sum:  0.0, Workers: 1
[2025-05-20T20:42:48.891+0300][22308][1592 ][debug][gc,phases] GC(24)       Merged Inline                  Min: 0, Avg:  0.0, Max: 0, Diff: 0, Sum: 0, Workers: 8
[2025-05-20T20:42:48.891+0300][22308][1592 ][debug][gc,phases] GC(24)       Merged ArrayOfCards            Min: 0, Avg:  0.0, Max: 0, Diff: 0, Sum: 0, Workers: 8
[2025-05-20T20:42:48.891+0300][22308][1592 ][debug][gc,phases] GC(24)       Merged Howl                    Min: 0, Avg:  0.0, Max: 0, Diff: 0, Sum: 0, Workers: 8
[2025-05-20T20:42:48.891+0300][22308][1592 ][debug][gc,phases] GC(24)       Merged Full                    Min: 0, Avg:  0.0, Max: 0, Diff: 0, Sum: 0, Workers: 8
[2025-05-20T20:42:48.891+0300][22308][1592 ][debug][gc,phases] GC(24)       Merged Howl Inline             Min: 0, Avg:  0.0, Max: 0, Diff: 0, Sum: 0, Workers: 8
[2025-05-20T20:42:48.891+0300][22308][1592 ][debug][gc,phases] GC(24)       Merged Howl ArrayOfCards       Min: 0, Avg:  0.0, Max: 0, Diff: 0, Sum: 0, Workers: 8
[2025-05-20T20:42:48.891+0300][22308][1592 ][debug][gc,phases] GC(24)       Merged Howl BitMap             Min: 0, Avg:  0.0, Max: 0, Diff: 0, Sum: 0, Workers: 8
[2025-05-20T20:42:48.891+0300][22308][1592 ][debug][gc,phases] GC(24)       Merged Howl Full               Min: 0, Avg:  0.0, Max: 0, Diff: 0, Sum: 0, Workers: 8
[2025-05-20T20:42:48.891+0300][22308][1592 ][debug][gc,phases] GC(24)       Merged Cards                   Min: 8, Avg:  9.0, Max: 16, Diff: 8, Sum: 72, Workers: 8
[2025-05-20T20:42:48.891+0300][22308][1592 ][debug][gc,phases] GC(24)     Log Buffers (ms):              Min:  0.0, Avg:  0.0, Max:  0.0, Diff:  0.0, Sum:  0.0, Workers: 8
[2025-05-20T20:42:48.891+0300][22308][1592 ][debug][gc,phases] GC(24)       Dirty Cards:                   Min: 0, Avg:  1.5, Max: 8, Diff: 8, Sum: 12, Workers: 8
[2025-05-20T20:42:48.891+0300][22308][1592 ][debug][gc,phases] GC(24)       Skipped Cards:                 Min: 0, Avg:  0.0, Max: 0, Diff: 0, Sum: 0, Workers: 8
[2025-05-20T20:42:48.891+0300][22308][1592 ][info ][gc,phases] GC(24)   Evacuate Collection Set: 0.4ms
[2025-05-20T20:42:48.891+0300][22308][1592 ][debug][gc,phases] GC(24)     Ext Root Scanning (ms):        Min:  0.1, Avg:  0.1, Max:  0.1, Diff:  0.0, Sum:  0.5, Workers: 8
[2025-05-20T20:42:48.891+0300][22308][1592 ][debug][gc,phases] GC(24)     Scan Heap Roots (ms):          Min:  0.0, Avg:  0.0, Max:  0.0, Diff:  0.0, Sum:  0.0, Workers: 8
[2025-05-20T20:42:48.891+0300][22308][1592 ][debug][gc,phases] GC(24)       Scanned Cards:                 Min: 0, Avg:  1.4, Max: 4, Diff: 4, Sum: 11, Workers: 8
[2025-05-20T20:42:48.891+0300][22308][1592 ][debug][gc,phases] GC(24)       Scanned Blocks:                Min: 0, Avg:  1.2, Max: 3, Diff: 3, Sum: 10, Workers: 8
[2025-05-20T20:42:48.891+0300][22308][1592 ][debug][gc,phases] GC(24)       Claimed Chunks:                Min: 0, Avg:  0.9, Max: 2, Diff: 2, Sum: 7, Workers: 8
[2025-05-20T20:42:48.891+0300][22308][1592 ][debug][gc,phases] GC(24)       Found Roots:                   Min: 0, Avg:  0.9, Max: 2, Diff: 2, Sum: 7, Workers: 8
[2025-05-20T20:42:48.891+0300][22308][1592 ][debug][gc,phases] GC(24)     Code Root Scan (ms):           Min:  0.1, Avg:  0.1, Max:  0.1, Diff:  0.0, Sum:  0.9, Workers: 8
[2025-05-20T20:42:48.891+0300][22308][1592 ][debug][gc,phases] GC(24)       Scanned Nmethods               Min: 0, Avg:  0.0, Max: 0, Diff: 0, Sum: 0, Workers: 8
[2025-05-20T20:42:48.891+0300][22308][1592 ][debug][gc,phases] GC(24)     Object Copy (ms):              Min:  0.1, Avg:  0.1, Max:  0.1, Diff:  0.0, Sum:  0.8, Workers: 8
[2025-05-20T20:42:48.891+0300][22308][1592 ][debug][gc,phases] GC(24)     Termination (ms):              Min:  0.0, Avg:  0.0, Max:  0.0, Diff:  0.0, Sum:  0.1, Workers: 8
[2025-05-20T20:42:48.891+0300][22308][1592 ][debug][gc,phases] GC(24)       Termination Attempts:          Min: 1, Avg:  1.0, Max: 1, Diff: 0, Sum: 8, Workers: 8
[2025-05-20T20:42:48.891+0300][22308][1592 ][debug][gc,phases] GC(24)     GC Worker Other (ms):          Min:  0.1, Avg:  0.1, Max:  0.1, Diff:  0.0, Sum:  0.9, Workers: 8
[2025-05-20T20:42:48.891+0300][22308][1592 ][debug][gc,phases] GC(24)     GC Worker Total (ms):          Min:  0.4, Avg:  0.4, Max:  0.4, Diff:  0.0, Sum:  3.2, Workers: 8
[2025-05-20T20:42:48.891+0300][22308][1592 ][info ][gc,phases] GC(24)   Post Evacuate Collection Set: 1.0ms
[2025-05-20T20:42:48.891+0300][22308][1592 ][debug][gc,phases] GC(24)     NMethod List Cleanup: 0.0ms
[2025-05-20T20:42:48.891+0300][22308][1592 ][debug][gc,phases] GC(24)     Reference Processing: 0.1ms
[2025-05-20T20:42:48.891+0300][22308][1592 ][debug][gc,phases] GC(24)     Weak Processing: 0.1ms
[2025-05-20T20:42:48.891+0300][22308][1592 ][debug][gc,phases] GC(24)       VM Weak                        Min:  0.0, Avg:  0.0, Max:  0.0, Diff:  0.0, Sum:  0.0, Workers: 8
[2025-05-20T20:42:48.891+0300][22308][1592 ][debug][gc,phases] GC(24)         Dead                           Min: 0, Avg:  0.0, Max: 0, Diff: 0, Sum: 0, Workers: 8
[2025-05-20T20:42:48.891+0300][22308][1592 ][debug][gc,phases] GC(24)         Total                          Min: 0, Avg: 15.4, Max: 74, Diff: 74, Sum: 123, Workers: 8
[2025-05-20T20:42:48.891+0300][22308][1592 ][debug][gc,phases] GC(24)       ObjectSynchronizer Weak        Min:  0.0, Avg:  0.0, Max:  0.0, Diff:  0.0, Sum:  0.0, Workers: 8
[2025-05-20T20:42:48.891+0300][22308][1592 ][debug][gc,phases] GC(24)         Dead                           Min: 0, Avg:  0.0, Max: 0, Diff: 0, Sum: 0, Workers: 8
[2025-05-20T20:42:48.891+0300][22308][1592 ][debug][gc,phases] GC(24)         Total                          Min: 0, Avg: 17.2, Max: 64, Diff: 64, Sum: 138, Workers: 8
[2025-05-20T20:42:48.891+0300][22308][1592 ][debug][gc,phases] GC(24)       JVMTI Tag Weak OopStorage      Min:  0.0, Avg:  0.0, Max:  0.0, Diff:  0.0, Sum:  0.0, Workers: 8
[2025-05-20T20:42:48.891+0300][22308][1592 ][debug][gc,phases] GC(24)         Dead                           Min: 0, Avg:  0.0, Max: 0, Diff: 0, Sum: 0, Workers: 8
[2025-05-20T20:42:48.891+0300][22308][1592 ][debug][gc,phases] GC(24)         Total                          Min: 0, Avg:  0.0, Max: 0, Diff: 0, Sum: 0, Workers: 8
[2025-05-20T20:42:48.891+0300][22308][1592 ][debug][gc,phases] GC(24)       StringTable Weak               Min:  0.0, Avg:  0.0, Max:  0.0, Diff:  0.0, Sum:  0.1, Workers: 8
[2025-05-20T20:42:48.891+0300][22308][1592 ][debug][gc,phases] GC(24)         Dead                           Min: 0, Avg:  0.0, Max: 0, Diff: 0, Sum: 0, Workers: 8
[2025-05-20T20:42:48.891+0300][22308][1592 ][debug][gc,phases] GC(24)         Total                          Min: 576, Avg: 785.2, Max: 970, Diff: 394, Sum: 6282, Workers: 8
[2025-05-20T20:42:48.891+0300][22308][1592 ][debug][gc,phases] GC(24)       ResolvedMethodTable Weak       Min:  0.0, Avg:  0.0, Max:  0.0, Diff:  0.0, Sum:  0.0, Workers: 8
[2025-05-20T20:42:48.891+0300][22308][1592 ][debug][gc,phases] GC(24)         Dead                           Min: 0, Avg:  0.0, Max: 0, Diff: 0, Sum: 0, Workers: 8
[2025-05-20T20:42:48.891+0300][22308][1592 ][debug][gc,phases] GC(24)         Total                          Min: 64, Avg: 111.4, Max: 128, Diff: 64, Sum: 891, Workers: 8
[2025-05-20T20:42:48.891+0300][22308][1592 ][debug][gc,phases] GC(24)       JNI Weak                       Min:  0.0, Avg:  0.0, Max:  0.0, Diff:  0.0, Sum:  0.0, Workers: 8
[2025-05-20T20:42:48.891+0300][22308][1592 ][debug][gc,phases] GC(24)         Dead                           Min: 0, Avg:  0.0, Max: 0, Diff: 0, Sum: 0, Workers: 8
[2025-05-20T20:42:48.891+0300][22308][1592 ][debug][gc,phases] GC(24)         Total                          Min: 0, Avg:  0.0, Max: 0, Diff: 0, Sum: 0, Workers: 8
[2025-05-20T20:42:48.891+0300][22308][1592 ][debug][gc,phases] GC(24)       StringDedup Table Weak         Min:  0.0, Avg:  0.0, Max:  0.0, Diff:  0.0, Sum:  0.0, Workers: 8
[2025-05-20T20:42:48.891+0300][22308][1592 ][debug][gc,phases] GC(24)         Dead                           Min: 0, Avg:  0.0, Max: 0, Diff: 0, Sum: 0, Workers: 8
[2025-05-20T20:42:48.891+0300][22308][1592 ][debug][gc,phases] GC(24)         Total                          Min: 0, Avg:  0.0, Max: 0, Diff: 0, Sum: 0, Workers: 8
[2025-05-20T20:42:48.891+0300][22308][1592 ][debug][gc,phases] GC(24)       StringDedup Requests0 Weak     Min:  0.0, Avg:  0.0, Max:  0.0, Diff:  0.0, Sum:  0.0, Workers: 8
[2025-05-20T20:42:48.891+0300][22308][1592 ][debug][gc,phases] GC(24)         Dead                           Min: 0, Avg:  0.0, Max: 0, Diff: 0, Sum: 0, Workers: 8
[2025-05-20T20:42:48.891+0300][22308][1592 ][debug][gc,phases] GC(24)         Total                          Min: 0, Avg:  0.0, Max: 0, Diff: 0, Sum: 0, Workers: 8
[2025-05-20T20:42:48.891+0300][22308][1592 ][debug][gc,phases] GC(24)       StringDedup Requests1 Weak     Min:  0.0, Avg:  0.0, Max:  0.0, Diff:  0.0, Sum:  0.0, Workers: 8
[2025-05-20T20:42:48.891+0300][22308][1592 ][debug][gc,phases] GC(24)         Dead                           Min: 0, Avg:  0.0, Max: 0, Diff: 0, Sum: 0, Workers: 8
[2025-05-20T20:42:48.891+0300][22308][1592 ][debug][gc,phases] GC(24)         Total                          Min: 0, Avg:  0.0, Max: 0, Diff: 0, Sum: 0, Workers: 8
[2025-05-20T20:42:48.891+0300][22308][1592 ][debug][gc,phases] GC(24)       Weak JFR Old Object Samples    Min:  0.0, Avg:  0.0, Max:  0.0, Diff:  0.0, Sum:  0.0, Workers: 8
[2025-05-20T20:42:48.891+0300][22308][1592 ][debug][gc,phases] GC(24)         Dead                           Min: 0, Avg:  0.0, Max: 0, Diff: 0, Sum: 0, Workers: 8
[2025-05-20T20:42:48.891+0300][22308][1592 ][debug][gc,phases] GC(24)         Total                          Min: 0, Avg:  0.0, Max: 0, Diff: 0, Sum: 0, Workers: 8
[2025-05-20T20:42:48.891+0300][22308][1592 ][debug][gc,phases] GC(24)     Post Evacuate Cleanup 1: 0.4ms
[2025-05-20T20:42:48.891+0300][22308][1592 ][debug][gc,phases] GC(24)       Merge Per-Thread State (ms):   Min:  0.1, Avg:  0.1, Max:  0.1, Diff:  0.0, Sum:  0.1, Workers: 1
[2025-05-20T20:42:48.891+0300][22308][1592 ][debug][gc,phases] GC(24)         Copied Bytes                   Min: 69848, Avg: 91751.0, Max: 109976, Diff: 40128, Sum: 734008, Workers: 8
[2025-05-20T20:42:48.891+0300][22308][1592 ][debug][gc,phases] GC(24)         LAB Waste                      Min: 112, Avg: 174.0, Max: 256, Diff: 144, Sum: 1392, Workers: 8
[2025-05-20T20:42:48.891+0300][22308][1592 ][debug][gc,phases] GC(24)         LAB Undo Waste                 Min: 0, Avg:  0.0, Max: 0, Diff: 0, Sum: 0, Workers: 8
[2025-05-20T20:42:48.891+0300][22308][1592 ][debug][gc,phases] GC(24)       Clear Logged Cards (ms):       Min:  0.0, Avg:  0.2, Max:  0.4, Diff:  0.4, Sum:  1.6, Workers: 7
[2025-05-20T20:42:48.891+0300][22308][1592 ][debug][gc,phases] GC(24)       Recalculate Used Memory (ms):  Min:  0.0, Avg:  0.0, Max:  0.0, Diff:  0.0, Sum:  0.0, Workers: 1
[2025-05-20T20:42:48.891+0300][22308][1592 ][debug][gc,phases] GC(24)     Post Evacuate Cleanup 2: 0.4ms
[2025-05-20T20:42:48.891+0300][22308][1592 ][debug][gc,phases] GC(24)       Update Derived Pointers (ms):  Min:  0.0, Avg:  0.0, Max:  0.0, Diff:  0.0, Sum:  0.0, Workers: 1
[2025-05-20T20:42:48.891+0300][22308][1592 ][debug][gc,phases] GC(24)       Eagerly Reclaim Humongous Objects (ms): Min:  0.0, Avg:  0.0, Max:  0.0, Diff:  0.0, Sum:  0.0, Workers: 1
[2025-05-20T20:42:48.891+0300][22308][1592 ][debug][gc,phases] GC(24)         Humongous Total                Min: 6, Avg:  6.0, Max: 6, Diff: 0, Sum: 6, Workers: 1
[2025-05-20T20:42:48.891+0300][22308][1592 ][debug][gc,phases] GC(24)         Humongous Candidates           Min: 3, Avg:  3.0, Max: 3, Diff: 0, Sum: 3, Workers: 1
[2025-05-20T20:42:48.891+0300][22308][1592 ][debug][gc,phases] GC(24)         Humongous Reclaimed            Min: 0, Avg:  0.0, Max: 0, Diff: 0, Sum: 0, Workers: 1
[2025-05-20T20:42:48.891+0300][22308][1592 ][debug][gc,phases] GC(24)       Redirty Logged Cards (ms):     Min:  0.0, Avg:  0.0, Max:  0.0, Diff:  0.0, Sum:  0.0, Workers: 8
[2025-05-20T20:42:48.891+0300][22308][1592 ][debug][gc,phases] GC(24)         Redirtied Cards:               Min: 0, Avg:  1.0, Max: 8, Diff: 8, Sum: 8, Workers: 8
[2025-05-20T20:42:48.891+0300][22308][1592 ][debug][gc,phases] GC(24)       Resize TLABs (ms):             Min:  0.0, Avg:  0.0, Max:  0.0, Diff:  0.0, Sum:  0.0, Workers: 8
[2025-05-20T20:42:48.891+0300][22308][1592 ][debug][gc,phases] GC(24)       Free Collection Set (ms):      Min:  0.0, Avg:  0.2, Max:  0.3, Diff:  0.3, Sum:  2.0, Workers: 8
[2025-05-20T20:42:48.891+0300][22308][1592 ][debug][gc,phases] GC(24)     Rebuild Free List: 0.1ms
[2025-05-20T20:42:48.891+0300][22308][1592 ][debug][gc,phases] GC(24)     Prepare For Mutator: 0.0ms
[2025-05-20T20:42:48.891+0300][22308][1592 ][debug][gc,phases] GC(24)     Expand Heap After Collection: 0.0ms
[2025-05-20T20:42:48.891+0300][22308][1592 ][info ][gc,phases] GC(24)   Other: 0.1ms
[2025-05-20T20:42:48.891+0300][22308][1592 ][info ][gc,heap  ] GC(24) Eden regions: 1227->0(1227)
[2025-05-20T20:42:48.891+0300][22308][1592 ][info ][gc,heap  ] GC(24) Survivor regions: 1->1(154)
[2025-05-20T20:42:48.891+0300][22308][1592 ][info ][gc,heap  ] GC(24) Old regions: 8->8
[2025-05-20T20:42:48.891+0300][22308][1592 ][info ][gc,heap  ] GC(24) Humongous regions: 12->12
[2025-05-20T20:42:48.891+0300][22308][1592 ][debug][gc,heap  ] GC(24) Heap after GC invocations=25 (full 3):
[2025-05-20T20:42:48.891+0300][22308][1592 ][debug][gc,heap  ] GC(24)  garbage-first heap   total 4194304K, used 29070K [0x0000000700000000, 0x0000000800000000)
[2025-05-20T20:42:48.891+0300][22308][1592 ][debug][gc,heap  ] GC(24)   region size 2048K, 1 young (2048K), 1 survivors (2048K)
[2025-05-20T20:42:48.891+0300][22308][1592 ][debug][gc,heap  ] GC(24)  Metaspace       used 8738K, committed 9792K, reserved 1114112K
[2025-05-20T20:42:48.891+0300][22308][1592 ][debug][gc,heap  ] GC(24)   class space    used 874K, committed 1280K, reserved 1048576K
[2025-05-20T20:42:48.891+0300][22308][1592 ][info ][gc       ] GC(24) Pause Young (Normal) (G1 Evacuation Pause) 2482M->28M(4096M) 3.915ms
[2025-05-20T20:42:48.891+0300][22308][1592 ][info ][safepoint] Safepoint "G1CollectForAllocation", Time since last: 787509000 ns, Reaching safepoint: 415700 ns, Cleanup: 7700 ns, At safepoint: 3971700 ns, Total: 4395100 ns
[2025-05-20T20:42:49.744+0300][22308][1592 ][debug][safepoint] Safepoint synchronization initiated using striped semaphore wait barrier. (19 threads)
[2025-05-20T20:42:49.744+0300][22308][15520][debug][safepoint] ... found polling page loop exception at pc = 0x0000017962f97760, stub =0x0000017962995d80
[2025-05-20T20:42:49.744+0300][22308][2536 ][debug][safepoint] ... found polling page loop exception at pc = 0x0000017962f97760, stub =0x0000017962995d80
[2025-05-20T20:42:49.744+0300][22308][3444 ][debug][safepoint] ... found polling page loop exception at pc = 0x0000017962f99ff7, stub =0x0000017962996600
[2025-05-20T20:42:49.744+0300][22308][5180 ][debug][safepoint] ... found polling page loop exception at pc = 0x0000017962f99e9e, stub =0x0000017962996600
[2025-05-20T20:42:49.744+0300][22308][19148][debug][safepoint] ... found polling page loop exception at pc = 0x0000017962f97760, stub =0x0000017962995d80
[2025-05-20T20:42:49.746+0300][22308][1592 ][debug][gc,heap  ] GC(25) Heap before GC invocations=25 (full 3):
[2025-05-20T20:42:49.746+0300][22308][1592 ][debug][gc,heap  ] GC(25)  garbage-first heap   total 4194304K, used 2541966K [0x0000000700000000, 0x0000000800000000)
[2025-05-20T20:42:49.746+0300][22308][1592 ][debug][gc,heap  ] GC(25)   region size 2048K, 1228 young (2514944K), 1 survivors (2048K)
[2025-05-20T20:42:49.746+0300][22308][1592 ][debug][gc,heap  ] GC(25)  Metaspace       used 8738K, committed 9792K, reserved 1114112K
[2025-05-20T20:42:49.746+0300][22308][1592 ][debug][gc,heap  ] GC(25)   class space    used 874K, committed 1280K, reserved 1048576K
[2025-05-20T20:42:49.746+0300][22308][1592 ][info ][gc,phases] GC(25)   Pre Evacuate Collection Set: 0.3ms
[2025-05-20T20:42:49.746+0300][22308][1592 ][debug][gc,phases] GC(25)     Pre Evacuate Prepare: 0.0ms
[2025-05-20T20:42:49.746+0300][22308][1592 ][debug][gc,phases] GC(25)       JT Retire TLABs And Flush Logs (ms): Min:  0.0, Avg:  0.0, Max:  0.0, Diff:  0.0, Sum:  0.0, Workers: 2
[2025-05-20T20:42:49.746+0300][22308][1592 ][debug][gc,phases] GC(25)       Non-JT Flush Logs (ms):        Min:  0.0, Avg:  0.0, Max:  0.0, Diff:  0.0, Sum:  0.0, Workers: 1
[2025-05-20T20:42:49.746+0300][22308][1592 ][debug][gc,phases] GC(25)     Choose Collection Set: 0.0ms
[2025-05-20T20:42:49.746+0300][22308][1592 ][debug][gc,phases] GC(25)     Region Register: 0.3ms
[2025-05-20T20:42:49.746+0300][22308][1592 ][debug][gc,phases] GC(25)     Prepare Heap Roots: 0.0ms
[2025-05-20T20:42:49.746+0300][22308][1592 ][info ][gc,phases] GC(25)   Merge Heap Roots: 0.2ms
[2025-05-20T20:42:49.746+0300][22308][1592 ][debug][gc,phases] GC(25)     Prepare Merge Heap Roots: 0.0ms
[2025-05-20T20:42:49.746+0300][22308][1592 ][debug][gc,phases] GC(25)     Remembered Sets (ms):          Min:  0.1, Avg:  0.1, Max:  0.1, Diff:  0.0, Sum:  1.0, Workers: 8
[2025-05-20T20:42:49.746+0300][22308][1592 ][debug][gc,phases] GC(25)       Eager Reclaim (ms):            Min:  0.0, Avg:  0.0, Max:  0.0, Diff:  0.0, Sum:  0.0, Workers: 1
[2025-05-20T20:42:49.746+0300][22308][1592 ][debug][gc,phases] GC(25)       Merged Inline                  Min: 0, Avg:  0.0, Max: 0, Diff: 0, Sum: 0, Workers: 8
[2025-05-20T20:42:49.746+0300][22308][1592 ][debug][gc,phases] GC(25)       Merged ArrayOfCards            Min: 0, Avg:  0.0, Max: 0, Diff: 0, Sum: 0, Workers: 8
[2025-05-20T20:42:49.746+0300][22308][1592 ][debug][gc,phases] GC(25)       Merged Howl                    Min: 0, Avg:  0.0, Max: 0, Diff: 0, Sum: 0, Workers: 8
[2025-05-20T20:42:49.746+0300][22308][1592 ][debug][gc,phases] GC(25)       Merged Full                    Min: 0, Avg:  0.0, Max: 0, Diff: 0, Sum: 0, Workers: 8
[2025-05-20T20:42:49.746+0300][22308][1592 ][debug][gc,phases] GC(25)       Merged Howl Inline             Min: 0, Avg:  0.0, Max: 0, Diff: 0, Sum: 0, Workers: 8
[2025-05-20T20:42:49.746+0300][22308][1592 ][debug][gc,phases] GC(25)       Merged Howl ArrayOfCards       Min: 0, Avg:  0.0, Max: 0, Diff: 0, Sum: 0, Workers: 8
[2025-05-20T20:42:49.746+0300][22308][1592 ][debug][gc,phases] GC(25)       Merged Howl BitMap             Min: 0, Avg:  0.0, Max: 0, Diff: 0, Sum: 0, Workers: 8
[2025-05-20T20:42:49.746+0300][22308][1592 ][debug][gc,phases] GC(25)       Merged Howl Full               Min: 0, Avg:  0.0, Max: 0, Diff: 0, Sum: 0, Workers: 8
[2025-05-20T20:42:49.746+0300][22308][1592 ][debug][gc,phases] GC(25)       Merged Cards                   Min: 8, Avg:  9.0, Max: 16, Diff: 8, Sum: 72, Workers: 8
[2025-05-20T20:42:49.746+0300][22308][1592 ][debug][gc,phases] GC(25)     Log Buffers (ms):              Min:  0.0, Avg:  0.0, Max:  0.0, Diff:  0.0, Sum:  0.0, Workers: 8
[2025-05-20T20:42:49.746+0300][22308][1592 ][debug][gc,phases] GC(25)       Dirty Cards:                   Min: 0, Avg:  1.5, Max: 6, Diff: 6, Sum: 12, Workers: 8
[2025-05-20T20:42:49.746+0300][22308][1592 ][debug][gc,phases] GC(25)       Skipped Cards:                 Min: 0, Avg:  0.0, Max: 0, Diff: 0, Sum: 0, Workers: 8
[2025-05-20T20:42:49.746+0300][22308][1592 ][info ][gc,phases] GC(25)   Evacuate Collection Set: 0.7ms
[2025-05-20T20:42:49.746+0300][22308][1592 ][debug][gc,phases] GC(25)     Ext Root Scanning (ms):        Min:  0.0, Avg:  0.1, Max:  0.1, Diff:  0.1, Sum:  0.5, Workers: 8
[2025-05-20T20:42:49.746+0300][22308][1592 ][debug][gc,phases] GC(25)     Scan Heap Roots (ms):          Min:  0.0, Avg:  0.0, Max:  0.0, Diff:  0.0, Sum:  0.0, Workers: 8
[2025-05-20T20:42:49.746+0300][22308][1592 ][debug][gc,phases] GC(25)       Scanned Cards:                 Min: 0, Avg:  1.4, Max: 4, Diff: 4, Sum: 11, Workers: 8
[2025-05-20T20:42:49.746+0300][22308][1592 ][debug][gc,phases] GC(25)       Scanned Blocks:                Min: 0, Avg:  1.2, Max: 3, Diff: 3, Sum: 10, Workers: 8
[2025-05-20T20:42:49.746+0300][22308][1592 ][debug][gc,phases] GC(25)       Claimed Chunks:                Min: 0, Avg:  0.9, Max: 3, Diff: 3, Sum: 7, Workers: 8
[2025-05-20T20:42:49.746+0300][22308][1592 ][debug][gc,phases] GC(25)       Found Roots:                   Min: 0, Avg:  0.9, Max: 3, Diff: 3, Sum: 7, Workers: 8
[2025-05-20T20:42:49.746+0300][22308][1592 ][debug][gc,phases] GC(25)     Code Root Scan (ms):           Min:  0.1, Avg:  0.1, Max:  0.1, Diff:  0.0, Sum:  0.8, Workers: 8
[2025-05-20T20:42:49.746+0300][22308][1592 ][debug][gc,phases] GC(25)       Scanned Nmethods               Min: 0, Avg:  0.0, Max: 0, Diff: 0, Sum: 0, Workers: 8
[2025-05-20T20:42:49.746+0300][22308][1592 ][debug][gc,phases] GC(25)     Object Copy (ms):              Min:  0.0, Avg:  0.1, Max:  0.1, Diff:  0.1, Sum:  0.8, Workers: 8
[2025-05-20T20:42:49.746+0300][22308][1592 ][debug][gc,phases] GC(25)     Termination (ms):              Min:  0.0, Avg:  0.2, Max:  0.2, Diff:  0.2, Sum:  1.5, Workers: 8
[2025-05-20T20:42:49.746+0300][22308][1592 ][debug][gc,phases] GC(25)       Termination Attempts:          Min: 1, Avg:  1.0, Max: 1, Diff: 0, Sum: 8, Workers: 8
[2025-05-20T20:42:49.746+0300][22308][1592 ][debug][gc,phases] GC(25)     GC Worker Other (ms):          Min:  0.1, Avg:  0.1, Max:  0.1, Diff:  0.0, Sum:  0.9, Workers: 8
[2025-05-20T20:42:49.746+0300][22308][1592 ][debug][gc,phases] GC(25)     GC Worker Total (ms):          Min:  0.2, Avg:  0.6, Max:  0.6, Diff:  0.4, Sum:  4.6, Workers: 8
[2025-05-20T20:42:49.746+0300][22308][1592 ][info ][gc,phases] GC(25)   Post Evacuate Collection Set: 1.0ms
[2025-05-20T20:42:49.746+0300][22308][1592 ][debug][gc,phases] GC(25)     NMethod List Cleanup: 0.0ms
[2025-05-20T20:42:49.746+0300][22308][1592 ][debug][gc,phases] GC(25)     Reference Processing: 0.1ms
[2025-05-20T20:42:49.746+0300][22308][1592 ][debug][gc,phases] GC(25)     Weak Processing: 0.1ms
[2025-05-20T20:42:49.746+0300][22308][1592 ][debug][gc,phases] GC(25)       VM Weak                        Min:  0.0, Avg:  0.0, Max:  0.0, Diff:  0.0, Sum:  0.0, Workers: 8
[2025-05-20T20:42:49.746+0300][22308][1592 ][debug][gc,phases] GC(25)         Dead                           Min: 0, Avg:  0.0, Max: 0, Diff: 0, Sum: 0, Workers: 8
[2025-05-20T20:42:49.746+0300][22308][1592 ][debug][gc,phases] GC(25)         Total                          Min: 0, Avg: 15.4, Max: 111, Diff: 111, Sum: 123, Workers: 8
[2025-05-20T20:42:49.746+0300][22308][1592 ][debug][gc,phases] GC(25)       ObjectSynchronizer Weak        Min:  0.0, Avg:  0.0, Max:  0.0, Diff:  0.0, Sum:  0.0, Workers: 8
[2025-05-20T20:42:49.746+0300][22308][1592 ][debug][gc,phases] GC(25)         Dead                           Min: 0, Avg:  0.0, Max: 0, Diff: 0, Sum: 0, Workers: 8
[2025-05-20T20:42:49.746+0300][22308][1592 ][debug][gc,phases] GC(25)         Total                          Min: 0, Avg: 17.2, Max: 64, Diff: 64, Sum: 138, Workers: 8
[2025-05-20T20:42:49.746+0300][22308][1592 ][debug][gc,phases] GC(25)       JVMTI Tag Weak OopStorage      Min:  0.0, Avg:  0.0, Max:  0.0, Diff:  0.0, Sum:  0.0, Workers: 8
[2025-05-20T20:42:49.746+0300][22308][1592 ][debug][gc,phases] GC(25)         Dead                           Min: 0, Avg:  0.0, Max: 0, Diff: 0, Sum: 0, Workers: 8
[2025-05-20T20:42:49.746+0300][22308][1592 ][debug][gc,phases] GC(25)         Total                          Min: 0, Avg:  0.0, Max: 0, Diff: 0, Sum: 0, Workers: 8
[2025-05-20T20:42:49.746+0300][22308][1592 ][debug][gc,phases] GC(25)       StringTable Weak               Min:  0.0, Avg:  0.0, Max:  0.0, Diff:  0.0, Sum:  0.1, Workers: 8
[2025-05-20T20:42:49.746+0300][22308][1592 ][debug][gc,phases] GC(25)         Dead                           Min: 0, Avg:  0.0, Max: 0, Diff: 0, Sum: 0, Workers: 8
[2025-05-20T20:42:49.746+0300][22308][1592 ][debug][gc,phases] GC(25)         Total                          Min: 714, Avg: 785.2, Max: 832, Diff: 118, Sum: 6282, Workers: 8
[2025-05-20T20:42:49.746+0300][22308][1592 ][debug][gc,phases] GC(25)       ResolvedMethodTable Weak       Min:  0.0, Avg:  0.0, Max:  0.0, Diff:  0.0, Sum:  0.0, Workers: 8
[2025-05-20T20:42:49.746+0300][22308][1592 ][debug][gc,phases] GC(25)         Dead                           Min: 0, Avg:  0.0, Max: 0, Diff: 0, Sum: 0, Workers: 8
[2025-05-20T20:42:49.746+0300][22308][1592 ][debug][gc,phases] GC(25)         Total                          Min: 64, Avg: 111.4, Max: 128, Diff: 64, Sum: 891, Workers: 8
[2025-05-20T20:42:49.746+0300][22308][1592 ][debug][gc,phases] GC(25)       JNI Weak                       Min:  0.0, Avg:  0.0, Max:  0.0, Diff:  0.0, Sum:  0.0, Workers: 8
[2025-05-20T20:42:49.746+0300][22308][1592 ][debug][gc,phases] GC(25)         Dead                           Min: 0, Avg:  0.0, Max: 0, Diff: 0, Sum: 0, Workers: 8
[2025-05-20T20:42:49.746+0300][22308][1592 ][debug][gc,phases] GC(25)         Total                          Min: 0, Avg:  0.0, Max: 0, Diff: 0, Sum: 0, Workers: 8
[2025-05-20T20:42:49.746+0300][22308][1592 ][debug][gc,phases] GC(25)       StringDedup Table Weak         Min:  0.0, Avg:  0.0, Max:  0.0, Diff:  0.0, Sum:  0.0, Workers: 8
[2025-05-20T20:42:49.746+0300][22308][1592 ][debug][gc,phases] GC(25)         Dead                           Min: 0, Avg:  0.0, Max: 0, Diff: 0, Sum: 0, Workers: 8
[2025-05-20T20:42:49.746+0300][22308][1592 ][debug][gc,phases] GC(25)         Total                          Min: 0, Avg:  0.0, Max: 0, Diff: 0, Sum: 0, Workers: 8
[2025-05-20T20:42:49.746+0300][22308][1592 ][debug][gc,phases] GC(25)       StringDedup Requests0 Weak     Min:  0.0, Avg:  0.0, Max:  0.0, Diff:  0.0, Sum:  0.0, Workers: 8
[2025-05-20T20:42:49.746+0300][22308][1592 ][debug][gc,phases] GC(25)         Dead                           Min: 0, Avg:  0.0, Max: 0, Diff: 0, Sum: 0, Workers: 8
[2025-05-20T20:42:49.746+0300][22308][1592 ][debug][gc,phases] GC(25)         Total                          Min: 0, Avg:  0.0, Max: 0, Diff: 0, Sum: 0, Workers: 8
[2025-05-20T20:42:49.746+0300][22308][1592 ][debug][gc,phases] GC(25)       StringDedup Requests1 Weak     Min:  0.0, Avg:  0.0, Max:  0.0, Diff:  0.0, Sum:  0.0, Workers: 8
[2025-05-20T20:42:49.746+0300][22308][1592 ][debug][gc,phases] GC(25)         Dead                           Min: 0, Avg:  0.0, Max: 0, Diff: 0, Sum: 0, Workers: 8
[2025-05-20T20:42:49.746+0300][22308][1592 ][debug][gc,phases] GC(25)         Total                          Min: 0, Avg:  0.0, Max: 0, Diff: 0, Sum: 0, Workers: 8
[2025-05-20T20:42:49.746+0300][22308][1592 ][debug][gc,phases] GC(25)       Weak JFR Old Object Samples    Min:  0.0, Avg:  0.0, Max:  0.0, Diff:  0.0, Sum:  0.0, Workers: 8
[2025-05-20T20:42:49.746+0300][22308][1592 ][debug][gc,phases] GC(25)         Dead                           Min: 0, Avg:  0.0, Max: 0, Diff: 0, Sum: 0, Workers: 8
[2025-05-20T20:42:49.746+0300][22308][1592 ][debug][gc,phases] GC(25)         Total                          Min: 0, Avg:  0.0, Max: 0, Diff: 0, Sum: 0, Workers: 8
[2025-05-20T20:42:49.746+0300][22308][1592 ][debug][gc,phases] GC(25)     Post Evacuate Cleanup 1: 0.4ms
[2025-05-20T20:42:49.746+0300][22308][1592 ][debug][gc,phases] GC(25)       Merge Per-Thread State (ms):   Min:  0.0, Avg:  0.0, Max:  0.0, Diff:  0.0, Sum:  0.0, Workers: 1
[2025-05-20T20:42:49.746+0300][22308][1592 ][debug][gc,phases] GC(25)         Copied Bytes                   Min: 0, Avg: 91226.0, Max: 158032, Diff: 158032, Sum: 729808, Workers: 8
[2025-05-20T20:42:49.746+0300][22308][1592 ][debug][gc,phases] GC(25)         LAB Waste                      Min: 0, Avg: 198.0, Max: 480, Diff: 480, Sum: 1584, Workers: 8
[2025-05-20T20:42:49.746+0300][22308][1592 ][debug][gc,phases] GC(25)         LAB Undo Waste                 Min: 0, Avg:  0.0, Max: 0, Diff: 0, Sum: 0, Workers: 8
[2025-05-20T20:42:49.746+0300][22308][1592 ][debug][gc,phases] GC(25)       Clear Logged Cards (ms):       Min:  0.0, Avg:  0.2, Max:  0.3, Diff:  0.3, Sum:  1.3, Workers: 7
[2025-05-20T20:42:49.746+0300][22308][1592 ][debug][gc,phases] GC(25)       Recalculate Used Memory (ms):  Min:  0.0, Avg:  0.0, Max:  0.0, Diff:  0.0, Sum:  0.0, Workers: 1
[2025-05-20T20:42:49.746+0300][22308][1592 ][debug][gc,phases] GC(25)     Post Evacuate Cleanup 2: 0.4ms
[2025-05-20T20:42:49.746+0300][22308][1592 ][debug][gc,phases] GC(25)       Update Derived Pointers (ms):  Min:  0.0, Avg:  0.0, Max:  0.0, Diff:  0.0, Sum:  0.0, Workers: 1
[2025-05-20T20:42:49.746+0300][22308][1592 ][debug][gc,phases] GC(25)       Eagerly Reclaim Humongous Objects (ms): Min:  0.0, Avg:  0.0, Max:  0.0, Diff:  0.0, Sum:  0.0, Workers: 1
[2025-05-20T20:42:49.746+0300][22308][1592 ][debug][gc,phases] GC(25)         Humongous Total                Min: 6, Avg:  6.0, Max: 6, Diff: 0, Sum: 6, Workers: 1
[2025-05-20T20:42:49.746+0300][22308][1592 ][debug][gc,phases] GC(25)         Humongous Candidates           Min: 3, Avg:  3.0, Max: 3, Diff: 0, Sum: 3, Workers: 1
[2025-05-20T20:42:49.746+0300][22308][1592 ][debug][gc,phases] GC(25)         Humongous Reclaimed            Min: 0, Avg:  0.0, Max: 0, Diff: 0, Sum: 0, Workers: 1
[2025-05-20T20:42:49.746+0300][22308][1592 ][debug][gc,phases] GC(25)       Redirty Logged Cards (ms):     Min:  0.0, Avg:  0.0, Max:  0.0, Diff:  0.0, Sum:  0.0, Workers: 8
[2025-05-20T20:42:49.746+0300][22308][1592 ][debug][gc,phases] GC(25)         Redirtied Cards:               Min: 0, Avg:  0.9, Max: 7, Diff: 7, Sum: 7, Workers: 8
[2025-05-20T20:42:49.746+0300][22308][1592 ][debug][gc,phases] GC(25)       Resize TLABs (ms):             Min:  0.0, Avg:  0.0, Max:  0.0, Diff:  0.0, Sum:  0.0, Workers: 8
[2025-05-20T20:42:49.746+0300][22308][1592 ][debug][gc,phases] GC(25)       Free Collection Set (ms):      Min:  0.0, Avg:  0.2, Max:  0.3, Diff:  0.3, Sum:  2.0, Workers: 8
[2025-05-20T20:42:49.746+0300][22308][1592 ][debug][gc,phases] GC(25)     Rebuild Free List: 0.1ms
[2025-05-20T20:42:49.746+0300][22308][1592 ][debug][gc,phases] GC(25)     Prepare For Mutator: 0.0ms
[2025-05-20T20:42:49.746+0300][22308][1592 ][debug][gc,phases] GC(25)     Expand Heap After Collection: 0.0ms
[2025-05-20T20:42:49.746+0300][22308][1592 ][info ][gc,phases] GC(25)   Other: 0.1ms
[2025-05-20T20:42:49.746+0300][22308][1592 ][info ][gc,heap  ] GC(25) Eden regions: 1227->0(1227)
[2025-05-20T20:42:49.746+0300][22308][1592 ][info ][gc,heap  ] GC(25) Survivor regions: 1->1(154)
[2025-05-20T20:42:49.746+0300][22308][1592 ][info ][gc,heap  ] GC(25) Old regions: 8->8
[2025-05-20T20:42:49.746+0300][22308][1592 ][info ][gc,heap  ] GC(25) Humongous regions: 12->12
[2025-05-20T20:42:49.746+0300][22308][1592 ][debug][gc,heap  ] GC(25) Heap after GC invocations=26 (full 3):
[2025-05-20T20:42:49.746+0300][22308][1592 ][debug][gc,heap  ] GC(25)  garbage-first heap   total 4194304K, used 29063K [0x0000000700000000, 0x0000000800000000)
[2025-05-20T20:42:49.746+0300][22308][1592 ][debug][gc,heap  ] GC(25)   region size 2048K, 1 young (2048K), 1 survivors (2048K)
[2025-05-20T20:42:49.746+0300][22308][1592 ][debug][gc,heap  ] GC(25)  Metaspace       used 8738K, committed 9792K, reserved 1114112K
[2025-05-20T20:42:49.746+0300][22308][1592 ][debug][gc,heap  ] GC(25)   class space    used 874K, committed 1280K, reserved 1048576K
[2025-05-20T20:42:49.746+0300][22308][1592 ][info ][gc       ] GC(25) Pause Young (Normal) (G1 Evacuation Pause) 2482M->28M(4096M) 3.964ms
[2025-05-20T20:42:49.746+0300][22308][1592 ][info ][safepoint] Safepoint "G1CollectForAllocation", Time since last: 848836500 ns, Reaching safepoint: 416200 ns, Cleanup: 18800 ns, At safepoint: 4023900 ns, Total: 4458900 ns
[2025-05-20T20:42:50.538+0300][22308][1592 ][debug][safepoint] Safepoint synchronization initiated using striped semaphore wait barrier. (19 threads)
[2025-05-20T20:42:50.538+0300][22308][19148][debug][safepoint] ... found polling page loop exception at pc = 0x0000017962f97760, stub =0x0000017962995d80
[2025-05-20T20:42:50.538+0300][22308][16160][debug][safepoint] ... found polling page loop exception at pc = 0x0000017962f97760, stub =0x0000017962995d80
[2025-05-20T20:42:50.538+0300][22308][3444 ][debug][safepoint] ... found polling page loop exception at pc = 0x0000017962f97760, stub =0x0000017962995d80
[2025-05-20T20:42:50.538+0300][22308][5180 ][debug][safepoint] ... found polling page loop exception at pc = 0x0000017962f97760, stub =0x0000017962995d80
[2025-05-20T20:42:50.538+0300][22308][2536 ][debug][safepoint] ... found polling page loop exception at pc = 0x0000017962f97760, stub =0x0000017962995d80
[2025-05-20T20:42:50.538+0300][22308][3648 ][debug][safepoint] ... found polling page loop exception at pc = 0x0000017962fb5e33, stub =0x0000017962996600
[2025-05-20T20:42:50.538+0300][22308][5864 ][debug][safepoint] ... found polling page loop exception at pc = 0x0000017962f97760, stub =0x0000017962995d80
[2025-05-20T20:42:50.538+0300][22308][1592 ][debug][gc,heap  ] GC(26) Heap before GC invocations=26 (full 3):
[2025-05-20T20:42:50.538+0300][22308][1592 ][debug][gc,heap  ] GC(26)  garbage-first heap   total 4194304K, used 2541959K [0x0000000700000000, 0x0000000800000000)
[2025-05-20T20:42:50.538+0300][22308][1592 ][debug][gc,heap  ] GC(26)   region size 2048K, 1228 young (2514944K), 1 survivors (2048K)
[2025-05-20T20:42:50.538+0300][22308][1592 ][debug][gc,heap  ] GC(26)  Metaspace       used 8738K, committed 9792K, reserved 1114112K
[2025-05-20T20:42:50.538+0300][22308][1592 ][debug][gc,heap  ] GC(26)   class space    used 874K, committed 1280K, reserved 1048576K
[2025-05-20T20:42:50.540+0300][22308][1592 ][info ][gc,phases] GC(26)   Pre Evacuate Collection Set: 0.3ms
[2025-05-20T20:42:50.540+0300][22308][1592 ][debug][gc,phases] GC(26)     Pre Evacuate Prepare: 0.1ms
[2025-05-20T20:42:50.540+0300][22308][1592 ][debug][gc,phases] GC(26)       JT Retire TLABs And Flush Logs (ms): Min:  0.0, Avg:  0.0, Max:  0.0, Diff:  0.0, Sum:  0.0, Workers: 2
[2025-05-20T20:42:50.540+0300][22308][1592 ][debug][gc,phases] GC(26)       Non-JT Flush Logs (ms):        Min:  0.0, Avg:  0.0, Max:  0.0, Diff:  0.0, Sum:  0.0, Workers: 1
[2025-05-20T20:42:50.540+0300][22308][1592 ][debug][gc,phases] GC(26)     Choose Collection Set: 0.0ms
[2025-05-20T20:42:50.540+0300][22308][1592 ][debug][gc,phases] GC(26)     Region Register: 0.3ms
[2025-05-20T20:42:50.540+0300][22308][1592 ][debug][gc,phases] GC(26)     Prepare Heap Roots: 0.0ms
[2025-05-20T20:42:50.540+0300][22308][1592 ][info ][gc,phases] GC(26)   Merge Heap Roots: 0.2ms
[2025-05-20T20:42:50.540+0300][22308][1592 ][debug][gc,phases] GC(26)     Prepare Merge Heap Roots: 0.0ms
[2025-05-20T20:42:50.540+0300][22308][1592 ][debug][gc,phases] GC(26)     Remembered Sets (ms):          Min:  0.0, Avg:  0.1, Max:  0.1, Diff:  0.1, Sum:  0.9, Workers: 8
[2025-05-20T20:42:50.540+0300][22308][1592 ][debug][gc,phases] GC(26)       Eager Reclaim (ms):            Min:  0.0, Avg:  0.0, Max:  0.0, Diff:  0.0, Sum:  0.0, Workers: 1
[2025-05-20T20:42:50.540+0300][22308][1592 ][debug][gc,phases] GC(26)       Merged Inline                  Min: 0, Avg:  0.0, Max: 0, Diff: 0, Sum: 0, Workers: 8
[2025-05-20T20:42:50.540+0300][22308][1592 ][debug][gc,phases] GC(26)       Merged ArrayOfCards            Min: 0, Avg:  0.0, Max: 0, Diff: 0, Sum: 0, Workers: 8
[2025-05-20T20:42:50.540+0300][22308][1592 ][debug][gc,phases] GC(26)       Merged Howl                    Min: 0, Avg:  0.0, Max: 0, Diff: 0, Sum: 0, Workers: 8
[2025-05-20T20:42:50.540+0300][22308][1592 ][debug][gc,phases] GC(26)       Merged Full                    Min: 0, Avg:  0.0, Max: 0, Diff: 0, Sum: 0, Workers: 8
[2025-05-20T20:42:50.540+0300][22308][1592 ][debug][gc,phases] GC(26)       Merged Howl Inline             Min: 0, Avg:  0.0, Max: 0, Diff: 0, Sum: 0, Workers: 8
[2025-05-20T20:42:50.540+0300][22308][1592 ][debug][gc,phases] GC(26)       Merged Howl ArrayOfCards       Min: 0, Avg:  0.0, Max: 0, Diff: 0, Sum: 0, Workers: 8
[2025-05-20T20:42:50.540+0300][22308][1592 ][debug][gc,phases] GC(26)       Merged Howl BitMap             Min: 0, Avg:  0.0, Max: 0, Diff: 0, Sum: 0, Workers: 8
[2025-05-20T20:42:50.540+0300][22308][1592 ][debug][gc,phases] GC(26)       Merged Howl Full               Min: 0, Avg:  0.0, Max: 0, Diff: 0, Sum: 0, Workers: 8
[2025-05-20T20:42:50.540+0300][22308][1592 ][debug][gc,phases] GC(26)       Merged Cards                   Min: 8, Avg:  9.0, Max: 16, Diff: 8, Sum: 72, Workers: 8
[2025-05-20T20:42:50.540+0300][22308][1592 ][debug][gc,phases] GC(26)     Log Buffers (ms):              Min:  0.0, Avg:  0.0, Max:  0.0, Diff:  0.0, Sum:  0.0, Workers: 8
[2025-05-20T20:42:50.540+0300][22308][1592 ][debug][gc,phases] GC(26)       Dirty Cards:                   Min: 0, Avg:  1.4, Max: 11, Diff: 11, Sum: 11, Workers: 8
[2025-05-20T20:42:50.540+0300][22308][1592 ][debug][gc,phases] GC(26)       Skipped Cards:                 Min: 0, Avg:  0.0, Max: 0, Diff: 0, Sum: 0, Workers: 8
[2025-05-20T20:42:50.540+0300][22308][1592 ][info ][gc,phases] GC(26)   Evacuate Collection Set: 0.7ms
[2025-05-20T20:42:50.540+0300][22308][1592 ][debug][gc,phases] GC(26)     Ext Root Scanning (ms):        Min:  0.0, Avg:  0.1, Max:  0.1, Diff:  0.1, Sum:  0.5, Workers: 8
[2025-05-20T20:42:50.540+0300][22308][1592 ][debug][gc,phases] GC(26)     Scan Heap Roots (ms):          Min:  0.0, Avg:  0.0, Max:  0.0, Diff:  0.0, Sum:  0.1, Workers: 8
[2025-05-20T20:42:50.540+0300][22308][1592 ][debug][gc,phases] GC(26)       Scanned Cards:                 Min: 0, Avg:  1.4, Max: 4, Diff: 4, Sum: 11, Workers: 8
[2025-05-20T20:42:50.540+0300][22308][1592 ][debug][gc,phases] GC(26)       Scanned Blocks:                Min: 0, Avg:  1.2, Max: 4, Diff: 4, Sum: 10, Workers: 8
[2025-05-20T20:42:50.540+0300][22308][1592 ][debug][gc,phases] GC(26)       Claimed Chunks:                Min: 0, Avg:  0.9, Max: 2, Diff: 2, Sum: 7, Workers: 8
[2025-05-20T20:42:50.543+0300][22308][1592 ][debug][gc,phases] GC(26)       Found Roots:                   Min: 0, Avg:  0.9, Max: 3, Diff: 3, Sum: 7, Workers: 8
[2025-05-20T20:42:50.543+0300][22308][1592 ][debug][gc,phases] GC(26)     Code Root Scan (ms):           Min:  0.1, Avg:  0.1, Max:  0.1, Diff:  0.0, Sum:  0.8, Workers: 8
[2025-05-20T20:42:50.543+0300][22308][1592 ][debug][gc,phases] GC(26)       Scanned Nmethods               Min: 0, Avg:  0.0, Max: 0, Diff: 0, Sum: 0, Workers: 8
[2025-05-20T20:42:50.543+0300][22308][1592 ][debug][gc,phases] GC(26)     Object Copy (ms):              Min:  0.0, Avg:  0.1, Max:  0.1, Diff:  0.1, Sum:  0.8, Workers: 8
[2025-05-20T20:42:50.543+0300][22308][1592 ][debug][gc,phases] GC(26)     Termination (ms):              Min:  0.0, Avg:  0.2, Max:  0.2, Diff:  0.2, Sum:  1.5, Workers: 8
[2025-05-20T20:42:50.543+0300][22308][1592 ][debug][gc,phases] GC(26)       Termination Attempts:          Min: 1, Avg:  1.0, Max: 1, Diff: 0, Sum: 8, Workers: 8
[2025-05-20T20:42:50.543+0300][22308][1592 ][debug][gc,phases] GC(26)     GC Worker Other (ms):          Min:  0.1, Avg:  0.1, Max:  0.1, Diff:  0.0, Sum:  0.8, Workers: 8
[2025-05-20T20:42:50.543+0300][22308][1592 ][debug][gc,phases] GC(26)     GC Worker Total (ms):          Min:  0.2, Avg:  0.6, Max:  0.6, Diff:  0.4, Sum:  4.5, Workers: 8
[2025-05-20T20:42:50.543+0300][22308][1592 ][info ][gc,phases] GC(26)   Post Evacuate Collection Set: 1.2ms
[2025-05-20T20:42:50.543+0300][22308][1592 ][debug][gc,phases] GC(26)     NMethod List Cleanup: 0.0ms
[2025-05-20T20:42:50.543+0300][22308][1592 ][debug][gc,phases] GC(26)     Reference Processing: 0.1ms
[2025-05-20T20:42:50.543+0300][22308][1592 ][debug][gc,phases] GC(26)     Weak Processing: 0.1ms
[2025-05-20T20:42:50.543+0300][22308][1592 ][debug][gc,phases] GC(26)       VM Weak                        Min:  0.0, Avg:  0.0, Max:  0.0, Diff:  0.0, Sum:  0.0, Workers: 8
[2025-05-20T20:42:50.543+0300][22308][1592 ][debug][gc,phases] GC(26)         Dead                           Min: 0, Avg:  0.0, Max: 0, Diff: 0, Sum: 0, Workers: 8
[2025-05-20T20:42:50.543+0300][22308][1592 ][debug][gc,phases] GC(26)         Total                          Min: 0, Avg: 15.4, Max: 76, Diff: 76, Sum: 123, Workers: 8
[2025-05-20T20:42:50.543+0300][22308][1592 ][debug][gc,phases] GC(26)       ObjectSynchronizer Weak        Min:  0.0, Avg:  0.0, Max:  0.0, Diff:  0.0, Sum:  0.0, Workers: 8
[2025-05-20T20:42:50.543+0300][22308][1592 ][debug][gc,phases] GC(26)         Dead                           Min: 0, Avg:  0.0, Max: 0, Diff: 0, Sum: 0, Workers: 8
[2025-05-20T20:42:50.543+0300][22308][1592 ][debug][gc,phases] GC(26)         Total                          Min: 0, Avg: 17.2, Max: 64, Diff: 64, Sum: 138, Workers: 8
[2025-05-20T20:42:50.543+0300][22308][1592 ][debug][gc,phases] GC(26)       JVMTI Tag Weak OopStorage      Min:  0.0, Avg:  0.0, Max:  0.0, Diff:  0.0, Sum:  0.0, Workers: 8
[2025-05-20T20:42:50.543+0300][22308][1592 ][debug][gc,phases] GC(26)         Dead                           Min: 0, Avg:  0.0, Max: 0, Diff: 0, Sum: 0, Workers: 8
[2025-05-20T20:42:50.543+0300][22308][1592 ][debug][gc,phases] GC(26)         Total                          Min: 0, Avg:  0.0, Max: 0, Diff: 0, Sum: 0, Workers: 8
[2025-05-20T20:42:50.543+0300][22308][1592 ][debug][gc,phases] GC(26)       StringTable Weak               Min:  0.0, Avg:  0.0, Max:  0.0, Diff:  0.0, Sum:  0.1, Workers: 8
[2025-05-20T20:42:50.543+0300][22308][1592 ][debug][gc,phases] GC(26)         Dead                           Min: 0, Avg:  0.0, Max: 0, Diff: 0, Sum: 0, Workers: 8
[2025-05-20T20:42:50.543+0300][22308][1592 ][debug][gc,phases] GC(26)         Total                          Min: 0, Avg: 785.2, Max: 1216, Diff: 1216, Sum: 6282, Workers: 8
[2025-05-20T20:42:50.543+0300][22308][1592 ][debug][gc,phases] GC(26)       ResolvedMethodTable Weak       Min:  0.0, Avg:  0.0, Max:  0.0, Diff:  0.0, Sum:  0.0, Workers: 8
[2025-05-20T20:42:50.543+0300][22308][1592 ][debug][gc,phases] GC(26)         Dead                           Min: 0, Avg:  0.0, Max: 0, Diff: 0, Sum: 0, Workers: 8
[2025-05-20T20:42:50.543+0300][22308][1592 ][debug][gc,phases] GC(26)         Total                          Min: 0, Avg: 111.4, Max: 192, Diff: 192, Sum: 891, Workers: 8
[2025-05-20T20:42:50.543+0300][22308][1592 ][debug][gc,phases] GC(26)       JNI Weak                       Min:  0.0, Avg:  0.0, Max:  0.0, Diff:  0.0, Sum:  0.0, Workers: 8
[2025-05-20T20:42:50.543+0300][22308][1592 ][debug][gc,phases] GC(26)         Dead                           Min: 0, Avg:  0.0, Max: 0, Diff: 0, Sum: 0, Workers: 8
[2025-05-20T20:42:50.543+0300][22308][1592 ][debug][gc,phases] GC(26)         Total                          Min: 0, Avg:  0.0, Max: 0, Diff: 0, Sum: 0, Workers: 8
[2025-05-20T20:42:50.543+0300][22308][1592 ][debug][gc,phases] GC(26)       StringDedup Table Weak         Min:  0.0, Avg:  0.0, Max:  0.0, Diff:  0.0, Sum:  0.0, Workers: 8
[2025-05-20T20:42:50.543+0300][22308][1592 ][debug][gc,phases] GC(26)         Dead                           Min: 0, Avg:  0.0, Max: 0, Diff: 0, Sum: 0, Workers: 8
[2025-05-20T20:42:50.543+0300][22308][1592 ][debug][gc,phases] GC(26)         Total                          Min: 0, Avg:  0.0, Max: 0, Diff: 0, Sum: 0, Workers: 8
[2025-05-20T20:42:50.543+0300][22308][1592 ][debug][gc,phases] GC(26)       StringDedup Requests0 Weak     Min:  0.0, Avg:  0.0, Max:  0.0, Diff:  0.0, Sum:  0.0, Workers: 8
[2025-05-20T20:42:50.543+0300][22308][1592 ][debug][gc,phases] GC(26)         Dead                           Min: 0, Avg:  0.0, Max: 0, Diff: 0, Sum: 0, Workers: 8
[2025-05-20T20:42:50.543+0300][22308][1592 ][debug][gc,phases] GC(26)         Total                          Min: 0, Avg:  0.0, Max: 0, Diff: 0, Sum: 0, Workers: 8
[2025-05-20T20:42:50.543+0300][22308][1592 ][debug][gc,phases] GC(26)       StringDedup Requests1 Weak     Min:  0.0, Avg:  0.0, Max:  0.0, Diff:  0.0, Sum:  0.0, Workers: 8
[2025-05-20T20:42:50.543+0300][22308][1592 ][debug][gc,phases] GC(26)         Dead                           Min: 0, Avg:  0.0, Max: 0, Diff: 0, Sum: 0, Workers: 8
[2025-05-20T20:42:50.543+0300][22308][1592 ][debug][gc,phases] GC(26)         Total                          Min: 0, Avg:  0.0, Max: 0, Diff: 0, Sum: 0, Workers: 8
[2025-05-20T20:42:50.543+0300][22308][1592 ][debug][gc,phases] GC(26)       Weak JFR Old Object Samples    Min:  0.0, Avg:  0.0, Max:  0.0, Diff:  0.0, Sum:  0.0, Workers: 8
[2025-05-20T20:42:50.543+0300][22308][1592 ][debug][gc,phases] GC(26)         Dead                           Min: 0, Avg:  0.0, Max: 0, Diff: 0, Sum: 0, Workers: 8
[2025-05-20T20:42:50.543+0300][22308][1592 ][debug][gc,phases] GC(26)         Total                          Min: 0, Avg:  0.0, Max: 0, Diff: 0, Sum: 0, Workers: 8
[2025-05-20T20:42:50.543+0300][22308][1592 ][debug][gc,phases] GC(26)     Post Evacuate Cleanup 1: 0.5ms
[2025-05-20T20:42:50.543+0300][22308][1592 ][debug][gc,phases] GC(26)       Merge Per-Thread State (ms):   Min:  0.1, Avg:  0.1, Max:  0.1, Diff:  0.0, Sum:  0.1, Workers: 1
[2025-05-20T20:42:50.543+0300][22308][1592 ][debug][gc,phases] GC(26)         Copied Bytes                   Min: 0, Avg: 92945.0, Max: 145584, Diff: 145584, Sum: 743560, Workers: 8
[2025-05-20T20:42:50.543+0300][22308][1592 ][debug][gc,phases] GC(26)         LAB Waste                      Min: 0, Avg: 184.0, Max: 312, Diff: 312, Sum: 1472, Workers: 8
[2025-05-20T20:42:50.543+0300][22308][1592 ][debug][gc,phases] GC(26)         LAB Undo Waste                 Min: 0, Avg:  0.0, Max: 0, Diff: 0, Sum: 0, Workers: 8
[2025-05-20T20:42:50.543+0300][22308][1592 ][debug][gc,phases] GC(26)       Clear Logged Cards (ms):       Min:  0.0, Avg:  0.2, Max:  0.5, Diff:  0.5, Sum:  1.6, Workers: 7
[2025-05-20T20:42:50.543+0300][22308][1592 ][debug][gc,phases] GC(26)       Recalculate Used Memory (ms):  Min:  0.0, Avg:  0.0, Max:  0.0, Diff:  0.0, Sum:  0.0, Workers: 1
[2025-05-20T20:42:50.543+0300][22308][1592 ][debug][gc,phases] GC(26)     Post Evacuate Cleanup 2: 0.4ms
[2025-05-20T20:42:50.543+0300][22308][1592 ][debug][gc,phases] GC(26)       Update Derived Pointers (ms):  Min:  0.0, Avg:  0.0, Max:  0.0, Diff:  0.0, Sum:  0.0, Workers: 1
[2025-05-20T20:42:50.543+0300][22308][1592 ][debug][gc,phases] GC(26)       Eagerly Reclaim Humongous Objects (ms): Min:  0.0, Avg:  0.0, Max:  0.0, Diff:  0.0, Sum:  0.0, Workers: 1
[2025-05-20T20:42:50.543+0300][22308][1592 ][debug][gc,phases] GC(26)         Humongous Total                Min: 6, Avg:  6.0, Max: 6, Diff: 0, Sum: 6, Workers: 1
[2025-05-20T20:42:50.543+0300][22308][1592 ][debug][gc,phases] GC(26)         Humongous Candidates           Min: 3, Avg:  3.0, Max: 3, Diff: 0, Sum: 3, Workers: 1
[2025-05-20T20:42:50.543+0300][22308][1592 ][debug][gc,phases] GC(26)         Humongous Reclaimed            Min: 0, Avg:  0.0, Max: 0, Diff: 0, Sum: 0, Workers: 1
[2025-05-20T20:42:50.543+0300][22308][1592 ][debug][gc,phases] GC(26)       Redirty Logged Cards (ms):     Min:  0.0, Avg:  0.0, Max:  0.0, Diff:  0.0, Sum:  0.0, Workers: 8
[2025-05-20T20:42:50.543+0300][22308][1592 ][debug][gc,phases] GC(26)         Redirtied Cards:               Min: 0, Avg:  1.0, Max: 8, Diff: 8, Sum: 8, Workers: 8
[2025-05-20T20:42:50.543+0300][22308][1592 ][debug][gc,phases] GC(26)       Resize TLABs (ms):             Min:  0.0, Avg:  0.0, Max:  0.0, Diff:  0.0, Sum:  0.0, Workers: 8
[2025-05-20T20:42:50.543+0300][22308][1592 ][debug][gc,phases] GC(26)       Free Collection Set (ms):      Min:  0.0, Avg:  0.2, Max:  0.3, Diff:  0.3, Sum:  1.8, Workers: 8
[2025-05-20T20:42:50.543+0300][22308][1592 ][debug][gc,phases] GC(26)     Rebuild Free List: 0.1ms
[2025-05-20T20:42:50.543+0300][22308][1592 ][debug][gc,phases] GC(26)     Prepare For Mutator: 0.0ms
[2025-05-20T20:42:50.543+0300][22308][1592 ][debug][gc,phases] GC(26)     Expand Heap After Collection: 0.0ms
[2025-05-20T20:42:50.543+0300][22308][1592 ][info ][gc,phases] GC(26)   Other: 0.2ms
[2025-05-20T20:42:50.543+0300][22308][1592 ][info ][gc,heap  ] GC(26) Eden regions: 1227->0(1227)
[2025-05-20T20:42:50.543+0300][22308][1592 ][info ][gc,heap  ] GC(26) Survivor regions: 1->1(154)
[2025-05-20T20:42:50.543+0300][22308][1592 ][info ][gc,heap  ] GC(26) Old regions: 8->8
[2025-05-20T20:42:50.543+0300][22308][1592 ][info ][gc,heap  ] GC(26) Humongous regions: 12->12
[2025-05-20T20:42:50.543+0300][22308][1592 ][debug][gc,heap  ] GC(26) Heap after GC invocations=27 (full 3):
[2025-05-20T20:42:50.543+0300][22308][1592 ][debug][gc,heap  ] GC(26)  garbage-first heap   total 4194304K, used 29077K [0x0000000700000000, 0x0000000800000000)
[2025-05-20T20:42:50.543+0300][22308][1592 ][debug][gc,heap  ] GC(26)   region size 2048K, 1 young (2048K), 1 survivors (2048K)
[2025-05-20T20:42:50.543+0300][22308][1592 ][debug][gc,heap  ] GC(26)  Metaspace       used 8738K, committed 9792K, reserved 1114112K
[2025-05-20T20:42:50.543+0300][22308][1592 ][debug][gc,heap  ] GC(26)   class space    used 874K, committed 1280K, reserved 1048576K
[2025-05-20T20:42:50.543+0300][22308][1592 ][info ][gc       ] GC(26) Pause Young (Normal) (G1 Evacuation Pause) 2482M->28M(4096M) 4.567ms
[2025-05-20T20:42:50.543+0300][22308][1592 ][info ][safepoint] Safepoint "G1CollectForAllocation", Time since last: 789707800 ns, Reaching safepoint: 494500 ns, Cleanup: 9000 ns, At safepoint: 4637100 ns, Total: 5140600 ns
[2025-05-20T20:42:51.327+0300][22308][1592 ][debug][safepoint] Safepoint synchronization initiated using striped semaphore wait barrier. (19 threads)
[2025-05-20T20:42:51.327+0300][22308][2536 ][debug][safepoint] ... found polling page loop exception at pc = 0x0000017962f97760, stub =0x0000017962995d80
[2025-05-20T20:42:51.327+0300][22308][19148][debug][safepoint] ... found polling page loop exception at pc = 0x000001796319cdf7, stub =0x0000017962995d80
[2025-05-20T20:42:51.327+0300][22308][3648 ][debug][safepoint] ... found polling page loop exception at pc = 0x0000017962f97760, stub =0x0000017962995d80
[2025-05-20T20:42:51.327+0300][22308][5864 ][debug][safepoint] ... found polling page loop exception at pc = 0x0000017962f97760, stub =0x0000017962995d80
[2025-05-20T20:42:51.327+0300][22308][16160][debug][safepoint] ... found polling page loop exception at pc = 0x0000017962f97760, stub =0x0000017962995d80
[2025-05-20T20:42:51.327+0300][22308][1592 ][debug][gc,heap  ] GC(27) Heap before GC invocations=27 (full 3):
[2025-05-20T20:42:51.327+0300][22308][1592 ][debug][gc,heap  ] GC(27)  garbage-first heap   total 4194304K, used 2541973K [0x0000000700000000, 0x0000000800000000)
[2025-05-20T20:42:51.327+0300][22308][1592 ][debug][gc,heap  ] GC(27)   region size 2048K, 1228 young (2514944K), 1 survivors (2048K)
[2025-05-20T20:42:51.327+0300][22308][1592 ][debug][gc,heap  ] GC(27)  Metaspace       used 8738K, committed 9792K, reserved 1114112K
[2025-05-20T20:42:51.327+0300][22308][1592 ][debug][gc,heap  ] GC(27)   class space    used 874K, committed 1280K, reserved 1048576K
[2025-05-20T20:42:51.327+0300][22308][1592 ][info ][gc,phases] GC(27)   Pre Evacuate Collection Set: 0.3ms
[2025-05-20T20:42:51.327+0300][22308][1592 ][debug][gc,phases] GC(27)     Pre Evacuate Prepare: 0.1ms
[2025-05-20T20:42:51.327+0300][22308][1592 ][debug][gc,phases] GC(27)       JT Retire TLABs And Flush Logs (ms): Min:  0.0, Avg:  0.0, Max:  0.0, Diff:  0.0, Sum:  0.0, Workers: 2
[2025-05-20T20:42:51.327+0300][22308][1592 ][debug][gc,phases] GC(27)       Non-JT Flush Logs (ms):        Min:  0.0, Avg:  0.0, Max:  0.0, Diff:  0.0, Sum:  0.0, Workers: 1
[2025-05-20T20:42:51.327+0300][22308][1592 ][debug][gc,phases] GC(27)     Choose Collection Set: 0.0ms
[2025-05-20T20:42:51.327+0300][22308][1592 ][debug][gc,phases] GC(27)     Region Register: 0.2ms
[2025-05-20T20:42:51.327+0300][22308][1592 ][debug][gc,phases] GC(27)     Prepare Heap Roots: 0.0ms
[2025-05-20T20:42:51.327+0300][22308][1592 ][info ][gc,phases] GC(27)   Merge Heap Roots: 0.2ms
[2025-05-20T20:42:51.327+0300][22308][1592 ][debug][gc,phases] GC(27)     Prepare Merge Heap Roots: 0.0ms
[2025-05-20T20:42:51.327+0300][22308][1592 ][debug][gc,phases] GC(27)     Remembered Sets (ms):          Min:  0.1, Avg:  0.1, Max:  0.1, Diff:  0.0, Sum:  0.9, Workers: 8
[2025-05-20T20:42:51.327+0300][22308][1592 ][debug][gc,phases] GC(27)       Eager Reclaim (ms):            Min:  0.0, Avg:  0.0, Max:  0.0, Diff:  0.0, Sum:  0.0, Workers: 1
[2025-05-20T20:42:51.327+0300][22308][1592 ][debug][gc,phases] GC(27)       Merged Inline                  Min: 0, Avg:  0.0, Max: 0, Diff: 0, Sum: 0, Workers: 8
[2025-05-20T20:42:51.327+0300][22308][1592 ][debug][gc,phases] GC(27)       Merged ArrayOfCards            Min: 0, Avg:  0.0, Max: 0, Diff: 0, Sum: 0, Workers: 8
[2025-05-20T20:42:51.327+0300][22308][1592 ][debug][gc,phases] GC(27)       Merged Howl                    Min: 0, Avg:  0.0, Max: 0, Diff: 0, Sum: 0, Workers: 8
[2025-05-20T20:42:51.327+0300][22308][1592 ][debug][gc,phases] GC(27)       Merged Full                    Min: 0, Avg:  0.0, Max: 0, Diff: 0, Sum: 0, Workers: 8
[2025-05-20T20:42:51.327+0300][22308][1592 ][debug][gc,phases] GC(27)       Merged Howl Inline             Min: 0, Avg:  0.0, Max: 0, Diff: 0, Sum: 0, Workers: 8
[2025-05-20T20:42:51.327+0300][22308][1592 ][debug][gc,phases] GC(27)       Merged Howl ArrayOfCards       Min: 0, Avg:  0.0, Max: 0, Diff: 0, Sum: 0, Workers: 8
[2025-05-20T20:42:51.327+0300][22308][1592 ][debug][gc,phases] GC(27)       Merged Howl BitMap             Min: 0, Avg:  0.0, Max: 0, Diff: 0, Sum: 0, Workers: 8
[2025-05-20T20:42:51.327+0300][22308][1592 ][debug][gc,phases] GC(27)       Merged Howl Full               Min: 0, Avg:  0.0, Max: 0, Diff: 0, Sum: 0, Workers: 8
[2025-05-20T20:42:51.327+0300][22308][1592 ][debug][gc,phases] GC(27)       Merged Cards                   Min: 8, Avg:  9.0, Max: 16, Diff: 8, Sum: 72, Workers: 8
[2025-05-20T20:42:51.327+0300][22308][1592 ][debug][gc,phases] GC(27)     Log Buffers (ms):              Min:  0.0, Avg:  0.0, Max:  0.0, Diff:  0.0, Sum:  0.0, Workers: 8
[2025-05-20T20:42:51.327+0300][22308][1592 ][debug][gc,phases] GC(27)       Dirty Cards:                   Min: 0, Avg:  1.5, Max: 12, Diff: 12, Sum: 12, Workers: 8
[2025-05-20T20:42:51.327+0300][22308][1592 ][debug][gc,phases] GC(27)       Skipped Cards:                 Min: 0, Avg:  0.0, Max: 0, Diff: 0, Sum: 0, Workers: 8
[2025-05-20T20:42:51.327+0300][22308][1592 ][info ][gc,phases] GC(27)   Evacuate Collection Set: 0.4ms
[2025-05-20T20:42:51.327+0300][22308][1592 ][debug][gc,phases] GC(27)     Ext Root Scanning (ms):        Min:  0.0, Avg:  0.1, Max:  0.1, Diff:  0.0, Sum:  0.5, Workers: 8
[2025-05-20T20:42:51.327+0300][22308][1592 ][debug][gc,phases] GC(27)     Scan Heap Roots (ms):          Min:  0.0, Avg:  0.0, Max:  0.0, Diff:  0.0, Sum:  0.1, Workers: 8
[2025-05-20T20:42:51.327+0300][22308][1592 ][debug][gc,phases] GC(27)       Scanned Cards:                 Min: 0, Avg:  1.4, Max: 5, Diff: 5, Sum: 11, Workers: 8
[2025-05-20T20:42:51.327+0300][22308][1592 ][debug][gc,phases] GC(27)       Scanned Blocks:                Min: 0, Avg:  1.2, Max: 4, Diff: 4, Sum: 10, Workers: 8
[2025-05-20T20:42:51.327+0300][22308][1592 ][debug][gc,phases] GC(27)       Claimed Chunks:                Min: 0, Avg:  0.9, Max: 3, Diff: 3, Sum: 7, Workers: 8
[2025-05-20T20:42:51.327+0300][22308][1592 ][debug][gc,phases] GC(27)       Found Roots:                   Min: 0, Avg:  0.9, Max: 4, Diff: 4, Sum: 7, Workers: 8
[2025-05-20T20:42:51.327+0300][22308][1592 ][debug][gc,phases] GC(27)     Code Root Scan (ms):           Min:  0.1, Avg:  0.1, Max:  0.1, Diff:  0.0, Sum:  0.8, Workers: 8
[2025-05-20T20:42:51.327+0300][22308][1592 ][debug][gc,phases] GC(27)       Scanned Nmethods               Min: 0, Avg:  0.0, Max: 0, Diff: 0, Sum: 0, Workers: 8
[2025-05-20T20:42:51.327+0300][22308][1592 ][debug][gc,phases] GC(27)     Object Copy (ms):              Min:  0.1, Avg:  0.1, Max:  0.1, Diff:  0.0, Sum:  0.9, Workers: 8
[2025-05-20T20:42:51.327+0300][22308][1592 ][debug][gc,phases] GC(27)     Termination (ms):              Min:  0.0, Avg:  0.0, Max:  0.0, Diff:  0.0, Sum:  0.1, Workers: 8
[2025-05-20T20:42:51.327+0300][22308][1592 ][debug][gc,phases] GC(27)       Termination Attempts:          Min: 1, Avg:  1.0, Max: 1, Diff: 0, Sum: 8, Workers: 8
[2025-05-20T20:42:51.327+0300][22308][1592 ][debug][gc,phases] GC(27)     GC Worker Other (ms):          Min:  0.1, Avg:  0.1, Max:  0.1, Diff:  0.0, Sum:  0.8, Workers: 8
[2025-05-20T20:42:51.327+0300][22308][1592 ][debug][gc,phases] GC(27)     GC Worker Total (ms):          Min:  0.4, Avg:  0.4, Max:  0.4, Diff:  0.0, Sum:  3.1, Workers: 8
[2025-05-20T20:42:51.327+0300][22308][1592 ][info ][gc,phases] GC(27)   Post Evacuate Collection Set: 0.9ms
[2025-05-20T20:42:51.327+0300][22308][1592 ][debug][gc,phases] GC(27)     NMethod List Cleanup: 0.0ms
[2025-05-20T20:42:51.327+0300][22308][1592 ][debug][gc,phases] GC(27)     Reference Processing: 0.1ms
[2025-05-20T20:42:51.327+0300][22308][1592 ][debug][gc,phases] GC(27)     Weak Processing: 0.1ms
[2025-05-20T20:42:51.327+0300][22308][1592 ][debug][gc,phases] GC(27)       VM Weak                        Min:  0.0, Avg:  0.0, Max:  0.0, Diff:  0.0, Sum:  0.0, Workers: 8
[2025-05-20T20:42:51.327+0300][22308][1592 ][debug][gc,phases] GC(27)         Dead                           Min: 0, Avg:  0.0, Max: 0, Diff: 0, Sum: 0, Workers: 8
[2025-05-20T20:42:51.327+0300][22308][1592 ][debug][gc,phases] GC(27)         Total                          Min: 0, Avg: 15.4, Max: 123, Diff: 123, Sum: 123, Workers: 8
[2025-05-20T20:42:51.327+0300][22308][1592 ][debug][gc,phases] GC(27)       ObjectSynchronizer Weak        Min:  0.0, Avg:  0.0, Max:  0.0, Diff:  0.0, Sum:  0.0, Workers: 8
[2025-05-20T20:42:51.327+0300][22308][1592 ][debug][gc,phases] GC(27)         Dead                           Min: 0, Avg:  0.0, Max: 0, Diff: 0, Sum: 0, Workers: 8
[2025-05-20T20:42:51.327+0300][22308][1592 ][debug][gc,phases] GC(27)         Total                          Min: 0, Avg: 17.2, Max: 128, Diff: 128, Sum: 138, Workers: 8
[2025-05-20T20:42:51.327+0300][22308][1592 ][debug][gc,phases] GC(27)       JVMTI Tag Weak OopStorage      Min:  0.0, Avg:  0.0, Max:  0.0, Diff:  0.0, Sum:  0.0, Workers: 8
[2025-05-20T20:42:51.327+0300][22308][1592 ][debug][gc,phases] GC(27)         Dead                           Min: 0, Avg:  0.0, Max: 0, Diff: 0, Sum: 0, Workers: 8
[2025-05-20T20:42:51.327+0300][22308][1592 ][debug][gc,phases] GC(27)         Total                          Min: 0, Avg:  0.0, Max: 0, Diff: 0, Sum: 0, Workers: 8
[2025-05-20T20:42:51.327+0300][22308][1592 ][debug][gc,phases] GC(27)       StringTable Weak               Min:  0.0, Avg:  0.0, Max:  0.0, Diff:  0.0, Sum:  0.1, Workers: 8
[2025-05-20T20:42:51.327+0300][22308][1592 ][debug][gc,phases] GC(27)         Dead                           Min: 0, Avg:  0.0, Max: 0, Diff: 0, Sum: 0, Workers: 8
[2025-05-20T20:42:51.327+0300][22308][1592 ][debug][gc,phases] GC(27)         Total                          Min: 704, Avg: 785.2, Max: 832, Diff: 128, Sum: 6282, Workers: 8
[2025-05-20T20:42:51.327+0300][22308][1592 ][debug][gc,phases] GC(27)       ResolvedMethodTable Weak       Min:  0.0, Avg:  0.0, Max:  0.0, Diff:  0.0, Sum:  0.0, Workers: 8
[2025-05-20T20:42:51.327+0300][22308][1592 ][debug][gc,phases] GC(27)         Dead                           Min: 0, Avg:  0.0, Max: 0, Diff: 0, Sum: 0, Workers: 8
[2025-05-20T20:42:51.327+0300][22308][1592 ][debug][gc,phases] GC(27)         Total                          Min: 64, Avg: 111.4, Max: 128, Diff: 64, Sum: 891, Workers: 8
[2025-05-20T20:42:51.327+0300][22308][1592 ][debug][gc,phases] GC(27)       JNI Weak                       Min:  0.0, Avg:  0.0, Max:  0.0, Diff:  0.0, Sum:  0.0, Workers: 8
[2025-05-20T20:42:51.327+0300][22308][1592 ][debug][gc,phases] GC(27)         Dead                           Min: 0, Avg:  0.0, Max: 0, Diff: 0, Sum: 0, Workers: 8
[2025-05-20T20:42:51.327+0300][22308][1592 ][debug][gc,phases] GC(27)         Total                          Min: 0, Avg:  0.0, Max: 0, Diff: 0, Sum: 0, Workers: 8
[2025-05-20T20:42:51.327+0300][22308][1592 ][debug][gc,phases] GC(27)       StringDedup Table Weak         Min:  0.0, Avg:  0.0, Max:  0.0, Diff:  0.0, Sum:  0.0, Workers: 8
[2025-05-20T20:42:51.327+0300][22308][1592 ][debug][gc,phases] GC(27)         Dead                           Min: 0, Avg:  0.0, Max: 0, Diff: 0, Sum: 0, Workers: 8
[2025-05-20T20:42:51.327+0300][22308][1592 ][debug][gc,phases] GC(27)         Total                          Min: 0, Avg:  0.0, Max: 0, Diff: 0, Sum: 0, Workers: 8
[2025-05-20T20:42:51.327+0300][22308][1592 ][debug][gc,phases] GC(27)       StringDedup Requests0 Weak     Min:  0.0, Avg:  0.0, Max:  0.0, Diff:  0.0, Sum:  0.0, Workers: 8
[2025-05-20T20:42:51.327+0300][22308][1592 ][debug][gc,phases] GC(27)         Dead                           Min: 0, Avg:  0.0, Max: 0, Diff: 0, Sum: 0, Workers: 8
[2025-05-20T20:42:51.327+0300][22308][1592 ][debug][gc,phases] GC(27)         Total                          Min: 0, Avg:  0.0, Max: 0, Diff: 0, Sum: 0, Workers: 8
[2025-05-20T20:42:51.327+0300][22308][1592 ][debug][gc,phases] GC(27)       StringDedup Requests1 Weak     Min:  0.0, Avg:  0.0, Max:  0.0, Diff:  0.0, Sum:  0.0, Workers: 8
[2025-05-20T20:42:51.327+0300][22308][1592 ][debug][gc,phases] GC(27)         Dead                           Min: 0, Avg:  0.0, Max: 0, Diff: 0, Sum: 0, Workers: 8
[2025-05-20T20:42:51.327+0300][22308][1592 ][debug][gc,phases] GC(27)         Total                          Min: 0, Avg:  0.0, Max: 0, Diff: 0, Sum: 0, Workers: 8
[2025-05-20T20:42:51.327+0300][22308][1592 ][debug][gc,phases] GC(27)       Weak JFR Old Object Samples    Min:  0.0, Avg:  0.0, Max:  0.0, Diff:  0.0, Sum:  0.0, Workers: 8
[2025-05-20T20:42:51.327+0300][22308][1592 ][debug][gc,phases] GC(27)         Dead                           Min: 0, Avg:  0.0, Max: 0, Diff: 0, Sum: 0, Workers: 8
[2025-05-20T20:42:51.327+0300][22308][1592 ][debug][gc,phases] GC(27)         Total                          Min: 0, Avg:  0.0, Max: 0, Diff: 0, Sum: 0, Workers: 8
[2025-05-20T20:42:51.327+0300][22308][1592 ][debug][gc,phases] GC(27)     Post Evacuate Cleanup 1: 0.4ms
[2025-05-20T20:42:51.327+0300][22308][1592 ][debug][gc,phases] GC(27)       Merge Per-Thread State (ms):   Min:  0.0, Avg:  0.0, Max:  0.0, Diff:  0.0, Sum:  0.0, Workers: 1
[2025-05-20T20:42:51.327+0300][22308][1592 ][debug][gc,phases] GC(27)         Copied Bytes                   Min: 61728, Avg: 90346.0, Max: 110896, Diff: 49168, Sum: 722768, Workers: 8
[2025-05-20T20:42:51.327+0300][22308][1592 ][debug][gc,phases] GC(27)         LAB Waste                      Min: 88, Avg: 159.0, Max: 288, Diff: 200, Sum: 1272, Workers: 8
[2025-05-20T20:42:51.327+0300][22308][1592 ][debug][gc,phases] GC(27)         LAB Undo Waste                 Min: 0, Avg:  0.0, Max: 0, Diff: 0, Sum: 0, Workers: 8
[2025-05-20T20:42:51.327+0300][22308][1592 ][debug][gc,phases] GC(27)       Clear Logged Cards (ms):       Min:  0.0, Avg:  0.2, Max:  0.3, Diff:  0.3, Sum:  1.3, Workers: 7
[2025-05-20T20:42:51.327+0300][22308][1592 ][debug][gc,phases] GC(27)       Recalculate Used Memory (ms):  Min:  0.0, Avg:  0.0, Max:  0.0, Diff:  0.0, Sum:  0.0, Workers: 1
[2025-05-20T20:42:51.327+0300][22308][1592 ][debug][gc,phases] GC(27)     Post Evacuate Cleanup 2: 0.3ms
[2025-05-20T20:42:51.327+0300][22308][1592 ][debug][gc,phases] GC(27)       Update Derived Pointers (ms):  Min:  0.0, Avg:  0.0, Max:  0.0, Diff:  0.0, Sum:  0.0, Workers: 1
[2025-05-20T20:42:51.327+0300][22308][1592 ][debug][gc,phases] GC(27)       Eagerly Reclaim Humongous Objects (ms): Min:  0.0, Avg:  0.0, Max:  0.0, Diff:  0.0, Sum:  0.0, Workers: 1
[2025-05-20T20:42:51.327+0300][22308][1592 ][debug][gc,phases] GC(27)         Humongous Total                Min: 6, Avg:  6.0, Max: 6, Diff: 0, Sum: 6, Workers: 1
[2025-05-20T20:42:51.327+0300][22308][1592 ][debug][gc,phases] GC(27)         Humongous Candidates           Min: 3, Avg:  3.0, Max: 3, Diff: 0, Sum: 3, Workers: 1
[2025-05-20T20:42:51.327+0300][22308][1592 ][debug][gc,phases] GC(27)         Humongous Reclaimed            Min: 0, Avg:  0.0, Max: 0, Diff: 0, Sum: 0, Workers: 1
[2025-05-20T20:42:51.327+0300][22308][1592 ][debug][gc,phases] GC(27)       Redirty Logged Cards (ms):     Min:  0.0, Avg:  0.0, Max:  0.0, Diff:  0.0, Sum:  0.0, Workers: 8
[2025-05-20T20:42:51.327+0300][22308][1592 ][debug][gc,phases] GC(27)         Redirtied Cards:               Min: 0, Avg:  0.9, Max: 4, Diff: 4, Sum: 7, Workers: 8
[2025-05-20T20:42:51.327+0300][22308][1592 ][debug][gc,phases] GC(27)       Resize TLABs (ms):             Min:  0.0, Avg:  0.0, Max:  0.0, Diff:  0.0, Sum:  0.0, Workers: 8
[2025-05-20T20:42:51.327+0300][22308][1592 ][debug][gc,phases] GC(27)       Free Collection Set (ms):      Min:  0.2, Avg:  0.3, Max:  0.3, Diff:  0.0, Sum:  2.0, Workers: 8
[2025-05-20T20:42:51.327+0300][22308][1592 ][debug][gc,phases] GC(27)     Rebuild Free List: 0.1ms
[2025-05-20T20:42:51.327+0300][22308][1592 ][debug][gc,phases] GC(27)     Prepare For Mutator: 0.0ms
[2025-05-20T20:42:51.327+0300][22308][1592 ][debug][gc,phases] GC(27)     Expand Heap After Collection: 0.0ms
[2025-05-20T20:42:51.327+0300][22308][1592 ][info ][gc,phases] GC(27)   Other: 0.1ms
[2025-05-20T20:42:51.327+0300][22308][1592 ][info ][gc,heap  ] GC(27) Eden regions: 1227->0(1227)
[2025-05-20T20:42:51.327+0300][22308][1592 ][info ][gc,heap  ] GC(27) Survivor regions: 1->1(154)
[2025-05-20T20:42:51.327+0300][22308][1592 ][info ][gc,heap  ] GC(27) Old regions: 8->8
[2025-05-20T20:42:51.327+0300][22308][1592 ][info ][gc,heap  ] GC(27) Humongous regions: 12->12
[2025-05-20T20:42:51.327+0300][22308][1592 ][debug][gc,heap  ] GC(27) Heap after GC invocations=28 (full 3):
[2025-05-20T20:42:51.327+0300][22308][1592 ][debug][gc,heap  ] GC(27)  garbage-first heap   total 4194304K, used 29060K [0x0000000700000000, 0x0000000800000000)
[2025-05-20T20:42:51.327+0300][22308][1592 ][debug][gc,heap  ] GC(27)   region size 2048K, 1 young (2048K), 1 survivors (2048K)
[2025-05-20T20:42:51.327+0300][22308][1592 ][debug][gc,heap  ] GC(27)  Metaspace       used 8738K, committed 9792K, reserved 1114112K
[2025-05-20T20:42:51.327+0300][22308][1592 ][debug][gc,heap  ] GC(27)   class space    used 874K, committed 1280K, reserved 1048576K
[2025-05-20T20:42:51.327+0300][22308][1592 ][info ][gc       ] GC(27) Pause Young (Normal) (G1 Evacuation Pause) 2482M->28M(4096M) 3.690ms
[2025-05-20T20:42:51.327+0300][22308][1592 ][info ][safepoint] Safepoint "G1CollectForAllocation", Time since last: 783137100 ns, Reaching safepoint: 346500 ns, Cleanup: 18500 ns, At safepoint: 3747100 ns, Total: 4112100 ns
[2025-05-20T20:42:52.113+0300][22308][1592 ][debug][safepoint] Safepoint synchronization initiated using striped semaphore wait barrier. (19 threads)
[2025-05-20T20:42:52.113+0300][22308][3648 ][debug][safepoint] ... found polling page loop exception at pc = 0x0000017962fa79fd, stub =0x0000017962996600
[2025-05-20T20:42:52.113+0300][22308][19148][debug][safepoint] ... found polling page loop exception at pc = 0x0000017962f97760, stub =0x0000017962995d80
[2025-05-20T20:42:52.113+0300][22308][2536 ][debug][safepoint] ... found polling page loop exception at pc = 0x0000017962fa2ba2, stub =0x0000017962996600
[2025-05-20T20:42:52.113+0300][22308][3444 ][debug][safepoint] ... found polling page loop exception at pc = 0x00000179630d5354, stub =0x0000017962996600
[2025-05-20T20:42:52.113+0300][22308][1592 ][debug][gc,heap  ] GC(28) Heap before GC invocations=28 (full 3):
[2025-05-20T20:42:52.113+0300][22308][1592 ][debug][gc,heap  ] GC(28)  garbage-first heap   total 4194304K, used 2541956K [0x0000000700000000, 0x0000000800000000)
[2025-05-20T20:42:52.113+0300][22308][1592 ][debug][gc,heap  ] GC(28)   region size 2048K, 1228 young (2514944K), 1 survivors (2048K)
[2025-05-20T20:42:52.113+0300][22308][1592 ][debug][gc,heap  ] GC(28)  Metaspace       used 8738K, committed 9792K, reserved 1114112K
[2025-05-20T20:42:52.113+0300][22308][1592 ][debug][gc,heap  ] GC(28)   class space    used 874K, committed 1280K, reserved 1048576K
[2025-05-20T20:42:52.113+0300][22308][1592 ][info ][gc,phases] GC(28)   Pre Evacuate Collection Set: 0.3ms
[2025-05-20T20:42:52.113+0300][22308][1592 ][debug][gc,phases] GC(28)     Pre Evacuate Prepare: 0.1ms
[2025-05-20T20:42:52.113+0300][22308][1592 ][debug][gc,phases] GC(28)       JT Retire TLABs And Flush Logs (ms): Min:  0.0, Avg:  0.0, Max:  0.0, Diff:  0.0, Sum:  0.0, Workers: 2
[2025-05-20T20:42:52.113+0300][22308][1592 ][debug][gc,phases] GC(28)       Non-JT Flush Logs (ms):        Min:  0.0, Avg:  0.0, Max:  0.0, Diff:  0.0, Sum:  0.0, Workers: 1
[2025-05-20T20:42:52.113+0300][22308][1592 ][debug][gc,phases] GC(28)     Choose Collection Set: 0.0ms
[2025-05-20T20:42:52.113+0300][22308][1592 ][debug][gc,phases] GC(28)     Region Register: 0.2ms
[2025-05-20T20:42:52.113+0300][22308][1592 ][debug][gc,phases] GC(28)     Prepare Heap Roots: 0.0ms
[2025-05-20T20:42:52.113+0300][22308][1592 ][info ][gc,phases] GC(28)   Merge Heap Roots: 0.2ms
[2025-05-20T20:42:52.113+0300][22308][1592 ][debug][gc,phases] GC(28)     Prepare Merge Heap Roots: 0.0ms
[2025-05-20T20:42:52.113+0300][22308][1592 ][debug][gc,phases] GC(28)     Remembered Sets (ms):          Min:  0.1, Avg:  0.1, Max:  0.1, Diff:  0.0, Sum:  0.9, Workers: 8
[2025-05-20T20:42:52.113+0300][22308][1592 ][debug][gc,phases] GC(28)       Eager Reclaim (ms):            Min:  0.0, Avg:  0.0, Max:  0.0, Diff:  0.0, Sum:  0.0, Workers: 1
[2025-05-20T20:42:52.113+0300][22308][1592 ][debug][gc,phases] GC(28)       Merged Inline                  Min: 0, Avg:  0.0, Max: 0, Diff: 0, Sum: 0, Workers: 8
[2025-05-20T20:42:52.113+0300][22308][1592 ][debug][gc,phases] GC(28)       Merged ArrayOfCards            Min: 0, Avg:  0.0, Max: 0, Diff: 0, Sum: 0, Workers: 8
[2025-05-20T20:42:52.113+0300][22308][1592 ][debug][gc,phases] GC(28)       Merged Howl                    Min: 0, Avg:  0.0, Max: 0, Diff: 0, Sum: 0, Workers: 8
[2025-05-20T20:42:52.113+0300][22308][1592 ][debug][gc,phases] GC(28)       Merged Full                    Min: 0, Avg:  0.0, Max: 0, Diff: 0, Sum: 0, Workers: 8
[2025-05-20T20:42:52.113+0300][22308][1592 ][debug][gc,phases] GC(28)       Merged Howl Inline             Min: 0, Avg:  0.0, Max: 0, Diff: 0, Sum: 0, Workers: 8
[2025-05-20T20:42:52.113+0300][22308][1592 ][debug][gc,phases] GC(28)       Merged Howl ArrayOfCards       Min: 0, Avg:  0.0, Max: 0, Diff: 0, Sum: 0, Workers: 8
[2025-05-20T20:42:52.113+0300][22308][1592 ][debug][gc,phases] GC(28)       Merged Howl BitMap             Min: 0, Avg:  0.0, Max: 0, Diff: 0, Sum: 0, Workers: 8
[2025-05-20T20:42:52.113+0300][22308][1592 ][debug][gc,phases] GC(28)       Merged Howl Full               Min: 0, Avg:  0.0, Max: 0, Diff: 0, Sum: 0, Workers: 8
[2025-05-20T20:42:52.113+0300][22308][1592 ][debug][gc,phases] GC(28)       Merged Cards                   Min: 8, Avg:  9.0, Max: 16, Diff: 8, Sum: 72, Workers: 8
[2025-05-20T20:42:52.113+0300][22308][1592 ][debug][gc,phases] GC(28)     Log Buffers (ms):              Min:  0.0, Avg:  0.0, Max:  0.0, Diff:  0.0, Sum:  0.0, Workers: 8
[2025-05-20T20:42:52.113+0300][22308][1592 ][debug][gc,phases] GC(28)       Dirty Cards:                   Min: 0, Avg:  1.9, Max: 12, Diff: 12, Sum: 15, Workers: 8
[2025-05-20T20:42:52.113+0300][22308][1592 ][debug][gc,phases] GC(28)       Skipped Cards:                 Min: 0, Avg:  0.0, Max: 0, Diff: 0, Sum: 0, Workers: 8
[2025-05-20T20:42:52.113+0300][22308][1592 ][info ][gc,phases] GC(28)   Evacuate Collection Set: 0.4ms
[2025-05-20T20:42:52.113+0300][22308][1592 ][debug][gc,phases] GC(28)     Ext Root Scanning (ms):        Min:  0.1, Avg:  0.1, Max:  0.1, Diff:  0.0, Sum:  0.5, Workers: 8
[2025-05-20T20:42:52.113+0300][22308][1592 ][debug][gc,phases] GC(28)     Scan Heap Roots (ms):          Min:  0.0, Avg:  0.0, Max:  0.0, Diff:  0.0, Sum:  0.1, Workers: 8
[2025-05-20T20:42:52.113+0300][22308][1592 ][debug][gc,phases] GC(28)       Scanned Cards:                 Min: 0, Avg:  1.9, Max: 4, Diff: 4, Sum: 15, Workers: 8
[2025-05-20T20:42:52.113+0300][22308][1592 ][debug][gc,phases] GC(28)       Scanned Blocks:                Min: 0, Avg:  1.8, Max: 4, Diff: 4, Sum: 14, Workers: 8
[2025-05-20T20:42:52.113+0300][22308][1592 ][debug][gc,phases] GC(28)       Claimed Chunks:                Min: 0, Avg:  1.1, Max: 2, Diff: 2, Sum: 9, Workers: 8
[2025-05-20T20:42:52.113+0300][22308][1592 ][debug][gc,phases] GC(28)       Found Roots:                   Min: 0, Avg:  2.2, Max: 8, Diff: 8, Sum: 18, Workers: 8
[2025-05-20T20:42:52.113+0300][22308][1592 ][debug][gc,phases] GC(28)     Code Root Scan (ms):           Min:  0.1, Avg:  0.1, Max:  0.1, Diff:  0.0, Sum:  0.8, Workers: 8
[2025-05-20T20:42:52.113+0300][22308][1592 ][debug][gc,phases] GC(28)       Scanned Nmethods               Min: 0, Avg:  0.0, Max: 0, Diff: 0, Sum: 0, Workers: 8
[2025-05-20T20:42:52.113+0300][22308][1592 ][debug][gc,phases] GC(28)     Object Copy (ms):              Min:  0.1, Avg:  0.1, Max:  0.1, Diff:  0.0, Sum:  0.8, Workers: 8
[2025-05-20T20:42:52.113+0300][22308][1592 ][debug][gc,phases] GC(28)     Termination (ms):              Min:  0.0, Avg:  0.0, Max:  0.0, Diff:  0.0, Sum:  0.1, Workers: 8
[2025-05-20T20:42:52.113+0300][22308][1592 ][debug][gc,phases] GC(28)       Termination Attempts:          Min: 1, Avg:  1.0, Max: 1, Diff: 0, Sum: 8, Workers: 8
[2025-05-20T20:42:52.113+0300][22308][1592 ][debug][gc,phases] GC(28)     GC Worker Other (ms):          Min:  0.1, Avg:  0.1, Max:  0.1, Diff:  0.0, Sum:  0.8, Workers: 8
[2025-05-20T20:42:52.113+0300][22308][1592 ][debug][gc,phases] GC(28)     GC Worker Total (ms):          Min:  0.4, Avg:  0.4, Max:  0.4, Diff:  0.0, Sum:  3.0, Workers: 8
[2025-05-20T20:42:52.113+0300][22308][1592 ][info ][gc,phases] GC(28)   Post Evacuate Collection Set: 0.9ms
[2025-05-20T20:42:52.113+0300][22308][1592 ][debug][gc,phases] GC(28)     NMethod List Cleanup: 0.0ms
[2025-05-20T20:42:52.113+0300][22308][1592 ][debug][gc,phases] GC(28)     Reference Processing: 0.1ms
[2025-05-20T20:42:52.113+0300][22308][1592 ][debug][gc,phases] GC(28)     Weak Processing: 0.1ms
[2025-05-20T20:42:52.113+0300][22308][1592 ][debug][gc,phases] GC(28)       VM Weak                        Min:  0.0, Avg:  0.0, Max:  0.0, Diff:  0.0, Sum:  0.0, Workers: 8
[2025-05-20T20:42:52.113+0300][22308][1592 ][debug][gc,phases] GC(28)         Dead                           Min: 0, Avg:  0.0, Max: 0, Diff: 0, Sum: 0, Workers: 8
[2025-05-20T20:42:52.113+0300][22308][1592 ][debug][gc,phases] GC(28)         Total                          Min: 0, Avg: 15.4, Max: 74, Diff: 74, Sum: 123, Workers: 8
[2025-05-20T20:42:52.113+0300][22308][1592 ][debug][gc,phases] GC(28)       ObjectSynchronizer Weak        Min:  0.0, Avg:  0.0, Max:  0.0, Diff:  0.0, Sum:  0.0, Workers: 8
[2025-05-20T20:42:52.113+0300][22308][1592 ][debug][gc,phases] GC(28)         Dead                           Min: 0, Avg:  0.0, Max: 0, Diff: 0, Sum: 0, Workers: 8
[2025-05-20T20:42:52.113+0300][22308][1592 ][debug][gc,phases] GC(28)         Total                          Min: 0, Avg: 17.2, Max: 64, Diff: 64, Sum: 138, Workers: 8
[2025-05-20T20:42:52.113+0300][22308][1592 ][debug][gc,phases] GC(28)       JVMTI Tag Weak OopStorage      Min:  0.0, Avg:  0.0, Max:  0.0, Diff:  0.0, Sum:  0.0, Workers: 8
[2025-05-20T20:42:52.113+0300][22308][1592 ][debug][gc,phases] GC(28)         Dead                           Min: 0, Avg:  0.0, Max: 0, Diff: 0, Sum: 0, Workers: 8
[2025-05-20T20:42:52.113+0300][22308][1592 ][debug][gc,phases] GC(28)         Total                          Min: 0, Avg:  0.0, Max: 0, Diff: 0, Sum: 0, Workers: 8
[2025-05-20T20:42:52.113+0300][22308][1592 ][debug][gc,phases] GC(28)       StringTable Weak               Min:  0.0, Avg:  0.0, Max:  0.0, Diff:  0.0, Sum:  0.1, Workers: 8
[2025-05-20T20:42:52.113+0300][22308][1592 ][debug][gc,phases] GC(28)         Dead                           Min: 0, Avg:  0.0, Max: 0, Diff: 0, Sum: 0, Workers: 8
[2025-05-20T20:42:52.113+0300][22308][1592 ][debug][gc,phases] GC(28)         Total                          Min: 576, Avg: 786.6, Max: 1024, Diff: 448, Sum: 6293, Workers: 8
[2025-05-20T20:42:52.113+0300][22308][1592 ][debug][gc,phases] GC(28)       ResolvedMethodTable Weak       Min:  0.0, Avg:  0.0, Max:  0.0, Diff:  0.0, Sum:  0.0, Workers: 8
[2025-05-20T20:42:52.113+0300][22308][1592 ][debug][gc,phases] GC(28)         Dead                           Min: 0, Avg:  0.0, Max: 0, Diff: 0, Sum: 0, Workers: 8
[2025-05-20T20:42:52.113+0300][22308][1592 ][debug][gc,phases] GC(28)         Total                          Min: 61, Avg: 111.4, Max: 192, Diff: 131, Sum: 891, Workers: 8
[2025-05-20T20:42:52.113+0300][22308][1592 ][debug][gc,phases] GC(28)       JNI Weak                       Min:  0.0, Avg:  0.0, Max:  0.0, Diff:  0.0, Sum:  0.0, Workers: 8
[2025-05-20T20:42:52.113+0300][22308][1592 ][debug][gc,phases] GC(28)         Dead                           Min: 0, Avg:  0.0, Max: 0, Diff: 0, Sum: 0, Workers: 8
[2025-05-20T20:42:52.113+0300][22308][1592 ][debug][gc,phases] GC(28)         Total                          Min: 0, Avg:  0.0, Max: 0, Diff: 0, Sum: 0, Workers: 8
[2025-05-20T20:42:52.113+0300][22308][1592 ][debug][gc,phases] GC(28)       StringDedup Table Weak         Min:  0.0, Avg:  0.0, Max:  0.0, Diff:  0.0, Sum:  0.0, Workers: 8
[2025-05-20T20:42:52.113+0300][22308][1592 ][debug][gc,phases] GC(28)         Dead                           Min: 0, Avg:  0.0, Max: 0, Diff: 0, Sum: 0, Workers: 8
[2025-05-20T20:42:52.113+0300][22308][1592 ][debug][gc,phases] GC(28)         Total                          Min: 0, Avg:  0.0, Max: 0, Diff: 0, Sum: 0, Workers: 8
[2025-05-20T20:42:52.113+0300][22308][1592 ][debug][gc,phases] GC(28)       StringDedup Requests0 Weak     Min:  0.0, Avg:  0.0, Max:  0.0, Diff:  0.0, Sum:  0.0, Workers: 8
[2025-05-20T20:42:52.113+0300][22308][1592 ][debug][gc,phases] GC(28)         Dead                           Min: 0, Avg:  0.0, Max: 0, Diff: 0, Sum: 0, Workers: 8
[2025-05-20T20:42:52.113+0300][22308][1592 ][debug][gc,phases] GC(28)         Total                          Min: 0, Avg:  0.0, Max: 0, Diff: 0, Sum: 0, Workers: 8
[2025-05-20T20:42:52.113+0300][22308][1592 ][debug][gc,phases] GC(28)       StringDedup Requests1 Weak     Min:  0.0, Avg:  0.0, Max:  0.0, Diff:  0.0, Sum:  0.0, Workers: 8
[2025-05-20T20:42:52.113+0300][22308][1592 ][debug][gc,phases] GC(28)         Dead                           Min: 0, Avg:  0.0, Max: 0, Diff: 0, Sum: 0, Workers: 8
[2025-05-20T20:42:52.113+0300][22308][1592 ][debug][gc,phases] GC(28)         Total                          Min: 0, Avg:  0.0, Max: 0, Diff: 0, Sum: 0, Workers: 8
[2025-05-20T20:42:52.113+0300][22308][1592 ][debug][gc,phases] GC(28)       Weak JFR Old Object Samples    Min:  0.0, Avg:  0.0, Max:  0.0, Diff:  0.0, Sum:  0.0, Workers: 8
[2025-05-20T20:42:52.113+0300][22308][1592 ][debug][gc,phases] GC(28)         Dead                           Min: 0, Avg:  0.0, Max: 0, Diff: 0, Sum: 0, Workers: 8
[2025-05-20T20:42:52.113+0300][22308][1592 ][debug][gc,phases] GC(28)         Total                          Min: 0, Avg:  0.0, Max: 0, Diff: 0, Sum: 0, Workers: 8
[2025-05-20T20:42:52.113+0300][22308][1592 ][debug][gc,phases] GC(28)     Post Evacuate Cleanup 1: 0.4ms
[2025-05-20T20:42:52.113+0300][22308][1592 ][debug][gc,phases] GC(28)       Merge Per-Thread State (ms):   Min:  0.1, Avg:  0.1, Max:  0.1, Diff:  0.0, Sum:  0.1, Workers: 1
[2025-05-20T20:42:52.113+0300][22308][1592 ][debug][gc,phases] GC(28)         Copied Bytes                   Min: 68696, Avg: 86875.0, Max: 114528, Diff: 45832, Sum: 695000, Workers: 8
[2025-05-20T20:42:52.113+0300][22308][1592 ][debug][gc,phases] GC(28)         LAB Waste                      Min: 40, Avg: 151.0, Max: 320, Diff: 280, Sum: 1208, Workers: 8
[2025-05-20T20:42:52.113+0300][22308][1592 ][debug][gc,phases] GC(28)         LAB Undo Waste                 Min: 0, Avg:  0.0, Max: 0, Diff: 0, Sum: 0, Workers: 8
[2025-05-20T20:42:52.113+0300][22308][1592 ][debug][gc,phases] GC(28)       Clear Logged Cards (ms):       Min:  0.0, Avg:  0.2, Max:  0.3, Diff:  0.3, Sum:  1.3, Workers: 7
[2025-05-20T20:42:52.113+0300][22308][1592 ][debug][gc,phases] GC(28)       Recalculate Used Memory (ms):  Min:  0.0, Avg:  0.0, Max:  0.0, Diff:  0.0, Sum:  0.0, Workers: 1
[2025-05-20T20:42:52.113+0300][22308][1592 ][debug][gc,phases] GC(28)     Post Evacuate Cleanup 2: 0.3ms
[2025-05-20T20:42:52.113+0300][22308][1592 ][debug][gc,phases] GC(28)       Update Derived Pointers (ms):  Min:  0.0, Avg:  0.0, Max:  0.0, Diff:  0.0, Sum:  0.0, Workers: 1
[2025-05-20T20:42:52.113+0300][22308][1592 ][debug][gc,phases] GC(28)       Eagerly Reclaim Humongous Objects (ms): Min:  0.0, Avg:  0.0, Max:  0.0, Diff:  0.0, Sum:  0.0, Workers: 1
[2025-05-20T20:42:52.113+0300][22308][1592 ][debug][gc,phases] GC(28)         Humongous Total                Min: 6, Avg:  6.0, Max: 6, Diff: 0, Sum: 6, Workers: 1
[2025-05-20T20:42:52.113+0300][22308][1592 ][debug][gc,phases] GC(28)         Humongous Candidates           Min: 3, Avg:  3.0, Max: 3, Diff: 0, Sum: 3, Workers: 1
[2025-05-20T20:42:52.113+0300][22308][1592 ][debug][gc,phases] GC(28)         Humongous Reclaimed            Min: 0, Avg:  0.0, Max: 0, Diff: 0, Sum: 0, Workers: 1
[2025-05-20T20:42:52.113+0300][22308][1592 ][debug][gc,phases] GC(28)       Redirty Logged Cards (ms):     Min:  0.0, Avg:  0.0, Max:  0.0, Diff:  0.0, Sum:  0.0, Workers: 8
[2025-05-20T20:42:52.113+0300][22308][1592 ][debug][gc,phases] GC(28)         Redirtied Cards:               Min: 0, Avg:  1.4, Max: 11, Diff: 11, Sum: 11, Workers: 8
[2025-05-20T20:42:52.113+0300][22308][1592 ][debug][gc,phases] GC(28)       Resize TLABs (ms):             Min:  0.0, Avg:  0.0, Max:  0.0, Diff:  0.0, Sum:  0.0, Workers: 8
[2025-05-20T20:42:52.113+0300][22308][1592 ][debug][gc,phases] GC(28)       Free Collection Set (ms):      Min:  0.2, Avg:  0.3, Max:  0.3, Diff:  0.0, Sum:  2.0, Workers: 8
[2025-05-20T20:42:52.113+0300][22308][1592 ][debug][gc,phases] GC(28)     Rebuild Free List: 0.1ms
[2025-05-20T20:42:52.113+0300][22308][1592 ][debug][gc,phases] GC(28)     Prepare For Mutator: 0.0ms
[2025-05-20T20:42:52.113+0300][22308][1592 ][debug][gc,phases] GC(28)     Expand Heap After Collection: 0.0ms
[2025-05-20T20:42:52.113+0300][22308][1592 ][info ][gc,phases] GC(28)   Other: 0.1ms
[2025-05-20T20:42:52.113+0300][22308][1592 ][info ][gc,heap  ] GC(28) Eden regions: 1227->0(1227)
[2025-05-20T20:42:52.113+0300][22308][1592 ][info ][gc,heap  ] GC(28) Survivor regions: 1->1(154)
[2025-05-20T20:42:52.113+0300][22308][1592 ][info ][gc,heap  ] GC(28) Old regions: 8->8
[2025-05-20T20:42:52.113+0300][22308][1592 ][info ][gc,heap  ] GC(28) Humongous regions: 12->12
[2025-05-20T20:42:52.113+0300][22308][1592 ][debug][gc,heap  ] GC(28) Heap after GC invocations=29 (full 3):
[2025-05-20T20:42:52.113+0300][22308][1592 ][debug][gc,heap  ] GC(28)  garbage-first heap   total 4194304K, used 29031K [0x0000000700000000, 0x0000000800000000)
[2025-05-20T20:42:52.113+0300][22308][1592 ][debug][gc,heap  ] GC(28)   region size 2048K, 1 young (2048K), 1 survivors (2048K)
[2025-05-20T20:42:52.113+0300][22308][1592 ][debug][gc,heap  ] GC(28)  Metaspace       used 8738K, committed 9792K, reserved 1114112K
[2025-05-20T20:42:52.113+0300][22308][1592 ][debug][gc,heap  ] GC(28)   class space    used 874K, committed 1280K, reserved 1048576K
[2025-05-20T20:42:52.113+0300][22308][1592 ][info ][gc       ] GC(28) Pause Young (Normal) (G1 Evacuation Pause) 2482M->28M(4096M) 3.571ms
[2025-05-20T20:42:52.113+0300][22308][1592 ][info ][safepoint] Safepoint "G1CollectForAllocation", Time since last: 781847300 ns, Reaching safepoint: 309300 ns, Cleanup: 11100 ns, At safepoint: 3628200 ns, Total: 3948600 ns
[2025-05-20T20:42:53.119+0300][22308][1592 ][debug][safepoint] Safepoint synchronization initiated using striped semaphore wait barrier. (19 threads)
[2025-05-20T20:42:53.119+0300][22308][19148][debug][safepoint] ... found polling page loop exception at pc = 0x0000017962f97760, stub =0x0000017962995d80
[2025-05-20T20:42:53.119+0300][22308][3648 ][debug][safepoint] ... found polling page loop exception at pc = 0x0000017962f97760, stub =0x0000017962995d80
[2025-05-20T20:42:53.119+0300][22308][5864 ][debug][safepoint] ... found polling page loop exception at pc = 0x0000017962f97760, stub =0x0000017962995d80
[2025-05-20T20:42:53.119+0300][22308][3444 ][debug][safepoint] ... found polling page loop exception at pc = 0x0000017962f97760, stub =0x0000017962995d80
[2025-05-20T20:42:53.119+0300][22308][5180 ][debug][safepoint] ... found polling page loop exception at pc = 0x0000017962f97760, stub =0x0000017962995d80
[2025-05-20T20:42:53.119+0300][22308][15520][debug][safepoint] ... found polling page loop exception at pc = 0x000001796319c52c, stub =0x0000017962995d80
[2025-05-20T20:42:53.119+0300][22308][16160][debug][safepoint] ... found polling page loop exception at pc = 0x0000017962f97760, stub =0x0000017962995d80
[2025-05-20T20:42:53.119+0300][22308][2536 ][debug][safepoint] ... found polling page loop exception at pc = 0x0000017962f97760, stub =0x0000017962995d80
[2025-05-20T20:42:53.119+0300][22308][1592 ][info ][safepoint] Safepoint "Cleanup", Time since last: 1001578300 ns, Reaching safepoint: 433000 ns, Cleanup: 26100 ns, At safepoint: 21500 ns, Total: 480600 ns
[2025-05-20T20:42:53.262+0300][22308][1592 ][debug][safepoint] Safepoint synchronization initiated using striped semaphore wait barrier. (19 threads)
[2025-05-20T20:42:53.262+0300][22308][3648 ][debug][safepoint] ... found polling page loop exception at pc = 0x0000017962f97760, stub =0x0000017962995d80
[2025-05-20T20:42:53.262+0300][22308][15520][debug][safepoint] ... found polling page loop exception at pc = 0x0000017962f97760, stub =0x0000017962995d80
[2025-05-20T20:42:53.262+0300][22308][5864 ][debug][safepoint] ... found polling page loop exception at pc = 0x0000017962f97760, stub =0x0000017962995d80
[2025-05-20T20:42:53.262+0300][22308][5180 ][debug][safepoint] ... found polling page loop exception at pc = 0x0000017962f97760, stub =0x0000017962995d80
[2025-05-20T20:42:53.262+0300][22308][16160][debug][safepoint] ... found polling page loop exception at pc = 0x0000017962f97760, stub =0x0000017962995d80
[2025-05-20T20:42:53.262+0300][22308][2536 ][debug][safepoint] ... found polling page loop exception at pc = 0x0000017962f97760, stub =0x0000017962995d80
[2025-05-20T20:42:53.262+0300][22308][1592 ][debug][gc,heap  ] GC(29) Heap before GC invocations=29 (full 3):
[2025-05-20T20:42:53.262+0300][22308][1592 ][debug][gc,heap  ] GC(29)  garbage-first heap   total 4194304K, used 2541927K [0x0000000700000000, 0x0000000800000000)
[2025-05-20T20:42:53.262+0300][22308][1592 ][debug][gc,heap  ] GC(29)   region size 2048K, 1228 young (2514944K), 1 survivors (2048K)
[2025-05-20T20:42:53.262+0300][22308][1592 ][debug][gc,heap  ] GC(29)  Metaspace       used 8738K, committed 9792K, reserved 1114112K
[2025-05-20T20:42:53.262+0300][22308][1592 ][debug][gc,heap  ] GC(29)   class space    used 874K, committed 1280K, reserved 1048576K
[2025-05-20T20:42:53.264+0300][22308][1592 ][info ][gc,phases] GC(29)   Pre Evacuate Collection Set: 0.3ms
[2025-05-20T20:42:53.264+0300][22308][1592 ][debug][gc,phases] GC(29)     Pre Evacuate Prepare: 0.1ms
[2025-05-20T20:42:53.264+0300][22308][1592 ][debug][gc,phases] GC(29)       JT Retire TLABs And Flush Logs (ms): Min:  0.0, Avg:  0.0, Max:  0.0, Diff:  0.0, Sum:  0.0, Workers: 2
[2025-05-20T20:42:53.264+0300][22308][1592 ][debug][gc,phases] GC(29)       Non-JT Flush Logs (ms):        Min:  0.0, Avg:  0.0, Max:  0.0, Diff:  0.0, Sum:  0.0, Workers: 1
[2025-05-20T20:42:53.264+0300][22308][1592 ][debug][gc,phases] GC(29)     Choose Collection Set: 0.0ms
[2025-05-20T20:42:53.264+0300][22308][1592 ][debug][gc,phases] GC(29)     Region Register: 0.2ms
[2025-05-20T20:42:53.264+0300][22308][1592 ][debug][gc,phases] GC(29)     Prepare Heap Roots: 0.0ms
[2025-05-20T20:42:53.264+0300][22308][1592 ][info ][gc,phases] GC(29)   Merge Heap Roots: 0.2ms
[2025-05-20T20:42:53.264+0300][22308][1592 ][debug][gc,phases] GC(29)     Prepare Merge Heap Roots: 0.0ms
[2025-05-20T20:42:53.264+0300][22308][1592 ][debug][gc,phases] GC(29)     Remembered Sets (ms):          Min:  0.1, Avg:  0.1, Max:  0.1, Diff:  0.0, Sum:  1.0, Workers: 8
[2025-05-20T20:42:53.264+0300][22308][1592 ][debug][gc,phases] GC(29)       Eager Reclaim (ms):            Min:  0.0, Avg:  0.0, Max:  0.0, Diff:  0.0, Sum:  0.0, Workers: 1
[2025-05-20T20:42:53.264+0300][22308][1592 ][debug][gc,phases] GC(29)       Merged Inline                  Min: 0, Avg:  0.0, Max: 0, Diff: 0, Sum: 0, Workers: 8
[2025-05-20T20:42:53.264+0300][22308][1592 ][debug][gc,phases] GC(29)       Merged ArrayOfCards            Min: 0, Avg:  0.0, Max: 0, Diff: 0, Sum: 0, Workers: 8
[2025-05-20T20:42:53.264+0300][22308][1592 ][debug][gc,phases] GC(29)       Merged Howl                    Min: 0, Avg:  0.0, Max: 0, Diff: 0, Sum: 0, Workers: 8
[2025-05-20T20:42:53.264+0300][22308][1592 ][debug][gc,phases] GC(29)       Merged Full                    Min: 0, Avg:  0.0, Max: 0, Diff: 0, Sum: 0, Workers: 8
[2025-05-20T20:42:53.264+0300][22308][1592 ][debug][gc,phases] GC(29)       Merged Howl Inline             Min: 0, Avg:  0.0, Max: 0, Diff: 0, Sum: 0, Workers: 8
[2025-05-20T20:42:53.264+0300][22308][1592 ][debug][gc,phases] GC(29)       Merged Howl ArrayOfCards       Min: 0, Avg:  0.0, Max: 0, Diff: 0, Sum: 0, Workers: 8
[2025-05-20T20:42:53.264+0300][22308][1592 ][debug][gc,phases] GC(29)       Merged Howl BitMap             Min: 0, Avg:  0.0, Max: 0, Diff: 0, Sum: 0, Workers: 8
[2025-05-20T20:42:53.264+0300][22308][1592 ][debug][gc,phases] GC(29)       Merged Howl Full               Min: 0, Avg:  0.0, Max: 0, Diff: 0, Sum: 0, Workers: 8
[2025-05-20T20:42:53.264+0300][22308][1592 ][debug][gc,phases] GC(29)       Merged Cards                   Min: 8, Avg:  9.0, Max: 16, Diff: 8, Sum: 72, Workers: 8
[2025-05-20T20:42:53.264+0300][22308][1592 ][debug][gc,phases] GC(29)     Log Buffers (ms):              Min:  0.0, Avg:  0.0, Max:  0.0, Diff:  0.0, Sum:  0.0, Workers: 8
[2025-05-20T20:42:53.264+0300][22308][1592 ][debug][gc,phases] GC(29)       Dirty Cards:                   Min: 0, Avg:  1.9, Max: 9, Diff: 9, Sum: 15, Workers: 8
[2025-05-20T20:42:53.264+0300][22308][1592 ][debug][gc,phases] GC(29)       Skipped Cards:                 Min: 0, Avg:  0.0, Max: 0, Diff: 0, Sum: 0, Workers: 8
[2025-05-20T20:42:53.264+0300][22308][1592 ][info ][gc,phases] GC(29)   Evacuate Collection Set: 0.7ms
[2025-05-20T20:42:53.264+0300][22308][1592 ][debug][gc,phases] GC(29)     Ext Root Scanning (ms):        Min:  0.0, Avg:  0.1, Max:  0.1, Diff:  0.1, Sum:  0.4, Workers: 8
[2025-05-20T20:42:53.264+0300][22308][1592 ][debug][gc,phases] GC(29)     Scan Heap Roots (ms):          Min:  0.0, Avg:  0.0, Max:  0.0, Diff:  0.0, Sum:  0.1, Workers: 8
[2025-05-20T20:42:53.264+0300][22308][1592 ][debug][gc,phases] GC(29)       Scanned Cards:                 Min: 0, Avg:  1.8, Max: 7, Diff: 7, Sum: 14, Workers: 8
[2025-05-20T20:42:53.264+0300][22308][1592 ][debug][gc,phases] GC(29)       Scanned Blocks:                Min: 0, Avg:  1.6, Max: 6, Diff: 6, Sum: 13, Workers: 8
[2025-05-20T20:42:53.264+0300][22308][1592 ][debug][gc,phases] GC(29)       Claimed Chunks:                Min: 0, Avg:  1.0, Max: 3, Diff: 3, Sum: 8, Workers: 8
[2025-05-20T20:42:53.264+0300][22308][1592 ][debug][gc,phases] GC(29)       Found Roots:                   Min: 0, Avg:  2.2, Max: 10, Diff: 10, Sum: 18, Workers: 8
[2025-05-20T20:42:53.264+0300][22308][1592 ][debug][gc,phases] GC(29)     Code Root Scan (ms):           Min:  0.1, Avg:  0.1, Max:  0.1, Diff:  0.0, Sum:  0.8, Workers: 8
[2025-05-20T20:42:53.264+0300][22308][1592 ][debug][gc,phases] GC(29)       Scanned Nmethods               Min: 0, Avg:  0.0, Max: 0, Diff: 0, Sum: 0, Workers: 8
[2025-05-20T20:42:53.264+0300][22308][1592 ][debug][gc,phases] GC(29)     Object Copy (ms):              Min:  0.0, Avg:  0.1, Max:  0.1, Diff:  0.1, Sum:  0.8, Workers: 8
[2025-05-20T20:42:53.264+0300][22308][1592 ][debug][gc,phases] GC(29)     Termination (ms):              Min:  0.0, Avg:  0.2, Max:  0.2, Diff:  0.2, Sum:  1.6, Workers: 8
[2025-05-20T20:42:53.264+0300][22308][1592 ][debug][gc,phases] GC(29)       Termination Attempts:          Min: 1, Avg:  1.0, Max: 1, Diff: 0, Sum: 8, Workers: 8
[2025-05-20T20:42:53.264+0300][22308][1592 ][debug][gc,phases] GC(29)     GC Worker Other (ms):          Min:  0.1, Avg:  0.1, Max:  0.1, Diff:  0.0, Sum:  0.8, Workers: 8
[2025-05-20T20:42:53.264+0300][22308][1592 ][debug][gc,phases] GC(29)     GC Worker Total (ms):          Min:  0.2, Avg:  0.6, Max:  0.6, Diff:  0.4, Sum:  4.5, Workers: 8
[2025-05-20T20:42:53.264+0300][22308][1592 ][info ][gc,phases] GC(29)   Post Evacuate Collection Set: 0.9ms
[2025-05-20T20:42:53.264+0300][22308][1592 ][debug][gc,phases] GC(29)     NMethod List Cleanup: 0.0ms
[2025-05-20T20:42:53.264+0300][22308][1592 ][debug][gc,phases] GC(29)     Reference Processing: 0.1ms
[2025-05-20T20:42:53.264+0300][22308][1592 ][debug][gc,phases] GC(29)     Weak Processing: 0.0ms
[2025-05-20T20:42:53.264+0300][22308][1592 ][debug][gc,phases] GC(29)       VM Weak                        Min:  0.0, Avg:  0.0, Max:  0.0, Diff:  0.0, Sum:  0.0, Workers: 8
[2025-05-20T20:42:53.264+0300][22308][1592 ][debug][gc,phases] GC(29)         Dead                           Min: 0, Avg:  0.0, Max: 0, Diff: 0, Sum: 0, Workers: 8
[2025-05-20T20:42:53.264+0300][22308][1592 ][debug][gc,phases] GC(29)         Total                          Min: 0, Avg: 15.4, Max: 64, Diff: 64, Sum: 123, Workers: 8
[2025-05-20T20:42:53.264+0300][22308][1592 ][debug][gc,phases] GC(29)       ObjectSynchronizer Weak        Min:  0.0, Avg:  0.0, Max:  0.0, Diff:  0.0, Sum:  0.0, Workers: 8
[2025-05-20T20:42:53.264+0300][22308][1592 ][debug][gc,phases] GC(29)         Dead                           Min: 0, Avg:  0.0, Max: 0, Diff: 0, Sum: 0, Workers: 8
[2025-05-20T20:42:53.264+0300][22308][1592 ][debug][gc,phases] GC(29)         Total                          Min: 0, Avg: 17.2, Max: 64, Diff: 64, Sum: 138, Workers: 8
[2025-05-20T20:42:53.264+0300][22308][1592 ][debug][gc,phases] GC(29)       JVMTI Tag Weak OopStorage      Min:  0.0, Avg:  0.0, Max:  0.0, Diff:  0.0, Sum:  0.0, Workers: 8
[2025-05-20T20:42:53.264+0300][22308][1592 ][debug][gc,phases] GC(29)         Dead                           Min: 0, Avg:  0.0, Max: 0, Diff: 0, Sum: 0, Workers: 8
[2025-05-20T20:42:53.264+0300][22308][1592 ][debug][gc,phases] GC(29)         Total                          Min: 0, Avg:  0.0, Max: 0, Diff: 0, Sum: 0, Workers: 8
[2025-05-20T20:42:53.264+0300][22308][1592 ][debug][gc,phases] GC(29)       StringTable Weak               Min:  0.0, Avg:  0.0, Max:  0.0, Diff:  0.0, Sum:  0.1, Workers: 8
[2025-05-20T20:42:53.264+0300][22308][1592 ][debug][gc,phases] GC(29)         Dead                           Min: 0, Avg:  0.0, Max: 0, Diff: 0, Sum: 0, Workers: 8
[2025-05-20T20:42:53.264+0300][22308][1592 ][debug][gc,phases] GC(29)         Total                          Min: 576, Avg: 786.6, Max: 981, Diff: 405, Sum: 6293, Workers: 8
[2025-05-20T20:42:53.264+0300][22308][1592 ][debug][gc,phases] GC(29)       ResolvedMethodTable Weak       Min:  0.0, Avg:  0.0, Max:  0.0, Diff:  0.0, Sum:  0.0, Workers: 8
[2025-05-20T20:42:53.264+0300][22308][1592 ][debug][gc,phases] GC(29)         Dead                           Min: 0, Avg:  0.0, Max: 0, Diff: 0, Sum: 0, Workers: 8
[2025-05-20T20:42:53.264+0300][22308][1592 ][debug][gc,phases] GC(29)         Total                          Min: 62, Avg: 111.4, Max: 128, Diff: 66, Sum: 891, Workers: 8
[2025-05-20T20:42:53.264+0300][22308][1592 ][debug][gc,phases] GC(29)       JNI Weak                       Min:  0.0, Avg:  0.0, Max:  0.0, Diff:  0.0, Sum:  0.0, Workers: 8
[2025-05-20T20:42:53.264+0300][22308][1592 ][debug][gc,phases] GC(29)         Dead                           Min: 0, Avg:  0.0, Max: 0, Diff: 0, Sum: 0, Workers: 8
[2025-05-20T20:42:53.264+0300][22308][1592 ][debug][gc,phases] GC(29)         Total                          Min: 0, Avg:  0.0, Max: 0, Diff: 0, Sum: 0, Workers: 8
[2025-05-20T20:42:53.264+0300][22308][1592 ][debug][gc,phases] GC(29)       StringDedup Table Weak         Min:  0.0, Avg:  0.0, Max:  0.0, Diff:  0.0, Sum:  0.0, Workers: 8
[2025-05-20T20:42:53.264+0300][22308][1592 ][debug][gc,phases] GC(29)         Dead                           Min: 0, Avg:  0.0, Max: 0, Diff: 0, Sum: 0, Workers: 8
[2025-05-20T20:42:53.264+0300][22308][1592 ][debug][gc,phases] GC(29)         Total                          Min: 0, Avg:  0.0, Max: 0, Diff: 0, Sum: 0, Workers: 8
[2025-05-20T20:42:53.264+0300][22308][1592 ][debug][gc,phases] GC(29)       StringDedup Requests0 Weak     Min:  0.0, Avg:  0.0, Max:  0.0, Diff:  0.0, Sum:  0.0, Workers: 8
[2025-05-20T20:42:53.264+0300][22308][1592 ][debug][gc,phases] GC(29)         Dead                           Min: 0, Avg:  0.0, Max: 0, Diff: 0, Sum: 0, Workers: 8
[2025-05-20T20:42:53.264+0300][22308][1592 ][debug][gc,phases] GC(29)         Total                          Min: 0, Avg:  0.0, Max: 0, Diff: 0, Sum: 0, Workers: 8
[2025-05-20T20:42:53.264+0300][22308][1592 ][debug][gc,phases] GC(29)       StringDedup Requests1 Weak     Min:  0.0, Avg:  0.0, Max:  0.0, Diff:  0.0, Sum:  0.0, Workers: 8
[2025-05-20T20:42:53.264+0300][22308][1592 ][debug][gc,phases] GC(29)         Dead                           Min: 0, Avg:  0.0, Max: 0, Diff: 0, Sum: 0, Workers: 8
[2025-05-20T20:42:53.264+0300][22308][1592 ][debug][gc,phases] GC(29)         Total                          Min: 0, Avg:  0.0, Max: 0, Diff: 0, Sum: 0, Workers: 8
[2025-05-20T20:42:53.264+0300][22308][1592 ][debug][gc,phases] GC(29)       Weak JFR Old Object Samples    Min:  0.0, Avg:  0.0, Max:  0.0, Diff:  0.0, Sum:  0.0, Workers: 8
[2025-05-20T20:42:53.264+0300][22308][1592 ][debug][gc,phases] GC(29)         Dead                           Min: 0, Avg:  0.0, Max: 0, Diff: 0, Sum: 0, Workers: 8
[2025-05-20T20:42:53.264+0300][22308][1592 ][debug][gc,phases] GC(29)         Total                          Min: 0, Avg:  0.0, Max: 0, Diff: 0, Sum: 0, Workers: 8
[2025-05-20T20:42:53.264+0300][22308][1592 ][debug][gc,phases] GC(29)     Post Evacuate Cleanup 1: 0.4ms
[2025-05-20T20:42:53.264+0300][22308][1592 ][debug][gc,phases] GC(29)       Merge Per-Thread State (ms):   Min:  0.1, Avg:  0.1, Max:  0.1, Diff:  0.0, Sum:  0.1, Workers: 1
[2025-05-20T20:42:53.264+0300][22308][1592 ][debug][gc,phases] GC(29)         Copied Bytes                   Min: 0, Avg: 90087.0, Max: 151712, Diff: 151712, Sum: 720696, Workers: 8
[2025-05-20T20:42:53.264+0300][22308][1592 ][debug][gc,phases] GC(29)         LAB Waste                      Min: 0, Avg: 184.0, Max: 336, Diff: 336, Sum: 1472, Workers: 8
[2025-05-20T20:42:53.264+0300][22308][1592 ][debug][gc,phases] GC(29)         LAB Undo Waste                 Min: 0, Avg:  0.0, Max: 0, Diff: 0, Sum: 0, Workers: 8
[2025-05-20T20:42:53.264+0300][22308][1592 ][debug][gc,phases] GC(29)       Clear Logged Cards (ms):       Min:  0.0, Avg:  0.2, Max:  0.4, Diff:  0.3, Sum:  1.5, Workers: 7
[2025-05-20T20:42:53.264+0300][22308][1592 ][debug][gc,phases] GC(29)       Recalculate Used Memory (ms):  Min:  0.0, Avg:  0.0, Max:  0.0, Diff:  0.0, Sum:  0.0, Workers: 1
[2025-05-20T20:42:53.264+0300][22308][1592 ][debug][gc,phases] GC(29)     Post Evacuate Cleanup 2: 0.3ms
[2025-05-20T20:42:53.264+0300][22308][1592 ][debug][gc,phases] GC(29)       Update Derived Pointers (ms):  Min:  0.0, Avg:  0.0, Max:  0.0, Diff:  0.0, Sum:  0.0, Workers: 1
[2025-05-20T20:42:53.264+0300][22308][1592 ][debug][gc,phases] GC(29)       Eagerly Reclaim Humongous Objects (ms): Min:  0.0, Avg:  0.0, Max:  0.0, Diff:  0.0, Sum:  0.0, Workers: 1
[2025-05-20T20:42:53.264+0300][22308][1592 ][debug][gc,phases] GC(29)         Humongous Total                Min: 6, Avg:  6.0, Max: 6, Diff: 0, Sum: 6, Workers: 1
[2025-05-20T20:42:53.264+0300][22308][1592 ][debug][gc,phases] GC(29)         Humongous Candidates           Min: 3, Avg:  3.0, Max: 3, Diff: 0, Sum: 3, Workers: 1
[2025-05-20T20:42:53.264+0300][22308][1592 ][debug][gc,phases] GC(29)         Humongous Reclaimed            Min: 0, Avg:  0.0, Max: 0, Diff: 0, Sum: 0, Workers: 1
[2025-05-20T20:42:53.264+0300][22308][1592 ][debug][gc,phases] GC(29)       Redirty Logged Cards (ms):     Min:  0.0, Avg:  0.0, Max:  0.0, Diff:  0.0, Sum:  0.0, Workers: 8
[2025-05-20T20:42:53.264+0300][22308][1592 ][debug][gc,phases] GC(29)         Redirtied Cards:               Min: 0, Avg:  1.2, Max: 5, Diff: 5, Sum: 10, Workers: 8
[2025-05-20T20:42:53.264+0300][22308][1592 ][debug][gc,phases] GC(29)       Resize TLABs (ms):             Min:  0.0, Avg:  0.0, Max:  0.0, Diff:  0.0, Sum:  0.0, Workers: 8
[2025-05-20T20:42:53.264+0300][22308][1592 ][debug][gc,phases] GC(29)       Free Collection Set (ms):      Min:  0.2, Avg:  0.2, Max:  0.3, Diff:  0.0, Sum:  2.0, Workers: 8
[2025-05-20T20:42:53.264+0300][22308][1592 ][debug][gc,phases] GC(29)     Rebuild Free List: 0.1ms
[2025-05-20T20:42:53.264+0300][22308][1592 ][debug][gc,phases] GC(29)     Prepare For Mutator: 0.0ms
[2025-05-20T20:42:53.264+0300][22308][1592 ][debug][gc,phases] GC(29)     Expand Heap After Collection: 0.0ms
[2025-05-20T20:42:53.264+0300][22308][1592 ][info ][gc,phases] GC(29)   Other: 0.1ms
[2025-05-20T20:42:53.264+0300][22308][1592 ][info ][gc,heap  ] GC(29) Eden regions: 1227->0(1227)
[2025-05-20T20:42:53.264+0300][22308][1592 ][info ][gc,heap  ] GC(29) Survivor regions: 1->1(154)
[2025-05-20T20:42:53.264+0300][22308][1592 ][info ][gc,heap  ] GC(29) Old regions: 8->8
[2025-05-20T20:42:53.264+0300][22308][1592 ][info ][gc,heap  ] GC(29) Humongous regions: 12->12
[2025-05-20T20:42:53.264+0300][22308][1592 ][debug][gc,heap  ] GC(29) Heap after GC invocations=30 (full 3):
[2025-05-20T20:42:53.264+0300][22308][1592 ][debug][gc,heap  ] GC(29)  garbage-first heap   total 4194304K, used 29056K [0x0000000700000000, 0x0000000800000000)
[2025-05-20T20:42:53.264+0300][22308][1592 ][debug][gc,heap  ] GC(29)   region size 2048K, 1 young (2048K), 1 survivors (2048K)
[2025-05-20T20:42:53.264+0300][22308][1592 ][debug][gc,heap  ] GC(29)  Metaspace       used 8738K, committed 9792K, reserved 1114112K
[2025-05-20T20:42:53.264+0300][22308][1592 ][debug][gc,heap  ] GC(29)   class space    used 874K, committed 1280K, reserved 1048576K
[2025-05-20T20:42:53.264+0300][22308][1592 ][info ][gc       ] GC(29) Pause Young (Normal) (G1 Evacuation Pause) 2482M->28M(4096M) 3.821ms
[2025-05-20T20:42:53.264+0300][22308][1592 ][info ][safepoint] Safepoint "G1CollectForAllocation", Time since last: 143376200 ns, Reaching safepoint: 386000 ns, Cleanup: 8100 ns, At safepoint: 3877300 ns, Total: 4271400 ns
[2025-05-20T20:42:54.048+0300][22308][1592 ][debug][safepoint] Safepoint synchronization initiated using striped semaphore wait barrier. (19 threads)
[2025-05-20T20:42:54.048+0300][22308][16160][debug][safepoint] ... found polling page loop exception at pc = 0x0000017962f97760, stub =0x0000017962995d80
[2025-05-20T20:42:54.048+0300][22308][2536 ][debug][safepoint] ... found polling page loop exception at pc = 0x0000017962f97760, stub =0x0000017962995d80
[2025-05-20T20:42:54.048+0300][22308][19148][debug][safepoint] ... found polling page loop exception at pc = 0x000001796319c52c, stub =0x0000017962995d80
[2025-05-20T20:42:54.048+0300][22308][3648 ][debug][safepoint] ... found polling page loop exception at pc = 0x0000017962f97760, stub =0x0000017962995d80
[2025-05-20T20:42:54.048+0300][22308][15520][debug][safepoint] ... found polling page loop exception at pc = 0x00000179630252a8, stub =0x0000017962996600
[2025-05-20T20:42:54.048+0300][22308][1592 ][debug][gc,heap  ] GC(30) Heap before GC invocations=30 (full 3):
[2025-05-20T20:42:54.048+0300][22308][1592 ][debug][gc,heap  ] GC(30)  garbage-first heap   total 4194304K, used 2541952K [0x0000000700000000, 0x0000000800000000)
[2025-05-20T20:42:54.048+0300][22308][1592 ][debug][gc,heap  ] GC(30)   region size 2048K, 1228 young (2514944K), 1 survivors (2048K)
[2025-05-20T20:42:54.048+0300][22308][1592 ][debug][gc,heap  ] GC(30)  Metaspace       used 8738K, committed 9792K, reserved 1114112K
[2025-05-20T20:42:54.048+0300][22308][1592 ][debug][gc,heap  ] GC(30)   class space    used 874K, committed 1280K, reserved 1048576K
[2025-05-20T20:42:54.052+0300][22308][1592 ][info ][gc,phases] GC(30)   Pre Evacuate Collection Set: 0.4ms
[2025-05-20T20:42:54.052+0300][22308][1592 ][debug][gc,phases] GC(30)     Pre Evacuate Prepare: 0.1ms
[2025-05-20T20:42:54.052+0300][22308][1592 ][debug][gc,phases] GC(30)       JT Retire TLABs And Flush Logs (ms): Min:  0.0, Avg:  0.0, Max:  0.0, Diff:  0.0, Sum:  0.0, Workers: 2
[2025-05-20T20:42:54.052+0300][22308][1592 ][debug][gc,phases] GC(30)       Non-JT Flush Logs (ms):        Min:  0.0, Avg:  0.0, Max:  0.0, Diff:  0.0, Sum:  0.0, Workers: 1
[2025-05-20T20:42:54.052+0300][22308][1592 ][debug][gc,phases] GC(30)     Choose Collection Set: 0.0ms
[2025-05-20T20:42:54.052+0300][22308][1592 ][debug][gc,phases] GC(30)     Region Register: 0.3ms
[2025-05-20T20:42:54.052+0300][22308][1592 ][debug][gc,phases] GC(30)     Prepare Heap Roots: 0.0ms
[2025-05-20T20:42:54.052+0300][22308][1592 ][info ][gc,phases] GC(30)   Merge Heap Roots: 0.2ms
[2025-05-20T20:42:54.052+0300][22308][1592 ][debug][gc,phases] GC(30)     Prepare Merge Heap Roots: 0.0ms
[2025-05-20T20:42:54.052+0300][22308][1592 ][debug][gc,phases] GC(30)     Remembered Sets (ms):          Min:  0.1, Avg:  0.1, Max:  0.1, Diff:  0.0, Sum:  1.0, Workers: 8
[2025-05-20T20:42:54.052+0300][22308][1592 ][debug][gc,phases] GC(30)       Eager Reclaim (ms):            Min:  0.0, Avg:  0.0, Max:  0.0, Diff:  0.0, Sum:  0.0, Workers: 1
[2025-05-20T20:42:54.052+0300][22308][1592 ][debug][gc,phases] GC(30)       Merged Inline                  Min: 0, Avg:  0.0, Max: 0, Diff: 0, Sum: 0, Workers: 8
[2025-05-20T20:42:54.052+0300][22308][1592 ][debug][gc,phases] GC(30)       Merged ArrayOfCards            Min: 0, Avg:  0.0, Max: 0, Diff: 0, Sum: 0, Workers: 8
[2025-05-20T20:42:54.052+0300][22308][1592 ][debug][gc,phases] GC(30)       Merged Howl                    Min: 0, Avg:  0.0, Max: 0, Diff: 0, Sum: 0, Workers: 8
[2025-05-20T20:42:54.052+0300][22308][1592 ][debug][gc,phases] GC(30)       Merged Full                    Min: 0, Avg:  0.0, Max: 0, Diff: 0, Sum: 0, Workers: 8
[2025-05-20T20:42:54.052+0300][22308][1592 ][debug][gc,phases] GC(30)       Merged Howl Inline             Min: 0, Avg:  0.0, Max: 0, Diff: 0, Sum: 0, Workers: 8
[2025-05-20T20:42:54.052+0300][22308][1592 ][debug][gc,phases] GC(30)       Merged Howl ArrayOfCards       Min: 0, Avg:  0.0, Max: 0, Diff: 0, Sum: 0, Workers: 8
[2025-05-20T20:42:54.052+0300][22308][1592 ][debug][gc,phases] GC(30)       Merged Howl BitMap             Min: 0, Avg:  0.0, Max: 0, Diff: 0, Sum: 0, Workers: 8
[2025-05-20T20:42:54.052+0300][22308][1592 ][debug][gc,phases] GC(30)       Merged Howl Full               Min: 0, Avg:  0.0, Max: 0, Diff: 0, Sum: 0, Workers: 8
[2025-05-20T20:42:54.052+0300][22308][1592 ][debug][gc,phases] GC(30)       Merged Cards                   Min: 8, Avg:  9.0, Max: 16, Diff: 8, Sum: 72, Workers: 8
[2025-05-20T20:42:54.052+0300][22308][1592 ][debug][gc,phases] GC(30)     Log Buffers (ms):              Min:  0.0, Avg:  0.0, Max:  0.0, Diff:  0.0, Sum:  0.0, Workers: 8
[2025-05-20T20:42:54.052+0300][22308][1592 ][debug][gc,phases] GC(30)       Dirty Cards:                   Min: 0, Avg:  1.8, Max: 6, Diff: 6, Sum: 14, Workers: 8
[2025-05-20T20:42:54.052+0300][22308][1592 ][debug][gc,phases] GC(30)       Skipped Cards:                 Min: 0, Avg:  0.0, Max: 0, Diff: 0, Sum: 0, Workers: 8
[2025-05-20T20:42:54.052+0300][22308][1592 ][info ][gc,phases] GC(30)   Evacuate Collection Set: 0.7ms
[2025-05-20T20:42:54.052+0300][22308][1592 ][debug][gc,phases] GC(30)     Ext Root Scanning (ms):        Min:  0.0, Avg:  0.1, Max:  0.1, Diff:  0.1, Sum:  0.5, Workers: 8
[2025-05-20T20:42:54.052+0300][22308][1592 ][debug][gc,phases] GC(30)     Scan Heap Roots (ms):          Min:  0.0, Avg:  0.0, Max:  0.0, Diff:  0.0, Sum:  0.1, Workers: 8
[2025-05-20T20:42:54.052+0300][22308][1592 ][debug][gc,phases] GC(30)       Scanned Cards:                 Min: 0, Avg:  1.8, Max: 7, Diff: 7, Sum: 14, Workers: 8
[2025-05-20T20:42:54.052+0300][22308][1592 ][debug][gc,phases] GC(30)       Scanned Blocks:                Min: 0, Avg:  1.6, Max: 6, Diff: 6, Sum: 13, Workers: 8
[2025-05-20T20:42:54.052+0300][22308][1592 ][debug][gc,phases] GC(30)       Claimed Chunks:                Min: 0, Avg:  1.0, Max: 3, Diff: 3, Sum: 8, Workers: 8
[2025-05-20T20:42:54.052+0300][22308][1592 ][debug][gc,phases] GC(30)       Found Roots:                   Min: 0, Avg:  2.2, Max: 9, Diff: 9, Sum: 18, Workers: 8
[2025-05-20T20:42:54.052+0300][22308][1592 ][debug][gc,phases] GC(30)     Code Root Scan (ms):           Min:  0.1, Avg:  0.1, Max:  0.1, Diff:  0.0, Sum:  0.8, Workers: 8
[2025-05-20T20:42:54.052+0300][22308][1592 ][debug][gc,phases] GC(30)       Scanned Nmethods               Min: 0, Avg:  0.0, Max: 0, Diff: 0, Sum: 0, Workers: 8
[2025-05-20T20:42:54.052+0300][22308][1592 ][debug][gc,phases] GC(30)     Object Copy (ms):              Min:  0.0, Avg:  0.1, Max:  0.1, Diff:  0.1, Sum:  0.9, Workers: 8
[2025-05-20T20:42:54.052+0300][22308][1592 ][debug][gc,phases] GC(30)     Termination (ms):              Min:  0.0, Avg:  0.2, Max:  0.3, Diff:  0.2, Sum:  1.8, Workers: 8
[2025-05-20T20:42:54.052+0300][22308][1592 ][debug][gc,phases] GC(30)       Termination Attempts:          Min: 1, Avg:  1.0, Max: 1, Diff: 0, Sum: 8, Workers: 8
[2025-05-20T20:42:54.052+0300][22308][1592 ][debug][gc,phases] GC(30)     GC Worker Other (ms):          Min:  0.1, Avg:  0.1, Max:  0.1, Diff:  0.0, Sum:  0.8, Workers: 8
[2025-05-20T20:42:54.052+0300][22308][1592 ][debug][gc,phases] GC(30)     GC Worker Total (ms):          Min:  0.2, Avg:  0.6, Max:  0.7, Diff:  0.5, Sum:  5.0, Workers: 8
[2025-05-20T20:42:54.052+0300][22308][1592 ][info ][gc,phases] GC(30)   Post Evacuate Collection Set: 1.1ms
[2025-05-20T20:42:54.052+0300][22308][1592 ][debug][gc,phases] GC(30)     NMethod List Cleanup: 0.0ms
[2025-05-20T20:42:54.052+0300][22308][1592 ][debug][gc,phases] GC(30)     Reference Processing: 0.1ms
[2025-05-20T20:42:54.052+0300][22308][1592 ][debug][gc,phases] GC(30)     Weak Processing: 0.1ms
[2025-05-20T20:42:54.052+0300][22308][1592 ][debug][gc,phases] GC(30)       VM Weak                        Min:  0.0, Avg:  0.0, Max:  0.0, Diff:  0.0, Sum:  0.0, Workers: 8
[2025-05-20T20:42:54.052+0300][22308][1592 ][debug][gc,phases] GC(30)         Dead                           Min: 0, Avg:  0.0, Max: 0, Diff: 0, Sum: 0, Workers: 8
[2025-05-20T20:42:54.052+0300][22308][1592 ][debug][gc,phases] GC(30)         Total                          Min: 0, Avg: 15.4, Max: 86, Diff: 86, Sum: 123, Workers: 8
[2025-05-20T20:42:54.052+0300][22308][1592 ][debug][gc,phases] GC(30)       ObjectSynchronizer Weak        Min:  0.0, Avg:  0.0, Max:  0.0, Diff:  0.0, Sum:  0.0, Workers: 8
[2025-05-20T20:42:54.052+0300][22308][1592 ][debug][gc,phases] GC(30)         Dead                           Min: 0, Avg:  0.0, Max: 0, Diff: 0, Sum: 0, Workers: 8
[2025-05-20T20:42:54.052+0300][22308][1592 ][debug][gc,phases] GC(30)         Total                          Min: 0, Avg: 17.2, Max: 64, Diff: 64, Sum: 138, Workers: 8
[2025-05-20T20:42:54.052+0300][22308][1592 ][debug][gc,phases] GC(30)       JVMTI Tag Weak OopStorage      Min:  0.0, Avg:  0.0, Max:  0.0, Diff:  0.0, Sum:  0.0, Workers: 8
[2025-05-20T20:42:54.052+0300][22308][1592 ][debug][gc,phases] GC(30)         Dead                           Min: 0, Avg:  0.0, Max: 0, Diff: 0, Sum: 0, Workers: 8
[2025-05-20T20:42:54.052+0300][22308][1592 ][debug][gc,phases] GC(30)         Total                          Min: 0, Avg:  0.0, Max: 0, Diff: 0, Sum: 0, Workers: 8
[2025-05-20T20:42:54.052+0300][22308][1592 ][debug][gc,phases] GC(30)       StringTable Weak               Min:  0.0, Avg:  0.0, Max:  0.0, Diff:  0.0, Sum:  0.1, Workers: 8
[2025-05-20T20:42:54.052+0300][22308][1592 ][debug][gc,phases] GC(30)         Dead                           Min: 0, Avg:  0.0, Max: 0, Diff: 0, Sum: 0, Workers: 8
[2025-05-20T20:42:54.052+0300][22308][1592 ][debug][gc,phases] GC(30)         Total                          Min: 0, Avg: 786.6, Max: 1024, Diff: 1024, Sum: 6293, Workers: 8
[2025-05-20T20:42:54.052+0300][22308][1592 ][debug][gc,phases] GC(30)       ResolvedMethodTable Weak       Min:  0.0, Avg:  0.0, Max:  0.0, Diff:  0.0, Sum:  0.0, Workers: 8
[2025-05-20T20:42:54.052+0300][22308][1592 ][debug][gc,phases] GC(30)         Dead                           Min: 0, Avg:  0.0, Max: 0, Diff: 0, Sum: 0, Workers: 8
[2025-05-20T20:42:54.052+0300][22308][1592 ][debug][gc,phases] GC(30)         Total                          Min: 0, Avg: 111.4, Max: 192, Diff: 192, Sum: 891, Workers: 8
[2025-05-20T20:42:54.052+0300][22308][1592 ][debug][gc,phases] GC(30)       JNI Weak                       Min:  0.0, Avg:  0.0, Max:  0.0, Diff:  0.0, Sum:  0.0, Workers: 8
[2025-05-20T20:42:54.052+0300][22308][1592 ][debug][gc,phases] GC(30)         Dead                           Min: 0, Avg:  0.0, Max: 0, Diff: 0, Sum: 0, Workers: 8
[2025-05-20T20:42:54.052+0300][22308][1592 ][debug][gc,phases] GC(30)         Total                          Min: 0, Avg:  0.0, Max: 0, Diff: 0, Sum: 0, Workers: 8
[2025-05-20T20:42:54.052+0300][22308][1592 ][debug][gc,phases] GC(30)       StringDedup Table Weak         Min:  0.0, Avg:  0.0, Max:  0.0, Diff:  0.0, Sum:  0.0, Workers: 8
[2025-05-20T20:42:54.052+0300][22308][1592 ][debug][gc,phases] GC(30)         Dead                           Min: 0, Avg:  0.0, Max: 0, Diff: 0, Sum: 0, Workers: 8
[2025-05-20T20:42:54.052+0300][22308][1592 ][debug][gc,phases] GC(30)         Total                          Min: 0, Avg:  0.0, Max: 0, Diff: 0, Sum: 0, Workers: 8
[2025-05-20T20:42:54.052+0300][22308][1592 ][debug][gc,phases] GC(30)       StringDedup Requests0 Weak     Min:  0.0, Avg:  0.0, Max:  0.0, Diff:  0.0, Sum:  0.0, Workers: 8
[2025-05-20T20:42:54.052+0300][22308][1592 ][debug][gc,phases] GC(30)         Dead                           Min: 0, Avg:  0.0, Max: 0, Diff: 0, Sum: 0, Workers: 8
[2025-05-20T20:42:54.052+0300][22308][1592 ][debug][gc,phases] GC(30)         Total                          Min: 0, Avg:  0.0, Max: 0, Diff: 0, Sum: 0, Workers: 8
[2025-05-20T20:42:54.052+0300][22308][1592 ][debug][gc,phases] GC(30)       StringDedup Requests1 Weak     Min:  0.0, Avg:  0.0, Max:  0.0, Diff:  0.0, Sum:  0.0, Workers: 8
[2025-05-20T20:42:54.052+0300][22308][1592 ][debug][gc,phases] GC(30)         Dead                           Min: 0, Avg:  0.0, Max: 0, Diff: 0, Sum: 0, Workers: 8
[2025-05-20T20:42:54.052+0300][22308][1592 ][debug][gc,phases] GC(30)         Total                          Min: 0, Avg:  0.0, Max: 0, Diff: 0, Sum: 0, Workers: 8
[2025-05-20T20:42:54.052+0300][22308][1592 ][debug][gc,phases] GC(30)       Weak JFR Old Object Samples    Min:  0.0, Avg:  0.0, Max:  0.0, Diff:  0.0, Sum:  0.0, Workers: 8
[2025-05-20T20:42:54.052+0300][22308][1592 ][debug][gc,phases] GC(30)         Dead                           Min: 0, Avg:  0.0, Max: 0, Diff: 0, Sum: 0, Workers: 8
[2025-05-20T20:42:54.052+0300][22308][1592 ][debug][gc,phases] GC(30)         Total                          Min: 0, Avg:  0.0, Max: 0, Diff: 0, Sum: 0, Workers: 8
[2025-05-20T20:42:54.052+0300][22308][1592 ][debug][gc,phases] GC(30)     Post Evacuate Cleanup 1: 0.4ms
[2025-05-20T20:42:54.052+0300][22308][1592 ][debug][gc,phases] GC(30)       Merge Per-Thread State (ms):   Min:  0.1, Avg:  0.1, Max:  0.1, Diff:  0.0, Sum:  0.1, Workers: 1
[2025-05-20T20:42:54.052+0300][22308][1592 ][debug][gc,phases] GC(30)         Copied Bytes                   Min: 0, Avg: 91887.0, Max: 125128, Diff: 125128, Sum: 735096, Workers: 8
[2025-05-20T20:42:54.052+0300][22308][1592 ][debug][gc,phases] GC(30)         LAB Waste                      Min: 0, Avg: 184.0, Max: 328, Diff: 328, Sum: 1472, Workers: 8
[2025-05-20T20:42:54.052+0300][22308][1592 ][debug][gc,phases] GC(30)         LAB Undo Waste                 Min: 0, Avg:  0.0, Max: 0, Diff: 0, Sum: 0, Workers: 8
[2025-05-20T20:42:54.052+0300][22308][1592 ][debug][gc,phases] GC(30)       Clear Logged Cards (ms):       Min:  0.0, Avg:  0.2, Max:  0.4, Diff:  0.4, Sum:  1.7, Workers: 7
[2025-05-20T20:42:54.052+0300][22308][1592 ][debug][gc,phases] GC(30)       Recalculate Used Memory (ms):  Min:  0.0, Avg:  0.0, Max:  0.0, Diff:  0.0, Sum:  0.0, Workers: 1
[2025-05-20T20:42:54.052+0300][22308][1592 ][debug][gc,phases] GC(30)     Post Evacuate Cleanup 2: 0.4ms
[2025-05-20T20:42:54.052+0300][22308][1592 ][debug][gc,phases] GC(30)       Update Derived Pointers (ms):  Min:  0.0, Avg:  0.0, Max:  0.0, Diff:  0.0, Sum:  0.0, Workers: 1
[2025-05-20T20:42:54.052+0300][22308][1592 ][debug][gc,phases] GC(30)       Eagerly Reclaim Humongous Objects (ms): Min:  0.0, Avg:  0.0, Max:  0.0, Diff:  0.0, Sum:  0.0, Workers: 1
[2025-05-20T20:42:54.052+0300][22308][1592 ][debug][gc,phases] GC(30)         Humongous Total                Min: 6, Avg:  6.0, Max: 6, Diff: 0, Sum: 6, Workers: 1
[2025-05-20T20:42:54.052+0300][22308][1592 ][debug][gc,phases] GC(30)         Humongous Candidates           Min: 3, Avg:  3.0, Max: 3, Diff: 0, Sum: 3, Workers: 1
[2025-05-20T20:42:54.052+0300][22308][1592 ][debug][gc,phases] GC(30)         Humongous Reclaimed            Min: 0, Avg:  0.0, Max: 0, Diff: 0, Sum: 0, Workers: 1
[2025-05-20T20:42:54.052+0300][22308][1592 ][debug][gc,phases] GC(30)       Redirty Logged Cards (ms):     Min:  0.0, Avg:  0.0, Max:  0.0, Diff:  0.0, Sum:  0.0, Workers: 8
[2025-05-20T20:42:54.052+0300][22308][1592 ][debug][gc,phases] GC(30)         Redirtied Cards:               Min: 0, Avg:  1.4, Max: 6, Diff: 6, Sum: 11, Workers: 8
[2025-05-20T20:42:54.052+0300][22308][1592 ][debug][gc,phases] GC(30)       Resize TLABs (ms):             Min:  0.0, Avg:  0.0, Max:  0.0, Diff:  0.0, Sum:  0.0, Workers: 8
[2025-05-20T20:42:54.052+0300][22308][1592 ][debug][gc,phases] GC(30)       Free Collection Set (ms):      Min:  0.0, Avg:  0.3, Max:  0.4, Diff:  0.3, Sum:  2.2, Workers: 8
[2025-05-20T20:42:54.052+0300][22308][1592 ][debug][gc,phases] GC(30)     Rebuild Free List: 0.1ms
[2025-05-20T20:42:54.052+0300][22308][1592 ][debug][gc,phases] GC(30)     Prepare For Mutator: 0.0ms
[2025-05-20T20:42:54.052+0300][22308][1592 ][debug][gc,phases] GC(30)     Expand Heap After Collection: 0.0ms
[2025-05-20T20:42:54.052+0300][22308][1592 ][info ][gc,phases] GC(30)   Other: 0.1ms
[2025-05-20T20:42:54.052+0300][22308][1592 ][info ][gc,heap  ] GC(30) Eden regions: 1227->0(1227)
[2025-05-20T20:42:54.052+0300][22308][1592 ][info ][gc,heap  ] GC(30) Survivor regions: 1->1(154)
[2025-05-20T20:42:54.052+0300][22308][1592 ][info ][gc,heap  ] GC(30) Old regions: 8->8
[2025-05-20T20:42:54.052+0300][22308][1592 ][info ][gc,heap  ] GC(30) Humongous regions: 12->12
[2025-05-20T20:42:54.052+0300][22308][1592 ][debug][gc,heap  ] GC(30) Heap after GC invocations=31 (full 3):
[2025-05-20T20:42:54.052+0300][22308][1592 ][debug][gc,heap  ] GC(30)  garbage-first heap   total 4194304K, used 29072K [0x0000000700000000, 0x0000000800000000)
[2025-05-20T20:42:54.052+0300][22308][1592 ][debug][gc,heap  ] GC(30)   region size 2048K, 1 young (2048K), 1 survivors (2048K)
[2025-05-20T20:42:54.052+0300][22308][1592 ][debug][gc,heap  ] GC(30)  Metaspace       used 8738K, committed 9792K, reserved 1114112K
[2025-05-20T20:42:54.052+0300][22308][1592 ][debug][gc,heap  ] GC(30)   class space    used 874K, committed 1280K, reserved 1048576K
[2025-05-20T20:42:54.052+0300][22308][1592 ][info ][gc       ] GC(30) Pause Young (Normal) (G1 Evacuation Pause) 2482M->28M(4096M) 4.568ms
[2025-05-20T20:42:54.052+0300][22308][1592 ][info ][safepoint] Safepoint "G1CollectForAllocation", Time since last: 782109900 ns, Reaching safepoint: 431400 ns, Cleanup: 14100 ns, At safepoint: 4629000 ns, Total: 5074500 ns
[2025-05-20T20:42:54.938+0300][22308][1592 ][debug][safepoint] Safepoint synchronization initiated using striped semaphore wait barrier. (19 threads)
[2025-05-20T20:42:54.938+0300][22308][15520][debug][safepoint] ... found polling page loop exception at pc = 0x0000017962fa2ba2, stub =0x0000017962996600
[2025-05-20T20:42:54.938+0300][22308][5180 ][debug][safepoint] ... found polling page loop exception at pc = 0x0000017962f97760, stub =0x0000017962995d80
[2025-05-20T20:42:54.938+0300][22308][16160][debug][safepoint] ... found polling page loop exception at pc = 0x00000179630252a8, stub =0x0000017962996600
[2025-05-20T20:42:54.938+0300][22308][3648 ][debug][safepoint] ... found polling page loop exception at pc = 0x0000017962fa2ba2, stub =0x0000017962996600
[2025-05-20T20:42:54.938+0300][22308][5864 ][debug][safepoint] ... found polling page loop exception at pc = 0x0000017962f97760, stub =0x0000017962995d80
[2025-05-20T20:42:54.938+0300][22308][19148][debug][safepoint] ... found polling page loop exception at pc = 0x0000017962fa79fd, stub =0x0000017962996600
[2025-05-20T20:42:54.938+0300][22308][1592 ][debug][gc,heap  ] GC(31) Heap before GC invocations=31 (full 3):
[2025-05-20T20:42:54.938+0300][22308][1592 ][debug][gc,heap  ] GC(31)  garbage-first heap   total 4194304K, used 2541968K [0x0000000700000000, 0x0000000800000000)
[2025-05-20T20:42:54.938+0300][22308][1592 ][debug][gc,heap  ] GC(31)   region size 2048K, 1228 young (2514944K), 1 survivors (2048K)
[2025-05-20T20:42:54.938+0300][22308][1592 ][debug][gc,heap  ] GC(31)  Metaspace       used 8738K, committed 9792K, reserved 1114112K
[2025-05-20T20:42:54.938+0300][22308][1592 ][debug][gc,heap  ] GC(31)   class space    used 874K, committed 1280K, reserved 1048576K
[2025-05-20T20:42:54.938+0300][22308][1592 ][info ][gc,phases] GC(31)   Pre Evacuate Collection Set: 0.4ms
[2025-05-20T20:42:54.938+0300][22308][1592 ][debug][gc,phases] GC(31)     Pre Evacuate Prepare: 0.1ms
[2025-05-20T20:42:54.938+0300][22308][1592 ][debug][gc,phases] GC(31)       JT Retire TLABs And Flush Logs (ms): Min:  0.0, Avg:  0.0, Max:  0.0, Diff:  0.0, Sum:  0.0, Workers: 2
[2025-05-20T20:42:54.938+0300][22308][1592 ][debug][gc,phases] GC(31)       Non-JT Flush Logs (ms):        Min:  0.0, Avg:  0.0, Max:  0.0, Diff:  0.0, Sum:  0.0, Workers: 1
[2025-05-20T20:42:54.938+0300][22308][1592 ][debug][gc,phases] GC(31)     Choose Collection Set: 0.0ms
[2025-05-20T20:42:54.938+0300][22308][1592 ][debug][gc,phases] GC(31)     Region Register: 0.3ms
[2025-05-20T20:42:54.938+0300][22308][1592 ][debug][gc,phases] GC(31)     Prepare Heap Roots: 0.0ms
[2025-05-20T20:42:54.938+0300][22308][1592 ][info ][gc,phases] GC(31)   Merge Heap Roots: 0.2ms
[2025-05-20T20:42:54.938+0300][22308][1592 ][debug][gc,phases] GC(31)     Prepare Merge Heap Roots: 0.0ms
[2025-05-20T20:42:54.938+0300][22308][1592 ][debug][gc,phases] GC(31)     Remembered Sets (ms):          Min:  0.1, Avg:  0.1, Max:  0.1, Diff:  0.1, Sum:  0.9, Workers: 8
[2025-05-20T20:42:54.938+0300][22308][1592 ][debug][gc,phases] GC(31)       Eager Reclaim (ms):            Min:  0.0, Avg:  0.0, Max:  0.0, Diff:  0.0, Sum:  0.0, Workers: 1
[2025-05-20T20:42:54.938+0300][22308][1592 ][debug][gc,phases] GC(31)       Merged Inline                  Min: 0, Avg:  0.0, Max: 0, Diff: 0, Sum: 0, Workers: 8
[2025-05-20T20:42:54.938+0300][22308][1592 ][debug][gc,phases] GC(31)       Merged ArrayOfCards            Min: 0, Avg:  0.0, Max: 0, Diff: 0, Sum: 0, Workers: 8
[2025-05-20T20:42:54.938+0300][22308][1592 ][debug][gc,phases] GC(31)       Merged Howl                    Min: 0, Avg:  0.0, Max: 0, Diff: 0, Sum: 0, Workers: 8
[2025-05-20T20:42:54.938+0300][22308][1592 ][debug][gc,phases] GC(31)       Merged Full                    Min: 0, Avg:  0.0, Max: 0, Diff: 0, Sum: 0, Workers: 8
[2025-05-20T20:42:54.938+0300][22308][1592 ][debug][gc,phases] GC(31)       Merged Howl Inline             Min: 0, Avg:  0.0, Max: 0, Diff: 0, Sum: 0, Workers: 8
[2025-05-20T20:42:54.938+0300][22308][1592 ][debug][gc,phases] GC(31)       Merged Howl ArrayOfCards       Min: 0, Avg:  0.0, Max: 0, Diff: 0, Sum: 0, Workers: 8
[2025-05-20T20:42:54.938+0300][22308][1592 ][debug][gc,phases] GC(31)       Merged Howl BitMap             Min: 0, Avg:  0.0, Max: 0, Diff: 0, Sum: 0, Workers: 8
[2025-05-20T20:42:54.938+0300][22308][1592 ][debug][gc,phases] GC(31)       Merged Howl Full               Min: 0, Avg:  0.0, Max: 0, Diff: 0, Sum: 0, Workers: 8
[2025-05-20T20:42:54.938+0300][22308][1592 ][debug][gc,phases] GC(31)       Merged Cards                   Min: 8, Avg:  9.0, Max: 16, Diff: 8, Sum: 72, Workers: 8
[2025-05-20T20:42:54.938+0300][22308][1592 ][debug][gc,phases] GC(31)     Log Buffers (ms):              Min:  0.0, Avg:  0.0, Max:  0.0, Diff:  0.0, Sum:  0.0, Workers: 8
[2025-05-20T20:42:54.938+0300][22308][1592 ][debug][gc,phases] GC(31)       Dirty Cards:                   Min: 0, Avg:  1.9, Max: 15, Diff: 15, Sum: 15, Workers: 8
[2025-05-20T20:42:54.938+0300][22308][1592 ][debug][gc,phases] GC(31)       Skipped Cards:                 Min: 0, Avg:  0.0, Max: 0, Diff: 0, Sum: 0, Workers: 8
[2025-05-20T20:42:54.938+0300][22308][1592 ][info ][gc,phases] GC(31)   Evacuate Collection Set: 0.5ms
[2025-05-20T20:42:54.938+0300][22308][1592 ][debug][gc,phases] GC(31)     Ext Root Scanning (ms):        Min:  0.0, Avg:  0.1, Max:  0.1, Diff:  0.1, Sum:  0.5, Workers: 8
[2025-05-20T20:42:54.938+0300][22308][1592 ][debug][gc,phases] GC(31)     Scan Heap Roots (ms):          Min:  0.0, Avg:  0.0, Max:  0.0, Diff:  0.0, Sum:  0.0, Workers: 8
[2025-05-20T20:42:54.938+0300][22308][1592 ][debug][gc,phases] GC(31)       Scanned Cards:                 Min: 0, Avg:  1.8, Max: 6, Diff: 6, Sum: 14, Workers: 8
[2025-05-20T20:42:54.938+0300][22308][1592 ][debug][gc,phases] GC(31)       Scanned Blocks:                Min: 0, Avg:  1.6, Max: 6, Diff: 6, Sum: 13, Workers: 8
[2025-05-20T20:42:54.938+0300][22308][1592 ][debug][gc,phases] GC(31)       Claimed Chunks:                Min: 0, Avg:  1.0, Max: 3, Diff: 3, Sum: 8, Workers: 8
[2025-05-20T20:42:54.938+0300][22308][1592 ][debug][gc,phases] GC(31)       Found Roots:                   Min: 0, Avg:  2.2, Max: 8, Diff: 8, Sum: 18, Workers: 8
[2025-05-20T20:42:54.938+0300][22308][1592 ][debug][gc,phases] GC(31)     Code Root Scan (ms):           Min:  0.1, Avg:  0.1, Max:  0.1, Diff:  0.0, Sum:  0.9, Workers: 8
[2025-05-20T20:42:54.938+0300][22308][1592 ][debug][gc,phases] GC(31)       Scanned Nmethods               Min: 0, Avg:  0.0, Max: 0, Diff: 0, Sum: 0, Workers: 8
[2025-05-20T20:42:54.938+0300][22308][1592 ][debug][gc,phases] GC(31)     Object Copy (ms):              Min:  0.1, Avg:  0.1, Max:  0.1, Diff:  0.0, Sum:  0.8, Workers: 8
[2025-05-20T20:42:54.938+0300][22308][1592 ][debug][gc,phases] GC(31)     Termination (ms):              Min:  0.0, Avg:  0.0, Max:  0.0, Diff:  0.0, Sum:  0.1, Workers: 8
[2025-05-20T20:42:54.938+0300][22308][1592 ][debug][gc,phases] GC(31)       Termination Attempts:          Min: 1, Avg:  1.0, Max: 1, Diff: 0, Sum: 8, Workers: 8
[2025-05-20T20:42:54.938+0300][22308][1592 ][debug][gc,phases] GC(31)     GC Worker Other (ms):          Min:  0.1, Avg:  0.1, Max:  0.1, Diff:  0.0, Sum:  0.9, Workers: 8
[2025-05-20T20:42:54.938+0300][22308][1592 ][debug][gc,phases] GC(31)     GC Worker Total (ms):          Min:  0.4, Avg:  0.4, Max:  0.4, Diff:  0.1, Sum:  3.1, Workers: 8
[2025-05-20T20:42:54.938+0300][22308][1592 ][info ][gc,phases] GC(31)   Post Evacuate Collection Set: 1.1ms
[2025-05-20T20:42:54.938+0300][22308][1592 ][debug][gc,phases] GC(31)     NMethod List Cleanup: 0.0ms
[2025-05-20T20:42:54.938+0300][22308][1592 ][debug][gc,phases] GC(31)     Reference Processing: 0.1ms
[2025-05-20T20:42:54.938+0300][22308][1592 ][debug][gc,phases] GC(31)     Weak Processing: 0.1ms
[2025-05-20T20:42:54.938+0300][22308][1592 ][debug][gc,phases] GC(31)       VM Weak                        Min:  0.0, Avg:  0.0, Max:  0.0, Diff:  0.0, Sum:  0.0, Workers: 8
[2025-05-20T20:42:54.938+0300][22308][1592 ][debug][gc,phases] GC(31)         Dead                           Min: 0, Avg:  0.0, Max: 0, Diff: 0, Sum: 0, Workers: 8
[2025-05-20T20:42:54.938+0300][22308][1592 ][debug][gc,phases] GC(31)         Total                          Min: 0, Avg: 15.4, Max: 123, Diff: 123, Sum: 123, Workers: 8
[2025-05-20T20:42:54.938+0300][22308][1592 ][debug][gc,phases] GC(31)       ObjectSynchronizer Weak        Min:  0.0, Avg:  0.0, Max:  0.0, Diff:  0.0, Sum:  0.0, Workers: 8
[2025-05-20T20:42:54.938+0300][22308][1592 ][debug][gc,phases] GC(31)         Dead                           Min: 0, Avg:  0.0, Max: 0, Diff: 0, Sum: 0, Workers: 8
[2025-05-20T20:42:54.938+0300][22308][1592 ][debug][gc,phases] GC(31)         Total                          Min: 0, Avg: 17.2, Max: 138, Diff: 138, Sum: 138, Workers: 8
[2025-05-20T20:42:54.938+0300][22308][1592 ][debug][gc,phases] GC(31)       JVMTI Tag Weak OopStorage      Min:  0.0, Avg:  0.0, Max:  0.0, Diff:  0.0, Sum:  0.0, Workers: 8
[2025-05-20T20:42:54.938+0300][22308][1592 ][debug][gc,phases] GC(31)         Dead                           Min: 0, Avg:  0.0, Max: 0, Diff: 0, Sum: 0, Workers: 8
[2025-05-20T20:42:54.938+0300][22308][1592 ][debug][gc,phases] GC(31)         Total                          Min: 0, Avg:  0.0, Max: 0, Diff: 0, Sum: 0, Workers: 8
[2025-05-20T20:42:54.938+0300][22308][1592 ][debug][gc,phases] GC(31)       StringTable Weak               Min:  0.0, Avg:  0.0, Max:  0.0, Diff:  0.0, Sum:  0.1, Workers: 8
[2025-05-20T20:42:54.938+0300][22308][1592 ][debug][gc,phases] GC(31)         Dead                           Min: 0, Avg:  0.0, Max: 0, Diff: 0, Sum: 0, Workers: 8
[2025-05-20T20:42:54.938+0300][22308][1592 ][debug][gc,phases] GC(31)         Total                          Min: 0, Avg: 786.6, Max: 1664, Diff: 1664, Sum: 6293, Workers: 8
[2025-05-20T20:42:54.938+0300][22308][1592 ][debug][gc,phases] GC(31)       ResolvedMethodTable Weak       Min:  0.0, Avg:  0.0, Max:  0.0, Diff:  0.0, Sum:  0.0, Workers: 8
[2025-05-20T20:42:54.938+0300][22308][1592 ][debug][gc,phases] GC(31)         Dead                           Min: 0, Avg:  0.0, Max: 0, Diff: 0, Sum: 0, Workers: 8
[2025-05-20T20:42:54.938+0300][22308][1592 ][debug][gc,phases] GC(31)         Total                          Min: 0, Avg: 111.4, Max: 256, Diff: 256, Sum: 891, Workers: 8
[2025-05-20T20:42:54.938+0300][22308][1592 ][debug][gc,phases] GC(31)       JNI Weak                       Min:  0.0, Avg:  0.0, Max:  0.0, Diff:  0.0, Sum:  0.0, Workers: 8
[2025-05-20T20:42:54.938+0300][22308][1592 ][debug][gc,phases] GC(31)         Dead                           Min: 0, Avg:  0.0, Max: 0, Diff: 0, Sum: 0, Workers: 8
[2025-05-20T20:42:54.938+0300][22308][1592 ][debug][gc,phases] GC(31)         Total                          Min: 0, Avg:  0.0, Max: 0, Diff: 0, Sum: 0, Workers: 8
[2025-05-20T20:42:54.938+0300][22308][1592 ][debug][gc,phases] GC(31)       StringDedup Table Weak         Min:  0.0, Avg:  0.0, Max:  0.0, Diff:  0.0, Sum:  0.0, Workers: 8
[2025-05-20T20:42:54.938+0300][22308][1592 ][debug][gc,phases] GC(31)         Dead                           Min: 0, Avg:  0.0, Max: 0, Diff: 0, Sum: 0, Workers: 8
[2025-05-20T20:42:54.938+0300][22308][1592 ][debug][gc,phases] GC(31)         Total                          Min: 0, Avg:  0.0, Max: 0, Diff: 0, Sum: 0, Workers: 8
[2025-05-20T20:42:54.938+0300][22308][1592 ][debug][gc,phases] GC(31)       StringDedup Requests0 Weak     Min:  0.0, Avg:  0.0, Max:  0.0, Diff:  0.0, Sum:  0.0, Workers: 8
[2025-05-20T20:42:54.938+0300][22308][1592 ][debug][gc,phases] GC(31)         Dead                           Min: 0, Avg:  0.0, Max: 0, Diff: 0, Sum: 0, Workers: 8
[2025-05-20T20:42:54.938+0300][22308][1592 ][debug][gc,phases] GC(31)         Total                          Min: 0, Avg:  0.0, Max: 0, Diff: 0, Sum: 0, Workers: 8
[2025-05-20T20:42:54.938+0300][22308][1592 ][debug][gc,phases] GC(31)       StringDedup Requests1 Weak     Min:  0.0, Avg:  0.0, Max:  0.0, Diff:  0.0, Sum:  0.0, Workers: 8
[2025-05-20T20:42:54.938+0300][22308][1592 ][debug][gc,phases] GC(31)         Dead                           Min: 0, Avg:  0.0, Max: 0, Diff: 0, Sum: 0, Workers: 8
[2025-05-20T20:42:54.938+0300][22308][1592 ][debug][gc,phases] GC(31)         Total                          Min: 0, Avg:  0.0, Max: 0, Diff: 0, Sum: 0, Workers: 8
[2025-05-20T20:42:54.938+0300][22308][1592 ][debug][gc,phases] GC(31)       Weak JFR Old Object Samples    Min:  0.0, Avg:  0.0, Max:  0.0, Diff:  0.0, Sum:  0.0, Workers: 8
[2025-05-20T20:42:54.938+0300][22308][1592 ][debug][gc,phases] GC(31)         Dead                           Min: 0, Avg:  0.0, Max: 0, Diff: 0, Sum: 0, Workers: 8
[2025-05-20T20:42:54.938+0300][22308][1592 ][debug][gc,phases] GC(31)         Total                          Min: 0, Avg:  0.0, Max: 0, Diff: 0, Sum: 0, Workers: 8
[2025-05-20T20:42:54.938+0300][22308][1592 ][debug][gc,phases] GC(31)     Post Evacuate Cleanup 1: 0.5ms
[2025-05-20T20:42:54.938+0300][22308][1592 ][debug][gc,phases] GC(31)       Merge Per-Thread State (ms):   Min:  0.1, Avg:  0.1, Max:  0.1, Diff:  0.0, Sum:  0.1, Workers: 1
[2025-05-20T20:42:54.938+0300][22308][1592 ][debug][gc,phases] GC(31)         Copied Bytes                   Min: 35368, Avg: 93346.0, Max: 125816, Diff: 90448, Sum: 746768, Workers: 8
[2025-05-20T20:42:54.938+0300][22308][1592 ][debug][gc,phases] GC(31)         LAB Waste                      Min: 64, Avg: 219.0, Max: 336, Diff: 272, Sum: 1752, Workers: 8
[2025-05-20T20:42:54.938+0300][22308][1592 ][debug][gc,phases] GC(31)         LAB Undo Waste                 Min: 0, Avg:  0.0, Max: 0, Diff: 0, Sum: 0, Workers: 8
[2025-05-20T20:42:54.938+0300][22308][1592 ][debug][gc,phases] GC(31)       Clear Logged Cards (ms):       Min:  0.0, Avg:  0.2, Max:  0.3, Diff:  0.3, Sum:  1.2, Workers: 7
[2025-05-20T20:42:54.938+0300][22308][1592 ][debug][gc,phases] GC(31)       Recalculate Used Memory (ms):  Min:  0.0, Avg:  0.0, Max:  0.0, Diff:  0.0, Sum:  0.0, Workers: 1
[2025-05-20T20:42:54.938+0300][22308][1592 ][debug][gc,phases] GC(31)     Post Evacuate Cleanup 2: 0.3ms
[2025-05-20T20:42:54.938+0300][22308][1592 ][debug][gc,phases] GC(31)       Update Derived Pointers (ms):  Min:  0.0, Avg:  0.0, Max:  0.0, Diff:  0.0, Sum:  0.0, Workers: 1
[2025-05-20T20:42:54.938+0300][22308][1592 ][debug][gc,phases] GC(31)       Eagerly Reclaim Humongous Objects (ms): Min:  0.0, Avg:  0.0, Max:  0.0, Diff:  0.0, Sum:  0.0, Workers: 1
[2025-05-20T20:42:54.938+0300][22308][1592 ][debug][gc,phases] GC(31)         Humongous Total                Min: 6, Avg:  6.0, Max: 6, Diff: 0, Sum: 6, Workers: 1
[2025-05-20T20:42:54.938+0300][22308][1592 ][debug][gc,phases] GC(31)         Humongous Candidates           Min: 3, Avg:  3.0, Max: 3, Diff: 0, Sum: 3, Workers: 1
[2025-05-20T20:42:54.938+0300][22308][1592 ][debug][gc,phases] GC(31)         Humongous Reclaimed            Min: 0, Avg:  0.0, Max: 0, Diff: 0, Sum: 0, Workers: 1
[2025-05-20T20:42:54.938+0300][22308][1592 ][debug][gc,phases] GC(31)       Redirty Logged Cards (ms):     Min:  0.0, Avg:  0.0, Max:  0.0, Diff:  0.0, Sum:  0.0, Workers: 8
[2025-05-20T20:42:54.938+0300][22308][1592 ][debug][gc,phases] GC(31)         Redirtied Cards:               Min: 0, Avg:  1.2, Max: 10, Diff: 10, Sum: 10, Workers: 8
[2025-05-20T20:42:54.938+0300][22308][1592 ][debug][gc,phases] GC(31)       Resize TLABs (ms):             Min:  0.0, Avg:  0.0, Max:  0.0, Diff:  0.0, Sum:  0.0, Workers: 8
[2025-05-20T20:42:54.938+0300][22308][1592 ][debug][gc,phases] GC(31)       Free Collection Set (ms):      Min:  0.2, Avg:  0.2, Max:  0.2, Diff:  0.0, Sum:  1.7, Workers: 8
[2025-05-20T20:42:54.938+0300][22308][1592 ][debug][gc,phases] GC(31)     Rebuild Free List: 0.2ms
[2025-05-20T20:42:54.938+0300][22308][1592 ][debug][gc,phases] GC(31)     Prepare For Mutator: 0.0ms
[2025-05-20T20:42:54.938+0300][22308][1592 ][debug][gc,phases] GC(31)     Expand Heap After Collection: 0.0ms
[2025-05-20T20:42:54.938+0300][22308][1592 ][info ][gc,phases] GC(31)   Other: 0.1ms
[2025-05-20T20:42:54.938+0300][22308][1592 ][info ][gc,heap  ] GC(31) Eden regions: 1227->0(1227)
[2025-05-20T20:42:54.938+0300][22308][1592 ][info ][gc,heap  ] GC(31) Survivor regions: 1->1(154)
[2025-05-20T20:42:54.938+0300][22308][1592 ][info ][gc,heap  ] GC(31) Old regions: 8->8
[2025-05-20T20:42:54.938+0300][22308][1592 ][info ][gc,heap  ] GC(31) Humongous regions: 12->12
[2025-05-20T20:42:54.938+0300][22308][1592 ][debug][gc,heap  ] GC(31) Heap after GC invocations=32 (full 3):
[2025-05-20T20:42:54.938+0300][22308][1592 ][debug][gc,heap  ] GC(31)  garbage-first heap   total 4194304K, used 29081K [0x0000000700000000, 0x0000000800000000)
[2025-05-20T20:42:54.938+0300][22308][1592 ][debug][gc,heap  ] GC(31)   region size 2048K, 1 young (2048K), 1 survivors (2048K)
[2025-05-20T20:42:54.943+0300][22308][1592 ][debug][gc,heap  ] GC(31)  Metaspace       used 8738K, committed 9792K, reserved 1114112K
[2025-05-20T20:42:54.943+0300][22308][1592 ][debug][gc,heap  ] GC(31)   class space    used 874K, committed 1280K, reserved 1048576K
[2025-05-20T20:42:54.943+0300][22308][1592 ][info ][gc       ] GC(31) Pause Young (Normal) (G1 Evacuation Pause) 2482M->28M(4096M) 4.269ms
[2025-05-20T20:42:54.943+0300][22308][1592 ][info ][safepoint] Safepoint "G1CollectForAllocation", Time since last: 884402800 ns, Reaching safepoint: 448400 ns, Cleanup: 7400 ns, At safepoint: 4324800 ns, Total: 4780600 ns
[2025-05-20T20:42:55.508+0300][22308][1592 ][debug][safepoint] Safepoint synchronization initiated using striped semaphore wait barrier. (11 threads)
