[2025-05-18T20:08:23.671+0300][17540][8564][info][gc,init] CardTable entry size: 512
[2025-05-18T20:08:23.671+0300][17540][8564][info][gc     ] Using G1
[2025-05-18T20:08:23.680+0300][17540][8564][info][gc,init] Version: 21.0.6+8-LTS-188 (release)
[2025-05-18T20:08:23.680+0300][17540][8564][info][gc,init] CPUs: 8 total, 8 available
[2025-05-18T20:08:23.680+0300][17540][8564][info][gc,init] Memory: 16183M
[2025-05-18T20:08:23.681+0300][17540][8564][info][gc,init] Large Page Support: Disabled
[2025-05-18T20:08:23.681+0300][17540][8564][info][gc,init] NUMA Support: Disabled
[2025-05-18T20:08:23.683+0300][17540][8564][info][gc,init] Compressed Oops: Enabled (Zero based)
[2025-05-18T20:08:23.683+0300][17540][8564][info][gc,init] Heap Region Size: 2M
[2025-05-18T20:08:23.683+0300][17540][8564][info][gc,init] Heap Min Capacity: 4G
[2025-05-18T20:08:23.683+0300][17540][8564][info][gc,init] Heap Initial Capacity: 4G
[2025-05-18T20:08:23.683+0300][17540][8564][info][gc,init] Heap Max Capacity: 4G
[2025-05-18T20:08:23.683+0300][17540][8564][info][gc,init] Pre-touch: Disabled
[2025-05-18T20:08:23.683+0300][17540][8564][info][gc,init] Parallel Workers: 8
[2025-05-18T20:08:23.683+0300][17540][8564][info][gc,init] Concurrent Workers: 2
[2025-05-18T20:08:23.683+0300][17540][8564][info][gc,init] Concurrent Refinement Workers: 8
[2025-05-18T20:08:23.683+0300][17540][8564][info][gc,init] Periodic GC: Disabled
[2025-05-18T20:08:23.692+0300][17540][8564][info][gc,metaspace] CDS archive(s) mapped at: [0x000002b130000000-0x000002b130c90000-0x000002b130c90000), size 13172736, SharedBaseAddress: 0x000002b130000000, ArchiveRelocationMode: 1.
[2025-05-18T20:08:23.692+0300][17540][8564][info][gc,metaspace] Compressed class space mapped at: 0x000002b131000000-0x000002b171000000, reserved size: 1073741824
[2025-05-18T20:08:23.692+0300][17540][8564][info][gc,metaspace] Narrow klass base: 0x000002b130000000, Narrow klass shift: 0, Narrow klass range: 0x100000000
[2025-05-18T20:08:28.797+0300][17540][10484][info][gc,start    ] GC(0) Pause Full (System.gc())
[2025-05-18T20:08:28.797+0300][17540][10484][info][gc,task     ] GC(0) Using 8 workers of 8 for full compaction
[2025-05-18T20:08:28.797+0300][17540][10484][info][gc,phases,start] GC(0) Phase 1: Mark live objects
[2025-05-18T20:08:28.800+0300][17540][10484][info][gc,phases      ] GC(0) Phase 1: Mark live objects 2.446ms
[2025-05-18T20:08:28.800+0300][17540][10484][info][gc,phases,start] GC(0) Phase 2: Prepare compaction
[2025-05-18T20:08:28.800+0300][17540][10484][info][gc,phases      ] GC(0) Phase 2: Prepare compaction 0.726ms
[2025-05-18T20:08:28.800+0300][17540][10484][info][gc,phases,start] GC(0) Phase 3: Adjust pointers
[2025-05-18T20:08:28.801+0300][17540][10484][info][gc,phases      ] GC(0) Phase 3: Adjust pointers 1.023ms
[2025-05-18T20:08:28.801+0300][17540][10484][info][gc,phases,start] GC(0) Phase 4: Compact heap
[2025-05-18T20:08:28.802+0300][17540][10484][info][gc,phases      ] GC(0) Phase 4: Compact heap 0.977ms
[2025-05-18T20:08:28.802+0300][17540][10484][info][gc,phases,start] GC(0) Phase 5: Reset Metadata
[2025-05-18T20:08:28.804+0300][17540][10484][info][gc,phases      ] GC(0) Phase 5: Reset Metadata 1.081ms
[2025-05-18T20:08:28.810+0300][17540][10484][info][gc,heap        ] GC(0) Eden regions: 74->0(102)
[2025-05-18T20:08:28.810+0300][17540][10484][info][gc,heap        ] GC(0) Survivor regions: 0->0(0)
[2025-05-18T20:08:28.810+0300][17540][10484][info][gc,heap        ] GC(0) Old regions: 0->8
[2025-05-18T20:08:28.810+0300][17540][10484][info][gc,heap        ] GC(0) Humongous regions: 0->0
[2025-05-18T20:08:28.810+0300][17540][10484][info][gc,metaspace   ] GC(0) Metaspace: 2833K(3008K)->2833K(3008K) NonClass: 2579K(2688K)->2579K(2688K) Class: 254K(320K)->254K(320K)
[2025-05-18T20:08:28.810+0300][17540][10484][info][gc             ] GC(0) Pause Full (System.gc()) 147M->2M(4096M) 13.961ms
[2025-05-18T20:08:28.810+0300][17540][10484][info][gc,cpu         ] GC(0) User=0.11s Sys=0.02s Real=0.01s
[2025-05-18T20:08:29.808+0300][17540][10484][info][gc,start       ] GC(1) Pause Young (Normal) (G1 Evacuation Pause)
[2025-05-18T20:08:29.809+0300][17540][10484][info][gc,task        ] GC(1) Using 8 workers of 8 for evacuation
[2025-05-18T20:08:29.810+0300][17540][10484][info][gc,phases      ] GC(1)   Pre Evacuate Collection Set: 0.3ms
[2025-05-18T20:08:29.810+0300][17540][10484][info][gc,phases      ] GC(1)   Merge Heap Roots: 0.1ms
[2025-05-18T20:08:29.810+0300][17540][10484][info][gc,phases      ] GC(1)   Evacuate Collection Set: 1.3ms
[2025-05-18T20:08:29.810+0300][17540][10484][info][gc,phases      ] GC(1)   Post Evacuate Collection Set: 0.5ms
[2025-05-18T20:08:29.810+0300][17540][10484][info][gc,phases      ] GC(1)   Other: 0.2ms
[2025-05-18T20:08:29.812+0300][17540][10484][info][gc,heap        ] GC(1) Eden regions: 102->0(158)
[2025-05-18T20:08:29.812+0300][17540][10484][info][gc,heap        ] GC(1) Survivor regions: 0->1(13)
[2025-05-18T20:08:29.812+0300][17540][10484][info][gc,heap        ] GC(1) Old regions: 8->8
[2025-05-18T20:08:29.812+0300][17540][10484][info][gc,heap        ] GC(1) Humongous regions: 6->6
[2025-05-18T20:08:29.812+0300][17540][10484][info][gc,metaspace   ] GC(1) Metaspace: 8739K(9344K)->8739K(9344K) NonClass: 7777K(8128K)->7777K(8128K) Class: 962K(1216K)->962K(1216K)
[2025-05-18T20:08:29.812+0300][17540][10484][info][gc             ] GC(1) Pause Young (Normal) (G1 Evacuation Pause) 218M->16M(4096M) 3.191ms
[2025-05-18T20:08:29.812+0300][17540][10484][info][gc,cpu         ] GC(1) User=0.03s Sys=0.09s Real=0.00s
[2025-05-18T20:08:30.026+0300][17540][10484][info][gc,start       ] GC(2) Pause Young (Normal) (G1 Evacuation Pause)
[2025-05-18T20:08:30.026+0300][17540][10484][info][gc,task        ] GC(2) Using 8 workers of 8 for evacuation
[2025-05-18T20:08:30.029+0300][17540][10484][info][gc,phases      ] GC(2)   Pre Evacuate Collection Set: 0.3ms
[2025-05-18T20:08:30.029+0300][17540][10484][info][gc,phases      ] GC(2)   Merge Heap Roots: 0.1ms
[2025-05-18T20:08:30.029+0300][17540][10484][info][gc,phases      ] GC(2)   Evacuate Collection Set: 1.2ms
[2025-05-18T20:08:30.029+0300][17540][10484][info][gc,phases      ] GC(2)   Post Evacuate Collection Set: 0.6ms
[2025-05-18T20:08:30.029+0300][17540][10484][info][gc,phases      ] GC(2)   Other: 0.2ms
[2025-05-18T20:08:30.029+0300][17540][10484][info][gc,heap        ] GC(2) Eden regions: 158->0(1227)
[2025-05-18T20:08:30.029+0300][17540][10484][info][gc,heap        ] GC(2) Survivor regions: 1->1(20)
[2025-05-18T20:08:30.029+0300][17540][10484][info][gc,heap        ] GC(2) Old regions: 8->8
[2025-05-18T20:08:30.029+0300][17540][10484][info][gc,heap        ] GC(2) Humongous regions: 6->6
[2025-05-18T20:08:30.029+0300][17540][10484][info][gc,metaspace   ] GC(2) Metaspace: 8771K(9344K)->8771K(9344K) NonClass: 7809K(8128K)->7809K(8128K) Class: 962K(1216K)->962K(1216K)
[2025-05-18T20:08:30.029+0300][17540][10484][info][gc             ] GC(2) Pause Young (Normal) (G1 Evacuation Pause) 332M->16M(4096M) 2.665ms
[2025-05-18T20:08:30.029+0300][17540][10484][info][gc,cpu         ] GC(2) User=0.02s Sys=0.02s Real=0.00s
[2025-05-18T20:08:31.472+0300][17540][10484][info][gc,start       ] GC(3) Pause Young (Normal) (G1 Evacuation Pause)
[2025-05-18T20:08:31.472+0300][17540][10484][info][gc,task        ] GC(3) Using 8 workers of 8 for evacuation
[2025-05-18T20:08:31.475+0300][17540][10484][info][gc,phases      ] GC(3)   Pre Evacuate Collection Set: 0.4ms
[2025-05-18T20:08:31.475+0300][17540][10484][info][gc,phases      ] GC(3)   Merge Heap Roots: 0.2ms
[2025-05-18T20:08:31.475+0300][17540][10484][info][gc,phases      ] GC(3)   Evacuate Collection Set: 1.4ms
[2025-05-18T20:08:31.475+0300][17540][10484][info][gc,phases      ] GC(3)   Post Evacuate Collection Set: 1.2ms
[2025-05-18T20:08:31.475+0300][17540][10484][info][gc,phases      ] GC(3)   Other: 0.5ms
[2025-05-18T20:08:31.475+0300][17540][10484][info][gc,heap        ] GC(3) Eden regions: 1227->0(1227)
[2025-05-18T20:08:31.475+0300][17540][10484][info][gc,heap        ] GC(3) Survivor regions: 1->1(154)
[2025-05-18T20:08:31.475+0300][17540][10484][info][gc,heap        ] GC(3) Old regions: 8->8
[2025-05-18T20:08:31.475+0300][17540][10484][info][gc,heap        ] GC(3) Humongous regions: 6->6
[2025-05-18T20:08:31.475+0300][17540][10484][info][gc,metaspace   ] GC(3) Metaspace: 8887K(9472K)->8887K(9472K) NonClass: 7922K(8256K)->7922K(8256K) Class: 964K(1216K)->964K(1216K)
[2025-05-18T20:08:31.475+0300][17540][10484][info][gc             ] GC(3) Pause Young (Normal) (G1 Evacuation Pause) 2470M->16M(4096M) 4.136ms
[2025-05-18T20:08:31.475+0300][17540][10484][info][gc,cpu         ] GC(3) User=0.00s Sys=0.00s Real=0.00s
[2025-05-18T20:08:32.370+0300][17540][10484][info][gc,start       ] GC(4) Pause Young (Normal) (G1 Evacuation Pause)
[2025-05-18T20:08:32.370+0300][17540][10484][info][gc,task        ] GC(4) Using 8 workers of 8 for evacuation
[2025-05-18T20:08:32.374+0300][17540][10484][info][gc,phases      ] GC(4)   Pre Evacuate Collection Set: 0.3ms
[2025-05-18T20:08:32.374+0300][17540][10484][info][gc,phases      ] GC(4)   Merge Heap Roots: 0.2ms
[2025-05-18T20:08:32.374+0300][17540][10484][info][gc,phases      ] GC(4)   Evacuate Collection Set: 1.7ms
[2025-05-18T20:08:32.374+0300][17540][10484][info][gc,phases      ] GC(4)   Post Evacuate Collection Set: 1.2ms
[2025-05-18T20:08:32.374+0300][17540][10484][info][gc,phases      ] GC(4)   Other: 0.2ms
[2025-05-18T20:08:32.374+0300][17540][10484][info][gc,heap        ] GC(4) Eden regions: 1227->0(1227)
[2025-05-18T20:08:32.374+0300][17540][10484][info][gc,heap        ] GC(4) Survivor regions: 1->1(154)
[2025-05-18T20:08:32.374+0300][17540][10484][info][gc,heap        ] GC(4) Old regions: 8->8
[2025-05-18T20:08:32.374+0300][17540][10484][info][gc,heap        ] GC(4) Humongous regions: 6->6
[2025-05-18T20:08:32.374+0300][17540][10484][info][gc,metaspace   ] GC(4) Metaspace: 8902K(9472K)->8902K(9472K) NonClass: 7938K(8256K)->7938K(8256K) Class: 964K(1216K)->964K(1216K)
[2025-05-18T20:08:32.374+0300][17540][10484][info][gc             ] GC(4) Pause Young (Normal) (G1 Evacuation Pause) 2470M->16M(4096M) 4.010ms
[2025-05-18T20:08:32.374+0300][17540][10484][info][gc,cpu         ] GC(4) User=0.05s Sys=0.05s Real=0.00s
[2025-05-18T20:08:33.696+0300][17540][10484][info][gc,start       ] GC(5) Pause Young (Normal) (G1 Evacuation Pause)
[2025-05-18T20:08:33.696+0300][17540][10484][info][gc,task        ] GC(5) Using 8 workers of 8 for evacuation
[2025-05-18T20:08:33.700+0300][17540][10484][info][gc,phases      ] GC(5)   Pre Evacuate Collection Set: 0.3ms
[2025-05-18T20:08:33.700+0300][17540][10484][info][gc,phases      ] GC(5)   Merge Heap Roots: 0.3ms
[2025-05-18T20:08:33.700+0300][17540][10484][info][gc,phases      ] GC(5)   Evacuate Collection Set: 2.1ms
[2025-05-18T20:08:33.700+0300][17540][10484][info][gc,phases      ] GC(5)   Post Evacuate Collection Set: 1.2ms
[2025-05-18T20:08:33.700+0300][17540][10484][info][gc,phases      ] GC(5)   Other: 0.2ms
[2025-05-18T20:08:33.700+0300][17540][10484][info][gc,heap        ] GC(5) Eden regions: 1227->0(1227)
[2025-05-18T20:08:33.700+0300][17540][10484][info][gc,heap        ] GC(5) Survivor regions: 1->1(154)
[2025-05-18T20:08:33.700+0300][17540][10484][info][gc,heap        ] GC(5) Old regions: 8->8
[2025-05-18T20:08:33.700+0300][17540][10484][info][gc,heap        ] GC(5) Humongous regions: 6->6
[2025-05-18T20:08:33.700+0300][17540][10484][info][gc,metaspace   ] GC(5) Metaspace: 8910K(9472K)->8910K(9472K) NonClass: 7945K(8256K)->7945K(8256K) Class: 964K(1216K)->964K(1216K)
[2025-05-18T20:08:33.700+0300][17540][10484][info][gc             ] GC(5) Pause Young (Normal) (G1 Evacuation Pause) 2470M->16M(4096M) 4.469ms
[2025-05-18T20:08:33.700+0300][17540][10484][info][gc,cpu         ] GC(5) User=0.00s Sys=0.00s Real=0.00s
[2025-05-18T20:08:34.778+0300][17540][10484][info][gc,start       ] GC(6) Pause Young (Normal) (G1 Evacuation Pause)
[2025-05-18T20:08:34.778+0300][17540][10484][info][gc,task        ] GC(6) Using 8 workers of 8 for evacuation
[2025-05-18T20:08:34.782+0300][17540][10484][info][gc,phases      ] GC(6)   Pre Evacuate Collection Set: 0.6ms
[2025-05-18T20:08:34.782+0300][17540][10484][info][gc,phases      ] GC(6)   Merge Heap Roots: 0.3ms
[2025-05-18T20:08:34.782+0300][17540][10484][info][gc,phases      ] GC(6)   Evacuate Collection Set: 1.6ms
[2025-05-18T20:08:34.782+0300][17540][10484][info][gc,phases      ] GC(6)   Post Evacuate Collection Set: 1.2ms
[2025-05-18T20:08:34.782+0300][17540][10484][info][gc,phases      ] GC(6)   Other: 0.2ms
[2025-05-18T20:08:34.782+0300][17540][10484][info][gc,heap        ] GC(6) Eden regions: 1227->0(1227)
[2025-05-18T20:08:34.782+0300][17540][10484][info][gc,heap        ] GC(6) Survivor regions: 1->1(154)
[2025-05-18T20:08:34.782+0300][17540][10484][info][gc,heap        ] GC(6) Old regions: 8->8
[2025-05-18T20:08:34.782+0300][17540][10484][info][gc,heap        ] GC(6) Humongous regions: 6->6
[2025-05-18T20:08:34.782+0300][17540][10484][info][gc,metaspace   ] GC(6) Metaspace: 8912K(9472K)->8912K(9472K) NonClass: 7947K(8256K)->7947K(8256K) Class: 964K(1216K)->964K(1216K)
[2025-05-18T20:08:34.782+0300][17540][10484][info][gc             ] GC(6) Pause Young (Normal) (G1 Evacuation Pause) 2470M->16M(4096M) 4.362ms
[2025-05-18T20:08:34.782+0300][17540][10484][info][gc,cpu         ] GC(6) User=0.03s Sys=0.00s Real=0.00s
[2025-05-18T20:08:35.760+0300][17540][10484][info][gc,start       ] GC(7) Pause Young (Normal) (G1 Evacuation Pause)
[2025-05-18T20:08:35.760+0300][17540][10484][info][gc,task        ] GC(7) Using 8 workers of 8 for evacuation
[2025-05-18T20:08:35.764+0300][17540][10484][info][gc,phases      ] GC(7)   Pre Evacuate Collection Set: 0.4ms
[2025-05-18T20:08:35.764+0300][17540][10484][info][gc,phases      ] GC(7)   Merge Heap Roots: 0.3ms
[2025-05-18T20:08:35.764+0300][17540][10484][info][gc,phases      ] GC(7)   Evacuate Collection Set: 1.7ms
[2025-05-18T20:08:35.764+0300][17540][10484][info][gc,phases      ] GC(7)   Post Evacuate Collection Set: 1.4ms
[2025-05-18T20:08:35.764+0300][17540][10484][info][gc,phases      ] GC(7)   Other: 0.2ms
[2025-05-18T20:08:35.764+0300][17540][10484][info][gc,heap        ] GC(7) Eden regions: 1227->0(1227)
[2025-05-18T20:08:35.764+0300][17540][10484][info][gc,heap        ] GC(7) Survivor regions: 1->1(154)
[2025-05-18T20:08:35.764+0300][17540][10484][info][gc,heap        ] GC(7) Old regions: 8->8
[2025-05-18T20:08:35.764+0300][17540][10484][info][gc,heap        ] GC(7) Humongous regions: 6->6
[2025-05-18T20:08:35.764+0300][17540][10484][info][gc,metaspace   ] GC(7) Metaspace: 8912K(9472K)->8912K(9472K) NonClass: 7947K(8256K)->7947K(8256K) Class: 964K(1216K)->964K(1216K)
[2025-05-18T20:08:35.764+0300][17540][10484][info][gc             ] GC(7) Pause Young (Normal) (G1 Evacuation Pause) 2470M->16M(4096M) 4.457ms
[2025-05-18T20:08:35.764+0300][17540][10484][info][gc,cpu         ] GC(7) User=0.00s Sys=0.02s Real=0.00s
[2025-05-18T20:08:36.855+0300][17540][10484][info][gc,start       ] GC(8) Pause Young (Normal) (G1 Evacuation Pause)
[2025-05-18T20:08:36.857+0300][17540][10484][info][gc,task        ] GC(8) Using 8 workers of 8 for evacuation
[2025-05-18T20:08:36.860+0300][17540][10484][info][gc,phases      ] GC(8)   Pre Evacuate Collection Set: 0.4ms
[2025-05-18T20:08:36.860+0300][17540][10484][info][gc,phases      ] GC(8)   Merge Heap Roots: 0.3ms
[2025-05-18T20:08:36.860+0300][17540][10484][info][gc,phases      ] GC(8)   Evacuate Collection Set: 1.8ms
[2025-05-18T20:08:36.860+0300][17540][10484][info][gc,phases      ] GC(8)   Post Evacuate Collection Set: 1.3ms
[2025-05-18T20:08:36.860+0300][17540][10484][info][gc,phases      ] GC(8)   Other: 0.2ms
[2025-05-18T20:08:36.860+0300][17540][10484][info][gc,heap        ] GC(8) Eden regions: 1227->0(1227)
[2025-05-18T20:08:36.860+0300][17540][10484][info][gc,heap        ] GC(8) Survivor regions: 1->1(154)
[2025-05-18T20:08:36.860+0300][17540][10484][info][gc,heap        ] GC(8) Old regions: 8->8
[2025-05-18T20:08:36.860+0300][17540][10484][info][gc,heap        ] GC(8) Humongous regions: 6->6
[2025-05-18T20:08:36.860+0300][17540][10484][info][gc,metaspace   ] GC(8) Metaspace: 8916K(9472K)->8916K(9472K) NonClass: 7951K(8256K)->7951K(8256K) Class: 964K(1216K)->964K(1216K)
[2025-05-18T20:08:36.861+0300][17540][10484][info][gc             ] GC(8) Pause Young (Normal) (G1 Evacuation Pause) 2470M->16M(4096M) 4.503ms
[2025-05-18T20:08:36.861+0300][17540][10484][info][gc,cpu         ] GC(8) User=0.02s Sys=0.00s Real=0.01s
[2025-05-18T20:08:37.995+0300][17540][10484][info][gc,start       ] GC(9) Pause Young (Normal) (G1 Evacuation Pause)
[2025-05-18T20:08:37.995+0300][17540][10484][info][gc,task        ] GC(9) Using 8 workers of 8 for evacuation
[2025-05-18T20:08:37.999+0300][17540][10484][info][gc,phases      ] GC(9)   Pre Evacuate Collection Set: 0.3ms
[2025-05-18T20:08:37.999+0300][17540][10484][info][gc,phases      ] GC(9)   Merge Heap Roots: 0.3ms
[2025-05-18T20:08:37.999+0300][17540][10484][info][gc,phases      ] GC(9)   Evacuate Collection Set: 1.8ms
[2025-05-18T20:08:38.000+0300][17540][10484][info][gc,phases      ] GC(9)   Post Evacuate Collection Set: 1.3ms
[2025-05-18T20:08:38.000+0300][17540][10484][info][gc,phases      ] GC(9)   Other: 0.2ms
[2025-05-18T20:08:38.000+0300][17540][10484][info][gc,heap        ] GC(9) Eden regions: 1227->0(1227)
[2025-05-18T20:08:38.000+0300][17540][10484][info][gc,heap        ] GC(9) Survivor regions: 1->1(154)
[2025-05-18T20:08:38.000+0300][17540][10484][info][gc,heap        ] GC(9) Old regions: 8->8
[2025-05-18T20:08:38.000+0300][17540][10484][info][gc,heap        ] GC(9) Humongous regions: 6->6
[2025-05-18T20:08:38.000+0300][17540][10484][info][gc,metaspace   ] GC(9) Metaspace: 8916K(9472K)->8916K(9472K) NonClass: 7951K(8256K)->7951K(8256K) Class: 964K(1216K)->964K(1216K)
[2025-05-18T20:08:38.000+0300][17540][10484][info][gc             ] GC(9) Pause Young (Normal) (G1 Evacuation Pause) 2470M->16M(4096M) 4.375ms
[2025-05-18T20:08:38.000+0300][17540][10484][info][gc,cpu         ] GC(9) User=0.06s Sys=0.05s Real=0.01s
[2025-05-18T20:08:38.975+0300][17540][10484][info][gc,start       ] GC(10) Pause Young (Normal) (G1 Evacuation Pause)
[2025-05-18T20:08:38.975+0300][17540][10484][info][gc,task        ] GC(10) Using 8 workers of 8 for evacuation
[2025-05-18T20:08:38.978+0300][17540][10484][info][gc,phases      ] GC(10)   Pre Evacuate Collection Set: 0.3ms
[2025-05-18T20:08:38.978+0300][17540][10484][info][gc,phases      ] GC(10)   Merge Heap Roots: 0.2ms
[2025-05-18T20:08:38.978+0300][17540][10484][info][gc,phases      ] GC(10)   Evacuate Collection Set: 1.5ms
[2025-05-18T20:08:38.978+0300][17540][10484][info][gc,phases      ] GC(10)   Post Evacuate Collection Set: 1.4ms
[2025-05-18T20:08:38.978+0300][17540][10484][info][gc,phases      ] GC(10)   Other: 0.2ms
[2025-05-18T20:08:38.978+0300][17540][10484][info][gc,heap        ] GC(10) Eden regions: 1227->0(1227)
[2025-05-18T20:08:38.978+0300][17540][10484][info][gc,heap        ] GC(10) Survivor regions: 1->1(154)
[2025-05-18T20:08:38.978+0300][17540][10484][info][gc,heap        ] GC(10) Old regions: 8->8
[2025-05-18T20:08:38.978+0300][17540][10484][info][gc,heap        ] GC(10) Humongous regions: 6->6
[2025-05-18T20:08:38.978+0300][17540][10484][info][gc,metaspace   ] GC(10) Metaspace: 8917K(9472K)->8917K(9472K) NonClass: 7953K(8256K)->7953K(8256K) Class: 964K(1216K)->964K(1216K)
[2025-05-18T20:08:38.980+0300][17540][10484][info][gc             ] GC(10) Pause Young (Normal) (G1 Evacuation Pause) 2470M->16M(4096M) 4.086ms
[2025-05-18T20:08:38.980+0300][17540][10484][info][gc,cpu         ] GC(10) User=0.00s Sys=0.00s Real=0.01s
[2025-05-18T20:08:39.975+0300][17540][10484][info][gc,start       ] GC(11) Pause Young (Normal) (G1 Evacuation Pause)
[2025-05-18T20:08:39.977+0300][17540][10484][info][gc,task        ] GC(11) Using 8 workers of 8 for evacuation
[2025-05-18T20:08:39.980+0300][17540][10484][info][gc,phases      ] GC(11)   Pre Evacuate Collection Set: 0.3ms
[2025-05-18T20:08:39.980+0300][17540][10484][info][gc,phases      ] GC(11)   Merge Heap Roots: 0.3ms
[2025-05-18T20:08:39.980+0300][17540][10484][info][gc,phases      ] GC(11)   Evacuate Collection Set: 1.7ms
[2025-05-18T20:08:39.980+0300][17540][10484][info][gc,phases      ] GC(11)   Post Evacuate Collection Set: 1.4ms
[2025-05-18T20:08:39.980+0300][17540][10484][info][gc,phases      ] GC(11)   Other: 0.2ms
[2025-05-18T20:08:39.980+0300][17540][10484][info][gc,heap        ] GC(11) Eden regions: 1227->0(1227)
[2025-05-18T20:08:39.980+0300][17540][10484][info][gc,heap        ] GC(11) Survivor regions: 1->1(154)
[2025-05-18T20:08:39.980+0300][17540][10484][info][gc,heap        ] GC(11) Old regions: 8->8
[2025-05-18T20:08:39.980+0300][17540][10484][info][gc,heap        ] GC(11) Humongous regions: 6->6
[2025-05-18T20:08:39.980+0300][17540][10484][info][gc,metaspace   ] GC(11) Metaspace: 8918K(9472K)->8918K(9472K) NonClass: 7953K(8256K)->7953K(8256K) Class: 964K(1216K)->964K(1216K)
[2025-05-18T20:08:39.980+0300][17540][10484][info][gc             ] GC(11) Pause Young (Normal) (G1 Evacuation Pause) 2470M->16M(4096M) 4.351ms
[2025-05-18T20:08:39.980+0300][17540][10484][info][gc,cpu         ] GC(11) User=0.00s Sys=0.00s Real=0.01s
[2025-05-18T20:08:40.789+0300][17540][10484][info][gc,start       ] GC(12) Pause Full (System.gc())
[2025-05-18T20:08:40.789+0300][17540][10484][info][gc,task        ] GC(12) Using 8 workers of 8 for full compaction
[2025-05-18T20:08:40.790+0300][17540][10484][info][gc,phases,start] GC(12) Phase 1: Mark live objects
[2025-05-18T20:08:40.795+0300][17540][10484][info][gc,phases      ] GC(12) Phase 1: Mark live objects 5.538ms
[2025-05-18T20:08:40.795+0300][17540][10484][info][gc,phases,start] GC(12) Phase 2: Prepare compaction
[2025-05-18T20:08:40.797+0300][17540][10484][info][gc,phases      ] GC(12) Phase 2: Prepare compaction 1.114ms
[2025-05-18T20:08:40.797+0300][17540][10484][info][gc,phases,start] GC(12) Phase 3: Adjust pointers
[2025-05-18T20:08:40.801+0300][17540][10484][info][gc,phases      ] GC(12) Phase 3: Adjust pointers 4.268ms
[2025-05-18T20:08:40.801+0300][17540][10484][info][gc,phases,start] GC(12) Phase 4: Compact heap
[2025-05-18T20:08:40.802+0300][17540][10484][info][gc,phases      ] GC(12) Phase 4: Compact heap 1.462ms
[2025-05-18T20:08:40.802+0300][17540][10484][info][gc,phases,start] GC(12) Phase 5: Reset Metadata
[2025-05-18T20:08:40.803+0300][17540][10484][info][gc,phases      ] GC(12) Phase 5: Reset Metadata 1.006ms
[2025-05-18T20:08:40.811+0300][17540][10484][info][gc,heap        ] GC(12) Eden regions: 237->0(1228)
[2025-05-18T20:08:40.811+0300][17540][10484][info][gc,heap        ] GC(12) Survivor regions: 1->0(154)
[2025-05-18T20:08:40.811+0300][17540][10484][info][gc,heap        ] GC(12) Old regions: 8->8
[2025-05-18T20:08:40.811+0300][17540][10484][info][gc,heap        ] GC(12) Humongous regions: 12->6
[2025-05-18T20:08:40.811+0300][17540][10484][info][gc,metaspace   ] GC(12) Metaspace: 9104K(9664K)->8680K(9664K) NonClass: 8120K(8448K)->7813K(8448K) Class: 983K(1216K)->867K(1216K)
[2025-05-18T20:08:40.811+0300][17540][10484][info][gc             ] GC(12) Pause Full (System.gc()) 502M->15M(4096M) 22.168ms
[2025-05-18T20:08:40.811+0300][17540][10484][info][gc,cpu         ] GC(12) User=0.09s Sys=0.03s Real=0.02s
[2025-05-18T20:08:41.923+0300][17540][10484][info][gc,start       ] GC(13) Pause Young (Normal) (G1 Evacuation Pause)
[2025-05-18T20:08:41.924+0300][17540][10484][info][gc,task        ] GC(13) Using 8 workers of 8 for evacuation
[2025-05-18T20:08:41.927+0300][17540][10484][info][gc,phases      ] GC(13)   Pre Evacuate Collection Set: 0.4ms
[2025-05-18T20:08:41.927+0300][17540][10484][info][gc,phases      ] GC(13)   Merge Heap Roots: 0.3ms
[2025-05-18T20:08:41.927+0300][17540][10484][info][gc,phases      ] GC(13)   Evacuate Collection Set: 0.7ms
[2025-05-18T20:08:41.927+0300][17540][10484][info][gc,phases      ] GC(13)   Post Evacuate Collection Set: 1.1ms
[2025-05-18T20:08:41.927+0300][17540][10484][info][gc,phases      ] GC(13)   Other: 0.3ms
[2025-05-18T20:08:41.927+0300][17540][10484][info][gc,heap        ] GC(13) Eden regions: 1228->0(1227)
[2025-05-18T20:08:41.927+0300][17540][10484][info][gc,heap        ] GC(13) Survivor regions: 0->1(154)
[2025-05-18T20:08:41.927+0300][17540][10484][info][gc,heap        ] GC(13) Old regions: 8->8
[2025-05-18T20:08:41.927+0300][17540][10484][info][gc,heap        ] GC(13) Humongous regions: 12->12
[2025-05-18T20:08:41.927+0300][17540][10484][info][gc,metaspace   ] GC(13) Metaspace: 8680K(9664K)->8680K(9664K) NonClass: 7813K(8448K)->7813K(8448K) Class: 867K(1216K)->867K(1216K)
[2025-05-18T20:08:41.927+0300][17540][10484][info][gc             ] GC(13) Pause Young (Normal) (G1 Evacuation Pause) 2483M->28M(4096M) 3.240ms
[2025-05-18T20:08:41.927+0300][17540][10484][info][gc,cpu         ] GC(13) User=0.00s Sys=0.00s Real=0.00s
[2025-05-18T20:08:42.795+0300][17540][10484][info][gc,start       ] GC(14) Pause Young (Normal) (G1 Evacuation Pause)
[2025-05-18T20:08:42.795+0300][17540][10484][info][gc,task        ] GC(14) Using 8 workers of 8 for evacuation
[2025-05-18T20:08:42.798+0300][17540][10484][info][gc,phases      ] GC(14)   Pre Evacuate Collection Set: 0.4ms
[2025-05-18T20:08:42.798+0300][17540][10484][info][gc,phases      ] GC(14)   Merge Heap Roots: 0.2ms
[2025-05-18T20:08:42.798+0300][17540][10484][info][gc,phases      ] GC(14)   Evacuate Collection Set: 1.1ms
[2025-05-18T20:08:42.798+0300][17540][10484][info][gc,phases      ] GC(14)   Post Evacuate Collection Set: 1.2ms
[2025-05-18T20:08:42.798+0300][17540][10484][info][gc,phases      ] GC(14)   Other: 0.2ms
[2025-05-18T20:08:42.798+0300][17540][10484][info][gc,heap        ] GC(14) Eden regions: 1227->0(1227)
[2025-05-18T20:08:42.798+0300][17540][10484][info][gc,heap        ] GC(14) Survivor regions: 1->1(154)
[2025-05-18T20:08:42.798+0300][17540][10484][info][gc,heap        ] GC(14) Old regions: 8->8
[2025-05-18T20:08:42.798+0300][17540][10484][info][gc,heap        ] GC(14) Humongous regions: 12->12
[2025-05-18T20:08:42.798+0300][17540][10484][info][gc,metaspace   ] GC(14) Metaspace: 8680K(9664K)->8680K(9664K) NonClass: 7813K(8448K)->7813K(8448K) Class: 867K(1216K)->867K(1216K)
[2025-05-18T20:08:42.798+0300][17540][10484][info][gc             ] GC(14) Pause Young (Normal) (G1 Evacuation Pause) 2482M->28M(4096M) 3.514ms
[2025-05-18T20:08:42.798+0300][17540][10484][info][gc,cpu         ] GC(14) User=0.00s Sys=0.00s Real=0.00s
[2025-05-18T20:08:43.797+0300][17540][10484][info][gc,start       ] GC(15) Pause Young (Normal) (G1 Evacuation Pause)
[2025-05-18T20:08:43.797+0300][17540][10484][info][gc,task        ] GC(15) Using 8 workers of 8 for evacuation
[2025-05-18T20:08:43.800+0300][17540][10484][info][gc,phases      ] GC(15)   Pre Evacuate Collection Set: 0.4ms
[2025-05-18T20:08:43.801+0300][17540][10484][info][gc,phases      ] GC(15)   Merge Heap Roots: 0.3ms
[2025-05-18T20:08:43.801+0300][17540][10484][info][gc,phases      ] GC(15)   Evacuate Collection Set: 0.7ms
[2025-05-18T20:08:43.801+0300][17540][10484][info][gc,phases      ] GC(15)   Post Evacuate Collection Set: 1.1ms
[2025-05-18T20:08:43.801+0300][17540][10484][info][gc,phases      ] GC(15)   Other: 0.2ms
[2025-05-18T20:08:43.801+0300][17540][10484][info][gc,heap        ] GC(15) Eden regions: 1227->0(1227)
[2025-05-18T20:08:43.801+0300][17540][10484][info][gc,heap        ] GC(15) Survivor regions: 1->1(154)
[2025-05-18T20:08:43.801+0300][17540][10484][info][gc,heap        ] GC(15) Old regions: 8->8
[2025-05-18T20:08:43.801+0300][17540][10484][info][gc,heap        ] GC(15) Humongous regions: 12->12
[2025-05-18T20:08:43.801+0300][17540][10484][info][gc,metaspace   ] GC(15) Metaspace: 8680K(9664K)->8680K(9664K) NonClass: 7813K(8448K)->7813K(8448K) Class: 867K(1216K)->867K(1216K)
[2025-05-18T20:08:43.801+0300][17540][10484][info][gc             ] GC(15) Pause Young (Normal) (G1 Evacuation Pause) 2482M->28M(4096M) 3.089ms
[2025-05-18T20:08:43.801+0300][17540][10484][info][gc,cpu         ] GC(15) User=0.00s Sys=0.00s Real=0.00s
[2025-05-18T20:08:44.920+0300][17540][10484][info][gc,start       ] GC(16) Pause Young (Normal) (G1 Evacuation Pause)
[2025-05-18T20:08:44.920+0300][17540][10484][info][gc,task        ] GC(16) Using 8 workers of 8 for evacuation
[2025-05-18T20:08:44.923+0300][17540][10484][info][gc,phases      ] GC(16)   Pre Evacuate Collection Set: 0.3ms
[2025-05-18T20:08:44.923+0300][17540][10484][info][gc,phases      ] GC(16)   Merge Heap Roots: 0.3ms
[2025-05-18T20:08:44.923+0300][17540][10484][info][gc,phases      ] GC(16)   Evacuate Collection Set: 0.7ms
[2025-05-18T20:08:44.923+0300][17540][10484][info][gc,phases      ] GC(16)   Post Evacuate Collection Set: 1.1ms
[2025-05-18T20:08:44.923+0300][17540][10484][info][gc,phases      ] GC(16)   Other: 0.2ms
[2025-05-18T20:08:44.923+0300][17540][10484][info][gc,heap        ] GC(16) Eden regions: 1227->0(1227)
[2025-05-18T20:08:44.923+0300][17540][10484][info][gc,heap        ] GC(16) Survivor regions: 1->1(154)
[2025-05-18T20:08:44.923+0300][17540][10484][info][gc,heap        ] GC(16) Old regions: 8->8
[2025-05-18T20:08:44.923+0300][17540][10484][info][gc,heap        ] GC(16) Humongous regions: 12->12
[2025-05-18T20:08:44.923+0300][17540][10484][info][gc,metaspace   ] GC(16) Metaspace: 8680K(9664K)->8680K(9664K) NonClass: 7813K(8448K)->7813K(8448K) Class: 867K(1216K)->867K(1216K)
[2025-05-18T20:08:44.923+0300][17540][10484][info][gc             ] GC(16) Pause Young (Normal) (G1 Evacuation Pause) 2482M->28M(4096M) 3.082ms
[2025-05-18T20:08:44.923+0300][17540][10484][info][gc,cpu         ] GC(16) User=0.00s Sys=0.00s Real=0.00s
[2025-05-18T20:08:45.855+0300][17540][10484][info][gc,start       ] GC(17) Pause Young (Normal) (G1 Evacuation Pause)
[2025-05-18T20:08:45.855+0300][17540][10484][info][gc,task        ] GC(17) Using 8 workers of 8 for evacuation
[2025-05-18T20:08:45.859+0300][17540][10484][info][gc,phases      ] GC(17)   Pre Evacuate Collection Set: 0.3ms
[2025-05-18T20:08:45.859+0300][17540][10484][info][gc,phases      ] GC(17)   Merge Heap Roots: 0.2ms
[2025-05-18T20:08:45.859+0300][17540][10484][info][gc,phases      ] GC(17)   Evacuate Collection Set: 0.8ms
[2025-05-18T20:08:45.859+0300][17540][10484][info][gc,phases      ] GC(17)   Post Evacuate Collection Set: 1.4ms
[2025-05-18T20:08:45.859+0300][17540][10484][info][gc,phases      ] GC(17)   Other: 0.2ms
[2025-05-18T20:08:45.859+0300][17540][10484][info][gc,heap        ] GC(17) Eden regions: 1227->0(1227)
[2025-05-18T20:08:45.859+0300][17540][10484][info][gc,heap        ] GC(17) Survivor regions: 1->1(154)
[2025-05-18T20:08:45.859+0300][17540][10484][info][gc,heap        ] GC(17) Old regions: 8->8
[2025-05-18T20:08:45.859+0300][17540][10484][info][gc,heap        ] GC(17) Humongous regions: 12->12
[2025-05-18T20:08:45.859+0300][17540][10484][info][gc,metaspace   ] GC(17) Metaspace: 8680K(9664K)->8680K(9664K) NonClass: 7813K(8448K)->7813K(8448K) Class: 867K(1216K)->867K(1216K)
[2025-05-18T20:08:45.859+0300][17540][10484][info][gc             ] GC(17) Pause Young (Normal) (G1 Evacuation Pause) 2482M->28M(4096M) 3.318ms
[2025-05-18T20:08:45.859+0300][17540][10484][info][gc,cpu         ] GC(17) User=0.03s Sys=0.00s Real=0.00s
[2025-05-18T20:08:47.024+0300][17540][10484][info][gc,start       ] GC(18) Pause Young (Normal) (G1 Evacuation Pause)
[2025-05-18T20:08:47.024+0300][17540][10484][info][gc,task        ] GC(18) Using 8 workers of 8 for evacuation
[2025-05-18T20:08:47.027+0300][17540][10484][info][gc,phases      ] GC(18)   Pre Evacuate Collection Set: 0.3ms
[2025-05-18T20:08:47.027+0300][17540][10484][info][gc,phases      ] GC(18)   Merge Heap Roots: 0.2ms
[2025-05-18T20:08:47.027+0300][17540][10484][info][gc,phases      ] GC(18)   Evacuate Collection Set: 0.7ms
[2025-05-18T20:08:47.027+0300][17540][10484][info][gc,phases      ] GC(18)   Post Evacuate Collection Set: 1.0ms
[2025-05-18T20:08:47.027+0300][17540][10484][info][gc,phases      ] GC(18)   Other: 0.2ms
[2025-05-18T20:08:47.027+0300][17540][10484][info][gc,heap        ] GC(18) Eden regions: 1227->0(1227)
[2025-05-18T20:08:47.027+0300][17540][10484][info][gc,heap        ] GC(18) Survivor regions: 1->1(154)
[2025-05-18T20:08:47.027+0300][17540][10484][info][gc,heap        ] GC(18) Old regions: 8->8
[2025-05-18T20:08:47.027+0300][17540][10484][info][gc,heap        ] GC(18) Humongous regions: 12->12
[2025-05-18T20:08:47.027+0300][17540][10484][info][gc,metaspace   ] GC(18) Metaspace: 8680K(9664K)->8680K(9664K) NonClass: 7813K(8448K)->7813K(8448K) Class: 867K(1216K)->867K(1216K)
[2025-05-18T20:08:47.027+0300][17540][10484][info][gc             ] GC(18) Pause Young (Normal) (G1 Evacuation Pause) 2482M->28M(4096M) 3.027ms
[2025-05-18T20:08:47.027+0300][17540][10484][info][gc,cpu         ] GC(18) User=0.00s Sys=0.00s Real=0.00s
[2025-05-18T20:08:47.989+0300][17540][10484][info][gc,start       ] GC(19) Pause Young (Normal) (G1 Evacuation Pause)
[2025-05-18T20:08:47.989+0300][17540][10484][info][gc,task        ] GC(19) Using 8 workers of 8 for evacuation
[2025-05-18T20:08:47.992+0300][17540][10484][info][gc,phases      ] GC(19)   Pre Evacuate Collection Set: 0.3ms
[2025-05-18T20:08:47.992+0300][17540][10484][info][gc,phases      ] GC(19)   Merge Heap Roots: 0.2ms
[2025-05-18T20:08:47.992+0300][17540][10484][info][gc,phases      ] GC(19)   Evacuate Collection Set: 0.8ms
[2025-05-18T20:08:47.992+0300][17540][10484][info][gc,phases      ] GC(19)   Post Evacuate Collection Set: 1.1ms
[2025-05-18T20:08:47.992+0300][17540][10484][info][gc,phases      ] GC(19)   Other: 0.2ms
[2025-05-18T20:08:47.992+0300][17540][10484][info][gc,heap        ] GC(19) Eden regions: 1227->0(1227)
[2025-05-18T20:08:47.992+0300][17540][10484][info][gc,heap        ] GC(19) Survivor regions: 1->1(154)
[2025-05-18T20:08:47.992+0300][17540][10484][info][gc,heap        ] GC(19) Old regions: 8->8
[2025-05-18T20:08:47.992+0300][17540][10484][info][gc,heap        ] GC(19) Humongous regions: 12->12
[2025-05-18T20:08:47.992+0300][17540][10484][info][gc,metaspace   ] GC(19) Metaspace: 8680K(9664K)->8680K(9664K) NonClass: 7813K(8448K)->7813K(8448K) Class: 867K(1216K)->867K(1216K)
[2025-05-18T20:08:47.992+0300][17540][10484][info][gc             ] GC(19) Pause Young (Normal) (G1 Evacuation Pause) 2482M->28M(4096M) 3.198ms
[2025-05-18T20:08:47.992+0300][17540][10484][info][gc,cpu         ] GC(19) User=0.00s Sys=0.00s Real=0.00s
[2025-05-18T20:08:48.897+0300][17540][10484][info][gc,start       ] GC(20) Pause Young (Normal) (G1 Evacuation Pause)
[2025-05-18T20:08:48.897+0300][17540][10484][info][gc,task        ] GC(20) Using 8 workers of 8 for evacuation
[2025-05-18T20:08:48.899+0300][17540][10484][info][gc,phases      ] GC(20)   Pre Evacuate Collection Set: 0.4ms
[2025-05-18T20:08:48.899+0300][17540][10484][info][gc,phases      ] GC(20)   Merge Heap Roots: 0.2ms
[2025-05-18T20:08:48.899+0300][17540][10484][info][gc,phases      ] GC(20)   Evacuate Collection Set: 0.7ms
[2025-05-18T20:08:48.899+0300][17540][10484][info][gc,phases      ] GC(20)   Post Evacuate Collection Set: 1.1ms
[2025-05-18T20:08:48.899+0300][17540][10484][info][gc,phases      ] GC(20)   Other: 0.2ms
[2025-05-18T20:08:48.899+0300][17540][10484][info][gc,heap        ] GC(20) Eden regions: 1227->0(1227)
[2025-05-18T20:08:48.899+0300][17540][10484][info][gc,heap        ] GC(20) Survivor regions: 1->1(154)
[2025-05-18T20:08:48.899+0300][17540][10484][info][gc,heap        ] GC(20) Old regions: 8->8
[2025-05-18T20:08:48.899+0300][17540][10484][info][gc,heap        ] GC(20) Humongous regions: 12->12
[2025-05-18T20:08:48.899+0300][17540][10484][info][gc,metaspace   ] GC(20) Metaspace: 8680K(9664K)->8680K(9664K) NonClass: 7813K(8448K)->7813K(8448K) Class: 867K(1216K)->867K(1216K)
[2025-05-18T20:08:48.899+0300][17540][10484][info][gc             ] GC(20) Pause Young (Normal) (G1 Evacuation Pause) 2482M->28M(4096M) 3.044ms
[2025-05-18T20:08:48.899+0300][17540][10484][info][gc,cpu         ] GC(20) User=0.00s Sys=0.00s Real=0.00s
[2025-05-18T20:08:49.846+0300][17540][10484][info][gc,start       ] GC(21) Pause Young (Normal) (G1 Evacuation Pause)
[2025-05-18T20:08:49.846+0300][17540][10484][info][gc,task        ] GC(21) Using 8 workers of 8 for evacuation
[2025-05-18T20:08:49.848+0300][17540][10484][info][gc,phases      ] GC(21)   Pre Evacuate Collection Set: 0.4ms
[2025-05-18T20:08:49.848+0300][17540][10484][info][gc,phases      ] GC(21)   Merge Heap Roots: 0.2ms
[2025-05-18T20:08:49.848+0300][17540][10484][info][gc,phases      ] GC(21)   Evacuate Collection Set: 0.7ms
[2025-05-18T20:08:49.848+0300][17540][10484][info][gc,phases      ] GC(21)   Post Evacuate Collection Set: 1.2ms
[2025-05-18T20:08:49.848+0300][17540][10484][info][gc,phases      ] GC(21)   Other: 0.2ms
[2025-05-18T20:08:49.848+0300][17540][10484][info][gc,heap        ] GC(21) Eden regions: 1227->0(1227)
[2025-05-18T20:08:49.848+0300][17540][10484][info][gc,heap        ] GC(21) Survivor regions: 1->1(154)
[2025-05-18T20:08:49.848+0300][17540][10484][info][gc,heap        ] GC(21) Old regions: 8->8
[2025-05-18T20:08:49.848+0300][17540][10484][info][gc,heap        ] GC(21) Humongous regions: 12->12
[2025-05-18T20:08:49.848+0300][17540][10484][info][gc,metaspace   ] GC(21) Metaspace: 8680K(9664K)->8680K(9664K) NonClass: 7813K(8448K)->7813K(8448K) Class: 867K(1216K)->867K(1216K)
[2025-05-18T20:08:49.848+0300][17540][10484][info][gc             ] GC(21) Pause Young (Normal) (G1 Evacuation Pause) 2482M->28M(4096M) 3.385ms
[2025-05-18T20:08:49.849+0300][17540][10484][info][gc,cpu         ] GC(21) User=0.00s Sys=0.00s Real=0.00s
[2025-05-18T20:08:50.602+0300][17540][10484][info][gc,start       ] GC(22) Pause Full (System.gc())
[2025-05-18T20:08:50.602+0300][17540][10484][info][gc,task        ] GC(22) Using 8 workers of 8 for full compaction
[2025-05-18T20:08:50.603+0300][17540][10484][info][gc,phases,start] GC(22) Phase 1: Mark live objects
[2025-05-18T20:08:50.607+0300][17540][10484][info][gc,phases      ] GC(22) Phase 1: Mark live objects 3.498ms
[2025-05-18T20:08:50.607+0300][17540][10484][info][gc,phases,start] GC(22) Phase 2: Prepare compaction
[2025-05-18T20:08:50.608+0300][17540][10484][info][gc,phases      ] GC(22) Phase 2: Prepare compaction 0.972ms
[2025-05-18T20:08:50.608+0300][17540][10484][info][gc,phases,start] GC(22) Phase 3: Adjust pointers
[2025-05-18T20:08:50.610+0300][17540][10484][info][gc,phases      ] GC(22) Phase 3: Adjust pointers 2.898ms
[2025-05-18T20:08:50.610+0300][17540][10484][info][gc,phases,start] GC(22) Phase 4: Compact heap
[2025-05-18T20:08:50.611+0300][17540][10484][info][gc,phases      ] GC(22) Phase 4: Compact heap 1.081ms
[2025-05-18T20:08:50.611+0300][17540][10484][info][gc,phases,start] GC(22) Phase 5: Reset Metadata
[2025-05-18T20:08:50.612+0300][17540][10484][info][gc,phases      ] GC(22) Phase 5: Reset Metadata 0.973ms
[2025-05-18T20:08:50.620+0300][17540][10484][info][gc,heap        ] GC(22) Eden regions: 479->0(1228)
[2025-05-18T20:08:50.620+0300][17540][10484][info][gc,heap        ] GC(22) Survivor regions: 1->0(154)
[2025-05-18T20:08:50.620+0300][17540][10484][info][gc,heap        ] GC(22) Old regions: 8->8
[2025-05-18T20:08:50.620+0300][17540][10484][info][gc,heap        ] GC(22) Humongous regions: 18->6
[2025-05-18T20:08:50.620+0300][17540][10484][info][gc,metaspace   ] GC(22) Metaspace: 8680K(9664K)->8680K(9664K) NonClass: 7813K(8448K)->7813K(8448K) Class: 867K(1216K)->867K(1216K)
[2025-05-18T20:08:50.620+0300][17540][10484][info][gc             ] GC(22) Pause Full (System.gc()) 997M->15M(4096M) 17.825ms
[2025-05-18T20:08:50.620+0300][17540][10484][info][gc,cpu         ] GC(22) User=0.05s Sys=0.00s Real=0.02s
[2025-05-18T20:08:51.537+0300][17540][10484][info][gc,start       ] GC(23) Pause Young (Normal) (G1 Evacuation Pause)
[2025-05-18T20:08:51.537+0300][17540][10484][info][gc,task        ] GC(23) Using 8 workers of 8 for evacuation
[2025-05-18T20:08:51.540+0300][17540][10484][info][gc,phases      ] GC(23)   Pre Evacuate Collection Set: 0.4ms
[2025-05-18T20:08:51.540+0300][17540][10484][info][gc,phases      ] GC(23)   Merge Heap Roots: 0.3ms
[2025-05-18T20:08:51.540+0300][17540][10484][info][gc,phases      ] GC(23)   Evacuate Collection Set: 0.8ms
[2025-05-18T20:08:51.540+0300][17540][10484][info][gc,phases      ] GC(23)   Post Evacuate Collection Set: 1.2ms
[2025-05-18T20:08:51.540+0300][17540][10484][info][gc,phases      ] GC(23)   Other: 0.2ms
[2025-05-18T20:08:51.540+0300][17540][10484][info][gc,heap        ] GC(23) Eden regions: 1228->0(1227)
[2025-05-18T20:08:51.540+0300][17540][10484][info][gc,heap        ] GC(23) Survivor regions: 0->1(154)
[2025-05-18T20:08:51.540+0300][17540][10484][info][gc,heap        ] GC(23) Old regions: 8->8
[2025-05-18T20:08:51.540+0300][17540][10484][info][gc,heap        ] GC(23) Humongous regions: 12->12
[2025-05-18T20:08:51.540+0300][17540][10484][info][gc,metaspace   ] GC(23) Metaspace: 8680K(9664K)->8680K(9664K) NonClass: 7813K(8448K)->7813K(8448K) Class: 867K(1216K)->867K(1216K)
[2025-05-18T20:08:51.540+0300][17540][10484][info][gc             ] GC(23) Pause Young (Normal) (G1 Evacuation Pause) 2483M->28M(4096M) 3.399ms
[2025-05-18T20:08:51.540+0300][17540][10484][info][gc,cpu         ] GC(23) User=0.00s Sys=0.00s Real=0.00s
[2025-05-18T20:08:52.777+0300][17540][10484][info][gc,start       ] GC(24) Pause Young (Normal) (G1 Evacuation Pause)
[2025-05-18T20:08:52.777+0300][17540][10484][info][gc,task        ] GC(24) Using 8 workers of 8 for evacuation
[2025-05-18T20:08:52.779+0300][17540][10484][info][gc,phases      ] GC(24)   Pre Evacuate Collection Set: 0.3ms
[2025-05-18T20:08:52.779+0300][17540][10484][info][gc,phases      ] GC(24)   Merge Heap Roots: 0.2ms
[2025-05-18T20:08:52.779+0300][17540][10484][info][gc,phases      ] GC(24)   Evacuate Collection Set: 0.7ms
[2025-05-18T20:08:52.779+0300][17540][10484][info][gc,phases      ] GC(24)   Post Evacuate Collection Set: 1.0ms
[2025-05-18T20:08:52.779+0300][17540][10484][info][gc,phases      ] GC(24)   Other: 0.2ms
[2025-05-18T20:08:52.779+0300][17540][10484][info][gc,heap        ] GC(24) Eden regions: 1227->0(1227)
[2025-05-18T20:08:52.779+0300][17540][10484][info][gc,heap        ] GC(24) Survivor regions: 1->1(154)
[2025-05-18T20:08:52.779+0300][17540][10484][info][gc,heap        ] GC(24) Old regions: 8->8
[2025-05-18T20:08:52.780+0300][17540][10484][info][gc,heap        ] GC(24) Humongous regions: 12->12
[2025-05-18T20:08:52.780+0300][17540][10484][info][gc,metaspace   ] GC(24) Metaspace: 8680K(9664K)->8680K(9664K) NonClass: 7813K(8448K)->7813K(8448K) Class: 867K(1216K)->867K(1216K)
[2025-05-18T20:08:52.780+0300][17540][10484][info][gc             ] GC(24) Pause Young (Normal) (G1 Evacuation Pause) 2482M->28M(4096M) 2.883ms
[2025-05-18T20:08:52.780+0300][17540][10484][info][gc,cpu         ] GC(24) User=0.02s Sys=0.00s Real=0.00s
[2025-05-18T20:08:53.871+0300][17540][10484][info][gc,start       ] GC(25) Pause Young (Normal) (G1 Evacuation Pause)
[2025-05-18T20:08:53.871+0300][17540][10484][info][gc,task        ] GC(25) Using 8 workers of 8 for evacuation
[2025-05-18T20:08:53.874+0300][17540][10484][info][gc,phases      ] GC(25)   Pre Evacuate Collection Set: 0.3ms
[2025-05-18T20:08:53.874+0300][17540][10484][info][gc,phases      ] GC(25)   Merge Heap Roots: 0.2ms
[2025-05-18T20:08:53.874+0300][17540][10484][info][gc,phases      ] GC(25)   Evacuate Collection Set: 0.7ms
[2025-05-18T20:08:53.874+0300][17540][10484][info][gc,phases      ] GC(25)   Post Evacuate Collection Set: 1.1ms
[2025-05-18T20:08:53.874+0300][17540][10484][info][gc,phases      ] GC(25)   Other: 0.2ms
[2025-05-18T20:08:53.874+0300][17540][10484][info][gc,heap        ] GC(25) Eden regions: 1227->0(1227)
[2025-05-18T20:08:53.874+0300][17540][10484][info][gc,heap        ] GC(25) Survivor regions: 1->1(154)
[2025-05-18T20:08:53.874+0300][17540][10484][info][gc,heap        ] GC(25) Old regions: 8->8
[2025-05-18T20:08:53.874+0300][17540][10484][info][gc,heap        ] GC(25) Humongous regions: 12->12
[2025-05-18T20:08:53.874+0300][17540][10484][info][gc,metaspace   ] GC(25) Metaspace: 8680K(9664K)->8680K(9664K) NonClass: 7813K(8448K)->7813K(8448K) Class: 867K(1216K)->867K(1216K)
[2025-05-18T20:08:53.874+0300][17540][10484][info][gc             ] GC(25) Pause Young (Normal) (G1 Evacuation Pause) 2482M->28M(4096M) 2.901ms
[2025-05-18T20:08:53.874+0300][17540][10484][info][gc,cpu         ] GC(25) User=0.11s Sys=0.00s Real=0.00s
[2025-05-18T20:08:54.685+0300][17540][10484][info][gc,start       ] GC(26) Pause Young (Normal) (G1 Evacuation Pause)
[2025-05-18T20:08:54.685+0300][17540][10484][info][gc,task        ] GC(26) Using 8 workers of 8 for evacuation
[2025-05-18T20:08:54.688+0300][17540][10484][info][gc,phases      ] GC(26)   Pre Evacuate Collection Set: 0.3ms
[2025-05-18T20:08:54.688+0300][17540][10484][info][gc,phases      ] GC(26)   Merge Heap Roots: 0.2ms
[2025-05-18T20:08:54.688+0300][17540][10484][info][gc,phases      ] GC(26)   Evacuate Collection Set: 0.7ms
[2025-05-18T20:08:54.688+0300][17540][10484][info][gc,phases      ] GC(26)   Post Evacuate Collection Set: 1.2ms
[2025-05-18T20:08:54.688+0300][17540][10484][info][gc,phases      ] GC(26)   Other: 0.2ms
[2025-05-18T20:08:54.688+0300][17540][10484][info][gc,heap        ] GC(26) Eden regions: 1227->0(1227)
[2025-05-18T20:08:54.688+0300][17540][10484][info][gc,heap        ] GC(26) Survivor regions: 1->1(154)
[2025-05-18T20:08:54.688+0300][17540][10484][info][gc,heap        ] GC(26) Old regions: 8->8
[2025-05-18T20:08:54.688+0300][17540][10484][info][gc,heap        ] GC(26) Humongous regions: 12->12
[2025-05-18T20:08:54.688+0300][17540][10484][info][gc,metaspace   ] GC(26) Metaspace: 8680K(9664K)->8680K(9664K) NonClass: 7813K(8448K)->7813K(8448K) Class: 867K(1216K)->867K(1216K)
[2025-05-18T20:08:54.689+0300][17540][10484][info][gc             ] GC(26) Pause Young (Normal) (G1 Evacuation Pause) 2482M->28M(4096M) 3.023ms
[2025-05-18T20:08:54.689+0300][17540][10484][info][gc,cpu         ] GC(26) User=0.00s Sys=0.00s Real=0.00s
[2025-05-18T20:08:55.905+0300][17540][10484][info][gc,start       ] GC(27) Pause Young (Normal) (G1 Evacuation Pause)
[2025-05-18T20:08:55.905+0300][17540][10484][info][gc,task        ] GC(27) Using 8 workers of 8 for evacuation
[2025-05-18T20:08:55.908+0300][17540][10484][info][gc,phases      ] GC(27)   Pre Evacuate Collection Set: 0.3ms
[2025-05-18T20:08:55.908+0300][17540][10484][info][gc,phases      ] GC(27)   Merge Heap Roots: 0.2ms
[2025-05-18T20:08:55.908+0300][17540][10484][info][gc,phases      ] GC(27)   Evacuate Collection Set: 0.7ms
[2025-05-18T20:08:55.908+0300][17540][10484][info][gc,phases      ] GC(27)   Post Evacuate Collection Set: 1.1ms
[2025-05-18T20:08:55.908+0300][17540][10484][info][gc,phases      ] GC(27)   Other: 0.2ms
[2025-05-18T20:08:55.908+0300][17540][10484][info][gc,heap        ] GC(27) Eden regions: 1227->0(1227)
[2025-05-18T20:08:55.908+0300][17540][10484][info][gc,heap        ] GC(27) Survivor regions: 1->1(154)
[2025-05-18T20:08:55.908+0300][17540][10484][info][gc,heap        ] GC(27) Old regions: 8->8
[2025-05-18T20:08:55.908+0300][17540][10484][info][gc,heap        ] GC(27) Humongous regions: 12->12
[2025-05-18T20:08:55.908+0300][17540][10484][info][gc,metaspace   ] GC(27) Metaspace: 8680K(9664K)->8680K(9664K) NonClass: 7813K(8448K)->7813K(8448K) Class: 867K(1216K)->867K(1216K)
[2025-05-18T20:08:55.908+0300][17540][10484][info][gc             ] GC(27) Pause Young (Normal) (G1 Evacuation Pause) 2482M->28M(4096M) 2.995ms
[2025-05-18T20:08:55.908+0300][17540][10484][info][gc,cpu         ] GC(27) User=0.00s Sys=0.00s Real=0.00s
[2025-05-18T20:08:56.891+0300][17540][10484][info][gc,start       ] GC(28) Pause Young (Normal) (G1 Evacuation Pause)
[2025-05-18T20:08:56.891+0300][17540][10484][info][gc,task        ] GC(28) Using 8 workers of 8 for evacuation
[2025-05-18T20:08:56.894+0300][17540][10484][info][gc,phases      ] GC(28)   Pre Evacuate Collection Set: 0.3ms
[2025-05-18T20:08:56.894+0300][17540][10484][info][gc,phases      ] GC(28)   Merge Heap Roots: 0.2ms
[2025-05-18T20:08:56.894+0300][17540][10484][info][gc,phases      ] GC(28)   Evacuate Collection Set: 0.7ms
[2025-05-18T20:08:56.894+0300][17540][10484][info][gc,phases      ] GC(28)   Post Evacuate Collection Set: 1.1ms
[2025-05-18T20:08:56.894+0300][17540][10484][info][gc,phases      ] GC(28)   Other: 0.2ms
[2025-05-18T20:08:56.894+0300][17540][10484][info][gc,heap        ] GC(28) Eden regions: 1227->0(1227)
[2025-05-18T20:08:56.894+0300][17540][10484][info][gc,heap        ] GC(28) Survivor regions: 1->1(154)
[2025-05-18T20:08:56.894+0300][17540][10484][info][gc,heap        ] GC(28) Old regions: 8->8
[2025-05-18T20:08:56.894+0300][17540][10484][info][gc,heap        ] GC(28) Humongous regions: 12->12
[2025-05-18T20:08:56.894+0300][17540][10484][info][gc,metaspace   ] GC(28) Metaspace: 8680K(9664K)->8680K(9664K) NonClass: 7813K(8448K)->7813K(8448K) Class: 867K(1216K)->867K(1216K)
[2025-05-18T20:08:56.894+0300][17540][10484][info][gc             ] GC(28) Pause Young (Normal) (G1 Evacuation Pause) 2482M->28M(4096M) 2.972ms
[2025-05-18T20:08:56.894+0300][17540][10484][info][gc,cpu         ] GC(28) User=0.00s Sys=0.00s Real=0.00s
[2025-05-18T20:08:57.997+0300][17540][10484][info][gc,start       ] GC(29) Pause Young (Normal) (G1 Evacuation Pause)
[2025-05-18T20:08:57.997+0300][17540][10484][info][gc,task        ] GC(29) Using 8 workers of 8 for evacuation
[2025-05-18T20:08:57.999+0300][17540][10484][info][gc,phases      ] GC(29)   Pre Evacuate Collection Set: 0.4ms
[2025-05-18T20:08:57.999+0300][17540][10484][info][gc,phases      ] GC(29)   Merge Heap Roots: 0.3ms
[2025-05-18T20:08:57.999+0300][17540][10484][info][gc,phases      ] GC(29)   Evacuate Collection Set: 0.7ms
[2025-05-18T20:08:57.999+0300][17540][10484][info][gc,phases      ] GC(29)   Post Evacuate Collection Set: 1.1ms
[2025-05-18T20:08:57.999+0300][17540][10484][info][gc,phases      ] GC(29)   Other: 0.2ms
[2025-05-18T20:08:57.999+0300][17540][10484][info][gc,heap        ] GC(29) Eden regions: 1227->0(1227)
[2025-05-18T20:08:57.999+0300][17540][10484][info][gc,heap        ] GC(29) Survivor regions: 1->1(154)
[2025-05-18T20:08:57.999+0300][17540][10484][info][gc,heap        ] GC(29) Old regions: 8->8
[2025-05-18T20:08:57.999+0300][17540][10484][info][gc,heap        ] GC(29) Humongous regions: 12->12
[2025-05-18T20:08:57.999+0300][17540][10484][info][gc,metaspace   ] GC(29) Metaspace: 8680K(9664K)->8680K(9664K) NonClass: 7813K(8448K)->7813K(8448K) Class: 867K(1216K)->867K(1216K)
[2025-05-18T20:08:57.999+0300][17540][10484][info][gc             ] GC(29) Pause Young (Normal) (G1 Evacuation Pause) 2482M->28M(4096M) 3.007ms
[2025-05-18T20:08:57.999+0300][17540][10484][info][gc,cpu         ] GC(29) User=0.11s Sys=0.00s Real=0.00s
[2025-05-18T20:08:58.867+0300][17540][10484][info][gc,start       ] GC(30) Pause Young (Normal) (G1 Evacuation Pause)
[2025-05-18T20:08:58.867+0300][17540][10484][info][gc,task        ] GC(30) Using 8 workers of 8 for evacuation
[2025-05-18T20:08:58.870+0300][17540][10484][info][gc,phases      ] GC(30)   Pre Evacuate Collection Set: 0.4ms
[2025-05-18T20:08:58.870+0300][17540][10484][info][gc,phases      ] GC(30)   Merge Heap Roots: 0.2ms
[2025-05-18T20:08:58.870+0300][17540][10484][info][gc,phases      ] GC(30)   Evacuate Collection Set: 0.7ms
[2025-05-18T20:08:58.870+0300][17540][10484][info][gc,phases      ] GC(30)   Post Evacuate Collection Set: 1.0ms
[2025-05-18T20:08:58.870+0300][17540][10484][info][gc,phases      ] GC(30)   Other: 0.2ms
[2025-05-18T20:08:58.870+0300][17540][10484][info][gc,heap        ] GC(30) Eden regions: 1227->0(1227)
[2025-05-18T20:08:58.870+0300][17540][10484][info][gc,heap        ] GC(30) Survivor regions: 1->1(154)
[2025-05-18T20:08:58.870+0300][17540][10484][info][gc,heap        ] GC(30) Old regions: 8->8
[2025-05-18T20:08:58.870+0300][17540][10484][info][gc,heap        ] GC(30) Humongous regions: 12->12
[2025-05-18T20:08:58.870+0300][17540][10484][info][gc,metaspace   ] GC(30) Metaspace: 8680K(9664K)->8680K(9664K) NonClass: 7813K(8448K)->7813K(8448K) Class: 867K(1216K)->867K(1216K)
[2025-05-18T20:08:58.870+0300][17540][10484][info][gc             ] GC(30) Pause Young (Normal) (G1 Evacuation Pause) 2482M->28M(4096M) 2.822ms
[2025-05-18T20:08:58.870+0300][17540][10484][info][gc,cpu         ] GC(30) User=0.00s Sys=0.00s Real=0.00s
[2025-05-18T20:08:59.826+0300][17540][10484][info][gc,start       ] GC(31) Pause Young (Normal) (G1 Evacuation Pause)
[2025-05-18T20:08:59.826+0300][17540][10484][info][gc,task        ] GC(31) Using 8 workers of 8 for evacuation
[2025-05-18T20:08:59.828+0300][17540][10484][info][gc,phases      ] GC(31)   Pre Evacuate Collection Set: 0.3ms
[2025-05-18T20:08:59.828+0300][17540][10484][info][gc,phases      ] GC(31)   Merge Heap Roots: 0.2ms
[2025-05-18T20:08:59.828+0300][17540][10484][info][gc,phases      ] GC(31)   Evacuate Collection Set: 0.8ms
[2025-05-18T20:08:59.828+0300][17540][10484][info][gc,phases      ] GC(31)   Post Evacuate Collection Set: 1.2ms
[2025-05-18T20:08:59.828+0300][17540][10484][info][gc,phases      ] GC(31)   Other: 0.2ms
[2025-05-18T20:08:59.828+0300][17540][10484][info][gc,heap        ] GC(31) Eden regions: 1227->0(1227)
[2025-05-18T20:08:59.828+0300][17540][10484][info][gc,heap        ] GC(31) Survivor regions: 1->1(154)
[2025-05-18T20:08:59.828+0300][17540][10484][info][gc,heap        ] GC(31) Old regions: 8->8
[2025-05-18T20:08:59.829+0300][17540][10484][info][gc,heap        ] GC(31) Humongous regions: 12->12
[2025-05-18T20:08:59.829+0300][17540][10484][info][gc,metaspace   ] GC(31) Metaspace: 8680K(9664K)->8680K(9664K) NonClass: 7813K(8448K)->7813K(8448K) Class: 867K(1216K)->867K(1216K)
[2025-05-18T20:08:59.829+0300][17540][10484][info][gc             ] GC(31) Pause Young (Normal) (G1 Evacuation Pause) 2482M->28M(4096M) 3.318ms
[2025-05-18T20:08:59.829+0300][17540][10484][info][gc,cpu         ] GC(31) User=0.00s Sys=0.02s Real=0.00s
[2025-05-18T20:09:00.629+0300][17540][8564 ][info][gc,heap,exit   ] Heap
[2025-05-18T20:09:00.629+0300][17540][8564 ][info][gc,heap,exit   ]  garbage-first heap   total 4194304K, used 1013977K [0x0000000700000000, 0x0000000800000000)
[2025-05-18T20:09:00.629+0300][17540][8564 ][info][gc,heap,exit   ]   region size 2048K, 476 young (974848K), 1 survivors (2048K)
[2025-05-18T20:09:00.629+0300][17540][8564 ][info][gc,heap,exit   ]  Metaspace       used 8706K, committed 9728K, reserved 1114112K
[2025-05-18T20:09:00.629+0300][17540][8564 ][info][gc,heap,exit   ]   class space    used 872K, committed 1280K, reserved 1048576K
