[2025-06-17T22:38:30.013+0300][8864][14648][debug][gc,heap] Minimum heap 2147483648  Initial heap 2147483648  Maximum heap 2147483648
[2025-06-17T22:38:30.013+0300][8864][14648][info ][gc     ] Using G1
[2025-06-17T22:38:30.013+0300][8864][14648][debug][gc     ] ConcGCThreads: 2 offset 16
[2025-06-17T22:38:30.013+0300][8864][14648][debug][gc     ] ParallelGCThreads: 8
[2025-06-17T22:38:30.013+0300][8864][14648][debug][gc     ] Initialize mark stack with 4096 chunks, maximum 524288
[2025-06-17T22:38:31.104+0300][8864][19604][debug][safepoint] Safepoint synchronization initiated using striped semaphore wait barrier. (11 threads)
[2025-06-17T22:38:31.104+0300][8864][19604][info ][safepoint] Safepoint "Cleanup", Time since last: 1065082300 ns, Reaching safepoint: 266500 ns, Cleanup: 71500 ns, At safepoint: 3300 ns, Total: 341300 ns
[2025-06-17T22:38:32.085+0300][8864][19604][debug][safepoint] Safepoint synchronization initiated using striped semaphore wait barrier. (12 threads)
[2025-06-17T22:38:32.085+0300][8864][19604][info ][safepoint] Safepoint "ICBufferFull", Time since last: 984259800 ns, Reaching safepoint: 59300 ns, Cleanup: 109500 ns, At safepoint: 5000 ns, Total: 173800 ns
[2025-06-17T22:38:32.672+0300][8864][19604][debug][safepoint] Safepoint synchronization initiated using striped semaphore wait barrier. (13 threads)
[2025-06-17T22:38:32.672+0300][8864][19604][info ][safepoint] Safepoint "ICBufferFull", Time since last: 587023900 ns, Reaching safepoint: 55300 ns, Cleanup: 88300 ns, At safepoint: 4500 ns, Total: 148100 ns
[2025-06-17T22:38:33.330+0300][8864][19604][debug][safepoint] Safepoint synchronization initiated using striped semaphore wait barrier. (13 threads)
[2025-06-17T22:38:33.334+0300][8864][19604][debug][gc,heap  ] GC(0) Heap before GC invocations=0 (full 0):
[2025-06-17T22:38:33.334+0300][8864][19604][debug][gc,heap  ] GC(0)  garbage-first heap   total 2097152K, used 103424K [0x0000000080000000, 0x0000000100000000)
[2025-06-17T22:38:33.334+0300][8864][19604][debug][gc,heap  ] GC(0)   region size 1024K, 102 young (104448K), 0 survivors (0K)
[2025-06-17T22:38:33.334+0300][8864][19604][debug][gc,heap  ] GC(0)  Metaspace       used 13073K, committed 13376K, reserved 1114112K
[2025-06-17T22:38:33.334+0300][8864][19604][debug][gc,heap  ] GC(0)   class space    used 1267K, committed 1408K, reserved 1048576K
[2025-06-17T22:38:33.341+0300][8864][19604][info ][gc,phases] GC(0)   Pre Evacuate Collection Set: 0.3ms
[2025-06-17T22:38:33.341+0300][8864][19604][debug][gc,phases] GC(0)     Pre Evacuate Prepare: 0.0ms
[2025-06-17T22:38:33.341+0300][8864][19604][debug][gc,phases] GC(0)       JT Retire TLABs And Flush Logs (ms): Min:  0.0, Avg:  0.0, Max:  0.0, Diff:  0.0, Sum:  0.0, Workers: 2
[2025-06-17T22:38:33.341+0300][8864][19604][debug][gc,phases] GC(0)       Non-JT Flush Logs (ms):        Min:  0.0, Avg:  0.0, Max:  0.0, Diff:  0.0, Sum:  0.0, Workers: 1
[2025-06-17T22:38:33.341+0300][8864][19604][debug][gc,phases] GC(0)     Choose Collection Set: 0.0ms
[2025-06-17T22:38:33.341+0300][8864][19604][debug][gc,phases] GC(0)     Region Register: 0.3ms
[2025-06-17T22:38:33.341+0300][8864][19604][debug][gc,phases] GC(0)     Prepare Heap Roots: 0.0ms
[2025-06-17T22:38:33.341+0300][8864][19604][info ][gc,phases] GC(0)   Merge Heap Roots: 0.1ms
[2025-06-17T22:38:33.341+0300][8864][19604][debug][gc,phases] GC(0)     Prepare Merge Heap Roots: 0.1ms
[2025-06-17T22:38:33.341+0300][8864][19604][debug][gc,phases] GC(0)     Remembered Sets (ms):          Min:  0.0, Avg:  0.0, Max:  0.0, Diff:  0.0, Sum:  0.1, Workers: 8
[2025-06-17T22:38:33.341+0300][8864][19604][debug][gc,phases] GC(0)       Eager Reclaim (ms):            skipped
[2025-06-17T22:38:33.341+0300][8864][19604][debug][gc,phases] GC(0)       Merged Inline                  Min: 0, Avg:  0.0, Max: 0, Diff: 0, Sum: 0, Workers: 8
[2025-06-17T22:38:33.341+0300][8864][19604][debug][gc,phases] GC(0)       Merged ArrayOfCards            Min: 0, Avg:  0.0, Max: 0, Diff: 0, Sum: 0, Workers: 8
[2025-06-17T22:38:33.341+0300][8864][19604][debug][gc,phases] GC(0)       Merged Howl                    Min: 0, Avg:  0.0, Max: 0, Diff: 0, Sum: 0, Workers: 8
[2025-06-17T22:38:33.341+0300][8864][19604][debug][gc,phases] GC(0)       Merged Full                    Min: 0, Avg:  0.0, Max: 0, Diff: 0, Sum: 0, Workers: 8
[2025-06-17T22:38:33.341+0300][8864][19604][debug][gc,phases] GC(0)       Merged Howl Inline             Min: 0, Avg:  0.0, Max: 0, Diff: 0, Sum: 0, Workers: 8
[2025-06-17T22:38:33.341+0300][8864][19604][debug][gc,phases] GC(0)       Merged Howl ArrayOfCards       Min: 0, Avg:  0.0, Max: 0, Diff: 0, Sum: 0, Workers: 8
[2025-06-17T22:38:33.341+0300][8864][19604][debug][gc,phases] GC(0)       Merged Howl BitMap             Min: 0, Avg:  0.0, Max: 0, Diff: 0, Sum: 0, Workers: 8
[2025-06-17T22:38:33.341+0300][8864][19604][debug][gc,phases] GC(0)       Merged Howl Full               Min: 0, Avg:  0.0, Max: 0, Diff: 0, Sum: 0, Workers: 8
[2025-06-17T22:38:33.341+0300][8864][19604][debug][gc,phases] GC(0)       Merged Cards                   Min: 8, Avg:  8.0, Max: 8, Diff: 0, Sum: 64, Workers: 8
[2025-06-17T22:38:33.341+0300][8864][19604][debug][gc,phases] GC(0)     Log Buffers (ms):              Min:  0.0, Avg:  0.0, Max:  0.0, Diff:  0.0, Sum:  0.0, Workers: 8
[2025-06-17T22:38:33.341+0300][8864][19604][debug][gc,phases] GC(0)       Dirty Cards:                   Min: 0, Avg:  0.0, Max: 0, Diff: 0, Sum: 0, Workers: 8
[2025-06-17T22:38:33.341+0300][8864][19604][debug][gc,phases] GC(0)       Skipped Cards:                 Min: 0, Avg:  0.0, Max: 0, Diff: 0, Sum: 0, Workers: 8
[2025-06-17T22:38:33.341+0300][8864][19604][info ][gc,phases] GC(0)   Evacuate Collection Set: 6.4ms
[2025-06-17T22:38:33.341+0300][8864][19604][debug][gc,phases] GC(0)     Ext Root Scanning (ms):        Min:  0.0, Avg:  0.5, Max:  1.8, Diff:  1.8, Sum:  4.0, Workers: 8
[2025-06-17T22:38:33.341+0300][8864][19604][debug][gc,phases] GC(0)     Scan Heap Roots (ms):          Min:  0.0, Avg:  0.0, Max:  0.0, Diff:  0.0, Sum:  0.0, Workers: 8
[2025-06-17T22:38:33.341+0300][8864][19604][debug][gc,phases] GC(0)       Scanned Cards:                 Min: 0, Avg:  0.0, Max: 0, Diff: 0, Sum: 0, Workers: 8
[2025-06-17T22:38:33.341+0300][8864][19604][debug][gc,phases] GC(0)       Scanned Blocks:                Min: 0, Avg:  0.0, Max: 0, Diff: 0, Sum: 0, Workers: 8
[2025-06-17T22:38:33.341+0300][8864][19604][debug][gc,phases] GC(0)       Claimed Chunks:                Min: 0, Avg:  0.0, Max: 0, Diff: 0, Sum: 0, Workers: 8
[2025-06-17T22:38:33.341+0300][8864][19604][debug][gc,phases] GC(0)       Found Roots:                   Min: 0, Avg:  0.0, Max: 0, Diff: 0, Sum: 0, Workers: 8
[2025-06-17T22:38:33.341+0300][8864][19604][debug][gc,phases] GC(0)     Code Root Scan (ms):           Min:  0.0, Avg:  0.5, Max:  1.4, Diff:  1.4, Sum:  4.0, Workers: 8
[2025-06-17T22:38:33.341+0300][8864][19604][debug][gc,phases] GC(0)       Scanned Nmethods               Min: 0, Avg: 191.9, Max: 588, Diff: 588, Sum: 1535, Workers: 8
[2025-06-17T22:38:33.341+0300][8864][19604][debug][gc,phases] GC(0)     Object Copy (ms):              Min:  0.3, Avg:  4.4, Max:  5.4, Diff:  5.1, Sum: 35.3, Workers: 8
[2025-06-17T22:38:33.341+0300][8864][19604][debug][gc,phases] GC(0)     Termination (ms):              Min:  0.0, Avg:  0.2, Max:  0.4, Diff:  0.4, Sum:  1.3, Workers: 8
[2025-06-17T22:38:33.341+0300][8864][19604][debug][gc,phases] GC(0)       Termination Attempts:          Min: 1, Avg: 28.5, Max: 52, Diff: 51, Sum: 228, Workers: 8
[2025-06-17T22:38:33.341+0300][8864][19604][debug][gc,phases] GC(0)     GC Worker Other (ms):          Min:  0.0, Avg:  0.8, Max:  6.0, Diff:  5.9, Sum:  6.3, Workers: 8
[2025-06-17T22:38:33.341+0300][8864][19604][debug][gc,phases] GC(0)     GC Worker Total (ms):          Min:  6.3, Avg:  6.3, Max:  6.4, Diff:  0.0, Sum: 50.8, Workers: 8
[2025-06-17T22:38:33.341+0300][8864][19604][info ][gc,phases] GC(0)   Post Evacuate Collection Set: 1.0ms
[2025-06-17T22:38:33.341+0300][8864][19604][debug][gc,phases] GC(0)     NMethod List Cleanup: 0.1ms
[2025-06-17T22:38:33.343+0300][8864][19604][debug][gc,phases] GC(0)     Reference Processing: 0.3ms
[2025-06-17T22:38:33.343+0300][8864][19604][debug][gc,phases] GC(0)     Weak Processing: 0.2ms
[2025-06-17T22:38:33.343+0300][8864][19604][debug][gc,phases] GC(0)       VM Weak                        Min:  0.0, Avg:  0.0, Max:  0.0, Diff:  0.0, Sum:  0.0, Workers: 8
[2025-06-17T22:38:33.343+0300][8864][19604][debug][gc,phases] GC(0)         Dead                           Min: 0, Avg:  0.0, Max: 0, Diff: 0, Sum: 0, Workers: 8
[2025-06-17T22:38:33.343+0300][8864][19604][debug][gc,phases] GC(0)         Total                          Min: 0, Avg: 20.2, Max: 64, Diff: 64, Sum: 162, Workers: 8
[2025-06-17T22:38:33.343+0300][8864][19604][debug][gc,phases] GC(0)       ObjectSynchronizer Weak        Min:  0.0, Avg:  0.0, Max:  0.0, Diff:  0.0, Sum:  0.0, Workers: 8
[2025-06-17T22:38:33.343+0300][8864][19604][debug][gc,phases] GC(0)         Dead                           Min: 0, Avg:  0.0, Max: 0, Diff: 0, Sum: 0, Workers: 8
[2025-06-17T22:38:33.343+0300][8864][19604][debug][gc,phases] GC(0)         Total                          Min: 0, Avg:  0.8, Max: 6, Diff: 6, Sum: 6, Workers: 8
[2025-06-17T22:38:33.343+0300][8864][19604][debug][gc,phases] GC(0)       JVMTI Tag Weak OopStorage      Min:  0.0, Avg:  0.0, Max:  0.0, Diff:  0.0, Sum:  0.0, Workers: 8
[2025-06-17T22:38:33.343+0300][8864][19604][debug][gc,phases] GC(0)         Dead                           Min: 0, Avg:  0.0, Max: 0, Diff: 0, Sum: 0, Workers: 8
[2025-06-17T22:38:33.343+0300][8864][19604][debug][gc,phases] GC(0)         Total                          Min: 0, Avg:  0.0, Max: 0, Diff: 0, Sum: 0, Workers: 8
[2025-06-17T22:38:33.343+0300][8864][19604][debug][gc,phases] GC(0)       StringTable Weak               Min:  0.0, Avg:  0.1, Max:  0.2, Diff:  0.2, Sum:  1.1, Workers: 8
[2025-06-17T22:38:33.343+0300][8864][19604][debug][gc,phases] GC(0)         Dead                           Min: 0, Avg:  7.2, Max: 15, Diff: 15, Sum: 58, Workers: 8
[2025-06-17T22:38:33.343+0300][8864][19604][debug][gc,phases] GC(0)         Total                          Min: 0, Avg: 2189.1, Max: 3840, Diff: 3840, Sum: 17513, Workers: 8
[2025-06-17T22:38:33.343+0300][8864][19604][debug][gc,phases] GC(0)       ResolvedMethodTable Weak       Min:  0.0, Avg:  0.0, Max:  0.0, Diff:  0.0, Sum:  0.1, Workers: 8
[2025-06-17T22:38:33.343+0300][8864][19604][debug][gc,phases] GC(0)         Dead                           Min: 0, Avg: 11.6, Max: 22, Diff: 22, Sum: 93, Workers: 8
[2025-06-17T22:38:33.343+0300][8864][19604][debug][gc,phases] GC(0)         Total                          Min: 0, Avg: 120.8, Max: 192, Diff: 192, Sum: 966, Workers: 8
[2025-06-17T22:38:33.343+0300][8864][19604][debug][gc,phases] GC(0)       JNI Weak                       Min:  0.0, Avg:  0.0, Max:  0.0, Diff:  0.0, Sum:  0.0, Workers: 8
[2025-06-17T22:38:33.343+0300][8864][19604][debug][gc,phases] GC(0)         Dead                           Min: 0, Avg:  0.0, Max: 0, Diff: 0, Sum: 0, Workers: 8
[2025-06-17T22:38:33.343+0300][8864][19604][debug][gc,phases] GC(0)         Total                          Min: 0, Avg:  0.0, Max: 0, Diff: 0, Sum: 0, Workers: 8
[2025-06-17T22:38:33.343+0300][8864][19604][debug][gc,phases] GC(0)       StringDedup Table Weak         Min:  0.0, Avg:  0.0, Max:  0.0, Diff:  0.0, Sum:  0.0, Workers: 8
[2025-06-17T22:38:33.343+0300][8864][19604][debug][gc,phases] GC(0)         Dead                           Min: 0, Avg:  0.0, Max: 0, Diff: 0, Sum: 0, Workers: 8
[2025-06-17T22:38:33.343+0300][8864][19604][debug][gc,phases] GC(0)         Total                          Min: 0, Avg:  0.0, Max: 0, Diff: 0, Sum: 0, Workers: 8
[2025-06-17T22:38:33.343+0300][8864][19604][debug][gc,phases] GC(0)       StringDedup Requests0 Weak     Min:  0.0, Avg:  0.0, Max:  0.0, Diff:  0.0, Sum:  0.0, Workers: 8
[2025-06-17T22:38:33.343+0300][8864][19604][debug][gc,phases] GC(0)         Dead                           Min: 0, Avg:  0.0, Max: 0, Diff: 0, Sum: 0, Workers: 8
[2025-06-17T22:38:33.343+0300][8864][19604][debug][gc,phases] GC(0)         Total                          Min: 0, Avg:  0.0, Max: 0, Diff: 0, Sum: 0, Workers: 8
[2025-06-17T22:38:33.343+0300][8864][19604][debug][gc,phases] GC(0)       StringDedup Requests1 Weak     Min:  0.0, Avg:  0.0, Max:  0.0, Diff:  0.0, Sum:  0.0, Workers: 8
[2025-06-17T22:38:33.343+0300][8864][19604][debug][gc,phases] GC(0)         Dead                           Min: 0, Avg:  0.0, Max: 0, Diff: 0, Sum: 0, Workers: 8
[2025-06-17T22:38:33.343+0300][8864][19604][debug][gc,phases] GC(0)         Total                          Min: 0, Avg:  0.0, Max: 0, Diff: 0, Sum: 0, Workers: 8
[2025-06-17T22:38:33.343+0300][8864][19604][debug][gc,phases] GC(0)       Weak JFR Old Object Samples    Min:  0.0, Avg:  0.0, Max:  0.0, Diff:  0.0, Sum:  0.0, Workers: 8
[2025-06-17T22:38:33.343+0300][8864][19604][debug][gc,phases] GC(0)         Dead                           Min: 0, Avg:  0.0, Max: 0, Diff: 0, Sum: 0, Workers: 8
[2025-06-17T22:38:33.343+0300][8864][19604][debug][gc,phases] GC(0)         Total                          Min: 0, Avg:  0.0, Max: 0, Diff: 0, Sum: 0, Workers: 8
[2025-06-17T22:38:33.343+0300][8864][19604][debug][gc,phases] GC(0)     Post Evacuate Cleanup 1: 0.1ms
[2025-06-17T22:38:33.343+0300][8864][19604][debug][gc,phases] GC(0)       Merge Per-Thread State (ms):   Min:  0.0, Avg:  0.0, Max:  0.0, Diff:  0.0, Sum:  0.0, Workers: 1
[2025-06-17T22:38:33.343+0300][8864][19604][debug][gc,phases] GC(0)         Copied Bytes                   Min: 48696, Avg: 1099891.0, Max: 1663464, Diff: 1614768, Sum: 8799128, Workers: 8
[2025-06-17T22:38:33.343+0300][8864][19604][debug][gc,phases] GC(0)         LAB Waste                      Min: 64, Avg: 1998.0, Max: 10448, Diff: 10384, Sum: 15984, Workers: 8
[2025-06-17T22:38:33.343+0300][8864][19604][debug][gc,phases] GC(0)         LAB Undo Waste                 Min: 0, Avg: 8194.0, Max: 65552, Diff: 65552, Sum: 65552, Workers: 8
[2025-06-17T22:38:33.343+0300][8864][19604][debug][gc,phases] GC(0)       Clear Logged Cards (ms):       Min:  0.0, Avg:  0.0, Max:  0.0, Diff:  0.0, Sum:  0.0, Workers: 3
[2025-06-17T22:38:33.343+0300][8864][19604][debug][gc,phases] GC(0)       Recalculate Used Memory (ms):  Min:  0.0, Avg:  0.0, Max:  0.0, Diff:  0.0, Sum:  0.0, Workers: 1
[2025-06-17T22:38:33.343+0300][8864][19604][debug][gc,phases] GC(0)     Post Evacuate Cleanup 2: 0.2ms
[2025-06-17T22:38:33.343+0300][8864][19604][debug][gc,phases] GC(0)       Update Derived Pointers (ms):  Min:  0.0, Avg:  0.0, Max:  0.0, Diff:  0.0, Sum:  0.0, Workers: 1
[2025-06-17T22:38:33.343+0300][8864][19604][debug][gc,phases] GC(0)       Eagerly Reclaim Humongous Objects (ms): skipped
[2025-06-17T22:38:33.343+0300][8864][19604][debug][gc,phases] GC(0)         Humongous Total                skipped
[2025-06-17T22:38:33.343+0300][8864][19604][debug][gc,phases] GC(0)         Humongous Candidates           skipped
[2025-06-17T22:38:33.343+0300][8864][19604][debug][gc,phases] GC(0)         Humongous Reclaimed            skipped
[2025-06-17T22:38:33.343+0300][8864][19604][debug][gc,phases] GC(0)       Redirty Logged Cards (ms):     Min:  0.0, Avg:  0.0, Max:  0.0, Diff:  0.0, Sum:  0.0, Workers: 8
[2025-06-17T22:38:33.343+0300][8864][19604][debug][gc,phases] GC(0)         Redirtied Cards:               Min: 0, Avg:  0.0, Max: 0, Diff: 0, Sum: 0, Workers: 8
[2025-06-17T22:38:33.343+0300][8864][19604][debug][gc,phases] GC(0)       Resize TLABs (ms):             Min:  0.0, Avg:  0.0, Max:  0.0, Diff:  0.0, Sum:  0.0, Workers: 8
[2025-06-17T22:38:33.343+0300][8864][19604][debug][gc,phases] GC(0)       Free Collection Set (ms):      Min:  0.0, Avg:  0.1, Max:  0.2, Diff:  0.2, Sum:  0.5, Workers: 8
[2025-06-17T22:38:33.343+0300][8864][19604][debug][gc,phases] GC(0)     Rebuild Free List: 0.1ms
[2025-06-17T22:38:33.343+0300][8864][19604][debug][gc,phases] GC(0)     Prepare For Mutator: 0.0ms
[2025-06-17T22:38:33.343+0300][8864][19604][debug][gc,phases] GC(0)     Expand Heap After Collection: 0.0ms
[2025-06-17T22:38:33.343+0300][8864][19604][info ][gc,phases] GC(0)   Other: 0.4ms
[2025-06-17T22:38:33.343+0300][8864][19604][info ][gc,heap  ] GC(0) Eden regions: 102->0(97)
[2025-06-17T22:38:33.343+0300][8864][19604][info ][gc,heap  ] GC(0) Survivor regions: 0->10(13)
[2025-06-17T22:38:33.343+0300][8864][19604][info ][gc,heap  ] GC(0) Old regions: 0->0
[2025-06-17T22:38:33.343+0300][8864][19604][info ][gc,heap  ] GC(0) Humongous regions: 0->0
[2025-06-17T22:38:33.343+0300][8864][19604][debug][gc,heap  ] GC(0) Heap after GC invocations=1 (full 0):
[2025-06-17T22:38:33.343+0300][8864][19604][debug][gc,heap  ] GC(0)  garbage-first heap   total 2097152K, used 9544K [0x0000000080000000, 0x0000000100000000)
[2025-06-17T22:38:33.343+0300][8864][19604][debug][gc,heap  ] GC(0)   region size 1024K, 10 young (10240K), 10 survivors (10240K)
[2025-06-17T22:38:33.343+0300][8864][19604][debug][gc,heap  ] GC(0)  Metaspace       used 13073K, committed 13376K, reserved 1114112K
[2025-06-17T22:38:33.343+0300][8864][19604][debug][gc,heap  ] GC(0)   class space    used 1267K, committed 1408K, reserved 1048576K
[2025-06-17T22:38:33.343+0300][8864][19604][info ][gc       ] GC(0) Pause Young (Normal) (G1 Evacuation Pause) 102M->9M(2048M) 9.843ms
[2025-06-17T22:38:33.343+0300][8864][19604][info ][safepoint] Safepoint "G1CollectForAllocation", Time since last: 657534000 ns, Reaching safepoint: 65800 ns, Cleanup: 104900 ns, At safepoint: 9892800 ns, Total: 10063500 ns
[2025-06-17T22:38:33.762+0300][8864][19604][debug][safepoint] Safepoint synchronization initiated using striped semaphore wait barrier. (13 threads)
[2025-06-17T22:38:33.762+0300][8864][19604][info ][safepoint] Safepoint "ICBufferFull", Time since last: 418805300 ns, Reaching safepoint: 48200 ns, Cleanup: 95700 ns, At safepoint: 1300 ns, Total: 145200 ns
[2025-06-17T22:38:34.036+0300][8864][19604][debug][safepoint] Safepoint synchronization initiated using striped semaphore wait barrier. (25 threads)
[2025-06-17T22:38:34.036+0300][8864][19604][debug][gc,heap  ] GC(1) Heap before GC invocations=1 (full 0):
[2025-06-17T22:38:34.036+0300][8864][19604][debug][gc,heap  ] GC(1)  garbage-first heap   total 2097152K, used 81224K [0x0000000080000000, 0x0000000100000000)
[2025-06-17T22:38:34.036+0300][8864][19604][debug][gc,heap  ] GC(1)   region size 1024K, 81 young (82944K), 10 survivors (10240K)
[2025-06-17T22:38:34.036+0300][8864][19604][debug][gc,heap  ] GC(1)  Metaspace       used 15352K, committed 15744K, reserved 1114112K
[2025-06-17T22:38:34.036+0300][8864][19604][debug][gc,heap  ] GC(1)   class space    used 1510K, committed 1728K, reserved 1048576K
[2025-06-17T22:38:34.051+0300][8864][19604][debug][gc,phases] GC(1) Phase 1: Reference Processing 0.406ms
[2025-06-17T22:38:34.051+0300][8864][19604][debug][gc,phases] GC(1)   VM Weak                        Min:  0.0, Avg:  0.0, Max:  0.0, Diff:  0.0, Sum:  0.0, Workers: 8
[2025-06-17T22:38:34.051+0300][8864][19604][debug][gc,phases] GC(1)     Dead                           Min: 0, Avg:  0.0, Max: 0, Diff: 0, Sum: 0, Workers: 8
[2025-06-17T22:38:34.051+0300][8864][19604][debug][gc,phases] GC(1)     Total                          Min: 0, Avg: 23.2, Max: 128, Diff: 128, Sum: 186, Workers: 8
[2025-06-17T22:38:34.051+0300][8864][19604][debug][gc,phases] GC(1)   ObjectSynchronizer Weak        Min:  0.0, Avg:  0.0, Max:  0.0, Diff:  0.0, Sum:  0.0, Workers: 8
[2025-06-17T22:38:34.051+0300][8864][19604][debug][gc,phases] GC(1)     Dead                           Min: 0, Avg:  0.2, Max: 2, Diff: 2, Sum: 2, Workers: 8
[2025-06-17T22:38:34.051+0300][8864][19604][debug][gc,phases] GC(1)     Total                          Min: 0, Avg:  0.8, Max: 6, Diff: 6, Sum: 6, Workers: 8
[2025-06-17T22:38:34.051+0300][8864][19604][debug][gc,phases] GC(1)   JVMTI Tag Weak OopStorage      Min:  0.0, Avg:  0.0, Max:  0.0, Diff:  0.0, Sum:  0.0, Workers: 8
[2025-06-17T22:38:34.051+0300][8864][19604][debug][gc,phases] GC(1)     Dead                           Min: 0, Avg:  0.0, Max: 0, Diff: 0, Sum: 0, Workers: 8
[2025-06-17T22:38:34.051+0300][8864][19604][debug][gc,phases] GC(1)     Total                          Min: 0, Avg:  0.0, Max: 0, Diff: 0, Sum: 0, Workers: 8
[2025-06-17T22:38:34.051+0300][8864][19604][debug][gc,phases] GC(1)   StringTable Weak               Min:  0.0, Avg:  0.0, Max:  0.1, Diff:  0.1, Sum:  0.2, Workers: 8
[2025-06-17T22:38:34.051+0300][8864][19604][debug][gc,phases] GC(1)     Dead                           Min: 0, Avg: 41.0, Max: 90, Diff: 90, Sum: 328, Workers: 8
[2025-06-17T22:38:34.051+0300][8864][19604][debug][gc,phases] GC(1)     Total                          Min: 0, Avg: 2582.2, Max: 4160, Diff: 4160, Sum: 20658, Workers: 8
[2025-06-17T22:38:34.051+0300][8864][19604][debug][gc,phases] GC(1)   ResolvedMethodTable Weak       Min:  0.0, Avg:  0.0, Max:  0.0, Diff:  0.0, Sum:  0.0, Workers: 8
[2025-06-17T22:38:34.051+0300][8864][19604][debug][gc,phases] GC(1)     Dead                           Min: 0, Avg:  1.6, Max: 7, Diff: 7, Sum: 13, Workers: 8
[2025-06-17T22:38:34.051+0300][8864][19604][debug][gc,phases] GC(1)     Total                          Min: 0, Avg: 138.8, Max: 256, Diff: 256, Sum: 1110, Workers: 8
[2025-06-17T22:38:34.051+0300][8864][19604][debug][gc,phases] GC(1)   JNI Weak                       Min:  0.0, Avg:  0.0, Max:  0.0, Diff:  0.0, Sum:  0.0, Workers: 8
[2025-06-17T22:38:34.051+0300][8864][19604][debug][gc,phases] GC(1)     Dead                           Min: 0, Avg:  0.0, Max: 0, Diff: 0, Sum: 0, Workers: 8
[2025-06-17T22:38:34.051+0300][8864][19604][debug][gc,phases] GC(1)     Total                          Min: 0, Avg:  0.0, Max: 0, Diff: 0, Sum: 0, Workers: 8
[2025-06-17T22:38:34.051+0300][8864][19604][debug][gc,phases] GC(1)   StringDedup Table Weak         Min:  0.0, Avg:  0.0, Max:  0.0, Diff:  0.0, Sum:  0.0, Workers: 8
[2025-06-17T22:38:34.051+0300][8864][19604][debug][gc,phases] GC(1)     Dead                           Min: 0, Avg:  0.0, Max: 0, Diff: 0, Sum: 0, Workers: 8
[2025-06-17T22:38:34.051+0300][8864][19604][debug][gc,phases] GC(1)     Total                          Min: 0, Avg:  0.0, Max: 0, Diff: 0, Sum: 0, Workers: 8
[2025-06-17T22:38:34.051+0300][8864][19604][debug][gc,phases] GC(1)   StringDedup Requests0 Weak     Min:  0.0, Avg:  0.0, Max:  0.0, Diff:  0.0, Sum:  0.0, Workers: 8
[2025-06-17T22:38:34.051+0300][8864][19604][debug][gc,phases] GC(1)     Dead                           Min: 0, Avg:  0.0, Max: 0, Diff: 0, Sum: 0, Workers: 8
[2025-06-17T22:38:34.051+0300][8864][19604][debug][gc,phases] GC(1)     Total                          Min: 0, Avg:  0.0, Max: 0, Diff: 0, Sum: 0, Workers: 8
[2025-06-17T22:38:34.051+0300][8864][19604][debug][gc,phases] GC(1)   StringDedup Requests1 Weak     Min:  0.0, Avg:  0.0, Max:  0.0, Diff:  0.0, Sum:  0.0, Workers: 8
[2025-06-17T22:38:34.051+0300][8864][19604][debug][gc,phases] GC(1)     Dead                           Min: 0, Avg:  0.0, Max: 0, Diff: 0, Sum: 0, Workers: 8
[2025-06-17T22:38:34.051+0300][8864][19604][debug][gc,phases] GC(1)     Total                          Min: 0, Avg:  0.0, Max: 0, Diff: 0, Sum: 0, Workers: 8
[2025-06-17T22:38:34.051+0300][8864][19604][debug][gc,phases] GC(1)   Weak JFR Old Object Samples    Min:  0.0, Avg:  0.0, Max:  0.0, Diff:  0.0, Sum:  0.0, Workers: 8
[2025-06-17T22:38:34.051+0300][8864][19604][debug][gc,phases] GC(1)     Dead                           Min: 0, Avg:  0.0, Max: 0, Diff: 0, Sum: 0, Workers: 8
[2025-06-17T22:38:34.051+0300][8864][19604][debug][gc,phases] GC(1)     Total                          Min: 0, Avg:  0.0, Max: 0, Diff: 0, Sum: 0, Workers: 8
[2025-06-17T22:38:34.051+0300][8864][19604][debug][gc,phases] GC(1) Phase 1: Weak Processing 0.486ms
[2025-06-17T22:38:34.051+0300][8864][19604][debug][gc,phases] GC(1) ClassLoaderData 0.015ms
[2025-06-17T22:38:34.051+0300][8864][19604][debug][gc,phases] GC(1) Trigger cleanups 0.000ms
[2025-06-17T22:38:34.051+0300][8864][19604][debug][gc,phases] GC(1) G1 Complete Cleaning 3.723ms
[2025-06-17T22:38:34.051+0300][8864][19604][debug][gc,phases] GC(1) Purge Unlinked NMethods 0.001ms
[2025-06-17T22:38:34.051+0300][8864][19604][debug][gc,phases] GC(1) Unregister NMethods 0.173ms
[2025-06-17T22:38:34.051+0300][8864][19604][debug][gc,phases] GC(1) Free Code Blobs 0.002ms
[2025-06-17T22:38:34.051+0300][8864][19604][debug][gc,phases] GC(1) Purge Class Loader Data 0.196ms
[2025-06-17T22:38:34.051+0300][8864][19604][debug][gc,phases] GC(1) Phase 1: Class Unloading and Cleanup 4.280ms
[2025-06-17T22:38:34.051+0300][8864][19604][debug][gc,phases] GC(1) Report Object Count 0.001ms
[2025-06-17T22:38:34.051+0300][8864][19604][info ][gc,phases] GC(1) Phase 1: Mark live objects 9.044ms
[2025-06-17T22:38:34.051+0300][8864][19604][debug][gc,phases] GC(1) Phase 2: Determine work lists 0.072ms
[2025-06-17T22:38:34.051+0300][8864][19604][debug][gc,phases] GC(1) Phase 2: Prepare parallel compaction 0.993ms
[2025-06-17T22:38:34.051+0300][8864][19604][info ][gc,phases] GC(1) Phase 2: Prepare compaction 1.107ms
[2025-06-17T22:38:34.051+0300][8864][19604][info ][gc,phases] GC(1) Phase 3: Adjust pointers 3.347ms
[2025-06-17T22:38:34.051+0300][8864][19604][info ][gc,phases] GC(1) Phase 4: Compact heap 1.441ms
[2025-06-17T22:38:34.051+0300][8864][19604][info ][gc,phases] GC(1) Phase 5: Reset Metadata 0.911ms
[2025-06-17T22:38:34.067+0300][8864][19604][info ][gc,heap  ] GC(1) Eden regions: 71->0(102)
[2025-06-17T22:38:34.067+0300][8864][19604][info ][gc,heap  ] GC(1) Survivor regions: 10->0(13)
[2025-06-17T22:38:34.067+0300][8864][19604][info ][gc,heap  ] GC(1) Old regions: 0->14
[2025-06-17T22:38:34.067+0300][8864][19604][info ][gc,heap  ] GC(1) Humongous regions: 0->0
[2025-06-17T22:38:34.067+0300][8864][19604][debug][gc,heap  ] GC(1) Heap after GC invocations=2 (full 1):
[2025-06-17T22:38:34.067+0300][8864][19604][debug][gc,heap  ] GC(1)  garbage-first heap   total 2097152K, used 9413K [0x0000000080000000, 0x0000000100000000)
[2025-06-17T22:38:34.067+0300][8864][19604][debug][gc,heap  ] GC(1)   region size 1024K, 0 young (0K), 0 survivors (0K)
[2025-06-17T22:38:34.067+0300][8864][19604][debug][gc,heap  ] GC(1)  Metaspace       used 15352K, committed 15744K, reserved 1114112K
[2025-06-17T22:38:34.067+0300][8864][19604][debug][gc,heap  ] GC(1)   class space    used 1510K, committed 1728K, reserved 1048576K
[2025-06-17T22:38:34.067+0300][8864][19604][info ][gc       ] GC(1) Pause Full (System.gc()) 80M->9M(2048M) 21.715ms
[2025-06-17T22:38:34.067+0300][8864][19604][info ][safepoint] Safepoint "G1CollectFull", Time since last: 285376500 ns, Reaching safepoint: 42800 ns, Cleanup: 57000 ns, At safepoint: 21746200 ns, Total: 21846000 ns
[2025-06-17T22:38:34.790+0300][8864][19604][debug][safepoint] Safepoint synchronization initiated using striped semaphore wait barrier. (33 threads)
[2025-06-17T22:38:34.790+0300][8864][19604][debug][gc,heap  ] GC(2) Heap before GC invocations=2 (full 1):
[2025-06-17T22:38:34.790+0300][8864][19604][debug][gc,heap  ] GC(2)  garbage-first heap   total 2097152K, used 112837K [0x0000000080000000, 0x0000000100000000)
[2025-06-17T22:38:34.790+0300][8864][19604][debug][gc,heap  ] GC(2)   region size 1024K, 102 young (104448K), 0 survivors (0K)
[2025-06-17T22:38:34.790+0300][8864][19604][debug][gc,heap  ] GC(2)  Metaspace       used 23959K, committed 24448K, reserved 1114112K
[2025-06-17T22:38:34.790+0300][8864][19604][debug][gc,heap  ] GC(2)   class space    used 2298K, committed 2560K, reserved 1048576K
[2025-06-17T22:38:34.790+0300][8864][19604][info ][gc,phases] GC(2)   Pre Evacuate Collection Set: 0.3ms
[2025-06-17T22:38:34.790+0300][8864][19604][debug][gc,phases] GC(2)     Pre Evacuate Prepare: 0.1ms
[2025-06-17T22:38:34.790+0300][8864][19604][debug][gc,phases] GC(2)       JT Retire TLABs And Flush Logs (ms): Min:  0.0, Avg:  0.0, Max:  0.0, Diff:  0.0, Sum:  0.0, Workers: 2
[2025-06-17T22:38:34.790+0300][8864][19604][debug][gc,phases] GC(2)       Non-JT Flush Logs (ms):        Min:  0.0, Avg:  0.0, Max:  0.0, Diff:  0.0, Sum:  0.0, Workers: 1
[2025-06-17T22:38:34.790+0300][8864][19604][debug][gc,phases] GC(2)     Choose Collection Set: 0.0ms
[2025-06-17T22:38:34.790+0300][8864][19604][debug][gc,phases] GC(2)     Region Register: 0.2ms
[2025-06-17T22:38:34.790+0300][8864][19604][debug][gc,phases] GC(2)     Prepare Heap Roots: 0.0ms
[2025-06-17T22:38:34.790+0300][8864][19604][info ][gc,phases] GC(2)   Merge Heap Roots: 0.2ms
[2025-06-17T22:38:34.790+0300][8864][19604][debug][gc,phases] GC(2)     Prepare Merge Heap Roots: 0.0ms
[2025-06-17T22:38:34.790+0300][8864][19604][debug][gc,phases] GC(2)     Remembered Sets (ms):          Min:  0.0, Avg:  0.0, Max:  0.0, Diff:  0.0, Sum:  0.1, Workers: 8
[2025-06-17T22:38:34.790+0300][8864][19604][debug][gc,phases] GC(2)       Eager Reclaim (ms):            skipped
[2025-06-17T22:38:34.790+0300][8864][19604][debug][gc,phases] GC(2)       Merged Inline                  Min: 0, Avg:  0.0, Max: 0, Diff: 0, Sum: 0, Workers: 8
[2025-06-17T22:38:34.790+0300][8864][19604][debug][gc,phases] GC(2)       Merged ArrayOfCards            Min: 0, Avg:  0.0, Max: 0, Diff: 0, Sum: 0, Workers: 8
[2025-06-17T22:38:34.790+0300][8864][19604][debug][gc,phases] GC(2)       Merged Howl                    Min: 0, Avg:  0.0, Max: 0, Diff: 0, Sum: 0, Workers: 8
[2025-06-17T22:38:34.790+0300][8864][19604][debug][gc,phases] GC(2)       Merged Full                    Min: 0, Avg:  0.0, Max: 0, Diff: 0, Sum: 0, Workers: 8
[2025-06-17T22:38:34.790+0300][8864][19604][debug][gc,phases] GC(2)       Merged Howl Inline             Min: 0, Avg:  0.0, Max: 0, Diff: 0, Sum: 0, Workers: 8
[2025-06-17T22:38:34.790+0300][8864][19604][debug][gc,phases] GC(2)       Merged Howl ArrayOfCards       Min: 0, Avg:  0.0, Max: 0, Diff: 0, Sum: 0, Workers: 8
[2025-06-17T22:38:34.790+0300][8864][19604][debug][gc,phases] GC(2)       Merged Howl BitMap             Min: 0, Avg:  0.0, Max: 0, Diff: 0, Sum: 0, Workers: 8
[2025-06-17T22:38:34.790+0300][8864][19604][debug][gc,phases] GC(2)       Merged Howl Full               Min: 0, Avg:  0.0, Max: 0, Diff: 0, Sum: 0, Workers: 8
[2025-06-17T22:38:34.790+0300][8864][19604][debug][gc,phases] GC(2)       Merged Cards                   Min: 8, Avg:  8.0, Max: 8, Diff: 0, Sum: 64, Workers: 8
[2025-06-17T22:38:34.790+0300][8864][19604][debug][gc,phases] GC(2)     Log Buffers (ms):              Min:  0.0, Avg:  0.0, Max:  0.0, Diff:  0.0, Sum:  0.0, Workers: 8
[2025-06-17T22:38:34.790+0300][8864][19604][debug][gc,phases] GC(2)       Dirty Cards:                   Min: 0, Avg: 130.1, Max: 256, Diff: 256, Sum: 1041, Workers: 8
[2025-06-17T22:38:34.790+0300][8864][19604][debug][gc,phases] GC(2)       Skipped Cards:                 Min: 0, Avg:  0.0, Max: 0, Diff: 0, Sum: 0, Workers: 8
[2025-06-17T22:38:34.790+0300][8864][19604][info ][gc,phases] GC(2)   Evacuate Collection Set: 5.6ms
[2025-06-17T22:38:34.790+0300][8864][19604][debug][gc,phases] GC(2)     Ext Root Scanning (ms):        Min:  3.7, Avg:  4.3, Max:  4.6, Diff:  0.9, Sum: 34.1, Workers: 8
[2025-06-17T22:38:34.790+0300][8864][19604][debug][gc,phases] GC(2)     Scan Heap Roots (ms):          Min:  0.0, Avg:  0.2, Max:  0.3, Diff:  0.3, Sum:  1.2, Workers: 8
[2025-06-17T22:38:34.790+0300][8864][19604][debug][gc,phases] GC(2)       Scanned Cards:                 Min: 0, Avg: 130.1, Max: 282, Diff: 282, Sum: 1041, Workers: 8
[2025-06-17T22:38:34.790+0300][8864][19604][debug][gc,phases] GC(2)       Scanned Blocks:                Min: 0, Avg: 69.2, Max: 154, Diff: 154, Sum: 554, Workers: 8
[2025-06-17T22:38:34.790+0300][8864][19604][debug][gc,phases] GC(2)       Claimed Chunks:                Min: 0, Avg: 28.0, Max: 63, Diff: 63, Sum: 224, Workers: 8
[2025-06-17T22:38:34.790+0300][8864][19604][debug][gc,phases] GC(2)       Found Roots:                   Min: 0, Avg: 1008.6, Max: 2198, Diff: 2198, Sum: 8069, Workers: 8
[2025-06-17T22:38:34.790+0300][8864][19604][debug][gc,phases] GC(2)     Code Root Scan (ms):           Min:  0.0, Avg:  0.0, Max:  0.1, Diff:  0.1, Sum:  0.4, Workers: 8
[2025-06-17T22:38:34.790+0300][8864][19604][debug][gc,phases] GC(2)       Scanned Nmethods               Min: 0, Avg:  5.4, Max: 17, Diff: 17, Sum: 43, Workers: 8
[2025-06-17T22:38:34.790+0300][8864][19604][debug][gc,phases] GC(2)     Object Copy (ms):              Min:  0.8, Avg:  1.0, Max:  1.5, Diff:  0.8, Sum:  7.7, Workers: 8
[2025-06-17T22:38:34.790+0300][8864][19604][debug][gc,phases] GC(2)     Termination (ms):              Min:  0.0, Avg:  0.1, Max:  0.1, Diff:  0.1, Sum:  0.6, Workers: 8
[2025-06-17T22:38:34.790+0300][8864][19604][debug][gc,phases] GC(2)       Termination Attempts:          Min: 1, Avg:  1.5, Max: 2, Diff: 1, Sum: 12, Workers: 8
[2025-06-17T22:38:34.790+0300][8864][19604][debug][gc,phases] GC(2)     GC Worker Other (ms):          Min:  0.0, Avg:  0.0, Max:  0.0, Diff:  0.0, Sum:  0.2, Workers: 8
[2025-06-17T22:38:34.790+0300][8864][19604][debug][gc,phases] GC(2)     GC Worker Total (ms):          Min:  5.4, Avg:  5.5, Max:  5.5, Diff:  0.1, Sum: 44.1, Workers: 8
[2025-06-17T22:38:34.790+0300][8864][19604][info ][gc,phases] GC(2)   Post Evacuate Collection Set: 0.3ms
[2025-06-17T22:38:34.790+0300][8864][19604][debug][gc,phases] GC(2)     NMethod List Cleanup: 0.0ms
[2025-06-17T22:38:34.790+0300][8864][19604][debug][gc,phases] GC(2)     Reference Processing: 0.1ms
[2025-06-17T22:38:34.790+0300][8864][19604][debug][gc,phases] GC(2)     Weak Processing: 0.1ms
[2025-06-17T22:38:34.790+0300][8864][19604][debug][gc,phases] GC(2)       VM Weak                        Min:  0.0, Avg:  0.0, Max:  0.0, Diff:  0.0, Sum:  0.0, Workers: 8
[2025-06-17T22:38:34.790+0300][8864][19604][debug][gc,phases] GC(2)         Dead                           Min: 0, Avg:  0.0, Max: 0, Diff: 0, Sum: 0, Workers: 8
[2025-06-17T22:38:34.790+0300][8864][19604][debug][gc,phases] GC(2)         Total                          Min: 0, Avg: 31.0, Max: 128, Diff: 128, Sum: 248, Workers: 8
[2025-06-17T22:38:34.790+0300][8864][19604][debug][gc,phases] GC(2)       ObjectSynchronizer Weak        Min:  0.0, Avg:  0.0, Max:  0.0, Diff:  0.0, Sum:  0.0, Workers: 8
[2025-06-17T22:38:34.790+0300][8864][19604][debug][gc,phases] GC(2)         Dead                           Min: 0, Avg:  0.4, Max: 3, Diff: 3, Sum: 3, Workers: 8
[2025-06-17T22:38:34.790+0300][8864][19604][debug][gc,phases] GC(2)         Total                          Min: 0, Avg:  2.6, Max: 21, Diff: 21, Sum: 21, Workers: 8
[2025-06-17T22:38:34.790+0300][8864][19604][debug][gc,phases] GC(2)       JVMTI Tag Weak OopStorage      Min:  0.0, Avg:  0.0, Max:  0.0, Diff:  0.0, Sum:  0.0, Workers: 8
[2025-06-17T22:38:34.790+0300][8864][19604][debug][gc,phases] GC(2)         Dead                           Min: 0, Avg:  0.0, Max: 0, Diff: 0, Sum: 0, Workers: 8
[2025-06-17T22:38:34.790+0300][8864][19604][debug][gc,phases] GC(2)         Total                          Min: 0, Avg:  0.0, Max: 0, Diff: 0, Sum: 0, Workers: 8
[2025-06-17T22:38:34.790+0300][8864][19604][debug][gc,phases] GC(2)       StringTable Weak               Min:  0.0, Avg:  0.0, Max:  0.1, Diff:  0.0, Sum:  0.4, Workers: 8
[2025-06-17T22:38:34.790+0300][8864][19604][debug][gc,phases] GC(2)         Dead                           Min: 0, Avg:  1.2, Max: 5, Diff: 5, Sum: 10, Workers: 8
[2025-06-17T22:38:34.790+0300][8864][19604][debug][gc,phases] GC(2)         Total                          Min: 2496, Avg: 2884.6, Max: 3328, Diff: 832, Sum: 23077, Workers: 8
[2025-06-17T22:38:34.790+0300][8864][19604][debug][gc,phases] GC(2)       ResolvedMethodTable Weak       Min:  0.0, Avg:  0.0, Max:  0.0, Diff:  0.0, Sum:  0.0, Workers: 8
[2025-06-17T22:38:34.790+0300][8864][19604][debug][gc,phases] GC(2)         Dead                           Min: 0, Avg:  1.9, Max: 7, Diff: 7, Sum: 15, Workers: 8
[2025-06-17T22:38:34.790+0300][8864][19604][debug][gc,phases] GC(2)         Total                          Min: 0, Avg: 160.1, Max: 384, Diff: 384, Sum: 1281, Workers: 8
[2025-06-17T22:38:34.790+0300][8864][19604][debug][gc,phases] GC(2)       JNI Weak                       Min:  0.0, Avg:  0.0, Max:  0.0, Diff:  0.0, Sum:  0.0, Workers: 8
[2025-06-17T22:38:34.790+0300][8864][19604][debug][gc,phases] GC(2)         Dead                           Min: 0, Avg:  0.0, Max: 0, Diff: 0, Sum: 0, Workers: 8
[2025-06-17T22:38:34.790+0300][8864][19604][debug][gc,phases] GC(2)         Total                          Min: 0, Avg:  0.0, Max: 0, Diff: 0, Sum: 0, Workers: 8
[2025-06-17T22:38:34.790+0300][8864][19604][debug][gc,phases] GC(2)       StringDedup Table Weak         Min:  0.0, Avg:  0.0, Max:  0.0, Diff:  0.0, Sum:  0.0, Workers: 8
[2025-06-17T22:38:34.790+0300][8864][19604][debug][gc,phases] GC(2)         Dead                           Min: 0, Avg:  0.0, Max: 0, Diff: 0, Sum: 0, Workers: 8
[2025-06-17T22:38:34.790+0300][8864][19604][debug][gc,phases] GC(2)         Total                          Min: 0, Avg:  0.0, Max: 0, Diff: 0, Sum: 0, Workers: 8
[2025-06-17T22:38:34.790+0300][8864][19604][debug][gc,phases] GC(2)       StringDedup Requests0 Weak     Min:  0.0, Avg:  0.0, Max:  0.0, Diff:  0.0, Sum:  0.0, Workers: 8
[2025-06-17T22:38:34.790+0300][8864][19604][debug][gc,phases] GC(2)         Dead                           Min: 0, Avg:  0.0, Max: 0, Diff: 0, Sum: 0, Workers: 8
[2025-06-17T22:38:34.790+0300][8864][19604][debug][gc,phases] GC(2)         Total                          Min: 0, Avg:  0.0, Max: 0, Diff: 0, Sum: 0, Workers: 8
[2025-06-17T22:38:34.790+0300][8864][19604][debug][gc,phases] GC(2)       StringDedup Requests1 Weak     Min:  0.0, Avg:  0.0, Max:  0.0, Diff:  0.0, Sum:  0.0, Workers: 8
[2025-06-17T22:38:34.790+0300][8864][19604][debug][gc,phases] GC(2)         Dead                           Min: 0, Avg:  0.0, Max: 0, Diff: 0, Sum: 0, Workers: 8
[2025-06-17T22:38:34.790+0300][8864][19604][debug][gc,phases] GC(2)         Total                          Min: 0, Avg:  0.0, Max: 0, Diff: 0, Sum: 0, Workers: 8
[2025-06-17T22:38:34.790+0300][8864][19604][debug][gc,phases] GC(2)       Weak JFR Old Object Samples    Min:  0.0, Avg:  0.0, Max:  0.0, Diff:  0.0, Sum:  0.0, Workers: 8
[2025-06-17T22:38:34.790+0300][8864][19604][debug][gc,phases] GC(2)         Dead                           Min: 0, Avg:  0.0, Max: 0, Diff: 0, Sum: 0, Workers: 8
[2025-06-17T22:38:34.790+0300][8864][19604][debug][gc,phases] GC(2)         Total                          Min: 0, Avg:  0.0, Max: 0, Diff: 0, Sum: 0, Workers: 8
[2025-06-17T22:38:34.790+0300][8864][19604][debug][gc,phases] GC(2)     Post Evacuate Cleanup 1: 0.0ms
[2025-06-17T22:38:34.790+0300][8864][19604][debug][gc,phases] GC(2)       Merge Per-Thread State (ms):   Min:  0.0, Avg:  0.0, Max:  0.0, Diff:  0.0, Sum:  0.0, Workers: 1
[2025-06-17T22:38:34.790+0300][8864][19604][debug][gc,phases] GC(2)         Copied Bytes                   Min: 311528, Avg: 604459.0, Max: 1480720, Diff: 1169192, Sum: 4835672, Workers: 8
[2025-06-17T22:38:34.790+0300][8864][19604][debug][gc,phases] GC(2)         LAB Waste                      Min: 32, Avg: 3093.0, Max: 12120, Diff: 12088, Sum: 24744, Workers: 8
[2025-06-17T22:38:34.790+0300][8864][19604][debug][gc,phases] GC(2)         LAB Undo Waste                 Min: 0, Avg:  0.0, Max: 0, Diff: 0, Sum: 0, Workers: 8
[2025-06-17T22:38:34.790+0300][8864][19604][debug][gc,phases] GC(2)       Clear Logged Cards (ms):       Min:  0.0, Avg:  0.0, Max:  0.0, Diff:  0.0, Sum:  0.0, Workers: 3
[2025-06-17T22:38:34.790+0300][8864][19604][debug][gc,phases] GC(2)       Recalculate Used Memory (ms):  Min:  0.0, Avg:  0.0, Max:  0.0, Diff:  0.0, Sum:  0.0, Workers: 1
[2025-06-17T22:38:34.790+0300][8864][19604][debug][gc,phases] GC(2)     Post Evacuate Cleanup 2: 0.1ms
[2025-06-17T22:38:34.790+0300][8864][19604][debug][gc,phases] GC(2)       Update Derived Pointers (ms):  Min:  0.0, Avg:  0.0, Max:  0.0, Diff:  0.0, Sum:  0.0, Workers: 1
[2025-06-17T22:38:34.790+0300][8864][19604][debug][gc,phases] GC(2)       Eagerly Reclaim Humongous Objects (ms): skipped
[2025-06-17T22:38:34.790+0300][8864][19604][debug][gc,phases] GC(2)         Humongous Total                skipped
[2025-06-17T22:38:34.790+0300][8864][19604][debug][gc,phases] GC(2)         Humongous Candidates           skipped
[2025-06-17T22:38:34.790+0300][8864][19604][debug][gc,phases] GC(2)         Humongous Reclaimed            skipped
[2025-06-17T22:38:34.790+0300][8864][19604][debug][gc,phases] GC(2)       Redirty Logged Cards (ms):     Min:  0.0, Avg:  0.0, Max:  0.0, Diff:  0.0, Sum:  0.0, Workers: 8
[2025-06-17T22:38:34.790+0300][8864][19604][debug][gc,phases] GC(2)         Redirtied Cards:               Min: 0, Avg: 98.0, Max: 368, Diff: 368, Sum: 784, Workers: 8
[2025-06-17T22:38:34.790+0300][8864][19604][debug][gc,phases] GC(2)       Resize TLABs (ms):             Min:  0.0, Avg:  0.0, Max:  0.0, Diff:  0.0, Sum:  0.0, Workers: 8
[2025-06-17T22:38:34.790+0300][8864][19604][debug][gc,phases] GC(2)       Free Collection Set (ms):      Min:  0.0, Avg:  0.0, Max:  0.0, Diff:  0.0, Sum:  0.2, Workers: 8
[2025-06-17T22:38:34.790+0300][8864][19604][debug][gc,phases] GC(2)     Rebuild Free List: 0.0ms
[2025-06-17T22:38:34.790+0300][8864][19604][debug][gc,phases] GC(2)     Prepare For Mutator: 0.0ms
[2025-06-17T22:38:34.790+0300][8864][19604][debug][gc,phases] GC(2)     Expand Heap After Collection: 0.0ms
[2025-06-17T22:38:34.790+0300][8864][19604][info ][gc,phases] GC(2)   Other: 0.0ms
[2025-06-17T22:38:34.790+0300][8864][19604][info ][gc,heap  ] GC(2) Eden regions: 102->0(122)
[2025-06-17T22:38:34.790+0300][8864][19604][info ][gc,heap  ] GC(2) Survivor regions: 0->6(13)
[2025-06-17T22:38:34.790+0300][8864][19604][info ][gc,heap  ] GC(2) Old regions: 14->14
[2025-06-17T22:38:34.790+0300][8864][19604][info ][gc,heap  ] GC(2) Humongous regions: 0->0
[2025-06-17T22:38:34.790+0300][8864][19604][debug][gc,heap  ] GC(2) Heap after GC invocations=3 (full 1):
[2025-06-17T22:38:34.790+0300][8864][19604][debug][gc,heap  ] GC(2)  garbage-first heap   total 2097152K, used 15054K [0x0000000080000000, 0x0000000100000000)
[2025-06-17T22:38:34.790+0300][8864][19604][debug][gc,heap  ] GC(2)   region size 1024K, 6 young (6144K), 6 survivors (6144K)
[2025-06-17T22:38:34.790+0300][8864][19604][debug][gc,heap  ] GC(2)  Metaspace       used 23959K, committed 24448K, reserved 1114112K
[2025-06-17T22:38:34.790+0300][8864][19604][debug][gc,heap  ] GC(2)   class space    used 2298K, committed 2560K, reserved 1048576K
[2025-06-17T22:38:34.790+0300][8864][19604][info ][gc       ] GC(2) Pause Young (Normal) (G1 Evacuation Pause) 111M->14M(2048M) 7.761ms
[2025-06-17T22:38:34.790+0300][8864][19604][info ][safepoint] Safepoint "G1CollectForAllocation", Time since last: 727707900 ns, Reaching safepoint: 54800 ns, Cleanup: 108700 ns, At safepoint: 7796400 ns, Total: 7959900 ns
[2025-06-17T22:38:34.939+0300][8864][19604][debug][safepoint] Safepoint synchronization initiated using striped semaphore wait barrier. (33 threads)
[2025-06-17T22:38:34.939+0300][8864][19604][debug][gc,heap  ] GC(3) Heap before GC invocations=3 (full 1):
[2025-06-17T22:38:34.939+0300][8864][19604][debug][gc,heap  ] GC(3)  garbage-first heap   total 2097152K, used 30414K [0x0000000080000000, 0x0000000100000000)
[2025-06-17T22:38:34.939+0300][8864][19604][debug][gc,heap  ] GC(3)   region size 1024K, 22 young (22528K), 6 survivors (6144K)
[2025-06-17T22:38:34.939+0300][8864][19604][debug][gc,heap  ] GC(3)  Metaspace       used 25802K, committed 26240K, reserved 1114112K
[2025-06-17T22:38:34.939+0300][8864][19604][debug][gc,heap  ] GC(3)   class space    used 2448K, committed 2688K, reserved 1048576K
[2025-06-17T22:38:34.939+0300][8864][19604][info ][gc,phases] GC(3)   Pre Evacuate Collection Set: 1.1ms
[2025-06-17T22:38:34.939+0300][8864][19604][debug][gc,phases] GC(3)     Pre Evacuate Prepare: 0.2ms
[2025-06-17T22:38:34.939+0300][8864][19604][debug][gc,phases] GC(3)       JT Retire TLABs And Flush Logs (ms): Min:  0.0, Avg:  0.0, Max:  0.0, Diff:  0.0, Sum:  0.0, Workers: 2
[2025-06-17T22:38:34.939+0300][8864][19604][debug][gc,phases] GC(3)       Non-JT Flush Logs (ms):        Min:  0.0, Avg:  0.0, Max:  0.0, Diff:  0.0, Sum:  0.0, Workers: 1
[2025-06-17T22:38:34.939+0300][8864][19604][debug][gc,phases] GC(3)     Choose Collection Set: 0.0ms
[2025-06-17T22:38:34.939+0300][8864][19604][debug][gc,phases] GC(3)     Region Register: 0.2ms
[2025-06-17T22:38:34.939+0300][8864][19604][debug][gc,phases] GC(3)     Prepare Heap Roots: 0.0ms
[2025-06-17T22:38:34.939+0300][8864][19604][debug][gc,phases] GC(3)     Reset Marking State (ms):      Min:  0.5, Avg:  0.5, Max:  0.5, Diff:  0.0, Sum:  0.5, Workers: 1
[2025-06-17T22:38:34.939+0300][8864][19604][debug][gc,phases] GC(3)     Note Start Of Mark (ms):       Min:  0.0, Avg:  0.3, Max:  0.4, Diff:  0.4, Sum:  1.2, Workers: 4
[2025-06-17T22:38:34.939+0300][8864][19604][info ][gc,phases] GC(3)   Merge Heap Roots: 0.1ms
[2025-06-17T22:38:34.939+0300][8864][19604][debug][gc,phases] GC(3)     Prepare Merge Heap Roots: 0.0ms
[2025-06-17T22:38:34.939+0300][8864][19604][debug][gc,phases] GC(3)     Remembered Sets (ms):          Min:  0.0, Avg:  0.0, Max:  0.0, Diff:  0.0, Sum:  0.0, Workers: 8
[2025-06-17T22:38:34.939+0300][8864][19604][debug][gc,phases] GC(3)       Eager Reclaim (ms):            skipped
[2025-06-17T22:38:34.939+0300][8864][19604][debug][gc,phases] GC(3)       Merged Inline                  Min: 0, Avg:  0.0, Max: 0, Diff: 0, Sum: 0, Workers: 8
[2025-06-17T22:38:34.939+0300][8864][19604][debug][gc,phases] GC(3)       Merged ArrayOfCards            Min: 0, Avg:  0.0, Max: 0, Diff: 0, Sum: 0, Workers: 8
[2025-06-17T22:38:34.939+0300][8864][19604][debug][gc,phases] GC(3)       Merged Howl                    Min: 0, Avg:  0.0, Max: 0, Diff: 0, Sum: 0, Workers: 8
[2025-06-17T22:38:34.939+0300][8864][19604][debug][gc,phases] GC(3)       Merged Full                    Min: 0, Avg:  0.0, Max: 0, Diff: 0, Sum: 0, Workers: 8
[2025-06-17T22:38:34.939+0300][8864][19604][debug][gc,phases] GC(3)       Merged Howl Inline             Min: 0, Avg:  0.0, Max: 0, Diff: 0, Sum: 0, Workers: 8
[2025-06-17T22:38:34.939+0300][8864][19604][debug][gc,phases] GC(3)       Merged Howl ArrayOfCards       Min: 0, Avg:  0.0, Max: 0, Diff: 0, Sum: 0, Workers: 8
[2025-06-17T22:38:34.939+0300][8864][19604][debug][gc,phases] GC(3)       Merged Howl BitMap             Min: 0, Avg:  0.0, Max: 0, Diff: 0, Sum: 0, Workers: 8
[2025-06-17T22:38:34.939+0300][8864][19604][debug][gc,phases] GC(3)       Merged Howl Full               Min: 0, Avg:  0.0, Max: 0, Diff: 0, Sum: 0, Workers: 8
[2025-06-17T22:38:34.939+0300][8864][19604][debug][gc,phases] GC(3)       Merged Cards                   Min: 8, Avg:  8.0, Max: 8, Diff: 0, Sum: 64, Workers: 8
[2025-06-17T22:38:34.939+0300][8864][19604][debug][gc,phases] GC(3)     Log Buffers (ms):              Min:  0.0, Avg:  0.0, Max:  0.0, Diff:  0.0, Sum:  0.0, Workers: 8
[2025-06-17T22:38:34.939+0300][8864][19604][debug][gc,phases] GC(3)       Dirty Cards:                   Min: 0, Avg: 107.0, Max: 256, Diff: 256, Sum: 856, Workers: 8
[2025-06-17T22:38:34.939+0300][8864][19604][debug][gc,phases] GC(3)       Skipped Cards:                 Min: 0, Avg:  0.0, Max: 0, Diff: 0, Sum: 0, Workers: 8
[2025-06-17T22:38:34.939+0300][8864][19604][info ][gc,phases] GC(3)   Evacuate Collection Set: 1.6ms
[2025-06-17T22:38:34.939+0300][8864][19604][debug][gc,phases] GC(3)     Ext Root Scanning (ms):        Min:  0.0, Avg:  0.2, Max:  0.7, Diff:  0.7, Sum:  1.8, Workers: 8
[2025-06-17T22:38:34.939+0300][8864][19604][debug][gc,phases] GC(3)     Scan Heap Roots (ms):          Min:  0.0, Avg:  0.1, Max:  0.2, Diff:  0.2, Sum:  0.8, Workers: 8
[2025-06-17T22:38:34.939+0300][8864][19604][debug][gc,phases] GC(3)       Scanned Cards:                 Min: 0, Avg: 105.1, Max: 236, Diff: 236, Sum: 841, Workers: 8
[2025-06-17T22:38:34.939+0300][8864][19604][debug][gc,phases] GC(3)       Scanned Blocks:                Min: 0, Avg: 55.2, Max: 130, Diff: 130, Sum: 442, Workers: 8
[2025-06-17T22:38:34.939+0300][8864][19604][debug][gc,phases] GC(3)       Claimed Chunks:                Min: 0, Avg: 24.1, Max: 52, Diff: 52, Sum: 193, Workers: 8
[2025-06-17T22:38:34.939+0300][8864][19604][debug][gc,phases] GC(3)       Found Roots:                   Min: 0, Avg: 1107.4, Max: 4072, Diff: 4072, Sum: 8859, Workers: 8
[2025-06-17T22:38:34.939+0300][8864][19604][debug][gc,phases] GC(3)     Code Root Scan (ms):           Min:  0.0, Avg:  0.1, Max:  0.2, Diff:  0.2, Sum:  0.5, Workers: 8
[2025-06-17T22:38:34.939+0300][8864][19604][debug][gc,phases] GC(3)       Scanned Nmethods               Min: 0, Avg:  8.1, Max: 38, Diff: 38, Sum: 65, Workers: 8
[2025-06-17T22:38:34.939+0300][8864][19604][debug][gc,phases] GC(3)     Object Copy (ms):              Min:  0.7, Avg:  0.8, Max:  1.0, Diff:  0.4, Sum:  6.7, Workers: 8
[2025-06-17T22:38:34.939+0300][8864][19604][debug][gc,phases] GC(3)     Termination (ms):              Min:  0.0, Avg:  0.3, Max:  0.3, Diff:  0.3, Sum:  2.1, Workers: 8
[2025-06-17T22:38:34.939+0300][8864][19604][debug][gc,phases] GC(3)       Termination Attempts:          Min: 1, Avg:  2.4, Max: 4, Diff: 3, Sum: 19, Workers: 8
[2025-06-17T22:38:34.939+0300][8864][19604][debug][gc,phases] GC(3)     GC Worker Other (ms):          Min:  0.0, Avg:  0.0, Max:  0.1, Diff:  0.0, Sum:  0.2, Workers: 8
[2025-06-17T22:38:34.939+0300][8864][19604][debug][gc,phases] GC(3)     GC Worker Total (ms):          Min:  1.5, Avg:  1.5, Max:  1.5, Diff:  0.1, Sum: 12.0, Workers: 8
[2025-06-17T22:38:34.939+0300][8864][19604][info ][gc,phases] GC(3)   Post Evacuate Collection Set: 0.6ms
[2025-06-17T22:38:34.939+0300][8864][19604][debug][gc,phases] GC(3)     NMethod List Cleanup: 0.0ms
[2025-06-17T22:38:34.939+0300][8864][19604][debug][gc,phases] GC(3)     Reference Processing: 0.1ms
[2025-06-17T22:38:34.939+0300][8864][19604][debug][gc,phases] GC(3)     Weak Processing: 0.1ms
[2025-06-17T22:38:34.939+0300][8864][19604][debug][gc,phases] GC(3)       VM Weak                        Min:  0.0, Avg:  0.0, Max:  0.0, Diff:  0.0, Sum:  0.0, Workers: 8
[2025-06-17T22:38:34.939+0300][8864][19604][debug][gc,phases] GC(3)         Dead                           Min: 0, Avg:  0.0, Max: 0, Diff: 0, Sum: 0, Workers: 8
[2025-06-17T22:38:34.939+0300][8864][19604][debug][gc,phases] GC(3)         Total                          Min: 0, Avg: 31.5, Max: 128, Diff: 128, Sum: 252, Workers: 8
[2025-06-17T22:38:34.939+0300][8864][19604][debug][gc,phases] GC(3)       ObjectSynchronizer Weak        Min:  0.0, Avg:  0.0, Max:  0.0, Diff:  0.0, Sum:  0.0, Workers: 8
[2025-06-17T22:38:34.939+0300][8864][19604][debug][gc,phases] GC(3)         Dead                           Min: 0, Avg:  0.0, Max: 0, Diff: 0, Sum: 0, Workers: 8
[2025-06-17T22:38:34.939+0300][8864][19604][debug][gc,phases] GC(3)         Total                          Min: 0, Avg:  2.8, Max: 22, Diff: 22, Sum: 22, Workers: 8
[2025-06-17T22:38:34.939+0300][8864][19604][debug][gc,phases] GC(3)       JVMTI Tag Weak OopStorage      Min:  0.0, Avg:  0.0, Max:  0.0, Diff:  0.0, Sum:  0.0, Workers: 8
[2025-06-17T22:38:34.939+0300][8864][19604][debug][gc,phases] GC(3)         Dead                           Min: 0, Avg:  0.0, Max: 0, Diff: 0, Sum: 0, Workers: 8
[2025-06-17T22:38:34.939+0300][8864][19604][debug][gc,phases] GC(3)         Total                          Min: 0, Avg:  0.0, Max: 0, Diff: 0, Sum: 0, Workers: 8
[2025-06-17T22:38:34.939+0300][8864][19604][debug][gc,phases] GC(3)       StringTable Weak               Min:  0.0, Avg:  0.0, Max:  0.1, Diff:  0.0, Sum:  0.3, Workers: 8
[2025-06-17T22:38:34.939+0300][8864][19604][debug][gc,phases] GC(3)         Dead                           Min: 0, Avg:  0.5, Max: 1, Diff: 1, Sum: 4, Workers: 8
[2025-06-17T22:38:34.939+0300][8864][19604][debug][gc,phases] GC(3)         Total                          Min: 384, Avg: 2943.5, Max: 5504, Diff: 5120, Sum: 23548, Workers: 8
[2025-06-17T22:38:34.939+0300][8864][19604][debug][gc,phases] GC(3)       ResolvedMethodTable Weak       Min:  0.0, Avg:  0.0, Max:  0.0, Diff:  0.0, Sum:  0.0, Workers: 8
[2025-06-17T22:38:34.939+0300][8864][19604][debug][gc,phases] GC(3)         Dead                           Min: 0, Avg:  0.6, Max: 5, Diff: 5, Sum: 5, Workers: 8
[2025-06-17T22:38:34.939+0300][8864][19604][debug][gc,phases] GC(3)         Total                          Min: 0, Avg: 162.0, Max: 320, Diff: 320, Sum: 1296, Workers: 8
[2025-06-17T22:38:34.939+0300][8864][19604][debug][gc,phases] GC(3)       JNI Weak                       Min:  0.0, Avg:  0.0, Max:  0.0, Diff:  0.0, Sum:  0.0, Workers: 8
[2025-06-17T22:38:34.939+0300][8864][19604][debug][gc,phases] GC(3)         Dead                           Min: 0, Avg:  0.0, Max: 0, Diff: 0, Sum: 0, Workers: 8
[2025-06-17T22:38:34.939+0300][8864][19604][debug][gc,phases] GC(3)         Total                          Min: 0, Avg:  0.5, Max: 4, Diff: 4, Sum: 4, Workers: 8
[2025-06-17T22:38:34.939+0300][8864][19604][debug][gc,phases] GC(3)       StringDedup Table Weak         Min:  0.0, Avg:  0.0, Max:  0.0, Diff:  0.0, Sum:  0.0, Workers: 8
[2025-06-17T22:38:34.939+0300][8864][19604][debug][gc,phases] GC(3)         Dead                           Min: 0, Avg:  0.0, Max: 0, Diff: 0, Sum: 0, Workers: 8
[2025-06-17T22:38:34.939+0300][8864][19604][debug][gc,phases] GC(3)         Total                          Min: 0, Avg:  0.0, Max: 0, Diff: 0, Sum: 0, Workers: 8
[2025-06-17T22:38:34.939+0300][8864][19604][debug][gc,phases] GC(3)       StringDedup Requests0 Weak     Min:  0.0, Avg:  0.0, Max:  0.0, Diff:  0.0, Sum:  0.0, Workers: 8
[2025-06-17T22:38:34.939+0300][8864][19604][debug][gc,phases] GC(3)         Dead                           Min: 0, Avg:  0.0, Max: 0, Diff: 0, Sum: 0, Workers: 8
[2025-06-17T22:38:34.939+0300][8864][19604][debug][gc,phases] GC(3)         Total                          Min: 0, Avg:  0.0, Max: 0, Diff: 0, Sum: 0, Workers: 8
[2025-06-17T22:38:34.939+0300][8864][19604][debug][gc,phases] GC(3)       StringDedup Requests1 Weak     Min:  0.0, Avg:  0.0, Max:  0.0, Diff:  0.0, Sum:  0.0, Workers: 8
[2025-06-17T22:38:34.939+0300][8864][19604][debug][gc,phases] GC(3)         Dead                           Min: 0, Avg:  0.0, Max: 0, Diff: 0, Sum: 0, Workers: 8
[2025-06-17T22:38:34.939+0300][8864][19604][debug][gc,phases] GC(3)         Total                          Min: 0, Avg:  0.0, Max: 0, Diff: 0, Sum: 0, Workers: 8
[2025-06-17T22:38:34.939+0300][8864][19604][debug][gc,phases] GC(3)       Weak JFR Old Object Samples    Min:  0.0, Avg:  0.0, Max:  0.0, Diff:  0.0, Sum:  0.0, Workers: 8
[2025-06-17T22:38:34.939+0300][8864][19604][debug][gc,phases] GC(3)         Dead                           Min: 0, Avg:  0.0, Max: 0, Diff: 0, Sum: 0, Workers: 8
[2025-06-17T22:38:34.939+0300][8864][19604][debug][gc,phases] GC(3)         Total                          Min: 0, Avg:  0.0, Max: 0, Diff: 0, Sum: 0, Workers: 8
[2025-06-17T22:38:34.939+0300][8864][19604][debug][gc,phases] GC(3)     Post Evacuate Cleanup 1: 0.1ms
[2025-06-17T22:38:34.939+0300][8864][19604][debug][gc,phases] GC(3)       Merge Per-Thread State (ms):   Min:  0.0, Avg:  0.0, Max:  0.0, Diff:  0.0, Sum:  0.0, Workers: 1
[2025-06-17T22:38:34.939+0300][8864][19604][debug][gc,phases] GC(3)         Copied Bytes                   Min: 299192, Avg: 564050.0, Max: 1238800, Diff: 939608, Sum: 4512400, Workers: 8
[2025-06-17T22:38:34.939+0300][8864][19604][debug][gc,phases] GC(3)         LAB Waste                      Min: 72, Avg: 1850.0, Max: 7088, Diff: 7016, Sum: 14800, Workers: 8
[2025-06-17T22:38:34.939+0300][8864][19604][debug][gc,phases] GC(3)         LAB Undo Waste                 Min: 0, Avg: 2050.0, Max: 16400, Diff: 16400, Sum: 16400, Workers: 8
[2025-06-17T22:38:34.939+0300][8864][19604][debug][gc,phases] GC(3)       Clear Logged Cards (ms):       Min:  0.0, Avg:  0.0, Max:  0.0, Diff:  0.0, Sum:  0.0, Workers: 3
[2025-06-17T22:38:34.939+0300][8864][19604][debug][gc,phases] GC(3)       Recalculate Used Memory (ms):  Min:  0.0, Avg:  0.0, Max:  0.0, Diff:  0.0, Sum:  0.0, Workers: 1
[2025-06-17T22:38:34.939+0300][8864][19604][debug][gc,phases] GC(3)     Post Evacuate Cleanup 2: 0.2ms
[2025-06-17T22:38:34.939+0300][8864][19604][debug][gc,phases] GC(3)       Update Derived Pointers (ms):  Min:  0.0, Avg:  0.0, Max:  0.0, Diff:  0.0, Sum:  0.0, Workers: 1
[2025-06-17T22:38:34.939+0300][8864][19604][debug][gc,phases] GC(3)       Eagerly Reclaim Humongous Objects (ms): skipped
[2025-06-17T22:38:34.939+0300][8864][19604][debug][gc,phases] GC(3)         Humongous Total                skipped
[2025-06-17T22:38:34.939+0300][8864][19604][debug][gc,phases] GC(3)         Humongous Candidates           skipped
[2025-06-17T22:38:34.939+0300][8864][19604][debug][gc,phases] GC(3)         Humongous Reclaimed            skipped
[2025-06-17T22:38:34.939+0300][8864][19604][debug][gc,phases] GC(3)       Redirty Logged Cards (ms):     Min:  0.0, Avg:  0.0, Max:  0.0, Diff:  0.0, Sum:  0.0, Workers: 8
[2025-06-17T22:38:34.939+0300][8864][19604][debug][gc,phases] GC(3)         Redirtied Cards:               Min: 0, Avg: 102.4, Max: 380, Diff: 380, Sum: 819, Workers: 8
[2025-06-17T22:38:34.939+0300][8864][19604][debug][gc,phases] GC(3)       Resize TLABs (ms):             Min:  0.0, Avg:  0.0, Max:  0.0, Diff:  0.0, Sum:  0.0, Workers: 8
[2025-06-17T22:38:34.939+0300][8864][19604][debug][gc,phases] GC(3)       Free Collection Set (ms):      Min:  0.0, Avg:  0.0, Max:  0.0, Diff:  0.0, Sum:  0.1, Workers: 8
[2025-06-17T22:38:34.939+0300][8864][19604][debug][gc,phases] GC(3)     Rebuild Free List: 0.1ms
[2025-06-17T22:38:34.939+0300][8864][19604][debug][gc,phases] GC(3)     Prepare For Mutator: 0.0ms
[2025-06-17T22:38:34.939+0300][8864][19604][debug][gc,phases] GC(3)     Expand Heap After Collection: 0.0ms
[2025-06-17T22:38:34.939+0300][8864][19604][info ][gc,phases] GC(3)   Other: -0.2ms
[2025-06-17T22:38:34.939+0300][8864][19604][info ][gc,heap  ] GC(3) Eden regions: 16->0(161)
[2025-06-17T22:38:34.939+0300][8864][19604][info ][gc,heap  ] GC(3) Survivor regions: 6->5(16)
[2025-06-17T22:38:34.939+0300][8864][19604][info ][gc,heap  ] GC(3) Old regions: 14->14
[2025-06-17T22:38:34.939+0300][8864][19604][info ][gc,heap  ] GC(3) Humongous regions: 0->0
[2025-06-17T22:38:34.939+0300][8864][19604][debug][gc,heap  ] GC(3) Heap after GC invocations=4 (full 1):
[2025-06-17T22:38:34.939+0300][8864][19604][debug][gc,heap  ] GC(3)  garbage-first heap   total 2097152K, used 14372K [0x0000000080000000, 0x0000000100000000)
[2025-06-17T22:38:34.939+0300][8864][19604][debug][gc,heap  ] GC(3)   region size 1024K, 5 young (5120K), 5 survivors (5120K)
[2025-06-17T22:38:34.939+0300][8864][19604][debug][gc,heap  ] GC(3)  Metaspace       used 25802K, committed 26240K, reserved 1114112K
[2025-06-17T22:38:34.939+0300][8864][19604][debug][gc,heap  ] GC(3)   class space    used 2448K, committed 2688K, reserved 1048576K
[2025-06-17T22:38:34.939+0300][8864][19604][info ][gc       ] GC(3) Pause Young (Concurrent Start) (Metadata GC Threshold) 30M->14M(2048M) 4.588ms
[2025-06-17T22:38:34.949+0300][8864][19604][info ][safepoint] Safepoint "CollectForMetadataAllocation", Time since last: 138550100 ns, Reaching safepoint: 321200 ns, Cleanup: 15700 ns, At safepoint: 4647200 ns, Total: 4984100 ns
[2025-06-17T22:38:34.949+0300][8864][12736][info ][gc       ] GC(4) Concurrent Mark Cycle
[2025-06-17T22:38:34.949+0300][8864][19604][debug][safepoint] Safepoint synchronization initiated using striped semaphore wait barrier. (33 threads)
[2025-06-17T22:38:34.949+0300][8864][19604][info ][safepoint] Safepoint "CollectForMetadataAllocation", Time since last: 70400 ns, Reaching safepoint: 37200 ns, Cleanup: 2900 ns, At safepoint: 18600 ns, Total: 58700 ns
[2025-06-17T22:38:34.949+0300][8864][19604][debug][safepoint] Safepoint synchronization initiated using striped semaphore wait barrier. (33 threads)
[2025-06-17T22:38:34.949+0300][8864][19604][debug][gc,phases] GC(4) Finalize Marking 0.226ms
[2025-06-17T22:38:34.949+0300][8864][19604][debug][gc,phases] GC(4) Reference Processing 0.041ms
[2025-06-17T22:38:34.949+0300][8864][19604][debug][gc,phases] GC(4)   VM Weak                        Min:  0.0, Avg:  0.0, Max:  0.0, Diff:  0.0, Sum:  0.0, Workers: 8
[2025-06-17T22:38:34.949+0300][8864][19604][debug][gc,phases] GC(4)     Dead                           Min: 0, Avg:  0.0, Max: 0, Diff: 0, Sum: 0, Workers: 8
[2025-06-17T22:38:34.949+0300][8864][19604][debug][gc,phases] GC(4)     Total                          Min: 0, Avg: 31.5, Max: 124, Diff: 124, Sum: 252, Workers: 8
[2025-06-17T22:38:34.949+0300][8864][19604][debug][gc,phases] GC(4)   ObjectSynchronizer Weak        Min:  0.0, Avg:  0.0, Max:  0.0, Diff:  0.0, Sum:  0.0, Workers: 8
[2025-06-17T22:38:34.949+0300][8864][19604][debug][gc,phases] GC(4)     Dead                           Min: 0, Avg:  0.0, Max: 0, Diff: 0, Sum: 0, Workers: 8
[2025-06-17T22:38:34.949+0300][8864][19604][debug][gc,phases] GC(4)     Total                          Min: 0, Avg:  2.8, Max: 22, Diff: 22, Sum: 22, Workers: 8
[2025-06-17T22:38:34.949+0300][8864][19604][debug][gc,phases] GC(4)   JVMTI Tag Weak OopStorage      Min:  0.0, Avg:  0.0, Max:  0.0, Diff:  0.0, Sum:  0.0, Workers: 8
[2025-06-17T22:38:34.949+0300][8864][19604][debug][gc,phases] GC(4)     Dead                           Min: 0, Avg:  0.0, Max: 0, Diff: 0, Sum: 0, Workers: 8
[2025-06-17T22:38:34.949+0300][8864][19604][debug][gc,phases] GC(4)     Total                          Min: 0, Avg:  0.0, Max: 0, Diff: 0, Sum: 0, Workers: 8
[2025-06-17T22:38:34.949+0300][8864][19604][debug][gc,phases] GC(4)   StringTable Weak               Min:  0.0, Avg:  0.0, Max:  0.1, Diff:  0.1, Sum:  0.3, Workers: 8
[2025-06-17T22:38:34.949+0300][8864][19604][debug][gc,phases] GC(4)     Dead                           Min: 0, Avg:  0.0, Max: 0, Diff: 0, Sum: 0, Workers: 8
[2025-06-17T22:38:34.949+0300][8864][19604][debug][gc,phases] GC(4)     Total                          Min: 896, Avg: 2948.4, Max: 5219, Diff: 4323, Sum: 23587, Workers: 8
[2025-06-17T22:38:34.949+0300][8864][19604][debug][gc,phases] GC(4)   ResolvedMethodTable Weak       Min:  0.0, Avg:  0.0, Max:  0.0, Diff:  0.0, Sum:  0.0, Workers: 8
[2025-06-17T22:38:34.949+0300][8864][19604][debug][gc,phases] GC(4)     Dead                           Min: 0, Avg:  0.0, Max: 0, Diff: 0, Sum: 0, Workers: 8
[2025-06-17T22:38:34.949+0300][8864][19604][debug][gc,phases] GC(4)     Total                          Min: 127, Avg: 162.5, Max: 192, Diff: 65, Sum: 1300, Workers: 8
[2025-06-17T22:38:34.949+0300][8864][19604][debug][gc,phases] GC(4)   JNI Weak                       Min:  0.0, Avg:  0.0, Max:  0.0, Diff:  0.0, Sum:  0.0, Workers: 8
[2025-06-17T22:38:34.949+0300][8864][19604][debug][gc,phases] GC(4)     Dead                           Min: 0, Avg:  0.0, Max: 0, Diff: 0, Sum: 0, Workers: 8
[2025-06-17T22:38:34.949+0300][8864][19604][debug][gc,phases] GC(4)     Total                          Min: 0, Avg:  0.0, Max: 0, Diff: 0, Sum: 0, Workers: 8
[2025-06-17T22:38:34.949+0300][8864][19604][debug][gc,phases] GC(4)   StringDedup Table Weak         Min:  0.0, Avg:  0.0, Max:  0.0, Diff:  0.0, Sum:  0.0, Workers: 8
[2025-06-17T22:38:34.949+0300][8864][19604][debug][gc,phases] GC(4)     Dead                           Min: 0, Avg:  0.0, Max: 0, Diff: 0, Sum: 0, Workers: 8
[2025-06-17T22:38:34.949+0300][8864][19604][debug][gc,phases] GC(4)     Total                          Min: 0, Avg:  0.0, Max: 0, Diff: 0, Sum: 0, Workers: 8
[2025-06-17T22:38:34.949+0300][8864][19604][debug][gc,phases] GC(4)   StringDedup Requests0 Weak     Min:  0.0, Avg:  0.0, Max:  0.0, Diff:  0.0, Sum:  0.0, Workers: 8
[2025-06-17T22:38:34.949+0300][8864][19604][debug][gc,phases] GC(4)     Dead                           Min: 0, Avg:  0.0, Max: 0, Diff: 0, Sum: 0, Workers: 8
[2025-06-17T22:38:34.949+0300][8864][19604][debug][gc,phases] GC(4)     Total                          Min: 0, Avg:  0.0, Max: 0, Diff: 0, Sum: 0, Workers: 8
[2025-06-17T22:38:34.949+0300][8864][19604][debug][gc,phases] GC(4)   StringDedup Requests1 Weak     Min:  0.0, Avg:  0.0, Max:  0.0, Diff:  0.0, Sum:  0.0, Workers: 8
[2025-06-17T22:38:34.949+0300][8864][19604][debug][gc,phases] GC(4)     Dead                           Min: 0, Avg:  0.0, Max: 0, Diff: 0, Sum: 0, Workers: 8
[2025-06-17T22:38:34.949+0300][8864][19604][debug][gc,phases] GC(4)     Total                          Min: 0, Avg:  0.0, Max: 0, Diff: 0, Sum: 0, Workers: 8
[2025-06-17T22:38:34.949+0300][8864][19604][debug][gc,phases] GC(4)   Weak JFR Old Object Samples    Min:  0.0, Avg:  0.0, Max:  0.0, Diff:  0.0, Sum:  0.0, Workers: 8
[2025-06-17T22:38:34.949+0300][8864][19604][debug][gc,phases] GC(4)     Dead                           Min: 0, Avg:  0.0, Max: 0, Diff: 0, Sum: 0, Workers: 8
[2025-06-17T22:38:34.949+0300][8864][19604][debug][gc,phases] GC(4)     Total                          Min: 0, Avg:  0.0, Max: 0, Diff: 0, Sum: 0, Workers: 8
[2025-06-17T22:38:34.949+0300][8864][19604][debug][gc,phases] GC(4) Weak Processing 0.477ms
[2025-06-17T22:38:34.949+0300][8864][19604][debug][gc,phases] GC(4) ClassLoaderData 0.016ms
[2025-06-17T22:38:34.949+0300][8864][19604][debug][gc,phases] GC(4) Trigger cleanups 0.002ms
[2025-06-17T22:38:34.949+0300][8864][19604][debug][gc,phases] GC(4) G1 Complete Cleaning 2.468ms
[2025-06-17T22:38:34.949+0300][8864][19604][debug][gc,phases] GC(4) Purge Unlinked NMethods 0.366ms
[2025-06-17T22:38:34.949+0300][8864][19604][debug][gc,phases] GC(4) Unregister NMethods 0.204ms
[2025-06-17T22:38:34.949+0300][8864][19604][debug][gc,phases] GC(4) Free Code Blobs 0.105ms
[2025-06-17T22:38:34.949+0300][8864][19604][debug][gc,phases] GC(4) Purge Class Loader Data 0.094ms
[2025-06-17T22:38:34.949+0300][8864][19604][debug][gc,phases] GC(4) Class Unloading 3.389ms
[2025-06-17T22:38:34.949+0300][8864][19604][debug][gc,phases] GC(4) Flush Task Caches 0.011ms
[2025-06-17T22:38:34.949+0300][8864][19604][debug][gc,phases] GC(4) Update Remembered Set Tracking Before Rebuild 0.192ms
[2025-06-17T22:38:34.949+0300][8864][19604][debug][gc,phases] GC(4) Reclaim Empty Regions 0.119ms
[2025-06-17T22:38:34.949+0300][8864][19604][debug][gc,phases] GC(4) Report Object Count 0.001ms
[2025-06-17T22:38:34.949+0300][8864][19604][info ][gc       ] GC(4) Pause Remark 14M->14M(2048M) 4.655ms
[2025-06-17T22:38:34.949+0300][8864][19604][info ][safepoint] Safepoint "G1PauseRemark", Time since last: 8988200 ns, Reaching safepoint: 62900 ns, Cleanup: 7900 ns, At safepoint: 4674900 ns, Total: 4745700 ns
[2025-06-17T22:38:34.965+0300][8864][19604][debug][safepoint] Safepoint synchronization initiated using striped semaphore wait barrier. (33 threads)
[2025-06-17T22:38:34.965+0300][8864][19604][debug][gc,phases] GC(4) Update Remembered Set Tracking After Rebuild 0.022ms
[2025-06-17T22:38:34.965+0300][8864][19604][debug][gc,phases] GC(4) Finalize Concurrent Mark Cleanup 0.135ms
[2025-06-17T22:38:34.965+0300][8864][19604][info ][gc       ] GC(4) Pause Cleanup 14M->14M(2048M) 0.223ms
[2025-06-17T22:38:34.965+0300][8864][19604][info ][safepoint] Safepoint "G1PauseCleanup", Time since last: 3271300 ns, Reaching safepoint: 46400 ns, Cleanup: 11600 ns, At safepoint: 246700 ns, Total: 304700 ns
[2025-06-17T22:38:34.965+0300][8864][12736][info ][gc       ] GC(4) Concurrent Mark Cycle 20.215ms
[2025-06-17T22:38:35.267+0300][8864][19604][debug][safepoint] Safepoint synchronization initiated using striped semaphore wait barrier. (34 threads)
[2025-06-17T22:38:35.267+0300][8864][19604][info ][safepoint] Safepoint "ICBufferFull", Time since last: 301806100 ns, Reaching safepoint: 63600 ns, Cleanup: 91400 ns, At safepoint: 8100 ns, Total: 163100 ns
[2025-06-17T22:38:35.611+0300][8864][19604][debug][safepoint] Safepoint synchronization initiated using striped semaphore wait barrier. (34 threads)
[2025-06-17T22:38:35.611+0300][8864][19604][info ][safepoint] Safepoint "ICBufferFull", Time since last: 343734900 ns, Reaching safepoint: 78400 ns, Cleanup: 136500 ns, At safepoint: 8600 ns, Total: 223500 ns
[2025-06-17T22:38:35.976+0300][8864][19604][debug][safepoint] Safepoint synchronization initiated using striped semaphore wait barrier. (34 threads)
[2025-06-17T22:38:35.976+0300][8864][19604][info ][safepoint] Safepoint "ICBufferFull", Time since last: 363555200 ns, Reaching safepoint: 71700 ns, Cleanup: 158100 ns, At safepoint: 2300 ns, Total: 232100 ns
[2025-06-17T22:38:36.375+0300][8864][19604][debug][safepoint] Safepoint synchronization initiated using striped semaphore wait barrier. (34 threads)
[2025-06-17T22:38:36.376+0300][8864][19604][info ][safepoint] Safepoint "ICBufferFull", Time since last: 400491000 ns, Reaching safepoint: 71100 ns, Cleanup: 116600 ns, At safepoint: 12500 ns, Total: 200200 ns
[2025-06-17T22:38:36.984+0300][8864][19604][debug][safepoint] Safepoint synchronization initiated using striped semaphore wait barrier. (34 threads)
[2025-06-17T22:38:36.984+0300][8864][19604][info ][safepoint] Safepoint "ICBufferFull", Time since last: 607950600 ns, Reaching safepoint: 90700 ns, Cleanup: 177700 ns, At safepoint: 2700 ns, Total: 271100 ns
[2025-06-17T22:38:37.295+0300][8864][19604][debug][safepoint] Safepoint synchronization initiated using striped semaphore wait barrier. (34 threads)
[2025-06-17T22:38:37.295+0300][8864][19604][info ][safepoint] Safepoint "ICBufferFull", Time since last: 310866000 ns, Reaching safepoint: 52800 ns, Cleanup: 108900 ns, At safepoint: 1700 ns, Total: 163400 ns
[2025-06-17T22:38:37.968+0300][8864][19604][debug][safepoint] Safepoint synchronization initiated using striped semaphore wait barrier. (34 threads)
[2025-06-17T22:38:37.968+0300][8864][19604][info ][safepoint] Safepoint "ICBufferFull", Time since last: 672855500 ns, Reaching safepoint: 71500 ns, Cleanup: 127600 ns, At safepoint: 5100 ns, Total: 204200 ns
[2025-06-17T22:38:38.297+0300][8864][19604][debug][safepoint] Safepoint synchronization initiated using striped semaphore wait barrier. (34 threads)
[2025-06-17T22:38:38.297+0300][8864][19604][debug][gc,heap  ] GC(5) Heap before GC invocations=5 (full 1):
[2025-06-17T22:38:38.297+0300][8864][19604][debug][gc,heap  ] GC(5)  garbage-first heap   total 2097152K, used 178212K [0x0000000080000000, 0x0000000100000000)
[2025-06-17T22:38:38.297+0300][8864][19604][debug][gc,heap  ] GC(5)   region size 1024K, 166 young (169984K), 5 survivors (5120K)
[2025-06-17T22:38:38.297+0300][8864][19604][debug][gc,heap  ] GC(5)  Metaspace       used 31344K, committed 32192K, reserved 1114112K
[2025-06-17T22:38:38.297+0300][8864][19604][debug][gc,heap  ] GC(5)   class space    used 2884K, committed 3264K, reserved 1048576K
[2025-06-17T22:38:38.312+0300][8864][19604][info ][gc,phases] GC(5)   Pre Evacuate Collection Set: 0.3ms
[2025-06-17T22:38:38.312+0300][8864][19604][debug][gc,phases] GC(5)     Pre Evacuate Prepare: 0.1ms
[2025-06-17T22:38:38.312+0300][8864][19604][debug][gc,phases] GC(5)       JT Retire TLABs And Flush Logs (ms): Min:  0.0, Avg:  0.0, Max:  0.0, Diff:  0.0, Sum:  0.0, Workers: 2
[2025-06-17T22:38:38.312+0300][8864][19604][debug][gc,phases] GC(5)       Non-JT Flush Logs (ms):        Min:  0.0, Avg:  0.0, Max:  0.0, Diff:  0.0, Sum:  0.0, Workers: 1
[2025-06-17T22:38:38.312+0300][8864][19604][debug][gc,phases] GC(5)     Choose Collection Set: 0.0ms
[2025-06-17T22:38:38.312+0300][8864][19604][debug][gc,phases] GC(5)     Region Register: 0.3ms
[2025-06-17T22:38:38.312+0300][8864][19604][debug][gc,phases] GC(5)     Prepare Heap Roots: 0.0ms
[2025-06-17T22:38:38.312+0300][8864][19604][info ][gc,phases] GC(5)   Merge Heap Roots: 0.1ms
[2025-06-17T22:38:38.312+0300][8864][19604][debug][gc,phases] GC(5)     Prepare Merge Heap Roots: 0.0ms
[2025-06-17T22:38:38.312+0300][8864][19604][debug][gc,phases] GC(5)     Remembered Sets (ms):          Min:  0.0, Avg:  0.0, Max:  0.0, Diff:  0.0, Sum:  0.1, Workers: 8
[2025-06-17T22:38:38.312+0300][8864][19604][debug][gc,phases] GC(5)       Eager Reclaim (ms):            skipped
[2025-06-17T22:38:38.312+0300][8864][19604][debug][gc,phases] GC(5)       Merged Inline                  Min: 0, Avg:  2.0, Max: 6, Diff: 6, Sum: 16, Workers: 8
[2025-06-17T22:38:38.312+0300][8864][19604][debug][gc,phases] GC(5)       Merged ArrayOfCards            Min: 0, Avg:  0.9, Max: 2, Diff: 2, Sum: 7, Workers: 8
[2025-06-17T22:38:38.312+0300][8864][19604][debug][gc,phases] GC(5)       Merged Howl                    Min: 0, Avg:  1.8, Max: 6, Diff: 6, Sum: 14, Workers: 8
[2025-06-17T22:38:38.312+0300][8864][19604][debug][gc,phases] GC(5)       Merged Full                    Min: 0, Avg:  0.0, Max: 0, Diff: 0, Sum: 0, Workers: 8
[2025-06-17T22:38:38.312+0300][8864][19604][debug][gc,phases] GC(5)       Merged Howl Inline             Min: 0, Avg:  3.6, Max: 15, Diff: 15, Sum: 29, Workers: 8
[2025-06-17T22:38:38.312+0300][8864][19604][debug][gc,phases] GC(5)       Merged Howl ArrayOfCards       Min: 0, Avg:  1.5, Max: 5, Diff: 5, Sum: 12, Workers: 8
[2025-06-17T22:38:38.312+0300][8864][19604][debug][gc,phases] GC(5)       Merged Howl BitMap             Min: 0, Avg:  1.9, Max: 7, Diff: 7, Sum: 15, Workers: 8
[2025-06-17T22:38:38.312+0300][8864][19604][debug][gc,phases] GC(5)       Merged Howl Full               Min: 0, Avg:  0.0, Max: 0, Diff: 0, Sum: 0, Workers: 8
[2025-06-17T22:38:38.312+0300][8864][19604][debug][gc,phases] GC(5)       Merged Cards                   Min: 8, Avg: 87.8, Max: 266, Diff: 258, Sum: 702, Workers: 8
[2025-06-17T22:38:38.312+0300][8864][19604][debug][gc,phases] GC(5)     Log Buffers (ms):              Min:  0.0, Avg:  0.0, Max:  0.0, Diff:  0.0, Sum:  0.0, Workers: 8
[2025-06-17T22:38:38.312+0300][8864][19604][debug][gc,phases] GC(5)       Dirty Cards:                   Min: 0, Avg: 164.2, Max: 497, Diff: 497, Sum: 1314, Workers: 8
[2025-06-17T22:38:38.312+0300][8864][19604][debug][gc,phases] GC(5)       Skipped Cards:                 Min: 0, Avg:  0.0, Max: 0, Diff: 0, Sum: 0, Workers: 8
[2025-06-17T22:38:38.312+0300][8864][19604][info ][gc,phases] GC(5)   Evacuate Collection Set: 4.2ms
[2025-06-17T22:38:38.312+0300][8864][19604][debug][gc,phases] GC(5)     Ext Root Scanning (ms):        Min:  0.4, Avg:  0.7, Max:  1.3, Diff:  0.9, Sum:  5.5, Workers: 8
[2025-06-17T22:38:38.312+0300][8864][19604][debug][gc,phases] GC(5)     Scan Heap Roots (ms):          Min:  0.0, Avg:  0.2, Max:  0.3, Diff:  0.3, Sum:  1.3, Workers: 8
[2025-06-17T22:38:38.312+0300][8864][19604][debug][gc,phases] GC(5)       Scanned Cards:                 Min: 0, Avg: 163.9, Max: 369, Diff: 369, Sum: 1311, Workers: 8
[2025-06-17T22:38:38.312+0300][8864][19604][debug][gc,phases] GC(5)       Scanned Blocks:                Min: 0, Avg: 76.4, Max: 123, Diff: 123, Sum: 611, Workers: 8
[2025-06-17T22:38:38.312+0300][8864][19604][debug][gc,phases] GC(5)       Claimed Chunks:                Min: 0, Avg: 30.9, Max: 47, Diff: 47, Sum: 247, Workers: 8
[2025-06-17T22:38:38.312+0300][8864][19604][debug][gc,phases] GC(5)       Found Roots:                   Min: 0, Avg: 349.0, Max: 672, Diff: 672, Sum: 2792, Workers: 8
[2025-06-17T22:38:38.312+0300][8864][19604][debug][gc,phases] GC(5)     Code Root Scan (ms):           Min:  0.0, Avg:  0.4, Max:  1.0, Diff:  1.0, Sum:  3.5, Workers: 8
[2025-06-17T22:38:38.312+0300][8864][19604][debug][gc,phases] GC(5)       Scanned Nmethods               Min: 0, Avg: 85.0, Max: 174, Diff: 174, Sum: 680, Workers: 8
[2025-06-17T22:38:38.312+0300][8864][19604][debug][gc,phases] GC(5)     Object Copy (ms):              Min:  1.7, Avg:  2.2, Max:  2.7, Diff:  1.0, Sum: 17.9, Workers: 8
[2025-06-17T22:38:38.312+0300][8864][19604][debug][gc,phases] GC(5)     Termination (ms):              Min:  0.0, Avg:  0.6, Max:  0.8, Diff:  0.7, Sum:  4.6, Workers: 8
[2025-06-17T22:38:38.312+0300][8864][19604][debug][gc,phases] GC(5)       Termination Attempts:          Min: 1, Avg:  4.0, Max: 8, Diff: 7, Sum: 32, Workers: 8
[2025-06-17T22:38:38.312+0300][8864][19604][debug][gc,phases] GC(5)     GC Worker Other (ms):          Min:  0.0, Avg:  0.1, Max:  0.2, Diff:  0.2, Sum:  0.5, Workers: 8
[2025-06-17T22:38:38.312+0300][8864][19604][debug][gc,phases] GC(5)     GC Worker Total (ms):          Min:  4.0, Avg:  4.2, Max:  4.2, Diff:  0.2, Sum: 33.3, Workers: 8
[2025-06-17T22:38:38.312+0300][8864][19604][info ][gc,phases] GC(5)   Post Evacuate Collection Set: 0.7ms
[2025-06-17T22:38:38.312+0300][8864][19604][debug][gc,phases] GC(5)     NMethod List Cleanup: 0.1ms
[2025-06-17T22:38:38.312+0300][8864][19604][debug][gc,phases] GC(5)     Reference Processing: 0.2ms
[2025-06-17T22:38:38.312+0300][8864][19604][debug][gc,phases] GC(5)     Weak Processing: 0.2ms
[2025-06-17T22:38:38.312+0300][8864][19604][debug][gc,phases] GC(5)       VM Weak                        Min:  0.0, Avg:  0.0, Max:  0.0, Diff:  0.0, Sum:  0.1, Workers: 8
[2025-06-17T22:38:38.312+0300][8864][19604][debug][gc,phases] GC(5)         Dead                           Min: 0, Avg:  0.0, Max: 0, Diff: 0, Sum: 0, Workers: 8
[2025-06-17T22:38:38.312+0300][8864][19604][debug][gc,phases] GC(5)         Total                          Min: 0, Avg: 64.9, Max: 192, Diff: 192, Sum: 519, Workers: 8
[2025-06-17T22:38:38.312+0300][8864][19604][debug][gc,phases] GC(5)       ObjectSynchronizer Weak        Min:  0.0, Avg:  0.0, Max:  0.0, Diff:  0.0, Sum:  0.0, Workers: 8
[2025-06-17T22:38:38.312+0300][8864][19604][debug][gc,phases] GC(5)         Dead                           Min: 0, Avg:  9.9, Max: 27, Diff: 27, Sum: 79, Workers: 8
[2025-06-17T22:38:38.312+0300][8864][19604][debug][gc,phases] GC(5)         Total                          Min: 0, Avg: 36.0, Max: 96, Diff: 96, Sum: 288, Workers: 8
[2025-06-17T22:38:38.312+0300][8864][19604][debug][gc,phases] GC(5)       JVMTI Tag Weak OopStorage      Min:  0.0, Avg:  0.0, Max:  0.0, Diff:  0.0, Sum:  0.0, Workers: 8
[2025-06-17T22:38:38.312+0300][8864][19604][debug][gc,phases] GC(5)         Dead                           Min: 0, Avg:  0.0, Max: 0, Diff: 0, Sum: 0, Workers: 8
[2025-06-17T22:38:38.312+0300][8864][19604][debug][gc,phases] GC(5)         Total                          Min: 0, Avg:  0.0, Max: 0, Diff: 0, Sum: 0, Workers: 8
[2025-06-17T22:38:38.312+0300][8864][19604][debug][gc,phases] GC(5)       StringTable Weak               Min:  0.0, Avg:  0.1, Max:  0.1, Diff:  0.1, Sum:  0.6, Workers: 8
[2025-06-17T22:38:38.312+0300][8864][19604][debug][gc,phases] GC(5)         Dead                           Min: 0, Avg:  2.5, Max: 10, Diff: 10, Sum: 20, Workers: 8
[2025-06-17T22:38:38.312+0300][8864][19604][debug][gc,phases] GC(5)         Total                          Min: 0, Avg: 3214.0, Max: 4081, Diff: 4081, Sum: 25712, Workers: 8
[2025-06-17T22:38:38.312+0300][8864][19604][debug][gc,phases] GC(5)       ResolvedMethodTable Weak       Min:  0.0, Avg:  0.0, Max:  0.0, Diff:  0.0, Sum:  0.1, Workers: 8
[2025-06-17T22:38:38.312+0300][8864][19604][debug][gc,phases] GC(5)         Dead                           Min: 0, Avg: 19.1, Max: 47, Diff: 47, Sum: 153, Workers: 8
[2025-06-17T22:38:38.312+0300][8864][19604][debug][gc,phases] GC(5)         Total                          Min: 0, Avg: 207.2, Max: 384, Diff: 384, Sum: 1658, Workers: 8
[2025-06-17T22:38:38.312+0300][8864][19604][debug][gc,phases] GC(5)       JNI Weak                       Min:  0.0, Avg:  0.0, Max:  0.0, Diff:  0.0, Sum:  0.0, Workers: 8
[2025-06-17T22:38:38.312+0300][8864][19604][debug][gc,phases] GC(5)         Dead                           Min: 0, Avg:  0.0, Max: 0, Diff: 0, Sum: 0, Workers: 8
[2025-06-17T22:38:38.312+0300][8864][19604][debug][gc,phases] GC(5)         Total                          Min: 0, Avg:  0.2, Max: 2, Diff: 2, Sum: 2, Workers: 8
[2025-06-17T22:38:38.312+0300][8864][19604][debug][gc,phases] GC(5)       StringDedup Table Weak         Min:  0.0, Avg:  0.0, Max:  0.0, Diff:  0.0, Sum:  0.0, Workers: 8
[2025-06-17T22:38:38.312+0300][8864][19604][debug][gc,phases] GC(5)         Dead                           Min: 0, Avg:  0.0, Max: 0, Diff: 0, Sum: 0, Workers: 8
[2025-06-17T22:38:38.312+0300][8864][19604][debug][gc,phases] GC(5)         Total                          Min: 0, Avg:  0.0, Max: 0, Diff: 0, Sum: 0, Workers: 8
[2025-06-17T22:38:38.312+0300][8864][19604][debug][gc,phases] GC(5)       StringDedup Requests0 Weak     Min:  0.0, Avg:  0.0, Max:  0.0, Diff:  0.0, Sum:  0.0, Workers: 8
[2025-06-17T22:38:38.312+0300][8864][19604][debug][gc,phases] GC(5)         Dead                           Min: 0, Avg:  0.0, Max: 0, Diff: 0, Sum: 0, Workers: 8
[2025-06-17T22:38:38.312+0300][8864][19604][debug][gc,phases] GC(5)         Total                          Min: 0, Avg:  0.0, Max: 0, Diff: 0, Sum: 0, Workers: 8
[2025-06-17T22:38:38.312+0300][8864][19604][debug][gc,phases] GC(5)       StringDedup Requests1 Weak     Min:  0.0, Avg:  0.0, Max:  0.0, Diff:  0.0, Sum:  0.0, Workers: 8
[2025-06-17T22:38:38.312+0300][8864][19604][debug][gc,phases] GC(5)         Dead                           Min: 0, Avg:  0.0, Max: 0, Diff: 0, Sum: 0, Workers: 8
[2025-06-17T22:38:38.312+0300][8864][19604][debug][gc,phases] GC(5)         Total                          Min: 0, Avg:  0.0, Max: 0, Diff: 0, Sum: 0, Workers: 8
[2025-06-17T22:38:38.312+0300][8864][19604][debug][gc,phases] GC(5)       Weak JFR Old Object Samples    Min:  0.0, Avg:  0.0, Max:  0.0, Diff:  0.0, Sum:  0.0, Workers: 8
[2025-06-17T22:38:38.312+0300][8864][19604][debug][gc,phases] GC(5)         Dead                           Min: 0, Avg:  0.0, Max: 0, Diff: 0, Sum: 0, Workers: 8
[2025-06-17T22:38:38.312+0300][8864][19604][debug][gc,phases] GC(5)         Total                          Min: 0, Avg:  0.0, Max: 0, Diff: 0, Sum: 0, Workers: 8
[2025-06-17T22:38:38.312+0300][8864][19604][debug][gc,phases] GC(5)     Post Evacuate Cleanup 1: 0.1ms
[2025-06-17T22:38:38.312+0300][8864][19604][debug][gc,phases] GC(5)       Merge Per-Thread State (ms):   Min:  0.0, Avg:  0.0, Max:  0.0, Diff:  0.0, Sum:  0.0, Workers: 1
[2025-06-17T22:38:38.312+0300][8864][19604][debug][gc,phases] GC(5)         Copied Bytes                   Min: 485016, Avg: 735689.0, Max: 1438008, Diff: 952992, Sum: 5885512, Workers: 8
[2025-06-17T22:38:38.312+0300][8864][19604][debug][gc,phases] GC(5)         LAB Waste                      Min: 160, Avg: 3024.0, Max: 14776, Diff: 14616, Sum: 24192, Workers: 8
[2025-06-17T22:38:38.312+0300][8864][19604][debug][gc,phases] GC(5)         LAB Undo Waste                 Min: 0, Avg: 4100.0, Max: 16400, Diff: 16400, Sum: 32800, Workers: 8
[2025-06-17T22:38:38.312+0300][8864][19604][debug][gc,phases] GC(5)       Clear Logged Cards (ms):       Min:  0.0, Avg:  0.0, Max:  0.0, Diff:  0.0, Sum:  0.0, Workers: 4
[2025-06-17T22:38:38.312+0300][8864][19604][debug][gc,phases] GC(5)       Recalculate Used Memory (ms):  Min:  0.0, Avg:  0.0, Max:  0.0, Diff:  0.0, Sum:  0.0, Workers: 1
[2025-06-17T22:38:38.312+0300][8864][19604][debug][gc,phases] GC(5)     Post Evacuate Cleanup 2: 0.1ms
[2025-06-17T22:38:38.312+0300][8864][19604][debug][gc,phases] GC(5)       Update Derived Pointers (ms):  Min:  0.0, Avg:  0.0, Max:  0.0, Diff:  0.0, Sum:  0.0, Workers: 1
[2025-06-17T22:38:38.312+0300][8864][19604][debug][gc,phases] GC(5)       Eagerly Reclaim Humongous Objects (ms): skipped
[2025-06-17T22:38:38.312+0300][8864][19604][debug][gc,phases] GC(5)         Humongous Total                skipped
[2025-06-17T22:38:38.312+0300][8864][19604][debug][gc,phases] GC(5)         Humongous Candidates           skipped
[2025-06-17T22:38:38.312+0300][8864][19604][debug][gc,phases] GC(5)         Humongous Reclaimed            skipped
[2025-06-17T22:38:38.312+0300][8864][19604][debug][gc,phases] GC(5)       Sample CSet Candidates (ms):   Min:  0.0, Avg:  0.0, Max:  0.0, Diff:  0.0, Sum:  0.0, Workers: 1
[2025-06-17T22:38:38.312+0300][8864][19604][debug][gc,phases] GC(5)       Redirty Logged Cards (ms):     Min:  0.0, Avg:  0.0, Max:  0.0, Diff:  0.0, Sum:  0.0, Workers: 8
[2025-06-17T22:38:38.312+0300][8864][19604][debug][gc,phases] GC(5)         Redirtied Cards:               Min: 0, Avg: 117.6, Max: 458, Diff: 458, Sum: 941, Workers: 8
[2025-06-17T22:38:38.312+0300][8864][19604][debug][gc,phases] GC(5)       Resize TLABs (ms):             Min:  0.0, Avg:  0.0, Max:  0.0, Diff:  0.0, Sum:  0.0, Workers: 8
[2025-06-17T22:38:38.312+0300][8864][19604][debug][gc,phases] GC(5)       Free Collection Set (ms):      Min:  0.0, Avg:  0.1, Max:  0.1, Diff:  0.1, Sum:  0.5, Workers: 8
[2025-06-17T22:38:38.312+0300][8864][19604][debug][gc,phases] GC(5)     Rebuild Free List: 0.1ms
[2025-06-17T22:38:38.312+0300][8864][19604][debug][gc,phases] GC(5)     Prepare For Mutator: 0.0ms
[2025-06-17T22:38:38.312+0300][8864][19604][debug][gc,phases] GC(5)     Expand Heap After Collection: 0.0ms
[2025-06-17T22:38:38.312+0300][8864][19604][info ][gc,phases] GC(5)   Other: 0.1ms
[2025-06-17T22:38:38.312+0300][8864][19604][info ][gc,heap  ] GC(5) Eden regions: 161->0(663)
[2025-06-17T22:38:38.312+0300][8864][19604][info ][gc,heap  ] GC(5) Survivor regions: 5->7(21)
[2025-06-17T22:38:38.312+0300][8864][19604][info ][gc,heap  ] GC(5) Old regions: 14->14
[2025-06-17T22:38:38.312+0300][8864][19604][info ][gc,heap  ] GC(5) Humongous regions: 0->0
[2025-06-17T22:38:38.312+0300][8864][19604][debug][gc,heap  ] GC(5) Heap after GC invocations=6 (full 1):
[2025-06-17T22:38:38.312+0300][8864][19604][debug][gc,heap  ] GC(5)  garbage-first heap   total 2097152K, used 15915K [0x0000000080000000, 0x0000000100000000)
[2025-06-17T22:38:38.312+0300][8864][19604][debug][gc,heap  ] GC(5)   region size 1024K, 7 young (7168K), 7 survivors (7168K)
[2025-06-17T22:38:38.312+0300][8864][19604][debug][gc,heap  ] GC(5)  Metaspace       used 31344K, committed 32192K, reserved 1114112K
[2025-06-17T22:38:38.312+0300][8864][19604][debug][gc,heap  ] GC(5)   class space    used 2884K, committed 3264K, reserved 1048576K
[2025-06-17T22:38:38.312+0300][8864][19604][info ][gc       ] GC(5) Pause Young (Prepare Mixed) (G1 Evacuation Pause) 175M->15M(2048M) 6.858ms
[2025-06-17T22:38:38.312+0300][8864][19604][info ][safepoint] Safepoint "G1CollectForAllocation", Time since last: 338093900 ns, Reaching safepoint: 266200 ns, Cleanup: 66900 ns, At safepoint: 6911100 ns, Total: 7244200 ns
[2025-06-17T22:38:39.268+0300][8864][19604][debug][safepoint] Safepoint synchronization initiated using striped semaphore wait barrier. (33 threads)
[2025-06-17T22:38:39.268+0300][8864][19604][info ][safepoint] Safepoint "ICBufferFull", Time since last: 954149800 ns, Reaching safepoint: 57700 ns, Cleanup: 96800 ns, At safepoint: 7100 ns, Total: 161600 ns
[2025-06-17T22:38:39.699+0300][8864][19604][debug][safepoint] Safepoint synchronization initiated using striped semaphore wait barrier. (34 threads)
[2025-06-17T22:38:39.699+0300][8864][19604][info ][safepoint] Safepoint "ICBufferFull", Time since last: 430618100 ns, Reaching safepoint: 47900 ns, Cleanup: 120300 ns, At safepoint: 3300 ns, Total: 171500 ns
[2025-06-17T22:38:40.365+0300][8864][19604][debug][safepoint] Safepoint synchronization initiated using striped semaphore wait barrier. (34 threads)
[2025-06-17T22:38:40.365+0300][8864][19604][info ][safepoint] Safepoint "ICBufferFull", Time since last: 665588700 ns, Reaching safepoint: 97500 ns, Cleanup: 86100 ns, At safepoint: 16400 ns, Total: 200000 ns
[2025-06-17T22:38:41.373+0300][8864][19604][debug][safepoint] Safepoint synchronization initiated using striped semaphore wait barrier. (32 threads)
[2025-06-17T22:38:41.373+0300][8864][19604][info ][safepoint] Safepoint "Cleanup", Time since last: 1008198500 ns, Reaching safepoint: 94600 ns, Cleanup: 84600 ns, At safepoint: 5900 ns, Total: 185100 ns
[2025-06-17T22:38:42.374+0300][8864][19604][debug][safepoint] Safepoint synchronization initiated using striped semaphore wait barrier. (32 threads)
[2025-06-17T22:38:42.374+0300][8864][19604][info ][safepoint] Safepoint "Cleanup", Time since last: 1000491700 ns, Reaching safepoint: 76200 ns, Cleanup: 63500 ns, At safepoint: 7500 ns, Total: 147200 ns
[2025-06-17T22:38:43.374+0300][8864][19604][debug][safepoint] Safepoint synchronization initiated using striped semaphore wait barrier. (32 threads)
[2025-06-17T22:38:43.374+0300][8864][2152 ][debug][safepoint] ... found polling page loop exception at pc = 0x0000017c87b4d292, stub =0x0000017c87586600
[2025-06-17T22:38:43.374+0300][8864][19604][info ][safepoint] Safepoint "Cleanup", Time since last: 1000095800 ns, Reaching safepoint: 201000 ns, Cleanup: 98900 ns, At safepoint: 36400 ns, Total: 336300 ns
[2025-06-17T22:38:44.382+0300][8864][19604][debug][safepoint] Safepoint synchronization initiated using striped semaphore wait barrier. (32 threads)
[2025-06-17T22:38:44.382+0300][8864][19604][info ][safepoint] Safepoint "Cleanup", Time since last: 1007127700 ns, Reaching safepoint: 96600 ns, Cleanup: 81200 ns, At safepoint: 14900 ns, Total: 192700 ns
[2025-06-17T22:38:45.383+0300][8864][19604][debug][safepoint] Safepoint synchronization initiated using striped semaphore wait barrier. (32 threads)
[2025-06-17T22:38:45.383+0300][8864][3864 ][debug][safepoint] ... found polling page loop exception at pc = 0x0000017c88066d14, stub =0x0000017c87586600
[2025-06-17T22:38:45.383+0300][8864][19604][info ][safepoint] Safepoint "Cleanup", Time since last: 1001623700 ns, Reaching safepoint: 170100 ns, Cleanup: 46300 ns, At safepoint: 5600 ns, Total: 222000 ns
[2025-06-17T22:38:46.396+0300][8864][19604][debug][safepoint] Safepoint synchronization initiated using striped semaphore wait barrier. (33 threads)
[2025-06-17T22:38:46.396+0300][8864][19604][info ][safepoint] Safepoint "Cleanup", Time since last: 1012817600 ns, Reaching safepoint: 124100 ns, Cleanup: 42400 ns, At safepoint: 51300 ns, Total: 217800 ns
[2025-06-17T22:38:47.404+0300][8864][19604][debug][safepoint] Safepoint synchronization initiated using striped semaphore wait barrier. (32 threads)
[2025-06-17T22:38:47.404+0300][8864][19604][info ][safepoint] Safepoint "Cleanup", Time since last: 1007953100 ns, Reaching safepoint: 81100 ns, Cleanup: 36900 ns, At safepoint: 7900 ns, Total: 125900 ns
[2025-06-17T22:38:48.419+0300][8864][19604][debug][safepoint] Safepoint synchronization initiated using striped semaphore wait barrier. (32 threads)
[2025-06-17T22:38:48.419+0300][8864][19604][info ][safepoint] Safepoint "Cleanup", Time since last: 1014463100 ns, Reaching safepoint: 99800 ns, Cleanup: 47300 ns, At safepoint: 7900 ns, Total: 155000 ns
[2025-06-17T22:38:50.421+0300][8864][19604][debug][safepoint] Safepoint synchronization initiated using striped semaphore wait barrier. (32 threads)
[2025-06-17T22:38:50.421+0300][8864][19604][info ][safepoint] Safepoint "Cleanup", Time since last: 2002326400 ns, Reaching safepoint: 89200 ns, Cleanup: 31900 ns, At safepoint: 11000 ns, Total: 132100 ns
[2025-06-17T22:38:51.430+0300][8864][19604][debug][safepoint] Safepoint synchronization initiated using striped semaphore wait barrier. (32 threads)
[2025-06-17T22:38:51.430+0300][8864][19604][info ][safepoint] Safepoint "Cleanup", Time since last: 1007974200 ns, Reaching safepoint: 101800 ns, Cleanup: 47400 ns, At safepoint: 15300 ns, Total: 164500 ns
[2025-06-17T22:38:52.439+0300][8864][19604][debug][safepoint] Safepoint synchronization initiated using striped semaphore wait barrier. (32 threads)
[2025-06-17T22:38:52.439+0300][8864][19604][info ][safepoint] Safepoint "Cleanup", Time since last: 1009109500 ns, Reaching safepoint: 163700 ns, Cleanup: 68900 ns, At safepoint: 36200 ns, Total: 268800 ns
[2025-06-17T22:38:53.454+0300][8864][19604][debug][safepoint] Safepoint synchronization initiated using striped semaphore wait barrier. (32 threads)
[2025-06-17T22:38:53.454+0300][8864][19604][info ][safepoint] Safepoint "Cleanup", Time since last: 1014663700 ns, Reaching safepoint: 100500 ns, Cleanup: 23100 ns, At safepoint: 9200 ns, Total: 132800 ns
[2025-06-17T22:38:54.465+0300][8864][19604][debug][safepoint] Safepoint synchronization initiated using striped semaphore wait barrier. (32 threads)
[2025-06-17T22:38:54.465+0300][8864][19604][info ][safepoint] Safepoint "Cleanup", Time since last: 1010790500 ns, Reaching safepoint: 114900 ns, Cleanup: 48400 ns, At safepoint: 3600 ns, Total: 166900 ns
[2025-06-17T22:38:55.468+0300][8864][19604][debug][safepoint] Safepoint synchronization initiated using striped semaphore wait barrier. (32 threads)
[2025-06-17T22:38:55.468+0300][8864][19604][info ][safepoint] Safepoint "Cleanup", Time since last: 1003408100 ns, Reaching safepoint: 142700 ns, Cleanup: 52800 ns, At safepoint: 12700 ns, Total: 208200 ns
[2025-06-17T22:38:57.483+0300][8864][19604][debug][safepoint] Safepoint synchronization initiated using striped semaphore wait barrier. (32 threads)
[2025-06-17T22:38:57.483+0300][8864][19604][info ][safepoint] Safepoint "Cleanup", Time since last: 2014729200 ns, Reaching safepoint: 146600 ns, Cleanup: 61600 ns, At safepoint: 21000 ns, Total: 229200 ns
[2025-06-17T22:38:58.495+0300][8864][19604][debug][safepoint] Safepoint synchronization initiated using striped semaphore wait barrier. (32 threads)
[2025-06-17T22:38:58.495+0300][8864][19604][info ][safepoint] Safepoint "Cleanup", Time since last: 1011639800 ns, Reaching safepoint: 203300 ns, Cleanup: 49600 ns, At safepoint: 53000 ns, Total: 305900 ns
[2025-06-17T22:38:59.496+0300][8864][19604][debug][safepoint] Safepoint synchronization initiated using striped semaphore wait barrier. (32 threads)
[2025-06-17T22:38:59.496+0300][8864][21268][debug][safepoint] ... found polling page loop exception at pc = 0x0000017c8816f5b5, stub =0x0000017c87586600
[2025-06-17T22:38:59.496+0300][8864][6236 ][debug][safepoint] ... found polling page loop exception at pc = 0x0000017c8833b170, stub =0x0000017c87585d80
[2025-06-17T22:38:59.496+0300][8864][19604][info ][safepoint] Safepoint "Cleanup", Time since last: 1000257500 ns, Reaching safepoint: 467000 ns, Cleanup: 31000 ns, At safepoint: 8000 ns, Total: 506000 ns
[2025-06-17T22:38:59.742+0300][8864][19604][debug][safepoint] Safepoint synchronization initiated using striped semaphore wait barrier. (32 threads)
[2025-06-17T22:38:59.742+0300][8864][19604][debug][gc,heap  ] GC(6) Heap before GC invocations=6 (full 1):
[2025-06-17T22:38:59.742+0300][8864][19604][debug][gc,heap  ] GC(6)  garbage-first heap   total 2097152K, used 693803K [0x0000000080000000, 0x0000000100000000)
[2025-06-17T22:38:59.742+0300][8864][19604][debug][gc,heap  ] GC(6)   region size 1024K, 670 young (686080K), 7 survivors (7168K)
[2025-06-17T22:38:59.742+0300][8864][19604][debug][gc,heap  ] GC(6)  Metaspace       used 33912K, committed 34816K, reserved 1114112K
[2025-06-17T22:38:59.742+0300][8864][19604][debug][gc,heap  ] GC(6)   class space    used 2939K, committed 3328K, reserved 1048576K
[2025-06-17T22:38:59.746+0300][8864][19604][info ][gc,phases] GC(6)   Pre Evacuate Collection Set: 0.5ms
[2025-06-17T22:38:59.746+0300][8864][19604][debug][gc,phases] GC(6)     Pre Evacuate Prepare: 0.2ms
[2025-06-17T22:38:59.746+0300][8864][19604][debug][gc,phases] GC(6)       JT Retire TLABs And Flush Logs (ms): Min:  0.0, Avg:  0.0, Max:  0.0, Diff:  0.0, Sum:  0.0, Workers: 2
[2025-06-17T22:38:59.746+0300][8864][19604][debug][gc,phases] GC(6)       Non-JT Flush Logs (ms):        Min:  0.0, Avg:  0.0, Max:  0.0, Diff:  0.0, Sum:  0.0, Workers: 1
[2025-06-17T22:38:59.746+0300][8864][19604][debug][gc,phases] GC(6)     Choose Collection Set: 0.0ms
[2025-06-17T22:38:59.746+0300][8864][19604][debug][gc,phases] GC(6)     Region Register: 0.2ms
[2025-06-17T22:38:59.746+0300][8864][19604][debug][gc,phases] GC(6)     Prepare Heap Roots: 0.0ms
[2025-06-17T22:38:59.746+0300][8864][19604][info ][gc,phases] GC(6)   Merge Heap Roots: 0.2ms
[2025-06-17T22:38:59.746+0300][8864][19604][debug][gc,phases] GC(6)     Prepare Merge Heap Roots: 0.0ms
[2025-06-17T22:38:59.746+0300][8864][19604][debug][gc,phases] GC(6)     Remembered Sets (ms):          Min:  0.0, Avg:  0.1, Max:  0.1, Diff:  0.1, Sum:  0.7, Workers: 8
[2025-06-17T22:38:59.746+0300][8864][19604][debug][gc,phases] GC(6)       Eager Reclaim (ms):            skipped
[2025-06-17T22:38:59.746+0300][8864][19604][debug][gc,phases] GC(6)       Merged Inline                  Min: 0, Avg:  0.2, Max: 2, Diff: 2, Sum: 2, Workers: 8
[2025-06-17T22:38:59.746+0300][8864][19604][debug][gc,phases] GC(6)       Merged ArrayOfCards            Min: 0, Avg:  0.1, Max: 1, Diff: 1, Sum: 1, Workers: 8
[2025-06-17T22:38:59.746+0300][8864][19604][debug][gc,phases] GC(6)       Merged Howl                    Min: 0, Avg:  0.2, Max: 2, Diff: 2, Sum: 2, Workers: 8
[2025-06-17T22:38:59.746+0300][8864][19604][debug][gc,phases] GC(6)       Merged Full                    Min: 0, Avg:  0.0, Max: 0, Diff: 0, Sum: 0, Workers: 8
[2025-06-17T22:38:59.746+0300][8864][19604][debug][gc,phases] GC(6)       Merged Howl Inline             Min: 0, Avg:  0.8, Max: 6, Diff: 6, Sum: 6, Workers: 8
[2025-06-17T22:38:59.746+0300][8864][19604][debug][gc,phases] GC(6)       Merged Howl ArrayOfCards       Min: 0, Avg:  0.0, Max: 0, Diff: 0, Sum: 0, Workers: 8
[2025-06-17T22:38:59.746+0300][8864][19604][debug][gc,phases] GC(6)       Merged Howl BitMap             Min: 0, Avg:  0.2, Max: 2, Diff: 2, Sum: 2, Workers: 8
[2025-06-17T22:38:59.746+0300][8864][19604][debug][gc,phases] GC(6)       Merged Howl Full               Min: 0, Avg:  0.0, Max: 0, Diff: 0, Sum: 0, Workers: 8
[2025-06-17T22:38:59.746+0300][8864][19604][debug][gc,phases] GC(6)       Merged Cards                   Min: 8, Avg: 15.0, Max: 64, Diff: 56, Sum: 120, Workers: 8
[2025-06-17T22:38:59.746+0300][8864][19604][debug][gc,phases] GC(6)     Log Buffers (ms):              Min:  0.0, Avg:  0.0, Max:  0.0, Diff:  0.0, Sum:  0.1, Workers: 8
[2025-06-17T22:38:59.746+0300][8864][19604][debug][gc,phases] GC(6)       Dirty Cards:                   Min: 0, Avg: 140.0, Max: 487, Diff: 487, Sum: 1120, Workers: 8
[2025-06-17T22:38:59.746+0300][8864][19604][debug][gc,phases] GC(6)       Skipped Cards:                 Min: 0, Avg:  0.0, Max: 0, Diff: 0, Sum: 0, Workers: 8
[2025-06-17T22:38:59.746+0300][8864][19604][info ][gc,phases] GC(6)   Evacuate Collection Set: 4.0ms
[2025-06-17T22:38:59.746+0300][8864][19604][debug][gc,phases] GC(6)     Ext Root Scanning (ms):        Min:  0.1, Avg:  0.4, Max:  0.9, Diff:  0.8, Sum:  3.0, Workers: 8
[2025-06-17T22:38:59.746+0300][8864][19604][debug][gc,phases] GC(6)     Scan Heap Roots (ms):          Min:  0.0, Avg:  0.2, Max:  0.3, Diff:  0.3, Sum:  1.5, Workers: 8
[2025-06-17T22:38:59.746+0300][8864][19604][debug][gc,phases] GC(6)       Scanned Cards:                 Min: 0, Avg: 143.9, Max: 265, Diff: 265, Sum: 1151, Workers: 8
[2025-06-17T22:38:59.746+0300][8864][19604][debug][gc,phases] GC(6)       Scanned Blocks:                Min: 0, Avg: 78.8, Max: 161, Diff: 161, Sum: 630, Workers: 8
[2025-06-17T22:38:59.746+0300][8864][19604][debug][gc,phases] GC(6)       Claimed Chunks:                Min: 0, Avg: 29.9, Max: 56, Diff: 56, Sum: 239, Workers: 8
[2025-06-17T22:38:59.746+0300][8864][19604][debug][gc,phases] GC(6)       Found Roots:                   Min: 0, Avg: 683.9, Max: 2328, Diff: 2328, Sum: 5471, Workers: 8
[2025-06-17T22:38:59.746+0300][8864][19604][debug][gc,phases] GC(6)     Code Root Scan (ms):           Min:  0.0, Avg:  0.9, Max:  1.5, Diff:  1.4, Sum:  6.9, Workers: 8
[2025-06-17T22:38:59.746+0300][8864][19604][debug][gc,phases] GC(6)       Scanned Nmethods               Min: 0, Avg: 223.0, Max: 405, Diff: 405, Sum: 1784, Workers: 8
[2025-06-17T22:38:59.746+0300][8864][19604][debug][gc,phases] GC(6)     Object Copy (ms):              Min:  1.5, Avg:  2.2, Max:  3.0, Diff:  1.5, Sum: 17.5, Workers: 8
[2025-06-17T22:38:59.746+0300][8864][19604][debug][gc,phases] GC(6)     Termination (ms):              Min:  0.0, Avg:  0.1, Max:  0.2, Diff:  0.2, Sum:  1.0, Workers: 8
[2025-06-17T22:38:59.746+0300][8864][19604][debug][gc,phases] GC(6)       Termination Attempts:          Min: 1, Avg:  2.4, Max: 3, Diff: 2, Sum: 19, Workers: 8
[2025-06-17T22:38:59.746+0300][8864][19604][debug][gc,phases] GC(6)     GC Worker Other (ms):          Min:  0.0, Avg:  0.1, Max:  0.1, Diff:  0.1, Sum:  0.6, Workers: 8
[2025-06-17T22:38:59.746+0300][8864][19604][debug][gc,phases] GC(6)     GC Worker Total (ms):          Min:  3.8, Avg:  3.8, Max:  3.8, Diff:  0.1, Sum: 30.5, Workers: 8
[2025-06-17T22:38:59.746+0300][8864][19604][info ][gc,phases] GC(6)   Post Evacuate Collection Set: 1.4ms
[2025-06-17T22:38:59.746+0300][8864][19604][debug][gc,phases] GC(6)     NMethod List Cleanup: 0.1ms
[2025-06-17T22:38:59.746+0300][8864][19604][debug][gc,phases] GC(6)     Reference Processing: 0.1ms
[2025-06-17T22:38:59.746+0300][8864][19604][debug][gc,phases] GC(6)     Weak Processing: 0.2ms
[2025-06-17T22:38:59.746+0300][8864][19604][debug][gc,phases] GC(6)       VM Weak                        Min:  0.0, Avg:  0.0, Max:  0.0, Diff:  0.0, Sum:  0.0, Workers: 8
[2025-06-17T22:38:59.746+0300][8864][19604][debug][gc,phases] GC(6)         Dead                           Min: 0, Avg:  0.0, Max: 0, Diff: 0, Sum: 0, Workers: 8
[2025-06-17T22:38:59.746+0300][8864][19604][debug][gc,phases] GC(6)         Total                          Min: 0, Avg: 68.9, Max: 320, Diff: 320, Sum: 551, Workers: 8
[2025-06-17T22:38:59.746+0300][8864][19604][debug][gc,phases] GC(6)       ObjectSynchronizer Weak        Min:  0.0, Avg:  0.0, Max:  0.0, Diff:  0.0, Sum:  0.1, Workers: 8
[2025-06-17T22:38:59.746+0300][8864][19604][debug][gc,phases] GC(6)         Dead                           Min: 0, Avg:  3.5, Max: 15, Diff: 15, Sum: 28, Workers: 8
[2025-06-17T22:38:59.746+0300][8864][19604][debug][gc,phases] GC(6)         Total                          Min: 0, Avg: 49.5, Max: 256, Diff: 256, Sum: 396, Workers: 8
[2025-06-17T22:38:59.746+0300][8864][19604][debug][gc,phases] GC(6)       JVMTI Tag Weak OopStorage      Min:  0.0, Avg:  0.0, Max:  0.0, Diff:  0.0, Sum:  0.0, Workers: 8
[2025-06-17T22:38:59.746+0300][8864][19604][debug][gc,phases] GC(6)         Dead                           Min: 0, Avg:  0.0, Max: 0, Diff: 0, Sum: 0, Workers: 8
[2025-06-17T22:38:59.746+0300][8864][19604][debug][gc,phases] GC(6)         Total                          Min: 0, Avg:  0.0, Max: 0, Diff: 0, Sum: 0, Workers: 8
[2025-06-17T22:38:59.746+0300][8864][19604][debug][gc,phases] GC(6)       StringTable Weak               Min:  0.0, Avg:  0.1, Max:  0.1, Diff:  0.1, Sum:  0.5, Workers: 8
[2025-06-17T22:38:59.746+0300][8864][19604][debug][gc,phases] GC(6)         Dead                           Min: 0, Avg:  1.4, Max: 7, Diff: 7, Sum: 11, Workers: 8
[2025-06-17T22:38:59.746+0300][8864][19604][debug][gc,phases] GC(6)         Total                          Min: 576, Avg: 3413.9, Max: 8000, Diff: 7424, Sum: 27311, Workers: 8
[2025-06-17T22:38:59.746+0300][8864][19604][debug][gc,phases] GC(6)       ResolvedMethodTable Weak       Min:  0.0, Avg:  0.0, Max:  0.0, Diff:  0.0, Sum:  0.1, Workers: 8
[2025-06-17T22:38:59.746+0300][8864][19604][debug][gc,phases] GC(6)         Dead                           Min: 0, Avg:  0.4, Max: 2, Diff: 2, Sum: 3, Workers: 8
[2025-06-17T22:38:59.746+0300][8864][19604][debug][gc,phases] GC(6)         Total                          Min: 64, Avg: 211.1, Max: 384, Diff: 320, Sum: 1689, Workers: 8
[2025-06-17T22:38:59.746+0300][8864][19604][debug][gc,phases] GC(6)       JNI Weak                       Min:  0.0, Avg:  0.0, Max:  0.0, Diff:  0.0, Sum:  0.0, Workers: 8
[2025-06-17T22:38:59.746+0300][8864][19604][debug][gc,phases] GC(6)         Dead                           Min: 0, Avg:  0.0, Max: 0, Diff: 0, Sum: 0, Workers: 8
[2025-06-17T22:38:59.746+0300][8864][19604][debug][gc,phases] GC(6)         Total                          Min: 0, Avg:  0.0, Max: 0, Diff: 0, Sum: 0, Workers: 8
[2025-06-17T22:38:59.746+0300][8864][19604][debug][gc,phases] GC(6)       StringDedup Table Weak         Min:  0.0, Avg:  0.0, Max:  0.0, Diff:  0.0, Sum:  0.0, Workers: 8
[2025-06-17T22:38:59.746+0300][8864][19604][debug][gc,phases] GC(6)         Dead                           Min: 0, Avg:  0.0, Max: 0, Diff: 0, Sum: 0, Workers: 8
[2025-06-17T22:38:59.746+0300][8864][19604][debug][gc,phases] GC(6)         Total                          Min: 0, Avg:  0.0, Max: 0, Diff: 0, Sum: 0, Workers: 8
[2025-06-17T22:38:59.746+0300][8864][19604][debug][gc,phases] GC(6)       StringDedup Requests0 Weak     Min:  0.0, Avg:  0.0, Max:  0.0, Diff:  0.0, Sum:  0.0, Workers: 8
[2025-06-17T22:38:59.746+0300][8864][19604][debug][gc,phases] GC(6)         Dead                           Min: 0, Avg:  0.0, Max: 0, Diff: 0, Sum: 0, Workers: 8
[2025-06-17T22:38:59.746+0300][8864][19604][debug][gc,phases] GC(6)         Total                          Min: 0, Avg:  0.0, Max: 0, Diff: 0, Sum: 0, Workers: 8
[2025-06-17T22:38:59.746+0300][8864][19604][debug][gc,phases] GC(6)       StringDedup Requests1 Weak     Min:  0.0, Avg:  0.0, Max:  0.0, Diff:  0.0, Sum:  0.0, Workers: 8
[2025-06-17T22:38:59.746+0300][8864][19604][debug][gc,phases] GC(6)         Dead                           Min: 0, Avg:  0.0, Max: 0, Diff: 0, Sum: 0, Workers: 8
[2025-06-17T22:38:59.746+0300][8864][19604][debug][gc,phases] GC(6)         Total                          Min: 0, Avg:  0.0, Max: 0, Diff: 0, Sum: 0, Workers: 8
[2025-06-17T22:38:59.746+0300][8864][19604][debug][gc,phases] GC(6)       Weak JFR Old Object Samples    Min:  0.0, Avg:  0.0, Max:  0.0, Diff:  0.0, Sum:  0.0, Workers: 8
[2025-06-17T22:38:59.746+0300][8864][19604][debug][gc,phases] GC(6)         Dead                           Min: 0, Avg:  0.0, Max: 0, Diff: 0, Sum: 0, Workers: 8
[2025-06-17T22:38:59.746+0300][8864][19604][debug][gc,phases] GC(6)         Total                          Min: 0, Avg:  0.0, Max: 0, Diff: 0, Sum: 0, Workers: 8
[2025-06-17T22:38:59.746+0300][8864][19604][debug][gc,phases] GC(6)     Post Evacuate Cleanup 1: 0.2ms
[2025-06-17T22:38:59.746+0300][8864][19604][debug][gc,phases] GC(6)       Merge Per-Thread State (ms):   Min:  0.1, Avg:  0.1, Max:  0.1, Diff:  0.0, Sum:  0.1, Workers: 1
[2025-06-17T22:38:59.746+0300][8864][19604][debug][gc,phases] GC(6)         Copied Bytes                   Min: 394872, Avg: 804919.0, Max: 1774208, Diff: 1379336, Sum: 6439352, Workers: 8
[2025-06-17T22:38:59.746+0300][8864][19604][debug][gc,phases] GC(6)         LAB Waste                      Min: 240, Avg: 5722.0, Max: 18000, Diff: 17760, Sum: 45776, Workers: 8
[2025-06-17T22:38:59.746+0300][8864][19604][debug][gc,phases] GC(6)         LAB Undo Waste                 Min: 0, Avg:  0.0, Max: 0, Diff: 0, Sum: 0, Workers: 8
[2025-06-17T22:38:59.746+0300][8864][19604][debug][gc,phases] GC(6)       Clear Logged Cards (ms):       Min:  0.0, Avg:  0.0, Max:  0.1, Diff:  0.1, Sum:  0.1, Workers: 4
[2025-06-17T22:38:59.746+0300][8864][19604][debug][gc,phases] GC(6)       Recalculate Used Memory (ms):  Min:  0.0, Avg:  0.0, Max:  0.0, Diff:  0.0, Sum:  0.0, Workers: 1
[2025-06-17T22:38:59.746+0300][8864][19604][debug][gc,phases] GC(6)     Post Evacuate Cleanup 2: 0.4ms
[2025-06-17T22:38:59.746+0300][8864][19604][debug][gc,phases] GC(6)       Update Derived Pointers (ms):  Min:  0.0, Avg:  0.0, Max:  0.0, Diff:  0.0, Sum:  0.0, Workers: 1
[2025-06-17T22:38:59.746+0300][8864][19604][debug][gc,phases] GC(6)       Eagerly Reclaim Humongous Objects (ms): skipped
[2025-06-17T22:38:59.746+0300][8864][19604][debug][gc,phases] GC(6)         Humongous Total                skipped
[2025-06-17T22:38:59.746+0300][8864][19604][debug][gc,phases] GC(6)         Humongous Candidates           skipped
[2025-06-17T22:38:59.746+0300][8864][19604][debug][gc,phases] GC(6)         Humongous Reclaimed            skipped
[2025-06-17T22:38:59.746+0300][8864][19604][debug][gc,phases] GC(6)       Redirty Logged Cards (ms):     Min:  0.0, Avg:  0.0, Max:  0.0, Diff:  0.0, Sum:  0.0, Workers: 8
[2025-06-17T22:38:59.746+0300][8864][19604][debug][gc,phases] GC(6)         Redirtied Cards:               Min: 0, Avg: 126.1, Max: 527, Diff: 527, Sum: 1009, Workers: 8
[2025-06-17T22:38:59.746+0300][8864][19604][debug][gc,phases] GC(6)       Resize TLABs (ms):             Min:  0.0, Avg:  0.0, Max:  0.0, Diff:  0.0, Sum:  0.0, Workers: 8
[2025-06-17T22:38:59.746+0300][8864][19604][debug][gc,phases] GC(6)       Free Collection Set (ms):      Min:  0.1, Avg:  0.2, Max:  0.3, Diff:  0.2, Sum:  1.2, Workers: 8
[2025-06-17T22:38:59.746+0300][8864][19604][debug][gc,phases] GC(6)     Rebuild Free List: 0.4ms
[2025-06-17T22:38:59.746+0300][8864][19604][debug][gc,phases] GC(6)     Prepare For Mutator: 0.0ms
[2025-06-17T22:38:59.746+0300][8864][19604][debug][gc,phases] GC(6)     Expand Heap After Collection: 0.0ms
[2025-06-17T22:38:59.746+0300][8864][19604][info ][gc,phases] GC(6)   Other: 0.2ms
[2025-06-17T22:38:59.746+0300][8864][19604][info ][gc,heap  ] GC(6) Eden regions: 663->0(1150)
[2025-06-17T22:38:59.746+0300][8864][19604][info ][gc,heap  ] GC(6) Survivor regions: 7->7(84)
[2025-06-17T22:38:59.746+0300][8864][19604][info ][gc,heap  ] GC(6) Old regions: 14->14
[2025-06-17T22:38:59.746+0300][8864][19604][info ][gc,heap  ] GC(6) Humongous regions: 0->0
[2025-06-17T22:38:59.746+0300][8864][19604][debug][gc,heap  ] GC(6) Heap after GC invocations=7 (full 1):
[2025-06-17T22:38:59.746+0300][8864][19604][debug][gc,heap  ] GC(6)  garbage-first heap   total 2097152K, used 16585K [0x0000000080000000, 0x0000000100000000)
[2025-06-17T22:38:59.746+0300][8864][19604][debug][gc,heap  ] GC(6)   region size 1024K, 7 young (7168K), 7 survivors (7168K)
[2025-06-17T22:38:59.746+0300][8864][19604][debug][gc,heap  ] GC(6)  Metaspace       used 33912K, committed 34816K, reserved 1114112K
[2025-06-17T22:38:59.746+0300][8864][19604][debug][gc,heap  ] GC(6)   class space    used 2939K, committed 3328K, reserved 1048576K
[2025-06-17T22:38:59.746+0300][8864][19604][info ][gc       ] GC(6) Pause Young (Mixed) (G1 Evacuation Pause) 678M->16M(2048M) 7.316ms
[2025-06-17T22:38:59.746+0300][8864][19604][info ][safepoint] Safepoint "G1CollectForAllocation", Time since last: 246089600 ns, Reaching safepoint: 75700 ns, Cleanup: 13500 ns, At safepoint: 7357200 ns, Total: 7446400 ns
[2025-06-17T22:39:00.757+0300][8864][19604][debug][safepoint] Safepoint synchronization initiated using striped semaphore wait barrier. (32 threads)
[2025-06-17T22:39:00.757+0300][8864][22156][debug][safepoint] ... found polling page loop exception at pc = 0x0000017c8809f450, stub =0x0000017c87586600
[2025-06-17T22:39:00.757+0300][8864][19604][info ][safepoint] Safepoint "Cleanup", Time since last: 1007241200 ns, Reaching safepoint: 274900 ns, Cleanup: 79900 ns, At safepoint: 18300 ns, Total: 373100 ns
[2025-06-17T22:39:01.765+0300][8864][19604][debug][safepoint] Safepoint synchronization initiated using striped semaphore wait barrier. (32 threads)
[2025-06-17T22:39:01.765+0300][8864][19784][debug][safepoint] ... found polling page loop exception at pc = 0x0000017c881e4b96, stub =0x0000017c87586600
[2025-06-17T22:39:01.765+0300][8864][19604][info ][safepoint] Safepoint "Cleanup", Time since last: 1008080600 ns, Reaching safepoint: 275300 ns, Cleanup: 51800 ns, At safepoint: 12400 ns, Total: 339500 ns
[2025-06-17T22:39:02.778+0300][8864][19604][debug][safepoint] Safepoint synchronization initiated using striped semaphore wait barrier. (32 threads)
[2025-06-17T22:39:02.778+0300][8864][22156][debug][safepoint] ... found polling page loop exception at pc = 0x0000017c87f9e537, stub =0x0000017c87586600
[2025-06-17T22:39:02.778+0300][8864][19604][info ][safepoint] Safepoint "Cleanup", Time since last: 1012318400 ns, Reaching safepoint: 148700 ns, Cleanup: 23700 ns, At safepoint: 7700 ns, Total: 180100 ns
[2025-06-17T22:39:03.793+0300][8864][19604][debug][safepoint] Safepoint synchronization initiated using striped semaphore wait barrier. (32 threads)
[2025-06-17T22:39:03.793+0300][8864][19604][info ][safepoint] Safepoint "Cleanup", Time since last: 1014871900 ns, Reaching safepoint: 116000 ns, Cleanup: 65600 ns, At safepoint: 14800 ns, Total: 196400 ns
[2025-06-17T22:39:04.808+0300][8864][19604][debug][safepoint] Safepoint synchronization initiated using striped semaphore wait barrier. (32 threads)
[2025-06-17T22:39:04.808+0300][8864][19604][info ][safepoint] Safepoint "Cleanup", Time since last: 1014311700 ns, Reaching safepoint: 111000 ns, Cleanup: 52300 ns, At safepoint: 6800 ns, Total: 170100 ns
[2025-06-17T22:39:05.811+0300][8864][19604][debug][safepoint] Safepoint synchronization initiated using striped semaphore wait barrier. (32 threads)
[2025-06-17T22:39:05.811+0300][8864][22040][debug][safepoint] ... found polling page loop exception at pc = 0x0000017c8807f210, stub =0x0000017c87586600
[2025-06-17T22:39:05.811+0300][8864][19604][info ][safepoint] Safepoint "Cleanup", Time since last: 1003200800 ns, Reaching safepoint: 265300 ns, Cleanup: 40200 ns, At safepoint: 42200 ns, Total: 347700 ns
[2025-06-17T22:39:06.826+0300][8864][19604][debug][safepoint] Safepoint synchronization initiated using striped semaphore wait barrier. (32 threads)
[2025-06-17T22:39:06.826+0300][8864][19604][info ][safepoint] Safepoint "Cleanup", Time since last: 1014677600 ns, Reaching safepoint: 139400 ns, Cleanup: 48200 ns, At safepoint: 14800 ns, Total: 202400 ns
[2025-06-17T22:39:07.841+0300][8864][19604][debug][safepoint] Safepoint synchronization initiated using striped semaphore wait barrier. (32 threads)
[2025-06-17T22:39:07.841+0300][8864][19604][info ][safepoint] Safepoint "Cleanup", Time since last: 1014900500 ns, Reaching safepoint: 158900 ns, Cleanup: 53300 ns, At safepoint: 14400 ns, Total: 226600 ns
[2025-06-17T22:39:10.871+0300][8864][19604][debug][safepoint] Safepoint synchronization initiated using striped semaphore wait barrier. (32 threads)
[2025-06-17T22:39:10.871+0300][8864][19604][info ][safepoint] Safepoint "Cleanup", Time since last: 3030067800 ns, Reaching safepoint: 127300 ns, Cleanup: 37500 ns, At safepoint: 18100 ns, Total: 182900 ns
[2025-06-17T22:39:11.884+0300][8864][19604][debug][safepoint] Safepoint synchronization initiated using striped semaphore wait barrier. (32 threads)
[2025-06-17T22:39:11.884+0300][8864][17396][debug][safepoint] ... found polling page loop exception at pc = 0x0000017c8809f0e4, stub =0x0000017c87586600
[2025-06-17T22:39:11.884+0300][8864][22436][debug][safepoint] ... found polling page loop exception at pc = 0x0000017c880c1afa, stub =0x0000017c87586600
[2025-06-17T22:39:11.884+0300][8864][19604][info ][safepoint] Safepoint "Cleanup", Time since last: 1012748700 ns, Reaching safepoint: 497000 ns, Cleanup: 34000 ns, At safepoint: 18100 ns, Total: 549100 ns
[2025-06-17T22:39:13.893+0300][8864][19604][debug][safepoint] Safepoint synchronization initiated using striped semaphore wait barrier. (32 threads)
[2025-06-17T22:39:13.893+0300][8864][2152 ][debug][safepoint] ... found polling page loop exception at pc = 0x0000017c8807f210, stub =0x0000017c87586600
[2025-06-17T22:39:13.893+0300][8864][19604][info ][safepoint] Safepoint "Cleanup", Time since last: 2008124300 ns, Reaching safepoint: 234100 ns, Cleanup: 47500 ns, At safepoint: 52500 ns, Total: 334100 ns
[2025-06-17T22:39:14.908+0300][8864][19604][debug][safepoint] Safepoint synchronization initiated using striped semaphore wait barrier. (32 threads)
[2025-06-17T22:39:14.908+0300][8864][3864 ][debug][safepoint] ... found polling page loop exception at pc = 0x0000017c8809eff7, stub =0x0000017c87586600
[2025-06-17T22:39:14.908+0300][8864][19604][info ][safepoint] Safepoint "Cleanup", Time since last: 1014828700 ns, Reaching safepoint: 282700 ns, Cleanup: 35100 ns, At safepoint: 24400 ns, Total: 342200 ns
[2025-06-17T22:39:15.919+0300][8864][19604][debug][safepoint] Safepoint synchronization initiated using striped semaphore wait barrier. (32 threads)
[2025-06-17T22:39:15.919+0300][8864][19604][info ][safepoint] Safepoint "Cleanup", Time since last: 1010750900 ns, Reaching safepoint: 112900 ns, Cleanup: 46600 ns, At safepoint: 7100 ns, Total: 166600 ns
[2025-06-17T22:39:16.921+0300][8864][19604][debug][safepoint] Safepoint synchronization initiated using striped semaphore wait barrier. (32 threads)
[2025-06-17T22:39:16.922+0300][8864][19604][info ][safepoint] Safepoint "Cleanup", Time since last: 1001854600 ns, Reaching safepoint: 151100 ns, Cleanup: 54100 ns, At safepoint: 16300 ns, Total: 221500 ns
[2025-06-17T22:39:17.935+0300][8864][19604][debug][safepoint] Safepoint synchronization initiated using striped semaphore wait barrier. (32 threads)
[2025-06-17T22:39:17.935+0300][8864][21268][debug][safepoint] ... found polling page loop exception at pc = 0x0000017c880c86f5, stub =0x0000017c87585d80
[2025-06-17T22:39:17.951+0300][8864][19604][info ][safepoint] Safepoint "Cleanup", Time since last: 1013711800 ns, Reaching safepoint: 15759300 ns, Cleanup: 31100 ns, At safepoint: 21300 ns, Total: 15811700 ns
[2025-06-17T22:39:18.966+0300][8864][19604][debug][safepoint] Safepoint synchronization initiated using striped semaphore wait barrier. (32 threads)
[2025-06-17T22:39:18.966+0300][8864][17396][debug][safepoint] ... found polling page loop exception at pc = 0x0000017c87f9eb7a, stub =0x0000017c87586600
[2025-06-17T22:39:18.966+0300][8864][19604][info ][safepoint] Safepoint "Cleanup", Time since last: 1014756900 ns, Reaching safepoint: 281600 ns, Cleanup: 34300 ns, At safepoint: 13900 ns, Total: 329800 ns
[2025-06-17T22:39:19.979+0300][8864][19604][debug][safepoint] Safepoint synchronization initiated using striped semaphore wait barrier. (32 threads)
[2025-06-17T22:39:19.979+0300][8864][5988 ][debug][safepoint] ... found polling page loop exception at pc = 0x0000017c882d5f97, stub =0x0000017c87586600
[2025-06-17T22:39:19.979+0300][8864][19604][info ][safepoint] Safepoint "Cleanup", Time since last: 1013295400 ns, Reaching safepoint: 214500 ns, Cleanup: 28600 ns, At safepoint: 14300 ns, Total: 257400 ns
[2025-06-17T22:39:20.983+0300][8864][19604][debug][safepoint] Safepoint synchronization initiated using striped semaphore wait barrier. (32 threads)
[2025-06-17T22:39:20.983+0300][8864][19604][info ][safepoint] Safepoint "Cleanup", Time since last: 1003318500 ns, Reaching safepoint: 181100 ns, Cleanup: 41600 ns, At safepoint: 13500 ns, Total: 236200 ns
[2025-06-17T22:39:21.998+0300][8864][19604][debug][safepoint] Safepoint synchronization initiated using striped semaphore wait barrier. (32 threads)
[2025-06-17T22:39:21.998+0300][8864][19604][info ][safepoint] Safepoint "Cleanup", Time since last: 1014217000 ns, Reaching safepoint: 231700 ns, Cleanup: 65200 ns, At safepoint: 47500 ns, Total: 344400 ns
[2025-06-17T22:39:23.012+0300][8864][19604][debug][safepoint] Safepoint synchronization initiated using striped semaphore wait barrier. (32 threads)
[2025-06-17T22:39:23.012+0300][8864][19604][info ][safepoint] Safepoint "Cleanup", Time since last: 1014210600 ns, Reaching safepoint: 93800 ns, Cleanup: 20700 ns, At safepoint: 7300 ns, Total: 121800 ns
[2025-06-17T22:39:25.029+0300][8864][19604][debug][safepoint] Safepoint synchronization initiated using striped semaphore wait barrier. (32 threads)
[2025-06-17T22:39:25.029+0300][8864][19604][info ][safepoint] Safepoint "Cleanup", Time since last: 2017243500 ns, Reaching safepoint: 157700 ns, Cleanup: 39000 ns, At safepoint: 16500 ns, Total: 213200 ns
[2025-06-17T22:39:26.039+0300][8864][19604][debug][safepoint] Safepoint synchronization initiated using striped semaphore wait barrier. (32 threads)
[2025-06-17T22:39:26.039+0300][8864][19604][info ][safepoint] Safepoint "Cleanup", Time since last: 1009314400 ns, Reaching safepoint: 114300 ns, Cleanup: 20200 ns, At safepoint: 5600 ns, Total: 140100 ns
[2025-06-17T22:39:27.054+0300][8864][19604][debug][safepoint] Safepoint synchronization initiated using striped semaphore wait barrier. (32 threads)
[2025-06-17T22:39:27.054+0300][8864][19604][info ][safepoint] Safepoint "Cleanup", Time since last: 1014974900 ns, Reaching safepoint: 155500 ns, Cleanup: 39700 ns, At safepoint: 27600 ns, Total: 222800 ns
[2025-06-17T22:39:30.068+0300][8864][19604][debug][safepoint] Safepoint synchronization initiated using striped semaphore wait barrier. (32 threads)
[2025-06-17T22:39:30.068+0300][8864][19604][info ][safepoint] Safepoint "Cleanup", Time since last: 3014045300 ns, Reaching safepoint: 164400 ns, Cleanup: 52900 ns, At safepoint: 14300 ns, Total: 231600 ns
[2025-06-17T22:39:31.165+0300][8864][19604][debug][safepoint] Safepoint synchronization initiated using striped semaphore wait barrier. (32 threads)
[2025-06-17T22:39:31.165+0300][8864][19604][info ][safepoint] Safepoint "Cleanup", Time since last: 1096137200 ns, Reaching safepoint: 66900 ns, Cleanup: 20600 ns, At safepoint: 4000 ns, Total: 91500 ns
[2025-06-17T22:39:32.172+0300][8864][19604][debug][safepoint] Safepoint synchronization initiated using striped semaphore wait barrier. (32 threads)
[2025-06-17T22:39:32.172+0300][8864][19604][info ][safepoint] Safepoint "Cleanup", Time since last: 1007203100 ns, Reaching safepoint: 106900 ns, Cleanup: 13300 ns, At safepoint: 16300 ns, Total: 136500 ns
[2025-06-17T22:39:34.193+0300][8864][19604][debug][safepoint] Safepoint synchronization initiated using striped semaphore wait barrier. (32 threads)
[2025-06-17T22:39:34.193+0300][8864][19604][info ][safepoint] Safepoint "Cleanup", Time since last: 2021133300 ns, Reaching safepoint: 144800 ns, Cleanup: 34100 ns, At safepoint: 36900 ns, Total: 215800 ns
[2025-06-17T22:39:35.209+0300][8864][19604][debug][safepoint] Safepoint synchronization initiated using striped semaphore wait barrier. (32 threads)
[2025-06-17T22:39:35.209+0300][8864][19604][info ][safepoint] Safepoint "Cleanup", Time since last: 1015098400 ns, Reaching safepoint: 89800 ns, Cleanup: 77700 ns, At safepoint: 8200 ns, Total: 175700 ns
[2025-06-17T22:39:36.223+0300][8864][19604][debug][safepoint] Safepoint synchronization initiated using striped semaphore wait barrier. (32 threads)
[2025-06-17T22:39:36.223+0300][8864][19604][info ][safepoint] Safepoint "Cleanup", Time since last: 1013780800 ns, Reaching safepoint: 163300 ns, Cleanup: 84900 ns, At safepoint: 27100 ns, Total: 275300 ns
[2025-06-17T22:39:38.237+0300][8864][19604][debug][safepoint] Safepoint synchronization initiated using striped semaphore wait barrier. (32 threads)
[2025-06-17T22:39:38.237+0300][8864][19604][info ][safepoint] Safepoint "Cleanup", Time since last: 2014534500 ns, Reaching safepoint: 266300 ns, Cleanup: 34400 ns, At safepoint: 32500 ns, Total: 333200 ns
[2025-06-17T22:39:39.246+0300][8864][19604][debug][safepoint] Safepoint synchronization initiated using striped semaphore wait barrier. (32 threads)
[2025-06-17T22:39:39.246+0300][8864][19604][info ][safepoint] Safepoint "Cleanup", Time since last: 1007907000 ns, Reaching safepoint: 154600 ns, Cleanup: 20600 ns, At safepoint: 15800 ns, Total: 191000 ns
[2025-06-17T22:39:39.517+0300][8864][19604][debug][safepoint] Safepoint synchronization initiated using striped semaphore wait barrier. (32 threads)
[2025-06-17T22:39:39.517+0300][8864][22040][debug][safepoint] ... found polling page loop exception at pc = 0x0000017c8833b170, stub =0x0000017c87585d80
[2025-06-17T22:39:39.517+0300][8864][19604][debug][gc,heap  ] GC(7) Heap before GC invocations=7 (full 1):
[2025-06-17T22:39:39.517+0300][8864][19604][debug][gc,heap  ] GC(7)  garbage-first heap   total 2097152K, used 1194185K [0x0000000080000000, 0x0000000100000000)
[2025-06-17T22:39:39.517+0300][8864][19604][debug][gc,heap  ] GC(7)   region size 1024K, 1157 young (1184768K), 7 survivors (7168K)
[2025-06-17T22:39:39.517+0300][8864][19604][debug][gc,heap  ] GC(7)  Metaspace       used 34443K, committed 35392K, reserved 1114112K
[2025-06-17T22:39:39.517+0300][8864][19604][debug][gc,heap  ] GC(7)   class space    used 2940K, committed 3328K, reserved 1048576K
[2025-06-17T22:39:39.522+0300][8864][19604][info ][gc,phases] GC(7)   Pre Evacuate Collection Set: 0.6ms
[2025-06-17T22:39:39.522+0300][8864][19604][debug][gc,phases] GC(7)     Pre Evacuate Prepare: 0.2ms
[2025-06-17T22:39:39.522+0300][8864][19604][debug][gc,phases] GC(7)       JT Retire TLABs And Flush Logs (ms): Min:  0.0, Avg:  0.0, Max:  0.0, Diff:  0.0, Sum:  0.0, Workers: 2
[2025-06-17T22:39:39.522+0300][8864][19604][debug][gc,phases] GC(7)       Non-JT Flush Logs (ms):        Min:  0.0, Avg:  0.0, Max:  0.0, Diff:  0.0, Sum:  0.0, Workers: 1
[2025-06-17T22:39:39.522+0300][8864][19604][debug][gc,phases] GC(7)     Choose Collection Set: 0.0ms
[2025-06-17T22:39:39.522+0300][8864][19604][debug][gc,phases] GC(7)     Region Register: 0.4ms
[2025-06-17T22:39:39.522+0300][8864][19604][debug][gc,phases] GC(7)     Prepare Heap Roots: 0.0ms
[2025-06-17T22:39:39.522+0300][8864][19604][info ][gc,phases] GC(7)   Merge Heap Roots: 0.4ms
[2025-06-17T22:39:39.522+0300][8864][19604][debug][gc,phases] GC(7)     Prepare Merge Heap Roots: 0.0ms
[2025-06-17T22:39:39.522+0300][8864][19604][debug][gc,phases] GC(7)     Remembered Sets (ms):          Min:  0.2, Avg:  0.2, Max:  0.2, Diff:  0.1, Sum:  1.5, Workers: 8
[2025-06-17T22:39:39.522+0300][8864][19604][debug][gc,phases] GC(7)       Eager Reclaim (ms):            skipped
[2025-06-17T22:39:39.522+0300][8864][19604][debug][gc,phases] GC(7)       Merged Inline                  Min: 0, Avg:  0.0, Max: 0, Diff: 0, Sum: 0, Workers: 8
[2025-06-17T22:39:39.522+0300][8864][19604][debug][gc,phases] GC(7)       Merged ArrayOfCards            Min: 0, Avg:  0.0, Max: 0, Diff: 0, Sum: 0, Workers: 8
[2025-06-17T22:39:39.522+0300][8864][19604][debug][gc,phases] GC(7)       Merged Howl                    Min: 0, Avg:  0.0, Max: 0, Diff: 0, Sum: 0, Workers: 8
[2025-06-17T22:39:39.522+0300][8864][19604][debug][gc,phases] GC(7)       Merged Full                    Min: 0, Avg:  0.0, Max: 0, Diff: 0, Sum: 0, Workers: 8
[2025-06-17T22:39:39.522+0300][8864][19604][debug][gc,phases] GC(7)       Merged Howl Inline             Min: 0, Avg:  0.0, Max: 0, Diff: 0, Sum: 0, Workers: 8
[2025-06-17T22:39:39.522+0300][8864][19604][debug][gc,phases] GC(7)       Merged Howl ArrayOfCards       Min: 0, Avg:  0.0, Max: 0, Diff: 0, Sum: 0, Workers: 8
[2025-06-17T22:39:39.522+0300][8864][19604][debug][gc,phases] GC(7)       Merged Howl BitMap             Min: 0, Avg:  0.0, Max: 0, Diff: 0, Sum: 0, Workers: 8
[2025-06-17T22:39:39.522+0300][8864][19604][debug][gc,phases] GC(7)       Merged Howl Full               Min: 0, Avg:  0.0, Max: 0, Diff: 0, Sum: 0, Workers: 8
[2025-06-17T22:39:39.522+0300][8864][19604][debug][gc,phases] GC(7)       Merged Cards                   Min: 8, Avg:  8.0, Max: 8, Diff: 0, Sum: 64, Workers: 8
[2025-06-17T22:39:39.522+0300][8864][19604][debug][gc,phases] GC(7)     Log Buffers (ms):              Min:  0.0, Avg:  0.0, Max:  0.0, Diff:  0.0, Sum:  0.1, Workers: 8
[2025-06-17T22:39:39.522+0300][8864][19604][debug][gc,phases] GC(7)       Dirty Cards:                   Min: 0, Avg: 136.1, Max: 600, Diff: 600, Sum: 1089, Workers: 8
[2025-06-17T22:39:39.522+0300][8864][19604][debug][gc,phases] GC(7)       Skipped Cards:                 Min: 0, Avg:  0.0, Max: 0, Diff: 0, Sum: 0, Workers: 8
[2025-06-17T22:39:39.522+0300][8864][19604][info ][gc,phases] GC(7)   Evacuate Collection Set: 4.6ms
[2025-06-17T22:39:39.522+0300][8864][19604][debug][gc,phases] GC(7)     Ext Root Scanning (ms):        Min:  0.2, Avg:  0.4, Max:  1.0, Diff:  0.8, Sum:  2.9, Workers: 8
[2025-06-17T22:39:39.522+0300][8864][19604][debug][gc,phases] GC(7)     Scan Heap Roots (ms):          Min:  0.0, Avg:  0.3, Max:  0.5, Diff:  0.5, Sum:  2.1, Workers: 8
[2025-06-17T22:39:39.522+0300][8864][19604][debug][gc,phases] GC(7)       Scanned Cards:                 Min: 0, Avg: 135.4, Max: 237, Diff: 237, Sum: 1083, Workers: 8
[2025-06-17T22:39:39.522+0300][8864][19604][debug][gc,phases] GC(7)       Scanned Blocks:                Min: 0, Avg: 73.6, Max: 128, Diff: 128, Sum: 589, Workers: 8
[2025-06-17T22:39:39.522+0300][8864][19604][debug][gc,phases] GC(7)       Claimed Chunks:                Min: 0, Avg: 27.9, Max: 49, Diff: 49, Sum: 223, Workers: 8
[2025-06-17T22:39:39.522+0300][8864][19604][debug][gc,phases] GC(7)       Found Roots:                   Min: 0, Avg: 700.1, Max: 2830, Diff: 2830, Sum: 5601, Workers: 8
[2025-06-17T22:39:39.522+0300][8864][19604][debug][gc,phases] GC(7)     Code Root Scan (ms):           Min:  0.2, Avg:  1.1, Max:  1.4, Diff:  1.2, Sum:  8.6, Workers: 8
[2025-06-17T22:39:39.522+0300][8864][19604][debug][gc,phases] GC(7)       Scanned Nmethods               Min: 45, Avg: 243.9, Max: 308, Diff: 263, Sum: 1951, Workers: 8
[2025-06-17T22:39:39.522+0300][8864][19604][debug][gc,phases] GC(7)     Object Copy (ms):              Min:  2.1, Avg:  2.7, Max:  3.2, Diff:  1.1, Sum: 21.7, Workers: 8
[2025-06-17T22:39:39.522+0300][8864][19604][debug][gc,phases] GC(7)     Termination (ms):              Min:  0.0, Avg:  0.0, Max:  0.0, Diff:  0.0, Sum:  0.0, Workers: 8
[2025-06-17T22:39:39.522+0300][8864][19604][debug][gc,phases] GC(7)       Termination Attempts:          Min: 1, Avg:  1.0, Max: 1, Diff: 0, Sum: 8, Workers: 8
[2025-06-17T22:39:39.522+0300][8864][19604][debug][gc,phases] GC(7)     GC Worker Other (ms):          Min:  0.1, Avg:  0.1, Max:  0.1, Diff:  0.1, Sum:  0.7, Workers: 8
[2025-06-17T22:39:39.522+0300][8864][19604][debug][gc,phases] GC(7)     GC Worker Total (ms):          Min:  4.5, Avg:  4.5, Max:  4.5, Diff:  0.1, Sum: 36.1, Workers: 8
[2025-06-17T22:39:39.522+0300][8864][19604][info ][gc,phases] GC(7)   Post Evacuate Collection Set: 1.1ms
[2025-06-17T22:39:39.522+0300][8864][19604][debug][gc,phases] GC(7)     NMethod List Cleanup: 0.1ms
[2025-06-17T22:39:39.522+0300][8864][19604][debug][gc,phases] GC(7)     Reference Processing: 0.1ms
[2025-06-17T22:39:39.522+0300][8864][19604][debug][gc,phases] GC(7)     Weak Processing: 0.2ms
[2025-06-17T22:39:39.522+0300][8864][19604][debug][gc,phases] GC(7)       VM Weak                        Min:  0.0, Avg:  0.0, Max:  0.0, Diff:  0.0, Sum:  0.0, Workers: 8
[2025-06-17T22:39:39.522+0300][8864][19604][debug][gc,phases] GC(7)         Dead                           Min: 0, Avg:  0.0, Max: 0, Diff: 0, Sum: 0, Workers: 8
[2025-06-17T22:39:39.522+0300][8864][19604][debug][gc,phases] GC(7)         Total                          Min: 0, Avg: 69.0, Max: 384, Diff: 384, Sum: 552, Workers: 8
[2025-06-17T22:39:39.522+0300][8864][19604][debug][gc,phases] GC(7)       ObjectSynchronizer Weak        Min:  0.0, Avg:  0.0, Max:  0.0, Diff:  0.0, Sum:  0.0, Workers: 8
[2025-06-17T22:39:39.522+0300][8864][19604][debug][gc,phases] GC(7)         Dead                           Min: 0, Avg:  0.0, Max: 0, Diff: 0, Sum: 0, Workers: 8
[2025-06-17T22:39:39.522+0300][8864][19604][debug][gc,phases] GC(7)         Total                          Min: 0, Avg:  4.6, Max: 29, Diff: 29, Sum: 37, Workers: 8
[2025-06-17T22:39:39.522+0300][8864][19604][debug][gc,phases] GC(7)       JVMTI Tag Weak OopStorage      Min:  0.0, Avg:  0.0, Max:  0.0, Diff:  0.0, Sum:  0.0, Workers: 8
[2025-06-17T22:39:39.522+0300][8864][19604][debug][gc,phases] GC(7)         Dead                           Min: 0, Avg:  0.0, Max: 0, Diff: 0, Sum: 0, Workers: 8
[2025-06-17T22:39:39.522+0300][8864][19604][debug][gc,phases] GC(7)         Total                          Min: 0, Avg:  0.0, Max: 0, Diff: 0, Sum: 0, Workers: 8
[2025-06-17T22:39:39.522+0300][8864][19604][debug][gc,phases] GC(7)       StringTable Weak               Min:  0.1, Avg:  0.1, Max:  0.1, Diff:  0.1, Sum:  0.5, Workers: 8
[2025-06-17T22:39:39.522+0300][8864][19604][debug][gc,phases] GC(7)         Dead                           Min: 0, Avg:  0.0, Max: 0, Diff: 0, Sum: 0, Workers: 8
[2025-06-17T22:39:39.522+0300][8864][19604][debug][gc,phases] GC(7)         Total                          Min: 2112, Avg: 3450.6, Max: 6656, Diff: 4544, Sum: 27605, Workers: 8
[2025-06-17T22:39:39.522+0300][8864][19604][debug][gc,phases] GC(7)       ResolvedMethodTable Weak       Min:  0.0, Avg:  0.0, Max:  0.0, Diff:  0.0, Sum:  0.0, Workers: 8
[2025-06-17T22:39:39.522+0300][8864][19604][debug][gc,phases] GC(7)         Dead                           Min: 0, Avg:  0.1, Max: 1, Diff: 1, Sum: 1, Workers: 8
[2025-06-17T22:39:39.522+0300][8864][19604][debug][gc,phases] GC(7)         Total                          Min: 63, Avg: 211.2, Max: 319, Diff: 256, Sum: 1690, Workers: 8
[2025-06-17T22:39:39.522+0300][8864][19604][debug][gc,phases] GC(7)       JNI Weak                       Min:  0.0, Avg:  0.0, Max:  0.0, Diff:  0.0, Sum:  0.0, Workers: 8
[2025-06-17T22:39:39.522+0300][8864][19604][debug][gc,phases] GC(7)         Dead                           Min: 0, Avg:  0.0, Max: 0, Diff: 0, Sum: 0, Workers: 8
[2025-06-17T22:39:39.522+0300][8864][19604][debug][gc,phases] GC(7)         Total                          Min: 0, Avg:  0.0, Max: 0, Diff: 0, Sum: 0, Workers: 8
[2025-06-17T22:39:39.522+0300][8864][19604][debug][gc,phases] GC(7)       StringDedup Table Weak         Min:  0.0, Avg:  0.0, Max:  0.0, Diff:  0.0, Sum:  0.0, Workers: 8
[2025-06-17T22:39:39.522+0300][8864][19604][debug][gc,phases] GC(7)         Dead                           Min: 0, Avg:  0.0, Max: 0, Diff: 0, Sum: 0, Workers: 8
[2025-06-17T22:39:39.522+0300][8864][19604][debug][gc,phases] GC(7)         Total                          Min: 0, Avg:  0.0, Max: 0, Diff: 0, Sum: 0, Workers: 8
[2025-06-17T22:39:39.522+0300][8864][19604][debug][gc,phases] GC(7)       StringDedup Requests0 Weak     Min:  0.0, Avg:  0.0, Max:  0.0, Diff:  0.0, Sum:  0.0, Workers: 8
[2025-06-17T22:39:39.522+0300][8864][19604][debug][gc,phases] GC(7)         Dead                           Min: 0, Avg:  0.0, Max: 0, Diff: 0, Sum: 0, Workers: 8
[2025-06-17T22:39:39.522+0300][8864][19604][debug][gc,phases] GC(7)         Total                          Min: 0, Avg:  0.0, Max: 0, Diff: 0, Sum: 0, Workers: 8
[2025-06-17T22:39:39.522+0300][8864][19604][debug][gc,phases] GC(7)       StringDedup Requests1 Weak     Min:  0.0, Avg:  0.0, Max:  0.0, Diff:  0.0, Sum:  0.0, Workers: 8
[2025-06-17T22:39:39.522+0300][8864][19604][debug][gc,phases] GC(7)         Dead                           Min: 0, Avg:  0.0, Max: 0, Diff: 0, Sum: 0, Workers: 8
[2025-06-17T22:39:39.522+0300][8864][19604][debug][gc,phases] GC(7)         Total                          Min: 0, Avg:  0.0, Max: 0, Diff: 0, Sum: 0, Workers: 8
[2025-06-17T22:39:39.522+0300][8864][19604][debug][gc,phases] GC(7)       Weak JFR Old Object Samples    Min:  0.0, Avg:  0.0, Max:  0.0, Diff:  0.0, Sum:  0.0, Workers: 8
[2025-06-17T22:39:39.522+0300][8864][19604][debug][gc,phases] GC(7)         Dead                           Min: 0, Avg:  0.0, Max: 0, Diff: 0, Sum: 0, Workers: 8
[2025-06-17T22:39:39.522+0300][8864][19604][debug][gc,phases] GC(7)         Total                          Min: 0, Avg:  0.0, Max: 0, Diff: 0, Sum: 0, Workers: 8
[2025-06-17T22:39:39.522+0300][8864][19604][debug][gc,phases] GC(7)     Post Evacuate Cleanup 1: 0.2ms
[2025-06-17T22:39:39.522+0300][8864][19604][debug][gc,phases] GC(7)       Merge Per-Thread State (ms):   Min:  0.0, Avg:  0.0, Max:  0.0, Diff:  0.0, Sum:  0.0, Workers: 1
[2025-06-17T22:39:39.522+0300][8864][19604][debug][gc,phases] GC(7)         Copied Bytes                   Min: 435160, Avg: 804792.0, Max: 1511456, Diff: 1076296, Sum: 6438336, Workers: 8
[2025-06-17T22:39:39.522+0300][8864][19604][debug][gc,phases] GC(7)         LAB Waste                      Min: 200, Avg: 2781.0, Max: 8896, Diff: 8696, Sum: 22248, Workers: 8
[2025-06-17T22:39:39.522+0300][8864][19604][debug][gc,phases] GC(7)         LAB Undo Waste                 Min: 0, Avg:  0.0, Max: 0, Diff: 0, Sum: 0, Workers: 8
[2025-06-17T22:39:39.522+0300][8864][19604][debug][gc,phases] GC(7)       Clear Logged Cards (ms):       Min:  0.0, Avg:  0.1, Max:  0.1, Diff:  0.1, Sum:  0.3, Workers: 5
[2025-06-17T22:39:39.522+0300][8864][19604][debug][gc,phases] GC(7)       Recalculate Used Memory (ms):  Min:  0.0, Avg:  0.0, Max:  0.0, Diff:  0.0, Sum:  0.0, Workers: 1
[2025-06-17T22:39:39.522+0300][8864][19604][debug][gc,phases] GC(7)     Post Evacuate Cleanup 2: 0.3ms
[2025-06-17T22:39:39.522+0300][8864][19604][debug][gc,phases] GC(7)       Update Derived Pointers (ms):  Min:  0.0, Avg:  0.0, Max:  0.0, Diff:  0.0, Sum:  0.0, Workers: 1
[2025-06-17T22:39:39.522+0300][8864][19604][debug][gc,phases] GC(7)       Eagerly Reclaim Humongous Objects (ms): skipped
[2025-06-17T22:39:39.522+0300][8864][19604][debug][gc,phases] GC(7)         Humongous Total                skipped
[2025-06-17T22:39:39.522+0300][8864][19604][debug][gc,phases] GC(7)         Humongous Candidates           skipped
[2025-06-17T22:39:39.522+0300][8864][19604][debug][gc,phases] GC(7)         Humongous Reclaimed            skipped
[2025-06-17T22:39:39.522+0300][8864][19604][debug][gc,phases] GC(7)       Redirty Logged Cards (ms):     Min:  0.0, Avg:  0.0, Max:  0.0, Diff:  0.0, Sum:  0.0, Workers: 8
[2025-06-17T22:39:39.522+0300][8864][19604][debug][gc,phases] GC(7)         Redirtied Cards:               Min: 0, Avg: 127.5, Max: 417, Diff: 417, Sum: 1020, Workers: 8
[2025-06-17T22:39:39.522+0300][8864][19604][debug][gc,phases] GC(7)       Resize TLABs (ms):             Min:  0.0, Avg:  0.0, Max:  0.0, Diff:  0.0, Sum:  0.0, Workers: 8
[2025-06-17T22:39:39.522+0300][8864][19604][debug][gc,phases] GC(7)       Free Collection Set (ms):      Min:  0.2, Avg:  0.2, Max:  0.3, Diff:  0.1, Sum:  1.8, Workers: 8
[2025-06-17T22:39:39.522+0300][8864][19604][debug][gc,phases] GC(7)     Rebuild Free List: 0.2ms
[2025-06-17T22:39:39.522+0300][8864][19604][debug][gc,phases] GC(7)     Prepare For Mutator: 0.0ms
[2025-06-17T22:39:39.522+0300][8864][19604][debug][gc,phases] GC(7)     Expand Heap After Collection: 0.0ms
[2025-06-17T22:39:39.522+0300][8864][19604][info ][gc,phases] GC(7)   Other: 0.4ms
[2025-06-17T22:39:39.522+0300][8864][19604][info ][gc,heap  ] GC(7) Eden regions: 1150->0(1220)
[2025-06-17T22:39:39.522+0300][8864][19604][info ][gc,heap  ] GC(7) Survivor regions: 7->8(145)
[2025-06-17T22:39:39.522+0300][8864][19604][info ][gc,heap  ] GC(7) Old regions: 14->14
[2025-06-17T22:39:39.522+0300][8864][19604][info ][gc,heap  ] GC(7) Humongous regions: 0->0
[2025-06-17T22:39:39.522+0300][8864][19604][debug][gc,heap  ] GC(7) Heap after GC invocations=8 (full 1):
[2025-06-17T22:39:39.522+0300][8864][19604][debug][gc,heap  ] GC(7)  garbage-first heap   total 2097152K, used 16928K [0x0000000080000000, 0x0000000100000000)
[2025-06-17T22:39:39.522+0300][8864][19604][debug][gc,heap  ] GC(7)   region size 1024K, 8 young (8192K), 8 survivors (8192K)
[2025-06-17T22:39:39.522+0300][8864][19604][debug][gc,heap  ] GC(7)  Metaspace       used 34443K, committed 35392K, reserved 1114112K
[2025-06-17T22:39:39.522+0300][8864][19604][debug][gc,heap  ] GC(7)   class space    used 2940K, committed 3328K, reserved 1048576K
[2025-06-17T22:39:39.522+0300][8864][19604][info ][gc       ] GC(7) Pause Young (Normal) (G1 Evacuation Pause) 1166M->16M(2048M) 8.366ms
[2025-06-17T22:39:39.522+0300][8864][19604][info ][safepoint] Safepoint "G1CollectForAllocation", Time since last: 270759200 ns, Reaching safepoint: 210200 ns, Cleanup: 6900 ns, At safepoint: 8401900 ns, Total: 8619000 ns
[2025-06-17T22:39:40.525+0300][8864][19604][debug][safepoint] Safepoint synchronization initiated using striped semaphore wait barrier. (32 threads)
[2025-06-17T22:39:40.525+0300][8864][3864 ][debug][safepoint] ... found polling page loop exception at pc = 0x0000017c8824bd49, stub =0x0000017c87586600
[2025-06-17T22:39:40.525+0300][8864][22436][debug][safepoint] ... found polling page loop exception at pc = 0x0000017c88243768, stub =0x0000017c87586600
[2025-06-17T22:39:40.525+0300][8864][19604][info ][safepoint] Safepoint "Cleanup", Time since last: 1000506000 ns, Reaching safepoint: 483300 ns, Cleanup: 16800 ns, At safepoint: 20400 ns, Total: 520500 ns
[2025-06-17T22:39:43.557+0300][8864][19604][debug][safepoint] Safepoint synchronization initiated using striped semaphore wait barrier. (32 threads)
[2025-06-17T22:39:43.557+0300][8864][21268][debug][safepoint] ... found polling page loop exception at pc = 0x0000017c8806216a, stub =0x0000017c87586600
[2025-06-17T22:39:43.557+0300][8864][5988 ][debug][safepoint] ... found polling page loop exception at pc = 0x0000017c8809f2c3, stub =0x0000017c87586600
[2025-06-17T22:39:43.557+0300][8864][19604][info ][safepoint] Safepoint "Cleanup", Time since last: 3030630100 ns, Reaching safepoint: 465100 ns, Cleanup: 40600 ns, At safepoint: 19700 ns, Total: 525400 ns
[2025-06-17T22:39:44.571+0300][8864][19604][debug][safepoint] Safepoint synchronization initiated using striped semaphore wait barrier. (32 threads)
[2025-06-17T22:39:44.571+0300][8864][19604][info ][safepoint] Safepoint "Cleanup", Time since last: 1014088600 ns, Reaching safepoint: 156200 ns, Cleanup: 49700 ns, At safepoint: 18600 ns, Total: 224500 ns
[2025-06-17T22:39:45.583+0300][8864][19604][debug][safepoint] Safepoint synchronization initiated using striped semaphore wait barrier. (32 threads)
[2025-06-17T22:39:45.583+0300][8864][19604][info ][safepoint] Safepoint "Cleanup", Time since last: 1011471300 ns, Reaching safepoint: 98500 ns, Cleanup: 27600 ns, At safepoint: 7500 ns, Total: 133600 ns
[2025-06-17T22:39:46.589+0300][8864][19604][debug][safepoint] Safepoint synchronization initiated using striped semaphore wait barrier. (32 threads)
[2025-06-17T22:39:46.589+0300][8864][19604][info ][safepoint] Safepoint "Cleanup", Time since last: 1006285000 ns, Reaching safepoint: 150800 ns, Cleanup: 58700 ns, At safepoint: 27700 ns, Total: 237200 ns
[2025-06-17T22:39:47.601+0300][8864][19604][debug][safepoint] Safepoint synchronization initiated using striped semaphore wait barrier. (32 threads)
[2025-06-17T22:39:47.601+0300][8864][19604][info ][safepoint] Safepoint "Cleanup", Time since last: 1011767000 ns, Reaching safepoint: 126700 ns, Cleanup: 28300 ns, At safepoint: 14500 ns, Total: 169500 ns
[2025-06-17T22:39:50.626+0300][8864][19604][debug][safepoint] Safepoint synchronization initiated using striped semaphore wait barrier. (32 threads)
[2025-06-17T22:39:50.626+0300][8864][19604][info ][safepoint] Safepoint "Cleanup", Time since last: 3024198200 ns, Reaching safepoint: 90700 ns, Cleanup: 21700 ns, At safepoint: 8400 ns, Total: 120800 ns
[2025-06-17T22:39:51.632+0300][8864][19604][debug][safepoint] Safepoint synchronization initiated using striped semaphore wait barrier. (32 threads)
[2025-06-17T22:39:51.632+0300][8864][19300][debug][safepoint] ... found polling page loop exception at pc = 0x0000017c8808f97b, stub =0x0000017c87586600
[2025-06-17T22:39:51.632+0300][8864][19604][info ][safepoint] Safepoint "Cleanup", Time since last: 1006453800 ns, Reaching safepoint: 352900 ns, Cleanup: 35600 ns, At safepoint: 30700 ns, Total: 419200 ns
[2025-06-17T22:39:52.639+0300][8864][19604][debug][safepoint] Safepoint synchronization initiated using striped semaphore wait barrier. (32 threads)
[2025-06-17T22:39:52.639+0300][8864][5988 ][debug][safepoint] ... found polling page loop exception at pc = 0x0000017c88178779, stub =0x0000017c87585d80
[2025-06-17T22:39:52.639+0300][8864][22156][debug][safepoint] ... found polling page loop exception at pc = 0x0000017c881e4b96, stub =0x0000017c87586600
[2025-06-17T22:39:52.639+0300][8864][19604][info ][safepoint] Safepoint "Cleanup", Time since last: 1006012100 ns, Reaching safepoint: 217600 ns, Cleanup: 24400 ns, At safepoint: 9800 ns, Total: 251800 ns
[2025-06-17T22:39:53.653+0300][8864][19604][debug][safepoint] Safepoint synchronization initiated using striped semaphore wait barrier. (32 threads)
[2025-06-17T22:39:53.653+0300][8864][19604][info ][safepoint] Safepoint "Cleanup", Time since last: 1013824800 ns, Reaching safepoint: 153800 ns, Cleanup: 42100 ns, At safepoint: 9600 ns, Total: 205500 ns
[2025-06-17T22:39:55.664+0300][8864][19604][debug][safepoint] Safepoint synchronization initiated using striped semaphore wait barrier. (32 threads)
[2025-06-17T22:39:55.664+0300][8864][19604][info ][safepoint] Safepoint "Cleanup", Time since last: 2010385800 ns, Reaching safepoint: 127000 ns, Cleanup: 49600 ns, At safepoint: 42700 ns, Total: 219300 ns
[2025-06-17T22:40:03.721+0300][8864][19604][debug][safepoint] Safepoint synchronization initiated using striped semaphore wait barrier. (32 threads)
[2025-06-17T22:40:03.721+0300][8864][19604][info ][safepoint] Safepoint "Cleanup", Time since last: 8057505700 ns, Reaching safepoint: 89400 ns, Cleanup: 20500 ns, At safepoint: 13000 ns, Total: 122900 ns
[2025-06-17T22:40:05.736+0300][8864][19604][debug][safepoint] Safepoint synchronization initiated using striped semaphore wait barrier. (32 threads)
[2025-06-17T22:40:05.736+0300][8864][19604][info ][safepoint] Safepoint "Cleanup", Time since last: 2014061600 ns, Reaching safepoint: 134500 ns, Cleanup: 34200 ns, At safepoint: 13500 ns, Total: 182200 ns
[2025-06-17T22:40:06.738+0300][8864][19604][debug][safepoint] Safepoint synchronization initiated using striped semaphore wait barrier. (32 threads)
[2025-06-17T22:40:06.738+0300][8864][19604][info ][safepoint] Safepoint "Cleanup", Time since last: 1002542800 ns, Reaching safepoint: 150400 ns, Cleanup: 41000 ns, At safepoint: 14600 ns, Total: 206000 ns
[2025-06-17T22:40:11.764+0300][8864][19604][debug][safepoint] Safepoint synchronization initiated using striped semaphore wait barrier. (32 threads)
[2025-06-17T22:40:11.764+0300][8864][22156][debug][safepoint] ... found polling page loop exception at pc = 0x0000017c87f9eb7a, stub =0x0000017c87586600
[2025-06-17T22:40:11.764+0300][8864][19604][info ][safepoint] Safepoint "Cleanup", Time since last: 5025288100 ns, Reaching safepoint: 274800 ns, Cleanup: 33900 ns, At safepoint: 46400 ns, Total: 355100 ns
[2025-06-17T22:40:14.785+0300][8864][19604][debug][safepoint] Safepoint synchronization initiated using striped semaphore wait barrier. (32 threads)
[2025-06-17T22:40:14.785+0300][8864][5988 ][debug][safepoint] ... found polling page loop exception at pc = 0x0000017c880c1afa, stub =0x0000017c87586600
[2025-06-17T22:40:14.785+0300][8864][3864 ][debug][safepoint] ... found polling page loop exception at pc = 0x0000017c8806216a, stub =0x0000017c87586600
[2025-06-17T22:40:14.785+0300][8864][19604][info ][safepoint] Safepoint "Cleanup", Time since last: 3021305400 ns, Reaching safepoint: 296500 ns, Cleanup: 28400 ns, At safepoint: 13700 ns, Total: 338600 ns
[2025-06-17T22:40:19.820+0300][8864][19604][debug][safepoint] Safepoint synchronization initiated using striped semaphore wait barrier. (32 threads)
[2025-06-17T22:40:19.820+0300][8864][22156][debug][safepoint] ... found polling page loop exception at pc = 0x0000017c882076cb, stub =0x0000017c87586600
[2025-06-17T22:40:19.820+0300][8864][19604][info ][safepoint] Safepoint "Cleanup", Time since last: 5034254900 ns, Reaching safepoint: 344100 ns, Cleanup: 41800 ns, At safepoint: 14600 ns, Total: 400500 ns
[2025-06-17T22:40:20.826+0300][8864][19604][debug][safepoint] Safepoint synchronization initiated using striped semaphore wait barrier. (32 threads)
[2025-06-17T22:40:20.826+0300][8864][22436][debug][safepoint] ... found polling page loop exception at pc = 0x0000017c880c86f5, stub =0x0000017c87585d80
[2025-06-17T22:40:20.826+0300][8864][19604][info ][safepoint] Safepoint "Cleanup", Time since last: 1006282400 ns, Reaching safepoint: 249600 ns, Cleanup: 40000 ns, At safepoint: 18000 ns, Total: 307600 ns
[2025-06-17T22:40:22.190+0300][8864][19604][debug][safepoint] Safepoint synchronization initiated using striped semaphore wait barrier. (32 threads)
[2025-06-17T22:40:22.190+0300][8864][19604][debug][gc,heap  ] GC(8) Heap before GC invocations=8 (full 1):
[2025-06-17T22:40:22.190+0300][8864][19604][debug][gc,heap  ] GC(8)  garbage-first heap   total 2097152K, used 1266208K [0x0000000080000000, 0x0000000100000000)
[2025-06-17T22:40:22.190+0300][8864][19604][debug][gc,heap  ] GC(8)   region size 1024K, 1228 young (1257472K), 8 survivors (8192K)
[2025-06-17T22:40:22.190+0300][8864][19604][debug][gc,heap  ] GC(8)  Metaspace       used 34499K, committed 35456K, reserved 1114112K
[2025-06-17T22:40:22.190+0300][8864][19604][debug][gc,heap  ] GC(8)   class space    used 2941K, committed 3328K, reserved 1048576K
[2025-06-17T22:40:22.196+0300][8864][19604][info ][gc,phases] GC(8)   Pre Evacuate Collection Set: 0.9ms
[2025-06-17T22:40:22.196+0300][8864][19604][debug][gc,phases] GC(8)     Pre Evacuate Prepare: 0.3ms
[2025-06-17T22:40:22.196+0300][8864][19604][debug][gc,phases] GC(8)       JT Retire TLABs And Flush Logs (ms): Min:  0.0, Avg:  0.0, Max:  0.0, Diff:  0.0, Sum:  0.0, Workers: 2
[2025-06-17T22:40:22.196+0300][8864][19604][debug][gc,phases] GC(8)       Non-JT Flush Logs (ms):        Min:  0.0, Avg:  0.0, Max:  0.0, Diff:  0.0, Sum:  0.0, Workers: 1
[2025-06-17T22:40:22.196+0300][8864][19604][debug][gc,phases] GC(8)     Choose Collection Set: 0.0ms
[2025-06-17T22:40:22.196+0300][8864][19604][debug][gc,phases] GC(8)     Region Register: 0.7ms
[2025-06-17T22:40:22.196+0300][8864][19604][debug][gc,phases] GC(8)     Prepare Heap Roots: 0.0ms
[2025-06-17T22:40:22.196+0300][8864][19604][info ][gc,phases] GC(8)   Merge Heap Roots: 0.5ms
[2025-06-17T22:40:22.196+0300][8864][19604][debug][gc,phases] GC(8)     Prepare Merge Heap Roots: 0.0ms
[2025-06-17T22:40:22.196+0300][8864][19604][debug][gc,phases] GC(8)     Remembered Sets (ms):          Min:  0.2, Avg:  0.2, Max:  0.2, Diff:  0.1, Sum:  1.6, Workers: 8
[2025-06-17T22:40:22.196+0300][8864][19604][debug][gc,phases] GC(8)       Eager Reclaim (ms):            skipped
[2025-06-17T22:40:22.196+0300][8864][19604][debug][gc,phases] GC(8)       Merged Inline                  Min: 0, Avg:  0.0, Max: 0, Diff: 0, Sum: 0, Workers: 8
[2025-06-17T22:40:22.196+0300][8864][19604][debug][gc,phases] GC(8)       Merged ArrayOfCards            Min: 0, Avg:  0.0, Max: 0, Diff: 0, Sum: 0, Workers: 8
[2025-06-17T22:40:22.196+0300][8864][19604][debug][gc,phases] GC(8)       Merged Howl                    Min: 0, Avg:  0.0, Max: 0, Diff: 0, Sum: 0, Workers: 8
[2025-06-17T22:40:22.196+0300][8864][19604][debug][gc,phases] GC(8)       Merged Full                    Min: 0, Avg:  0.0, Max: 0, Diff: 0, Sum: 0, Workers: 8
[2025-06-17T22:40:22.196+0300][8864][19604][debug][gc,phases] GC(8)       Merged Howl Inline             Min: 0, Avg:  0.0, Max: 0, Diff: 0, Sum: 0, Workers: 8
[2025-06-17T22:40:22.196+0300][8864][19604][debug][gc,phases] GC(8)       Merged Howl ArrayOfCards       Min: 0, Avg:  0.0, Max: 0, Diff: 0, Sum: 0, Workers: 8
[2025-06-17T22:40:22.196+0300][8864][19604][debug][gc,phases] GC(8)       Merged Howl BitMap             Min: 0, Avg:  0.0, Max: 0, Diff: 0, Sum: 0, Workers: 8
[2025-06-17T22:40:22.196+0300][8864][19604][debug][gc,phases] GC(8)       Merged Howl Full               Min: 0, Avg:  0.0, Max: 0, Diff: 0, Sum: 0, Workers: 8
[2025-06-17T22:40:22.196+0300][8864][19604][debug][gc,phases] GC(8)       Merged Cards                   Min: 8, Avg:  8.0, Max: 8, Diff: 0, Sum: 64, Workers: 8
[2025-06-17T22:40:22.196+0300][8864][19604][debug][gc,phases] GC(8)     Log Buffers (ms):              Min:  0.0, Avg:  0.0, Max:  0.0, Diff:  0.0, Sum:  0.1, Workers: 8
[2025-06-17T22:40:22.196+0300][8864][19604][debug][gc,phases] GC(8)       Dirty Cards:                   Min: 0, Avg: 136.2, Max: 520, Diff: 520, Sum: 1090, Workers: 8
[2025-06-17T22:40:22.196+0300][8864][19604][debug][gc,phases] GC(8)       Skipped Cards:                 Min: 0, Avg:  0.0, Max: 0, Diff: 0, Sum: 0, Workers: 8
[2025-06-17T22:40:22.196+0300][8864][19604][info ][gc,phases] GC(8)   Evacuate Collection Set: 4.8ms
[2025-06-17T22:40:22.196+0300][8864][19604][debug][gc,phases] GC(8)     Ext Root Scanning (ms):        Min:  0.0, Avg:  0.3, Max:  1.2, Diff:  1.2, Sum:  2.5, Workers: 8
[2025-06-17T22:40:22.196+0300][8864][19604][debug][gc,phases] GC(8)     Scan Heap Roots (ms):          Min:  0.0, Avg:  0.3, Max:  0.6, Diff:  0.6, Sum:  2.2, Workers: 8
[2025-06-17T22:40:22.196+0300][8864][19604][debug][gc,phases] GC(8)       Scanned Cards:                 Min: 0, Avg: 135.4, Max: 245, Diff: 245, Sum: 1083, Workers: 8
[2025-06-17T22:40:22.196+0300][8864][19604][debug][gc,phases] GC(8)       Scanned Blocks:                Min: 0, Avg: 73.9, Max: 140, Diff: 140, Sum: 591, Workers: 8
[2025-06-17T22:40:22.196+0300][8864][19604][debug][gc,phases] GC(8)       Claimed Chunks:                Min: 0, Avg: 28.0, Max: 56, Diff: 56, Sum: 224, Workers: 8
[2025-06-17T22:40:22.196+0300][8864][19604][debug][gc,phases] GC(8)       Found Roots:                   Min: 0, Avg: 710.4, Max: 2921, Diff: 2921, Sum: 5683, Workers: 8
[2025-06-17T22:40:22.196+0300][8864][19604][debug][gc,phases] GC(8)     Code Root Scan (ms):           Min:  0.2, Avg:  1.0, Max:  1.4, Diff:  1.2, Sum:  8.4, Workers: 8
[2025-06-17T22:40:22.196+0300][8864][19604][debug][gc,phases] GC(8)       Scanned Nmethods               Min: 55, Avg: 253.2, Max: 334, Diff: 279, Sum: 2026, Workers: 8
[2025-06-17T22:40:22.196+0300][8864][19604][debug][gc,phases] GC(8)     Object Copy (ms):              Min:  2.3, Avg:  2.7, Max:  3.0, Diff:  0.8, Sum: 21.5, Workers: 8
[2025-06-17T22:40:22.196+0300][8864][19604][debug][gc,phases] GC(8)     Termination (ms):              Min:  0.0, Avg:  0.1, Max:  0.1, Diff:  0.1, Sum:  0.5, Workers: 8
[2025-06-17T22:40:22.196+0300][8864][19604][debug][gc,phases] GC(8)       Termination Attempts:          Min: 1, Avg:  1.0, Max: 1, Diff: 0, Sum: 8, Workers: 8
[2025-06-17T22:40:22.196+0300][8864][19604][debug][gc,phases] GC(8)     GC Worker Other (ms):          Min:  0.1, Avg:  0.2, Max:  0.3, Diff:  0.2, Sum:  1.3, Workers: 8
[2025-06-17T22:40:22.196+0300][8864][19604][debug][gc,phases] GC(8)     GC Worker Total (ms):          Min:  4.5, Avg:  4.5, Max:  4.7, Diff:  0.2, Sum: 36.4, Workers: 8
[2025-06-17T22:40:22.196+0300][8864][19604][info ][gc,phases] GC(8)   Post Evacuate Collection Set: 1.4ms
[2025-06-17T22:40:22.196+0300][8864][19604][debug][gc,phases] GC(8)     NMethod List Cleanup: 0.1ms
[2025-06-17T22:40:22.196+0300][8864][19604][debug][gc,phases] GC(8)     Reference Processing: 0.1ms
[2025-06-17T22:40:22.196+0300][8864][19604][debug][gc,phases] GC(8)     Weak Processing: 0.2ms
[2025-06-17T22:40:22.196+0300][8864][19604][debug][gc,phases] GC(8)       VM Weak                        Min:  0.0, Avg:  0.0, Max:  0.0, Diff:  0.0, Sum:  0.0, Workers: 8
[2025-06-17T22:40:22.196+0300][8864][19604][debug][gc,phases] GC(8)         Dead                           Min: 0, Avg:  0.0, Max: 0, Diff: 0, Sum: 0, Workers: 8
[2025-06-17T22:40:22.196+0300][8864][19604][debug][gc,phases] GC(8)         Total                          Min: 0, Avg: 69.0, Max: 384, Diff: 384, Sum: 552, Workers: 8
[2025-06-17T22:40:22.196+0300][8864][19604][debug][gc,phases] GC(8)       ObjectSynchronizer Weak        Min:  0.0, Avg:  0.0, Max:  0.0, Diff:  0.0, Sum:  0.0, Workers: 8
[2025-06-17T22:40:22.196+0300][8864][19604][debug][gc,phases] GC(8)         Dead                           Min: 0, Avg:  0.0, Max: 0, Diff: 0, Sum: 0, Workers: 8
[2025-06-17T22:40:22.196+0300][8864][19604][debug][gc,phases] GC(8)         Total                          Min: 0, Avg:  7.9, Max: 55, Diff: 55, Sum: 63, Workers: 8
[2025-06-17T22:40:22.196+0300][8864][19604][debug][gc,phases] GC(8)       JVMTI Tag Weak OopStorage      Min:  0.0, Avg:  0.0, Max:  0.0, Diff:  0.0, Sum:  0.0, Workers: 8
[2025-06-17T22:40:22.196+0300][8864][19604][debug][gc,phases] GC(8)         Dead                           Min: 0, Avg:  0.0, Max: 0, Diff: 0, Sum: 0, Workers: 8
[2025-06-17T22:40:22.196+0300][8864][19604][debug][gc,phases] GC(8)         Total                          Min: 0, Avg:  0.0, Max: 0, Diff: 0, Sum: 0, Workers: 8
[2025-06-17T22:40:22.196+0300][8864][19604][debug][gc,phases] GC(8)       StringTable Weak               Min:  0.0, Avg:  0.1, Max:  0.1, Diff:  0.1, Sum:  0.5, Workers: 8
[2025-06-17T22:40:22.196+0300][8864][19604][debug][gc,phases] GC(8)         Dead                           Min: 0, Avg:  0.0, Max: 0, Diff: 0, Sum: 0, Workers: 8
[2025-06-17T22:40:22.196+0300][8864][19604][debug][gc,phases] GC(8)         Total                          Min: 576, Avg: 3458.0, Max: 7360, Diff: 6784, Sum: 27664, Workers: 8
[2025-06-17T22:40:22.196+0300][8864][19604][debug][gc,phases] GC(8)       ResolvedMethodTable Weak       Min:  0.0, Avg:  0.0, Max:  0.0, Diff:  0.0, Sum:  0.0, Workers: 8
[2025-06-17T22:40:22.196+0300][8864][19604][debug][gc,phases] GC(8)         Dead                           Min: 0, Avg:  0.0, Max: 0, Diff: 0, Sum: 0, Workers: 8
[2025-06-17T22:40:22.196+0300][8864][19604][debug][gc,phases] GC(8)         Total                          Min: 31, Avg: 211.2, Max: 319, Diff: 288, Sum: 1690, Workers: 8
[2025-06-17T22:40:22.196+0300][8864][19604][debug][gc,phases] GC(8)       JNI Weak                       Min:  0.0, Avg:  0.0, Max:  0.0, Diff:  0.0, Sum:  0.0, Workers: 8
[2025-06-17T22:40:22.196+0300][8864][19604][debug][gc,phases] GC(8)         Dead                           Min: 0, Avg:  0.0, Max: 0, Diff: 0, Sum: 0, Workers: 8
[2025-06-17T22:40:22.196+0300][8864][19604][debug][gc,phases] GC(8)         Total                          Min: 0, Avg:  0.0, Max: 0, Diff: 0, Sum: 0, Workers: 8
[2025-06-17T22:40:22.196+0300][8864][19604][debug][gc,phases] GC(8)       StringDedup Table Weak         Min:  0.0, Avg:  0.0, Max:  0.0, Diff:  0.0, Sum:  0.0, Workers: 8
[2025-06-17T22:40:22.196+0300][8864][19604][debug][gc,phases] GC(8)         Dead                           Min: 0, Avg:  0.0, Max: 0, Diff: 0, Sum: 0, Workers: 8
[2025-06-17T22:40:22.196+0300][8864][19604][debug][gc,phases] GC(8)         Total                          Min: 0, Avg:  0.0, Max: 0, Diff: 0, Sum: 0, Workers: 8
[2025-06-17T22:40:22.196+0300][8864][19604][debug][gc,phases] GC(8)       StringDedup Requests0 Weak     Min:  0.0, Avg:  0.0, Max:  0.0, Diff:  0.0, Sum:  0.0, Workers: 8
[2025-06-17T22:40:22.196+0300][8864][19604][debug][gc,phases] GC(8)         Dead                           Min: 0, Avg:  0.0, Max: 0, Diff: 0, Sum: 0, Workers: 8
[2025-06-17T22:40:22.196+0300][8864][19604][debug][gc,phases] GC(8)         Total                          Min: 0, Avg:  0.0, Max: 0, Diff: 0, Sum: 0, Workers: 8
[2025-06-17T22:40:22.196+0300][8864][19604][debug][gc,phases] GC(8)       StringDedup Requests1 Weak     Min:  0.0, Avg:  0.0, Max:  0.0, Diff:  0.0, Sum:  0.0, Workers: 8
[2025-06-17T22:40:22.196+0300][8864][19604][debug][gc,phases] GC(8)         Dead                           Min: 0, Avg:  0.0, Max: 0, Diff: 0, Sum: 0, Workers: 8
[2025-06-17T22:40:22.196+0300][8864][19604][debug][gc,phases] GC(8)         Total                          Min: 0, Avg:  0.0, Max: 0, Diff: 0, Sum: 0, Workers: 8
[2025-06-17T22:40:22.196+0300][8864][19604][debug][gc,phases] GC(8)       Weak JFR Old Object Samples    Min:  0.0, Avg:  0.0, Max:  0.0, Diff:  0.0, Sum:  0.0, Workers: 8
[2025-06-17T22:40:22.196+0300][8864][19604][debug][gc,phases] GC(8)         Dead                           Min: 0, Avg:  0.0, Max: 0, Diff: 0, Sum: 0, Workers: 8
[2025-06-17T22:40:22.196+0300][8864][19604][debug][gc,phases] GC(8)         Total                          Min: 0, Avg:  0.0, Max: 0, Diff: 0, Sum: 0, Workers: 8
[2025-06-17T22:40:22.196+0300][8864][19604][debug][gc,phases] GC(8)     Post Evacuate Cleanup 1: 0.4ms
[2025-06-17T22:40:22.196+0300][8864][19604][debug][gc,phases] GC(8)       Merge Per-Thread State (ms):   Min:  0.1, Avg:  0.1, Max:  0.1, Diff:  0.0, Sum:  0.1, Workers: 1
[2025-06-17T22:40:22.196+0300][8864][19604][debug][gc,phases] GC(8)         Copied Bytes                   Min: 553928, Avg: 802853.0, Max: 1527352, Diff: 973424, Sum: 6422824, Workers: 8
[2025-06-17T22:40:22.196+0300][8864][19604][debug][gc,phases] GC(8)         LAB Waste                      Min: 112, Avg: 2302.0, Max: 10024, Diff: 9912, Sum: 18416, Workers: 8
[2025-06-17T22:40:22.196+0300][8864][19604][debug][gc,phases] GC(8)         LAB Undo Waste                 Min: 0, Avg:  0.0, Max: 0, Diff: 0, Sum: 0, Workers: 8
[2025-06-17T22:40:22.196+0300][8864][19604][debug][gc,phases] GC(8)       Clear Logged Cards (ms):       Min:  0.0, Avg:  0.1, Max:  0.2, Diff:  0.2, Sum:  0.5, Workers: 5
[2025-06-17T22:40:22.196+0300][8864][19604][debug][gc,phases] GC(8)       Recalculate Used Memory (ms):  Min:  0.0, Avg:  0.0, Max:  0.0, Diff:  0.0, Sum:  0.0, Workers: 1
[2025-06-17T22:40:22.196+0300][8864][19604][debug][gc,phases] GC(8)     Post Evacuate Cleanup 2: 0.4ms
[2025-06-17T22:40:22.196+0300][8864][19604][debug][gc,phases] GC(8)       Update Derived Pointers (ms):  Min:  0.0, Avg:  0.0, Max:  0.0, Diff:  0.0, Sum:  0.0, Workers: 1
[2025-06-17T22:40:22.196+0300][8864][19604][debug][gc,phases] GC(8)       Eagerly Reclaim Humongous Objects (ms): skipped
[2025-06-17T22:40:22.196+0300][8864][19604][debug][gc,phases] GC(8)         Humongous Total                skipped
[2025-06-17T22:40:22.196+0300][8864][19604][debug][gc,phases] GC(8)         Humongous Candidates           skipped
[2025-06-17T22:40:22.196+0300][8864][19604][debug][gc,phases] GC(8)         Humongous Reclaimed            skipped
[2025-06-17T22:40:22.196+0300][8864][19604][debug][gc,phases] GC(8)       Redirty Logged Cards (ms):     Min:  0.0, Avg:  0.0, Max:  0.0, Diff:  0.0, Sum:  0.0, Workers: 8
[2025-06-17T22:40:22.196+0300][8864][19604][debug][gc,phases] GC(8)         Redirtied Cards:               Min: 0, Avg: 129.0, Max: 591, Diff: 591, Sum: 1032, Workers: 8
[2025-06-17T22:40:22.196+0300][8864][19604][debug][gc,phases] GC(8)       Resize TLABs (ms):             Min:  0.0, Avg:  0.0, Max:  0.0, Diff:  0.0, Sum:  0.0, Workers: 8
[2025-06-17T22:40:22.196+0300][8864][19604][debug][gc,phases] GC(8)       Free Collection Set (ms):      Min:  0.2, Avg:  0.2, Max:  0.3, Diff:  0.1, Sum:  1.6, Workers: 8
[2025-06-17T22:40:22.196+0300][8864][19604][debug][gc,phases] GC(8)     Rebuild Free List: 0.2ms
[2025-06-17T22:40:22.196+0300][8864][19604][debug][gc,phases] GC(8)     Prepare For Mutator: 0.0ms
[2025-06-17T22:40:22.196+0300][8864][19604][debug][gc,phases] GC(8)     Expand Heap After Collection: 0.0ms
[2025-06-17T22:40:22.196+0300][8864][19604][info ][gc,phases] GC(8)   Other: 0.2ms
[2025-06-17T22:40:22.196+0300][8864][19604][info ][gc,heap  ] GC(8) Eden regions: 1220->0(1221)
[2025-06-17T22:40:22.196+0300][8864][19604][info ][gc,heap  ] GC(8) Survivor regions: 8->7(154)
[2025-06-17T22:40:22.196+0300][8864][19604][info ][gc,heap  ] GC(8) Old regions: 14->14
[2025-06-17T22:40:22.196+0300][8864][19604][info ][gc,heap  ] GC(8) Humongous regions: 0->0
[2025-06-17T22:40:22.196+0300][8864][19604][debug][gc,heap  ] GC(8) Heap after GC invocations=9 (full 1):
[2025-06-17T22:40:22.196+0300][8864][19604][debug][gc,heap  ] GC(8)  garbage-first heap   total 2097152K, used 16361K [0x0000000080000000, 0x0000000100000000)
[2025-06-17T22:40:22.196+0300][8864][19604][debug][gc,heap  ] GC(8)   region size 1024K, 7 young (7168K), 7 survivors (7168K)
[2025-06-17T22:40:22.196+0300][8864][19604][debug][gc,heap  ] GC(8)  Metaspace       used 34499K, committed 35456K, reserved 1114112K
[2025-06-17T22:40:22.196+0300][8864][19604][debug][gc,heap  ] GC(8)   class space    used 2941K, committed 3328K, reserved 1048576K
[2025-06-17T22:40:22.196+0300][8864][19604][info ][gc       ] GC(8) Pause Young (Normal) (G1 Evacuation Pause) 1236M->15M(2048M) 8.928ms
[2025-06-17T22:40:22.196+0300][8864][19604][info ][safepoint] Safepoint "G1CollectForAllocation", Time since last: 1362982700 ns, Reaching safepoint: 92500 ns, Cleanup: 8100 ns, At safepoint: 8969600 ns, Total: 9070200 ns
[2025-06-17T22:40:27.219+0300][8864][19604][debug][safepoint] Safepoint synchronization initiated using striped semaphore wait barrier. (32 threads)
[2025-06-17T22:40:27.219+0300][8864][6236 ][debug][safepoint] ... found polling page loop exception at pc = 0x0000017c8807f210, stub =0x0000017c87586600
[2025-06-17T22:40:27.219+0300][8864][19604][info ][safepoint] Safepoint "Cleanup", Time since last: 5019480900 ns, Reaching safepoint: 306300 ns, Cleanup: 28400 ns, At safepoint: 36900 ns, Total: 371600 ns
[2025-06-17T22:40:28.235+0300][8864][19604][debug][safepoint] Safepoint synchronization initiated using striped semaphore wait barrier. (32 threads)
[2025-06-17T22:40:28.235+0300][8864][19604][info ][safepoint] Safepoint "Cleanup", Time since last: 1015507200 ns, Reaching safepoint: 196200 ns, Cleanup: 32300 ns, At safepoint: 16900 ns, Total: 245400 ns
[2025-06-17T22:40:29.246+0300][8864][19604][debug][safepoint] Safepoint synchronization initiated using striped semaphore wait barrier. (32 threads)
[2025-06-17T22:40:29.246+0300][8864][19604][info ][safepoint] Safepoint "Cleanup", Time since last: 1011670300 ns, Reaching safepoint: 159700 ns, Cleanup: 30600 ns, At safepoint: 13500 ns, Total: 203800 ns
[2025-06-17T22:40:30.357+0300][8864][22436][debug][safepoint] ... found polling page loop exception at pc = 0x0000017c87f9e7ff, stub =0x0000017c87586600
[2025-06-17T22:40:32.386+0300][8864][19604][debug][safepoint] Safepoint synchronization initiated using striped semaphore wait barrier. (32 threads)
[2025-06-17T22:40:32.386+0300][8864][19784][debug][safepoint] ... found polling page loop exception at pc = 0x0000017c87f9e537, stub =0x0000017c87586600
[2025-06-17T22:40:32.386+0300][8864][22436][debug][safepoint] ... found polling page loop exception at pc = 0x0000017c881d7726, stub =0x0000017c87586600
[2025-06-17T22:40:32.386+0300][8864][19604][info ][safepoint] Safepoint "Cleanup", Time since last: 3139762100 ns, Reaching safepoint: 384200 ns, Cleanup: 56700 ns, At safepoint: 23600 ns, Total: 464500 ns
[2025-06-17T22:40:40.439+0300][8864][19604][debug][safepoint] Safepoint synchronization initiated using striped semaphore wait barrier. (32 threads)
[2025-06-17T22:40:40.439+0300][8864][19604][info ][safepoint] Safepoint "Cleanup", Time since last: 8051832500 ns, Reaching safepoint: 136200 ns, Cleanup: 37700 ns, At safepoint: 46900 ns, Total: 220800 ns
[2025-06-17T22:40:42.456+0300][8864][19604][debug][safepoint] Safepoint synchronization initiated using striped semaphore wait barrier. (32 threads)
[2025-06-17T22:40:42.456+0300][8864][19604][info ][safepoint] Safepoint "Cleanup", Time since last: 2017572900 ns, Reaching safepoint: 153500 ns, Cleanup: 38100 ns, At safepoint: 28100 ns, Total: 219700 ns
[2025-06-17T22:40:47.506+0300][8864][19604][debug][safepoint] Safepoint synchronization initiated using striped semaphore wait barrier. (32 threads)
[2025-06-17T22:40:47.506+0300][8864][19604][info ][safepoint] Safepoint "Cleanup", Time since last: 5049244800 ns, Reaching safepoint: 154200 ns, Cleanup: 31700 ns, At safepoint: 8500 ns, Total: 194400 ns
[2025-06-17T22:40:51.550+0300][8864][19604][debug][safepoint] Safepoint synchronization initiated using striped semaphore wait barrier. (32 threads)
[2025-06-17T22:40:51.550+0300][8864][5988 ][debug][safepoint] ... found polling page loop exception at pc = 0x0000017c881d7726, stub =0x0000017c87586600
[2025-06-17T22:40:51.550+0300][8864][19604][info ][safepoint] Safepoint "Cleanup", Time since last: 4044333000 ns, Reaching safepoint: 280900 ns, Cleanup: 35900 ns, At safepoint: 21000 ns, Total: 337800 ns
[2025-06-17T22:40:53.563+0300][8864][19604][debug][safepoint] Safepoint synchronization initiated using striped semaphore wait barrier. (32 threads)
[2025-06-17T22:40:53.563+0300][8864][19604][info ][safepoint] Safepoint "Cleanup", Time since last: 2012495400 ns, Reaching safepoint: 97600 ns, Cleanup: 15200 ns, At safepoint: 19600 ns, Total: 132400 ns
[2025-06-17T22:40:59.619+0300][8864][19604][debug][safepoint] Safepoint synchronization initiated using striped semaphore wait barrier. (32 threads)
[2025-06-17T22:40:59.620+0300][8864][19604][info ][safepoint] Safepoint "Cleanup", Time since last: 6056046600 ns, Reaching safepoint: 170800 ns, Cleanup: 37400 ns, At safepoint: 26500 ns, Total: 234700 ns
[2025-06-17T22:41:04.658+0300][8864][19604][debug][safepoint] Safepoint synchronization initiated using striped semaphore wait barrier. (32 threads)
[2025-06-17T22:41:04.659+0300][8864][19604][info ][safepoint] Safepoint "Cleanup", Time since last: 5038905000 ns, Reaching safepoint: 156900 ns, Cleanup: 32800 ns, At safepoint: 25100 ns, Total: 214800 ns
[2025-06-17T22:41:04.724+0300][8864][19604][debug][safepoint] Safepoint synchronization initiated using striped semaphore wait barrier. (32 threads)
[2025-06-17T22:41:04.724+0300][8864][19604][debug][gc,heap  ] GC(9) Heap before GC invocations=9 (full 1):
[2025-06-17T22:41:04.724+0300][8864][19604][debug][gc,heap  ] GC(9)  garbage-first heap   total 2097152K, used 1266665K [0x0000000080000000, 0x0000000100000000)
[2025-06-17T22:41:04.724+0300][8864][19604][debug][gc,heap  ] GC(9)   region size 1024K, 1228 young (1257472K), 7 survivors (7168K)
[2025-06-17T22:41:04.724+0300][8864][19604][debug][gc,heap  ] GC(9)  Metaspace       used 34542K, committed 35456K, reserved 1114112K
[2025-06-17T22:41:04.724+0300][8864][19604][debug][gc,heap  ] GC(9)   class space    used 2942K, committed 3328K, reserved 1048576K
[2025-06-17T22:41:04.730+0300][8864][19604][info ][gc,phases] GC(9)   Pre Evacuate Collection Set: 0.6ms
[2025-06-17T22:41:04.730+0300][8864][19604][debug][gc,phases] GC(9)     Pre Evacuate Prepare: 0.2ms
[2025-06-17T22:41:04.730+0300][8864][19604][debug][gc,phases] GC(9)       JT Retire TLABs And Flush Logs (ms): Min:  0.0, Avg:  0.0, Max:  0.0, Diff:  0.0, Sum:  0.0, Workers: 2
[2025-06-17T22:41:04.730+0300][8864][19604][debug][gc,phases] GC(9)       Non-JT Flush Logs (ms):        Min:  0.0, Avg:  0.0, Max:  0.0, Diff:  0.0, Sum:  0.0, Workers: 1
[2025-06-17T22:41:04.730+0300][8864][19604][debug][gc,phases] GC(9)     Choose Collection Set: 0.0ms
[2025-06-17T22:41:04.730+0300][8864][19604][debug][gc,phases] GC(9)     Region Register: 0.4ms
[2025-06-17T22:41:04.730+0300][8864][19604][debug][gc,phases] GC(9)     Prepare Heap Roots: 0.0ms
[2025-06-17T22:41:04.730+0300][8864][19604][info ][gc,phases] GC(9)   Merge Heap Roots: 0.4ms
[2025-06-17T22:41:04.730+0300][8864][19604][debug][gc,phases] GC(9)     Prepare Merge Heap Roots: 0.0ms
[2025-06-17T22:41:04.730+0300][8864][19604][debug][gc,phases] GC(9)     Remembered Sets (ms):          Min:  0.1, Avg:  0.1, Max:  0.2, Diff:  0.1, Sum:  1.0, Workers: 8
[2025-06-17T22:41:04.730+0300][8864][19604][debug][gc,phases] GC(9)       Eager Reclaim (ms):            skipped
[2025-06-17T22:41:04.730+0300][8864][19604][debug][gc,phases] GC(9)       Merged Inline                  Min: 0, Avg:  0.0, Max: 0, Diff: 0, Sum: 0, Workers: 8
[2025-06-17T22:41:04.730+0300][8864][19604][debug][gc,phases] GC(9)       Merged ArrayOfCards            Min: 0, Avg:  0.0, Max: 0, Diff: 0, Sum: 0, Workers: 8
[2025-06-17T22:41:04.730+0300][8864][19604][debug][gc,phases] GC(9)       Merged Howl                    Min: 0, Avg:  0.0, Max: 0, Diff: 0, Sum: 0, Workers: 8
[2025-06-17T22:41:04.730+0300][8864][19604][debug][gc,phases] GC(9)       Merged Full                    Min: 0, Avg:  0.0, Max: 0, Diff: 0, Sum: 0, Workers: 8
[2025-06-17T22:41:04.730+0300][8864][19604][debug][gc,phases] GC(9)       Merged Howl Inline             Min: 0, Avg:  0.0, Max: 0, Diff: 0, Sum: 0, Workers: 8
[2025-06-17T22:41:04.730+0300][8864][19604][debug][gc,phases] GC(9)       Merged Howl ArrayOfCards       Min: 0, Avg:  0.0, Max: 0, Diff: 0, Sum: 0, Workers: 8
[2025-06-17T22:41:04.730+0300][8864][19604][debug][gc,phases] GC(9)       Merged Howl BitMap             Min: 0, Avg:  0.0, Max: 0, Diff: 0, Sum: 0, Workers: 8
[2025-06-17T22:41:04.730+0300][8864][19604][debug][gc,phases] GC(9)       Merged Howl Full               Min: 0, Avg:  0.0, Max: 0, Diff: 0, Sum: 0, Workers: 8
[2025-06-17T22:41:04.730+0300][8864][19604][debug][gc,phases] GC(9)       Merged Cards                   Min: 8, Avg:  8.0, Max: 8, Diff: 0, Sum: 64, Workers: 8
[2025-06-17T22:41:04.730+0300][8864][19604][debug][gc,phases] GC(9)     Log Buffers (ms):              Min:  0.0, Avg:  0.0, Max:  0.0, Diff:  0.0, Sum:  0.1, Workers: 8
[2025-06-17T22:41:04.730+0300][8864][19604][debug][gc,phases] GC(9)       Dirty Cards:                   Min: 0, Avg: 137.5, Max: 591, Diff: 591, Sum: 1100, Workers: 8
[2025-06-17T22:41:04.730+0300][8864][19604][debug][gc,phases] GC(9)       Skipped Cards:                 Min: 0, Avg:  0.0, Max: 0, Diff: 0, Sum: 0, Workers: 8
[2025-06-17T22:41:04.730+0300][8864][19604][info ][gc,phases] GC(9)   Evacuate Collection Set: 4.0ms
[2025-06-17T22:41:04.730+0300][8864][19604][debug][gc,phases] GC(9)     Ext Root Scanning (ms):        Min:  0.1, Avg:  0.3, Max:  0.8, Diff:  0.7, Sum:  2.2, Workers: 8
[2025-06-17T22:41:04.730+0300][8864][19604][debug][gc,phases] GC(9)     Scan Heap Roots (ms):          Min:  0.0, Avg:  0.2, Max:  0.4, Diff:  0.4, Sum:  1.8, Workers: 8
[2025-06-17T22:41:04.730+0300][8864][19604][debug][gc,phases] GC(9)       Scanned Cards:                 Min: 0, Avg: 135.5, Max: 259, Diff: 259, Sum: 1084, Workers: 8
[2025-06-17T22:41:04.730+0300][8864][19604][debug][gc,phases] GC(9)       Scanned Blocks:                Min: 0, Avg: 73.8, Max: 154, Diff: 154, Sum: 590, Workers: 8
[2025-06-17T22:41:04.730+0300][8864][19604][debug][gc,phases] GC(9)       Claimed Chunks:                Min: 0, Avg: 27.9, Max: 54, Diff: 54, Sum: 223, Workers: 8
[2025-06-17T22:41:04.730+0300][8864][19604][debug][gc,phases] GC(9)       Found Roots:                   Min: 0, Avg: 718.0, Max: 2938, Diff: 2938, Sum: 5744, Workers: 8
[2025-06-17T22:41:04.730+0300][8864][19604][debug][gc,phases] GC(9)     Code Root Scan (ms):           Min:  0.1, Avg:  1.4, Max:  1.8, Diff:  1.7, Sum: 10.9, Workers: 8
[2025-06-17T22:41:04.730+0300][8864][19604][debug][gc,phases] GC(9)       Scanned Nmethods               Min: 0, Avg: 264.1, Max: 364, Diff: 364, Sum: 2113, Workers: 8
[2025-06-17T22:41:04.730+0300][8864][19604][debug][gc,phases] GC(9)     Object Copy (ms):              Min:  1.3, Avg:  1.9, Max:  2.8, Diff:  1.5, Sum: 14.9, Workers: 8
[2025-06-17T22:41:04.730+0300][8864][19604][debug][gc,phases] GC(9)     Termination (ms):              Min:  0.0, Avg:  0.1, Max:  0.1, Diff:  0.0, Sum:  0.4, Workers: 8
[2025-06-17T22:41:04.730+0300][8864][19604][debug][gc,phases] GC(9)       Termination Attempts:          Min: 1, Avg:  1.0, Max: 1, Diff: 0, Sum: 8, Workers: 8
[2025-06-17T22:41:04.730+0300][8864][19604][debug][gc,phases] GC(9)     GC Worker Other (ms):          Min:  0.1, Avg:  0.1, Max:  0.2, Diff:  0.1, Sum:  1.1, Workers: 8
[2025-06-17T22:41:04.730+0300][8864][19604][debug][gc,phases] GC(9)     GC Worker Total (ms):          Min:  3.9, Avg:  3.9, Max:  4.0, Diff:  0.1, Sum: 31.3, Workers: 8
[2025-06-17T22:41:04.730+0300][8864][19604][info ][gc,phases] GC(9)   Post Evacuate Collection Set: 1.2ms
[2025-06-17T22:41:04.730+0300][8864][19604][debug][gc,phases] GC(9)     NMethod List Cleanup: 0.1ms
[2025-06-17T22:41:04.730+0300][8864][19604][debug][gc,phases] GC(9)     Reference Processing: 0.1ms
[2025-06-17T22:41:04.730+0300][8864][19604][debug][gc,phases] GC(9)     Weak Processing: 0.1ms
[2025-06-17T22:41:04.730+0300][8864][19604][debug][gc,phases] GC(9)       VM Weak                        Min:  0.0, Avg:  0.0, Max:  0.0, Diff:  0.0, Sum:  0.0, Workers: 8
[2025-06-17T22:41:04.730+0300][8864][19604][debug][gc,phases] GC(9)         Dead                           Min: 0, Avg:  0.0, Max: 0, Diff: 0, Sum: 0, Workers: 8
[2025-06-17T22:41:04.730+0300][8864][19604][debug][gc,phases] GC(9)         Total                          Min: 0, Avg: 69.0, Max: 320, Diff: 320, Sum: 552, Workers: 8
[2025-06-17T22:41:04.730+0300][8864][19604][debug][gc,phases] GC(9)       ObjectSynchronizer Weak        Min:  0.0, Avg:  0.0, Max:  0.0, Diff:  0.0, Sum:  0.0, Workers: 8
[2025-06-17T22:41:04.730+0300][8864][19604][debug][gc,phases] GC(9)         Dead                           Min: 0, Avg:  0.0, Max: 0, Diff: 0, Sum: 0, Workers: 8
[2025-06-17T22:41:04.730+0300][8864][19604][debug][gc,phases] GC(9)         Total                          Min: 0, Avg:  6.8, Max: 54, Diff: 54, Sum: 54, Workers: 8
[2025-06-17T22:41:04.730+0300][8864][19604][debug][gc,phases] GC(9)       JVMTI Tag Weak OopStorage      Min:  0.0, Avg:  0.0, Max:  0.0, Diff:  0.0, Sum:  0.0, Workers: 8
[2025-06-17T22:41:04.730+0300][8864][19604][debug][gc,phases] GC(9)         Dead                           Min: 0, Avg:  0.0, Max: 0, Diff: 0, Sum: 0, Workers: 8
[2025-06-17T22:41:04.730+0300][8864][19604][debug][gc,phases] GC(9)         Total                          Min: 0, Avg:  0.0, Max: 0, Diff: 0, Sum: 0, Workers: 8
[2025-06-17T22:41:04.730+0300][8864][19604][debug][gc,phases] GC(9)       StringTable Weak               Min:  0.0, Avg:  0.1, Max:  0.1, Diff:  0.1, Sum:  0.5, Workers: 8
[2025-06-17T22:41:04.730+0300][8864][19604][debug][gc,phases] GC(9)         Dead                           Min: 0, Avg:  0.0, Max: 0, Diff: 0, Sum: 0, Workers: 8
[2025-06-17T22:41:04.730+0300][8864][19604][debug][gc,phases] GC(9)         Total                          Min: 768, Avg: 3460.5, Max: 7424, Diff: 6656, Sum: 27684, Workers: 8
[2025-06-17T22:41:04.730+0300][8864][19604][debug][gc,phases] GC(9)       ResolvedMethodTable Weak       Min:  0.0, Avg:  0.0, Max:  0.0, Diff:  0.0, Sum:  0.0, Workers: 8
[2025-06-17T22:41:04.730+0300][8864][19604][debug][gc,phases] GC(9)         Dead                           Min: 0, Avg:  0.0, Max: 0, Diff: 0, Sum: 0, Workers: 8
[2025-06-17T22:41:04.730+0300][8864][19604][debug][gc,phases] GC(9)         Total                          Min: 64, Avg: 211.2, Max: 320, Diff: 256, Sum: 1690, Workers: 8
[2025-06-17T22:41:04.730+0300][8864][19604][debug][gc,phases] GC(9)       JNI Weak                       Min:  0.0, Avg:  0.0, Max:  0.0, Diff:  0.0, Sum:  0.0, Workers: 8
[2025-06-17T22:41:04.730+0300][8864][19604][debug][gc,phases] GC(9)         Dead                           Min: 0, Avg:  0.0, Max: 0, Diff: 0, Sum: 0, Workers: 8
[2025-06-17T22:41:04.730+0300][8864][19604][debug][gc,phases] GC(9)         Total                          Min: 0, Avg:  0.0, Max: 0, Diff: 0, Sum: 0, Workers: 8
[2025-06-17T22:41:04.730+0300][8864][19604][debug][gc,phases] GC(9)       StringDedup Table Weak         Min:  0.0, Avg:  0.0, Max:  0.0, Diff:  0.0, Sum:  0.0, Workers: 8
[2025-06-17T22:41:04.730+0300][8864][19604][debug][gc,phases] GC(9)         Dead                           Min: 0, Avg:  0.0, Max: 0, Diff: 0, Sum: 0, Workers: 8
[2025-06-17T22:41:04.730+0300][8864][19604][debug][gc,phases] GC(9)         Total                          Min: 0, Avg:  0.0, Max: 0, Diff: 0, Sum: 0, Workers: 8
[2025-06-17T22:41:04.730+0300][8864][19604][debug][gc,phases] GC(9)       StringDedup Requests0 Weak     Min:  0.0, Avg:  0.0, Max:  0.0, Diff:  0.0, Sum:  0.0, Workers: 8
[2025-06-17T22:41:04.730+0300][8864][19604][debug][gc,phases] GC(9)         Dead                           Min: 0, Avg:  0.0, Max: 0, Diff: 0, Sum: 0, Workers: 8
[2025-06-17T22:41:04.730+0300][8864][19604][debug][gc,phases] GC(9)         Total                          Min: 0, Avg:  0.0, Max: 0, Diff: 0, Sum: 0, Workers: 8
[2025-06-17T22:41:04.730+0300][8864][19604][debug][gc,phases] GC(9)       StringDedup Requests1 Weak     Min:  0.0, Avg:  0.0, Max:  0.0, Diff:  0.0, Sum:  0.0, Workers: 8
[2025-06-17T22:41:04.730+0300][8864][19604][debug][gc,phases] GC(9)         Dead                           Min: 0, Avg:  0.0, Max: 0, Diff: 0, Sum: 0, Workers: 8
[2025-06-17T22:41:04.730+0300][8864][19604][debug][gc,phases] GC(9)         Total                          Min: 0, Avg:  0.0, Max: 0, Diff: 0, Sum: 0, Workers: 8
[2025-06-17T22:41:04.730+0300][8864][19604][debug][gc,phases] GC(9)       Weak JFR Old Object Samples    Min:  0.0, Avg:  0.0, Max:  0.0, Diff:  0.0, Sum:  0.0, Workers: 8
[2025-06-17T22:41:04.730+0300][8864][19604][debug][gc,phases] GC(9)         Dead                           Min: 0, Avg:  0.0, Max: 0, Diff: 0, Sum: 0, Workers: 8
[2025-06-17T22:41:04.730+0300][8864][19604][debug][gc,phases] GC(9)         Total                          Min: 0, Avg:  0.0, Max: 0, Diff: 0, Sum: 0, Workers: 8
[2025-06-17T22:41:04.730+0300][8864][19604][debug][gc,phases] GC(9)     Post Evacuate Cleanup 1: 0.3ms
[2025-06-17T22:41:04.730+0300][8864][19604][debug][gc,phases] GC(9)       Merge Per-Thread State (ms):   Min:  0.1, Avg:  0.1, Max:  0.1, Diff:  0.0, Sum:  0.1, Workers: 1
[2025-06-17T22:41:04.730+0300][8864][19604][debug][gc,phases] GC(9)         Copied Bytes                   Min: 447992, Avg: 802269.0, Max: 1279504, Diff: 831512, Sum: 6418152, Workers: 8
[2025-06-17T22:41:04.730+0300][8864][19604][debug][gc,phases] GC(9)         LAB Waste                      Min: 104, Avg: 4841.0, Max: 29264, Diff: 29160, Sum: 38728, Workers: 8
[2025-06-17T22:41:04.730+0300][8864][19604][debug][gc,phases] GC(9)         LAB Undo Waste                 Min: 0, Avg:  0.0, Max: 0, Diff: 0, Sum: 0, Workers: 8
[2025-06-17T22:41:04.730+0300][8864][19604][debug][gc,phases] GC(9)       Clear Logged Cards (ms):       Min:  0.0, Avg:  0.1, Max:  0.2, Diff:  0.1, Sum:  0.3, Workers: 5
[2025-06-17T22:41:04.730+0300][8864][19604][debug][gc,phases] GC(9)       Recalculate Used Memory (ms):  Min:  0.0, Avg:  0.0, Max:  0.0, Diff:  0.0, Sum:  0.0, Workers: 1
[2025-06-17T22:41:04.730+0300][8864][19604][debug][gc,phases] GC(9)     Post Evacuate Cleanup 2: 0.4ms
[2025-06-17T22:41:04.730+0300][8864][19604][debug][gc,phases] GC(9)       Update Derived Pointers (ms):  Min:  0.0, Avg:  0.0, Max:  0.0, Diff:  0.0, Sum:  0.0, Workers: 1
[2025-06-17T22:41:04.730+0300][8864][19604][debug][gc,phases] GC(9)       Eagerly Reclaim Humongous Objects (ms): skipped
[2025-06-17T22:41:04.730+0300][8864][19604][debug][gc,phases] GC(9)         Humongous Total                skipped
[2025-06-17T22:41:04.730+0300][8864][19604][debug][gc,phases] GC(9)         Humongous Candidates           skipped
[2025-06-17T22:41:04.730+0300][8864][19604][debug][gc,phases] GC(9)         Humongous Reclaimed            skipped
[2025-06-17T22:41:04.730+0300][8864][19604][debug][gc,phases] GC(9)       Redirty Logged Cards (ms):     Min:  0.0, Avg:  0.0, Max:  0.0, Diff:  0.0, Sum:  0.0, Workers: 8
[2025-06-17T22:41:04.730+0300][8864][19604][debug][gc,phases] GC(9)         Redirtied Cards:               Min: 0, Avg: 127.9, Max: 549, Diff: 549, Sum: 1023, Workers: 8
[2025-06-17T22:41:04.730+0300][8864][19604][debug][gc,phases] GC(9)       Resize TLABs (ms):             Min:  0.0, Avg:  0.0, Max:  0.0, Diff:  0.0, Sum:  0.0, Workers: 8
[2025-06-17T22:41:04.730+0300][8864][19604][debug][gc,phases] GC(9)       Free Collection Set (ms):      Min:  0.2, Avg:  0.2, Max:  0.3, Diff:  0.1, Sum:  1.8, Workers: 8
[2025-06-17T22:41:04.730+0300][8864][19604][debug][gc,phases] GC(9)     Rebuild Free List: 0.1ms
[2025-06-17T22:41:04.730+0300][8864][19604][debug][gc,phases] GC(9)     Prepare For Mutator: 0.0ms
[2025-06-17T22:41:04.730+0300][8864][19604][debug][gc,phases] GC(9)     Expand Heap After Collection: 0.0ms
[2025-06-17T22:41:04.730+0300][8864][19604][info ][gc,phases] GC(9)   Other: 0.2ms
[2025-06-17T22:41:04.730+0300][8864][19604][info ][gc,heap  ] GC(9) Eden regions: 1221->0(1221)
[2025-06-17T22:41:04.730+0300][8864][19604][info ][gc,heap  ] GC(9) Survivor regions: 7->7(154)
[2025-06-17T22:41:04.730+0300][8864][19604][info ][gc,heap  ] GC(9) Old regions: 14->14
[2025-06-17T22:41:04.730+0300][8864][19604][info ][gc,heap  ] GC(9) Humongous regions: 0->0
[2025-06-17T22:41:04.730+0300][8864][19604][debug][gc,heap  ] GC(9) Heap after GC invocations=10 (full 1):
[2025-06-17T22:41:04.730+0300][8864][19604][debug][gc,heap  ] GC(9)  garbage-first heap   total 2097152K, used 16471K [0x0000000080000000, 0x0000000100000000)
[2025-06-17T22:41:04.730+0300][8864][19604][debug][gc,heap  ] GC(9)   region size 1024K, 7 young (7168K), 7 survivors (7168K)
[2025-06-17T22:41:04.730+0300][8864][19604][debug][gc,heap  ] GC(9)  Metaspace       used 34542K, committed 35456K, reserved 1114112K
[2025-06-17T22:41:04.730+0300][8864][19604][debug][gc,heap  ] GC(9)   class space    used 2942K, committed 3328K, reserved 1048576K
[2025-06-17T22:41:04.730+0300][8864][19604][info ][gc       ] GC(9) Pause Young (Normal) (G1 Evacuation Pause) 1236M->16M(2048M) 7.527ms
[2025-06-17T22:41:04.730+0300][8864][19604][info ][safepoint] Safepoint "G1CollectForAllocation", Time since last: 66042200 ns, Reaching safepoint: 85900 ns, Cleanup: 17600 ns, At safepoint: 7562100 ns, Total: 7665600 ns
[2025-06-17T22:41:17.848+0300][8864][19604][debug][safepoint] Safepoint synchronization initiated using striped semaphore wait barrier. (32 threads)
[2025-06-17T22:41:17.848+0300][8864][19604][info ][safepoint] Safepoint "Cleanup", Time since last: 13115301200 ns, Reaching safepoint: 154900 ns, Cleanup: 30600 ns, At safepoint: 20100 ns, Total: 205600 ns
[2025-06-17T22:41:18.860+0300][8864][19604][debug][safepoint] Safepoint synchronization initiated using striped semaphore wait barrier. (32 threads)
[2025-06-17T22:41:18.860+0300][8864][21268][debug][safepoint] ... found polling page loop exception at pc = 0x0000017c87f9eb7a, stub =0x0000017c87586600
[2025-06-17T22:41:18.860+0300][8864][19604][info ][safepoint] Safepoint "Cleanup", Time since last: 1012036900 ns, Reaching safepoint: 310300 ns, Cleanup: 11800 ns, At safepoint: 12100 ns, Total: 334200 ns
[2025-06-17T22:41:26.934+0300][8864][19604][debug][safepoint] Safepoint synchronization initiated using striped semaphore wait barrier. (32 threads)
[2025-06-17T22:41:26.934+0300][8864][19604][info ][safepoint] Safepoint "Cleanup", Time since last: 8073472600 ns, Reaching safepoint: 118900 ns, Cleanup: 45400 ns, At safepoint: 35600 ns, Total: 199900 ns
[2025-06-17T22:41:27.947+0300][8864][19604][debug][safepoint] Safepoint synchronization initiated using striped semaphore wait barrier. (32 threads)
[2025-06-17T22:41:27.947+0300][8864][22436][debug][safepoint] ... found polling page loop exception at pc = 0x0000017c8809f0e4, stub =0x0000017c87586600
[2025-06-17T22:41:27.947+0300][8864][19604][info ][safepoint] Safepoint "Cleanup", Time since last: 1013179200 ns, Reaching safepoint: 308200 ns, Cleanup: 34200 ns, At safepoint: 23900 ns, Total: 366300 ns
[2025-06-17T22:41:40.517+0300][8864][19604][debug][safepoint] Safepoint synchronization initiated using striped semaphore wait barrier. (32 threads)
[2025-06-17T22:41:40.517+0300][8864][19604][info ][safepoint] Safepoint "Cleanup", Time since last: 12569267900 ns, Reaching safepoint: 144000 ns, Cleanup: 38400 ns, At safepoint: 14900 ns, Total: 197300 ns
[2025-06-17T22:41:44.533+0300][8864][19604][debug][safepoint] Safepoint synchronization initiated using striped semaphore wait barrier. (29 threads)
[2025-06-17T22:41:44.533+0300][8864][19604][info ][safepoint] Safepoint "Cleanup", Time since last: 4016023600 ns, Reaching safepoint: 198500 ns, Cleanup: 30000 ns, At safepoint: 56400 ns, Total: 284900 ns
[2025-06-17T22:41:44.840+0300][8864][19604][debug][safepoint] Safepoint synchronization initiated using striped semaphore wait barrier. (25 threads)
[2025-06-17T22:41:44.840+0300][8864][19604][debug][gc,heap  ] GC(10) Heap before GC invocations=10 (full 1):
[2025-06-17T22:41:44.840+0300][8864][19604][debug][gc,heap  ] GC(10)  garbage-first heap   total 2097152K, used 1187927K [0x0000000080000000, 0x0000000100000000)
[2025-06-17T22:41:44.840+0300][8864][19604][debug][gc,heap  ] GC(10)   region size 1024K, 1152 young (1179648K), 7 survivors (7168K)
[2025-06-17T22:41:44.840+0300][8864][19604][debug][gc,heap  ] GC(10)  Metaspace       used 34659K, committed 35584K, reserved 1114112K
[2025-06-17T22:41:44.840+0300][8864][19604][debug][gc,heap  ] GC(10)   class space    used 2950K, committed 3328K, reserved 1048576K
[2025-06-17T22:41:44.847+0300][8864][19604][debug][gc,phases] GC(10) Phase 1: Reference Processing 0.437ms
[2025-06-17T22:41:44.847+0300][8864][19604][debug][gc,phases] GC(10)   VM Weak                        Min:  0.0, Avg:  0.0, Max:  0.0, Diff:  0.0, Sum:  0.0, Workers: 8
[2025-06-17T22:41:44.847+0300][8864][19604][debug][gc,phases] GC(10)     Dead                           Min: 0, Avg: 26.5, Max: 129, Diff: 129, Sum: 212, Workers: 8
[2025-06-17T22:41:44.847+0300][8864][19604][debug][gc,phases] GC(10)     Total                          Min: 0, Avg: 69.2, Max: 426, Diff: 426, Sum: 554, Workers: 8
[2025-06-17T22:41:44.847+0300][8864][19604][debug][gc,phases] GC(10)   ObjectSynchronizer Weak        Min:  0.0, Avg:  0.0, Max:  0.0, Diff:  0.0, Sum:  0.0, Workers: 8
[2025-06-17T22:41:44.847+0300][8864][19604][debug][gc,phases] GC(10)     Dead                           Min: 0, Avg:  3.0, Max: 24, Diff: 24, Sum: 24, Workers: 8
[2025-06-17T22:41:44.847+0300][8864][19604][debug][gc,phases] GC(10)     Total                          Min: 0, Avg:  5.0, Max: 40, Diff: 40, Sum: 40, Workers: 8
[2025-06-17T22:41:44.847+0300][8864][19604][debug][gc,phases] GC(10)   JVMTI Tag Weak OopStorage      Min:  0.0, Avg:  0.0, Max:  0.0, Diff:  0.0, Sum:  0.0, Workers: 8
[2025-06-17T22:41:44.847+0300][8864][19604][debug][gc,phases] GC(10)     Dead                           Min: 0, Avg:  0.0, Max: 0, Diff: 0, Sum: 0, Workers: 8
[2025-06-17T22:41:44.847+0300][8864][19604][debug][gc,phases] GC(10)     Total                          Min: 0, Avg:  0.0, Max: 0, Diff: 0, Sum: 0, Workers: 8
[2025-06-17T22:41:44.847+0300][8864][19604][debug][gc,phases] GC(10)   StringTable Weak               Min:  0.0, Avg:  0.0, Max:  0.1, Diff:  0.0, Sum:  0.3, Workers: 8
[2025-06-17T22:41:44.847+0300][8864][19604][debug][gc,phases] GC(10)     Dead                           Min: 8, Avg: 169.8, Max: 428, Diff: 420, Sum: 1358, Workers: 8
[2025-06-17T22:41:44.847+0300][8864][19604][debug][gc,phases] GC(10)     Total                          Min: 2368, Avg: 3476.2, Max: 6336, Diff: 3968, Sum: 27810, Workers: 8
[2025-06-17T22:41:44.847+0300][8864][19604][debug][gc,phases] GC(10)   ResolvedMethodTable Weak       Min:  0.0, Avg:  0.0, Max:  0.0, Diff:  0.0, Sum:  0.0, Workers: 8
[2025-06-17T22:41:44.847+0300][8864][19604][debug][gc,phases] GC(10)     Dead                           Min: 1, Avg: 13.8, Max: 25, Diff: 24, Sum: 110, Workers: 8
[2025-06-17T22:41:44.847+0300][8864][19604][debug][gc,phases] GC(10)     Total                          Min: 128, Avg: 212.2, Max: 320, Diff: 192, Sum: 1698, Workers: 8
[2025-06-17T22:41:44.847+0300][8864][19604][debug][gc,phases] GC(10)   JNI Weak                       Min:  0.0, Avg:  0.0, Max:  0.0, Diff:  0.0, Sum:  0.0, Workers: 8
[2025-06-17T22:41:44.847+0300][8864][19604][debug][gc,phases] GC(10)     Dead                           Min: 0, Avg:  0.0, Max: 0, Diff: 0, Sum: 0, Workers: 8
[2025-06-17T22:41:44.847+0300][8864][19604][debug][gc,phases] GC(10)     Total                          Min: 0, Avg:  0.1, Max: 1, Diff: 1, Sum: 1, Workers: 8
[2025-06-17T22:41:44.847+0300][8864][19604][debug][gc,phases] GC(10)   StringDedup Table Weak         Min:  0.0, Avg:  0.0, Max:  0.0, Diff:  0.0, Sum:  0.0, Workers: 8
[2025-06-17T22:41:44.847+0300][8864][19604][debug][gc,phases] GC(10)     Dead                           Min: 0, Avg:  0.0, Max: 0, Diff: 0, Sum: 0, Workers: 8
[2025-06-17T22:41:44.847+0300][8864][19604][debug][gc,phases] GC(10)     Total                          Min: 0, Avg:  0.0, Max: 0, Diff: 0, Sum: 0, Workers: 8
[2025-06-17T22:41:44.847+0300][8864][19604][debug][gc,phases] GC(10)   StringDedup Requests0 Weak     Min:  0.0, Avg:  0.0, Max:  0.0, Diff:  0.0, Sum:  0.0, Workers: 8
[2025-06-17T22:41:44.847+0300][8864][19604][debug][gc,phases] GC(10)     Dead                           Min: 0, Avg:  0.0, Max: 0, Diff: 0, Sum: 0, Workers: 8
[2025-06-17T22:41:44.847+0300][8864][19604][debug][gc,phases] GC(10)     Total                          Min: 0, Avg:  0.0, Max: 0, Diff: 0, Sum: 0, Workers: 8
[2025-06-17T22:41:44.847+0300][8864][19604][debug][gc,phases] GC(10)   StringDedup Requests1 Weak     Min:  0.0, Avg:  0.0, Max:  0.0, Diff:  0.0, Sum:  0.0, Workers: 8
[2025-06-17T22:41:44.847+0300][8864][19604][debug][gc,phases] GC(10)     Dead                           Min: 0, Avg:  0.0, Max: 0, Diff: 0, Sum: 0, Workers: 8
[2025-06-17T22:41:44.847+0300][8864][19604][debug][gc,phases] GC(10)     Total                          Min: 0, Avg:  0.0, Max: 0, Diff: 0, Sum: 0, Workers: 8
[2025-06-17T22:41:44.847+0300][8864][19604][debug][gc,phases] GC(10)   Weak JFR Old Object Samples    Min:  0.0, Avg:  0.0, Max:  0.0, Diff:  0.0, Sum:  0.0, Workers: 8
[2025-06-17T22:41:44.847+0300][8864][19604][debug][gc,phases] GC(10)     Dead                           Min: 0, Avg:  0.0, Max: 0, Diff: 0, Sum: 0, Workers: 8
[2025-06-17T22:41:44.847+0300][8864][19604][debug][gc,phases] GC(10)     Total                          Min: 0, Avg:  0.0, Max: 0, Diff: 0, Sum: 0, Workers: 8
[2025-06-17T22:41:44.847+0300][8864][19604][debug][gc,phases] GC(10) Phase 1: Weak Processing 0.408ms
[2025-06-17T22:41:44.847+0300][8864][19604][debug][gc,phases] GC(10) ClassLoaderData 0.340ms
[2025-06-17T22:41:44.847+0300][8864][19604][debug][gc,phases] GC(10) Trigger cleanups 0.005ms
[2025-06-17T22:41:44.856+0300][8864][19604][debug][gc,phases] GC(10) G1 Complete Cleaning 12.420ms
[2025-06-17T22:41:44.856+0300][8864][19604][debug][gc,phases] GC(10) Purge Unlinked NMethods 0.391ms
[2025-06-17T22:41:44.856+0300][8864][19604][debug][gc,phases] GC(10) Unregister NMethods 0.392ms
[2025-06-17T22:41:44.856+0300][8864][19604][debug][gc,phases] GC(10) Free Code Blobs 0.113ms
[2025-06-17T22:41:44.856+0300][8864][19604][debug][gc,phases] GC(10) Purge Class Loader Data 0.698ms
[2025-06-17T22:41:44.856+0300][8864][19604][debug][gc,phases] GC(10) Phase 1: Class Unloading and Cleanup 14.534ms
[2025-06-17T22:41:44.856+0300][8864][19604][debug][gc,phases] GC(10) Report Object Count 0.001ms
[2025-06-17T22:41:44.856+0300][8864][19604][info ][gc,phases] GC(10) Phase 1: Mark live objects 18.609ms
[2025-06-17T22:41:44.856+0300][8864][19604][debug][gc,phases] GC(10) Phase 2: Determine work lists 0.070ms
[2025-06-17T22:41:44.856+0300][8864][19604][debug][gc,phases] GC(10) Phase 2: Prepare parallel compaction 1.376ms
[2025-06-17T22:41:44.856+0300][8864][19604][info ][gc,phases] GC(10) Phase 2: Prepare compaction 1.489ms
[2025-06-17T22:41:44.872+0300][8864][19604][info ][gc,phases] GC(10) Phase 3: Adjust pointers 8.497ms
[2025-06-17T22:41:44.872+0300][8864][19604][info ][gc,phases] GC(10) Phase 4: Compact heap 1.528ms
[2025-06-17T22:41:44.872+0300][8864][19604][info ][gc,phases] GC(10) Phase 5: Reset Metadata 1.615ms
[2025-06-17T22:41:44.878+0300][8864][19604][info ][gc,heap  ] GC(10) Eden regions: 1145->0(1228)
[2025-06-17T22:41:44.878+0300][8864][19604][info ][gc,heap  ] GC(10) Survivor regions: 7->0(154)
[2025-06-17T22:41:44.878+0300][8864][19604][info ][gc,heap  ] GC(10) Old regions: 14->19
[2025-06-17T22:41:44.878+0300][8864][19604][info ][gc,heap  ] GC(10) Humongous regions: 0->0
[2025-06-17T22:41:44.878+0300][8864][19604][debug][gc,heap  ] GC(10) Heap after GC invocations=11 (full 2):
[2025-06-17T22:41:44.878+0300][8864][19604][debug][gc,heap  ] GC(10)  garbage-first heap   total 2097152K, used 14211K [0x0000000080000000, 0x0000000100000000)
[2025-06-17T22:41:44.878+0300][8864][19604][debug][gc,heap  ] GC(10)   region size 1024K, 0 young (0K), 0 survivors (0K)
[2025-06-17T22:41:44.878+0300][8864][19604][debug][gc,heap  ] GC(10)  Metaspace       used 33213K, committed 35456K, reserved 1114112K
[2025-06-17T22:41:44.878+0300][8864][19604][debug][gc,heap  ] GC(10)   class space    used 2784K, committed 3328K, reserved 1048576K
[2025-06-17T22:41:44.878+0300][8864][19604][info ][gc       ] GC(10) Pause Full (System.gc()) 1160M->13M(2048M) 40.579ms
[2025-06-17T22:41:44.878+0300][8864][19604][info ][safepoint] Safepoint "G1CollectFull", Time since last: 310515900 ns, Reaching safepoint: 64600 ns, Cleanup: 29700 ns, At safepoint: 40670700 ns, Total: 40765000 ns
[2025-06-17T22:41:45.886+0300][8864][19604][debug][safepoint] Safepoint synchronization initiated using striped semaphore wait barrier. (34 threads)
[2025-06-17T22:41:45.886+0300][8864][3864 ][debug][safepoint] ... found polling page loop exception at pc = 0x0000017c87f9e537, stub =0x0000017c87586600
[2025-06-17T22:41:45.886+0300][8864][19604][info ][safepoint] Safepoint "Cleanup", Time since last: 1001593300 ns, Reaching safepoint: 143800 ns, Cleanup: 88900 ns, At safepoint: 9000 ns, Total: 241700 ns
[2025-06-17T22:41:46.891+0300][8864][19604][debug][safepoint] Safepoint synchronization initiated using striped semaphore wait barrier. (32 threads)
[2025-06-17T22:41:46.891+0300][8864][19300][debug][safepoint] ... found polling page loop exception at pc = 0x0000017c87f9eb7a, stub =0x0000017c87586600
[2025-06-17T22:41:46.891+0300][8864][19604][info ][safepoint] Safepoint "Cleanup", Time since last: 1004920500 ns, Reaching safepoint: 194000 ns, Cleanup: 42300 ns, At safepoint: 17900 ns, Total: 254200 ns
[2025-06-17T22:41:48.899+0300][8864][19604][debug][safepoint] Safepoint synchronization initiated using striped semaphore wait barrier. (32 threads)
[2025-06-17T22:41:48.899+0300][8864][19604][info ][safepoint] Safepoint "Cleanup", Time since last: 2007436800 ns, Reaching safepoint: 83300 ns, Cleanup: 48600 ns, At safepoint: 6200 ns, Total: 138100 ns
[2025-06-17T22:41:49.914+0300][8864][19604][debug][safepoint] Safepoint synchronization initiated using striped semaphore wait barrier. (32 threads)
[2025-06-17T22:41:49.914+0300][8864][4744 ][debug][safepoint] ... found polling page loop exception at pc = 0x0000017c87f9e537, stub =0x0000017c87586600
[2025-06-17T22:41:49.914+0300][8864][19604][info ][safepoint] Safepoint "Cleanup", Time since last: 1014862100 ns, Reaching safepoint: 144100 ns, Cleanup: 10200 ns, At safepoint: 9000 ns, Total: 163300 ns
[2025-06-17T22:41:50.921+0300][8864][19604][debug][safepoint] Safepoint synchronization initiated using striped semaphore wait barrier. (32 threads)
[2025-06-17T22:41:50.921+0300][8864][19604][info ][safepoint] Safepoint "Cleanup", Time since last: 1007115300 ns, Reaching safepoint: 167600 ns, Cleanup: 15100 ns, At safepoint: 14000 ns, Total: 196700 ns
[2025-06-17T22:41:51.931+0300][8864][19604][debug][safepoint] Safepoint synchronization initiated using striped semaphore wait barrier. (32 threads)
[2025-06-17T22:41:51.931+0300][8864][19604][info ][safepoint] Safepoint "Cleanup", Time since last: 1009472300 ns, Reaching safepoint: 149900 ns, Cleanup: 20800 ns, At safepoint: 32200 ns, Total: 202900 ns
[2025-06-17T22:41:52.943+0300][8864][19604][debug][safepoint] Safepoint synchronization initiated using striped semaphore wait barrier. (32 threads)
[2025-06-17T22:41:52.943+0300][8864][19604][info ][safepoint] Safepoint "Cleanup", Time since last: 1011984400 ns, Reaching safepoint: 154500 ns, Cleanup: 39900 ns, At safepoint: 17400 ns, Total: 211800 ns
[2025-06-17T22:41:54.968+0300][8864][19604][debug][safepoint] Safepoint synchronization initiated using striped semaphore wait barrier. (32 threads)
[2025-06-17T22:41:54.968+0300][8864][19604][info ][safepoint] Safepoint "Cleanup", Time since last: 2024839600 ns, Reaching safepoint: 197500 ns, Cleanup: 31200 ns, At safepoint: 26900 ns, Total: 255600 ns
[2025-06-17T22:41:55.976+0300][8864][19604][debug][safepoint] Safepoint synchronization initiated using striped semaphore wait barrier. (32 threads)
[2025-06-17T22:41:55.976+0300][8864][19604][info ][safepoint] Safepoint "Cleanup", Time since last: 1007352900 ns, Reaching safepoint: 126400 ns, Cleanup: 21300 ns, At safepoint: 12900 ns, Total: 160600 ns
[2025-06-17T22:41:57.997+0300][8864][19604][debug][safepoint] Safepoint synchronization initiated using striped semaphore wait barrier. (32 threads)
[2025-06-17T22:41:57.997+0300][8864][19604][info ][safepoint] Safepoint "Cleanup", Time since last: 2021339200 ns, Reaching safepoint: 90200 ns, Cleanup: 29400 ns, At safepoint: 20400 ns, Total: 140000 ns
[2025-06-17T22:42:01.006+0300][8864][19604][debug][safepoint] Safepoint synchronization initiated using striped semaphore wait barrier. (32 threads)
[2025-06-17T22:42:01.007+0300][8864][19604][info ][safepoint] Safepoint "Cleanup", Time since last: 3008852300 ns, Reaching safepoint: 203000 ns, Cleanup: 32900 ns, At safepoint: 34900 ns, Total: 270800 ns
[2025-06-17T22:42:04.028+0300][8864][19604][debug][safepoint] Safepoint synchronization initiated using striped semaphore wait barrier. (32 threads)
[2025-06-17T22:42:04.028+0300][8864][19604][info ][safepoint] Safepoint "Cleanup", Time since last: 3021108300 ns, Reaching safepoint: 108700 ns, Cleanup: 32300 ns, At safepoint: 38400 ns, Total: 179400 ns
[2025-06-17T22:42:05.038+0300][8864][19604][debug][safepoint] Safepoint synchronization initiated using striped semaphore wait barrier. (32 threads)
[2025-06-17T22:42:05.038+0300][8864][20084][debug][safepoint] ... found polling page loop exception at pc = 0x0000017c8856e878, stub =0x0000017c87586600
[2025-06-17T22:42:05.038+0300][8864][19604][info ][safepoint] Safepoint "Cleanup", Time since last: 1010409300 ns, Reaching safepoint: 299700 ns, Cleanup: 31600 ns, At safepoint: 8400 ns, Total: 339700 ns
[2025-06-17T22:42:06.050+0300][8864][19604][debug][safepoint] Safepoint synchronization initiated using striped semaphore wait barrier. (32 threads)
[2025-06-17T22:42:06.051+0300][8864][19604][info ][safepoint] Safepoint "Cleanup", Time since last: 1011742600 ns, Reaching safepoint: 109900 ns, Cleanup: 23800 ns, At safepoint: 5200 ns, Total: 138900 ns
[2025-06-17T22:42:07.060+0300][8864][19604][debug][safepoint] Safepoint synchronization initiated using striped semaphore wait barrier. (32 threads)
[2025-06-17T22:42:07.060+0300][8864][19604][info ][safepoint] Safepoint "Cleanup", Time since last: 1010003600 ns, Reaching safepoint: 137000 ns, Cleanup: 30900 ns, At safepoint: 19300 ns, Total: 187200 ns
[2025-06-17T22:42:08.073+0300][8864][19604][debug][safepoint] Safepoint synchronization initiated using striped semaphore wait barrier. (32 threads)
[2025-06-17T22:42:08.073+0300][8864][19604][info ][safepoint] Safepoint "Cleanup", Time since last: 1012791800 ns, Reaching safepoint: 137600 ns, Cleanup: 16600 ns, At safepoint: 13000 ns, Total: 167200 ns
[2025-06-17T22:42:10.089+0300][8864][19604][debug][safepoint] Safepoint synchronization initiated using striped semaphore wait barrier. (32 threads)
[2025-06-17T22:42:10.089+0300][8864][19604][info ][safepoint] Safepoint "Cleanup", Time since last: 2015821800 ns, Reaching safepoint: 149800 ns, Cleanup: 36200 ns, At safepoint: 17100 ns, Total: 203100 ns
[2025-06-17T22:42:12.109+0300][8864][19604][debug][safepoint] Safepoint synchronization initiated using striped semaphore wait barrier. (32 threads)
[2025-06-17T22:42:12.109+0300][8864][19604][info ][safepoint] Safepoint "Cleanup", Time since last: 2019409400 ns, Reaching safepoint: 102700 ns, Cleanup: 17300 ns, At safepoint: 9500 ns, Total: 129500 ns
[2025-06-17T22:42:26.343+0300][8864][19604][debug][safepoint] Safepoint synchronization initiated using striped semaphore wait barrier. (32 threads)
[2025-06-17T22:42:26.344+0300][8864][18728][debug][safepoint] ... found polling page loop exception at pc = 0x0000017c8833b170, stub =0x0000017c87585d80
[2025-06-17T22:42:26.344+0300][8864][19604][debug][gc,heap  ] GC(11) Heap before GC invocations=11 (full 2):
[2025-06-17T22:42:26.344+0300][8864][19604][debug][gc,heap  ] GC(11)  garbage-first heap   total 2097152K, used 1270659K [0x0000000080000000, 0x0000000100000000)
[2025-06-17T22:42:26.344+0300][8864][19604][debug][gc,heap  ] GC(11)   region size 1024K, 1228 young (1257472K), 0 survivors (0K)
[2025-06-17T22:42:26.344+0300][8864][19604][debug][gc,heap  ] GC(11)  Metaspace       used 34404K, committed 35520K, reserved 1114112K
[2025-06-17T22:42:26.344+0300][8864][19604][debug][gc,heap  ] GC(11)   class space    used 2863K, committed 3328K, reserved 1048576K
[2025-06-17T22:42:26.347+0300][8864][19604][info ][gc,phases] GC(11)   Pre Evacuate Collection Set: 0.7ms
[2025-06-17T22:42:26.347+0300][8864][19604][debug][gc,phases] GC(11)     Pre Evacuate Prepare: 0.3ms
[2025-06-17T22:42:26.347+0300][8864][19604][debug][gc,phases] GC(11)       JT Retire TLABs And Flush Logs (ms): Min:  0.0, Avg:  0.0, Max:  0.0, Diff:  0.0, Sum:  0.0, Workers: 2
[2025-06-17T22:42:26.347+0300][8864][19604][debug][gc,phases] GC(11)       Non-JT Flush Logs (ms):        Min:  0.0, Avg:  0.0, Max:  0.0, Diff:  0.0, Sum:  0.0, Workers: 1
[2025-06-17T22:42:26.347+0300][8864][19604][debug][gc,phases] GC(11)     Choose Collection Set: 0.0ms
[2025-06-17T22:42:26.347+0300][8864][19604][debug][gc,phases] GC(11)     Region Register: 0.4ms
[2025-06-17T22:42:26.347+0300][8864][19604][debug][gc,phases] GC(11)     Prepare Heap Roots: 0.0ms
[2025-06-17T22:42:26.347+0300][8864][19604][info ][gc,phases] GC(11)   Merge Heap Roots: 0.5ms
[2025-06-17T22:42:26.347+0300][8864][19604][debug][gc,phases] GC(11)     Prepare Merge Heap Roots: 0.0ms
[2025-06-17T22:42:26.347+0300][8864][19604][debug][gc,phases] GC(11)     Remembered Sets (ms):          Min:  0.2, Avg:  0.2, Max:  0.3, Diff:  0.1, Sum:  1.8, Workers: 8
[2025-06-17T22:42:26.347+0300][8864][19604][debug][gc,phases] GC(11)       Eager Reclaim (ms):            skipped
[2025-06-17T22:42:26.347+0300][8864][19604][debug][gc,phases] GC(11)       Merged Inline                  Min: 0, Avg:  0.0, Max: 0, Diff: 0, Sum: 0, Workers: 8
[2025-06-17T22:42:26.347+0300][8864][19604][debug][gc,phases] GC(11)       Merged ArrayOfCards            Min: 0, Avg:  0.0, Max: 0, Diff: 0, Sum: 0, Workers: 8
[2025-06-17T22:42:26.347+0300][8864][19604][debug][gc,phases] GC(11)       Merged Howl                    Min: 0, Avg:  0.0, Max: 0, Diff: 0, Sum: 0, Workers: 8
[2025-06-17T22:42:26.347+0300][8864][19604][debug][gc,phases] GC(11)       Merged Full                    Min: 0, Avg:  0.0, Max: 0, Diff: 0, Sum: 0, Workers: 8
[2025-06-17T22:42:26.347+0300][8864][19604][debug][gc,phases] GC(11)       Merged Howl Inline             Min: 0, Avg:  0.0, Max: 0, Diff: 0, Sum: 0, Workers: 8
[2025-06-17T22:42:26.347+0300][8864][19604][debug][gc,phases] GC(11)       Merged Howl ArrayOfCards       Min: 0, Avg:  0.0, Max: 0, Diff: 0, Sum: 0, Workers: 8
[2025-06-17T22:42:26.347+0300][8864][19604][debug][gc,phases] GC(11)       Merged Howl BitMap             Min: 0, Avg:  0.0, Max: 0, Diff: 0, Sum: 0, Workers: 8
[2025-06-17T22:42:26.347+0300][8864][19604][debug][gc,phases] GC(11)       Merged Howl Full               Min: 0, Avg:  0.0, Max: 0, Diff: 0, Sum: 0, Workers: 8
[2025-06-17T22:42:26.347+0300][8864][19604][debug][gc,phases] GC(11)       Merged Cards                   Min: 8, Avg:  8.0, Max: 8, Diff: 0, Sum: 64, Workers: 8
[2025-06-17T22:42:26.347+0300][8864][19604][debug][gc,phases] GC(11)     Log Buffers (ms):              Min:  0.0, Avg:  0.0, Max:  0.0, Diff:  0.0, Sum:  0.1, Workers: 8
[2025-06-17T22:42:26.347+0300][8864][19604][debug][gc,phases] GC(11)       Dirty Cards:                   Min: 0, Avg: 70.4, Max: 321, Diff: 321, Sum: 563, Workers: 8
[2025-06-17T22:42:26.347+0300][8864][19604][debug][gc,phases] GC(11)       Skipped Cards:                 Min: 0, Avg:  0.0, Max: 0, Diff: 0, Sum: 0, Workers: 8
[2025-06-17T22:42:26.347+0300][8864][19604][info ][gc,phases] GC(11)   Evacuate Collection Set: 2.5ms
[2025-06-17T22:42:26.347+0300][8864][19604][debug][gc,phases] GC(11)     Ext Root Scanning (ms):        Min:  0.1, Avg:  0.2, Max:  0.6, Diff:  0.5, Sum:  1.9, Workers: 8
[2025-06-17T22:42:26.347+0300][8864][19604][debug][gc,phases] GC(11)     Scan Heap Roots (ms):          Min:  0.0, Avg:  0.2, Max:  0.3, Diff:  0.3, Sum:  1.5, Workers: 8
[2025-06-17T22:42:26.347+0300][8864][19604][debug][gc,phases] GC(11)       Scanned Cards:                 Min: 0, Avg: 70.4, Max: 131, Diff: 131, Sum: 563, Workers: 8
[2025-06-17T22:42:26.347+0300][8864][19604][debug][gc,phases] GC(11)       Scanned Blocks:                Min: 0, Avg: 34.5, Max: 66, Diff: 66, Sum: 276, Workers: 8
[2025-06-17T22:42:26.347+0300][8864][19604][debug][gc,phases] GC(11)       Claimed Chunks:                Min: 0, Avg: 22.0, Max: 37, Diff: 37, Sum: 176, Workers: 8
[2025-06-17T22:42:26.347+0300][8864][19604][debug][gc,phases] GC(11)       Found Roots:                   Min: 0, Avg: 246.8, Max: 910, Diff: 910, Sum: 1974, Workers: 8
[2025-06-17T22:42:26.347+0300][8864][19604][debug][gc,phases] GC(11)     Code Root Scan (ms):           Min:  0.2, Avg:  0.6, Max:  0.9, Diff:  0.7, Sum:  4.9, Workers: 8
[2025-06-17T22:42:26.347+0300][8864][19604][debug][gc,phases] GC(11)       Scanned Nmethods               Min: 0, Avg: 85.2, Max: 152, Diff: 152, Sum: 682, Workers: 8
[2025-06-17T22:42:26.347+0300][8864][19604][debug][gc,phases] GC(11)     Object Copy (ms):              Min:  0.6, Avg:  0.9, Max:  1.4, Diff:  0.8, Sum:  6.9, Workers: 8
[2025-06-17T22:42:26.347+0300][8864][19604][debug][gc,phases] GC(11)     Termination (ms):              Min:  0.1, Avg:  0.2, Max:  0.2, Diff:  0.2, Sum:  1.4, Workers: 8
[2025-06-17T22:42:26.347+0300][8864][19604][debug][gc,phases] GC(11)       Termination Attempts:          Min: 1, Avg:  1.0, Max: 1, Diff: 0, Sum: 8, Workers: 8
[2025-06-17T22:42:26.347+0300][8864][19604][debug][gc,phases] GC(11)     GC Worker Other (ms):          Min:  0.2, Avg:  0.2, Max:  0.3, Diff:  0.1, Sum:  1.9, Workers: 8
[2025-06-17T22:42:26.347+0300][8864][19604][debug][gc,phases] GC(11)     GC Worker Total (ms):          Min:  2.3, Avg:  2.3, Max:  2.3, Diff:  0.1, Sum: 18.4, Workers: 8
[2025-06-17T22:42:26.347+0300][8864][19604][info ][gc,phases] GC(11)   Post Evacuate Collection Set: 1.6ms
[2025-06-17T22:42:26.347+0300][8864][19604][debug][gc,phases] GC(11)     NMethod List Cleanup: 0.1ms
[2025-06-17T22:42:26.347+0300][8864][19604][debug][gc,phases] GC(11)     Reference Processing: 0.1ms
[2025-06-17T22:42:26.347+0300][8864][19604][debug][gc,phases] GC(11)     Weak Processing: 0.4ms
[2025-06-17T22:42:26.347+0300][8864][19604][debug][gc,phases] GC(11)       VM Weak                        Min:  0.0, Avg:  0.0, Max:  0.0, Diff:  0.0, Sum:  0.0, Workers: 8
[2025-06-17T22:42:26.347+0300][8864][19604][debug][gc,phases] GC(11)         Dead                           Min: 0, Avg:  0.0, Max: 0, Diff: 0, Sum: 0, Workers: 8
[2025-06-17T22:42:26.347+0300][8864][19604][debug][gc,phases] GC(11)         Total                          Min: 0, Avg: 49.2, Max: 337, Diff: 337, Sum: 394, Workers: 8
[2025-06-17T22:42:26.347+0300][8864][19604][debug][gc,phases] GC(11)       ObjectSynchronizer Weak        Min:  0.0, Avg:  0.0, Max:  0.0, Diff:  0.0, Sum:  0.0, Workers: 8
[2025-06-17T22:42:26.347+0300][8864][19604][debug][gc,phases] GC(11)         Dead                           Min: 0, Avg:  2.9, Max: 16, Diff: 16, Sum: 23, Workers: 8
[2025-06-17T22:42:26.347+0300][8864][19604][debug][gc,phases] GC(11)         Total                          Min: 0, Avg: 26.9, Max: 128, Diff: 128, Sum: 215, Workers: 8
[2025-06-17T22:42:26.347+0300][8864][19604][debug][gc,phases] GC(11)       JVMTI Tag Weak OopStorage      Min:  0.0, Avg:  0.0, Max:  0.0, Diff:  0.0, Sum:  0.0, Workers: 8
[2025-06-17T22:42:26.347+0300][8864][19604][debug][gc,phases] GC(11)         Dead                           Min: 0, Avg:  0.0, Max: 0, Diff: 0, Sum: 0, Workers: 8
[2025-06-17T22:42:26.347+0300][8864][19604][debug][gc,phases] GC(11)         Total                          Min: 0, Avg:  0.0, Max: 0, Diff: 0, Sum: 0, Workers: 8
[2025-06-17T22:42:26.347+0300][8864][19604][debug][gc,phases] GC(11)       StringTable Weak               Min:  0.1, Avg:  0.1, Max:  0.3, Diff:  0.2, Sum:  0.9, Workers: 8
[2025-06-17T22:42:26.347+0300][8864][19604][debug][gc,phases] GC(11)         Dead                           Min: 0, Avg: 37.5, Max: 172, Diff: 172, Sum: 300, Workers: 8
[2025-06-17T22:42:26.347+0300][8864][19604][debug][gc,phases] GC(11)         Total                          Min: 1280, Avg: 3500.1, Max: 8064, Diff: 6784, Sum: 28001, Workers: 8
[2025-06-17T22:42:26.347+0300][8864][19604][debug][gc,phases] GC(11)       ResolvedMethodTable Weak       Min:  0.0, Avg:  0.0, Max:  0.0, Diff:  0.0, Sum:  0.1, Workers: 8
[2025-06-17T22:42:26.347+0300][8864][19604][debug][gc,phases] GC(11)         Dead                           Min: 0, Avg:  0.0, Max: 0, Diff: 0, Sum: 0, Workers: 8
[2025-06-17T22:42:26.347+0300][8864][19604][debug][gc,phases] GC(11)         Total                          Min: 0, Avg: 219.2, Max: 447, Diff: 447, Sum: 1754, Workers: 8
[2025-06-17T22:42:26.347+0300][8864][19604][debug][gc,phases] GC(11)       JNI Weak                       Min:  0.0, Avg:  0.0, Max:  0.0, Diff:  0.0, Sum:  0.0, Workers: 8
[2025-06-17T22:42:26.347+0300][8864][19604][debug][gc,phases] GC(11)         Dead                           Min: 0, Avg:  0.0, Max: 0, Diff: 0, Sum: 0, Workers: 8
[2025-06-17T22:42:26.347+0300][8864][19604][debug][gc,phases] GC(11)         Total                          Min: 0, Avg:  0.0, Max: 0, Diff: 0, Sum: 0, Workers: 8
[2025-06-17T22:42:26.347+0300][8864][19604][debug][gc,phases] GC(11)       StringDedup Table Weak         Min:  0.0, Avg:  0.0, Max:  0.0, Diff:  0.0, Sum:  0.0, Workers: 8
[2025-06-17T22:42:26.347+0300][8864][19604][debug][gc,phases] GC(11)         Dead                           Min: 0, Avg:  0.0, Max: 0, Diff: 0, Sum: 0, Workers: 8
[2025-06-17T22:42:26.347+0300][8864][19604][debug][gc,phases] GC(11)         Total                          Min: 0, Avg:  0.0, Max: 0, Diff: 0, Sum: 0, Workers: 8
[2025-06-17T22:42:26.347+0300][8864][19604][debug][gc,phases] GC(11)       StringDedup Requests0 Weak     Min:  0.0, Avg:  0.0, Max:  0.0, Diff:  0.0, Sum:  0.0, Workers: 8
[2025-06-17T22:42:26.347+0300][8864][19604][debug][gc,phases] GC(11)         Dead                           Min: 0, Avg:  0.0, Max: 0, Diff: 0, Sum: 0, Workers: 8
[2025-06-17T22:42:26.347+0300][8864][19604][debug][gc,phases] GC(11)         Total                          Min: 0, Avg:  0.0, Max: 0, Diff: 0, Sum: 0, Workers: 8
[2025-06-17T22:42:26.347+0300][8864][19604][debug][gc,phases] GC(11)       StringDedup Requests1 Weak     Min:  0.0, Avg:  0.0, Max:  0.0, Diff:  0.0, Sum:  0.0, Workers: 8
[2025-06-17T22:42:26.347+0300][8864][19604][debug][gc,phases] GC(11)         Dead                           Min: 0, Avg:  0.0, Max: 0, Diff: 0, Sum: 0, Workers: 8
[2025-06-17T22:42:26.347+0300][8864][19604][debug][gc,phases] GC(11)         Total                          Min: 0, Avg:  0.0, Max: 0, Diff: 0, Sum: 0, Workers: 8
[2025-06-17T22:42:26.347+0300][8864][19604][debug][gc,phases] GC(11)       Weak JFR Old Object Samples    Min:  0.0, Avg:  0.0, Max:  0.0, Diff:  0.0, Sum:  0.0, Workers: 8
[2025-06-17T22:42:26.347+0300][8864][19604][debug][gc,phases] GC(11)         Dead                           Min: 0, Avg:  0.0, Max: 0, Diff: 0, Sum: 0, Workers: 8
[2025-06-17T22:42:26.347+0300][8864][19604][debug][gc,phases] GC(11)         Total                          Min: 0, Avg:  0.0, Max: 0, Diff: 0, Sum: 0, Workers: 8
[2025-06-17T22:42:26.347+0300][8864][19604][debug][gc,phases] GC(11)     Post Evacuate Cleanup 1: 0.4ms
[2025-06-17T22:42:26.347+0300][8864][19604][debug][gc,phases] GC(11)       Merge Per-Thread State (ms):   Min:  0.1, Avg:  0.1, Max:  0.1, Diff:  0.0, Sum:  0.1, Workers: 1
[2025-06-17T22:42:26.347+0300][8864][19604][debug][gc,phases] GC(11)         Copied Bytes                   Min: 73416, Avg: 291691.0, Max: 1110608, Diff: 1037192, Sum: 2333528, Workers: 8
[2025-06-17T22:42:26.347+0300][8864][19604][debug][gc,phases] GC(11)         LAB Waste                      Min: 0, Avg: 174.0, Max: 640, Diff: 640, Sum: 1392, Workers: 8
[2025-06-17T22:42:26.347+0300][8864][19604][debug][gc,phases] GC(11)         LAB Undo Waste                 Min: 0, Avg:  0.0, Max: 0, Diff: 0, Sum: 0, Workers: 8
[2025-06-17T22:42:26.347+0300][8864][19604][debug][gc,phases] GC(11)       Clear Logged Cards (ms):       Min:  0.0, Avg:  0.1, Max:  0.2, Diff:  0.2, Sum:  0.5, Workers: 5
[2025-06-17T22:42:26.347+0300][8864][19604][debug][gc,phases] GC(11)       Recalculate Used Memory (ms):  Min:  0.0, Avg:  0.0, Max:  0.0, Diff:  0.0, Sum:  0.0, Workers: 1
[2025-06-17T22:42:26.347+0300][8864][19604][debug][gc,phases] GC(11)     Post Evacuate Cleanup 2: 0.4ms
[2025-06-17T22:42:26.347+0300][8864][19604][debug][gc,phases] GC(11)       Update Derived Pointers (ms):  Min:  0.0, Avg:  0.0, Max:  0.0, Diff:  0.0, Sum:  0.0, Workers: 1
[2025-06-17T22:42:26.347+0300][8864][19604][debug][gc,phases] GC(11)       Eagerly Reclaim Humongous Objects (ms): skipped
[2025-06-17T22:42:26.347+0300][8864][19604][debug][gc,phases] GC(11)         Humongous Total                skipped
[2025-06-17T22:42:26.347+0300][8864][19604][debug][gc,phases] GC(11)         Humongous Candidates           skipped
[2025-06-17T22:42:26.347+0300][8864][19604][debug][gc,phases] GC(11)         Humongous Reclaimed            skipped
[2025-06-17T22:42:26.347+0300][8864][19604][debug][gc,phases] GC(11)       Redirty Logged Cards (ms):     Min:  0.0, Avg:  0.0, Max:  0.0, Diff:  0.0, Sum:  0.0, Workers: 8
[2025-06-17T22:42:26.347+0300][8864][19604][debug][gc,phases] GC(11)         Redirtied Cards:               Min: 0, Avg: 40.5, Max: 159, Diff: 159, Sum: 324, Workers: 8
[2025-06-17T22:42:26.347+0300][8864][19604][debug][gc,phases] GC(11)       Resize TLABs (ms):             Min:  0.0, Avg:  0.0, Max:  0.0, Diff:  0.0, Sum:  0.0, Workers: 8
[2025-06-17T22:42:26.347+0300][8864][19604][debug][gc,phases] GC(11)       Free Collection Set (ms):      Min:  0.0, Avg:  0.3, Max:  0.4, Diff:  0.3, Sum:  2.2, Workers: 8
[2025-06-17T22:42:26.347+0300][8864][19604][debug][gc,phases] GC(11)     Rebuild Free List: 0.2ms
[2025-06-17T22:42:26.347+0300][8864][19604][debug][gc,phases] GC(11)     Prepare For Mutator: 0.0ms
[2025-06-17T22:42:26.347+0300][8864][19604][debug][gc,phases] GC(11)     Expand Heap After Collection: 0.0ms
[2025-06-17T22:42:26.347+0300][8864][19604][info ][gc,phases] GC(11)   Other: 0.2ms
[2025-06-17T22:42:26.347+0300][8864][19604][info ][gc,heap  ] GC(11) Eden regions: 1228->0(1225)
[2025-06-17T22:42:26.347+0300][8864][19604][info ][gc,heap  ] GC(11) Survivor regions: 0->3(154)
[2025-06-17T22:42:26.347+0300][8864][19604][info ][gc,heap  ] GC(11) Old regions: 19->19
[2025-06-17T22:42:26.347+0300][8864][19604][info ][gc,heap  ] GC(11) Humongous regions: 0->0
[2025-06-17T22:42:26.347+0300][8864][19604][debug][gc,heap  ] GC(11) Heap after GC invocations=12 (full 2):
[2025-06-17T22:42:26.347+0300][8864][19604][debug][gc,heap  ] GC(11)  garbage-first heap   total 2097152K, used 17011K [0x0000000080000000, 0x0000000100000000)
[2025-06-17T22:42:26.347+0300][8864][19604][debug][gc,heap  ] GC(11)   region size 1024K, 3 young (3072K), 3 survivors (3072K)
[2025-06-17T22:42:26.347+0300][8864][19604][debug][gc,heap  ] GC(11)  Metaspace       used 34404K, committed 35520K, reserved 1114112K
[2025-06-17T22:42:26.347+0300][8864][19604][debug][gc,heap  ] GC(11)   class space    used 2863K, committed 3328K, reserved 1048576K
[2025-06-17T22:42:26.347+0300][8864][19604][info ][gc       ] GC(11) Pause Young (Normal) (G1 Evacuation Pause) 1241M->16M(2048M) 7.394ms
[2025-06-17T22:42:26.347+0300][8864][19604][info ][safepoint] Safepoint "G1CollectForAllocation", Time since last: 14234185600 ns, Reaching safepoint: 299900 ns, Cleanup: 24500 ns, At safepoint: 7437600 ns, Total: 7762000 ns
[2025-06-17T22:42:27.352+0300][8864][19604][debug][safepoint] Safepoint synchronization initiated using striped semaphore wait barrier. (32 threads)
[2025-06-17T22:42:27.352+0300][8864][19604][info ][safepoint] Safepoint "Cleanup", Time since last: 1000869800 ns, Reaching safepoint: 122700 ns, Cleanup: 48400 ns, At safepoint: 9200 ns, Total: 180300 ns
[2025-06-17T22:42:28.363+0300][8864][19604][debug][safepoint] Safepoint synchronization initiated using striped semaphore wait barrier. (32 threads)
[2025-06-17T22:42:28.363+0300][8864][19604][info ][safepoint] Safepoint "Cleanup", Time since last: 1011372800 ns, Reaching safepoint: 109300 ns, Cleanup: 17300 ns, At safepoint: 2200 ns, Total: 128800 ns
[2025-06-17T22:42:30.372+0300][8864][19604][debug][safepoint] Safepoint synchronization initiated using striped semaphore wait barrier. (32 threads)
[2025-06-17T22:42:30.372+0300][8864][19604][info ][safepoint] Safepoint "Cleanup", Time since last: 2007895400 ns, Reaching safepoint: 222300 ns, Cleanup: 22800 ns, At safepoint: 47500 ns, Total: 292600 ns
[2025-06-17T22:42:32.695+0300][8864][19604][debug][safepoint] Safepoint synchronization initiated using striped semaphore wait barrier. (32 threads)
[2025-06-17T22:42:32.695+0300][8864][19604][info ][safepoint] Safepoint "Cleanup", Time since last: 2323132300 ns, Reaching safepoint: 150700 ns, Cleanup: 51500 ns, At safepoint: 27800 ns, Total: 230000 ns
[2025-06-17T22:42:34.716+0300][8864][19604][debug][safepoint] Safepoint synchronization initiated using striped semaphore wait barrier. (32 threads)
[2025-06-17T22:42:34.716+0300][8864][19604][info ][safepoint] Safepoint "Cleanup", Time since last: 2020561500 ns, Reaching safepoint: 173400 ns, Cleanup: 38900 ns, At safepoint: 15000 ns, Total: 227300 ns
[2025-06-17T22:42:35.728+0300][8864][19604][debug][safepoint] Safepoint synchronization initiated using striped semaphore wait barrier. (32 threads)
[2025-06-17T22:42:35.729+0300][8864][19604][info ][safepoint] Safepoint "Cleanup", Time since last: 1012214300 ns, Reaching safepoint: 171100 ns, Cleanup: 59700 ns, At safepoint: 14500 ns, Total: 245300 ns
[2025-06-17T22:42:42.799+0300][8864][19604][debug][safepoint] Safepoint synchronization initiated using striped semaphore wait barrier. (32 threads)
[2025-06-17T22:42:42.799+0300][8864][19604][info ][safepoint] Safepoint "Cleanup", Time since last: 7070322000 ns, Reaching safepoint: 173200 ns, Cleanup: 34300 ns, At safepoint: 23500 ns, Total: 231000 ns
[2025-06-17T22:42:45.830+0300][8864][19604][debug][safepoint] Safepoint synchronization initiated using striped semaphore wait barrier. (32 threads)
[2025-06-17T22:42:45.830+0300][8864][19604][info ][safepoint] Safepoint "Cleanup", Time since last: 3030274700 ns, Reaching safepoint: 148300 ns, Cleanup: 19500 ns, At safepoint: 26000 ns, Total: 193800 ns
[2025-06-17T22:42:50.852+0300][8864][19604][debug][safepoint] Safepoint synchronization initiated using striped semaphore wait barrier. (32 threads)
[2025-06-17T22:42:50.853+0300][8864][19604][info ][safepoint] Safepoint "Cleanup", Time since last: 5022813500 ns, Reaching safepoint: 144800 ns, Cleanup: 26300 ns, At safepoint: 14700 ns, Total: 185800 ns
[2025-06-17T22:42:51.854+0300][8864][19604][debug][safepoint] Safepoint synchronization initiated using striped semaphore wait barrier. (32 threads)
[2025-06-17T22:42:51.854+0300][8864][2700 ][debug][safepoint] ... found polling page loop exception at pc = 0x0000017c87cb4ba5, stub =0x0000017c87585d80
[2025-06-17T22:42:51.854+0300][8864][19932][debug][safepoint] ... found polling page loop exception at pc = 0x0000017c87cb4ba5, stub =0x0000017c87585d80
[2025-06-17T22:42:51.854+0300][8864][18728][debug][safepoint] ... found polling page loop exception at pc = 0x0000017c87cb4ba5, stub =0x0000017c87585d80
[2025-06-17T22:42:51.854+0300][8864][16144][debug][safepoint] ... found polling page loop exception at pc = 0x0000017c8807f210, stub =0x0000017c87586600
[2025-06-17T22:42:51.854+0300][8864][19604][info ][safepoint] Safepoint "Cleanup", Time since last: 1001756500 ns, Reaching safepoint: 461300 ns, Cleanup: 25700 ns, At safepoint: 26800 ns, Total: 513800 ns
[2025-06-17T22:42:52.865+0300][8864][19604][debug][safepoint] Safepoint synchronization initiated using striped semaphore wait barrier. (32 threads)
[2025-06-17T22:42:52.865+0300][8864][19604][info ][safepoint] Safepoint "Cleanup", Time since last: 1010214400 ns, Reaching safepoint: 108800 ns, Cleanup: 31000 ns, At safepoint: 32200 ns, Total: 172000 ns
[2025-06-17T22:42:53.876+0300][8864][19604][debug][safepoint] Safepoint synchronization initiated using striped semaphore wait barrier. (32 threads)
[2025-06-17T22:42:53.876+0300][8864][19604][info ][safepoint] Safepoint "Cleanup", Time since last: 1011417100 ns, Reaching safepoint: 144400 ns, Cleanup: 33600 ns, At safepoint: 9500 ns, Total: 187500 ns
[2025-06-17T22:42:54.889+0300][8864][19604][debug][safepoint] Safepoint synchronization initiated using striped semaphore wait barrier. (32 threads)
[2025-06-17T22:42:54.889+0300][8864][19604][info ][safepoint] Safepoint "Cleanup", Time since last: 1012020300 ns, Reaching safepoint: 103900 ns, Cleanup: 14400 ns, At safepoint: 2800 ns, Total: 121100 ns
[2025-06-17T22:42:57.911+0300][8864][19604][debug][safepoint] Safepoint synchronization initiated using striped semaphore wait barrier. (32 threads)
[2025-06-17T22:42:57.911+0300][8864][19604][info ][safepoint] Safepoint "Cleanup", Time since last: 3021543000 ns, Reaching safepoint: 88300 ns, Cleanup: 19600 ns, At safepoint: 2900 ns, Total: 110800 ns
[2025-06-17T22:43:08.883+0300][8864][19604][debug][safepoint] Safepoint synchronization initiated using striped semaphore wait barrier. (32 threads)
[2025-06-17T22:43:08.883+0300][8864][15512][debug][safepoint] ... found polling page loop exception at pc = 0x0000017c88170b61, stub =0x0000017c87585d80
[2025-06-17T22:43:08.883+0300][8864][20084][debug][safepoint] ... found polling page loop exception at pc = 0x0000017c88178779, stub =0x0000017c87585d80
[2025-06-17T22:43:08.883+0300][8864][19604][debug][gc,heap  ] GC(12) Heap before GC invocations=12 (full 2):
[2025-06-17T22:43:08.883+0300][8864][19604][debug][gc,heap  ] GC(12)  garbage-first heap   total 2097152K, used 1270387K [0x0000000080000000, 0x0000000100000000)
[2025-06-17T22:43:08.883+0300][8864][19604][debug][gc,heap  ] GC(12)   region size 1024K, 1228 young (1257472K), 3 survivors (3072K)
[2025-06-17T22:43:08.883+0300][8864][19604][debug][gc,heap  ] GC(12)  Metaspace       used 34407K, committed 35520K, reserved 1114112K
[2025-06-17T22:43:08.883+0300][8864][19604][debug][gc,heap  ] GC(12)   class space    used 2863K, committed 3328K, reserved 1048576K
[2025-06-17T22:43:08.886+0300][8864][19604][info ][gc,phases] GC(12)   Pre Evacuate Collection Set: 0.7ms
[2025-06-17T22:43:08.886+0300][8864][19604][debug][gc,phases] GC(12)     Pre Evacuate Prepare: 0.2ms
[2025-06-17T22:43:08.886+0300][8864][19604][debug][gc,phases] GC(12)       JT Retire TLABs And Flush Logs (ms): Min:  0.0, Avg:  0.0, Max:  0.0, Diff:  0.0, Sum:  0.0, Workers: 2
[2025-06-17T22:43:08.886+0300][8864][19604][debug][gc,phases] GC(12)       Non-JT Flush Logs (ms):        Min:  0.0, Avg:  0.0, Max:  0.0, Diff:  0.0, Sum:  0.0, Workers: 1
[2025-06-17T22:43:08.886+0300][8864][19604][debug][gc,phases] GC(12)     Choose Collection Set: 0.0ms
[2025-06-17T22:43:08.886+0300][8864][19604][debug][gc,phases] GC(12)     Region Register: 0.4ms
[2025-06-17T22:43:08.886+0300][8864][19604][debug][gc,phases] GC(12)     Prepare Heap Roots: 0.0ms
[2025-06-17T22:43:08.886+0300][8864][19604][info ][gc,phases] GC(12)   Merge Heap Roots: 0.5ms
[2025-06-17T22:43:08.886+0300][8864][19604][debug][gc,phases] GC(12)     Prepare Merge Heap Roots: 0.0ms
[2025-06-17T22:43:08.886+0300][8864][19604][debug][gc,phases] GC(12)     Remembered Sets (ms):          Min:  0.2, Avg:  0.2, Max:  0.2, Diff:  0.1, Sum:  1.6, Workers: 8
[2025-06-17T22:43:08.886+0300][8864][19604][debug][gc,phases] GC(12)       Eager Reclaim (ms):            skipped
[2025-06-17T22:43:08.886+0300][8864][19604][debug][gc,phases] GC(12)       Merged Inline                  Min: 0, Avg:  0.0, Max: 0, Diff: 0, Sum: 0, Workers: 8
[2025-06-17T22:43:08.886+0300][8864][19604][debug][gc,phases] GC(12)       Merged ArrayOfCards            Min: 0, Avg:  0.0, Max: 0, Diff: 0, Sum: 0, Workers: 8
[2025-06-17T22:43:08.886+0300][8864][19604][debug][gc,phases] GC(12)       Merged Howl                    Min: 0, Avg:  0.0, Max: 0, Diff: 0, Sum: 0, Workers: 8
[2025-06-17T22:43:08.886+0300][8864][19604][debug][gc,phases] GC(12)       Merged Full                    Min: 0, Avg:  0.0, Max: 0, Diff: 0, Sum: 0, Workers: 8
[2025-06-17T22:43:08.886+0300][8864][19604][debug][gc,phases] GC(12)       Merged Howl Inline             Min: 0, Avg:  0.0, Max: 0, Diff: 0, Sum: 0, Workers: 8
[2025-06-17T22:43:08.886+0300][8864][19604][debug][gc,phases] GC(12)       Merged Howl ArrayOfCards       Min: 0, Avg:  0.0, Max: 0, Diff: 0, Sum: 0, Workers: 8
[2025-06-17T22:43:08.886+0300][8864][19604][debug][gc,phases] GC(12)       Merged Howl BitMap             Min: 0, Avg:  0.0, Max: 0, Diff: 0, Sum: 0, Workers: 8
[2025-06-17T22:43:08.886+0300][8864][19604][debug][gc,phases] GC(12)       Merged Howl Full               Min: 0, Avg:  0.0, Max: 0, Diff: 0, Sum: 0, Workers: 8
[2025-06-17T22:43:08.886+0300][8864][19604][debug][gc,phases] GC(12)       Merged Cards                   Min: 8, Avg:  8.0, Max: 8, Diff: 0, Sum: 64, Workers: 8
[2025-06-17T22:43:08.886+0300][8864][19604][debug][gc,phases] GC(12)     Log Buffers (ms):              Min:  0.0, Avg:  0.0, Max:  0.0, Diff:  0.0, Sum:  0.0, Workers: 8
[2025-06-17T22:43:08.886+0300][8864][19604][debug][gc,phases] GC(12)       Dirty Cards:                   Min: 0, Avg: 60.9, Max: 282, Diff: 282, Sum: 487, Workers: 8
[2025-06-17T22:43:08.886+0300][8864][19604][debug][gc,phases] GC(12)       Skipped Cards:                 Min: 0, Avg:  0.0, Max: 0, Diff: 0, Sum: 0, Workers: 8
[2025-06-17T22:43:08.886+0300][8864][19604][info ][gc,phases] GC(12)   Evacuate Collection Set: 2.1ms
[2025-06-17T22:43:08.886+0300][8864][19604][debug][gc,phases] GC(12)     Ext Root Scanning (ms):        Min:  0.0, Avg:  0.2, Max:  0.3, Diff:  0.3, Sum:  1.8, Workers: 8
[2025-06-17T22:43:08.886+0300][8864][19604][debug][gc,phases] GC(12)     Scan Heap Roots (ms):          Min:  0.0, Avg:  0.1, Max:  0.3, Diff:  0.3, Sum:  1.1, Workers: 8
[2025-06-17T22:43:08.886+0300][8864][19604][debug][gc,phases] GC(12)       Scanned Cards:                 Min: 0, Avg: 60.2, Max: 158, Diff: 158, Sum: 482, Workers: 8
[2025-06-17T22:43:08.886+0300][8864][19604][debug][gc,phases] GC(12)       Scanned Blocks:                Min: 0, Avg: 30.8, Max: 81, Diff: 81, Sum: 246, Workers: 8
[2025-06-17T22:43:08.886+0300][8864][19604][debug][gc,phases] GC(12)       Claimed Chunks:                Min: 0, Avg: 19.0, Max: 50, Diff: 50, Sum: 152, Workers: 8
[2025-06-17T22:43:08.886+0300][8864][19604][debug][gc,phases] GC(12)       Found Roots:                   Min: 0, Avg: 257.9, Max: 966, Diff: 966, Sum: 2063, Workers: 8
[2025-06-17T22:43:08.886+0300][8864][19604][debug][gc,phases] GC(12)     Code Root Scan (ms):           Min:  0.1, Avg:  0.5, Max:  0.7, Diff:  0.6, Sum:  4.1, Workers: 8
[2025-06-17T22:43:08.886+0300][8864][19604][debug][gc,phases] GC(12)       Scanned Nmethods               Min: 0, Avg: 50.5, Max: 94, Diff: 94, Sum: 404, Workers: 8
[2025-06-17T22:43:08.886+0300][8864][19604][debug][gc,phases] GC(12)     Object Copy (ms):              Min:  0.3, Avg:  0.6, Max:  1.1, Diff:  0.7, Sum:  5.2, Workers: 8
[2025-06-17T22:43:08.886+0300][8864][19604][debug][gc,phases] GC(12)     Termination (ms):              Min:  0.1, Avg:  0.1, Max:  0.2, Diff:  0.1, Sum:  1.0, Workers: 8
[2025-06-17T22:43:08.886+0300][8864][19604][debug][gc,phases] GC(12)       Termination Attempts:          Min: 1, Avg:  1.0, Max: 1, Diff: 0, Sum: 8, Workers: 8
[2025-06-17T22:43:08.886+0300][8864][19604][debug][gc,phases] GC(12)     GC Worker Other (ms):          Min:  0.2, Avg:  0.2, Max:  0.3, Diff:  0.2, Sum:  1.6, Workers: 8
[2025-06-17T22:43:08.886+0300][8864][19604][debug][gc,phases] GC(12)     GC Worker Total (ms):          Min:  1.8, Avg:  1.9, Max:  2.0, Diff:  0.2, Sum: 14.9, Workers: 8
[2025-06-17T22:43:08.886+0300][8864][19604][info ][gc,phases] GC(12)   Post Evacuate Collection Set: 1.3ms
[2025-06-17T22:43:08.886+0300][8864][19604][debug][gc,phases] GC(12)     NMethod List Cleanup: 0.0ms
[2025-06-17T22:43:08.886+0300][8864][19604][debug][gc,phases] GC(12)     Reference Processing: 0.1ms
[2025-06-17T22:43:08.886+0300][8864][19604][debug][gc,phases] GC(12)     Weak Processing: 0.2ms
[2025-06-17T22:43:08.886+0300][8864][19604][debug][gc,phases] GC(12)       VM Weak                        Min:  0.0, Avg:  0.0, Max:  0.0, Diff:  0.0, Sum:  0.0, Workers: 8
[2025-06-17T22:43:08.886+0300][8864][19604][debug][gc,phases] GC(12)         Dead                           Min: 0, Avg:  0.0, Max: 0, Diff: 0, Sum: 0, Workers: 8
[2025-06-17T22:43:08.886+0300][8864][19604][debug][gc,phases] GC(12)         Total                          Min: 0, Avg: 49.2, Max: 330, Diff: 330, Sum: 394, Workers: 8
[2025-06-17T22:43:08.886+0300][8864][19604][debug][gc,phases] GC(12)       ObjectSynchronizer Weak        Min:  0.0, Avg:  0.0, Max:  0.0, Diff:  0.0, Sum:  0.0, Workers: 8
[2025-06-17T22:43:08.886+0300][8864][19604][debug][gc,phases] GC(12)         Dead                           Min: 0, Avg:  0.0, Max: 0, Diff: 0, Sum: 0, Workers: 8
[2025-06-17T22:43:08.886+0300][8864][19604][debug][gc,phases] GC(12)         Total                          Min: 0, Avg:  6.8, Max: 44, Diff: 44, Sum: 54, Workers: 8
[2025-06-17T22:43:08.886+0300][8864][19604][debug][gc,phases] GC(12)       JVMTI Tag Weak OopStorage      Min:  0.0, Avg:  0.0, Max:  0.0, Diff:  0.0, Sum:  0.0, Workers: 8
[2025-06-17T22:43:08.886+0300][8864][19604][debug][gc,phases] GC(12)         Dead                           Min: 0, Avg:  0.0, Max: 0, Diff: 0, Sum: 0, Workers: 8
[2025-06-17T22:43:08.886+0300][8864][19604][debug][gc,phases] GC(12)         Total                          Min: 0, Avg:  0.0, Max: 0, Diff: 0, Sum: 0, Workers: 8
[2025-06-17T22:43:08.886+0300][8864][19604][debug][gc,phases] GC(12)       StringTable Weak               Min:  0.0, Avg:  0.1, Max:  0.1, Diff:  0.1, Sum:  0.6, Workers: 8
[2025-06-17T22:43:08.886+0300][8864][19604][debug][gc,phases] GC(12)         Dead                           Min: 0, Avg:  0.0, Max: 0, Diff: 0, Sum: 0, Workers: 8
[2025-06-17T22:43:08.886+0300][8864][19604][debug][gc,phases] GC(12)         Total                          Min: 1664, Avg: 3502.1, Max: 6976, Diff: 5312, Sum: 28017, Workers: 8
[2025-06-17T22:43:08.886+0300][8864][19604][debug][gc,phases] GC(12)       ResolvedMethodTable Weak       Min:  0.0, Avg:  0.0, Max:  0.0, Diff:  0.0, Sum:  0.0, Workers: 8
[2025-06-17T22:43:08.886+0300][8864][19604][debug][gc,phases] GC(12)         Dead                           Min: 0, Avg:  0.0, Max: 0, Diff: 0, Sum: 0, Workers: 8
[2025-06-17T22:43:08.886+0300][8864][19604][debug][gc,phases] GC(12)         Total                          Min: 64, Avg: 219.2, Max: 320, Diff: 256, Sum: 1754, Workers: 8
[2025-06-17T22:43:08.886+0300][8864][19604][debug][gc,phases] GC(12)       JNI Weak                       Min:  0.0, Avg:  0.0, Max:  0.0, Diff:  0.0, Sum:  0.0, Workers: 8
[2025-06-17T22:43:08.886+0300][8864][19604][debug][gc,phases] GC(12)         Dead                           Min: 0, Avg:  0.0, Max: 0, Diff: 0, Sum: 0, Workers: 8
[2025-06-17T22:43:08.886+0300][8864][19604][debug][gc,phases] GC(12)         Total                          Min: 0, Avg:  0.0, Max: 0, Diff: 0, Sum: 0, Workers: 8
[2025-06-17T22:43:08.886+0300][8864][19604][debug][gc,phases] GC(12)       StringDedup Table Weak         Min:  0.0, Avg:  0.0, Max:  0.0, Diff:  0.0, Sum:  0.0, Workers: 8
[2025-06-17T22:43:08.886+0300][8864][19604][debug][gc,phases] GC(12)         Dead                           Min: 0, Avg:  0.0, Max: 0, Diff: 0, Sum: 0, Workers: 8
[2025-06-17T22:43:08.886+0300][8864][19604][debug][gc,phases] GC(12)         Total                          Min: 0, Avg:  0.0, Max: 0, Diff: 0, Sum: 0, Workers: 8
[2025-06-17T22:43:08.886+0300][8864][19604][debug][gc,phases] GC(12)       StringDedup Requests0 Weak     Min:  0.0, Avg:  0.0, Max:  0.0, Diff:  0.0, Sum:  0.0, Workers: 8
[2025-06-17T22:43:08.886+0300][8864][19604][debug][gc,phases] GC(12)         Dead                           Min: 0, Avg:  0.0, Max: 0, Diff: 0, Sum: 0, Workers: 8
[2025-06-17T22:43:08.886+0300][8864][19604][debug][gc,phases] GC(12)         Total                          Min: 0, Avg:  0.0, Max: 0, Diff: 0, Sum: 0, Workers: 8
[2025-06-17T22:43:08.886+0300][8864][19604][debug][gc,phases] GC(12)       StringDedup Requests1 Weak     Min:  0.0, Avg:  0.0, Max:  0.0, Diff:  0.0, Sum:  0.0, Workers: 8
[2025-06-17T22:43:08.886+0300][8864][19604][debug][gc,phases] GC(12)         Dead                           Min: 0, Avg:  0.0, Max: 0, Diff: 0, Sum: 0, Workers: 8
[2025-06-17T22:43:08.886+0300][8864][19604][debug][gc,phases] GC(12)         Total                          Min: 0, Avg:  0.0, Max: 0, Diff: 0, Sum: 0, Workers: 8
[2025-06-17T22:43:08.886+0300][8864][19604][debug][gc,phases] GC(12)       Weak JFR Old Object Samples    Min:  0.0, Avg:  0.0, Max:  0.0, Diff:  0.0, Sum:  0.0, Workers: 8
[2025-06-17T22:43:08.886+0300][8864][19604][debug][gc,phases] GC(12)         Dead                           Min: 0, Avg:  0.0, Max: 0, Diff: 0, Sum: 0, Workers: 8
[2025-06-17T22:43:08.886+0300][8864][19604][debug][gc,phases] GC(12)         Total                          Min: 0, Avg:  0.0, Max: 0, Diff: 0, Sum: 0, Workers: 8
[2025-06-17T22:43:08.886+0300][8864][19604][debug][gc,phases] GC(12)     Post Evacuate Cleanup 1: 0.4ms
[2025-06-17T22:43:08.886+0300][8864][19604][debug][gc,phases] GC(12)       Merge Per-Thread State (ms):   Min:  0.1, Avg:  0.1, Max:  0.1, Diff:  0.0, Sum:  0.1, Workers: 1
[2025-06-17T22:43:08.886+0300][8864][19604][debug][gc,phases] GC(12)         Copied Bytes                   Min: 63816, Avg: 291186.0, Max: 1232928, Diff: 1169112, Sum: 2329488, Workers: 8
[2025-06-17T22:43:08.886+0300][8864][19604][debug][gc,phases] GC(12)         LAB Waste                      Min: 16, Avg: 900.0, Max: 4736, Diff: 4720, Sum: 7200, Workers: 8
[2025-06-17T22:43:08.886+0300][8864][19604][debug][gc,phases] GC(12)         LAB Undo Waste                 Min: 0, Avg:  0.0, Max: 0, Diff: 0, Sum: 0, Workers: 8
[2025-06-17T22:43:08.886+0300][8864][19604][debug][gc,phases] GC(12)       Clear Logged Cards (ms):       Min:  0.0, Avg:  0.1, Max:  0.2, Diff:  0.2, Sum:  0.5, Workers: 5
[2025-06-17T22:43:08.886+0300][8864][19604][debug][gc,phases] GC(12)       Recalculate Used Memory (ms):  Min:  0.0, Avg:  0.0, Max:  0.0, Diff:  0.0, Sum:  0.0, Workers: 1
[2025-06-17T22:43:08.886+0300][8864][19604][debug][gc,phases] GC(12)     Post Evacuate Cleanup 2: 0.4ms
[2025-06-17T22:43:08.886+0300][8864][19604][debug][gc,phases] GC(12)       Update Derived Pointers (ms):  Min:  0.0, Avg:  0.0, Max:  0.0, Diff:  0.0, Sum:  0.0, Workers: 1
[2025-06-17T22:43:08.886+0300][8864][19604][debug][gc,phases] GC(12)       Eagerly Reclaim Humongous Objects (ms): skipped
[2025-06-17T22:43:08.886+0300][8864][19604][debug][gc,phases] GC(12)         Humongous Total                skipped
[2025-06-17T22:43:08.886+0300][8864][19604][debug][gc,phases] GC(12)         Humongous Candidates           skipped
[2025-06-17T22:43:08.886+0300][8864][19604][debug][gc,phases] GC(12)         Humongous Reclaimed            skipped
[2025-06-17T22:43:08.886+0300][8864][19604][debug][gc,phases] GC(12)       Redirty Logged Cards (ms):     Min:  0.0, Avg:  0.0, Max:  0.0, Diff:  0.0, Sum:  0.0, Workers: 8
[2025-06-17T22:43:08.886+0300][8864][19604][debug][gc,phases] GC(12)         Redirtied Cards:               Min: 0, Avg: 43.4, Max: 192, Diff: 192, Sum: 347, Workers: 8
[2025-06-17T22:43:08.886+0300][8864][19604][debug][gc,phases] GC(12)       Resize TLABs (ms):             Min:  0.0, Avg:  0.0, Max:  0.0, Diff:  0.0, Sum:  0.0, Workers: 8
[2025-06-17T22:43:08.886+0300][8864][19604][debug][gc,phases] GC(12)       Free Collection Set (ms):      Min:  0.2, Avg:  0.2, Max:  0.3, Diff:  0.1, Sum:  1.9, Workers: 8
[2025-06-17T22:43:08.886+0300][8864][19604][debug][gc,phases] GC(12)     Rebuild Free List: 0.2ms
[2025-06-17T22:43:08.886+0300][8864][19604][debug][gc,phases] GC(12)     Prepare For Mutator: 0.0ms
[2025-06-17T22:43:08.886+0300][8864][19604][debug][gc,phases] GC(12)     Expand Heap After Collection: 0.0ms
[2025-06-17T22:43:08.886+0300][8864][19604][info ][gc,phases] GC(12)   Other: 0.2ms
[2025-06-17T22:43:08.886+0300][8864][19604][info ][gc,heap  ] GC(12) Eden regions: 1225->0(1225)
[2025-06-17T22:43:08.886+0300][8864][19604][info ][gc,heap  ] GC(12) Survivor regions: 3->3(154)
[2025-06-17T22:43:08.886+0300][8864][19604][info ][gc,heap  ] GC(12) Old regions: 19->19
[2025-06-17T22:43:08.886+0300][8864][19604][info ][gc,heap  ] GC(12) Humongous regions: 0->0
[2025-06-17T22:43:08.886+0300][8864][19604][debug][gc,heap  ] GC(12) Heap after GC invocations=13 (full 2):
[2025-06-17T22:43:08.886+0300][8864][19604][debug][gc,heap  ] GC(12)  garbage-first heap   total 2097152K, used 16831K [0x0000000080000000, 0x0000000100000000)
[2025-06-17T22:43:08.886+0300][8864][19604][debug][gc,heap  ] GC(12)   region size 1024K, 3 young (3072K), 3 survivors (3072K)
[2025-06-17T22:43:08.886+0300][8864][19604][debug][gc,heap  ] GC(12)  Metaspace       used 34407K, committed 35520K, reserved 1114112K
[2025-06-17T22:43:08.886+0300][8864][19604][debug][gc,heap  ] GC(12)   class space    used 2863K, committed 3328K, reserved 1048576K
[2025-06-17T22:43:08.886+0300][8864][19604][info ][gc       ] GC(12) Pause Young (Normal) (G1 Evacuation Pause) 1241M->16M(2048M) 6.271ms
[2025-06-17T22:43:08.886+0300][8864][19604][info ][safepoint] Safepoint "G1CollectForAllocation", Time since last: 10971662400 ns, Reaching safepoint: 252800 ns, Cleanup: 18500 ns, At safepoint: 6314900 ns, Total: 6586200 ns
[2025-06-17T22:43:16.965+0300][8864][19604][debug][safepoint] Safepoint synchronization initiated using striped semaphore wait barrier. (32 threads)
[2025-06-17T22:43:16.965+0300][8864][19604][info ][safepoint] Safepoint "Cleanup", Time since last: 8075516000 ns, Reaching safepoint: 148500 ns, Cleanup: 24200 ns, At safepoint: 23000 ns, Total: 195700 ns
[2025-06-17T22:43:25.031+0300][8864][19604][debug][safepoint] Safepoint synchronization initiated using striped semaphore wait barrier. (32 threads)
[2025-06-17T22:43:25.031+0300][8864][19604][info ][safepoint] Safepoint "Cleanup", Time since last: 8066790200 ns, Reaching safepoint: 114900 ns, Cleanup: 34700 ns, At safepoint: 37500 ns, Total: 187100 ns
[2025-06-17T22:43:30.895+0300][8864][15512][debug][safepoint] ... found polling page loop exception at pc = 0x0000017c87f12e49, stub =0x0000017c87585d80
[2025-06-17T22:43:35.923+0300][8864][19604][debug][safepoint] Safepoint synchronization initiated using striped semaphore wait barrier. (32 threads)
[2025-06-17T22:43:35.923+0300][8864][19604][info ][safepoint] Safepoint "Cleanup", Time since last: 10891294600 ns, Reaching safepoint: 162500 ns, Cleanup: 36200 ns, At safepoint: 23300 ns, Total: 222000 ns
[2025-06-17T22:43:40.934+0300][8864][19604][debug][safepoint] Safepoint synchronization initiated using striped semaphore wait barrier. (32 threads)
[2025-06-17T22:43:40.934+0300][8864][18228][debug][safepoint] ... found polling page loop exception at pc = 0x0000017c8809f2c3, stub =0x0000017c87586600
[2025-06-17T22:43:40.934+0300][8864][19604][info ][safepoint] Safepoint "Cleanup", Time since last: 5011173300 ns, Reaching safepoint: 276700 ns, Cleanup: 35100 ns, At safepoint: 26400 ns, Total: 338200 ns
[2025-06-17T22:43:49.996+0300][8864][19604][debug][safepoint] Safepoint synchronization initiated using striped semaphore wait barrier. (32 threads)
[2025-06-17T22:43:49.996+0300][8864][19604][info ][safepoint] Safepoint "Cleanup", Time since last: 9060987700 ns, Reaching safepoint: 136900 ns, Cleanup: 43900 ns, At safepoint: 3700 ns, Total: 184500 ns
[2025-06-17T22:43:51.316+0300][8864][19604][debug][safepoint] Safepoint synchronization initiated using striped semaphore wait barrier. (32 threads)
[2025-06-17T22:43:51.317+0300][8864][19932][debug][safepoint] ... found polling page loop exception at pc = 0x0000017c87ecb9fb, stub =0x0000017c87586600
[2025-06-17T22:43:51.317+0300][8864][2700 ][debug][safepoint] ... found polling page loop exception at pc = 0x0000017c8830563e, stub =0x0000017c87585d80
[2025-06-17T22:43:51.317+0300][8864][19604][debug][gc,heap  ] GC(13) Heap before GC invocations=13 (full 2):
[2025-06-17T22:43:51.317+0300][8864][19604][debug][gc,heap  ] GC(13)  garbage-first heap   total 2097152K, used 1270207K [0x0000000080000000, 0x0000000100000000)
[2025-06-17T22:43:51.317+0300][8864][19604][debug][gc,heap  ] GC(13)   region size 1024K, 1228 young (1257472K), 3 survivors (3072K)
[2025-06-17T22:43:51.317+0300][8864][19604][debug][gc,heap  ] GC(13)  Metaspace       used 34416K, committed 35520K, reserved 1114112K
[2025-06-17T22:43:51.317+0300][8864][19604][debug][gc,heap  ] GC(13)   class space    used 2864K, committed 3328K, reserved 1048576K
[2025-06-17T22:43:51.320+0300][8864][19604][info ][gc,phases] GC(13)   Pre Evacuate Collection Set: 0.6ms
[2025-06-17T22:43:51.320+0300][8864][19604][debug][gc,phases] GC(13)     Pre Evacuate Prepare: 0.2ms
[2025-06-17T22:43:51.320+0300][8864][19604][debug][gc,phases] GC(13)       JT Retire TLABs And Flush Logs (ms): Min:  0.0, Avg:  0.0, Max:  0.0, Diff:  0.0, Sum:  0.0, Workers: 2
[2025-06-17T22:43:51.320+0300][8864][19604][debug][gc,phases] GC(13)       Non-JT Flush Logs (ms):        Min:  0.0, Avg:  0.0, Max:  0.0, Diff:  0.0, Sum:  0.0, Workers: 1
[2025-06-17T22:43:51.320+0300][8864][19604][debug][gc,phases] GC(13)     Choose Collection Set: 0.0ms
[2025-06-17T22:43:51.320+0300][8864][19604][debug][gc,phases] GC(13)     Region Register: 0.4ms
[2025-06-17T22:43:51.320+0300][8864][19604][debug][gc,phases] GC(13)     Prepare Heap Roots: 0.0ms
[2025-06-17T22:43:51.320+0300][8864][19604][info ][gc,phases] GC(13)   Merge Heap Roots: 0.5ms
[2025-06-17T22:43:51.320+0300][8864][19604][debug][gc,phases] GC(13)     Prepare Merge Heap Roots: 0.1ms
[2025-06-17T22:43:51.320+0300][8864][19604][debug][gc,phases] GC(13)     Remembered Sets (ms):          Min:  0.1, Avg:  0.2, Max:  0.2, Diff:  0.1, Sum:  1.2, Workers: 8
[2025-06-17T22:43:51.320+0300][8864][19604][debug][gc,phases] GC(13)       Eager Reclaim (ms):            skipped
[2025-06-17T22:43:51.320+0300][8864][19604][debug][gc,phases] GC(13)       Merged Inline                  Min: 0, Avg:  0.0, Max: 0, Diff: 0, Sum: 0, Workers: 8
[2025-06-17T22:43:51.320+0300][8864][19604][debug][gc,phases] GC(13)       Merged ArrayOfCards            Min: 0, Avg:  0.0, Max: 0, Diff: 0, Sum: 0, Workers: 8
[2025-06-17T22:43:51.320+0300][8864][19604][debug][gc,phases] GC(13)       Merged Howl                    Min: 0, Avg:  0.0, Max: 0, Diff: 0, Sum: 0, Workers: 8
[2025-06-17T22:43:51.320+0300][8864][19604][debug][gc,phases] GC(13)       Merged Full                    Min: 0, Avg:  0.0, Max: 0, Diff: 0, Sum: 0, Workers: 8
[2025-06-17T22:43:51.320+0300][8864][19604][debug][gc,phases] GC(13)       Merged Howl Inline             Min: 0, Avg:  0.0, Max: 0, Diff: 0, Sum: 0, Workers: 8
[2025-06-17T22:43:51.320+0300][8864][19604][debug][gc,phases] GC(13)       Merged Howl ArrayOfCards       Min: 0, Avg:  0.0, Max: 0, Diff: 0, Sum: 0, Workers: 8
[2025-06-17T22:43:51.320+0300][8864][19604][debug][gc,phases] GC(13)       Merged Howl BitMap             Min: 0, Avg:  0.0, Max: 0, Diff: 0, Sum: 0, Workers: 8
[2025-06-17T22:43:51.320+0300][8864][19604][debug][gc,phases] GC(13)       Merged Howl Full               Min: 0, Avg:  0.0, Max: 0, Diff: 0, Sum: 0, Workers: 8
[2025-06-17T22:43:51.320+0300][8864][19604][debug][gc,phases] GC(13)       Merged Cards                   Min: 8, Avg:  8.0, Max: 8, Diff: 0, Sum: 64, Workers: 8
[2025-06-17T22:43:51.320+0300][8864][19604][debug][gc,phases] GC(13)     Log Buffers (ms):              Min:  0.0, Avg:  0.0, Max:  0.0, Diff:  0.0, Sum:  0.0, Workers: 8
[2025-06-17T22:43:51.320+0300][8864][19604][debug][gc,phases] GC(13)       Dirty Cards:                   Min: 0, Avg: 62.6, Max: 332, Diff: 332, Sum: 501, Workers: 8
[2025-06-17T22:43:51.320+0300][8864][19604][debug][gc,phases] GC(13)       Skipped Cards:                 Min: 0, Avg:  0.0, Max: 0, Diff: 0, Sum: 0, Workers: 8
[2025-06-17T22:43:51.320+0300][8864][19604][info ][gc,phases] GC(13)   Evacuate Collection Set: 2.8ms
[2025-06-17T22:43:51.320+0300][8864][19604][debug][gc,phases] GC(13)     Ext Root Scanning (ms):        Min:  0.1, Avg:  0.2, Max:  0.3, Diff:  0.2, Sum:  1.8, Workers: 8
[2025-06-17T22:43:51.320+0300][8864][19604][debug][gc,phases] GC(13)     Scan Heap Roots (ms):          Min:  0.0, Avg:  0.2, Max:  0.3, Diff:  0.3, Sum:  1.2, Workers: 8
[2025-06-17T22:43:51.320+0300][8864][19604][debug][gc,phases] GC(13)       Scanned Cards:                 Min: 0, Avg: 60.8, Max: 115, Diff: 115, Sum: 486, Workers: 8
[2025-06-17T22:43:51.320+0300][8864][19604][debug][gc,phases] GC(13)       Scanned Blocks:                Min: 0, Avg: 31.0, Max: 66, Diff: 66, Sum: 248, Workers: 8
[2025-06-17T22:43:51.320+0300][8864][19604][debug][gc,phases] GC(13)       Claimed Chunks:                Min: 0, Avg: 19.1, Max: 34, Diff: 34, Sum: 153, Workers: 8
[2025-06-17T22:43:51.320+0300][8864][19604][debug][gc,phases] GC(13)       Found Roots:                   Min: 0, Avg: 262.6, Max: 1058, Diff: 1058, Sum: 2101, Workers: 8
[2025-06-17T22:43:51.320+0300][8864][19604][debug][gc,phases] GC(13)     Code Root Scan (ms):           Min:  0.2, Avg:  0.7, Max:  1.0, Diff:  0.8, Sum:  5.7, Workers: 8
[2025-06-17T22:43:51.320+0300][8864][19604][debug][gc,phases] GC(13)       Scanned Nmethods               Min: 0, Avg: 58.4, Max: 113, Diff: 113, Sum: 467, Workers: 8
[2025-06-17T22:43:51.320+0300][8864][19604][debug][gc,phases] GC(13)     Object Copy (ms):              Min:  0.5, Avg:  1.0, Max:  1.5, Diff:  1.0, Sum:  7.7, Workers: 8
[2025-06-17T22:43:51.320+0300][8864][19604][debug][gc,phases] GC(13)     Termination (ms):              Min:  0.1, Avg:  0.3, Max:  0.4, Diff:  0.3, Sum:  2.2, Workers: 8
[2025-06-17T22:43:51.320+0300][8864][19604][debug][gc,phases] GC(13)       Termination Attempts:          Min: 1, Avg:  1.0, Max: 1, Diff: 0, Sum: 8, Workers: 8
[2025-06-17T22:43:51.320+0300][8864][19604][debug][gc,phases] GC(13)     GC Worker Other (ms):          Min:  0.2, Avg:  0.2, Max:  0.3, Diff:  0.0, Sum:  2.0, Workers: 8
[2025-06-17T22:43:51.320+0300][8864][19604][debug][gc,phases] GC(13)     GC Worker Total (ms):          Min:  2.5, Avg:  2.6, Max:  2.6, Diff:  0.1, Sum: 20.6, Workers: 8
[2025-06-17T22:43:51.320+0300][8864][19604][info ][gc,phases] GC(13)   Post Evacuate Collection Set: 2.5ms
[2025-06-17T22:43:51.320+0300][8864][19604][debug][gc,phases] GC(13)     NMethod List Cleanup: 0.1ms
[2025-06-17T22:43:51.320+0300][8864][19604][debug][gc,phases] GC(13)     Reference Processing: 0.1ms
[2025-06-17T22:43:51.320+0300][8864][19604][debug][gc,phases] GC(13)     Weak Processing: 0.3ms
[2025-06-17T22:43:51.320+0300][8864][19604][debug][gc,phases] GC(13)       VM Weak                        Min:  0.0, Avg:  0.0, Max:  0.0, Diff:  0.0, Sum:  0.0, Workers: 8
[2025-06-17T22:43:51.320+0300][8864][19604][debug][gc,phases] GC(13)         Dead                           Min: 0, Avg:  0.0, Max: 0, Diff: 0, Sum: 0, Workers: 8
[2025-06-17T22:43:51.320+0300][8864][19604][debug][gc,phases] GC(13)         Total                          Min: 0, Avg: 49.2, Max: 330, Diff: 330, Sum: 394, Workers: 8
[2025-06-17T22:43:51.320+0300][8864][19604][debug][gc,phases] GC(13)       ObjectSynchronizer Weak        Min:  0.0, Avg:  0.0, Max:  0.0, Diff:  0.0, Sum:  0.0, Workers: 8
[2025-06-17T22:43:51.320+0300][8864][19604][debug][gc,phases] GC(13)         Dead                           Min: 0, Avg:  0.0, Max: 0, Diff: 0, Sum: 0, Workers: 8
[2025-06-17T22:43:51.320+0300][8864][19604][debug][gc,phases] GC(13)         Total                          Min: 0, Avg:  4.6, Max: 36, Diff: 36, Sum: 37, Workers: 8
[2025-06-17T22:43:51.320+0300][8864][19604][debug][gc,phases] GC(13)       JVMTI Tag Weak OopStorage      Min:  0.0, Avg:  0.0, Max:  0.0, Diff:  0.0, Sum:  0.0, Workers: 8
[2025-06-17T22:43:51.320+0300][8864][19604][debug][gc,phases] GC(13)         Dead                           Min: 0, Avg:  0.0, Max: 0, Diff: 0, Sum: 0, Workers: 8
[2025-06-17T22:43:51.320+0300][8864][19604][debug][gc,phases] GC(13)         Total                          Min: 0, Avg:  0.0, Max: 0, Diff: 0, Sum: 0, Workers: 8
[2025-06-17T22:43:51.320+0300][8864][19604][debug][gc,phases] GC(13)       StringTable Weak               Min:  0.1, Avg:  0.1, Max:  0.2, Diff:  0.1, Sum:  0.7, Workers: 8
[2025-06-17T22:43:51.320+0300][8864][19604][debug][gc,phases] GC(13)         Dead                           Min: 0, Avg:  0.0, Max: 0, Diff: 0, Sum: 0, Workers: 8
[2025-06-17T22:43:51.320+0300][8864][19604][debug][gc,phases] GC(13)         Total                          Min: 2176, Avg: 3502.8, Max: 6976, Diff: 4800, Sum: 28022, Workers: 8
[2025-06-17T22:43:51.320+0300][8864][19604][debug][gc,phases] GC(13)       ResolvedMethodTable Weak       Min:  0.0, Avg:  0.0, Max:  0.0, Diff:  0.0, Sum:  0.1, Workers: 8
[2025-06-17T22:43:51.320+0300][8864][19604][debug][gc,phases] GC(13)         Dead                           Min: 0, Avg:  0.1, Max: 1, Diff: 1, Sum: 1, Workers: 8
[2025-06-17T22:43:51.320+0300][8864][19604][debug][gc,phases] GC(13)         Total                          Min: 64, Avg: 219.2, Max: 319, Diff: 255, Sum: 1754, Workers: 8
[2025-06-17T22:43:51.320+0300][8864][19604][debug][gc,phases] GC(13)       JNI Weak                       Min:  0.0, Avg:  0.0, Max:  0.0, Diff:  0.0, Sum:  0.0, Workers: 8
[2025-06-17T22:43:51.320+0300][8864][19604][debug][gc,phases] GC(13)         Dead                           Min: 0, Avg:  0.0, Max: 0, Diff: 0, Sum: 0, Workers: 8
[2025-06-17T22:43:51.320+0300][8864][19604][debug][gc,phases] GC(13)         Total                          Min: 0, Avg:  0.0, Max: 0, Diff: 0, Sum: 0, Workers: 8
[2025-06-17T22:43:51.320+0300][8864][19604][debug][gc,phases] GC(13)       StringDedup Table Weak         Min:  0.0, Avg:  0.0, Max:  0.0, Diff:  0.0, Sum:  0.0, Workers: 8
[2025-06-17T22:43:51.320+0300][8864][19604][debug][gc,phases] GC(13)         Dead                           Min: 0, Avg:  0.0, Max: 0, Diff: 0, Sum: 0, Workers: 8
[2025-06-17T22:43:51.320+0300][8864][19604][debug][gc,phases] GC(13)         Total                          Min: 0, Avg:  0.0, Max: 0, Diff: 0, Sum: 0, Workers: 8
[2025-06-17T22:43:51.320+0300][8864][19604][debug][gc,phases] GC(13)       StringDedup Requests0 Weak     Min:  0.0, Avg:  0.0, Max:  0.0, Diff:  0.0, Sum:  0.0, Workers: 8
[2025-06-17T22:43:51.320+0300][8864][19604][debug][gc,phases] GC(13)         Dead                           Min: 0, Avg:  0.0, Max: 0, Diff: 0, Sum: 0, Workers: 8
[2025-06-17T22:43:51.320+0300][8864][19604][debug][gc,phases] GC(13)         Total                          Min: 0, Avg:  0.0, Max: 0, Diff: 0, Sum: 0, Workers: 8
[2025-06-17T22:43:51.320+0300][8864][19604][debug][gc,phases] GC(13)       StringDedup Requests1 Weak     Min:  0.0, Avg:  0.0, Max:  0.0, Diff:  0.0, Sum:  0.0, Workers: 8
[2025-06-17T22:43:51.320+0300][8864][19604][debug][gc,phases] GC(13)         Dead                           Min: 0, Avg:  0.0, Max: 0, Diff: 0, Sum: 0, Workers: 8
[2025-06-17T22:43:51.320+0300][8864][19604][debug][gc,phases] GC(13)         Total                          Min: 0, Avg:  0.0, Max: 0, Diff: 0, Sum: 0, Workers: 8
[2025-06-17T22:43:51.320+0300][8864][19604][debug][gc,phases] GC(13)       Weak JFR Old Object Samples    Min:  0.0, Avg:  0.0, Max:  0.0, Diff:  0.0, Sum:  0.0, Workers: 8
[2025-06-17T22:43:51.320+0300][8864][19604][debug][gc,phases] GC(13)         Dead                           Min: 0, Avg:  0.0, Max: 0, Diff: 0, Sum: 0, Workers: 8
[2025-06-17T22:43:51.320+0300][8864][19604][debug][gc,phases] GC(13)         Total                          Min: 0, Avg:  0.0, Max: 0, Diff: 0, Sum: 0, Workers: 8
[2025-06-17T22:43:51.320+0300][8864][19604][debug][gc,phases] GC(13)     Post Evacuate Cleanup 1: 1.4ms
[2025-06-17T22:43:51.320+0300][8864][19604][debug][gc,phases] GC(13)       Merge Per-Thread State (ms):   Min:  0.1, Avg:  0.1, Max:  0.1, Diff:  0.0, Sum:  0.1, Workers: 1
[2025-06-17T22:43:51.320+0300][8864][19604][debug][gc,phases] GC(13)         Copied Bytes                   Min: 89144, Avg: 291988.0, Max: 618504, Diff: 529360, Sum: 2335904, Workers: 8
[2025-06-17T22:43:51.320+0300][8864][19604][debug][gc,phases] GC(13)         LAB Waste                      Min: 48, Avg: 859.0, Max: 3736, Diff: 3688, Sum: 6872, Workers: 8
[2025-06-17T22:43:51.320+0300][8864][19604][debug][gc,phases] GC(13)         LAB Undo Waste                 Min: 0, Avg:  0.0, Max: 0, Diff: 0, Sum: 0, Workers: 8
[2025-06-17T22:43:51.320+0300][8864][19604][debug][gc,phases] GC(13)       Clear Logged Cards (ms):       Min:  0.0, Avg:  0.5, Max:  1.2, Diff:  1.2, Sum:  2.5, Workers: 5
[2025-06-17T22:43:51.320+0300][8864][19604][debug][gc,phases] GC(13)       Recalculate Used Memory (ms):  Min:  0.0, Avg:  0.0, Max:  0.0, Diff:  0.0, Sum:  0.0, Workers: 1
[2025-06-17T22:43:51.320+0300][8864][19604][debug][gc,phases] GC(13)     Post Evacuate Cleanup 2: 0.4ms
[2025-06-17T22:43:51.320+0300][8864][19604][debug][gc,phases] GC(13)       Update Derived Pointers (ms):  Min:  0.0, Avg:  0.0, Max:  0.0, Diff:  0.0, Sum:  0.0, Workers: 1
[2025-06-17T22:43:51.320+0300][8864][19604][debug][gc,phases] GC(13)       Eagerly Reclaim Humongous Objects (ms): skipped
[2025-06-17T22:43:51.320+0300][8864][19604][debug][gc,phases] GC(13)         Humongous Total                skipped
[2025-06-17T22:43:51.320+0300][8864][19604][debug][gc,phases] GC(13)         Humongous Candidates           skipped
[2025-06-17T22:43:51.320+0300][8864][19604][debug][gc,phases] GC(13)         Humongous Reclaimed            skipped
[2025-06-17T22:43:51.320+0300][8864][19604][debug][gc,phases] GC(13)       Redirty Logged Cards (ms):     Min:  0.0, Avg:  0.0, Max:  0.0, Diff:  0.0, Sum:  0.0, Workers: 8
[2025-06-17T22:43:51.320+0300][8864][19604][debug][gc,phases] GC(13)         Redirtied Cards:               Min: 0, Avg: 40.9, Max: 196, Diff: 196, Sum: 327, Workers: 8
[2025-06-17T22:43:51.320+0300][8864][19604][debug][gc,phases] GC(13)       Resize TLABs (ms):             Min:  0.0, Avg:  0.0, Max:  0.0, Diff:  0.0, Sum:  0.0, Workers: 8
[2025-06-17T22:43:51.320+0300][8864][19604][debug][gc,phases] GC(13)       Free Collection Set (ms):      Min:  0.2, Avg:  0.3, Max:  0.3, Diff:  0.1, Sum:  2.1, Workers: 8
[2025-06-17T22:43:51.320+0300][8864][19604][debug][gc,phases] GC(13)     Rebuild Free List: 0.2ms
[2025-06-17T22:43:51.320+0300][8864][19604][debug][gc,phases] GC(13)     Prepare For Mutator: 0.0ms
[2025-06-17T22:43:51.320+0300][8864][19604][debug][gc,phases] GC(13)     Expand Heap After Collection: 0.0ms
[2025-06-17T22:43:51.320+0300][8864][19604][info ][gc,phases] GC(13)   Other: 0.2ms
[2025-06-17T22:43:51.320+0300][8864][19604][info ][gc,heap  ] GC(13) Eden regions: 1225->0(1225)
[2025-06-17T22:43:51.320+0300][8864][19604][info ][gc,heap  ] GC(13) Survivor regions: 3->3(154)
[2025-06-17T22:43:51.320+0300][8864][19604][info ][gc,heap  ] GC(13) Old regions: 19->19
[2025-06-17T22:43:51.320+0300][8864][19604][info ][gc,heap  ] GC(13) Humongous regions: 0->0
[2025-06-17T22:43:51.320+0300][8864][19604][debug][gc,heap  ] GC(13) Heap after GC invocations=14 (full 2):
[2025-06-17T22:43:51.320+0300][8864][19604][debug][gc,heap  ] GC(13)  garbage-first heap   total 2097152K, used 16638K [0x0000000080000000, 0x0000000100000000)
[2025-06-17T22:43:51.320+0300][8864][19604][debug][gc,heap  ] GC(13)   region size 1024K, 3 young (3072K), 3 survivors (3072K)
[2025-06-17T22:43:51.320+0300][8864][19604][debug][gc,heap  ] GC(13)  Metaspace       used 34416K, committed 35520K, reserved 1114112K
[2025-06-17T22:43:51.320+0300][8864][19604][debug][gc,heap  ] GC(13)   class space    used 2864K, committed 3328K, reserved 1048576K
[2025-06-17T22:43:51.320+0300][8864][19604][info ][gc       ] GC(13) Pause Young (Normal) (G1 Evacuation Pause) 1241M->16M(2048M) 7.722ms
[2025-06-17T22:43:51.320+0300][8864][19604][info ][safepoint] Safepoint "G1CollectForAllocation", Time since last: 1320573100 ns, Reaching safepoint: 381700 ns, Cleanup: 8800 ns, At safepoint: 7766300 ns, Total: 8156800 ns
[2025-06-17T22:44:23.633+0300][8864][19604][debug][safepoint] Safepoint synchronization initiated using striped semaphore wait barrier. (32 threads)
[2025-06-17T22:44:23.633+0300][8864][19852][debug][safepoint] ... found polling page loop exception at pc = 0x0000017c88545dff, stub =0x0000017c87586600
[2025-06-17T22:44:23.633+0300][8864][21908][debug][safepoint] ... found polling page loop exception at pc = 0x0000017c88545dff, stub =0x0000017c87586600
[2025-06-17T22:44:23.633+0300][8864][19604][info ][safepoint] Safepoint "Cleanup", Time since last: 32308861900 ns, Reaching safepoint: 266800 ns, Cleanup: 17800 ns, At safepoint: 9000 ns, Total: 293600 ns
[2025-06-17T22:44:34.065+0300][8864][19604][debug][safepoint] Safepoint synchronization initiated using striped semaphore wait barrier. (32 threads)
[2025-06-17T22:44:34.065+0300][8864][19604][debug][gc,heap  ] GC(14) Heap before GC invocations=14 (full 2):
[2025-06-17T22:44:34.065+0300][8864][19604][debug][gc,heap  ] GC(14)  garbage-first heap   total 2097152K, used 1270014K [0x0000000080000000, 0x0000000100000000)
[2025-06-17T22:44:34.065+0300][8864][19604][debug][gc,heap  ] GC(14)   region size 1024K, 1228 young (1257472K), 3 survivors (3072K)
[2025-06-17T22:44:34.065+0300][8864][19604][debug][gc,heap  ] GC(14)  Metaspace       used 34420K, committed 35520K, reserved 1114112K
[2025-06-17T22:44:34.065+0300][8864][19604][debug][gc,heap  ] GC(14)   class space    used 2864K, committed 3328K, reserved 1048576K
[2025-06-17T22:44:34.069+0300][8864][19604][info ][gc,phases] GC(14)   Pre Evacuate Collection Set: 0.6ms
[2025-06-17T22:44:34.069+0300][8864][19604][debug][gc,phases] GC(14)     Pre Evacuate Prepare: 0.2ms
[2025-06-17T22:44:34.069+0300][8864][19604][debug][gc,phases] GC(14)       JT Retire TLABs And Flush Logs (ms): Min:  0.0, Avg:  0.0, Max:  0.0, Diff:  0.0, Sum:  0.0, Workers: 2
[2025-06-17T22:44:34.069+0300][8864][19604][debug][gc,phases] GC(14)       Non-JT Flush Logs (ms):        Min:  0.0, Avg:  0.0, Max:  0.0, Diff:  0.0, Sum:  0.0, Workers: 1
[2025-06-17T22:44:34.069+0300][8864][19604][debug][gc,phases] GC(14)     Choose Collection Set: 0.0ms
[2025-06-17T22:44:34.069+0300][8864][19604][debug][gc,phases] GC(14)     Region Register: 0.4ms
[2025-06-17T22:44:34.069+0300][8864][19604][debug][gc,phases] GC(14)     Prepare Heap Roots: 0.0ms
[2025-06-17T22:44:34.069+0300][8864][19604][info ][gc,phases] GC(14)   Merge Heap Roots: 0.4ms
[2025-06-17T22:44:34.069+0300][8864][19604][debug][gc,phases] GC(14)     Prepare Merge Heap Roots: 0.0ms
[2025-06-17T22:44:34.069+0300][8864][19604][debug][gc,phases] GC(14)     Remembered Sets (ms):          Min:  0.2, Avg:  0.2, Max:  0.2, Diff:  0.1, Sum:  1.6, Workers: 8
[2025-06-17T22:44:34.069+0300][8864][19604][debug][gc,phases] GC(14)       Eager Reclaim (ms):            skipped
[2025-06-17T22:44:34.069+0300][8864][19604][debug][gc,phases] GC(14)       Merged Inline                  Min: 0, Avg:  0.0, Max: 0, Diff: 0, Sum: 0, Workers: 8
[2025-06-17T22:44:34.069+0300][8864][19604][debug][gc,phases] GC(14)       Merged ArrayOfCards            Min: 0, Avg:  0.0, Max: 0, Diff: 0, Sum: 0, Workers: 8
[2025-06-17T22:44:34.069+0300][8864][19604][debug][gc,phases] GC(14)       Merged Howl                    Min: 0, Avg:  0.0, Max: 0, Diff: 0, Sum: 0, Workers: 8
[2025-06-17T22:44:34.069+0300][8864][19604][debug][gc,phases] GC(14)       Merged Full                    Min: 0, Avg:  0.0, Max: 0, Diff: 0, Sum: 0, Workers: 8
[2025-06-17T22:44:34.069+0300][8864][19604][debug][gc,phases] GC(14)       Merged Howl Inline             Min: 0, Avg:  0.0, Max: 0, Diff: 0, Sum: 0, Workers: 8
[2025-06-17T22:44:34.069+0300][8864][19604][debug][gc,phases] GC(14)       Merged Howl ArrayOfCards       Min: 0, Avg:  0.0, Max: 0, Diff: 0, Sum: 0, Workers: 8
[2025-06-17T22:44:34.069+0300][8864][19604][debug][gc,phases] GC(14)       Merged Howl BitMap             Min: 0, Avg:  0.0, Max: 0, Diff: 0, Sum: 0, Workers: 8
[2025-06-17T22:44:34.069+0300][8864][19604][debug][gc,phases] GC(14)       Merged Howl Full               Min: 0, Avg:  0.0, Max: 0, Diff: 0, Sum: 0, Workers: 8
[2025-06-17T22:44:34.069+0300][8864][19604][debug][gc,phases] GC(14)       Merged Cards                   Min: 8, Avg:  8.0, Max: 8, Diff: 0, Sum: 64, Workers: 8
[2025-06-17T22:44:34.069+0300][8864][19604][debug][gc,phases] GC(14)     Log Buffers (ms):              Min:  0.0, Avg:  0.0, Max:  0.0, Diff:  0.0, Sum:  0.0, Workers: 8
[2025-06-17T22:44:34.069+0300][8864][19604][debug][gc,phases] GC(14)       Dirty Cards:                   Min: 0, Avg: 57.8, Max: 250, Diff: 250, Sum: 462, Workers: 8
[2025-06-17T22:44:34.069+0300][8864][19604][debug][gc,phases] GC(14)       Skipped Cards:                 Min: 0, Avg:  0.0, Max: 0, Diff: 0, Sum: 0, Workers: 8
[2025-06-17T22:44:34.069+0300][8864][19604][info ][gc,phases] GC(14)   Evacuate Collection Set: 2.4ms
[2025-06-17T22:44:34.069+0300][8864][19604][debug][gc,phases] GC(14)     Ext Root Scanning (ms):        Min:  0.1, Avg:  0.2, Max:  0.3, Diff:  0.2, Sum:  1.2, Workers: 8
[2025-06-17T22:44:34.069+0300][8864][19604][debug][gc,phases] GC(14)     Scan Heap Roots (ms):          Min:  0.0, Avg:  0.2, Max:  0.3, Diff:  0.3, Sum:  1.3, Workers: 8
[2025-06-17T22:44:34.069+0300][8864][19604][debug][gc,phases] GC(14)       Scanned Cards:                 Min: 0, Avg: 56.9, Max: 110, Diff: 110, Sum: 455, Workers: 8
[2025-06-17T22:44:34.069+0300][8864][19604][debug][gc,phases] GC(14)       Scanned Blocks:                Min: 0, Avg: 28.9, Max: 58, Diff: 58, Sum: 231, Workers: 8
[2025-06-17T22:44:34.069+0300][8864][19604][debug][gc,phases] GC(14)       Claimed Chunks:                Min: 0, Avg: 18.5, Max: 36, Diff: 36, Sum: 148, Workers: 8
[2025-06-17T22:44:34.069+0300][8864][19604][debug][gc,phases] GC(14)       Found Roots:                   Min: 0, Avg: 257.9, Max: 1004, Diff: 1004, Sum: 2063, Workers: 8
[2025-06-17T22:44:34.069+0300][8864][19604][debug][gc,phases] GC(14)     Code Root Scan (ms):           Min:  0.2, Avg:  0.7, Max:  1.1, Diff:  0.8, Sum:  5.7, Workers: 8
[2025-06-17T22:44:34.069+0300][8864][19604][debug][gc,phases] GC(14)       Scanned Nmethods               Min: 0, Avg: 52.2, Max: 85, Diff: 85, Sum: 418, Workers: 8
[2025-06-17T22:44:34.069+0300][8864][19604][debug][gc,phases] GC(14)     Object Copy (ms):              Min:  0.4, Avg:  0.8, Max:  1.3, Diff:  0.9, Sum:  6.4, Workers: 8
[2025-06-17T22:44:34.069+0300][8864][19604][debug][gc,phases] GC(14)     Termination (ms):              Min:  0.1, Avg:  0.2, Max:  0.2, Diff:  0.2, Sum:  1.3, Workers: 8
[2025-06-17T22:44:34.069+0300][8864][19604][debug][gc,phases] GC(14)       Termination Attempts:          Min: 1, Avg:  1.0, Max: 1, Diff: 0, Sum: 8, Workers: 8
[2025-06-17T22:44:34.069+0300][8864][19604][debug][gc,phases] GC(14)     GC Worker Other (ms):          Min:  0.2, Avg:  0.2, Max:  0.3, Diff:  0.1, Sum:  1.9, Workers: 8
[2025-06-17T22:44:34.069+0300][8864][19604][debug][gc,phases] GC(14)     GC Worker Total (ms):          Min:  2.2, Avg:  2.2, Max:  2.3, Diff:  0.1, Sum: 17.9, Workers: 8
[2025-06-17T22:44:34.069+0300][8864][19604][info ][gc,phases] GC(14)   Post Evacuate Collection Set: 1.4ms
[2025-06-17T22:44:34.069+0300][8864][19604][debug][gc,phases] GC(14)     NMethod List Cleanup: 0.1ms
[2025-06-17T22:44:34.069+0300][8864][19604][debug][gc,phases] GC(14)     Reference Processing: 0.1ms
[2025-06-17T22:44:34.069+0300][8864][19604][debug][gc,phases] GC(14)     Weak Processing: 0.2ms
[2025-06-17T22:44:34.069+0300][8864][19604][debug][gc,phases] GC(14)       VM Weak                        Min:  0.0, Avg:  0.0, Max:  0.0, Diff:  0.0, Sum:  0.0, Workers: 8
[2025-06-17T22:44:34.069+0300][8864][19604][debug][gc,phases] GC(14)         Dead                           Min: 0, Avg:  0.0, Max: 0, Diff: 0, Sum: 0, Workers: 8
[2025-06-17T22:44:34.069+0300][8864][19604][debug][gc,phases] GC(14)         Total                          Min: 0, Avg: 49.2, Max: 337, Diff: 337, Sum: 394, Workers: 8
[2025-06-17T22:44:34.069+0300][8864][19604][debug][gc,phases] GC(14)       ObjectSynchronizer Weak        Min:  0.0, Avg:  0.0, Max:  0.0, Diff:  0.0, Sum:  0.0, Workers: 8
[2025-06-17T22:44:34.069+0300][8864][19604][debug][gc,phases] GC(14)         Dead                           Min: 0, Avg:  0.0, Max: 0, Diff: 0, Sum: 0, Workers: 8
[2025-06-17T22:44:34.069+0300][8864][19604][debug][gc,phases] GC(14)         Total                          Min: 0, Avg:  2.4, Max: 19, Diff: 19, Sum: 19, Workers: 8
[2025-06-17T22:44:34.069+0300][8864][19604][debug][gc,phases] GC(14)       JVMTI Tag Weak OopStorage      Min:  0.0, Avg:  0.0, Max:  0.0, Diff:  0.0, Sum:  0.0, Workers: 8
[2025-06-17T22:44:34.069+0300][8864][19604][debug][gc,phases] GC(14)         Dead                           Min: 0, Avg:  0.0, Max: 0, Diff: 0, Sum: 0, Workers: 8
[2025-06-17T22:44:34.069+0300][8864][19604][debug][gc,phases] GC(14)         Total                          Min: 0, Avg:  0.0, Max: 0, Diff: 0, Sum: 0, Workers: 8
[2025-06-17T22:44:34.069+0300][8864][19604][debug][gc,phases] GC(14)       StringTable Weak               Min:  0.1, Avg:  0.1, Max:  0.2, Diff:  0.1, Sum:  0.7, Workers: 8
[2025-06-17T22:44:34.069+0300][8864][19604][debug][gc,phases] GC(14)         Dead                           Min: 0, Avg:  0.0, Max: 0, Diff: 0, Sum: 0, Workers: 8
[2025-06-17T22:44:34.069+0300][8864][19604][debug][gc,phases] GC(14)         Total                          Min: 1536, Avg: 3504.4, Max: 6848, Diff: 5312, Sum: 28035, Workers: 8
[2025-06-17T22:44:34.069+0300][8864][19604][debug][gc,phases] GC(14)       ResolvedMethodTable Weak       Min:  0.0, Avg:  0.0, Max:  0.0, Diff:  0.0, Sum:  0.1, Workers: 8
[2025-06-17T22:44:34.069+0300][8864][19604][debug][gc,phases] GC(14)         Dead                           Min: 0, Avg:  0.1, Max: 1, Diff: 1, Sum: 1, Workers: 8
[2025-06-17T22:44:34.069+0300][8864][19604][debug][gc,phases] GC(14)         Total                          Min: 91, Avg: 219.2, Max: 256, Diff: 165, Sum: 1754, Workers: 8
[2025-06-17T22:44:34.069+0300][8864][19604][debug][gc,phases] GC(14)       JNI Weak                       Min:  0.0, Avg:  0.0, Max:  0.0, Diff:  0.0, Sum:  0.0, Workers: 8
[2025-06-17T22:44:34.069+0300][8864][19604][debug][gc,phases] GC(14)         Dead                           Min: 0, Avg:  0.0, Max: 0, Diff: 0, Sum: 0, Workers: 8
[2025-06-17T22:44:34.069+0300][8864][19604][debug][gc,phases] GC(14)         Total                          Min: 0, Avg:  0.0, Max: 0, Diff: 0, Sum: 0, Workers: 8
[2025-06-17T22:44:34.069+0300][8864][19604][debug][gc,phases] GC(14)       StringDedup Table Weak         Min:  0.0, Avg:  0.0, Max:  0.0, Diff:  0.0, Sum:  0.0, Workers: 8
[2025-06-17T22:44:34.069+0300][8864][19604][debug][gc,phases] GC(14)         Dead                           Min: 0, Avg:  0.0, Max: 0, Diff: 0, Sum: 0, Workers: 8
[2025-06-17T22:44:34.069+0300][8864][19604][debug][gc,phases] GC(14)         Total                          Min: 0, Avg:  0.0, Max: 0, Diff: 0, Sum: 0, Workers: 8
[2025-06-17T22:44:34.069+0300][8864][19604][debug][gc,phases] GC(14)       StringDedup Requests0 Weak     Min:  0.0, Avg:  0.0, Max:  0.0, Diff:  0.0, Sum:  0.0, Workers: 8
[2025-06-17T22:44:34.069+0300][8864][19604][debug][gc,phases] GC(14)         Dead                           Min: 0, Avg:  0.0, Max: 0, Diff: 0, Sum: 0, Workers: 8
[2025-06-17T22:44:34.069+0300][8864][19604][debug][gc,phases] GC(14)         Total                          Min: 0, Avg:  0.0, Max: 0, Diff: 0, Sum: 0, Workers: 8
[2025-06-17T22:44:34.069+0300][8864][19604][debug][gc,phases] GC(14)       StringDedup Requests1 Weak     Min:  0.0, Avg:  0.0, Max:  0.0, Diff:  0.0, Sum:  0.0, Workers: 8
[2025-06-17T22:44:34.069+0300][8864][19604][debug][gc,phases] GC(14)         Dead                           Min: 0, Avg:  0.0, Max: 0, Diff: 0, Sum: 0, Workers: 8
[2025-06-17T22:44:34.069+0300][8864][19604][debug][gc,phases] GC(14)         Total                          Min: 0, Avg:  0.0, Max: 0, Diff: 0, Sum: 0, Workers: 8
[2025-06-17T22:44:34.069+0300][8864][19604][debug][gc,phases] GC(14)       Weak JFR Old Object Samples    Min:  0.0, Avg:  0.0, Max:  0.0, Diff:  0.0, Sum:  0.0, Workers: 8
[2025-06-17T22:44:34.069+0300][8864][19604][debug][gc,phases] GC(14)         Dead                           Min: 0, Avg:  0.0, Max: 0, Diff: 0, Sum: 0, Workers: 8
[2025-06-17T22:44:34.069+0300][8864][19604][debug][gc,phases] GC(14)         Total                          Min: 0, Avg:  0.0, Max: 0, Diff: 0, Sum: 0, Workers: 8
[2025-06-17T22:44:34.069+0300][8864][19604][debug][gc,phases] GC(14)     Post Evacuate Cleanup 1: 0.4ms
[2025-06-17T22:44:34.069+0300][8864][19604][debug][gc,phases] GC(14)       Merge Per-Thread State (ms):   Min:  0.1, Avg:  0.1, Max:  0.1, Diff:  0.0, Sum:  0.1, Workers: 1
[2025-06-17T22:44:34.069+0300][8864][19604][debug][gc,phases] GC(14)         Copied Bytes                   Min: 49216, Avg: 287771.0, Max: 1129712, Diff: 1080496, Sum: 2302168, Workers: 8
[2025-06-17T22:44:34.069+0300][8864][19604][debug][gc,phases] GC(14)         LAB Waste                      Min: 32, Avg: 509.0, Max: 1816, Diff: 1784, Sum: 4072, Workers: 8
[2025-06-17T22:44:34.069+0300][8864][19604][debug][gc,phases] GC(14)         LAB Undo Waste                 Min: 0, Avg:  0.0, Max: 0, Diff: 0, Sum: 0, Workers: 8
[2025-06-17T22:44:34.069+0300][8864][19604][debug][gc,phases] GC(14)       Clear Logged Cards (ms):       Min:  0.0, Avg:  0.1, Max:  0.3, Diff:  0.3, Sum:  0.6, Workers: 5
[2025-06-17T22:44:34.069+0300][8864][19604][debug][gc,phases] GC(14)       Recalculate Used Memory (ms):  Min:  0.0, Avg:  0.0, Max:  0.0, Diff:  0.0, Sum:  0.0, Workers: 1
[2025-06-17T22:44:34.069+0300][8864][19604][debug][gc,phases] GC(14)     Post Evacuate Cleanup 2: 0.4ms
[2025-06-17T22:44:34.069+0300][8864][19604][debug][gc,phases] GC(14)       Update Derived Pointers (ms):  Min:  0.0, Avg:  0.0, Max:  0.0, Diff:  0.0, Sum:  0.0, Workers: 1
[2025-06-17T22:44:34.069+0300][8864][19604][debug][gc,phases] GC(14)       Eagerly Reclaim Humongous Objects (ms): skipped
[2025-06-17T22:44:34.069+0300][8864][19604][debug][gc,phases] GC(14)         Humongous Total                skipped
[2025-06-17T22:44:34.069+0300][8864][19604][debug][gc,phases] GC(14)         Humongous Candidates           skipped
[2025-06-17T22:44:34.069+0300][8864][19604][debug][gc,phases] GC(14)         Humongous Reclaimed            skipped
[2025-06-17T22:44:34.069+0300][8864][19604][debug][gc,phases] GC(14)       Redirty Logged Cards (ms):     Min:  0.0, Avg:  0.0, Max:  0.0, Diff:  0.0, Sum:  0.0, Workers: 8
[2025-06-17T22:44:34.069+0300][8864][19604][debug][gc,phases] GC(14)         Redirtied Cards:               Min: 0, Avg: 37.6, Max: 214, Diff: 214, Sum: 301, Workers: 8
[2025-06-17T22:44:34.069+0300][8864][19604][debug][gc,phases] GC(14)       Resize TLABs (ms):             Min:  0.0, Avg:  0.0, Max:  0.0, Diff:  0.0, Sum:  0.0, Workers: 8
[2025-06-17T22:44:34.069+0300][8864][19604][debug][gc,phases] GC(14)       Free Collection Set (ms):      Min:  0.2, Avg:  0.2, Max:  0.3, Diff:  0.1, Sum:  2.0, Workers: 8
[2025-06-17T22:44:34.069+0300][8864][19604][debug][gc,phases] GC(14)     Rebuild Free List: 0.2ms
[2025-06-17T22:44:34.069+0300][8864][19604][debug][gc,phases] GC(14)     Prepare For Mutator: 0.0ms
[2025-06-17T22:44:34.069+0300][8864][19604][debug][gc,phases] GC(14)     Expand Heap After Collection: 0.0ms
[2025-06-17T22:44:34.069+0300][8864][19604][info ][gc,phases] GC(14)   Other: 0.2ms
[2025-06-17T22:44:34.069+0300][8864][19604][info ][gc,heap  ] GC(14) Eden regions: 1225->0(1225)
[2025-06-17T22:44:34.069+0300][8864][19604][info ][gc,heap  ] GC(14) Survivor regions: 3->3(154)
[2025-06-17T22:44:34.069+0300][8864][19604][info ][gc,heap  ] GC(14) Old regions: 19->19
[2025-06-17T22:44:34.069+0300][8864][19604][info ][gc,heap  ] GC(14) Humongous regions: 0->0
[2025-06-17T22:44:34.069+0300][8864][19604][debug][gc,heap  ] GC(14) Heap after GC invocations=15 (full 2):
[2025-06-17T22:44:34.069+0300][8864][19604][debug][gc,heap  ] GC(14)  garbage-first heap   total 2097152K, used 16800K [0x0000000080000000, 0x0000000100000000)
[2025-06-17T22:44:34.069+0300][8864][19604][debug][gc,heap  ] GC(14)   region size 1024K, 3 young (3072K), 3 survivors (3072K)
[2025-06-17T22:44:34.069+0300][8864][19604][debug][gc,heap  ] GC(14)  Metaspace       used 34420K, committed 35520K, reserved 1114112K
[2025-06-17T22:44:34.069+0300][8864][19604][debug][gc,heap  ] GC(14)   class space    used 2864K, committed 3328K, reserved 1048576K
[2025-06-17T22:44:34.069+0300][8864][19604][info ][gc       ] GC(14) Pause Young (Normal) (G1 Evacuation Pause) 1241M->16M(2048M) 7.449ms
[2025-06-17T22:44:34.069+0300][8864][19604][info ][safepoint] Safepoint "G1CollectForAllocation", Time since last: 10431511900 ns, Reaching safepoint: 189700 ns, Cleanup: 28700 ns, At safepoint: 7503600 ns, Total: 7722000 ns
[2025-06-17T22:44:37.093+0300][8864][19604][debug][safepoint] Safepoint synchronization initiated using striped semaphore wait barrier. (32 threads)
[2025-06-17T22:44:37.093+0300][8864][19604][info ][safepoint] Safepoint "Cleanup", Time since last: 3019867200 ns, Reaching safepoint: 154100 ns, Cleanup: 31500 ns, At safepoint: 17200 ns, Total: 202800 ns
[2025-06-17T22:44:50.199+0300][8864][19604][debug][safepoint] Safepoint synchronization initiated using striped semaphore wait barrier. (26 threads)
[2025-06-17T22:44:50.199+0300][8864][19604][info ][safepoint] Safepoint "Cleanup", Time since last: 13105709800 ns, Reaching safepoint: 155800 ns, Cleanup: 24000 ns, At safepoint: 29100 ns, Total: 208900 ns
[2025-06-17T22:44:50.391+0300][8864][19604][debug][safepoint] Safepoint synchronization initiated using striped semaphore wait barrier. (24 threads)
[2025-06-17T22:44:50.391+0300][8864][19604][debug][gc,heap  ] GC(15) Heap before GC invocations=15 (full 2):
[2025-06-17T22:44:50.391+0300][8864][19604][debug][gc,heap  ] GC(15)  garbage-first heap   total 2097152K, used 485792K [0x0000000080000000, 0x0000000100000000)
[2025-06-17T22:44:50.391+0300][8864][19604][debug][gc,heap  ] GC(15)   region size 1024K, 463 young (474112K), 3 survivors (3072K)
[2025-06-17T22:44:50.391+0300][8864][19604][debug][gc,heap  ] GC(15)  Metaspace       used 34437K, committed 35520K, reserved 1114112K
[2025-06-17T22:44:50.391+0300][8864][19604][debug][gc,heap  ] GC(15)   class space    used 2865K, committed 3328K, reserved 1048576K
[2025-06-17T22:44:50.409+0300][8864][19604][debug][gc,phases] GC(15) Phase 1: Reference Processing 0.357ms
[2025-06-17T22:44:50.409+0300][8864][19604][debug][gc,phases] GC(15)   VM Weak                        Min:  0.0, Avg:  0.0, Max:  0.0, Diff:  0.0, Sum:  0.0, Workers: 8
[2025-06-17T22:44:50.409+0300][8864][19604][debug][gc,phases] GC(15)     Dead                           Min: 0, Avg:  5.8, Max: 34, Diff: 34, Sum: 46, Workers: 8
[2025-06-17T22:44:50.409+0300][8864][19604][debug][gc,phases] GC(15)     Total                          Min: 0, Avg: 49.4, Max: 322, Diff: 322, Sum: 395, Workers: 8
[2025-06-17T22:44:50.409+0300][8864][19604][debug][gc,phases] GC(15)   ObjectSynchronizer Weak        Min:  0.0, Avg:  0.0, Max:  0.0, Diff:  0.0, Sum:  0.0, Workers: 8
[2025-06-17T22:44:50.409+0300][8864][19604][debug][gc,phases] GC(15)     Dead                           Min: 0, Avg:  1.9, Max: 15, Diff: 15, Sum: 15, Workers: 8
[2025-06-17T22:44:50.409+0300][8864][19604][debug][gc,phases] GC(15)     Total                          Min: 0, Avg:  3.8, Max: 30, Diff: 30, Sum: 30, Workers: 8
[2025-06-17T22:44:50.409+0300][8864][19604][debug][gc,phases] GC(15)   JVMTI Tag Weak OopStorage      Min:  0.0, Avg:  0.0, Max:  0.0, Diff:  0.0, Sum:  0.0, Workers: 8
[2025-06-17T22:44:50.409+0300][8864][19604][debug][gc,phases] GC(15)     Dead                           Min: 0, Avg:  0.0, Max: 0, Diff: 0, Sum: 0, Workers: 8
[2025-06-17T22:44:50.409+0300][8864][19604][debug][gc,phases] GC(15)     Total                          Min: 0, Avg:  0.0, Max: 0, Diff: 0, Sum: 0, Workers: 8
[2025-06-17T22:44:50.409+0300][8864][19604][debug][gc,phases] GC(15)   StringTable Weak               Min:  0.0, Avg:  0.0, Max:  0.1, Diff:  0.1, Sum:  0.3, Workers: 8
[2025-06-17T22:44:50.409+0300][8864][19604][debug][gc,phases] GC(15)     Dead                           Min: 8, Avg: 161.2, Max: 459, Diff: 451, Sum: 1290, Workers: 8
[2025-06-17T22:44:50.409+0300][8864][19604][debug][gc,phases] GC(15)     Total                          Min: 2176, Avg: 3504.4, Max: 7039, Diff: 4863, Sum: 28035, Workers: 8
[2025-06-17T22:44:50.409+0300][8864][19604][debug][gc,phases] GC(15)   ResolvedMethodTable Weak       Min:  0.0, Avg:  0.0, Max:  0.0, Diff:  0.0, Sum:  0.0, Workers: 8
[2025-06-17T22:44:50.409+0300][8864][19604][debug][gc,phases] GC(15)     Dead                           Min: 1, Avg:  9.2, Max: 29, Diff: 28, Sum: 74, Workers: 8
[2025-06-17T22:44:50.409+0300][8864][19604][debug][gc,phases] GC(15)     Total                          Min: 192, Avg: 219.6, Max: 256, Diff: 64, Sum: 1757, Workers: 8
[2025-06-17T22:44:50.409+0300][8864][19604][debug][gc,phases] GC(15)   JNI Weak                       Min:  0.0, Avg:  0.0, Max:  0.0, Diff:  0.0, Sum:  0.0, Workers: 8
[2025-06-17T22:44:50.409+0300][8864][19604][debug][gc,phases] GC(15)     Dead                           Min: 0, Avg:  0.0, Max: 0, Diff: 0, Sum: 0, Workers: 8
[2025-06-17T22:44:50.409+0300][8864][19604][debug][gc,phases] GC(15)     Total                          Min: 0, Avg:  0.1, Max: 1, Diff: 1, Sum: 1, Workers: 8
[2025-06-17T22:44:50.409+0300][8864][19604][debug][gc,phases] GC(15)   StringDedup Table Weak         Min:  0.0, Avg:  0.0, Max:  0.0, Diff:  0.0, Sum:  0.0, Workers: 8
[2025-06-17T22:44:50.409+0300][8864][19604][debug][gc,phases] GC(15)     Dead                           Min: 0, Avg:  0.0, Max: 0, Diff: 0, Sum: 0, Workers: 8
[2025-06-17T22:44:50.409+0300][8864][19604][debug][gc,phases] GC(15)     Total                          Min: 0, Avg:  0.0, Max: 0, Diff: 0, Sum: 0, Workers: 8
[2025-06-17T22:44:50.409+0300][8864][19604][debug][gc,phases] GC(15)   StringDedup Requests0 Weak     Min:  0.0, Avg:  0.0, Max:  0.0, Diff:  0.0, Sum:  0.0, Workers: 8
[2025-06-17T22:44:50.409+0300][8864][19604][debug][gc,phases] GC(15)     Dead                           Min: 0, Avg:  0.0, Max: 0, Diff: 0, Sum: 0, Workers: 8
[2025-06-17T22:44:50.409+0300][8864][19604][debug][gc,phases] GC(15)     Total                          Min: 0, Avg:  0.0, Max: 0, Diff: 0, Sum: 0, Workers: 8
[2025-06-17T22:44:50.409+0300][8864][19604][debug][gc,phases] GC(15)   StringDedup Requests1 Weak     Min:  0.0, Avg:  0.0, Max:  0.0, Diff:  0.0, Sum:  0.0, Workers: 8
[2025-06-17T22:44:50.409+0300][8864][19604][debug][gc,phases] GC(15)     Dead                           Min: 0, Avg:  0.0, Max: 0, Diff: 0, Sum: 0, Workers: 8
[2025-06-17T22:44:50.409+0300][8864][19604][debug][gc,phases] GC(15)     Total                          Min: 0, Avg:  0.0, Max: 0, Diff: 0, Sum: 0, Workers: 8
[2025-06-17T22:44:50.409+0300][8864][19604][debug][gc,phases] GC(15)   Weak JFR Old Object Samples    Min:  0.0, Avg:  0.0, Max:  0.0, Diff:  0.0, Sum:  0.0, Workers: 8
[2025-06-17T22:44:50.409+0300][8864][19604][debug][gc,phases] GC(15)     Dead                           Min: 0, Avg:  0.0, Max: 0, Diff: 0, Sum: 0, Workers: 8
[2025-06-17T22:44:50.409+0300][8864][19604][debug][gc,phases] GC(15)     Total                          Min: 0, Avg:  0.0, Max: 0, Diff: 0, Sum: 0, Workers: 8
[2025-06-17T22:44:50.409+0300][8864][19604][debug][gc,phases] GC(15) Phase 1: Weak Processing 0.417ms
[2025-06-17T22:44:50.409+0300][8864][19604][debug][gc,phases] GC(15) ClassLoaderData 0.223ms
[2025-06-17T22:44:50.409+0300][8864][19604][debug][gc,phases] GC(15) Trigger cleanups 0.005ms
[2025-06-17T22:44:50.422+0300][8864][19604][debug][gc,phases] GC(15) G1 Complete Cleaning 19.189ms
[2025-06-17T22:44:50.422+0300][8864][19604][debug][gc,phases] GC(15) Purge Unlinked NMethods 1.522ms
[2025-06-17T22:44:50.422+0300][8864][19604][debug][gc,phases] GC(15) Unregister NMethods 0.486ms
[2025-06-17T22:44:50.422+0300][8864][19604][debug][gc,phases] GC(15) Free Code Blobs 0.282ms
[2025-06-17T22:44:50.422+0300][8864][19604][debug][gc,phases] GC(15) Purge Class Loader Data 0.569ms
[2025-06-17T22:44:50.422+0300][8864][19604][debug][gc,phases] GC(15) Phase 1: Class Unloading and Cleanup 22.460ms
[2025-06-17T22:44:50.422+0300][8864][19604][debug][gc,phases] GC(15) Report Object Count 0.001ms
[2025-06-17T22:44:50.422+0300][8864][19604][info ][gc,phases] GC(15) Phase 1: Mark live objects 26.098ms
[2025-06-17T22:44:50.422+0300][8864][19604][debug][gc,phases] GC(15) Phase 2: Determine work lists 0.105ms
[2025-06-17T22:44:50.422+0300][8864][19604][debug][gc,phases] GC(15) Phase 2: Prepare parallel compaction 0.947ms
[2025-06-17T22:44:50.422+0300][8864][19604][info ][gc,phases] GC(15) Phase 2: Prepare compaction 1.091ms
[2025-06-17T22:44:50.438+0300][8864][19604][info ][gc,phases] GC(15) Phase 3: Adjust pointers 6.364ms
[2025-06-17T22:44:50.438+0300][8864][19604][info ][gc,phases] GC(15) Phase 4: Compact heap 0.742ms
[2025-06-17T22:44:50.438+0300][8864][19604][info ][gc,phases] GC(15) Phase 5: Reset Metadata 1.935ms
[2025-06-17T22:44:50.445+0300][8864][19604][info ][gc,heap  ] GC(15) Eden regions: 460->0(1228)
[2025-06-17T22:44:50.445+0300][8864][19604][info ][gc,heap  ] GC(15) Survivor regions: 3->0(154)
[2025-06-17T22:44:50.445+0300][8864][19604][info ][gc,heap  ] GC(15) Old regions: 19->17
[2025-06-17T22:44:50.445+0300][8864][19604][info ][gc,heap  ] GC(15) Humongous regions: 0->0
[2025-06-17T22:44:50.445+0300][8864][19604][debug][gc,heap  ] GC(15) Heap after GC invocations=16 (full 3):
[2025-06-17T22:44:50.445+0300][8864][19604][debug][gc,heap  ] GC(15)  garbage-first heap   total 2097152K, used 14112K [0x0000000080000000, 0x0000000100000000)
[2025-06-17T22:44:50.445+0300][8864][19604][debug][gc,heap  ] GC(15)   region size 1024K, 0 young (0K), 0 survivors (0K)
[2025-06-17T22:44:50.445+0300][8864][19604][debug][gc,heap  ] GC(15)  Metaspace       used 33339K, committed 35520K, reserved 1114112K
[2025-06-17T22:44:50.445+0300][8864][19604][debug][gc,heap  ] GC(15)   class space    used 2787K, committed 3328K, reserved 1048576K
[2025-06-17T22:44:50.445+0300][8864][19604][info ][gc       ] GC(15) Pause Full (System.gc()) 476M->13M(2048M) 43.928ms
[2025-06-17T22:44:50.445+0300][8864][19604][info ][safepoint] Safepoint "G1CollectFull", Time since last: 206981200 ns, Reaching safepoint: 54800 ns, Cleanup: 11500 ns, At safepoint: 43955200 ns, Total: 44021500 ns
[2025-06-17T22:44:51.458+0300][8864][19604][debug][safepoint] Safepoint synchronization initiated using striped semaphore wait barrier. (32 threads)
[2025-06-17T22:44:51.458+0300][8864][19604][info ][safepoint] Safepoint "Cleanup", Time since last: 1008133600 ns, Reaching safepoint: 100000 ns, Cleanup: 81600 ns, At safepoint: 29700 ns, Total: 211300 ns
[2025-06-17T22:44:52.468+0300][8864][19604][debug][safepoint] Safepoint synchronization initiated using striped semaphore wait barrier. (32 threads)
[2025-06-17T22:44:52.468+0300][8864][19604][info ][safepoint] Safepoint "Cleanup", Time since last: 1009984400 ns, Reaching safepoint: 148400 ns, Cleanup: 32000 ns, At safepoint: 52900 ns, Total: 233300 ns
[2025-06-17T22:44:53.474+0300][8864][19604][debug][safepoint] Safepoint synchronization initiated using striped semaphore wait barrier. (32 threads)
[2025-06-17T22:44:53.474+0300][8864][17004][debug][safepoint] ... found polling page loop exception at pc = 0x0000017c884cad4f, stub =0x0000017c87586600
[2025-06-17T22:44:53.474+0300][8864][19604][info ][safepoint] Safepoint "Cleanup", Time since last: 1005348200 ns, Reaching safepoint: 376100 ns, Cleanup: 22300 ns, At safepoint: 30600 ns, Total: 429000 ns
[2025-06-17T22:44:56.501+0300][8864][19604][debug][safepoint] Safepoint synchronization initiated using striped semaphore wait barrier. (32 threads)
[2025-06-17T22:44:56.502+0300][8864][19604][info ][safepoint] Safepoint "Cleanup", Time since last: 3027333300 ns, Reaching safepoint: 144100 ns, Cleanup: 21600 ns, At safepoint: 34300 ns, Total: 200000 ns
[2025-06-17T22:44:58.517+0300][8864][19604][debug][safepoint] Safepoint synchronization initiated using striped semaphore wait barrier. (32 threads)
[2025-06-17T22:44:58.517+0300][8864][19604][info ][safepoint] Safepoint "Cleanup", Time since last: 2014983600 ns, Reaching safepoint: 161200 ns, Cleanup: 46200 ns, At safepoint: 20400 ns, Total: 227800 ns
[2025-06-17T22:45:00.519+0300][8864][19604][debug][safepoint] Safepoint synchronization initiated using striped semaphore wait barrier. (32 threads)
[2025-06-17T22:45:00.519+0300][8864][17256][debug][safepoint] ... found polling page loop exception at pc = 0x0000017c885b33b2, stub =0x0000017c87586600
[2025-06-17T22:45:00.519+0300][8864][13508][debug][safepoint] ... found polling page loop exception at pc = 0x0000017c885b33b2, stub =0x0000017c87586600
[2025-06-17T22:45:00.519+0300][8864][19604][info ][safepoint] Safepoint "Cleanup", Time since last: 2001986800 ns, Reaching safepoint: 214600 ns, Cleanup: 17800 ns, At safepoint: 12700 ns, Total: 245100 ns
[2025-06-17T22:45:03.543+0300][8864][19604][debug][safepoint] Safepoint synchronization initiated using striped semaphore wait barrier. (32 threads)
[2025-06-17T22:45:03.543+0300][8864][19604][info ][safepoint] Safepoint "Cleanup", Time since last: 3024318000 ns, Reaching safepoint: 145500 ns, Cleanup: 31900 ns, At safepoint: 19700 ns, Total: 197100 ns
[2025-06-17T22:45:06.159+0300][8864][19604][debug][safepoint] Safepoint synchronization initiated using striped semaphore wait barrier. (22 threads)
