[2025-06-17T22:49:02.238+0300][21396][17204][debug][gc,heap] Minimum heap 2147483648  Initial heap 2147483648  Maximum heap 2147483648
[2025-06-17T22:49:02.253+0300][21396][17204][info ][gc     ] Using G1
[2025-06-17T22:49:02.253+0300][21396][17204][debug][gc     ] ConcGCThreads: 2 offset 16
[2025-06-17T22:49:02.253+0300][21396][17204][debug][gc     ] ParallelGCThreads: 8
[2025-06-17T22:49:02.253+0300][21396][17204][debug][gc     ] Initialize mark stack with 4096 chunks, maximum 524288
[2025-06-17T22:49:02.687+0300][21396][2564 ][debug][safepoint] Safepoint synchronization initiated using striped semaphore wait barrier. (12 threads)
[2025-06-17T22:49:02.687+0300][21396][2564 ][debug][gc,heap  ] GC(0) Heap before GC invocations=0 (full 0):
[2025-06-17T22:49:02.687+0300][21396][2564 ][debug][gc,heap  ] GC(0)  garbage-first heap   total 2097152K, used 48128K [0x0000000080000000, 0x0000000100000000)
[2025-06-17T22:49:02.687+0300][21396][2564 ][debug][gc,heap  ] GC(0)   region size 1024K, 49 young (50176K), 0 survivors (0K)
[2025-06-17T22:49:02.687+0300][21396][2564 ][debug][gc,heap  ] GC(0)  Metaspace       used 2849K, committed 3072K, reserved 1114112K
[2025-06-17T22:49:02.687+0300][21396][2564 ][debug][gc,heap  ] GC(0)   class space    used 256K, committed 384K, reserved 1048576K
[2025-06-17T22:49:02.695+0300][21396][2564 ][debug][gc,phases] GC(0) Phase 1: Reference Processing 0.222ms
[2025-06-17T22:49:02.695+0300][21396][2564 ][debug][gc,phases] GC(0)   VM Weak                        Min:  0.0, Avg:  0.0, Max:  0.0, Diff:  0.0, Sum:  0.0, Workers: 5
[2025-06-17T22:49:02.695+0300][21396][2564 ][debug][gc,phases] GC(0)     Dead                           Min: 0, Avg:  0.0, Max: 0, Diff: 0, Sum: 0, Workers: 5
[2025-06-17T22:49:02.695+0300][21396][2564 ][debug][gc,phases] GC(0)     Total                          Min: 0, Avg:  4.0, Max: 20, Diff: 20, Sum: 20, Workers: 5
[2025-06-17T22:49:02.695+0300][21396][2564 ][debug][gc,phases] GC(0)   ObjectSynchronizer Weak        Min:  0.0, Avg:  0.0, Max:  0.0, Diff:  0.0, Sum:  0.0, Workers: 5
[2025-06-17T22:49:02.695+0300][21396][2564 ][debug][gc,phases] GC(0)     Dead                           Min: 0, Avg:  0.0, Max: 0, Diff: 0, Sum: 0, Workers: 5
[2025-06-17T22:49:02.695+0300][21396][2564 ][debug][gc,phases] GC(0)     Total                          Min: 0, Avg:  0.2, Max: 1, Diff: 1, Sum: 1, Workers: 5
[2025-06-17T22:49:02.695+0300][21396][2564 ][debug][gc,phases] GC(0)   JVMTI Tag Weak OopStorage      Min:  0.0, Avg:  0.0, Max:  0.0, Diff:  0.0, Sum:  0.0, Workers: 5
[2025-06-17T22:49:02.695+0300][21396][2564 ][debug][gc,phases] GC(0)     Dead                           Min: 0, Avg:  0.0, Max: 0, Diff: 0, Sum: 0, Workers: 5
[2025-06-17T22:49:02.695+0300][21396][2564 ][debug][gc,phases] GC(0)     Total                          Min: 0, Avg:  0.0, Max: 0, Diff: 0, Sum: 0, Workers: 5
[2025-06-17T22:49:02.695+0300][21396][2564 ][debug][gc,phases] GC(0)   StringTable Weak               Min:  0.0, Avg:  0.0, Max:  0.0, Diff:  0.0, Sum:  0.0, Workers: 5
[2025-06-17T22:49:02.695+0300][21396][2564 ][debug][gc,phases] GC(0)     Dead                           Min: 0, Avg:  1.0, Max: 3, Diff: 3, Sum: 5, Workers: 5
[2025-06-17T22:49:02.695+0300][21396][2564 ][debug][gc,phases] GC(0)     Total                          Min: 0, Avg: 842.0, Max: 1536, Diff: 1536, Sum: 4210, Workers: 5
[2025-06-17T22:49:02.695+0300][21396][2564 ][debug][gc,phases] GC(0)   ResolvedMethodTable Weak       Min:  0.0, Avg:  0.0, Max:  0.0, Diff:  0.0, Sum:  0.0, Workers: 5
[2025-06-17T22:49:02.695+0300][21396][2564 ][debug][gc,phases] GC(0)     Dead                           Min: 0, Avg:  4.2, Max: 13, Diff: 13, Sum: 21, Workers: 5
[2025-06-17T22:49:02.695+0300][21396][2564 ][debug][gc,phases] GC(0)     Total                          Min: 0, Avg: 40.2, Max: 64, Diff: 64, Sum: 201, Workers: 5
[2025-06-17T22:49:02.695+0300][21396][2564 ][debug][gc,phases] GC(0)   JNI Weak                       Min:  0.0, Avg:  0.0, Max:  0.0, Diff:  0.0, Sum:  0.0, Workers: 5
[2025-06-17T22:49:02.695+0300][21396][2564 ][debug][gc,phases] GC(0)     Dead                           Min: 0, Avg:  0.0, Max: 0, Diff: 0, Sum: 0, Workers: 5
[2025-06-17T22:49:02.695+0300][21396][2564 ][debug][gc,phases] GC(0)     Total                          Min: 0, Avg:  0.0, Max: 0, Diff: 0, Sum: 0, Workers: 5
[2025-06-17T22:49:02.695+0300][21396][2564 ][debug][gc,phases] GC(0)   StringDedup Table Weak         Min:  0.0, Avg:  0.0, Max:  0.0, Diff:  0.0, Sum:  0.0, Workers: 5
[2025-06-17T22:49:02.695+0300][21396][2564 ][debug][gc,phases] GC(0)     Dead                           Min: 0, Avg:  0.0, Max: 0, Diff: 0, Sum: 0, Workers: 5
[2025-06-17T22:49:02.695+0300][21396][2564 ][debug][gc,phases] GC(0)     Total                          Min: 0, Avg:  0.0, Max: 0, Diff: 0, Sum: 0, Workers: 5
[2025-06-17T22:49:02.695+0300][21396][2564 ][debug][gc,phases] GC(0)   StringDedup Requests0 Weak     Min:  0.0, Avg:  0.0, Max:  0.0, Diff:  0.0, Sum:  0.0, Workers: 5
[2025-06-17T22:49:02.695+0300][21396][2564 ][debug][gc,phases] GC(0)     Dead                           Min: 0, Avg:  0.0, Max: 0, Diff: 0, Sum: 0, Workers: 5
[2025-06-17T22:49:02.695+0300][21396][2564 ][debug][gc,phases] GC(0)     Total                          Min: 0, Avg:  0.0, Max: 0, Diff: 0, Sum: 0, Workers: 5
[2025-06-17T22:49:02.695+0300][21396][2564 ][debug][gc,phases] GC(0)   StringDedup Requests1 Weak     Min:  0.0, Avg:  0.0, Max:  0.0, Diff:  0.0, Sum:  0.0, Workers: 5
[2025-06-17T22:49:02.695+0300][21396][2564 ][debug][gc,phases] GC(0)     Dead                           Min: 0, Avg:  0.0, Max: 0, Diff: 0, Sum: 0, Workers: 5
[2025-06-17T22:49:02.695+0300][21396][2564 ][debug][gc,phases] GC(0)     Total                          Min: 0, Avg:  0.0, Max: 0, Diff: 0, Sum: 0, Workers: 5
[2025-06-17T22:49:02.695+0300][21396][2564 ][debug][gc,phases] GC(0)   Weak JFR Old Object Samples    Min:  0.0, Avg:  0.0, Max:  0.0, Diff:  0.0, Sum:  0.0, Workers: 5
[2025-06-17T22:49:02.695+0300][21396][2564 ][debug][gc,phases] GC(0)     Dead                           Min: 0, Avg:  0.0, Max: 0, Diff: 0, Sum: 0, Workers: 5
[2025-06-17T22:49:02.695+0300][21396][2564 ][debug][gc,phases] GC(0)     Total                          Min: 0, Avg:  0.0, Max: 0, Diff: 0, Sum: 0, Workers: 5
[2025-06-17T22:49:02.695+0300][21396][2564 ][debug][gc,phases] GC(0) Phase 1: Weak Processing 0.546ms
[2025-06-17T22:49:02.695+0300][21396][2564 ][debug][gc,phases] GC(0) ClassLoaderData 0.005ms
[2025-06-17T22:49:02.695+0300][21396][2564 ][debug][gc,phases] GC(0) Trigger cleanups 0.001ms
[2025-06-17T22:49:02.697+0300][21396][2564 ][debug][gc,phases] GC(0) G1 Complete Cleaning 0.384ms
[2025-06-17T22:49:02.697+0300][21396][2564 ][debug][gc,phases] GC(0) Purge Unlinked NMethods 0.001ms
[2025-06-17T22:49:02.697+0300][21396][2564 ][debug][gc,phases] GC(0) Unregister NMethods 0.183ms
[2025-06-17T22:49:02.697+0300][21396][2564 ][debug][gc,phases] GC(0) Free Code Blobs 0.002ms
[2025-06-17T22:49:02.697+0300][21396][2564 ][debug][gc,phases] GC(0) Purge Class Loader Data 0.026ms
[2025-06-17T22:49:02.697+0300][21396][2564 ][debug][gc,phases] GC(0) Phase 1: Class Unloading and Cleanup 0.718ms
[2025-06-17T22:49:02.697+0300][21396][2564 ][debug][gc,phases] GC(0) Report Object Count 0.002ms
[2025-06-17T22:49:02.697+0300][21396][2564 ][info ][gc,phases] GC(0) Phase 1: Mark live objects 2.601ms
[2025-06-17T22:49:02.697+0300][21396][2564 ][debug][gc,phases] GC(0) Phase 2: Determine work lists 0.071ms
[2025-06-17T22:49:02.697+0300][21396][2564 ][debug][gc,phases] GC(0) Phase 2: Prepare parallel compaction 0.449ms
[2025-06-17T22:49:02.697+0300][21396][2564 ][info ][gc,phases] GC(0) Phase 2: Prepare compaction 0.571ms
[2025-06-17T22:49:02.699+0300][21396][2564 ][info ][gc,phases] GC(0) Phase 3: Adjust pointers 0.832ms
[2025-06-17T22:49:02.699+0300][21396][2564 ][info ][gc,phases] GC(0) Phase 4: Compact heap 0.665ms
[2025-06-17T22:49:02.699+0300][21396][2564 ][info ][gc,phases] GC(0) Phase 5: Reset Metadata 0.804ms
[2025-06-17T22:49:02.705+0300][21396][2564 ][info ][gc,heap  ] GC(0) Eden regions: 49->0(102)
[2025-06-17T22:49:02.705+0300][21396][2564 ][info ][gc,heap  ] GC(0) Survivor regions: 0->0(0)
[2025-06-17T22:49:02.705+0300][21396][2564 ][info ][gc,heap  ] GC(0) Old regions: 0->8
[2025-06-17T22:49:02.705+0300][21396][2564 ][info ][gc,heap  ] GC(0) Humongous regions: 0->0
[2025-06-17T22:49:02.705+0300][21396][2564 ][debug][gc,heap  ] GC(0) Heap after GC invocations=1 (full 1):
[2025-06-17T22:49:02.705+0300][21396][2564 ][debug][gc,heap  ] GC(0)  garbage-first heap   total 2097152K, used 2423K [0x0000000080000000, 0x0000000100000000)
[2025-06-17T22:49:02.705+0300][21396][2564 ][debug][gc,heap  ] GC(0)   region size 1024K, 0 young (0K), 0 survivors (0K)
[2025-06-17T22:49:02.705+0300][21396][2564 ][debug][gc,heap  ] GC(0)  Metaspace       used 2849K, committed 3072K, reserved 1114112K
[2025-06-17T22:49:02.705+0300][21396][2564 ][debug][gc,heap  ] GC(0)   class space    used 256K, committed 384K, reserved 1048576K
[2025-06-17T22:49:02.705+0300][21396][2564 ][info ][gc       ] GC(0) Pause Full (System.gc()) 49M->2M(2048M) 11.593ms
[2025-06-17T22:49:02.705+0300][21396][2564 ][info ][safepoint] Safepoint "G1CollectFull", Time since last: 420294500 ns, Reaching safepoint: 2135700 ns, Cleanup: 34700 ns, At safepoint: 11620300 ns, Total: 13790700 ns
[2025-06-17T22:49:02.973+0300][21396][2564 ][debug][safepoint] Safepoint synchronization initiated using striped semaphore wait barrier. (22 threads)
[2025-06-17T22:49:02.983+0300][21396][2564 ][info ][safepoint] Safepoint "ICBufferFull", Time since last: 277353600 ns, Reaching safepoint: 113900 ns, Cleanup: 72500 ns, At safepoint: 4800 ns, Total: 191200 ns
[2025-06-17T22:49:03.989+0300][21396][2564 ][debug][safepoint] Safepoint synchronization initiated using striped semaphore wait barrier. (21 threads)
[2025-06-17T22:49:03.989+0300][21396][2564 ][info ][safepoint] Safepoint "Cleanup", Time since last: 1005827400 ns, Reaching safepoint: 42800 ns, Cleanup: 31400 ns, At safepoint: 3900 ns, Total: 78100 ns
[2025-06-17T22:49:04.994+0300][21396][2564 ][debug][safepoint] Safepoint synchronization initiated using striped semaphore wait barrier. (20 threads)
[2025-06-17T22:49:04.994+0300][21396][2564 ][info ][safepoint] Safepoint "Cleanup", Time since last: 1005260900 ns, Reaching safepoint: 56100 ns, Cleanup: 11000 ns, At safepoint: 4700 ns, Total: 71800 ns
[2025-06-17T22:49:05.996+0300][21396][2564 ][debug][safepoint] Safepoint synchronization initiated using striped semaphore wait barrier. (20 threads)
[2025-06-17T22:49:05.996+0300][21396][2564 ][info ][safepoint] Safepoint "Cleanup", Time since last: 1001920600 ns, Reaching safepoint: 40800 ns, Cleanup: 11800 ns, At safepoint: 4000 ns, Total: 56600 ns
[2025-06-17T22:49:09.376+0300][21396][2564 ][debug][safepoint] Safepoint synchronization initiated using striped semaphore wait barrier. (11 threads)
[2025-06-17T22:49:09.376+0300][21396][2564 ][info ][safepoint] Safepoint "Cleanup", Time since last: 3380944900 ns, Reaching safepoint: 39000 ns, Cleanup: 4800 ns, At safepoint: 2700 ns, Total: 46500 ns
[2025-06-17T22:49:09.378+0300][21396][2564 ][debug][safepoint] Safepoint synchronization initiated using striped semaphore wait barrier. (11 threads)
[2025-06-17T22:49:09.378+0300][21396][2564 ][debug][gc,heap  ] GC(1) Heap before GC invocations=1 (full 1):
[2025-06-17T22:49:09.378+0300][21396][2564 ][debug][gc,heap  ] GC(1)  garbage-first heap   total 2097152K, used 92535K [0x0000000080000000, 0x0000000100000000)
[2025-06-17T22:49:09.378+0300][21396][2564 ][debug][gc,heap  ] GC(1)   region size 1024K, 89 young (91136K), 0 survivors (0K)
[2025-06-17T22:49:09.378+0300][21396][2564 ][debug][gc,heap  ] GC(1)  Metaspace       used 5374K, committed 5632K, reserved 1114112K
[2025-06-17T22:49:09.378+0300][21396][2564 ][debug][gc,heap  ] GC(1)   class space    used 582K, committed 704K, reserved 1048576K
[2025-06-17T22:49:09.378+0300][21396][2564 ][debug][gc,phases] GC(1) Phase 1: Reference Processing 0.085ms
[2025-06-17T22:49:09.378+0300][21396][2564 ][debug][gc,phases] GC(1)   VM Weak                        Min:  0.0, Avg:  0.0, Max:  0.0, Diff:  0.0, Sum:  0.0, Workers: 6
[2025-06-17T22:49:09.378+0300][21396][2564 ][debug][gc,phases] GC(1)     Dead                           Min: 0, Avg:  0.0, Max: 0, Diff: 0, Sum: 0, Workers: 6
[2025-06-17T22:49:09.378+0300][21396][2564 ][debug][gc,phases] GC(1)     Total                          Min: 0, Avg:  3.3, Max: 20, Diff: 20, Sum: 20, Workers: 6
[2025-06-17T22:49:09.378+0300][21396][2564 ][debug][gc,phases] GC(1)   ObjectSynchronizer Weak        Min:  0.0, Avg:  0.0, Max:  0.0, Diff:  0.0, Sum:  0.0, Workers: 6
[2025-06-17T22:49:09.378+0300][21396][2564 ][debug][gc,phases] GC(1)     Dead                           Min: 0, Avg:  0.7, Max: 4, Diff: 4, Sum: 4, Workers: 6
[2025-06-17T22:49:09.378+0300][21396][2564 ][debug][gc,phases] GC(1)     Total                          Min: 0, Avg:  1.2, Max: 7, Diff: 7, Sum: 7, Workers: 6
[2025-06-17T22:49:09.378+0300][21396][2564 ][debug][gc,phases] GC(1)   JVMTI Tag Weak OopStorage      Min:  0.0, Avg:  0.0, Max:  0.0, Diff:  0.0, Sum:  0.0, Workers: 6
[2025-06-17T22:49:09.378+0300][21396][2564 ][debug][gc,phases] GC(1)     Dead                           Min: 0, Avg:  0.0, Max: 0, Diff: 0, Sum: 0, Workers: 6
[2025-06-17T22:49:09.378+0300][21396][2564 ][debug][gc,phases] GC(1)     Total                          Min: 0, Avg:  0.0, Max: 0, Diff: 0, Sum: 0, Workers: 6
[2025-06-17T22:49:09.378+0300][21396][2564 ][debug][gc,phases] GC(1)   StringTable Weak               Min:  0.0, Avg:  0.0, Max:  0.0, Diff:  0.0, Sum:  0.0, Workers: 6
[2025-06-17T22:49:09.378+0300][21396][2564 ][debug][gc,phases] GC(1)     Dead                           Min: 0, Avg:  0.0, Max: 0, Diff: 0, Sum: 0, Workers: 6
[2025-06-17T22:49:09.378+0300][21396][2564 ][debug][gc,phases] GC(1)     Total                          Min: 832, Avg: 958.2, Max: 1280, Diff: 448, Sum: 5749, Workers: 6
[2025-06-17T22:49:09.378+0300][21396][2564 ][debug][gc,phases] GC(1)   ResolvedMethodTable Weak       Min:  0.0, Avg:  0.0, Max:  0.0, Diff:  0.0, Sum:  0.0, Workers: 6
[2025-06-17T22:49:09.378+0300][21396][2564 ][debug][gc,phases] GC(1)     Dead                           Min: 0, Avg:  0.2, Max: 1, Diff: 1, Sum: 1, Workers: 6
[2025-06-17T22:49:09.378+0300][21396][2564 ][debug][gc,phases] GC(1)     Total                          Min: 0, Avg: 34.7, Max: 81, Diff: 81, Sum: 208, Workers: 6
[2025-06-17T22:49:09.378+0300][21396][2564 ][debug][gc,phases] GC(1)   JNI Weak                       Min:  0.0, Avg:  0.0, Max:  0.0, Diff:  0.0, Sum:  0.0, Workers: 6
[2025-06-17T22:49:09.378+0300][21396][2564 ][debug][gc,phases] GC(1)     Dead                           Min: 0, Avg:  0.0, Max: 0, Diff: 0, Sum: 0, Workers: 6
[2025-06-17T22:49:09.378+0300][21396][2564 ][debug][gc,phases] GC(1)     Total                          Min: 0, Avg:  0.0, Max: 0, Diff: 0, Sum: 0, Workers: 6
[2025-06-17T22:49:09.378+0300][21396][2564 ][debug][gc,phases] GC(1)   StringDedup Table Weak         Min:  0.0, Avg:  0.0, Max:  0.0, Diff:  0.0, Sum:  0.0, Workers: 6
[2025-06-17T22:49:09.378+0300][21396][2564 ][debug][gc,phases] GC(1)     Dead                           Min: 0, Avg:  0.0, Max: 0, Diff: 0, Sum: 0, Workers: 6
[2025-06-17T22:49:09.378+0300][21396][2564 ][debug][gc,phases] GC(1)     Total                          Min: 0, Avg:  0.0, Max: 0, Diff: 0, Sum: 0, Workers: 6
[2025-06-17T22:49:09.378+0300][21396][2564 ][debug][gc,phases] GC(1)   StringDedup Requests0 Weak     Min:  0.0, Avg:  0.0, Max:  0.0, Diff:  0.0, Sum:  0.0, Workers: 6
[2025-06-17T22:49:09.378+0300][21396][2564 ][debug][gc,phases] GC(1)     Dead                           Min: 0, Avg:  0.0, Max: 0, Diff: 0, Sum: 0, Workers: 6
[2025-06-17T22:49:09.378+0300][21396][2564 ][debug][gc,phases] GC(1)     Total                          Min: 0, Avg:  0.0, Max: 0, Diff: 0, Sum: 0, Workers: 6
[2025-06-17T22:49:09.378+0300][21396][2564 ][debug][gc,phases] GC(1)   StringDedup Requests1 Weak     Min:  0.0, Avg:  0.0, Max:  0.0, Diff:  0.0, Sum:  0.0, Workers: 6
[2025-06-17T22:49:09.378+0300][21396][2564 ][debug][gc,phases] GC(1)     Dead                           Min: 0, Avg:  0.0, Max: 0, Diff: 0, Sum: 0, Workers: 6
[2025-06-17T22:49:09.378+0300][21396][2564 ][debug][gc,phases] GC(1)     Total                          Min: 0, Avg:  0.0, Max: 0, Diff: 0, Sum: 0, Workers: 6
[2025-06-17T22:49:09.378+0300][21396][2564 ][debug][gc,phases] GC(1)   Weak JFR Old Object Samples    Min:  0.0, Avg:  0.0, Max:  0.0, Diff:  0.0, Sum:  0.0, Workers: 6
[2025-06-17T22:49:09.378+0300][21396][2564 ][debug][gc,phases] GC(1)     Dead                           Min: 0, Avg:  0.0, Max: 0, Diff: 0, Sum: 0, Workers: 6
[2025-06-17T22:49:09.378+0300][21396][2564 ][debug][gc,phases] GC(1)     Total                          Min: 0, Avg:  0.0, Max: 0, Diff: 0, Sum: 0, Workers: 6
[2025-06-17T22:49:09.378+0300][21396][2564 ][debug][gc,phases] GC(1) Phase 1: Weak Processing 0.400ms
[2025-06-17T22:49:09.378+0300][21396][2564 ][debug][gc,phases] GC(1) ClassLoaderData 0.001ms
[2025-06-17T22:49:09.378+0300][21396][2564 ][debug][gc,phases] GC(1) Trigger cleanups 0.002ms
[2025-06-17T22:49:09.378+0300][21396][2564 ][debug][gc,phases] GC(1) G1 Complete Cleaning 0.474ms
[2025-06-17T22:49:09.378+0300][21396][2564 ][debug][gc,phases] GC(1) Purge Unlinked NMethods 0.054ms
[2025-06-17T22:49:09.378+0300][21396][2564 ][debug][gc,phases] GC(1) Unregister NMethods 0.133ms
[2025-06-17T22:49:09.378+0300][21396][2564 ][debug][gc,phases] GC(1) Free Code Blobs 0.012ms
[2025-06-17T22:49:09.378+0300][21396][2564 ][debug][gc,phases] GC(1) Purge Class Loader Data 0.004ms
[2025-06-17T22:49:09.378+0300][21396][2564 ][debug][gc,phases] GC(1) Phase 1: Class Unloading and Cleanup 0.774ms
[2025-06-17T22:49:09.378+0300][21396][2564 ][debug][gc,phases] GC(1) Report Object Count 0.001ms
[2025-06-17T22:49:09.378+0300][21396][2564 ][info ][gc,phases] GC(1) Phase 1: Mark live objects 2.087ms
[2025-06-17T22:49:09.378+0300][21396][2564 ][debug][gc,phases] GC(1) Phase 2: Determine work lists 0.043ms
[2025-06-17T22:49:09.378+0300][21396][2564 ][debug][gc,phases] GC(1) Phase 2: Prepare parallel compaction 0.260ms
[2025-06-17T22:49:09.378+0300][21396][2564 ][info ][gc,phases] GC(1) Phase 2: Prepare compaction 0.341ms
[2025-06-17T22:49:09.378+0300][21396][2564 ][info ][gc,phases] GC(1) Phase 3: Adjust pointers 1.172ms
[2025-06-17T22:49:09.378+0300][21396][2564 ][info ][gc,phases] GC(1) Phase 4: Compact heap 0.321ms
[2025-06-17T22:49:09.385+0300][21396][2564 ][info ][gc,phases] GC(1) Phase 5: Reset Metadata 0.713ms
[2025-06-17T22:49:09.387+0300][21396][2564 ][info ][gc,heap  ] GC(1) Eden regions: 89->0(102)
[2025-06-17T22:49:09.387+0300][21396][2564 ][info ][gc,heap  ] GC(1) Survivor regions: 0->0(0)
[2025-06-17T22:49:09.387+0300][21396][2564 ][info ][gc,heap  ] GC(1) Old regions: 8->8
[2025-06-17T22:49:09.387+0300][21396][2564 ][info ][gc,heap  ] GC(1) Humongous regions: 0->0
[2025-06-17T22:49:09.387+0300][21396][2564 ][debug][gc,heap  ] GC(1) Heap after GC invocations=2 (full 2):
[2025-06-17T22:49:09.387+0300][21396][2564 ][debug][gc,heap  ] GC(1)  garbage-first heap   total 2097152K, used 2758K [0x0000000080000000, 0x0000000100000000)
[2025-06-17T22:49:09.387+0300][21396][2564 ][debug][gc,heap  ] GC(1)   region size 1024K, 0 young (0K), 0 survivors (0K)
[2025-06-17T22:49:09.387+0300][21396][2564 ][debug][gc,heap  ] GC(1)  Metaspace       used 5374K, committed 5632K, reserved 1114112K
[2025-06-17T22:49:09.387+0300][21396][2564 ][debug][gc,heap  ] GC(1)   class space    used 582K, committed 704K, reserved 1048576K
[2025-06-17T22:49:09.387+0300][21396][2564 ][info ][gc       ] GC(1) Pause Full (System.gc()) 90M->2M(2048M) 8.501ms
[2025-06-17T22:49:09.387+0300][21396][2564 ][info ][safepoint] Safepoint "G1CollectFull", Time since last: 2912100 ns, Reaching safepoint: 31500 ns, Cleanup: 10900 ns, At safepoint: 8520400 ns, Total: 8562800 ns
[2025-06-17T22:49:10.395+0300][21396][2564 ][debug][safepoint] Safepoint synchronization initiated using striped semaphore wait barrier. (20 threads)
[2025-06-17T22:49:10.395+0300][21396][2564 ][info ][safepoint] Safepoint "Cleanup", Time since last: 1006158500 ns, Reaching safepoint: 56700 ns, Cleanup: 31800 ns, At safepoint: 3400 ns, Total: 91900 ns
[2025-06-17T22:49:15.411+0300][21396][2564 ][debug][safepoint] Safepoint synchronization initiated using striped semaphore wait barrier. (20 threads)
[2025-06-17T22:49:15.411+0300][21396][2564 ][info ][safepoint] Safepoint "Cleanup", Time since last: 5016205000 ns, Reaching safepoint: 55600 ns, Cleanup: 11500 ns, At safepoint: 3600 ns, Total: 70700 ns
[2025-06-17T22:49:15.613+0300][21396][2564 ][debug][safepoint] Safepoint synchronization initiated using striped semaphore wait barrier. (11 threads)
[2025-06-17T22:49:15.613+0300][21396][2564 ][debug][gc,heap  ] GC(2) Heap before GC invocations=2 (full 2):
[2025-06-17T22:49:15.613+0300][21396][2564 ][debug][gc,heap  ] GC(2)  garbage-first heap   total 2097152K, used 86726K [0x0000000080000000, 0x0000000100000000)
[2025-06-17T22:49:15.613+0300][21396][2564 ][debug][gc,heap  ] GC(2)   region size 1024K, 83 young (84992K), 0 survivors (0K)
[2025-06-17T22:49:15.613+0300][21396][2564 ][debug][gc,heap  ] GC(2)  Metaspace       used 5410K, committed 5632K, reserved 1114112K
[2025-06-17T22:49:15.613+0300][21396][2564 ][debug][gc,heap  ] GC(2)   class space    used 582K, committed 704K, reserved 1048576K
[2025-06-17T22:49:15.613+0300][21396][2564 ][debug][gc,phases] GC(2) Phase 1: Reference Processing 0.135ms
[2025-06-17T22:49:15.613+0300][21396][2564 ][debug][gc,phases] GC(2)   VM Weak                        Min:  0.0, Avg:  0.0, Max:  0.0, Diff:  0.0, Sum:  0.0, Workers: 7
[2025-06-17T22:49:15.613+0300][21396][2564 ][debug][gc,phases] GC(2)     Dead                           Min: 0, Avg:  0.0, Max: 0, Diff: 0, Sum: 0, Workers: 7
[2025-06-17T22:49:15.613+0300][21396][2564 ][debug][gc,phases] GC(2)     Total                          Min: 0, Avg:  2.9, Max: 20, Diff: 20, Sum: 20, Workers: 7
[2025-06-17T22:49:15.613+0300][21396][2564 ][debug][gc,phases] GC(2)   ObjectSynchronizer Weak        Min:  0.0, Avg:  0.0, Max:  0.0, Diff:  0.0, Sum:  0.0, Workers: 7
[2025-06-17T22:49:15.613+0300][21396][2564 ][debug][gc,phases] GC(2)     Dead                           Min: 0, Avg:  0.7, Max: 5, Diff: 5, Sum: 5, Workers: 7
[2025-06-17T22:49:15.613+0300][21396][2564 ][debug][gc,phases] GC(2)     Total                          Min: 0, Avg:  1.7, Max: 12, Diff: 12, Sum: 12, Workers: 7
[2025-06-17T22:49:15.613+0300][21396][2564 ][debug][gc,phases] GC(2)   JVMTI Tag Weak OopStorage      Min:  0.0, Avg:  0.0, Max:  0.0, Diff:  0.0, Sum:  0.0, Workers: 7
[2025-06-17T22:49:15.613+0300][21396][2564 ][debug][gc,phases] GC(2)     Dead                           Min: 0, Avg:  0.0, Max: 0, Diff: 0, Sum: 0, Workers: 7
[2025-06-17T22:49:15.613+0300][21396][2564 ][debug][gc,phases] GC(2)     Total                          Min: 0, Avg:  0.0, Max: 0, Diff: 0, Sum: 0, Workers: 7
[2025-06-17T22:49:15.613+0300][21396][2564 ][debug][gc,phases] GC(2)   StringTable Weak               Min:  0.0, Avg:  0.0, Max:  0.0, Diff:  0.0, Sum:  0.0, Workers: 7
[2025-06-17T22:49:15.613+0300][21396][2564 ][debug][gc,phases] GC(2)     Dead                           Min: 0, Avg:  0.0, Max: 0, Diff: 0, Sum: 0, Workers: 7
[2025-06-17T22:49:15.613+0300][21396][2564 ][debug][gc,phases] GC(2)     Total                          Min: 0, Avg: 823.1, Max: 1408, Diff: 1408, Sum: 5762, Workers: 7
[2025-06-17T22:49:15.613+0300][21396][2564 ][debug][gc,phases] GC(2)   ResolvedMethodTable Weak       Min:  0.0, Avg:  0.0, Max:  0.0, Diff:  0.0, Sum:  0.0, Workers: 7
[2025-06-17T22:49:15.613+0300][21396][2564 ][debug][gc,phases] GC(2)     Dead                           Min: 0, Avg:  0.0, Max: 0, Diff: 0, Sum: 0, Workers: 7
[2025-06-17T22:49:15.613+0300][21396][2564 ][debug][gc,phases] GC(2)     Total                          Min: 0, Avg: 29.7, Max: 64, Diff: 64, Sum: 208, Workers: 7
[2025-06-17T22:49:15.613+0300][21396][2564 ][debug][gc,phases] GC(2)   JNI Weak                       Min:  0.0, Avg:  0.0, Max:  0.0, Diff:  0.0, Sum:  0.0, Workers: 7
[2025-06-17T22:49:15.613+0300][21396][2564 ][debug][gc,phases] GC(2)     Dead                           Min: 0, Avg:  0.0, Max: 0, Diff: 0, Sum: 0, Workers: 7
[2025-06-17T22:49:15.613+0300][21396][2564 ][debug][gc,phases] GC(2)     Total                          Min: 0, Avg:  0.0, Max: 0, Diff: 0, Sum: 0, Workers: 7
[2025-06-17T22:49:15.613+0300][21396][2564 ][debug][gc,phases] GC(2)   StringDedup Table Weak         Min:  0.0, Avg:  0.0, Max:  0.0, Diff:  0.0, Sum:  0.0, Workers: 7
[2025-06-17T22:49:15.613+0300][21396][2564 ][debug][gc,phases] GC(2)     Dead                           Min: 0, Avg:  0.0, Max: 0, Diff: 0, Sum: 0, Workers: 7
[2025-06-17T22:49:15.613+0300][21396][2564 ][debug][gc,phases] GC(2)     Total                          Min: 0, Avg:  0.0, Max: 0, Diff: 0, Sum: 0, Workers: 7
[2025-06-17T22:49:15.613+0300][21396][2564 ][debug][gc,phases] GC(2)   StringDedup Requests0 Weak     Min:  0.0, Avg:  0.0, Max:  0.0, Diff:  0.0, Sum:  0.0, Workers: 7
[2025-06-17T22:49:15.613+0300][21396][2564 ][debug][gc,phases] GC(2)     Dead                           Min: 0, Avg:  0.0, Max: 0, Diff: 0, Sum: 0, Workers: 7
[2025-06-17T22:49:15.613+0300][21396][2564 ][debug][gc,phases] GC(2)     Total                          Min: 0, Avg:  0.0, Max: 0, Diff: 0, Sum: 0, Workers: 7
[2025-06-17T22:49:15.613+0300][21396][2564 ][debug][gc,phases] GC(2)   StringDedup Requests1 Weak     Min:  0.0, Avg:  0.0, Max:  0.0, Diff:  0.0, Sum:  0.0, Workers: 7
[2025-06-17T22:49:15.613+0300][21396][2564 ][debug][gc,phases] GC(2)     Dead                           Min: 0, Avg:  0.0, Max: 0, Diff: 0, Sum: 0, Workers: 7
[2025-06-17T22:49:15.613+0300][21396][2564 ][debug][gc,phases] GC(2)     Total                          Min: 0, Avg:  0.0, Max: 0, Diff: 0, Sum: 0, Workers: 7
[2025-06-17T22:49:15.613+0300][21396][2564 ][debug][gc,phases] GC(2)   Weak JFR Old Object Samples    Min:  0.0, Avg:  0.0, Max:  0.0, Diff:  0.0, Sum:  0.0, Workers: 7
[2025-06-17T22:49:15.613+0300][21396][2564 ][debug][gc,phases] GC(2)     Dead                           Min: 0, Avg:  0.0, Max: 0, Diff: 0, Sum: 0, Workers: 7
[2025-06-17T22:49:15.613+0300][21396][2564 ][debug][gc,phases] GC(2)     Total                          Min: 0, Avg:  0.0, Max: 0, Diff: 0, Sum: 0, Workers: 7
[2025-06-17T22:49:15.613+0300][21396][2564 ][debug][gc,phases] GC(2) Phase 1: Weak Processing 0.362ms
[2025-06-17T22:49:15.613+0300][21396][2564 ][debug][gc,phases] GC(2) ClassLoaderData 0.001ms
[2025-06-17T22:49:15.613+0300][21396][2564 ][debug][gc,phases] GC(2) Trigger cleanups 0.002ms
[2025-06-17T22:49:15.613+0300][21396][2564 ][debug][gc,phases] GC(2) G1 Complete Cleaning 0.456ms
[2025-06-17T22:49:15.613+0300][21396][2564 ][debug][gc,phases] GC(2) Purge Unlinked NMethods 0.194ms
[2025-06-17T22:49:15.613+0300][21396][2564 ][debug][gc,phases] GC(2) Unregister NMethods 0.172ms
[2025-06-17T22:49:15.613+0300][21396][2564 ][debug][gc,phases] GC(2) Free Code Blobs 0.076ms
[2025-06-17T22:49:15.613+0300][21396][2564 ][debug][gc,phases] GC(2) Purge Class Loader Data 0.025ms
[2025-06-17T22:49:15.613+0300][21396][2564 ][debug][gc,phases] GC(2) Phase 1: Class Unloading and Cleanup 1.029ms
[2025-06-17T22:49:15.613+0300][21396][2564 ][debug][gc,phases] GC(2) Report Object Count 0.001ms
[2025-06-17T22:49:15.613+0300][21396][2564 ][info ][gc,phases] GC(2) Phase 1: Mark live objects 2.335ms
[2025-06-17T22:49:15.613+0300][21396][2564 ][debug][gc,phases] GC(2) Phase 2: Determine work lists 0.067ms
[2025-06-17T22:49:15.613+0300][21396][2564 ][debug][gc,phases] GC(2) Phase 2: Prepare parallel compaction 0.293ms
[2025-06-17T22:49:15.613+0300][21396][2564 ][info ][gc,phases] GC(2) Phase 2: Prepare compaction 0.387ms
[2025-06-17T22:49:15.613+0300][21396][2564 ][info ][gc,phases] GC(2) Phase 3: Adjust pointers 1.321ms
[2025-06-17T22:49:15.613+0300][21396][2564 ][info ][gc,phases] GC(2) Phase 4: Compact heap 0.245ms
[2025-06-17T22:49:15.613+0300][21396][2564 ][info ][gc,phases] GC(2) Phase 5: Reset Metadata 0.552ms
[2025-06-17T22:49:15.621+0300][21396][2564 ][info ][gc,heap  ] GC(2) Eden regions: 83->0(102)
[2025-06-17T22:49:15.621+0300][21396][2564 ][info ][gc,heap  ] GC(2) Survivor regions: 0->0(0)
[2025-06-17T22:49:15.621+0300][21396][2564 ][info ][gc,heap  ] GC(2) Old regions: 8->8
[2025-06-17T22:49:15.621+0300][21396][2564 ][info ][gc,heap  ] GC(2) Humongous regions: 0->0
[2025-06-17T22:49:15.621+0300][21396][2564 ][debug][gc,heap  ] GC(2) Heap after GC invocations=3 (full 3):
[2025-06-17T22:49:15.621+0300][21396][2564 ][debug][gc,heap  ] GC(2)  garbage-first heap   total 2097152K, used 2759K [0x0000000080000000, 0x0000000100000000)
[2025-06-17T22:49:15.621+0300][21396][2564 ][debug][gc,heap  ] GC(2)   region size 1024K, 0 young (0K), 0 survivors (0K)
[2025-06-17T22:49:15.621+0300][21396][2564 ][debug][gc,heap  ] GC(2)  Metaspace       used 5410K, committed 5632K, reserved 1114112K
[2025-06-17T22:49:15.621+0300][21396][2564 ][debug][gc,heap  ] GC(2)   class space    used 582K, committed 704K, reserved 1048576K
[2025-06-17T22:49:15.621+0300][21396][2564 ][info ][gc       ] GC(2) Pause Full (System.gc()) 85M->2M(2048M) 8.678ms
[2025-06-17T22:49:15.621+0300][21396][2564 ][info ][safepoint] Safepoint "G1CollectFull", Time since last: 202779200 ns, Reaching safepoint: 32900 ns, Cleanup: 5600 ns, At safepoint: 8698400 ns, Total: 8736900 ns
[2025-06-17T22:49:16.623+0300][21396][2564 ][debug][safepoint] Safepoint synchronization initiated using striped semaphore wait barrier. (20 threads)
[2025-06-17T22:49:16.623+0300][21396][2564 ][info ][safepoint] Safepoint "Cleanup", Time since last: 1000771100 ns, Reaching safepoint: 36500 ns, Cleanup: 18300 ns, At safepoint: 3300 ns, Total: 58100 ns
[2025-06-17T22:49:21.795+0300][21396][2564 ][debug][safepoint] Safepoint synchronization initiated using striped semaphore wait barrier. (11 threads)
