[2025-06-17T22:54:53.613+0300][1416][3040][debug][gc,heap] Minimum heap 2147483648  Initial heap 2147483648  Maximum heap 2147483648
[2025-06-17T22:54:53.613+0300][1416][3040][info ][gc     ] Using G1
[2025-06-17T22:54:53.613+0300][1416][3040][debug][gc     ] ConcGCThreads: 2 offset 16
[2025-06-17T22:54:53.613+0300][1416][3040][debug][gc     ] ParallelGCThreads: 8
[2025-06-17T22:54:53.613+0300][1416][3040][debug][gc     ] Initialize mark stack with 4096 chunks, maximum 524288
[2025-06-17T22:54:54.974+0300][1416][15888][debug][safepoint] Safepoint synchronization initiated using striped semaphore wait barrier. (12 threads)
[2025-06-17T22:54:54.974+0300][1416][15888][info ][safepoint] Safepoint "Cleanup", Time since last: 1337264800 ns, Reaching safepoint: 830000 ns, Cleanup: 65400 ns, At safepoint: 11300 ns, Total: 906700 ns
[2025-06-17T22:54:55.372+0300][1416][15888][debug][safepoint] Safepoint synchronization initiated using striped semaphore wait barrier. (13 threads)
[2025-06-17T22:54:55.372+0300][1416][15888][info ][safepoint] Safepoint "ICBufferFull", Time since last: 402623700 ns, Reaching safepoint: 74700 ns, Cleanup: 101100 ns, At safepoint: 1500 ns, Total: 177300 ns
[2025-06-17T22:54:55.830+0300][1416][15888][debug][safepoint] Safepoint synchronization initiated using striped semaphore wait barrier. (13 threads)
[2025-06-17T22:54:55.830+0300][1416][15888][info ][safepoint] Safepoint "ICBufferFull", Time since last: 451249600 ns, Reaching safepoint: 53500 ns, Cleanup: 100900 ns, At safepoint: 1500 ns, Total: 155900 ns
[2025-06-17T22:54:56.117+0300][1416][15888][debug][safepoint] Safepoint synchronization initiated using striped semaphore wait barrier. (13 threads)
[2025-06-17T22:54:56.117+0300][1416][15888][debug][gc,heap  ] GC(0) Heap before GC invocations=0 (full 0):
[2025-06-17T22:54:56.117+0300][1416][15888][debug][gc,heap  ] GC(0)  garbage-first heap   total 2097152K, used 103424K [0x0000000080000000, 0x0000000100000000)
[2025-06-17T22:54:56.117+0300][1416][15888][debug][gc,heap  ] GC(0)   region size 1024K, 102 young (104448K), 0 survivors (0K)
[2025-06-17T22:54:56.117+0300][1416][15888][debug][gc,heap  ] GC(0)  Metaspace       used 13062K, committed 13376K, reserved 1114112K
[2025-06-17T22:54:56.117+0300][1416][15888][debug][gc,heap  ] GC(0)   class space    used 1267K, committed 1408K, reserved 1048576K
[2025-06-17T22:54:56.128+0300][1416][15888][info ][gc,phases] GC(0)   Pre Evacuate Collection Set: 0.4ms
[2025-06-17T22:54:56.128+0300][1416][15888][debug][gc,phases] GC(0)     Pre Evacuate Prepare: 0.0ms
[2025-06-17T22:54:56.128+0300][1416][15888][debug][gc,phases] GC(0)       JT Retire TLABs And Flush Logs (ms): Min:  0.0, Avg:  0.0, Max:  0.0, Diff:  0.0, Sum:  0.0, Workers: 2
[2025-06-17T22:54:56.128+0300][1416][15888][debug][gc,phases] GC(0)       Non-JT Flush Logs (ms):        Min:  0.0, Avg:  0.0, Max:  0.0, Diff:  0.0, Sum:  0.0, Workers: 1
[2025-06-17T22:54:56.128+0300][1416][15888][debug][gc,phases] GC(0)     Choose Collection Set: 0.0ms
[2025-06-17T22:54:56.128+0300][1416][15888][debug][gc,phases] GC(0)     Region Register: 0.3ms
[2025-06-17T22:54:56.128+0300][1416][15888][debug][gc,phases] GC(0)     Prepare Heap Roots: 0.0ms
[2025-06-17T22:54:56.128+0300][1416][15888][info ][gc,phases] GC(0)   Merge Heap Roots: 0.1ms
[2025-06-17T22:54:56.128+0300][1416][15888][debug][gc,phases] GC(0)     Prepare Merge Heap Roots: 0.0ms
[2025-06-17T22:54:56.128+0300][1416][15888][debug][gc,phases] GC(0)     Remembered Sets (ms):          Min:  0.0, Avg:  0.0, Max:  0.0, Diff:  0.0, Sum:  0.1, Workers: 8
[2025-06-17T22:54:56.128+0300][1416][15888][debug][gc,phases] GC(0)       Eager Reclaim (ms):            skipped
[2025-06-17T22:54:56.128+0300][1416][15888][debug][gc,phases] GC(0)       Merged Inline                  Min: 0, Avg:  0.0, Max: 0, Diff: 0, Sum: 0, Workers: 8
[2025-06-17T22:54:56.128+0300][1416][15888][debug][gc,phases] GC(0)       Merged ArrayOfCards            Min: 0, Avg:  0.0, Max: 0, Diff: 0, Sum: 0, Workers: 8
[2025-06-17T22:54:56.128+0300][1416][15888][debug][gc,phases] GC(0)       Merged Howl                    Min: 0, Avg:  0.0, Max: 0, Diff: 0, Sum: 0, Workers: 8
[2025-06-17T22:54:56.128+0300][1416][15888][debug][gc,phases] GC(0)       Merged Full                    Min: 0, Avg:  0.0, Max: 0, Diff: 0, Sum: 0, Workers: 8
[2025-06-17T22:54:56.128+0300][1416][15888][debug][gc,phases] GC(0)       Merged Howl Inline             Min: 0, Avg:  0.0, Max: 0, Diff: 0, Sum: 0, Workers: 8
[2025-06-17T22:54:56.128+0300][1416][15888][debug][gc,phases] GC(0)       Merged Howl ArrayOfCards       Min: 0, Avg:  0.0, Max: 0, Diff: 0, Sum: 0, Workers: 8
[2025-06-17T22:54:56.128+0300][1416][15888][debug][gc,phases] GC(0)       Merged Howl BitMap             Min: 0, Avg:  0.0, Max: 0, Diff: 0, Sum: 0, Workers: 8
[2025-06-17T22:54:56.128+0300][1416][15888][debug][gc,phases] GC(0)       Merged Howl Full               Min: 0, Avg:  0.0, Max: 0, Diff: 0, Sum: 0, Workers: 8
[2025-06-17T22:54:56.128+0300][1416][15888][debug][gc,phases] GC(0)       Merged Cards                   Min: 8, Avg:  8.0, Max: 8, Diff: 0, Sum: 64, Workers: 8
[2025-06-17T22:54:56.128+0300][1416][15888][debug][gc,phases] GC(0)     Log Buffers (ms):              Min:  0.0, Avg:  0.0, Max:  0.0, Diff:  0.0, Sum:  0.0, Workers: 8
[2025-06-17T22:54:56.128+0300][1416][15888][debug][gc,phases] GC(0)       Dirty Cards:                   Min: 0, Avg:  0.0, Max: 0, Diff: 0, Sum: 0, Workers: 8
[2025-06-17T22:54:56.128+0300][1416][15888][debug][gc,phases] GC(0)       Skipped Cards:                 Min: 0, Avg:  0.0, Max: 0, Diff: 0, Sum: 0, Workers: 8
[2025-06-17T22:54:56.128+0300][1416][15888][info ][gc,phases] GC(0)   Evacuate Collection Set: 6.2ms
[2025-06-17T22:54:56.128+0300][1416][15888][debug][gc,phases] GC(0)     Ext Root Scanning (ms):        Min:  0.0, Avg:  0.5, Max:  1.7, Diff:  1.6, Sum:  3.6, Workers: 8
[2025-06-17T22:54:56.128+0300][1416][15888][debug][gc,phases] GC(0)     Scan Heap Roots (ms):          Min:  0.0, Avg:  0.0, Max:  0.0, Diff:  0.0, Sum:  0.0, Workers: 8
[2025-06-17T22:54:56.128+0300][1416][15888][debug][gc,phases] GC(0)       Scanned Cards:                 Min: 0, Avg:  0.0, Max: 0, Diff: 0, Sum: 0, Workers: 8
[2025-06-17T22:54:56.128+0300][1416][15888][debug][gc,phases] GC(0)       Scanned Blocks:                Min: 0, Avg:  0.0, Max: 0, Diff: 0, Sum: 0, Workers: 8
[2025-06-17T22:54:56.128+0300][1416][15888][debug][gc,phases] GC(0)       Claimed Chunks:                Min: 0, Avg:  0.0, Max: 0, Diff: 0, Sum: 0, Workers: 8
[2025-06-17T22:54:56.128+0300][1416][15888][debug][gc,phases] GC(0)       Found Roots:                   Min: 0, Avg:  0.0, Max: 0, Diff: 0, Sum: 0, Workers: 8
[2025-06-17T22:54:56.128+0300][1416][15888][debug][gc,phases] GC(0)     Code Root Scan (ms):           Min:  0.0, Avg:  0.5, Max:  1.3, Diff:  1.3, Sum:  3.7, Workers: 8
[2025-06-17T22:54:56.128+0300][1416][15888][debug][gc,phases] GC(0)       Scanned Nmethods               Min: 0, Avg: 184.1, Max: 560, Diff: 560, Sum: 1473, Workers: 8
[2025-06-17T22:54:56.128+0300][1416][15888][debug][gc,phases] GC(0)     Object Copy (ms):              Min:  0.0, Avg:  4.3, Max:  5.6, Diff:  5.6, Sum: 34.5, Workers: 8
[2025-06-17T22:54:56.128+0300][1416][15888][debug][gc,phases] GC(0)     Termination (ms):              Min:  0.0, Avg:  0.1, Max:  0.1, Diff:  0.1, Sum:  0.8, Workers: 8
[2025-06-17T22:54:56.128+0300][1416][15888][debug][gc,phases] GC(0)       Termination Attempts:          Min: 1, Avg: 29.2, Max: 47, Diff: 46, Sum: 234, Workers: 8
[2025-06-17T22:54:56.128+0300][1416][15888][debug][gc,phases] GC(0)     GC Worker Other (ms):          Min:  0.0, Avg:  0.0, Max:  0.1, Diff:  0.0, Sum:  0.3, Workers: 8
[2025-06-17T22:54:56.128+0300][1416][15888][debug][gc,phases] GC(0)     GC Worker Total (ms):          Min:  0.1, Avg:  5.4, Max:  6.1, Diff:  6.0, Sum: 42.8, Workers: 8
[2025-06-17T22:54:56.128+0300][1416][15888][info ][gc,phases] GC(0)   Post Evacuate Collection Set: 1.1ms
[2025-06-17T22:54:56.128+0300][1416][15888][debug][gc,phases] GC(0)     NMethod List Cleanup: 0.2ms
[2025-06-17T22:54:56.128+0300][1416][15888][debug][gc,phases] GC(0)     Reference Processing: 0.3ms
[2025-06-17T22:54:56.128+0300][1416][15888][debug][gc,phases] GC(0)     Weak Processing: 0.3ms
[2025-06-17T22:54:56.128+0300][1416][15888][debug][gc,phases] GC(0)       VM Weak                        Min:  0.0, Avg:  0.0, Max:  0.0, Diff:  0.0, Sum:  0.0, Workers: 8
[2025-06-17T22:54:56.128+0300][1416][15888][debug][gc,phases] GC(0)         Dead                           Min: 0, Avg:  0.0, Max: 0, Diff: 0, Sum: 0, Workers: 8
[2025-06-17T22:54:56.128+0300][1416][15888][debug][gc,phases] GC(0)         Total                          Min: 0, Avg: 20.5, Max: 64, Diff: 64, Sum: 164, Workers: 8
[2025-06-17T22:54:56.128+0300][1416][15888][debug][gc,phases] GC(0)       ObjectSynchronizer Weak        Min:  0.0, Avg:  0.0, Max:  0.0, Diff:  0.0, Sum:  0.0, Workers: 8
[2025-06-17T22:54:56.128+0300][1416][15888][debug][gc,phases] GC(0)         Dead                           Min: 0, Avg:  0.0, Max: 0, Diff: 0, Sum: 0, Workers: 8
[2025-06-17T22:54:56.128+0300][1416][15888][debug][gc,phases] GC(0)         Total                          Min: 0, Avg:  0.8, Max: 6, Diff: 6, Sum: 6, Workers: 8
[2025-06-17T22:54:56.128+0300][1416][15888][debug][gc,phases] GC(0)       JVMTI Tag Weak OopStorage      Min:  0.0, Avg:  0.0, Max:  0.0, Diff:  0.0, Sum:  0.0, Workers: 8
[2025-06-17T22:54:56.128+0300][1416][15888][debug][gc,phases] GC(0)         Dead                           Min: 0, Avg:  0.0, Max: 0, Diff: 0, Sum: 0, Workers: 8
[2025-06-17T22:54:56.128+0300][1416][15888][debug][gc,phases] GC(0)         Total                          Min: 0, Avg:  0.0, Max: 0, Diff: 0, Sum: 0, Workers: 8
[2025-06-17T22:54:56.128+0300][1416][15888][debug][gc,phases] GC(0)       StringTable Weak               Min:  0.0, Avg:  0.1, Max:  0.2, Diff:  0.2, Sum:  1.1, Workers: 8
[2025-06-17T22:54:56.128+0300][1416][15888][debug][gc,phases] GC(0)         Dead                           Min: 0, Avg:  7.2, Max: 15, Diff: 15, Sum: 58, Workers: 8
[2025-06-17T22:54:56.128+0300][1416][15888][debug][gc,phases] GC(0)         Total                          Min: 0, Avg: 2184.1, Max: 3392, Diff: 3392, Sum: 17473, Workers: 8
[2025-06-17T22:54:56.128+0300][1416][15888][debug][gc,phases] GC(0)       ResolvedMethodTable Weak       Min:  0.0, Avg:  0.0, Max:  0.0, Diff:  0.0, Sum:  0.1, Workers: 8
[2025-06-17T22:54:56.128+0300][1416][15888][debug][gc,phases] GC(0)         Dead                           Min: 0, Avg: 11.6, Max: 22, Diff: 22, Sum: 93, Workers: 8
[2025-06-17T22:54:56.128+0300][1416][15888][debug][gc,phases] GC(0)         Total                          Min: 0, Avg: 121.0, Max: 192, Diff: 192, Sum: 968, Workers: 8
[2025-06-17T22:54:56.128+0300][1416][15888][debug][gc,phases] GC(0)       JNI Weak                       Min:  0.0, Avg:  0.0, Max:  0.0, Diff:  0.0, Sum:  0.0, Workers: 8
[2025-06-17T22:54:56.128+0300][1416][15888][debug][gc,phases] GC(0)         Dead                           Min: 0, Avg:  0.0, Max: 0, Diff: 0, Sum: 0, Workers: 8
[2025-06-17T22:54:56.128+0300][1416][15888][debug][gc,phases] GC(0)         Total                          Min: 0, Avg:  0.0, Max: 0, Diff: 0, Sum: 0, Workers: 8
[2025-06-17T22:54:56.128+0300][1416][15888][debug][gc,phases] GC(0)       StringDedup Table Weak         Min:  0.0, Avg:  0.0, Max:  0.0, Diff:  0.0, Sum:  0.0, Workers: 8
[2025-06-17T22:54:56.128+0300][1416][15888][debug][gc,phases] GC(0)         Dead                           Min: 0, Avg:  0.0, Max: 0, Diff: 0, Sum: 0, Workers: 8
[2025-06-17T22:54:56.128+0300][1416][15888][debug][gc,phases] GC(0)         Total                          Min: 0, Avg:  0.0, Max: 0, Diff: 0, Sum: 0, Workers: 8
[2025-06-17T22:54:56.130+0300][1416][15888][debug][gc,phases] GC(0)       StringDedup Requests0 Weak     Min:  0.0, Avg:  0.0, Max:  0.0, Diff:  0.0, Sum:  0.0, Workers: 8
[2025-06-17T22:54:56.130+0300][1416][15888][debug][gc,phases] GC(0)         Dead                           Min: 0, Avg:  0.0, Max: 0, Diff: 0, Sum: 0, Workers: 8
[2025-06-17T22:54:56.130+0300][1416][15888][debug][gc,phases] GC(0)         Total                          Min: 0, Avg:  0.0, Max: 0, Diff: 0, Sum: 0, Workers: 8
[2025-06-17T22:54:56.130+0300][1416][15888][debug][gc,phases] GC(0)       StringDedup Requests1 Weak     Min:  0.0, Avg:  0.0, Max:  0.0, Diff:  0.0, Sum:  0.0, Workers: 8
[2025-06-17T22:54:56.130+0300][1416][15888][debug][gc,phases] GC(0)         Dead                           Min: 0, Avg:  0.0, Max: 0, Diff: 0, Sum: 0, Workers: 8
[2025-06-17T22:54:56.130+0300][1416][15888][debug][gc,phases] GC(0)         Total                          Min: 0, Avg:  0.0, Max: 0, Diff: 0, Sum: 0, Workers: 8
[2025-06-17T22:54:56.130+0300][1416][15888][debug][gc,phases] GC(0)       Weak JFR Old Object Samples    Min:  0.0, Avg:  0.0, Max:  0.0, Diff:  0.0, Sum:  0.0, Workers: 8
[2025-06-17T22:54:56.130+0300][1416][15888][debug][gc,phases] GC(0)         Dead                           Min: 0, Avg:  0.0, Max: 0, Diff: 0, Sum: 0, Workers: 8
[2025-06-17T22:54:56.130+0300][1416][15888][debug][gc,phases] GC(0)         Total                          Min: 0, Avg:  0.0, Max: 0, Diff: 0, Sum: 0, Workers: 8
[2025-06-17T22:54:56.130+0300][1416][15888][debug][gc,phases] GC(0)     Post Evacuate Cleanup 1: 0.1ms
[2025-06-17T22:54:56.130+0300][1416][15888][debug][gc,phases] GC(0)       Merge Per-Thread State (ms):   Min:  0.0, Avg:  0.0, Max:  0.0, Diff:  0.0, Sum:  0.0, Workers: 1
[2025-06-17T22:54:56.130+0300][1416][15888][debug][gc,phases] GC(0)         Copied Bytes                   Min: 0, Avg: 1099623.0, Max: 1708488, Diff: 1708488, Sum: 8796984, Workers: 8
[2025-06-17T22:54:56.130+0300][1416][15888][debug][gc,phases] GC(0)         LAB Waste                      Min: 0, Avg: 879.0, Max: 2248, Diff: 2248, Sum: 7032, Workers: 8
[2025-06-17T22:54:56.130+0300][1416][15888][debug][gc,phases] GC(0)         LAB Undo Waste                 Min: 0, Avg:  0.0, Max: 0, Diff: 0, Sum: 0, Workers: 8
[2025-06-17T22:54:56.130+0300][1416][15888][debug][gc,phases] GC(0)       Clear Logged Cards (ms):       Min:  0.0, Avg:  0.0, Max:  0.0, Diff:  0.0, Sum:  0.0, Workers: 3
[2025-06-17T22:54:56.130+0300][1416][15888][debug][gc,phases] GC(0)       Recalculate Used Memory (ms):  Min:  0.0, Avg:  0.0, Max:  0.0, Diff:  0.0, Sum:  0.0, Workers: 1
[2025-06-17T22:54:56.130+0300][1416][15888][debug][gc,phases] GC(0)     Post Evacuate Cleanup 2: 0.2ms
[2025-06-17T22:54:56.130+0300][1416][15888][debug][gc,phases] GC(0)       Update Derived Pointers (ms):  Min:  0.0, Avg:  0.0, Max:  0.0, Diff:  0.0, Sum:  0.0, Workers: 1
[2025-06-17T22:54:56.130+0300][1416][15888][debug][gc,phases] GC(0)       Eagerly Reclaim Humongous Objects (ms): skipped
[2025-06-17T22:54:56.130+0300][1416][15888][debug][gc,phases] GC(0)         Humongous Total                skipped
[2025-06-17T22:54:56.130+0300][1416][15888][debug][gc,phases] GC(0)         Humongous Candidates           skipped
[2025-06-17T22:54:56.130+0300][1416][15888][debug][gc,phases] GC(0)         Humongous Reclaimed            skipped
[2025-06-17T22:54:56.130+0300][1416][15888][debug][gc,phases] GC(0)       Redirty Logged Cards (ms):     Min:  0.0, Avg:  0.0, Max:  0.0, Diff:  0.0, Sum:  0.0, Workers: 8
[2025-06-17T22:54:56.130+0300][1416][15888][debug][gc,phases] GC(0)         Redirtied Cards:               Min: 0, Avg:  0.0, Max: 0, Diff: 0, Sum: 0, Workers: 8
[2025-06-17T22:54:56.130+0300][1416][15888][debug][gc,phases] GC(0)       Resize TLABs (ms):             Min:  0.0, Avg:  0.0, Max:  0.0, Diff:  0.0, Sum:  0.0, Workers: 8
[2025-06-17T22:54:56.130+0300][1416][15888][debug][gc,phases] GC(0)       Free Collection Set (ms):      Min:  0.0, Avg:  0.1, Max:  0.2, Diff:  0.2, Sum:  0.6, Workers: 8
[2025-06-17T22:54:56.130+0300][1416][15888][debug][gc,phases] GC(0)     Rebuild Free List: 0.1ms
[2025-06-17T22:54:56.130+0300][1416][15888][debug][gc,phases] GC(0)     Prepare For Mutator: 0.0ms
[2025-06-17T22:54:56.130+0300][1416][15888][debug][gc,phases] GC(0)     Expand Heap After Collection: 0.0ms
[2025-06-17T22:54:56.130+0300][1416][15888][info ][gc,phases] GC(0)   Other: 0.4ms
[2025-06-17T22:54:56.130+0300][1416][15888][info ][gc,heap  ] GC(0) Eden regions: 102->0(96)
[2025-06-17T22:54:56.130+0300][1416][15888][info ][gc,heap  ] GC(0) Survivor regions: 0->9(13)
[2025-06-17T22:54:56.130+0300][1416][15888][info ][gc,heap  ] GC(0) Old regions: 0->0
[2025-06-17T22:54:56.130+0300][1416][15888][info ][gc,heap  ] GC(0) Humongous regions: 0->0
[2025-06-17T22:54:56.130+0300][1416][15888][debug][gc,heap  ] GC(0) Heap after GC invocations=1 (full 0):
[2025-06-17T22:54:56.130+0300][1416][15888][debug][gc,heap  ] GC(0)  garbage-first heap   total 2097152K, used 9216K [0x0000000080000000, 0x0000000100000000)
[2025-06-17T22:54:56.130+0300][1416][15888][debug][gc,heap  ] GC(0)   region size 1024K, 9 young (9216K), 9 survivors (9216K)
[2025-06-17T22:54:56.130+0300][1416][15888][debug][gc,heap  ] GC(0)  Metaspace       used 13062K, committed 13376K, reserved 1114112K
[2025-06-17T22:54:56.130+0300][1416][15888][debug][gc,heap  ] GC(0)   class space    used 1267K, committed 1408K, reserved 1048576K
[2025-06-17T22:54:56.130+0300][1416][15888][info ][gc       ] GC(0) Pause Young (Normal) (G1 Evacuation Pause) 102M->9M(2048M) 9.676ms
[2025-06-17T22:54:56.130+0300][1416][15888][info ][safepoint] Safepoint "G1CollectForAllocation", Time since last: 284676000 ns, Reaching safepoint: 53500 ns, Cleanup: 36600 ns, At safepoint: 9716600 ns, Total: 9806700 ns
[2025-06-17T22:54:56.527+0300][1416][15888][debug][safepoint] Safepoint synchronization initiated using striped semaphore wait barrier. (13 threads)
[2025-06-17T22:54:56.527+0300][1416][15888][info ][safepoint] Safepoint "ICBufferFull", Time since last: 408930600 ns, Reaching safepoint: 61600 ns, Cleanup: 102200 ns, At safepoint: 1700 ns, Total: 165500 ns
[2025-06-17T22:54:56.812+0300][1416][15888][debug][safepoint] Safepoint synchronization initiated using striped semaphore wait barrier. (25 threads)
[2025-06-17T22:54:56.812+0300][1416][15888][debug][gc,heap  ] GC(1) Heap before GC invocations=1 (full 0):
[2025-06-17T22:54:56.812+0300][1416][15888][debug][gc,heap  ] GC(1)  garbage-first heap   total 2097152K, used 80896K [0x0000000080000000, 0x0000000100000000)
[2025-06-17T22:54:56.812+0300][1416][15888][debug][gc,heap  ] GC(1)   region size 1024K, 80 young (81920K), 9 survivors (9216K)
[2025-06-17T22:54:56.812+0300][1416][15888][debug][gc,heap  ] GC(1)  Metaspace       used 15339K, committed 15744K, reserved 1114112K
[2025-06-17T22:54:56.812+0300][1416][15888][debug][gc,heap  ] GC(1)   class space    used 1510K, committed 1728K, reserved 1048576K
[2025-06-17T22:54:56.820+0300][1416][15888][debug][gc,phases] GC(1) Phase 1: Reference Processing 0.416ms
[2025-06-17T22:54:56.820+0300][1416][15888][debug][gc,phases] GC(1)   VM Weak                        Min:  0.0, Avg:  0.0, Max:  0.0, Diff:  0.0, Sum:  0.0, Workers: 8
[2025-06-17T22:54:56.820+0300][1416][15888][debug][gc,phases] GC(1)     Dead                           Min: 0, Avg:  0.0, Max: 0, Diff: 0, Sum: 0, Workers: 8
[2025-06-17T22:54:56.820+0300][1416][15888][debug][gc,phases] GC(1)     Total                          Min: 0, Avg: 23.5, Max: 64, Diff: 64, Sum: 188, Workers: 8
[2025-06-17T22:54:56.820+0300][1416][15888][debug][gc,phases] GC(1)   ObjectSynchronizer Weak        Min:  0.0, Avg:  0.0, Max:  0.0, Diff:  0.0, Sum:  0.0, Workers: 8
[2025-06-17T22:54:56.820+0300][1416][15888][debug][gc,phases] GC(1)     Dead                           Min: 0, Avg:  0.2, Max: 2, Diff: 2, Sum: 2, Workers: 8
[2025-06-17T22:54:56.820+0300][1416][15888][debug][gc,phases] GC(1)     Total                          Min: 0, Avg:  0.8, Max: 6, Diff: 6, Sum: 6, Workers: 8
[2025-06-17T22:54:56.820+0300][1416][15888][debug][gc,phases] GC(1)   JVMTI Tag Weak OopStorage      Min:  0.0, Avg:  0.0, Max:  0.0, Diff:  0.0, Sum:  0.0, Workers: 8
[2025-06-17T22:54:56.820+0300][1416][15888][debug][gc,phases] GC(1)     Dead                           Min: 0, Avg:  0.0, Max: 0, Diff: 0, Sum: 0, Workers: 8
[2025-06-17T22:54:56.820+0300][1416][15888][debug][gc,phases] GC(1)     Total                          Min: 0, Avg:  0.0, Max: 0, Diff: 0, Sum: 0, Workers: 8
[2025-06-17T22:54:56.820+0300][1416][15888][debug][gc,phases] GC(1)   StringTable Weak               Min:  0.0, Avg:  0.0, Max:  0.1, Diff:  0.0, Sum:  0.2, Workers: 8
[2025-06-17T22:54:56.820+0300][1416][15888][debug][gc,phases] GC(1)     Dead                           Min: 13, Avg: 41.0, Max: 97, Diff: 84, Sum: 328, Workers: 8
[2025-06-17T22:54:56.820+0300][1416][15888][debug][gc,phases] GC(1)     Total                          Min: 192, Avg: 2585.9, Max: 5056, Diff: 4864, Sum: 20687, Workers: 8
[2025-06-17T22:54:56.820+0300][1416][15888][debug][gc,phases] GC(1)   ResolvedMethodTable Weak       Min:  0.0, Avg:  0.0, Max:  0.0, Diff:  0.0, Sum:  0.0, Workers: 8
[2025-06-17T22:54:56.820+0300][1416][15888][debug][gc,phases] GC(1)     Dead                           Min: 0, Avg:  1.6, Max: 5, Diff: 5, Sum: 13, Workers: 8
[2025-06-17T22:54:56.820+0300][1416][15888][debug][gc,phases] GC(1)     Total                          Min: 63, Avg: 138.9, Max: 192, Diff: 129, Sum: 1111, Workers: 8
[2025-06-17T22:54:56.820+0300][1416][15888][debug][gc,phases] GC(1)   JNI Weak                       Min:  0.0, Avg:  0.0, Max:  0.0, Diff:  0.0, Sum:  0.0, Workers: 8
[2025-06-17T22:54:56.820+0300][1416][15888][debug][gc,phases] GC(1)     Dead                           Min: 0, Avg:  0.0, Max: 0, Diff: 0, Sum: 0, Workers: 8
[2025-06-17T22:54:56.820+0300][1416][15888][debug][gc,phases] GC(1)     Total                          Min: 0, Avg:  0.0, Max: 0, Diff: 0, Sum: 0, Workers: 8
[2025-06-17T22:54:56.820+0300][1416][15888][debug][gc,phases] GC(1)   StringDedup Table Weak         Min:  0.0, Avg:  0.0, Max:  0.0, Diff:  0.0, Sum:  0.0, Workers: 8
[2025-06-17T22:54:56.820+0300][1416][15888][debug][gc,phases] GC(1)     Dead                           Min: 0, Avg:  0.0, Max: 0, Diff: 0, Sum: 0, Workers: 8
[2025-06-17T22:54:56.820+0300][1416][15888][debug][gc,phases] GC(1)     Total                          Min: 0, Avg:  0.0, Max: 0, Diff: 0, Sum: 0, Workers: 8
[2025-06-17T22:54:56.820+0300][1416][15888][debug][gc,phases] GC(1)   StringDedup Requests0 Weak     Min:  0.0, Avg:  0.0, Max:  0.0, Diff:  0.0, Sum:  0.0, Workers: 8
[2025-06-17T22:54:56.820+0300][1416][15888][debug][gc,phases] GC(1)     Dead                           Min: 0, Avg:  0.0, Max: 0, Diff: 0, Sum: 0, Workers: 8
[2025-06-17T22:54:56.820+0300][1416][15888][debug][gc,phases] GC(1)     Total                          Min: 0, Avg:  0.0, Max: 0, Diff: 0, Sum: 0, Workers: 8
[2025-06-17T22:54:56.820+0300][1416][15888][debug][gc,phases] GC(1)   StringDedup Requests1 Weak     Min:  0.0, Avg:  0.0, Max:  0.0, Diff:  0.0, Sum:  0.0, Workers: 8
[2025-06-17T22:54:56.820+0300][1416][15888][debug][gc,phases] GC(1)     Dead                           Min: 0, Avg:  0.0, Max: 0, Diff: 0, Sum: 0, Workers: 8
[2025-06-17T22:54:56.820+0300][1416][15888][debug][gc,phases] GC(1)     Total                          Min: 0, Avg:  0.0, Max: 0, Diff: 0, Sum: 0, Workers: 8
[2025-06-17T22:54:56.820+0300][1416][15888][debug][gc,phases] GC(1)   Weak JFR Old Object Samples    Min:  0.0, Avg:  0.0, Max:  0.0, Diff:  0.0, Sum:  0.0, Workers: 8
[2025-06-17T22:54:56.820+0300][1416][15888][debug][gc,phases] GC(1)     Dead                           Min: 0, Avg:  0.0, Max: 0, Diff: 0, Sum: 0, Workers: 8
[2025-06-17T22:54:56.820+0300][1416][15888][debug][gc,phases] GC(1)     Total                          Min: 0, Avg:  0.0, Max: 0, Diff: 0, Sum: 0, Workers: 8
[2025-06-17T22:54:56.820+0300][1416][15888][debug][gc,phases] GC(1) Phase 1: Weak Processing 0.532ms
[2025-06-17T22:54:56.820+0300][1416][15888][debug][gc,phases] GC(1) ClassLoaderData 0.016ms
[2025-06-17T22:54:56.820+0300][1416][15888][debug][gc,phases] GC(1) Trigger cleanups 0.000ms
[2025-06-17T22:54:56.820+0300][1416][15888][debug][gc,phases] GC(1) G1 Complete Cleaning 3.244ms
[2025-06-17T22:54:56.820+0300][1416][15888][debug][gc,phases] GC(1) Purge Unlinked NMethods 0.001ms
[2025-06-17T22:54:56.820+0300][1416][15888][debug][gc,phases] GC(1) Unregister NMethods 0.154ms
[2025-06-17T22:54:56.820+0300][1416][15888][debug][gc,phases] GC(1) Free Code Blobs 0.002ms
[2025-06-17T22:54:56.820+0300][1416][15888][debug][gc,phases] GC(1) Purge Class Loader Data 0.192ms
[2025-06-17T22:54:56.820+0300][1416][15888][debug][gc,phases] GC(1) Phase 1: Class Unloading and Cleanup 3.781ms
[2025-06-17T22:54:56.820+0300][1416][15888][debug][gc,phases] GC(1) Report Object Count 0.001ms
[2025-06-17T22:54:56.820+0300][1416][15888][info ][gc,phases] GC(1) Phase 1: Mark live objects 9.130ms
[2025-06-17T22:54:56.820+0300][1416][15888][debug][gc,phases] GC(1) Phase 2: Determine work lists 0.087ms
[2025-06-17T22:54:56.820+0300][1416][15888][debug][gc,phases] GC(1) Phase 2: Prepare parallel compaction 0.863ms
[2025-06-17T22:54:56.820+0300][1416][15888][info ][gc,phases] GC(1) Phase 2: Prepare compaction 0.987ms
[2025-06-17T22:54:56.828+0300][1416][15888][info ][gc,phases] GC(1) Phase 3: Adjust pointers 3.311ms
[2025-06-17T22:54:56.828+0300][1416][15888][info ][gc,phases] GC(1) Phase 4: Compact heap 1.608ms
[2025-06-17T22:54:56.828+0300][1416][15888][info ][gc,phases] GC(1) Phase 5: Reset Metadata 1.062ms
[2025-06-17T22:54:56.835+0300][1416][15888][info ][gc,heap  ] GC(1) Eden regions: 71->0(102)
[2025-06-17T22:54:56.835+0300][1416][15888][info ][gc,heap  ] GC(1) Survivor regions: 9->0(13)
[2025-06-17T22:54:56.835+0300][1416][15888][info ][gc,heap  ] GC(1) Old regions: 0->14
[2025-06-17T22:54:56.835+0300][1416][15888][info ][gc,heap  ] GC(1) Humongous regions: 0->0
[2025-06-17T22:54:56.835+0300][1416][15888][debug][gc,heap  ] GC(1) Heap after GC invocations=2 (full 1):
[2025-06-17T22:54:56.835+0300][1416][15888][debug][gc,heap  ] GC(1)  garbage-first heap   total 2097152K, used 9433K [0x0000000080000000, 0x0000000100000000)
[2025-06-17T22:54:56.835+0300][1416][15888][debug][gc,heap  ] GC(1)   region size 1024K, 0 young (0K), 0 survivors (0K)
[2025-06-17T22:54:56.835+0300][1416][15888][debug][gc,heap  ] GC(1)  Metaspace       used 15339K, committed 15744K, reserved 1114112K
[2025-06-17T22:54:56.835+0300][1416][15888][debug][gc,heap  ] GC(1)   class space    used 1510K, committed 1728K, reserved 1048576K
[2025-06-17T22:54:56.835+0300][1416][15888][info ][gc       ] GC(1) Pause Full (System.gc()) 80M->9M(2048M) 21.629ms
[2025-06-17T22:54:56.835+0300][1416][15888][info ][safepoint] Safepoint "G1CollectFull", Time since last: 276975100 ns, Reaching safepoint: 40800 ns, Cleanup: 56300 ns, At safepoint: 21654800 ns, Total: 21751900 ns
[2025-06-17T22:54:57.596+0300][1416][15888][debug][safepoint] Safepoint synchronization initiated using striped semaphore wait barrier. (34 threads)
[2025-06-17T22:54:57.596+0300][1416][15888][debug][gc,heap  ] GC(2) Heap before GC invocations=2 (full 1):
[2025-06-17T22:54:57.596+0300][1416][15888][debug][gc,heap  ] GC(2)  garbage-first heap   total 2097152K, used 112857K [0x0000000080000000, 0x0000000100000000)
[2025-06-17T22:54:57.596+0300][1416][15888][debug][gc,heap  ] GC(2)   region size 1024K, 102 young (104448K), 0 survivors (0K)
[2025-06-17T22:54:57.596+0300][1416][15888][debug][gc,heap  ] GC(2)  Metaspace       used 23933K, committed 24448K, reserved 1114112K
[2025-06-17T22:54:57.596+0300][1416][15888][debug][gc,heap  ] GC(2)   class space    used 2297K, committed 2560K, reserved 1048576K
[2025-06-17T22:54:57.611+0300][1416][15888][info ][gc,phases] GC(2)   Pre Evacuate Collection Set: 0.3ms
[2025-06-17T22:54:57.611+0300][1416][15888][debug][gc,phases] GC(2)     Pre Evacuate Prepare: 0.1ms
[2025-06-17T22:54:57.611+0300][1416][15888][debug][gc,phases] GC(2)       JT Retire TLABs And Flush Logs (ms): Min:  0.0, Avg:  0.0, Max:  0.0, Diff:  0.0, Sum:  0.0, Workers: 2
[2025-06-17T22:54:57.611+0300][1416][15888][debug][gc,phases] GC(2)       Non-JT Flush Logs (ms):        Min:  0.0, Avg:  0.0, Max:  0.0, Diff:  0.0, Sum:  0.0, Workers: 1
[2025-06-17T22:54:57.611+0300][1416][15888][debug][gc,phases] GC(2)     Choose Collection Set: 0.0ms
[2025-06-17T22:54:57.611+0300][1416][15888][debug][gc,phases] GC(2)     Region Register: 0.2ms
[2025-06-17T22:54:57.611+0300][1416][15888][debug][gc,phases] GC(2)     Prepare Heap Roots: 0.0ms
[2025-06-17T22:54:57.611+0300][1416][15888][info ][gc,phases] GC(2)   Merge Heap Roots: 0.1ms
[2025-06-17T22:54:57.611+0300][1416][15888][debug][gc,phases] GC(2)     Prepare Merge Heap Roots: 0.0ms
[2025-06-17T22:54:57.611+0300][1416][15888][debug][gc,phases] GC(2)     Remembered Sets (ms):          Min:  0.0, Avg:  0.0, Max:  0.0, Diff:  0.0, Sum:  0.1, Workers: 8
[2025-06-17T22:54:57.611+0300][1416][15888][debug][gc,phases] GC(2)       Eager Reclaim (ms):            skipped
[2025-06-17T22:54:57.611+0300][1416][15888][debug][gc,phases] GC(2)       Merged Inline                  Min: 0, Avg:  0.0, Max: 0, Diff: 0, Sum: 0, Workers: 8
[2025-06-17T22:54:57.611+0300][1416][15888][debug][gc,phases] GC(2)       Merged ArrayOfCards            Min: 0, Avg:  0.0, Max: 0, Diff: 0, Sum: 0, Workers: 8
[2025-06-17T22:54:57.611+0300][1416][15888][debug][gc,phases] GC(2)       Merged Howl                    Min: 0, Avg:  0.0, Max: 0, Diff: 0, Sum: 0, Workers: 8
[2025-06-17T22:54:57.611+0300][1416][15888][debug][gc,phases] GC(2)       Merged Full                    Min: 0, Avg:  0.0, Max: 0, Diff: 0, Sum: 0, Workers: 8
[2025-06-17T22:54:57.611+0300][1416][15888][debug][gc,phases] GC(2)       Merged Howl Inline             Min: 0, Avg:  0.0, Max: 0, Diff: 0, Sum: 0, Workers: 8
[2025-06-17T22:54:57.611+0300][1416][15888][debug][gc,phases] GC(2)       Merged Howl ArrayOfCards       Min: 0, Avg:  0.0, Max: 0, Diff: 0, Sum: 0, Workers: 8
[2025-06-17T22:54:57.611+0300][1416][15888][debug][gc,phases] GC(2)       Merged Howl BitMap             Min: 0, Avg:  0.0, Max: 0, Diff: 0, Sum: 0, Workers: 8
[2025-06-17T22:54:57.611+0300][1416][15888][debug][gc,phases] GC(2)       Merged Howl Full               Min: 0, Avg:  0.0, Max: 0, Diff: 0, Sum: 0, Workers: 8
[2025-06-17T22:54:57.611+0300][1416][15888][debug][gc,phases] GC(2)       Merged Cards                   Min: 8, Avg:  8.0, Max: 8, Diff: 0, Sum: 64, Workers: 8
[2025-06-17T22:54:57.611+0300][1416][15888][debug][gc,phases] GC(2)     Log Buffers (ms):              Min:  0.0, Avg:  0.0, Max:  0.0, Diff:  0.0, Sum:  0.0, Workers: 8
[2025-06-17T22:54:57.611+0300][1416][15888][debug][gc,phases] GC(2)       Dirty Cards:                   Min: 0, Avg: 130.4, Max: 279, Diff: 279, Sum: 1043, Workers: 8
[2025-06-17T22:54:57.611+0300][1416][15888][debug][gc,phases] GC(2)       Skipped Cards:                 Min: 0, Avg:  0.0, Max: 0, Diff: 0, Sum: 0, Workers: 8
[2025-06-17T22:54:57.611+0300][1416][15888][info ][gc,phases] GC(2)   Evacuate Collection Set: 6.6ms
[2025-06-17T22:54:57.611+0300][1416][15888][debug][gc,phases] GC(2)     Ext Root Scanning (ms):        Min:  4.8, Avg:  5.2, Max:  5.6, Diff:  0.8, Sum: 41.7, Workers: 8
[2025-06-17T22:54:57.611+0300][1416][15888][debug][gc,phases] GC(2)     Scan Heap Roots (ms):          Min:  0.0, Avg:  0.1, Max:  0.3, Diff:  0.3, Sum:  1.1, Workers: 8
[2025-06-17T22:54:57.611+0300][1416][15888][debug][gc,phases] GC(2)       Scanned Cards:                 Min: 0, Avg: 130.4, Max: 264, Diff: 264, Sum: 1043, Workers: 8
[2025-06-17T22:54:57.611+0300][1416][15888][debug][gc,phases] GC(2)       Scanned Blocks:                Min: 0, Avg: 69.9, Max: 138, Diff: 138, Sum: 559, Workers: 8
[2025-06-17T22:54:57.611+0300][1416][15888][debug][gc,phases] GC(2)       Claimed Chunks:                Min: 0, Avg: 28.8, Max: 48, Diff: 48, Sum: 230, Workers: 8
[2025-06-17T22:54:57.611+0300][1416][15888][debug][gc,phases] GC(2)       Found Roots:                   Min: 0, Avg: 1008.1, Max: 2313, Diff: 2313, Sum: 8065, Workers: 8
[2025-06-17T22:54:57.611+0300][1416][15888][debug][gc,phases] GC(2)     Code Root Scan (ms):           Min:  0.0, Avg:  0.0, Max:  0.1, Diff:  0.1, Sum:  0.4, Workers: 8
[2025-06-17T22:54:57.611+0300][1416][15888][debug][gc,phases] GC(2)       Scanned Nmethods               Min: 0, Avg:  5.2, Max: 16, Diff: 16, Sum: 42, Workers: 8
[2025-06-17T22:54:57.611+0300][1416][15888][debug][gc,phases] GC(2)     Object Copy (ms):              Min:  0.8, Avg:  1.0, Max:  1.4, Diff:  0.6, Sum:  8.1, Workers: 8
[2025-06-17T22:54:57.611+0300][1416][15888][debug][gc,phases] GC(2)     Termination (ms):              Min:  0.0, Avg:  0.1, Max:  0.1, Diff:  0.1, Sum:  0.6, Workers: 8
[2025-06-17T22:54:57.611+0300][1416][15888][debug][gc,phases] GC(2)       Termination Attempts:          Min: 1, Avg:  1.5, Max: 2, Diff: 1, Sum: 12, Workers: 8
[2025-06-17T22:54:57.611+0300][1416][15888][debug][gc,phases] GC(2)     GC Worker Other (ms):          Min:  0.0, Avg:  0.0, Max:  0.0, Diff:  0.0, Sum:  0.1, Workers: 8
[2025-06-17T22:54:57.611+0300][1416][15888][debug][gc,phases] GC(2)     GC Worker Total (ms):          Min:  6.5, Avg:  6.5, Max:  6.5, Diff:  0.1, Sum: 52.0, Workers: 8
[2025-06-17T22:54:57.611+0300][1416][15888][info ][gc,phases] GC(2)   Post Evacuate Collection Set: 0.4ms
[2025-06-17T22:54:57.611+0300][1416][15888][debug][gc,phases] GC(2)     NMethod List Cleanup: 0.0ms
[2025-06-17T22:54:57.611+0300][1416][15888][debug][gc,phases] GC(2)     Reference Processing: 0.1ms
[2025-06-17T22:54:57.611+0300][1416][15888][debug][gc,phases] GC(2)     Weak Processing: 0.1ms
[2025-06-17T22:54:57.611+0300][1416][15888][debug][gc,phases] GC(2)       VM Weak                        Min:  0.0, Avg:  0.0, Max:  0.0, Diff:  0.0, Sum:  0.0, Workers: 8
[2025-06-17T22:54:57.611+0300][1416][15888][debug][gc,phases] GC(2)         Dead                           Min: 0, Avg:  0.0, Max: 0, Diff: 0, Sum: 0, Workers: 8
[2025-06-17T22:54:57.611+0300][1416][15888][debug][gc,phases] GC(2)         Total                          Min: 0, Avg: 31.2, Max: 192, Diff: 192, Sum: 250, Workers: 8
[2025-06-17T22:54:57.611+0300][1416][15888][debug][gc,phases] GC(2)       ObjectSynchronizer Weak        Min:  0.0, Avg:  0.0, Max:  0.0, Diff:  0.0, Sum:  0.0, Workers: 8
[2025-06-17T22:54:57.611+0300][1416][15888][debug][gc,phases] GC(2)         Dead                           Min: 0, Avg:  0.2, Max: 2, Diff: 2, Sum: 2, Workers: 8
[2025-06-17T22:54:57.611+0300][1416][15888][debug][gc,phases] GC(2)         Total                          Min: 0, Avg:  2.5, Max: 20, Diff: 20, Sum: 20, Workers: 8
[2025-06-17T22:54:57.611+0300][1416][15888][debug][gc,phases] GC(2)       JVMTI Tag Weak OopStorage      Min:  0.0, Avg:  0.0, Max:  0.0, Diff:  0.0, Sum:  0.0, Workers: 8
[2025-06-17T22:54:57.611+0300][1416][15888][debug][gc,phases] GC(2)         Dead                           Min: 0, Avg:  0.0, Max: 0, Diff: 0, Sum: 0, Workers: 8
[2025-06-17T22:54:57.611+0300][1416][15888][debug][gc,phases] GC(2)         Total                          Min: 0, Avg:  0.0, Max: 0, Diff: 0, Sum: 0, Workers: 8
[2025-06-17T22:54:57.611+0300][1416][15888][debug][gc,phases] GC(2)       StringTable Weak               Min:  0.0, Avg:  0.0, Max:  0.1, Diff:  0.0, Sum:  0.4, Workers: 8
[2025-06-17T22:54:57.611+0300][1416][15888][debug][gc,phases] GC(2)         Dead                           Min: 0, Avg:  1.2, Max: 6, Diff: 6, Sum: 10, Workers: 8
[2025-06-17T22:54:57.611+0300][1416][15888][debug][gc,phases] GC(2)         Total                          Min: 2624, Avg: 2887.5, Max: 3136, Diff: 512, Sum: 23100, Workers: 8
[2025-06-17T22:54:57.611+0300][1416][15888][debug][gc,phases] GC(2)       ResolvedMethodTable Weak       Min:  0.0, Avg:  0.0, Max:  0.0, Diff:  0.0, Sum:  0.0, Workers: 8
[2025-06-17T22:54:57.611+0300][1416][15888][debug][gc,phases] GC(2)         Dead                           Min: 0, Avg:  1.9, Max: 6, Diff: 6, Sum: 15, Workers: 8
[2025-06-17T22:54:57.611+0300][1416][15888][debug][gc,phases] GC(2)         Total                          Min: 0, Avg: 160.1, Max: 320, Diff: 320, Sum: 1281, Workers: 8
[2025-06-17T22:54:57.611+0300][1416][15888][debug][gc,phases] GC(2)       JNI Weak                       Min:  0.0, Avg:  0.0, Max:  0.0, Diff:  0.0, Sum:  0.0, Workers: 8
[2025-06-17T22:54:57.611+0300][1416][15888][debug][gc,phases] GC(2)         Dead                           Min: 0, Avg:  0.0, Max: 0, Diff: 0, Sum: 0, Workers: 8
[2025-06-17T22:54:57.611+0300][1416][15888][debug][gc,phases] GC(2)         Total                          Min: 0, Avg:  0.0, Max: 0, Diff: 0, Sum: 0, Workers: 8
[2025-06-17T22:54:57.611+0300][1416][15888][debug][gc,phases] GC(2)       StringDedup Table Weak         Min:  0.0, Avg:  0.0, Max:  0.0, Diff:  0.0, Sum:  0.0, Workers: 8
[2025-06-17T22:54:57.611+0300][1416][15888][debug][gc,phases] GC(2)         Dead                           Min: 0, Avg:  0.0, Max: 0, Diff: 0, Sum: 0, Workers: 8
[2025-06-17T22:54:57.611+0300][1416][15888][debug][gc,phases] GC(2)         Total                          Min: 0, Avg:  0.0, Max: 0, Diff: 0, Sum: 0, Workers: 8
[2025-06-17T22:54:57.611+0300][1416][15888][debug][gc,phases] GC(2)       StringDedup Requests0 Weak     Min:  0.0, Avg:  0.0, Max:  0.0, Diff:  0.0, Sum:  0.0, Workers: 8
[2025-06-17T22:54:57.611+0300][1416][15888][debug][gc,phases] GC(2)         Dead                           Min: 0, Avg:  0.0, Max: 0, Diff: 0, Sum: 0, Workers: 8
[2025-06-17T22:54:57.611+0300][1416][15888][debug][gc,phases] GC(2)         Total                          Min: 0, Avg:  0.0, Max: 0, Diff: 0, Sum: 0, Workers: 8
[2025-06-17T22:54:57.611+0300][1416][15888][debug][gc,phases] GC(2)       StringDedup Requests1 Weak     Min:  0.0, Avg:  0.0, Max:  0.0, Diff:  0.0, Sum:  0.0, Workers: 8
[2025-06-17T22:54:57.611+0300][1416][15888][debug][gc,phases] GC(2)         Dead                           Min: 0, Avg:  0.0, Max: 0, Diff: 0, Sum: 0, Workers: 8
[2025-06-17T22:54:57.611+0300][1416][15888][debug][gc,phases] GC(2)         Total                          Min: 0, Avg:  0.0, Max: 0, Diff: 0, Sum: 0, Workers: 8
[2025-06-17T22:54:57.611+0300][1416][15888][debug][gc,phases] GC(2)       Weak JFR Old Object Samples    Min:  0.0, Avg:  0.0, Max:  0.0, Diff:  0.0, Sum:  0.0, Workers: 8
[2025-06-17T22:54:57.611+0300][1416][15888][debug][gc,phases] GC(2)         Dead                           Min: 0, Avg:  0.0, Max: 0, Diff: 0, Sum: 0, Workers: 8
[2025-06-17T22:54:57.611+0300][1416][15888][debug][gc,phases] GC(2)         Total                          Min: 0, Avg:  0.0, Max: 0, Diff: 0, Sum: 0, Workers: 8
[2025-06-17T22:54:57.611+0300][1416][15888][debug][gc,phases] GC(2)     Post Evacuate Cleanup 1: 0.1ms
[2025-06-17T22:54:57.611+0300][1416][15888][debug][gc,phases] GC(2)       Merge Per-Thread State (ms):   Min:  0.0, Avg:  0.0, Max:  0.0, Diff:  0.0, Sum:  0.0, Workers: 1
[2025-06-17T22:54:57.611+0300][1416][15888][debug][gc,phases] GC(2)         Copied Bytes                   Min: 283240, Avg: 590488.0, Max: 1463912, Diff: 1180672, Sum: 4723904, Workers: 8
[2025-06-17T22:54:57.611+0300][1416][15888][debug][gc,phases] GC(2)         LAB Waste                      Min: 32, Avg: 1446.0, Max: 11016, Diff: 10984, Sum: 11568, Workers: 8
[2025-06-17T22:54:57.611+0300][1416][15888][debug][gc,phases] GC(2)         LAB Undo Waste                 Min: 0, Avg:  0.0, Max: 0, Diff: 0, Sum: 0, Workers: 8
[2025-06-17T22:54:57.611+0300][1416][15888][debug][gc,phases] GC(2)       Clear Logged Cards (ms):       Min:  0.0, Avg:  0.0, Max:  0.0, Diff:  0.0, Sum:  0.0, Workers: 3
[2025-06-17T22:54:57.611+0300][1416][15888][debug][gc,phases] GC(2)       Recalculate Used Memory (ms):  Min:  0.0, Avg:  0.0, Max:  0.0, Diff:  0.0, Sum:  0.0, Workers: 1
[2025-06-17T22:54:57.611+0300][1416][15888][debug][gc,phases] GC(2)     Post Evacuate Cleanup 2: 0.1ms
[2025-06-17T22:54:57.611+0300][1416][15888][debug][gc,phases] GC(2)       Update Derived Pointers (ms):  Min:  0.0, Avg:  0.0, Max:  0.0, Diff:  0.0, Sum:  0.0, Workers: 1
[2025-06-17T22:54:57.611+0300][1416][15888][debug][gc,phases] GC(2)       Eagerly Reclaim Humongous Objects (ms): skipped
[2025-06-17T22:54:57.611+0300][1416][15888][debug][gc,phases] GC(2)         Humongous Total                skipped
[2025-06-17T22:54:57.611+0300][1416][15888][debug][gc,phases] GC(2)         Humongous Candidates           skipped
[2025-06-17T22:54:57.611+0300][1416][15888][debug][gc,phases] GC(2)         Humongous Reclaimed            skipped
[2025-06-17T22:54:57.611+0300][1416][15888][debug][gc,phases] GC(2)       Redirty Logged Cards (ms):     Min:  0.0, Avg:  0.0, Max:  0.0, Diff:  0.0, Sum:  0.0, Workers: 8
[2025-06-17T22:54:57.611+0300][1416][15888][debug][gc,phases] GC(2)         Redirtied Cards:               Min: 0, Avg: 99.1, Max: 469, Diff: 469, Sum: 793, Workers: 8
[2025-06-17T22:54:57.611+0300][1416][15888][debug][gc,phases] GC(2)       Resize TLABs (ms):             Min:  0.0, Avg:  0.0, Max:  0.0, Diff:  0.0, Sum:  0.0, Workers: 8
[2025-06-17T22:54:57.611+0300][1416][15888][debug][gc,phases] GC(2)       Free Collection Set (ms):      Min:  0.0, Avg:  0.0, Max:  0.0, Diff:  0.0, Sum:  0.2, Workers: 8
[2025-06-17T22:54:57.611+0300][1416][15888][debug][gc,phases] GC(2)     Rebuild Free List: 0.0ms
[2025-06-17T22:54:57.611+0300][1416][15888][debug][gc,phases] GC(2)     Prepare For Mutator: 0.0ms
[2025-06-17T22:54:57.611+0300][1416][15888][debug][gc,phases] GC(2)     Expand Heap After Collection: 0.0ms
[2025-06-17T22:54:57.611+0300][1416][15888][info ][gc,phases] GC(2)   Other: 0.0ms
[2025-06-17T22:54:57.611+0300][1416][15888][info ][gc,heap  ] GC(2) Eden regions: 102->0(123)
[2025-06-17T22:54:57.611+0300][1416][15888][info ][gc,heap  ] GC(2) Survivor regions: 0->6(13)
[2025-06-17T22:54:57.611+0300][1416][15888][info ][gc,heap  ] GC(2) Old regions: 14->14
[2025-06-17T22:54:57.611+0300][1416][15888][info ][gc,heap  ] GC(2) Humongous regions: 0->0
[2025-06-17T22:54:57.611+0300][1416][15888][debug][gc,heap  ] GC(2) Heap after GC invocations=3 (full 1):
[2025-06-17T22:54:57.611+0300][1416][15888][debug][gc,heap  ] GC(2)  garbage-first heap   total 2097152K, used 14914K [0x0000000080000000, 0x0000000100000000)
[2025-06-17T22:54:57.611+0300][1416][15888][debug][gc,heap  ] GC(2)   region size 1024K, 6 young (6144K), 6 survivors (6144K)
[2025-06-17T22:54:57.611+0300][1416][15888][debug][gc,heap  ] GC(2)  Metaspace       used 23933K, committed 24448K, reserved 1114112K
[2025-06-17T22:54:57.611+0300][1416][15888][debug][gc,heap  ] GC(2)   class space    used 2297K, committed 2560K, reserved 1048576K
[2025-06-17T22:54:57.611+0300][1416][15888][info ][gc       ] GC(2) Pause Young (Normal) (G1 Evacuation Pause) 111M->14M(2048M) 8.805ms
[2025-06-17T22:54:57.611+0300][1416][15888][info ][safepoint] Safepoint "G1CollectForAllocation", Time since last: 769905300 ns, Reaching safepoint: 58200 ns, Cleanup: 101300 ns, At safepoint: 8840500 ns, Total: 9000000 ns
[2025-06-17T22:54:57.771+0300][1416][15888][debug][safepoint] Safepoint synchronization initiated using striped semaphore wait barrier. (34 threads)
[2025-06-17T22:54:57.771+0300][1416][15888][debug][gc,heap  ] GC(3) Heap before GC invocations=3 (full 1):
[2025-06-17T22:54:57.771+0300][1416][15888][debug][gc,heap  ] GC(3)  garbage-first heap   total 2097152K, used 30274K [0x0000000080000000, 0x0000000100000000)
[2025-06-17T22:54:57.771+0300][1416][15888][debug][gc,heap  ] GC(3)   region size 1024K, 22 young (22528K), 6 survivors (6144K)
[2025-06-17T22:54:57.771+0300][1416][15888][debug][gc,heap  ] GC(3)  Metaspace       used 25785K, committed 26240K, reserved 1114112K
[2025-06-17T22:54:57.771+0300][1416][15888][debug][gc,heap  ] GC(3)   class space    used 2450K, committed 2688K, reserved 1048576K
[2025-06-17T22:54:57.771+0300][1416][15888][info ][gc,phases] GC(3)   Pre Evacuate Collection Set: 0.3ms
[2025-06-17T22:54:57.771+0300][1416][15888][debug][gc,phases] GC(3)     Pre Evacuate Prepare: 0.1ms
[2025-06-17T22:54:57.771+0300][1416][15888][debug][gc,phases] GC(3)       JT Retire TLABs And Flush Logs (ms): Min:  0.0, Avg:  0.0, Max:  0.0, Diff:  0.0, Sum:  0.0, Workers: 2
[2025-06-17T22:54:57.771+0300][1416][15888][debug][gc,phases] GC(3)       Non-JT Flush Logs (ms):        Min:  0.0, Avg:  0.0, Max:  0.0, Diff:  0.0, Sum:  0.0, Workers: 1
[2025-06-17T22:54:57.771+0300][1416][15888][debug][gc,phases] GC(3)     Choose Collection Set: 0.0ms
[2025-06-17T22:54:57.771+0300][1416][15888][debug][gc,phases] GC(3)     Region Register: 0.2ms
[2025-06-17T22:54:57.771+0300][1416][15888][debug][gc,phases] GC(3)     Prepare Heap Roots: 0.0ms
[2025-06-17T22:54:57.771+0300][1416][15888][debug][gc,phases] GC(3)     Reset Marking State (ms):      Min:  0.0, Avg:  0.0, Max:  0.0, Diff:  0.0, Sum:  0.0, Workers: 1
[2025-06-17T22:54:57.771+0300][1416][15888][debug][gc,phases] GC(3)     Note Start Of Mark (ms):       Min:  0.0, Avg:  0.0, Max:  0.0, Diff:  0.0, Sum:  0.0, Workers: 4
[2025-06-17T22:54:57.771+0300][1416][15888][info ][gc,phases] GC(3)   Merge Heap Roots: 0.1ms
[2025-06-17T22:54:57.771+0300][1416][15888][debug][gc,phases] GC(3)     Prepare Merge Heap Roots: 0.0ms
[2025-06-17T22:54:57.771+0300][1416][15888][debug][gc,phases] GC(3)     Remembered Sets (ms):          Min:  0.0, Avg:  0.0, Max:  0.0, Diff:  0.0, Sum:  0.0, Workers: 8
[2025-06-17T22:54:57.771+0300][1416][15888][debug][gc,phases] GC(3)       Eager Reclaim (ms):            skipped
[2025-06-17T22:54:57.771+0300][1416][15888][debug][gc,phases] GC(3)       Merged Inline                  Min: 0, Avg:  0.0, Max: 0, Diff: 0, Sum: 0, Workers: 8
[2025-06-17T22:54:57.771+0300][1416][15888][debug][gc,phases] GC(3)       Merged ArrayOfCards            Min: 0, Avg:  0.0, Max: 0, Diff: 0, Sum: 0, Workers: 8
[2025-06-17T22:54:57.771+0300][1416][15888][debug][gc,phases] GC(3)       Merged Howl                    Min: 0, Avg:  0.0, Max: 0, Diff: 0, Sum: 0, Workers: 8
[2025-06-17T22:54:57.771+0300][1416][15888][debug][gc,phases] GC(3)       Merged Full                    Min: 0, Avg:  0.0, Max: 0, Diff: 0, Sum: 0, Workers: 8
[2025-06-17T22:54:57.771+0300][1416][15888][debug][gc,phases] GC(3)       Merged Howl Inline             Min: 0, Avg:  0.0, Max: 0, Diff: 0, Sum: 0, Workers: 8
[2025-06-17T22:54:57.771+0300][1416][15888][debug][gc,phases] GC(3)       Merged Howl ArrayOfCards       Min: 0, Avg:  0.0, Max: 0, Diff: 0, Sum: 0, Workers: 8
[2025-06-17T22:54:57.771+0300][1416][15888][debug][gc,phases] GC(3)       Merged Howl BitMap             Min: 0, Avg:  0.0, Max: 0, Diff: 0, Sum: 0, Workers: 8
[2025-06-17T22:54:57.771+0300][1416][15888][debug][gc,phases] GC(3)       Merged Howl Full               Min: 0, Avg:  0.0, Max: 0, Diff: 0, Sum: 0, Workers: 8
[2025-06-17T22:54:57.771+0300][1416][15888][debug][gc,phases] GC(3)       Merged Cards                   Min: 8, Avg:  8.0, Max: 8, Diff: 0, Sum: 64, Workers: 8
[2025-06-17T22:54:57.771+0300][1416][15888][debug][gc,phases] GC(3)     Log Buffers (ms):              Min:  0.0, Avg:  0.0, Max:  0.0, Diff:  0.0, Sum:  0.0, Workers: 8
[2025-06-17T22:54:57.771+0300][1416][15888][debug][gc,phases] GC(3)       Dirty Cards:                   Min: 0, Avg: 107.0, Max: 308, Diff: 308, Sum: 856, Workers: 8
[2025-06-17T22:54:57.771+0300][1416][15888][debug][gc,phases] GC(3)       Skipped Cards:                 Min: 0, Avg:  0.0, Max: 0, Diff: 0, Sum: 0, Workers: 8
[2025-06-17T22:54:57.771+0300][1416][15888][info ][gc,phases] GC(3)   Evacuate Collection Set: 1.6ms
[2025-06-17T22:54:57.771+0300][1416][15888][debug][gc,phases] GC(3)     Ext Root Scanning (ms):        Min:  0.0, Avg:  0.2, Max:  0.8, Diff:  0.8, Sum:  1.9, Workers: 8
[2025-06-17T22:54:57.771+0300][1416][15888][debug][gc,phases] GC(3)     Scan Heap Roots (ms):          Min:  0.0, Avg:  0.1, Max:  0.2, Diff:  0.2, Sum:  0.9, Workers: 8
[2025-06-17T22:54:57.771+0300][1416][15888][debug][gc,phases] GC(3)       Scanned Cards:                 Min: 0, Avg: 106.0, Max: 216, Diff: 216, Sum: 848, Workers: 8
[2025-06-17T22:54:57.771+0300][1416][15888][debug][gc,phases] GC(3)       Scanned Blocks:                Min: 0, Avg: 55.8, Max: 141, Diff: 141, Sum: 446, Workers: 8
[2025-06-17T22:54:57.771+0300][1416][15888][debug][gc,phases] GC(3)       Claimed Chunks:                Min: 0, Avg: 24.8, Max: 62, Diff: 62, Sum: 198, Workers: 8
[2025-06-17T22:54:57.771+0300][1416][15888][debug][gc,phases] GC(3)       Found Roots:                   Min: 0, Avg: 1107.2, Max: 3948, Diff: 3948, Sum: 8858, Workers: 8
[2025-06-17T22:54:57.771+0300][1416][15888][debug][gc,phases] GC(3)     Code Root Scan (ms):           Min:  0.0, Avg:  0.1, Max:  0.1, Diff:  0.1, Sum:  0.5, Workers: 8
[2025-06-17T22:54:57.771+0300][1416][15888][debug][gc,phases] GC(3)       Scanned Nmethods               Min: 0, Avg:  8.5, Max: 26, Diff: 26, Sum: 68, Workers: 8
[2025-06-17T22:54:57.771+0300][1416][15888][debug][gc,phases] GC(3)     Object Copy (ms):              Min:  0.7, Avg:  0.8, Max:  1.0, Diff:  0.3, Sum:  6.6, Workers: 8
[2025-06-17T22:54:57.771+0300][1416][15888][debug][gc,phases] GC(3)     Termination (ms):              Min:  0.0, Avg:  0.3, Max:  0.4, Diff:  0.4, Sum:  2.3, Workers: 8
[2025-06-17T22:54:57.771+0300][1416][15888][debug][gc,phases] GC(3)       Termination Attempts:          Min: 1, Avg:  3.2, Max: 5, Diff: 4, Sum: 26, Workers: 8
[2025-06-17T22:54:57.771+0300][1416][15888][debug][gc,phases] GC(3)     GC Worker Other (ms):          Min:  0.0, Avg:  0.0, Max:  0.0, Diff:  0.0, Sum:  0.1, Workers: 8
[2025-06-17T22:54:57.771+0300][1416][15888][debug][gc,phases] GC(3)     GC Worker Total (ms):          Min:  1.5, Avg:  1.5, Max:  1.6, Diff:  0.1, Sum: 12.3, Workers: 8
[2025-06-17T22:54:57.771+0300][1416][15888][info ][gc,phases] GC(3)   Post Evacuate Collection Set: 0.6ms
[2025-06-17T22:54:57.771+0300][1416][15888][debug][gc,phases] GC(3)     NMethod List Cleanup: 0.0ms
[2025-06-17T22:54:57.771+0300][1416][15888][debug][gc,phases] GC(3)     Reference Processing: 0.1ms
[2025-06-17T22:54:57.771+0300][1416][15888][debug][gc,phases] GC(3)     Weak Processing: 0.1ms
[2025-06-17T22:54:57.771+0300][1416][15888][debug][gc,phases] GC(3)       VM Weak                        Min:  0.0, Avg:  0.0, Max:  0.0, Diff:  0.0, Sum:  0.0, Workers: 8
[2025-06-17T22:54:57.771+0300][1416][15888][debug][gc,phases] GC(3)         Dead                           Min: 0, Avg:  0.0, Max: 0, Diff: 0, Sum: 0, Workers: 8
[2025-06-17T22:54:57.771+0300][1416][15888][debug][gc,phases] GC(3)         Total                          Min: 0, Avg: 31.8, Max: 254, Diff: 254, Sum: 254, Workers: 8
[2025-06-17T22:54:57.771+0300][1416][15888][debug][gc,phases] GC(3)       ObjectSynchronizer Weak        Min:  0.0, Avg:  0.0, Max:  0.0, Diff:  0.0, Sum:  0.0, Workers: 8
[2025-06-17T22:54:57.771+0300][1416][15888][debug][gc,phases] GC(3)         Dead                           Min: 0, Avg:  0.0, Max: 0, Diff: 0, Sum: 0, Workers: 8
[2025-06-17T22:54:57.771+0300][1416][15888][debug][gc,phases] GC(3)         Total                          Min: 0, Avg:  2.6, Max: 21, Diff: 21, Sum: 21, Workers: 8
[2025-06-17T22:54:57.771+0300][1416][15888][debug][gc,phases] GC(3)       JVMTI Tag Weak OopStorage      Min:  0.0, Avg:  0.0, Max:  0.0, Diff:  0.0, Sum:  0.0, Workers: 8
[2025-06-17T22:54:57.771+0300][1416][15888][debug][gc,phases] GC(3)         Dead                           Min: 0, Avg:  0.0, Max: 0, Diff: 0, Sum: 0, Workers: 8
[2025-06-17T22:54:57.771+0300][1416][15888][debug][gc,phases] GC(3)         Total                          Min: 0, Avg:  0.0, Max: 0, Diff: 0, Sum: 0, Workers: 8
[2025-06-17T22:54:57.771+0300][1416][15888][debug][gc,phases] GC(3)       StringTable Weak               Min:  0.0, Avg:  0.0, Max:  0.1, Diff:  0.0, Sum:  0.3, Workers: 8
[2025-06-17T22:54:57.771+0300][1416][15888][debug][gc,phases] GC(3)         Dead                           Min: 0, Avg:  0.5, Max: 2, Diff: 2, Sum: 4, Workers: 8
[2025-06-17T22:54:57.771+0300][1416][15888][debug][gc,phases] GC(3)         Total                          Min: 1536, Avg: 2946.9, Max: 6784, Diff: 5248, Sum: 23575, Workers: 8
[2025-06-17T22:54:57.771+0300][1416][15888][debug][gc,phases] GC(3)       ResolvedMethodTable Weak       Min:  0.0, Avg:  0.0, Max:  0.0, Diff:  0.0, Sum:  0.0, Workers: 8
[2025-06-17T22:54:57.771+0300][1416][15888][debug][gc,phases] GC(3)         Dead                           Min: 0, Avg:  0.6, Max: 5, Diff: 5, Sum: 5, Workers: 8
[2025-06-17T22:54:57.771+0300][1416][15888][debug][gc,phases] GC(3)         Total                          Min: 0, Avg: 162.1, Max: 256, Diff: 256, Sum: 1297, Workers: 8
[2025-06-17T22:54:57.771+0300][1416][15888][debug][gc,phases] GC(3)       JNI Weak                       Min:  0.0, Avg:  0.0, Max:  0.0, Diff:  0.0, Sum:  0.0, Workers: 8
[2025-06-17T22:54:57.771+0300][1416][15888][debug][gc,phases] GC(3)         Dead                           Min: 0, Avg:  0.0, Max: 0, Diff: 0, Sum: 0, Workers: 8
[2025-06-17T22:54:57.771+0300][1416][15888][debug][gc,phases] GC(3)         Total                          Min: 0, Avg:  0.2, Max: 2, Diff: 2, Sum: 2, Workers: 8
[2025-06-17T22:54:57.771+0300][1416][15888][debug][gc,phases] GC(3)       StringDedup Table Weak         Min:  0.0, Avg:  0.0, Max:  0.0, Diff:  0.0, Sum:  0.0, Workers: 8
[2025-06-17T22:54:57.771+0300][1416][15888][debug][gc,phases] GC(3)         Dead                           Min: 0, Avg:  0.0, Max: 0, Diff: 0, Sum: 0, Workers: 8
[2025-06-17T22:54:57.771+0300][1416][15888][debug][gc,phases] GC(3)         Total                          Min: 0, Avg:  0.0, Max: 0, Diff: 0, Sum: 0, Workers: 8
[2025-06-17T22:54:57.771+0300][1416][15888][debug][gc,phases] GC(3)       StringDedup Requests0 Weak     Min:  0.0, Avg:  0.0, Max:  0.0, Diff:  0.0, Sum:  0.0, Workers: 8
[2025-06-17T22:54:57.771+0300][1416][15888][debug][gc,phases] GC(3)         Dead                           Min: 0, Avg:  0.0, Max: 0, Diff: 0, Sum: 0, Workers: 8
[2025-06-17T22:54:57.771+0300][1416][15888][debug][gc,phases] GC(3)         Total                          Min: 0, Avg:  0.0, Max: 0, Diff: 0, Sum: 0, Workers: 8
[2025-06-17T22:54:57.771+0300][1416][15888][debug][gc,phases] GC(3)       StringDedup Requests1 Weak     Min:  0.0, Avg:  0.0, Max:  0.0, Diff:  0.0, Sum:  0.0, Workers: 8
[2025-06-17T22:54:57.771+0300][1416][15888][debug][gc,phases] GC(3)         Dead                           Min: 0, Avg:  0.0, Max: 0, Diff: 0, Sum: 0, Workers: 8
[2025-06-17T22:54:57.771+0300][1416][15888][debug][gc,phases] GC(3)         Total                          Min: 0, Avg:  0.0, Max: 0, Diff: 0, Sum: 0, Workers: 8
[2025-06-17T22:54:57.771+0300][1416][15888][debug][gc,phases] GC(3)       Weak JFR Old Object Samples    Min:  0.0, Avg:  0.0, Max:  0.0, Diff:  0.0, Sum:  0.0, Workers: 8
[2025-06-17T22:54:57.771+0300][1416][15888][debug][gc,phases] GC(3)         Dead                           Min: 0, Avg:  0.0, Max: 0, Diff: 0, Sum: 0, Workers: 8
[2025-06-17T22:54:57.771+0300][1416][15888][debug][gc,phases] GC(3)         Total                          Min: 0, Avg:  0.0, Max: 0, Diff: 0, Sum: 0, Workers: 8
[2025-06-17T22:54:57.771+0300][1416][15888][debug][gc,phases] GC(3)     Post Evacuate Cleanup 1: 0.1ms
[2025-06-17T22:54:57.771+0300][1416][15888][debug][gc,phases] GC(3)       Merge Per-Thread State (ms):   Min:  0.0, Avg:  0.0, Max:  0.0, Diff:  0.0, Sum:  0.0, Workers: 1
[2025-06-17T22:54:57.771+0300][1416][15888][debug][gc,phases] GC(3)         Copied Bytes                   Min: 342872, Avg: 564124.0, Max: 1276296, Diff: 933424, Sum: 4512992, Workers: 8
[2025-06-17T22:54:57.771+0300][1416][15888][debug][gc,phases] GC(3)         LAB Waste                      Min: 56, Avg: 3899.0, Max: 15432, Diff: 15376, Sum: 31192, Workers: 8
[2025-06-17T22:54:57.771+0300][1416][15888][debug][gc,phases] GC(3)         LAB Undo Waste                 Min: 0, Avg:  0.0, Max: 0, Diff: 0, Sum: 0, Workers: 8
[2025-06-17T22:54:57.771+0300][1416][15888][debug][gc,phases] GC(3)       Clear Logged Cards (ms):       Min:  0.0, Avg:  0.0, Max:  0.0, Diff:  0.0, Sum:  0.0, Workers: 3
[2025-06-17T22:54:57.771+0300][1416][15888][debug][gc,phases] GC(3)       Recalculate Used Memory (ms):  Min:  0.0, Avg:  0.0, Max:  0.0, Diff:  0.0, Sum:  0.0, Workers: 1
[2025-06-17T22:54:57.771+0300][1416][15888][debug][gc,phases] GC(3)     Post Evacuate Cleanup 2: 0.2ms
[2025-06-17T22:54:57.771+0300][1416][15888][debug][gc,phases] GC(3)       Update Derived Pointers (ms):  Min:  0.0, Avg:  0.0, Max:  0.0, Diff:  0.0, Sum:  0.0, Workers: 1
[2025-06-17T22:54:57.771+0300][1416][15888][debug][gc,phases] GC(3)       Eagerly Reclaim Humongous Objects (ms): skipped
[2025-06-17T22:54:57.771+0300][1416][15888][debug][gc,phases] GC(3)         Humongous Total                skipped
[2025-06-17T22:54:57.771+0300][1416][15888][debug][gc,phases] GC(3)         Humongous Candidates           skipped
[2025-06-17T22:54:57.771+0300][1416][15888][debug][gc,phases] GC(3)         Humongous Reclaimed            skipped
[2025-06-17T22:54:57.771+0300][1416][15888][debug][gc,phases] GC(3)       Redirty Logged Cards (ms):     Min:  0.0, Avg:  0.0, Max:  0.0, Diff:  0.0, Sum:  0.0, Workers: 8
[2025-06-17T22:54:57.771+0300][1416][15888][debug][gc,phases] GC(3)         Redirtied Cards:               Min: 0, Avg: 104.4, Max: 315, Diff: 315, Sum: 835, Workers: 8
[2025-06-17T22:54:57.771+0300][1416][15888][debug][gc,phases] GC(3)       Resize TLABs (ms):             Min:  0.0, Avg:  0.0, Max:  0.0, Diff:  0.0, Sum:  0.0, Workers: 8
[2025-06-17T22:54:57.771+0300][1416][15888][debug][gc,phases] GC(3)       Free Collection Set (ms):      Min:  0.0, Avg:  0.0, Max:  0.0, Diff:  0.0, Sum:  0.1, Workers: 8
[2025-06-17T22:54:57.771+0300][1416][15888][debug][gc,phases] GC(3)     Rebuild Free List: 0.1ms
[2025-06-17T22:54:57.771+0300][1416][15888][debug][gc,phases] GC(3)     Prepare For Mutator: 0.0ms
[2025-06-17T22:54:57.771+0300][1416][15888][debug][gc,phases] GC(3)     Expand Heap After Collection: 0.0ms
[2025-06-17T22:54:57.771+0300][1416][15888][info ][gc,phases] GC(3)   Other: 0.2ms
[2025-06-17T22:54:57.771+0300][1416][15888][info ][gc,heap  ] GC(3) Eden regions: 16->0(159)
[2025-06-17T22:54:57.771+0300][1416][15888][info ][gc,heap  ] GC(3) Survivor regions: 6->6(17)
[2025-06-17T22:54:57.771+0300][1416][15888][info ][gc,heap  ] GC(3) Old regions: 14->14
[2025-06-17T22:54:57.771+0300][1416][15888][info ][gc,heap  ] GC(3) Humongous regions: 0->0
[2025-06-17T22:54:57.771+0300][1416][15888][debug][gc,heap  ] GC(3) Heap after GC invocations=4 (full 1):
[2025-06-17T22:54:57.771+0300][1416][15888][debug][gc,heap  ] GC(3)  garbage-first heap   total 2097152K, used 14661K [0x0000000080000000, 0x0000000100000000)
[2025-06-17T22:54:57.771+0300][1416][15888][debug][gc,heap  ] GC(3)   region size 1024K, 6 young (6144K), 6 survivors (6144K)
[2025-06-17T22:54:57.771+0300][1416][15888][debug][gc,heap  ] GC(3)  Metaspace       used 25785K, committed 26240K, reserved 1114112K
[2025-06-17T22:54:57.771+0300][1416][15888][debug][gc,heap  ] GC(3)   class space    used 2450K, committed 2688K, reserved 1048576K
[2025-06-17T22:54:57.771+0300][1416][15888][info ][gc       ] GC(3) Pause Young (Concurrent Start) (Metadata GC Threshold) 30M->14M(2048M) 4.182ms
[2025-06-17T22:54:57.771+0300][1416][15888][info ][safepoint] Safepoint "CollectForMetadataAllocation", Time since last: 153911300 ns, Reaching safepoint: 197000 ns, Cleanup: 16600 ns, At safepoint: 4227300 ns, Total: 4440900 ns
[2025-06-17T22:54:57.771+0300][1416][16204][info ][gc       ] GC(4) Concurrent Mark Cycle
[2025-06-17T22:54:57.771+0300][1416][15888][debug][safepoint] Safepoint synchronization initiated using striped semaphore wait barrier. (34 threads)
[2025-06-17T22:54:57.771+0300][1416][15888][debug][gc,phases] GC(4) Finalize Marking 0.152ms
[2025-06-17T22:54:57.771+0300][1416][15888][debug][gc,phases] GC(4) Reference Processing 0.042ms
[2025-06-17T22:54:57.771+0300][1416][15888][debug][gc,phases] GC(4)   VM Weak                        Min:  0.0, Avg:  0.0, Max:  0.0, Diff:  0.0, Sum:  0.0, Workers: 8
[2025-06-17T22:54:57.771+0300][1416][15888][debug][gc,phases] GC(4)     Dead                           Min: 0, Avg:  0.0, Max: 0, Diff: 0, Sum: 0, Workers: 8
[2025-06-17T22:54:57.771+0300][1416][15888][debug][gc,phases] GC(4)     Total                          Min: 0, Avg: 31.8, Max: 192, Diff: 192, Sum: 254, Workers: 8
[2025-06-17T22:54:57.771+0300][1416][15888][debug][gc,phases] GC(4)   ObjectSynchronizer Weak        Min:  0.0, Avg:  0.0, Max:  0.0, Diff:  0.0, Sum:  0.0, Workers: 8
[2025-06-17T22:54:57.771+0300][1416][15888][debug][gc,phases] GC(4)     Dead                           Min: 0, Avg:  0.0, Max: 0, Diff: 0, Sum: 0, Workers: 8
[2025-06-17T22:54:57.771+0300][1416][15888][debug][gc,phases] GC(4)     Total                          Min: 0, Avg:  2.6, Max: 21, Diff: 21, Sum: 21, Workers: 8
[2025-06-17T22:54:57.771+0300][1416][15888][debug][gc,phases] GC(4)   JVMTI Tag Weak OopStorage      Min:  0.0, Avg:  0.0, Max:  0.0, Diff:  0.0, Sum:  0.0, Workers: 8
[2025-06-17T22:54:57.771+0300][1416][15888][debug][gc,phases] GC(4)     Dead                           Min: 0, Avg:  0.0, Max: 0, Diff: 0, Sum: 0, Workers: 8
[2025-06-17T22:54:57.771+0300][1416][15888][debug][gc,phases] GC(4)     Total                          Min: 0, Avg:  0.0, Max: 0, Diff: 0, Sum: 0, Workers: 8
[2025-06-17T22:54:57.771+0300][1416][15888][debug][gc,phases] GC(4)   StringTable Weak               Min:  0.0, Avg:  0.0, Max:  0.1, Diff:  0.0, Sum:  0.3, Workers: 8
[2025-06-17T22:54:57.771+0300][1416][15888][debug][gc,phases] GC(4)     Dead                           Min: 0, Avg:  0.0, Max: 0, Diff: 0, Sum: 0, Workers: 8
[2025-06-17T22:54:57.771+0300][1416][15888][debug][gc,phases] GC(4)     Total                          Min: 1984, Avg: 2953.0, Max: 5824, Diff: 3840, Sum: 23624, Workers: 8
[2025-06-17T22:54:57.771+0300][1416][15888][debug][gc,phases] GC(4)   ResolvedMethodTable Weak       Min:  0.0, Avg:  0.0, Max:  0.0, Diff:  0.0, Sum:  0.0, Workers: 8
[2025-06-17T22:54:57.771+0300][1416][15888][debug][gc,phases] GC(4)     Dead                           Min: 0, Avg:  0.0, Max: 0, Diff: 0, Sum: 0, Workers: 8
[2025-06-17T22:54:57.771+0300][1416][15888][debug][gc,phases] GC(4)     Total                          Min: 127, Avg: 162.6, Max: 192, Diff: 65, Sum: 1301, Workers: 8
[2025-06-17T22:54:57.771+0300][1416][15888][debug][gc,phases] GC(4)   JNI Weak                       Min:  0.0, Avg:  0.0, Max:  0.0, Diff:  0.0, Sum:  0.0, Workers: 8
[2025-06-17T22:54:57.771+0300][1416][15888][debug][gc,phases] GC(4)     Dead                           Min: 0, Avg:  0.0, Max: 0, Diff: 0, Sum: 0, Workers: 8
[2025-06-17T22:54:57.771+0300][1416][15888][debug][gc,phases] GC(4)     Total                          Min: 0, Avg:  0.0, Max: 0, Diff: 0, Sum: 0, Workers: 8
[2025-06-17T22:54:57.771+0300][1416][15888][debug][gc,phases] GC(4)   StringDedup Table Weak         Min:  0.0, Avg:  0.0, Max:  0.0, Diff:  0.0, Sum:  0.0, Workers: 8
[2025-06-17T22:54:57.771+0300][1416][15888][debug][gc,phases] GC(4)     Dead                           Min: 0, Avg:  0.0, Max: 0, Diff: 0, Sum: 0, Workers: 8
[2025-06-17T22:54:57.771+0300][1416][15888][debug][gc,phases] GC(4)     Total                          Min: 0, Avg:  0.0, Max: 0, Diff: 0, Sum: 0, Workers: 8
[2025-06-17T22:54:57.771+0300][1416][15888][debug][gc,phases] GC(4)   StringDedup Requests0 Weak     Min:  0.0, Avg:  0.0, Max:  0.0, Diff:  0.0, Sum:  0.0, Workers: 8
[2025-06-17T22:54:57.771+0300][1416][15888][debug][gc,phases] GC(4)     Dead                           Min: 0, Avg:  0.0, Max: 0, Diff: 0, Sum: 0, Workers: 8
[2025-06-17T22:54:57.771+0300][1416][15888][debug][gc,phases] GC(4)     Total                          Min: 0, Avg:  0.0, Max: 0, Diff: 0, Sum: 0, Workers: 8
[2025-06-17T22:54:57.771+0300][1416][15888][debug][gc,phases] GC(4)   StringDedup Requests1 Weak     Min:  0.0, Avg:  0.0, Max:  0.0, Diff:  0.0, Sum:  0.0, Workers: 8
[2025-06-17T22:54:57.771+0300][1416][15888][debug][gc,phases] GC(4)     Dead                           Min: 0, Avg:  0.0, Max: 0, Diff: 0, Sum: 0, Workers: 8
[2025-06-17T22:54:57.771+0300][1416][15888][debug][gc,phases] GC(4)     Total                          Min: 0, Avg:  0.0, Max: 0, Diff: 0, Sum: 0, Workers: 8
[2025-06-17T22:54:57.771+0300][1416][15888][debug][gc,phases] GC(4)   Weak JFR Old Object Samples    Min:  0.0, Avg:  0.0, Max:  0.0, Diff:  0.0, Sum:  0.0, Workers: 8
[2025-06-17T22:54:57.771+0300][1416][15888][debug][gc,phases] GC(4)     Dead                           Min: 0, Avg:  0.0, Max: 0, Diff: 0, Sum: 0, Workers: 8
[2025-06-17T22:54:57.771+0300][1416][15888][debug][gc,phases] GC(4)     Total                          Min: 0, Avg:  0.0, Max: 0, Diff: 0, Sum: 0, Workers: 8
[2025-06-17T22:54:57.771+0300][1416][15888][debug][gc,phases] GC(4) Weak Processing 0.517ms
[2025-06-17T22:54:57.771+0300][1416][15888][debug][gc,phases] GC(4) ClassLoaderData 0.017ms
[2025-06-17T22:54:57.771+0300][1416][15888][debug][gc,phases] GC(4) Trigger cleanups 0.002ms
[2025-06-17T22:54:57.787+0300][1416][15888][debug][gc,phases] GC(4) G1 Complete Cleaning 3.126ms
[2025-06-17T22:54:57.787+0300][1416][15888][debug][gc,phases] GC(4) Purge Unlinked NMethods 0.373ms
[2025-06-17T22:54:57.787+0300][1416][15888][debug][gc,phases] GC(4) Unregister NMethods 0.184ms
[2025-06-17T22:54:57.787+0300][1416][15888][debug][gc,phases] GC(4) Free Code Blobs 0.107ms
[2025-06-17T22:54:57.787+0300][1416][15888][debug][gc,phases] GC(4) Purge Class Loader Data 0.096ms
[2025-06-17T22:54:57.787+0300][1416][15888][debug][gc,phases] GC(4) Class Unloading 4.126ms
[2025-06-17T22:54:57.787+0300][1416][15888][debug][gc,phases] GC(4) Flush Task Caches 0.011ms
[2025-06-17T22:54:57.787+0300][1416][15888][debug][gc,phases] GC(4) Update Remembered Set Tracking Before Rebuild 0.171ms
[2025-06-17T22:54:57.787+0300][1416][15888][debug][gc,phases] GC(4) Reclaim Empty Regions 0.117ms
[2025-06-17T22:54:57.787+0300][1416][15888][debug][gc,phases] GC(4) Report Object Count 0.000ms
[2025-06-17T22:54:57.787+0300][1416][15888][info ][gc       ] GC(4) Pause Remark 15M->15M(2048M) 5.290ms
[2025-06-17T22:54:57.787+0300][1416][15888][info ][safepoint] Safepoint "G1PauseRemark", Time since last: 9070700 ns, Reaching safepoint: 426900 ns, Cleanup: 9100 ns, At safepoint: 5312600 ns, Total: 5748600 ns
[2025-06-17T22:54:57.787+0300][1416][15888][debug][safepoint] Safepoint synchronization initiated using striped semaphore wait barrier. (34 threads)
[2025-06-17T22:54:57.787+0300][1416][15888][debug][gc,phases] GC(4) Update Remembered Set Tracking After Rebuild 0.024ms
[2025-06-17T22:54:57.787+0300][1416][15888][debug][gc,phases] GC(4) Finalize Concurrent Mark Cleanup 0.158ms
[2025-06-17T22:54:57.787+0300][1416][15888][info ][gc       ] GC(4) Pause Cleanup 15M->15M(2048M) 0.227ms
[2025-06-17T22:54:57.787+0300][1416][15888][info ][safepoint] Safepoint "G1PauseCleanup", Time since last: 3104000 ns, Reaching safepoint: 41200 ns, Cleanup: 13800 ns, At safepoint: 243200 ns, Total: 298200 ns
[2025-06-17T22:54:57.796+0300][1416][16204][info ][gc       ] GC(4) Concurrent Mark Cycle 20.988ms
[2025-06-17T22:54:58.087+0300][1416][15888][debug][safepoint] Safepoint synchronization initiated using striped semaphore wait barrier. (34 threads)
[2025-06-17T22:54:58.087+0300][1416][15888][info ][safepoint] Safepoint "ICBufferFull", Time since last: 293305800 ns, Reaching safepoint: 66700 ns, Cleanup: 84100 ns, At safepoint: 9900 ns, Total: 160700 ns
[2025-06-17T22:54:58.356+0300][1416][15888][debug][safepoint] Safepoint synchronization initiated using striped semaphore wait barrier. (34 threads)
[2025-06-17T22:54:58.356+0300][1416][15888][info ][safepoint] Safepoint "ICBufferFull", Time since last: 268260800 ns, Reaching safepoint: 78000 ns, Cleanup: 154400 ns, At safepoint: 2700 ns, Total: 235100 ns
[2025-06-17T22:54:58.830+0300][1416][15888][debug][safepoint] Safepoint synchronization initiated using striped semaphore wait barrier. (34 threads)
[2025-06-17T22:54:58.830+0300][1416][15888][info ][safepoint] Safepoint "ICBufferFull", Time since last: 474123300 ns, Reaching safepoint: 55400 ns, Cleanup: 125200 ns, At safepoint: 2100 ns, Total: 182700 ns
[2025-06-17T22:54:59.025+0300][1416][6956 ][debug][safepoint] ... found polling page loop exception at pc = 0x00000220594970be, stub =0x0000022060396600
[2025-06-17T22:54:59.464+0300][1416][15888][debug][safepoint] Safepoint synchronization initiated using striped semaphore wait barrier. (34 threads)
[2025-06-17T22:54:59.464+0300][1416][15888][info ][safepoint] Safepoint "ICBufferFull", Time since last: 634355700 ns, Reaching safepoint: 77700 ns, Cleanup: 173900 ns, At safepoint: 6600 ns, Total: 258200 ns
[2025-06-17T22:54:59.853+0300][1416][15888][debug][safepoint] Safepoint synchronization initiated using striped semaphore wait barrier. (34 threads)
[2025-06-17T22:54:59.853+0300][1416][15888][info ][safepoint] Safepoint "ICBufferFull", Time since last: 388641100 ns, Reaching safepoint: 56100 ns, Cleanup: 111200 ns, At safepoint: 1600 ns, Total: 168900 ns
[2025-06-17T22:55:00.204+0300][1416][15888][debug][safepoint] Safepoint synchronization initiated using striped semaphore wait barrier. (34 threads)
[2025-06-17T22:55:00.205+0300][1416][15888][info ][safepoint] Safepoint "ICBufferFull", Time since last: 350892200 ns, Reaching safepoint: 73500 ns, Cleanup: 123600 ns, At safepoint: 6900 ns, Total: 204000 ns
[2025-06-17T22:55:00.919+0300][1416][15888][debug][safepoint] Safepoint synchronization initiated using striped semaphore wait barrier. (34 threads)
[2025-06-17T22:55:00.920+0300][1416][15888][info ][safepoint] Safepoint "ICBufferFull", Time since last: 714814000 ns, Reaching safepoint: 81200 ns, Cleanup: 130600 ns, At safepoint: 4800 ns, Total: 216600 ns
[2025-06-17T22:55:01.135+0300][1416][15888][debug][safepoint] Safepoint synchronization initiated using striped semaphore wait barrier. (34 threads)
[2025-06-17T22:55:01.135+0300][1416][15888][debug][gc,heap  ] GC(5) Heap before GC invocations=5 (full 1):
[2025-06-17T22:55:01.135+0300][1416][15888][debug][gc,heap  ] GC(5)  garbage-first heap   total 2097152K, used 176453K [0x0000000080000000, 0x0000000100000000)
[2025-06-17T22:55:01.135+0300][1416][15888][debug][gc,heap  ] GC(5)   region size 1024K, 165 young (168960K), 6 survivors (6144K)
[2025-06-17T22:55:01.135+0300][1416][15888][debug][gc,heap  ] GC(5)  Metaspace       used 31067K, committed 31680K, reserved 1114112K
[2025-06-17T22:55:01.135+0300][1416][15888][debug][gc,heap  ] GC(5)   class space    used 2809K, committed 3072K, reserved 1048576K
[2025-06-17T22:55:01.140+0300][1416][15888][info ][gc,phases] GC(5)   Pre Evacuate Collection Set: 0.4ms
[2025-06-17T22:55:01.141+0300][1416][15888][debug][gc,phases] GC(5)     Pre Evacuate Prepare: 0.1ms
[2025-06-17T22:55:01.141+0300][1416][15888][debug][gc,phases] GC(5)       JT Retire TLABs And Flush Logs (ms): Min:  0.0, Avg:  0.0, Max:  0.0, Diff:  0.0, Sum:  0.0, Workers: 2
[2025-06-17T22:55:01.141+0300][1416][15888][debug][gc,phases] GC(5)       Non-JT Flush Logs (ms):        Min:  0.0, Avg:  0.0, Max:  0.0, Diff:  0.0, Sum:  0.0, Workers: 1
[2025-06-17T22:55:01.141+0300][1416][15888][debug][gc,phases] GC(5)     Choose Collection Set: 0.0ms
[2025-06-17T22:55:01.141+0300][1416][15888][debug][gc,phases] GC(5)     Region Register: 0.2ms
[2025-06-17T22:55:01.141+0300][1416][15888][debug][gc,phases] GC(5)     Prepare Heap Roots: 0.0ms
[2025-06-17T22:55:01.141+0300][1416][15888][info ][gc,phases] GC(5)   Merge Heap Roots: 0.1ms
[2025-06-17T22:55:01.141+0300][1416][15888][debug][gc,phases] GC(5)     Prepare Merge Heap Roots: 0.0ms
[2025-06-17T22:55:01.141+0300][1416][15888][debug][gc,phases] GC(5)     Remembered Sets (ms):          Min:  0.0, Avg:  0.0, Max:  0.0, Diff:  0.0, Sum:  0.1, Workers: 8
[2025-06-17T22:55:01.141+0300][1416][15888][debug][gc,phases] GC(5)       Eager Reclaim (ms):            skipped
[2025-06-17T22:55:01.141+0300][1416][15888][debug][gc,phases] GC(5)       Merged Inline                  Min: 0, Avg:  2.0, Max: 8, Diff: 8, Sum: 16, Workers: 8
[2025-06-17T22:55:01.141+0300][1416][15888][debug][gc,phases] GC(5)       Merged ArrayOfCards            Min: 0, Avg:  0.8, Max: 3, Diff: 3, Sum: 6, Workers: 8
[2025-06-17T22:55:01.141+0300][1416][15888][debug][gc,phases] GC(5)       Merged Howl                    Min: 0, Avg:  1.5, Max: 8, Diff: 8, Sum: 12, Workers: 8
[2025-06-17T22:55:01.141+0300][1416][15888][debug][gc,phases] GC(5)       Merged Full                    Min: 0, Avg:  0.0, Max: 0, Diff: 0, Sum: 0, Workers: 8
[2025-06-17T22:55:01.141+0300][1416][15888][debug][gc,phases] GC(5)       Merged Howl Inline             Min: 0, Avg:  2.8, Max: 12, Diff: 12, Sum: 22, Workers: 8
[2025-06-17T22:55:01.141+0300][1416][15888][debug][gc,phases] GC(5)       Merged Howl ArrayOfCards       Min: 0, Avg:  1.4, Max: 8, Diff: 8, Sum: 11, Workers: 8
[2025-06-17T22:55:01.141+0300][1416][15888][debug][gc,phases] GC(5)       Merged Howl BitMap             Min: 0, Avg:  1.9, Max: 12, Diff: 12, Sum: 15, Workers: 8
[2025-06-17T22:55:01.141+0300][1416][15888][debug][gc,phases] GC(5)       Merged Howl Full               Min: 0, Avg:  0.0, Max: 0, Diff: 0, Sum: 0, Workers: 8
[2025-06-17T22:55:01.141+0300][1416][15888][debug][gc,phases] GC(5)       Merged Cards                   Min: 8, Avg: 88.5, Max: 467, Diff: 459, Sum: 708, Workers: 8
[2025-06-17T22:55:01.141+0300][1416][15888][debug][gc,phases] GC(5)     Log Buffers (ms):              Min:  0.0, Avg:  0.0, Max:  0.0, Diff:  0.0, Sum:  0.0, Workers: 8
[2025-06-17T22:55:01.141+0300][1416][15888][debug][gc,phases] GC(5)       Dirty Cards:                   Min: 0, Avg: 164.1, Max: 430, Diff: 430, Sum: 1313, Workers: 8
[2025-06-17T22:55:01.141+0300][1416][15888][debug][gc,phases] GC(5)       Skipped Cards:                 Min: 0, Avg:  0.0, Max: 0, Diff: 0, Sum: 0, Workers: 8
[2025-06-17T22:55:01.141+0300][1416][15888][info ][gc,phases] GC(5)   Evacuate Collection Set: 3.5ms
[2025-06-17T22:55:01.141+0300][1416][15888][debug][gc,phases] GC(5)     Ext Root Scanning (ms):        Min:  0.0, Avg:  0.3, Max:  0.9, Diff:  0.9, Sum:  2.3, Workers: 8
[2025-06-17T22:55:01.141+0300][1416][15888][debug][gc,phases] GC(5)     Scan Heap Roots (ms):          Min:  0.0, Avg:  0.1, Max:  0.3, Diff:  0.3, Sum:  1.2, Workers: 8
[2025-06-17T22:55:01.141+0300][1416][15888][debug][gc,phases] GC(5)       Scanned Cards:                 Min: 0, Avg: 163.2, Max: 334, Diff: 334, Sum: 1306, Workers: 8
[2025-06-17T22:55:01.141+0300][1416][15888][debug][gc,phases] GC(5)       Scanned Blocks:                Min: 0, Avg: 76.4, Max: 169, Diff: 169, Sum: 611, Workers: 8
[2025-06-17T22:55:01.141+0300][1416][15888][debug][gc,phases] GC(5)       Claimed Chunks:                Min: 0, Avg: 30.9, Max: 81, Diff: 81, Sum: 247, Workers: 8
[2025-06-17T22:55:01.141+0300][1416][15888][debug][gc,phases] GC(5)       Found Roots:                   Min: 0, Avg: 345.1, Max: 1000, Diff: 1000, Sum: 2761, Workers: 8
[2025-06-17T22:55:01.141+0300][1416][15888][debug][gc,phases] GC(5)     Code Root Scan (ms):           Min:  0.0, Avg:  0.4, Max:  1.0, Diff:  1.0, Sum:  3.3, Workers: 8
[2025-06-17T22:55:01.141+0300][1416][15888][debug][gc,phases] GC(5)       Scanned Nmethods               Min: 0, Avg: 86.0, Max: 179, Diff: 179, Sum: 688, Workers: 8
[2025-06-17T22:55:01.141+0300][1416][15888][debug][gc,phases] GC(5)     Object Copy (ms):              Min:  0.3, Avg:  2.1, Max:  2.8, Diff:  2.5, Sum: 16.6, Workers: 8
[2025-06-17T22:55:01.141+0300][1416][15888][debug][gc,phases] GC(5)     Termination (ms):              Min:  0.0, Avg:  0.1, Max:  0.2, Diff:  0.1, Sum:  0.9, Workers: 8
[2025-06-17T22:55:01.141+0300][1416][15888][debug][gc,phases] GC(5)       Termination Attempts:          Min: 1, Avg:  1.1, Max: 2, Diff: 1, Sum: 9, Workers: 8
[2025-06-17T22:55:01.141+0300][1416][15888][debug][gc,phases] GC(5)     GC Worker Other (ms):          Min:  0.0, Avg:  0.0, Max:  0.0, Diff:  0.0, Sum:  0.2, Workers: 8
[2025-06-17T22:55:01.141+0300][1416][15888][debug][gc,phases] GC(5)     GC Worker Total (ms):          Min:  0.7, Avg:  3.1, Max:  3.4, Diff:  2.7, Sum: 24.5, Workers: 8
[2025-06-17T22:55:01.141+0300][1416][15888][info ][gc,phases] GC(5)   Post Evacuate Collection Set: 1.0ms
[2025-06-17T22:55:01.141+0300][1416][15888][debug][gc,phases] GC(5)     NMethod List Cleanup: 0.1ms
[2025-06-17T22:55:01.141+0300][1416][15888][debug][gc,phases] GC(5)     Reference Processing: 0.2ms
[2025-06-17T22:55:01.141+0300][1416][15888][debug][gc,phases] GC(5)     Weak Processing: 0.2ms
[2025-06-17T22:55:01.141+0300][1416][15888][debug][gc,phases] GC(5)       VM Weak                        Min:  0.0, Avg:  0.0, Max:  0.0, Diff:  0.0, Sum:  0.0, Workers: 8
[2025-06-17T22:55:01.141+0300][1416][15888][debug][gc,phases] GC(5)         Dead                           Min: 0, Avg:  0.0, Max: 0, Diff: 0, Sum: 0, Workers: 8
[2025-06-17T22:55:01.141+0300][1416][15888][debug][gc,phases] GC(5)         Total                          Min: 0, Avg: 46.4, Max: 256, Diff: 256, Sum: 371, Workers: 8
[2025-06-17T22:55:01.141+0300][1416][15888][debug][gc,phases] GC(5)       ObjectSynchronizer Weak        Min:  0.0, Avg:  0.0, Max:  0.0, Diff:  0.0, Sum:  0.0, Workers: 8
[2025-06-17T22:55:01.141+0300][1416][15888][debug][gc,phases] GC(5)         Dead                           Min: 0, Avg: 10.8, Max: 47, Diff: 47, Sum: 86, Workers: 8
[2025-06-17T22:55:01.141+0300][1416][15888][debug][gc,phases] GC(5)         Total                          Min: 0, Avg: 33.5, Max: 141, Diff: 141, Sum: 268, Workers: 8
[2025-06-17T22:55:01.141+0300][1416][15888][debug][gc,phases] GC(5)       JVMTI Tag Weak OopStorage      Min:  0.0, Avg:  0.0, Max:  0.0, Diff:  0.0, Sum:  0.0, Workers: 8
[2025-06-17T22:55:01.141+0300][1416][15888][debug][gc,phases] GC(5)         Dead                           Min: 0, Avg:  0.0, Max: 0, Diff: 0, Sum: 0, Workers: 8
[2025-06-17T22:55:01.141+0300][1416][15888][debug][gc,phases] GC(5)         Total                          Min: 0, Avg:  0.0, Max: 0, Diff: 0, Sum: 0, Workers: 8
[2025-06-17T22:55:01.141+0300][1416][15888][debug][gc,phases] GC(5)       StringTable Weak               Min:  0.0, Avg:  0.1, Max:  0.1, Diff:  0.1, Sum:  0.6, Workers: 8
[2025-06-17T22:55:01.141+0300][1416][15888][debug][gc,phases] GC(5)         Dead                           Min: 0, Avg:  2.5, Max: 10, Diff: 10, Sum: 20, Workers: 8
[2025-06-17T22:55:01.141+0300][1416][15888][debug][gc,phases] GC(5)         Total                          Min: 0, Avg: 3210.2, Max: 6912, Diff: 6912, Sum: 25682, Workers: 8
[2025-06-17T22:55:01.141+0300][1416][15888][debug][gc,phases] GC(5)       ResolvedMethodTable Weak       Min:  0.0, Avg:  0.0, Max:  0.0, Diff:  0.0, Sum:  0.1, Workers: 8
[2025-06-17T22:55:01.141+0300][1416][15888][debug][gc,phases] GC(5)         Dead                           Min: 0, Avg:  6.4, Max: 22, Diff: 22, Sum: 51, Workers: 8
[2025-06-17T22:55:01.141+0300][1416][15888][debug][gc,phases] GC(5)         Total                          Min: 0, Avg: 188.2, Max: 320, Diff: 320, Sum: 1506, Workers: 8
[2025-06-17T22:55:01.141+0300][1416][15888][debug][gc,phases] GC(5)       JNI Weak                       Min:  0.0, Avg:  0.0, Max:  0.0, Diff:  0.0, Sum:  0.0, Workers: 8
[2025-06-17T22:55:01.141+0300][1416][15888][debug][gc,phases] GC(5)         Dead                           Min: 0, Avg:  0.0, Max: 0, Diff: 0, Sum: 0, Workers: 8
[2025-06-17T22:55:01.141+0300][1416][15888][debug][gc,phases] GC(5)         Total                          Min: 0, Avg:  0.0, Max: 0, Diff: 0, Sum: 0, Workers: 8
[2025-06-17T22:55:01.141+0300][1416][15888][debug][gc,phases] GC(5)       StringDedup Table Weak         Min:  0.0, Avg:  0.0, Max:  0.0, Diff:  0.0, Sum:  0.0, Workers: 8
[2025-06-17T22:55:01.141+0300][1416][15888][debug][gc,phases] GC(5)         Dead                           Min: 0, Avg:  0.0, Max: 0, Diff: 0, Sum: 0, Workers: 8
[2025-06-17T22:55:01.141+0300][1416][15888][debug][gc,phases] GC(5)         Total                          Min: 0, Avg:  0.0, Max: 0, Diff: 0, Sum: 0, Workers: 8
[2025-06-17T22:55:01.141+0300][1416][15888][debug][gc,phases] GC(5)       StringDedup Requests0 Weak     Min:  0.0, Avg:  0.0, Max:  0.0, Diff:  0.0, Sum:  0.0, Workers: 8
[2025-06-17T22:55:01.141+0300][1416][15888][debug][gc,phases] GC(5)         Dead                           Min: 0, Avg:  0.0, Max: 0, Diff: 0, Sum: 0, Workers: 8
[2025-06-17T22:55:01.141+0300][1416][15888][debug][gc,phases] GC(5)         Total                          Min: 0, Avg:  0.0, Max: 0, Diff: 0, Sum: 0, Workers: 8
[2025-06-17T22:55:01.141+0300][1416][15888][debug][gc,phases] GC(5)       StringDedup Requests1 Weak     Min:  0.0, Avg:  0.0, Max:  0.0, Diff:  0.0, Sum:  0.0, Workers: 8
[2025-06-17T22:55:01.141+0300][1416][15888][debug][gc,phases] GC(5)         Dead                           Min: 0, Avg:  0.0, Max: 0, Diff: 0, Sum: 0, Workers: 8
[2025-06-17T22:55:01.141+0300][1416][15888][debug][gc,phases] GC(5)         Total                          Min: 0, Avg:  0.0, Max: 0, Diff: 0, Sum: 0, Workers: 8
[2025-06-17T22:55:01.141+0300][1416][15888][debug][gc,phases] GC(5)       Weak JFR Old Object Samples    Min:  0.0, Avg:  0.0, Max:  0.0, Diff:  0.0, Sum:  0.0, Workers: 8
[2025-06-17T22:55:01.141+0300][1416][15888][debug][gc,phases] GC(5)         Dead                           Min: 0, Avg:  0.0, Max: 0, Diff: 0, Sum: 0, Workers: 8
[2025-06-17T22:55:01.141+0300][1416][15888][debug][gc,phases] GC(5)         Total                          Min: 0, Avg:  0.0, Max: 0, Diff: 0, Sum: 0, Workers: 8
[2025-06-17T22:55:01.141+0300][1416][15888][debug][gc,phases] GC(5)     Post Evacuate Cleanup 1: 0.2ms
[2025-06-17T22:55:01.141+0300][1416][15888][debug][gc,phases] GC(5)       Merge Per-Thread State (ms):   Min:  0.0, Avg:  0.0, Max:  0.0, Diff:  0.0, Sum:  0.0, Workers: 1
[2025-06-17T22:55:01.141+0300][1416][15888][debug][gc,phases] GC(5)         Copied Bytes                   Min: 93872, Avg: 795372.0, Max: 1447944, Diff: 1354072, Sum: 6362976, Workers: 8
[2025-06-17T22:55:01.141+0300][1416][15888][debug][gc,phases] GC(5)         LAB Waste                      Min: 24, Avg: 1334.0, Max: 4928, Diff: 4904, Sum: 10672, Workers: 8
[2025-06-17T22:55:01.141+0300][1416][15888][debug][gc,phases] GC(5)         LAB Undo Waste                 Min: 0, Avg:  0.0, Max: 0, Diff: 0, Sum: 0, Workers: 8
[2025-06-17T22:55:01.141+0300][1416][15888][debug][gc,phases] GC(5)       Clear Logged Cards (ms):       Min:  0.0, Avg:  0.0, Max:  0.0, Diff:  0.0, Sum:  0.0, Workers: 4
[2025-06-17T22:55:01.141+0300][1416][15888][debug][gc,phases] GC(5)       Recalculate Used Memory (ms):  Min:  0.0, Avg:  0.0, Max:  0.0, Diff:  0.0, Sum:  0.0, Workers: 1
[2025-06-17T22:55:01.141+0300][1416][15888][debug][gc,phases] GC(5)     Post Evacuate Cleanup 2: 0.2ms
[2025-06-17T22:55:01.141+0300][1416][15888][debug][gc,phases] GC(5)       Update Derived Pointers (ms):  Min:  0.0, Avg:  0.0, Max:  0.0, Diff:  0.0, Sum:  0.0, Workers: 1
[2025-06-17T22:55:01.141+0300][1416][15888][debug][gc,phases] GC(5)       Eagerly Reclaim Humongous Objects (ms): skipped
[2025-06-17T22:55:01.141+0300][1416][15888][debug][gc,phases] GC(5)         Humongous Total                skipped
[2025-06-17T22:55:01.141+0300][1416][15888][debug][gc,phases] GC(5)         Humongous Candidates           skipped
[2025-06-17T22:55:01.141+0300][1416][15888][debug][gc,phases] GC(5)         Humongous Reclaimed            skipped
[2025-06-17T22:55:01.141+0300][1416][15888][debug][gc,phases] GC(5)       Sample CSet Candidates (ms):   Min:  0.0, Avg:  0.0, Max:  0.0, Diff:  0.0, Sum:  0.0, Workers: 1
[2025-06-17T22:55:01.141+0300][1416][15888][debug][gc,phases] GC(5)       Redirty Logged Cards (ms):     Min:  0.0, Avg:  0.0, Max:  0.0, Diff:  0.0, Sum:  0.0, Workers: 8
[2025-06-17T22:55:01.141+0300][1416][15888][debug][gc,phases] GC(5)         Redirtied Cards:               Min: 0, Avg: 117.8, Max: 439, Diff: 439, Sum: 942, Workers: 8
[2025-06-17T22:55:01.141+0300][1416][15888][debug][gc,phases] GC(5)       Resize TLABs (ms):             Min:  0.0, Avg:  0.0, Max:  0.0, Diff:  0.0, Sum:  0.0, Workers: 8
[2025-06-17T22:55:01.141+0300][1416][15888][debug][gc,phases] GC(5)       Free Collection Set (ms):      Min:  0.0, Avg:  0.1, Max:  0.1, Diff:  0.1, Sum:  0.5, Workers: 8
[2025-06-17T22:55:01.141+0300][1416][15888][debug][gc,phases] GC(5)     Rebuild Free List: 0.1ms
[2025-06-17T22:55:01.141+0300][1416][15888][debug][gc,phases] GC(5)     Prepare For Mutator: 0.0ms
[2025-06-17T22:55:01.141+0300][1416][15888][debug][gc,phases] GC(5)     Expand Heap After Collection: 0.0ms
[2025-06-17T22:55:01.141+0300][1416][15888][info ][gc,phases] GC(5)   Other: 0.1ms
[2025-06-17T22:55:01.141+0300][1416][15888][info ][gc,heap  ] GC(5) Eden regions: 159->0(670)
[2025-06-17T22:55:01.141+0300][1416][15888][info ][gc,heap  ] GC(5) Survivor regions: 6->7(21)
[2025-06-17T22:55:01.143+0300][1416][15888][info ][gc,heap  ] GC(5) Old regions: 14->14
[2025-06-17T22:55:01.143+0300][1416][15888][info ][gc,heap  ] GC(5) Humongous regions: 0->0
[2025-06-17T22:55:01.143+0300][1416][15888][debug][gc,heap  ] GC(5) Heap after GC invocations=6 (full 1):
[2025-06-17T22:55:01.143+0300][1416][15888][debug][gc,heap  ] GC(5)  garbage-first heap   total 2097152K, used 16506K [0x0000000080000000, 0x0000000100000000)
[2025-06-17T22:55:01.143+0300][1416][15888][debug][gc,heap  ] GC(5)   region size 1024K, 7 young (7168K), 7 survivors (7168K)
[2025-06-17T22:55:01.143+0300][1416][15888][debug][gc,heap  ] GC(5)  Metaspace       used 31067K, committed 31680K, reserved 1114112K
[2025-06-17T22:55:01.143+0300][1416][15888][debug][gc,heap  ] GC(5)   class space    used 2809K, committed 3072K, reserved 1048576K
[2025-06-17T22:55:01.143+0300][1416][15888][info ][gc       ] GC(5) Pause Young (Prepare Mixed) (G1 Evacuation Pause) 173M->16M(2048M) 6.335ms
[2025-06-17T22:55:01.143+0300][1416][15888][info ][safepoint] Safepoint "G1CollectForAllocation", Time since last: 216496900 ns, Reaching safepoint: 70600 ns, Cleanup: 61900 ns, At safepoint: 6367900 ns, Total: 6500400 ns
[2025-06-17T22:55:01.962+0300][1416][15888][debug][safepoint] Safepoint synchronization initiated using striped semaphore wait barrier. (34 threads)
[2025-06-17T22:55:01.963+0300][1416][15888][info ][safepoint] Safepoint "ICBufferFull", Time since last: 820333900 ns, Reaching safepoint: 47800 ns, Cleanup: 93300 ns, At safepoint: 4300 ns, Total: 145400 ns
[2025-06-17T22:55:02.642+0300][1416][15888][debug][safepoint] Safepoint synchronization initiated using striped semaphore wait barrier. (34 threads)
[2025-06-17T22:55:02.643+0300][1416][15888][info ][safepoint] Safepoint "ICBufferFull", Time since last: 679401400 ns, Reaching safepoint: 87100 ns, Cleanup: 120600 ns, At safepoint: 5900 ns, Total: 213600 ns
[2025-06-17T22:55:02.643+0300][1416][15888][debug][safepoint] Safepoint synchronization initiated using striped semaphore wait barrier. (34 threads)
[2025-06-17T22:55:02.643+0300][1416][15888][info ][safepoint] Safepoint "ICBufferFull", Time since last: 51400 ns, Reaching safepoint: 35400 ns, Cleanup: 4100 ns, At safepoint: 10700 ns, Total: 50200 ns
[2025-06-17T22:55:02.643+0300][1416][15888][debug][safepoint] Safepoint synchronization initiated using striped semaphore wait barrier. (34 threads)
[2025-06-17T22:55:02.643+0300][1416][15888][info ][safepoint] Safepoint "ICBufferFull", Time since last: 65400 ns, Reaching safepoint: 34200 ns, Cleanup: 1200 ns, At safepoint: 13100 ns, Total: 48500 ns
[2025-06-17T22:55:02.643+0300][1416][15888][debug][safepoint] Safepoint synchronization initiated using striped semaphore wait barrier. (34 threads)
[2025-06-17T22:55:02.643+0300][1416][15888][info ][safepoint] Safepoint "ICBufferFull", Time since last: 32600 ns, Reaching safepoint: 41100 ns, Cleanup: 900 ns, At safepoint: 11600 ns, Total: 53600 ns
[2025-06-17T22:55:02.643+0300][1416][15888][debug][safepoint] Safepoint synchronization initiated using striped semaphore wait barrier. (34 threads)
[2025-06-17T22:55:02.643+0300][1416][15888][info ][safepoint] Safepoint "ICBufferFull", Time since last: 35100 ns, Reaching safepoint: 35300 ns, Cleanup: 1600 ns, At safepoint: 15100 ns, Total: 52000 ns
[2025-06-17T22:55:02.643+0300][1416][15888][debug][safepoint] Safepoint synchronization initiated using striped semaphore wait barrier. (34 threads)
[2025-06-17T22:55:02.643+0300][1416][15888][info ][safepoint] Safepoint "ICBufferFull", Time since last: 195900 ns, Reaching safepoint: 56300 ns, Cleanup: 7100 ns, At safepoint: 17500 ns, Total: 80900 ns
[2025-06-17T22:55:02.644+0300][1416][15888][debug][safepoint] Safepoint synchronization initiated using striped semaphore wait barrier. (34 threads)
[2025-06-17T22:55:02.645+0300][1416][15888][info ][safepoint] Safepoint "ICBufferFull", Time since last: 1636900 ns, Reaching safepoint: 193200 ns, Cleanup: 6200 ns, At safepoint: 16200 ns, Total: 215600 ns
[2025-06-17T22:55:03.267+0300][1416][15888][debug][safepoint] Safepoint synchronization initiated using striped semaphore wait barrier. (34 threads)
[2025-06-17T22:55:03.267+0300][1416][15888][info ][safepoint] Safepoint "ICBufferFull", Time since last: 622116200 ns, Reaching safepoint: 75100 ns, Cleanup: 106700 ns, At safepoint: 15600 ns, Total: 197400 ns
[2025-06-17T22:55:04.282+0300][1416][15888][debug][safepoint] Safepoint synchronization initiated using striped semaphore wait barrier. (32 threads)
[2025-06-17T22:55:04.282+0300][1416][15924][debug][safepoint] ... found polling page loop exception at pc = 0x000002206091c8e7, stub =0x0000022060395d80
[2025-06-17T22:55:04.282+0300][1416][15888][info ][safepoint] Safepoint "Cleanup", Time since last: 1014194700 ns, Reaching safepoint: 166700 ns, Cleanup: 68300 ns, At safepoint: 14700 ns, Total: 249700 ns
[2025-06-17T22:55:05.286+0300][1416][15888][debug][safepoint] Safepoint synchronization initiated using striped semaphore wait barrier. (32 threads)
[2025-06-17T22:55:05.286+0300][1416][15888][info ][safepoint] Safepoint "Cleanup", Time since last: 1004441700 ns, Reaching safepoint: 118700 ns, Cleanup: 134300 ns, At safepoint: 28200 ns, Total: 281200 ns
[2025-06-17T22:55:06.297+0300][1416][15888][debug][safepoint] Safepoint synchronization initiated using striped semaphore wait barrier. (32 threads)
[2025-06-17T22:55:06.297+0300][1416][15888][info ][safepoint] Safepoint "Cleanup", Time since last: 1011024400 ns, Reaching safepoint: 102000 ns, Cleanup: 81500 ns, At safepoint: 11500 ns, Total: 195000 ns
[2025-06-17T22:55:07.303+0300][1416][15888][debug][safepoint] Safepoint synchronization initiated using striped semaphore wait barrier. (32 threads)
[2025-06-17T22:55:07.303+0300][1416][15888][info ][safepoint] Safepoint "Cleanup", Time since last: 1005311700 ns, Reaching safepoint: 95600 ns, Cleanup: 113500 ns, At safepoint: 23900 ns, Total: 233000 ns
[2025-06-17T22:55:08.318+0300][1416][15888][debug][safepoint] Safepoint synchronization initiated using striped semaphore wait barrier. (32 threads)
[2025-06-17T22:55:08.318+0300][1416][15888][info ][safepoint] Safepoint "Cleanup", Time since last: 1014774600 ns, Reaching safepoint: 102300 ns, Cleanup: 60700 ns, At safepoint: 7500 ns, Total: 170500 ns
[2025-06-17T22:55:09.333+0300][1416][15888][debug][safepoint] Safepoint synchronization initiated using striped semaphore wait barrier. (32 threads)
[2025-06-17T22:55:09.333+0300][1416][15272][debug][safepoint] ... found polling page loop exception at pc = 0x0000022060f06ccc, stub =0x0000022060396600
[2025-06-17T22:55:09.333+0300][1416][15888][info ][safepoint] Safepoint "Cleanup", Time since last: 1014559500 ns, Reaching safepoint: 163600 ns, Cleanup: 40800 ns, At safepoint: 16300 ns, Total: 220700 ns
[2025-06-17T22:55:10.338+0300][1416][15888][debug][safepoint] Safepoint synchronization initiated using striped semaphore wait barrier. (32 threads)
[2025-06-17T22:55:10.338+0300][1416][15888][info ][safepoint] Safepoint "Cleanup", Time since last: 1005082600 ns, Reaching safepoint: 95300 ns, Cleanup: 41200 ns, At safepoint: 2900 ns, Total: 139400 ns
[2025-06-17T22:55:12.343+0300][1416][15888][debug][safepoint] Safepoint synchronization initiated using striped semaphore wait barrier. (32 threads)
[2025-06-17T22:55:12.343+0300][1416][15888][info ][safepoint] Safepoint "Cleanup", Time since last: 2005313900 ns, Reaching safepoint: 95400 ns, Cleanup: 57900 ns, At safepoint: 5800 ns, Total: 159100 ns
[2025-06-17T22:55:13.350+0300][1416][15888][debug][safepoint] Safepoint synchronization initiated using striped semaphore wait barrier. (32 threads)
[2025-06-17T22:55:13.350+0300][1416][15888][info ][safepoint] Safepoint "Cleanup", Time since last: 1006033800 ns, Reaching safepoint: 128200 ns, Cleanup: 33900 ns, At safepoint: 11800 ns, Total: 173900 ns
[2025-06-17T22:55:14.355+0300][1416][15888][debug][safepoint] Safepoint synchronization initiated using striped semaphore wait barrier. (32 threads)
[2025-06-17T22:55:14.355+0300][1416][1604 ][debug][safepoint] ... found polling page loop exception at pc = 0x0000022060f5240e, stub =0x0000022060396600
[2025-06-17T22:55:14.355+0300][1416][17212][debug][safepoint] ... found polling page loop exception at pc = 0x0000022060ff2e8e, stub =0x0000022060396600
[2025-06-17T22:55:14.355+0300][1416][15888][info ][safepoint] Safepoint "Cleanup", Time since last: 1005067800 ns, Reaching safepoint: 353300 ns, Cleanup: 35400 ns, At safepoint: 14400 ns, Total: 403100 ns
[2025-06-17T22:55:15.369+0300][1416][15888][debug][safepoint] Safepoint synchronization initiated using striped semaphore wait barrier. (32 threads)
[2025-06-17T22:55:15.369+0300][1416][15888][info ][safepoint] Safepoint "Cleanup", Time since last: 1013379100 ns, Reaching safepoint: 93500 ns, Cleanup: 38900 ns, At safepoint: 5900 ns, Total: 138300 ns
[2025-06-17T22:55:16.373+0300][1416][15888][debug][safepoint] Safepoint synchronization initiated using striped semaphore wait barrier. (32 threads)
[2025-06-17T22:55:16.373+0300][1416][18188][debug][safepoint] ... found polling page loop exception at pc = 0x0000022060f5240e, stub =0x0000022060396600
[2025-06-17T22:55:16.373+0300][1416][15272][debug][safepoint] ... found polling page loop exception at pc = 0x0000022060e63472, stub =0x0000022060396600
[2025-06-17T22:55:16.373+0300][1416][15888][info ][safepoint] Safepoint "Cleanup", Time since last: 1004094500 ns, Reaching safepoint: 384000 ns, Cleanup: 42400 ns, At safepoint: 28100 ns, Total: 454500 ns
[2025-06-17T22:55:17.375+0300][1416][15888][debug][safepoint] Safepoint synchronization initiated using striped semaphore wait barrier. (32 threads)
[2025-06-17T22:55:17.375+0300][1416][6268 ][debug][safepoint] ... found polling page loop exception at pc = 0x0000022060e9f432, stub =0x0000022060396600
[2025-06-17T22:55:17.375+0300][1416][15888][info ][safepoint] Safepoint "Cleanup", Time since last: 1001392500 ns, Reaching safepoint: 150200 ns, Cleanup: 26800 ns, At safepoint: 13800 ns, Total: 190800 ns
[2025-06-17T22:55:18.376+0300][1416][15888][debug][safepoint] Safepoint synchronization initiated using striped semaphore wait barrier. (32 threads)
[2025-06-17T22:55:18.376+0300][1416][15888][info ][safepoint] Safepoint "Cleanup", Time since last: 1000526100 ns, Reaching safepoint: 150000 ns, Cleanup: 57300 ns, At safepoint: 4700 ns, Total: 212000 ns
[2025-06-17T22:55:19.388+0300][1416][15888][debug][safepoint] Safepoint synchronization initiated using striped semaphore wait barrier. (32 threads)
[2025-06-17T22:55:19.388+0300][1416][15888][info ][safepoint] Safepoint "Cleanup", Time since last: 1012368100 ns, Reaching safepoint: 119700 ns, Cleanup: 31900 ns, At safepoint: 11900 ns, Total: 163500 ns
[2025-06-17T22:55:20.392+0300][1416][15888][debug][safepoint] Safepoint synchronization initiated using striped semaphore wait barrier. (32 threads)
[2025-06-17T22:55:20.393+0300][1416][15888][info ][safepoint] Safepoint "Cleanup", Time since last: 1004120700 ns, Reaching safepoint: 144800 ns, Cleanup: 49400 ns, At safepoint: 56600 ns, Total: 250800 ns
[2025-06-17T22:55:21.404+0300][1416][15888][debug][safepoint] Safepoint synchronization initiated using striped semaphore wait barrier. (32 threads)
[2025-06-17T22:55:21.404+0300][1416][15888][info ][safepoint] Safepoint "Cleanup", Time since last: 1011652200 ns, Reaching safepoint: 100600 ns, Cleanup: 29400 ns, At safepoint: 7400 ns, Total: 137400 ns
[2025-06-17T22:55:21.959+0300][1416][15888][debug][safepoint] Safepoint synchronization initiated using striped semaphore wait barrier. (35 threads)
[2025-06-17T22:55:21.959+0300][1416][15888][debug][gc,heap  ] GC(6) Heap before GC invocations=6 (full 1):
[2025-06-17T22:55:21.959+0300][1416][15888][debug][gc,heap  ] GC(6)  garbage-first heap   total 2097152K, used 701562K [0x0000000080000000, 0x0000000100000000)
[2025-06-17T22:55:21.959+0300][1416][15888][debug][gc,heap  ] GC(6)   region size 1024K, 677 young (693248K), 7 survivors (7168K)
[2025-06-17T22:55:21.959+0300][1416][15888][debug][gc,heap  ] GC(6)  Metaspace       used 33874K, committed 34752K, reserved 1114112K
[2025-06-17T22:55:21.959+0300][1416][15888][debug][gc,heap  ] GC(6)   class space    used 2937K, committed 3328K, reserved 1048576K
[2025-06-17T22:55:21.970+0300][1416][15888][info ][gc,phases] GC(6)   Pre Evacuate Collection Set: 0.5ms
[2025-06-17T22:55:21.970+0300][1416][15888][debug][gc,phases] GC(6)     Pre Evacuate Prepare: 0.2ms
[2025-06-17T22:55:21.970+0300][1416][15888][debug][gc,phases] GC(6)       JT Retire TLABs And Flush Logs (ms): Min:  0.0, Avg:  0.0, Max:  0.0, Diff:  0.0, Sum:  0.0, Workers: 2
[2025-06-17T22:55:21.970+0300][1416][15888][debug][gc,phases] GC(6)       Non-JT Flush Logs (ms):        Min:  0.0, Avg:  0.0, Max:  0.0, Diff:  0.0, Sum:  0.0, Workers: 1
[2025-06-17T22:55:21.970+0300][1416][15888][debug][gc,phases] GC(6)     Choose Collection Set: 0.0ms
[2025-06-17T22:55:21.970+0300][1416][15888][debug][gc,phases] GC(6)     Region Register: 0.3ms
[2025-06-17T22:55:21.970+0300][1416][15888][debug][gc,phases] GC(6)     Prepare Heap Roots: 0.0ms
[2025-06-17T22:55:21.970+0300][1416][15888][info ][gc,phases] GC(6)   Merge Heap Roots: 0.2ms
[2025-06-17T22:55:21.970+0300][1416][15888][debug][gc,phases] GC(6)     Prepare Merge Heap Roots: 0.0ms
[2025-06-17T22:55:21.970+0300][1416][15888][debug][gc,phases] GC(6)     Remembered Sets (ms):          Min:  0.0, Avg:  0.0, Max:  0.1, Diff:  0.0, Sum:  0.4, Workers: 8
[2025-06-17T22:55:21.970+0300][1416][15888][debug][gc,phases] GC(6)       Eager Reclaim (ms):            skipped
[2025-06-17T22:55:21.970+0300][1416][15888][debug][gc,phases] GC(6)       Merged Inline                  Min: 0, Avg:  0.6, Max: 5, Diff: 5, Sum: 5, Workers: 8
[2025-06-17T22:55:21.970+0300][1416][15888][debug][gc,phases] GC(6)       Merged ArrayOfCards            Min: 0, Avg:  0.2, Max: 2, Diff: 2, Sum: 2, Workers: 8
[2025-06-17T22:55:21.970+0300][1416][15888][debug][gc,phases] GC(6)       Merged Howl                    Min: 0, Avg:  0.2, Max: 2, Diff: 2, Sum: 2, Workers: 8
[2025-06-17T22:55:21.970+0300][1416][15888][debug][gc,phases] GC(6)       Merged Full                    Min: 0, Avg:  0.0, Max: 0, Diff: 0, Sum: 0, Workers: 8
[2025-06-17T22:55:21.970+0300][1416][15888][debug][gc,phases] GC(6)       Merged Howl Inline             Min: 0, Avg:  0.6, Max: 5, Diff: 5, Sum: 5, Workers: 8
[2025-06-17T22:55:21.970+0300][1416][15888][debug][gc,phases] GC(6)       Merged Howl ArrayOfCards       Min: 0, Avg:  0.4, Max: 3, Diff: 3, Sum: 3, Workers: 8
[2025-06-17T22:55:21.970+0300][1416][15888][debug][gc,phases] GC(6)       Merged Howl BitMap             Min: 0, Avg:  0.0, Max: 0, Diff: 0, Sum: 0, Workers: 8
[2025-06-17T22:55:21.970+0300][1416][15888][debug][gc,phases] GC(6)       Merged Howl Full               Min: 0, Avg:  0.0, Max: 0, Diff: 0, Sum: 0, Workers: 8
[2025-06-17T22:55:21.970+0300][1416][15888][debug][gc,phases] GC(6)       Merged Cards                   Min: 8, Avg: 16.0, Max: 72, Diff: 64, Sum: 128, Workers: 8
[2025-06-17T22:55:21.970+0300][1416][15888][debug][gc,phases] GC(6)     Log Buffers (ms):              Min:  0.0, Avg:  0.0, Max:  0.0, Diff:  0.0, Sum:  0.0, Workers: 8
[2025-06-17T22:55:21.970+0300][1416][15888][debug][gc,phases] GC(6)       Dirty Cards:                   Min: 0, Avg: 140.0, Max: 579, Diff: 579, Sum: 1120, Workers: 8
[2025-06-17T22:55:21.970+0300][1416][15888][debug][gc,phases] GC(6)       Skipped Cards:                 Min: 0, Avg:  0.9, Max: 6, Diff: 6, Sum: 7, Workers: 8
[2025-06-17T22:55:21.970+0300][1416][15888][info ][gc,phases] GC(6)   Evacuate Collection Set: 3.8ms
[2025-06-17T22:55:21.970+0300][1416][15888][debug][gc,phases] GC(6)     Ext Root Scanning (ms):        Min:  0.3, Avg:  0.6, Max:  1.0, Diff:  0.7, Sum:  4.4, Workers: 8
[2025-06-17T22:55:21.970+0300][1416][15888][debug][gc,phases] GC(6)     Scan Heap Roots (ms):          Min:  0.0, Avg:  0.2, Max:  0.4, Diff:  0.4, Sum:  1.5, Workers: 8
[2025-06-17T22:55:21.970+0300][1416][15888][debug][gc,phases] GC(6)       Scanned Cards:                 Min: 0, Avg: 141.9, Max: 281, Diff: 281, Sum: 1135, Workers: 8
[2025-06-17T22:55:21.970+0300][1416][15888][debug][gc,phases] GC(6)       Scanned Blocks:                Min: 0, Avg: 79.6, Max: 173, Diff: 173, Sum: 637, Workers: 8
[2025-06-17T22:55:21.970+0300][1416][15888][debug][gc,phases] GC(6)       Claimed Chunks:                Min: 0, Avg: 29.9, Max: 63, Diff: 63, Sum: 239, Workers: 8
[2025-06-17T22:55:21.970+0300][1416][15888][debug][gc,phases] GC(6)       Found Roots:                   Min: 0, Avg: 672.6, Max: 1959, Diff: 1959, Sum: 5381, Workers: 8
[2025-06-17T22:55:21.970+0300][1416][15888][debug][gc,phases] GC(6)     Code Root Scan (ms):           Min:  0.0, Avg:  0.9, Max:  1.2, Diff:  1.2, Sum:  7.1, Workers: 8
[2025-06-17T22:55:21.970+0300][1416][15888][debug][gc,phases] GC(6)       Scanned Nmethods               Min: 0, Avg: 230.5, Max: 338, Diff: 338, Sum: 1844, Workers: 8
[2025-06-17T22:55:21.970+0300][1416][15888][debug][gc,phases] GC(6)     Object Copy (ms):              Min:  1.5, Avg:  2.0, Max:  2.6, Diff:  1.1, Sum: 16.2, Workers: 8
[2025-06-17T22:55:21.970+0300][1416][15888][debug][gc,phases] GC(6)     Termination (ms):              Min:  0.0, Avg:  0.0, Max:  0.0, Diff:  0.0, Sum:  0.0, Workers: 8
[2025-06-17T22:55:21.970+0300][1416][15888][debug][gc,phases] GC(6)       Termination Attempts:          Min: 1, Avg:  1.0, Max: 1, Diff: 0, Sum: 8, Workers: 8
[2025-06-17T22:55:21.970+0300][1416][15888][debug][gc,phases] GC(6)     GC Worker Other (ms):          Min:  0.1, Avg:  0.1, Max:  0.1, Diff:  0.0, Sum:  0.5, Workers: 8
[2025-06-17T22:55:21.970+0300][1416][15888][debug][gc,phases] GC(6)     GC Worker Total (ms):          Min:  3.7, Avg:  3.7, Max:  3.8, Diff:  0.1, Sum: 29.7, Workers: 8
[2025-06-17T22:55:21.970+0300][1416][15888][info ][gc,phases] GC(6)   Post Evacuate Collection Set: 1.0ms
[2025-06-17T22:55:21.970+0300][1416][15888][debug][gc,phases] GC(6)     NMethod List Cleanup: 0.1ms
[2025-06-17T22:55:21.970+0300][1416][15888][debug][gc,phases] GC(6)     Reference Processing: 0.1ms
[2025-06-17T22:55:21.970+0300][1416][15888][debug][gc,phases] GC(6)     Weak Processing: 0.2ms
[2025-06-17T22:55:21.970+0300][1416][15888][debug][gc,phases] GC(6)       VM Weak                        Min:  0.0, Avg:  0.0, Max:  0.0, Diff:  0.0, Sum:  0.0, Workers: 8
[2025-06-17T22:55:21.970+0300][1416][15888][debug][gc,phases] GC(6)         Dead                           Min: 0, Avg:  0.0, Max: 0, Diff: 0, Sum: 0, Workers: 8
[2025-06-17T22:55:21.970+0300][1416][15888][debug][gc,phases] GC(6)         Total                          Min: 0, Avg: 68.9, Max: 320, Diff: 320, Sum: 551, Workers: 8
[2025-06-17T22:55:21.970+0300][1416][15888][debug][gc,phases] GC(6)       ObjectSynchronizer Weak        Min:  0.0, Avg:  0.0, Max:  0.0, Diff:  0.0, Sum:  0.1, Workers: 8
[2025-06-17T22:55:21.970+0300][1416][15888][debug][gc,phases] GC(6)         Dead                           Min: 0, Avg:  3.4, Max: 14, Diff: 14, Sum: 27, Workers: 8
[2025-06-17T22:55:21.970+0300][1416][15888][debug][gc,phases] GC(6)         Total                          Min: 0, Avg: 47.9, Max: 192, Diff: 192, Sum: 383, Workers: 8
[2025-06-17T22:55:21.970+0300][1416][15888][debug][gc,phases] GC(6)       JVMTI Tag Weak OopStorage      Min:  0.0, Avg:  0.0, Max:  0.0, Diff:  0.0, Sum:  0.0, Workers: 8
[2025-06-17T22:55:21.970+0300][1416][15888][debug][gc,phases] GC(6)         Dead                           Min: 0, Avg:  0.0, Max: 0, Diff: 0, Sum: 0, Workers: 8
[2025-06-17T22:55:21.970+0300][1416][15888][debug][gc,phases] GC(6)         Total                          Min: 0, Avg:  0.0, Max: 0, Diff: 0, Sum: 0, Workers: 8
[2025-06-17T22:55:21.970+0300][1416][15888][debug][gc,phases] GC(6)       StringTable Weak               Min:  0.0, Avg:  0.1, Max:  0.1, Diff:  0.0, Sum:  0.5, Workers: 8
[2025-06-17T22:55:21.970+0300][1416][15888][debug][gc,phases] GC(6)         Dead                           Min: 0, Avg:  1.4, Max: 6, Diff: 6, Sum: 11, Workers: 8
[2025-06-17T22:55:21.970+0300][1416][15888][debug][gc,phases] GC(6)         Total                          Min: 896, Avg: 3399.5, Max: 6976, Diff: 6080, Sum: 27196, Workers: 8
[2025-06-17T22:55:21.970+0300][1416][15888][debug][gc,phases] GC(6)       ResolvedMethodTable Weak       Min:  0.0, Avg:  0.0, Max:  0.0, Diff:  0.0, Sum:  0.1, Workers: 8
[2025-06-17T22:55:21.970+0300][1416][15888][debug][gc,phases] GC(6)         Dead                           Min: 1, Avg: 13.0, Max: 47, Diff: 46, Sum: 104, Workers: 8
[2025-06-17T22:55:21.970+0300][1416][15888][debug][gc,phases] GC(6)         Total                          Min: 64, Avg: 211.0, Max: 320, Diff: 256, Sum: 1688, Workers: 8
[2025-06-17T22:55:21.970+0300][1416][15888][debug][gc,phases] GC(6)       JNI Weak                       Min:  0.0, Avg:  0.0, Max:  0.0, Diff:  0.0, Sum:  0.0, Workers: 8
[2025-06-17T22:55:21.970+0300][1416][15888][debug][gc,phases] GC(6)         Dead                           Min: 0, Avg:  0.0, Max: 0, Diff: 0, Sum: 0, Workers: 8
[2025-06-17T22:55:21.970+0300][1416][15888][debug][gc,phases] GC(6)         Total                          Min: 0, Avg:  0.0, Max: 0, Diff: 0, Sum: 0, Workers: 8
[2025-06-17T22:55:21.970+0300][1416][15888][debug][gc,phases] GC(6)       StringDedup Table Weak         Min:  0.0, Avg:  0.0, Max:  0.0, Diff:  0.0, Sum:  0.0, Workers: 8
[2025-06-17T22:55:21.970+0300][1416][15888][debug][gc,phases] GC(6)         Dead                           Min: 0, Avg:  0.0, Max: 0, Diff: 0, Sum: 0, Workers: 8
[2025-06-17T22:55:21.970+0300][1416][15888][debug][gc,phases] GC(6)         Total                          Min: 0, Avg:  0.0, Max: 0, Diff: 0, Sum: 0, Workers: 8
[2025-06-17T22:55:21.970+0300][1416][15888][debug][gc,phases] GC(6)       StringDedup Requests0 Weak     Min:  0.0, Avg:  0.0, Max:  0.0, Diff:  0.0, Sum:  0.0, Workers: 8
[2025-06-17T22:55:21.970+0300][1416][15888][debug][gc,phases] GC(6)         Dead                           Min: 0, Avg:  0.0, Max: 0, Diff: 0, Sum: 0, Workers: 8
[2025-06-17T22:55:21.970+0300][1416][15888][debug][gc,phases] GC(6)         Total                          Min: 0, Avg:  0.0, Max: 0, Diff: 0, Sum: 0, Workers: 8
[2025-06-17T22:55:21.970+0300][1416][15888][debug][gc,phases] GC(6)       StringDedup Requests1 Weak     Min:  0.0, Avg:  0.0, Max:  0.0, Diff:  0.0, Sum:  0.0, Workers: 8
[2025-06-17T22:55:21.970+0300][1416][15888][debug][gc,phases] GC(6)         Dead                           Min: 0, Avg:  0.0, Max: 0, Diff: 0, Sum: 0, Workers: 8
[2025-06-17T22:55:21.970+0300][1416][15888][debug][gc,phases] GC(6)         Total                          Min: 0, Avg:  0.0, Max: 0, Diff: 0, Sum: 0, Workers: 8
[2025-06-17T22:55:21.970+0300][1416][15888][debug][gc,phases] GC(6)       Weak JFR Old Object Samples    Min:  0.0, Avg:  0.0, Max:  0.0, Diff:  0.0, Sum:  0.0, Workers: 8
[2025-06-17T22:55:21.970+0300][1416][15888][debug][gc,phases] GC(6)         Dead                           Min: 0, Avg:  0.0, Max: 0, Diff: 0, Sum: 0, Workers: 8
[2025-06-17T22:55:21.970+0300][1416][15888][debug][gc,phases] GC(6)         Total                          Min: 0, Avg:  0.0, Max: 0, Diff: 0, Sum: 0, Workers: 8
[2025-06-17T22:55:21.970+0300][1416][15888][debug][gc,phases] GC(6)     Post Evacuate Cleanup 1: 0.2ms
[2025-06-17T22:55:21.970+0300][1416][15888][debug][gc,phases] GC(6)       Merge Per-Thread State (ms):   Min:  0.0, Avg:  0.0, Max:  0.0, Diff:  0.0, Sum:  0.0, Workers: 1
[2025-06-17T22:55:21.970+0300][1416][15888][debug][gc,phases] GC(6)         Copied Bytes                   Min: 344888, Avg: 806529.0, Max: 1429728, Diff: 1084840, Sum: 6452232, Workers: 8
[2025-06-17T22:55:21.970+0300][1416][15888][debug][gc,phases] GC(6)         LAB Waste                      Min: 96, Avg: 1003.0, Max: 3304, Diff: 3208, Sum: 8024, Workers: 8
[2025-06-17T22:55:21.970+0300][1416][15888][debug][gc,phases] GC(6)         LAB Undo Waste                 Min: 0, Avg:  0.0, Max: 0, Diff: 0, Sum: 0, Workers: 8
[2025-06-17T22:55:21.970+0300][1416][15888][debug][gc,phases] GC(6)       Clear Logged Cards (ms):       Min:  0.0, Avg:  0.0, Max:  0.1, Diff:  0.1, Sum:  0.1, Workers: 4
[2025-06-17T22:55:21.970+0300][1416][15888][debug][gc,phases] GC(6)       Recalculate Used Memory (ms):  Min:  0.0, Avg:  0.0, Max:  0.0, Diff:  0.0, Sum:  0.0, Workers: 1
[2025-06-17T22:55:21.970+0300][1416][15888][debug][gc,phases] GC(6)     Post Evacuate Cleanup 2: 0.3ms
[2025-06-17T22:55:21.970+0300][1416][15888][debug][gc,phases] GC(6)       Update Derived Pointers (ms):  Min:  0.0, Avg:  0.0, Max:  0.0, Diff:  0.0, Sum:  0.0, Workers: 1
[2025-06-17T22:55:21.970+0300][1416][15888][debug][gc,phases] GC(6)       Eagerly Reclaim Humongous Objects (ms): skipped
[2025-06-17T22:55:21.970+0300][1416][15888][debug][gc,phases] GC(6)         Humongous Total                skipped
[2025-06-17T22:55:21.970+0300][1416][15888][debug][gc,phases] GC(6)         Humongous Candidates           skipped
[2025-06-17T22:55:21.970+0300][1416][15888][debug][gc,phases] GC(6)         Humongous Reclaimed            skipped
[2025-06-17T22:55:21.970+0300][1416][15888][debug][gc,phases] GC(6)       Redirty Logged Cards (ms):     Min:  0.0, Avg:  0.0, Max:  0.0, Diff:  0.0, Sum:  0.0, Workers: 8
[2025-06-17T22:55:21.970+0300][1416][15888][debug][gc,phases] GC(6)         Redirtied Cards:               Min: 0, Avg: 127.9, Max: 605, Diff: 605, Sum: 1023, Workers: 8
[2025-06-17T22:55:21.970+0300][1416][15888][debug][gc,phases] GC(6)       Resize TLABs (ms):             Min:  0.0, Avg:  0.0, Max:  0.0, Diff:  0.0, Sum:  0.0, Workers: 8
[2025-06-17T22:55:21.970+0300][1416][15888][debug][gc,phases] GC(6)       Free Collection Set (ms):      Min:  0.1, Avg:  0.1, Max:  0.2, Diff:  0.1, Sum:  1.1, Workers: 8
[2025-06-17T22:55:21.970+0300][1416][15888][debug][gc,phases] GC(6)     Rebuild Free List: 0.2ms
[2025-06-17T22:55:21.970+0300][1416][15888][debug][gc,phases] GC(6)     Prepare For Mutator: 0.0ms
[2025-06-17T22:55:21.970+0300][1416][15888][debug][gc,phases] GC(6)     Expand Heap After Collection: 0.0ms
[2025-06-17T22:55:21.970+0300][1416][15888][info ][gc,phases] GC(6)   Other: 0.3ms
[2025-06-17T22:55:21.970+0300][1416][15888][info ][gc,heap  ] GC(6) Eden regions: 670->0(1221)
[2025-06-17T22:55:21.970+0300][1416][15888][info ][gc,heap  ] GC(6) Survivor regions: 7->7(85)
[2025-06-17T22:55:21.970+0300][1416][15888][info ][gc,heap  ] GC(6) Old regions: 14->14
[2025-06-17T22:55:21.970+0300][1416][15888][info ][gc,heap  ] GC(6) Humongous regions: 0->0
[2025-06-17T22:55:21.970+0300][1416][15888][debug][gc,heap  ] GC(6) Heap after GC invocations=7 (full 1):
[2025-06-17T22:55:21.970+0300][1416][15888][debug][gc,heap  ] GC(6)  garbage-first heap   total 2097152K, used 16239K [0x0000000080000000, 0x0000000100000000)
[2025-06-17T22:55:21.970+0300][1416][15888][debug][gc,heap  ] GC(6)   region size 1024K, 7 young (7168K), 7 survivors (7168K)
[2025-06-17T22:55:21.970+0300][1416][15888][debug][gc,heap  ] GC(6)  Metaspace       used 33874K, committed 34752K, reserved 1114112K
[2025-06-17T22:55:21.970+0300][1416][15888][debug][gc,heap  ] GC(6)   class space    used 2937K, committed 3328K, reserved 1048576K
[2025-06-17T22:55:21.970+0300][1416][15888][info ][gc       ] GC(6) Pause Young (Mixed) (G1 Evacuation Pause) 686M->15M(2048M) 6.873ms
[2025-06-17T22:55:21.970+0300][1416][15888][info ][safepoint] Safepoint "G1CollectForAllocation", Time since last: 561649700 ns, Reaching safepoint: 76800 ns, Cleanup: 27900 ns, At safepoint: 6901600 ns, Total: 7006300 ns
[2025-06-17T22:55:22.015+0300][1416][15888][debug][safepoint] Safepoint synchronization initiated using striped semaphore wait barrier. (21 threads)
