[2025-06-17T22:38:01.845+0300][3224][4284][debug][gc,heap] Minimum heap 2147483648  Initial heap 2147483648  Maximum heap 2147483648
[2025-06-17T22:38:01.845+0300][3224][4284][info ][gc     ] Using G1
[2025-06-17T22:38:01.845+0300][3224][4284][debug][gc     ] ConcGCThreads: 2 offset 16
[2025-06-17T22:38:01.845+0300][3224][4284][debug][gc     ] ParallelGCThreads: 8
[2025-06-17T22:38:01.845+0300][3224][4284][debug][gc     ] Initialize mark stack with 4096 chunks, maximum 524288
[2025-06-17T22:38:02.927+0300][3224][19180][debug][safepoint] Safepoint synchronization initiated using striped semaphore wait barrier. (13 threads)
[2025-06-17T22:38:02.927+0300][3224][19180][info ][safepoint] Safepoint "Cleanup", Time since last: 1053857300 ns, Reaching safepoint: 319700 ns, Cleanup: 58700 ns, At safepoint: 4000 ns, Total: 382400 ns
[2025-06-17T22:38:03.589+0300][3224][19180][debug][safepoint] Safepoint synchronization initiated using striped semaphore wait barrier. (12 threads)
[2025-06-17T22:38:03.589+0300][3224][19180][debug][gc,heap  ] GC(0) Heap before GC invocations=0 (full 0):
[2025-06-17T22:38:03.589+0300][3224][19180][debug][gc,heap  ] GC(0)  garbage-first heap   total 2097152K, used 103424K [0x0000000080000000, 0x0000000100000000)
[2025-06-17T22:38:03.589+0300][3224][19180][debug][gc,heap  ] GC(0)   region size 1024K, 102 young (104448K), 0 survivors (0K)
[2025-06-17T22:38:03.589+0300][3224][19180][debug][gc,heap  ] GC(0)  Metaspace       used 2739K, committed 2944K, reserved 1114112K
[2025-06-17T22:38:03.589+0300][3224][19180][debug][gc,heap  ] GC(0)   class space    used 245K, committed 320K, reserved 1048576K
[2025-06-17T22:38:03.589+0300][3224][19180][info ][gc,phases] GC(0)   Pre Evacuate Collection Set: 0.3ms
[2025-06-17T22:38:03.589+0300][3224][19180][debug][gc,phases] GC(0)     Pre Evacuate Prepare: 0.0ms
[2025-06-17T22:38:03.589+0300][3224][19180][debug][gc,phases] GC(0)       JT Retire TLABs And Flush Logs (ms): Min:  0.0, Avg:  0.0, Max:  0.0, Diff:  0.0, Sum:  0.0, Workers: 2
[2025-06-17T22:38:03.589+0300][3224][19180][debug][gc,phases] GC(0)       Non-JT Flush Logs (ms):        Min:  0.0, Avg:  0.0, Max:  0.0, Diff:  0.0, Sum:  0.0, Workers: 1
[2025-06-17T22:38:03.589+0300][3224][19180][debug][gc,phases] GC(0)     Choose Collection Set: 0.0ms
[2025-06-17T22:38:03.589+0300][3224][19180][debug][gc,phases] GC(0)     Region Register: 0.2ms
[2025-06-17T22:38:03.589+0300][3224][19180][debug][gc,phases] GC(0)     Prepare Heap Roots: 0.0ms
[2025-06-17T22:38:03.589+0300][3224][19180][info ][gc,phases] GC(0)   Merge Heap Roots: 0.1ms
[2025-06-17T22:38:03.589+0300][3224][19180][debug][gc,phases] GC(0)     Prepare Merge Heap Roots: 0.0ms
[2025-06-17T22:38:03.589+0300][3224][19180][debug][gc,phases] GC(0)     Remembered Sets (ms):          Min:  0.0, Avg:  0.0, Max:  0.0, Diff:  0.0, Sum:  0.1, Workers: 8
[2025-06-17T22:38:03.589+0300][3224][19180][debug][gc,phases] GC(0)       Eager Reclaim (ms):            skipped
[2025-06-17T22:38:03.589+0300][3224][19180][debug][gc,phases] GC(0)       Merged Inline                  Min: 0, Avg:  0.0, Max: 0, Diff: 0, Sum: 0, Workers: 8
[2025-06-17T22:38:03.589+0300][3224][19180][debug][gc,phases] GC(0)       Merged ArrayOfCards            Min: 0, Avg:  0.0, Max: 0, Diff: 0, Sum: 0, Workers: 8
[2025-06-17T22:38:03.589+0300][3224][19180][debug][gc,phases] GC(0)       Merged Howl                    Min: 0, Avg:  0.0, Max: 0, Diff: 0, Sum: 0, Workers: 8
[2025-06-17T22:38:03.589+0300][3224][19180][debug][gc,phases] GC(0)       Merged Full                    Min: 0, Avg:  0.0, Max: 0, Diff: 0, Sum: 0, Workers: 8
[2025-06-17T22:38:03.589+0300][3224][19180][debug][gc,phases] GC(0)       Merged Howl Inline             Min: 0, Avg:  0.0, Max: 0, Diff: 0, Sum: 0, Workers: 8
[2025-06-17T22:38:03.589+0300][3224][19180][debug][gc,phases] GC(0)       Merged Howl ArrayOfCards       Min: 0, Avg:  0.0, Max: 0, Diff: 0, Sum: 0, Workers: 8
[2025-06-17T22:38:03.589+0300][3224][19180][debug][gc,phases] GC(0)       Merged Howl BitMap             Min: 0, Avg:  0.0, Max: 0, Diff: 0, Sum: 0, Workers: 8
[2025-06-17T22:38:03.589+0300][3224][19180][debug][gc,phases] GC(0)       Merged Howl Full               Min: 0, Avg:  0.0, Max: 0, Diff: 0, Sum: 0, Workers: 8
[2025-06-17T22:38:03.589+0300][3224][19180][debug][gc,phases] GC(0)       Merged Cards                   Min: 8, Avg:  8.0, Max: 8, Diff: 0, Sum: 64, Workers: 8
[2025-06-17T22:38:03.589+0300][3224][19180][debug][gc,phases] GC(0)     Log Buffers (ms):              Min:  0.0, Avg:  0.0, Max:  0.0, Diff:  0.0, Sum:  0.0, Workers: 8
[2025-06-17T22:38:03.589+0300][3224][19180][debug][gc,phases] GC(0)       Dirty Cards:                   Min: 0, Avg:  0.0, Max: 0, Diff: 0, Sum: 0, Workers: 8
[2025-06-17T22:38:03.589+0300][3224][19180][debug][gc,phases] GC(0)       Skipped Cards:                 Min: 0, Avg:  0.0, Max: 0, Diff: 0, Sum: 0, Workers: 8
[2025-06-17T22:38:03.589+0300][3224][19180][info ][gc,phases] GC(0)   Evacuate Collection Set: 1.4ms
[2025-06-17T22:38:03.589+0300][3224][19180][debug][gc,phases] GC(0)     Ext Root Scanning (ms):        Min:  0.0, Avg:  0.2, Max:  0.5, Diff:  0.5, Sum:  1.2, Workers: 8
[2025-06-17T22:38:03.589+0300][3224][19180][debug][gc,phases] GC(0)     Scan Heap Roots (ms):          Min:  0.0, Avg:  0.0, Max:  0.0, Diff:  0.0, Sum:  0.0, Workers: 8
[2025-06-17T22:38:03.589+0300][3224][19180][debug][gc,phases] GC(0)       Scanned Cards:                 Min: 0, Avg:  0.0, Max: 0, Diff: 0, Sum: 0, Workers: 8
[2025-06-17T22:38:03.589+0300][3224][19180][debug][gc,phases] GC(0)       Scanned Blocks:                Min: 0, Avg:  0.0, Max: 0, Diff: 0, Sum: 0, Workers: 8
[2025-06-17T22:38:03.589+0300][3224][19180][debug][gc,phases] GC(0)       Claimed Chunks:                Min: 0, Avg:  0.0, Max: 0, Diff: 0, Sum: 0, Workers: 8
[2025-06-17T22:38:03.589+0300][3224][19180][debug][gc,phases] GC(0)       Found Roots:                   Min: 0, Avg:  0.0, Max: 0, Diff: 0, Sum: 0, Workers: 8
[2025-06-17T22:38:03.589+0300][3224][19180][debug][gc,phases] GC(0)     Code Root Scan (ms):           Min:  0.0, Avg:  0.2, Max:  0.8, Diff:  0.8, Sum:  1.7, Workers: 8
[2025-06-17T22:38:03.589+0300][3224][19180][debug][gc,phases] GC(0)       Scanned Nmethods               Min: 0, Avg: 49.8, Max: 113, Diff: 113, Sum: 398, Workers: 8
[2025-06-17T22:38:03.589+0300][3224][19180][debug][gc,phases] GC(0)     Object Copy (ms):              Min:  0.4, Avg:  0.9, Max:  1.3, Diff:  0.9, Sum:  7.5, Workers: 8
[2025-06-17T22:38:03.589+0300][3224][19180][debug][gc,phases] GC(0)     Termination (ms):              Min:  0.0, Avg:  0.1, Max:  0.1, Diff:  0.1, Sum:  0.7, Workers: 8
[2025-06-17T22:38:03.589+0300][3224][19180][debug][gc,phases] GC(0)       Termination Attempts:          Min: 1, Avg: 17.2, Max: 29, Diff: 28, Sum: 138, Workers: 8
[2025-06-17T22:38:03.589+0300][3224][19180][debug][gc,phases] GC(0)     GC Worker Other (ms):          Min:  0.0, Avg:  0.0, Max:  0.0, Diff:  0.0, Sum:  0.1, Workers: 8
[2025-06-17T22:38:03.589+0300][3224][19180][debug][gc,phases] GC(0)     GC Worker Total (ms):          Min:  1.2, Avg:  1.4, Max:  1.4, Diff:  0.2, Sum: 11.2, Workers: 8
[2025-06-17T22:38:03.589+0300][3224][19180][info ][gc,phases] GC(0)   Post Evacuate Collection Set: 0.3ms
[2025-06-17T22:38:03.589+0300][3224][19180][debug][gc,phases] GC(0)     NMethod List Cleanup: 0.0ms
[2025-06-17T22:38:03.589+0300][3224][19180][debug][gc,phases] GC(0)     Reference Processing: 0.0ms
[2025-06-17T22:38:03.589+0300][3224][19180][debug][gc,phases] GC(0)     Weak Processing: 0.1ms
[2025-06-17T22:38:03.589+0300][3224][19180][debug][gc,phases] GC(0)       VM Weak                        Min:  0.0, Avg:  0.0, Max:  0.0, Diff:  0.0, Sum:  0.0, Workers: 5
[2025-06-17T22:38:03.589+0300][3224][19180][debug][gc,phases] GC(0)         Dead                           Min: 0, Avg:  0.0, Max: 0, Diff: 0, Sum: 0, Workers: 5
[2025-06-17T22:38:03.589+0300][3224][19180][debug][gc,phases] GC(0)         Total                          Min: 0, Avg:  3.8, Max: 19, Diff: 19, Sum: 19, Workers: 5
[2025-06-17T22:38:03.589+0300][3224][19180][debug][gc,phases] GC(0)       ObjectSynchronizer Weak        Min:  0.0, Avg:  0.0, Max:  0.0, Diff:  0.0, Sum:  0.0, Workers: 5
[2025-06-17T22:38:03.589+0300][3224][19180][debug][gc,phases] GC(0)         Dead                           Min: 0, Avg:  0.0, Max: 0, Diff: 0, Sum: 0, Workers: 5
[2025-06-17T22:38:03.589+0300][3224][19180][debug][gc,phases] GC(0)         Total                          Min: 0, Avg:  0.2, Max: 1, Diff: 1, Sum: 1, Workers: 5
[2025-06-17T22:38:03.589+0300][3224][19180][debug][gc,phases] GC(0)       JVMTI Tag Weak OopStorage      Min:  0.0, Avg:  0.0, Max:  0.0, Diff:  0.0, Sum:  0.0, Workers: 5
[2025-06-17T22:38:03.589+0300][3224][19180][debug][gc,phases] GC(0)         Dead                           Min: 0, Avg:  0.0, Max: 0, Diff: 0, Sum: 0, Workers: 5
[2025-06-17T22:38:03.589+0300][3224][19180][debug][gc,phases] GC(0)         Total                          Min: 0, Avg:  0.0, Max: 0, Diff: 0, Sum: 0, Workers: 5
[2025-06-17T22:38:03.589+0300][3224][19180][debug][gc,phases] GC(0)       StringTable Weak               Min:  0.0, Avg:  0.0, Max:  0.0, Diff:  0.0, Sum:  0.1, Workers: 5
[2025-06-17T22:38:03.589+0300][3224][19180][debug][gc,phases] GC(0)         Dead                           Min: 0, Avg:  1.0, Max: 2, Diff: 2, Sum: 5, Workers: 5
[2025-06-17T22:38:03.589+0300][3224][19180][debug][gc,phases] GC(0)         Total                          Min: 640, Avg: 838.2, Max: 1024, Diff: 384, Sum: 4191, Workers: 5
[2025-06-17T22:38:03.589+0300][3224][19180][debug][gc,phases] GC(0)       ResolvedMethodTable Weak       Min:  0.0, Avg:  0.0, Max:  0.0, Diff:  0.0, Sum:  0.0, Workers: 5
[2025-06-17T22:38:03.589+0300][3224][19180][debug][gc,phases] GC(0)         Dead                           Min: 0, Avg:  4.0, Max: 13, Diff: 13, Sum: 20, Workers: 5
[2025-06-17T22:38:03.589+0300][3224][19180][debug][gc,phases] GC(0)         Total                          Min: 0, Avg: 39.8, Max: 64, Diff: 64, Sum: 199, Workers: 5
[2025-06-17T22:38:03.589+0300][3224][19180][debug][gc,phases] GC(0)       JNI Weak                       Min:  0.0, Avg:  0.0, Max:  0.0, Diff:  0.0, Sum:  0.0, Workers: 5
[2025-06-17T22:38:03.589+0300][3224][19180][debug][gc,phases] GC(0)         Dead                           Min: 0, Avg:  0.0, Max: 0, Diff: 0, Sum: 0, Workers: 5
[2025-06-17T22:38:03.589+0300][3224][19180][debug][gc,phases] GC(0)         Total                          Min: 0, Avg:  0.0, Max: 0, Diff: 0, Sum: 0, Workers: 5
[2025-06-17T22:38:03.589+0300][3224][19180][debug][gc,phases] GC(0)       StringDedup Table Weak         Min:  0.0, Avg:  0.0, Max:  0.0, Diff:  0.0, Sum:  0.0, Workers: 5
[2025-06-17T22:38:03.589+0300][3224][19180][debug][gc,phases] GC(0)         Dead                           Min: 0, Avg:  0.0, Max: 0, Diff: 0, Sum: 0, Workers: 5
[2025-06-17T22:38:03.589+0300][3224][19180][debug][gc,phases] GC(0)         Total                          Min: 0, Avg:  0.0, Max: 0, Diff: 0, Sum: 0, Workers: 5
[2025-06-17T22:38:03.589+0300][3224][19180][debug][gc,phases] GC(0)       StringDedup Requests0 Weak     Min:  0.0, Avg:  0.0, Max:  0.0, Diff:  0.0, Sum:  0.0, Workers: 5
[2025-06-17T22:38:03.589+0300][3224][19180][debug][gc,phases] GC(0)         Dead                           Min: 0, Avg:  0.0, Max: 0, Diff: 0, Sum: 0, Workers: 5
[2025-06-17T22:38:03.589+0300][3224][19180][debug][gc,phases] GC(0)         Total                          Min: 0, Avg:  0.0, Max: 0, Diff: 0, Sum: 0, Workers: 5
[2025-06-17T22:38:03.589+0300][3224][19180][debug][gc,phases] GC(0)       StringDedup Requests1 Weak     Min:  0.0, Avg:  0.0, Max:  0.0, Diff:  0.0, Sum:  0.0, Workers: 5
[2025-06-17T22:38:03.589+0300][3224][19180][debug][gc,phases] GC(0)         Dead                           Min: 0, Avg:  0.0, Max: 0, Diff: 0, Sum: 0, Workers: 5
[2025-06-17T22:38:03.589+0300][3224][19180][debug][gc,phases] GC(0)         Total                          Min: 0, Avg:  0.0, Max: 0, Diff: 0, Sum: 0, Workers: 5
[2025-06-17T22:38:03.589+0300][3224][19180][debug][gc,phases] GC(0)       Weak JFR Old Object Samples    Min:  0.0, Avg:  0.0, Max:  0.0, Diff:  0.0, Sum:  0.0, Workers: 5
[2025-06-17T22:38:03.589+0300][3224][19180][debug][gc,phases] GC(0)         Dead                           Min: 0, Avg:  0.0, Max: 0, Diff: 0, Sum: 0, Workers: 5
[2025-06-17T22:38:03.589+0300][3224][19180][debug][gc,phases] GC(0)         Total                          Min: 0, Avg:  0.0, Max: 0, Diff: 0, Sum: 0, Workers: 5
[2025-06-17T22:38:03.589+0300][3224][19180][debug][gc,phases] GC(0)     Post Evacuate Cleanup 1: 0.0ms
[2025-06-17T22:38:03.589+0300][3224][19180][debug][gc,phases] GC(0)       Merge Per-Thread State (ms):   Min:  0.0, Avg:  0.0, Max:  0.0, Diff:  0.0, Sum:  0.0, Workers: 1
[2025-06-17T22:38:03.589+0300][3224][19180][debug][gc,phases] GC(0)         Copied Bytes                   Min: 8480, Avg: 308994.0, Max: 576784, Diff: 568304, Sum: 2471952, Workers: 8
[2025-06-17T22:38:03.589+0300][3224][19180][debug][gc,phases] GC(0)         LAB Waste                      Min: 0, Avg: 493.0, Max: 1224, Diff: 1224, Sum: 3944, Workers: 8
[2025-06-17T22:38:03.589+0300][3224][19180][debug][gc,phases] GC(0)         LAB Undo Waste                 Min: 0, Avg:  0.0, Max: 0, Diff: 0, Sum: 0, Workers: 8
[2025-06-17T22:38:03.589+0300][3224][19180][debug][gc,phases] GC(0)       Clear Logged Cards (ms):       Min:  0.0, Avg:  0.0, Max:  0.0, Diff:  0.0, Sum:  0.0, Workers: 3
[2025-06-17T22:38:03.589+0300][3224][19180][debug][gc,phases] GC(0)       Recalculate Used Memory (ms):  Min:  0.0, Avg:  0.0, Max:  0.0, Diff:  0.0, Sum:  0.0, Workers: 1
[2025-06-17T22:38:03.589+0300][3224][19180][debug][gc,phases] GC(0)     Post Evacuate Cleanup 2: 0.1ms
[2025-06-17T22:38:03.589+0300][3224][19180][debug][gc,phases] GC(0)       Update Derived Pointers (ms):  Min:  0.0, Avg:  0.0, Max:  0.0, Diff:  0.0, Sum:  0.0, Workers: 1
[2025-06-17T22:38:03.589+0300][3224][19180][debug][gc,phases] GC(0)       Eagerly Reclaim Humongous Objects (ms): skipped
[2025-06-17T22:38:03.589+0300][3224][19180][debug][gc,phases] GC(0)         Humongous Total                skipped
[2025-06-17T22:38:03.589+0300][3224][19180][debug][gc,phases] GC(0)         Humongous Candidates           skipped
[2025-06-17T22:38:03.589+0300][3224][19180][debug][gc,phases] GC(0)         Humongous Reclaimed            skipped
[2025-06-17T22:38:03.589+0300][3224][19180][debug][gc,phases] GC(0)       Redirty Logged Cards (ms):     Min:  0.0, Avg:  0.0, Max:  0.0, Diff:  0.0, Sum:  0.0, Workers: 8
[2025-06-17T22:38:03.589+0300][3224][19180][debug][gc,phases] GC(0)         Redirtied Cards:               Min: 0, Avg:  0.0, Max: 0, Diff: 0, Sum: 0, Workers: 8
[2025-06-17T22:38:03.589+0300][3224][19180][debug][gc,phases] GC(0)       Resize TLABs (ms):             Min:  0.0, Avg:  0.0, Max:  0.0, Diff:  0.0, Sum:  0.0, Workers: 8
[2025-06-17T22:38:03.589+0300][3224][19180][debug][gc,phases] GC(0)       Free Collection Set (ms):      Min:  0.0, Avg:  0.0, Max:  0.1, Diff:  0.1, Sum:  0.2, Workers: 8
[2025-06-17T22:38:03.589+0300][3224][19180][debug][gc,phases] GC(0)     Rebuild Free List: 0.0ms
[2025-06-17T22:38:03.589+0300][3224][19180][debug][gc,phases] GC(0)     Prepare For Mutator: 0.0ms
[2025-06-17T22:38:03.589+0300][3224][19180][debug][gc,phases] GC(0)     Expand Heap After Collection: 0.0ms
[2025-06-17T22:38:03.589+0300][3224][19180][info ][gc,phases] GC(0)   Other: 0.2ms
[2025-06-17T22:38:03.589+0300][3224][19180][info ][gc,heap  ] GC(0) Eden regions: 102->0(112)
[2025-06-17T22:38:03.589+0300][3224][19180][info ][gc,heap  ] GC(0) Survivor regions: 0->3(13)
[2025-06-17T22:38:03.589+0300][3224][19180][info ][gc,heap  ] GC(0) Old regions: 0->0
[2025-06-17T22:38:03.589+0300][3224][19180][info ][gc,heap  ] GC(0) Humongous regions: 0->0
[2025-06-17T22:38:03.589+0300][3224][19180][debug][gc,heap  ] GC(0) Heap after GC invocations=1 (full 0):
[2025-06-17T22:38:03.589+0300][3224][19180][debug][gc,heap  ] GC(0)  garbage-first heap   total 2097152K, used 2760K [0x0000000080000000, 0x0000000100000000)
[2025-06-17T22:38:03.589+0300][3224][19180][debug][gc,heap  ] GC(0)   region size 1024K, 3 young (3072K), 3 survivors (3072K)
[2025-06-17T22:38:03.589+0300][3224][19180][debug][gc,heap  ] GC(0)  Metaspace       used 2739K, committed 2944K, reserved 1114112K
[2025-06-17T22:38:03.589+0300][3224][19180][debug][gc,heap  ] GC(0)   class space    used 245K, committed 320K, reserved 1048576K
[2025-06-17T22:38:03.589+0300][3224][19180][info ][gc       ] GC(0) Pause Young (Normal) (G1 Evacuation Pause) 101M->2M(2048M) 3.519ms
[2025-06-17T22:38:03.589+0300][3224][19180][info ][safepoint] Safepoint "G1CollectForAllocation", Time since last: 664050400 ns, Reaching safepoint: 46100 ns, Cleanup: 25500 ns, At safepoint: 3550900 ns, Total: 3622500 ns
[2025-06-17T22:38:03.684+0300][3224][19180][debug][safepoint] Safepoint synchronization initiated using striped semaphore wait barrier. (12 threads)
[2025-06-17T22:38:03.684+0300][3224][19180][debug][gc,heap  ] GC(1) Heap before GC invocations=1 (full 0):
[2025-06-17T22:38:03.684+0300][3224][19180][debug][gc,heap  ] GC(1)  garbage-first heap   total 2097152K, used 48840K [0x0000000080000000, 0x0000000100000000)
[2025-06-17T22:38:03.684+0300][3224][19180][debug][gc,heap  ] GC(1)   region size 1024K, 50 young (51200K), 3 survivors (3072K)
[2025-06-17T22:38:03.684+0300][3224][19180][debug][gc,heap  ] GC(1)  Metaspace       used 2836K, committed 3072K, reserved 1114112K
[2025-06-17T22:38:03.684+0300][3224][19180][debug][gc,heap  ] GC(1)   class space    used 256K, committed 384K, reserved 1048576K
[2025-06-17T22:38:03.684+0300][3224][19180][debug][gc,phases] GC(1) Phase 1: Reference Processing 0.180ms
[2025-06-17T22:38:03.684+0300][3224][19180][debug][gc,phases] GC(1)   VM Weak                        Min:  0.0, Avg:  0.0, Max:  0.0, Diff:  0.0, Sum:  0.0, Workers: 5
[2025-06-17T22:38:03.684+0300][3224][19180][debug][gc,phases] GC(1)     Dead                           Min: 0, Avg:  0.0, Max: 0, Diff: 0, Sum: 0, Workers: 5
[2025-06-17T22:38:03.684+0300][3224][19180][debug][gc,phases] GC(1)     Total                          Min: 0, Avg:  4.0, Max: 20, Diff: 20, Sum: 20, Workers: 5
[2025-06-17T22:38:03.684+0300][3224][19180][debug][gc,phases] GC(1)   ObjectSynchronizer Weak        Min:  0.0, Avg:  0.0, Max:  0.0, Diff:  0.0, Sum:  0.0, Workers: 5
[2025-06-17T22:38:03.684+0300][3224][19180][debug][gc,phases] GC(1)     Dead                           Min: 0, Avg:  0.0, Max: 0, Diff: 0, Sum: 0, Workers: 5
[2025-06-17T22:38:03.684+0300][3224][19180][debug][gc,phases] GC(1)     Total                          Min: 0, Avg:  0.2, Max: 1, Diff: 1, Sum: 1, Workers: 5
[2025-06-17T22:38:03.684+0300][3224][19180][debug][gc,phases] GC(1)   JVMTI Tag Weak OopStorage      Min:  0.0, Avg:  0.0, Max:  0.0, Diff:  0.0, Sum:  0.0, Workers: 5
[2025-06-17T22:38:03.684+0300][3224][19180][debug][gc,phases] GC(1)     Dead                           Min: 0, Avg:  0.0, Max: 0, Diff: 0, Sum: 0, Workers: 5
[2025-06-17T22:38:03.684+0300][3224][19180][debug][gc,phases] GC(1)     Total                          Min: 0, Avg:  0.0, Max: 0, Diff: 0, Sum: 0, Workers: 5
[2025-06-17T22:38:03.684+0300][3224][19180][debug][gc,phases] GC(1)   StringTable Weak               Min:  0.0, Avg:  0.0, Max:  0.0, Diff:  0.0, Sum:  0.0, Workers: 5
[2025-06-17T22:38:03.684+0300][3224][19180][debug][gc,phases] GC(1)     Dead                           Min: 0, Avg:  0.2, Max: 1, Diff: 1, Sum: 1, Workers: 5
[2025-06-17T22:38:03.684+0300][3224][19180][debug][gc,phases] GC(1)     Total                          Min: 0, Avg: 849.4, Max: 2136, Diff: 2136, Sum: 4247, Workers: 5
[2025-06-17T22:38:03.684+0300][3224][19180][debug][gc,phases] GC(1)   ResolvedMethodTable Weak       Min:  0.0, Avg:  0.0, Max:  0.0, Diff:  0.0, Sum:  0.0, Workers: 5
[2025-06-17T22:38:03.684+0300][3224][19180][debug][gc,phases] GC(1)     Dead                           Min: 0, Avg:  0.2, Max: 1, Diff: 1, Sum: 1, Workers: 5
[2025-06-17T22:38:03.684+0300][3224][19180][debug][gc,phases] GC(1)     Total                          Min: 0, Avg: 40.4, Max: 128, Diff: 128, Sum: 202, Workers: 5
[2025-06-17T22:38:03.684+0300][3224][19180][debug][gc,phases] GC(1)   JNI Weak                       Min:  0.0, Avg:  0.0, Max:  0.0, Diff:  0.0, Sum:  0.0, Workers: 5
[2025-06-17T22:38:03.684+0300][3224][19180][debug][gc,phases] GC(1)     Dead                           Min: 0, Avg:  0.0, Max: 0, Diff: 0, Sum: 0, Workers: 5
[2025-06-17T22:38:03.684+0300][3224][19180][debug][gc,phases] GC(1)     Total                          Min: 0, Avg:  0.0, Max: 0, Diff: 0, Sum: 0, Workers: 5
[2025-06-17T22:38:03.684+0300][3224][19180][debug][gc,phases] GC(1)   StringDedup Table Weak         Min:  0.0, Avg:  0.0, Max:  0.0, Diff:  0.0, Sum:  0.0, Workers: 5
[2025-06-17T22:38:03.684+0300][3224][19180][debug][gc,phases] GC(1)     Dead                           Min: 0, Avg:  0.0, Max: 0, Diff: 0, Sum: 0, Workers: 5
[2025-06-17T22:38:03.684+0300][3224][19180][debug][gc,phases] GC(1)     Total                          Min: 0, Avg:  0.0, Max: 0, Diff: 0, Sum: 0, Workers: 5
[2025-06-17T22:38:03.684+0300][3224][19180][debug][gc,phases] GC(1)   StringDedup Requests0 Weak     Min:  0.0, Avg:  0.0, Max:  0.0, Diff:  0.0, Sum:  0.0, Workers: 5
[2025-06-17T22:38:03.684+0300][3224][19180][debug][gc,phases] GC(1)     Dead                           Min: 0, Avg:  0.0, Max: 0, Diff: 0, Sum: 0, Workers: 5
[2025-06-17T22:38:03.684+0300][3224][19180][debug][gc,phases] GC(1)     Total                          Min: 0, Avg:  0.0, Max: 0, Diff: 0, Sum: 0, Workers: 5
[2025-06-17T22:38:03.684+0300][3224][19180][debug][gc,phases] GC(1)   StringDedup Requests1 Weak     Min:  0.0, Avg:  0.0, Max:  0.0, Diff:  0.0, Sum:  0.0, Workers: 5
[2025-06-17T22:38:03.684+0300][3224][19180][debug][gc,phases] GC(1)     Dead                           Min: 0, Avg:  0.0, Max: 0, Diff: 0, Sum: 0, Workers: 5
[2025-06-17T22:38:03.684+0300][3224][19180][debug][gc,phases] GC(1)     Total                          Min: 0, Avg:  0.0, Max: 0, Diff: 0, Sum: 0, Workers: 5
[2025-06-17T22:38:03.684+0300][3224][19180][debug][gc,phases] GC(1)   Weak JFR Old Object Samples    Min:  0.0, Avg:  0.0, Max:  0.0, Diff:  0.0, Sum:  0.0, Workers: 5
[2025-06-17T22:38:03.684+0300][3224][19180][debug][gc,phases] GC(1)     Dead                           Min: 0, Avg:  0.0, Max: 0, Diff: 0, Sum: 0, Workers: 5
[2025-06-17T22:38:03.684+0300][3224][19180][debug][gc,phases] GC(1)     Total                          Min: 0, Avg:  0.0, Max: 0, Diff: 0, Sum: 0, Workers: 5
[2025-06-17T22:38:03.684+0300][3224][19180][debug][gc,phases] GC(1) Phase 1: Weak Processing 0.394ms
[2025-06-17T22:38:03.684+0300][3224][19180][debug][gc,phases] GC(1) ClassLoaderData 0.004ms
[2025-06-17T22:38:03.684+0300][3224][19180][debug][gc,phases] GC(1) Trigger cleanups 0.002ms
[2025-06-17T22:38:03.684+0300][3224][19180][debug][gc,phases] GC(1) G1 Complete Cleaning 0.346ms
[2025-06-17T22:38:03.684+0300][3224][19180][debug][gc,phases] GC(1) Purge Unlinked NMethods 0.001ms
[2025-06-17T22:38:03.684+0300][3224][19180][debug][gc,phases] GC(1) Unregister NMethods 0.128ms
[2025-06-17T22:38:03.684+0300][3224][19180][debug][gc,phases] GC(1) Free Code Blobs 0.002ms
[2025-06-17T22:38:03.684+0300][3224][19180][debug][gc,phases] GC(1) Purge Class Loader Data 0.039ms
[2025-06-17T22:38:03.684+0300][3224][19180][debug][gc,phases] GC(1) Phase 1: Class Unloading and Cleanup 0.631ms
[2025-06-17T22:38:03.684+0300][3224][19180][debug][gc,phases] GC(1) Report Object Count 0.002ms
[2025-06-17T22:38:03.684+0300][3224][19180][info ][gc,phases] GC(1) Phase 1: Mark live objects 2.153ms
[2025-06-17T22:38:03.684+0300][3224][19180][debug][gc,phases] GC(1) Phase 2: Determine work lists 0.067ms
[2025-06-17T22:38:03.684+0300][3224][19180][debug][gc,phases] GC(1) Phase 2: Prepare parallel compaction 0.365ms
[2025-06-17T22:38:03.684+0300][3224][19180][info ][gc,phases] GC(1) Phase 2: Prepare compaction 0.476ms
[2025-06-17T22:38:03.684+0300][3224][19180][info ][gc,phases] GC(1) Phase 3: Adjust pointers 0.746ms
[2025-06-17T22:38:03.684+0300][3224][19180][info ][gc,phases] GC(1) Phase 4: Compact heap 0.666ms
[2025-06-17T22:38:03.684+0300][3224][19180][info ][gc,phases] GC(1) Phase 5: Reset Metadata 0.870ms
[2025-06-17T22:38:03.694+0300][3224][19180][info ][gc,heap  ] GC(1) Eden regions: 47->0(113)
[2025-06-17T22:38:03.694+0300][3224][19180][info ][gc,heap  ] GC(1) Survivor regions: 3->0(13)
[2025-06-17T22:38:03.694+0300][3224][19180][info ][gc,heap  ] GC(1) Old regions: 0->10
[2025-06-17T22:38:03.694+0300][3224][19180][info ][gc,heap  ] GC(1) Humongous regions: 0->0
[2025-06-17T22:38:03.694+0300][3224][19180][debug][gc,heap  ] GC(1) Heap after GC invocations=2 (full 1):
[2025-06-17T22:38:03.694+0300][3224][19180][debug][gc,heap  ] GC(1)  garbage-first heap   total 2097152K, used 2940K [0x0000000080000000, 0x0000000100000000)
[2025-06-17T22:38:03.694+0300][3224][19180][debug][gc,heap  ] GC(1)   region size 1024K, 0 young (0K), 0 survivors (0K)
[2025-06-17T22:38:03.694+0300][3224][19180][debug][gc,heap  ] GC(1)  Metaspace       used 2836K, committed 3072K, reserved 1114112K
[2025-06-17T22:38:03.694+0300][3224][19180][debug][gc,heap  ] GC(1)   class space    used 256K, committed 384K, reserved 1048576K
[2025-06-17T22:38:03.694+0300][3224][19180][info ][gc       ] GC(1) Pause Full (System.gc()) 49M->2M(2048M) 9.007ms
[2025-06-17T22:38:03.694+0300][3224][19180][info ][safepoint] Safepoint "G1CollectFull", Time since last: 91474600 ns, Reaching safepoint: 53700 ns, Cleanup: 13700 ns, At safepoint: 9028700 ns, Total: 9096100 ns
[2025-06-17T22:38:03.998+0300][3224][19180][debug][safepoint] Safepoint synchronization initiated using striped semaphore wait barrier. (21 threads)
[2025-06-17T22:38:03.998+0300][3224][19180][info ][safepoint] Safepoint "ICBufferFull", Time since last: 304391700 ns, Reaching safepoint: 102400 ns, Cleanup: 109600 ns, At safepoint: 32600 ns, Total: 244600 ns
[2025-06-17T22:38:04.150+0300][3224][19180][debug][safepoint] Safepoint synchronization initiated using striped semaphore wait barrier. (21 threads)
[2025-06-17T22:38:04.150+0300][3224][19180][info ][safepoint] Safepoint "ICBufferFull", Time since last: 150307600 ns, Reaching safepoint: 154900 ns, Cleanup: 88900 ns, At safepoint: 17700 ns, Total: 261500 ns
[2025-06-17T22:38:04.150+0300][3224][19180][debug][safepoint] Safepoint synchronization initiated using striped semaphore wait barrier. (21 threads)
[2025-06-17T22:38:04.150+0300][3224][19180][info ][safepoint] Safepoint "ICBufferFull", Time since last: 236800 ns, Reaching safepoint: 53900 ns, Cleanup: 25900 ns, At safepoint: 121600 ns, Total: 201400 ns
[2025-06-17T22:38:04.361+0300][3224][19180][debug][safepoint] Safepoint synchronization initiated using striped semaphore wait barrier. (21 threads)
[2025-06-17T22:38:04.361+0300][3224][19180][debug][gc,heap  ] GC(2) Heap before GC invocations=2 (full 1):
[2025-06-17T22:38:04.361+0300][3224][19180][debug][gc,heap  ] GC(2)  garbage-first heap   total 2097152K, used 127868K [0x0000000080000000, 0x0000000100000000)
[2025-06-17T22:38:04.361+0300][3224][19180][debug][gc,heap  ] GC(2)   region size 1024K, 113 young (115712K), 0 survivors (0K)
[2025-06-17T22:38:04.361+0300][3224][19180][debug][gc,heap  ] GC(2)  Metaspace       used 8802K, committed 9344K, reserved 1114112K
[2025-06-17T22:38:04.361+0300][3224][19180][debug][gc,heap  ] GC(2)   class space    used 975K, committed 1216K, reserved 1048576K
[2025-06-17T22:38:04.363+0300][3224][19180][info ][gc,phases] GC(2)   Pre Evacuate Collection Set: 0.3ms
[2025-06-17T22:38:04.363+0300][3224][19180][debug][gc,phases] GC(2)     Pre Evacuate Prepare: 0.1ms
[2025-06-17T22:38:04.363+0300][3224][19180][debug][gc,phases] GC(2)       JT Retire TLABs And Flush Logs (ms): Min:  0.0, Avg:  0.0, Max:  0.0, Diff:  0.0, Sum:  0.0, Workers: 2
[2025-06-17T22:38:04.363+0300][3224][19180][debug][gc,phases] GC(2)       Non-JT Flush Logs (ms):        Min:  0.0, Avg:  0.0, Max:  0.0, Diff:  0.0, Sum:  0.0, Workers: 1
[2025-06-17T22:38:04.363+0300][3224][19180][debug][gc,phases] GC(2)     Choose Collection Set: 0.0ms
[2025-06-17T22:38:04.363+0300][3224][19180][debug][gc,phases] GC(2)     Region Register: 0.2ms
[2025-06-17T22:38:04.363+0300][3224][19180][debug][gc,phases] GC(2)     Prepare Heap Roots: 0.0ms
[2025-06-17T22:38:04.363+0300][3224][19180][info ][gc,phases] GC(2)   Merge Heap Roots: 0.1ms
[2025-06-17T22:38:04.363+0300][3224][19180][debug][gc,phases] GC(2)     Prepare Merge Heap Roots: 0.0ms
[2025-06-17T22:38:04.363+0300][3224][19180][debug][gc,phases] GC(2)     Remembered Sets (ms):          Min:  0.0, Avg:  0.0, Max:  0.0, Diff:  0.0, Sum:  0.1, Workers: 8
[2025-06-17T22:38:04.363+0300][3224][19180][debug][gc,phases] GC(2)       Eager Reclaim (ms):            Min:  0.0, Avg:  0.0, Max:  0.0, Diff:  0.0, Sum:  0.0, Workers: 1
[2025-06-17T22:38:04.363+0300][3224][19180][debug][gc,phases] GC(2)       Merged Inline                  Min: 0, Avg:  0.0, Max: 0, Diff: 0, Sum: 0, Workers: 8
[2025-06-17T22:38:04.363+0300][3224][19180][debug][gc,phases] GC(2)       Merged ArrayOfCards            Min: 0, Avg:  0.0, Max: 0, Diff: 0, Sum: 0, Workers: 8
[2025-06-17T22:38:04.363+0300][3224][19180][debug][gc,phases] GC(2)       Merged Howl                    Min: 0, Avg:  0.0, Max: 0, Diff: 0, Sum: 0, Workers: 8
[2025-06-17T22:38:04.363+0300][3224][19180][debug][gc,phases] GC(2)       Merged Full                    Min: 0, Avg:  0.0, Max: 0, Diff: 0, Sum: 0, Workers: 8
[2025-06-17T22:38:04.363+0300][3224][19180][debug][gc,phases] GC(2)       Merged Howl Inline             Min: 0, Avg:  0.0, Max: 0, Diff: 0, Sum: 0, Workers: 8
[2025-06-17T22:38:04.363+0300][3224][19180][debug][gc,phases] GC(2)       Merged Howl ArrayOfCards       Min: 0, Avg:  0.0, Max: 0, Diff: 0, Sum: 0, Workers: 8
[2025-06-17T22:38:04.363+0300][3224][19180][debug][gc,phases] GC(2)       Merged Howl BitMap             Min: 0, Avg:  0.0, Max: 0, Diff: 0, Sum: 0, Workers: 8
[2025-06-17T22:38:04.363+0300][3224][19180][debug][gc,phases] GC(2)       Merged Howl Full               Min: 0, Avg:  0.0, Max: 0, Diff: 0, Sum: 0, Workers: 8
[2025-06-17T22:38:04.363+0300][3224][19180][debug][gc,phases] GC(2)       Merged Cards                   Min: 8, Avg:  9.0, Max: 16, Diff: 8, Sum: 72, Workers: 8
[2025-06-17T22:38:04.363+0300][3224][19180][debug][gc,phases] GC(2)     Log Buffers (ms):              Min:  0.0, Avg:  0.0, Max:  0.0, Diff:  0.0, Sum:  0.0, Workers: 8
[2025-06-17T22:38:04.363+0300][3224][19180][debug][gc,phases] GC(2)       Dirty Cards:                   Min: 0, Avg: 31.9, Max: 192, Diff: 192, Sum: 255, Workers: 8
[2025-06-17T22:38:04.363+0300][3224][19180][debug][gc,phases] GC(2)       Skipped Cards:                 Min: 0, Avg:  0.0, Max: 0, Diff: 0, Sum: 0, Workers: 8
[2025-06-17T22:38:04.363+0300][3224][19180][info ][gc,phases] GC(2)   Evacuate Collection Set: 1.2ms
[2025-06-17T22:38:04.363+0300][3224][19180][debug][gc,phases] GC(2)     Ext Root Scanning (ms):        Min:  0.1, Avg:  0.4, Max:  0.8, Diff:  0.7, Sum:  2.9, Workers: 8
[2025-06-17T22:38:04.363+0300][3224][19180][debug][gc,phases] GC(2)     Scan Heap Roots (ms):          Min:  0.0, Avg:  0.0, Max:  0.1, Diff:  0.1, Sum:  0.3, Workers: 8
[2025-06-17T22:38:04.363+0300][3224][19180][debug][gc,phases] GC(2)       Scanned Cards:                 Min: 0, Avg: 31.9, Max: 62, Diff: 62, Sum: 255, Workers: 8
[2025-06-17T22:38:04.363+0300][3224][19180][debug][gc,phases] GC(2)       Scanned Blocks:                Min: 0, Avg: 18.4, Max: 45, Diff: 45, Sum: 147, Workers: 8
[2025-06-17T22:38:04.363+0300][3224][19180][debug][gc,phases] GC(2)       Claimed Chunks:                Min: 0, Avg:  7.1, Max: 15, Diff: 15, Sum: 57, Workers: 8
[2025-06-17T22:38:04.363+0300][3224][19180][debug][gc,phases] GC(2)       Found Roots:                   Min: 0, Avg: 159.4, Max: 419, Diff: 419, Sum: 1275, Workers: 8
[2025-06-17T22:38:04.363+0300][3224][19180][debug][gc,phases] GC(2)     Code Root Scan (ms):           Min:  0.0, Avg:  0.2, Max:  0.5, Diff:  0.5, Sum:  1.5, Workers: 8
[2025-06-17T22:38:04.363+0300][3224][19180][debug][gc,phases] GC(2)       Scanned Nmethods               Min: 0, Avg: 41.4, Max: 85, Diff: 85, Sum: 331, Workers: 8
[2025-06-17T22:38:04.363+0300][3224][19180][debug][gc,phases] GC(2)     Object Copy (ms):              Min:  0.2, Avg:  0.4, Max:  0.7, Diff:  0.5, Sum:  3.4, Workers: 8
[2025-06-17T22:38:04.363+0300][3224][19180][debug][gc,phases] GC(2)     Termination (ms):              Min:  0.0, Avg:  0.1, Max:  0.1, Diff:  0.1, Sum:  0.8, Workers: 8
[2025-06-17T22:38:04.363+0300][3224][19180][debug][gc,phases] GC(2)       Termination Attempts:          Min: 1, Avg:  4.1, Max: 6, Diff: 5, Sum: 33, Workers: 8
[2025-06-17T22:38:04.363+0300][3224][19180][debug][gc,phases] GC(2)     GC Worker Other (ms):          Min:  0.0, Avg:  0.0, Max:  0.0, Diff:  0.0, Sum:  0.1, Workers: 8
[2025-06-17T22:38:04.363+0300][3224][19180][debug][gc,phases] GC(2)     GC Worker Total (ms):          Min:  1.0, Avg:  1.1, Max:  1.1, Diff:  0.1, Sum:  8.9, Workers: 8
[2025-06-17T22:38:04.363+0300][3224][19180][info ][gc,phases] GC(2)   Post Evacuate Collection Set: 0.3ms
[2025-06-17T22:38:04.363+0300][3224][19180][debug][gc,phases] GC(2)     NMethod List Cleanup: 0.0ms
[2025-06-17T22:38:04.363+0300][3224][19180][debug][gc,phases] GC(2)     Reference Processing: 0.1ms
[2025-06-17T22:38:04.363+0300][3224][19180][debug][gc,phases] GC(2)     Weak Processing: 0.1ms
[2025-06-17T22:38:04.363+0300][3224][19180][debug][gc,phases] GC(2)       VM Weak                        Min:  0.0, Avg:  0.0, Max:  0.0, Diff:  0.0, Sum:  0.0, Workers: 8
[2025-06-17T22:38:04.363+0300][3224][19180][debug][gc,phases] GC(2)         Dead                           Min: 0, Avg:  0.0, Max: 0, Diff: 0, Sum: 0, Workers: 8
[2025-06-17T22:38:04.363+0300][3224][19180][debug][gc,phases] GC(2)         Total                          Min: 0, Avg: 46.0, Max: 128, Diff: 128, Sum: 368, Workers: 8
[2025-06-17T22:38:04.363+0300][3224][19180][debug][gc,phases] GC(2)       ObjectSynchronizer Weak        Min:  0.0, Avg:  0.0, Max:  0.0, Diff:  0.0, Sum:  0.0, Workers: 8
[2025-06-17T22:38:04.363+0300][3224][19180][debug][gc,phases] GC(2)         Dead                           Min: 0, Avg: 13.5, Max: 58, Diff: 58, Sum: 108, Workers: 8
[2025-06-17T22:38:04.363+0300][3224][19180][debug][gc,phases] GC(2)         Total                          Min: 0, Avg: 18.6, Max: 64, Diff: 64, Sum: 149, Workers: 8
[2025-06-17T22:38:04.363+0300][3224][19180][debug][gc,phases] GC(2)       JVMTI Tag Weak OopStorage      Min:  0.0, Avg:  0.0, Max:  0.0, Diff:  0.0, Sum:  0.0, Workers: 8
[2025-06-17T22:38:04.363+0300][3224][19180][debug][gc,phases] GC(2)         Dead                           Min: 0, Avg:  0.0, Max: 0, Diff: 0, Sum: 0, Workers: 8
[2025-06-17T22:38:04.363+0300][3224][19180][debug][gc,phases] GC(2)         Total                          Min: 0, Avg:  0.0, Max: 0, Diff: 0, Sum: 0, Workers: 8
[2025-06-17T22:38:04.363+0300][3224][19180][debug][gc,phases] GC(2)       StringTable Weak               Min:  0.0, Avg:  0.0, Max:  0.0, Diff:  0.0, Sum:  0.1, Workers: 8
[2025-06-17T22:38:04.363+0300][3224][19180][debug][gc,phases] GC(2)         Dead                           Min: 0, Avg:  1.0, Max: 5, Diff: 5, Sum: 8, Workers: 8
[2025-06-17T22:38:04.363+0300][3224][19180][debug][gc,phases] GC(2)         Total                          Min: 0, Avg: 752.5, Max: 1280, Diff: 1280, Sum: 6020, Workers: 8
[2025-06-17T22:38:04.363+0300][3224][19180][debug][gc,phases] GC(2)       ResolvedMethodTable Weak       Min:  0.0, Avg:  0.0, Max:  0.0, Diff:  0.0, Sum:  0.1, Workers: 8
[2025-06-17T22:38:04.363+0300][3224][19180][debug][gc,phases] GC(2)         Dead                           Min: 0, Avg: 36.4, Max: 73, Diff: 73, Sum: 291, Workers: 8
[2025-06-17T22:38:04.363+0300][3224][19180][debug][gc,phases] GC(2)         Total                          Min: 0, Avg: 108.5, Max: 192, Diff: 192, Sum: 868, Workers: 8
[2025-06-17T22:38:04.363+0300][3224][19180][debug][gc,phases] GC(2)       JNI Weak                       Min:  0.0, Avg:  0.0, Max:  0.0, Diff:  0.0, Sum:  0.0, Workers: 8
[2025-06-17T22:38:04.363+0300][3224][19180][debug][gc,phases] GC(2)         Dead                           Min: 0, Avg:  0.0, Max: 0, Diff: 0, Sum: 0, Workers: 8
[2025-06-17T22:38:04.363+0300][3224][19180][debug][gc,phases] GC(2)         Total                          Min: 0, Avg:  0.2, Max: 2, Diff: 2, Sum: 2, Workers: 8
[2025-06-17T22:38:04.363+0300][3224][19180][debug][gc,phases] GC(2)       StringDedup Table Weak         Min:  0.0, Avg:  0.0, Max:  0.0, Diff:  0.0, Sum:  0.0, Workers: 8
[2025-06-17T22:38:04.363+0300][3224][19180][debug][gc,phases] GC(2)         Dead                           Min: 0, Avg:  0.0, Max: 0, Diff: 0, Sum: 0, Workers: 8
[2025-06-17T22:38:04.363+0300][3224][19180][debug][gc,phases] GC(2)         Total                          Min: 0, Avg:  0.0, Max: 0, Diff: 0, Sum: 0, Workers: 8
[2025-06-17T22:38:04.363+0300][3224][19180][debug][gc,phases] GC(2)       StringDedup Requests0 Weak     Min:  0.0, Avg:  0.0, Max:  0.0, Diff:  0.0, Sum:  0.0, Workers: 8
[2025-06-17T22:38:04.363+0300][3224][19180][debug][gc,phases] GC(2)         Dead                           Min: 0, Avg:  0.0, Max: 0, Diff: 0, Sum: 0, Workers: 8
[2025-06-17T22:38:04.363+0300][3224][19180][debug][gc,phases] GC(2)         Total                          Min: 0, Avg:  0.0, Max: 0, Diff: 0, Sum: 0, Workers: 8
[2025-06-17T22:38:04.363+0300][3224][19180][debug][gc,phases] GC(2)       StringDedup Requests1 Weak     Min:  0.0, Avg:  0.0, Max:  0.0, Diff:  0.0, Sum:  0.0, Workers: 8
[2025-06-17T22:38:04.363+0300][3224][19180][debug][gc,phases] GC(2)         Dead                           Min: 0, Avg:  0.0, Max: 0, Diff: 0, Sum: 0, Workers: 8
[2025-06-17T22:38:04.363+0300][3224][19180][debug][gc,phases] GC(2)         Total                          Min: 0, Avg:  0.0, Max: 0, Diff: 0, Sum: 0, Workers: 8
[2025-06-17T22:38:04.363+0300][3224][19180][debug][gc,phases] GC(2)       Weak JFR Old Object Samples    Min:  0.0, Avg:  0.0, Max:  0.0, Diff:  0.0, Sum:  0.0, Workers: 8
[2025-06-17T22:38:04.363+0300][3224][19180][debug][gc,phases] GC(2)         Dead                           Min: 0, Avg:  0.0, Max: 0, Diff: 0, Sum: 0, Workers: 8
[2025-06-17T22:38:04.363+0300][3224][19180][debug][gc,phases] GC(2)         Total                          Min: 0, Avg:  0.0, Max: 0, Diff: 0, Sum: 0, Workers: 8
[2025-06-17T22:38:04.363+0300][3224][19180][debug][gc,phases] GC(2)     Post Evacuate Cleanup 1: 0.0ms
[2025-06-17T22:38:04.363+0300][3224][19180][debug][gc,phases] GC(2)       Merge Per-Thread State (ms):   Min:  0.0, Avg:  0.0, Max:  0.0, Diff:  0.0, Sum:  0.0, Workers: 1
[2025-06-17T22:38:04.363+0300][3224][19180][debug][gc,phases] GC(2)         Copied Bytes                   Min: 40776, Avg: 198638.0, Max: 339368, Diff: 298592, Sum: 1589104, Workers: 8
[2025-06-17T22:38:04.363+0300][3224][19180][debug][gc,phases] GC(2)         LAB Waste                      Min: 0, Avg: 1032.0, Max: 3352, Diff: 3352, Sum: 8256, Workers: 8
[2025-06-17T22:38:04.363+0300][3224][19180][debug][gc,phases] GC(2)         LAB Undo Waste                 Min: 0, Avg:  0.0, Max: 0, Diff: 0, Sum: 0, Workers: 8
[2025-06-17T22:38:04.363+0300][3224][19180][debug][gc,phases] GC(2)       Clear Logged Cards (ms):       Min:  0.0, Avg:  0.0, Max:  0.0, Diff:  0.0, Sum:  0.0, Workers: 3
[2025-06-17T22:38:04.363+0300][3224][19180][debug][gc,phases] GC(2)       Recalculate Used Memory (ms):  Min:  0.0, Avg:  0.0, Max:  0.0, Diff:  0.0, Sum:  0.0, Workers: 1
[2025-06-17T22:38:04.363+0300][3224][19180][debug][gc,phases] GC(2)     Post Evacuate Cleanup 2: 0.1ms
[2025-06-17T22:38:04.363+0300][3224][19180][debug][gc,phases] GC(2)       Update Derived Pointers (ms):  Min:  0.0, Avg:  0.0, Max:  0.0, Diff:  0.0, Sum:  0.0, Workers: 1
[2025-06-17T22:38:04.363+0300][3224][19180][debug][gc,phases] GC(2)       Eagerly Reclaim Humongous Objects (ms): Min:  0.0, Avg:  0.0, Max:  0.0, Diff:  0.0, Sum:  0.0, Workers: 1
[2025-06-17T22:38:04.363+0300][3224][19180][debug][gc,phases] GC(2)         Humongous Total                Min: 3, Avg:  3.0, Max: 3, Diff: 0, Sum: 3, Workers: 1
[2025-06-17T22:38:04.363+0300][3224][19180][debug][gc,phases] GC(2)         Humongous Candidates           Min: 3, Avg:  3.0, Max: 3, Diff: 0, Sum: 3, Workers: 1
[2025-06-17T22:38:04.363+0300][3224][19180][debug][gc,phases] GC(2)         Humongous Reclaimed            Min: 0, Avg:  0.0, Max: 0, Diff: 0, Sum: 0, Workers: 1
[2025-06-17T22:38:04.363+0300][3224][19180][debug][gc,phases] GC(2)       Redirty Logged Cards (ms):     Min:  0.0, Avg:  0.0, Max:  0.0, Diff:  0.0, Sum:  0.0, Workers: 8
[2025-06-17T22:38:04.363+0300][3224][19180][debug][gc,phases] GC(2)         Redirtied Cards:               Min: 0, Avg: 28.0, Max: 224, Diff: 224, Sum: 224, Workers: 8
[2025-06-17T22:38:04.363+0300][3224][19180][debug][gc,phases] GC(2)       Resize TLABs (ms):             Min:  0.0, Avg:  0.0, Max:  0.0, Diff:  0.0, Sum:  0.0, Workers: 8
[2025-06-17T22:38:04.363+0300][3224][19180][debug][gc,phases] GC(2)       Free Collection Set (ms):      Min:  0.0, Avg:  0.0, Max:  0.0, Diff:  0.0, Sum:  0.2, Workers: 8
[2025-06-17T22:38:04.363+0300][3224][19180][debug][gc,phases] GC(2)     Rebuild Free List: 0.0ms
[2025-06-17T22:38:04.363+0300][3224][19180][debug][gc,phases] GC(2)     Prepare For Mutator: 0.0ms
[2025-06-17T22:38:04.363+0300][3224][19180][debug][gc,phases] GC(2)     Expand Heap After Collection: 0.0ms
[2025-06-17T22:38:04.363+0300][3224][19180][info ][gc,phases] GC(2)   Other: 0.1ms
[2025-06-17T22:38:04.363+0300][3224][19180][info ][gc,heap  ] GC(2) Eden regions: 113->0(380)
[2025-06-17T22:38:04.363+0300][3224][19180][info ][gc,heap  ] GC(2) Survivor regions: 0->2(15)
[2025-06-17T22:38:04.363+0300][3224][19180][info ][gc,heap  ] GC(2) Old regions: 10->10
[2025-06-17T22:38:04.363+0300][3224][19180][info ][gc,heap  ] GC(2) Humongous regions: 9->9
[2025-06-17T22:38:04.363+0300][3224][19180][debug][gc,heap  ] GC(2) Heap after GC invocations=3 (full 1):
[2025-06-17T22:38:04.363+0300][3224][19180][debug][gc,heap  ] GC(2)  garbage-first heap   total 2097152K, used 13879K [0x0000000080000000, 0x0000000100000000)
[2025-06-17T22:38:04.363+0300][3224][19180][debug][gc,heap  ] GC(2)   region size 1024K, 2 young (2048K), 2 survivors (2048K)
[2025-06-17T22:38:04.363+0300][3224][19180][debug][gc,heap  ] GC(2)  Metaspace       used 8802K, committed 9344K, reserved 1114112K
[2025-06-17T22:38:04.363+0300][3224][19180][debug][gc,heap  ] GC(2)   class space    used 975K, committed 1216K, reserved 1048576K
[2025-06-17T22:38:04.363+0300][3224][19180][info ][gc       ] GC(2) Pause Young (Normal) (G1 Evacuation Pause) 124M->13M(2048M) 3.166ms
[2025-06-17T22:38:04.363+0300][3224][19180][info ][safepoint] Safepoint "G1CollectForAllocation", Time since last: 211558500 ns, Reaching safepoint: 139700 ns, Cleanup: 70700 ns, At safepoint: 3215300 ns, Total: 3425700 ns
[2025-06-17T22:38:04.707+0300][3224][19180][debug][safepoint] Safepoint synchronization initiated using striped semaphore wait barrier. (21 threads)
[2025-06-17T22:38:04.707+0300][3224][13220][debug][safepoint] ... found polling page loop exception at pc = 0x00000275901bda60, stub =0x000002758fbb5d80
[2025-06-17T22:38:04.707+0300][3224][22456][debug][safepoint] ... found polling page loop exception at pc = 0x00000275901bda60, stub =0x000002758fbb5d80
[2025-06-17T22:38:04.707+0300][3224][18932][debug][safepoint] ... found polling page loop exception at pc = 0x00000275901bda60, stub =0x000002758fbb5d80
[2025-06-17T22:38:04.707+0300][3224][19180][debug][gc,heap  ] GC(3) Heap before GC invocations=3 (full 1):
[2025-06-17T22:38:04.707+0300][3224][19180][debug][gc,heap  ] GC(3)  garbage-first heap   total 2097152K, used 402999K [0x0000000080000000, 0x0000000100000000)
[2025-06-17T22:38:04.707+0300][3224][19180][debug][gc,heap  ] GC(3)   region size 1024K, 382 young (391168K), 2 survivors (2048K)
[2025-06-17T22:38:04.707+0300][3224][19180][debug][gc,heap  ] GC(3)  Metaspace       used 8833K, committed 9344K, reserved 1114112K
[2025-06-17T22:38:04.707+0300][3224][19180][debug][gc,heap  ] GC(3)   class space    used 975K, committed 1216K, reserved 1048576K
[2025-06-17T22:38:04.707+0300][3224][19180][info ][gc,phases] GC(3)   Pre Evacuate Collection Set: 0.3ms
[2025-06-17T22:38:04.707+0300][3224][19180][debug][gc,phases] GC(3)     Pre Evacuate Prepare: 0.0ms
[2025-06-17T22:38:04.707+0300][3224][19180][debug][gc,phases] GC(3)       JT Retire TLABs And Flush Logs (ms): Min:  0.0, Avg:  0.0, Max:  0.0, Diff:  0.0, Sum:  0.0, Workers: 2
[2025-06-17T22:38:04.707+0300][3224][19180][debug][gc,phases] GC(3)       Non-JT Flush Logs (ms):        Min:  0.0, Avg:  0.0, Max:  0.0, Diff:  0.0, Sum:  0.0, Workers: 1
[2025-06-17T22:38:04.707+0300][3224][19180][debug][gc,phases] GC(3)     Choose Collection Set: 0.0ms
[2025-06-17T22:38:04.707+0300][3224][19180][debug][gc,phases] GC(3)     Region Register: 0.2ms
[2025-06-17T22:38:04.707+0300][3224][19180][debug][gc,phases] GC(3)     Prepare Heap Roots: 0.0ms
[2025-06-17T22:38:04.707+0300][3224][19180][info ][gc,phases] GC(3)   Merge Heap Roots: 0.1ms
[2025-06-17T22:38:04.707+0300][3224][19180][debug][gc,phases] GC(3)     Prepare Merge Heap Roots: 0.0ms
[2025-06-17T22:38:04.707+0300][3224][19180][debug][gc,phases] GC(3)     Remembered Sets (ms):          Min:  0.0, Avg:  0.0, Max:  0.0, Diff:  0.0, Sum:  0.2, Workers: 8
[2025-06-17T22:38:04.707+0300][3224][19180][debug][gc,phases] GC(3)       Eager Reclaim (ms):            Min:  0.0, Avg:  0.0, Max:  0.0, Diff:  0.0, Sum:  0.0, Workers: 1
[2025-06-17T22:38:04.707+0300][3224][19180][debug][gc,phases] GC(3)       Merged Inline                  Min: 0, Avg:  0.0, Max: 0, Diff: 0, Sum: 0, Workers: 8
[2025-06-17T22:38:04.707+0300][3224][19180][debug][gc,phases] GC(3)       Merged ArrayOfCards            Min: 0, Avg:  0.0, Max: 0, Diff: 0, Sum: 0, Workers: 8
[2025-06-17T22:38:04.707+0300][3224][19180][debug][gc,phases] GC(3)       Merged Howl                    Min: 0, Avg:  0.0, Max: 0, Diff: 0, Sum: 0, Workers: 8
[2025-06-17T22:38:04.707+0300][3224][19180][debug][gc,phases] GC(3)       Merged Full                    Min: 0, Avg:  0.0, Max: 0, Diff: 0, Sum: 0, Workers: 8
[2025-06-17T22:38:04.707+0300][3224][19180][debug][gc,phases] GC(3)       Merged Howl Inline             Min: 0, Avg:  0.0, Max: 0, Diff: 0, Sum: 0, Workers: 8
[2025-06-17T22:38:04.707+0300][3224][19180][debug][gc,phases] GC(3)       Merged Howl ArrayOfCards       Min: 0, Avg:  0.0, Max: 0, Diff: 0, Sum: 0, Workers: 8
[2025-06-17T22:38:04.707+0300][3224][19180][debug][gc,phases] GC(3)       Merged Howl BitMap             Min: 0, Avg:  0.0, Max: 0, Diff: 0, Sum: 0, Workers: 8
[2025-06-17T22:38:04.707+0300][3224][19180][debug][gc,phases] GC(3)       Merged Howl Full               Min: 0, Avg:  0.0, Max: 0, Diff: 0, Sum: 0, Workers: 8
[2025-06-17T22:38:04.707+0300][3224][19180][debug][gc,phases] GC(3)       Merged Cards                   Min: 8, Avg:  9.0, Max: 16, Diff: 8, Sum: 72, Workers: 8
[2025-06-17T22:38:04.707+0300][3224][19180][debug][gc,phases] GC(3)     Log Buffers (ms):              Min:  0.0, Avg:  0.0, Max:  0.0, Diff:  0.0, Sum:  0.0, Workers: 8
[2025-06-17T22:38:04.707+0300][3224][19180][debug][gc,phases] GC(3)       Dirty Cards:                   Min: 0, Avg: 28.5, Max: 92, Diff: 92, Sum: 228, Workers: 8
[2025-06-17T22:38:04.707+0300][3224][19180][debug][gc,phases] GC(3)       Skipped Cards:                 Min: 0, Avg:  0.0, Max: 0, Diff: 0, Sum: 0, Workers: 8
[2025-06-17T22:38:04.707+0300][3224][19180][info ][gc,phases] GC(3)   Evacuate Collection Set: 1.1ms
[2025-06-17T22:38:04.707+0300][3224][19180][debug][gc,phases] GC(3)     Ext Root Scanning (ms):        Min:  0.0, Avg:  0.1, Max:  0.4, Diff:  0.4, Sum:  0.9, Workers: 8
[2025-06-17T22:38:04.707+0300][3224][19180][debug][gc,phases] GC(3)     Scan Heap Roots (ms):          Min:  0.0, Avg:  0.0, Max:  0.1, Diff:  0.1, Sum:  0.3, Workers: 8
[2025-06-17T22:38:04.707+0300][3224][19180][debug][gc,phases] GC(3)       Scanned Cards:                 Min: 0, Avg: 28.2, Max: 80, Diff: 80, Sum: 226, Workers: 8
[2025-06-17T22:38:04.707+0300][3224][19180][debug][gc,phases] GC(3)       Scanned Blocks:                Min: 0, Avg: 17.1, Max: 44, Diff: 44, Sum: 137, Workers: 8
[2025-06-17T22:38:04.707+0300][3224][19180][debug][gc,phases] GC(3)       Claimed Chunks:                Min: 0, Avg:  6.9, Max: 18, Diff: 18, Sum: 55, Workers: 8
[2025-06-17T22:38:04.707+0300][3224][19180][debug][gc,phases] GC(3)       Found Roots:                   Min: 0, Avg: 160.1, Max: 505, Diff: 505, Sum: 1281, Workers: 8
[2025-06-17T22:38:04.707+0300][3224][19180][debug][gc,phases] GC(3)     Code Root Scan (ms):           Min:  0.0, Avg:  0.2, Max:  0.5, Diff:  0.5, Sum:  1.8, Workers: 8
[2025-06-17T22:38:04.707+0300][3224][19180][debug][gc,phases] GC(3)       Scanned Nmethods               Min: 0, Avg: 36.0, Max: 81, Diff: 81, Sum: 288, Workers: 8
[2025-06-17T22:38:04.707+0300][3224][19180][debug][gc,phases] GC(3)     Object Copy (ms):              Min:  0.0, Avg:  0.3, Max:  0.6, Diff:  0.6, Sum:  2.7, Workers: 8
[2025-06-17T22:38:04.707+0300][3224][19180][debug][gc,phases] GC(3)     Termination (ms):              Min:  0.0, Avg:  0.1, Max:  0.1, Diff:  0.1, Sum:  0.5, Workers: 8
[2025-06-17T22:38:04.707+0300][3224][19180][debug][gc,phases] GC(3)       Termination Attempts:          Min: 1, Avg:  1.0, Max: 1, Diff: 0, Sum: 8, Workers: 8
[2025-06-17T22:38:04.707+0300][3224][19180][debug][gc,phases] GC(3)     GC Worker Other (ms):          Min:  0.0, Avg:  0.0, Max:  0.0, Diff:  0.0, Sum:  0.2, Workers: 8
[2025-06-17T22:38:04.707+0300][3224][19180][debug][gc,phases] GC(3)     GC Worker Total (ms):          Min:  0.1, Avg:  0.8, Max:  1.0, Diff:  1.0, Sum:  6.4, Workers: 8
[2025-06-17T22:38:04.707+0300][3224][19180][info ][gc,phases] GC(3)   Post Evacuate Collection Set: 0.6ms
[2025-06-17T22:38:04.707+0300][3224][19180][debug][gc,phases] GC(3)     NMethod List Cleanup: 0.0ms
[2025-06-17T22:38:04.707+0300][3224][19180][debug][gc,phases] GC(3)     Reference Processing: 0.1ms
[2025-06-17T22:38:04.707+0300][3224][19180][debug][gc,phases] GC(3)     Weak Processing: 0.1ms
[2025-06-17T22:38:04.707+0300][3224][19180][debug][gc,phases] GC(3)       VM Weak                        Min:  0.0, Avg:  0.0, Max:  0.0, Diff:  0.0, Sum:  0.0, Workers: 8
[2025-06-17T22:38:04.707+0300][3224][19180][debug][gc,phases] GC(3)         Dead                           Min: 0, Avg:  0.0, Max: 0, Diff: 0, Sum: 0, Workers: 8
[2025-06-17T22:38:04.707+0300][3224][19180][debug][gc,phases] GC(3)         Total                          Min: 0, Avg: 46.0, Max: 128, Diff: 128, Sum: 368, Workers: 8
[2025-06-17T22:38:04.707+0300][3224][19180][debug][gc,phases] GC(3)       ObjectSynchronizer Weak        Min:  0.0, Avg:  0.0, Max:  0.0, Diff:  0.0, Sum:  0.0, Workers: 8
[2025-06-17T22:38:04.707+0300][3224][19180][debug][gc,phases] GC(3)         Dead                           Min: 0, Avg:  0.0, Max: 0, Diff: 0, Sum: 0, Workers: 8
[2025-06-17T22:38:04.707+0300][3224][19180][debug][gc,phases] GC(3)         Total                          Min: 0, Avg: 18.6, Max: 85, Diff: 85, Sum: 149, Workers: 8
[2025-06-17T22:38:04.707+0300][3224][19180][debug][gc,phases] GC(3)       JVMTI Tag Weak OopStorage      Min:  0.0, Avg:  0.0, Max:  0.0, Diff:  0.0, Sum:  0.0, Workers: 8
[2025-06-17T22:38:04.707+0300][3224][19180][debug][gc,phases] GC(3)         Dead                           Min: 0, Avg:  0.0, Max: 0, Diff: 0, Sum: 0, Workers: 8
[2025-06-17T22:38:04.707+0300][3224][19180][debug][gc,phases] GC(3)         Total                          Min: 0, Avg:  0.0, Max: 0, Diff: 0, Sum: 0, Workers: 8
[2025-06-17T22:38:04.707+0300][3224][19180][debug][gc,phases] GC(3)       StringTable Weak               Min:  0.0, Avg:  0.0, Max:  0.0, Diff:  0.0, Sum:  0.1, Workers: 8
[2025-06-17T22:38:04.707+0300][3224][19180][debug][gc,phases] GC(3)         Dead                           Min: 0, Avg:  0.0, Max: 0, Diff: 0, Sum: 0, Workers: 8
[2025-06-17T22:38:04.707+0300][3224][19180][debug][gc,phases] GC(3)         Total                          Min: 0, Avg: 761.6, Max: 1344, Diff: 1344, Sum: 6093, Workers: 8
[2025-06-17T22:38:04.707+0300][3224][19180][debug][gc,phases] GC(3)       ResolvedMethodTable Weak       Min:  0.0, Avg:  0.0, Max:  0.0, Diff:  0.0, Sum:  0.0, Workers: 8
[2025-06-17T22:38:04.707+0300][3224][19180][debug][gc,phases] GC(3)         Dead                           Min: 0, Avg:  0.0, Max: 0, Diff: 0, Sum: 0, Workers: 8
[2025-06-17T22:38:04.707+0300][3224][19180][debug][gc,phases] GC(3)         Total                          Min: 0, Avg: 108.5, Max: 256, Diff: 256, Sum: 868, Workers: 8
[2025-06-17T22:38:04.707+0300][3224][19180][debug][gc,phases] GC(3)       JNI Weak                       Min:  0.0, Avg:  0.0, Max:  0.0, Diff:  0.0, Sum:  0.0, Workers: 8
[2025-06-17T22:38:04.707+0300][3224][19180][debug][gc,phases] GC(3)         Dead                           Min: 0, Avg:  0.0, Max: 0, Diff: 0, Sum: 0, Workers: 8
[2025-06-17T22:38:04.707+0300][3224][19180][debug][gc,phases] GC(3)         Total                          Min: 0, Avg:  3.2, Max: 26, Diff: 26, Sum: 26, Workers: 8
[2025-06-17T22:38:04.707+0300][3224][19180][debug][gc,phases] GC(3)       StringDedup Table Weak         Min:  0.0, Avg:  0.0, Max:  0.0, Diff:  0.0, Sum:  0.0, Workers: 8
[2025-06-17T22:38:04.707+0300][3224][19180][debug][gc,phases] GC(3)         Dead                           Min: 0, Avg:  0.0, Max: 0, Diff: 0, Sum: 0, Workers: 8
[2025-06-17T22:38:04.707+0300][3224][19180][debug][gc,phases] GC(3)         Total                          Min: 0, Avg:  0.0, Max: 0, Diff: 0, Sum: 0, Workers: 8
[2025-06-17T22:38:04.707+0300][3224][19180][debug][gc,phases] GC(3)       StringDedup Requests0 Weak     Min:  0.0, Avg:  0.0, Max:  0.0, Diff:  0.0, Sum:  0.0, Workers: 8
[2025-06-17T22:38:04.707+0300][3224][19180][debug][gc,phases] GC(3)         Dead                           Min: 0, Avg:  0.0, Max: 0, Diff: 0, Sum: 0, Workers: 8
[2025-06-17T22:38:04.707+0300][3224][19180][debug][gc,phases] GC(3)         Total                          Min: 0, Avg:  0.0, Max: 0, Diff: 0, Sum: 0, Workers: 8
[2025-06-17T22:38:04.707+0300][3224][19180][debug][gc,phases] GC(3)       StringDedup Requests1 Weak     Min:  0.0, Avg:  0.0, Max:  0.0, Diff:  0.0, Sum:  0.0, Workers: 8
[2025-06-17T22:38:04.707+0300][3224][19180][debug][gc,phases] GC(3)         Dead                           Min: 0, Avg:  0.0, Max: 0, Diff: 0, Sum: 0, Workers: 8
[2025-06-17T22:38:04.707+0300][3224][19180][debug][gc,phases] GC(3)         Total                          Min: 0, Avg:  0.0, Max: 0, Diff: 0, Sum: 0, Workers: 8
[2025-06-17T22:38:04.707+0300][3224][19180][debug][gc,phases] GC(3)       Weak JFR Old Object Samples    Min:  0.0, Avg:  0.0, Max:  0.0, Diff:  0.0, Sum:  0.0, Workers: 8
[2025-06-17T22:38:04.707+0300][3224][19180][debug][gc,phases] GC(3)         Dead                           Min: 0, Avg:  0.0, Max: 0, Diff: 0, Sum: 0, Workers: 8
[2025-06-17T22:38:04.707+0300][3224][19180][debug][gc,phases] GC(3)         Total                          Min: 0, Avg:  0.0, Max: 0, Diff: 0, Sum: 0, Workers: 8
[2025-06-17T22:38:04.707+0300][3224][19180][debug][gc,phases] GC(3)     Post Evacuate Cleanup 1: 0.2ms
[2025-06-17T22:38:04.707+0300][3224][19180][debug][gc,phases] GC(3)       Merge Per-Thread State (ms):   Min:  0.0, Avg:  0.0, Max:  0.0, Diff:  0.0, Sum:  0.0, Workers: 1
[2025-06-17T22:38:04.707+0300][3224][19180][debug][gc,phases] GC(3)         Copied Bytes                   Min: 0, Avg: 196761.0, Max: 435584, Diff: 435584, Sum: 1574088, Workers: 8
[2025-06-17T22:38:04.707+0300][3224][19180][debug][gc,phases] GC(3)         LAB Waste                      Min: 0, Avg: 322.0, Max: 800, Diff: 800, Sum: 2576, Workers: 8
[2025-06-17T22:38:04.707+0300][3224][19180][debug][gc,phases] GC(3)         LAB Undo Waste                 Min: 0, Avg: 35332.0, Max: 141328, Diff: 141328, Sum: 282656, Workers: 8
[2025-06-17T22:38:04.707+0300][3224][19180][debug][gc,phases] GC(3)       Clear Logged Cards (ms):       Min:  0.0, Avg:  0.0, Max:  0.1, Diff:  0.1, Sum:  0.1, Workers: 3
[2025-06-17T22:38:04.707+0300][3224][19180][debug][gc,phases] GC(3)       Recalculate Used Memory (ms):  Min:  0.0, Avg:  0.0, Max:  0.0, Diff:  0.0, Sum:  0.0, Workers: 1
[2025-06-17T22:38:04.707+0300][3224][19180][debug][gc,phases] GC(3)     Post Evacuate Cleanup 2: 0.2ms
[2025-06-17T22:38:04.707+0300][3224][19180][debug][gc,phases] GC(3)       Update Derived Pointers (ms):  Min:  0.0, Avg:  0.0, Max:  0.0, Diff:  0.0, Sum:  0.0, Workers: 1
[2025-06-17T22:38:04.707+0300][3224][19180][debug][gc,phases] GC(3)       Eagerly Reclaim Humongous Objects (ms): Min:  0.0, Avg:  0.0, Max:  0.0, Diff:  0.0, Sum:  0.0, Workers: 1
[2025-06-17T22:38:04.707+0300][3224][19180][debug][gc,phases] GC(3)         Humongous Total                Min: 3, Avg:  3.0, Max: 3, Diff: 0, Sum: 3, Workers: 1
[2025-06-17T22:38:04.707+0300][3224][19180][debug][gc,phases] GC(3)         Humongous Candidates           Min: 3, Avg:  3.0, Max: 3, Diff: 0, Sum: 3, Workers: 1
[2025-06-17T22:38:04.707+0300][3224][19180][debug][gc,phases] GC(3)         Humongous Reclaimed            Min: 0, Avg:  0.0, Max: 0, Diff: 0, Sum: 0, Workers: 1
[2025-06-17T22:38:04.707+0300][3224][19180][debug][gc,phases] GC(3)       Redirty Logged Cards (ms):     Min:  0.0, Avg:  0.0, Max:  0.0, Diff:  0.0, Sum:  0.0, Workers: 8
[2025-06-17T22:38:04.707+0300][3224][19180][debug][gc,phases] GC(3)         Redirtied Cards:               Min: 0, Avg: 28.0, Max: 79, Diff: 79, Sum: 224, Workers: 8
[2025-06-17T22:38:04.707+0300][3224][19180][debug][gc,phases] GC(3)       Resize TLABs (ms):             Min:  0.0, Avg:  0.0, Max:  0.0, Diff:  0.0, Sum:  0.0, Workers: 8
[2025-06-17T22:38:04.707+0300][3224][19180][debug][gc,phases] GC(3)       Free Collection Set (ms):      Min:  0.0, Avg:  0.1, Max:  0.1, Diff:  0.1, Sum:  0.5, Workers: 8
[2025-06-17T22:38:04.707+0300][3224][19180][debug][gc,phases] GC(3)     Rebuild Free List: 0.1ms
[2025-06-17T22:38:04.707+0300][3224][19180][debug][gc,phases] GC(3)     Prepare For Mutator: 0.0ms
[2025-06-17T22:38:04.707+0300][3224][19180][debug][gc,phases] GC(3)     Expand Heap After Collection: 0.0ms
[2025-06-17T22:38:04.707+0300][3224][19180][info ][gc,phases] GC(3)   Other: 0.2ms
[2025-06-17T22:38:04.707+0300][3224][19180][info ][gc,heap  ] GC(3) Eden regions: 380->0(1226)
[2025-06-17T22:38:04.707+0300][3224][19180][info ][gc,heap  ] GC(3) Survivor regions: 2->2(48)
[2025-06-17T22:38:04.707+0300][3224][19180][info ][gc,heap  ] GC(3) Old regions: 10->10
[2025-06-17T22:38:04.707+0300][3224][19180][info ][gc,heap  ] GC(3) Humongous regions: 9->9
[2025-06-17T22:38:04.707+0300][3224][19180][debug][gc,heap  ] GC(3) Heap after GC invocations=4 (full 1):
[2025-06-17T22:38:04.707+0300][3224][19180][debug][gc,heap  ] GC(3)  garbage-first heap   total 2097152K, used 14169K [0x0000000080000000, 0x0000000100000000)
[2025-06-17T22:38:04.707+0300][3224][19180][debug][gc,heap  ] GC(3)   region size 1024K, 2 young (2048K), 2 survivors (2048K)
[2025-06-17T22:38:04.707+0300][3224][19180][debug][gc,heap  ] GC(3)  Metaspace       used 8833K, committed 9344K, reserved 1114112K
[2025-06-17T22:38:04.707+0300][3224][19180][debug][gc,heap  ] GC(3)   class space    used 975K, committed 1216K, reserved 1048576K
[2025-06-17T22:38:04.707+0300][3224][19180][info ][gc       ] GC(3) Pause Young (Normal) (G1 Evacuation Pause) 393M->13M(2048M) 3.895ms
[2025-06-17T22:38:04.712+0300][3224][19180][info ][safepoint] Safepoint "G1CollectForAllocation", Time since last: 342150400 ns, Reaching safepoint: 252900 ns, Cleanup: 38600 ns, At safepoint: 3964500 ns, Total: 4256000 ns
[2025-06-17T22:38:05.315+0300][3224][19180][debug][safepoint] Safepoint synchronization initiated using striped semaphore wait barrier. (21 threads)
[2025-06-17T22:38:05.315+0300][3224][1792 ][debug][safepoint] ... found polling page loop exception at pc = 0x000002759025ab28, stub =0x000002758fbb5d80
[2025-06-17T22:38:05.315+0300][3224][13220][debug][safepoint] ... found polling page loop exception at pc = 0x000002759025a9df, stub =0x000002758fbb5d80
[2025-06-17T22:38:05.315+0300][3224][22456][debug][safepoint] ... found polling page loop exception at pc = 0x00000275901e2f8a, stub =0x000002758fbb6600
[2025-06-17T22:38:05.315+0300][3224][11072][debug][safepoint] ... found polling page loop exception at pc = 0x0000027590200715, stub =0x000002758fbb6600
[2025-06-17T22:38:05.315+0300][3224][19180][debug][gc,heap  ] GC(4) Heap before GC invocations=4 (full 1):
[2025-06-17T22:38:05.315+0300][3224][19180][debug][gc,heap  ] GC(4)  garbage-first heap   total 2097152K, used 1269593K [0x0000000080000000, 0x0000000100000000)
[2025-06-17T22:38:05.315+0300][3224][19180][debug][gc,heap  ] GC(4)   region size 1024K, 1228 young (1257472K), 2 survivors (2048K)
[2025-06-17T22:38:05.315+0300][3224][19180][debug][gc,heap  ] GC(4)  Metaspace       used 8907K, committed 9472K, reserved 1114112K
[2025-06-17T22:38:05.315+0300][3224][19180][debug][gc,heap  ] GC(4)   class space    used 978K, committed 1216K, reserved 1048576K
[2025-06-17T22:38:05.319+0300][3224][19180][info ][gc,phases] GC(4)   Pre Evacuate Collection Set: 0.3ms
[2025-06-17T22:38:05.319+0300][3224][19180][debug][gc,phases] GC(4)     Pre Evacuate Prepare: 0.0ms
[2025-06-17T22:38:05.319+0300][3224][19180][debug][gc,phases] GC(4)       JT Retire TLABs And Flush Logs (ms): Min:  0.0, Avg:  0.0, Max:  0.0, Diff:  0.0, Sum:  0.0, Workers: 2
[2025-06-17T22:38:05.319+0300][3224][19180][debug][gc,phases] GC(4)       Non-JT Flush Logs (ms):        Min:  0.0, Avg:  0.0, Max:  0.0, Diff:  0.0, Sum:  0.0, Workers: 1
[2025-06-17T22:38:05.319+0300][3224][19180][debug][gc,phases] GC(4)     Choose Collection Set: 0.0ms
[2025-06-17T22:38:05.319+0300][3224][19180][debug][gc,phases] GC(4)     Region Register: 0.3ms
[2025-06-17T22:38:05.319+0300][3224][19180][debug][gc,phases] GC(4)     Prepare Heap Roots: 0.0ms
[2025-06-17T22:38:05.319+0300][3224][19180][info ][gc,phases] GC(4)   Merge Heap Roots: 0.1ms
[2025-06-17T22:38:05.319+0300][3224][19180][debug][gc,phases] GC(4)     Prepare Merge Heap Roots: 0.0ms
[2025-06-17T22:38:05.319+0300][3224][19180][debug][gc,phases] GC(4)     Remembered Sets (ms):          Min:  0.0, Avg:  0.1, Max:  0.1, Diff:  0.1, Sum:  0.6, Workers: 8
[2025-06-17T22:38:05.319+0300][3224][19180][debug][gc,phases] GC(4)       Eager Reclaim (ms):            Min:  0.0, Avg:  0.0, Max:  0.0, Diff:  0.0, Sum:  0.0, Workers: 1
[2025-06-17T22:38:05.319+0300][3224][19180][debug][gc,phases] GC(4)       Merged Inline                  Min: 0, Avg:  0.0, Max: 0, Diff: 0, Sum: 0, Workers: 8
[2025-06-17T22:38:05.319+0300][3224][19180][debug][gc,phases] GC(4)       Merged ArrayOfCards            Min: 0, Avg:  0.0, Max: 0, Diff: 0, Sum: 0, Workers: 8
[2025-06-17T22:38:05.319+0300][3224][19180][debug][gc,phases] GC(4)       Merged Howl                    Min: 0, Avg:  0.0, Max: 0, Diff: 0, Sum: 0, Workers: 8
[2025-06-17T22:38:05.319+0300][3224][19180][debug][gc,phases] GC(4)       Merged Full                    Min: 0, Avg:  0.0, Max: 0, Diff: 0, Sum: 0, Workers: 8
[2025-06-17T22:38:05.319+0300][3224][19180][debug][gc,phases] GC(4)       Merged Howl Inline             Min: 0, Avg:  0.0, Max: 0, Diff: 0, Sum: 0, Workers: 8
[2025-06-17T22:38:05.319+0300][3224][19180][debug][gc,phases] GC(4)       Merged Howl ArrayOfCards       Min: 0, Avg:  0.0, Max: 0, Diff: 0, Sum: 0, Workers: 8
[2025-06-17T22:38:05.319+0300][3224][19180][debug][gc,phases] GC(4)       Merged Howl BitMap             Min: 0, Avg:  0.0, Max: 0, Diff: 0, Sum: 0, Workers: 8
[2025-06-17T22:38:05.319+0300][3224][19180][debug][gc,phases] GC(4)       Merged Howl Full               Min: 0, Avg:  0.0, Max: 0, Diff: 0, Sum: 0, Workers: 8
[2025-06-17T22:38:05.319+0300][3224][19180][debug][gc,phases] GC(4)       Merged Cards                   Min: 8, Avg:  9.0, Max: 16, Diff: 8, Sum: 72, Workers: 8
[2025-06-17T22:38:05.319+0300][3224][19180][debug][gc,phases] GC(4)     Log Buffers (ms):              Min:  0.0, Avg:  0.0, Max:  0.0, Diff:  0.0, Sum:  0.0, Workers: 8
[2025-06-17T22:38:05.319+0300][3224][19180][debug][gc,phases] GC(4)       Dirty Cards:                   Min: 0, Avg: 29.0, Max: 82, Diff: 82, Sum: 232, Workers: 8
[2025-06-17T22:38:05.319+0300][3224][19180][debug][gc,phases] GC(4)       Skipped Cards:                 Min: 0, Avg:  0.0, Max: 0, Diff: 0, Sum: 0, Workers: 8
[2025-06-17T22:38:05.319+0300][3224][19180][info ][gc,phases] GC(4)   Evacuate Collection Set: 1.1ms
[2025-06-17T22:38:05.319+0300][3224][19180][debug][gc,phases] GC(4)     Ext Root Scanning (ms):        Min:  0.0, Avg:  0.1, Max:  0.5, Diff:  0.5, Sum:  0.9, Workers: 8
[2025-06-17T22:38:05.319+0300][3224][19180][debug][gc,phases] GC(4)     Scan Heap Roots (ms):          Min:  0.0, Avg:  0.0, Max:  0.1, Diff:  0.1, Sum:  0.2, Workers: 8
[2025-06-17T22:38:05.319+0300][3224][19180][debug][gc,phases] GC(4)       Scanned Cards:                 Min: 0, Avg: 29.0, Max: 69, Diff: 69, Sum: 232, Workers: 8
[2025-06-17T22:38:05.319+0300][3224][19180][debug][gc,phases] GC(4)       Scanned Blocks:                Min: 0, Avg: 17.5, Max: 54, Diff: 54, Sum: 140, Workers: 8
[2025-06-17T22:38:05.319+0300][3224][19180][debug][gc,phases] GC(4)       Claimed Chunks:                Min: 0, Avg:  7.0, Max: 23, Diff: 23, Sum: 56, Workers: 8
[2025-06-17T22:38:05.319+0300][3224][19180][debug][gc,phases] GC(4)       Found Roots:                   Min: 0, Avg: 145.1, Max: 416, Diff: 416, Sum: 1161, Workers: 8
[2025-06-17T22:38:05.319+0300][3224][19180][debug][gc,phases] GC(4)     Code Root Scan (ms):           Min:  0.1, Avg:  0.3, Max:  0.6, Diff:  0.5, Sum:  2.2, Workers: 8
[2025-06-17T22:38:05.319+0300][3224][19180][debug][gc,phases] GC(4)       Scanned Nmethods               Min: 0, Avg: 42.5, Max: 80, Diff: 80, Sum: 340, Workers: 8
[2025-06-17T22:38:05.319+0300][3224][19180][debug][gc,phases] GC(4)     Object Copy (ms):              Min:  0.1, Avg:  0.4, Max:  0.9, Diff:  0.7, Sum:  3.0, Workers: 8
[2025-06-17T22:38:05.319+0300][3224][19180][debug][gc,phases] GC(4)     Termination (ms):              Min:  0.0, Avg:  0.2, Max:  0.3, Diff:  0.3, Sum:  1.6, Workers: 8
[2025-06-17T22:38:05.319+0300][3224][19180][debug][gc,phases] GC(4)       Termination Attempts:          Min: 1, Avg:  1.2, Max: 2, Diff: 1, Sum: 10, Workers: 8
[2025-06-17T22:38:05.319+0300][3224][19180][debug][gc,phases] GC(4)     GC Worker Other (ms):          Min:  0.1, Avg:  0.1, Max:  0.5, Diff:  0.4, Sum:  1.1, Workers: 8
[2025-06-17T22:38:05.319+0300][3224][19180][debug][gc,phases] GC(4)     GC Worker Total (ms):          Min:  1.1, Avg:  1.1, Max:  1.1, Diff:  0.0, Sum:  9.0, Workers: 8
[2025-06-17T22:38:05.319+0300][3224][19180][info ][gc,phases] GC(4)   Post Evacuate Collection Set: 0.9ms
[2025-06-17T22:38:05.319+0300][3224][19180][debug][gc,phases] GC(4)     NMethod List Cleanup: 0.0ms
[2025-06-17T22:38:05.319+0300][3224][19180][debug][gc,phases] GC(4)     Reference Processing: 0.1ms
[2025-06-17T22:38:05.319+0300][3224][19180][debug][gc,phases] GC(4)     Weak Processing: 0.1ms
[2025-06-17T22:38:05.319+0300][3224][19180][debug][gc,phases] GC(4)       VM Weak                        Min:  0.0, Avg:  0.0, Max:  0.0, Diff:  0.0, Sum:  0.0, Workers: 8
[2025-06-17T22:38:05.319+0300][3224][19180][debug][gc,phases] GC(4)         Dead                           Min: 0, Avg:  0.0, Max: 0, Diff: 0, Sum: 0, Workers: 8
[2025-06-17T22:38:05.319+0300][3224][19180][debug][gc,phases] GC(4)         Total                          Min: 0, Avg: 46.2, Max: 128, Diff: 128, Sum: 370, Workers: 8
[2025-06-17T22:38:05.319+0300][3224][19180][debug][gc,phases] GC(4)       ObjectSynchronizer Weak        Min:  0.0, Avg:  0.0, Max:  0.0, Diff:  0.0, Sum:  0.0, Workers: 8
[2025-06-17T22:38:05.319+0300][3224][19180][debug][gc,phases] GC(4)         Dead                           Min: 0, Avg:  0.0, Max: 0, Diff: 0, Sum: 0, Workers: 8
[2025-06-17T22:38:05.319+0300][3224][19180][debug][gc,phases] GC(4)         Total                          Min: 0, Avg: 18.6, Max: 64, Diff: 64, Sum: 149, Workers: 8
[2025-06-17T22:38:05.319+0300][3224][19180][debug][gc,phases] GC(4)       JVMTI Tag Weak OopStorage      Min:  0.0, Avg:  0.0, Max:  0.0, Diff:  0.0, Sum:  0.0, Workers: 8
[2025-06-17T22:38:05.319+0300][3224][19180][debug][gc,phases] GC(4)         Dead                           Min: 0, Avg:  0.0, Max: 0, Diff: 0, Sum: 0, Workers: 8
[2025-06-17T22:38:05.319+0300][3224][19180][debug][gc,phases] GC(4)         Total                          Min: 0, Avg:  0.0, Max: 0, Diff: 0, Sum: 0, Workers: 8
[2025-06-17T22:38:05.319+0300][3224][19180][debug][gc,phases] GC(4)       StringTable Weak               Min:  0.0, Avg:  0.0, Max:  0.0, Diff:  0.0, Sum:  0.1, Workers: 8
[2025-06-17T22:38:05.319+0300][3224][19180][debug][gc,phases] GC(4)         Dead                           Min: 0, Avg:  0.1, Max: 1, Diff: 1, Sum: 1, Workers: 8
[2025-06-17T22:38:05.319+0300][3224][19180][debug][gc,phases] GC(4)         Total                          Min: 0, Avg: 768.8, Max: 1472, Diff: 1472, Sum: 6150, Workers: 8
[2025-06-17T22:38:05.319+0300][3224][19180][debug][gc,phases] GC(4)       ResolvedMethodTable Weak       Min:  0.0, Avg:  0.0, Max:  0.0, Diff:  0.0, Sum:  0.0, Workers: 8
[2025-06-17T22:38:05.319+0300][3224][19180][debug][gc,phases] GC(4)         Dead                           Min: 0, Avg:  0.0, Max: 0, Diff: 0, Sum: 0, Workers: 8
[2025-06-17T22:38:05.319+0300][3224][19180][debug][gc,phases] GC(4)         Total                          Min: 0, Avg: 108.8, Max: 294, Diff: 294, Sum: 870, Workers: 8
[2025-06-17T22:38:05.319+0300][3224][19180][debug][gc,phases] GC(4)       JNI Weak                       Min:  0.0, Avg:  0.0, Max:  0.0, Diff:  0.0, Sum:  0.0, Workers: 8
[2025-06-17T22:38:05.319+0300][3224][19180][debug][gc,phases] GC(4)         Dead                           Min: 0, Avg:  0.0, Max: 0, Diff: 0, Sum: 0, Workers: 8
[2025-06-17T22:38:05.319+0300][3224][19180][debug][gc,phases] GC(4)         Total                          Min: 0, Avg:  5.5, Max: 44, Diff: 44, Sum: 44, Workers: 8
[2025-06-17T22:38:05.319+0300][3224][19180][debug][gc,phases] GC(4)       StringDedup Table Weak         Min:  0.0, Avg:  0.0, Max:  0.0, Diff:  0.0, Sum:  0.0, Workers: 8
[2025-06-17T22:38:05.319+0300][3224][19180][debug][gc,phases] GC(4)         Dead                           Min: 0, Avg:  0.0, Max: 0, Diff: 0, Sum: 0, Workers: 8
[2025-06-17T22:38:05.319+0300][3224][19180][debug][gc,phases] GC(4)         Total                          Min: 0, Avg:  0.0, Max: 0, Diff: 0, Sum: 0, Workers: 8
[2025-06-17T22:38:05.319+0300][3224][19180][debug][gc,phases] GC(4)       StringDedup Requests0 Weak     Min:  0.0, Avg:  0.0, Max:  0.0, Diff:  0.0, Sum:  0.0, Workers: 8
[2025-06-17T22:38:05.319+0300][3224][19180][debug][gc,phases] GC(4)         Dead                           Min: 0, Avg:  0.0, Max: 0, Diff: 0, Sum: 0, Workers: 8
[2025-06-17T22:38:05.319+0300][3224][19180][debug][gc,phases] GC(4)         Total                          Min: 0, Avg:  0.0, Max: 0, Diff: 0, Sum: 0, Workers: 8
[2025-06-17T22:38:05.319+0300][3224][19180][debug][gc,phases] GC(4)       StringDedup Requests1 Weak     Min:  0.0, Avg:  0.0, Max:  0.0, Diff:  0.0, Sum:  0.0, Workers: 8
[2025-06-17T22:38:05.319+0300][3224][19180][debug][gc,phases] GC(4)         Dead                           Min: 0, Avg:  0.0, Max: 0, Diff: 0, Sum: 0, Workers: 8
[2025-06-17T22:38:05.319+0300][3224][19180][debug][gc,phases] GC(4)         Total                          Min: 0, Avg:  0.0, Max: 0, Diff: 0, Sum: 0, Workers: 8
[2025-06-17T22:38:05.319+0300][3224][19180][debug][gc,phases] GC(4)       Weak JFR Old Object Samples    Min:  0.0, Avg:  0.0, Max:  0.0, Diff:  0.0, Sum:  0.0, Workers: 8
[2025-06-17T22:38:05.319+0300][3224][19180][debug][gc,phases] GC(4)         Dead                           Min: 0, Avg:  0.0, Max: 0, Diff: 0, Sum: 0, Workers: 8
[2025-06-17T22:38:05.319+0300][3224][19180][debug][gc,phases] GC(4)         Total                          Min: 0, Avg:  0.0, Max: 0, Diff: 0, Sum: 0, Workers: 8
[2025-06-17T22:38:05.319+0300][3224][19180][debug][gc,phases] GC(4)     Post Evacuate Cleanup 1: 0.3ms
[2025-06-17T22:38:05.319+0300][3224][19180][debug][gc,phases] GC(4)       Merge Per-Thread State (ms):   Min:  0.1, Avg:  0.1, Max:  0.1, Diff:  0.0, Sum:  0.1, Workers: 1
[2025-06-17T22:38:05.319+0300][3224][19180][debug][gc,phases] GC(4)         Copied Bytes                   Min: 68088, Avg: 189961.0, Max: 292712, Diff: 224624, Sum: 1519688, Workers: 8
[2025-06-17T22:38:05.319+0300][3224][19180][debug][gc,phases] GC(4)         LAB Waste                      Min: 88, Avg: 312.0, Max: 1016, Diff: 928, Sum: 2496, Workers: 8
[2025-06-17T22:38:05.319+0300][3224][19180][debug][gc,phases] GC(4)         LAB Undo Waste                 Min: 0, Avg:  0.0, Max: 0, Diff: 0, Sum: 0, Workers: 8
[2025-06-17T22:38:05.319+0300][3224][19180][debug][gc,phases] GC(4)       Clear Logged Cards (ms):       Min:  0.0, Avg:  0.1, Max:  0.2, Diff:  0.2, Sum:  0.5, Workers: 5
[2025-06-17T22:38:05.319+0300][3224][19180][debug][gc,phases] GC(4)       Recalculate Used Memory (ms):  Min:  0.0, Avg:  0.0, Max:  0.0, Diff:  0.0, Sum:  0.0, Workers: 1
[2025-06-17T22:38:05.319+0300][3224][19180][debug][gc,phases] GC(4)     Post Evacuate Cleanup 2: 0.4ms
[2025-06-17T22:38:05.319+0300][3224][19180][debug][gc,phases] GC(4)       Update Derived Pointers (ms):  Min:  0.0, Avg:  0.0, Max:  0.0, Diff:  0.0, Sum:  0.0, Workers: 1
[2025-06-17T22:38:05.319+0300][3224][19180][debug][gc,phases] GC(4)       Eagerly Reclaim Humongous Objects (ms): Min:  0.0, Avg:  0.0, Max:  0.0, Diff:  0.0, Sum:  0.0, Workers: 1
[2025-06-17T22:38:05.319+0300][3224][19180][debug][gc,phases] GC(4)         Humongous Total                Min: 3, Avg:  3.0, Max: 3, Diff: 0, Sum: 3, Workers: 1
[2025-06-17T22:38:05.319+0300][3224][19180][debug][gc,phases] GC(4)         Humongous Candidates           Min: 3, Avg:  3.0, Max: 3, Diff: 0, Sum: 3, Workers: 1
[2025-06-17T22:38:05.319+0300][3224][19180][debug][gc,phases] GC(4)         Humongous Reclaimed            Min: 0, Avg:  0.0, Max: 0, Diff: 0, Sum: 0, Workers: 1
[2025-06-17T22:38:05.319+0300][3224][19180][debug][gc,phases] GC(4)       Redirty Logged Cards (ms):     Min:  0.0, Avg:  0.0, Max:  0.0, Diff:  0.0, Sum:  0.0, Workers: 8
[2025-06-17T22:38:05.319+0300][3224][19180][debug][gc,phases] GC(4)         Redirtied Cards:               Min: 0, Avg: 28.8, Max: 91, Diff: 91, Sum: 230, Workers: 8
[2025-06-17T22:38:05.319+0300][3224][19180][debug][gc,phases] GC(4)       Resize TLABs (ms):             Min:  0.0, Avg:  0.0, Max:  0.0, Diff:  0.0, Sum:  0.0, Workers: 8
[2025-06-17T22:38:05.319+0300][3224][19180][debug][gc,phases] GC(4)       Free Collection Set (ms):      Min:  0.0, Avg:  0.2, Max:  0.3, Diff:  0.3, Sum:  1.8, Workers: 8
[2025-06-17T22:38:05.319+0300][3224][19180][debug][gc,phases] GC(4)     Rebuild Free List: 0.1ms
[2025-06-17T22:38:05.319+0300][3224][19180][debug][gc,phases] GC(4)     Prepare For Mutator: 0.0ms
[2025-06-17T22:38:05.319+0300][3224][19180][debug][gc,phases] GC(4)     Expand Heap After Collection: 0.0ms
[2025-06-17T22:38:05.319+0300][3224][19180][info ][gc,phases] GC(4)   Other: 0.3ms
[2025-06-17T22:38:05.319+0300][3224][19180][info ][gc,heap  ] GC(4) Eden regions: 1226->0(1226)
[2025-06-17T22:38:05.319+0300][3224][19180][info ][gc,heap  ] GC(4) Survivor regions: 2->2(154)
[2025-06-17T22:38:05.319+0300][3224][19180][info ][gc,heap  ] GC(4) Old regions: 10->10
[2025-06-17T22:38:05.319+0300][3224][19180][info ][gc,heap  ] GC(4) Humongous regions: 9->9
[2025-06-17T22:38:05.319+0300][3224][19180][debug][gc,heap  ] GC(4) Heap after GC invocations=5 (full 1):
[2025-06-17T22:38:05.319+0300][3224][19180][debug][gc,heap  ] GC(4)  garbage-first heap   total 2097152K, used 13777K [0x0000000080000000, 0x0000000100000000)
[2025-06-17T22:38:05.319+0300][3224][19180][debug][gc,heap  ] GC(4)   region size 1024K, 2 young (2048K), 2 survivors (2048K)
[2025-06-17T22:38:05.319+0300][3224][19180][debug][gc,heap  ] GC(4)  Metaspace       used 8907K, committed 9472K, reserved 1114112K
[2025-06-17T22:38:05.319+0300][3224][19180][debug][gc,heap  ] GC(4)   class space    used 978K, committed 1216K, reserved 1048576K
[2025-06-17T22:38:05.319+0300][3224][19180][info ][gc       ] GC(4) Pause Young (Normal) (G1 Evacuation Pause) 1239M->13M(2048M) 4.708ms
[2025-06-17T22:38:05.319+0300][3224][19180][info ][safepoint] Safepoint "G1CollectForAllocation", Time since last: 603396600 ns, Reaching safepoint: 405600 ns, Cleanup: 36300 ns, At safepoint: 4762300 ns, Total: 5204200 ns
[2025-06-17T22:38:05.799+0300][3224][19180][debug][safepoint] Safepoint synchronization initiated using striped semaphore wait barrier. (21 threads)
[2025-06-17T22:38:05.799+0300][3224][11072][debug][safepoint] ... found polling page loop exception at pc = 0x00000275901c5942, stub =0x000002758fbb6600
[2025-06-17T22:38:05.799+0300][3224][1792 ][debug][safepoint] ... found polling page loop exception at pc = 0x00000275901bda60, stub =0x000002758fbb5d80
[2025-06-17T22:38:05.799+0300][3224][18932][debug][safepoint] ... found polling page loop exception at pc = 0x00000275901bda60, stub =0x000002758fbb5d80
[2025-06-17T22:38:05.799+0300][3224][13220][debug][safepoint] ... found polling page loop exception at pc = 0x000002759025ab28, stub =0x000002758fbb5d80
[2025-06-17T22:38:05.799+0300][3224][22456][debug][safepoint] ... found polling page loop exception at pc = 0x00000275901c5942, stub =0x000002758fbb6600
[2025-06-17T22:38:05.801+0300][3224][19180][debug][gc,heap  ] GC(5) Heap before GC invocations=5 (full 1):
[2025-06-17T22:38:05.801+0300][3224][19180][debug][gc,heap  ] GC(5)  garbage-first heap   total 2097152K, used 1269201K [0x0000000080000000, 0x0000000100000000)
[2025-06-17T22:38:05.801+0300][3224][19180][debug][gc,heap  ] GC(5)   region size 1024K, 1228 young (1257472K), 2 survivors (2048K)
[2025-06-17T22:38:05.801+0300][3224][19180][debug][gc,heap  ] GC(5)  Metaspace       used 8953K, committed 9536K, reserved 1114112K
[2025-06-17T22:38:05.801+0300][3224][19180][debug][gc,heap  ] GC(5)   class space    used 978K, committed 1216K, reserved 1048576K
[2025-06-17T22:38:05.801+0300][3224][19180][info ][gc,phases] GC(5)   Pre Evacuate Collection Set: 0.3ms
[2025-06-17T22:38:05.801+0300][3224][19180][debug][gc,phases] GC(5)     Pre Evacuate Prepare: 0.0ms
[2025-06-17T22:38:05.801+0300][3224][19180][debug][gc,phases] GC(5)       JT Retire TLABs And Flush Logs (ms): Min:  0.0, Avg:  0.0, Max:  0.0, Diff:  0.0, Sum:  0.0, Workers: 2
[2025-06-17T22:38:05.801+0300][3224][19180][debug][gc,phases] GC(5)       Non-JT Flush Logs (ms):        Min:  0.0, Avg:  0.0, Max:  0.0, Diff:  0.0, Sum:  0.0, Workers: 1
[2025-06-17T22:38:05.801+0300][3224][19180][debug][gc,phases] GC(5)     Choose Collection Set: 0.0ms
[2025-06-17T22:38:05.801+0300][3224][19180][debug][gc,phases] GC(5)     Region Register: 0.2ms
[2025-06-17T22:38:05.801+0300][3224][19180][debug][gc,phases] GC(5)     Prepare Heap Roots: 0.0ms
[2025-06-17T22:38:05.801+0300][3224][19180][info ][gc,phases] GC(5)   Merge Heap Roots: 0.2ms
[2025-06-17T22:38:05.801+0300][3224][19180][debug][gc,phases] GC(5)     Prepare Merge Heap Roots: 0.0ms
[2025-06-17T22:38:05.801+0300][3224][19180][debug][gc,phases] GC(5)     Remembered Sets (ms):          Min:  0.0, Avg:  0.1, Max:  0.1, Diff:  0.1, Sum:  0.7, Workers: 8
[2025-06-17T22:38:05.801+0300][3224][19180][debug][gc,phases] GC(5)       Eager Reclaim (ms):            Min:  0.0, Avg:  0.0, Max:  0.0, Diff:  0.0, Sum:  0.0, Workers: 1
[2025-06-17T22:38:05.801+0300][3224][19180][debug][gc,phases] GC(5)       Merged Inline                  Min: 0, Avg:  0.0, Max: 0, Diff: 0, Sum: 0, Workers: 8
[2025-06-17T22:38:05.801+0300][3224][19180][debug][gc,phases] GC(5)       Merged ArrayOfCards            Min: 0, Avg:  0.0, Max: 0, Diff: 0, Sum: 0, Workers: 8
[2025-06-17T22:38:05.801+0300][3224][19180][debug][gc,phases] GC(5)       Merged Howl                    Min: 0, Avg:  0.0, Max: 0, Diff: 0, Sum: 0, Workers: 8
[2025-06-17T22:38:05.801+0300][3224][19180][debug][gc,phases] GC(5)       Merged Full                    Min: 0, Avg:  0.0, Max: 0, Diff: 0, Sum: 0, Workers: 8
[2025-06-17T22:38:05.801+0300][3224][19180][debug][gc,phases] GC(5)       Merged Howl Inline             Min: 0, Avg:  0.0, Max: 0, Diff: 0, Sum: 0, Workers: 8
[2025-06-17T22:38:05.801+0300][3224][19180][debug][gc,phases] GC(5)       Merged Howl ArrayOfCards       Min: 0, Avg:  0.0, Max: 0, Diff: 0, Sum: 0, Workers: 8
[2025-06-17T22:38:05.801+0300][3224][19180][debug][gc,phases] GC(5)       Merged Howl BitMap             Min: 0, Avg:  0.0, Max: 0, Diff: 0, Sum: 0, Workers: 8
[2025-06-17T22:38:05.801+0300][3224][19180][debug][gc,phases] GC(5)       Merged Howl Full               Min: 0, Avg:  0.0, Max: 0, Diff: 0, Sum: 0, Workers: 8
[2025-06-17T22:38:05.801+0300][3224][19180][debug][gc,phases] GC(5)       Merged Cards                   Min: 8, Avg:  9.0, Max: 16, Diff: 8, Sum: 72, Workers: 8
[2025-06-17T22:38:05.801+0300][3224][19180][debug][gc,phases] GC(5)     Log Buffers (ms):              Min:  0.0, Avg:  0.0, Max:  0.0, Diff:  0.0, Sum:  0.0, Workers: 8
[2025-06-17T22:38:05.801+0300][3224][19180][debug][gc,phases] GC(5)       Dirty Cards:                   Min: 0, Avg: 29.8, Max: 91, Diff: 91, Sum: 238, Workers: 8
[2025-06-17T22:38:05.801+0300][3224][19180][debug][gc,phases] GC(5)       Skipped Cards:                 Min: 0, Avg:  0.0, Max: 0, Diff: 0, Sum: 0, Workers: 8
[2025-06-17T22:38:05.801+0300][3224][19180][info ][gc,phases] GC(5)   Evacuate Collection Set: 1.0ms
[2025-06-17T22:38:05.801+0300][3224][19180][debug][gc,phases] GC(5)     Ext Root Scanning (ms):        Min:  0.0, Avg:  0.1, Max:  0.4, Diff:  0.4, Sum:  0.7, Workers: 8
[2025-06-17T22:38:05.801+0300][3224][19180][debug][gc,phases] GC(5)     Scan Heap Roots (ms):          Min:  0.0, Avg:  0.0, Max:  0.1, Diff:  0.1, Sum:  0.3, Workers: 8
[2025-06-17T22:38:05.801+0300][3224][19180][debug][gc,phases] GC(5)       Scanned Cards:                 Min: 0, Avg: 29.0, Max: 54, Diff: 54, Sum: 232, Workers: 8
[2025-06-17T22:38:05.801+0300][3224][19180][debug][gc,phases] GC(5)       Scanned Blocks:                Min: 0, Avg: 17.9, Max: 36, Diff: 36, Sum: 143, Workers: 8
[2025-06-17T22:38:05.801+0300][3224][19180][debug][gc,phases] GC(5)       Claimed Chunks:                Min: 0, Avg:  6.9, Max: 17, Diff: 17, Sum: 55, Workers: 8
[2025-06-17T22:38:05.801+0300][3224][19180][debug][gc,phases] GC(5)       Found Roots:                   Min: 0, Avg: 146.2, Max: 395, Diff: 395, Sum: 1170, Workers: 8
[2025-06-17T22:38:05.801+0300][3224][19180][debug][gc,phases] GC(5)     Code Root Scan (ms):           Min:  0.1, Avg:  0.2, Max:  0.4, Diff:  0.3, Sum:  1.9, Workers: 8
[2025-06-17T22:38:05.801+0300][3224][19180][debug][gc,phases] GC(5)       Scanned Nmethods               Min: 0, Avg: 48.0, Max: 103, Diff: 103, Sum: 384, Workers: 8
[2025-06-17T22:38:05.801+0300][3224][19180][debug][gc,phases] GC(5)     Object Copy (ms):              Min:  0.0, Avg:  0.3, Max:  0.5, Diff:  0.5, Sum:  2.3, Workers: 8
[2025-06-17T22:38:05.801+0300][3224][19180][debug][gc,phases] GC(5)     Termination (ms):              Min:  0.0, Avg:  0.2, Max:  0.2, Diff:  0.2, Sum:  1.2, Workers: 8
[2025-06-17T22:38:05.801+0300][3224][19180][debug][gc,phases] GC(5)       Termination Attempts:          Min: 1, Avg:  1.0, Max: 1, Diff: 0, Sum: 8, Workers: 8
[2025-06-17T22:38:05.801+0300][3224][19180][debug][gc,phases] GC(5)     GC Worker Other (ms):          Min:  0.1, Avg:  0.1, Max:  0.1, Diff:  0.0, Sum:  0.6, Workers: 8
[2025-06-17T22:38:05.801+0300][3224][19180][debug][gc,phases] GC(5)     GC Worker Total (ms):          Min:  0.2, Avg:  0.9, Max:  1.0, Diff:  0.8, Sum:  7.0, Workers: 8
[2025-06-17T22:38:05.801+0300][3224][19180][info ][gc,phases] GC(5)   Post Evacuate Collection Set: 0.9ms
[2025-06-17T22:38:05.801+0300][3224][19180][debug][gc,phases] GC(5)     NMethod List Cleanup: 0.0ms
[2025-06-17T22:38:05.801+0300][3224][19180][debug][gc,phases] GC(5)     Reference Processing: 0.1ms
[2025-06-17T22:38:05.801+0300][3224][19180][debug][gc,phases] GC(5)     Weak Processing: 0.1ms
[2025-06-17T22:38:05.801+0300][3224][19180][debug][gc,phases] GC(5)       VM Weak                        Min:  0.0, Avg:  0.0, Max:  0.0, Diff:  0.0, Sum:  0.0, Workers: 8
[2025-06-17T22:38:05.801+0300][3224][19180][debug][gc,phases] GC(5)         Dead                           Min: 0, Avg:  0.0, Max: 0, Diff: 0, Sum: 0, Workers: 8
[2025-06-17T22:38:05.801+0300][3224][19180][debug][gc,phases] GC(5)         Total                          Min: 0, Avg: 46.2, Max: 128, Diff: 128, Sum: 370, Workers: 8
[2025-06-17T22:38:05.801+0300][3224][19180][debug][gc,phases] GC(5)       ObjectSynchronizer Weak        Min:  0.0, Avg:  0.0, Max:  0.0, Diff:  0.0, Sum:  0.0, Workers: 8
[2025-06-17T22:38:05.801+0300][3224][19180][debug][gc,phases] GC(5)         Dead                           Min: 0, Avg:  0.0, Max: 0, Diff: 0, Sum: 0, Workers: 8
[2025-06-17T22:38:05.801+0300][3224][19180][debug][gc,phases] GC(5)         Total                          Min: 0, Avg: 18.6, Max: 64, Diff: 64, Sum: 149, Workers: 8
[2025-06-17T22:38:05.801+0300][3224][19180][debug][gc,phases] GC(5)       JVMTI Tag Weak OopStorage      Min:  0.0, Avg:  0.0, Max:  0.0, Diff:  0.0, Sum:  0.0, Workers: 8
[2025-06-17T22:38:05.801+0300][3224][19180][debug][gc,phases] GC(5)         Dead                           Min: 0, Avg:  0.0, Max: 0, Diff: 0, Sum: 0, Workers: 8
[2025-06-17T22:38:05.801+0300][3224][19180][debug][gc,phases] GC(5)         Total                          Min: 0, Avg:  0.0, Max: 0, Diff: 0, Sum: 0, Workers: 8
[2025-06-17T22:38:05.801+0300][3224][19180][debug][gc,phases] GC(5)       StringTable Weak               Min:  0.0, Avg:  0.0, Max:  0.0, Diff:  0.0, Sum:  0.1, Workers: 8
[2025-06-17T22:38:05.801+0300][3224][19180][debug][gc,phases] GC(5)         Dead                           Min: 0, Avg:  0.0, Max: 0, Diff: 0, Sum: 0, Workers: 8
[2025-06-17T22:38:05.801+0300][3224][19180][debug][gc,phases] GC(5)         Total                          Min: 0, Avg: 769.6, Max: 1216, Diff: 1216, Sum: 6157, Workers: 8
[2025-06-17T22:38:05.801+0300][3224][19180][debug][gc,phases] GC(5)       ResolvedMethodTable Weak       Min:  0.0, Avg:  0.0, Max:  0.0, Diff:  0.0, Sum:  0.0, Workers: 8
[2025-06-17T22:38:05.801+0300][3224][19180][debug][gc,phases] GC(5)         Dead                           Min: 0, Avg:  0.0, Max: 0, Diff: 0, Sum: 0, Workers: 8
[2025-06-17T22:38:05.801+0300][3224][19180][debug][gc,phases] GC(5)         Total                          Min: 0, Avg: 108.8, Max: 230, Diff: 230, Sum: 870, Workers: 8
[2025-06-17T22:38:05.801+0300][3224][19180][debug][gc,phases] GC(5)       JNI Weak                       Min:  0.0, Avg:  0.0, Max:  0.0, Diff:  0.0, Sum:  0.0, Workers: 8
[2025-06-17T22:38:05.801+0300][3224][19180][debug][gc,phases] GC(5)         Dead                           Min: 0, Avg:  0.0, Max: 0, Diff: 0, Sum: 0, Workers: 8
[2025-06-17T22:38:05.801+0300][3224][19180][debug][gc,phases] GC(5)         Total                          Min: 0, Avg:  0.0, Max: 0, Diff: 0, Sum: 0, Workers: 8
[2025-06-17T22:38:05.801+0300][3224][19180][debug][gc,phases] GC(5)       StringDedup Table Weak         Min:  0.0, Avg:  0.0, Max:  0.0, Diff:  0.0, Sum:  0.0, Workers: 8
[2025-06-17T22:38:05.801+0300][3224][19180][debug][gc,phases] GC(5)         Dead                           Min: 0, Avg:  0.0, Max: 0, Diff: 0, Sum: 0, Workers: 8
[2025-06-17T22:38:05.801+0300][3224][19180][debug][gc,phases] GC(5)         Total                          Min: 0, Avg:  0.0, Max: 0, Diff: 0, Sum: 0, Workers: 8
[2025-06-17T22:38:05.801+0300][3224][19180][debug][gc,phases] GC(5)       StringDedup Requests0 Weak     Min:  0.0, Avg:  0.0, Max:  0.0, Diff:  0.0, Sum:  0.0, Workers: 8
[2025-06-17T22:38:05.801+0300][3224][19180][debug][gc,phases] GC(5)         Dead                           Min: 0, Avg:  0.0, Max: 0, Diff: 0, Sum: 0, Workers: 8
[2025-06-17T22:38:05.801+0300][3224][19180][debug][gc,phases] GC(5)         Total                          Min: 0, Avg:  0.0, Max: 0, Diff: 0, Sum: 0, Workers: 8
[2025-06-17T22:38:05.801+0300][3224][19180][debug][gc,phases] GC(5)       StringDedup Requests1 Weak     Min:  0.0, Avg:  0.0, Max:  0.0, Diff:  0.0, Sum:  0.0, Workers: 8
[2025-06-17T22:38:05.801+0300][3224][19180][debug][gc,phases] GC(5)         Dead                           Min: 0, Avg:  0.0, Max: 0, Diff: 0, Sum: 0, Workers: 8
[2025-06-17T22:38:05.801+0300][3224][19180][debug][gc,phases] GC(5)         Total                          Min: 0, Avg:  0.0, Max: 0, Diff: 0, Sum: 0, Workers: 8
[2025-06-17T22:38:05.801+0300][3224][19180][debug][gc,phases] GC(5)       Weak JFR Old Object Samples    Min:  0.0, Avg:  0.0, Max:  0.0, Diff:  0.0, Sum:  0.0, Workers: 8
[2025-06-17T22:38:05.801+0300][3224][19180][debug][gc,phases] GC(5)         Dead                           Min: 0, Avg:  0.0, Max: 0, Diff: 0, Sum: 0, Workers: 8
[2025-06-17T22:38:05.801+0300][3224][19180][debug][gc,phases] GC(5)         Total                          Min: 0, Avg:  0.0, Max: 0, Diff: 0, Sum: 0, Workers: 8
[2025-06-17T22:38:05.801+0300][3224][19180][debug][gc,phases] GC(5)     Post Evacuate Cleanup 1: 0.3ms
[2025-06-17T22:38:05.801+0300][3224][19180][debug][gc,phases] GC(5)       Merge Per-Thread State (ms):   Min:  0.0, Avg:  0.0, Max:  0.0, Diff:  0.0, Sum:  0.0, Workers: 1
[2025-06-17T22:38:05.801+0300][3224][19180][debug][gc,phases] GC(5)         Copied Bytes                   Min: 0, Avg: 198435.0, Max: 311040, Diff: 311040, Sum: 1587480, Workers: 8
[2025-06-17T22:38:05.801+0300][3224][19180][debug][gc,phases] GC(5)         LAB Waste                      Min: 0, Avg: 222.0, Max: 704, Diff: 704, Sum: 1776, Workers: 8
[2025-06-17T22:38:05.801+0300][3224][19180][debug][gc,phases] GC(5)         LAB Undo Waste                 Min: 0, Avg:  0.0, Max: 0, Diff: 0, Sum: 0, Workers: 8
[2025-06-17T22:38:05.801+0300][3224][19180][debug][gc,phases] GC(5)       Clear Logged Cards (ms):       Min:  0.0, Avg:  0.1, Max:  0.2, Diff:  0.2, Sum:  0.4, Workers: 5
[2025-06-17T22:38:05.801+0300][3224][19180][debug][gc,phases] GC(5)       Recalculate Used Memory (ms):  Min:  0.0, Avg:  0.0, Max:  0.0, Diff:  0.0, Sum:  0.0, Workers: 1
[2025-06-17T22:38:05.801+0300][3224][19180][debug][gc,phases] GC(5)     Post Evacuate Cleanup 2: 0.4ms
[2025-06-17T22:38:05.801+0300][3224][19180][debug][gc,phases] GC(5)       Update Derived Pointers (ms):  Min:  0.0, Avg:  0.0, Max:  0.0, Diff:  0.0, Sum:  0.0, Workers: 1
[2025-06-17T22:38:05.801+0300][3224][19180][debug][gc,phases] GC(5)       Eagerly Reclaim Humongous Objects (ms): Min:  0.0, Avg:  0.0, Max:  0.0, Diff:  0.0, Sum:  0.0, Workers: 1
[2025-06-17T22:38:05.801+0300][3224][19180][debug][gc,phases] GC(5)         Humongous Total                Min: 3, Avg:  3.0, Max: 3, Diff: 0, Sum: 3, Workers: 1
[2025-06-17T22:38:05.801+0300][3224][19180][debug][gc,phases] GC(5)         Humongous Candidates           Min: 3, Avg:  3.0, Max: 3, Diff: 0, Sum: 3, Workers: 1
[2025-06-17T22:38:05.801+0300][3224][19180][debug][gc,phases] GC(5)         Humongous Reclaimed            Min: 0, Avg:  0.0, Max: 0, Diff: 0, Sum: 0, Workers: 1
[2025-06-17T22:38:05.801+0300][3224][19180][debug][gc,phases] GC(5)       Redirty Logged Cards (ms):     Min:  0.0, Avg:  0.0, Max:  0.0, Diff:  0.0, Sum:  0.0, Workers: 8
[2025-06-17T22:38:05.801+0300][3224][19180][debug][gc,phases] GC(5)         Redirtied Cards:               Min: 0, Avg: 28.5, Max: 107, Diff: 107, Sum: 228, Workers: 8
[2025-06-17T22:38:05.801+0300][3224][19180][debug][gc,phases] GC(5)       Resize TLABs (ms):             Min:  0.0, Avg:  0.0, Max:  0.0, Diff:  0.0, Sum:  0.0, Workers: 8
[2025-06-17T22:38:05.801+0300][3224][19180][debug][gc,phases] GC(5)       Free Collection Set (ms):      Min:  0.0, Avg:  0.2, Max:  0.3, Diff:  0.3, Sum:  1.7, Workers: 8
[2025-06-17T22:38:05.801+0300][3224][19180][debug][gc,phases] GC(5)     Rebuild Free List: 0.0ms
[2025-06-17T22:38:05.801+0300][3224][19180][debug][gc,phases] GC(5)     Prepare For Mutator: 0.0ms
[2025-06-17T22:38:05.801+0300][3224][19180][debug][gc,phases] GC(5)     Expand Heap After Collection: 0.0ms
[2025-06-17T22:38:05.801+0300][3224][19180][info ][gc,phases] GC(5)   Other: 0.1ms
[2025-06-17T22:38:05.801+0300][3224][19180][info ][gc,heap  ] GC(5) Eden regions: 1226->0(1226)
[2025-06-17T22:38:05.801+0300][3224][19180][info ][gc,heap  ] GC(5) Survivor regions: 2->2(154)
[2025-06-17T22:38:05.801+0300][3224][19180][info ][gc,heap  ] GC(5) Old regions: 10->10
[2025-06-17T22:38:05.801+0300][3224][19180][info ][gc,heap  ] GC(5) Humongous regions: 9->9
[2025-06-17T22:38:05.801+0300][3224][19180][debug][gc,heap  ] GC(5) Heap after GC invocations=6 (full 1):
[2025-06-17T22:38:05.801+0300][3224][19180][debug][gc,heap  ] GC(5)  garbage-first heap   total 2097152K, used 13809K [0x0000000080000000, 0x0000000100000000)
[2025-06-17T22:38:05.801+0300][3224][19180][debug][gc,heap  ] GC(5)   region size 1024K, 2 young (2048K), 2 survivors (2048K)
[2025-06-17T22:38:05.801+0300][3224][19180][debug][gc,heap  ] GC(5)  Metaspace       used 8953K, committed 9536K, reserved 1114112K
[2025-06-17T22:38:05.801+0300][3224][19180][debug][gc,heap  ] GC(5)   class space    used 978K, committed 1216K, reserved 1048576K
[2025-06-17T22:38:05.801+0300][3224][19180][info ][gc       ] GC(5) Pause Young (Normal) (G1 Evacuation Pause) 1239M->13M(2048M) 3.749ms
[2025-06-17T22:38:05.801+0300][3224][19180][info ][safepoint] Safepoint "G1CollectForAllocation", Time since last: 479738600 ns, Reaching safepoint: 306200 ns, Cleanup: 41700 ns, At safepoint: 3792500 ns, Total: 4140400 ns
[2025-06-17T22:38:06.108+0300][3224][19180][debug][safepoint] Safepoint synchronization initiated using striped semaphore wait barrier. (21 threads)
[2025-06-17T22:38:06.108+0300][3224][20944][debug][safepoint] ... found polling page loop exception at pc = 0x00000275901bda60, stub =0x000002758fbb5d80
[2025-06-17T22:38:06.108+0300][3224][22456][debug][safepoint] ... found polling page loop exception at pc = 0x00000275901bda60, stub =0x000002758fbb5d80
[2025-06-17T22:38:06.108+0300][3224][13220][debug][safepoint] ... found polling page loop exception at pc = 0x000002759025a9df, stub =0x000002758fbb5d80
[2025-06-17T22:38:06.108+0300][3224][19180][debug][gc,heap  ] GC(6) Heap before GC invocations=6 (full 1):
[2025-06-17T22:38:06.108+0300][3224][19180][debug][gc,heap  ] GC(6)  garbage-first heap   total 2097152K, used 1269233K [0x0000000080000000, 0x0000000100000000)
[2025-06-17T22:38:06.108+0300][3224][19180][debug][gc,heap  ] GC(6)   region size 1024K, 1228 young (1257472K), 2 survivors (2048K)
[2025-06-17T22:38:06.108+0300][3224][19180][debug][gc,heap  ] GC(6)  Metaspace       used 8962K, committed 9536K, reserved 1114112K
[2025-06-17T22:38:06.108+0300][3224][19180][debug][gc,heap  ] GC(6)   class space    used 978K, committed 1216K, reserved 1048576K
[2025-06-17T22:38:06.108+0300][3224][19180][info ][gc,phases] GC(6)   Pre Evacuate Collection Set: 0.3ms
[2025-06-17T22:38:06.108+0300][3224][19180][debug][gc,phases] GC(6)     Pre Evacuate Prepare: 0.0ms
[2025-06-17T22:38:06.108+0300][3224][19180][debug][gc,phases] GC(6)       JT Retire TLABs And Flush Logs (ms): Min:  0.0, Avg:  0.0, Max:  0.0, Diff:  0.0, Sum:  0.0, Workers: 2
[2025-06-17T22:38:06.108+0300][3224][19180][debug][gc,phases] GC(6)       Non-JT Flush Logs (ms):        Min:  0.0, Avg:  0.0, Max:  0.0, Diff:  0.0, Sum:  0.0, Workers: 1
[2025-06-17T22:38:06.108+0300][3224][19180][debug][gc,phases] GC(6)     Choose Collection Set: 0.0ms
[2025-06-17T22:38:06.108+0300][3224][19180][debug][gc,phases] GC(6)     Region Register: 0.2ms
[2025-06-17T22:38:06.108+0300][3224][19180][debug][gc,phases] GC(6)     Prepare Heap Roots: 0.0ms
[2025-06-17T22:38:06.108+0300][3224][19180][info ][gc,phases] GC(6)   Merge Heap Roots: 0.1ms
[2025-06-17T22:38:06.108+0300][3224][19180][debug][gc,phases] GC(6)     Prepare Merge Heap Roots: 0.0ms
[2025-06-17T22:38:06.108+0300][3224][19180][debug][gc,phases] GC(6)     Remembered Sets (ms):          Min:  0.1, Avg:  0.1, Max:  0.1, Diff:  0.0, Sum:  0.7, Workers: 8
[2025-06-17T22:38:06.108+0300][3224][19180][debug][gc,phases] GC(6)       Eager Reclaim (ms):            Min:  0.0, Avg:  0.0, Max:  0.0, Diff:  0.0, Sum:  0.0, Workers: 1
[2025-06-17T22:38:06.108+0300][3224][19180][debug][gc,phases] GC(6)       Merged Inline                  Min: 0, Avg:  0.0, Max: 0, Diff: 0, Sum: 0, Workers: 8
[2025-06-17T22:38:06.108+0300][3224][19180][debug][gc,phases] GC(6)       Merged ArrayOfCards            Min: 0, Avg:  0.0, Max: 0, Diff: 0, Sum: 0, Workers: 8
[2025-06-17T22:38:06.108+0300][3224][19180][debug][gc,phases] GC(6)       Merged Howl                    Min: 0, Avg:  0.0, Max: 0, Diff: 0, Sum: 0, Workers: 8
[2025-06-17T22:38:06.108+0300][3224][19180][debug][gc,phases] GC(6)       Merged Full                    Min: 0, Avg:  0.0, Max: 0, Diff: 0, Sum: 0, Workers: 8
[2025-06-17T22:38:06.108+0300][3224][19180][debug][gc,phases] GC(6)       Merged Howl Inline             Min: 0, Avg:  0.0, Max: 0, Diff: 0, Sum: 0, Workers: 8
[2025-06-17T22:38:06.108+0300][3224][19180][debug][gc,phases] GC(6)       Merged Howl ArrayOfCards       Min: 0, Avg:  0.0, Max: 0, Diff: 0, Sum: 0, Workers: 8
[2025-06-17T22:38:06.108+0300][3224][19180][debug][gc,phases] GC(6)       Merged Howl BitMap             Min: 0, Avg:  0.0, Max: 0, Diff: 0, Sum: 0, Workers: 8
[2025-06-17T22:38:06.108+0300][3224][19180][debug][gc,phases] GC(6)       Merged Howl Full               Min: 0, Avg:  0.0, Max: 0, Diff: 0, Sum: 0, Workers: 8
[2025-06-17T22:38:06.108+0300][3224][19180][debug][gc,phases] GC(6)       Merged Cards                   Min: 8, Avg:  9.0, Max: 16, Diff: 8, Sum: 72, Workers: 8
[2025-06-17T22:38:06.108+0300][3224][19180][debug][gc,phases] GC(6)     Log Buffers (ms):              Min:  0.0, Avg:  0.0, Max:  0.0, Diff:  0.0, Sum:  0.0, Workers: 8
[2025-06-17T22:38:06.108+0300][3224][19180][debug][gc,phases] GC(6)       Dirty Cards:                   Min: 0, Avg: 28.8, Max: 99, Diff: 99, Sum: 230, Workers: 8
[2025-06-17T22:38:06.108+0300][3224][19180][debug][gc,phases] GC(6)       Skipped Cards:                 Min: 0, Avg:  0.0, Max: 0, Diff: 0, Sum: 0, Workers: 8
[2025-06-17T22:38:06.108+0300][3224][19180][info ][gc,phases] GC(6)   Evacuate Collection Set: 1.1ms
[2025-06-17T22:38:06.108+0300][3224][19180][debug][gc,phases] GC(6)     Ext Root Scanning (ms):        Min:  0.0, Avg:  0.1, Max:  0.5, Diff:  0.5, Sum:  0.8, Workers: 8
[2025-06-17T22:38:06.108+0300][3224][19180][debug][gc,phases] GC(6)     Scan Heap Roots (ms):          Min:  0.0, Avg:  0.0, Max:  0.1, Diff:  0.1, Sum:  0.3, Workers: 8
[2025-06-17T22:38:06.108+0300][3224][19180][debug][gc,phases] GC(6)       Scanned Cards:                 Min: 0, Avg: 28.8, Max: 50, Diff: 50, Sum: 230, Workers: 8
[2025-06-17T22:38:06.108+0300][3224][19180][debug][gc,phases] GC(6)       Scanned Blocks:                Min: 0, Avg: 17.9, Max: 34, Diff: 34, Sum: 143, Workers: 8
[2025-06-17T22:38:06.108+0300][3224][19180][debug][gc,phases] GC(6)       Claimed Chunks:                Min: 0, Avg:  6.9, Max: 15, Diff: 15, Sum: 55, Workers: 8
[2025-06-17T22:38:06.108+0300][3224][19180][debug][gc,phases] GC(6)       Found Roots:                   Min: 0, Avg: 146.2, Max: 364, Diff: 364, Sum: 1170, Workers: 8
[2025-06-17T22:38:06.108+0300][3224][19180][debug][gc,phases] GC(6)     Code Root Scan (ms):           Min:  0.1, Avg:  0.2, Max:  0.4, Diff:  0.3, Sum:  1.9, Workers: 8
[2025-06-17T22:38:06.108+0300][3224][19180][debug][gc,phases] GC(6)       Scanned Nmethods               Min: 0, Avg: 48.4, Max: 75, Diff: 75, Sum: 387, Workers: 8
[2025-06-17T22:38:06.108+0300][3224][19180][debug][gc,phases] GC(6)     Object Copy (ms):              Min:  0.0, Avg:  0.3, Max:  0.4, Diff:  0.4, Sum:  2.3, Workers: 8
[2025-06-17T22:38:06.108+0300][3224][19180][debug][gc,phases] GC(6)     Termination (ms):              Min:  0.0, Avg:  0.2, Max:  0.3, Diff:  0.2, Sum:  1.7, Workers: 8
[2025-06-17T22:38:06.108+0300][3224][19180][debug][gc,phases] GC(6)       Termination Attempts:          Min: 1, Avg:  4.9, Max: 8, Diff: 7, Sum: 39, Workers: 8
[2025-06-17T22:38:06.108+0300][3224][19180][debug][gc,phases] GC(6)     GC Worker Other (ms):          Min:  0.1, Avg:  0.1, Max:  0.1, Diff:  0.0, Sum:  0.6, Workers: 8
[2025-06-17T22:38:06.108+0300][3224][19180][debug][gc,phases] GC(6)     GC Worker Total (ms):          Min:  0.3, Avg:  0.9, Max:  1.0, Diff:  0.8, Sum:  7.6, Workers: 8
[2025-06-17T22:38:06.108+0300][3224][19180][info ][gc,phases] GC(6)   Post Evacuate Collection Set: 0.9ms
[2025-06-17T22:38:06.108+0300][3224][19180][debug][gc,phases] GC(6)     NMethod List Cleanup: 0.1ms
[2025-06-17T22:38:06.108+0300][3224][19180][debug][gc,phases] GC(6)     Reference Processing: 0.1ms
[2025-06-17T22:38:06.108+0300][3224][19180][debug][gc,phases] GC(6)     Weak Processing: 0.1ms
[2025-06-17T22:38:06.108+0300][3224][19180][debug][gc,phases] GC(6)       VM Weak                        Min:  0.0, Avg:  0.0, Max:  0.0, Diff:  0.0, Sum:  0.0, Workers: 8
[2025-06-17T22:38:06.108+0300][3224][19180][debug][gc,phases] GC(6)         Dead                           Min: 0, Avg:  0.0, Max: 0, Diff: 0, Sum: 0, Workers: 8
[2025-06-17T22:38:06.108+0300][3224][19180][debug][gc,phases] GC(6)         Total                          Min: 0, Avg: 46.2, Max: 64, Diff: 64, Sum: 370, Workers: 8
[2025-06-17T22:38:06.108+0300][3224][19180][debug][gc,phases] GC(6)       ObjectSynchronizer Weak        Min:  0.0, Avg:  0.0, Max:  0.0, Diff:  0.0, Sum:  0.0, Workers: 8
[2025-06-17T22:38:06.108+0300][3224][19180][debug][gc,phases] GC(6)         Dead                           Min: 0, Avg:  0.0, Max: 0, Diff: 0, Sum: 0, Workers: 8
[2025-06-17T22:38:06.108+0300][3224][19180][debug][gc,phases] GC(6)         Total                          Min: 0, Avg: 18.6, Max: 64, Diff: 64, Sum: 149, Workers: 8
[2025-06-17T22:38:06.108+0300][3224][19180][debug][gc,phases] GC(6)       JVMTI Tag Weak OopStorage      Min:  0.0, Avg:  0.0, Max:  0.0, Diff:  0.0, Sum:  0.0, Workers: 8
[2025-06-17T22:38:06.108+0300][3224][19180][debug][gc,phases] GC(6)         Dead                           Min: 0, Avg:  0.0, Max: 0, Diff: 0, Sum: 0, Workers: 8
[2025-06-17T22:38:06.108+0300][3224][19180][debug][gc,phases] GC(6)         Total                          Min: 0, Avg:  0.0, Max: 0, Diff: 0, Sum: 0, Workers: 8
[2025-06-17T22:38:06.108+0300][3224][19180][debug][gc,phases] GC(6)       StringTable Weak               Min:  0.0, Avg:  0.0, Max:  0.0, Diff:  0.0, Sum:  0.1, Workers: 8
[2025-06-17T22:38:06.108+0300][3224][19180][debug][gc,phases] GC(6)         Dead                           Min: 0, Avg:  0.0, Max: 0, Diff: 0, Sum: 0, Workers: 8
[2025-06-17T22:38:06.108+0300][3224][19180][debug][gc,phases] GC(6)         Total                          Min: 0, Avg: 769.8, Max: 960, Diff: 960, Sum: 6158, Workers: 8
[2025-06-17T22:38:06.108+0300][3224][19180][debug][gc,phases] GC(6)       ResolvedMethodTable Weak       Min:  0.0, Avg:  0.0, Max:  0.0, Diff:  0.0, Sum:  0.0, Workers: 8
[2025-06-17T22:38:06.108+0300][3224][19180][debug][gc,phases] GC(6)         Dead                           Min: 0, Avg:  0.0, Max: 0, Diff: 0, Sum: 0, Workers: 8
[2025-06-17T22:38:06.108+0300][3224][19180][debug][gc,phases] GC(6)         Total                          Min: 0, Avg: 108.8, Max: 230, Diff: 230, Sum: 870, Workers: 8
[2025-06-17T22:38:06.108+0300][3224][19180][debug][gc,phases] GC(6)       JNI Weak                       Min:  0.0, Avg:  0.0, Max:  0.0, Diff:  0.0, Sum:  0.0, Workers: 8
[2025-06-17T22:38:06.108+0300][3224][19180][debug][gc,phases] GC(6)         Dead                           Min: 0, Avg:  0.0, Max: 0, Diff: 0, Sum: 0, Workers: 8
[2025-06-17T22:38:06.108+0300][3224][19180][debug][gc,phases] GC(6)         Total                          Min: 0, Avg:  0.0, Max: 0, Diff: 0, Sum: 0, Workers: 8
[2025-06-17T22:38:06.108+0300][3224][19180][debug][gc,phases] GC(6)       StringDedup Table Weak         Min:  0.0, Avg:  0.0, Max:  0.0, Diff:  0.0, Sum:  0.0, Workers: 8
[2025-06-17T22:38:06.108+0300][3224][19180][debug][gc,phases] GC(6)         Dead                           Min: 0, Avg:  0.0, Max: 0, Diff: 0, Sum: 0, Workers: 8
[2025-06-17T22:38:06.108+0300][3224][19180][debug][gc,phases] GC(6)         Total                          Min: 0, Avg:  0.0, Max: 0, Diff: 0, Sum: 0, Workers: 8
[2025-06-17T22:38:06.108+0300][3224][19180][debug][gc,phases] GC(6)       StringDedup Requests0 Weak     Min:  0.0, Avg:  0.0, Max:  0.0, Diff:  0.0, Sum:  0.0, Workers: 8
[2025-06-17T22:38:06.108+0300][3224][19180][debug][gc,phases] GC(6)         Dead                           Min: 0, Avg:  0.0, Max: 0, Diff: 0, Sum: 0, Workers: 8
[2025-06-17T22:38:06.108+0300][3224][19180][debug][gc,phases] GC(6)         Total                          Min: 0, Avg:  0.0, Max: 0, Diff: 0, Sum: 0, Workers: 8
[2025-06-17T22:38:06.108+0300][3224][19180][debug][gc,phases] GC(6)       StringDedup Requests1 Weak     Min:  0.0, Avg:  0.0, Max:  0.0, Diff:  0.0, Sum:  0.0, Workers: 8
[2025-06-17T22:38:06.108+0300][3224][19180][debug][gc,phases] GC(6)         Dead                           Min: 0, Avg:  0.0, Max: 0, Diff: 0, Sum: 0, Workers: 8
[2025-06-17T22:38:06.108+0300][3224][19180][debug][gc,phases] GC(6)         Total                          Min: 0, Avg:  0.0, Max: 0, Diff: 0, Sum: 0, Workers: 8
[2025-06-17T22:38:06.108+0300][3224][19180][debug][gc,phases] GC(6)       Weak JFR Old Object Samples    Min:  0.0, Avg:  0.0, Max:  0.0, Diff:  0.0, Sum:  0.0, Workers: 8
[2025-06-17T22:38:06.108+0300][3224][19180][debug][gc,phases] GC(6)         Dead                           Min: 0, Avg:  0.0, Max: 0, Diff: 0, Sum: 0, Workers: 8
[2025-06-17T22:38:06.108+0300][3224][19180][debug][gc,phases] GC(6)         Total                          Min: 0, Avg:  0.0, Max: 0, Diff: 0, Sum: 0, Workers: 8
[2025-06-17T22:38:06.108+0300][3224][19180][debug][gc,phases] GC(6)     Post Evacuate Cleanup 1: 0.2ms
[2025-06-17T22:38:06.108+0300][3224][19180][debug][gc,phases] GC(6)       Merge Per-Thread State (ms):   Min:  0.1, Avg:  0.1, Max:  0.1, Diff:  0.0, Sum:  0.1, Workers: 1
[2025-06-17T22:38:06.108+0300][3224][19180][debug][gc,phases] GC(6)         Copied Bytes                   Min: 0, Avg: 195610.0, Max: 377272, Diff: 377272, Sum: 1564880, Workers: 8
[2025-06-17T22:38:06.108+0300][3224][19180][debug][gc,phases] GC(6)         LAB Waste                      Min: 0, Avg: 326.0, Max: 976, Diff: 976, Sum: 2608, Workers: 8
[2025-06-17T22:38:06.108+0300][3224][19180][debug][gc,phases] GC(6)         LAB Undo Waste                 Min: 0, Avg: 2050.0, Max: 16400, Diff: 16400, Sum: 16400, Workers: 8
[2025-06-17T22:38:06.108+0300][3224][19180][debug][gc,phases] GC(6)       Clear Logged Cards (ms):       Min:  0.0, Avg:  0.1, Max:  0.2, Diff:  0.2, Sum:  0.5, Workers: 5
[2025-06-17T22:38:06.108+0300][3224][19180][debug][gc,phases] GC(6)       Recalculate Used Memory (ms):  Min:  0.0, Avg:  0.0, Max:  0.0, Diff:  0.0, Sum:  0.0, Workers: 1
[2025-06-17T22:38:06.108+0300][3224][19180][debug][gc,phases] GC(6)     Post Evacuate Cleanup 2: 0.3ms
[2025-06-17T22:38:06.108+0300][3224][19180][debug][gc,phases] GC(6)       Update Derived Pointers (ms):  Min:  0.0, Avg:  0.0, Max:  0.0, Diff:  0.0, Sum:  0.0, Workers: 1
[2025-06-17T22:38:06.108+0300][3224][19180][debug][gc,phases] GC(6)       Eagerly Reclaim Humongous Objects (ms): Min:  0.0, Avg:  0.0, Max:  0.0, Diff:  0.0, Sum:  0.0, Workers: 1
[2025-06-17T22:38:06.108+0300][3224][19180][debug][gc,phases] GC(6)         Humongous Total                Min: 3, Avg:  3.0, Max: 3, Diff: 0, Sum: 3, Workers: 1
[2025-06-17T22:38:06.108+0300][3224][19180][debug][gc,phases] GC(6)         Humongous Candidates           Min: 3, Avg:  3.0, Max: 3, Diff: 0, Sum: 3, Workers: 1
[2025-06-17T22:38:06.108+0300][3224][19180][debug][gc,phases] GC(6)         Humongous Reclaimed            Min: 0, Avg:  0.0, Max: 0, Diff: 0, Sum: 0, Workers: 1
[2025-06-17T22:38:06.108+0300][3224][19180][debug][gc,phases] GC(6)       Redirty Logged Cards (ms):     Min:  0.0, Avg:  0.0, Max:  0.0, Diff:  0.0, Sum:  0.0, Workers: 8
[2025-06-17T22:38:06.108+0300][3224][19180][debug][gc,phases] GC(6)         Redirtied Cards:               Min: 0, Avg: 28.8, Max: 230, Diff: 230, Sum: 230, Workers: 8
[2025-06-17T22:38:06.108+0300][3224][19180][debug][gc,phases] GC(6)       Resize TLABs (ms):             Min:  0.0, Avg:  0.0, Max:  0.0, Diff:  0.0, Sum:  0.0, Workers: 8
[2025-06-17T22:38:06.108+0300][3224][19180][debug][gc,phases] GC(6)       Free Collection Set (ms):      Min:  0.0, Avg:  0.2, Max:  0.3, Diff:  0.2, Sum:  1.8, Workers: 8
[2025-06-17T22:38:06.108+0300][3224][19180][debug][gc,phases] GC(6)     Rebuild Free List: 0.1ms
[2025-06-17T22:38:06.108+0300][3224][19180][debug][gc,phases] GC(6)     Prepare For Mutator: 0.0ms
[2025-06-17T22:38:06.108+0300][3224][19180][debug][gc,phases] GC(6)     Expand Heap After Collection: 0.0ms
[2025-06-17T22:38:06.108+0300][3224][19180][info ][gc,phases] GC(6)   Other: 0.1ms
[2025-06-17T22:38:06.108+0300][3224][19180][info ][gc,heap  ] GC(6) Eden regions: 1226->0(1226)
[2025-06-17T22:38:06.108+0300][3224][19180][info ][gc,heap  ] GC(6) Survivor regions: 2->2(154)
[2025-06-17T22:38:06.108+0300][3224][19180][info ][gc,heap  ] GC(6) Old regions: 10->10
[2025-06-17T22:38:06.108+0300][3224][19180][info ][gc,heap  ] GC(6) Humongous regions: 9->9
[2025-06-17T22:38:06.108+0300][3224][19180][debug][gc,heap  ] GC(6) Heap after GC invocations=7 (full 1):
[2025-06-17T22:38:06.108+0300][3224][19180][debug][gc,heap  ] GC(6)  garbage-first heap   total 2097152K, used 13772K [0x0000000080000000, 0x0000000100000000)
[2025-06-17T22:38:06.108+0300][3224][19180][debug][gc,heap  ] GC(6)   region size 1024K, 2 young (2048K), 2 survivors (2048K)
[2025-06-17T22:38:06.108+0300][3224][19180][debug][gc,heap  ] GC(6)  Metaspace       used 8962K, committed 9536K, reserved 1114112K
[2025-06-17T22:38:06.108+0300][3224][19180][debug][gc,heap  ] GC(6)   class space    used 978K, committed 1216K, reserved 1048576K
[2025-06-17T22:38:06.108+0300][3224][19180][info ][gc       ] GC(6) Pause Young (Normal) (G1 Evacuation Pause) 1239M->13M(2048M) 4.331ms
[2025-06-17T22:38:06.108+0300][3224][19180][info ][safepoint] Safepoint "G1CollectForAllocation", Time since last: 304820800 ns, Reaching safepoint: 204100 ns, Cleanup: 21600 ns, At safepoint: 4383200 ns, Total: 4608900 ns
[2025-06-17T22:38:06.455+0300][3224][19180][debug][safepoint] Safepoint synchronization initiated using striped semaphore wait barrier. (20 threads)
[2025-06-17T22:38:06.455+0300][3224][13220][debug][safepoint] ... found polling page loop exception at pc = 0x00000275901bda60, stub =0x000002758fbb5d80
[2025-06-17T22:38:06.455+0300][3224][19220][debug][safepoint] ... found polling page loop exception at pc = 0x00000275901d1722, stub =0x000002758fbb6600
[2025-06-17T22:38:06.455+0300][3224][1792 ][debug][safepoint] ... found polling page loop exception at pc = 0x00000275901bda60, stub =0x000002758fbb5d80
[2025-06-17T22:38:06.455+0300][3224][20944][debug][safepoint] ... found polling page loop exception at pc = 0x00000275901d1722, stub =0x000002758fbb6600
[2025-06-17T22:38:06.455+0300][3224][19180][debug][gc,heap  ] GC(7) Heap before GC invocations=7 (full 1):
[2025-06-17T22:38:06.455+0300][3224][19180][debug][gc,heap  ] GC(7)  garbage-first heap   total 2097152K, used 1269196K [0x0000000080000000, 0x0000000100000000)
[2025-06-17T22:38:06.455+0300][3224][19180][debug][gc,heap  ] GC(7)   region size 1024K, 1228 young (1257472K), 2 survivors (2048K)
[2025-06-17T22:38:06.455+0300][3224][19180][debug][gc,heap  ] GC(7)  Metaspace       used 8972K, committed 9536K, reserved 1114112K
[2025-06-17T22:38:06.455+0300][3224][19180][debug][gc,heap  ] GC(7)   class space    used 978K, committed 1216K, reserved 1048576K
[2025-06-17T22:38:06.455+0300][3224][19180][info ][gc,phases] GC(7)   Pre Evacuate Collection Set: 0.3ms
[2025-06-17T22:38:06.455+0300][3224][19180][debug][gc,phases] GC(7)     Pre Evacuate Prepare: 0.0ms
[2025-06-17T22:38:06.455+0300][3224][19180][debug][gc,phases] GC(7)       JT Retire TLABs And Flush Logs (ms): Min:  0.0, Avg:  0.0, Max:  0.0, Diff:  0.0, Sum:  0.0, Workers: 2
[2025-06-17T22:38:06.455+0300][3224][19180][debug][gc,phases] GC(7)       Non-JT Flush Logs (ms):        Min:  0.0, Avg:  0.0, Max:  0.0, Diff:  0.0, Sum:  0.0, Workers: 1
[2025-06-17T22:38:06.455+0300][3224][19180][debug][gc,phases] GC(7)     Choose Collection Set: 0.0ms
[2025-06-17T22:38:06.455+0300][3224][19180][debug][gc,phases] GC(7)     Region Register: 0.2ms
[2025-06-17T22:38:06.455+0300][3224][19180][debug][gc,phases] GC(7)     Prepare Heap Roots: 0.0ms
[2025-06-17T22:38:06.455+0300][3224][19180][info ][gc,phases] GC(7)   Merge Heap Roots: 0.1ms
[2025-06-17T22:38:06.455+0300][3224][19180][debug][gc,phases] GC(7)     Prepare Merge Heap Roots: 0.0ms
[2025-06-17T22:38:06.455+0300][3224][19180][debug][gc,phases] GC(7)     Remembered Sets (ms):          Min:  0.1, Avg:  0.1, Max:  0.1, Diff:  0.0, Sum:  0.6, Workers: 8
[2025-06-17T22:38:06.455+0300][3224][19180][debug][gc,phases] GC(7)       Eager Reclaim (ms):            Min:  0.0, Avg:  0.0, Max:  0.0, Diff:  0.0, Sum:  0.0, Workers: 1
[2025-06-17T22:38:06.455+0300][3224][19180][debug][gc,phases] GC(7)       Merged Inline                  Min: 0, Avg:  0.0, Max: 0, Diff: 0, Sum: 0, Workers: 8
[2025-06-17T22:38:06.455+0300][3224][19180][debug][gc,phases] GC(7)       Merged ArrayOfCards            Min: 0, Avg:  0.0, Max: 0, Diff: 0, Sum: 0, Workers: 8
[2025-06-17T22:38:06.455+0300][3224][19180][debug][gc,phases] GC(7)       Merged Howl                    Min: 0, Avg:  0.0, Max: 0, Diff: 0, Sum: 0, Workers: 8
[2025-06-17T22:38:06.455+0300][3224][19180][debug][gc,phases] GC(7)       Merged Full                    Min: 0, Avg:  0.0, Max: 0, Diff: 0, Sum: 0, Workers: 8
[2025-06-17T22:38:06.455+0300][3224][19180][debug][gc,phases] GC(7)       Merged Howl Inline             Min: 0, Avg:  0.0, Max: 0, Diff: 0, Sum: 0, Workers: 8
[2025-06-17T22:38:06.455+0300][3224][19180][debug][gc,phases] GC(7)       Merged Howl ArrayOfCards       Min: 0, Avg:  0.0, Max: 0, Diff: 0, Sum: 0, Workers: 8
[2025-06-17T22:38:06.455+0300][3224][19180][debug][gc,phases] GC(7)       Merged Howl BitMap             Min: 0, Avg:  0.0, Max: 0, Diff: 0, Sum: 0, Workers: 8
[2025-06-17T22:38:06.455+0300][3224][19180][debug][gc,phases] GC(7)       Merged Howl Full               Min: 0, Avg:  0.0, Max: 0, Diff: 0, Sum: 0, Workers: 8
[2025-06-17T22:38:06.455+0300][3224][19180][debug][gc,phases] GC(7)       Merged Cards                   Min: 8, Avg:  9.0, Max: 16, Diff: 8, Sum: 72, Workers: 8
[2025-06-17T22:38:06.455+0300][3224][19180][debug][gc,phases] GC(7)     Log Buffers (ms):              Min:  0.0, Avg:  0.0, Max:  0.0, Diff:  0.0, Sum:  0.0, Workers: 8
[2025-06-17T22:38:06.455+0300][3224][19180][debug][gc,phases] GC(7)       Dirty Cards:                   Min: 0, Avg: 29.1, Max: 146, Diff: 146, Sum: 233, Workers: 8
[2025-06-17T22:38:06.455+0300][3224][19180][debug][gc,phases] GC(7)       Skipped Cards:                 Min: 0, Avg:  0.0, Max: 0, Diff: 0, Sum: 0, Workers: 8
[2025-06-17T22:38:06.455+0300][3224][19180][info ][gc,phases] GC(7)   Evacuate Collection Set: 1.0ms
[2025-06-17T22:38:06.455+0300][3224][19180][debug][gc,phases] GC(7)     Ext Root Scanning (ms):        Min:  0.0, Avg:  0.1, Max:  0.4, Diff:  0.4, Sum:  0.7, Workers: 8
[2025-06-17T22:38:06.455+0300][3224][19180][debug][gc,phases] GC(7)     Scan Heap Roots (ms):          Min:  0.0, Avg:  0.0, Max:  0.1, Diff:  0.1, Sum:  0.3, Workers: 8
[2025-06-17T22:38:06.455+0300][3224][19180][debug][gc,phases] GC(7)       Scanned Cards:                 Min: 0, Avg: 28.9, Max: 67, Diff: 67, Sum: 231, Workers: 8
[2025-06-17T22:38:06.455+0300][3224][19180][debug][gc,phases] GC(7)       Scanned Blocks:                Min: 0, Avg: 18.0, Max: 47, Diff: 47, Sum: 144, Workers: 8
[2025-06-17T22:38:06.455+0300][3224][19180][debug][gc,phases] GC(7)       Claimed Chunks:                Min: 0, Avg:  6.9, Max: 15, Diff: 15, Sum: 55, Workers: 8
[2025-06-17T22:38:06.455+0300][3224][19180][debug][gc,phases] GC(7)       Found Roots:                   Min: 0, Avg: 147.0, Max: 357, Diff: 357, Sum: 1176, Workers: 8
[2025-06-17T22:38:06.455+0300][3224][19180][debug][gc,phases] GC(7)     Code Root Scan (ms):           Min:  0.1, Avg:  0.2, Max:  0.4, Diff:  0.3, Sum:  2.0, Workers: 8
[2025-06-17T22:38:06.455+0300][3224][19180][debug][gc,phases] GC(7)       Scanned Nmethods               Min: 0, Avg: 49.6, Max: 102, Diff: 102, Sum: 397, Workers: 8
[2025-06-17T22:38:06.455+0300][3224][19180][debug][gc,phases] GC(7)     Object Copy (ms):              Min:  0.0, Avg:  0.3, Max:  0.5, Diff:  0.5, Sum:  2.0, Workers: 8
[2025-06-17T22:38:06.455+0300][3224][19180][debug][gc,phases] GC(7)     Termination (ms):              Min:  0.0, Avg:  0.1, Max:  0.2, Diff:  0.2, Sum:  1.2, Workers: 8
[2025-06-17T22:38:06.455+0300][3224][19180][debug][gc,phases] GC(7)       Termination Attempts:          Min: 1, Avg:  1.0, Max: 1, Diff: 0, Sum: 8, Workers: 8
[2025-06-17T22:38:06.455+0300][3224][19180][debug][gc,phases] GC(7)     GC Worker Other (ms):          Min:  0.1, Avg:  0.2, Max:  0.9, Diff:  0.8, Sum:  1.5, Workers: 8
[2025-06-17T22:38:06.455+0300][3224][19180][debug][gc,phases] GC(7)     GC Worker Total (ms):          Min:  0.9, Avg:  1.0, Max:  1.0, Diff:  0.0, Sum:  7.7, Workers: 8
[2025-06-17T22:38:06.455+0300][3224][19180][info ][gc,phases] GC(7)   Post Evacuate Collection Set: 0.7ms
[2025-06-17T22:38:06.455+0300][3224][19180][debug][gc,phases] GC(7)     NMethod List Cleanup: 0.0ms
[2025-06-17T22:38:06.455+0300][3224][19180][debug][gc,phases] GC(7)     Reference Processing: 0.1ms
[2025-06-17T22:38:06.455+0300][3224][19180][debug][gc,phases] GC(7)     Weak Processing: 0.1ms
[2025-06-17T22:38:06.455+0300][3224][19180][debug][gc,phases] GC(7)       VM Weak                        Min:  0.0, Avg:  0.0, Max:  0.0, Diff:  0.0, Sum:  0.0, Workers: 8
[2025-06-17T22:38:06.455+0300][3224][19180][debug][gc,phases] GC(7)         Dead                           Min: 0, Avg:  0.0, Max: 0, Diff: 0, Sum: 0, Workers: 8
[2025-06-17T22:38:06.455+0300][3224][19180][debug][gc,phases] GC(7)         Total                          Min: 0, Avg: 46.2, Max: 64, Diff: 64, Sum: 370, Workers: 8
[2025-06-17T22:38:06.455+0300][3224][19180][debug][gc,phases] GC(7)       ObjectSynchronizer Weak        Min:  0.0, Avg:  0.0, Max:  0.0, Diff:  0.0, Sum:  0.0, Workers: 8
[2025-06-17T22:38:06.455+0300][3224][19180][debug][gc,phases] GC(7)         Dead                           Min: 0, Avg:  0.0, Max: 0, Diff: 0, Sum: 0, Workers: 8
[2025-06-17T22:38:06.455+0300][3224][19180][debug][gc,phases] GC(7)         Total                          Min: 0, Avg: 18.6, Max: 64, Diff: 64, Sum: 149, Workers: 8
[2025-06-17T22:38:06.455+0300][3224][19180][debug][gc,phases] GC(7)       JVMTI Tag Weak OopStorage      Min:  0.0, Avg:  0.0, Max:  0.0, Diff:  0.0, Sum:  0.0, Workers: 8
[2025-06-17T22:38:06.455+0300][3224][19180][debug][gc,phases] GC(7)         Dead                           Min: 0, Avg:  0.0, Max: 0, Diff: 0, Sum: 0, Workers: 8
[2025-06-17T22:38:06.455+0300][3224][19180][debug][gc,phases] GC(7)         Total                          Min: 0, Avg:  0.0, Max: 0, Diff: 0, Sum: 0, Workers: 8
[2025-06-17T22:38:06.455+0300][3224][19180][debug][gc,phases] GC(7)       StringTable Weak               Min:  0.0, Avg:  0.0, Max:  0.0, Diff:  0.0, Sum:  0.1, Workers: 8
[2025-06-17T22:38:06.455+0300][3224][19180][debug][gc,phases] GC(7)         Dead                           Min: 0, Avg:  0.0, Max: 0, Diff: 0, Sum: 0, Workers: 8
[2025-06-17T22:38:06.455+0300][3224][19180][debug][gc,phases] GC(7)         Total                          Min: 640, Avg: 770.1, Max: 896, Diff: 256, Sum: 6161, Workers: 8
[2025-06-17T22:38:06.455+0300][3224][19180][debug][gc,phases] GC(7)       ResolvedMethodTable Weak       Min:  0.0, Avg:  0.0, Max:  0.0, Diff:  0.0, Sum:  0.0, Workers: 8
[2025-06-17T22:38:06.455+0300][3224][19180][debug][gc,phases] GC(7)         Dead                           Min: 0, Avg:  0.0, Max: 0, Diff: 0, Sum: 0, Workers: 8
[2025-06-17T22:38:06.455+0300][3224][19180][debug][gc,phases] GC(7)         Total                          Min: 38, Avg: 108.8, Max: 192, Diff: 154, Sum: 870, Workers: 8
[2025-06-17T22:38:06.455+0300][3224][19180][debug][gc,phases] GC(7)       JNI Weak                       Min:  0.0, Avg:  0.0, Max:  0.0, Diff:  0.0, Sum:  0.0, Workers: 8
[2025-06-17T22:38:06.455+0300][3224][19180][debug][gc,phases] GC(7)         Dead                           Min: 0, Avg:  0.0, Max: 0, Diff: 0, Sum: 0, Workers: 8
[2025-06-17T22:38:06.455+0300][3224][19180][debug][gc,phases] GC(7)         Total                          Min: 0, Avg:  0.0, Max: 0, Diff: 0, Sum: 0, Workers: 8
[2025-06-17T22:38:06.455+0300][3224][19180][debug][gc,phases] GC(7)       StringDedup Table Weak         Min:  0.0, Avg:  0.0, Max:  0.0, Diff:  0.0, Sum:  0.0, Workers: 8
[2025-06-17T22:38:06.455+0300][3224][19180][debug][gc,phases] GC(7)         Dead                           Min: 0, Avg:  0.0, Max: 0, Diff: 0, Sum: 0, Workers: 8
[2025-06-17T22:38:06.455+0300][3224][19180][debug][gc,phases] GC(7)         Total                          Min: 0, Avg:  0.0, Max: 0, Diff: 0, Sum: 0, Workers: 8
[2025-06-17T22:38:06.455+0300][3224][19180][debug][gc,phases] GC(7)       StringDedup Requests0 Weak     Min:  0.0, Avg:  0.0, Max:  0.0, Diff:  0.0, Sum:  0.0, Workers: 8
[2025-06-17T22:38:06.455+0300][3224][19180][debug][gc,phases] GC(7)         Dead                           Min: 0, Avg:  0.0, Max: 0, Diff: 0, Sum: 0, Workers: 8
[2025-06-17T22:38:06.455+0300][3224][19180][debug][gc,phases] GC(7)         Total                          Min: 0, Avg:  0.0, Max: 0, Diff: 0, Sum: 0, Workers: 8
[2025-06-17T22:38:06.455+0300][3224][19180][debug][gc,phases] GC(7)       StringDedup Requests1 Weak     Min:  0.0, Avg:  0.0, Max:  0.0, Diff:  0.0, Sum:  0.0, Workers: 8
[2025-06-17T22:38:06.455+0300][3224][19180][debug][gc,phases] GC(7)         Dead                           Min: 0, Avg:  0.0, Max: 0, Diff: 0, Sum: 0, Workers: 8
[2025-06-17T22:38:06.455+0300][3224][19180][debug][gc,phases] GC(7)         Total                          Min: 0, Avg:  0.0, Max: 0, Diff: 0, Sum: 0, Workers: 8
[2025-06-17T22:38:06.455+0300][3224][19180][debug][gc,phases] GC(7)       Weak JFR Old Object Samples    Min:  0.0, Avg:  0.0, Max:  0.0, Diff:  0.0, Sum:  0.0, Workers: 8
[2025-06-17T22:38:06.455+0300][3224][19180][debug][gc,phases] GC(7)         Dead                           Min: 0, Avg:  0.0, Max: 0, Diff: 0, Sum: 0, Workers: 8
[2025-06-17T22:38:06.455+0300][3224][19180][debug][gc,phases] GC(7)         Total                          Min: 0, Avg:  0.0, Max: 0, Diff: 0, Sum: 0, Workers: 8
[2025-06-17T22:38:06.455+0300][3224][19180][debug][gc,phases] GC(7)     Post Evacuate Cleanup 1: 0.2ms
[2025-06-17T22:38:06.455+0300][3224][19180][debug][gc,phases] GC(7)       Merge Per-Thread State (ms):   Min:  0.1, Avg:  0.1, Max:  0.1, Diff:  0.0, Sum:  0.1, Workers: 1
[2025-06-17T22:38:06.455+0300][3224][19180][debug][gc,phases] GC(7)         Copied Bytes                   Min: 0, Avg: 188300.0, Max: 386528, Diff: 386528, Sum: 1506400, Workers: 8
[2025-06-17T22:38:06.455+0300][3224][19180][debug][gc,phases] GC(7)         LAB Waste                      Min: 0, Avg: 321.0, Max: 944, Diff: 944, Sum: 2568, Workers: 8
[2025-06-17T22:38:06.455+0300][3224][19180][debug][gc,phases] GC(7)         LAB Undo Waste                 Min: 0, Avg:  0.0, Max: 0, Diff: 0, Sum: 0, Workers: 8
[2025-06-17T22:38:06.455+0300][3224][19180][debug][gc,phases] GC(7)       Clear Logged Cards (ms):       Min:  0.0, Avg:  0.1, Max:  0.2, Diff:  0.2, Sum:  0.4, Workers: 5
[2025-06-17T22:38:06.455+0300][3224][19180][debug][gc,phases] GC(7)       Recalculate Used Memory (ms):  Min:  0.0, Avg:  0.0, Max:  0.0, Diff:  0.0, Sum:  0.0, Workers: 1
[2025-06-17T22:38:06.455+0300][3224][19180][debug][gc,phases] GC(7)     Post Evacuate Cleanup 2: 0.3ms
[2025-06-17T22:38:06.455+0300][3224][19180][debug][gc,phases] GC(7)       Update Derived Pointers (ms):  Min:  0.0, Avg:  0.0, Max:  0.0, Diff:  0.0, Sum:  0.0, Workers: 1
[2025-06-17T22:38:06.455+0300][3224][19180][debug][gc,phases] GC(7)       Eagerly Reclaim Humongous Objects (ms): Min:  0.0, Avg:  0.0, Max:  0.0, Diff:  0.0, Sum:  0.0, Workers: 1
[2025-06-17T22:38:06.455+0300][3224][19180][debug][gc,phases] GC(7)         Humongous Total                Min: 3, Avg:  3.0, Max: 3, Diff: 0, Sum: 3, Workers: 1
[2025-06-17T22:38:06.455+0300][3224][19180][debug][gc,phases] GC(7)         Humongous Candidates           Min: 3, Avg:  3.0, Max: 3, Diff: 0, Sum: 3, Workers: 1
[2025-06-17T22:38:06.455+0300][3224][19180][debug][gc,phases] GC(7)         Humongous Reclaimed            Min: 0, Avg:  0.0, Max: 0, Diff: 0, Sum: 0, Workers: 1
[2025-06-17T22:38:06.455+0300][3224][19180][debug][gc,phases] GC(7)       Redirty Logged Cards (ms):     Min:  0.0, Avg:  0.0, Max:  0.0, Diff:  0.0, Sum:  0.0, Workers: 8
[2025-06-17T22:38:06.455+0300][3224][19180][debug][gc,phases] GC(7)         Redirtied Cards:               Min: 0, Avg: 28.5, Max: 107, Diff: 107, Sum: 228, Workers: 8
[2025-06-17T22:38:06.455+0300][3224][19180][debug][gc,phases] GC(7)       Resize TLABs (ms):             Min:  0.0, Avg:  0.0, Max:  0.0, Diff:  0.0, Sum:  0.0, Workers: 8
[2025-06-17T22:38:06.455+0300][3224][19180][debug][gc,phases] GC(7)       Free Collection Set (ms):      Min:  0.2, Avg:  0.2, Max:  0.2, Diff:  0.0, Sum:  1.7, Workers: 8
[2025-06-17T22:38:06.455+0300][3224][19180][debug][gc,phases] GC(7)     Rebuild Free List: 0.1ms
[2025-06-17T22:38:06.455+0300][3224][19180][debug][gc,phases] GC(7)     Prepare For Mutator: 0.0ms
[2025-06-17T22:38:06.455+0300][3224][19180][debug][gc,phases] GC(7)     Expand Heap After Collection: 0.0ms
[2025-06-17T22:38:06.455+0300][3224][19180][info ][gc,phases] GC(7)   Other: 0.1ms
[2025-06-17T22:38:06.455+0300][3224][19180][info ][gc,heap  ] GC(7) Eden regions: 1226->0(1226)
[2025-06-17T22:38:06.455+0300][3224][19180][info ][gc,heap  ] GC(7) Survivor regions: 2->2(154)
[2025-06-17T22:38:06.455+0300][3224][19180][info ][gc,heap  ] GC(7) Old regions: 10->10
[2025-06-17T22:38:06.455+0300][3224][19180][info ][gc,heap  ] GC(7) Humongous regions: 9->9
[2025-06-17T22:38:06.455+0300][3224][19180][debug][gc,heap  ] GC(7) Heap after GC invocations=8 (full 1):
[2025-06-17T22:38:06.455+0300][3224][19180][debug][gc,heap  ] GC(7)  garbage-first heap   total 2097152K, used 13742K [0x0000000080000000, 0x0000000100000000)
[2025-06-17T22:38:06.455+0300][3224][19180][debug][gc,heap  ] GC(7)   region size 1024K, 2 young (2048K), 2 survivors (2048K)
[2025-06-17T22:38:06.455+0300][3224][19180][debug][gc,heap  ] GC(7)  Metaspace       used 8972K, committed 9536K, reserved 1114112K
[2025-06-17T22:38:06.455+0300][3224][19180][debug][gc,heap  ] GC(7)   class space    used 978K, committed 1216K, reserved 1048576K
[2025-06-17T22:38:06.455+0300][3224][19180][info ][gc       ] GC(7) Pause Young (Normal) (G1 Evacuation Pause) 1239M->13M(2048M) 3.537ms
[2025-06-17T22:38:06.455+0300][3224][19180][info ][safepoint] Safepoint "G1CollectForAllocation", Time since last: 342166500 ns, Reaching safepoint: 292500 ns, Cleanup: 19500 ns, At safepoint: 3582100 ns, Total: 3894100 ns
[2025-06-17T22:38:06.753+0300][3224][19180][debug][safepoint] Safepoint synchronization initiated using striped semaphore wait barrier. (19 threads)
[2025-06-17T22:38:06.753+0300][3224][1792 ][debug][safepoint] ... found polling page loop exception at pc = 0x00000275901bda60, stub =0x000002758fbb5d80
[2025-06-17T22:38:06.753+0300][3224][10256][debug][safepoint] ... found polling page loop exception at pc = 0x00000275901d1722, stub =0x000002758fbb6600
[2025-06-17T22:38:06.753+0300][3224][19220][debug][safepoint] ... found polling page loop exception at pc = 0x00000275901bda60, stub =0x000002758fbb5d80
[2025-06-17T22:38:06.753+0300][3224][19180][debug][gc,heap  ] GC(8) Heap before GC invocations=8 (full 1):
[2025-06-17T22:38:06.753+0300][3224][19180][debug][gc,heap  ] GC(8)  garbage-first heap   total 2097152K, used 1269166K [0x0000000080000000, 0x0000000100000000)
[2025-06-17T22:38:06.753+0300][3224][19180][debug][gc,heap  ] GC(8)   region size 1024K, 1228 young (1257472K), 2 survivors (2048K)
[2025-06-17T22:38:06.753+0300][3224][19180][debug][gc,heap  ] GC(8)  Metaspace       used 8977K, committed 9536K, reserved 1114112K
[2025-06-17T22:38:06.753+0300][3224][19180][debug][gc,heap  ] GC(8)   class space    used 978K, committed 1216K, reserved 1048576K
[2025-06-17T22:38:06.753+0300][3224][19180][info ][gc,phases] GC(8)   Pre Evacuate Collection Set: 0.3ms
[2025-06-17T22:38:06.753+0300][3224][19180][debug][gc,phases] GC(8)     Pre Evacuate Prepare: 0.0ms
[2025-06-17T22:38:06.753+0300][3224][19180][debug][gc,phases] GC(8)       JT Retire TLABs And Flush Logs (ms): Min:  0.0, Avg:  0.0, Max:  0.0, Diff:  0.0, Sum:  0.0, Workers: 2
[2025-06-17T22:38:06.753+0300][3224][19180][debug][gc,phases] GC(8)       Non-JT Flush Logs (ms):        Min:  0.0, Avg:  0.0, Max:  0.0, Diff:  0.0, Sum:  0.0, Workers: 1
[2025-06-17T22:38:06.753+0300][3224][19180][debug][gc,phases] GC(8)     Choose Collection Set: 0.0ms
[2025-06-17T22:38:06.753+0300][3224][19180][debug][gc,phases] GC(8)     Region Register: 0.2ms
[2025-06-17T22:38:06.753+0300][3224][19180][debug][gc,phases] GC(8)     Prepare Heap Roots: 0.0ms
[2025-06-17T22:38:06.753+0300][3224][19180][info ][gc,phases] GC(8)   Merge Heap Roots: 0.1ms
[2025-06-17T22:38:06.753+0300][3224][19180][debug][gc,phases] GC(8)     Prepare Merge Heap Roots: 0.0ms
[2025-06-17T22:38:06.753+0300][3224][19180][debug][gc,phases] GC(8)     Remembered Sets (ms):          Min:  0.1, Avg:  0.1, Max:  0.1, Diff:  0.0, Sum:  0.6, Workers: 8
[2025-06-17T22:38:06.753+0300][3224][19180][debug][gc,phases] GC(8)       Eager Reclaim (ms):            Min:  0.0, Avg:  0.0, Max:  0.0, Diff:  0.0, Sum:  0.0, Workers: 1
[2025-06-17T22:38:06.753+0300][3224][19180][debug][gc,phases] GC(8)       Merged Inline                  Min: 0, Avg:  0.0, Max: 0, Diff: 0, Sum: 0, Workers: 8
[2025-06-17T22:38:06.753+0300][3224][19180][debug][gc,phases] GC(8)       Merged ArrayOfCards            Min: 0, Avg:  0.0, Max: 0, Diff: 0, Sum: 0, Workers: 8
[2025-06-17T22:38:06.753+0300][3224][19180][debug][gc,phases] GC(8)       Merged Howl                    Min: 0, Avg:  0.0, Max: 0, Diff: 0, Sum: 0, Workers: 8
[2025-06-17T22:38:06.753+0300][3224][19180][debug][gc,phases] GC(8)       Merged Full                    Min: 0, Avg:  0.0, Max: 0, Diff: 0, Sum: 0, Workers: 8
[2025-06-17T22:38:06.753+0300][3224][19180][debug][gc,phases] GC(8)       Merged Howl Inline             Min: 0, Avg:  0.0, Max: 0, Diff: 0, Sum: 0, Workers: 8
[2025-06-17T22:38:06.753+0300][3224][19180][debug][gc,phases] GC(8)       Merged Howl ArrayOfCards       Min: 0, Avg:  0.0, Max: 0, Diff: 0, Sum: 0, Workers: 8
[2025-06-17T22:38:06.753+0300][3224][19180][debug][gc,phases] GC(8)       Merged Howl BitMap             Min: 0, Avg:  0.0, Max: 0, Diff: 0, Sum: 0, Workers: 8
[2025-06-17T22:38:06.753+0300][3224][19180][debug][gc,phases] GC(8)       Merged Howl Full               Min: 0, Avg:  0.0, Max: 0, Diff: 0, Sum: 0, Workers: 8
[2025-06-17T22:38:06.753+0300][3224][19180][debug][gc,phases] GC(8)       Merged Cards                   Min: 8, Avg:  9.0, Max: 16, Diff: 8, Sum: 72, Workers: 8
[2025-06-17T22:38:06.753+0300][3224][19180][debug][gc,phases] GC(8)     Log Buffers (ms):              Min:  0.0, Avg:  0.0, Max:  0.0, Diff:  0.0, Sum:  0.0, Workers: 8
[2025-06-17T22:38:06.753+0300][3224][19180][debug][gc,phases] GC(8)       Dirty Cards:                   Min: 0, Avg: 28.9, Max: 107, Diff: 107, Sum: 231, Workers: 8
[2025-06-17T22:38:06.753+0300][3224][19180][debug][gc,phases] GC(8)       Skipped Cards:                 Min: 0, Avg:  0.0, Max: 0, Diff: 0, Sum: 0, Workers: 8
[2025-06-17T22:38:06.753+0300][3224][19180][info ][gc,phases] GC(8)   Evacuate Collection Set: 1.0ms
[2025-06-17T22:38:06.753+0300][3224][19180][debug][gc,phases] GC(8)     Ext Root Scanning (ms):        Min:  0.0, Avg:  0.1, Max:  0.4, Diff:  0.4, Sum:  0.7, Workers: 8
[2025-06-17T22:38:06.753+0300][3224][19180][debug][gc,phases] GC(8)     Scan Heap Roots (ms):          Min:  0.0, Avg:  0.0, Max:  0.1, Diff:  0.1, Sum:  0.3, Workers: 8
[2025-06-17T22:38:06.753+0300][3224][19180][debug][gc,phases] GC(8)       Scanned Cards:                 Min: 0, Avg: 28.9, Max: 58, Diff: 58, Sum: 231, Workers: 8
[2025-06-17T22:38:06.753+0300][3224][19180][debug][gc,phases] GC(8)       Scanned Blocks:                Min: 0, Avg: 18.0, Max: 43, Diff: 43, Sum: 144, Workers: 8
[2025-06-17T22:38:06.753+0300][3224][19180][debug][gc,phases] GC(8)       Claimed Chunks:                Min: 0, Avg:  6.9, Max: 14, Diff: 14, Sum: 55, Workers: 8
[2025-06-17T22:38:06.753+0300][3224][19180][debug][gc,phases] GC(8)       Found Roots:                   Min: 0, Avg: 147.0, Max: 422, Diff: 422, Sum: 1176, Workers: 8
[2025-06-17T22:38:06.753+0300][3224][19180][debug][gc,phases] GC(8)     Code Root Scan (ms):           Min:  0.1, Avg:  0.2, Max:  0.4, Diff:  0.3, Sum:  1.9, Workers: 8
[2025-06-17T22:38:06.753+0300][3224][19180][debug][gc,phases] GC(8)       Scanned Nmethods               Min: 0, Avg: 50.2, Max: 100, Diff: 100, Sum: 402, Workers: 8
[2025-06-17T22:38:06.753+0300][3224][19180][debug][gc,phases] GC(8)     Object Copy (ms):              Min:  0.0, Avg:  0.3, Max:  0.5, Diff:  0.5, Sum:  2.1, Workers: 8
[2025-06-17T22:38:06.753+0300][3224][19180][debug][gc,phases] GC(8)     Termination (ms):              Min:  0.0, Avg:  0.1, Max:  0.2, Diff:  0.2, Sum:  1.2, Workers: 8
[2025-06-17T22:38:06.753+0300][3224][19180][debug][gc,phases] GC(8)       Termination Attempts:          Min: 1, Avg:  1.0, Max: 1, Diff: 0, Sum: 8, Workers: 8
[2025-06-17T22:38:06.753+0300][3224][19180][debug][gc,phases] GC(8)     GC Worker Other (ms):          Min:  0.1, Avg:  0.1, Max:  0.1, Diff:  0.0, Sum:  0.6, Workers: 8
[2025-06-17T22:38:06.753+0300][3224][19180][debug][gc,phases] GC(8)     GC Worker Total (ms):          Min:  0.2, Avg:  0.8, Max:  0.9, Diff:  0.8, Sum:  6.8, Workers: 8
[2025-06-17T22:38:06.753+0300][3224][19180][info ][gc,phases] GC(8)   Post Evacuate Collection Set: 0.8ms
[2025-06-17T22:38:06.753+0300][3224][19180][debug][gc,phases] GC(8)     NMethod List Cleanup: 0.1ms
[2025-06-17T22:38:06.753+0300][3224][19180][debug][gc,phases] GC(8)     Reference Processing: 0.1ms
[2025-06-17T22:38:06.753+0300][3224][19180][debug][gc,phases] GC(8)     Weak Processing: 0.1ms
[2025-06-17T22:38:06.753+0300][3224][19180][debug][gc,phases] GC(8)       VM Weak                        Min:  0.0, Avg:  0.0, Max:  0.0, Diff:  0.0, Sum:  0.0, Workers: 8
[2025-06-17T22:38:06.753+0300][3224][19180][debug][gc,phases] GC(8)         Dead                           Min: 0, Avg:  0.0, Max: 0, Diff: 0, Sum: 0, Workers: 8
[2025-06-17T22:38:06.753+0300][3224][19180][debug][gc,phases] GC(8)         Total                          Min: 0, Avg: 46.2, Max: 178, Diff: 178, Sum: 370, Workers: 8
[2025-06-17T22:38:06.753+0300][3224][19180][debug][gc,phases] GC(8)       ObjectSynchronizer Weak        Min:  0.0, Avg:  0.0, Max:  0.0, Diff:  0.0, Sum:  0.0, Workers: 8
[2025-06-17T22:38:06.753+0300][3224][19180][debug][gc,phases] GC(8)         Dead                           Min: 0, Avg:  0.0, Max: 0, Diff: 0, Sum: 0, Workers: 8
[2025-06-17T22:38:06.753+0300][3224][19180][debug][gc,phases] GC(8)         Total                          Min: 0, Avg: 18.6, Max: 64, Diff: 64, Sum: 149, Workers: 8
[2025-06-17T22:38:06.753+0300][3224][19180][debug][gc,phases] GC(8)       JVMTI Tag Weak OopStorage      Min:  0.0, Avg:  0.0, Max:  0.0, Diff:  0.0, Sum:  0.0, Workers: 8
[2025-06-17T22:38:06.753+0300][3224][19180][debug][gc,phases] GC(8)         Dead                           Min: 0, Avg:  0.0, Max: 0, Diff: 0, Sum: 0, Workers: 8
[2025-06-17T22:38:06.753+0300][3224][19180][debug][gc,phases] GC(8)         Total                          Min: 0, Avg:  0.0, Max: 0, Diff: 0, Sum: 0, Workers: 8
[2025-06-17T22:38:06.753+0300][3224][19180][debug][gc,phases] GC(8)       StringTable Weak               Min:  0.0, Avg:  0.0, Max:  0.0, Diff:  0.0, Sum:  0.1, Workers: 8
[2025-06-17T22:38:06.753+0300][3224][19180][debug][gc,phases] GC(8)         Dead                           Min: 0, Avg:  0.0, Max: 0, Diff: 0, Sum: 0, Workers: 8
[2025-06-17T22:38:06.753+0300][3224][19180][debug][gc,phases] GC(8)         Total                          Min: 64, Avg: 770.1, Max: 960, Diff: 896, Sum: 6161, Workers: 8
[2025-06-17T22:38:06.753+0300][3224][19180][debug][gc,phases] GC(8)       ResolvedMethodTable Weak       Min:  0.0, Avg:  0.0, Max:  0.0, Diff:  0.0, Sum:  0.0, Workers: 8
[2025-06-17T22:38:06.753+0300][3224][19180][debug][gc,phases] GC(8)         Dead                           Min: 0, Avg:  0.0, Max: 0, Diff: 0, Sum: 0, Workers: 8
[2025-06-17T22:38:06.753+0300][3224][19180][debug][gc,phases] GC(8)         Total                          Min: 0, Avg: 108.8, Max: 192, Diff: 192, Sum: 870, Workers: 8
[2025-06-17T22:38:06.753+0300][3224][19180][debug][gc,phases] GC(8)       JNI Weak                       Min:  0.0, Avg:  0.0, Max:  0.0, Diff:  0.0, Sum:  0.0, Workers: 8
[2025-06-17T22:38:06.753+0300][3224][19180][debug][gc,phases] GC(8)         Dead                           Min: 0, Avg:  0.0, Max: 0, Diff: 0, Sum: 0, Workers: 8
[2025-06-17T22:38:06.753+0300][3224][19180][debug][gc,phases] GC(8)         Total                          Min: 0, Avg:  0.0, Max: 0, Diff: 0, Sum: 0, Workers: 8
[2025-06-17T22:38:06.753+0300][3224][19180][debug][gc,phases] GC(8)       StringDedup Table Weak         Min:  0.0, Avg:  0.0, Max:  0.0, Diff:  0.0, Sum:  0.0, Workers: 8
[2025-06-17T22:38:06.753+0300][3224][19180][debug][gc,phases] GC(8)         Dead                           Min: 0, Avg:  0.0, Max: 0, Diff: 0, Sum: 0, Workers: 8
[2025-06-17T22:38:06.753+0300][3224][19180][debug][gc,phases] GC(8)         Total                          Min: 0, Avg:  0.0, Max: 0, Diff: 0, Sum: 0, Workers: 8
[2025-06-17T22:38:06.753+0300][3224][19180][debug][gc,phases] GC(8)       StringDedup Requests0 Weak     Min:  0.0, Avg:  0.0, Max:  0.0, Diff:  0.0, Sum:  0.0, Workers: 8
[2025-06-17T22:38:06.753+0300][3224][19180][debug][gc,phases] GC(8)         Dead                           Min: 0, Avg:  0.0, Max: 0, Diff: 0, Sum: 0, Workers: 8
[2025-06-17T22:38:06.753+0300][3224][19180][debug][gc,phases] GC(8)         Total                          Min: 0, Avg:  0.0, Max: 0, Diff: 0, Sum: 0, Workers: 8
[2025-06-17T22:38:06.753+0300][3224][19180][debug][gc,phases] GC(8)       StringDedup Requests1 Weak     Min:  0.0, Avg:  0.0, Max:  0.0, Diff:  0.0, Sum:  0.0, Workers: 8
[2025-06-17T22:38:06.753+0300][3224][19180][debug][gc,phases] GC(8)         Dead                           Min: 0, Avg:  0.0, Max: 0, Diff: 0, Sum: 0, Workers: 8
[2025-06-17T22:38:06.753+0300][3224][19180][debug][gc,phases] GC(8)         Total                          Min: 0, Avg:  0.0, Max: 0, Diff: 0, Sum: 0, Workers: 8
[2025-06-17T22:38:06.753+0300][3224][19180][debug][gc,phases] GC(8)       Weak JFR Old Object Samples    Min:  0.0, Avg:  0.0, Max:  0.0, Diff:  0.0, Sum:  0.0, Workers: 8
[2025-06-17T22:38:06.753+0300][3224][19180][debug][gc,phases] GC(8)         Dead                           Min: 0, Avg:  0.0, Max: 0, Diff: 0, Sum: 0, Workers: 8
[2025-06-17T22:38:06.753+0300][3224][19180][debug][gc,phases] GC(8)         Total                          Min: 0, Avg:  0.0, Max: 0, Diff: 0, Sum: 0, Workers: 8
[2025-06-17T22:38:06.753+0300][3224][19180][debug][gc,phases] GC(8)     Post Evacuate Cleanup 1: 0.2ms
[2025-06-17T22:38:06.753+0300][3224][19180][debug][gc,phases] GC(8)       Merge Per-Thread State (ms):   Min:  0.1, Avg:  0.1, Max:  0.1, Diff:  0.0, Sum:  0.1, Workers: 1
[2025-06-17T22:38:06.753+0300][3224][19180][debug][gc,phases] GC(8)         Copied Bytes                   Min: 0, Avg: 201696.0, Max: 431736, Diff: 431736, Sum: 1613568, Workers: 8
[2025-06-17T22:38:06.753+0300][3224][19180][debug][gc,phases] GC(8)         LAB Waste                      Min: 0, Avg: 357.0, Max: 1856, Diff: 1856, Sum: 2856, Workers: 8
[2025-06-17T22:38:06.753+0300][3224][19180][debug][gc,phases] GC(8)         LAB Undo Waste                 Min: 0, Avg:  0.0, Max: 0, Diff: 0, Sum: 0, Workers: 8
[2025-06-17T22:38:06.753+0300][3224][19180][debug][gc,phases] GC(8)       Clear Logged Cards (ms):       Min:  0.0, Avg:  0.1, Max:  0.2, Diff:  0.2, Sum:  0.5, Workers: 5
[2025-06-17T22:38:06.753+0300][3224][19180][debug][gc,phases] GC(8)       Recalculate Used Memory (ms):  Min:  0.0, Avg:  0.0, Max:  0.0, Diff:  0.0, Sum:  0.0, Workers: 1
[2025-06-17T22:38:06.753+0300][3224][19180][debug][gc,phases] GC(8)     Post Evacuate Cleanup 2: 0.3ms
[2025-06-17T22:38:06.753+0300][3224][19180][debug][gc,phases] GC(8)       Update Derived Pointers (ms):  Min:  0.0, Avg:  0.0, Max:  0.0, Diff:  0.0, Sum:  0.0, Workers: 1
[2025-06-17T22:38:06.753+0300][3224][19180][debug][gc,phases] GC(8)       Eagerly Reclaim Humongous Objects (ms): Min:  0.0, Avg:  0.0, Max:  0.0, Diff:  0.0, Sum:  0.0, Workers: 1
[2025-06-17T22:38:06.753+0300][3224][19180][debug][gc,phases] GC(8)         Humongous Total                Min: 3, Avg:  3.0, Max: 3, Diff: 0, Sum: 3, Workers: 1
[2025-06-17T22:38:06.753+0300][3224][19180][debug][gc,phases] GC(8)         Humongous Candidates           Min: 3, Avg:  3.0, Max: 3, Diff: 0, Sum: 3, Workers: 1
[2025-06-17T22:38:06.753+0300][3224][19180][debug][gc,phases] GC(8)         Humongous Reclaimed            Min: 0, Avg:  0.0, Max: 0, Diff: 0, Sum: 0, Workers: 1
[2025-06-17T22:38:06.753+0300][3224][19180][debug][gc,phases] GC(8)       Redirty Logged Cards (ms):     Min:  0.0, Avg:  0.0, Max:  0.0, Diff:  0.0, Sum:  0.0, Workers: 8
[2025-06-17T22:38:06.753+0300][3224][19180][debug][gc,phases] GC(8)         Redirtied Cards:               Min: 0, Avg: 28.5, Max: 87, Diff: 87, Sum: 228, Workers: 8
[2025-06-17T22:38:06.753+0300][3224][19180][debug][gc,phases] GC(8)       Resize TLABs (ms):             Min:  0.0, Avg:  0.0, Max:  0.0, Diff:  0.0, Sum:  0.0, Workers: 8
[2025-06-17T22:38:06.753+0300][3224][19180][debug][gc,phases] GC(8)       Free Collection Set (ms):      Min:  0.0, Avg:  0.2, Max:  0.2, Diff:  0.2, Sum:  1.6, Workers: 8
[2025-06-17T22:38:06.753+0300][3224][19180][debug][gc,phases] GC(8)     Rebuild Free List: 0.1ms
[2025-06-17T22:38:06.753+0300][3224][19180][debug][gc,phases] GC(8)     Prepare For Mutator: 0.0ms
[2025-06-17T22:38:06.753+0300][3224][19180][debug][gc,phases] GC(8)     Expand Heap After Collection: 0.0ms
[2025-06-17T22:38:06.753+0300][3224][19180][info ][gc,phases] GC(8)   Other: 0.1ms
[2025-06-17T22:38:06.753+0300][3224][19180][info ][gc,heap  ] GC(8) Eden regions: 1226->0(1226)
[2025-06-17T22:38:06.753+0300][3224][19180][info ][gc,heap  ] GC(8) Survivor regions: 2->2(154)
[2025-06-17T22:38:06.753+0300][3224][19180][info ][gc,heap  ] GC(8) Old regions: 10->10
[2025-06-17T22:38:06.753+0300][3224][19180][info ][gc,heap  ] GC(8) Humongous regions: 9->9
[2025-06-17T22:38:06.753+0300][3224][19180][debug][gc,heap  ] GC(8) Heap after GC invocations=9 (full 1):
[2025-06-17T22:38:06.753+0300][3224][19180][debug][gc,heap  ] GC(8)  garbage-first heap   total 2097152K, used 13880K [0x0000000080000000, 0x0000000100000000)
[2025-06-17T22:38:06.753+0300][3224][19180][debug][gc,heap  ] GC(8)   region size 1024K, 2 young (2048K), 2 survivors (2048K)
[2025-06-17T22:38:06.753+0300][3224][19180][debug][gc,heap  ] GC(8)  Metaspace       used 8977K, committed 9536K, reserved 1114112K
[2025-06-17T22:38:06.753+0300][3224][19180][debug][gc,heap  ] GC(8)   class space    used 978K, committed 1216K, reserved 1048576K
[2025-06-17T22:38:06.753+0300][3224][19180][info ][gc       ] GC(8) Pause Young (Normal) (G1 Evacuation Pause) 1239M->13M(2048M) 3.729ms
[2025-06-17T22:38:06.753+0300][3224][19180][info ][safepoint] Safepoint "G1CollectForAllocation", Time since last: 293112700 ns, Reaching safepoint: 238900 ns, Cleanup: 12600 ns, At safepoint: 3770000 ns, Total: 4021500 ns
[2025-06-17T22:38:07.116+0300][3224][19180][debug][safepoint] Safepoint synchronization initiated using striped semaphore wait barrier. (19 threads)
[2025-06-17T22:38:07.116+0300][3224][10256][debug][safepoint] ... found polling page loop exception at pc = 0x00000275901bda60, stub =0x000002758fbb5d80
[2025-06-17T22:38:07.116+0300][3224][13220][debug][safepoint] ... found polling page loop exception at pc = 0x0000027590218a1c, stub =0x000002758fbb5d80
[2025-06-17T22:38:07.116+0300][3224][1792 ][debug][safepoint] ... found polling page loop exception at pc = 0x00000275902190ab, stub =0x000002758fbb5d80
[2025-06-17T22:38:07.116+0300][3224][19220][debug][safepoint] ... found polling page loop exception at pc = 0x00000275901bda60, stub =0x000002758fbb5d80
[2025-06-17T22:38:07.116+0300][3224][20944][debug][safepoint] ... found polling page loop exception at pc = 0x00000275901bda60, stub =0x000002758fbb5d80
[2025-06-17T22:38:07.116+0300][3224][19180][debug][gc,heap  ] GC(9) Heap before GC invocations=9 (full 1):
[2025-06-17T22:38:07.116+0300][3224][19180][debug][gc,heap  ] GC(9)  garbage-first heap   total 2097152K, used 1269304K [0x0000000080000000, 0x0000000100000000)
[2025-06-17T22:38:07.116+0300][3224][19180][debug][gc,heap  ] GC(9)   region size 1024K, 1228 young (1257472K), 2 survivors (2048K)
[2025-06-17T22:38:07.116+0300][3224][19180][debug][gc,heap  ] GC(9)  Metaspace       used 8977K, committed 9536K, reserved 1114112K
[2025-06-17T22:38:07.116+0300][3224][19180][debug][gc,heap  ] GC(9)   class space    used 978K, committed 1216K, reserved 1048576K
[2025-06-17T22:38:07.116+0300][3224][19180][info ][gc,phases] GC(9)   Pre Evacuate Collection Set: 0.3ms
[2025-06-17T22:38:07.116+0300][3224][19180][debug][gc,phases] GC(9)     Pre Evacuate Prepare: 0.0ms
[2025-06-17T22:38:07.116+0300][3224][19180][debug][gc,phases] GC(9)       JT Retire TLABs And Flush Logs (ms): Min:  0.0, Avg:  0.0, Max:  0.0, Diff:  0.0, Sum:  0.0, Workers: 2
[2025-06-17T22:38:07.116+0300][3224][19180][debug][gc,phases] GC(9)       Non-JT Flush Logs (ms):        Min:  0.0, Avg:  0.0, Max:  0.0, Diff:  0.0, Sum:  0.0, Workers: 1
[2025-06-17T22:38:07.116+0300][3224][19180][debug][gc,phases] GC(9)     Choose Collection Set: 0.0ms
[2025-06-17T22:38:07.116+0300][3224][19180][debug][gc,phases] GC(9)     Region Register: 0.2ms
[2025-06-17T22:38:07.116+0300][3224][19180][debug][gc,phases] GC(9)     Prepare Heap Roots: 0.0ms
[2025-06-17T22:38:07.116+0300][3224][19180][info ][gc,phases] GC(9)   Merge Heap Roots: 0.2ms
[2025-06-17T22:38:07.116+0300][3224][19180][debug][gc,phases] GC(9)     Prepare Merge Heap Roots: 0.0ms
[2025-06-17T22:38:07.116+0300][3224][19180][debug][gc,phases] GC(9)     Remembered Sets (ms):          Min:  0.0, Avg:  0.1, Max:  0.1, Diff:  0.1, Sum:  0.7, Workers: 8
[2025-06-17T22:38:07.116+0300][3224][19180][debug][gc,phases] GC(9)       Eager Reclaim (ms):            Min:  0.0, Avg:  0.0, Max:  0.0, Diff:  0.0, Sum:  0.0, Workers: 1
[2025-06-17T22:38:07.116+0300][3224][19180][debug][gc,phases] GC(9)       Merged Inline                  Min: 0, Avg:  0.0, Max: 0, Diff: 0, Sum: 0, Workers: 8
[2025-06-17T22:38:07.116+0300][3224][19180][debug][gc,phases] GC(9)       Merged ArrayOfCards            Min: 0, Avg:  0.0, Max: 0, Diff: 0, Sum: 0, Workers: 8
[2025-06-17T22:38:07.116+0300][3224][19180][debug][gc,phases] GC(9)       Merged Howl                    Min: 0, Avg:  0.0, Max: 0, Diff: 0, Sum: 0, Workers: 8
[2025-06-17T22:38:07.116+0300][3224][19180][debug][gc,phases] GC(9)       Merged Full                    Min: 0, Avg:  0.0, Max: 0, Diff: 0, Sum: 0, Workers: 8
[2025-06-17T22:38:07.116+0300][3224][19180][debug][gc,phases] GC(9)       Merged Howl Inline             Min: 0, Avg:  0.0, Max: 0, Diff: 0, Sum: 0, Workers: 8
[2025-06-17T22:38:07.116+0300][3224][19180][debug][gc,phases] GC(9)       Merged Howl ArrayOfCards       Min: 0, Avg:  0.0, Max: 0, Diff: 0, Sum: 0, Workers: 8
[2025-06-17T22:38:07.116+0300][3224][19180][debug][gc,phases] GC(9)       Merged Howl BitMap             Min: 0, Avg:  0.0, Max: 0, Diff: 0, Sum: 0, Workers: 8
[2025-06-17T22:38:07.116+0300][3224][19180][debug][gc,phases] GC(9)       Merged Howl Full               Min: 0, Avg:  0.0, Max: 0, Diff: 0, Sum: 0, Workers: 8
[2025-06-17T22:38:07.116+0300][3224][19180][debug][gc,phases] GC(9)       Merged Cards                   Min: 8, Avg:  9.0, Max: 16, Diff: 8, Sum: 72, Workers: 8
[2025-06-17T22:38:07.116+0300][3224][19180][debug][gc,phases] GC(9)     Log Buffers (ms):              Min:  0.0, Avg:  0.0, Max:  0.0, Diff:  0.0, Sum:  0.0, Workers: 8
[2025-06-17T22:38:07.116+0300][3224][19180][debug][gc,phases] GC(9)       Dirty Cards:                   Min: 0, Avg: 29.0, Max: 121, Diff: 121, Sum: 232, Workers: 8
[2025-06-17T22:38:07.116+0300][3224][19180][debug][gc,phases] GC(9)       Skipped Cards:                 Min: 0, Avg:  0.0, Max: 0, Diff: 0, Sum: 0, Workers: 8
[2025-06-17T22:38:07.116+0300][3224][19180][info ][gc,phases] GC(9)   Evacuate Collection Set: 1.0ms
[2025-06-17T22:38:07.116+0300][3224][19180][debug][gc,phases] GC(9)     Ext Root Scanning (ms):        Min:  0.0, Avg:  0.1, Max:  0.4, Diff:  0.4, Sum:  0.7, Workers: 8
[2025-06-17T22:38:07.116+0300][3224][19180][debug][gc,phases] GC(9)     Scan Heap Roots (ms):          Min:  0.0, Avg:  0.0, Max:  0.1, Diff:  0.1, Sum:  0.2, Workers: 8
[2025-06-17T22:38:07.116+0300][3224][19180][debug][gc,phases] GC(9)       Scanned Cards:                 Min: 0, Avg: 29.0, Max: 51, Diff: 51, Sum: 232, Workers: 8
[2025-06-17T22:38:07.116+0300][3224][19180][debug][gc,phases] GC(9)       Scanned Blocks:                Min: 0, Avg: 18.1, Max: 38, Diff: 38, Sum: 145, Workers: 8
[2025-06-17T22:38:07.116+0300][3224][19180][debug][gc,phases] GC(9)       Claimed Chunks:                Min: 0, Avg:  6.9, Max: 13, Diff: 13, Sum: 55, Workers: 8
[2025-06-17T22:38:07.116+0300][3224][19180][debug][gc,phases] GC(9)       Found Roots:                   Min: 0, Avg: 148.9, Max: 322, Diff: 322, Sum: 1191, Workers: 8
[2025-06-17T22:38:07.116+0300][3224][19180][debug][gc,phases] GC(9)     Code Root Scan (ms):           Min:  0.1, Avg:  0.3, Max:  0.4, Diff:  0.4, Sum:  2.1, Workers: 8
[2025-06-17T22:38:07.116+0300][3224][19180][debug][gc,phases] GC(9)       Scanned Nmethods               Min: 0, Avg: 50.4, Max: 120, Diff: 120, Sum: 403, Workers: 8
[2025-06-17T22:38:07.116+0300][3224][19180][debug][gc,phases] GC(9)     Object Copy (ms):              Min:  0.0, Avg:  0.2, Max:  0.5, Diff:  0.5, Sum:  2.0, Workers: 8
[2025-06-17T22:38:07.116+0300][3224][19180][debug][gc,phases] GC(9)     Termination (ms):              Min:  0.0, Avg:  0.1, Max:  0.2, Diff:  0.1, Sum:  1.0, Workers: 8
[2025-06-17T22:38:07.116+0300][3224][19180][debug][gc,phases] GC(9)       Termination Attempts:          Min: 1, Avg:  1.0, Max: 1, Diff: 0, Sum: 8, Workers: 8
[2025-06-17T22:38:07.116+0300][3224][19180][debug][gc,phases] GC(9)     GC Worker Other (ms):          Min:  0.1, Avg:  0.1, Max:  0.1, Diff:  0.0, Sum:  0.6, Workers: 8
[2025-06-17T22:38:07.116+0300][3224][19180][debug][gc,phases] GC(9)     GC Worker Total (ms):          Min:  0.2, Avg:  0.8, Max:  1.0, Diff:  0.8, Sum:  6.7, Workers: 8
[2025-06-17T22:38:07.116+0300][3224][19180][info ][gc,phases] GC(9)   Post Evacuate Collection Set: 0.8ms
[2025-06-17T22:38:07.116+0300][3224][19180][debug][gc,phases] GC(9)     NMethod List Cleanup: 0.1ms
[2025-06-17T22:38:07.116+0300][3224][19180][debug][gc,phases] GC(9)     Reference Processing: 0.1ms
[2025-06-17T22:38:07.116+0300][3224][19180][debug][gc,phases] GC(9)     Weak Processing: 0.1ms
[2025-06-17T22:38:07.116+0300][3224][19180][debug][gc,phases] GC(9)       VM Weak                        Min:  0.0, Avg:  0.0, Max:  0.0, Diff:  0.0, Sum:  0.0, Workers: 8
[2025-06-17T22:38:07.116+0300][3224][19180][debug][gc,phases] GC(9)         Dead                           Min: 0, Avg:  0.0, Max: 0, Diff: 0, Sum: 0, Workers: 8
[2025-06-17T22:38:07.116+0300][3224][19180][debug][gc,phases] GC(9)         Total                          Min: 0, Avg: 46.2, Max: 114, Diff: 114, Sum: 370, Workers: 8
[2025-06-17T22:38:07.116+0300][3224][19180][debug][gc,phases] GC(9)       ObjectSynchronizer Weak        Min:  0.0, Avg:  0.0, Max:  0.0, Diff:  0.0, Sum:  0.0, Workers: 8
[2025-06-17T22:38:07.116+0300][3224][19180][debug][gc,phases] GC(9)         Dead                           Min: 0, Avg:  0.0, Max: 0, Diff: 0, Sum: 0, Workers: 8
[2025-06-17T22:38:07.116+0300][3224][19180][debug][gc,phases] GC(9)         Total                          Min: 0, Avg: 18.6, Max: 64, Diff: 64, Sum: 149, Workers: 8
[2025-06-17T22:38:07.116+0300][3224][19180][debug][gc,phases] GC(9)       JVMTI Tag Weak OopStorage      Min:  0.0, Avg:  0.0, Max:  0.0, Diff:  0.0, Sum:  0.0, Workers: 8
[2025-06-17T22:38:07.116+0300][3224][19180][debug][gc,phases] GC(9)         Dead                           Min: 0, Avg:  0.0, Max: 0, Diff: 0, Sum: 0, Workers: 8
[2025-06-17T22:38:07.116+0300][3224][19180][debug][gc,phases] GC(9)         Total                          Min: 0, Avg:  0.0, Max: 0, Diff: 0, Sum: 0, Workers: 8
[2025-06-17T22:38:07.116+0300][3224][19180][debug][gc,phases] GC(9)       StringTable Weak               Min:  0.0, Avg:  0.0, Max:  0.0, Diff:  0.0, Sum:  0.1, Workers: 8
[2025-06-17T22:38:07.116+0300][3224][19180][debug][gc,phases] GC(9)         Dead                           Min: 0, Avg:  0.0, Max: 0, Diff: 0, Sum: 0, Workers: 8
[2025-06-17T22:38:07.116+0300][3224][19180][debug][gc,phases] GC(9)         Total                          Min: 0, Avg: 772.0, Max: 960, Diff: 960, Sum: 6176, Workers: 8
[2025-06-17T22:38:07.116+0300][3224][19180][debug][gc,phases] GC(9)       ResolvedMethodTable Weak       Min:  0.0, Avg:  0.0, Max:  0.0, Diff:  0.0, Sum:  0.0, Workers: 8
[2025-06-17T22:38:07.116+0300][3224][19180][debug][gc,phases] GC(9)         Dead                           Min: 0, Avg:  0.0, Max: 0, Diff: 0, Sum: 0, Workers: 8
[2025-06-17T22:38:07.116+0300][3224][19180][debug][gc,phases] GC(9)         Total                          Min: 0, Avg: 108.8, Max: 256, Diff: 256, Sum: 870, Workers: 8
[2025-06-17T22:38:07.116+0300][3224][19180][debug][gc,phases] GC(9)       JNI Weak                       Min:  0.0, Avg:  0.0, Max:  0.0, Diff:  0.0, Sum:  0.0, Workers: 8
[2025-06-17T22:38:07.116+0300][3224][19180][debug][gc,phases] GC(9)         Dead                           Min: 0, Avg:  0.0, Max: 0, Diff: 0, Sum: 0, Workers: 8
[2025-06-17T22:38:07.116+0300][3224][19180][debug][gc,phases] GC(9)         Total                          Min: 0, Avg:  0.0, Max: 0, Diff: 0, Sum: 0, Workers: 8
[2025-06-17T22:38:07.116+0300][3224][19180][debug][gc,phases] GC(9)       StringDedup Table Weak         Min:  0.0, Avg:  0.0, Max:  0.0, Diff:  0.0, Sum:  0.0, Workers: 8
[2025-06-17T22:38:07.116+0300][3224][19180][debug][gc,phases] GC(9)         Dead                           Min: 0, Avg:  0.0, Max: 0, Diff: 0, Sum: 0, Workers: 8
[2025-06-17T22:38:07.116+0300][3224][19180][debug][gc,phases] GC(9)         Total                          Min: 0, Avg:  0.0, Max: 0, Diff: 0, Sum: 0, Workers: 8
[2025-06-17T22:38:07.116+0300][3224][19180][debug][gc,phases] GC(9)       StringDedup Requests0 Weak     Min:  0.0, Avg:  0.0, Max:  0.0, Diff:  0.0, Sum:  0.0, Workers: 8
[2025-06-17T22:38:07.116+0300][3224][19180][debug][gc,phases] GC(9)         Dead                           Min: 0, Avg:  0.0, Max: 0, Diff: 0, Sum: 0, Workers: 8
[2025-06-17T22:38:07.116+0300][3224][19180][debug][gc,phases] GC(9)         Total                          Min: 0, Avg:  0.0, Max: 0, Diff: 0, Sum: 0, Workers: 8
[2025-06-17T22:38:07.116+0300][3224][19180][debug][gc,phases] GC(9)       StringDedup Requests1 Weak     Min:  0.0, Avg:  0.0, Max:  0.0, Diff:  0.0, Sum:  0.0, Workers: 8
[2025-06-17T22:38:07.116+0300][3224][19180][debug][gc,phases] GC(9)         Dead                           Min: 0, Avg:  0.0, Max: 0, Diff: 0, Sum: 0, Workers: 8
[2025-06-17T22:38:07.116+0300][3224][19180][debug][gc,phases] GC(9)         Total                          Min: 0, Avg:  0.0, Max: 0, Diff: 0, Sum: 0, Workers: 8
[2025-06-17T22:38:07.116+0300][3224][19180][debug][gc,phases] GC(9)       Weak JFR Old Object Samples    Min:  0.0, Avg:  0.0, Max:  0.0, Diff:  0.0, Sum:  0.0, Workers: 8
[2025-06-17T22:38:07.116+0300][3224][19180][debug][gc,phases] GC(9)         Dead                           Min: 0, Avg:  0.0, Max: 0, Diff: 0, Sum: 0, Workers: 8
[2025-06-17T22:38:07.116+0300][3224][19180][debug][gc,phases] GC(9)         Total                          Min: 0, Avg:  0.0, Max: 0, Diff: 0, Sum: 0, Workers: 8
[2025-06-17T22:38:07.116+0300][3224][19180][debug][gc,phases] GC(9)     Post Evacuate Cleanup 1: 0.2ms
[2025-06-17T22:38:07.116+0300][3224][19180][debug][gc,phases] GC(9)       Merge Per-Thread State (ms):   Min:  0.1, Avg:  0.1, Max:  0.1, Diff:  0.0, Sum:  0.1, Workers: 1
[2025-06-17T22:38:07.116+0300][3224][19180][debug][gc,phases] GC(9)         Copied Bytes                   Min: 0, Avg: 197186.0, Max: 404768, Diff: 404768, Sum: 1577488, Workers: 8
[2025-06-17T22:38:07.116+0300][3224][19180][debug][gc,phases] GC(9)         LAB Waste                      Min: 0, Avg: 776.0, Max: 3312, Diff: 3312, Sum: 6208, Workers: 8
[2025-06-17T22:38:07.116+0300][3224][19180][debug][gc,phases] GC(9)         LAB Undo Waste                 Min: 0, Avg:  0.0, Max: 0, Diff: 0, Sum: 0, Workers: 8
[2025-06-17T22:38:07.116+0300][3224][19180][debug][gc,phases] GC(9)       Clear Logged Cards (ms):       Min:  0.0, Avg:  0.1, Max:  0.2, Diff:  0.2, Sum:  0.4, Workers: 5
[2025-06-17T22:38:07.116+0300][3224][19180][debug][gc,phases] GC(9)       Recalculate Used Memory (ms):  Min:  0.0, Avg:  0.0, Max:  0.0, Diff:  0.0, Sum:  0.0, Workers: 1
[2025-06-17T22:38:07.116+0300][3224][19180][debug][gc,phases] GC(9)     Post Evacuate Cleanup 2: 0.3ms
[2025-06-17T22:38:07.116+0300][3224][19180][debug][gc,phases] GC(9)       Update Derived Pointers (ms):  Min:  0.0, Avg:  0.0, Max:  0.0, Diff:  0.0, Sum:  0.0, Workers: 1
[2025-06-17T22:38:07.116+0300][3224][19180][debug][gc,phases] GC(9)       Eagerly Reclaim Humongous Objects (ms): Min:  0.0, Avg:  0.0, Max:  0.0, Diff:  0.0, Sum:  0.0, Workers: 1
[2025-06-17T22:38:07.116+0300][3224][19180][debug][gc,phases] GC(9)         Humongous Total                Min: 3, Avg:  3.0, Max: 3, Diff: 0, Sum: 3, Workers: 1
[2025-06-17T22:38:07.116+0300][3224][19180][debug][gc,phases] GC(9)         Humongous Candidates           Min: 3, Avg:  3.0, Max: 3, Diff: 0, Sum: 3, Workers: 1
[2025-06-17T22:38:07.116+0300][3224][19180][debug][gc,phases] GC(9)         Humongous Reclaimed            Min: 0, Avg:  0.0, Max: 0, Diff: 0, Sum: 0, Workers: 1
[2025-06-17T22:38:07.116+0300][3224][19180][debug][gc,phases] GC(9)       Redirty Logged Cards (ms):     Min:  0.0, Avg:  0.0, Max:  0.0, Diff:  0.0, Sum:  0.0, Workers: 8
[2025-06-17T22:38:07.116+0300][3224][19180][debug][gc,phases] GC(9)         Redirtied Cards:               Min: 0, Avg: 29.1, Max: 127, Diff: 127, Sum: 233, Workers: 8
[2025-06-17T22:38:07.116+0300][3224][19180][debug][gc,phases] GC(9)       Resize TLABs (ms):             Min:  0.0, Avg:  0.0, Max:  0.0, Diff:  0.0, Sum:  0.0, Workers: 8
[2025-06-17T22:38:07.116+0300][3224][19180][debug][gc,phases] GC(9)       Free Collection Set (ms):      Min:  0.0, Avg:  0.2, Max:  0.2, Diff:  0.2, Sum:  1.7, Workers: 8
[2025-06-17T22:38:07.116+0300][3224][19180][debug][gc,phases] GC(9)     Rebuild Free List: 0.1ms
[2025-06-17T22:38:07.116+0300][3224][19180][debug][gc,phases] GC(9)     Prepare For Mutator: 0.0ms
[2025-06-17T22:38:07.116+0300][3224][19180][debug][gc,phases] GC(9)     Expand Heap After Collection: 0.0ms
[2025-06-17T22:38:07.116+0300][3224][19180][info ][gc,phases] GC(9)   Other: 0.1ms
[2025-06-17T22:38:07.116+0300][3224][19180][info ][gc,heap  ] GC(9) Eden regions: 1226->0(1226)
[2025-06-17T22:38:07.116+0300][3224][19180][info ][gc,heap  ] GC(9) Survivor regions: 2->2(154)
[2025-06-17T22:38:07.116+0300][3224][19180][info ][gc,heap  ] GC(9) Old regions: 10->10
[2025-06-17T22:38:07.116+0300][3224][19180][info ][gc,heap  ] GC(9) Humongous regions: 9->9
[2025-06-17T22:38:07.116+0300][3224][19180][debug][gc,heap  ] GC(9) Heap after GC invocations=10 (full 1):
[2025-06-17T22:38:07.116+0300][3224][19180][debug][gc,heap  ] GC(9)  garbage-first heap   total 2097152K, used 13798K [0x0000000080000000, 0x0000000100000000)
[2025-06-17T22:38:07.116+0300][3224][19180][debug][gc,heap  ] GC(9)   region size 1024K, 2 young (2048K), 2 survivors (2048K)
[2025-06-17T22:38:07.116+0300][3224][19180][debug][gc,heap  ] GC(9)  Metaspace       used 8977K, committed 9536K, reserved 1114112K
[2025-06-17T22:38:07.116+0300][3224][19180][debug][gc,heap  ] GC(9)   class space    used 978K, committed 1216K, reserved 1048576K
[2025-06-17T22:38:07.116+0300][3224][19180][info ][gc       ] GC(9) Pause Young (Normal) (G1 Evacuation Pause) 1239M->13M(2048M) 4.183ms
[2025-06-17T22:38:07.116+0300][3224][19180][info ][safepoint] Safepoint "G1CollectForAllocation", Time since last: 359446100 ns, Reaching safepoint: 271200 ns, Cleanup: 11500 ns, At safepoint: 4243700 ns, Total: 4526400 ns
[2025-06-17T22:38:07.463+0300][3224][19180][debug][safepoint] Safepoint synchronization initiated using striped semaphore wait barrier. (19 threads)
[2025-06-17T22:38:07.463+0300][3224][20944][debug][safepoint] ... found polling page loop exception at pc = 0x000002759025ab28, stub =0x000002758fbb5d80
[2025-06-17T22:38:07.463+0300][3224][19180][debug][gc,heap  ] GC(10) Heap before GC invocations=10 (full 1):
[2025-06-17T22:38:07.463+0300][3224][19180][debug][gc,heap  ] GC(10)  garbage-first heap   total 2097152K, used 1269222K [0x0000000080000000, 0x0000000100000000)
[2025-06-17T22:38:07.463+0300][3224][19180][debug][gc,heap  ] GC(10)   region size 1024K, 1228 young (1257472K), 2 survivors (2048K)
[2025-06-17T22:38:07.463+0300][3224][19180][debug][gc,heap  ] GC(10)  Metaspace       used 8977K, committed 9536K, reserved 1114112K
[2025-06-17T22:38:07.463+0300][3224][19180][debug][gc,heap  ] GC(10)   class space    used 978K, committed 1216K, reserved 1048576K
[2025-06-17T22:38:07.465+0300][3224][19180][info ][gc,phases] GC(10)   Pre Evacuate Collection Set: 0.3ms
[2025-06-17T22:38:07.467+0300][3224][19180][debug][gc,phases] GC(10)     Pre Evacuate Prepare: 0.0ms
[2025-06-17T22:38:07.467+0300][3224][19180][debug][gc,phases] GC(10)       JT Retire TLABs And Flush Logs (ms): Min:  0.0, Avg:  0.0, Max:  0.0, Diff:  0.0, Sum:  0.0, Workers: 2
[2025-06-17T22:38:07.467+0300][3224][19180][debug][gc,phases] GC(10)       Non-JT Flush Logs (ms):        Min:  0.0, Avg:  0.0, Max:  0.0, Diff:  0.0, Sum:  0.0, Workers: 1
[2025-06-17T22:38:07.467+0300][3224][19180][debug][gc,phases] GC(10)     Choose Collection Set: 0.0ms
[2025-06-17T22:38:07.467+0300][3224][19180][debug][gc,phases] GC(10)     Region Register: 0.2ms
[2025-06-17T22:38:07.467+0300][3224][19180][debug][gc,phases] GC(10)     Prepare Heap Roots: 0.0ms
[2025-06-17T22:38:07.467+0300][3224][19180][info ][gc,phases] GC(10)   Merge Heap Roots: 0.1ms
[2025-06-17T22:38:07.467+0300][3224][19180][debug][gc,phases] GC(10)     Prepare Merge Heap Roots: 0.0ms
[2025-06-17T22:38:07.467+0300][3224][19180][debug][gc,phases] GC(10)     Remembered Sets (ms):          Min:  0.0, Avg:  0.1, Max:  0.1, Diff:  0.1, Sum:  0.6, Workers: 8
[2025-06-17T22:38:07.467+0300][3224][19180][debug][gc,phases] GC(10)       Eager Reclaim (ms):            Min:  0.0, Avg:  0.0, Max:  0.0, Diff:  0.0, Sum:  0.0, Workers: 1
[2025-06-17T22:38:07.467+0300][3224][19180][debug][gc,phases] GC(10)       Merged Inline                  Min: 0, Avg:  0.0, Max: 0, Diff: 0, Sum: 0, Workers: 8
[2025-06-17T22:38:07.467+0300][3224][19180][debug][gc,phases] GC(10)       Merged ArrayOfCards            Min: 0, Avg:  0.0, Max: 0, Diff: 0, Sum: 0, Workers: 8
[2025-06-17T22:38:07.467+0300][3224][19180][debug][gc,phases] GC(10)       Merged Howl                    Min: 0, Avg:  0.0, Max: 0, Diff: 0, Sum: 0, Workers: 8
[2025-06-17T22:38:07.467+0300][3224][19180][debug][gc,phases] GC(10)       Merged Full                    Min: 0, Avg:  0.0, Max: 0, Diff: 0, Sum: 0, Workers: 8
[2025-06-17T22:38:07.467+0300][3224][19180][debug][gc,phases] GC(10)       Merged Howl Inline             Min: 0, Avg:  0.0, Max: 0, Diff: 0, Sum: 0, Workers: 8
[2025-06-17T22:38:07.467+0300][3224][19180][debug][gc,phases] GC(10)       Merged Howl ArrayOfCards       Min: 0, Avg:  0.0, Max: 0, Diff: 0, Sum: 0, Workers: 8
[2025-06-17T22:38:07.467+0300][3224][19180][debug][gc,phases] GC(10)       Merged Howl BitMap             Min: 0, Avg:  0.0, Max: 0, Diff: 0, Sum: 0, Workers: 8
[2025-06-17T22:38:07.467+0300][3224][19180][debug][gc,phases] GC(10)       Merged Howl Full               Min: 0, Avg:  0.0, Max: 0, Diff: 0, Sum: 0, Workers: 8
[2025-06-17T22:38:07.467+0300][3224][19180][debug][gc,phases] GC(10)       Merged Cards                   Min: 8, Avg:  9.0, Max: 16, Diff: 8, Sum: 72, Workers: 8
[2025-06-17T22:38:07.467+0300][3224][19180][debug][gc,phases] GC(10)     Log Buffers (ms):              Min:  0.0, Avg:  0.0, Max:  0.0, Diff:  0.0, Sum:  0.0, Workers: 8
[2025-06-17T22:38:07.467+0300][3224][19180][debug][gc,phases] GC(10)       Dirty Cards:                   Min: 0, Avg: 29.4, Max: 148, Diff: 148, Sum: 235, Workers: 8
[2025-06-17T22:38:07.467+0300][3224][19180][debug][gc,phases] GC(10)       Skipped Cards:                 Min: 0, Avg:  0.0, Max: 0, Diff: 0, Sum: 0, Workers: 8
[2025-06-17T22:38:07.467+0300][3224][19180][info ][gc,phases] GC(10)   Evacuate Collection Set: 0.9ms
[2025-06-17T22:38:07.467+0300][3224][19180][debug][gc,phases] GC(10)     Ext Root Scanning (ms):        Min:  0.0, Avg:  0.1, Max:  0.4, Diff:  0.4, Sum:  0.7, Workers: 8
[2025-06-17T22:38:07.467+0300][3224][19180][debug][gc,phases] GC(10)     Scan Heap Roots (ms):          Min:  0.0, Avg:  0.0, Max:  0.1, Diff:  0.1, Sum:  0.3, Workers: 8
[2025-06-17T22:38:07.467+0300][3224][19180][debug][gc,phases] GC(10)       Scanned Cards:                 Min: 0, Avg: 29.0, Max: 61, Diff: 61, Sum: 232, Workers: 8
[2025-06-17T22:38:07.467+0300][3224][19180][debug][gc,phases] GC(10)       Scanned Blocks:                Min: 0, Avg: 18.1, Max: 44, Diff: 44, Sum: 145, Workers: 8
[2025-06-17T22:38:07.467+0300][3224][19180][debug][gc,phases] GC(10)       Claimed Chunks:                Min: 0, Avg:  6.9, Max: 16, Diff: 16, Sum: 55, Workers: 8
[2025-06-17T22:38:07.467+0300][3224][19180][debug][gc,phases] GC(10)       Found Roots:                   Min: 0, Avg: 148.9, Max: 375, Diff: 375, Sum: 1191, Workers: 8
[2025-06-17T22:38:07.467+0300][3224][19180][debug][gc,phases] GC(10)     Code Root Scan (ms):           Min:  0.1, Avg:  0.2, Max:  0.4, Diff:  0.3, Sum:  1.9, Workers: 8
[2025-06-17T22:38:07.467+0300][3224][19180][debug][gc,phases] GC(10)       Scanned Nmethods               Min: 0, Avg: 50.5, Max: 92, Diff: 92, Sum: 404, Workers: 8
[2025-06-17T22:38:07.467+0300][3224][19180][debug][gc,phases] GC(10)     Object Copy (ms):              Min:  0.0, Avg:  0.2, Max:  0.4, Diff:  0.4, Sum:  2.0, Workers: 8
[2025-06-17T22:38:07.467+0300][3224][19180][debug][gc,phases] GC(10)     Termination (ms):              Min:  0.0, Avg:  0.1, Max:  0.2, Diff:  0.2, Sum:  1.1, Workers: 8
[2025-06-17T22:38:07.467+0300][3224][19180][debug][gc,phases] GC(10)       Termination Attempts:          Min: 1, Avg:  1.0, Max: 1, Diff: 0, Sum: 8, Workers: 8
[2025-06-17T22:38:07.467+0300][3224][19180][debug][gc,phases] GC(10)     GC Worker Other (ms):          Min:  0.1, Avg:  0.1, Max:  0.1, Diff:  0.0, Sum:  0.6, Workers: 8
[2025-06-17T22:38:07.467+0300][3224][19180][debug][gc,phases] GC(10)     GC Worker Total (ms):          Min:  0.2, Avg:  0.8, Max:  0.9, Diff:  0.8, Sum:  6.5, Workers: 8
[2025-06-17T22:38:07.467+0300][3224][19180][info ][gc,phases] GC(10)   Post Evacuate Collection Set: 0.8ms
[2025-06-17T22:38:07.467+0300][3224][19180][debug][gc,phases] GC(10)     NMethod List Cleanup: 0.1ms
[2025-06-17T22:38:07.467+0300][3224][19180][debug][gc,phases] GC(10)     Reference Processing: 0.1ms
[2025-06-17T22:38:07.467+0300][3224][19180][debug][gc,phases] GC(10)     Weak Processing: 0.1ms
[2025-06-17T22:38:07.467+0300][3224][19180][debug][gc,phases] GC(10)       VM Weak                        Min:  0.0, Avg:  0.0, Max:  0.0, Diff:  0.0, Sum:  0.0, Workers: 8
[2025-06-17T22:38:07.467+0300][3224][19180][debug][gc,phases] GC(10)         Dead                           Min: 0, Avg:  0.0, Max: 0, Diff: 0, Sum: 0, Workers: 8
[2025-06-17T22:38:07.467+0300][3224][19180][debug][gc,phases] GC(10)         Total                          Min: 0, Avg: 46.2, Max: 128, Diff: 128, Sum: 370, Workers: 8
[2025-06-17T22:38:07.467+0300][3224][19180][debug][gc,phases] GC(10)       ObjectSynchronizer Weak        Min:  0.0, Avg:  0.0, Max:  0.0, Diff:  0.0, Sum:  0.0, Workers: 8
[2025-06-17T22:38:07.467+0300][3224][19180][debug][gc,phases] GC(10)         Dead                           Min: 0, Avg:  0.0, Max: 0, Diff: 0, Sum: 0, Workers: 8
[2025-06-17T22:38:07.467+0300][3224][19180][debug][gc,phases] GC(10)         Total                          Min: 0, Avg: 18.6, Max: 64, Diff: 64, Sum: 149, Workers: 8
[2025-06-17T22:38:07.467+0300][3224][19180][debug][gc,phases] GC(10)       JVMTI Tag Weak OopStorage      Min:  0.0, Avg:  0.0, Max:  0.0, Diff:  0.0, Sum:  0.0, Workers: 8
[2025-06-17T22:38:07.467+0300][3224][19180][debug][gc,phases] GC(10)         Dead                           Min: 0, Avg:  0.0, Max: 0, Diff: 0, Sum: 0, Workers: 8
[2025-06-17T22:38:07.467+0300][3224][19180][debug][gc,phases] GC(10)         Total                          Min: 0, Avg:  0.0, Max: 0, Diff: 0, Sum: 0, Workers: 8
[2025-06-17T22:38:07.467+0300][3224][19180][debug][gc,phases] GC(10)       StringTable Weak               Min:  0.0, Avg:  0.0, Max:  0.0, Diff:  0.0, Sum:  0.1, Workers: 8
[2025-06-17T22:38:07.467+0300][3224][19180][debug][gc,phases] GC(10)         Dead                           Min: 0, Avg:  0.0, Max: 0, Diff: 0, Sum: 0, Workers: 8
[2025-06-17T22:38:07.467+0300][3224][19180][debug][gc,phases] GC(10)         Total                          Min: 0, Avg: 772.0, Max: 960, Diff: 960, Sum: 6176, Workers: 8
[2025-06-17T22:38:07.467+0300][3224][19180][debug][gc,phases] GC(10)       ResolvedMethodTable Weak       Min:  0.0, Avg:  0.0, Max:  0.0, Diff:  0.0, Sum:  0.0, Workers: 8
[2025-06-17T22:38:07.467+0300][3224][19180][debug][gc,phases] GC(10)         Dead                           Min: 0, Avg:  0.0, Max: 0, Diff: 0, Sum: 0, Workers: 8
[2025-06-17T22:38:07.467+0300][3224][19180][debug][gc,phases] GC(10)         Total                          Min: 0, Avg: 108.8, Max: 256, Diff: 256, Sum: 870, Workers: 8
[2025-06-17T22:38:07.467+0300][3224][19180][debug][gc,phases] GC(10)       JNI Weak                       Min:  0.0, Avg:  0.0, Max:  0.0, Diff:  0.0, Sum:  0.0, Workers: 8
[2025-06-17T22:38:07.467+0300][3224][19180][debug][gc,phases] GC(10)         Dead                           Min: 0, Avg:  0.0, Max: 0, Diff: 0, Sum: 0, Workers: 8
[2025-06-17T22:38:07.467+0300][3224][19180][debug][gc,phases] GC(10)         Total                          Min: 0, Avg:  0.0, Max: 0, Diff: 0, Sum: 0, Workers: 8
[2025-06-17T22:38:07.467+0300][3224][19180][debug][gc,phases] GC(10)       StringDedup Table Weak         Min:  0.0, Avg:  0.0, Max:  0.0, Diff:  0.0, Sum:  0.0, Workers: 8
[2025-06-17T22:38:07.467+0300][3224][19180][debug][gc,phases] GC(10)         Dead                           Min: 0, Avg:  0.0, Max: 0, Diff: 0, Sum: 0, Workers: 8
[2025-06-17T22:38:07.467+0300][3224][19180][debug][gc,phases] GC(10)         Total                          Min: 0, Avg:  0.0, Max: 0, Diff: 0, Sum: 0, Workers: 8
[2025-06-17T22:38:07.467+0300][3224][19180][debug][gc,phases] GC(10)       StringDedup Requests0 Weak     Min:  0.0, Avg:  0.0, Max:  0.0, Diff:  0.0, Sum:  0.0, Workers: 8
[2025-06-17T22:38:07.467+0300][3224][19180][debug][gc,phases] GC(10)         Dead                           Min: 0, Avg:  0.0, Max: 0, Diff: 0, Sum: 0, Workers: 8
[2025-06-17T22:38:07.467+0300][3224][19180][debug][gc,phases] GC(10)         Total                          Min: 0, Avg:  0.0, Max: 0, Diff: 0, Sum: 0, Workers: 8
[2025-06-17T22:38:07.467+0300][3224][19180][debug][gc,phases] GC(10)       StringDedup Requests1 Weak     Min:  0.0, Avg:  0.0, Max:  0.0, Diff:  0.0, Sum:  0.0, Workers: 8
[2025-06-17T22:38:07.467+0300][3224][19180][debug][gc,phases] GC(10)         Dead                           Min: 0, Avg:  0.0, Max: 0, Diff: 0, Sum: 0, Workers: 8
[2025-06-17T22:38:07.467+0300][3224][19180][debug][gc,phases] GC(10)         Total                          Min: 0, Avg:  0.0, Max: 0, Diff: 0, Sum: 0, Workers: 8
[2025-06-17T22:38:07.467+0300][3224][19180][debug][gc,phases] GC(10)       Weak JFR Old Object Samples    Min:  0.0, Avg:  0.0, Max:  0.0, Diff:  0.0, Sum:  0.0, Workers: 8
[2025-06-17T22:38:07.467+0300][3224][19180][debug][gc,phases] GC(10)         Dead                           Min: 0, Avg:  0.0, Max: 0, Diff: 0, Sum: 0, Workers: 8
[2025-06-17T22:38:07.467+0300][3224][19180][debug][gc,phases] GC(10)         Total                          Min: 0, Avg:  0.0, Max: 0, Diff: 0, Sum: 0, Workers: 8
[2025-06-17T22:38:07.467+0300][3224][19180][debug][gc,phases] GC(10)     Post Evacuate Cleanup 1: 0.2ms
[2025-06-17T22:38:07.467+0300][3224][19180][debug][gc,phases] GC(10)       Merge Per-Thread State (ms):   Min:  0.1, Avg:  0.1, Max:  0.1, Diff:  0.0, Sum:  0.1, Workers: 1
[2025-06-17T22:38:07.467+0300][3224][19180][debug][gc,phases] GC(10)         Copied Bytes                   Min: 0, Avg: 183674.0, Max: 346320, Diff: 346320, Sum: 1469392, Workers: 8
[2025-06-17T22:38:07.467+0300][3224][19180][debug][gc,phases] GC(10)         LAB Waste                      Min: 0, Avg: 298.0, Max: 856, Diff: 856, Sum: 2384, Workers: 8
[2025-06-17T22:38:07.467+0300][3224][19180][debug][gc,phases] GC(10)         LAB Undo Waste                 Min: 0, Avg:  0.0, Max: 0, Diff: 0, Sum: 0, Workers: 8
[2025-06-17T22:38:07.467+0300][3224][19180][debug][gc,phases] GC(10)       Clear Logged Cards (ms):       Min:  0.0, Avg:  0.1, Max:  0.2, Diff:  0.2, Sum:  0.4, Workers: 5
[2025-06-17T22:38:07.467+0300][3224][19180][debug][gc,phases] GC(10)       Recalculate Used Memory (ms):  Min:  0.0, Avg:  0.0, Max:  0.0, Diff:  0.0, Sum:  0.0, Workers: 1
[2025-06-17T22:38:07.467+0300][3224][19180][debug][gc,phases] GC(10)     Post Evacuate Cleanup 2: 0.3ms
[2025-06-17T22:38:07.467+0300][3224][19180][debug][gc,phases] GC(10)       Update Derived Pointers (ms):  Min:  0.0, Avg:  0.0, Max:  0.0, Diff:  0.0, Sum:  0.0, Workers: 1
[2025-06-17T22:38:07.467+0300][3224][19180][debug][gc,phases] GC(10)       Eagerly Reclaim Humongous Objects (ms): Min:  0.0, Avg:  0.0, Max:  0.0, Diff:  0.0, Sum:  0.0, Workers: 1
[2025-06-17T22:38:07.467+0300][3224][19180][debug][gc,phases] GC(10)         Humongous Total                Min: 3, Avg:  3.0, Max: 3, Diff: 0, Sum: 3, Workers: 1
[2025-06-17T22:38:07.467+0300][3224][19180][debug][gc,phases] GC(10)         Humongous Candidates           Min: 3, Avg:  3.0, Max: 3, Diff: 0, Sum: 3, Workers: 1
[2025-06-17T22:38:07.467+0300][3224][19180][debug][gc,phases] GC(10)         Humongous Reclaimed            Min: 0, Avg:  0.0, Max: 0, Diff: 0, Sum: 0, Workers: 1
[2025-06-17T22:38:07.467+0300][3224][19180][debug][gc,phases] GC(10)       Redirty Logged Cards (ms):     Min:  0.0, Avg:  0.0, Max:  0.0, Diff:  0.0, Sum:  0.0, Workers: 8
[2025-06-17T22:38:07.467+0300][3224][19180][debug][gc,phases] GC(10)         Redirtied Cards:               Min: 0, Avg: 28.9, Max: 62, Diff: 62, Sum: 231, Workers: 8
[2025-06-17T22:38:07.467+0300][3224][19180][debug][gc,phases] GC(10)       Resize TLABs (ms):             Min:  0.0, Avg:  0.0, Max:  0.0, Diff:  0.0, Sum:  0.0, Workers: 8
[2025-06-17T22:38:07.467+0300][3224][19180][debug][gc,phases] GC(10)       Free Collection Set (ms):      Min:  0.0, Avg:  0.2, Max:  0.2, Diff:  0.2, Sum:  1.6, Workers: 8
[2025-06-17T22:38:07.467+0300][3224][19180][debug][gc,phases] GC(10)     Rebuild Free List: 0.0ms
[2025-06-17T22:38:07.467+0300][3224][19180][debug][gc,phases] GC(10)     Prepare For Mutator: 0.0ms
[2025-06-17T22:38:07.467+0300][3224][19180][debug][gc,phases] GC(10)     Expand Heap After Collection: 0.0ms
[2025-06-17T22:38:07.467+0300][3224][19180][info ][gc,phases] GC(10)   Other: 0.1ms
[2025-06-17T22:38:07.467+0300][3224][19180][info ][gc,heap  ] GC(10) Eden regions: 1226->0(1226)
[2025-06-17T22:38:07.467+0300][3224][19180][info ][gc,heap  ] GC(10) Survivor regions: 2->2(154)
[2025-06-17T22:38:07.467+0300][3224][19180][info ][gc,heap  ] GC(10) Old regions: 10->10
[2025-06-17T22:38:07.467+0300][3224][19180][info ][gc,heap  ] GC(10) Humongous regions: 9->9
[2025-06-17T22:38:07.467+0300][3224][19180][debug][gc,heap  ] GC(10) Heap after GC invocations=11 (full 1):
[2025-06-17T22:38:07.467+0300][3224][19180][debug][gc,heap  ] GC(10)  garbage-first heap   total 2097152K, used 13675K [0x0000000080000000, 0x0000000100000000)
[2025-06-17T22:38:07.467+0300][3224][19180][debug][gc,heap  ] GC(10)   region size 1024K, 2 young (2048K), 2 survivors (2048K)
[2025-06-17T22:38:07.467+0300][3224][19180][debug][gc,heap  ] GC(10)  Metaspace       used 8977K, committed 9536K, reserved 1114112K
[2025-06-17T22:38:07.467+0300][3224][19180][debug][gc,heap  ] GC(10)   class space    used 978K, committed 1216K, reserved 1048576K
[2025-06-17T22:38:07.467+0300][3224][19180][info ][gc       ] GC(10) Pause Young (Normal) (G1 Evacuation Pause) 1239M->13M(2048M) 4.119ms
[2025-06-17T22:38:07.467+0300][3224][19180][info ][safepoint] Safepoint "G1CollectForAllocation", Time since last: 343546800 ns, Reaching safepoint: 113700 ns, Cleanup: 6700 ns, At safepoint: 4173200 ns, Total: 4293600 ns
[2025-06-17T22:38:07.795+0300][3224][19180][debug][safepoint] Safepoint synchronization initiated using striped semaphore wait barrier. (19 threads)
[2025-06-17T22:38:07.795+0300][3224][22456][debug][safepoint] ... found polling page loop exception at pc = 0x00000275901bda60, stub =0x000002758fbb5d80
[2025-06-17T22:38:07.795+0300][3224][11072][debug][safepoint] ... found polling page loop exception at pc = 0x00000275901d1722, stub =0x000002758fbb6600
[2025-06-17T22:38:07.795+0300][3224][13220][debug][safepoint] ... found polling page loop exception at pc = 0x00000275901bda60, stub =0x000002758fbb5d80
[2025-06-17T22:38:07.795+0300][3224][18932][debug][safepoint] ... found polling page loop exception at pc = 0x00000275901bda60, stub =0x000002758fbb5d80
[2025-06-17T22:38:07.795+0300][3224][20944][debug][safepoint] ... found polling page loop exception at pc = 0x00000275901c5942, stub =0x000002758fbb6600
[2025-06-17T22:38:07.797+0300][3224][19180][debug][gc,heap  ] GC(11) Heap before GC invocations=11 (full 1):
[2025-06-17T22:38:07.797+0300][3224][19180][debug][gc,heap  ] GC(11)  garbage-first heap   total 2097152K, used 1269099K [0x0000000080000000, 0x0000000100000000)
[2025-06-17T22:38:07.797+0300][3224][19180][debug][gc,heap  ] GC(11)   region size 1024K, 1228 young (1257472K), 2 survivors (2048K)
[2025-06-17T22:38:07.797+0300][3224][19180][debug][gc,heap  ] GC(11)  Metaspace       used 8979K, committed 9536K, reserved 1114112K
[2025-06-17T22:38:07.797+0300][3224][19180][debug][gc,heap  ] GC(11)   class space    used 978K, committed 1216K, reserved 1048576K
[2025-06-17T22:38:07.797+0300][3224][19180][info ][gc,phases] GC(11)   Pre Evacuate Collection Set: 0.4ms
[2025-06-17T22:38:07.797+0300][3224][19180][debug][gc,phases] GC(11)     Pre Evacuate Prepare: 0.0ms
[2025-06-17T22:38:07.797+0300][3224][19180][debug][gc,phases] GC(11)       JT Retire TLABs And Flush Logs (ms): Min:  0.0, Avg:  0.0, Max:  0.0, Diff:  0.0, Sum:  0.0, Workers: 2
[2025-06-17T22:38:07.797+0300][3224][19180][debug][gc,phases] GC(11)       Non-JT Flush Logs (ms):        Min:  0.0, Avg:  0.0, Max:  0.0, Diff:  0.0, Sum:  0.0, Workers: 1
[2025-06-17T22:38:07.797+0300][3224][19180][debug][gc,phases] GC(11)     Choose Collection Set: 0.0ms
[2025-06-17T22:38:07.797+0300][3224][19180][debug][gc,phases] GC(11)     Region Register: 0.3ms
[2025-06-17T22:38:07.797+0300][3224][19180][debug][gc,phases] GC(11)     Prepare Heap Roots: 0.0ms
[2025-06-17T22:38:07.797+0300][3224][19180][info ][gc,phases] GC(11)   Merge Heap Roots: 0.2ms
[2025-06-17T22:38:07.797+0300][3224][19180][debug][gc,phases] GC(11)     Prepare Merge Heap Roots: 0.0ms
[2025-06-17T22:38:07.797+0300][3224][19180][debug][gc,phases] GC(11)     Remembered Sets (ms):          Min:  0.0, Avg:  0.1, Max:  0.1, Diff:  0.1, Sum:  0.5, Workers: 8
[2025-06-17T22:38:07.797+0300][3224][19180][debug][gc,phases] GC(11)       Eager Reclaim (ms):            Min:  0.0, Avg:  0.0, Max:  0.0, Diff:  0.0, Sum:  0.0, Workers: 1
[2025-06-17T22:38:07.797+0300][3224][19180][debug][gc,phases] GC(11)       Merged Inline                  Min: 0, Avg:  0.0, Max: 0, Diff: 0, Sum: 0, Workers: 8
[2025-06-17T22:38:07.797+0300][3224][19180][debug][gc,phases] GC(11)       Merged ArrayOfCards            Min: 0, Avg:  0.0, Max: 0, Diff: 0, Sum: 0, Workers: 8
[2025-06-17T22:38:07.797+0300][3224][19180][debug][gc,phases] GC(11)       Merged Howl                    Min: 0, Avg:  0.0, Max: 0, Diff: 0, Sum: 0, Workers: 8
[2025-06-17T22:38:07.797+0300][3224][19180][debug][gc,phases] GC(11)       Merged Full                    Min: 0, Avg:  0.0, Max: 0, Diff: 0, Sum: 0, Workers: 8
[2025-06-17T22:38:07.797+0300][3224][19180][debug][gc,phases] GC(11)       Merged Howl Inline             Min: 0, Avg:  0.0, Max: 0, Diff: 0, Sum: 0, Workers: 8
[2025-06-17T22:38:07.797+0300][3224][19180][debug][gc,phases] GC(11)       Merged Howl ArrayOfCards       Min: 0, Avg:  0.0, Max: 0, Diff: 0, Sum: 0, Workers: 8
[2025-06-17T22:38:07.797+0300][3224][19180][debug][gc,phases] GC(11)       Merged Howl BitMap             Min: 0, Avg:  0.0, Max: 0, Diff: 0, Sum: 0, Workers: 8
[2025-06-17T22:38:07.797+0300][3224][19180][debug][gc,phases] GC(11)       Merged Howl Full               Min: 0, Avg:  0.0, Max: 0, Diff: 0, Sum: 0, Workers: 8
[2025-06-17T22:38:07.797+0300][3224][19180][debug][gc,phases] GC(11)       Merged Cards                   Min: 8, Avg:  9.0, Max: 16, Diff: 8, Sum: 72, Workers: 8
[2025-06-17T22:38:07.797+0300][3224][19180][debug][gc,phases] GC(11)     Log Buffers (ms):              Min:  0.0, Avg:  0.0, Max:  0.0, Diff:  0.0, Sum:  0.0, Workers: 8
[2025-06-17T22:38:07.797+0300][3224][19180][debug][gc,phases] GC(11)       Dirty Cards:                   Min: 0, Avg: 29.1, Max: 149, Diff: 149, Sum: 233, Workers: 8
[2025-06-17T22:38:07.797+0300][3224][19180][debug][gc,phases] GC(11)       Skipped Cards:                 Min: 0, Avg:  0.0, Max: 0, Diff: 0, Sum: 0, Workers: 8
[2025-06-17T22:38:07.797+0300][3224][19180][info ][gc,phases] GC(11)   Evacuate Collection Set: 1.1ms
[2025-06-17T22:38:07.797+0300][3224][19180][debug][gc,phases] GC(11)     Ext Root Scanning (ms):        Min:  0.0, Avg:  0.1, Max:  0.4, Diff:  0.4, Sum:  0.7, Workers: 8
[2025-06-17T22:38:07.797+0300][3224][19180][debug][gc,phases] GC(11)     Scan Heap Roots (ms):          Min:  0.0, Avg:  0.0, Max:  0.1, Diff:  0.1, Sum:  0.2, Workers: 8
[2025-06-17T22:38:07.797+0300][3224][19180][debug][gc,phases] GC(11)       Scanned Cards:                 Min: 0, Avg: 29.0, Max: 81, Diff: 81, Sum: 232, Workers: 8
[2025-06-17T22:38:07.797+0300][3224][19180][debug][gc,phases] GC(11)       Scanned Blocks:                Min: 0, Avg: 18.1, Max: 45, Diff: 45, Sum: 145, Workers: 8
[2025-06-17T22:38:07.797+0300][3224][19180][debug][gc,phases] GC(11)       Claimed Chunks:                Min: 0, Avg:  6.9, Max: 15, Diff: 15, Sum: 55, Workers: 8
[2025-06-17T22:38:07.797+0300][3224][19180][debug][gc,phases] GC(11)       Found Roots:                   Min: 0, Avg: 148.9, Max: 452, Diff: 452, Sum: 1191, Workers: 8
[2025-06-17T22:38:07.797+0300][3224][19180][debug][gc,phases] GC(11)     Code Root Scan (ms):           Min:  0.1, Avg:  0.2, Max:  0.4, Diff:  0.4, Sum:  1.9, Workers: 8
[2025-06-17T22:38:07.797+0300][3224][19180][debug][gc,phases] GC(11)       Scanned Nmethods               Min: 0, Avg: 50.8, Max: 103, Diff: 103, Sum: 406, Workers: 8
[2025-06-17T22:38:07.797+0300][3224][19180][debug][gc,phases] GC(11)     Object Copy (ms):              Min:  0.0, Avg:  0.3, Max:  0.5, Diff:  0.5, Sum:  2.1, Workers: 8
[2025-06-17T22:38:07.797+0300][3224][19180][debug][gc,phases] GC(11)     Termination (ms):              Min:  0.0, Avg:  0.1, Max:  0.2, Diff:  0.1, Sum:  1.1, Workers: 8
[2025-06-17T22:38:07.797+0300][3224][19180][debug][gc,phases] GC(11)       Termination Attempts:          Min: 1, Avg:  1.0, Max: 1, Diff: 0, Sum: 8, Workers: 8
[2025-06-17T22:38:07.797+0300][3224][19180][debug][gc,phases] GC(11)     GC Worker Other (ms):          Min:  0.1, Avg:  0.1, Max:  0.1, Diff:  0.0, Sum:  0.7, Workers: 8
[2025-06-17T22:38:07.797+0300][3224][19180][debug][gc,phases] GC(11)     GC Worker Total (ms):          Min:  0.2, Avg:  0.8, Max:  1.0, Diff:  0.9, Sum:  6.7, Workers: 8
[2025-06-17T22:38:07.797+0300][3224][19180][info ][gc,phases] GC(11)   Post Evacuate Collection Set: 0.8ms
[2025-06-17T22:38:07.797+0300][3224][19180][debug][gc,phases] GC(11)     NMethod List Cleanup: 0.1ms
[2025-06-17T22:38:07.797+0300][3224][19180][debug][gc,phases] GC(11)     Reference Processing: 0.1ms
[2025-06-17T22:38:07.797+0300][3224][19180][debug][gc,phases] GC(11)     Weak Processing: 0.1ms
[2025-06-17T22:38:07.797+0300][3224][19180][debug][gc,phases] GC(11)       VM Weak                        Min:  0.0, Avg:  0.0, Max:  0.0, Diff:  0.0, Sum:  0.0, Workers: 8
[2025-06-17T22:38:07.797+0300][3224][19180][debug][gc,phases] GC(11)         Dead                           Min: 0, Avg:  0.0, Max: 0, Diff: 0, Sum: 0, Workers: 8
[2025-06-17T22:38:07.797+0300][3224][19180][debug][gc,phases] GC(11)         Total                          Min: 0, Avg: 46.2, Max: 256, Diff: 256, Sum: 370, Workers: 8
[2025-06-17T22:38:07.797+0300][3224][19180][debug][gc,phases] GC(11)       ObjectSynchronizer Weak        Min:  0.0, Avg:  0.0, Max:  0.0, Diff:  0.0, Sum:  0.0, Workers: 8
[2025-06-17T22:38:07.797+0300][3224][19180][debug][gc,phases] GC(11)         Dead                           Min: 0, Avg:  0.0, Max: 0, Diff: 0, Sum: 0, Workers: 8
[2025-06-17T22:38:07.797+0300][3224][19180][debug][gc,phases] GC(11)         Total                          Min: 0, Avg: 18.6, Max: 64, Diff: 64, Sum: 149, Workers: 8
[2025-06-17T22:38:07.797+0300][3224][19180][debug][gc,phases] GC(11)       JVMTI Tag Weak OopStorage      Min:  0.0, Avg:  0.0, Max:  0.0, Diff:  0.0, Sum:  0.0, Workers: 8
[2025-06-17T22:38:07.797+0300][3224][19180][debug][gc,phases] GC(11)         Dead                           Min: 0, Avg:  0.0, Max: 0, Diff: 0, Sum: 0, Workers: 8
[2025-06-17T22:38:07.797+0300][3224][19180][debug][gc,phases] GC(11)         Total                          Min: 0, Avg:  0.0, Max: 0, Diff: 0, Sum: 0, Workers: 8
[2025-06-17T22:38:07.797+0300][3224][19180][debug][gc,phases] GC(11)       StringTable Weak               Min:  0.0, Avg:  0.0, Max:  0.0, Diff:  0.0, Sum:  0.1, Workers: 8
[2025-06-17T22:38:07.797+0300][3224][19180][debug][gc,phases] GC(11)         Dead                           Min: 0, Avg:  0.0, Max: 0, Diff: 0, Sum: 0, Workers: 8
[2025-06-17T22:38:07.797+0300][3224][19180][debug][gc,phases] GC(11)         Total                          Min: 0, Avg: 772.0, Max: 960, Diff: 960, Sum: 6176, Workers: 8
[2025-06-17T22:38:07.797+0300][3224][19180][debug][gc,phases] GC(11)       ResolvedMethodTable Weak       Min:  0.0, Avg:  0.0, Max:  0.0, Diff:  0.0, Sum:  0.0, Workers: 8
[2025-06-17T22:38:07.797+0300][3224][19180][debug][gc,phases] GC(11)         Dead                           Min: 0, Avg:  0.0, Max: 0, Diff: 0, Sum: 0, Workers: 8
[2025-06-17T22:38:07.797+0300][3224][19180][debug][gc,phases] GC(11)         Total                          Min: 0, Avg: 108.8, Max: 192, Diff: 192, Sum: 870, Workers: 8
[2025-06-17T22:38:07.797+0300][3224][19180][debug][gc,phases] GC(11)       JNI Weak                       Min:  0.0, Avg:  0.0, Max:  0.0, Diff:  0.0, Sum:  0.0, Workers: 8
[2025-06-17T22:38:07.797+0300][3224][19180][debug][gc,phases] GC(11)         Dead                           Min: 0, Avg:  0.0, Max: 0, Diff: 0, Sum: 0, Workers: 8
[2025-06-17T22:38:07.797+0300][3224][19180][debug][gc,phases] GC(11)         Total                          Min: 0, Avg:  0.0, Max: 0, Diff: 0, Sum: 0, Workers: 8
[2025-06-17T22:38:07.797+0300][3224][19180][debug][gc,phases] GC(11)       StringDedup Table Weak         Min:  0.0, Avg:  0.0, Max:  0.0, Diff:  0.0, Sum:  0.0, Workers: 8
[2025-06-17T22:38:07.797+0300][3224][19180][debug][gc,phases] GC(11)         Dead                           Min: 0, Avg:  0.0, Max: 0, Diff: 0, Sum: 0, Workers: 8
[2025-06-17T22:38:07.797+0300][3224][19180][debug][gc,phases] GC(11)         Total                          Min: 0, Avg:  0.0, Max: 0, Diff: 0, Sum: 0, Workers: 8
[2025-06-17T22:38:07.797+0300][3224][19180][debug][gc,phases] GC(11)       StringDedup Requests0 Weak     Min:  0.0, Avg:  0.0, Max:  0.0, Diff:  0.0, Sum:  0.0, Workers: 8
[2025-06-17T22:38:07.797+0300][3224][19180][debug][gc,phases] GC(11)         Dead                           Min: 0, Avg:  0.0, Max: 0, Diff: 0, Sum: 0, Workers: 8
[2025-06-17T22:38:07.797+0300][3224][19180][debug][gc,phases] GC(11)         Total                          Min: 0, Avg:  0.0, Max: 0, Diff: 0, Sum: 0, Workers: 8
[2025-06-17T22:38:07.797+0300][3224][19180][debug][gc,phases] GC(11)       StringDedup Requests1 Weak     Min:  0.0, Avg:  0.0, Max:  0.0, Diff:  0.0, Sum:  0.0, Workers: 8
[2025-06-17T22:38:07.797+0300][3224][19180][debug][gc,phases] GC(11)         Dead                           Min: 0, Avg:  0.0, Max: 0, Diff: 0, Sum: 0, Workers: 8
[2025-06-17T22:38:07.797+0300][3224][19180][debug][gc,phases] GC(11)         Total                          Min: 0, Avg:  0.0, Max: 0, Diff: 0, Sum: 0, Workers: 8
[2025-06-17T22:38:07.797+0300][3224][19180][debug][gc,phases] GC(11)       Weak JFR Old Object Samples    Min:  0.0, Avg:  0.0, Max:  0.0, Diff:  0.0, Sum:  0.0, Workers: 8
[2025-06-17T22:38:07.797+0300][3224][19180][debug][gc,phases] GC(11)         Dead                           Min: 0, Avg:  0.0, Max: 0, Diff: 0, Sum: 0, Workers: 8
[2025-06-17T22:38:07.797+0300][3224][19180][debug][gc,phases] GC(11)         Total                          Min: 0, Avg:  0.0, Max: 0, Diff: 0, Sum: 0, Workers: 8
[2025-06-17T22:38:07.797+0300][3224][19180][debug][gc,phases] GC(11)     Post Evacuate Cleanup 1: 0.3ms
[2025-06-17T22:38:07.797+0300][3224][19180][debug][gc,phases] GC(11)       Merge Per-Thread State (ms):   Min:  0.1, Avg:  0.1, Max:  0.1, Diff:  0.0, Sum:  0.1, Workers: 1
[2025-06-17T22:38:07.797+0300][3224][19180][debug][gc,phases] GC(11)         Copied Bytes                   Min: 0, Avg: 200116.0, Max: 475272, Diff: 475272, Sum: 1600928, Workers: 8
[2025-06-17T22:38:07.797+0300][3224][19180][debug][gc,phases] GC(11)         LAB Waste                      Min: 0, Avg: 182.0, Max: 472, Diff: 472, Sum: 1456, Workers: 8
[2025-06-17T22:38:07.797+0300][3224][19180][debug][gc,phases] GC(11)         LAB Undo Waste                 Min: 0, Avg: 17666.0, Max: 141328, Diff: 141328, Sum: 141328, Workers: 8
[2025-06-17T22:38:07.797+0300][3224][19180][debug][gc,phases] GC(11)       Clear Logged Cards (ms):       Min:  0.0, Avg:  0.1, Max:  0.2, Diff:  0.2, Sum:  0.5, Workers: 5
[2025-06-17T22:38:07.797+0300][3224][19180][debug][gc,phases] GC(11)       Recalculate Used Memory (ms):  Min:  0.0, Avg:  0.0, Max:  0.0, Diff:  0.0, Sum:  0.0, Workers: 1
[2025-06-17T22:38:07.797+0300][3224][19180][debug][gc,phases] GC(11)     Post Evacuate Cleanup 2: 0.3ms
[2025-06-17T22:38:07.797+0300][3224][19180][debug][gc,phases] GC(11)       Update Derived Pointers (ms):  Min:  0.0, Avg:  0.0, Max:  0.0, Diff:  0.0, Sum:  0.0, Workers: 1
[2025-06-17T22:38:07.797+0300][3224][19180][debug][gc,phases] GC(11)       Eagerly Reclaim Humongous Objects (ms): Min:  0.0, Avg:  0.0, Max:  0.0, Diff:  0.0, Sum:  0.0, Workers: 1
[2025-06-17T22:38:07.797+0300][3224][19180][debug][gc,phases] GC(11)         Humongous Total                Min: 3, Avg:  3.0, Max: 3, Diff: 0, Sum: 3, Workers: 1
[2025-06-17T22:38:07.797+0300][3224][19180][debug][gc,phases] GC(11)         Humongous Candidates           Min: 3, Avg:  3.0, Max: 3, Diff: 0, Sum: 3, Workers: 1
[2025-06-17T22:38:07.797+0300][3224][19180][debug][gc,phases] GC(11)         Humongous Reclaimed            Min: 0, Avg:  0.0, Max: 0, Diff: 0, Sum: 0, Workers: 1
[2025-06-17T22:38:07.797+0300][3224][19180][debug][gc,phases] GC(11)       Redirty Logged Cards (ms):     Min:  0.0, Avg:  0.0, Max:  0.0, Diff:  0.0, Sum:  0.0, Workers: 8
[2025-06-17T22:38:07.797+0300][3224][19180][debug][gc,phases] GC(11)         Redirtied Cards:               Min: 0, Avg: 28.9, Max: 100, Diff: 100, Sum: 231, Workers: 8
[2025-06-17T22:38:07.797+0300][3224][19180][debug][gc,phases] GC(11)       Resize TLABs (ms):             Min:  0.0, Avg:  0.0, Max:  0.0, Diff:  0.0, Sum:  0.0, Workers: 8
[2025-06-17T22:38:07.797+0300][3224][19180][debug][gc,phases] GC(11)       Free Collection Set (ms):      Min:  0.0, Avg:  0.2, Max:  0.2, Diff:  0.2, Sum:  1.7, Workers: 8
[2025-06-17T22:38:07.797+0300][3224][19180][debug][gc,phases] GC(11)     Rebuild Free List: 0.1ms
[2025-06-17T22:38:07.797+0300][3224][19180][debug][gc,phases] GC(11)     Prepare For Mutator: 0.0ms
[2025-06-17T22:38:07.797+0300][3224][19180][debug][gc,phases] GC(11)     Expand Heap After Collection: 0.0ms
[2025-06-17T22:38:07.797+0300][3224][19180][info ][gc,phases] GC(11)   Other: 0.1ms
[2025-06-17T22:38:07.797+0300][3224][19180][info ][gc,heap  ] GC(11) Eden regions: 1226->0(1226)
[2025-06-17T22:38:07.797+0300][3224][19180][info ][gc,heap  ] GC(11) Survivor regions: 2->2(154)
[2025-06-17T22:38:07.797+0300][3224][19180][info ][gc,heap  ] GC(11) Old regions: 10->10
[2025-06-17T22:38:07.797+0300][3224][19180][info ][gc,heap  ] GC(11) Humongous regions: 9->9
[2025-06-17T22:38:07.797+0300][3224][19180][debug][gc,heap  ] GC(11) Heap after GC invocations=12 (full 1):
[2025-06-17T22:38:07.797+0300][3224][19180][debug][gc,heap  ] GC(11)  garbage-first heap   total 2097152K, used 13996K [0x0000000080000000, 0x0000000100000000)
[2025-06-17T22:38:07.797+0300][3224][19180][debug][gc,heap  ] GC(11)   region size 1024K, 2 young (2048K), 2 survivors (2048K)
[2025-06-17T22:38:07.797+0300][3224][19180][debug][gc,heap  ] GC(11)  Metaspace       used 8979K, committed 9536K, reserved 1114112K
[2025-06-17T22:38:07.802+0300][3224][19180][debug][gc,heap  ] GC(11)   class space    used 978K, committed 1216K, reserved 1048576K
[2025-06-17T22:38:07.802+0300][3224][19180][info ][gc       ] GC(11) Pause Young (Normal) (G1 Evacuation Pause) 1239M->13M(2048M) 4.424ms
[2025-06-17T22:38:07.802+0300][3224][19180][info ][safepoint] Safepoint "G1CollectForAllocation", Time since last: 328002700 ns, Reaching safepoint: 271100 ns, Cleanup: 18900 ns, At safepoint: 4474100 ns, Total: 4764100 ns
[2025-06-17T22:38:08.090+0300][3224][19180][debug][safepoint] Safepoint synchronization initiated using striped semaphore wait barrier. (19 threads)
[2025-06-17T22:38:08.090+0300][3224][20944][debug][safepoint] ... found polling page loop exception at pc = 0x00000275901bda60, stub =0x000002758fbb5d80
[2025-06-17T22:38:08.090+0300][3224][22456][debug][safepoint] ... found polling page loop exception at pc = 0x00000275902b8d8d, stub =0x000002758fbb6600
[2025-06-17T22:38:08.090+0300][3224][11072][debug][safepoint] ... found polling page loop exception at pc = 0x00000275901d1722, stub =0x000002758fbb6600
[2025-06-17T22:38:08.090+0300][3224][13220][debug][safepoint] ... found polling page loop exception at pc = 0x00000275901f6346, stub =0x000002758fbb6600
[2025-06-17T22:38:08.090+0300][3224][18932][debug][safepoint] ... found polling page loop exception at pc = 0x00000275901c5942, stub =0x000002758fbb6600
[2025-06-17T22:38:08.090+0300][3224][19220][debug][safepoint] ... found polling page loop exception at pc = 0x00000275901bda60, stub =0x000002758fbb5d80
[2025-06-17T22:38:08.092+0300][3224][19180][debug][gc,heap  ] GC(12) Heap before GC invocations=12 (full 1):
[2025-06-17T22:38:08.092+0300][3224][19180][debug][gc,heap  ] GC(12)  garbage-first heap   total 2097152K, used 1269420K [0x0000000080000000, 0x0000000100000000)
[2025-06-17T22:38:08.092+0300][3224][19180][debug][gc,heap  ] GC(12)   region size 1024K, 1228 young (1257472K), 2 survivors (2048K)
[2025-06-17T22:38:08.092+0300][3224][19180][debug][gc,heap  ] GC(12)  Metaspace       used 8979K, committed 9536K, reserved 1114112K
[2025-06-17T22:38:08.092+0300][3224][19180][debug][gc,heap  ] GC(12)   class space    used 978K, committed 1216K, reserved 1048576K
[2025-06-17T22:38:08.094+0300][3224][19180][info ][gc,phases] GC(12)   Pre Evacuate Collection Set: 0.3ms
[2025-06-17T22:38:08.094+0300][3224][19180][debug][gc,phases] GC(12)     Pre Evacuate Prepare: 0.0ms
[2025-06-17T22:38:08.094+0300][3224][19180][debug][gc,phases] GC(12)       JT Retire TLABs And Flush Logs (ms): Min:  0.0, Avg:  0.0, Max:  0.0, Diff:  0.0, Sum:  0.0, Workers: 2
[2025-06-17T22:38:08.094+0300][3224][19180][debug][gc,phases] GC(12)       Non-JT Flush Logs (ms):        Min:  0.0, Avg:  0.0, Max:  0.0, Diff:  0.0, Sum:  0.0, Workers: 1
[2025-06-17T22:38:08.094+0300][3224][19180][debug][gc,phases] GC(12)     Choose Collection Set: 0.0ms
[2025-06-17T22:38:08.094+0300][3224][19180][debug][gc,phases] GC(12)     Region Register: 0.3ms
[2025-06-17T22:38:08.094+0300][3224][19180][debug][gc,phases] GC(12)     Prepare Heap Roots: 0.0ms
[2025-06-17T22:38:08.094+0300][3224][19180][info ][gc,phases] GC(12)   Merge Heap Roots: 0.2ms
[2025-06-17T22:38:08.094+0300][3224][19180][debug][gc,phases] GC(12)     Prepare Merge Heap Roots: 0.0ms
[2025-06-17T22:38:08.094+0300][3224][19180][debug][gc,phases] GC(12)     Remembered Sets (ms):          Min:  0.0, Avg:  0.1, Max:  0.1, Diff:  0.1, Sum:  0.7, Workers: 8
[2025-06-17T22:38:08.094+0300][3224][19180][debug][gc,phases] GC(12)       Eager Reclaim (ms):            Min:  0.0, Avg:  0.0, Max:  0.0, Diff:  0.0, Sum:  0.0, Workers: 1
[2025-06-17T22:38:08.094+0300][3224][19180][debug][gc,phases] GC(12)       Merged Inline                  Min: 0, Avg:  0.0, Max: 0, Diff: 0, Sum: 0, Workers: 8
[2025-06-17T22:38:08.094+0300][3224][19180][debug][gc,phases] GC(12)       Merged ArrayOfCards            Min: 0, Avg:  0.0, Max: 0, Diff: 0, Sum: 0, Workers: 8
[2025-06-17T22:38:08.094+0300][3224][19180][debug][gc,phases] GC(12)       Merged Howl                    Min: 0, Avg:  0.0, Max: 0, Diff: 0, Sum: 0, Workers: 8
[2025-06-17T22:38:08.094+0300][3224][19180][debug][gc,phases] GC(12)       Merged Full                    Min: 0, Avg:  0.0, Max: 0, Diff: 0, Sum: 0, Workers: 8
[2025-06-17T22:38:08.094+0300][3224][19180][debug][gc,phases] GC(12)       Merged Howl Inline             Min: 0, Avg:  0.0, Max: 0, Diff: 0, Sum: 0, Workers: 8
[2025-06-17T22:38:08.094+0300][3224][19180][debug][gc,phases] GC(12)       Merged Howl ArrayOfCards       Min: 0, Avg:  0.0, Max: 0, Diff: 0, Sum: 0, Workers: 8
[2025-06-17T22:38:08.094+0300][3224][19180][debug][gc,phases] GC(12)       Merged Howl BitMap             Min: 0, Avg:  0.0, Max: 0, Diff: 0, Sum: 0, Workers: 8
[2025-06-17T22:38:08.094+0300][3224][19180][debug][gc,phases] GC(12)       Merged Howl Full               Min: 0, Avg:  0.0, Max: 0, Diff: 0, Sum: 0, Workers: 8
[2025-06-17T22:38:08.094+0300][3224][19180][debug][gc,phases] GC(12)       Merged Cards                   Min: 8, Avg:  9.0, Max: 16, Diff: 8, Sum: 72, Workers: 8
[2025-06-17T22:38:08.094+0300][3224][19180][debug][gc,phases] GC(12)     Log Buffers (ms):              Min:  0.0, Avg:  0.0, Max:  0.0, Diff:  0.0, Sum:  0.0, Workers: 8
[2025-06-17T22:38:08.094+0300][3224][19180][debug][gc,phases] GC(12)       Dirty Cards:                   Min: 0, Avg: 29.2, Max: 156, Diff: 156, Sum: 234, Workers: 8
[2025-06-17T22:38:08.094+0300][3224][19180][debug][gc,phases] GC(12)       Skipped Cards:                 Min: 0, Avg:  0.0, Max: 0, Diff: 0, Sum: 0, Workers: 8
[2025-06-17T22:38:08.094+0300][3224][19180][info ][gc,phases] GC(12)   Evacuate Collection Set: 0.9ms
[2025-06-17T22:38:08.094+0300][3224][19180][debug][gc,phases] GC(12)     Ext Root Scanning (ms):        Min:  0.0, Avg:  0.1, Max:  0.3, Diff:  0.3, Sum:  0.7, Workers: 8
[2025-06-17T22:38:08.094+0300][3224][19180][debug][gc,phases] GC(12)     Scan Heap Roots (ms):          Min:  0.0, Avg:  0.0, Max:  0.1, Diff:  0.1, Sum:  0.3, Workers: 8
[2025-06-17T22:38:08.094+0300][3224][19180][debug][gc,phases] GC(12)       Scanned Cards:                 Min: 0, Avg: 29.1, Max: 60, Diff: 60, Sum: 233, Workers: 8
[2025-06-17T22:38:08.094+0300][3224][19180][debug][gc,phases] GC(12)       Scanned Blocks:                Min: 0, Avg: 18.2, Max: 38, Diff: 38, Sum: 146, Workers: 8
[2025-06-17T22:38:08.094+0300][3224][19180][debug][gc,phases] GC(12)       Claimed Chunks:                Min: 0, Avg:  6.9, Max: 17, Diff: 17, Sum: 55, Workers: 8
[2025-06-17T22:38:08.094+0300][3224][19180][debug][gc,phases] GC(12)       Found Roots:                   Min: 0, Avg: 149.0, Max: 414, Diff: 414, Sum: 1192, Workers: 8
[2025-06-17T22:38:08.094+0300][3224][19180][debug][gc,phases] GC(12)     Code Root Scan (ms):           Min:  0.1, Avg:  0.2, Max:  0.4, Diff:  0.4, Sum:  1.9, Workers: 8
[2025-06-17T22:38:08.094+0300][3224][19180][debug][gc,phases] GC(12)       Scanned Nmethods               Min: 0, Avg: 52.2, Max: 116, Diff: 116, Sum: 418, Workers: 8
[2025-06-17T22:38:08.094+0300][3224][19180][debug][gc,phases] GC(12)     Object Copy (ms):              Min:  0.0, Avg:  0.2, Max:  0.4, Diff:  0.4, Sum:  2.0, Workers: 8
[2025-06-17T22:38:08.094+0300][3224][19180][debug][gc,phases] GC(12)     Termination (ms):              Min:  0.0, Avg:  0.1, Max:  0.2, Diff:  0.1, Sum:  1.0, Workers: 8
[2025-06-17T22:38:08.094+0300][3224][19180][debug][gc,phases] GC(12)       Termination Attempts:          Min: 1, Avg:  1.0, Max: 1, Diff: 0, Sum: 8, Workers: 8
[2025-06-17T22:38:08.094+0300][3224][19180][debug][gc,phases] GC(12)     GC Worker Other (ms):          Min:  0.1, Avg:  0.1, Max:  0.1, Diff:  0.0, Sum:  0.6, Workers: 8
[2025-06-17T22:38:08.094+0300][3224][19180][debug][gc,phases] GC(12)     GC Worker Total (ms):          Min:  0.2, Avg:  0.8, Max:  0.9, Diff:  0.8, Sum:  6.5, Workers: 8
[2025-06-17T22:38:08.094+0300][3224][19180][info ][gc,phases] GC(12)   Post Evacuate Collection Set: 0.9ms
[2025-06-17T22:38:08.094+0300][3224][19180][debug][gc,phases] GC(12)     NMethod List Cleanup: 0.1ms
[2025-06-17T22:38:08.094+0300][3224][19180][debug][gc,phases] GC(12)     Reference Processing: 0.1ms
[2025-06-17T22:38:08.094+0300][3224][19180][debug][gc,phases] GC(12)     Weak Processing: 0.1ms
[2025-06-17T22:38:08.094+0300][3224][19180][debug][gc,phases] GC(12)       VM Weak                        Min:  0.0, Avg:  0.0, Max:  0.0, Diff:  0.0, Sum:  0.0, Workers: 8
[2025-06-17T22:38:08.094+0300][3224][19180][debug][gc,phases] GC(12)         Dead                           Min: 0, Avg:  0.0, Max: 0, Diff: 0, Sum: 0, Workers: 8
[2025-06-17T22:38:08.094+0300][3224][19180][debug][gc,phases] GC(12)         Total                          Min: 0, Avg: 46.2, Max: 64, Diff: 64, Sum: 370, Workers: 8
[2025-06-17T22:38:08.094+0300][3224][19180][debug][gc,phases] GC(12)       ObjectSynchronizer Weak        Min:  0.0, Avg:  0.0, Max:  0.0, Diff:  0.0, Sum:  0.0, Workers: 8
[2025-06-17T22:38:08.094+0300][3224][19180][debug][gc,phases] GC(12)         Dead                           Min: 0, Avg:  0.0, Max: 0, Diff: 0, Sum: 0, Workers: 8
[2025-06-17T22:38:08.094+0300][3224][19180][debug][gc,phases] GC(12)         Total                          Min: 0, Avg: 18.6, Max: 64, Diff: 64, Sum: 149, Workers: 8
[2025-06-17T22:38:08.094+0300][3224][19180][debug][gc,phases] GC(12)       JVMTI Tag Weak OopStorage      Min:  0.0, Avg:  0.0, Max:  0.0, Diff:  0.0, Sum:  0.0, Workers: 8
[2025-06-17T22:38:08.094+0300][3224][19180][debug][gc,phases] GC(12)         Dead                           Min: 0, Avg:  0.0, Max: 0, Diff: 0, Sum: 0, Workers: 8
[2025-06-17T22:38:08.094+0300][3224][19180][debug][gc,phases] GC(12)         Total                          Min: 0, Avg:  0.0, Max: 0, Diff: 0, Sum: 0, Workers: 8
[2025-06-17T22:38:08.094+0300][3224][19180][debug][gc,phases] GC(12)       StringTable Weak               Min:  0.0, Avg:  0.0, Max:  0.0, Diff:  0.0, Sum:  0.1, Workers: 8
[2025-06-17T22:38:08.094+0300][3224][19180][debug][gc,phases] GC(12)         Dead                           Min: 0, Avg:  0.0, Max: 0, Diff: 0, Sum: 0, Workers: 8
[2025-06-17T22:38:08.094+0300][3224][19180][debug][gc,phases] GC(12)         Total                          Min: 0, Avg: 772.0, Max: 960, Diff: 960, Sum: 6176, Workers: 8
[2025-06-17T22:38:08.094+0300][3224][19180][debug][gc,phases] GC(12)       ResolvedMethodTable Weak       Min:  0.0, Avg:  0.0, Max:  0.0, Diff:  0.0, Sum:  0.0, Workers: 8
[2025-06-17T22:38:08.094+0300][3224][19180][debug][gc,phases] GC(12)         Dead                           Min: 0, Avg:  0.0, Max: 0, Diff: 0, Sum: 0, Workers: 8
[2025-06-17T22:38:08.094+0300][3224][19180][debug][gc,phases] GC(12)         Total                          Min: 0, Avg: 108.8, Max: 230, Diff: 230, Sum: 870, Workers: 8
[2025-06-17T22:38:08.094+0300][3224][19180][debug][gc,phases] GC(12)       JNI Weak                       Min:  0.0, Avg:  0.0, Max:  0.0, Diff:  0.0, Sum:  0.0, Workers: 8
[2025-06-17T22:38:08.094+0300][3224][19180][debug][gc,phases] GC(12)         Dead                           Min: 0, Avg:  0.0, Max: 0, Diff: 0, Sum: 0, Workers: 8
[2025-06-17T22:38:08.094+0300][3224][19180][debug][gc,phases] GC(12)         Total                          Min: 0, Avg:  0.0, Max: 0, Diff: 0, Sum: 0, Workers: 8
[2025-06-17T22:38:08.094+0300][3224][19180][debug][gc,phases] GC(12)       StringDedup Table Weak         Min:  0.0, Avg:  0.0, Max:  0.0, Diff:  0.0, Sum:  0.0, Workers: 8
[2025-06-17T22:38:08.094+0300][3224][19180][debug][gc,phases] GC(12)         Dead                           Min: 0, Avg:  0.0, Max: 0, Diff: 0, Sum: 0, Workers: 8
[2025-06-17T22:38:08.094+0300][3224][19180][debug][gc,phases] GC(12)         Total                          Min: 0, Avg:  0.0, Max: 0, Diff: 0, Sum: 0, Workers: 8
[2025-06-17T22:38:08.094+0300][3224][19180][debug][gc,phases] GC(12)       StringDedup Requests0 Weak     Min:  0.0, Avg:  0.0, Max:  0.0, Diff:  0.0, Sum:  0.0, Workers: 8
[2025-06-17T22:38:08.094+0300][3224][19180][debug][gc,phases] GC(12)         Dead                           Min: 0, Avg:  0.0, Max: 0, Diff: 0, Sum: 0, Workers: 8
[2025-06-17T22:38:08.094+0300][3224][19180][debug][gc,phases] GC(12)         Total                          Min: 0, Avg:  0.0, Max: 0, Diff: 0, Sum: 0, Workers: 8
[2025-06-17T22:38:08.094+0300][3224][19180][debug][gc,phases] GC(12)       StringDedup Requests1 Weak     Min:  0.0, Avg:  0.0, Max:  0.0, Diff:  0.0, Sum:  0.0, Workers: 8
[2025-06-17T22:38:08.094+0300][3224][19180][debug][gc,phases] GC(12)         Dead                           Min: 0, Avg:  0.0, Max: 0, Diff: 0, Sum: 0, Workers: 8
[2025-06-17T22:38:08.094+0300][3224][19180][debug][gc,phases] GC(12)         Total                          Min: 0, Avg:  0.0, Max: 0, Diff: 0, Sum: 0, Workers: 8
[2025-06-17T22:38:08.094+0300][3224][19180][debug][gc,phases] GC(12)       Weak JFR Old Object Samples    Min:  0.0, Avg:  0.0, Max:  0.0, Diff:  0.0, Sum:  0.0, Workers: 8
[2025-06-17T22:38:08.094+0300][3224][19180][debug][gc,phases] GC(12)         Dead                           Min: 0, Avg:  0.0, Max: 0, Diff: 0, Sum: 0, Workers: 8
[2025-06-17T22:38:08.094+0300][3224][19180][debug][gc,phases] GC(12)         Total                          Min: 0, Avg:  0.0, Max: 0, Diff: 0, Sum: 0, Workers: 8
[2025-06-17T22:38:08.094+0300][3224][19180][debug][gc,phases] GC(12)     Post Evacuate Cleanup 1: 0.3ms
[2025-06-17T22:38:08.094+0300][3224][19180][debug][gc,phases] GC(12)       Merge Per-Thread State (ms):   Min:  0.0, Avg:  0.0, Max:  0.0, Diff:  0.0, Sum:  0.0, Workers: 1
[2025-06-17T22:38:08.094+0300][3224][19180][debug][gc,phases] GC(12)         Copied Bytes                   Min: 0, Avg: 199978.0, Max: 303392, Diff: 303392, Sum: 1599824, Workers: 8
[2025-06-17T22:38:08.094+0300][3224][19180][debug][gc,phases] GC(12)         LAB Waste                      Min: 0, Avg: 565.0, Max: 1840, Diff: 1840, Sum: 4520, Workers: 8
[2025-06-17T22:38:08.094+0300][3224][19180][debug][gc,phases] GC(12)         LAB Undo Waste                 Min: 0, Avg:  0.0, Max: 0, Diff: 0, Sum: 0, Workers: 8
[2025-06-17T22:38:08.094+0300][3224][19180][debug][gc,phases] GC(12)       Clear Logged Cards (ms):       Min:  0.0, Avg:  0.1, Max:  0.3, Diff:  0.3, Sum:  0.6, Workers: 5
[2025-06-17T22:38:08.094+0300][3224][19180][debug][gc,phases] GC(12)       Recalculate Used Memory (ms):  Min:  0.0, Avg:  0.0, Max:  0.0, Diff:  0.0, Sum:  0.0, Workers: 1
[2025-06-17T22:38:08.094+0300][3224][19180][debug][gc,phases] GC(12)     Post Evacuate Cleanup 2: 0.3ms
[2025-06-17T22:38:08.094+0300][3224][19180][debug][gc,phases] GC(12)       Update Derived Pointers (ms):  Min:  0.0, Avg:  0.0, Max:  0.0, Diff:  0.0, Sum:  0.0, Workers: 1
[2025-06-17T22:38:08.094+0300][3224][19180][debug][gc,phases] GC(12)       Eagerly Reclaim Humongous Objects (ms): Min:  0.0, Avg:  0.0, Max:  0.0, Diff:  0.0, Sum:  0.0, Workers: 1
[2025-06-17T22:38:08.094+0300][3224][19180][debug][gc,phases] GC(12)         Humongous Total                Min: 3, Avg:  3.0, Max: 3, Diff: 0, Sum: 3, Workers: 1
[2025-06-17T22:38:08.094+0300][3224][19180][debug][gc,phases] GC(12)         Humongous Candidates           Min: 3, Avg:  3.0, Max: 3, Diff: 0, Sum: 3, Workers: 1
[2025-06-17T22:38:08.094+0300][3224][19180][debug][gc,phases] GC(12)         Humongous Reclaimed            Min: 0, Avg:  0.0, Max: 0, Diff: 0, Sum: 0, Workers: 1
[2025-06-17T22:38:08.094+0300][3224][19180][debug][gc,phases] GC(12)       Redirty Logged Cards (ms):     Min:  0.0, Avg:  0.0, Max:  0.0, Diff:  0.0, Sum:  0.0, Workers: 8
[2025-06-17T22:38:08.094+0300][3224][19180][debug][gc,phases] GC(12)         Redirtied Cards:               Min: 0, Avg: 29.0, Max: 61, Diff: 61, Sum: 232, Workers: 8
[2025-06-17T22:38:08.094+0300][3224][19180][debug][gc,phases] GC(12)       Resize TLABs (ms):             Min:  0.0, Avg:  0.0, Max:  0.0, Diff:  0.0, Sum:  0.0, Workers: 8
[2025-06-17T22:38:08.094+0300][3224][19180][debug][gc,phases] GC(12)       Free Collection Set (ms):      Min:  0.0, Avg:  0.2, Max:  0.2, Diff:  0.2, Sum:  1.5, Workers: 8
[2025-06-17T22:38:08.094+0300][3224][19180][debug][gc,phases] GC(12)     Rebuild Free List: 0.1ms
[2025-06-17T22:38:08.094+0300][3224][19180][debug][gc,phases] GC(12)     Prepare For Mutator: 0.0ms
[2025-06-17T22:38:08.094+0300][3224][19180][debug][gc,phases] GC(12)     Expand Heap After Collection: 0.0ms
[2025-06-17T22:38:08.094+0300][3224][19180][info ][gc,phases] GC(12)   Other: 0.1ms
[2025-06-17T22:38:08.094+0300][3224][19180][info ][gc,heap  ] GC(12) Eden regions: 1226->0(1226)
[2025-06-17T22:38:08.094+0300][3224][19180][info ][gc,heap  ] GC(12) Survivor regions: 2->2(154)
[2025-06-17T22:38:08.094+0300][3224][19180][info ][gc,heap  ] GC(12) Old regions: 10->10
[2025-06-17T22:38:08.094+0300][3224][19180][info ][gc,heap  ] GC(12) Humongous regions: 9->9
[2025-06-17T22:38:08.094+0300][3224][19180][debug][gc,heap  ] GC(12) Heap after GC invocations=13 (full 1):
[2025-06-17T22:38:08.094+0300][3224][19180][debug][gc,heap  ] GC(12)  garbage-first heap   total 2097152K, used 13840K [0x0000000080000000, 0x0000000100000000)
[2025-06-17T22:38:08.094+0300][3224][19180][debug][gc,heap  ] GC(12)   region size 1024K, 2 young (2048K), 2 survivors (2048K)
[2025-06-17T22:38:08.094+0300][3224][19180][debug][gc,heap  ] GC(12)  Metaspace       used 8979K, committed 9536K, reserved 1114112K
[2025-06-17T22:38:08.094+0300][3224][19180][debug][gc,heap  ] GC(12)   class space    used 978K, committed 1216K, reserved 1048576K
[2025-06-17T22:38:08.094+0300][3224][19180][info ][gc       ] GC(12) Pause Young (Normal) (G1 Evacuation Pause) 1239M->13M(2048M) 4.458ms
[2025-06-17T22:38:08.094+0300][3224][19180][info ][safepoint] Safepoint "G1CollectForAllocation", Time since last: 289508100 ns, Reaching safepoint: 336500 ns, Cleanup: 13700 ns, At safepoint: 4517500 ns, Total: 4867700 ns
[2025-06-17T22:38:08.490+0300][3224][19180][debug][safepoint] Safepoint synchronization initiated using striped semaphore wait barrier. (19 threads)
[2025-06-17T22:38:08.490+0300][3224][11072][debug][safepoint] ... found polling page loop exception at pc = 0x00000275901bda60, stub =0x000002758fbb5d80
[2025-06-17T22:38:08.490+0300][3224][13220][debug][safepoint] ... found polling page loop exception at pc = 0x00000275901bda60, stub =0x000002758fbb5d80
[2025-06-17T22:38:08.490+0300][3224][10256][debug][safepoint] ... found polling page loop exception at pc = 0x00000275901bda60, stub =0x000002758fbb5d80
[2025-06-17T22:38:08.490+0300][3224][18932][debug][safepoint] ... found polling page loop exception at pc = 0x00000275901bda60, stub =0x000002758fbb5d80
[2025-06-17T22:38:08.490+0300][3224][20944][debug][safepoint] ... found polling page loop exception at pc = 0x00000275901bda60, stub =0x000002758fbb5d80
[2025-06-17T22:38:08.490+0300][3224][19180][debug][gc,heap  ] GC(13) Heap before GC invocations=13 (full 1):
[2025-06-17T22:38:08.490+0300][3224][19180][debug][gc,heap  ] GC(13)  garbage-first heap   total 2097152K, used 1269264K [0x0000000080000000, 0x0000000100000000)
[2025-06-17T22:38:08.490+0300][3224][19180][debug][gc,heap  ] GC(13)   region size 1024K, 1228 young (1257472K), 2 survivors (2048K)
[2025-06-17T22:38:08.490+0300][3224][19180][debug][gc,heap  ] GC(13)  Metaspace       used 8979K, committed 9536K, reserved 1114112K
[2025-06-17T22:38:08.490+0300][3224][19180][debug][gc,heap  ] GC(13)   class space    used 978K, committed 1216K, reserved 1048576K
[2025-06-17T22:38:08.490+0300][3224][19180][info ][gc,phases] GC(13)   Pre Evacuate Collection Set: 0.3ms
[2025-06-17T22:38:08.490+0300][3224][19180][debug][gc,phases] GC(13)     Pre Evacuate Prepare: 0.1ms
[2025-06-17T22:38:08.490+0300][3224][19180][debug][gc,phases] GC(13)       JT Retire TLABs And Flush Logs (ms): Min:  0.0, Avg:  0.0, Max:  0.0, Diff:  0.0, Sum:  0.0, Workers: 2
[2025-06-17T22:38:08.490+0300][3224][19180][debug][gc,phases] GC(13)       Non-JT Flush Logs (ms):        Min:  0.0, Avg:  0.0, Max:  0.0, Diff:  0.0, Sum:  0.0, Workers: 1
[2025-06-17T22:38:08.490+0300][3224][19180][debug][gc,phases] GC(13)     Choose Collection Set: 0.0ms
[2025-06-17T22:38:08.490+0300][3224][19180][debug][gc,phases] GC(13)     Region Register: 0.3ms
[2025-06-17T22:38:08.490+0300][3224][19180][debug][gc,phases] GC(13)     Prepare Heap Roots: 0.0ms
[2025-06-17T22:38:08.490+0300][3224][19180][info ][gc,phases] GC(13)   Merge Heap Roots: 0.2ms
[2025-06-17T22:38:08.490+0300][3224][19180][debug][gc,phases] GC(13)     Prepare Merge Heap Roots: 0.0ms
[2025-06-17T22:38:08.490+0300][3224][19180][debug][gc,phases] GC(13)     Remembered Sets (ms):          Min:  0.1, Avg:  0.1, Max:  0.1, Diff:  0.0, Sum:  0.7, Workers: 8
[2025-06-17T22:38:08.490+0300][3224][19180][debug][gc,phases] GC(13)       Eager Reclaim (ms):            Min:  0.0, Avg:  0.0, Max:  0.0, Diff:  0.0, Sum:  0.0, Workers: 1
[2025-06-17T22:38:08.490+0300][3224][19180][debug][gc,phases] GC(13)       Merged Inline                  Min: 0, Avg:  0.0, Max: 0, Diff: 0, Sum: 0, Workers: 8
[2025-06-17T22:38:08.490+0300][3224][19180][debug][gc,phases] GC(13)       Merged ArrayOfCards            Min: 0, Avg:  0.0, Max: 0, Diff: 0, Sum: 0, Workers: 8
[2025-06-17T22:38:08.490+0300][3224][19180][debug][gc,phases] GC(13)       Merged Howl                    Min: 0, Avg:  0.0, Max: 0, Diff: 0, Sum: 0, Workers: 8
[2025-06-17T22:38:08.490+0300][3224][19180][debug][gc,phases] GC(13)       Merged Full                    Min: 0, Avg:  0.0, Max: 0, Diff: 0, Sum: 0, Workers: 8
[2025-06-17T22:38:08.490+0300][3224][19180][debug][gc,phases] GC(13)       Merged Howl Inline             Min: 0, Avg:  0.0, Max: 0, Diff: 0, Sum: 0, Workers: 8
[2025-06-17T22:38:08.490+0300][3224][19180][debug][gc,phases] GC(13)       Merged Howl ArrayOfCards       Min: 0, Avg:  0.0, Max: 0, Diff: 0, Sum: 0, Workers: 8
[2025-06-17T22:38:08.490+0300][3224][19180][debug][gc,phases] GC(13)       Merged Howl BitMap             Min: 0, Avg:  0.0, Max: 0, Diff: 0, Sum: 0, Workers: 8
[2025-06-17T22:38:08.490+0300][3224][19180][debug][gc,phases] GC(13)       Merged Howl Full               Min: 0, Avg:  0.0, Max: 0, Diff: 0, Sum: 0, Workers: 8
[2025-06-17T22:38:08.490+0300][3224][19180][debug][gc,phases] GC(13)       Merged Cards                   Min: 8, Avg:  9.0, Max: 16, Diff: 8, Sum: 72, Workers: 8
[2025-06-17T22:38:08.490+0300][3224][19180][debug][gc,phases] GC(13)     Log Buffers (ms):              Min:  0.0, Avg:  0.0, Max:  0.0, Diff:  0.0, Sum:  0.0, Workers: 8
[2025-06-17T22:38:08.490+0300][3224][19180][debug][gc,phases] GC(13)       Dirty Cards:                   Min: 0, Avg: 29.2, Max: 160, Diff: 160, Sum: 234, Workers: 8
[2025-06-17T22:38:08.490+0300][3224][19180][debug][gc,phases] GC(13)       Skipped Cards:                 Min: 0, Avg:  0.0, Max: 0, Diff: 0, Sum: 0, Workers: 8
[2025-06-17T22:38:08.490+0300][3224][19180][info ][gc,phases] GC(13)   Evacuate Collection Set: 1.0ms
[2025-06-17T22:38:08.490+0300][3224][19180][debug][gc,phases] GC(13)     Ext Root Scanning (ms):        Min:  0.0, Avg:  0.1, Max:  0.4, Diff:  0.4, Sum:  0.7, Workers: 8
[2025-06-17T22:38:08.490+0300][3224][19180][debug][gc,phases] GC(13)     Scan Heap Roots (ms):          Min:  0.0, Avg:  0.0, Max:  0.1, Diff:  0.1, Sum:  0.3, Workers: 8
[2025-06-17T22:38:08.490+0300][3224][19180][debug][gc,phases] GC(13)       Scanned Cards:                 Min: 0, Avg: 29.1, Max: 61, Diff: 61, Sum: 233, Workers: 8
[2025-06-17T22:38:08.490+0300][3224][19180][debug][gc,phases] GC(13)       Scanned Blocks:                Min: 0, Avg: 18.2, Max: 40, Diff: 40, Sum: 146, Workers: 8
[2025-06-17T22:38:08.490+0300][3224][19180][debug][gc,phases] GC(13)       Claimed Chunks:                Min: 0, Avg:  6.9, Max: 15, Diff: 15, Sum: 55, Workers: 8
[2025-06-17T22:38:08.490+0300][3224][19180][debug][gc,phases] GC(13)       Found Roots:                   Min: 0, Avg: 149.0, Max: 337, Diff: 337, Sum: 1192, Workers: 8
[2025-06-17T22:38:08.490+0300][3224][19180][debug][gc,phases] GC(13)     Code Root Scan (ms):           Min:  0.1, Avg:  0.2, Max:  0.5, Diff:  0.4, Sum:  2.0, Workers: 8
[2025-06-17T22:38:08.490+0300][3224][19180][debug][gc,phases] GC(13)       Scanned Nmethods               Min: 0, Avg: 51.4, Max: 100, Diff: 100, Sum: 411, Workers: 8
[2025-06-17T22:38:08.490+0300][3224][19180][debug][gc,phases] GC(13)     Object Copy (ms):              Min:  0.0, Avg:  0.3, Max:  0.5, Diff:  0.5, Sum:  2.1, Workers: 8
[2025-06-17T22:38:08.490+0300][3224][19180][debug][gc,phases] GC(13)     Termination (ms):              Min:  0.0, Avg:  0.2, Max:  0.2, Diff:  0.2, Sum:  1.2, Workers: 8
[2025-06-17T22:38:08.490+0300][3224][19180][debug][gc,phases] GC(13)       Termination Attempts:          Min: 1, Avg:  1.0, Max: 1, Diff: 0, Sum: 8, Workers: 8
[2025-06-17T22:38:08.490+0300][3224][19180][debug][gc,phases] GC(13)     GC Worker Other (ms):          Min:  0.1, Avg:  0.1, Max:  0.1, Diff:  0.0, Sum:  0.7, Workers: 8
[2025-06-17T22:38:08.490+0300][3224][19180][debug][gc,phases] GC(13)     GC Worker Total (ms):          Min:  0.2, Avg:  0.9, Max:  1.0, Diff:  0.8, Sum:  7.0, Workers: 8
[2025-06-17T22:38:08.490+0300][3224][19180][info ][gc,phases] GC(13)   Post Evacuate Collection Set: 0.8ms
[2025-06-17T22:38:08.490+0300][3224][19180][debug][gc,phases] GC(13)     NMethod List Cleanup: 0.1ms
[2025-06-17T22:38:08.490+0300][3224][19180][debug][gc,phases] GC(13)     Reference Processing: 0.1ms
[2025-06-17T22:38:08.490+0300][3224][19180][debug][gc,phases] GC(13)     Weak Processing: 0.1ms
[2025-06-17T22:38:08.490+0300][3224][19180][debug][gc,phases] GC(13)       VM Weak                        Min:  0.0, Avg:  0.0, Max:  0.0, Diff:  0.0, Sum:  0.0, Workers: 8
[2025-06-17T22:38:08.490+0300][3224][19180][debug][gc,phases] GC(13)         Dead                           Min: 0, Avg:  0.0, Max: 0, Diff: 0, Sum: 0, Workers: 8
[2025-06-17T22:38:08.490+0300][3224][19180][debug][gc,phases] GC(13)         Total                          Min: 0, Avg: 46.2, Max: 128, Diff: 128, Sum: 370, Workers: 8
[2025-06-17T22:38:08.490+0300][3224][19180][debug][gc,phases] GC(13)       ObjectSynchronizer Weak        Min:  0.0, Avg:  0.0, Max:  0.0, Diff:  0.0, Sum:  0.0, Workers: 8
[2025-06-17T22:38:08.490+0300][3224][19180][debug][gc,phases] GC(13)         Dead                           Min: 0, Avg:  0.0, Max: 0, Diff: 0, Sum: 0, Workers: 8
[2025-06-17T22:38:08.490+0300][3224][19180][debug][gc,phases] GC(13)         Total                          Min: 0, Avg: 18.6, Max: 64, Diff: 64, Sum: 149, Workers: 8
[2025-06-17T22:38:08.490+0300][3224][19180][debug][gc,phases] GC(13)       JVMTI Tag Weak OopStorage      Min:  0.0, Avg:  0.0, Max:  0.0, Diff:  0.0, Sum:  0.0, Workers: 8
[2025-06-17T22:38:08.490+0300][3224][19180][debug][gc,phases] GC(13)         Dead                           Min: 0, Avg:  0.0, Max: 0, Diff: 0, Sum: 0, Workers: 8
[2025-06-17T22:38:08.490+0300][3224][19180][debug][gc,phases] GC(13)         Total                          Min: 0, Avg:  0.0, Max: 0, Diff: 0, Sum: 0, Workers: 8
[2025-06-17T22:38:08.490+0300][3224][19180][debug][gc,phases] GC(13)       StringTable Weak               Min:  0.0, Avg:  0.0, Max:  0.0, Diff:  0.0, Sum:  0.1, Workers: 8
[2025-06-17T22:38:08.490+0300][3224][19180][debug][gc,phases] GC(13)         Dead                           Min: 0, Avg:  0.0, Max: 0, Diff: 0, Sum: 0, Workers: 8
[2025-06-17T22:38:08.490+0300][3224][19180][debug][gc,phases] GC(13)         Total                          Min: 640, Avg: 772.0, Max: 896, Diff: 256, Sum: 6176, Workers: 8
[2025-06-17T22:38:08.490+0300][3224][19180][debug][gc,phases] GC(13)       ResolvedMethodTable Weak       Min:  0.0, Avg:  0.0, Max:  0.0, Diff:  0.0, Sum:  0.0, Workers: 8
[2025-06-17T22:38:08.490+0300][3224][19180][debug][gc,phases] GC(13)         Dead                           Min: 0, Avg:  0.0, Max: 0, Diff: 0, Sum: 0, Workers: 8
[2025-06-17T22:38:08.490+0300][3224][19180][debug][gc,phases] GC(13)         Total                          Min: 64, Avg: 108.8, Max: 230, Diff: 166, Sum: 870, Workers: 8
[2025-06-17T22:38:08.490+0300][3224][19180][debug][gc,phases] GC(13)       JNI Weak                       Min:  0.0, Avg:  0.0, Max:  0.0, Diff:  0.0, Sum:  0.0, Workers: 8
[2025-06-17T22:38:08.490+0300][3224][19180][debug][gc,phases] GC(13)         Dead                           Min: 0, Avg:  0.0, Max: 0, Diff: 0, Sum: 0, Workers: 8
[2025-06-17T22:38:08.490+0300][3224][19180][debug][gc,phases] GC(13)         Total                          Min: 0, Avg:  0.0, Max: 0, Diff: 0, Sum: 0, Workers: 8
[2025-06-17T22:38:08.490+0300][3224][19180][debug][gc,phases] GC(13)       StringDedup Table Weak         Min:  0.0, Avg:  0.0, Max:  0.0, Diff:  0.0, Sum:  0.0, Workers: 8
[2025-06-17T22:38:08.490+0300][3224][19180][debug][gc,phases] GC(13)         Dead                           Min: 0, Avg:  0.0, Max: 0, Diff: 0, Sum: 0, Workers: 8
[2025-06-17T22:38:08.490+0300][3224][19180][debug][gc,phases] GC(13)         Total                          Min: 0, Avg:  0.0, Max: 0, Diff: 0, Sum: 0, Workers: 8
[2025-06-17T22:38:08.490+0300][3224][19180][debug][gc,phases] GC(13)       StringDedup Requests0 Weak     Min:  0.0, Avg:  0.0, Max:  0.0, Diff:  0.0, Sum:  0.0, Workers: 8
[2025-06-17T22:38:08.490+0300][3224][19180][debug][gc,phases] GC(13)         Dead                           Min: 0, Avg:  0.0, Max: 0, Diff: 0, Sum: 0, Workers: 8
[2025-06-17T22:38:08.490+0300][3224][19180][debug][gc,phases] GC(13)         Total                          Min: 0, Avg:  0.0, Max: 0, Diff: 0, Sum: 0, Workers: 8
[2025-06-17T22:38:08.490+0300][3224][19180][debug][gc,phases] GC(13)       StringDedup Requests1 Weak     Min:  0.0, Avg:  0.0, Max:  0.0, Diff:  0.0, Sum:  0.0, Workers: 8
[2025-06-17T22:38:08.490+0300][3224][19180][debug][gc,phases] GC(13)         Dead                           Min: 0, Avg:  0.0, Max: 0, Diff: 0, Sum: 0, Workers: 8
[2025-06-17T22:38:08.490+0300][3224][19180][debug][gc,phases] GC(13)         Total                          Min: 0, Avg:  0.0, Max: 0, Diff: 0, Sum: 0, Workers: 8
[2025-06-17T22:38:08.490+0300][3224][19180][debug][gc,phases] GC(13)       Weak JFR Old Object Samples    Min:  0.0, Avg:  0.0, Max:  0.0, Diff:  0.0, Sum:  0.0, Workers: 8
[2025-06-17T22:38:08.490+0300][3224][19180][debug][gc,phases] GC(13)         Dead                           Min: 0, Avg:  0.0, Max: 0, Diff: 0, Sum: 0, Workers: 8
[2025-06-17T22:38:08.490+0300][3224][19180][debug][gc,phases] GC(13)         Total                          Min: 0, Avg:  0.0, Max: 0, Diff: 0, Sum: 0, Workers: 8
[2025-06-17T22:38:08.490+0300][3224][19180][debug][gc,phases] GC(13)     Post Evacuate Cleanup 1: 0.2ms
[2025-06-17T22:38:08.490+0300][3224][19180][debug][gc,phases] GC(13)       Merge Per-Thread State (ms):   Min:  0.1, Avg:  0.1, Max:  0.1, Diff:  0.0, Sum:  0.1, Workers: 1
[2025-06-17T22:38:08.490+0300][3224][19180][debug][gc,phases] GC(13)         Copied Bytes                   Min: 0, Avg: 197875.0, Max: 341800, Diff: 341800, Sum: 1583000, Workers: 8
[2025-06-17T22:38:08.490+0300][3224][19180][debug][gc,phases] GC(13)         LAB Waste                      Min: 0, Avg: 242.0, Max: 664, Diff: 664, Sum: 1936, Workers: 8
[2025-06-17T22:38:08.490+0300][3224][19180][debug][gc,phases] GC(13)         LAB Undo Waste                 Min: 0, Avg:  0.0, Max: 0, Diff: 0, Sum: 0, Workers: 8
[2025-06-17T22:38:08.490+0300][3224][19180][debug][gc,phases] GC(13)       Clear Logged Cards (ms):       Min:  0.0, Avg:  0.1, Max:  0.2, Diff:  0.2, Sum:  0.5, Workers: 5
[2025-06-17T22:38:08.490+0300][3224][19180][debug][gc,phases] GC(13)       Recalculate Used Memory (ms):  Min:  0.0, Avg:  0.0, Max:  0.0, Diff:  0.0, Sum:  0.0, Workers: 1
[2025-06-17T22:38:08.490+0300][3224][19180][debug][gc,phases] GC(13)     Post Evacuate Cleanup 2: 0.3ms
[2025-06-17T22:38:08.490+0300][3224][19180][debug][gc,phases] GC(13)       Update Derived Pointers (ms):  Min:  0.0, Avg:  0.0, Max:  0.0, Diff:  0.0, Sum:  0.0, Workers: 1
[2025-06-17T22:38:08.490+0300][3224][19180][debug][gc,phases] GC(13)       Eagerly Reclaim Humongous Objects (ms): Min:  0.0, Avg:  0.0, Max:  0.0, Diff:  0.0, Sum:  0.0, Workers: 1
[2025-06-17T22:38:08.490+0300][3224][19180][debug][gc,phases] GC(13)         Humongous Total                Min: 3, Avg:  3.0, Max: 3, Diff: 0, Sum: 3, Workers: 1
[2025-06-17T22:38:08.490+0300][3224][19180][debug][gc,phases] GC(13)         Humongous Candidates           Min: 3, Avg:  3.0, Max: 3, Diff: 0, Sum: 3, Workers: 1
[2025-06-17T22:38:08.490+0300][3224][19180][debug][gc,phases] GC(13)         Humongous Reclaimed            Min: 0, Avg:  0.0, Max: 0, Diff: 0, Sum: 0, Workers: 1
[2025-06-17T22:38:08.490+0300][3224][19180][debug][gc,phases] GC(13)       Redirty Logged Cards (ms):     Min:  0.0, Avg:  0.0, Max:  0.0, Diff:  0.0, Sum:  0.0, Workers: 8
[2025-06-17T22:38:08.490+0300][3224][19180][debug][gc,phases] GC(13)         Redirtied Cards:               Min: 0, Avg: 28.9, Max: 124, Diff: 124, Sum: 231, Workers: 8
[2025-06-17T22:38:08.490+0300][3224][19180][debug][gc,phases] GC(13)       Resize TLABs (ms):             Min:  0.0, Avg:  0.0, Max:  0.0, Diff:  0.0, Sum:  0.0, Workers: 8
[2025-06-17T22:38:08.490+0300][3224][19180][debug][gc,phases] GC(13)       Free Collection Set (ms):      Min:  0.2, Avg:  0.2, Max:  0.2, Diff:  0.0, Sum:  1.7, Workers: 8
[2025-06-17T22:38:08.490+0300][3224][19180][debug][gc,phases] GC(13)     Rebuild Free List: 0.1ms
[2025-06-17T22:38:08.490+0300][3224][19180][debug][gc,phases] GC(13)     Prepare For Mutator: 0.0ms
[2025-06-17T22:38:08.490+0300][3224][19180][debug][gc,phases] GC(13)     Expand Heap After Collection: 0.0ms
[2025-06-17T22:38:08.490+0300][3224][19180][info ][gc,phases] GC(13)   Other: 0.2ms
[2025-06-17T22:38:08.490+0300][3224][19180][info ][gc,heap  ] GC(13) Eden regions: 1226->0(1226)
[2025-06-17T22:38:08.490+0300][3224][19180][info ][gc,heap  ] GC(13) Survivor regions: 2->2(154)
[2025-06-17T22:38:08.490+0300][3224][19180][info ][gc,heap  ] GC(13) Old regions: 10->10
[2025-06-17T22:38:08.490+0300][3224][19180][info ][gc,heap  ] GC(13) Humongous regions: 9->9
[2025-06-17T22:38:08.490+0300][3224][19180][debug][gc,heap  ] GC(13) Heap after GC invocations=14 (full 1):
[2025-06-17T22:38:08.490+0300][3224][19180][debug][gc,heap  ] GC(13)  garbage-first heap   total 2097152K, used 13860K [0x0000000080000000, 0x0000000100000000)
[2025-06-17T22:38:08.490+0300][3224][19180][debug][gc,heap  ] GC(13)   region size 1024K, 2 young (2048K), 2 survivors (2048K)
[2025-06-17T22:38:08.490+0300][3224][19180][debug][gc,heap  ] GC(13)  Metaspace       used 8979K, committed 9536K, reserved 1114112K
[2025-06-17T22:38:08.490+0300][3224][19180][debug][gc,heap  ] GC(13)   class space    used 978K, committed 1216K, reserved 1048576K
[2025-06-17T22:38:08.490+0300][3224][19180][info ][gc       ] GC(13) Pause Young (Normal) (G1 Evacuation Pause) 1239M->13M(2048M) 3.937ms
[2025-06-17T22:38:08.490+0300][3224][19180][info ][safepoint] Safepoint "G1CollectForAllocation", Time since last: 395085800 ns, Reaching safepoint: 295800 ns, Cleanup: 23400 ns, At safepoint: 3981100 ns, Total: 4300300 ns
[2025-06-17T22:38:08.853+0300][3224][19180][debug][safepoint] Safepoint synchronization initiated using striped semaphore wait barrier. (19 threads)
[2025-06-17T22:38:08.853+0300][3224][13220][debug][safepoint] ... found polling page loop exception at pc = 0x00000275902c5e4c, stub =0x000002758fbb6600
[2025-06-17T22:38:08.853+0300][3224][20944][debug][safepoint] ... found polling page loop exception at pc = 0x00000275901bda60, stub =0x000002758fbb5d80
[2025-06-17T22:38:08.853+0300][3224][22456][debug][safepoint] ... found polling page loop exception at pc = 0x00000275901bda60, stub =0x000002758fbb5d80
[2025-06-17T22:38:08.853+0300][3224][10256][debug][safepoint] ... found polling page loop exception at pc = 0x00000275901bda60, stub =0x000002758fbb5d80
[2025-06-17T22:38:08.853+0300][3224][11072][debug][safepoint] ... found polling page loop exception at pc = 0x00000275901bda60, stub =0x000002758fbb5d80
[2025-06-17T22:38:08.853+0300][3224][18932][debug][safepoint] ... found polling page loop exception at pc = 0x0000027590237666, stub =0x000002758fbb6600
[2025-06-17T22:38:08.853+0300][3224][19180][debug][gc,heap  ] GC(14) Heap before GC invocations=14 (full 1):
[2025-06-17T22:38:08.853+0300][3224][19180][debug][gc,heap  ] GC(14)  garbage-first heap   total 2097152K, used 1269284K [0x0000000080000000, 0x0000000100000000)
[2025-06-17T22:38:08.853+0300][3224][19180][debug][gc,heap  ] GC(14)   region size 1024K, 1228 young (1257472K), 2 survivors (2048K)
[2025-06-17T22:38:08.853+0300][3224][19180][debug][gc,heap  ] GC(14)  Metaspace       used 8983K, committed 9536K, reserved 1114112K
[2025-06-17T22:38:08.853+0300][3224][19180][debug][gc,heap  ] GC(14)   class space    used 978K, committed 1216K, reserved 1048576K
[2025-06-17T22:38:08.853+0300][3224][19180][info ][gc,phases] GC(14)   Pre Evacuate Collection Set: 0.4ms
[2025-06-17T22:38:08.853+0300][3224][19180][debug][gc,phases] GC(14)     Pre Evacuate Prepare: 0.1ms
[2025-06-17T22:38:08.853+0300][3224][19180][debug][gc,phases] GC(14)       JT Retire TLABs And Flush Logs (ms): Min:  0.0, Avg:  0.0, Max:  0.0, Diff:  0.0, Sum:  0.0, Workers: 2
[2025-06-17T22:38:08.853+0300][3224][19180][debug][gc,phases] GC(14)       Non-JT Flush Logs (ms):        Min:  0.0, Avg:  0.0, Max:  0.0, Diff:  0.0, Sum:  0.0, Workers: 1
[2025-06-17T22:38:08.853+0300][3224][19180][debug][gc,phases] GC(14)     Choose Collection Set: 0.0ms
[2025-06-17T22:38:08.853+0300][3224][19180][debug][gc,phases] GC(14)     Region Register: 0.3ms
[2025-06-17T22:38:08.853+0300][3224][19180][debug][gc,phases] GC(14)     Prepare Heap Roots: 0.0ms
[2025-06-17T22:38:08.853+0300][3224][19180][info ][gc,phases] GC(14)   Merge Heap Roots: 0.2ms
[2025-06-17T22:38:08.853+0300][3224][19180][debug][gc,phases] GC(14)     Prepare Merge Heap Roots: 0.0ms
[2025-06-17T22:38:08.853+0300][3224][19180][debug][gc,phases] GC(14)     Remembered Sets (ms):          Min:  0.0, Avg:  0.1, Max:  0.2, Diff:  0.1, Sum:  1.0, Workers: 8
[2025-06-17T22:38:08.853+0300][3224][19180][debug][gc,phases] GC(14)       Eager Reclaim (ms):            Min:  0.0, Avg:  0.0, Max:  0.0, Diff:  0.0, Sum:  0.0, Workers: 1
[2025-06-17T22:38:08.853+0300][3224][19180][debug][gc,phases] GC(14)       Merged Inline                  Min: 0, Avg:  0.0, Max: 0, Diff: 0, Sum: 0, Workers: 8
[2025-06-17T22:38:08.853+0300][3224][19180][debug][gc,phases] GC(14)       Merged ArrayOfCards            Min: 0, Avg:  0.0, Max: 0, Diff: 0, Sum: 0, Workers: 8
[2025-06-17T22:38:08.853+0300][3224][19180][debug][gc,phases] GC(14)       Merged Howl                    Min: 0, Avg:  0.0, Max: 0, Diff: 0, Sum: 0, Workers: 8
[2025-06-17T22:38:08.853+0300][3224][19180][debug][gc,phases] GC(14)       Merged Full                    Min: 0, Avg:  0.0, Max: 0, Diff: 0, Sum: 0, Workers: 8
[2025-06-17T22:38:08.853+0300][3224][19180][debug][gc,phases] GC(14)       Merged Howl Inline             Min: 0, Avg:  0.0, Max: 0, Diff: 0, Sum: 0, Workers: 8
[2025-06-17T22:38:08.853+0300][3224][19180][debug][gc,phases] GC(14)       Merged Howl ArrayOfCards       Min: 0, Avg:  0.0, Max: 0, Diff: 0, Sum: 0, Workers: 8
[2025-06-17T22:38:08.853+0300][3224][19180][debug][gc,phases] GC(14)       Merged Howl BitMap             Min: 0, Avg:  0.0, Max: 0, Diff: 0, Sum: 0, Workers: 8
[2025-06-17T22:38:08.853+0300][3224][19180][debug][gc,phases] GC(14)       Merged Howl Full               Min: 0, Avg:  0.0, Max: 0, Diff: 0, Sum: 0, Workers: 8
[2025-06-17T22:38:08.853+0300][3224][19180][debug][gc,phases] GC(14)       Merged Cards                   Min: 8, Avg:  9.0, Max: 16, Diff: 8, Sum: 72, Workers: 8
[2025-06-17T22:38:08.853+0300][3224][19180][debug][gc,phases] GC(14)     Log Buffers (ms):              Min:  0.0, Avg:  0.0, Max:  0.0, Diff:  0.0, Sum:  0.0, Workers: 8
[2025-06-17T22:38:08.853+0300][3224][19180][debug][gc,phases] GC(14)       Dirty Cards:                   Min: 0, Avg: 29.1, Max: 210, Diff: 210, Sum: 233, Workers: 8
[2025-06-17T22:38:08.853+0300][3224][19180][debug][gc,phases] GC(14)       Skipped Cards:                 Min: 0, Avg:  0.0, Max: 0, Diff: 0, Sum: 0, Workers: 8
[2025-06-17T22:38:08.853+0300][3224][19180][info ][gc,phases] GC(14)   Evacuate Collection Set: 1.3ms
[2025-06-17T22:38:08.853+0300][3224][19180][debug][gc,phases] GC(14)     Ext Root Scanning (ms):        Min:  0.0, Avg:  0.1, Max:  0.5, Diff:  0.5, Sum:  0.9, Workers: 8
[2025-06-17T22:38:08.853+0300][3224][19180][debug][gc,phases] GC(14)     Scan Heap Roots (ms):          Min:  0.0, Avg:  0.1, Max:  0.1, Diff:  0.1, Sum:  0.4, Workers: 8
[2025-06-17T22:38:08.853+0300][3224][19180][debug][gc,phases] GC(14)       Scanned Cards:                 Min: 0, Avg: 29.1, Max: 49, Diff: 49, Sum: 233, Workers: 8
[2025-06-17T22:38:08.853+0300][3224][19180][debug][gc,phases] GC(14)       Scanned Blocks:                Min: 0, Avg: 18.2, Max: 35, Diff: 35, Sum: 146, Workers: 8
[2025-06-17T22:38:08.853+0300][3224][19180][debug][gc,phases] GC(14)       Claimed Chunks:                Min: 0, Avg:  6.9, Max: 16, Diff: 16, Sum: 55, Workers: 8
[2025-06-17T22:38:08.853+0300][3224][19180][debug][gc,phases] GC(14)       Found Roots:                   Min: 0, Avg: 149.0, Max: 273, Diff: 273, Sum: 1192, Workers: 8
[2025-06-17T22:38:08.853+0300][3224][19180][debug][gc,phases] GC(14)     Code Root Scan (ms):           Min:  0.1, Avg:  0.3, Max:  0.5, Diff:  0.4, Sum:  2.8, Workers: 8
[2025-06-17T22:38:08.853+0300][3224][19180][debug][gc,phases] GC(14)       Scanned Nmethods               Min: 0, Avg: 51.6, Max: 102, Diff: 102, Sum: 413, Workers: 8
[2025-06-17T22:38:08.853+0300][3224][19180][debug][gc,phases] GC(14)     Object Copy (ms):              Min:  0.2, Avg:  0.4, Max:  0.6, Diff:  0.5, Sum:  2.9, Workers: 8
[2025-06-17T22:38:08.853+0300][3224][19180][debug][gc,phases] GC(14)     Termination (ms):              Min:  0.0, Avg:  0.2, Max:  0.2, Diff:  0.2, Sum:  1.7, Workers: 8
[2025-06-17T22:38:08.853+0300][3224][19180][debug][gc,phases] GC(14)       Termination Attempts:          Min: 1, Avg:  1.0, Max: 1, Diff: 0, Sum: 8, Workers: 8
[2025-06-17T22:38:08.853+0300][3224][19180][debug][gc,phases] GC(14)     GC Worker Other (ms):          Min:  0.1, Avg:  0.1, Max:  0.1, Diff:  0.0, Sum:  0.9, Workers: 8
[2025-06-17T22:38:08.853+0300][3224][19180][debug][gc,phases] GC(14)     GC Worker Total (ms):          Min:  1.0, Avg:  1.2, Max:  1.2, Diff:  0.2, Sum:  9.7, Workers: 8
[2025-06-17T22:38:08.853+0300][3224][19180][info ][gc,phases] GC(14)   Post Evacuate Collection Set: 0.8ms
[2025-06-17T22:38:08.853+0300][3224][19180][debug][gc,phases] GC(14)     NMethod List Cleanup: 0.0ms
[2025-06-17T22:38:08.853+0300][3224][19180][debug][gc,phases] GC(14)     Reference Processing: 0.1ms
[2025-06-17T22:38:08.853+0300][3224][19180][debug][gc,phases] GC(14)     Weak Processing: 0.1ms
[2025-06-17T22:38:08.853+0300][3224][19180][debug][gc,phases] GC(14)       VM Weak                        Min:  0.0, Avg:  0.0, Max:  0.0, Diff:  0.0, Sum:  0.0, Workers: 8
[2025-06-17T22:38:08.853+0300][3224][19180][debug][gc,phases] GC(14)         Dead                           Min: 0, Avg:  0.0, Max: 0, Diff: 0, Sum: 0, Workers: 8
[2025-06-17T22:38:08.853+0300][3224][19180][debug][gc,phases] GC(14)         Total                          Min: 0, Avg: 46.2, Max: 128, Diff: 128, Sum: 370, Workers: 8
[2025-06-17T22:38:08.853+0300][3224][19180][debug][gc,phases] GC(14)       ObjectSynchronizer Weak        Min:  0.0, Avg:  0.0, Max:  0.0, Diff:  0.0, Sum:  0.0, Workers: 8
[2025-06-17T22:38:08.853+0300][3224][19180][debug][gc,phases] GC(14)         Dead                           Min: 0, Avg:  0.0, Max: 0, Diff: 0, Sum: 0, Workers: 8
[2025-06-17T22:38:08.853+0300][3224][19180][debug][gc,phases] GC(14)         Total                          Min: 0, Avg: 18.6, Max: 64, Diff: 64, Sum: 149, Workers: 8
[2025-06-17T22:38:08.853+0300][3224][19180][debug][gc,phases] GC(14)       JVMTI Tag Weak OopStorage      Min:  0.0, Avg:  0.0, Max:  0.0, Diff:  0.0, Sum:  0.0, Workers: 8
[2025-06-17T22:38:08.853+0300][3224][19180][debug][gc,phases] GC(14)         Dead                           Min: 0, Avg:  0.0, Max: 0, Diff: 0, Sum: 0, Workers: 8
[2025-06-17T22:38:08.853+0300][3224][19180][debug][gc,phases] GC(14)         Total                          Min: 0, Avg:  0.0, Max: 0, Diff: 0, Sum: 0, Workers: 8
[2025-06-17T22:38:08.853+0300][3224][19180][debug][gc,phases] GC(14)       StringTable Weak               Min:  0.0, Avg:  0.0, Max:  0.0, Diff:  0.0, Sum:  0.2, Workers: 8
[2025-06-17T22:38:08.853+0300][3224][19180][debug][gc,phases] GC(14)         Dead                           Min: 0, Avg:  0.0, Max: 0, Diff: 0, Sum: 0, Workers: 8
[2025-06-17T22:38:08.853+0300][3224][19180][debug][gc,phases] GC(14)         Total                          Min: 0, Avg: 772.0, Max: 960, Diff: 960, Sum: 6176, Workers: 8
[2025-06-17T22:38:08.853+0300][3224][19180][debug][gc,phases] GC(14)       ResolvedMethodTable Weak       Min:  0.0, Avg:  0.0, Max:  0.0, Diff:  0.0, Sum:  0.0, Workers: 8
[2025-06-17T22:38:08.853+0300][3224][19180][debug][gc,phases] GC(14)         Dead                           Min: 0, Avg:  0.0, Max: 0, Diff: 0, Sum: 0, Workers: 8
[2025-06-17T22:38:08.853+0300][3224][19180][debug][gc,phases] GC(14)         Total                          Min: 0, Avg: 108.8, Max: 256, Diff: 256, Sum: 870, Workers: 8
[2025-06-17T22:38:08.853+0300][3224][19180][debug][gc,phases] GC(14)       JNI Weak                       Min:  0.0, Avg:  0.0, Max:  0.0, Diff:  0.0, Sum:  0.0, Workers: 8
[2025-06-17T22:38:08.853+0300][3224][19180][debug][gc,phases] GC(14)         Dead                           Min: 0, Avg:  0.0, Max: 0, Diff: 0, Sum: 0, Workers: 8
[2025-06-17T22:38:08.853+0300][3224][19180][debug][gc,phases] GC(14)         Total                          Min: 0, Avg:  0.0, Max: 0, Diff: 0, Sum: 0, Workers: 8
[2025-06-17T22:38:08.853+0300][3224][19180][debug][gc,phases] GC(14)       StringDedup Table Weak         Min:  0.0, Avg:  0.0, Max:  0.0, Diff:  0.0, Sum:  0.0, Workers: 8
[2025-06-17T22:38:08.853+0300][3224][19180][debug][gc,phases] GC(14)         Dead                           Min: 0, Avg:  0.0, Max: 0, Diff: 0, Sum: 0, Workers: 8
[2025-06-17T22:38:08.853+0300][3224][19180][debug][gc,phases] GC(14)         Total                          Min: 0, Avg:  0.0, Max: 0, Diff: 0, Sum: 0, Workers: 8
[2025-06-17T22:38:08.853+0300][3224][19180][debug][gc,phases] GC(14)       StringDedup Requests0 Weak     Min:  0.0, Avg:  0.0, Max:  0.0, Diff:  0.0, Sum:  0.0, Workers: 8
[2025-06-17T22:38:08.853+0300][3224][19180][debug][gc,phases] GC(14)         Dead                           Min: 0, Avg:  0.0, Max: 0, Diff: 0, Sum: 0, Workers: 8
[2025-06-17T22:38:08.853+0300][3224][19180][debug][gc,phases] GC(14)         Total                          Min: 0, Avg:  0.0, Max: 0, Diff: 0, Sum: 0, Workers: 8
[2025-06-17T22:38:08.853+0300][3224][19180][debug][gc,phases] GC(14)       StringDedup Requests1 Weak     Min:  0.0, Avg:  0.0, Max:  0.0, Diff:  0.0, Sum:  0.0, Workers: 8
[2025-06-17T22:38:08.853+0300][3224][19180][debug][gc,phases] GC(14)         Dead                           Min: 0, Avg:  0.0, Max: 0, Diff: 0, Sum: 0, Workers: 8
[2025-06-17T22:38:08.853+0300][3224][19180][debug][gc,phases] GC(14)         Total                          Min: 0, Avg:  0.0, Max: 0, Diff: 0, Sum: 0, Workers: 8
[2025-06-17T22:38:08.853+0300][3224][19180][debug][gc,phases] GC(14)       Weak JFR Old Object Samples    Min:  0.0, Avg:  0.0, Max:  0.0, Diff:  0.0, Sum:  0.0, Workers: 8
[2025-06-17T22:38:08.853+0300][3224][19180][debug][gc,phases] GC(14)         Dead                           Min: 0, Avg:  0.0, Max: 0, Diff: 0, Sum: 0, Workers: 8
[2025-06-17T22:38:08.853+0300][3224][19180][debug][gc,phases] GC(14)         Total                          Min: 0, Avg:  0.0, Max: 0, Diff: 0, Sum: 0, Workers: 8
[2025-06-17T22:38:08.853+0300][3224][19180][debug][gc,phases] GC(14)     Post Evacuate Cleanup 1: 0.2ms
[2025-06-17T22:38:08.853+0300][3224][19180][debug][gc,phases] GC(14)       Merge Per-Thread State (ms):   Min:  0.1, Avg:  0.1, Max:  0.1, Diff:  0.0, Sum:  0.1, Workers: 1
[2025-06-17T22:38:08.853+0300][3224][19180][debug][gc,phases] GC(14)         Copied Bytes                   Min: 49136, Avg: 198460.0, Max: 369936, Diff: 320800, Sum: 1587680, Workers: 8
[2025-06-17T22:38:08.853+0300][3224][19180][debug][gc,phases] GC(14)         LAB Waste                      Min: 48, Avg: 346.0, Max: 1456, Diff: 1408, Sum: 2768, Workers: 8
[2025-06-17T22:38:08.853+0300][3224][19180][debug][gc,phases] GC(14)         LAB Undo Waste                 Min: 0, Avg:  0.0, Max: 0, Diff: 0, Sum: 0, Workers: 8
[2025-06-17T22:38:08.853+0300][3224][19180][debug][gc,phases] GC(14)       Clear Logged Cards (ms):       Min:  0.0, Avg:  0.1, Max:  0.2, Diff:  0.2, Sum:  0.4, Workers: 5
[2025-06-17T22:38:08.853+0300][3224][19180][debug][gc,phases] GC(14)       Recalculate Used Memory (ms):  Min:  0.0, Avg:  0.0, Max:  0.0, Diff:  0.0, Sum:  0.0, Workers: 1
[2025-06-17T22:38:08.853+0300][3224][19180][debug][gc,phases] GC(14)     Post Evacuate Cleanup 2: 0.3ms
[2025-06-17T22:38:08.853+0300][3224][19180][debug][gc,phases] GC(14)       Update Derived Pointers (ms):  Min:  0.0, Avg:  0.0, Max:  0.0, Diff:  0.0, Sum:  0.0, Workers: 1
[2025-06-17T22:38:08.853+0300][3224][19180][debug][gc,phases] GC(14)       Eagerly Reclaim Humongous Objects (ms): Min:  0.0, Avg:  0.0, Max:  0.0, Diff:  0.0, Sum:  0.0, Workers: 1
[2025-06-17T22:38:08.853+0300][3224][19180][debug][gc,phases] GC(14)         Humongous Total                Min: 3, Avg:  3.0, Max: 3, Diff: 0, Sum: 3, Workers: 1
[2025-06-17T22:38:08.853+0300][3224][19180][debug][gc,phases] GC(14)         Humongous Candidates           Min: 3, Avg:  3.0, Max: 3, Diff: 0, Sum: 3, Workers: 1
[2025-06-17T22:38:08.853+0300][3224][19180][debug][gc,phases] GC(14)         Humongous Reclaimed            Min: 0, Avg:  0.0, Max: 0, Diff: 0, Sum: 0, Workers: 1
[2025-06-17T22:38:08.853+0300][3224][19180][debug][gc,phases] GC(14)       Redirty Logged Cards (ms):     Min:  0.0, Avg:  0.0, Max:  0.0, Diff:  0.0, Sum:  0.0, Workers: 8
[2025-06-17T22:38:08.853+0300][3224][19180][debug][gc,phases] GC(14)         Redirtied Cards:               Min: 0, Avg: 29.1, Max: 135, Diff: 135, Sum: 233, Workers: 8
[2025-06-17T22:38:08.853+0300][3224][19180][debug][gc,phases] GC(14)       Resize TLABs (ms):             Min:  0.0, Avg:  0.0, Max:  0.0, Diff:  0.0, Sum:  0.0, Workers: 8
[2025-06-17T22:38:08.853+0300][3224][19180][debug][gc,phases] GC(14)       Free Collection Set (ms):      Min:  0.2, Avg:  0.2, Max:  0.2, Diff:  0.0, Sum:  1.9, Workers: 8
[2025-06-17T22:38:08.853+0300][3224][19180][debug][gc,phases] GC(14)     Rebuild Free List: 0.1ms
[2025-06-17T22:38:08.853+0300][3224][19180][debug][gc,phases] GC(14)     Prepare For Mutator: 0.0ms
[2025-06-17T22:38:08.853+0300][3224][19180][debug][gc,phases] GC(14)     Expand Heap After Collection: 0.0ms
[2025-06-17T22:38:08.853+0300][3224][19180][info ][gc,phases] GC(14)   Other: 0.1ms
[2025-06-17T22:38:08.853+0300][3224][19180][info ][gc,heap  ] GC(14) Eden regions: 1226->0(1226)
[2025-06-17T22:38:08.853+0300][3224][19180][info ][gc,heap  ] GC(14) Survivor regions: 2->2(154)
[2025-06-17T22:38:08.853+0300][3224][19180][info ][gc,heap  ] GC(14) Old regions: 10->10
[2025-06-17T22:38:08.853+0300][3224][19180][info ][gc,heap  ] GC(14) Humongous regions: 9->9
[2025-06-17T22:38:08.853+0300][3224][19180][debug][gc,heap  ] GC(14) Heap after GC invocations=15 (full 1):
[2025-06-17T22:38:08.853+0300][3224][19180][debug][gc,heap  ] GC(14)  garbage-first heap   total 2097152K, used 13858K [0x0000000080000000, 0x0000000100000000)
[2025-06-17T22:38:08.853+0300][3224][19180][debug][gc,heap  ] GC(14)   region size 1024K, 2 young (2048K), 2 survivors (2048K)
[2025-06-17T22:38:08.853+0300][3224][19180][debug][gc,heap  ] GC(14)  Metaspace       used 8983K, committed 9536K, reserved 1114112K
[2025-06-17T22:38:08.853+0300][3224][19180][debug][gc,heap  ] GC(14)   class space    used 978K, committed 1216K, reserved 1048576K
[2025-06-17T22:38:08.853+0300][3224][19180][info ][gc       ] GC(14) Pause Young (Normal) (G1 Evacuation Pause) 1239M->13M(2048M) 4.747ms
[2025-06-17T22:38:08.853+0300][3224][19180][info ][safepoint] Safepoint "G1CollectForAllocation", Time since last: 358620500 ns, Reaching safepoint: 463100 ns, Cleanup: 20500 ns, At safepoint: 4806800 ns, Total: 5290400 ns
[2025-06-17T22:38:09.251+0300][3224][19180][debug][safepoint] Safepoint synchronization initiated using striped semaphore wait barrier. (19 threads)
[2025-06-17T22:38:09.251+0300][3224][20944][debug][safepoint] ... found polling page loop exception at pc = 0x00000275901d6bba, stub =0x000002758fbb6600
[2025-06-17T22:38:09.251+0300][3224][1792 ][debug][safepoint] ... found polling page loop exception at pc = 0x00000275901bda60, stub =0x000002758fbb5d80
[2025-06-17T22:38:09.251+0300][3224][10256][debug][safepoint] ... found polling page loop exception at pc = 0x00000275901bda60, stub =0x000002758fbb5d80
[2025-06-17T22:38:09.251+0300][3224][22456][debug][safepoint] ... found polling page loop exception at pc = 0x00000275901bda60, stub =0x000002758fbb5d80
[2025-06-17T22:38:09.251+0300][3224][13220][debug][safepoint] ... found polling page loop exception at pc = 0x00000275901e2f8a, stub =0x000002758fbb6600
[2025-06-17T22:38:09.251+0300][3224][19220][debug][safepoint] ... found polling page loop exception at pc = 0x00000275901bda60, stub =0x000002758fbb5d80
[2025-06-17T22:38:09.251+0300][3224][11072][debug][safepoint] ... found polling page loop exception at pc = 0x00000275902857f1, stub =0x000002758fbb5d80
[2025-06-17T22:38:09.251+0300][3224][19180][debug][gc,heap  ] GC(15) Heap before GC invocations=15 (full 1):
[2025-06-17T22:38:09.251+0300][3224][19180][debug][gc,heap  ] GC(15)  garbage-first heap   total 2097152K, used 1269282K [0x0000000080000000, 0x0000000100000000)
[2025-06-17T22:38:09.251+0300][3224][19180][debug][gc,heap  ] GC(15)   region size 1024K, 1228 young (1257472K), 2 survivors (2048K)
[2025-06-17T22:38:09.251+0300][3224][19180][debug][gc,heap  ] GC(15)  Metaspace       used 8983K, committed 9536K, reserved 1114112K
[2025-06-17T22:38:09.251+0300][3224][19180][debug][gc,heap  ] GC(15)   class space    used 978K, committed 1216K, reserved 1048576K
[2025-06-17T22:38:09.253+0300][3224][19180][info ][gc,phases] GC(15)   Pre Evacuate Collection Set: 0.4ms
[2025-06-17T22:38:09.253+0300][3224][19180][debug][gc,phases] GC(15)     Pre Evacuate Prepare: 0.1ms
[2025-06-17T22:38:09.253+0300][3224][19180][debug][gc,phases] GC(15)       JT Retire TLABs And Flush Logs (ms): Min:  0.0, Avg:  0.0, Max:  0.0, Diff:  0.0, Sum:  0.0, Workers: 2
[2025-06-17T22:38:09.253+0300][3224][19180][debug][gc,phases] GC(15)       Non-JT Flush Logs (ms):        Min:  0.0, Avg:  0.0, Max:  0.0, Diff:  0.0, Sum:  0.0, Workers: 1
[2025-06-17T22:38:09.253+0300][3224][19180][debug][gc,phases] GC(15)     Choose Collection Set: 0.0ms
[2025-06-17T22:38:09.253+0300][3224][19180][debug][gc,phases] GC(15)     Region Register: 0.3ms
[2025-06-17T22:38:09.253+0300][3224][19180][debug][gc,phases] GC(15)     Prepare Heap Roots: 0.0ms
[2025-06-17T22:38:09.253+0300][3224][19180][info ][gc,phases] GC(15)   Merge Heap Roots: 0.2ms
[2025-06-17T22:38:09.253+0300][3224][19180][debug][gc,phases] GC(15)     Prepare Merge Heap Roots: 0.0ms
[2025-06-17T22:38:09.253+0300][3224][19180][debug][gc,phases] GC(15)     Remembered Sets (ms):          Min:  0.0, Avg:  0.1, Max:  0.2, Diff:  0.1, Sum:  1.1, Workers: 8
[2025-06-17T22:38:09.253+0300][3224][19180][debug][gc,phases] GC(15)       Eager Reclaim (ms):            Min:  0.0, Avg:  0.0, Max:  0.0, Diff:  0.0, Sum:  0.0, Workers: 1
[2025-06-17T22:38:09.253+0300][3224][19180][debug][gc,phases] GC(15)       Merged Inline                  Min: 0, Avg:  0.0, Max: 0, Diff: 0, Sum: 0, Workers: 8
[2025-06-17T22:38:09.253+0300][3224][19180][debug][gc,phases] GC(15)       Merged ArrayOfCards            Min: 0, Avg:  0.0, Max: 0, Diff: 0, Sum: 0, Workers: 8
[2025-06-17T22:38:09.253+0300][3224][19180][debug][gc,phases] GC(15)       Merged Howl                    Min: 0, Avg:  0.0, Max: 0, Diff: 0, Sum: 0, Workers: 8
[2025-06-17T22:38:09.253+0300][3224][19180][debug][gc,phases] GC(15)       Merged Full                    Min: 0, Avg:  0.0, Max: 0, Diff: 0, Sum: 0, Workers: 8
[2025-06-17T22:38:09.253+0300][3224][19180][debug][gc,phases] GC(15)       Merged Howl Inline             Min: 0, Avg:  0.0, Max: 0, Diff: 0, Sum: 0, Workers: 8
[2025-06-17T22:38:09.253+0300][3224][19180][debug][gc,phases] GC(15)       Merged Howl ArrayOfCards       Min: 0, Avg:  0.0, Max: 0, Diff: 0, Sum: 0, Workers: 8
[2025-06-17T22:38:09.253+0300][3224][19180][debug][gc,phases] GC(15)       Merged Howl BitMap             Min: 0, Avg:  0.0, Max: 0, Diff: 0, Sum: 0, Workers: 8
[2025-06-17T22:38:09.253+0300][3224][19180][debug][gc,phases] GC(15)       Merged Howl Full               Min: 0, Avg:  0.0, Max: 0, Diff: 0, Sum: 0, Workers: 8
[2025-06-17T22:38:09.253+0300][3224][19180][debug][gc,phases] GC(15)       Merged Cards                   Min: 8, Avg:  9.0, Max: 16, Diff: 8, Sum: 72, Workers: 8
[2025-06-17T22:38:09.253+0300][3224][19180][debug][gc,phases] GC(15)     Log Buffers (ms):              Min:  0.0, Avg:  0.0, Max:  0.0, Diff:  0.0, Sum:  0.0, Workers: 8
[2025-06-17T22:38:09.253+0300][3224][19180][debug][gc,phases] GC(15)       Dirty Cards:                   Min: 0, Avg: 29.4, Max: 217, Diff: 217, Sum: 235, Workers: 8
[2025-06-17T22:38:09.253+0300][3224][19180][debug][gc,phases] GC(15)       Skipped Cards:                 Min: 0, Avg:  0.0, Max: 0, Diff: 0, Sum: 0, Workers: 8
[2025-06-17T22:38:09.253+0300][3224][19180][info ][gc,phases] GC(15)   Evacuate Collection Set: 1.4ms
[2025-06-17T22:38:09.253+0300][3224][19180][debug][gc,phases] GC(15)     Ext Root Scanning (ms):        Min:  0.0, Avg:  0.1, Max:  0.5, Diff:  0.5, Sum:  1.1, Workers: 8
[2025-06-17T22:38:09.253+0300][3224][19180][debug][gc,phases] GC(15)     Scan Heap Roots (ms):          Min:  0.0, Avg:  0.0, Max:  0.1, Diff:  0.1, Sum:  0.4, Workers: 8
[2025-06-17T22:38:09.253+0300][3224][19180][debug][gc,phases] GC(15)       Scanned Cards:                 Min: 0, Avg: 29.1, Max: 61, Diff: 61, Sum: 233, Workers: 8
[2025-06-17T22:38:09.253+0300][3224][19180][debug][gc,phases] GC(15)       Scanned Blocks:                Min: 0, Avg: 18.2, Max: 41, Diff: 41, Sum: 146, Workers: 8
[2025-06-17T22:38:09.253+0300][3224][19180][debug][gc,phases] GC(15)       Claimed Chunks:                Min: 0, Avg:  6.9, Max: 14, Diff: 14, Sum: 55, Workers: 8
[2025-06-17T22:38:09.253+0300][3224][19180][debug][gc,phases] GC(15)       Found Roots:                   Min: 0, Avg: 149.0, Max: 349, Diff: 349, Sum: 1192, Workers: 8
[2025-06-17T22:38:09.253+0300][3224][19180][debug][gc,phases] GC(15)     Code Root Scan (ms):           Min:  0.1, Avg:  0.4, Max:  0.6, Diff:  0.5, Sum:  2.9, Workers: 8
[2025-06-17T22:38:09.253+0300][3224][19180][debug][gc,phases] GC(15)       Scanned Nmethods               Min: 0, Avg: 51.6, Max: 102, Diff: 102, Sum: 413, Workers: 8
[2025-06-17T22:38:09.253+0300][3224][19180][debug][gc,phases] GC(15)     Object Copy (ms):              Min:  0.0, Avg:  0.4, Max:  0.7, Diff:  0.7, Sum:  3.0, Workers: 8
[2025-06-17T22:38:09.253+0300][3224][19180][debug][gc,phases] GC(15)     Termination (ms):              Min:  0.0, Avg:  0.2, Max:  0.3, Diff:  0.2, Sum:  1.6, Workers: 8
[2025-06-17T22:38:09.253+0300][3224][19180][debug][gc,phases] GC(15)       Termination Attempts:          Min: 1, Avg:  1.0, Max: 1, Diff: 0, Sum: 8, Workers: 8
[2025-06-17T22:38:09.253+0300][3224][19180][debug][gc,phases] GC(15)     GC Worker Other (ms):          Min:  0.1, Avg:  0.1, Max:  0.1, Diff:  0.0, Sum:  1.0, Workers: 8
[2025-06-17T22:38:09.253+0300][3224][19180][debug][gc,phases] GC(15)     GC Worker Total (ms):          Min:  0.2, Avg:  1.2, Max:  1.4, Diff:  1.2, Sum:  9.8, Workers: 8
[2025-06-17T22:38:09.253+0300][3224][19180][info ][gc,phases] GC(15)   Post Evacuate Collection Set: 0.9ms
[2025-06-17T22:38:09.253+0300][3224][19180][debug][gc,phases] GC(15)     NMethod List Cleanup: 0.1ms
[2025-06-17T22:38:09.253+0300][3224][19180][debug][gc,phases] GC(15)     Reference Processing: 0.1ms
[2025-06-17T22:38:09.253+0300][3224][19180][debug][gc,phases] GC(15)     Weak Processing: 0.1ms
[2025-06-17T22:38:09.253+0300][3224][19180][debug][gc,phases] GC(15)       VM Weak                        Min:  0.0, Avg:  0.0, Max:  0.0, Diff:  0.0, Sum:  0.0, Workers: 8
[2025-06-17T22:38:09.253+0300][3224][19180][debug][gc,phases] GC(15)         Dead                           Min: 0, Avg:  0.0, Max: 0, Diff: 0, Sum: 0, Workers: 8
[2025-06-17T22:38:09.253+0300][3224][19180][debug][gc,phases] GC(15)         Total                          Min: 0, Avg: 46.2, Max: 256, Diff: 256, Sum: 370, Workers: 8
[2025-06-17T22:38:09.253+0300][3224][19180][debug][gc,phases] GC(15)       ObjectSynchronizer Weak        Min:  0.0, Avg:  0.0, Max:  0.0, Diff:  0.0, Sum:  0.0, Workers: 8
[2025-06-17T22:38:09.253+0300][3224][19180][debug][gc,phases] GC(15)         Dead                           Min: 0, Avg:  0.0, Max: 0, Diff: 0, Sum: 0, Workers: 8
[2025-06-17T22:38:09.253+0300][3224][19180][debug][gc,phases] GC(15)         Total                          Min: 0, Avg: 18.6, Max: 64, Diff: 64, Sum: 149, Workers: 8
[2025-06-17T22:38:09.253+0300][3224][19180][debug][gc,phases] GC(15)       JVMTI Tag Weak OopStorage      Min:  0.0, Avg:  0.0, Max:  0.0, Diff:  0.0, Sum:  0.0, Workers: 8
[2025-06-17T22:38:09.253+0300][3224][19180][debug][gc,phases] GC(15)         Dead                           Min: 0, Avg:  0.0, Max: 0, Diff: 0, Sum: 0, Workers: 8
[2025-06-17T22:38:09.253+0300][3224][19180][debug][gc,phases] GC(15)         Total                          Min: 0, Avg:  0.0, Max: 0, Diff: 0, Sum: 0, Workers: 8
[2025-06-17T22:38:09.253+0300][3224][19180][debug][gc,phases] GC(15)       StringTable Weak               Min:  0.0, Avg:  0.0, Max:  0.0, Diff:  0.0, Sum:  0.2, Workers: 8
[2025-06-17T22:38:09.253+0300][3224][19180][debug][gc,phases] GC(15)         Dead                           Min: 0, Avg:  0.0, Max: 0, Diff: 0, Sum: 0, Workers: 8
[2025-06-17T22:38:09.253+0300][3224][19180][debug][gc,phases] GC(15)         Total                          Min: 0, Avg: 772.0, Max: 1024, Diff: 1024, Sum: 6176, Workers: 8
[2025-06-17T22:38:09.253+0300][3224][19180][debug][gc,phases] GC(15)       ResolvedMethodTable Weak       Min:  0.0, Avg:  0.0, Max:  0.0, Diff:  0.0, Sum:  0.0, Workers: 8
[2025-06-17T22:38:09.253+0300][3224][19180][debug][gc,phases] GC(15)         Dead                           Min: 0, Avg:  0.0, Max: 0, Diff: 0, Sum: 0, Workers: 8
[2025-06-17T22:38:09.253+0300][3224][19180][debug][gc,phases] GC(15)         Total                          Min: 0, Avg: 108.8, Max: 192, Diff: 192, Sum: 870, Workers: 8
[2025-06-17T22:38:09.253+0300][3224][19180][debug][gc,phases] GC(15)       JNI Weak                       Min:  0.0, Avg:  0.0, Max:  0.0, Diff:  0.0, Sum:  0.0, Workers: 8
[2025-06-17T22:38:09.253+0300][3224][19180][debug][gc,phases] GC(15)         Dead                           Min: 0, Avg:  0.0, Max: 0, Diff: 0, Sum: 0, Workers: 8
[2025-06-17T22:38:09.253+0300][3224][19180][debug][gc,phases] GC(15)         Total                          Min: 0, Avg:  0.0, Max: 0, Diff: 0, Sum: 0, Workers: 8
[2025-06-17T22:38:09.253+0300][3224][19180][debug][gc,phases] GC(15)       StringDedup Table Weak         Min:  0.0, Avg:  0.0, Max:  0.0, Diff:  0.0, Sum:  0.0, Workers: 8
[2025-06-17T22:38:09.253+0300][3224][19180][debug][gc,phases] GC(15)         Dead                           Min: 0, Avg:  0.0, Max: 0, Diff: 0, Sum: 0, Workers: 8
[2025-06-17T22:38:09.253+0300][3224][19180][debug][gc,phases] GC(15)         Total                          Min: 0, Avg:  0.0, Max: 0, Diff: 0, Sum: 0, Workers: 8
[2025-06-17T22:38:09.253+0300][3224][19180][debug][gc,phases] GC(15)       StringDedup Requests0 Weak     Min:  0.0, Avg:  0.0, Max:  0.0, Diff:  0.0, Sum:  0.0, Workers: 8
[2025-06-17T22:38:09.253+0300][3224][19180][debug][gc,phases] GC(15)         Dead                           Min: 0, Avg:  0.0, Max: 0, Diff: 0, Sum: 0, Workers: 8
[2025-06-17T22:38:09.253+0300][3224][19180][debug][gc,phases] GC(15)         Total                          Min: 0, Avg:  0.0, Max: 0, Diff: 0, Sum: 0, Workers: 8
[2025-06-17T22:38:09.253+0300][3224][19180][debug][gc,phases] GC(15)       StringDedup Requests1 Weak     Min:  0.0, Avg:  0.0, Max:  0.0, Diff:  0.0, Sum:  0.0, Workers: 8
[2025-06-17T22:38:09.253+0300][3224][19180][debug][gc,phases] GC(15)         Dead                           Min: 0, Avg:  0.0, Max: 0, Diff: 0, Sum: 0, Workers: 8
[2025-06-17T22:38:09.253+0300][3224][19180][debug][gc,phases] GC(15)         Total                          Min: 0, Avg:  0.0, Max: 0, Diff: 0, Sum: 0, Workers: 8
[2025-06-17T22:38:09.253+0300][3224][19180][debug][gc,phases] GC(15)       Weak JFR Old Object Samples    Min:  0.0, Avg:  0.0, Max:  0.0, Diff:  0.0, Sum:  0.0, Workers: 8
[2025-06-17T22:38:09.253+0300][3224][19180][debug][gc,phases] GC(15)         Dead                           Min: 0, Avg:  0.0, Max: 0, Diff: 0, Sum: 0, Workers: 8
[2025-06-17T22:38:09.253+0300][3224][19180][debug][gc,phases] GC(15)         Total                          Min: 0, Avg:  0.0, Max: 0, Diff: 0, Sum: 0, Workers: 8
[2025-06-17T22:38:09.253+0300][3224][19180][debug][gc,phases] GC(15)     Post Evacuate Cleanup 1: 0.2ms
[2025-06-17T22:38:09.253+0300][3224][19180][debug][gc,phases] GC(15)       Merge Per-Thread State (ms):   Min:  0.1, Avg:  0.1, Max:  0.1, Diff:  0.0, Sum:  0.1, Workers: 1
[2025-06-17T22:38:09.253+0300][3224][19180][debug][gc,phases] GC(15)         Copied Bytes                   Min: 0, Avg: 200294.0, Max: 371808, Diff: 371808, Sum: 1602352, Workers: 8
[2025-06-17T22:38:09.253+0300][3224][19180][debug][gc,phases] GC(15)         LAB Waste                      Min: 0, Avg: 391.0, Max: 1616, Diff: 1616, Sum: 3128, Workers: 8
[2025-06-17T22:38:09.253+0300][3224][19180][debug][gc,phases] GC(15)         LAB Undo Waste                 Min: 0, Avg:  0.0, Max: 0, Diff: 0, Sum: 0, Workers: 8
[2025-06-17T22:38:09.253+0300][3224][19180][debug][gc,phases] GC(15)       Clear Logged Cards (ms):       Min:  0.0, Avg:  0.1, Max:  0.2, Diff:  0.2, Sum:  0.4, Workers: 5
[2025-06-17T22:38:09.253+0300][3224][19180][debug][gc,phases] GC(15)       Recalculate Used Memory (ms):  Min:  0.0, Avg:  0.0, Max:  0.0, Diff:  0.0, Sum:  0.0, Workers: 1
[2025-06-17T22:38:09.253+0300][3224][19180][debug][gc,phases] GC(15)     Post Evacuate Cleanup 2: 0.3ms
[2025-06-17T22:38:09.253+0300][3224][19180][debug][gc,phases] GC(15)       Update Derived Pointers (ms):  Min:  0.0, Avg:  0.0, Max:  0.0, Diff:  0.0, Sum:  0.0, Workers: 1
[2025-06-17T22:38:09.253+0300][3224][19180][debug][gc,phases] GC(15)       Eagerly Reclaim Humongous Objects (ms): Min:  0.0, Avg:  0.0, Max:  0.0, Diff:  0.0, Sum:  0.0, Workers: 1
[2025-06-17T22:38:09.253+0300][3224][19180][debug][gc,phases] GC(15)         Humongous Total                Min: 3, Avg:  3.0, Max: 3, Diff: 0, Sum: 3, Workers: 1
[2025-06-17T22:38:09.253+0300][3224][19180][debug][gc,phases] GC(15)         Humongous Candidates           Min: 3, Avg:  3.0, Max: 3, Diff: 0, Sum: 3, Workers: 1
[2025-06-17T22:38:09.253+0300][3224][19180][debug][gc,phases] GC(15)         Humongous Reclaimed            Min: 0, Avg:  0.0, Max: 0, Diff: 0, Sum: 0, Workers: 1
[2025-06-17T22:38:09.253+0300][3224][19180][debug][gc,phases] GC(15)       Redirty Logged Cards (ms):     Min:  0.0, Avg:  0.0, Max:  0.0, Diff:  0.0, Sum:  0.0, Workers: 8
[2025-06-17T22:38:09.253+0300][3224][19180][debug][gc,phases] GC(15)         Redirtied Cards:               Min: 0, Avg: 28.9, Max: 129, Diff: 129, Sum: 231, Workers: 8
[2025-06-17T22:38:09.253+0300][3224][19180][debug][gc,phases] GC(15)       Resize TLABs (ms):             Min:  0.0, Avg:  0.0, Max:  0.0, Diff:  0.0, Sum:  0.0, Workers: 8
[2025-06-17T22:38:09.253+0300][3224][19180][debug][gc,phases] GC(15)       Free Collection Set (ms):      Min:  0.3, Avg:  0.3, Max:  0.3, Diff:  0.0, Sum:  2.1, Workers: 8
[2025-06-17T22:38:09.253+0300][3224][19180][debug][gc,phases] GC(15)     Rebuild Free List: 0.1ms
[2025-06-17T22:38:09.253+0300][3224][19180][debug][gc,phases] GC(15)     Prepare For Mutator: 0.0ms
[2025-06-17T22:38:09.253+0300][3224][19180][debug][gc,phases] GC(15)     Expand Heap After Collection: 0.0ms
[2025-06-17T22:38:09.253+0300][3224][19180][info ][gc,phases] GC(15)   Other: 0.2ms
[2025-06-17T22:38:09.253+0300][3224][19180][info ][gc,heap  ] GC(15) Eden regions: 1226->0(1226)
[2025-06-17T22:38:09.253+0300][3224][19180][info ][gc,heap  ] GC(15) Survivor regions: 2->2(154)
[2025-06-17T22:38:09.253+0300][3224][19180][info ][gc,heap  ] GC(15) Old regions: 10->10
[2025-06-17T22:38:09.253+0300][3224][19180][info ][gc,heap  ] GC(15) Humongous regions: 9->9
[2025-06-17T22:38:09.253+0300][3224][19180][debug][gc,heap  ] GC(15) Heap after GC invocations=16 (full 1):
[2025-06-17T22:38:09.253+0300][3224][19180][debug][gc,heap  ] GC(15)  garbage-first heap   total 2097152K, used 14010K [0x0000000080000000, 0x0000000100000000)
[2025-06-17T22:38:09.253+0300][3224][19180][debug][gc,heap  ] GC(15)   region size 1024K, 2 young (2048K), 2 survivors (2048K)
[2025-06-17T22:38:09.253+0300][3224][19180][debug][gc,heap  ] GC(15)  Metaspace       used 8983K, committed 9536K, reserved 1114112K
[2025-06-17T22:38:09.253+0300][3224][19180][debug][gc,heap  ] GC(15)   class space    used 978K, committed 1216K, reserved 1048576K
[2025-06-17T22:38:09.253+0300][3224][19180][info ][gc       ] GC(15) Pause Young (Normal) (G1 Evacuation Pause) 1239M->13M(2048M) 5.185ms
[2025-06-17T22:38:09.253+0300][3224][19180][info ][safepoint] Safepoint "G1CollectForAllocation", Time since last: 391990600 ns, Reaching safepoint: 488400 ns, Cleanup: 32700 ns, At safepoint: 5250700 ns, Total: 5771800 ns
[2025-06-17T22:38:09.747+0300][3224][19180][debug][safepoint] Safepoint synchronization initiated using striped semaphore wait barrier. (19 threads)
[2025-06-17T22:38:09.747+0300][3224][20944][debug][safepoint] ... found polling page loop exception at pc = 0x00000275901bda60, stub =0x000002758fbb5d80
[2025-06-17T22:38:09.747+0300][3224][10256][debug][safepoint] ... found polling page loop exception at pc = 0x00000275901d1722, stub =0x000002758fbb6600
[2025-06-17T22:38:09.747+0300][3224][1792 ][debug][safepoint] ... found polling page loop exception at pc = 0x00000275901bda60, stub =0x000002758fbb5d80
[2025-06-17T22:38:09.747+0300][3224][13220][debug][safepoint] ... found polling page loop exception at pc = 0x00000275901bda60, stub =0x000002758fbb5d80
[2025-06-17T22:38:09.747+0300][3224][11072][debug][safepoint] ... found polling page loop exception at pc = 0x00000275901bda60, stub =0x000002758fbb5d80
[2025-06-17T22:38:09.747+0300][3224][19180][debug][gc,heap  ] GC(16) Heap before GC invocations=16 (full 1):
[2025-06-17T22:38:09.747+0300][3224][19180][debug][gc,heap  ] GC(16)  garbage-first heap   total 2097152K, used 1269434K [0x0000000080000000, 0x0000000100000000)
[2025-06-17T22:38:09.747+0300][3224][19180][debug][gc,heap  ] GC(16)   region size 1024K, 1228 young (1257472K), 2 survivors (2048K)
[2025-06-17T22:38:09.747+0300][3224][19180][debug][gc,heap  ] GC(16)  Metaspace       used 8983K, committed 9536K, reserved 1114112K
[2025-06-17T22:38:09.747+0300][3224][19180][debug][gc,heap  ] GC(16)   class space    used 978K, committed 1216K, reserved 1048576K
[2025-06-17T22:38:09.751+0300][3224][19180][info ][gc,phases] GC(16)   Pre Evacuate Collection Set: 0.4ms
[2025-06-17T22:38:09.751+0300][3224][19180][debug][gc,phases] GC(16)     Pre Evacuate Prepare: 0.1ms
[2025-06-17T22:38:09.751+0300][3224][19180][debug][gc,phases] GC(16)       JT Retire TLABs And Flush Logs (ms): Min:  0.0, Avg:  0.0, Max:  0.0, Diff:  0.0, Sum:  0.0, Workers: 2
[2025-06-17T22:38:09.751+0300][3224][19180][debug][gc,phases] GC(16)       Non-JT Flush Logs (ms):        Min:  0.0, Avg:  0.0, Max:  0.0, Diff:  0.0, Sum:  0.0, Workers: 1
[2025-06-17T22:38:09.751+0300][3224][19180][debug][gc,phases] GC(16)     Choose Collection Set: 0.0ms
[2025-06-17T22:38:09.751+0300][3224][19180][debug][gc,phases] GC(16)     Region Register: 0.3ms
[2025-06-17T22:38:09.751+0300][3224][19180][debug][gc,phases] GC(16)     Prepare Heap Roots: 0.0ms
[2025-06-17T22:38:09.751+0300][3224][19180][info ][gc,phases] GC(16)   Merge Heap Roots: 0.2ms
[2025-06-17T22:38:09.751+0300][3224][19180][debug][gc,phases] GC(16)     Prepare Merge Heap Roots: 0.0ms
[2025-06-17T22:38:09.751+0300][3224][19180][debug][gc,phases] GC(16)     Remembered Sets (ms):          Min:  0.0, Avg:  0.1, Max:  0.1, Diff:  0.1, Sum:  0.9, Workers: 8
[2025-06-17T22:38:09.751+0300][3224][19180][debug][gc,phases] GC(16)       Eager Reclaim (ms):            Min:  0.0, Avg:  0.0, Max:  0.0, Diff:  0.0, Sum:  0.0, Workers: 1
[2025-06-17T22:38:09.751+0300][3224][19180][debug][gc,phases] GC(16)       Merged Inline                  Min: 0, Avg:  0.0, Max: 0, Diff: 0, Sum: 0, Workers: 8
[2025-06-17T22:38:09.751+0300][3224][19180][debug][gc,phases] GC(16)       Merged ArrayOfCards            Min: 0, Avg:  0.0, Max: 0, Diff: 0, Sum: 0, Workers: 8
[2025-06-17T22:38:09.751+0300][3224][19180][debug][gc,phases] GC(16)       Merged Howl                    Min: 0, Avg:  0.0, Max: 0, Diff: 0, Sum: 0, Workers: 8
[2025-06-17T22:38:09.751+0300][3224][19180][debug][gc,phases] GC(16)       Merged Full                    Min: 0, Avg:  0.0, Max: 0, Diff: 0, Sum: 0, Workers: 8
[2025-06-17T22:38:09.751+0300][3224][19180][debug][gc,phases] GC(16)       Merged Howl Inline             Min: 0, Avg:  0.0, Max: 0, Diff: 0, Sum: 0, Workers: 8
[2025-06-17T22:38:09.751+0300][3224][19180][debug][gc,phases] GC(16)       Merged Howl ArrayOfCards       Min: 0, Avg:  0.0, Max: 0, Diff: 0, Sum: 0, Workers: 8
[2025-06-17T22:38:09.751+0300][3224][19180][debug][gc,phases] GC(16)       Merged Howl BitMap             Min: 0, Avg:  0.0, Max: 0, Diff: 0, Sum: 0, Workers: 8
[2025-06-17T22:38:09.751+0300][3224][19180][debug][gc,phases] GC(16)       Merged Howl Full               Min: 0, Avg:  0.0, Max: 0, Diff: 0, Sum: 0, Workers: 8
[2025-06-17T22:38:09.751+0300][3224][19180][debug][gc,phases] GC(16)       Merged Cards                   Min: 8, Avg:  9.0, Max: 16, Diff: 8, Sum: 72, Workers: 8
[2025-06-17T22:38:09.751+0300][3224][19180][debug][gc,phases] GC(16)     Log Buffers (ms):              Min:  0.0, Avg:  0.0, Max:  0.0, Diff:  0.0, Sum:  0.0, Workers: 8
[2025-06-17T22:38:09.751+0300][3224][19180][debug][gc,phases] GC(16)       Dirty Cards:                   Min: 0, Avg: 29.1, Max: 129, Diff: 129, Sum: 233, Workers: 8
[2025-06-17T22:38:09.751+0300][3224][19180][debug][gc,phases] GC(16)       Skipped Cards:                 Min: 0, Avg:  0.0, Max: 0, Diff: 0, Sum: 0, Workers: 8
[2025-06-17T22:38:09.751+0300][3224][19180][info ][gc,phases] GC(16)   Evacuate Collection Set: 1.5ms
[2025-06-17T22:38:09.751+0300][3224][19180][debug][gc,phases] GC(16)     Ext Root Scanning (ms):        Min:  0.0, Avg:  0.1, Max:  0.5, Diff:  0.5, Sum:  1.0, Workers: 8
[2025-06-17T22:38:09.753+0300][3224][19180][debug][gc,phases] GC(16)     Scan Heap Roots (ms):          Min:  0.0, Avg:  0.0, Max:  0.1, Diff:  0.1, Sum:  0.4, Workers: 8
[2025-06-17T22:38:09.753+0300][3224][19180][debug][gc,phases] GC(16)       Scanned Cards:                 Min: 0, Avg: 29.1, Max: 66, Diff: 66, Sum: 233, Workers: 8
[2025-06-17T22:38:09.753+0300][3224][19180][debug][gc,phases] GC(16)       Scanned Blocks:                Min: 0, Avg: 18.2, Max: 48, Diff: 48, Sum: 146, Workers: 8
[2025-06-17T22:38:09.753+0300][3224][19180][debug][gc,phases] GC(16)       Claimed Chunks:                Min: 0, Avg:  6.9, Max: 17, Diff: 17, Sum: 55, Workers: 8
[2025-06-17T22:38:09.753+0300][3224][19180][debug][gc,phases] GC(16)       Found Roots:                   Min: 0, Avg: 149.0, Max: 376, Diff: 376, Sum: 1192, Workers: 8
[2025-06-17T22:38:09.753+0300][3224][19180][debug][gc,phases] GC(16)     Code Root Scan (ms):           Min:  0.1, Avg:  0.4, Max:  0.6, Diff:  0.5, Sum:  3.2, Workers: 8
[2025-06-17T22:38:09.753+0300][3224][19180][debug][gc,phases] GC(16)       Scanned Nmethods               Min: 0, Avg: 52.8, Max: 102, Diff: 102, Sum: 422, Workers: 8
[2025-06-17T22:38:09.753+0300][3224][19180][debug][gc,phases] GC(16)     Object Copy (ms):              Min:  0.0, Avg:  0.4, Max:  0.8, Diff:  0.8, Sum:  2.9, Workers: 8
[2025-06-17T22:38:09.753+0300][3224][19180][debug][gc,phases] GC(16)     Termination (ms):              Min:  0.0, Avg:  0.2, Max:  0.3, Diff:  0.3, Sum:  1.8, Workers: 8
[2025-06-17T22:38:09.753+0300][3224][19180][debug][gc,phases] GC(16)       Termination Attempts:          Min: 1, Avg:  1.0, Max: 1, Diff: 0, Sum: 8, Workers: 8
[2025-06-17T22:38:09.753+0300][3224][19180][debug][gc,phases] GC(16)     GC Worker Other (ms):          Min:  0.1, Avg:  0.1, Max:  0.1, Diff:  0.0, Sum:  1.0, Workers: 8
[2025-06-17T22:38:09.753+0300][3224][19180][debug][gc,phases] GC(16)     GC Worker Total (ms):          Min:  0.3, Avg:  1.3, Max:  1.4, Diff:  1.2, Sum: 10.2, Workers: 8
[2025-06-17T22:38:09.753+0300][3224][19180][info ][gc,phases] GC(16)   Post Evacuate Collection Set: 1.2ms
[2025-06-17T22:38:09.753+0300][3224][19180][debug][gc,phases] GC(16)     NMethod List Cleanup: 0.1ms
[2025-06-17T22:38:09.753+0300][3224][19180][debug][gc,phases] GC(16)     Reference Processing: 0.1ms
[2025-06-17T22:38:09.753+0300][3224][19180][debug][gc,phases] GC(16)     Weak Processing: 0.1ms
[2025-06-17T22:38:09.753+0300][3224][19180][debug][gc,phases] GC(16)       VM Weak                        Min:  0.0, Avg:  0.0, Max:  0.0, Diff:  0.0, Sum:  0.0, Workers: 8
[2025-06-17T22:38:09.753+0300][3224][19180][debug][gc,phases] GC(16)         Dead                           Min: 0, Avg:  0.0, Max: 0, Diff: 0, Sum: 0, Workers: 8
[2025-06-17T22:38:09.753+0300][3224][19180][debug][gc,phases] GC(16)         Total                          Min: 0, Avg: 46.2, Max: 192, Diff: 192, Sum: 370, Workers: 8
[2025-06-17T22:38:09.753+0300][3224][19180][debug][gc,phases] GC(16)       ObjectSynchronizer Weak        Min:  0.0, Avg:  0.0, Max:  0.0, Diff:  0.0, Sum:  0.0, Workers: 8
[2025-06-17T22:38:09.753+0300][3224][19180][debug][gc,phases] GC(16)         Dead                           Min: 0, Avg:  0.0, Max: 0, Diff: 0, Sum: 0, Workers: 8
[2025-06-17T22:38:09.753+0300][3224][19180][debug][gc,phases] GC(16)         Total                          Min: 0, Avg: 18.6, Max: 64, Diff: 64, Sum: 149, Workers: 8
[2025-06-17T22:38:09.753+0300][3224][19180][debug][gc,phases] GC(16)       JVMTI Tag Weak OopStorage      Min:  0.0, Avg:  0.0, Max:  0.0, Diff:  0.0, Sum:  0.0, Workers: 8
[2025-06-17T22:38:09.753+0300][3224][19180][debug][gc,phases] GC(16)         Dead                           Min: 0, Avg:  0.0, Max: 0, Diff: 0, Sum: 0, Workers: 8
[2025-06-17T22:38:09.753+0300][3224][19180][debug][gc,phases] GC(16)         Total                          Min: 0, Avg:  0.0, Max: 0, Diff: 0, Sum: 0, Workers: 8
[2025-06-17T22:38:09.753+0300][3224][19180][debug][gc,phases] GC(16)       StringTable Weak               Min:  0.0, Avg:  0.0, Max:  0.0, Diff:  0.0, Sum:  0.2, Workers: 8
[2025-06-17T22:38:09.753+0300][3224][19180][debug][gc,phases] GC(16)         Dead                           Min: 0, Avg:  0.0, Max: 0, Diff: 0, Sum: 0, Workers: 8
[2025-06-17T22:38:09.753+0300][3224][19180][debug][gc,phases] GC(16)         Total                          Min: 0, Avg: 772.0, Max: 1024, Diff: 1024, Sum: 6176, Workers: 8
[2025-06-17T22:38:09.753+0300][3224][19180][debug][gc,phases] GC(16)       ResolvedMethodTable Weak       Min:  0.0, Avg:  0.0, Max:  0.0, Diff:  0.0, Sum:  0.0, Workers: 8
[2025-06-17T22:38:09.753+0300][3224][19180][debug][gc,phases] GC(16)         Dead                           Min: 0, Avg:  0.0, Max: 0, Diff: 0, Sum: 0, Workers: 8
[2025-06-17T22:38:09.753+0300][3224][19180][debug][gc,phases] GC(16)         Total                          Min: 0, Avg: 108.8, Max: 192, Diff: 192, Sum: 870, Workers: 8
[2025-06-17T22:38:09.753+0300][3224][19180][debug][gc,phases] GC(16)       JNI Weak                       Min:  0.0, Avg:  0.0, Max:  0.0, Diff:  0.0, Sum:  0.0, Workers: 8
[2025-06-17T22:38:09.753+0300][3224][19180][debug][gc,phases] GC(16)         Dead                           Min: 0, Avg:  0.0, Max: 0, Diff: 0, Sum: 0, Workers: 8
[2025-06-17T22:38:09.753+0300][3224][19180][debug][gc,phases] GC(16)         Total                          Min: 0, Avg:  0.0, Max: 0, Diff: 0, Sum: 0, Workers: 8
[2025-06-17T22:38:09.753+0300][3224][19180][debug][gc,phases] GC(16)       StringDedup Table Weak         Min:  0.0, Avg:  0.0, Max:  0.0, Diff:  0.0, Sum:  0.0, Workers: 8
[2025-06-17T22:38:09.753+0300][3224][19180][debug][gc,phases] GC(16)         Dead                           Min: 0, Avg:  0.0, Max: 0, Diff: 0, Sum: 0, Workers: 8
[2025-06-17T22:38:09.753+0300][3224][19180][debug][gc,phases] GC(16)         Total                          Min: 0, Avg:  0.0, Max: 0, Diff: 0, Sum: 0, Workers: 8
[2025-06-17T22:38:09.753+0300][3224][19180][debug][gc,phases] GC(16)       StringDedup Requests0 Weak     Min:  0.0, Avg:  0.0, Max:  0.0, Diff:  0.0, Sum:  0.0, Workers: 8
[2025-06-17T22:38:09.753+0300][3224][19180][debug][gc,phases] GC(16)         Dead                           Min: 0, Avg:  0.0, Max: 0, Diff: 0, Sum: 0, Workers: 8
[2025-06-17T22:38:09.753+0300][3224][19180][debug][gc,phases] GC(16)         Total                          Min: 0, Avg:  0.0, Max: 0, Diff: 0, Sum: 0, Workers: 8
[2025-06-17T22:38:09.753+0300][3224][19180][debug][gc,phases] GC(16)       StringDedup Requests1 Weak     Min:  0.0, Avg:  0.0, Max:  0.0, Diff:  0.0, Sum:  0.0, Workers: 8
[2025-06-17T22:38:09.753+0300][3224][19180][debug][gc,phases] GC(16)         Dead                           Min: 0, Avg:  0.0, Max: 0, Diff: 0, Sum: 0, Workers: 8
[2025-06-17T22:38:09.753+0300][3224][19180][debug][gc,phases] GC(16)         Total                          Min: 0, Avg:  0.0, Max: 0, Diff: 0, Sum: 0, Workers: 8
[2025-06-17T22:38:09.753+0300][3224][19180][debug][gc,phases] GC(16)       Weak JFR Old Object Samples    Min:  0.0, Avg:  0.0, Max:  0.0, Diff:  0.0, Sum:  0.0, Workers: 8
[2025-06-17T22:38:09.753+0300][3224][19180][debug][gc,phases] GC(16)         Dead                           Min: 0, Avg:  0.0, Max: 0, Diff: 0, Sum: 0, Workers: 8
[2025-06-17T22:38:09.753+0300][3224][19180][debug][gc,phases] GC(16)         Total                          Min: 0, Avg:  0.0, Max: 0, Diff: 0, Sum: 0, Workers: 8
[2025-06-17T22:38:09.753+0300][3224][19180][debug][gc,phases] GC(16)     Post Evacuate Cleanup 1: 0.4ms
[2025-06-17T22:38:09.753+0300][3224][19180][debug][gc,phases] GC(16)       Merge Per-Thread State (ms):   Min:  0.1, Avg:  0.1, Max:  0.1, Diff:  0.0, Sum:  0.1, Workers: 1
[2025-06-17T22:38:09.753+0300][3224][19180][debug][gc,phases] GC(16)         Copied Bytes                   Min: 0, Avg: 197350.0, Max: 354808, Diff: 354808, Sum: 1578800, Workers: 8
[2025-06-17T22:38:09.753+0300][3224][19180][debug][gc,phases] GC(16)         LAB Waste                      Min: 0, Avg: 304.0, Max: 1048, Diff: 1048, Sum: 2432, Workers: 8
[2025-06-17T22:38:09.753+0300][3224][19180][debug][gc,phases] GC(16)         LAB Undo Waste                 Min: 0, Avg:  0.0, Max: 0, Diff: 0, Sum: 0, Workers: 8
[2025-06-17T22:38:09.753+0300][3224][19180][debug][gc,phases] GC(16)       Clear Logged Cards (ms):       Min:  0.0, Avg:  0.2, Max:  0.3, Diff:  0.3, Sum:  0.8, Workers: 5
[2025-06-17T22:38:09.753+0300][3224][19180][debug][gc,phases] GC(16)       Recalculate Used Memory (ms):  Min:  0.0, Avg:  0.0, Max:  0.0, Diff:  0.0, Sum:  0.0, Workers: 1
[2025-06-17T22:38:09.753+0300][3224][19180][debug][gc,phases] GC(16)     Post Evacuate Cleanup 2: 0.4ms
[2025-06-17T22:38:09.753+0300][3224][19180][debug][gc,phases] GC(16)       Update Derived Pointers (ms):  Min:  0.0, Avg:  0.0, Max:  0.0, Diff:  0.0, Sum:  0.0, Workers: 1
[2025-06-17T22:38:09.753+0300][3224][19180][debug][gc,phases] GC(16)       Eagerly Reclaim Humongous Objects (ms): Min:  0.0, Avg:  0.0, Max:  0.0, Diff:  0.0, Sum:  0.0, Workers: 1
[2025-06-17T22:38:09.753+0300][3224][19180][debug][gc,phases] GC(16)         Humongous Total                Min: 3, Avg:  3.0, Max: 3, Diff: 0, Sum: 3, Workers: 1
[2025-06-17T22:38:09.753+0300][3224][19180][debug][gc,phases] GC(16)         Humongous Candidates           Min: 3, Avg:  3.0, Max: 3, Diff: 0, Sum: 3, Workers: 1
[2025-06-17T22:38:09.753+0300][3224][19180][debug][gc,phases] GC(16)         Humongous Reclaimed            Min: 0, Avg:  0.0, Max: 0, Diff: 0, Sum: 0, Workers: 1
[2025-06-17T22:38:09.753+0300][3224][19180][debug][gc,phases] GC(16)       Redirty Logged Cards (ms):     Min:  0.0, Avg:  0.0, Max:  0.0, Diff:  0.0, Sum:  0.0, Workers: 8
[2025-06-17T22:38:09.753+0300][3224][19180][debug][gc,phases] GC(16)         Redirtied Cards:               Min: 0, Avg: 28.9, Max: 97, Diff: 97, Sum: 231, Workers: 8
[2025-06-17T22:38:09.753+0300][3224][19180][debug][gc,phases] GC(16)       Resize TLABs (ms):             Min:  0.0, Avg:  0.0, Max:  0.0, Diff:  0.0, Sum:  0.0, Workers: 8
[2025-06-17T22:38:09.753+0300][3224][19180][debug][gc,phases] GC(16)       Free Collection Set (ms):      Min:  0.0, Avg:  0.3, Max:  0.3, Diff:  0.3, Sum:  2.0, Workers: 8
[2025-06-17T22:38:09.753+0300][3224][19180][debug][gc,phases] GC(16)     Rebuild Free List: 0.1ms
[2025-06-17T22:38:09.753+0300][3224][19180][debug][gc,phases] GC(16)     Prepare For Mutator: 0.0ms
[2025-06-17T22:38:09.753+0300][3224][19180][debug][gc,phases] GC(16)     Expand Heap After Collection: 0.0ms
[2025-06-17T22:38:09.753+0300][3224][19180][info ][gc,phases] GC(16)   Other: 0.2ms
[2025-06-17T22:38:09.753+0300][3224][19180][info ][gc,heap  ] GC(16) Eden regions: 1226->0(1226)
[2025-06-17T22:38:09.753+0300][3224][19180][info ][gc,heap  ] GC(16) Survivor regions: 2->2(154)
[2025-06-17T22:38:09.753+0300][3224][19180][info ][gc,heap  ] GC(16) Old regions: 10->10
[2025-06-17T22:38:09.753+0300][3224][19180][info ][gc,heap  ] GC(16) Humongous regions: 9->9
[2025-06-17T22:38:09.753+0300][3224][19180][debug][gc,heap  ] GC(16) Heap after GC invocations=17 (full 1):
[2025-06-17T22:38:09.753+0300][3224][19180][debug][gc,heap  ] GC(16)  garbage-first heap   total 2097152K, used 13788K [0x0000000080000000, 0x0000000100000000)
[2025-06-17T22:38:09.753+0300][3224][19180][debug][gc,heap  ] GC(16)   region size 1024K, 2 young (2048K), 2 survivors (2048K)
[2025-06-17T22:38:09.753+0300][3224][19180][debug][gc,heap  ] GC(16)  Metaspace       used 8983K, committed 9536K, reserved 1114112K
[2025-06-17T22:38:09.753+0300][3224][19180][debug][gc,heap  ] GC(16)   class space    used 978K, committed 1216K, reserved 1048576K
[2025-06-17T22:38:09.753+0300][3224][19180][info ][gc       ] GC(16) Pause Young (Normal) (G1 Evacuation Pause) 1239M->13M(2048M) 5.709ms
[2025-06-17T22:38:09.753+0300][3224][19180][info ][safepoint] Safepoint "G1CollectForAllocation", Time since last: 491202200 ns, Reaching safepoint: 432100 ns, Cleanup: 13300 ns, At safepoint: 5776900 ns, Total: 6222300 ns
[2025-06-17T22:38:10.439+0300][3224][19180][debug][safepoint] Safepoint synchronization initiated using striped semaphore wait barrier. (19 threads)
[2025-06-17T22:38:10.439+0300][3224][22456][debug][safepoint] ... found polling page loop exception at pc = 0x00000275902245a0, stub =0x000002758fbb6600
[2025-06-17T22:38:10.439+0300][3224][11072][debug][safepoint] ... found polling page loop exception at pc = 0x00000275901bda60, stub =0x000002758fbb5d80
[2025-06-17T22:38:10.439+0300][3224][20944][debug][safepoint] ... found polling page loop exception at pc = 0x00000275901bda60, stub =0x000002758fbb5d80
[2025-06-17T22:38:10.439+0300][3224][19180][debug][gc,heap  ] GC(17) Heap before GC invocations=17 (full 1):
[2025-06-17T22:38:10.439+0300][3224][19180][debug][gc,heap  ] GC(17)  garbage-first heap   total 2097152K, used 1269212K [0x0000000080000000, 0x0000000100000000)
[2025-06-17T22:38:10.439+0300][3224][19180][debug][gc,heap  ] GC(17)   region size 1024K, 1228 young (1257472K), 2 survivors (2048K)
[2025-06-17T22:38:10.439+0300][3224][19180][debug][gc,heap  ] GC(17)  Metaspace       used 8983K, committed 9536K, reserved 1114112K
[2025-06-17T22:38:10.439+0300][3224][19180][debug][gc,heap  ] GC(17)   class space    used 978K, committed 1216K, reserved 1048576K
[2025-06-17T22:38:10.443+0300][3224][19180][info ][gc,phases] GC(17)   Pre Evacuate Collection Set: 0.3ms
[2025-06-17T22:38:10.443+0300][3224][19180][debug][gc,phases] GC(17)     Pre Evacuate Prepare: 0.1ms
[2025-06-17T22:38:10.443+0300][3224][19180][debug][gc,phases] GC(17)       JT Retire TLABs And Flush Logs (ms): Min:  0.0, Avg:  0.0, Max:  0.0, Diff:  0.0, Sum:  0.0, Workers: 2
[2025-06-17T22:38:10.443+0300][3224][19180][debug][gc,phases] GC(17)       Non-JT Flush Logs (ms):        Min:  0.0, Avg:  0.0, Max:  0.0, Diff:  0.0, Sum:  0.0, Workers: 1
[2025-06-17T22:38:10.443+0300][3224][19180][debug][gc,phases] GC(17)     Choose Collection Set: 0.0ms
[2025-06-17T22:38:10.443+0300][3224][19180][debug][gc,phases] GC(17)     Region Register: 0.3ms
[2025-06-17T22:38:10.443+0300][3224][19180][debug][gc,phases] GC(17)     Prepare Heap Roots: 0.0ms
[2025-06-17T22:38:10.443+0300][3224][19180][info ][gc,phases] GC(17)   Merge Heap Roots: 0.2ms
[2025-06-17T22:38:10.443+0300][3224][19180][debug][gc,phases] GC(17)     Prepare Merge Heap Roots: 0.0ms
[2025-06-17T22:38:10.443+0300][3224][19180][debug][gc,phases] GC(17)     Remembered Sets (ms):          Min:  0.0, Avg:  0.1, Max:  0.1, Diff:  0.1, Sum:  0.9, Workers: 8
[2025-06-17T22:38:10.443+0300][3224][19180][debug][gc,phases] GC(17)       Eager Reclaim (ms):            Min:  0.0, Avg:  0.0, Max:  0.0, Diff:  0.0, Sum:  0.0, Workers: 1
[2025-06-17T22:38:10.443+0300][3224][19180][debug][gc,phases] GC(17)       Merged Inline                  Min: 0, Avg:  0.0, Max: 0, Diff: 0, Sum: 0, Workers: 8
[2025-06-17T22:38:10.443+0300][3224][19180][debug][gc,phases] GC(17)       Merged ArrayOfCards            Min: 0, Avg:  0.0, Max: 0, Diff: 0, Sum: 0, Workers: 8
[2025-06-17T22:38:10.443+0300][3224][19180][debug][gc,phases] GC(17)       Merged Howl                    Min: 0, Avg:  0.0, Max: 0, Diff: 0, Sum: 0, Workers: 8
[2025-06-17T22:38:10.443+0300][3224][19180][debug][gc,phases] GC(17)       Merged Full                    Min: 0, Avg:  0.0, Max: 0, Diff: 0, Sum: 0, Workers: 8
[2025-06-17T22:38:10.443+0300][3224][19180][debug][gc,phases] GC(17)       Merged Howl Inline             Min: 0, Avg:  0.0, Max: 0, Diff: 0, Sum: 0, Workers: 8
[2025-06-17T22:38:10.443+0300][3224][19180][debug][gc,phases] GC(17)       Merged Howl ArrayOfCards       Min: 0, Avg:  0.0, Max: 0, Diff: 0, Sum: 0, Workers: 8
[2025-06-17T22:38:10.443+0300][3224][19180][debug][gc,phases] GC(17)       Merged Howl BitMap             Min: 0, Avg:  0.0, Max: 0, Diff: 0, Sum: 0, Workers: 8
[2025-06-17T22:38:10.443+0300][3224][19180][debug][gc,phases] GC(17)       Merged Howl Full               Min: 0, Avg:  0.0, Max: 0, Diff: 0, Sum: 0, Workers: 8
[2025-06-17T22:38:10.443+0300][3224][19180][debug][gc,phases] GC(17)       Merged Cards                   Min: 8, Avg:  9.0, Max: 16, Diff: 8, Sum: 72, Workers: 8
[2025-06-17T22:38:10.443+0300][3224][19180][debug][gc,phases] GC(17)     Log Buffers (ms):              Min:  0.0, Avg:  0.0, Max:  0.0, Diff:  0.0, Sum:  0.0, Workers: 8
[2025-06-17T22:38:10.443+0300][3224][19180][debug][gc,phases] GC(17)       Dirty Cards:                   Min: 0, Avg: 29.1, Max: 177, Diff: 177, Sum: 233, Workers: 8
[2025-06-17T22:38:10.443+0300][3224][19180][debug][gc,phases] GC(17)       Skipped Cards:                 Min: 0, Avg:  0.0, Max: 0, Diff: 0, Sum: 0, Workers: 8
[2025-06-17T22:38:10.443+0300][3224][19180][info ][gc,phases] GC(17)   Evacuate Collection Set: 1.4ms
[2025-06-17T22:38:10.443+0300][3224][19180][debug][gc,phases] GC(17)     Ext Root Scanning (ms):        Min:  0.1, Avg:  0.1, Max:  0.6, Diff:  0.5, Sum:  1.1, Workers: 8
[2025-06-17T22:38:10.443+0300][3224][19180][debug][gc,phases] GC(17)     Scan Heap Roots (ms):          Min:  0.0, Avg:  0.0, Max:  0.1, Diff:  0.1, Sum:  0.4, Workers: 8
[2025-06-17T22:38:10.443+0300][3224][19180][debug][gc,phases] GC(17)       Scanned Cards:                 Min: 0, Avg: 29.1, Max: 48, Diff: 48, Sum: 233, Workers: 8
[2025-06-17T22:38:10.443+0300][3224][19180][debug][gc,phases] GC(17)       Scanned Blocks:                Min: 0, Avg: 18.2, Max: 34, Diff: 34, Sum: 146, Workers: 8
[2025-06-17T22:38:10.443+0300][3224][19180][debug][gc,phases] GC(17)       Claimed Chunks:                Min: 0, Avg:  6.9, Max: 14, Diff: 14, Sum: 55, Workers: 8
[2025-06-17T22:38:10.443+0300][3224][19180][debug][gc,phases] GC(17)       Found Roots:                   Min: 0, Avg: 149.0, Max: 333, Diff: 333, Sum: 1192, Workers: 8
[2025-06-17T22:38:10.443+0300][3224][19180][debug][gc,phases] GC(17)     Code Root Scan (ms):           Min:  0.1, Avg:  0.4, Max:  0.5, Diff:  0.4, Sum:  3.0, Workers: 8
[2025-06-17T22:38:10.443+0300][3224][19180][debug][gc,phases] GC(17)       Scanned Nmethods               Min: 0, Avg: 51.9, Max: 84, Diff: 84, Sum: 415, Workers: 8
[2025-06-17T22:38:10.443+0300][3224][19180][debug][gc,phases] GC(17)     Object Copy (ms):              Min:  0.3, Avg:  0.5, Max:  0.7, Diff:  0.4, Sum:  3.7, Workers: 8
[2025-06-17T22:38:10.443+0300][3224][19180][debug][gc,phases] GC(17)     Termination (ms):              Min:  0.0, Avg:  0.2, Max:  0.3, Diff:  0.2, Sum:  2.0, Workers: 8
[2025-06-17T22:38:10.443+0300][3224][19180][debug][gc,phases] GC(17)       Termination Attempts:          Min: 1, Avg:  1.8, Max: 3, Diff: 2, Sum: 14, Workers: 8
[2025-06-17T22:38:10.443+0300][3224][19180][debug][gc,phases] GC(17)     GC Worker Other (ms):          Min:  0.1, Avg:  0.1, Max:  0.1, Diff:  0.0, Sum:  0.9, Workers: 8
[2025-06-17T22:38:10.443+0300][3224][19180][debug][gc,phases] GC(17)     GC Worker Total (ms):          Min:  1.4, Avg:  1.4, Max:  1.4, Diff:  0.0, Sum: 10.9, Workers: 8
[2025-06-17T22:38:10.443+0300][3224][19180][info ][gc,phases] GC(17)   Post Evacuate Collection Set: 0.9ms
[2025-06-17T22:38:10.443+0300][3224][19180][debug][gc,phases] GC(17)     NMethod List Cleanup: 0.1ms
[2025-06-17T22:38:10.443+0300][3224][19180][debug][gc,phases] GC(17)     Reference Processing: 0.1ms
[2025-06-17T22:38:10.443+0300][3224][19180][debug][gc,phases] GC(17)     Weak Processing: 0.1ms
[2025-06-17T22:38:10.443+0300][3224][19180][debug][gc,phases] GC(17)       VM Weak                        Min:  0.0, Avg:  0.0, Max:  0.0, Diff:  0.0, Sum:  0.0, Workers: 8
[2025-06-17T22:38:10.443+0300][3224][19180][debug][gc,phases] GC(17)         Dead                           Min: 0, Avg:  0.0, Max: 0, Diff: 0, Sum: 0, Workers: 8
[2025-06-17T22:38:10.443+0300][3224][19180][debug][gc,phases] GC(17)         Total                          Min: 0, Avg: 46.2, Max: 114, Diff: 114, Sum: 370, Workers: 8
[2025-06-17T22:38:10.443+0300][3224][19180][debug][gc,phases] GC(17)       ObjectSynchronizer Weak        Min:  0.0, Avg:  0.0, Max:  0.0, Diff:  0.0, Sum:  0.0, Workers: 8
[2025-06-17T22:38:10.443+0300][3224][19180][debug][gc,phases] GC(17)         Dead                           Min: 0, Avg:  0.0, Max: 0, Diff: 0, Sum: 0, Workers: 8
[2025-06-17T22:38:10.443+0300][3224][19180][debug][gc,phases] GC(17)         Total                          Min: 0, Avg: 18.6, Max: 64, Diff: 64, Sum: 149, Workers: 8
[2025-06-17T22:38:10.443+0300][3224][19180][debug][gc,phases] GC(17)       JVMTI Tag Weak OopStorage      Min:  0.0, Avg:  0.0, Max:  0.0, Diff:  0.0, Sum:  0.0, Workers: 8
[2025-06-17T22:38:10.443+0300][3224][19180][debug][gc,phases] GC(17)         Dead                           Min: 0, Avg:  0.0, Max: 0, Diff: 0, Sum: 0, Workers: 8
[2025-06-17T22:38:10.443+0300][3224][19180][debug][gc,phases] GC(17)         Total                          Min: 0, Avg:  0.0, Max: 0, Diff: 0, Sum: 0, Workers: 8
[2025-06-17T22:38:10.443+0300][3224][19180][debug][gc,phases] GC(17)       StringTable Weak               Min:  0.0, Avg:  0.0, Max:  0.0, Diff:  0.0, Sum:  0.2, Workers: 8
[2025-06-17T22:38:10.443+0300][3224][19180][debug][gc,phases] GC(17)         Dead                           Min: 0, Avg:  0.0, Max: 0, Diff: 0, Sum: 0, Workers: 8
[2025-06-17T22:38:10.443+0300][3224][19180][debug][gc,phases] GC(17)         Total                          Min: 512, Avg: 772.0, Max: 896, Diff: 384, Sum: 6176, Workers: 8
[2025-06-17T22:38:10.443+0300][3224][19180][debug][gc,phases] GC(17)       ResolvedMethodTable Weak       Min:  0.0, Avg:  0.0, Max:  0.0, Diff:  0.0, Sum:  0.0, Workers: 8
[2025-06-17T22:38:10.443+0300][3224][19180][debug][gc,phases] GC(17)         Dead                           Min: 0, Avg:  0.0, Max: 0, Diff: 0, Sum: 0, Workers: 8
[2025-06-17T22:38:10.443+0300][3224][19180][debug][gc,phases] GC(17)         Total                          Min: 64, Avg: 108.8, Max: 192, Diff: 128, Sum: 870, Workers: 8
[2025-06-17T22:38:10.443+0300][3224][19180][debug][gc,phases] GC(17)       JNI Weak                       Min:  0.0, Avg:  0.0, Max:  0.0, Diff:  0.0, Sum:  0.0, Workers: 8
[2025-06-17T22:38:10.443+0300][3224][19180][debug][gc,phases] GC(17)         Dead                           Min: 0, Avg:  0.0, Max: 0, Diff: 0, Sum: 0, Workers: 8
[2025-06-17T22:38:10.443+0300][3224][19180][debug][gc,phases] GC(17)         Total                          Min: 0, Avg:  0.0, Max: 0, Diff: 0, Sum: 0, Workers: 8
[2025-06-17T22:38:10.443+0300][3224][19180][debug][gc,phases] GC(17)       StringDedup Table Weak         Min:  0.0, Avg:  0.0, Max:  0.0, Diff:  0.0, Sum:  0.0, Workers: 8
[2025-06-17T22:38:10.443+0300][3224][19180][debug][gc,phases] GC(17)         Dead                           Min: 0, Avg:  0.0, Max: 0, Diff: 0, Sum: 0, Workers: 8
[2025-06-17T22:38:10.443+0300][3224][19180][debug][gc,phases] GC(17)         Total                          Min: 0, Avg:  0.0, Max: 0, Diff: 0, Sum: 0, Workers: 8
[2025-06-17T22:38:10.443+0300][3224][19180][debug][gc,phases] GC(17)       StringDedup Requests0 Weak     Min:  0.0, Avg:  0.0, Max:  0.0, Diff:  0.0, Sum:  0.0, Workers: 8
[2025-06-17T22:38:10.443+0300][3224][19180][debug][gc,phases] GC(17)         Dead                           Min: 0, Avg:  0.0, Max: 0, Diff: 0, Sum: 0, Workers: 8
[2025-06-17T22:38:10.443+0300][3224][19180][debug][gc,phases] GC(17)         Total                          Min: 0, Avg:  0.0, Max: 0, Diff: 0, Sum: 0, Workers: 8
[2025-06-17T22:38:10.443+0300][3224][19180][debug][gc,phases] GC(17)       StringDedup Requests1 Weak     Min:  0.0, Avg:  0.0, Max:  0.0, Diff:  0.0, Sum:  0.0, Workers: 8
[2025-06-17T22:38:10.443+0300][3224][19180][debug][gc,phases] GC(17)         Dead                           Min: 0, Avg:  0.0, Max: 0, Diff: 0, Sum: 0, Workers: 8
[2025-06-17T22:38:10.443+0300][3224][19180][debug][gc,phases] GC(17)         Total                          Min: 0, Avg:  0.0, Max: 0, Diff: 0, Sum: 0, Workers: 8
[2025-06-17T22:38:10.443+0300][3224][19180][debug][gc,phases] GC(17)       Weak JFR Old Object Samples    Min:  0.0, Avg:  0.0, Max:  0.0, Diff:  0.0, Sum:  0.0, Workers: 8
[2025-06-17T22:38:10.443+0300][3224][19180][debug][gc,phases] GC(17)         Dead                           Min: 0, Avg:  0.0, Max: 0, Diff: 0, Sum: 0, Workers: 8
[2025-06-17T22:38:10.443+0300][3224][19180][debug][gc,phases] GC(17)         Total                          Min: 0, Avg:  0.0, Max: 0, Diff: 0, Sum: 0, Workers: 8
[2025-06-17T22:38:10.443+0300][3224][19180][debug][gc,phases] GC(17)     Post Evacuate Cleanup 1: 0.2ms
[2025-06-17T22:38:10.443+0300][3224][19180][debug][gc,phases] GC(17)       Merge Per-Thread State (ms):   Min:  0.1, Avg:  0.1, Max:  0.1, Diff:  0.0, Sum:  0.1, Workers: 1
[2025-06-17T22:38:10.443+0300][3224][19180][debug][gc,phases] GC(17)         Copied Bytes                   Min: 119968, Avg: 197470.0, Max: 355664, Diff: 235696, Sum: 1579760, Workers: 8
[2025-06-17T22:38:10.443+0300][3224][19180][debug][gc,phases] GC(17)         LAB Waste                      Min: 400, Avg: 777.0, Max: 1440, Diff: 1040, Sum: 6216, Workers: 8
[2025-06-17T22:38:10.443+0300][3224][19180][debug][gc,phases] GC(17)         LAB Undo Waste                 Min: 0, Avg:  0.0, Max: 0, Diff: 0, Sum: 0, Workers: 8
[2025-06-17T22:38:10.443+0300][3224][19180][debug][gc,phases] GC(17)       Clear Logged Cards (ms):       Min:  0.0, Avg:  0.1, Max:  0.2, Diff:  0.2, Sum:  0.4, Workers: 5
[2025-06-17T22:38:10.443+0300][3224][19180][debug][gc,phases] GC(17)       Recalculate Used Memory (ms):  Min:  0.0, Avg:  0.0, Max:  0.0, Diff:  0.0, Sum:  0.0, Workers: 1
[2025-06-17T22:38:10.443+0300][3224][19180][debug][gc,phases] GC(17)     Post Evacuate Cleanup 2: 0.3ms
[2025-06-17T22:38:10.443+0300][3224][19180][debug][gc,phases] GC(17)       Update Derived Pointers (ms):  Min:  0.0, Avg:  0.0, Max:  0.0, Diff:  0.0, Sum:  0.0, Workers: 1
[2025-06-17T22:38:10.443+0300][3224][19180][debug][gc,phases] GC(17)       Eagerly Reclaim Humongous Objects (ms): Min:  0.0, Avg:  0.0, Max:  0.0, Diff:  0.0, Sum:  0.0, Workers: 1
[2025-06-17T22:38:10.443+0300][3224][19180][debug][gc,phases] GC(17)         Humongous Total                Min: 3, Avg:  3.0, Max: 3, Diff: 0, Sum: 3, Workers: 1
[2025-06-17T22:38:10.443+0300][3224][19180][debug][gc,phases] GC(17)         Humongous Candidates           Min: 3, Avg:  3.0, Max: 3, Diff: 0, Sum: 3, Workers: 1
[2025-06-17T22:38:10.443+0300][3224][19180][debug][gc,phases] GC(17)         Humongous Reclaimed            Min: 0, Avg:  0.0, Max: 0, Diff: 0, Sum: 0, Workers: 1
[2025-06-17T22:38:10.443+0300][3224][19180][debug][gc,phases] GC(17)       Redirty Logged Cards (ms):     Min:  0.0, Avg:  0.0, Max:  0.0, Diff:  0.0, Sum:  0.0, Workers: 8
[2025-06-17T22:38:10.443+0300][3224][19180][debug][gc,phases] GC(17)         Redirtied Cards:               Min: 0, Avg:  6.9, Max: 35, Diff: 35, Sum: 55, Workers: 8
[2025-06-17T22:38:10.443+0300][3224][19180][debug][gc,phases] GC(17)       Resize TLABs (ms):             Min:  0.0, Avg:  0.0, Max:  0.0, Diff:  0.0, Sum:  0.0, Workers: 8
[2025-06-17T22:38:10.443+0300][3224][19180][debug][gc,phases] GC(17)       Free Collection Set (ms):      Min:  0.0, Avg:  0.2, Max:  0.3, Diff:  0.2, Sum:  1.8, Workers: 8
[2025-06-17T22:38:10.443+0300][3224][19180][debug][gc,phases] GC(17)     Rebuild Free List: 0.1ms
[2025-06-17T22:38:10.443+0300][3224][19180][debug][gc,phases] GC(17)     Prepare For Mutator: 0.0ms
[2025-06-17T22:38:10.443+0300][3224][19180][debug][gc,phases] GC(17)     Expand Heap After Collection: 0.0ms
[2025-06-17T22:38:10.443+0300][3224][19180][info ][gc,phases] GC(17)   Other: 0.2ms
[2025-06-17T22:38:10.443+0300][3224][19180][info ][gc,heap  ] GC(17) Eden regions: 1226->0(1227)
[2025-06-17T22:38:10.443+0300][3224][19180][info ][gc,heap  ] GC(17) Survivor regions: 2->1(154)
[2025-06-17T22:38:10.443+0300][3224][19180][info ][gc,heap  ] GC(17) Old regions: 10->12
[2025-06-17T22:38:10.443+0300][3224][19180][info ][gc,heap  ] GC(17) Humongous regions: 9->9
[2025-06-17T22:38:10.443+0300][3224][19180][debug][gc,heap  ] GC(17) Heap after GC invocations=18 (full 1):
[2025-06-17T22:38:10.443+0300][3224][19180][debug][gc,heap  ] GC(17)  garbage-first heap   total 2097152K, used 13802K [0x0000000080000000, 0x0000000100000000)
[2025-06-17T22:38:10.443+0300][3224][19180][debug][gc,heap  ] GC(17)   region size 1024K, 1 young (1024K), 1 survivors (1024K)
[2025-06-17T22:38:10.443+0300][3224][19180][debug][gc,heap  ] GC(17)  Metaspace       used 8983K, committed 9536K, reserved 1114112K
[2025-06-17T22:38:10.443+0300][3224][19180][debug][gc,heap  ] GC(17)   class space    used 978K, committed 1216K, reserved 1048576K
[2025-06-17T22:38:10.443+0300][3224][19180][info ][gc       ] GC(17) Pause Young (Normal) (G1 Evacuation Pause) 1239M->13M(2048M) 5.008ms
[2025-06-17T22:38:10.443+0300][3224][19180][info ][safepoint] Safepoint "G1CollectForAllocation", Time since last: 684924100 ns, Reaching safepoint: 282500 ns, Cleanup: 35000 ns, At safepoint: 5081300 ns, Total: 5398800 ns
[2025-06-17T22:38:10.890+0300][3224][19180][debug][safepoint] Safepoint synchronization initiated using striped semaphore wait barrier. (19 threads)
[2025-06-17T22:38:10.890+0300][3224][10256][debug][safepoint] ... found polling page loop exception at pc = 0x0000027590282512, stub =0x000002758fbb6600
[2025-06-17T22:38:10.890+0300][3224][1792 ][debug][safepoint] ... found polling page loop exception at pc = 0x00000275901bda60, stub =0x000002758fbb5d80
[2025-06-17T22:38:10.890+0300][3224][11072][debug][safepoint] ... found polling page loop exception at pc = 0x00000275901bda60, stub =0x000002758fbb5d80
[2025-06-17T22:38:10.890+0300][3224][19220][debug][safepoint] ... found polling page loop exception at pc = 0x00000275902190ab, stub =0x000002758fbb5d80
[2025-06-17T22:38:10.890+0300][3224][13220][debug][safepoint] ... found polling page loop exception at pc = 0x00000275901bda60, stub =0x000002758fbb5d80
[2025-06-17T22:38:10.890+0300][3224][18932][debug][safepoint] ... found polling page loop exception at pc = 0x000002759025ab28, stub =0x000002758fbb5d80
[2025-06-17T22:38:10.890+0300][3224][20944][debug][safepoint] ... found polling page loop exception at pc = 0x000002759024011e, stub =0x000002758fbb6600
[2025-06-17T22:38:10.890+0300][3224][19180][debug][gc,heap  ] GC(18) Heap before GC invocations=18 (full 1):
[2025-06-17T22:38:10.890+0300][3224][19180][debug][gc,heap  ] GC(18)  garbage-first heap   total 2097152K, used 1270250K [0x0000000080000000, 0x0000000100000000)
[2025-06-17T22:38:10.890+0300][3224][19180][debug][gc,heap  ] GC(18)   region size 1024K, 1228 young (1257472K), 1 survivors (1024K)
[2025-06-17T22:38:10.890+0300][3224][19180][debug][gc,heap  ] GC(18)  Metaspace       used 8983K, committed 9536K, reserved 1114112K
[2025-06-17T22:38:10.890+0300][3224][19180][debug][gc,heap  ] GC(18)   class space    used 978K, committed 1216K, reserved 1048576K
[2025-06-17T22:38:10.892+0300][3224][19180][info ][gc,phases] GC(18)   Pre Evacuate Collection Set: 0.4ms
[2025-06-17T22:38:10.892+0300][3224][19180][debug][gc,phases] GC(18)     Pre Evacuate Prepare: 0.1ms
[2025-06-17T22:38:10.892+0300][3224][19180][debug][gc,phases] GC(18)       JT Retire TLABs And Flush Logs (ms): Min:  0.0, Avg:  0.0, Max:  0.0, Diff:  0.0, Sum:  0.0, Workers: 2
[2025-06-17T22:38:10.892+0300][3224][19180][debug][gc,phases] GC(18)       Non-JT Flush Logs (ms):        Min:  0.0, Avg:  0.0, Max:  0.0, Diff:  0.0, Sum:  0.0, Workers: 1
[2025-06-17T22:38:10.892+0300][3224][19180][debug][gc,phases] GC(18)     Choose Collection Set: 0.0ms
[2025-06-17T22:38:10.892+0300][3224][19180][debug][gc,phases] GC(18)     Region Register: 0.3ms
[2025-06-17T22:38:10.892+0300][3224][19180][debug][gc,phases] GC(18)     Prepare Heap Roots: 0.0ms
[2025-06-17T22:38:10.892+0300][3224][19180][info ][gc,phases] GC(18)   Merge Heap Roots: 0.2ms
[2025-06-17T22:38:10.892+0300][3224][19180][debug][gc,phases] GC(18)     Prepare Merge Heap Roots: 0.0ms
[2025-06-17T22:38:10.892+0300][3224][19180][debug][gc,phases] GC(18)     Remembered Sets (ms):          Min:  0.1, Avg:  0.1, Max:  0.1, Diff:  0.0, Sum:  1.0, Workers: 8
[2025-06-17T22:38:10.892+0300][3224][19180][debug][gc,phases] GC(18)       Eager Reclaim (ms):            Min:  0.0, Avg:  0.0, Max:  0.0, Diff:  0.0, Sum:  0.0, Workers: 1
[2025-06-17T22:38:10.892+0300][3224][19180][debug][gc,phases] GC(18)       Merged Inline                  Min: 0, Avg:  0.0, Max: 0, Diff: 0, Sum: 0, Workers: 8
[2025-06-17T22:38:10.892+0300][3224][19180][debug][gc,phases] GC(18)       Merged ArrayOfCards            Min: 0, Avg:  0.0, Max: 0, Diff: 0, Sum: 0, Workers: 8
[2025-06-17T22:38:10.892+0300][3224][19180][debug][gc,phases] GC(18)       Merged Howl                    Min: 0, Avg:  0.0, Max: 0, Diff: 0, Sum: 0, Workers: 8
[2025-06-17T22:38:10.892+0300][3224][19180][debug][gc,phases] GC(18)       Merged Full                    Min: 0, Avg:  0.0, Max: 0, Diff: 0, Sum: 0, Workers: 8
[2025-06-17T22:38:10.892+0300][3224][19180][debug][gc,phases] GC(18)       Merged Howl Inline             Min: 0, Avg:  0.0, Max: 0, Diff: 0, Sum: 0, Workers: 8
[2025-06-17T22:38:10.892+0300][3224][19180][debug][gc,phases] GC(18)       Merged Howl ArrayOfCards       Min: 0, Avg:  0.0, Max: 0, Diff: 0, Sum: 0, Workers: 8
[2025-06-17T22:38:10.892+0300][3224][19180][debug][gc,phases] GC(18)       Merged Howl BitMap             Min: 0, Avg:  0.0, Max: 0, Diff: 0, Sum: 0, Workers: 8
[2025-06-17T22:38:10.892+0300][3224][19180][debug][gc,phases] GC(18)       Merged Howl Full               Min: 0, Avg:  0.0, Max: 0, Diff: 0, Sum: 0, Workers: 8
[2025-06-17T22:38:10.892+0300][3224][19180][debug][gc,phases] GC(18)       Merged Cards                   Min: 8, Avg:  9.0, Max: 16, Diff: 8, Sum: 72, Workers: 8
[2025-06-17T22:38:10.892+0300][3224][19180][debug][gc,phases] GC(18)     Log Buffers (ms):              Min:  0.0, Avg:  0.0, Max:  0.0, Diff:  0.0, Sum:  0.0, Workers: 8
[2025-06-17T22:38:10.892+0300][3224][19180][debug][gc,phases] GC(18)       Dirty Cards:                   Min: 0, Avg:  7.8, Max: 25, Diff: 25, Sum: 62, Workers: 8
[2025-06-17T22:38:10.892+0300][3224][19180][debug][gc,phases] GC(18)       Skipped Cards:                 Min: 0, Avg:  0.0, Max: 0, Diff: 0, Sum: 0, Workers: 8
[2025-06-17T22:38:10.892+0300][3224][19180][info ][gc,phases] GC(18)   Evacuate Collection Set: 0.4ms
[2025-06-17T22:38:10.892+0300][3224][19180][debug][gc,phases] GC(18)     Ext Root Scanning (ms):        Min:  0.0, Avg:  0.1, Max:  0.1, Diff:  0.1, Sum:  0.5, Workers: 8
[2025-06-17T22:38:10.892+0300][3224][19180][debug][gc,phases] GC(18)     Scan Heap Roots (ms):          Min:  0.0, Avg:  0.0, Max:  0.0, Diff:  0.0, Sum:  0.1, Workers: 8
[2025-06-17T22:38:10.892+0300][3224][19180][debug][gc,phases] GC(18)       Scanned Cards:                 Min: 0, Avg:  7.8, Max: 15, Diff: 15, Sum: 62, Workers: 8
[2025-06-17T22:38:10.892+0300][3224][19180][debug][gc,phases] GC(18)       Scanned Blocks:                Min: 0, Avg:  5.9, Max: 12, Diff: 12, Sum: 47, Workers: 8
[2025-06-17T22:38:10.892+0300][3224][19180][debug][gc,phases] GC(18)       Claimed Chunks:                Min: 0, Avg:  3.8, Max: 8, Diff: 8, Sum: 30, Workers: 8
[2025-06-17T22:38:10.892+0300][3224][19180][debug][gc,phases] GC(18)       Found Roots:                   Min: 0, Avg: 22.6, Max: 46, Diff: 46, Sum: 181, Workers: 8
[2025-06-17T22:38:10.892+0300][3224][19180][debug][gc,phases] GC(18)     Code Root Scan (ms):           Min:  0.1, Avg:  0.1, Max:  0.2, Diff:  0.1, Sum:  1.1, Workers: 8
[2025-06-17T22:38:10.892+0300][3224][19180][debug][gc,phases] GC(18)       Scanned Nmethods               Min: 0, Avg:  2.8, Max: 12, Diff: 12, Sum: 22, Workers: 8
[2025-06-17T22:38:10.892+0300][3224][19180][debug][gc,phases] GC(18)     Object Copy (ms):              Min:  0.0, Avg:  0.1, Max:  0.1, Diff:  0.1, Sum:  0.6, Workers: 8
[2025-06-17T22:38:10.892+0300][3224][19180][debug][gc,phases] GC(18)     Termination (ms):              Min:  0.0, Avg:  0.0, Max:  0.0, Diff:  0.0, Sum:  0.1, Workers: 8
[2025-06-17T22:38:10.892+0300][3224][19180][debug][gc,phases] GC(18)       Termination Attempts:          Min: 1, Avg:  1.0, Max: 1, Diff: 0, Sum: 8, Workers: 8
[2025-06-17T22:38:10.892+0300][3224][19180][debug][gc,phases] GC(18)     GC Worker Other (ms):          Min:  0.1, Avg:  0.1, Max:  0.1, Diff:  0.0, Sum:  0.9, Workers: 8
[2025-06-17T22:38:10.892+0300][3224][19180][debug][gc,phases] GC(18)     GC Worker Total (ms):          Min:  0.4, Avg:  0.4, Max:  0.4, Diff:  0.0, Sum:  3.3, Workers: 8
[2025-06-17T22:38:10.892+0300][3224][19180][info ][gc,phases] GC(18)   Post Evacuate Collection Set: 0.9ms
[2025-06-17T22:38:10.892+0300][3224][19180][debug][gc,phases] GC(18)     NMethod List Cleanup: 0.0ms
[2025-06-17T22:38:10.892+0300][3224][19180][debug][gc,phases] GC(18)     Reference Processing: 0.1ms
[2025-06-17T22:38:10.892+0300][3224][19180][debug][gc,phases] GC(18)     Weak Processing: 0.1ms
[2025-06-17T22:38:10.892+0300][3224][19180][debug][gc,phases] GC(18)       VM Weak                        Min:  0.0, Avg:  0.0, Max:  0.0, Diff:  0.0, Sum:  0.0, Workers: 8
[2025-06-17T22:38:10.892+0300][3224][19180][debug][gc,phases] GC(18)         Dead                           Min: 0, Avg:  0.0, Max: 0, Diff: 0, Sum: 0, Workers: 8
[2025-06-17T22:38:10.892+0300][3224][19180][debug][gc,phases] GC(18)         Total                          Min: 0, Avg: 46.2, Max: 114, Diff: 114, Sum: 370, Workers: 8
[2025-06-17T22:38:10.892+0300][3224][19180][debug][gc,phases] GC(18)       ObjectSynchronizer Weak        Min:  0.0, Avg:  0.0, Max:  0.0, Diff:  0.0, Sum:  0.0, Workers: 8
[2025-06-17T22:38:10.892+0300][3224][19180][debug][gc,phases] GC(18)         Dead                           Min: 0, Avg:  0.0, Max: 0, Diff: 0, Sum: 0, Workers: 8
[2025-06-17T22:38:10.892+0300][3224][19180][debug][gc,phases] GC(18)         Total                          Min: 0, Avg: 18.6, Max: 64, Diff: 64, Sum: 149, Workers: 8
[2025-06-17T22:38:10.892+0300][3224][19180][debug][gc,phases] GC(18)       JVMTI Tag Weak OopStorage      Min:  0.0, Avg:  0.0, Max:  0.0, Diff:  0.0, Sum:  0.0, Workers: 8
[2025-06-17T22:38:10.892+0300][3224][19180][debug][gc,phases] GC(18)         Dead                           Min: 0, Avg:  0.0, Max: 0, Diff: 0, Sum: 0, Workers: 8
[2025-06-17T22:38:10.892+0300][3224][19180][debug][gc,phases] GC(18)         Total                          Min: 0, Avg:  0.0, Max: 0, Diff: 0, Sum: 0, Workers: 8
[2025-06-17T22:38:10.892+0300][3224][19180][debug][gc,phases] GC(18)       StringTable Weak               Min:  0.0, Avg:  0.0, Max:  0.0, Diff:  0.0, Sum:  0.1, Workers: 8
[2025-06-17T22:38:10.892+0300][3224][19180][debug][gc,phases] GC(18)         Dead                           Min: 0, Avg:  0.0, Max: 0, Diff: 0, Sum: 0, Workers: 8
[2025-06-17T22:38:10.892+0300][3224][19180][debug][gc,phases] GC(18)         Total                          Min: 512, Avg: 772.0, Max: 960, Diff: 448, Sum: 6176, Workers: 8
[2025-06-17T22:38:10.892+0300][3224][19180][debug][gc,phases] GC(18)       ResolvedMethodTable Weak       Min:  0.0, Avg:  0.0, Max:  0.0, Diff:  0.0, Sum:  0.0, Workers: 8
[2025-06-17T22:38:10.892+0300][3224][19180][debug][gc,phases] GC(18)         Dead                           Min: 0, Avg:  0.0, Max: 0, Diff: 0, Sum: 0, Workers: 8
[2025-06-17T22:38:10.892+0300][3224][19180][debug][gc,phases] GC(18)         Total                          Min: 0, Avg: 108.8, Max: 166, Diff: 166, Sum: 870, Workers: 8
[2025-06-17T22:38:10.892+0300][3224][19180][debug][gc,phases] GC(18)       JNI Weak                       Min:  0.0, Avg:  0.0, Max:  0.0, Diff:  0.0, Sum:  0.0, Workers: 8
[2025-06-17T22:38:10.892+0300][3224][19180][debug][gc,phases] GC(18)         Dead                           Min: 0, Avg:  0.0, Max: 0, Diff: 0, Sum: 0, Workers: 8
[2025-06-17T22:38:10.892+0300][3224][19180][debug][gc,phases] GC(18)         Total                          Min: 0, Avg:  0.0, Max: 0, Diff: 0, Sum: 0, Workers: 8
[2025-06-17T22:38:10.892+0300][3224][19180][debug][gc,phases] GC(18)       StringDedup Table Weak         Min:  0.0, Avg:  0.0, Max:  0.0, Diff:  0.0, Sum:  0.0, Workers: 8
[2025-06-17T22:38:10.892+0300][3224][19180][debug][gc,phases] GC(18)         Dead                           Min: 0, Avg:  0.0, Max: 0, Diff: 0, Sum: 0, Workers: 8
[2025-06-17T22:38:10.892+0300][3224][19180][debug][gc,phases] GC(18)         Total                          Min: 0, Avg:  0.0, Max: 0, Diff: 0, Sum: 0, Workers: 8
[2025-06-17T22:38:10.892+0300][3224][19180][debug][gc,phases] GC(18)       StringDedup Requests0 Weak     Min:  0.0, Avg:  0.0, Max:  0.0, Diff:  0.0, Sum:  0.0, Workers: 8
[2025-06-17T22:38:10.892+0300][3224][19180][debug][gc,phases] GC(18)         Dead                           Min: 0, Avg:  0.0, Max: 0, Diff: 0, Sum: 0, Workers: 8
[2025-06-17T22:38:10.892+0300][3224][19180][debug][gc,phases] GC(18)         Total                          Min: 0, Avg:  0.0, Max: 0, Diff: 0, Sum: 0, Workers: 8
[2025-06-17T22:38:10.892+0300][3224][19180][debug][gc,phases] GC(18)       StringDedup Requests1 Weak     Min:  0.0, Avg:  0.0, Max:  0.0, Diff:  0.0, Sum:  0.0, Workers: 8
[2025-06-17T22:38:10.892+0300][3224][19180][debug][gc,phases] GC(18)         Dead                           Min: 0, Avg:  0.0, Max: 0, Diff: 0, Sum: 0, Workers: 8
[2025-06-17T22:38:10.892+0300][3224][19180][debug][gc,phases] GC(18)         Total                          Min: 0, Avg:  0.0, Max: 0, Diff: 0, Sum: 0, Workers: 8
[2025-06-17T22:38:10.892+0300][3224][19180][debug][gc,phases] GC(18)       Weak JFR Old Object Samples    Min:  0.0, Avg:  0.0, Max:  0.0, Diff:  0.0, Sum:  0.0, Workers: 8
[2025-06-17T22:38:10.892+0300][3224][19180][debug][gc,phases] GC(18)         Dead                           Min: 0, Avg:  0.0, Max: 0, Diff: 0, Sum: 0, Workers: 8
[2025-06-17T22:38:10.892+0300][3224][19180][debug][gc,phases] GC(18)         Total                          Min: 0, Avg:  0.0, Max: 0, Diff: 0, Sum: 0, Workers: 8
[2025-06-17T22:38:10.892+0300][3224][19180][debug][gc,phases] GC(18)     Post Evacuate Cleanup 1: 0.4ms
[2025-06-17T22:38:10.892+0300][3224][19180][debug][gc,phases] GC(18)       Merge Per-Thread State (ms):   Min:  0.1, Avg:  0.1, Max:  0.1, Diff:  0.0, Sum:  0.1, Workers: 1
[2025-06-17T22:38:10.892+0300][3224][19180][debug][gc,phases] GC(18)         Copied Bytes                   Min: 784, Avg: 62810.0, Max: 141024, Diff: 140240, Sum: 502480, Workers: 8
[2025-06-17T22:38:10.892+0300][3224][19180][debug][gc,phases] GC(18)         LAB Waste                      Min: 0, Avg: 66.0, Max: 168, Diff: 168, Sum: 528, Workers: 8
[2025-06-17T22:38:10.892+0300][3224][19180][debug][gc,phases] GC(18)         LAB Undo Waste                 Min: 0, Avg:  0.0, Max: 0, Diff: 0, Sum: 0, Workers: 8
[2025-06-17T22:38:10.892+0300][3224][19180][debug][gc,phases] GC(18)       Clear Logged Cards (ms):       Min:  0.0, Avg:  0.1, Max:  0.3, Diff:  0.3, Sum:  0.7, Workers: 5
[2025-06-17T22:38:10.892+0300][3224][19180][debug][gc,phases] GC(18)       Recalculate Used Memory (ms):  Min:  0.0, Avg:  0.0, Max:  0.0, Diff:  0.0, Sum:  0.0, Workers: 1
[2025-06-17T22:38:10.892+0300][3224][19180][debug][gc,phases] GC(18)     Post Evacuate Cleanup 2: 0.3ms
[2025-06-17T22:38:10.892+0300][3224][19180][debug][gc,phases] GC(18)       Update Derived Pointers (ms):  Min:  0.0, Avg:  0.0, Max:  0.0, Diff:  0.0, Sum:  0.0, Workers: 1
[2025-06-17T22:38:10.892+0300][3224][19180][debug][gc,phases] GC(18)       Eagerly Reclaim Humongous Objects (ms): Min:  0.0, Avg:  0.0, Max:  0.0, Diff:  0.0, Sum:  0.0, Workers: 1
[2025-06-17T22:38:10.892+0300][3224][19180][debug][gc,phases] GC(18)         Humongous Total                Min: 3, Avg:  3.0, Max: 3, Diff: 0, Sum: 3, Workers: 1
[2025-06-17T22:38:10.892+0300][3224][19180][debug][gc,phases] GC(18)         Humongous Candidates           Min: 3, Avg:  3.0, Max: 3, Diff: 0, Sum: 3, Workers: 1
[2025-06-17T22:38:10.892+0300][3224][19180][debug][gc,phases] GC(18)         Humongous Reclaimed            Min: 0, Avg:  0.0, Max: 0, Diff: 0, Sum: 0, Workers: 1
[2025-06-17T22:38:10.892+0300][3224][19180][debug][gc,phases] GC(18)       Redirty Logged Cards (ms):     Min:  0.0, Avg:  0.0, Max:  0.0, Diff:  0.0, Sum:  0.0, Workers: 8
[2025-06-17T22:38:10.892+0300][3224][19180][debug][gc,phases] GC(18)         Redirtied Cards:               Min: 0, Avg:  5.4, Max: 43, Diff: 43, Sum: 43, Workers: 8
[2025-06-17T22:38:10.892+0300][3224][19180][debug][gc,phases] GC(18)       Resize TLABs (ms):             Min:  0.0, Avg:  0.0, Max:  0.0, Diff:  0.0, Sum:  0.0, Workers: 8
[2025-06-17T22:38:10.892+0300][3224][19180][debug][gc,phases] GC(18)       Free Collection Set (ms):      Min:  0.0, Avg:  0.2, Max:  0.3, Diff:  0.2, Sum:  1.7, Workers: 8
[2025-06-17T22:38:10.892+0300][3224][19180][debug][gc,phases] GC(18)     Rebuild Free List: 0.1ms
[2025-06-17T22:38:10.892+0300][3224][19180][debug][gc,phases] GC(18)     Prepare For Mutator: 0.0ms
[2025-06-17T22:38:10.892+0300][3224][19180][debug][gc,phases] GC(18)     Expand Heap After Collection: 0.0ms
[2025-06-17T22:38:10.892+0300][3224][19180][info ][gc,phases] GC(18)   Other: 0.2ms
[2025-06-17T22:38:10.892+0300][3224][19180][info ][gc,heap  ] GC(18) Eden regions: 1227->0(1227)
[2025-06-17T22:38:10.892+0300][3224][19180][info ][gc,heap  ] GC(18) Survivor regions: 1->1(154)
[2025-06-17T22:38:10.892+0300][3224][19180][info ][gc,heap  ] GC(18) Old regions: 12->12
[2025-06-17T22:38:10.892+0300][3224][19180][info ][gc,heap  ] GC(18) Humongous regions: 9->9
[2025-06-17T22:38:10.892+0300][3224][19180][debug][gc,heap  ] GC(18) Heap after GC invocations=19 (full 1):
[2025-06-17T22:38:10.892+0300][3224][19180][debug][gc,heap  ] GC(18)  garbage-first heap   total 2097152K, used 13874K [0x0000000080000000, 0x0000000100000000)
[2025-06-17T22:38:10.892+0300][3224][19180][debug][gc,heap  ] GC(18)   region size 1024K, 1 young (1024K), 1 survivors (1024K)
[2025-06-17T22:38:10.892+0300][3224][19180][debug][gc,heap  ] GC(18)  Metaspace       used 8983K, committed 9536K, reserved 1114112K
[2025-06-17T22:38:10.892+0300][3224][19180][debug][gc,heap  ] GC(18)   class space    used 978K, committed 1216K, reserved 1048576K
[2025-06-17T22:38:10.892+0300][3224][19180][info ][gc       ] GC(18) Pause Young (Normal) (G1 Evacuation Pause) 1240M->13M(2048M) 4.013ms
[2025-06-17T22:38:10.892+0300][3224][19180][info ][safepoint] Safepoint "G1CollectForAllocation", Time since last: 446200200 ns, Reaching safepoint: 470100 ns, Cleanup: 8500 ns, At safepoint: 4086500 ns, Total: 4565100 ns
[2025-06-17T22:38:11.347+0300][3224][19180][debug][safepoint] Safepoint synchronization initiated using striped semaphore wait barrier. (19 threads)
[2025-06-17T22:38:11.349+0300][3224][19220][debug][safepoint] ... found polling page loop exception at pc = 0x00000275901bda60, stub =0x000002758fbb5d80
[2025-06-17T22:38:11.349+0300][3224][1792 ][debug][safepoint] ... found polling page loop exception at pc = 0x00000275901bda60, stub =0x000002758fbb5d80
[2025-06-17T22:38:11.349+0300][3224][19180][debug][gc,heap  ] GC(19) Heap before GC invocations=19 (full 1):
[2025-06-17T22:38:11.349+0300][3224][19180][debug][gc,heap  ] GC(19)  garbage-first heap   total 2097152K, used 1270322K [0x0000000080000000, 0x0000000100000000)
[2025-06-17T22:38:11.349+0300][3224][19180][debug][gc,heap  ] GC(19)   region size 1024K, 1228 young (1257472K), 1 survivors (1024K)
[2025-06-17T22:38:11.349+0300][3224][19180][debug][gc,heap  ] GC(19)  Metaspace       used 8985K, committed 9536K, reserved 1114112K
[2025-06-17T22:38:11.349+0300][3224][19180][debug][gc,heap  ] GC(19)   class space    used 978K, committed 1216K, reserved 1048576K
[2025-06-17T22:38:11.349+0300][3224][19180][info ][gc,phases] GC(19)   Pre Evacuate Collection Set: 0.4ms
[2025-06-17T22:38:11.349+0300][3224][19180][debug][gc,phases] GC(19)     Pre Evacuate Prepare: 0.1ms
[2025-06-17T22:38:11.349+0300][3224][19180][debug][gc,phases] GC(19)       JT Retire TLABs And Flush Logs (ms): Min:  0.0, Avg:  0.0, Max:  0.0, Diff:  0.0, Sum:  0.0, Workers: 2
[2025-06-17T22:38:11.349+0300][3224][19180][debug][gc,phases] GC(19)       Non-JT Flush Logs (ms):        Min:  0.0, Avg:  0.0, Max:  0.0, Diff:  0.0, Sum:  0.0, Workers: 1
[2025-06-17T22:38:11.349+0300][3224][19180][debug][gc,phases] GC(19)     Choose Collection Set: 0.0ms
[2025-06-17T22:38:11.349+0300][3224][19180][debug][gc,phases] GC(19)     Region Register: 0.3ms
[2025-06-17T22:38:11.349+0300][3224][19180][debug][gc,phases] GC(19)     Prepare Heap Roots: 0.0ms
[2025-06-17T22:38:11.349+0300][3224][19180][info ][gc,phases] GC(19)   Merge Heap Roots: 0.3ms
[2025-06-17T22:38:11.349+0300][3224][19180][debug][gc,phases] GC(19)     Prepare Merge Heap Roots: 0.0ms
[2025-06-17T22:38:11.349+0300][3224][19180][debug][gc,phases] GC(19)     Remembered Sets (ms):          Min:  0.0, Avg:  0.1, Max:  0.2, Diff:  0.1, Sum:  1.1, Workers: 8
[2025-06-17T22:38:11.349+0300][3224][19180][debug][gc,phases] GC(19)       Eager Reclaim (ms):            Min:  0.0, Avg:  0.0, Max:  0.0, Diff:  0.0, Sum:  0.0, Workers: 1
[2025-06-17T22:38:11.349+0300][3224][19180][debug][gc,phases] GC(19)       Merged Inline                  Min: 0, Avg:  0.0, Max: 0, Diff: 0, Sum: 0, Workers: 8
[2025-06-17T22:38:11.349+0300][3224][19180][debug][gc,phases] GC(19)       Merged ArrayOfCards            Min: 0, Avg:  0.0, Max: 0, Diff: 0, Sum: 0, Workers: 8
[2025-06-17T22:38:11.349+0300][3224][19180][debug][gc,phases] GC(19)       Merged Howl                    Min: 0, Avg:  0.0, Max: 0, Diff: 0, Sum: 0, Workers: 8
[2025-06-17T22:38:11.349+0300][3224][19180][debug][gc,phases] GC(19)       Merged Full                    Min: 0, Avg:  0.0, Max: 0, Diff: 0, Sum: 0, Workers: 8
[2025-06-17T22:38:11.349+0300][3224][19180][debug][gc,phases] GC(19)       Merged Howl Inline             Min: 0, Avg:  0.0, Max: 0, Diff: 0, Sum: 0, Workers: 8
[2025-06-17T22:38:11.349+0300][3224][19180][debug][gc,phases] GC(19)       Merged Howl ArrayOfCards       Min: 0, Avg:  0.0, Max: 0, Diff: 0, Sum: 0, Workers: 8
[2025-06-17T22:38:11.349+0300][3224][19180][debug][gc,phases] GC(19)       Merged Howl BitMap             Min: 0, Avg:  0.0, Max: 0, Diff: 0, Sum: 0, Workers: 8
[2025-06-17T22:38:11.349+0300][3224][19180][debug][gc,phases] GC(19)       Merged Howl Full               Min: 0, Avg:  0.0, Max: 0, Diff: 0, Sum: 0, Workers: 8
[2025-06-17T22:38:11.349+0300][3224][19180][debug][gc,phases] GC(19)       Merged Cards                   Min: 8, Avg:  9.0, Max: 16, Diff: 8, Sum: 72, Workers: 8
[2025-06-17T22:38:11.349+0300][3224][19180][debug][gc,phases] GC(19)     Log Buffers (ms):              Min:  0.0, Avg:  0.0, Max:  0.0, Diff:  0.0, Sum:  0.0, Workers: 8
[2025-06-17T22:38:11.349+0300][3224][19180][debug][gc,phases] GC(19)       Dirty Cards:                   Min: 0, Avg:  6.4, Max: 32, Diff: 32, Sum: 51, Workers: 8
[2025-06-17T22:38:11.349+0300][3224][19180][debug][gc,phases] GC(19)       Skipped Cards:                 Min: 0, Avg:  0.0, Max: 0, Diff: 0, Sum: 0, Workers: 8
[2025-06-17T22:38:11.349+0300][3224][19180][info ][gc,phases] GC(19)   Evacuate Collection Set: 0.8ms
[2025-06-17T22:38:11.349+0300][3224][19180][debug][gc,phases] GC(19)     Ext Root Scanning (ms):        Min:  0.0, Avg:  0.1, Max:  0.1, Diff:  0.1, Sum:  0.5, Workers: 8
[2025-06-17T22:38:11.349+0300][3224][19180][debug][gc,phases] GC(19)     Scan Heap Roots (ms):          Min:  0.0, Avg:  0.0, Max:  0.0, Diff:  0.0, Sum:  0.1, Workers: 8
[2025-06-17T22:38:11.349+0300][3224][19180][debug][gc,phases] GC(19)       Scanned Cards:                 Min: 0, Avg:  6.4, Max: 11, Diff: 11, Sum: 51, Workers: 8
[2025-06-17T22:38:11.349+0300][3224][19180][debug][gc,phases] GC(19)       Scanned Blocks:                Min: 0, Avg:  5.0, Max: 10, Diff: 10, Sum: 40, Workers: 8
[2025-06-17T22:38:11.349+0300][3224][19180][debug][gc,phases] GC(19)       Claimed Chunks:                Min: 0, Avg:  3.4, Max: 8, Diff: 8, Sum: 27, Workers: 8
[2025-06-17T22:38:11.349+0300][3224][19180][debug][gc,phases] GC(19)       Found Roots:                   Min: 0, Avg: 13.1, Max: 35, Diff: 35, Sum: 105, Workers: 8
[2025-06-17T22:38:11.349+0300][3224][19180][debug][gc,phases] GC(19)     Code Root Scan (ms):           Min:  0.1, Avg:  0.1, Max:  0.2, Diff:  0.1, Sum:  1.2, Workers: 8
[2025-06-17T22:38:11.349+0300][3224][19180][debug][gc,phases] GC(19)       Scanned Nmethods               Min: 0, Avg:  2.8, Max: 9, Diff: 9, Sum: 22, Workers: 8
[2025-06-17T22:38:11.349+0300][3224][19180][debug][gc,phases] GC(19)     Object Copy (ms):              Min:  0.0, Avg:  0.1, Max:  0.1, Diff:  0.1, Sum:  0.6, Workers: 8
[2025-06-17T22:38:11.349+0300][3224][19180][debug][gc,phases] GC(19)     Termination (ms):              Min:  0.0, Avg:  0.3, Max:  0.3, Diff:  0.3, Sum:  2.1, Workers: 8
[2025-06-17T22:38:11.349+0300][3224][19180][debug][gc,phases] GC(19)       Termination Attempts:          Min: 1, Avg:  1.0, Max: 1, Diff: 0, Sum: 8, Workers: 8
[2025-06-17T22:38:11.349+0300][3224][19180][debug][gc,phases] GC(19)     GC Worker Other (ms):          Min:  0.1, Avg:  0.1, Max:  0.1, Diff:  0.0, Sum:  0.9, Workers: 8
[2025-06-17T22:38:11.349+0300][3224][19180][debug][gc,phases] GC(19)     GC Worker Total (ms):          Min:  0.3, Avg:  0.7, Max:  0.7, Diff:  0.5, Sum:  5.4, Workers: 8
[2025-06-17T22:38:11.349+0300][3224][19180][info ][gc,phases] GC(19)   Post Evacuate Collection Set: 1.0ms
[2025-06-17T22:38:11.349+0300][3224][19180][debug][gc,phases] GC(19)     NMethod List Cleanup: 0.0ms
[2025-06-17T22:38:11.349+0300][3224][19180][debug][gc,phases] GC(19)     Reference Processing: 0.1ms
[2025-06-17T22:38:11.349+0300][3224][19180][debug][gc,phases] GC(19)     Weak Processing: 0.1ms
[2025-06-17T22:38:11.349+0300][3224][19180][debug][gc,phases] GC(19)       VM Weak                        Min:  0.0, Avg:  0.0, Max:  0.0, Diff:  0.0, Sum:  0.0, Workers: 8
[2025-06-17T22:38:11.349+0300][3224][19180][debug][gc,phases] GC(19)         Dead                           Min: 0, Avg:  0.0, Max: 0, Diff: 0, Sum: 0, Workers: 8
[2025-06-17T22:38:11.349+0300][3224][19180][debug][gc,phases] GC(19)         Total                          Min: 0, Avg: 46.2, Max: 128, Diff: 128, Sum: 370, Workers: 8
[2025-06-17T22:38:11.349+0300][3224][19180][debug][gc,phases] GC(19)       ObjectSynchronizer Weak        Min:  0.0, Avg:  0.0, Max:  0.0, Diff:  0.0, Sum:  0.0, Workers: 8
[2025-06-17T22:38:11.349+0300][3224][19180][debug][gc,phases] GC(19)         Dead                           Min: 0, Avg:  0.0, Max: 0, Diff: 0, Sum: 0, Workers: 8
[2025-06-17T22:38:11.349+0300][3224][19180][debug][gc,phases] GC(19)         Total                          Min: 0, Avg: 18.6, Max: 64, Diff: 64, Sum: 149, Workers: 8
[2025-06-17T22:38:11.349+0300][3224][19180][debug][gc,phases] GC(19)       JVMTI Tag Weak OopStorage      Min:  0.0, Avg:  0.0, Max:  0.0, Diff:  0.0, Sum:  0.0, Workers: 8
[2025-06-17T22:38:11.349+0300][3224][19180][debug][gc,phases] GC(19)         Dead                           Min: 0, Avg:  0.0, Max: 0, Diff: 0, Sum: 0, Workers: 8
[2025-06-17T22:38:11.349+0300][3224][19180][debug][gc,phases] GC(19)         Total                          Min: 0, Avg:  0.0, Max: 0, Diff: 0, Sum: 0, Workers: 8
[2025-06-17T22:38:11.349+0300][3224][19180][debug][gc,phases] GC(19)       StringTable Weak               Min:  0.0, Avg:  0.0, Max:  0.0, Diff:  0.0, Sum:  0.1, Workers: 8
[2025-06-17T22:38:11.349+0300][3224][19180][debug][gc,phases] GC(19)         Dead                           Min: 0, Avg:  0.0, Max: 0, Diff: 0, Sum: 0, Workers: 8
[2025-06-17T22:38:11.349+0300][3224][19180][debug][gc,phases] GC(19)         Total                          Min: 0, Avg: 772.0, Max: 1088, Diff: 1088, Sum: 6176, Workers: 8
[2025-06-17T22:38:11.349+0300][3224][19180][debug][gc,phases] GC(19)       ResolvedMethodTable Weak       Min:  0.0, Avg:  0.0, Max:  0.0, Diff:  0.0, Sum:  0.0, Workers: 8
[2025-06-17T22:38:11.349+0300][3224][19180][debug][gc,phases] GC(19)         Dead                           Min: 0, Avg:  0.0, Max: 0, Diff: 0, Sum: 0, Workers: 8
[2025-06-17T22:38:11.349+0300][3224][19180][debug][gc,phases] GC(19)         Total                          Min: 0, Avg: 108.8, Max: 192, Diff: 192, Sum: 870, Workers: 8
[2025-06-17T22:38:11.349+0300][3224][19180][debug][gc,phases] GC(19)       JNI Weak                       Min:  0.0, Avg:  0.0, Max:  0.0, Diff:  0.0, Sum:  0.0, Workers: 8
[2025-06-17T22:38:11.349+0300][3224][19180][debug][gc,phases] GC(19)         Dead                           Min: 0, Avg:  0.0, Max: 0, Diff: 0, Sum: 0, Workers: 8
[2025-06-17T22:38:11.349+0300][3224][19180][debug][gc,phases] GC(19)         Total                          Min: 0, Avg:  0.0, Max: 0, Diff: 0, Sum: 0, Workers: 8
[2025-06-17T22:38:11.349+0300][3224][19180][debug][gc,phases] GC(19)       StringDedup Table Weak         Min:  0.0, Avg:  0.0, Max:  0.0, Diff:  0.0, Sum:  0.0, Workers: 8
[2025-06-17T22:38:11.349+0300][3224][19180][debug][gc,phases] GC(19)         Dead                           Min: 0, Avg:  0.0, Max: 0, Diff: 0, Sum: 0, Workers: 8
[2025-06-17T22:38:11.349+0300][3224][19180][debug][gc,phases] GC(19)         Total                          Min: 0, Avg:  0.0, Max: 0, Diff: 0, Sum: 0, Workers: 8
[2025-06-17T22:38:11.349+0300][3224][19180][debug][gc,phases] GC(19)       StringDedup Requests0 Weak     Min:  0.0, Avg:  0.0, Max:  0.0, Diff:  0.0, Sum:  0.0, Workers: 8
[2025-06-17T22:38:11.353+0300][3224][19180][debug][gc,phases] GC(19)         Dead                           Min: 0, Avg:  0.0, Max: 0, Diff: 0, Sum: 0, Workers: 8
[2025-06-17T22:38:11.353+0300][3224][19180][debug][gc,phases] GC(19)         Total                          Min: 0, Avg:  0.0, Max: 0, Diff: 0, Sum: 0, Workers: 8
[2025-06-17T22:38:11.353+0300][3224][19180][debug][gc,phases] GC(19)       StringDedup Requests1 Weak     Min:  0.0, Avg:  0.0, Max:  0.0, Diff:  0.0, Sum:  0.0, Workers: 8
[2025-06-17T22:38:11.353+0300][3224][19180][debug][gc,phases] GC(19)         Dead                           Min: 0, Avg:  0.0, Max: 0, Diff: 0, Sum: 0, Workers: 8
[2025-06-17T22:38:11.353+0300][3224][19180][debug][gc,phases] GC(19)         Total                          Min: 0, Avg:  0.0, Max: 0, Diff: 0, Sum: 0, Workers: 8
[2025-06-17T22:38:11.353+0300][3224][19180][debug][gc,phases] GC(19)       Weak JFR Old Object Samples    Min:  0.0, Avg:  0.0, Max:  0.0, Diff:  0.0, Sum:  0.0, Workers: 8
[2025-06-17T22:38:11.353+0300][3224][19180][debug][gc,phases] GC(19)         Dead                           Min: 0, Avg:  0.0, Max: 0, Diff: 0, Sum: 0, Workers: 8
[2025-06-17T22:38:11.353+0300][3224][19180][debug][gc,phases] GC(19)         Total                          Min: 0, Avg:  0.0, Max: 0, Diff: 0, Sum: 0, Workers: 8
[2025-06-17T22:38:11.353+0300][3224][19180][debug][gc,phases] GC(19)     Post Evacuate Cleanup 1: 0.2ms
[2025-06-17T22:38:11.353+0300][3224][19180][debug][gc,phases] GC(19)       Merge Per-Thread State (ms):   Min:  0.1, Avg:  0.1, Max:  0.1, Diff:  0.0, Sum:  0.1, Workers: 1
[2025-06-17T22:38:11.353+0300][3224][19180][debug][gc,phases] GC(19)         Copied Bytes                   Min: 0, Avg: 60091.0, Max: 140224, Diff: 140224, Sum: 480728, Workers: 8
[2025-06-17T22:38:11.353+0300][3224][19180][debug][gc,phases] GC(19)         LAB Waste                      Min: 0, Avg: 118.0, Max: 328, Diff: 328, Sum: 944, Workers: 8
[2025-06-17T22:38:11.353+0300][3224][19180][debug][gc,phases] GC(19)         LAB Undo Waste                 Min: 0, Avg:  0.0, Max: 0, Diff: 0, Sum: 0, Workers: 8
[2025-06-17T22:38:11.353+0300][3224][19180][debug][gc,phases] GC(19)       Clear Logged Cards (ms):       Min:  0.0, Avg:  0.1, Max:  0.2, Diff:  0.2, Sum:  0.5, Workers: 5
[2025-06-17T22:38:11.353+0300][3224][19180][debug][gc,phases] GC(19)       Recalculate Used Memory (ms):  Min:  0.0, Avg:  0.0, Max:  0.0, Diff:  0.0, Sum:  0.0, Workers: 1
[2025-06-17T22:38:11.353+0300][3224][19180][debug][gc,phases] GC(19)     Post Evacuate Cleanup 2: 0.4ms
[2025-06-17T22:38:11.353+0300][3224][19180][debug][gc,phases] GC(19)       Update Derived Pointers (ms):  Min:  0.0, Avg:  0.0, Max:  0.0, Diff:  0.0, Sum:  0.0, Workers: 1
[2025-06-17T22:38:11.353+0300][3224][19180][debug][gc,phases] GC(19)       Eagerly Reclaim Humongous Objects (ms): Min:  0.0, Avg:  0.0, Max:  0.0, Diff:  0.0, Sum:  0.0, Workers: 1
[2025-06-17T22:38:11.353+0300][3224][19180][debug][gc,phases] GC(19)         Humongous Total                Min: 3, Avg:  3.0, Max: 3, Diff: 0, Sum: 3, Workers: 1
[2025-06-17T22:38:11.353+0300][3224][19180][debug][gc,phases] GC(19)         Humongous Candidates           Min: 3, Avg:  3.0, Max: 3, Diff: 0, Sum: 3, Workers: 1
[2025-06-17T22:38:11.353+0300][3224][19180][debug][gc,phases] GC(19)         Humongous Reclaimed            Min: 0, Avg:  0.0, Max: 0, Diff: 0, Sum: 0, Workers: 1
[2025-06-17T22:38:11.353+0300][3224][19180][debug][gc,phases] GC(19)       Redirty Logged Cards (ms):     Min:  0.0, Avg:  0.0, Max:  0.0, Diff:  0.0, Sum:  0.0, Workers: 8
[2025-06-17T22:38:11.353+0300][3224][19180][debug][gc,phases] GC(19)         Redirtied Cards:               Min: 0, Avg:  3.4, Max: 27, Diff: 27, Sum: 27, Workers: 8
[2025-06-17T22:38:11.353+0300][3224][19180][debug][gc,phases] GC(19)       Resize TLABs (ms):             Min:  0.0, Avg:  0.0, Max:  0.0, Diff:  0.0, Sum:  0.0, Workers: 8
[2025-06-17T22:38:11.353+0300][3224][19180][debug][gc,phases] GC(19)       Free Collection Set (ms):      Min:  0.0, Avg:  0.2, Max:  0.3, Diff:  0.3, Sum:  1.8, Workers: 8
[2025-06-17T22:38:11.353+0300][3224][19180][debug][gc,phases] GC(19)     Rebuild Free List: 0.1ms
[2025-06-17T22:38:11.353+0300][3224][19180][debug][gc,phases] GC(19)     Prepare For Mutator: 0.0ms
[2025-06-17T22:38:11.353+0300][3224][19180][debug][gc,phases] GC(19)     Expand Heap After Collection: 0.0ms
[2025-06-17T22:38:11.353+0300][3224][19180][info ][gc,phases] GC(19)   Other: 0.2ms
[2025-06-17T22:38:11.353+0300][3224][19180][info ][gc,heap  ] GC(19) Eden regions: 1227->0(1227)
[2025-06-17T22:38:11.353+0300][3224][19180][info ][gc,heap  ] GC(19) Survivor regions: 1->1(154)
[2025-06-17T22:38:11.353+0300][3224][19180][info ][gc,heap  ] GC(19) Old regions: 12->12
[2025-06-17T22:38:11.353+0300][3224][19180][info ][gc,heap  ] GC(19) Humongous regions: 9->9
[2025-06-17T22:38:11.353+0300][3224][19180][debug][gc,heap  ] GC(19) Heap after GC invocations=20 (full 1):
[2025-06-17T22:38:11.353+0300][3224][19180][debug][gc,heap  ] GC(19)  garbage-first heap   total 2097152K, used 13852K [0x0000000080000000, 0x0000000100000000)
[2025-06-17T22:38:11.353+0300][3224][19180][debug][gc,heap  ] GC(19)   region size 1024K, 1 young (1024K), 1 survivors (1024K)
[2025-06-17T22:38:11.353+0300][3224][19180][debug][gc,heap  ] GC(19)  Metaspace       used 8985K, committed 9536K, reserved 1114112K
[2025-06-17T22:38:11.353+0300][3224][19180][debug][gc,heap  ] GC(19)   class space    used 978K, committed 1216K, reserved 1048576K
[2025-06-17T22:38:11.353+0300][3224][19180][info ][gc       ] GC(19) Pause Young (Normal) (G1 Evacuation Pause) 1240M->13M(2048M) 5.555ms
[2025-06-17T22:38:11.353+0300][3224][19180][info ][safepoint] Safepoint "G1CollectForAllocation", Time since last: 452833600 ns, Reaching safepoint: 239400 ns, Cleanup: 18200 ns, At safepoint: 5633600 ns, Total: 5891200 ns
[2025-06-17T22:38:11.833+0300][3224][19180][debug][safepoint] Safepoint synchronization initiated using striped semaphore wait barrier. (19 threads)
[2025-06-17T22:38:11.833+0300][3224][20944][debug][safepoint] ... found polling page loop exception at pc = 0x00000275901bda60, stub =0x000002758fbb5d80
[2025-06-17T22:38:11.833+0300][3224][22456][debug][safepoint] ... found polling page loop exception at pc = 0x00000275901bda60, stub =0x000002758fbb5d80
[2025-06-17T22:38:11.833+0300][3224][19180][debug][gc,heap  ] GC(20) Heap before GC invocations=20 (full 1):
[2025-06-17T22:38:11.833+0300][3224][19180][debug][gc,heap  ] GC(20)  garbage-first heap   total 2097152K, used 1270300K [0x0000000080000000, 0x0000000100000000)
[2025-06-17T22:38:11.833+0300][3224][19180][debug][gc,heap  ] GC(20)   region size 1024K, 1228 young (1257472K), 1 survivors (1024K)
[2025-06-17T22:38:11.833+0300][3224][19180][debug][gc,heap  ] GC(20)  Metaspace       used 8985K, committed 9536K, reserved 1114112K
[2025-06-17T22:38:11.833+0300][3224][19180][debug][gc,heap  ] GC(20)   class space    used 978K, committed 1216K, reserved 1048576K
[2025-06-17T22:38:11.835+0300][3224][19180][info ][gc,phases] GC(20)   Pre Evacuate Collection Set: 0.4ms
[2025-06-17T22:38:11.835+0300][3224][19180][debug][gc,phases] GC(20)     Pre Evacuate Prepare: 0.1ms
[2025-06-17T22:38:11.835+0300][3224][19180][debug][gc,phases] GC(20)       JT Retire TLABs And Flush Logs (ms): Min:  0.0, Avg:  0.0, Max:  0.0, Diff:  0.0, Sum:  0.0, Workers: 2
[2025-06-17T22:38:11.835+0300][3224][19180][debug][gc,phases] GC(20)       Non-JT Flush Logs (ms):        Min:  0.0, Avg:  0.0, Max:  0.0, Diff:  0.0, Sum:  0.0, Workers: 1
[2025-06-17T22:38:11.835+0300][3224][19180][debug][gc,phases] GC(20)     Choose Collection Set: 0.0ms
[2025-06-17T22:38:11.835+0300][3224][19180][debug][gc,phases] GC(20)     Region Register: 0.3ms
[2025-06-17T22:38:11.835+0300][3224][19180][debug][gc,phases] GC(20)     Prepare Heap Roots: 0.0ms
[2025-06-17T22:38:11.835+0300][3224][19180][info ][gc,phases] GC(20)   Merge Heap Roots: 0.2ms
[2025-06-17T22:38:11.835+0300][3224][19180][debug][gc,phases] GC(20)     Prepare Merge Heap Roots: 0.0ms
[2025-06-17T22:38:11.835+0300][3224][19180][debug][gc,phases] GC(20)     Remembered Sets (ms):          Min:  0.0, Avg:  0.1, Max:  0.1, Diff:  0.1, Sum:  0.9, Workers: 8
[2025-06-17T22:38:11.835+0300][3224][19180][debug][gc,phases] GC(20)       Eager Reclaim (ms):            Min:  0.0, Avg:  0.0, Max:  0.0, Diff:  0.0, Sum:  0.0, Workers: 1
[2025-06-17T22:38:11.835+0300][3224][19180][debug][gc,phases] GC(20)       Merged Inline                  Min: 0, Avg:  0.0, Max: 0, Diff: 0, Sum: 0, Workers: 8
[2025-06-17T22:38:11.835+0300][3224][19180][debug][gc,phases] GC(20)       Merged ArrayOfCards            Min: 0, Avg:  0.0, Max: 0, Diff: 0, Sum: 0, Workers: 8
[2025-06-17T22:38:11.835+0300][3224][19180][debug][gc,phases] GC(20)       Merged Howl                    Min: 0, Avg:  0.0, Max: 0, Diff: 0, Sum: 0, Workers: 8
[2025-06-17T22:38:11.835+0300][3224][19180][debug][gc,phases] GC(20)       Merged Full                    Min: 0, Avg:  0.0, Max: 0, Diff: 0, Sum: 0, Workers: 8
[2025-06-17T22:38:11.835+0300][3224][19180][debug][gc,phases] GC(20)       Merged Howl Inline             Min: 0, Avg:  0.0, Max: 0, Diff: 0, Sum: 0, Workers: 8
[2025-06-17T22:38:11.835+0300][3224][19180][debug][gc,phases] GC(20)       Merged Howl ArrayOfCards       Min: 0, Avg:  0.0, Max: 0, Diff: 0, Sum: 0, Workers: 8
[2025-06-17T22:38:11.835+0300][3224][19180][debug][gc,phases] GC(20)       Merged Howl BitMap             Min: 0, Avg:  0.0, Max: 0, Diff: 0, Sum: 0, Workers: 8
[2025-06-17T22:38:11.835+0300][3224][19180][debug][gc,phases] GC(20)       Merged Howl Full               Min: 0, Avg:  0.0, Max: 0, Diff: 0, Sum: 0, Workers: 8
[2025-06-17T22:38:11.835+0300][3224][19180][debug][gc,phases] GC(20)       Merged Cards                   Min: 8, Avg:  9.0, Max: 16, Diff: 8, Sum: 72, Workers: 8
[2025-06-17T22:38:11.835+0300][3224][19180][debug][gc,phases] GC(20)     Log Buffers (ms):              Min:  0.0, Avg:  0.0, Max:  0.0, Diff:  0.0, Sum:  0.0, Workers: 8
[2025-06-17T22:38:11.835+0300][3224][19180][debug][gc,phases] GC(20)       Dirty Cards:                   Min: 0, Avg:  4.2, Max: 17, Diff: 17, Sum: 34, Workers: 8
[2025-06-17T22:38:11.835+0300][3224][19180][debug][gc,phases] GC(20)       Skipped Cards:                 Min: 0, Avg:  0.0, Max: 0, Diff: 0, Sum: 0, Workers: 8
[2025-06-17T22:38:11.835+0300][3224][19180][info ][gc,phases] GC(20)   Evacuate Collection Set: 0.8ms
[2025-06-17T22:38:11.835+0300][3224][19180][debug][gc,phases] GC(20)     Ext Root Scanning (ms):        Min:  0.0, Avg:  0.1, Max:  0.1, Diff:  0.1, Sum:  0.5, Workers: 8
[2025-06-17T22:38:11.835+0300][3224][19180][debug][gc,phases] GC(20)     Scan Heap Roots (ms):          Min:  0.0, Avg:  0.0, Max:  0.0, Diff:  0.0, Sum:  0.1, Workers: 8
[2025-06-17T22:38:11.835+0300][3224][19180][debug][gc,phases] GC(20)       Scanned Cards:                 Min: 0, Avg:  3.5, Max: 9, Diff: 9, Sum: 28, Workers: 8
[2025-06-17T22:38:11.835+0300][3224][19180][debug][gc,phases] GC(20)       Scanned Blocks:                Min: 0, Avg:  2.9, Max: 8, Diff: 8, Sum: 23, Workers: 8
[2025-06-17T22:38:11.835+0300][3224][19180][debug][gc,phases] GC(20)       Claimed Chunks:                Min: 0, Avg:  2.1, Max: 6, Diff: 6, Sum: 17, Workers: 8
[2025-06-17T22:38:11.835+0300][3224][19180][debug][gc,phases] GC(20)       Found Roots:                   Min: 0, Avg: 18.8, Max: 118, Diff: 118, Sum: 150, Workers: 8
[2025-06-17T22:38:11.835+0300][3224][19180][debug][gc,phases] GC(20)     Code Root Scan (ms):           Min:  0.1, Avg:  0.1, Max:  0.2, Diff:  0.1, Sum:  1.0, Workers: 8
[2025-06-17T22:38:11.835+0300][3224][19180][debug][gc,phases] GC(20)       Scanned Nmethods               Min: 0, Avg:  0.9, Max: 7, Diff: 7, Sum: 7, Workers: 8
[2025-06-17T22:38:11.835+0300][3224][19180][debug][gc,phases] GC(20)     Object Copy (ms):              Min:  0.0, Avg:  0.1, Max:  0.1, Diff:  0.1, Sum:  0.6, Workers: 8
[2025-06-17T22:38:11.835+0300][3224][19180][debug][gc,phases] GC(20)     Termination (ms):              Min:  0.0, Avg:  0.2, Max:  0.3, Diff:  0.3, Sum:  1.9, Workers: 8
[2025-06-17T22:38:11.835+0300][3224][19180][debug][gc,phases] GC(20)       Termination Attempts:          Min: 1, Avg:  1.0, Max: 1, Diff: 0, Sum: 8, Workers: 8
[2025-06-17T22:38:11.835+0300][3224][19180][debug][gc,phases] GC(20)     GC Worker Other (ms):          Min:  0.1, Avg:  0.1, Max:  0.1, Diff:  0.0, Sum:  0.9, Workers: 8
[2025-06-17T22:38:11.835+0300][3224][19180][debug][gc,phases] GC(20)     GC Worker Total (ms):          Min:  0.3, Avg:  0.6, Max:  0.8, Diff:  0.5, Sum:  5.0, Workers: 8
[2025-06-17T22:38:11.835+0300][3224][19180][info ][gc,phases] GC(20)   Post Evacuate Collection Set: 0.9ms
[2025-06-17T22:38:11.835+0300][3224][19180][debug][gc,phases] GC(20)     NMethod List Cleanup: 0.0ms
[2025-06-17T22:38:11.835+0300][3224][19180][debug][gc,phases] GC(20)     Reference Processing: 0.1ms
[2025-06-17T22:38:11.835+0300][3224][19180][debug][gc,phases] GC(20)     Weak Processing: 0.1ms
[2025-06-17T22:38:11.838+0300][3224][19180][debug][gc,phases] GC(20)       VM Weak                        Min:  0.0, Avg:  0.0, Max:  0.0, Diff:  0.0, Sum:  0.0, Workers: 8
[2025-06-17T22:38:11.838+0300][3224][19180][debug][gc,phases] GC(20)         Dead                           Min: 0, Avg:  0.0, Max: 0, Diff: 0, Sum: 0, Workers: 8
[2025-06-17T22:38:11.838+0300][3224][19180][debug][gc,phases] GC(20)         Total                          Min: 0, Avg: 46.2, Max: 128, Diff: 128, Sum: 370, Workers: 8
[2025-06-17T22:38:11.838+0300][3224][19180][debug][gc,phases] GC(20)       ObjectSynchronizer Weak        Min:  0.0, Avg:  0.0, Max:  0.0, Diff:  0.0, Sum:  0.0, Workers: 8
[2025-06-17T22:38:11.838+0300][3224][19180][debug][gc,phases] GC(20)         Dead                           Min: 0, Avg:  0.0, Max: 0, Diff: 0, Sum: 0, Workers: 8
[2025-06-17T22:38:11.838+0300][3224][19180][debug][gc,phases] GC(20)         Total                          Min: 0, Avg: 18.6, Max: 64, Diff: 64, Sum: 149, Workers: 8
[2025-06-17T22:38:11.838+0300][3224][19180][debug][gc,phases] GC(20)       JVMTI Tag Weak OopStorage      Min:  0.0, Avg:  0.0, Max:  0.0, Diff:  0.0, Sum:  0.0, Workers: 8
[2025-06-17T22:38:11.838+0300][3224][19180][debug][gc,phases] GC(20)         Dead                           Min: 0, Avg:  0.0, Max: 0, Diff: 0, Sum: 0, Workers: 8
[2025-06-17T22:38:11.838+0300][3224][19180][debug][gc,phases] GC(20)         Total                          Min: 0, Avg:  0.0, Max: 0, Diff: 0, Sum: 0, Workers: 8
[2025-06-17T22:38:11.838+0300][3224][19180][debug][gc,phases] GC(20)       StringTable Weak               Min:  0.0, Avg:  0.0, Max:  0.0, Diff:  0.0, Sum:  0.1, Workers: 8
[2025-06-17T22:38:11.838+0300][3224][19180][debug][gc,phases] GC(20)         Dead                           Min: 0, Avg:  0.0, Max: 0, Diff: 0, Sum: 0, Workers: 8
[2025-06-17T22:38:11.838+0300][3224][19180][debug][gc,phases] GC(20)         Total                          Min: 0, Avg: 772.0, Max: 1024, Diff: 1024, Sum: 6176, Workers: 8
[2025-06-17T22:38:11.838+0300][3224][19180][debug][gc,phases] GC(20)       ResolvedMethodTable Weak       Min:  0.0, Avg:  0.0, Max:  0.0, Diff:  0.0, Sum:  0.0, Workers: 8
[2025-06-17T22:38:11.838+0300][3224][19180][debug][gc,phases] GC(20)         Dead                           Min: 0, Avg:  0.0, Max: 0, Diff: 0, Sum: 0, Workers: 8
[2025-06-17T22:38:11.838+0300][3224][19180][debug][gc,phases] GC(20)         Total                          Min: 0, Avg: 108.8, Max: 166, Diff: 166, Sum: 870, Workers: 8
[2025-06-17T22:38:11.838+0300][3224][19180][debug][gc,phases] GC(20)       JNI Weak                       Min:  0.0, Avg:  0.0, Max:  0.0, Diff:  0.0, Sum:  0.0, Workers: 8
[2025-06-17T22:38:11.838+0300][3224][19180][debug][gc,phases] GC(20)         Dead                           Min: 0, Avg:  0.0, Max: 0, Diff: 0, Sum: 0, Workers: 8
[2025-06-17T22:38:11.838+0300][3224][19180][debug][gc,phases] GC(20)         Total                          Min: 0, Avg:  0.0, Max: 0, Diff: 0, Sum: 0, Workers: 8
[2025-06-17T22:38:11.838+0300][3224][19180][debug][gc,phases] GC(20)       StringDedup Table Weak         Min:  0.0, Avg:  0.0, Max:  0.0, Diff:  0.0, Sum:  0.0, Workers: 8
[2025-06-17T22:38:11.838+0300][3224][19180][debug][gc,phases] GC(20)         Dead                           Min: 0, Avg:  0.0, Max: 0, Diff: 0, Sum: 0, Workers: 8
[2025-06-17T22:38:11.838+0300][3224][19180][debug][gc,phases] GC(20)         Total                          Min: 0, Avg:  0.0, Max: 0, Diff: 0, Sum: 0, Workers: 8
[2025-06-17T22:38:11.838+0300][3224][19180][debug][gc,phases] GC(20)       StringDedup Requests0 Weak     Min:  0.0, Avg:  0.0, Max:  0.0, Diff:  0.0, Sum:  0.0, Workers: 8
[2025-06-17T22:38:11.838+0300][3224][19180][debug][gc,phases] GC(20)         Dead                           Min: 0, Avg:  0.0, Max: 0, Diff: 0, Sum: 0, Workers: 8
[2025-06-17T22:38:11.838+0300][3224][19180][debug][gc,phases] GC(20)         Total                          Min: 0, Avg:  0.0, Max: 0, Diff: 0, Sum: 0, Workers: 8
[2025-06-17T22:38:11.838+0300][3224][19180][debug][gc,phases] GC(20)       StringDedup Requests1 Weak     Min:  0.0, Avg:  0.0, Max:  0.0, Diff:  0.0, Sum:  0.0, Workers: 8
[2025-06-17T22:38:11.839+0300][3224][19180][debug][gc,phases] GC(20)         Dead                           Min: 0, Avg:  0.0, Max: 0, Diff: 0, Sum: 0, Workers: 8
[2025-06-17T22:38:11.839+0300][3224][19180][debug][gc,phases] GC(20)         Total                          Min: 0, Avg:  0.0, Max: 0, Diff: 0, Sum: 0, Workers: 8
[2025-06-17T22:38:11.839+0300][3224][19180][debug][gc,phases] GC(20)       Weak JFR Old Object Samples    Min:  0.0, Avg:  0.0, Max:  0.0, Diff:  0.0, Sum:  0.0, Workers: 8
[2025-06-17T22:38:11.839+0300][3224][19180][debug][gc,phases] GC(20)         Dead                           Min: 0, Avg:  0.0, Max: 0, Diff: 0, Sum: 0, Workers: 8
[2025-06-17T22:38:11.839+0300][3224][19180][debug][gc,phases] GC(20)         Total                          Min: 0, Avg:  0.0, Max: 0, Diff: 0, Sum: 0, Workers: 8
[2025-06-17T22:38:11.839+0300][3224][19180][debug][gc,phases] GC(20)     Post Evacuate Cleanup 1: 0.3ms
[2025-06-17T22:38:11.839+0300][3224][19180][debug][gc,phases] GC(20)       Merge Per-Thread State (ms):   Min:  0.1, Avg:  0.1, Max:  0.1, Diff:  0.0, Sum:  0.1, Workers: 1
[2025-06-17T22:38:11.839+0300][3224][19180][debug][gc,phases] GC(20)         Copied Bytes                   Min: 0, Avg: 61196.0, Max: 134728, Diff: 134728, Sum: 489568, Workers: 8
[2025-06-17T22:38:11.839+0300][3224][19180][debug][gc,phases] GC(20)         LAB Waste                      Min: 0, Avg: 107.0, Max: 264, Diff: 264, Sum: 856, Workers: 8
[2025-06-17T22:38:11.839+0300][3224][19180][debug][gc,phases] GC(20)         LAB Undo Waste                 Min: 0, Avg:  0.0, Max: 0, Diff: 0, Sum: 0, Workers: 8
[2025-06-17T22:38:11.839+0300][3224][19180][debug][gc,phases] GC(20)       Clear Logged Cards (ms):       Min:  0.0, Avg:  0.1, Max:  0.2, Diff:  0.2, Sum:  0.4, Workers: 5
[2025-06-17T22:38:11.839+0300][3224][19180][debug][gc,phases] GC(20)       Recalculate Used Memory (ms):  Min:  0.0, Avg:  0.0, Max:  0.0, Diff:  0.0, Sum:  0.0, Workers: 1
[2025-06-17T22:38:11.839+0300][3224][19180][debug][gc,phases] GC(20)     Post Evacuate Cleanup 2: 0.4ms
[2025-06-17T22:38:11.839+0300][3224][19180][debug][gc,phases] GC(20)       Update Derived Pointers (ms):  Min:  0.0, Avg:  0.0, Max:  0.0, Diff:  0.0, Sum:  0.0, Workers: 1
[2025-06-17T22:38:11.839+0300][3224][19180][debug][gc,phases] GC(20)       Eagerly Reclaim Humongous Objects (ms): Min:  0.0, Avg:  0.0, Max:  0.0, Diff:  0.0, Sum:  0.0, Workers: 1
[2025-06-17T22:38:11.839+0300][3224][19180][debug][gc,phases] GC(20)         Humongous Total                Min: 3, Avg:  3.0, Max: 3, Diff: 0, Sum: 3, Workers: 1
[2025-06-17T22:38:11.839+0300][3224][19180][debug][gc,phases] GC(20)         Humongous Candidates           Min: 3, Avg:  3.0, Max: 3, Diff: 0, Sum: 3, Workers: 1
[2025-06-17T22:38:11.839+0300][3224][19180][debug][gc,phases] GC(20)         Humongous Reclaimed            Min: 0, Avg:  0.0, Max: 0, Diff: 0, Sum: 0, Workers: 1
[2025-06-17T22:38:11.839+0300][3224][19180][debug][gc,phases] GC(20)       Redirty Logged Cards (ms):     Min:  0.0, Avg:  0.0, Max:  0.0, Diff:  0.0, Sum:  0.0, Workers: 8
[2025-06-17T22:38:11.839+0300][3224][19180][debug][gc,phases] GC(20)         Redirtied Cards:               Min: 0, Avg:  2.8, Max: 22, Diff: 22, Sum: 22, Workers: 8
[2025-06-17T22:38:11.839+0300][3224][19180][debug][gc,phases] GC(20)       Resize TLABs (ms):             Min:  0.0, Avg:  0.0, Max:  0.0, Diff:  0.0, Sum:  0.0, Workers: 8
[2025-06-17T22:38:11.839+0300][3224][19180][debug][gc,phases] GC(20)       Free Collection Set (ms):      Min:  0.0, Avg:  0.2, Max:  0.3, Diff:  0.3, Sum:  1.9, Workers: 8
[2025-06-17T22:38:11.839+0300][3224][19180][debug][gc,phases] GC(20)     Rebuild Free List: 0.1ms
[2025-06-17T22:38:11.839+0300][3224][19180][debug][gc,phases] GC(20)     Prepare For Mutator: 0.0ms
[2025-06-17T22:38:11.839+0300][3224][19180][debug][gc,phases] GC(20)     Expand Heap After Collection: 0.0ms
[2025-06-17T22:38:11.839+0300][3224][19180][info ][gc,phases] GC(20)   Other: 0.2ms
[2025-06-17T22:38:11.839+0300][3224][19180][info ][gc,heap  ] GC(20) Eden regions: 1227->0(1227)
[2025-06-17T22:38:11.839+0300][3224][19180][info ][gc,heap  ] GC(20) Survivor regions: 1->1(154)
[2025-06-17T22:38:11.839+0300][3224][19180][info ][gc,heap  ] GC(20) Old regions: 12->12
[2025-06-17T22:38:11.839+0300][3224][19180][info ][gc,heap  ] GC(20) Humongous regions: 9->9
[2025-06-17T22:38:11.839+0300][3224][19180][debug][gc,heap  ] GC(20) Heap after GC invocations=21 (full 1):
[2025-06-17T22:38:11.839+0300][3224][19180][debug][gc,heap  ] GC(20)  garbage-first heap   total 2097152K, used 13865K [0x0000000080000000, 0x0000000100000000)
[2025-06-17T22:38:11.839+0300][3224][19180][debug][gc,heap  ] GC(20)   region size 1024K, 1 young (1024K), 1 survivors (1024K)
[2025-06-17T22:38:11.839+0300][3224][19180][debug][gc,heap  ] GC(20)  Metaspace       used 8985K, committed 9536K, reserved 1114112K
[2025-06-17T22:38:11.839+0300][3224][19180][debug][gc,heap  ] GC(20)   class space    used 978K, committed 1216K, reserved 1048576K
[2025-06-17T22:38:11.839+0300][3224][19180][info ][gc       ] GC(20) Pause Young (Normal) (G1 Evacuation Pause) 1240M->13M(2048M) 6.108ms
[2025-06-17T22:38:11.839+0300][3224][19180][info ][safepoint] Safepoint "G1CollectForAllocation", Time since last: 479536100 ns, Reaching safepoint: 291600 ns, Cleanup: 32100 ns, At safepoint: 6209300 ns, Total: 6533000 ns
[2025-06-17T22:38:12.461+0300][3224][19180][debug][safepoint] Safepoint synchronization initiated using striped semaphore wait barrier. (15 threads)
[2025-06-17T22:38:12.461+0300][3224][11072][debug][safepoint] ... found polling page loop exception at pc = 0x00000275901bda60, stub =0x000002758fbb5d80
[2025-06-17T22:38:12.461+0300][3224][20944][debug][safepoint] ... found polling page loop exception at pc = 0x000002759025ac2b, stub =0x000002758fbb5d80
[2025-06-17T22:38:12.461+0300][3224][19180][debug][gc,heap  ] GC(21) Heap before GC invocations=21 (full 1):
[2025-06-17T22:38:12.461+0300][3224][19180][debug][gc,heap  ] GC(21)  garbage-first heap   total 2097152K, used 1270313K [0x0000000080000000, 0x0000000100000000)
[2025-06-17T22:38:12.461+0300][3224][19180][debug][gc,heap  ] GC(21)   region size 1024K, 1228 young (1257472K), 1 survivors (1024K)
[2025-06-17T22:38:12.461+0300][3224][19180][debug][gc,heap  ] GC(21)  Metaspace       used 8985K, committed 9536K, reserved 1114112K
[2025-06-17T22:38:12.461+0300][3224][19180][debug][gc,heap  ] GC(21)   class space    used 978K, committed 1216K, reserved 1048576K
[2025-06-17T22:38:12.461+0300][3224][19180][info ][gc,phases] GC(21)   Pre Evacuate Collection Set: 0.4ms
[2025-06-17T22:38:12.461+0300][3224][19180][debug][gc,phases] GC(21)     Pre Evacuate Prepare: 0.1ms
[2025-06-17T22:38:12.461+0300][3224][19180][debug][gc,phases] GC(21)       JT Retire TLABs And Flush Logs (ms): Min:  0.0, Avg:  0.0, Max:  0.0, Diff:  0.0, Sum:  0.0, Workers: 2
[2025-06-17T22:38:12.461+0300][3224][19180][debug][gc,phases] GC(21)       Non-JT Flush Logs (ms):        Min:  0.0, Avg:  0.0, Max:  0.0, Diff:  0.0, Sum:  0.0, Workers: 1
[2025-06-17T22:38:12.461+0300][3224][19180][debug][gc,phases] GC(21)     Choose Collection Set: 0.0ms
[2025-06-17T22:38:12.461+0300][3224][19180][debug][gc,phases] GC(21)     Region Register: 0.3ms
[2025-06-17T22:38:12.461+0300][3224][19180][debug][gc,phases] GC(21)     Prepare Heap Roots: 0.0ms
[2025-06-17T22:38:12.461+0300][3224][19180][info ][gc,phases] GC(21)   Merge Heap Roots: 0.2ms
[2025-06-17T22:38:12.461+0300][3224][19180][debug][gc,phases] GC(21)     Prepare Merge Heap Roots: 0.0ms
[2025-06-17T22:38:12.461+0300][3224][19180][debug][gc,phases] GC(21)     Remembered Sets (ms):          Min:  0.1, Avg:  0.1, Max:  0.1, Diff:  0.0, Sum:  1.0, Workers: 8
[2025-06-17T22:38:12.461+0300][3224][19180][debug][gc,phases] GC(21)       Eager Reclaim (ms):            Min:  0.0, Avg:  0.0, Max:  0.0, Diff:  0.0, Sum:  0.0, Workers: 1
[2025-06-17T22:38:12.461+0300][3224][19180][debug][gc,phases] GC(21)       Merged Inline                  Min: 0, Avg:  0.0, Max: 0, Diff: 0, Sum: 0, Workers: 8
[2025-06-17T22:38:12.461+0300][3224][19180][debug][gc,phases] GC(21)       Merged ArrayOfCards            Min: 0, Avg:  0.0, Max: 0, Diff: 0, Sum: 0, Workers: 8
[2025-06-17T22:38:12.461+0300][3224][19180][debug][gc,phases] GC(21)       Merged Howl                    Min: 0, Avg:  0.0, Max: 0, Diff: 0, Sum: 0, Workers: 8
[2025-06-17T22:38:12.461+0300][3224][19180][debug][gc,phases] GC(21)       Merged Full                    Min: 0, Avg:  0.0, Max: 0, Diff: 0, Sum: 0, Workers: 8
[2025-06-17T22:38:12.461+0300][3224][19180][debug][gc,phases] GC(21)       Merged Howl Inline             Min: 0, Avg:  0.0, Max: 0, Diff: 0, Sum: 0, Workers: 8
[2025-06-17T22:38:12.461+0300][3224][19180][debug][gc,phases] GC(21)       Merged Howl ArrayOfCards       Min: 0, Avg:  0.0, Max: 0, Diff: 0, Sum: 0, Workers: 8
[2025-06-17T22:38:12.461+0300][3224][19180][debug][gc,phases] GC(21)       Merged Howl BitMap             Min: 0, Avg:  0.0, Max: 0, Diff: 0, Sum: 0, Workers: 8
[2025-06-17T22:38:12.461+0300][3224][19180][debug][gc,phases] GC(21)       Merged Howl Full               Min: 0, Avg:  0.0, Max: 0, Diff: 0, Sum: 0, Workers: 8
[2025-06-17T22:38:12.461+0300][3224][19180][debug][gc,phases] GC(21)       Merged Cards                   Min: 8, Avg:  9.0, Max: 16, Diff: 8, Sum: 72, Workers: 8
[2025-06-17T22:38:12.461+0300][3224][19180][debug][gc,phases] GC(21)     Log Buffers (ms):              Min:  0.0, Avg:  0.0, Max:  0.0, Diff:  0.0, Sum:  0.0, Workers: 8
[2025-06-17T22:38:12.461+0300][3224][19180][debug][gc,phases] GC(21)       Dirty Cards:                   Min: 0, Avg:  4.1, Max: 22, Diff: 22, Sum: 33, Workers: 8
[2025-06-17T22:38:12.461+0300][3224][19180][debug][gc,phases] GC(21)       Skipped Cards:                 Min: 0, Avg:  0.0, Max: 0, Diff: 0, Sum: 0, Workers: 8
[2025-06-17T22:38:12.461+0300][3224][19180][info ][gc,phases] GC(21)   Evacuate Collection Set: 0.4ms
[2025-06-17T22:38:12.461+0300][3224][19180][debug][gc,phases] GC(21)     Ext Root Scanning (ms):        Min:  0.0, Avg:  0.1, Max:  0.1, Diff:  0.1, Sum:  0.4, Workers: 8
[2025-06-17T22:38:12.461+0300][3224][19180][debug][gc,phases] GC(21)     Scan Heap Roots (ms):          Min:  0.0, Avg:  0.0, Max:  0.0, Diff:  0.0, Sum:  0.1, Workers: 8
[2025-06-17T22:38:12.461+0300][3224][19180][debug][gc,phases] GC(21)       Scanned Cards:                 Min: 0, Avg:  3.1, Max: 13, Diff: 13, Sum: 25, Workers: 8
[2025-06-17T22:38:12.461+0300][3224][19180][debug][gc,phases] GC(21)       Scanned Blocks:                Min: 0, Avg:  2.5, Max: 10, Diff: 10, Sum: 20, Workers: 8
[2025-06-17T22:38:12.461+0300][3224][19180][debug][gc,phases] GC(21)       Claimed Chunks:                Min: 0, Avg:  1.8, Max: 6, Diff: 6, Sum: 14, Workers: 8
[2025-06-17T22:38:12.461+0300][3224][19180][debug][gc,phases] GC(21)       Found Roots:                   Min: 0, Avg: 17.0, Max: 127, Diff: 127, Sum: 136, Workers: 8
[2025-06-17T22:38:12.461+0300][3224][19180][debug][gc,phases] GC(21)     Code Root Scan (ms):           Min:  0.1, Avg:  0.1, Max:  0.1, Diff:  0.0, Sum:  1.0, Workers: 8
[2025-06-17T22:38:12.461+0300][3224][19180][debug][gc,phases] GC(21)       Scanned Nmethods               Min: 0, Avg:  0.4, Max: 2, Diff: 2, Sum: 3, Workers: 8
[2025-06-17T22:38:12.461+0300][3224][19180][debug][gc,phases] GC(21)     Object Copy (ms):              Min:  0.0, Avg:  0.0, Max:  0.1, Diff:  0.1, Sum:  0.4, Workers: 8
[2025-06-17T22:38:12.461+0300][3224][19180][debug][gc,phases] GC(21)     Termination (ms):              Min:  0.0, Avg:  0.0, Max:  0.0, Diff:  0.0, Sum:  0.1, Workers: 8
[2025-06-17T22:38:12.461+0300][3224][19180][debug][gc,phases] GC(21)       Termination Attempts:          Min: 1, Avg:  1.0, Max: 1, Diff: 0, Sum: 8, Workers: 8
[2025-06-17T22:38:12.461+0300][3224][19180][debug][gc,phases] GC(21)     GC Worker Other (ms):          Min:  0.1, Avg:  0.1, Max:  0.1, Diff:  0.0, Sum:  1.0, Workers: 8
[2025-06-17T22:38:12.461+0300][3224][19180][debug][gc,phases] GC(21)     GC Worker Total (ms):          Min:  0.3, Avg:  0.4, Max:  0.4, Diff:  0.1, Sum:  2.9, Workers: 8
[2025-06-17T22:38:12.461+0300][3224][19180][info ][gc,phases] GC(21)   Post Evacuate Collection Set: 0.8ms
[2025-06-17T22:38:12.461+0300][3224][19180][debug][gc,phases] GC(21)     NMethod List Cleanup: 0.0ms
[2025-06-17T22:38:12.461+0300][3224][19180][debug][gc,phases] GC(21)     Reference Processing: 0.1ms
[2025-06-17T22:38:12.461+0300][3224][19180][debug][gc,phases] GC(21)     Weak Processing: 0.1ms
[2025-06-17T22:38:12.461+0300][3224][19180][debug][gc,phases] GC(21)       VM Weak                        Min:  0.0, Avg:  0.0, Max:  0.0, Diff:  0.0, Sum:  0.0, Workers: 8
[2025-06-17T22:38:12.461+0300][3224][19180][debug][gc,phases] GC(21)         Dead                           Min: 0, Avg:  0.0, Max: 0, Diff: 0, Sum: 0, Workers: 8
[2025-06-17T22:38:12.461+0300][3224][19180][debug][gc,phases] GC(21)         Total                          Min: 0, Avg: 46.2, Max: 370, Diff: 370, Sum: 370, Workers: 8
[2025-06-17T22:38:12.461+0300][3224][19180][debug][gc,phases] GC(21)       ObjectSynchronizer Weak        Min:  0.0, Avg:  0.0, Max:  0.0, Diff:  0.0, Sum:  0.0, Workers: 8
[2025-06-17T22:38:12.461+0300][3224][19180][debug][gc,phases] GC(21)         Dead                           Min: 0, Avg:  0.0, Max: 0, Diff: 0, Sum: 0, Workers: 8
[2025-06-17T22:38:12.461+0300][3224][19180][debug][gc,phases] GC(21)         Total                          Min: 0, Avg: 18.6, Max: 85, Diff: 85, Sum: 149, Workers: 8
[2025-06-17T22:38:12.461+0300][3224][19180][debug][gc,phases] GC(21)       JVMTI Tag Weak OopStorage      Min:  0.0, Avg:  0.0, Max:  0.0, Diff:  0.0, Sum:  0.0, Workers: 8
[2025-06-17T22:38:12.461+0300][3224][19180][debug][gc,phases] GC(21)         Dead                           Min: 0, Avg:  0.0, Max: 0, Diff: 0, Sum: 0, Workers: 8
[2025-06-17T22:38:12.461+0300][3224][19180][debug][gc,phases] GC(21)         Total                          Min: 0, Avg:  0.0, Max: 0, Diff: 0, Sum: 0, Workers: 8
[2025-06-17T22:38:12.461+0300][3224][19180][debug][gc,phases] GC(21)       StringTable Weak               Min:  0.0, Avg:  0.0, Max:  0.0, Diff:  0.0, Sum:  0.1, Workers: 8
[2025-06-17T22:38:12.461+0300][3224][19180][debug][gc,phases] GC(21)         Dead                           Min: 0, Avg:  0.0, Max: 0, Diff: 0, Sum: 0, Workers: 8
[2025-06-17T22:38:12.461+0300][3224][19180][debug][gc,phases] GC(21)         Total                          Min: 0, Avg: 772.0, Max: 1088, Diff: 1088, Sum: 6176, Workers: 8
[2025-06-17T22:38:12.461+0300][3224][19180][debug][gc,phases] GC(21)       ResolvedMethodTable Weak       Min:  0.0, Avg:  0.0, Max:  0.0, Diff:  0.0, Sum:  0.0, Workers: 8
[2025-06-17T22:38:12.461+0300][3224][19180][debug][gc,phases] GC(21)         Dead                           Min: 0, Avg:  0.0, Max: 0, Diff: 0, Sum: 0, Workers: 8
[2025-06-17T22:38:12.461+0300][3224][19180][debug][gc,phases] GC(21)         Total                          Min: 0, Avg: 108.8, Max: 192, Diff: 192, Sum: 870, Workers: 8
[2025-06-17T22:38:12.461+0300][3224][19180][debug][gc,phases] GC(21)       JNI Weak                       Min:  0.0, Avg:  0.0, Max:  0.0, Diff:  0.0, Sum:  0.0, Workers: 8
[2025-06-17T22:38:12.461+0300][3224][19180][debug][gc,phases] GC(21)         Dead                           Min: 0, Avg:  0.0, Max: 0, Diff: 0, Sum: 0, Workers: 8
[2025-06-17T22:38:12.461+0300][3224][19180][debug][gc,phases] GC(21)         Total                          Min: 0, Avg:  0.0, Max: 0, Diff: 0, Sum: 0, Workers: 8
[2025-06-17T22:38:12.461+0300][3224][19180][debug][gc,phases] GC(21)       StringDedup Table Weak         Min:  0.0, Avg:  0.0, Max:  0.0, Diff:  0.0, Sum:  0.0, Workers: 8
[2025-06-17T22:38:12.461+0300][3224][19180][debug][gc,phases] GC(21)         Dead                           Min: 0, Avg:  0.0, Max: 0, Diff: 0, Sum: 0, Workers: 8
[2025-06-17T22:38:12.461+0300][3224][19180][debug][gc,phases] GC(21)         Total                          Min: 0, Avg:  0.0, Max: 0, Diff: 0, Sum: 0, Workers: 8
[2025-06-17T22:38:12.461+0300][3224][19180][debug][gc,phases] GC(21)       StringDedup Requests0 Weak     Min:  0.0, Avg:  0.0, Max:  0.0, Diff:  0.0, Sum:  0.0, Workers: 8
[2025-06-17T22:38:12.461+0300][3224][19180][debug][gc,phases] GC(21)         Dead                           Min: 0, Avg:  0.0, Max: 0, Diff: 0, Sum: 0, Workers: 8
[2025-06-17T22:38:12.461+0300][3224][19180][debug][gc,phases] GC(21)         Total                          Min: 0, Avg:  0.0, Max: 0, Diff: 0, Sum: 0, Workers: 8
[2025-06-17T22:38:12.461+0300][3224][19180][debug][gc,phases] GC(21)       StringDedup Requests1 Weak     Min:  0.0, Avg:  0.0, Max:  0.0, Diff:  0.0, Sum:  0.0, Workers: 8
[2025-06-17T22:38:12.461+0300][3224][19180][debug][gc,phases] GC(21)         Dead                           Min: 0, Avg:  0.0, Max: 0, Diff: 0, Sum: 0, Workers: 8
[2025-06-17T22:38:12.461+0300][3224][19180][debug][gc,phases] GC(21)         Total                          Min: 0, Avg:  0.0, Max: 0, Diff: 0, Sum: 0, Workers: 8
[2025-06-17T22:38:12.461+0300][3224][19180][debug][gc,phases] GC(21)       Weak JFR Old Object Samples    Min:  0.0, Avg:  0.0, Max:  0.0, Diff:  0.0, Sum:  0.0, Workers: 8
[2025-06-17T22:38:12.461+0300][3224][19180][debug][gc,phases] GC(21)         Dead                           Min: 0, Avg:  0.0, Max: 0, Diff: 0, Sum: 0, Workers: 8
[2025-06-17T22:38:12.461+0300][3224][19180][debug][gc,phases] GC(21)         Total                          Min: 0, Avg:  0.0, Max: 0, Diff: 0, Sum: 0, Workers: 8
[2025-06-17T22:38:12.461+0300][3224][19180][debug][gc,phases] GC(21)     Post Evacuate Cleanup 1: 0.3ms
[2025-06-17T22:38:12.461+0300][3224][19180][debug][gc,phases] GC(21)       Merge Per-Thread State (ms):   Min:  0.0, Avg:  0.0, Max:  0.0, Diff:  0.0, Sum:  0.0, Workers: 1
[2025-06-17T22:38:12.461+0300][3224][19180][debug][gc,phases] GC(21)         Copied Bytes                   Min: 24, Avg: 28346.0, Max: 78432, Diff: 78408, Sum: 226768, Workers: 8
[2025-06-17T22:38:12.461+0300][3224][19180][debug][gc,phases] GC(21)         LAB Waste                      Min: 0, Avg: 60.0, Max: 112, Diff: 112, Sum: 480, Workers: 8
[2025-06-17T22:38:12.461+0300][3224][19180][debug][gc,phases] GC(21)         LAB Undo Waste                 Min: 0, Avg:  0.0, Max: 0, Diff: 0, Sum: 0, Workers: 8
[2025-06-17T22:38:12.461+0300][3224][19180][debug][gc,phases] GC(21)       Clear Logged Cards (ms):       Min:  0.0, Avg:  0.1, Max:  0.2, Diff:  0.2, Sum:  0.4, Workers: 5
[2025-06-17T22:38:12.461+0300][3224][19180][debug][gc,phases] GC(21)       Recalculate Used Memory (ms):  Min:  0.0, Avg:  0.0, Max:  0.0, Diff:  0.0, Sum:  0.0, Workers: 1
[2025-06-17T22:38:12.461+0300][3224][19180][debug][gc,phases] GC(21)     Post Evacuate Cleanup 2: 0.3ms
[2025-06-17T22:38:12.461+0300][3224][19180][debug][gc,phases] GC(21)       Update Derived Pointers (ms):  Min:  0.0, Avg:  0.0, Max:  0.0, Diff:  0.0, Sum:  0.0, Workers: 1
[2025-06-17T22:38:12.461+0300][3224][19180][debug][gc,phases] GC(21)       Eagerly Reclaim Humongous Objects (ms): Min:  0.0, Avg:  0.0, Max:  0.0, Diff:  0.0, Sum:  0.0, Workers: 1
[2025-06-17T22:38:12.461+0300][3224][19180][debug][gc,phases] GC(21)         Humongous Total                Min: 3, Avg:  3.0, Max: 3, Diff: 0, Sum: 3, Workers: 1
[2025-06-17T22:38:12.461+0300][3224][19180][debug][gc,phases] GC(21)         Humongous Candidates           Min: 3, Avg:  3.0, Max: 3, Diff: 0, Sum: 3, Workers: 1
[2025-06-17T22:38:12.461+0300][3224][19180][debug][gc,phases] GC(21)         Humongous Reclaimed            Min: 0, Avg:  0.0, Max: 0, Diff: 0, Sum: 0, Workers: 1
[2025-06-17T22:38:12.461+0300][3224][19180][debug][gc,phases] GC(21)       Redirty Logged Cards (ms):     Min:  0.0, Avg:  0.0, Max:  0.0, Diff:  0.0, Sum:  0.0, Workers: 8
[2025-06-17T22:38:12.461+0300][3224][19180][debug][gc,phases] GC(21)         Redirtied Cards:               Min: 0, Avg:  2.8, Max: 11, Diff: 11, Sum: 22, Workers: 8
[2025-06-17T22:38:12.461+0300][3224][19180][debug][gc,phases] GC(21)       Resize TLABs (ms):             Min:  0.0, Avg:  0.0, Max:  0.0, Diff:  0.0, Sum:  0.0, Workers: 8
[2025-06-17T22:38:12.461+0300][3224][19180][debug][gc,phases] GC(21)       Free Collection Set (ms):      Min:  0.2, Avg:  0.2, Max:  0.2, Diff:  0.0, Sum:  1.8, Workers: 8
[2025-06-17T22:38:12.461+0300][3224][19180][debug][gc,phases] GC(21)     Rebuild Free List: 0.1ms
[2025-06-17T22:38:12.461+0300][3224][19180][debug][gc,phases] GC(21)     Prepare For Mutator: 0.0ms
[2025-06-17T22:38:12.461+0300][3224][19180][debug][gc,phases] GC(21)     Expand Heap After Collection: 0.0ms
[2025-06-17T22:38:12.461+0300][3224][19180][info ][gc,phases] GC(21)   Other: 0.1ms
[2025-06-17T22:38:12.461+0300][3224][19180][info ][gc,heap  ] GC(21) Eden regions: 1227->0(1227)
[2025-06-17T22:38:12.461+0300][3224][19180][info ][gc,heap  ] GC(21) Survivor regions: 1->1(154)
[2025-06-17T22:38:12.461+0300][3224][19180][info ][gc,heap  ] GC(21) Old regions: 12->12
[2025-06-17T22:38:12.461+0300][3224][19180][info ][gc,heap  ] GC(21) Humongous regions: 9->9
[2025-06-17T22:38:12.461+0300][3224][19180][debug][gc,heap  ] GC(21) Heap after GC invocations=22 (full 1):
[2025-06-17T22:38:12.461+0300][3224][19180][debug][gc,heap  ] GC(21)  garbage-first heap   total 2097152K, used 13618K [0x0000000080000000, 0x0000000100000000)
[2025-06-17T22:38:12.461+0300][3224][19180][debug][gc,heap  ] GC(21)   region size 1024K, 1 young (1024K), 1 survivors (1024K)
[2025-06-17T22:38:12.461+0300][3224][19180][debug][gc,heap  ] GC(21)  Metaspace       used 8985K, committed 9536K, reserved 1114112K
[2025-06-17T22:38:12.461+0300][3224][19180][debug][gc,heap  ] GC(21)   class space    used 978K, committed 1216K, reserved 1048576K
[2025-06-17T22:38:12.461+0300][3224][19180][info ][gc       ] GC(21) Pause Young (Normal) (G1 Evacuation Pause) 1240M->13M(2048M) 3.892ms
[2025-06-17T22:38:12.461+0300][3224][19180][info ][safepoint] Safepoint "G1CollectForAllocation", Time since last: 623154400 ns, Reaching safepoint: 202400 ns, Cleanup: 13200 ns, At safepoint: 3939000 ns, Total: 4154600 ns
[2025-06-17T22:38:13.090+0300][3224][19180][debug][safepoint] Safepoint synchronization initiated using striped semaphore wait barrier. (13 threads)
[2025-06-17T22:38:13.090+0300][3224][19180][debug][gc,heap  ] GC(22) Heap before GC invocations=22 (full 1):
[2025-06-17T22:38:13.090+0300][3224][19180][debug][gc,heap  ] GC(22)  garbage-first heap   total 2097152K, used 557362K [0x0000000080000000, 0x0000000100000000)
[2025-06-17T22:38:13.090+0300][3224][19180][debug][gc,heap  ] GC(22)   region size 1024K, 524 young (536576K), 1 survivors (1024K)
[2025-06-17T22:38:13.090+0300][3224][19180][debug][gc,heap  ] GC(22)  Metaspace       used 9175K, committed 9792K, reserved 1114112K
[2025-06-17T22:38:13.090+0300][3224][19180][debug][gc,heap  ] GC(22)   class space    used 996K, committed 1280K, reserved 1048576K
[2025-06-17T22:38:13.090+0300][3224][19180][debug][gc,phases] GC(22) Phase 1: Reference Processing 0.144ms
[2025-06-17T22:38:13.090+0300][3224][19180][debug][gc,phases] GC(22)   VM Weak                        Min:  0.0, Avg:  0.0, Max:  0.0, Diff:  0.0, Sum:  0.0, Workers: 8
[2025-06-17T22:38:13.090+0300][3224][19180][debug][gc,phases] GC(22)     Dead                           Min: 0, Avg: 31.0, Max: 155, Diff: 155, Sum: 248, Workers: 8
[2025-06-17T22:38:13.090+0300][3224][19180][debug][gc,phases] GC(22)     Total                          Min: 0, Avg: 46.4, Max: 256, Diff: 256, Sum: 371, Workers: 8
[2025-06-17T22:38:13.090+0300][3224][19180][debug][gc,phases] GC(22)   ObjectSynchronizer Weak        Min:  0.0, Avg:  0.0, Max:  0.0, Diff:  0.0, Sum:  0.0, Workers: 8
[2025-06-17T22:38:13.090+0300][3224][19180][debug][gc,phases] GC(22)     Dead                           Min: 0, Avg:  0.1, Max: 1, Diff: 1, Sum: 1, Workers: 8
[2025-06-17T22:38:13.090+0300][3224][19180][debug][gc,phases] GC(22)     Total                          Min: 0, Avg: 18.6, Max: 64, Diff: 64, Sum: 149, Workers: 8
[2025-06-17T22:38:13.090+0300][3224][19180][debug][gc,phases] GC(22)   JVMTI Tag Weak OopStorage      Min:  0.0, Avg:  0.0, Max:  0.0, Diff:  0.0, Sum:  0.0, Workers: 8
[2025-06-17T22:38:13.090+0300][3224][19180][debug][gc,phases] GC(22)     Dead                           Min: 0, Avg:  0.0, Max: 0, Diff: 0, Sum: 0, Workers: 8
[2025-06-17T22:38:13.090+0300][3224][19180][debug][gc,phases] GC(22)     Total                          Min: 0, Avg:  0.0, Max: 0, Diff: 0, Sum: 0, Workers: 8
[2025-06-17T22:38:13.090+0300][3224][19180][debug][gc,phases] GC(22)   StringTable Weak               Min:  0.0, Avg:  0.0, Max:  0.0, Diff:  0.0, Sum:  0.1, Workers: 8
[2025-06-17T22:38:13.090+0300][3224][19180][debug][gc,phases] GC(22)     Dead                           Min: 0, Avg:  0.5, Max: 4, Diff: 4, Sum: 4, Workers: 8
[2025-06-17T22:38:13.090+0300][3224][19180][debug][gc,phases] GC(22)     Total                          Min: 0, Avg: 778.5, Max: 1600, Diff: 1600, Sum: 6228, Workers: 8
[2025-06-17T22:38:13.090+0300][3224][19180][debug][gc,phases] GC(22)   ResolvedMethodTable Weak       Min:  0.0, Avg:  0.0, Max:  0.0, Diff:  0.0, Sum:  0.0, Workers: 8
[2025-06-17T22:38:13.090+0300][3224][19180][debug][gc,phases] GC(22)     Dead                           Min: 0, Avg:  3.5, Max: 14, Diff: 14, Sum: 28, Workers: 8
[2025-06-17T22:38:13.090+0300][3224][19180][debug][gc,phases] GC(22)     Total                          Min: 0, Avg: 111.8, Max: 256, Diff: 256, Sum: 894, Workers: 8
[2025-06-17T22:38:13.090+0300][3224][19180][debug][gc,phases] GC(22)   JNI Weak                       Min:  0.0, Avg:  0.0, Max:  0.0, Diff:  0.0, Sum:  0.0, Workers: 8
[2025-06-17T22:38:13.090+0300][3224][19180][debug][gc,phases] GC(22)     Dead                           Min: 0, Avg:  0.0, Max: 0, Diff: 0, Sum: 0, Workers: 8
[2025-06-17T22:38:13.090+0300][3224][19180][debug][gc,phases] GC(22)     Total                          Min: 0, Avg:  0.0, Max: 0, Diff: 0, Sum: 0, Workers: 8
[2025-06-17T22:38:13.090+0300][3224][19180][debug][gc,phases] GC(22)   StringDedup Table Weak         Min:  0.0, Avg:  0.0, Max:  0.0, Diff:  0.0, Sum:  0.0, Workers: 8
[2025-06-17T22:38:13.090+0300][3224][19180][debug][gc,phases] GC(22)     Dead                           Min: 0, Avg:  0.0, Max: 0, Diff: 0, Sum: 0, Workers: 8
[2025-06-17T22:38:13.090+0300][3224][19180][debug][gc,phases] GC(22)     Total                          Min: 0, Avg:  0.0, Max: 0, Diff: 0, Sum: 0, Workers: 8
[2025-06-17T22:38:13.090+0300][3224][19180][debug][gc,phases] GC(22)   StringDedup Requests0 Weak     Min:  0.0, Avg:  0.0, Max:  0.0, Diff:  0.0, Sum:  0.0, Workers: 8
[2025-06-17T22:38:13.090+0300][3224][19180][debug][gc,phases] GC(22)     Dead                           Min: 0, Avg:  0.0, Max: 0, Diff: 0, Sum: 0, Workers: 8
[2025-06-17T22:38:13.090+0300][3224][19180][debug][gc,phases] GC(22)     Total                          Min: 0, Avg:  0.0, Max: 0, Diff: 0, Sum: 0, Workers: 8
[2025-06-17T22:38:13.090+0300][3224][19180][debug][gc,phases] GC(22)   StringDedup Requests1 Weak     Min:  0.0, Avg:  0.0, Max:  0.0, Diff:  0.0, Sum:  0.0, Workers: 8
[2025-06-17T22:38:13.090+0300][3224][19180][debug][gc,phases] GC(22)     Dead                           Min: 0, Avg:  0.0, Max: 0, Diff: 0, Sum: 0, Workers: 8
[2025-06-17T22:38:13.090+0300][3224][19180][debug][gc,phases] GC(22)     Total                          Min: 0, Avg:  0.0, Max: 0, Diff: 0, Sum: 0, Workers: 8
[2025-06-17T22:38:13.090+0300][3224][19180][debug][gc,phases] GC(22)   Weak JFR Old Object Samples    Min:  0.0, Avg:  0.0, Max:  0.0, Diff:  0.0, Sum:  0.0, Workers: 8
[2025-06-17T22:38:13.090+0300][3224][19180][debug][gc,phases] GC(22)     Dead                           Min: 0, Avg:  0.0, Max: 0, Diff: 0, Sum: 0, Workers: 8
[2025-06-17T22:38:13.090+0300][3224][19180][debug][gc,phases] GC(22)     Total                          Min: 0, Avg:  0.0, Max: 0, Diff: 0, Sum: 0, Workers: 8
[2025-06-17T22:38:13.090+0300][3224][19180][debug][gc,phases] GC(22) Phase 1: Weak Processing 0.494ms
[2025-06-17T22:38:13.090+0300][3224][19180][debug][gc,phases] GC(22) ClassLoaderData 0.230ms
[2025-06-17T22:38:13.090+0300][3224][19180][debug][gc,phases] GC(22) Trigger cleanups 0.007ms
[2025-06-17T22:38:13.106+0300][3224][19180][debug][gc,phases] GC(22) G1 Complete Cleaning 2.489ms
[2025-06-17T22:38:13.106+0300][3224][19180][debug][gc,phases] GC(22) Purge Unlinked NMethods 0.135ms
[2025-06-17T22:38:13.106+0300][3224][19180][debug][gc,phases] GC(22) Unregister NMethods 0.186ms
[2025-06-17T22:38:13.106+0300][3224][19180][debug][gc,phases] GC(22) Free Code Blobs 0.043ms
[2025-06-17T22:38:13.106+0300][3224][19180][debug][gc,phases] GC(22) Purge Class Loader Data 0.505ms
[2025-06-17T22:38:13.106+0300][3224][19180][debug][gc,phases] GC(22) Phase 1: Class Unloading and Cleanup 3.818ms
[2025-06-17T22:38:13.106+0300][3224][19180][debug][gc,phases] GC(22) Report Object Count 0.003ms
[2025-06-17T22:38:13.106+0300][3224][19180][info ][gc,phases] GC(22) Phase 1: Mark live objects 5.932ms
[2025-06-17T22:38:13.106+0300][3224][19180][debug][gc,phases] GC(22) Phase 2: Determine work lists 0.148ms
[2025-06-17T22:38:13.106+0300][3224][19180][debug][gc,phases] GC(22) Phase 2: Prepare parallel compaction 0.638ms
[2025-06-17T22:38:13.106+0300][3224][19180][info ][gc,phases] GC(22) Phase 2: Prepare compaction 0.855ms
[2025-06-17T22:38:13.106+0300][3224][19180][info ][gc,phases] GC(22) Phase 3: Adjust pointers 2.978ms
[2025-06-17T22:38:13.106+0300][3224][19180][info ][gc,phases] GC(22) Phase 4: Compact heap 0.793ms
[2025-06-17T22:38:13.106+0300][3224][19180][info ][gc,phases] GC(22) Phase 5: Reset Metadata 1.000ms
[2025-06-17T22:38:13.115+0300][3224][19180][info ][gc,heap  ] GC(22) Eden regions: 523->0(1228)
[2025-06-17T22:38:13.115+0300][3224][19180][info ][gc,heap  ] GC(22) Survivor regions: 1->0(154)
[2025-06-17T22:38:13.115+0300][3224][19180][info ][gc,heap  ] GC(22) Old regions: 12->10
[2025-06-17T22:38:13.115+0300][3224][19180][info ][gc,heap  ] GC(22) Humongous regions: 18->9
[2025-06-17T22:38:13.115+0300][3224][19180][debug][gc,heap  ] GC(22) Heap after GC invocations=23 (full 2):
[2025-06-17T22:38:13.115+0300][3224][19180][debug][gc,heap  ] GC(22)  garbage-first heap   total 2097152K, used 12981K [0x0000000080000000, 0x0000000100000000)
[2025-06-17T22:38:13.115+0300][3224][19180][debug][gc,heap  ] GC(22)   region size 1024K, 0 young (0K), 0 survivors (0K)
[2025-06-17T22:38:13.115+0300][3224][19180][debug][gc,heap  ] GC(22)  Metaspace       used 8733K, committed 9792K, reserved 1114112K
[2025-06-17T22:38:13.115+0300][3224][19180][debug][gc,heap  ] GC(22)   class space    used 874K, committed 1280K, reserved 1048576K
[2025-06-17T22:38:13.115+0300][3224][19180][info ][gc       ] GC(22) Pause Full (System.gc()) 545M->12M(2048M) 16.614ms
[2025-06-17T22:38:13.115+0300][3224][19180][info ][safepoint] Safepoint "G1CollectFull", Time since last: 633068500 ns, Reaching safepoint: 47100 ns, Cleanup: 20100 ns, At safepoint: 16641300 ns, Total: 16708500 ns
[2025-06-17T22:38:13.615+0300][3224][19180][debug][safepoint] Safepoint synchronization initiated using striped semaphore wait barrier. (20 threads)
[2025-06-17T22:38:13.615+0300][3224][20700][debug][safepoint] ... found polling page loop exception at pc = 0x00000275901bda60, stub =0x000002758fbb5d80
[2025-06-17T22:38:13.615+0300][3224][10112][debug][safepoint] ... found polling page loop exception at pc = 0x0000027590208ff1, stub =0x000002758fbb6600
[2025-06-17T22:38:13.615+0300][3224][7824 ][debug][safepoint] ... found polling page loop exception at pc = 0x00000275901bda60, stub =0x000002758fbb5d80
[2025-06-17T22:38:13.615+0300][3224][18008][debug][safepoint] ... found polling page loop exception at pc = 0x00000275901bda60, stub =0x000002758fbb5d80
[2025-06-17T22:38:13.615+0300][3224][2056 ][debug][safepoint] ... found polling page loop exception at pc = 0x00000275901bda60, stub =0x000002758fbb5d80
[2025-06-17T22:38:13.615+0300][3224][22328][debug][safepoint] ... found polling page loop exception at pc = 0x00000275901bda60, stub =0x000002758fbb5d80
[2025-06-17T22:38:13.615+0300][3224][20616][debug][safepoint] ... found polling page loop exception at pc = 0x00000275902b8d8d, stub =0x000002758fbb6600
[2025-06-17T22:38:13.615+0300][3224][19180][debug][gc,heap  ] GC(23) Heap before GC invocations=23 (full 2):
[2025-06-17T22:38:13.615+0300][3224][19180][debug][gc,heap  ] GC(23)  garbage-first heap   total 2097152K, used 1279669K [0x0000000080000000, 0x0000000100000000)
[2025-06-17T22:38:13.615+0300][3224][19180][debug][gc,heap  ] GC(23)   region size 1024K, 1228 young (1257472K), 0 survivors (0K)
[2025-06-17T22:38:13.615+0300][3224][19180][debug][gc,heap  ] GC(23)  Metaspace       used 8733K, committed 9792K, reserved 1114112K
[2025-06-17T22:38:13.615+0300][3224][19180][debug][gc,heap  ] GC(23)   class space    used 874K, committed 1280K, reserved 1048576K
[2025-06-17T22:38:13.615+0300][3224][19180][info ][gc,phases] GC(23)   Pre Evacuate Collection Set: 0.3ms
[2025-06-17T22:38:13.615+0300][3224][19180][debug][gc,phases] GC(23)     Pre Evacuate Prepare: 0.0ms
[2025-06-17T22:38:13.615+0300][3224][19180][debug][gc,phases] GC(23)       JT Retire TLABs And Flush Logs (ms): Min:  0.0, Avg:  0.0, Max:  0.0, Diff:  0.0, Sum:  0.0, Workers: 2
[2025-06-17T22:38:13.615+0300][3224][19180][debug][gc,phases] GC(23)       Non-JT Flush Logs (ms):        Min:  0.0, Avg:  0.0, Max:  0.0, Diff:  0.0, Sum:  0.0, Workers: 1
[2025-06-17T22:38:13.615+0300][3224][19180][debug][gc,phases] GC(23)     Choose Collection Set: 0.0ms
[2025-06-17T22:38:13.615+0300][3224][19180][debug][gc,phases] GC(23)     Region Register: 0.2ms
[2025-06-17T22:38:13.615+0300][3224][19180][debug][gc,phases] GC(23)     Prepare Heap Roots: 0.0ms
[2025-06-17T22:38:13.615+0300][3224][19180][info ][gc,phases] GC(23)   Merge Heap Roots: 0.2ms
[2025-06-17T22:38:13.615+0300][3224][19180][debug][gc,phases] GC(23)     Prepare Merge Heap Roots: 0.0ms
[2025-06-17T22:38:13.615+0300][3224][19180][debug][gc,phases] GC(23)     Remembered Sets (ms):          Min:  0.1, Avg:  0.1, Max:  0.1, Diff:  0.0, Sum:  1.0, Workers: 8
[2025-06-17T22:38:13.615+0300][3224][19180][debug][gc,phases] GC(23)       Eager Reclaim (ms):            Min:  0.0, Avg:  0.0, Max:  0.0, Diff:  0.0, Sum:  0.0, Workers: 1
[2025-06-17T22:38:13.615+0300][3224][19180][debug][gc,phases] GC(23)       Merged Inline                  Min: 0, Avg:  0.0, Max: 0, Diff: 0, Sum: 0, Workers: 8
[2025-06-17T22:38:13.615+0300][3224][19180][debug][gc,phases] GC(23)       Merged ArrayOfCards            Min: 0, Avg:  0.0, Max: 0, Diff: 0, Sum: 0, Workers: 8
[2025-06-17T22:38:13.615+0300][3224][19180][debug][gc,phases] GC(23)       Merged Howl                    Min: 0, Avg:  0.0, Max: 0, Diff: 0, Sum: 0, Workers: 8
[2025-06-17T22:38:13.615+0300][3224][19180][debug][gc,phases] GC(23)       Merged Full                    Min: 0, Avg:  0.0, Max: 0, Diff: 0, Sum: 0, Workers: 8
[2025-06-17T22:38:13.615+0300][3224][19180][debug][gc,phases] GC(23)       Merged Howl Inline             Min: 0, Avg:  0.0, Max: 0, Diff: 0, Sum: 0, Workers: 8
[2025-06-17T22:38:13.615+0300][3224][19180][debug][gc,phases] GC(23)       Merged Howl ArrayOfCards       Min: 0, Avg:  0.0, Max: 0, Diff: 0, Sum: 0, Workers: 8
[2025-06-17T22:38:13.615+0300][3224][19180][debug][gc,phases] GC(23)       Merged Howl BitMap             Min: 0, Avg:  0.0, Max: 0, Diff: 0, Sum: 0, Workers: 8
[2025-06-17T22:38:13.615+0300][3224][19180][debug][gc,phases] GC(23)       Merged Howl Full               Min: 0, Avg:  0.0, Max: 0, Diff: 0, Sum: 0, Workers: 8
[2025-06-17T22:38:13.615+0300][3224][19180][debug][gc,phases] GC(23)       Merged Cards                   Min: 8, Avg:  9.0, Max: 16, Diff: 8, Sum: 72, Workers: 8
[2025-06-17T22:38:13.615+0300][3224][19180][debug][gc,phases] GC(23)     Log Buffers (ms):              Min:  0.0, Avg:  0.0, Max:  0.0, Diff:  0.0, Sum:  0.0, Workers: 8
[2025-06-17T22:38:13.615+0300][3224][19180][debug][gc,phases] GC(23)       Dirty Cards:                   Min: 0, Avg:  5.1, Max: 27, Diff: 27, Sum: 41, Workers: 8
[2025-06-17T22:38:13.615+0300][3224][19180][debug][gc,phases] GC(23)       Skipped Cards:                 Min: 0, Avg:  0.0, Max: 0, Diff: 0, Sum: 0, Workers: 8
[2025-06-17T22:38:13.615+0300][3224][19180][info ][gc,phases] GC(23)   Evacuate Collection Set: 0.4ms
[2025-06-17T22:38:13.615+0300][3224][19180][debug][gc,phases] GC(23)     Ext Root Scanning (ms):        Min:  0.1, Avg:  0.1, Max:  0.1, Diff:  0.1, Sum:  0.5, Workers: 8
[2025-06-17T22:38:13.615+0300][3224][19180][debug][gc,phases] GC(23)     Scan Heap Roots (ms):          Min:  0.0, Avg:  0.0, Max:  0.0, Diff:  0.0, Sum:  0.1, Workers: 8
[2025-06-17T22:38:13.615+0300][3224][19180][debug][gc,phases] GC(23)       Scanned Cards:                 Min: 0, Avg:  5.1, Max: 16, Diff: 16, Sum: 41, Workers: 8
[2025-06-17T22:38:13.615+0300][3224][19180][debug][gc,phases] GC(23)       Scanned Blocks:                Min: 0, Avg:  3.5, Max: 9, Diff: 9, Sum: 28, Workers: 8
[2025-06-17T22:38:13.615+0300][3224][19180][debug][gc,phases] GC(23)       Claimed Chunks:                Min: 0, Avg:  2.0, Max: 4, Diff: 4, Sum: 16, Workers: 8
[2025-06-17T22:38:13.615+0300][3224][19180][debug][gc,phases] GC(23)       Found Roots:                   Min: 0, Avg:  1.1, Max: 2, Diff: 2, Sum: 9, Workers: 8
[2025-06-17T22:38:13.615+0300][3224][19180][debug][gc,phases] GC(23)     Code Root Scan (ms):           Min:  0.1, Avg:  0.1, Max:  0.1, Diff:  0.0, Sum:  0.9, Workers: 8
[2025-06-17T22:38:13.615+0300][3224][19180][debug][gc,phases] GC(23)       Scanned Nmethods               Min: 0, Avg:  0.0, Max: 0, Diff: 0, Sum: 0, Workers: 8
[2025-06-17T22:38:13.615+0300][3224][19180][debug][gc,phases] GC(23)     Object Copy (ms):              Min:  0.1, Avg:  0.1, Max:  0.1, Diff:  0.0, Sum:  0.7, Workers: 8
[2025-06-17T22:38:13.615+0300][3224][19180][debug][gc,phases] GC(23)     Termination (ms):              Min:  0.0, Avg:  0.0, Max:  0.0, Diff:  0.0, Sum:  0.1, Workers: 8
[2025-06-17T22:38:13.615+0300][3224][19180][debug][gc,phases] GC(23)       Termination Attempts:          Min: 1, Avg:  1.0, Max: 1, Diff: 0, Sum: 8, Workers: 8
[2025-06-17T22:38:13.615+0300][3224][19180][debug][gc,phases] GC(23)     GC Worker Other (ms):          Min:  0.1, Avg:  0.1, Max:  0.1, Diff:  0.0, Sum:  0.8, Workers: 8
[2025-06-17T22:38:13.615+0300][3224][19180][debug][gc,phases] GC(23)     GC Worker Total (ms):          Min:  0.4, Avg:  0.4, Max:  0.4, Diff:  0.0, Sum:  3.1, Workers: 8
[2025-06-17T22:38:13.615+0300][3224][19180][info ][gc,phases] GC(23)   Post Evacuate Collection Set: 0.9ms
[2025-06-17T22:38:13.615+0300][3224][19180][debug][gc,phases] GC(23)     NMethod List Cleanup: 0.0ms
[2025-06-17T22:38:13.615+0300][3224][19180][debug][gc,phases] GC(23)     Reference Processing: 0.1ms
[2025-06-17T22:38:13.615+0300][3224][19180][debug][gc,phases] GC(23)     Weak Processing: 0.1ms
[2025-06-17T22:38:13.615+0300][3224][19180][debug][gc,phases] GC(23)       VM Weak                        Min:  0.0, Avg:  0.0, Max:  0.0, Diff:  0.0, Sum:  0.0, Workers: 8
[2025-06-17T22:38:13.615+0300][3224][19180][debug][gc,phases] GC(23)         Dead                           Min: 0, Avg:  0.0, Max: 0, Diff: 0, Sum: 0, Workers: 8
[2025-06-17T22:38:13.615+0300][3224][19180][debug][gc,phases] GC(23)         Total                          Min: 0, Avg: 15.4, Max: 82, Diff: 82, Sum: 123, Workers: 8
[2025-06-17T22:38:13.615+0300][3224][19180][debug][gc,phases] GC(23)       ObjectSynchronizer Weak        Min:  0.0, Avg:  0.0, Max:  0.0, Diff:  0.0, Sum:  0.0, Workers: 8
[2025-06-17T22:38:13.615+0300][3224][19180][debug][gc,phases] GC(23)         Dead                           Min: 0, Avg:  0.0, Max: 0, Diff: 0, Sum: 0, Workers: 8
[2025-06-17T22:38:13.615+0300][3224][19180][debug][gc,phases] GC(23)         Total                          Min: 0, Avg: 18.6, Max: 85, Diff: 85, Sum: 149, Workers: 8
[2025-06-17T22:38:13.615+0300][3224][19180][debug][gc,phases] GC(23)       JVMTI Tag Weak OopStorage      Min:  0.0, Avg:  0.0, Max:  0.0, Diff:  0.0, Sum:  0.0, Workers: 8
[2025-06-17T22:38:13.615+0300][3224][19180][debug][gc,phases] GC(23)         Dead                           Min: 0, Avg:  0.0, Max: 0, Diff: 0, Sum: 0, Workers: 8
[2025-06-17T22:38:13.615+0300][3224][19180][debug][gc,phases] GC(23)         Total                          Min: 0, Avg:  0.0, Max: 0, Diff: 0, Sum: 0, Workers: 8
[2025-06-17T22:38:13.615+0300][3224][19180][debug][gc,phases] GC(23)       StringTable Weak               Min:  0.0, Avg:  0.0, Max:  0.0, Diff:  0.0, Sum:  0.1, Workers: 8
[2025-06-17T22:38:13.615+0300][3224][19180][debug][gc,phases] GC(23)         Dead                           Min: 0, Avg:  0.0, Max: 0, Diff: 0, Sum: 0, Workers: 8
[2025-06-17T22:38:13.615+0300][3224][19180][debug][gc,phases] GC(23)         Total                          Min: 640, Avg: 778.5, Max: 1044, Diff: 404, Sum: 6228, Workers: 8
[2025-06-17T22:38:13.615+0300][3224][19180][debug][gc,phases] GC(23)       ResolvedMethodTable Weak       Min:  0.0, Avg:  0.0, Max:  0.0, Diff:  0.0, Sum:  0.0, Workers: 8
[2025-06-17T22:38:13.615+0300][3224][19180][debug][gc,phases] GC(23)         Dead                           Min: 0, Avg:  0.0, Max: 0, Diff: 0, Sum: 0, Workers: 8
[2025-06-17T22:38:13.615+0300][3224][19180][debug][gc,phases] GC(23)         Total                          Min: 64, Avg: 111.8, Max: 191, Diff: 127, Sum: 894, Workers: 8
[2025-06-17T22:38:13.615+0300][3224][19180][debug][gc,phases] GC(23)       JNI Weak                       Min:  0.0, Avg:  0.0, Max:  0.0, Diff:  0.0, Sum:  0.0, Workers: 8
[2025-06-17T22:38:13.615+0300][3224][19180][debug][gc,phases] GC(23)         Dead                           Min: 0, Avg:  0.0, Max: 0, Diff: 0, Sum: 0, Workers: 8
[2025-06-17T22:38:13.615+0300][3224][19180][debug][gc,phases] GC(23)         Total                          Min: 0, Avg:  0.0, Max: 0, Diff: 0, Sum: 0, Workers: 8
[2025-06-17T22:38:13.615+0300][3224][19180][debug][gc,phases] GC(23)       StringDedup Table Weak         Min:  0.0, Avg:  0.0, Max:  0.0, Diff:  0.0, Sum:  0.0, Workers: 8
[2025-06-17T22:38:13.615+0300][3224][19180][debug][gc,phases] GC(23)         Dead                           Min: 0, Avg:  0.0, Max: 0, Diff: 0, Sum: 0, Workers: 8
[2025-06-17T22:38:13.615+0300][3224][19180][debug][gc,phases] GC(23)         Total                          Min: 0, Avg:  0.0, Max: 0, Diff: 0, Sum: 0, Workers: 8
[2025-06-17T22:38:13.615+0300][3224][19180][debug][gc,phases] GC(23)       StringDedup Requests0 Weak     Min:  0.0, Avg:  0.0, Max:  0.0, Diff:  0.0, Sum:  0.0, Workers: 8
[2025-06-17T22:38:13.615+0300][3224][19180][debug][gc,phases] GC(23)         Dead                           Min: 0, Avg:  0.0, Max: 0, Diff: 0, Sum: 0, Workers: 8
[2025-06-17T22:38:13.615+0300][3224][19180][debug][gc,phases] GC(23)         Total                          Min: 0, Avg:  0.0, Max: 0, Diff: 0, Sum: 0, Workers: 8
[2025-06-17T22:38:13.615+0300][3224][19180][debug][gc,phases] GC(23)       StringDedup Requests1 Weak     Min:  0.0, Avg:  0.0, Max:  0.0, Diff:  0.0, Sum:  0.0, Workers: 8
[2025-06-17T22:38:13.615+0300][3224][19180][debug][gc,phases] GC(23)         Dead                           Min: 0, Avg:  0.0, Max: 0, Diff: 0, Sum: 0, Workers: 8
[2025-06-17T22:38:13.615+0300][3224][19180][debug][gc,phases] GC(23)         Total                          Min: 0, Avg:  0.0, Max: 0, Diff: 0, Sum: 0, Workers: 8
[2025-06-17T22:38:13.615+0300][3224][19180][debug][gc,phases] GC(23)       Weak JFR Old Object Samples    Min:  0.0, Avg:  0.0, Max:  0.0, Diff:  0.0, Sum:  0.0, Workers: 8
[2025-06-17T22:38:13.615+0300][3224][19180][debug][gc,phases] GC(23)         Dead                           Min: 0, Avg:  0.0, Max: 0, Diff: 0, Sum: 0, Workers: 8
[2025-06-17T22:38:13.615+0300][3224][19180][debug][gc,phases] GC(23)         Total                          Min: 0, Avg:  0.0, Max: 0, Diff: 0, Sum: 0, Workers: 8
[2025-06-17T22:38:13.615+0300][3224][19180][debug][gc,phases] GC(23)     Post Evacuate Cleanup 1: 0.3ms
[2025-06-17T22:38:13.615+0300][3224][19180][debug][gc,phases] GC(23)       Merge Per-Thread State (ms):   Min:  0.0, Avg:  0.0, Max:  0.0, Diff:  0.0, Sum:  0.0, Workers: 1
[2025-06-17T22:38:13.615+0300][3224][19180][debug][gc,phases] GC(23)         Copied Bytes                   Min: 58928, Avg: 88786.0, Max: 112360, Diff: 53432, Sum: 710288, Workers: 8
[2025-06-17T22:38:13.615+0300][3224][19180][debug][gc,phases] GC(23)         LAB Waste                      Min: 120, Avg: 225.0, Max: 424, Diff: 304, Sum: 1800, Workers: 8
[2025-06-17T22:38:13.615+0300][3224][19180][debug][gc,phases] GC(23)         LAB Undo Waste                 Min: 0, Avg:  0.0, Max: 0, Diff: 0, Sum: 0, Workers: 8
[2025-06-17T22:38:13.615+0300][3224][19180][debug][gc,phases] GC(23)       Clear Logged Cards (ms):       Min:  0.0, Avg:  0.1, Max:  0.3, Diff:  0.3, Sum:  0.6, Workers: 5
[2025-06-17T22:38:13.615+0300][3224][19180][debug][gc,phases] GC(23)       Recalculate Used Memory (ms):  Min:  0.0, Avg:  0.0, Max:  0.0, Diff:  0.0, Sum:  0.0, Workers: 1
[2025-06-17T22:38:13.615+0300][3224][19180][debug][gc,phases] GC(23)     Post Evacuate Cleanup 2: 0.3ms
[2025-06-17T22:38:13.615+0300][3224][19180][debug][gc,phases] GC(23)       Update Derived Pointers (ms):  Min:  0.0, Avg:  0.0, Max:  0.0, Diff:  0.0, Sum:  0.0, Workers: 1
[2025-06-17T22:38:13.615+0300][3224][19180][debug][gc,phases] GC(23)       Eagerly Reclaim Humongous Objects (ms): Min:  0.0, Avg:  0.0, Max:  0.0, Diff:  0.0, Sum:  0.0, Workers: 1
[2025-06-17T22:38:13.615+0300][3224][19180][debug][gc,phases] GC(23)         Humongous Total                Min: 6, Avg:  6.0, Max: 6, Diff: 0, Sum: 6, Workers: 1
[2025-06-17T22:38:13.615+0300][3224][19180][debug][gc,phases] GC(23)         Humongous Candidates           Min: 3, Avg:  3.0, Max: 3, Diff: 0, Sum: 3, Workers: 1
[2025-06-17T22:38:13.615+0300][3224][19180][debug][gc,phases] GC(23)         Humongous Reclaimed            Min: 0, Avg:  0.0, Max: 0, Diff: 0, Sum: 0, Workers: 1
[2025-06-17T22:38:13.615+0300][3224][19180][debug][gc,phases] GC(23)       Redirty Logged Cards (ms):     Min:  0.0, Avg:  0.0, Max:  0.0, Diff:  0.0, Sum:  0.0, Workers: 8
[2025-06-17T22:38:13.615+0300][3224][19180][debug][gc,phases] GC(23)         Redirtied Cards:               Min: 0, Avg:  1.0, Max: 8, Diff: 8, Sum: 8, Workers: 8
[2025-06-17T22:38:13.615+0300][3224][19180][debug][gc,phases] GC(23)       Resize TLABs (ms):             Min:  0.0, Avg:  0.0, Max:  0.0, Diff:  0.0, Sum:  0.0, Workers: 8
[2025-06-17T22:38:13.615+0300][3224][19180][debug][gc,phases] GC(23)       Free Collection Set (ms):      Min:  0.0, Avg:  0.2, Max:  0.3, Diff:  0.3, Sum:  1.8, Workers: 8
[2025-06-17T22:38:13.615+0300][3224][19180][debug][gc,phases] GC(23)     Rebuild Free List: 0.1ms
[2025-06-17T22:38:13.615+0300][3224][19180][debug][gc,phases] GC(23)     Prepare For Mutator: 0.0ms
[2025-06-17T22:38:13.615+0300][3224][19180][debug][gc,phases] GC(23)     Expand Heap After Collection: 0.0ms
[2025-06-17T22:38:13.615+0300][3224][19180][info ][gc,phases] GC(23)   Other: 0.1ms
[2025-06-17T22:38:13.615+0300][3224][19180][info ][gc,heap  ] GC(23) Eden regions: 1228->0(1227)
[2025-06-17T22:38:13.615+0300][3224][19180][info ][gc,heap  ] GC(23) Survivor regions: 0->1(154)
[2025-06-17T22:38:13.615+0300][3224][19180][info ][gc,heap  ] GC(23) Old regions: 10->10
[2025-06-17T22:38:13.615+0300][3224][19180][info ][gc,heap  ] GC(23) Humongous regions: 18->18
[2025-06-17T22:38:13.615+0300][3224][19180][debug][gc,heap  ] GC(23) Heap after GC invocations=24 (full 2):
[2025-06-17T22:38:13.615+0300][3224][19180][debug][gc,heap  ] GC(23)  garbage-first heap   total 2097152K, used 22901K [0x0000000080000000, 0x0000000100000000)
[2025-06-17T22:38:13.615+0300][3224][19180][debug][gc,heap  ] GC(23)   region size 1024K, 1 young (1024K), 1 survivors (1024K)
[2025-06-17T22:38:13.615+0300][3224][19180][debug][gc,heap  ] GC(23)  Metaspace       used 8733K, committed 9792K, reserved 1114112K
[2025-06-17T22:38:13.615+0300][3224][19180][debug][gc,heap  ] GC(23)   class space    used 874K, committed 1280K, reserved 1048576K
[2025-06-17T22:38:13.615+0300][3224][19180][info ][gc       ] GC(23) Pause Young (Normal) (G1 Evacuation Pause) 1249M->22M(2048M) 3.582ms
[2025-06-17T22:38:13.615+0300][3224][19180][info ][safepoint] Safepoint "G1CollectForAllocation", Time since last: 498234100 ns, Reaching safepoint: 505100 ns, Cleanup: 23200 ns, At safepoint: 3641600 ns, Total: 4169900 ns
[2025-06-17T22:38:14.056+0300][3224][19180][debug][safepoint] Safepoint synchronization initiated using striped semaphore wait barrier. (20 threads)
[2025-06-17T22:38:14.056+0300][3224][20700][debug][safepoint] ... found polling page loop exception at pc = 0x00000275901bda60, stub =0x000002758fbb5d80
[2025-06-17T22:38:14.056+0300][3224][22328][debug][safepoint] ... found polling page loop exception at pc = 0x00000275901bda60, stub =0x000002758fbb5d80
[2025-06-17T22:38:14.056+0300][3224][10112][debug][safepoint] ... found polling page loop exception at pc = 0x00000275902245a0, stub =0x000002758fbb6600
[2025-06-17T22:38:14.056+0300][3224][12336][debug][safepoint] ... found polling page loop exception at pc = 0x00000275901bda60, stub =0x000002758fbb5d80
[2025-06-17T22:38:14.056+0300][3224][7824 ][debug][safepoint] ... found polling page loop exception at pc = 0x00000275901bda60, stub =0x000002758fbb5d80
[2025-06-17T22:38:14.056+0300][3224][19180][debug][gc,heap  ] GC(24) Heap before GC invocations=24 (full 2):
[2025-06-17T22:38:14.056+0300][3224][19180][debug][gc,heap  ] GC(24)  garbage-first heap   total 2097152K, used 1279349K [0x0000000080000000, 0x0000000100000000)
[2025-06-17T22:38:14.056+0300][3224][19180][debug][gc,heap  ] GC(24)   region size 1024K, 1228 young (1257472K), 1 survivors (1024K)
[2025-06-17T22:38:14.056+0300][3224][19180][debug][gc,heap  ] GC(24)  Metaspace       used 8733K, committed 9792K, reserved 1114112K
[2025-06-17T22:38:14.056+0300][3224][19180][debug][gc,heap  ] GC(24)   class space    used 874K, committed 1280K, reserved 1048576K
[2025-06-17T22:38:14.056+0300][3224][19180][info ][gc,phases] GC(24)   Pre Evacuate Collection Set: 0.4ms
[2025-06-17T22:38:14.056+0300][3224][19180][debug][gc,phases] GC(24)     Pre Evacuate Prepare: 0.0ms
[2025-06-17T22:38:14.056+0300][3224][19180][debug][gc,phases] GC(24)       JT Retire TLABs And Flush Logs (ms): Min:  0.0, Avg:  0.0, Max:  0.0, Diff:  0.0, Sum:  0.0, Workers: 2
[2025-06-17T22:38:14.056+0300][3224][19180][debug][gc,phases] GC(24)       Non-JT Flush Logs (ms):        Min:  0.0, Avg:  0.0, Max:  0.0, Diff:  0.0, Sum:  0.0, Workers: 1
[2025-06-17T22:38:14.056+0300][3224][19180][debug][gc,phases] GC(24)     Choose Collection Set: 0.0ms
[2025-06-17T22:38:14.056+0300][3224][19180][debug][gc,phases] GC(24)     Region Register: 0.3ms
[2025-06-17T22:38:14.056+0300][3224][19180][debug][gc,phases] GC(24)     Prepare Heap Roots: 0.0ms
[2025-06-17T22:38:14.056+0300][3224][19180][info ][gc,phases] GC(24)   Merge Heap Roots: 0.2ms
[2025-06-17T22:38:14.056+0300][3224][19180][debug][gc,phases] GC(24)     Prepare Merge Heap Roots: 0.0ms
[2025-06-17T22:38:14.056+0300][3224][19180][debug][gc,phases] GC(24)     Remembered Sets (ms):          Min:  0.0, Avg:  0.1, Max:  0.1, Diff:  0.1, Sum:  1.0, Workers: 8
[2025-06-17T22:38:14.056+0300][3224][19180][debug][gc,phases] GC(24)       Eager Reclaim (ms):            Min:  0.0, Avg:  0.0, Max:  0.0, Diff:  0.0, Sum:  0.0, Workers: 1
[2025-06-17T22:38:14.056+0300][3224][19180][debug][gc,phases] GC(24)       Merged Inline                  Min: 0, Avg:  0.0, Max: 0, Diff: 0, Sum: 0, Workers: 8
[2025-06-17T22:38:14.056+0300][3224][19180][debug][gc,phases] GC(24)       Merged ArrayOfCards            Min: 0, Avg:  0.0, Max: 0, Diff: 0, Sum: 0, Workers: 8
[2025-06-17T22:38:14.056+0300][3224][19180][debug][gc,phases] GC(24)       Merged Howl                    Min: 0, Avg:  0.0, Max: 0, Diff: 0, Sum: 0, Workers: 8
[2025-06-17T22:38:14.056+0300][3224][19180][debug][gc,phases] GC(24)       Merged Full                    Min: 0, Avg:  0.0, Max: 0, Diff: 0, Sum: 0, Workers: 8
[2025-06-17T22:38:14.056+0300][3224][19180][debug][gc,phases] GC(24)       Merged Howl Inline             Min: 0, Avg:  0.0, Max: 0, Diff: 0, Sum: 0, Workers: 8
[2025-06-17T22:38:14.056+0300][3224][19180][debug][gc,phases] GC(24)       Merged Howl ArrayOfCards       Min: 0, Avg:  0.0, Max: 0, Diff: 0, Sum: 0, Workers: 8
[2025-06-17T22:38:14.056+0300][3224][19180][debug][gc,phases] GC(24)       Merged Howl BitMap             Min: 0, Avg:  0.0, Max: 0, Diff: 0, Sum: 0, Workers: 8
[2025-06-17T22:38:14.056+0300][3224][19180][debug][gc,phases] GC(24)       Merged Howl Full               Min: 0, Avg:  0.0, Max: 0, Diff: 0, Sum: 0, Workers: 8
[2025-06-17T22:38:14.056+0300][3224][19180][debug][gc,phases] GC(24)       Merged Cards                   Min: 8, Avg:  9.0, Max: 16, Diff: 8, Sum: 72, Workers: 8
[2025-06-17T22:38:14.056+0300][3224][19180][debug][gc,phases] GC(24)     Log Buffers (ms):              Min:  0.0, Avg:  0.0, Max:  0.0, Diff:  0.0, Sum:  0.0, Workers: 8
[2025-06-17T22:38:14.056+0300][3224][19180][debug][gc,phases] GC(24)       Dirty Cards:                   Min: 0, Avg:  1.2, Max: 10, Diff: 10, Sum: 10, Workers: 8
[2025-06-17T22:38:14.056+0300][3224][19180][debug][gc,phases] GC(24)       Skipped Cards:                 Min: 0, Avg:  0.0, Max: 0, Diff: 0, Sum: 0, Workers: 8
[2025-06-17T22:38:14.056+0300][3224][19180][info ][gc,phases] GC(24)   Evacuate Collection Set: 0.4ms
[2025-06-17T22:38:14.056+0300][3224][19180][debug][gc,phases] GC(24)     Ext Root Scanning (ms):        Min:  0.0, Avg:  0.1, Max:  0.1, Diff:  0.0, Sum:  0.5, Workers: 8
[2025-06-17T22:38:14.056+0300][3224][19180][debug][gc,phases] GC(24)     Scan Heap Roots (ms):          Min:  0.0, Avg:  0.0, Max:  0.0, Diff:  0.0, Sum:  0.0, Workers: 8
[2025-06-17T22:38:14.056+0300][3224][19180][debug][gc,phases] GC(24)       Scanned Cards:                 Min: 0, Avg:  1.2, Max: 4, Diff: 4, Sum: 10, Workers: 8
[2025-06-17T22:38:14.056+0300][3224][19180][debug][gc,phases] GC(24)       Scanned Blocks:                Min: 0, Avg:  1.1, Max: 4, Diff: 4, Sum: 9, Workers: 8
[2025-06-17T22:38:14.056+0300][3224][19180][debug][gc,phases] GC(24)       Claimed Chunks:                Min: 0, Avg:  1.0, Max: 3, Diff: 3, Sum: 8, Workers: 8
[2025-06-17T22:38:14.056+0300][3224][19180][debug][gc,phases] GC(24)       Found Roots:                   Min: 0, Avg:  1.1, Max: 3, Diff: 3, Sum: 9, Workers: 8
[2025-06-17T22:38:14.056+0300][3224][19180][debug][gc,phases] GC(24)     Code Root Scan (ms):           Min:  0.1, Avg:  0.1, Max:  0.1, Diff:  0.0, Sum:  0.8, Workers: 8
[2025-06-17T22:38:14.056+0300][3224][19180][debug][gc,phases] GC(24)       Scanned Nmethods               Min: 0, Avg:  0.0, Max: 0, Diff: 0, Sum: 0, Workers: 8
[2025-06-17T22:38:14.056+0300][3224][19180][debug][gc,phases] GC(24)     Object Copy (ms):              Min:  0.1, Avg:  0.1, Max:  0.1, Diff:  0.0, Sum:  0.7, Workers: 8
[2025-06-17T22:38:14.056+0300][3224][19180][debug][gc,phases] GC(24)     Termination (ms):              Min:  0.0, Avg:  0.0, Max:  0.0, Diff:  0.0, Sum:  0.1, Workers: 8
[2025-06-17T22:38:14.056+0300][3224][19180][debug][gc,phases] GC(24)       Termination Attempts:          Min: 1, Avg:  1.0, Max: 1, Diff: 0, Sum: 8, Workers: 8
[2025-06-17T22:38:14.056+0300][3224][19180][debug][gc,phases] GC(24)     GC Worker Other (ms):          Min:  0.1, Avg:  0.1, Max:  0.1, Diff:  0.0, Sum:  0.9, Workers: 8
[2025-06-17T22:38:14.056+0300][3224][19180][debug][gc,phases] GC(24)     GC Worker Total (ms):          Min:  0.4, Avg:  0.4, Max:  0.4, Diff:  0.0, Sum:  3.0, Workers: 8
[2025-06-17T22:38:14.056+0300][3224][19180][info ][gc,phases] GC(24)   Post Evacuate Collection Set: 0.7ms
[2025-06-17T22:38:14.056+0300][3224][19180][debug][gc,phases] GC(24)     NMethod List Cleanup: 0.0ms
[2025-06-17T22:38:14.056+0300][3224][19180][debug][gc,phases] GC(24)     Reference Processing: 0.1ms
[2025-06-17T22:38:14.056+0300][3224][19180][debug][gc,phases] GC(24)     Weak Processing: 0.1ms
[2025-06-17T22:38:14.056+0300][3224][19180][debug][gc,phases] GC(24)       VM Weak                        Min:  0.0, Avg:  0.0, Max:  0.0, Diff:  0.0, Sum:  0.0, Workers: 8
[2025-06-17T22:38:14.056+0300][3224][19180][debug][gc,phases] GC(24)         Dead                           Min: 0, Avg:  0.0, Max: 0, Diff: 0, Sum: 0, Workers: 8
[2025-06-17T22:38:14.056+0300][3224][19180][debug][gc,phases] GC(24)         Total                          Min: 0, Avg: 15.4, Max: 82, Diff: 82, Sum: 123, Workers: 8
[2025-06-17T22:38:14.056+0300][3224][19180][debug][gc,phases] GC(24)       ObjectSynchronizer Weak        Min:  0.0, Avg:  0.0, Max:  0.0, Diff:  0.0, Sum:  0.0, Workers: 8
[2025-06-17T22:38:14.056+0300][3224][19180][debug][gc,phases] GC(24)         Dead                           Min: 0, Avg:  0.0, Max: 0, Diff: 0, Sum: 0, Workers: 8
[2025-06-17T22:38:14.056+0300][3224][19180][debug][gc,phases] GC(24)         Total                          Min: 0, Avg: 18.6, Max: 85, Diff: 85, Sum: 149, Workers: 8
[2025-06-17T22:38:14.056+0300][3224][19180][debug][gc,phases] GC(24)       JVMTI Tag Weak OopStorage      Min:  0.0, Avg:  0.0, Max:  0.0, Diff:  0.0, Sum:  0.0, Workers: 8
[2025-06-17T22:38:14.056+0300][3224][19180][debug][gc,phases] GC(24)         Dead                           Min: 0, Avg:  0.0, Max: 0, Diff: 0, Sum: 0, Workers: 8
[2025-06-17T22:38:14.056+0300][3224][19180][debug][gc,phases] GC(24)         Total                          Min: 0, Avg:  0.0, Max: 0, Diff: 0, Sum: 0, Workers: 8
[2025-06-17T22:38:14.056+0300][3224][19180][debug][gc,phases] GC(24)       StringTable Weak               Min:  0.0, Avg:  0.0, Max:  0.0, Diff:  0.0, Sum:  0.1, Workers: 8
[2025-06-17T22:38:14.056+0300][3224][19180][debug][gc,phases] GC(24)         Dead                           Min: 0, Avg:  0.0, Max: 0, Diff: 0, Sum: 0, Workers: 8
[2025-06-17T22:38:14.056+0300][3224][19180][debug][gc,phases] GC(24)         Total                          Min: 0, Avg: 778.5, Max: 1088, Diff: 1088, Sum: 6228, Workers: 8
[2025-06-17T22:38:14.056+0300][3224][19180][debug][gc,phases] GC(24)       ResolvedMethodTable Weak       Min:  0.0, Avg:  0.0, Max:  0.0, Diff:  0.0, Sum:  0.0, Workers: 8
[2025-06-17T22:38:14.056+0300][3224][19180][debug][gc,phases] GC(24)         Dead                           Min: 0, Avg:  0.0, Max: 0, Diff: 0, Sum: 0, Workers: 8
[2025-06-17T22:38:14.056+0300][3224][19180][debug][gc,phases] GC(24)         Total                          Min: 0, Avg: 111.8, Max: 128, Diff: 128, Sum: 894, Workers: 8
[2025-06-17T22:38:14.056+0300][3224][19180][debug][gc,phases] GC(24)       JNI Weak                       Min:  0.0, Avg:  0.0, Max:  0.0, Diff:  0.0, Sum:  0.0, Workers: 8
[2025-06-17T22:38:14.056+0300][3224][19180][debug][gc,phases] GC(24)         Dead                           Min: 0, Avg:  0.0, Max: 0, Diff: 0, Sum: 0, Workers: 8
[2025-06-17T22:38:14.056+0300][3224][19180][debug][gc,phases] GC(24)         Total                          Min: 0, Avg:  0.0, Max: 0, Diff: 0, Sum: 0, Workers: 8
[2025-06-17T22:38:14.056+0300][3224][19180][debug][gc,phases] GC(24)       StringDedup Table Weak         Min:  0.0, Avg:  0.0, Max:  0.0, Diff:  0.0, Sum:  0.0, Workers: 8
[2025-06-17T22:38:14.056+0300][3224][19180][debug][gc,phases] GC(24)         Dead                           Min: 0, Avg:  0.0, Max: 0, Diff: 0, Sum: 0, Workers: 8
[2025-06-17T22:38:14.056+0300][3224][19180][debug][gc,phases] GC(24)         Total                          Min: 0, Avg:  0.0, Max: 0, Diff: 0, Sum: 0, Workers: 8
[2025-06-17T22:38:14.056+0300][3224][19180][debug][gc,phases] GC(24)       StringDedup Requests0 Weak     Min:  0.0, Avg:  0.0, Max:  0.0, Diff:  0.0, Sum:  0.0, Workers: 8
[2025-06-17T22:38:14.056+0300][3224][19180][debug][gc,phases] GC(24)         Dead                           Min: 0, Avg:  0.0, Max: 0, Diff: 0, Sum: 0, Workers: 8
[2025-06-17T22:38:14.056+0300][3224][19180][debug][gc,phases] GC(24)         Total                          Min: 0, Avg:  0.0, Max: 0, Diff: 0, Sum: 0, Workers: 8
[2025-06-17T22:38:14.056+0300][3224][19180][debug][gc,phases] GC(24)       StringDedup Requests1 Weak     Min:  0.0, Avg:  0.0, Max:  0.0, Diff:  0.0, Sum:  0.0, Workers: 8
[2025-06-17T22:38:14.056+0300][3224][19180][debug][gc,phases] GC(24)         Dead                           Min: 0, Avg:  0.0, Max: 0, Diff: 0, Sum: 0, Workers: 8
[2025-06-17T22:38:14.056+0300][3224][19180][debug][gc,phases] GC(24)         Total                          Min: 0, Avg:  0.0, Max: 0, Diff: 0, Sum: 0, Workers: 8
[2025-06-17T22:38:14.056+0300][3224][19180][debug][gc,phases] GC(24)       Weak JFR Old Object Samples    Min:  0.0, Avg:  0.0, Max:  0.0, Diff:  0.0, Sum:  0.0, Workers: 8
[2025-06-17T22:38:14.056+0300][3224][19180][debug][gc,phases] GC(24)         Dead                           Min: 0, Avg:  0.0, Max: 0, Diff: 0, Sum: 0, Workers: 8
[2025-06-17T22:38:14.056+0300][3224][19180][debug][gc,phases] GC(24)         Total                          Min: 0, Avg:  0.0, Max: 0, Diff: 0, Sum: 0, Workers: 8
[2025-06-17T22:38:14.056+0300][3224][19180][debug][gc,phases] GC(24)     Post Evacuate Cleanup 1: 0.2ms
[2025-06-17T22:38:14.056+0300][3224][19180][debug][gc,phases] GC(24)       Merge Per-Thread State (ms):   Min:  0.1, Avg:  0.1, Max:  0.1, Diff:  0.0, Sum:  0.1, Workers: 1
[2025-06-17T22:38:14.056+0300][3224][19180][debug][gc,phases] GC(24)         Copied Bytes                   Min: 28552, Avg: 90997.0, Max: 124064, Diff: 95512, Sum: 727976, Workers: 8
[2025-06-17T22:38:14.056+0300][3224][19180][debug][gc,phases] GC(24)         LAB Waste                      Min: 104, Avg: 178.0, Max: 304, Diff: 200, Sum: 1424, Workers: 8
[2025-06-17T22:38:14.056+0300][3224][19180][debug][gc,phases] GC(24)         LAB Undo Waste                 Min: 0, Avg:  0.0, Max: 0, Diff: 0, Sum: 0, Workers: 8
[2025-06-17T22:38:14.056+0300][3224][19180][debug][gc,phases] GC(24)       Clear Logged Cards (ms):       Min:  0.0, Avg:  0.1, Max:  0.2, Diff:  0.2, Sum:  0.4, Workers: 5
[2025-06-17T22:38:14.056+0300][3224][19180][debug][gc,phases] GC(24)       Recalculate Used Memory (ms):  Min:  0.0, Avg:  0.0, Max:  0.0, Diff:  0.0, Sum:  0.0, Workers: 1
[2025-06-17T22:38:14.056+0300][3224][19180][debug][gc,phases] GC(24)     Post Evacuate Cleanup 2: 0.3ms
[2025-06-17T22:38:14.056+0300][3224][19180][debug][gc,phases] GC(24)       Update Derived Pointers (ms):  Min:  0.0, Avg:  0.0, Max:  0.0, Diff:  0.0, Sum:  0.0, Workers: 1
[2025-06-17T22:38:14.056+0300][3224][19180][debug][gc,phases] GC(24)       Eagerly Reclaim Humongous Objects (ms): Min:  0.0, Avg:  0.0, Max:  0.0, Diff:  0.0, Sum:  0.0, Workers: 1
[2025-06-17T22:38:14.056+0300][3224][19180][debug][gc,phases] GC(24)         Humongous Total                Min: 6, Avg:  6.0, Max: 6, Diff: 0, Sum: 6, Workers: 1
[2025-06-17T22:38:14.056+0300][3224][19180][debug][gc,phases] GC(24)         Humongous Candidates           Min: 3, Avg:  3.0, Max: 3, Diff: 0, Sum: 3, Workers: 1
[2025-06-17T22:38:14.056+0300][3224][19180][debug][gc,phases] GC(24)         Humongous Reclaimed            Min: 0, Avg:  0.0, Max: 0, Diff: 0, Sum: 0, Workers: 1
[2025-06-17T22:38:14.056+0300][3224][19180][debug][gc,phases] GC(24)       Redirty Logged Cards (ms):     Min:  0.0, Avg:  0.0, Max:  0.0, Diff:  0.0, Sum:  0.0, Workers: 8
[2025-06-17T22:38:14.056+0300][3224][19180][debug][gc,phases] GC(24)         Redirtied Cards:               Min: 0, Avg:  1.1, Max: 9, Diff: 9, Sum: 9, Workers: 8
[2025-06-17T22:38:14.056+0300][3224][19180][debug][gc,phases] GC(24)       Resize TLABs (ms):             Min:  0.0, Avg:  0.0, Max:  0.0, Diff:  0.0, Sum:  0.0, Workers: 8
[2025-06-17T22:38:14.056+0300][3224][19180][debug][gc,phases] GC(24)       Free Collection Set (ms):      Min:  0.2, Avg:  0.2, Max:  0.2, Diff:  0.0, Sum:  1.7, Workers: 8
[2025-06-17T22:38:14.056+0300][3224][19180][debug][gc,phases] GC(24)     Rebuild Free List: 0.1ms
[2025-06-17T22:38:14.056+0300][3224][19180][debug][gc,phases] GC(24)     Prepare For Mutator: 0.0ms
[2025-06-17T22:38:14.056+0300][3224][19180][debug][gc,phases] GC(24)     Expand Heap After Collection: 0.0ms
[2025-06-17T22:38:14.056+0300][3224][19180][info ][gc,phases] GC(24)   Other: 0.1ms
[2025-06-17T22:38:14.056+0300][3224][19180][info ][gc,heap  ] GC(24) Eden regions: 1227->0(1227)
[2025-06-17T22:38:14.056+0300][3224][19180][info ][gc,heap  ] GC(24) Survivor regions: 1->1(154)
[2025-06-17T22:38:14.056+0300][3224][19180][info ][gc,heap  ] GC(24) Old regions: 10->10
[2025-06-17T22:38:14.056+0300][3224][19180][info ][gc,heap  ] GC(24) Humongous regions: 18->18
[2025-06-17T22:38:14.056+0300][3224][19180][debug][gc,heap  ] GC(24) Heap after GC invocations=25 (full 2):
[2025-06-17T22:38:14.056+0300][3224][19180][debug][gc,heap  ] GC(24)  garbage-first heap   total 2097152K, used 22917K [0x0000000080000000, 0x0000000100000000)
[2025-06-17T22:38:14.056+0300][3224][19180][debug][gc,heap  ] GC(24)   region size 1024K, 1 young (1024K), 1 survivors (1024K)
[2025-06-17T22:38:14.056+0300][3224][19180][debug][gc,heap  ] GC(24)  Metaspace       used 8733K, committed 9792K, reserved 1114112K
[2025-06-17T22:38:14.056+0300][3224][19180][debug][gc,heap  ] GC(24)   class space    used 874K, committed 1280K, reserved 1048576K
[2025-06-17T22:38:14.056+0300][3224][19180][info ][gc       ] GC(24) Pause Young (Normal) (G1 Evacuation Pause) 1249M->22M(2048M) 3.607ms
[2025-06-17T22:38:14.056+0300][3224][19180][info ][safepoint] Safepoint "G1CollectForAllocation", Time since last: 436389200 ns, Reaching safepoint: 374400 ns, Cleanup: 23400 ns, At safepoint: 3666000 ns, Total: 4063800 ns
[2025-06-17T22:38:14.489+0300][3224][19180][debug][safepoint] Safepoint synchronization initiated using striped semaphore wait barrier. (20 threads)
[2025-06-17T22:38:14.489+0300][3224][20616][debug][safepoint] ... found polling page loop exception at pc = 0x00000275901bda60, stub =0x000002758fbb5d80
[2025-06-17T22:38:14.489+0300][3224][10112][debug][safepoint] ... found polling page loop exception at pc = 0x00000275901bda60, stub =0x000002758fbb5d80
[2025-06-17T22:38:14.489+0300][3224][12336][debug][safepoint] ... found polling page loop exception at pc = 0x00000275901bda60, stub =0x000002758fbb5d80
[2025-06-17T22:38:14.489+0300][3224][19180][debug][gc,heap  ] GC(25) Heap before GC invocations=25 (full 2):
[2025-06-17T22:38:14.489+0300][3224][19180][debug][gc,heap  ] GC(25)  garbage-first heap   total 2097152K, used 1279365K [0x0000000080000000, 0x0000000100000000)
[2025-06-17T22:38:14.489+0300][3224][19180][debug][gc,heap  ] GC(25)   region size 1024K, 1228 young (1257472K), 1 survivors (1024K)
[2025-06-17T22:38:14.489+0300][3224][19180][debug][gc,heap  ] GC(25)  Metaspace       used 8733K, committed 9792K, reserved 1114112K
[2025-06-17T22:38:14.489+0300][3224][19180][debug][gc,heap  ] GC(25)   class space    used 874K, committed 1280K, reserved 1048576K
[2025-06-17T22:38:14.489+0300][3224][19180][info ][gc,phases] GC(25)   Pre Evacuate Collection Set: 0.3ms
[2025-06-17T22:38:14.489+0300][3224][19180][debug][gc,phases] GC(25)     Pre Evacuate Prepare: 0.1ms
[2025-06-17T22:38:14.489+0300][3224][19180][debug][gc,phases] GC(25)       JT Retire TLABs And Flush Logs (ms): Min:  0.0, Avg:  0.0, Max:  0.0, Diff:  0.0, Sum:  0.0, Workers: 2
[2025-06-17T22:38:14.489+0300][3224][19180][debug][gc,phases] GC(25)       Non-JT Flush Logs (ms):        Min:  0.0, Avg:  0.0, Max:  0.0, Diff:  0.0, Sum:  0.0, Workers: 1
[2025-06-17T22:38:14.489+0300][3224][19180][debug][gc,phases] GC(25)     Choose Collection Set: 0.0ms
[2025-06-17T22:38:14.489+0300][3224][19180][debug][gc,phases] GC(25)     Region Register: 0.2ms
[2025-06-17T22:38:14.489+0300][3224][19180][debug][gc,phases] GC(25)     Prepare Heap Roots: 0.0ms
[2025-06-17T22:38:14.489+0300][3224][19180][info ][gc,phases] GC(25)   Merge Heap Roots: 0.2ms
[2025-06-17T22:38:14.489+0300][3224][19180][debug][gc,phases] GC(25)     Prepare Merge Heap Roots: 0.0ms
[2025-06-17T22:38:14.489+0300][3224][19180][debug][gc,phases] GC(25)     Remembered Sets (ms):          Min:  0.0, Avg:  0.1, Max:  0.1, Diff:  0.1, Sum:  0.9, Workers: 8
[2025-06-17T22:38:14.489+0300][3224][19180][debug][gc,phases] GC(25)       Eager Reclaim (ms):            Min:  0.0, Avg:  0.0, Max:  0.0, Diff:  0.0, Sum:  0.0, Workers: 1
[2025-06-17T22:38:14.489+0300][3224][19180][debug][gc,phases] GC(25)       Merged Inline                  Min: 0, Avg:  0.0, Max: 0, Diff: 0, Sum: 0, Workers: 8
[2025-06-17T22:38:14.489+0300][3224][19180][debug][gc,phases] GC(25)       Merged ArrayOfCards            Min: 0, Avg:  0.0, Max: 0, Diff: 0, Sum: 0, Workers: 8
[2025-06-17T22:38:14.489+0300][3224][19180][debug][gc,phases] GC(25)       Merged Howl                    Min: 0, Avg:  0.0, Max: 0, Diff: 0, Sum: 0, Workers: 8
[2025-06-17T22:38:14.489+0300][3224][19180][debug][gc,phases] GC(25)       Merged Full                    Min: 0, Avg:  0.0, Max: 0, Diff: 0, Sum: 0, Workers: 8
[2025-06-17T22:38:14.489+0300][3224][19180][debug][gc,phases] GC(25)       Merged Howl Inline             Min: 0, Avg:  0.0, Max: 0, Diff: 0, Sum: 0, Workers: 8
[2025-06-17T22:38:14.489+0300][3224][19180][debug][gc,phases] GC(25)       Merged Howl ArrayOfCards       Min: 0, Avg:  0.0, Max: 0, Diff: 0, Sum: 0, Workers: 8
[2025-06-17T22:38:14.489+0300][3224][19180][debug][gc,phases] GC(25)       Merged Howl BitMap             Min: 0, Avg:  0.0, Max: 0, Diff: 0, Sum: 0, Workers: 8
[2025-06-17T22:38:14.489+0300][3224][19180][debug][gc,phases] GC(25)       Merged Howl Full               Min: 0, Avg:  0.0, Max: 0, Diff: 0, Sum: 0, Workers: 8
[2025-06-17T22:38:14.489+0300][3224][19180][debug][gc,phases] GC(25)       Merged Cards                   Min: 8, Avg:  9.0, Max: 16, Diff: 8, Sum: 72, Workers: 8
[2025-06-17T22:38:14.489+0300][3224][19180][debug][gc,phases] GC(25)     Log Buffers (ms):              Min:  0.0, Avg:  0.0, Max:  0.0, Diff:  0.0, Sum:  0.0, Workers: 8
[2025-06-17T22:38:14.489+0300][3224][19180][debug][gc,phases] GC(25)       Dirty Cards:                   Min: 0, Avg:  1.4, Max: 11, Diff: 11, Sum: 11, Workers: 8
[2025-06-17T22:38:14.489+0300][3224][19180][debug][gc,phases] GC(25)       Skipped Cards:                 Min: 0, Avg:  0.0, Max: 0, Diff: 0, Sum: 0, Workers: 8
[2025-06-17T22:38:14.489+0300][3224][19180][info ][gc,phases] GC(25)   Evacuate Collection Set: 0.4ms
[2025-06-17T22:38:14.489+0300][3224][19180][debug][gc,phases] GC(25)     Ext Root Scanning (ms):        Min:  0.0, Avg:  0.1, Max:  0.1, Diff:  0.0, Sum:  0.5, Workers: 8
[2025-06-17T22:38:14.489+0300][3224][19180][debug][gc,phases] GC(25)     Scan Heap Roots (ms):          Min:  0.0, Avg:  0.0, Max:  0.0, Diff:  0.0, Sum:  0.0, Workers: 8
[2025-06-17T22:38:14.489+0300][3224][19180][debug][gc,phases] GC(25)       Scanned Cards:                 Min: 0, Avg:  1.2, Max: 4, Diff: 4, Sum: 10, Workers: 8
[2025-06-17T22:38:14.489+0300][3224][19180][debug][gc,phases] GC(25)       Scanned Blocks:                Min: 0, Avg:  1.1, Max: 4, Diff: 4, Sum: 9, Workers: 8
[2025-06-17T22:38:14.489+0300][3224][19180][debug][gc,phases] GC(25)       Claimed Chunks:                Min: 0, Avg:  1.0, Max: 3, Diff: 3, Sum: 8, Workers: 8
[2025-06-17T22:38:14.489+0300][3224][19180][debug][gc,phases] GC(25)       Found Roots:                   Min: 0, Avg:  1.1, Max: 3, Diff: 3, Sum: 9, Workers: 8
[2025-06-17T22:38:14.489+0300][3224][19180][debug][gc,phases] GC(25)     Code Root Scan (ms):           Min:  0.1, Avg:  0.1, Max:  0.1, Diff:  0.0, Sum:  0.8, Workers: 8
[2025-06-17T22:38:14.489+0300][3224][19180][debug][gc,phases] GC(25)       Scanned Nmethods               Min: 0, Avg:  0.0, Max: 0, Diff: 0, Sum: 0, Workers: 8
[2025-06-17T22:38:14.489+0300][3224][19180][debug][gc,phases] GC(25)     Object Copy (ms):              Min:  0.1, Avg:  0.1, Max:  0.1, Diff:  0.0, Sum:  0.7, Workers: 8
[2025-06-17T22:38:14.489+0300][3224][19180][debug][gc,phases] GC(25)     Termination (ms):              Min:  0.0, Avg:  0.0, Max:  0.0, Diff:  0.0, Sum:  0.1, Workers: 8
[2025-06-17T22:38:14.489+0300][3224][19180][debug][gc,phases] GC(25)       Termination Attempts:          Min: 1, Avg:  1.0, Max: 1, Diff: 0, Sum: 8, Workers: 8
[2025-06-17T22:38:14.489+0300][3224][19180][debug][gc,phases] GC(25)     GC Worker Other (ms):          Min:  0.1, Avg:  0.1, Max:  0.1, Diff:  0.0, Sum:  0.9, Workers: 8
[2025-06-17T22:38:14.489+0300][3224][19180][debug][gc,phases] GC(25)     GC Worker Total (ms):          Min:  0.4, Avg:  0.4, Max:  0.4, Diff:  0.0, Sum:  3.0, Workers: 8
[2025-06-17T22:38:14.489+0300][3224][19180][info ][gc,phases] GC(25)   Post Evacuate Collection Set: 0.8ms
[2025-06-17T22:38:14.489+0300][3224][19180][debug][gc,phases] GC(25)     NMethod List Cleanup: 0.0ms
[2025-06-17T22:38:14.489+0300][3224][19180][debug][gc,phases] GC(25)     Reference Processing: 0.1ms
[2025-06-17T22:38:14.489+0300][3224][19180][debug][gc,phases] GC(25)     Weak Processing: 0.1ms
[2025-06-17T22:38:14.489+0300][3224][19180][debug][gc,phases] GC(25)       VM Weak                        Min:  0.0, Avg:  0.0, Max:  0.0, Diff:  0.0, Sum:  0.0, Workers: 8
[2025-06-17T22:38:14.489+0300][3224][19180][debug][gc,phases] GC(25)         Dead                           Min: 0, Avg:  0.0, Max: 0, Diff: 0, Sum: 0, Workers: 8
[2025-06-17T22:38:14.489+0300][3224][19180][debug][gc,phases] GC(25)         Total                          Min: 0, Avg: 15.4, Max: 83, Diff: 83, Sum: 123, Workers: 8
[2025-06-17T22:38:14.489+0300][3224][19180][debug][gc,phases] GC(25)       ObjectSynchronizer Weak        Min:  0.0, Avg:  0.0, Max:  0.0, Diff:  0.0, Sum:  0.0, Workers: 8
[2025-06-17T22:38:14.489+0300][3224][19180][debug][gc,phases] GC(25)         Dead                           Min: 0, Avg:  0.0, Max: 0, Diff: 0, Sum: 0, Workers: 8
[2025-06-17T22:38:14.489+0300][3224][19180][debug][gc,phases] GC(25)         Total                          Min: 0, Avg: 18.6, Max: 85, Diff: 85, Sum: 149, Workers: 8
[2025-06-17T22:38:14.489+0300][3224][19180][debug][gc,phases] GC(25)       JVMTI Tag Weak OopStorage      Min:  0.0, Avg:  0.0, Max:  0.0, Diff:  0.0, Sum:  0.0, Workers: 8
[2025-06-17T22:38:14.489+0300][3224][19180][debug][gc,phases] GC(25)         Dead                           Min: 0, Avg:  0.0, Max: 0, Diff: 0, Sum: 0, Workers: 8
[2025-06-17T22:38:14.489+0300][3224][19180][debug][gc,phases] GC(25)         Total                          Min: 0, Avg:  0.0, Max: 0, Diff: 0, Sum: 0, Workers: 8
[2025-06-17T22:38:14.489+0300][3224][19180][debug][gc,phases] GC(25)       StringTable Weak               Min:  0.0, Avg:  0.0, Max:  0.0, Diff:  0.0, Sum:  0.1, Workers: 8
[2025-06-17T22:38:14.489+0300][3224][19180][debug][gc,phases] GC(25)         Dead                           Min: 0, Avg:  0.0, Max: 0, Diff: 0, Sum: 0, Workers: 8
[2025-06-17T22:38:14.489+0300][3224][19180][debug][gc,phases] GC(25)         Total                          Min: 0, Avg: 778.5, Max: 1088, Diff: 1088, Sum: 6228, Workers: 8
[2025-06-17T22:38:14.489+0300][3224][19180][debug][gc,phases] GC(25)       ResolvedMethodTable Weak       Min:  0.0, Avg:  0.0, Max:  0.0, Diff:  0.0, Sum:  0.0, Workers: 8
[2025-06-17T22:38:14.489+0300][3224][19180][debug][gc,phases] GC(25)         Dead                           Min: 0, Avg:  0.0, Max: 0, Diff: 0, Sum: 0, Workers: 8
[2025-06-17T22:38:14.489+0300][3224][19180][debug][gc,phases] GC(25)         Total                          Min: 0, Avg: 111.8, Max: 191, Diff: 191, Sum: 894, Workers: 8
[2025-06-17T22:38:14.489+0300][3224][19180][debug][gc,phases] GC(25)       JNI Weak                       Min:  0.0, Avg:  0.0, Max:  0.0, Diff:  0.0, Sum:  0.0, Workers: 8
[2025-06-17T22:38:14.489+0300][3224][19180][debug][gc,phases] GC(25)         Dead                           Min: 0, Avg:  0.0, Max: 0, Diff: 0, Sum: 0, Workers: 8
[2025-06-17T22:38:14.489+0300][3224][19180][debug][gc,phases] GC(25)         Total                          Min: 0, Avg:  0.0, Max: 0, Diff: 0, Sum: 0, Workers: 8
[2025-06-17T22:38:14.489+0300][3224][19180][debug][gc,phases] GC(25)       StringDedup Table Weak         Min:  0.0, Avg:  0.0, Max:  0.0, Diff:  0.0, Sum:  0.0, Workers: 8
[2025-06-17T22:38:14.489+0300][3224][19180][debug][gc,phases] GC(25)         Dead                           Min: 0, Avg:  0.0, Max: 0, Diff: 0, Sum: 0, Workers: 8
[2025-06-17T22:38:14.489+0300][3224][19180][debug][gc,phases] GC(25)         Total                          Min: 0, Avg:  0.0, Max: 0, Diff: 0, Sum: 0, Workers: 8
[2025-06-17T22:38:14.489+0300][3224][19180][debug][gc,phases] GC(25)       StringDedup Requests0 Weak     Min:  0.0, Avg:  0.0, Max:  0.0, Diff:  0.0, Sum:  0.0, Workers: 8
[2025-06-17T22:38:14.489+0300][3224][19180][debug][gc,phases] GC(25)         Dead                           Min: 0, Avg:  0.0, Max: 0, Diff: 0, Sum: 0, Workers: 8
[2025-06-17T22:38:14.489+0300][3224][19180][debug][gc,phases] GC(25)         Total                          Min: 0, Avg:  0.0, Max: 0, Diff: 0, Sum: 0, Workers: 8
[2025-06-17T22:38:14.489+0300][3224][19180][debug][gc,phases] GC(25)       StringDedup Requests1 Weak     Min:  0.0, Avg:  0.0, Max:  0.0, Diff:  0.0, Sum:  0.0, Workers: 8
[2025-06-17T22:38:14.489+0300][3224][19180][debug][gc,phases] GC(25)         Dead                           Min: 0, Avg:  0.0, Max: 0, Diff: 0, Sum: 0, Workers: 8
[2025-06-17T22:38:14.489+0300][3224][19180][debug][gc,phases] GC(25)         Total                          Min: 0, Avg:  0.0, Max: 0, Diff: 0, Sum: 0, Workers: 8
[2025-06-17T22:38:14.489+0300][3224][19180][debug][gc,phases] GC(25)       Weak JFR Old Object Samples    Min:  0.0, Avg:  0.0, Max:  0.0, Diff:  0.0, Sum:  0.0, Workers: 8
[2025-06-17T22:38:14.489+0300][3224][19180][debug][gc,phases] GC(25)         Dead                           Min: 0, Avg:  0.0, Max: 0, Diff: 0, Sum: 0, Workers: 8
[2025-06-17T22:38:14.489+0300][3224][19180][debug][gc,phases] GC(25)         Total                          Min: 0, Avg:  0.0, Max: 0, Diff: 0, Sum: 0, Workers: 8
[2025-06-17T22:38:14.489+0300][3224][19180][debug][gc,phases] GC(25)     Post Evacuate Cleanup 1: 0.2ms
[2025-06-17T22:38:14.489+0300][3224][19180][debug][gc,phases] GC(25)       Merge Per-Thread State (ms):   Min:  0.1, Avg:  0.1, Max:  0.1, Diff:  0.0, Sum:  0.1, Workers: 1
[2025-06-17T22:38:14.489+0300][3224][19180][debug][gc,phases] GC(25)         Copied Bytes                   Min: 45840, Avg: 89513.0, Max: 126696, Diff: 80856, Sum: 716104, Workers: 8
[2025-06-17T22:38:14.489+0300][3224][19180][debug][gc,phases] GC(25)         LAB Waste                      Min: 128, Avg: 164.0, Max: 184, Diff: 56, Sum: 1312, Workers: 8
[2025-06-17T22:38:14.489+0300][3224][19180][debug][gc,phases] GC(25)         LAB Undo Waste                 Min: 0, Avg:  0.0, Max: 0, Diff: 0, Sum: 0, Workers: 8
[2025-06-17T22:38:14.489+0300][3224][19180][debug][gc,phases] GC(25)       Clear Logged Cards (ms):       Min:  0.0, Avg:  0.1, Max:  0.2, Diff:  0.2, Sum:  0.3, Workers: 5
[2025-06-17T22:38:14.489+0300][3224][19180][debug][gc,phases] GC(25)       Recalculate Used Memory (ms):  Min:  0.0, Avg:  0.0, Max:  0.0, Diff:  0.0, Sum:  0.0, Workers: 1
[2025-06-17T22:38:14.489+0300][3224][19180][debug][gc,phases] GC(25)     Post Evacuate Cleanup 2: 0.3ms
[2025-06-17T22:38:14.489+0300][3224][19180][debug][gc,phases] GC(25)       Update Derived Pointers (ms):  Min:  0.0, Avg:  0.0, Max:  0.0, Diff:  0.0, Sum:  0.0, Workers: 1
[2025-06-17T22:38:14.489+0300][3224][19180][debug][gc,phases] GC(25)       Eagerly Reclaim Humongous Objects (ms): Min:  0.0, Avg:  0.0, Max:  0.0, Diff:  0.0, Sum:  0.0, Workers: 1
[2025-06-17T22:38:14.489+0300][3224][19180][debug][gc,phases] GC(25)         Humongous Total                Min: 6, Avg:  6.0, Max: 6, Diff: 0, Sum: 6, Workers: 1
[2025-06-17T22:38:14.489+0300][3224][19180][debug][gc,phases] GC(25)         Humongous Candidates           Min: 3, Avg:  3.0, Max: 3, Diff: 0, Sum: 3, Workers: 1
[2025-06-17T22:38:14.489+0300][3224][19180][debug][gc,phases] GC(25)         Humongous Reclaimed            Min: 0, Avg:  0.0, Max: 0, Diff: 0, Sum: 0, Workers: 1
[2025-06-17T22:38:14.489+0300][3224][19180][debug][gc,phases] GC(25)       Redirty Logged Cards (ms):     Min:  0.0, Avg:  0.0, Max:  0.0, Diff:  0.0, Sum:  0.0, Workers: 8
[2025-06-17T22:38:14.489+0300][3224][19180][debug][gc,phases] GC(25)         Redirtied Cards:               Min: 0, Avg:  1.1, Max: 9, Diff: 9, Sum: 9, Workers: 8
[2025-06-17T22:38:14.489+0300][3224][19180][debug][gc,phases] GC(25)       Resize TLABs (ms):             Min:  0.0, Avg:  0.0, Max:  0.0, Diff:  0.0, Sum:  0.0, Workers: 8
[2025-06-17T22:38:14.489+0300][3224][19180][debug][gc,phases] GC(25)       Free Collection Set (ms):      Min:  0.0, Avg:  0.2, Max:  0.3, Diff:  0.2, Sum:  1.8, Workers: 8
[2025-06-17T22:38:14.489+0300][3224][19180][debug][gc,phases] GC(25)     Rebuild Free List: 0.1ms
[2025-06-17T22:38:14.489+0300][3224][19180][debug][gc,phases] GC(25)     Prepare For Mutator: 0.0ms
[2025-06-17T22:38:14.489+0300][3224][19180][debug][gc,phases] GC(25)     Expand Heap After Collection: 0.0ms
[2025-06-17T22:38:14.489+0300][3224][19180][info ][gc,phases] GC(25)   Other: 0.1ms
[2025-06-17T22:38:14.489+0300][3224][19180][info ][gc,heap  ] GC(25) Eden regions: 1227->0(1227)
[2025-06-17T22:38:14.489+0300][3224][19180][info ][gc,heap  ] GC(25) Survivor regions: 1->1(154)
[2025-06-17T22:38:14.489+0300][3224][19180][info ][gc,heap  ] GC(25) Old regions: 10->10
[2025-06-17T22:38:14.489+0300][3224][19180][info ][gc,heap  ] GC(25) Humongous regions: 18->18
[2025-06-17T22:38:14.489+0300][3224][19180][debug][gc,heap  ] GC(25) Heap after GC invocations=26 (full 2):
[2025-06-17T22:38:14.489+0300][3224][19180][debug][gc,heap  ] GC(25)  garbage-first heap   total 2097152K, used 22906K [0x0000000080000000, 0x0000000100000000)
[2025-06-17T22:38:14.489+0300][3224][19180][debug][gc,heap  ] GC(25)   region size 1024K, 1 young (1024K), 1 survivors (1024K)
[2025-06-17T22:38:14.489+0300][3224][19180][debug][gc,heap  ] GC(25)  Metaspace       used 8733K, committed 9792K, reserved 1114112K
[2025-06-17T22:38:14.489+0300][3224][19180][debug][gc,heap  ] GC(25)   class space    used 874K, committed 1280K, reserved 1048576K
[2025-06-17T22:38:14.489+0300][3224][19180][info ][gc       ] GC(25) Pause Young (Normal) (G1 Evacuation Pause) 1249M->22M(2048M) 3.463ms
[2025-06-17T22:38:14.489+0300][3224][19180][info ][safepoint] Safepoint "G1CollectForAllocation", Time since last: 429304200 ns, Reaching safepoint: 366600 ns, Cleanup: 5900 ns, At safepoint: 3521100 ns, Total: 3893600 ns
[2025-06-17T22:38:14.944+0300][3224][19180][debug][safepoint] Safepoint synchronization initiated using striped semaphore wait barrier. (20 threads)
[2025-06-17T22:38:14.944+0300][3224][18008][debug][safepoint] ... found polling page loop exception at pc = 0x00000275901bda60, stub =0x000002758fbb5d80
[2025-06-17T22:38:14.944+0300][3224][10112][debug][safepoint] ... found polling page loop exception at pc = 0x00000275901bda60, stub =0x000002758fbb5d80
[2025-06-17T22:38:14.944+0300][3224][22328][debug][safepoint] ... found polling page loop exception at pc = 0x000002759015cc07, stub =0x000002758fbb5d80
[2025-06-17T22:38:14.944+0300][3224][7824 ][debug][safepoint] ... found polling page loop exception at pc = 0x00000275901bda60, stub =0x000002758fbb5d80
[2025-06-17T22:38:14.944+0300][3224][19180][debug][gc,heap  ] GC(26) Heap before GC invocations=26 (full 2):
[2025-06-17T22:38:14.944+0300][3224][19180][debug][gc,heap  ] GC(26)  garbage-first heap   total 2097152K, used 1279354K [0x0000000080000000, 0x0000000100000000)
[2025-06-17T22:38:14.944+0300][3224][19180][debug][gc,heap  ] GC(26)   region size 1024K, 1228 young (1257472K), 1 survivors (1024K)
[2025-06-17T22:38:14.944+0300][3224][19180][debug][gc,heap  ] GC(26)  Metaspace       used 8733K, committed 9792K, reserved 1114112K
[2025-06-17T22:38:14.944+0300][3224][19180][debug][gc,heap  ] GC(26)   class space    used 874K, committed 1280K, reserved 1048576K
[2025-06-17T22:38:14.946+0300][3224][19180][info ][gc,phases] GC(26)   Pre Evacuate Collection Set: 0.4ms
[2025-06-17T22:38:14.946+0300][3224][19180][debug][gc,phases] GC(26)     Pre Evacuate Prepare: 0.1ms
[2025-06-17T22:38:14.946+0300][3224][19180][debug][gc,phases] GC(26)       JT Retire TLABs And Flush Logs (ms): Min:  0.0, Avg:  0.0, Max:  0.0, Diff:  0.0, Sum:  0.0, Workers: 2
[2025-06-17T22:38:14.946+0300][3224][19180][debug][gc,phases] GC(26)       Non-JT Flush Logs (ms):        Min:  0.0, Avg:  0.0, Max:  0.0, Diff:  0.0, Sum:  0.0, Workers: 1
[2025-06-17T22:38:14.946+0300][3224][19180][debug][gc,phases] GC(26)     Choose Collection Set: 0.0ms
[2025-06-17T22:38:14.946+0300][3224][19180][debug][gc,phases] GC(26)     Region Register: 0.3ms
[2025-06-17T22:38:14.946+0300][3224][19180][debug][gc,phases] GC(26)     Prepare Heap Roots: 0.0ms
[2025-06-17T22:38:14.946+0300][3224][19180][info ][gc,phases] GC(26)   Merge Heap Roots: 0.2ms
[2025-06-17T22:38:14.946+0300][3224][19180][debug][gc,phases] GC(26)     Prepare Merge Heap Roots: 0.0ms
[2025-06-17T22:38:14.946+0300][3224][19180][debug][gc,phases] GC(26)     Remembered Sets (ms):          Min:  0.1, Avg:  0.1, Max:  0.1, Diff:  0.0, Sum:  1.0, Workers: 8
[2025-06-17T22:38:14.946+0300][3224][19180][debug][gc,phases] GC(26)       Eager Reclaim (ms):            Min:  0.0, Avg:  0.0, Max:  0.0, Diff:  0.0, Sum:  0.0, Workers: 1
[2025-06-17T22:38:14.946+0300][3224][19180][debug][gc,phases] GC(26)       Merged Inline                  Min: 0, Avg:  0.0, Max: 0, Diff: 0, Sum: 0, Workers: 8
[2025-06-17T22:38:14.946+0300][3224][19180][debug][gc,phases] GC(26)       Merged ArrayOfCards            Min: 0, Avg:  0.0, Max: 0, Diff: 0, Sum: 0, Workers: 8
[2025-06-17T22:38:14.946+0300][3224][19180][debug][gc,phases] GC(26)       Merged Howl                    Min: 0, Avg:  0.0, Max: 0, Diff: 0, Sum: 0, Workers: 8
[2025-06-17T22:38:14.946+0300][3224][19180][debug][gc,phases] GC(26)       Merged Full                    Min: 0, Avg:  0.0, Max: 0, Diff: 0, Sum: 0, Workers: 8
[2025-06-17T22:38:14.946+0300][3224][19180][debug][gc,phases] GC(26)       Merged Howl Inline             Min: 0, Avg:  0.0, Max: 0, Diff: 0, Sum: 0, Workers: 8
[2025-06-17T22:38:14.946+0300][3224][19180][debug][gc,phases] GC(26)       Merged Howl ArrayOfCards       Min: 0, Avg:  0.0, Max: 0, Diff: 0, Sum: 0, Workers: 8
[2025-06-17T22:38:14.946+0300][3224][19180][debug][gc,phases] GC(26)       Merged Howl BitMap             Min: 0, Avg:  0.0, Max: 0, Diff: 0, Sum: 0, Workers: 8
[2025-06-17T22:38:14.946+0300][3224][19180][debug][gc,phases] GC(26)       Merged Howl Full               Min: 0, Avg:  0.0, Max: 0, Diff: 0, Sum: 0, Workers: 8
[2025-06-17T22:38:14.946+0300][3224][19180][debug][gc,phases] GC(26)       Merged Cards                   Min: 8, Avg:  9.0, Max: 16, Diff: 8, Sum: 72, Workers: 8
[2025-06-17T22:38:14.946+0300][3224][19180][debug][gc,phases] GC(26)     Log Buffers (ms):              Min:  0.0, Avg:  0.0, Max:  0.0, Diff:  0.0, Sum:  0.0, Workers: 8
[2025-06-17T22:38:14.946+0300][3224][19180][debug][gc,phases] GC(26)       Dirty Cards:                   Min: 0, Avg:  1.4, Max: 5, Diff: 5, Sum: 11, Workers: 8
[2025-06-17T22:38:14.946+0300][3224][19180][debug][gc,phases] GC(26)       Skipped Cards:                 Min: 0, Avg:  0.0, Max: 0, Diff: 0, Sum: 0, Workers: 8
[2025-06-17T22:38:14.946+0300][3224][19180][info ][gc,phases] GC(26)   Evacuate Collection Set: 0.4ms
[2025-06-17T22:38:14.946+0300][3224][19180][debug][gc,phases] GC(26)     Ext Root Scanning (ms):        Min:  0.1, Avg:  0.1, Max:  0.1, Diff:  0.0, Sum:  0.5, Workers: 8
[2025-06-17T22:38:14.946+0300][3224][19180][debug][gc,phases] GC(26)     Scan Heap Roots (ms):          Min:  0.0, Avg:  0.0, Max:  0.0, Diff:  0.0, Sum:  0.0, Workers: 8
[2025-06-17T22:38:14.946+0300][3224][19180][debug][gc,phases] GC(26)       Scanned Cards:                 Min: 0, Avg:  1.2, Max: 3, Diff: 3, Sum: 10, Workers: 8
[2025-06-17T22:38:14.946+0300][3224][19180][debug][gc,phases] GC(26)       Scanned Blocks:                Min: 0, Avg:  1.1, Max: 3, Diff: 3, Sum: 9, Workers: 8
[2025-06-17T22:38:14.946+0300][3224][19180][debug][gc,phases] GC(26)       Claimed Chunks:                Min: 0, Avg:  1.0, Max: 2, Diff: 2, Sum: 8, Workers: 8
[2025-06-17T22:38:14.946+0300][3224][19180][debug][gc,phases] GC(26)       Found Roots:                   Min: 0, Avg:  1.1, Max: 3, Diff: 3, Sum: 9, Workers: 8
[2025-06-17T22:38:14.946+0300][3224][19180][debug][gc,phases] GC(26)     Code Root Scan (ms):           Min:  0.1, Avg:  0.1, Max:  0.1, Diff:  0.0, Sum:  0.8, Workers: 8
[2025-06-17T22:38:14.946+0300][3224][19180][debug][gc,phases] GC(26)       Scanned Nmethods               Min: 0, Avg:  0.0, Max: 0, Diff: 0, Sum: 0, Workers: 8
[2025-06-17T22:38:14.946+0300][3224][19180][debug][gc,phases] GC(26)     Object Copy (ms):              Min:  0.1, Avg:  0.1, Max:  0.1, Diff:  0.0, Sum:  0.7, Workers: 8
[2025-06-17T22:38:14.946+0300][3224][19180][debug][gc,phases] GC(26)     Termination (ms):              Min:  0.0, Avg:  0.0, Max:  0.0, Diff:  0.0, Sum:  0.1, Workers: 8
[2025-06-17T22:38:14.946+0300][3224][19180][debug][gc,phases] GC(26)       Termination Attempts:          Min: 1, Avg:  1.0, Max: 1, Diff: 0, Sum: 8, Workers: 8
[2025-06-17T22:38:14.946+0300][3224][19180][debug][gc,phases] GC(26)     GC Worker Other (ms):          Min:  0.1, Avg:  0.1, Max:  0.1, Diff:  0.0, Sum:  0.8, Workers: 8
[2025-06-17T22:38:14.946+0300][3224][19180][debug][gc,phases] GC(26)     GC Worker Total (ms):          Min:  0.4, Avg:  0.4, Max:  0.4, Diff:  0.0, Sum:  3.0, Workers: 8
[2025-06-17T22:38:14.946+0300][3224][19180][info ][gc,phases] GC(26)   Post Evacuate Collection Set: 0.8ms
[2025-06-17T22:38:14.946+0300][3224][19180][debug][gc,phases] GC(26)     NMethod List Cleanup: 0.0ms
[2025-06-17T22:38:14.946+0300][3224][19180][debug][gc,phases] GC(26)     Reference Processing: 0.1ms
[2025-06-17T22:38:14.946+0300][3224][19180][debug][gc,phases] GC(26)     Weak Processing: 0.1ms
[2025-06-17T22:38:14.946+0300][3224][19180][debug][gc,phases] GC(26)       VM Weak                        Min:  0.0, Avg:  0.0, Max:  0.0, Diff:  0.0, Sum:  0.0, Workers: 8
[2025-06-17T22:38:14.946+0300][3224][19180][debug][gc,phases] GC(26)         Dead                           Min: 0, Avg:  0.0, Max: 0, Diff: 0, Sum: 0, Workers: 8
[2025-06-17T22:38:14.946+0300][3224][19180][debug][gc,phases] GC(26)         Total                          Min: 0, Avg: 15.4, Max: 102, Diff: 102, Sum: 123, Workers: 8
[2025-06-17T22:38:14.946+0300][3224][19180][debug][gc,phases] GC(26)       ObjectSynchronizer Weak        Min:  0.0, Avg:  0.0, Max:  0.0, Diff:  0.0, Sum:  0.0, Workers: 8
[2025-06-17T22:38:14.946+0300][3224][19180][debug][gc,phases] GC(26)         Dead                           Min: 0, Avg:  0.0, Max: 0, Diff: 0, Sum: 0, Workers: 8
[2025-06-17T22:38:14.946+0300][3224][19180][debug][gc,phases] GC(26)         Total                          Min: 0, Avg: 18.6, Max: 85, Diff: 85, Sum: 149, Workers: 8
[2025-06-17T22:38:14.946+0300][3224][19180][debug][gc,phases] GC(26)       JVMTI Tag Weak OopStorage      Min:  0.0, Avg:  0.0, Max:  0.0, Diff:  0.0, Sum:  0.0, Workers: 8
[2025-06-17T22:38:14.946+0300][3224][19180][debug][gc,phases] GC(26)         Dead                           Min: 0, Avg:  0.0, Max: 0, Diff: 0, Sum: 0, Workers: 8
[2025-06-17T22:38:14.946+0300][3224][19180][debug][gc,phases] GC(26)         Total                          Min: 0, Avg:  0.0, Max: 0, Diff: 0, Sum: 0, Workers: 8
[2025-06-17T22:38:14.946+0300][3224][19180][debug][gc,phases] GC(26)       StringTable Weak               Min:  0.0, Avg:  0.0, Max:  0.0, Diff:  0.0, Sum:  0.1, Workers: 8
[2025-06-17T22:38:14.946+0300][3224][19180][debug][gc,phases] GC(26)         Dead                           Min: 0, Avg:  0.0, Max: 0, Diff: 0, Sum: 0, Workers: 8
[2025-06-17T22:38:14.946+0300][3224][19180][debug][gc,phases] GC(26)         Total                          Min: 0, Avg: 778.5, Max: 1024, Diff: 1024, Sum: 6228, Workers: 8
[2025-06-17T22:38:14.946+0300][3224][19180][debug][gc,phases] GC(26)       ResolvedMethodTable Weak       Min:  0.0, Avg:  0.0, Max:  0.0, Diff:  0.0, Sum:  0.0, Workers: 8
[2025-06-17T22:38:14.946+0300][3224][19180][debug][gc,phases] GC(26)         Dead                           Min: 0, Avg:  0.0, Max: 0, Diff: 0, Sum: 0, Workers: 8
[2025-06-17T22:38:14.946+0300][3224][19180][debug][gc,phases] GC(26)         Total                          Min: 0, Avg: 111.8, Max: 128, Diff: 128, Sum: 894, Workers: 8
[2025-06-17T22:38:14.946+0300][3224][19180][debug][gc,phases] GC(26)       JNI Weak                       Min:  0.0, Avg:  0.0, Max:  0.0, Diff:  0.0, Sum:  0.0, Workers: 8
[2025-06-17T22:38:14.946+0300][3224][19180][debug][gc,phases] GC(26)         Dead                           Min: 0, Avg:  0.0, Max: 0, Diff: 0, Sum: 0, Workers: 8
[2025-06-17T22:38:14.946+0300][3224][19180][debug][gc,phases] GC(26)         Total                          Min: 0, Avg:  0.0, Max: 0, Diff: 0, Sum: 0, Workers: 8
[2025-06-17T22:38:14.946+0300][3224][19180][debug][gc,phases] GC(26)       StringDedup Table Weak         Min:  0.0, Avg:  0.0, Max:  0.0, Diff:  0.0, Sum:  0.0, Workers: 8
[2025-06-17T22:38:14.946+0300][3224][19180][debug][gc,phases] GC(26)         Dead                           Min: 0, Avg:  0.0, Max: 0, Diff: 0, Sum: 0, Workers: 8
[2025-06-17T22:38:14.946+0300][3224][19180][debug][gc,phases] GC(26)         Total                          Min: 0, Avg:  0.0, Max: 0, Diff: 0, Sum: 0, Workers: 8
[2025-06-17T22:38:14.946+0300][3224][19180][debug][gc,phases] GC(26)       StringDedup Requests0 Weak     Min:  0.0, Avg:  0.0, Max:  0.0, Diff:  0.0, Sum:  0.0, Workers: 8
[2025-06-17T22:38:14.946+0300][3224][19180][debug][gc,phases] GC(26)         Dead                           Min: 0, Avg:  0.0, Max: 0, Diff: 0, Sum: 0, Workers: 8
[2025-06-17T22:38:14.946+0300][3224][19180][debug][gc,phases] GC(26)         Total                          Min: 0, Avg:  0.0, Max: 0, Diff: 0, Sum: 0, Workers: 8
[2025-06-17T22:38:14.946+0300][3224][19180][debug][gc,phases] GC(26)       StringDedup Requests1 Weak     Min:  0.0, Avg:  0.0, Max:  0.0, Diff:  0.0, Sum:  0.0, Workers: 8
[2025-06-17T22:38:14.946+0300][3224][19180][debug][gc,phases] GC(26)         Dead                           Min: 0, Avg:  0.0, Max: 0, Diff: 0, Sum: 0, Workers: 8
[2025-06-17T22:38:14.946+0300][3224][19180][debug][gc,phases] GC(26)         Total                          Min: 0, Avg:  0.0, Max: 0, Diff: 0, Sum: 0, Workers: 8
[2025-06-17T22:38:14.946+0300][3224][19180][debug][gc,phases] GC(26)       Weak JFR Old Object Samples    Min:  0.0, Avg:  0.0, Max:  0.0, Diff:  0.0, Sum:  0.0, Workers: 8
[2025-06-17T22:38:14.946+0300][3224][19180][debug][gc,phases] GC(26)         Dead                           Min: 0, Avg:  0.0, Max: 0, Diff: 0, Sum: 0, Workers: 8
[2025-06-17T22:38:14.946+0300][3224][19180][debug][gc,phases] GC(26)         Total                          Min: 0, Avg:  0.0, Max: 0, Diff: 0, Sum: 0, Workers: 8
[2025-06-17T22:38:14.946+0300][3224][19180][debug][gc,phases] GC(26)     Post Evacuate Cleanup 1: 0.2ms
[2025-06-17T22:38:14.946+0300][3224][19180][debug][gc,phases] GC(26)       Merge Per-Thread State (ms):   Min:  0.0, Avg:  0.0, Max:  0.0, Diff:  0.0, Sum:  0.0, Workers: 1
[2025-06-17T22:38:14.946+0300][3224][19180][debug][gc,phases] GC(26)         Copied Bytes                   Min: 55200, Avg: 92417.0, Max: 109144, Diff: 53944, Sum: 739336, Workers: 8
[2025-06-17T22:38:14.946+0300][3224][19180][debug][gc,phases] GC(26)         LAB Waste                      Min: 104, Avg: 193.0, Max: 304, Diff: 200, Sum: 1544, Workers: 8
[2025-06-17T22:38:14.946+0300][3224][19180][debug][gc,phases] GC(26)         LAB Undo Waste                 Min: 0, Avg:  0.0, Max: 0, Diff: 0, Sum: 0, Workers: 8
[2025-06-17T22:38:14.946+0300][3224][19180][debug][gc,phases] GC(26)       Clear Logged Cards (ms):       Min:  0.0, Avg:  0.1, Max:  0.2, Diff:  0.2, Sum:  0.5, Workers: 5
[2025-06-17T22:38:14.946+0300][3224][19180][debug][gc,phases] GC(26)       Recalculate Used Memory (ms):  Min:  0.0, Avg:  0.0, Max:  0.0, Diff:  0.0, Sum:  0.0, Workers: 1
[2025-06-17T22:38:14.946+0300][3224][19180][debug][gc,phases] GC(26)     Post Evacuate Cleanup 2: 0.3ms
[2025-06-17T22:38:14.946+0300][3224][19180][debug][gc,phases] GC(26)       Update Derived Pointers (ms):  Min:  0.0, Avg:  0.0, Max:  0.0, Diff:  0.0, Sum:  0.0, Workers: 1
[2025-06-17T22:38:14.946+0300][3224][19180][debug][gc,phases] GC(26)       Eagerly Reclaim Humongous Objects (ms): Min:  0.0, Avg:  0.0, Max:  0.0, Diff:  0.0, Sum:  0.0, Workers: 1
[2025-06-17T22:38:14.946+0300][3224][19180][debug][gc,phases] GC(26)         Humongous Total                Min: 6, Avg:  6.0, Max: 6, Diff: 0, Sum: 6, Workers: 1
[2025-06-17T22:38:14.946+0300][3224][19180][debug][gc,phases] GC(26)         Humongous Candidates           Min: 3, Avg:  3.0, Max: 3, Diff: 0, Sum: 3, Workers: 1
[2025-06-17T22:38:14.946+0300][3224][19180][debug][gc,phases] GC(26)         Humongous Reclaimed            Min: 0, Avg:  0.0, Max: 0, Diff: 0, Sum: 0, Workers: 1
[2025-06-17T22:38:14.946+0300][3224][19180][debug][gc,phases] GC(26)       Redirty Logged Cards (ms):     Min:  0.0, Avg:  0.0, Max:  0.0, Diff:  0.0, Sum:  0.0, Workers: 8
[2025-06-17T22:38:14.946+0300][3224][19180][debug][gc,phases] GC(26)         Redirtied Cards:               Min: 0, Avg:  1.1, Max: 9, Diff: 9, Sum: 9, Workers: 8
[2025-06-17T22:38:14.946+0300][3224][19180][debug][gc,phases] GC(26)       Resize TLABs (ms):             Min:  0.0, Avg:  0.0, Max:  0.0, Diff:  0.0, Sum:  0.0, Workers: 8
[2025-06-17T22:38:14.946+0300][3224][19180][debug][gc,phases] GC(26)       Free Collection Set (ms):      Min:  0.0, Avg:  0.2, Max:  0.2, Diff:  0.2, Sum:  1.7, Workers: 8
[2025-06-17T22:38:14.946+0300][3224][19180][debug][gc,phases] GC(26)     Rebuild Free List: 0.1ms
[2025-06-17T22:38:14.946+0300][3224][19180][debug][gc,phases] GC(26)     Prepare For Mutator: 0.0ms
[2025-06-17T22:38:14.946+0300][3224][19180][debug][gc,phases] GC(26)     Expand Heap After Collection: 0.0ms
[2025-06-17T22:38:14.946+0300][3224][19180][info ][gc,phases] GC(26)   Other: 0.1ms
[2025-06-17T22:38:14.946+0300][3224][19180][info ][gc,heap  ] GC(26) Eden regions: 1227->0(1227)
[2025-06-17T22:38:14.946+0300][3224][19180][info ][gc,heap  ] GC(26) Survivor regions: 1->1(154)
[2025-06-17T22:38:14.946+0300][3224][19180][info ][gc,heap  ] GC(26) Old regions: 10->10
[2025-06-17T22:38:14.946+0300][3224][19180][info ][gc,heap  ] GC(26) Humongous regions: 18->18
[2025-06-17T22:38:14.946+0300][3224][19180][debug][gc,heap  ] GC(26) Heap after GC invocations=27 (full 2):
[2025-06-17T22:38:14.946+0300][3224][19180][debug][gc,heap  ] GC(26)  garbage-first heap   total 2097152K, used 22931K [0x0000000080000000, 0x0000000100000000)
[2025-06-17T22:38:14.946+0300][3224][19180][debug][gc,heap  ] GC(26)   region size 1024K, 1 young (1024K), 1 survivors (1024K)
[2025-06-17T22:38:14.946+0300][3224][19180][debug][gc,heap  ] GC(26)  Metaspace       used 8733K, committed 9792K, reserved 1114112K
[2025-06-17T22:38:14.946+0300][3224][19180][debug][gc,heap  ] GC(26)   class space    used 874K, committed 1280K, reserved 1048576K
[2025-06-17T22:38:14.946+0300][3224][19180][info ][gc       ] GC(26) Pause Young (Normal) (G1 Evacuation Pause) 1249M->22M(2048M) 3.676ms
[2025-06-17T22:38:14.949+0300][3224][19180][info ][safepoint] Safepoint "G1CollectForAllocation", Time since last: 451269500 ns, Reaching safepoint: 348000 ns, Cleanup: 7100 ns, At safepoint: 3779200 ns, Total: 4134300 ns
[2025-06-17T22:38:15.372+0300][3224][19180][debug][safepoint] Safepoint synchronization initiated using striped semaphore wait barrier. (20 threads)
[2025-06-17T22:38:15.372+0300][3224][12336][debug][safepoint] ... found polling page loop exception at pc = 0x00000275901bda60, stub =0x000002758fbb5d80
[2025-06-17T22:38:15.372+0300][3224][20700][debug][safepoint] ... found polling page loop exception at pc = 0x00000275901bda60, stub =0x000002758fbb5d80
[2025-06-17T22:38:15.372+0300][3224][2056 ][debug][safepoint] ... found polling page loop exception at pc = 0x00000275901bda60, stub =0x000002758fbb5d80
[2025-06-17T22:38:15.372+0300][3224][20616][debug][safepoint] ... found polling page loop exception at pc = 0x000002759023d0c5, stub =0x000002758fbb6600
[2025-06-17T22:38:15.372+0300][3224][22328][debug][safepoint] ... found polling page loop exception at pc = 0x00000275901bda60, stub =0x000002758fbb5d80
[2025-06-17T22:38:15.372+0300][3224][7824 ][debug][safepoint] ... found polling page loop exception at pc = 0x000002759027f7cc, stub =0x000002758fbb6600
[2025-06-17T22:38:15.372+0300][3224][19180][debug][gc,heap  ] GC(27) Heap before GC invocations=27 (full 2):
[2025-06-17T22:38:15.372+0300][3224][19180][debug][gc,heap  ] GC(27)  garbage-first heap   total 2097152K, used 1279379K [0x0000000080000000, 0x0000000100000000)
[2025-06-17T22:38:15.372+0300][3224][19180][debug][gc,heap  ] GC(27)   region size 1024K, 1228 young (1257472K), 1 survivors (1024K)
[2025-06-17T22:38:15.372+0300][3224][19180][debug][gc,heap  ] GC(27)  Metaspace       used 8733K, committed 9792K, reserved 1114112K
[2025-06-17T22:38:15.372+0300][3224][19180][debug][gc,heap  ] GC(27)   class space    used 874K, committed 1280K, reserved 1048576K
[2025-06-17T22:38:15.372+0300][3224][19180][info ][gc,phases] GC(27)   Pre Evacuate Collection Set: 0.3ms
[2025-06-17T22:38:15.372+0300][3224][19180][debug][gc,phases] GC(27)     Pre Evacuate Prepare: 0.1ms
[2025-06-17T22:38:15.372+0300][3224][19180][debug][gc,phases] GC(27)       JT Retire TLABs And Flush Logs (ms): Min:  0.0, Avg:  0.0, Max:  0.0, Diff:  0.0, Sum:  0.0, Workers: 2
[2025-06-17T22:38:15.372+0300][3224][19180][debug][gc,phases] GC(27)       Non-JT Flush Logs (ms):        Min:  0.0, Avg:  0.0, Max:  0.0, Diff:  0.0, Sum:  0.0, Workers: 1
[2025-06-17T22:38:15.372+0300][3224][19180][debug][gc,phases] GC(27)     Choose Collection Set: 0.0ms
[2025-06-17T22:38:15.372+0300][3224][19180][debug][gc,phases] GC(27)     Region Register: 0.3ms
[2025-06-17T22:38:15.372+0300][3224][19180][debug][gc,phases] GC(27)     Prepare Heap Roots: 0.0ms
[2025-06-17T22:38:15.372+0300][3224][19180][info ][gc,phases] GC(27)   Merge Heap Roots: 0.2ms
[2025-06-17T22:38:15.372+0300][3224][19180][debug][gc,phases] GC(27)     Prepare Merge Heap Roots: 0.0ms
[2025-06-17T22:38:15.372+0300][3224][19180][debug][gc,phases] GC(27)     Remembered Sets (ms):          Min:  0.1, Avg:  0.1, Max:  0.1, Diff:  0.0, Sum:  1.0, Workers: 8
[2025-06-17T22:38:15.372+0300][3224][19180][debug][gc,phases] GC(27)       Eager Reclaim (ms):            Min:  0.0, Avg:  0.0, Max:  0.0, Diff:  0.0, Sum:  0.0, Workers: 1
[2025-06-17T22:38:15.372+0300][3224][19180][debug][gc,phases] GC(27)       Merged Inline                  Min: 0, Avg:  0.0, Max: 0, Diff: 0, Sum: 0, Workers: 8
[2025-06-17T22:38:15.372+0300][3224][19180][debug][gc,phases] GC(27)       Merged ArrayOfCards            Min: 0, Avg:  0.0, Max: 0, Diff: 0, Sum: 0, Workers: 8
[2025-06-17T22:38:15.372+0300][3224][19180][debug][gc,phases] GC(27)       Merged Howl                    Min: 0, Avg:  0.0, Max: 0, Diff: 0, Sum: 0, Workers: 8
[2025-06-17T22:38:15.372+0300][3224][19180][debug][gc,phases] GC(27)       Merged Full                    Min: 0, Avg:  0.0, Max: 0, Diff: 0, Sum: 0, Workers: 8
[2025-06-17T22:38:15.372+0300][3224][19180][debug][gc,phases] GC(27)       Merged Howl Inline             Min: 0, Avg:  0.0, Max: 0, Diff: 0, Sum: 0, Workers: 8
[2025-06-17T22:38:15.372+0300][3224][19180][debug][gc,phases] GC(27)       Merged Howl ArrayOfCards       Min: 0, Avg:  0.0, Max: 0, Diff: 0, Sum: 0, Workers: 8
[2025-06-17T22:38:15.372+0300][3224][19180][debug][gc,phases] GC(27)       Merged Howl BitMap             Min: 0, Avg:  0.0, Max: 0, Diff: 0, Sum: 0, Workers: 8
[2025-06-17T22:38:15.372+0300][3224][19180][debug][gc,phases] GC(27)       Merged Howl Full               Min: 0, Avg:  0.0, Max: 0, Diff: 0, Sum: 0, Workers: 8
[2025-06-17T22:38:15.372+0300][3224][19180][debug][gc,phases] GC(27)       Merged Cards                   Min: 8, Avg:  9.0, Max: 16, Diff: 8, Sum: 72, Workers: 8
[2025-06-17T22:38:15.372+0300][3224][19180][debug][gc,phases] GC(27)     Log Buffers (ms):              Min:  0.0, Avg:  0.0, Max:  0.0, Diff:  0.0, Sum:  0.0, Workers: 8
[2025-06-17T22:38:15.372+0300][3224][19180][debug][gc,phases] GC(27)       Dirty Cards:                   Min: 0, Avg:  1.4, Max: 5, Diff: 5, Sum: 11, Workers: 8
[2025-06-17T22:38:15.372+0300][3224][19180][debug][gc,phases] GC(27)       Skipped Cards:                 Min: 0, Avg:  0.0, Max: 0, Diff: 0, Sum: 0, Workers: 8
[2025-06-17T22:38:15.372+0300][3224][19180][info ][gc,phases] GC(27)   Evacuate Collection Set: 0.7ms
[2025-06-17T22:38:15.372+0300][3224][19180][debug][gc,phases] GC(27)     Ext Root Scanning (ms):        Min:  0.0, Avg:  0.1, Max:  0.1, Diff:  0.1, Sum:  0.5, Workers: 8
[2025-06-17T22:38:15.372+0300][3224][19180][debug][gc,phases] GC(27)     Scan Heap Roots (ms):          Min:  0.0, Avg:  0.0, Max:  0.0, Diff:  0.0, Sum:  0.1, Workers: 8
[2025-06-17T22:38:15.372+0300][3224][19180][debug][gc,phases] GC(27)       Scanned Cards:                 Min: 0, Avg:  1.2, Max: 3, Diff: 3, Sum: 10, Workers: 8
[2025-06-17T22:38:15.372+0300][3224][19180][debug][gc,phases] GC(27)       Scanned Blocks:                Min: 0, Avg:  1.1, Max: 3, Diff: 3, Sum: 9, Workers: 8
[2025-06-17T22:38:15.372+0300][3224][19180][debug][gc,phases] GC(27)       Claimed Chunks:                Min: 0, Avg:  1.0, Max: 3, Diff: 3, Sum: 8, Workers: 8
[2025-06-17T22:38:15.372+0300][3224][19180][debug][gc,phases] GC(27)       Found Roots:                   Min: 0, Avg:  1.1, Max: 4, Diff: 4, Sum: 9, Workers: 8
[2025-06-17T22:38:15.372+0300][3224][19180][debug][gc,phases] GC(27)     Code Root Scan (ms):           Min:  0.1, Avg:  0.1, Max:  0.1, Diff:  0.0, Sum:  0.9, Workers: 8
[2025-06-17T22:38:15.372+0300][3224][19180][debug][gc,phases] GC(27)       Scanned Nmethods               Min: 0, Avg:  0.0, Max: 0, Diff: 0, Sum: 0, Workers: 8
[2025-06-17T22:38:15.372+0300][3224][19180][debug][gc,phases] GC(27)     Object Copy (ms):              Min:  0.0, Avg:  0.1, Max:  0.1, Diff:  0.1, Sum:  0.7, Workers: 8
[2025-06-17T22:38:15.372+0300][3224][19180][debug][gc,phases] GC(27)     Termination (ms):              Min:  0.0, Avg:  0.2, Max:  0.3, Diff:  0.3, Sum:  1.9, Workers: 8
[2025-06-17T22:38:15.372+0300][3224][19180][debug][gc,phases] GC(27)       Termination Attempts:          Min: 1, Avg:  1.0, Max: 1, Diff: 0, Sum: 8, Workers: 8
[2025-06-17T22:38:15.372+0300][3224][19180][debug][gc,phases] GC(27)     GC Worker Other (ms):          Min:  0.1, Avg:  0.1, Max:  0.1, Diff:  0.0, Sum:  0.9, Workers: 8
[2025-06-17T22:38:15.372+0300][3224][19180][debug][gc,phases] GC(27)     GC Worker Total (ms):          Min:  0.2, Avg:  0.6, Max:  0.7, Diff:  0.4, Sum:  4.9, Workers: 8
[2025-06-17T22:38:15.372+0300][3224][19180][info ][gc,phases] GC(27)   Post Evacuate Collection Set: 0.8ms
[2025-06-17T22:38:15.372+0300][3224][19180][debug][gc,phases] GC(27)     NMethod List Cleanup: 0.0ms
[2025-06-17T22:38:15.372+0300][3224][19180][debug][gc,phases] GC(27)     Reference Processing: 0.1ms
[2025-06-17T22:38:15.372+0300][3224][19180][debug][gc,phases] GC(27)     Weak Processing: 0.1ms
[2025-06-17T22:38:15.372+0300][3224][19180][debug][gc,phases] GC(27)       VM Weak                        Min:  0.0, Avg:  0.0, Max:  0.0, Diff:  0.0, Sum:  0.0, Workers: 8
[2025-06-17T22:38:15.372+0300][3224][19180][debug][gc,phases] GC(27)         Dead                           Min: 0, Avg:  0.0, Max: 0, Diff: 0, Sum: 0, Workers: 8
[2025-06-17T22:38:15.372+0300][3224][19180][debug][gc,phases] GC(27)         Total                          Min: 0, Avg: 15.4, Max: 123, Diff: 123, Sum: 123, Workers: 8
[2025-06-17T22:38:15.372+0300][3224][19180][debug][gc,phases] GC(27)       ObjectSynchronizer Weak        Min:  0.0, Avg:  0.0, Max:  0.0, Diff:  0.0, Sum:  0.0, Workers: 8
[2025-06-17T22:38:15.372+0300][3224][19180][debug][gc,phases] GC(27)         Dead                           Min: 0, Avg:  0.0, Max: 0, Diff: 0, Sum: 0, Workers: 8
[2025-06-17T22:38:15.372+0300][3224][19180][debug][gc,phases] GC(27)         Total                          Min: 0, Avg: 18.6, Max: 85, Diff: 85, Sum: 149, Workers: 8
[2025-06-17T22:38:15.372+0300][3224][19180][debug][gc,phases] GC(27)       JVMTI Tag Weak OopStorage      Min:  0.0, Avg:  0.0, Max:  0.0, Diff:  0.0, Sum:  0.0, Workers: 8
[2025-06-17T22:38:15.372+0300][3224][19180][debug][gc,phases] GC(27)         Dead                           Min: 0, Avg:  0.0, Max: 0, Diff: 0, Sum: 0, Workers: 8
[2025-06-17T22:38:15.372+0300][3224][19180][debug][gc,phases] GC(27)         Total                          Min: 0, Avg:  0.0, Max: 0, Diff: 0, Sum: 0, Workers: 8
[2025-06-17T22:38:15.372+0300][3224][19180][debug][gc,phases] GC(27)       StringTable Weak               Min:  0.0, Avg:  0.0, Max:  0.0, Diff:  0.0, Sum:  0.1, Workers: 8
[2025-06-17T22:38:15.372+0300][3224][19180][debug][gc,phases] GC(27)         Dead                           Min: 0, Avg:  0.0, Max: 0, Diff: 0, Sum: 0, Workers: 8
[2025-06-17T22:38:15.372+0300][3224][19180][debug][gc,phases] GC(27)         Total                          Min: 0, Avg: 778.5, Max: 960, Diff: 960, Sum: 6228, Workers: 8
[2025-06-17T22:38:15.372+0300][3224][19180][debug][gc,phases] GC(27)       ResolvedMethodTable Weak       Min:  0.0, Avg:  0.0, Max:  0.0, Diff:  0.0, Sum:  0.0, Workers: 8
[2025-06-17T22:38:15.372+0300][3224][19180][debug][gc,phases] GC(27)         Dead                           Min: 0, Avg:  0.0, Max: 0, Diff: 0, Sum: 0, Workers: 8
[2025-06-17T22:38:15.372+0300][3224][19180][debug][gc,phases] GC(27)         Total                          Min: 0, Avg: 111.8, Max: 128, Diff: 128, Sum: 894, Workers: 8
[2025-06-17T22:38:15.372+0300][3224][19180][debug][gc,phases] GC(27)       JNI Weak                       Min:  0.0, Avg:  0.0, Max:  0.0, Diff:  0.0, Sum:  0.0, Workers: 8
[2025-06-17T22:38:15.372+0300][3224][19180][debug][gc,phases] GC(27)         Dead                           Min: 0, Avg:  0.0, Max: 0, Diff: 0, Sum: 0, Workers: 8
[2025-06-17T22:38:15.372+0300][3224][19180][debug][gc,phases] GC(27)         Total                          Min: 0, Avg:  0.0, Max: 0, Diff: 0, Sum: 0, Workers: 8
[2025-06-17T22:38:15.372+0300][3224][19180][debug][gc,phases] GC(27)       StringDedup Table Weak         Min:  0.0, Avg:  0.0, Max:  0.0, Diff:  0.0, Sum:  0.0, Workers: 8
[2025-06-17T22:38:15.372+0300][3224][19180][debug][gc,phases] GC(27)         Dead                           Min: 0, Avg:  0.0, Max: 0, Diff: 0, Sum: 0, Workers: 8
[2025-06-17T22:38:15.372+0300][3224][19180][debug][gc,phases] GC(27)         Total                          Min: 0, Avg:  0.0, Max: 0, Diff: 0, Sum: 0, Workers: 8
[2025-06-17T22:38:15.372+0300][3224][19180][debug][gc,phases] GC(27)       StringDedup Requests0 Weak     Min:  0.0, Avg:  0.0, Max:  0.0, Diff:  0.0, Sum:  0.0, Workers: 8
[2025-06-17T22:38:15.372+0300][3224][19180][debug][gc,phases] GC(27)         Dead                           Min: 0, Avg:  0.0, Max: 0, Diff: 0, Sum: 0, Workers: 8
[2025-06-17T22:38:15.372+0300][3224][19180][debug][gc,phases] GC(27)         Total                          Min: 0, Avg:  0.0, Max: 0, Diff: 0, Sum: 0, Workers: 8
[2025-06-17T22:38:15.372+0300][3224][19180][debug][gc,phases] GC(27)       StringDedup Requests1 Weak     Min:  0.0, Avg:  0.0, Max:  0.0, Diff:  0.0, Sum:  0.0, Workers: 8
[2025-06-17T22:38:15.372+0300][3224][19180][debug][gc,phases] GC(27)         Dead                           Min: 0, Avg:  0.0, Max: 0, Diff: 0, Sum: 0, Workers: 8
[2025-06-17T22:38:15.372+0300][3224][19180][debug][gc,phases] GC(27)         Total                          Min: 0, Avg:  0.0, Max: 0, Diff: 0, Sum: 0, Workers: 8
[2025-06-17T22:38:15.372+0300][3224][19180][debug][gc,phases] GC(27)       Weak JFR Old Object Samples    Min:  0.0, Avg:  0.0, Max:  0.0, Diff:  0.0, Sum:  0.0, Workers: 8
[2025-06-17T22:38:15.372+0300][3224][19180][debug][gc,phases] GC(27)         Dead                           Min: 0, Avg:  0.0, Max: 0, Diff: 0, Sum: 0, Workers: 8
[2025-06-17T22:38:15.372+0300][3224][19180][debug][gc,phases] GC(27)         Total                          Min: 0, Avg:  0.0, Max: 0, Diff: 0, Sum: 0, Workers: 8
[2025-06-17T22:38:15.372+0300][3224][19180][debug][gc,phases] GC(27)     Post Evacuate Cleanup 1: 0.2ms
[2025-06-17T22:38:15.372+0300][3224][19180][debug][gc,phases] GC(27)       Merge Per-Thread State (ms):   Min:  0.1, Avg:  0.1, Max:  0.1, Diff:  0.0, Sum:  0.1, Workers: 1
[2025-06-17T22:38:15.372+0300][3224][19180][debug][gc,phases] GC(27)         Copied Bytes                   Min: 0, Avg: 89561.0, Max: 175048, Diff: 175048, Sum: 716488, Workers: 8
[2025-06-17T22:38:15.372+0300][3224][19180][debug][gc,phases] GC(27)         LAB Waste                      Min: 0, Avg: 184.0, Max: 320, Diff: 320, Sum: 1472, Workers: 8
[2025-06-17T22:38:15.372+0300][3224][19180][debug][gc,phases] GC(27)         LAB Undo Waste                 Min: 0, Avg:  0.0, Max: 0, Diff: 0, Sum: 0, Workers: 8
[2025-06-17T22:38:15.372+0300][3224][19180][debug][gc,phases] GC(27)       Clear Logged Cards (ms):       Min:  0.0, Avg:  0.1, Max:  0.2, Diff:  0.2, Sum:  0.4, Workers: 5
[2025-06-17T22:38:15.372+0300][3224][19180][debug][gc,phases] GC(27)       Recalculate Used Memory (ms):  Min:  0.0, Avg:  0.0, Max:  0.0, Diff:  0.0, Sum:  0.0, Workers: 1
[2025-06-17T22:38:15.372+0300][3224][19180][debug][gc,phases] GC(27)     Post Evacuate Cleanup 2: 0.3ms
[2025-06-17T22:38:15.372+0300][3224][19180][debug][gc,phases] GC(27)       Update Derived Pointers (ms):  Min:  0.0, Avg:  0.0, Max:  0.0, Diff:  0.0, Sum:  0.0, Workers: 1
[2025-06-17T22:38:15.372+0300][3224][19180][debug][gc,phases] GC(27)       Eagerly Reclaim Humongous Objects (ms): Min:  0.0, Avg:  0.0, Max:  0.0, Diff:  0.0, Sum:  0.0, Workers: 1
[2025-06-17T22:38:15.372+0300][3224][19180][debug][gc,phases] GC(27)         Humongous Total                Min: 6, Avg:  6.0, Max: 6, Diff: 0, Sum: 6, Workers: 1
[2025-06-17T22:38:15.372+0300][3224][19180][debug][gc,phases] GC(27)         Humongous Candidates           Min: 3, Avg:  3.0, Max: 3, Diff: 0, Sum: 3, Workers: 1
[2025-06-17T22:38:15.372+0300][3224][19180][debug][gc,phases] GC(27)         Humongous Reclaimed            Min: 0, Avg:  0.0, Max: 0, Diff: 0, Sum: 0, Workers: 1
[2025-06-17T22:38:15.372+0300][3224][19180][debug][gc,phases] GC(27)       Redirty Logged Cards (ms):     Min:  0.0, Avg:  0.0, Max:  0.0, Diff:  0.0, Sum:  0.0, Workers: 8
[2025-06-17T22:38:15.372+0300][3224][19180][debug][gc,phases] GC(27)         Redirtied Cards:               Min: 0, Avg:  1.1, Max: 5, Diff: 5, Sum: 9, Workers: 8
[2025-06-17T22:38:15.372+0300][3224][19180][debug][gc,phases] GC(27)       Resize TLABs (ms):             Min:  0.0, Avg:  0.0, Max:  0.0, Diff:  0.0, Sum:  0.0, Workers: 8
[2025-06-17T22:38:15.372+0300][3224][19180][debug][gc,phases] GC(27)       Free Collection Set (ms):      Min:  0.2, Avg:  0.2, Max:  0.2, Diff:  0.0, Sum:  1.7, Workers: 8
[2025-06-17T22:38:15.372+0300][3224][19180][debug][gc,phases] GC(27)     Rebuild Free List: 0.1ms
[2025-06-17T22:38:15.372+0300][3224][19180][debug][gc,phases] GC(27)     Prepare For Mutator: 0.0ms
[2025-06-17T22:38:15.372+0300][3224][19180][debug][gc,phases] GC(27)     Expand Heap After Collection: 0.0ms
[2025-06-17T22:38:15.372+0300][3224][19180][info ][gc,phases] GC(27)   Other: 0.1ms
[2025-06-17T22:38:15.372+0300][3224][19180][info ][gc,heap  ] GC(27) Eden regions: 1227->0(1227)
[2025-06-17T22:38:15.372+0300][3224][19180][info ][gc,heap  ] GC(27) Survivor regions: 1->1(154)
[2025-06-17T22:38:15.372+0300][3224][19180][info ][gc,heap  ] GC(27) Old regions: 10->10
[2025-06-17T22:38:15.372+0300][3224][19180][info ][gc,heap  ] GC(27) Humongous regions: 18->18
[2025-06-17T22:38:15.372+0300][3224][19180][debug][gc,heap  ] GC(27) Heap after GC invocations=28 (full 2):
[2025-06-17T22:38:15.372+0300][3224][19180][debug][gc,heap  ] GC(27)  garbage-first heap   total 2097152K, used 22906K [0x0000000080000000, 0x0000000100000000)
[2025-06-17T22:38:15.372+0300][3224][19180][debug][gc,heap  ] GC(27)   region size 1024K, 1 young (1024K), 1 survivors (1024K)
[2025-06-17T22:38:15.372+0300][3224][19180][debug][gc,heap  ] GC(27)  Metaspace       used 8733K, committed 9792K, reserved 1114112K
[2025-06-17T22:38:15.372+0300][3224][19180][debug][gc,heap  ] GC(27)   class space    used 874K, committed 1280K, reserved 1048576K
[2025-06-17T22:38:15.372+0300][3224][19180][info ][gc       ] GC(27) Pause Young (Normal) (G1 Evacuation Pause) 1249M->22M(2048M) 4.086ms
[2025-06-17T22:38:15.372+0300][3224][19180][info ][safepoint] Safepoint "G1CollectForAllocation", Time since last: 424180700 ns, Reaching safepoint: 471600 ns, Cleanup: 18300 ns, At safepoint: 4149900 ns, Total: 4639800 ns
[2025-06-17T22:38:15.792+0300][3224][19180][debug][safepoint] Safepoint synchronization initiated using striped semaphore wait barrier. (20 threads)
[2025-06-17T22:38:15.792+0300][3224][20616][debug][safepoint] ... found polling page loop exception at pc = 0x000002759021ceec, stub =0x000002758fbb5d80
[2025-06-17T22:38:15.792+0300][3224][12336][debug][safepoint] ... found polling page loop exception at pc = 0x00000275901bda60, stub =0x000002758fbb5d80
[2025-06-17T22:38:15.792+0300][3224][10112][debug][safepoint] ... found polling page loop exception at pc = 0x00000275901bda60, stub =0x000002758fbb5d80
[2025-06-17T22:38:15.792+0300][3224][18008][debug][safepoint] ... found polling page loop exception at pc = 0x00000275901bda60, stub =0x000002758fbb5d80
[2025-06-17T22:38:15.792+0300][3224][19180][debug][gc,heap  ] GC(28) Heap before GC invocations=28 (full 2):
[2025-06-17T22:38:15.792+0300][3224][19180][debug][gc,heap  ] GC(28)  garbage-first heap   total 2097152K, used 1279354K [0x0000000080000000, 0x0000000100000000)
[2025-06-17T22:38:15.792+0300][3224][19180][debug][gc,heap  ] GC(28)   region size 1024K, 1228 young (1257472K), 1 survivors (1024K)
[2025-06-17T22:38:15.792+0300][3224][19180][debug][gc,heap  ] GC(28)  Metaspace       used 8733K, committed 9792K, reserved 1114112K
[2025-06-17T22:38:15.792+0300][3224][19180][debug][gc,heap  ] GC(28)   class space    used 874K, committed 1280K, reserved 1048576K
[2025-06-17T22:38:15.793+0300][3224][19180][info ][gc,phases] GC(28)   Pre Evacuate Collection Set: 0.4ms
[2025-06-17T22:38:15.793+0300][3224][19180][debug][gc,phases] GC(28)     Pre Evacuate Prepare: 0.1ms
[2025-06-17T22:38:15.793+0300][3224][19180][debug][gc,phases] GC(28)       JT Retire TLABs And Flush Logs (ms): Min:  0.0, Avg:  0.0, Max:  0.0, Diff:  0.0, Sum:  0.0, Workers: 2
[2025-06-17T22:38:15.793+0300][3224][19180][debug][gc,phases] GC(28)       Non-JT Flush Logs (ms):        Min:  0.0, Avg:  0.0, Max:  0.0, Diff:  0.0, Sum:  0.0, Workers: 1
[2025-06-17T22:38:15.793+0300][3224][19180][debug][gc,phases] GC(28)     Choose Collection Set: 0.0ms
[2025-06-17T22:38:15.793+0300][3224][19180][debug][gc,phases] GC(28)     Region Register: 0.3ms
[2025-06-17T22:38:15.793+0300][3224][19180][debug][gc,phases] GC(28)     Prepare Heap Roots: 0.0ms
[2025-06-17T22:38:15.793+0300][3224][19180][info ][gc,phases] GC(28)   Merge Heap Roots: 0.2ms
[2025-06-17T22:38:15.793+0300][3224][19180][debug][gc,phases] GC(28)     Prepare Merge Heap Roots: 0.0ms
[2025-06-17T22:38:15.793+0300][3224][19180][debug][gc,phases] GC(28)     Remembered Sets (ms):          Min:  0.1, Avg:  0.1, Max:  0.1, Diff:  0.0, Sum:  1.0, Workers: 8
[2025-06-17T22:38:15.793+0300][3224][19180][debug][gc,phases] GC(28)       Eager Reclaim (ms):            Min:  0.0, Avg:  0.0, Max:  0.0, Diff:  0.0, Sum:  0.0, Workers: 1
[2025-06-17T22:38:15.793+0300][3224][19180][debug][gc,phases] GC(28)       Merged Inline                  Min: 0, Avg:  0.0, Max: 0, Diff: 0, Sum: 0, Workers: 8
[2025-06-17T22:38:15.793+0300][3224][19180][debug][gc,phases] GC(28)       Merged ArrayOfCards            Min: 0, Avg:  0.0, Max: 0, Diff: 0, Sum: 0, Workers: 8
[2025-06-17T22:38:15.793+0300][3224][19180][debug][gc,phases] GC(28)       Merged Howl                    Min: 0, Avg:  0.0, Max: 0, Diff: 0, Sum: 0, Workers: 8
[2025-06-17T22:38:15.793+0300][3224][19180][debug][gc,phases] GC(28)       Merged Full                    Min: 0, Avg:  0.0, Max: 0, Diff: 0, Sum: 0, Workers: 8
[2025-06-17T22:38:15.793+0300][3224][19180][debug][gc,phases] GC(28)       Merged Howl Inline             Min: 0, Avg:  0.0, Max: 0, Diff: 0, Sum: 0, Workers: 8
[2025-06-17T22:38:15.793+0300][3224][19180][debug][gc,phases] GC(28)       Merged Howl ArrayOfCards       Min: 0, Avg:  0.0, Max: 0, Diff: 0, Sum: 0, Workers: 8
[2025-06-17T22:38:15.793+0300][3224][19180][debug][gc,phases] GC(28)       Merged Howl BitMap             Min: 0, Avg:  0.0, Max: 0, Diff: 0, Sum: 0, Workers: 8
[2025-06-17T22:38:15.793+0300][3224][19180][debug][gc,phases] GC(28)       Merged Howl Full               Min: 0, Avg:  0.0, Max: 0, Diff: 0, Sum: 0, Workers: 8
[2025-06-17T22:38:15.793+0300][3224][19180][debug][gc,phases] GC(28)       Merged Cards                   Min: 8, Avg:  9.0, Max: 16, Diff: 8, Sum: 72, Workers: 8
[2025-06-17T22:38:15.793+0300][3224][19180][debug][gc,phases] GC(28)     Log Buffers (ms):              Min:  0.0, Avg:  0.0, Max:  0.0, Diff:  0.0, Sum:  0.0, Workers: 8
[2025-06-17T22:38:15.793+0300][3224][19180][debug][gc,phases] GC(28)       Dirty Cards:                   Min: 0, Avg:  1.4, Max: 11, Diff: 11, Sum: 11, Workers: 8
[2025-06-17T22:38:15.793+0300][3224][19180][debug][gc,phases] GC(28)       Skipped Cards:                 Min: 0, Avg:  0.0, Max: 0, Diff: 0, Sum: 0, Workers: 8
[2025-06-17T22:38:15.793+0300][3224][19180][info ][gc,phases] GC(28)   Evacuate Collection Set: 0.5ms
[2025-06-17T22:38:15.793+0300][3224][19180][debug][gc,phases] GC(28)     Ext Root Scanning (ms):        Min:  0.1, Avg:  0.1, Max:  0.1, Diff:  0.0, Sum:  0.5, Workers: 8
[2025-06-17T22:38:15.793+0300][3224][19180][debug][gc,phases] GC(28)     Scan Heap Roots (ms):          Min:  0.0, Avg:  0.0, Max:  0.0, Diff:  0.0, Sum:  0.0, Workers: 8
[2025-06-17T22:38:15.793+0300][3224][19180][debug][gc,phases] GC(28)       Scanned Cards:                 Min: 0, Avg:  1.2, Max: 4, Diff: 4, Sum: 10, Workers: 8
[2025-06-17T22:38:15.793+0300][3224][19180][debug][gc,phases] GC(28)       Scanned Blocks:                Min: 0, Avg:  1.1, Max: 4, Diff: 4, Sum: 9, Workers: 8
[2025-06-17T22:38:15.793+0300][3224][19180][debug][gc,phases] GC(28)       Claimed Chunks:                Min: 0, Avg:  1.0, Max: 3, Diff: 3, Sum: 8, Workers: 8
[2025-06-17T22:38:15.793+0300][3224][19180][debug][gc,phases] GC(28)       Found Roots:                   Min: 0, Avg:  1.1, Max: 4, Diff: 4, Sum: 9, Workers: 8
[2025-06-17T22:38:15.793+0300][3224][19180][debug][gc,phases] GC(28)     Code Root Scan (ms):           Min:  0.1, Avg:  0.1, Max:  0.1, Diff:  0.0, Sum:  0.9, Workers: 8
[2025-06-17T22:38:15.793+0300][3224][19180][debug][gc,phases] GC(28)       Scanned Nmethods               Min: 0, Avg:  0.0, Max: 0, Diff: 0, Sum: 0, Workers: 8
[2025-06-17T22:38:15.793+0300][3224][19180][debug][gc,phases] GC(28)     Object Copy (ms):              Min:  0.1, Avg:  0.1, Max:  0.1, Diff:  0.0, Sum:  0.8, Workers: 8
[2025-06-17T22:38:15.793+0300][3224][19180][debug][gc,phases] GC(28)     Termination (ms):              Min:  0.0, Avg:  0.0, Max:  0.1, Diff:  0.0, Sum:  0.4, Workers: 8
[2025-06-17T22:38:15.793+0300][3224][19180][debug][gc,phases] GC(28)       Termination Attempts:          Min: 1, Avg:  1.0, Max: 1, Diff: 0, Sum: 8, Workers: 8
[2025-06-17T22:38:15.793+0300][3224][19180][debug][gc,phases] GC(28)     GC Worker Other (ms):          Min:  0.1, Avg:  0.1, Max:  0.1, Diff:  0.0, Sum:  0.9, Workers: 8
[2025-06-17T22:38:15.793+0300][3224][19180][debug][gc,phases] GC(28)     GC Worker Total (ms):          Min:  0.4, Avg:  0.4, Max:  0.4, Diff:  0.0, Sum:  3.5, Workers: 8
[2025-06-17T22:38:15.793+0300][3224][19180][info ][gc,phases] GC(28)   Post Evacuate Collection Set: 0.7ms
[2025-06-17T22:38:15.793+0300][3224][19180][debug][gc,phases] GC(28)     NMethod List Cleanup: 0.0ms
[2025-06-17T22:38:15.793+0300][3224][19180][debug][gc,phases] GC(28)     Reference Processing: 0.1ms
[2025-06-17T22:38:15.793+0300][3224][19180][debug][gc,phases] GC(28)     Weak Processing: 0.1ms
[2025-06-17T22:38:15.793+0300][3224][19180][debug][gc,phases] GC(28)       VM Weak                        Min:  0.0, Avg:  0.0, Max:  0.0, Diff:  0.0, Sum:  0.0, Workers: 8
[2025-06-17T22:38:15.793+0300][3224][19180][debug][gc,phases] GC(28)         Dead                           Min: 0, Avg:  0.0, Max: 0, Diff: 0, Sum: 0, Workers: 8
[2025-06-17T22:38:15.793+0300][3224][19180][debug][gc,phases] GC(28)         Total                          Min: 0, Avg: 15.4, Max: 82, Diff: 82, Sum: 123, Workers: 8
[2025-06-17T22:38:15.793+0300][3224][19180][debug][gc,phases] GC(28)       ObjectSynchronizer Weak        Min:  0.0, Avg:  0.0, Max:  0.0, Diff:  0.0, Sum:  0.0, Workers: 8
[2025-06-17T22:38:15.793+0300][3224][19180][debug][gc,phases] GC(28)         Dead                           Min: 0, Avg:  0.0, Max: 0, Diff: 0, Sum: 0, Workers: 8
[2025-06-17T22:38:15.793+0300][3224][19180][debug][gc,phases] GC(28)         Total                          Min: 0, Avg: 18.6, Max: 85, Diff: 85, Sum: 149, Workers: 8
[2025-06-17T22:38:15.793+0300][3224][19180][debug][gc,phases] GC(28)       JVMTI Tag Weak OopStorage      Min:  0.0, Avg:  0.0, Max:  0.0, Diff:  0.0, Sum:  0.0, Workers: 8
[2025-06-17T22:38:15.793+0300][3224][19180][debug][gc,phases] GC(28)         Dead                           Min: 0, Avg:  0.0, Max: 0, Diff: 0, Sum: 0, Workers: 8
[2025-06-17T22:38:15.793+0300][3224][19180][debug][gc,phases] GC(28)         Total                          Min: 0, Avg:  0.0, Max: 0, Diff: 0, Sum: 0, Workers: 8
[2025-06-17T22:38:15.793+0300][3224][19180][debug][gc,phases] GC(28)       StringTable Weak               Min:  0.0, Avg:  0.0, Max:  0.0, Diff:  0.0, Sum:  0.1, Workers: 8
[2025-06-17T22:38:15.793+0300][3224][19180][debug][gc,phases] GC(28)         Dead                           Min: 0, Avg:  0.0, Max: 0, Diff: 0, Sum: 0, Workers: 8
[2025-06-17T22:38:15.793+0300][3224][19180][debug][gc,phases] GC(28)         Total                          Min: 0, Avg: 778.5, Max: 1024, Diff: 1024, Sum: 6228, Workers: 8
[2025-06-17T22:38:15.793+0300][3224][19180][debug][gc,phases] GC(28)       ResolvedMethodTable Weak       Min:  0.0, Avg:  0.0, Max:  0.0, Diff:  0.0, Sum:  0.0, Workers: 8
[2025-06-17T22:38:15.793+0300][3224][19180][debug][gc,phases] GC(28)         Dead                           Min: 0, Avg:  0.0, Max: 0, Diff: 0, Sum: 0, Workers: 8
[2025-06-17T22:38:15.793+0300][3224][19180][debug][gc,phases] GC(28)         Total                          Min: 0, Avg: 111.8, Max: 128, Diff: 128, Sum: 894, Workers: 8
[2025-06-17T22:38:15.793+0300][3224][19180][debug][gc,phases] GC(28)       JNI Weak                       Min:  0.0, Avg:  0.0, Max:  0.0, Diff:  0.0, Sum:  0.0, Workers: 8
[2025-06-17T22:38:15.793+0300][3224][19180][debug][gc,phases] GC(28)         Dead                           Min: 0, Avg:  0.0, Max: 0, Diff: 0, Sum: 0, Workers: 8
[2025-06-17T22:38:15.793+0300][3224][19180][debug][gc,phases] GC(28)         Total                          Min: 0, Avg:  0.0, Max: 0, Diff: 0, Sum: 0, Workers: 8
[2025-06-17T22:38:15.793+0300][3224][19180][debug][gc,phases] GC(28)       StringDedup Table Weak         Min:  0.0, Avg:  0.0, Max:  0.0, Diff:  0.0, Sum:  0.0, Workers: 8
[2025-06-17T22:38:15.793+0300][3224][19180][debug][gc,phases] GC(28)         Dead                           Min: 0, Avg:  0.0, Max: 0, Diff: 0, Sum: 0, Workers: 8
[2025-06-17T22:38:15.793+0300][3224][19180][debug][gc,phases] GC(28)         Total                          Min: 0, Avg:  0.0, Max: 0, Diff: 0, Sum: 0, Workers: 8
[2025-06-17T22:38:15.793+0300][3224][19180][debug][gc,phases] GC(28)       StringDedup Requests0 Weak     Min:  0.0, Avg:  0.0, Max:  0.0, Diff:  0.0, Sum:  0.0, Workers: 8
[2025-06-17T22:38:15.793+0300][3224][19180][debug][gc,phases] GC(28)         Dead                           Min: 0, Avg:  0.0, Max: 0, Diff: 0, Sum: 0, Workers: 8
[2025-06-17T22:38:15.793+0300][3224][19180][debug][gc,phases] GC(28)         Total                          Min: 0, Avg:  0.0, Max: 0, Diff: 0, Sum: 0, Workers: 8
[2025-06-17T22:38:15.793+0300][3224][19180][debug][gc,phases] GC(28)       StringDedup Requests1 Weak     Min:  0.0, Avg:  0.0, Max:  0.0, Diff:  0.0, Sum:  0.0, Workers: 8
[2025-06-17T22:38:15.793+0300][3224][19180][debug][gc,phases] GC(28)         Dead                           Min: 0, Avg:  0.0, Max: 0, Diff: 0, Sum: 0, Workers: 8
[2025-06-17T22:38:15.793+0300][3224][19180][debug][gc,phases] GC(28)         Total                          Min: 0, Avg:  0.0, Max: 0, Diff: 0, Sum: 0, Workers: 8
[2025-06-17T22:38:15.793+0300][3224][19180][debug][gc,phases] GC(28)       Weak JFR Old Object Samples    Min:  0.0, Avg:  0.0, Max:  0.0, Diff:  0.0, Sum:  0.0, Workers: 8
[2025-06-17T22:38:15.793+0300][3224][19180][debug][gc,phases] GC(28)         Dead                           Min: 0, Avg:  0.0, Max: 0, Diff: 0, Sum: 0, Workers: 8
[2025-06-17T22:38:15.793+0300][3224][19180][debug][gc,phases] GC(28)         Total                          Min: 0, Avg:  0.0, Max: 0, Diff: 0, Sum: 0, Workers: 8
[2025-06-17T22:38:15.793+0300][3224][19180][debug][gc,phases] GC(28)     Post Evacuate Cleanup 1: 0.2ms
[2025-06-17T22:38:15.793+0300][3224][19180][debug][gc,phases] GC(28)       Merge Per-Thread State (ms):   Min:  0.1, Avg:  0.1, Max:  0.1, Diff:  0.0, Sum:  0.1, Workers: 1
[2025-06-17T22:38:15.793+0300][3224][19180][debug][gc,phases] GC(28)         Copied Bytes                   Min: 49256, Avg: 89141.0, Max: 127368, Diff: 78112, Sum: 713128, Workers: 8
[2025-06-17T22:38:15.793+0300][3224][19180][debug][gc,phases] GC(28)         LAB Waste                      Min: 88, Avg: 216.0, Max: 512, Diff: 424, Sum: 1728, Workers: 8
[2025-06-17T22:38:15.793+0300][3224][19180][debug][gc,phases] GC(28)         LAB Undo Waste                 Min: 0, Avg:  0.0, Max: 0, Diff: 0, Sum: 0, Workers: 8
[2025-06-17T22:38:15.793+0300][3224][19180][debug][gc,phases] GC(28)       Clear Logged Cards (ms):       Min:  0.0, Avg:  0.1, Max:  0.1, Diff:  0.1, Sum:  0.3, Workers: 5
[2025-06-17T22:38:15.793+0300][3224][19180][debug][gc,phases] GC(28)       Recalculate Used Memory (ms):  Min:  0.0, Avg:  0.0, Max:  0.0, Diff:  0.0, Sum:  0.0, Workers: 1
[2025-06-17T22:38:15.793+0300][3224][19180][debug][gc,phases] GC(28)     Post Evacuate Cleanup 2: 0.3ms
[2025-06-17T22:38:15.793+0300][3224][19180][debug][gc,phases] GC(28)       Update Derived Pointers (ms):  Min:  0.0, Avg:  0.0, Max:  0.0, Diff:  0.0, Sum:  0.0, Workers: 1
[2025-06-17T22:38:15.793+0300][3224][19180][debug][gc,phases] GC(28)       Eagerly Reclaim Humongous Objects (ms): Min:  0.0, Avg:  0.0, Max:  0.0, Diff:  0.0, Sum:  0.0, Workers: 1
[2025-06-17T22:38:15.793+0300][3224][19180][debug][gc,phases] GC(28)         Humongous Total                Min: 6, Avg:  6.0, Max: 6, Diff: 0, Sum: 6, Workers: 1
[2025-06-17T22:38:15.793+0300][3224][19180][debug][gc,phases] GC(28)         Humongous Candidates           Min: 3, Avg:  3.0, Max: 3, Diff: 0, Sum: 3, Workers: 1
[2025-06-17T22:38:15.793+0300][3224][19180][debug][gc,phases] GC(28)         Humongous Reclaimed            Min: 0, Avg:  0.0, Max: 0, Diff: 0, Sum: 0, Workers: 1
[2025-06-17T22:38:15.793+0300][3224][19180][debug][gc,phases] GC(28)       Redirty Logged Cards (ms):     Min:  0.0, Avg:  0.0, Max:  0.0, Diff:  0.0, Sum:  0.0, Workers: 8
[2025-06-17T22:38:15.793+0300][3224][19180][debug][gc,phases] GC(28)         Redirtied Cards:               Min: 0, Avg:  1.0, Max: 5, Diff: 5, Sum: 8, Workers: 8
[2025-06-17T22:38:15.793+0300][3224][19180][debug][gc,phases] GC(28)       Resize TLABs (ms):             Min:  0.0, Avg:  0.0, Max:  0.0, Diff:  0.0, Sum:  0.0, Workers: 8
[2025-06-17T22:38:15.793+0300][3224][19180][debug][gc,phases] GC(28)       Free Collection Set (ms):      Min:  0.0, Avg:  0.2, Max:  0.3, Diff:  0.2, Sum:  1.8, Workers: 8
[2025-06-17T22:38:15.793+0300][3224][19180][debug][gc,phases] GC(28)     Rebuild Free List: 0.1ms
[2025-06-17T22:38:15.793+0300][3224][19180][debug][gc,phases] GC(28)     Prepare For Mutator: 0.0ms
[2025-06-17T22:38:15.793+0300][3224][19180][debug][gc,phases] GC(28)     Expand Heap After Collection: 0.0ms
[2025-06-17T22:38:15.793+0300][3224][19180][info ][gc,phases] GC(28)   Other: 0.1ms
[2025-06-17T22:38:15.793+0300][3224][19180][info ][gc,heap  ] GC(28) Eden regions: 1227->0(1227)
[2025-06-17T22:38:15.793+0300][3224][19180][info ][gc,heap  ] GC(28) Survivor regions: 1->1(154)
[2025-06-17T22:38:15.793+0300][3224][19180][info ][gc,heap  ] GC(28) Old regions: 10->10
[2025-06-17T22:38:15.793+0300][3224][19180][info ][gc,heap  ] GC(28) Humongous regions: 18->18
[2025-06-17T22:38:15.793+0300][3224][19180][debug][gc,heap  ] GC(28) Heap after GC invocations=29 (full 2):
[2025-06-17T22:38:15.793+0300][3224][19180][debug][gc,heap  ] GC(28)  garbage-first heap   total 2097152K, used 22904K [0x0000000080000000, 0x0000000100000000)
[2025-06-17T22:38:15.793+0300][3224][19180][debug][gc,heap  ] GC(28)   region size 1024K, 1 young (1024K), 1 survivors (1024K)
[2025-06-17T22:38:15.793+0300][3224][19180][debug][gc,heap  ] GC(28)  Metaspace       used 8733K, committed 9792K, reserved 1114112K
[2025-06-17T22:38:15.793+0300][3224][19180][debug][gc,heap  ] GC(28)   class space    used 874K, committed 1280K, reserved 1048576K
[2025-06-17T22:38:15.793+0300][3224][19180][info ][gc       ] GC(28) Pause Young (Normal) (G1 Evacuation Pause) 1249M->22M(2048M) 3.595ms
[2025-06-17T22:38:15.793+0300][3224][19180][info ][safepoint] Safepoint "G1CollectForAllocation", Time since last: 413669900 ns, Reaching safepoint: 387100 ns, Cleanup: 7300 ns, At safepoint: 3649100 ns, Total: 4043500 ns
[2025-06-17T22:38:16.209+0300][3224][19180][debug][safepoint] Safepoint synchronization initiated using striped semaphore wait barrier. (20 threads)
[2025-06-17T22:38:16.209+0300][3224][10112][debug][safepoint] ... found polling page loop exception at pc = 0x00000275901d1722, stub =0x000002758fbb6600
[2025-06-17T22:38:16.209+0300][3224][12336][debug][safepoint] ... found polling page loop exception at pc = 0x000002759023d0c5, stub =0x000002758fbb6600
[2025-06-17T22:38:16.209+0300][3224][20616][debug][safepoint] ... found polling page loop exception at pc = 0x00000275901bda60, stub =0x000002758fbb5d80
[2025-06-17T22:38:16.209+0300][3224][7824 ][debug][safepoint] ... found polling page loop exception at pc = 0x00000275901bda60, stub =0x000002758fbb5d80
[2025-06-17T22:38:16.209+0300][3224][19180][debug][gc,heap  ] GC(29) Heap before GC invocations=29 (full 2):
[2025-06-17T22:38:16.209+0300][3224][19180][debug][gc,heap  ] GC(29)  garbage-first heap   total 2097152K, used 1279352K [0x0000000080000000, 0x0000000100000000)
[2025-06-17T22:38:16.209+0300][3224][19180][debug][gc,heap  ] GC(29)   region size 1024K, 1228 young (1257472K), 1 survivors (1024K)
[2025-06-17T22:38:16.209+0300][3224][19180][debug][gc,heap  ] GC(29)  Metaspace       used 8733K, committed 9792K, reserved 1114112K
[2025-06-17T22:38:16.209+0300][3224][19180][debug][gc,heap  ] GC(29)   class space    used 874K, committed 1280K, reserved 1048576K
[2025-06-17T22:38:16.209+0300][3224][19180][info ][gc,phases] GC(29)   Pre Evacuate Collection Set: 0.3ms
[2025-06-17T22:38:16.209+0300][3224][19180][debug][gc,phases] GC(29)     Pre Evacuate Prepare: 0.1ms
[2025-06-17T22:38:16.209+0300][3224][19180][debug][gc,phases] GC(29)       JT Retire TLABs And Flush Logs (ms): Min:  0.0, Avg:  0.0, Max:  0.0, Diff:  0.0, Sum:  0.0, Workers: 2
[2025-06-17T22:38:16.209+0300][3224][19180][debug][gc,phases] GC(29)       Non-JT Flush Logs (ms):        Min:  0.0, Avg:  0.0, Max:  0.0, Diff:  0.0, Sum:  0.0, Workers: 1
[2025-06-17T22:38:16.209+0300][3224][19180][debug][gc,phases] GC(29)     Choose Collection Set: 0.0ms
[2025-06-17T22:38:16.209+0300][3224][19180][debug][gc,phases] GC(29)     Region Register: 0.3ms
[2025-06-17T22:38:16.209+0300][3224][19180][debug][gc,phases] GC(29)     Prepare Heap Roots: 0.0ms
[2025-06-17T22:38:16.209+0300][3224][19180][info ][gc,phases] GC(29)   Merge Heap Roots: 0.2ms
[2025-06-17T22:38:16.209+0300][3224][19180][debug][gc,phases] GC(29)     Prepare Merge Heap Roots: 0.0ms
[2025-06-17T22:38:16.209+0300][3224][19180][debug][gc,phases] GC(29)     Remembered Sets (ms):          Min:  0.1, Avg:  0.2, Max:  0.2, Diff:  0.0, Sum:  1.2, Workers: 8
[2025-06-17T22:38:16.209+0300][3224][19180][debug][gc,phases] GC(29)       Eager Reclaim (ms):            Min:  0.0, Avg:  0.0, Max:  0.0, Diff:  0.0, Sum:  0.0, Workers: 1
[2025-06-17T22:38:16.209+0300][3224][19180][debug][gc,phases] GC(29)       Merged Inline                  Min: 0, Avg:  0.0, Max: 0, Diff: 0, Sum: 0, Workers: 8
[2025-06-17T22:38:16.209+0300][3224][19180][debug][gc,phases] GC(29)       Merged ArrayOfCards            Min: 0, Avg:  0.0, Max: 0, Diff: 0, Sum: 0, Workers: 8
[2025-06-17T22:38:16.209+0300][3224][19180][debug][gc,phases] GC(29)       Merged Howl                    Min: 0, Avg:  0.0, Max: 0, Diff: 0, Sum: 0, Workers: 8
[2025-06-17T22:38:16.209+0300][3224][19180][debug][gc,phases] GC(29)       Merged Full                    Min: 0, Avg:  0.0, Max: 0, Diff: 0, Sum: 0, Workers: 8
[2025-06-17T22:38:16.209+0300][3224][19180][debug][gc,phases] GC(29)       Merged Howl Inline             Min: 0, Avg:  0.0, Max: 0, Diff: 0, Sum: 0, Workers: 8
[2025-06-17T22:38:16.209+0300][3224][19180][debug][gc,phases] GC(29)       Merged Howl ArrayOfCards       Min: 0, Avg:  0.0, Max: 0, Diff: 0, Sum: 0, Workers: 8
[2025-06-17T22:38:16.209+0300][3224][19180][debug][gc,phases] GC(29)       Merged Howl BitMap             Min: 0, Avg:  0.0, Max: 0, Diff: 0, Sum: 0, Workers: 8
[2025-06-17T22:38:16.209+0300][3224][19180][debug][gc,phases] GC(29)       Merged Howl Full               Min: 0, Avg:  0.0, Max: 0, Diff: 0, Sum: 0, Workers: 8
[2025-06-17T22:38:16.209+0300][3224][19180][debug][gc,phases] GC(29)       Merged Cards                   Min: 8, Avg:  9.0, Max: 16, Diff: 8, Sum: 72, Workers: 8
[2025-06-17T22:38:16.209+0300][3224][19180][debug][gc,phases] GC(29)     Log Buffers (ms):              Min:  0.0, Avg:  0.0, Max:  0.0, Diff:  0.0, Sum:  0.0, Workers: 8
[2025-06-17T22:38:16.209+0300][3224][19180][debug][gc,phases] GC(29)       Dirty Cards:                   Min: 0, Avg:  1.2, Max: 8, Diff: 8, Sum: 10, Workers: 8
[2025-06-17T22:38:16.209+0300][3224][19180][debug][gc,phases] GC(29)       Skipped Cards:                 Min: 0, Avg:  0.0, Max: 0, Diff: 0, Sum: 0, Workers: 8
[2025-06-17T22:38:16.209+0300][3224][19180][info ][gc,phases] GC(29)   Evacuate Collection Set: 0.5ms
[2025-06-17T22:38:16.209+0300][3224][19180][debug][gc,phases] GC(29)     Ext Root Scanning (ms):        Min:  0.1, Avg:  0.1, Max:  0.1, Diff:  0.0, Sum:  0.6, Workers: 8
[2025-06-17T22:38:16.209+0300][3224][19180][debug][gc,phases] GC(29)     Scan Heap Roots (ms):          Min:  0.0, Avg:  0.0, Max:  0.0, Diff:  0.0, Sum:  0.1, Workers: 8
[2025-06-17T22:38:16.209+0300][3224][19180][debug][gc,phases] GC(29)       Scanned Cards:                 Min: 0, Avg:  1.2, Max: 4, Diff: 4, Sum: 10, Workers: 8
[2025-06-17T22:38:16.209+0300][3224][19180][debug][gc,phases] GC(29)       Scanned Blocks:                Min: 0, Avg:  1.1, Max: 4, Diff: 4, Sum: 9, Workers: 8
[2025-06-17T22:38:16.209+0300][3224][19180][debug][gc,phases] GC(29)       Claimed Chunks:                Min: 0, Avg:  1.0, Max: 3, Diff: 3, Sum: 8, Workers: 8
[2025-06-17T22:38:16.209+0300][3224][19180][debug][gc,phases] GC(29)       Found Roots:                   Min: 0, Avg:  1.1, Max: 4, Diff: 4, Sum: 9, Workers: 8
[2025-06-17T22:38:16.209+0300][3224][19180][debug][gc,phases] GC(29)     Code Root Scan (ms):           Min:  0.1, Avg:  0.1, Max:  0.1, Diff:  0.0, Sum:  1.1, Workers: 8
[2025-06-17T22:38:16.209+0300][3224][19180][debug][gc,phases] GC(29)       Scanned Nmethods               Min: 0, Avg:  0.0, Max: 0, Diff: 0, Sum: 0, Workers: 8
[2025-06-17T22:38:16.209+0300][3224][19180][debug][gc,phases] GC(29)     Object Copy (ms):              Min:  0.1, Avg:  0.1, Max:  0.1, Diff:  0.0, Sum:  0.9, Workers: 8
[2025-06-17T22:38:16.209+0300][3224][19180][debug][gc,phases] GC(29)     Termination (ms):              Min:  0.0, Avg:  0.0, Max:  0.0, Diff:  0.0, Sum:  0.1, Workers: 8
[2025-06-17T22:38:16.209+0300][3224][19180][debug][gc,phases] GC(29)       Termination Attempts:          Min: 1, Avg:  1.0, Max: 1, Diff: 0, Sum: 8, Workers: 8
[2025-06-17T22:38:16.209+0300][3224][19180][debug][gc,phases] GC(29)     GC Worker Other (ms):          Min:  0.1, Avg:  0.1, Max:  0.1, Diff:  0.0, Sum:  1.1, Workers: 8
[2025-06-17T22:38:16.209+0300][3224][19180][debug][gc,phases] GC(29)     GC Worker Total (ms):          Min:  0.5, Avg:  0.5, Max:  0.5, Diff:  0.0, Sum:  3.7, Workers: 8
[2025-06-17T22:38:16.209+0300][3224][19180][info ][gc,phases] GC(29)   Post Evacuate Collection Set: 0.8ms
[2025-06-17T22:38:16.209+0300][3224][19180][debug][gc,phases] GC(29)     NMethod List Cleanup: 0.0ms
[2025-06-17T22:38:16.209+0300][3224][19180][debug][gc,phases] GC(29)     Reference Processing: 0.1ms
[2025-06-17T22:38:16.209+0300][3224][19180][debug][gc,phases] GC(29)     Weak Processing: 0.1ms
[2025-06-17T22:38:16.209+0300][3224][19180][debug][gc,phases] GC(29)       VM Weak                        Min:  0.0, Avg:  0.0, Max:  0.0, Diff:  0.0, Sum:  0.0, Workers: 8
[2025-06-17T22:38:16.209+0300][3224][19180][debug][gc,phases] GC(29)         Dead                           Min: 0, Avg:  0.0, Max: 0, Diff: 0, Sum: 0, Workers: 8
[2025-06-17T22:38:16.209+0300][3224][19180][debug][gc,phases] GC(29)         Total                          Min: 0, Avg: 15.4, Max: 85, Diff: 85, Sum: 123, Workers: 8
[2025-06-17T22:38:16.209+0300][3224][19180][debug][gc,phases] GC(29)       ObjectSynchronizer Weak        Min:  0.0, Avg:  0.0, Max:  0.0, Diff:  0.0, Sum:  0.0, Workers: 8
[2025-06-17T22:38:16.209+0300][3224][19180][debug][gc,phases] GC(29)         Dead                           Min: 0, Avg:  0.0, Max: 0, Diff: 0, Sum: 0, Workers: 8
[2025-06-17T22:38:16.209+0300][3224][19180][debug][gc,phases] GC(29)         Total                          Min: 0, Avg: 18.6, Max: 85, Diff: 85, Sum: 149, Workers: 8
[2025-06-17T22:38:16.209+0300][3224][19180][debug][gc,phases] GC(29)       JVMTI Tag Weak OopStorage      Min:  0.0, Avg:  0.0, Max:  0.0, Diff:  0.0, Sum:  0.0, Workers: 8
[2025-06-17T22:38:16.209+0300][3224][19180][debug][gc,phases] GC(29)         Dead                           Min: 0, Avg:  0.0, Max: 0, Diff: 0, Sum: 0, Workers: 8
[2025-06-17T22:38:16.209+0300][3224][19180][debug][gc,phases] GC(29)         Total                          Min: 0, Avg:  0.0, Max: 0, Diff: 0, Sum: 0, Workers: 8
[2025-06-17T22:38:16.209+0300][3224][19180][debug][gc,phases] GC(29)       StringTable Weak               Min:  0.0, Avg:  0.0, Max:  0.0, Diff:  0.0, Sum:  0.1, Workers: 8
[2025-06-17T22:38:16.209+0300][3224][19180][debug][gc,phases] GC(29)         Dead                           Min: 0, Avg:  0.0, Max: 0, Diff: 0, Sum: 0, Workers: 8
[2025-06-17T22:38:16.209+0300][3224][19180][debug][gc,phases] GC(29)         Total                          Min: 704, Avg: 778.5, Max: 852, Diff: 148, Sum: 6228, Workers: 8
[2025-06-17T22:38:16.209+0300][3224][19180][debug][gc,phases] GC(29)       ResolvedMethodTable Weak       Min:  0.0, Avg:  0.0, Max:  0.0, Diff:  0.0, Sum:  0.0, Workers: 8
[2025-06-17T22:38:16.209+0300][3224][19180][debug][gc,phases] GC(29)         Dead                           Min: 0, Avg:  0.0, Max: 0, Diff: 0, Sum: 0, Workers: 8
[2025-06-17T22:38:16.209+0300][3224][19180][debug][gc,phases] GC(29)         Total                          Min: 64, Avg: 111.8, Max: 128, Diff: 64, Sum: 894, Workers: 8
[2025-06-17T22:38:16.209+0300][3224][19180][debug][gc,phases] GC(29)       JNI Weak                       Min:  0.0, Avg:  0.0, Max:  0.0, Diff:  0.0, Sum:  0.0, Workers: 8
[2025-06-17T22:38:16.209+0300][3224][19180][debug][gc,phases] GC(29)         Dead                           Min: 0, Avg:  0.0, Max: 0, Diff: 0, Sum: 0, Workers: 8
[2025-06-17T22:38:16.209+0300][3224][19180][debug][gc,phases] GC(29)         Total                          Min: 0, Avg:  0.0, Max: 0, Diff: 0, Sum: 0, Workers: 8
[2025-06-17T22:38:16.209+0300][3224][19180][debug][gc,phases] GC(29)       StringDedup Table Weak         Min:  0.0, Avg:  0.0, Max:  0.0, Diff:  0.0, Sum:  0.0, Workers: 8
[2025-06-17T22:38:16.209+0300][3224][19180][debug][gc,phases] GC(29)         Dead                           Min: 0, Avg:  0.0, Max: 0, Diff: 0, Sum: 0, Workers: 8
[2025-06-17T22:38:16.209+0300][3224][19180][debug][gc,phases] GC(29)         Total                          Min: 0, Avg:  0.0, Max: 0, Diff: 0, Sum: 0, Workers: 8
[2025-06-17T22:38:16.209+0300][3224][19180][debug][gc,phases] GC(29)       StringDedup Requests0 Weak     Min:  0.0, Avg:  0.0, Max:  0.0, Diff:  0.0, Sum:  0.0, Workers: 8
[2025-06-17T22:38:16.209+0300][3224][19180][debug][gc,phases] GC(29)         Dead                           Min: 0, Avg:  0.0, Max: 0, Diff: 0, Sum: 0, Workers: 8
[2025-06-17T22:38:16.209+0300][3224][19180][debug][gc,phases] GC(29)         Total                          Min: 0, Avg:  0.0, Max: 0, Diff: 0, Sum: 0, Workers: 8
[2025-06-17T22:38:16.209+0300][3224][19180][debug][gc,phases] GC(29)       StringDedup Requests1 Weak     Min:  0.0, Avg:  0.0, Max:  0.0, Diff:  0.0, Sum:  0.0, Workers: 8
[2025-06-17T22:38:16.209+0300][3224][19180][debug][gc,phases] GC(29)         Dead                           Min: 0, Avg:  0.0, Max: 0, Diff: 0, Sum: 0, Workers: 8
[2025-06-17T22:38:16.209+0300][3224][19180][debug][gc,phases] GC(29)         Total                          Min: 0, Avg:  0.0, Max: 0, Diff: 0, Sum: 0, Workers: 8
[2025-06-17T22:38:16.209+0300][3224][19180][debug][gc,phases] GC(29)       Weak JFR Old Object Samples    Min:  0.0, Avg:  0.0, Max:  0.0, Diff:  0.0, Sum:  0.0, Workers: 8
[2025-06-17T22:38:16.209+0300][3224][19180][debug][gc,phases] GC(29)         Dead                           Min: 0, Avg:  0.0, Max: 0, Diff: 0, Sum: 0, Workers: 8
[2025-06-17T22:38:16.209+0300][3224][19180][debug][gc,phases] GC(29)         Total                          Min: 0, Avg:  0.0, Max: 0, Diff: 0, Sum: 0, Workers: 8
[2025-06-17T22:38:16.209+0300][3224][19180][debug][gc,phases] GC(29)     Post Evacuate Cleanup 1: 0.3ms
[2025-06-17T22:38:16.209+0300][3224][19180][debug][gc,phases] GC(29)       Merge Per-Thread State (ms):   Min:  0.0, Avg:  0.0, Max:  0.0, Diff:  0.0, Sum:  0.0, Workers: 1
[2025-06-17T22:38:16.209+0300][3224][19180][debug][gc,phases] GC(29)         Copied Bytes                   Min: 62936, Avg: 89378.0, Max: 126496, Diff: 63560, Sum: 715024, Workers: 8
[2025-06-17T22:38:16.209+0300][3224][19180][debug][gc,phases] GC(29)         LAB Waste                      Min: 80, Avg: 188.0, Max: 392, Diff: 312, Sum: 1504, Workers: 8
[2025-06-17T22:38:16.209+0300][3224][19180][debug][gc,phases] GC(29)         LAB Undo Waste                 Min: 0, Avg:  0.0, Max: 0, Diff: 0, Sum: 0, Workers: 8
[2025-06-17T22:38:16.209+0300][3224][19180][debug][gc,phases] GC(29)       Clear Logged Cards (ms):       Min:  0.0, Avg:  0.1, Max:  0.2, Diff:  0.2, Sum:  0.4, Workers: 5
[2025-06-17T22:38:16.209+0300][3224][19180][debug][gc,phases] GC(29)       Recalculate Used Memory (ms):  Min:  0.0, Avg:  0.0, Max:  0.0, Diff:  0.0, Sum:  0.0, Workers: 1
[2025-06-17T22:38:16.209+0300][3224][19180][debug][gc,phases] GC(29)     Post Evacuate Cleanup 2: 0.3ms
[2025-06-17T22:38:16.209+0300][3224][19180][debug][gc,phases] GC(29)       Update Derived Pointers (ms):  Min:  0.0, Avg:  0.0, Max:  0.0, Diff:  0.0, Sum:  0.0, Workers: 1
[2025-06-17T22:38:16.209+0300][3224][19180][debug][gc,phases] GC(29)       Eagerly Reclaim Humongous Objects (ms): Min:  0.0, Avg:  0.0, Max:  0.0, Diff:  0.0, Sum:  0.0, Workers: 1
[2025-06-17T22:38:16.209+0300][3224][19180][debug][gc,phases] GC(29)         Humongous Total                Min: 6, Avg:  6.0, Max: 6, Diff: 0, Sum: 6, Workers: 1
[2025-06-17T22:38:16.209+0300][3224][19180][debug][gc,phases] GC(29)         Humongous Candidates           Min: 3, Avg:  3.0, Max: 3, Diff: 0, Sum: 3, Workers: 1
[2025-06-17T22:38:16.209+0300][3224][19180][debug][gc,phases] GC(29)         Humongous Reclaimed            Min: 0, Avg:  0.0, Max: 0, Diff: 0, Sum: 0, Workers: 1
[2025-06-17T22:38:16.209+0300][3224][19180][debug][gc,phases] GC(29)       Redirty Logged Cards (ms):     Min:  0.0, Avg:  0.0, Max:  0.0, Diff:  0.0, Sum:  0.0, Workers: 8
[2025-06-17T22:38:16.209+0300][3224][19180][debug][gc,phases] GC(29)         Redirtied Cards:               Min: 0, Avg:  1.1, Max: 9, Diff: 9, Sum: 9, Workers: 8
[2025-06-17T22:38:16.209+0300][3224][19180][debug][gc,phases] GC(29)       Resize TLABs (ms):             Min:  0.0, Avg:  0.0, Max:  0.0, Diff:  0.0, Sum:  0.0, Workers: 8
[2025-06-17T22:38:16.209+0300][3224][19180][debug][gc,phases] GC(29)       Free Collection Set (ms):      Min:  0.2, Avg:  0.2, Max:  0.2, Diff:  0.0, Sum:  1.9, Workers: 8
[2025-06-17T22:38:16.209+0300][3224][19180][debug][gc,phases] GC(29)     Rebuild Free List: 0.1ms
[2025-06-17T22:38:16.209+0300][3224][19180][debug][gc,phases] GC(29)     Prepare For Mutator: 0.0ms
[2025-06-17T22:38:16.209+0300][3224][19180][debug][gc,phases] GC(29)     Expand Heap After Collection: 0.0ms
[2025-06-17T22:38:16.209+0300][3224][19180][info ][gc,phases] GC(29)   Other: 0.1ms
[2025-06-17T22:38:16.209+0300][3224][19180][info ][gc,heap  ] GC(29) Eden regions: 1227->0(1227)
[2025-06-17T22:38:16.209+0300][3224][19180][info ][gc,heap  ] GC(29) Survivor regions: 1->1(154)
[2025-06-17T22:38:16.209+0300][3224][19180][info ][gc,heap  ] GC(29) Old regions: 10->10
[2025-06-17T22:38:16.209+0300][3224][19180][info ][gc,heap  ] GC(29) Humongous regions: 18->18
[2025-06-17T22:38:16.209+0300][3224][19180][debug][gc,heap  ] GC(29) Heap after GC invocations=30 (full 2):
[2025-06-17T22:38:16.209+0300][3224][19180][debug][gc,heap  ] GC(29)  garbage-first heap   total 2097152K, used 22907K [0x0000000080000000, 0x0000000100000000)
[2025-06-17T22:38:16.209+0300][3224][19180][debug][gc,heap  ] GC(29)   region size 1024K, 1 young (1024K), 1 survivors (1024K)
[2025-06-17T22:38:16.209+0300][3224][19180][debug][gc,heap  ] GC(29)  Metaspace       used 8733K, committed 9792K, reserved 1114112K
[2025-06-17T22:38:16.209+0300][3224][19180][debug][gc,heap  ] GC(29)   class space    used 874K, committed 1280K, reserved 1048576K
[2025-06-17T22:38:16.209+0300][3224][19180][info ][gc       ] GC(29) Pause Young (Normal) (G1 Evacuation Pause) 1249M->22M(2048M) 4.214ms
[2025-06-17T22:38:16.209+0300][3224][19180][info ][safepoint] Safepoint "G1CollectForAllocation", Time since last: 414200500 ns, Reaching safepoint: 401500 ns, Cleanup: 6300 ns, At safepoint: 4284300 ns, Total: 4692100 ns
[2025-06-17T22:38:16.798+0300][3224][19180][debug][safepoint] Safepoint synchronization initiated using striped semaphore wait barrier. (20 threads)
[2025-06-17T22:38:16.798+0300][3224][22328][debug][safepoint] ... found polling page loop exception at pc = 0x00000275901bda60, stub =0x000002758fbb5d80
[2025-06-17T22:38:16.798+0300][3224][20700][debug][safepoint] ... found polling page loop exception at pc = 0x0000027590282789, stub =0x000002758fbb6600
[2025-06-17T22:38:16.798+0300][3224][20616][debug][safepoint] ... found polling page loop exception at pc = 0x00000275901bda60, stub =0x000002758fbb5d80
[2025-06-17T22:38:16.798+0300][3224][12336][debug][safepoint] ... found polling page loop exception at pc = 0x00000275901bda60, stub =0x000002758fbb5d80
[2025-06-17T22:38:16.798+0300][3224][2056 ][debug][safepoint] ... found polling page loop exception at pc = 0x00000275901bda60, stub =0x000002758fbb5d80
[2025-06-17T22:38:16.800+0300][3224][19180][debug][gc,heap  ] GC(30) Heap before GC invocations=30 (full 2):
[2025-06-17T22:38:16.800+0300][3224][19180][debug][gc,heap  ] GC(30)  garbage-first heap   total 2097152K, used 1279355K [0x0000000080000000, 0x0000000100000000)
[2025-06-17T22:38:16.800+0300][3224][19180][debug][gc,heap  ] GC(30)   region size 1024K, 1228 young (1257472K), 1 survivors (1024K)
[2025-06-17T22:38:16.800+0300][3224][19180][debug][gc,heap  ] GC(30)  Metaspace       used 8733K, committed 9792K, reserved 1114112K
[2025-06-17T22:38:16.800+0300][3224][19180][debug][gc,heap  ] GC(30)   class space    used 874K, committed 1280K, reserved 1048576K
[2025-06-17T22:38:16.801+0300][3224][19180][info ][gc,phases] GC(30)   Pre Evacuate Collection Set: 0.4ms
[2025-06-17T22:38:16.801+0300][3224][19180][debug][gc,phases] GC(30)     Pre Evacuate Prepare: 0.1ms
[2025-06-17T22:38:16.801+0300][3224][19180][debug][gc,phases] GC(30)       JT Retire TLABs And Flush Logs (ms): Min:  0.0, Avg:  0.0, Max:  0.0, Diff:  0.0, Sum:  0.0, Workers: 2
[2025-06-17T22:38:16.801+0300][3224][19180][debug][gc,phases] GC(30)       Non-JT Flush Logs (ms):        Min:  0.0, Avg:  0.0, Max:  0.0, Diff:  0.0, Sum:  0.0, Workers: 1
[2025-06-17T22:38:16.801+0300][3224][19180][debug][gc,phases] GC(30)     Choose Collection Set: 0.0ms
[2025-06-17T22:38:16.801+0300][3224][19180][debug][gc,phases] GC(30)     Region Register: 0.3ms
[2025-06-17T22:38:16.801+0300][3224][19180][debug][gc,phases] GC(30)     Prepare Heap Roots: 0.0ms
[2025-06-17T22:38:16.801+0300][3224][19180][info ][gc,phases] GC(30)   Merge Heap Roots: 0.2ms
[2025-06-17T22:38:16.801+0300][3224][19180][debug][gc,phases] GC(30)     Prepare Merge Heap Roots: 0.0ms
[2025-06-17T22:38:16.801+0300][3224][19180][debug][gc,phases] GC(30)     Remembered Sets (ms):          Min:  0.0, Avg:  0.1, Max:  0.1, Diff:  0.1, Sum:  0.8, Workers: 8
[2025-06-17T22:38:16.801+0300][3224][19180][debug][gc,phases] GC(30)       Eager Reclaim (ms):            Min:  0.0, Avg:  0.0, Max:  0.0, Diff:  0.0, Sum:  0.0, Workers: 1
[2025-06-17T22:38:16.801+0300][3224][19180][debug][gc,phases] GC(30)       Merged Inline                  Min: 0, Avg:  0.0, Max: 0, Diff: 0, Sum: 0, Workers: 8
[2025-06-17T22:38:16.801+0300][3224][19180][debug][gc,phases] GC(30)       Merged ArrayOfCards            Min: 0, Avg:  0.0, Max: 0, Diff: 0, Sum: 0, Workers: 8
[2025-06-17T22:38:16.801+0300][3224][19180][debug][gc,phases] GC(30)       Merged Howl                    Min: 0, Avg:  0.0, Max: 0, Diff: 0, Sum: 0, Workers: 8
[2025-06-17T22:38:16.801+0300][3224][19180][debug][gc,phases] GC(30)       Merged Full                    Min: 0, Avg:  0.0, Max: 0, Diff: 0, Sum: 0, Workers: 8
[2025-06-17T22:38:16.801+0300][3224][19180][debug][gc,phases] GC(30)       Merged Howl Inline             Min: 0, Avg:  0.0, Max: 0, Diff: 0, Sum: 0, Workers: 8
[2025-06-17T22:38:16.801+0300][3224][19180][debug][gc,phases] GC(30)       Merged Howl ArrayOfCards       Min: 0, Avg:  0.0, Max: 0, Diff: 0, Sum: 0, Workers: 8
[2025-06-17T22:38:16.801+0300][3224][19180][debug][gc,phases] GC(30)       Merged Howl BitMap             Min: 0, Avg:  0.0, Max: 0, Diff: 0, Sum: 0, Workers: 8
[2025-06-17T22:38:16.801+0300][3224][19180][debug][gc,phases] GC(30)       Merged Howl Full               Min: 0, Avg:  0.0, Max: 0, Diff: 0, Sum: 0, Workers: 8
[2025-06-17T22:38:16.801+0300][3224][19180][debug][gc,phases] GC(30)       Merged Cards                   Min: 8, Avg:  9.0, Max: 16, Diff: 8, Sum: 72, Workers: 8
[2025-06-17T22:38:16.801+0300][3224][19180][debug][gc,phases] GC(30)     Log Buffers (ms):              Min:  0.0, Avg:  0.0, Max:  0.0, Diff:  0.0, Sum:  0.0, Workers: 8
[2025-06-17T22:38:16.801+0300][3224][19180][debug][gc,phases] GC(30)       Dirty Cards:                   Min: 0, Avg:  1.4, Max: 11, Diff: 11, Sum: 11, Workers: 8
[2025-06-17T22:38:16.801+0300][3224][19180][debug][gc,phases] GC(30)       Skipped Cards:                 Min: 0, Avg:  0.0, Max: 0, Diff: 0, Sum: 0, Workers: 8
[2025-06-17T22:38:16.801+0300][3224][19180][info ][gc,phases] GC(30)   Evacuate Collection Set: 0.4ms
[2025-06-17T22:38:16.801+0300][3224][19180][debug][gc,phases] GC(30)     Ext Root Scanning (ms):        Min:  0.1, Avg:  0.1, Max:  0.1, Diff:  0.0, Sum:  0.5, Workers: 8
[2025-06-17T22:38:16.801+0300][3224][19180][debug][gc,phases] GC(30)     Scan Heap Roots (ms):          Min:  0.0, Avg:  0.0, Max:  0.0, Diff:  0.0, Sum:  0.1, Workers: 8
[2025-06-17T22:38:16.801+0300][3224][19180][debug][gc,phases] GC(30)       Scanned Cards:                 Min: 0, Avg:  1.2, Max: 4, Diff: 4, Sum: 10, Workers: 8
[2025-06-17T22:38:16.801+0300][3224][19180][debug][gc,phases] GC(30)       Scanned Blocks:                Min: 0, Avg:  1.1, Max: 4, Diff: 4, Sum: 9, Workers: 8
[2025-06-17T22:38:16.801+0300][3224][19180][debug][gc,phases] GC(30)       Claimed Chunks:                Min: 0, Avg:  1.0, Max: 3, Diff: 3, Sum: 8, Workers: 8
[2025-06-17T22:38:16.801+0300][3224][19180][debug][gc,phases] GC(30)       Found Roots:                   Min: 0, Avg:  1.1, Max: 4, Diff: 4, Sum: 9, Workers: 8
[2025-06-17T22:38:16.801+0300][3224][19180][debug][gc,phases] GC(30)     Code Root Scan (ms):           Min:  0.1, Avg:  0.1, Max:  0.1, Diff:  0.0, Sum:  0.8, Workers: 8
[2025-06-17T22:38:16.801+0300][3224][19180][debug][gc,phases] GC(30)       Scanned Nmethods               Min: 0, Avg:  0.0, Max: 0, Diff: 0, Sum: 0, Workers: 8
[2025-06-17T22:38:16.801+0300][3224][19180][debug][gc,phases] GC(30)     Object Copy (ms):              Min:  0.1, Avg:  0.1, Max:  0.1, Diff:  0.0, Sum:  0.7, Workers: 8
[2025-06-17T22:38:16.801+0300][3224][19180][debug][gc,phases] GC(30)     Termination (ms):              Min:  0.0, Avg:  0.0, Max:  0.0, Diff:  0.0, Sum:  0.0, Workers: 8
[2025-06-17T22:38:16.801+0300][3224][19180][debug][gc,phases] GC(30)       Termination Attempts:          Min: 1, Avg:  1.0, Max: 1, Diff: 0, Sum: 8, Workers: 8
[2025-06-17T22:38:16.801+0300][3224][19180][debug][gc,phases] GC(30)     GC Worker Other (ms):          Min:  0.1, Avg:  0.1, Max:  0.1, Diff:  0.0, Sum:  0.8, Workers: 8
[2025-06-17T22:38:16.801+0300][3224][19180][debug][gc,phases] GC(30)     GC Worker Total (ms):          Min:  0.4, Avg:  0.4, Max:  0.4, Diff:  0.0, Sum:  2.9, Workers: 8
[2025-06-17T22:38:16.801+0300][3224][19180][info ][gc,phases] GC(30)   Post Evacuate Collection Set: 0.7ms
[2025-06-17T22:38:16.801+0300][3224][19180][debug][gc,phases] GC(30)     NMethod List Cleanup: 0.0ms
[2025-06-17T22:38:16.801+0300][3224][19180][debug][gc,phases] GC(30)     Reference Processing: 0.1ms
[2025-06-17T22:38:16.801+0300][3224][19180][debug][gc,phases] GC(30)     Weak Processing: 0.1ms
[2025-06-17T22:38:16.801+0300][3224][19180][debug][gc,phases] GC(30)       VM Weak                        Min:  0.0, Avg:  0.0, Max:  0.0, Diff:  0.0, Sum:  0.0, Workers: 8
[2025-06-17T22:38:16.801+0300][3224][19180][debug][gc,phases] GC(30)         Dead                           Min: 0, Avg:  0.0, Max: 0, Diff: 0, Sum: 0, Workers: 8
[2025-06-17T22:38:16.801+0300][3224][19180][debug][gc,phases] GC(30)         Total                          Min: 0, Avg: 15.4, Max: 123, Diff: 123, Sum: 123, Workers: 8
[2025-06-17T22:38:16.801+0300][3224][19180][debug][gc,phases] GC(30)       ObjectSynchronizer Weak        Min:  0.0, Avg:  0.0, Max:  0.0, Diff:  0.0, Sum:  0.0, Workers: 8
[2025-06-17T22:38:16.801+0300][3224][19180][debug][gc,phases] GC(30)         Dead                           Min: 0, Avg:  0.0, Max: 0, Diff: 0, Sum: 0, Workers: 8
[2025-06-17T22:38:16.801+0300][3224][19180][debug][gc,phases] GC(30)         Total                          Min: 0, Avg: 18.6, Max: 85, Diff: 85, Sum: 149, Workers: 8
[2025-06-17T22:38:16.801+0300][3224][19180][debug][gc,phases] GC(30)       JVMTI Tag Weak OopStorage      Min:  0.0, Avg:  0.0, Max:  0.0, Diff:  0.0, Sum:  0.0, Workers: 8
[2025-06-17T22:38:16.801+0300][3224][19180][debug][gc,phases] GC(30)         Dead                           Min: 0, Avg:  0.0, Max: 0, Diff: 0, Sum: 0, Workers: 8
[2025-06-17T22:38:16.801+0300][3224][19180][debug][gc,phases] GC(30)         Total                          Min: 0, Avg:  0.0, Max: 0, Diff: 0, Sum: 0, Workers: 8
[2025-06-17T22:38:16.801+0300][3224][19180][debug][gc,phases] GC(30)       StringTable Weak               Min:  0.0, Avg:  0.0, Max:  0.0, Diff:  0.0, Sum:  0.1, Workers: 8
[2025-06-17T22:38:16.801+0300][3224][19180][debug][gc,phases] GC(30)         Dead                           Min: 0, Avg:  0.0, Max: 0, Diff: 0, Sum: 0, Workers: 8
[2025-06-17T22:38:16.801+0300][3224][19180][debug][gc,phases] GC(30)         Total                          Min: 0, Avg: 778.5, Max: 1280, Diff: 1280, Sum: 6228, Workers: 8
[2025-06-17T22:38:16.801+0300][3224][19180][debug][gc,phases] GC(30)       ResolvedMethodTable Weak       Min:  0.0, Avg:  0.0, Max:  0.0, Diff:  0.0, Sum:  0.0, Workers: 8
[2025-06-17T22:38:16.801+0300][3224][19180][debug][gc,phases] GC(30)         Dead                           Min: 0, Avg:  0.0, Max: 0, Diff: 0, Sum: 0, Workers: 8
[2025-06-17T22:38:16.801+0300][3224][19180][debug][gc,phases] GC(30)         Total                          Min: 0, Avg: 111.8, Max: 191, Diff: 191, Sum: 894, Workers: 8
[2025-06-17T22:38:16.801+0300][3224][19180][debug][gc,phases] GC(30)       JNI Weak                       Min:  0.0, Avg:  0.0, Max:  0.0, Diff:  0.0, Sum:  0.0, Workers: 8
[2025-06-17T22:38:16.801+0300][3224][19180][debug][gc,phases] GC(30)         Dead                           Min: 0, Avg:  0.0, Max: 0, Diff: 0, Sum: 0, Workers: 8
[2025-06-17T22:38:16.801+0300][3224][19180][debug][gc,phases] GC(30)         Total                          Min: 0, Avg:  0.0, Max: 0, Diff: 0, Sum: 0, Workers: 8
[2025-06-17T22:38:16.801+0300][3224][19180][debug][gc,phases] GC(30)       StringDedup Table Weak         Min:  0.0, Avg:  0.0, Max:  0.0, Diff:  0.0, Sum:  0.0, Workers: 8
[2025-06-17T22:38:16.801+0300][3224][19180][debug][gc,phases] GC(30)         Dead                           Min: 0, Avg:  0.0, Max: 0, Diff: 0, Sum: 0, Workers: 8
[2025-06-17T22:38:16.801+0300][3224][19180][debug][gc,phases] GC(30)         Total                          Min: 0, Avg:  0.0, Max: 0, Diff: 0, Sum: 0, Workers: 8
[2025-06-17T22:38:16.801+0300][3224][19180][debug][gc,phases] GC(30)       StringDedup Requests0 Weak     Min:  0.0, Avg:  0.0, Max:  0.0, Diff:  0.0, Sum:  0.0, Workers: 8
[2025-06-17T22:38:16.801+0300][3224][19180][debug][gc,phases] GC(30)         Dead                           Min: 0, Avg:  0.0, Max: 0, Diff: 0, Sum: 0, Workers: 8
[2025-06-17T22:38:16.801+0300][3224][19180][debug][gc,phases] GC(30)         Total                          Min: 0, Avg:  0.0, Max: 0, Diff: 0, Sum: 0, Workers: 8
[2025-06-17T22:38:16.801+0300][3224][19180][debug][gc,phases] GC(30)       StringDedup Requests1 Weak     Min:  0.0, Avg:  0.0, Max:  0.0, Diff:  0.0, Sum:  0.0, Workers: 8
[2025-06-17T22:38:16.801+0300][3224][19180][debug][gc,phases] GC(30)         Dead                           Min: 0, Avg:  0.0, Max: 0, Diff: 0, Sum: 0, Workers: 8
[2025-06-17T22:38:16.801+0300][3224][19180][debug][gc,phases] GC(30)         Total                          Min: 0, Avg:  0.0, Max: 0, Diff: 0, Sum: 0, Workers: 8
[2025-06-17T22:38:16.801+0300][3224][19180][debug][gc,phases] GC(30)       Weak JFR Old Object Samples    Min:  0.0, Avg:  0.0, Max:  0.0, Diff:  0.0, Sum:  0.0, Workers: 8
[2025-06-17T22:38:16.801+0300][3224][19180][debug][gc,phases] GC(30)         Dead                           Min: 0, Avg:  0.0, Max: 0, Diff: 0, Sum: 0, Workers: 8
[2025-06-17T22:38:16.801+0300][3224][19180][debug][gc,phases] GC(30)         Total                          Min: 0, Avg:  0.0, Max: 0, Diff: 0, Sum: 0, Workers: 8
[2025-06-17T22:38:16.801+0300][3224][19180][debug][gc,phases] GC(30)     Post Evacuate Cleanup 1: 0.2ms
[2025-06-17T22:38:16.801+0300][3224][19180][debug][gc,phases] GC(30)       Merge Per-Thread State (ms):   Min:  0.0, Avg:  0.0, Max:  0.0, Diff:  0.0, Sum:  0.0, Workers: 1
[2025-06-17T22:38:16.801+0300][3224][19180][debug][gc,phases] GC(30)         Copied Bytes                   Min: 63624, Avg: 89328.0, Max: 117632, Diff: 54008, Sum: 714624, Workers: 8
[2025-06-17T22:38:16.801+0300][3224][19180][debug][gc,phases] GC(30)         LAB Waste                      Min: 120, Avg: 170.0, Max: 216, Diff: 96, Sum: 1360, Workers: 8
[2025-06-17T22:38:16.801+0300][3224][19180][debug][gc,phases] GC(30)         LAB Undo Waste                 Min: 0, Avg:  0.0, Max: 0, Diff: 0, Sum: 0, Workers: 8
[2025-06-17T22:38:16.801+0300][3224][19180][debug][gc,phases] GC(30)       Clear Logged Cards (ms):       Min:  0.0, Avg:  0.1, Max:  0.2, Diff:  0.2, Sum:  0.4, Workers: 5
[2025-06-17T22:38:16.801+0300][3224][19180][debug][gc,phases] GC(30)       Recalculate Used Memory (ms):  Min:  0.0, Avg:  0.0, Max:  0.0, Diff:  0.0, Sum:  0.0, Workers: 1
[2025-06-17T22:38:16.801+0300][3224][19180][debug][gc,phases] GC(30)     Post Evacuate Cleanup 2: 0.3ms
[2025-06-17T22:38:16.801+0300][3224][19180][debug][gc,phases] GC(30)       Update Derived Pointers (ms):  Min:  0.0, Avg:  0.0, Max:  0.0, Diff:  0.0, Sum:  0.0, Workers: 1
[2025-06-17T22:38:16.801+0300][3224][19180][debug][gc,phases] GC(30)       Eagerly Reclaim Humongous Objects (ms): Min:  0.0, Avg:  0.0, Max:  0.0, Diff:  0.0, Sum:  0.0, Workers: 1
[2025-06-17T22:38:16.801+0300][3224][19180][debug][gc,phases] GC(30)         Humongous Total                Min: 6, Avg:  6.0, Max: 6, Diff: 0, Sum: 6, Workers: 1
[2025-06-17T22:38:16.801+0300][3224][19180][debug][gc,phases] GC(30)         Humongous Candidates           Min: 3, Avg:  3.0, Max: 3, Diff: 0, Sum: 3, Workers: 1
[2025-06-17T22:38:16.801+0300][3224][19180][debug][gc,phases] GC(30)         Humongous Reclaimed            Min: 0, Avg:  0.0, Max: 0, Diff: 0, Sum: 0, Workers: 1
[2025-06-17T22:38:16.801+0300][3224][19180][debug][gc,phases] GC(30)       Redirty Logged Cards (ms):     Min:  0.0, Avg:  0.0, Max:  0.0, Diff:  0.0, Sum:  0.0, Workers: 8
[2025-06-17T22:38:16.801+0300][3224][19180][debug][gc,phases] GC(30)         Redirtied Cards:               Min: 0, Avg:  1.0, Max: 4, Diff: 4, Sum: 8, Workers: 8
[2025-06-17T22:38:16.801+0300][3224][19180][debug][gc,phases] GC(30)       Resize TLABs (ms):             Min:  0.0, Avg:  0.0, Max:  0.0, Diff:  0.0, Sum:  0.0, Workers: 8
[2025-06-17T22:38:16.801+0300][3224][19180][debug][gc,phases] GC(30)       Free Collection Set (ms):      Min:  0.2, Avg:  0.2, Max:  0.2, Diff:  0.0, Sum:  1.9, Workers: 8
[2025-06-17T22:38:16.801+0300][3224][19180][debug][gc,phases] GC(30)     Rebuild Free List: 0.1ms
[2025-06-17T22:38:16.801+0300][3224][19180][debug][gc,phases] GC(30)     Prepare For Mutator: 0.0ms
[2025-06-17T22:38:16.801+0300][3224][19180][debug][gc,phases] GC(30)     Expand Heap After Collection: 0.0ms
[2025-06-17T22:38:16.801+0300][3224][19180][info ][gc,phases] GC(30)   Other: 0.1ms
[2025-06-17T22:38:16.801+0300][3224][19180][info ][gc,heap  ] GC(30) Eden regions: 1227->0(1227)
[2025-06-17T22:38:16.801+0300][3224][19180][info ][gc,heap  ] GC(30) Survivor regions: 1->1(154)
[2025-06-17T22:38:16.801+0300][3224][19180][info ][gc,heap  ] GC(30) Old regions: 10->10
[2025-06-17T22:38:16.801+0300][3224][19180][info ][gc,heap  ] GC(30) Humongous regions: 18->18
[2025-06-17T22:38:16.801+0300][3224][19180][debug][gc,heap  ] GC(30) Heap after GC invocations=31 (full 2):
[2025-06-17T22:38:16.801+0300][3224][19180][debug][gc,heap  ] GC(30)  garbage-first heap   total 2097152K, used 22907K [0x0000000080000000, 0x0000000100000000)
[2025-06-17T22:38:16.801+0300][3224][19180][debug][gc,heap  ] GC(30)   region size 1024K, 1 young (1024K), 1 survivors (1024K)
[2025-06-17T22:38:16.801+0300][3224][19180][debug][gc,heap  ] GC(30)  Metaspace       used 8733K, committed 9792K, reserved 1114112K
[2025-06-17T22:38:16.801+0300][3224][19180][debug][gc,heap  ] GC(30)   class space    used 874K, committed 1280K, reserved 1048576K
[2025-06-17T22:38:16.801+0300][3224][19180][info ][gc       ] GC(30) Pause Young (Normal) (G1 Evacuation Pause) 1249M->22M(2048M) 3.469ms
[2025-06-17T22:38:16.801+0300][3224][19180][info ][safepoint] Safepoint "G1CollectForAllocation", Time since last: 584624600 ns, Reaching safepoint: 405200 ns, Cleanup: 7100 ns, At safepoint: 3525200 ns, Total: 3937500 ns
[2025-06-17T22:38:17.191+0300][3224][19180][debug][safepoint] Safepoint synchronization initiated using striped semaphore wait barrier. (19 threads)
[2025-06-17T22:38:17.191+0300][3224][12336][debug][safepoint] ... found polling page loop exception at pc = 0x00000275903e621d, stub =0x000002758fbb6600
[2025-06-17T22:38:17.191+0300][3224][18008][debug][safepoint] ... found polling page loop exception at pc = 0x00000275903d6631, stub =0x000002758fbb5d80
[2025-06-17T22:38:17.191+0300][3224][22328][debug][safepoint] ... found polling page loop exception at pc = 0x00000275901bda60, stub =0x000002758fbb5d80
[2025-06-17T22:38:17.191+0300][3224][20700][debug][safepoint] ... found polling page loop exception at pc = 0x00000275901bda60, stub =0x000002758fbb5d80
[2025-06-17T22:38:17.191+0300][3224][20616][debug][safepoint] ... found polling page loop exception at pc = 0x0000027590237666, stub =0x000002758fbb6600
[2025-06-17T22:38:17.191+0300][3224][10112][debug][safepoint] ... found polling page loop exception at pc = 0x00000275901d1722, stub =0x000002758fbb6600
[2025-06-17T22:38:17.191+0300][3224][2056 ][debug][safepoint] ... found polling page loop exception at pc = 0x00000275901d1722, stub =0x000002758fbb6600
[2025-06-17T22:38:17.191+0300][3224][19180][debug][gc,heap  ] GC(31) Heap before GC invocations=31 (full 2):
[2025-06-17T22:38:17.191+0300][3224][19180][debug][gc,heap  ] GC(31)  garbage-first heap   total 2097152K, used 1279355K [0x0000000080000000, 0x0000000100000000)
[2025-06-17T22:38:17.191+0300][3224][19180][debug][gc,heap  ] GC(31)   region size 1024K, 1228 young (1257472K), 1 survivors (1024K)
[2025-06-17T22:38:17.191+0300][3224][19180][debug][gc,heap  ] GC(31)  Metaspace       used 8733K, committed 9792K, reserved 1114112K
[2025-06-17T22:38:17.191+0300][3224][19180][debug][gc,heap  ] GC(31)   class space    used 874K, committed 1280K, reserved 1048576K
[2025-06-17T22:38:17.191+0300][3224][19180][info ][gc,phases] GC(31)   Pre Evacuate Collection Set: 0.3ms
[2025-06-17T22:38:17.191+0300][3224][19180][debug][gc,phases] GC(31)     Pre Evacuate Prepare: 0.0ms
[2025-06-17T22:38:17.191+0300][3224][19180][debug][gc,phases] GC(31)       JT Retire TLABs And Flush Logs (ms): Min:  0.0, Avg:  0.0, Max:  0.0, Diff:  0.0, Sum:  0.0, Workers: 2
[2025-06-17T22:38:17.191+0300][3224][19180][debug][gc,phases] GC(31)       Non-JT Flush Logs (ms):        Min:  0.0, Avg:  0.0, Max:  0.0, Diff:  0.0, Sum:  0.0, Workers: 1
[2025-06-17T22:38:17.191+0300][3224][19180][debug][gc,phases] GC(31)     Choose Collection Set: 0.0ms
[2025-06-17T22:38:17.191+0300][3224][19180][debug][gc,phases] GC(31)     Region Register: 0.2ms
[2025-06-17T22:38:17.191+0300][3224][19180][debug][gc,phases] GC(31)     Prepare Heap Roots: 0.0ms
[2025-06-17T22:38:17.191+0300][3224][19180][info ][gc,phases] GC(31)   Merge Heap Roots: 0.2ms
[2025-06-17T22:38:17.191+0300][3224][19180][debug][gc,phases] GC(31)     Prepare Merge Heap Roots: 0.0ms
[2025-06-17T22:38:17.191+0300][3224][19180][debug][gc,phases] GC(31)     Remembered Sets (ms):          Min:  0.1, Avg:  0.1, Max:  0.1, Diff:  0.0, Sum:  1.0, Workers: 8
[2025-06-17T22:38:17.191+0300][3224][19180][debug][gc,phases] GC(31)       Eager Reclaim (ms):            Min:  0.0, Avg:  0.0, Max:  0.0, Diff:  0.0, Sum:  0.0, Workers: 1
[2025-06-17T22:38:17.191+0300][3224][19180][debug][gc,phases] GC(31)       Merged Inline                  Min: 0, Avg:  0.0, Max: 0, Diff: 0, Sum: 0, Workers: 8
[2025-06-17T22:38:17.191+0300][3224][19180][debug][gc,phases] GC(31)       Merged ArrayOfCards            Min: 0, Avg:  0.0, Max: 0, Diff: 0, Sum: 0, Workers: 8
[2025-06-17T22:38:17.191+0300][3224][19180][debug][gc,phases] GC(31)       Merged Howl                    Min: 0, Avg:  0.0, Max: 0, Diff: 0, Sum: 0, Workers: 8
[2025-06-17T22:38:17.191+0300][3224][19180][debug][gc,phases] GC(31)       Merged Full                    Min: 0, Avg:  0.0, Max: 0, Diff: 0, Sum: 0, Workers: 8
[2025-06-17T22:38:17.191+0300][3224][19180][debug][gc,phases] GC(31)       Merged Howl Inline             Min: 0, Avg:  0.0, Max: 0, Diff: 0, Sum: 0, Workers: 8
[2025-06-17T22:38:17.191+0300][3224][19180][debug][gc,phases] GC(31)       Merged Howl ArrayOfCards       Min: 0, Avg:  0.0, Max: 0, Diff: 0, Sum: 0, Workers: 8
[2025-06-17T22:38:17.191+0300][3224][19180][debug][gc,phases] GC(31)       Merged Howl BitMap             Min: 0, Avg:  0.0, Max: 0, Diff: 0, Sum: 0, Workers: 8
[2025-06-17T22:38:17.191+0300][3224][19180][debug][gc,phases] GC(31)       Merged Howl Full               Min: 0, Avg:  0.0, Max: 0, Diff: 0, Sum: 0, Workers: 8
[2025-06-17T22:38:17.191+0300][3224][19180][debug][gc,phases] GC(31)       Merged Cards                   Min: 8, Avg:  9.0, Max: 16, Diff: 8, Sum: 72, Workers: 8
[2025-06-17T22:38:17.191+0300][3224][19180][debug][gc,phases] GC(31)     Log Buffers (ms):              Min:  0.0, Avg:  0.0, Max:  0.0, Diff:  0.0, Sum:  0.0, Workers: 8
[2025-06-17T22:38:17.191+0300][3224][19180][debug][gc,phases] GC(31)       Dirty Cards:                   Min: 0, Avg:  1.2, Max: 10, Diff: 10, Sum: 10, Workers: 8
[2025-06-17T22:38:17.191+0300][3224][19180][debug][gc,phases] GC(31)       Skipped Cards:                 Min: 0, Avg:  0.0, Max: 0, Diff: 0, Sum: 0, Workers: 8
[2025-06-17T22:38:17.191+0300][3224][19180][info ][gc,phases] GC(31)   Evacuate Collection Set: 0.6ms
[2025-06-17T22:38:17.191+0300][3224][19180][debug][gc,phases] GC(31)     Ext Root Scanning (ms):        Min:  0.0, Avg:  0.1, Max:  0.1, Diff:  0.1, Sum:  0.4, Workers: 8
[2025-06-17T22:38:17.191+0300][3224][19180][debug][gc,phases] GC(31)     Scan Heap Roots (ms):          Min:  0.0, Avg:  0.0, Max:  0.0, Diff:  0.0, Sum:  0.0, Workers: 8
[2025-06-17T22:38:17.191+0300][3224][19180][debug][gc,phases] GC(31)       Scanned Cards:                 Min: 0, Avg:  1.2, Max: 3, Diff: 3, Sum: 10, Workers: 8
[2025-06-17T22:38:17.191+0300][3224][19180][debug][gc,phases] GC(31)       Scanned Blocks:                Min: 0, Avg:  1.1, Max: 3, Diff: 3, Sum: 9, Workers: 8
[2025-06-17T22:38:17.191+0300][3224][19180][debug][gc,phases] GC(31)       Claimed Chunks:                Min: 0, Avg:  1.0, Max: 2, Diff: 2, Sum: 8, Workers: 8
[2025-06-17T22:38:17.191+0300][3224][19180][debug][gc,phases] GC(31)       Found Roots:                   Min: 0, Avg:  1.1, Max: 3, Diff: 3, Sum: 9, Workers: 8
[2025-06-17T22:38:17.191+0300][3224][19180][debug][gc,phases] GC(31)     Code Root Scan (ms):           Min:  0.1, Avg:  0.1, Max:  0.1, Diff:  0.0, Sum:  0.8, Workers: 8
[2025-06-17T22:38:17.191+0300][3224][19180][debug][gc,phases] GC(31)       Scanned Nmethods               Min: 0, Avg:  0.0, Max: 0, Diff: 0, Sum: 0, Workers: 8
[2025-06-17T22:38:17.191+0300][3224][19180][debug][gc,phases] GC(31)     Object Copy (ms):              Min:  0.0, Avg:  0.1, Max:  0.1, Diff:  0.1, Sum:  0.7, Workers: 8
[2025-06-17T22:38:17.191+0300][3224][19180][debug][gc,phases] GC(31)     Termination (ms):              Min:  0.0, Avg:  0.2, Max:  0.2, Diff:  0.2, Sum:  1.5, Workers: 8
[2025-06-17T22:38:17.191+0300][3224][19180][debug][gc,phases] GC(31)       Termination Attempts:          Min: 1, Avg:  1.0, Max: 1, Diff: 0, Sum: 8, Workers: 8
[2025-06-17T22:38:17.191+0300][3224][19180][debug][gc,phases] GC(31)     GC Worker Other (ms):          Min:  0.1, Avg:  0.1, Max:  0.1, Diff:  0.0, Sum:  0.8, Workers: 8
[2025-06-17T22:38:17.191+0300][3224][19180][debug][gc,phases] GC(31)     GC Worker Total (ms):          Min:  0.2, Avg:  0.5, Max:  0.6, Diff:  0.4, Sum:  4.3, Workers: 8
[2025-06-17T22:38:17.191+0300][3224][19180][info ][gc,phases] GC(31)   Post Evacuate Collection Set: 0.8ms
[2025-06-17T22:38:17.191+0300][3224][19180][debug][gc,phases] GC(31)     NMethod List Cleanup: 0.0ms
[2025-06-17T22:38:17.191+0300][3224][19180][debug][gc,phases] GC(31)     Reference Processing: 0.1ms
[2025-06-17T22:38:17.191+0300][3224][19180][debug][gc,phases] GC(31)     Weak Processing: 0.1ms
[2025-06-17T22:38:17.191+0300][3224][19180][debug][gc,phases] GC(31)       VM Weak                        Min:  0.0, Avg:  0.0, Max:  0.0, Diff:  0.0, Sum:  0.0, Workers: 8
[2025-06-17T22:38:17.191+0300][3224][19180][debug][gc,phases] GC(31)         Dead                           Min: 0, Avg:  0.0, Max: 0, Diff: 0, Sum: 0, Workers: 8
[2025-06-17T22:38:17.191+0300][3224][19180][debug][gc,phases] GC(31)         Total                          Min: 0, Avg: 15.4, Max: 123, Diff: 123, Sum: 123, Workers: 8
[2025-06-17T22:38:17.191+0300][3224][19180][debug][gc,phases] GC(31)       ObjectSynchronizer Weak        Min:  0.0, Avg:  0.0, Max:  0.0, Diff:  0.0, Sum:  0.0, Workers: 8
[2025-06-17T22:38:17.191+0300][3224][19180][debug][gc,phases] GC(31)         Dead                           Min: 0, Avg:  0.0, Max: 0, Diff: 0, Sum: 0, Workers: 8
[2025-06-17T22:38:17.191+0300][3224][19180][debug][gc,phases] GC(31)         Total                          Min: 0, Avg: 18.6, Max: 64, Diff: 64, Sum: 149, Workers: 8
[2025-06-17T22:38:17.191+0300][3224][19180][debug][gc,phases] GC(31)       JVMTI Tag Weak OopStorage      Min:  0.0, Avg:  0.0, Max:  0.0, Diff:  0.0, Sum:  0.0, Workers: 8
[2025-06-17T22:38:17.191+0300][3224][19180][debug][gc,phases] GC(31)         Dead                           Min: 0, Avg:  0.0, Max: 0, Diff: 0, Sum: 0, Workers: 8
[2025-06-17T22:38:17.191+0300][3224][19180][debug][gc,phases] GC(31)         Total                          Min: 0, Avg:  0.0, Max: 0, Diff: 0, Sum: 0, Workers: 8
[2025-06-17T22:38:17.191+0300][3224][19180][debug][gc,phases] GC(31)       StringTable Weak               Min:  0.0, Avg:  0.0, Max:  0.0, Diff:  0.0, Sum:  0.1, Workers: 8
[2025-06-17T22:38:17.191+0300][3224][19180][debug][gc,phases] GC(31)         Dead                           Min: 0, Avg:  0.0, Max: 0, Diff: 0, Sum: 0, Workers: 8
[2025-06-17T22:38:17.191+0300][3224][19180][debug][gc,phases] GC(31)         Total                          Min: 576, Avg: 778.5, Max: 832, Diff: 256, Sum: 6228, Workers: 8
[2025-06-17T22:38:17.191+0300][3224][19180][debug][gc,phases] GC(31)       ResolvedMethodTable Weak       Min:  0.0, Avg:  0.0, Max:  0.0, Diff:  0.0, Sum:  0.0, Workers: 8
[2025-06-17T22:38:17.191+0300][3224][19180][debug][gc,phases] GC(31)         Dead                           Min: 0, Avg:  0.0, Max: 0, Diff: 0, Sum: 0, Workers: 8
[2025-06-17T22:38:17.191+0300][3224][19180][debug][gc,phases] GC(31)         Total                          Min: 64, Avg: 111.8, Max: 128, Diff: 64, Sum: 894, Workers: 8
[2025-06-17T22:38:17.191+0300][3224][19180][debug][gc,phases] GC(31)       JNI Weak                       Min:  0.0, Avg:  0.0, Max:  0.0, Diff:  0.0, Sum:  0.0, Workers: 8
[2025-06-17T22:38:17.191+0300][3224][19180][debug][gc,phases] GC(31)         Dead                           Min: 0, Avg:  0.0, Max: 0, Diff: 0, Sum: 0, Workers: 8
[2025-06-17T22:38:17.191+0300][3224][19180][debug][gc,phases] GC(31)         Total                          Min: 0, Avg:  0.0, Max: 0, Diff: 0, Sum: 0, Workers: 8
[2025-06-17T22:38:17.191+0300][3224][19180][debug][gc,phases] GC(31)       StringDedup Table Weak         Min:  0.0, Avg:  0.0, Max:  0.0, Diff:  0.0, Sum:  0.0, Workers: 8
[2025-06-17T22:38:17.191+0300][3224][19180][debug][gc,phases] GC(31)         Dead                           Min: 0, Avg:  0.0, Max: 0, Diff: 0, Sum: 0, Workers: 8
[2025-06-17T22:38:17.191+0300][3224][19180][debug][gc,phases] GC(31)         Total                          Min: 0, Avg:  0.0, Max: 0, Diff: 0, Sum: 0, Workers: 8
[2025-06-17T22:38:17.191+0300][3224][19180][debug][gc,phases] GC(31)       StringDedup Requests0 Weak     Min:  0.0, Avg:  0.0, Max:  0.0, Diff:  0.0, Sum:  0.0, Workers: 8
[2025-06-17T22:38:17.191+0300][3224][19180][debug][gc,phases] GC(31)         Dead                           Min: 0, Avg:  0.0, Max: 0, Diff: 0, Sum: 0, Workers: 8
[2025-06-17T22:38:17.191+0300][3224][19180][debug][gc,phases] GC(31)         Total                          Min: 0, Avg:  0.0, Max: 0, Diff: 0, Sum: 0, Workers: 8
[2025-06-17T22:38:17.191+0300][3224][19180][debug][gc,phases] GC(31)       StringDedup Requests1 Weak     Min:  0.0, Avg:  0.0, Max:  0.0, Diff:  0.0, Sum:  0.0, Workers: 8
[2025-06-17T22:38:17.191+0300][3224][19180][debug][gc,phases] GC(31)         Dead                           Min: 0, Avg:  0.0, Max: 0, Diff: 0, Sum: 0, Workers: 8
[2025-06-17T22:38:17.191+0300][3224][19180][debug][gc,phases] GC(31)         Total                          Min: 0, Avg:  0.0, Max: 0, Diff: 0, Sum: 0, Workers: 8
[2025-06-17T22:38:17.191+0300][3224][19180][debug][gc,phases] GC(31)       Weak JFR Old Object Samples    Min:  0.0, Avg:  0.0, Max:  0.0, Diff:  0.0, Sum:  0.0, Workers: 8
[2025-06-17T22:38:17.191+0300][3224][19180][debug][gc,phases] GC(31)         Dead                           Min: 0, Avg:  0.0, Max: 0, Diff: 0, Sum: 0, Workers: 8
[2025-06-17T22:38:17.191+0300][3224][19180][debug][gc,phases] GC(31)         Total                          Min: 0, Avg:  0.0, Max: 0, Diff: 0, Sum: 0, Workers: 8
[2025-06-17T22:38:17.191+0300][3224][19180][debug][gc,phases] GC(31)     Post Evacuate Cleanup 1: 0.2ms
[2025-06-17T22:38:17.191+0300][3224][19180][debug][gc,phases] GC(31)       Merge Per-Thread State (ms):   Min:  0.0, Avg:  0.0, Max:  0.0, Diff:  0.0, Sum:  0.0, Workers: 1
[2025-06-17T22:38:17.191+0300][3224][19180][debug][gc,phases] GC(31)         Copied Bytes                   Min: 0, Avg: 86451.0, Max: 117928, Diff: 117928, Sum: 691608, Workers: 8
[2025-06-17T22:38:17.191+0300][3224][19180][debug][gc,phases] GC(31)         LAB Waste                      Min: 0, Avg: 146.0, Max: 208, Diff: 208, Sum: 1168, Workers: 8
[2025-06-17T22:38:17.191+0300][3224][19180][debug][gc,phases] GC(31)         LAB Undo Waste                 Min: 0, Avg:  0.0, Max: 0, Diff: 0, Sum: 0, Workers: 8
[2025-06-17T22:38:17.191+0300][3224][19180][debug][gc,phases] GC(31)       Clear Logged Cards (ms):       Min:  0.0, Avg:  0.1, Max:  0.2, Diff:  0.2, Sum:  0.5, Workers: 5
[2025-06-17T22:38:17.191+0300][3224][19180][debug][gc,phases] GC(31)       Recalculate Used Memory (ms):  Min:  0.0, Avg:  0.0, Max:  0.0, Diff:  0.0, Sum:  0.0, Workers: 1
[2025-06-17T22:38:17.191+0300][3224][19180][debug][gc,phases] GC(31)     Post Evacuate Cleanup 2: 0.3ms
[2025-06-17T22:38:17.191+0300][3224][19180][debug][gc,phases] GC(31)       Update Derived Pointers (ms):  Min:  0.0, Avg:  0.0, Max:  0.0, Diff:  0.0, Sum:  0.0, Workers: 1
[2025-06-17T22:38:17.191+0300][3224][19180][debug][gc,phases] GC(31)       Eagerly Reclaim Humongous Objects (ms): Min:  0.0, Avg:  0.0, Max:  0.0, Diff:  0.0, Sum:  0.0, Workers: 1
[2025-06-17T22:38:17.191+0300][3224][19180][debug][gc,phases] GC(31)         Humongous Total                Min: 6, Avg:  6.0, Max: 6, Diff: 0, Sum: 6, Workers: 1
[2025-06-17T22:38:17.191+0300][3224][19180][debug][gc,phases] GC(31)         Humongous Candidates           Min: 3, Avg:  3.0, Max: 3, Diff: 0, Sum: 3, Workers: 1
[2025-06-17T22:38:17.191+0300][3224][19180][debug][gc,phases] GC(31)         Humongous Reclaimed            Min: 0, Avg:  0.0, Max: 0, Diff: 0, Sum: 0, Workers: 1
[2025-06-17T22:38:17.191+0300][3224][19180][debug][gc,phases] GC(31)       Redirty Logged Cards (ms):     Min:  0.0, Avg:  0.0, Max:  0.0, Diff:  0.0, Sum:  0.0, Workers: 8
[2025-06-17T22:38:17.191+0300][3224][19180][debug][gc,phases] GC(31)         Redirtied Cards:               Min: 0, Avg:  1.0, Max: 4, Diff: 4, Sum: 8, Workers: 8
[2025-06-17T22:38:17.191+0300][3224][19180][debug][gc,phases] GC(31)       Resize TLABs (ms):             Min:  0.0, Avg:  0.0, Max:  0.0, Diff:  0.0, Sum:  0.0, Workers: 8
[2025-06-17T22:38:17.191+0300][3224][19180][debug][gc,phases] GC(31)       Free Collection Set (ms):      Min:  0.0, Avg:  0.2, Max:  0.3, Diff:  0.2, Sum:  1.7, Workers: 8
[2025-06-17T22:38:17.191+0300][3224][19180][debug][gc,phases] GC(31)     Rebuild Free List: 0.1ms
[2025-06-17T22:38:17.191+0300][3224][19180][debug][gc,phases] GC(31)     Prepare For Mutator: 0.0ms
[2025-06-17T22:38:17.191+0300][3224][19180][debug][gc,phases] GC(31)     Expand Heap After Collection: 0.0ms
[2025-06-17T22:38:17.191+0300][3224][19180][info ][gc,phases] GC(31)   Other: 0.1ms
[2025-06-17T22:38:17.191+0300][3224][19180][info ][gc,heap  ] GC(31) Eden regions: 1227->0(1227)
[2025-06-17T22:38:17.191+0300][3224][19180][info ][gc,heap  ] GC(31) Survivor regions: 1->1(154)
[2025-06-17T22:38:17.191+0300][3224][19180][info ][gc,heap  ] GC(31) Old regions: 10->10
[2025-06-17T22:38:17.191+0300][3224][19180][info ][gc,heap  ] GC(31) Humongous regions: 18->18
[2025-06-17T22:38:17.191+0300][3224][19180][debug][gc,heap  ] GC(31) Heap after GC invocations=32 (full 2):
[2025-06-17T22:38:17.191+0300][3224][19180][debug][gc,heap  ] GC(31)  garbage-first heap   total 2097152K, used 22882K [0x0000000080000000, 0x0000000100000000)
[2025-06-17T22:38:17.191+0300][3224][19180][debug][gc,heap  ] GC(31)   region size 1024K, 1 young (1024K), 1 survivors (1024K)
[2025-06-17T22:38:17.191+0300][3224][19180][debug][gc,heap  ] GC(31)  Metaspace       used 8733K, committed 9792K, reserved 1114112K
[2025-06-17T22:38:17.191+0300][3224][19180][debug][gc,heap  ] GC(31)   class space    used 874K, committed 1280K, reserved 1048576K
[2025-06-17T22:38:17.191+0300][3224][19180][info ][gc       ] GC(31) Pause Young (Normal) (G1 Evacuation Pause) 1249M->22M(2048M) 3.990ms
[2025-06-17T22:38:17.191+0300][3224][19180][info ][safepoint] Safepoint "G1CollectForAllocation", Time since last: 388794400 ns, Reaching safepoint: 439100 ns, Cleanup: 6500 ns, At safepoint: 4051900 ns, Total: 4497500 ns
[2025-06-17T22:38:17.612+0300][3224][19180][debug][safepoint] Safepoint synchronization initiated using striped semaphore wait barrier. (19 threads)
[2025-06-17T22:38:17.612+0300][3224][18008][debug][safepoint] ... found polling page loop exception at pc = 0x00000275901bda60, stub =0x000002758fbb5d80
[2025-06-17T22:38:17.612+0300][3224][22328][debug][safepoint] ... found polling page loop exception at pc = 0x00000275901bda60, stub =0x000002758fbb5d80
[2025-06-17T22:38:17.612+0300][3224][10112][debug][safepoint] ... found polling page loop exception at pc = 0x00000275901bda60, stub =0x000002758fbb5d80
[2025-06-17T22:38:17.612+0300][3224][12336][debug][safepoint] ... found polling page loop exception at pc = 0x000002759015cab0, stub =0x000002758fbb5d80
[2025-06-17T22:38:17.612+0300][3224][20616][debug][safepoint] ... found polling page loop exception at pc = 0x000002759015cd0c, stub =0x000002758fbb5d80
[2025-06-17T22:38:17.612+0300][3224][20700][debug][safepoint] ... found polling page loop exception at pc = 0x0000027590278775, stub =0x000002758fbb6600
[2025-06-17T22:38:17.612+0300][3224][19180][debug][gc,heap  ] GC(32) Heap before GC invocations=32 (full 2):
[2025-06-17T22:38:17.612+0300][3224][19180][debug][gc,heap  ] GC(32)  garbage-first heap   total 2097152K, used 1279330K [0x0000000080000000, 0x0000000100000000)
[2025-06-17T22:38:17.612+0300][3224][19180][debug][gc,heap  ] GC(32)   region size 1024K, 1228 young (1257472K), 1 survivors (1024K)
[2025-06-17T22:38:17.612+0300][3224][19180][debug][gc,heap  ] GC(32)  Metaspace       used 8733K, committed 9792K, reserved 1114112K
[2025-06-17T22:38:17.612+0300][3224][19180][debug][gc,heap  ] GC(32)   class space    used 874K, committed 1280K, reserved 1048576K
[2025-06-17T22:38:17.612+0300][3224][19180][info ][gc,phases] GC(32)   Pre Evacuate Collection Set: 0.3ms
[2025-06-17T22:38:17.612+0300][3224][19180][debug][gc,phases] GC(32)     Pre Evacuate Prepare: 0.0ms
[2025-06-17T22:38:17.612+0300][3224][19180][debug][gc,phases] GC(32)       JT Retire TLABs And Flush Logs (ms): Min:  0.0, Avg:  0.0, Max:  0.0, Diff:  0.0, Sum:  0.0, Workers: 2
[2025-06-17T22:38:17.612+0300][3224][19180][debug][gc,phases] GC(32)       Non-JT Flush Logs (ms):        Min:  0.0, Avg:  0.0, Max:  0.0, Diff:  0.0, Sum:  0.0, Workers: 1
[2025-06-17T22:38:17.612+0300][3224][19180][debug][gc,phases] GC(32)     Choose Collection Set: 0.0ms
[2025-06-17T22:38:17.612+0300][3224][19180][debug][gc,phases] GC(32)     Region Register: 0.3ms
[2025-06-17T22:38:17.612+0300][3224][19180][debug][gc,phases] GC(32)     Prepare Heap Roots: 0.0ms
[2025-06-17T22:38:17.612+0300][3224][19180][info ][gc,phases] GC(32)   Merge Heap Roots: 0.2ms
[2025-06-17T22:38:17.612+0300][3224][19180][debug][gc,phases] GC(32)     Prepare Merge Heap Roots: 0.0ms
[2025-06-17T22:38:17.612+0300][3224][19180][debug][gc,phases] GC(32)     Remembered Sets (ms):          Min:  0.1, Avg:  0.1, Max:  0.1, Diff:  0.0, Sum:  0.8, Workers: 8
[2025-06-17T22:38:17.612+0300][3224][19180][debug][gc,phases] GC(32)       Eager Reclaim (ms):            Min:  0.0, Avg:  0.0, Max:  0.0, Diff:  0.0, Sum:  0.0, Workers: 1
[2025-06-17T22:38:17.612+0300][3224][19180][debug][gc,phases] GC(32)       Merged Inline                  Min: 0, Avg:  0.0, Max: 0, Diff: 0, Sum: 0, Workers: 8
[2025-06-17T22:38:17.612+0300][3224][19180][debug][gc,phases] GC(32)       Merged ArrayOfCards            Min: 0, Avg:  0.0, Max: 0, Diff: 0, Sum: 0, Workers: 8
[2025-06-17T22:38:17.612+0300][3224][19180][debug][gc,phases] GC(32)       Merged Howl                    Min: 0, Avg:  0.0, Max: 0, Diff: 0, Sum: 0, Workers: 8
[2025-06-17T22:38:17.612+0300][3224][19180][debug][gc,phases] GC(32)       Merged Full                    Min: 0, Avg:  0.0, Max: 0, Diff: 0, Sum: 0, Workers: 8
[2025-06-17T22:38:17.612+0300][3224][19180][debug][gc,phases] GC(32)       Merged Howl Inline             Min: 0, Avg:  0.0, Max: 0, Diff: 0, Sum: 0, Workers: 8
[2025-06-17T22:38:17.612+0300][3224][19180][debug][gc,phases] GC(32)       Merged Howl ArrayOfCards       Min: 0, Avg:  0.0, Max: 0, Diff: 0, Sum: 0, Workers: 8
[2025-06-17T22:38:17.612+0300][3224][19180][debug][gc,phases] GC(32)       Merged Howl BitMap             Min: 0, Avg:  0.0, Max: 0, Diff: 0, Sum: 0, Workers: 8
[2025-06-17T22:38:17.612+0300][3224][19180][debug][gc,phases] GC(32)       Merged Howl Full               Min: 0, Avg:  0.0, Max: 0, Diff: 0, Sum: 0, Workers: 8
[2025-06-17T22:38:17.612+0300][3224][19180][debug][gc,phases] GC(32)       Merged Cards                   Min: 8, Avg:  9.0, Max: 16, Diff: 8, Sum: 72, Workers: 8
[2025-06-17T22:38:17.612+0300][3224][19180][debug][gc,phases] GC(32)     Log Buffers (ms):              Min:  0.0, Avg:  0.0, Max:  0.0, Diff:  0.0, Sum:  0.0, Workers: 8
[2025-06-17T22:38:17.612+0300][3224][19180][debug][gc,phases] GC(32)       Dirty Cards:                   Min: 0, Avg:  1.2, Max: 9, Diff: 9, Sum: 10, Workers: 8
[2025-06-17T22:38:17.612+0300][3224][19180][debug][gc,phases] GC(32)       Skipped Cards:                 Min: 0, Avg:  0.0, Max: 0, Diff: 0, Sum: 0, Workers: 8
[2025-06-17T22:38:17.612+0300][3224][19180][info ][gc,phases] GC(32)   Evacuate Collection Set: 0.4ms
[2025-06-17T22:38:17.612+0300][3224][19180][debug][gc,phases] GC(32)     Ext Root Scanning (ms):        Min:  0.1, Avg:  0.1, Max:  0.1, Diff:  0.0, Sum:  0.5, Workers: 8
[2025-06-17T22:38:17.612+0300][3224][19180][debug][gc,phases] GC(32)     Scan Heap Roots (ms):          Min:  0.0, Avg:  0.0, Max:  0.0, Diff:  0.0, Sum:  0.0, Workers: 8
[2025-06-17T22:38:17.612+0300][3224][19180][debug][gc,phases] GC(32)       Scanned Cards:                 Min: 0, Avg:  1.2, Max: 3, Diff: 3, Sum: 10, Workers: 8
[2025-06-17T22:38:17.612+0300][3224][19180][debug][gc,phases] GC(32)       Scanned Blocks:                Min: 0, Avg:  1.1, Max: 3, Diff: 3, Sum: 9, Workers: 8
[2025-06-17T22:38:17.612+0300][3224][19180][debug][gc,phases] GC(32)       Claimed Chunks:                Min: 0, Avg:  1.0, Max: 2, Diff: 2, Sum: 8, Workers: 8
[2025-06-17T22:38:17.612+0300][3224][19180][debug][gc,phases] GC(32)       Found Roots:                   Min: 0, Avg:  1.1, Max: 3, Diff: 3, Sum: 9, Workers: 8
[2025-06-17T22:38:17.612+0300][3224][19180][debug][gc,phases] GC(32)     Code Root Scan (ms):           Min:  0.1, Avg:  0.1, Max:  0.1, Diff:  0.0, Sum:  0.8, Workers: 8
[2025-06-17T22:38:17.612+0300][3224][19180][debug][gc,phases] GC(32)       Scanned Nmethods               Min: 0, Avg:  0.0, Max: 0, Diff: 0, Sum: 0, Workers: 8
[2025-06-17T22:38:17.612+0300][3224][19180][debug][gc,phases] GC(32)     Object Copy (ms):              Min:  0.1, Avg:  0.1, Max:  0.1, Diff:  0.0, Sum:  0.8, Workers: 8
[2025-06-17T22:38:17.612+0300][3224][19180][debug][gc,phases] GC(32)     Termination (ms):              Min:  0.0, Avg:  0.0, Max:  0.0, Diff:  0.0, Sum:  0.1, Workers: 8
[2025-06-17T22:38:17.612+0300][3224][19180][debug][gc,phases] GC(32)       Termination Attempts:          Min: 1, Avg:  1.0, Max: 1, Diff: 0, Sum: 8, Workers: 8
[2025-06-17T22:38:17.612+0300][3224][19180][debug][gc,phases] GC(32)     GC Worker Other (ms):          Min:  0.1, Avg:  0.1, Max:  0.1, Diff:  0.0, Sum:  0.8, Workers: 8
[2025-06-17T22:38:17.612+0300][3224][19180][debug][gc,phases] GC(32)     GC Worker Total (ms):          Min:  0.4, Avg:  0.4, Max:  0.4, Diff:  0.0, Sum:  3.1, Workers: 8
[2025-06-17T22:38:17.612+0300][3224][19180][info ][gc,phases] GC(32)   Post Evacuate Collection Set: 0.7ms
[2025-06-17T22:38:17.612+0300][3224][19180][debug][gc,phases] GC(32)     NMethod List Cleanup: 0.0ms
[2025-06-17T22:38:17.612+0300][3224][19180][debug][gc,phases] GC(32)     Reference Processing: 0.1ms
[2025-06-17T22:38:17.612+0300][3224][19180][debug][gc,phases] GC(32)     Weak Processing: 0.1ms
[2025-06-17T22:38:17.612+0300][3224][19180][debug][gc,phases] GC(32)       VM Weak                        Min:  0.0, Avg:  0.0, Max:  0.0, Diff:  0.0, Sum:  0.0, Workers: 8
[2025-06-17T22:38:17.612+0300][3224][19180][debug][gc,phases] GC(32)         Dead                           Min: 0, Avg:  0.0, Max: 0, Diff: 0, Sum: 0, Workers: 8
[2025-06-17T22:38:17.612+0300][3224][19180][debug][gc,phases] GC(32)         Total                          Min: 0, Avg: 15.4, Max: 123, Diff: 123, Sum: 123, Workers: 8
[2025-06-17T22:38:17.612+0300][3224][19180][debug][gc,phases] GC(32)       ObjectSynchronizer Weak        Min:  0.0, Avg:  0.0, Max:  0.0, Diff:  0.0, Sum:  0.0, Workers: 8
[2025-06-17T22:38:17.612+0300][3224][19180][debug][gc,phases] GC(32)         Dead                           Min: 0, Avg:  0.0, Max: 0, Diff: 0, Sum: 0, Workers: 8
[2025-06-17T22:38:17.612+0300][3224][19180][debug][gc,phases] GC(32)         Total                          Min: 0, Avg: 18.6, Max: 128, Diff: 128, Sum: 149, Workers: 8
[2025-06-17T22:38:17.612+0300][3224][19180][debug][gc,phases] GC(32)       JVMTI Tag Weak OopStorage      Min:  0.0, Avg:  0.0, Max:  0.0, Diff:  0.0, Sum:  0.0, Workers: 8
[2025-06-17T22:38:17.612+0300][3224][19180][debug][gc,phases] GC(32)         Dead                           Min: 0, Avg:  0.0, Max: 0, Diff: 0, Sum: 0, Workers: 8
[2025-06-17T22:38:17.612+0300][3224][19180][debug][gc,phases] GC(32)         Total                          Min: 0, Avg:  0.0, Max: 0, Diff: 0, Sum: 0, Workers: 8
[2025-06-17T22:38:17.612+0300][3224][19180][debug][gc,phases] GC(32)       StringTable Weak               Min:  0.0, Avg:  0.0, Max:  0.0, Diff:  0.0, Sum:  0.1, Workers: 8
[2025-06-17T22:38:17.612+0300][3224][19180][debug][gc,phases] GC(32)         Dead                           Min: 0, Avg:  0.0, Max: 0, Diff: 0, Sum: 0, Workers: 8
[2025-06-17T22:38:17.612+0300][3224][19180][debug][gc,phases] GC(32)         Total                          Min: 640, Avg: 778.5, Max: 896, Diff: 256, Sum: 6228, Workers: 8
[2025-06-17T22:38:17.612+0300][3224][19180][debug][gc,phases] GC(32)       ResolvedMethodTable Weak       Min:  0.0, Avg:  0.0, Max:  0.0, Diff:  0.0, Sum:  0.0, Workers: 8
[2025-06-17T22:38:17.612+0300][3224][19180][debug][gc,phases] GC(32)         Dead                           Min: 0, Avg:  0.0, Max: 0, Diff: 0, Sum: 0, Workers: 8
[2025-06-17T22:38:17.612+0300][3224][19180][debug][gc,phases] GC(32)         Total                          Min: 64, Avg: 111.8, Max: 128, Diff: 64, Sum: 894, Workers: 8
[2025-06-17T22:38:17.612+0300][3224][19180][debug][gc,phases] GC(32)       JNI Weak                       Min:  0.0, Avg:  0.0, Max:  0.0, Diff:  0.0, Sum:  0.0, Workers: 8
[2025-06-17T22:38:17.612+0300][3224][19180][debug][gc,phases] GC(32)         Dead                           Min: 0, Avg:  0.0, Max: 0, Diff: 0, Sum: 0, Workers: 8
[2025-06-17T22:38:17.612+0300][3224][19180][debug][gc,phases] GC(32)         Total                          Min: 0, Avg:  0.0, Max: 0, Diff: 0, Sum: 0, Workers: 8
[2025-06-17T22:38:17.612+0300][3224][19180][debug][gc,phases] GC(32)       StringDedup Table Weak         Min:  0.0, Avg:  0.0, Max:  0.0, Diff:  0.0, Sum:  0.0, Workers: 8
[2025-06-17T22:38:17.612+0300][3224][19180][debug][gc,phases] GC(32)         Dead                           Min: 0, Avg:  0.0, Max: 0, Diff: 0, Sum: 0, Workers: 8
[2025-06-17T22:38:17.612+0300][3224][19180][debug][gc,phases] GC(32)         Total                          Min: 0, Avg:  0.0, Max: 0, Diff: 0, Sum: 0, Workers: 8
[2025-06-17T22:38:17.612+0300][3224][19180][debug][gc,phases] GC(32)       StringDedup Requests0 Weak     Min:  0.0, Avg:  0.0, Max:  0.0, Diff:  0.0, Sum:  0.0, Workers: 8
[2025-06-17T22:38:17.612+0300][3224][19180][debug][gc,phases] GC(32)         Dead                           Min: 0, Avg:  0.0, Max: 0, Diff: 0, Sum: 0, Workers: 8
[2025-06-17T22:38:17.612+0300][3224][19180][debug][gc,phases] GC(32)         Total                          Min: 0, Avg:  0.0, Max: 0, Diff: 0, Sum: 0, Workers: 8
[2025-06-17T22:38:17.612+0300][3224][19180][debug][gc,phases] GC(32)       StringDedup Requests1 Weak     Min:  0.0, Avg:  0.0, Max:  0.0, Diff:  0.0, Sum:  0.0, Workers: 8
[2025-06-17T22:38:17.612+0300][3224][19180][debug][gc,phases] GC(32)         Dead                           Min: 0, Avg:  0.0, Max: 0, Diff: 0, Sum: 0, Workers: 8
[2025-06-17T22:38:17.612+0300][3224][19180][debug][gc,phases] GC(32)         Total                          Min: 0, Avg:  0.0, Max: 0, Diff: 0, Sum: 0, Workers: 8
[2025-06-17T22:38:17.612+0300][3224][19180][debug][gc,phases] GC(32)       Weak JFR Old Object Samples    Min:  0.0, Avg:  0.0, Max:  0.0, Diff:  0.0, Sum:  0.0, Workers: 8
[2025-06-17T22:38:17.612+0300][3224][19180][debug][gc,phases] GC(32)         Dead                           Min: 0, Avg:  0.0, Max: 0, Diff: 0, Sum: 0, Workers: 8
[2025-06-17T22:38:17.612+0300][3224][19180][debug][gc,phases] GC(32)         Total                          Min: 0, Avg:  0.0, Max: 0, Diff: 0, Sum: 0, Workers: 8
[2025-06-17T22:38:17.612+0300][3224][19180][debug][gc,phases] GC(32)     Post Evacuate Cleanup 1: 0.2ms
[2025-06-17T22:38:17.612+0300][3224][19180][debug][gc,phases] GC(32)       Merge Per-Thread State (ms):   Min:  0.0, Avg:  0.0, Max:  0.0, Diff:  0.0, Sum:  0.0, Workers: 1
[2025-06-17T22:38:17.612+0300][3224][19180][debug][gc,phases] GC(32)         Copied Bytes                   Min: 69888, Avg: 90779.0, Max: 110456, Diff: 40568, Sum: 726232, Workers: 8
[2025-06-17T22:38:17.612+0300][3224][19180][debug][gc,phases] GC(32)         LAB Waste                      Min: 104, Avg: 202.0, Max: 432, Diff: 328, Sum: 1616, Workers: 8
[2025-06-17T22:38:17.612+0300][3224][19180][debug][gc,phases] GC(32)         LAB Undo Waste                 Min: 0, Avg:  0.0, Max: 0, Diff: 0, Sum: 0, Workers: 8
[2025-06-17T22:38:17.612+0300][3224][19180][debug][gc,phases] GC(32)       Clear Logged Cards (ms):       Min:  0.0, Avg:  0.1, Max:  0.2, Diff:  0.2, Sum:  0.4, Workers: 5
[2025-06-17T22:38:17.612+0300][3224][19180][debug][gc,phases] GC(32)       Recalculate Used Memory (ms):  Min:  0.0, Avg:  0.0, Max:  0.0, Diff:  0.0, Sum:  0.0, Workers: 1
[2025-06-17T22:38:17.612+0300][3224][19180][debug][gc,phases] GC(32)     Post Evacuate Cleanup 2: 0.3ms
[2025-06-17T22:38:17.612+0300][3224][19180][debug][gc,phases] GC(32)       Update Derived Pointers (ms):  Min:  0.0, Avg:  0.0, Max:  0.0, Diff:  0.0, Sum:  0.0, Workers: 1
[2025-06-17T22:38:17.612+0300][3224][19180][debug][gc,phases] GC(32)       Eagerly Reclaim Humongous Objects (ms): Min:  0.0, Avg:  0.0, Max:  0.0, Diff:  0.0, Sum:  0.0, Workers: 1
[2025-06-17T22:38:17.612+0300][3224][19180][debug][gc,phases] GC(32)         Humongous Total                Min: 6, Avg:  6.0, Max: 6, Diff: 0, Sum: 6, Workers: 1
[2025-06-17T22:38:17.612+0300][3224][19180][debug][gc,phases] GC(32)         Humongous Candidates           Min: 3, Avg:  3.0, Max: 3, Diff: 0, Sum: 3, Workers: 1
[2025-06-17T22:38:17.612+0300][3224][19180][debug][gc,phases] GC(32)         Humongous Reclaimed            Min: 0, Avg:  0.0, Max: 0, Diff: 0, Sum: 0, Workers: 1
[2025-06-17T22:38:17.612+0300][3224][19180][debug][gc,phases] GC(32)       Redirty Logged Cards (ms):     Min:  0.0, Avg:  0.0, Max:  0.0, Diff:  0.0, Sum:  0.0, Workers: 8
[2025-06-17T22:38:17.612+0300][3224][19180][debug][gc,phases] GC(32)         Redirtied Cards:               Min: 0, Avg:  1.1, Max: 6, Diff: 6, Sum: 9, Workers: 8
[2025-06-17T22:38:17.612+0300][3224][19180][debug][gc,phases] GC(32)       Resize TLABs (ms):             Min:  0.0, Avg:  0.0, Max:  0.0, Diff:  0.0, Sum:  0.0, Workers: 8
[2025-06-17T22:38:17.612+0300][3224][19180][debug][gc,phases] GC(32)       Free Collection Set (ms):      Min:  0.2, Avg:  0.2, Max:  0.2, Diff:  0.0, Sum:  1.7, Workers: 8
[2025-06-17T22:38:17.612+0300][3224][19180][debug][gc,phases] GC(32)     Rebuild Free List: 0.1ms
[2025-06-17T22:38:17.612+0300][3224][19180][debug][gc,phases] GC(32)     Prepare For Mutator: 0.0ms
[2025-06-17T22:38:17.612+0300][3224][19180][debug][gc,phases] GC(32)     Expand Heap After Collection: 0.0ms
[2025-06-17T22:38:17.612+0300][3224][19180][info ][gc,phases] GC(32)   Other: 0.1ms
[2025-06-17T22:38:17.612+0300][3224][19180][info ][gc,heap  ] GC(32) Eden regions: 1227->0(1227)
[2025-06-17T22:38:17.612+0300][3224][19180][info ][gc,heap  ] GC(32) Survivor regions: 1->1(154)
[2025-06-17T22:38:17.612+0300][3224][19180][info ][gc,heap  ] GC(32) Old regions: 10->10
[2025-06-17T22:38:17.612+0300][3224][19180][info ][gc,heap  ] GC(32) Humongous regions: 18->18
[2025-06-17T22:38:17.612+0300][3224][19180][debug][gc,heap  ] GC(32) Heap after GC invocations=33 (full 2):
[2025-06-17T22:38:17.612+0300][3224][19180][debug][gc,heap  ] GC(32)  garbage-first heap   total 2097152K, used 22915K [0x0000000080000000, 0x0000000100000000)
[2025-06-17T22:38:17.612+0300][3224][19180][debug][gc,heap  ] GC(32)   region size 1024K, 1 young (1024K), 1 survivors (1024K)
[2025-06-17T22:38:17.612+0300][3224][19180][debug][gc,heap  ] GC(32)  Metaspace       used 8733K, committed 9792K, reserved 1114112K
[2025-06-17T22:38:17.612+0300][3224][19180][debug][gc,heap  ] GC(32)   class space    used 874K, committed 1280K, reserved 1048576K
[2025-06-17T22:38:17.612+0300][3224][19180][info ][gc       ] GC(32) Pause Young (Normal) (G1 Evacuation Pause) 1249M->22M(2048M) 3.399ms
[2025-06-17T22:38:17.612+0300][3224][19180][info ][safepoint] Safepoint "G1CollectForAllocation", Time since last: 416759500 ns, Reaching safepoint: 392900 ns, Cleanup: 6600 ns, At safepoint: 3450300 ns, Total: 3849800 ns
[2025-06-17T22:38:18.013+0300][3224][19180][debug][safepoint] Safepoint synchronization initiated using striped semaphore wait barrier. (19 threads)
[2025-06-17T22:38:18.013+0300][3224][20700][debug][safepoint] ... found polling page loop exception at pc = 0x000002759026335c, stub =0x000002758fbb5d80
[2025-06-17T22:38:18.013+0300][3224][2056 ][debug][safepoint] ... found polling page loop exception at pc = 0x00000275901bda60, stub =0x000002758fbb5d80
[2025-06-17T22:38:18.013+0300][3224][10112][debug][safepoint] ... found polling page loop exception at pc = 0x00000275901bda60, stub =0x000002758fbb5d80
[2025-06-17T22:38:18.013+0300][3224][22328][debug][safepoint] ... found polling page loop exception at pc = 0x00000275901bda60, stub =0x000002758fbb5d80
[2025-06-17T22:38:18.013+0300][3224][7824 ][debug][safepoint] ... found polling page loop exception at pc = 0x00000275901bda60, stub =0x000002758fbb5d80
[2025-06-17T22:38:18.013+0300][3224][12336][debug][safepoint] ... found polling page loop exception at pc = 0x00000275901bda60, stub =0x000002758fbb5d80
[2025-06-17T22:38:18.013+0300][3224][20616][debug][safepoint] ... found polling page loop exception at pc = 0x00000275901d1722, stub =0x000002758fbb6600
[2025-06-17T22:38:18.013+0300][3224][19180][debug][gc,heap  ] GC(33) Heap before GC invocations=33 (full 2):
[2025-06-17T22:38:18.013+0300][3224][19180][debug][gc,heap  ] GC(33)  garbage-first heap   total 2097152K, used 1279363K [0x0000000080000000, 0x0000000100000000)
[2025-06-17T22:38:18.013+0300][3224][19180][debug][gc,heap  ] GC(33)   region size 1024K, 1228 young (1257472K), 1 survivors (1024K)
[2025-06-17T22:38:18.013+0300][3224][19180][debug][gc,heap  ] GC(33)  Metaspace       used 8733K, committed 9792K, reserved 1114112K
[2025-06-17T22:38:18.013+0300][3224][19180][debug][gc,heap  ] GC(33)   class space    used 874K, committed 1280K, reserved 1048576K
[2025-06-17T22:38:18.013+0300][3224][19180][info ][gc,phases] GC(33)   Pre Evacuate Collection Set: 0.4ms
[2025-06-17T22:38:18.013+0300][3224][19180][debug][gc,phases] GC(33)     Pre Evacuate Prepare: 0.1ms
[2025-06-17T22:38:18.013+0300][3224][19180][debug][gc,phases] GC(33)       JT Retire TLABs And Flush Logs (ms): Min:  0.0, Avg:  0.0, Max:  0.0, Diff:  0.0, Sum:  0.0, Workers: 2
[2025-06-17T22:38:18.013+0300][3224][19180][debug][gc,phases] GC(33)       Non-JT Flush Logs (ms):        Min:  0.0, Avg:  0.0, Max:  0.0, Diff:  0.0, Sum:  0.0, Workers: 1
[2025-06-17T22:38:18.013+0300][3224][19180][debug][gc,phases] GC(33)     Choose Collection Set: 0.0ms
[2025-06-17T22:38:18.013+0300][3224][19180][debug][gc,phases] GC(33)     Region Register: 0.2ms
[2025-06-17T22:38:18.013+0300][3224][19180][debug][gc,phases] GC(33)     Prepare Heap Roots: 0.0ms
[2025-06-17T22:38:18.013+0300][3224][19180][info ][gc,phases] GC(33)   Merge Heap Roots: 0.2ms
[2025-06-17T22:38:18.013+0300][3224][19180][debug][gc,phases] GC(33)     Prepare Merge Heap Roots: 0.0ms
[2025-06-17T22:38:18.013+0300][3224][19180][debug][gc,phases] GC(33)     Remembered Sets (ms):          Min:  0.1, Avg:  0.1, Max:  0.1, Diff:  0.0, Sum:  1.0, Workers: 8
[2025-06-17T22:38:18.013+0300][3224][19180][debug][gc,phases] GC(33)       Eager Reclaim (ms):            Min:  0.0, Avg:  0.0, Max:  0.0, Diff:  0.0, Sum:  0.0, Workers: 1
[2025-06-17T22:38:18.013+0300][3224][19180][debug][gc,phases] GC(33)       Merged Inline                  Min: 0, Avg:  0.0, Max: 0, Diff: 0, Sum: 0, Workers: 8
[2025-06-17T22:38:18.013+0300][3224][19180][debug][gc,phases] GC(33)       Merged ArrayOfCards            Min: 0, Avg:  0.0, Max: 0, Diff: 0, Sum: 0, Workers: 8
[2025-06-17T22:38:18.013+0300][3224][19180][debug][gc,phases] GC(33)       Merged Howl                    Min: 0, Avg:  0.0, Max: 0, Diff: 0, Sum: 0, Workers: 8
[2025-06-17T22:38:18.013+0300][3224][19180][debug][gc,phases] GC(33)       Merged Full                    Min: 0, Avg:  0.0, Max: 0, Diff: 0, Sum: 0, Workers: 8
[2025-06-17T22:38:18.013+0300][3224][19180][debug][gc,phases] GC(33)       Merged Howl Inline             Min: 0, Avg:  0.0, Max: 0, Diff: 0, Sum: 0, Workers: 8
[2025-06-17T22:38:18.013+0300][3224][19180][debug][gc,phases] GC(33)       Merged Howl ArrayOfCards       Min: 0, Avg:  0.0, Max: 0, Diff: 0, Sum: 0, Workers: 8
[2025-06-17T22:38:18.013+0300][3224][19180][debug][gc,phases] GC(33)       Merged Howl BitMap             Min: 0, Avg:  0.0, Max: 0, Diff: 0, Sum: 0, Workers: 8
[2025-06-17T22:38:18.013+0300][3224][19180][debug][gc,phases] GC(33)       Merged Howl Full               Min: 0, Avg:  0.0, Max: 0, Diff: 0, Sum: 0, Workers: 8
[2025-06-17T22:38:18.013+0300][3224][19180][debug][gc,phases] GC(33)       Merged Cards                   Min: 8, Avg:  9.0, Max: 16, Diff: 8, Sum: 72, Workers: 8
[2025-06-17T22:38:18.013+0300][3224][19180][debug][gc,phases] GC(33)     Log Buffers (ms):              Min:  0.0, Avg:  0.0, Max:  0.0, Diff:  0.0, Sum:  0.0, Workers: 8
[2025-06-17T22:38:18.013+0300][3224][19180][debug][gc,phases] GC(33)       Dirty Cards:                   Min: 0, Avg:  1.4, Max: 9, Diff: 9, Sum: 11, Workers: 8
[2025-06-17T22:38:18.013+0300][3224][19180][debug][gc,phases] GC(33)       Skipped Cards:                 Min: 0, Avg:  0.0, Max: 0, Diff: 0, Sum: 0, Workers: 8
[2025-06-17T22:38:18.013+0300][3224][19180][info ][gc,phases] GC(33)   Evacuate Collection Set: 0.4ms
[2025-06-17T22:38:18.013+0300][3224][19180][debug][gc,phases] GC(33)     Ext Root Scanning (ms):        Min:  0.1, Avg:  0.1, Max:  0.1, Diff:  0.0, Sum:  0.5, Workers: 8
[2025-06-17T22:38:18.013+0300][3224][19180][debug][gc,phases] GC(33)     Scan Heap Roots (ms):          Min:  0.0, Avg:  0.0, Max:  0.0, Diff:  0.0, Sum:  0.1, Workers: 8
[2025-06-17T22:38:18.013+0300][3224][19180][debug][gc,phases] GC(33)       Scanned Cards:                 Min: 0, Avg:  1.2, Max: 4, Diff: 4, Sum: 10, Workers: 8
[2025-06-17T22:38:18.013+0300][3224][19180][debug][gc,phases] GC(33)       Scanned Blocks:                Min: 0, Avg:  1.1, Max: 4, Diff: 4, Sum: 9, Workers: 8
[2025-06-17T22:38:18.013+0300][3224][19180][debug][gc,phases] GC(33)       Claimed Chunks:                Min: 0, Avg:  1.0, Max: 3, Diff: 3, Sum: 8, Workers: 8
[2025-06-17T22:38:18.013+0300][3224][19180][debug][gc,phases] GC(33)       Found Roots:                   Min: 0, Avg:  1.1, Max: 4, Diff: 4, Sum: 9, Workers: 8
[2025-06-17T22:38:18.013+0300][3224][19180][debug][gc,phases] GC(33)     Code Root Scan (ms):           Min:  0.1, Avg:  0.1, Max:  0.1, Diff:  0.0, Sum:  0.8, Workers: 8
[2025-06-17T22:38:18.013+0300][3224][19180][debug][gc,phases] GC(33)       Scanned Nmethods               Min: 0, Avg:  0.0, Max: 0, Diff: 0, Sum: 0, Workers: 8
[2025-06-17T22:38:18.013+0300][3224][19180][debug][gc,phases] GC(33)     Object Copy (ms):              Min:  0.1, Avg:  0.1, Max:  0.1, Diff:  0.0, Sum:  0.7, Workers: 8
[2025-06-17T22:38:18.013+0300][3224][19180][debug][gc,phases] GC(33)     Termination (ms):              Min:  0.0, Avg:  0.0, Max:  0.0, Diff:  0.0, Sum:  0.1, Workers: 8
[2025-06-17T22:38:18.013+0300][3224][19180][debug][gc,phases] GC(33)       Termination Attempts:          Min: 1, Avg:  1.0, Max: 1, Diff: 0, Sum: 8, Workers: 8
[2025-06-17T22:38:18.013+0300][3224][19180][debug][gc,phases] GC(33)     GC Worker Other (ms):          Min:  0.1, Avg:  0.1, Max:  0.1, Diff:  0.0, Sum:  0.8, Workers: 8
[2025-06-17T22:38:18.013+0300][3224][19180][debug][gc,phases] GC(33)     GC Worker Total (ms):          Min:  0.4, Avg:  0.4, Max:  0.4, Diff:  0.0, Sum:  3.0, Workers: 8
[2025-06-17T22:38:18.013+0300][3224][19180][info ][gc,phases] GC(33)   Post Evacuate Collection Set: 0.7ms
[2025-06-17T22:38:18.013+0300][3224][19180][debug][gc,phases] GC(33)     NMethod List Cleanup: 0.0ms
[2025-06-17T22:38:18.013+0300][3224][19180][debug][gc,phases] GC(33)     Reference Processing: 0.1ms
[2025-06-17T22:38:18.013+0300][3224][19180][debug][gc,phases] GC(33)     Weak Processing: 0.1ms
[2025-06-17T22:38:18.013+0300][3224][19180][debug][gc,phases] GC(33)       VM Weak                        Min:  0.0, Avg:  0.0, Max:  0.0, Diff:  0.0, Sum:  0.0, Workers: 8
[2025-06-17T22:38:18.013+0300][3224][19180][debug][gc,phases] GC(33)         Dead                           Min: 0, Avg:  0.0, Max: 0, Diff: 0, Sum: 0, Workers: 8
[2025-06-17T22:38:18.013+0300][3224][19180][debug][gc,phases] GC(33)         Total                          Min: 0, Avg: 15.4, Max: 85, Diff: 85, Sum: 123, Workers: 8
[2025-06-17T22:38:18.013+0300][3224][19180][debug][gc,phases] GC(33)       ObjectSynchronizer Weak        Min:  0.0, Avg:  0.0, Max:  0.0, Diff:  0.0, Sum:  0.0, Workers: 8
[2025-06-17T22:38:18.013+0300][3224][19180][debug][gc,phases] GC(33)         Dead                           Min: 0, Avg:  0.0, Max: 0, Diff: 0, Sum: 0, Workers: 8
[2025-06-17T22:38:18.013+0300][3224][19180][debug][gc,phases] GC(33)         Total                          Min: 0, Avg: 18.6, Max: 85, Diff: 85, Sum: 149, Workers: 8
[2025-06-17T22:38:18.013+0300][3224][19180][debug][gc,phases] GC(33)       JVMTI Tag Weak OopStorage      Min:  0.0, Avg:  0.0, Max:  0.0, Diff:  0.0, Sum:  0.0, Workers: 8
[2025-06-17T22:38:18.013+0300][3224][19180][debug][gc,phases] GC(33)         Dead                           Min: 0, Avg:  0.0, Max: 0, Diff: 0, Sum: 0, Workers: 8
[2025-06-17T22:38:18.013+0300][3224][19180][debug][gc,phases] GC(33)         Total                          Min: 0, Avg:  0.0, Max: 0, Diff: 0, Sum: 0, Workers: 8
[2025-06-17T22:38:18.013+0300][3224][19180][debug][gc,phases] GC(33)       StringTable Weak               Min:  0.0, Avg:  0.0, Max:  0.0, Diff:  0.0, Sum:  0.1, Workers: 8
[2025-06-17T22:38:18.013+0300][3224][19180][debug][gc,phases] GC(33)         Dead                           Min: 0, Avg:  0.0, Max: 0, Diff: 0, Sum: 0, Workers: 8
[2025-06-17T22:38:18.013+0300][3224][19180][debug][gc,phases] GC(33)         Total                          Min: 660, Avg: 778.5, Max: 896, Diff: 236, Sum: 6228, Workers: 8
[2025-06-17T22:38:18.013+0300][3224][19180][debug][gc,phases] GC(33)       ResolvedMethodTable Weak       Min:  0.0, Avg:  0.0, Max:  0.0, Diff:  0.0, Sum:  0.0, Workers: 8
[2025-06-17T22:38:18.013+0300][3224][19180][debug][gc,phases] GC(33)         Dead                           Min: 0, Avg:  0.0, Max: 0, Diff: 0, Sum: 0, Workers: 8
[2025-06-17T22:38:18.013+0300][3224][19180][debug][gc,phases] GC(33)         Total                          Min: 64, Avg: 111.8, Max: 128, Diff: 64, Sum: 894, Workers: 8
[2025-06-17T22:38:18.013+0300][3224][19180][debug][gc,phases] GC(33)       JNI Weak                       Min:  0.0, Avg:  0.0, Max:  0.0, Diff:  0.0, Sum:  0.0, Workers: 8
[2025-06-17T22:38:18.013+0300][3224][19180][debug][gc,phases] GC(33)         Dead                           Min: 0, Avg:  0.0, Max: 0, Diff: 0, Sum: 0, Workers: 8
[2025-06-17T22:38:18.013+0300][3224][19180][debug][gc,phases] GC(33)         Total                          Min: 0, Avg:  0.0, Max: 0, Diff: 0, Sum: 0, Workers: 8
[2025-06-17T22:38:18.013+0300][3224][19180][debug][gc,phases] GC(33)       StringDedup Table Weak         Min:  0.0, Avg:  0.0, Max:  0.0, Diff:  0.0, Sum:  0.0, Workers: 8
[2025-06-17T22:38:18.013+0300][3224][19180][debug][gc,phases] GC(33)         Dead                           Min: 0, Avg:  0.0, Max: 0, Diff: 0, Sum: 0, Workers: 8
[2025-06-17T22:38:18.013+0300][3224][19180][debug][gc,phases] GC(33)         Total                          Min: 0, Avg:  0.0, Max: 0, Diff: 0, Sum: 0, Workers: 8
[2025-06-17T22:38:18.013+0300][3224][19180][debug][gc,phases] GC(33)       StringDedup Requests0 Weak     Min:  0.0, Avg:  0.0, Max:  0.0, Diff:  0.0, Sum:  0.0, Workers: 8
[2025-06-17T22:38:18.013+0300][3224][19180][debug][gc,phases] GC(33)         Dead                           Min: 0, Avg:  0.0, Max: 0, Diff: 0, Sum: 0, Workers: 8
[2025-06-17T22:38:18.013+0300][3224][19180][debug][gc,phases] GC(33)         Total                          Min: 0, Avg:  0.0, Max: 0, Diff: 0, Sum: 0, Workers: 8
[2025-06-17T22:38:18.013+0300][3224][19180][debug][gc,phases] GC(33)       StringDedup Requests1 Weak     Min:  0.0, Avg:  0.0, Max:  0.0, Diff:  0.0, Sum:  0.0, Workers: 8
[2025-06-17T22:38:18.013+0300][3224][19180][debug][gc,phases] GC(33)         Dead                           Min: 0, Avg:  0.0, Max: 0, Diff: 0, Sum: 0, Workers: 8
[2025-06-17T22:38:18.013+0300][3224][19180][debug][gc,phases] GC(33)         Total                          Min: 0, Avg:  0.0, Max: 0, Diff: 0, Sum: 0, Workers: 8
[2025-06-17T22:38:18.013+0300][3224][19180][debug][gc,phases] GC(33)       Weak JFR Old Object Samples    Min:  0.0, Avg:  0.0, Max:  0.0, Diff:  0.0, Sum:  0.0, Workers: 8
[2025-06-17T22:38:18.013+0300][3224][19180][debug][gc,phases] GC(33)         Dead                           Min: 0, Avg:  0.0, Max: 0, Diff: 0, Sum: 0, Workers: 8
[2025-06-17T22:38:18.013+0300][3224][19180][debug][gc,phases] GC(33)         Total                          Min: 0, Avg:  0.0, Max: 0, Diff: 0, Sum: 0, Workers: 8
[2025-06-17T22:38:18.013+0300][3224][19180][debug][gc,phases] GC(33)     Post Evacuate Cleanup 1: 0.2ms
[2025-06-17T22:38:18.013+0300][3224][19180][debug][gc,phases] GC(33)       Merge Per-Thread State (ms):   Min:  0.1, Avg:  0.1, Max:  0.1, Diff:  0.0, Sum:  0.1, Workers: 1
[2025-06-17T22:38:18.013+0300][3224][19180][debug][gc,phases] GC(33)         Copied Bytes                   Min: 73976, Avg: 91292.0, Max: 101472, Diff: 27496, Sum: 730336, Workers: 8
[2025-06-17T22:38:18.013+0300][3224][19180][debug][gc,phases] GC(33)         LAB Waste                      Min: 104, Avg: 145.0, Max: 216, Diff: 112, Sum: 1160, Workers: 8
[2025-06-17T22:38:18.013+0300][3224][19180][debug][gc,phases] GC(33)         LAB Undo Waste                 Min: 0, Avg:  0.0, Max: 0, Diff: 0, Sum: 0, Workers: 8
[2025-06-17T22:38:18.013+0300][3224][19180][debug][gc,phases] GC(33)       Clear Logged Cards (ms):       Min:  0.0, Avg:  0.1, Max:  0.1, Diff:  0.1, Sum:  0.3, Workers: 5
[2025-06-17T22:38:18.013+0300][3224][19180][debug][gc,phases] GC(33)       Recalculate Used Memory (ms):  Min:  0.0, Avg:  0.0, Max:  0.0, Diff:  0.0, Sum:  0.0, Workers: 1
[2025-06-17T22:38:18.013+0300][3224][19180][debug][gc,phases] GC(33)     Post Evacuate Cleanup 2: 0.3ms
[2025-06-17T22:38:18.013+0300][3224][19180][debug][gc,phases] GC(33)       Update Derived Pointers (ms):  Min:  0.0, Avg:  0.0, Max:  0.0, Diff:  0.0, Sum:  0.0, Workers: 1
[2025-06-17T22:38:18.013+0300][3224][19180][debug][gc,phases] GC(33)       Eagerly Reclaim Humongous Objects (ms): Min:  0.0, Avg:  0.0, Max:  0.0, Diff:  0.0, Sum:  0.0, Workers: 1
[2025-06-17T22:38:18.013+0300][3224][19180][debug][gc,phases] GC(33)         Humongous Total                Min: 6, Avg:  6.0, Max: 6, Diff: 0, Sum: 6, Workers: 1
[2025-06-17T22:38:18.013+0300][3224][19180][debug][gc,phases] GC(33)         Humongous Candidates           Min: 3, Avg:  3.0, Max: 3, Diff: 0, Sum: 3, Workers: 1
[2025-06-17T22:38:18.013+0300][3224][19180][debug][gc,phases] GC(33)         Humongous Reclaimed            Min: 0, Avg:  0.0, Max: 0, Diff: 0, Sum: 0, Workers: 1
[2025-06-17T22:38:18.013+0300][3224][19180][debug][gc,phases] GC(33)       Redirty Logged Cards (ms):     Min:  0.0, Avg:  0.0, Max:  0.0, Diff:  0.0, Sum:  0.0, Workers: 8
[2025-06-17T22:38:18.013+0300][3224][19180][debug][gc,phases] GC(33)         Redirtied Cards:               Min: 0, Avg:  1.0, Max: 8, Diff: 8, Sum: 8, Workers: 8
[2025-06-17T22:38:18.013+0300][3224][19180][debug][gc,phases] GC(33)       Resize TLABs (ms):             Min:  0.0, Avg:  0.0, Max:  0.0, Diff:  0.0, Sum:  0.0, Workers: 8
[2025-06-17T22:38:18.013+0300][3224][19180][debug][gc,phases] GC(33)       Free Collection Set (ms):      Min:  0.2, Avg:  0.2, Max:  0.2, Diff:  0.0, Sum:  1.8, Workers: 8
[2025-06-17T22:38:18.013+0300][3224][19180][debug][gc,phases] GC(33)     Rebuild Free List: 0.1ms
[2025-06-17T22:38:18.013+0300][3224][19180][debug][gc,phases] GC(33)     Prepare For Mutator: 0.0ms
[2025-06-17T22:38:18.013+0300][3224][19180][debug][gc,phases] GC(33)     Expand Heap After Collection: 0.0ms
[2025-06-17T22:38:18.013+0300][3224][19180][info ][gc,phases] GC(33)   Other: 0.1ms
[2025-06-17T22:38:18.013+0300][3224][19180][info ][gc,heap  ] GC(33) Eden regions: 1227->0(1227)
[2025-06-17T22:38:18.013+0300][3224][19180][info ][gc,heap  ] GC(33) Survivor regions: 1->1(154)
[2025-06-17T22:38:18.013+0300][3224][19180][info ][gc,heap  ] GC(33) Old regions: 10->10
[2025-06-17T22:38:18.013+0300][3224][19180][info ][gc,heap  ] GC(33) Humongous regions: 18->18
[2025-06-17T22:38:18.013+0300][3224][19180][debug][gc,heap  ] GC(33) Heap after GC invocations=34 (full 2):
[2025-06-17T22:38:18.013+0300][3224][19180][debug][gc,heap  ] GC(33)  garbage-first heap   total 2097152K, used 22921K [0x0000000080000000, 0x0000000100000000)
[2025-06-17T22:38:18.013+0300][3224][19180][debug][gc,heap  ] GC(33)   region size 1024K, 1 young (1024K), 1 survivors (1024K)
[2025-06-17T22:38:18.013+0300][3224][19180][debug][gc,heap  ] GC(33)  Metaspace       used 8733K, committed 9792K, reserved 1114112K
[2025-06-17T22:38:18.013+0300][3224][19180][debug][gc,heap  ] GC(33)   class space    used 874K, committed 1280K, reserved 1048576K
[2025-06-17T22:38:18.013+0300][3224][19180][info ][gc       ] GC(33) Pause Young (Normal) (G1 Evacuation Pause) 1249M->22M(2048M) 3.598ms
[2025-06-17T22:38:18.013+0300][3224][19180][info ][safepoint] Safepoint "G1CollectForAllocation", Time since last: 396970000 ns, Reaching safepoint: 452800 ns, Cleanup: 8300 ns, At safepoint: 3656100 ns, Total: 4117200 ns
[2025-06-17T22:38:18.422+0300][3224][19180][debug][safepoint] Safepoint synchronization initiated using striped semaphore wait barrier. (19 threads)
[2025-06-17T22:38:18.422+0300][3224][18008][debug][safepoint] ... found polling page loop exception at pc = 0x00000275901bda60, stub =0x000002758fbb5d80
[2025-06-17T22:38:18.422+0300][3224][20700][debug][safepoint] ... found polling page loop exception at pc = 0x00000275901bda60, stub =0x000002758fbb5d80
[2025-06-17T22:38:18.422+0300][3224][7824 ][debug][safepoint] ... found polling page loop exception at pc = 0x00000275901c5942, stub =0x000002758fbb6600
[2025-06-17T22:38:18.422+0300][3224][2056 ][debug][safepoint] ... found polling page loop exception at pc = 0x00000275901bda60, stub =0x000002758fbb5d80
[2025-06-17T22:38:18.422+0300][3224][20616][debug][safepoint] ... found polling page loop exception at pc = 0x00000275901bda60, stub =0x000002758fbb5d80
[2025-06-17T22:38:18.422+0300][3224][19180][debug][gc,heap  ] GC(34) Heap before GC invocations=34 (full 2):
[2025-06-17T22:38:18.422+0300][3224][19180][debug][gc,heap  ] GC(34)  garbage-first heap   total 2097152K, used 1279369K [0x0000000080000000, 0x0000000100000000)
[2025-06-17T22:38:18.422+0300][3224][19180][debug][gc,heap  ] GC(34)   region size 1024K, 1228 young (1257472K), 1 survivors (1024K)
[2025-06-17T22:38:18.422+0300][3224][19180][debug][gc,heap  ] GC(34)  Metaspace       used 8733K, committed 9792K, reserved 1114112K
[2025-06-17T22:38:18.422+0300][3224][19180][debug][gc,heap  ] GC(34)   class space    used 874K, committed 1280K, reserved 1048576K
[2025-06-17T22:38:18.424+0300][3224][19180][info ][gc,phases] GC(34)   Pre Evacuate Collection Set: 0.3ms
[2025-06-17T22:38:18.424+0300][3224][19180][debug][gc,phases] GC(34)     Pre Evacuate Prepare: 0.1ms
[2025-06-17T22:38:18.424+0300][3224][19180][debug][gc,phases] GC(34)       JT Retire TLABs And Flush Logs (ms): Min:  0.0, Avg:  0.0, Max:  0.0, Diff:  0.0, Sum:  0.0, Workers: 2
[2025-06-17T22:38:18.424+0300][3224][19180][debug][gc,phases] GC(34)       Non-JT Flush Logs (ms):        Min:  0.0, Avg:  0.0, Max:  0.0, Diff:  0.0, Sum:  0.0, Workers: 1
[2025-06-17T22:38:18.424+0300][3224][19180][debug][gc,phases] GC(34)     Choose Collection Set: 0.0ms
[2025-06-17T22:38:18.424+0300][3224][19180][debug][gc,phases] GC(34)     Region Register: 0.2ms
[2025-06-17T22:38:18.424+0300][3224][19180][debug][gc,phases] GC(34)     Prepare Heap Roots: 0.0ms
[2025-06-17T22:38:18.424+0300][3224][19180][info ][gc,phases] GC(34)   Merge Heap Roots: 0.2ms
[2025-06-17T22:38:18.424+0300][3224][19180][debug][gc,phases] GC(34)     Prepare Merge Heap Roots: 0.0ms
[2025-06-17T22:38:18.424+0300][3224][19180][debug][gc,phases] GC(34)     Remembered Sets (ms):          Min:  0.0, Avg:  0.1, Max:  0.1, Diff:  0.1, Sum:  0.9, Workers: 8
[2025-06-17T22:38:18.424+0300][3224][19180][debug][gc,phases] GC(34)       Eager Reclaim (ms):            Min:  0.0, Avg:  0.0, Max:  0.0, Diff:  0.0, Sum:  0.0, Workers: 1
[2025-06-17T22:38:18.424+0300][3224][19180][debug][gc,phases] GC(34)       Merged Inline                  Min: 0, Avg:  0.0, Max: 0, Diff: 0, Sum: 0, Workers: 8
[2025-06-17T22:38:18.424+0300][3224][19180][debug][gc,phases] GC(34)       Merged ArrayOfCards            Min: 0, Avg:  0.0, Max: 0, Diff: 0, Sum: 0, Workers: 8
[2025-06-17T22:38:18.424+0300][3224][19180][debug][gc,phases] GC(34)       Merged Howl                    Min: 0, Avg:  0.0, Max: 0, Diff: 0, Sum: 0, Workers: 8
[2025-06-17T22:38:18.424+0300][3224][19180][debug][gc,phases] GC(34)       Merged Full                    Min: 0, Avg:  0.0, Max: 0, Diff: 0, Sum: 0, Workers: 8
[2025-06-17T22:38:18.424+0300][3224][19180][debug][gc,phases] GC(34)       Merged Howl Inline             Min: 0, Avg:  0.0, Max: 0, Diff: 0, Sum: 0, Workers: 8
[2025-06-17T22:38:18.424+0300][3224][19180][debug][gc,phases] GC(34)       Merged Howl ArrayOfCards       Min: 0, Avg:  0.0, Max: 0, Diff: 0, Sum: 0, Workers: 8
[2025-06-17T22:38:18.424+0300][3224][19180][debug][gc,phases] GC(34)       Merged Howl BitMap             Min: 0, Avg:  0.0, Max: 0, Diff: 0, Sum: 0, Workers: 8
[2025-06-17T22:38:18.424+0300][3224][19180][debug][gc,phases] GC(34)       Merged Howl Full               Min: 0, Avg:  0.0, Max: 0, Diff: 0, Sum: 0, Workers: 8
[2025-06-17T22:38:18.424+0300][3224][19180][debug][gc,phases] GC(34)       Merged Cards                   Min: 8, Avg:  9.0, Max: 16, Diff: 8, Sum: 72, Workers: 8
[2025-06-17T22:38:18.424+0300][3224][19180][debug][gc,phases] GC(34)     Log Buffers (ms):              Min:  0.0, Avg:  0.0, Max:  0.0, Diff:  0.0, Sum:  0.0, Workers: 8
[2025-06-17T22:38:18.424+0300][3224][19180][debug][gc,phases] GC(34)       Dirty Cards:                   Min: 0, Avg:  1.2, Max: 10, Diff: 10, Sum: 10, Workers: 8
[2025-06-17T22:38:18.424+0300][3224][19180][debug][gc,phases] GC(34)       Skipped Cards:                 Min: 0, Avg:  0.0, Max: 0, Diff: 0, Sum: 0, Workers: 8
[2025-06-17T22:38:18.424+0300][3224][19180][info ][gc,phases] GC(34)   Evacuate Collection Set: 0.6ms
[2025-06-17T22:38:18.424+0300][3224][19180][debug][gc,phases] GC(34)     Ext Root Scanning (ms):        Min:  0.0, Avg:  0.1, Max:  0.1, Diff:  0.1, Sum:  0.5, Workers: 8
[2025-06-17T22:38:18.424+0300][3224][19180][debug][gc,phases] GC(34)     Scan Heap Roots (ms):          Min:  0.0, Avg:  0.0, Max:  0.0, Diff:  0.0, Sum:  0.0, Workers: 8
[2025-06-17T22:38:18.424+0300][3224][19180][debug][gc,phases] GC(34)       Scanned Cards:                 Min: 0, Avg:  1.2, Max: 4, Diff: 4, Sum: 10, Workers: 8
[2025-06-17T22:38:18.424+0300][3224][19180][debug][gc,phases] GC(34)       Scanned Blocks:                Min: 0, Avg:  1.1, Max: 4, Diff: 4, Sum: 9, Workers: 8
[2025-06-17T22:38:18.424+0300][3224][19180][debug][gc,phases] GC(34)       Claimed Chunks:                Min: 0, Avg:  1.0, Max: 3, Diff: 3, Sum: 8, Workers: 8
[2025-06-17T22:38:18.424+0300][3224][19180][debug][gc,phases] GC(34)       Found Roots:                   Min: 0, Avg:  1.1, Max: 4, Diff: 4, Sum: 9, Workers: 8
[2025-06-17T22:38:18.424+0300][3224][19180][debug][gc,phases] GC(34)     Code Root Scan (ms):           Min:  0.1, Avg:  0.1, Max:  0.1, Diff:  0.0, Sum:  0.8, Workers: 8
[2025-06-17T22:38:18.424+0300][3224][19180][debug][gc,phases] GC(34)       Scanned Nmethods               Min: 0, Avg:  0.0, Max: 0, Diff: 0, Sum: 0, Workers: 8
[2025-06-17T22:38:18.424+0300][3224][19180][debug][gc,phases] GC(34)     Object Copy (ms):              Min:  0.0, Avg:  0.1, Max:  0.1, Diff:  0.1, Sum:  0.6, Workers: 8
[2025-06-17T22:38:18.424+0300][3224][19180][debug][gc,phases] GC(34)     Termination (ms):              Min:  0.0, Avg:  0.2, Max:  0.2, Diff:  0.2, Sum:  1.6, Workers: 8
[2025-06-17T22:38:18.424+0300][3224][19180][debug][gc,phases] GC(34)       Termination Attempts:          Min: 1, Avg:  1.0, Max: 1, Diff: 0, Sum: 8, Workers: 8
[2025-06-17T22:38:18.424+0300][3224][19180][debug][gc,phases] GC(34)     GC Worker Other (ms):          Min:  0.1, Avg:  0.1, Max:  0.1, Diff:  0.0, Sum:  0.8, Workers: 8
[2025-06-17T22:38:18.424+0300][3224][19180][debug][gc,phases] GC(34)     GC Worker Total (ms):          Min:  0.2, Avg:  0.5, Max:  0.6, Diff:  0.4, Sum:  4.3, Workers: 8
[2025-06-17T22:38:18.424+0300][3224][19180][info ][gc,phases] GC(34)   Post Evacuate Collection Set: 0.7ms
[2025-06-17T22:38:18.424+0300][3224][19180][debug][gc,phases] GC(34)     NMethod List Cleanup: 0.0ms
[2025-06-17T22:38:18.424+0300][3224][19180][debug][gc,phases] GC(34)     Reference Processing: 0.1ms
[2025-06-17T22:38:18.424+0300][3224][19180][debug][gc,phases] GC(34)     Weak Processing: 0.0ms
[2025-06-17T22:38:18.424+0300][3224][19180][debug][gc,phases] GC(34)       VM Weak                        Min:  0.0, Avg:  0.0, Max:  0.0, Diff:  0.0, Sum:  0.0, Workers: 8
[2025-06-17T22:38:18.424+0300][3224][19180][debug][gc,phases] GC(34)         Dead                           Min: 0, Avg:  0.0, Max: 0, Diff: 0, Sum: 0, Workers: 8
[2025-06-17T22:38:18.424+0300][3224][19180][debug][gc,phases] GC(34)         Total                          Min: 0, Avg: 15.4, Max: 84, Diff: 84, Sum: 123, Workers: 8
[2025-06-17T22:38:18.424+0300][3224][19180][debug][gc,phases] GC(34)       ObjectSynchronizer Weak        Min:  0.0, Avg:  0.0, Max:  0.0, Diff:  0.0, Sum:  0.0, Workers: 8
[2025-06-17T22:38:18.424+0300][3224][19180][debug][gc,phases] GC(34)         Dead                           Min: 0, Avg:  0.0, Max: 0, Diff: 0, Sum: 0, Workers: 8
[2025-06-17T22:38:18.424+0300][3224][19180][debug][gc,phases] GC(34)         Total                          Min: 0, Avg: 18.6, Max: 64, Diff: 64, Sum: 149, Workers: 8
[2025-06-17T22:38:18.424+0300][3224][19180][debug][gc,phases] GC(34)       JVMTI Tag Weak OopStorage      Min:  0.0, Avg:  0.0, Max:  0.0, Diff:  0.0, Sum:  0.0, Workers: 8
[2025-06-17T22:38:18.424+0300][3224][19180][debug][gc,phases] GC(34)         Dead                           Min: 0, Avg:  0.0, Max: 0, Diff: 0, Sum: 0, Workers: 8
[2025-06-17T22:38:18.424+0300][3224][19180][debug][gc,phases] GC(34)         Total                          Min: 0, Avg:  0.0, Max: 0, Diff: 0, Sum: 0, Workers: 8
[2025-06-17T22:38:18.424+0300][3224][19180][debug][gc,phases] GC(34)       StringTable Weak               Min:  0.0, Avg:  0.0, Max:  0.0, Diff:  0.0, Sum:  0.1, Workers: 8
[2025-06-17T22:38:18.424+0300][3224][19180][debug][gc,phases] GC(34)         Dead                           Min: 0, Avg:  0.0, Max: 0, Diff: 0, Sum: 0, Workers: 8
[2025-06-17T22:38:18.424+0300][3224][19180][debug][gc,phases] GC(34)         Total                          Min: 576, Avg: 778.5, Max: 960, Diff: 384, Sum: 6228, Workers: 8
[2025-06-17T22:38:18.424+0300][3224][19180][debug][gc,phases] GC(34)       ResolvedMethodTable Weak       Min:  0.0, Avg:  0.0, Max:  0.0, Diff:  0.0, Sum:  0.0, Workers: 8
[2025-06-17T22:38:18.424+0300][3224][19180][debug][gc,phases] GC(34)         Dead                           Min: 0, Avg:  0.0, Max: 0, Diff: 0, Sum: 0, Workers: 8
[2025-06-17T22:38:18.424+0300][3224][19180][debug][gc,phases] GC(34)         Total                          Min: 64, Avg: 111.8, Max: 128, Diff: 64, Sum: 894, Workers: 8
[2025-06-17T22:38:18.424+0300][3224][19180][debug][gc,phases] GC(34)       JNI Weak                       Min:  0.0, Avg:  0.0, Max:  0.0, Diff:  0.0, Sum:  0.0, Workers: 8
[2025-06-17T22:38:18.424+0300][3224][19180][debug][gc,phases] GC(34)         Dead                           Min: 0, Avg:  0.0, Max: 0, Diff: 0, Sum: 0, Workers: 8
[2025-06-17T22:38:18.424+0300][3224][19180][debug][gc,phases] GC(34)         Total                          Min: 0, Avg:  0.0, Max: 0, Diff: 0, Sum: 0, Workers: 8
[2025-06-17T22:38:18.424+0300][3224][19180][debug][gc,phases] GC(34)       StringDedup Table Weak         Min:  0.0, Avg:  0.0, Max:  0.0, Diff:  0.0, Sum:  0.0, Workers: 8
[2025-06-17T22:38:18.424+0300][3224][19180][debug][gc,phases] GC(34)         Dead                           Min: 0, Avg:  0.0, Max: 0, Diff: 0, Sum: 0, Workers: 8
[2025-06-17T22:38:18.424+0300][3224][19180][debug][gc,phases] GC(34)         Total                          Min: 0, Avg:  0.0, Max: 0, Diff: 0, Sum: 0, Workers: 8
[2025-06-17T22:38:18.424+0300][3224][19180][debug][gc,phases] GC(34)       StringDedup Requests0 Weak     Min:  0.0, Avg:  0.0, Max:  0.0, Diff:  0.0, Sum:  0.0, Workers: 8
[2025-06-17T22:38:18.424+0300][3224][19180][debug][gc,phases] GC(34)         Dead                           Min: 0, Avg:  0.0, Max: 0, Diff: 0, Sum: 0, Workers: 8
[2025-06-17T22:38:18.424+0300][3224][19180][debug][gc,phases] GC(34)         Total                          Min: 0, Avg:  0.0, Max: 0, Diff: 0, Sum: 0, Workers: 8
[2025-06-17T22:38:18.424+0300][3224][19180][debug][gc,phases] GC(34)       StringDedup Requests1 Weak     Min:  0.0, Avg:  0.0, Max:  0.0, Diff:  0.0, Sum:  0.0, Workers: 8
[2025-06-17T22:38:18.424+0300][3224][19180][debug][gc,phases] GC(34)         Dead                           Min: 0, Avg:  0.0, Max: 0, Diff: 0, Sum: 0, Workers: 8
[2025-06-17T22:38:18.424+0300][3224][19180][debug][gc,phases] GC(34)         Total                          Min: 0, Avg:  0.0, Max: 0, Diff: 0, Sum: 0, Workers: 8
[2025-06-17T22:38:18.424+0300][3224][19180][debug][gc,phases] GC(34)       Weak JFR Old Object Samples    Min:  0.0, Avg:  0.0, Max:  0.0, Diff:  0.0, Sum:  0.0, Workers: 8
[2025-06-17T22:38:18.424+0300][3224][19180][debug][gc,phases] GC(34)         Dead                           Min: 0, Avg:  0.0, Max: 0, Diff: 0, Sum: 0, Workers: 8
[2025-06-17T22:38:18.424+0300][3224][19180][debug][gc,phases] GC(34)         Total                          Min: 0, Avg:  0.0, Max: 0, Diff: 0, Sum: 0, Workers: 8
[2025-06-17T22:38:18.424+0300][3224][19180][debug][gc,phases] GC(34)     Post Evacuate Cleanup 1: 0.2ms
[2025-06-17T22:38:18.424+0300][3224][19180][debug][gc,phases] GC(34)       Merge Per-Thread State (ms):   Min:  0.0, Avg:  0.0, Max:  0.0, Diff:  0.0, Sum:  0.0, Workers: 1
[2025-06-17T22:38:18.424+0300][3224][19180][debug][gc,phases] GC(34)         Copied Bytes                   Min: 0, Avg: 86299.0, Max: 125168, Diff: 125168, Sum: 690392, Workers: 8
[2025-06-17T22:38:18.424+0300][3224][19180][debug][gc,phases] GC(34)         LAB Waste                      Min: 0, Avg: 185.0, Max: 288, Diff: 288, Sum: 1480, Workers: 8
[2025-06-17T22:38:18.424+0300][3224][19180][debug][gc,phases] GC(34)         LAB Undo Waste                 Min: 0, Avg:  0.0, Max: 0, Diff: 0, Sum: 0, Workers: 8
[2025-06-17T22:38:18.424+0300][3224][19180][debug][gc,phases] GC(34)       Clear Logged Cards (ms):       Min:  0.0, Avg:  0.1, Max:  0.2, Diff:  0.2, Sum:  0.4, Workers: 5
[2025-06-17T22:38:18.424+0300][3224][19180][debug][gc,phases] GC(34)       Recalculate Used Memory (ms):  Min:  0.0, Avg:  0.0, Max:  0.0, Diff:  0.0, Sum:  0.0, Workers: 1
[2025-06-17T22:38:18.424+0300][3224][19180][debug][gc,phases] GC(34)     Post Evacuate Cleanup 2: 0.3ms
[2025-06-17T22:38:18.424+0300][3224][19180][debug][gc,phases] GC(34)       Update Derived Pointers (ms):  Min:  0.0, Avg:  0.0, Max:  0.0, Diff:  0.0, Sum:  0.0, Workers: 1
[2025-06-17T22:38:18.424+0300][3224][19180][debug][gc,phases] GC(34)       Eagerly Reclaim Humongous Objects (ms): Min:  0.0, Avg:  0.0, Max:  0.0, Diff:  0.0, Sum:  0.0, Workers: 1
[2025-06-17T22:38:18.424+0300][3224][19180][debug][gc,phases] GC(34)         Humongous Total                Min: 6, Avg:  6.0, Max: 6, Diff: 0, Sum: 6, Workers: 1
[2025-06-17T22:38:18.424+0300][3224][19180][debug][gc,phases] GC(34)         Humongous Candidates           Min: 3, Avg:  3.0, Max: 3, Diff: 0, Sum: 3, Workers: 1
[2025-06-17T22:38:18.424+0300][3224][19180][debug][gc,phases] GC(34)         Humongous Reclaimed            Min: 0, Avg:  0.0, Max: 0, Diff: 0, Sum: 0, Workers: 1
[2025-06-17T22:38:18.424+0300][3224][19180][debug][gc,phases] GC(34)       Redirty Logged Cards (ms):     Min:  0.0, Avg:  0.0, Max:  0.0, Diff:  0.0, Sum:  0.0, Workers: 8
[2025-06-17T22:38:18.424+0300][3224][19180][debug][gc,phases] GC(34)         Redirtied Cards:               Min: 0, Avg:  1.1, Max: 9, Diff: 9, Sum: 9, Workers: 8
[2025-06-17T22:38:18.424+0300][3224][19180][debug][gc,phases] GC(34)       Resize TLABs (ms):             Min:  0.0, Avg:  0.0, Max:  0.0, Diff:  0.0, Sum:  0.0, Workers: 8
[2025-06-17T22:38:18.424+0300][3224][19180][debug][gc,phases] GC(34)       Free Collection Set (ms):      Min:  0.0, Avg:  0.2, Max:  0.3, Diff:  0.2, Sum:  1.8, Workers: 8
[2025-06-17T22:38:18.424+0300][3224][19180][debug][gc,phases] GC(34)     Rebuild Free List: 0.1ms
[2025-06-17T22:38:18.424+0300][3224][19180][debug][gc,phases] GC(34)     Prepare For Mutator: 0.0ms
[2025-06-17T22:38:18.424+0300][3224][19180][debug][gc,phases] GC(34)     Expand Heap After Collection: 0.0ms
[2025-06-17T22:38:18.424+0300][3224][19180][info ][gc,phases] GC(34)   Other: 0.1ms
[2025-06-17T22:38:18.424+0300][3224][19180][info ][gc,heap  ] GC(34) Eden regions: 1227->0(1227)
[2025-06-17T22:38:18.424+0300][3224][19180][info ][gc,heap  ] GC(34) Survivor regions: 1->1(154)
[2025-06-17T22:38:18.424+0300][3224][19180][info ][gc,heap  ] GC(34) Old regions: 10->10
[2025-06-17T22:38:18.424+0300][3224][19180][info ][gc,heap  ] GC(34) Humongous regions: 18->18
[2025-06-17T22:38:18.424+0300][3224][19180][debug][gc,heap  ] GC(34) Heap after GC invocations=35 (full 2):
[2025-06-17T22:38:18.424+0300][3224][19180][debug][gc,heap  ] GC(34)  garbage-first heap   total 2097152K, used 22885K [0x0000000080000000, 0x0000000100000000)
[2025-06-17T22:38:18.424+0300][3224][19180][debug][gc,heap  ] GC(34)   region size 1024K, 1 young (1024K), 1 survivors (1024K)
[2025-06-17T22:38:18.424+0300][3224][19180][debug][gc,heap  ] GC(34)  Metaspace       used 8733K, committed 9792K, reserved 1114112K
[2025-06-17T22:38:18.424+0300][3224][19180][debug][gc,heap  ] GC(34)   class space    used 874K, committed 1280K, reserved 1048576K
[2025-06-17T22:38:18.424+0300][3224][19180][info ][gc       ] GC(34) Pause Young (Normal) (G1 Evacuation Pause) 1249M->22M(2048M) 3.582ms
[2025-06-17T22:38:18.424+0300][3224][19180][info ][safepoint] Safepoint "G1CollectForAllocation", Time since last: 404736900 ns, Reaching safepoint: 404700 ns, Cleanup: 6400 ns, At safepoint: 3639200 ns, Total: 4050300 ns
[2025-06-17T22:38:18.857+0300][3224][19180][debug][safepoint] Safepoint synchronization initiated using striped semaphore wait barrier. (19 threads)
[2025-06-17T22:38:18.857+0300][3224][20700][debug][safepoint] ... found polling page loop exception at pc = 0x00000275901bda60, stub =0x000002758fbb5d80
[2025-06-17T22:38:18.857+0300][3224][10112][debug][safepoint] ... found polling page loop exception at pc = 0x00000275901bda60, stub =0x000002758fbb5d80
[2025-06-17T22:38:18.857+0300][3224][22328][debug][safepoint] ... found polling page loop exception at pc = 0x00000275901bda60, stub =0x000002758fbb5d80
[2025-06-17T22:38:18.857+0300][3224][7824 ][debug][safepoint] ... found polling page loop exception at pc = 0x00000275901bda60, stub =0x000002758fbb5d80
[2025-06-17T22:38:18.857+0300][3224][18008][debug][safepoint] ... found polling page loop exception at pc = 0x00000275901d1722, stub =0x000002758fbb6600
[2025-06-17T22:38:18.857+0300][3224][12336][debug][safepoint] ... found polling page loop exception at pc = 0x00000275901bda60, stub =0x000002758fbb5d80
[2025-06-17T22:38:18.857+0300][3224][19180][debug][gc,heap  ] GC(35) Heap before GC invocations=35 (full 2):
[2025-06-17T22:38:18.857+0300][3224][19180][debug][gc,heap  ] GC(35)  garbage-first heap   total 2097152K, used 1279333K [0x0000000080000000, 0x0000000100000000)
[2025-06-17T22:38:18.857+0300][3224][19180][debug][gc,heap  ] GC(35)   region size 1024K, 1228 young (1257472K), 1 survivors (1024K)
[2025-06-17T22:38:18.857+0300][3224][19180][debug][gc,heap  ] GC(35)  Metaspace       used 8733K, committed 9792K, reserved 1114112K
[2025-06-17T22:38:18.857+0300][3224][19180][debug][gc,heap  ] GC(35)   class space    used 874K, committed 1280K, reserved 1048576K
[2025-06-17T22:38:18.857+0300][3224][19180][info ][gc,phases] GC(35)   Pre Evacuate Collection Set: 0.3ms
[2025-06-17T22:38:18.857+0300][3224][19180][debug][gc,phases] GC(35)     Pre Evacuate Prepare: 0.1ms
[2025-06-17T22:38:18.857+0300][3224][19180][debug][gc,phases] GC(35)       JT Retire TLABs And Flush Logs (ms): Min:  0.0, Avg:  0.0, Max:  0.0, Diff:  0.0, Sum:  0.0, Workers: 2
[2025-06-17T22:38:18.857+0300][3224][19180][debug][gc,phases] GC(35)       Non-JT Flush Logs (ms):        Min:  0.0, Avg:  0.0, Max:  0.0, Diff:  0.0, Sum:  0.0, Workers: 1
[2025-06-17T22:38:18.857+0300][3224][19180][debug][gc,phases] GC(35)     Choose Collection Set: 0.0ms
[2025-06-17T22:38:18.857+0300][3224][19180][debug][gc,phases] GC(35)     Region Register: 0.2ms
[2025-06-17T22:38:18.857+0300][3224][19180][debug][gc,phases] GC(35)     Prepare Heap Roots: 0.0ms
[2025-06-17T22:38:18.857+0300][3224][19180][info ][gc,phases] GC(35)   Merge Heap Roots: 0.2ms
[2025-06-17T22:38:18.857+0300][3224][19180][debug][gc,phases] GC(35)     Prepare Merge Heap Roots: 0.0ms
[2025-06-17T22:38:18.857+0300][3224][19180][debug][gc,phases] GC(35)     Remembered Sets (ms):          Min:  0.1, Avg:  0.1, Max:  0.1, Diff:  0.0, Sum:  0.9, Workers: 8
[2025-06-17T22:38:18.857+0300][3224][19180][debug][gc,phases] GC(35)       Eager Reclaim (ms):            Min:  0.0, Avg:  0.0, Max:  0.0, Diff:  0.0, Sum:  0.0, Workers: 1
[2025-06-17T22:38:18.857+0300][3224][19180][debug][gc,phases] GC(35)       Merged Inline                  Min: 0, Avg:  0.0, Max: 0, Diff: 0, Sum: 0, Workers: 8
[2025-06-17T22:38:18.857+0300][3224][19180][debug][gc,phases] GC(35)       Merged ArrayOfCards            Min: 0, Avg:  0.0, Max: 0, Diff: 0, Sum: 0, Workers: 8
[2025-06-17T22:38:18.857+0300][3224][19180][debug][gc,phases] GC(35)       Merged Howl                    Min: 0, Avg:  0.0, Max: 0, Diff: 0, Sum: 0, Workers: 8
[2025-06-17T22:38:18.857+0300][3224][19180][debug][gc,phases] GC(35)       Merged Full                    Min: 0, Avg:  0.0, Max: 0, Diff: 0, Sum: 0, Workers: 8
[2025-06-17T22:38:18.857+0300][3224][19180][debug][gc,phases] GC(35)       Merged Howl Inline             Min: 0, Avg:  0.0, Max: 0, Diff: 0, Sum: 0, Workers: 8
[2025-06-17T22:38:18.857+0300][3224][19180][debug][gc,phases] GC(35)       Merged Howl ArrayOfCards       Min: 0, Avg:  0.0, Max: 0, Diff: 0, Sum: 0, Workers: 8
[2025-06-17T22:38:18.857+0300][3224][19180][debug][gc,phases] GC(35)       Merged Howl BitMap             Min: 0, Avg:  0.0, Max: 0, Diff: 0, Sum: 0, Workers: 8
[2025-06-17T22:38:18.857+0300][3224][19180][debug][gc,phases] GC(35)       Merged Howl Full               Min: 0, Avg:  0.0, Max: 0, Diff: 0, Sum: 0, Workers: 8
[2025-06-17T22:38:18.857+0300][3224][19180][debug][gc,phases] GC(35)       Merged Cards                   Min: 8, Avg:  9.0, Max: 16, Diff: 8, Sum: 72, Workers: 8
[2025-06-17T22:38:18.857+0300][3224][19180][debug][gc,phases] GC(35)     Log Buffers (ms):              Min:  0.0, Avg:  0.0, Max:  0.0, Diff:  0.0, Sum:  0.0, Workers: 8
[2025-06-17T22:38:18.857+0300][3224][19180][debug][gc,phases] GC(35)       Dirty Cards:                   Min: 0, Avg:  1.4, Max: 5, Diff: 5, Sum: 11, Workers: 8
[2025-06-17T22:38:18.857+0300][3224][19180][debug][gc,phases] GC(35)       Skipped Cards:                 Min: 0, Avg:  0.0, Max: 0, Diff: 0, Sum: 0, Workers: 8
[2025-06-17T22:38:18.857+0300][3224][19180][info ][gc,phases] GC(35)   Evacuate Collection Set: 0.7ms
[2025-06-17T22:38:18.857+0300][3224][19180][debug][gc,phases] GC(35)     Ext Root Scanning (ms):        Min:  0.0, Avg:  0.1, Max:  0.1, Diff:  0.1, Sum:  0.5, Workers: 8
[2025-06-17T22:38:18.857+0300][3224][19180][debug][gc,phases] GC(35)     Scan Heap Roots (ms):          Min:  0.0, Avg:  0.0, Max:  0.0, Diff:  0.0, Sum:  0.0, Workers: 8
[2025-06-17T22:38:18.857+0300][3224][19180][debug][gc,phases] GC(35)       Scanned Cards:                 Min: 0, Avg:  1.2, Max: 4, Diff: 4, Sum: 10, Workers: 8
[2025-06-17T22:38:18.857+0300][3224][19180][debug][gc,phases] GC(35)       Scanned Blocks:                Min: 0, Avg:  1.1, Max: 4, Diff: 4, Sum: 9, Workers: 8
[2025-06-17T22:38:18.857+0300][3224][19180][debug][gc,phases] GC(35)       Claimed Chunks:                Min: 0, Avg:  1.0, Max: 3, Diff: 3, Sum: 8, Workers: 8
[2025-06-17T22:38:18.857+0300][3224][19180][debug][gc,phases] GC(35)       Found Roots:                   Min: 0, Avg:  1.1, Max: 4, Diff: 4, Sum: 9, Workers: 8
[2025-06-17T22:38:18.857+0300][3224][19180][debug][gc,phases] GC(35)     Code Root Scan (ms):           Min:  0.1, Avg:  0.1, Max:  0.1, Diff:  0.0, Sum:  0.9, Workers: 8
[2025-06-17T22:38:18.857+0300][3224][19180][debug][gc,phases] GC(35)       Scanned Nmethods               Min: 0, Avg:  0.0, Max: 0, Diff: 0, Sum: 0, Workers: 8
[2025-06-17T22:38:18.857+0300][3224][19180][debug][gc,phases] GC(35)     Object Copy (ms):              Min:  0.0, Avg:  0.1, Max:  0.1, Diff:  0.1, Sum:  0.7, Workers: 8
[2025-06-17T22:38:18.857+0300][3224][19180][debug][gc,phases] GC(35)     Termination (ms):              Min:  0.0, Avg:  0.2, Max:  0.2, Diff:  0.2, Sum:  1.6, Workers: 8
[2025-06-17T22:38:18.857+0300][3224][19180][debug][gc,phases] GC(35)       Termination Attempts:          Min: 1, Avg:  1.0, Max: 1, Diff: 0, Sum: 8, Workers: 8
[2025-06-17T22:38:18.857+0300][3224][19180][debug][gc,phases] GC(35)     GC Worker Other (ms):          Min:  0.1, Avg:  0.1, Max:  0.1, Diff:  0.0, Sum:  0.9, Workers: 8
[2025-06-17T22:38:18.857+0300][3224][19180][debug][gc,phases] GC(35)     GC Worker Total (ms):          Min:  0.2, Avg:  0.6, Max:  0.6, Diff:  0.4, Sum:  4.5, Workers: 8
[2025-06-17T22:38:18.857+0300][3224][19180][info ][gc,phases] GC(35)   Post Evacuate Collection Set: 0.7ms
[2025-06-17T22:38:18.857+0300][3224][19180][debug][gc,phases] GC(35)     NMethod List Cleanup: 0.0ms
[2025-06-17T22:38:18.857+0300][3224][19180][debug][gc,phases] GC(35)     Reference Processing: 0.1ms
[2025-06-17T22:38:18.857+0300][3224][19180][debug][gc,phases] GC(35)     Weak Processing: 0.1ms
[2025-06-17T22:38:18.857+0300][3224][19180][debug][gc,phases] GC(35)       VM Weak                        Min:  0.0, Avg:  0.0, Max:  0.0, Diff:  0.0, Sum:  0.0, Workers: 8
[2025-06-17T22:38:18.857+0300][3224][19180][debug][gc,phases] GC(35)         Dead                           Min: 0, Avg:  0.0, Max: 0, Diff: 0, Sum: 0, Workers: 8
[2025-06-17T22:38:18.857+0300][3224][19180][debug][gc,phases] GC(35)         Total                          Min: 0, Avg: 15.4, Max: 123, Diff: 123, Sum: 123, Workers: 8
[2025-06-17T22:38:18.857+0300][3224][19180][debug][gc,phases] GC(35)       ObjectSynchronizer Weak        Min:  0.0, Avg:  0.0, Max:  0.0, Diff:  0.0, Sum:  0.0, Workers: 8
[2025-06-17T22:38:18.857+0300][3224][19180][debug][gc,phases] GC(35)         Dead                           Min: 0, Avg:  0.0, Max: 0, Diff: 0, Sum: 0, Workers: 8
[2025-06-17T22:38:18.857+0300][3224][19180][debug][gc,phases] GC(35)         Total                          Min: 0, Avg: 18.6, Max: 85, Diff: 85, Sum: 149, Workers: 8
[2025-06-17T22:38:18.857+0300][3224][19180][debug][gc,phases] GC(35)       JVMTI Tag Weak OopStorage      Min:  0.0, Avg:  0.0, Max:  0.0, Diff:  0.0, Sum:  0.0, Workers: 8
[2025-06-17T22:38:18.857+0300][3224][19180][debug][gc,phases] GC(35)         Dead                           Min: 0, Avg:  0.0, Max: 0, Diff: 0, Sum: 0, Workers: 8
[2025-06-17T22:38:18.857+0300][3224][19180][debug][gc,phases] GC(35)         Total                          Min: 0, Avg:  0.0, Max: 0, Diff: 0, Sum: 0, Workers: 8
[2025-06-17T22:38:18.857+0300][3224][19180][debug][gc,phases] GC(35)       StringTable Weak               Min:  0.0, Avg:  0.0, Max:  0.0, Diff:  0.0, Sum:  0.1, Workers: 8
[2025-06-17T22:38:18.857+0300][3224][19180][debug][gc,phases] GC(35)         Dead                           Min: 0, Avg:  0.0, Max: 0, Diff: 0, Sum: 0, Workers: 8
[2025-06-17T22:38:18.857+0300][3224][19180][debug][gc,phases] GC(35)         Total                          Min: 0, Avg: 778.5, Max: 1024, Diff: 1024, Sum: 6228, Workers: 8
[2025-06-17T22:38:18.857+0300][3224][19180][debug][gc,phases] GC(35)       ResolvedMethodTable Weak       Min:  0.0, Avg:  0.0, Max:  0.0, Diff:  0.0, Sum:  0.0, Workers: 8
[2025-06-17T22:38:18.857+0300][3224][19180][debug][gc,phases] GC(35)         Dead                           Min: 0, Avg:  0.0, Max: 0, Diff: 0, Sum: 0, Workers: 8
[2025-06-17T22:38:18.857+0300][3224][19180][debug][gc,phases] GC(35)         Total                          Min: 0, Avg: 111.8, Max: 128, Diff: 128, Sum: 894, Workers: 8
[2025-06-17T22:38:18.857+0300][3224][19180][debug][gc,phases] GC(35)       JNI Weak                       Min:  0.0, Avg:  0.0, Max:  0.0, Diff:  0.0, Sum:  0.0, Workers: 8
[2025-06-17T22:38:18.857+0300][3224][19180][debug][gc,phases] GC(35)         Dead                           Min: 0, Avg:  0.0, Max: 0, Diff: 0, Sum: 0, Workers: 8
[2025-06-17T22:38:18.857+0300][3224][19180][debug][gc,phases] GC(35)         Total                          Min: 0, Avg:  0.0, Max: 0, Diff: 0, Sum: 0, Workers: 8
[2025-06-17T22:38:18.857+0300][3224][19180][debug][gc,phases] GC(35)       StringDedup Table Weak         Min:  0.0, Avg:  0.0, Max:  0.0, Diff:  0.0, Sum:  0.0, Workers: 8
[2025-06-17T22:38:18.857+0300][3224][19180][debug][gc,phases] GC(35)         Dead                           Min: 0, Avg:  0.0, Max: 0, Diff: 0, Sum: 0, Workers: 8
[2025-06-17T22:38:18.857+0300][3224][19180][debug][gc,phases] GC(35)         Total                          Min: 0, Avg:  0.0, Max: 0, Diff: 0, Sum: 0, Workers: 8
[2025-06-17T22:38:18.857+0300][3224][19180][debug][gc,phases] GC(35)       StringDedup Requests0 Weak     Min:  0.0, Avg:  0.0, Max:  0.0, Diff:  0.0, Sum:  0.0, Workers: 8
[2025-06-17T22:38:18.857+0300][3224][19180][debug][gc,phases] GC(35)         Dead                           Min: 0, Avg:  0.0, Max: 0, Diff: 0, Sum: 0, Workers: 8
[2025-06-17T22:38:18.857+0300][3224][19180][debug][gc,phases] GC(35)         Total                          Min: 0, Avg:  0.0, Max: 0, Diff: 0, Sum: 0, Workers: 8
[2025-06-17T22:38:18.857+0300][3224][19180][debug][gc,phases] GC(35)       StringDedup Requests1 Weak     Min:  0.0, Avg:  0.0, Max:  0.0, Diff:  0.0, Sum:  0.0, Workers: 8
[2025-06-17T22:38:18.857+0300][3224][19180][debug][gc,phases] GC(35)         Dead                           Min: 0, Avg:  0.0, Max: 0, Diff: 0, Sum: 0, Workers: 8
[2025-06-17T22:38:18.857+0300][3224][19180][debug][gc,phases] GC(35)         Total                          Min: 0, Avg:  0.0, Max: 0, Diff: 0, Sum: 0, Workers: 8
[2025-06-17T22:38:18.857+0300][3224][19180][debug][gc,phases] GC(35)       Weak JFR Old Object Samples    Min:  0.0, Avg:  0.0, Max:  0.0, Diff:  0.0, Sum:  0.0, Workers: 8
[2025-06-17T22:38:18.857+0300][3224][19180][debug][gc,phases] GC(35)         Dead                           Min: 0, Avg:  0.0, Max: 0, Diff: 0, Sum: 0, Workers: 8
[2025-06-17T22:38:18.857+0300][3224][19180][debug][gc,phases] GC(35)         Total                          Min: 0, Avg:  0.0, Max: 0, Diff: 0, Sum: 0, Workers: 8
[2025-06-17T22:38:18.857+0300][3224][19180][debug][gc,phases] GC(35)     Post Evacuate Cleanup 1: 0.2ms
[2025-06-17T22:38:18.857+0300][3224][19180][debug][gc,phases] GC(35)       Merge Per-Thread State (ms):   Min:  0.0, Avg:  0.0, Max:  0.0, Diff:  0.0, Sum:  0.0, Workers: 1
[2025-06-17T22:38:18.857+0300][3224][19180][debug][gc,phases] GC(35)         Copied Bytes                   Min: 0, Avg: 88027.0, Max: 125024, Diff: 125024, Sum: 704216, Workers: 8
[2025-06-17T22:38:18.857+0300][3224][19180][debug][gc,phases] GC(35)         LAB Waste                      Min: 0, Avg: 186.0, Max: 344, Diff: 344, Sum: 1488, Workers: 8
[2025-06-17T22:38:18.857+0300][3224][19180][debug][gc,phases] GC(35)         LAB Undo Waste                 Min: 0, Avg:  0.0, Max: 0, Diff: 0, Sum: 0, Workers: 8
[2025-06-17T22:38:18.857+0300][3224][19180][debug][gc,phases] GC(35)       Clear Logged Cards (ms):       Min:  0.0, Avg:  0.1, Max:  0.2, Diff:  0.2, Sum:  0.4, Workers: 5
[2025-06-17T22:38:18.857+0300][3224][19180][debug][gc,phases] GC(35)       Recalculate Used Memory (ms):  Min:  0.0, Avg:  0.0, Max:  0.0, Diff:  0.0, Sum:  0.0, Workers: 1
[2025-06-17T22:38:18.857+0300][3224][19180][debug][gc,phases] GC(35)     Post Evacuate Cleanup 2: 0.3ms
[2025-06-17T22:38:18.857+0300][3224][19180][debug][gc,phases] GC(35)       Update Derived Pointers (ms):  Min:  0.0, Avg:  0.0, Max:  0.0, Diff:  0.0, Sum:  0.0, Workers: 1
[2025-06-17T22:38:18.857+0300][3224][19180][debug][gc,phases] GC(35)       Eagerly Reclaim Humongous Objects (ms): Min:  0.0, Avg:  0.0, Max:  0.0, Diff:  0.0, Sum:  0.0, Workers: 1
[2025-06-17T22:38:18.857+0300][3224][19180][debug][gc,phases] GC(35)         Humongous Total                Min: 6, Avg:  6.0, Max: 6, Diff: 0, Sum: 6, Workers: 1
[2025-06-17T22:38:18.857+0300][3224][19180][debug][gc,phases] GC(35)         Humongous Candidates           Min: 3, Avg:  3.0, Max: 3, Diff: 0, Sum: 3, Workers: 1
[2025-06-17T22:38:18.857+0300][3224][19180][debug][gc,phases] GC(35)         Humongous Reclaimed            Min: 0, Avg:  0.0, Max: 0, Diff: 0, Sum: 0, Workers: 1
[2025-06-17T22:38:18.857+0300][3224][19180][debug][gc,phases] GC(35)       Redirty Logged Cards (ms):     Min:  0.0, Avg:  0.0, Max:  0.0, Diff:  0.0, Sum:  0.0, Workers: 8
[2025-06-17T22:38:18.857+0300][3224][19180][debug][gc,phases] GC(35)         Redirtied Cards:               Min: 0, Avg:  1.0, Max: 8, Diff: 8, Sum: 8, Workers: 8
[2025-06-17T22:38:18.857+0300][3224][19180][debug][gc,phases] GC(35)       Resize TLABs (ms):             Min:  0.0, Avg:  0.0, Max:  0.0, Diff:  0.0, Sum:  0.0, Workers: 8
[2025-06-17T22:38:18.857+0300][3224][19180][debug][gc,phases] GC(35)       Free Collection Set (ms):      Min:  0.2, Avg:  0.2, Max:  0.2, Diff:  0.0, Sum:  1.7, Workers: 8
[2025-06-17T22:38:18.857+0300][3224][19180][debug][gc,phases] GC(35)     Rebuild Free List: 0.1ms
[2025-06-17T22:38:18.857+0300][3224][19180][debug][gc,phases] GC(35)     Prepare For Mutator: 0.0ms
[2025-06-17T22:38:18.857+0300][3224][19180][debug][gc,phases] GC(35)     Expand Heap After Collection: 0.0ms
[2025-06-17T22:38:18.857+0300][3224][19180][info ][gc,phases] GC(35)   Other: 0.1ms
[2025-06-17T22:38:18.857+0300][3224][19180][info ][gc,heap  ] GC(35) Eden regions: 1227->0(1227)
[2025-06-17T22:38:18.857+0300][3224][19180][info ][gc,heap  ] GC(35) Survivor regions: 1->1(154)
[2025-06-17T22:38:18.857+0300][3224][19180][info ][gc,heap  ] GC(35) Old regions: 10->10
[2025-06-17T22:38:18.857+0300][3224][19180][info ][gc,heap  ] GC(35) Humongous regions: 18->18
[2025-06-17T22:38:18.857+0300][3224][19180][debug][gc,heap  ] GC(35) Heap after GC invocations=36 (full 2):
[2025-06-17T22:38:18.857+0300][3224][19180][debug][gc,heap  ] GC(35)  garbage-first heap   total 2097152K, used 22895K [0x0000000080000000, 0x0000000100000000)
[2025-06-17T22:38:18.857+0300][3224][19180][debug][gc,heap  ] GC(35)   region size 1024K, 1 young (1024K), 1 survivors (1024K)
[2025-06-17T22:38:18.857+0300][3224][19180][debug][gc,heap  ] GC(35)  Metaspace       used 8733K, committed 9792K, reserved 1114112K
[2025-06-17T22:38:18.857+0300][3224][19180][debug][gc,heap  ] GC(35)   class space    used 874K, committed 1280K, reserved 1048576K
[2025-06-17T22:38:18.857+0300][3224][19180][info ][gc       ] GC(35) Pause Young (Normal) (G1 Evacuation Pause) 1249M->22M(2048M) 3.802ms
[2025-06-17T22:38:18.857+0300][3224][19180][info ][safepoint] Safepoint "G1CollectForAllocation", Time since last: 429925000 ns, Reaching safepoint: 427400 ns, Cleanup: 5300 ns, At safepoint: 3870100 ns, Total: 4302800 ns
[2025-06-17T22:38:19.278+0300][3224][19180][debug][safepoint] Safepoint synchronization initiated using striped semaphore wait barrier. (19 threads)
[2025-06-17T22:38:19.278+0300][3224][20700][debug][safepoint] ... found polling page loop exception at pc = 0x00000275901bda60, stub =0x000002758fbb5d80
[2025-06-17T22:38:19.278+0300][3224][12336][debug][safepoint] ... found polling page loop exception at pc = 0x00000275902de7d9, stub =0x000002758fbb6600
[2025-06-17T22:38:19.278+0300][3224][22328][debug][safepoint] ... found polling page loop exception at pc = 0x00000275901bda60, stub =0x000002758fbb5d80
[2025-06-17T22:38:19.278+0300][3224][7824 ][debug][safepoint] ... found polling page loop exception at pc = 0x00000275901bda60, stub =0x000002758fbb5d80
[2025-06-17T22:38:19.278+0300][3224][20616][debug][safepoint] ... found polling page loop exception at pc = 0x000002759026cf0b, stub =0x000002758fbb5d80
[2025-06-17T22:38:19.278+0300][3224][19180][debug][gc,heap  ] GC(36) Heap before GC invocations=36 (full 2):
[2025-06-17T22:38:19.278+0300][3224][19180][debug][gc,heap  ] GC(36)  garbage-first heap   total 2097152K, used 1279343K [0x0000000080000000, 0x0000000100000000)
[2025-06-17T22:38:19.278+0300][3224][19180][debug][gc,heap  ] GC(36)   region size 1024K, 1228 young (1257472K), 1 survivors (1024K)
[2025-06-17T22:38:19.278+0300][3224][19180][debug][gc,heap  ] GC(36)  Metaspace       used 8733K, committed 9792K, reserved 1114112K
[2025-06-17T22:38:19.278+0300][3224][19180][debug][gc,heap  ] GC(36)   class space    used 874K, committed 1280K, reserved 1048576K
[2025-06-17T22:38:19.280+0300][3224][19180][info ][gc,phases] GC(36)   Pre Evacuate Collection Set: 0.3ms
[2025-06-17T22:38:19.280+0300][3224][19180][debug][gc,phases] GC(36)     Pre Evacuate Prepare: 0.1ms
[2025-06-17T22:38:19.280+0300][3224][19180][debug][gc,phases] GC(36)       JT Retire TLABs And Flush Logs (ms): Min:  0.0, Avg:  0.0, Max:  0.0, Diff:  0.0, Sum:  0.0, Workers: 2
[2025-06-17T22:38:19.280+0300][3224][19180][debug][gc,phases] GC(36)       Non-JT Flush Logs (ms):        Min:  0.0, Avg:  0.0, Max:  0.0, Diff:  0.0, Sum:  0.0, Workers: 1
[2025-06-17T22:38:19.280+0300][3224][19180][debug][gc,phases] GC(36)     Choose Collection Set: 0.0ms
[2025-06-17T22:38:19.280+0300][3224][19180][debug][gc,phases] GC(36)     Region Register: 0.3ms
[2025-06-17T22:38:19.280+0300][3224][19180][debug][gc,phases] GC(36)     Prepare Heap Roots: 0.0ms
[2025-06-17T22:38:19.280+0300][3224][19180][info ][gc,phases] GC(36)   Merge Heap Roots: 0.2ms
[2025-06-17T22:38:19.280+0300][3224][19180][debug][gc,phases] GC(36)     Prepare Merge Heap Roots: 0.0ms
[2025-06-17T22:38:19.280+0300][3224][19180][debug][gc,phases] GC(36)     Remembered Sets (ms):          Min:  0.1, Avg:  0.1, Max:  0.1, Diff:  0.0, Sum:  0.9, Workers: 8
[2025-06-17T22:38:19.280+0300][3224][19180][debug][gc,phases] GC(36)       Eager Reclaim (ms):            Min:  0.0, Avg:  0.0, Max:  0.0, Diff:  0.0, Sum:  0.0, Workers: 1
[2025-06-17T22:38:19.280+0300][3224][19180][debug][gc,phases] GC(36)       Merged Inline                  Min: 0, Avg:  0.0, Max: 0, Diff: 0, Sum: 0, Workers: 8
[2025-06-17T22:38:19.280+0300][3224][19180][debug][gc,phases] GC(36)       Merged ArrayOfCards            Min: 0, Avg:  0.0, Max: 0, Diff: 0, Sum: 0, Workers: 8
[2025-06-17T22:38:19.280+0300][3224][19180][debug][gc,phases] GC(36)       Merged Howl                    Min: 0, Avg:  0.0, Max: 0, Diff: 0, Sum: 0, Workers: 8
[2025-06-17T22:38:19.280+0300][3224][19180][debug][gc,phases] GC(36)       Merged Full                    Min: 0, Avg:  0.0, Max: 0, Diff: 0, Sum: 0, Workers: 8
[2025-06-17T22:38:19.280+0300][3224][19180][debug][gc,phases] GC(36)       Merged Howl Inline             Min: 0, Avg:  0.0, Max: 0, Diff: 0, Sum: 0, Workers: 8
[2025-06-17T22:38:19.280+0300][3224][19180][debug][gc,phases] GC(36)       Merged Howl ArrayOfCards       Min: 0, Avg:  0.0, Max: 0, Diff: 0, Sum: 0, Workers: 8
[2025-06-17T22:38:19.280+0300][3224][19180][debug][gc,phases] GC(36)       Merged Howl BitMap             Min: 0, Avg:  0.0, Max: 0, Diff: 0, Sum: 0, Workers: 8
[2025-06-17T22:38:19.280+0300][3224][19180][debug][gc,phases] GC(36)       Merged Howl Full               Min: 0, Avg:  0.0, Max: 0, Diff: 0, Sum: 0, Workers: 8
[2025-06-17T22:38:19.280+0300][3224][19180][debug][gc,phases] GC(36)       Merged Cards                   Min: 8, Avg:  9.0, Max: 16, Diff: 8, Sum: 72, Workers: 8
[2025-06-17T22:38:19.280+0300][3224][19180][debug][gc,phases] GC(36)     Log Buffers (ms):              Min:  0.0, Avg:  0.0, Max:  0.0, Diff:  0.0, Sum:  0.0, Workers: 8
[2025-06-17T22:38:19.280+0300][3224][19180][debug][gc,phases] GC(36)       Dirty Cards:                   Min: 0, Avg:  1.4, Max: 5, Diff: 5, Sum: 11, Workers: 8
[2025-06-17T22:38:19.280+0300][3224][19180][debug][gc,phases] GC(36)       Skipped Cards:                 Min: 0, Avg:  0.0, Max: 0, Diff: 0, Sum: 0, Workers: 8
[2025-06-17T22:38:19.280+0300][3224][19180][info ][gc,phases] GC(36)   Evacuate Collection Set: 0.4ms
[2025-06-17T22:38:19.280+0300][3224][19180][debug][gc,phases] GC(36)     Ext Root Scanning (ms):        Min:  0.0, Avg:  0.1, Max:  0.1, Diff:  0.0, Sum:  0.5, Workers: 8
[2025-06-17T22:38:19.280+0300][3224][19180][debug][gc,phases] GC(36)     Scan Heap Roots (ms):          Min:  0.0, Avg:  0.0, Max:  0.0, Diff:  0.0, Sum:  0.1, Workers: 8
[2025-06-17T22:38:19.280+0300][3224][19180][debug][gc,phases] GC(36)       Scanned Cards:                 Min: 0, Avg:  1.4, Max: 3, Diff: 3, Sum: 11, Workers: 8
[2025-06-17T22:38:19.280+0300][3224][19180][debug][gc,phases] GC(36)       Scanned Blocks:                Min: 0, Avg:  1.2, Max: 3, Diff: 3, Sum: 10, Workers: 8
[2025-06-17T22:38:19.280+0300][3224][19180][debug][gc,phases] GC(36)       Claimed Chunks:                Min: 0, Avg:  1.1, Max: 3, Diff: 3, Sum: 9, Workers: 8
[2025-06-17T22:38:19.280+0300][3224][19180][debug][gc,phases] GC(36)       Found Roots:                   Min: 0, Avg:  1.4, Max: 4, Diff: 4, Sum: 11, Workers: 8
[2025-06-17T22:38:19.280+0300][3224][19180][debug][gc,phases] GC(36)     Code Root Scan (ms):           Min:  0.1, Avg:  0.1, Max:  0.1, Diff:  0.0, Sum:  0.8, Workers: 8
[2025-06-17T22:38:19.280+0300][3224][19180][debug][gc,phases] GC(36)       Scanned Nmethods               Min: 0, Avg:  0.0, Max: 0, Diff: 0, Sum: 0, Workers: 8
[2025-06-17T22:38:19.280+0300][3224][19180][debug][gc,phases] GC(36)     Object Copy (ms):              Min:  0.1, Avg:  0.1, Max:  0.1, Diff:  0.0, Sum:  0.7, Workers: 8
[2025-06-17T22:38:19.280+0300][3224][19180][debug][gc,phases] GC(36)     Termination (ms):              Min:  0.0, Avg:  0.0, Max:  0.0, Diff:  0.0, Sum:  0.1, Workers: 8
[2025-06-17T22:38:19.280+0300][3224][19180][debug][gc,phases] GC(36)       Termination Attempts:          Min: 1, Avg:  1.0, Max: 1, Diff: 0, Sum: 8, Workers: 8
[2025-06-17T22:38:19.280+0300][3224][19180][debug][gc,phases] GC(36)     GC Worker Other (ms):          Min:  0.1, Avg:  0.1, Max:  0.1, Diff:  0.0, Sum:  0.8, Workers: 8
[2025-06-17T22:38:19.280+0300][3224][19180][debug][gc,phases] GC(36)     GC Worker Total (ms):          Min:  0.4, Avg:  0.4, Max:  0.4, Diff:  0.0, Sum:  3.0, Workers: 8
[2025-06-17T22:38:19.280+0300][3224][19180][info ][gc,phases] GC(36)   Post Evacuate Collection Set: 0.8ms
[2025-06-17T22:38:19.280+0300][3224][19180][debug][gc,phases] GC(36)     NMethod List Cleanup: 0.0ms
[2025-06-17T22:38:19.280+0300][3224][19180][debug][gc,phases] GC(36)     Reference Processing: 0.1ms
[2025-06-17T22:38:19.280+0300][3224][19180][debug][gc,phases] GC(36)     Weak Processing: 0.0ms
[2025-06-17T22:38:19.280+0300][3224][19180][debug][gc,phases] GC(36)       VM Weak                        Min:  0.0, Avg:  0.0, Max:  0.0, Diff:  0.0, Sum:  0.0, Workers: 8
[2025-06-17T22:38:19.280+0300][3224][19180][debug][gc,phases] GC(36)         Dead                           Min: 0, Avg:  0.0, Max: 0, Diff: 0, Sum: 0, Workers: 8
[2025-06-17T22:38:19.280+0300][3224][19180][debug][gc,phases] GC(36)         Total                          Min: 0, Avg: 15.4, Max: 123, Diff: 123, Sum: 123, Workers: 8
[2025-06-17T22:38:19.280+0300][3224][19180][debug][gc,phases] GC(36)       ObjectSynchronizer Weak        Min:  0.0, Avg:  0.0, Max:  0.0, Diff:  0.0, Sum:  0.0, Workers: 8
[2025-06-17T22:38:19.280+0300][3224][19180][debug][gc,phases] GC(36)         Dead                           Min: 0, Avg:  0.0, Max: 0, Diff: 0, Sum: 0, Workers: 8
[2025-06-17T22:38:19.280+0300][3224][19180][debug][gc,phases] GC(36)         Total                          Min: 0, Avg: 18.6, Max: 64, Diff: 64, Sum: 149, Workers: 8
[2025-06-17T22:38:19.280+0300][3224][19180][debug][gc,phases] GC(36)       JVMTI Tag Weak OopStorage      Min:  0.0, Avg:  0.0, Max:  0.0, Diff:  0.0, Sum:  0.0, Workers: 8
[2025-06-17T22:38:19.280+0300][3224][19180][debug][gc,phases] GC(36)         Dead                           Min: 0, Avg:  0.0, Max: 0, Diff: 0, Sum: 0, Workers: 8
[2025-06-17T22:38:19.280+0300][3224][19180][debug][gc,phases] GC(36)         Total                          Min: 0, Avg:  0.0, Max: 0, Diff: 0, Sum: 0, Workers: 8
[2025-06-17T22:38:19.280+0300][3224][19180][debug][gc,phases] GC(36)       StringTable Weak               Min:  0.0, Avg:  0.0, Max:  0.0, Diff:  0.0, Sum:  0.1, Workers: 8
[2025-06-17T22:38:19.280+0300][3224][19180][debug][gc,phases] GC(36)         Dead                           Min: 0, Avg:  0.0, Max: 0, Diff: 0, Sum: 0, Workers: 8
[2025-06-17T22:38:19.280+0300][3224][19180][debug][gc,phases] GC(36)         Total                          Min: 384, Avg: 778.8, Max: 960, Diff: 576, Sum: 6230, Workers: 8
[2025-06-17T22:38:19.280+0300][3224][19180][debug][gc,phases] GC(36)       ResolvedMethodTable Weak       Min:  0.0, Avg:  0.0, Max:  0.0, Diff:  0.0, Sum:  0.0, Workers: 8
[2025-06-17T22:38:19.280+0300][3224][19180][debug][gc,phases] GC(36)         Dead                           Min: 0, Avg:  0.0, Max: 0, Diff: 0, Sum: 0, Workers: 8
[2025-06-17T22:38:19.280+0300][3224][19180][debug][gc,phases] GC(36)         Total                          Min: 64, Avg: 111.8, Max: 128, Diff: 64, Sum: 894, Workers: 8
[2025-06-17T22:38:19.280+0300][3224][19180][debug][gc,phases] GC(36)       JNI Weak                       Min:  0.0, Avg:  0.0, Max:  0.0, Diff:  0.0, Sum:  0.0, Workers: 8
[2025-06-17T22:38:19.280+0300][3224][19180][debug][gc,phases] GC(36)         Dead                           Min: 0, Avg:  0.0, Max: 0, Diff: 0, Sum: 0, Workers: 8
[2025-06-17T22:38:19.280+0300][3224][19180][debug][gc,phases] GC(36)         Total                          Min: 0, Avg:  0.0, Max: 0, Diff: 0, Sum: 0, Workers: 8
[2025-06-17T22:38:19.280+0300][3224][19180][debug][gc,phases] GC(36)       StringDedup Table Weak         Min:  0.0, Avg:  0.0, Max:  0.0, Diff:  0.0, Sum:  0.0, Workers: 8
[2025-06-17T22:38:19.280+0300][3224][19180][debug][gc,phases] GC(36)         Dead                           Min: 0, Avg:  0.0, Max: 0, Diff: 0, Sum: 0, Workers: 8
[2025-06-17T22:38:19.280+0300][3224][19180][debug][gc,phases] GC(36)         Total                          Min: 0, Avg:  0.0, Max: 0, Diff: 0, Sum: 0, Workers: 8
[2025-06-17T22:38:19.280+0300][3224][19180][debug][gc,phases] GC(36)       StringDedup Requests0 Weak     Min:  0.0, Avg:  0.0, Max:  0.0, Diff:  0.0, Sum:  0.0, Workers: 8
[2025-06-17T22:38:19.280+0300][3224][19180][debug][gc,phases] GC(36)         Dead                           Min: 0, Avg:  0.0, Max: 0, Diff: 0, Sum: 0, Workers: 8
[2025-06-17T22:38:19.280+0300][3224][19180][debug][gc,phases] GC(36)         Total                          Min: 0, Avg:  0.0, Max: 0, Diff: 0, Sum: 0, Workers: 8
[2025-06-17T22:38:19.280+0300][3224][19180][debug][gc,phases] GC(36)       StringDedup Requests1 Weak     Min:  0.0, Avg:  0.0, Max:  0.0, Diff:  0.0, Sum:  0.0, Workers: 8
[2025-06-17T22:38:19.280+0300][3224][19180][debug][gc,phases] GC(36)         Dead                           Min: 0, Avg:  0.0, Max: 0, Diff: 0, Sum: 0, Workers: 8
[2025-06-17T22:38:19.280+0300][3224][19180][debug][gc,phases] GC(36)         Total                          Min: 0, Avg:  0.0, Max: 0, Diff: 0, Sum: 0, Workers: 8
[2025-06-17T22:38:19.280+0300][3224][19180][debug][gc,phases] GC(36)       Weak JFR Old Object Samples    Min:  0.0, Avg:  0.0, Max:  0.0, Diff:  0.0, Sum:  0.0, Workers: 8
[2025-06-17T22:38:19.280+0300][3224][19180][debug][gc,phases] GC(36)         Dead                           Min: 0, Avg:  0.0, Max: 0, Diff: 0, Sum: 0, Workers: 8
[2025-06-17T22:38:19.280+0300][3224][19180][debug][gc,phases] GC(36)         Total                          Min: 0, Avg:  0.0, Max: 0, Diff: 0, Sum: 0, Workers: 8
[2025-06-17T22:38:19.280+0300][3224][19180][debug][gc,phases] GC(36)     Post Evacuate Cleanup 1: 0.2ms
[2025-06-17T22:38:19.280+0300][3224][19180][debug][gc,phases] GC(36)       Merge Per-Thread State (ms):   Min:  0.1, Avg:  0.1, Max:  0.1, Diff:  0.0, Sum:  0.1, Workers: 1
[2025-06-17T22:38:19.280+0300][3224][19180][debug][gc,phases] GC(36)         Copied Bytes                   Min: 20328, Avg: 91808.0, Max: 113968, Diff: 93640, Sum: 734464, Workers: 8
[2025-06-17T22:38:19.280+0300][3224][19180][debug][gc,phases] GC(36)         LAB Waste                      Min: 112, Avg: 187.0, Max: 288, Diff: 176, Sum: 1496, Workers: 8
[2025-06-17T22:38:19.280+0300][3224][19180][debug][gc,phases] GC(36)         LAB Undo Waste                 Min: 0, Avg:  0.0, Max: 0, Diff: 0, Sum: 0, Workers: 8
[2025-06-17T22:38:19.280+0300][3224][19180][debug][gc,phases] GC(36)       Clear Logged Cards (ms):       Min:  0.0, Avg:  0.1, Max:  0.2, Diff:  0.2, Sum:  0.5, Workers: 5
[2025-06-17T22:38:19.280+0300][3224][19180][debug][gc,phases] GC(36)       Recalculate Used Memory (ms):  Min:  0.0, Avg:  0.0, Max:  0.0, Diff:  0.0, Sum:  0.0, Workers: 1
[2025-06-17T22:38:19.280+0300][3224][19180][debug][gc,phases] GC(36)     Post Evacuate Cleanup 2: 0.3ms
[2025-06-17T22:38:19.280+0300][3224][19180][debug][gc,phases] GC(36)       Update Derived Pointers (ms):  Min:  0.0, Avg:  0.0, Max:  0.0, Diff:  0.0, Sum:  0.0, Workers: 1
[2025-06-17T22:38:19.280+0300][3224][19180][debug][gc,phases] GC(36)       Eagerly Reclaim Humongous Objects (ms): Min:  0.0, Avg:  0.0, Max:  0.0, Diff:  0.0, Sum:  0.0, Workers: 1
[2025-06-17T22:38:19.280+0300][3224][19180][debug][gc,phases] GC(36)         Humongous Total                Min: 6, Avg:  6.0, Max: 6, Diff: 0, Sum: 6, Workers: 1
[2025-06-17T22:38:19.280+0300][3224][19180][debug][gc,phases] GC(36)         Humongous Candidates           Min: 3, Avg:  3.0, Max: 3, Diff: 0, Sum: 3, Workers: 1
[2025-06-17T22:38:19.280+0300][3224][19180][debug][gc,phases] GC(36)         Humongous Reclaimed            Min: 0, Avg:  0.0, Max: 0, Diff: 0, Sum: 0, Workers: 1
[2025-06-17T22:38:19.280+0300][3224][19180][debug][gc,phases] GC(36)       Redirty Logged Cards (ms):     Min:  0.0, Avg:  0.0, Max:  0.0, Diff:  0.0, Sum:  0.0, Workers: 8
[2025-06-17T22:38:19.280+0300][3224][19180][debug][gc,phases] GC(36)         Redirtied Cards:               Min: 0, Avg:  1.2, Max: 9, Diff: 9, Sum: 10, Workers: 8
[2025-06-17T22:38:19.280+0300][3224][19180][debug][gc,phases] GC(36)       Resize TLABs (ms):             Min:  0.0, Avg:  0.0, Max:  0.0, Diff:  0.0, Sum:  0.0, Workers: 8
[2025-06-17T22:38:19.280+0300][3224][19180][debug][gc,phases] GC(36)       Free Collection Set (ms):      Min:  0.0, Avg:  0.2, Max:  0.3, Diff:  0.2, Sum:  1.7, Workers: 8
[2025-06-17T22:38:19.280+0300][3224][19180][debug][gc,phases] GC(36)     Rebuild Free List: 0.1ms
[2025-06-17T22:38:19.280+0300][3224][19180][debug][gc,phases] GC(36)     Prepare For Mutator: 0.0ms
[2025-06-17T22:38:19.280+0300][3224][19180][debug][gc,phases] GC(36)     Expand Heap After Collection: 0.0ms
[2025-06-17T22:38:19.280+0300][3224][19180][info ][gc,phases] GC(36)   Other: 0.1ms
[2025-06-17T22:38:19.280+0300][3224][19180][info ][gc,heap  ] GC(36) Eden regions: 1227->0(1227)
[2025-06-17T22:38:19.280+0300][3224][19180][info ][gc,heap  ] GC(36) Survivor regions: 1->1(154)
[2025-06-17T22:38:19.280+0300][3224][19180][info ][gc,heap  ] GC(36) Old regions: 10->10
[2025-06-17T22:38:19.280+0300][3224][19180][info ][gc,heap  ] GC(36) Humongous regions: 18->18
[2025-06-17T22:38:19.280+0300][3224][19180][debug][gc,heap  ] GC(36) Heap after GC invocations=37 (full 2):
[2025-06-17T22:38:19.280+0300][3224][19180][debug][gc,heap  ] GC(36)  garbage-first heap   total 2097152K, used 22925K [0x0000000080000000, 0x0000000100000000)
[2025-06-17T22:38:19.280+0300][3224][19180][debug][gc,heap  ] GC(36)   region size 1024K, 1 young (1024K), 1 survivors (1024K)
[2025-06-17T22:38:19.280+0300][3224][19180][debug][gc,heap  ] GC(36)  Metaspace       used 8733K, committed 9792K, reserved 1114112K
[2025-06-17T22:38:19.280+0300][3224][19180][debug][gc,heap  ] GC(36)   class space    used 874K, committed 1280K, reserved 1048576K
[2025-06-17T22:38:19.280+0300][3224][19180][info ][gc       ] GC(36) Pause Young (Normal) (G1 Evacuation Pause) 1249M->22M(2048M) 3.598ms
[2025-06-17T22:38:19.280+0300][3224][19180][info ][safepoint] Safepoint "G1CollectForAllocation", Time since last: 417899300 ns, Reaching safepoint: 327400 ns, Cleanup: 6700 ns, At safepoint: 3653400 ns, Total: 3987500 ns
[2025-06-17T22:38:19.690+0300][3224][19180][debug][safepoint] Safepoint synchronization initiated using striped semaphore wait barrier. (19 threads)
[2025-06-17T22:38:19.690+0300][3224][18008][debug][safepoint] ... found polling page loop exception at pc = 0x00000275901bda60, stub =0x000002758fbb5d80
[2025-06-17T22:38:19.690+0300][3224][20616][debug][safepoint] ... found polling page loop exception at pc = 0x00000275903d6631, stub =0x000002758fbb5d80
[2025-06-17T22:38:19.690+0300][3224][10112][debug][safepoint] ... found polling page loop exception at pc = 0x00000275901bda60, stub =0x000002758fbb5d80
[2025-06-17T22:38:19.690+0300][3224][19180][debug][gc,heap  ] GC(37) Heap before GC invocations=37 (full 2):
[2025-06-17T22:38:19.690+0300][3224][19180][debug][gc,heap  ] GC(37)  garbage-first heap   total 2097152K, used 1279373K [0x0000000080000000, 0x0000000100000000)
[2025-06-17T22:38:19.690+0300][3224][19180][debug][gc,heap  ] GC(37)   region size 1024K, 1228 young (1257472K), 1 survivors (1024K)
[2025-06-17T22:38:19.690+0300][3224][19180][debug][gc,heap  ] GC(37)  Metaspace       used 8733K, committed 9792K, reserved 1114112K
[2025-06-17T22:38:19.690+0300][3224][19180][debug][gc,heap  ] GC(37)   class space    used 874K, committed 1280K, reserved 1048576K
[2025-06-17T22:38:19.690+0300][3224][19180][info ][gc,phases] GC(37)   Pre Evacuate Collection Set: 0.3ms
[2025-06-17T22:38:19.690+0300][3224][19180][debug][gc,phases] GC(37)     Pre Evacuate Prepare: 0.1ms
[2025-06-17T22:38:19.690+0300][3224][19180][debug][gc,phases] GC(37)       JT Retire TLABs And Flush Logs (ms): Min:  0.0, Avg:  0.0, Max:  0.0, Diff:  0.0, Sum:  0.0, Workers: 2
[2025-06-17T22:38:19.690+0300][3224][19180][debug][gc,phases] GC(37)       Non-JT Flush Logs (ms):        Min:  0.0, Avg:  0.0, Max:  0.0, Diff:  0.0, Sum:  0.0, Workers: 1
[2025-06-17T22:38:19.690+0300][3224][19180][debug][gc,phases] GC(37)     Choose Collection Set: 0.0ms
[2025-06-17T22:38:19.690+0300][3224][19180][debug][gc,phases] GC(37)     Region Register: 0.3ms
[2025-06-17T22:38:19.690+0300][3224][19180][debug][gc,phases] GC(37)     Prepare Heap Roots: 0.0ms
[2025-06-17T22:38:19.690+0300][3224][19180][info ][gc,phases] GC(37)   Merge Heap Roots: 0.2ms
[2025-06-17T22:38:19.690+0300][3224][19180][debug][gc,phases] GC(37)     Prepare Merge Heap Roots: 0.0ms
[2025-06-17T22:38:19.690+0300][3224][19180][debug][gc,phases] GC(37)     Remembered Sets (ms):          Min:  0.1, Avg:  0.1, Max:  0.1, Diff:  0.0, Sum:  1.0, Workers: 8
[2025-06-17T22:38:19.690+0300][3224][19180][debug][gc,phases] GC(37)       Eager Reclaim (ms):            Min:  0.0, Avg:  0.0, Max:  0.0, Diff:  0.0, Sum:  0.0, Workers: 1
[2025-06-17T22:38:19.690+0300][3224][19180][debug][gc,phases] GC(37)       Merged Inline                  Min: 0, Avg:  0.0, Max: 0, Diff: 0, Sum: 0, Workers: 8
[2025-06-17T22:38:19.690+0300][3224][19180][debug][gc,phases] GC(37)       Merged ArrayOfCards            Min: 0, Avg:  0.0, Max: 0, Diff: 0, Sum: 0, Workers: 8
[2025-06-17T22:38:19.690+0300][3224][19180][debug][gc,phases] GC(37)       Merged Howl                    Min: 0, Avg:  0.0, Max: 0, Diff: 0, Sum: 0, Workers: 8
[2025-06-17T22:38:19.690+0300][3224][19180][debug][gc,phases] GC(37)       Merged Full                    Min: 0, Avg:  0.0, Max: 0, Diff: 0, Sum: 0, Workers: 8
[2025-06-17T22:38:19.690+0300][3224][19180][debug][gc,phases] GC(37)       Merged Howl Inline             Min: 0, Avg:  0.0, Max: 0, Diff: 0, Sum: 0, Workers: 8
[2025-06-17T22:38:19.690+0300][3224][19180][debug][gc,phases] GC(37)       Merged Howl ArrayOfCards       Min: 0, Avg:  0.0, Max: 0, Diff: 0, Sum: 0, Workers: 8
[2025-06-17T22:38:19.690+0300][3224][19180][debug][gc,phases] GC(37)       Merged Howl BitMap             Min: 0, Avg:  0.0, Max: 0, Diff: 0, Sum: 0, Workers: 8
[2025-06-17T22:38:19.690+0300][3224][19180][debug][gc,phases] GC(37)       Merged Howl Full               Min: 0, Avg:  0.0, Max: 0, Diff: 0, Sum: 0, Workers: 8
[2025-06-17T22:38:19.690+0300][3224][19180][debug][gc,phases] GC(37)       Merged Cards                   Min: 8, Avg:  9.0, Max: 16, Diff: 8, Sum: 72, Workers: 8
[2025-06-17T22:38:19.690+0300][3224][19180][debug][gc,phases] GC(37)     Log Buffers (ms):              Min:  0.0, Avg:  0.0, Max:  0.0, Diff:  0.0, Sum:  0.0, Workers: 8
[2025-06-17T22:38:19.690+0300][3224][19180][debug][gc,phases] GC(37)       Dirty Cards:                   Min: 0, Avg:  1.5, Max: 4, Diff: 4, Sum: 12, Workers: 8
[2025-06-17T22:38:19.690+0300][3224][19180][debug][gc,phases] GC(37)       Skipped Cards:                 Min: 0, Avg:  0.0, Max: 0, Diff: 0, Sum: 0, Workers: 8
[2025-06-17T22:38:19.690+0300][3224][19180][info ][gc,phases] GC(37)   Evacuate Collection Set: 0.4ms
[2025-06-17T22:38:19.690+0300][3224][19180][debug][gc,phases] GC(37)     Ext Root Scanning (ms):        Min:  0.1, Avg:  0.1, Max:  0.2, Diff:  0.1, Sum:  0.7, Workers: 8
[2025-06-17T22:38:19.690+0300][3224][19180][debug][gc,phases] GC(37)     Scan Heap Roots (ms):          Min:  0.0, Avg:  0.0, Max:  0.0, Diff:  0.0, Sum:  0.1, Workers: 8
[2025-06-17T22:38:19.690+0300][3224][19180][debug][gc,phases] GC(37)       Scanned Cards:                 Min: 0, Avg:  1.4, Max: 3, Diff: 3, Sum: 11, Workers: 8
[2025-06-17T22:38:19.690+0300][3224][19180][debug][gc,phases] GC(37)       Scanned Blocks:                Min: 0, Avg:  1.2, Max: 3, Diff: 3, Sum: 10, Workers: 8
[2025-06-17T22:38:19.690+0300][3224][19180][debug][gc,phases] GC(37)       Claimed Chunks:                Min: 0, Avg:  1.1, Max: 3, Diff: 3, Sum: 9, Workers: 8
[2025-06-17T22:38:19.690+0300][3224][19180][debug][gc,phases] GC(37)       Found Roots:                   Min: 0, Avg:  1.8, Max: 4, Diff: 4, Sum: 14, Workers: 8
[2025-06-17T22:38:19.690+0300][3224][19180][debug][gc,phases] GC(37)     Code Root Scan (ms):           Min:  0.1, Avg:  0.1, Max:  0.1, Diff:  0.0, Sum:  0.9, Workers: 8
[2025-06-17T22:38:19.690+0300][3224][19180][debug][gc,phases] GC(37)       Scanned Nmethods               Min: 0, Avg:  0.0, Max: 0, Diff: 0, Sum: 0, Workers: 8
[2025-06-17T22:38:19.690+0300][3224][19180][debug][gc,phases] GC(37)     Object Copy (ms):              Min:  0.0, Avg:  0.1, Max:  0.1, Diff:  0.1, Sum:  0.7, Workers: 8
[2025-06-17T22:38:19.690+0300][3224][19180][debug][gc,phases] GC(37)     Termination (ms):              Min:  0.0, Avg:  0.0, Max:  0.0, Diff:  0.0, Sum:  0.1, Workers: 8
[2025-06-17T22:38:19.690+0300][3224][19180][debug][gc,phases] GC(37)       Termination Attempts:          Min: 1, Avg:  1.0, Max: 1, Diff: 0, Sum: 8, Workers: 8
[2025-06-17T22:38:19.690+0300][3224][19180][debug][gc,phases] GC(37)     GC Worker Other (ms):          Min:  0.1, Avg:  0.1, Max:  0.1, Diff:  0.0, Sum:  0.9, Workers: 8
[2025-06-17T22:38:19.690+0300][3224][19180][debug][gc,phases] GC(37)     GC Worker Total (ms):          Min:  0.4, Avg:  0.4, Max:  0.4, Diff:  0.0, Sum:  3.2, Workers: 8
[2025-06-17T22:38:19.690+0300][3224][19180][info ][gc,phases] GC(37)   Post Evacuate Collection Set: 0.7ms
[2025-06-17T22:38:19.690+0300][3224][19180][debug][gc,phases] GC(37)     NMethod List Cleanup: 0.0ms
[2025-06-17T22:38:19.690+0300][3224][19180][debug][gc,phases] GC(37)     Reference Processing: 0.1ms
[2025-06-17T22:38:19.690+0300][3224][19180][debug][gc,phases] GC(37)     Weak Processing: 0.1ms
[2025-06-17T22:38:19.690+0300][3224][19180][debug][gc,phases] GC(37)       VM Weak                        Min:  0.0, Avg:  0.0, Max:  0.0, Diff:  0.0, Sum:  0.0, Workers: 8
[2025-06-17T22:38:19.690+0300][3224][19180][debug][gc,phases] GC(37)         Dead                           Min: 0, Avg:  0.0, Max: 0, Diff: 0, Sum: 0, Workers: 8
[2025-06-17T22:38:19.690+0300][3224][19180][debug][gc,phases] GC(37)         Total                          Min: 0, Avg: 15.4, Max: 82, Diff: 82, Sum: 123, Workers: 8
[2025-06-17T22:38:19.690+0300][3224][19180][debug][gc,phases] GC(37)       ObjectSynchronizer Weak        Min:  0.0, Avg:  0.0, Max:  0.0, Diff:  0.0, Sum:  0.0, Workers: 8
[2025-06-17T22:38:19.690+0300][3224][19180][debug][gc,phases] GC(37)         Dead                           Min: 0, Avg:  0.0, Max: 0, Diff: 0, Sum: 0, Workers: 8
[2025-06-17T22:38:19.690+0300][3224][19180][debug][gc,phases] GC(37)         Total                          Min: 0, Avg: 18.6, Max: 64, Diff: 64, Sum: 149, Workers: 8
[2025-06-17T22:38:19.690+0300][3224][19180][debug][gc,phases] GC(37)       JVMTI Tag Weak OopStorage      Min:  0.0, Avg:  0.0, Max:  0.0, Diff:  0.0, Sum:  0.0, Workers: 8
[2025-06-17T22:38:19.690+0300][3224][19180][debug][gc,phases] GC(37)         Dead                           Min: 0, Avg:  0.0, Max: 0, Diff: 0, Sum: 0, Workers: 8
[2025-06-17T22:38:19.690+0300][3224][19180][debug][gc,phases] GC(37)         Total                          Min: 0, Avg:  0.0, Max: 0, Diff: 0, Sum: 0, Workers: 8
[2025-06-17T22:38:19.690+0300][3224][19180][debug][gc,phases] GC(37)       StringTable Weak               Min:  0.0, Avg:  0.0, Max:  0.0, Diff:  0.0, Sum:  0.1, Workers: 8
[2025-06-17T22:38:19.690+0300][3224][19180][debug][gc,phases] GC(37)         Dead                           Min: 0, Avg:  0.0, Max: 0, Diff: 0, Sum: 0, Workers: 8
[2025-06-17T22:38:19.690+0300][3224][19180][debug][gc,phases] GC(37)         Total                          Min: 640, Avg: 778.8, Max: 960, Diff: 320, Sum: 6230, Workers: 8
[2025-06-17T22:38:19.690+0300][3224][19180][debug][gc,phases] GC(37)       ResolvedMethodTable Weak       Min:  0.0, Avg:  0.0, Max:  0.0, Diff:  0.0, Sum:  0.0, Workers: 8
[2025-06-17T22:38:19.690+0300][3224][19180][debug][gc,phases] GC(37)         Dead                           Min: 0, Avg:  0.0, Max: 0, Diff: 0, Sum: 0, Workers: 8
[2025-06-17T22:38:19.690+0300][3224][19180][debug][gc,phases] GC(37)         Total                          Min: 64, Avg: 111.8, Max: 128, Diff: 64, Sum: 894, Workers: 8
[2025-06-17T22:38:19.690+0300][3224][19180][debug][gc,phases] GC(37)       JNI Weak                       Min:  0.0, Avg:  0.0, Max:  0.0, Diff:  0.0, Sum:  0.0, Workers: 8
[2025-06-17T22:38:19.690+0300][3224][19180][debug][gc,phases] GC(37)         Dead                           Min: 0, Avg:  0.0, Max: 0, Diff: 0, Sum: 0, Workers: 8
[2025-06-17T22:38:19.690+0300][3224][19180][debug][gc,phases] GC(37)         Total                          Min: 0, Avg:  0.0, Max: 0, Diff: 0, Sum: 0, Workers: 8
[2025-06-17T22:38:19.690+0300][3224][19180][debug][gc,phases] GC(37)       StringDedup Table Weak         Min:  0.0, Avg:  0.0, Max:  0.0, Diff:  0.0, Sum:  0.0, Workers: 8
[2025-06-17T22:38:19.690+0300][3224][19180][debug][gc,phases] GC(37)         Dead                           Min: 0, Avg:  0.0, Max: 0, Diff: 0, Sum: 0, Workers: 8
[2025-06-17T22:38:19.690+0300][3224][19180][debug][gc,phases] GC(37)         Total                          Min: 0, Avg:  0.0, Max: 0, Diff: 0, Sum: 0, Workers: 8
[2025-06-17T22:38:19.690+0300][3224][19180][debug][gc,phases] GC(37)       StringDedup Requests0 Weak     Min:  0.0, Avg:  0.0, Max:  0.0, Diff:  0.0, Sum:  0.0, Workers: 8
[2025-06-17T22:38:19.690+0300][3224][19180][debug][gc,phases] GC(37)         Dead                           Min: 0, Avg:  0.0, Max: 0, Diff: 0, Sum: 0, Workers: 8
[2025-06-17T22:38:19.690+0300][3224][19180][debug][gc,phases] GC(37)         Total                          Min: 0, Avg:  0.0, Max: 0, Diff: 0, Sum: 0, Workers: 8
[2025-06-17T22:38:19.690+0300][3224][19180][debug][gc,phases] GC(37)       StringDedup Requests1 Weak     Min:  0.0, Avg:  0.0, Max:  0.0, Diff:  0.0, Sum:  0.0, Workers: 8
[2025-06-17T22:38:19.690+0300][3224][19180][debug][gc,phases] GC(37)         Dead                           Min: 0, Avg:  0.0, Max: 0, Diff: 0, Sum: 0, Workers: 8
[2025-06-17T22:38:19.690+0300][3224][19180][debug][gc,phases] GC(37)         Total                          Min: 0, Avg:  0.0, Max: 0, Diff: 0, Sum: 0, Workers: 8
[2025-06-17T22:38:19.690+0300][3224][19180][debug][gc,phases] GC(37)       Weak JFR Old Object Samples    Min:  0.0, Avg:  0.0, Max:  0.0, Diff:  0.0, Sum:  0.0, Workers: 8
[2025-06-17T22:38:19.690+0300][3224][19180][debug][gc,phases] GC(37)         Dead                           Min: 0, Avg:  0.0, Max: 0, Diff: 0, Sum: 0, Workers: 8
[2025-06-17T22:38:19.690+0300][3224][19180][debug][gc,phases] GC(37)         Total                          Min: 0, Avg:  0.0, Max: 0, Diff: 0, Sum: 0, Workers: 8
[2025-06-17T22:38:19.690+0300][3224][19180][debug][gc,phases] GC(37)     Post Evacuate Cleanup 1: 0.2ms
[2025-06-17T22:38:19.690+0300][3224][19180][debug][gc,phases] GC(37)       Merge Per-Thread State (ms):   Min:  0.1, Avg:  0.1, Max:  0.1, Diff:  0.0, Sum:  0.1, Workers: 1
[2025-06-17T22:38:19.690+0300][3224][19180][debug][gc,phases] GC(37)         Copied Bytes                   Min: 9688, Avg: 82139.0, Max: 133096, Diff: 123408, Sum: 657112, Workers: 8
[2025-06-17T22:38:19.690+0300][3224][19180][debug][gc,phases] GC(37)         LAB Waste                      Min: 0, Avg: 184.0, Max: 320, Diff: 320, Sum: 1472, Workers: 8
[2025-06-17T22:38:19.690+0300][3224][19180][debug][gc,phases] GC(37)         LAB Undo Waste                 Min: 0, Avg:  0.0, Max: 0, Diff: 0, Sum: 0, Workers: 8
[2025-06-17T22:38:19.690+0300][3224][19180][debug][gc,phases] GC(37)       Clear Logged Cards (ms):       Min:  0.0, Avg:  0.1, Max:  0.2, Diff:  0.2, Sum:  0.4, Workers: 5
[2025-06-17T22:38:19.690+0300][3224][19180][debug][gc,phases] GC(37)       Recalculate Used Memory (ms):  Min:  0.0, Avg:  0.0, Max:  0.0, Diff:  0.0, Sum:  0.0, Workers: 1
[2025-06-17T22:38:19.690+0300][3224][19180][debug][gc,phases] GC(37)     Post Evacuate Cleanup 2: 0.3ms
[2025-06-17T22:38:19.690+0300][3224][19180][debug][gc,phases] GC(37)       Update Derived Pointers (ms):  Min:  0.0, Avg:  0.0, Max:  0.0, Diff:  0.0, Sum:  0.0, Workers: 1
[2025-06-17T22:38:19.690+0300][3224][19180][debug][gc,phases] GC(37)       Eagerly Reclaim Humongous Objects (ms): Min:  0.0, Avg:  0.0, Max:  0.0, Diff:  0.0, Sum:  0.0, Workers: 1
[2025-06-17T22:38:19.690+0300][3224][19180][debug][gc,phases] GC(37)         Humongous Total                Min: 6, Avg:  6.0, Max: 6, Diff: 0, Sum: 6, Workers: 1
[2025-06-17T22:38:19.690+0300][3224][19180][debug][gc,phases] GC(37)         Humongous Candidates           Min: 3, Avg:  3.0, Max: 3, Diff: 0, Sum: 3, Workers: 1
[2025-06-17T22:38:19.690+0300][3224][19180][debug][gc,phases] GC(37)         Humongous Reclaimed            Min: 0, Avg:  0.0, Max: 0, Diff: 0, Sum: 0, Workers: 1
[2025-06-17T22:38:19.690+0300][3224][19180][debug][gc,phases] GC(37)       Redirty Logged Cards (ms):     Min:  0.0, Avg:  0.0, Max:  0.0, Diff:  0.0, Sum:  0.0, Workers: 8
[2025-06-17T22:38:19.690+0300][3224][19180][debug][gc,phases] GC(37)         Redirtied Cards:               Min: 0, Avg:  1.5, Max: 12, Diff: 12, Sum: 12, Workers: 8
[2025-06-17T22:38:19.690+0300][3224][19180][debug][gc,phases] GC(37)       Resize TLABs (ms):             Min:  0.0, Avg:  0.0, Max:  0.0, Diff:  0.0, Sum:  0.0, Workers: 8
[2025-06-17T22:38:19.690+0300][3224][19180][debug][gc,phases] GC(37)       Free Collection Set (ms):      Min:  0.2, Avg:  0.2, Max:  0.2, Diff:  0.0, Sum:  1.7, Workers: 8
[2025-06-17T22:38:19.690+0300][3224][19180][debug][gc,phases] GC(37)     Rebuild Free List: 0.1ms
[2025-06-17T22:38:19.690+0300][3224][19180][debug][gc,phases] GC(37)     Prepare For Mutator: 0.0ms
[2025-06-17T22:38:19.690+0300][3224][19180][debug][gc,phases] GC(37)     Expand Heap After Collection: 0.0ms
[2025-06-17T22:38:19.690+0300][3224][19180][info ][gc,phases] GC(37)   Other: 0.1ms
[2025-06-17T22:38:19.690+0300][3224][19180][info ][gc,heap  ] GC(37) Eden regions: 1227->0(1227)
[2025-06-17T22:38:19.690+0300][3224][19180][info ][gc,heap  ] GC(37) Survivor regions: 1->1(154)
[2025-06-17T22:38:19.690+0300][3224][19180][info ][gc,heap  ] GC(37) Old regions: 10->10
[2025-06-17T22:38:19.690+0300][3224][19180][info ][gc,heap  ] GC(37) Humongous regions: 18->18
[2025-06-17T22:38:19.690+0300][3224][19180][debug][gc,heap  ] GC(37) Heap after GC invocations=38 (full 2):
[2025-06-17T22:38:19.690+0300][3224][19180][debug][gc,heap  ] GC(37)  garbage-first heap   total 2097152K, used 22850K [0x0000000080000000, 0x0000000100000000)
[2025-06-17T22:38:19.690+0300][3224][19180][debug][gc,heap  ] GC(37)   region size 1024K, 1 young (1024K), 1 survivors (1024K)
[2025-06-17T22:38:19.690+0300][3224][19180][debug][gc,heap  ] GC(37)  Metaspace       used 8733K, committed 9792K, reserved 1114112K
[2025-06-17T22:38:19.690+0300][3224][19180][debug][gc,heap  ] GC(37)   class space    used 874K, committed 1280K, reserved 1048576K
[2025-06-17T22:38:19.690+0300][3224][19180][info ][gc       ] GC(37) Pause Young (Normal) (G1 Evacuation Pause) 1249M->22M(2048M) 3.623ms
[2025-06-17T22:38:19.690+0300][3224][19180][info ][safepoint] Safepoint "G1CollectForAllocation", Time since last: 408626500 ns, Reaching safepoint: 339800 ns, Cleanup: 13500 ns, At safepoint: 3685400 ns, Total: 4038700 ns
[2025-06-17T22:38:20.102+0300][3224][19180][debug][safepoint] Safepoint synchronization initiated using striped semaphore wait barrier. (19 threads)
[2025-06-17T22:38:20.102+0300][3224][18008][debug][safepoint] ... found polling page loop exception at pc = 0x00000275901bda60, stub =0x000002758fbb5d80
[2025-06-17T22:38:20.102+0300][3224][12336][debug][safepoint] ... found polling page loop exception at pc = 0x00000275901bda60, stub =0x000002758fbb5d80
[2025-06-17T22:38:20.102+0300][3224][10112][debug][safepoint] ... found polling page loop exception at pc = 0x00000275901bda60, stub =0x000002758fbb5d80
[2025-06-17T22:38:20.102+0300][3224][20700][debug][safepoint] ... found polling page loop exception at pc = 0x00000275901bda60, stub =0x000002758fbb5d80
[2025-06-17T22:38:20.102+0300][3224][7824 ][debug][safepoint] ... found polling page loop exception at pc = 0x00000275901bda60, stub =0x000002758fbb5d80
[2025-06-17T22:38:20.102+0300][3224][20616][debug][safepoint] ... found polling page loop exception at pc = 0x00000275901bda60, stub =0x000002758fbb5d80
[2025-06-17T22:38:20.102+0300][3224][2056 ][debug][safepoint] ... found polling page loop exception at pc = 0x000002759026d74b, stub =0x000002758fbb5d80
[2025-06-17T22:38:20.102+0300][3224][19180][debug][gc,heap  ] GC(38) Heap before GC invocations=38 (full 2):
[2025-06-17T22:38:20.102+0300][3224][19180][debug][gc,heap  ] GC(38)  garbage-first heap   total 2097152K, used 1279298K [0x0000000080000000, 0x0000000100000000)
[2025-06-17T22:38:20.102+0300][3224][19180][debug][gc,heap  ] GC(38)   region size 1024K, 1228 young (1257472K), 1 survivors (1024K)
[2025-06-17T22:38:20.102+0300][3224][19180][debug][gc,heap  ] GC(38)  Metaspace       used 8733K, committed 9792K, reserved 1114112K
[2025-06-17T22:38:20.102+0300][3224][19180][debug][gc,heap  ] GC(38)   class space    used 874K, committed 1280K, reserved 1048576K
[2025-06-17T22:38:20.102+0300][3224][19180][info ][gc,phases] GC(38)   Pre Evacuate Collection Set: 0.4ms
[2025-06-17T22:38:20.102+0300][3224][19180][debug][gc,phases] GC(38)     Pre Evacuate Prepare: 0.1ms
[2025-06-17T22:38:20.102+0300][3224][19180][debug][gc,phases] GC(38)       JT Retire TLABs And Flush Logs (ms): Min:  0.0, Avg:  0.0, Max:  0.0, Diff:  0.0, Sum:  0.0, Workers: 2
[2025-06-17T22:38:20.102+0300][3224][19180][debug][gc,phases] GC(38)       Non-JT Flush Logs (ms):        Min:  0.0, Avg:  0.0, Max:  0.0, Diff:  0.0, Sum:  0.0, Workers: 1
[2025-06-17T22:38:20.102+0300][3224][19180][debug][gc,phases] GC(38)     Choose Collection Set: 0.0ms
[2025-06-17T22:38:20.102+0300][3224][19180][debug][gc,phases] GC(38)     Region Register: 0.3ms
[2025-06-17T22:38:20.102+0300][3224][19180][debug][gc,phases] GC(38)     Prepare Heap Roots: 0.0ms
[2025-06-17T22:38:20.102+0300][3224][19180][info ][gc,phases] GC(38)   Merge Heap Roots: 0.2ms
[2025-06-17T22:38:20.102+0300][3224][19180][debug][gc,phases] GC(38)     Prepare Merge Heap Roots: 0.0ms
[2025-06-17T22:38:20.102+0300][3224][19180][debug][gc,phases] GC(38)     Remembered Sets (ms):          Min:  0.1, Avg:  0.1, Max:  0.1, Diff:  0.0, Sum:  1.1, Workers: 8
[2025-06-17T22:38:20.102+0300][3224][19180][debug][gc,phases] GC(38)       Eager Reclaim (ms):            Min:  0.0, Avg:  0.0, Max:  0.0, Diff:  0.0, Sum:  0.0, Workers: 1
[2025-06-17T22:38:20.102+0300][3224][19180][debug][gc,phases] GC(38)       Merged Inline                  Min: 0, Avg:  0.0, Max: 0, Diff: 0, Sum: 0, Workers: 8
[2025-06-17T22:38:20.102+0300][3224][19180][debug][gc,phases] GC(38)       Merged ArrayOfCards            Min: 0, Avg:  0.0, Max: 0, Diff: 0, Sum: 0, Workers: 8
[2025-06-17T22:38:20.102+0300][3224][19180][debug][gc,phases] GC(38)       Merged Howl                    Min: 0, Avg:  0.0, Max: 0, Diff: 0, Sum: 0, Workers: 8
[2025-06-17T22:38:20.102+0300][3224][19180][debug][gc,phases] GC(38)       Merged Full                    Min: 0, Avg:  0.0, Max: 0, Diff: 0, Sum: 0, Workers: 8
[2025-06-17T22:38:20.102+0300][3224][19180][debug][gc,phases] GC(38)       Merged Howl Inline             Min: 0, Avg:  0.0, Max: 0, Diff: 0, Sum: 0, Workers: 8
[2025-06-17T22:38:20.102+0300][3224][19180][debug][gc,phases] GC(38)       Merged Howl ArrayOfCards       Min: 0, Avg:  0.0, Max: 0, Diff: 0, Sum: 0, Workers: 8
[2025-06-17T22:38:20.102+0300][3224][19180][debug][gc,phases] GC(38)       Merged Howl BitMap             Min: 0, Avg:  0.0, Max: 0, Diff: 0, Sum: 0, Workers: 8
[2025-06-17T22:38:20.102+0300][3224][19180][debug][gc,phases] GC(38)       Merged Howl Full               Min: 0, Avg:  0.0, Max: 0, Diff: 0, Sum: 0, Workers: 8
[2025-06-17T22:38:20.102+0300][3224][19180][debug][gc,phases] GC(38)       Merged Cards                   Min: 8, Avg:  9.0, Max: 16, Diff: 8, Sum: 72, Workers: 8
[2025-06-17T22:38:20.102+0300][3224][19180][debug][gc,phases] GC(38)     Log Buffers (ms):              Min:  0.0, Avg:  0.0, Max:  0.0, Diff:  0.0, Sum:  0.0, Workers: 8
[2025-06-17T22:38:20.102+0300][3224][19180][debug][gc,phases] GC(38)       Dirty Cards:                   Min: 0, Avg:  1.5, Max: 5, Diff: 5, Sum: 12, Workers: 8
[2025-06-17T22:38:20.102+0300][3224][19180][debug][gc,phases] GC(38)       Skipped Cards:                 Min: 0, Avg:  0.0, Max: 0, Diff: 0, Sum: 0, Workers: 8
[2025-06-17T22:38:20.102+0300][3224][19180][info ][gc,phases] GC(38)   Evacuate Collection Set: 0.5ms
[2025-06-17T22:38:20.102+0300][3224][19180][debug][gc,phases] GC(38)     Ext Root Scanning (ms):        Min:  0.1, Avg:  0.1, Max:  0.1, Diff:  0.1, Sum:  0.6, Workers: 8
[2025-06-17T22:38:20.102+0300][3224][19180][debug][gc,phases] GC(38)     Scan Heap Roots (ms):          Min:  0.0, Avg:  0.0, Max:  0.0, Diff:  0.0, Sum:  0.1, Workers: 8
[2025-06-17T22:38:20.102+0300][3224][19180][debug][gc,phases] GC(38)       Scanned Cards:                 Min: 0, Avg:  1.4, Max: 4, Diff: 4, Sum: 11, Workers: 8
[2025-06-17T22:38:20.102+0300][3224][19180][debug][gc,phases] GC(38)       Scanned Blocks:                Min: 0, Avg:  1.2, Max: 3, Diff: 3, Sum: 10, Workers: 8
[2025-06-17T22:38:20.102+0300][3224][19180][debug][gc,phases] GC(38)       Claimed Chunks:                Min: 0, Avg:  1.1, Max: 3, Diff: 3, Sum: 9, Workers: 8
[2025-06-17T22:38:20.102+0300][3224][19180][debug][gc,phases] GC(38)       Found Roots:                   Min: 0, Avg:  1.4, Max: 5, Diff: 5, Sum: 11, Workers: 8
[2025-06-17T22:38:20.102+0300][3224][19180][debug][gc,phases] GC(38)     Code Root Scan (ms):           Min:  0.1, Avg:  0.1, Max:  0.1, Diff:  0.0, Sum:  1.0, Workers: 8
[2025-06-17T22:38:20.102+0300][3224][19180][debug][gc,phases] GC(38)       Scanned Nmethods               Min: 0, Avg:  0.0, Max: 0, Diff: 0, Sum: 0, Workers: 8
[2025-06-17T22:38:20.102+0300][3224][19180][debug][gc,phases] GC(38)     Object Copy (ms):              Min:  0.1, Avg:  0.1, Max:  0.1, Diff:  0.0, Sum:  0.8, Workers: 8
[2025-06-17T22:38:20.102+0300][3224][19180][debug][gc,phases] GC(38)     Termination (ms):              Min:  0.0, Avg:  0.0, Max:  0.0, Diff:  0.0, Sum:  0.1, Workers: 8
[2025-06-17T22:38:20.102+0300][3224][19180][debug][gc,phases] GC(38)       Termination Attempts:          Min: 1, Avg:  1.0, Max: 1, Diff: 0, Sum: 8, Workers: 8
[2025-06-17T22:38:20.102+0300][3224][19180][debug][gc,phases] GC(38)     GC Worker Other (ms):          Min:  0.1, Avg:  0.1, Max:  0.1, Diff:  0.0, Sum:  1.0, Workers: 8
[2025-06-17T22:38:20.102+0300][3224][19180][debug][gc,phases] GC(38)     GC Worker Total (ms):          Min:  0.4, Avg:  0.5, Max:  0.5, Diff:  0.0, Sum:  3.6, Workers: 8
[2025-06-17T22:38:20.102+0300][3224][19180][info ][gc,phases] GC(38)   Post Evacuate Collection Set: 1.0ms
[2025-06-17T22:38:20.102+0300][3224][19180][debug][gc,phases] GC(38)     NMethod List Cleanup: 0.0ms
[2025-06-17T22:38:20.102+0300][3224][19180][debug][gc,phases] GC(38)     Reference Processing: 0.1ms
[2025-06-17T22:38:20.102+0300][3224][19180][debug][gc,phases] GC(38)     Weak Processing: 0.1ms
[2025-06-17T22:38:20.102+0300][3224][19180][debug][gc,phases] GC(38)       VM Weak                        Min:  0.0, Avg:  0.0, Max:  0.0, Diff:  0.0, Sum:  0.0, Workers: 8
[2025-06-17T22:38:20.102+0300][3224][19180][debug][gc,phases] GC(38)         Dead                           Min: 0, Avg:  0.0, Max: 0, Diff: 0, Sum: 0, Workers: 8
[2025-06-17T22:38:20.102+0300][3224][19180][debug][gc,phases] GC(38)         Total                          Min: 0, Avg: 15.4, Max: 123, Diff: 123, Sum: 123, Workers: 8
[2025-06-17T22:38:20.102+0300][3224][19180][debug][gc,phases] GC(38)       ObjectSynchronizer Weak        Min:  0.0, Avg:  0.0, Max:  0.0, Diff:  0.0, Sum:  0.0, Workers: 8
[2025-06-17T22:38:20.102+0300][3224][19180][debug][gc,phases] GC(38)         Dead                           Min: 0, Avg:  0.0, Max: 0, Diff: 0, Sum: 0, Workers: 8
[2025-06-17T22:38:20.102+0300][3224][19180][debug][gc,phases] GC(38)         Total                          Min: 0, Avg: 18.6, Max: 128, Diff: 128, Sum: 149, Workers: 8
[2025-06-17T22:38:20.102+0300][3224][19180][debug][gc,phases] GC(38)       JVMTI Tag Weak OopStorage      Min:  0.0, Avg:  0.0, Max:  0.0, Diff:  0.0, Sum:  0.0, Workers: 8
[2025-06-17T22:38:20.102+0300][3224][19180][debug][gc,phases] GC(38)         Dead                           Min: 0, Avg:  0.0, Max: 0, Diff: 0, Sum: 0, Workers: 8
[2025-06-17T22:38:20.102+0300][3224][19180][debug][gc,phases] GC(38)         Total                          Min: 0, Avg:  0.0, Max: 0, Diff: 0, Sum: 0, Workers: 8
[2025-06-17T22:38:20.102+0300][3224][19180][debug][gc,phases] GC(38)       StringTable Weak               Min:  0.0, Avg:  0.0, Max:  0.0, Diff:  0.0, Sum:  0.1, Workers: 8
[2025-06-17T22:38:20.102+0300][3224][19180][debug][gc,phases] GC(38)         Dead                           Min: 0, Avg:  0.0, Max: 0, Diff: 0, Sum: 0, Workers: 8
[2025-06-17T22:38:20.102+0300][3224][19180][debug][gc,phases] GC(38)         Total                          Min: 0, Avg: 778.8, Max: 960, Diff: 960, Sum: 6230, Workers: 8
[2025-06-17T22:38:20.102+0300][3224][19180][debug][gc,phases] GC(38)       ResolvedMethodTable Weak       Min:  0.0, Avg:  0.0, Max:  0.0, Diff:  0.0, Sum:  0.0, Workers: 8
[2025-06-17T22:38:20.102+0300][3224][19180][debug][gc,phases] GC(38)         Dead                           Min: 0, Avg:  0.0, Max: 0, Diff: 0, Sum: 0, Workers: 8
[2025-06-17T22:38:20.102+0300][3224][19180][debug][gc,phases] GC(38)         Total                          Min: 0, Avg: 111.8, Max: 191, Diff: 191, Sum: 894, Workers: 8
[2025-06-17T22:38:20.102+0300][3224][19180][debug][gc,phases] GC(38)       JNI Weak                       Min:  0.0, Avg:  0.0, Max:  0.0, Diff:  0.0, Sum:  0.0, Workers: 8
[2025-06-17T22:38:20.102+0300][3224][19180][debug][gc,phases] GC(38)         Dead                           Min: 0, Avg:  0.0, Max: 0, Diff: 0, Sum: 0, Workers: 8
[2025-06-17T22:38:20.102+0300][3224][19180][debug][gc,phases] GC(38)         Total                          Min: 0, Avg:  0.0, Max: 0, Diff: 0, Sum: 0, Workers: 8
[2025-06-17T22:38:20.102+0300][3224][19180][debug][gc,phases] GC(38)       StringDedup Table Weak         Min:  0.0, Avg:  0.0, Max:  0.0, Diff:  0.0, Sum:  0.0, Workers: 8
[2025-06-17T22:38:20.102+0300][3224][19180][debug][gc,phases] GC(38)         Dead                           Min: 0, Avg:  0.0, Max: 0, Diff: 0, Sum: 0, Workers: 8
[2025-06-17T22:38:20.102+0300][3224][19180][debug][gc,phases] GC(38)         Total                          Min: 0, Avg:  0.0, Max: 0, Diff: 0, Sum: 0, Workers: 8
[2025-06-17T22:38:20.102+0300][3224][19180][debug][gc,phases] GC(38)       StringDedup Requests0 Weak     Min:  0.0, Avg:  0.0, Max:  0.0, Diff:  0.0, Sum:  0.0, Workers: 8
[2025-06-17T22:38:20.102+0300][3224][19180][debug][gc,phases] GC(38)         Dead                           Min: 0, Avg:  0.0, Max: 0, Diff: 0, Sum: 0, Workers: 8
[2025-06-17T22:38:20.102+0300][3224][19180][debug][gc,phases] GC(38)         Total                          Min: 0, Avg:  0.0, Max: 0, Diff: 0, Sum: 0, Workers: 8
[2025-06-17T22:38:20.102+0300][3224][19180][debug][gc,phases] GC(38)       StringDedup Requests1 Weak     Min:  0.0, Avg:  0.0, Max:  0.0, Diff:  0.0, Sum:  0.0, Workers: 8
[2025-06-17T22:38:20.102+0300][3224][19180][debug][gc,phases] GC(38)         Dead                           Min: 0, Avg:  0.0, Max: 0, Diff: 0, Sum: 0, Workers: 8
[2025-06-17T22:38:20.102+0300][3224][19180][debug][gc,phases] GC(38)         Total                          Min: 0, Avg:  0.0, Max: 0, Diff: 0, Sum: 0, Workers: 8
[2025-06-17T22:38:20.102+0300][3224][19180][debug][gc,phases] GC(38)       Weak JFR Old Object Samples    Min:  0.0, Avg:  0.0, Max:  0.0, Diff:  0.0, Sum:  0.0, Workers: 8
[2025-06-17T22:38:20.102+0300][3224][19180][debug][gc,phases] GC(38)         Dead                           Min: 0, Avg:  0.0, Max: 0, Diff: 0, Sum: 0, Workers: 8
[2025-06-17T22:38:20.102+0300][3224][19180][debug][gc,phases] GC(38)         Total                          Min: 0, Avg:  0.0, Max: 0, Diff: 0, Sum: 0, Workers: 8
[2025-06-17T22:38:20.102+0300][3224][19180][debug][gc,phases] GC(38)     Post Evacuate Cleanup 1: 0.4ms
[2025-06-17T22:38:20.102+0300][3224][19180][debug][gc,phases] GC(38)       Merge Per-Thread State (ms):   Min:  0.0, Avg:  0.0, Max:  0.0, Diff:  0.0, Sum:  0.0, Workers: 1
[2025-06-17T22:38:20.102+0300][3224][19180][debug][gc,phases] GC(38)         Copied Bytes                   Min: 68552, Avg: 90834.0, Max: 115776, Diff: 47224, Sum: 726672, Workers: 8
[2025-06-17T22:38:20.102+0300][3224][19180][debug][gc,phases] GC(38)         LAB Waste                      Min: 88, Avg: 161.0, Max: 336, Diff: 248, Sum: 1288, Workers: 8
[2025-06-17T22:38:20.102+0300][3224][19180][debug][gc,phases] GC(38)         LAB Undo Waste                 Min: 0, Avg:  0.0, Max: 0, Diff: 0, Sum: 0, Workers: 8
[2025-06-17T22:38:20.102+0300][3224][19180][debug][gc,phases] GC(38)       Clear Logged Cards (ms):       Min:  0.0, Avg:  0.1, Max:  0.3, Diff:  0.3, Sum:  0.7, Workers: 5
[2025-06-17T22:38:20.102+0300][3224][19180][debug][gc,phases] GC(38)       Recalculate Used Memory (ms):  Min:  0.0, Avg:  0.0, Max:  0.0, Diff:  0.0, Sum:  0.0, Workers: 1
[2025-06-17T22:38:20.102+0300][3224][19180][debug][gc,phases] GC(38)     Post Evacuate Cleanup 2: 0.4ms
[2025-06-17T22:38:20.102+0300][3224][19180][debug][gc,phases] GC(38)       Update Derived Pointers (ms):  Min:  0.0, Avg:  0.0, Max:  0.0, Diff:  0.0, Sum:  0.0, Workers: 1
[2025-06-17T22:38:20.102+0300][3224][19180][debug][gc,phases] GC(38)       Eagerly Reclaim Humongous Objects (ms): Min:  0.0, Avg:  0.0, Max:  0.0, Diff:  0.0, Sum:  0.0, Workers: 1
[2025-06-17T22:38:20.102+0300][3224][19180][debug][gc,phases] GC(38)         Humongous Total                Min: 6, Avg:  6.0, Max: 6, Diff: 0, Sum: 6, Workers: 1
[2025-06-17T22:38:20.102+0300][3224][19180][debug][gc,phases] GC(38)         Humongous Candidates           Min: 3, Avg:  3.0, Max: 3, Diff: 0, Sum: 3, Workers: 1
[2025-06-17T22:38:20.102+0300][3224][19180][debug][gc,phases] GC(38)         Humongous Reclaimed            Min: 0, Avg:  0.0, Max: 0, Diff: 0, Sum: 0, Workers: 1
[2025-06-17T22:38:20.102+0300][3224][19180][debug][gc,phases] GC(38)       Redirty Logged Cards (ms):     Min:  0.0, Avg:  0.0, Max:  0.0, Diff:  0.0, Sum:  0.0, Workers: 8
[2025-06-17T22:38:20.102+0300][3224][19180][debug][gc,phases] GC(38)         Redirtied Cards:               Min: 0, Avg:  3.0, Max: 14, Diff: 14, Sum: 24, Workers: 8
[2025-06-17T22:38:20.102+0300][3224][19180][debug][gc,phases] GC(38)       Resize TLABs (ms):             Min:  0.0, Avg:  0.0, Max:  0.0, Diff:  0.0, Sum:  0.0, Workers: 8
[2025-06-17T22:38:20.102+0300][3224][19180][debug][gc,phases] GC(38)       Free Collection Set (ms):      Min:  0.0, Avg:  0.2, Max:  0.3, Diff:  0.3, Sum:  1.8, Workers: 8
[2025-06-17T22:38:20.102+0300][3224][19180][debug][gc,phases] GC(38)     Rebuild Free List: 0.1ms
[2025-06-17T22:38:20.102+0300][3224][19180][debug][gc,phases] GC(38)     Prepare For Mutator: 0.0ms
[2025-06-17T22:38:20.102+0300][3224][19180][debug][gc,phases] GC(38)     Expand Heap After Collection: 0.0ms
[2025-06-17T22:38:20.102+0300][3224][19180][info ][gc,phases] GC(38)   Other: 0.1ms
[2025-06-17T22:38:20.102+0300][3224][19180][info ][gc,heap  ] GC(38) Eden regions: 1227->0(1227)
[2025-06-17T22:38:20.102+0300][3224][19180][info ][gc,heap  ] GC(38) Survivor regions: 1->1(154)
[2025-06-17T22:38:20.102+0300][3224][19180][info ][gc,heap  ] GC(38) Old regions: 10->11
[2025-06-17T22:38:20.102+0300][3224][19180][info ][gc,heap  ] GC(38) Humongous regions: 18->18
[2025-06-17T22:38:20.102+0300][3224][19180][debug][gc,heap  ] GC(38) Heap after GC invocations=39 (full 2):
[2025-06-17T22:38:20.102+0300][3224][19180][debug][gc,heap  ] GC(38)  garbage-first heap   total 2097152K, used 22922K [0x0000000080000000, 0x0000000100000000)
[2025-06-17T22:38:20.102+0300][3224][19180][debug][gc,heap  ] GC(38)   region size 1024K, 1 young (1024K), 1 survivors (1024K)
[2025-06-17T22:38:20.102+0300][3224][19180][debug][gc,heap  ] GC(38)  Metaspace       used 8733K, committed 9792K, reserved 1114112K
[2025-06-17T22:38:20.102+0300][3224][19180][debug][gc,heap  ] GC(38)   class space    used 874K, committed 1280K, reserved 1048576K
[2025-06-17T22:38:20.102+0300][3224][19180][info ][gc       ] GC(38) Pause Young (Normal) (G1 Evacuation Pause) 1249M->22M(2048M) 4.951ms
[2025-06-17T22:38:20.102+0300][3224][19180][info ][safepoint] Safepoint "G1CollectForAllocation", Time since last: 406301400 ns, Reaching safepoint: 574400 ns, Cleanup: 8800 ns, At safepoint: 5041500 ns, Total: 5624700 ns
[2025-06-17T22:38:20.526+0300][3224][19180][debug][safepoint] Safepoint synchronization initiated using striped semaphore wait barrier. (19 threads)
[2025-06-17T22:38:20.526+0300][3224][20700][debug][safepoint] ... found polling page loop exception at pc = 0x00000275901bda60, stub =0x000002758fbb5d80
[2025-06-17T22:38:20.526+0300][3224][7824 ][debug][safepoint] ... found polling page loop exception at pc = 0x00000275901e2f8a, stub =0x000002758fbb6600
[2025-06-17T22:38:20.526+0300][3224][2056 ][debug][safepoint] ... found polling page loop exception at pc = 0x000002759015cab0, stub =0x000002758fbb5d80
[2025-06-17T22:38:20.526+0300][3224][10112][debug][safepoint] ... found polling page loop exception at pc = 0x000002759015cc07, stub =0x000002758fbb5d80
[2025-06-17T22:38:20.526+0300][3224][12336][debug][safepoint] ... found polling page loop exception at pc = 0x00000275901bda60, stub =0x000002758fbb5d80
[2025-06-17T22:38:20.526+0300][3224][19180][debug][gc,heap  ] GC(39) Heap before GC invocations=39 (full 2):
[2025-06-17T22:38:20.526+0300][3224][19180][debug][gc,heap  ] GC(39)  garbage-first heap   total 2097152K, used 1279370K [0x0000000080000000, 0x0000000100000000)
[2025-06-17T22:38:20.526+0300][3224][19180][debug][gc,heap  ] GC(39)   region size 1024K, 1228 young (1257472K), 1 survivors (1024K)
[2025-06-17T22:38:20.526+0300][3224][19180][debug][gc,heap  ] GC(39)  Metaspace       used 8733K, committed 9792K, reserved 1114112K
[2025-06-17T22:38:20.526+0300][3224][19180][debug][gc,heap  ] GC(39)   class space    used 874K, committed 1280K, reserved 1048576K
[2025-06-17T22:38:20.526+0300][3224][19180][info ][gc,phases] GC(39)   Pre Evacuate Collection Set: 0.3ms
[2025-06-17T22:38:20.526+0300][3224][19180][debug][gc,phases] GC(39)     Pre Evacuate Prepare: 0.1ms
[2025-06-17T22:38:20.526+0300][3224][19180][debug][gc,phases] GC(39)       JT Retire TLABs And Flush Logs (ms): Min:  0.0, Avg:  0.0, Max:  0.0, Diff:  0.0, Sum:  0.0, Workers: 2
[2025-06-17T22:38:20.526+0300][3224][19180][debug][gc,phases] GC(39)       Non-JT Flush Logs (ms):        Min:  0.0, Avg:  0.0, Max:  0.0, Diff:  0.0, Sum:  0.0, Workers: 1
[2025-06-17T22:38:20.526+0300][3224][19180][debug][gc,phases] GC(39)     Choose Collection Set: 0.0ms
[2025-06-17T22:38:20.526+0300][3224][19180][debug][gc,phases] GC(39)     Region Register: 0.3ms
[2025-06-17T22:38:20.526+0300][3224][19180][debug][gc,phases] GC(39)     Prepare Heap Roots: 0.0ms
[2025-06-17T22:38:20.526+0300][3224][19180][info ][gc,phases] GC(39)   Merge Heap Roots: 0.2ms
[2025-06-17T22:38:20.526+0300][3224][19180][debug][gc,phases] GC(39)     Prepare Merge Heap Roots: 0.0ms
[2025-06-17T22:38:20.526+0300][3224][19180][debug][gc,phases] GC(39)     Remembered Sets (ms):          Min:  0.0, Avg:  0.1, Max:  0.2, Diff:  0.1, Sum:  1.1, Workers: 8
[2025-06-17T22:38:20.526+0300][3224][19180][debug][gc,phases] GC(39)       Eager Reclaim (ms):            Min:  0.0, Avg:  0.0, Max:  0.0, Diff:  0.0, Sum:  0.0, Workers: 1
[2025-06-17T22:38:20.526+0300][3224][19180][debug][gc,phases] GC(39)       Merged Inline                  Min: 0, Avg:  0.0, Max: 0, Diff: 0, Sum: 0, Workers: 8
[2025-06-17T22:38:20.526+0300][3224][19180][debug][gc,phases] GC(39)       Merged ArrayOfCards            Min: 0, Avg:  0.0, Max: 0, Diff: 0, Sum: 0, Workers: 8
[2025-06-17T22:38:20.526+0300][3224][19180][debug][gc,phases] GC(39)       Merged Howl                    Min: 0, Avg:  0.0, Max: 0, Diff: 0, Sum: 0, Workers: 8
[2025-06-17T22:38:20.526+0300][3224][19180][debug][gc,phases] GC(39)       Merged Full                    Min: 0, Avg:  0.0, Max: 0, Diff: 0, Sum: 0, Workers: 8
[2025-06-17T22:38:20.526+0300][3224][19180][debug][gc,phases] GC(39)       Merged Howl Inline             Min: 0, Avg:  0.0, Max: 0, Diff: 0, Sum: 0, Workers: 8
[2025-06-17T22:38:20.526+0300][3224][19180][debug][gc,phases] GC(39)       Merged Howl ArrayOfCards       Min: 0, Avg:  0.0, Max: 0, Diff: 0, Sum: 0, Workers: 8
[2025-06-17T22:38:20.526+0300][3224][19180][debug][gc,phases] GC(39)       Merged Howl BitMap             Min: 0, Avg:  0.0, Max: 0, Diff: 0, Sum: 0, Workers: 8
[2025-06-17T22:38:20.526+0300][3224][19180][debug][gc,phases] GC(39)       Merged Howl Full               Min: 0, Avg:  0.0, Max: 0, Diff: 0, Sum: 0, Workers: 8
[2025-06-17T22:38:20.526+0300][3224][19180][debug][gc,phases] GC(39)       Merged Cards                   Min: 8, Avg:  9.0, Max: 16, Diff: 8, Sum: 72, Workers: 8
[2025-06-17T22:38:20.526+0300][3224][19180][debug][gc,phases] GC(39)     Log Buffers (ms):              Min:  0.0, Avg:  0.0, Max:  0.0, Diff:  0.0, Sum:  0.0, Workers: 8
[2025-06-17T22:38:20.526+0300][3224][19180][debug][gc,phases] GC(39)       Dirty Cards:                   Min: 0, Avg:  3.4, Max: 15, Diff: 15, Sum: 27, Workers: 8
[2025-06-17T22:38:20.526+0300][3224][19180][debug][gc,phases] GC(39)       Skipped Cards:                 Min: 0, Avg:  0.0, Max: 0, Diff: 0, Sum: 0, Workers: 8
[2025-06-17T22:38:20.526+0300][3224][19180][info ][gc,phases] GC(39)   Evacuate Collection Set: 0.4ms
[2025-06-17T22:38:20.526+0300][3224][19180][debug][gc,phases] GC(39)     Ext Root Scanning (ms):        Min:  0.0, Avg:  0.1, Max:  0.1, Diff:  0.0, Sum:  0.4, Workers: 8
[2025-06-17T22:38:20.526+0300][3224][19180][debug][gc,phases] GC(39)     Scan Heap Roots (ms):          Min:  0.0, Avg:  0.0, Max:  0.0, Diff:  0.0, Sum:  0.1, Workers: 8
[2025-06-17T22:38:20.526+0300][3224][19180][debug][gc,phases] GC(39)       Scanned Cards:                 Min: 0, Avg:  2.4, Max: 7, Diff: 7, Sum: 19, Workers: 8
[2025-06-17T22:38:20.526+0300][3224][19180][debug][gc,phases] GC(39)       Scanned Blocks:                Min: 0, Avg:  1.8, Max: 5, Diff: 5, Sum: 14, Workers: 8
[2025-06-17T22:38:20.526+0300][3224][19180][debug][gc,phases] GC(39)       Claimed Chunks:                Min: 0, Avg:  1.4, Max: 3, Diff: 3, Sum: 11, Workers: 8
[2025-06-17T22:38:20.526+0300][3224][19180][debug][gc,phases] GC(39)       Found Roots:                   Min: 0, Avg: 15.4, Max: 47, Diff: 47, Sum: 123, Workers: 8
[2025-06-17T22:38:20.526+0300][3224][19180][debug][gc,phases] GC(39)     Code Root Scan (ms):           Min:  0.1, Avg:  0.1, Max:  0.1, Diff:  0.0, Sum:  0.9, Workers: 8
[2025-06-17T22:38:20.526+0300][3224][19180][debug][gc,phases] GC(39)       Scanned Nmethods               Min: 0, Avg:  0.0, Max: 0, Diff: 0, Sum: 0, Workers: 8
[2025-06-17T22:38:20.526+0300][3224][19180][debug][gc,phases] GC(39)     Object Copy (ms):              Min:  0.0, Avg:  0.1, Max:  0.1, Diff:  0.0, Sum:  0.5, Workers: 8
[2025-06-17T22:38:20.526+0300][3224][19180][debug][gc,phases] GC(39)     Termination (ms):              Min:  0.0, Avg:  0.0, Max:  0.0, Diff:  0.0, Sum:  0.1, Workers: 8
[2025-06-17T22:38:20.526+0300][3224][19180][debug][gc,phases] GC(39)       Termination Attempts:          Min: 1, Avg:  1.1, Max: 2, Diff: 1, Sum: 9, Workers: 8
[2025-06-17T22:38:20.526+0300][3224][19180][debug][gc,phases] GC(39)     GC Worker Other (ms):          Min:  0.1, Avg:  0.1, Max:  0.1, Diff:  0.0, Sum:  0.8, Workers: 8
[2025-06-17T22:38:20.526+0300][3224][19180][debug][gc,phases] GC(39)     GC Worker Total (ms):          Min:  0.3, Avg:  0.3, Max:  0.3, Diff:  0.0, Sum:  2.8, Workers: 8
[2025-06-17T22:38:20.526+0300][3224][19180][info ][gc,phases] GC(39)   Post Evacuate Collection Set: 0.7ms
[2025-06-17T22:38:20.526+0300][3224][19180][debug][gc,phases] GC(39)     NMethod List Cleanup: 0.0ms
[2025-06-17T22:38:20.526+0300][3224][19180][debug][gc,phases] GC(39)     Reference Processing: 0.1ms
[2025-06-17T22:38:20.526+0300][3224][19180][debug][gc,phases] GC(39)     Weak Processing: 0.1ms
[2025-06-17T22:38:20.526+0300][3224][19180][debug][gc,phases] GC(39)       VM Weak                        Min:  0.0, Avg:  0.0, Max:  0.0, Diff:  0.0, Sum:  0.0, Workers: 8
[2025-06-17T22:38:20.526+0300][3224][19180][debug][gc,phases] GC(39)         Dead                           Min: 0, Avg:  0.0, Max: 0, Diff: 0, Sum: 0, Workers: 8
[2025-06-17T22:38:20.526+0300][3224][19180][debug][gc,phases] GC(39)         Total                          Min: 0, Avg: 15.4, Max: 91, Diff: 91, Sum: 123, Workers: 8
[2025-06-17T22:38:20.526+0300][3224][19180][debug][gc,phases] GC(39)       ObjectSynchronizer Weak        Min:  0.0, Avg:  0.0, Max:  0.0, Diff:  0.0, Sum:  0.0, Workers: 8
[2025-06-17T22:38:20.526+0300][3224][19180][debug][gc,phases] GC(39)         Dead                           Min: 0, Avg:  0.0, Max: 0, Diff: 0, Sum: 0, Workers: 8
[2025-06-17T22:38:20.526+0300][3224][19180][debug][gc,phases] GC(39)         Total                          Min: 0, Avg: 18.6, Max: 85, Diff: 85, Sum: 149, Workers: 8
[2025-06-17T22:38:20.526+0300][3224][19180][debug][gc,phases] GC(39)       JVMTI Tag Weak OopStorage      Min:  0.0, Avg:  0.0, Max:  0.0, Diff:  0.0, Sum:  0.0, Workers: 8
[2025-06-17T22:38:20.526+0300][3224][19180][debug][gc,phases] GC(39)         Dead                           Min: 0, Avg:  0.0, Max: 0, Diff: 0, Sum: 0, Workers: 8
[2025-06-17T22:38:20.526+0300][3224][19180][debug][gc,phases] GC(39)         Total                          Min: 0, Avg:  0.0, Max: 0, Diff: 0, Sum: 0, Workers: 8
[2025-06-17T22:38:20.526+0300][3224][19180][debug][gc,phases] GC(39)       StringTable Weak               Min:  0.0, Avg:  0.0, Max:  0.0, Diff:  0.0, Sum:  0.1, Workers: 8
[2025-06-17T22:38:20.526+0300][3224][19180][debug][gc,phases] GC(39)         Dead                           Min: 0, Avg:  0.0, Max: 0, Diff: 0, Sum: 0, Workers: 8
[2025-06-17T22:38:20.526+0300][3224][19180][debug][gc,phases] GC(39)         Total                          Min: 598, Avg: 778.8, Max: 960, Diff: 362, Sum: 6230, Workers: 8
[2025-06-17T22:38:20.526+0300][3224][19180][debug][gc,phases] GC(39)       ResolvedMethodTable Weak       Min:  0.0, Avg:  0.0, Max:  0.0, Diff:  0.0, Sum:  0.0, Workers: 8
[2025-06-17T22:38:20.526+0300][3224][19180][debug][gc,phases] GC(39)         Dead                           Min: 0, Avg:  0.0, Max: 0, Diff: 0, Sum: 0, Workers: 8
[2025-06-17T22:38:20.526+0300][3224][19180][debug][gc,phases] GC(39)         Total                          Min: 64, Avg: 111.8, Max: 128, Diff: 64, Sum: 894, Workers: 8
[2025-06-17T22:38:20.526+0300][3224][19180][debug][gc,phases] GC(39)       JNI Weak                       Min:  0.0, Avg:  0.0, Max:  0.0, Diff:  0.0, Sum:  0.0, Workers: 8
[2025-06-17T22:38:20.526+0300][3224][19180][debug][gc,phases] GC(39)         Dead                           Min: 0, Avg:  0.0, Max: 0, Diff: 0, Sum: 0, Workers: 8
[2025-06-17T22:38:20.526+0300][3224][19180][debug][gc,phases] GC(39)         Total                          Min: 0, Avg:  0.0, Max: 0, Diff: 0, Sum: 0, Workers: 8
[2025-06-17T22:38:20.526+0300][3224][19180][debug][gc,phases] GC(39)       StringDedup Table Weak         Min:  0.0, Avg:  0.0, Max:  0.0, Diff:  0.0, Sum:  0.0, Workers: 8
[2025-06-17T22:38:20.526+0300][3224][19180][debug][gc,phases] GC(39)         Dead                           Min: 0, Avg:  0.0, Max: 0, Diff: 0, Sum: 0, Workers: 8
[2025-06-17T22:38:20.526+0300][3224][19180][debug][gc,phases] GC(39)         Total                          Min: 0, Avg:  0.0, Max: 0, Diff: 0, Sum: 0, Workers: 8
[2025-06-17T22:38:20.526+0300][3224][19180][debug][gc,phases] GC(39)       StringDedup Requests0 Weak     Min:  0.0, Avg:  0.0, Max:  0.0, Diff:  0.0, Sum:  0.0, Workers: 8
[2025-06-17T22:38:20.526+0300][3224][19180][debug][gc,phases] GC(39)         Dead                           Min: 0, Avg:  0.0, Max: 0, Diff: 0, Sum: 0, Workers: 8
[2025-06-17T22:38:20.526+0300][3224][19180][debug][gc,phases] GC(39)         Total                          Min: 0, Avg:  0.0, Max: 0, Diff: 0, Sum: 0, Workers: 8
[2025-06-17T22:38:20.526+0300][3224][19180][debug][gc,phases] GC(39)       StringDedup Requests1 Weak     Min:  0.0, Avg:  0.0, Max:  0.0, Diff:  0.0, Sum:  0.0, Workers: 8
[2025-06-17T22:38:20.526+0300][3224][19180][debug][gc,phases] GC(39)         Dead                           Min: 0, Avg:  0.0, Max: 0, Diff: 0, Sum: 0, Workers: 8
[2025-06-17T22:38:20.526+0300][3224][19180][debug][gc,phases] GC(39)         Total                          Min: 0, Avg:  0.0, Max: 0, Diff: 0, Sum: 0, Workers: 8
[2025-06-17T22:38:20.526+0300][3224][19180][debug][gc,phases] GC(39)       Weak JFR Old Object Samples    Min:  0.0, Avg:  0.0, Max:  0.0, Diff:  0.0, Sum:  0.0, Workers: 8
[2025-06-17T22:38:20.526+0300][3224][19180][debug][gc,phases] GC(39)         Dead                           Min: 0, Avg:  0.0, Max: 0, Diff: 0, Sum: 0, Workers: 8
[2025-06-17T22:38:20.526+0300][3224][19180][debug][gc,phases] GC(39)         Total                          Min: 0, Avg:  0.0, Max: 0, Diff: 0, Sum: 0, Workers: 8
[2025-06-17T22:38:20.526+0300][3224][19180][debug][gc,phases] GC(39)     Post Evacuate Cleanup 1: 0.1ms
[2025-06-17T22:38:20.526+0300][3224][19180][debug][gc,phases] GC(39)       Merge Per-Thread State (ms):   Min:  0.0, Avg:  0.0, Max:  0.0, Diff:  0.0, Sum:  0.0, Workers: 1
[2025-06-17T22:38:20.526+0300][3224][19180][debug][gc,phases] GC(39)         Copied Bytes                   Min: 5448, Avg: 58287.0, Max: 107568, Diff: 102120, Sum: 466296, Workers: 8
[2025-06-17T22:38:20.526+0300][3224][19180][debug][gc,phases] GC(39)         LAB Waste                      Min: 64, Avg: 106.0, Max: 192, Diff: 128, Sum: 848, Workers: 8
[2025-06-17T22:38:20.526+0300][3224][19180][debug][gc,phases] GC(39)         LAB Undo Waste                 Min: 0, Avg:  0.0, Max: 0, Diff: 0, Sum: 0, Workers: 8
[2025-06-17T22:38:20.526+0300][3224][19180][debug][gc,phases] GC(39)       Clear Logged Cards (ms):       Min:  0.0, Avg:  0.1, Max:  0.1, Diff:  0.1, Sum:  0.3, Workers: 5
[2025-06-17T22:38:20.526+0300][3224][19180][debug][gc,phases] GC(39)       Recalculate Used Memory (ms):  Min:  0.0, Avg:  0.0, Max:  0.0, Diff:  0.0, Sum:  0.0, Workers: 1
[2025-06-17T22:38:20.526+0300][3224][19180][debug][gc,phases] GC(39)     Post Evacuate Cleanup 2: 0.3ms
[2025-06-17T22:38:20.526+0300][3224][19180][debug][gc,phases] GC(39)       Update Derived Pointers (ms):  Min:  0.0, Avg:  0.0, Max:  0.0, Diff:  0.0, Sum:  0.0, Workers: 1
[2025-06-17T22:38:20.526+0300][3224][19180][debug][gc,phases] GC(39)       Eagerly Reclaim Humongous Objects (ms): Min:  0.0, Avg:  0.0, Max:  0.0, Diff:  0.0, Sum:  0.0, Workers: 1
[2025-06-17T22:38:20.526+0300][3224][19180][debug][gc,phases] GC(39)         Humongous Total                Min: 6, Avg:  6.0, Max: 6, Diff: 0, Sum: 6, Workers: 1
[2025-06-17T22:38:20.526+0300][3224][19180][debug][gc,phases] GC(39)         Humongous Candidates           Min: 3, Avg:  3.0, Max: 3, Diff: 0, Sum: 3, Workers: 1
[2025-06-17T22:38:20.526+0300][3224][19180][debug][gc,phases] GC(39)         Humongous Reclaimed            Min: 0, Avg:  0.0, Max: 0, Diff: 0, Sum: 0, Workers: 1
[2025-06-17T22:38:20.526+0300][3224][19180][debug][gc,phases] GC(39)       Redirty Logged Cards (ms):     Min:  0.0, Avg:  0.0, Max:  0.0, Diff:  0.0, Sum:  0.0, Workers: 8
[2025-06-17T22:38:20.526+0300][3224][19180][debug][gc,phases] GC(39)         Redirtied Cards:               Min: 0, Avg:  2.0, Max: 7, Diff: 7, Sum: 16, Workers: 8
[2025-06-17T22:38:20.526+0300][3224][19180][debug][gc,phases] GC(39)       Resize TLABs (ms):             Min:  0.0, Avg:  0.0, Max:  0.0, Diff:  0.0, Sum:  0.0, Workers: 8
[2025-06-17T22:38:20.526+0300][3224][19180][debug][gc,phases] GC(39)       Free Collection Set (ms):      Min:  0.0, Avg:  0.2, Max:  0.3, Diff:  0.2, Sum:  1.9, Workers: 8
[2025-06-17T22:38:20.526+0300][3224][19180][debug][gc,phases] GC(39)     Rebuild Free List: 0.1ms
[2025-06-17T22:38:20.526+0300][3224][19180][debug][gc,phases] GC(39)     Prepare For Mutator: 0.0ms
[2025-06-17T22:38:20.526+0300][3224][19180][debug][gc,phases] GC(39)     Expand Heap After Collection: 0.0ms
[2025-06-17T22:38:20.526+0300][3224][19180][info ][gc,phases] GC(39)   Other: 0.1ms
[2025-06-17T22:38:20.526+0300][3224][19180][info ][gc,heap  ] GC(39) Eden regions: 1227->0(1227)
[2025-06-17T22:38:20.526+0300][3224][19180][info ][gc,heap  ] GC(39) Survivor regions: 1->1(154)
[2025-06-17T22:38:20.526+0300][3224][19180][info ][gc,heap  ] GC(39) Old regions: 11->11
[2025-06-17T22:38:20.526+0300][3224][19180][info ][gc,heap  ] GC(39) Humongous regions: 18->18
[2025-06-17T22:38:20.526+0300][3224][19180][debug][gc,heap  ] GC(39) Heap after GC invocations=40 (full 2):
[2025-06-17T22:38:20.526+0300][3224][19180][debug][gc,heap  ] GC(39)  garbage-first heap   total 2097152K, used 22902K [0x0000000080000000, 0x0000000100000000)
[2025-06-17T22:38:20.526+0300][3224][19180][debug][gc,heap  ] GC(39)   region size 1024K, 1 young (1024K), 1 survivors (1024K)
[2025-06-17T22:38:20.526+0300][3224][19180][debug][gc,heap  ] GC(39)  Metaspace       used 8733K, committed 9792K, reserved 1114112K
[2025-06-17T22:38:20.526+0300][3224][19180][debug][gc,heap  ] GC(39)   class space    used 874K, committed 1280K, reserved 1048576K
[2025-06-17T22:38:20.526+0300][3224][19180][info ][gc       ] GC(39) Pause Young (Normal) (G1 Evacuation Pause) 1249M->22M(2048M) 3.697ms
[2025-06-17T22:38:20.526+0300][3224][19180][info ][safepoint] Safepoint "G1CollectForAllocation", Time since last: 419533500 ns, Reaching safepoint: 555200 ns, Cleanup: 7900 ns, At safepoint: 3757300 ns, Total: 4320400 ns
[2025-06-17T22:38:20.932+0300][3224][19180][debug][safepoint] Safepoint synchronization initiated using striped semaphore wait barrier. (19 threads)
[2025-06-17T22:38:20.932+0300][3224][22328][debug][safepoint] ... found polling page loop exception at pc = 0x00000275903d4523, stub =0x000002758fbb6600
[2025-06-17T22:38:20.932+0300][3224][20700][debug][safepoint] ... found polling page loop exception at pc = 0x00000275901bda60, stub =0x000002758fbb5d80
[2025-06-17T22:38:20.932+0300][3224][7824 ][debug][safepoint] ... found polling page loop exception at pc = 0x00000275901bda60, stub =0x000002758fbb5d80
[2025-06-17T22:38:20.932+0300][3224][10112][debug][safepoint] ... found polling page loop exception at pc = 0x00000275901bda60, stub =0x000002758fbb5d80
[2025-06-17T22:38:20.932+0300][3224][12336][debug][safepoint] ... found polling page loop exception at pc = 0x00000275901bda60, stub =0x000002758fbb5d80
[2025-06-17T22:38:20.932+0300][3224][18008][debug][safepoint] ... found polling page loop exception at pc = 0x00000275901bda60, stub =0x000002758fbb5d80
[2025-06-17T22:38:20.932+0300][3224][19180][debug][gc,heap  ] GC(40) Heap before GC invocations=40 (full 2):
[2025-06-17T22:38:20.932+0300][3224][19180][debug][gc,heap  ] GC(40)  garbage-first heap   total 2097152K, used 1279350K [0x0000000080000000, 0x0000000100000000)
[2025-06-17T22:38:20.932+0300][3224][19180][debug][gc,heap  ] GC(40)   region size 1024K, 1228 young (1257472K), 1 survivors (1024K)
[2025-06-17T22:38:20.932+0300][3224][19180][debug][gc,heap  ] GC(40)  Metaspace       used 8733K, committed 9792K, reserved 1114112K
[2025-06-17T22:38:20.932+0300][3224][19180][debug][gc,heap  ] GC(40)   class space    used 874K, committed 1280K, reserved 1048576K
[2025-06-17T22:38:20.932+0300][3224][19180][info ][gc,phases] GC(40)   Pre Evacuate Collection Set: 0.3ms
[2025-06-17T22:38:20.932+0300][3224][19180][debug][gc,phases] GC(40)     Pre Evacuate Prepare: 0.0ms
[2025-06-17T22:38:20.932+0300][3224][19180][debug][gc,phases] GC(40)       JT Retire TLABs And Flush Logs (ms): Min:  0.0, Avg:  0.0, Max:  0.0, Diff:  0.0, Sum:  0.0, Workers: 2
[2025-06-17T22:38:20.932+0300][3224][19180][debug][gc,phases] GC(40)       Non-JT Flush Logs (ms):        Min:  0.0, Avg:  0.0, Max:  0.0, Diff:  0.0, Sum:  0.0, Workers: 1
[2025-06-17T22:38:20.932+0300][3224][19180][debug][gc,phases] GC(40)     Choose Collection Set: 0.0ms
[2025-06-17T22:38:20.932+0300][3224][19180][debug][gc,phases] GC(40)     Region Register: 0.2ms
[2025-06-17T22:38:20.932+0300][3224][19180][debug][gc,phases] GC(40)     Prepare Heap Roots: 0.0ms
[2025-06-17T22:38:20.932+0300][3224][19180][info ][gc,phases] GC(40)   Merge Heap Roots: 0.2ms
[2025-06-17T22:38:20.932+0300][3224][19180][debug][gc,phases] GC(40)     Prepare Merge Heap Roots: 0.0ms
[2025-06-17T22:38:20.932+0300][3224][19180][debug][gc,phases] GC(40)     Remembered Sets (ms):          Min:  0.1, Avg:  0.1, Max:  0.1, Diff:  0.0, Sum:  0.8, Workers: 8
[2025-06-17T22:38:20.932+0300][3224][19180][debug][gc,phases] GC(40)       Eager Reclaim (ms):            Min:  0.0, Avg:  0.0, Max:  0.0, Diff:  0.0, Sum:  0.0, Workers: 1
[2025-06-17T22:38:20.932+0300][3224][19180][debug][gc,phases] GC(40)       Merged Inline                  Min: 0, Avg:  0.0, Max: 0, Diff: 0, Sum: 0, Workers: 8
[2025-06-17T22:38:20.932+0300][3224][19180][debug][gc,phases] GC(40)       Merged ArrayOfCards            Min: 0, Avg:  0.0, Max: 0, Diff: 0, Sum: 0, Workers: 8
[2025-06-17T22:38:20.932+0300][3224][19180][debug][gc,phases] GC(40)       Merged Howl                    Min: 0, Avg:  0.0, Max: 0, Diff: 0, Sum: 0, Workers: 8
[2025-06-17T22:38:20.932+0300][3224][19180][debug][gc,phases] GC(40)       Merged Full                    Min: 0, Avg:  0.0, Max: 0, Diff: 0, Sum: 0, Workers: 8
[2025-06-17T22:38:20.932+0300][3224][19180][debug][gc,phases] GC(40)       Merged Howl Inline             Min: 0, Avg:  0.0, Max: 0, Diff: 0, Sum: 0, Workers: 8
[2025-06-17T22:38:20.932+0300][3224][19180][debug][gc,phases] GC(40)       Merged Howl ArrayOfCards       Min: 0, Avg:  0.0, Max: 0, Diff: 0, Sum: 0, Workers: 8
[2025-06-17T22:38:20.932+0300][3224][19180][debug][gc,phases] GC(40)       Merged Howl BitMap             Min: 0, Avg:  0.0, Max: 0, Diff: 0, Sum: 0, Workers: 8
[2025-06-17T22:38:20.932+0300][3224][19180][debug][gc,phases] GC(40)       Merged Howl Full               Min: 0, Avg:  0.0, Max: 0, Diff: 0, Sum: 0, Workers: 8
[2025-06-17T22:38:20.932+0300][3224][19180][debug][gc,phases] GC(40)       Merged Cards                   Min: 8, Avg:  9.0, Max: 16, Diff: 8, Sum: 72, Workers: 8
[2025-06-17T22:38:20.932+0300][3224][19180][debug][gc,phases] GC(40)     Log Buffers (ms):              Min:  0.0, Avg:  0.0, Max:  0.0, Diff:  0.0, Sum:  0.0, Workers: 8
[2025-06-17T22:38:20.932+0300][3224][19180][debug][gc,phases] GC(40)       Dirty Cards:                   Min: 0, Avg:  2.4, Max: 14, Diff: 14, Sum: 19, Workers: 8
[2025-06-17T22:38:20.932+0300][3224][19180][debug][gc,phases] GC(40)       Skipped Cards:                 Min: 0, Avg:  0.0, Max: 0, Diff: 0, Sum: 0, Workers: 8
[2025-06-17T22:38:20.932+0300][3224][19180][info ][gc,phases] GC(40)   Evacuate Collection Set: 0.4ms
[2025-06-17T22:38:20.932+0300][3224][19180][debug][gc,phases] GC(40)     Ext Root Scanning (ms):        Min:  0.0, Avg:  0.1, Max:  0.1, Diff:  0.0, Sum:  0.5, Workers: 8
[2025-06-17T22:38:20.932+0300][3224][19180][debug][gc,phases] GC(40)     Scan Heap Roots (ms):          Min:  0.0, Avg:  0.0, Max:  0.0, Diff:  0.0, Sum:  0.1, Workers: 8
[2025-06-17T22:38:20.932+0300][3224][19180][debug][gc,phases] GC(40)       Scanned Cards:                 Min: 0, Avg:  2.4, Max: 6, Diff: 6, Sum: 19, Workers: 8
[2025-06-17T22:38:20.932+0300][3224][19180][debug][gc,phases] GC(40)       Scanned Blocks:                Min: 0, Avg:  1.8, Max: 4, Diff: 4, Sum: 14, Workers: 8
[2025-06-17T22:38:20.932+0300][3224][19180][debug][gc,phases] GC(40)       Claimed Chunks:                Min: 0, Avg:  1.4, Max: 3, Diff: 3, Sum: 11, Workers: 8
[2025-06-17T22:38:20.932+0300][3224][19180][debug][gc,phases] GC(40)       Found Roots:                   Min: 0, Avg: 15.4, Max: 45, Diff: 45, Sum: 123, Workers: 8
[2025-06-17T22:38:20.932+0300][3224][19180][debug][gc,phases] GC(40)     Code Root Scan (ms):           Min:  0.1, Avg:  0.1, Max:  0.1, Diff:  0.0, Sum:  0.8, Workers: 8
[2025-06-17T22:38:20.932+0300][3224][19180][debug][gc,phases] GC(40)       Scanned Nmethods               Min: 0, Avg:  0.0, Max: 0, Diff: 0, Sum: 0, Workers: 8
[2025-06-17T22:38:20.932+0300][3224][19180][debug][gc,phases] GC(40)     Object Copy (ms):              Min:  0.1, Avg:  0.1, Max:  0.1, Diff:  0.0, Sum:  0.5, Workers: 8
[2025-06-17T22:38:20.932+0300][3224][19180][debug][gc,phases] GC(40)     Termination (ms):              Min:  0.0, Avg:  0.0, Max:  0.0, Diff:  0.0, Sum:  0.1, Workers: 8
[2025-06-17T22:38:20.932+0300][3224][19180][debug][gc,phases] GC(40)       Termination Attempts:          Min: 1, Avg:  1.0, Max: 1, Diff: 0, Sum: 8, Workers: 8
[2025-06-17T22:38:20.932+0300][3224][19180][debug][gc,phases] GC(40)     GC Worker Other (ms):          Min:  0.1, Avg:  0.1, Max:  0.1, Diff:  0.0, Sum:  0.9, Workers: 8
[2025-06-17T22:38:20.932+0300][3224][19180][debug][gc,phases] GC(40)     GC Worker Total (ms):          Min:  0.3, Avg:  0.3, Max:  0.3, Diff:  0.0, Sum:  2.7, Workers: 8
[2025-06-17T22:38:20.932+0300][3224][19180][info ][gc,phases] GC(40)   Post Evacuate Collection Set: 0.7ms
[2025-06-17T22:38:20.932+0300][3224][19180][debug][gc,phases] GC(40)     NMethod List Cleanup: 0.0ms
[2025-06-17T22:38:20.932+0300][3224][19180][debug][gc,phases] GC(40)     Reference Processing: 0.1ms
[2025-06-17T22:38:20.932+0300][3224][19180][debug][gc,phases] GC(40)     Weak Processing: 0.1ms
[2025-06-17T22:38:20.932+0300][3224][19180][debug][gc,phases] GC(40)       VM Weak                        Min:  0.0, Avg:  0.0, Max:  0.0, Diff:  0.0, Sum:  0.0, Workers: 8
[2025-06-17T22:38:20.932+0300][3224][19180][debug][gc,phases] GC(40)         Dead                           Min: 0, Avg:  0.0, Max: 0, Diff: 0, Sum: 0, Workers: 8
[2025-06-17T22:38:20.932+0300][3224][19180][debug][gc,phases] GC(40)         Total                          Min: 0, Avg: 15.4, Max: 123, Diff: 123, Sum: 123, Workers: 8
[2025-06-17T22:38:20.932+0300][3224][19180][debug][gc,phases] GC(40)       ObjectSynchronizer Weak        Min:  0.0, Avg:  0.0, Max:  0.0, Diff:  0.0, Sum:  0.0, Workers: 8
[2025-06-17T22:38:20.932+0300][3224][19180][debug][gc,phases] GC(40)         Dead                           Min: 0, Avg:  0.0, Max: 0, Diff: 0, Sum: 0, Workers: 8
[2025-06-17T22:38:20.932+0300][3224][19180][debug][gc,phases] GC(40)         Total                          Min: 0, Avg: 18.6, Max: 149, Diff: 149, Sum: 149, Workers: 8
[2025-06-17T22:38:20.932+0300][3224][19180][debug][gc,phases] GC(40)       JVMTI Tag Weak OopStorage      Min:  0.0, Avg:  0.0, Max:  0.0, Diff:  0.0, Sum:  0.0, Workers: 8
[2025-06-17T22:38:20.932+0300][3224][19180][debug][gc,phases] GC(40)         Dead                           Min: 0, Avg:  0.0, Max: 0, Diff: 0, Sum: 0, Workers: 8
[2025-06-17T22:38:20.932+0300][3224][19180][debug][gc,phases] GC(40)         Total                          Min: 0, Avg:  0.0, Max: 0, Diff: 0, Sum: 0, Workers: 8
[2025-06-17T22:38:20.932+0300][3224][19180][debug][gc,phases] GC(40)       StringTable Weak               Min:  0.0, Avg:  0.0, Max:  0.0, Diff:  0.0, Sum:  0.1, Workers: 8
[2025-06-17T22:38:20.932+0300][3224][19180][debug][gc,phases] GC(40)         Dead                           Min: 0, Avg:  0.0, Max: 0, Diff: 0, Sum: 0, Workers: 8
[2025-06-17T22:38:20.932+0300][3224][19180][debug][gc,phases] GC(40)         Total                          Min: 0, Avg: 778.8, Max: 960, Diff: 960, Sum: 6230, Workers: 8
[2025-06-17T22:38:20.932+0300][3224][19180][debug][gc,phases] GC(40)       ResolvedMethodTable Weak       Min:  0.0, Avg:  0.0, Max:  0.0, Diff:  0.0, Sum:  0.0, Workers: 8
[2025-06-17T22:38:20.932+0300][3224][19180][debug][gc,phases] GC(40)         Dead                           Min: 0, Avg:  0.0, Max: 0, Diff: 0, Sum: 0, Workers: 8
[2025-06-17T22:38:20.932+0300][3224][19180][debug][gc,phases] GC(40)         Total                          Min: 0, Avg: 111.8, Max: 128, Diff: 128, Sum: 894, Workers: 8
[2025-06-17T22:38:20.932+0300][3224][19180][debug][gc,phases] GC(40)       JNI Weak                       Min:  0.0, Avg:  0.0, Max:  0.0, Diff:  0.0, Sum:  0.0, Workers: 8
[2025-06-17T22:38:20.932+0300][3224][19180][debug][gc,phases] GC(40)         Dead                           Min: 0, Avg:  0.0, Max: 0, Diff: 0, Sum: 0, Workers: 8
[2025-06-17T22:38:20.932+0300][3224][19180][debug][gc,phases] GC(40)         Total                          Min: 0, Avg:  0.0, Max: 0, Diff: 0, Sum: 0, Workers: 8
[2025-06-17T22:38:20.932+0300][3224][19180][debug][gc,phases] GC(40)       StringDedup Table Weak         Min:  0.0, Avg:  0.0, Max:  0.0, Diff:  0.0, Sum:  0.0, Workers: 8
[2025-06-17T22:38:20.932+0300][3224][19180][debug][gc,phases] GC(40)         Dead                           Min: 0, Avg:  0.0, Max: 0, Diff: 0, Sum: 0, Workers: 8
[2025-06-17T22:38:20.932+0300][3224][19180][debug][gc,phases] GC(40)         Total                          Min: 0, Avg:  0.0, Max: 0, Diff: 0, Sum: 0, Workers: 8
[2025-06-17T22:38:20.932+0300][3224][19180][debug][gc,phases] GC(40)       StringDedup Requests0 Weak     Min:  0.0, Avg:  0.0, Max:  0.0, Diff:  0.0, Sum:  0.0, Workers: 8
[2025-06-17T22:38:20.932+0300][3224][19180][debug][gc,phases] GC(40)         Dead                           Min: 0, Avg:  0.0, Max: 0, Diff: 0, Sum: 0, Workers: 8
[2025-06-17T22:38:20.932+0300][3224][19180][debug][gc,phases] GC(40)         Total                          Min: 0, Avg:  0.0, Max: 0, Diff: 0, Sum: 0, Workers: 8
[2025-06-17T22:38:20.932+0300][3224][19180][debug][gc,phases] GC(40)       StringDedup Requests1 Weak     Min:  0.0, Avg:  0.0, Max:  0.0, Diff:  0.0, Sum:  0.0, Workers: 8
[2025-06-17T22:38:20.932+0300][3224][19180][debug][gc,phases] GC(40)         Dead                           Min: 0, Avg:  0.0, Max: 0, Diff: 0, Sum: 0, Workers: 8
[2025-06-17T22:38:20.932+0300][3224][19180][debug][gc,phases] GC(40)         Total                          Min: 0, Avg:  0.0, Max: 0, Diff: 0, Sum: 0, Workers: 8
[2025-06-17T22:38:20.932+0300][3224][19180][debug][gc,phases] GC(40)       Weak JFR Old Object Samples    Min:  0.0, Avg:  0.0, Max:  0.0, Diff:  0.0, Sum:  0.0, Workers: 8
[2025-06-17T22:38:20.932+0300][3224][19180][debug][gc,phases] GC(40)         Dead                           Min: 0, Avg:  0.0, Max: 0, Diff: 0, Sum: 0, Workers: 8
[2025-06-17T22:38:20.932+0300][3224][19180][debug][gc,phases] GC(40)         Total                          Min: 0, Avg:  0.0, Max: 0, Diff: 0, Sum: 0, Workers: 8
[2025-06-17T22:38:20.932+0300][3224][19180][debug][gc,phases] GC(40)     Post Evacuate Cleanup 1: 0.2ms
[2025-06-17T22:38:20.932+0300][3224][19180][debug][gc,phases] GC(40)       Merge Per-Thread State (ms):   Min:  0.0, Avg:  0.0, Max:  0.0, Diff:  0.0, Sum:  0.0, Workers: 1
[2025-06-17T22:38:20.932+0300][3224][19180][debug][gc,phases] GC(40)         Copied Bytes                   Min: 4056, Avg: 56320.0, Max: 117848, Diff: 113792, Sum: 450560, Workers: 8
[2025-06-17T22:38:20.932+0300][3224][19180][debug][gc,phases] GC(40)         LAB Waste                      Min: 32, Avg: 81.0, Max: 160, Diff: 128, Sum: 648, Workers: 8
[2025-06-17T22:38:20.932+0300][3224][19180][debug][gc,phases] GC(40)         LAB Undo Waste                 Min: 0, Avg:  0.0, Max: 0, Diff: 0, Sum: 0, Workers: 8
[2025-06-17T22:38:20.932+0300][3224][19180][debug][gc,phases] GC(40)       Clear Logged Cards (ms):       Min:  0.0, Avg:  0.1, Max:  0.2, Diff:  0.2, Sum:  0.4, Workers: 5
[2025-06-17T22:38:20.932+0300][3224][19180][debug][gc,phases] GC(40)       Recalculate Used Memory (ms):  Min:  0.0, Avg:  0.0, Max:  0.0, Diff:  0.0, Sum:  0.0, Workers: 1
[2025-06-17T22:38:20.932+0300][3224][19180][debug][gc,phases] GC(40)     Post Evacuate Cleanup 2: 0.3ms
[2025-06-17T22:38:20.932+0300][3224][19180][debug][gc,phases] GC(40)       Update Derived Pointers (ms):  Min:  0.0, Avg:  0.0, Max:  0.0, Diff:  0.0, Sum:  0.0, Workers: 1
[2025-06-17T22:38:20.932+0300][3224][19180][debug][gc,phases] GC(40)       Eagerly Reclaim Humongous Objects (ms): Min:  0.0, Avg:  0.0, Max:  0.0, Diff:  0.0, Sum:  0.0, Workers: 1
[2025-06-17T22:38:20.932+0300][3224][19180][debug][gc,phases] GC(40)         Humongous Total                Min: 6, Avg:  6.0, Max: 6, Diff: 0, Sum: 6, Workers: 1
[2025-06-17T22:38:20.932+0300][3224][19180][debug][gc,phases] GC(40)         Humongous Candidates           Min: 3, Avg:  3.0, Max: 3, Diff: 0, Sum: 3, Workers: 1
[2025-06-17T22:38:20.932+0300][3224][19180][debug][gc,phases] GC(40)         Humongous Reclaimed            Min: 0, Avg:  0.0, Max: 0, Diff: 0, Sum: 0, Workers: 1
[2025-06-17T22:38:20.932+0300][3224][19180][debug][gc,phases] GC(40)       Redirty Logged Cards (ms):     Min:  0.0, Avg:  0.0, Max:  0.0, Diff:  0.0, Sum:  0.0, Workers: 8
[2025-06-17T22:38:20.932+0300][3224][19180][debug][gc,phases] GC(40)         Redirtied Cards:               Min: 0, Avg:  2.0, Max: 7, Diff: 7, Sum: 16, Workers: 8
[2025-06-17T22:38:20.932+0300][3224][19180][debug][gc,phases] GC(40)       Resize TLABs (ms):             Min:  0.0, Avg:  0.0, Max:  0.0, Diff:  0.0, Sum:  0.0, Workers: 8
[2025-06-17T22:38:20.932+0300][3224][19180][debug][gc,phases] GC(40)       Free Collection Set (ms):      Min:  0.2, Avg:  0.2, Max:  0.2, Diff:  0.0, Sum:  1.8, Workers: 8
[2025-06-17T22:38:20.932+0300][3224][19180][debug][gc,phases] GC(40)     Rebuild Free List: 0.1ms
[2025-06-17T22:38:20.932+0300][3224][19180][debug][gc,phases] GC(40)     Prepare For Mutator: 0.0ms
[2025-06-17T22:38:20.932+0300][3224][19180][debug][gc,phases] GC(40)     Expand Heap After Collection: 0.0ms
[2025-06-17T22:38:20.932+0300][3224][19180][info ][gc,phases] GC(40)   Other: 0.1ms
[2025-06-17T22:38:20.932+0300][3224][19180][info ][gc,heap  ] GC(40) Eden regions: 1227->0(1227)
[2025-06-17T22:38:20.932+0300][3224][19180][info ][gc,heap  ] GC(40) Survivor regions: 1->1(154)
[2025-06-17T22:38:20.932+0300][3224][19180][info ][gc,heap  ] GC(40) Old regions: 11->11
[2025-06-17T22:38:20.932+0300][3224][19180][info ][gc,heap  ] GC(40) Humongous regions: 18->18
[2025-06-17T22:38:20.932+0300][3224][19180][debug][gc,heap  ] GC(40) Heap after GC invocations=41 (full 2):
[2025-06-17T22:38:20.932+0300][3224][19180][debug][gc,heap  ] GC(40)  garbage-first heap   total 2097152K, used 22887K [0x0000000080000000, 0x0000000100000000)
[2025-06-17T22:38:20.932+0300][3224][19180][debug][gc,heap  ] GC(40)   region size 1024K, 1 young (1024K), 1 survivors (1024K)
[2025-06-17T22:38:20.932+0300][3224][19180][debug][gc,heap  ] GC(40)  Metaspace       used 8733K, committed 9792K, reserved 1114112K
[2025-06-17T22:38:20.932+0300][3224][19180][debug][gc,heap  ] GC(40)   class space    used 874K, committed 1280K, reserved 1048576K
[2025-06-17T22:38:20.932+0300][3224][19180][info ][gc       ] GC(40) Pause Young (Normal) (G1 Evacuation Pause) 1249M->22M(2048M) 3.390ms
[2025-06-17T22:38:20.932+0300][3224][19180][info ][safepoint] Safepoint "G1CollectForAllocation", Time since last: 401035200 ns, Reaching safepoint: 410400 ns, Cleanup: 6400 ns, At safepoint: 3444700 ns, Total: 3861500 ns
[2025-06-17T22:38:21.644+0300][3224][19180][debug][safepoint] Safepoint synchronization initiated using striped semaphore wait barrier. (12 threads)
[2025-06-17T22:38:21.644+0300][3224][19180][debug][gc,heap  ] GC(41) Heap before GC invocations=41 (full 2):
[2025-06-17T22:38:21.644+0300][3224][19180][debug][gc,heap  ] GC(41)  garbage-first heap   total 2097152K, used 1019239K [0x0000000080000000, 0x0000000100000000)
[2025-06-17T22:38:21.644+0300][3224][19180][debug][gc,heap  ] GC(41)   region size 1024K, 966 young (989184K), 1 survivors (1024K)
[2025-06-17T22:38:21.644+0300][3224][19180][debug][gc,heap  ] GC(41)  Metaspace       used 8733K, committed 9792K, reserved 1114112K
[2025-06-17T22:38:21.644+0300][3224][19180][debug][gc,heap  ] GC(41)   class space    used 874K, committed 1280K, reserved 1048576K
[2025-06-17T22:38:21.644+0300][3224][19180][debug][gc,phases] GC(41) Phase 1: Reference Processing 0.183ms
[2025-06-17T22:38:21.644+0300][3224][19180][debug][gc,phases] GC(41)   VM Weak                        Min:  0.0, Avg:  0.0, Max:  0.0, Diff:  0.0, Sum:  0.0, Workers: 8
[2025-06-17T22:38:21.644+0300][3224][19180][debug][gc,phases] GC(41)     Dead                           Min: 0, Avg:  0.0, Max: 0, Diff: 0, Sum: 0, Workers: 8
[2025-06-17T22:38:21.644+0300][3224][19180][debug][gc,phases] GC(41)     Total                          Min: 0, Avg: 15.4, Max: 123, Diff: 123, Sum: 123, Workers: 8
[2025-06-17T22:38:21.644+0300][3224][19180][debug][gc,phases] GC(41)   ObjectSynchronizer Weak        Min:  0.0, Avg:  0.0, Max:  0.0, Diff:  0.0, Sum:  0.0, Workers: 8
[2025-06-17T22:38:21.644+0300][3224][19180][debug][gc,phases] GC(41)     Dead                           Min: 0, Avg:  0.0, Max: 0, Diff: 0, Sum: 0, Workers: 8
[2025-06-17T22:38:21.644+0300][3224][19180][debug][gc,phases] GC(41)     Total                          Min: 0, Avg: 18.6, Max: 128, Diff: 128, Sum: 149, Workers: 8
[2025-06-17T22:38:21.644+0300][3224][19180][debug][gc,phases] GC(41)   JVMTI Tag Weak OopStorage      Min:  0.0, Avg:  0.0, Max:  0.0, Diff:  0.0, Sum:  0.0, Workers: 8
[2025-06-17T22:38:21.644+0300][3224][19180][debug][gc,phases] GC(41)     Dead                           Min: 0, Avg:  0.0, Max: 0, Diff: 0, Sum: 0, Workers: 8
[2025-06-17T22:38:21.644+0300][3224][19180][debug][gc,phases] GC(41)     Total                          Min: 0, Avg:  0.0, Max: 0, Diff: 0, Sum: 0, Workers: 8
[2025-06-17T22:38:21.644+0300][3224][19180][debug][gc,phases] GC(41)   StringTable Weak               Min:  0.0, Avg:  0.0, Max:  0.0, Diff:  0.0, Sum:  0.1, Workers: 8
[2025-06-17T22:38:21.644+0300][3224][19180][debug][gc,phases] GC(41)     Dead                           Min: 0, Avg:  0.0, Max: 0, Diff: 0, Sum: 0, Workers: 8
[2025-06-17T22:38:21.644+0300][3224][19180][debug][gc,phases] GC(41)     Total                          Min: 0, Avg: 779.0, Max: 2200, Diff: 2200, Sum: 6232, Workers: 8
[2025-06-17T22:38:21.644+0300][3224][19180][debug][gc,phases] GC(41)   ResolvedMethodTable Weak       Min:  0.0, Avg:  0.0, Max:  0.0, Diff:  0.0, Sum:  0.0, Workers: 8
[2025-06-17T22:38:21.644+0300][3224][19180][debug][gc,phases] GC(41)     Dead                           Min: 0, Avg:  0.0, Max: 0, Diff: 0, Sum: 0, Workers: 8
[2025-06-17T22:38:21.644+0300][3224][19180][debug][gc,phases] GC(41)     Total                          Min: 0, Avg: 111.8, Max: 383, Diff: 383, Sum: 894, Workers: 8
[2025-06-17T22:38:21.644+0300][3224][19180][debug][gc,phases] GC(41)   JNI Weak                       Min:  0.0, Avg:  0.0, Max:  0.0, Diff:  0.0, Sum:  0.0, Workers: 8
[2025-06-17T22:38:21.644+0300][3224][19180][debug][gc,phases] GC(41)     Dead                           Min: 0, Avg:  0.0, Max: 0, Diff: 0, Sum: 0, Workers: 8
[2025-06-17T22:38:21.644+0300][3224][19180][debug][gc,phases] GC(41)     Total                          Min: 0, Avg:  0.0, Max: 0, Diff: 0, Sum: 0, Workers: 8
[2025-06-17T22:38:21.644+0300][3224][19180][debug][gc,phases] GC(41)   StringDedup Table Weak         Min:  0.0, Avg:  0.0, Max:  0.0, Diff:  0.0, Sum:  0.0, Workers: 8
[2025-06-17T22:38:21.644+0300][3224][19180][debug][gc,phases] GC(41)     Dead                           Min: 0, Avg:  0.0, Max: 0, Diff: 0, Sum: 0, Workers: 8
[2025-06-17T22:38:21.644+0300][3224][19180][debug][gc,phases] GC(41)     Total                          Min: 0, Avg:  0.0, Max: 0, Diff: 0, Sum: 0, Workers: 8
[2025-06-17T22:38:21.644+0300][3224][19180][debug][gc,phases] GC(41)   StringDedup Requests0 Weak     Min:  0.0, Avg:  0.0, Max:  0.0, Diff:  0.0, Sum:  0.0, Workers: 8
[2025-06-17T22:38:21.644+0300][3224][19180][debug][gc,phases] GC(41)     Dead                           Min: 0, Avg:  0.0, Max: 0, Diff: 0, Sum: 0, Workers: 8
[2025-06-17T22:38:21.644+0300][3224][19180][debug][gc,phases] GC(41)     Total                          Min: 0, Avg:  0.0, Max: 0, Diff: 0, Sum: 0, Workers: 8
[2025-06-17T22:38:21.644+0300][3224][19180][debug][gc,phases] GC(41)   StringDedup Requests1 Weak     Min:  0.0, Avg:  0.0, Max:  0.0, Diff:  0.0, Sum:  0.0, Workers: 8
[2025-06-17T22:38:21.644+0300][3224][19180][debug][gc,phases] GC(41)     Dead                           Min: 0, Avg:  0.0, Max: 0, Diff: 0, Sum: 0, Workers: 8
[2025-06-17T22:38:21.644+0300][3224][19180][debug][gc,phases] GC(41)     Total                          Min: 0, Avg:  0.0, Max: 0, Diff: 0, Sum: 0, Workers: 8
[2025-06-17T22:38:21.644+0300][3224][19180][debug][gc,phases] GC(41)   Weak JFR Old Object Samples    Min:  0.0, Avg:  0.0, Max:  0.0, Diff:  0.0, Sum:  0.0, Workers: 8
[2025-06-17T22:38:21.644+0300][3224][19180][debug][gc,phases] GC(41)     Dead                           Min: 0, Avg:  0.0, Max: 0, Diff: 0, Sum: 0, Workers: 8
[2025-06-17T22:38:21.644+0300][3224][19180][debug][gc,phases] GC(41)     Total                          Min: 0, Avg:  0.0, Max: 0, Diff: 0, Sum: 0, Workers: 8
[2025-06-17T22:38:21.644+0300][3224][19180][debug][gc,phases] GC(41) Phase 1: Weak Processing 0.513ms
[2025-06-17T22:38:21.644+0300][3224][19180][debug][gc,phases] GC(41) ClassLoaderData 0.008ms
[2025-06-17T22:38:21.644+0300][3224][19180][debug][gc,phases] GC(41) Trigger cleanups 0.001ms
[2025-06-17T22:38:21.644+0300][3224][19180][debug][gc,phases] GC(41) G1 Complete Cleaning 1.026ms
[2025-06-17T22:38:21.644+0300][3224][19180][debug][gc,phases] GC(41) Purge Unlinked NMethods 0.423ms
[2025-06-17T22:38:21.644+0300][3224][19180][debug][gc,phases] GC(41) Unregister NMethods 0.212ms
[2025-06-17T22:38:21.644+0300][3224][19180][debug][gc,phases] GC(41) Free Code Blobs 0.098ms
[2025-06-17T22:38:21.644+0300][3224][19180][debug][gc,phases] GC(41) Purge Class Loader Data 0.030ms
[2025-06-17T22:38:21.644+0300][3224][19180][debug][gc,phases] GC(41) Phase 1: Class Unloading and Cleanup 1.942ms
[2025-06-17T22:38:21.644+0300][3224][19180][debug][gc,phases] GC(41) Report Object Count 0.002ms
[2025-06-17T22:38:21.644+0300][3224][19180][info ][gc,phases] GC(41) Phase 1: Mark live objects 3.989ms
[2025-06-17T22:38:21.644+0300][3224][19180][debug][gc,phases] GC(41) Phase 2: Determine work lists 0.058ms
[2025-06-17T22:38:21.644+0300][3224][19180][debug][gc,phases] GC(41) Phase 2: Prepare parallel compaction 0.720ms
[2025-06-17T22:38:21.644+0300][3224][19180][info ][gc,phases] GC(41) Phase 2: Prepare compaction 0.835ms
[2025-06-17T22:38:21.644+0300][3224][19180][info ][gc,phases] GC(41) Phase 3: Adjust pointers 2.143ms
[2025-06-17T22:38:21.644+0300][3224][19180][info ][gc,phases] GC(41) Phase 4: Compact heap 0.694ms
[2025-06-17T22:38:21.644+0300][3224][19180][info ][gc,phases] GC(41) Phase 5: Reset Metadata 0.950ms
[2025-06-17T22:38:21.657+0300][3224][19180][info ][gc,heap  ] GC(41) Eden regions: 965->0(1228)
[2025-06-17T22:38:21.657+0300][3224][19180][info ][gc,heap  ] GC(41) Survivor regions: 1->0(154)
[2025-06-17T22:38:21.657+0300][3224][19180][info ][gc,heap  ] GC(41) Old regions: 11->10
[2025-06-17T22:38:21.657+0300][3224][19180][info ][gc,heap  ] GC(41) Humongous regions: 27->9
[2025-06-17T22:38:21.657+0300][3224][19180][debug][gc,heap  ] GC(41) Heap after GC invocations=42 (full 3):
[2025-06-17T22:38:21.657+0300][3224][19180][debug][gc,heap  ] GC(41)  garbage-first heap   total 2097152K, used 12980K [0x0000000080000000, 0x0000000100000000)
[2025-06-17T22:38:21.657+0300][3224][19180][debug][gc,heap  ] GC(41)   region size 1024K, 0 young (0K), 0 survivors (0K)
[2025-06-17T22:38:21.657+0300][3224][19180][debug][gc,heap  ] GC(41)  Metaspace       used 8733K, committed 9792K, reserved 1114112K
[2025-06-17T22:38:21.657+0300][3224][19180][debug][gc,heap  ] GC(41)   class space    used 874K, committed 1280K, reserved 1048576K
[2025-06-17T22:38:21.657+0300][3224][19180][info ][gc       ] GC(41) Pause Full (System.gc()) 995M->12M(2048M) 13.435ms
[2025-06-17T22:38:21.657+0300][3224][19180][info ][safepoint] Safepoint "G1CollectFull", Time since last: 709140100 ns, Reaching safepoint: 58700 ns, Cleanup: 14600 ns, At safepoint: 13482200 ns, Total: 13555500 ns
[2025-06-17T22:38:22.100+0300][3224][19180][debug][safepoint] Safepoint synchronization initiated using striped semaphore wait barrier. (20 threads)
[2025-06-17T22:38:22.100+0300][3224][13716][debug][safepoint] ... found polling page loop exception at pc = 0x00000275901bda60, stub =0x000002758fbb5d80
[2025-06-17T22:38:22.100+0300][3224][2424 ][debug][safepoint] ... found polling page loop exception at pc = 0x00000275902245a0, stub =0x000002758fbb6600
[2025-06-17T22:38:22.100+0300][3224][2520 ][debug][safepoint] ... found polling page loop exception at pc = 0x000002759015cab0, stub =0x000002758fbb5d80
[2025-06-17T22:38:22.100+0300][3224][18144][debug][safepoint] ... found polling page loop exception at pc = 0x0000027590208ff1, stub =0x000002758fbb6600
[2025-06-17T22:38:22.100+0300][3224][18048][debug][safepoint] ... found polling page loop exception at pc = 0x00000275901bda60, stub =0x000002758fbb5d80
[2025-06-17T22:38:22.102+0300][3224][19180][debug][gc,heap  ] GC(42) Heap before GC invocations=42 (full 3):
[2025-06-17T22:38:22.102+0300][3224][19180][debug][gc,heap  ] GC(42)  garbage-first heap   total 2097152K, used 1279668K [0x0000000080000000, 0x0000000100000000)
[2025-06-17T22:38:22.102+0300][3224][19180][debug][gc,heap  ] GC(42)   region size 1024K, 1228 young (1257472K), 0 survivors (0K)
[2025-06-17T22:38:22.102+0300][3224][19180][debug][gc,heap  ] GC(42)  Metaspace       used 8733K, committed 9792K, reserved 1114112K
[2025-06-17T22:38:22.102+0300][3224][19180][debug][gc,heap  ] GC(42)   class space    used 874K, committed 1280K, reserved 1048576K
[2025-06-17T22:38:22.102+0300][3224][19180][info ][gc,phases] GC(42)   Pre Evacuate Collection Set: 0.3ms
[2025-06-17T22:38:22.102+0300][3224][19180][debug][gc,phases] GC(42)     Pre Evacuate Prepare: 0.1ms
[2025-06-17T22:38:22.102+0300][3224][19180][debug][gc,phases] GC(42)       JT Retire TLABs And Flush Logs (ms): Min:  0.0, Avg:  0.0, Max:  0.0, Diff:  0.0, Sum:  0.0, Workers: 2
[2025-06-17T22:38:22.102+0300][3224][19180][debug][gc,phases] GC(42)       Non-JT Flush Logs (ms):        Min:  0.0, Avg:  0.0, Max:  0.0, Diff:  0.0, Sum:  0.0, Workers: 1
[2025-06-17T22:38:22.102+0300][3224][19180][debug][gc,phases] GC(42)     Choose Collection Set: 0.0ms
[2025-06-17T22:38:22.102+0300][3224][19180][debug][gc,phases] GC(42)     Region Register: 0.2ms
[2025-06-17T22:38:22.102+0300][3224][19180][debug][gc,phases] GC(42)     Prepare Heap Roots: 0.0ms
[2025-06-17T22:38:22.102+0300][3224][19180][info ][gc,phases] GC(42)   Merge Heap Roots: 0.2ms
[2025-06-17T22:38:22.102+0300][3224][19180][debug][gc,phases] GC(42)     Prepare Merge Heap Roots: 0.0ms
[2025-06-17T22:38:22.102+0300][3224][19180][debug][gc,phases] GC(42)     Remembered Sets (ms):          Min:  0.1, Avg:  0.1, Max:  0.1, Diff:  0.0, Sum:  0.8, Workers: 8
[2025-06-17T22:38:22.102+0300][3224][19180][debug][gc,phases] GC(42)       Eager Reclaim (ms):            Min:  0.0, Avg:  0.0, Max:  0.0, Diff:  0.0, Sum:  0.0, Workers: 1
[2025-06-17T22:38:22.102+0300][3224][19180][debug][gc,phases] GC(42)       Merged Inline                  Min: 0, Avg:  0.0, Max: 0, Diff: 0, Sum: 0, Workers: 8
[2025-06-17T22:38:22.102+0300][3224][19180][debug][gc,phases] GC(42)       Merged ArrayOfCards            Min: 0, Avg:  0.0, Max: 0, Diff: 0, Sum: 0, Workers: 8
[2025-06-17T22:38:22.102+0300][3224][19180][debug][gc,phases] GC(42)       Merged Howl                    Min: 0, Avg:  0.0, Max: 0, Diff: 0, Sum: 0, Workers: 8
[2025-06-17T22:38:22.102+0300][3224][19180][debug][gc,phases] GC(42)       Merged Full                    Min: 0, Avg:  0.0, Max: 0, Diff: 0, Sum: 0, Workers: 8
[2025-06-17T22:38:22.102+0300][3224][19180][debug][gc,phases] GC(42)       Merged Howl Inline             Min: 0, Avg:  0.0, Max: 0, Diff: 0, Sum: 0, Workers: 8
[2025-06-17T22:38:22.102+0300][3224][19180][debug][gc,phases] GC(42)       Merged Howl ArrayOfCards       Min: 0, Avg:  0.0, Max: 0, Diff: 0, Sum: 0, Workers: 8
[2025-06-17T22:38:22.102+0300][3224][19180][debug][gc,phases] GC(42)       Merged Howl BitMap             Min: 0, Avg:  0.0, Max: 0, Diff: 0, Sum: 0, Workers: 8
[2025-06-17T22:38:22.102+0300][3224][19180][debug][gc,phases] GC(42)       Merged Howl Full               Min: 0, Avg:  0.0, Max: 0, Diff: 0, Sum: 0, Workers: 8
[2025-06-17T22:38:22.102+0300][3224][19180][debug][gc,phases] GC(42)       Merged Cards                   Min: 8, Avg:  9.0, Max: 16, Diff: 8, Sum: 72, Workers: 8
[2025-06-17T22:38:22.102+0300][3224][19180][debug][gc,phases] GC(42)     Log Buffers (ms):              Min:  0.0, Avg:  0.0, Max:  0.0, Diff:  0.0, Sum:  0.0, Workers: 8
[2025-06-17T22:38:22.102+0300][3224][19180][debug][gc,phases] GC(42)       Dirty Cards:                   Min: 0, Avg:  1.5, Max: 12, Diff: 12, Sum: 12, Workers: 8
[2025-06-17T22:38:22.102+0300][3224][19180][debug][gc,phases] GC(42)       Skipped Cards:                 Min: 0, Avg:  0.0, Max: 0, Diff: 0, Sum: 0, Workers: 8
[2025-06-17T22:38:22.102+0300][3224][19180][info ][gc,phases] GC(42)   Evacuate Collection Set: 0.4ms
[2025-06-17T22:38:22.102+0300][3224][19180][debug][gc,phases] GC(42)     Ext Root Scanning (ms):        Min:  0.1, Avg:  0.1, Max:  0.1, Diff:  0.0, Sum:  0.5, Workers: 8
[2025-06-17T22:38:22.102+0300][3224][19180][debug][gc,phases] GC(42)     Scan Heap Roots (ms):          Min:  0.0, Avg:  0.0, Max:  0.0, Diff:  0.0, Sum:  0.0, Workers: 8
[2025-06-17T22:38:22.102+0300][3224][19180][debug][gc,phases] GC(42)       Scanned Cards:                 Min: 0, Avg:  1.5, Max: 5, Diff: 5, Sum: 12, Workers: 8
[2025-06-17T22:38:22.102+0300][3224][19180][debug][gc,phases] GC(42)       Scanned Blocks:                Min: 0, Avg:  1.4, Max: 4, Diff: 4, Sum: 11, Workers: 8
[2025-06-17T22:38:22.102+0300][3224][19180][debug][gc,phases] GC(42)       Claimed Chunks:                Min: 0, Avg:  1.2, Max: 4, Diff: 4, Sum: 10, Workers: 8
[2025-06-17T22:38:22.102+0300][3224][19180][debug][gc,phases] GC(42)       Found Roots:                   Min: 0, Avg:  0.9, Max: 3, Diff: 3, Sum: 7, Workers: 8
[2025-06-17T22:38:22.102+0300][3224][19180][debug][gc,phases] GC(42)     Code Root Scan (ms):           Min:  0.1, Avg:  0.1, Max:  0.1, Diff:  0.0, Sum:  0.8, Workers: 8
[2025-06-17T22:38:22.102+0300][3224][19180][debug][gc,phases] GC(42)       Scanned Nmethods               Min: 0, Avg:  0.0, Max: 0, Diff: 0, Sum: 0, Workers: 8
[2025-06-17T22:38:22.102+0300][3224][19180][debug][gc,phases] GC(42)     Object Copy (ms):              Min:  0.1, Avg:  0.1, Max:  0.1, Diff:  0.0, Sum:  0.7, Workers: 8
[2025-06-17T22:38:22.102+0300][3224][19180][debug][gc,phases] GC(42)     Termination (ms):              Min:  0.0, Avg:  0.0, Max:  0.0, Diff:  0.0, Sum:  0.1, Workers: 8
[2025-06-17T22:38:22.102+0300][3224][19180][debug][gc,phases] GC(42)       Termination Attempts:          Min: 1, Avg:  1.0, Max: 1, Diff: 0, Sum: 8, Workers: 8
[2025-06-17T22:38:22.102+0300][3224][19180][debug][gc,phases] GC(42)     GC Worker Other (ms):          Min:  0.1, Avg:  0.1, Max:  0.1, Diff:  0.0, Sum:  0.8, Workers: 8
[2025-06-17T22:38:22.102+0300][3224][19180][debug][gc,phases] GC(42)     GC Worker Total (ms):          Min:  0.4, Avg:  0.4, Max:  0.4, Diff:  0.0, Sum:  3.0, Workers: 8
[2025-06-17T22:38:22.102+0300][3224][19180][info ][gc,phases] GC(42)   Post Evacuate Collection Set: 0.8ms
[2025-06-17T22:38:22.102+0300][3224][19180][debug][gc,phases] GC(42)     NMethod List Cleanup: 0.0ms
[2025-06-17T22:38:22.102+0300][3224][19180][debug][gc,phases] GC(42)     Reference Processing: 0.1ms
[2025-06-17T22:38:22.102+0300][3224][19180][debug][gc,phases] GC(42)     Weak Processing: 0.1ms
[2025-06-17T22:38:22.102+0300][3224][19180][debug][gc,phases] GC(42)       VM Weak                        Min:  0.0, Avg:  0.0, Max:  0.0, Diff:  0.0, Sum:  0.0, Workers: 8
[2025-06-17T22:38:22.102+0300][3224][19180][debug][gc,phases] GC(42)         Dead                           Min: 0, Avg:  0.0, Max: 0, Diff: 0, Sum: 0, Workers: 8
[2025-06-17T22:38:22.102+0300][3224][19180][debug][gc,phases] GC(42)         Total                          Min: 0, Avg: 15.4, Max: 64, Diff: 64, Sum: 123, Workers: 8
[2025-06-17T22:38:22.102+0300][3224][19180][debug][gc,phases] GC(42)       ObjectSynchronizer Weak        Min:  0.0, Avg:  0.0, Max:  0.0, Diff:  0.0, Sum:  0.0, Workers: 8
[2025-06-17T22:38:22.102+0300][3224][19180][debug][gc,phases] GC(42)         Dead                           Min: 0, Avg:  0.0, Max: 0, Diff: 0, Sum: 0, Workers: 8
[2025-06-17T22:38:22.102+0300][3224][19180][debug][gc,phases] GC(42)         Total                          Min: 0, Avg: 18.6, Max: 64, Diff: 64, Sum: 149, Workers: 8
[2025-06-17T22:38:22.102+0300][3224][19180][debug][gc,phases] GC(42)       JVMTI Tag Weak OopStorage      Min:  0.0, Avg:  0.0, Max:  0.0, Diff:  0.0, Sum:  0.0, Workers: 8
[2025-06-17T22:38:22.102+0300][3224][19180][debug][gc,phases] GC(42)         Dead                           Min: 0, Avg:  0.0, Max: 0, Diff: 0, Sum: 0, Workers: 8
[2025-06-17T22:38:22.102+0300][3224][19180][debug][gc,phases] GC(42)         Total                          Min: 0, Avg:  0.0, Max: 0, Diff: 0, Sum: 0, Workers: 8
[2025-06-17T22:38:22.102+0300][3224][19180][debug][gc,phases] GC(42)       StringTable Weak               Min:  0.0, Avg:  0.0, Max:  0.0, Diff:  0.0, Sum:  0.1, Workers: 8
[2025-06-17T22:38:22.102+0300][3224][19180][debug][gc,phases] GC(42)         Dead                           Min: 0, Avg:  0.0, Max: 0, Diff: 0, Sum: 0, Workers: 8
[2025-06-17T22:38:22.102+0300][3224][19180][debug][gc,phases] GC(42)         Total                          Min: 576, Avg: 779.0, Max: 960, Diff: 384, Sum: 6232, Workers: 8
[2025-06-17T22:38:22.102+0300][3224][19180][debug][gc,phases] GC(42)       ResolvedMethodTable Weak       Min:  0.0, Avg:  0.0, Max:  0.0, Diff:  0.0, Sum:  0.0, Workers: 8
[2025-06-17T22:38:22.102+0300][3224][19180][debug][gc,phases] GC(42)         Dead                           Min: 0, Avg:  0.0, Max: 0, Diff: 0, Sum: 0, Workers: 8
[2025-06-17T22:38:22.102+0300][3224][19180][debug][gc,phases] GC(42)         Total                          Min: 64, Avg: 111.8, Max: 128, Diff: 64, Sum: 894, Workers: 8
[2025-06-17T22:38:22.102+0300][3224][19180][debug][gc,phases] GC(42)       JNI Weak                       Min:  0.0, Avg:  0.0, Max:  0.0, Diff:  0.0, Sum:  0.0, Workers: 8
[2025-06-17T22:38:22.102+0300][3224][19180][debug][gc,phases] GC(42)         Dead                           Min: 0, Avg:  0.0, Max: 0, Diff: 0, Sum: 0, Workers: 8
[2025-06-17T22:38:22.102+0300][3224][19180][debug][gc,phases] GC(42)         Total                          Min: 0, Avg:  0.0, Max: 0, Diff: 0, Sum: 0, Workers: 8
[2025-06-17T22:38:22.102+0300][3224][19180][debug][gc,phases] GC(42)       StringDedup Table Weak         Min:  0.0, Avg:  0.0, Max:  0.0, Diff:  0.0, Sum:  0.0, Workers: 8
[2025-06-17T22:38:22.102+0300][3224][19180][debug][gc,phases] GC(42)         Dead                           Min: 0, Avg:  0.0, Max: 0, Diff: 0, Sum: 0, Workers: 8
[2025-06-17T22:38:22.102+0300][3224][19180][debug][gc,phases] GC(42)         Total                          Min: 0, Avg:  0.0, Max: 0, Diff: 0, Sum: 0, Workers: 8
[2025-06-17T22:38:22.102+0300][3224][19180][debug][gc,phases] GC(42)       StringDedup Requests0 Weak     Min:  0.0, Avg:  0.0, Max:  0.0, Diff:  0.0, Sum:  0.0, Workers: 8
[2025-06-17T22:38:22.102+0300][3224][19180][debug][gc,phases] GC(42)         Dead                           Min: 0, Avg:  0.0, Max: 0, Diff: 0, Sum: 0, Workers: 8
[2025-06-17T22:38:22.102+0300][3224][19180][debug][gc,phases] GC(42)         Total                          Min: 0, Avg:  0.0, Max: 0, Diff: 0, Sum: 0, Workers: 8
[2025-06-17T22:38:22.102+0300][3224][19180][debug][gc,phases] GC(42)       StringDedup Requests1 Weak     Min:  0.0, Avg:  0.0, Max:  0.0, Diff:  0.0, Sum:  0.0, Workers: 8
[2025-06-17T22:38:22.102+0300][3224][19180][debug][gc,phases] GC(42)         Dead                           Min: 0, Avg:  0.0, Max: 0, Diff: 0, Sum: 0, Workers: 8
[2025-06-17T22:38:22.102+0300][3224][19180][debug][gc,phases] GC(42)         Total                          Min: 0, Avg:  0.0, Max: 0, Diff: 0, Sum: 0, Workers: 8
[2025-06-17T22:38:22.102+0300][3224][19180][debug][gc,phases] GC(42)       Weak JFR Old Object Samples    Min:  0.0, Avg:  0.0, Max:  0.0, Diff:  0.0, Sum:  0.0, Workers: 8
[2025-06-17T22:38:22.102+0300][3224][19180][debug][gc,phases] GC(42)         Dead                           Min: 0, Avg:  0.0, Max: 0, Diff: 0, Sum: 0, Workers: 8
[2025-06-17T22:38:22.102+0300][3224][19180][debug][gc,phases] GC(42)         Total                          Min: 0, Avg:  0.0, Max: 0, Diff: 0, Sum: 0, Workers: 8
[2025-06-17T22:38:22.102+0300][3224][19180][debug][gc,phases] GC(42)     Post Evacuate Cleanup 1: 0.2ms
[2025-06-17T22:38:22.102+0300][3224][19180][debug][gc,phases] GC(42)       Merge Per-Thread State (ms):   Min:  0.1, Avg:  0.1, Max:  0.1, Diff:  0.0, Sum:  0.1, Workers: 1
[2025-06-17T22:38:22.102+0300][3224][19180][debug][gc,phases] GC(42)         Copied Bytes                   Min: 34776, Avg: 87761.0, Max: 116984, Diff: 82208, Sum: 702088, Workers: 8
[2025-06-17T22:38:22.102+0300][3224][19180][debug][gc,phases] GC(42)         LAB Waste                      Min: 152, Avg: 262.0, Max: 512, Diff: 360, Sum: 2096, Workers: 8
[2025-06-17T22:38:22.102+0300][3224][19180][debug][gc,phases] GC(42)         LAB Undo Waste                 Min: 0, Avg:  0.0, Max: 0, Diff: 0, Sum: 0, Workers: 8
[2025-06-17T22:38:22.102+0300][3224][19180][debug][gc,phases] GC(42)       Clear Logged Cards (ms):       Min:  0.0, Avg:  0.1, Max:  0.2, Diff:  0.2, Sum:  0.4, Workers: 5
[2025-06-17T22:38:22.102+0300][3224][19180][debug][gc,phases] GC(42)       Recalculate Used Memory (ms):  Min:  0.0, Avg:  0.0, Max:  0.0, Diff:  0.0, Sum:  0.0, Workers: 1
[2025-06-17T22:38:22.102+0300][3224][19180][debug][gc,phases] GC(42)     Post Evacuate Cleanup 2: 0.3ms
[2025-06-17T22:38:22.102+0300][3224][19180][debug][gc,phases] GC(42)       Update Derived Pointers (ms):  Min:  0.0, Avg:  0.0, Max:  0.0, Diff:  0.0, Sum:  0.0, Workers: 1
[2025-06-17T22:38:22.102+0300][3224][19180][debug][gc,phases] GC(42)       Eagerly Reclaim Humongous Objects (ms): Min:  0.0, Avg:  0.0, Max:  0.0, Diff:  0.0, Sum:  0.0, Workers: 1
[2025-06-17T22:38:22.102+0300][3224][19180][debug][gc,phases] GC(42)         Humongous Total                Min: 6, Avg:  6.0, Max: 6, Diff: 0, Sum: 6, Workers: 1
[2025-06-17T22:38:22.102+0300][3224][19180][debug][gc,phases] GC(42)         Humongous Candidates           Min: 3, Avg:  3.0, Max: 3, Diff: 0, Sum: 3, Workers: 1
[2025-06-17T22:38:22.102+0300][3224][19180][debug][gc,phases] GC(42)         Humongous Reclaimed            Min: 0, Avg:  0.0, Max: 0, Diff: 0, Sum: 0, Workers: 1
[2025-06-17T22:38:22.102+0300][3224][19180][debug][gc,phases] GC(42)       Redirty Logged Cards (ms):     Min:  0.0, Avg:  0.0, Max:  0.0, Diff:  0.0, Sum:  0.0, Workers: 8
[2025-06-17T22:38:22.102+0300][3224][19180][debug][gc,phases] GC(42)         Redirtied Cards:               Min: 0, Avg:  0.9, Max: 4, Diff: 4, Sum: 7, Workers: 8
[2025-06-17T22:38:22.102+0300][3224][19180][debug][gc,phases] GC(42)       Resize TLABs (ms):             Min:  0.0, Avg:  0.0, Max:  0.0, Diff:  0.0, Sum:  0.0, Workers: 8
[2025-06-17T22:38:22.102+0300][3224][19180][debug][gc,phases] GC(42)       Free Collection Set (ms):      Min:  0.2, Avg:  0.2, Max:  0.3, Diff:  0.1, Sum:  1.8, Workers: 8
[2025-06-17T22:38:22.102+0300][3224][19180][debug][gc,phases] GC(42)     Rebuild Free List: 0.1ms
[2025-06-17T22:38:22.102+0300][3224][19180][debug][gc,phases] GC(42)     Prepare For Mutator: 0.0ms
[2025-06-17T22:38:22.102+0300][3224][19180][debug][gc,phases] GC(42)     Expand Heap After Collection: 0.0ms
[2025-06-17T22:38:22.102+0300][3224][19180][info ][gc,phases] GC(42)   Other: 0.1ms
[2025-06-17T22:38:22.102+0300][3224][19180][info ][gc,heap  ] GC(42) Eden regions: 1228->0(1227)
[2025-06-17T22:38:22.102+0300][3224][19180][info ][gc,heap  ] GC(42) Survivor regions: 0->1(154)
[2025-06-17T22:38:22.102+0300][3224][19180][info ][gc,heap  ] GC(42) Old regions: 10->10
[2025-06-17T22:38:22.102+0300][3224][19180][info ][gc,heap  ] GC(42) Humongous regions: 18->18
[2025-06-17T22:38:22.102+0300][3224][19180][debug][gc,heap  ] GC(42) Heap after GC invocations=43 (full 3):
[2025-06-17T22:38:22.102+0300][3224][19180][debug][gc,heap  ] GC(42)  garbage-first heap   total 2097152K, used 22893K [0x0000000080000000, 0x0000000100000000)
[2025-06-17T22:38:22.102+0300][3224][19180][debug][gc,heap  ] GC(42)   region size 1024K, 1 young (1024K), 1 survivors (1024K)
[2025-06-17T22:38:22.102+0300][3224][19180][debug][gc,heap  ] GC(42)  Metaspace       used 8733K, committed 9792K, reserved 1114112K
[2025-06-17T22:38:22.102+0300][3224][19180][debug][gc,heap  ] GC(42)   class space    used 874K, committed 1280K, reserved 1048576K
[2025-06-17T22:38:22.102+0300][3224][19180][info ][gc       ] GC(42) Pause Young (Normal) (G1 Evacuation Pause) 1249M->22M(2048M) 3.411ms
[2025-06-17T22:38:22.102+0300][3224][19180][info ][safepoint] Safepoint "G1CollectForAllocation", Time since last: 442887100 ns, Reaching safepoint: 382000 ns, Cleanup: 40800 ns, At safepoint: 3468300 ns, Total: 3891100 ns
[2025-06-17T22:38:22.501+0300][3224][19180][debug][safepoint] Safepoint synchronization initiated using striped semaphore wait barrier. (20 threads)
[2025-06-17T22:38:22.501+0300][3224][1788 ][debug][safepoint] ... found polling page loop exception at pc = 0x00000275901bda60, stub =0x000002758fbb5d80
[2025-06-17T22:38:22.501+0300][3224][18144][debug][safepoint] ... found polling page loop exception at pc = 0x00000275901bda60, stub =0x000002758fbb5d80
[2025-06-17T22:38:22.501+0300][3224][8204 ][debug][safepoint] ... found polling page loop exception at pc = 0x00000275901bda60, stub =0x000002758fbb5d80
[2025-06-17T22:38:22.501+0300][3224][2520 ][debug][safepoint] ... found polling page loop exception at pc = 0x00000275901bda60, stub =0x000002758fbb5d80
[2025-06-17T22:38:22.501+0300][3224][19180][debug][gc,heap  ] GC(43) Heap before GC invocations=43 (full 3):
[2025-06-17T22:38:22.501+0300][3224][19180][debug][gc,heap  ] GC(43)  garbage-first heap   total 2097152K, used 1279341K [0x0000000080000000, 0x0000000100000000)
[2025-06-17T22:38:22.501+0300][3224][19180][debug][gc,heap  ] GC(43)   region size 1024K, 1228 young (1257472K), 1 survivors (1024K)
[2025-06-17T22:38:22.501+0300][3224][19180][debug][gc,heap  ] GC(43)  Metaspace       used 8733K, committed 9792K, reserved 1114112K
[2025-06-17T22:38:22.501+0300][3224][19180][debug][gc,heap  ] GC(43)   class space    used 874K, committed 1280K, reserved 1048576K
[2025-06-17T22:38:22.501+0300][3224][19180][info ][gc,phases] GC(43)   Pre Evacuate Collection Set: 0.3ms
[2025-06-17T22:38:22.501+0300][3224][19180][debug][gc,phases] GC(43)     Pre Evacuate Prepare: 0.1ms
[2025-06-17T22:38:22.501+0300][3224][19180][debug][gc,phases] GC(43)       JT Retire TLABs And Flush Logs (ms): Min:  0.0, Avg:  0.0, Max:  0.0, Diff:  0.0, Sum:  0.0, Workers: 2
[2025-06-17T22:38:22.501+0300][3224][19180][debug][gc,phases] GC(43)       Non-JT Flush Logs (ms):        Min:  0.0, Avg:  0.0, Max:  0.0, Diff:  0.0, Sum:  0.0, Workers: 1
[2025-06-17T22:38:22.501+0300][3224][19180][debug][gc,phases] GC(43)     Choose Collection Set: 0.0ms
[2025-06-17T22:38:22.501+0300][3224][19180][debug][gc,phases] GC(43)     Region Register: 0.2ms
[2025-06-17T22:38:22.501+0300][3224][19180][debug][gc,phases] GC(43)     Prepare Heap Roots: 0.0ms
[2025-06-17T22:38:22.501+0300][3224][19180][info ][gc,phases] GC(43)   Merge Heap Roots: 0.2ms
[2025-06-17T22:38:22.501+0300][3224][19180][debug][gc,phases] GC(43)     Prepare Merge Heap Roots: 0.0ms
[2025-06-17T22:38:22.501+0300][3224][19180][debug][gc,phases] GC(43)     Remembered Sets (ms):          Min:  0.1, Avg:  0.1, Max:  0.1, Diff:  0.0, Sum:  0.9, Workers: 8
[2025-06-17T22:38:22.501+0300][3224][19180][debug][gc,phases] GC(43)       Eager Reclaim (ms):            Min:  0.0, Avg:  0.0, Max:  0.0, Diff:  0.0, Sum:  0.0, Workers: 1
[2025-06-17T22:38:22.501+0300][3224][19180][debug][gc,phases] GC(43)       Merged Inline                  Min: 0, Avg:  0.0, Max: 0, Diff: 0, Sum: 0, Workers: 8
[2025-06-17T22:38:22.501+0300][3224][19180][debug][gc,phases] GC(43)       Merged ArrayOfCards            Min: 0, Avg:  0.0, Max: 0, Diff: 0, Sum: 0, Workers: 8
[2025-06-17T22:38:22.501+0300][3224][19180][debug][gc,phases] GC(43)       Merged Howl                    Min: 0, Avg:  0.0, Max: 0, Diff: 0, Sum: 0, Workers: 8
[2025-06-17T22:38:22.501+0300][3224][19180][debug][gc,phases] GC(43)       Merged Full                    Min: 0, Avg:  0.0, Max: 0, Diff: 0, Sum: 0, Workers: 8
[2025-06-17T22:38:22.501+0300][3224][19180][debug][gc,phases] GC(43)       Merged Howl Inline             Min: 0, Avg:  0.0, Max: 0, Diff: 0, Sum: 0, Workers: 8
[2025-06-17T22:38:22.501+0300][3224][19180][debug][gc,phases] GC(43)       Merged Howl ArrayOfCards       Min: 0, Avg:  0.0, Max: 0, Diff: 0, Sum: 0, Workers: 8
[2025-06-17T22:38:22.501+0300][3224][19180][debug][gc,phases] GC(43)       Merged Howl BitMap             Min: 0, Avg:  0.0, Max: 0, Diff: 0, Sum: 0, Workers: 8
[2025-06-17T22:38:22.501+0300][3224][19180][debug][gc,phases] GC(43)       Merged Howl Full               Min: 0, Avg:  0.0, Max: 0, Diff: 0, Sum: 0, Workers: 8
[2025-06-17T22:38:22.501+0300][3224][19180][debug][gc,phases] GC(43)       Merged Cards                   Min: 8, Avg:  9.0, Max: 16, Diff: 8, Sum: 72, Workers: 8
[2025-06-17T22:38:22.501+0300][3224][19180][debug][gc,phases] GC(43)     Log Buffers (ms):              Min:  0.0, Avg:  0.0, Max:  0.0, Diff:  0.0, Sum:  0.0, Workers: 8
[2025-06-17T22:38:22.501+0300][3224][19180][debug][gc,phases] GC(43)       Dirty Cards:                   Min: 0, Avg:  1.1, Max: 9, Diff: 9, Sum: 9, Workers: 8
[2025-06-17T22:38:22.501+0300][3224][19180][debug][gc,phases] GC(43)       Skipped Cards:                 Min: 0, Avg:  0.0, Max: 0, Diff: 0, Sum: 0, Workers: 8
[2025-06-17T22:38:22.501+0300][3224][19180][info ][gc,phases] GC(43)   Evacuate Collection Set: 0.4ms
[2025-06-17T22:38:22.501+0300][3224][19180][debug][gc,phases] GC(43)     Ext Root Scanning (ms):        Min:  0.1, Avg:  0.1, Max:  0.1, Diff:  0.0, Sum:  0.5, Workers: 8
[2025-06-17T22:38:22.501+0300][3224][19180][debug][gc,phases] GC(43)     Scan Heap Roots (ms):          Min:  0.0, Avg:  0.0, Max:  0.0, Diff:  0.0, Sum:  0.0, Workers: 8
[2025-06-17T22:38:22.501+0300][3224][19180][debug][gc,phases] GC(43)       Scanned Cards:                 Min: 0, Avg:  1.1, Max: 3, Diff: 3, Sum: 9, Workers: 8
[2025-06-17T22:38:22.501+0300][3224][19180][debug][gc,phases] GC(43)       Scanned Blocks:                Min: 0, Avg:  1.0, Max: 3, Diff: 3, Sum: 8, Workers: 8
[2025-06-17T22:38:22.501+0300][3224][19180][debug][gc,phases] GC(43)       Claimed Chunks:                Min: 0, Avg:  0.9, Max: 2, Diff: 2, Sum: 7, Workers: 8
[2025-06-17T22:38:22.501+0300][3224][19180][debug][gc,phases] GC(43)       Found Roots:                   Min: 0, Avg:  0.9, Max: 2, Diff: 2, Sum: 7, Workers: 8
[2025-06-17T22:38:22.501+0300][3224][19180][debug][gc,phases] GC(43)     Code Root Scan (ms):           Min:  0.1, Avg:  0.1, Max:  0.1, Diff:  0.0, Sum:  0.8, Workers: 8
[2025-06-17T22:38:22.501+0300][3224][19180][debug][gc,phases] GC(43)       Scanned Nmethods               Min: 0, Avg:  0.0, Max: 0, Diff: 0, Sum: 0, Workers: 8
[2025-06-17T22:38:22.501+0300][3224][19180][debug][gc,phases] GC(43)     Object Copy (ms):              Min:  0.1, Avg:  0.1, Max:  0.1, Diff:  0.0, Sum:  0.6, Workers: 8
[2025-06-17T22:38:22.501+0300][3224][19180][debug][gc,phases] GC(43)     Termination (ms):              Min:  0.0, Avg:  0.0, Max:  0.0, Diff:  0.0, Sum:  0.1, Workers: 8
[2025-06-17T22:38:22.501+0300][3224][19180][debug][gc,phases] GC(43)       Termination Attempts:          Min: 1, Avg:  1.0, Max: 1, Diff: 0, Sum: 8, Workers: 8
[2025-06-17T22:38:22.501+0300][3224][19180][debug][gc,phases] GC(43)     GC Worker Other (ms):          Min:  0.1, Avg:  0.1, Max:  0.1, Diff:  0.0, Sum:  0.8, Workers: 8
[2025-06-17T22:38:22.501+0300][3224][19180][debug][gc,phases] GC(43)     GC Worker Total (ms):          Min:  0.4, Avg:  0.4, Max:  0.4, Diff:  0.0, Sum:  2.9, Workers: 8
[2025-06-17T22:38:22.501+0300][3224][19180][info ][gc,phases] GC(43)   Post Evacuate Collection Set: 0.9ms
[2025-06-17T22:38:22.501+0300][3224][19180][debug][gc,phases] GC(43)     NMethod List Cleanup: 0.0ms
[2025-06-17T22:38:22.501+0300][3224][19180][debug][gc,phases] GC(43)     Reference Processing: 0.1ms
[2025-06-17T22:38:22.501+0300][3224][19180][debug][gc,phases] GC(43)     Weak Processing: 0.1ms
[2025-06-17T22:38:22.501+0300][3224][19180][debug][gc,phases] GC(43)       VM Weak                        Min:  0.0, Avg:  0.0, Max:  0.0, Diff:  0.0, Sum:  0.0, Workers: 8
[2025-06-17T22:38:22.501+0300][3224][19180][debug][gc,phases] GC(43)         Dead                           Min: 0, Avg:  0.0, Max: 0, Diff: 0, Sum: 0, Workers: 8
[2025-06-17T22:38:22.501+0300][3224][19180][debug][gc,phases] GC(43)         Total                          Min: 0, Avg: 15.4, Max: 91, Diff: 91, Sum: 123, Workers: 8
[2025-06-17T22:38:22.501+0300][3224][19180][debug][gc,phases] GC(43)       ObjectSynchronizer Weak        Min:  0.0, Avg:  0.0, Max:  0.0, Diff:  0.0, Sum:  0.0, Workers: 8
[2025-06-17T22:38:22.501+0300][3224][19180][debug][gc,phases] GC(43)         Dead                           Min: 0, Avg:  0.0, Max: 0, Diff: 0, Sum: 0, Workers: 8
[2025-06-17T22:38:22.501+0300][3224][19180][debug][gc,phases] GC(43)         Total                          Min: 0, Avg: 18.6, Max: 85, Diff: 85, Sum: 149, Workers: 8
[2025-06-17T22:38:22.501+0300][3224][19180][debug][gc,phases] GC(43)       JVMTI Tag Weak OopStorage      Min:  0.0, Avg:  0.0, Max:  0.0, Diff:  0.0, Sum:  0.0, Workers: 8
[2025-06-17T22:38:22.501+0300][3224][19180][debug][gc,phases] GC(43)         Dead                           Min: 0, Avg:  0.0, Max: 0, Diff: 0, Sum: 0, Workers: 8
[2025-06-17T22:38:22.501+0300][3224][19180][debug][gc,phases] GC(43)         Total                          Min: 0, Avg:  0.0, Max: 0, Diff: 0, Sum: 0, Workers: 8
[2025-06-17T22:38:22.501+0300][3224][19180][debug][gc,phases] GC(43)       StringTable Weak               Min:  0.0, Avg:  0.0, Max:  0.0, Diff:  0.0, Sum:  0.1, Workers: 8
[2025-06-17T22:38:22.501+0300][3224][19180][debug][gc,phases] GC(43)         Dead                           Min: 0, Avg:  0.0, Max: 0, Diff: 0, Sum: 0, Workers: 8
[2025-06-17T22:38:22.501+0300][3224][19180][debug][gc,phases] GC(43)         Total                          Min: 0, Avg: 779.0, Max: 1088, Diff: 1088, Sum: 6232, Workers: 8
[2025-06-17T22:38:22.501+0300][3224][19180][debug][gc,phases] GC(43)       ResolvedMethodTable Weak       Min:  0.0, Avg:  0.0, Max:  0.0, Diff:  0.0, Sum:  0.0, Workers: 8
[2025-06-17T22:38:22.501+0300][3224][19180][debug][gc,phases] GC(43)         Dead                           Min: 0, Avg:  0.0, Max: 0, Diff: 0, Sum: 0, Workers: 8
[2025-06-17T22:38:22.501+0300][3224][19180][debug][gc,phases] GC(43)         Total                          Min: 0, Avg: 111.8, Max: 128, Diff: 128, Sum: 894, Workers: 8
[2025-06-17T22:38:22.501+0300][3224][19180][debug][gc,phases] GC(43)       JNI Weak                       Min:  0.0, Avg:  0.0, Max:  0.0, Diff:  0.0, Sum:  0.0, Workers: 8
[2025-06-17T22:38:22.501+0300][3224][19180][debug][gc,phases] GC(43)         Dead                           Min: 0, Avg:  0.0, Max: 0, Diff: 0, Sum: 0, Workers: 8
[2025-06-17T22:38:22.501+0300][3224][19180][debug][gc,phases] GC(43)         Total                          Min: 0, Avg:  0.0, Max: 0, Diff: 0, Sum: 0, Workers: 8
[2025-06-17T22:38:22.501+0300][3224][19180][debug][gc,phases] GC(43)       StringDedup Table Weak         Min:  0.0, Avg:  0.0, Max:  0.0, Diff:  0.0, Sum:  0.0, Workers: 8
[2025-06-17T22:38:22.501+0300][3224][19180][debug][gc,phases] GC(43)         Dead                           Min: 0, Avg:  0.0, Max: 0, Diff: 0, Sum: 0, Workers: 8
[2025-06-17T22:38:22.501+0300][3224][19180][debug][gc,phases] GC(43)         Total                          Min: 0, Avg:  0.0, Max: 0, Diff: 0, Sum: 0, Workers: 8
[2025-06-17T22:38:22.501+0300][3224][19180][debug][gc,phases] GC(43)       StringDedup Requests0 Weak     Min:  0.0, Avg:  0.0, Max:  0.0, Diff:  0.0, Sum:  0.0, Workers: 8
[2025-06-17T22:38:22.501+0300][3224][19180][debug][gc,phases] GC(43)         Dead                           Min: 0, Avg:  0.0, Max: 0, Diff: 0, Sum: 0, Workers: 8
[2025-06-17T22:38:22.501+0300][3224][19180][debug][gc,phases] GC(43)         Total                          Min: 0, Avg:  0.0, Max: 0, Diff: 0, Sum: 0, Workers: 8
[2025-06-17T22:38:22.501+0300][3224][19180][debug][gc,phases] GC(43)       StringDedup Requests1 Weak     Min:  0.0, Avg:  0.0, Max:  0.0, Diff:  0.0, Sum:  0.0, Workers: 8
[2025-06-17T22:38:22.501+0300][3224][19180][debug][gc,phases] GC(43)         Dead                           Min: 0, Avg:  0.0, Max: 0, Diff: 0, Sum: 0, Workers: 8
[2025-06-17T22:38:22.501+0300][3224][19180][debug][gc,phases] GC(43)         Total                          Min: 0, Avg:  0.0, Max: 0, Diff: 0, Sum: 0, Workers: 8
[2025-06-17T22:38:22.501+0300][3224][19180][debug][gc,phases] GC(43)       Weak JFR Old Object Samples    Min:  0.0, Avg:  0.0, Max:  0.0, Diff:  0.0, Sum:  0.0, Workers: 8
[2025-06-17T22:38:22.501+0300][3224][19180][debug][gc,phases] GC(43)         Dead                           Min: 0, Avg:  0.0, Max: 0, Diff: 0, Sum: 0, Workers: 8
[2025-06-17T22:38:22.501+0300][3224][19180][debug][gc,phases] GC(43)         Total                          Min: 0, Avg:  0.0, Max: 0, Diff: 0, Sum: 0, Workers: 8
[2025-06-17T22:38:22.501+0300][3224][19180][debug][gc,phases] GC(43)     Post Evacuate Cleanup 1: 0.4ms
[2025-06-17T22:38:22.501+0300][3224][19180][debug][gc,phases] GC(43)       Merge Per-Thread State (ms):   Min:  0.0, Avg:  0.0, Max:  0.0, Diff:  0.0, Sum:  0.0, Workers: 1
[2025-06-17T22:38:22.501+0300][3224][19180][debug][gc,phases] GC(43)         Copied Bytes                   Min: 63672, Avg: 89947.0, Max: 132104, Diff: 68432, Sum: 719576, Workers: 8
[2025-06-17T22:38:22.501+0300][3224][19180][debug][gc,phases] GC(43)         LAB Waste                      Min: 128, Avg: 187.0, Max: 288, Diff: 160, Sum: 1496, Workers: 8
[2025-06-17T22:38:22.501+0300][3224][19180][debug][gc,phases] GC(43)         LAB Undo Waste                 Min: 0, Avg:  0.0, Max: 0, Diff: 0, Sum: 0, Workers: 8
[2025-06-17T22:38:22.501+0300][3224][19180][debug][gc,phases] GC(43)       Clear Logged Cards (ms):       Min:  0.0, Avg:  0.1, Max:  0.3, Diff:  0.3, Sum:  0.7, Workers: 5
[2025-06-17T22:38:22.501+0300][3224][19180][debug][gc,phases] GC(43)       Recalculate Used Memory (ms):  Min:  0.0, Avg:  0.0, Max:  0.0, Diff:  0.0, Sum:  0.0, Workers: 1
[2025-06-17T22:38:22.501+0300][3224][19180][debug][gc,phases] GC(43)     Post Evacuate Cleanup 2: 0.4ms
[2025-06-17T22:38:22.501+0300][3224][19180][debug][gc,phases] GC(43)       Update Derived Pointers (ms):  Min:  0.0, Avg:  0.0, Max:  0.0, Diff:  0.0, Sum:  0.0, Workers: 1
[2025-06-17T22:38:22.501+0300][3224][19180][debug][gc,phases] GC(43)       Eagerly Reclaim Humongous Objects (ms): Min:  0.0, Avg:  0.0, Max:  0.0, Diff:  0.0, Sum:  0.0, Workers: 1
[2025-06-17T22:38:22.501+0300][3224][19180][debug][gc,phases] GC(43)         Humongous Total                Min: 6, Avg:  6.0, Max: 6, Diff: 0, Sum: 6, Workers: 1
[2025-06-17T22:38:22.501+0300][3224][19180][debug][gc,phases] GC(43)         Humongous Candidates           Min: 3, Avg:  3.0, Max: 3, Diff: 0, Sum: 3, Workers: 1
[2025-06-17T22:38:22.501+0300][3224][19180][debug][gc,phases] GC(43)         Humongous Reclaimed            Min: 0, Avg:  0.0, Max: 0, Diff: 0, Sum: 0, Workers: 1
[2025-06-17T22:38:22.501+0300][3224][19180][debug][gc,phases] GC(43)       Redirty Logged Cards (ms):     Min:  0.0, Avg:  0.0, Max:  0.0, Diff:  0.0, Sum:  0.0, Workers: 8
[2025-06-17T22:38:22.501+0300][3224][19180][debug][gc,phases] GC(43)         Redirtied Cards:               Min: 0, Avg:  0.9, Max: 7, Diff: 7, Sum: 7, Workers: 8
[2025-06-17T22:38:22.501+0300][3224][19180][debug][gc,phases] GC(43)       Resize TLABs (ms):             Min:  0.0, Avg:  0.0, Max:  0.0, Diff:  0.0, Sum:  0.0, Workers: 8
[2025-06-17T22:38:22.501+0300][3224][19180][debug][gc,phases] GC(43)       Free Collection Set (ms):      Min:  0.0, Avg:  0.2, Max:  0.3, Diff:  0.2, Sum:  1.8, Workers: 8
[2025-06-17T22:38:22.501+0300][3224][19180][debug][gc,phases] GC(43)     Rebuild Free List: 0.1ms
[2025-06-17T22:38:22.501+0300][3224][19180][debug][gc,phases] GC(43)     Prepare For Mutator: 0.0ms
[2025-06-17T22:38:22.501+0300][3224][19180][debug][gc,phases] GC(43)     Expand Heap After Collection: 0.0ms
[2025-06-17T22:38:22.501+0300][3224][19180][info ][gc,phases] GC(43)   Other: 0.1ms
[2025-06-17T22:38:22.501+0300][3224][19180][info ][gc,heap  ] GC(43) Eden regions: 1227->0(1227)
[2025-06-17T22:38:22.501+0300][3224][19180][info ][gc,heap  ] GC(43) Survivor regions: 1->1(154)
[2025-06-17T22:38:22.501+0300][3224][19180][info ][gc,heap  ] GC(43) Old regions: 10->10
[2025-06-17T22:38:22.501+0300][3224][19180][info ][gc,heap  ] GC(43) Humongous regions: 18->18
[2025-06-17T22:38:22.501+0300][3224][19180][debug][gc,heap  ] GC(43) Heap after GC invocations=44 (full 3):
[2025-06-17T22:38:22.501+0300][3224][19180][debug][gc,heap  ] GC(43)  garbage-first heap   total 2097152K, used 22910K [0x0000000080000000, 0x0000000100000000)
[2025-06-17T22:38:22.501+0300][3224][19180][debug][gc,heap  ] GC(43)   region size 1024K, 1 young (1024K), 1 survivors (1024K)
[2025-06-17T22:38:22.501+0300][3224][19180][debug][gc,heap  ] GC(43)  Metaspace       used 8733K, committed 9792K, reserved 1114112K
[2025-06-17T22:38:22.501+0300][3224][19180][debug][gc,heap  ] GC(43)   class space    used 874K, committed 1280K, reserved 1048576K
[2025-06-17T22:38:22.501+0300][3224][19180][info ][gc       ] GC(43) Pause Young (Normal) (G1 Evacuation Pause) 1249M->22M(2048M) 4.407ms
[2025-06-17T22:38:22.501+0300][3224][19180][info ][safepoint] Safepoint "G1CollectForAllocation", Time since last: 396611500 ns, Reaching safepoint: 324400 ns, Cleanup: 5300 ns, At safepoint: 4471400 ns, Total: 4801100 ns
[2025-06-17T22:38:22.895+0300][3224][19180][debug][safepoint] Safepoint synchronization initiated using striped semaphore wait barrier. (20 threads)
[2025-06-17T22:38:22.895+0300][3224][2424 ][debug][safepoint] ... found polling page loop exception at pc = 0x00000275901bda60, stub =0x000002758fbb5d80
[2025-06-17T22:38:22.895+0300][3224][1788 ][debug][safepoint] ... found polling page loop exception at pc = 0x000002759015cc07, stub =0x000002758fbb5d80
[2025-06-17T22:38:22.895+0300][3224][18176][debug][safepoint] ... found polling page loop exception at pc = 0x00000275901bda60, stub =0x000002758fbb5d80
[2025-06-17T22:38:22.895+0300][3224][2520 ][debug][safepoint] ... found polling page loop exception at pc = 0x00000275901bda60, stub =0x000002758fbb5d80
[2025-06-17T22:38:22.895+0300][3224][18144][debug][safepoint] ... found polling page loop exception at pc = 0x000002759015cc07, stub =0x000002758fbb5d80
[2025-06-17T22:38:22.895+0300][3224][13716][debug][safepoint] ... found polling page loop exception at pc = 0x00000275901bda60, stub =0x000002758fbb5d80
[2025-06-17T22:38:22.895+0300][3224][8204 ][debug][safepoint] ... found polling page loop exception at pc = 0x00000275901c5942, stub =0x000002758fbb6600
[2025-06-17T22:38:22.897+0300][3224][19180][debug][gc,heap  ] GC(44) Heap before GC invocations=44 (full 3):
[2025-06-17T22:38:22.897+0300][3224][19180][debug][gc,heap  ] GC(44)  garbage-first heap   total 2097152K, used 1279358K [0x0000000080000000, 0x0000000100000000)
[2025-06-17T22:38:22.897+0300][3224][19180][debug][gc,heap  ] GC(44)   region size 1024K, 1228 young (1257472K), 1 survivors (1024K)
[2025-06-17T22:38:22.897+0300][3224][19180][debug][gc,heap  ] GC(44)  Metaspace       used 8733K, committed 9792K, reserved 1114112K
[2025-06-17T22:38:22.897+0300][3224][19180][debug][gc,heap  ] GC(44)   class space    used 874K, committed 1280K, reserved 1048576K
[2025-06-17T22:38:22.897+0300][3224][19180][info ][gc,phases] GC(44)   Pre Evacuate Collection Set: 0.3ms
[2025-06-17T22:38:22.897+0300][3224][19180][debug][gc,phases] GC(44)     Pre Evacuate Prepare: 0.0ms
[2025-06-17T22:38:22.897+0300][3224][19180][debug][gc,phases] GC(44)       JT Retire TLABs And Flush Logs (ms): Min:  0.0, Avg:  0.0, Max:  0.0, Diff:  0.0, Sum:  0.0, Workers: 2
[2025-06-17T22:38:22.897+0300][3224][19180][debug][gc,phases] GC(44)       Non-JT Flush Logs (ms):        Min:  0.0, Avg:  0.0, Max:  0.0, Diff:  0.0, Sum:  0.0, Workers: 1
[2025-06-17T22:38:22.897+0300][3224][19180][debug][gc,phases] GC(44)     Choose Collection Set: 0.0ms
[2025-06-17T22:38:22.897+0300][3224][19180][debug][gc,phases] GC(44)     Region Register: 0.3ms
[2025-06-17T22:38:22.897+0300][3224][19180][debug][gc,phases] GC(44)     Prepare Heap Roots: 0.0ms
[2025-06-17T22:38:22.897+0300][3224][19180][info ][gc,phases] GC(44)   Merge Heap Roots: 0.2ms
[2025-06-17T22:38:22.897+0300][3224][19180][debug][gc,phases] GC(44)     Prepare Merge Heap Roots: 0.0ms
[2025-06-17T22:38:22.897+0300][3224][19180][debug][gc,phases] GC(44)     Remembered Sets (ms):          Min:  0.1, Avg:  0.1, Max:  0.1, Diff:  0.0, Sum:  0.9, Workers: 8
[2025-06-17T22:38:22.897+0300][3224][19180][debug][gc,phases] GC(44)       Eager Reclaim (ms):            Min:  0.0, Avg:  0.0, Max:  0.0, Diff:  0.0, Sum:  0.0, Workers: 1
[2025-06-17T22:38:22.897+0300][3224][19180][debug][gc,phases] GC(44)       Merged Inline                  Min: 0, Avg:  0.0, Max: 0, Diff: 0, Sum: 0, Workers: 8
[2025-06-17T22:38:22.897+0300][3224][19180][debug][gc,phases] GC(44)       Merged ArrayOfCards            Min: 0, Avg:  0.0, Max: 0, Diff: 0, Sum: 0, Workers: 8
[2025-06-17T22:38:22.897+0300][3224][19180][debug][gc,phases] GC(44)       Merged Howl                    Min: 0, Avg:  0.0, Max: 0, Diff: 0, Sum: 0, Workers: 8
[2025-06-17T22:38:22.897+0300][3224][19180][debug][gc,phases] GC(44)       Merged Full                    Min: 0, Avg:  0.0, Max: 0, Diff: 0, Sum: 0, Workers: 8
[2025-06-17T22:38:22.897+0300][3224][19180][debug][gc,phases] GC(44)       Merged Howl Inline             Min: 0, Avg:  0.0, Max: 0, Diff: 0, Sum: 0, Workers: 8
[2025-06-17T22:38:22.897+0300][3224][19180][debug][gc,phases] GC(44)       Merged Howl ArrayOfCards       Min: 0, Avg:  0.0, Max: 0, Diff: 0, Sum: 0, Workers: 8
[2025-06-17T22:38:22.897+0300][3224][19180][debug][gc,phases] GC(44)       Merged Howl BitMap             Min: 0, Avg:  0.0, Max: 0, Diff: 0, Sum: 0, Workers: 8
[2025-06-17T22:38:22.897+0300][3224][19180][debug][gc,phases] GC(44)       Merged Howl Full               Min: 0, Avg:  0.0, Max: 0, Diff: 0, Sum: 0, Workers: 8
[2025-06-17T22:38:22.897+0300][3224][19180][debug][gc,phases] GC(44)       Merged Cards                   Min: 8, Avg:  9.0, Max: 16, Diff: 8, Sum: 72, Workers: 8
[2025-06-17T22:38:22.897+0300][3224][19180][debug][gc,phases] GC(44)     Log Buffers (ms):              Min:  0.0, Avg:  0.0, Max:  0.0, Diff:  0.0, Sum:  0.0, Workers: 8
[2025-06-17T22:38:22.897+0300][3224][19180][debug][gc,phases] GC(44)       Dirty Cards:                   Min: 0, Avg:  1.1, Max: 9, Diff: 9, Sum: 9, Workers: 8
[2025-06-17T22:38:22.897+0300][3224][19180][debug][gc,phases] GC(44)       Skipped Cards:                 Min: 0, Avg:  0.0, Max: 0, Diff: 0, Sum: 0, Workers: 8
[2025-06-17T22:38:22.897+0300][3224][19180][info ][gc,phases] GC(44)   Evacuate Collection Set: 0.4ms
[2025-06-17T22:38:22.897+0300][3224][19180][debug][gc,phases] GC(44)     Ext Root Scanning (ms):        Min:  0.1, Avg:  0.1, Max:  0.1, Diff:  0.0, Sum:  0.5, Workers: 8
[2025-06-17T22:38:22.897+0300][3224][19180][debug][gc,phases] GC(44)     Scan Heap Roots (ms):          Min:  0.0, Avg:  0.0, Max:  0.0, Diff:  0.0, Sum:  0.0, Workers: 8
[2025-06-17T22:38:22.897+0300][3224][19180][debug][gc,phases] GC(44)       Scanned Cards:                 Min: 0, Avg:  1.1, Max: 3, Diff: 3, Sum: 9, Workers: 8
[2025-06-17T22:38:22.897+0300][3224][19180][debug][gc,phases] GC(44)       Scanned Blocks:                Min: 0, Avg:  1.0, Max: 3, Diff: 3, Sum: 8, Workers: 8
[2025-06-17T22:38:22.897+0300][3224][19180][debug][gc,phases] GC(44)       Claimed Chunks:                Min: 0, Avg:  0.9, Max: 2, Diff: 2, Sum: 7, Workers: 8
[2025-06-17T22:38:22.897+0300][3224][19180][debug][gc,phases] GC(44)       Found Roots:                   Min: 0, Avg:  0.9, Max: 2, Diff: 2, Sum: 7, Workers: 8
[2025-06-17T22:38:22.897+0300][3224][19180][debug][gc,phases] GC(44)     Code Root Scan (ms):           Min:  0.1, Avg:  0.1, Max:  0.1, Diff:  0.0, Sum:  0.9, Workers: 8
[2025-06-17T22:38:22.897+0300][3224][19180][debug][gc,phases] GC(44)       Scanned Nmethods               Min: 0, Avg:  0.0, Max: 0, Diff: 0, Sum: 0, Workers: 8
[2025-06-17T22:38:22.897+0300][3224][19180][debug][gc,phases] GC(44)     Object Copy (ms):              Min:  0.1, Avg:  0.1, Max:  0.1, Diff:  0.0, Sum:  0.7, Workers: 8
[2025-06-17T22:38:22.897+0300][3224][19180][debug][gc,phases] GC(44)     Termination (ms):              Min:  0.0, Avg:  0.0, Max:  0.0, Diff:  0.0, Sum:  0.1, Workers: 8
[2025-06-17T22:38:22.897+0300][3224][19180][debug][gc,phases] GC(44)       Termination Attempts:          Min: 1, Avg:  1.0, Max: 1, Diff: 0, Sum: 8, Workers: 8
[2025-06-17T22:38:22.897+0300][3224][19180][debug][gc,phases] GC(44)     GC Worker Other (ms):          Min:  0.1, Avg:  0.1, Max:  0.1, Diff:  0.0, Sum:  0.9, Workers: 8
[2025-06-17T22:38:22.897+0300][3224][19180][debug][gc,phases] GC(44)     GC Worker Total (ms):          Min:  0.4, Avg:  0.4, Max:  0.4, Diff:  0.0, Sum:  3.0, Workers: 8
[2025-06-17T22:38:22.897+0300][3224][19180][info ][gc,phases] GC(44)   Post Evacuate Collection Set: 0.8ms
[2025-06-17T22:38:22.897+0300][3224][19180][debug][gc,phases] GC(44)     NMethod List Cleanup: 0.0ms
[2025-06-17T22:38:22.897+0300][3224][19180][debug][gc,phases] GC(44)     Reference Processing: 0.1ms
[2025-06-17T22:38:22.897+0300][3224][19180][debug][gc,phases] GC(44)     Weak Processing: 0.1ms
[2025-06-17T22:38:22.897+0300][3224][19180][debug][gc,phases] GC(44)       VM Weak                        Min:  0.0, Avg:  0.0, Max:  0.0, Diff:  0.0, Sum:  0.0, Workers: 8
[2025-06-17T22:38:22.897+0300][3224][19180][debug][gc,phases] GC(44)         Dead                           Min: 0, Avg:  0.0, Max: 0, Diff: 0, Sum: 0, Workers: 8
[2025-06-17T22:38:22.897+0300][3224][19180][debug][gc,phases] GC(44)         Total                          Min: 0, Avg: 15.4, Max: 73, Diff: 73, Sum: 123, Workers: 8
[2025-06-17T22:38:22.897+0300][3224][19180][debug][gc,phases] GC(44)       ObjectSynchronizer Weak        Min:  0.0, Avg:  0.0, Max:  0.0, Diff:  0.0, Sum:  0.0, Workers: 8
[2025-06-17T22:38:22.897+0300][3224][19180][debug][gc,phases] GC(44)         Dead                           Min: 0, Avg:  0.0, Max: 0, Diff: 0, Sum: 0, Workers: 8
[2025-06-17T22:38:22.897+0300][3224][19180][debug][gc,phases] GC(44)         Total                          Min: 0, Avg: 18.6, Max: 64, Diff: 64, Sum: 149, Workers: 8
[2025-06-17T22:38:22.897+0300][3224][19180][debug][gc,phases] GC(44)       JVMTI Tag Weak OopStorage      Min:  0.0, Avg:  0.0, Max:  0.0, Diff:  0.0, Sum:  0.0, Workers: 8
[2025-06-17T22:38:22.897+0300][3224][19180][debug][gc,phases] GC(44)         Dead                           Min: 0, Avg:  0.0, Max: 0, Diff: 0, Sum: 0, Workers: 8
[2025-06-17T22:38:22.897+0300][3224][19180][debug][gc,phases] GC(44)         Total                          Min: 0, Avg:  0.0, Max: 0, Diff: 0, Sum: 0, Workers: 8
[2025-06-17T22:38:22.897+0300][3224][19180][debug][gc,phases] GC(44)       StringTable Weak               Min:  0.0, Avg:  0.0, Max:  0.0, Diff:  0.0, Sum:  0.1, Workers: 8
[2025-06-17T22:38:22.897+0300][3224][19180][debug][gc,phases] GC(44)         Dead                           Min: 0, Avg:  0.0, Max: 0, Diff: 0, Sum: 0, Workers: 8
[2025-06-17T22:38:22.897+0300][3224][19180][debug][gc,phases] GC(44)         Total                          Min: 576, Avg: 779.0, Max: 960, Diff: 384, Sum: 6232, Workers: 8
[2025-06-17T22:38:22.897+0300][3224][19180][debug][gc,phases] GC(44)       ResolvedMethodTable Weak       Min:  0.0, Avg:  0.0, Max:  0.0, Diff:  0.0, Sum:  0.0, Workers: 8
[2025-06-17T22:38:22.897+0300][3224][19180][debug][gc,phases] GC(44)         Dead                           Min: 0, Avg:  0.0, Max: 0, Diff: 0, Sum: 0, Workers: 8
[2025-06-17T22:38:22.897+0300][3224][19180][debug][gc,phases] GC(44)         Total                          Min: 64, Avg: 111.8, Max: 128, Diff: 64, Sum: 894, Workers: 8
[2025-06-17T22:38:22.897+0300][3224][19180][debug][gc,phases] GC(44)       JNI Weak                       Min:  0.0, Avg:  0.0, Max:  0.0, Diff:  0.0, Sum:  0.0, Workers: 8
[2025-06-17T22:38:22.897+0300][3224][19180][debug][gc,phases] GC(44)         Dead                           Min: 0, Avg:  0.0, Max: 0, Diff: 0, Sum: 0, Workers: 8
[2025-06-17T22:38:22.897+0300][3224][19180][debug][gc,phases] GC(44)         Total                          Min: 0, Avg:  0.0, Max: 0, Diff: 0, Sum: 0, Workers: 8
[2025-06-17T22:38:22.897+0300][3224][19180][debug][gc,phases] GC(44)       StringDedup Table Weak         Min:  0.0, Avg:  0.0, Max:  0.0, Diff:  0.0, Sum:  0.0, Workers: 8
[2025-06-17T22:38:22.897+0300][3224][19180][debug][gc,phases] GC(44)         Dead                           Min: 0, Avg:  0.0, Max: 0, Diff: 0, Sum: 0, Workers: 8
[2025-06-17T22:38:22.897+0300][3224][19180][debug][gc,phases] GC(44)         Total                          Min: 0, Avg:  0.0, Max: 0, Diff: 0, Sum: 0, Workers: 8
[2025-06-17T22:38:22.897+0300][3224][19180][debug][gc,phases] GC(44)       StringDedup Requests0 Weak     Min:  0.0, Avg:  0.0, Max:  0.0, Diff:  0.0, Sum:  0.0, Workers: 8
[2025-06-17T22:38:22.897+0300][3224][19180][debug][gc,phases] GC(44)         Dead                           Min: 0, Avg:  0.0, Max: 0, Diff: 0, Sum: 0, Workers: 8
[2025-06-17T22:38:22.897+0300][3224][19180][debug][gc,phases] GC(44)         Total                          Min: 0, Avg:  0.0, Max: 0, Diff: 0, Sum: 0, Workers: 8
[2025-06-17T22:38:22.897+0300][3224][19180][debug][gc,phases] GC(44)       StringDedup Requests1 Weak     Min:  0.0, Avg:  0.0, Max:  0.0, Diff:  0.0, Sum:  0.0, Workers: 8
[2025-06-17T22:38:22.897+0300][3224][19180][debug][gc,phases] GC(44)         Dead                           Min: 0, Avg:  0.0, Max: 0, Diff: 0, Sum: 0, Workers: 8
[2025-06-17T22:38:22.897+0300][3224][19180][debug][gc,phases] GC(44)         Total                          Min: 0, Avg:  0.0, Max: 0, Diff: 0, Sum: 0, Workers: 8
[2025-06-17T22:38:22.900+0300][3224][19180][debug][gc,phases] GC(44)       Weak JFR Old Object Samples    Min:  0.0, Avg:  0.0, Max:  0.0, Diff:  0.0, Sum:  0.0, Workers: 8
[2025-06-17T22:38:22.900+0300][3224][19180][debug][gc,phases] GC(44)         Dead                           Min: 0, Avg:  0.0, Max: 0, Diff: 0, Sum: 0, Workers: 8
[2025-06-17T22:38:22.900+0300][3224][19180][debug][gc,phases] GC(44)         Total                          Min: 0, Avg:  0.0, Max: 0, Diff: 0, Sum: 0, Workers: 8
[2025-06-17T22:38:22.900+0300][3224][19180][debug][gc,phases] GC(44)     Post Evacuate Cleanup 1: 0.2ms
[2025-06-17T22:38:22.900+0300][3224][19180][debug][gc,phases] GC(44)       Merge Per-Thread State (ms):   Min:  0.0, Avg:  0.0, Max:  0.0, Diff:  0.0, Sum:  0.0, Workers: 1
[2025-06-17T22:38:22.900+0300][3224][19180][debug][gc,phases] GC(44)         Copied Bytes                   Min: 67528, Avg: 91170.0, Max: 106624, Diff: 39096, Sum: 729360, Workers: 8
[2025-06-17T22:38:22.900+0300][3224][19180][debug][gc,phases] GC(44)         LAB Waste                      Min: 128, Avg: 189.0, Max: 312, Diff: 184, Sum: 1512, Workers: 8
[2025-06-17T22:38:22.900+0300][3224][19180][debug][gc,phases] GC(44)         LAB Undo Waste                 Min: 0, Avg:  0.0, Max: 0, Diff: 0, Sum: 0, Workers: 8
[2025-06-17T22:38:22.900+0300][3224][19180][debug][gc,phases] GC(44)       Clear Logged Cards (ms):       Min:  0.0, Avg:  0.1, Max:  0.2, Diff:  0.2, Sum:  0.5, Workers: 5
[2025-06-17T22:38:22.900+0300][3224][19180][debug][gc,phases] GC(44)       Recalculate Used Memory (ms):  Min:  0.0, Avg:  0.0, Max:  0.0, Diff:  0.0, Sum:  0.0, Workers: 1
[2025-06-17T22:38:22.900+0300][3224][19180][debug][gc,phases] GC(44)     Post Evacuate Cleanup 2: 0.4ms
[2025-06-17T22:38:22.900+0300][3224][19180][debug][gc,phases] GC(44)       Update Derived Pointers (ms):  Min:  0.0, Avg:  0.0, Max:  0.0, Diff:  0.0, Sum:  0.0, Workers: 1
[2025-06-17T22:38:22.900+0300][3224][19180][debug][gc,phases] GC(44)       Eagerly Reclaim Humongous Objects (ms): Min:  0.0, Avg:  0.0, Max:  0.0, Diff:  0.0, Sum:  0.0, Workers: 1
[2025-06-17T22:38:22.900+0300][3224][19180][debug][gc,phases] GC(44)         Humongous Total                Min: 6, Avg:  6.0, Max: 6, Diff: 0, Sum: 6, Workers: 1
[2025-06-17T22:38:22.900+0300][3224][19180][debug][gc,phases] GC(44)         Humongous Candidates           Min: 3, Avg:  3.0, Max: 3, Diff: 0, Sum: 3, Workers: 1
[2025-06-17T22:38:22.900+0300][3224][19180][debug][gc,phases] GC(44)         Humongous Reclaimed            Min: 0, Avg:  0.0, Max: 0, Diff: 0, Sum: 0, Workers: 1
[2025-06-17T22:38:22.900+0300][3224][19180][debug][gc,phases] GC(44)       Redirty Logged Cards (ms):     Min:  0.0, Avg:  0.0, Max:  0.0, Diff:  0.0, Sum:  0.0, Workers: 8
[2025-06-17T22:38:22.900+0300][3224][19180][debug][gc,phases] GC(44)         Redirtied Cards:               Min: 0, Avg:  1.0, Max: 3, Diff: 3, Sum: 8, Workers: 8
[2025-06-17T22:38:22.900+0300][3224][19180][debug][gc,phases] GC(44)       Resize TLABs (ms):             Min:  0.0, Avg:  0.0, Max:  0.0, Diff:  0.0, Sum:  0.0, Workers: 8
[2025-06-17T22:38:22.900+0300][3224][19180][debug][gc,phases] GC(44)       Free Collection Set (ms):      Min:  0.0, Avg:  0.2, Max:  0.3, Diff:  0.3, Sum:  1.6, Workers: 8
[2025-06-17T22:38:22.900+0300][3224][19180][debug][gc,phases] GC(44)     Rebuild Free List: 0.1ms
[2025-06-17T22:38:22.900+0300][3224][19180][debug][gc,phases] GC(44)     Prepare For Mutator: 0.0ms
[2025-06-17T22:38:22.900+0300][3224][19180][debug][gc,phases] GC(44)     Expand Heap After Collection: 0.0ms
[2025-06-17T22:38:22.900+0300][3224][19180][info ][gc,phases] GC(44)   Other: 0.1ms
[2025-06-17T22:38:22.900+0300][3224][19180][info ][gc,heap  ] GC(44) Eden regions: 1227->0(1227)
[2025-06-17T22:38:22.900+0300][3224][19180][info ][gc,heap  ] GC(44) Survivor regions: 1->1(154)
[2025-06-17T22:38:22.900+0300][3224][19180][info ][gc,heap  ] GC(44) Old regions: 10->10
[2025-06-17T22:38:22.900+0300][3224][19180][info ][gc,heap  ] GC(44) Humongous regions: 18->18
[2025-06-17T22:38:22.900+0300][3224][19180][debug][gc,heap  ] GC(44) Heap after GC invocations=45 (full 3):
[2025-06-17T22:38:22.900+0300][3224][19180][debug][gc,heap  ] GC(44)  garbage-first heap   total 2097152K, used 22919K [0x0000000080000000, 0x0000000100000000)
[2025-06-17T22:38:22.900+0300][3224][19180][debug][gc,heap  ] GC(44)   region size 1024K, 1 young (1024K), 1 survivors (1024K)
[2025-06-17T22:38:22.900+0300][3224][19180][debug][gc,heap  ] GC(44)  Metaspace       used 8733K, committed 9792K, reserved 1114112K
[2025-06-17T22:38:22.900+0300][3224][19180][debug][gc,heap  ] GC(44)   class space    used 874K, committed 1280K, reserved 1048576K
[2025-06-17T22:38:22.900+0300][3224][19180][info ][gc       ] GC(44) Pause Young (Normal) (G1 Evacuation Pause) 1249M->22M(2048M) 3.443ms
[2025-06-17T22:38:22.900+0300][3224][19180][info ][safepoint] Safepoint "G1CollectForAllocation", Time since last: 389202300 ns, Reaching safepoint: 493200 ns, Cleanup: 14000 ns, At safepoint: 3499500 ns, Total: 4006700 ns
[2025-06-17T22:38:23.302+0300][3224][19180][debug][safepoint] Safepoint synchronization initiated using striped semaphore wait barrier. (20 threads)
[2025-06-17T22:38:23.302+0300][3224][2424 ][debug][safepoint] ... found polling page loop exception at pc = 0x00000275901d1722, stub =0x000002758fbb6600
[2025-06-17T22:38:23.302+0300][3224][18176][debug][safepoint] ... found polling page loop exception at pc = 0x00000275901bda60, stub =0x000002758fbb5d80
[2025-06-17T22:38:23.302+0300][3224][18144][debug][safepoint] ... found polling page loop exception at pc = 0x00000275903d4523, stub =0x000002758fbb6600
[2025-06-17T22:38:23.302+0300][3224][19180][debug][gc,heap  ] GC(45) Heap before GC invocations=45 (full 3):
[2025-06-17T22:38:23.302+0300][3224][19180][debug][gc,heap  ] GC(45)  garbage-first heap   total 2097152K, used 1279367K [0x0000000080000000, 0x0000000100000000)
[2025-06-17T22:38:23.302+0300][3224][19180][debug][gc,heap  ] GC(45)   region size 1024K, 1228 young (1257472K), 1 survivors (1024K)
[2025-06-17T22:38:23.302+0300][3224][19180][debug][gc,heap  ] GC(45)  Metaspace       used 8733K, committed 9792K, reserved 1114112K
[2025-06-17T22:38:23.302+0300][3224][19180][debug][gc,heap  ] GC(45)   class space    used 874K, committed 1280K, reserved 1048576K
[2025-06-17T22:38:23.304+0300][3224][19180][info ][gc,phases] GC(45)   Pre Evacuate Collection Set: 0.4ms
[2025-06-17T22:38:23.304+0300][3224][19180][debug][gc,phases] GC(45)     Pre Evacuate Prepare: 0.1ms
[2025-06-17T22:38:23.304+0300][3224][19180][debug][gc,phases] GC(45)       JT Retire TLABs And Flush Logs (ms): Min:  0.0, Avg:  0.0, Max:  0.0, Diff:  0.0, Sum:  0.0, Workers: 2
[2025-06-17T22:38:23.304+0300][3224][19180][debug][gc,phases] GC(45)       Non-JT Flush Logs (ms):        Min:  0.0, Avg:  0.0, Max:  0.0, Diff:  0.0, Sum:  0.0, Workers: 1
[2025-06-17T22:38:23.304+0300][3224][19180][debug][gc,phases] GC(45)     Choose Collection Set: 0.0ms
[2025-06-17T22:38:23.304+0300][3224][19180][debug][gc,phases] GC(45)     Region Register: 0.3ms
[2025-06-17T22:38:23.304+0300][3224][19180][debug][gc,phases] GC(45)     Prepare Heap Roots: 0.0ms
[2025-06-17T22:38:23.304+0300][3224][19180][info ][gc,phases] GC(45)   Merge Heap Roots: 0.2ms
[2025-06-17T22:38:23.304+0300][3224][19180][debug][gc,phases] GC(45)     Prepare Merge Heap Roots: 0.0ms
[2025-06-17T22:38:23.304+0300][3224][19180][debug][gc,phases] GC(45)     Remembered Sets (ms):          Min:  0.0, Avg:  0.1, Max:  0.1, Diff:  0.1, Sum:  0.9, Workers: 8
[2025-06-17T22:38:23.304+0300][3224][19180][debug][gc,phases] GC(45)       Eager Reclaim (ms):            Min:  0.0, Avg:  0.0, Max:  0.0, Diff:  0.0, Sum:  0.0, Workers: 1
[2025-06-17T22:38:23.304+0300][3224][19180][debug][gc,phases] GC(45)       Merged Inline                  Min: 0, Avg:  0.0, Max: 0, Diff: 0, Sum: 0, Workers: 8
[2025-06-17T22:38:23.304+0300][3224][19180][debug][gc,phases] GC(45)       Merged ArrayOfCards            Min: 0, Avg:  0.0, Max: 0, Diff: 0, Sum: 0, Workers: 8
[2025-06-17T22:38:23.304+0300][3224][19180][debug][gc,phases] GC(45)       Merged Howl                    Min: 0, Avg:  0.0, Max: 0, Diff: 0, Sum: 0, Workers: 8
[2025-06-17T22:38:23.304+0300][3224][19180][debug][gc,phases] GC(45)       Merged Full                    Min: 0, Avg:  0.0, Max: 0, Diff: 0, Sum: 0, Workers: 8
[2025-06-17T22:38:23.304+0300][3224][19180][debug][gc,phases] GC(45)       Merged Howl Inline             Min: 0, Avg:  0.0, Max: 0, Diff: 0, Sum: 0, Workers: 8
[2025-06-17T22:38:23.304+0300][3224][19180][debug][gc,phases] GC(45)       Merged Howl ArrayOfCards       Min: 0, Avg:  0.0, Max: 0, Diff: 0, Sum: 0, Workers: 8
[2025-06-17T22:38:23.304+0300][3224][19180][debug][gc,phases] GC(45)       Merged Howl BitMap             Min: 0, Avg:  0.0, Max: 0, Diff: 0, Sum: 0, Workers: 8
[2025-06-17T22:38:23.304+0300][3224][19180][debug][gc,phases] GC(45)       Merged Howl Full               Min: 0, Avg:  0.0, Max: 0, Diff: 0, Sum: 0, Workers: 8
[2025-06-17T22:38:23.304+0300][3224][19180][debug][gc,phases] GC(45)       Merged Cards                   Min: 8, Avg:  9.0, Max: 16, Diff: 8, Sum: 72, Workers: 8
[2025-06-17T22:38:23.304+0300][3224][19180][debug][gc,phases] GC(45)     Log Buffers (ms):              Min:  0.0, Avg:  0.0, Max:  0.0, Diff:  0.0, Sum:  0.0, Workers: 8
[2025-06-17T22:38:23.304+0300][3224][19180][debug][gc,phases] GC(45)       Dirty Cards:                   Min: 0, Avg:  1.2, Max: 6, Diff: 6, Sum: 10, Workers: 8
[2025-06-17T22:38:23.304+0300][3224][19180][debug][gc,phases] GC(45)       Skipped Cards:                 Min: 0, Avg:  0.0, Max: 0, Diff: 0, Sum: 0, Workers: 8
[2025-06-17T22:38:23.304+0300][3224][19180][info ][gc,phases] GC(45)   Evacuate Collection Set: 0.4ms
[2025-06-17T22:38:23.304+0300][3224][19180][debug][gc,phases] GC(45)     Ext Root Scanning (ms):        Min:  0.1, Avg:  0.1, Max:  0.1, Diff:  0.0, Sum:  0.5, Workers: 8
[2025-06-17T22:38:23.304+0300][3224][19180][debug][gc,phases] GC(45)     Scan Heap Roots (ms):          Min:  0.0, Avg:  0.0, Max:  0.0, Diff:  0.0, Sum:  0.0, Workers: 8
[2025-06-17T22:38:23.304+0300][3224][19180][debug][gc,phases] GC(45)       Scanned Cards:                 Min: 0, Avg:  1.1, Max: 4, Diff: 4, Sum: 9, Workers: 8
[2025-06-17T22:38:23.304+0300][3224][19180][debug][gc,phases] GC(45)       Scanned Blocks:                Min: 0, Avg:  1.0, Max: 3, Diff: 3, Sum: 8, Workers: 8
[2025-06-17T22:38:23.304+0300][3224][19180][debug][gc,phases] GC(45)       Claimed Chunks:                Min: 0, Avg:  0.9, Max: 3, Diff: 3, Sum: 7, Workers: 8
[2025-06-17T22:38:23.304+0300][3224][19180][debug][gc,phases] GC(45)       Found Roots:                   Min: 0, Avg:  0.9, Max: 3, Diff: 3, Sum: 7, Workers: 8
[2025-06-17T22:38:23.304+0300][3224][19180][debug][gc,phases] GC(45)     Code Root Scan (ms):           Min:  0.1, Avg:  0.1, Max:  0.1, Diff:  0.0, Sum:  0.8, Workers: 8
[2025-06-17T22:38:23.304+0300][3224][19180][debug][gc,phases] GC(45)       Scanned Nmethods               Min: 0, Avg:  0.0, Max: 0, Diff: 0, Sum: 0, Workers: 8
[2025-06-17T22:38:23.304+0300][3224][19180][debug][gc,phases] GC(45)     Object Copy (ms):              Min:  0.1, Avg:  0.1, Max:  0.1, Diff:  0.0, Sum:  0.7, Workers: 8
[2025-06-17T22:38:23.304+0300][3224][19180][debug][gc,phases] GC(45)     Termination (ms):              Min:  0.0, Avg:  0.0, Max:  0.0, Diff:  0.0, Sum:  0.1, Workers: 8
[2025-06-17T22:38:23.304+0300][3224][19180][debug][gc,phases] GC(45)       Termination Attempts:          Min: 1, Avg:  1.0, Max: 1, Diff: 0, Sum: 8, Workers: 8
[2025-06-17T22:38:23.304+0300][3224][19180][debug][gc,phases] GC(45)     GC Worker Other (ms):          Min:  0.1, Avg:  0.1, Max:  0.1, Diff:  0.0, Sum:  0.8, Workers: 8
[2025-06-17T22:38:23.304+0300][3224][19180][debug][gc,phases] GC(45)     GC Worker Total (ms):          Min:  0.4, Avg:  0.4, Max:  0.4, Diff:  0.0, Sum:  3.0, Workers: 8
[2025-06-17T22:38:23.304+0300][3224][19180][info ][gc,phases] GC(45)   Post Evacuate Collection Set: 0.7ms
[2025-06-17T22:38:23.304+0300][3224][19180][debug][gc,phases] GC(45)     NMethod List Cleanup: 0.0ms
[2025-06-17T22:38:23.304+0300][3224][19180][debug][gc,phases] GC(45)     Reference Processing: 0.1ms
[2025-06-17T22:38:23.304+0300][3224][19180][debug][gc,phases] GC(45)     Weak Processing: 0.1ms
[2025-06-17T22:38:23.304+0300][3224][19180][debug][gc,phases] GC(45)       VM Weak                        Min:  0.0, Avg:  0.0, Max:  0.0, Diff:  0.0, Sum:  0.0, Workers: 8
[2025-06-17T22:38:23.304+0300][3224][19180][debug][gc,phases] GC(45)         Dead                           Min: 0, Avg:  0.0, Max: 0, Diff: 0, Sum: 0, Workers: 8
[2025-06-17T22:38:23.304+0300][3224][19180][debug][gc,phases] GC(45)         Total                          Min: 0, Avg: 15.4, Max: 76, Diff: 76, Sum: 123, Workers: 8
[2025-06-17T22:38:23.304+0300][3224][19180][debug][gc,phases] GC(45)       ObjectSynchronizer Weak        Min:  0.0, Avg:  0.0, Max:  0.0, Diff:  0.0, Sum:  0.0, Workers: 8
[2025-06-17T22:38:23.304+0300][3224][19180][debug][gc,phases] GC(45)         Dead                           Min: 0, Avg:  0.0, Max: 0, Diff: 0, Sum: 0, Workers: 8
[2025-06-17T22:38:23.304+0300][3224][19180][debug][gc,phases] GC(45)         Total                          Min: 0, Avg: 18.6, Max: 64, Diff: 64, Sum: 149, Workers: 8
[2025-06-17T22:38:23.304+0300][3224][19180][debug][gc,phases] GC(45)       JVMTI Tag Weak OopStorage      Min:  0.0, Avg:  0.0, Max:  0.0, Diff:  0.0, Sum:  0.0, Workers: 8
[2025-06-17T22:38:23.304+0300][3224][19180][debug][gc,phases] GC(45)         Dead                           Min: 0, Avg:  0.0, Max: 0, Diff: 0, Sum: 0, Workers: 8
[2025-06-17T22:38:23.304+0300][3224][19180][debug][gc,phases] GC(45)         Total                          Min: 0, Avg:  0.0, Max: 0, Diff: 0, Sum: 0, Workers: 8
[2025-06-17T22:38:23.304+0300][3224][19180][debug][gc,phases] GC(45)       StringTable Weak               Min:  0.0, Avg:  0.0, Max:  0.0, Diff:  0.0, Sum:  0.1, Workers: 8
[2025-06-17T22:38:23.304+0300][3224][19180][debug][gc,phases] GC(45)         Dead                           Min: 0, Avg:  0.0, Max: 0, Diff: 0, Sum: 0, Workers: 8
[2025-06-17T22:38:23.304+0300][3224][19180][debug][gc,phases] GC(45)         Total                          Min: 640, Avg: 779.0, Max: 960, Diff: 320, Sum: 6232, Workers: 8
[2025-06-17T22:38:23.304+0300][3224][19180][debug][gc,phases] GC(45)       ResolvedMethodTable Weak       Min:  0.0, Avg:  0.0, Max:  0.0, Diff:  0.0, Sum:  0.0, Workers: 8
[2025-06-17T22:38:23.304+0300][3224][19180][debug][gc,phases] GC(45)         Dead                           Min: 0, Avg:  0.0, Max: 0, Diff: 0, Sum: 0, Workers: 8
[2025-06-17T22:38:23.304+0300][3224][19180][debug][gc,phases] GC(45)         Total                          Min: 64, Avg: 111.8, Max: 128, Diff: 64, Sum: 894, Workers: 8
[2025-06-17T22:38:23.304+0300][3224][19180][debug][gc,phases] GC(45)       JNI Weak                       Min:  0.0, Avg:  0.0, Max:  0.0, Diff:  0.0, Sum:  0.0, Workers: 8
[2025-06-17T22:38:23.304+0300][3224][19180][debug][gc,phases] GC(45)         Dead                           Min: 0, Avg:  0.0, Max: 0, Diff: 0, Sum: 0, Workers: 8
[2025-06-17T22:38:23.304+0300][3224][19180][debug][gc,phases] GC(45)         Total                          Min: 0, Avg:  0.0, Max: 0, Diff: 0, Sum: 0, Workers: 8
[2025-06-17T22:38:23.304+0300][3224][19180][debug][gc,phases] GC(45)       StringDedup Table Weak         Min:  0.0, Avg:  0.0, Max:  0.0, Diff:  0.0, Sum:  0.0, Workers: 8
[2025-06-17T22:38:23.304+0300][3224][19180][debug][gc,phases] GC(45)         Dead                           Min: 0, Avg:  0.0, Max: 0, Diff: 0, Sum: 0, Workers: 8
[2025-06-17T22:38:23.304+0300][3224][19180][debug][gc,phases] GC(45)         Total                          Min: 0, Avg:  0.0, Max: 0, Diff: 0, Sum: 0, Workers: 8
[2025-06-17T22:38:23.304+0300][3224][19180][debug][gc,phases] GC(45)       StringDedup Requests0 Weak     Min:  0.0, Avg:  0.0, Max:  0.0, Diff:  0.0, Sum:  0.0, Workers: 8
[2025-06-17T22:38:23.304+0300][3224][19180][debug][gc,phases] GC(45)         Dead                           Min: 0, Avg:  0.0, Max: 0, Diff: 0, Sum: 0, Workers: 8
[2025-06-17T22:38:23.304+0300][3224][19180][debug][gc,phases] GC(45)         Total                          Min: 0, Avg:  0.0, Max: 0, Diff: 0, Sum: 0, Workers: 8
[2025-06-17T22:38:23.304+0300][3224][19180][debug][gc,phases] GC(45)       StringDedup Requests1 Weak     Min:  0.0, Avg:  0.0, Max:  0.0, Diff:  0.0, Sum:  0.0, Workers: 8
[2025-06-17T22:38:23.304+0300][3224][19180][debug][gc,phases] GC(45)         Dead                           Min: 0, Avg:  0.0, Max: 0, Diff: 0, Sum: 0, Workers: 8
[2025-06-17T22:38:23.304+0300][3224][19180][debug][gc,phases] GC(45)         Total                          Min: 0, Avg:  0.0, Max: 0, Diff: 0, Sum: 0, Workers: 8
[2025-06-17T22:38:23.304+0300][3224][19180][debug][gc,phases] GC(45)       Weak JFR Old Object Samples    Min:  0.0, Avg:  0.0, Max:  0.0, Diff:  0.0, Sum:  0.0, Workers: 8
[2025-06-17T22:38:23.304+0300][3224][19180][debug][gc,phases] GC(45)         Dead                           Min: 0, Avg:  0.0, Max: 0, Diff: 0, Sum: 0, Workers: 8
[2025-06-17T22:38:23.304+0300][3224][19180][debug][gc,phases] GC(45)         Total                          Min: 0, Avg:  0.0, Max: 0, Diff: 0, Sum: 0, Workers: 8
[2025-06-17T22:38:23.304+0300][3224][19180][debug][gc,phases] GC(45)     Post Evacuate Cleanup 1: 0.2ms
[2025-06-17T22:38:23.304+0300][3224][19180][debug][gc,phases] GC(45)       Merge Per-Thread State (ms):   Min:  0.1, Avg:  0.1, Max:  0.1, Diff:  0.0, Sum:  0.1, Workers: 1
[2025-06-17T22:38:23.304+0300][3224][19180][debug][gc,phases] GC(45)         Copied Bytes                   Min: 36064, Avg: 86024.0, Max: 103080, Diff: 67016, Sum: 688192, Workers: 8
[2025-06-17T22:38:23.304+0300][3224][19180][debug][gc,phases] GC(45)         LAB Waste                      Min: 104, Avg: 173.0, Max: 264, Diff: 160, Sum: 1384, Workers: 8
[2025-06-17T22:38:23.304+0300][3224][19180][debug][gc,phases] GC(45)         LAB Undo Waste                 Min: 0, Avg:  0.0, Max: 0, Diff: 0, Sum: 0, Workers: 8
[2025-06-17T22:38:23.304+0300][3224][19180][debug][gc,phases] GC(45)       Clear Logged Cards (ms):       Min:  0.0, Avg:  0.1, Max:  0.2, Diff:  0.2, Sum:  0.5, Workers: 5
[2025-06-17T22:38:23.304+0300][3224][19180][debug][gc,phases] GC(45)       Recalculate Used Memory (ms):  Min:  0.0, Avg:  0.0, Max:  0.0, Diff:  0.0, Sum:  0.0, Workers: 1
[2025-06-17T22:38:23.304+0300][3224][19180][debug][gc,phases] GC(45)     Post Evacuate Cleanup 2: 0.3ms
[2025-06-17T22:38:23.304+0300][3224][19180][debug][gc,phases] GC(45)       Update Derived Pointers (ms):  Min:  0.0, Avg:  0.0, Max:  0.0, Diff:  0.0, Sum:  0.0, Workers: 1
[2025-06-17T22:38:23.304+0300][3224][19180][debug][gc,phases] GC(45)       Eagerly Reclaim Humongous Objects (ms): Min:  0.0, Avg:  0.0, Max:  0.0, Diff:  0.0, Sum:  0.0, Workers: 1
[2025-06-17T22:38:23.304+0300][3224][19180][debug][gc,phases] GC(45)         Humongous Total                Min: 6, Avg:  6.0, Max: 6, Diff: 0, Sum: 6, Workers: 1
[2025-06-17T22:38:23.304+0300][3224][19180][debug][gc,phases] GC(45)         Humongous Candidates           Min: 3, Avg:  3.0, Max: 3, Diff: 0, Sum: 3, Workers: 1
[2025-06-17T22:38:23.304+0300][3224][19180][debug][gc,phases] GC(45)         Humongous Reclaimed            Min: 0, Avg:  0.0, Max: 0, Diff: 0, Sum: 0, Workers: 1
[2025-06-17T22:38:23.304+0300][3224][19180][debug][gc,phases] GC(45)       Redirty Logged Cards (ms):     Min:  0.0, Avg:  0.0, Max:  0.0, Diff:  0.0, Sum:  0.0, Workers: 8
[2025-06-17T22:38:23.304+0300][3224][19180][debug][gc,phases] GC(45)         Redirtied Cards:               Min: 0, Avg:  1.0, Max: 6, Diff: 6, Sum: 8, Workers: 8
[2025-06-17T22:38:23.304+0300][3224][19180][debug][gc,phases] GC(45)       Resize TLABs (ms):             Min:  0.0, Avg:  0.0, Max:  0.0, Diff:  0.0, Sum:  0.0, Workers: 8
[2025-06-17T22:38:23.304+0300][3224][19180][debug][gc,phases] GC(45)       Free Collection Set (ms):      Min:  0.0, Avg:  0.2, Max:  0.3, Diff:  0.2, Sum:  1.7, Workers: 8
[2025-06-17T22:38:23.304+0300][3224][19180][debug][gc,phases] GC(45)     Rebuild Free List: 0.1ms
[2025-06-17T22:38:23.304+0300][3224][19180][debug][gc,phases] GC(45)     Prepare For Mutator: 0.0ms
[2025-06-17T22:38:23.304+0300][3224][19180][debug][gc,phases] GC(45)     Expand Heap After Collection: 0.0ms
[2025-06-17T22:38:23.304+0300][3224][19180][info ][gc,phases] GC(45)   Other: 0.1ms
[2025-06-17T22:38:23.304+0300][3224][19180][info ][gc,heap  ] GC(45) Eden regions: 1227->0(1227)
[2025-06-17T22:38:23.304+0300][3224][19180][info ][gc,heap  ] GC(45) Survivor regions: 1->1(154)
[2025-06-17T22:38:23.304+0300][3224][19180][info ][gc,heap  ] GC(45) Old regions: 10->10
[2025-06-17T22:38:23.304+0300][3224][19180][info ][gc,heap  ] GC(45) Humongous regions: 18->18
[2025-06-17T22:38:23.304+0300][3224][19180][debug][gc,heap  ] GC(45) Heap after GC invocations=46 (full 3):
[2025-06-17T22:38:23.304+0300][3224][19180][debug][gc,heap  ] GC(45)  garbage-first heap   total 2097152K, used 22879K [0x0000000080000000, 0x0000000100000000)
[2025-06-17T22:38:23.304+0300][3224][19180][debug][gc,heap  ] GC(45)   region size 1024K, 1 young (1024K), 1 survivors (1024K)
[2025-06-17T22:38:23.304+0300][3224][19180][debug][gc,heap  ] GC(45)  Metaspace       used 8733K, committed 9792K, reserved 1114112K
[2025-06-17T22:38:23.304+0300][3224][19180][debug][gc,heap  ] GC(45)   class space    used 874K, committed 1280K, reserved 1048576K
[2025-06-17T22:38:23.304+0300][3224][19180][info ][gc       ] GC(45) Pause Young (Normal) (G1 Evacuation Pause) 1249M->22M(2048M) 3.627ms
[2025-06-17T22:38:23.304+0300][3224][19180][info ][safepoint] Safepoint "G1CollectForAllocation", Time since last: 402906700 ns, Reaching safepoint: 275800 ns, Cleanup: 7100 ns, At safepoint: 3681200 ns, Total: 3964100 ns
[2025-06-17T22:38:23.699+0300][3224][19180][debug][safepoint] Safepoint synchronization initiated using striped semaphore wait barrier. (20 threads)
[2025-06-17T22:38:23.699+0300][3224][2520 ][debug][safepoint] ... found polling page loop exception at pc = 0x000002759015cab0, stub =0x000002758fbb5d80
[2025-06-17T22:38:23.699+0300][3224][13716][debug][safepoint] ... found polling page loop exception at pc = 0x00000275901d3dff, stub =0x000002758fbb6600
[2025-06-17T22:38:23.699+0300][3224][18144][debug][safepoint] ... found polling page loop exception at pc = 0x00000275901bda60, stub =0x000002758fbb5d80
[2025-06-17T22:38:23.699+0300][3224][18048][debug][safepoint] ... found polling page loop exception at pc = 0x00000275901bda60, stub =0x000002758fbb5d80
[2025-06-17T22:38:23.699+0300][3224][8204 ][debug][safepoint] ... found polling page loop exception at pc = 0x00000275901bda60, stub =0x000002758fbb5d80
[2025-06-17T22:38:23.699+0300][3224][18176][debug][safepoint] ... found polling page loop exception at pc = 0x00000275901bda60, stub =0x000002758fbb5d80
[2025-06-17T22:38:23.701+0300][3224][19180][debug][gc,heap  ] GC(46) Heap before GC invocations=46 (full 3):
[2025-06-17T22:38:23.701+0300][3224][19180][debug][gc,heap  ] GC(46)  garbage-first heap   total 2097152K, used 1279327K [0x0000000080000000, 0x0000000100000000)
[2025-06-17T22:38:23.701+0300][3224][19180][debug][gc,heap  ] GC(46)   region size 1024K, 1228 young (1257472K), 1 survivors (1024K)
[2025-06-17T22:38:23.701+0300][3224][19180][debug][gc,heap  ] GC(46)  Metaspace       used 8733K, committed 9792K, reserved 1114112K
[2025-06-17T22:38:23.701+0300][3224][19180][debug][gc,heap  ] GC(46)   class space    used 874K, committed 1280K, reserved 1048576K
[2025-06-17T22:38:23.703+0300][3224][19180][info ][gc,phases] GC(46)   Pre Evacuate Collection Set: 0.3ms
[2025-06-17T22:38:23.703+0300][3224][19180][debug][gc,phases] GC(46)     Pre Evacuate Prepare: 0.1ms
[2025-06-17T22:38:23.703+0300][3224][19180][debug][gc,phases] GC(46)       JT Retire TLABs And Flush Logs (ms): Min:  0.0, Avg:  0.0, Max:  0.0, Diff:  0.0, Sum:  0.0, Workers: 2
[2025-06-17T22:38:23.703+0300][3224][19180][debug][gc,phases] GC(46)       Non-JT Flush Logs (ms):        Min:  0.0, Avg:  0.0, Max:  0.0, Diff:  0.0, Sum:  0.0, Workers: 1
[2025-06-17T22:38:23.703+0300][3224][19180][debug][gc,phases] GC(46)     Choose Collection Set: 0.0ms
[2025-06-17T22:38:23.703+0300][3224][19180][debug][gc,phases] GC(46)     Region Register: 0.3ms
[2025-06-17T22:38:23.703+0300][3224][19180][debug][gc,phases] GC(46)     Prepare Heap Roots: 0.0ms
[2025-06-17T22:38:23.703+0300][3224][19180][info ][gc,phases] GC(46)   Merge Heap Roots: 0.2ms
[2025-06-17T22:38:23.703+0300][3224][19180][debug][gc,phases] GC(46)     Prepare Merge Heap Roots: 0.0ms
[2025-06-17T22:38:23.703+0300][3224][19180][debug][gc,phases] GC(46)     Remembered Sets (ms):          Min:  0.1, Avg:  0.1, Max:  0.1, Diff:  0.0, Sum:  0.9, Workers: 8
[2025-06-17T22:38:23.703+0300][3224][19180][debug][gc,phases] GC(46)       Eager Reclaim (ms):            Min:  0.0, Avg:  0.0, Max:  0.0, Diff:  0.0, Sum:  0.0, Workers: 1
[2025-06-17T22:38:23.703+0300][3224][19180][debug][gc,phases] GC(46)       Merged Inline                  Min: 0, Avg:  0.0, Max: 0, Diff: 0, Sum: 0, Workers: 8
[2025-06-17T22:38:23.703+0300][3224][19180][debug][gc,phases] GC(46)       Merged ArrayOfCards            Min: 0, Avg:  0.0, Max: 0, Diff: 0, Sum: 0, Workers: 8
[2025-06-17T22:38:23.703+0300][3224][19180][debug][gc,phases] GC(46)       Merged Howl                    Min: 0, Avg:  0.0, Max: 0, Diff: 0, Sum: 0, Workers: 8
[2025-06-17T22:38:23.703+0300][3224][19180][debug][gc,phases] GC(46)       Merged Full                    Min: 0, Avg:  0.0, Max: 0, Diff: 0, Sum: 0, Workers: 8
[2025-06-17T22:38:23.703+0300][3224][19180][debug][gc,phases] GC(46)       Merged Howl Inline             Min: 0, Avg:  0.0, Max: 0, Diff: 0, Sum: 0, Workers: 8
[2025-06-17T22:38:23.703+0300][3224][19180][debug][gc,phases] GC(46)       Merged Howl ArrayOfCards       Min: 0, Avg:  0.0, Max: 0, Diff: 0, Sum: 0, Workers: 8
[2025-06-17T22:38:23.703+0300][3224][19180][debug][gc,phases] GC(46)       Merged Howl BitMap             Min: 0, Avg:  0.0, Max: 0, Diff: 0, Sum: 0, Workers: 8
[2025-06-17T22:38:23.703+0300][3224][19180][debug][gc,phases] GC(46)       Merged Howl Full               Min: 0, Avg:  0.0, Max: 0, Diff: 0, Sum: 0, Workers: 8
[2025-06-17T22:38:23.703+0300][3224][19180][debug][gc,phases] GC(46)       Merged Cards                   Min: 8, Avg:  9.0, Max: 16, Diff: 8, Sum: 72, Workers: 8
[2025-06-17T22:38:23.703+0300][3224][19180][debug][gc,phases] GC(46)     Log Buffers (ms):              Min:  0.0, Avg:  0.0, Max:  0.0, Diff:  0.0, Sum:  0.0, Workers: 8
[2025-06-17T22:38:23.703+0300][3224][19180][debug][gc,phases] GC(46)       Dirty Cards:                   Min: 0, Avg:  1.2, Max: 8, Diff: 8, Sum: 10, Workers: 8
[2025-06-17T22:38:23.703+0300][3224][19180][debug][gc,phases] GC(46)       Skipped Cards:                 Min: 0, Avg:  0.0, Max: 0, Diff: 0, Sum: 0, Workers: 8
[2025-06-17T22:38:23.703+0300][3224][19180][info ][gc,phases] GC(46)   Evacuate Collection Set: 0.6ms
[2025-06-17T22:38:23.703+0300][3224][19180][debug][gc,phases] GC(46)     Ext Root Scanning (ms):        Min:  0.0, Avg:  0.1, Max:  0.1, Diff:  0.1, Sum:  0.5, Workers: 8
[2025-06-17T22:38:23.703+0300][3224][19180][debug][gc,phases] GC(46)     Scan Heap Roots (ms):          Min:  0.0, Avg:  0.0, Max:  0.0, Diff:  0.0, Sum:  0.0, Workers: 8
[2025-06-17T22:38:23.703+0300][3224][19180][debug][gc,phases] GC(46)       Scanned Cards:                 Min: 0, Avg:  1.1, Max: 3, Diff: 3, Sum: 9, Workers: 8
[2025-06-17T22:38:23.703+0300][3224][19180][debug][gc,phases] GC(46)       Scanned Blocks:                Min: 0, Avg:  1.0, Max: 3, Diff: 3, Sum: 8, Workers: 8
[2025-06-17T22:38:23.703+0300][3224][19180][debug][gc,phases] GC(46)       Claimed Chunks:                Min: 0, Avg:  0.9, Max: 2, Diff: 2, Sum: 7, Workers: 8
[2025-06-17T22:38:23.703+0300][3224][19180][debug][gc,phases] GC(46)       Found Roots:                   Min: 0, Avg:  0.9, Max: 2, Diff: 2, Sum: 7, Workers: 8
[2025-06-17T22:38:23.703+0300][3224][19180][debug][gc,phases] GC(46)     Code Root Scan (ms):           Min:  0.1, Avg:  0.1, Max:  0.1, Diff:  0.0, Sum:  0.8, Workers: 8
[2025-06-17T22:38:23.703+0300][3224][19180][debug][gc,phases] GC(46)       Scanned Nmethods               Min: 0, Avg:  0.0, Max: 0, Diff: 0, Sum: 0, Workers: 8
[2025-06-17T22:38:23.703+0300][3224][19180][debug][gc,phases] GC(46)     Object Copy (ms):              Min:  0.0, Avg:  0.1, Max:  0.1, Diff:  0.1, Sum:  0.7, Workers: 8
[2025-06-17T22:38:23.703+0300][3224][19180][debug][gc,phases] GC(46)     Termination (ms):              Min:  0.0, Avg:  0.2, Max:  0.2, Diff:  0.2, Sum:  1.5, Workers: 8
[2025-06-17T22:38:23.703+0300][3224][19180][debug][gc,phases] GC(46)       Termination Attempts:          Min: 1, Avg:  1.0, Max: 1, Diff: 0, Sum: 8, Workers: 8
[2025-06-17T22:38:23.703+0300][3224][19180][debug][gc,phases] GC(46)     GC Worker Other (ms):          Min:  0.1, Avg:  0.1, Max:  0.1, Diff:  0.0, Sum:  0.9, Workers: 8
[2025-06-17T22:38:23.703+0300][3224][19180][debug][gc,phases] GC(46)     GC Worker Total (ms):          Min:  0.2, Avg:  0.5, Max:  0.6, Diff:  0.4, Sum:  4.3, Workers: 8
[2025-06-17T22:38:23.703+0300][3224][19180][info ][gc,phases] GC(46)   Post Evacuate Collection Set: 0.7ms
[2025-06-17T22:38:23.703+0300][3224][19180][debug][gc,phases] GC(46)     NMethod List Cleanup: 0.0ms
[2025-06-17T22:38:23.703+0300][3224][19180][debug][gc,phases] GC(46)     Reference Processing: 0.1ms
[2025-06-17T22:38:23.703+0300][3224][19180][debug][gc,phases] GC(46)     Weak Processing: 0.1ms
[2025-06-17T22:38:23.703+0300][3224][19180][debug][gc,phases] GC(46)       VM Weak                        Min:  0.0, Avg:  0.0, Max:  0.0, Diff:  0.0, Sum:  0.0, Workers: 8
[2025-06-17T22:38:23.703+0300][3224][19180][debug][gc,phases] GC(46)         Dead                           Min: 0, Avg:  0.0, Max: 0, Diff: 0, Sum: 0, Workers: 8
[2025-06-17T22:38:23.703+0300][3224][19180][debug][gc,phases] GC(46)         Total                          Min: 0, Avg: 15.4, Max: 123, Diff: 123, Sum: 123, Workers: 8
[2025-06-17T22:38:23.703+0300][3224][19180][debug][gc,phases] GC(46)       ObjectSynchronizer Weak        Min:  0.0, Avg:  0.0, Max:  0.0, Diff:  0.0, Sum:  0.0, Workers: 8
[2025-06-17T22:38:23.703+0300][3224][19180][debug][gc,phases] GC(46)         Dead                           Min: 0, Avg:  0.0, Max: 0, Diff: 0, Sum: 0, Workers: 8
[2025-06-17T22:38:23.703+0300][3224][19180][debug][gc,phases] GC(46)         Total                          Min: 0, Avg: 18.6, Max: 149, Diff: 149, Sum: 149, Workers: 8
[2025-06-17T22:38:23.703+0300][3224][19180][debug][gc,phases] GC(46)       JVMTI Tag Weak OopStorage      Min:  0.0, Avg:  0.0, Max:  0.0, Diff:  0.0, Sum:  0.0, Workers: 8
[2025-06-17T22:38:23.703+0300][3224][19180][debug][gc,phases] GC(46)         Dead                           Min: 0, Avg:  0.0, Max: 0, Diff: 0, Sum: 0, Workers: 8
[2025-06-17T22:38:23.703+0300][3224][19180][debug][gc,phases] GC(46)         Total                          Min: 0, Avg:  0.0, Max: 0, Diff: 0, Sum: 0, Workers: 8
[2025-06-17T22:38:23.703+0300][3224][19180][debug][gc,phases] GC(46)       StringTable Weak               Min:  0.0, Avg:  0.0, Max:  0.0, Diff:  0.0, Sum:  0.1, Workers: 8
[2025-06-17T22:38:23.703+0300][3224][19180][debug][gc,phases] GC(46)         Dead                           Min: 0, Avg:  0.0, Max: 0, Diff: 0, Sum: 0, Workers: 8
[2025-06-17T22:38:23.703+0300][3224][19180][debug][gc,phases] GC(46)         Total                          Min: 0, Avg: 779.0, Max: 1088, Diff: 1088, Sum: 6232, Workers: 8
[2025-06-17T22:38:23.703+0300][3224][19180][debug][gc,phases] GC(46)       ResolvedMethodTable Weak       Min:  0.0, Avg:  0.0, Max:  0.0, Diff:  0.0, Sum:  0.0, Workers: 8
[2025-06-17T22:38:23.703+0300][3224][19180][debug][gc,phases] GC(46)         Dead                           Min: 0, Avg:  0.0, Max: 0, Diff: 0, Sum: 0, Workers: 8
[2025-06-17T22:38:23.703+0300][3224][19180][debug][gc,phases] GC(46)         Total                          Min: 0, Avg: 111.8, Max: 128, Diff: 128, Sum: 894, Workers: 8
[2025-06-17T22:38:23.703+0300][3224][19180][debug][gc,phases] GC(46)       JNI Weak                       Min:  0.0, Avg:  0.0, Max:  0.0, Diff:  0.0, Sum:  0.0, Workers: 8
[2025-06-17T22:38:23.703+0300][3224][19180][debug][gc,phases] GC(46)         Dead                           Min: 0, Avg:  0.0, Max: 0, Diff: 0, Sum: 0, Workers: 8
[2025-06-17T22:38:23.703+0300][3224][19180][debug][gc,phases] GC(46)         Total                          Min: 0, Avg:  0.0, Max: 0, Diff: 0, Sum: 0, Workers: 8
[2025-06-17T22:38:23.703+0300][3224][19180][debug][gc,phases] GC(46)       StringDedup Table Weak         Min:  0.0, Avg:  0.0, Max:  0.0, Diff:  0.0, Sum:  0.0, Workers: 8
[2025-06-17T22:38:23.703+0300][3224][19180][debug][gc,phases] GC(46)         Dead                           Min: 0, Avg:  0.0, Max: 0, Diff: 0, Sum: 0, Workers: 8
[2025-06-17T22:38:23.703+0300][3224][19180][debug][gc,phases] GC(46)         Total                          Min: 0, Avg:  0.0, Max: 0, Diff: 0, Sum: 0, Workers: 8
[2025-06-17T22:38:23.703+0300][3224][19180][debug][gc,phases] GC(46)       StringDedup Requests0 Weak     Min:  0.0, Avg:  0.0, Max:  0.0, Diff:  0.0, Sum:  0.0, Workers: 8
[2025-06-17T22:38:23.703+0300][3224][19180][debug][gc,phases] GC(46)         Dead                           Min: 0, Avg:  0.0, Max: 0, Diff: 0, Sum: 0, Workers: 8
[2025-06-17T22:38:23.703+0300][3224][19180][debug][gc,phases] GC(46)         Total                          Min: 0, Avg:  0.0, Max: 0, Diff: 0, Sum: 0, Workers: 8
[2025-06-17T22:38:23.703+0300][3224][19180][debug][gc,phases] GC(46)       StringDedup Requests1 Weak     Min:  0.0, Avg:  0.0, Max:  0.0, Diff:  0.0, Sum:  0.0, Workers: 8
[2025-06-17T22:38:23.703+0300][3224][19180][debug][gc,phases] GC(46)         Dead                           Min: 0, Avg:  0.0, Max: 0, Diff: 0, Sum: 0, Workers: 8
[2025-06-17T22:38:23.703+0300][3224][19180][debug][gc,phases] GC(46)         Total                          Min: 0, Avg:  0.0, Max: 0, Diff: 0, Sum: 0, Workers: 8
[2025-06-17T22:38:23.703+0300][3224][19180][debug][gc,phases] GC(46)       Weak JFR Old Object Samples    Min:  0.0, Avg:  0.0, Max:  0.0, Diff:  0.0, Sum:  0.0, Workers: 8
[2025-06-17T22:38:23.703+0300][3224][19180][debug][gc,phases] GC(46)         Dead                           Min: 0, Avg:  0.0, Max: 0, Diff: 0, Sum: 0, Workers: 8
[2025-06-17T22:38:23.703+0300][3224][19180][debug][gc,phases] GC(46)         Total                          Min: 0, Avg:  0.0, Max: 0, Diff: 0, Sum: 0, Workers: 8
[2025-06-17T22:38:23.703+0300][3224][19180][debug][gc,phases] GC(46)     Post Evacuate Cleanup 1: 0.2ms
[2025-06-17T22:38:23.703+0300][3224][19180][debug][gc,phases] GC(46)       Merge Per-Thread State (ms):   Min:  0.0, Avg:  0.0, Max:  0.0, Diff:  0.0, Sum:  0.0, Workers: 1
[2025-06-17T22:38:23.703+0300][3224][19180][debug][gc,phases] GC(46)         Copied Bytes                   Min: 0, Avg: 81002.0, Max: 117944, Diff: 117944, Sum: 648016, Workers: 8
[2025-06-17T22:38:23.703+0300][3224][19180][debug][gc,phases] GC(46)         LAB Waste                      Min: 0, Avg: 201.0, Max: 400, Diff: 400, Sum: 1608, Workers: 8
[2025-06-17T22:38:23.703+0300][3224][19180][debug][gc,phases] GC(46)         LAB Undo Waste                 Min: 0, Avg:  0.0, Max: 0, Diff: 0, Sum: 0, Workers: 8
[2025-06-17T22:38:23.703+0300][3224][19180][debug][gc,phases] GC(46)       Clear Logged Cards (ms):       Min:  0.0, Avg:  0.1, Max:  0.2, Diff:  0.2, Sum:  0.4, Workers: 5
[2025-06-17T22:38:23.703+0300][3224][19180][debug][gc,phases] GC(46)       Recalculate Used Memory (ms):  Min:  0.0, Avg:  0.0, Max:  0.0, Diff:  0.0, Sum:  0.0, Workers: 1
[2025-06-17T22:38:23.703+0300][3224][19180][debug][gc,phases] GC(46)     Post Evacuate Cleanup 2: 0.3ms
[2025-06-17T22:38:23.703+0300][3224][19180][debug][gc,phases] GC(46)       Update Derived Pointers (ms):  Min:  0.0, Avg:  0.0, Max:  0.0, Diff:  0.0, Sum:  0.0, Workers: 1
[2025-06-17T22:38:23.703+0300][3224][19180][debug][gc,phases] GC(46)       Eagerly Reclaim Humongous Objects (ms): Min:  0.0, Avg:  0.0, Max:  0.0, Diff:  0.0, Sum:  0.0, Workers: 1
[2025-06-17T22:38:23.703+0300][3224][19180][debug][gc,phases] GC(46)         Humongous Total                Min: 6, Avg:  6.0, Max: 6, Diff: 0, Sum: 6, Workers: 1
[2025-06-17T22:38:23.703+0300][3224][19180][debug][gc,phases] GC(46)         Humongous Candidates           Min: 3, Avg:  3.0, Max: 3, Diff: 0, Sum: 3, Workers: 1
[2025-06-17T22:38:23.703+0300][3224][19180][debug][gc,phases] GC(46)         Humongous Reclaimed            Min: 0, Avg:  0.0, Max: 0, Diff: 0, Sum: 0, Workers: 1
[2025-06-17T22:38:23.703+0300][3224][19180][debug][gc,phases] GC(46)       Redirty Logged Cards (ms):     Min:  0.0, Avg:  0.0, Max:  0.0, Diff:  0.0, Sum:  0.0, Workers: 8
[2025-06-17T22:38:23.703+0300][3224][19180][debug][gc,phases] GC(46)         Redirtied Cards:               Min: 0, Avg:  0.9, Max: 7, Diff: 7, Sum: 7, Workers: 8
[2025-06-17T22:38:23.703+0300][3224][19180][debug][gc,phases] GC(46)       Resize TLABs (ms):             Min:  0.0, Avg:  0.0, Max:  0.0, Diff:  0.0, Sum:  0.0, Workers: 8
[2025-06-17T22:38:23.703+0300][3224][19180][debug][gc,phases] GC(46)       Free Collection Set (ms):      Min:  0.2, Avg:  0.2, Max:  0.2, Diff:  0.0, Sum:  1.8, Workers: 8
[2025-06-17T22:38:23.703+0300][3224][19180][debug][gc,phases] GC(46)     Rebuild Free List: 0.1ms
[2025-06-17T22:38:23.703+0300][3224][19180][debug][gc,phases] GC(46)     Prepare For Mutator: 0.0ms
[2025-06-17T22:38:23.703+0300][3224][19180][debug][gc,phases] GC(46)     Expand Heap After Collection: 0.0ms
[2025-06-17T22:38:23.703+0300][3224][19180][info ][gc,phases] GC(46)   Other: 0.1ms
[2025-06-17T22:38:23.703+0300][3224][19180][info ][gc,heap  ] GC(46) Eden regions: 1227->0(1227)
[2025-06-17T22:38:23.703+0300][3224][19180][info ][gc,heap  ] GC(46) Survivor regions: 1->1(154)
[2025-06-17T22:38:23.703+0300][3224][19180][info ][gc,heap  ] GC(46) Old regions: 10->10
[2025-06-17T22:38:23.703+0300][3224][19180][info ][gc,heap  ] GC(46) Humongous regions: 18->18
[2025-06-17T22:38:23.703+0300][3224][19180][debug][gc,heap  ] GC(46) Heap after GC invocations=47 (full 3):
[2025-06-17T22:38:23.703+0300][3224][19180][debug][gc,heap  ] GC(46)  garbage-first heap   total 2097152K, used 22840K [0x0000000080000000, 0x0000000100000000)
[2025-06-17T22:38:23.703+0300][3224][19180][debug][gc,heap  ] GC(46)   region size 1024K, 1 young (1024K), 1 survivors (1024K)
[2025-06-17T22:38:23.703+0300][3224][19180][debug][gc,heap  ] GC(46)  Metaspace       used 8733K, committed 9792K, reserved 1114112K
[2025-06-17T22:38:23.703+0300][3224][19180][debug][gc,heap  ] GC(46)   class space    used 874K, committed 1280K, reserved 1048576K
[2025-06-17T22:38:23.703+0300][3224][19180][info ][gc       ] GC(46) Pause Young (Normal) (G1 Evacuation Pause) 1249M->22M(2048M) 3.823ms
[2025-06-17T22:38:23.703+0300][3224][19180][info ][safepoint] Safepoint "G1CollectForAllocation", Time since last: 393011200 ns, Reaching safepoint: 348900 ns, Cleanup: 22100 ns, At safepoint: 3889600 ns, Total: 4260600 ns
[2025-06-17T22:38:24.082+0300][3224][19180][debug][safepoint] Safepoint synchronization initiated using striped semaphore wait barrier. (20 threads)
[2025-06-17T22:38:24.082+0300][3224][18048][debug][safepoint] ... found polling page loop exception at pc = 0x00000275902245a0, stub =0x000002758fbb6600
[2025-06-17T22:38:24.082+0300][3224][18176][debug][safepoint] ... found polling page loop exception at pc = 0x00000275901bda60, stub =0x000002758fbb5d80
[2025-06-17T22:38:24.082+0300][3224][2424 ][debug][safepoint] ... found polling page loop exception at pc = 0x00000275901bda60, stub =0x000002758fbb5d80
[2025-06-17T22:38:24.082+0300][3224][8204 ][debug][safepoint] ... found polling page loop exception at pc = 0x00000275901bda60, stub =0x000002758fbb5d80
[2025-06-17T22:38:24.082+0300][3224][19180][debug][gc,heap  ] GC(47) Heap before GC invocations=47 (full 3):
[2025-06-17T22:38:24.082+0300][3224][19180][debug][gc,heap  ] GC(47)  garbage-first heap   total 2097152K, used 1279288K [0x0000000080000000, 0x0000000100000000)
[2025-06-17T22:38:24.082+0300][3224][19180][debug][gc,heap  ] GC(47)   region size 1024K, 1228 young (1257472K), 1 survivors (1024K)
[2025-06-17T22:38:24.082+0300][3224][19180][debug][gc,heap  ] GC(47)  Metaspace       used 8733K, committed 9792K, reserved 1114112K
[2025-06-17T22:38:24.082+0300][3224][19180][debug][gc,heap  ] GC(47)   class space    used 874K, committed 1280K, reserved 1048576K
[2025-06-17T22:38:24.082+0300][3224][19180][info ][gc,phases] GC(47)   Pre Evacuate Collection Set: 0.3ms
[2025-06-17T22:38:24.082+0300][3224][19180][debug][gc,phases] GC(47)     Pre Evacuate Prepare: 0.1ms
[2025-06-17T22:38:24.082+0300][3224][19180][debug][gc,phases] GC(47)       JT Retire TLABs And Flush Logs (ms): Min:  0.0, Avg:  0.0, Max:  0.0, Diff:  0.0, Sum:  0.0, Workers: 2
[2025-06-17T22:38:24.082+0300][3224][19180][debug][gc,phases] GC(47)       Non-JT Flush Logs (ms):        Min:  0.0, Avg:  0.0, Max:  0.0, Diff:  0.0, Sum:  0.0, Workers: 1
[2025-06-17T22:38:24.082+0300][3224][19180][debug][gc,phases] GC(47)     Choose Collection Set: 0.0ms
[2025-06-17T22:38:24.082+0300][3224][19180][debug][gc,phases] GC(47)     Region Register: 0.2ms
[2025-06-17T22:38:24.082+0300][3224][19180][debug][gc,phases] GC(47)     Prepare Heap Roots: 0.0ms
[2025-06-17T22:38:24.082+0300][3224][19180][info ][gc,phases] GC(47)   Merge Heap Roots: 0.2ms
[2025-06-17T22:38:24.082+0300][3224][19180][debug][gc,phases] GC(47)     Prepare Merge Heap Roots: 0.0ms
[2025-06-17T22:38:24.082+0300][3224][19180][debug][gc,phases] GC(47)     Remembered Sets (ms):          Min:  0.1, Avg:  0.1, Max:  0.1, Diff:  0.0, Sum:  0.8, Workers: 8
[2025-06-17T22:38:24.082+0300][3224][19180][debug][gc,phases] GC(47)       Eager Reclaim (ms):            Min:  0.0, Avg:  0.0, Max:  0.0, Diff:  0.0, Sum:  0.0, Workers: 1
[2025-06-17T22:38:24.082+0300][3224][19180][debug][gc,phases] GC(47)       Merged Inline                  Min: 0, Avg:  0.0, Max: 0, Diff: 0, Sum: 0, Workers: 8
[2025-06-17T22:38:24.082+0300][3224][19180][debug][gc,phases] GC(47)       Merged ArrayOfCards            Min: 0, Avg:  0.0, Max: 0, Diff: 0, Sum: 0, Workers: 8
[2025-06-17T22:38:24.082+0300][3224][19180][debug][gc,phases] GC(47)       Merged Howl                    Min: 0, Avg:  0.0, Max: 0, Diff: 0, Sum: 0, Workers: 8
[2025-06-17T22:38:24.082+0300][3224][19180][debug][gc,phases] GC(47)       Merged Full                    Min: 0, Avg:  0.0, Max: 0, Diff: 0, Sum: 0, Workers: 8
[2025-06-17T22:38:24.082+0300][3224][19180][debug][gc,phases] GC(47)       Merged Howl Inline             Min: 0, Avg:  0.0, Max: 0, Diff: 0, Sum: 0, Workers: 8
[2025-06-17T22:38:24.082+0300][3224][19180][debug][gc,phases] GC(47)       Merged Howl ArrayOfCards       Min: 0, Avg:  0.0, Max: 0, Diff: 0, Sum: 0, Workers: 8
[2025-06-17T22:38:24.082+0300][3224][19180][debug][gc,phases] GC(47)       Merged Howl BitMap             Min: 0, Avg:  0.0, Max: 0, Diff: 0, Sum: 0, Workers: 8
[2025-06-17T22:38:24.082+0300][3224][19180][debug][gc,phases] GC(47)       Merged Howl Full               Min: 0, Avg:  0.0, Max: 0, Diff: 0, Sum: 0, Workers: 8
[2025-06-17T22:38:24.082+0300][3224][19180][debug][gc,phases] GC(47)       Merged Cards                   Min: 8, Avg:  9.0, Max: 16, Diff: 8, Sum: 72, Workers: 8
[2025-06-17T22:38:24.082+0300][3224][19180][debug][gc,phases] GC(47)     Log Buffers (ms):              Min:  0.0, Avg:  0.0, Max:  0.0, Diff:  0.0, Sum:  0.0, Workers: 8
[2025-06-17T22:38:24.082+0300][3224][19180][debug][gc,phases] GC(47)       Dirty Cards:                   Min: 0, Avg:  1.1, Max: 7, Diff: 7, Sum: 9, Workers: 8
[2025-06-17T22:38:24.082+0300][3224][19180][debug][gc,phases] GC(47)       Skipped Cards:                 Min: 0, Avg:  0.0, Max: 0, Diff: 0, Sum: 0, Workers: 8
[2025-06-17T22:38:24.082+0300][3224][19180][info ][gc,phases] GC(47)   Evacuate Collection Set: 0.6ms
[2025-06-17T22:38:24.082+0300][3224][19180][debug][gc,phases] GC(47)     Ext Root Scanning (ms):        Min:  0.0, Avg:  0.1, Max:  0.1, Diff:  0.1, Sum:  0.5, Workers: 8
[2025-06-17T22:38:24.082+0300][3224][19180][debug][gc,phases] GC(47)     Scan Heap Roots (ms):          Min:  0.0, Avg:  0.0, Max:  0.0, Diff:  0.0, Sum:  0.0, Workers: 8
[2025-06-17T22:38:24.082+0300][3224][19180][debug][gc,phases] GC(47)       Scanned Cards:                 Min: 0, Avg:  1.1, Max: 3, Diff: 3, Sum: 9, Workers: 8
[2025-06-17T22:38:24.082+0300][3224][19180][debug][gc,phases] GC(47)       Scanned Blocks:                Min: 0, Avg:  1.0, Max: 3, Diff: 3, Sum: 8, Workers: 8
[2025-06-17T22:38:24.082+0300][3224][19180][debug][gc,phases] GC(47)       Claimed Chunks:                Min: 0, Avg:  0.9, Max: 2, Diff: 2, Sum: 7, Workers: 8
[2025-06-17T22:38:24.082+0300][3224][19180][debug][gc,phases] GC(47)       Found Roots:                   Min: 0, Avg:  0.9, Max: 2, Diff: 2, Sum: 7, Workers: 8
[2025-06-17T22:38:24.082+0300][3224][19180][debug][gc,phases] GC(47)     Code Root Scan (ms):           Min:  0.1, Avg:  0.1, Max:  0.1, Diff:  0.0, Sum:  0.8, Workers: 8
[2025-06-17T22:38:24.082+0300][3224][19180][debug][gc,phases] GC(47)       Scanned Nmethods               Min: 0, Avg:  0.0, Max: 0, Diff: 0, Sum: 0, Workers: 8
[2025-06-17T22:38:24.082+0300][3224][19180][debug][gc,phases] GC(47)     Object Copy (ms):              Min:  0.0, Avg:  0.1, Max:  0.1, Diff:  0.1, Sum:  0.7, Workers: 8
[2025-06-17T22:38:24.082+0300][3224][19180][debug][gc,phases] GC(47)     Termination (ms):              Min:  0.0, Avg:  0.2, Max:  0.2, Diff:  0.2, Sum:  1.4, Workers: 8
[2025-06-17T22:38:24.082+0300][3224][19180][debug][gc,phases] GC(47)       Termination Attempts:          Min: 1, Avg:  1.0, Max: 1, Diff: 0, Sum: 8, Workers: 8
[2025-06-17T22:38:24.082+0300][3224][19180][debug][gc,phases] GC(47)     GC Worker Other (ms):          Min:  0.1, Avg:  0.1, Max:  0.1, Diff:  0.0, Sum:  0.8, Workers: 8
[2025-06-17T22:38:24.082+0300][3224][19180][debug][gc,phases] GC(47)     GC Worker Total (ms):          Min:  0.2, Avg:  0.5, Max:  0.6, Diff:  0.4, Sum:  4.2, Workers: 8
[2025-06-17T22:38:24.082+0300][3224][19180][info ][gc,phases] GC(47)   Post Evacuate Collection Set: 0.7ms
[2025-06-17T22:38:24.082+0300][3224][19180][debug][gc,phases] GC(47)     NMethod List Cleanup: 0.0ms
[2025-06-17T22:38:24.082+0300][3224][19180][debug][gc,phases] GC(47)     Reference Processing: 0.1ms
[2025-06-17T22:38:24.082+0300][3224][19180][debug][gc,phases] GC(47)     Weak Processing: 0.1ms
[2025-06-17T22:38:24.082+0300][3224][19180][debug][gc,phases] GC(47)       VM Weak                        Min:  0.0, Avg:  0.0, Max:  0.0, Diff:  0.0, Sum:  0.0, Workers: 8
[2025-06-17T22:38:24.082+0300][3224][19180][debug][gc,phases] GC(47)         Dead                           Min: 0, Avg:  0.0, Max: 0, Diff: 0, Sum: 0, Workers: 8
[2025-06-17T22:38:24.082+0300][3224][19180][debug][gc,phases] GC(47)         Total                          Min: 0, Avg: 15.4, Max: 123, Diff: 123, Sum: 123, Workers: 8
[2025-06-17T22:38:24.082+0300][3224][19180][debug][gc,phases] GC(47)       ObjectSynchronizer Weak        Min:  0.0, Avg:  0.0, Max:  0.0, Diff:  0.0, Sum:  0.0, Workers: 8
[2025-06-17T22:38:24.082+0300][3224][19180][debug][gc,phases] GC(47)         Dead                           Min: 0, Avg:  0.0, Max: 0, Diff: 0, Sum: 0, Workers: 8
[2025-06-17T22:38:24.082+0300][3224][19180][debug][gc,phases] GC(47)         Total                          Min: 0, Avg: 18.6, Max: 85, Diff: 85, Sum: 149, Workers: 8
[2025-06-17T22:38:24.082+0300][3224][19180][debug][gc,phases] GC(47)       JVMTI Tag Weak OopStorage      Min:  0.0, Avg:  0.0, Max:  0.0, Diff:  0.0, Sum:  0.0, Workers: 8
[2025-06-17T22:38:24.082+0300][3224][19180][debug][gc,phases] GC(47)         Dead                           Min: 0, Avg:  0.0, Max: 0, Diff: 0, Sum: 0, Workers: 8
[2025-06-17T22:38:24.082+0300][3224][19180][debug][gc,phases] GC(47)         Total                          Min: 0, Avg:  0.0, Max: 0, Diff: 0, Sum: 0, Workers: 8
[2025-06-17T22:38:24.082+0300][3224][19180][debug][gc,phases] GC(47)       StringTable Weak               Min:  0.0, Avg:  0.0, Max:  0.0, Diff:  0.0, Sum:  0.1, Workers: 8
[2025-06-17T22:38:24.082+0300][3224][19180][debug][gc,phases] GC(47)         Dead                           Min: 0, Avg:  0.0, Max: 0, Diff: 0, Sum: 0, Workers: 8
[2025-06-17T22:38:24.082+0300][3224][19180][debug][gc,phases] GC(47)         Total                          Min: 128, Avg: 779.0, Max: 984, Diff: 856, Sum: 6232, Workers: 8
[2025-06-17T22:38:24.082+0300][3224][19180][debug][gc,phases] GC(47)       ResolvedMethodTable Weak       Min:  0.0, Avg:  0.0, Max:  0.0, Diff:  0.0, Sum:  0.0, Workers: 8
[2025-06-17T22:38:24.082+0300][3224][19180][debug][gc,phases] GC(47)         Dead                           Min: 0, Avg:  0.0, Max: 0, Diff: 0, Sum: 0, Workers: 8
[2025-06-17T22:38:24.082+0300][3224][19180][debug][gc,phases] GC(47)         Total                          Min: 0, Avg: 111.8, Max: 191, Diff: 191, Sum: 894, Workers: 8
[2025-06-17T22:38:24.082+0300][3224][19180][debug][gc,phases] GC(47)       JNI Weak                       Min:  0.0, Avg:  0.0, Max:  0.0, Diff:  0.0, Sum:  0.0, Workers: 8
[2025-06-17T22:38:24.082+0300][3224][19180][debug][gc,phases] GC(47)         Dead                           Min: 0, Avg:  0.0, Max: 0, Diff: 0, Sum: 0, Workers: 8
[2025-06-17T22:38:24.082+0300][3224][19180][debug][gc,phases] GC(47)         Total                          Min: 0, Avg:  0.0, Max: 0, Diff: 0, Sum: 0, Workers: 8
[2025-06-17T22:38:24.082+0300][3224][19180][debug][gc,phases] GC(47)       StringDedup Table Weak         Min:  0.0, Avg:  0.0, Max:  0.0, Diff:  0.0, Sum:  0.0, Workers: 8
[2025-06-17T22:38:24.082+0300][3224][19180][debug][gc,phases] GC(47)         Dead                           Min: 0, Avg:  0.0, Max: 0, Diff: 0, Sum: 0, Workers: 8
[2025-06-17T22:38:24.082+0300][3224][19180][debug][gc,phases] GC(47)         Total                          Min: 0, Avg:  0.0, Max: 0, Diff: 0, Sum: 0, Workers: 8
[2025-06-17T22:38:24.082+0300][3224][19180][debug][gc,phases] GC(47)       StringDedup Requests0 Weak     Min:  0.0, Avg:  0.0, Max:  0.0, Diff:  0.0, Sum:  0.0, Workers: 8
[2025-06-17T22:38:24.082+0300][3224][19180][debug][gc,phases] GC(47)         Dead                           Min: 0, Avg:  0.0, Max: 0, Diff: 0, Sum: 0, Workers: 8
[2025-06-17T22:38:24.082+0300][3224][19180][debug][gc,phases] GC(47)         Total                          Min: 0, Avg:  0.0, Max: 0, Diff: 0, Sum: 0, Workers: 8
[2025-06-17T22:38:24.082+0300][3224][19180][debug][gc,phases] GC(47)       StringDedup Requests1 Weak     Min:  0.0, Avg:  0.0, Max:  0.0, Diff:  0.0, Sum:  0.0, Workers: 8
[2025-06-17T22:38:24.082+0300][3224][19180][debug][gc,phases] GC(47)         Dead                           Min: 0, Avg:  0.0, Max: 0, Diff: 0, Sum: 0, Workers: 8
[2025-06-17T22:38:24.082+0300][3224][19180][debug][gc,phases] GC(47)         Total                          Min: 0, Avg:  0.0, Max: 0, Diff: 0, Sum: 0, Workers: 8
[2025-06-17T22:38:24.082+0300][3224][19180][debug][gc,phases] GC(47)       Weak JFR Old Object Samples    Min:  0.0, Avg:  0.0, Max:  0.0, Diff:  0.0, Sum:  0.0, Workers: 8
[2025-06-17T22:38:24.082+0300][3224][19180][debug][gc,phases] GC(47)         Dead                           Min: 0, Avg:  0.0, Max: 0, Diff: 0, Sum: 0, Workers: 8
[2025-06-17T22:38:24.082+0300][3224][19180][debug][gc,phases] GC(47)         Total                          Min: 0, Avg:  0.0, Max: 0, Diff: 0, Sum: 0, Workers: 8
[2025-06-17T22:38:24.082+0300][3224][19180][debug][gc,phases] GC(47)     Post Evacuate Cleanup 1: 0.2ms
[2025-06-17T22:38:24.082+0300][3224][19180][debug][gc,phases] GC(47)       Merge Per-Thread State (ms):   Min:  0.0, Avg:  0.0, Max:  0.0, Diff:  0.0, Sum:  0.0, Workers: 1
[2025-06-17T22:38:24.082+0300][3224][19180][debug][gc,phases] GC(47)         Copied Bytes                   Min: 0, Avg: 88836.0, Max: 145800, Diff: 145800, Sum: 710688, Workers: 8
[2025-06-17T22:38:24.082+0300][3224][19180][debug][gc,phases] GC(47)         LAB Waste                      Min: 0, Avg: 202.0, Max: 400, Diff: 400, Sum: 1616, Workers: 8
[2025-06-17T22:38:24.082+0300][3224][19180][debug][gc,phases] GC(47)         LAB Undo Waste                 Min: 0, Avg:  0.0, Max: 0, Diff: 0, Sum: 0, Workers: 8
[2025-06-17T22:38:24.082+0300][3224][19180][debug][gc,phases] GC(47)       Clear Logged Cards (ms):       Min:  0.0, Avg:  0.1, Max:  0.2, Diff:  0.2, Sum:  0.4, Workers: 5
[2025-06-17T22:38:24.082+0300][3224][19180][debug][gc,phases] GC(47)       Recalculate Used Memory (ms):  Min:  0.0, Avg:  0.0, Max:  0.0, Diff:  0.0, Sum:  0.0, Workers: 1
[2025-06-17T22:38:24.082+0300][3224][19180][debug][gc,phases] GC(47)     Post Evacuate Cleanup 2: 0.3ms
[2025-06-17T22:38:24.082+0300][3224][19180][debug][gc,phases] GC(47)       Update Derived Pointers (ms):  Min:  0.0, Avg:  0.0, Max:  0.0, Diff:  0.0, Sum:  0.0, Workers: 1
[2025-06-17T22:38:24.082+0300][3224][19180][debug][gc,phases] GC(47)       Eagerly Reclaim Humongous Objects (ms): Min:  0.0, Avg:  0.0, Max:  0.0, Diff:  0.0, Sum:  0.0, Workers: 1
[2025-06-17T22:38:24.082+0300][3224][19180][debug][gc,phases] GC(47)         Humongous Total                Min: 6, Avg:  6.0, Max: 6, Diff: 0, Sum: 6, Workers: 1
[2025-06-17T22:38:24.082+0300][3224][19180][debug][gc,phases] GC(47)         Humongous Candidates           Min: 3, Avg:  3.0, Max: 3, Diff: 0, Sum: 3, Workers: 1
[2025-06-17T22:38:24.082+0300][3224][19180][debug][gc,phases] GC(47)         Humongous Reclaimed            Min: 0, Avg:  0.0, Max: 0, Diff: 0, Sum: 0, Workers: 1
[2025-06-17T22:38:24.082+0300][3224][19180][debug][gc,phases] GC(47)       Redirty Logged Cards (ms):     Min:  0.0, Avg:  0.0, Max:  0.0, Diff:  0.0, Sum:  0.0, Workers: 8
[2025-06-17T22:38:24.082+0300][3224][19180][debug][gc,phases] GC(47)         Redirtied Cards:               Min: 0, Avg:  0.9, Max: 7, Diff: 7, Sum: 7, Workers: 8
[2025-06-17T22:38:24.082+0300][3224][19180][debug][gc,phases] GC(47)       Resize TLABs (ms):             Min:  0.0, Avg:  0.0, Max:  0.0, Diff:  0.0, Sum:  0.0, Workers: 8
[2025-06-17T22:38:24.082+0300][3224][19180][debug][gc,phases] GC(47)       Free Collection Set (ms):      Min:  0.2, Avg:  0.2, Max:  0.2, Diff:  0.0, Sum:  1.7, Workers: 8
[2025-06-17T22:38:24.082+0300][3224][19180][debug][gc,phases] GC(47)     Rebuild Free List: 0.1ms
[2025-06-17T22:38:24.082+0300][3224][19180][debug][gc,phases] GC(47)     Prepare For Mutator: 0.0ms
[2025-06-17T22:38:24.082+0300][3224][19180][debug][gc,phases] GC(47)     Expand Heap After Collection: 0.0ms
[2025-06-17T22:38:24.082+0300][3224][19180][info ][gc,phases] GC(47)   Other: 0.1ms
[2025-06-17T22:38:24.082+0300][3224][19180][info ][gc,heap  ] GC(47) Eden regions: 1227->0(1227)
[2025-06-17T22:38:24.082+0300][3224][19180][info ][gc,heap  ] GC(47) Survivor regions: 1->1(154)
[2025-06-17T22:38:24.082+0300][3224][19180][info ][gc,heap  ] GC(47) Old regions: 10->10
[2025-06-17T22:38:24.082+0300][3224][19180][info ][gc,heap  ] GC(47) Humongous regions: 18->18
[2025-06-17T22:38:24.082+0300][3224][19180][debug][gc,heap  ] GC(47) Heap after GC invocations=48 (full 3):
[2025-06-17T22:38:24.082+0300][3224][19180][debug][gc,heap  ] GC(47)  garbage-first heap   total 2097152K, used 22906K [0x0000000080000000, 0x0000000100000000)
[2025-06-17T22:38:24.082+0300][3224][19180][debug][gc,heap  ] GC(47)   region size 1024K, 1 young (1024K), 1 survivors (1024K)
[2025-06-17T22:38:24.082+0300][3224][19180][debug][gc,heap  ] GC(47)  Metaspace       used 8733K, committed 9792K, reserved 1114112K
[2025-06-17T22:38:24.082+0300][3224][19180][debug][gc,heap  ] GC(47)   class space    used 874K, committed 1280K, reserved 1048576K
[2025-06-17T22:38:24.082+0300][3224][19180][info ][gc       ] GC(47) Pause Young (Normal) (G1 Evacuation Pause) 1249M->22M(2048M) 3.657ms
[2025-06-17T22:38:24.082+0300][3224][19180][info ][safepoint] Safepoint "G1CollectForAllocation", Time since last: 377385500 ns, Reaching safepoint: 364900 ns, Cleanup: 6800 ns, At safepoint: 3709800 ns, Total: 4081500 ns
[2025-06-17T22:38:24.472+0300][3224][19180][debug][safepoint] Safepoint synchronization initiated using striped semaphore wait barrier. (20 threads)
[2025-06-17T22:38:24.472+0300][3224][18048][debug][safepoint] ... found polling page loop exception at pc = 0x00000275901bda60, stub =0x000002758fbb5d80
[2025-06-17T22:38:24.472+0300][3224][13716][debug][safepoint] ... found polling page loop exception at pc = 0x00000275901bda60, stub =0x000002758fbb5d80
[2025-06-17T22:38:24.472+0300][3224][2424 ][debug][safepoint] ... found polling page loop exception at pc = 0x00000275901bda60, stub =0x000002758fbb5d80
[2025-06-17T22:38:24.472+0300][3224][19180][debug][gc,heap  ] GC(48) Heap before GC invocations=48 (full 3):
[2025-06-17T22:38:24.472+0300][3224][19180][debug][gc,heap  ] GC(48)  garbage-first heap   total 2097152K, used 1279354K [0x0000000080000000, 0x0000000100000000)
[2025-06-17T22:38:24.472+0300][3224][19180][debug][gc,heap  ] GC(48)   region size 1024K, 1228 young (1257472K), 1 survivors (1024K)
[2025-06-17T22:38:24.472+0300][3224][19180][debug][gc,heap  ] GC(48)  Metaspace       used 8733K, committed 9792K, reserved 1114112K
[2025-06-17T22:38:24.472+0300][3224][19180][debug][gc,heap  ] GC(48)   class space    used 874K, committed 1280K, reserved 1048576K
[2025-06-17T22:38:24.473+0300][3224][19180][info ][gc,phases] GC(48)   Pre Evacuate Collection Set: 0.3ms
[2025-06-17T22:38:24.473+0300][3224][19180][debug][gc,phases] GC(48)     Pre Evacuate Prepare: 0.1ms
[2025-06-17T22:38:24.473+0300][3224][19180][debug][gc,phases] GC(48)       JT Retire TLABs And Flush Logs (ms): Min:  0.0, Avg:  0.0, Max:  0.0, Diff:  0.0, Sum:  0.0, Workers: 2
[2025-06-17T22:38:24.473+0300][3224][19180][debug][gc,phases] GC(48)       Non-JT Flush Logs (ms):        Min:  0.0, Avg:  0.0, Max:  0.0, Diff:  0.0, Sum:  0.0, Workers: 1
[2025-06-17T22:38:24.473+0300][3224][19180][debug][gc,phases] GC(48)     Choose Collection Set: 0.0ms
[2025-06-17T22:38:24.473+0300][3224][19180][debug][gc,phases] GC(48)     Region Register: 0.2ms
[2025-06-17T22:38:24.473+0300][3224][19180][debug][gc,phases] GC(48)     Prepare Heap Roots: 0.0ms
[2025-06-17T22:38:24.473+0300][3224][19180][info ][gc,phases] GC(48)   Merge Heap Roots: 0.2ms
[2025-06-17T22:38:24.473+0300][3224][19180][debug][gc,phases] GC(48)     Prepare Merge Heap Roots: 0.0ms
[2025-06-17T22:38:24.473+0300][3224][19180][debug][gc,phases] GC(48)     Remembered Sets (ms):          Min:  0.1, Avg:  0.2, Max:  0.2, Diff:  0.0, Sum:  1.2, Workers: 8
[2025-06-17T22:38:24.473+0300][3224][19180][debug][gc,phases] GC(48)       Eager Reclaim (ms):            Min:  0.0, Avg:  0.0, Max:  0.0, Diff:  0.0, Sum:  0.0, Workers: 1
[2025-06-17T22:38:24.473+0300][3224][19180][debug][gc,phases] GC(48)       Merged Inline                  Min: 0, Avg:  0.0, Max: 0, Diff: 0, Sum: 0, Workers: 8
[2025-06-17T22:38:24.473+0300][3224][19180][debug][gc,phases] GC(48)       Merged ArrayOfCards            Min: 0, Avg:  0.0, Max: 0, Diff: 0, Sum: 0, Workers: 8
[2025-06-17T22:38:24.473+0300][3224][19180][debug][gc,phases] GC(48)       Merged Howl                    Min: 0, Avg:  0.0, Max: 0, Diff: 0, Sum: 0, Workers: 8
[2025-06-17T22:38:24.473+0300][3224][19180][debug][gc,phases] GC(48)       Merged Full                    Min: 0, Avg:  0.0, Max: 0, Diff: 0, Sum: 0, Workers: 8
[2025-06-17T22:38:24.473+0300][3224][19180][debug][gc,phases] GC(48)       Merged Howl Inline             Min: 0, Avg:  0.0, Max: 0, Diff: 0, Sum: 0, Workers: 8
[2025-06-17T22:38:24.473+0300][3224][19180][debug][gc,phases] GC(48)       Merged Howl ArrayOfCards       Min: 0, Avg:  0.0, Max: 0, Diff: 0, Sum: 0, Workers: 8
[2025-06-17T22:38:24.473+0300][3224][19180][debug][gc,phases] GC(48)       Merged Howl BitMap             Min: 0, Avg:  0.0, Max: 0, Diff: 0, Sum: 0, Workers: 8
[2025-06-17T22:38:24.473+0300][3224][19180][debug][gc,phases] GC(48)       Merged Howl Full               Min: 0, Avg:  0.0, Max: 0, Diff: 0, Sum: 0, Workers: 8
[2025-06-17T22:38:24.473+0300][3224][19180][debug][gc,phases] GC(48)       Merged Cards                   Min: 8, Avg:  9.0, Max: 16, Diff: 8, Sum: 72, Workers: 8
[2025-06-17T22:38:24.473+0300][3224][19180][debug][gc,phases] GC(48)     Log Buffers (ms):              Min:  0.0, Avg:  0.0, Max:  0.0, Diff:  0.0, Sum:  0.0, Workers: 8
[2025-06-17T22:38:24.473+0300][3224][19180][debug][gc,phases] GC(48)       Dirty Cards:                   Min: 0, Avg:  1.1, Max: 9, Diff: 9, Sum: 9, Workers: 8
[2025-06-17T22:38:24.473+0300][3224][19180][debug][gc,phases] GC(48)       Skipped Cards:                 Min: 0, Avg:  0.0, Max: 0, Diff: 0, Sum: 0, Workers: 8
[2025-06-17T22:38:24.473+0300][3224][19180][info ][gc,phases] GC(48)   Evacuate Collection Set: 0.5ms
[2025-06-17T22:38:24.473+0300][3224][19180][debug][gc,phases] GC(48)     Ext Root Scanning (ms):        Min:  0.1, Avg:  0.1, Max:  0.1, Diff:  0.1, Sum:  0.7, Workers: 8
[2025-06-17T22:38:24.473+0300][3224][19180][debug][gc,phases] GC(48)     Scan Heap Roots (ms):          Min:  0.0, Avg:  0.0, Max:  0.0, Diff:  0.0, Sum:  0.0, Workers: 8
[2025-06-17T22:38:24.473+0300][3224][19180][debug][gc,phases] GC(48)       Scanned Cards:                 Min: 0, Avg:  1.1, Max: 4, Diff: 4, Sum: 9, Workers: 8
[2025-06-17T22:38:24.473+0300][3224][19180][debug][gc,phases] GC(48)       Scanned Blocks:                Min: 0, Avg:  1.0, Max: 4, Diff: 4, Sum: 8, Workers: 8
[2025-06-17T22:38:24.473+0300][3224][19180][debug][gc,phases] GC(48)       Claimed Chunks:                Min: 0, Avg:  0.9, Max: 3, Diff: 3, Sum: 7, Workers: 8
[2025-06-17T22:38:24.473+0300][3224][19180][debug][gc,phases] GC(48)       Found Roots:                   Min: 0, Avg:  0.9, Max: 3, Diff: 3, Sum: 7, Workers: 8
[2025-06-17T22:38:24.473+0300][3224][19180][debug][gc,phases] GC(48)     Code Root Scan (ms):           Min:  0.1, Avg:  0.1, Max:  0.1, Diff:  0.0, Sum:  1.0, Workers: 8
[2025-06-17T22:38:24.473+0300][3224][19180][debug][gc,phases] GC(48)       Scanned Nmethods               Min: 0, Avg:  0.0, Max: 0, Diff: 0, Sum: 0, Workers: 8
[2025-06-17T22:38:24.473+0300][3224][19180][debug][gc,phases] GC(48)     Object Copy (ms):              Min:  0.1, Avg:  0.1, Max:  0.1, Diff:  0.1, Sum:  0.8, Workers: 8
[2025-06-17T22:38:24.473+0300][3224][19180][debug][gc,phases] GC(48)     Termination (ms):              Min:  0.0, Avg:  0.0, Max:  0.0, Diff:  0.0, Sum:  0.1, Workers: 8
[2025-06-17T22:38:24.473+0300][3224][19180][debug][gc,phases] GC(48)       Termination Attempts:          Min: 1, Avg:  1.0, Max: 1, Diff: 0, Sum: 8, Workers: 8
[2025-06-17T22:38:24.473+0300][3224][19180][debug][gc,phases] GC(48)     GC Worker Other (ms):          Min:  0.1, Avg:  0.1, Max:  0.1, Diff:  0.0, Sum:  1.0, Workers: 8
[2025-06-17T22:38:24.473+0300][3224][19180][debug][gc,phases] GC(48)     GC Worker Total (ms):          Min:  0.5, Avg:  0.5, Max:  0.5, Diff:  0.0, Sum:  3.7, Workers: 8
[2025-06-17T22:38:24.473+0300][3224][19180][info ][gc,phases] GC(48)   Post Evacuate Collection Set: 0.8ms
[2025-06-17T22:38:24.473+0300][3224][19180][debug][gc,phases] GC(48)     NMethod List Cleanup: 0.0ms
[2025-06-17T22:38:24.473+0300][3224][19180][debug][gc,phases] GC(48)     Reference Processing: 0.1ms
[2025-06-17T22:38:24.473+0300][3224][19180][debug][gc,phases] GC(48)     Weak Processing: 0.1ms
[2025-06-17T22:38:24.473+0300][3224][19180][debug][gc,phases] GC(48)       VM Weak                        Min:  0.0, Avg:  0.0, Max:  0.0, Diff:  0.0, Sum:  0.0, Workers: 8
[2025-06-17T22:38:24.473+0300][3224][19180][debug][gc,phases] GC(48)         Dead                           Min: 0, Avg:  0.0, Max: 0, Diff: 0, Sum: 0, Workers: 8
[2025-06-17T22:38:24.473+0300][3224][19180][debug][gc,phases] GC(48)         Total                          Min: 0, Avg: 15.4, Max: 123, Diff: 123, Sum: 123, Workers: 8
[2025-06-17T22:38:24.473+0300][3224][19180][debug][gc,phases] GC(48)       ObjectSynchronizer Weak        Min:  0.0, Avg:  0.0, Max:  0.0, Diff:  0.0, Sum:  0.0, Workers: 8
[2025-06-17T22:38:24.473+0300][3224][19180][debug][gc,phases] GC(48)         Dead                           Min: 0, Avg:  0.0, Max: 0, Diff: 0, Sum: 0, Workers: 8
[2025-06-17T22:38:24.473+0300][3224][19180][debug][gc,phases] GC(48)         Total                          Min: 0, Avg: 18.6, Max: 149, Diff: 149, Sum: 149, Workers: 8
[2025-06-17T22:38:24.473+0300][3224][19180][debug][gc,phases] GC(48)       JVMTI Tag Weak OopStorage      Min:  0.0, Avg:  0.0, Max:  0.0, Diff:  0.0, Sum:  0.0, Workers: 8
[2025-06-17T22:38:24.473+0300][3224][19180][debug][gc,phases] GC(48)         Dead                           Min: 0, Avg:  0.0, Max: 0, Diff: 0, Sum: 0, Workers: 8
[2025-06-17T22:38:24.473+0300][3224][19180][debug][gc,phases] GC(48)         Total                          Min: 0, Avg:  0.0, Max: 0, Diff: 0, Sum: 0, Workers: 8
[2025-06-17T22:38:24.473+0300][3224][19180][debug][gc,phases] GC(48)       StringTable Weak               Min:  0.0, Avg:  0.0, Max:  0.0, Diff:  0.0, Sum:  0.1, Workers: 8
[2025-06-17T22:38:24.473+0300][3224][19180][debug][gc,phases] GC(48)         Dead                           Min: 0, Avg:  0.0, Max: 0, Diff: 0, Sum: 0, Workers: 8
[2025-06-17T22:38:24.473+0300][3224][19180][debug][gc,phases] GC(48)         Total                          Min: 0, Avg: 779.0, Max: 960, Diff: 960, Sum: 6232, Workers: 8
[2025-06-17T22:38:24.473+0300][3224][19180][debug][gc,phases] GC(48)       ResolvedMethodTable Weak       Min:  0.0, Avg:  0.0, Max:  0.0, Diff:  0.0, Sum:  0.0, Workers: 8
[2025-06-17T22:38:24.473+0300][3224][19180][debug][gc,phases] GC(48)         Dead                           Min: 0, Avg:  0.0, Max: 0, Diff: 0, Sum: 0, Workers: 8
[2025-06-17T22:38:24.473+0300][3224][19180][debug][gc,phases] GC(48)         Total                          Min: 0, Avg: 111.8, Max: 128, Diff: 128, Sum: 894, Workers: 8
[2025-06-17T22:38:24.473+0300][3224][19180][debug][gc,phases] GC(48)       JNI Weak                       Min:  0.0, Avg:  0.0, Max:  0.0, Diff:  0.0, Sum:  0.0, Workers: 8
[2025-06-17T22:38:24.473+0300][3224][19180][debug][gc,phases] GC(48)         Dead                           Min: 0, Avg:  0.0, Max: 0, Diff: 0, Sum: 0, Workers: 8
[2025-06-17T22:38:24.473+0300][3224][19180][debug][gc,phases] GC(48)         Total                          Min: 0, Avg:  0.0, Max: 0, Diff: 0, Sum: 0, Workers: 8
[2025-06-17T22:38:24.473+0300][3224][19180][debug][gc,phases] GC(48)       StringDedup Table Weak         Min:  0.0, Avg:  0.0, Max:  0.0, Diff:  0.0, Sum:  0.0, Workers: 8
[2025-06-17T22:38:24.473+0300][3224][19180][debug][gc,phases] GC(48)         Dead                           Min: 0, Avg:  0.0, Max: 0, Diff: 0, Sum: 0, Workers: 8
[2025-06-17T22:38:24.473+0300][3224][19180][debug][gc,phases] GC(48)         Total                          Min: 0, Avg:  0.0, Max: 0, Diff: 0, Sum: 0, Workers: 8
[2025-06-17T22:38:24.473+0300][3224][19180][debug][gc,phases] GC(48)       StringDedup Requests0 Weak     Min:  0.0, Avg:  0.0, Max:  0.0, Diff:  0.0, Sum:  0.0, Workers: 8
[2025-06-17T22:38:24.473+0300][3224][19180][debug][gc,phases] GC(48)         Dead                           Min: 0, Avg:  0.0, Max: 0, Diff: 0, Sum: 0, Workers: 8
[2025-06-17T22:38:24.473+0300][3224][19180][debug][gc,phases] GC(48)         Total                          Min: 0, Avg:  0.0, Max: 0, Diff: 0, Sum: 0, Workers: 8
[2025-06-17T22:38:24.473+0300][3224][19180][debug][gc,phases] GC(48)       StringDedup Requests1 Weak     Min:  0.0, Avg:  0.0, Max:  0.0, Diff:  0.0, Sum:  0.0, Workers: 8
[2025-06-17T22:38:24.473+0300][3224][19180][debug][gc,phases] GC(48)         Dead                           Min: 0, Avg:  0.0, Max: 0, Diff: 0, Sum: 0, Workers: 8
[2025-06-17T22:38:24.473+0300][3224][19180][debug][gc,phases] GC(48)         Total                          Min: 0, Avg:  0.0, Max: 0, Diff: 0, Sum: 0, Workers: 8
[2025-06-17T22:38:24.473+0300][3224][19180][debug][gc,phases] GC(48)       Weak JFR Old Object Samples    Min:  0.0, Avg:  0.0, Max:  0.0, Diff:  0.0, Sum:  0.0, Workers: 8
[2025-06-17T22:38:24.473+0300][3224][19180][debug][gc,phases] GC(48)         Dead                           Min: 0, Avg:  0.0, Max: 0, Diff: 0, Sum: 0, Workers: 8
[2025-06-17T22:38:24.473+0300][3224][19180][debug][gc,phases] GC(48)         Total                          Min: 0, Avg:  0.0, Max: 0, Diff: 0, Sum: 0, Workers: 8
[2025-06-17T22:38:24.473+0300][3224][19180][debug][gc,phases] GC(48)     Post Evacuate Cleanup 1: 0.2ms
[2025-06-17T22:38:24.473+0300][3224][19180][debug][gc,phases] GC(48)       Merge Per-Thread State (ms):   Min:  0.1, Avg:  0.1, Max:  0.1, Diff:  0.0, Sum:  0.1, Workers: 1
[2025-06-17T22:38:24.473+0300][3224][19180][debug][gc,phases] GC(48)         Copied Bytes                   Min: 54728, Avg: 88885.0, Max: 122848, Diff: 68120, Sum: 711080, Workers: 8
[2025-06-17T22:38:24.473+0300][3224][19180][debug][gc,phases] GC(48)         LAB Waste                      Min: 88, Avg: 214.0, Max: 344, Diff: 256, Sum: 1712, Workers: 8
[2025-06-17T22:38:24.473+0300][3224][19180][debug][gc,phases] GC(48)         LAB Undo Waste                 Min: 0, Avg:  0.0, Max: 0, Diff: 0, Sum: 0, Workers: 8
[2025-06-17T22:38:24.473+0300][3224][19180][debug][gc,phases] GC(48)       Clear Logged Cards (ms):       Min:  0.0, Avg:  0.1, Max:  0.2, Diff:  0.2, Sum:  0.5, Workers: 5
[2025-06-17T22:38:24.473+0300][3224][19180][debug][gc,phases] GC(48)       Recalculate Used Memory (ms):  Min:  0.0, Avg:  0.0, Max:  0.0, Diff:  0.0, Sum:  0.0, Workers: 1
[2025-06-17T22:38:24.473+0300][3224][19180][debug][gc,phases] GC(48)     Post Evacuate Cleanup 2: 0.3ms
[2025-06-17T22:38:24.473+0300][3224][19180][debug][gc,phases] GC(48)       Update Derived Pointers (ms):  Min:  0.0, Avg:  0.0, Max:  0.0, Diff:  0.0, Sum:  0.0, Workers: 1
[2025-06-17T22:38:24.473+0300][3224][19180][debug][gc,phases] GC(48)       Eagerly Reclaim Humongous Objects (ms): Min:  0.0, Avg:  0.0, Max:  0.0, Diff:  0.0, Sum:  0.0, Workers: 1
[2025-06-17T22:38:24.473+0300][3224][19180][debug][gc,phases] GC(48)         Humongous Total                Min: 6, Avg:  6.0, Max: 6, Diff: 0, Sum: 6, Workers: 1
[2025-06-17T22:38:24.473+0300][3224][19180][debug][gc,phases] GC(48)         Humongous Candidates           Min: 3, Avg:  3.0, Max: 3, Diff: 0, Sum: 3, Workers: 1
[2025-06-17T22:38:24.473+0300][3224][19180][debug][gc,phases] GC(48)         Humongous Reclaimed            Min: 0, Avg:  0.0, Max: 0, Diff: 0, Sum: 0, Workers: 1
[2025-06-17T22:38:24.473+0300][3224][19180][debug][gc,phases] GC(48)       Redirty Logged Cards (ms):     Min:  0.0, Avg:  0.0, Max:  0.0, Diff:  0.0, Sum:  0.0, Workers: 8
[2025-06-17T22:38:24.473+0300][3224][19180][debug][gc,phases] GC(48)         Redirtied Cards:               Min: 0, Avg:  0.9, Max: 7, Diff: 7, Sum: 7, Workers: 8
[2025-06-17T22:38:24.473+0300][3224][19180][debug][gc,phases] GC(48)       Resize TLABs (ms):             Min:  0.0, Avg:  0.0, Max:  0.0, Diff:  0.0, Sum:  0.0, Workers: 8
[2025-06-17T22:38:24.473+0300][3224][19180][debug][gc,phases] GC(48)       Free Collection Set (ms):      Min:  0.2, Avg:  0.2, Max:  0.2, Diff:  0.0, Sum:  1.9, Workers: 8
[2025-06-17T22:38:24.473+0300][3224][19180][debug][gc,phases] GC(48)     Rebuild Free List: 0.1ms
[2025-06-17T22:38:24.473+0300][3224][19180][debug][gc,phases] GC(48)     Prepare For Mutator: 0.0ms
[2025-06-17T22:38:24.473+0300][3224][19180][debug][gc,phases] GC(48)     Expand Heap After Collection: 0.0ms
[2025-06-17T22:38:24.473+0300][3224][19180][info ][gc,phases] GC(48)   Other: 0.1ms
[2025-06-17T22:38:24.473+0300][3224][19180][info ][gc,heap  ] GC(48) Eden regions: 1227->0(1227)
[2025-06-17T22:38:24.473+0300][3224][19180][info ][gc,heap  ] GC(48) Survivor regions: 1->1(154)
[2025-06-17T22:38:24.473+0300][3224][19180][info ][gc,heap  ] GC(48) Old regions: 10->10
[2025-06-17T22:38:24.473+0300][3224][19180][info ][gc,heap  ] GC(48) Humongous regions: 18->18
[2025-06-17T22:38:24.473+0300][3224][19180][debug][gc,heap  ] GC(48) Heap after GC invocations=49 (full 3):
[2025-06-17T22:38:24.473+0300][3224][19180][debug][gc,heap  ] GC(48)  garbage-first heap   total 2097152K, used 22904K [0x0000000080000000, 0x0000000100000000)
[2025-06-17T22:38:24.473+0300][3224][19180][debug][gc,heap  ] GC(48)   region size 1024K, 1 young (1024K), 1 survivors (1024K)
[2025-06-17T22:38:24.473+0300][3224][19180][debug][gc,heap  ] GC(48)  Metaspace       used 8733K, committed 9792K, reserved 1114112K
[2025-06-17T22:38:24.473+0300][3224][19180][debug][gc,heap  ] GC(48)   class space    used 874K, committed 1280K, reserved 1048576K
[2025-06-17T22:38:24.473+0300][3224][19180][info ][gc       ] GC(48) Pause Young (Normal) (G1 Evacuation Pause) 1249M->22M(2048M) 4.223ms
[2025-06-17T22:38:24.473+0300][3224][19180][info ][safepoint] Safepoint "G1CollectForAllocation", Time since last: 386769500 ns, Reaching safepoint: 346500 ns, Cleanup: 7200 ns, At safepoint: 4296100 ns, Total: 4649800 ns
[2025-06-17T22:38:24.934+0300][3224][19180][debug][safepoint] Safepoint synchronization initiated using striped semaphore wait barrier. (20 threads)
[2025-06-17T22:38:24.934+0300][3224][2520 ][debug][safepoint] ... found polling page loop exception at pc = 0x000002759026cf0b, stub =0x000002758fbb5d80
[2025-06-17T22:38:24.934+0300][3224][18048][debug][safepoint] ... found polling page loop exception at pc = 0x00000275901bda60, stub =0x000002758fbb5d80
[2025-06-17T22:38:24.934+0300][3224][2424 ][debug][safepoint] ... found polling page loop exception at pc = 0x00000275901bda60, stub =0x000002758fbb5d80
[2025-06-17T22:38:24.934+0300][3224][18176][debug][safepoint] ... found polling page loop exception at pc = 0x000002759015cab0, stub =0x000002758fbb5d80
[2025-06-17T22:38:24.934+0300][3224][19180][debug][gc,heap  ] GC(49) Heap before GC invocations=49 (full 3):
[2025-06-17T22:38:24.934+0300][3224][19180][debug][gc,heap  ] GC(49)  garbage-first heap   total 2097152K, used 1279352K [0x0000000080000000, 0x0000000100000000)
[2025-06-17T22:38:24.934+0300][3224][19180][debug][gc,heap  ] GC(49)   region size 1024K, 1228 young (1257472K), 1 survivors (1024K)
[2025-06-17T22:38:24.934+0300][3224][19180][debug][gc,heap  ] GC(49)  Metaspace       used 8733K, committed 9792K, reserved 1114112K
[2025-06-17T22:38:24.934+0300][3224][19180][debug][gc,heap  ] GC(49)   class space    used 874K, committed 1280K, reserved 1048576K
[2025-06-17T22:38:24.934+0300][3224][19180][info ][gc,phases] GC(49)   Pre Evacuate Collection Set: 0.4ms
[2025-06-17T22:38:24.934+0300][3224][19180][debug][gc,phases] GC(49)     Pre Evacuate Prepare: 0.1ms
[2025-06-17T22:38:24.934+0300][3224][19180][debug][gc,phases] GC(49)       JT Retire TLABs And Flush Logs (ms): Min:  0.0, Avg:  0.0, Max:  0.0, Diff:  0.0, Sum:  0.0, Workers: 2
[2025-06-17T22:38:24.934+0300][3224][19180][debug][gc,phases] GC(49)       Non-JT Flush Logs (ms):        Min:  0.0, Avg:  0.0, Max:  0.0, Diff:  0.0, Sum:  0.0, Workers: 1
[2025-06-17T22:38:24.934+0300][3224][19180][debug][gc,phases] GC(49)     Choose Collection Set: 0.0ms
[2025-06-17T22:38:24.934+0300][3224][19180][debug][gc,phases] GC(49)     Region Register: 0.3ms
[2025-06-17T22:38:24.934+0300][3224][19180][debug][gc,phases] GC(49)     Prepare Heap Roots: 0.0ms
[2025-06-17T22:38:24.934+0300][3224][19180][info ][gc,phases] GC(49)   Merge Heap Roots: 0.2ms
[2025-06-17T22:38:24.934+0300][3224][19180][debug][gc,phases] GC(49)     Prepare Merge Heap Roots: 0.0ms
[2025-06-17T22:38:24.934+0300][3224][19180][debug][gc,phases] GC(49)     Remembered Sets (ms):          Min:  0.1, Avg:  0.1, Max:  0.1, Diff:  0.0, Sum:  1.0, Workers: 8
[2025-06-17T22:38:24.934+0300][3224][19180][debug][gc,phases] GC(49)       Eager Reclaim (ms):            Min:  0.0, Avg:  0.0, Max:  0.0, Diff:  0.0, Sum:  0.0, Workers: 1
[2025-06-17T22:38:24.934+0300][3224][19180][debug][gc,phases] GC(49)       Merged Inline                  Min: 0, Avg:  0.0, Max: 0, Diff: 0, Sum: 0, Workers: 8
[2025-06-17T22:38:24.934+0300][3224][19180][debug][gc,phases] GC(49)       Merged ArrayOfCards            Min: 0, Avg:  0.0, Max: 0, Diff: 0, Sum: 0, Workers: 8
[2025-06-17T22:38:24.934+0300][3224][19180][debug][gc,phases] GC(49)       Merged Howl                    Min: 0, Avg:  0.0, Max: 0, Diff: 0, Sum: 0, Workers: 8
[2025-06-17T22:38:24.934+0300][3224][19180][debug][gc,phases] GC(49)       Merged Full                    Min: 0, Avg:  0.0, Max: 0, Diff: 0, Sum: 0, Workers: 8
[2025-06-17T22:38:24.934+0300][3224][19180][debug][gc,phases] GC(49)       Merged Howl Inline             Min: 0, Avg:  0.0, Max: 0, Diff: 0, Sum: 0, Workers: 8
[2025-06-17T22:38:24.934+0300][3224][19180][debug][gc,phases] GC(49)       Merged Howl ArrayOfCards       Min: 0, Avg:  0.0, Max: 0, Diff: 0, Sum: 0, Workers: 8
[2025-06-17T22:38:24.934+0300][3224][19180][debug][gc,phases] GC(49)       Merged Howl BitMap             Min: 0, Avg:  0.0, Max: 0, Diff: 0, Sum: 0, Workers: 8
[2025-06-17T22:38:24.934+0300][3224][19180][debug][gc,phases] GC(49)       Merged Howl Full               Min: 0, Avg:  0.0, Max: 0, Diff: 0, Sum: 0, Workers: 8
[2025-06-17T22:38:24.934+0300][3224][19180][debug][gc,phases] GC(49)       Merged Cards                   Min: 8, Avg:  9.0, Max: 16, Diff: 8, Sum: 72, Workers: 8
[2025-06-17T22:38:24.934+0300][3224][19180][debug][gc,phases] GC(49)     Log Buffers (ms):              Min:  0.0, Avg:  0.0, Max:  0.0, Diff:  0.0, Sum:  0.0, Workers: 8
[2025-06-17T22:38:24.934+0300][3224][19180][debug][gc,phases] GC(49)       Dirty Cards:                   Min: 0, Avg:  1.1, Max: 9, Diff: 9, Sum: 9, Workers: 8
[2025-06-17T22:38:24.934+0300][3224][19180][debug][gc,phases] GC(49)       Skipped Cards:                 Min: 0, Avg:  0.0, Max: 0, Diff: 0, Sum: 0, Workers: 8
[2025-06-17T22:38:24.934+0300][3224][19180][info ][gc,phases] GC(49)   Evacuate Collection Set: 0.4ms
[2025-06-17T22:38:24.934+0300][3224][19180][debug][gc,phases] GC(49)     Ext Root Scanning (ms):        Min:  0.1, Avg:  0.1, Max:  0.1, Diff:  0.1, Sum:  0.6, Workers: 8
[2025-06-17T22:38:24.934+0300][3224][19180][debug][gc,phases] GC(49)     Scan Heap Roots (ms):          Min:  0.0, Avg:  0.0, Max:  0.0, Diff:  0.0, Sum:  0.0, Workers: 8
[2025-06-17T22:38:24.934+0300][3224][19180][debug][gc,phases] GC(49)       Scanned Cards:                 Min: 0, Avg:  1.1, Max: 3, Diff: 3, Sum: 9, Workers: 8
[2025-06-17T22:38:24.934+0300][3224][19180][debug][gc,phases] GC(49)       Scanned Blocks:                Min: 0, Avg:  1.0, Max: 3, Diff: 3, Sum: 8, Workers: 8
[2025-06-17T22:38:24.934+0300][3224][19180][debug][gc,phases] GC(49)       Claimed Chunks:                Min: 0, Avg:  0.9, Max: 2, Diff: 2, Sum: 7, Workers: 8
[2025-06-17T22:38:24.934+0300][3224][19180][debug][gc,phases] GC(49)       Found Roots:                   Min: 0, Avg:  0.9, Max: 2, Diff: 2, Sum: 7, Workers: 8
[2025-06-17T22:38:24.934+0300][3224][19180][debug][gc,phases] GC(49)     Code Root Scan (ms):           Min:  0.1, Avg:  0.1, Max:  0.1, Diff:  0.0, Sum:  0.9, Workers: 8
[2025-06-17T22:38:24.934+0300][3224][19180][debug][gc,phases] GC(49)       Scanned Nmethods               Min: 0, Avg:  0.0, Max: 0, Diff: 0, Sum: 0, Workers: 8
[2025-06-17T22:38:24.934+0300][3224][19180][debug][gc,phases] GC(49)     Object Copy (ms):              Min:  0.1, Avg:  0.1, Max:  0.1, Diff:  0.0, Sum:  0.7, Workers: 8
[2025-06-17T22:38:24.934+0300][3224][19180][debug][gc,phases] GC(49)     Termination (ms):              Min:  0.0, Avg:  0.0, Max:  0.0, Diff:  0.0, Sum:  0.1, Workers: 8
[2025-06-17T22:38:24.934+0300][3224][19180][debug][gc,phases] GC(49)       Termination Attempts:          Min: 1, Avg:  1.0, Max: 1, Diff: 0, Sum: 8, Workers: 8
[2025-06-17T22:38:24.934+0300][3224][19180][debug][gc,phases] GC(49)     GC Worker Other (ms):          Min:  0.1, Avg:  0.1, Max:  0.1, Diff:  0.0, Sum:  0.9, Workers: 8
[2025-06-17T22:38:24.934+0300][3224][19180][debug][gc,phases] GC(49)     GC Worker Total (ms):          Min:  0.4, Avg:  0.4, Max:  0.4, Diff:  0.0, Sum:  3.1, Workers: 8
[2025-06-17T22:38:24.934+0300][3224][19180][info ][gc,phases] GC(49)   Post Evacuate Collection Set: 0.9ms
[2025-06-17T22:38:24.934+0300][3224][19180][debug][gc,phases] GC(49)     NMethod List Cleanup: 0.0ms
[2025-06-17T22:38:24.934+0300][3224][19180][debug][gc,phases] GC(49)     Reference Processing: 0.1ms
[2025-06-17T22:38:24.934+0300][3224][19180][debug][gc,phases] GC(49)     Weak Processing: 0.1ms
[2025-06-17T22:38:24.934+0300][3224][19180][debug][gc,phases] GC(49)       VM Weak                        Min:  0.0, Avg:  0.0, Max:  0.0, Diff:  0.0, Sum:  0.0, Workers: 8
[2025-06-17T22:38:24.934+0300][3224][19180][debug][gc,phases] GC(49)         Dead                           Min: 0, Avg:  0.0, Max: 0, Diff: 0, Sum: 0, Workers: 8
[2025-06-17T22:38:24.934+0300][3224][19180][debug][gc,phases] GC(49)         Total                          Min: 0, Avg: 15.4, Max: 113, Diff: 113, Sum: 123, Workers: 8
[2025-06-17T22:38:24.934+0300][3224][19180][debug][gc,phases] GC(49)       ObjectSynchronizer Weak        Min:  0.0, Avg:  0.0, Max:  0.0, Diff:  0.0, Sum:  0.0, Workers: 8
[2025-06-17T22:38:24.934+0300][3224][19180][debug][gc,phases] GC(49)         Dead                           Min: 0, Avg:  0.0, Max: 0, Diff: 0, Sum: 0, Workers: 8
[2025-06-17T22:38:24.934+0300][3224][19180][debug][gc,phases] GC(49)         Total                          Min: 0, Avg: 18.6, Max: 85, Diff: 85, Sum: 149, Workers: 8
[2025-06-17T22:38:24.934+0300][3224][19180][debug][gc,phases] GC(49)       JVMTI Tag Weak OopStorage      Min:  0.0, Avg:  0.0, Max:  0.0, Diff:  0.0, Sum:  0.0, Workers: 8
[2025-06-17T22:38:24.934+0300][3224][19180][debug][gc,phases] GC(49)         Dead                           Min: 0, Avg:  0.0, Max: 0, Diff: 0, Sum: 0, Workers: 8
[2025-06-17T22:38:24.934+0300][3224][19180][debug][gc,phases] GC(49)         Total                          Min: 0, Avg:  0.0, Max: 0, Diff: 0, Sum: 0, Workers: 8
[2025-06-17T22:38:24.934+0300][3224][19180][debug][gc,phases] GC(49)       StringTable Weak               Min:  0.0, Avg:  0.0, Max:  0.0, Diff:  0.0, Sum:  0.1, Workers: 8
[2025-06-17T22:38:24.934+0300][3224][19180][debug][gc,phases] GC(49)         Dead                           Min: 0, Avg:  0.0, Max: 0, Diff: 0, Sum: 0, Workers: 8
[2025-06-17T22:38:24.934+0300][3224][19180][debug][gc,phases] GC(49)         Total                          Min: 0, Avg: 779.0, Max: 1176, Diff: 1176, Sum: 6232, Workers: 8
[2025-06-17T22:38:24.934+0300][3224][19180][debug][gc,phases] GC(49)       ResolvedMethodTable Weak       Min:  0.0, Avg:  0.0, Max:  0.0, Diff:  0.0, Sum:  0.0, Workers: 8
[2025-06-17T22:38:24.934+0300][3224][19180][debug][gc,phases] GC(49)         Dead                           Min: 0, Avg:  0.0, Max: 0, Diff: 0, Sum: 0, Workers: 8
[2025-06-17T22:38:24.934+0300][3224][19180][debug][gc,phases] GC(49)         Total                          Min: 0, Avg: 111.8, Max: 191, Diff: 191, Sum: 894, Workers: 8
[2025-06-17T22:38:24.934+0300][3224][19180][debug][gc,phases] GC(49)       JNI Weak                       Min:  0.0, Avg:  0.0, Max:  0.0, Diff:  0.0, Sum:  0.0, Workers: 8
[2025-06-17T22:38:24.934+0300][3224][19180][debug][gc,phases] GC(49)         Dead                           Min: 0, Avg:  0.0, Max: 0, Diff: 0, Sum: 0, Workers: 8
[2025-06-17T22:38:24.934+0300][3224][19180][debug][gc,phases] GC(49)         Total                          Min: 0, Avg:  0.0, Max: 0, Diff: 0, Sum: 0, Workers: 8
[2025-06-17T22:38:24.934+0300][3224][19180][debug][gc,phases] GC(49)       StringDedup Table Weak         Min:  0.0, Avg:  0.0, Max:  0.0, Diff:  0.0, Sum:  0.0, Workers: 8
[2025-06-17T22:38:24.934+0300][3224][19180][debug][gc,phases] GC(49)         Dead                           Min: 0, Avg:  0.0, Max: 0, Diff: 0, Sum: 0, Workers: 8
[2025-06-17T22:38:24.934+0300][3224][19180][debug][gc,phases] GC(49)         Total                          Min: 0, Avg:  0.0, Max: 0, Diff: 0, Sum: 0, Workers: 8
[2025-06-17T22:38:24.934+0300][3224][19180][debug][gc,phases] GC(49)       StringDedup Requests0 Weak     Min:  0.0, Avg:  0.0, Max:  0.0, Diff:  0.0, Sum:  0.0, Workers: 8
[2025-06-17T22:38:24.934+0300][3224][19180][debug][gc,phases] GC(49)         Dead                           Min: 0, Avg:  0.0, Max: 0, Diff: 0, Sum: 0, Workers: 8
[2025-06-17T22:38:24.934+0300][3224][19180][debug][gc,phases] GC(49)         Total                          Min: 0, Avg:  0.0, Max: 0, Diff: 0, Sum: 0, Workers: 8
[2025-06-17T22:38:24.934+0300][3224][19180][debug][gc,phases] GC(49)       StringDedup Requests1 Weak     Min:  0.0, Avg:  0.0, Max:  0.0, Diff:  0.0, Sum:  0.0, Workers: 8
[2025-06-17T22:38:24.934+0300][3224][19180][debug][gc,phases] GC(49)         Dead                           Min: 0, Avg:  0.0, Max: 0, Diff: 0, Sum: 0, Workers: 8
[2025-06-17T22:38:24.934+0300][3224][19180][debug][gc,phases] GC(49)         Total                          Min: 0, Avg:  0.0, Max: 0, Diff: 0, Sum: 0, Workers: 8
[2025-06-17T22:38:24.934+0300][3224][19180][debug][gc,phases] GC(49)       Weak JFR Old Object Samples    Min:  0.0, Avg:  0.0, Max:  0.0, Diff:  0.0, Sum:  0.0, Workers: 8
[2025-06-17T22:38:24.934+0300][3224][19180][debug][gc,phases] GC(49)         Dead                           Min: 0, Avg:  0.0, Max: 0, Diff: 0, Sum: 0, Workers: 8
[2025-06-17T22:38:24.934+0300][3224][19180][debug][gc,phases] GC(49)         Total                          Min: 0, Avg:  0.0, Max: 0, Diff: 0, Sum: 0, Workers: 8
[2025-06-17T22:38:24.934+0300][3224][19180][debug][gc,phases] GC(49)     Post Evacuate Cleanup 1: 0.3ms
[2025-06-17T22:38:24.934+0300][3224][19180][debug][gc,phases] GC(49)       Merge Per-Thread State (ms):   Min:  0.0, Avg:  0.0, Max:  0.0, Diff:  0.0, Sum:  0.0, Workers: 1
[2025-06-17T22:38:24.934+0300][3224][19180][debug][gc,phases] GC(49)         Copied Bytes                   Min: 64672, Avg: 87988.0, Max: 106840, Diff: 42168, Sum: 703904, Workers: 8
[2025-06-17T22:38:24.934+0300][3224][19180][debug][gc,phases] GC(49)         LAB Waste                      Min: 96, Avg: 159.0, Max: 232, Diff: 136, Sum: 1272, Workers: 8
[2025-06-17T22:38:24.934+0300][3224][19180][debug][gc,phases] GC(49)         LAB Undo Waste                 Min: 0, Avg:  0.0, Max: 0, Diff: 0, Sum: 0, Workers: 8
[2025-06-17T22:38:24.934+0300][3224][19180][debug][gc,phases] GC(49)       Clear Logged Cards (ms):       Min:  0.0, Avg:  0.1, Max:  0.2, Diff:  0.2, Sum:  0.6, Workers: 5
[2025-06-17T22:38:24.934+0300][3224][19180][debug][gc,phases] GC(49)       Recalculate Used Memory (ms):  Min:  0.0, Avg:  0.0, Max:  0.0, Diff:  0.0, Sum:  0.0, Workers: 1
[2025-06-17T22:38:24.934+0300][3224][19180][debug][gc,phases] GC(49)     Post Evacuate Cleanup 2: 0.3ms
[2025-06-17T22:38:24.934+0300][3224][19180][debug][gc,phases] GC(49)       Update Derived Pointers (ms):  Min:  0.0, Avg:  0.0, Max:  0.0, Diff:  0.0, Sum:  0.0, Workers: 1
[2025-06-17T22:38:24.934+0300][3224][19180][debug][gc,phases] GC(49)       Eagerly Reclaim Humongous Objects (ms): Min:  0.0, Avg:  0.0, Max:  0.0, Diff:  0.0, Sum:  0.0, Workers: 1
[2025-06-17T22:38:24.934+0300][3224][19180][debug][gc,phases] GC(49)         Humongous Total                Min: 6, Avg:  6.0, Max: 6, Diff: 0, Sum: 6, Workers: 1
[2025-06-17T22:38:24.934+0300][3224][19180][debug][gc,phases] GC(49)         Humongous Candidates           Min: 3, Avg:  3.0, Max: 3, Diff: 0, Sum: 3, Workers: 1
[2025-06-17T22:38:24.934+0300][3224][19180][debug][gc,phases] GC(49)         Humongous Reclaimed            Min: 0, Avg:  0.0, Max: 0, Diff: 0, Sum: 0, Workers: 1
[2025-06-17T22:38:24.934+0300][3224][19180][debug][gc,phases] GC(49)       Redirty Logged Cards (ms):     Min:  0.0, Avg:  0.0, Max:  0.0, Diff:  0.0, Sum:  0.0, Workers: 8
[2025-06-17T22:38:24.934+0300][3224][19180][debug][gc,phases] GC(49)         Redirtied Cards:               Min: 0, Avg:  1.0, Max: 8, Diff: 8, Sum: 8, Workers: 8
[2025-06-17T22:38:24.934+0300][3224][19180][debug][gc,phases] GC(49)       Resize TLABs (ms):             Min:  0.0, Avg:  0.0, Max:  0.0, Diff:  0.0, Sum:  0.0, Workers: 8
[2025-06-17T22:38:24.934+0300][3224][19180][debug][gc,phases] GC(49)       Free Collection Set (ms):      Min:  0.0, Avg:  0.2, Max:  0.3, Diff:  0.2, Sum:  1.8, Workers: 8
[2025-06-17T22:38:24.934+0300][3224][19180][debug][gc,phases] GC(49)     Rebuild Free List: 0.1ms
[2025-06-17T22:38:24.934+0300][3224][19180][debug][gc,phases] GC(49)     Prepare For Mutator: 0.0ms
[2025-06-17T22:38:24.934+0300][3224][19180][debug][gc,phases] GC(49)     Expand Heap After Collection: 0.0ms
[2025-06-17T22:38:24.934+0300][3224][19180][info ][gc,phases] GC(49)   Other: 0.1ms
[2025-06-17T22:38:24.934+0300][3224][19180][info ][gc,heap  ] GC(49) Eden regions: 1227->0(1227)
[2025-06-17T22:38:24.934+0300][3224][19180][info ][gc,heap  ] GC(49) Survivor regions: 1->1(154)
[2025-06-17T22:38:24.934+0300][3224][19180][info ][gc,heap  ] GC(49) Old regions: 10->10
[2025-06-17T22:38:24.934+0300][3224][19180][info ][gc,heap  ] GC(49) Humongous regions: 18->18
[2025-06-17T22:38:24.934+0300][3224][19180][debug][gc,heap  ] GC(49) Heap after GC invocations=50 (full 3):
[2025-06-17T22:38:24.934+0300][3224][19180][debug][gc,heap  ] GC(49)  garbage-first heap   total 2097152K, used 22892K [0x0000000080000000, 0x0000000100000000)
[2025-06-17T22:38:24.934+0300][3224][19180][debug][gc,heap  ] GC(49)   region size 1024K, 1 young (1024K), 1 survivors (1024K)
[2025-06-17T22:38:24.934+0300][3224][19180][debug][gc,heap  ] GC(49)  Metaspace       used 8733K, committed 9792K, reserved 1114112K
[2025-06-17T22:38:24.934+0300][3224][19180][debug][gc,heap  ] GC(49)   class space    used 874K, committed 1280K, reserved 1048576K
[2025-06-17T22:38:24.934+0300][3224][19180][info ][gc       ] GC(49) Pause Young (Normal) (G1 Evacuation Pause) 1249M->22M(2048M) 3.906ms
[2025-06-17T22:38:24.934+0300][3224][19180][info ][safepoint] Safepoint "G1CollectForAllocation", Time since last: 458128100 ns, Reaching safepoint: 358000 ns, Cleanup: 8200 ns, At safepoint: 3974700 ns, Total: 4340900 ns
[2025-06-17T22:38:25.377+0300][3224][19180][debug][safepoint] Safepoint synchronization initiated using striped semaphore wait barrier. (20 threads)
[2025-06-17T22:38:25.377+0300][3224][2424 ][debug][safepoint] ... found polling page loop exception at pc = 0x00000275901d1722, stub =0x000002758fbb6600
[2025-06-17T22:38:25.377+0300][3224][8204 ][debug][safepoint] ... found polling page loop exception at pc = 0x00000275901bda60, stub =0x000002758fbb5d80
[2025-06-17T22:38:25.377+0300][3224][18144][debug][safepoint] ... found polling page loop exception at pc = 0x000002759021ceec, stub =0x000002758fbb5d80
[2025-06-17T22:38:25.377+0300][3224][18176][debug][safepoint] ... found polling page loop exception at pc = 0x00000275901bda60, stub =0x000002758fbb5d80
[2025-06-17T22:38:25.377+0300][3224][19180][debug][gc,heap  ] GC(50) Heap before GC invocations=50 (full 3):
[2025-06-17T22:38:25.377+0300][3224][19180][debug][gc,heap  ] GC(50)  garbage-first heap   total 2097152K, used 1279340K [0x0000000080000000, 0x0000000100000000)
[2025-06-17T22:38:25.377+0300][3224][19180][debug][gc,heap  ] GC(50)   region size 1024K, 1228 young (1257472K), 1 survivors (1024K)
[2025-06-17T22:38:25.377+0300][3224][19180][debug][gc,heap  ] GC(50)  Metaspace       used 8733K, committed 9792K, reserved 1114112K
[2025-06-17T22:38:25.377+0300][3224][19180][debug][gc,heap  ] GC(50)   class space    used 874K, committed 1280K, reserved 1048576K
[2025-06-17T22:38:25.377+0300][3224][19180][info ][gc,phases] GC(50)   Pre Evacuate Collection Set: 0.3ms
[2025-06-17T22:38:25.377+0300][3224][19180][debug][gc,phases] GC(50)     Pre Evacuate Prepare: 0.0ms
[2025-06-17T22:38:25.377+0300][3224][19180][debug][gc,phases] GC(50)       JT Retire TLABs And Flush Logs (ms): Min:  0.0, Avg:  0.0, Max:  0.0, Diff:  0.0, Sum:  0.0, Workers: 2
[2025-06-17T22:38:25.377+0300][3224][19180][debug][gc,phases] GC(50)       Non-JT Flush Logs (ms):        Min:  0.0, Avg:  0.0, Max:  0.0, Diff:  0.0, Sum:  0.0, Workers: 1
[2025-06-17T22:38:25.377+0300][3224][19180][debug][gc,phases] GC(50)     Choose Collection Set: 0.0ms
[2025-06-17T22:38:25.377+0300][3224][19180][debug][gc,phases] GC(50)     Region Register: 0.2ms
[2025-06-17T22:38:25.377+0300][3224][19180][debug][gc,phases] GC(50)     Prepare Heap Roots: 0.0ms
[2025-06-17T22:38:25.377+0300][3224][19180][info ][gc,phases] GC(50)   Merge Heap Roots: 0.2ms
[2025-06-17T22:38:25.377+0300][3224][19180][debug][gc,phases] GC(50)     Prepare Merge Heap Roots: 0.0ms
[2025-06-17T22:38:25.377+0300][3224][19180][debug][gc,phases] GC(50)     Remembered Sets (ms):          Min:  0.1, Avg:  0.1, Max:  0.1, Diff:  0.0, Sum:  1.0, Workers: 8
[2025-06-17T22:38:25.377+0300][3224][19180][debug][gc,phases] GC(50)       Eager Reclaim (ms):            Min:  0.0, Avg:  0.0, Max:  0.0, Diff:  0.0, Sum:  0.0, Workers: 1
[2025-06-17T22:38:25.377+0300][3224][19180][debug][gc,phases] GC(50)       Merged Inline                  Min: 0, Avg:  0.0, Max: 0, Diff: 0, Sum: 0, Workers: 8
[2025-06-17T22:38:25.377+0300][3224][19180][debug][gc,phases] GC(50)       Merged ArrayOfCards            Min: 0, Avg:  0.0, Max: 0, Diff: 0, Sum: 0, Workers: 8
[2025-06-17T22:38:25.377+0300][3224][19180][debug][gc,phases] GC(50)       Merged Howl                    Min: 0, Avg:  0.0, Max: 0, Diff: 0, Sum: 0, Workers: 8
[2025-06-17T22:38:25.377+0300][3224][19180][debug][gc,phases] GC(50)       Merged Full                    Min: 0, Avg:  0.0, Max: 0, Diff: 0, Sum: 0, Workers: 8
[2025-06-17T22:38:25.377+0300][3224][19180][debug][gc,phases] GC(50)       Merged Howl Inline             Min: 0, Avg:  0.0, Max: 0, Diff: 0, Sum: 0, Workers: 8
[2025-06-17T22:38:25.377+0300][3224][19180][debug][gc,phases] GC(50)       Merged Howl ArrayOfCards       Min: 0, Avg:  0.0, Max: 0, Diff: 0, Sum: 0, Workers: 8
[2025-06-17T22:38:25.377+0300][3224][19180][debug][gc,phases] GC(50)       Merged Howl BitMap             Min: 0, Avg:  0.0, Max: 0, Diff: 0, Sum: 0, Workers: 8
[2025-06-17T22:38:25.377+0300][3224][19180][debug][gc,phases] GC(50)       Merged Howl Full               Min: 0, Avg:  0.0, Max: 0, Diff: 0, Sum: 0, Workers: 8
[2025-06-17T22:38:25.377+0300][3224][19180][debug][gc,phases] GC(50)       Merged Cards                   Min: 8, Avg:  9.0, Max: 16, Diff: 8, Sum: 72, Workers: 8
[2025-06-17T22:38:25.377+0300][3224][19180][debug][gc,phases] GC(50)     Log Buffers (ms):              Min:  0.0, Avg:  0.0, Max:  0.0, Diff:  0.0, Sum:  0.0, Workers: 8
[2025-06-17T22:38:25.377+0300][3224][19180][debug][gc,phases] GC(50)       Dirty Cards:                   Min: 0, Avg:  1.2, Max: 10, Diff: 10, Sum: 10, Workers: 8
[2025-06-17T22:38:25.377+0300][3224][19180][debug][gc,phases] GC(50)       Skipped Cards:                 Min: 0, Avg:  0.0, Max: 0, Diff: 0, Sum: 0, Workers: 8
[2025-06-17T22:38:25.377+0300][3224][19180][info ][gc,phases] GC(50)   Evacuate Collection Set: 0.7ms
[2025-06-17T22:38:25.377+0300][3224][19180][debug][gc,phases] GC(50)     Ext Root Scanning (ms):        Min:  0.0, Avg:  0.1, Max:  0.1, Diff:  0.1, Sum:  0.5, Workers: 8
[2025-06-17T22:38:25.377+0300][3224][19180][debug][gc,phases] GC(50)     Scan Heap Roots (ms):          Min:  0.0, Avg:  0.0, Max:  0.0, Diff:  0.0, Sum:  0.0, Workers: 8
[2025-06-17T22:38:25.377+0300][3224][19180][debug][gc,phases] GC(50)       Scanned Cards:                 Min: 0, Avg:  1.1, Max: 3, Diff: 3, Sum: 9, Workers: 8
[2025-06-17T22:38:25.377+0300][3224][19180][debug][gc,phases] GC(50)       Scanned Blocks:                Min: 0, Avg:  1.0, Max: 3, Diff: 3, Sum: 8, Workers: 8
[2025-06-17T22:38:25.377+0300][3224][19180][debug][gc,phases] GC(50)       Claimed Chunks:                Min: 0, Avg:  0.9, Max: 2, Diff: 2, Sum: 7, Workers: 8
[2025-06-17T22:38:25.377+0300][3224][19180][debug][gc,phases] GC(50)       Found Roots:                   Min: 0, Avg:  0.9, Max: 2, Diff: 2, Sum: 7, Workers: 8
[2025-06-17T22:38:25.377+0300][3224][19180][debug][gc,phases] GC(50)     Code Root Scan (ms):           Min:  0.1, Avg:  0.1, Max:  0.1, Diff:  0.0, Sum:  0.9, Workers: 8
[2025-06-17T22:38:25.377+0300][3224][19180][debug][gc,phases] GC(50)       Scanned Nmethods               Min: 0, Avg:  0.0, Max: 0, Diff: 0, Sum: 0, Workers: 8
[2025-06-17T22:38:25.377+0300][3224][19180][debug][gc,phases] GC(50)     Object Copy (ms):              Min:  0.0, Avg:  0.1, Max:  0.1, Diff:  0.1, Sum:  0.7, Workers: 8
[2025-06-17T22:38:25.377+0300][3224][19180][debug][gc,phases] GC(50)     Termination (ms):              Min:  0.0, Avg:  0.2, Max:  0.3, Diff:  0.2, Sum:  1.9, Workers: 8
[2025-06-17T22:38:25.377+0300][3224][19180][debug][gc,phases] GC(50)       Termination Attempts:          Min: 1, Avg:  1.0, Max: 1, Diff: 0, Sum: 8, Workers: 8
[2025-06-17T22:38:25.377+0300][3224][19180][debug][gc,phases] GC(50)     GC Worker Other (ms):          Min:  0.1, Avg:  0.1, Max:  0.1, Diff:  0.0, Sum:  0.9, Workers: 8
[2025-06-17T22:38:25.377+0300][3224][19180][debug][gc,phases] GC(50)     GC Worker Total (ms):          Min:  0.2, Avg:  0.6, Max:  0.7, Diff:  0.4, Sum:  4.9, Workers: 8
[2025-06-17T22:38:25.377+0300][3224][19180][info ][gc,phases] GC(50)   Post Evacuate Collection Set: 0.9ms
[2025-06-17T22:38:25.377+0300][3224][19180][debug][gc,phases] GC(50)     NMethod List Cleanup: 0.0ms
[2025-06-17T22:38:25.377+0300][3224][19180][debug][gc,phases] GC(50)     Reference Processing: 0.1ms
[2025-06-17T22:38:25.377+0300][3224][19180][debug][gc,phases] GC(50)     Weak Processing: 0.1ms
[2025-06-17T22:38:25.377+0300][3224][19180][debug][gc,phases] GC(50)       VM Weak                        Min:  0.0, Avg:  0.0, Max:  0.0, Diff:  0.0, Sum:  0.0, Workers: 8
[2025-06-17T22:38:25.377+0300][3224][19180][debug][gc,phases] GC(50)         Dead                           Min: 0, Avg:  0.0, Max: 0, Diff: 0, Sum: 0, Workers: 8
[2025-06-17T22:38:25.377+0300][3224][19180][debug][gc,phases] GC(50)         Total                          Min: 0, Avg: 15.4, Max: 82, Diff: 82, Sum: 123, Workers: 8
[2025-06-17T22:38:25.377+0300][3224][19180][debug][gc,phases] GC(50)       ObjectSynchronizer Weak        Min:  0.0, Avg:  0.0, Max:  0.0, Diff:  0.0, Sum:  0.0, Workers: 8
[2025-06-17T22:38:25.377+0300][3224][19180][debug][gc,phases] GC(50)         Dead                           Min: 0, Avg:  0.0, Max: 0, Diff: 0, Sum: 0, Workers: 8
[2025-06-17T22:38:25.377+0300][3224][19180][debug][gc,phases] GC(50)         Total                          Min: 0, Avg: 18.6, Max: 85, Diff: 85, Sum: 149, Workers: 8
[2025-06-17T22:38:25.377+0300][3224][19180][debug][gc,phases] GC(50)       JVMTI Tag Weak OopStorage      Min:  0.0, Avg:  0.0, Max:  0.0, Diff:  0.0, Sum:  0.0, Workers: 8
[2025-06-17T22:38:25.377+0300][3224][19180][debug][gc,phases] GC(50)         Dead                           Min: 0, Avg:  0.0, Max: 0, Diff: 0, Sum: 0, Workers: 8
[2025-06-17T22:38:25.377+0300][3224][19180][debug][gc,phases] GC(50)         Total                          Min: 0, Avg:  0.0, Max: 0, Diff: 0, Sum: 0, Workers: 8
[2025-06-17T22:38:25.377+0300][3224][19180][debug][gc,phases] GC(50)       StringTable Weak               Min:  0.0, Avg:  0.0, Max:  0.0, Diff:  0.0, Sum:  0.1, Workers: 8
[2025-06-17T22:38:25.377+0300][3224][19180][debug][gc,phases] GC(50)         Dead                           Min: 0, Avg:  0.0, Max: 0, Diff: 0, Sum: 0, Workers: 8
[2025-06-17T22:38:25.377+0300][3224][19180][debug][gc,phases] GC(50)         Total                          Min: 0, Avg: 779.0, Max: 1472, Diff: 1472, Sum: 6232, Workers: 8
[2025-06-17T22:38:25.377+0300][3224][19180][debug][gc,phases] GC(50)       ResolvedMethodTable Weak       Min:  0.0, Avg:  0.0, Max:  0.0, Diff:  0.0, Sum:  0.0, Workers: 8
[2025-06-17T22:38:25.377+0300][3224][19180][debug][gc,phases] GC(50)         Dead                           Min: 0, Avg:  0.0, Max: 0, Diff: 0, Sum: 0, Workers: 8
[2025-06-17T22:38:25.377+0300][3224][19180][debug][gc,phases] GC(50)         Total                          Min: 0, Avg: 111.8, Max: 191, Diff: 191, Sum: 894, Workers: 8
[2025-06-17T22:38:25.377+0300][3224][19180][debug][gc,phases] GC(50)       JNI Weak                       Min:  0.0, Avg:  0.0, Max:  0.0, Diff:  0.0, Sum:  0.0, Workers: 8
[2025-06-17T22:38:25.377+0300][3224][19180][debug][gc,phases] GC(50)         Dead                           Min: 0, Avg:  0.0, Max: 0, Diff: 0, Sum: 0, Workers: 8
[2025-06-17T22:38:25.377+0300][3224][19180][debug][gc,phases] GC(50)         Total                          Min: 0, Avg:  0.0, Max: 0, Diff: 0, Sum: 0, Workers: 8
[2025-06-17T22:38:25.377+0300][3224][19180][debug][gc,phases] GC(50)       StringDedup Table Weak         Min:  0.0, Avg:  0.0, Max:  0.0, Diff:  0.0, Sum:  0.0, Workers: 8
[2025-06-17T22:38:25.377+0300][3224][19180][debug][gc,phases] GC(50)         Dead                           Min: 0, Avg:  0.0, Max: 0, Diff: 0, Sum: 0, Workers: 8
[2025-06-17T22:38:25.377+0300][3224][19180][debug][gc,phases] GC(50)         Total                          Min: 0, Avg:  0.0, Max: 0, Diff: 0, Sum: 0, Workers: 8
[2025-06-17T22:38:25.377+0300][3224][19180][debug][gc,phases] GC(50)       StringDedup Requests0 Weak     Min:  0.0, Avg:  0.0, Max:  0.0, Diff:  0.0, Sum:  0.0, Workers: 8
[2025-06-17T22:38:25.377+0300][3224][19180][debug][gc,phases] GC(50)         Dead                           Min: 0, Avg:  0.0, Max: 0, Diff: 0, Sum: 0, Workers: 8
[2025-06-17T22:38:25.377+0300][3224][19180][debug][gc,phases] GC(50)         Total                          Min: 0, Avg:  0.0, Max: 0, Diff: 0, Sum: 0, Workers: 8
[2025-06-17T22:38:25.377+0300][3224][19180][debug][gc,phases] GC(50)       StringDedup Requests1 Weak     Min:  0.0, Avg:  0.0, Max:  0.0, Diff:  0.0, Sum:  0.0, Workers: 8
[2025-06-17T22:38:25.377+0300][3224][19180][debug][gc,phases] GC(50)         Dead                           Min: 0, Avg:  0.0, Max: 0, Diff: 0, Sum: 0, Workers: 8
[2025-06-17T22:38:25.377+0300][3224][19180][debug][gc,phases] GC(50)         Total                          Min: 0, Avg:  0.0, Max: 0, Diff: 0, Sum: 0, Workers: 8
[2025-06-17T22:38:25.377+0300][3224][19180][debug][gc,phases] GC(50)       Weak JFR Old Object Samples    Min:  0.0, Avg:  0.0, Max:  0.0, Diff:  0.0, Sum:  0.0, Workers: 8
[2025-06-17T22:38:25.377+0300][3224][19180][debug][gc,phases] GC(50)         Dead                           Min: 0, Avg:  0.0, Max: 0, Diff: 0, Sum: 0, Workers: 8
[2025-06-17T22:38:25.377+0300][3224][19180][debug][gc,phases] GC(50)         Total                          Min: 0, Avg:  0.0, Max: 0, Diff: 0, Sum: 0, Workers: 8
[2025-06-17T22:38:25.377+0300][3224][19180][debug][gc,phases] GC(50)     Post Evacuate Cleanup 1: 0.2ms
[2025-06-17T22:38:25.377+0300][3224][19180][debug][gc,phases] GC(50)       Merge Per-Thread State (ms):   Min:  0.1, Avg:  0.1, Max:  0.1, Diff:  0.0, Sum:  0.1, Workers: 1
[2025-06-17T22:38:25.377+0300][3224][19180][debug][gc,phases] GC(50)         Copied Bytes                   Min: 0, Avg: 91587.0, Max: 150984, Diff: 150984, Sum: 732696, Workers: 8
[2025-06-17T22:38:25.377+0300][3224][19180][debug][gc,phases] GC(50)         LAB Waste                      Min: 0, Avg: 186.0, Max: 376, Diff: 376, Sum: 1488, Workers: 8
[2025-06-17T22:38:25.377+0300][3224][19180][debug][gc,phases] GC(50)         LAB Undo Waste                 Min: 0, Avg:  0.0, Max: 0, Diff: 0, Sum: 0, Workers: 8
[2025-06-17T22:38:25.377+0300][3224][19180][debug][gc,phases] GC(50)       Clear Logged Cards (ms):       Min:  0.0, Avg:  0.1, Max:  0.2, Diff:  0.2, Sum:  0.4, Workers: 5
[2025-06-17T22:38:25.377+0300][3224][19180][debug][gc,phases] GC(50)       Recalculate Used Memory (ms):  Min:  0.0, Avg:  0.0, Max:  0.0, Diff:  0.0, Sum:  0.0, Workers: 1
[2025-06-17T22:38:25.377+0300][3224][19180][debug][gc,phases] GC(50)     Post Evacuate Cleanup 2: 0.4ms
[2025-06-17T22:38:25.377+0300][3224][19180][debug][gc,phases] GC(50)       Update Derived Pointers (ms):  Min:  0.0, Avg:  0.0, Max:  0.0, Diff:  0.0, Sum:  0.0, Workers: 1
[2025-06-17T22:38:25.377+0300][3224][19180][debug][gc,phases] GC(50)       Eagerly Reclaim Humongous Objects (ms): Min:  0.0, Avg:  0.0, Max:  0.0, Diff:  0.0, Sum:  0.0, Workers: 1
[2025-06-17T22:38:25.377+0300][3224][19180][debug][gc,phases] GC(50)         Humongous Total                Min: 6, Avg:  6.0, Max: 6, Diff: 0, Sum: 6, Workers: 1
[2025-06-17T22:38:25.377+0300][3224][19180][debug][gc,phases] GC(50)         Humongous Candidates           Min: 3, Avg:  3.0, Max: 3, Diff: 0, Sum: 3, Workers: 1
[2025-06-17T22:38:25.377+0300][3224][19180][debug][gc,phases] GC(50)         Humongous Reclaimed            Min: 0, Avg:  0.0, Max: 0, Diff: 0, Sum: 0, Workers: 1
[2025-06-17T22:38:25.377+0300][3224][19180][debug][gc,phases] GC(50)       Redirty Logged Cards (ms):     Min:  0.0, Avg:  0.0, Max:  0.0, Diff:  0.0, Sum:  0.0, Workers: 8
[2025-06-17T22:38:25.377+0300][3224][19180][debug][gc,phases] GC(50)         Redirtied Cards:               Min: 0, Avg:  1.0, Max: 8, Diff: 8, Sum: 8, Workers: 8
[2025-06-17T22:38:25.377+0300][3224][19180][debug][gc,phases] GC(50)       Resize TLABs (ms):             Min:  0.0, Avg:  0.0, Max:  0.0, Diff:  0.0, Sum:  0.0, Workers: 8
[2025-06-17T22:38:25.377+0300][3224][19180][debug][gc,phases] GC(50)       Free Collection Set (ms):      Min:  0.0, Avg:  0.2, Max:  0.3, Diff:  0.3, Sum:  1.7, Workers: 8
[2025-06-17T22:38:25.377+0300][3224][19180][debug][gc,phases] GC(50)     Rebuild Free List: 0.1ms
[2025-06-17T22:38:25.377+0300][3224][19180][debug][gc,phases] GC(50)     Prepare For Mutator: 0.0ms
[2025-06-17T22:38:25.377+0300][3224][19180][debug][gc,phases] GC(50)     Expand Heap After Collection: 0.0ms
[2025-06-17T22:38:25.377+0300][3224][19180][info ][gc,phases] GC(50)   Other: 0.2ms
[2025-06-17T22:38:25.377+0300][3224][19180][info ][gc,heap  ] GC(50) Eden regions: 1227->0(1227)
[2025-06-17T22:38:25.377+0300][3224][19180][info ][gc,heap  ] GC(50) Survivor regions: 1->1(154)
[2025-06-17T22:38:25.377+0300][3224][19180][info ][gc,heap  ] GC(50) Old regions: 10->10
[2025-06-17T22:38:25.377+0300][3224][19180][info ][gc,heap  ] GC(50) Humongous regions: 18->18
[2025-06-17T22:38:25.377+0300][3224][19180][debug][gc,heap  ] GC(50) Heap after GC invocations=51 (full 3):
[2025-06-17T22:38:25.377+0300][3224][19180][debug][gc,heap  ] GC(50)  garbage-first heap   total 2097152K, used 22922K [0x0000000080000000, 0x0000000100000000)
[2025-06-17T22:38:25.377+0300][3224][19180][debug][gc,heap  ] GC(50)   region size 1024K, 1 young (1024K), 1 survivors (1024K)
[2025-06-17T22:38:25.377+0300][3224][19180][debug][gc,heap  ] GC(50)  Metaspace       used 8733K, committed 9792K, reserved 1114112K
[2025-06-17T22:38:25.377+0300][3224][19180][debug][gc,heap  ] GC(50)   class space    used 874K, committed 1280K, reserved 1048576K
[2025-06-17T22:38:25.377+0300][3224][19180][info ][gc       ] GC(50) Pause Young (Normal) (G1 Evacuation Pause) 1249M->22M(2048M) 4.852ms
[2025-06-17T22:38:25.377+0300][3224][19180][info ][safepoint] Safepoint "G1CollectForAllocation", Time since last: 436857700 ns, Reaching safepoint: 391100 ns, Cleanup: 9100 ns, At safepoint: 4933300 ns, Total: 5333500 ns
[2025-06-17T22:38:25.853+0300][3224][19180][debug][safepoint] Safepoint synchronization initiated using striped semaphore wait barrier. (19 threads)
[2025-06-17T22:38:25.853+0300][3224][18176][debug][safepoint] ... found polling page loop exception at pc = 0x00000275901bda60, stub =0x000002758fbb5d80
[2025-06-17T22:38:25.853+0300][3224][18144][debug][safepoint] ... found polling page loop exception at pc = 0x00000275901bda60, stub =0x000002758fbb5d80
[2025-06-17T22:38:25.853+0300][3224][2424 ][debug][safepoint] ... found polling page loop exception at pc = 0x00000275901bda60, stub =0x000002758fbb5d80
[2025-06-17T22:38:25.853+0300][3224][2520 ][debug][safepoint] ... found polling page loop exception at pc = 0x00000275901d1722, stub =0x000002758fbb6600
[2025-06-17T22:38:25.853+0300][3224][19180][debug][gc,heap  ] GC(51) Heap before GC invocations=51 (full 3):
[2025-06-17T22:38:25.853+0300][3224][19180][debug][gc,heap  ] GC(51)  garbage-first heap   total 2097152K, used 1279370K [0x0000000080000000, 0x0000000100000000)
[2025-06-17T22:38:25.853+0300][3224][19180][debug][gc,heap  ] GC(51)   region size 1024K, 1228 young (1257472K), 1 survivors (1024K)
[2025-06-17T22:38:25.853+0300][3224][19180][debug][gc,heap  ] GC(51)  Metaspace       used 8733K, committed 9792K, reserved 1114112K
[2025-06-17T22:38:25.853+0300][3224][19180][debug][gc,heap  ] GC(51)   class space    used 874K, committed 1280K, reserved 1048576K
[2025-06-17T22:38:25.853+0300][3224][19180][info ][gc,phases] GC(51)   Pre Evacuate Collection Set: 0.3ms
[2025-06-17T22:38:25.853+0300][3224][19180][debug][gc,phases] GC(51)     Pre Evacuate Prepare: 0.1ms
[2025-06-17T22:38:25.853+0300][3224][19180][debug][gc,phases] GC(51)       JT Retire TLABs And Flush Logs (ms): Min:  0.0, Avg:  0.0, Max:  0.0, Diff:  0.0, Sum:  0.0, Workers: 2
[2025-06-17T22:38:25.853+0300][3224][19180][debug][gc,phases] GC(51)       Non-JT Flush Logs (ms):        Min:  0.0, Avg:  0.0, Max:  0.0, Diff:  0.0, Sum:  0.0, Workers: 1
[2025-06-17T22:38:25.853+0300][3224][19180][debug][gc,phases] GC(51)     Choose Collection Set: 0.0ms
[2025-06-17T22:38:25.853+0300][3224][19180][debug][gc,phases] GC(51)     Region Register: 0.3ms
[2025-06-17T22:38:25.853+0300][3224][19180][debug][gc,phases] GC(51)     Prepare Heap Roots: 0.0ms
[2025-06-17T22:38:25.853+0300][3224][19180][info ][gc,phases] GC(51)   Merge Heap Roots: 0.2ms
[2025-06-17T22:38:25.853+0300][3224][19180][debug][gc,phases] GC(51)     Prepare Merge Heap Roots: 0.0ms
[2025-06-17T22:38:25.853+0300][3224][19180][debug][gc,phases] GC(51)     Remembered Sets (ms):          Min:  0.0, Avg:  0.1, Max:  0.1, Diff:  0.1, Sum:  1.0, Workers: 8
[2025-06-17T22:38:25.853+0300][3224][19180][debug][gc,phases] GC(51)       Eager Reclaim (ms):            Min:  0.0, Avg:  0.0, Max:  0.0, Diff:  0.0, Sum:  0.0, Workers: 1
[2025-06-17T22:38:25.853+0300][3224][19180][debug][gc,phases] GC(51)       Merged Inline                  Min: 0, Avg:  0.0, Max: 0, Diff: 0, Sum: 0, Workers: 8
[2025-06-17T22:38:25.853+0300][3224][19180][debug][gc,phases] GC(51)       Merged ArrayOfCards            Min: 0, Avg:  0.0, Max: 0, Diff: 0, Sum: 0, Workers: 8
[2025-06-17T22:38:25.853+0300][3224][19180][debug][gc,phases] GC(51)       Merged Howl                    Min: 0, Avg:  0.0, Max: 0, Diff: 0, Sum: 0, Workers: 8
[2025-06-17T22:38:25.853+0300][3224][19180][debug][gc,phases] GC(51)       Merged Full                    Min: 0, Avg:  0.0, Max: 0, Diff: 0, Sum: 0, Workers: 8
[2025-06-17T22:38:25.853+0300][3224][19180][debug][gc,phases] GC(51)       Merged Howl Inline             Min: 0, Avg:  0.0, Max: 0, Diff: 0, Sum: 0, Workers: 8
[2025-06-17T22:38:25.853+0300][3224][19180][debug][gc,phases] GC(51)       Merged Howl ArrayOfCards       Min: 0, Avg:  0.0, Max: 0, Diff: 0, Sum: 0, Workers: 8
[2025-06-17T22:38:25.853+0300][3224][19180][debug][gc,phases] GC(51)       Merged Howl BitMap             Min: 0, Avg:  0.0, Max: 0, Diff: 0, Sum: 0, Workers: 8
[2025-06-17T22:38:25.853+0300][3224][19180][debug][gc,phases] GC(51)       Merged Howl Full               Min: 0, Avg:  0.0, Max: 0, Diff: 0, Sum: 0, Workers: 8
[2025-06-17T22:38:25.853+0300][3224][19180][debug][gc,phases] GC(51)       Merged Cards                   Min: 8, Avg:  9.0, Max: 16, Diff: 8, Sum: 72, Workers: 8
[2025-06-17T22:38:25.853+0300][3224][19180][debug][gc,phases] GC(51)     Log Buffers (ms):              Min:  0.0, Avg:  0.0, Max:  0.0, Diff:  0.0, Sum:  0.0, Workers: 8
[2025-06-17T22:38:25.853+0300][3224][19180][debug][gc,phases] GC(51)       Dirty Cards:                   Min: 0, Avg:  1.2, Max: 9, Diff: 9, Sum: 10, Workers: 8
[2025-06-17T22:38:25.853+0300][3224][19180][debug][gc,phases] GC(51)       Skipped Cards:                 Min: 0, Avg:  0.0, Max: 0, Diff: 0, Sum: 0, Workers: 8
[2025-06-17T22:38:25.853+0300][3224][19180][info ][gc,phases] GC(51)   Evacuate Collection Set: 0.4ms
[2025-06-17T22:38:25.853+0300][3224][19180][debug][gc,phases] GC(51)     Ext Root Scanning (ms):        Min:  0.1, Avg:  0.1, Max:  0.1, Diff:  0.0, Sum:  0.5, Workers: 8
[2025-06-17T22:38:25.853+0300][3224][19180][debug][gc,phases] GC(51)     Scan Heap Roots (ms):          Min:  0.0, Avg:  0.0, Max:  0.0, Diff:  0.0, Sum:  0.0, Workers: 8
[2025-06-17T22:38:25.853+0300][3224][19180][debug][gc,phases] GC(51)       Scanned Cards:                 Min: 0, Avg:  1.1, Max: 3, Diff: 3, Sum: 9, Workers: 8
[2025-06-17T22:38:25.853+0300][3224][19180][debug][gc,phases] GC(51)       Scanned Blocks:                Min: 0, Avg:  1.0, Max: 2, Diff: 2, Sum: 8, Workers: 8
[2025-06-17T22:38:25.853+0300][3224][19180][debug][gc,phases] GC(51)       Claimed Chunks:                Min: 0, Avg:  0.9, Max: 2, Diff: 2, Sum: 7, Workers: 8
[2025-06-17T22:38:25.853+0300][3224][19180][debug][gc,phases] GC(51)       Found Roots:                   Min: 0, Avg:  0.9, Max: 2, Diff: 2, Sum: 7, Workers: 8
[2025-06-17T22:38:25.853+0300][3224][19180][debug][gc,phases] GC(51)     Code Root Scan (ms):           Min:  0.1, Avg:  0.1, Max:  0.1, Diff:  0.0, Sum:  0.8, Workers: 8
[2025-06-17T22:38:25.853+0300][3224][19180][debug][gc,phases] GC(51)       Scanned Nmethods               Min: 0, Avg:  0.0, Max: 0, Diff: 0, Sum: 0, Workers: 8
[2025-06-17T22:38:25.853+0300][3224][19180][debug][gc,phases] GC(51)     Object Copy (ms):              Min:  0.1, Avg:  0.1, Max:  0.1, Diff:  0.0, Sum:  0.6, Workers: 8
[2025-06-17T22:38:25.853+0300][3224][19180][debug][gc,phases] GC(51)     Termination (ms):              Min:  0.0, Avg:  0.0, Max:  0.0, Diff:  0.0, Sum:  0.1, Workers: 8
[2025-06-17T22:38:25.853+0300][3224][19180][debug][gc,phases] GC(51)       Termination Attempts:          Min: 1, Avg:  1.0, Max: 1, Diff: 0, Sum: 8, Workers: 8
[2025-06-17T22:38:25.853+0300][3224][19180][debug][gc,phases] GC(51)     GC Worker Other (ms):          Min:  0.1, Avg:  0.1, Max:  0.1, Diff:  0.0, Sum:  0.8, Workers: 8
[2025-06-17T22:38:25.853+0300][3224][19180][debug][gc,phases] GC(51)     GC Worker Total (ms):          Min:  0.4, Avg:  0.4, Max:  0.4, Diff:  0.0, Sum:  3.0, Workers: 8
[2025-06-17T22:38:25.853+0300][3224][19180][info ][gc,phases] GC(51)   Post Evacuate Collection Set: 0.8ms
[2025-06-17T22:38:25.853+0300][3224][19180][debug][gc,phases] GC(51)     NMethod List Cleanup: 0.0ms
[2025-06-17T22:38:25.853+0300][3224][19180][debug][gc,phases] GC(51)     Reference Processing: 0.1ms
[2025-06-17T22:38:25.853+0300][3224][19180][debug][gc,phases] GC(51)     Weak Processing: 0.1ms
[2025-06-17T22:38:25.853+0300][3224][19180][debug][gc,phases] GC(51)       VM Weak                        Min:  0.0, Avg:  0.0, Max:  0.0, Diff:  0.0, Sum:  0.0, Workers: 8
[2025-06-17T22:38:25.853+0300][3224][19180][debug][gc,phases] GC(51)         Dead                           Min: 0, Avg:  0.0, Max: 0, Diff: 0, Sum: 0, Workers: 8
[2025-06-17T22:38:25.853+0300][3224][19180][debug][gc,phases] GC(51)         Total                          Min: 0, Avg: 15.4, Max: 64, Diff: 64, Sum: 123, Workers: 8
[2025-06-17T22:38:25.853+0300][3224][19180][debug][gc,phases] GC(51)       ObjectSynchronizer Weak        Min:  0.0, Avg:  0.0, Max:  0.0, Diff:  0.0, Sum:  0.0, Workers: 8
[2025-06-17T22:38:25.853+0300][3224][19180][debug][gc,phases] GC(51)         Dead                           Min: 0, Avg:  0.0, Max: 0, Diff: 0, Sum: 0, Workers: 8
[2025-06-17T22:38:25.853+0300][3224][19180][debug][gc,phases] GC(51)         Total                          Min: 0, Avg: 18.6, Max: 64, Diff: 64, Sum: 149, Workers: 8
[2025-06-17T22:38:25.853+0300][3224][19180][debug][gc,phases] GC(51)       JVMTI Tag Weak OopStorage      Min:  0.0, Avg:  0.0, Max:  0.0, Diff:  0.0, Sum:  0.0, Workers: 8
[2025-06-17T22:38:25.853+0300][3224][19180][debug][gc,phases] GC(51)         Dead                           Min: 0, Avg:  0.0, Max: 0, Diff: 0, Sum: 0, Workers: 8
[2025-06-17T22:38:25.853+0300][3224][19180][debug][gc,phases] GC(51)         Total                          Min: 0, Avg:  0.0, Max: 0, Diff: 0, Sum: 0, Workers: 8
[2025-06-17T22:38:25.853+0300][3224][19180][debug][gc,phases] GC(51)       StringTable Weak               Min:  0.0, Avg:  0.0, Max:  0.0, Diff:  0.0, Sum:  0.1, Workers: 8
[2025-06-17T22:38:25.853+0300][3224][19180][debug][gc,phases] GC(51)         Dead                           Min: 0, Avg:  0.0, Max: 0, Diff: 0, Sum: 0, Workers: 8
[2025-06-17T22:38:25.853+0300][3224][19180][debug][gc,phases] GC(51)         Total                          Min: 640, Avg: 779.0, Max: 1024, Diff: 384, Sum: 6232, Workers: 8
[2025-06-17T22:38:25.853+0300][3224][19180][debug][gc,phases] GC(51)       ResolvedMethodTable Weak       Min:  0.0, Avg:  0.0, Max:  0.0, Diff:  0.0, Sum:  0.0, Workers: 8
[2025-06-17T22:38:25.853+0300][3224][19180][debug][gc,phases] GC(51)         Dead                           Min: 0, Avg:  0.0, Max: 0, Diff: 0, Sum: 0, Workers: 8
[2025-06-17T22:38:25.853+0300][3224][19180][debug][gc,phases] GC(51)         Total                          Min: 0, Avg: 111.8, Max: 191, Diff: 191, Sum: 894, Workers: 8
[2025-06-17T22:38:25.853+0300][3224][19180][debug][gc,phases] GC(51)       JNI Weak                       Min:  0.0, Avg:  0.0, Max:  0.0, Diff:  0.0, Sum:  0.0, Workers: 8
[2025-06-17T22:38:25.853+0300][3224][19180][debug][gc,phases] GC(51)         Dead                           Min: 0, Avg:  0.0, Max: 0, Diff: 0, Sum: 0, Workers: 8
[2025-06-17T22:38:25.853+0300][3224][19180][debug][gc,phases] GC(51)         Total                          Min: 0, Avg:  0.0, Max: 0, Diff: 0, Sum: 0, Workers: 8
[2025-06-17T22:38:25.853+0300][3224][19180][debug][gc,phases] GC(51)       StringDedup Table Weak         Min:  0.0, Avg:  0.0, Max:  0.0, Diff:  0.0, Sum:  0.0, Workers: 8
[2025-06-17T22:38:25.853+0300][3224][19180][debug][gc,phases] GC(51)         Dead                           Min: 0, Avg:  0.0, Max: 0, Diff: 0, Sum: 0, Workers: 8
[2025-06-17T22:38:25.853+0300][3224][19180][debug][gc,phases] GC(51)         Total                          Min: 0, Avg:  0.0, Max: 0, Diff: 0, Sum: 0, Workers: 8
[2025-06-17T22:38:25.853+0300][3224][19180][debug][gc,phases] GC(51)       StringDedup Requests0 Weak     Min:  0.0, Avg:  0.0, Max:  0.0, Diff:  0.0, Sum:  0.0, Workers: 8
[2025-06-17T22:38:25.853+0300][3224][19180][debug][gc,phases] GC(51)         Dead                           Min: 0, Avg:  0.0, Max: 0, Diff: 0, Sum: 0, Workers: 8
[2025-06-17T22:38:25.853+0300][3224][19180][debug][gc,phases] GC(51)         Total                          Min: 0, Avg:  0.0, Max: 0, Diff: 0, Sum: 0, Workers: 8
[2025-06-17T22:38:25.853+0300][3224][19180][debug][gc,phases] GC(51)       StringDedup Requests1 Weak     Min:  0.0, Avg:  0.0, Max:  0.0, Diff:  0.0, Sum:  0.0, Workers: 8
[2025-06-17T22:38:25.853+0300][3224][19180][debug][gc,phases] GC(51)         Dead                           Min: 0, Avg:  0.0, Max: 0, Diff: 0, Sum: 0, Workers: 8
[2025-06-17T22:38:25.853+0300][3224][19180][debug][gc,phases] GC(51)         Total                          Min: 0, Avg:  0.0, Max: 0, Diff: 0, Sum: 0, Workers: 8
[2025-06-17T22:38:25.853+0300][3224][19180][debug][gc,phases] GC(51)       Weak JFR Old Object Samples    Min:  0.0, Avg:  0.0, Max:  0.0, Diff:  0.0, Sum:  0.0, Workers: 8
[2025-06-17T22:38:25.853+0300][3224][19180][debug][gc,phases] GC(51)         Dead                           Min: 0, Avg:  0.0, Max: 0, Diff: 0, Sum: 0, Workers: 8
[2025-06-17T22:38:25.853+0300][3224][19180][debug][gc,phases] GC(51)         Total                          Min: 0, Avg:  0.0, Max: 0, Diff: 0, Sum: 0, Workers: 8
[2025-06-17T22:38:25.853+0300][3224][19180][debug][gc,phases] GC(51)     Post Evacuate Cleanup 1: 0.2ms
[2025-06-17T22:38:25.853+0300][3224][19180][debug][gc,phases] GC(51)       Merge Per-Thread State (ms):   Min:  0.1, Avg:  0.1, Max:  0.1, Diff:  0.0, Sum:  0.1, Workers: 1
[2025-06-17T22:38:25.853+0300][3224][19180][debug][gc,phases] GC(51)         Copied Bytes                   Min: 52808, Avg: 81744.0, Max: 108328, Diff: 55520, Sum: 653952, Workers: 8
[2025-06-17T22:38:25.853+0300][3224][19180][debug][gc,phases] GC(51)         LAB Waste                      Min: 72, Avg: 131.0, Max: 200, Diff: 128, Sum: 1048, Workers: 8
[2025-06-17T22:38:25.853+0300][3224][19180][debug][gc,phases] GC(51)         LAB Undo Waste                 Min: 0, Avg:  0.0, Max: 0, Diff: 0, Sum: 0, Workers: 8
[2025-06-17T22:38:25.853+0300][3224][19180][debug][gc,phases] GC(51)       Clear Logged Cards (ms):       Min:  0.0, Avg:  0.1, Max:  0.2, Diff:  0.2, Sum:  0.4, Workers: 5
[2025-06-17T22:38:25.853+0300][3224][19180][debug][gc,phases] GC(51)       Recalculate Used Memory (ms):  Min:  0.0, Avg:  0.0, Max:  0.0, Diff:  0.0, Sum:  0.0, Workers: 1
[2025-06-17T22:38:25.853+0300][3224][19180][debug][gc,phases] GC(51)     Post Evacuate Cleanup 2: 0.3ms
[2025-06-17T22:38:25.853+0300][3224][19180][debug][gc,phases] GC(51)       Update Derived Pointers (ms):  Min:  0.0, Avg:  0.0, Max:  0.0, Diff:  0.0, Sum:  0.0, Workers: 1
[2025-06-17T22:38:25.853+0300][3224][19180][debug][gc,phases] GC(51)       Eagerly Reclaim Humongous Objects (ms): Min:  0.0, Avg:  0.0, Max:  0.0, Diff:  0.0, Sum:  0.0, Workers: 1
[2025-06-17T22:38:25.853+0300][3224][19180][debug][gc,phases] GC(51)         Humongous Total                Min: 6, Avg:  6.0, Max: 6, Diff: 0, Sum: 6, Workers: 1
[2025-06-17T22:38:25.853+0300][3224][19180][debug][gc,phases] GC(51)         Humongous Candidates           Min: 3, Avg:  3.0, Max: 3, Diff: 0, Sum: 3, Workers: 1
[2025-06-17T22:38:25.853+0300][3224][19180][debug][gc,phases] GC(51)         Humongous Reclaimed            Min: 0, Avg:  0.0, Max: 0, Diff: 0, Sum: 0, Workers: 1
[2025-06-17T22:38:25.853+0300][3224][19180][debug][gc,phases] GC(51)       Redirty Logged Cards (ms):     Min:  0.0, Avg:  0.0, Max:  0.0, Diff:  0.0, Sum:  0.0, Workers: 8
[2025-06-17T22:38:25.853+0300][3224][19180][debug][gc,phases] GC(51)         Redirtied Cards:               Min: 0, Avg:  1.0, Max: 7, Diff: 7, Sum: 8, Workers: 8
[2025-06-17T22:38:25.853+0300][3224][19180][debug][gc,phases] GC(51)       Resize TLABs (ms):             Min:  0.0, Avg:  0.0, Max:  0.0, Diff:  0.0, Sum:  0.0, Workers: 8
[2025-06-17T22:38:25.853+0300][3224][19180][debug][gc,phases] GC(51)       Free Collection Set (ms):      Min:  0.2, Avg:  0.2, Max:  0.2, Diff:  0.0, Sum:  1.8, Workers: 8
[2025-06-17T22:38:25.853+0300][3224][19180][debug][gc,phases] GC(51)     Rebuild Free List: 0.1ms
[2025-06-17T22:38:25.853+0300][3224][19180][debug][gc,phases] GC(51)     Prepare For Mutator: 0.0ms
[2025-06-17T22:38:25.853+0300][3224][19180][debug][gc,phases] GC(51)     Expand Heap After Collection: 0.0ms
[2025-06-17T22:38:25.853+0300][3224][19180][info ][gc,phases] GC(51)   Other: 0.2ms
[2025-06-17T22:38:25.853+0300][3224][19180][info ][gc,heap  ] GC(51) Eden regions: 1227->0(1227)
[2025-06-17T22:38:25.853+0300][3224][19180][info ][gc,heap  ] GC(51) Survivor regions: 1->1(154)
[2025-06-17T22:38:25.853+0300][3224][19180][info ][gc,heap  ] GC(51) Old regions: 10->10
[2025-06-17T22:38:25.853+0300][3224][19180][info ][gc,heap  ] GC(51) Humongous regions: 18->18
[2025-06-17T22:38:25.853+0300][3224][19180][debug][gc,heap  ] GC(51) Heap after GC invocations=52 (full 3):
[2025-06-17T22:38:25.853+0300][3224][19180][debug][gc,heap  ] GC(51)  garbage-first heap   total 2097152K, used 22845K [0x0000000080000000, 0x0000000100000000)
[2025-06-17T22:38:25.853+0300][3224][19180][debug][gc,heap  ] GC(51)   region size 1024K, 1 young (1024K), 1 survivors (1024K)
[2025-06-17T22:38:25.853+0300][3224][19180][debug][gc,heap  ] GC(51)  Metaspace       used 8733K, committed 9792K, reserved 1114112K
[2025-06-17T22:38:25.853+0300][3224][19180][debug][gc,heap  ] GC(51)   class space    used 874K, committed 1280K, reserved 1048576K
[2025-06-17T22:38:25.853+0300][3224][19180][info ][gc       ] GC(51) Pause Young (Normal) (G1 Evacuation Pause) 1249M->22M(2048M) 3.624ms
[2025-06-17T22:38:25.853+0300][3224][19180][info ][safepoint] Safepoint "G1CollectForAllocation", Time since last: 471676000 ns, Reaching safepoint: 339100 ns, Cleanup: 13800 ns, At safepoint: 3684200 ns, Total: 4037100 ns
[2025-06-17T22:38:26.262+0300][3224][19180][debug][safepoint] Safepoint synchronization initiated using striped semaphore wait barrier. (19 threads)
[2025-06-17T22:38:26.262+0300][3224][2520 ][debug][safepoint] ... found polling page loop exception at pc = 0x00000275903d6631, stub =0x000002758fbb5d80
[2025-06-17T22:38:26.262+0300][3224][1788 ][debug][safepoint] ... found polling page loop exception at pc = 0x00000275901bda60, stub =0x000002758fbb5d80
[2025-06-17T22:38:26.262+0300][3224][18048][debug][safepoint] ... found polling page loop exception at pc = 0x000002759015cc07, stub =0x000002758fbb5d80
[2025-06-17T22:38:26.262+0300][3224][8204 ][debug][safepoint] ... found polling page loop exception at pc = 0x00000275901bde6c, stub =0x000002758fbb5d80
[2025-06-17T22:38:26.262+0300][3224][13716][debug][safepoint] ... found polling page loop exception at pc = 0x00000275901bda60, stub =0x000002758fbb5d80
[2025-06-17T22:38:26.264+0300][3224][19180][debug][gc,heap  ] GC(52) Heap before GC invocations=52 (full 3):
[2025-06-17T22:38:26.264+0300][3224][19180][debug][gc,heap  ] GC(52)  garbage-first heap   total 2097152K, used 1279293K [0x0000000080000000, 0x0000000100000000)
[2025-06-17T22:38:26.264+0300][3224][19180][debug][gc,heap  ] GC(52)   region size 1024K, 1228 young (1257472K), 1 survivors (1024K)
[2025-06-17T22:38:26.264+0300][3224][19180][debug][gc,heap  ] GC(52)  Metaspace       used 8733K, committed 9792K, reserved 1114112K
[2025-06-17T22:38:26.264+0300][3224][19180][debug][gc,heap  ] GC(52)   class space    used 874K, committed 1280K, reserved 1048576K
[2025-06-17T22:38:26.264+0300][3224][19180][info ][gc,phases] GC(52)   Pre Evacuate Collection Set: 0.3ms
[2025-06-17T22:38:26.264+0300][3224][19180][debug][gc,phases] GC(52)     Pre Evacuate Prepare: 0.1ms
[2025-06-17T22:38:26.264+0300][3224][19180][debug][gc,phases] GC(52)       JT Retire TLABs And Flush Logs (ms): Min:  0.0, Avg:  0.0, Max:  0.0, Diff:  0.0, Sum:  0.0, Workers: 2
[2025-06-17T22:38:26.264+0300][3224][19180][debug][gc,phases] GC(52)       Non-JT Flush Logs (ms):        Min:  0.0, Avg:  0.0, Max:  0.0, Diff:  0.0, Sum:  0.0, Workers: 1
[2025-06-17T22:38:26.264+0300][3224][19180][debug][gc,phases] GC(52)     Choose Collection Set: 0.0ms
[2025-06-17T22:38:26.264+0300][3224][19180][debug][gc,phases] GC(52)     Region Register: 0.3ms
[2025-06-17T22:38:26.264+0300][3224][19180][debug][gc,phases] GC(52)     Prepare Heap Roots: 0.0ms
[2025-06-17T22:38:26.264+0300][3224][19180][info ][gc,phases] GC(52)   Merge Heap Roots: 0.2ms
[2025-06-17T22:38:26.264+0300][3224][19180][debug][gc,phases] GC(52)     Prepare Merge Heap Roots: 0.0ms
[2025-06-17T22:38:26.264+0300][3224][19180][debug][gc,phases] GC(52)     Remembered Sets (ms):          Min:  0.1, Avg:  0.1, Max:  0.1, Diff:  0.0, Sum:  0.9, Workers: 8
[2025-06-17T22:38:26.264+0300][3224][19180][debug][gc,phases] GC(52)       Eager Reclaim (ms):            Min:  0.0, Avg:  0.0, Max:  0.0, Diff:  0.0, Sum:  0.0, Workers: 1
[2025-06-17T22:38:26.264+0300][3224][19180][debug][gc,phases] GC(52)       Merged Inline                  Min: 0, Avg:  0.0, Max: 0, Diff: 0, Sum: 0, Workers: 8
[2025-06-17T22:38:26.264+0300][3224][19180][debug][gc,phases] GC(52)       Merged ArrayOfCards            Min: 0, Avg:  0.0, Max: 0, Diff: 0, Sum: 0, Workers: 8
[2025-06-17T22:38:26.264+0300][3224][19180][debug][gc,phases] GC(52)       Merged Howl                    Min: 0, Avg:  0.0, Max: 0, Diff: 0, Sum: 0, Workers: 8
[2025-06-17T22:38:26.264+0300][3224][19180][debug][gc,phases] GC(52)       Merged Full                    Min: 0, Avg:  0.0, Max: 0, Diff: 0, Sum: 0, Workers: 8
[2025-06-17T22:38:26.264+0300][3224][19180][debug][gc,phases] GC(52)       Merged Howl Inline             Min: 0, Avg:  0.0, Max: 0, Diff: 0, Sum: 0, Workers: 8
[2025-06-17T22:38:26.264+0300][3224][19180][debug][gc,phases] GC(52)       Merged Howl ArrayOfCards       Min: 0, Avg:  0.0, Max: 0, Diff: 0, Sum: 0, Workers: 8
[2025-06-17T22:38:26.264+0300][3224][19180][debug][gc,phases] GC(52)       Merged Howl BitMap             Min: 0, Avg:  0.0, Max: 0, Diff: 0, Sum: 0, Workers: 8
[2025-06-17T22:38:26.264+0300][3224][19180][debug][gc,phases] GC(52)       Merged Howl Full               Min: 0, Avg:  0.0, Max: 0, Diff: 0, Sum: 0, Workers: 8
[2025-06-17T22:38:26.264+0300][3224][19180][debug][gc,phases] GC(52)       Merged Cards                   Min: 8, Avg:  9.0, Max: 16, Diff: 8, Sum: 72, Workers: 8
[2025-06-17T22:38:26.264+0300][3224][19180][debug][gc,phases] GC(52)     Log Buffers (ms):              Min:  0.0, Avg:  0.0, Max:  0.0, Diff:  0.0, Sum:  0.0, Workers: 8
[2025-06-17T22:38:26.264+0300][3224][19180][debug][gc,phases] GC(52)       Dirty Cards:                   Min: 0, Avg:  1.4, Max: 9, Diff: 9, Sum: 11, Workers: 8
[2025-06-17T22:38:26.264+0300][3224][19180][debug][gc,phases] GC(52)       Skipped Cards:                 Min: 0, Avg:  0.0, Max: 0, Diff: 0, Sum: 0, Workers: 8
[2025-06-17T22:38:26.264+0300][3224][19180][info ][gc,phases] GC(52)   Evacuate Collection Set: 0.4ms
[2025-06-17T22:38:26.264+0300][3224][19180][debug][gc,phases] GC(52)     Ext Root Scanning (ms):        Min:  0.1, Avg:  0.1, Max:  0.1, Diff:  0.0, Sum:  0.5, Workers: 8
[2025-06-17T22:38:26.264+0300][3224][19180][debug][gc,phases] GC(52)     Scan Heap Roots (ms):          Min:  0.0, Avg:  0.0, Max:  0.0, Diff:  0.0, Sum:  0.0, Workers: 8
[2025-06-17T22:38:26.264+0300][3224][19180][debug][gc,phases] GC(52)       Scanned Cards:                 Min: 0, Avg:  1.2, Max: 3, Diff: 3, Sum: 10, Workers: 8
[2025-06-17T22:38:26.264+0300][3224][19180][debug][gc,phases] GC(52)       Scanned Blocks:                Min: 0, Avg:  1.1, Max: 3, Diff: 3, Sum: 9, Workers: 8
[2025-06-17T22:38:26.264+0300][3224][19180][debug][gc,phases] GC(52)       Claimed Chunks:                Min: 0, Avg:  1.0, Max: 2, Diff: 2, Sum: 8, Workers: 8
[2025-06-17T22:38:26.264+0300][3224][19180][debug][gc,phases] GC(52)       Found Roots:                   Min: 0, Avg:  0.9, Max: 2, Diff: 2, Sum: 7, Workers: 8
[2025-06-17T22:38:26.264+0300][3224][19180][debug][gc,phases] GC(52)     Code Root Scan (ms):           Min:  0.1, Avg:  0.1, Max:  0.1, Diff:  0.0, Sum:  0.9, Workers: 8
[2025-06-17T22:38:26.264+0300][3224][19180][debug][gc,phases] GC(52)       Scanned Nmethods               Min: 0, Avg:  0.0, Max: 0, Diff: 0, Sum: 0, Workers: 8
[2025-06-17T22:38:26.264+0300][3224][19180][debug][gc,phases] GC(52)     Object Copy (ms):              Min:  0.1, Avg:  0.1, Max:  0.1, Diff:  0.0, Sum:  0.7, Workers: 8
[2025-06-17T22:38:26.264+0300][3224][19180][debug][gc,phases] GC(52)     Termination (ms):              Min:  0.0, Avg:  0.0, Max:  0.0, Diff:  0.0, Sum:  0.1, Workers: 8
[2025-06-17T22:38:26.264+0300][3224][19180][debug][gc,phases] GC(52)       Termination Attempts:          Min: 1, Avg:  1.0, Max: 1, Diff: 0, Sum: 8, Workers: 8
[2025-06-17T22:38:26.264+0300][3224][19180][debug][gc,phases] GC(52)     GC Worker Other (ms):          Min:  0.1, Avg:  0.1, Max:  0.1, Diff:  0.0, Sum:  0.8, Workers: 8
[2025-06-17T22:38:26.264+0300][3224][19180][debug][gc,phases] GC(52)     GC Worker Total (ms):          Min:  0.4, Avg:  0.4, Max:  0.4, Diff:  0.0, Sum:  3.0, Workers: 8
[2025-06-17T22:38:26.264+0300][3224][19180][info ][gc,phases] GC(52)   Post Evacuate Collection Set: 0.7ms
[2025-06-17T22:38:26.264+0300][3224][19180][debug][gc,phases] GC(52)     NMethod List Cleanup: 0.0ms
[2025-06-17T22:38:26.264+0300][3224][19180][debug][gc,phases] GC(52)     Reference Processing: 0.1ms
[2025-06-17T22:38:26.264+0300][3224][19180][debug][gc,phases] GC(52)     Weak Processing: 0.1ms
[2025-06-17T22:38:26.264+0300][3224][19180][debug][gc,phases] GC(52)       VM Weak                        Min:  0.0, Avg:  0.0, Max:  0.0, Diff:  0.0, Sum:  0.0, Workers: 8
[2025-06-17T22:38:26.264+0300][3224][19180][debug][gc,phases] GC(52)         Dead                           Min: 0, Avg:  0.0, Max: 0, Diff: 0, Sum: 0, Workers: 8
[2025-06-17T22:38:26.264+0300][3224][19180][debug][gc,phases] GC(52)         Total                          Min: 0, Avg: 15.4, Max: 115, Diff: 115, Sum: 123, Workers: 8
[2025-06-17T22:38:26.264+0300][3224][19180][debug][gc,phases] GC(52)       ObjectSynchronizer Weak        Min:  0.0, Avg:  0.0, Max:  0.0, Diff:  0.0, Sum:  0.0, Workers: 8
[2025-06-17T22:38:26.264+0300][3224][19180][debug][gc,phases] GC(52)         Dead                           Min: 0, Avg:  0.0, Max: 0, Diff: 0, Sum: 0, Workers: 8
[2025-06-17T22:38:26.264+0300][3224][19180][debug][gc,phases] GC(52)         Total                          Min: 0, Avg: 18.6, Max: 64, Diff: 64, Sum: 149, Workers: 8
[2025-06-17T22:38:26.264+0300][3224][19180][debug][gc,phases] GC(52)       JVMTI Tag Weak OopStorage      Min:  0.0, Avg:  0.0, Max:  0.0, Diff:  0.0, Sum:  0.0, Workers: 8
[2025-06-17T22:38:26.264+0300][3224][19180][debug][gc,phases] GC(52)         Dead                           Min: 0, Avg:  0.0, Max: 0, Diff: 0, Sum: 0, Workers: 8
[2025-06-17T22:38:26.264+0300][3224][19180][debug][gc,phases] GC(52)         Total                          Min: 0, Avg:  0.0, Max: 0, Diff: 0, Sum: 0, Workers: 8
[2025-06-17T22:38:26.264+0300][3224][19180][debug][gc,phases] GC(52)       StringTable Weak               Min:  0.0, Avg:  0.0, Max:  0.0, Diff:  0.0, Sum:  0.1, Workers: 8
[2025-06-17T22:38:26.264+0300][3224][19180][debug][gc,phases] GC(52)         Dead                           Min: 0, Avg:  0.0, Max: 0, Diff: 0, Sum: 0, Workers: 8
[2025-06-17T22:38:26.264+0300][3224][19180][debug][gc,phases] GC(52)         Total                          Min: 704, Avg: 779.0, Max: 856, Diff: 152, Sum: 6232, Workers: 8
[2025-06-17T22:38:26.264+0300][3224][19180][debug][gc,phases] GC(52)       ResolvedMethodTable Weak       Min:  0.0, Avg:  0.0, Max:  0.0, Diff:  0.0, Sum:  0.0, Workers: 8
[2025-06-17T22:38:26.264+0300][3224][19180][debug][gc,phases] GC(52)         Dead                           Min: 0, Avg:  0.0, Max: 0, Diff: 0, Sum: 0, Workers: 8
[2025-06-17T22:38:26.264+0300][3224][19180][debug][gc,phases] GC(52)         Total                          Min: 64, Avg: 111.8, Max: 128, Diff: 64, Sum: 894, Workers: 8
[2025-06-17T22:38:26.264+0300][3224][19180][debug][gc,phases] GC(52)       JNI Weak                       Min:  0.0, Avg:  0.0, Max:  0.0, Diff:  0.0, Sum:  0.0, Workers: 8
[2025-06-17T22:38:26.264+0300][3224][19180][debug][gc,phases] GC(52)         Dead                           Min: 0, Avg:  0.0, Max: 0, Diff: 0, Sum: 0, Workers: 8
[2025-06-17T22:38:26.264+0300][3224][19180][debug][gc,phases] GC(52)         Total                          Min: 0, Avg:  0.0, Max: 0, Diff: 0, Sum: 0, Workers: 8
[2025-06-17T22:38:26.264+0300][3224][19180][debug][gc,phases] GC(52)       StringDedup Table Weak         Min:  0.0, Avg:  0.0, Max:  0.0, Diff:  0.0, Sum:  0.0, Workers: 8
[2025-06-17T22:38:26.264+0300][3224][19180][debug][gc,phases] GC(52)         Dead                           Min: 0, Avg:  0.0, Max: 0, Diff: 0, Sum: 0, Workers: 8
[2025-06-17T22:38:26.264+0300][3224][19180][debug][gc,phases] GC(52)         Total                          Min: 0, Avg:  0.0, Max: 0, Diff: 0, Sum: 0, Workers: 8
[2025-06-17T22:38:26.264+0300][3224][19180][debug][gc,phases] GC(52)       StringDedup Requests0 Weak     Min:  0.0, Avg:  0.0, Max:  0.0, Diff:  0.0, Sum:  0.0, Workers: 8
[2025-06-17T22:38:26.264+0300][3224][19180][debug][gc,phases] GC(52)         Dead                           Min: 0, Avg:  0.0, Max: 0, Diff: 0, Sum: 0, Workers: 8
[2025-06-17T22:38:26.264+0300][3224][19180][debug][gc,phases] GC(52)         Total                          Min: 0, Avg:  0.0, Max: 0, Diff: 0, Sum: 0, Workers: 8
[2025-06-17T22:38:26.264+0300][3224][19180][debug][gc,phases] GC(52)       StringDedup Requests1 Weak     Min:  0.0, Avg:  0.0, Max:  0.0, Diff:  0.0, Sum:  0.0, Workers: 8
[2025-06-17T22:38:26.264+0300][3224][19180][debug][gc,phases] GC(52)         Dead                           Min: 0, Avg:  0.0, Max: 0, Diff: 0, Sum: 0, Workers: 8
[2025-06-17T22:38:26.264+0300][3224][19180][debug][gc,phases] GC(52)         Total                          Min: 0, Avg:  0.0, Max: 0, Diff: 0, Sum: 0, Workers: 8
[2025-06-17T22:38:26.264+0300][3224][19180][debug][gc,phases] GC(52)       Weak JFR Old Object Samples    Min:  0.0, Avg:  0.0, Max:  0.0, Diff:  0.0, Sum:  0.0, Workers: 8
[2025-06-17T22:38:26.264+0300][3224][19180][debug][gc,phases] GC(52)         Dead                           Min: 0, Avg:  0.0, Max: 0, Diff: 0, Sum: 0, Workers: 8
[2025-06-17T22:38:26.264+0300][3224][19180][debug][gc,phases] GC(52)         Total                          Min: 0, Avg:  0.0, Max: 0, Diff: 0, Sum: 0, Workers: 8
[2025-06-17T22:38:26.264+0300][3224][19180][debug][gc,phases] GC(52)     Post Evacuate Cleanup 1: 0.2ms
[2025-06-17T22:38:26.264+0300][3224][19180][debug][gc,phases] GC(52)       Merge Per-Thread State (ms):   Min:  0.1, Avg:  0.1, Max:  0.1, Diff:  0.0, Sum:  0.1, Workers: 1
[2025-06-17T22:38:26.264+0300][3224][19180][debug][gc,phases] GC(52)         Copied Bytes                   Min: 19296, Avg: 87614.0, Max: 120264, Diff: 100968, Sum: 700912, Workers: 8
[2025-06-17T22:38:26.264+0300][3224][19180][debug][gc,phases] GC(52)         LAB Waste                      Min: 72, Avg: 150.0, Max: 232, Diff: 160, Sum: 1200, Workers: 8
[2025-06-17T22:38:26.264+0300][3224][19180][debug][gc,phases] GC(52)         LAB Undo Waste                 Min: 0, Avg:  0.0, Max: 0, Diff: 0, Sum: 0, Workers: 8
[2025-06-17T22:38:26.264+0300][3224][19180][debug][gc,phases] GC(52)       Clear Logged Cards (ms):       Min:  0.0, Avg:  0.1, Max:  0.2, Diff:  0.2, Sum:  0.4, Workers: 5
[2025-06-17T22:38:26.264+0300][3224][19180][debug][gc,phases] GC(52)       Recalculate Used Memory (ms):  Min:  0.0, Avg:  0.0, Max:  0.0, Diff:  0.0, Sum:  0.0, Workers: 1
[2025-06-17T22:38:26.264+0300][3224][19180][debug][gc,phases] GC(52)     Post Evacuate Cleanup 2: 0.3ms
[2025-06-17T22:38:26.264+0300][3224][19180][debug][gc,phases] GC(52)       Update Derived Pointers (ms):  Min:  0.0, Avg:  0.0, Max:  0.0, Diff:  0.0, Sum:  0.0, Workers: 1
[2025-06-17T22:38:26.264+0300][3224][19180][debug][gc,phases] GC(52)       Eagerly Reclaim Humongous Objects (ms): Min:  0.0, Avg:  0.0, Max:  0.0, Diff:  0.0, Sum:  0.0, Workers: 1
[2025-06-17T22:38:26.264+0300][3224][19180][debug][gc,phases] GC(52)         Humongous Total                Min: 6, Avg:  6.0, Max: 6, Diff: 0, Sum: 6, Workers: 1
[2025-06-17T22:38:26.264+0300][3224][19180][debug][gc,phases] GC(52)         Humongous Candidates           Min: 3, Avg:  3.0, Max: 3, Diff: 0, Sum: 3, Workers: 1
[2025-06-17T22:38:26.264+0300][3224][19180][debug][gc,phases] GC(52)         Humongous Reclaimed            Min: 0, Avg:  0.0, Max: 0, Diff: 0, Sum: 0, Workers: 1
[2025-06-17T22:38:26.264+0300][3224][19180][debug][gc,phases] GC(52)       Redirty Logged Cards (ms):     Min:  0.0, Avg:  0.0, Max:  0.0, Diff:  0.0, Sum:  0.0, Workers: 8
[2025-06-17T22:38:26.264+0300][3224][19180][debug][gc,phases] GC(52)         Redirtied Cards:               Min: 0, Avg:  0.9, Max: 5, Diff: 5, Sum: 7, Workers: 8
[2025-06-17T22:38:26.264+0300][3224][19180][debug][gc,phases] GC(52)       Resize TLABs (ms):             Min:  0.0, Avg:  0.0, Max:  0.0, Diff:  0.0, Sum:  0.0, Workers: 8
[2025-06-17T22:38:26.264+0300][3224][19180][debug][gc,phases] GC(52)       Free Collection Set (ms):      Min:  0.2, Avg:  0.2, Max:  0.3, Diff:  0.0, Sum:  1.8, Workers: 8
[2025-06-17T22:38:26.264+0300][3224][19180][debug][gc,phases] GC(52)     Rebuild Free List: 0.1ms
[2025-06-17T22:38:26.264+0300][3224][19180][debug][gc,phases] GC(52)     Prepare For Mutator: 0.0ms
[2025-06-17T22:38:26.264+0300][3224][19180][debug][gc,phases] GC(52)     Expand Heap After Collection: 0.0ms
[2025-06-17T22:38:26.264+0300][3224][19180][info ][gc,phases] GC(52)   Other: 0.1ms
[2025-06-17T22:38:26.264+0300][3224][19180][info ][gc,heap  ] GC(52) Eden regions: 1227->0(1227)
[2025-06-17T22:38:26.264+0300][3224][19180][info ][gc,heap  ] GC(52) Survivor regions: 1->1(154)
[2025-06-17T22:38:26.264+0300][3224][19180][info ][gc,heap  ] GC(52) Old regions: 10->10
[2025-06-17T22:38:26.264+0300][3224][19180][info ][gc,heap  ] GC(52) Humongous regions: 18->18
[2025-06-17T22:38:26.264+0300][3224][19180][debug][gc,heap  ] GC(52) Heap after GC invocations=53 (full 3):
[2025-06-17T22:38:26.264+0300][3224][19180][debug][gc,heap  ] GC(52)  garbage-first heap   total 2097152K, used 22890K [0x0000000080000000, 0x0000000100000000)
[2025-06-17T22:38:26.264+0300][3224][19180][debug][gc,heap  ] GC(52)   region size 1024K, 1 young (1024K), 1 survivors (1024K)
[2025-06-17T22:38:26.264+0300][3224][19180][debug][gc,heap  ] GC(52)  Metaspace       used 8733K, committed 9792K, reserved 1114112K
[2025-06-17T22:38:26.264+0300][3224][19180][debug][gc,heap  ] GC(52)   class space    used 874K, committed 1280K, reserved 1048576K
[2025-06-17T22:38:26.264+0300][3224][19180][info ][gc       ] GC(52) Pause Young (Normal) (G1 Evacuation Pause) 1249M->22M(2048M) 3.429ms
[2025-06-17T22:38:26.264+0300][3224][19180][info ][safepoint] Safepoint "G1CollectForAllocation", Time since last: 406048100 ns, Reaching safepoint: 373800 ns, Cleanup: 14400 ns, At safepoint: 3487800 ns, Total: 3876000 ns
[2025-06-17T22:38:26.703+0300][3224][19180][debug][safepoint] Safepoint synchronization initiated using striped semaphore wait barrier. (19 threads)
[2025-06-17T22:38:26.705+0300][3224][8204 ][debug][safepoint] ... found polling page loop exception at pc = 0x00000275901bda60, stub =0x000002758fbb5d80
[2025-06-17T22:38:26.705+0300][3224][2520 ][debug][safepoint] ... found polling page loop exception at pc = 0x00000275901bda60, stub =0x000002758fbb5d80
[2025-06-17T22:38:26.705+0300][3224][18176][debug][safepoint] ... found polling page loop exception at pc = 0x00000275901bda60, stub =0x000002758fbb5d80
[2025-06-17T22:38:26.705+0300][3224][18144][debug][safepoint] ... found polling page loop exception at pc = 0x00000275903d6631, stub =0x000002758fbb5d80
[2025-06-17T22:38:26.705+0300][3224][13716][debug][safepoint] ... found polling page loop exception at pc = 0x000002759015cd0c, stub =0x000002758fbb5d80
[2025-06-17T22:38:26.705+0300][3224][2424 ][debug][safepoint] ... found polling page loop exception at pc = 0x00000275901f6346, stub =0x000002758fbb6600
[2025-06-17T22:38:26.705+0300][3224][19180][debug][gc,heap  ] GC(53) Heap before GC invocations=53 (full 3):
[2025-06-17T22:38:26.705+0300][3224][19180][debug][gc,heap  ] GC(53)  garbage-first heap   total 2097152K, used 1279338K [0x0000000080000000, 0x0000000100000000)
[2025-06-17T22:38:26.705+0300][3224][19180][debug][gc,heap  ] GC(53)   region size 1024K, 1228 young (1257472K), 1 survivors (1024K)
[2025-06-17T22:38:26.705+0300][3224][19180][debug][gc,heap  ] GC(53)  Metaspace       used 8733K, committed 9792K, reserved 1114112K
[2025-06-17T22:38:26.705+0300][3224][19180][debug][gc,heap  ] GC(53)   class space    used 874K, committed 1280K, reserved 1048576K
[2025-06-17T22:38:26.705+0300][3224][19180][info ][gc,phases] GC(53)   Pre Evacuate Collection Set: 0.3ms
[2025-06-17T22:38:26.705+0300][3224][19180][debug][gc,phases] GC(53)     Pre Evacuate Prepare: 0.1ms
[2025-06-17T22:38:26.705+0300][3224][19180][debug][gc,phases] GC(53)       JT Retire TLABs And Flush Logs (ms): Min:  0.0, Avg:  0.0, Max:  0.0, Diff:  0.0, Sum:  0.0, Workers: 2
[2025-06-17T22:38:26.705+0300][3224][19180][debug][gc,phases] GC(53)       Non-JT Flush Logs (ms):        Min:  0.0, Avg:  0.0, Max:  0.0, Diff:  0.0, Sum:  0.0, Workers: 1
[2025-06-17T22:38:26.705+0300][3224][19180][debug][gc,phases] GC(53)     Choose Collection Set: 0.0ms
[2025-06-17T22:38:26.705+0300][3224][19180][debug][gc,phases] GC(53)     Region Register: 0.3ms
[2025-06-17T22:38:26.705+0300][3224][19180][debug][gc,phases] GC(53)     Prepare Heap Roots: 0.0ms
[2025-06-17T22:38:26.705+0300][3224][19180][info ][gc,phases] GC(53)   Merge Heap Roots: 0.2ms
[2025-06-17T22:38:26.705+0300][3224][19180][debug][gc,phases] GC(53)     Prepare Merge Heap Roots: 0.0ms
[2025-06-17T22:38:26.705+0300][3224][19180][debug][gc,phases] GC(53)     Remembered Sets (ms):          Min:  0.0, Avg:  0.1, Max:  0.1, Diff:  0.1, Sum:  0.9, Workers: 8
[2025-06-17T22:38:26.705+0300][3224][19180][debug][gc,phases] GC(53)       Eager Reclaim (ms):            Min:  0.0, Avg:  0.0, Max:  0.0, Diff:  0.0, Sum:  0.0, Workers: 1
[2025-06-17T22:38:26.705+0300][3224][19180][debug][gc,phases] GC(53)       Merged Inline                  Min: 0, Avg:  0.0, Max: 0, Diff: 0, Sum: 0, Workers: 8
[2025-06-17T22:38:26.705+0300][3224][19180][debug][gc,phases] GC(53)       Merged ArrayOfCards            Min: 0, Avg:  0.0, Max: 0, Diff: 0, Sum: 0, Workers: 8
[2025-06-17T22:38:26.705+0300][3224][19180][debug][gc,phases] GC(53)       Merged Howl                    Min: 0, Avg:  0.0, Max: 0, Diff: 0, Sum: 0, Workers: 8
[2025-06-17T22:38:26.705+0300][3224][19180][debug][gc,phases] GC(53)       Merged Full                    Min: 0, Avg:  0.0, Max: 0, Diff: 0, Sum: 0, Workers: 8
[2025-06-17T22:38:26.705+0300][3224][19180][debug][gc,phases] GC(53)       Merged Howl Inline             Min: 0, Avg:  0.0, Max: 0, Diff: 0, Sum: 0, Workers: 8
[2025-06-17T22:38:26.705+0300][3224][19180][debug][gc,phases] GC(53)       Merged Howl ArrayOfCards       Min: 0, Avg:  0.0, Max: 0, Diff: 0, Sum: 0, Workers: 8
[2025-06-17T22:38:26.705+0300][3224][19180][debug][gc,phases] GC(53)       Merged Howl BitMap             Min: 0, Avg:  0.0, Max: 0, Diff: 0, Sum: 0, Workers: 8
[2025-06-17T22:38:26.705+0300][3224][19180][debug][gc,phases] GC(53)       Merged Howl Full               Min: 0, Avg:  0.0, Max: 0, Diff: 0, Sum: 0, Workers: 8
[2025-06-17T22:38:26.705+0300][3224][19180][debug][gc,phases] GC(53)       Merged Cards                   Min: 8, Avg:  9.0, Max: 16, Diff: 8, Sum: 72, Workers: 8
[2025-06-17T22:38:26.705+0300][3224][19180][debug][gc,phases] GC(53)     Log Buffers (ms):              Min:  0.0, Avg:  0.0, Max:  0.0, Diff:  0.0, Sum:  0.0, Workers: 8
[2025-06-17T22:38:26.705+0300][3224][19180][debug][gc,phases] GC(53)       Dirty Cards:                   Min: 0, Avg:  1.5, Max: 7, Diff: 7, Sum: 12, Workers: 8
[2025-06-17T22:38:26.705+0300][3224][19180][debug][gc,phases] GC(53)       Skipped Cards:                 Min: 0, Avg:  0.0, Max: 0, Diff: 0, Sum: 0, Workers: 8
[2025-06-17T22:38:26.705+0300][3224][19180][info ][gc,phases] GC(53)   Evacuate Collection Set: 0.4ms
[2025-06-17T22:38:26.705+0300][3224][19180][debug][gc,phases] GC(53)     Ext Root Scanning (ms):        Min:  0.0, Avg:  0.1, Max:  0.1, Diff:  0.0, Sum:  0.5, Workers: 8
[2025-06-17T22:38:26.705+0300][3224][19180][debug][gc,phases] GC(53)     Scan Heap Roots (ms):          Min:  0.0, Avg:  0.0, Max:  0.0, Diff:  0.0, Sum:  0.1, Workers: 8
[2025-06-17T22:38:26.705+0300][3224][19180][debug][gc,phases] GC(53)       Scanned Cards:                 Min: 0, Avg:  1.5, Max: 5, Diff: 5, Sum: 12, Workers: 8
[2025-06-17T22:38:26.705+0300][3224][19180][debug][gc,phases] GC(53)       Scanned Blocks:                Min: 0, Avg:  1.4, Max: 5, Diff: 5, Sum: 11, Workers: 8
[2025-06-17T22:38:26.705+0300][3224][19180][debug][gc,phases] GC(53)       Claimed Chunks:                Min: 0, Avg:  1.1, Max: 3, Diff: 3, Sum: 9, Workers: 8
[2025-06-17T22:38:26.705+0300][3224][19180][debug][gc,phases] GC(53)       Found Roots:                   Min: 0, Avg:  1.2, Max: 4, Diff: 4, Sum: 10, Workers: 8
[2025-06-17T22:38:26.705+0300][3224][19180][debug][gc,phases] GC(53)     Code Root Scan (ms):           Min:  0.1, Avg:  0.1, Max:  0.1, Diff:  0.0, Sum:  0.8, Workers: 8
[2025-06-17T22:38:26.705+0300][3224][19180][debug][gc,phases] GC(53)       Scanned Nmethods               Min: 0, Avg:  0.0, Max: 0, Diff: 0, Sum: 0, Workers: 8
[2025-06-17T22:38:26.705+0300][3224][19180][debug][gc,phases] GC(53)     Object Copy (ms):              Min:  0.1, Avg:  0.1, Max:  0.1, Diff:  0.0, Sum:  0.7, Workers: 8
[2025-06-17T22:38:26.705+0300][3224][19180][debug][gc,phases] GC(53)     Termination (ms):              Min:  0.0, Avg:  0.0, Max:  0.0, Diff:  0.0, Sum:  0.1, Workers: 8
[2025-06-17T22:38:26.705+0300][3224][19180][debug][gc,phases] GC(53)       Termination Attempts:          Min: 1, Avg:  1.0, Max: 1, Diff: 0, Sum: 8, Workers: 8
[2025-06-17T22:38:26.705+0300][3224][19180][debug][gc,phases] GC(53)     GC Worker Other (ms):          Min:  0.1, Avg:  0.1, Max:  0.1, Diff:  0.0, Sum:  0.8, Workers: 8
[2025-06-17T22:38:26.705+0300][3224][19180][debug][gc,phases] GC(53)     GC Worker Total (ms):          Min:  0.4, Avg:  0.4, Max:  0.4, Diff:  0.0, Sum:  2.9, Workers: 8
[2025-06-17T22:38:26.705+0300][3224][19180][info ][gc,phases] GC(53)   Post Evacuate Collection Set: 0.7ms
[2025-06-17T22:38:26.705+0300][3224][19180][debug][gc,phases] GC(53)     NMethod List Cleanup: 0.0ms
[2025-06-17T22:38:26.705+0300][3224][19180][debug][gc,phases] GC(53)     Reference Processing: 0.1ms
[2025-06-17T22:38:26.705+0300][3224][19180][debug][gc,phases] GC(53)     Weak Processing: 0.1ms
[2025-06-17T22:38:26.705+0300][3224][19180][debug][gc,phases] GC(53)       VM Weak                        Min:  0.0, Avg:  0.0, Max:  0.0, Diff:  0.0, Sum:  0.0, Workers: 8
[2025-06-17T22:38:26.705+0300][3224][19180][debug][gc,phases] GC(53)         Dead                           Min: 0, Avg:  0.0, Max: 0, Diff: 0, Sum: 0, Workers: 8
[2025-06-17T22:38:26.705+0300][3224][19180][debug][gc,phases] GC(53)         Total                          Min: 0, Avg: 15.4, Max: 76, Diff: 76, Sum: 123, Workers: 8
[2025-06-17T22:38:26.705+0300][3224][19180][debug][gc,phases] GC(53)       ObjectSynchronizer Weak        Min:  0.0, Avg:  0.0, Max:  0.0, Diff:  0.0, Sum:  0.0, Workers: 8
[2025-06-17T22:38:26.705+0300][3224][19180][debug][gc,phases] GC(53)         Dead                           Min: 0, Avg:  0.0, Max: 0, Diff: 0, Sum: 0, Workers: 8
[2025-06-17T22:38:26.705+0300][3224][19180][debug][gc,phases] GC(53)         Total                          Min: 0, Avg: 18.6, Max: 64, Diff: 64, Sum: 149, Workers: 8
[2025-06-17T22:38:26.705+0300][3224][19180][debug][gc,phases] GC(53)       JVMTI Tag Weak OopStorage      Min:  0.0, Avg:  0.0, Max:  0.0, Diff:  0.0, Sum:  0.0, Workers: 8
[2025-06-17T22:38:26.705+0300][3224][19180][debug][gc,phases] GC(53)         Dead                           Min: 0, Avg:  0.0, Max: 0, Diff: 0, Sum: 0, Workers: 8
[2025-06-17T22:38:26.705+0300][3224][19180][debug][gc,phases] GC(53)         Total                          Min: 0, Avg:  0.0, Max: 0, Diff: 0, Sum: 0, Workers: 8
[2025-06-17T22:38:26.705+0300][3224][19180][debug][gc,phases] GC(53)       StringTable Weak               Min:  0.0, Avg:  0.0, Max:  0.0, Diff:  0.0, Sum:  0.1, Workers: 8
[2025-06-17T22:38:26.705+0300][3224][19180][debug][gc,phases] GC(53)         Dead                           Min: 0, Avg:  0.0, Max: 0, Diff: 0, Sum: 0, Workers: 8
[2025-06-17T22:38:26.705+0300][3224][19180][debug][gc,phases] GC(53)         Total                          Min: 640, Avg: 779.4, Max: 896, Diff: 256, Sum: 6235, Workers: 8
[2025-06-17T22:38:26.705+0300][3224][19180][debug][gc,phases] GC(53)       ResolvedMethodTable Weak       Min:  0.0, Avg:  0.0, Max:  0.0, Diff:  0.0, Sum:  0.0, Workers: 8
[2025-06-17T22:38:26.705+0300][3224][19180][debug][gc,phases] GC(53)         Dead                           Min: 0, Avg:  0.0, Max: 0, Diff: 0, Sum: 0, Workers: 8
[2025-06-17T22:38:26.705+0300][3224][19180][debug][gc,phases] GC(53)         Total                          Min: 64, Avg: 111.8, Max: 128, Diff: 64, Sum: 894, Workers: 8
[2025-06-17T22:38:26.705+0300][3224][19180][debug][gc,phases] GC(53)       JNI Weak                       Min:  0.0, Avg:  0.0, Max:  0.0, Diff:  0.0, Sum:  0.0, Workers: 8
[2025-06-17T22:38:26.705+0300][3224][19180][debug][gc,phases] GC(53)         Dead                           Min: 0, Avg:  0.0, Max: 0, Diff: 0, Sum: 0, Workers: 8
[2025-06-17T22:38:26.705+0300][3224][19180][debug][gc,phases] GC(53)         Total                          Min: 0, Avg:  0.0, Max: 0, Diff: 0, Sum: 0, Workers: 8
[2025-06-17T22:38:26.705+0300][3224][19180][debug][gc,phases] GC(53)       StringDedup Table Weak         Min:  0.0, Avg:  0.0, Max:  0.0, Diff:  0.0, Sum:  0.0, Workers: 8
[2025-06-17T22:38:26.705+0300][3224][19180][debug][gc,phases] GC(53)         Dead                           Min: 0, Avg:  0.0, Max: 0, Diff: 0, Sum: 0, Workers: 8
[2025-06-17T22:38:26.705+0300][3224][19180][debug][gc,phases] GC(53)         Total                          Min: 0, Avg:  0.0, Max: 0, Diff: 0, Sum: 0, Workers: 8
[2025-06-17T22:38:26.705+0300][3224][19180][debug][gc,phases] GC(53)       StringDedup Requests0 Weak     Min:  0.0, Avg:  0.0, Max:  0.0, Diff:  0.0, Sum:  0.0, Workers: 8
[2025-06-17T22:38:26.705+0300][3224][19180][debug][gc,phases] GC(53)         Dead                           Min: 0, Avg:  0.0, Max: 0, Diff: 0, Sum: 0, Workers: 8
[2025-06-17T22:38:26.705+0300][3224][19180][debug][gc,phases] GC(53)         Total                          Min: 0, Avg:  0.0, Max: 0, Diff: 0, Sum: 0, Workers: 8
[2025-06-17T22:38:26.705+0300][3224][19180][debug][gc,phases] GC(53)       StringDedup Requests1 Weak     Min:  0.0, Avg:  0.0, Max:  0.0, Diff:  0.0, Sum:  0.0, Workers: 8
[2025-06-17T22:38:26.705+0300][3224][19180][debug][gc,phases] GC(53)         Dead                           Min: 0, Avg:  0.0, Max: 0, Diff: 0, Sum: 0, Workers: 8
[2025-06-17T22:38:26.705+0300][3224][19180][debug][gc,phases] GC(53)         Total                          Min: 0, Avg:  0.0, Max: 0, Diff: 0, Sum: 0, Workers: 8
[2025-06-17T22:38:26.705+0300][3224][19180][debug][gc,phases] GC(53)       Weak JFR Old Object Samples    Min:  0.0, Avg:  0.0, Max:  0.0, Diff:  0.0, Sum:  0.0, Workers: 8
[2025-06-17T22:38:26.705+0300][3224][19180][debug][gc,phases] GC(53)         Dead                           Min: 0, Avg:  0.0, Max: 0, Diff: 0, Sum: 0, Workers: 8
[2025-06-17T22:38:26.705+0300][3224][19180][debug][gc,phases] GC(53)         Total                          Min: 0, Avg:  0.0, Max: 0, Diff: 0, Sum: 0, Workers: 8
[2025-06-17T22:38:26.705+0300][3224][19180][debug][gc,phases] GC(53)     Post Evacuate Cleanup 1: 0.2ms
[2025-06-17T22:38:26.705+0300][3224][19180][debug][gc,phases] GC(53)       Merge Per-Thread State (ms):   Min:  0.0, Avg:  0.0, Max:  0.0, Diff:  0.0, Sum:  0.0, Workers: 1
[2025-06-17T22:38:26.705+0300][3224][19180][debug][gc,phases] GC(53)         Copied Bytes                   Min: 75552, Avg: 90726.0, Max: 106952, Diff: 31400, Sum: 725808, Workers: 8
[2025-06-17T22:38:26.705+0300][3224][19180][debug][gc,phases] GC(53)         LAB Waste                      Min: 112, Avg: 213.0, Max: 520, Diff: 408, Sum: 1704, Workers: 8
[2025-06-17T22:38:26.705+0300][3224][19180][debug][gc,phases] GC(53)         LAB Undo Waste                 Min: 0, Avg:  0.0, Max: 0, Diff: 0, Sum: 0, Workers: 8
[2025-06-17T22:38:26.705+0300][3224][19180][debug][gc,phases] GC(53)       Clear Logged Cards (ms):       Min:  0.0, Avg:  0.1, Max:  0.2, Diff:  0.2, Sum:  0.4, Workers: 5
[2025-06-17T22:38:26.705+0300][3224][19180][debug][gc,phases] GC(53)       Recalculate Used Memory (ms):  Min:  0.0, Avg:  0.0, Max:  0.0, Diff:  0.0, Sum:  0.0, Workers: 1
[2025-06-17T22:38:26.705+0300][3224][19180][debug][gc,phases] GC(53)     Post Evacuate Cleanup 2: 0.3ms
[2025-06-17T22:38:26.705+0300][3224][19180][debug][gc,phases] GC(53)       Update Derived Pointers (ms):  Min:  0.0, Avg:  0.0, Max:  0.0, Diff:  0.0, Sum:  0.0, Workers: 1
[2025-06-17T22:38:26.705+0300][3224][19180][debug][gc,phases] GC(53)       Eagerly Reclaim Humongous Objects (ms): Min:  0.0, Avg:  0.0, Max:  0.0, Diff:  0.0, Sum:  0.0, Workers: 1
[2025-06-17T22:38:26.705+0300][3224][19180][debug][gc,phases] GC(53)         Humongous Total                Min: 6, Avg:  6.0, Max: 6, Diff: 0, Sum: 6, Workers: 1
[2025-06-17T22:38:26.705+0300][3224][19180][debug][gc,phases] GC(53)         Humongous Candidates           Min: 3, Avg:  3.0, Max: 3, Diff: 0, Sum: 3, Workers: 1
[2025-06-17T22:38:26.705+0300][3224][19180][debug][gc,phases] GC(53)         Humongous Reclaimed            Min: 0, Avg:  0.0, Max: 0, Diff: 0, Sum: 0, Workers: 1
[2025-06-17T22:38:26.705+0300][3224][19180][debug][gc,phases] GC(53)       Redirty Logged Cards (ms):     Min:  0.0, Avg:  0.0, Max:  0.0, Diff:  0.0, Sum:  0.0, Workers: 8
[2025-06-17T22:38:26.705+0300][3224][19180][debug][gc,phases] GC(53)         Redirtied Cards:               Min: 0, Avg:  1.4, Max: 7, Diff: 7, Sum: 11, Workers: 8
[2025-06-17T22:38:26.705+0300][3224][19180][debug][gc,phases] GC(53)       Resize TLABs (ms):             Min:  0.0, Avg:  0.0, Max:  0.0, Diff:  0.0, Sum:  0.0, Workers: 8
[2025-06-17T22:38:26.705+0300][3224][19180][debug][gc,phases] GC(53)       Free Collection Set (ms):      Min:  0.0, Avg:  0.2, Max:  0.3, Diff:  0.2, Sum:  1.8, Workers: 8
[2025-06-17T22:38:26.705+0300][3224][19180][debug][gc,phases] GC(53)     Rebuild Free List: 0.1ms
[2025-06-17T22:38:26.705+0300][3224][19180][debug][gc,phases] GC(53)     Prepare For Mutator: 0.0ms
[2025-06-17T22:38:26.705+0300][3224][19180][debug][gc,phases] GC(53)     Expand Heap After Collection: 0.0ms
[2025-06-17T22:38:26.705+0300][3224][19180][info ][gc,phases] GC(53)   Other: 0.1ms
[2025-06-17T22:38:26.705+0300][3224][19180][info ][gc,heap  ] GC(53) Eden regions: 1227->0(1227)
[2025-06-17T22:38:26.705+0300][3224][19180][info ][gc,heap  ] GC(53) Survivor regions: 1->1(154)
[2025-06-17T22:38:26.705+0300][3224][19180][info ][gc,heap  ] GC(53) Old regions: 10->10
[2025-06-17T22:38:26.705+0300][3224][19180][info ][gc,heap  ] GC(53) Humongous regions: 18->18
[2025-06-17T22:38:26.705+0300][3224][19180][debug][gc,heap  ] GC(53) Heap after GC invocations=54 (full 3):
[2025-06-17T22:38:26.705+0300][3224][19180][debug][gc,heap  ] GC(53)  garbage-first heap   total 2097152K, used 22915K [0x0000000080000000, 0x0000000100000000)
[2025-06-17T22:38:26.705+0300][3224][19180][debug][gc,heap  ] GC(53)   region size 1024K, 1 young (1024K), 1 survivors (1024K)
[2025-06-17T22:38:26.705+0300][3224][19180][debug][gc,heap  ] GC(53)  Metaspace       used 8733K, committed 9792K, reserved 1114112K
[2025-06-17T22:38:26.705+0300][3224][19180][debug][gc,heap  ] GC(53)   class space    used 874K, committed 1280K, reserved 1048576K
[2025-06-17T22:38:26.705+0300][3224][19180][info ][gc       ] GC(53) Pause Young (Normal) (G1 Evacuation Pause) 1249M->22M(2048M) 3.527ms
[2025-06-17T22:38:26.705+0300][3224][19180][info ][safepoint] Safepoint "G1CollectForAllocation", Time since last: 436823400 ns, Reaching safepoint: 407500 ns, Cleanup: 15700 ns, At safepoint: 3586700 ns, Total: 4009900 ns
[2025-06-17T22:38:27.090+0300][3224][19180][debug][safepoint] Safepoint synchronization initiated using striped semaphore wait barrier. (19 threads)
[2025-06-17T22:38:27.090+0300][3224][2424 ][debug][safepoint] ... found polling page loop exception at pc = 0x00000275901bda60, stub =0x000002758fbb5d80
[2025-06-17T22:38:27.090+0300][3224][18144][debug][safepoint] ... found polling page loop exception at pc = 0x00000275901bda60, stub =0x000002758fbb5d80
[2025-06-17T22:38:27.090+0300][3224][13716][debug][safepoint] ... found polling page loop exception at pc = 0x00000275901bda60, stub =0x000002758fbb5d80
[2025-06-17T22:38:27.090+0300][3224][8204 ][debug][safepoint] ... found polling page loop exception at pc = 0x00000275901e2f8a, stub =0x000002758fbb6600
[2025-06-17T22:38:27.090+0300][3224][18048][debug][safepoint] ... found polling page loop exception at pc = 0x00000275901bda60, stub =0x000002758fbb5d80
[2025-06-17T22:38:27.090+0300][3224][19180][debug][gc,heap  ] GC(54) Heap before GC invocations=54 (full 3):
[2025-06-17T22:38:27.090+0300][3224][19180][debug][gc,heap  ] GC(54)  garbage-first heap   total 2097152K, used 1279363K [0x0000000080000000, 0x0000000100000000)
[2025-06-17T22:38:27.090+0300][3224][19180][debug][gc,heap  ] GC(54)   region size 1024K, 1228 young (1257472K), 1 survivors (1024K)
[2025-06-17T22:38:27.090+0300][3224][19180][debug][gc,heap  ] GC(54)  Metaspace       used 8733K, committed 9792K, reserved 1114112K
[2025-06-17T22:38:27.090+0300][3224][19180][debug][gc,heap  ] GC(54)   class space    used 874K, committed 1280K, reserved 1048576K
[2025-06-17T22:38:27.090+0300][3224][19180][info ][gc,phases] GC(54)   Pre Evacuate Collection Set: 0.3ms
[2025-06-17T22:38:27.090+0300][3224][19180][debug][gc,phases] GC(54)     Pre Evacuate Prepare: 0.0ms
[2025-06-17T22:38:27.090+0300][3224][19180][debug][gc,phases] GC(54)       JT Retire TLABs And Flush Logs (ms): Min:  0.0, Avg:  0.0, Max:  0.0, Diff:  0.0, Sum:  0.0, Workers: 2
[2025-06-17T22:38:27.090+0300][3224][19180][debug][gc,phases] GC(54)       Non-JT Flush Logs (ms):        Min:  0.0, Avg:  0.0, Max:  0.0, Diff:  0.0, Sum:  0.0, Workers: 1
[2025-06-17T22:38:27.090+0300][3224][19180][debug][gc,phases] GC(54)     Choose Collection Set: 0.0ms
[2025-06-17T22:38:27.090+0300][3224][19180][debug][gc,phases] GC(54)     Region Register: 0.3ms
[2025-06-17T22:38:27.090+0300][3224][19180][debug][gc,phases] GC(54)     Prepare Heap Roots: 0.0ms
[2025-06-17T22:38:27.090+0300][3224][19180][info ][gc,phases] GC(54)   Merge Heap Roots: 0.2ms
[2025-06-17T22:38:27.090+0300][3224][19180][debug][gc,phases] GC(54)     Prepare Merge Heap Roots: 0.0ms
[2025-06-17T22:38:27.090+0300][3224][19180][debug][gc,phases] GC(54)     Remembered Sets (ms):          Min:  0.0, Avg:  0.1, Max:  0.1, Diff:  0.1, Sum:  0.8, Workers: 8
[2025-06-17T22:38:27.090+0300][3224][19180][debug][gc,phases] GC(54)       Eager Reclaim (ms):            Min:  0.0, Avg:  0.0, Max:  0.0, Diff:  0.0, Sum:  0.0, Workers: 1
[2025-06-17T22:38:27.090+0300][3224][19180][debug][gc,phases] GC(54)       Merged Inline                  Min: 0, Avg:  0.0, Max: 0, Diff: 0, Sum: 0, Workers: 8
[2025-06-17T22:38:27.090+0300][3224][19180][debug][gc,phases] GC(54)       Merged ArrayOfCards            Min: 0, Avg:  0.0, Max: 0, Diff: 0, Sum: 0, Workers: 8
[2025-06-17T22:38:27.090+0300][3224][19180][debug][gc,phases] GC(54)       Merged Howl                    Min: 0, Avg:  0.0, Max: 0, Diff: 0, Sum: 0, Workers: 8
[2025-06-17T22:38:27.090+0300][3224][19180][debug][gc,phases] GC(54)       Merged Full                    Min: 0, Avg:  0.0, Max: 0, Diff: 0, Sum: 0, Workers: 8
[2025-06-17T22:38:27.090+0300][3224][19180][debug][gc,phases] GC(54)       Merged Howl Inline             Min: 0, Avg:  0.0, Max: 0, Diff: 0, Sum: 0, Workers: 8
[2025-06-17T22:38:27.090+0300][3224][19180][debug][gc,phases] GC(54)       Merged Howl ArrayOfCards       Min: 0, Avg:  0.0, Max: 0, Diff: 0, Sum: 0, Workers: 8
[2025-06-17T22:38:27.090+0300][3224][19180][debug][gc,phases] GC(54)       Merged Howl BitMap             Min: 0, Avg:  0.0, Max: 0, Diff: 0, Sum: 0, Workers: 8
[2025-06-17T22:38:27.090+0300][3224][19180][debug][gc,phases] GC(54)       Merged Howl Full               Min: 0, Avg:  0.0, Max: 0, Diff: 0, Sum: 0, Workers: 8
[2025-06-17T22:38:27.090+0300][3224][19180][debug][gc,phases] GC(54)       Merged Cards                   Min: 8, Avg:  9.0, Max: 16, Diff: 8, Sum: 72, Workers: 8
[2025-06-17T22:38:27.090+0300][3224][19180][debug][gc,phases] GC(54)     Log Buffers (ms):              Min:  0.0, Avg:  0.0, Max:  0.0, Diff:  0.0, Sum:  0.0, Workers: 8
[2025-06-17T22:38:27.090+0300][3224][19180][debug][gc,phases] GC(54)       Dirty Cards:                   Min: 0, Avg:  1.6, Max: 13, Diff: 13, Sum: 13, Workers: 8
[2025-06-17T22:38:27.090+0300][3224][19180][debug][gc,phases] GC(54)       Skipped Cards:                 Min: 0, Avg:  0.0, Max: 0, Diff: 0, Sum: 0, Workers: 8
[2025-06-17T22:38:27.090+0300][3224][19180][info ][gc,phases] GC(54)   Evacuate Collection Set: 0.7ms
[2025-06-17T22:38:27.090+0300][3224][19180][debug][gc,phases] GC(54)     Ext Root Scanning (ms):        Min:  0.0, Avg:  0.1, Max:  0.1, Diff:  0.1, Sum:  0.5, Workers: 8
[2025-06-17T22:38:27.090+0300][3224][19180][debug][gc,phases] GC(54)     Scan Heap Roots (ms):          Min:  0.0, Avg:  0.0, Max:  0.0, Diff:  0.0, Sum:  0.1, Workers: 8
[2025-06-17T22:38:27.090+0300][3224][19180][debug][gc,phases] GC(54)       Scanned Cards:                 Min: 0, Avg:  1.5, Max: 4, Diff: 4, Sum: 12, Workers: 8
[2025-06-17T22:38:27.090+0300][3224][19180][debug][gc,phases] GC(54)       Scanned Blocks:                Min: 0, Avg:  1.4, Max: 3, Diff: 3, Sum: 11, Workers: 8
[2025-06-17T22:38:27.090+0300][3224][19180][debug][gc,phases] GC(54)       Claimed Chunks:                Min: 0, Avg:  1.1, Max: 2, Diff: 2, Sum: 9, Workers: 8
[2025-06-17T22:38:27.090+0300][3224][19180][debug][gc,phases] GC(54)       Found Roots:                   Min: 0, Avg:  1.2, Max: 3, Diff: 3, Sum: 10, Workers: 8
[2025-06-17T22:38:27.090+0300][3224][19180][debug][gc,phases] GC(54)     Code Root Scan (ms):           Min:  0.1, Avg:  0.1, Max:  0.1, Diff:  0.0, Sum:  0.8, Workers: 8
[2025-06-17T22:38:27.090+0300][3224][19180][debug][gc,phases] GC(54)       Scanned Nmethods               Min: 0, Avg:  0.0, Max: 0, Diff: 0, Sum: 0, Workers: 8
[2025-06-17T22:38:27.090+0300][3224][19180][debug][gc,phases] GC(54)     Object Copy (ms):              Min:  0.0, Avg:  0.1, Max:  0.1, Diff:  0.1, Sum:  0.7, Workers: 8
[2025-06-17T22:38:27.090+0300][3224][19180][debug][gc,phases] GC(54)     Termination (ms):              Min:  0.0, Avg:  0.2, Max:  0.2, Diff:  0.2, Sum:  1.6, Workers: 8
[2025-06-17T22:38:27.090+0300][3224][19180][debug][gc,phases] GC(54)       Termination Attempts:          Min: 1, Avg:  1.0, Max: 1, Diff: 0, Sum: 8, Workers: 8
[2025-06-17T22:38:27.090+0300][3224][19180][debug][gc,phases] GC(54)     GC Worker Other (ms):          Min:  0.1, Avg:  0.1, Max:  0.1, Diff:  0.0, Sum:  0.9, Workers: 8
[2025-06-17T22:38:27.090+0300][3224][19180][debug][gc,phases] GC(54)     GC Worker Total (ms):          Min:  0.2, Avg:  0.6, Max:  0.7, Diff:  0.4, Sum:  4.7, Workers: 8
[2025-06-17T22:38:27.090+0300][3224][19180][info ][gc,phases] GC(54)   Post Evacuate Collection Set: 0.8ms
[2025-06-17T22:38:27.090+0300][3224][19180][debug][gc,phases] GC(54)     NMethod List Cleanup: 0.0ms
[2025-06-17T22:38:27.090+0300][3224][19180][debug][gc,phases] GC(54)     Reference Processing: 0.1ms
[2025-06-17T22:38:27.090+0300][3224][19180][debug][gc,phases] GC(54)     Weak Processing: 0.1ms
[2025-06-17T22:38:27.090+0300][3224][19180][debug][gc,phases] GC(54)       VM Weak                        Min:  0.0, Avg:  0.0, Max:  0.0, Diff:  0.0, Sum:  0.0, Workers: 8
[2025-06-17T22:38:27.090+0300][3224][19180][debug][gc,phases] GC(54)         Dead                           Min: 0, Avg:  0.0, Max: 0, Diff: 0, Sum: 0, Workers: 8
[2025-06-17T22:38:27.090+0300][3224][19180][debug][gc,phases] GC(54)         Total                          Min: 0, Avg: 15.4, Max: 123, Diff: 123, Sum: 123, Workers: 8
[2025-06-17T22:38:27.090+0300][3224][19180][debug][gc,phases] GC(54)       ObjectSynchronizer Weak        Min:  0.0, Avg:  0.0, Max:  0.0, Diff:  0.0, Sum:  0.0, Workers: 8
[2025-06-17T22:38:27.090+0300][3224][19180][debug][gc,phases] GC(54)         Dead                           Min: 0, Avg:  0.0, Max: 0, Diff: 0, Sum: 0, Workers: 8
[2025-06-17T22:38:27.090+0300][3224][19180][debug][gc,phases] GC(54)         Total                          Min: 0, Avg: 18.6, Max: 149, Diff: 149, Sum: 149, Workers: 8
[2025-06-17T22:38:27.090+0300][3224][19180][debug][gc,phases] GC(54)       JVMTI Tag Weak OopStorage      Min:  0.0, Avg:  0.0, Max:  0.0, Diff:  0.0, Sum:  0.0, Workers: 8
[2025-06-17T22:38:27.090+0300][3224][19180][debug][gc,phases] GC(54)         Dead                           Min: 0, Avg:  0.0, Max: 0, Diff: 0, Sum: 0, Workers: 8
[2025-06-17T22:38:27.090+0300][3224][19180][debug][gc,phases] GC(54)         Total                          Min: 0, Avg:  0.0, Max: 0, Diff: 0, Sum: 0, Workers: 8
[2025-06-17T22:38:27.090+0300][3224][19180][debug][gc,phases] GC(54)       StringTable Weak               Min:  0.0, Avg:  0.0, Max:  0.0, Diff:  0.0, Sum:  0.1, Workers: 8
[2025-06-17T22:38:27.090+0300][3224][19180][debug][gc,phases] GC(54)         Dead                           Min: 0, Avg:  0.0, Max: 0, Diff: 0, Sum: 0, Workers: 8
[2025-06-17T22:38:27.090+0300][3224][19180][debug][gc,phases] GC(54)         Total                          Min: 0, Avg: 779.4, Max: 1280, Diff: 1280, Sum: 6235, Workers: 8
[2025-06-17T22:38:27.090+0300][3224][19180][debug][gc,phases] GC(54)       ResolvedMethodTable Weak       Min:  0.0, Avg:  0.0, Max:  0.0, Diff:  0.0, Sum:  0.0, Workers: 8
[2025-06-17T22:38:27.090+0300][3224][19180][debug][gc,phases] GC(54)         Dead                           Min: 0, Avg:  0.0, Max: 0, Diff: 0, Sum: 0, Workers: 8
[2025-06-17T22:38:27.090+0300][3224][19180][debug][gc,phases] GC(54)         Total                          Min: 0, Avg: 111.8, Max: 191, Diff: 191, Sum: 894, Workers: 8
[2025-06-17T22:38:27.090+0300][3224][19180][debug][gc,phases] GC(54)       JNI Weak                       Min:  0.0, Avg:  0.0, Max:  0.0, Diff:  0.0, Sum:  0.0, Workers: 8
[2025-06-17T22:38:27.090+0300][3224][19180][debug][gc,phases] GC(54)         Dead                           Min: 0, Avg:  0.0, Max: 0, Diff: 0, Sum: 0, Workers: 8
[2025-06-17T22:38:27.090+0300][3224][19180][debug][gc,phases] GC(54)         Total                          Min: 0, Avg:  0.0, Max: 0, Diff: 0, Sum: 0, Workers: 8
[2025-06-17T22:38:27.090+0300][3224][19180][debug][gc,phases] GC(54)       StringDedup Table Weak         Min:  0.0, Avg:  0.0, Max:  0.0, Diff:  0.0, Sum:  0.0, Workers: 8
[2025-06-17T22:38:27.090+0300][3224][19180][debug][gc,phases] GC(54)         Dead                           Min: 0, Avg:  0.0, Max: 0, Diff: 0, Sum: 0, Workers: 8
[2025-06-17T22:38:27.090+0300][3224][19180][debug][gc,phases] GC(54)         Total                          Min: 0, Avg:  0.0, Max: 0, Diff: 0, Sum: 0, Workers: 8
[2025-06-17T22:38:27.090+0300][3224][19180][debug][gc,phases] GC(54)       StringDedup Requests0 Weak     Min:  0.0, Avg:  0.0, Max:  0.0, Diff:  0.0, Sum:  0.0, Workers: 8
[2025-06-17T22:38:27.090+0300][3224][19180][debug][gc,phases] GC(54)         Dead                           Min: 0, Avg:  0.0, Max: 0, Diff: 0, Sum: 0, Workers: 8
[2025-06-17T22:38:27.090+0300][3224][19180][debug][gc,phases] GC(54)         Total                          Min: 0, Avg:  0.0, Max: 0, Diff: 0, Sum: 0, Workers: 8
[2025-06-17T22:38:27.090+0300][3224][19180][debug][gc,phases] GC(54)       StringDedup Requests1 Weak     Min:  0.0, Avg:  0.0, Max:  0.0, Diff:  0.0, Sum:  0.0, Workers: 8
[2025-06-17T22:38:27.090+0300][3224][19180][debug][gc,phases] GC(54)         Dead                           Min: 0, Avg:  0.0, Max: 0, Diff: 0, Sum: 0, Workers: 8
[2025-06-17T22:38:27.090+0300][3224][19180][debug][gc,phases] GC(54)         Total                          Min: 0, Avg:  0.0, Max: 0, Diff: 0, Sum: 0, Workers: 8
[2025-06-17T22:38:27.090+0300][3224][19180][debug][gc,phases] GC(54)       Weak JFR Old Object Samples    Min:  0.0, Avg:  0.0, Max:  0.0, Diff:  0.0, Sum:  0.0, Workers: 8
[2025-06-17T22:38:27.090+0300][3224][19180][debug][gc,phases] GC(54)         Dead                           Min: 0, Avg:  0.0, Max: 0, Diff: 0, Sum: 0, Workers: 8
[2025-06-17T22:38:27.090+0300][3224][19180][debug][gc,phases] GC(54)         Total                          Min: 0, Avg:  0.0, Max: 0, Diff: 0, Sum: 0, Workers: 8
[2025-06-17T22:38:27.090+0300][3224][19180][debug][gc,phases] GC(54)     Post Evacuate Cleanup 1: 0.2ms
[2025-06-17T22:38:27.090+0300][3224][19180][debug][gc,phases] GC(54)       Merge Per-Thread State (ms):   Min:  0.0, Avg:  0.0, Max:  0.0, Diff:  0.0, Sum:  0.0, Workers: 1
[2025-06-17T22:38:27.090+0300][3224][19180][debug][gc,phases] GC(54)         Copied Bytes                   Min: 0, Avg: 91440.0, Max: 149752, Diff: 149752, Sum: 731520, Workers: 8
[2025-06-17T22:38:27.090+0300][3224][19180][debug][gc,phases] GC(54)         LAB Waste                      Min: 0, Avg: 180.0, Max: 304, Diff: 304, Sum: 1440, Workers: 8
[2025-06-17T22:38:27.090+0300][3224][19180][debug][gc,phases] GC(54)         LAB Undo Waste                 Min: 0, Avg:  0.0, Max: 0, Diff: 0, Sum: 0, Workers: 8
[2025-06-17T22:38:27.090+0300][3224][19180][debug][gc,phases] GC(54)       Clear Logged Cards (ms):       Min:  0.0, Avg:  0.1, Max:  0.2, Diff:  0.2, Sum:  0.4, Workers: 5
[2025-06-17T22:38:27.090+0300][3224][19180][debug][gc,phases] GC(54)       Recalculate Used Memory (ms):  Min:  0.0, Avg:  0.0, Max:  0.0, Diff:  0.0, Sum:  0.0, Workers: 1
[2025-06-17T22:38:27.090+0300][3224][19180][debug][gc,phases] GC(54)     Post Evacuate Cleanup 2: 0.3ms
[2025-06-17T22:38:27.090+0300][3224][19180][debug][gc,phases] GC(54)       Update Derived Pointers (ms):  Min:  0.0, Avg:  0.0, Max:  0.0, Diff:  0.0, Sum:  0.0, Workers: 1
[2025-06-17T22:38:27.090+0300][3224][19180][debug][gc,phases] GC(54)       Eagerly Reclaim Humongous Objects (ms): Min:  0.0, Avg:  0.0, Max:  0.0, Diff:  0.0, Sum:  0.0, Workers: 1
[2025-06-17T22:38:27.090+0300][3224][19180][debug][gc,phases] GC(54)         Humongous Total                Min: 6, Avg:  6.0, Max: 6, Diff: 0, Sum: 6, Workers: 1
[2025-06-17T22:38:27.090+0300][3224][19180][debug][gc,phases] GC(54)         Humongous Candidates           Min: 3, Avg:  3.0, Max: 3, Diff: 0, Sum: 3, Workers: 1
[2025-06-17T22:38:27.090+0300][3224][19180][debug][gc,phases] GC(54)         Humongous Reclaimed            Min: 0, Avg:  0.0, Max: 0, Diff: 0, Sum: 0, Workers: 1
[2025-06-17T22:38:27.090+0300][3224][19180][debug][gc,phases] GC(54)       Redirty Logged Cards (ms):     Min:  0.0, Avg:  0.0, Max:  0.0, Diff:  0.0, Sum:  0.0, Workers: 8
[2025-06-17T22:38:27.090+0300][3224][19180][debug][gc,phases] GC(54)         Redirtied Cards:               Min: 0, Avg:  1.2, Max: 5, Diff: 5, Sum: 10, Workers: 8
[2025-06-17T22:38:27.090+0300][3224][19180][debug][gc,phases] GC(54)       Resize TLABs (ms):             Min:  0.0, Avg:  0.0, Max:  0.0, Diff:  0.0, Sum:  0.0, Workers: 8
[2025-06-17T22:38:27.090+0300][3224][19180][debug][gc,phases] GC(54)       Free Collection Set (ms):      Min:  0.0, Avg:  0.2, Max:  0.3, Diff:  0.3, Sum:  1.8, Workers: 8
[2025-06-17T22:38:27.090+0300][3224][19180][debug][gc,phases] GC(54)     Rebuild Free List: 0.1ms
[2025-06-17T22:38:27.090+0300][3224][19180][debug][gc,phases] GC(54)     Prepare For Mutator: 0.0ms
[2025-06-17T22:38:27.090+0300][3224][19180][debug][gc,phases] GC(54)     Expand Heap After Collection: 0.0ms
[2025-06-17T22:38:27.090+0300][3224][19180][info ][gc,phases] GC(54)   Other: 0.1ms
[2025-06-17T22:38:27.090+0300][3224][19180][info ][gc,heap  ] GC(54) Eden regions: 1227->0(1227)
[2025-06-17T22:38:27.090+0300][3224][19180][info ][gc,heap  ] GC(54) Survivor regions: 1->1(154)
[2025-06-17T22:38:27.090+0300][3224][19180][info ][gc,heap  ] GC(54) Old regions: 10->10
[2025-06-17T22:38:27.090+0300][3224][19180][info ][gc,heap  ] GC(54) Humongous regions: 18->18
[2025-06-17T22:38:27.090+0300][3224][19180][debug][gc,heap  ] GC(54) Heap after GC invocations=55 (full 3):
[2025-06-17T22:38:27.090+0300][3224][19180][debug][gc,heap  ] GC(54)  garbage-first heap   total 2097152K, used 22916K [0x0000000080000000, 0x0000000100000000)
[2025-06-17T22:38:27.090+0300][3224][19180][debug][gc,heap  ] GC(54)   region size 1024K, 1 young (1024K), 1 survivors (1024K)
[2025-06-17T22:38:27.090+0300][3224][19180][debug][gc,heap  ] GC(54)  Metaspace       used 8733K, committed 9792K, reserved 1114112K
[2025-06-17T22:38:27.090+0300][3224][19180][debug][gc,heap  ] GC(54)   class space    used 874K, committed 1280K, reserved 1048576K
[2025-06-17T22:38:27.090+0300][3224][19180][info ][gc       ] GC(54) Pause Young (Normal) (G1 Evacuation Pause) 1249M->22M(2048M) 4.081ms
[2025-06-17T22:38:27.090+0300][3224][19180][info ][safepoint] Safepoint "G1CollectForAllocation", Time since last: 381578200 ns, Reaching safepoint: 358900 ns, Cleanup: 14600 ns, At safepoint: 4145500 ns, Total: 4519000 ns
[2025-06-17T22:38:27.516+0300][3224][19180][debug][safepoint] Safepoint synchronization initiated using striped semaphore wait barrier. (19 threads)
[2025-06-17T22:38:27.516+0300][3224][18176][debug][safepoint] ... found polling page loop exception at pc = 0x00000275901bda60, stub =0x000002758fbb5d80
[2025-06-17T22:38:27.516+0300][3224][8204 ][debug][safepoint] ... found polling page loop exception at pc = 0x00000275901bda60, stub =0x000002758fbb5d80
[2025-06-17T22:38:27.516+0300][3224][2424 ][debug][safepoint] ... found polling page loop exception at pc = 0x00000275901bda60, stub =0x000002758fbb5d80
[2025-06-17T22:38:27.516+0300][3224][18144][debug][safepoint] ... found polling page loop exception at pc = 0x00000275901bde6c, stub =0x000002758fbb5d80
[2025-06-17T22:38:27.516+0300][3224][1788 ][debug][safepoint] ... found polling page loop exception at pc = 0x00000275901bda60, stub =0x000002758fbb5d80
[2025-06-17T22:38:27.516+0300][3224][18048][debug][safepoint] ... found polling page loop exception at pc = 0x00000275901bda60, stub =0x000002758fbb5d80
[2025-06-17T22:38:27.516+0300][3224][13716][debug][safepoint] ... found polling page loop exception at pc = 0x00000275901bda60, stub =0x000002758fbb5d80
[2025-06-17T22:38:27.516+0300][3224][19180][debug][gc,heap  ] GC(55) Heap before GC invocations=55 (full 3):
[2025-06-17T22:38:27.516+0300][3224][19180][debug][gc,heap  ] GC(55)  garbage-first heap   total 2097152K, used 1279364K [0x0000000080000000, 0x0000000100000000)
[2025-06-17T22:38:27.516+0300][3224][19180][debug][gc,heap  ] GC(55)   region size 1024K, 1228 young (1257472K), 1 survivors (1024K)
[2025-06-17T22:38:27.516+0300][3224][19180][debug][gc,heap  ] GC(55)  Metaspace       used 8733K, committed 9792K, reserved 1114112K
[2025-06-17T22:38:27.516+0300][3224][19180][debug][gc,heap  ] GC(55)   class space    used 874K, committed 1280K, reserved 1048576K
[2025-06-17T22:38:27.516+0300][3224][19180][info ][gc,phases] GC(55)   Pre Evacuate Collection Set: 0.3ms
[2025-06-17T22:38:27.516+0300][3224][19180][debug][gc,phases] GC(55)     Pre Evacuate Prepare: 0.1ms
[2025-06-17T22:38:27.516+0300][3224][19180][debug][gc,phases] GC(55)       JT Retire TLABs And Flush Logs (ms): Min:  0.0, Avg:  0.0, Max:  0.0, Diff:  0.0, Sum:  0.0, Workers: 2
[2025-06-17T22:38:27.516+0300][3224][19180][debug][gc,phases] GC(55)       Non-JT Flush Logs (ms):        Min:  0.0, Avg:  0.0, Max:  0.0, Diff:  0.0, Sum:  0.0, Workers: 1
[2025-06-17T22:38:27.516+0300][3224][19180][debug][gc,phases] GC(55)     Choose Collection Set: 0.0ms
[2025-06-17T22:38:27.516+0300][3224][19180][debug][gc,phases] GC(55)     Region Register: 0.2ms
[2025-06-17T22:38:27.516+0300][3224][19180][debug][gc,phases] GC(55)     Prepare Heap Roots: 0.0ms
[2025-06-17T22:38:27.516+0300][3224][19180][info ][gc,phases] GC(55)   Merge Heap Roots: 0.2ms
[2025-06-17T22:38:27.516+0300][3224][19180][debug][gc,phases] GC(55)     Prepare Merge Heap Roots: 0.0ms
[2025-06-17T22:38:27.516+0300][3224][19180][debug][gc,phases] GC(55)     Remembered Sets (ms):          Min:  0.1, Avg:  0.1, Max:  0.1, Diff:  0.0, Sum:  0.9, Workers: 8
[2025-06-17T22:38:27.516+0300][3224][19180][debug][gc,phases] GC(55)       Eager Reclaim (ms):            Min:  0.0, Avg:  0.0, Max:  0.0, Diff:  0.0, Sum:  0.0, Workers: 1
[2025-06-17T22:38:27.516+0300][3224][19180][debug][gc,phases] GC(55)       Merged Inline                  Min: 0, Avg:  0.0, Max: 0, Diff: 0, Sum: 0, Workers: 8
[2025-06-17T22:38:27.516+0300][3224][19180][debug][gc,phases] GC(55)       Merged ArrayOfCards            Min: 0, Avg:  0.0, Max: 0, Diff: 0, Sum: 0, Workers: 8
[2025-06-17T22:38:27.516+0300][3224][19180][debug][gc,phases] GC(55)       Merged Howl                    Min: 0, Avg:  0.0, Max: 0, Diff: 0, Sum: 0, Workers: 8
[2025-06-17T22:38:27.516+0300][3224][19180][debug][gc,phases] GC(55)       Merged Full                    Min: 0, Avg:  0.0, Max: 0, Diff: 0, Sum: 0, Workers: 8
[2025-06-17T22:38:27.516+0300][3224][19180][debug][gc,phases] GC(55)       Merged Howl Inline             Min: 0, Avg:  0.0, Max: 0, Diff: 0, Sum: 0, Workers: 8
[2025-06-17T22:38:27.516+0300][3224][19180][debug][gc,phases] GC(55)       Merged Howl ArrayOfCards       Min: 0, Avg:  0.0, Max: 0, Diff: 0, Sum: 0, Workers: 8
[2025-06-17T22:38:27.516+0300][3224][19180][debug][gc,phases] GC(55)       Merged Howl BitMap             Min: 0, Avg:  0.0, Max: 0, Diff: 0, Sum: 0, Workers: 8
[2025-06-17T22:38:27.516+0300][3224][19180][debug][gc,phases] GC(55)       Merged Howl Full               Min: 0, Avg:  0.0, Max: 0, Diff: 0, Sum: 0, Workers: 8
[2025-06-17T22:38:27.516+0300][3224][19180][debug][gc,phases] GC(55)       Merged Cards                   Min: 8, Avg:  9.0, Max: 16, Diff: 8, Sum: 72, Workers: 8
[2025-06-17T22:38:27.516+0300][3224][19180][debug][gc,phases] GC(55)     Log Buffers (ms):              Min:  0.0, Avg:  0.0, Max:  0.0, Diff:  0.0, Sum:  0.0, Workers: 8
[2025-06-17T22:38:27.516+0300][3224][19180][debug][gc,phases] GC(55)       Dirty Cards:                   Min: 0, Avg:  1.5, Max: 6, Diff: 6, Sum: 12, Workers: 8
[2025-06-17T22:38:27.516+0300][3224][19180][debug][gc,phases] GC(55)       Skipped Cards:                 Min: 0, Avg:  0.0, Max: 0, Diff: 0, Sum: 0, Workers: 8
[2025-06-17T22:38:27.516+0300][3224][19180][info ][gc,phases] GC(55)   Evacuate Collection Set: 0.4ms
[2025-06-17T22:38:27.516+0300][3224][19180][debug][gc,phases] GC(55)     Ext Root Scanning (ms):        Min:  0.0, Avg:  0.1, Max:  0.1, Diff:  0.0, Sum:  0.4, Workers: 8
[2025-06-17T22:38:27.516+0300][3224][19180][debug][gc,phases] GC(55)     Scan Heap Roots (ms):          Min:  0.0, Avg:  0.0, Max:  0.0, Diff:  0.0, Sum:  0.1, Workers: 8
[2025-06-17T22:38:27.516+0300][3224][19180][debug][gc,phases] GC(55)       Scanned Cards:                 Min: 0, Avg:  1.5, Max: 3, Diff: 3, Sum: 12, Workers: 8
[2025-06-17T22:38:27.516+0300][3224][19180][debug][gc,phases] GC(55)       Scanned Blocks:                Min: 0, Avg:  1.4, Max: 3, Diff: 3, Sum: 11, Workers: 8
[2025-06-17T22:38:27.516+0300][3224][19180][debug][gc,phases] GC(55)       Claimed Chunks:                Min: 0, Avg:  1.1, Max: 2, Diff: 2, Sum: 9, Workers: 8
[2025-06-17T22:38:27.516+0300][3224][19180][debug][gc,phases] GC(55)       Found Roots:                   Min: 0, Avg:  1.2, Max: 3, Diff: 3, Sum: 10, Workers: 8
[2025-06-17T22:38:27.516+0300][3224][19180][debug][gc,phases] GC(55)     Code Root Scan (ms):           Min:  0.1, Avg:  0.1, Max:  0.1, Diff:  0.0, Sum:  0.8, Workers: 8
[2025-06-17T22:38:27.516+0300][3224][19180][debug][gc,phases] GC(55)       Scanned Nmethods               Min: 0, Avg:  0.0, Max: 0, Diff: 0, Sum: 0, Workers: 8
[2025-06-17T22:38:27.516+0300][3224][19180][debug][gc,phases] GC(55)     Object Copy (ms):              Min:  0.1, Avg:  0.1, Max:  0.1, Diff:  0.0, Sum:  0.7, Workers: 8
[2025-06-17T22:38:27.516+0300][3224][19180][debug][gc,phases] GC(55)     Termination (ms):              Min:  0.0, Avg:  0.0, Max:  0.0, Diff:  0.0, Sum:  0.1, Workers: 8
[2025-06-17T22:38:27.516+0300][3224][19180][debug][gc,phases] GC(55)       Termination Attempts:          Min: 1, Avg:  1.0, Max: 1, Diff: 0, Sum: 8, Workers: 8
[2025-06-17T22:38:27.516+0300][3224][19180][debug][gc,phases] GC(55)     GC Worker Other (ms):          Min:  0.1, Avg:  0.1, Max:  0.1, Diff:  0.0, Sum:  0.8, Workers: 8
[2025-06-17T22:38:27.516+0300][3224][19180][debug][gc,phases] GC(55)     GC Worker Total (ms):          Min:  0.4, Avg:  0.4, Max:  0.4, Diff:  0.0, Sum:  2.9, Workers: 8
[2025-06-17T22:38:27.516+0300][3224][19180][info ][gc,phases] GC(55)   Post Evacuate Collection Set: 0.7ms
[2025-06-17T22:38:27.516+0300][3224][19180][debug][gc,phases] GC(55)     NMethod List Cleanup: 0.0ms
[2025-06-17T22:38:27.516+0300][3224][19180][debug][gc,phases] GC(55)     Reference Processing: 0.1ms
[2025-06-17T22:38:27.516+0300][3224][19180][debug][gc,phases] GC(55)     Weak Processing: 0.1ms
[2025-06-17T22:38:27.516+0300][3224][19180][debug][gc,phases] GC(55)       VM Weak                        Min:  0.0, Avg:  0.0, Max:  0.0, Diff:  0.0, Sum:  0.0, Workers: 8
[2025-06-17T22:38:27.516+0300][3224][19180][debug][gc,phases] GC(55)         Dead                           Min: 0, Avg:  0.0, Max: 0, Diff: 0, Sum: 0, Workers: 8
[2025-06-17T22:38:27.516+0300][3224][19180][debug][gc,phases] GC(55)         Total                          Min: 0, Avg: 15.4, Max: 123, Diff: 123, Sum: 123, Workers: 8
[2025-06-17T22:38:27.516+0300][3224][19180][debug][gc,phases] GC(55)       ObjectSynchronizer Weak        Min:  0.0, Avg:  0.0, Max:  0.0, Diff:  0.0, Sum:  0.0, Workers: 8
[2025-06-17T22:38:27.516+0300][3224][19180][debug][gc,phases] GC(55)         Dead                           Min: 0, Avg:  0.0, Max: 0, Diff: 0, Sum: 0, Workers: 8
[2025-06-17T22:38:27.516+0300][3224][19180][debug][gc,phases] GC(55)         Total                          Min: 0, Avg: 18.6, Max: 149, Diff: 149, Sum: 149, Workers: 8
[2025-06-17T22:38:27.516+0300][3224][19180][debug][gc,phases] GC(55)       JVMTI Tag Weak OopStorage      Min:  0.0, Avg:  0.0, Max:  0.0, Diff:  0.0, Sum:  0.0, Workers: 8
[2025-06-17T22:38:27.516+0300][3224][19180][debug][gc,phases] GC(55)         Dead                           Min: 0, Avg:  0.0, Max: 0, Diff: 0, Sum: 0, Workers: 8
[2025-06-17T22:38:27.516+0300][3224][19180][debug][gc,phases] GC(55)         Total                          Min: 0, Avg:  0.0, Max: 0, Diff: 0, Sum: 0, Workers: 8
[2025-06-17T22:38:27.516+0300][3224][19180][debug][gc,phases] GC(55)       StringTable Weak               Min:  0.0, Avg:  0.0, Max:  0.0, Diff:  0.0, Sum:  0.1, Workers: 8
[2025-06-17T22:38:27.516+0300][3224][19180][debug][gc,phases] GC(55)         Dead                           Min: 0, Avg:  0.0, Max: 0, Diff: 0, Sum: 0, Workers: 8
[2025-06-17T22:38:27.516+0300][3224][19180][debug][gc,phases] GC(55)         Total                          Min: 704, Avg: 779.4, Max: 896, Diff: 192, Sum: 6235, Workers: 8
[2025-06-17T22:38:27.516+0300][3224][19180][debug][gc,phases] GC(55)       ResolvedMethodTable Weak       Min:  0.0, Avg:  0.0, Max:  0.0, Diff:  0.0, Sum:  0.0, Workers: 8
[2025-06-17T22:38:27.516+0300][3224][19180][debug][gc,phases] GC(55)         Dead                           Min: 0, Avg:  0.0, Max: 0, Diff: 0, Sum: 0, Workers: 8
[2025-06-17T22:38:27.516+0300][3224][19180][debug][gc,phases] GC(55)         Total                          Min: 64, Avg: 111.8, Max: 128, Diff: 64, Sum: 894, Workers: 8
[2025-06-17T22:38:27.516+0300][3224][19180][debug][gc,phases] GC(55)       JNI Weak                       Min:  0.0, Avg:  0.0, Max:  0.0, Diff:  0.0, Sum:  0.0, Workers: 8
[2025-06-17T22:38:27.516+0300][3224][19180][debug][gc,phases] GC(55)         Dead                           Min: 0, Avg:  0.0, Max: 0, Diff: 0, Sum: 0, Workers: 8
[2025-06-17T22:38:27.516+0300][3224][19180][debug][gc,phases] GC(55)         Total                          Min: 0, Avg:  0.0, Max: 0, Diff: 0, Sum: 0, Workers: 8
[2025-06-17T22:38:27.516+0300][3224][19180][debug][gc,phases] GC(55)       StringDedup Table Weak         Min:  0.0, Avg:  0.0, Max:  0.0, Diff:  0.0, Sum:  0.0, Workers: 8
[2025-06-17T22:38:27.516+0300][3224][19180][debug][gc,phases] GC(55)         Dead                           Min: 0, Avg:  0.0, Max: 0, Diff: 0, Sum: 0, Workers: 8
[2025-06-17T22:38:27.516+0300][3224][19180][debug][gc,phases] GC(55)         Total                          Min: 0, Avg:  0.0, Max: 0, Diff: 0, Sum: 0, Workers: 8
[2025-06-17T22:38:27.516+0300][3224][19180][debug][gc,phases] GC(55)       StringDedup Requests0 Weak     Min:  0.0, Avg:  0.0, Max:  0.0, Diff:  0.0, Sum:  0.0, Workers: 8
[2025-06-17T22:38:27.516+0300][3224][19180][debug][gc,phases] GC(55)         Dead                           Min: 0, Avg:  0.0, Max: 0, Diff: 0, Sum: 0, Workers: 8
[2025-06-17T22:38:27.516+0300][3224][19180][debug][gc,phases] GC(55)         Total                          Min: 0, Avg:  0.0, Max: 0, Diff: 0, Sum: 0, Workers: 8
[2025-06-17T22:38:27.516+0300][3224][19180][debug][gc,phases] GC(55)       StringDedup Requests1 Weak     Min:  0.0, Avg:  0.0, Max:  0.0, Diff:  0.0, Sum:  0.0, Workers: 8
[2025-06-17T22:38:27.516+0300][3224][19180][debug][gc,phases] GC(55)         Dead                           Min: 0, Avg:  0.0, Max: 0, Diff: 0, Sum: 0, Workers: 8
[2025-06-17T22:38:27.516+0300][3224][19180][debug][gc,phases] GC(55)         Total                          Min: 0, Avg:  0.0, Max: 0, Diff: 0, Sum: 0, Workers: 8
[2025-06-17T22:38:27.516+0300][3224][19180][debug][gc,phases] GC(55)       Weak JFR Old Object Samples    Min:  0.0, Avg:  0.0, Max:  0.0, Diff:  0.0, Sum:  0.0, Workers: 8
[2025-06-17T22:38:27.516+0300][3224][19180][debug][gc,phases] GC(55)         Dead                           Min: 0, Avg:  0.0, Max: 0, Diff: 0, Sum: 0, Workers: 8
[2025-06-17T22:38:27.516+0300][3224][19180][debug][gc,phases] GC(55)         Total                          Min: 0, Avg:  0.0, Max: 0, Diff: 0, Sum: 0, Workers: 8
[2025-06-17T22:38:27.516+0300][3224][19180][debug][gc,phases] GC(55)     Post Evacuate Cleanup 1: 0.1ms
[2025-06-17T22:38:27.516+0300][3224][19180][debug][gc,phases] GC(55)       Merge Per-Thread State (ms):   Min:  0.0, Avg:  0.0, Max:  0.0, Diff:  0.0, Sum:  0.0, Workers: 1
[2025-06-17T22:38:27.516+0300][3224][19180][debug][gc,phases] GC(55)         Copied Bytes                   Min: 65128, Avg: 90505.0, Max: 108024, Diff: 42896, Sum: 724040, Workers: 8
[2025-06-17T22:38:27.516+0300][3224][19180][debug][gc,phases] GC(55)         LAB Waste                      Min: 104, Avg: 173.0, Max: 384, Diff: 280, Sum: 1384, Workers: 8
[2025-06-17T22:38:27.516+0300][3224][19180][debug][gc,phases] GC(55)         LAB Undo Waste                 Min: 0, Avg:  0.0, Max: 0, Diff: 0, Sum: 0, Workers: 8
[2025-06-17T22:38:27.516+0300][3224][19180][debug][gc,phases] GC(55)       Clear Logged Cards (ms):       Min:  0.0, Avg:  0.1, Max:  0.1, Diff:  0.1, Sum:  0.3, Workers: 5
[2025-06-17T22:38:27.516+0300][3224][19180][debug][gc,phases] GC(55)       Recalculate Used Memory (ms):  Min:  0.0, Avg:  0.0, Max:  0.0, Diff:  0.0, Sum:  0.0, Workers: 1
[2025-06-17T22:38:27.516+0300][3224][19180][debug][gc,phases] GC(55)     Post Evacuate Cleanup 2: 0.3ms
[2025-06-17T22:38:27.516+0300][3224][19180][debug][gc,phases] GC(55)       Update Derived Pointers (ms):  Min:  0.0, Avg:  0.0, Max:  0.0, Diff:  0.0, Sum:  0.0, Workers: 1
[2025-06-17T22:38:27.516+0300][3224][19180][debug][gc,phases] GC(55)       Eagerly Reclaim Humongous Objects (ms): Min:  0.0, Avg:  0.0, Max:  0.0, Diff:  0.0, Sum:  0.0, Workers: 1
[2025-06-17T22:38:27.516+0300][3224][19180][debug][gc,phases] GC(55)         Humongous Total                Min: 6, Avg:  6.0, Max: 6, Diff: 0, Sum: 6, Workers: 1
[2025-06-17T22:38:27.516+0300][3224][19180][debug][gc,phases] GC(55)         Humongous Candidates           Min: 3, Avg:  3.0, Max: 3, Diff: 0, Sum: 3, Workers: 1
[2025-06-17T22:38:27.516+0300][3224][19180][debug][gc,phases] GC(55)         Humongous Reclaimed            Min: 0, Avg:  0.0, Max: 0, Diff: 0, Sum: 0, Workers: 1
[2025-06-17T22:38:27.516+0300][3224][19180][debug][gc,phases] GC(55)       Redirty Logged Cards (ms):     Min:  0.0, Avg:  0.0, Max:  0.0, Diff:  0.0, Sum:  0.0, Workers: 8
[2025-06-17T22:38:27.516+0300][3224][19180][debug][gc,phases] GC(55)         Redirtied Cards:               Min: 0, Avg:  1.2, Max: 4, Diff: 4, Sum: 10, Workers: 8
[2025-06-17T22:38:27.516+0300][3224][19180][debug][gc,phases] GC(55)       Resize TLABs (ms):             Min:  0.0, Avg:  0.0, Max:  0.0, Diff:  0.0, Sum:  0.0, Workers: 8
[2025-06-17T22:38:27.516+0300][3224][19180][debug][gc,phases] GC(55)       Free Collection Set (ms):      Min:  0.2, Avg:  0.2, Max:  0.3, Diff:  0.1, Sum:  1.8, Workers: 8
[2025-06-17T22:38:27.516+0300][3224][19180][debug][gc,phases] GC(55)     Rebuild Free List: 0.1ms
[2025-06-17T22:38:27.516+0300][3224][19180][debug][gc,phases] GC(55)     Prepare For Mutator: 0.0ms
[2025-06-17T22:38:27.516+0300][3224][19180][debug][gc,phases] GC(55)     Expand Heap After Collection: 0.0ms
[2025-06-17T22:38:27.516+0300][3224][19180][info ][gc,phases] GC(55)   Other: 0.1ms
[2025-06-17T22:38:27.516+0300][3224][19180][info ][gc,heap  ] GC(55) Eden regions: 1227->0(1227)
[2025-06-17T22:38:27.516+0300][3224][19180][info ][gc,heap  ] GC(55) Survivor regions: 1->1(154)
[2025-06-17T22:38:27.516+0300][3224][19180][info ][gc,heap  ] GC(55) Old regions: 10->10
[2025-06-17T22:38:27.516+0300][3224][19180][info ][gc,heap  ] GC(55) Humongous regions: 18->18
[2025-06-17T22:38:27.516+0300][3224][19180][debug][gc,heap  ] GC(55) Heap after GC invocations=56 (full 3):
[2025-06-17T22:38:27.516+0300][3224][19180][debug][gc,heap  ] GC(55)  garbage-first heap   total 2097152K, used 22916K [0x0000000080000000, 0x0000000100000000)
[2025-06-17T22:38:27.516+0300][3224][19180][debug][gc,heap  ] GC(55)   region size 1024K, 1 young (1024K), 1 survivors (1024K)
[2025-06-17T22:38:27.516+0300][3224][19180][debug][gc,heap  ] GC(55)  Metaspace       used 8733K, committed 9792K, reserved 1114112K
[2025-06-17T22:38:27.516+0300][3224][19180][debug][gc,heap  ] GC(55)   class space    used 874K, committed 1280K, reserved 1048576K
[2025-06-17T22:38:27.516+0300][3224][19180][info ][gc       ] GC(55) Pause Young (Normal) (G1 Evacuation Pause) 1249M->22M(2048M) 3.344ms
[2025-06-17T22:38:27.516+0300][3224][19180][info ][safepoint] Safepoint "G1CollectForAllocation", Time since last: 422103300 ns, Reaching safepoint: 500400 ns, Cleanup: 13300 ns, At safepoint: 3401900 ns, Total: 3915600 ns
[2025-06-17T22:38:27.903+0300][3224][19180][debug][safepoint] Safepoint synchronization initiated using striped semaphore wait barrier. (19 threads)
[2025-06-17T22:38:27.903+0300][3224][1788 ][debug][safepoint] ... found polling page loop exception at pc = 0x00000275902b8d8d, stub =0x000002758fbb6600
[2025-06-17T22:38:27.903+0300][3224][18144][debug][safepoint] ... found polling page loop exception at pc = 0x00000275901bda60, stub =0x000002758fbb5d80
[2025-06-17T22:38:27.903+0300][3224][2424 ][debug][safepoint] ... found polling page loop exception at pc = 0x00000275901bda60, stub =0x000002758fbb5d80
[2025-06-17T22:38:27.903+0300][3224][2520 ][debug][safepoint] ... found polling page loop exception at pc = 0x00000275901bda60, stub =0x000002758fbb5d80
[2025-06-17T22:38:27.903+0300][3224][18176][debug][safepoint] ... found polling page loop exception at pc = 0x00000275901bda60, stub =0x000002758fbb5d80
[2025-06-17T22:38:27.903+0300][3224][8204 ][debug][safepoint] ... found polling page loop exception at pc = 0x00000275901bda60, stub =0x000002758fbb5d80
[2025-06-17T22:38:27.903+0300][3224][19180][debug][gc,heap  ] GC(56) Heap before GC invocations=56 (full 3):
[2025-06-17T22:38:27.903+0300][3224][19180][debug][gc,heap  ] GC(56)  garbage-first heap   total 2097152K, used 1279364K [0x0000000080000000, 0x0000000100000000)
[2025-06-17T22:38:27.903+0300][3224][19180][debug][gc,heap  ] GC(56)   region size 1024K, 1228 young (1257472K), 1 survivors (1024K)
[2025-06-17T22:38:27.903+0300][3224][19180][debug][gc,heap  ] GC(56)  Metaspace       used 8733K, committed 9792K, reserved 1114112K
[2025-06-17T22:38:27.903+0300][3224][19180][debug][gc,heap  ] GC(56)   class space    used 874K, committed 1280K, reserved 1048576K
[2025-06-17T22:38:27.907+0300][3224][19180][info ][gc,phases] GC(56)   Pre Evacuate Collection Set: 0.3ms
[2025-06-17T22:38:27.907+0300][3224][19180][debug][gc,phases] GC(56)     Pre Evacuate Prepare: 0.0ms
[2025-06-17T22:38:27.907+0300][3224][19180][debug][gc,phases] GC(56)       JT Retire TLABs And Flush Logs (ms): Min:  0.0, Avg:  0.0, Max:  0.0, Diff:  0.0, Sum:  0.0, Workers: 2
[2025-06-17T22:38:27.907+0300][3224][19180][debug][gc,phases] GC(56)       Non-JT Flush Logs (ms):        Min:  0.0, Avg:  0.0, Max:  0.0, Diff:  0.0, Sum:  0.0, Workers: 1
[2025-06-17T22:38:27.907+0300][3224][19180][debug][gc,phases] GC(56)     Choose Collection Set: 0.0ms
[2025-06-17T22:38:27.907+0300][3224][19180][debug][gc,phases] GC(56)     Region Register: 0.2ms
[2025-06-17T22:38:27.907+0300][3224][19180][debug][gc,phases] GC(56)     Prepare Heap Roots: 0.0ms
[2025-06-17T22:38:27.907+0300][3224][19180][info ][gc,phases] GC(56)   Merge Heap Roots: 0.2ms
[2025-06-17T22:38:27.907+0300][3224][19180][debug][gc,phases] GC(56)     Prepare Merge Heap Roots: 0.0ms
[2025-06-17T22:38:27.907+0300][3224][19180][debug][gc,phases] GC(56)     Remembered Sets (ms):          Min:  0.1, Avg:  0.1, Max:  0.1, Diff:  0.0, Sum:  0.9, Workers: 8
[2025-06-17T22:38:27.907+0300][3224][19180][debug][gc,phases] GC(56)       Eager Reclaim (ms):            Min:  0.0, Avg:  0.0, Max:  0.0, Diff:  0.0, Sum:  0.0, Workers: 1
[2025-06-17T22:38:27.907+0300][3224][19180][debug][gc,phases] GC(56)       Merged Inline                  Min: 0, Avg:  0.0, Max: 0, Diff: 0, Sum: 0, Workers: 8
[2025-06-17T22:38:27.907+0300][3224][19180][debug][gc,phases] GC(56)       Merged ArrayOfCards            Min: 0, Avg:  0.0, Max: 0, Diff: 0, Sum: 0, Workers: 8
[2025-06-17T22:38:27.907+0300][3224][19180][debug][gc,phases] GC(56)       Merged Howl                    Min: 0, Avg:  0.0, Max: 0, Diff: 0, Sum: 0, Workers: 8
[2025-06-17T22:38:27.907+0300][3224][19180][debug][gc,phases] GC(56)       Merged Full                    Min: 0, Avg:  0.0, Max: 0, Diff: 0, Sum: 0, Workers: 8
[2025-06-17T22:38:27.907+0300][3224][19180][debug][gc,phases] GC(56)       Merged Howl Inline             Min: 0, Avg:  0.0, Max: 0, Diff: 0, Sum: 0, Workers: 8
[2025-06-17T22:38:27.907+0300][3224][19180][debug][gc,phases] GC(56)       Merged Howl ArrayOfCards       Min: 0, Avg:  0.0, Max: 0, Diff: 0, Sum: 0, Workers: 8
[2025-06-17T22:38:27.907+0300][3224][19180][debug][gc,phases] GC(56)       Merged Howl BitMap             Min: 0, Avg:  0.0, Max: 0, Diff: 0, Sum: 0, Workers: 8
[2025-06-17T22:38:27.907+0300][3224][19180][debug][gc,phases] GC(56)       Merged Howl Full               Min: 0, Avg:  0.0, Max: 0, Diff: 0, Sum: 0, Workers: 8
[2025-06-17T22:38:27.907+0300][3224][19180][debug][gc,phases] GC(56)       Merged Cards                   Min: 8, Avg:  9.0, Max: 16, Diff: 8, Sum: 72, Workers: 8
[2025-06-17T22:38:27.907+0300][3224][19180][debug][gc,phases] GC(56)     Log Buffers (ms):              Min:  0.0, Avg:  0.0, Max:  0.0, Diff:  0.0, Sum:  0.0, Workers: 8
[2025-06-17T22:38:27.907+0300][3224][19180][debug][gc,phases] GC(56)       Dirty Cards:                   Min: 0, Avg:  1.5, Max: 9, Diff: 9, Sum: 12, Workers: 8
[2025-06-17T22:38:27.907+0300][3224][19180][debug][gc,phases] GC(56)       Skipped Cards:                 Min: 0, Avg:  0.0, Max: 0, Diff: 0, Sum: 0, Workers: 8
[2025-06-17T22:38:27.907+0300][3224][19180][info ][gc,phases] GC(56)   Evacuate Collection Set: 0.4ms
[2025-06-17T22:38:27.907+0300][3224][19180][debug][gc,phases] GC(56)     Ext Root Scanning (ms):        Min:  0.0, Avg:  0.1, Max:  0.1, Diff:  0.0, Sum:  0.4, Workers: 8
[2025-06-17T22:38:27.907+0300][3224][19180][debug][gc,phases] GC(56)     Scan Heap Roots (ms):          Min:  0.0, Avg:  0.0, Max:  0.0, Diff:  0.0, Sum:  0.1, Workers: 8
[2025-06-17T22:38:27.907+0300][3224][19180][debug][gc,phases] GC(56)       Scanned Cards:                 Min: 0, Avg:  1.5, Max: 3, Diff: 3, Sum: 12, Workers: 8
[2025-06-17T22:38:27.907+0300][3224][19180][debug][gc,phases] GC(56)       Scanned Blocks:                Min: 0, Avg:  1.4, Max: 3, Diff: 3, Sum: 11, Workers: 8
[2025-06-17T22:38:27.907+0300][3224][19180][debug][gc,phases] GC(56)       Claimed Chunks:                Min: 0, Avg:  1.1, Max: 2, Diff: 2, Sum: 9, Workers: 8
[2025-06-17T22:38:27.907+0300][3224][19180][debug][gc,phases] GC(56)       Found Roots:                   Min: 0, Avg:  1.2, Max: 3, Diff: 3, Sum: 10, Workers: 8
[2025-06-17T22:38:27.907+0300][3224][19180][debug][gc,phases] GC(56)     Code Root Scan (ms):           Min:  0.1, Avg:  0.1, Max:  0.1, Diff:  0.0, Sum:  0.8, Workers: 8
[2025-06-17T22:38:27.907+0300][3224][19180][debug][gc,phases] GC(56)       Scanned Nmethods               Min: 0, Avg:  0.0, Max: 0, Diff: 0, Sum: 0, Workers: 8
[2025-06-17T22:38:27.907+0300][3224][19180][debug][gc,phases] GC(56)     Object Copy (ms):              Min:  0.1, Avg:  0.1, Max:  0.1, Diff:  0.0, Sum:  0.7, Workers: 8
[2025-06-17T22:38:27.907+0300][3224][19180][debug][gc,phases] GC(56)     Termination (ms):              Min:  0.0, Avg:  0.0, Max:  0.0, Diff:  0.0, Sum:  0.2, Workers: 8
[2025-06-17T22:38:27.907+0300][3224][19180][debug][gc,phases] GC(56)       Termination Attempts:          Min: 1, Avg:  1.0, Max: 1, Diff: 0, Sum: 8, Workers: 8
[2025-06-17T22:38:27.907+0300][3224][19180][debug][gc,phases] GC(56)     GC Worker Other (ms):          Min:  0.1, Avg:  0.1, Max:  0.1, Diff:  0.0, Sum:  0.8, Workers: 8
[2025-06-17T22:38:27.907+0300][3224][19180][debug][gc,phases] GC(56)     GC Worker Total (ms):          Min:  0.4, Avg:  0.4, Max:  0.4, Diff:  0.0, Sum:  3.1, Workers: 8
[2025-06-17T22:38:27.907+0300][3224][19180][info ][gc,phases] GC(56)   Post Evacuate Collection Set: 0.7ms
[2025-06-17T22:38:27.907+0300][3224][19180][debug][gc,phases] GC(56)     NMethod List Cleanup: 0.0ms
[2025-06-17T22:38:27.907+0300][3224][19180][debug][gc,phases] GC(56)     Reference Processing: 0.1ms
[2025-06-17T22:38:27.907+0300][3224][19180][debug][gc,phases] GC(56)     Weak Processing: 0.1ms
[2025-06-17T22:38:27.907+0300][3224][19180][debug][gc,phases] GC(56)       VM Weak                        Min:  0.0, Avg:  0.0, Max:  0.0, Diff:  0.0, Sum:  0.0, Workers: 8
[2025-06-17T22:38:27.907+0300][3224][19180][debug][gc,phases] GC(56)         Dead                           Min: 0, Avg:  0.0, Max: 0, Diff: 0, Sum: 0, Workers: 8
[2025-06-17T22:38:27.907+0300][3224][19180][debug][gc,phases] GC(56)         Total                          Min: 0, Avg: 15.4, Max: 104, Diff: 104, Sum: 123, Workers: 8
[2025-06-17T22:38:27.907+0300][3224][19180][debug][gc,phases] GC(56)       ObjectSynchronizer Weak        Min:  0.0, Avg:  0.0, Max:  0.0, Diff:  0.0, Sum:  0.0, Workers: 8
[2025-06-17T22:38:27.907+0300][3224][19180][debug][gc,phases] GC(56)         Dead                           Min: 0, Avg:  0.0, Max: 0, Diff: 0, Sum: 0, Workers: 8
[2025-06-17T22:38:27.907+0300][3224][19180][debug][gc,phases] GC(56)         Total                          Min: 0, Avg: 18.6, Max: 64, Diff: 64, Sum: 149, Workers: 8
[2025-06-17T22:38:27.907+0300][3224][19180][debug][gc,phases] GC(56)       JVMTI Tag Weak OopStorage      Min:  0.0, Avg:  0.0, Max:  0.0, Diff:  0.0, Sum:  0.0, Workers: 8
[2025-06-17T22:38:27.907+0300][3224][19180][debug][gc,phases] GC(56)         Dead                           Min: 0, Avg:  0.0, Max: 0, Diff: 0, Sum: 0, Workers: 8
[2025-06-17T22:38:27.907+0300][3224][19180][debug][gc,phases] GC(56)         Total                          Min: 0, Avg:  0.0, Max: 0, Diff: 0, Sum: 0, Workers: 8
[2025-06-17T22:38:27.907+0300][3224][19180][debug][gc,phases] GC(56)       StringTable Weak               Min:  0.0, Avg:  0.0, Max:  0.0, Diff:  0.0, Sum:  0.1, Workers: 8
[2025-06-17T22:38:27.907+0300][3224][19180][debug][gc,phases] GC(56)         Dead                           Min: 0, Avg:  0.0, Max: 0, Diff: 0, Sum: 0, Workers: 8
[2025-06-17T22:38:27.907+0300][3224][19180][debug][gc,phases] GC(56)         Total                          Min: 640, Avg: 779.4, Max: 896, Diff: 256, Sum: 6235, Workers: 8
[2025-06-17T22:38:27.907+0300][3224][19180][debug][gc,phases] GC(56)       ResolvedMethodTable Weak       Min:  0.0, Avg:  0.0, Max:  0.0, Diff:  0.0, Sum:  0.0, Workers: 8
[2025-06-17T22:38:27.907+0300][3224][19180][debug][gc,phases] GC(56)         Dead                           Min: 0, Avg:  0.0, Max: 0, Diff: 0, Sum: 0, Workers: 8
[2025-06-17T22:38:27.907+0300][3224][19180][debug][gc,phases] GC(56)         Total                          Min: 64, Avg: 111.8, Max: 128, Diff: 64, Sum: 894, Workers: 8
[2025-06-17T22:38:27.907+0300][3224][19180][debug][gc,phases] GC(56)       JNI Weak                       Min:  0.0, Avg:  0.0, Max:  0.0, Diff:  0.0, Sum:  0.0, Workers: 8
[2025-06-17T22:38:27.907+0300][3224][19180][debug][gc,phases] GC(56)         Dead                           Min: 0, Avg:  0.0, Max: 0, Diff: 0, Sum: 0, Workers: 8
[2025-06-17T22:38:27.907+0300][3224][19180][debug][gc,phases] GC(56)         Total                          Min: 0, Avg:  0.0, Max: 0, Diff: 0, Sum: 0, Workers: 8
[2025-06-17T22:38:27.907+0300][3224][19180][debug][gc,phases] GC(56)       StringDedup Table Weak         Min:  0.0, Avg:  0.0, Max:  0.0, Diff:  0.0, Sum:  0.0, Workers: 8
[2025-06-17T22:38:27.907+0300][3224][19180][debug][gc,phases] GC(56)         Dead                           Min: 0, Avg:  0.0, Max: 0, Diff: 0, Sum: 0, Workers: 8
[2025-06-17T22:38:27.907+0300][3224][19180][debug][gc,phases] GC(56)         Total                          Min: 0, Avg:  0.0, Max: 0, Diff: 0, Sum: 0, Workers: 8
[2025-06-17T22:38:27.907+0300][3224][19180][debug][gc,phases] GC(56)       StringDedup Requests0 Weak     Min:  0.0, Avg:  0.0, Max:  0.0, Diff:  0.0, Sum:  0.0, Workers: 8
[2025-06-17T22:38:27.907+0300][3224][19180][debug][gc,phases] GC(56)         Dead                           Min: 0, Avg:  0.0, Max: 0, Diff: 0, Sum: 0, Workers: 8
[2025-06-17T22:38:27.907+0300][3224][19180][debug][gc,phases] GC(56)         Total                          Min: 0, Avg:  0.0, Max: 0, Diff: 0, Sum: 0, Workers: 8
[2025-06-17T22:38:27.907+0300][3224][19180][debug][gc,phases] GC(56)       StringDedup Requests1 Weak     Min:  0.0, Avg:  0.0, Max:  0.0, Diff:  0.0, Sum:  0.0, Workers: 8
[2025-06-17T22:38:27.907+0300][3224][19180][debug][gc,phases] GC(56)         Dead                           Min: 0, Avg:  0.0, Max: 0, Diff: 0, Sum: 0, Workers: 8
[2025-06-17T22:38:27.907+0300][3224][19180][debug][gc,phases] GC(56)         Total                          Min: 0, Avg:  0.0, Max: 0, Diff: 0, Sum: 0, Workers: 8
[2025-06-17T22:38:27.907+0300][3224][19180][debug][gc,phases] GC(56)       Weak JFR Old Object Samples    Min:  0.0, Avg:  0.0, Max:  0.0, Diff:  0.0, Sum:  0.0, Workers: 8
[2025-06-17T22:38:27.907+0300][3224][19180][debug][gc,phases] GC(56)         Dead                           Min: 0, Avg:  0.0, Max: 0, Diff: 0, Sum: 0, Workers: 8
[2025-06-17T22:38:27.907+0300][3224][19180][debug][gc,phases] GC(56)         Total                          Min: 0, Avg:  0.0, Max: 0, Diff: 0, Sum: 0, Workers: 8
[2025-06-17T22:38:27.907+0300][3224][19180][debug][gc,phases] GC(56)     Post Evacuate Cleanup 1: 0.2ms
[2025-06-17T22:38:27.907+0300][3224][19180][debug][gc,phases] GC(56)       Merge Per-Thread State (ms):   Min:  0.1, Avg:  0.1, Max:  0.1, Diff:  0.0, Sum:  0.1, Workers: 1
[2025-06-17T22:38:27.907+0300][3224][19180][debug][gc,phases] GC(56)         Copied Bytes                   Min: 63536, Avg: 89554.0, Max: 122368, Diff: 58832, Sum: 716432, Workers: 8
[2025-06-17T22:38:27.907+0300][3224][19180][debug][gc,phases] GC(56)         LAB Waste                      Min: 64, Avg: 158.0, Max: 240, Diff: 176, Sum: 1264, Workers: 8
[2025-06-17T22:38:27.907+0300][3224][19180][debug][gc,phases] GC(56)         LAB Undo Waste                 Min: 0, Avg:  0.0, Max: 0, Diff: 0, Sum: 0, Workers: 8
[2025-06-17T22:38:27.907+0300][3224][19180][debug][gc,phases] GC(56)       Clear Logged Cards (ms):       Min:  0.0, Avg:  0.1, Max:  0.1, Diff:  0.1, Sum:  0.3, Workers: 5
[2025-06-17T22:38:27.907+0300][3224][19180][debug][gc,phases] GC(56)       Recalculate Used Memory (ms):  Min:  0.0, Avg:  0.0, Max:  0.0, Diff:  0.0, Sum:  0.0, Workers: 1
[2025-06-17T22:38:27.907+0300][3224][19180][debug][gc,phases] GC(56)     Post Evacuate Cleanup 2: 0.3ms
[2025-06-17T22:38:27.907+0300][3224][19180][debug][gc,phases] GC(56)       Update Derived Pointers (ms):  Min:  0.0, Avg:  0.0, Max:  0.0, Diff:  0.0, Sum:  0.0, Workers: 1
[2025-06-17T22:38:27.907+0300][3224][19180][debug][gc,phases] GC(56)       Eagerly Reclaim Humongous Objects (ms): Min:  0.0, Avg:  0.0, Max:  0.0, Diff:  0.0, Sum:  0.0, Workers: 1
[2025-06-17T22:38:27.907+0300][3224][19180][debug][gc,phases] GC(56)         Humongous Total                Min: 6, Avg:  6.0, Max: 6, Diff: 0, Sum: 6, Workers: 1
[2025-06-17T22:38:27.907+0300][3224][19180][debug][gc,phases] GC(56)         Humongous Candidates           Min: 3, Avg:  3.0, Max: 3, Diff: 0, Sum: 3, Workers: 1
[2025-06-17T22:38:27.907+0300][3224][19180][debug][gc,phases] GC(56)         Humongous Reclaimed            Min: 0, Avg:  0.0, Max: 0, Diff: 0, Sum: 0, Workers: 1
[2025-06-17T22:38:27.907+0300][3224][19180][debug][gc,phases] GC(56)       Redirty Logged Cards (ms):     Min:  0.0, Avg:  0.0, Max:  0.0, Diff:  0.0, Sum:  0.0, Workers: 8
[2025-06-17T22:38:27.907+0300][3224][19180][debug][gc,phases] GC(56)         Redirtied Cards:               Min: 0, Avg:  1.2, Max: 6, Diff: 6, Sum: 10, Workers: 8
[2025-06-17T22:38:27.907+0300][3224][19180][debug][gc,phases] GC(56)       Resize TLABs (ms):             Min:  0.0, Avg:  0.0, Max:  0.0, Diff:  0.0, Sum:  0.0, Workers: 8
[2025-06-17T22:38:27.907+0300][3224][19180][debug][gc,phases] GC(56)       Free Collection Set (ms):      Min:  0.2, Avg:  0.2, Max:  0.2, Diff:  0.0, Sum:  1.8, Workers: 8
[2025-06-17T22:38:27.907+0300][3224][19180][debug][gc,phases] GC(56)     Rebuild Free List: 0.1ms
[2025-06-17T22:38:27.907+0300][3224][19180][debug][gc,phases] GC(56)     Prepare For Mutator: 0.0ms
[2025-06-17T22:38:27.907+0300][3224][19180][debug][gc,phases] GC(56)     Expand Heap After Collection: 0.0ms
[2025-06-17T22:38:27.907+0300][3224][19180][info ][gc,phases] GC(56)   Other: 0.1ms
[2025-06-17T22:38:27.907+0300][3224][19180][info ][gc,heap  ] GC(56) Eden regions: 1227->0(1227)
[2025-06-17T22:38:27.907+0300][3224][19180][info ][gc,heap  ] GC(56) Survivor regions: 1->1(154)
[2025-06-17T22:38:27.907+0300][3224][19180][info ][gc,heap  ] GC(56) Old regions: 10->10
[2025-06-17T22:38:27.907+0300][3224][19180][info ][gc,heap  ] GC(56) Humongous regions: 18->18
[2025-06-17T22:38:27.907+0300][3224][19180][debug][gc,heap  ] GC(56) Heap after GC invocations=57 (full 3):
[2025-06-17T22:38:27.907+0300][3224][19180][debug][gc,heap  ] GC(56)  garbage-first heap   total 2097152K, used 22905K [0x0000000080000000, 0x0000000100000000)
[2025-06-17T22:38:27.907+0300][3224][19180][debug][gc,heap  ] GC(56)   region size 1024K, 1 young (1024K), 1 survivors (1024K)
[2025-06-17T22:38:27.907+0300][3224][19180][debug][gc,heap  ] GC(56)  Metaspace       used 8733K, committed 9792K, reserved 1114112K
[2025-06-17T22:38:27.907+0300][3224][19180][debug][gc,heap  ] GC(56)   class space    used 874K, committed 1280K, reserved 1048576K
[2025-06-17T22:38:27.907+0300][3224][19180][info ][gc       ] GC(56) Pause Young (Normal) (G1 Evacuation Pause) 1249M->22M(2048M) 3.533ms
[2025-06-17T22:38:27.907+0300][3224][19180][info ][safepoint] Safepoint "G1CollectForAllocation", Time since last: 383935800 ns, Reaching safepoint: 406000 ns, Cleanup: 21800 ns, At safepoint: 3604400 ns, Total: 4032200 ns
[2025-06-17T22:38:28.285+0300][3224][19180][debug][safepoint] Safepoint synchronization initiated using striped semaphore wait barrier. (19 threads)
[2025-06-17T22:38:28.285+0300][3224][1788 ][debug][safepoint] ... found polling page loop exception at pc = 0x00000275901bda60, stub =0x000002758fbb5d80
[2025-06-17T22:38:28.285+0300][3224][18048][debug][safepoint] ... found polling page loop exception at pc = 0x00000275901d1722, stub =0x000002758fbb6600
[2025-06-17T22:38:28.285+0300][3224][8204 ][debug][safepoint] ... found polling page loop exception at pc = 0x000002759015cc07, stub =0x000002758fbb5d80
[2025-06-17T22:38:28.285+0300][3224][2424 ][debug][safepoint] ... found polling page loop exception at pc = 0x00000275901bda60, stub =0x000002758fbb5d80
[2025-06-17T22:38:28.285+0300][3224][19180][debug][gc,heap  ] GC(57) Heap before GC invocations=57 (full 3):
[2025-06-17T22:38:28.285+0300][3224][19180][debug][gc,heap  ] GC(57)  garbage-first heap   total 2097152K, used 1279353K [0x0000000080000000, 0x0000000100000000)
[2025-06-17T22:38:28.285+0300][3224][19180][debug][gc,heap  ] GC(57)   region size 1024K, 1228 young (1257472K), 1 survivors (1024K)
[2025-06-17T22:38:28.285+0300][3224][19180][debug][gc,heap  ] GC(57)  Metaspace       used 8733K, committed 9792K, reserved 1114112K
[2025-06-17T22:38:28.285+0300][3224][19180][debug][gc,heap  ] GC(57)   class space    used 874K, committed 1280K, reserved 1048576K
[2025-06-17T22:38:28.286+0300][3224][19180][info ][gc,phases] GC(57)   Pre Evacuate Collection Set: 0.3ms
[2025-06-17T22:38:28.286+0300][3224][19180][debug][gc,phases] GC(57)     Pre Evacuate Prepare: 0.0ms
[2025-06-17T22:38:28.286+0300][3224][19180][debug][gc,phases] GC(57)       JT Retire TLABs And Flush Logs (ms): Min:  0.0, Avg:  0.0, Max:  0.0, Diff:  0.0, Sum:  0.0, Workers: 2
[2025-06-17T22:38:28.286+0300][3224][19180][debug][gc,phases] GC(57)       Non-JT Flush Logs (ms):        Min:  0.0, Avg:  0.0, Max:  0.0, Diff:  0.0, Sum:  0.0, Workers: 1
[2025-06-17T22:38:28.286+0300][3224][19180][debug][gc,phases] GC(57)     Choose Collection Set: 0.0ms
[2025-06-17T22:38:28.286+0300][3224][19180][debug][gc,phases] GC(57)     Region Register: 0.3ms
[2025-06-17T22:38:28.286+0300][3224][19180][debug][gc,phases] GC(57)     Prepare Heap Roots: 0.0ms
[2025-06-17T22:38:28.286+0300][3224][19180][info ][gc,phases] GC(57)   Merge Heap Roots: 0.2ms
[2025-06-17T22:38:28.286+0300][3224][19180][debug][gc,phases] GC(57)     Prepare Merge Heap Roots: 0.0ms
[2025-06-17T22:38:28.286+0300][3224][19180][debug][gc,phases] GC(57)     Remembered Sets (ms):          Min:  0.0, Avg:  0.1, Max:  0.1, Diff:  0.1, Sum:  0.8, Workers: 8
[2025-06-17T22:38:28.286+0300][3224][19180][debug][gc,phases] GC(57)       Eager Reclaim (ms):            Min:  0.0, Avg:  0.0, Max:  0.0, Diff:  0.0, Sum:  0.0, Workers: 1
[2025-06-17T22:38:28.286+0300][3224][19180][debug][gc,phases] GC(57)       Merged Inline                  Min: 0, Avg:  0.0, Max: 0, Diff: 0, Sum: 0, Workers: 8
[2025-06-17T22:38:28.286+0300][3224][19180][debug][gc,phases] GC(57)       Merged ArrayOfCards            Min: 0, Avg:  0.0, Max: 0, Diff: 0, Sum: 0, Workers: 8
[2025-06-17T22:38:28.286+0300][3224][19180][debug][gc,phases] GC(57)       Merged Howl                    Min: 0, Avg:  0.0, Max: 0, Diff: 0, Sum: 0, Workers: 8
[2025-06-17T22:38:28.286+0300][3224][19180][debug][gc,phases] GC(57)       Merged Full                    Min: 0, Avg:  0.0, Max: 0, Diff: 0, Sum: 0, Workers: 8
[2025-06-17T22:38:28.286+0300][3224][19180][debug][gc,phases] GC(57)       Merged Howl Inline             Min: 0, Avg:  0.0, Max: 0, Diff: 0, Sum: 0, Workers: 8
[2025-06-17T22:38:28.286+0300][3224][19180][debug][gc,phases] GC(57)       Merged Howl ArrayOfCards       Min: 0, Avg:  0.0, Max: 0, Diff: 0, Sum: 0, Workers: 8
[2025-06-17T22:38:28.286+0300][3224][19180][debug][gc,phases] GC(57)       Merged Howl BitMap             Min: 0, Avg:  0.0, Max: 0, Diff: 0, Sum: 0, Workers: 8
[2025-06-17T22:38:28.286+0300][3224][19180][debug][gc,phases] GC(57)       Merged Howl Full               Min: 0, Avg:  0.0, Max: 0, Diff: 0, Sum: 0, Workers: 8
[2025-06-17T22:38:28.286+0300][3224][19180][debug][gc,phases] GC(57)       Merged Cards                   Min: 8, Avg:  9.0, Max: 16, Diff: 8, Sum: 72, Workers: 8
[2025-06-17T22:38:28.286+0300][3224][19180][debug][gc,phases] GC(57)     Log Buffers (ms):              Min:  0.0, Avg:  0.0, Max:  0.0, Diff:  0.0, Sum:  0.0, Workers: 8
[2025-06-17T22:38:28.286+0300][3224][19180][debug][gc,phases] GC(57)       Dirty Cards:                   Min: 0, Avg:  1.5, Max: 12, Diff: 12, Sum: 12, Workers: 8
[2025-06-17T22:38:28.286+0300][3224][19180][debug][gc,phases] GC(57)       Skipped Cards:                 Min: 0, Avg:  0.0, Max: 0, Diff: 0, Sum: 0, Workers: 8
[2025-06-17T22:38:28.286+0300][3224][19180][info ][gc,phases] GC(57)   Evacuate Collection Set: 0.4ms
[2025-06-17T22:38:28.286+0300][3224][19180][debug][gc,phases] GC(57)     Ext Root Scanning (ms):        Min:  0.1, Avg:  0.1, Max:  0.1, Diff:  0.0, Sum:  0.5, Workers: 8
[2025-06-17T22:38:28.286+0300][3224][19180][debug][gc,phases] GC(57)     Scan Heap Roots (ms):          Min:  0.0, Avg:  0.0, Max:  0.0, Diff:  0.0, Sum:  0.1, Workers: 8
[2025-06-17T22:38:28.286+0300][3224][19180][debug][gc,phases] GC(57)       Scanned Cards:                 Min: 0, Avg:  1.5, Max: 5, Diff: 5, Sum: 12, Workers: 8
[2025-06-17T22:38:28.286+0300][3224][19180][debug][gc,phases] GC(57)       Scanned Blocks:                Min: 0, Avg:  1.4, Max: 5, Diff: 5, Sum: 11, Workers: 8
[2025-06-17T22:38:28.286+0300][3224][19180][debug][gc,phases] GC(57)       Claimed Chunks:                Min: 0, Avg:  1.1, Max: 3, Diff: 3, Sum: 9, Workers: 8
[2025-06-17T22:38:28.286+0300][3224][19180][debug][gc,phases] GC(57)       Found Roots:                   Min: 0, Avg:  1.2, Max: 4, Diff: 4, Sum: 10, Workers: 8
[2025-06-17T22:38:28.286+0300][3224][19180][debug][gc,phases] GC(57)     Code Root Scan (ms):           Min:  0.1, Avg:  0.1, Max:  0.1, Diff:  0.0, Sum:  0.9, Workers: 8
[2025-06-17T22:38:28.286+0300][3224][19180][debug][gc,phases] GC(57)       Scanned Nmethods               Min: 0, Avg:  0.0, Max: 0, Diff: 0, Sum: 0, Workers: 8
[2025-06-17T22:38:28.286+0300][3224][19180][debug][gc,phases] GC(57)     Object Copy (ms):              Min:  0.1, Avg:  0.1, Max:  0.1, Diff:  0.0, Sum:  0.7, Workers: 8
[2025-06-17T22:38:28.286+0300][3224][19180][debug][gc,phases] GC(57)     Termination (ms):              Min:  0.0, Avg:  0.0, Max:  0.0, Diff:  0.0, Sum:  0.1, Workers: 8
[2025-06-17T22:38:28.286+0300][3224][19180][debug][gc,phases] GC(57)       Termination Attempts:          Min: 1, Avg:  1.0, Max: 1, Diff: 0, Sum: 8, Workers: 8
[2025-06-17T22:38:28.286+0300][3224][19180][debug][gc,phases] GC(57)     GC Worker Other (ms):          Min:  0.1, Avg:  0.1, Max:  0.1, Diff:  0.0, Sum:  0.9, Workers: 8
[2025-06-17T22:38:28.286+0300][3224][19180][debug][gc,phases] GC(57)     GC Worker Total (ms):          Min:  0.4, Avg:  0.4, Max:  0.4, Diff:  0.0, Sum:  3.0, Workers: 8
[2025-06-17T22:38:28.286+0300][3224][19180][info ][gc,phases] GC(57)   Post Evacuate Collection Set: 0.7ms
[2025-06-17T22:38:28.286+0300][3224][19180][debug][gc,phases] GC(57)     NMethod List Cleanup: 0.0ms
[2025-06-17T22:38:28.286+0300][3224][19180][debug][gc,phases] GC(57)     Reference Processing: 0.1ms
[2025-06-17T22:38:28.286+0300][3224][19180][debug][gc,phases] GC(57)     Weak Processing: 0.1ms
[2025-06-17T22:38:28.286+0300][3224][19180][debug][gc,phases] GC(57)       VM Weak                        Min:  0.0, Avg:  0.0, Max:  0.0, Diff:  0.0, Sum:  0.0, Workers: 8
[2025-06-17T22:38:28.286+0300][3224][19180][debug][gc,phases] GC(57)         Dead                           Min: 0, Avg:  0.0, Max: 0, Diff: 0, Sum: 0, Workers: 8
[2025-06-17T22:38:28.286+0300][3224][19180][debug][gc,phases] GC(57)         Total                          Min: 0, Avg: 15.4, Max: 85, Diff: 85, Sum: 123, Workers: 8
[2025-06-17T22:38:28.286+0300][3224][19180][debug][gc,phases] GC(57)       ObjectSynchronizer Weak        Min:  0.0, Avg:  0.0, Max:  0.0, Diff:  0.0, Sum:  0.0, Workers: 8
[2025-06-17T22:38:28.286+0300][3224][19180][debug][gc,phases] GC(57)         Dead                           Min: 0, Avg:  0.0, Max: 0, Diff: 0, Sum: 0, Workers: 8
[2025-06-17T22:38:28.286+0300][3224][19180][debug][gc,phases] GC(57)         Total                          Min: 0, Avg: 18.6, Max: 85, Diff: 85, Sum: 149, Workers: 8
[2025-06-17T22:38:28.286+0300][3224][19180][debug][gc,phases] GC(57)       JVMTI Tag Weak OopStorage      Min:  0.0, Avg:  0.0, Max:  0.0, Diff:  0.0, Sum:  0.0, Workers: 8
[2025-06-17T22:38:28.286+0300][3224][19180][debug][gc,phases] GC(57)         Dead                           Min: 0, Avg:  0.0, Max: 0, Diff: 0, Sum: 0, Workers: 8
[2025-06-17T22:38:28.286+0300][3224][19180][debug][gc,phases] GC(57)         Total                          Min: 0, Avg:  0.0, Max: 0, Diff: 0, Sum: 0, Workers: 8
[2025-06-17T22:38:28.286+0300][3224][19180][debug][gc,phases] GC(57)       StringTable Weak               Min:  0.0, Avg:  0.0, Max:  0.0, Diff:  0.0, Sum:  0.1, Workers: 8
[2025-06-17T22:38:28.286+0300][3224][19180][debug][gc,phases] GC(57)         Dead                           Min: 0, Avg:  0.0, Max: 0, Diff: 0, Sum: 0, Workers: 8
[2025-06-17T22:38:28.286+0300][3224][19180][debug][gc,phases] GC(57)         Total                          Min: 0, Avg: 779.4, Max: 1152, Diff: 1152, Sum: 6235, Workers: 8
[2025-06-17T22:38:28.286+0300][3224][19180][debug][gc,phases] GC(57)       ResolvedMethodTable Weak       Min:  0.0, Avg:  0.0, Max:  0.0, Diff:  0.0, Sum:  0.0, Workers: 8
[2025-06-17T22:38:28.286+0300][3224][19180][debug][gc,phases] GC(57)         Dead                           Min: 0, Avg:  0.0, Max: 0, Diff: 0, Sum: 0, Workers: 8
[2025-06-17T22:38:28.286+0300][3224][19180][debug][gc,phases] GC(57)         Total                          Min: 0, Avg: 111.8, Max: 128, Diff: 128, Sum: 894, Workers: 8
[2025-06-17T22:38:28.286+0300][3224][19180][debug][gc,phases] GC(57)       JNI Weak                       Min:  0.0, Avg:  0.0, Max:  0.0, Diff:  0.0, Sum:  0.0, Workers: 8
[2025-06-17T22:38:28.286+0300][3224][19180][debug][gc,phases] GC(57)         Dead                           Min: 0, Avg:  0.0, Max: 0, Diff: 0, Sum: 0, Workers: 8
[2025-06-17T22:38:28.286+0300][3224][19180][debug][gc,phases] GC(57)         Total                          Min: 0, Avg:  0.0, Max: 0, Diff: 0, Sum: 0, Workers: 8
[2025-06-17T22:38:28.286+0300][3224][19180][debug][gc,phases] GC(57)       StringDedup Table Weak         Min:  0.0, Avg:  0.0, Max:  0.0, Diff:  0.0, Sum:  0.0, Workers: 8
[2025-06-17T22:38:28.286+0300][3224][19180][debug][gc,phases] GC(57)         Dead                           Min: 0, Avg:  0.0, Max: 0, Diff: 0, Sum: 0, Workers: 8
[2025-06-17T22:38:28.286+0300][3224][19180][debug][gc,phases] GC(57)         Total                          Min: 0, Avg:  0.0, Max: 0, Diff: 0, Sum: 0, Workers: 8
[2025-06-17T22:38:28.286+0300][3224][19180][debug][gc,phases] GC(57)       StringDedup Requests0 Weak     Min:  0.0, Avg:  0.0, Max:  0.0, Diff:  0.0, Sum:  0.0, Workers: 8
[2025-06-17T22:38:28.286+0300][3224][19180][debug][gc,phases] GC(57)         Dead                           Min: 0, Avg:  0.0, Max: 0, Diff: 0, Sum: 0, Workers: 8
[2025-06-17T22:38:28.286+0300][3224][19180][debug][gc,phases] GC(57)         Total                          Min: 0, Avg:  0.0, Max: 0, Diff: 0, Sum: 0, Workers: 8
[2025-06-17T22:38:28.286+0300][3224][19180][debug][gc,phases] GC(57)       StringDedup Requests1 Weak     Min:  0.0, Avg:  0.0, Max:  0.0, Diff:  0.0, Sum:  0.0, Workers: 8
[2025-06-17T22:38:28.286+0300][3224][19180][debug][gc,phases] GC(57)         Dead                           Min: 0, Avg:  0.0, Max: 0, Diff: 0, Sum: 0, Workers: 8
[2025-06-17T22:38:28.286+0300][3224][19180][debug][gc,phases] GC(57)         Total                          Min: 0, Avg:  0.0, Max: 0, Diff: 0, Sum: 0, Workers: 8
[2025-06-17T22:38:28.286+0300][3224][19180][debug][gc,phases] GC(57)       Weak JFR Old Object Samples    Min:  0.0, Avg:  0.0, Max:  0.0, Diff:  0.0, Sum:  0.0, Workers: 8
[2025-06-17T22:38:28.286+0300][3224][19180][debug][gc,phases] GC(57)         Dead                           Min: 0, Avg:  0.0, Max: 0, Diff: 0, Sum: 0, Workers: 8
[2025-06-17T22:38:28.286+0300][3224][19180][debug][gc,phases] GC(57)         Total                          Min: 0, Avg:  0.0, Max: 0, Diff: 0, Sum: 0, Workers: 8
[2025-06-17T22:38:28.286+0300][3224][19180][debug][gc,phases] GC(57)     Post Evacuate Cleanup 1: 0.2ms
[2025-06-17T22:38:28.286+0300][3224][19180][debug][gc,phases] GC(57)       Merge Per-Thread State (ms):   Min:  0.0, Avg:  0.0, Max:  0.0, Diff:  0.0, Sum:  0.0, Workers: 1
[2025-06-17T22:38:28.286+0300][3224][19180][debug][gc,phases] GC(57)         Copied Bytes                   Min: 81896, Avg: 87550.0, Max: 93600, Diff: 11704, Sum: 700400, Workers: 8
[2025-06-17T22:38:28.286+0300][3224][19180][debug][gc,phases] GC(57)         LAB Waste                      Min: 96, Avg: 177.0, Max: 288, Diff: 192, Sum: 1416, Workers: 8
[2025-06-17T22:38:28.286+0300][3224][19180][debug][gc,phases] GC(57)         LAB Undo Waste                 Min: 0, Avg:  0.0, Max: 0, Diff: 0, Sum: 0, Workers: 8
[2025-06-17T22:38:28.286+0300][3224][19180][debug][gc,phases] GC(57)       Clear Logged Cards (ms):       Min:  0.0, Avg:  0.1, Max:  0.1, Diff:  0.1, Sum:  0.3, Workers: 5
[2025-06-17T22:38:28.286+0300][3224][19180][debug][gc,phases] GC(57)       Recalculate Used Memory (ms):  Min:  0.0, Avg:  0.0, Max:  0.0, Diff:  0.0, Sum:  0.0, Workers: 1
[2025-06-17T22:38:28.286+0300][3224][19180][debug][gc,phases] GC(57)     Post Evacuate Cleanup 2: 0.3ms
[2025-06-17T22:38:28.286+0300][3224][19180][debug][gc,phases] GC(57)       Update Derived Pointers (ms):  Min:  0.0, Avg:  0.0, Max:  0.0, Diff:  0.0, Sum:  0.0, Workers: 1
[2025-06-17T22:38:28.286+0300][3224][19180][debug][gc,phases] GC(57)       Eagerly Reclaim Humongous Objects (ms): Min:  0.0, Avg:  0.0, Max:  0.0, Diff:  0.0, Sum:  0.0, Workers: 1
[2025-06-17T22:38:28.286+0300][3224][19180][debug][gc,phases] GC(57)         Humongous Total                Min: 6, Avg:  6.0, Max: 6, Diff: 0, Sum: 6, Workers: 1
[2025-06-17T22:38:28.286+0300][3224][19180][debug][gc,phases] GC(57)         Humongous Candidates           Min: 3, Avg:  3.0, Max: 3, Diff: 0, Sum: 3, Workers: 1
[2025-06-17T22:38:28.286+0300][3224][19180][debug][gc,phases] GC(57)         Humongous Reclaimed            Min: 0, Avg:  0.0, Max: 0, Diff: 0, Sum: 0, Workers: 1
[2025-06-17T22:38:28.286+0300][3224][19180][debug][gc,phases] GC(57)       Redirty Logged Cards (ms):     Min:  0.0, Avg:  0.0, Max:  0.0, Diff:  0.0, Sum:  0.0, Workers: 8
[2025-06-17T22:38:28.286+0300][3224][19180][debug][gc,phases] GC(57)         Redirtied Cards:               Min: 0, Avg:  2.5, Max: 7, Diff: 7, Sum: 20, Workers: 8
[2025-06-17T22:38:28.286+0300][3224][19180][debug][gc,phases] GC(57)       Resize TLABs (ms):             Min:  0.0, Avg:  0.0, Max:  0.0, Diff:  0.0, Sum:  0.0, Workers: 8
[2025-06-17T22:38:28.286+0300][3224][19180][debug][gc,phases] GC(57)       Free Collection Set (ms):      Min:  0.2, Avg:  0.2, Max:  0.2, Diff:  0.0, Sum:  1.8, Workers: 8
[2025-06-17T22:38:28.286+0300][3224][19180][debug][gc,phases] GC(57)     Rebuild Free List: 0.1ms
[2025-06-17T22:38:28.286+0300][3224][19180][debug][gc,phases] GC(57)     Prepare For Mutator: 0.0ms
[2025-06-17T22:38:28.286+0300][3224][19180][debug][gc,phases] GC(57)     Expand Heap After Collection: 0.0ms
[2025-06-17T22:38:28.286+0300][3224][19180][info ][gc,phases] GC(57)   Other: 0.1ms
[2025-06-17T22:38:28.286+0300][3224][19180][info ][gc,heap  ] GC(57) Eden regions: 1227->0(1227)
[2025-06-17T22:38:28.286+0300][3224][19180][info ][gc,heap  ] GC(57) Survivor regions: 1->1(154)
[2025-06-17T22:38:28.286+0300][3224][19180][info ][gc,heap  ] GC(57) Old regions: 10->11
[2025-06-17T22:38:28.286+0300][3224][19180][info ][gc,heap  ] GC(57) Humongous regions: 18->18
[2025-06-17T22:38:28.286+0300][3224][19180][debug][gc,heap  ] GC(57) Heap after GC invocations=58 (full 3):
[2025-06-17T22:38:28.286+0300][3224][19180][debug][gc,heap  ] GC(57)  garbage-first heap   total 2097152K, used 22901K [0x0000000080000000, 0x0000000100000000)
[2025-06-17T22:38:28.286+0300][3224][19180][debug][gc,heap  ] GC(57)   region size 1024K, 1 young (1024K), 1 survivors (1024K)
[2025-06-17T22:38:28.286+0300][3224][19180][debug][gc,heap  ] GC(57)  Metaspace       used 8733K, committed 9792K, reserved 1114112K
[2025-06-17T22:38:28.286+0300][3224][19180][debug][gc,heap  ] GC(57)   class space    used 874K, committed 1280K, reserved 1048576K
[2025-06-17T22:38:28.286+0300][3224][19180][info ][gc       ] GC(57) Pause Young (Normal) (G1 Evacuation Pause) 1249M->22M(2048M) 3.412ms
[2025-06-17T22:38:28.286+0300][3224][19180][info ][safepoint] Safepoint "G1CollectForAllocation", Time since last: 376969600 ns, Reaching safepoint: 352400 ns, Cleanup: 5600 ns, At safepoint: 3464300 ns, Total: 3822300 ns
[2025-06-17T22:38:28.684+0300][3224][19180][debug][safepoint] Safepoint synchronization initiated using striped semaphore wait barrier. (19 threads)
[2025-06-17T22:38:28.684+0300][3224][1788 ][debug][safepoint] ... found polling page loop exception at pc = 0x00000275901bda60, stub =0x000002758fbb5d80
[2025-06-17T22:38:28.684+0300][3224][18144][debug][safepoint] ... found polling page loop exception at pc = 0x000002759015cc07, stub =0x000002758fbb5d80
[2025-06-17T22:38:28.684+0300][3224][18048][debug][safepoint] ... found polling page loop exception at pc = 0x00000275901bda60, stub =0x000002758fbb5d80
[2025-06-17T22:38:28.684+0300][3224][18176][debug][safepoint] ... found polling page loop exception at pc = 0x000002759015cab0, stub =0x000002758fbb5d80
[2025-06-17T22:38:28.684+0300][3224][19180][debug][gc,heap  ] GC(58) Heap before GC invocations=58 (full 3):
[2025-06-17T22:38:28.684+0300][3224][19180][debug][gc,heap  ] GC(58)  garbage-first heap   total 2097152K, used 1279349K [0x0000000080000000, 0x0000000100000000)
[2025-06-17T22:38:28.684+0300][3224][19180][debug][gc,heap  ] GC(58)   region size 1024K, 1228 young (1257472K), 1 survivors (1024K)
[2025-06-17T22:38:28.684+0300][3224][19180][debug][gc,heap  ] GC(58)  Metaspace       used 8733K, committed 9792K, reserved 1114112K
[2025-06-17T22:38:28.684+0300][3224][19180][debug][gc,heap  ] GC(58)   class space    used 874K, committed 1280K, reserved 1048576K
[2025-06-17T22:38:28.684+0300][3224][19180][info ][gc,phases] GC(58)   Pre Evacuate Collection Set: 0.3ms
[2025-06-17T22:38:28.684+0300][3224][19180][debug][gc,phases] GC(58)     Pre Evacuate Prepare: 0.1ms
[2025-06-17T22:38:28.684+0300][3224][19180][debug][gc,phases] GC(58)       JT Retire TLABs And Flush Logs (ms): Min:  0.0, Avg:  0.0, Max:  0.0, Diff:  0.0, Sum:  0.0, Workers: 2
[2025-06-17T22:38:28.684+0300][3224][19180][debug][gc,phases] GC(58)       Non-JT Flush Logs (ms):        Min:  0.0, Avg:  0.0, Max:  0.0, Diff:  0.0, Sum:  0.0, Workers: 1
[2025-06-17T22:38:28.684+0300][3224][19180][debug][gc,phases] GC(58)     Choose Collection Set: 0.0ms
[2025-06-17T22:38:28.684+0300][3224][19180][debug][gc,phases] GC(58)     Region Register: 0.3ms
[2025-06-17T22:38:28.684+0300][3224][19180][debug][gc,phases] GC(58)     Prepare Heap Roots: 0.0ms
[2025-06-17T22:38:28.684+0300][3224][19180][info ][gc,phases] GC(58)   Merge Heap Roots: 0.2ms
[2025-06-17T22:38:28.684+0300][3224][19180][debug][gc,phases] GC(58)     Prepare Merge Heap Roots: 0.0ms
[2025-06-17T22:38:28.684+0300][3224][19180][debug][gc,phases] GC(58)     Remembered Sets (ms):          Min:  0.1, Avg:  0.1, Max:  0.1, Diff:  0.0, Sum:  1.0, Workers: 8
[2025-06-17T22:38:28.684+0300][3224][19180][debug][gc,phases] GC(58)       Eager Reclaim (ms):            Min:  0.0, Avg:  0.0, Max:  0.0, Diff:  0.0, Sum:  0.0, Workers: 1
[2025-06-17T22:38:28.684+0300][3224][19180][debug][gc,phases] GC(58)       Merged Inline                  Min: 0, Avg:  0.0, Max: 0, Diff: 0, Sum: 0, Workers: 8
[2025-06-17T22:38:28.684+0300][3224][19180][debug][gc,phases] GC(58)       Merged ArrayOfCards            Min: 0, Avg:  0.0, Max: 0, Diff: 0, Sum: 0, Workers: 8
[2025-06-17T22:38:28.684+0300][3224][19180][debug][gc,phases] GC(58)       Merged Howl                    Min: 0, Avg:  0.0, Max: 0, Diff: 0, Sum: 0, Workers: 8
[2025-06-17T22:38:28.684+0300][3224][19180][debug][gc,phases] GC(58)       Merged Full                    Min: 0, Avg:  0.0, Max: 0, Diff: 0, Sum: 0, Workers: 8
[2025-06-17T22:38:28.684+0300][3224][19180][debug][gc,phases] GC(58)       Merged Howl Inline             Min: 0, Avg:  0.0, Max: 0, Diff: 0, Sum: 0, Workers: 8
[2025-06-17T22:38:28.684+0300][3224][19180][debug][gc,phases] GC(58)       Merged Howl ArrayOfCards       Min: 0, Avg:  0.0, Max: 0, Diff: 0, Sum: 0, Workers: 8
[2025-06-17T22:38:28.684+0300][3224][19180][debug][gc,phases] GC(58)       Merged Howl BitMap             Min: 0, Avg:  0.0, Max: 0, Diff: 0, Sum: 0, Workers: 8
[2025-06-17T22:38:28.684+0300][3224][19180][debug][gc,phases] GC(58)       Merged Howl Full               Min: 0, Avg:  0.0, Max: 0, Diff: 0, Sum: 0, Workers: 8
[2025-06-17T22:38:28.684+0300][3224][19180][debug][gc,phases] GC(58)       Merged Cards                   Min: 8, Avg:  9.0, Max: 16, Diff: 8, Sum: 72, Workers: 8
[2025-06-17T22:38:28.684+0300][3224][19180][debug][gc,phases] GC(58)     Log Buffers (ms):              Min:  0.0, Avg:  0.0, Max:  0.0, Diff:  0.0, Sum:  0.0, Workers: 8
[2025-06-17T22:38:28.684+0300][3224][19180][debug][gc,phases] GC(58)       Dirty Cards:                   Min: 0, Avg:  2.9, Max: 12, Diff: 12, Sum: 23, Workers: 8
[2025-06-17T22:38:28.684+0300][3224][19180][debug][gc,phases] GC(58)       Skipped Cards:                 Min: 0, Avg:  0.0, Max: 0, Diff: 0, Sum: 0, Workers: 8
[2025-06-17T22:38:28.684+0300][3224][19180][info ][gc,phases] GC(58)   Evacuate Collection Set: 0.7ms
[2025-06-17T22:38:28.684+0300][3224][19180][debug][gc,phases] GC(58)     Ext Root Scanning (ms):        Min:  0.0, Avg:  0.1, Max:  0.1, Diff:  0.1, Sum:  0.5, Workers: 8
[2025-06-17T22:38:28.684+0300][3224][19180][debug][gc,phases] GC(58)     Scan Heap Roots (ms):          Min:  0.0, Avg:  0.0, Max:  0.0, Diff:  0.0, Sum:  0.1, Workers: 8
[2025-06-17T22:38:28.684+0300][3224][19180][debug][gc,phases] GC(58)       Scanned Cards:                 Min: 0, Avg:  2.4, Max: 6, Diff: 6, Sum: 19, Workers: 8
[2025-06-17T22:38:28.684+0300][3224][19180][debug][gc,phases] GC(58)       Scanned Blocks:                Min: 0, Avg:  1.9, Max: 4, Diff: 4, Sum: 15, Workers: 8
[2025-06-17T22:38:28.684+0300][3224][19180][debug][gc,phases] GC(58)       Claimed Chunks:                Min: 0, Avg:  1.2, Max: 3, Diff: 3, Sum: 10, Workers: 8
[2025-06-17T22:38:28.684+0300][3224][19180][debug][gc,phases] GC(58)       Found Roots:                   Min: 0, Avg: 15.0, Max: 60, Diff: 60, Sum: 120, Workers: 8
[2025-06-17T22:38:28.684+0300][3224][19180][debug][gc,phases] GC(58)     Code Root Scan (ms):           Min:  0.1, Avg:  0.1, Max:  0.1, Diff:  0.0, Sum:  0.8, Workers: 8
[2025-06-17T22:38:28.684+0300][3224][19180][debug][gc,phases] GC(58)       Scanned Nmethods               Min: 0, Avg:  0.0, Max: 0, Diff: 0, Sum: 0, Workers: 8
[2025-06-17T22:38:28.684+0300][3224][19180][debug][gc,phases] GC(58)     Object Copy (ms):              Min:  0.0, Avg:  0.1, Max:  0.1, Diff:  0.1, Sum:  0.5, Workers: 8
[2025-06-17T22:38:28.684+0300][3224][19180][debug][gc,phases] GC(58)     Termination (ms):              Min:  0.0, Avg:  0.2, Max:  0.3, Diff:  0.2, Sum:  1.7, Workers: 8
[2025-06-17T22:38:28.684+0300][3224][19180][debug][gc,phases] GC(58)       Termination Attempts:          Min: 1, Avg:  1.0, Max: 1, Diff: 0, Sum: 8, Workers: 8
[2025-06-17T22:38:28.684+0300][3224][19180][debug][gc,phases] GC(58)     GC Worker Other (ms):          Min:  0.1, Avg:  0.1, Max:  0.1, Diff:  0.0, Sum:  0.8, Workers: 8
[2025-06-17T22:38:28.684+0300][3224][19180][debug][gc,phases] GC(58)     GC Worker Total (ms):          Min:  0.2, Avg:  0.6, Max:  0.6, Diff:  0.4, Sum:  4.4, Workers: 8
[2025-06-17T22:38:28.684+0300][3224][19180][info ][gc,phases] GC(58)   Post Evacuate Collection Set: 0.8ms
[2025-06-17T22:38:28.684+0300][3224][19180][debug][gc,phases] GC(58)     NMethod List Cleanup: 0.0ms
[2025-06-17T22:38:28.684+0300][3224][19180][debug][gc,phases] GC(58)     Reference Processing: 0.1ms
[2025-06-17T22:38:28.684+0300][3224][19180][debug][gc,phases] GC(58)     Weak Processing: 0.1ms
[2025-06-17T22:38:28.684+0300][3224][19180][debug][gc,phases] GC(58)       VM Weak                        Min:  0.0, Avg:  0.0, Max:  0.0, Diff:  0.0, Sum:  0.0, Workers: 8
[2025-06-17T22:38:28.684+0300][3224][19180][debug][gc,phases] GC(58)         Dead                           Min: 0, Avg:  0.0, Max: 0, Diff: 0, Sum: 0, Workers: 8
[2025-06-17T22:38:28.684+0300][3224][19180][debug][gc,phases] GC(58)         Total                          Min: 0, Avg: 15.4, Max: 123, Diff: 123, Sum: 123, Workers: 8
[2025-06-17T22:38:28.684+0300][3224][19180][debug][gc,phases] GC(58)       ObjectSynchronizer Weak        Min:  0.0, Avg:  0.0, Max:  0.0, Diff:  0.0, Sum:  0.0, Workers: 8
[2025-06-17T22:38:28.684+0300][3224][19180][debug][gc,phases] GC(58)         Dead                           Min: 0, Avg:  0.0, Max: 0, Diff: 0, Sum: 0, Workers: 8
[2025-06-17T22:38:28.684+0300][3224][19180][debug][gc,phases] GC(58)         Total                          Min: 0, Avg: 18.6, Max: 64, Diff: 64, Sum: 149, Workers: 8
[2025-06-17T22:38:28.684+0300][3224][19180][debug][gc,phases] GC(58)       JVMTI Tag Weak OopStorage      Min:  0.0, Avg:  0.0, Max:  0.0, Diff:  0.0, Sum:  0.0, Workers: 8
[2025-06-17T22:38:28.684+0300][3224][19180][debug][gc,phases] GC(58)         Dead                           Min: 0, Avg:  0.0, Max: 0, Diff: 0, Sum: 0, Workers: 8
[2025-06-17T22:38:28.684+0300][3224][19180][debug][gc,phases] GC(58)         Total                          Min: 0, Avg:  0.0, Max: 0, Diff: 0, Sum: 0, Workers: 8
[2025-06-17T22:38:28.684+0300][3224][19180][debug][gc,phases] GC(58)       StringTable Weak               Min:  0.0, Avg:  0.0, Max:  0.0, Diff:  0.0, Sum:  0.1, Workers: 8
[2025-06-17T22:38:28.684+0300][3224][19180][debug][gc,phases] GC(58)         Dead                           Min: 0, Avg:  0.0, Max: 0, Diff: 0, Sum: 0, Workers: 8
[2025-06-17T22:38:28.684+0300][3224][19180][debug][gc,phases] GC(58)         Total                          Min: 0, Avg: 779.4, Max: 1307, Diff: 1307, Sum: 6235, Workers: 8
[2025-06-17T22:38:28.684+0300][3224][19180][debug][gc,phases] GC(58)       ResolvedMethodTable Weak       Min:  0.0, Avg:  0.0, Max:  0.0, Diff:  0.0, Sum:  0.0, Workers: 8
[2025-06-17T22:38:28.684+0300][3224][19180][debug][gc,phases] GC(58)         Dead                           Min: 0, Avg:  0.0, Max: 0, Diff: 0, Sum: 0, Workers: 8
[2025-06-17T22:38:28.684+0300][3224][19180][debug][gc,phases] GC(58)         Total                          Min: 0, Avg: 111.8, Max: 191, Diff: 191, Sum: 894, Workers: 8
[2025-06-17T22:38:28.684+0300][3224][19180][debug][gc,phases] GC(58)       JNI Weak                       Min:  0.0, Avg:  0.0, Max:  0.0, Diff:  0.0, Sum:  0.0, Workers: 8
[2025-06-17T22:38:28.684+0300][3224][19180][debug][gc,phases] GC(58)         Dead                           Min: 0, Avg:  0.0, Max: 0, Diff: 0, Sum: 0, Workers: 8
[2025-06-17T22:38:28.684+0300][3224][19180][debug][gc,phases] GC(58)         Total                          Min: 0, Avg:  0.0, Max: 0, Diff: 0, Sum: 0, Workers: 8
[2025-06-17T22:38:28.684+0300][3224][19180][debug][gc,phases] GC(58)       StringDedup Table Weak         Min:  0.0, Avg:  0.0, Max:  0.0, Diff:  0.0, Sum:  0.0, Workers: 8
[2025-06-17T22:38:28.684+0300][3224][19180][debug][gc,phases] GC(58)         Dead                           Min: 0, Avg:  0.0, Max: 0, Diff: 0, Sum: 0, Workers: 8
[2025-06-17T22:38:28.684+0300][3224][19180][debug][gc,phases] GC(58)         Total                          Min: 0, Avg:  0.0, Max: 0, Diff: 0, Sum: 0, Workers: 8
[2025-06-17T22:38:28.684+0300][3224][19180][debug][gc,phases] GC(58)       StringDedup Requests0 Weak     Min:  0.0, Avg:  0.0, Max:  0.0, Diff:  0.0, Sum:  0.0, Workers: 8
[2025-06-17T22:38:28.684+0300][3224][19180][debug][gc,phases] GC(58)         Dead                           Min: 0, Avg:  0.0, Max: 0, Diff: 0, Sum: 0, Workers: 8
[2025-06-17T22:38:28.684+0300][3224][19180][debug][gc,phases] GC(58)         Total                          Min: 0, Avg:  0.0, Max: 0, Diff: 0, Sum: 0, Workers: 8
[2025-06-17T22:38:28.684+0300][3224][19180][debug][gc,phases] GC(58)       StringDedup Requests1 Weak     Min:  0.0, Avg:  0.0, Max:  0.0, Diff:  0.0, Sum:  0.0, Workers: 8
[2025-06-17T22:38:28.684+0300][3224][19180][debug][gc,phases] GC(58)         Dead                           Min: 0, Avg:  0.0, Max: 0, Diff: 0, Sum: 0, Workers: 8
[2025-06-17T22:38:28.684+0300][3224][19180][debug][gc,phases] GC(58)         Total                          Min: 0, Avg:  0.0, Max: 0, Diff: 0, Sum: 0, Workers: 8
[2025-06-17T22:38:28.684+0300][3224][19180][debug][gc,phases] GC(58)       Weak JFR Old Object Samples    Min:  0.0, Avg:  0.0, Max:  0.0, Diff:  0.0, Sum:  0.0, Workers: 8
[2025-06-17T22:38:28.684+0300][3224][19180][debug][gc,phases] GC(58)         Dead                           Min: 0, Avg:  0.0, Max: 0, Diff: 0, Sum: 0, Workers: 8
[2025-06-17T22:38:28.684+0300][3224][19180][debug][gc,phases] GC(58)         Total                          Min: 0, Avg:  0.0, Max: 0, Diff: 0, Sum: 0, Workers: 8
[2025-06-17T22:38:28.684+0300][3224][19180][debug][gc,phases] GC(58)     Post Evacuate Cleanup 1: 0.2ms
[2025-06-17T22:38:28.684+0300][3224][19180][debug][gc,phases] GC(58)       Merge Per-Thread State (ms):   Min:  0.1, Avg:  0.1, Max:  0.1, Diff:  0.0, Sum:  0.1, Workers: 1
[2025-06-17T22:38:28.684+0300][3224][19180][debug][gc,phases] GC(58)         Copied Bytes                   Min: 0, Avg: 56320.0, Max: 106848, Diff: 106848, Sum: 450560, Workers: 8
[2025-06-17T22:38:28.684+0300][3224][19180][debug][gc,phases] GC(58)         LAB Waste                      Min: 0, Avg: 93.0, Max: 168, Diff: 168, Sum: 744, Workers: 8
[2025-06-17T22:38:28.684+0300][3224][19180][debug][gc,phases] GC(58)         LAB Undo Waste                 Min: 0, Avg:  0.0, Max: 0, Diff: 0, Sum: 0, Workers: 8
[2025-06-17T22:38:28.684+0300][3224][19180][debug][gc,phases] GC(58)       Clear Logged Cards (ms):       Min:  0.0, Avg:  0.1, Max:  0.2, Diff:  0.2, Sum:  0.4, Workers: 5
[2025-06-17T22:38:28.684+0300][3224][19180][debug][gc,phases] GC(58)       Recalculate Used Memory (ms):  Min:  0.0, Avg:  0.0, Max:  0.0, Diff:  0.0, Sum:  0.0, Workers: 1
[2025-06-17T22:38:28.684+0300][3224][19180][debug][gc,phases] GC(58)     Post Evacuate Cleanup 2: 0.3ms
[2025-06-17T22:38:28.684+0300][3224][19180][debug][gc,phases] GC(58)       Update Derived Pointers (ms):  Min:  0.0, Avg:  0.0, Max:  0.0, Diff:  0.0, Sum:  0.0, Workers: 1
[2025-06-17T22:38:28.684+0300][3224][19180][debug][gc,phases] GC(58)       Eagerly Reclaim Humongous Objects (ms): Min:  0.0, Avg:  0.0, Max:  0.0, Diff:  0.0, Sum:  0.0, Workers: 1
[2025-06-17T22:38:28.684+0300][3224][19180][debug][gc,phases] GC(58)         Humongous Total                Min: 6, Avg:  6.0, Max: 6, Diff: 0, Sum: 6, Workers: 1
[2025-06-17T22:38:28.684+0300][3224][19180][debug][gc,phases] GC(58)         Humongous Candidates           Min: 3, Avg:  3.0, Max: 3, Diff: 0, Sum: 3, Workers: 1
[2025-06-17T22:38:28.684+0300][3224][19180][debug][gc,phases] GC(58)         Humongous Reclaimed            Min: 0, Avg:  0.0, Max: 0, Diff: 0, Sum: 0, Workers: 1
[2025-06-17T22:38:28.684+0300][3224][19180][debug][gc,phases] GC(58)       Redirty Logged Cards (ms):     Min:  0.0, Avg:  0.0, Max:  0.0, Diff:  0.0, Sum:  0.0, Workers: 8
[2025-06-17T22:38:28.684+0300][3224][19180][debug][gc,phases] GC(58)         Redirtied Cards:               Min: 0, Avg:  2.5, Max: 20, Diff: 20, Sum: 20, Workers: 8
[2025-06-17T22:38:28.684+0300][3224][19180][debug][gc,phases] GC(58)       Resize TLABs (ms):             Min:  0.0, Avg:  0.0, Max:  0.0, Diff:  0.0, Sum:  0.0, Workers: 8
[2025-06-17T22:38:28.684+0300][3224][19180][debug][gc,phases] GC(58)       Free Collection Set (ms):      Min:  0.0, Avg:  0.2, Max:  0.3, Diff:  0.2, Sum:  1.8, Workers: 8
[2025-06-17T22:38:28.684+0300][3224][19180][debug][gc,phases] GC(58)     Rebuild Free List: 0.1ms
[2025-06-17T22:38:28.684+0300][3224][19180][debug][gc,phases] GC(58)     Prepare For Mutator: 0.0ms
[2025-06-17T22:38:28.684+0300][3224][19180][debug][gc,phases] GC(58)     Expand Heap After Collection: 0.0ms
[2025-06-17T22:38:28.684+0300][3224][19180][info ][gc,phases] GC(58)   Other: 0.1ms
[2025-06-17T22:38:28.684+0300][3224][19180][info ][gc,heap  ] GC(58) Eden regions: 1227->0(1227)
[2025-06-17T22:38:28.684+0300][3224][19180][info ][gc,heap  ] GC(58) Survivor regions: 1->1(154)
[2025-06-17T22:38:28.684+0300][3224][19180][info ][gc,heap  ] GC(58) Old regions: 11->11
[2025-06-17T22:38:28.684+0300][3224][19180][info ][gc,heap  ] GC(58) Humongous regions: 18->18
[2025-06-17T22:38:28.684+0300][3224][19180][debug][gc,heap  ] GC(58) Heap after GC invocations=59 (full 3):
[2025-06-17T22:38:28.684+0300][3224][19180][debug][gc,heap  ] GC(58)  garbage-first heap   total 2097152K, used 22886K [0x0000000080000000, 0x0000000100000000)
[2025-06-17T22:38:28.684+0300][3224][19180][debug][gc,heap  ] GC(58)   region size 1024K, 1 young (1024K), 1 survivors (1024K)
[2025-06-17T22:38:28.684+0300][3224][19180][debug][gc,heap  ] GC(58)  Metaspace       used 8733K, committed 9792K, reserved 1114112K
[2025-06-17T22:38:28.684+0300][3224][19180][debug][gc,heap  ] GC(58)   class space    used 874K, committed 1280K, reserved 1048576K
[2025-06-17T22:38:28.684+0300][3224][19180][info ][gc       ] GC(58) Pause Young (Normal) (G1 Evacuation Pause) 1249M->22M(2048M) 5.195ms
[2025-06-17T22:38:28.684+0300][3224][19180][info ][safepoint] Safepoint "G1CollectForAllocation", Time since last: 395551600 ns, Reaching safepoint: 305800 ns, Cleanup: 6900 ns, At safepoint: 5280300 ns, Total: 5593000 ns
[2025-06-17T22:38:29.161+0300][3224][19180][debug][safepoint] Safepoint synchronization initiated using striped semaphore wait barrier. (19 threads)
[2025-06-17T22:38:29.161+0300][3224][13716][debug][safepoint] ... found polling page loop exception at pc = 0x00000275901bda60, stub =0x000002758fbb5d80
[2025-06-17T22:38:29.161+0300][3224][1788 ][debug][safepoint] ... found polling page loop exception at pc = 0x00000275902245a0, stub =0x000002758fbb6600
[2025-06-17T22:38:29.161+0300][3224][2520 ][debug][safepoint] ... found polling page loop exception at pc = 0x00000275901bda60, stub =0x000002758fbb5d80
[2025-06-17T22:38:29.161+0300][3224][2424 ][debug][safepoint] ... found polling page loop exception at pc = 0x000002759015cc07, stub =0x000002758fbb5d80
[2025-06-17T22:38:29.161+0300][3224][8204 ][debug][safepoint] ... found polling page loop exception at pc = 0x00000275901bda60, stub =0x000002758fbb5d80
[2025-06-17T22:38:29.163+0300][3224][19180][debug][gc,heap  ] GC(59) Heap before GC invocations=59 (full 3):
[2025-06-17T22:38:29.163+0300][3224][19180][debug][gc,heap  ] GC(59)  garbage-first heap   total 2097152K, used 1279334K [0x0000000080000000, 0x0000000100000000)
[2025-06-17T22:38:29.163+0300][3224][19180][debug][gc,heap  ] GC(59)   region size 1024K, 1228 young (1257472K), 1 survivors (1024K)
[2025-06-17T22:38:29.163+0300][3224][19180][debug][gc,heap  ] GC(59)  Metaspace       used 8733K, committed 9792K, reserved 1114112K
[2025-06-17T22:38:29.163+0300][3224][19180][debug][gc,heap  ] GC(59)   class space    used 874K, committed 1280K, reserved 1048576K
[2025-06-17T22:38:29.163+0300][3224][19180][info ][gc,phases] GC(59)   Pre Evacuate Collection Set: 0.3ms
[2025-06-17T22:38:29.163+0300][3224][19180][debug][gc,phases] GC(59)     Pre Evacuate Prepare: 0.1ms
[2025-06-17T22:38:29.163+0300][3224][19180][debug][gc,phases] GC(59)       JT Retire TLABs And Flush Logs (ms): Min:  0.0, Avg:  0.0, Max:  0.0, Diff:  0.0, Sum:  0.0, Workers: 2
[2025-06-17T22:38:29.163+0300][3224][19180][debug][gc,phases] GC(59)       Non-JT Flush Logs (ms):        Min:  0.0, Avg:  0.0, Max:  0.0, Diff:  0.0, Sum:  0.0, Workers: 1
[2025-06-17T22:38:29.163+0300][3224][19180][debug][gc,phases] GC(59)     Choose Collection Set: 0.0ms
[2025-06-17T22:38:29.163+0300][3224][19180][debug][gc,phases] GC(59)     Region Register: 0.2ms
[2025-06-17T22:38:29.163+0300][3224][19180][debug][gc,phases] GC(59)     Prepare Heap Roots: 0.0ms
[2025-06-17T22:38:29.163+0300][3224][19180][info ][gc,phases] GC(59)   Merge Heap Roots: 0.2ms
[2025-06-17T22:38:29.163+0300][3224][19180][debug][gc,phases] GC(59)     Prepare Merge Heap Roots: 0.0ms
[2025-06-17T22:38:29.163+0300][3224][19180][debug][gc,phases] GC(59)     Remembered Sets (ms):          Min:  0.0, Avg:  0.1, Max:  0.2, Diff:  0.1, Sum:  1.0, Workers: 8
[2025-06-17T22:38:29.163+0300][3224][19180][debug][gc,phases] GC(59)       Eager Reclaim (ms):            Min:  0.0, Avg:  0.0, Max:  0.0, Diff:  0.0, Sum:  0.0, Workers: 1
[2025-06-17T22:38:29.163+0300][3224][19180][debug][gc,phases] GC(59)       Merged Inline                  Min: 0, Avg:  0.0, Max: 0, Diff: 0, Sum: 0, Workers: 8
[2025-06-17T22:38:29.163+0300][3224][19180][debug][gc,phases] GC(59)       Merged ArrayOfCards            Min: 0, Avg:  0.0, Max: 0, Diff: 0, Sum: 0, Workers: 8
[2025-06-17T22:38:29.163+0300][3224][19180][debug][gc,phases] GC(59)       Merged Howl                    Min: 0, Avg:  0.0, Max: 0, Diff: 0, Sum: 0, Workers: 8
[2025-06-17T22:38:29.163+0300][3224][19180][debug][gc,phases] GC(59)       Merged Full                    Min: 0, Avg:  0.0, Max: 0, Diff: 0, Sum: 0, Workers: 8
[2025-06-17T22:38:29.163+0300][3224][19180][debug][gc,phases] GC(59)       Merged Howl Inline             Min: 0, Avg:  0.0, Max: 0, Diff: 0, Sum: 0, Workers: 8
[2025-06-17T22:38:29.163+0300][3224][19180][debug][gc,phases] GC(59)       Merged Howl ArrayOfCards       Min: 0, Avg:  0.0, Max: 0, Diff: 0, Sum: 0, Workers: 8
[2025-06-17T22:38:29.163+0300][3224][19180][debug][gc,phases] GC(59)       Merged Howl BitMap             Min: 0, Avg:  0.0, Max: 0, Diff: 0, Sum: 0, Workers: 8
[2025-06-17T22:38:29.163+0300][3224][19180][debug][gc,phases] GC(59)       Merged Howl Full               Min: 0, Avg:  0.0, Max: 0, Diff: 0, Sum: 0, Workers: 8
[2025-06-17T22:38:29.163+0300][3224][19180][debug][gc,phases] GC(59)       Merged Cards                   Min: 8, Avg:  9.0, Max: 16, Diff: 8, Sum: 72, Workers: 8
[2025-06-17T22:38:29.163+0300][3224][19180][debug][gc,phases] GC(59)     Log Buffers (ms):              Min:  0.0, Avg:  0.0, Max:  0.0, Diff:  0.0, Sum:  0.0, Workers: 8
[2025-06-17T22:38:29.163+0300][3224][19180][debug][gc,phases] GC(59)       Dirty Cards:                   Min: 0, Avg:  2.9, Max: 12, Diff: 12, Sum: 23, Workers: 8
[2025-06-17T22:38:29.163+0300][3224][19180][debug][gc,phases] GC(59)       Skipped Cards:                 Min: 0, Avg:  0.0, Max: 0, Diff: 0, Sum: 0, Workers: 8
[2025-06-17T22:38:29.163+0300][3224][19180][info ][gc,phases] GC(59)   Evacuate Collection Set: 0.6ms
[2025-06-17T22:38:29.163+0300][3224][19180][debug][gc,phases] GC(59)     Ext Root Scanning (ms):        Min:  0.0, Avg:  0.1, Max:  0.1, Diff:  0.1, Sum:  0.5, Workers: 8
[2025-06-17T22:38:29.163+0300][3224][19180][debug][gc,phases] GC(59)     Scan Heap Roots (ms):          Min:  0.0, Avg:  0.0, Max:  0.0, Diff:  0.0, Sum:  0.1, Workers: 8
[2025-06-17T22:38:29.163+0300][3224][19180][debug][gc,phases] GC(59)       Scanned Cards:                 Min: 0, Avg:  2.4, Max: 6, Diff: 6, Sum: 19, Workers: 8
[2025-06-17T22:38:29.163+0300][3224][19180][debug][gc,phases] GC(59)       Scanned Blocks:                Min: 0, Avg:  1.9, Max: 5, Diff: 5, Sum: 15, Workers: 8
[2025-06-17T22:38:29.163+0300][3224][19180][debug][gc,phases] GC(59)       Claimed Chunks:                Min: 0, Avg:  1.2, Max: 4, Diff: 4, Sum: 10, Workers: 8
[2025-06-17T22:38:29.163+0300][3224][19180][debug][gc,phases] GC(59)       Found Roots:                   Min: 0, Avg: 15.1, Max: 61, Diff: 61, Sum: 121, Workers: 8
[2025-06-17T22:38:29.163+0300][3224][19180][debug][gc,phases] GC(59)     Code Root Scan (ms):           Min:  0.1, Avg:  0.1, Max:  0.1, Diff:  0.0, Sum:  0.9, Workers: 8
[2025-06-17T22:38:29.163+0300][3224][19180][debug][gc,phases] GC(59)       Scanned Nmethods               Min: 0, Avg:  0.0, Max: 0, Diff: 0, Sum: 0, Workers: 8
[2025-06-17T22:38:29.163+0300][3224][19180][debug][gc,phases] GC(59)     Object Copy (ms):              Min:  0.0, Avg:  0.1, Max:  0.1, Diff:  0.1, Sum:  0.5, Workers: 8
[2025-06-17T22:38:29.163+0300][3224][19180][debug][gc,phases] GC(59)     Termination (ms):              Min:  0.0, Avg:  0.2, Max:  0.2, Diff:  0.2, Sum:  1.5, Workers: 8
[2025-06-17T22:38:29.163+0300][3224][19180][debug][gc,phases] GC(59)       Termination Attempts:          Min: 1, Avg:  1.0, Max: 1, Diff: 0, Sum: 8, Workers: 8
[2025-06-17T22:38:29.163+0300][3224][19180][debug][gc,phases] GC(59)     GC Worker Other (ms):          Min:  0.1, Avg:  0.1, Max:  0.1, Diff:  0.0, Sum:  0.9, Workers: 8
[2025-06-17T22:38:29.163+0300][3224][19180][debug][gc,phases] GC(59)     GC Worker Total (ms):          Min:  0.2, Avg:  0.5, Max:  0.6, Diff:  0.4, Sum:  4.2, Workers: 8
[2025-06-17T22:38:29.163+0300][3224][19180][info ][gc,phases] GC(59)   Post Evacuate Collection Set: 0.7ms
[2025-06-17T22:38:29.163+0300][3224][19180][debug][gc,phases] GC(59)     NMethod List Cleanup: 0.0ms
[2025-06-17T22:38:29.163+0300][3224][19180][debug][gc,phases] GC(59)     Reference Processing: 0.1ms
[2025-06-17T22:38:29.163+0300][3224][19180][debug][gc,phases] GC(59)     Weak Processing: 0.1ms
[2025-06-17T22:38:29.163+0300][3224][19180][debug][gc,phases] GC(59)       VM Weak                        Min:  0.0, Avg:  0.0, Max:  0.0, Diff:  0.0, Sum:  0.0, Workers: 8
[2025-06-17T22:38:29.163+0300][3224][19180][debug][gc,phases] GC(59)         Dead                           Min: 0, Avg:  0.0, Max: 0, Diff: 0, Sum: 0, Workers: 8
[2025-06-17T22:38:29.163+0300][3224][19180][debug][gc,phases] GC(59)         Total                          Min: 0, Avg: 15.4, Max: 123, Diff: 123, Sum: 123, Workers: 8
[2025-06-17T22:38:29.163+0300][3224][19180][debug][gc,phases] GC(59)       ObjectSynchronizer Weak        Min:  0.0, Avg:  0.0, Max:  0.0, Diff:  0.0, Sum:  0.0, Workers: 8
[2025-06-17T22:38:29.163+0300][3224][19180][debug][gc,phases] GC(59)         Dead                           Min: 0, Avg:  0.0, Max: 0, Diff: 0, Sum: 0, Workers: 8
[2025-06-17T22:38:29.163+0300][3224][19180][debug][gc,phases] GC(59)         Total                          Min: 0, Avg: 18.6, Max: 85, Diff: 85, Sum: 149, Workers: 8
[2025-06-17T22:38:29.163+0300][3224][19180][debug][gc,phases] GC(59)       JVMTI Tag Weak OopStorage      Min:  0.0, Avg:  0.0, Max:  0.0, Diff:  0.0, Sum:  0.0, Workers: 8
[2025-06-17T22:38:29.163+0300][3224][19180][debug][gc,phases] GC(59)         Dead                           Min: 0, Avg:  0.0, Max: 0, Diff: 0, Sum: 0, Workers: 8
[2025-06-17T22:38:29.163+0300][3224][19180][debug][gc,phases] GC(59)         Total                          Min: 0, Avg:  0.0, Max: 0, Diff: 0, Sum: 0, Workers: 8
[2025-06-17T22:38:29.163+0300][3224][19180][debug][gc,phases] GC(59)       StringTable Weak               Min:  0.0, Avg:  0.0, Max:  0.0, Diff:  0.0, Sum:  0.1, Workers: 8
[2025-06-17T22:38:29.163+0300][3224][19180][debug][gc,phases] GC(59)         Dead                           Min: 0, Avg:  0.0, Max: 0, Diff: 0, Sum: 0, Workers: 8
[2025-06-17T22:38:29.163+0300][3224][19180][debug][gc,phases] GC(59)         Total                          Min: 0, Avg: 779.4, Max: 1280, Diff: 1280, Sum: 6235, Workers: 8
[2025-06-17T22:38:29.163+0300][3224][19180][debug][gc,phases] GC(59)       ResolvedMethodTable Weak       Min:  0.0, Avg:  0.0, Max:  0.0, Diff:  0.0, Sum:  0.0, Workers: 8
[2025-06-17T22:38:29.163+0300][3224][19180][debug][gc,phases] GC(59)         Dead                           Min: 0, Avg:  0.0, Max: 0, Diff: 0, Sum: 0, Workers: 8
[2025-06-17T22:38:29.163+0300][3224][19180][debug][gc,phases] GC(59)         Total                          Min: 0, Avg: 111.8, Max: 191, Diff: 191, Sum: 894, Workers: 8
[2025-06-17T22:38:29.163+0300][3224][19180][debug][gc,phases] GC(59)       JNI Weak                       Min:  0.0, Avg:  0.0, Max:  0.0, Diff:  0.0, Sum:  0.0, Workers: 8
[2025-06-17T22:38:29.163+0300][3224][19180][debug][gc,phases] GC(59)         Dead                           Min: 0, Avg:  0.0, Max: 0, Diff: 0, Sum: 0, Workers: 8
[2025-06-17T22:38:29.163+0300][3224][19180][debug][gc,phases] GC(59)         Total                          Min: 0, Avg:  0.0, Max: 0, Diff: 0, Sum: 0, Workers: 8
[2025-06-17T22:38:29.163+0300][3224][19180][debug][gc,phases] GC(59)       StringDedup Table Weak         Min:  0.0, Avg:  0.0, Max:  0.0, Diff:  0.0, Sum:  0.0, Workers: 8
[2025-06-17T22:38:29.163+0300][3224][19180][debug][gc,phases] GC(59)         Dead                           Min: 0, Avg:  0.0, Max: 0, Diff: 0, Sum: 0, Workers: 8
[2025-06-17T22:38:29.163+0300][3224][19180][debug][gc,phases] GC(59)         Total                          Min: 0, Avg:  0.0, Max: 0, Diff: 0, Sum: 0, Workers: 8
[2025-06-17T22:38:29.163+0300][3224][19180][debug][gc,phases] GC(59)       StringDedup Requests0 Weak     Min:  0.0, Avg:  0.0, Max:  0.0, Diff:  0.0, Sum:  0.0, Workers: 8
[2025-06-17T22:38:29.163+0300][3224][19180][debug][gc,phases] GC(59)         Dead                           Min: 0, Avg:  0.0, Max: 0, Diff: 0, Sum: 0, Workers: 8
[2025-06-17T22:38:29.163+0300][3224][19180][debug][gc,phases] GC(59)         Total                          Min: 0, Avg:  0.0, Max: 0, Diff: 0, Sum: 0, Workers: 8
[2025-06-17T22:38:29.163+0300][3224][19180][debug][gc,phases] GC(59)       StringDedup Requests1 Weak     Min:  0.0, Avg:  0.0, Max:  0.0, Diff:  0.0, Sum:  0.0, Workers: 8
[2025-06-17T22:38:29.163+0300][3224][19180][debug][gc,phases] GC(59)         Dead                           Min: 0, Avg:  0.0, Max: 0, Diff: 0, Sum: 0, Workers: 8
[2025-06-17T22:38:29.163+0300][3224][19180][debug][gc,phases] GC(59)         Total                          Min: 0, Avg:  0.0, Max: 0, Diff: 0, Sum: 0, Workers: 8
[2025-06-17T22:38:29.163+0300][3224][19180][debug][gc,phases] GC(59)       Weak JFR Old Object Samples    Min:  0.0, Avg:  0.0, Max:  0.0, Diff:  0.0, Sum:  0.0, Workers: 8
[2025-06-17T22:38:29.163+0300][3224][19180][debug][gc,phases] GC(59)         Dead                           Min: 0, Avg:  0.0, Max: 0, Diff: 0, Sum: 0, Workers: 8
[2025-06-17T22:38:29.163+0300][3224][19180][debug][gc,phases] GC(59)         Total                          Min: 0, Avg:  0.0, Max: 0, Diff: 0, Sum: 0, Workers: 8
[2025-06-17T22:38:29.163+0300][3224][19180][debug][gc,phases] GC(59)     Post Evacuate Cleanup 1: 0.2ms
[2025-06-17T22:38:29.163+0300][3224][19180][debug][gc,phases] GC(59)       Merge Per-Thread State (ms):   Min:  0.0, Avg:  0.0, Max:  0.0, Diff:  0.0, Sum:  0.0, Workers: 1
[2025-06-17T22:38:29.163+0300][3224][19180][debug][gc,phases] GC(59)         Copied Bytes                   Min: 0, Avg: 54574.0, Max: 104360, Diff: 104360, Sum: 436592, Workers: 8
[2025-06-17T22:38:29.163+0300][3224][19180][debug][gc,phases] GC(59)         LAB Waste                      Min: 0, Avg: 87.0, Max: 216, Diff: 216, Sum: 696, Workers: 8
[2025-06-17T22:38:29.163+0300][3224][19180][debug][gc,phases] GC(59)         LAB Undo Waste                 Min: 0, Avg:  0.0, Max: 0, Diff: 0, Sum: 0, Workers: 8
[2025-06-17T22:38:29.163+0300][3224][19180][debug][gc,phases] GC(59)       Clear Logged Cards (ms):       Min:  0.0, Avg:  0.1, Max:  0.2, Diff:  0.2, Sum:  0.3, Workers: 5
[2025-06-17T22:38:29.163+0300][3224][19180][debug][gc,phases] GC(59)       Recalculate Used Memory (ms):  Min:  0.0, Avg:  0.0, Max:  0.0, Diff:  0.0, Sum:  0.0, Workers: 1
[2025-06-17T22:38:29.163+0300][3224][19180][debug][gc,phases] GC(59)     Post Evacuate Cleanup 2: 0.3ms
[2025-06-17T22:38:29.163+0300][3224][19180][debug][gc,phases] GC(59)       Update Derived Pointers (ms):  Min:  0.0, Avg:  0.0, Max:  0.0, Diff:  0.0, Sum:  0.0, Workers: 1
[2025-06-17T22:38:29.163+0300][3224][19180][debug][gc,phases] GC(59)       Eagerly Reclaim Humongous Objects (ms): Min:  0.0, Avg:  0.0, Max:  0.0, Diff:  0.0, Sum:  0.0, Workers: 1
[2025-06-17T22:38:29.163+0300][3224][19180][debug][gc,phases] GC(59)         Humongous Total                Min: 6, Avg:  6.0, Max: 6, Diff: 0, Sum: 6, Workers: 1
[2025-06-17T22:38:29.163+0300][3224][19180][debug][gc,phases] GC(59)         Humongous Candidates           Min: 3, Avg:  3.0, Max: 3, Diff: 0, Sum: 3, Workers: 1
[2025-06-17T22:38:29.163+0300][3224][19180][debug][gc,phases] GC(59)         Humongous Reclaimed            Min: 0, Avg:  0.0, Max: 0, Diff: 0, Sum: 0, Workers: 1
[2025-06-17T22:38:29.163+0300][3224][19180][debug][gc,phases] GC(59)       Redirty Logged Cards (ms):     Min:  0.0, Avg:  0.0, Max:  0.0, Diff:  0.0, Sum:  0.0, Workers: 8
[2025-06-17T22:38:29.163+0300][3224][19180][debug][gc,phases] GC(59)         Redirtied Cards:               Min: 0, Avg:  2.2, Max: 18, Diff: 18, Sum: 18, Workers: 8
[2025-06-17T22:38:29.163+0300][3224][19180][debug][gc,phases] GC(59)       Resize TLABs (ms):             Min:  0.0, Avg:  0.0, Max:  0.0, Diff:  0.0, Sum:  0.0, Workers: 8
[2025-06-17T22:38:29.163+0300][3224][19180][debug][gc,phases] GC(59)       Free Collection Set (ms):      Min:  0.2, Avg:  0.2, Max:  0.2, Diff:  0.0, Sum:  1.8, Workers: 8
[2025-06-17T22:38:29.163+0300][3224][19180][debug][gc,phases] GC(59)     Rebuild Free List: 0.1ms
[2025-06-17T22:38:29.163+0300][3224][19180][debug][gc,phases] GC(59)     Prepare For Mutator: 0.0ms
[2025-06-17T22:38:29.163+0300][3224][19180][debug][gc,phases] GC(59)     Expand Heap After Collection: 0.0ms
[2025-06-17T22:38:29.163+0300][3224][19180][info ][gc,phases] GC(59)   Other: 0.1ms
[2025-06-17T22:38:29.163+0300][3224][19180][info ][gc,heap  ] GC(59) Eden regions: 1227->0(1227)
[2025-06-17T22:38:29.163+0300][3224][19180][info ][gc,heap  ] GC(59) Survivor regions: 1->1(154)
[2025-06-17T22:38:29.163+0300][3224][19180][info ][gc,heap  ] GC(59) Old regions: 11->11
[2025-06-17T22:38:29.163+0300][3224][19180][info ][gc,heap  ] GC(59) Humongous regions: 18->18
[2025-06-17T22:38:29.163+0300][3224][19180][debug][gc,heap  ] GC(59) Heap after GC invocations=60 (full 3):
[2025-06-17T22:38:29.163+0300][3224][19180][debug][gc,heap  ] GC(59)  garbage-first heap   total 2097152K, used 22872K [0x0000000080000000, 0x0000000100000000)
[2025-06-17T22:38:29.163+0300][3224][19180][debug][gc,heap  ] GC(59)   region size 1024K, 1 young (1024K), 1 survivors (1024K)
[2025-06-17T22:38:29.163+0300][3224][19180][debug][gc,heap  ] GC(59)  Metaspace       used 8733K, committed 9792K, reserved 1114112K
[2025-06-17T22:38:29.163+0300][3224][19180][debug][gc,heap  ] GC(59)   class space    used 874K, committed 1280K, reserved 1048576K
[2025-06-17T22:38:29.163+0300][3224][19180][info ][gc       ] GC(59) Pause Young (Normal) (G1 Evacuation Pause) 1249M->22M(2048M) 3.778ms
[2025-06-17T22:38:29.163+0300][3224][19180][info ][safepoint] Safepoint "G1CollectForAllocation", Time since last: 471880700 ns, Reaching safepoint: 389100 ns, Cleanup: 5900 ns, At safepoint: 3839900 ns, Total: 4234900 ns
[2025-06-17T22:38:29.758+0300][3224][19180][debug][safepoint] Safepoint synchronization initiated using striped semaphore wait barrier. (11 threads)
