[2025-06-17T23:08:11.168+0300][18504][18720][debug][gc,heap] Minimum heap 12884901888  Initial heap 12884901888  Maximum heap 12884901888
[2025-06-17T23:08:11.168+0300][18504][18720][info ][gc     ] Using G1
[2025-06-17T23:08:11.168+0300][18504][18720][debug][gc     ] ConcGCThreads: 2 offset 16
[2025-06-17T23:08:11.168+0300][18504][18720][debug][gc     ] ParallelGCThreads: 8
[2025-06-17T23:08:11.168+0300][18504][18720][debug][gc     ] Initialize mark stack with 4096 chunks, maximum 524288
[2025-06-17T23:08:11.466+0300][18504][15500][debug][safepoint] Safepoint synchronization initiated using striped semaphore wait barrier. (13 threads)
[2025-06-17T23:08:11.482+0300][18504][15500][debug][gc,heap  ] GC(0) Heap before GC invocations=0 (full 0):
[2025-06-17T23:08:11.482+0300][18504][15500][debug][gc,heap  ] GC(0)  garbage-first heap   total 12582912K, used 57344K [0x0000000500000000, 0x0000000800000000)
[2025-06-17T23:08:11.482+0300][18504][15500][debug][gc,heap  ] GC(0)   region size 8192K, 8 young (65536K), 0 survivors (0K)
[2025-06-17T23:08:11.482+0300][18504][15500][debug][gc,heap  ] GC(0)  Metaspace       used 2844K, committed 3072K, reserved 1114112K
[2025-06-17T23:08:11.482+0300][18504][15500][debug][gc,heap  ] GC(0)   class space    used 257K, committed 384K, reserved 1048576K
[2025-06-17T23:08:11.482+0300][18504][15500][debug][gc,phases] GC(0) Phase 1: Reference Processing 0.198ms
[2025-06-17T23:08:11.482+0300][18504][15500][debug][gc,phases] GC(0)   VM Weak                        Min:  0.0, Avg:  0.0, Max:  0.0, Diff:  0.0, Sum:  0.0, Workers: 5
[2025-06-17T23:08:11.482+0300][18504][15500][debug][gc,phases] GC(0)     Dead                           Min: 0, Avg:  0.0, Max: 0, Diff: 0, Sum: 0, Workers: 5
[2025-06-17T23:08:11.482+0300][18504][15500][debug][gc,phases] GC(0)     Total                          Min: 0, Avg:  4.0, Max: 20, Diff: 20, Sum: 20, Workers: 5
[2025-06-17T23:08:11.482+0300][18504][15500][debug][gc,phases] GC(0)   ObjectSynchronizer Weak        Min:  0.0, Avg:  0.0, Max:  0.0, Diff:  0.0, Sum:  0.0, Workers: 5
[2025-06-17T23:08:11.482+0300][18504][15500][debug][gc,phases] GC(0)     Dead                           Min: 0, Avg:  0.0, Max: 0, Diff: 0, Sum: 0, Workers: 5
[2025-06-17T23:08:11.482+0300][18504][15500][debug][gc,phases] GC(0)     Total                          Min: 0, Avg:  0.2, Max: 1, Diff: 1, Sum: 1, Workers: 5
[2025-06-17T23:08:11.482+0300][18504][15500][debug][gc,phases] GC(0)   JVMTI Tag Weak OopStorage      Min:  0.0, Avg:  0.0, Max:  0.0, Diff:  0.0, Sum:  0.0, Workers: 5
[2025-06-17T23:08:11.482+0300][18504][15500][debug][gc,phases] GC(0)     Dead                           Min: 0, Avg:  0.0, Max: 0, Diff: 0, Sum: 0, Workers: 5
[2025-06-17T23:08:11.482+0300][18504][15500][debug][gc,phases] GC(0)     Total                          Min: 0, Avg:  0.0, Max: 0, Diff: 0, Sum: 0, Workers: 5
[2025-06-17T23:08:11.482+0300][18504][15500][debug][gc,phases] GC(0)   StringTable Weak               Min:  0.0, Avg:  0.0, Max:  0.0, Diff:  0.0, Sum:  0.0, Workers: 5
[2025-06-17T23:08:11.482+0300][18504][15500][debug][gc,phases] GC(0)     Dead                           Min: 0, Avg:  1.0, Max: 3, Diff: 3, Sum: 5, Workers: 5
[2025-06-17T23:08:11.482+0300][18504][15500][debug][gc,phases] GC(0)     Total                          Min: 0, Avg: 838.8, Max: 2210, Diff: 2210, Sum: 4194, Workers: 5
[2025-06-17T23:08:11.482+0300][18504][15500][debug][gc,phases] GC(0)   ResolvedMethodTable Weak       Min:  0.0, Avg:  0.0, Max:  0.0, Diff:  0.0, Sum:  0.0, Workers: 5
[2025-06-17T23:08:11.482+0300][18504][15500][debug][gc,phases] GC(0)     Dead                           Min: 0, Avg:  4.2, Max: 14, Diff: 14, Sum: 21, Workers: 5
[2025-06-17T23:08:11.482+0300][18504][15500][debug][gc,phases] GC(0)     Total                          Min: 0, Avg: 40.2, Max: 128, Diff: 128, Sum: 201, Workers: 5
[2025-06-17T23:08:11.482+0300][18504][15500][debug][gc,phases] GC(0)   JNI Weak                       Min:  0.0, Avg:  0.0, Max:  0.0, Diff:  0.0, Sum:  0.0, Workers: 5
[2025-06-17T23:08:11.482+0300][18504][15500][debug][gc,phases] GC(0)     Dead                           Min: 0, Avg:  0.0, Max: 0, Diff: 0, Sum: 0, Workers: 5
[2025-06-17T23:08:11.482+0300][18504][15500][debug][gc,phases] GC(0)     Total                          Min: 0, Avg:  0.0, Max: 0, Diff: 0, Sum: 0, Workers: 5
[2025-06-17T23:08:11.482+0300][18504][15500][debug][gc,phases] GC(0)   StringDedup Table Weak         Min:  0.0, Avg:  0.0, Max:  0.0, Diff:  0.0, Sum:  0.0, Workers: 5
[2025-06-17T23:08:11.482+0300][18504][15500][debug][gc,phases] GC(0)     Dead                           Min: 0, Avg:  0.0, Max: 0, Diff: 0, Sum: 0, Workers: 5
[2025-06-17T23:08:11.482+0300][18504][15500][debug][gc,phases] GC(0)     Total                          Min: 0, Avg:  0.0, Max: 0, Diff: 0, Sum: 0, Workers: 5
[2025-06-17T23:08:11.482+0300][18504][15500][debug][gc,phases] GC(0)   StringDedup Requests0 Weak     Min:  0.0, Avg:  0.0, Max:  0.0, Diff:  0.0, Sum:  0.0, Workers: 5
[2025-06-17T23:08:11.482+0300][18504][15500][debug][gc,phases] GC(0)     Dead                           Min: 0, Avg:  0.0, Max: 0, Diff: 0, Sum: 0, Workers: 5
[2025-06-17T23:08:11.482+0300][18504][15500][debug][gc,phases] GC(0)     Total                          Min: 0, Avg:  0.0, Max: 0, Diff: 0, Sum: 0, Workers: 5
[2025-06-17T23:08:11.482+0300][18504][15500][debug][gc,phases] GC(0)   StringDedup Requests1 Weak     Min:  0.0, Avg:  0.0, Max:  0.0, Diff:  0.0, Sum:  0.0, Workers: 5
[2025-06-17T23:08:11.482+0300][18504][15500][debug][gc,phases] GC(0)     Dead                           Min: 0, Avg:  0.0, Max: 0, Diff: 0, Sum: 0, Workers: 5
[2025-06-17T23:08:11.482+0300][18504][15500][debug][gc,phases] GC(0)     Total                          Min: 0, Avg:  0.0, Max: 0, Diff: 0, Sum: 0, Workers: 5
[2025-06-17T23:08:11.482+0300][18504][15500][debug][gc,phases] GC(0)   Weak JFR Old Object Samples    Min:  0.0, Avg:  0.0, Max:  0.0, Diff:  0.0, Sum:  0.0, Workers: 5
[2025-06-17T23:08:11.482+0300][18504][15500][debug][gc,phases] GC(0)     Dead                           Min: 0, Avg:  0.0, Max: 0, Diff: 0, Sum: 0, Workers: 5
[2025-06-17T23:08:11.482+0300][18504][15500][debug][gc,phases] GC(0)     Total                          Min: 0, Avg:  0.0, Max: 0, Diff: 0, Sum: 0, Workers: 5
[2025-06-17T23:08:11.482+0300][18504][15500][debug][gc,phases] GC(0) Phase 1: Weak Processing 0.463ms
[2025-06-17T23:08:11.482+0300][18504][15500][debug][gc,phases] GC(0) ClassLoaderData 0.004ms
[2025-06-17T23:08:11.482+0300][18504][15500][debug][gc,phases] GC(0) Trigger cleanups 0.001ms
[2025-06-17T23:08:11.482+0300][18504][15500][debug][gc,phases] GC(0) G1 Complete Cleaning 0.577ms
[2025-06-17T23:08:11.482+0300][18504][15500][debug][gc,phases] GC(0) Purge Unlinked NMethods 0.001ms
[2025-06-17T23:08:11.482+0300][18504][15500][debug][gc,phases] GC(0) Unregister NMethods 0.125ms
[2025-06-17T23:08:11.482+0300][18504][15500][debug][gc,phases] GC(0) Free Code Blobs 0.001ms
[2025-06-17T23:08:11.482+0300][18504][15500][debug][gc,phases] GC(0) Purge Class Loader Data 0.052ms
[2025-06-17T23:08:11.482+0300][18504][15500][debug][gc,phases] GC(0) Phase 1: Class Unloading and Cleanup 0.853ms
[2025-06-17T23:08:11.482+0300][18504][15500][debug][gc,phases] GC(0) Report Object Count 0.001ms
[2025-06-17T23:08:11.482+0300][18504][15500][info ][gc,phases] GC(0) Phase 1: Mark live objects 2.448ms
[2025-06-17T23:08:11.482+0300][18504][15500][debug][gc,phases] GC(0) Phase 2: Determine work lists 0.036ms
[2025-06-17T23:08:11.482+0300][18504][15500][debug][gc,phases] GC(0) Phase 2: Prepare parallel compaction 0.698ms
[2025-06-17T23:08:11.482+0300][18504][15500][info ][gc,phases] GC(0) Phase 2: Prepare compaction 0.774ms
[2025-06-17T23:08:11.482+0300][18504][15500][info ][gc,phases] GC(0) Phase 3: Adjust pointers 1.010ms
[2025-06-17T23:08:11.482+0300][18504][15500][info ][gc,phases] GC(0) Phase 4: Compact heap 1.228ms
[2025-06-17T23:08:11.491+0300][18504][15500][info ][gc,phases] GC(0) Phase 5: Reset Metadata 2.142ms
[2025-06-17T23:08:11.508+0300][18504][15500][info ][gc,heap  ] GC(0) Eden regions: 8->0(76)
[2025-06-17T23:08:11.508+0300][18504][15500][info ][gc,heap  ] GC(0) Survivor regions: 0->0(0)
[2025-06-17T23:08:11.508+0300][18504][15500][info ][gc,heap  ] GC(0) Old regions: 0->8
[2025-06-17T23:08:11.508+0300][18504][15500][info ][gc,heap  ] GC(0) Humongous regions: 0->0
[2025-06-17T23:08:11.508+0300][18504][15500][debug][gc,heap  ] GC(0) Heap after GC invocations=1 (full 1):
[2025-06-17T23:08:11.508+0300][18504][15500][debug][gc,heap  ] GC(0)  garbage-first heap   total 12582912K, used 2422K [0x0000000500000000, 0x0000000800000000)
[2025-06-17T23:08:11.508+0300][18504][15500][debug][gc,heap  ] GC(0)   region size 8192K, 0 young (0K), 0 survivors (0K)
[2025-06-17T23:08:11.508+0300][18504][15500][debug][gc,heap  ] GC(0)  Metaspace       used 2844K, committed 3072K, reserved 1114112K
[2025-06-17T23:08:11.508+0300][18504][15500][debug][gc,heap  ] GC(0)   class space    used 257K, committed 384K, reserved 1048576K
[2025-06-17T23:08:11.508+0300][18504][15500][info ][gc       ] GC(0) Pause Full (System.gc()) 64M->2M(12288M) 27.700ms
[2025-06-17T23:08:11.508+0300][18504][15500][info ][safepoint] Safepoint "G1CollectFull", Time since last: 279172300 ns, Reaching safepoint: 1049400 ns, Cleanup: 36600 ns, At safepoint: 27735800 ns, Total: 28821800 ns
[2025-06-17T23:08:11.753+0300][18504][15500][debug][safepoint] Safepoint synchronization initiated using striped semaphore wait barrier. (22 threads)
[2025-06-17T23:08:11.753+0300][18504][15500][info ][safepoint] Safepoint "ICBufferFull", Time since last: 249421100 ns, Reaching safepoint: 61700 ns, Cleanup: 64100 ns, At safepoint: 1300 ns, Total: 127100 ns
[2025-06-17T23:08:12.770+0300][18504][15500][debug][safepoint] Safepoint synchronization initiated using striped semaphore wait barrier. (20 threads)
[2025-06-17T23:08:12.770+0300][18504][15500][info ][safepoint] Safepoint "Cleanup", Time since last: 1009990700 ns, Reaching safepoint: 51100 ns, Cleanup: 53600 ns, At safepoint: 4400 ns, Total: 109100 ns
[2025-06-17T23:08:13.771+0300][18504][15500][debug][safepoint] Safepoint synchronization initiated using striped semaphore wait barrier. (20 threads)
[2025-06-17T23:08:13.771+0300][18504][15500][info ][safepoint] Safepoint "Cleanup", Time since last: 1000579600 ns, Reaching safepoint: 51900 ns, Cleanup: 10000 ns, At safepoint: 4700 ns, Total: 66600 ns
[2025-06-17T23:08:14.771+0300][18504][15500][debug][safepoint] Safepoint synchronization initiated using striped semaphore wait barrier. (20 threads)
[2025-06-17T23:08:14.771+0300][18504][15500][info ][safepoint] Safepoint "Cleanup", Time since last: 1000609300 ns, Reaching safepoint: 46700 ns, Cleanup: 11500 ns, At safepoint: 3200 ns, Total: 61400 ns
[2025-06-17T23:08:18.096+0300][18504][15500][debug][safepoint] Safepoint synchronization initiated using striped semaphore wait barrier. (11 threads)
[2025-06-17T23:08:18.096+0300][18504][15500][info ][safepoint] Safepoint "Cleanup", Time since last: 3332026200 ns, Reaching safepoint: 59500 ns, Cleanup: 6000 ns, At safepoint: 3200 ns, Total: 68700 ns
[2025-06-17T23:08:18.096+0300][18504][15500][debug][safepoint] Safepoint synchronization initiated using striped semaphore wait barrier. (11 threads)
[2025-06-17T23:08:18.096+0300][18504][15500][debug][gc,heap  ] GC(1) Heap before GC invocations=1 (full 1):
[2025-06-17T23:08:18.096+0300][18504][15500][debug][gc,heap  ] GC(1)  garbage-first heap   total 12582912K, used 125302K [0x0000000500000000, 0x0000000800000000)
[2025-06-17T23:08:18.096+0300][18504][15500][debug][gc,heap  ] GC(1)   region size 8192K, 16 young (131072K), 0 survivors (0K)
[2025-06-17T23:08:18.096+0300][18504][15500][debug][gc,heap  ] GC(1)  Metaspace       used 5371K, committed 5632K, reserved 1114112K
[2025-06-17T23:08:18.096+0300][18504][15500][debug][gc,heap  ] GC(1)   class space    used 582K, committed 704K, reserved 1048576K
[2025-06-17T23:08:18.096+0300][18504][15500][debug][gc,phases] GC(1) Phase 1: Reference Processing 0.067ms
[2025-06-17T23:08:18.096+0300][18504][15500][debug][gc,phases] GC(1)   VM Weak                        Min:  0.0, Avg:  0.0, Max:  0.0, Diff:  0.0, Sum:  0.0, Workers: 6
[2025-06-17T23:08:18.096+0300][18504][15500][debug][gc,phases] GC(1)     Dead                           Min: 0, Avg:  0.0, Max: 0, Diff: 0, Sum: 0, Workers: 6
[2025-06-17T23:08:18.096+0300][18504][15500][debug][gc,phases] GC(1)     Total                          Min: 0, Avg:  3.3, Max: 20, Diff: 20, Sum: 20, Workers: 6
[2025-06-17T23:08:18.096+0300][18504][15500][debug][gc,phases] GC(1)   ObjectSynchronizer Weak        Min:  0.0, Avg:  0.0, Max:  0.0, Diff:  0.0, Sum:  0.0, Workers: 6
[2025-06-17T23:08:18.096+0300][18504][15500][debug][gc,phases] GC(1)     Dead                           Min: 0, Avg:  0.7, Max: 4, Diff: 4, Sum: 4, Workers: 6
[2025-06-17T23:08:18.096+0300][18504][15500][debug][gc,phases] GC(1)     Total                          Min: 0, Avg:  1.0, Max: 6, Diff: 6, Sum: 6, Workers: 6
[2025-06-17T23:08:18.096+0300][18504][15500][debug][gc,phases] GC(1)   JVMTI Tag Weak OopStorage      Min:  0.0, Avg:  0.0, Max:  0.0, Diff:  0.0, Sum:  0.0, Workers: 6
[2025-06-17T23:08:18.096+0300][18504][15500][debug][gc,phases] GC(1)     Dead                           Min: 0, Avg:  0.0, Max: 0, Diff: 0, Sum: 0, Workers: 6
[2025-06-17T23:08:18.096+0300][18504][15500][debug][gc,phases] GC(1)     Total                          Min: 0, Avg:  0.0, Max: 0, Diff: 0, Sum: 0, Workers: 6
[2025-06-17T23:08:18.096+0300][18504][15500][debug][gc,phases] GC(1)   StringTable Weak               Min:  0.0, Avg:  0.0, Max:  0.0, Diff:  0.0, Sum:  0.0, Workers: 6
[2025-06-17T23:08:18.096+0300][18504][15500][debug][gc,phases] GC(1)     Dead                           Min: 0, Avg:  0.0, Max: 0, Diff: 0, Sum: 0, Workers: 6
[2025-06-17T23:08:18.096+0300][18504][15500][debug][gc,phases] GC(1)     Total                          Min: 832, Avg: 955.3, Max: 1408, Diff: 576, Sum: 5732, Workers: 6
[2025-06-17T23:08:18.096+0300][18504][15500][debug][gc,phases] GC(1)   ResolvedMethodTable Weak       Min:  0.0, Avg:  0.0, Max:  0.0, Diff:  0.0, Sum:  0.0, Workers: 6
[2025-06-17T23:08:18.096+0300][18504][15500][debug][gc,phases] GC(1)     Dead                           Min: 0, Avg:  0.2, Max: 1, Diff: 1, Sum: 1, Workers: 6
[2025-06-17T23:08:18.096+0300][18504][15500][debug][gc,phases] GC(1)     Total                          Min: 0, Avg: 34.7, Max: 64, Diff: 64, Sum: 208, Workers: 6
[2025-06-17T23:08:18.096+0300][18504][15500][debug][gc,phases] GC(1)   JNI Weak                       Min:  0.0, Avg:  0.0, Max:  0.0, Diff:  0.0, Sum:  0.0, Workers: 6
[2025-06-17T23:08:18.096+0300][18504][15500][debug][gc,phases] GC(1)     Dead                           Min: 0, Avg:  0.0, Max: 0, Diff: 0, Sum: 0, Workers: 6
[2025-06-17T23:08:18.096+0300][18504][15500][debug][gc,phases] GC(1)     Total                          Min: 0, Avg:  0.0, Max: 0, Diff: 0, Sum: 0, Workers: 6
[2025-06-17T23:08:18.096+0300][18504][15500][debug][gc,phases] GC(1)   StringDedup Table Weak         Min:  0.0, Avg:  0.0, Max:  0.0, Diff:  0.0, Sum:  0.0, Workers: 6
[2025-06-17T23:08:18.096+0300][18504][15500][debug][gc,phases] GC(1)     Dead                           Min: 0, Avg:  0.0, Max: 0, Diff: 0, Sum: 0, Workers: 6
[2025-06-17T23:08:18.096+0300][18504][15500][debug][gc,phases] GC(1)     Total                          Min: 0, Avg:  0.0, Max: 0, Diff: 0, Sum: 0, Workers: 6
[2025-06-17T23:08:18.096+0300][18504][15500][debug][gc,phases] GC(1)   StringDedup Requests0 Weak     Min:  0.0, Avg:  0.0, Max:  0.0, Diff:  0.0, Sum:  0.0, Workers: 6
[2025-06-17T23:08:18.096+0300][18504][15500][debug][gc,phases] GC(1)     Dead                           Min: 0, Avg:  0.0, Max: 0, Diff: 0, Sum: 0, Workers: 6
[2025-06-17T23:08:18.096+0300][18504][15500][debug][gc,phases] GC(1)     Total                          Min: 0, Avg:  0.0, Max: 0, Diff: 0, Sum: 0, Workers: 6
[2025-06-17T23:08:18.096+0300][18504][15500][debug][gc,phases] GC(1)   StringDedup Requests1 Weak     Min:  0.0, Avg:  0.0, Max:  0.0, Diff:  0.0, Sum:  0.0, Workers: 6
[2025-06-17T23:08:18.096+0300][18504][15500][debug][gc,phases] GC(1)     Dead                           Min: 0, Avg:  0.0, Max: 0, Diff: 0, Sum: 0, Workers: 6
[2025-06-17T23:08:18.096+0300][18504][15500][debug][gc,phases] GC(1)     Total                          Min: 0, Avg:  0.0, Max: 0, Diff: 0, Sum: 0, Workers: 6
[2025-06-17T23:08:18.096+0300][18504][15500][debug][gc,phases] GC(1)   Weak JFR Old Object Samples    Min:  0.0, Avg:  0.0, Max:  0.0, Diff:  0.0, Sum:  0.0, Workers: 6
[2025-06-17T23:08:18.096+0300][18504][15500][debug][gc,phases] GC(1)     Dead                           Min: 0, Avg:  0.0, Max: 0, Diff: 0, Sum: 0, Workers: 6
[2025-06-17T23:08:18.096+0300][18504][15500][debug][gc,phases] GC(1)     Total                          Min: 0, Avg:  0.0, Max: 0, Diff: 0, Sum: 0, Workers: 6
[2025-06-17T23:08:18.096+0300][18504][15500][debug][gc,phases] GC(1) Phase 1: Weak Processing 0.395ms
[2025-06-17T23:08:18.096+0300][18504][15500][debug][gc,phases] GC(1) ClassLoaderData 0.001ms
[2025-06-17T23:08:18.096+0300][18504][15500][debug][gc,phases] GC(1) Trigger cleanups 0.002ms
[2025-06-17T23:08:18.096+0300][18504][15500][debug][gc,phases] GC(1) G1 Complete Cleaning 0.415ms
[2025-06-17T23:08:18.096+0300][18504][15500][debug][gc,phases] GC(1) Purge Unlinked NMethods 0.052ms
[2025-06-17T23:08:18.096+0300][18504][15500][debug][gc,phases] GC(1) Unregister NMethods 0.093ms
[2025-06-17T23:08:18.096+0300][18504][15500][debug][gc,phases] GC(1) Free Code Blobs 0.011ms
[2025-06-17T23:08:18.096+0300][18504][15500][debug][gc,phases] GC(1) Purge Class Loader Data 0.003ms
[2025-06-17T23:08:18.096+0300][18504][15500][debug][gc,phases] GC(1) Phase 1: Class Unloading and Cleanup 0.658ms
[2025-06-17T23:08:18.096+0300][18504][15500][debug][gc,phases] GC(1) Report Object Count 0.001ms
[2025-06-17T23:08:18.096+0300][18504][15500][info ][gc,phases] GC(1) Phase 1: Mark live objects 1.898ms
[2025-06-17T23:08:18.096+0300][18504][15500][debug][gc,phases] GC(1) Phase 2: Determine work lists 0.038ms
[2025-06-17T23:08:18.096+0300][18504][15500][debug][gc,phases] GC(1) Phase 2: Prepare parallel compaction 0.620ms
[2025-06-17T23:08:18.096+0300][18504][15500][info ][gc,phases] GC(1) Phase 2: Prepare compaction 0.696ms
[2025-06-17T23:08:18.096+0300][18504][15500][info ][gc,phases] GC(1) Phase 3: Adjust pointers 1.412ms
[2025-06-17T23:08:18.111+0300][18504][15500][info ][gc,phases] GC(1) Phase 4: Compact heap 0.942ms
[2025-06-17T23:08:18.114+0300][18504][15500][info ][gc,phases] GC(1) Phase 5: Reset Metadata 2.078ms
[2025-06-17T23:08:18.127+0300][18504][15500][info ][gc,heap  ] GC(1) Eden regions: 16->0(76)
[2025-06-17T23:08:18.127+0300][18504][15500][info ][gc,heap  ] GC(1) Survivor regions: 0->0(0)
[2025-06-17T23:08:18.127+0300][18504][15500][info ][gc,heap  ] GC(1) Old regions: 8->8
[2025-06-17T23:08:18.127+0300][18504][15500][info ][gc,heap  ] GC(1) Humongous regions: 0->0
[2025-06-17T23:08:18.127+0300][18504][15500][debug][gc,heap  ] GC(1) Heap after GC invocations=2 (full 2):
[2025-06-17T23:08:18.127+0300][18504][15500][debug][gc,heap  ] GC(1)  garbage-first heap   total 12582912K, used 2757K [0x0000000500000000, 0x0000000800000000)
[2025-06-17T23:08:18.127+0300][18504][15500][debug][gc,heap  ] GC(1)   region size 8192K, 0 young (0K), 0 survivors (0K)
[2025-06-17T23:08:18.127+0300][18504][15500][debug][gc,heap  ] GC(1)  Metaspace       used 5371K, committed 5632K, reserved 1114112K
[2025-06-17T23:08:18.127+0300][18504][15500][debug][gc,heap  ] GC(1)   class space    used 582K, committed 704K, reserved 1048576K
[2025-06-17T23:08:18.127+0300][18504][15500][info ][gc       ] GC(1) Pause Full (System.gc()) 130M->2M(12288M) 23.235ms
[2025-06-17T23:08:18.127+0300][18504][15500][info ][safepoint] Safepoint "G1CollectFull", Time since last: 2978500 ns, Reaching safepoint: 25400 ns, Cleanup: 9100 ns, At safepoint: 23251900 ns, Total: 23286400 ns
[2025-06-17T23:08:19.131+0300][18504][15500][debug][safepoint] Safepoint synchronization initiated using striped semaphore wait barrier. (20 threads)
[2025-06-17T23:08:19.131+0300][18504][15500][info ][safepoint] Safepoint "Cleanup", Time since last: 1001373100 ns, Reaching safepoint: 43000 ns, Cleanup: 27700 ns, At safepoint: 3300 ns, Total: 74000 ns
[2025-06-17T23:08:24.154+0300][18504][15500][debug][safepoint] Safepoint synchronization initiated using striped semaphore wait barrier. (20 threads)
[2025-06-17T23:08:24.154+0300][18504][15500][info ][safepoint] Safepoint "Cleanup", Time since last: 5023033400 ns, Reaching safepoint: 47000 ns, Cleanup: 12900 ns, At safepoint: 3300 ns, Total: 63200 ns
[2025-06-17T23:08:24.305+0300][18504][15500][debug][safepoint] Safepoint synchronization initiated using striped semaphore wait barrier. (11 threads)
[2025-06-17T23:08:24.305+0300][18504][15500][debug][gc,heap  ] GC(2) Heap before GC invocations=2 (full 2):
[2025-06-17T23:08:24.305+0300][18504][15500][debug][gc,heap  ] GC(2)  garbage-first heap   total 12582912K, used 125637K [0x0000000500000000, 0x0000000800000000)
[2025-06-17T23:08:24.305+0300][18504][15500][debug][gc,heap  ] GC(2)   region size 8192K, 16 young (131072K), 0 survivors (0K)
[2025-06-17T23:08:24.305+0300][18504][15500][debug][gc,heap  ] GC(2)  Metaspace       used 5405K, committed 5632K, reserved 1114112K
[2025-06-17T23:08:24.305+0300][18504][15500][debug][gc,heap  ] GC(2)   class space    used 582K, committed 704K, reserved 1048576K
[2025-06-17T23:08:24.305+0300][18504][15500][debug][gc,phases] GC(2) Phase 1: Reference Processing 0.065ms
[2025-06-17T23:08:24.305+0300][18504][15500][debug][gc,phases] GC(2)   VM Weak                        Min:  0.0, Avg:  0.0, Max:  0.0, Diff:  0.0, Sum:  0.0, Workers: 6
[2025-06-17T23:08:24.305+0300][18504][15500][debug][gc,phases] GC(2)     Dead                           Min: 0, Avg:  0.0, Max: 0, Diff: 0, Sum: 0, Workers: 6
[2025-06-17T23:08:24.305+0300][18504][15500][debug][gc,phases] GC(2)     Total                          Min: 0, Avg:  3.3, Max: 20, Diff: 20, Sum: 20, Workers: 6
[2025-06-17T23:08:24.305+0300][18504][15500][debug][gc,phases] GC(2)   ObjectSynchronizer Weak        Min:  0.0, Avg:  0.0, Max:  0.0, Diff:  0.0, Sum:  0.0, Workers: 6
[2025-06-17T23:08:24.305+0300][18504][15500][debug][gc,phases] GC(2)     Dead                           Min: 0, Avg:  0.7, Max: 4, Diff: 4, Sum: 4, Workers: 6
[2025-06-17T23:08:24.305+0300][18504][15500][debug][gc,phases] GC(2)     Total                          Min: 0, Avg:  1.7, Max: 10, Diff: 10, Sum: 10, Workers: 6
[2025-06-17T23:08:24.305+0300][18504][15500][debug][gc,phases] GC(2)   JVMTI Tag Weak OopStorage      Min:  0.0, Avg:  0.0, Max:  0.0, Diff:  0.0, Sum:  0.0, Workers: 6
[2025-06-17T23:08:24.305+0300][18504][15500][debug][gc,phases] GC(2)     Dead                           Min: 0, Avg:  0.0, Max: 0, Diff: 0, Sum: 0, Workers: 6
[2025-06-17T23:08:24.305+0300][18504][15500][debug][gc,phases] GC(2)     Total                          Min: 0, Avg:  0.0, Max: 0, Diff: 0, Sum: 0, Workers: 6
[2025-06-17T23:08:24.305+0300][18504][15500][debug][gc,phases] GC(2)   StringTable Weak               Min:  0.0, Avg:  0.0, Max:  0.0, Diff:  0.0, Sum:  0.1, Workers: 6
[2025-06-17T23:08:24.305+0300][18504][15500][debug][gc,phases] GC(2)     Dead                           Min: 0, Avg:  0.0, Max: 0, Diff: 0, Sum: 0, Workers: 6
[2025-06-17T23:08:24.305+0300][18504][15500][debug][gc,phases] GC(2)     Total                          Min: 896, Avg: 958.0, Max: 1024, Diff: 128, Sum: 5748, Workers: 6
[2025-06-17T23:08:24.305+0300][18504][15500][debug][gc,phases] GC(2)   ResolvedMethodTable Weak       Min:  0.0, Avg:  0.0, Max:  0.0, Diff:  0.0, Sum:  0.0, Workers: 6
[2025-06-17T23:08:24.305+0300][18504][15500][debug][gc,phases] GC(2)     Dead                           Min: 0, Avg:  0.0, Max: 0, Diff: 0, Sum: 0, Workers: 6
[2025-06-17T23:08:24.305+0300][18504][15500][debug][gc,phases] GC(2)     Total                          Min: 0, Avg: 34.7, Max: 64, Diff: 64, Sum: 208, Workers: 6
[2025-06-17T23:08:24.305+0300][18504][15500][debug][gc,phases] GC(2)   JNI Weak                       Min:  0.0, Avg:  0.0, Max:  0.0, Diff:  0.0, Sum:  0.0, Workers: 6
[2025-06-17T23:08:24.305+0300][18504][15500][debug][gc,phases] GC(2)     Dead                           Min: 0, Avg:  0.0, Max: 0, Diff: 0, Sum: 0, Workers: 6
[2025-06-17T23:08:24.305+0300][18504][15500][debug][gc,phases] GC(2)     Total                          Min: 0, Avg:  0.0, Max: 0, Diff: 0, Sum: 0, Workers: 6
[2025-06-17T23:08:24.305+0300][18504][15500][debug][gc,phases] GC(2)   StringDedup Table Weak         Min:  0.0, Avg:  0.0, Max:  0.0, Diff:  0.0, Sum:  0.0, Workers: 6
[2025-06-17T23:08:24.305+0300][18504][15500][debug][gc,phases] GC(2)     Dead                           Min: 0, Avg:  0.0, Max: 0, Diff: 0, Sum: 0, Workers: 6
[2025-06-17T23:08:24.305+0300][18504][15500][debug][gc,phases] GC(2)     Total                          Min: 0, Avg:  0.0, Max: 0, Diff: 0, Sum: 0, Workers: 6
[2025-06-17T23:08:24.305+0300][18504][15500][debug][gc,phases] GC(2)   StringDedup Requests0 Weak     Min:  0.0, Avg:  0.0, Max:  0.0, Diff:  0.0, Sum:  0.0, Workers: 6
[2025-06-17T23:08:24.305+0300][18504][15500][debug][gc,phases] GC(2)     Dead                           Min: 0, Avg:  0.0, Max: 0, Diff: 0, Sum: 0, Workers: 6
[2025-06-17T23:08:24.305+0300][18504][15500][debug][gc,phases] GC(2)     Total                          Min: 0, Avg:  0.0, Max: 0, Diff: 0, Sum: 0, Workers: 6
[2025-06-17T23:08:24.305+0300][18504][15500][debug][gc,phases] GC(2)   StringDedup Requests1 Weak     Min:  0.0, Avg:  0.0, Max:  0.0, Diff:  0.0, Sum:  0.0, Workers: 6
[2025-06-17T23:08:24.305+0300][18504][15500][debug][gc,phases] GC(2)     Dead                           Min: 0, Avg:  0.0, Max: 0, Diff: 0, Sum: 0, Workers: 6
[2025-06-17T23:08:24.305+0300][18504][15500][debug][gc,phases] GC(2)     Total                          Min: 0, Avg:  0.0, Max: 0, Diff: 0, Sum: 0, Workers: 6
[2025-06-17T23:08:24.305+0300][18504][15500][debug][gc,phases] GC(2)   Weak JFR Old Object Samples    Min:  0.0, Avg:  0.0, Max:  0.0, Diff:  0.0, Sum:  0.0, Workers: 6
[2025-06-17T23:08:24.305+0300][18504][15500][debug][gc,phases] GC(2)     Dead                           Min: 0, Avg:  0.0, Max: 0, Diff: 0, Sum: 0, Workers: 6
[2025-06-17T23:08:24.305+0300][18504][15500][debug][gc,phases] GC(2)     Total                          Min: 0, Avg:  0.0, Max: 0, Diff: 0, Sum: 0, Workers: 6
[2025-06-17T23:08:24.305+0300][18504][15500][debug][gc,phases] GC(2) Phase 1: Weak Processing 0.324ms
[2025-06-17T23:08:24.305+0300][18504][15500][debug][gc,phases] GC(2) ClassLoaderData 0.001ms
[2025-06-17T23:08:24.305+0300][18504][15500][debug][gc,phases] GC(2) Trigger cleanups 0.002ms
[2025-06-17T23:08:24.305+0300][18504][15500][debug][gc,phases] GC(2) G1 Complete Cleaning 0.441ms
[2025-06-17T23:08:24.305+0300][18504][15500][debug][gc,phases] GC(2) Purge Unlinked NMethods 0.191ms
[2025-06-17T23:08:24.305+0300][18504][15500][debug][gc,phases] GC(2) Unregister NMethods 0.095ms
[2025-06-17T23:08:24.305+0300][18504][15500][debug][gc,phases] GC(2) Free Code Blobs 0.077ms
[2025-06-17T23:08:24.305+0300][18504][15500][debug][gc,phases] GC(2) Purge Class Loader Data 0.021ms
[2025-06-17T23:08:24.305+0300][18504][15500][debug][gc,phases] GC(2) Phase 1: Class Unloading and Cleanup 0.927ms
[2025-06-17T23:08:24.305+0300][18504][15500][debug][gc,phases] GC(2) Report Object Count 0.001ms
[2025-06-17T23:08:24.305+0300][18504][15500][info ][gc,phases] GC(2) Phase 1: Mark live objects 2.190ms
[2025-06-17T23:08:24.305+0300][18504][15500][debug][gc,phases] GC(2) Phase 2: Determine work lists 0.058ms
[2025-06-17T23:08:24.305+0300][18504][15500][debug][gc,phases] GC(2) Phase 2: Prepare parallel compaction 0.532ms
[2025-06-17T23:08:24.305+0300][18504][15500][info ][gc,phases] GC(2) Phase 2: Prepare compaction 0.615ms
[2025-06-17T23:08:24.305+0300][18504][15500][info ][gc,phases] GC(2) Phase 3: Adjust pointers 0.952ms
[2025-06-17T23:08:24.305+0300][18504][15500][info ][gc,phases] GC(2) Phase 4: Compact heap 0.572ms
[2025-06-17T23:08:24.318+0300][18504][15500][info ][gc,phases] GC(2) Phase 5: Reset Metadata 2.048ms
[2025-06-17T23:08:24.333+0300][18504][15500][info ][gc,heap  ] GC(2) Eden regions: 16->0(76)
[2025-06-17T23:08:24.333+0300][18504][15500][info ][gc,heap  ] GC(2) Survivor regions: 0->0(0)
[2025-06-17T23:08:24.333+0300][18504][15500][info ][gc,heap  ] GC(2) Old regions: 8->8
[2025-06-17T23:08:24.333+0300][18504][15500][info ][gc,heap  ] GC(2) Humongous regions: 0->0
[2025-06-17T23:08:24.333+0300][18504][15500][debug][gc,heap  ] GC(2) Heap after GC invocations=3 (full 3):
[2025-06-17T23:08:24.333+0300][18504][15500][debug][gc,heap  ] GC(2)  garbage-first heap   total 12582912K, used 2758K [0x0000000500000000, 0x0000000800000000)
[2025-06-17T23:08:24.333+0300][18504][15500][debug][gc,heap  ] GC(2)   region size 8192K, 0 young (0K), 0 survivors (0K)
[2025-06-17T23:08:24.333+0300][18504][15500][debug][gc,heap  ] GC(2)  Metaspace       used 5405K, committed 5632K, reserved 1114112K
[2025-06-17T23:08:24.333+0300][18504][15500][debug][gc,heap  ] GC(2)   class space    used 582K, committed 704K, reserved 1048576K
[2025-06-17T23:08:24.333+0300][18504][15500][info ][gc       ] GC(2) Pause Full (System.gc()) 130M->2M(12288M) 22.579ms
[2025-06-17T23:08:24.333+0300][18504][15500][info ][safepoint] Safepoint "G1CollectFull", Time since last: 157592300 ns, Reaching safepoint: 32400 ns, Cleanup: 5700 ns, At safepoint: 22596200 ns, Total: 22634300 ns
[2025-06-17T23:08:26.340+0300][18504][15500][debug][safepoint] Safepoint synchronization initiated using striped semaphore wait barrier. (20 threads)
[2025-06-17T23:08:26.340+0300][18504][15500][info ][safepoint] Safepoint "Cleanup", Time since last: 2005009100 ns, Reaching safepoint: 43900 ns, Cleanup: 15500 ns, At safepoint: 4100 ns, Total: 63500 ns
[2025-06-17T23:08:30.473+0300][18504][15500][debug][safepoint] Safepoint synchronization initiated using striped semaphore wait barrier. (11 threads)
