[2025-05-20T20:26:49.607+0300][22856][12856][debug][gc,heap] Minimum heap 12884901888  Initial heap 12884901888  Maximum heap 12884901888
[2025-05-20T20:26:49.607+0300][22856][12856][info ][gc     ] Using G1
[2025-05-20T20:26:49.607+0300][22856][12856][debug][gc     ] ConcGCThreads: 2 offset 16
[2025-05-20T20:26:49.607+0300][22856][12856][debug][gc     ] ParallelGCThreads: 8
[2025-05-20T20:26:49.607+0300][22856][12856][debug][gc     ] Initialize mark stack with 4096 chunks, maximum 524288
[2025-05-20T20:26:50.701+0300][22856][21016][debug][safepoint] Safepoint synchronization initiated using striped semaphore wait barrier. (11 threads)
[2025-05-20T20:26:50.701+0300][22856][21016][info ][safepoint] Safepoint "Cleanup", Time since last: 1059850800 ns, Reaching safepoint: 206700 ns, Cleanup: 51300 ns, At safepoint: 4200 ns, Total: 262200 ns
[2025-05-20T20:26:51.477+0300][22856][21016][debug][safepoint] Safepoint synchronization initiated using striped semaphore wait barrier. (12 threads)
[2025-05-20T20:26:51.477+0300][22856][21016][debug][gc,heap  ] GC(0) Heap before GC invocations=0 (full 0):
[2025-05-20T20:26:51.477+0300][22856][21016][debug][gc,heap  ] GC(0)  garbage-first heap   total 12582912K, used 155648K [0x0000000500000000, 0x0000000800000000)
[2025-05-20T20:26:51.477+0300][22856][21016][debug][gc,heap  ] GC(0)   region size 8192K, 20 young (163840K), 0 survivors (0K)
[2025-05-20T20:26:51.477+0300][22856][21016][debug][gc,heap  ] GC(0)  Metaspace       used 2836K, committed 3072K, reserved 1114112K
[2025-05-20T20:26:51.477+0300][22856][21016][debug][gc,heap  ] GC(0)   class space    used 256K, committed 384K, reserved 1048576K
[2025-05-20T20:26:51.477+0300][22856][21016][debug][gc,phases] GC(0) Phase 1: Reference Processing 0.185ms
[2025-05-20T20:26:51.477+0300][22856][21016][debug][gc,phases] GC(0)   VM Weak                        Min:  0.0, Avg:  0.0, Max:  0.0, Diff:  0.0, Sum:  0.0, Workers: 5
[2025-05-20T20:26:51.477+0300][22856][21016][debug][gc,phases] GC(0)     Dead                           Min: 0, Avg:  0.0, Max: 0, Diff: 0, Sum: 0, Workers: 5
[2025-05-20T20:26:51.477+0300][22856][21016][debug][gc,phases] GC(0)     Total                          Min: 0, Avg:  4.0, Max: 20, Diff: 20, Sum: 20, Workers: 5
[2025-05-20T20:26:51.477+0300][22856][21016][debug][gc,phases] GC(0)   ObjectSynchronizer Weak        Min:  0.0, Avg:  0.0, Max:  0.0, Diff:  0.0, Sum:  0.0, Workers: 5
[2025-05-20T20:26:51.477+0300][22856][21016][debug][gc,phases] GC(0)     Dead                           Min: 0, Avg:  0.0, Max: 0, Diff: 0, Sum: 0, Workers: 5
[2025-05-20T20:26:51.477+0300][22856][21016][debug][gc,phases] GC(0)     Total                          Min: 0, Avg:  0.2, Max: 1, Diff: 1, Sum: 1, Workers: 5
[2025-05-20T20:26:51.477+0300][22856][21016][debug][gc,phases] GC(0)   JVMTI Tag Weak OopStorage      Min:  0.0, Avg:  0.0, Max:  0.0, Diff:  0.0, Sum:  0.0, Workers: 5
[2025-05-20T20:26:51.477+0300][22856][21016][debug][gc,phases] GC(0)     Dead                           Min: 0, Avg:  0.0, Max: 0, Diff: 0, Sum: 0, Workers: 5
[2025-05-20T20:26:51.477+0300][22856][21016][debug][gc,phases] GC(0)     Total                          Min: 0, Avg:  0.0, Max: 0, Diff: 0, Sum: 0, Workers: 5
[2025-05-20T20:26:51.477+0300][22856][21016][debug][gc,phases] GC(0)   StringTable Weak               Min:  0.0, Avg:  0.0, Max:  0.0, Diff:  0.0, Sum:  0.0, Workers: 5
[2025-05-20T20:26:51.477+0300][22856][21016][debug][gc,phases] GC(0)     Dead                           Min: 0, Avg:  1.0, Max: 2, Diff: 2, Sum: 5, Workers: 5
[2025-05-20T20:26:51.477+0300][22856][21016][debug][gc,phases] GC(0)     Total                          Min: 0, Avg: 850.0, Max: 1242, Diff: 1242, Sum: 4250, Workers: 5
[2025-05-20T20:26:51.477+0300][22856][21016][debug][gc,phases] GC(0)   ResolvedMethodTable Weak       Min:  0.0, Avg:  0.0, Max:  0.0, Diff:  0.0, Sum:  0.0, Workers: 5
[2025-05-20T20:26:51.477+0300][22856][21016][debug][gc,phases] GC(0)     Dead                           Min: 0, Avg:  4.2, Max: 13, Diff: 13, Sum: 21, Workers: 5
[2025-05-20T20:26:51.477+0300][22856][21016][debug][gc,phases] GC(0)     Total                          Min: 0, Avg: 40.4, Max: 64, Diff: 64, Sum: 202, Workers: 5
[2025-05-20T20:26:51.477+0300][22856][21016][debug][gc,phases] GC(0)   JNI Weak                       Min:  0.0, Avg:  0.0, Max:  0.0, Diff:  0.0, Sum:  0.0, Workers: 5
[2025-05-20T20:26:51.477+0300][22856][21016][debug][gc,phases] GC(0)     Dead                           Min: 0, Avg:  0.0, Max: 0, Diff: 0, Sum: 0, Workers: 5
[2025-05-20T20:26:51.477+0300][22856][21016][debug][gc,phases] GC(0)     Total                          Min: 0, Avg:  0.0, Max: 0, Diff: 0, Sum: 0, Workers: 5
[2025-05-20T20:26:51.477+0300][22856][21016][debug][gc,phases] GC(0)   StringDedup Table Weak         Min:  0.0, Avg:  0.0, Max:  0.0, Diff:  0.0, Sum:  0.0, Workers: 5
[2025-05-20T20:26:51.477+0300][22856][21016][debug][gc,phases] GC(0)     Dead                           Min: 0, Avg:  0.0, Max: 0, Diff: 0, Sum: 0, Workers: 5
[2025-05-20T20:26:51.477+0300][22856][21016][debug][gc,phases] GC(0)     Total                          Min: 0, Avg:  0.0, Max: 0, Diff: 0, Sum: 0, Workers: 5
[2025-05-20T20:26:51.477+0300][22856][21016][debug][gc,phases] GC(0)   StringDedup Requests0 Weak     Min:  0.0, Avg:  0.0, Max:  0.0, Diff:  0.0, Sum:  0.0, Workers: 5
[2025-05-20T20:26:51.477+0300][22856][21016][debug][gc,phases] GC(0)     Dead                           Min: 0, Avg:  0.0, Max: 0, Diff: 0, Sum: 0, Workers: 5
[2025-05-20T20:26:51.477+0300][22856][21016][debug][gc,phases] GC(0)     Total                          Min: 0, Avg:  0.0, Max: 0, Diff: 0, Sum: 0, Workers: 5
[2025-05-20T20:26:51.477+0300][22856][21016][debug][gc,phases] GC(0)   StringDedup Requests1 Weak     Min:  0.0, Avg:  0.0, Max:  0.0, Diff:  0.0, Sum:  0.0, Workers: 5
[2025-05-20T20:26:51.477+0300][22856][21016][debug][gc,phases] GC(0)     Dead                           Min: 0, Avg:  0.0, Max: 0, Diff: 0, Sum: 0, Workers: 5
[2025-05-20T20:26:51.477+0300][22856][21016][debug][gc,phases] GC(0)     Total                          Min: 0, Avg:  0.0, Max: 0, Diff: 0, Sum: 0, Workers: 5
[2025-05-20T20:26:51.477+0300][22856][21016][debug][gc,phases] GC(0)   Weak JFR Old Object Samples    Min:  0.0, Avg:  0.0, Max:  0.0, Diff:  0.0, Sum:  0.0, Workers: 5
[2025-05-20T20:26:51.477+0300][22856][21016][debug][gc,phases] GC(0)     Dead                           Min: 0, Avg:  0.0, Max: 0, Diff: 0, Sum: 0, Workers: 5
[2025-05-20T20:26:51.477+0300][22856][21016][debug][gc,phases] GC(0)     Total                          Min: 0, Avg:  0.0, Max: 0, Diff: 0, Sum: 0, Workers: 5
[2025-05-20T20:26:51.477+0300][22856][21016][debug][gc,phases] GC(0) Phase 1: Weak Processing 0.504ms
[2025-05-20T20:26:51.477+0300][22856][21016][debug][gc,phases] GC(0) ClassLoaderData 0.004ms
[2025-05-20T20:26:51.477+0300][22856][21016][debug][gc,phases] GC(0) Trigger cleanups 0.001ms
[2025-05-20T20:26:51.492+0300][22856][21016][debug][gc,phases] GC(0) G1 Complete Cleaning 0.658ms
[2025-05-20T20:26:51.492+0300][22856][21016][debug][gc,phases] GC(0) Purge Unlinked NMethods 0.001ms
[2025-05-20T20:26:51.492+0300][22856][21016][debug][gc,phases] GC(0) Unregister NMethods 0.118ms
[2025-05-20T20:26:51.492+0300][22856][21016][debug][gc,phases] GC(0) Free Code Blobs 0.001ms
[2025-05-20T20:26:51.492+0300][22856][21016][debug][gc,phases] GC(0) Purge Class Loader Data 0.022ms
[2025-05-20T20:26:51.492+0300][22856][21016][debug][gc,phases] GC(0) Phase 1: Class Unloading and Cleanup 0.903ms
[2025-05-20T20:26:51.492+0300][22856][21016][debug][gc,phases] GC(0) Report Object Count 0.001ms
[2025-05-20T20:26:51.492+0300][22856][21016][info ][gc,phases] GC(0) Phase 1: Mark live objects 2.740ms
[2025-05-20T20:26:51.492+0300][22856][21016][debug][gc,phases] GC(0) Phase 2: Determine work lists 0.036ms
[2025-05-20T20:26:51.492+0300][22856][21016][debug][gc,phases] GC(0) Phase 2: Prepare parallel compaction 0.866ms
[2025-05-20T20:26:51.492+0300][22856][21016][info ][gc,phases] GC(0) Phase 2: Prepare compaction 0.941ms
[2025-05-20T20:26:51.492+0300][22856][21016][info ][gc,phases] GC(0) Phase 3: Adjust pointers 1.178ms
[2025-05-20T20:26:51.492+0300][22856][21016][info ][gc,phases] GC(0) Phase 4: Compact heap 1.382ms
[2025-05-20T20:26:51.498+0300][22856][21016][info ][gc,phases] GC(0) Phase 5: Reset Metadata 2.286ms
[2025-05-20T20:26:51.514+0300][22856][21016][info ][gc,heap  ] GC(0) Eden regions: 20->0(76)
[2025-05-20T20:26:51.514+0300][22856][21016][info ][gc,heap  ] GC(0) Survivor regions: 0->0(0)
[2025-05-20T20:26:51.514+0300][22856][21016][info ][gc,heap  ] GC(0) Old regions: 0->8
[2025-05-20T20:26:51.514+0300][22856][21016][info ][gc,heap  ] GC(0) Humongous regions: 0->0
[2025-05-20T20:26:51.514+0300][22856][21016][debug][gc,heap  ] GC(0) Heap after GC invocations=1 (full 1):
[2025-05-20T20:26:51.514+0300][22856][21016][debug][gc,heap  ] GC(0)  garbage-first heap   total 12582912K, used 2947K [0x0000000500000000, 0x0000000800000000)
[2025-05-20T20:26:51.514+0300][22856][21016][debug][gc,heap  ] GC(0)   region size 8192K, 0 young (0K), 0 survivors (0K)
[2025-05-20T20:26:51.514+0300][22856][21016][debug][gc,heap  ] GC(0)  Metaspace       used 2836K, committed 3072K, reserved 1114112K
[2025-05-20T20:26:51.514+0300][22856][21016][debug][gc,heap  ] GC(0)   class space    used 256K, committed 384K, reserved 1048576K
[2025-05-20T20:26:51.514+0300][22856][21016][info ][gc       ] GC(0) Pause Full (System.gc()) 160M->2M(12288M) 26.344ms
[2025-05-20T20:26:51.514+0300][22856][21016][info ][safepoint] Safepoint "G1CollectFull", Time since last: 788513900 ns, Reaching safepoint: 48300 ns, Cleanup: 28600 ns, At safepoint: 26372100 ns, Total: 26449000 ns
[2025-05-20T20:26:51.851+0300][22856][21016][debug][safepoint] Safepoint synchronization initiated using striped semaphore wait barrier. (21 threads)
[2025-05-20T20:26:51.851+0300][22856][21016][info ][safepoint] Safepoint "ICBufferFull", Time since last: 335482200 ns, Reaching safepoint: 84300 ns, Cleanup: 87900 ns, At safepoint: 13300 ns, Total: 185500 ns
[2025-05-20T20:26:51.851+0300][22856][21016][debug][safepoint] Safepoint synchronization initiated using striped semaphore wait barrier. (21 threads)
[2025-05-20T20:26:51.851+0300][22856][21016][info ][safepoint] Safepoint "ICBufferFull", Time since last: 40800 ns, Reaching safepoint: 27300 ns, Cleanup: 6000 ns, At safepoint: 12700 ns, Total: 46000 ns
[2025-05-20T20:26:51.851+0300][22856][21016][debug][safepoint] Safepoint synchronization initiated using striped semaphore wait barrier. (21 threads)
[2025-05-20T20:26:51.851+0300][22856][21016][info ][safepoint] Safepoint "ICBufferFull", Time since last: 137500 ns, Reaching safepoint: 45800 ns, Cleanup: 3800 ns, At safepoint: 11400 ns, Total: 61000 ns
[2025-05-20T20:26:51.853+0300][22856][21016][debug][safepoint] Safepoint synchronization initiated using striped semaphore wait barrier. (21 threads)
[2025-05-20T20:26:51.853+0300][22856][21016][info ][safepoint] Safepoint "ICBufferFull", Time since last: 962300 ns, Reaching safepoint: 73900 ns, Cleanup: 5500 ns, At safepoint: 13700 ns, Total: 93100 ns
[2025-05-20T20:26:52.011+0300][22856][21016][debug][safepoint] Safepoint synchronization initiated using striped semaphore wait barrier. (21 threads)
[2025-05-20T20:26:52.013+0300][22856][21016][info ][safepoint] Safepoint "ICBufferFull", Time since last: 159592500 ns, Reaching safepoint: 97500 ns, Cleanup: 96200 ns, At safepoint: 14300 ns, Total: 208000 ns
[2025-05-20T20:26:52.895+0300][22856][21016][debug][safepoint] Safepoint synchronization initiated using striped semaphore wait barrier. (21 threads)
[2025-05-20T20:26:52.895+0300][22856][15484][debug][safepoint] ... found polling page loop exception at pc = 0x000002529a5b8960, stub =0x0000025299fb5d80
[2025-05-20T20:26:52.895+0300][22856][21016][debug][gc,heap  ] GC(1) Heap before GC invocations=1 (full 1):
[2025-05-20T20:26:52.897+0300][22856][21016][debug][gc,heap  ] GC(1)  garbage-first heap   total 12582912K, used 617347K [0x0000000500000000, 0x0000000800000000)
[2025-05-20T20:26:52.897+0300][22856][21016][debug][gc,heap  ] GC(1)   region size 8192K, 76 young (622592K), 0 survivors (0K)
[2025-05-20T20:26:52.897+0300][22856][21016][debug][gc,heap  ] GC(1)  Metaspace       used 8867K, committed 9472K, reserved 1114112K
[2025-05-20T20:26:52.897+0300][22856][21016][debug][gc,heap  ] GC(1)   class space    used 980K, committed 1216K, reserved 1048576K
[2025-05-20T20:26:52.899+0300][22856][21016][info ][gc,phases] GC(1)   Pre Evacuate Collection Set: 0.2ms
[2025-05-20T20:26:52.899+0300][22856][21016][debug][gc,phases] GC(1)     Pre Evacuate Prepare: 0.0ms
[2025-05-20T20:26:52.899+0300][22856][21016][debug][gc,phases] GC(1)       JT Retire TLABs And Flush Logs (ms): Min:  0.0, Avg:  0.0, Max:  0.0, Diff:  0.0, Sum:  0.0, Workers: 2
[2025-05-20T20:26:52.899+0300][22856][21016][debug][gc,phases] GC(1)       Non-JT Flush Logs (ms):        Min:  0.0, Avg:  0.0, Max:  0.0, Diff:  0.0, Sum:  0.0, Workers: 1
[2025-05-20T20:26:52.899+0300][22856][21016][debug][gc,phases] GC(1)     Choose Collection Set: 0.0ms
[2025-05-20T20:26:52.899+0300][22856][21016][debug][gc,phases] GC(1)     Region Register: 0.1ms
[2025-05-20T20:26:52.899+0300][22856][21016][debug][gc,phases] GC(1)     Prepare Heap Roots: 0.0ms
[2025-05-20T20:26:52.899+0300][22856][21016][info ][gc,phases] GC(1)   Merge Heap Roots: 0.2ms
[2025-05-20T20:26:52.899+0300][22856][21016][debug][gc,phases] GC(1)     Prepare Merge Heap Roots: 0.1ms
[2025-05-20T20:26:52.899+0300][22856][21016][debug][gc,phases] GC(1)     Remembered Sets (ms):          Min:  0.0, Avg:  0.0, Max:  0.0, Diff:  0.0, Sum:  0.1, Workers: 8
[2025-05-20T20:26:52.899+0300][22856][21016][debug][gc,phases] GC(1)       Eager Reclaim (ms):            skipped
[2025-05-20T20:26:52.899+0300][22856][21016][debug][gc,phases] GC(1)       Merged Inline                  Min: 0, Avg:  0.0, Max: 0, Diff: 0, Sum: 0, Workers: 8
[2025-05-20T20:26:52.899+0300][22856][21016][debug][gc,phases] GC(1)       Merged ArrayOfCards            Min: 0, Avg:  0.0, Max: 0, Diff: 0, Sum: 0, Workers: 8
[2025-05-20T20:26:52.899+0300][22856][21016][debug][gc,phases] GC(1)       Merged Howl                    Min: 0, Avg:  0.0, Max: 0, Diff: 0, Sum: 0, Workers: 8
[2025-05-20T20:26:52.899+0300][22856][21016][debug][gc,phases] GC(1)       Merged Full                    Min: 0, Avg:  0.0, Max: 0, Diff: 0, Sum: 0, Workers: 8
[2025-05-20T20:26:52.899+0300][22856][21016][debug][gc,phases] GC(1)       Merged Howl Inline             Min: 0, Avg:  0.0, Max: 0, Diff: 0, Sum: 0, Workers: 8
[2025-05-20T20:26:52.899+0300][22856][21016][debug][gc,phases] GC(1)       Merged Howl ArrayOfCards       Min: 0, Avg:  0.0, Max: 0, Diff: 0, Sum: 0, Workers: 8
[2025-05-20T20:26:52.899+0300][22856][21016][debug][gc,phases] GC(1)       Merged Howl BitMap             Min: 0, Avg:  0.0, Max: 0, Diff: 0, Sum: 0, Workers: 8
[2025-05-20T20:26:52.899+0300][22856][21016][debug][gc,phases] GC(1)       Merged Howl Full               Min: 0, Avg:  0.0, Max: 0, Diff: 0, Sum: 0, Workers: 8
[2025-05-20T20:26:52.899+0300][22856][21016][debug][gc,phases] GC(1)       Merged Cards                   Min: 8, Avg:  8.0, Max: 8, Diff: 0, Sum: 64, Workers: 8
[2025-05-20T20:26:52.899+0300][22856][21016][debug][gc,phases] GC(1)     Log Buffers (ms):              Min:  0.0, Avg:  0.0, Max:  0.0, Diff:  0.0, Sum:  0.0, Workers: 8
[2025-05-20T20:26:52.899+0300][22856][21016][debug][gc,phases] GC(1)       Dirty Cards:                   Min: 0, Avg: 37.4, Max: 196, Diff: 196, Sum: 299, Workers: 8
[2025-05-20T20:26:52.899+0300][22856][21016][debug][gc,phases] GC(1)       Skipped Cards:                 Min: 0, Avg:  0.0, Max: 0, Diff: 0, Sum: 0, Workers: 8
[2025-05-20T20:26:52.899+0300][22856][21016][info ][gc,phases] GC(1)   Evacuate Collection Set: 2.0ms
[2025-05-20T20:26:52.899+0300][22856][21016][debug][gc,phases] GC(1)     Ext Root Scanning (ms):        Min:  0.1, Avg:  0.4, Max:  0.8, Diff:  0.7, Sum:  2.8, Workers: 8
[2025-05-20T20:26:52.899+0300][22856][21016][debug][gc,phases] GC(1)     Scan Heap Roots (ms):          Min:  0.0, Avg:  0.0, Max:  0.1, Diff:  0.1, Sum:  0.3, Workers: 8
[2025-05-20T20:26:52.899+0300][22856][21016][debug][gc,phases] GC(1)       Scanned Cards:                 Min: 0, Avg: 37.4, Max: 94, Diff: 94, Sum: 299, Workers: 8
[2025-05-20T20:26:52.899+0300][22856][21016][debug][gc,phases] GC(1)       Scanned Blocks:                Min: 0, Avg: 21.1, Max: 55, Diff: 55, Sum: 169, Workers: 8
[2025-05-20T20:26:52.899+0300][22856][21016][debug][gc,phases] GC(1)       Claimed Chunks:                Min: 0, Avg:  2.9, Max: 7, Diff: 7, Sum: 23, Workers: 8
[2025-05-20T20:26:52.899+0300][22856][21016][debug][gc,phases] GC(1)       Found Roots:                   Min: 0, Avg: 163.2, Max: 513, Diff: 513, Sum: 1306, Workers: 8
[2025-05-20T20:26:52.899+0300][22856][21016][debug][gc,phases] GC(1)     Code Root Scan (ms):           Min:  0.0, Avg:  0.2, Max:  0.7, Diff:  0.7, Sum:  1.8, Workers: 8
[2025-05-20T20:26:52.899+0300][22856][21016][debug][gc,phases] GC(1)       Scanned Nmethods               Min: 0, Avg: 47.4, Max: 120, Diff: 120, Sum: 379, Workers: 8
[2025-05-20T20:26:52.899+0300][22856][21016][debug][gc,phases] GC(1)     Object Copy (ms):              Min:  0.4, Avg:  0.7, Max:  1.2, Diff:  0.9, Sum:  5.7, Workers: 8
[2025-05-20T20:26:52.899+0300][22856][21016][debug][gc,phases] GC(1)     Termination (ms):              Min:  0.0, Avg:  0.5, Max:  0.8, Diff:  0.8, Sum:  4.3, Workers: 8
[2025-05-20T20:26:52.899+0300][22856][21016][debug][gc,phases] GC(1)       Termination Attempts:          Min: 1, Avg:  2.4, Max: 5, Diff: 4, Sum: 19, Workers: 8
[2025-05-20T20:26:52.899+0300][22856][21016][debug][gc,phases] GC(1)     GC Worker Other (ms):          Min:  0.0, Avg:  0.1, Max:  0.2, Diff:  0.1, Sum:  0.4, Workers: 8
[2025-05-20T20:26:52.899+0300][22856][21016][debug][gc,phases] GC(1)     GC Worker Total (ms):          Min:  1.9, Avg:  1.9, Max:  1.9, Diff:  0.0, Sum: 15.3, Workers: 8
[2025-05-20T20:26:52.899+0300][22856][21016][info ][gc,phases] GC(1)   Post Evacuate Collection Set: 1.0ms
[2025-05-20T20:26:52.899+0300][22856][21016][debug][gc,phases] GC(1)     NMethod List Cleanup: 0.1ms
[2025-05-20T20:26:52.899+0300][22856][21016][debug][gc,phases] GC(1)     Reference Processing: 0.2ms
[2025-05-20T20:26:52.899+0300][22856][21016][debug][gc,phases] GC(1)     Weak Processing: 0.1ms
[2025-05-20T20:26:52.899+0300][22856][21016][debug][gc,phases] GC(1)       VM Weak                        Min:  0.0, Avg:  0.0, Max:  0.0, Diff:  0.0, Sum:  0.1, Workers: 8
[2025-05-20T20:26:52.899+0300][22856][21016][debug][gc,phases] GC(1)         Dead                           Min: 0, Avg:  0.0, Max: 0, Diff: 0, Sum: 0, Workers: 8
[2025-05-20T20:26:52.899+0300][22856][21016][debug][gc,phases] GC(1)         Total                          Min: 0, Avg: 46.9, Max: 128, Diff: 128, Sum: 375, Workers: 8
[2025-05-20T20:26:52.899+0300][22856][21016][debug][gc,phases] GC(1)       ObjectSynchronizer Weak        Min:  0.0, Avg:  0.0, Max:  0.0, Diff:  0.0, Sum:  0.0, Workers: 8
[2025-05-20T20:26:52.899+0300][22856][21016][debug][gc,phases] GC(1)         Dead                           Min: 0, Avg: 13.1, Max: 58, Diff: 58, Sum: 105, Workers: 8
[2025-05-20T20:26:52.899+0300][22856][21016][debug][gc,phases] GC(1)         Total                          Min: 0, Avg: 17.5, Max: 64, Diff: 64, Sum: 140, Workers: 8
[2025-05-20T20:26:52.899+0300][22856][21016][debug][gc,phases] GC(1)       JVMTI Tag Weak OopStorage      Min:  0.0, Avg:  0.0, Max:  0.0, Diff:  0.0, Sum:  0.0, Workers: 8
[2025-05-20T20:26:52.899+0300][22856][21016][debug][gc,phases] GC(1)         Dead                           Min: 0, Avg:  0.0, Max: 0, Diff: 0, Sum: 0, Workers: 8
[2025-05-20T20:26:52.899+0300][22856][21016][debug][gc,phases] GC(1)         Total                          Min: 0, Avg:  0.0, Max: 0, Diff: 0, Sum: 0, Workers: 8
[2025-05-20T20:26:52.899+0300][22856][21016][debug][gc,phases] GC(1)       StringTable Weak               Min:  0.0, Avg:  0.0, Max:  0.0, Diff:  0.0, Sum:  0.2, Workers: 8
[2025-05-20T20:26:52.899+0300][22856][21016][debug][gc,phases] GC(1)         Dead                           Min: 0, Avg:  1.0, Max: 5, Diff: 5, Sum: 8, Workers: 8
[2025-05-20T20:26:52.899+0300][22856][21016][debug][gc,phases] GC(1)         Total                          Min: 0, Avg: 769.0, Max: 1344, Diff: 1344, Sum: 6152, Workers: 8
[2025-05-20T20:26:52.899+0300][22856][21016][debug][gc,phases] GC(1)       ResolvedMethodTable Weak       Min:  0.0, Avg:  0.0, Max:  0.0, Diff:  0.0, Sum:  0.1, Workers: 8
[2025-05-20T20:26:52.899+0300][22856][21016][debug][gc,phases] GC(1)         Dead                           Min: 0, Avg: 36.9, Max: 92, Diff: 92, Sum: 295, Workers: 8
[2025-05-20T20:26:52.899+0300][22856][21016][debug][gc,phases] GC(1)         Total                          Min: 0, Avg: 109.8, Max: 256, Diff: 256, Sum: 878, Workers: 8
[2025-05-20T20:26:52.899+0300][22856][21016][debug][gc,phases] GC(1)       JNI Weak                       Min:  0.0, Avg:  0.0, Max:  0.0, Diff:  0.0, Sum:  0.0, Workers: 8
[2025-05-20T20:26:52.899+0300][22856][21016][debug][gc,phases] GC(1)         Dead                           Min: 0, Avg:  0.0, Max: 0, Diff: 0, Sum: 0, Workers: 8
[2025-05-20T20:26:52.899+0300][22856][21016][debug][gc,phases] GC(1)         Total                          Min: 0, Avg:  3.0, Max: 24, Diff: 24, Sum: 24, Workers: 8
[2025-05-20T20:26:52.899+0300][22856][21016][debug][gc,phases] GC(1)       StringDedup Table Weak         Min:  0.0, Avg:  0.0, Max:  0.0, Diff:  0.0, Sum:  0.0, Workers: 8
[2025-05-20T20:26:52.899+0300][22856][21016][debug][gc,phases] GC(1)         Dead                           Min: 0, Avg:  0.0, Max: 0, Diff: 0, Sum: 0, Workers: 8
[2025-05-20T20:26:52.899+0300][22856][21016][debug][gc,phases] GC(1)         Total                          Min: 0, Avg:  0.0, Max: 0, Diff: 0, Sum: 0, Workers: 8
[2025-05-20T20:26:52.899+0300][22856][21016][debug][gc,phases] GC(1)       StringDedup Requests0 Weak     Min:  0.0, Avg:  0.0, Max:  0.0, Diff:  0.0, Sum:  0.0, Workers: 8
[2025-05-20T20:26:52.899+0300][22856][21016][debug][gc,phases] GC(1)         Dead                           Min: 0, Avg:  0.0, Max: 0, Diff: 0, Sum: 0, Workers: 8
[2025-05-20T20:26:52.899+0300][22856][21016][debug][gc,phases] GC(1)         Total                          Min: 0, Avg:  0.0, Max: 0, Diff: 0, Sum: 0, Workers: 8
[2025-05-20T20:26:52.899+0300][22856][21016][debug][gc,phases] GC(1)       StringDedup Requests1 Weak     Min:  0.0, Avg:  0.0, Max:  0.0, Diff:  0.0, Sum:  0.0, Workers: 8
[2025-05-20T20:26:52.899+0300][22856][21016][debug][gc,phases] GC(1)         Dead                           Min: 0, Avg:  0.0, Max: 0, Diff: 0, Sum: 0, Workers: 8
[2025-05-20T20:26:52.899+0300][22856][21016][debug][gc,phases] GC(1)         Total                          Min: 0, Avg:  0.0, Max: 0, Diff: 0, Sum: 0, Workers: 8
[2025-05-20T20:26:52.899+0300][22856][21016][debug][gc,phases] GC(1)       Weak JFR Old Object Samples    Min:  0.0, Avg:  0.0, Max:  0.0, Diff:  0.0, Sum:  0.0, Workers: 8
[2025-05-20T20:26:52.899+0300][22856][21016][debug][gc,phases] GC(1)         Dead                           Min: 0, Avg:  0.0, Max: 0, Diff: 0, Sum: 0, Workers: 8
[2025-05-20T20:26:52.899+0300][22856][21016][debug][gc,phases] GC(1)         Total                          Min: 0, Avg:  0.0, Max: 0, Diff: 0, Sum: 0, Workers: 8
[2025-05-20T20:26:52.899+0300][22856][21016][debug][gc,phases] GC(1)     Post Evacuate Cleanup 1: 0.4ms
[2025-05-20T20:26:52.899+0300][22856][21016][debug][gc,phases] GC(1)       Merge Per-Thread State (ms):   Min:  0.1, Avg:  0.1, Max:  0.1, Diff:  0.0, Sum:  0.1, Workers: 1
[2025-05-20T20:26:52.899+0300][22856][21016][debug][gc,phases] GC(1)         Copied Bytes                   Min: 101680, Avg: 986532.0, Max: 2485040, Diff: 2383360, Sum: 7892256, Workers: 8
[2025-05-20T20:26:52.899+0300][22856][21016][debug][gc,phases] GC(1)         LAB Waste                      Min: 16, Avg: 164.0, Max: 536, Diff: 520, Sum: 1312, Workers: 8
[2025-05-20T20:26:52.899+0300][22856][21016][debug][gc,phases] GC(1)         LAB Undo Waste                 Min: 0, Avg:  0.0, Max: 0, Diff: 0, Sum: 0, Workers: 8
[2025-05-20T20:26:52.899+0300][22856][21016][debug][gc,phases] GC(1)       Clear Logged Cards (ms):       Min:  0.0, Avg:  0.1, Max:  0.3, Diff:  0.3, Sum:  0.4, Workers: 4
[2025-05-20T20:26:52.899+0300][22856][21016][debug][gc,phases] GC(1)       Recalculate Used Memory (ms):  Min:  0.0, Avg:  0.0, Max:  0.0, Diff:  0.0, Sum:  0.0, Workers: 1
[2025-05-20T20:26:52.899+0300][22856][21016][debug][gc,phases] GC(1)     Post Evacuate Cleanup 2: 0.1ms
[2025-05-20T20:26:52.899+0300][22856][21016][debug][gc,phases] GC(1)       Update Derived Pointers (ms):  Min:  0.0, Avg:  0.0, Max:  0.0, Diff:  0.0, Sum:  0.0, Workers: 1
[2025-05-20T20:26:52.899+0300][22856][21016][debug][gc,phases] GC(1)       Eagerly Reclaim Humongous Objects (ms): skipped
[2025-05-20T20:26:52.899+0300][22856][21016][debug][gc,phases] GC(1)         Humongous Total                skipped
[2025-05-20T20:26:52.899+0300][22856][21016][debug][gc,phases] GC(1)         Humongous Candidates           skipped
[2025-05-20T20:26:52.899+0300][22856][21016][debug][gc,phases] GC(1)         Humongous Reclaimed            skipped
[2025-05-20T20:26:52.899+0300][22856][21016][debug][gc,phases] GC(1)       Redirty Logged Cards (ms):     Min:  0.0, Avg:  0.0, Max:  0.0, Diff:  0.0, Sum:  0.0, Workers: 8
[2025-05-20T20:26:52.899+0300][22856][21016][debug][gc,phases] GC(1)         Redirtied Cards:               Min: 0, Avg: 31.9, Max: 133, Diff: 133, Sum: 255, Workers: 8
[2025-05-20T20:26:52.899+0300][22856][21016][debug][gc,phases] GC(1)       Resize TLABs (ms):             Min:  0.0, Avg:  0.0, Max:  0.0, Diff:  0.0, Sum:  0.0, Workers: 8
[2025-05-20T20:26:52.899+0300][22856][21016][debug][gc,phases] GC(1)       Free Collection Set (ms):      Min:  0.0, Avg:  0.0, Max:  0.1, Diff:  0.1, Sum:  0.2, Workers: 8
[2025-05-20T20:26:52.899+0300][22856][21016][debug][gc,phases] GC(1)     Rebuild Free List: 0.1ms
[2025-05-20T20:26:52.899+0300][22856][21016][debug][gc,phases] GC(1)     Prepare For Mutator: 0.0ms
[2025-05-20T20:26:52.902+0300][22856][21016][debug][gc,phases] GC(1)     Expand Heap After Collection: 0.0ms
[2025-05-20T20:26:52.902+0300][22856][21016][info ][gc,phases] GC(1)   Other: 0.2ms
[2025-05-20T20:26:52.902+0300][22856][21016][info ][gc,heap  ] GC(1) Eden regions: 76->0(75)
[2025-05-20T20:26:52.902+0300][22856][21016][info ][gc,heap  ] GC(1) Survivor regions: 0->1(10)
[2025-05-20T20:26:52.902+0300][22856][21016][info ][gc,heap  ] GC(1) Old regions: 8->8
[2025-05-20T20:26:52.902+0300][22856][21016][info ][gc,heap  ] GC(1) Humongous regions: 0->0
[2025-05-20T20:26:52.902+0300][22856][21016][debug][gc,heap  ] GC(1) Heap after GC invocations=2 (full 1):
[2025-05-20T20:26:52.902+0300][22856][21016][debug][gc,heap  ] GC(1)  garbage-first heap   total 12582912K, used 10808K [0x0000000500000000, 0x0000000800000000)
[2025-05-20T20:26:52.902+0300][22856][21016][debug][gc,heap  ] GC(1)   region size 8192K, 1 young (8192K), 1 survivors (8192K)
[2025-05-20T20:26:52.902+0300][22856][21016][debug][gc,heap  ] GC(1)  Metaspace       used 8867K, committed 9472K, reserved 1114112K
[2025-05-20T20:26:52.902+0300][22856][21016][debug][gc,heap  ] GC(1)   class space    used 980K, committed 1216K, reserved 1048576K
[2025-05-20T20:26:52.902+0300][22856][21016][info ][gc       ] GC(1) Pause Young (Normal) (G1 Evacuation Pause) 610M->10M(12288M) 5.590ms
[2025-05-20T20:26:52.902+0300][22856][21016][info ][safepoint] Safepoint "G1CollectForAllocation", Time since last: 883388300 ns, Reaching safepoint: 180600 ns, Cleanup: 108100 ns, At safepoint: 5641500 ns, Total: 5930200 ns
[2025-05-20T20:26:53.408+0300][22856][21016][debug][safepoint] Safepoint synchronization initiated using striped semaphore wait barrier. (21 threads)
[2025-05-20T20:26:53.408+0300][22856][2736 ][debug][safepoint] ... found polling page loop exception at pc = 0x000002529a5b8960, stub =0x0000025299fb5d80
[2025-05-20T20:26:53.408+0300][22856][9300 ][debug][safepoint] ... found polling page loop exception at pc = 0x000002529a662fa3, stub =0x0000025299fb6600
[2025-05-20T20:26:53.408+0300][22856][20176][debug][safepoint] ... found polling page loop exception at pc = 0x000002529a5b8960, stub =0x0000025299fb5d80
[2025-05-20T20:26:53.408+0300][22856][21016][debug][gc,heap  ] GC(2) Heap before GC invocations=2 (full 1):
[2025-05-20T20:26:53.408+0300][22856][21016][debug][gc,heap  ] GC(2)  garbage-first heap   total 12582912K, used 617016K [0x0000000500000000, 0x0000000800000000)
[2025-05-20T20:26:53.408+0300][22856][21016][debug][gc,heap  ] GC(2)   region size 8192K, 76 young (622592K), 1 survivors (8192K)
[2025-05-20T20:26:53.408+0300][22856][21016][debug][gc,heap  ] GC(2)  Metaspace       used 8894K, committed 9472K, reserved 1114112K
[2025-05-20T20:26:53.408+0300][22856][21016][debug][gc,heap  ] GC(2)   class space    used 981K, committed 1216K, reserved 1048576K
[2025-05-20T20:26:53.410+0300][22856][21016][info ][gc,phases] GC(2)   Pre Evacuate Collection Set: 0.2ms
[2025-05-20T20:26:53.410+0300][22856][21016][debug][gc,phases] GC(2)     Pre Evacuate Prepare: 0.1ms
[2025-05-20T20:26:53.410+0300][22856][21016][debug][gc,phases] GC(2)       JT Retire TLABs And Flush Logs (ms): Min:  0.0, Avg:  0.0, Max:  0.0, Diff:  0.0, Sum:  0.0, Workers: 2
[2025-05-20T20:26:53.410+0300][22856][21016][debug][gc,phases] GC(2)       Non-JT Flush Logs (ms):        Min:  0.0, Avg:  0.0, Max:  0.0, Diff:  0.0, Sum:  0.0, Workers: 1
[2025-05-20T20:26:53.410+0300][22856][21016][debug][gc,phases] GC(2)     Choose Collection Set: 0.0ms
[2025-05-20T20:26:53.410+0300][22856][21016][debug][gc,phases] GC(2)     Region Register: 0.2ms
[2025-05-20T20:26:53.410+0300][22856][21016][debug][gc,phases] GC(2)     Prepare Heap Roots: 0.0ms
[2025-05-20T20:26:53.410+0300][22856][21016][info ][gc,phases] GC(2)   Merge Heap Roots: 0.1ms
[2025-05-20T20:26:53.410+0300][22856][21016][debug][gc,phases] GC(2)     Prepare Merge Heap Roots: 0.0ms
[2025-05-20T20:26:53.410+0300][22856][21016][debug][gc,phases] GC(2)     Remembered Sets (ms):          Min:  0.0, Avg:  0.0, Max:  0.0, Diff:  0.0, Sum:  0.1, Workers: 8
[2025-05-20T20:26:53.410+0300][22856][21016][debug][gc,phases] GC(2)       Eager Reclaim (ms):            skipped
[2025-05-20T20:26:53.410+0300][22856][21016][debug][gc,phases] GC(2)       Merged Inline                  Min: 0, Avg:  0.0, Max: 0, Diff: 0, Sum: 0, Workers: 8
[2025-05-20T20:26:53.410+0300][22856][21016][debug][gc,phases] GC(2)       Merged ArrayOfCards            Min: 0, Avg:  0.0, Max: 0, Diff: 0, Sum: 0, Workers: 8
[2025-05-20T20:26:53.410+0300][22856][21016][debug][gc,phases] GC(2)       Merged Howl                    Min: 0, Avg:  0.0, Max: 0, Diff: 0, Sum: 0, Workers: 8
[2025-05-20T20:26:53.410+0300][22856][21016][debug][gc,phases] GC(2)       Merged Full                    Min: 0, Avg:  0.0, Max: 0, Diff: 0, Sum: 0, Workers: 8
[2025-05-20T20:26:53.410+0300][22856][21016][debug][gc,phases] GC(2)       Merged Howl Inline             Min: 0, Avg:  0.0, Max: 0, Diff: 0, Sum: 0, Workers: 8
[2025-05-20T20:26:53.410+0300][22856][21016][debug][gc,phases] GC(2)       Merged Howl ArrayOfCards       Min: 0, Avg:  0.0, Max: 0, Diff: 0, Sum: 0, Workers: 8
[2025-05-20T20:26:53.410+0300][22856][21016][debug][gc,phases] GC(2)       Merged Howl BitMap             Min: 0, Avg:  0.0, Max: 0, Diff: 0, Sum: 0, Workers: 8
[2025-05-20T20:26:53.410+0300][22856][21016][debug][gc,phases] GC(2)       Merged Howl Full               Min: 0, Avg:  0.0, Max: 0, Diff: 0, Sum: 0, Workers: 8
[2025-05-20T20:26:53.410+0300][22856][21016][debug][gc,phases] GC(2)       Merged Cards                   Min: 8, Avg:  8.0, Max: 8, Diff: 0, Sum: 64, Workers: 8
[2025-05-20T20:26:53.410+0300][22856][21016][debug][gc,phases] GC(2)     Log Buffers (ms):              Min:  0.0, Avg:  0.0, Max:  0.0, Diff:  0.0, Sum:  0.0, Workers: 8
[2025-05-20T20:26:53.410+0300][22856][21016][debug][gc,phases] GC(2)       Dirty Cards:                   Min: 0, Avg: 32.5, Max: 91, Diff: 91, Sum: 260, Workers: 8
[2025-05-20T20:26:53.410+0300][22856][21016][debug][gc,phases] GC(2)       Skipped Cards:                 Min: 0, Avg:  0.0, Max: 0, Diff: 0, Sum: 0, Workers: 8
[2025-05-20T20:26:53.410+0300][22856][21016][info ][gc,phases] GC(2)   Evacuate Collection Set: 2.1ms
[2025-05-20T20:26:53.410+0300][22856][21016][debug][gc,phases] GC(2)     Ext Root Scanning (ms):        Min:  0.0, Avg:  0.1, Max:  0.5, Diff:  0.5, Sum:  1.0, Workers: 8
[2025-05-20T20:26:53.410+0300][22856][21016][debug][gc,phases] GC(2)     Scan Heap Roots (ms):          Min:  0.0, Avg:  0.0, Max:  0.1, Diff:  0.1, Sum:  0.3, Workers: 8
[2025-05-20T20:26:53.410+0300][22856][21016][debug][gc,phases] GC(2)       Scanned Cards:                 Min: 0, Avg: 31.2, Max: 70, Diff: 70, Sum: 250, Workers: 8
[2025-05-20T20:26:53.410+0300][22856][21016][debug][gc,phases] GC(2)       Scanned Blocks:                Min: 0, Avg: 19.6, Max: 47, Diff: 47, Sum: 157, Workers: 8
[2025-05-20T20:26:53.410+0300][22856][21016][debug][gc,phases] GC(2)       Claimed Chunks:                Min: 0, Avg:  2.6, Max: 5, Diff: 5, Sum: 21, Workers: 8
[2025-05-20T20:26:53.410+0300][22856][21016][debug][gc,phases] GC(2)       Found Roots:                   Min: 0, Avg: 163.6, Max: 468, Diff: 468, Sum: 1309, Workers: 8
[2025-05-20T20:26:53.410+0300][22856][21016][debug][gc,phases] GC(2)     Code Root Scan (ms):           Min:  0.0, Avg:  0.4, Max:  0.8, Diff:  0.8, Sum:  3.1, Workers: 8
[2025-05-20T20:26:53.410+0300][22856][21016][debug][gc,phases] GC(2)       Scanned Nmethods               Min: 0, Avg: 45.4, Max: 104, Diff: 104, Sum: 363, Workers: 8
[2025-05-20T20:26:53.410+0300][22856][21016][debug][gc,phases] GC(2)     Object Copy (ms):              Min:  0.1, Avg:  0.5, Max:  1.4, Diff:  1.3, Sum:  4.2, Workers: 8
[2025-05-20T20:26:53.410+0300][22856][21016][debug][gc,phases] GC(2)     Termination (ms):              Min:  0.0, Avg:  0.4, Max:  0.6, Diff:  0.6, Sum:  3.4, Workers: 8
[2025-05-20T20:26:53.410+0300][22856][21016][debug][gc,phases] GC(2)       Termination Attempts:          Min: 1, Avg:  1.0, Max: 1, Diff: 0, Sum: 8, Workers: 8
[2025-05-20T20:26:53.410+0300][22856][21016][debug][gc,phases] GC(2)     GC Worker Other (ms):          Min:  0.0, Avg:  0.1, Max:  0.8, Diff:  0.8, Sum:  1.1, Workers: 8
[2025-05-20T20:26:53.410+0300][22856][21016][debug][gc,phases] GC(2)     GC Worker Total (ms):          Min:  1.3, Avg:  1.6, Max:  2.1, Diff:  0.8, Sum: 13.0, Workers: 8
[2025-05-20T20:26:53.410+0300][22856][21016][info ][gc,phases] GC(2)   Post Evacuate Collection Set: 0.6ms
[2025-05-20T20:26:53.410+0300][22856][21016][debug][gc,phases] GC(2)     NMethod List Cleanup: 0.0ms
[2025-05-20T20:26:53.410+0300][22856][21016][debug][gc,phases] GC(2)     Reference Processing: 0.1ms
[2025-05-20T20:26:53.410+0300][22856][21016][debug][gc,phases] GC(2)     Weak Processing: 0.1ms
[2025-05-20T20:26:53.410+0300][22856][21016][debug][gc,phases] GC(2)       VM Weak                        Min:  0.0, Avg:  0.0, Max:  0.0, Diff:  0.0, Sum:  0.0, Workers: 8
[2025-05-20T20:26:53.410+0300][22856][21016][debug][gc,phases] GC(2)         Dead                           Min: 0, Avg:  0.0, Max: 0, Diff: 0, Sum: 0, Workers: 8
[2025-05-20T20:26:53.410+0300][22856][21016][debug][gc,phases] GC(2)         Total                          Min: 0, Avg: 46.9, Max: 128, Diff: 128, Sum: 375, Workers: 8
[2025-05-20T20:26:53.410+0300][22856][21016][debug][gc,phases] GC(2)       ObjectSynchronizer Weak        Min:  0.0, Avg:  0.0, Max:  0.0, Diff:  0.0, Sum:  0.0, Workers: 8
[2025-05-20T20:26:53.410+0300][22856][21016][debug][gc,phases] GC(2)         Dead                           Min: 0, Avg:  0.0, Max: 0, Diff: 0, Sum: 0, Workers: 8
[2025-05-20T20:26:53.410+0300][22856][21016][debug][gc,phases] GC(2)         Total                          Min: 0, Avg: 17.5, Max: 64, Diff: 64, Sum: 140, Workers: 8
[2025-05-20T20:26:53.410+0300][22856][21016][debug][gc,phases] GC(2)       JVMTI Tag Weak OopStorage      Min:  0.0, Avg:  0.0, Max:  0.0, Diff:  0.0, Sum:  0.0, Workers: 8
[2025-05-20T20:26:53.410+0300][22856][21016][debug][gc,phases] GC(2)         Dead                           Min: 0, Avg:  0.0, Max: 0, Diff: 0, Sum: 0, Workers: 8
[2025-05-20T20:26:53.410+0300][22856][21016][debug][gc,phases] GC(2)         Total                          Min: 0, Avg:  0.0, Max: 0, Diff: 0, Sum: 0, Workers: 8
[2025-05-20T20:26:53.410+0300][22856][21016][debug][gc,phases] GC(2)       StringTable Weak               Min:  0.0, Avg:  0.0, Max:  0.0, Diff:  0.0, Sum:  0.1, Workers: 8
[2025-05-20T20:26:53.410+0300][22856][21016][debug][gc,phases] GC(2)         Dead                           Min: 0, Avg:  0.0, Max: 0, Diff: 0, Sum: 0, Workers: 8
[2025-05-20T20:26:53.410+0300][22856][21016][debug][gc,phases] GC(2)         Total                          Min: 0, Avg: 773.9, Max: 1280, Diff: 1280, Sum: 6191, Workers: 8
[2025-05-20T20:26:53.410+0300][22856][21016][debug][gc,phases] GC(2)       ResolvedMethodTable Weak       Min:  0.0, Avg:  0.0, Max:  0.0, Diff:  0.0, Sum:  0.0, Workers: 8
[2025-05-20T20:26:53.410+0300][22856][21016][debug][gc,phases] GC(2)         Dead                           Min: 0, Avg:  0.0, Max: 0, Diff: 0, Sum: 0, Workers: 8
[2025-05-20T20:26:53.410+0300][22856][21016][debug][gc,phases] GC(2)         Total                          Min: 0, Avg: 109.8, Max: 256, Diff: 256, Sum: 878, Workers: 8
[2025-05-20T20:26:53.410+0300][22856][21016][debug][gc,phases] GC(2)       JNI Weak                       Min:  0.0, Avg:  0.0, Max:  0.0, Diff:  0.0, Sum:  0.0, Workers: 8
[2025-05-20T20:26:53.410+0300][22856][21016][debug][gc,phases] GC(2)         Dead                           Min: 0, Avg:  0.0, Max: 0, Diff: 0, Sum: 0, Workers: 8
[2025-05-20T20:26:53.410+0300][22856][21016][debug][gc,phases] GC(2)         Total                          Min: 0, Avg:  0.0, Max: 0, Diff: 0, Sum: 0, Workers: 8
[2025-05-20T20:26:53.410+0300][22856][21016][debug][gc,phases] GC(2)       StringDedup Table Weak         Min:  0.0, Avg:  0.0, Max:  0.0, Diff:  0.0, Sum:  0.0, Workers: 8
[2025-05-20T20:26:53.410+0300][22856][21016][debug][gc,phases] GC(2)         Dead                           Min: 0, Avg:  0.0, Max: 0, Diff: 0, Sum: 0, Workers: 8
[2025-05-20T20:26:53.410+0300][22856][21016][debug][gc,phases] GC(2)         Total                          Min: 0, Avg:  0.0, Max: 0, Diff: 0, Sum: 0, Workers: 8
[2025-05-20T20:26:53.410+0300][22856][21016][debug][gc,phases] GC(2)       StringDedup Requests0 Weak     Min:  0.0, Avg:  0.0, Max:  0.0, Diff:  0.0, Sum:  0.0, Workers: 8
[2025-05-20T20:26:53.410+0300][22856][21016][debug][gc,phases] GC(2)         Dead                           Min: 0, Avg:  0.0, Max: 0, Diff: 0, Sum: 0, Workers: 8
[2025-05-20T20:26:53.410+0300][22856][21016][debug][gc,phases] GC(2)         Total                          Min: 0, Avg:  0.0, Max: 0, Diff: 0, Sum: 0, Workers: 8
[2025-05-20T20:26:53.410+0300][22856][21016][debug][gc,phases] GC(2)       StringDedup Requests1 Weak     Min:  0.0, Avg:  0.0, Max:  0.0, Diff:  0.0, Sum:  0.0, Workers: 8
[2025-05-20T20:26:53.410+0300][22856][21016][debug][gc,phases] GC(2)         Dead                           Min: 0, Avg:  0.0, Max: 0, Diff: 0, Sum: 0, Workers: 8
[2025-05-20T20:26:53.410+0300][22856][21016][debug][gc,phases] GC(2)         Total                          Min: 0, Avg:  0.0, Max: 0, Diff: 0, Sum: 0, Workers: 8
[2025-05-20T20:26:53.410+0300][22856][21016][debug][gc,phases] GC(2)       Weak JFR Old Object Samples    Min:  0.0, Avg:  0.0, Max:  0.0, Diff:  0.0, Sum:  0.0, Workers: 8
[2025-05-20T20:26:53.410+0300][22856][21016][debug][gc,phases] GC(2)         Dead                           Min: 0, Avg:  0.0, Max: 0, Diff: 0, Sum: 0, Workers: 8
[2025-05-20T20:26:53.410+0300][22856][21016][debug][gc,phases] GC(2)         Total                          Min: 0, Avg:  0.0, Max: 0, Diff: 0, Sum: 0, Workers: 8
[2025-05-20T20:26:53.410+0300][22856][21016][debug][gc,phases] GC(2)     Post Evacuate Cleanup 1: 0.2ms
[2025-05-20T20:26:53.410+0300][22856][21016][debug][gc,phases] GC(2)       Merge Per-Thread State (ms):   Min:  0.0, Avg:  0.0, Max:  0.0, Diff:  0.0, Sum:  0.0, Workers: 1
[2025-05-20T20:26:53.410+0300][22856][21016][debug][gc,phases] GC(2)         Copied Bytes                   Min: 34640, Avg: 986680.0, Max: 4401584, Diff: 4366944, Sum: 7893440, Workers: 8
[2025-05-20T20:26:53.410+0300][22856][21016][debug][gc,phases] GC(2)         LAB Waste                      Min: 56, Avg: 229.0, Max: 592, Diff: 536, Sum: 1832, Workers: 8
[2025-05-20T20:26:53.410+0300][22856][21016][debug][gc,phases] GC(2)         LAB Undo Waste                 Min: 0, Avg:  0.0, Max: 0, Diff: 0, Sum: 0, Workers: 8
[2025-05-20T20:26:53.410+0300][22856][21016][debug][gc,phases] GC(2)       Clear Logged Cards (ms):       Min:  0.0, Avg:  0.0, Max:  0.2, Diff:  0.2, Sum:  0.2, Workers: 4
[2025-05-20T20:26:53.410+0300][22856][21016][debug][gc,phases] GC(2)       Recalculate Used Memory (ms):  Min:  0.0, Avg:  0.0, Max:  0.0, Diff:  0.0, Sum:  0.0, Workers: 1
[2025-05-20T20:26:53.410+0300][22856][21016][debug][gc,phases] GC(2)     Post Evacuate Cleanup 2: 0.1ms
[2025-05-20T20:26:53.410+0300][22856][21016][debug][gc,phases] GC(2)       Update Derived Pointers (ms):  Min:  0.0, Avg:  0.0, Max:  0.0, Diff:  0.0, Sum:  0.0, Workers: 1
[2025-05-20T20:26:53.410+0300][22856][21016][debug][gc,phases] GC(2)       Eagerly Reclaim Humongous Objects (ms): skipped
[2025-05-20T20:26:53.414+0300][22856][21016][debug][gc,phases] GC(2)         Humongous Total                skipped
[2025-05-20T20:26:53.414+0300][22856][21016][debug][gc,phases] GC(2)         Humongous Candidates           skipped
[2025-05-20T20:26:53.414+0300][22856][21016][debug][gc,phases] GC(2)         Humongous Reclaimed            skipped
[2025-05-20T20:26:53.414+0300][22856][21016][debug][gc,phases] GC(2)       Redirty Logged Cards (ms):     Min:  0.0, Avg:  0.0, Max:  0.0, Diff:  0.0, Sum:  0.0, Workers: 8
[2025-05-20T20:26:53.414+0300][22856][21016][debug][gc,phases] GC(2)         Redirtied Cards:               Min: 0, Avg: 32.2, Max: 95, Diff: 95, Sum: 258, Workers: 8
[2025-05-20T20:26:53.414+0300][22856][21016][debug][gc,phases] GC(2)       Resize TLABs (ms):             Min:  0.0, Avg:  0.0, Max:  0.0, Diff:  0.0, Sum:  0.0, Workers: 8
[2025-05-20T20:26:53.414+0300][22856][21016][debug][gc,phases] GC(2)       Free Collection Set (ms):      Min:  0.0, Avg:  0.0, Max:  0.1, Diff:  0.1, Sum:  0.2, Workers: 8
[2025-05-20T20:26:53.414+0300][22856][21016][debug][gc,phases] GC(2)     Rebuild Free List: 0.0ms
[2025-05-20T20:26:53.414+0300][22856][21016][debug][gc,phases] GC(2)     Prepare For Mutator: 0.0ms
[2025-05-20T20:26:53.414+0300][22856][21016][debug][gc,phases] GC(2)     Expand Heap After Collection: 0.0ms
[2025-05-20T20:26:53.414+0300][22856][21016][info ][gc,phases] GC(2)   Other: 0.1ms
[2025-05-20T20:26:53.414+0300][22856][21016][info ][gc,heap  ] GC(2) Eden regions: 75->0(77)
[2025-05-20T20:26:53.414+0300][22856][21016][info ][gc,heap  ] GC(2) Survivor regions: 1->1(10)
[2025-05-20T20:26:53.414+0300][22856][21016][info ][gc,heap  ] GC(2) Old regions: 8->8
[2025-05-20T20:26:53.414+0300][22856][21016][info ][gc,heap  ] GC(2) Humongous regions: 0->0
[2025-05-20T20:26:53.414+0300][22856][21016][debug][gc,heap  ] GC(2) Heap after GC invocations=3 (full 1):
[2025-05-20T20:26:53.414+0300][22856][21016][debug][gc,heap  ] GC(2)  garbage-first heap   total 12582912K, used 10805K [0x0000000500000000, 0x0000000800000000)
[2025-05-20T20:26:53.414+0300][22856][21016][debug][gc,heap  ] GC(2)   region size 8192K, 1 young (8192K), 1 survivors (8192K)
[2025-05-20T20:26:53.414+0300][22856][21016][debug][gc,heap  ] GC(2)  Metaspace       used 8894K, committed 9472K, reserved 1114112K
[2025-05-20T20:26:53.414+0300][22856][21016][debug][gc,heap  ] GC(2)   class space    used 981K, committed 1216K, reserved 1048576K
[2025-05-20T20:26:53.414+0300][22856][21016][info ][gc       ] GC(2) Pause Young (Normal) (G1 Evacuation Pause) 610M->10M(12288M) 5.344ms
[2025-05-20T20:26:53.414+0300][22856][21016][info ][safepoint] Safepoint "G1CollectForAllocation", Time since last: 506837200 ns, Reaching safepoint: 183800 ns, Cleanup: 22600 ns, At safepoint: 5403900 ns, Total: 5610300 ns
[2025-05-20T20:26:53.578+0300][22856][21016][debug][safepoint] Safepoint synchronization initiated using striped semaphore wait barrier. (21 threads)
[2025-05-20T20:26:53.578+0300][22856][2736 ][debug][safepoint] ... found polling page loop exception at pc = 0x000002529a5b35f7, stub =0x0000025299fb6600
[2025-05-20T20:26:53.578+0300][22856][15416][debug][safepoint] ... found polling page loop exception at pc = 0x000002529a5b8960, stub =0x0000025299fb5d80
[2025-05-20T20:26:53.578+0300][22856][3728 ][debug][safepoint] ... found polling page loop exception at pc = 0x000002529a5b8960, stub =0x0000025299fb5d80
[2025-05-20T20:26:53.578+0300][22856][16424][debug][safepoint] ... found polling page loop exception at pc = 0x000002529a5b8960, stub =0x0000025299fb5d80
[2025-05-20T20:26:53.578+0300][22856][13932][debug][safepoint] ... found polling page loop exception at pc = 0x000002529a5b8960, stub =0x0000025299fb5d80
[2025-05-20T20:26:53.578+0300][22856][21016][debug][gc,heap  ] GC(3) Heap before GC invocations=3 (full 1):
[2025-05-20T20:26:53.578+0300][22856][21016][debug][gc,heap  ] GC(3)  garbage-first heap   total 12582912K, used 641589K [0x0000000500000000, 0x0000000800000000)
[2025-05-20T20:26:53.578+0300][22856][21016][debug][gc,heap  ] GC(3)   region size 8192K, 78 young (638976K), 1 survivors (8192K)
[2025-05-20T20:26:53.578+0300][22856][21016][debug][gc,heap  ] GC(3)  Metaspace       used 8926K, committed 9472K, reserved 1114112K
[2025-05-20T20:26:53.578+0300][22856][21016][debug][gc,heap  ] GC(3)   class space    used 982K, committed 1216K, reserved 1048576K
[2025-05-20T20:26:53.578+0300][22856][21016][info ][gc,phases] GC(3)   Pre Evacuate Collection Set: 0.2ms
[2025-05-20T20:26:53.578+0300][22856][21016][debug][gc,phases] GC(3)     Pre Evacuate Prepare: 0.0ms
[2025-05-20T20:26:53.578+0300][22856][21016][debug][gc,phases] GC(3)       JT Retire TLABs And Flush Logs (ms): Min:  0.0, Avg:  0.0, Max:  0.0, Diff:  0.0, Sum:  0.0, Workers: 2
[2025-05-20T20:26:53.578+0300][22856][21016][debug][gc,phases] GC(3)       Non-JT Flush Logs (ms):        Min:  0.0, Avg:  0.0, Max:  0.0, Diff:  0.0, Sum:  0.0, Workers: 1
[2025-05-20T20:26:53.578+0300][22856][21016][debug][gc,phases] GC(3)     Choose Collection Set: 0.0ms
[2025-05-20T20:26:53.578+0300][22856][21016][debug][gc,phases] GC(3)     Region Register: 0.1ms
[2025-05-20T20:26:53.578+0300][22856][21016][debug][gc,phases] GC(3)     Prepare Heap Roots: 0.0ms
[2025-05-20T20:26:53.578+0300][22856][21016][info ][gc,phases] GC(3)   Merge Heap Roots: 0.1ms
[2025-05-20T20:26:53.578+0300][22856][21016][debug][gc,phases] GC(3)     Prepare Merge Heap Roots: 0.0ms
[2025-05-20T20:26:53.578+0300][22856][21016][debug][gc,phases] GC(3)     Remembered Sets (ms):          Min:  0.0, Avg:  0.0, Max:  0.0, Diff:  0.0, Sum:  0.1, Workers: 8
[2025-05-20T20:26:53.578+0300][22856][21016][debug][gc,phases] GC(3)       Eager Reclaim (ms):            skipped
[2025-05-20T20:26:53.578+0300][22856][21016][debug][gc,phases] GC(3)       Merged Inline                  Min: 0, Avg:  0.0, Max: 0, Diff: 0, Sum: 0, Workers: 8
[2025-05-20T20:26:53.578+0300][22856][21016][debug][gc,phases] GC(3)       Merged ArrayOfCards            Min: 0, Avg:  0.0, Max: 0, Diff: 0, Sum: 0, Workers: 8
[2025-05-20T20:26:53.578+0300][22856][21016][debug][gc,phases] GC(3)       Merged Howl                    Min: 0, Avg:  0.0, Max: 0, Diff: 0, Sum: 0, Workers: 8
[2025-05-20T20:26:53.578+0300][22856][21016][debug][gc,phases] GC(3)       Merged Full                    Min: 0, Avg:  0.0, Max: 0, Diff: 0, Sum: 0, Workers: 8
[2025-05-20T20:26:53.578+0300][22856][21016][debug][gc,phases] GC(3)       Merged Howl Inline             Min: 0, Avg:  0.0, Max: 0, Diff: 0, Sum: 0, Workers: 8
[2025-05-20T20:26:53.578+0300][22856][21016][debug][gc,phases] GC(3)       Merged Howl ArrayOfCards       Min: 0, Avg:  0.0, Max: 0, Diff: 0, Sum: 0, Workers: 8
[2025-05-20T20:26:53.578+0300][22856][21016][debug][gc,phases] GC(3)       Merged Howl BitMap             Min: 0, Avg:  0.0, Max: 0, Diff: 0, Sum: 0, Workers: 8
[2025-05-20T20:26:53.578+0300][22856][21016][debug][gc,phases] GC(3)       Merged Howl Full               Min: 0, Avg:  0.0, Max: 0, Diff: 0, Sum: 0, Workers: 8
[2025-05-20T20:26:53.578+0300][22856][21016][debug][gc,phases] GC(3)       Merged Cards                   Min: 8, Avg:  8.0, Max: 8, Diff: 0, Sum: 64, Workers: 8
[2025-05-20T20:26:53.578+0300][22856][21016][debug][gc,phases] GC(3)     Log Buffers (ms):              Min:  0.0, Avg:  0.0, Max:  0.0, Diff:  0.0, Sum:  0.0, Workers: 8
[2025-05-20T20:26:53.578+0300][22856][21016][debug][gc,phases] GC(3)       Dirty Cards:                   Min: 1, Avg: 32.9, Max: 83, Diff: 82, Sum: 263, Workers: 8
[2025-05-20T20:26:53.578+0300][22856][21016][debug][gc,phases] GC(3)       Skipped Cards:                 Min: 0, Avg:  0.0, Max: 0, Diff: 0, Sum: 0, Workers: 8
[2025-05-20T20:26:53.578+0300][22856][21016][info ][gc,phases] GC(3)   Evacuate Collection Set: 1.4ms
[2025-05-20T20:26:53.578+0300][22856][21016][debug][gc,phases] GC(3)     Ext Root Scanning (ms):        Min:  0.0, Avg:  0.1, Max:  0.5, Diff:  0.5, Sum:  0.8, Workers: 8
[2025-05-20T20:26:53.578+0300][22856][21016][debug][gc,phases] GC(3)     Scan Heap Roots (ms):          Min:  0.0, Avg:  0.0, Max:  0.1, Diff:  0.1, Sum:  0.3, Workers: 8
[2025-05-20T20:26:53.578+0300][22856][21016][debug][gc,phases] GC(3)       Scanned Cards:                 Min: 0, Avg: 31.2, Max: 98, Diff: 98, Sum: 250, Workers: 8
[2025-05-20T20:26:53.578+0300][22856][21016][debug][gc,phases] GC(3)       Scanned Blocks:                Min: 0, Avg: 19.5, Max: 61, Diff: 61, Sum: 156, Workers: 8
[2025-05-20T20:26:53.578+0300][22856][21016][debug][gc,phases] GC(3)       Claimed Chunks:                Min: 0, Avg:  2.8, Max: 7, Diff: 7, Sum: 22, Workers: 8
[2025-05-20T20:26:53.578+0300][22856][21016][debug][gc,phases] GC(3)       Found Roots:                   Min: 0, Avg: 148.1, Max: 523, Diff: 523, Sum: 1185, Workers: 8
[2025-05-20T20:26:53.578+0300][22856][21016][debug][gc,phases] GC(3)     Code Root Scan (ms):           Min:  0.0, Avg:  0.2, Max:  0.3, Diff:  0.3, Sum:  1.4, Workers: 8
[2025-05-20T20:26:53.578+0300][22856][21016][debug][gc,phases] GC(3)       Scanned Nmethods               Min: 0, Avg: 46.6, Max: 94, Diff: 94, Sum: 373, Workers: 8
[2025-05-20T20:26:53.578+0300][22856][21016][debug][gc,phases] GC(3)     Object Copy (ms):              Min:  0.1, Avg:  0.6, Max:  1.1, Diff:  1.0, Sum:  4.9, Workers: 8
[2025-05-20T20:26:53.578+0300][22856][21016][debug][gc,phases] GC(3)     Termination (ms):              Min:  0.0, Avg:  0.3, Max:  0.5, Diff:  0.5, Sum:  2.4, Workers: 8
[2025-05-20T20:26:53.578+0300][22856][21016][debug][gc,phases] GC(3)       Termination Attempts:          Min: 1, Avg:  2.6, Max: 6, Diff: 5, Sum: 21, Workers: 8
[2025-05-20T20:26:53.578+0300][22856][21016][debug][gc,phases] GC(3)     GC Worker Other (ms):          Min:  0.0, Avg:  0.1, Max:  0.8, Diff:  0.8, Sum:  0.9, Workers: 8
[2025-05-20T20:26:53.578+0300][22856][21016][debug][gc,phases] GC(3)     GC Worker Total (ms):          Min:  1.3, Avg:  1.4, Max:  1.4, Diff:  0.0, Sum: 10.8, Workers: 8
[2025-05-20T20:26:53.578+0300][22856][21016][info ][gc,phases] GC(3)   Post Evacuate Collection Set: 0.4ms
[2025-05-20T20:26:53.578+0300][22856][21016][debug][gc,phases] GC(3)     NMethod List Cleanup: 0.0ms
[2025-05-20T20:26:53.578+0300][22856][21016][debug][gc,phases] GC(3)     Reference Processing: 0.1ms
[2025-05-20T20:26:53.578+0300][22856][21016][debug][gc,phases] GC(3)     Weak Processing: 0.1ms
[2025-05-20T20:26:53.578+0300][22856][21016][debug][gc,phases] GC(3)       VM Weak                        Min:  0.0, Avg:  0.0, Max:  0.0, Diff:  0.0, Sum:  0.0, Workers: 8
[2025-05-20T20:26:53.578+0300][22856][21016][debug][gc,phases] GC(3)         Dead                           Min: 0, Avg:  0.0, Max: 0, Diff: 0, Sum: 0, Workers: 8
[2025-05-20T20:26:53.578+0300][22856][21016][debug][gc,phases] GC(3)         Total                          Min: 0, Avg: 47.1, Max: 128, Diff: 128, Sum: 377, Workers: 8
[2025-05-20T20:26:53.578+0300][22856][21016][debug][gc,phases] GC(3)       ObjectSynchronizer Weak        Min:  0.0, Avg:  0.0, Max:  0.0, Diff:  0.0, Sum:  0.0, Workers: 8
[2025-05-20T20:26:53.578+0300][22856][21016][debug][gc,phases] GC(3)         Dead                           Min: 0, Avg:  0.0, Max: 0, Diff: 0, Sum: 0, Workers: 8
[2025-05-20T20:26:53.578+0300][22856][21016][debug][gc,phases] GC(3)         Total                          Min: 0, Avg: 17.5, Max: 64, Diff: 64, Sum: 140, Workers: 8
[2025-05-20T20:26:53.578+0300][22856][21016][debug][gc,phases] GC(3)       JVMTI Tag Weak OopStorage      Min:  0.0, Avg:  0.0, Max:  0.0, Diff:  0.0, Sum:  0.0, Workers: 8
[2025-05-20T20:26:53.578+0300][22856][21016][debug][gc,phases] GC(3)         Dead                           Min: 0, Avg:  0.0, Max: 0, Diff: 0, Sum: 0, Workers: 8
[2025-05-20T20:26:53.578+0300][22856][21016][debug][gc,phases] GC(3)         Total                          Min: 0, Avg:  0.0, Max: 0, Diff: 0, Sum: 0, Workers: 8
[2025-05-20T20:26:53.578+0300][22856][21016][debug][gc,phases] GC(3)       StringTable Weak               Min:  0.0, Avg:  0.0, Max:  0.0, Diff:  0.0, Sum:  0.1, Workers: 8
[2025-05-20T20:26:53.578+0300][22856][21016][debug][gc,phases] GC(3)         Dead                           Min: 0, Avg:  0.1, Max: 1, Diff: 1, Sum: 1, Workers: 8
[2025-05-20T20:26:53.578+0300][22856][21016][debug][gc,phases] GC(3)         Total                          Min: 0, Avg: 774.4, Max: 1152, Diff: 1152, Sum: 6195, Workers: 8
[2025-05-20T20:26:53.578+0300][22856][21016][debug][gc,phases] GC(3)       ResolvedMethodTable Weak       Min:  0.0, Avg:  0.0, Max:  0.0, Diff:  0.0, Sum:  0.0, Workers: 8
[2025-05-20T20:26:53.578+0300][22856][21016][debug][gc,phases] GC(3)         Dead                           Min: 0, Avg:  0.0, Max: 0, Diff: 0, Sum: 0, Workers: 8
[2025-05-20T20:26:53.578+0300][22856][21016][debug][gc,phases] GC(3)         Total                          Min: 0, Avg: 110.0, Max: 256, Diff: 256, Sum: 880, Workers: 8
[2025-05-20T20:26:53.578+0300][22856][21016][debug][gc,phases] GC(3)       JNI Weak                       Min:  0.0, Avg:  0.0, Max:  0.0, Diff:  0.0, Sum:  0.0, Workers: 8
[2025-05-20T20:26:53.578+0300][22856][21016][debug][gc,phases] GC(3)         Dead                           Min: 0, Avg:  0.0, Max: 0, Diff: 0, Sum: 0, Workers: 8
[2025-05-20T20:26:53.578+0300][22856][21016][debug][gc,phases] GC(3)         Total                          Min: 0, Avg:  0.0, Max: 0, Diff: 0, Sum: 0, Workers: 8
[2025-05-20T20:26:53.578+0300][22856][21016][debug][gc,phases] GC(3)       StringDedup Table Weak         Min:  0.0, Avg:  0.0, Max:  0.0, Diff:  0.0, Sum:  0.0, Workers: 8
[2025-05-20T20:26:53.578+0300][22856][21016][debug][gc,phases] GC(3)         Dead                           Min: 0, Avg:  0.0, Max: 0, Diff: 0, Sum: 0, Workers: 8
[2025-05-20T20:26:53.578+0300][22856][21016][debug][gc,phases] GC(3)         Total                          Min: 0, Avg:  0.0, Max: 0, Diff: 0, Sum: 0, Workers: 8
[2025-05-20T20:26:53.578+0300][22856][21016][debug][gc,phases] GC(3)       StringDedup Requests0 Weak     Min:  0.0, Avg:  0.0, Max:  0.0, Diff:  0.0, Sum:  0.0, Workers: 8
[2025-05-20T20:26:53.578+0300][22856][21016][debug][gc,phases] GC(3)         Dead                           Min: 0, Avg:  0.0, Max: 0, Diff: 0, Sum: 0, Workers: 8
[2025-05-20T20:26:53.578+0300][22856][21016][debug][gc,phases] GC(3)         Total                          Min: 0, Avg:  0.0, Max: 0, Diff: 0, Sum: 0, Workers: 8
[2025-05-20T20:26:53.578+0300][22856][21016][debug][gc,phases] GC(3)       StringDedup Requests1 Weak     Min:  0.0, Avg:  0.0, Max:  0.0, Diff:  0.0, Sum:  0.0, Workers: 8
[2025-05-20T20:26:53.578+0300][22856][21016][debug][gc,phases] GC(3)         Dead                           Min: 0, Avg:  0.0, Max: 0, Diff: 0, Sum: 0, Workers: 8
[2025-05-20T20:26:53.578+0300][22856][21016][debug][gc,phases] GC(3)         Total                          Min: 0, Avg:  0.0, Max: 0, Diff: 0, Sum: 0, Workers: 8
[2025-05-20T20:26:53.578+0300][22856][21016][debug][gc,phases] GC(3)       Weak JFR Old Object Samples    Min:  0.0, Avg:  0.0, Max:  0.0, Diff:  0.0, Sum:  0.0, Workers: 8
[2025-05-20T20:26:53.578+0300][22856][21016][debug][gc,phases] GC(3)         Dead                           Min: 0, Avg:  0.0, Max: 0, Diff: 0, Sum: 0, Workers: 8
[2025-05-20T20:26:53.578+0300][22856][21016][debug][gc,phases] GC(3)         Total                          Min: 0, Avg:  0.0, Max: 0, Diff: 0, Sum: 0, Workers: 8
[2025-05-20T20:26:53.578+0300][22856][21016][debug][gc,phases] GC(3)     Post Evacuate Cleanup 1: 0.1ms
[2025-05-20T20:26:53.578+0300][22856][21016][debug][gc,phases] GC(3)       Merge Per-Thread State (ms):   Min:  0.0, Avg:  0.0, Max:  0.0, Diff:  0.0, Sum:  0.0, Workers: 1
[2025-05-20T20:26:53.578+0300][22856][21016][debug][gc,phases] GC(3)         Copied Bytes                   Min: 7480, Avg: 985749.0, Max: 2370432, Diff: 2362952, Sum: 7885992, Workers: 8
[2025-05-20T20:26:53.578+0300][22856][21016][debug][gc,phases] GC(3)         LAB Waste                      Min: 0, Avg: 168.0, Max: 376, Diff: 376, Sum: 1344, Workers: 8
[2025-05-20T20:26:53.578+0300][22856][21016][debug][gc,phases] GC(3)         LAB Undo Waste                 Min: 0, Avg: 17666.0, Max: 141328, Diff: 141328, Sum: 141328, Workers: 8
[2025-05-20T20:26:53.578+0300][22856][21016][debug][gc,phases] GC(3)       Clear Logged Cards (ms):       Min:  0.0, Avg:  0.0, Max:  0.1, Diff:  0.1, Sum:  0.2, Workers: 4
[2025-05-20T20:26:53.578+0300][22856][21016][debug][gc,phases] GC(3)       Recalculate Used Memory (ms):  Min:  0.0, Avg:  0.0, Max:  0.0, Diff:  0.0, Sum:  0.0, Workers: 1
[2025-05-20T20:26:53.578+0300][22856][21016][debug][gc,phases] GC(3)     Post Evacuate Cleanup 2: 0.1ms
[2025-05-20T20:26:53.578+0300][22856][21016][debug][gc,phases] GC(3)       Update Derived Pointers (ms):  Min:  0.0, Avg:  0.0, Max:  0.0, Diff:  0.0, Sum:  0.0, Workers: 1
[2025-05-20T20:26:53.578+0300][22856][21016][debug][gc,phases] GC(3)       Eagerly Reclaim Humongous Objects (ms): skipped
[2025-05-20T20:26:53.578+0300][22856][21016][debug][gc,phases] GC(3)         Humongous Total                skipped
[2025-05-20T20:26:53.578+0300][22856][21016][debug][gc,phases] GC(3)         Humongous Candidates           skipped
[2025-05-20T20:26:53.578+0300][22856][21016][debug][gc,phases] GC(3)         Humongous Reclaimed            skipped
[2025-05-20T20:26:53.578+0300][22856][21016][debug][gc,phases] GC(3)       Redirty Logged Cards (ms):     Min:  0.0, Avg:  0.0, Max:  0.0, Diff:  0.0, Sum:  0.0, Workers: 8
[2025-05-20T20:26:53.578+0300][22856][21016][debug][gc,phases] GC(3)         Redirtied Cards:               Min: 0, Avg: 29.5, Max: 135, Diff: 135, Sum: 236, Workers: 8
[2025-05-20T20:26:53.578+0300][22856][21016][debug][gc,phases] GC(3)       Resize TLABs (ms):             Min:  0.0, Avg:  0.0, Max:  0.0, Diff:  0.0, Sum:  0.0, Workers: 8
[2025-05-20T20:26:53.578+0300][22856][21016][debug][gc,phases] GC(3)       Free Collection Set (ms):      Min:  0.0, Avg:  0.0, Max:  0.1, Diff:  0.0, Sum:  0.2, Workers: 8
[2025-05-20T20:26:53.578+0300][22856][21016][debug][gc,phases] GC(3)     Rebuild Free List: 0.0ms
[2025-05-20T20:26:53.578+0300][22856][21016][debug][gc,phases] GC(3)     Prepare For Mutator: 0.0ms
[2025-05-20T20:26:53.578+0300][22856][21016][debug][gc,phases] GC(3)     Expand Heap After Collection: 0.0ms
[2025-05-20T20:26:53.578+0300][22856][21016][info ][gc,phases] GC(3)   Other: 0.1ms
[2025-05-20T20:26:53.578+0300][22856][21016][info ][gc,heap  ] GC(3) Eden regions: 77->0(920)
[2025-05-20T20:26:53.578+0300][22856][21016][info ][gc,heap  ] GC(3) Survivor regions: 1->1(10)
[2025-05-20T20:26:53.578+0300][22856][21016][info ][gc,heap  ] GC(3) Old regions: 8->8
[2025-05-20T20:26:53.578+0300][22856][21016][info ][gc,heap  ] GC(3) Humongous regions: 0->0
[2025-05-20T20:26:53.578+0300][22856][21016][debug][gc,heap  ] GC(3) Heap after GC invocations=4 (full 1):
[2025-05-20T20:26:53.578+0300][22856][21016][debug][gc,heap  ] GC(3)  garbage-first heap   total 12582912K, used 10891K [0x0000000500000000, 0x0000000800000000)
[2025-05-20T20:26:53.578+0300][22856][21016][debug][gc,heap  ] GC(3)   region size 8192K, 1 young (8192K), 1 survivors (8192K)
[2025-05-20T20:26:53.578+0300][22856][21016][debug][gc,heap  ] GC(3)  Metaspace       used 8926K, committed 9472K, reserved 1114112K
[2025-05-20T20:26:53.578+0300][22856][21016][debug][gc,heap  ] GC(3)   class space    used 982K, committed 1216K, reserved 1048576K
[2025-05-20T20:26:53.578+0300][22856][21016][info ][gc       ] GC(3) Pause Young (Normal) (G1 Evacuation Pause) 626M->10M(12288M) 3.255ms
[2025-05-20T20:26:53.578+0300][22856][21016][info ][safepoint] Safepoint "G1CollectForAllocation", Time since last: 164708100 ns, Reaching safepoint: 298700 ns, Cleanup: 30600 ns, At safepoint: 3299600 ns, Total: 3628900 ns
[2025-05-20T20:26:54.583+0300][22856][21016][debug][safepoint] Safepoint synchronization initiated using striped semaphore wait barrier. (19 threads)
[2025-05-20T20:26:54.583+0300][22856][16424][debug][safepoint] ... found polling page loop exception at pc = 0x000002529a72d3d1, stub =0x0000025299fb6600
[2025-05-20T20:26:54.583+0300][22856][13932][debug][safepoint] ... found polling page loop exception at pc = 0x000002529a5b8960, stub =0x0000025299fb5d80
[2025-05-20T20:26:54.583+0300][22856][21016][info ][safepoint] Safepoint "Cleanup", Time since last: 1000112600 ns, Reaching safepoint: 433500 ns, Cleanup: 34000 ns, At safepoint: 15900 ns, Total: 483400 ns
[2025-05-20T20:26:55.593+0300][22856][21016][debug][safepoint] Safepoint synchronization initiated using striped semaphore wait barrier. (19 threads)
[2025-05-20T20:26:55.593+0300][22856][15484][debug][safepoint] ... found polling page loop exception at pc = 0x000002529a658ba0, stub =0x0000025299fb5d80
[2025-05-20T20:26:55.593+0300][22856][20176][debug][safepoint] ... found polling page loop exception at pc = 0x000002529a5b8960, stub =0x0000025299fb5d80
[2025-05-20T20:26:55.593+0300][22856][9300 ][debug][safepoint] ... found polling page loop exception at pc = 0x000002529a5ca122, stub =0x0000025299fb6600
[2025-05-20T20:26:55.593+0300][22856][16424][debug][safepoint] ... found polling page loop exception at pc = 0x000002529a5b8960, stub =0x0000025299fb5d80
[2025-05-20T20:26:55.593+0300][22856][13932][debug][safepoint] ... found polling page loop exception at pc = 0x000002529a5ca122, stub =0x0000025299fb6600
[2025-05-20T20:26:55.593+0300][22856][3728 ][debug][safepoint] ... found polling page loop exception at pc = 0x000002529a5dc0b3, stub =0x0000025299fb6600
[2025-05-20T20:26:55.593+0300][22856][2736 ][debug][safepoint] ... found polling page loop exception at pc = 0x000002529a5b8960, stub =0x0000025299fb5d80
[2025-05-20T20:26:55.593+0300][22856][21016][info ][safepoint] Safepoint "Cleanup", Time since last: 1009839400 ns, Reaching safepoint: 386700 ns, Cleanup: 27300 ns, At safepoint: 16900 ns, Total: 430900 ns
[2025-05-20T20:26:55.941+0300][22856][21016][debug][safepoint] Safepoint synchronization initiated using striped semaphore wait barrier. (19 threads)
[2025-05-20T20:26:55.941+0300][22856][3728 ][debug][safepoint] ... found polling page loop exception at pc = 0x000002529a5b8960, stub =0x0000025299fb5d80
[2025-05-20T20:26:55.941+0300][22856][13932][debug][safepoint] ... found polling page loop exception at pc = 0x000002529a5dc0b3, stub =0x0000025299fb6600
[2025-05-20T20:26:55.941+0300][22856][15416][debug][safepoint] ... found polling page loop exception at pc = 0x000002529a5dc0b3, stub =0x0000025299fb6600
[2025-05-20T20:26:55.941+0300][22856][15484][debug][safepoint] ... found polling page loop exception at pc = 0x000002529a6efc26, stub =0x0000025299fb6600
[2025-05-20T20:26:55.941+0300][22856][21016][debug][gc,heap  ] GC(4) Heap before GC invocations=4 (full 1):
[2025-05-20T20:26:55.941+0300][22856][21016][debug][gc,heap  ] GC(4)  garbage-first heap   total 12582912K, used 7539339K [0x0000000500000000, 0x0000000800000000)
[2025-05-20T20:26:55.941+0300][22856][21016][debug][gc,heap  ] GC(4)   region size 8192K, 921 young (7544832K), 1 survivors (8192K)
[2025-05-20T20:26:55.941+0300][22856][21016][debug][gc,heap  ] GC(4)  Metaspace       used 8997K, committed 9536K, reserved 1114112K
[2025-05-20T20:26:55.941+0300][22856][21016][debug][gc,heap  ] GC(4)   class space    used 982K, committed 1216K, reserved 1048576K
[2025-05-20T20:26:55.947+0300][22856][21016][info ][gc,phases] GC(4)   Pre Evacuate Collection Set: 0.4ms
[2025-05-20T20:26:55.947+0300][22856][21016][debug][gc,phases] GC(4)     Pre Evacuate Prepare: 0.0ms
[2025-05-20T20:26:55.947+0300][22856][21016][debug][gc,phases] GC(4)       JT Retire TLABs And Flush Logs (ms): Min:  0.0, Avg:  0.0, Max:  0.0, Diff:  0.0, Sum:  0.0, Workers: 2
[2025-05-20T20:26:55.947+0300][22856][21016][debug][gc,phases] GC(4)       Non-JT Flush Logs (ms):        Min:  0.0, Avg:  0.0, Max:  0.0, Diff:  0.0, Sum:  0.0, Workers: 1
[2025-05-20T20:26:55.947+0300][22856][21016][debug][gc,phases] GC(4)     Choose Collection Set: 0.0ms
[2025-05-20T20:26:55.947+0300][22856][21016][debug][gc,phases] GC(4)     Region Register: 0.3ms
[2025-05-20T20:26:55.947+0300][22856][21016][debug][gc,phases] GC(4)     Prepare Heap Roots: 0.0ms
[2025-05-20T20:26:55.947+0300][22856][21016][info ][gc,phases] GC(4)   Merge Heap Roots: 0.2ms
[2025-05-20T20:26:55.947+0300][22856][21016][debug][gc,phases] GC(4)     Prepare Merge Heap Roots: 0.0ms
[2025-05-20T20:26:55.947+0300][22856][21016][debug][gc,phases] GC(4)     Remembered Sets (ms):          Min:  0.0, Avg:  0.1, Max:  0.1, Diff:  0.1, Sum:  0.5, Workers: 8
[2025-05-20T20:26:55.947+0300][22856][21016][debug][gc,phases] GC(4)       Eager Reclaim (ms):            skipped
[2025-05-20T20:26:55.947+0300][22856][21016][debug][gc,phases] GC(4)       Merged Inline                  Min: 0, Avg:  0.0, Max: 0, Diff: 0, Sum: 0, Workers: 8
[2025-05-20T20:26:55.947+0300][22856][21016][debug][gc,phases] GC(4)       Merged ArrayOfCards            Min: 0, Avg:  0.0, Max: 0, Diff: 0, Sum: 0, Workers: 8
[2025-05-20T20:26:55.947+0300][22856][21016][debug][gc,phases] GC(4)       Merged Howl                    Min: 0, Avg:  0.0, Max: 0, Diff: 0, Sum: 0, Workers: 8
[2025-05-20T20:26:55.947+0300][22856][21016][debug][gc,phases] GC(4)       Merged Full                    Min: 0, Avg:  0.0, Max: 0, Diff: 0, Sum: 0, Workers: 8
[2025-05-20T20:26:55.947+0300][22856][21016][debug][gc,phases] GC(4)       Merged Howl Inline             Min: 0, Avg:  0.0, Max: 0, Diff: 0, Sum: 0, Workers: 8
[2025-05-20T20:26:55.947+0300][22856][21016][debug][gc,phases] GC(4)       Merged Howl ArrayOfCards       Min: 0, Avg:  0.0, Max: 0, Diff: 0, Sum: 0, Workers: 8
[2025-05-20T20:26:55.947+0300][22856][21016][debug][gc,phases] GC(4)       Merged Howl BitMap             Min: 0, Avg:  0.0, Max: 0, Diff: 0, Sum: 0, Workers: 8
[2025-05-20T20:26:55.947+0300][22856][21016][debug][gc,phases] GC(4)       Merged Howl Full               Min: 0, Avg:  0.0, Max: 0, Diff: 0, Sum: 0, Workers: 8
[2025-05-20T20:26:55.947+0300][22856][21016][debug][gc,phases] GC(4)       Merged Cards                   Min: 8, Avg:  8.0, Max: 8, Diff: 0, Sum: 64, Workers: 8
[2025-05-20T20:26:55.947+0300][22856][21016][debug][gc,phases] GC(4)     Log Buffers (ms):              Min:  0.0, Avg:  0.0, Max:  0.0, Diff:  0.0, Sum:  0.0, Workers: 8
[2025-05-20T20:26:55.947+0300][22856][21016][debug][gc,phases] GC(4)       Dirty Cards:                   Min: 0, Avg: 30.9, Max: 199, Diff: 199, Sum: 247, Workers: 8
[2025-05-20T20:26:55.947+0300][22856][21016][debug][gc,phases] GC(4)       Skipped Cards:                 Min: 0, Avg:  0.0, Max: 0, Diff: 0, Sum: 0, Workers: 8
[2025-05-20T20:26:55.947+0300][22856][21016][info ][gc,phases] GC(4)   Evacuate Collection Set: 2.7ms
[2025-05-20T20:26:55.947+0300][22856][21016][debug][gc,phases] GC(4)     Ext Root Scanning (ms):        Min:  0.0, Avg:  0.1, Max:  0.5, Diff:  0.5, Sum:  1.0, Workers: 8
[2025-05-20T20:26:55.947+0300][22856][21016][debug][gc,phases] GC(4)     Scan Heap Roots (ms):          Min:  0.0, Avg:  0.0, Max:  0.1, Diff:  0.1, Sum:  0.4, Workers: 8
[2025-05-20T20:26:55.947+0300][22856][21016][debug][gc,phases] GC(4)       Scanned Cards:                 Min: 0, Avg: 30.8, Max: 77, Diff: 77, Sum: 246, Workers: 8
[2025-05-20T20:26:55.947+0300][22856][21016][debug][gc,phases] GC(4)       Scanned Blocks:                Min: 0, Avg: 19.6, Max: 44, Diff: 44, Sum: 157, Workers: 8
[2025-05-20T20:26:55.947+0300][22856][21016][debug][gc,phases] GC(4)       Claimed Chunks:                Min: 0, Avg:  2.8, Max: 7, Diff: 7, Sum: 22, Workers: 8
[2025-05-20T20:26:55.947+0300][22856][21016][debug][gc,phases] GC(4)       Found Roots:                   Min: 0, Avg: 151.8, Max: 506, Diff: 506, Sum: 1214, Workers: 8
[2025-05-20T20:26:55.947+0300][22856][21016][debug][gc,phases] GC(4)     Code Root Scan (ms):           Min:  0.1, Avg:  0.3, Max:  0.6, Diff:  0.5, Sum:  2.3, Workers: 8
[2025-05-20T20:26:55.947+0300][22856][21016][debug][gc,phases] GC(4)       Scanned Nmethods               Min: 0, Avg: 51.6, Max: 115, Diff: 115, Sum: 413, Workers: 8
[2025-05-20T20:26:55.947+0300][22856][21016][debug][gc,phases] GC(4)     Object Copy (ms):              Min:  0.0, Avg:  1.0, Max:  1.9, Diff:  1.9, Sum:  7.8, Workers: 8
[2025-05-20T20:26:55.947+0300][22856][21016][debug][gc,phases] GC(4)     Termination (ms):              Min:  0.0, Avg:  0.8, Max:  1.3, Diff:  1.3, Sum:  6.5, Workers: 8
[2025-05-20T20:26:55.947+0300][22856][21016][debug][gc,phases] GC(4)       Termination Attempts:          Min: 1, Avg:  1.0, Max: 1, Diff: 0, Sum: 8, Workers: 8
[2025-05-20T20:26:55.947+0300][22856][21016][debug][gc,phases] GC(4)     GC Worker Other (ms):          Min:  0.1, Avg:  0.4, Max:  1.5, Diff:  1.4, Sum:  3.5, Workers: 8
[2025-05-20T20:26:55.947+0300][22856][21016][debug][gc,phases] GC(4)     GC Worker Total (ms):          Min:  2.6, Avg:  2.7, Max:  2.7, Diff:  0.0, Sum: 21.4, Workers: 8
[2025-05-20T20:26:55.947+0300][22856][21016][info ][gc,phases] GC(4)   Post Evacuate Collection Set: 2.1ms
[2025-05-20T20:26:55.947+0300][22856][21016][debug][gc,phases] GC(4)     NMethod List Cleanup: 0.1ms
[2025-05-20T20:26:55.947+0300][22856][21016][debug][gc,phases] GC(4)     Reference Processing: 0.3ms
[2025-05-20T20:26:55.947+0300][22856][21016][debug][gc,phases] GC(4)     Weak Processing: 0.1ms
[2025-05-20T20:26:55.947+0300][22856][21016][debug][gc,phases] GC(4)       VM Weak                        Min:  0.0, Avg:  0.0, Max:  0.0, Diff:  0.0, Sum:  0.0, Workers: 8
[2025-05-20T20:26:55.947+0300][22856][21016][debug][gc,phases] GC(4)         Dead                           Min: 0, Avg:  0.0, Max: 0, Diff: 0, Sum: 0, Workers: 8
[2025-05-20T20:26:55.947+0300][22856][21016][debug][gc,phases] GC(4)         Total                          Min: 0, Avg: 47.1, Max: 121, Diff: 121, Sum: 377, Workers: 8
[2025-05-20T20:26:55.947+0300][22856][21016][debug][gc,phases] GC(4)       ObjectSynchronizer Weak        Min:  0.0, Avg:  0.0, Max:  0.0, Diff:  0.0, Sum:  0.0, Workers: 8
[2025-05-20T20:26:55.947+0300][22856][21016][debug][gc,phases] GC(4)         Dead                           Min: 0, Avg:  0.0, Max: 0, Diff: 0, Sum: 0, Workers: 8
[2025-05-20T20:26:55.947+0300][22856][21016][debug][gc,phases] GC(4)         Total                          Min: 0, Avg: 17.5, Max: 64, Diff: 64, Sum: 140, Workers: 8
[2025-05-20T20:26:55.947+0300][22856][21016][debug][gc,phases] GC(4)       JVMTI Tag Weak OopStorage      Min:  0.0, Avg:  0.0, Max:  0.0, Diff:  0.0, Sum:  0.0, Workers: 8
[2025-05-20T20:26:55.947+0300][22856][21016][debug][gc,phases] GC(4)         Dead                           Min: 0, Avg:  0.0, Max: 0, Diff: 0, Sum: 0, Workers: 8
[2025-05-20T20:26:55.947+0300][22856][21016][debug][gc,phases] GC(4)         Total                          Min: 0, Avg:  0.0, Max: 0, Diff: 0, Sum: 0, Workers: 8
[2025-05-20T20:26:55.947+0300][22856][21016][debug][gc,phases] GC(4)       StringTable Weak               Min:  0.0, Avg:  0.0, Max:  0.0, Diff:  0.0, Sum:  0.2, Workers: 8
[2025-05-20T20:26:55.947+0300][22856][21016][debug][gc,phases] GC(4)         Dead                           Min: 0, Avg:  0.0, Max: 0, Diff: 0, Sum: 0, Workers: 8
[2025-05-20T20:26:55.947+0300][22856][21016][debug][gc,phases] GC(4)         Total                          Min: 0, Avg: 776.8, Max: 1408, Diff: 1408, Sum: 6214, Workers: 8
[2025-05-20T20:26:55.947+0300][22856][21016][debug][gc,phases] GC(4)       ResolvedMethodTable Weak       Min:  0.0, Avg:  0.0, Max:  0.0, Diff:  0.0, Sum:  0.0, Workers: 8
[2025-05-20T20:26:55.947+0300][22856][21016][debug][gc,phases] GC(4)         Dead                           Min: 0, Avg:  0.0, Max: 0, Diff: 0, Sum: 0, Workers: 8
[2025-05-20T20:26:55.947+0300][22856][21016][debug][gc,phases] GC(4)         Total                          Min: 0, Avg: 110.0, Max: 304, Diff: 304, Sum: 880, Workers: 8
[2025-05-20T20:26:55.947+0300][22856][21016][debug][gc,phases] GC(4)       JNI Weak                       Min:  0.0, Avg:  0.0, Max:  0.0, Diff:  0.0, Sum:  0.0, Workers: 8
[2025-05-20T20:26:55.947+0300][22856][21016][debug][gc,phases] GC(4)         Dead                           Min: 0, Avg:  0.0, Max: 0, Diff: 0, Sum: 0, Workers: 8
[2025-05-20T20:26:55.947+0300][22856][21016][debug][gc,phases] GC(4)         Total                          Min: 0, Avg:  0.0, Max: 0, Diff: 0, Sum: 0, Workers: 8
[2025-05-20T20:26:55.947+0300][22856][21016][debug][gc,phases] GC(4)       StringDedup Table Weak         Min:  0.0, Avg:  0.0, Max:  0.0, Diff:  0.0, Sum:  0.0, Workers: 8
[2025-05-20T20:26:55.947+0300][22856][21016][debug][gc,phases] GC(4)         Dead                           Min: 0, Avg:  0.0, Max: 0, Diff: 0, Sum: 0, Workers: 8
[2025-05-20T20:26:55.947+0300][22856][21016][debug][gc,phases] GC(4)         Total                          Min: 0, Avg:  0.0, Max: 0, Diff: 0, Sum: 0, Workers: 8
[2025-05-20T20:26:55.947+0300][22856][21016][debug][gc,phases] GC(4)       StringDedup Requests0 Weak     Min:  0.0, Avg:  0.0, Max:  0.0, Diff:  0.0, Sum:  0.0, Workers: 8
[2025-05-20T20:26:55.947+0300][22856][21016][debug][gc,phases] GC(4)         Dead                           Min: 0, Avg:  0.0, Max: 0, Diff: 0, Sum: 0, Workers: 8
[2025-05-20T20:26:55.947+0300][22856][21016][debug][gc,phases] GC(4)         Total                          Min: 0, Avg:  0.0, Max: 0, Diff: 0, Sum: 0, Workers: 8
[2025-05-20T20:26:55.947+0300][22856][21016][debug][gc,phases] GC(4)       StringDedup Requests1 Weak     Min:  0.0, Avg:  0.0, Max:  0.0, Diff:  0.0, Sum:  0.0, Workers: 8
[2025-05-20T20:26:55.947+0300][22856][21016][debug][gc,phases] GC(4)         Dead                           Min: 0, Avg:  0.0, Max: 0, Diff: 0, Sum: 0, Workers: 8
[2025-05-20T20:26:55.947+0300][22856][21016][debug][gc,phases] GC(4)         Total                          Min: 0, Avg:  0.0, Max: 0, Diff: 0, Sum: 0, Workers: 8
[2025-05-20T20:26:55.947+0300][22856][21016][debug][gc,phases] GC(4)       Weak JFR Old Object Samples    Min:  0.0, Avg:  0.0, Max:  0.0, Diff:  0.0, Sum:  0.0, Workers: 8
[2025-05-20T20:26:55.947+0300][22856][21016][debug][gc,phases] GC(4)         Dead                           Min: 0, Avg:  0.0, Max: 0, Diff: 0, Sum: 0, Workers: 8
[2025-05-20T20:26:55.947+0300][22856][21016][debug][gc,phases] GC(4)         Total                          Min: 0, Avg:  0.0, Max: 0, Diff: 0, Sum: 0, Workers: 8
[2025-05-20T20:26:55.947+0300][22856][21016][debug][gc,phases] GC(4)     Post Evacuate Cleanup 1: 1.3ms
[2025-05-20T20:26:55.947+0300][22856][21016][debug][gc,phases] GC(4)       Merge Per-Thread State (ms):   Min:  0.1, Avg:  0.1, Max:  0.1, Diff:  0.0, Sum:  0.1, Workers: 1
[2025-05-20T20:26:55.947+0300][22856][21016][debug][gc,phases] GC(4)         Copied Bytes                   Min: 0, Avg: 990486.0, Max: 2393328, Diff: 2393328, Sum: 7923888, Workers: 8
[2025-05-20T20:26:55.947+0300][22856][21016][debug][gc,phases] GC(4)         LAB Waste                      Min: 0, Avg: 279.0, Max: 744, Diff: 744, Sum: 2232, Workers: 8
[2025-05-20T20:26:55.947+0300][22856][21016][debug][gc,phases] GC(4)         LAB Undo Waste                 Min: 0, Avg: 35332.0, Max: 141328, Diff: 141328, Sum: 282656, Workers: 8
[2025-05-20T20:26:55.947+0300][22856][21016][debug][gc,phases] GC(4)       Clear Logged Cards (ms):       Min:  0.0, Avg:  0.8, Max:  1.2, Diff:  1.2, Sum:  6.2, Workers: 8
[2025-05-20T20:26:55.947+0300][22856][21016][debug][gc,phases] GC(4)       Recalculate Used Memory (ms):  Min:  0.0, Avg:  0.0, Max:  0.0, Diff:  0.0, Sum:  0.0, Workers: 1
[2025-05-20T20:26:55.947+0300][22856][21016][debug][gc,phases] GC(4)     Post Evacuate Cleanup 2: 0.3ms
[2025-05-20T20:26:55.947+0300][22856][21016][debug][gc,phases] GC(4)       Update Derived Pointers (ms):  Min:  0.0, Avg:  0.0, Max:  0.0, Diff:  0.0, Sum:  0.0, Workers: 1
[2025-05-20T20:26:55.947+0300][22856][21016][debug][gc,phases] GC(4)       Eagerly Reclaim Humongous Objects (ms): skipped
[2025-05-20T20:26:55.947+0300][22856][21016][debug][gc,phases] GC(4)         Humongous Total                skipped
[2025-05-20T20:26:55.947+0300][22856][21016][debug][gc,phases] GC(4)         Humongous Candidates           skipped
[2025-05-20T20:26:55.947+0300][22856][21016][debug][gc,phases] GC(4)         Humongous Reclaimed            skipped
[2025-05-20T20:26:55.947+0300][22856][21016][debug][gc,phases] GC(4)       Redirty Logged Cards (ms):     Min:  0.0, Avg:  0.0, Max:  0.0, Diff:  0.0, Sum:  0.0, Workers: 8
[2025-05-20T20:26:55.947+0300][22856][21016][debug][gc,phases] GC(4)         Redirtied Cards:               Min: 0, Avg: 30.0, Max: 136, Diff: 136, Sum: 240, Workers: 8
[2025-05-20T20:26:55.947+0300][22856][21016][debug][gc,phases] GC(4)       Resize TLABs (ms):             Min:  0.0, Avg:  0.0, Max:  0.0, Diff:  0.0, Sum:  0.0, Workers: 8
[2025-05-20T20:26:55.947+0300][22856][21016][debug][gc,phases] GC(4)       Free Collection Set (ms):      Min:  0.0, Avg:  0.2, Max:  0.3, Diff:  0.2, Sum:  1.3, Workers: 8
[2025-05-20T20:26:55.947+0300][22856][21016][debug][gc,phases] GC(4)     Rebuild Free List: 0.0ms
[2025-05-20T20:26:55.947+0300][22856][21016][debug][gc,phases] GC(4)     Prepare For Mutator: 0.0ms
[2025-05-20T20:26:55.947+0300][22856][21016][debug][gc,phases] GC(4)     Expand Heap After Collection: 0.0ms
[2025-05-20T20:26:55.947+0300][22856][21016][info ][gc,phases] GC(4)   Other: 0.4ms
[2025-05-20T20:26:55.947+0300][22856][21016][info ][gc,heap  ] GC(4) Eden regions: 920->0(920)
[2025-05-20T20:26:55.947+0300][22856][21016][info ][gc,heap  ] GC(4) Survivor regions: 1->1(116)
[2025-05-20T20:26:55.947+0300][22856][21016][info ][gc,heap  ] GC(4) Old regions: 8->8
[2025-05-20T20:26:55.947+0300][22856][21016][info ][gc,heap  ] GC(4) Humongous regions: 0->0
[2025-05-20T20:26:55.947+0300][22856][21016][debug][gc,heap  ] GC(4) Heap after GC invocations=5 (full 1):
[2025-05-20T20:26:55.947+0300][22856][21016][debug][gc,heap  ] GC(4)  garbage-first heap   total 12582912K, used 11120K [0x0000000500000000, 0x0000000800000000)
[2025-05-20T20:26:55.947+0300][22856][21016][debug][gc,heap  ] GC(4)   region size 8192K, 1 young (8192K), 1 survivors (8192K)
[2025-05-20T20:26:55.947+0300][22856][21016][debug][gc,heap  ] GC(4)  Metaspace       used 8997K, committed 9536K, reserved 1114112K
[2025-05-20T20:26:55.947+0300][22856][21016][debug][gc,heap  ] GC(4)   class space    used 982K, committed 1216K, reserved 1048576K
[2025-05-20T20:26:55.947+0300][22856][21016][info ][gc       ] GC(4) Pause Young (Normal) (G1 Evacuation Pause) 7370M->10M(12288M) 7.582ms
[2025-05-20T20:26:55.947+0300][22856][21016][info ][safepoint] Safepoint "G1CollectForAllocation", Time since last: 348103000 ns, Reaching safepoint: 282400 ns, Cleanup: 12000 ns, At safepoint: 7632000 ns, Total: 7926400 ns
[2025-05-20T20:26:57.958+0300][22856][21016][debug][safepoint] Safepoint synchronization initiated using striped semaphore wait barrier. (19 threads)
[2025-05-20T20:26:57.958+0300][22856][16424][debug][safepoint] ... found polling page loop exception at pc = 0x000002529a5b8960, stub =0x0000025299fb5d80
[2025-05-20T20:26:57.958+0300][22856][2736 ][debug][safepoint] ... found polling page loop exception at pc = 0x000002529a5b8960, stub =0x0000025299fb5d80
[2025-05-20T20:26:57.958+0300][22856][3728 ][debug][safepoint] ... found polling page loop exception at pc = 0x000002529a5b8960, stub =0x0000025299fb5d80
[2025-05-20T20:26:57.958+0300][22856][15416][debug][safepoint] ... found polling page loop exception at pc = 0x000002529a5b8960, stub =0x0000025299fb5d80
[2025-05-20T20:26:57.958+0300][22856][21016][info ][safepoint] Safepoint "Cleanup", Time since last: 2007880500 ns, Reaching safepoint: 420700 ns, Cleanup: 46800 ns, At safepoint: 26600 ns, Total: 494100 ns
[2025-05-20T20:26:58.063+0300][22856][21016][debug][safepoint] Safepoint synchronization initiated using striped semaphore wait barrier. (19 threads)
[2025-05-20T20:26:58.063+0300][22856][2736 ][debug][safepoint] ... found polling page loop exception at pc = 0x000002529a5b8960, stub =0x0000025299fb5d80
[2025-05-20T20:26:58.063+0300][22856][20176][debug][safepoint] ... found polling page loop exception at pc = 0x000002529a5b8960, stub =0x0000025299fb5d80
[2025-05-20T20:26:58.063+0300][22856][3728 ][debug][safepoint] ... found polling page loop exception at pc = 0x000002529a5b8960, stub =0x0000025299fb5d80
[2025-05-20T20:26:58.063+0300][22856][15416][debug][safepoint] ... found polling page loop exception at pc = 0x000002529a5b8960, stub =0x0000025299fb5d80
[2025-05-20T20:26:58.063+0300][22856][15484][debug][safepoint] ... found polling page loop exception at pc = 0x000002529a5b8960, stub =0x0000025299fb5d80
[2025-05-20T20:26:58.063+0300][22856][13932][debug][safepoint] ... found polling page loop exception at pc = 0x000002529a5b8960, stub =0x0000025299fb5d80
[2025-05-20T20:26:58.063+0300][22856][16424][debug][safepoint] ... found polling page loop exception at pc = 0x000002529a671a5e, stub =0x0000025299fb6600
[2025-05-20T20:26:58.065+0300][22856][21016][debug][gc,heap  ] GC(5) Heap before GC invocations=5 (full 1):
[2025-05-20T20:26:58.065+0300][22856][21016][debug][gc,heap  ] GC(5)  garbage-first heap   total 12582912K, used 7539568K [0x0000000500000000, 0x0000000800000000)
[2025-05-20T20:26:58.065+0300][22856][21016][debug][gc,heap  ] GC(5)   region size 8192K, 921 young (7544832K), 1 survivors (8192K)
[2025-05-20T20:26:58.065+0300][22856][21016][debug][gc,heap  ] GC(5)  Metaspace       used 9003K, committed 9536K, reserved 1114112K
[2025-05-20T20:26:58.065+0300][22856][21016][debug][gc,heap  ] GC(5)   class space    used 982K, committed 1216K, reserved 1048576K
[2025-05-20T20:26:58.072+0300][22856][21016][info ][gc,phases] GC(5)   Pre Evacuate Collection Set: 0.5ms
[2025-05-20T20:26:58.072+0300][22856][21016][debug][gc,phases] GC(5)     Pre Evacuate Prepare: 0.1ms
[2025-05-20T20:26:58.072+0300][22856][21016][debug][gc,phases] GC(5)       JT Retire TLABs And Flush Logs (ms): Min:  0.0, Avg:  0.0, Max:  0.0, Diff:  0.0, Sum:  0.0, Workers: 2
[2025-05-20T20:26:58.072+0300][22856][21016][debug][gc,phases] GC(5)       Non-JT Flush Logs (ms):        Min:  0.0, Avg:  0.0, Max:  0.0, Diff:  0.0, Sum:  0.0, Workers: 1
[2025-05-20T20:26:58.072+0300][22856][21016][debug][gc,phases] GC(5)     Choose Collection Set: 0.0ms
[2025-05-20T20:26:58.072+0300][22856][21016][debug][gc,phases] GC(5)     Region Register: 0.4ms
[2025-05-20T20:26:58.072+0300][22856][21016][debug][gc,phases] GC(5)     Prepare Heap Roots: 0.0ms
[2025-05-20T20:26:58.072+0300][22856][21016][info ][gc,phases] GC(5)   Merge Heap Roots: 0.3ms
[2025-05-20T20:26:58.072+0300][22856][21016][debug][gc,phases] GC(5)     Prepare Merge Heap Roots: 0.1ms
[2025-05-20T20:26:58.072+0300][22856][21016][debug][gc,phases] GC(5)     Remembered Sets (ms):          Min:  0.0, Avg:  0.1, Max:  0.1, Diff:  0.1, Sum:  0.9, Workers: 8
[2025-05-20T20:26:58.072+0300][22856][21016][debug][gc,phases] GC(5)       Eager Reclaim (ms):            skipped
[2025-05-20T20:26:58.072+0300][22856][21016][debug][gc,phases] GC(5)       Merged Inline                  Min: 0, Avg:  0.0, Max: 0, Diff: 0, Sum: 0, Workers: 8
[2025-05-20T20:26:58.072+0300][22856][21016][debug][gc,phases] GC(5)       Merged ArrayOfCards            Min: 0, Avg:  0.0, Max: 0, Diff: 0, Sum: 0, Workers: 8
[2025-05-20T20:26:58.072+0300][22856][21016][debug][gc,phases] GC(5)       Merged Howl                    Min: 0, Avg:  0.0, Max: 0, Diff: 0, Sum: 0, Workers: 8
[2025-05-20T20:26:58.072+0300][22856][21016][debug][gc,phases] GC(5)       Merged Full                    Min: 0, Avg:  0.0, Max: 0, Diff: 0, Sum: 0, Workers: 8
[2025-05-20T20:26:58.072+0300][22856][21016][debug][gc,phases] GC(5)       Merged Howl Inline             Min: 0, Avg:  0.0, Max: 0, Diff: 0, Sum: 0, Workers: 8
[2025-05-20T20:26:58.072+0300][22856][21016][debug][gc,phases] GC(5)       Merged Howl ArrayOfCards       Min: 0, Avg:  0.0, Max: 0, Diff: 0, Sum: 0, Workers: 8
[2025-05-20T20:26:58.072+0300][22856][21016][debug][gc,phases] GC(5)       Merged Howl BitMap             Min: 0, Avg:  0.0, Max: 0, Diff: 0, Sum: 0, Workers: 8
[2025-05-20T20:26:58.075+0300][22856][21016][debug][gc,phases] GC(5)       Merged Howl Full               Min: 0, Avg:  0.0, Max: 0, Diff: 0, Sum: 0, Workers: 8
[2025-05-20T20:26:58.075+0300][22856][21016][debug][gc,phases] GC(5)       Merged Cards                   Min: 8, Avg:  8.0, Max: 8, Diff: 0, Sum: 64, Workers: 8
[2025-05-20T20:26:58.075+0300][22856][21016][debug][gc,phases] GC(5)     Log Buffers (ms):              Min:  0.0, Avg:  0.0, Max:  0.0, Diff:  0.0, Sum:  0.0, Workers: 8
[2025-05-20T20:26:58.075+0300][22856][21016][debug][gc,phases] GC(5)       Dirty Cards:                   Min: 0, Avg: 30.5, Max: 84, Diff: 84, Sum: 244, Workers: 8
[2025-05-20T20:26:58.075+0300][22856][21016][debug][gc,phases] GC(5)       Skipped Cards:                 Min: 0, Avg:  0.0, Max: 0, Diff: 0, Sum: 0, Workers: 8
[2025-05-20T20:26:58.075+0300][22856][21016][info ][gc,phases] GC(5)   Evacuate Collection Set: 3.9ms
[2025-05-20T20:26:58.075+0300][22856][21016][debug][gc,phases] GC(5)     Ext Root Scanning (ms):        Min:  0.0, Avg:  0.2, Max:  0.7, Diff:  0.7, Sum:  1.4, Workers: 8
[2025-05-20T20:26:58.075+0300][22856][21016][debug][gc,phases] GC(5)     Scan Heap Roots (ms):          Min:  0.0, Avg:  0.1, Max:  0.2, Diff:  0.2, Sum:  0.5, Workers: 8
[2025-05-20T20:26:58.075+0300][22856][21016][debug][gc,phases] GC(5)       Scanned Cards:                 Min: 0, Avg: 30.5, Max: 85, Diff: 85, Sum: 244, Workers: 8
[2025-05-20T20:26:58.075+0300][22856][21016][debug][gc,phases] GC(5)       Scanned Blocks:                Min: 0, Avg: 19.5, Max: 59, Diff: 59, Sum: 156, Workers: 8
[2025-05-20T20:26:58.075+0300][22856][21016][debug][gc,phases] GC(5)       Claimed Chunks:                Min: 0, Avg:  2.8, Max: 8, Diff: 8, Sum: 22, Workers: 8
[2025-05-20T20:26:58.075+0300][22856][21016][debug][gc,phases] GC(5)       Found Roots:                   Min: 0, Avg: 151.8, Max: 460, Diff: 460, Sum: 1214, Workers: 8
[2025-05-20T20:26:58.075+0300][22856][21016][debug][gc,phases] GC(5)     Code Root Scan (ms):           Min:  0.1, Avg:  0.4, Max:  0.8, Diff:  0.7, Sum:  3.3, Workers: 8
[2025-05-20T20:26:58.075+0300][22856][21016][debug][gc,phases] GC(5)       Scanned Nmethods               Min: 0, Avg: 51.8, Max: 127, Diff: 127, Sum: 414, Workers: 8
[2025-05-20T20:26:58.075+0300][22856][21016][debug][gc,phases] GC(5)     Object Copy (ms):              Min:  0.0, Avg:  1.1, Max:  2.6, Diff:  2.6, Sum:  9.1, Workers: 8
[2025-05-20T20:26:58.075+0300][22856][21016][debug][gc,phases] GC(5)     Termination (ms):              Min:  0.1, Avg:  1.4, Max:  1.8, Diff:  1.7, Sum: 10.9, Workers: 8
[2025-05-20T20:26:58.075+0300][22856][21016][debug][gc,phases] GC(5)       Termination Attempts:          Min: 1, Avg:  1.0, Max: 1, Diff: 0, Sum: 8, Workers: 8
[2025-05-20T20:26:58.075+0300][22856][21016][debug][gc,phases] GC(5)     GC Worker Other (ms):          Min:  0.1, Avg:  0.7, Max:  2.4, Diff:  2.3, Sum:  5.5, Workers: 8
[2025-05-20T20:26:58.075+0300][22856][21016][debug][gc,phases] GC(5)     GC Worker Total (ms):          Min:  3.8, Avg:  3.8, Max:  3.9, Diff:  0.0, Sum: 30.8, Workers: 8
[2025-05-20T20:26:58.075+0300][22856][21016][info ][gc,phases] GC(5)   Post Evacuate Collection Set: 4.0ms
[2025-05-20T20:26:58.075+0300][22856][21016][debug][gc,phases] GC(5)     NMethod List Cleanup: 0.1ms
[2025-05-20T20:26:58.075+0300][22856][21016][debug][gc,phases] GC(5)     Reference Processing: 0.6ms
[2025-05-20T20:26:58.075+0300][22856][21016][debug][gc,phases] GC(5)     Weak Processing: 0.2ms
[2025-05-20T20:26:58.075+0300][22856][21016][debug][gc,phases] GC(5)       VM Weak                        Min:  0.0, Avg:  0.0, Max:  0.0, Diff:  0.0, Sum:  0.0, Workers: 8
[2025-05-20T20:26:58.075+0300][22856][21016][debug][gc,phases] GC(5)         Dead                           Min: 0, Avg:  0.0, Max: 0, Diff: 0, Sum: 0, Workers: 8
[2025-05-20T20:26:58.075+0300][22856][21016][debug][gc,phases] GC(5)         Total                          Min: 0, Avg: 47.1, Max: 128, Diff: 128, Sum: 377, Workers: 8
[2025-05-20T20:26:58.075+0300][22856][21016][debug][gc,phases] GC(5)       ObjectSynchronizer Weak        Min:  0.0, Avg:  0.0, Max:  0.0, Diff:  0.0, Sum:  0.0, Workers: 8
[2025-05-20T20:26:58.075+0300][22856][21016][debug][gc,phases] GC(5)         Dead                           Min: 0, Avg:  0.0, Max: 0, Diff: 0, Sum: 0, Workers: 8
[2025-05-20T20:26:58.075+0300][22856][21016][debug][gc,phases] GC(5)         Total                          Min: 0, Avg: 17.5, Max: 76, Diff: 76, Sum: 140, Workers: 8
[2025-05-20T20:26:58.075+0300][22856][21016][debug][gc,phases] GC(5)       JVMTI Tag Weak OopStorage      Min:  0.0, Avg:  0.0, Max:  0.0, Diff:  0.0, Sum:  0.0, Workers: 8
[2025-05-20T20:26:58.075+0300][22856][21016][debug][gc,phases] GC(5)         Dead                           Min: 0, Avg:  0.0, Max: 0, Diff: 0, Sum: 0, Workers: 8
[2025-05-20T20:26:58.075+0300][22856][21016][debug][gc,phases] GC(5)         Total                          Min: 0, Avg:  0.0, Max: 0, Diff: 0, Sum: 0, Workers: 8
[2025-05-20T20:26:58.075+0300][22856][21016][debug][gc,phases] GC(5)       StringTable Weak               Min:  0.0, Avg:  0.0, Max:  0.1, Diff:  0.1, Sum:  0.4, Workers: 8
[2025-05-20T20:26:58.075+0300][22856][21016][debug][gc,phases] GC(5)         Dead                           Min: 0, Avg:  0.0, Max: 0, Diff: 0, Sum: 0, Workers: 8
[2025-05-20T20:26:58.075+0300][22856][21016][debug][gc,phases] GC(5)         Total                          Min: 0, Avg: 776.8, Max: 1472, Diff: 1472, Sum: 6214, Workers: 8
[2025-05-20T20:26:58.075+0300][22856][21016][debug][gc,phases] GC(5)       ResolvedMethodTable Weak       Min:  0.0, Avg:  0.0, Max:  0.0, Diff:  0.0, Sum:  0.1, Workers: 8
[2025-05-20T20:26:58.075+0300][22856][21016][debug][gc,phases] GC(5)         Dead                           Min: 0, Avg:  0.0, Max: 0, Diff: 0, Sum: 0, Workers: 8
[2025-05-20T20:26:58.075+0300][22856][21016][debug][gc,phases] GC(5)         Total                          Min: 0, Avg: 110.0, Max: 304, Diff: 304, Sum: 880, Workers: 8
[2025-05-20T20:26:58.075+0300][22856][21016][debug][gc,phases] GC(5)       JNI Weak                       Min:  0.0, Avg:  0.0, Max:  0.0, Diff:  0.0, Sum:  0.0, Workers: 8
[2025-05-20T20:26:58.075+0300][22856][21016][debug][gc,phases] GC(5)         Dead                           Min: 0, Avg:  0.0, Max: 0, Diff: 0, Sum: 0, Workers: 8
[2025-05-20T20:26:58.077+0300][22856][21016][debug][gc,phases] GC(5)         Total                          Min: 0, Avg:  0.0, Max: 0, Diff: 0, Sum: 0, Workers: 8
[2025-05-20T20:26:58.077+0300][22856][21016][debug][gc,phases] GC(5)       StringDedup Table Weak         Min:  0.0, Avg:  0.0, Max:  0.0, Diff:  0.0, Sum:  0.0, Workers: 8
[2025-05-20T20:26:58.077+0300][22856][21016][debug][gc,phases] GC(5)         Dead                           Min: 0, Avg:  0.0, Max: 0, Diff: 0, Sum: 0, Workers: 8
[2025-05-20T20:26:58.077+0300][22856][21016][debug][gc,phases] GC(5)         Total                          Min: 0, Avg:  0.0, Max: 0, Diff: 0, Sum: 0, Workers: 8
[2025-05-20T20:26:58.077+0300][22856][21016][debug][gc,phases] GC(5)       StringDedup Requests0 Weak     Min:  0.0, Avg:  0.0, Max:  0.0, Diff:  0.0, Sum:  0.0, Workers: 8
[2025-05-20T20:26:58.077+0300][22856][21016][debug][gc,phases] GC(5)         Dead                           Min: 0, Avg:  0.0, Max: 0, Diff: 0, Sum: 0, Workers: 8
[2025-05-20T20:26:58.077+0300][22856][21016][debug][gc,phases] GC(5)         Total                          Min: 0, Avg:  0.0, Max: 0, Diff: 0, Sum: 0, Workers: 8
[2025-05-20T20:26:58.077+0300][22856][21016][debug][gc,phases] GC(5)       StringDedup Requests1 Weak     Min:  0.0, Avg:  0.0, Max:  0.0, Diff:  0.0, Sum:  0.0, Workers: 8
[2025-05-20T20:26:58.077+0300][22856][21016][debug][gc,phases] GC(5)         Dead                           Min: 0, Avg:  0.0, Max: 0, Diff: 0, Sum: 0, Workers: 8
[2025-05-20T20:26:58.077+0300][22856][21016][debug][gc,phases] GC(5)         Total                          Min: 0, Avg:  0.0, Max: 0, Diff: 0, Sum: 0, Workers: 8
[2025-05-20T20:26:58.077+0300][22856][21016][debug][gc,phases] GC(5)       Weak JFR Old Object Samples    Min:  0.0, Avg:  0.0, Max:  0.0, Diff:  0.0, Sum:  0.0, Workers: 8
[2025-05-20T20:26:58.077+0300][22856][21016][debug][gc,phases] GC(5)         Dead                           Min: 0, Avg:  0.0, Max: 0, Diff: 0, Sum: 0, Workers: 8
[2025-05-20T20:26:58.077+0300][22856][21016][debug][gc,phases] GC(5)         Total                          Min: 0, Avg:  0.0, Max: 0, Diff: 0, Sum: 0, Workers: 8
[2025-05-20T20:26:58.077+0300][22856][21016][debug][gc,phases] GC(5)     Post Evacuate Cleanup 1: 2.5ms
[2025-05-20T20:26:58.077+0300][22856][21016][debug][gc,phases] GC(5)       Merge Per-Thread State (ms):   Min:  0.1, Avg:  0.1, Max:  0.1, Diff:  0.0, Sum:  0.1, Workers: 1
[2025-05-20T20:26:58.077+0300][22856][21016][debug][gc,phases] GC(5)         Copied Bytes                   Min: 0, Avg: 989001.0, Max: 4240568, Diff: 4240568, Sum: 7912008, Workers: 8
[2025-05-20T20:26:58.077+0300][22856][21016][debug][gc,phases] GC(5)         LAB Waste                      Min: 0, Avg: 268.0, Max: 904, Diff: 904, Sum: 2144, Workers: 8
[2025-05-20T20:26:58.077+0300][22856][21016][debug][gc,phases] GC(5)         LAB Undo Waste                 Min: 0, Avg:  0.0, Max: 0, Diff: 0, Sum: 0, Workers: 8
[2025-05-20T20:26:58.077+0300][22856][21016][debug][gc,phases] GC(5)       Clear Logged Cards (ms):       Min:  0.0, Avg:  1.4, Max:  2.4, Diff:  2.4, Sum: 11.3, Workers: 8
[2025-05-20T20:26:58.077+0300][22856][21016][debug][gc,phases] GC(5)       Recalculate Used Memory (ms):  Min:  0.0, Avg:  0.0, Max:  0.0, Diff:  0.0, Sum:  0.0, Workers: 1
[2025-05-20T20:26:58.077+0300][22856][21016][debug][gc,phases] GC(5)     Post Evacuate Cleanup 2: 0.5ms
[2025-05-20T20:26:58.077+0300][22856][21016][debug][gc,phases] GC(5)       Update Derived Pointers (ms):  Min:  0.0, Avg:  0.0, Max:  0.0, Diff:  0.0, Sum:  0.0, Workers: 1
[2025-05-20T20:26:58.077+0300][22856][21016][debug][gc,phases] GC(5)       Eagerly Reclaim Humongous Objects (ms): skipped
[2025-05-20T20:26:58.077+0300][22856][21016][debug][gc,phases] GC(5)         Humongous Total                skipped
[2025-05-20T20:26:58.077+0300][22856][21016][debug][gc,phases] GC(5)         Humongous Candidates           skipped
[2025-05-20T20:26:58.077+0300][22856][21016][debug][gc,phases] GC(5)         Humongous Reclaimed            skipped
[2025-05-20T20:26:58.077+0300][22856][21016][debug][gc,phases] GC(5)       Redirty Logged Cards (ms):     Min:  0.0, Avg:  0.0, Max:  0.0, Diff:  0.0, Sum:  0.0, Workers: 8
[2025-05-20T20:26:58.077+0300][22856][21016][debug][gc,phases] GC(5)         Redirtied Cards:               Min: 0, Avg: 30.0, Max: 93, Diff: 93, Sum: 240, Workers: 8
[2025-05-20T20:26:58.077+0300][22856][21016][debug][gc,phases] GC(5)       Resize TLABs (ms):             Min:  0.0, Avg:  0.0, Max:  0.0, Diff:  0.0, Sum:  0.0, Workers: 8
[2025-05-20T20:26:58.077+0300][22856][21016][debug][gc,phases] GC(5)       Free Collection Set (ms):      Min:  0.0, Avg:  0.3, Max:  0.4, Diff:  0.4, Sum:  2.3, Workers: 8
[2025-05-20T20:26:58.077+0300][22856][21016][debug][gc,phases] GC(5)     Rebuild Free List: 0.1ms
[2025-05-20T20:26:58.077+0300][22856][21016][debug][gc,phases] GC(5)     Prepare For Mutator: 0.0ms
[2025-05-20T20:26:58.077+0300][22856][21016][debug][gc,phases] GC(5)     Expand Heap After Collection: 0.0ms
[2025-05-20T20:26:58.077+0300][22856][21016][info ][gc,phases] GC(5)   Other: 0.3ms
[2025-05-20T20:26:58.077+0300][22856][21016][info ][gc,heap  ] GC(5) Eden regions: 920->0(920)
[2025-05-20T20:26:58.077+0300][22856][21016][info ][gc,heap  ] GC(5) Survivor regions: 1->1(116)
[2025-05-20T20:26:58.077+0300][22856][21016][info ][gc,heap  ] GC(5) Old regions: 8->8
[2025-05-20T20:26:58.077+0300][22856][21016][info ][gc,heap  ] GC(5) Humongous regions: 0->0
[2025-05-20T20:26:58.077+0300][22856][21016][debug][gc,heap  ] GC(5) Heap after GC invocations=6 (full 1):
[2025-05-20T20:26:58.077+0300][22856][21016][debug][gc,heap  ] GC(5)  garbage-first heap   total 12582912K, used 10782K [0x0000000500000000, 0x0000000800000000)
[2025-05-20T20:26:58.077+0300][22856][21016][debug][gc,heap  ] GC(5)   region size 8192K, 1 young (8192K), 1 survivors (8192K)
[2025-05-20T20:26:58.077+0300][22856][21016][debug][gc,heap  ] GC(5)  Metaspace       used 9003K, committed 9536K, reserved 1114112K
[2025-05-20T20:26:58.077+0300][22856][21016][debug][gc,heap  ] GC(5)   class space    used 982K, committed 1216K, reserved 1048576K
[2025-05-20T20:26:58.077+0300][22856][21016][info ][gc       ] GC(5) Pause Young (Normal) (G1 Evacuation Pause) 7370M->10M(12288M) 13.614ms
[2025-05-20T20:26:58.077+0300][22856][21016][info ][safepoint] Safepoint "G1CollectForAllocation", Time since last: 106157200 ns, Reaching safepoint: 534500 ns, Cleanup: 9500 ns, At safepoint: 13727100 ns, Total: 14271100 ns
[2025-05-20T20:26:59.080+0300][22856][21016][debug][safepoint] Safepoint synchronization initiated using striped semaphore wait barrier. (19 threads)
[2025-05-20T20:26:59.080+0300][22856][3728 ][debug][safepoint] ... found polling page loop exception at pc = 0x000002529a5b8960, stub =0x0000025299fb5d80
[2025-05-20T20:26:59.080+0300][22856][2736 ][debug][safepoint] ... found polling page loop exception at pc = 0x000002529a600366, stub =0x0000025299fb5d80
[2025-05-20T20:26:59.080+0300][22856][16424][debug][safepoint] ... found polling page loop exception at pc = 0x000002529a5b349e, stub =0x0000025299fb6600
[2025-05-20T20:26:59.080+0300][22856][20176][debug][safepoint] ... found polling page loop exception at pc = 0x000002529a5b8960, stub =0x0000025299fb5d80
[2025-05-20T20:26:59.080+0300][22856][9300 ][debug][safepoint] ... found polling page loop exception at pc = 0x000002529a5dc0b3, stub =0x0000025299fb6600
[2025-05-20T20:26:59.080+0300][22856][15484][debug][safepoint] ... found polling page loop exception at pc = 0x000002529a5b8960, stub =0x0000025299fb5d80
[2025-05-20T20:26:59.080+0300][22856][21016][info ][safepoint] Safepoint "Cleanup", Time since last: 1001285200 ns, Reaching safepoint: 493100 ns, Cleanup: 30200 ns, At safepoint: 25400 ns, Total: 548700 ns
[2025-05-20T20:27:00.091+0300][22856][21016][debug][safepoint] Safepoint synchronization initiated using striped semaphore wait barrier. (17 threads)
[2025-05-20T20:27:00.091+0300][22856][13932][debug][safepoint] ... found polling page loop exception at pc = 0x000002529a626c08, stub =0x0000025299fb6600
[2025-05-20T20:27:00.091+0300][22856][9300 ][debug][safepoint] ... found polling page loop exception at pc = 0x000002529a5b8960, stub =0x0000025299fb5d80
[2025-05-20T20:27:00.091+0300][22856][16424][debug][safepoint] ... found polling page loop exception at pc = 0x000002529a5b35f7, stub =0x0000025299fb6600
[2025-05-20T20:27:00.091+0300][22856][15416][debug][safepoint] ... found polling page loop exception at pc = 0x000002529a5b8960, stub =0x0000025299fb5d80
[2025-05-20T20:27:00.091+0300][22856][20176][debug][safepoint] ... found polling page loop exception at pc = 0x000002529a5ca122, stub =0x0000025299fb6600
[2025-05-20T20:27:00.091+0300][22856][2736 ][debug][safepoint] ... found polling page loop exception at pc = 0x000002529a5b8960, stub =0x0000025299fb5d80
[2025-05-20T20:27:00.091+0300][22856][21016][info ][safepoint] Safepoint "Cleanup", Time since last: 1010946300 ns, Reaching safepoint: 518100 ns, Cleanup: 26400 ns, At safepoint: 28100 ns, Total: 572600 ns
[2025-05-20T20:27:01.104+0300][22856][21016][debug][safepoint] Safepoint synchronization initiated using striped semaphore wait barrier. (15 threads)
[2025-05-20T20:27:01.104+0300][22856][15416][debug][safepoint] ... found polling page loop exception at pc = 0x000002529a68d10b, stub =0x0000025299fb5d80
[2025-05-20T20:27:01.104+0300][22856][13932][debug][safepoint] ... found polling page loop exception at pc = 0x000002529a5b8960, stub =0x0000025299fb5d80
[2025-05-20T20:27:01.104+0300][22856][16424][debug][safepoint] ... found polling page loop exception at pc = 0x000002529a5b8960, stub =0x0000025299fb5d80
[2025-05-20T20:27:01.104+0300][22856][21016][info ][safepoint] Safepoint "Cleanup", Time since last: 1011824300 ns, Reaching safepoint: 343300 ns, Cleanup: 22700 ns, At safepoint: 25900 ns, Total: 391900 ns
[2025-05-20T20:27:01.924+0300][22856][21016][debug][safepoint] Safepoint synchronization initiated using striped semaphore wait barrier. (13 threads)
[2025-05-20T20:27:01.924+0300][22856][21016][debug][gc,heap  ] GC(6) Heap before GC invocations=6 (full 1):
[2025-05-20T20:27:01.924+0300][22856][21016][debug][gc,heap  ] GC(6)  garbage-first heap   total 12582912K, used 6801950K [0x0000000500000000, 0x0000000800000000)
[2025-05-20T20:27:01.924+0300][22856][21016][debug][gc,heap  ] GC(6)   region size 8192K, 831 young (6807552K), 1 survivors (8192K)
[2025-05-20T20:27:01.924+0300][22856][21016][debug][gc,heap  ] GC(6)  Metaspace       used 9190K, committed 9792K, reserved 1114112K
[2025-05-20T20:27:01.924+0300][22856][21016][debug][gc,heap  ] GC(6)   class space    used 1000K, committed 1280K, reserved 1048576K
[2025-05-20T20:27:01.925+0300][22856][21016][debug][gc,phases] GC(6) Phase 1: Reference Processing 0.132ms
[2025-05-20T20:27:01.925+0300][22856][21016][debug][gc,phases] GC(6)   VM Weak                        Min:  0.0, Avg:  0.0, Max:  0.0, Diff:  0.0, Sum:  0.0, Workers: 8
[2025-05-20T20:27:01.925+0300][22856][21016][debug][gc,phases] GC(6)     Dead                           Min: 0, Avg: 31.9, Max: 160, Diff: 160, Sum: 255, Workers: 8
[2025-05-20T20:27:01.925+0300][22856][21016][debug][gc,phases] GC(6)     Total                          Min: 0, Avg: 47.2, Max: 250, Diff: 250, Sum: 378, Workers: 8
[2025-05-20T20:27:01.925+0300][22856][21016][debug][gc,phases] GC(6)   ObjectSynchronizer Weak        Min:  0.0, Avg:  0.0, Max:  0.0, Diff:  0.0, Sum:  0.0, Workers: 8
[2025-05-20T20:27:01.925+0300][22856][21016][debug][gc,phases] GC(6)     Dead                           Min: 0, Avg:  0.4, Max: 2, Diff: 2, Sum: 3, Workers: 8
[2025-05-20T20:27:01.925+0300][22856][21016][debug][gc,phases] GC(6)     Total                          Min: 0, Avg: 17.5, Max: 64, Diff: 64, Sum: 140, Workers: 8
[2025-05-20T20:27:01.925+0300][22856][21016][debug][gc,phases] GC(6)   JVMTI Tag Weak OopStorage      Min:  0.0, Avg:  0.0, Max:  0.0, Diff:  0.0, Sum:  0.0, Workers: 8
[2025-05-20T20:27:01.925+0300][22856][21016][debug][gc,phases] GC(6)     Dead                           Min: 0, Avg:  0.0, Max: 0, Diff: 0, Sum: 0, Workers: 8
[2025-05-20T20:27:01.925+0300][22856][21016][debug][gc,phases] GC(6)     Total                          Min: 0, Avg:  0.0, Max: 0, Diff: 0, Sum: 0, Workers: 8
[2025-05-20T20:27:01.925+0300][22856][21016][debug][gc,phases] GC(6)   StringTable Weak               Min:  0.0, Avg:  0.0, Max:  0.0, Diff:  0.0, Sum:  0.1, Workers: 8
[2025-05-20T20:27:01.925+0300][22856][21016][debug][gc,phases] GC(6)     Dead                           Min: 0, Avg:  0.5, Max: 4, Diff: 4, Sum: 4, Workers: 8
[2025-05-20T20:27:01.925+0300][22856][21016][debug][gc,phases] GC(6)     Total                          Min: 704, Avg: 783.1, Max: 832, Diff: 128, Sum: 6265, Workers: 8
[2025-05-20T20:27:01.925+0300][22856][21016][debug][gc,phases] GC(6)   ResolvedMethodTable Weak       Min:  0.0, Avg:  0.0, Max:  0.0, Diff:  0.0, Sum:  0.0, Workers: 8
[2025-05-20T20:27:01.925+0300][22856][21016][debug][gc,phases] GC(6)     Dead                           Min: 0, Avg:  3.9, Max: 14, Diff: 14, Sum: 31, Workers: 8
[2025-05-20T20:27:01.925+0300][22856][21016][debug][gc,phases] GC(6)     Total                          Min: 63, Avg: 112.8, Max: 192, Diff: 129, Sum: 902, Workers: 8
[2025-05-20T20:27:01.925+0300][22856][21016][debug][gc,phases] GC(6)   JNI Weak                       Min:  0.0, Avg:  0.0, Max:  0.0, Diff:  0.0, Sum:  0.0, Workers: 8
[2025-05-20T20:27:01.925+0300][22856][21016][debug][gc,phases] GC(6)     Dead                           Min: 0, Avg:  0.0, Max: 0, Diff: 0, Sum: 0, Workers: 8
[2025-05-20T20:27:01.925+0300][22856][21016][debug][gc,phases] GC(6)     Total                          Min: 0, Avg:  0.0, Max: 0, Diff: 0, Sum: 0, Workers: 8
[2025-05-20T20:27:01.925+0300][22856][21016][debug][gc,phases] GC(6)   StringDedup Table Weak         Min:  0.0, Avg:  0.0, Max:  0.0, Diff:  0.0, Sum:  0.0, Workers: 8
[2025-05-20T20:27:01.925+0300][22856][21016][debug][gc,phases] GC(6)     Dead                           Min: 0, Avg:  0.0, Max: 0, Diff: 0, Sum: 0, Workers: 8
[2025-05-20T20:27:01.925+0300][22856][21016][debug][gc,phases] GC(6)     Total                          Min: 0, Avg:  0.0, Max: 0, Diff: 0, Sum: 0, Workers: 8
[2025-05-20T20:27:01.925+0300][22856][21016][debug][gc,phases] GC(6)   StringDedup Requests0 Weak     Min:  0.0, Avg:  0.0, Max:  0.0, Diff:  0.0, Sum:  0.0, Workers: 8
[2025-05-20T20:27:01.925+0300][22856][21016][debug][gc,phases] GC(6)     Dead                           Min: 0, Avg:  0.0, Max: 0, Diff: 0, Sum: 0, Workers: 8
[2025-05-20T20:27:01.925+0300][22856][21016][debug][gc,phases] GC(6)     Total                          Min: 0, Avg:  0.0, Max: 0, Diff: 0, Sum: 0, Workers: 8
[2025-05-20T20:27:01.925+0300][22856][21016][debug][gc,phases] GC(6)   StringDedup Requests1 Weak     Min:  0.0, Avg:  0.0, Max:  0.0, Diff:  0.0, Sum:  0.0, Workers: 8
[2025-05-20T20:27:01.925+0300][22856][21016][debug][gc,phases] GC(6)     Dead                           Min: 0, Avg:  0.0, Max: 0, Diff: 0, Sum: 0, Workers: 8
[2025-05-20T20:27:01.925+0300][22856][21016][debug][gc,phases] GC(6)     Total                          Min: 0, Avg:  0.0, Max: 0, Diff: 0, Sum: 0, Workers: 8
[2025-05-20T20:27:01.925+0300][22856][21016][debug][gc,phases] GC(6)   Weak JFR Old Object Samples    Min:  0.0, Avg:  0.0, Max:  0.0, Diff:  0.0, Sum:  0.0, Workers: 8
[2025-05-20T20:27:01.925+0300][22856][21016][debug][gc,phases] GC(6)     Dead                           Min: 0, Avg:  0.0, Max: 0, Diff: 0, Sum: 0, Workers: 8
[2025-05-20T20:27:01.925+0300][22856][21016][debug][gc,phases] GC(6)     Total                          Min: 0, Avg:  0.0, Max: 0, Diff: 0, Sum: 0, Workers: 8
[2025-05-20T20:27:01.925+0300][22856][21016][debug][gc,phases] GC(6) Phase 1: Weak Processing 0.608ms
[2025-05-20T20:27:01.925+0300][22856][21016][debug][gc,phases] GC(6) ClassLoaderData 0.444ms
[2025-05-20T20:27:01.925+0300][22856][21016][debug][gc,phases] GC(6) Trigger cleanups 0.010ms
[2025-05-20T20:27:01.929+0300][22856][21016][debug][gc,phases] GC(6) G1 Complete Cleaning 1.767ms
[2025-05-20T20:27:01.929+0300][22856][21016][debug][gc,phases] GC(6) Purge Unlinked NMethods 0.151ms
[2025-05-20T20:27:01.929+0300][22856][21016][debug][gc,phases] GC(6) Unregister NMethods 0.207ms
[2025-05-20T20:27:01.929+0300][22856][21016][debug][gc,phases] GC(6) Free Code Blobs 0.038ms
[2025-05-20T20:27:01.929+0300][22856][21016][debug][gc,phases] GC(6) Purge Class Loader Data 0.436ms
[2025-05-20T20:27:01.929+0300][22856][21016][debug][gc,phases] GC(6) Phase 1: Class Unloading and Cleanup 3.277ms
[2025-05-20T20:27:01.929+0300][22856][21016][debug][gc,phases] GC(6) Report Object Count 0.002ms
[2025-05-20T20:27:01.929+0300][22856][21016][info ][gc,phases] GC(6) Phase 1: Mark live objects 5.537ms
[2025-05-20T20:27:01.929+0300][22856][21016][debug][gc,phases] GC(6) Phase 2: Determine work lists 0.147ms
[2025-05-20T20:27:01.939+0300][22856][21016][debug][gc,phases] GC(6) Phase 2: Prepare parallel compaction 8.131ms
[2025-05-20T20:27:01.939+0300][22856][21016][info ][gc,phases] GC(6) Phase 2: Prepare compaction 8.371ms
[2025-05-20T20:27:01.943+0300][22856][21016][info ][gc,phases] GC(6) Phase 3: Adjust pointers 4.351ms
[2025-05-20T20:27:01.952+0300][22856][21016][info ][gc,phases] GC(6) Phase 4: Compact heap 8.414ms
[2025-05-20T20:27:01.954+0300][22856][21016][info ][gc,phases] GC(6) Phase 5: Reset Metadata 2.216ms
[2025-05-20T20:27:01.973+0300][22856][21016][info ][gc,heap  ] GC(6) Eden regions: 830->0(921)
[2025-05-20T20:27:01.973+0300][22856][21016][info ][gc,heap  ] GC(6) Survivor regions: 1->0(116)
[2025-05-20T20:27:01.973+0300][22856][21016][info ][gc,heap  ] GC(6) Old regions: 8->9
[2025-05-20T20:27:01.973+0300][22856][21016][info ][gc,heap  ] GC(6) Humongous regions: 0->0
[2025-05-20T20:27:01.973+0300][22856][21016][debug][gc,heap  ] GC(6) Heap after GC invocations=7 (full 2):
[2025-05-20T20:27:01.973+0300][22856][21016][debug][gc,heap  ] GC(6)  garbage-first heap   total 12582912K, used 9907K [0x0000000500000000, 0x0000000800000000)
[2025-05-20T20:27:01.973+0300][22856][21016][debug][gc,heap  ] GC(6)   region size 8192K, 0 young (0K), 0 survivors (0K)
[2025-05-20T20:27:01.973+0300][22856][21016][debug][gc,heap  ] GC(6)  Metaspace       used 8735K, committed 9792K, reserved 1114112K
[2025-05-20T20:27:01.973+0300][22856][21016][debug][gc,heap  ] GC(6)   class space    used 874K, committed 1280K, reserved 1048576K
[2025-05-20T20:27:01.973+0300][22856][21016][info ][gc       ] GC(6) Pause Full (System.gc()) 6644M->9M(12288M) 48.625ms
[2025-05-20T20:27:01.973+0300][22856][21016][info ][safepoint] Safepoint "G1CollectFull", Time since last: 820826000 ns, Reaching safepoint: 64400 ns, Cleanup: 20700 ns, At safepoint: 48673800 ns, Total: 48758900 ns
[2025-05-20T20:27:03.001+0300][22856][21016][debug][safepoint] Safepoint synchronization initiated using striped semaphore wait barrier. (21 threads)
[2025-05-20T20:27:03.001+0300][22856][3908 ][debug][safepoint] ... found polling page loop exception at pc = 0x000002529a639cd5, stub =0x0000025299fb6600
[2025-05-20T20:27:03.001+0300][22856][1980 ][debug][safepoint] ... found polling page loop exception at pc = 0x000002529a5b8960, stub =0x0000025299fb5d80
[2025-05-20T20:27:03.001+0300][22856][4828 ][debug][safepoint] ... found polling page loop exception at pc = 0x000002529a5b35f7, stub =0x0000025299fb6600
[2025-05-20T20:27:03.001+0300][22856][6800 ][debug][safepoint] ... found polling page loop exception at pc = 0x000002529a5b8960, stub =0x0000025299fb5d80
[2025-05-20T20:27:03.001+0300][22856][21324][debug][safepoint] ... found polling page loop exception at pc = 0x000002529a5ca122, stub =0x0000025299fb6600
[2025-05-20T20:27:03.001+0300][22856][21016][info ][safepoint] Safepoint "Cleanup", Time since last: 1026635100 ns, Reaching safepoint: 393600 ns, Cleanup: 43800 ns, At safepoint: 26100 ns, Total: 463500 ns
[2025-05-20T20:27:04.011+0300][22856][21016][debug][safepoint] Safepoint synchronization initiated using striped semaphore wait barrier. (19 threads)
[2025-05-20T20:27:04.011+0300][22856][21324][debug][safepoint] ... found polling page loop exception at pc = 0x000002529a5b8960, stub =0x0000025299fb5d80
[2025-05-20T20:27:04.011+0300][22856][4828 ][debug][safepoint] ... found polling page loop exception at pc = 0x000002529a5b8960, stub =0x0000025299fb5d80
[2025-05-20T20:27:04.011+0300][22856][1980 ][debug][safepoint] ... found polling page loop exception at pc = 0x000002529a5b8960, stub =0x0000025299fb5d80
[2025-05-20T20:27:04.011+0300][22856][6800 ][debug][safepoint] ... found polling page loop exception at pc = 0x000002529a620552, stub =0x0000025299fb6600
[2025-05-20T20:27:04.011+0300][22856][18108][debug][safepoint] ... found polling page loop exception at pc = 0x000002529a5b8960, stub =0x0000025299fb5d80
[2025-05-20T20:27:04.011+0300][22856][21016][info ][safepoint] Safepoint "Cleanup", Time since last: 1010529500 ns, Reaching safepoint: 487600 ns, Cleanup: 24200 ns, At safepoint: 28800 ns, Total: 540600 ns
[2025-05-20T20:27:04.450+0300][22856][21016][debug][safepoint] Safepoint synchronization initiated using striped semaphore wait barrier. (19 threads)
[2025-05-20T20:27:04.452+0300][22856][21324][debug][safepoint] ... found polling page loop exception at pc = 0x000002529a5b8960, stub =0x0000025299fb5d80
[2025-05-20T20:27:04.452+0300][22856][19892][debug][safepoint] ... found polling page loop exception at pc = 0x000002529a5ca122, stub =0x0000025299fb6600
[2025-05-20T20:27:04.452+0300][22856][1980 ][debug][safepoint] ... found polling page loop exception at pc = 0x000002529a5b8960, stub =0x0000025299fb5d80
[2025-05-20T20:27:04.452+0300][22856][4828 ][debug][safepoint] ... found polling page loop exception at pc = 0x000002529a5b8960, stub =0x0000025299fb5d80
[2025-05-20T20:27:04.452+0300][22856][6800 ][debug][safepoint] ... found polling page loop exception at pc = 0x000002529a5b8960, stub =0x0000025299fb5d80
[2025-05-20T20:27:04.452+0300][22856][3908 ][debug][safepoint] ... found polling page loop exception at pc = 0x000002529a5d2247, stub =0x0000025299fb6600
[2025-05-20T20:27:04.452+0300][22856][21016][debug][gc,heap  ] GC(7) Heap before GC invocations=7 (full 2):
[2025-05-20T20:27:04.452+0300][22856][21016][debug][gc,heap  ] GC(7)  garbage-first heap   total 12582912K, used 7554739K [0x0000000500000000, 0x0000000800000000)
[2025-05-20T20:27:04.452+0300][22856][21016][debug][gc,heap  ] GC(7)   region size 8192K, 921 young (7544832K), 0 survivors (0K)
[2025-05-20T20:27:04.452+0300][22856][21016][debug][gc,heap  ] GC(7)  Metaspace       used 8735K, committed 9792K, reserved 1114112K
[2025-05-20T20:27:04.452+0300][22856][21016][debug][gc,heap  ] GC(7)   class space    used 874K, committed 1280K, reserved 1048576K
[2025-05-20T20:27:04.454+0300][22856][21016][info ][gc,phases] GC(7)   Pre Evacuate Collection Set: 0.3ms
[2025-05-20T20:27:04.454+0300][22856][21016][debug][gc,phases] GC(7)     Pre Evacuate Prepare: 0.1ms
[2025-05-20T20:27:04.454+0300][22856][21016][debug][gc,phases] GC(7)       JT Retire TLABs And Flush Logs (ms): Min:  0.0, Avg:  0.0, Max:  0.0, Diff:  0.0, Sum:  0.0, Workers: 2
[2025-05-20T20:27:04.454+0300][22856][21016][debug][gc,phases] GC(7)       Non-JT Flush Logs (ms):        Min:  0.0, Avg:  0.0, Max:  0.0, Diff:  0.0, Sum:  0.0, Workers: 1
[2025-05-20T20:27:04.454+0300][22856][21016][debug][gc,phases] GC(7)     Choose Collection Set: 0.0ms
[2025-05-20T20:27:04.454+0300][22856][21016][debug][gc,phases] GC(7)     Region Register: 0.2ms
[2025-05-20T20:27:04.454+0300][22856][21016][debug][gc,phases] GC(7)     Prepare Heap Roots: 0.0ms
[2025-05-20T20:27:04.454+0300][22856][21016][info ][gc,phases] GC(7)   Merge Heap Roots: 0.2ms
[2025-05-20T20:27:04.454+0300][22856][21016][debug][gc,phases] GC(7)     Prepare Merge Heap Roots: 0.0ms
[2025-05-20T20:27:04.454+0300][22856][21016][debug][gc,phases] GC(7)     Remembered Sets (ms):          Min:  0.1, Avg:  0.1, Max:  0.1, Diff:  0.0, Sum:  0.7, Workers: 8
[2025-05-20T20:27:04.454+0300][22856][21016][debug][gc,phases] GC(7)       Eager Reclaim (ms):            skipped
[2025-05-20T20:27:04.454+0300][22856][21016][debug][gc,phases] GC(7)       Merged Inline                  Min: 0, Avg:  0.0, Max: 0, Diff: 0, Sum: 0, Workers: 8
[2025-05-20T20:27:04.454+0300][22856][21016][debug][gc,phases] GC(7)       Merged ArrayOfCards            Min: 0, Avg:  0.0, Max: 0, Diff: 0, Sum: 0, Workers: 8
[2025-05-20T20:27:04.454+0300][22856][21016][debug][gc,phases] GC(7)       Merged Howl                    Min: 0, Avg:  0.0, Max: 0, Diff: 0, Sum: 0, Workers: 8
[2025-05-20T20:27:04.454+0300][22856][21016][debug][gc,phases] GC(7)       Merged Full                    Min: 0, Avg:  0.0, Max: 0, Diff: 0, Sum: 0, Workers: 8
[2025-05-20T20:27:04.454+0300][22856][21016][debug][gc,phases] GC(7)       Merged Howl Inline             Min: 0, Avg:  0.0, Max: 0, Diff: 0, Sum: 0, Workers: 8
[2025-05-20T20:27:04.454+0300][22856][21016][debug][gc,phases] GC(7)       Merged Howl ArrayOfCards       Min: 0, Avg:  0.0, Max: 0, Diff: 0, Sum: 0, Workers: 8
[2025-05-20T20:27:04.454+0300][22856][21016][debug][gc,phases] GC(7)       Merged Howl BitMap             Min: 0, Avg:  0.0, Max: 0, Diff: 0, Sum: 0, Workers: 8
[2025-05-20T20:27:04.454+0300][22856][21016][debug][gc,phases] GC(7)       Merged Howl Full               Min: 0, Avg:  0.0, Max: 0, Diff: 0, Sum: 0, Workers: 8
[2025-05-20T20:27:04.454+0300][22856][21016][debug][gc,phases] GC(7)       Merged Cards                   Min: 8, Avg:  8.0, Max: 8, Diff: 0, Sum: 64, Workers: 8
[2025-05-20T20:27:04.454+0300][22856][21016][debug][gc,phases] GC(7)     Log Buffers (ms):              Min:  0.0, Avg:  0.0, Max:  0.0, Diff:  0.0, Sum:  0.0, Workers: 8
[2025-05-20T20:27:04.454+0300][22856][21016][debug][gc,phases] GC(7)       Dirty Cards:                   Min: 0, Avg:  5.1, Max: 25, Diff: 25, Sum: 41, Workers: 8
[2025-05-20T20:27:04.454+0300][22856][21016][debug][gc,phases] GC(7)       Skipped Cards:                 Min: 0, Avg:  0.0, Max: 0, Diff: 0, Sum: 0, Workers: 8
[2025-05-20T20:27:04.454+0300][22856][21016][info ][gc,phases] GC(7)   Evacuate Collection Set: 1.6ms
[2025-05-20T20:27:04.454+0300][22856][21016][debug][gc,phases] GC(7)     Ext Root Scanning (ms):        Min:  0.0, Avg:  0.1, Max:  0.2, Diff:  0.2, Sum:  0.6, Workers: 8
[2025-05-20T20:27:04.454+0300][22856][21016][debug][gc,phases] GC(7)     Scan Heap Roots (ms):          Min:  0.0, Avg:  0.0, Max:  0.0, Diff:  0.0, Sum:  0.1, Workers: 8
[2025-05-20T20:27:04.454+0300][22856][21016][debug][gc,phases] GC(7)       Scanned Cards:                 Min: 0, Avg:  5.1, Max: 13, Diff: 13, Sum: 41, Workers: 8
[2025-05-20T20:27:04.454+0300][22856][21016][debug][gc,phases] GC(7)       Scanned Blocks:                Min: 0, Avg:  3.6, Max: 10, Diff: 10, Sum: 29, Workers: 8
[2025-05-20T20:27:04.454+0300][22856][21016][debug][gc,phases] GC(7)       Claimed Chunks:                Min: 0, Avg:  1.8, Max: 5, Diff: 5, Sum: 14, Workers: 8
[2025-05-20T20:27:04.454+0300][22856][21016][debug][gc,phases] GC(7)       Found Roots:                   Min: 0, Avg:  1.5, Max: 8, Diff: 8, Sum: 12, Workers: 8
[2025-05-20T20:27:04.454+0300][22856][21016][debug][gc,phases] GC(7)     Code Root Scan (ms):           Min:  0.1, Avg:  0.1, Max:  0.1, Diff:  0.0, Sum:  0.7, Workers: 8
[2025-05-20T20:27:04.454+0300][22856][21016][debug][gc,phases] GC(7)       Scanned Nmethods               Min: 0, Avg:  0.0, Max: 0, Diff: 0, Sum: 0, Workers: 8
[2025-05-20T20:27:04.454+0300][22856][21016][debug][gc,phases] GC(7)     Object Copy (ms):              Min:  0.0, Avg:  0.5, Max:  1.3, Diff:  1.3, Sum:  4.2, Workers: 8
[2025-05-20T20:27:04.454+0300][22856][21016][debug][gc,phases] GC(7)     Termination (ms):              Min:  0.1, Avg:  0.7, Max:  1.0, Diff:  1.0, Sum:  5.8, Workers: 8
[2025-05-20T20:27:04.454+0300][22856][21016][debug][gc,phases] GC(7)       Termination Attempts:          Min: 1, Avg:  1.0, Max: 1, Diff: 0, Sum: 8, Workers: 8
[2025-05-20T20:27:04.454+0300][22856][21016][debug][gc,phases] GC(7)     GC Worker Other (ms):          Min:  0.1, Avg:  0.1, Max:  0.1, Diff:  0.0, Sum:  0.8, Workers: 8
[2025-05-20T20:27:04.454+0300][22856][21016][debug][gc,phases] GC(7)     GC Worker Total (ms):          Min:  1.0, Avg:  1.5, Max:  1.6, Diff:  0.6, Sum: 12.2, Workers: 8
[2025-05-20T20:27:04.454+0300][22856][21016][info ][gc,phases] GC(7)   Post Evacuate Collection Set: 1.8ms
[2025-05-20T20:27:04.454+0300][22856][21016][debug][gc,phases] GC(7)     NMethod List Cleanup: 0.0ms
[2025-05-20T20:27:04.454+0300][22856][21016][debug][gc,phases] GC(7)     Reference Processing: 0.2ms
[2025-05-20T20:27:04.454+0300][22856][21016][debug][gc,phases] GC(7)     Weak Processing: 0.1ms
[2025-05-20T20:27:04.454+0300][22856][21016][debug][gc,phases] GC(7)       VM Weak                        Min:  0.0, Avg:  0.0, Max:  0.0, Diff:  0.0, Sum:  0.0, Workers: 8
[2025-05-20T20:27:04.454+0300][22856][21016][debug][gc,phases] GC(7)         Dead                           Min: 0, Avg:  0.0, Max: 0, Diff: 0, Sum: 0, Workers: 8
[2025-05-20T20:27:04.454+0300][22856][21016][debug][gc,phases] GC(7)         Total                          Min: 0, Avg: 15.4, Max: 85, Diff: 85, Sum: 123, Workers: 8
[2025-05-20T20:27:04.454+0300][22856][21016][debug][gc,phases] GC(7)       ObjectSynchronizer Weak        Min:  0.0, Avg:  0.0, Max:  0.0, Diff:  0.0, Sum:  0.0, Workers: 8
[2025-05-20T20:27:04.454+0300][22856][21016][debug][gc,phases] GC(7)         Dead                           Min: 0, Avg:  0.0, Max: 0, Diff: 0, Sum: 0, Workers: 8
[2025-05-20T20:27:04.454+0300][22856][21016][debug][gc,phases] GC(7)         Total                          Min: 0, Avg: 17.5, Max: 64, Diff: 64, Sum: 140, Workers: 8
[2025-05-20T20:27:04.454+0300][22856][21016][debug][gc,phases] GC(7)       JVMTI Tag Weak OopStorage      Min:  0.0, Avg:  0.0, Max:  0.0, Diff:  0.0, Sum:  0.0, Workers: 8
[2025-05-20T20:27:04.454+0300][22856][21016][debug][gc,phases] GC(7)         Dead                           Min: 0, Avg:  0.0, Max: 0, Diff: 0, Sum: 0, Workers: 8
[2025-05-20T20:27:04.454+0300][22856][21016][debug][gc,phases] GC(7)         Total                          Min: 0, Avg:  0.0, Max: 0, Diff: 0, Sum: 0, Workers: 8
[2025-05-20T20:27:04.454+0300][22856][21016][debug][gc,phases] GC(7)       StringTable Weak               Min:  0.0, Avg:  0.0, Max:  0.0, Diff:  0.0, Sum:  0.1, Workers: 8
[2025-05-20T20:27:04.454+0300][22856][21016][debug][gc,phases] GC(7)         Dead                           Min: 0, Avg:  0.0, Max: 0, Diff: 0, Sum: 0, Workers: 8
[2025-05-20T20:27:04.454+0300][22856][21016][debug][gc,phases] GC(7)         Total                          Min: 512, Avg: 783.1, Max: 958, Diff: 446, Sum: 6265, Workers: 8
[2025-05-20T20:27:04.454+0300][22856][21016][debug][gc,phases] GC(7)       ResolvedMethodTable Weak       Min:  0.0, Avg:  0.0, Max:  0.0, Diff:  0.0, Sum:  0.0, Workers: 8
[2025-05-20T20:27:04.454+0300][22856][21016][debug][gc,phases] GC(7)         Dead                           Min: 0, Avg:  0.0, Max: 0, Diff: 0, Sum: 0, Workers: 8
[2025-05-20T20:27:04.454+0300][22856][21016][debug][gc,phases] GC(7)         Total                          Min: 63, Avg: 112.8, Max: 128, Diff: 65, Sum: 902, Workers: 8
[2025-05-20T20:27:04.454+0300][22856][21016][debug][gc,phases] GC(7)       JNI Weak                       Min:  0.0, Avg:  0.0, Max:  0.0, Diff:  0.0, Sum:  0.0, Workers: 8
[2025-05-20T20:27:04.454+0300][22856][21016][debug][gc,phases] GC(7)         Dead                           Min: 0, Avg:  0.0, Max: 0, Diff: 0, Sum: 0, Workers: 8
[2025-05-20T20:27:04.454+0300][22856][21016][debug][gc,phases] GC(7)         Total                          Min: 0, Avg:  0.0, Max: 0, Diff: 0, Sum: 0, Workers: 8
[2025-05-20T20:27:04.454+0300][22856][21016][debug][gc,phases] GC(7)       StringDedup Table Weak         Min:  0.0, Avg:  0.0, Max:  0.0, Diff:  0.0, Sum:  0.0, Workers: 8
[2025-05-20T20:27:04.454+0300][22856][21016][debug][gc,phases] GC(7)         Dead                           Min: 0, Avg:  0.0, Max: 0, Diff: 0, Sum: 0, Workers: 8
[2025-05-20T20:27:04.454+0300][22856][21016][debug][gc,phases] GC(7)         Total                          Min: 0, Avg:  0.0, Max: 0, Diff: 0, Sum: 0, Workers: 8
[2025-05-20T20:27:04.454+0300][22856][21016][debug][gc,phases] GC(7)       StringDedup Requests0 Weak     Min:  0.0, Avg:  0.0, Max:  0.0, Diff:  0.0, Sum:  0.0, Workers: 8
[2025-05-20T20:27:04.454+0300][22856][21016][debug][gc,phases] GC(7)         Dead                           Min: 0, Avg:  0.0, Max: 0, Diff: 0, Sum: 0, Workers: 8
[2025-05-20T20:27:04.454+0300][22856][21016][debug][gc,phases] GC(7)         Total                          Min: 0, Avg:  0.0, Max: 0, Diff: 0, Sum: 0, Workers: 8
[2025-05-20T20:27:04.454+0300][22856][21016][debug][gc,phases] GC(7)       StringDedup Requests1 Weak     Min:  0.0, Avg:  0.0, Max:  0.0, Diff:  0.0, Sum:  0.0, Workers: 8
[2025-05-20T20:27:04.454+0300][22856][21016][debug][gc,phases] GC(7)         Dead                           Min: 0, Avg:  0.0, Max: 0, Diff: 0, Sum: 0, Workers: 8
[2025-05-20T20:27:04.454+0300][22856][21016][debug][gc,phases] GC(7)         Total                          Min: 0, Avg:  0.0, Max: 0, Diff: 0, Sum: 0, Workers: 8
[2025-05-20T20:27:04.454+0300][22856][21016][debug][gc,phases] GC(7)       Weak JFR Old Object Samples    Min:  0.0, Avg:  0.0, Max:  0.0, Diff:  0.0, Sum:  0.0, Workers: 8
[2025-05-20T20:27:04.454+0300][22856][21016][debug][gc,phases] GC(7)         Dead                           Min: 0, Avg:  0.0, Max: 0, Diff: 0, Sum: 0, Workers: 8
[2025-05-20T20:27:04.454+0300][22856][21016][debug][gc,phases] GC(7)         Total                          Min: 0, Avg:  0.0, Max: 0, Diff: 0, Sum: 0, Workers: 8
[2025-05-20T20:27:04.454+0300][22856][21016][debug][gc,phases] GC(7)     Post Evacuate Cleanup 1: 1.1ms
[2025-05-20T20:27:04.454+0300][22856][21016][debug][gc,phases] GC(7)       Merge Per-Thread State (ms):   Min:  0.1, Avg:  0.1, Max:  0.1, Diff:  0.0, Sum:  0.1, Workers: 1
[2025-05-20T20:27:04.454+0300][22856][21016][debug][gc,phases] GC(7)         Copied Bytes                   Min: 0, Avg: 883289.0, Max: 2242672, Diff: 2242672, Sum: 7066312, Workers: 8
[2025-05-20T20:27:04.454+0300][22856][21016][debug][gc,phases] GC(7)         LAB Waste                      Min: 0, Avg: 98.0, Max: 432, Diff: 432, Sum: 784, Workers: 8
[2025-05-20T20:27:04.454+0300][22856][21016][debug][gc,phases] GC(7)         LAB Undo Waste                 Min: 0, Avg:  0.0, Max: 0, Diff: 0, Sum: 0, Workers: 8
[2025-05-20T20:27:04.454+0300][22856][21016][debug][gc,phases] GC(7)       Clear Logged Cards (ms):       Min:  0.0, Avg:  0.8, Max:  1.0, Diff:  1.0, Sum:  6.6, Workers: 8
[2025-05-20T20:27:04.454+0300][22856][21016][debug][gc,phases] GC(7)       Recalculate Used Memory (ms):  Min:  0.0, Avg:  0.0, Max:  0.0, Diff:  0.0, Sum:  0.0, Workers: 1
[2025-05-20T20:27:04.454+0300][22856][21016][debug][gc,phases] GC(7)     Post Evacuate Cleanup 2: 0.3ms
[2025-05-20T20:27:04.454+0300][22856][21016][debug][gc,phases] GC(7)       Update Derived Pointers (ms):  Min:  0.0, Avg:  0.0, Max:  0.0, Diff:  0.0, Sum:  0.0, Workers: 1
[2025-05-20T20:27:04.454+0300][22856][21016][debug][gc,phases] GC(7)       Eagerly Reclaim Humongous Objects (ms): skipped
[2025-05-20T20:27:04.454+0300][22856][21016][debug][gc,phases] GC(7)         Humongous Total                skipped
[2025-05-20T20:27:04.454+0300][22856][21016][debug][gc,phases] GC(7)         Humongous Candidates           skipped
[2025-05-20T20:27:04.454+0300][22856][21016][debug][gc,phases] GC(7)         Humongous Reclaimed            skipped
[2025-05-20T20:27:04.454+0300][22856][21016][debug][gc,phases] GC(7)       Redirty Logged Cards (ms):     Min:  0.0, Avg:  0.0, Max:  0.0, Diff:  0.0, Sum:  0.0, Workers: 8
[2025-05-20T20:27:04.454+0300][22856][21016][debug][gc,phases] GC(7)         Redirtied Cards:               Min: 0, Avg:  1.4, Max: 11, Diff: 11, Sum: 11, Workers: 8
[2025-05-20T20:27:04.454+0300][22856][21016][debug][gc,phases] GC(7)       Resize TLABs (ms):             Min:  0.0, Avg:  0.0, Max:  0.0, Diff:  0.0, Sum:  0.0, Workers: 8
[2025-05-20T20:27:04.454+0300][22856][21016][debug][gc,phases] GC(7)       Free Collection Set (ms):      Min:  0.2, Avg:  0.2, Max:  0.2, Diff:  0.0, Sum:  1.7, Workers: 8
[2025-05-20T20:27:04.454+0300][22856][21016][debug][gc,phases] GC(7)     Rebuild Free List: 0.1ms
[2025-05-20T20:27:04.454+0300][22856][21016][debug][gc,phases] GC(7)     Prepare For Mutator: 0.0ms
[2025-05-20T20:27:04.454+0300][22856][21016][debug][gc,phases] GC(7)     Expand Heap After Collection: 0.0ms
[2025-05-20T20:27:04.454+0300][22856][21016][info ][gc,phases] GC(7)   Other: 0.2ms
[2025-05-20T20:27:04.454+0300][22856][21016][info ][gc,heap  ] GC(7) Eden regions: 921->0(920)
[2025-05-20T20:27:04.454+0300][22856][21016][info ][gc,heap  ] GC(7) Survivor regions: 0->1(116)
[2025-05-20T20:27:04.454+0300][22856][21016][info ][gc,heap  ] GC(7) Old regions: 9->9
[2025-05-20T20:27:04.454+0300][22856][21016][info ][gc,heap  ] GC(7) Humongous regions: 0->0
[2025-05-20T20:27:04.454+0300][22856][21016][debug][gc,heap  ] GC(7) Heap after GC invocations=8 (full 2):
[2025-05-20T20:27:04.454+0300][22856][21016][debug][gc,heap  ] GC(7)  garbage-first heap   total 12582912K, used 16920K [0x0000000500000000, 0x0000000800000000)
[2025-05-20T20:27:04.454+0300][22856][21016][debug][gc,heap  ] GC(7)   region size 8192K, 1 young (8192K), 1 survivors (8192K)
[2025-05-20T20:27:04.454+0300][22856][21016][debug][gc,heap  ] GC(7)  Metaspace       used 8735K, committed 9792K, reserved 1114112K
[2025-05-20T20:27:04.454+0300][22856][21016][debug][gc,heap  ] GC(7)   class space    used 874K, committed 1280K, reserved 1048576K
[2025-05-20T20:27:04.454+0300][22856][21016][info ][gc       ] GC(7) Pause Young (Normal) (G1 Evacuation Pause) 7377M->16M(12288M) 6.347ms
[2025-05-20T20:27:04.454+0300][22856][21016][info ][safepoint] Safepoint "G1CollectForAllocation", Time since last: 440344600 ns, Reaching safepoint: 446200 ns, Cleanup: 20500 ns, At safepoint: 6432400 ns, Total: 6899100 ns
[2025-05-20T20:27:06.985+0300][22856][21016][debug][safepoint] Safepoint synchronization initiated using striped semaphore wait barrier. (19 threads)
[2025-05-20T20:27:06.985+0300][22856][1980 ][debug][safepoint] ... found polling page loop exception at pc = 0x000002529a5b35f7, stub =0x0000025299fb6600
[2025-05-20T20:27:06.985+0300][22856][18108][debug][safepoint] ... found polling page loop exception at pc = 0x000002529a662fa3, stub =0x0000025299fb6600
[2025-05-20T20:27:06.985+0300][22856][6800 ][debug][safepoint] ... found polling page loop exception at pc = 0x000002529a5b8960, stub =0x0000025299fb5d80
[2025-05-20T20:27:06.985+0300][22856][872  ][debug][safepoint] ... found polling page loop exception at pc = 0x000002529a5ca122, stub =0x0000025299fb6600
[2025-05-20T20:27:06.985+0300][22856][19892][debug][safepoint] ... found polling page loop exception at pc = 0x000002529a6b835f, stub =0x0000025299fb6600
[2025-05-20T20:27:06.985+0300][22856][21016][debug][gc,heap  ] GC(8) Heap before GC invocations=8 (full 2):
[2025-05-20T20:27:06.985+0300][22856][21016][debug][gc,heap  ] GC(8)  garbage-first heap   total 12582912K, used 7553560K [0x0000000500000000, 0x0000000800000000)
[2025-05-20T20:27:06.985+0300][22856][21016][debug][gc,heap  ] GC(8)   region size 8192K, 921 young (7544832K), 1 survivors (8192K)
[2025-05-20T20:27:06.985+0300][22856][21016][debug][gc,heap  ] GC(8)  Metaspace       used 8735K, committed 9792K, reserved 1114112K
[2025-05-20T20:27:06.985+0300][22856][21016][debug][gc,heap  ] GC(8)   class space    used 874K, committed 1280K, reserved 1048576K
[2025-05-20T20:27:06.989+0300][22856][21016][info ][gc,phases] GC(8)   Pre Evacuate Collection Set: 0.3ms
[2025-05-20T20:27:06.989+0300][22856][21016][debug][gc,phases] GC(8)     Pre Evacuate Prepare: 0.1ms
[2025-05-20T20:27:06.989+0300][22856][21016][debug][gc,phases] GC(8)       JT Retire TLABs And Flush Logs (ms): Min:  0.0, Avg:  0.0, Max:  0.0, Diff:  0.0, Sum:  0.0, Workers: 2
[2025-05-20T20:27:06.989+0300][22856][21016][debug][gc,phases] GC(8)       Non-JT Flush Logs (ms):        Min:  0.0, Avg:  0.0, Max:  0.0, Diff:  0.0, Sum:  0.0, Workers: 1
[2025-05-20T20:27:06.989+0300][22856][21016][debug][gc,phases] GC(8)     Choose Collection Set: 0.0ms
[2025-05-20T20:27:06.989+0300][22856][21016][debug][gc,phases] GC(8)     Region Register: 0.2ms
[2025-05-20T20:27:06.989+0300][22856][21016][debug][gc,phases] GC(8)     Prepare Heap Roots: 0.0ms
[2025-05-20T20:27:06.989+0300][22856][21016][info ][gc,phases] GC(8)   Merge Heap Roots: 0.2ms
[2025-05-20T20:27:06.989+0300][22856][21016][debug][gc,phases] GC(8)     Prepare Merge Heap Roots: 0.0ms
[2025-05-20T20:27:06.989+0300][22856][21016][debug][gc,phases] GC(8)     Remembered Sets (ms):          Min:  0.0, Avg:  0.1, Max:  0.1, Diff:  0.1, Sum:  0.7, Workers: 8
[2025-05-20T20:27:06.989+0300][22856][21016][debug][gc,phases] GC(8)       Eager Reclaim (ms):            skipped
[2025-05-20T20:27:06.989+0300][22856][21016][debug][gc,phases] GC(8)       Merged Inline                  Min: 0, Avg:  0.0, Max: 0, Diff: 0, Sum: 0, Workers: 8
[2025-05-20T20:27:06.989+0300][22856][21016][debug][gc,phases] GC(8)       Merged ArrayOfCards            Min: 0, Avg:  0.0, Max: 0, Diff: 0, Sum: 0, Workers: 8
[2025-05-20T20:27:06.989+0300][22856][21016][debug][gc,phases] GC(8)       Merged Howl                    Min: 0, Avg:  0.0, Max: 0, Diff: 0, Sum: 0, Workers: 8
[2025-05-20T20:27:06.989+0300][22856][21016][debug][gc,phases] GC(8)       Merged Full                    Min: 0, Avg:  0.0, Max: 0, Diff: 0, Sum: 0, Workers: 8
[2025-05-20T20:27:06.989+0300][22856][21016][debug][gc,phases] GC(8)       Merged Howl Inline             Min: 0, Avg:  0.0, Max: 0, Diff: 0, Sum: 0, Workers: 8
[2025-05-20T20:27:06.989+0300][22856][21016][debug][gc,phases] GC(8)       Merged Howl ArrayOfCards       Min: 0, Avg:  0.0, Max: 0, Diff: 0, Sum: 0, Workers: 8
[2025-05-20T20:27:06.989+0300][22856][21016][debug][gc,phases] GC(8)       Merged Howl BitMap             Min: 0, Avg:  0.0, Max: 0, Diff: 0, Sum: 0, Workers: 8
[2025-05-20T20:27:06.989+0300][22856][21016][debug][gc,phases] GC(8)       Merged Howl Full               Min: 0, Avg:  0.0, Max: 0, Diff: 0, Sum: 0, Workers: 8
[2025-05-20T20:27:06.989+0300][22856][21016][debug][gc,phases] GC(8)       Merged Cards                   Min: 8, Avg:  8.0, Max: 8, Diff: 0, Sum: 64, Workers: 8
[2025-05-20T20:27:06.989+0300][22856][21016][debug][gc,phases] GC(8)     Log Buffers (ms):              Min:  0.0, Avg:  0.0, Max:  0.0, Diff:  0.0, Sum:  0.0, Workers: 8
[2025-05-20T20:27:06.989+0300][22856][21016][debug][gc,phases] GC(8)       Dirty Cards:                   Min: 0, Avg:  1.9, Max: 7, Diff: 7, Sum: 15, Workers: 8
[2025-05-20T20:27:06.989+0300][22856][21016][debug][gc,phases] GC(8)       Skipped Cards:                 Min: 0, Avg:  0.0, Max: 0, Diff: 0, Sum: 0, Workers: 8
[2025-05-20T20:27:06.989+0300][22856][21016][info ][gc,phases] GC(8)   Evacuate Collection Set: 0.9ms
[2025-05-20T20:27:06.989+0300][22856][21016][debug][gc,phases] GC(8)     Ext Root Scanning (ms):        Min:  0.0, Avg:  0.1, Max:  0.1, Diff:  0.0, Sum:  0.5, Workers: 8
[2025-05-20T20:27:06.989+0300][22856][21016][debug][gc,phases] GC(8)     Scan Heap Roots (ms):          Min:  0.0, Avg:  0.0, Max:  0.0, Diff:  0.0, Sum:  0.1, Workers: 8
[2025-05-20T20:27:06.989+0300][22856][21016][debug][gc,phases] GC(8)       Scanned Cards:                 Min: 0, Avg:  1.5, Max: 6, Diff: 6, Sum: 12, Workers: 8
[2025-05-20T20:27:06.989+0300][22856][21016][debug][gc,phases] GC(8)       Scanned Blocks:                Min: 0, Avg:  1.2, Max: 5, Diff: 5, Sum: 10, Workers: 8
[2025-05-20T20:27:06.989+0300][22856][21016][debug][gc,phases] GC(8)       Claimed Chunks:                Min: 0, Avg:  0.9, Max: 3, Diff: 3, Sum: 7, Workers: 8
[2025-05-20T20:27:06.989+0300][22856][21016][debug][gc,phases] GC(8)       Found Roots:                   Min: 0, Avg:  1.5, Max: 4, Diff: 4, Sum: 12, Workers: 8
[2025-05-20T20:27:06.989+0300][22856][21016][debug][gc,phases] GC(8)     Code Root Scan (ms):           Min:  0.1, Avg:  0.1, Max:  0.1, Diff:  0.0, Sum:  0.6, Workers: 8
[2025-05-20T20:27:06.989+0300][22856][21016][debug][gc,phases] GC(8)       Scanned Nmethods               Min: 0, Avg:  0.0, Max: 0, Diff: 0, Sum: 0, Workers: 8
[2025-05-20T20:27:06.989+0300][22856][21016][debug][gc,phases] GC(8)     Object Copy (ms):              Min:  0.2, Avg:  0.3, Max:  0.6, Diff:  0.4, Sum:  2.5, Workers: 8
[2025-05-20T20:27:06.989+0300][22856][21016][debug][gc,phases] GC(8)     Termination (ms):              Min:  0.0, Avg:  0.3, Max:  0.4, Diff:  0.4, Sum:  2.6, Workers: 8
[2025-05-20T20:27:06.989+0300][22856][21016][debug][gc,phases] GC(8)       Termination Attempts:          Min: 1, Avg:  1.1, Max: 2, Diff: 1, Sum: 9, Workers: 8
[2025-05-20T20:27:06.989+0300][22856][21016][debug][gc,phases] GC(8)     GC Worker Other (ms):          Min:  0.1, Avg:  0.1, Max:  0.1, Diff:  0.1, Sum:  0.8, Workers: 8
[2025-05-20T20:27:06.989+0300][22856][21016][debug][gc,phases] GC(8)     GC Worker Total (ms):          Min:  0.9, Avg:  0.9, Max:  0.9, Diff:  0.0, Sum:  7.1, Workers: 8
[2025-05-20T20:27:06.989+0300][22856][21016][info ][gc,phases] GC(8)   Post Evacuate Collection Set: 1.9ms
[2025-05-20T20:27:06.989+0300][22856][21016][debug][gc,phases] GC(8)     NMethod List Cleanup: 0.0ms
[2025-05-20T20:27:06.989+0300][22856][21016][debug][gc,phases] GC(8)     Reference Processing: 0.3ms
[2025-05-20T20:27:06.989+0300][22856][21016][debug][gc,phases] GC(8)     Weak Processing: 0.1ms
[2025-05-20T20:27:06.989+0300][22856][21016][debug][gc,phases] GC(8)       VM Weak                        Min:  0.0, Avg:  0.0, Max:  0.0, Diff:  0.0, Sum:  0.0, Workers: 8
[2025-05-20T20:27:06.989+0300][22856][21016][debug][gc,phases] GC(8)         Dead                           Min: 0, Avg:  0.0, Max: 0, Diff: 0, Sum: 0, Workers: 8
[2025-05-20T20:27:06.989+0300][22856][21016][debug][gc,phases] GC(8)         Total                          Min: 0, Avg: 15.4, Max: 77, Diff: 77, Sum: 123, Workers: 8
[2025-05-20T20:27:06.989+0300][22856][21016][debug][gc,phases] GC(8)       ObjectSynchronizer Weak        Min:  0.0, Avg:  0.0, Max:  0.0, Diff:  0.0, Sum:  0.0, Workers: 8
[2025-05-20T20:27:06.989+0300][22856][21016][debug][gc,phases] GC(8)         Dead                           Min: 0, Avg:  0.0, Max: 0, Diff: 0, Sum: 0, Workers: 8
[2025-05-20T20:27:06.989+0300][22856][21016][debug][gc,phases] GC(8)         Total                          Min: 0, Avg: 17.5, Max: 64, Diff: 64, Sum: 140, Workers: 8
[2025-05-20T20:27:06.989+0300][22856][21016][debug][gc,phases] GC(8)       JVMTI Tag Weak OopStorage      Min:  0.0, Avg:  0.0, Max:  0.0, Diff:  0.0, Sum:  0.0, Workers: 8
[2025-05-20T20:27:06.989+0300][22856][21016][debug][gc,phases] GC(8)         Dead                           Min: 0, Avg:  0.0, Max: 0, Diff: 0, Sum: 0, Workers: 8
[2025-05-20T20:27:06.989+0300][22856][21016][debug][gc,phases] GC(8)         Total                          Min: 0, Avg:  0.0, Max: 0, Diff: 0, Sum: 0, Workers: 8
[2025-05-20T20:27:06.989+0300][22856][21016][debug][gc,phases] GC(8)       StringTable Weak               Min:  0.0, Avg:  0.0, Max:  0.0, Diff:  0.0, Sum:  0.1, Workers: 8
[2025-05-20T20:27:06.989+0300][22856][21016][debug][gc,phases] GC(8)         Dead                           Min: 0, Avg:  0.0, Max: 0, Diff: 0, Sum: 0, Workers: 8
[2025-05-20T20:27:06.989+0300][22856][21016][debug][gc,phases] GC(8)         Total                          Min: 0, Avg: 783.1, Max: 1024, Diff: 1024, Sum: 6265, Workers: 8
[2025-05-20T20:27:06.989+0300][22856][21016][debug][gc,phases] GC(8)       ResolvedMethodTable Weak       Min:  0.0, Avg:  0.0, Max:  0.0, Diff:  0.0, Sum:  0.0, Workers: 8
[2025-05-20T20:27:06.989+0300][22856][21016][debug][gc,phases] GC(8)         Dead                           Min: 0, Avg:  0.0, Max: 0, Diff: 0, Sum: 0, Workers: 8
[2025-05-20T20:27:06.989+0300][22856][21016][debug][gc,phases] GC(8)         Total                          Min: 0, Avg: 112.8, Max: 191, Diff: 191, Sum: 902, Workers: 8
[2025-05-20T20:27:06.989+0300][22856][21016][debug][gc,phases] GC(8)       JNI Weak                       Min:  0.0, Avg:  0.0, Max:  0.0, Diff:  0.0, Sum:  0.0, Workers: 8
[2025-05-20T20:27:06.989+0300][22856][21016][debug][gc,phases] GC(8)         Dead                           Min: 0, Avg:  0.0, Max: 0, Diff: 0, Sum: 0, Workers: 8
[2025-05-20T20:27:06.989+0300][22856][21016][debug][gc,phases] GC(8)         Total                          Min: 0, Avg:  0.0, Max: 0, Diff: 0, Sum: 0, Workers: 8
[2025-05-20T20:27:06.989+0300][22856][21016][debug][gc,phases] GC(8)       StringDedup Table Weak         Min:  0.0, Avg:  0.0, Max:  0.0, Diff:  0.0, Sum:  0.0, Workers: 8
[2025-05-20T20:27:06.989+0300][22856][21016][debug][gc,phases] GC(8)         Dead                           Min: 0, Avg:  0.0, Max: 0, Diff: 0, Sum: 0, Workers: 8
[2025-05-20T20:27:06.989+0300][22856][21016][debug][gc,phases] GC(8)         Total                          Min: 0, Avg:  0.0, Max: 0, Diff: 0, Sum: 0, Workers: 8
[2025-05-20T20:27:06.989+0300][22856][21016][debug][gc,phases] GC(8)       StringDedup Requests0 Weak     Min:  0.0, Avg:  0.0, Max:  0.0, Diff:  0.0, Sum:  0.0, Workers: 8
[2025-05-20T20:27:06.989+0300][22856][21016][debug][gc,phases] GC(8)         Dead                           Min: 0, Avg:  0.0, Max: 0, Diff: 0, Sum: 0, Workers: 8
[2025-05-20T20:27:06.989+0300][22856][21016][debug][gc,phases] GC(8)         Total                          Min: 0, Avg:  0.0, Max: 0, Diff: 0, Sum: 0, Workers: 8
[2025-05-20T20:27:06.989+0300][22856][21016][debug][gc,phases] GC(8)       StringDedup Requests1 Weak     Min:  0.0, Avg:  0.0, Max:  0.0, Diff:  0.0, Sum:  0.0, Workers: 8
[2025-05-20T20:27:06.989+0300][22856][21016][debug][gc,phases] GC(8)         Dead                           Min: 0, Avg:  0.0, Max: 0, Diff: 0, Sum: 0, Workers: 8
[2025-05-20T20:27:06.989+0300][22856][21016][debug][gc,phases] GC(8)         Total                          Min: 0, Avg:  0.0, Max: 0, Diff: 0, Sum: 0, Workers: 8
[2025-05-20T20:27:06.989+0300][22856][21016][debug][gc,phases] GC(8)       Weak JFR Old Object Samples    Min:  0.0, Avg:  0.0, Max:  0.0, Diff:  0.0, Sum:  0.0, Workers: 8
[2025-05-20T20:27:06.989+0300][22856][21016][debug][gc,phases] GC(8)         Dead                           Min: 0, Avg:  0.0, Max: 0, Diff: 0, Sum: 0, Workers: 8
[2025-05-20T20:27:06.989+0300][22856][21016][debug][gc,phases] GC(8)         Total                          Min: 0, Avg:  0.0, Max: 0, Diff: 0, Sum: 0, Workers: 8
[2025-05-20T20:27:06.989+0300][22856][21016][debug][gc,phases] GC(8)     Post Evacuate Cleanup 1: 1.1ms
[2025-05-20T20:27:06.989+0300][22856][21016][debug][gc,phases] GC(8)       Merge Per-Thread State (ms):   Min:  0.1, Avg:  0.1, Max:  0.1, Diff:  0.0, Sum:  0.1, Workers: 1
[2025-05-20T20:27:06.989+0300][22856][21016][debug][gc,phases] GC(8)         Copied Bytes                   Min: 66400, Avg: 882120.0, Max: 2311280, Diff: 2244880, Sum: 7056960, Workers: 8
[2025-05-20T20:27:06.989+0300][22856][21016][debug][gc,phases] GC(8)         LAB Waste                      Min: 0, Avg: 70.0, Max: 272, Diff: 272, Sum: 560, Workers: 8
[2025-05-20T20:27:06.989+0300][22856][21016][debug][gc,phases] GC(8)         LAB Undo Waste                 Min: 0, Avg:  0.0, Max: 0, Diff: 0, Sum: 0, Workers: 8
[2025-05-20T20:27:06.989+0300][22856][21016][debug][gc,phases] GC(8)       Clear Logged Cards (ms):       Min:  0.2, Avg:  0.8, Max:  1.0, Diff:  0.8, Sum:  6.5, Workers: 8
[2025-05-20T20:27:06.992+0300][22856][21016][debug][gc,phases] GC(8)       Recalculate Used Memory (ms):  Min:  0.0, Avg:  0.0, Max:  0.0, Diff:  0.0, Sum:  0.0, Workers: 1
[2025-05-20T20:27:06.992+0300][22856][21016][debug][gc,phases] GC(8)     Post Evacuate Cleanup 2: 0.3ms
[2025-05-20T20:27:06.992+0300][22856][21016][debug][gc,phases] GC(8)       Update Derived Pointers (ms):  Min:  0.0, Avg:  0.0, Max:  0.0, Diff:  0.0, Sum:  0.0, Workers: 1
[2025-05-20T20:27:06.992+0300][22856][21016][debug][gc,phases] GC(8)       Eagerly Reclaim Humongous Objects (ms): skipped
[2025-05-20T20:27:06.992+0300][22856][21016][debug][gc,phases] GC(8)         Humongous Total                skipped
[2025-05-20T20:27:06.992+0300][22856][21016][debug][gc,phases] GC(8)         Humongous Candidates           skipped
[2025-05-20T20:27:06.992+0300][22856][21016][debug][gc,phases] GC(8)         Humongous Reclaimed            skipped
[2025-05-20T20:27:06.992+0300][22856][21016][debug][gc,phases] GC(8)       Redirty Logged Cards (ms):     Min:  0.0, Avg:  0.0, Max:  0.0, Diff:  0.0, Sum:  0.0, Workers: 8
[2025-05-20T20:27:06.992+0300][22856][21016][debug][gc,phases] GC(8)         Redirtied Cards:               Min: 0, Avg:  1.2, Max: 9, Diff: 9, Sum: 10, Workers: 8
[2025-05-20T20:27:06.992+0300][22856][21016][debug][gc,phases] GC(8)       Resize TLABs (ms):             Min:  0.0, Avg:  0.0, Max:  0.0, Diff:  0.0, Sum:  0.0, Workers: 8
[2025-05-20T20:27:06.992+0300][22856][21016][debug][gc,phases] GC(8)       Free Collection Set (ms):      Min:  0.2, Avg:  0.2, Max:  0.2, Diff:  0.0, Sum:  1.6, Workers: 8
[2025-05-20T20:27:06.992+0300][22856][21016][debug][gc,phases] GC(8)     Rebuild Free List: 0.1ms
[2025-05-20T20:27:06.992+0300][22856][21016][debug][gc,phases] GC(8)     Prepare For Mutator: 0.0ms
[2025-05-20T20:27:06.992+0300][22856][21016][debug][gc,phases] GC(8)     Expand Heap After Collection: 0.0ms
[2025-05-20T20:27:06.992+0300][22856][21016][info ][gc,phases] GC(8)   Other: 0.1ms
[2025-05-20T20:27:06.992+0300][22856][21016][info ][gc,heap  ] GC(8) Eden regions: 920->0(920)
[2025-05-20T20:27:06.992+0300][22856][21016][info ][gc,heap  ] GC(8) Survivor regions: 1->1(116)
[2025-05-20T20:27:06.992+0300][22856][21016][info ][gc,heap  ] GC(8) Old regions: 9->9
[2025-05-20T20:27:06.992+0300][22856][21016][info ][gc,heap  ] GC(8) Humongous regions: 0->0
[2025-05-20T20:27:06.992+0300][22856][21016][debug][gc,heap  ] GC(8) Heap after GC invocations=9 (full 2):
[2025-05-20T20:27:06.992+0300][22856][21016][debug][gc,heap  ] GC(8)  garbage-first heap   total 12582912K, used 16834K [0x0000000500000000, 0x0000000800000000)
[2025-05-20T20:27:06.992+0300][22856][21016][debug][gc,heap  ] GC(8)   region size 8192K, 1 young (8192K), 1 survivors (8192K)
[2025-05-20T20:27:06.992+0300][22856][21016][debug][gc,heap  ] GC(8)  Metaspace       used 8735K, committed 9792K, reserved 1114112K
[2025-05-20T20:27:06.992+0300][22856][21016][debug][gc,heap  ] GC(8)   class space    used 874K, committed 1280K, reserved 1048576K
[2025-05-20T20:27:06.992+0300][22856][21016][info ][gc       ] GC(8) Pause Young (Normal) (G1 Evacuation Pause) 7376M->16M(12288M) 5.667ms
[2025-05-20T20:27:06.992+0300][22856][21016][info ][safepoint] Safepoint "G1CollectForAllocation", Time since last: 2527222500 ns, Reaching safepoint: 405700 ns, Cleanup: 16300 ns, At safepoint: 5743100 ns, Total: 6165100 ns
[2025-05-20T20:27:09.399+0300][22856][21016][debug][safepoint] Safepoint synchronization initiated using striped semaphore wait barrier. (19 threads)
[2025-05-20T20:27:09.399+0300][22856][4828 ][debug][safepoint] ... found polling page loop exception at pc = 0x000002529a5b8960, stub =0x0000025299fb5d80
[2025-05-20T20:27:09.399+0300][22856][3908 ][debug][safepoint] ... found polling page loop exception at pc = 0x000002529a5b8960, stub =0x0000025299fb5d80
[2025-05-20T20:27:09.399+0300][22856][6800 ][debug][safepoint] ... found polling page loop exception at pc = 0x000002529a5b8960, stub =0x0000025299fb5d80
[2025-05-20T20:27:09.399+0300][22856][18108][debug][safepoint] ... found polling page loop exception at pc = 0x000002529a5b8960, stub =0x0000025299fb5d80
[2025-05-20T20:27:09.399+0300][22856][21016][debug][gc,heap  ] GC(9) Heap before GC invocations=9 (full 2):
[2025-05-20T20:27:09.399+0300][22856][21016][debug][gc,heap  ] GC(9)  garbage-first heap   total 12582912K, used 7553474K [0x0000000500000000, 0x0000000800000000)
[2025-05-20T20:27:09.399+0300][22856][21016][debug][gc,heap  ] GC(9)   region size 8192K, 921 young (7544832K), 1 survivors (8192K)
[2025-05-20T20:27:09.399+0300][22856][21016][debug][gc,heap  ] GC(9)  Metaspace       used 8735K, committed 9792K, reserved 1114112K
[2025-05-20T20:27:09.399+0300][22856][21016][debug][gc,heap  ] GC(9)   class space    used 874K, committed 1280K, reserved 1048576K
[2025-05-20T20:27:09.401+0300][22856][21016][info ][gc,phases] GC(9)   Pre Evacuate Collection Set: 0.3ms
[2025-05-20T20:27:09.401+0300][22856][21016][debug][gc,phases] GC(9)     Pre Evacuate Prepare: 0.1ms
[2025-05-20T20:27:09.401+0300][22856][21016][debug][gc,phases] GC(9)       JT Retire TLABs And Flush Logs (ms): Min:  0.0, Avg:  0.0, Max:  0.0, Diff:  0.0, Sum:  0.0, Workers: 2
[2025-05-20T20:27:09.401+0300][22856][21016][debug][gc,phases] GC(9)       Non-JT Flush Logs (ms):        Min:  0.0, Avg:  0.0, Max:  0.0, Diff:  0.0, Sum:  0.0, Workers: 1
[2025-05-20T20:27:09.401+0300][22856][21016][debug][gc,phases] GC(9)     Choose Collection Set: 0.0ms
[2025-05-20T20:27:09.401+0300][22856][21016][debug][gc,phases] GC(9)     Region Register: 0.2ms
[2025-05-20T20:27:09.401+0300][22856][21016][debug][gc,phases] GC(9)     Prepare Heap Roots: 0.0ms
[2025-05-20T20:27:09.401+0300][22856][21016][info ][gc,phases] GC(9)   Merge Heap Roots: 0.2ms
[2025-05-20T20:27:09.401+0300][22856][21016][debug][gc,phases] GC(9)     Prepare Merge Heap Roots: 0.0ms
[2025-05-20T20:27:09.401+0300][22856][21016][debug][gc,phases] GC(9)     Remembered Sets (ms):          Min:  0.0, Avg:  0.1, Max:  0.1, Diff:  0.1, Sum:  0.8, Workers: 8
[2025-05-20T20:27:09.401+0300][22856][21016][debug][gc,phases] GC(9)       Eager Reclaim (ms):            skipped
[2025-05-20T20:27:09.401+0300][22856][21016][debug][gc,phases] GC(9)       Merged Inline                  Min: 0, Avg:  0.0, Max: 0, Diff: 0, Sum: 0, Workers: 8
[2025-05-20T20:27:09.401+0300][22856][21016][debug][gc,phases] GC(9)       Merged ArrayOfCards            Min: 0, Avg:  0.0, Max: 0, Diff: 0, Sum: 0, Workers: 8
[2025-05-20T20:27:09.401+0300][22856][21016][debug][gc,phases] GC(9)       Merged Howl                    Min: 0, Avg:  0.0, Max: 0, Diff: 0, Sum: 0, Workers: 8
[2025-05-20T20:27:09.401+0300][22856][21016][debug][gc,phases] GC(9)       Merged Full                    Min: 0, Avg:  0.0, Max: 0, Diff: 0, Sum: 0, Workers: 8
[2025-05-20T20:27:09.401+0300][22856][21016][debug][gc,phases] GC(9)       Merged Howl Inline             Min: 0, Avg:  0.0, Max: 0, Diff: 0, Sum: 0, Workers: 8
[2025-05-20T20:27:09.401+0300][22856][21016][debug][gc,phases] GC(9)       Merged Howl ArrayOfCards       Min: 0, Avg:  0.0, Max: 0, Diff: 0, Sum: 0, Workers: 8
[2025-05-20T20:27:09.401+0300][22856][21016][debug][gc,phases] GC(9)       Merged Howl BitMap             Min: 0, Avg:  0.0, Max: 0, Diff: 0, Sum: 0, Workers: 8
[2025-05-20T20:27:09.401+0300][22856][21016][debug][gc,phases] GC(9)       Merged Howl Full               Min: 0, Avg:  0.0, Max: 0, Diff: 0, Sum: 0, Workers: 8
[2025-05-20T20:27:09.401+0300][22856][21016][debug][gc,phases] GC(9)       Merged Cards                   Min: 8, Avg:  8.0, Max: 8, Diff: 0, Sum: 64, Workers: 8
[2025-05-20T20:27:09.401+0300][22856][21016][debug][gc,phases] GC(9)     Log Buffers (ms):              Min:  0.0, Avg:  0.0, Max:  0.0, Diff:  0.0, Sum:  0.0, Workers: 8
[2025-05-20T20:27:09.401+0300][22856][21016][debug][gc,phases] GC(9)       Dirty Cards:                   Min: 0, Avg:  1.8, Max: 9, Diff: 9, Sum: 14, Workers: 8
[2025-05-20T20:27:09.401+0300][22856][21016][debug][gc,phases] GC(9)       Skipped Cards:                 Min: 0, Avg:  0.0, Max: 0, Diff: 0, Sum: 0, Workers: 8
[2025-05-20T20:27:09.401+0300][22856][21016][info ][gc,phases] GC(9)   Evacuate Collection Set: 0.9ms
[2025-05-20T20:27:09.401+0300][22856][21016][debug][gc,phases] GC(9)     Ext Root Scanning (ms):        Min:  0.0, Avg:  0.1, Max:  0.1, Diff:  0.1, Sum:  0.5, Workers: 8
[2025-05-20T20:27:09.401+0300][22856][21016][debug][gc,phases] GC(9)     Scan Heap Roots (ms):          Min:  0.0, Avg:  0.0, Max:  0.0, Diff:  0.0, Sum:  0.1, Workers: 8
[2025-05-20T20:27:09.401+0300][22856][21016][debug][gc,phases] GC(9)       Scanned Cards:                 Min: 0, Avg:  1.5, Max: 5, Diff: 5, Sum: 12, Workers: 8
[2025-05-20T20:27:09.401+0300][22856][21016][debug][gc,phases] GC(9)       Scanned Blocks:                Min: 0, Avg:  1.2, Max: 4, Diff: 4, Sum: 10, Workers: 8
[2025-05-20T20:27:09.401+0300][22856][21016][debug][gc,phases] GC(9)       Claimed Chunks:                Min: 0, Avg:  0.9, Max: 2, Diff: 2, Sum: 7, Workers: 8
[2025-05-20T20:27:09.401+0300][22856][21016][debug][gc,phases] GC(9)       Found Roots:                   Min: 0, Avg:  1.5, Max: 5, Diff: 5, Sum: 12, Workers: 8
[2025-05-20T20:27:09.401+0300][22856][21016][debug][gc,phases] GC(9)     Code Root Scan (ms):           Min:  0.1, Avg:  0.1, Max:  0.1, Diff:  0.0, Sum:  0.7, Workers: 8
[2025-05-20T20:27:09.401+0300][22856][21016][debug][gc,phases] GC(9)       Scanned Nmethods               Min: 0, Avg:  0.0, Max: 0, Diff: 0, Sum: 0, Workers: 8
[2025-05-20T20:27:09.401+0300][22856][21016][debug][gc,phases] GC(9)     Object Copy (ms):              Min:  0.0, Avg:  0.3, Max:  0.6, Diff:  0.6, Sum:  2.4, Workers: 8
[2025-05-20T20:27:09.401+0300][22856][21016][debug][gc,phases] GC(9)     Termination (ms):              Min:  0.0, Avg:  0.2, Max:  0.3, Diff:  0.3, Sum:  1.9, Workers: 8
[2025-05-20T20:27:09.401+0300][22856][21016][debug][gc,phases] GC(9)       Termination Attempts:          Min: 1, Avg:  1.1, Max: 2, Diff: 1, Sum: 9, Workers: 8
[2025-05-20T20:27:09.401+0300][22856][21016][debug][gc,phases] GC(9)     GC Worker Other (ms):          Min:  0.1, Avg:  0.1, Max:  0.1, Diff:  0.0, Sum:  0.7, Workers: 8
[2025-05-20T20:27:09.401+0300][22856][21016][debug][gc,phases] GC(9)     GC Worker Total (ms):          Min:  0.3, Avg:  0.8, Max:  0.9, Diff:  0.5, Sum:  6.2, Workers: 8
[2025-05-20T20:27:09.401+0300][22856][21016][info ][gc,phases] GC(9)   Post Evacuate Collection Set: 1.8ms
[2025-05-20T20:27:09.401+0300][22856][21016][debug][gc,phases] GC(9)     NMethod List Cleanup: 0.0ms
[2025-05-20T20:27:09.401+0300][22856][21016][debug][gc,phases] GC(9)     Reference Processing: 0.3ms
[2025-05-20T20:27:09.401+0300][22856][21016][debug][gc,phases] GC(9)     Weak Processing: 0.1ms
[2025-05-20T20:27:09.401+0300][22856][21016][debug][gc,phases] GC(9)       VM Weak                        Min:  0.0, Avg:  0.0, Max:  0.0, Diff:  0.0, Sum:  0.0, Workers: 8
[2025-05-20T20:27:09.401+0300][22856][21016][debug][gc,phases] GC(9)         Dead                           Min: 0, Avg:  0.0, Max: 0, Diff: 0, Sum: 0, Workers: 8
[2025-05-20T20:27:09.401+0300][22856][21016][debug][gc,phases] GC(9)         Total                          Min: 0, Avg: 15.4, Max: 64, Diff: 64, Sum: 123, Workers: 8
[2025-05-20T20:27:09.401+0300][22856][21016][debug][gc,phases] GC(9)       ObjectSynchronizer Weak        Min:  0.0, Avg:  0.0, Max:  0.0, Diff:  0.0, Sum:  0.0, Workers: 8
[2025-05-20T20:27:09.401+0300][22856][21016][debug][gc,phases] GC(9)         Dead                           Min: 0, Avg:  0.0, Max: 0, Diff: 0, Sum: 0, Workers: 8
[2025-05-20T20:27:09.401+0300][22856][21016][debug][gc,phases] GC(9)         Total                          Min: 0, Avg: 17.5, Max: 64, Diff: 64, Sum: 140, Workers: 8
[2025-05-20T20:27:09.401+0300][22856][21016][debug][gc,phases] GC(9)       JVMTI Tag Weak OopStorage      Min:  0.0, Avg:  0.0, Max:  0.0, Diff:  0.0, Sum:  0.0, Workers: 8
[2025-05-20T20:27:09.401+0300][22856][21016][debug][gc,phases] GC(9)         Dead                           Min: 0, Avg:  0.0, Max: 0, Diff: 0, Sum: 0, Workers: 8
[2025-05-20T20:27:09.401+0300][22856][21016][debug][gc,phases] GC(9)         Total                          Min: 0, Avg:  0.0, Max: 0, Diff: 0, Sum: 0, Workers: 8
[2025-05-20T20:27:09.401+0300][22856][21016][debug][gc,phases] GC(9)       StringTable Weak               Min:  0.0, Avg:  0.0, Max:  0.0, Diff:  0.0, Sum:  0.1, Workers: 8
[2025-05-20T20:27:09.401+0300][22856][21016][debug][gc,phases] GC(9)         Dead                           Min: 0, Avg:  0.0, Max: 0, Diff: 0, Sum: 0, Workers: 8
[2025-05-20T20:27:09.401+0300][22856][21016][debug][gc,phases] GC(9)         Total                          Min: 0, Avg: 783.1, Max: 1086, Diff: 1086, Sum: 6265, Workers: 8
[2025-05-20T20:27:09.401+0300][22856][21016][debug][gc,phases] GC(9)       ResolvedMethodTable Weak       Min:  0.0, Avg:  0.0, Max:  0.0, Diff:  0.0, Sum:  0.0, Workers: 8
[2025-05-20T20:27:09.401+0300][22856][21016][debug][gc,phases] GC(9)         Dead                           Min: 0, Avg:  0.0, Max: 0, Diff: 0, Sum: 0, Workers: 8
[2025-05-20T20:27:09.401+0300][22856][21016][debug][gc,phases] GC(9)         Total                          Min: 0, Avg: 112.8, Max: 190, Diff: 190, Sum: 902, Workers: 8
[2025-05-20T20:27:09.401+0300][22856][21016][debug][gc,phases] GC(9)       JNI Weak                       Min:  0.0, Avg:  0.0, Max:  0.0, Diff:  0.0, Sum:  0.0, Workers: 8
[2025-05-20T20:27:09.401+0300][22856][21016][debug][gc,phases] GC(9)         Dead                           Min: 0, Avg:  0.0, Max: 0, Diff: 0, Sum: 0, Workers: 8
[2025-05-20T20:27:09.401+0300][22856][21016][debug][gc,phases] GC(9)         Total                          Min: 0, Avg:  0.0, Max: 0, Diff: 0, Sum: 0, Workers: 8
[2025-05-20T20:27:09.401+0300][22856][21016][debug][gc,phases] GC(9)       StringDedup Table Weak         Min:  0.0, Avg:  0.0, Max:  0.0, Diff:  0.0, Sum:  0.0, Workers: 8
[2025-05-20T20:27:09.401+0300][22856][21016][debug][gc,phases] GC(9)         Dead                           Min: 0, Avg:  0.0, Max: 0, Diff: 0, Sum: 0, Workers: 8
[2025-05-20T20:27:09.401+0300][22856][21016][debug][gc,phases] GC(9)         Total                          Min: 0, Avg:  0.0, Max: 0, Diff: 0, Sum: 0, Workers: 8
[2025-05-20T20:27:09.401+0300][22856][21016][debug][gc,phases] GC(9)       StringDedup Requests0 Weak     Min:  0.0, Avg:  0.0, Max:  0.0, Diff:  0.0, Sum:  0.0, Workers: 8
[2025-05-20T20:27:09.401+0300][22856][21016][debug][gc,phases] GC(9)         Dead                           Min: 0, Avg:  0.0, Max: 0, Diff: 0, Sum: 0, Workers: 8
[2025-05-20T20:27:09.401+0300][22856][21016][debug][gc,phases] GC(9)         Total                          Min: 0, Avg:  0.0, Max: 0, Diff: 0, Sum: 0, Workers: 8
[2025-05-20T20:27:09.401+0300][22856][21016][debug][gc,phases] GC(9)       StringDedup Requests1 Weak     Min:  0.0, Avg:  0.0, Max:  0.0, Diff:  0.0, Sum:  0.0, Workers: 8
[2025-05-20T20:27:09.401+0300][22856][21016][debug][gc,phases] GC(9)         Dead                           Min: 0, Avg:  0.0, Max: 0, Diff: 0, Sum: 0, Workers: 8
[2025-05-20T20:27:09.401+0300][22856][21016][debug][gc,phases] GC(9)         Total                          Min: 0, Avg:  0.0, Max: 0, Diff: 0, Sum: 0, Workers: 8
[2025-05-20T20:27:09.401+0300][22856][21016][debug][gc,phases] GC(9)       Weak JFR Old Object Samples    Min:  0.0, Avg:  0.0, Max:  0.0, Diff:  0.0, Sum:  0.0, Workers: 8
[2025-05-20T20:27:09.401+0300][22856][21016][debug][gc,phases] GC(9)         Dead                           Min: 0, Avg:  0.0, Max: 0, Diff: 0, Sum: 0, Workers: 8
[2025-05-20T20:27:09.401+0300][22856][21016][debug][gc,phases] GC(9)         Total                          Min: 0, Avg:  0.0, Max: 0, Diff: 0, Sum: 0, Workers: 8
[2025-05-20T20:27:09.401+0300][22856][21016][debug][gc,phases] GC(9)     Post Evacuate Cleanup 1: 1.0ms
[2025-05-20T20:27:09.401+0300][22856][21016][debug][gc,phases] GC(9)       Merge Per-Thread State (ms):   Min:  0.1, Avg:  0.1, Max:  0.1, Diff:  0.0, Sum:  0.1, Workers: 1
[2025-05-20T20:27:09.401+0300][22856][21016][debug][gc,phases] GC(9)         Copied Bytes                   Min: 0, Avg: 878621.0, Max: 4195152, Diff: 4195152, Sum: 7028968, Workers: 8
[2025-05-20T20:27:09.401+0300][22856][21016][debug][gc,phases] GC(9)         LAB Waste                      Min: 0, Avg: 116.0, Max: 280, Diff: 280, Sum: 928, Workers: 8
[2025-05-20T20:27:09.401+0300][22856][21016][debug][gc,phases] GC(9)         LAB Undo Waste                 Min: 0, Avg:  0.0, Max: 0, Diff: 0, Sum: 0, Workers: 8
[2025-05-20T20:27:09.401+0300][22856][21016][debug][gc,phases] GC(9)       Clear Logged Cards (ms):       Min:  0.4, Avg:  0.8, Max:  0.9, Diff:  0.5, Sum:  6.5, Workers: 8
[2025-05-20T20:27:09.401+0300][22856][21016][debug][gc,phases] GC(9)       Recalculate Used Memory (ms):  Min:  0.0, Avg:  0.0, Max:  0.0, Diff:  0.0, Sum:  0.0, Workers: 1
[2025-05-20T20:27:09.401+0300][22856][21016][debug][gc,phases] GC(9)     Post Evacuate Cleanup 2: 0.3ms
[2025-05-20T20:27:09.401+0300][22856][21016][debug][gc,phases] GC(9)       Update Derived Pointers (ms):  Min:  0.0, Avg:  0.0, Max:  0.0, Diff:  0.0, Sum:  0.0, Workers: 1
[2025-05-20T20:27:09.401+0300][22856][21016][debug][gc,phases] GC(9)       Eagerly Reclaim Humongous Objects (ms): skipped
[2025-05-20T20:27:09.401+0300][22856][21016][debug][gc,phases] GC(9)         Humongous Total                skipped
[2025-05-20T20:27:09.401+0300][22856][21016][debug][gc,phases] GC(9)         Humongous Candidates           skipped
[2025-05-20T20:27:09.401+0300][22856][21016][debug][gc,phases] GC(9)         Humongous Reclaimed            skipped
[2025-05-20T20:27:09.401+0300][22856][21016][debug][gc,phases] GC(9)       Redirty Logged Cards (ms):     Min:  0.0, Avg:  0.0, Max:  0.0, Diff:  0.0, Sum:  0.0, Workers: 8
[2025-05-20T20:27:09.401+0300][22856][21016][debug][gc,phases] GC(9)         Redirtied Cards:               Min: 0, Avg:  1.1, Max: 9, Diff: 9, Sum: 9, Workers: 8
[2025-05-20T20:27:09.401+0300][22856][21016][debug][gc,phases] GC(9)       Resize TLABs (ms):             Min:  0.0, Avg:  0.0, Max:  0.0, Diff:  0.0, Sum:  0.0, Workers: 8
[2025-05-20T20:27:09.401+0300][22856][21016][debug][gc,phases] GC(9)       Free Collection Set (ms):      Min:  0.2, Avg:  0.2, Max:  0.2, Diff:  0.0, Sum:  1.7, Workers: 8
[2025-05-20T20:27:09.401+0300][22856][21016][debug][gc,phases] GC(9)     Rebuild Free List: 0.1ms
[2025-05-20T20:27:09.401+0300][22856][21016][debug][gc,phases] GC(9)     Prepare For Mutator: 0.0ms
[2025-05-20T20:27:09.401+0300][22856][21016][debug][gc,phases] GC(9)     Expand Heap After Collection: 0.0ms
[2025-05-20T20:27:09.401+0300][22856][21016][info ][gc,phases] GC(9)   Other: 0.1ms
[2025-05-20T20:27:09.401+0300][22856][21016][info ][gc,heap  ] GC(9) Eden regions: 920->0(920)
[2025-05-20T20:27:09.401+0300][22856][21016][info ][gc,heap  ] GC(9) Survivor regions: 1->1(116)
[2025-05-20T20:27:09.401+0300][22856][21016][info ][gc,heap  ] GC(9) Old regions: 9->9
[2025-05-20T20:27:09.401+0300][22856][21016][info ][gc,heap  ] GC(9) Humongous regions: 0->0
[2025-05-20T20:27:09.401+0300][22856][21016][debug][gc,heap  ] GC(9) Heap after GC invocations=10 (full 2):
[2025-05-20T20:27:09.401+0300][22856][21016][debug][gc,heap  ] GC(9)  garbage-first heap   total 12582912K, used 16806K [0x0000000500000000, 0x0000000800000000)
[2025-05-20T20:27:09.401+0300][22856][21016][debug][gc,heap  ] GC(9)   region size 8192K, 1 young (8192K), 1 survivors (8192K)
[2025-05-20T20:27:09.401+0300][22856][21016][debug][gc,heap  ] GC(9)  Metaspace       used 8735K, committed 9792K, reserved 1114112K
[2025-05-20T20:27:09.401+0300][22856][21016][debug][gc,heap  ] GC(9)   class space    used 874K, committed 1280K, reserved 1048576K
[2025-05-20T20:27:09.401+0300][22856][21016][info ][gc       ] GC(9) Pause Young (Normal) (G1 Evacuation Pause) 7376M->16M(12288M) 5.376ms
[2025-05-20T20:27:09.401+0300][22856][21016][info ][safepoint] Safepoint "G1CollectForAllocation", Time since last: 2406854600 ns, Reaching safepoint: 428900 ns, Cleanup: 13600 ns, At safepoint: 5439400 ns, Total: 5881900 ns
[2025-05-20T20:27:09.996+0300][22856][21016][debug][safepoint] Safepoint synchronization initiated using striped semaphore wait barrier. (11 threads)
[2025-05-20T20:27:09.996+0300][22856][21016][debug][gc,heap  ] GC(10) Heap before GC invocations=10 (full 2):
[2025-05-20T20:27:09.996+0300][22856][21016][debug][gc,heap  ] GC(10)  garbage-first heap   total 12582912K, used 1081766K [0x0000000500000000, 0x0000000800000000)
[2025-05-20T20:27:09.996+0300][22856][21016][debug][gc,heap  ] GC(10)   region size 8192K, 133 young (1089536K), 1 survivors (8192K)
[2025-05-20T20:27:09.996+0300][22856][21016][debug][gc,heap  ] GC(10)  Metaspace       used 8735K, committed 9792K, reserved 1114112K
[2025-05-20T20:27:09.996+0300][22856][21016][debug][gc,heap  ] GC(10)   class space    used 874K, committed 1280K, reserved 1048576K
[2025-05-20T20:27:09.996+0300][22856][21016][debug][gc,phases] GC(10) Phase 1: Reference Processing 0.185ms
[2025-05-20T20:27:09.996+0300][22856][21016][debug][gc,phases] GC(10)   VM Weak                        Min:  0.0, Avg:  0.0, Max:  0.0, Diff:  0.0, Sum:  0.0, Workers: 8
[2025-05-20T20:27:09.996+0300][22856][21016][debug][gc,phases] GC(10)     Dead                           Min: 0, Avg:  0.0, Max: 0, Diff: 0, Sum: 0, Workers: 8
[2025-05-20T20:27:09.996+0300][22856][21016][debug][gc,phases] GC(10)     Total                          Min: 0, Avg: 15.4, Max: 113, Diff: 113, Sum: 123, Workers: 8
[2025-05-20T20:27:09.996+0300][22856][21016][debug][gc,phases] GC(10)   ObjectSynchronizer Weak        Min:  0.0, Avg:  0.0, Max:  0.0, Diff:  0.0, Sum:  0.0, Workers: 8
[2025-05-20T20:27:09.996+0300][22856][21016][debug][gc,phases] GC(10)     Dead                           Min: 0, Avg:  0.0, Max: 0, Diff: 0, Sum: 0, Workers: 8
[2025-05-20T20:27:09.996+0300][22856][21016][debug][gc,phases] GC(10)     Total                          Min: 0, Avg: 17.5, Max: 64, Diff: 64, Sum: 140, Workers: 8
[2025-05-20T20:27:09.996+0300][22856][21016][debug][gc,phases] GC(10)   JVMTI Tag Weak OopStorage      Min:  0.0, Avg:  0.0, Max:  0.0, Diff:  0.0, Sum:  0.0, Workers: 8
[2025-05-20T20:27:09.996+0300][22856][21016][debug][gc,phases] GC(10)     Dead                           Min: 0, Avg:  0.0, Max: 0, Diff: 0, Sum: 0, Workers: 8
[2025-05-20T20:27:09.996+0300][22856][21016][debug][gc,phases] GC(10)     Total                          Min: 0, Avg:  0.0, Max: 0, Diff: 0, Sum: 0, Workers: 8
[2025-05-20T20:27:09.996+0300][22856][21016][debug][gc,phases] GC(10)   StringTable Weak               Min:  0.0, Avg:  0.0, Max:  0.0, Diff:  0.0, Sum:  0.1, Workers: 8
[2025-05-20T20:27:09.996+0300][22856][21016][debug][gc,phases] GC(10)     Dead                           Min: 0, Avg:  0.0, Max: 0, Diff: 0, Sum: 0, Workers: 8
[2025-05-20T20:27:09.996+0300][22856][21016][debug][gc,phases] GC(10)     Total                          Min: 0, Avg: 783.4, Max: 1088, Diff: 1088, Sum: 6267, Workers: 8
[2025-05-20T20:27:09.996+0300][22856][21016][debug][gc,phases] GC(10)   ResolvedMethodTable Weak       Min:  0.0, Avg:  0.0, Max:  0.0, Diff:  0.0, Sum:  0.0, Workers: 8
[2025-05-20T20:27:09.996+0300][22856][21016][debug][gc,phases] GC(10)     Dead                           Min: 0, Avg:  0.0, Max: 0, Diff: 0, Sum: 0, Workers: 8
[2025-05-20T20:27:09.996+0300][22856][21016][debug][gc,phases] GC(10)     Total                          Min: 0, Avg: 112.8, Max: 192, Diff: 192, Sum: 902, Workers: 8
[2025-05-20T20:27:09.996+0300][22856][21016][debug][gc,phases] GC(10)   JNI Weak                       Min:  0.0, Avg:  0.0, Max:  0.0, Diff:  0.0, Sum:  0.0, Workers: 8
[2025-05-20T20:27:09.996+0300][22856][21016][debug][gc,phases] GC(10)     Dead                           Min: 0, Avg:  0.0, Max: 0, Diff: 0, Sum: 0, Workers: 8
[2025-05-20T20:27:09.996+0300][22856][21016][debug][gc,phases] GC(10)     Total                          Min: 0, Avg:  0.0, Max: 0, Diff: 0, Sum: 0, Workers: 8
[2025-05-20T20:27:09.996+0300][22856][21016][debug][gc,phases] GC(10)   StringDedup Table Weak         Min:  0.0, Avg:  0.0, Max:  0.0, Diff:  0.0, Sum:  0.0, Workers: 8
[2025-05-20T20:27:09.996+0300][22856][21016][debug][gc,phases] GC(10)     Dead                           Min: 0, Avg:  0.0, Max: 0, Diff: 0, Sum: 0, Workers: 8
[2025-05-20T20:27:09.996+0300][22856][21016][debug][gc,phases] GC(10)     Total                          Min: 0, Avg:  0.0, Max: 0, Diff: 0, Sum: 0, Workers: 8
[2025-05-20T20:27:09.996+0300][22856][21016][debug][gc,phases] GC(10)   StringDedup Requests0 Weak     Min:  0.0, Avg:  0.0, Max:  0.0, Diff:  0.0, Sum:  0.0, Workers: 8
[2025-05-20T20:27:09.996+0300][22856][21016][debug][gc,phases] GC(10)     Dead                           Min: 0, Avg:  0.0, Max: 0, Diff: 0, Sum: 0, Workers: 8
[2025-05-20T20:27:09.996+0300][22856][21016][debug][gc,phases] GC(10)     Total                          Min: 0, Avg:  0.0, Max: 0, Diff: 0, Sum: 0, Workers: 8
[2025-05-20T20:27:09.996+0300][22856][21016][debug][gc,phases] GC(10)   StringDedup Requests1 Weak     Min:  0.0, Avg:  0.0, Max:  0.0, Diff:  0.0, Sum:  0.0, Workers: 8
[2025-05-20T20:27:09.996+0300][22856][21016][debug][gc,phases] GC(10)     Dead                           Min: 0, Avg:  0.0, Max: 0, Diff: 0, Sum: 0, Workers: 8
[2025-05-20T20:27:09.996+0300][22856][21016][debug][gc,phases] GC(10)     Total                          Min: 0, Avg:  0.0, Max: 0, Diff: 0, Sum: 0, Workers: 8
[2025-05-20T20:27:09.996+0300][22856][21016][debug][gc,phases] GC(10)   Weak JFR Old Object Samples    Min:  0.0, Avg:  0.0, Max:  0.0, Diff:  0.0, Sum:  0.0, Workers: 8
[2025-05-20T20:27:09.996+0300][22856][21016][debug][gc,phases] GC(10)     Dead                           Min: 0, Avg:  0.0, Max: 0, Diff: 0, Sum: 0, Workers: 8
[2025-05-20T20:27:09.996+0300][22856][21016][debug][gc,phases] GC(10)     Total                          Min: 0, Avg:  0.0, Max: 0, Diff: 0, Sum: 0, Workers: 8
[2025-05-20T20:27:09.996+0300][22856][21016][debug][gc,phases] GC(10) Phase 1: Weak Processing 0.560ms
[2025-05-20T20:27:09.996+0300][22856][21016][debug][gc,phases] GC(10) ClassLoaderData 0.005ms
[2025-05-20T20:27:09.996+0300][22856][21016][debug][gc,phases] GC(10) Trigger cleanups 0.002ms
[2025-05-20T20:27:10.012+0300][22856][21016][debug][gc,phases] GC(10) G1 Complete Cleaning 1.192ms
[2025-05-20T20:27:10.012+0300][22856][21016][debug][gc,phases] GC(10) Purge Unlinked NMethods 0.617ms
[2025-05-20T20:27:10.012+0300][22856][21016][debug][gc,phases] GC(10) Unregister NMethods 0.224ms
[2025-05-20T20:27:10.012+0300][22856][21016][debug][gc,phases] GC(10) Free Code Blobs 0.113ms
[2025-05-20T20:27:10.012+0300][22856][21016][debug][gc,phases] GC(10) Purge Class Loader Data 0.036ms
[2025-05-20T20:27:10.012+0300][22856][21016][debug][gc,phases] GC(10) Phase 1: Class Unloading and Cleanup 2.350ms
[2025-05-20T20:27:10.012+0300][22856][21016][debug][gc,phases] GC(10) Report Object Count 0.001ms
[2025-05-20T20:27:10.012+0300][22856][21016][info ][gc,phases] GC(10) Phase 1: Mark live objects 4.419ms
[2025-05-20T20:27:10.012+0300][22856][21016][debug][gc,phases] GC(10) Phase 2: Determine work lists 0.080ms
[2025-05-20T20:27:10.012+0300][22856][21016][debug][gc,phases] GC(10) Phase 2: Prepare parallel compaction 1.301ms
[2025-05-20T20:27:10.012+0300][22856][21016][info ][gc,phases] GC(10) Phase 2: Prepare compaction 1.436ms
[2025-05-20T20:27:10.012+0300][22856][21016][info ][gc,phases] GC(10) Phase 3: Adjust pointers 2.111ms
[2025-05-20T20:27:10.012+0300][22856][21016][info ][gc,phases] GC(10) Phase 4: Compact heap 2.286ms
[2025-05-20T20:27:10.021+0300][22856][21016][info ][gc,phases] GC(10) Phase 5: Reset Metadata 2.037ms
[2025-05-20T20:27:10.036+0300][22856][21016][info ][gc,heap  ] GC(10) Eden regions: 132->0(921)
[2025-05-20T20:27:10.036+0300][22856][21016][info ][gc,heap  ] GC(10) Survivor regions: 1->0(116)
[2025-05-20T20:27:10.036+0300][22856][21016][info ][gc,heap  ] GC(10) Old regions: 9->8
[2025-05-20T20:27:10.036+0300][22856][21016][info ][gc,heap  ] GC(10) Humongous regions: 0->0
[2025-05-20T20:27:10.036+0300][22856][21016][debug][gc,heap  ] GC(10) Heap after GC invocations=11 (full 3):
[2025-05-20T20:27:10.036+0300][22856][21016][debug][gc,heap  ] GC(10)  garbage-first heap   total 12582912K, used 9906K [0x0000000500000000, 0x0000000800000000)
[2025-05-20T20:27:10.036+0300][22856][21016][debug][gc,heap  ] GC(10)   region size 8192K, 0 young (0K), 0 survivors (0K)
[2025-05-20T20:27:10.036+0300][22856][21016][debug][gc,heap  ] GC(10)  Metaspace       used 8735K, committed 9792K, reserved 1114112K
[2025-05-20T20:27:10.036+0300][22856][21016][debug][gc,heap  ] GC(10)   class space    used 874K, committed 1280K, reserved 1048576K
[2025-05-20T20:27:10.036+0300][22856][21016][info ][gc       ] GC(10) Pause Full (System.gc()) 1064M->9M(12288M) 28.868ms
[2025-05-20T20:27:10.036+0300][22856][21016][info ][safepoint] Safepoint "G1CollectFull", Time since last: 603272100 ns, Reaching safepoint: 46200 ns, Cleanup: 25800 ns, At safepoint: 28893300 ns, Total: 28965300 ns
[2025-05-20T20:27:11.054+0300][22856][21016][debug][safepoint] Safepoint synchronization initiated using striped semaphore wait barrier. (19 threads)
[2025-05-20T20:27:11.054+0300][22856][2052 ][debug][safepoint] ... found polling page loop exception at pc = 0x000002529a5b8960, stub =0x0000025299fb5d80
[2025-05-20T20:27:11.054+0300][22856][3532 ][debug][safepoint] ... found polling page loop exception at pc = 0x000002529a5ca122, stub =0x0000025299fb6600
[2025-05-20T20:27:11.054+0300][22856][23500][debug][safepoint] ... found polling page loop exception at pc = 0x000002529a5b8960, stub =0x0000025299fb5d80
[2025-05-20T20:27:11.054+0300][22856][1228 ][debug][safepoint] ... found polling page loop exception at pc = 0x000002529a5b8960, stub =0x0000025299fb5d80
[2025-05-20T20:27:11.054+0300][22856][18748][debug][safepoint] ... found polling page loop exception at pc = 0x000002529a63e801, stub =0x0000025299fb6600
[2025-05-20T20:27:11.054+0300][22856][19056][debug][safepoint] ... found polling page loop exception at pc = 0x000002529a5b8960, stub =0x0000025299fb5d80
[2025-05-20T20:27:11.054+0300][22856][21016][info ][safepoint] Safepoint "Cleanup", Time since last: 1016222600 ns, Reaching safepoint: 436500 ns, Cleanup: 37200 ns, At safepoint: 22000 ns, Total: 495700 ns
[2025-05-20T20:27:12.066+0300][22856][21016][debug][safepoint] Safepoint synchronization initiated using striped semaphore wait barrier. (19 threads)
[2025-05-20T20:27:12.066+0300][22856][1228 ][debug][safepoint] ... found polling page loop exception at pc = 0x000002529a639cd5, stub =0x0000025299fb6600
[2025-05-20T20:27:12.066+0300][22856][23500][debug][safepoint] ... found polling page loop exception at pc = 0x000002529a5b8d6c, stub =0x0000025299fb5d80
[2025-05-20T20:27:12.066+0300][22856][18748][debug][safepoint] ... found polling page loop exception at pc = 0x000002529a5b8960, stub =0x0000025299fb5d80
[2025-05-20T20:27:12.066+0300][22856][19056][debug][safepoint] ... found polling page loop exception at pc = 0x000002529a5b8960, stub =0x0000025299fb5d80
[2025-05-20T20:27:12.066+0300][22856][2052 ][debug][safepoint] ... found polling page loop exception at pc = 0x000002529a5b8960, stub =0x0000025299fb5d80
[2025-05-20T20:27:12.066+0300][22856][3532 ][debug][safepoint] ... found polling page loop exception at pc = 0x000002529a5b8960, stub =0x0000025299fb5d80
[2025-05-20T20:27:12.066+0300][22856][5332 ][debug][safepoint] ... found polling page loop exception at pc = 0x000002529a5b8960, stub =0x0000025299fb5d80
[2025-05-20T20:27:12.066+0300][22856][21016][info ][safepoint] Safepoint "Cleanup", Time since last: 1011609200 ns, Reaching safepoint: 512000 ns, Cleanup: 19700 ns, At safepoint: 25000 ns, Total: 556700 ns
[2025-05-20T20:27:12.432+0300][22856][21016][debug][safepoint] Safepoint synchronization initiated using striped semaphore wait barrier. (19 threads)
[2025-05-20T20:27:12.432+0300][22856][19056][debug][safepoint] ... found polling page loop exception at pc = 0x000002529a5b35f7, stub =0x0000025299fb6600
[2025-05-20T20:27:12.432+0300][22856][1228 ][debug][safepoint] ... found polling page loop exception at pc = 0x000002529a5b35f7, stub =0x0000025299fb6600
[2025-05-20T20:27:12.432+0300][22856][18748][debug][safepoint] ... found polling page loop exception at pc = 0x000002529a6efc26, stub =0x0000025299fb6600
[2025-05-20T20:27:12.432+0300][22856][5332 ][debug][safepoint] ... found polling page loop exception at pc = 0x000002529a63e801, stub =0x0000025299fb6600
[2025-05-20T20:27:12.432+0300][22856][21016][debug][gc,heap  ] GC(11) Heap before GC invocations=11 (full 3):
[2025-05-20T20:27:12.432+0300][22856][21016][debug][gc,heap  ] GC(11)  garbage-first heap   total 12582912K, used 7546546K [0x0000000500000000, 0x0000000800000000)
[2025-05-20T20:27:12.432+0300][22856][21016][debug][gc,heap  ] GC(11)   region size 8192K, 921 young (7544832K), 0 survivors (0K)
[2025-05-20T20:27:12.432+0300][22856][21016][debug][gc,heap  ] GC(11)  Metaspace       used 8735K, committed 9792K, reserved 1114112K
[2025-05-20T20:27:12.432+0300][22856][21016][debug][gc,heap  ] GC(11)   class space    used 874K, committed 1280K, reserved 1048576K
[2025-05-20T20:27:12.432+0300][22856][21016][info ][gc,phases] GC(11)   Pre Evacuate Collection Set: 0.3ms
[2025-05-20T20:27:12.432+0300][22856][21016][debug][gc,phases] GC(11)     Pre Evacuate Prepare: 0.1ms
[2025-05-20T20:27:12.432+0300][22856][21016][debug][gc,phases] GC(11)       JT Retire TLABs And Flush Logs (ms): Min:  0.0, Avg:  0.0, Max:  0.0, Diff:  0.0, Sum:  0.0, Workers: 2
[2025-05-20T20:27:12.432+0300][22856][21016][debug][gc,phases] GC(11)       Non-JT Flush Logs (ms):        Min:  0.0, Avg:  0.0, Max:  0.0, Diff:  0.0, Sum:  0.0, Workers: 1
[2025-05-20T20:27:12.432+0300][22856][21016][debug][gc,phases] GC(11)     Choose Collection Set: 0.0ms
[2025-05-20T20:27:12.432+0300][22856][21016][debug][gc,phases] GC(11)     Region Register: 0.2ms
[2025-05-20T20:27:12.432+0300][22856][21016][debug][gc,phases] GC(11)     Prepare Heap Roots: 0.0ms
[2025-05-20T20:27:12.432+0300][22856][21016][info ][gc,phases] GC(11)   Merge Heap Roots: 0.1ms
[2025-05-20T20:27:12.432+0300][22856][21016][debug][gc,phases] GC(11)     Prepare Merge Heap Roots: 0.0ms
[2025-05-20T20:27:12.432+0300][22856][21016][debug][gc,phases] GC(11)     Remembered Sets (ms):          Min:  0.1, Avg:  0.1, Max:  0.1, Diff:  0.0, Sum:  0.7, Workers: 8
[2025-05-20T20:27:12.432+0300][22856][21016][debug][gc,phases] GC(11)       Eager Reclaim (ms):            skipped
[2025-05-20T20:27:12.432+0300][22856][21016][debug][gc,phases] GC(11)       Merged Inline                  Min: 0, Avg:  0.0, Max: 0, Diff: 0, Sum: 0, Workers: 8
[2025-05-20T20:27:12.432+0300][22856][21016][debug][gc,phases] GC(11)       Merged ArrayOfCards            Min: 0, Avg:  0.0, Max: 0, Diff: 0, Sum: 0, Workers: 8
[2025-05-20T20:27:12.432+0300][22856][21016][debug][gc,phases] GC(11)       Merged Howl                    Min: 0, Avg:  0.0, Max: 0, Diff: 0, Sum: 0, Workers: 8
[2025-05-20T20:27:12.432+0300][22856][21016][debug][gc,phases] GC(11)       Merged Full                    Min: 0, Avg:  0.0, Max: 0, Diff: 0, Sum: 0, Workers: 8
[2025-05-20T20:27:12.432+0300][22856][21016][debug][gc,phases] GC(11)       Merged Howl Inline             Min: 0, Avg:  0.0, Max: 0, Diff: 0, Sum: 0, Workers: 8
[2025-05-20T20:27:12.432+0300][22856][21016][debug][gc,phases] GC(11)       Merged Howl ArrayOfCards       Min: 0, Avg:  0.0, Max: 0, Diff: 0, Sum: 0, Workers: 8
[2025-05-20T20:27:12.432+0300][22856][21016][debug][gc,phases] GC(11)       Merged Howl BitMap             Min: 0, Avg:  0.0, Max: 0, Diff: 0, Sum: 0, Workers: 8
[2025-05-20T20:27:12.432+0300][22856][21016][debug][gc,phases] GC(11)       Merged Howl Full               Min: 0, Avg:  0.0, Max: 0, Diff: 0, Sum: 0, Workers: 8
[2025-05-20T20:27:12.432+0300][22856][21016][debug][gc,phases] GC(11)       Merged Cards                   Min: 8, Avg:  8.0, Max: 8, Diff: 0, Sum: 64, Workers: 8
[2025-05-20T20:27:12.432+0300][22856][21016][debug][gc,phases] GC(11)     Log Buffers (ms):              Min:  0.0, Avg:  0.0, Max:  0.0, Diff:  0.0, Sum:  0.0, Workers: 8
[2025-05-20T20:27:12.432+0300][22856][21016][debug][gc,phases] GC(11)       Dirty Cards:                   Min: 0, Avg:  1.6, Max: 13, Diff: 13, Sum: 13, Workers: 8
[2025-05-20T20:27:12.432+0300][22856][21016][debug][gc,phases] GC(11)       Skipped Cards:                 Min: 0, Avg:  0.0, Max: 0, Diff: 0, Sum: 0, Workers: 8
[2025-05-20T20:27:12.432+0300][22856][21016][info ][gc,phases] GC(11)   Evacuate Collection Set: 0.8ms
[2025-05-20T20:27:12.432+0300][22856][21016][debug][gc,phases] GC(11)     Ext Root Scanning (ms):        Min:  0.1, Avg:  0.1, Max:  0.1, Diff:  0.0, Sum:  0.5, Workers: 8
[2025-05-20T20:27:12.432+0300][22856][21016][debug][gc,phases] GC(11)     Scan Heap Roots (ms):          Min:  0.0, Avg:  0.0, Max:  0.0, Diff:  0.0, Sum:  0.1, Workers: 8
[2025-05-20T20:27:12.432+0300][22856][21016][debug][gc,phases] GC(11)       Scanned Cards:                 Min: 0, Avg:  1.6, Max: 5, Diff: 5, Sum: 13, Workers: 8
[2025-05-20T20:27:12.432+0300][22856][21016][debug][gc,phases] GC(11)       Scanned Blocks:                Min: 0, Avg:  1.5, Max: 4, Diff: 4, Sum: 12, Workers: 8
[2025-05-20T20:27:12.432+0300][22856][21016][debug][gc,phases] GC(11)       Claimed Chunks:                Min: 0, Avg:  1.1, Max: 3, Diff: 3, Sum: 9, Workers: 8
[2025-05-20T20:27:12.432+0300][22856][21016][debug][gc,phases] GC(11)       Found Roots:                   Min: 0, Avg:  1.2, Max: 4, Diff: 4, Sum: 10, Workers: 8
[2025-05-20T20:27:12.432+0300][22856][21016][debug][gc,phases] GC(11)     Code Root Scan (ms):           Min:  0.1, Avg:  0.1, Max:  0.1, Diff:  0.0, Sum:  0.6, Workers: 8
[2025-05-20T20:27:12.432+0300][22856][21016][debug][gc,phases] GC(11)       Scanned Nmethods               Min: 0, Avg:  0.0, Max: 0, Diff: 0, Sum: 0, Workers: 8
[2025-05-20T20:27:12.432+0300][22856][21016][debug][gc,phases] GC(11)     Object Copy (ms):              Min:  0.2, Avg:  0.3, Max:  0.5, Diff:  0.3, Sum:  2.4, Workers: 8
[2025-05-20T20:27:12.432+0300][22856][21016][debug][gc,phases] GC(11)     Termination (ms):              Min:  0.0, Avg:  0.3, Max:  0.4, Diff:  0.3, Sum:  2.2, Workers: 8
[2025-05-20T20:27:12.432+0300][22856][21016][debug][gc,phases] GC(11)       Termination Attempts:          Min: 1, Avg:  1.0, Max: 1, Diff: 0, Sum: 8, Workers: 8
[2025-05-20T20:27:12.432+0300][22856][21016][debug][gc,phases] GC(11)     GC Worker Other (ms):          Min:  0.1, Avg:  0.1, Max:  0.1, Diff:  0.0, Sum:  0.7, Workers: 8
[2025-05-20T20:27:12.432+0300][22856][21016][debug][gc,phases] GC(11)     GC Worker Total (ms):          Min:  0.8, Avg:  0.8, Max:  0.8, Diff:  0.0, Sum:  6.4, Workers: 8
[2025-05-20T20:27:12.432+0300][22856][21016][info ][gc,phases] GC(11)   Post Evacuate Collection Set: 1.6ms
[2025-05-20T20:27:12.432+0300][22856][21016][debug][gc,phases] GC(11)     NMethod List Cleanup: 0.0ms
[2025-05-20T20:27:12.432+0300][22856][21016][debug][gc,phases] GC(11)     Reference Processing: 0.1ms
[2025-05-20T20:27:12.432+0300][22856][21016][debug][gc,phases] GC(11)     Weak Processing: 0.1ms
[2025-05-20T20:27:12.432+0300][22856][21016][debug][gc,phases] GC(11)       VM Weak                        Min:  0.0, Avg:  0.0, Max:  0.0, Diff:  0.0, Sum:  0.0, Workers: 8
[2025-05-20T20:27:12.432+0300][22856][21016][debug][gc,phases] GC(11)         Dead                           Min: 0, Avg:  0.0, Max: 0, Diff: 0, Sum: 0, Workers: 8
[2025-05-20T20:27:12.432+0300][22856][21016][debug][gc,phases] GC(11)         Total                          Min: 0, Avg: 15.4, Max: 110, Diff: 110, Sum: 123, Workers: 8
[2025-05-20T20:27:12.432+0300][22856][21016][debug][gc,phases] GC(11)       ObjectSynchronizer Weak        Min:  0.0, Avg:  0.0, Max:  0.0, Diff:  0.0, Sum:  0.0, Workers: 8
[2025-05-20T20:27:12.432+0300][22856][21016][debug][gc,phases] GC(11)         Dead                           Min: 0, Avg:  0.0, Max: 0, Diff: 0, Sum: 0, Workers: 8
[2025-05-20T20:27:12.432+0300][22856][21016][debug][gc,phases] GC(11)         Total                          Min: 0, Avg: 17.5, Max: 64, Diff: 64, Sum: 140, Workers: 8
[2025-05-20T20:27:12.432+0300][22856][21016][debug][gc,phases] GC(11)       JVMTI Tag Weak OopStorage      Min:  0.0, Avg:  0.0, Max:  0.0, Diff:  0.0, Sum:  0.0, Workers: 8
[2025-05-20T20:27:12.432+0300][22856][21016][debug][gc,phases] GC(11)         Dead                           Min: 0, Avg:  0.0, Max: 0, Diff: 0, Sum: 0, Workers: 8
[2025-05-20T20:27:12.432+0300][22856][21016][debug][gc,phases] GC(11)         Total                          Min: 0, Avg:  0.0, Max: 0, Diff: 0, Sum: 0, Workers: 8
[2025-05-20T20:27:12.432+0300][22856][21016][debug][gc,phases] GC(11)       StringTable Weak               Min:  0.0, Avg:  0.0, Max:  0.0, Diff:  0.0, Sum:  0.1, Workers: 8
[2025-05-20T20:27:12.432+0300][22856][21016][debug][gc,phases] GC(11)         Dead                           Min: 0, Avg:  0.0, Max: 0, Diff: 0, Sum: 0, Workers: 8
[2025-05-20T20:27:12.432+0300][22856][21016][debug][gc,phases] GC(11)         Total                          Min: 640, Avg: 783.4, Max: 832, Diff: 192, Sum: 6267, Workers: 8
[2025-05-20T20:27:12.432+0300][22856][21016][debug][gc,phases] GC(11)       ResolvedMethodTable Weak       Min:  0.0, Avg:  0.0, Max:  0.0, Diff:  0.0, Sum:  0.0, Workers: 8
[2025-05-20T20:27:12.432+0300][22856][21016][debug][gc,phases] GC(11)         Dead                           Min: 0, Avg:  0.0, Max: 0, Diff: 0, Sum: 0, Workers: 8
[2025-05-20T20:27:12.432+0300][22856][21016][debug][gc,phases] GC(11)         Total                          Min: 63, Avg: 112.8, Max: 191, Diff: 128, Sum: 902, Workers: 8
[2025-05-20T20:27:12.432+0300][22856][21016][debug][gc,phases] GC(11)       JNI Weak                       Min:  0.0, Avg:  0.0, Max:  0.0, Diff:  0.0, Sum:  0.0, Workers: 8
[2025-05-20T20:27:12.432+0300][22856][21016][debug][gc,phases] GC(11)         Dead                           Min: 0, Avg:  0.0, Max: 0, Diff: 0, Sum: 0, Workers: 8
[2025-05-20T20:27:12.432+0300][22856][21016][debug][gc,phases] GC(11)         Total                          Min: 0, Avg:  0.0, Max: 0, Diff: 0, Sum: 0, Workers: 8
[2025-05-20T20:27:12.432+0300][22856][21016][debug][gc,phases] GC(11)       StringDedup Table Weak         Min:  0.0, Avg:  0.0, Max:  0.0, Diff:  0.0, Sum:  0.0, Workers: 8
[2025-05-20T20:27:12.432+0300][22856][21016][debug][gc,phases] GC(11)         Dead                           Min: 0, Avg:  0.0, Max: 0, Diff: 0, Sum: 0, Workers: 8
[2025-05-20T20:27:12.432+0300][22856][21016][debug][gc,phases] GC(11)         Total                          Min: 0, Avg:  0.0, Max: 0, Diff: 0, Sum: 0, Workers: 8
[2025-05-20T20:27:12.432+0300][22856][21016][debug][gc,phases] GC(11)       StringDedup Requests0 Weak     Min:  0.0, Avg:  0.0, Max:  0.0, Diff:  0.0, Sum:  0.0, Workers: 8
[2025-05-20T20:27:12.432+0300][22856][21016][debug][gc,phases] GC(11)         Dead                           Min: 0, Avg:  0.0, Max: 0, Diff: 0, Sum: 0, Workers: 8
[2025-05-20T20:27:12.432+0300][22856][21016][debug][gc,phases] GC(11)         Total                          Min: 0, Avg:  0.0, Max: 0, Diff: 0, Sum: 0, Workers: 8
[2025-05-20T20:27:12.432+0300][22856][21016][debug][gc,phases] GC(11)       StringDedup Requests1 Weak     Min:  0.0, Avg:  0.0, Max:  0.0, Diff:  0.0, Sum:  0.0, Workers: 8
[2025-05-20T20:27:12.432+0300][22856][21016][debug][gc,phases] GC(11)         Dead                           Min: 0, Avg:  0.0, Max: 0, Diff: 0, Sum: 0, Workers: 8
[2025-05-20T20:27:12.432+0300][22856][21016][debug][gc,phases] GC(11)         Total                          Min: 0, Avg:  0.0, Max: 0, Diff: 0, Sum: 0, Workers: 8
[2025-05-20T20:27:12.432+0300][22856][21016][debug][gc,phases] GC(11)       Weak JFR Old Object Samples    Min:  0.0, Avg:  0.0, Max:  0.0, Diff:  0.0, Sum:  0.0, Workers: 8
[2025-05-20T20:27:12.432+0300][22856][21016][debug][gc,phases] GC(11)         Dead                           Min: 0, Avg:  0.0, Max: 0, Diff: 0, Sum: 0, Workers: 8
[2025-05-20T20:27:12.432+0300][22856][21016][debug][gc,phases] GC(11)         Total                          Min: 0, Avg:  0.0, Max: 0, Diff: 0, Sum: 0, Workers: 8
[2025-05-20T20:27:12.432+0300][22856][21016][debug][gc,phases] GC(11)     Post Evacuate Cleanup 1: 1.0ms
[2025-05-20T20:27:12.432+0300][22856][21016][debug][gc,phases] GC(11)       Merge Per-Thread State (ms):   Min:  0.1, Avg:  0.1, Max:  0.1, Diff:  0.0, Sum:  0.1, Workers: 1
[2025-05-20T20:27:12.432+0300][22856][21016][debug][gc,phases] GC(11)         Copied Bytes                   Min: 67648, Avg: 881864.0, Max: 2250824, Diff: 2183176, Sum: 7054912, Workers: 8
[2025-05-20T20:27:12.432+0300][22856][21016][debug][gc,phases] GC(11)         LAB Waste                      Min: 0, Avg: 101.0, Max: 280, Diff: 280, Sum: 808, Workers: 8
[2025-05-20T20:27:12.432+0300][22856][21016][debug][gc,phases] GC(11)         LAB Undo Waste                 Min: 0, Avg:  0.0, Max: 0, Diff: 0, Sum: 0, Workers: 8
[2025-05-20T20:27:12.432+0300][22856][21016][debug][gc,phases] GC(11)       Clear Logged Cards (ms):       Min:  0.6, Avg:  0.9, Max:  1.0, Diff:  0.4, Sum:  6.9, Workers: 8
[2025-05-20T20:27:12.432+0300][22856][21016][debug][gc,phases] GC(11)       Recalculate Used Memory (ms):  Min:  0.0, Avg:  0.0, Max:  0.0, Diff:  0.0, Sum:  0.0, Workers: 1
[2025-05-20T20:27:12.432+0300][22856][21016][debug][gc,phases] GC(11)     Post Evacuate Cleanup 2: 0.3ms
[2025-05-20T20:27:12.432+0300][22856][21016][debug][gc,phases] GC(11)       Update Derived Pointers (ms):  Min:  0.0, Avg:  0.0, Max:  0.0, Diff:  0.0, Sum:  0.0, Workers: 1
[2025-05-20T20:27:12.432+0300][22856][21016][debug][gc,phases] GC(11)       Eagerly Reclaim Humongous Objects (ms): skipped
[2025-05-20T20:27:12.432+0300][22856][21016][debug][gc,phases] GC(11)         Humongous Total                skipped
[2025-05-20T20:27:12.432+0300][22856][21016][debug][gc,phases] GC(11)         Humongous Candidates           skipped
[2025-05-20T20:27:12.432+0300][22856][21016][debug][gc,phases] GC(11)         Humongous Reclaimed            skipped
[2025-05-20T20:27:12.432+0300][22856][21016][debug][gc,phases] GC(11)       Redirty Logged Cards (ms):     Min:  0.0, Avg:  0.0, Max:  0.0, Diff:  0.0, Sum:  0.0, Workers: 8
[2025-05-20T20:27:12.432+0300][22856][21016][debug][gc,phases] GC(11)         Redirtied Cards:               Min: 0, Avg:  1.1, Max: 4, Diff: 4, Sum: 9, Workers: 8
[2025-05-20T20:27:12.432+0300][22856][21016][debug][gc,phases] GC(11)       Resize TLABs (ms):             Min:  0.0, Avg:  0.0, Max:  0.0, Diff:  0.0, Sum:  0.0, Workers: 8
[2025-05-20T20:27:12.432+0300][22856][21016][debug][gc,phases] GC(11)       Free Collection Set (ms):      Min:  0.2, Avg:  0.2, Max:  0.2, Diff:  0.0, Sum:  1.6, Workers: 8
[2025-05-20T20:27:12.432+0300][22856][21016][debug][gc,phases] GC(11)     Rebuild Free List: 0.1ms
[2025-05-20T20:27:12.432+0300][22856][21016][debug][gc,phases] GC(11)     Prepare For Mutator: 0.0ms
[2025-05-20T20:27:12.432+0300][22856][21016][debug][gc,phases] GC(11)     Expand Heap After Collection: 0.0ms
[2025-05-20T20:27:12.432+0300][22856][21016][info ][gc,phases] GC(11)   Other: 0.1ms
[2025-05-20T20:27:12.432+0300][22856][21016][info ][gc,heap  ] GC(11) Eden regions: 921->0(920)
[2025-05-20T20:27:12.432+0300][22856][21016][info ][gc,heap  ] GC(11) Survivor regions: 0->1(116)
[2025-05-20T20:27:12.432+0300][22856][21016][info ][gc,heap  ] GC(11) Old regions: 8->8
[2025-05-20T20:27:12.432+0300][22856][21016][info ][gc,heap  ] GC(11) Humongous regions: 0->0
[2025-05-20T20:27:12.432+0300][22856][21016][debug][gc,heap  ] GC(11) Heap after GC invocations=12 (full 3):
[2025-05-20T20:27:12.432+0300][22856][21016][debug][gc,heap  ] GC(11)  garbage-first heap   total 12582912K, used 16817K [0x0000000500000000, 0x0000000800000000)
[2025-05-20T20:27:12.432+0300][22856][21016][debug][gc,heap  ] GC(11)   region size 8192K, 1 young (8192K), 1 survivors (8192K)
[2025-05-20T20:27:12.432+0300][22856][21016][debug][gc,heap  ] GC(11)  Metaspace       used 8735K, committed 9792K, reserved 1114112K
[2025-05-20T20:27:12.432+0300][22856][21016][debug][gc,heap  ] GC(11)   class space    used 874K, committed 1280K, reserved 1048576K
[2025-05-20T20:27:12.432+0300][22856][21016][info ][gc       ] GC(11) Pause Young (Normal) (G1 Evacuation Pause) 7377M->16M(12288M) 4.631ms
[2025-05-20T20:27:12.432+0300][22856][21016][info ][safepoint] Safepoint "G1CollectForAllocation", Time since last: 366307000 ns, Reaching safepoint: 369600 ns, Cleanup: 6500 ns, At safepoint: 4686000 ns, Total: 5062100 ns
[2025-05-20T20:27:14.444+0300][22856][21016][debug][safepoint] Safepoint synchronization initiated using striped semaphore wait barrier. (19 threads)
[2025-05-20T20:27:14.444+0300][22856][1228 ][debug][safepoint] ... found polling page loop exception at pc = 0x000002529a5efe5a, stub =0x0000025299fb6600
[2025-05-20T20:27:14.444+0300][22856][2052 ][debug][safepoint] ... found polling page loop exception at pc = 0x000002529a5b35f7, stub =0x0000025299fb6600
[2025-05-20T20:27:14.444+0300][22856][5332 ][debug][safepoint] ... found polling page loop exception at pc = 0x000002529a5b349e, stub =0x0000025299fb6600
[2025-05-20T20:27:14.444+0300][22856][20192][debug][safepoint] ... found polling page loop exception at pc = 0x000002529a5b8960, stub =0x0000025299fb5d80
[2025-05-20T20:27:14.444+0300][22856][23500][debug][safepoint] ... found polling page loop exception at pc = 0x000002529a5b8960, stub =0x0000025299fb5d80
[2025-05-20T20:27:14.444+0300][22856][19056][debug][safepoint] ... found polling page loop exception at pc = 0x000002529a5b8960, stub =0x0000025299fb5d80
[2025-05-20T20:27:14.444+0300][22856][3532 ][debug][safepoint] ... found polling page loop exception at pc = 0x000002529a5b8960, stub =0x0000025299fb5d80
[2025-05-20T20:27:14.444+0300][22856][18748][debug][safepoint] ... found polling page loop exception at pc = 0x000002529a7bfe2c, stub =0x0000025299fb5d80
[2025-05-20T20:27:14.444+0300][22856][21016][info ][safepoint] Safepoint "Cleanup", Time since last: 2005973600 ns, Reaching safepoint: 520400 ns, Cleanup: 17500 ns, At safepoint: 19700 ns, Total: 557600 ns
[2025-05-20T20:27:14.909+0300][22856][21016][debug][safepoint] Safepoint synchronization initiated using striped semaphore wait barrier. (19 threads)
[2025-05-20T20:27:14.909+0300][22856][2052 ][debug][safepoint] ... found polling page loop exception at pc = 0x000002529a671cd1, stub =0x0000025299fb6600
[2025-05-20T20:27:14.909+0300][22856][1228 ][debug][safepoint] ... found polling page loop exception at pc = 0x000002529a5b8960, stub =0x0000025299fb5d80
[2025-05-20T20:27:14.909+0300][22856][19056][debug][safepoint] ... found polling page loop exception at pc = 0x000002529a5b8960, stub =0x0000025299fb5d80
[2025-05-20T20:27:14.909+0300][22856][20192][debug][safepoint] ... found polling page loop exception at pc = 0x000002529a5b8960, stub =0x0000025299fb5d80
[2025-05-20T20:27:14.909+0300][22856][3532 ][debug][safepoint] ... found polling page loop exception at pc = 0x000002529a5b35f7, stub =0x0000025299fb6600
[2025-05-20T20:27:14.909+0300][22856][18748][debug][safepoint] ... found polling page loop exception at pc = 0x000002529a5b349e, stub =0x0000025299fb6600
[2025-05-20T20:27:14.909+0300][22856][23500][debug][safepoint] ... found polling page loop exception at pc = 0x000002529a5b349e, stub =0x0000025299fb6600
[2025-05-20T20:27:14.911+0300][22856][21016][debug][gc,heap  ] GC(12) Heap before GC invocations=12 (full 3):
[2025-05-20T20:27:14.911+0300][22856][21016][debug][gc,heap  ] GC(12)  garbage-first heap   total 12582912K, used 7553457K [0x0000000500000000, 0x0000000800000000)
[2025-05-20T20:27:14.911+0300][22856][21016][debug][gc,heap  ] GC(12)   region size 8192K, 921 young (7544832K), 1 survivors (8192K)
[2025-05-20T20:27:14.911+0300][22856][21016][debug][gc,heap  ] GC(12)  Metaspace       used 8735K, committed 9792K, reserved 1114112K
[2025-05-20T20:27:14.911+0300][22856][21016][debug][gc,heap  ] GC(12)   class space    used 874K, committed 1280K, reserved 1048576K
[2025-05-20T20:27:14.911+0300][22856][21016][info ][gc,phases] GC(12)   Pre Evacuate Collection Set: 0.3ms
[2025-05-20T20:27:14.911+0300][22856][21016][debug][gc,phases] GC(12)     Pre Evacuate Prepare: 0.1ms
[2025-05-20T20:27:14.911+0300][22856][21016][debug][gc,phases] GC(12)       JT Retire TLABs And Flush Logs (ms): Min:  0.0, Avg:  0.0, Max:  0.0, Diff:  0.0, Sum:  0.0, Workers: 2
[2025-05-20T20:27:14.911+0300][22856][21016][debug][gc,phases] GC(12)       Non-JT Flush Logs (ms):        Min:  0.0, Avg:  0.0, Max:  0.0, Diff:  0.0, Sum:  0.0, Workers: 1
[2025-05-20T20:27:14.911+0300][22856][21016][debug][gc,phases] GC(12)     Choose Collection Set: 0.0ms
[2025-05-20T20:27:14.911+0300][22856][21016][debug][gc,phases] GC(12)     Region Register: 0.2ms
[2025-05-20T20:27:14.911+0300][22856][21016][debug][gc,phases] GC(12)     Prepare Heap Roots: 0.0ms
[2025-05-20T20:27:14.911+0300][22856][21016][info ][gc,phases] GC(12)   Merge Heap Roots: 0.1ms
[2025-05-20T20:27:14.911+0300][22856][21016][debug][gc,phases] GC(12)     Prepare Merge Heap Roots: 0.0ms
[2025-05-20T20:27:14.911+0300][22856][21016][debug][gc,phases] GC(12)     Remembered Sets (ms):          Min:  0.1, Avg:  0.1, Max:  0.1, Diff:  0.0, Sum:  0.7, Workers: 8
[2025-05-20T20:27:14.911+0300][22856][21016][debug][gc,phases] GC(12)       Eager Reclaim (ms):            skipped
[2025-05-20T20:27:14.911+0300][22856][21016][debug][gc,phases] GC(12)       Merged Inline                  Min: 0, Avg:  0.0, Max: 0, Diff: 0, Sum: 0, Workers: 8
[2025-05-20T20:27:14.911+0300][22856][21016][debug][gc,phases] GC(12)       Merged ArrayOfCards            Min: 0, Avg:  0.0, Max: 0, Diff: 0, Sum: 0, Workers: 8
[2025-05-20T20:27:14.911+0300][22856][21016][debug][gc,phases] GC(12)       Merged Howl                    Min: 0, Avg:  0.0, Max: 0, Diff: 0, Sum: 0, Workers: 8
[2025-05-20T20:27:14.911+0300][22856][21016][debug][gc,phases] GC(12)       Merged Full                    Min: 0, Avg:  0.0, Max: 0, Diff: 0, Sum: 0, Workers: 8
[2025-05-20T20:27:14.911+0300][22856][21016][debug][gc,phases] GC(12)       Merged Howl Inline             Min: 0, Avg:  0.0, Max: 0, Diff: 0, Sum: 0, Workers: 8
[2025-05-20T20:27:14.911+0300][22856][21016][debug][gc,phases] GC(12)       Merged Howl ArrayOfCards       Min: 0, Avg:  0.0, Max: 0, Diff: 0, Sum: 0, Workers: 8
[2025-05-20T20:27:14.911+0300][22856][21016][debug][gc,phases] GC(12)       Merged Howl BitMap             Min: 0, Avg:  0.0, Max: 0, Diff: 0, Sum: 0, Workers: 8
[2025-05-20T20:27:14.911+0300][22856][21016][debug][gc,phases] GC(12)       Merged Howl Full               Min: 0, Avg:  0.0, Max: 0, Diff: 0, Sum: 0, Workers: 8
[2025-05-20T20:27:14.911+0300][22856][21016][debug][gc,phases] GC(12)       Merged Cards                   Min: 8, Avg:  8.0, Max: 8, Diff: 0, Sum: 64, Workers: 8
[2025-05-20T20:27:14.911+0300][22856][21016][debug][gc,phases] GC(12)     Log Buffers (ms):              Min:  0.0, Avg:  0.0, Max:  0.0, Diff:  0.0, Sum:  0.0, Workers: 8
[2025-05-20T20:27:14.911+0300][22856][21016][debug][gc,phases] GC(12)       Dirty Cards:                   Min: 0, Avg:  2.4, Max: 6, Diff: 6, Sum: 19, Workers: 8
[2025-05-20T20:27:14.911+0300][22856][21016][debug][gc,phases] GC(12)       Skipped Cards:                 Min: 0, Avg:  0.0, Max: 0, Diff: 0, Sum: 0, Workers: 8
[2025-05-20T20:27:14.911+0300][22856][21016][info ][gc,phases] GC(12)   Evacuate Collection Set: 0.9ms
[2025-05-20T20:27:14.911+0300][22856][21016][debug][gc,phases] GC(12)     Ext Root Scanning (ms):        Min:  0.0, Avg:  0.1, Max:  0.1, Diff:  0.0, Sum:  0.5, Workers: 8
[2025-05-20T20:27:14.911+0300][22856][21016][debug][gc,phases] GC(12)     Scan Heap Roots (ms):          Min:  0.0, Avg:  0.0, Max:  0.0, Diff:  0.0, Sum:  0.1, Workers: 8
[2025-05-20T20:27:14.911+0300][22856][21016][debug][gc,phases] GC(12)       Scanned Cards:                 Min: 0, Avg:  2.1, Max: 7, Diff: 7, Sum: 17, Workers: 8
[2025-05-20T20:27:14.911+0300][22856][21016][debug][gc,phases] GC(12)       Scanned Blocks:                Min: 0, Avg:  1.9, Max: 6, Diff: 6, Sum: 15, Workers: 8
[2025-05-20T20:27:14.911+0300][22856][21016][debug][gc,phases] GC(12)       Claimed Chunks:                Min: 0, Avg:  1.2, Max: 3, Diff: 3, Sum: 10, Workers: 8
[2025-05-20T20:27:14.911+0300][22856][21016][debug][gc,phases] GC(12)       Found Roots:                   Min: 0, Avg:  2.5, Max: 8, Diff: 8, Sum: 20, Workers: 8
[2025-05-20T20:27:14.911+0300][22856][21016][debug][gc,phases] GC(12)     Code Root Scan (ms):           Min:  0.1, Avg:  0.1, Max:  0.1, Diff:  0.0, Sum:  0.6, Workers: 8
[2025-05-20T20:27:14.911+0300][22856][21016][debug][gc,phases] GC(12)       Scanned Nmethods               Min: 0, Avg:  0.0, Max: 0, Diff: 0, Sum: 0, Workers: 8
[2025-05-20T20:27:14.911+0300][22856][21016][debug][gc,phases] GC(12)     Object Copy (ms):              Min:  0.2, Avg:  0.3, Max:  0.6, Diff:  0.3, Sum:  2.5, Workers: 8
[2025-05-20T20:27:14.911+0300][22856][21016][debug][gc,phases] GC(12)     Termination (ms):              Min:  0.0, Avg:  0.3, Max:  0.4, Diff:  0.4, Sum:  2.2, Workers: 8
[2025-05-20T20:27:14.911+0300][22856][21016][debug][gc,phases] GC(12)       Termination Attempts:          Min: 1, Avg:  1.0, Max: 1, Diff: 0, Sum: 8, Workers: 8
[2025-05-20T20:27:14.911+0300][22856][21016][debug][gc,phases] GC(12)     GC Worker Other (ms):          Min:  0.1, Avg:  0.1, Max:  0.1, Diff:  0.0, Sum:  0.7, Workers: 8
[2025-05-20T20:27:14.911+0300][22856][21016][debug][gc,phases] GC(12)     GC Worker Total (ms):          Min:  0.8, Avg:  0.8, Max:  0.8, Diff:  0.0, Sum:  6.5, Workers: 8
[2025-05-20T20:27:14.911+0300][22856][21016][info ][gc,phases] GC(12)   Post Evacuate Collection Set: 1.6ms
[2025-05-20T20:27:14.911+0300][22856][21016][debug][gc,phases] GC(12)     NMethod List Cleanup: 0.0ms
[2025-05-20T20:27:14.911+0300][22856][21016][debug][gc,phases] GC(12)     Reference Processing: 0.2ms
[2025-05-20T20:27:14.911+0300][22856][21016][debug][gc,phases] GC(12)     Weak Processing: 0.1ms
[2025-05-20T20:27:14.911+0300][22856][21016][debug][gc,phases] GC(12)       VM Weak                        Min:  0.0, Avg:  0.0, Max:  0.0, Diff:  0.0, Sum:  0.0, Workers: 8
[2025-05-20T20:27:14.911+0300][22856][21016][debug][gc,phases] GC(12)         Dead                           Min: 0, Avg:  0.0, Max: 0, Diff: 0, Sum: 0, Workers: 8
[2025-05-20T20:27:14.911+0300][22856][21016][debug][gc,phases] GC(12)         Total                          Min: 0, Avg: 15.4, Max: 90, Diff: 90, Sum: 123, Workers: 8
[2025-05-20T20:27:14.911+0300][22856][21016][debug][gc,phases] GC(12)       ObjectSynchronizer Weak        Min:  0.0, Avg:  0.0, Max:  0.0, Diff:  0.0, Sum:  0.0, Workers: 8
[2025-05-20T20:27:14.911+0300][22856][21016][debug][gc,phases] GC(12)         Dead                           Min: 0, Avg:  0.0, Max: 0, Diff: 0, Sum: 0, Workers: 8
[2025-05-20T20:27:14.911+0300][22856][21016][debug][gc,phases] GC(12)         Total                          Min: 0, Avg: 17.5, Max: 76, Diff: 76, Sum: 140, Workers: 8
[2025-05-20T20:27:14.911+0300][22856][21016][debug][gc,phases] GC(12)       JVMTI Tag Weak OopStorage      Min:  0.0, Avg:  0.0, Max:  0.0, Diff:  0.0, Sum:  0.0, Workers: 8
[2025-05-20T20:27:14.911+0300][22856][21016][debug][gc,phases] GC(12)         Dead                           Min: 0, Avg:  0.0, Max: 0, Diff: 0, Sum: 0, Workers: 8
[2025-05-20T20:27:14.911+0300][22856][21016][debug][gc,phases] GC(12)         Total                          Min: 0, Avg:  0.0, Max: 0, Diff: 0, Sum: 0, Workers: 8
[2025-05-20T20:27:14.911+0300][22856][21016][debug][gc,phases] GC(12)       StringTable Weak               Min:  0.0, Avg:  0.0, Max:  0.0, Diff:  0.0, Sum:  0.1, Workers: 8
[2025-05-20T20:27:14.911+0300][22856][21016][debug][gc,phases] GC(12)         Dead                           Min: 0, Avg:  0.0, Max: 0, Diff: 0, Sum: 0, Workers: 8
[2025-05-20T20:27:14.911+0300][22856][21016][debug][gc,phases] GC(12)         Total                          Min: 645, Avg: 784.6, Max: 960, Diff: 315, Sum: 6277, Workers: 8
[2025-05-20T20:27:14.911+0300][22856][21016][debug][gc,phases] GC(12)       ResolvedMethodTable Weak       Min:  0.0, Avg:  0.0, Max:  0.0, Diff:  0.0, Sum:  0.0, Workers: 8
[2025-05-20T20:27:14.911+0300][22856][21016][debug][gc,phases] GC(12)         Dead                           Min: 0, Avg:  0.0, Max: 0, Diff: 0, Sum: 0, Workers: 8
[2025-05-20T20:27:14.911+0300][22856][21016][debug][gc,phases] GC(12)         Total                          Min: 63, Avg: 112.8, Max: 191, Diff: 128, Sum: 902, Workers: 8
[2025-05-20T20:27:14.911+0300][22856][21016][debug][gc,phases] GC(12)       JNI Weak                       Min:  0.0, Avg:  0.0, Max:  0.0, Diff:  0.0, Sum:  0.0, Workers: 8
[2025-05-20T20:27:14.911+0300][22856][21016][debug][gc,phases] GC(12)         Dead                           Min: 0, Avg:  0.0, Max: 0, Diff: 0, Sum: 0, Workers: 8
[2025-05-20T20:27:14.911+0300][22856][21016][debug][gc,phases] GC(12)         Total                          Min: 0, Avg:  0.0, Max: 0, Diff: 0, Sum: 0, Workers: 8
[2025-05-20T20:27:14.911+0300][22856][21016][debug][gc,phases] GC(12)       StringDedup Table Weak         Min:  0.0, Avg:  0.0, Max:  0.0, Diff:  0.0, Sum:  0.0, Workers: 8
[2025-05-20T20:27:14.911+0300][22856][21016][debug][gc,phases] GC(12)         Dead                           Min: 0, Avg:  0.0, Max: 0, Diff: 0, Sum: 0, Workers: 8
[2025-05-20T20:27:14.911+0300][22856][21016][debug][gc,phases] GC(12)         Total                          Min: 0, Avg:  0.0, Max: 0, Diff: 0, Sum: 0, Workers: 8
[2025-05-20T20:27:14.911+0300][22856][21016][debug][gc,phases] GC(12)       StringDedup Requests0 Weak     Min:  0.0, Avg:  0.0, Max:  0.0, Diff:  0.0, Sum:  0.0, Workers: 8
[2025-05-20T20:27:14.911+0300][22856][21016][debug][gc,phases] GC(12)         Dead                           Min: 0, Avg:  0.0, Max: 0, Diff: 0, Sum: 0, Workers: 8
[2025-05-20T20:27:14.911+0300][22856][21016][debug][gc,phases] GC(12)         Total                          Min: 0, Avg:  0.0, Max: 0, Diff: 0, Sum: 0, Workers: 8
[2025-05-20T20:27:14.911+0300][22856][21016][debug][gc,phases] GC(12)       StringDedup Requests1 Weak     Min:  0.0, Avg:  0.0, Max:  0.0, Diff:  0.0, Sum:  0.0, Workers: 8
[2025-05-20T20:27:14.911+0300][22856][21016][debug][gc,phases] GC(12)         Dead                           Min: 0, Avg:  0.0, Max: 0, Diff: 0, Sum: 0, Workers: 8
[2025-05-20T20:27:14.911+0300][22856][21016][debug][gc,phases] GC(12)         Total                          Min: 0, Avg:  0.0, Max: 0, Diff: 0, Sum: 0, Workers: 8
[2025-05-20T20:27:14.911+0300][22856][21016][debug][gc,phases] GC(12)       Weak JFR Old Object Samples    Min:  0.0, Avg:  0.0, Max:  0.0, Diff:  0.0, Sum:  0.0, Workers: 8
[2025-05-20T20:27:14.911+0300][22856][21016][debug][gc,phases] GC(12)         Dead                           Min: 0, Avg:  0.0, Max: 0, Diff: 0, Sum: 0, Workers: 8
[2025-05-20T20:27:14.911+0300][22856][21016][debug][gc,phases] GC(12)         Total                          Min: 0, Avg:  0.0, Max: 0, Diff: 0, Sum: 0, Workers: 8
[2025-05-20T20:27:14.911+0300][22856][21016][debug][gc,phases] GC(12)     Post Evacuate Cleanup 1: 1.1ms
[2025-05-20T20:27:14.911+0300][22856][21016][debug][gc,phases] GC(12)       Merge Per-Thread State (ms):   Min:  0.1, Avg:  0.1, Max:  0.1, Diff:  0.0, Sum:  0.1, Workers: 1
[2025-05-20T20:27:14.911+0300][22856][21016][debug][gc,phases] GC(12)         Copied Bytes                   Min: 72040, Avg: 881997.0, Max: 2202480, Diff: 2130440, Sum: 7055976, Workers: 8
[2025-05-20T20:27:14.911+0300][22856][21016][debug][gc,phases] GC(12)         LAB Waste                      Min: 0, Avg: 186.0, Max: 408, Diff: 408, Sum: 1488, Workers: 8
[2025-05-20T20:27:14.911+0300][22856][21016][debug][gc,phases] GC(12)         LAB Undo Waste                 Min: 0, Avg:  0.0, Max: 0, Diff: 0, Sum: 0, Workers: 8
[2025-05-20T20:27:14.911+0300][22856][21016][debug][gc,phases] GC(12)       Clear Logged Cards (ms):       Min:  0.0, Avg:  0.8, Max:  1.0, Diff:  1.0, Sum:  6.5, Workers: 8
[2025-05-20T20:27:14.911+0300][22856][21016][debug][gc,phases] GC(12)       Recalculate Used Memory (ms):  Min:  0.0, Avg:  0.0, Max:  0.0, Diff:  0.0, Sum:  0.0, Workers: 1
[2025-05-20T20:27:14.911+0300][22856][21016][debug][gc,phases] GC(12)     Post Evacuate Cleanup 2: 0.3ms
[2025-05-20T20:27:14.911+0300][22856][21016][debug][gc,phases] GC(12)       Update Derived Pointers (ms):  Min:  0.0, Avg:  0.0, Max:  0.0, Diff:  0.0, Sum:  0.0, Workers: 1
[2025-05-20T20:27:14.911+0300][22856][21016][debug][gc,phases] GC(12)       Eagerly Reclaim Humongous Objects (ms): skipped
[2025-05-20T20:27:14.911+0300][22856][21016][debug][gc,phases] GC(12)         Humongous Total                skipped
[2025-05-20T20:27:14.911+0300][22856][21016][debug][gc,phases] GC(12)         Humongous Candidates           skipped
[2025-05-20T20:27:14.911+0300][22856][21016][debug][gc,phases] GC(12)         Humongous Reclaimed            skipped
[2025-05-20T20:27:14.911+0300][22856][21016][debug][gc,phases] GC(12)       Redirty Logged Cards (ms):     Min:  0.0, Avg:  0.0, Max:  0.0, Diff:  0.0, Sum:  0.0, Workers: 8
[2025-05-20T20:27:14.911+0300][22856][21016][debug][gc,phases] GC(12)         Redirtied Cards:               Min: 0, Avg:  2.0, Max: 16, Diff: 16, Sum: 16, Workers: 8
[2025-05-20T20:27:14.911+0300][22856][21016][debug][gc,phases] GC(12)       Resize TLABs (ms):             Min:  0.0, Avg:  0.0, Max:  0.0, Diff:  0.0, Sum:  0.0, Workers: 8
[2025-05-20T20:27:14.911+0300][22856][21016][debug][gc,phases] GC(12)       Free Collection Set (ms):      Min:  0.2, Avg:  0.2, Max:  0.2, Diff:  0.0, Sum:  1.7, Workers: 8
[2025-05-20T20:27:14.911+0300][22856][21016][debug][gc,phases] GC(12)     Rebuild Free List: 0.1ms
[2025-05-20T20:27:14.911+0300][22856][21016][debug][gc,phases] GC(12)     Prepare For Mutator: 0.0ms
[2025-05-20T20:27:14.911+0300][22856][21016][debug][gc,phases] GC(12)     Expand Heap After Collection: 0.0ms
[2025-05-20T20:27:14.911+0300][22856][21016][info ][gc,phases] GC(12)   Other: 0.1ms
[2025-05-20T20:27:14.911+0300][22856][21016][info ][gc,heap  ] GC(12) Eden regions: 920->0(920)
[2025-05-20T20:27:14.911+0300][22856][21016][info ][gc,heap  ] GC(12) Survivor regions: 1->1(116)
[2025-05-20T20:27:14.911+0300][22856][21016][info ][gc,heap  ] GC(12) Old regions: 8->8
[2025-05-20T20:27:14.911+0300][22856][21016][info ][gc,heap  ] GC(12) Humongous regions: 0->0
[2025-05-20T20:27:14.911+0300][22856][21016][debug][gc,heap  ] GC(12) Heap after GC invocations=13 (full 3):
[2025-05-20T20:27:14.911+0300][22856][21016][debug][gc,heap  ] GC(12)  garbage-first heap   total 12582912K, used 16812K [0x0000000500000000, 0x0000000800000000)
[2025-05-20T20:27:14.911+0300][22856][21016][debug][gc,heap  ] GC(12)   region size 8192K, 1 young (8192K), 1 survivors (8192K)
[2025-05-20T20:27:14.911+0300][22856][21016][debug][gc,heap  ] GC(12)  Metaspace       used 8735K, committed 9792K, reserved 1114112K
[2025-05-20T20:27:14.911+0300][22856][21016][debug][gc,heap  ] GC(12)   class space    used 874K, committed 1280K, reserved 1048576K
[2025-05-20T20:27:14.911+0300][22856][21016][info ][gc       ] GC(12) Pause Young (Normal) (G1 Evacuation Pause) 7376M->16M(12288M) 4.714ms
[2025-05-20T20:27:14.911+0300][22856][21016][info ][safepoint] Safepoint "G1CollectForAllocation", Time since last: 466022800 ns, Reaching safepoint: 485300 ns, Cleanup: 7700 ns, At safepoint: 4767000 ns, Total: 5260000 ns
[2025-05-20T20:27:17.312+0300][22856][21016][debug][safepoint] Safepoint synchronization initiated using striped semaphore wait barrier. (19 threads)
[2025-05-20T20:27:17.312+0300][22856][2052 ][debug][safepoint] ... found polling page loop exception at pc = 0x000002529a620552, stub =0x0000025299fb6600
[2025-05-20T20:27:17.312+0300][22856][3532 ][debug][safepoint] ... found polling page loop exception at pc = 0x000002529a662fa3, stub =0x0000025299fb6600
[2025-05-20T20:27:17.312+0300][22856][5332 ][debug][safepoint] ... found polling page loop exception at pc = 0x000002529a5b35f7, stub =0x0000025299fb6600
[2025-05-20T20:27:17.312+0300][22856][23500][debug][safepoint] ... found polling page loop exception at pc = 0x000002529a5b8960, stub =0x0000025299fb5d80
[2025-05-20T20:27:17.312+0300][22856][1228 ][debug][safepoint] ... found polling page loop exception at pc = 0x000002529a7bfe2c, stub =0x0000025299fb5d80
[2025-05-20T20:27:17.312+0300][22856][21016][debug][gc,heap  ] GC(13) Heap before GC invocations=13 (full 3):
[2025-05-20T20:27:17.312+0300][22856][21016][debug][gc,heap  ] GC(13)  garbage-first heap   total 12582912K, used 7553452K [0x0000000500000000, 0x0000000800000000)
[2025-05-20T20:27:17.312+0300][22856][21016][debug][gc,heap  ] GC(13)   region size 8192K, 921 young (7544832K), 1 survivors (8192K)
[2025-05-20T20:27:17.312+0300][22856][21016][debug][gc,heap  ] GC(13)  Metaspace       used 8735K, committed 9792K, reserved 1114112K
[2025-05-20T20:27:17.312+0300][22856][21016][debug][gc,heap  ] GC(13)   class space    used 874K, committed 1280K, reserved 1048576K
[2025-05-20T20:27:17.312+0300][22856][21016][info ][gc,phases] GC(13)   Pre Evacuate Collection Set: 0.3ms
[2025-05-20T20:27:17.312+0300][22856][21016][debug][gc,phases] GC(13)     Pre Evacuate Prepare: 0.0ms
[2025-05-20T20:27:17.312+0300][22856][21016][debug][gc,phases] GC(13)       JT Retire TLABs And Flush Logs (ms): Min:  0.0, Avg:  0.0, Max:  0.0, Diff:  0.0, Sum:  0.0, Workers: 2
[2025-05-20T20:27:17.312+0300][22856][21016][debug][gc,phases] GC(13)       Non-JT Flush Logs (ms):        Min:  0.0, Avg:  0.0, Max:  0.0, Diff:  0.0, Sum:  0.0, Workers: 1
[2025-05-20T20:27:17.312+0300][22856][21016][debug][gc,phases] GC(13)     Choose Collection Set: 0.0ms
[2025-05-20T20:27:17.312+0300][22856][21016][debug][gc,phases] GC(13)     Region Register: 0.2ms
[2025-05-20T20:27:17.312+0300][22856][21016][debug][gc,phases] GC(13)     Prepare Heap Roots: 0.0ms
[2025-05-20T20:27:17.312+0300][22856][21016][info ][gc,phases] GC(13)   Merge Heap Roots: 0.2ms
[2025-05-20T20:27:17.312+0300][22856][21016][debug][gc,phases] GC(13)     Prepare Merge Heap Roots: 0.0ms
[2025-05-20T20:27:17.312+0300][22856][21016][debug][gc,phases] GC(13)     Remembered Sets (ms):          Min:  0.0, Avg:  0.1, Max:  0.1, Diff:  0.1, Sum:  0.7, Workers: 8
[2025-05-20T20:27:17.312+0300][22856][21016][debug][gc,phases] GC(13)       Eager Reclaim (ms):            skipped
[2025-05-20T20:27:17.312+0300][22856][21016][debug][gc,phases] GC(13)       Merged Inline                  Min: 0, Avg:  0.0, Max: 0, Diff: 0, Sum: 0, Workers: 8
[2025-05-20T20:27:17.312+0300][22856][21016][debug][gc,phases] GC(13)       Merged ArrayOfCards            Min: 0, Avg:  0.0, Max: 0, Diff: 0, Sum: 0, Workers: 8
[2025-05-20T20:27:17.312+0300][22856][21016][debug][gc,phases] GC(13)       Merged Howl                    Min: 0, Avg:  0.0, Max: 0, Diff: 0, Sum: 0, Workers: 8
[2025-05-20T20:27:17.312+0300][22856][21016][debug][gc,phases] GC(13)       Merged Full                    Min: 0, Avg:  0.0, Max: 0, Diff: 0, Sum: 0, Workers: 8
[2025-05-20T20:27:17.312+0300][22856][21016][debug][gc,phases] GC(13)       Merged Howl Inline             Min: 0, Avg:  0.0, Max: 0, Diff: 0, Sum: 0, Workers: 8
[2025-05-20T20:27:17.312+0300][22856][21016][debug][gc,phases] GC(13)       Merged Howl ArrayOfCards       Min: 0, Avg:  0.0, Max: 0, Diff: 0, Sum: 0, Workers: 8
[2025-05-20T20:27:17.312+0300][22856][21016][debug][gc,phases] GC(13)       Merged Howl BitMap             Min: 0, Avg:  0.0, Max: 0, Diff: 0, Sum: 0, Workers: 8
[2025-05-20T20:27:17.312+0300][22856][21016][debug][gc,phases] GC(13)       Merged Howl Full               Min: 0, Avg:  0.0, Max: 0, Diff: 0, Sum: 0, Workers: 8
[2025-05-20T20:27:17.312+0300][22856][21016][debug][gc,phases] GC(13)       Merged Cards                   Min: 8, Avg:  8.0, Max: 8, Diff: 0, Sum: 64, Workers: 8
[2025-05-20T20:27:17.312+0300][22856][21016][debug][gc,phases] GC(13)     Log Buffers (ms):              Min:  0.0, Avg:  0.0, Max:  0.0, Diff:  0.0, Sum:  0.0, Workers: 8
[2025-05-20T20:27:17.312+0300][22856][21016][debug][gc,phases] GC(13)       Dirty Cards:                   Min: 0, Avg:  2.5, Max: 8, Diff: 8, Sum: 20, Workers: 8
[2025-05-20T20:27:17.312+0300][22856][21016][debug][gc,phases] GC(13)       Skipped Cards:                 Min: 0, Avg:  0.0, Max: 0, Diff: 0, Sum: 0, Workers: 8
[2025-05-20T20:27:17.312+0300][22856][21016][info ][gc,phases] GC(13)   Evacuate Collection Set: 0.9ms
[2025-05-20T20:27:17.312+0300][22856][21016][debug][gc,phases] GC(13)     Ext Root Scanning (ms):        Min:  0.0, Avg:  0.1, Max:  0.1, Diff:  0.1, Sum:  0.5, Workers: 8
[2025-05-20T20:27:17.312+0300][22856][21016][debug][gc,phases] GC(13)     Scan Heap Roots (ms):          Min:  0.0, Avg:  0.0, Max:  0.0, Diff:  0.0, Sum:  0.1, Workers: 8
[2025-05-20T20:27:17.312+0300][22856][21016][debug][gc,phases] GC(13)       Scanned Cards:                 Min: 0, Avg:  2.0, Max: 6, Diff: 6, Sum: 16, Workers: 8
[2025-05-20T20:27:17.312+0300][22856][21016][debug][gc,phases] GC(13)       Scanned Blocks:                Min: 0, Avg:  1.8, Max: 5, Diff: 5, Sum: 14, Workers: 8
[2025-05-20T20:27:17.312+0300][22856][21016][debug][gc,phases] GC(13)       Claimed Chunks:                Min: 0, Avg:  1.1, Max: 3, Diff: 3, Sum: 9, Workers: 8
[2025-05-20T20:27:17.312+0300][22856][21016][debug][gc,phases] GC(13)       Found Roots:                   Min: 0, Avg:  2.5, Max: 8, Diff: 8, Sum: 20, Workers: 8
[2025-05-20T20:27:17.312+0300][22856][21016][debug][gc,phases] GC(13)     Code Root Scan (ms):           Min:  0.1, Avg:  0.1, Max:  0.1, Diff:  0.0, Sum:  0.6, Workers: 8
[2025-05-20T20:27:17.312+0300][22856][21016][debug][gc,phases] GC(13)       Scanned Nmethods               Min: 0, Avg:  0.0, Max: 0, Diff: 0, Sum: 0, Workers: 8
[2025-05-20T20:27:17.312+0300][22856][21016][debug][gc,phases] GC(13)     Object Copy (ms):              Min:  0.2, Avg:  0.3, Max:  0.5, Diff:  0.3, Sum:  2.5, Workers: 8
[2025-05-20T20:27:17.312+0300][22856][21016][debug][gc,phases] GC(13)     Termination (ms):              Min:  0.0, Avg:  0.3, Max:  0.4, Diff:  0.3, Sum:  2.1, Workers: 8
[2025-05-20T20:27:17.312+0300][22856][21016][debug][gc,phases] GC(13)       Termination Attempts:          Min: 1, Avg:  1.2, Max: 2, Diff: 1, Sum: 10, Workers: 8
[2025-05-20T20:27:17.312+0300][22856][21016][debug][gc,phases] GC(13)     GC Worker Other (ms):          Min:  0.1, Avg:  0.1, Max:  0.1, Diff:  0.0, Sum:  0.7, Workers: 8
[2025-05-20T20:27:17.312+0300][22856][21016][debug][gc,phases] GC(13)     GC Worker Total (ms):          Min:  0.7, Avg:  0.8, Max:  0.8, Diff:  0.1, Sum:  6.4, Workers: 8
[2025-05-20T20:27:17.312+0300][22856][21016][info ][gc,phases] GC(13)   Post Evacuate Collection Set: 1.7ms
[2025-05-20T20:27:17.312+0300][22856][21016][debug][gc,phases] GC(13)     NMethod List Cleanup: 0.0ms
[2025-05-20T20:27:17.312+0300][22856][21016][debug][gc,phases] GC(13)     Reference Processing: 0.2ms
[2025-05-20T20:27:17.312+0300][22856][21016][debug][gc,phases] GC(13)     Weak Processing: 0.1ms
[2025-05-20T20:27:17.312+0300][22856][21016][debug][gc,phases] GC(13)       VM Weak                        Min:  0.0, Avg:  0.0, Max:  0.0, Diff:  0.0, Sum:  0.0, Workers: 8
[2025-05-20T20:27:17.312+0300][22856][21016][debug][gc,phases] GC(13)         Dead                           Min: 0, Avg:  0.0, Max: 0, Diff: 0, Sum: 0, Workers: 8
[2025-05-20T20:27:17.312+0300][22856][21016][debug][gc,phases] GC(13)         Total                          Min: 0, Avg: 15.4, Max: 123, Diff: 123, Sum: 123, Workers: 8
[2025-05-20T20:27:17.312+0300][22856][21016][debug][gc,phases] GC(13)       ObjectSynchronizer Weak        Min:  0.0, Avg:  0.0, Max:  0.0, Diff:  0.0, Sum:  0.0, Workers: 8
[2025-05-20T20:27:17.312+0300][22856][21016][debug][gc,phases] GC(13)         Dead                           Min: 0, Avg:  0.0, Max: 0, Diff: 0, Sum: 0, Workers: 8
[2025-05-20T20:27:17.312+0300][22856][21016][debug][gc,phases] GC(13)         Total                          Min: 0, Avg: 17.5, Max: 76, Diff: 76, Sum: 140, Workers: 8
[2025-05-20T20:27:17.312+0300][22856][21016][debug][gc,phases] GC(13)       JVMTI Tag Weak OopStorage      Min:  0.0, Avg:  0.0, Max:  0.0, Diff:  0.0, Sum:  0.0, Workers: 8
[2025-05-20T20:27:17.312+0300][22856][21016][debug][gc,phases] GC(13)         Dead                           Min: 0, Avg:  0.0, Max: 0, Diff: 0, Sum: 0, Workers: 8
[2025-05-20T20:27:17.312+0300][22856][21016][debug][gc,phases] GC(13)         Total                          Min: 0, Avg:  0.0, Max: 0, Diff: 0, Sum: 0, Workers: 8
[2025-05-20T20:27:17.312+0300][22856][21016][debug][gc,phases] GC(13)       StringTable Weak               Min:  0.0, Avg:  0.0, Max:  0.0, Diff:  0.0, Sum:  0.1, Workers: 8
[2025-05-20T20:27:17.312+0300][22856][21016][debug][gc,phases] GC(13)         Dead                           Min: 0, Avg:  0.0, Max: 0, Diff: 0, Sum: 0, Workers: 8
[2025-05-20T20:27:17.312+0300][22856][21016][debug][gc,phases] GC(13)         Total                          Min: 0, Avg: 784.6, Max: 1088, Diff: 1088, Sum: 6277, Workers: 8
[2025-05-20T20:27:17.312+0300][22856][21016][debug][gc,phases] GC(13)       ResolvedMethodTable Weak       Min:  0.0, Avg:  0.0, Max:  0.0, Diff:  0.0, Sum:  0.0, Workers: 8
[2025-05-20T20:27:17.312+0300][22856][21016][debug][gc,phases] GC(13)         Dead                           Min: 0, Avg:  0.0, Max: 0, Diff: 0, Sum: 0, Workers: 8
[2025-05-20T20:27:17.312+0300][22856][21016][debug][gc,phases] GC(13)         Total                          Min: 0, Avg: 112.8, Max: 192, Diff: 192, Sum: 902, Workers: 8
[2025-05-20T20:27:17.312+0300][22856][21016][debug][gc,phases] GC(13)       JNI Weak                       Min:  0.0, Avg:  0.0, Max:  0.0, Diff:  0.0, Sum:  0.0, Workers: 8
[2025-05-20T20:27:17.312+0300][22856][21016][debug][gc,phases] GC(13)         Dead                           Min: 0, Avg:  0.0, Max: 0, Diff: 0, Sum: 0, Workers: 8
[2025-05-20T20:27:17.312+0300][22856][21016][debug][gc,phases] GC(13)         Total                          Min: 0, Avg:  0.0, Max: 0, Diff: 0, Sum: 0, Workers: 8
[2025-05-20T20:27:17.312+0300][22856][21016][debug][gc,phases] GC(13)       StringDedup Table Weak         Min:  0.0, Avg:  0.0, Max:  0.0, Diff:  0.0, Sum:  0.0, Workers: 8
[2025-05-20T20:27:17.312+0300][22856][21016][debug][gc,phases] GC(13)         Dead                           Min: 0, Avg:  0.0, Max: 0, Diff: 0, Sum: 0, Workers: 8
[2025-05-20T20:27:17.312+0300][22856][21016][debug][gc,phases] GC(13)         Total                          Min: 0, Avg:  0.0, Max: 0, Diff: 0, Sum: 0, Workers: 8
[2025-05-20T20:27:17.312+0300][22856][21016][debug][gc,phases] GC(13)       StringDedup Requests0 Weak     Min:  0.0, Avg:  0.0, Max:  0.0, Diff:  0.0, Sum:  0.0, Workers: 8
[2025-05-20T20:27:17.312+0300][22856][21016][debug][gc,phases] GC(13)         Dead                           Min: 0, Avg:  0.0, Max: 0, Diff: 0, Sum: 0, Workers: 8
[2025-05-20T20:27:17.312+0300][22856][21016][debug][gc,phases] GC(13)         Total                          Min: 0, Avg:  0.0, Max: 0, Diff: 0, Sum: 0, Workers: 8
[2025-05-20T20:27:17.312+0300][22856][21016][debug][gc,phases] GC(13)       StringDedup Requests1 Weak     Min:  0.0, Avg:  0.0, Max:  0.0, Diff:  0.0, Sum:  0.0, Workers: 8
[2025-05-20T20:27:17.312+0300][22856][21016][debug][gc,phases] GC(13)         Dead                           Min: 0, Avg:  0.0, Max: 0, Diff: 0, Sum: 0, Workers: 8
[2025-05-20T20:27:17.312+0300][22856][21016][debug][gc,phases] GC(13)         Total                          Min: 0, Avg:  0.0, Max: 0, Diff: 0, Sum: 0, Workers: 8
[2025-05-20T20:27:17.312+0300][22856][21016][debug][gc,phases] GC(13)       Weak JFR Old Object Samples    Min:  0.0, Avg:  0.0, Max:  0.0, Diff:  0.0, Sum:  0.0, Workers: 8
[2025-05-20T20:27:17.312+0300][22856][21016][debug][gc,phases] GC(13)         Dead                           Min: 0, Avg:  0.0, Max: 0, Diff: 0, Sum: 0, Workers: 8
[2025-05-20T20:27:17.312+0300][22856][21016][debug][gc,phases] GC(13)         Total                          Min: 0, Avg:  0.0, Max: 0, Diff: 0, Sum: 0, Workers: 8
[2025-05-20T20:27:17.312+0300][22856][21016][debug][gc,phases] GC(13)     Post Evacuate Cleanup 1: 1.0ms
[2025-05-20T20:27:17.312+0300][22856][21016][debug][gc,phases] GC(13)       Merge Per-Thread State (ms):   Min:  0.1, Avg:  0.1, Max:  0.1, Diff:  0.0, Sum:  0.1, Workers: 1
[2025-05-20T20:27:17.312+0300][22856][21016][debug][gc,phases] GC(13)         Copied Bytes                   Min: 70848, Avg: 882521.0, Max: 2219880, Diff: 2149032, Sum: 7060168, Workers: 8
[2025-05-20T20:27:17.312+0300][22856][21016][debug][gc,phases] GC(13)         LAB Waste                      Min: 0, Avg: 161.0, Max: 264, Diff: 264, Sum: 1288, Workers: 8
[2025-05-20T20:27:17.312+0300][22856][21016][debug][gc,phases] GC(13)         LAB Undo Waste                 Min: 0, Avg:  0.0, Max: 0, Diff: 0, Sum: 0, Workers: 8
[2025-05-20T20:27:17.312+0300][22856][21016][debug][gc,phases] GC(13)       Clear Logged Cards (ms):       Min:  0.0, Avg:  0.8, Max:  1.0, Diff:  1.0, Sum:  6.3, Workers: 8
[2025-05-20T20:27:17.312+0300][22856][21016][debug][gc,phases] GC(13)       Recalculate Used Memory (ms):  Min:  0.0, Avg:  0.0, Max:  0.0, Diff:  0.0, Sum:  0.0, Workers: 1
[2025-05-20T20:27:17.312+0300][22856][21016][debug][gc,phases] GC(13)     Post Evacuate Cleanup 2: 0.3ms
[2025-05-20T20:27:17.312+0300][22856][21016][debug][gc,phases] GC(13)       Update Derived Pointers (ms):  Min:  0.0, Avg:  0.0, Max:  0.0, Diff:  0.0, Sum:  0.0, Workers: 1
[2025-05-20T20:27:17.312+0300][22856][21016][debug][gc,phases] GC(13)       Eagerly Reclaim Humongous Objects (ms): skipped
[2025-05-20T20:27:17.312+0300][22856][21016][debug][gc,phases] GC(13)         Humongous Total                skipped
[2025-05-20T20:27:17.312+0300][22856][21016][debug][gc,phases] GC(13)         Humongous Candidates           skipped
[2025-05-20T20:27:17.312+0300][22856][21016][debug][gc,phases] GC(13)         Humongous Reclaimed            skipped
[2025-05-20T20:27:17.312+0300][22856][21016][debug][gc,phases] GC(13)       Redirty Logged Cards (ms):     Min:  0.0, Avg:  0.0, Max:  0.0, Diff:  0.0, Sum:  0.0, Workers: 8
[2025-05-20T20:27:17.312+0300][22856][21016][debug][gc,phases] GC(13)         Redirtied Cards:               Min: 0, Avg:  1.8, Max: 14, Diff: 14, Sum: 14, Workers: 8
[2025-05-20T20:27:17.312+0300][22856][21016][debug][gc,phases] GC(13)       Resize TLABs (ms):             Min:  0.0, Avg:  0.0, Max:  0.0, Diff:  0.0, Sum:  0.0, Workers: 8
[2025-05-20T20:27:17.312+0300][22856][21016][debug][gc,phases] GC(13)       Free Collection Set (ms):      Min:  0.2, Avg:  0.2, Max:  0.2, Diff:  0.0, Sum:  1.8, Workers: 8
[2025-05-20T20:27:17.312+0300][22856][21016][debug][gc,phases] GC(13)     Rebuild Free List: 0.1ms
[2025-05-20T20:27:17.312+0300][22856][21016][debug][gc,phases] GC(13)     Prepare For Mutator: 0.0ms
[2025-05-20T20:27:17.312+0300][22856][21016][debug][gc,phases] GC(13)     Expand Heap After Collection: 0.0ms
[2025-05-20T20:27:17.312+0300][22856][21016][info ][gc,phases] GC(13)   Other: 0.1ms
[2025-05-20T20:27:17.312+0300][22856][21016][info ][gc,heap  ] GC(13) Eden regions: 920->0(920)
[2025-05-20T20:27:17.312+0300][22856][21016][info ][gc,heap  ] GC(13) Survivor regions: 1->1(116)
[2025-05-20T20:27:17.312+0300][22856][21016][info ][gc,heap  ] GC(13) Old regions: 8->8
[2025-05-20T20:27:17.312+0300][22856][21016][info ][gc,heap  ] GC(13) Humongous regions: 0->0
[2025-05-20T20:27:17.312+0300][22856][21016][debug][gc,heap  ] GC(13) Heap after GC invocations=14 (full 3):
[2025-05-20T20:27:17.312+0300][22856][21016][debug][gc,heap  ] GC(13)  garbage-first heap   total 12582912K, used 16818K [0x0000000500000000, 0x0000000800000000)
[2025-05-20T20:27:17.312+0300][22856][21016][debug][gc,heap  ] GC(13)   region size 8192K, 1 young (8192K), 1 survivors (8192K)
[2025-05-20T20:27:17.312+0300][22856][21016][debug][gc,heap  ] GC(13)  Metaspace       used 8735K, committed 9792K, reserved 1114112K
[2025-05-20T20:27:17.312+0300][22856][21016][debug][gc,heap  ] GC(13)   class space    used 874K, committed 1280K, reserved 1048576K
[2025-05-20T20:27:17.312+0300][22856][21016][info ][gc       ] GC(13) Pause Young (Normal) (G1 Evacuation Pause) 7376M->16M(12288M) 4.923ms
[2025-05-20T20:27:17.312+0300][22856][21016][info ][safepoint] Safepoint "G1CollectForAllocation", Time since last: 2396351600 ns, Reaching safepoint: 326800 ns, Cleanup: 17000 ns, At safepoint: 4987200 ns, Total: 5331000 ns
[2025-05-20T20:27:17.863+0300][22856][21016][debug][safepoint] Safepoint synchronization initiated using striped semaphore wait barrier. (11 threads)
