[2025-05-18T20:00:21.150+0300][13428][9316][info][gc,init] CardTable entry size: 512
[2025-05-18T20:00:21.150+0300][13428][9316][info][gc     ] Using G1
[2025-05-18T20:00:21.175+0300][13428][9316][info][gc,init] Version: 21.0.6+8-LTS-188 (release)
[2025-05-18T20:00:21.175+0300][13428][9316][info][gc,init] CPUs: 8 total, 8 available
[2025-05-18T20:00:21.175+0300][13428][9316][info][gc,init] Memory: 16183M
[2025-05-18T20:00:21.175+0300][13428][9316][info][gc,init] Large Page Support: Disabled
[2025-05-18T20:00:21.175+0300][13428][9316][info][gc,init] NUMA Support: Disabled
[2025-05-18T20:00:21.177+0300][13428][9316][info][gc,init] Compressed Oops: Enabled (Zero based)
[2025-05-18T20:00:21.177+0300][13428][9316][info][gc,init] Heap Region Size: 8M
[2025-05-18T20:00:21.177+0300][13428][9316][info][gc,init] Heap Min Capacity: 12G
[2025-05-18T20:00:21.177+0300][13428][9316][info][gc,init] Heap Initial Capacity: 12G
[2025-05-18T20:00:21.177+0300][13428][9316][info][gc,init] Heap Max Capacity: 12G
[2025-05-18T20:00:21.177+0300][13428][9316][info][gc,init] Pre-touch: Disabled
[2025-05-18T20:00:21.177+0300][13428][9316][info][gc,init] Parallel Workers: 8
[2025-05-18T20:00:21.177+0300][13428][9316][info][gc,init] Concurrent Workers: 2
[2025-05-18T20:00:21.177+0300][13428][9316][info][gc,init] Concurrent Refinement Workers: 8
[2025-05-18T20:00:21.177+0300][13428][9316][info][gc,init] Periodic GC: Disabled
[2025-05-18T20:00:21.186+0300][13428][9316][info][gc,metaspace] CDS archive(s) mapped at: [0x00000279a0000000-0x00000279a0c90000-0x00000279a0c90000), size 13172736, SharedBaseAddress: 0x00000279a0000000, ArchiveRelocationMode: 1.
[2025-05-18T20:00:21.186+0300][13428][9316][info][gc,metaspace] Compressed class space mapped at: 0x00000279a1000000-0x00000279e1000000, reserved size: 1073741824
[2025-05-18T20:00:21.186+0300][13428][9316][info][gc,metaspace] Narrow klass base: 0x00000279a0000000, Narrow klass shift: 0, Narrow klass range: 0x100000000
[2025-05-18T20:00:23.867+0300][13428][5412][info][gc,start    ] GC(0) Pause Full (System.gc())
[2025-05-18T20:00:23.867+0300][13428][5412][info][gc,task     ] GC(0) Using 8 workers of 8 for full compaction
[2025-05-18T20:00:23.867+0300][13428][5412][info][gc,phases,start] GC(0) Phase 1: Mark live objects
[2025-05-18T20:00:23.870+0300][13428][5412][info][gc,phases      ] GC(0) Phase 1: Mark live objects 2.877ms
[2025-05-18T20:00:23.870+0300][13428][5412][info][gc,phases,start] GC(0) Phase 2: Prepare compaction
[2025-05-18T20:00:23.871+0300][13428][5412][info][gc,phases      ] GC(0) Phase 2: Prepare compaction 1.308ms
[2025-05-18T20:00:23.871+0300][13428][5412][info][gc,phases,start] GC(0) Phase 3: Adjust pointers
[2025-05-18T20:00:23.874+0300][13428][5412][info][gc,phases      ] GC(0) Phase 3: Adjust pointers 2.312ms
[2025-05-18T20:00:23.874+0300][13428][5412][info][gc,phases,start] GC(0) Phase 4: Compact heap
[2025-05-18T20:00:23.876+0300][13428][5412][info][gc,phases      ] GC(0) Phase 4: Compact heap 1.749ms
[2025-05-18T20:00:23.876+0300][13428][5412][info][gc,phases,start] GC(0) Phase 5: Reset Metadata
[2025-05-18T20:00:23.878+0300][13428][5412][info][gc,phases      ] GC(0) Phase 5: Reset Metadata 2.208ms
[2025-05-18T20:00:23.895+0300][13428][5412][info][gc,heap        ] GC(0) Eden regions: 20->0(76)
[2025-05-18T20:00:23.895+0300][13428][5412][info][gc,heap        ] GC(0) Survivor regions: 0->0(0)
[2025-05-18T20:00:23.897+0300][13428][5412][info][gc,heap        ] GC(0) Old regions: 0->8
[2025-05-18T20:00:23.897+0300][13428][5412][info][gc,heap        ] GC(0) Humongous regions: 0->0
[2025-05-18T20:00:23.897+0300][13428][5412][info][gc,metaspace   ] GC(0) Metaspace: 2852K(3008K)->2852K(3008K) NonClass: 2597K(2688K)->2597K(2688K) Class: 254K(320K)->254K(320K)
[2025-05-18T20:00:23.897+0300][13428][5412][info][gc             ] GC(0) Pause Full (System.gc()) 156M->2M(12288M) 29.750ms
[2025-05-18T20:00:23.897+0300][13428][5412][info][gc,cpu         ] GC(0) User=0.12s Sys=0.03s Real=0.03s
[2025-05-18T20:00:25.099+0300][13428][5412][info][gc,start       ] GC(1) Pause Young (Normal) (G1 Evacuation Pause)
[2025-05-18T20:00:25.099+0300][13428][5412][info][gc,task        ] GC(1) Using 8 workers of 8 for evacuation
[2025-05-18T20:00:25.105+0300][13428][5412][info][gc,phases      ] GC(1)   Pre Evacuate Collection Set: 0.3ms
[2025-05-18T20:00:25.105+0300][13428][5412][info][gc,phases      ] GC(1)   Merge Heap Roots: 0.2ms
[2025-05-18T20:00:25.105+0300][13428][5412][info][gc,phases      ] GC(1)   Evacuate Collection Set: 3.5ms
[2025-05-18T20:00:25.105+0300][13428][5412][info][gc,phases      ] GC(1)   Post Evacuate Collection Set: 0.8ms
[2025-05-18T20:00:25.105+0300][13428][5412][info][gc,phases      ] GC(1)   Other: 0.2ms
[2025-05-18T20:00:25.105+0300][13428][5412][info][gc,heap        ] GC(1) Eden regions: 76->0(75)
[2025-05-18T20:00:25.105+0300][13428][5412][info][gc,heap        ] GC(1) Survivor regions: 0->1(10)
[2025-05-18T20:00:25.105+0300][13428][5412][info][gc,heap        ] GC(1) Old regions: 8->8
[2025-05-18T20:00:25.105+0300][13428][5412][info][gc,heap        ] GC(1) Humongous regions: 0->0
[2025-05-18T20:00:25.105+0300][13428][5412][info][gc,metaspace   ] GC(1) Metaspace: 8774K(9344K)->8774K(9344K) NonClass: 7805K(8128K)->7805K(8128K) Class: 969K(1216K)->969K(1216K)
[2025-05-18T20:00:25.105+0300][13428][5412][info][gc             ] GC(1) Pause Young (Normal) (G1 Evacuation Pause) 610M->10M(12288M) 5.673ms
[2025-05-18T20:00:25.105+0300][13428][5412][info][gc,cpu         ] GC(1) User=0.00s Sys=0.00s Real=0.01s
[2025-05-18T20:00:25.661+0300][13428][5412][info][gc,start       ] GC(2) Pause Young (Normal) (G1 Evacuation Pause)
[2025-05-18T20:00:25.661+0300][13428][5412][info][gc,task        ] GC(2) Using 8 workers of 8 for evacuation
[2025-05-18T20:00:25.665+0300][13428][5412][info][gc,phases      ] GC(2)   Pre Evacuate Collection Set: 0.4ms
[2025-05-18T20:00:25.665+0300][13428][5412][info][gc,phases      ] GC(2)   Merge Heap Roots: 0.1ms
[2025-05-18T20:00:25.665+0300][13428][5412][info][gc,phases      ] GC(2)   Evacuate Collection Set: 2.5ms
[2025-05-18T20:00:25.665+0300][13428][5412][info][gc,phases      ] GC(2)   Post Evacuate Collection Set: 0.7ms
[2025-05-18T20:00:25.665+0300][13428][5412][info][gc,phases      ] GC(2)   Other: 0.1ms
[2025-05-18T20:00:25.665+0300][13428][5412][info][gc,heap        ] GC(2) Eden regions: 75->0(77)
[2025-05-18T20:00:25.665+0300][13428][5412][info][gc,heap        ] GC(2) Survivor regions: 1->1(10)
[2025-05-18T20:00:25.665+0300][13428][5412][info][gc,heap        ] GC(2) Old regions: 8->8
[2025-05-18T20:00:25.665+0300][13428][5412][info][gc,heap        ] GC(2) Humongous regions: 0->0
[2025-05-18T20:00:25.665+0300][13428][5412][info][gc,metaspace   ] GC(2) Metaspace: 8805K(9344K)->8805K(9344K) NonClass: 7836K(8128K)->7836K(8128K) Class: 969K(1216K)->969K(1216K)
[2025-05-18T20:00:25.665+0300][13428][5412][info][gc             ] GC(2) Pause Young (Normal) (G1 Evacuation Pause) 610M->10M(12288M) 4.110ms
[2025-05-18T20:00:25.666+0300][13428][5412][info][gc,cpu         ] GC(2) User=0.00s Sys=0.00s Real=0.00s
[2025-05-18T20:00:26.238+0300][13428][5412][info][gc,start       ] GC(3) Pause Young (Normal) (G1 Evacuation Pause)
[2025-05-18T20:00:26.238+0300][13428][5412][info][gc,task        ] GC(3) Using 8 workers of 8 for evacuation
[2025-05-18T20:00:26.242+0300][13428][5412][info][gc,phases      ] GC(3)   Pre Evacuate Collection Set: 0.3ms
[2025-05-18T20:00:26.242+0300][13428][5412][info][gc,phases      ] GC(3)   Merge Heap Roots: 0.1ms
[2025-05-18T20:00:26.243+0300][13428][5412][info][gc,phases      ] GC(3)   Evacuate Collection Set: 2.3ms
[2025-05-18T20:00:26.243+0300][13428][5412][info][gc,phases      ] GC(3)   Post Evacuate Collection Set: 0.7ms
[2025-05-18T20:00:26.243+0300][13428][5412][info][gc,phases      ] GC(3)   Other: 0.1ms
[2025-05-18T20:00:26.243+0300][13428][5412][info][gc,heap        ] GC(3) Eden regions: 77->0(920)
[2025-05-18T20:00:26.243+0300][13428][5412][info][gc,heap        ] GC(3) Survivor regions: 1->1(10)
[2025-05-18T20:00:26.243+0300][13428][5412][info][gc,heap        ] GC(3) Old regions: 8->8
[2025-05-18T20:00:26.243+0300][13428][5412][info][gc,heap        ] GC(3) Humongous regions: 0->0
[2025-05-18T20:00:26.243+0300][13428][5412][info][gc,metaspace   ] GC(3) Metaspace: 8843K(9408K)->8843K(9408K) NonClass: 7872K(8192K)->7872K(8192K) Class: 971K(1216K)->971K(1216K)
[2025-05-18T20:00:26.243+0300][13428][5412][info][gc             ] GC(3) Pause Young (Normal) (G1 Evacuation Pause) 626M->10M(12288M) 4.012ms
[2025-05-18T20:00:26.243+0300][13428][5412][info][gc,cpu         ] GC(3) User=0.00s Sys=0.00s Real=0.01s
[2025-05-18T20:00:36.794+0300][13428][5412][info][gc,start       ] GC(4) Pause Young (Normal) (G1 Evacuation Pause)
[2025-05-18T20:00:36.798+0300][13428][5412][info][gc,task        ] GC(4) Using 8 workers of 8 for evacuation
[2025-05-18T20:00:36.886+0300][13428][5412][info][gc,phases      ] GC(4)   Pre Evacuate Collection Set: 18.8ms
[2025-05-18T20:00:36.886+0300][13428][5412][info][gc,phases      ] GC(4)   Merge Heap Roots: 1.0ms
[2025-05-18T20:00:36.886+0300][13428][5412][info][gc,phases      ] GC(4)   Evacuate Collection Set: 40.4ms
[2025-05-18T20:00:36.887+0300][13428][5412][info][gc,phases      ] GC(4)   Post Evacuate Collection Set: 24.8ms
[2025-05-18T20:00:36.887+0300][13428][5412][info][gc,phases      ] GC(4)   Other: 4.4ms
[2025-05-18T20:00:36.887+0300][13428][5412][info][gc,heap        ] GC(4) Eden regions: 920->0(920)
[2025-05-18T20:00:36.887+0300][13428][5412][info][gc,heap        ] GC(4) Survivor regions: 1->1(116)
[2025-05-18T20:00:36.887+0300][13428][5412][info][gc,heap        ] GC(4) Old regions: 8->8
[2025-05-18T20:00:36.887+0300][13428][5412][info][gc,heap        ] GC(4) Humongous regions: 0->0
[2025-05-18T20:00:36.887+0300][13428][5412][info][gc,metaspace   ] GC(4) Metaspace: 8913K(9472K)->8913K(9472K) NonClass: 7942K(8256K)->7942K(8256K) Class: 971K(1216K)->971K(1216K)
[2025-05-18T20:00:36.888+0300][13428][5412][info][gc             ] GC(4) Pause Young (Normal) (G1 Evacuation Pause) 7370M->10M(12288M) 94.312ms
[2025-05-18T20:00:36.888+0300][13428][5412][info][gc,cpu         ] GC(4) User=0.09s Sys=0.08s Real=0.09s
[2025-05-18T20:00:56.816+0300][13428][5412][info][gc,start       ] GC(5) Pause Young (Normal) (G1 Evacuation Pause)
[2025-05-18T20:00:56.817+0300][13428][5412][info][gc,task        ] GC(5) Using 8 workers of 8 for evacuation
[2025-05-18T20:00:56.832+0300][13428][5412][info][gc,phases      ] GC(5)   Pre Evacuate Collection Set: 2.0ms
[2025-05-18T20:00:56.832+0300][13428][5412][info][gc,phases      ] GC(5)   Merge Heap Roots: 0.6ms
[2025-05-18T20:00:56.832+0300][13428][5412][info][gc,phases      ] GC(5)   Evacuate Collection Set: 6.4ms
[2025-05-18T20:00:56.832+0300][13428][5412][info][gc,phases      ] GC(5)   Post Evacuate Collection Set: 4.6ms
[2025-05-18T20:00:56.832+0300][13428][5412][info][gc,phases      ] GC(5)   Other: 2.0ms
[2025-05-18T20:00:56.833+0300][13428][5412][info][gc,heap        ] GC(5) Eden regions: 920->0(920)
[2025-05-18T20:00:56.833+0300][13428][5412][info][gc,heap        ] GC(5) Survivor regions: 1->1(116)
[2025-05-18T20:00:56.833+0300][13428][5412][info][gc,heap        ] GC(5) Old regions: 8->8
[2025-05-18T20:00:56.833+0300][13428][5412][info][gc,heap        ] GC(5) Humongous regions: 0->0
[2025-05-18T20:00:56.833+0300][13428][5412][info][gc,metaspace   ] GC(5) Metaspace: 8919K(9472K)->8919K(9472K) NonClass: 7947K(8256K)->7947K(8256K) Class: 971K(1216K)->971K(1216K)
[2025-05-18T20:00:56.833+0300][13428][5412][info][gc             ] GC(5) Pause Young (Normal) (G1 Evacuation Pause) 7370M->10M(12288M) 18.138ms
[2025-05-18T20:00:56.833+0300][13428][5412][info][gc,cpu         ] GC(5) User=0.05s Sys=0.02s Real=0.02s
[2025-05-18T20:01:02.311+0300][13428][5412][info][gc,start       ] GC(6) Pause Full (System.gc())
[2025-05-18T20:01:02.311+0300][13428][5412][info][gc,task        ] GC(6) Using 8 workers of 8 for full compaction
[2025-05-18T20:01:02.312+0300][13428][5412][info][gc,phases,start] GC(6) Phase 1: Mark live objects
[2025-05-18T20:01:02.330+0300][13428][5412][info][gc,phases      ] GC(6) Phase 1: Mark live objects 18.012ms
[2025-05-18T20:01:02.331+0300][13428][5412][info][gc,phases,start] GC(6) Phase 2: Prepare compaction
[2025-05-18T20:01:02.346+0300][13428][5412][info][gc,phases      ] GC(6) Phase 2: Prepare compaction 15.839ms
[2025-05-18T20:01:02.346+0300][13428][5412][info][gc,phases,start] GC(6) Phase 3: Adjust pointers
[2025-05-18T20:01:02.352+0300][13428][5412][info][gc,phases      ] GC(6) Phase 3: Adjust pointers 5.576ms
[2025-05-18T20:01:02.352+0300][13428][5412][info][gc,phases,start] GC(6) Phase 4: Compact heap
[2025-05-18T20:01:02.361+0300][13428][5412][info][gc,phases      ] GC(6) Phase 4: Compact heap 8.589ms
[2025-05-18T20:01:02.361+0300][13428][5412][info][gc,phases,start] GC(6) Phase 5: Reset Metadata
[2025-05-18T20:01:02.366+0300][13428][5412][info][gc,phases      ] GC(6) Phase 5: Reset Metadata 5.238ms
[2025-05-18T20:01:02.399+0300][13428][5412][info][gc,heap        ] GC(6) Eden regions: 830->0(921)
[2025-05-18T20:01:02.399+0300][13428][5412][info][gc,heap        ] GC(6) Survivor regions: 1->0(116)
[2025-05-18T20:01:02.399+0300][13428][5412][info][gc,heap        ] GC(6) Old regions: 8->9
[2025-05-18T20:01:02.399+0300][13428][5412][info][gc,heap        ] GC(6) Humongous regions: 0->0
[2025-05-18T20:01:02.399+0300][13428][5412][info][gc,metaspace   ] GC(6) Metaspace: 9113K(9664K)->8669K(9664K) NonClass: 8123K(8448K)->7802K(8448K) Class: 989K(1216K)->867K(1216K)
[2025-05-18T20:01:02.399+0300][13428][5412][info][gc             ] GC(6) Pause Full (System.gc()) 6648M->9M(12288M) 88.330ms
[2025-05-18T20:01:02.399+0300][13428][5412][info][gc,cpu         ] GC(6) User=0.17s Sys=0.17s Real=0.09s
[2025-05-18T20:01:07.345+0300][13428][5412][info][gc,start       ] GC(7) Pause Young (Normal) (G1 Evacuation Pause)
[2025-05-18T20:01:07.345+0300][13428][5412][info][gc,task        ] GC(7) Using 8 workers of 8 for evacuation
[2025-05-18T20:01:07.351+0300][13428][5412][info][gc,phases      ] GC(7)   Pre Evacuate Collection Set: 0.6ms
[2025-05-18T20:01:07.351+0300][13428][5412][info][gc,phases      ] GC(7)   Merge Heap Roots: 0.3ms
[2025-05-18T20:01:07.351+0300][13428][5412][info][gc,phases      ] GC(7)   Evacuate Collection Set: 2.7ms
[2025-05-18T20:01:07.351+0300][13428][5412][info][gc,phases      ] GC(7)   Post Evacuate Collection Set: 2.6ms
[2025-05-18T20:01:07.351+0300][13428][5412][info][gc,phases      ] GC(7)   Other: 0.2ms
[2025-05-18T20:01:07.351+0300][13428][5412][info][gc,heap        ] GC(7) Eden regions: 921->0(920)
[2025-05-18T20:01:07.351+0300][13428][5412][info][gc,heap        ] GC(7) Survivor regions: 0->1(116)
[2025-05-18T20:01:07.351+0300][13428][5412][info][gc,heap        ] GC(7) Old regions: 9->9
[2025-05-18T20:01:07.351+0300][13428][5412][info][gc,heap        ] GC(7) Humongous regions: 0->0
[2025-05-18T20:01:07.351+0300][13428][5412][info][gc,metaspace   ] GC(7) Metaspace: 8670K(9664K)->8670K(9664K) NonClass: 7802K(8448K)->7802K(8448K) Class: 867K(1216K)->867K(1216K)
[2025-05-18T20:01:07.352+0300][13428][5412][info][gc             ] GC(7) Pause Young (Normal) (G1 Evacuation Pause) 7377M->16M(12288M) 6.947ms
[2025-05-18T20:01:07.352+0300][13428][5412][info][gc,cpu         ] GC(7) User=0.00s Sys=0.00s Real=0.01s
[2025-05-18T20:01:11.454+0300][13428][5412][info][gc,start       ] GC(8) Pause Young (Normal) (G1 Evacuation Pause)
[2025-05-18T20:01:11.454+0300][13428][5412][info][gc,task        ] GC(8) Using 8 workers of 8 for evacuation
[2025-05-18T20:01:11.458+0300][13428][5412][info][gc,phases      ] GC(8)   Pre Evacuate Collection Set: 0.5ms
[2025-05-18T20:01:11.458+0300][13428][5412][info][gc,phases      ] GC(8)   Merge Heap Roots: 0.2ms
[2025-05-18T20:01:11.458+0300][13428][5412][info][gc,phases      ] GC(8)   Evacuate Collection Set: 1.6ms
[2025-05-18T20:01:11.458+0300][13428][5412][info][gc,phases      ] GC(8)   Post Evacuate Collection Set: 2.1ms
[2025-05-18T20:01:11.458+0300][13428][5412][info][gc,phases      ] GC(8)   Other: 0.2ms
[2025-05-18T20:01:11.458+0300][13428][5412][info][gc,heap        ] GC(8) Eden regions: 920->0(920)
[2025-05-18T20:01:11.458+0300][13428][5412][info][gc,heap        ] GC(8) Survivor regions: 1->1(116)
[2025-05-18T20:01:11.458+0300][13428][5412][info][gc,heap        ] GC(8) Old regions: 9->9
[2025-05-18T20:01:11.458+0300][13428][5412][info][gc,heap        ] GC(8) Humongous regions: 0->0
[2025-05-18T20:01:11.458+0300][13428][5412][info][gc,metaspace   ] GC(8) Metaspace: 8670K(9664K)->8670K(9664K) NonClass: 7802K(8448K)->7802K(8448K) Class: 867K(1216K)->867K(1216K)
[2025-05-18T20:01:11.459+0300][13428][5412][info][gc             ] GC(8) Pause Young (Normal) (G1 Evacuation Pause) 7376M->16M(12288M) 5.266ms
[2025-05-18T20:01:11.459+0300][13428][5412][info][gc,cpu         ] GC(8) User=0.00s Sys=0.00s Real=0.01s
[2025-05-18T20:01:14.815+0300][13428][5412][info][gc,start       ] GC(9) Pause Young (Normal) (G1 Evacuation Pause)
[2025-05-18T20:01:14.815+0300][13428][5412][info][gc,task        ] GC(9) Using 8 workers of 8 for evacuation
[2025-05-18T20:01:14.818+0300][13428][5412][info][gc,phases      ] GC(9)   Pre Evacuate Collection Set: 0.3ms
[2025-05-18T20:01:14.818+0300][13428][5412][info][gc,phases      ] GC(9)   Merge Heap Roots: 0.2ms
[2025-05-18T20:01:14.818+0300][13428][5412][info][gc,phases      ] GC(9)   Evacuate Collection Set: 0.9ms
[2025-05-18T20:01:14.818+0300][13428][5412][info][gc,phases      ] GC(9)   Post Evacuate Collection Set: 2.0ms
[2025-05-18T20:01:14.818+0300][13428][5412][info][gc,phases      ] GC(9)   Other: 0.1ms
[2025-05-18T20:01:14.818+0300][13428][5412][info][gc,heap        ] GC(9) Eden regions: 920->0(920)
[2025-05-18T20:01:14.818+0300][13428][5412][info][gc,heap        ] GC(9) Survivor regions: 1->1(116)
[2025-05-18T20:01:14.818+0300][13428][5412][info][gc,heap        ] GC(9) Old regions: 9->9
[2025-05-18T20:01:14.818+0300][13428][5412][info][gc,heap        ] GC(9) Humongous regions: 0->0
[2025-05-18T20:01:14.818+0300][13428][5412][info][gc,metaspace   ] GC(9) Metaspace: 8670K(9664K)->8670K(9664K) NonClass: 7802K(8448K)->7802K(8448K) Class: 867K(1216K)->867K(1216K)
[2025-05-18T20:01:14.818+0300][13428][5412][info][gc             ] GC(9) Pause Young (Normal) (G1 Evacuation Pause) 7376M->16M(12288M) 3.869ms
[2025-05-18T20:01:14.818+0300][13428][5412][info][gc,cpu         ] GC(9) User=0.00s Sys=0.00s Real=0.00s
[2025-05-18T20:01:15.674+0300][13428][5412][info][gc,start       ] GC(10) Pause Full (System.gc())
[2025-05-18T20:01:15.674+0300][13428][5412][info][gc,task        ] GC(10) Using 8 workers of 8 for full compaction
[2025-05-18T20:01:15.675+0300][13428][5412][info][gc,phases,start] GC(10) Phase 1: Mark live objects
[2025-05-18T20:01:15.681+0300][13428][5412][info][gc,phases      ] GC(10) Phase 1: Mark live objects 5.415ms
[2025-05-18T20:01:15.681+0300][13428][5412][info][gc,phases,start] GC(10) Phase 2: Prepare compaction
[2025-05-18T20:01:15.683+0300][13428][5412][info][gc,phases      ] GC(10) Phase 2: Prepare compaction 2.588ms
[2025-05-18T20:01:15.683+0300][13428][5412][info][gc,phases,start] GC(10) Phase 3: Adjust pointers
[2025-05-18T20:01:15.686+0300][13428][5412][info][gc,phases      ] GC(10) Phase 3: Adjust pointers 3.126ms
[2025-05-18T20:01:15.687+0300][13428][5412][info][gc,phases,start] GC(10) Phase 4: Compact heap
[2025-05-18T20:01:15.688+0300][13428][5412][info][gc,phases      ] GC(10) Phase 4: Compact heap 2.427ms
[2025-05-18T20:01:15.688+0300][13428][5412][info][gc,phases,start] GC(10) Phase 5: Reset Metadata
[2025-05-18T20:01:15.692+0300][13428][5412][info][gc,phases      ] GC(10) Phase 5: Reset Metadata 2.582ms
[2025-05-18T20:01:15.710+0300][13428][5412][info][gc,heap        ] GC(10) Eden regions: 129->0(921)
[2025-05-18T20:01:15.710+0300][13428][5412][info][gc,heap        ] GC(10) Survivor regions: 1->0(116)
[2025-05-18T20:01:15.710+0300][13428][5412][info][gc,heap        ] GC(10) Old regions: 9->8
[2025-05-18T20:01:15.710+0300][13428][5412][info][gc,heap        ] GC(10) Humongous regions: 0->0
[2025-05-18T20:01:15.710+0300][13428][5412][info][gc,metaspace   ] GC(10) Metaspace: 8670K(9664K)->8670K(9664K) NonClass: 7803K(8448K)->7803K(8448K) Class: 867K(1216K)->867K(1216K)
[2025-05-18T20:01:15.710+0300][13428][5412][info][gc             ] GC(10) Pause Full (System.gc()) 1044M->9M(12288M) 35.743ms
[2025-05-18T20:01:15.710+0300][13428][5412][info][gc,cpu         ] GC(10) User=0.17s Sys=0.00s Real=0.04s
[2025-05-18T20:01:18.697+0300][13428][5412][info][gc,start       ] GC(11) Pause Young (Normal) (G1 Evacuation Pause)
[2025-05-18T20:01:18.697+0300][13428][5412][info][gc,task        ] GC(11) Using 8 workers of 8 for evacuation
[2025-05-18T20:01:18.700+0300][13428][5412][info][gc,phases      ] GC(11)   Pre Evacuate Collection Set: 0.3ms
[2025-05-18T20:01:18.700+0300][13428][5412][info][gc,phases      ] GC(11)   Merge Heap Roots: 0.2ms
[2025-05-18T20:01:18.700+0300][13428][5412][info][gc,phases      ] GC(11)   Evacuate Collection Set: 0.9ms
[2025-05-18T20:01:18.700+0300][13428][5412][info][gc,phases      ] GC(11)   Post Evacuate Collection Set: 1.9ms
[2025-05-18T20:01:18.700+0300][13428][5412][info][gc,phases      ] GC(11)   Other: 0.2ms
[2025-05-18T20:01:18.700+0300][13428][5412][info][gc,heap        ] GC(11) Eden regions: 921->0(920)
[2025-05-18T20:01:18.700+0300][13428][5412][info][gc,heap        ] GC(11) Survivor regions: 0->1(116)
[2025-05-18T20:01:18.700+0300][13428][5412][info][gc,heap        ] GC(11) Old regions: 8->8
[2025-05-18T20:01:18.700+0300][13428][5412][info][gc,heap        ] GC(11) Humongous regions: 0->0
[2025-05-18T20:01:18.700+0300][13428][5412][info][gc,metaspace   ] GC(11) Metaspace: 8670K(9664K)->8670K(9664K) NonClass: 7803K(8448K)->7803K(8448K) Class: 867K(1216K)->867K(1216K)
[2025-05-18T20:01:18.702+0300][13428][5412][info][gc             ] GC(11) Pause Young (Normal) (G1 Evacuation Pause) 7377M->16M(12288M) 4.040ms
[2025-05-18T20:01:18.702+0300][13428][5412][info][gc,cpu         ] GC(11) User=0.08s Sys=0.03s Real=0.00s
[2025-05-18T20:01:21.490+0300][13428][5412][info][gc,start       ] GC(12) Pause Young (Normal) (G1 Evacuation Pause)
[2025-05-18T20:01:21.490+0300][13428][5412][info][gc,task        ] GC(12) Using 8 workers of 8 for evacuation
[2025-05-18T20:01:21.495+0300][13428][5412][info][gc,phases      ] GC(12)   Pre Evacuate Collection Set: 0.3ms
[2025-05-18T20:01:21.495+0300][13428][5412][info][gc,phases      ] GC(12)   Merge Heap Roots: 0.2ms
[2025-05-18T20:01:21.495+0300][13428][5412][info][gc,phases      ] GC(12)   Evacuate Collection Set: 1.0ms
[2025-05-18T20:01:21.495+0300][13428][5412][info][gc,phases      ] GC(12)   Post Evacuate Collection Set: 2.0ms
[2025-05-18T20:01:21.495+0300][13428][5412][info][gc,phases      ] GC(12)   Other: 0.2ms
[2025-05-18T20:01:21.495+0300][13428][5412][info][gc,heap        ] GC(12) Eden regions: 920->0(920)
[2025-05-18T20:01:21.495+0300][13428][5412][info][gc,heap        ] GC(12) Survivor regions: 1->1(116)
[2025-05-18T20:01:21.495+0300][13428][5412][info][gc,heap        ] GC(12) Old regions: 8->8
[2025-05-18T20:01:21.495+0300][13428][5412][info][gc,heap        ] GC(12) Humongous regions: 0->0
[2025-05-18T20:01:21.495+0300][13428][5412][info][gc,metaspace   ] GC(12) Metaspace: 8670K(9664K)->8670K(9664K) NonClass: 7803K(8448K)->7803K(8448K) Class: 867K(1216K)->867K(1216K)
[2025-05-18T20:01:21.495+0300][13428][5412][info][gc             ] GC(12) Pause Young (Normal) (G1 Evacuation Pause) 7376M->16M(12288M) 4.110ms
[2025-05-18T20:01:21.495+0300][13428][5412][info][gc,cpu         ] GC(12) User=0.00s Sys=0.00s Real=0.00s
[2025-05-18T20:01:24.484+0300][13428][5412][info][gc,start       ] GC(13) Pause Young (Normal) (G1 Evacuation Pause)
[2025-05-18T20:01:24.484+0300][13428][5412][info][gc,task        ] GC(13) Using 8 workers of 8 for evacuation
[2025-05-18T20:01:24.487+0300][13428][5412][info][gc,phases      ] GC(13)   Pre Evacuate Collection Set: 0.3ms
[2025-05-18T20:01:24.487+0300][13428][5412][info][gc,phases      ] GC(13)   Merge Heap Roots: 0.2ms
[2025-05-18T20:01:24.487+0300][13428][5412][info][gc,phases      ] GC(13)   Evacuate Collection Set: 0.9ms
[2025-05-18T20:01:24.487+0300][13428][5412][info][gc,phases      ] GC(13)   Post Evacuate Collection Set: 1.9ms
[2025-05-18T20:01:24.487+0300][13428][5412][info][gc,phases      ] GC(13)   Other: 0.2ms
[2025-05-18T20:01:24.487+0300][13428][5412][info][gc,heap        ] GC(13) Eden regions: 920->0(920)
[2025-05-18T20:01:24.487+0300][13428][5412][info][gc,heap        ] GC(13) Survivor regions: 1->1(116)
[2025-05-18T20:01:24.487+0300][13428][5412][info][gc,heap        ] GC(13) Old regions: 8->8
[2025-05-18T20:01:24.487+0300][13428][5412][info][gc,heap        ] GC(13) Humongous regions: 0->0
[2025-05-18T20:01:24.487+0300][13428][5412][info][gc,metaspace   ] GC(13) Metaspace: 8670K(9664K)->8670K(9664K) NonClass: 7803K(8448K)->7803K(8448K) Class: 867K(1216K)->867K(1216K)
[2025-05-18T20:01:24.487+0300][13428][5412][info][gc             ] GC(13) Pause Young (Normal) (G1 Evacuation Pause) 7376M->16M(12288M) 4.018ms
[2025-05-18T20:01:24.487+0300][13428][5412][info][gc,cpu         ] GC(13) User=0.00s Sys=0.00s Real=0.00s
[2025-05-18T20:01:25.413+0300][13428][9316][info][gc,heap,exit   ] Heap
[2025-05-18T20:01:25.413+0300][13428][9316][info][gc,heap,exit   ]  garbage-first heap   total 12582912K, used 1056951K [0x0000000500000000, 0x0000000800000000)
[2025-05-18T20:01:25.413+0300][13428][9316][info][gc,heap,exit   ]   region size 8192K, 128 young (1048576K), 1 survivors (8192K)
[2025-05-18T20:01:25.413+0300][13428][9316][info][gc,heap,exit   ]  Metaspace       used 8696K, committed 9728K, reserved 1114112K
[2025-05-18T20:01:25.413+0300][13428][9316][info][gc,heap,exit   ]   class space    used 873K, committed 1280K, reserved 1048576K
