[2025-06-17T22:37:42.121+0300][21512][21252][debug][gc,heap] Minimum heap 2147483648  Initial heap 2147483648  Maximum heap 2147483648
[2025-06-17T22:37:42.121+0300][21512][21252][info ][gc     ] Using G1
[2025-06-17T22:37:42.121+0300][21512][21252][debug][gc     ] ConcGCThreads: 2 offset 16
[2025-06-17T22:37:42.121+0300][21512][21252][debug][gc     ] ParallelGCThreads: 8
[2025-06-17T22:37:42.121+0300][21512][21252][debug][gc     ] Initialize mark stack with 4096 chunks, maximum 524288
[2025-06-17T22:37:42.434+0300][21512][7556 ][debug][safepoint] Safepoint synchronization initiated using striped semaphore wait barrier. (12 threads)
[2025-06-17T22:37:42.434+0300][21512][7556 ][debug][gc,heap  ] GC(0) Heap before GC invocations=0 (full 0):
[2025-06-17T22:37:42.434+0300][21512][7556 ][debug][gc,heap  ] GC(0)  garbage-first heap   total 2097152K, used 48128K [0x0000000080000000, 0x0000000100000000)
[2025-06-17T22:37:42.434+0300][21512][7556 ][debug][gc,heap  ] GC(0)   region size 1024K, 49 young (50176K), 0 survivors (0K)
[2025-06-17T22:37:42.434+0300][21512][7556 ][debug][gc,heap  ] GC(0)  Metaspace       used 2839K, committed 3072K, reserved 1114112K
[2025-06-17T22:37:42.434+0300][21512][7556 ][debug][gc,heap  ] GC(0)   class space    used 256K, committed 384K, reserved 1048576K
[2025-06-17T22:37:42.437+0300][21512][7556 ][debug][gc,phases] GC(0) Phase 1: Reference Processing 0.108ms
[2025-06-17T22:37:42.437+0300][21512][7556 ][debug][gc,phases] GC(0)   VM Weak                        Min:  0.0, Avg:  0.0, Max:  0.0, Diff:  0.0, Sum:  0.0, Workers: 5
[2025-06-17T22:37:42.437+0300][21512][7556 ][debug][gc,phases] GC(0)     Dead                           Min: 0, Avg:  0.0, Max: 0, Diff: 0, Sum: 0, Workers: 5
[2025-06-17T22:37:42.437+0300][21512][7556 ][debug][gc,phases] GC(0)     Total                          Min: 0, Avg:  4.0, Max: 20, Diff: 20, Sum: 20, Workers: 5
[2025-06-17T22:37:42.437+0300][21512][7556 ][debug][gc,phases] GC(0)   ObjectSynchronizer Weak        Min:  0.0, Avg:  0.0, Max:  0.0, Diff:  0.0, Sum:  0.0, Workers: 5
[2025-06-17T22:37:42.437+0300][21512][7556 ][debug][gc,phases] GC(0)     Dead                           Min: 0, Avg:  0.0, Max: 0, Diff: 0, Sum: 0, Workers: 5
[2025-06-17T22:37:42.437+0300][21512][7556 ][debug][gc,phases] GC(0)     Total                          Min: 0, Avg:  0.2, Max: 1, Diff: 1, Sum: 1, Workers: 5
[2025-06-17T22:37:42.437+0300][21512][7556 ][debug][gc,phases] GC(0)   JVMTI Tag Weak OopStorage      Min:  0.0, Avg:  0.0, Max:  0.0, Diff:  0.0, Sum:  0.0, Workers: 5
[2025-06-17T22:37:42.437+0300][21512][7556 ][debug][gc,phases] GC(0)     Dead                           Min: 0, Avg:  0.0, Max: 0, Diff: 0, Sum: 0, Workers: 5
[2025-06-17T22:37:42.437+0300][21512][7556 ][debug][gc,phases] GC(0)     Total                          Min: 0, Avg:  0.0, Max: 0, Diff: 0, Sum: 0, Workers: 5
[2025-06-17T22:37:42.437+0300][21512][7556 ][debug][gc,phases] GC(0)   StringTable Weak               Min:  0.0, Avg:  0.0, Max:  0.0, Diff:  0.0, Sum:  0.0, Workers: 5
[2025-06-17T22:37:42.437+0300][21512][7556 ][debug][gc,phases] GC(0)     Dead                           Min: 0, Avg:  1.0, Max: 2, Diff: 2, Sum: 5, Workers: 5
[2025-06-17T22:37:42.437+0300][21512][7556 ][debug][gc,phases] GC(0)     Total                          Min: 384, Avg: 836.8, Max: 1304, Diff: 920, Sum: 4184, Workers: 5
[2025-06-17T22:37:42.437+0300][21512][7556 ][debug][gc,phases] GC(0)   ResolvedMethodTable Weak       Min:  0.0, Avg:  0.0, Max:  0.0, Diff:  0.0, Sum:  0.0, Workers: 5
[2025-06-17T22:37:42.437+0300][21512][7556 ][debug][gc,phases] GC(0)     Dead                           Min: 0, Avg:  4.2, Max: 13, Diff: 13, Sum: 21, Workers: 5
[2025-06-17T22:37:42.437+0300][21512][7556 ][debug][gc,phases] GC(0)     Total                          Min: 0, Avg: 40.2, Max: 128, Diff: 128, Sum: 201, Workers: 5
[2025-06-17T22:37:42.437+0300][21512][7556 ][debug][gc,phases] GC(0)   JNI Weak                       Min:  0.0, Avg:  0.0, Max:  0.0, Diff:  0.0, Sum:  0.0, Workers: 5
[2025-06-17T22:37:42.437+0300][21512][7556 ][debug][gc,phases] GC(0)     Dead                           Min: 0, Avg:  0.0, Max: 0, Diff: 0, Sum: 0, Workers: 5
[2025-06-17T22:37:42.437+0300][21512][7556 ][debug][gc,phases] GC(0)     Total                          Min: 0, Avg:  0.0, Max: 0, Diff: 0, Sum: 0, Workers: 5
[2025-06-17T22:37:42.437+0300][21512][7556 ][debug][gc,phases] GC(0)   StringDedup Table Weak         Min:  0.0, Avg:  0.0, Max:  0.0, Diff:  0.0, Sum:  0.0, Workers: 5
[2025-06-17T22:37:42.437+0300][21512][7556 ][debug][gc,phases] GC(0)     Dead                           Min: 0, Avg:  0.0, Max: 0, Diff: 0, Sum: 0, Workers: 5
[2025-06-17T22:37:42.437+0300][21512][7556 ][debug][gc,phases] GC(0)     Total                          Min: 0, Avg:  0.0, Max: 0, Diff: 0, Sum: 0, Workers: 5
[2025-06-17T22:37:42.437+0300][21512][7556 ][debug][gc,phases] GC(0)   StringDedup Requests0 Weak     Min:  0.0, Avg:  0.0, Max:  0.0, Diff:  0.0, Sum:  0.0, Workers: 5
[2025-06-17T22:37:42.437+0300][21512][7556 ][debug][gc,phases] GC(0)     Dead                           Min: 0, Avg:  0.0, Max: 0, Diff: 0, Sum: 0, Workers: 5
[2025-06-17T22:37:42.437+0300][21512][7556 ][debug][gc,phases] GC(0)     Total                          Min: 0, Avg:  0.0, Max: 0, Diff: 0, Sum: 0, Workers: 5
[2025-06-17T22:37:42.437+0300][21512][7556 ][debug][gc,phases] GC(0)   StringDedup Requests1 Weak     Min:  0.0, Avg:  0.0, Max:  0.0, Diff:  0.0, Sum:  0.0, Workers: 5
[2025-06-17T22:37:42.437+0300][21512][7556 ][debug][gc,phases] GC(0)     Dead                           Min: 0, Avg:  0.0, Max: 0, Diff: 0, Sum: 0, Workers: 5
[2025-06-17T22:37:42.437+0300][21512][7556 ][debug][gc,phases] GC(0)     Total                          Min: 0, Avg:  0.0, Max: 0, Diff: 0, Sum: 0, Workers: 5
[2025-06-17T22:37:42.437+0300][21512][7556 ][debug][gc,phases] GC(0)   Weak JFR Old Object Samples    Min:  0.0, Avg:  0.0, Max:  0.0, Diff:  0.0, Sum:  0.0, Workers: 5
[2025-06-17T22:37:42.437+0300][21512][7556 ][debug][gc,phases] GC(0)     Dead                           Min: 0, Avg:  0.0, Max: 0, Diff: 0, Sum: 0, Workers: 5
[2025-06-17T22:37:42.437+0300][21512][7556 ][debug][gc,phases] GC(0)     Total                          Min: 0, Avg:  0.0, Max: 0, Diff: 0, Sum: 0, Workers: 5
[2025-06-17T22:37:42.437+0300][21512][7556 ][debug][gc,phases] GC(0) Phase 1: Weak Processing 0.452ms
[2025-06-17T22:37:42.437+0300][21512][7556 ][debug][gc,phases] GC(0) ClassLoaderData 0.005ms
[2025-06-17T22:37:42.437+0300][21512][7556 ][debug][gc,phases] GC(0) Trigger cleanups 0.002ms
[2025-06-17T22:37:42.437+0300][21512][7556 ][debug][gc,phases] GC(0) G1 Complete Cleaning 0.241ms
[2025-06-17T22:37:42.437+0300][21512][7556 ][debug][gc,phases] GC(0) Purge Unlinked NMethods 0.001ms
[2025-06-17T22:37:42.437+0300][21512][7556 ][debug][gc,phases] GC(0) Unregister NMethods 0.099ms
[2025-06-17T22:37:42.437+0300][21512][7556 ][debug][gc,phases] GC(0) Free Code Blobs 0.001ms
[2025-06-17T22:37:42.437+0300][21512][7556 ][debug][gc,phases] GC(0) Purge Class Loader Data 0.021ms
[2025-06-17T22:37:42.437+0300][21512][7556 ][debug][gc,phases] GC(0) Phase 1: Class Unloading and Cleanup 0.454ms
[2025-06-17T22:37:42.437+0300][21512][7556 ][debug][gc,phases] GC(0) Report Object Count 0.001ms
[2025-06-17T22:37:42.437+0300][21512][7556 ][info ][gc,phases] GC(0) Phase 1: Mark live objects 1.860ms
[2025-06-17T22:37:42.437+0300][21512][7556 ][debug][gc,phases] GC(0) Phase 2: Determine work lists 0.042ms
[2025-06-17T22:37:42.437+0300][21512][7556 ][debug][gc,phases] GC(0) Phase 2: Prepare parallel compaction 0.275ms
[2025-06-17T22:37:42.437+0300][21512][7556 ][info ][gc,phases] GC(0) Phase 2: Prepare compaction 0.347ms
[2025-06-17T22:37:42.437+0300][21512][7556 ][info ][gc,phases] GC(0) Phase 3: Adjust pointers 0.538ms
[2025-06-17T22:37:42.437+0300][21512][7556 ][info ][gc,phases] GC(0) Phase 4: Compact heap 0.440ms
[2025-06-17T22:37:42.437+0300][21512][7556 ][info ][gc,phases] GC(0) Phase 5: Reset Metadata 0.651ms
[2025-06-17T22:37:42.443+0300][21512][7556 ][info ][gc,heap  ] GC(0) Eden regions: 49->0(102)
[2025-06-17T22:37:42.443+0300][21512][7556 ][info ][gc,heap  ] GC(0) Survivor regions: 0->0(0)
[2025-06-17T22:37:42.443+0300][21512][7556 ][info ][gc,heap  ] GC(0) Old regions: 0->8
[2025-06-17T22:37:42.443+0300][21512][7556 ][info ][gc,heap  ] GC(0) Humongous regions: 0->0
[2025-06-17T22:37:42.443+0300][21512][7556 ][debug][gc,heap  ] GC(0) Heap after GC invocations=1 (full 1):
[2025-06-17T22:37:42.443+0300][21512][7556 ][debug][gc,heap  ] GC(0)  garbage-first heap   total 2097152K, used 2421K [0x0000000080000000, 0x0000000100000000)
[2025-06-17T22:37:42.443+0300][21512][7556 ][debug][gc,heap  ] GC(0)   region size 1024K, 0 young (0K), 0 survivors (0K)
[2025-06-17T22:37:42.443+0300][21512][7556 ][debug][gc,heap  ] GC(0)  Metaspace       used 2839K, committed 3072K, reserved 1114112K
[2025-06-17T22:37:42.443+0300][21512][7556 ][debug][gc,heap  ] GC(0)   class space    used 256K, committed 384K, reserved 1048576K
[2025-06-17T22:37:42.443+0300][21512][7556 ][info ][gc       ] GC(0) Pause Full (System.gc()) 48M->2M(2048M) 8.014ms
[2025-06-17T22:37:42.443+0300][21512][7556 ][info ][safepoint] Safepoint "G1CollectFull", Time since last: 296368500 ns, Reaching safepoint: 186300 ns, Cleanup: 37200 ns, At safepoint: 8040400 ns, Total: 8263900 ns
[2025-06-17T22:37:42.695+0300][21512][7556 ][debug][safepoint] Safepoint synchronization initiated using striped semaphore wait barrier. (22 threads)
[2025-06-17T22:37:42.695+0300][21512][7556 ][info ][safepoint] Safepoint "ICBufferFull", Time since last: 254344900 ns, Reaching safepoint: 42900 ns, Cleanup: 64800 ns, At safepoint: 5900 ns, Total: 113600 ns
[2025-06-17T22:37:44.698+0300][21512][7556 ][debug][safepoint] Safepoint synchronization initiated using striped semaphore wait barrier. (20 threads)
[2025-06-17T22:37:44.698+0300][21512][7556 ][info ][safepoint] Safepoint "Cleanup", Time since last: 1999586700 ns, Reaching safepoint: 51800 ns, Cleanup: 46900 ns, At safepoint: 4100 ns, Total: 102800 ns
[2025-06-17T22:37:45.702+0300][21512][7556 ][debug][safepoint] Safepoint synchronization initiated using striped semaphore wait barrier. (20 threads)
[2025-06-17T22:37:45.702+0300][21512][7556 ][info ][safepoint] Safepoint "Cleanup", Time since last: 1003511300 ns, Reaching safepoint: 38700 ns, Cleanup: 12800 ns, At safepoint: 3200 ns, Total: 54700 ns
[2025-06-17T22:37:46.720+0300][21512][7556 ][debug][safepoint] Safepoint synchronization initiated using striped semaphore wait barrier. (20 threads)
[2025-06-17T22:37:46.720+0300][21512][7556 ][info ][safepoint] Safepoint "Cleanup", Time since last: 1018348100 ns, Reaching safepoint: 68300 ns, Cleanup: 14000 ns, At safepoint: 2100 ns, Total: 84400 ns
[2025-06-17T22:37:48.724+0300][21512][7556 ][debug][safepoint] Safepoint synchronization initiated using striped semaphore wait barrier. (20 threads)
[2025-06-17T22:37:48.724+0300][21512][7556 ][info ][safepoint] Safepoint "Cleanup", Time since last: 2003515700 ns, Reaching safepoint: 37100 ns, Cleanup: 9900 ns, At safepoint: 3200 ns, Total: 50200 ns
[2025-06-17T22:37:49.299+0300][21512][7556 ][debug][safepoint] Safepoint synchronization initiated using striped semaphore wait barrier. (11 threads)
[2025-06-17T22:37:49.299+0300][21512][7556 ][debug][gc,heap  ] GC(1) Heap before GC invocations=1 (full 1):
[2025-06-17T22:37:49.299+0300][21512][7556 ][debug][gc,heap  ] GC(1)  garbage-first heap   total 2097152K, used 85365K [0x0000000080000000, 0x0000000100000000)
[2025-06-17T22:37:49.299+0300][21512][7556 ][debug][gc,heap  ] GC(1)   region size 1024K, 82 young (83968K), 0 survivors (0K)
[2025-06-17T22:37:49.299+0300][21512][7556 ][debug][gc,heap  ] GC(1)  Metaspace       used 5363K, committed 5632K, reserved 1114112K
[2025-06-17T22:37:49.299+0300][21512][7556 ][debug][gc,heap  ] GC(1)   class space    used 582K, committed 704K, reserved 1048576K
[2025-06-17T22:37:49.299+0300][21512][7556 ][debug][gc,phases] GC(1) Phase 1: Reference Processing 0.076ms
[2025-06-17T22:37:49.299+0300][21512][7556 ][debug][gc,phases] GC(1)   VM Weak                        Min:  0.0, Avg:  0.0, Max:  0.0, Diff:  0.0, Sum:  0.0, Workers: 6
[2025-06-17T22:37:49.299+0300][21512][7556 ][debug][gc,phases] GC(1)     Dead                           Min: 0, Avg:  0.0, Max: 0, Diff: 0, Sum: 0, Workers: 6
[2025-06-17T22:37:49.299+0300][21512][7556 ][debug][gc,phases] GC(1)     Total                          Min: 0, Avg:  3.3, Max: 20, Diff: 20, Sum: 20, Workers: 6
[2025-06-17T22:37:49.299+0300][21512][7556 ][debug][gc,phases] GC(1)   ObjectSynchronizer Weak        Min:  0.0, Avg:  0.0, Max:  0.0, Diff:  0.0, Sum:  0.0, Workers: 6
[2025-06-17T22:37:49.299+0300][21512][7556 ][debug][gc,phases] GC(1)     Dead                           Min: 0, Avg:  0.8, Max: 5, Diff: 5, Sum: 5, Workers: 6
[2025-06-17T22:37:49.299+0300][21512][7556 ][debug][gc,phases] GC(1)     Total                          Min: 0, Avg:  1.2, Max: 7, Diff: 7, Sum: 7, Workers: 6
[2025-06-17T22:37:49.299+0300][21512][7556 ][debug][gc,phases] GC(1)   JVMTI Tag Weak OopStorage      Min:  0.0, Avg:  0.0, Max:  0.0, Diff:  0.0, Sum:  0.0, Workers: 6
[2025-06-17T22:37:49.299+0300][21512][7556 ][debug][gc,phases] GC(1)     Dead                           Min: 0, Avg:  0.0, Max: 0, Diff: 0, Sum: 0, Workers: 6
[2025-06-17T22:37:49.299+0300][21512][7556 ][debug][gc,phases] GC(1)     Total                          Min: 0, Avg:  0.0, Max: 0, Diff: 0, Sum: 0, Workers: 6
[2025-06-17T22:37:49.299+0300][21512][7556 ][debug][gc,phases] GC(1)   StringTable Weak               Min:  0.0, Avg:  0.0, Max:  0.0, Diff:  0.0, Sum:  0.0, Workers: 6
[2025-06-17T22:37:49.299+0300][21512][7556 ][debug][gc,phases] GC(1)     Dead                           Min: 0, Avg:  0.0, Max: 0, Diff: 0, Sum: 0, Workers: 6
[2025-06-17T22:37:49.299+0300][21512][7556 ][debug][gc,phases] GC(1)     Total                          Min: 768, Avg: 954.7, Max: 1280, Diff: 512, Sum: 5728, Workers: 6
[2025-06-17T22:37:49.299+0300][21512][7556 ][debug][gc,phases] GC(1)   ResolvedMethodTable Weak       Min:  0.0, Avg:  0.0, Max:  0.0, Diff:  0.0, Sum:  0.0, Workers: 6
[2025-06-17T22:37:49.299+0300][21512][7556 ][debug][gc,phases] GC(1)     Dead                           Min: 0, Avg:  0.2, Max: 1, Diff: 1, Sum: 1, Workers: 6
[2025-06-17T22:37:49.299+0300][21512][7556 ][debug][gc,phases] GC(1)     Total                          Min: 0, Avg: 34.8, Max: 64, Diff: 64, Sum: 209, Workers: 6
[2025-06-17T22:37:49.299+0300][21512][7556 ][debug][gc,phases] GC(1)   JNI Weak                       Min:  0.0, Avg:  0.0, Max:  0.0, Diff:  0.0, Sum:  0.0, Workers: 6
[2025-06-17T22:37:49.299+0300][21512][7556 ][debug][gc,phases] GC(1)     Dead                           Min: 0, Avg:  0.0, Max: 0, Diff: 0, Sum: 0, Workers: 6
[2025-06-17T22:37:49.299+0300][21512][7556 ][debug][gc,phases] GC(1)     Total                          Min: 0, Avg:  0.0, Max: 0, Diff: 0, Sum: 0, Workers: 6
[2025-06-17T22:37:49.299+0300][21512][7556 ][debug][gc,phases] GC(1)   StringDedup Table Weak         Min:  0.0, Avg:  0.0, Max:  0.0, Diff:  0.0, Sum:  0.0, Workers: 6
[2025-06-17T22:37:49.299+0300][21512][7556 ][debug][gc,phases] GC(1)     Dead                           Min: 0, Avg:  0.0, Max: 0, Diff: 0, Sum: 0, Workers: 6
[2025-06-17T22:37:49.299+0300][21512][7556 ][debug][gc,phases] GC(1)     Total                          Min: 0, Avg:  0.0, Max: 0, Diff: 0, Sum: 0, Workers: 6
[2025-06-17T22:37:49.299+0300][21512][7556 ][debug][gc,phases] GC(1)   StringDedup Requests0 Weak     Min:  0.0, Avg:  0.0, Max:  0.0, Diff:  0.0, Sum:  0.0, Workers: 6
[2025-06-17T22:37:49.299+0300][21512][7556 ][debug][gc,phases] GC(1)     Dead                           Min: 0, Avg:  0.0, Max: 0, Diff: 0, Sum: 0, Workers: 6
[2025-06-17T22:37:49.299+0300][21512][7556 ][debug][gc,phases] GC(1)     Total                          Min: 0, Avg:  0.0, Max: 0, Diff: 0, Sum: 0, Workers: 6
[2025-06-17T22:37:49.299+0300][21512][7556 ][debug][gc,phases] GC(1)   StringDedup Requests1 Weak     Min:  0.0, Avg:  0.0, Max:  0.0, Diff:  0.0, Sum:  0.0, Workers: 6
[2025-06-17T22:37:49.299+0300][21512][7556 ][debug][gc,phases] GC(1)     Dead                           Min: 0, Avg:  0.0, Max: 0, Diff: 0, Sum: 0, Workers: 6
[2025-06-17T22:37:49.299+0300][21512][7556 ][debug][gc,phases] GC(1)     Total                          Min: 0, Avg:  0.0, Max: 0, Diff: 0, Sum: 0, Workers: 6
[2025-06-17T22:37:49.299+0300][21512][7556 ][debug][gc,phases] GC(1)   Weak JFR Old Object Samples    Min:  0.0, Avg:  0.0, Max:  0.0, Diff:  0.0, Sum:  0.0, Workers: 6
[2025-06-17T22:37:49.299+0300][21512][7556 ][debug][gc,phases] GC(1)     Dead                           Min: 0, Avg:  0.0, Max: 0, Diff: 0, Sum: 0, Workers: 6
[2025-06-17T22:37:49.299+0300][21512][7556 ][debug][gc,phases] GC(1)     Total                          Min: 0, Avg:  0.0, Max: 0, Diff: 0, Sum: 0, Workers: 6
[2025-06-17T22:37:49.299+0300][21512][7556 ][debug][gc,phases] GC(1) Phase 1: Weak Processing 0.400ms
[2025-06-17T22:37:49.299+0300][21512][7556 ][debug][gc,phases] GC(1) ClassLoaderData 0.002ms
[2025-06-17T22:37:49.299+0300][21512][7556 ][debug][gc,phases] GC(1) Trigger cleanups 0.001ms
[2025-06-17T22:37:49.299+0300][21512][7556 ][debug][gc,phases] GC(1) G1 Complete Cleaning 0.414ms
[2025-06-17T22:37:49.299+0300][21512][7556 ][debug][gc,phases] GC(1) Purge Unlinked NMethods 0.057ms
[2025-06-17T22:37:49.299+0300][21512][7556 ][debug][gc,phases] GC(1) Unregister NMethods 0.105ms
[2025-06-17T22:37:49.299+0300][21512][7556 ][debug][gc,phases] GC(1) Free Code Blobs 0.011ms
[2025-06-17T22:37:49.299+0300][21512][7556 ][debug][gc,phases] GC(1) Purge Class Loader Data 0.003ms
[2025-06-17T22:37:49.299+0300][21512][7556 ][debug][gc,phases] GC(1) Phase 1: Class Unloading and Cleanup 0.695ms
[2025-06-17T22:37:49.299+0300][21512][7556 ][debug][gc,phases] GC(1) Report Object Count 0.002ms
[2025-06-17T22:37:49.299+0300][21512][7556 ][info ][gc,phases] GC(1) Phase 1: Mark live objects 1.978ms
[2025-06-17T22:37:49.299+0300][21512][7556 ][debug][gc,phases] GC(1) Phase 2: Determine work lists 0.045ms
[2025-06-17T22:37:49.299+0300][21512][7556 ][debug][gc,phases] GC(1) Phase 2: Prepare parallel compaction 0.232ms
[2025-06-17T22:37:49.299+0300][21512][7556 ][info ][gc,phases] GC(1) Phase 2: Prepare compaction 0.306ms
[2025-06-17T22:37:49.299+0300][21512][7556 ][info ][gc,phases] GC(1) Phase 3: Adjust pointers 1.147ms
[2025-06-17T22:37:49.299+0300][21512][7556 ][info ][gc,phases] GC(1) Phase 4: Compact heap 0.337ms
[2025-06-17T22:37:49.304+0300][21512][7556 ][info ][gc,phases] GC(1) Phase 5: Reset Metadata 0.631ms
[2025-06-17T22:37:49.306+0300][21512][7556 ][info ][gc,heap  ] GC(1) Eden regions: 82->0(102)
[2025-06-17T22:37:49.306+0300][21512][7556 ][info ][gc,heap  ] GC(1) Survivor regions: 0->0(0)
[2025-06-17T22:37:49.306+0300][21512][7556 ][info ][gc,heap  ] GC(1) Old regions: 8->8
[2025-06-17T22:37:49.306+0300][21512][7556 ][info ][gc,heap  ] GC(1) Humongous regions: 0->0
[2025-06-17T22:37:49.306+0300][21512][7556 ][debug][gc,heap  ] GC(1) Heap after GC invocations=2 (full 2):
[2025-06-17T22:37:49.306+0300][21512][7556 ][debug][gc,heap  ] GC(1)  garbage-first heap   total 2097152K, used 2757K [0x0000000080000000, 0x0000000100000000)
[2025-06-17T22:37:49.306+0300][21512][7556 ][debug][gc,heap  ] GC(1)   region size 1024K, 0 young (0K), 0 survivors (0K)
[2025-06-17T22:37:49.306+0300][21512][7556 ][debug][gc,heap  ] GC(1)  Metaspace       used 5363K, committed 5632K, reserved 1114112K
[2025-06-17T22:37:49.306+0300][21512][7556 ][debug][gc,heap  ] GC(1)   class space    used 582K, committed 704K, reserved 1048576K
[2025-06-17T22:37:49.306+0300][21512][7556 ][info ][gc       ] GC(1) Pause Full (System.gc()) 84M->2M(2048M) 8.161ms
[2025-06-17T22:37:49.306+0300][21512][7556 ][info ][safepoint] Safepoint "G1CollectFull", Time since last: 575137000 ns, Reaching safepoint: 38100 ns, Cleanup: 11200 ns, At safepoint: 8181900 ns, Total: 8231200 ns
[2025-06-17T22:37:50.319+0300][21512][7556 ][debug][safepoint] Safepoint synchronization initiated using striped semaphore wait barrier. (21 threads)
[2025-06-17T22:37:50.319+0300][21512][7556 ][info ][safepoint] Safepoint "Cleanup", Time since last: 1011689500 ns, Reaching safepoint: 56500 ns, Cleanup: 25100 ns, At safepoint: 5000 ns, Total: 86600 ns
[2025-06-17T22:37:55.328+0300][21512][7556 ][debug][safepoint] Safepoint synchronization initiated using striped semaphore wait barrier. (21 threads)
[2025-06-17T22:37:55.328+0300][21512][7556 ][info ][safepoint] Safepoint "Cleanup", Time since last: 5009111400 ns, Reaching safepoint: 44600 ns, Cleanup: 10000 ns, At safepoint: 3400 ns, Total: 58000 ns
[2025-06-17T22:37:55.517+0300][21512][7556 ][debug][safepoint] Safepoint synchronization initiated using striped semaphore wait barrier. (12 threads)
[2025-06-17T22:37:55.517+0300][21512][7556 ][debug][gc,heap  ] GC(2) Heap before GC invocations=2 (full 2):
[2025-06-17T22:37:55.517+0300][21512][7556 ][debug][gc,heap  ] GC(2)  garbage-first heap   total 2097152K, used 79557K [0x0000000080000000, 0x0000000100000000)
[2025-06-17T22:37:55.517+0300][21512][7556 ][debug][gc,heap  ] GC(2)   region size 1024K, 76 young (77824K), 0 survivors (0K)
[2025-06-17T22:37:55.517+0300][21512][7556 ][debug][gc,heap  ] GC(2)  Metaspace       used 5406K, committed 5632K, reserved 1114112K
[2025-06-17T22:37:55.517+0300][21512][7556 ][debug][gc,heap  ] GC(2)   class space    used 582K, committed 704K, reserved 1048576K
[2025-06-17T22:37:55.517+0300][21512][7556 ][debug][gc,phases] GC(2) Phase 1: Reference Processing 0.064ms
[2025-06-17T22:37:55.517+0300][21512][7556 ][debug][gc,phases] GC(2)   VM Weak                        Min:  0.0, Avg:  0.0, Max:  0.0, Diff:  0.0, Sum:  0.0, Workers: 6
[2025-06-17T22:37:55.517+0300][21512][7556 ][debug][gc,phases] GC(2)     Dead                           Min: 0, Avg:  0.0, Max: 0, Diff: 0, Sum: 0, Workers: 6
[2025-06-17T22:37:55.517+0300][21512][7556 ][debug][gc,phases] GC(2)     Total                          Min: 0, Avg:  3.3, Max: 20, Diff: 20, Sum: 20, Workers: 6
[2025-06-17T22:37:55.517+0300][21512][7556 ][debug][gc,phases] GC(2)   ObjectSynchronizer Weak        Min:  0.0, Avg:  0.0, Max:  0.0, Diff:  0.0, Sum:  0.0, Workers: 6
[2025-06-17T22:37:55.517+0300][21512][7556 ][debug][gc,phases] GC(2)     Dead                           Min: 0, Avg:  0.7, Max: 4, Diff: 4, Sum: 4, Workers: 6
[2025-06-17T22:37:55.517+0300][21512][7556 ][debug][gc,phases] GC(2)     Total                          Min: 0, Avg:  1.8, Max: 11, Diff: 11, Sum: 11, Workers: 6
[2025-06-17T22:37:55.517+0300][21512][7556 ][debug][gc,phases] GC(2)   JVMTI Tag Weak OopStorage      Min:  0.0, Avg:  0.0, Max:  0.0, Diff:  0.0, Sum:  0.0, Workers: 6
[2025-06-17T22:37:55.517+0300][21512][7556 ][debug][gc,phases] GC(2)     Dead                           Min: 0, Avg:  0.0, Max: 0, Diff: 0, Sum: 0, Workers: 6
[2025-06-17T22:37:55.517+0300][21512][7556 ][debug][gc,phases] GC(2)     Total                          Min: 0, Avg:  0.0, Max: 0, Diff: 0, Sum: 0, Workers: 6
[2025-06-17T22:37:55.517+0300][21512][7556 ][debug][gc,phases] GC(2)   StringTable Weak               Min:  0.0, Avg:  0.0, Max:  0.0, Diff:  0.0, Sum:  0.0, Workers: 6
[2025-06-17T22:37:55.517+0300][21512][7556 ][debug][gc,phases] GC(2)     Dead                           Min: 0, Avg:  0.0, Max: 0, Diff: 0, Sum: 0, Workers: 6
[2025-06-17T22:37:55.517+0300][21512][7556 ][debug][gc,phases] GC(2)     Total                          Min: 704, Avg: 957.3, Max: 1344, Diff: 640, Sum: 5744, Workers: 6
[2025-06-17T22:37:55.517+0300][21512][7556 ][debug][gc,phases] GC(2)   ResolvedMethodTable Weak       Min:  0.0, Avg:  0.0, Max:  0.0, Diff:  0.0, Sum:  0.0, Workers: 6
[2025-06-17T22:37:55.517+0300][21512][7556 ][debug][gc,phases] GC(2)     Dead                           Min: 0, Avg:  0.0, Max: 0, Diff: 0, Sum: 0, Workers: 6
[2025-06-17T22:37:55.517+0300][21512][7556 ][debug][gc,phases] GC(2)     Total                          Min: 0, Avg: 34.8, Max: 64, Diff: 64, Sum: 209, Workers: 6
[2025-06-17T22:37:55.517+0300][21512][7556 ][debug][gc,phases] GC(2)   JNI Weak                       Min:  0.0, Avg:  0.0, Max:  0.0, Diff:  0.0, Sum:  0.0, Workers: 6
[2025-06-17T22:37:55.517+0300][21512][7556 ][debug][gc,phases] GC(2)     Dead                           Min: 0, Avg:  0.0, Max: 0, Diff: 0, Sum: 0, Workers: 6
[2025-06-17T22:37:55.517+0300][21512][7556 ][debug][gc,phases] GC(2)     Total                          Min: 0, Avg:  0.0, Max: 0, Diff: 0, Sum: 0, Workers: 6
[2025-06-17T22:37:55.517+0300][21512][7556 ][debug][gc,phases] GC(2)   StringDedup Table Weak         Min:  0.0, Avg:  0.0, Max:  0.0, Diff:  0.0, Sum:  0.0, Workers: 6
[2025-06-17T22:37:55.517+0300][21512][7556 ][debug][gc,phases] GC(2)     Dead                           Min: 0, Avg:  0.0, Max: 0, Diff: 0, Sum: 0, Workers: 6
[2025-06-17T22:37:55.517+0300][21512][7556 ][debug][gc,phases] GC(2)     Total                          Min: 0, Avg:  0.0, Max: 0, Diff: 0, Sum: 0, Workers: 6
[2025-06-17T22:37:55.517+0300][21512][7556 ][debug][gc,phases] GC(2)   StringDedup Requests0 Weak     Min:  0.0, Avg:  0.0, Max:  0.0, Diff:  0.0, Sum:  0.0, Workers: 6
[2025-06-17T22:37:55.517+0300][21512][7556 ][debug][gc,phases] GC(2)     Dead                           Min: 0, Avg:  0.0, Max: 0, Diff: 0, Sum: 0, Workers: 6
[2025-06-17T22:37:55.517+0300][21512][7556 ][debug][gc,phases] GC(2)     Total                          Min: 0, Avg:  0.0, Max: 0, Diff: 0, Sum: 0, Workers: 6
[2025-06-17T22:37:55.517+0300][21512][7556 ][debug][gc,phases] GC(2)   StringDedup Requests1 Weak     Min:  0.0, Avg:  0.0, Max:  0.0, Diff:  0.0, Sum:  0.0, Workers: 6
[2025-06-17T22:37:55.517+0300][21512][7556 ][debug][gc,phases] GC(2)     Dead                           Min: 0, Avg:  0.0, Max: 0, Diff: 0, Sum: 0, Workers: 6
[2025-06-17T22:37:55.517+0300][21512][7556 ][debug][gc,phases] GC(2)     Total                          Min: 0, Avg:  0.0, Max: 0, Diff: 0, Sum: 0, Workers: 6
[2025-06-17T22:37:55.517+0300][21512][7556 ][debug][gc,phases] GC(2)   Weak JFR Old Object Samples    Min:  0.0, Avg:  0.0, Max:  0.0, Diff:  0.0, Sum:  0.0, Workers: 6
[2025-06-17T22:37:55.517+0300][21512][7556 ][debug][gc,phases] GC(2)     Dead                           Min: 0, Avg:  0.0, Max: 0, Diff: 0, Sum: 0, Workers: 6
[2025-06-17T22:37:55.517+0300][21512][7556 ][debug][gc,phases] GC(2)     Total                          Min: 0, Avg:  0.0, Max: 0, Diff: 0, Sum: 0, Workers: 6
[2025-06-17T22:37:55.517+0300][21512][7556 ][debug][gc,phases] GC(2) Phase 1: Weak Processing 0.350ms
[2025-06-17T22:37:55.517+0300][21512][7556 ][debug][gc,phases] GC(2) ClassLoaderData 0.001ms
[2025-06-17T22:37:55.517+0300][21512][7556 ][debug][gc,phases] GC(2) Trigger cleanups 0.002ms
[2025-06-17T22:37:55.517+0300][21512][7556 ][debug][gc,phases] GC(2) G1 Complete Cleaning 0.466ms
[2025-06-17T22:37:55.517+0300][21512][7556 ][debug][gc,phases] GC(2) Purge Unlinked NMethods 0.178ms
[2025-06-17T22:37:55.517+0300][21512][7556 ][debug][gc,phases] GC(2) Unregister NMethods 0.126ms
[2025-06-17T22:37:55.517+0300][21512][7556 ][debug][gc,phases] GC(2) Free Code Blobs 0.078ms
[2025-06-17T22:37:55.517+0300][21512][7556 ][debug][gc,phases] GC(2) Purge Class Loader Data 0.022ms
[2025-06-17T22:37:55.517+0300][21512][7556 ][debug][gc,phases] GC(2) Phase 1: Class Unloading and Cleanup 0.970ms
[2025-06-17T22:37:55.517+0300][21512][7556 ][debug][gc,phases] GC(2) Report Object Count 0.001ms
[2025-06-17T22:37:55.517+0300][21512][7556 ][info ][gc,phases] GC(2) Phase 1: Mark live objects 2.168ms
[2025-06-17T22:37:55.517+0300][21512][7556 ][debug][gc,phases] GC(2) Phase 2: Determine work lists 0.049ms
[2025-06-17T22:37:55.517+0300][21512][7556 ][debug][gc,phases] GC(2) Phase 2: Prepare parallel compaction 0.222ms
[2025-06-17T22:37:55.517+0300][21512][7556 ][info ][gc,phases] GC(2) Phase 2: Prepare compaction 0.296ms
[2025-06-17T22:37:55.517+0300][21512][7556 ][info ][gc,phases] GC(2) Phase 3: Adjust pointers 0.905ms
[2025-06-17T22:37:55.517+0300][21512][7556 ][info ][gc,phases] GC(2) Phase 4: Compact heap 0.231ms
[2025-06-17T22:37:55.517+0300][21512][7556 ][info ][gc,phases] GC(2) Phase 5: Reset Metadata 0.514ms
[2025-06-17T22:37:55.525+0300][21512][7556 ][info ][gc,heap  ] GC(2) Eden regions: 76->0(102)
[2025-06-17T22:37:55.525+0300][21512][7556 ][info ][gc,heap  ] GC(2) Survivor regions: 0->0(0)
[2025-06-17T22:37:55.525+0300][21512][7556 ][info ][gc,heap  ] GC(2) Old regions: 8->8
[2025-06-17T22:37:55.525+0300][21512][7556 ][info ][gc,heap  ] GC(2) Humongous regions: 0->0
[2025-06-17T22:37:55.525+0300][21512][7556 ][debug][gc,heap  ] GC(2) Heap after GC invocations=3 (full 3):
[2025-06-17T22:37:55.525+0300][21512][7556 ][debug][gc,heap  ] GC(2)  garbage-first heap   total 2097152K, used 2758K [0x0000000080000000, 0x0000000100000000)
[2025-06-17T22:37:55.525+0300][21512][7556 ][debug][gc,heap  ] GC(2)   region size 1024K, 0 young (0K), 0 survivors (0K)
[2025-06-17T22:37:55.525+0300][21512][7556 ][debug][gc,heap  ] GC(2)  Metaspace       used 5406K, committed 5632K, reserved 1114112K
[2025-06-17T22:37:55.525+0300][21512][7556 ][debug][gc,heap  ] GC(2)   class space    used 582K, committed 704K, reserved 1048576K
[2025-06-17T22:37:55.525+0300][21512][7556 ][info ][gc       ] GC(2) Pause Full (System.gc()) 78M->2M(2048M) 7.835ms
[2025-06-17T22:37:55.525+0300][21512][7556 ][info ][safepoint] Safepoint "G1CollectFull", Time since last: 190041000 ns, Reaching safepoint: 37200 ns, Cleanup: 6300 ns, At safepoint: 7853700 ns, Total: 7897200 ns
[2025-06-17T22:37:56.527+0300][21512][7556 ][debug][safepoint] Safepoint synchronization initiated using striped semaphore wait barrier. (20 threads)
[2025-06-17T22:37:56.527+0300][21512][7556 ][info ][safepoint] Safepoint "Cleanup", Time since last: 1001047400 ns, Reaching safepoint: 42300 ns, Cleanup: 24500 ns, At safepoint: 3800 ns, Total: 70600 ns
[2025-06-17T22:38:01.705+0300][21512][7556 ][debug][safepoint] Safepoint synchronization initiated using striped semaphore wait barrier. (11 threads)
