[2025-05-20T20:52:19.917+0300][13064][7664][debug][gc,heap] Minimum heap 12884901888  Initial heap 12884901888  Maximum heap 12884901888
[2025-05-20T20:52:19.917+0300][13064][7664][info ][gc     ] Using G1
[2025-05-20T20:52:19.917+0300][13064][7664][debug][gc     ] ConcGCThreads: 2 offset 16
[2025-05-20T20:52:19.917+0300][13064][7664][debug][gc     ] ParallelGCThreads: 8
[2025-05-20T20:52:19.917+0300][13064][7664][debug][gc     ] Initialize mark stack with 4096 chunks, maximum 524288
[2025-05-20T20:52:20.219+0300][13064][12400][debug][safepoint] Safepoint synchronization initiated using striped semaphore wait barrier. (13 threads)
[2025-05-20T20:52:20.235+0300][13064][12400][debug][gc,heap  ] GC(0) Heap before GC invocations=0 (full 0):
[2025-05-20T20:52:20.235+0300][13064][12400][debug][gc,heap  ] GC(0)  garbage-first heap   total 12582912K, used 57344K [0x0000000500000000, 0x0000000800000000)
[2025-05-20T20:52:20.235+0300][13064][12400][debug][gc,heap  ] GC(0)   region size 8192K, 8 young (65536K), 0 survivors (0K)
[2025-05-20T20:52:20.235+0300][13064][12400][debug][gc,heap  ] GC(0)  Metaspace       used 2840K, committed 3072K, reserved 1114112K
[2025-05-20T20:52:20.235+0300][13064][12400][debug][gc,heap  ] GC(0)   class space    used 257K, committed 384K, reserved 1048576K
[2025-05-20T20:52:20.235+0300][13064][12400][debug][gc,phases] GC(0) Phase 1: Reference Processing 0.148ms
[2025-05-20T20:52:20.235+0300][13064][12400][debug][gc,phases] GC(0)   VM Weak                        Min:  0.0, Avg:  0.0, Max:  0.0, Diff:  0.0, Sum:  0.0, Workers: 5
[2025-05-20T20:52:20.235+0300][13064][12400][debug][gc,phases] GC(0)     Dead                           Min: 0, Avg:  0.0, Max: 0, Diff: 0, Sum: 0, Workers: 5
[2025-05-20T20:52:20.235+0300][13064][12400][debug][gc,phases] GC(0)     Total                          Min: 0, Avg:  4.0, Max: 20, Diff: 20, Sum: 20, Workers: 5
[2025-05-20T20:52:20.235+0300][13064][12400][debug][gc,phases] GC(0)   ObjectSynchronizer Weak        Min:  0.0, Avg:  0.0, Max:  0.0, Diff:  0.0, Sum:  0.0, Workers: 5
[2025-05-20T20:52:20.235+0300][13064][12400][debug][gc,phases] GC(0)     Dead                           Min: 0, Avg:  0.0, Max: 0, Diff: 0, Sum: 0, Workers: 5
[2025-05-20T20:52:20.235+0300][13064][12400][debug][gc,phases] GC(0)     Total                          Min: 0, Avg:  0.2, Max: 1, Diff: 1, Sum: 1, Workers: 5
[2025-05-20T20:52:20.235+0300][13064][12400][debug][gc,phases] GC(0)   JVMTI Tag Weak OopStorage      Min:  0.0, Avg:  0.0, Max:  0.0, Diff:  0.0, Sum:  0.0, Workers: 5
[2025-05-20T20:52:20.235+0300][13064][12400][debug][gc,phases] GC(0)     Dead                           Min: 0, Avg:  0.0, Max: 0, Diff: 0, Sum: 0, Workers: 5
[2025-05-20T20:52:20.235+0300][13064][12400][debug][gc,phases] GC(0)     Total                          Min: 0, Avg:  0.0, Max: 0, Diff: 0, Sum: 0, Workers: 5
[2025-05-20T20:52:20.235+0300][13064][12400][debug][gc,phases] GC(0)   StringTable Weak               Min:  0.0, Avg:  0.0, Max:  0.0, Diff:  0.0, Sum:  0.0, Workers: 5
[2025-05-20T20:52:20.235+0300][13064][12400][debug][gc,phases] GC(0)     Dead                           Min: 0, Avg:  1.0, Max: 2, Diff: 2, Sum: 5, Workers: 5
[2025-05-20T20:52:20.235+0300][13064][12400][debug][gc,phases] GC(0)     Total                          Min: 0, Avg: 838.4, Max: 1760, Diff: 1760, Sum: 4192, Workers: 5
[2025-05-20T20:52:20.235+0300][13064][12400][debug][gc,phases] GC(0)   ResolvedMethodTable Weak       Min:  0.0, Avg:  0.0, Max:  0.0, Diff:  0.0, Sum:  0.0, Workers: 5
[2025-05-20T20:52:20.235+0300][13064][12400][debug][gc,phases] GC(0)     Dead                           Min: 0, Avg:  4.2, Max: 14, Diff: 14, Sum: 21, Workers: 5
[2025-05-20T20:52:20.235+0300][13064][12400][debug][gc,phases] GC(0)     Total                          Min: 0, Avg: 40.2, Max: 128, Diff: 128, Sum: 201, Workers: 5
[2025-05-20T20:52:20.235+0300][13064][12400][debug][gc,phases] GC(0)   JNI Weak                       Min:  0.0, Avg:  0.0, Max:  0.0, Diff:  0.0, Sum:  0.0, Workers: 5
[2025-05-20T20:52:20.235+0300][13064][12400][debug][gc,phases] GC(0)     Dead                           Min: 0, Avg:  0.0, Max: 0, Diff: 0, Sum: 0, Workers: 5
[2025-05-20T20:52:20.235+0300][13064][12400][debug][gc,phases] GC(0)     Total                          Min: 0, Avg:  0.0, Max: 0, Diff: 0, Sum: 0, Workers: 5
[2025-05-20T20:52:20.235+0300][13064][12400][debug][gc,phases] GC(0)   StringDedup Table Weak         Min:  0.0, Avg:  0.0, Max:  0.0, Diff:  0.0, Sum:  0.0, Workers: 5
[2025-05-20T20:52:20.235+0300][13064][12400][debug][gc,phases] GC(0)     Dead                           Min: 0, Avg:  0.0, Max: 0, Diff: 0, Sum: 0, Workers: 5
[2025-05-20T20:52:20.235+0300][13064][12400][debug][gc,phases] GC(0)     Total                          Min: 0, Avg:  0.0, Max: 0, Diff: 0, Sum: 0, Workers: 5
[2025-05-20T20:52:20.235+0300][13064][12400][debug][gc,phases] GC(0)   StringDedup Requests0 Weak     Min:  0.0, Avg:  0.0, Max:  0.0, Diff:  0.0, Sum:  0.0, Workers: 5
[2025-05-20T20:52:20.235+0300][13064][12400][debug][gc,phases] GC(0)     Dead                           Min: 0, Avg:  0.0, Max: 0, Diff: 0, Sum: 0, Workers: 5
[2025-05-20T20:52:20.235+0300][13064][12400][debug][gc,phases] GC(0)     Total                          Min: 0, Avg:  0.0, Max: 0, Diff: 0, Sum: 0, Workers: 5
[2025-05-20T20:52:20.235+0300][13064][12400][debug][gc,phases] GC(0)   StringDedup Requests1 Weak     Min:  0.0, Avg:  0.0, Max:  0.0, Diff:  0.0, Sum:  0.0, Workers: 5
[2025-05-20T20:52:20.235+0300][13064][12400][debug][gc,phases] GC(0)     Dead                           Min: 0, Avg:  0.0, Max: 0, Diff: 0, Sum: 0, Workers: 5
[2025-05-20T20:52:20.235+0300][13064][12400][debug][gc,phases] GC(0)     Total                          Min: 0, Avg:  0.0, Max: 0, Diff: 0, Sum: 0, Workers: 5
[2025-05-20T20:52:20.235+0300][13064][12400][debug][gc,phases] GC(0)   Weak JFR Old Object Samples    Min:  0.0, Avg:  0.0, Max:  0.0, Diff:  0.0, Sum:  0.0, Workers: 5
[2025-05-20T20:52:20.235+0300][13064][12400][debug][gc,phases] GC(0)     Dead                           Min: 0, Avg:  0.0, Max: 0, Diff: 0, Sum: 0, Workers: 5
[2025-05-20T20:52:20.235+0300][13064][12400][debug][gc,phases] GC(0)     Total                          Min: 0, Avg:  0.0, Max: 0, Diff: 0, Sum: 0, Workers: 5
[2025-05-20T20:52:20.235+0300][13064][12400][debug][gc,phases] GC(0) Phase 1: Weak Processing 0.415ms
[2025-05-20T20:52:20.235+0300][13064][12400][debug][gc,phases] GC(0) ClassLoaderData 0.004ms
[2025-05-20T20:52:20.235+0300][13064][12400][debug][gc,phases] GC(0) Trigger cleanups 0.001ms
[2025-05-20T20:52:20.235+0300][13064][12400][debug][gc,phases] GC(0) G1 Complete Cleaning 0.238ms
[2025-05-20T20:52:20.235+0300][13064][12400][debug][gc,phases] GC(0) Purge Unlinked NMethods 0.001ms
[2025-05-20T20:52:20.235+0300][13064][12400][debug][gc,phases] GC(0) Unregister NMethods 0.114ms
[2025-05-20T20:52:20.235+0300][13064][12400][debug][gc,phases] GC(0) Free Code Blobs 0.002ms
[2025-05-20T20:52:20.235+0300][13064][12400][debug][gc,phases] GC(0) Purge Class Loader Data 0.021ms
[2025-05-20T20:52:20.235+0300][13064][12400][debug][gc,phases] GC(0) Phase 1: Class Unloading and Cleanup 0.480ms
[2025-05-20T20:52:20.235+0300][13064][12400][debug][gc,phases] GC(0) Report Object Count 0.002ms
[2025-05-20T20:52:20.235+0300][13064][12400][info ][gc,phases] GC(0) Phase 1: Mark live objects 2.024ms
[2025-05-20T20:52:20.235+0300][13064][12400][debug][gc,phases] GC(0) Phase 2: Determine work lists 0.032ms
[2025-05-20T20:52:20.235+0300][13064][12400][debug][gc,phases] GC(0) Phase 2: Prepare parallel compaction 0.724ms
[2025-05-20T20:52:20.235+0300][13064][12400][info ][gc,phases] GC(0) Phase 2: Prepare compaction 0.794ms
[2025-05-20T20:52:20.235+0300][13064][12400][info ][gc,phases] GC(0) Phase 3: Adjust pointers 1.232ms
[2025-05-20T20:52:20.235+0300][13064][12400][info ][gc,phases] GC(0) Phase 4: Compact heap 1.112ms
[2025-05-20T20:52:20.244+0300][13064][12400][info ][gc,phases] GC(0) Phase 5: Reset Metadata 2.152ms
[2025-05-20T20:52:20.258+0300][13064][12400][info ][gc,heap  ] GC(0) Eden regions: 8->0(76)
[2025-05-20T20:52:20.258+0300][13064][12400][info ][gc,heap  ] GC(0) Survivor regions: 0->0(0)
[2025-05-20T20:52:20.258+0300][13064][12400][info ][gc,heap  ] GC(0) Old regions: 0->8
[2025-05-20T20:52:20.258+0300][13064][12400][info ][gc,heap  ] GC(0) Humongous regions: 0->0
[2025-05-20T20:52:20.258+0300][13064][12400][debug][gc,heap  ] GC(0) Heap after GC invocations=1 (full 1):
[2025-05-20T20:52:20.258+0300][13064][12400][debug][gc,heap  ] GC(0)  garbage-first heap   total 12582912K, used 2422K [0x0000000500000000, 0x0000000800000000)
[2025-05-20T20:52:20.258+0300][13064][12400][debug][gc,heap  ] GC(0)   region size 8192K, 0 young (0K), 0 survivors (0K)
[2025-05-20T20:52:20.258+0300][13064][12400][debug][gc,heap  ] GC(0)  Metaspace       used 2840K, committed 3072K, reserved 1114112K
[2025-05-20T20:52:20.258+0300][13064][12400][debug][gc,heap  ] GC(0)   class space    used 257K, committed 384K, reserved 1048576K
[2025-05-20T20:52:20.258+0300][13064][12400][info ][gc       ] GC(0) Pause Full (System.gc()) 64M->2M(12288M) 24.970ms
[2025-05-20T20:52:20.258+0300][13064][12400][info ][safepoint] Safepoint "G1CollectFull", Time since last: 283322600 ns, Reaching safepoint: 2231300 ns, Cleanup: 41200 ns, At safepoint: 24991400 ns, Total: 27263900 ns
[2025-05-20T20:52:20.517+0300][13064][12400][debug][safepoint] Safepoint synchronization initiated using striped semaphore wait barrier. (22 threads)
[2025-05-20T20:52:20.517+0300][13064][12400][info ][safepoint] Safepoint "ICBufferFull", Time since last: 256826500 ns, Reaching safepoint: 62200 ns, Cleanup: 59300 ns, At safepoint: 3600 ns, Total: 125100 ns
[2025-05-20T20:52:21.523+0300][13064][12400][debug][safepoint] Safepoint synchronization initiated using striped semaphore wait barrier. (21 threads)
[2025-05-20T20:52:21.523+0300][13064][12400][info ][safepoint] Safepoint "Cleanup", Time since last: 1004559500 ns, Reaching safepoint: 39600 ns, Cleanup: 43700 ns, At safepoint: 4000 ns, Total: 87300 ns
[2025-05-20T20:52:22.529+0300][13064][12400][debug][safepoint] Safepoint synchronization initiated using striped semaphore wait barrier. (20 threads)
[2025-05-20T20:52:22.529+0300][13064][12400][info ][safepoint] Safepoint "Cleanup", Time since last: 1005970600 ns, Reaching safepoint: 43100 ns, Cleanup: 11400 ns, At safepoint: 3100 ns, Total: 57600 ns
[2025-05-20T20:52:23.540+0300][13064][12400][debug][safepoint] Safepoint synchronization initiated using striped semaphore wait barrier. (20 threads)
[2025-05-20T20:52:23.540+0300][13064][12400][info ][safepoint] Safepoint "Cleanup", Time since last: 1010668300 ns, Reaching safepoint: 41400 ns, Cleanup: 13700 ns, At safepoint: 3600 ns, Total: 58700 ns
[2025-05-20T20:52:26.549+0300][13064][12400][debug][safepoint] Safepoint synchronization initiated using striped semaphore wait barrier. (20 threads)
[2025-05-20T20:52:26.549+0300][13064][12400][info ][safepoint] Safepoint "Cleanup", Time since last: 3009445000 ns, Reaching safepoint: 42300 ns, Cleanup: 14000 ns, At safepoint: 3900 ns, Total: 60200 ns
[2025-05-20T20:52:26.862+0300][13064][12400][debug][safepoint] Safepoint synchronization initiated using striped semaphore wait barrier. (11 threads)
[2025-05-20T20:52:26.862+0300][13064][12400][debug][gc,heap  ] GC(1) Heap before GC invocations=1 (full 1):
[2025-05-20T20:52:26.862+0300][13064][12400][debug][gc,heap  ] GC(1)  garbage-first heap   total 12582912K, used 100726K [0x0000000500000000, 0x0000000800000000)
[2025-05-20T20:52:26.862+0300][13064][12400][debug][gc,heap  ] GC(1)   region size 8192K, 13 young (106496K), 0 survivors (0K)
[2025-05-20T20:52:26.862+0300][13064][12400][debug][gc,heap  ] GC(1)  Metaspace       used 5358K, committed 5632K, reserved 1114112K
[2025-05-20T20:52:26.862+0300][13064][12400][debug][gc,heap  ] GC(1)   class space    used 583K, committed 704K, reserved 1048576K
[2025-05-20T20:52:26.862+0300][13064][12400][debug][gc,phases] GC(1) Phase 1: Reference Processing 0.067ms
[2025-05-20T20:52:26.862+0300][13064][12400][debug][gc,phases] GC(1)   VM Weak                        Min:  0.0, Avg:  0.0, Max:  0.0, Diff:  0.0, Sum:  0.0, Workers: 6
[2025-05-20T20:52:26.862+0300][13064][12400][debug][gc,phases] GC(1)     Dead                           Min: 0, Avg:  0.0, Max: 0, Diff: 0, Sum: 0, Workers: 6
[2025-05-20T20:52:26.862+0300][13064][12400][debug][gc,phases] GC(1)     Total                          Min: 0, Avg:  3.3, Max: 20, Diff: 20, Sum: 20, Workers: 6
[2025-05-20T20:52:26.862+0300][13064][12400][debug][gc,phases] GC(1)   ObjectSynchronizer Weak        Min:  0.0, Avg:  0.0, Max:  0.0, Diff:  0.0, Sum:  0.0, Workers: 6
[2025-05-20T20:52:26.862+0300][13064][12400][debug][gc,phases] GC(1)     Dead                           Min: 0, Avg:  0.7, Max: 4, Diff: 4, Sum: 4, Workers: 6
[2025-05-20T20:52:26.862+0300][13064][12400][debug][gc,phases] GC(1)     Total                          Min: 0, Avg:  1.0, Max: 6, Diff: 6, Sum: 6, Workers: 6
[2025-05-20T20:52:26.862+0300][13064][12400][debug][gc,phases] GC(1)   JVMTI Tag Weak OopStorage      Min:  0.0, Avg:  0.0, Max:  0.0, Diff:  0.0, Sum:  0.0, Workers: 6
[2025-05-20T20:52:26.862+0300][13064][12400][debug][gc,phases] GC(1)     Dead                           Min: 0, Avg:  0.0, Max: 0, Diff: 0, Sum: 0, Workers: 6
[2025-05-20T20:52:26.862+0300][13064][12400][debug][gc,phases] GC(1)     Total                          Min: 0, Avg:  0.0, Max: 0, Diff: 0, Sum: 0, Workers: 6
[2025-05-20T20:52:26.862+0300][13064][12400][debug][gc,phases] GC(1)   StringTable Weak               Min:  0.0, Avg:  0.0, Max:  0.0, Diff:  0.0, Sum:  0.0, Workers: 6
[2025-05-20T20:52:26.862+0300][13064][12400][debug][gc,phases] GC(1)     Dead                           Min: 0, Avg:  0.0, Max: 0, Diff: 0, Sum: 0, Workers: 6
[2025-05-20T20:52:26.862+0300][13064][12400][debug][gc,phases] GC(1)     Total                          Min: 640, Avg: 954.7, Max: 1472, Diff: 832, Sum: 5728, Workers: 6
[2025-05-20T20:52:26.862+0300][13064][12400][debug][gc,phases] GC(1)   ResolvedMethodTable Weak       Min:  0.0, Avg:  0.0, Max:  0.0, Diff:  0.0, Sum:  0.0, Workers: 6
[2025-05-20T20:52:26.862+0300][13064][12400][debug][gc,phases] GC(1)     Dead                           Min: 0, Avg:  0.2, Max: 1, Diff: 1, Sum: 1, Workers: 6
[2025-05-20T20:52:26.862+0300][13064][12400][debug][gc,phases] GC(1)     Total                          Min: 0, Avg: 34.8, Max: 64, Diff: 64, Sum: 209, Workers: 6
[2025-05-20T20:52:26.862+0300][13064][12400][debug][gc,phases] GC(1)   JNI Weak                       Min:  0.0, Avg:  0.0, Max:  0.0, Diff:  0.0, Sum:  0.0, Workers: 6
[2025-05-20T20:52:26.862+0300][13064][12400][debug][gc,phases] GC(1)     Dead                           Min: 0, Avg:  0.0, Max: 0, Diff: 0, Sum: 0, Workers: 6
[2025-05-20T20:52:26.862+0300][13064][12400][debug][gc,phases] GC(1)     Total                          Min: 0, Avg:  0.0, Max: 0, Diff: 0, Sum: 0, Workers: 6
[2025-05-20T20:52:26.862+0300][13064][12400][debug][gc,phases] GC(1)   StringDedup Table Weak         Min:  0.0, Avg:  0.0, Max:  0.0, Diff:  0.0, Sum:  0.0, Workers: 6
[2025-05-20T20:52:26.862+0300][13064][12400][debug][gc,phases] GC(1)     Dead                           Min: 0, Avg:  0.0, Max: 0, Diff: 0, Sum: 0, Workers: 6
[2025-05-20T20:52:26.862+0300][13064][12400][debug][gc,phases] GC(1)     Total                          Min: 0, Avg:  0.0, Max: 0, Diff: 0, Sum: 0, Workers: 6
[2025-05-20T20:52:26.862+0300][13064][12400][debug][gc,phases] GC(1)   StringDedup Requests0 Weak     Min:  0.0, Avg:  0.0, Max:  0.0, Diff:  0.0, Sum:  0.0, Workers: 6
[2025-05-20T20:52:26.862+0300][13064][12400][debug][gc,phases] GC(1)     Dead                           Min: 0, Avg:  0.0, Max: 0, Diff: 0, Sum: 0, Workers: 6
[2025-05-20T20:52:26.862+0300][13064][12400][debug][gc,phases] GC(1)     Total                          Min: 0, Avg:  0.0, Max: 0, Diff: 0, Sum: 0, Workers: 6
[2025-05-20T20:52:26.862+0300][13064][12400][debug][gc,phases] GC(1)   StringDedup Requests1 Weak     Min:  0.0, Avg:  0.0, Max:  0.0, Diff:  0.0, Sum:  0.0, Workers: 6
[2025-05-20T20:52:26.862+0300][13064][12400][debug][gc,phases] GC(1)     Dead                           Min: 0, Avg:  0.0, Max: 0, Diff: 0, Sum: 0, Workers: 6
[2025-05-20T20:52:26.862+0300][13064][12400][debug][gc,phases] GC(1)     Total                          Min: 0, Avg:  0.0, Max: 0, Diff: 0, Sum: 0, Workers: 6
[2025-05-20T20:52:26.862+0300][13064][12400][debug][gc,phases] GC(1)   Weak JFR Old Object Samples    Min:  0.0, Avg:  0.0, Max:  0.0, Diff:  0.0, Sum:  0.0, Workers: 6
[2025-05-20T20:52:26.862+0300][13064][12400][debug][gc,phases] GC(1)     Dead                           Min: 0, Avg:  0.0, Max: 0, Diff: 0, Sum: 0, Workers: 6
[2025-05-20T20:52:26.862+0300][13064][12400][debug][gc,phases] GC(1)     Total                          Min: 0, Avg:  0.0, Max: 0, Diff: 0, Sum: 0, Workers: 6
[2025-05-20T20:52:26.862+0300][13064][12400][debug][gc,phases] GC(1) Phase 1: Weak Processing 0.395ms
[2025-05-20T20:52:26.862+0300][13064][12400][debug][gc,phases] GC(1) ClassLoaderData 0.001ms
[2025-05-20T20:52:26.862+0300][13064][12400][debug][gc,phases] GC(1) Trigger cleanups 0.001ms
[2025-05-20T20:52:26.862+0300][13064][12400][debug][gc,phases] GC(1) G1 Complete Cleaning 0.428ms
[2025-05-20T20:52:26.862+0300][13064][12400][debug][gc,phases] GC(1) Purge Unlinked NMethods 0.048ms
[2025-05-20T20:52:26.862+0300][13064][12400][debug][gc,phases] GC(1) Unregister NMethods 0.090ms
[2025-05-20T20:52:26.862+0300][13064][12400][debug][gc,phases] GC(1) Free Code Blobs 0.011ms
[2025-05-20T20:52:26.862+0300][13064][12400][debug][gc,phases] GC(1) Purge Class Loader Data 0.003ms
[2025-05-20T20:52:26.862+0300][13064][12400][debug][gc,phases] GC(1) Phase 1: Class Unloading and Cleanup 0.662ms
[2025-05-20T20:52:26.862+0300][13064][12400][debug][gc,phases] GC(1) Report Object Count 0.002ms
[2025-05-20T20:52:26.862+0300][13064][12400][info ][gc,phases] GC(1) Phase 1: Mark live objects 1.940ms
[2025-05-20T20:52:26.862+0300][13064][12400][debug][gc,phases] GC(1) Phase 2: Determine work lists 0.045ms
[2025-05-20T20:52:26.862+0300][13064][12400][debug][gc,phases] GC(1) Phase 2: Prepare parallel compaction 0.637ms
[2025-05-20T20:52:26.862+0300][13064][12400][info ][gc,phases] GC(1) Phase 2: Prepare compaction 0.707ms
[2025-05-20T20:52:26.862+0300][13064][12400][info ][gc,phases] GC(1) Phase 3: Adjust pointers 1.075ms
[2025-05-20T20:52:26.862+0300][13064][12400][info ][gc,phases] GC(1) Phase 4: Compact heap 0.972ms
[2025-05-20T20:52:26.877+0300][13064][12400][info ][gc,phases] GC(1) Phase 5: Reset Metadata 2.163ms
[2025-05-20T20:52:26.893+0300][13064][12400][info ][gc,heap  ] GC(1) Eden regions: 13->0(76)
[2025-05-20T20:52:26.893+0300][13064][12400][info ][gc,heap  ] GC(1) Survivor regions: 0->0(0)
[2025-05-20T20:52:26.893+0300][13064][12400][info ][gc,heap  ] GC(1) Old regions: 8->8
[2025-05-20T20:52:26.893+0300][13064][12400][info ][gc,heap  ] GC(1) Humongous regions: 0->0
[2025-05-20T20:52:26.893+0300][13064][12400][debug][gc,heap  ] GC(1) Heap after GC invocations=2 (full 2):
[2025-05-20T20:52:26.893+0300][13064][12400][debug][gc,heap  ] GC(1)  garbage-first heap   total 12582912K, used 2757K [0x0000000500000000, 0x0000000800000000)
[2025-05-20T20:52:26.893+0300][13064][12400][debug][gc,heap  ] GC(1)   region size 8192K, 0 young (0K), 0 survivors (0K)
[2025-05-20T20:52:26.893+0300][13064][12400][debug][gc,heap  ] GC(1)  Metaspace       used 5358K, committed 5632K, reserved 1114112K
[2025-05-20T20:52:26.893+0300][13064][12400][debug][gc,heap  ] GC(1)   class space    used 583K, committed 704K, reserved 1048576K
[2025-05-20T20:52:26.893+0300][13064][12400][info ][gc       ] GC(1) Pause Full (System.gc()) 106M->2M(12288M) 23.884ms
[2025-05-20T20:52:26.893+0300][13064][12400][info ][safepoint] Safepoint "G1CollectFull", Time since last: 320590100 ns, Reaching safepoint: 33000 ns, Cleanup: 13200 ns, At safepoint: 23904900 ns, Total: 23951100 ns
[2025-05-20T20:52:27.894+0300][13064][12400][debug][safepoint] Safepoint synchronization initiated using striped semaphore wait barrier. (21 threads)
[2025-05-20T20:52:27.894+0300][13064][12400][info ][safepoint] Safepoint "Cleanup", Time since last: 1000199300 ns, Reaching safepoint: 52200 ns, Cleanup: 27800 ns, At safepoint: 3700 ns, Total: 83700 ns
[2025-05-20T20:52:33.151+0300][13064][12400][debug][safepoint] Safepoint synchronization initiated using striped semaphore wait barrier. (11 threads)
[2025-05-20T20:52:33.151+0300][13064][12400][debug][gc,heap  ] GC(2) Heap before GC invocations=2 (full 2):
[2025-05-20T20:52:33.151+0300][13064][12400][debug][gc,heap  ] GC(2)  garbage-first heap   total 12582912K, used 101061K [0x0000000500000000, 0x0000000800000000)
[2025-05-20T20:52:33.151+0300][13064][12400][debug][gc,heap  ] GC(2)   region size 8192K, 13 young (106496K), 0 survivors (0K)
[2025-05-20T20:52:33.151+0300][13064][12400][debug][gc,heap  ] GC(2)  Metaspace       used 5402K, committed 5632K, reserved 1114112K
[2025-05-20T20:52:33.151+0300][13064][12400][debug][gc,heap  ] GC(2)   class space    used 583K, committed 704K, reserved 1048576K
[2025-05-20T20:52:33.151+0300][13064][12400][debug][gc,phases] GC(2) Phase 1: Reference Processing 0.064ms
[2025-05-20T20:52:33.151+0300][13064][12400][debug][gc,phases] GC(2)   VM Weak                        Min:  0.0, Avg:  0.0, Max:  0.0, Diff:  0.0, Sum:  0.0, Workers: 6
[2025-05-20T20:52:33.151+0300][13064][12400][debug][gc,phases] GC(2)     Dead                           Min: 0, Avg:  0.0, Max: 0, Diff: 0, Sum: 0, Workers: 6
[2025-05-20T20:52:33.151+0300][13064][12400][debug][gc,phases] GC(2)     Total                          Min: 0, Avg:  3.3, Max: 20, Diff: 20, Sum: 20, Workers: 6
[2025-05-20T20:52:33.151+0300][13064][12400][debug][gc,phases] GC(2)   ObjectSynchronizer Weak        Min:  0.0, Avg:  0.0, Max:  0.0, Diff:  0.0, Sum:  0.0, Workers: 6
[2025-05-20T20:52:33.151+0300][13064][12400][debug][gc,phases] GC(2)     Dead                           Min: 0, Avg:  0.7, Max: 4, Diff: 4, Sum: 4, Workers: 6
[2025-05-20T20:52:33.151+0300][13064][12400][debug][gc,phases] GC(2)     Total                          Min: 0, Avg:  1.7, Max: 10, Diff: 10, Sum: 10, Workers: 6
[2025-05-20T20:52:33.151+0300][13064][12400][debug][gc,phases] GC(2)   JVMTI Tag Weak OopStorage      Min:  0.0, Avg:  0.0, Max:  0.0, Diff:  0.0, Sum:  0.0, Workers: 6
[2025-05-20T20:52:33.151+0300][13064][12400][debug][gc,phases] GC(2)     Dead                           Min: 0, Avg:  0.0, Max: 0, Diff: 0, Sum: 0, Workers: 6
[2025-05-20T20:52:33.151+0300][13064][12400][debug][gc,phases] GC(2)     Total                          Min: 0, Avg:  0.0, Max: 0, Diff: 0, Sum: 0, Workers: 6
[2025-05-20T20:52:33.151+0300][13064][12400][debug][gc,phases] GC(2)   StringTable Weak               Min:  0.0, Avg:  0.0, Max:  0.0, Diff:  0.0, Sum:  0.0, Workers: 6
[2025-05-20T20:52:33.151+0300][13064][12400][debug][gc,phases] GC(2)     Dead                           Min: 0, Avg:  0.0, Max: 0, Diff: 0, Sum: 0, Workers: 6
[2025-05-20T20:52:33.151+0300][13064][12400][debug][gc,phases] GC(2)     Total                          Min: 704, Avg: 955.5, Max: 1344, Diff: 640, Sum: 5733, Workers: 6
[2025-05-20T20:52:33.151+0300][13064][12400][debug][gc,phases] GC(2)   ResolvedMethodTable Weak       Min:  0.0, Avg:  0.0, Max:  0.0, Diff:  0.0, Sum:  0.0, Workers: 6
[2025-05-20T20:52:33.151+0300][13064][12400][debug][gc,phases] GC(2)     Dead                           Min: 0, Avg:  0.0, Max: 0, Diff: 0, Sum: 0, Workers: 6
[2025-05-20T20:52:33.151+0300][13064][12400][debug][gc,phases] GC(2)     Total                          Min: 0, Avg: 34.8, Max: 64, Diff: 64, Sum: 209, Workers: 6
[2025-05-20T20:52:33.151+0300][13064][12400][debug][gc,phases] GC(2)   JNI Weak                       Min:  0.0, Avg:  0.0, Max:  0.0, Diff:  0.0, Sum:  0.0, Workers: 6
[2025-05-20T20:52:33.151+0300][13064][12400][debug][gc,phases] GC(2)     Dead                           Min: 0, Avg:  0.0, Max: 0, Diff: 0, Sum: 0, Workers: 6
[2025-05-20T20:52:33.151+0300][13064][12400][debug][gc,phases] GC(2)     Total                          Min: 0, Avg:  0.0, Max: 0, Diff: 0, Sum: 0, Workers: 6
[2025-05-20T20:52:33.151+0300][13064][12400][debug][gc,phases] GC(2)   StringDedup Table Weak         Min:  0.0, Avg:  0.0, Max:  0.0, Diff:  0.0, Sum:  0.0, Workers: 6
[2025-05-20T20:52:33.151+0300][13064][12400][debug][gc,phases] GC(2)     Dead                           Min: 0, Avg:  0.0, Max: 0, Diff: 0, Sum: 0, Workers: 6
[2025-05-20T20:52:33.151+0300][13064][12400][debug][gc,phases] GC(2)     Total                          Min: 0, Avg:  0.0, Max: 0, Diff: 0, Sum: 0, Workers: 6
[2025-05-20T20:52:33.151+0300][13064][12400][debug][gc,phases] GC(2)   StringDedup Requests0 Weak     Min:  0.0, Avg:  0.0, Max:  0.0, Diff:  0.0, Sum:  0.0, Workers: 6
[2025-05-20T20:52:33.151+0300][13064][12400][debug][gc,phases] GC(2)     Dead                           Min: 0, Avg:  0.0, Max: 0, Diff: 0, Sum: 0, Workers: 6
[2025-05-20T20:52:33.151+0300][13064][12400][debug][gc,phases] GC(2)     Total                          Min: 0, Avg:  0.0, Max: 0, Diff: 0, Sum: 0, Workers: 6
[2025-05-20T20:52:33.151+0300][13064][12400][debug][gc,phases] GC(2)   StringDedup Requests1 Weak     Min:  0.0, Avg:  0.0, Max:  0.0, Diff:  0.0, Sum:  0.0, Workers: 6
[2025-05-20T20:52:33.151+0300][13064][12400][debug][gc,phases] GC(2)     Dead                           Min: 0, Avg:  0.0, Max: 0, Diff: 0, Sum: 0, Workers: 6
[2025-05-20T20:52:33.151+0300][13064][12400][debug][gc,phases] GC(2)     Total                          Min: 0, Avg:  0.0, Max: 0, Diff: 0, Sum: 0, Workers: 6
[2025-05-20T20:52:33.151+0300][13064][12400][debug][gc,phases] GC(2)   Weak JFR Old Object Samples    Min:  0.0, Avg:  0.0, Max:  0.0, Diff:  0.0, Sum:  0.0, Workers: 6
[2025-05-20T20:52:33.151+0300][13064][12400][debug][gc,phases] GC(2)     Dead                           Min: 0, Avg:  0.0, Max: 0, Diff: 0, Sum: 0, Workers: 6
[2025-05-20T20:52:33.151+0300][13064][12400][debug][gc,phases] GC(2)     Total                          Min: 0, Avg:  0.0, Max: 0, Diff: 0, Sum: 0, Workers: 6
[2025-05-20T20:52:33.151+0300][13064][12400][debug][gc,phases] GC(2) Phase 1: Weak Processing 0.348ms
[2025-05-20T20:52:33.151+0300][13064][12400][debug][gc,phases] GC(2) ClassLoaderData 0.001ms
[2025-05-20T20:52:33.151+0300][13064][12400][debug][gc,phases] GC(2) Trigger cleanups 0.001ms
[2025-05-20T20:52:33.151+0300][13064][12400][debug][gc,phases] GC(2) G1 Complete Cleaning 0.458ms
[2025-05-20T20:52:33.151+0300][13064][12400][debug][gc,phases] GC(2) Purge Unlinked NMethods 0.214ms
[2025-05-20T20:52:33.151+0300][13064][12400][debug][gc,phases] GC(2) Unregister NMethods 0.121ms
[2025-05-20T20:52:33.151+0300][13064][12400][debug][gc,phases] GC(2) Free Code Blobs 0.085ms
[2025-05-20T20:52:33.151+0300][13064][12400][debug][gc,phases] GC(2) Purge Class Loader Data 0.018ms
[2025-05-20T20:52:33.151+0300][13064][12400][debug][gc,phases] GC(2) Phase 1: Class Unloading and Cleanup 0.983ms
[2025-05-20T20:52:33.151+0300][13064][12400][debug][gc,phases] GC(2) Report Object Count 0.001ms
[2025-05-20T20:52:33.151+0300][13064][12400][info ][gc,phases] GC(2) Phase 1: Mark live objects 2.308ms
[2025-05-20T20:52:33.151+0300][13064][12400][debug][gc,phases] GC(2) Phase 2: Determine work lists 0.037ms
[2025-05-20T20:52:33.151+0300][13064][12400][debug][gc,phases] GC(2) Phase 2: Prepare parallel compaction 0.529ms
[2025-05-20T20:52:33.151+0300][13064][12400][info ][gc,phases] GC(2) Phase 2: Prepare compaction 0.603ms
[2025-05-20T20:52:33.151+0300][13064][12400][info ][gc,phases] GC(2) Phase 3: Adjust pointers 0.990ms
[2025-05-20T20:52:33.151+0300][13064][12400][info ][gc,phases] GC(2) Phase 4: Compact heap 0.620ms
[2025-05-20T20:52:33.165+0300][13064][12400][info ][gc,phases] GC(2) Phase 5: Reset Metadata 2.086ms
[2025-05-20T20:52:33.181+0300][13064][12400][info ][gc,heap  ] GC(2) Eden regions: 13->0(76)
[2025-05-20T20:52:33.181+0300][13064][12400][info ][gc,heap  ] GC(2) Survivor regions: 0->0(0)
[2025-05-20T20:52:33.181+0300][13064][12400][info ][gc,heap  ] GC(2) Old regions: 8->8
[2025-05-20T20:52:33.181+0300][13064][12400][info ][gc,heap  ] GC(2) Humongous regions: 0->0
[2025-05-20T20:52:33.181+0300][13064][12400][debug][gc,heap  ] GC(2) Heap after GC invocations=3 (full 3):
[2025-05-20T20:52:33.181+0300][13064][12400][debug][gc,heap  ] GC(2)  garbage-first heap   total 12582912K, used 2758K [0x0000000500000000, 0x0000000800000000)
[2025-05-20T20:52:33.181+0300][13064][12400][debug][gc,heap  ] GC(2)   region size 8192K, 0 young (0K), 0 survivors (0K)
[2025-05-20T20:52:33.181+0300][13064][12400][debug][gc,heap  ] GC(2)  Metaspace       used 5402K, committed 5632K, reserved 1114112K
[2025-05-20T20:52:33.181+0300][13064][12400][debug][gc,heap  ] GC(2)   class space    used 583K, committed 704K, reserved 1048576K
[2025-05-20T20:52:33.181+0300][13064][12400][info ][gc       ] GC(2) Pause Full (System.gc()) 106M->2M(12288M) 23.551ms
[2025-05-20T20:52:33.181+0300][13064][12400][info ][safepoint] Safepoint "G1CollectFull", Time since last: 5264011700 ns, Reaching safepoint: 35400 ns, Cleanup: 7900 ns, At safepoint: 23568700 ns, Total: 23612000 ns
[2025-05-20T20:52:34.186+0300][13064][12400][debug][safepoint] Safepoint synchronization initiated using striped semaphore wait barrier. (20 threads)
[2025-05-20T20:52:34.186+0300][13064][12400][info ][safepoint] Safepoint "Cleanup", Time since last: 1004625600 ns, Reaching safepoint: 58700 ns, Cleanup: 20300 ns, At safepoint: 4100 ns, Total: 83100 ns
[2025-05-20T20:52:39.373+0300][13064][12400][debug][safepoint] Safepoint synchronization initiated using striped semaphore wait barrier. (11 threads)
