[2025-05-20T20:52:39.580+0300][9844][12536][debug][gc,heap] Minimum heap 12884901888  Initial heap 12884901888  Maximum heap 12884901888
[2025-05-20T20:52:39.580+0300][9844][12536][info ][gc     ] Using G1
[2025-05-20T20:52:39.580+0300][9844][12536][debug][gc     ] ConcGCThreads: 2 offset 16
[2025-05-20T20:52:39.580+0300][9844][12536][debug][gc     ] ParallelGCThreads: 8
[2025-05-20T20:52:39.580+0300][9844][12536][debug][gc     ] Initialize mark stack with 4096 chunks, maximum 524288
[2025-05-20T20:52:40.677+0300][9844][9816 ][debug][safepoint] Safepoint synchronization initiated using striped semaphore wait barrier. (11 threads)
[2025-05-20T20:52:40.677+0300][9844][9816 ][info ][safepoint] Safepoint "Cleanup", Time since last: 1063625500 ns, Reaching safepoint: 262300 ns, Cleanup: 54200 ns, At safepoint: 5500 ns, Total: 322000 ns
[2025-05-20T20:52:41.453+0300][9844][9816 ][debug][safepoint] Safepoint synchronization initiated using striped semaphore wait barrier. (12 threads)
[2025-05-20T20:52:41.453+0300][9844][9816 ][debug][gc,heap  ] GC(0) Heap before GC invocations=0 (full 0):
[2025-05-20T20:52:41.453+0300][9844][9816 ][debug][gc,heap  ] GC(0)  garbage-first heap   total 12582912K, used 155648K [0x0000000500000000, 0x0000000800000000)
[2025-05-20T20:52:41.453+0300][9844][9816 ][debug][gc,heap  ] GC(0)   region size 8192K, 20 young (163840K), 0 survivors (0K)
[2025-05-20T20:52:41.453+0300][9844][9816 ][debug][gc,heap  ] GC(0)  Metaspace       used 2846K, committed 3072K, reserved 1114112K
[2025-05-20T20:52:41.453+0300][9844][9816 ][debug][gc,heap  ] GC(0)   class space    used 256K, committed 384K, reserved 1048576K
[2025-05-20T20:52:41.453+0300][9844][9816 ][debug][gc,phases] GC(0) Phase 1: Reference Processing 0.171ms
[2025-05-20T20:52:41.453+0300][9844][9816 ][debug][gc,phases] GC(0)   VM Weak                        Min:  0.0, Avg:  0.0, Max:  0.0, Diff:  0.0, Sum:  0.0, Workers: 5
[2025-05-20T20:52:41.453+0300][9844][9816 ][debug][gc,phases] GC(0)     Dead                           Min: 0, Avg:  0.0, Max: 0, Diff: 0, Sum: 0, Workers: 5
[2025-05-20T20:52:41.453+0300][9844][9816 ][debug][gc,phases] GC(0)     Total                          Min: 0, Avg:  4.0, Max: 20, Diff: 20, Sum: 20, Workers: 5
[2025-05-20T20:52:41.453+0300][9844][9816 ][debug][gc,phases] GC(0)   ObjectSynchronizer Weak        Min:  0.0, Avg:  0.0, Max:  0.0, Diff:  0.0, Sum:  0.0, Workers: 5
[2025-05-20T20:52:41.453+0300][9844][9816 ][debug][gc,phases] GC(0)     Dead                           Min: 0, Avg:  0.0, Max: 0, Diff: 0, Sum: 0, Workers: 5
[2025-05-20T20:52:41.453+0300][9844][9816 ][debug][gc,phases] GC(0)     Total                          Min: 0, Avg:  0.2, Max: 1, Diff: 1, Sum: 1, Workers: 5
[2025-05-20T20:52:41.453+0300][9844][9816 ][debug][gc,phases] GC(0)   JVMTI Tag Weak OopStorage      Min:  0.0, Avg:  0.0, Max:  0.0, Diff:  0.0, Sum:  0.0, Workers: 5
[2025-05-20T20:52:41.453+0300][9844][9816 ][debug][gc,phases] GC(0)     Dead                           Min: 0, Avg:  0.0, Max: 0, Diff: 0, Sum: 0, Workers: 5
[2025-05-20T20:52:41.453+0300][9844][9816 ][debug][gc,phases] GC(0)     Total                          Min: 0, Avg:  0.0, Max: 0, Diff: 0, Sum: 0, Workers: 5
[2025-05-20T20:52:41.453+0300][9844][9816 ][debug][gc,phases] GC(0)   StringTable Weak               Min:  0.0, Avg:  0.0, Max:  0.0, Diff:  0.0, Sum:  0.0, Workers: 5
[2025-05-20T20:52:41.453+0300][9844][9816 ][debug][gc,phases] GC(0)     Dead                           Min: 0, Avg:  1.0, Max: 2, Diff: 2, Sum: 5, Workers: 5
[2025-05-20T20:52:41.453+0300][9844][9816 ][debug][gc,phases] GC(0)     Total                          Min: 0, Avg: 849.4, Max: 1152, Diff: 1152, Sum: 4247, Workers: 5
[2025-05-20T20:52:41.453+0300][9844][9816 ][debug][gc,phases] GC(0)   ResolvedMethodTable Weak       Min:  0.0, Avg:  0.0, Max:  0.0, Diff:  0.0, Sum:  0.0, Workers: 5
[2025-05-20T20:52:41.453+0300][9844][9816 ][debug][gc,phases] GC(0)     Dead                           Min: 0, Avg:  4.2, Max: 13, Diff: 13, Sum: 21, Workers: 5
[2025-05-20T20:52:41.453+0300][9844][9816 ][debug][gc,phases] GC(0)     Total                          Min: 0, Avg: 40.4, Max: 64, Diff: 64, Sum: 202, Workers: 5
[2025-05-20T20:52:41.453+0300][9844][9816 ][debug][gc,phases] GC(0)   JNI Weak                       Min:  0.0, Avg:  0.0, Max:  0.0, Diff:  0.0, Sum:  0.0, Workers: 5
[2025-05-20T20:52:41.453+0300][9844][9816 ][debug][gc,phases] GC(0)     Dead                           Min: 0, Avg:  0.0, Max: 0, Diff: 0, Sum: 0, Workers: 5
[2025-05-20T20:52:41.453+0300][9844][9816 ][debug][gc,phases] GC(0)     Total                          Min: 0, Avg:  0.0, Max: 0, Diff: 0, Sum: 0, Workers: 5
[2025-05-20T20:52:41.453+0300][9844][9816 ][debug][gc,phases] GC(0)   StringDedup Table Weak         Min:  0.0, Avg:  0.0, Max:  0.0, Diff:  0.0, Sum:  0.0, Workers: 5
[2025-05-20T20:52:41.453+0300][9844][9816 ][debug][gc,phases] GC(0)     Dead                           Min: 0, Avg:  0.0, Max: 0, Diff: 0, Sum: 0, Workers: 5
[2025-05-20T20:52:41.453+0300][9844][9816 ][debug][gc,phases] GC(0)     Total                          Min: 0, Avg:  0.0, Max: 0, Diff: 0, Sum: 0, Workers: 5
[2025-05-20T20:52:41.453+0300][9844][9816 ][debug][gc,phases] GC(0)   StringDedup Requests0 Weak     Min:  0.0, Avg:  0.0, Max:  0.0, Diff:  0.0, Sum:  0.0, Workers: 5
[2025-05-20T20:52:41.453+0300][9844][9816 ][debug][gc,phases] GC(0)     Dead                           Min: 0, Avg:  0.0, Max: 0, Diff: 0, Sum: 0, Workers: 5
[2025-05-20T20:52:41.453+0300][9844][9816 ][debug][gc,phases] GC(0)     Total                          Min: 0, Avg:  0.0, Max: 0, Diff: 0, Sum: 0, Workers: 5
[2025-05-20T20:52:41.453+0300][9844][9816 ][debug][gc,phases] GC(0)   StringDedup Requests1 Weak     Min:  0.0, Avg:  0.0, Max:  0.0, Diff:  0.0, Sum:  0.0, Workers: 5
[2025-05-20T20:52:41.453+0300][9844][9816 ][debug][gc,phases] GC(0)     Dead                           Min: 0, Avg:  0.0, Max: 0, Diff: 0, Sum: 0, Workers: 5
[2025-05-20T20:52:41.453+0300][9844][9816 ][debug][gc,phases] GC(0)     Total                          Min: 0, Avg:  0.0, Max: 0, Diff: 0, Sum: 0, Workers: 5
[2025-05-20T20:52:41.453+0300][9844][9816 ][debug][gc,phases] GC(0)   Weak JFR Old Object Samples    Min:  0.0, Avg:  0.0, Max:  0.0, Diff:  0.0, Sum:  0.0, Workers: 5
[2025-05-20T20:52:41.453+0300][9844][9816 ][debug][gc,phases] GC(0)     Dead                           Min: 0, Avg:  0.0, Max: 0, Diff: 0, Sum: 0, Workers: 5
[2025-05-20T20:52:41.453+0300][9844][9816 ][debug][gc,phases] GC(0)     Total                          Min: 0, Avg:  0.0, Max: 0, Diff: 0, Sum: 0, Workers: 5
[2025-05-20T20:52:41.453+0300][9844][9816 ][debug][gc,phases] GC(0) Phase 1: Weak Processing 0.463ms
[2025-05-20T20:52:41.453+0300][9844][9816 ][debug][gc,phases] GC(0) ClassLoaderData 0.004ms
[2025-05-20T20:52:41.453+0300][9844][9816 ][debug][gc,phases] GC(0) Trigger cleanups 0.001ms
[2025-05-20T20:52:41.453+0300][9844][9816 ][debug][gc,phases] GC(0) G1 Complete Cleaning 0.465ms
[2025-05-20T20:52:41.453+0300][9844][9816 ][debug][gc,phases] GC(0) Purge Unlinked NMethods 0.001ms
[2025-05-20T20:52:41.453+0300][9844][9816 ][debug][gc,phases] GC(0) Unregister NMethods 0.095ms
[2025-05-20T20:52:41.453+0300][9844][9816 ][debug][gc,phases] GC(0) Free Code Blobs 0.002ms
[2025-05-20T20:52:41.453+0300][9844][9816 ][debug][gc,phases] GC(0) Purge Class Loader Data 0.022ms
[2025-05-20T20:52:41.453+0300][9844][9816 ][debug][gc,phases] GC(0) Phase 1: Class Unloading and Cleanup 0.699ms
[2025-05-20T20:52:41.453+0300][9844][9816 ][debug][gc,phases] GC(0) Report Object Count 0.002ms
[2025-05-20T20:52:41.453+0300][9844][9816 ][info ][gc,phases] GC(0) Phase 1: Mark live objects 2.522ms
[2025-05-20T20:52:41.453+0300][9844][9816 ][debug][gc,phases] GC(0) Phase 2: Determine work lists 0.053ms
[2025-05-20T20:52:41.453+0300][9844][9816 ][debug][gc,phases] GC(0) Phase 2: Prepare parallel compaction 0.835ms
[2025-05-20T20:52:41.453+0300][9844][9816 ][info ][gc,phases] GC(0) Phase 2: Prepare compaction 0.929ms
[2025-05-20T20:52:41.453+0300][9844][9816 ][info ][gc,phases] GC(0) Phase 3: Adjust pointers 1.122ms
[2025-05-20T20:52:41.468+0300][9844][9816 ][info ][gc,phases] GC(0) Phase 4: Compact heap 1.361ms
[2025-05-20T20:52:41.471+0300][9844][9816 ][info ][gc,phases] GC(0) Phase 5: Reset Metadata 2.212ms
[2025-05-20T20:52:41.488+0300][9844][9816 ][info ][gc,heap  ] GC(0) Eden regions: 20->0(76)
[2025-05-20T20:52:41.491+0300][9844][9816 ][info ][gc,heap  ] GC(0) Survivor regions: 0->0(0)
[2025-05-20T20:52:41.491+0300][9844][9816 ][info ][gc,heap  ] GC(0) Old regions: 0->8
[2025-05-20T20:52:41.491+0300][9844][9816 ][info ][gc,heap  ] GC(0) Humongous regions: 0->0
[2025-05-20T20:52:41.491+0300][9844][9816 ][debug][gc,heap  ] GC(0) Heap after GC invocations=1 (full 1):
[2025-05-20T20:52:41.491+0300][9844][9816 ][debug][gc,heap  ] GC(0)  garbage-first heap   total 12582912K, used 2947K [0x0000000500000000, 0x0000000800000000)
[2025-05-20T20:52:41.491+0300][9844][9816 ][debug][gc,heap  ] GC(0)   region size 8192K, 0 young (0K), 0 survivors (0K)
[2025-05-20T20:52:41.491+0300][9844][9816 ][debug][gc,heap  ] GC(0)  Metaspace       used 2846K, committed 3072K, reserved 1114112K
[2025-05-20T20:52:41.491+0300][9844][9816 ][debug][gc,heap  ] GC(0)   class space    used 256K, committed 384K, reserved 1048576K
[2025-05-20T20:52:41.491+0300][9844][9816 ][info ][gc       ] GC(0) Pause Full (System.gc()) 160M->2M(12288M) 28.318ms
[2025-05-20T20:52:41.491+0300][9844][9816 ][info ][safepoint] Safepoint "G1CollectFull", Time since last: 785253200 ns, Reaching safepoint: 38200 ns, Cleanup: 27500 ns, At safepoint: 28357700 ns, Total: 28423400 ns
[2025-05-20T20:52:41.786+0300][9844][9816 ][debug][safepoint] Safepoint synchronization initiated using striped semaphore wait barrier. (21 threads)
[2025-05-20T20:52:41.786+0300][9844][9816 ][info ][safepoint] Safepoint "ICBufferFull", Time since last: 294986500 ns, Reaching safepoint: 84300 ns, Cleanup: 85800 ns, At safepoint: 16300 ns, Total: 186400 ns
[2025-05-20T20:52:41.786+0300][9844][9816 ][debug][safepoint] Safepoint synchronization initiated using striped semaphore wait barrier. (21 threads)
[2025-05-20T20:52:41.786+0300][9844][11476][debug][safepoint] ... found polling page loop exception at pc = 0x0000027a523ca058, stub =0x0000027a59656600
[2025-05-20T20:52:41.786+0300][9844][9816 ][info ][safepoint] Safepoint "ICBufferFull", Time since last: 82100 ns, Reaching safepoint: 79500 ns, Cleanup: 3300 ns, At safepoint: 16000 ns, Total: 98800 ns
[2025-05-20T20:52:41.786+0300][9844][9816 ][debug][safepoint] Safepoint synchronization initiated using striped semaphore wait barrier. (21 threads)
[2025-05-20T20:52:41.786+0300][9844][21656][debug][safepoint] ... found polling page loop exception at pc = 0x0000027a523ca058, stub =0x0000027a59656600
[2025-05-20T20:52:41.786+0300][9844][9816 ][info ][safepoint] Safepoint "ICBufferFull", Time since last: 1353300 ns, Reaching safepoint: 108300 ns, Cleanup: 2800 ns, At safepoint: 17200 ns, Total: 128300 ns
[2025-05-20T20:52:41.925+0300][9844][9816 ][debug][safepoint] Safepoint synchronization initiated using striped semaphore wait barrier. (21 threads)
[2025-05-20T20:52:41.925+0300][9844][11176][debug][safepoint] ... found polling page loop exception at pc = 0x0000027a522cdb3e, stub =0x0000027a59656600
[2025-05-20T20:52:41.925+0300][9844][21656][debug][safepoint] ... found polling page loop exception at pc = 0x0000027a59c58760, stub =0x0000027a59655d80
[2025-05-20T20:52:41.925+0300][9844][9816 ][info ][safepoint] Safepoint "ICBufferFull", Time since last: 137607600 ns, Reaching safepoint: 188600 ns, Cleanup: 74600 ns, At safepoint: 20500 ns, Total: 283700 ns
[2025-05-20T20:52:41.925+0300][9844][9816 ][debug][safepoint] Safepoint synchronization initiated using striped semaphore wait barrier. (21 threads)
[2025-05-20T20:52:41.925+0300][9844][20900][debug][safepoint] ... found polling page loop exception at pc = 0x0000027a59c58760, stub =0x0000027a59655d80
[2025-05-20T20:52:41.925+0300][9844][10536][debug][safepoint] ... found polling page loop exception at pc = 0x0000027a59c69322, stub =0x0000027a59656600
[2025-05-20T20:52:41.925+0300][9844][9816 ][info ][safepoint] Safepoint "ICBufferFull", Time since last: 1035100 ns, Reaching safepoint: 145800 ns, Cleanup: 2700 ns, At safepoint: 19700 ns, Total: 168200 ns
[2025-05-20T20:52:42.510+0300][9844][9816 ][debug][safepoint] Safepoint synchronization initiated using striped semaphore wait barrier. (21 threads)
[2025-05-20T20:52:42.510+0300][9844][11476][debug][safepoint] ... found polling page loop exception at pc = 0x0000027a59c58760, stub =0x0000027a59655d80
[2025-05-20T20:52:42.510+0300][9844][18312][debug][safepoint] ... found polling page loop exception at pc = 0x0000027a59c94e66, stub =0x0000027a59655d80
[2025-05-20T20:52:42.510+0300][9844][20900][debug][safepoint] ... found polling page loop exception at pc = 0x0000027a59c69322, stub =0x0000027a59656600
[2025-05-20T20:52:42.510+0300][9844][21656][debug][safepoint] ... found polling page loop exception at pc = 0x0000027a59c58760, stub =0x0000027a59655d80
[2025-05-20T20:52:42.510+0300][9844][11176][debug][safepoint] ... found polling page loop exception at pc = 0x0000027a59c58760, stub =0x0000027a59655d80
[2025-05-20T20:52:42.510+0300][9844][9816 ][debug][gc,heap  ] GC(1) Heap before GC invocations=1 (full 1):
[2025-05-20T20:52:42.510+0300][9844][9816 ][debug][gc,heap  ] GC(1)  garbage-first heap   total 12582912K, used 617347K [0x0000000500000000, 0x0000000800000000)
[2025-05-20T20:52:42.510+0300][9844][9816 ][debug][gc,heap  ] GC(1)   region size 8192K, 76 young (622592K), 0 survivors (0K)
[2025-05-20T20:52:42.510+0300][9844][9816 ][debug][gc,heap  ] GC(1)  Metaspace       used 8860K, committed 9472K, reserved 1114112K
[2025-05-20T20:52:42.510+0300][9844][9816 ][debug][gc,heap  ] GC(1)   class space    used 980K, committed 1216K, reserved 1048576K
[2025-05-20T20:52:42.512+0300][9844][9816 ][info ][gc,phases] GC(1)   Pre Evacuate Collection Set: 0.2ms
[2025-05-20T20:52:42.512+0300][9844][9816 ][debug][gc,phases] GC(1)     Pre Evacuate Prepare: 0.0ms
[2025-05-20T20:52:42.512+0300][9844][9816 ][debug][gc,phases] GC(1)       JT Retire TLABs And Flush Logs (ms): Min:  0.0, Avg:  0.0, Max:  0.0, Diff:  0.0, Sum:  0.0, Workers: 2
[2025-05-20T20:52:42.512+0300][9844][9816 ][debug][gc,phases] GC(1)       Non-JT Flush Logs (ms):        Min:  0.0, Avg:  0.0, Max:  0.0, Diff:  0.0, Sum:  0.0, Workers: 1
[2025-05-20T20:52:42.512+0300][9844][9816 ][debug][gc,phases] GC(1)     Choose Collection Set: 0.0ms
[2025-05-20T20:52:42.512+0300][9844][9816 ][debug][gc,phases] GC(1)     Region Register: 0.2ms
[2025-05-20T20:52:42.512+0300][9844][9816 ][debug][gc,phases] GC(1)     Prepare Heap Roots: 0.0ms
[2025-05-20T20:52:42.512+0300][9844][9816 ][info ][gc,phases] GC(1)   Merge Heap Roots: 0.2ms
[2025-05-20T20:52:42.512+0300][9844][9816 ][debug][gc,phases] GC(1)     Prepare Merge Heap Roots: 0.1ms
[2025-05-20T20:52:42.512+0300][9844][9816 ][debug][gc,phases] GC(1)     Remembered Sets (ms):          Min:  0.0, Avg:  0.0, Max:  0.0, Diff:  0.0, Sum:  0.1, Workers: 8
[2025-05-20T20:52:42.512+0300][9844][9816 ][debug][gc,phases] GC(1)       Eager Reclaim (ms):            skipped
[2025-05-20T20:52:42.512+0300][9844][9816 ][debug][gc,phases] GC(1)       Merged Inline                  Min: 0, Avg:  0.0, Max: 0, Diff: 0, Sum: 0, Workers: 8
[2025-05-20T20:52:42.512+0300][9844][9816 ][debug][gc,phases] GC(1)       Merged ArrayOfCards            Min: 0, Avg:  0.0, Max: 0, Diff: 0, Sum: 0, Workers: 8
[2025-05-20T20:52:42.512+0300][9844][9816 ][debug][gc,phases] GC(1)       Merged Howl                    Min: 0, Avg:  0.0, Max: 0, Diff: 0, Sum: 0, Workers: 8
[2025-05-20T20:52:42.512+0300][9844][9816 ][debug][gc,phases] GC(1)       Merged Full                    Min: 0, Avg:  0.0, Max: 0, Diff: 0, Sum: 0, Workers: 8
[2025-05-20T20:52:42.512+0300][9844][9816 ][debug][gc,phases] GC(1)       Merged Howl Inline             Min: 0, Avg:  0.0, Max: 0, Diff: 0, Sum: 0, Workers: 8
[2025-05-20T20:52:42.512+0300][9844][9816 ][debug][gc,phases] GC(1)       Merged Howl ArrayOfCards       Min: 0, Avg:  0.0, Max: 0, Diff: 0, Sum: 0, Workers: 8
[2025-05-20T20:52:42.512+0300][9844][9816 ][debug][gc,phases] GC(1)       Merged Howl BitMap             Min: 0, Avg:  0.0, Max: 0, Diff: 0, Sum: 0, Workers: 8
[2025-05-20T20:52:42.512+0300][9844][9816 ][debug][gc,phases] GC(1)       Merged Howl Full               Min: 0, Avg:  0.0, Max: 0, Diff: 0, Sum: 0, Workers: 8
[2025-05-20T20:52:42.512+0300][9844][9816 ][debug][gc,phases] GC(1)       Merged Cards                   Min: 8, Avg:  8.0, Max: 8, Diff: 0, Sum: 64, Workers: 8
[2025-05-20T20:52:42.512+0300][9844][9816 ][debug][gc,phases] GC(1)     Log Buffers (ms):              Min:  0.0, Avg:  0.0, Max:  0.0, Diff:  0.0, Sum:  0.0, Workers: 8
[2025-05-20T20:52:42.512+0300][9844][9816 ][debug][gc,phases] GC(1)       Dirty Cards:                   Min: 0, Avg: 37.8, Max: 209, Diff: 209, Sum: 302, Workers: 8
[2025-05-20T20:52:42.512+0300][9844][9816 ][debug][gc,phases] GC(1)       Skipped Cards:                 Min: 0, Avg:  0.0, Max: 0, Diff: 0, Sum: 0, Workers: 8
[2025-05-20T20:52:42.512+0300][9844][9816 ][info ][gc,phases] GC(1)   Evacuate Collection Set: 1.7ms
[2025-05-20T20:52:42.512+0300][9844][9816 ][debug][gc,phases] GC(1)     Ext Root Scanning (ms):        Min:  0.0, Avg:  0.3, Max:  0.7, Diff:  0.6, Sum:  2.3, Workers: 8
[2025-05-20T20:52:42.512+0300][9844][9816 ][debug][gc,phases] GC(1)     Scan Heap Roots (ms):          Min:  0.0, Avg:  0.0, Max:  0.1, Diff:  0.1, Sum:  0.3, Workers: 8
[2025-05-20T20:52:42.512+0300][9844][9816 ][debug][gc,phases] GC(1)       Scanned Cards:                 Min: 0, Avg: 37.8, Max: 85, Diff: 85, Sum: 302, Workers: 8
[2025-05-20T20:52:42.512+0300][9844][9816 ][debug][gc,phases] GC(1)       Scanned Blocks:                Min: 0, Avg: 21.2, Max: 51, Diff: 51, Sum: 170, Workers: 8
[2025-05-20T20:52:42.512+0300][9844][9816 ][debug][gc,phases] GC(1)       Claimed Chunks:                Min: 0, Avg:  2.9, Max: 5, Diff: 5, Sum: 23, Workers: 8
[2025-05-20T20:52:42.512+0300][9844][9816 ][debug][gc,phases] GC(1)       Found Roots:                   Min: 0, Avg: 162.2, Max: 527, Diff: 527, Sum: 1298, Workers: 8
[2025-05-20T20:52:42.512+0300][9844][9816 ][debug][gc,phases] GC(1)     Code Root Scan (ms):           Min:  0.0, Avg:  0.1, Max:  0.3, Diff:  0.3, Sum:  1.2, Workers: 8
[2025-05-20T20:52:42.512+0300][9844][9816 ][debug][gc,phases] GC(1)       Scanned Nmethods               Min: 0, Avg: 43.9, Max: 94, Diff: 94, Sum: 351, Workers: 8
[2025-05-20T20:52:42.512+0300][9844][9816 ][debug][gc,phases] GC(1)     Object Copy (ms):              Min:  0.2, Avg:  0.7, Max:  1.1, Diff:  0.9, Sum:  5.3, Workers: 8
[2025-05-20T20:52:42.512+0300][9844][9816 ][debug][gc,phases] GC(1)     Termination (ms):              Min:  0.0, Avg:  0.5, Max:  0.8, Diff:  0.7, Sum:  4.1, Workers: 8
[2025-05-20T20:52:42.512+0300][9844][9816 ][debug][gc,phases] GC(1)       Termination Attempts:          Min: 1, Avg:  3.6, Max: 10, Diff: 9, Sum: 29, Workers: 8
[2025-05-20T20:52:42.512+0300][9844][9816 ][debug][gc,phases] GC(1)     GC Worker Other (ms):          Min:  0.0, Avg:  0.0, Max:  0.0, Diff:  0.0, Sum:  0.1, Workers: 8
[2025-05-20T20:52:42.512+0300][9844][9816 ][debug][gc,phases] GC(1)     GC Worker Total (ms):          Min:  1.6, Avg:  1.6, Max:  1.7, Diff:  0.1, Sum: 13.2, Workers: 8
[2025-05-20T20:52:42.512+0300][9844][9816 ][info ][gc,phases] GC(1)   Post Evacuate Collection Set: 0.5ms
[2025-05-20T20:52:42.512+0300][9844][9816 ][debug][gc,phases] GC(1)     NMethod List Cleanup: 0.0ms
[2025-05-20T20:52:42.512+0300][9844][9816 ][debug][gc,phases] GC(1)     Reference Processing: 0.1ms
[2025-05-20T20:52:42.512+0300][9844][9816 ][debug][gc,phases] GC(1)     Weak Processing: 0.1ms
[2025-05-20T20:52:42.512+0300][9844][9816 ][debug][gc,phases] GC(1)       VM Weak                        Min:  0.0, Avg:  0.0, Max:  0.0, Diff:  0.0, Sum:  0.0, Workers: 8
[2025-05-20T20:52:42.512+0300][9844][9816 ][debug][gc,phases] GC(1)         Dead                           Min: 0, Avg:  0.0, Max: 0, Diff: 0, Sum: 0, Workers: 8
[2025-05-20T20:52:42.512+0300][9844][9816 ][debug][gc,phases] GC(1)         Total                          Min: 0, Avg: 47.1, Max: 128, Diff: 128, Sum: 377, Workers: 8
[2025-05-20T20:52:42.512+0300][9844][9816 ][debug][gc,phases] GC(1)       ObjectSynchronizer Weak        Min:  0.0, Avg:  0.0, Max:  0.0, Diff:  0.0, Sum:  0.0, Workers: 8
[2025-05-20T20:52:42.512+0300][9844][9816 ][debug][gc,phases] GC(1)         Dead                           Min: 0, Avg: 12.8, Max: 56, Diff: 56, Sum: 102, Workers: 8
[2025-05-20T20:52:42.512+0300][9844][9816 ][debug][gc,phases] GC(1)         Total                          Min: 0, Avg: 17.6, Max: 64, Diff: 64, Sum: 141, Workers: 8
[2025-05-20T20:52:42.512+0300][9844][9816 ][debug][gc,phases] GC(1)       JVMTI Tag Weak OopStorage      Min:  0.0, Avg:  0.0, Max:  0.0, Diff:  0.0, Sum:  0.0, Workers: 8
[2025-05-20T20:52:42.512+0300][9844][9816 ][debug][gc,phases] GC(1)         Dead                           Min: 0, Avg:  0.0, Max: 0, Diff: 0, Sum: 0, Workers: 8
[2025-05-20T20:52:42.512+0300][9844][9816 ][debug][gc,phases] GC(1)         Total                          Min: 0, Avg:  0.0, Max: 0, Diff: 0, Sum: 0, Workers: 8
[2025-05-20T20:52:42.512+0300][9844][9816 ][debug][gc,phases] GC(1)       StringTable Weak               Min:  0.0, Avg:  0.0, Max:  0.0, Diff:  0.0, Sum:  0.2, Workers: 8
[2025-05-20T20:52:42.512+0300][9844][9816 ][debug][gc,phases] GC(1)         Dead                           Min: 0, Avg:  1.0, Max: 4, Diff: 4, Sum: 8, Workers: 8
[2025-05-20T20:52:42.512+0300][9844][9816 ][debug][gc,phases] GC(1)         Total                          Min: 0, Avg: 765.6, Max: 1408, Diff: 1408, Sum: 6125, Workers: 8
[2025-05-20T20:52:42.512+0300][9844][9816 ][debug][gc,phases] GC(1)       ResolvedMethodTable Weak       Min:  0.0, Avg:  0.0, Max:  0.0, Diff:  0.0, Sum:  0.1, Workers: 8
[2025-05-20T20:52:42.512+0300][9844][9816 ][debug][gc,phases] GC(1)         Dead                           Min: 0, Avg: 37.1, Max: 96, Diff: 96, Sum: 297, Workers: 8
[2025-05-20T20:52:42.512+0300][9844][9816 ][debug][gc,phases] GC(1)         Total                          Min: 0, Avg: 109.2, Max: 256, Diff: 256, Sum: 874, Workers: 8
[2025-05-20T20:52:42.512+0300][9844][9816 ][debug][gc,phases] GC(1)       JNI Weak                       Min:  0.0, Avg:  0.0, Max:  0.0, Diff:  0.0, Sum:  0.0, Workers: 8
[2025-05-20T20:52:42.512+0300][9844][9816 ][debug][gc,phases] GC(1)         Dead                           Min: 0, Avg:  0.0, Max: 0, Diff: 0, Sum: 0, Workers: 8
[2025-05-20T20:52:42.512+0300][9844][9816 ][debug][gc,phases] GC(1)         Total                          Min: 0, Avg:  4.0, Max: 32, Diff: 32, Sum: 32, Workers: 8
[2025-05-20T20:52:42.512+0300][9844][9816 ][debug][gc,phases] GC(1)       StringDedup Table Weak         Min:  0.0, Avg:  0.0, Max:  0.0, Diff:  0.0, Sum:  0.0, Workers: 8
[2025-05-20T20:52:42.512+0300][9844][9816 ][debug][gc,phases] GC(1)         Dead                           Min: 0, Avg:  0.0, Max: 0, Diff: 0, Sum: 0, Workers: 8
[2025-05-20T20:52:42.512+0300][9844][9816 ][debug][gc,phases] GC(1)         Total                          Min: 0, Avg:  0.0, Max: 0, Diff: 0, Sum: 0, Workers: 8
[2025-05-20T20:52:42.512+0300][9844][9816 ][debug][gc,phases] GC(1)       StringDedup Requests0 Weak     Min:  0.0, Avg:  0.0, Max:  0.0, Diff:  0.0, Sum:  0.0, Workers: 8
[2025-05-20T20:52:42.512+0300][9844][9816 ][debug][gc,phases] GC(1)         Dead                           Min: 0, Avg:  0.0, Max: 0, Diff: 0, Sum: 0, Workers: 8
[2025-05-20T20:52:42.512+0300][9844][9816 ][debug][gc,phases] GC(1)         Total                          Min: 0, Avg:  0.0, Max: 0, Diff: 0, Sum: 0, Workers: 8
[2025-05-20T20:52:42.512+0300][9844][9816 ][debug][gc,phases] GC(1)       StringDedup Requests1 Weak     Min:  0.0, Avg:  0.0, Max:  0.0, Diff:  0.0, Sum:  0.0, Workers: 8
[2025-05-20T20:52:42.512+0300][9844][9816 ][debug][gc,phases] GC(1)         Dead                           Min: 0, Avg:  0.0, Max: 0, Diff: 0, Sum: 0, Workers: 8
[2025-05-20T20:52:42.512+0300][9844][9816 ][debug][gc,phases] GC(1)         Total                          Min: 0, Avg:  0.0, Max: 0, Diff: 0, Sum: 0, Workers: 8
[2025-05-20T20:52:42.512+0300][9844][9816 ][debug][gc,phases] GC(1)       Weak JFR Old Object Samples    Min:  0.0, Avg:  0.0, Max:  0.0, Diff:  0.0, Sum:  0.0, Workers: 8
[2025-05-20T20:52:42.512+0300][9844][9816 ][debug][gc,phases] GC(1)         Dead                           Min: 0, Avg:  0.0, Max: 0, Diff: 0, Sum: 0, Workers: 8
[2025-05-20T20:52:42.512+0300][9844][9816 ][debug][gc,phases] GC(1)         Total                          Min: 0, Avg:  0.0, Max: 0, Diff: 0, Sum: 0, Workers: 8
[2025-05-20T20:52:42.512+0300][9844][9816 ][debug][gc,phases] GC(1)     Post Evacuate Cleanup 1: 0.1ms
[2025-05-20T20:52:42.512+0300][9844][9816 ][debug][gc,phases] GC(1)       Merge Per-Thread State (ms):   Min:  0.0, Avg:  0.0, Max:  0.0, Diff:  0.0, Sum:  0.0, Workers: 1
[2025-05-20T20:52:42.512+0300][9844][9816 ][debug][gc,phases] GC(1)         Copied Bytes                   Min: 91512, Avg: 986716.0, Max: 2339536, Diff: 2248024, Sum: 7893728, Workers: 8
[2025-05-20T20:52:42.512+0300][9844][9816 ][debug][gc,phases] GC(1)         LAB Waste                      Min: 0, Avg: 184.0, Max: 424, Diff: 424, Sum: 1472, Workers: 8
[2025-05-20T20:52:42.512+0300][9844][9816 ][debug][gc,phases] GC(1)         LAB Undo Waste                 Min: 0, Avg:  0.0, Max: 0, Diff: 0, Sum: 0, Workers: 8
[2025-05-20T20:52:42.512+0300][9844][9816 ][debug][gc,phases] GC(1)       Clear Logged Cards (ms):       Min:  0.0, Avg:  0.0, Max:  0.1, Diff:  0.1, Sum:  0.1, Workers: 4
[2025-05-20T20:52:42.512+0300][9844][9816 ][debug][gc,phases] GC(1)       Recalculate Used Memory (ms):  Min:  0.0, Avg:  0.0, Max:  0.0, Diff:  0.0, Sum:  0.0, Workers: 1
[2025-05-20T20:52:42.512+0300][9844][9816 ][debug][gc,phases] GC(1)     Post Evacuate Cleanup 2: 0.1ms
[2025-05-20T20:52:42.512+0300][9844][9816 ][debug][gc,phases] GC(1)       Update Derived Pointers (ms):  Min:  0.0, Avg:  0.0, Max:  0.0, Diff:  0.0, Sum:  0.0, Workers: 1
[2025-05-20T20:52:42.512+0300][9844][9816 ][debug][gc,phases] GC(1)       Eagerly Reclaim Humongous Objects (ms): skipped
[2025-05-20T20:52:42.512+0300][9844][9816 ][debug][gc,phases] GC(1)         Humongous Total                skipped
[2025-05-20T20:52:42.512+0300][9844][9816 ][debug][gc,phases] GC(1)         Humongous Candidates           skipped
[2025-05-20T20:52:42.512+0300][9844][9816 ][debug][gc,phases] GC(1)         Humongous Reclaimed            skipped
[2025-05-20T20:52:42.512+0300][9844][9816 ][debug][gc,phases] GC(1)       Redirty Logged Cards (ms):     Min:  0.0, Avg:  0.0, Max:  0.0, Diff:  0.0, Sum:  0.0, Workers: 8
[2025-05-20T20:52:42.512+0300][9844][9816 ][debug][gc,phases] GC(1)         Redirtied Cards:               Min: 0, Avg: 32.4, Max: 259, Diff: 259, Sum: 259, Workers: 8
[2025-05-20T20:52:42.512+0300][9844][9816 ][debug][gc,phases] GC(1)       Resize TLABs (ms):             Min:  0.0, Avg:  0.0, Max:  0.0, Diff:  0.0, Sum:  0.0, Workers: 8
[2025-05-20T20:52:42.512+0300][9844][9816 ][debug][gc,phases] GC(1)       Free Collection Set (ms):      Min:  0.0, Avg:  0.0, Max:  0.0, Diff:  0.0, Sum:  0.2, Workers: 8
[2025-05-20T20:52:42.512+0300][9844][9816 ][debug][gc,phases] GC(1)     Rebuild Free List: 0.0ms
[2025-05-20T20:52:42.512+0300][9844][9816 ][debug][gc,phases] GC(1)     Prepare For Mutator: 0.0ms
[2025-05-20T20:52:42.512+0300][9844][9816 ][debug][gc,phases] GC(1)     Expand Heap After Collection: 0.0ms
[2025-05-20T20:52:42.512+0300][9844][9816 ][info ][gc,phases] GC(1)   Other: 0.2ms
[2025-05-20T20:52:42.512+0300][9844][9816 ][info ][gc,heap  ] GC(1) Eden regions: 76->0(75)
[2025-05-20T20:52:42.512+0300][9844][9816 ][info ][gc,heap  ] GC(1) Survivor regions: 0->1(10)
[2025-05-20T20:52:42.512+0300][9844][9816 ][info ][gc,heap  ] GC(1) Old regions: 8->8
[2025-05-20T20:52:42.512+0300][9844][9816 ][info ][gc,heap  ] GC(1) Humongous regions: 0->0
[2025-05-20T20:52:42.512+0300][9844][9816 ][debug][gc,heap  ] GC(1) Heap after GC invocations=2 (full 1):
[2025-05-20T20:52:42.512+0300][9844][9816 ][debug][gc,heap  ] GC(1)  garbage-first heap   total 12582912K, used 10823K [0x0000000500000000, 0x0000000800000000)
[2025-05-20T20:52:42.512+0300][9844][9816 ][debug][gc,heap  ] GC(1)   region size 8192K, 1 young (8192K), 1 survivors (8192K)
[2025-05-20T20:52:42.512+0300][9844][9816 ][debug][gc,heap  ] GC(1)  Metaspace       used 8860K, committed 9472K, reserved 1114112K
[2025-05-20T20:52:42.512+0300][9844][9816 ][debug][gc,heap  ] GC(1)   class space    used 980K, committed 1216K, reserved 1048576K
[2025-05-20T20:52:42.512+0300][9844][9816 ][info ][gc       ] GC(1) Pause Young (Normal) (G1 Evacuation Pause) 610M->10M(12288M) 3.929ms
[2025-05-20T20:52:42.512+0300][9844][9816 ][info ][safepoint] Safepoint "G1CollectForAllocation", Time since last: 583456500 ns, Reaching safepoint: 253100 ns, Cleanup: 76000 ns, At safepoint: 3975900 ns, Total: 4305000 ns
[2025-05-20T20:52:42.780+0300][9844][9816 ][debug][safepoint] Safepoint synchronization initiated using striped semaphore wait barrier. (21 threads)
[2025-05-20T20:52:42.780+0300][9844][10536][debug][safepoint] ... found polling page loop exception at pc = 0x0000027a59c797b3, stub =0x0000027a59656600
[2025-05-20T20:52:42.780+0300][9844][21068][debug][safepoint] ... found polling page loop exception at pc = 0x0000027a59cd98b7, stub =0x0000027a59655d80
[2025-05-20T20:52:42.780+0300][9844][11176][debug][safepoint] ... found polling page loop exception at pc = 0x0000027a59c58760, stub =0x0000027a59655d80
[2025-05-20T20:52:42.780+0300][9844][9816 ][debug][gc,heap  ] GC(2) Heap before GC invocations=2 (full 1):
[2025-05-20T20:52:42.780+0300][9844][9816 ][debug][gc,heap  ] GC(2)  garbage-first heap   total 12582912K, used 625223K [0x0000000500000000, 0x0000000800000000)
[2025-05-20T20:52:42.780+0300][9844][9816 ][debug][gc,heap  ] GC(2)   region size 8192K, 76 young (622592K), 1 survivors (8192K)
[2025-05-20T20:52:42.780+0300][9844][9816 ][debug][gc,heap  ] GC(2)  Metaspace       used 8894K, committed 9472K, reserved 1114112K
[2025-05-20T20:52:42.780+0300][9844][9816 ][debug][gc,heap  ] GC(2)   class space    used 981K, committed 1216K, reserved 1048576K
[2025-05-20T20:52:42.782+0300][9844][9816 ][info ][gc,phases] GC(2)   Pre Evacuate Collection Set: 0.3ms
[2025-05-20T20:52:42.782+0300][9844][9816 ][debug][gc,phases] GC(2)     Pre Evacuate Prepare: 0.1ms
[2025-05-20T20:52:42.782+0300][9844][9816 ][debug][gc,phases] GC(2)       JT Retire TLABs And Flush Logs (ms): Min:  0.0, Avg:  0.0, Max:  0.0, Diff:  0.0, Sum:  0.0, Workers: 2
[2025-05-20T20:52:42.782+0300][9844][9816 ][debug][gc,phases] GC(2)       Non-JT Flush Logs (ms):        Min:  0.0, Avg:  0.0, Max:  0.0, Diff:  0.0, Sum:  0.0, Workers: 1
[2025-05-20T20:52:42.782+0300][9844][9816 ][debug][gc,phases] GC(2)     Choose Collection Set: 0.0ms
[2025-05-20T20:52:42.782+0300][9844][9816 ][debug][gc,phases] GC(2)     Region Register: 0.2ms
[2025-05-20T20:52:42.782+0300][9844][9816 ][debug][gc,phases] GC(2)     Prepare Heap Roots: 0.0ms
[2025-05-20T20:52:42.782+0300][9844][9816 ][info ][gc,phases] GC(2)   Merge Heap Roots: 0.1ms
[2025-05-20T20:52:42.782+0300][9844][9816 ][debug][gc,phases] GC(2)     Prepare Merge Heap Roots: 0.0ms
[2025-05-20T20:52:42.782+0300][9844][9816 ][debug][gc,phases] GC(2)     Remembered Sets (ms):          Min:  0.0, Avg:  0.0, Max:  0.0, Diff:  0.0, Sum:  0.0, Workers: 8
[2025-05-20T20:52:42.782+0300][9844][9816 ][debug][gc,phases] GC(2)       Eager Reclaim (ms):            skipped
[2025-05-20T20:52:42.782+0300][9844][9816 ][debug][gc,phases] GC(2)       Merged Inline                  Min: 0, Avg:  0.0, Max: 0, Diff: 0, Sum: 0, Workers: 8
[2025-05-20T20:52:42.782+0300][9844][9816 ][debug][gc,phases] GC(2)       Merged ArrayOfCards            Min: 0, Avg:  0.0, Max: 0, Diff: 0, Sum: 0, Workers: 8
[2025-05-20T20:52:42.782+0300][9844][9816 ][debug][gc,phases] GC(2)       Merged Howl                    Min: 0, Avg:  0.0, Max: 0, Diff: 0, Sum: 0, Workers: 8
[2025-05-20T20:52:42.782+0300][9844][9816 ][debug][gc,phases] GC(2)       Merged Full                    Min: 0, Avg:  0.0, Max: 0, Diff: 0, Sum: 0, Workers: 8
[2025-05-20T20:52:42.782+0300][9844][9816 ][debug][gc,phases] GC(2)       Merged Howl Inline             Min: 0, Avg:  0.0, Max: 0, Diff: 0, Sum: 0, Workers: 8
[2025-05-20T20:52:42.782+0300][9844][9816 ][debug][gc,phases] GC(2)       Merged Howl ArrayOfCards       Min: 0, Avg:  0.0, Max: 0, Diff: 0, Sum: 0, Workers: 8
[2025-05-20T20:52:42.782+0300][9844][9816 ][debug][gc,phases] GC(2)       Merged Howl BitMap             Min: 0, Avg:  0.0, Max: 0, Diff: 0, Sum: 0, Workers: 8
[2025-05-20T20:52:42.782+0300][9844][9816 ][debug][gc,phases] GC(2)       Merged Howl Full               Min: 0, Avg:  0.0, Max: 0, Diff: 0, Sum: 0, Workers: 8
[2025-05-20T20:52:42.782+0300][9844][9816 ][debug][gc,phases] GC(2)       Merged Cards                   Min: 8, Avg:  8.0, Max: 8, Diff: 0, Sum: 64, Workers: 8
[2025-05-20T20:52:42.782+0300][9844][9816 ][debug][gc,phases] GC(2)     Log Buffers (ms):              Min:  0.0, Avg:  0.0, Max:  0.0, Diff:  0.0, Sum:  0.0, Workers: 8
[2025-05-20T20:52:42.782+0300][9844][9816 ][debug][gc,phases] GC(2)       Dirty Cards:                   Min: 0, Avg: 33.0, Max: 79, Diff: 79, Sum: 264, Workers: 8
[2025-05-20T20:52:42.782+0300][9844][9816 ][debug][gc,phases] GC(2)       Skipped Cards:                 Min: 0, Avg:  0.0, Max: 0, Diff: 0, Sum: 0, Workers: 8
[2025-05-20T20:52:42.782+0300][9844][9816 ][info ][gc,phases] GC(2)   Evacuate Collection Set: 1.9ms
[2025-05-20T20:52:42.782+0300][9844][9816 ][debug][gc,phases] GC(2)     Ext Root Scanning (ms):        Min:  0.0, Avg:  0.1, Max:  0.4, Diff:  0.4, Sum:  0.8, Workers: 8
[2025-05-20T20:52:42.782+0300][9844][9816 ][debug][gc,phases] GC(2)     Scan Heap Roots (ms):          Min:  0.0, Avg:  0.0, Max:  0.1, Diff:  0.1, Sum:  0.2, Workers: 8
[2025-05-20T20:52:42.782+0300][9844][9816 ][debug][gc,phases] GC(2)       Scanned Cards:                 Min: 0, Avg: 31.9, Max: 83, Diff: 83, Sum: 255, Workers: 8
[2025-05-20T20:52:42.782+0300][9844][9816 ][debug][gc,phases] GC(2)       Scanned Blocks:                Min: 0, Avg: 19.4, Max: 53, Diff: 53, Sum: 155, Workers: 8
[2025-05-20T20:52:42.782+0300][9844][9816 ][debug][gc,phases] GC(2)       Claimed Chunks:                Min: 0, Avg:  2.6, Max: 7, Diff: 7, Sum: 21, Workers: 8
[2025-05-20T20:52:42.782+0300][9844][9816 ][debug][gc,phases] GC(2)       Found Roots:                   Min: 0, Avg: 162.6, Max: 620, Diff: 620, Sum: 1301, Workers: 8
[2025-05-20T20:52:42.782+0300][9844][9816 ][debug][gc,phases] GC(2)     Code Root Scan (ms):           Min:  0.0, Avg:  0.1, Max:  0.3, Diff:  0.3, Sum:  0.9, Workers: 8
[2025-05-20T20:52:42.782+0300][9844][9816 ][debug][gc,phases] GC(2)       Scanned Nmethods               Min: 0, Avg: 37.5, Max: 90, Diff: 90, Sum: 300, Workers: 8
[2025-05-20T20:52:42.782+0300][9844][9816 ][debug][gc,phases] GC(2)     Object Copy (ms):              Min:  0.0, Avg:  0.6, Max:  1.5, Diff:  1.5, Sum:  5.0, Workers: 8
[2025-05-20T20:52:42.782+0300][9844][9816 ][debug][gc,phases] GC(2)     Termination (ms):              Min:  0.0, Avg:  0.8, Max:  1.1, Diff:  1.1, Sum:  6.1, Workers: 8
[2025-05-20T20:52:42.782+0300][9844][9816 ][debug][gc,phases] GC(2)       Termination Attempts:          Min: 1, Avg:  1.0, Max: 1, Diff: 0, Sum: 8, Workers: 8
[2025-05-20T20:52:42.782+0300][9844][9816 ][debug][gc,phases] GC(2)     GC Worker Other (ms):          Min:  0.0, Avg:  0.0, Max:  0.0, Diff:  0.0, Sum:  0.1, Workers: 8
[2025-05-20T20:52:42.782+0300][9844][9816 ][debug][gc,phases] GC(2)     GC Worker Total (ms):          Min:  1.0, Avg:  1.7, Max:  1.9, Diff:  0.8, Sum: 13.2, Workers: 8
[2025-05-20T20:52:42.782+0300][9844][9816 ][info ][gc,phases] GC(2)   Post Evacuate Collection Set: 0.6ms
[2025-05-20T20:52:42.782+0300][9844][9816 ][debug][gc,phases] GC(2)     NMethod List Cleanup: 0.1ms
[2025-05-20T20:52:42.782+0300][9844][9816 ][debug][gc,phases] GC(2)     Reference Processing: 0.1ms
[2025-05-20T20:52:42.782+0300][9844][9816 ][debug][gc,phases] GC(2)     Weak Processing: 0.1ms
[2025-05-20T20:52:42.782+0300][9844][9816 ][debug][gc,phases] GC(2)       VM Weak                        Min:  0.0, Avg:  0.0, Max:  0.0, Diff:  0.0, Sum:  0.0, Workers: 8
[2025-05-20T20:52:42.782+0300][9844][9816 ][debug][gc,phases] GC(2)         Dead                           Min: 0, Avg:  0.0, Max: 0, Diff: 0, Sum: 0, Workers: 8
[2025-05-20T20:52:42.782+0300][9844][9816 ][debug][gc,phases] GC(2)         Total                          Min: 0, Avg: 47.1, Max: 128, Diff: 128, Sum: 377, Workers: 8
[2025-05-20T20:52:42.782+0300][9844][9816 ][debug][gc,phases] GC(2)       ObjectSynchronizer Weak        Min:  0.0, Avg:  0.0, Max:  0.0, Diff:  0.0, Sum:  0.0, Workers: 8
[2025-05-20T20:52:42.782+0300][9844][9816 ][debug][gc,phases] GC(2)         Dead                           Min: 0, Avg:  0.0, Max: 0, Diff: 0, Sum: 0, Workers: 8
[2025-05-20T20:52:42.782+0300][9844][9816 ][debug][gc,phases] GC(2)         Total                          Min: 0, Avg: 17.6, Max: 64, Diff: 64, Sum: 141, Workers: 8
[2025-05-20T20:52:42.782+0300][9844][9816 ][debug][gc,phases] GC(2)       JVMTI Tag Weak OopStorage      Min:  0.0, Avg:  0.0, Max:  0.0, Diff:  0.0, Sum:  0.0, Workers: 8
[2025-05-20T20:52:42.782+0300][9844][9816 ][debug][gc,phases] GC(2)         Dead                           Min: 0, Avg:  0.0, Max: 0, Diff: 0, Sum: 0, Workers: 8
[2025-05-20T20:52:42.782+0300][9844][9816 ][debug][gc,phases] GC(2)         Total                          Min: 0, Avg:  0.0, Max: 0, Diff: 0, Sum: 0, Workers: 8
[2025-05-20T20:52:42.782+0300][9844][9816 ][debug][gc,phases] GC(2)       StringTable Weak               Min:  0.0, Avg:  0.0, Max:  0.0, Diff:  0.0, Sum:  0.1, Workers: 8
[2025-05-20T20:52:42.782+0300][9844][9816 ][debug][gc,phases] GC(2)         Dead                           Min: 0, Avg:  0.0, Max: 0, Diff: 0, Sum: 0, Workers: 8
[2025-05-20T20:52:42.782+0300][9844][9816 ][debug][gc,phases] GC(2)         Total                          Min: 0, Avg: 767.6, Max: 1216, Diff: 1216, Sum: 6141, Workers: 8
[2025-05-20T20:52:42.782+0300][9844][9816 ][debug][gc,phases] GC(2)       ResolvedMethodTable Weak       Min:  0.0, Avg:  0.0, Max:  0.0, Diff:  0.0, Sum:  0.0, Workers: 8
[2025-05-20T20:52:42.782+0300][9844][9816 ][debug][gc,phases] GC(2)         Dead                           Min: 0, Avg:  0.0, Max: 0, Diff: 0, Sum: 0, Workers: 8
[2025-05-20T20:52:42.782+0300][9844][9816 ][debug][gc,phases] GC(2)         Total                          Min: 0, Avg: 109.2, Max: 256, Diff: 256, Sum: 874, Workers: 8
[2025-05-20T20:52:42.782+0300][9844][9816 ][debug][gc,phases] GC(2)       JNI Weak                       Min:  0.0, Avg:  0.0, Max:  0.0, Diff:  0.0, Sum:  0.0, Workers: 8
[2025-05-20T20:52:42.782+0300][9844][9816 ][debug][gc,phases] GC(2)         Dead                           Min: 0, Avg:  0.0, Max: 0, Diff: 0, Sum: 0, Workers: 8
[2025-05-20T20:52:42.782+0300][9844][9816 ][debug][gc,phases] GC(2)         Total                          Min: 0, Avg:  5.1, Max: 41, Diff: 41, Sum: 41, Workers: 8
[2025-05-20T20:52:42.782+0300][9844][9816 ][debug][gc,phases] GC(2)       StringDedup Table Weak         Min:  0.0, Avg:  0.0, Max:  0.0, Diff:  0.0, Sum:  0.0, Workers: 8
[2025-05-20T20:52:42.782+0300][9844][9816 ][debug][gc,phases] GC(2)         Dead                           Min: 0, Avg:  0.0, Max: 0, Diff: 0, Sum: 0, Workers: 8
[2025-05-20T20:52:42.782+0300][9844][9816 ][debug][gc,phases] GC(2)         Total                          Min: 0, Avg:  0.0, Max: 0, Diff: 0, Sum: 0, Workers: 8
[2025-05-20T20:52:42.782+0300][9844][9816 ][debug][gc,phases] GC(2)       StringDedup Requests0 Weak     Min:  0.0, Avg:  0.0, Max:  0.0, Diff:  0.0, Sum:  0.0, Workers: 8
[2025-05-20T20:52:42.782+0300][9844][9816 ][debug][gc,phases] GC(2)         Dead                           Min: 0, Avg:  0.0, Max: 0, Diff: 0, Sum: 0, Workers: 8
[2025-05-20T20:52:42.782+0300][9844][9816 ][debug][gc,phases] GC(2)         Total                          Min: 0, Avg:  0.0, Max: 0, Diff: 0, Sum: 0, Workers: 8
[2025-05-20T20:52:42.782+0300][9844][9816 ][debug][gc,phases] GC(2)       StringDedup Requests1 Weak     Min:  0.0, Avg:  0.0, Max:  0.0, Diff:  0.0, Sum:  0.0, Workers: 8
[2025-05-20T20:52:42.782+0300][9844][9816 ][debug][gc,phases] GC(2)         Dead                           Min: 0, Avg:  0.0, Max: 0, Diff: 0, Sum: 0, Workers: 8
[2025-05-20T20:52:42.782+0300][9844][9816 ][debug][gc,phases] GC(2)         Total                          Min: 0, Avg:  0.0, Max: 0, Diff: 0, Sum: 0, Workers: 8
[2025-05-20T20:52:42.782+0300][9844][9816 ][debug][gc,phases] GC(2)       Weak JFR Old Object Samples    Min:  0.0, Avg:  0.0, Max:  0.0, Diff:  0.0, Sum:  0.0, Workers: 8
[2025-05-20T20:52:42.782+0300][9844][9816 ][debug][gc,phases] GC(2)         Dead                           Min: 0, Avg:  0.0, Max: 0, Diff: 0, Sum: 0, Workers: 8
[2025-05-20T20:52:42.782+0300][9844][9816 ][debug][gc,phases] GC(2)         Total                          Min: 0, Avg:  0.0, Max: 0, Diff: 0, Sum: 0, Workers: 8
[2025-05-20T20:52:42.782+0300][9844][9816 ][debug][gc,phases] GC(2)     Post Evacuate Cleanup 1: 0.2ms
[2025-05-20T20:52:42.782+0300][9844][9816 ][debug][gc,phases] GC(2)       Merge Per-Thread State (ms):   Min:  0.0, Avg:  0.0, Max:  0.0, Diff:  0.0, Sum:  0.0, Workers: 1
[2025-05-20T20:52:42.782+0300][9844][9816 ][debug][gc,phases] GC(2)         Copied Bytes                   Min: 0, Avg: 985280.0, Max: 2343592, Diff: 2343592, Sum: 7882240, Workers: 8
[2025-05-20T20:52:42.782+0300][9844][9816 ][debug][gc,phases] GC(2)         LAB Waste                      Min: 0, Avg: 190.0, Max: 456, Diff: 456, Sum: 1520, Workers: 8
[2025-05-20T20:52:42.782+0300][9844][9816 ][debug][gc,phases] GC(2)         LAB Undo Waste                 Min: 0, Avg:  0.0, Max: 0, Diff: 0, Sum: 0, Workers: 8
[2025-05-20T20:52:42.782+0300][9844][9816 ][debug][gc,phases] GC(2)       Clear Logged Cards (ms):       Min:  0.0, Avg:  0.1, Max:  0.2, Diff:  0.2, Sum:  0.2, Workers: 4
[2025-05-20T20:52:42.782+0300][9844][9816 ][debug][gc,phases] GC(2)       Recalculate Used Memory (ms):  Min:  0.0, Avg:  0.0, Max:  0.0, Diff:  0.0, Sum:  0.0, Workers: 1
[2025-05-20T20:52:42.782+0300][9844][9816 ][debug][gc,phases] GC(2)     Post Evacuate Cleanup 2: 0.1ms
[2025-05-20T20:52:42.782+0300][9844][9816 ][debug][gc,phases] GC(2)       Update Derived Pointers (ms):  Min:  0.0, Avg:  0.0, Max:  0.0, Diff:  0.0, Sum:  0.0, Workers: 1
[2025-05-20T20:52:42.782+0300][9844][9816 ][debug][gc,phases] GC(2)       Eagerly Reclaim Humongous Objects (ms): skipped
[2025-05-20T20:52:42.782+0300][9844][9816 ][debug][gc,phases] GC(2)         Humongous Total                skipped
[2025-05-20T20:52:42.782+0300][9844][9816 ][debug][gc,phases] GC(2)         Humongous Candidates           skipped
[2025-05-20T20:52:42.782+0300][9844][9816 ][debug][gc,phases] GC(2)         Humongous Reclaimed            skipped
[2025-05-20T20:52:42.782+0300][9844][9816 ][debug][gc,phases] GC(2)       Redirty Logged Cards (ms):     Min:  0.0, Avg:  0.0, Max:  0.0, Diff:  0.0, Sum:  0.0, Workers: 8
[2025-05-20T20:52:42.782+0300][9844][9816 ][debug][gc,phases] GC(2)         Redirtied Cards:               Min: 0, Avg: 31.4, Max: 171, Diff: 171, Sum: 251, Workers: 8
[2025-05-20T20:52:42.782+0300][9844][9816 ][debug][gc,phases] GC(2)       Resize TLABs (ms):             Min:  0.0, Avg:  0.0, Max:  0.0, Diff:  0.0, Sum:  0.0, Workers: 8
[2025-05-20T20:52:42.782+0300][9844][9816 ][debug][gc,phases] GC(2)       Free Collection Set (ms):      Min:  0.0, Avg:  0.0, Max:  0.0, Diff:  0.0, Sum:  0.1, Workers: 8
[2025-05-20T20:52:42.782+0300][9844][9816 ][debug][gc,phases] GC(2)     Rebuild Free List: 0.1ms
[2025-05-20T20:52:42.782+0300][9844][9816 ][debug][gc,phases] GC(2)     Prepare For Mutator: 0.0ms
[2025-05-20T20:52:42.782+0300][9844][9816 ][debug][gc,phases] GC(2)     Expand Heap After Collection: 0.0ms
[2025-05-20T20:52:42.782+0300][9844][9816 ][info ][gc,phases] GC(2)   Other: 0.1ms
[2025-05-20T20:52:42.782+0300][9844][9816 ][info ][gc,heap  ] GC(2) Eden regions: 75->0(77)
[2025-05-20T20:52:42.782+0300][9844][9816 ][info ][gc,heap  ] GC(2) Survivor regions: 1->1(10)
[2025-05-20T20:52:42.782+0300][9844][9816 ][info ][gc,heap  ] GC(2) Old regions: 8->8
[2025-05-20T20:52:42.782+0300][9844][9816 ][info ][gc,heap  ] GC(2) Humongous regions: 0->0
[2025-05-20T20:52:42.782+0300][9844][9816 ][debug][gc,heap  ] GC(2) Heap after GC invocations=3 (full 1):
[2025-05-20T20:52:42.782+0300][9844][9816 ][debug][gc,heap  ] GC(2)  garbage-first heap   total 12582912K, used 10686K [0x0000000500000000, 0x0000000800000000)
[2025-05-20T20:52:42.782+0300][9844][9816 ][debug][gc,heap  ] GC(2)   region size 8192K, 1 young (8192K), 1 survivors (8192K)
[2025-05-20T20:52:42.782+0300][9844][9816 ][debug][gc,heap  ] GC(2)  Metaspace       used 8894K, committed 9472K, reserved 1114112K
[2025-05-20T20:52:42.782+0300][9844][9816 ][debug][gc,heap  ] GC(2)   class space    used 981K, committed 1216K, reserved 1048576K
[2025-05-20T20:52:42.782+0300][9844][9816 ][info ][gc       ] GC(2) Pause Young (Normal) (G1 Evacuation Pause) 610M->10M(12288M) 4.130ms
[2025-05-20T20:52:42.782+0300][9844][9816 ][info ][safepoint] Safepoint "G1CollectForAllocation", Time since last: 265751800 ns, Reaching safepoint: 213400 ns, Cleanup: 20500 ns, At safepoint: 4172700 ns, Total: 4406600 ns
[2025-05-20T20:52:43.039+0300][9844][9816 ][debug][safepoint] Safepoint synchronization initiated using striped semaphore wait barrier. (21 threads)
[2025-05-20T20:52:43.039+0300][9844][18312][debug][safepoint] ... found polling page loop exception at pc = 0x0000027a59c94e66, stub =0x0000027a59655d80
[2025-05-20T20:52:43.039+0300][9844][20900][debug][safepoint] ... found polling page loop exception at pc = 0x0000027a59cf9d4e, stub =0x0000027a59655d80
[2025-05-20T20:52:43.039+0300][9844][17652][debug][safepoint] ... found polling page loop exception at pc = 0x0000027a59c58760, stub =0x0000027a59655d80
[2025-05-20T20:52:43.039+0300][9844][9816 ][debug][gc,heap  ] GC(3) Heap before GC invocations=3 (full 1):
[2025-05-20T20:52:43.039+0300][9844][9816 ][debug][gc,heap  ] GC(3)  garbage-first heap   total 12582912K, used 641470K [0x0000000500000000, 0x0000000800000000)
[2025-05-20T20:52:43.039+0300][9844][9816 ][debug][gc,heap  ] GC(3)   region size 8192K, 78 young (638976K), 1 survivors (8192K)
[2025-05-20T20:52:43.039+0300][9844][9816 ][debug][gc,heap  ] GC(3)  Metaspace       used 8929K, committed 9472K, reserved 1114112K
[2025-05-20T20:52:43.039+0300][9844][9816 ][debug][gc,heap  ] GC(3)   class space    used 982K, committed 1216K, reserved 1048576K
[2025-05-20T20:52:43.041+0300][9844][9816 ][info ][gc,phases] GC(3)   Pre Evacuate Collection Set: 0.2ms
[2025-05-20T20:52:43.041+0300][9844][9816 ][debug][gc,phases] GC(3)     Pre Evacuate Prepare: 0.0ms
[2025-05-20T20:52:43.041+0300][9844][9816 ][debug][gc,phases] GC(3)       JT Retire TLABs And Flush Logs (ms): Min:  0.0, Avg:  0.0, Max:  0.0, Diff:  0.0, Sum:  0.0, Workers: 2
[2025-05-20T20:52:43.041+0300][9844][9816 ][debug][gc,phases] GC(3)       Non-JT Flush Logs (ms):        Min:  0.0, Avg:  0.0, Max:  0.0, Diff:  0.0, Sum:  0.0, Workers: 1
[2025-05-20T20:52:43.041+0300][9844][9816 ][debug][gc,phases] GC(3)     Choose Collection Set: 0.0ms
[2025-05-20T20:52:43.041+0300][9844][9816 ][debug][gc,phases] GC(3)     Region Register: 0.2ms
[2025-05-20T20:52:43.041+0300][9844][9816 ][debug][gc,phases] GC(3)     Prepare Heap Roots: 0.0ms
[2025-05-20T20:52:43.041+0300][9844][9816 ][info ][gc,phases] GC(3)   Merge Heap Roots: 0.0ms
[2025-05-20T20:52:43.041+0300][9844][9816 ][debug][gc,phases] GC(3)     Prepare Merge Heap Roots: 0.0ms
[2025-05-20T20:52:43.041+0300][9844][9816 ][debug][gc,phases] GC(3)     Remembered Sets (ms):          Min:  0.0, Avg:  0.0, Max:  0.0, Diff:  0.0, Sum:  0.1, Workers: 8
[2025-05-20T20:52:43.041+0300][9844][9816 ][debug][gc,phases] GC(3)       Eager Reclaim (ms):            skipped
[2025-05-20T20:52:43.041+0300][9844][9816 ][debug][gc,phases] GC(3)       Merged Inline                  Min: 0, Avg:  0.0, Max: 0, Diff: 0, Sum: 0, Workers: 8
[2025-05-20T20:52:43.041+0300][9844][9816 ][debug][gc,phases] GC(3)       Merged ArrayOfCards            Min: 0, Avg:  0.0, Max: 0, Diff: 0, Sum: 0, Workers: 8
[2025-05-20T20:52:43.041+0300][9844][9816 ][debug][gc,phases] GC(3)       Merged Howl                    Min: 0, Avg:  0.0, Max: 0, Diff: 0, Sum: 0, Workers: 8
[2025-05-20T20:52:43.041+0300][9844][9816 ][debug][gc,phases] GC(3)       Merged Full                    Min: 0, Avg:  0.0, Max: 0, Diff: 0, Sum: 0, Workers: 8
[2025-05-20T20:52:43.041+0300][9844][9816 ][debug][gc,phases] GC(3)       Merged Howl Inline             Min: 0, Avg:  0.0, Max: 0, Diff: 0, Sum: 0, Workers: 8
[2025-05-20T20:52:43.041+0300][9844][9816 ][debug][gc,phases] GC(3)       Merged Howl ArrayOfCards       Min: 0, Avg:  0.0, Max: 0, Diff: 0, Sum: 0, Workers: 8
[2025-05-20T20:52:43.041+0300][9844][9816 ][debug][gc,phases] GC(3)       Merged Howl BitMap             Min: 0, Avg:  0.0, Max: 0, Diff: 0, Sum: 0, Workers: 8
[2025-05-20T20:52:43.041+0300][9844][9816 ][debug][gc,phases] GC(3)       Merged Howl Full               Min: 0, Avg:  0.0, Max: 0, Diff: 0, Sum: 0, Workers: 8
[2025-05-20T20:52:43.041+0300][9844][9816 ][debug][gc,phases] GC(3)       Merged Cards                   Min: 8, Avg:  8.0, Max: 8, Diff: 0, Sum: 64, Workers: 8
[2025-05-20T20:52:43.041+0300][9844][9816 ][debug][gc,phases] GC(3)     Log Buffers (ms):              Min:  0.0, Avg:  0.0, Max:  0.0, Diff:  0.0, Sum:  0.0, Workers: 8
[2025-05-20T20:52:43.041+0300][9844][9816 ][debug][gc,phases] GC(3)       Dirty Cards:                   Min: 0, Avg: 32.1, Max: 82, Diff: 82, Sum: 257, Workers: 8
[2025-05-20T20:52:43.041+0300][9844][9816 ][debug][gc,phases] GC(3)       Skipped Cards:                 Min: 0, Avg:  0.0, Max: 0, Diff: 0, Sum: 0, Workers: 8
[2025-05-20T20:52:43.041+0300][9844][9816 ][info ][gc,phases] GC(3)   Evacuate Collection Set: 1.9ms
[2025-05-20T20:52:43.041+0300][9844][9816 ][debug][gc,phases] GC(3)     Ext Root Scanning (ms):        Min:  0.0, Avg:  0.1, Max:  0.5, Diff:  0.5, Sum:  0.9, Workers: 8
[2025-05-20T20:52:43.041+0300][9844][9816 ][debug][gc,phases] GC(3)     Scan Heap Roots (ms):          Min:  0.0, Avg:  0.0, Max:  0.1, Diff:  0.1, Sum:  0.3, Workers: 8
[2025-05-20T20:52:43.041+0300][9844][9816 ][debug][gc,phases] GC(3)       Scanned Cards:                 Min: 0, Avg: 32.0, Max: 114, Diff: 114, Sum: 256, Workers: 8
[2025-05-20T20:52:43.041+0300][9844][9816 ][debug][gc,phases] GC(3)       Scanned Blocks:                Min: 0, Avg: 19.4, Max: 68, Diff: 68, Sum: 155, Workers: 8
[2025-05-20T20:52:43.041+0300][9844][9816 ][debug][gc,phases] GC(3)       Claimed Chunks:                Min: 0, Avg:  2.8, Max: 9, Diff: 9, Sum: 22, Workers: 8
[2025-05-20T20:52:43.041+0300][9844][9816 ][debug][gc,phases] GC(3)       Found Roots:                   Min: 0, Avg: 147.4, Max: 517, Diff: 517, Sum: 1179, Workers: 8
[2025-05-20T20:52:43.041+0300][9844][9816 ][debug][gc,phases] GC(3)     Code Root Scan (ms):           Min:  0.0, Avg:  0.2, Max:  0.6, Diff:  0.6, Sum:  1.7, Workers: 8
[2025-05-20T20:52:43.041+0300][9844][9816 ][debug][gc,phases] GC(3)       Scanned Nmethods               Min: 0, Avg: 39.8, Max: 139, Diff: 139, Sum: 318, Workers: 8
[2025-05-20T20:52:43.041+0300][9844][9816 ][debug][gc,phases] GC(3)     Object Copy (ms):              Min:  0.1, Avg:  0.7, Max:  1.4, Diff:  1.2, Sum:  5.2, Workers: 8
[2025-05-20T20:52:43.041+0300][9844][9816 ][debug][gc,phases] GC(3)     Termination (ms):              Min:  0.0, Avg:  0.6, Max:  0.8, Diff:  0.8, Sum:  4.5, Workers: 8
[2025-05-20T20:52:43.041+0300][9844][9816 ][debug][gc,phases] GC(3)       Termination Attempts:          Min: 1, Avg: 25.2, Max: 50, Diff: 49, Sum: 202, Workers: 8
[2025-05-20T20:52:43.041+0300][9844][9816 ][debug][gc,phases] GC(3)     GC Worker Other (ms):          Min:  0.0, Avg:  0.1, Max:  1.1, Diff:  1.0, Sum:  1.2, Workers: 8
[2025-05-20T20:52:43.041+0300][9844][9816 ][debug][gc,phases] GC(3)     GC Worker Total (ms):          Min:  1.1, Avg:  1.7, Max:  1.9, Diff:  0.8, Sum: 13.7, Workers: 8
[2025-05-20T20:52:43.041+0300][9844][9816 ][info ][gc,phases] GC(3)   Post Evacuate Collection Set: 0.6ms
[2025-05-20T20:52:43.041+0300][9844][9816 ][debug][gc,phases] GC(3)     NMethod List Cleanup: 0.0ms
[2025-05-20T20:52:43.041+0300][9844][9816 ][debug][gc,phases] GC(3)     Reference Processing: 0.1ms
[2025-05-20T20:52:43.041+0300][9844][9816 ][debug][gc,phases] GC(3)     Weak Processing: 0.1ms
[2025-05-20T20:52:43.041+0300][9844][9816 ][debug][gc,phases] GC(3)       VM Weak                        Min:  0.0, Avg:  0.0, Max:  0.0, Diff:  0.0, Sum:  0.0, Workers: 8
[2025-05-20T20:52:43.041+0300][9844][9816 ][debug][gc,phases] GC(3)         Dead                           Min: 0, Avg:  0.0, Max: 0, Diff: 0, Sum: 0, Workers: 8
[2025-05-20T20:52:43.041+0300][9844][9816 ][debug][gc,phases] GC(3)         Total                          Min: 0, Avg: 47.4, Max: 192, Diff: 192, Sum: 379, Workers: 8
[2025-05-20T20:52:43.041+0300][9844][9816 ][debug][gc,phases] GC(3)       ObjectSynchronizer Weak        Min:  0.0, Avg:  0.0, Max:  0.0, Diff:  0.0, Sum:  0.0, Workers: 8
[2025-05-20T20:52:43.041+0300][9844][9816 ][debug][gc,phases] GC(3)         Dead                           Min: 0, Avg:  0.1, Max: 1, Diff: 1, Sum: 1, Workers: 8
[2025-05-20T20:52:43.041+0300][9844][9816 ][debug][gc,phases] GC(3)         Total                          Min: 0, Avg: 17.6, Max: 64, Diff: 64, Sum: 141, Workers: 8
[2025-05-20T20:52:43.041+0300][9844][9816 ][debug][gc,phases] GC(3)       JVMTI Tag Weak OopStorage      Min:  0.0, Avg:  0.0, Max:  0.0, Diff:  0.0, Sum:  0.0, Workers: 8
[2025-05-20T20:52:43.041+0300][9844][9816 ][debug][gc,phases] GC(3)         Dead                           Min: 0, Avg:  0.0, Max: 0, Diff: 0, Sum: 0, Workers: 8
[2025-05-20T20:52:43.041+0300][9844][9816 ][debug][gc,phases] GC(3)         Total                          Min: 0, Avg:  0.0, Max: 0, Diff: 0, Sum: 0, Workers: 8
[2025-05-20T20:52:43.041+0300][9844][9816 ][debug][gc,phases] GC(3)       StringTable Weak               Min:  0.0, Avg:  0.0, Max:  0.0, Diff:  0.0, Sum:  0.1, Workers: 8
[2025-05-20T20:52:43.041+0300][9844][9816 ][debug][gc,phases] GC(3)         Dead                           Min: 0, Avg:  0.1, Max: 1, Diff: 1, Sum: 1, Workers: 8
[2025-05-20T20:52:43.041+0300][9844][9816 ][debug][gc,phases] GC(3)         Total                          Min: 0, Avg: 771.9, Max: 1183, Diff: 1183, Sum: 6175, Workers: 8
[2025-05-20T20:52:43.041+0300][9844][9816 ][debug][gc,phases] GC(3)       ResolvedMethodTable Weak       Min:  0.0, Avg:  0.0, Max:  0.0, Diff:  0.0, Sum:  0.0, Workers: 8
[2025-05-20T20:52:43.041+0300][9844][9816 ][debug][gc,phases] GC(3)         Dead                           Min: 0, Avg:  0.0, Max: 0, Diff: 0, Sum: 0, Workers: 8
[2025-05-20T20:52:43.041+0300][9844][9816 ][debug][gc,phases] GC(3)         Total                          Min: 0, Avg: 109.5, Max: 256, Diff: 256, Sum: 876, Workers: 8
[2025-05-20T20:52:43.041+0300][9844][9816 ][debug][gc,phases] GC(3)       JNI Weak                       Min:  0.0, Avg:  0.0, Max:  0.0, Diff:  0.0, Sum:  0.0, Workers: 8
[2025-05-20T20:52:43.041+0300][9844][9816 ][debug][gc,phases] GC(3)         Dead                           Min: 0, Avg:  0.0, Max: 0, Diff: 0, Sum: 0, Workers: 8
[2025-05-20T20:52:43.041+0300][9844][9816 ][debug][gc,phases] GC(3)         Total                          Min: 0, Avg:  7.0, Max: 56, Diff: 56, Sum: 56, Workers: 8
[2025-05-20T20:52:43.041+0300][9844][9816 ][debug][gc,phases] GC(3)       StringDedup Table Weak         Min:  0.0, Avg:  0.0, Max:  0.0, Diff:  0.0, Sum:  0.0, Workers: 8
[2025-05-20T20:52:43.041+0300][9844][9816 ][debug][gc,phases] GC(3)         Dead                           Min: 0, Avg:  0.0, Max: 0, Diff: 0, Sum: 0, Workers: 8
[2025-05-20T20:52:43.041+0300][9844][9816 ][debug][gc,phases] GC(3)         Total                          Min: 0, Avg:  0.0, Max: 0, Diff: 0, Sum: 0, Workers: 8
[2025-05-20T20:52:43.041+0300][9844][9816 ][debug][gc,phases] GC(3)       StringDedup Requests0 Weak     Min:  0.0, Avg:  0.0, Max:  0.0, Diff:  0.0, Sum:  0.0, Workers: 8
[2025-05-20T20:52:43.041+0300][9844][9816 ][debug][gc,phases] GC(3)         Dead                           Min: 0, Avg:  0.0, Max: 0, Diff: 0, Sum: 0, Workers: 8
[2025-05-20T20:52:43.041+0300][9844][9816 ][debug][gc,phases] GC(3)         Total                          Min: 0, Avg:  0.0, Max: 0, Diff: 0, Sum: 0, Workers: 8
[2025-05-20T20:52:43.041+0300][9844][9816 ][debug][gc,phases] GC(3)       StringDedup Requests1 Weak     Min:  0.0, Avg:  0.0, Max:  0.0, Diff:  0.0, Sum:  0.0, Workers: 8
[2025-05-20T20:52:43.041+0300][9844][9816 ][debug][gc,phases] GC(3)         Dead                           Min: 0, Avg:  0.0, Max: 0, Diff: 0, Sum: 0, Workers: 8
[2025-05-20T20:52:43.041+0300][9844][9816 ][debug][gc,phases] GC(3)         Total                          Min: 0, Avg:  0.0, Max: 0, Diff: 0, Sum: 0, Workers: 8
[2025-05-20T20:52:43.041+0300][9844][9816 ][debug][gc,phases] GC(3)       Weak JFR Old Object Samples    Min:  0.0, Avg:  0.0, Max:  0.0, Diff:  0.0, Sum:  0.0, Workers: 8
[2025-05-20T20:52:43.041+0300][9844][9816 ][debug][gc,phases] GC(3)         Dead                           Min: 0, Avg:  0.0, Max: 0, Diff: 0, Sum: 0, Workers: 8
[2025-05-20T20:52:43.041+0300][9844][9816 ][debug][gc,phases] GC(3)         Total                          Min: 0, Avg:  0.0, Max: 0, Diff: 0, Sum: 0, Workers: 8
[2025-05-20T20:52:43.041+0300][9844][9816 ][debug][gc,phases] GC(3)     Post Evacuate Cleanup 1: 0.2ms
[2025-05-20T20:52:43.041+0300][9844][9816 ][debug][gc,phases] GC(3)       Merge Per-Thread State (ms):   Min:  0.0, Avg:  0.0, Max:  0.0, Diff:  0.0, Sum:  0.0, Workers: 1
[2025-05-20T20:52:43.041+0300][9844][9816 ][debug][gc,phases] GC(3)         Copied Bytes                   Min: 11928, Avg: 985399.0, Max: 4324424, Diff: 4312496, Sum: 7883192, Workers: 8
[2025-05-20T20:52:43.041+0300][9844][9816 ][debug][gc,phases] GC(3)         LAB Waste                      Min: 0, Avg: 222.0, Max: 456, Diff: 456, Sum: 1776, Workers: 8
[2025-05-20T20:52:43.041+0300][9844][9816 ][debug][gc,phases] GC(3)         LAB Undo Waste                 Min: 0, Avg:  0.0, Max: 0, Diff: 0, Sum: 0, Workers: 8
[2025-05-20T20:52:43.041+0300][9844][9816 ][debug][gc,phases] GC(3)       Clear Logged Cards (ms):       Min:  0.0, Avg:  0.1, Max:  0.2, Diff:  0.2, Sum:  0.2, Workers: 4
[2025-05-20T20:52:43.041+0300][9844][9816 ][debug][gc,phases] GC(3)       Recalculate Used Memory (ms):  Min:  0.0, Avg:  0.0, Max:  0.0, Diff:  0.0, Sum:  0.0, Workers: 1
[2025-05-20T20:52:43.041+0300][9844][9816 ][debug][gc,phases] GC(3)     Post Evacuate Cleanup 2: 0.1ms
[2025-05-20T20:52:43.041+0300][9844][9816 ][debug][gc,phases] GC(3)       Update Derived Pointers (ms):  Min:  0.0, Avg:  0.0, Max:  0.0, Diff:  0.0, Sum:  0.0, Workers: 1
[2025-05-20T20:52:43.041+0300][9844][9816 ][debug][gc,phases] GC(3)       Eagerly Reclaim Humongous Objects (ms): skipped
[2025-05-20T20:52:43.041+0300][9844][9816 ][debug][gc,phases] GC(3)         Humongous Total                skipped
[2025-05-20T20:52:43.041+0300][9844][9816 ][debug][gc,phases] GC(3)         Humongous Candidates           skipped
[2025-05-20T20:52:43.041+0300][9844][9816 ][debug][gc,phases] GC(3)         Humongous Reclaimed            skipped
[2025-05-20T20:52:43.041+0300][9844][9816 ][debug][gc,phases] GC(3)       Redirty Logged Cards (ms):     Min:  0.0, Avg:  0.0, Max:  0.0, Diff:  0.0, Sum:  0.0, Workers: 8
[2025-05-20T20:52:43.041+0300][9844][9816 ][debug][gc,phases] GC(3)         Redirtied Cards:               Min: 0, Avg: 29.8, Max: 238, Diff: 238, Sum: 238, Workers: 8
[2025-05-20T20:52:43.041+0300][9844][9816 ][debug][gc,phases] GC(3)       Resize TLABs (ms):             Min:  0.0, Avg:  0.0, Max:  0.0, Diff:  0.0, Sum:  0.0, Workers: 8
[2025-05-20T20:52:43.041+0300][9844][9816 ][debug][gc,phases] GC(3)       Free Collection Set (ms):      Min:  0.0, Avg:  0.0, Max:  0.1, Diff:  0.1, Sum:  0.2, Workers: 8
[2025-05-20T20:52:43.041+0300][9844][9816 ][debug][gc,phases] GC(3)     Rebuild Free List: 0.0ms
[2025-05-20T20:52:43.041+0300][9844][9816 ][debug][gc,phases] GC(3)     Prepare For Mutator: 0.0ms
[2025-05-20T20:52:43.041+0300][9844][9816 ][debug][gc,phases] GC(3)     Expand Heap After Collection: 0.0ms
[2025-05-20T20:52:43.041+0300][9844][9816 ][info ][gc,phases] GC(3)   Other: 0.1ms
[2025-05-20T20:52:43.041+0300][9844][9816 ][info ][gc,heap  ] GC(3) Eden regions: 77->0(920)
[2025-05-20T20:52:43.041+0300][9844][9816 ][info ][gc,heap  ] GC(3) Survivor regions: 1->1(10)
[2025-05-20T20:52:43.041+0300][9844][9816 ][info ][gc,heap  ] GC(3) Old regions: 8->8
[2025-05-20T20:52:43.041+0300][9844][9816 ][info ][gc,heap  ] GC(3) Humongous regions: 0->0
[2025-05-20T20:52:43.041+0300][9844][9816 ][debug][gc,heap  ] GC(3) Heap after GC invocations=4 (full 1):
[2025-05-20T20:52:43.041+0300][9844][9816 ][debug][gc,heap  ] GC(3)  garbage-first heap   total 12582912K, used 10765K [0x0000000500000000, 0x0000000800000000)
[2025-05-20T20:52:43.041+0300][9844][9816 ][debug][gc,heap  ] GC(3)   region size 8192K, 1 young (8192K), 1 survivors (8192K)
[2025-05-20T20:52:43.041+0300][9844][9816 ][debug][gc,heap  ] GC(3)  Metaspace       used 8929K, committed 9472K, reserved 1114112K
[2025-05-20T20:52:43.041+0300][9844][9816 ][debug][gc,heap  ] GC(3)   class space    used 982K, committed 1216K, reserved 1048576K
[2025-05-20T20:52:43.041+0300][9844][9816 ][info ][gc       ] GC(3) Pause Young (Normal) (G1 Evacuation Pause) 626M->10M(12288M) 4.202ms
[2025-05-20T20:52:43.041+0300][9844][9816 ][info ][safepoint] Safepoint "G1CollectForAllocation", Time since last: 254017300 ns, Reaching safepoint: 635200 ns, Cleanup: 22800 ns, At safepoint: 4265000 ns, Total: 4923000 ns
[2025-05-20T20:52:44.051+0300][9844][9816 ][debug][safepoint] Safepoint synchronization initiated using striped semaphore wait barrier. (21 threads)
[2025-05-20T20:52:44.051+0300][9844][21068][debug][safepoint] ... found polling page loop exception at pc = 0x0000027a59c58760, stub =0x0000027a59655d80
[2025-05-20T20:52:44.051+0300][9844][18312][debug][safepoint] ... found polling page loop exception at pc = 0x0000027a59c58760, stub =0x0000027a59655d80
[2025-05-20T20:52:44.051+0300][9844][11476][debug][safepoint] ... found polling page loop exception at pc = 0x0000027a59c58760, stub =0x0000027a59655d80
[2025-05-20T20:52:44.051+0300][9844][21656][debug][safepoint] ... found polling page loop exception at pc = 0x0000027a59c58760, stub =0x0000027a59655d80
[2025-05-20T20:52:44.051+0300][9844][10536][debug][safepoint] ... found polling page loop exception at pc = 0x0000027a59c58760, stub =0x0000027a59655d80
[2025-05-20T20:52:44.051+0300][9844][9816 ][info ][safepoint] Safepoint "Cleanup", Time since last: 1007225900 ns, Reaching safepoint: 246000 ns, Cleanup: 57100 ns, At safepoint: 11900 ns, Total: 315000 ns
[2025-05-20T20:52:45.061+0300][9844][9816 ][debug][safepoint] Safepoint synchronization initiated using striped semaphore wait barrier. (19 threads)
[2025-05-20T20:52:45.061+0300][9844][17652][debug][safepoint] ... found polling page loop exception at pc = 0x0000027a59c58760, stub =0x0000027a59655d80
[2025-05-20T20:52:45.061+0300][9844][18312][debug][safepoint] ... found polling page loop exception at pc = 0x0000027a59cf4f00, stub =0x0000027a59655d80
[2025-05-20T20:52:45.061+0300][9844][11176][debug][safepoint] ... found polling page loop exception at pc = 0x0000027a59c797b3, stub =0x0000027a59656600
[2025-05-20T20:52:45.061+0300][9844][11476][debug][safepoint] ... found polling page loop exception at pc = 0x0000027a59c58760, stub =0x0000027a59655d80
[2025-05-20T20:52:45.061+0300][9844][21656][debug][safepoint] ... found polling page loop exception at pc = 0x0000027a59c69322, stub =0x0000027a59656600
[2025-05-20T20:52:45.061+0300][9844][20900][debug][safepoint] ... found polling page loop exception at pc = 0x0000027a59c58760, stub =0x0000027a59655d80
[2025-05-20T20:52:45.061+0300][9844][9816 ][info ][safepoint] Safepoint "Cleanup", Time since last: 1009161600 ns, Reaching safepoint: 376800 ns, Cleanup: 18500 ns, At safepoint: 19800 ns, Total: 415100 ns
[2025-05-20T20:52:45.276+0300][9844][9816 ][debug][safepoint] Safepoint synchronization initiated using striped semaphore wait barrier. (19 threads)
[2025-05-20T20:52:45.276+0300][9844][11476][debug][safepoint] ... found polling page loop exception at pc = 0x0000027a59c58760, stub =0x0000027a59655d80
[2025-05-20T20:52:45.276+0300][9844][10536][debug][safepoint] ... found polling page loop exception at pc = 0x0000027a59cde7a4, stub =0x0000027a59656600
[2025-05-20T20:52:45.276+0300][9844][21656][debug][safepoint] ... found polling page loop exception at pc = 0x0000027a59c58760, stub =0x0000027a59655d80
[2025-05-20T20:52:45.276+0300][9844][20900][debug][safepoint] ... found polling page loop exception at pc = 0x0000027a59d59163, stub =0x0000027a59656600
[2025-05-20T20:52:45.276+0300][9844][18312][debug][safepoint] ... found polling page loop exception at pc = 0x0000027a59c58760, stub =0x0000027a59655d80
[2025-05-20T20:52:45.276+0300][9844][9816 ][debug][gc,heap  ] GC(4) Heap before GC invocations=4 (full 1):
[2025-05-20T20:52:45.276+0300][9844][9816 ][debug][gc,heap  ] GC(4)  garbage-first heap   total 12582912K, used 7539213K [0x0000000500000000, 0x0000000800000000)
[2025-05-20T20:52:45.276+0300][9844][9816 ][debug][gc,heap  ] GC(4)   region size 8192K, 921 young (7544832K), 1 survivors (8192K)
[2025-05-20T20:52:45.276+0300][9844][9816 ][debug][gc,heap  ] GC(4)  Metaspace       used 8999K, committed 9536K, reserved 1114112K
[2025-05-20T20:52:45.276+0300][9844][9816 ][debug][gc,heap  ] GC(4)   class space    used 982K, committed 1216K, reserved 1048576K
[2025-05-20T20:52:45.282+0300][9844][9816 ][info ][gc,phases] GC(4)   Pre Evacuate Collection Set: 0.4ms
[2025-05-20T20:52:45.282+0300][9844][9816 ][debug][gc,phases] GC(4)     Pre Evacuate Prepare: 0.1ms
[2025-05-20T20:52:45.282+0300][9844][9816 ][debug][gc,phases] GC(4)       JT Retire TLABs And Flush Logs (ms): Min:  0.0, Avg:  0.0, Max:  0.0, Diff:  0.0, Sum:  0.0, Workers: 2
[2025-05-20T20:52:45.282+0300][9844][9816 ][debug][gc,phases] GC(4)       Non-JT Flush Logs (ms):        Min:  0.0, Avg:  0.0, Max:  0.0, Diff:  0.0, Sum:  0.0, Workers: 1
[2025-05-20T20:52:45.282+0300][9844][9816 ][debug][gc,phases] GC(4)     Choose Collection Set: 0.0ms
[2025-05-20T20:52:45.282+0300][9844][9816 ][debug][gc,phases] GC(4)     Region Register: 0.3ms
[2025-05-20T20:52:45.282+0300][9844][9816 ][debug][gc,phases] GC(4)     Prepare Heap Roots: 0.0ms
[2025-05-20T20:52:45.282+0300][9844][9816 ][info ][gc,phases] GC(4)   Merge Heap Roots: 0.2ms
[2025-05-20T20:52:45.282+0300][9844][9816 ][debug][gc,phases] GC(4)     Prepare Merge Heap Roots: 0.0ms
[2025-05-20T20:52:45.282+0300][9844][9816 ][debug][gc,phases] GC(4)     Remembered Sets (ms):          Min:  0.0, Avg:  0.1, Max:  0.1, Diff:  0.1, Sum:  0.5, Workers: 8
[2025-05-20T20:52:45.282+0300][9844][9816 ][debug][gc,phases] GC(4)       Eager Reclaim (ms):            skipped
[2025-05-20T20:52:45.282+0300][9844][9816 ][debug][gc,phases] GC(4)       Merged Inline                  Min: 0, Avg:  0.0, Max: 0, Diff: 0, Sum: 0, Workers: 8
[2025-05-20T20:52:45.282+0300][9844][9816 ][debug][gc,phases] GC(4)       Merged ArrayOfCards            Min: 0, Avg:  0.0, Max: 0, Diff: 0, Sum: 0, Workers: 8
[2025-05-20T20:52:45.282+0300][9844][9816 ][debug][gc,phases] GC(4)       Merged Howl                    Min: 0, Avg:  0.0, Max: 0, Diff: 0, Sum: 0, Workers: 8
[2025-05-20T20:52:45.282+0300][9844][9816 ][debug][gc,phases] GC(4)       Merged Full                    Min: 0, Avg:  0.0, Max: 0, Diff: 0, Sum: 0, Workers: 8
[2025-05-20T20:52:45.282+0300][9844][9816 ][debug][gc,phases] GC(4)       Merged Howl Inline             Min: 0, Avg:  0.0, Max: 0, Diff: 0, Sum: 0, Workers: 8
[2025-05-20T20:52:45.282+0300][9844][9816 ][debug][gc,phases] GC(4)       Merged Howl ArrayOfCards       Min: 0, Avg:  0.0, Max: 0, Diff: 0, Sum: 0, Workers: 8
[2025-05-20T20:52:45.282+0300][9844][9816 ][debug][gc,phases] GC(4)       Merged Howl BitMap             Min: 0, Avg:  0.0, Max: 0, Diff: 0, Sum: 0, Workers: 8
[2025-05-20T20:52:45.282+0300][9844][9816 ][debug][gc,phases] GC(4)       Merged Howl Full               Min: 0, Avg:  0.0, Max: 0, Diff: 0, Sum: 0, Workers: 8
[2025-05-20T20:52:45.282+0300][9844][9816 ][debug][gc,phases] GC(4)       Merged Cards                   Min: 8, Avg:  8.0, Max: 8, Diff: 0, Sum: 64, Workers: 8
[2025-05-20T20:52:45.282+0300][9844][9816 ][debug][gc,phases] GC(4)     Log Buffers (ms):              Min:  0.0, Avg:  0.0, Max:  0.0, Diff:  0.0, Sum:  0.0, Workers: 8
[2025-05-20T20:52:45.282+0300][9844][9816 ][debug][gc,phases] GC(4)       Dirty Cards:                   Min: 0, Avg: 31.4, Max: 131, Diff: 131, Sum: 251, Workers: 8
[2025-05-20T20:52:45.282+0300][9844][9816 ][debug][gc,phases] GC(4)       Skipped Cards:                 Min: 0, Avg:  0.0, Max: 0, Diff: 0, Sum: 0, Workers: 8
[2025-05-20T20:52:45.282+0300][9844][9816 ][info ][gc,phases] GC(4)   Evacuate Collection Set: 2.3ms
[2025-05-20T20:52:45.282+0300][9844][9816 ][debug][gc,phases] GC(4)     Ext Root Scanning (ms):        Min:  0.0, Avg:  0.1, Max:  0.5, Diff:  0.5, Sum:  0.9, Workers: 8
[2025-05-20T20:52:45.282+0300][9844][9816 ][debug][gc,phases] GC(4)     Scan Heap Roots (ms):          Min:  0.0, Avg:  0.0, Max:  0.1, Diff:  0.1, Sum:  0.3, Workers: 8
[2025-05-20T20:52:45.282+0300][9844][9816 ][debug][gc,phases] GC(4)       Scanned Cards:                 Min: 0, Avg: 31.4, Max: 134, Diff: 134, Sum: 251, Workers: 8
[2025-05-20T20:52:45.282+0300][9844][9816 ][debug][gc,phases] GC(4)       Scanned Blocks:                Min: 0, Avg: 19.9, Max: 87, Diff: 87, Sum: 159, Workers: 8
[2025-05-20T20:52:45.282+0300][9844][9816 ][debug][gc,phases] GC(4)       Claimed Chunks:                Min: 0, Avg:  2.8, Max: 10, Diff: 10, Sum: 22, Workers: 8
[2025-05-20T20:52:45.282+0300][9844][9816 ][debug][gc,phases] GC(4)       Found Roots:                   Min: 0, Avg: 151.2, Max: 637, Diff: 637, Sum: 1210, Workers: 8
[2025-05-20T20:52:45.282+0300][9844][9816 ][debug][gc,phases] GC(4)     Code Root Scan (ms):           Min:  0.0, Avg:  0.3, Max:  1.0, Diff:  0.9, Sum:  2.7, Workers: 8
[2025-05-20T20:52:45.282+0300][9844][9816 ][debug][gc,phases] GC(4)       Scanned Nmethods               Min: 0, Avg: 50.9, Max: 105, Diff: 105, Sum: 407, Workers: 8
[2025-05-20T20:52:45.282+0300][9844][9816 ][debug][gc,phases] GC(4)     Object Copy (ms):              Min:  0.0, Avg:  0.8, Max:  1.8, Diff:  1.8, Sum:  6.3, Workers: 8
[2025-05-20T20:52:45.282+0300][9844][9816 ][debug][gc,phases] GC(4)     Termination (ms):              Min:  0.0, Avg:  0.6, Max:  0.9, Diff:  0.9, Sum:  4.4, Workers: 8
[2025-05-20T20:52:45.282+0300][9844][9816 ][debug][gc,phases] GC(4)       Termination Attempts:          Min: 1, Avg:  1.0, Max: 1, Diff: 0, Sum: 8, Workers: 8
[2025-05-20T20:52:45.282+0300][9844][9816 ][debug][gc,phases] GC(4)     GC Worker Other (ms):          Min:  0.1, Avg:  0.3, Max:  1.5, Diff:  1.4, Sum:  2.1, Workers: 8
[2025-05-20T20:52:45.282+0300][9844][9816 ][debug][gc,phases] GC(4)     GC Worker Total (ms):          Min:  1.5, Avg:  2.1, Max:  2.3, Diff:  0.8, Sum: 16.8, Workers: 8
[2025-05-20T20:52:45.282+0300][9844][9816 ][info ][gc,phases] GC(4)   Post Evacuate Collection Set: 2.2ms
[2025-05-20T20:52:45.282+0300][9844][9816 ][debug][gc,phases] GC(4)     NMethod List Cleanup: 0.1ms
[2025-05-20T20:52:45.282+0300][9844][9816 ][debug][gc,phases] GC(4)     Reference Processing: 0.3ms
[2025-05-20T20:52:45.282+0300][9844][9816 ][debug][gc,phases] GC(4)     Weak Processing: 0.1ms
[2025-05-20T20:52:45.282+0300][9844][9816 ][debug][gc,phases] GC(4)       VM Weak                        Min:  0.0, Avg:  0.0, Max:  0.0, Diff:  0.0, Sum:  0.0, Workers: 8
[2025-05-20T20:52:45.282+0300][9844][9816 ][debug][gc,phases] GC(4)         Dead                           Min: 0, Avg:  0.0, Max: 0, Diff: 0, Sum: 0, Workers: 8
[2025-05-20T20:52:45.282+0300][9844][9816 ][debug][gc,phases] GC(4)         Total                          Min: 0, Avg: 47.4, Max: 187, Diff: 187, Sum: 379, Workers: 8
[2025-05-20T20:52:45.282+0300][9844][9816 ][debug][gc,phases] GC(4)       ObjectSynchronizer Weak        Min:  0.0, Avg:  0.0, Max:  0.0, Diff:  0.0, Sum:  0.0, Workers: 8
[2025-05-20T20:52:45.282+0300][9844][9816 ][debug][gc,phases] GC(4)         Dead                           Min: 0, Avg:  0.0, Max: 0, Diff: 0, Sum: 0, Workers: 8
[2025-05-20T20:52:45.282+0300][9844][9816 ][debug][gc,phases] GC(4)         Total                          Min: 0, Avg: 17.6, Max: 64, Diff: 64, Sum: 141, Workers: 8
[2025-05-20T20:52:45.282+0300][9844][9816 ][debug][gc,phases] GC(4)       JVMTI Tag Weak OopStorage      Min:  0.0, Avg:  0.0, Max:  0.0, Diff:  0.0, Sum:  0.0, Workers: 8
[2025-05-20T20:52:45.282+0300][9844][9816 ][debug][gc,phases] GC(4)         Dead                           Min: 0, Avg:  0.0, Max: 0, Diff: 0, Sum: 0, Workers: 8
[2025-05-20T20:52:45.282+0300][9844][9816 ][debug][gc,phases] GC(4)         Total                          Min: 0, Avg:  0.0, Max: 0, Diff: 0, Sum: 0, Workers: 8
[2025-05-20T20:52:45.282+0300][9844][9816 ][debug][gc,phases] GC(4)       StringTable Weak               Min:  0.0, Avg:  0.0, Max:  0.0, Diff:  0.0, Sum:  0.1, Workers: 8
[2025-05-20T20:52:45.282+0300][9844][9816 ][debug][gc,phases] GC(4)         Dead                           Min: 0, Avg:  0.0, Max: 0, Diff: 0, Sum: 0, Workers: 8
[2025-05-20T20:52:45.282+0300][9844][9816 ][debug][gc,phases] GC(4)         Total                          Min: 0, Avg: 775.6, Max: 1472, Diff: 1472, Sum: 6205, Workers: 8
[2025-05-20T20:52:45.282+0300][9844][9816 ][debug][gc,phases] GC(4)       ResolvedMethodTable Weak       Min:  0.0, Avg:  0.0, Max:  0.0, Diff:  0.0, Sum:  0.0, Workers: 8
[2025-05-20T20:52:45.282+0300][9844][9816 ][debug][gc,phases] GC(4)         Dead                           Min: 0, Avg:  0.0, Max: 0, Diff: 0, Sum: 0, Workers: 8
[2025-05-20T20:52:45.282+0300][9844][9816 ][debug][gc,phases] GC(4)         Total                          Min: 0, Avg: 109.5, Max: 256, Diff: 256, Sum: 876, Workers: 8
[2025-05-20T20:52:45.282+0300][9844][9816 ][debug][gc,phases] GC(4)       JNI Weak                       Min:  0.0, Avg:  0.0, Max:  0.0, Diff:  0.0, Sum:  0.0, Workers: 8
[2025-05-20T20:52:45.282+0300][9844][9816 ][debug][gc,phases] GC(4)         Dead                           Min: 0, Avg:  0.0, Max: 0, Diff: 0, Sum: 0, Workers: 8
[2025-05-20T20:52:45.282+0300][9844][9816 ][debug][gc,phases] GC(4)         Total                          Min: 0, Avg:  0.0, Max: 0, Diff: 0, Sum: 0, Workers: 8
[2025-05-20T20:52:45.282+0300][9844][9816 ][debug][gc,phases] GC(4)       StringDedup Table Weak         Min:  0.0, Avg:  0.0, Max:  0.0, Diff:  0.0, Sum:  0.0, Workers: 8
[2025-05-20T20:52:45.282+0300][9844][9816 ][debug][gc,phases] GC(4)         Dead                           Min: 0, Avg:  0.0, Max: 0, Diff: 0, Sum: 0, Workers: 8
[2025-05-20T20:52:45.282+0300][9844][9816 ][debug][gc,phases] GC(4)         Total                          Min: 0, Avg:  0.0, Max: 0, Diff: 0, Sum: 0, Workers: 8
[2025-05-20T20:52:45.282+0300][9844][9816 ][debug][gc,phases] GC(4)       StringDedup Requests0 Weak     Min:  0.0, Avg:  0.0, Max:  0.0, Diff:  0.0, Sum:  0.0, Workers: 8
[2025-05-20T20:52:45.282+0300][9844][9816 ][debug][gc,phases] GC(4)         Dead                           Min: 0, Avg:  0.0, Max: 0, Diff: 0, Sum: 0, Workers: 8
[2025-05-20T20:52:45.282+0300][9844][9816 ][debug][gc,phases] GC(4)         Total                          Min: 0, Avg:  0.0, Max: 0, Diff: 0, Sum: 0, Workers: 8
[2025-05-20T20:52:45.282+0300][9844][9816 ][debug][gc,phases] GC(4)       StringDedup Requests1 Weak     Min:  0.0, Avg:  0.0, Max:  0.0, Diff:  0.0, Sum:  0.0, Workers: 8
[2025-05-20T20:52:45.282+0300][9844][9816 ][debug][gc,phases] GC(4)         Dead                           Min: 0, Avg:  0.0, Max: 0, Diff: 0, Sum: 0, Workers: 8
[2025-05-20T20:52:45.282+0300][9844][9816 ][debug][gc,phases] GC(4)         Total                          Min: 0, Avg:  0.0, Max: 0, Diff: 0, Sum: 0, Workers: 8
[2025-05-20T20:52:45.282+0300][9844][9816 ][debug][gc,phases] GC(4)       Weak JFR Old Object Samples    Min:  0.0, Avg:  0.0, Max:  0.0, Diff:  0.0, Sum:  0.0, Workers: 8
[2025-05-20T20:52:45.282+0300][9844][9816 ][debug][gc,phases] GC(4)         Dead                           Min: 0, Avg:  0.0, Max: 0, Diff: 0, Sum: 0, Workers: 8
[2025-05-20T20:52:45.282+0300][9844][9816 ][debug][gc,phases] GC(4)         Total                          Min: 0, Avg:  0.0, Max: 0, Diff: 0, Sum: 0, Workers: 8
[2025-05-20T20:52:45.282+0300][9844][9816 ][debug][gc,phases] GC(4)     Post Evacuate Cleanup 1: 1.4ms
[2025-05-20T20:52:45.282+0300][9844][9816 ][debug][gc,phases] GC(4)       Merge Per-Thread State (ms):   Min:  0.1, Avg:  0.1, Max:  0.1, Diff:  0.0, Sum:  0.1, Workers: 1
[2025-05-20T20:52:45.282+0300][9844][9816 ][debug][gc,phases] GC(4)         Copied Bytes                   Min: 0, Avg: 990156.0, Max: 2614704, Diff: 2614704, Sum: 7921248, Workers: 8
[2025-05-20T20:52:45.282+0300][9844][9816 ][debug][gc,phases] GC(4)         LAB Waste                      Min: 0, Avg: 372.0, Max: 1888, Diff: 1888, Sum: 2976, Workers: 8
[2025-05-20T20:52:45.282+0300][9844][9816 ][debug][gc,phases] GC(4)         LAB Undo Waste                 Min: 0, Avg:  0.0, Max: 0, Diff: 0, Sum: 0, Workers: 8
[2025-05-20T20:52:45.282+0300][9844][9816 ][debug][gc,phases] GC(4)       Clear Logged Cards (ms):       Min:  0.0, Avg:  0.8, Max:  1.3, Diff:  1.3, Sum:  6.8, Workers: 8
[2025-05-20T20:52:45.282+0300][9844][9816 ][debug][gc,phases] GC(4)       Recalculate Used Memory (ms):  Min:  0.0, Avg:  0.0, Max:  0.0, Diff:  0.0, Sum:  0.0, Workers: 1
[2025-05-20T20:52:45.282+0300][9844][9816 ][debug][gc,phases] GC(4)     Post Evacuate Cleanup 2: 0.3ms
[2025-05-20T20:52:45.282+0300][9844][9816 ][debug][gc,phases] GC(4)       Update Derived Pointers (ms):  Min:  0.0, Avg:  0.0, Max:  0.0, Diff:  0.0, Sum:  0.0, Workers: 1
[2025-05-20T20:52:45.282+0300][9844][9816 ][debug][gc,phases] GC(4)       Eagerly Reclaim Humongous Objects (ms): skipped
[2025-05-20T20:52:45.282+0300][9844][9816 ][debug][gc,phases] GC(4)         Humongous Total                skipped
[2025-05-20T20:52:45.282+0300][9844][9816 ][debug][gc,phases] GC(4)         Humongous Candidates           skipped
[2025-05-20T20:52:45.282+0300][9844][9816 ][debug][gc,phases] GC(4)         Humongous Reclaimed            skipped
[2025-05-20T20:52:45.282+0300][9844][9816 ][debug][gc,phases] GC(4)       Redirty Logged Cards (ms):     Min:  0.0, Avg:  0.0, Max:  0.0, Diff:  0.0, Sum:  0.0, Workers: 8
[2025-05-20T20:52:45.282+0300][9844][9816 ][debug][gc,phases] GC(4)         Redirtied Cards:               Min: 0, Avg: 30.6, Max: 138, Diff: 138, Sum: 245, Workers: 8
[2025-05-20T20:52:45.282+0300][9844][9816 ][debug][gc,phases] GC(4)       Resize TLABs (ms):             Min:  0.0, Avg:  0.0, Max:  0.0, Diff:  0.0, Sum:  0.0, Workers: 8
[2025-05-20T20:52:45.282+0300][9844][9816 ][debug][gc,phases] GC(4)       Free Collection Set (ms):      Min:  0.0, Avg:  0.2, Max:  0.3, Diff:  0.3, Sum:  1.4, Workers: 8
[2025-05-20T20:52:45.282+0300][9844][9816 ][debug][gc,phases] GC(4)     Rebuild Free List: 0.0ms
[2025-05-20T20:52:45.282+0300][9844][9816 ][debug][gc,phases] GC(4)     Prepare For Mutator: 0.0ms
[2025-05-20T20:52:45.282+0300][9844][9816 ][debug][gc,phases] GC(4)     Expand Heap After Collection: 0.0ms
[2025-05-20T20:52:45.282+0300][9844][9816 ][info ][gc,phases] GC(4)   Other: 0.4ms
[2025-05-20T20:52:45.282+0300][9844][9816 ][info ][gc,heap  ] GC(4) Eden regions: 920->0(920)
[2025-05-20T20:52:45.282+0300][9844][9816 ][info ][gc,heap  ] GC(4) Survivor regions: 1->1(116)
[2025-05-20T20:52:45.282+0300][9844][9816 ][info ][gc,heap  ] GC(4) Old regions: 8->8
[2025-05-20T20:52:45.282+0300][9844][9816 ][info ][gc,heap  ] GC(4) Humongous regions: 0->0
[2025-05-20T20:52:45.282+0300][9844][9816 ][debug][gc,heap  ] GC(4) Heap after GC invocations=5 (full 1):
[2025-05-20T20:52:45.282+0300][9844][9816 ][debug][gc,heap  ] GC(4)  garbage-first heap   total 12582912K, used 10781K [0x0000000500000000, 0x0000000800000000)
[2025-05-20T20:52:45.282+0300][9844][9816 ][debug][gc,heap  ] GC(4)   region size 8192K, 1 young (8192K), 1 survivors (8192K)
[2025-05-20T20:52:45.282+0300][9844][9816 ][debug][gc,heap  ] GC(4)  Metaspace       used 8999K, committed 9536K, reserved 1114112K
[2025-05-20T20:52:45.282+0300][9844][9816 ][debug][gc,heap  ] GC(4)   class space    used 982K, committed 1216K, reserved 1048576K
[2025-05-20T20:52:45.282+0300][9844][9816 ][info ][gc       ] GC(4) Pause Young (Normal) (G1 Evacuation Pause) 7370M->10M(12288M) 6.760ms
[2025-05-20T20:52:45.282+0300][9844][9816 ][info ][safepoint] Safepoint "G1CollectForAllocation", Time since last: 215820400 ns, Reaching safepoint: 620800 ns, Cleanup: 15200 ns, At safepoint: 6812200 ns, Total: 7448200 ns
[2025-05-20T20:52:46.293+0300][9844][9816 ][debug][safepoint] Safepoint synchronization initiated using striped semaphore wait barrier. (19 threads)
[2025-05-20T20:52:46.293+0300][9844][11176][debug][safepoint] ... found polling page loop exception at pc = 0x0000027a59cf5055, stub =0x0000027a59655d80
[2025-05-20T20:52:46.293+0300][9844][21656][debug][safepoint] ... found polling page loop exception at pc = 0x0000027a59c58760, stub =0x0000027a59655d80
[2025-05-20T20:52:46.293+0300][9844][17652][debug][safepoint] ... found polling page loop exception at pc = 0x0000027a59cf5055, stub =0x0000027a59655d80
[2025-05-20T20:52:46.293+0300][9844][20900][debug][safepoint] ... found polling page loop exception at pc = 0x0000027a59c8b772, stub =0x0000027a59656600
[2025-05-20T20:52:46.293+0300][9844][10536][debug][safepoint] ... found polling page loop exception at pc = 0x0000027a59c58760, stub =0x0000027a59655d80
[2025-05-20T20:52:46.293+0300][9844][11476][debug][safepoint] ... found polling page loop exception at pc = 0x0000027a59d7a78e, stub =0x0000027a59656600
[2025-05-20T20:52:46.293+0300][9844][18312][debug][safepoint] ... found polling page loop exception at pc = 0x0000027a59dd4740, stub =0x0000027a59656600
[2025-05-20T20:52:46.293+0300][9844][9816 ][info ][safepoint] Safepoint "Cleanup", Time since last: 1008257100 ns, Reaching safepoint: 369000 ns, Cleanup: 17500 ns, At safepoint: 13400 ns, Total: 399900 ns
[2025-05-20T20:52:47.265+0300][9844][9816 ][debug][safepoint] Safepoint synchronization initiated using striped semaphore wait barrier. (19 threads)
[2025-05-20T20:52:47.265+0300][9844][21068][debug][safepoint] ... found polling page loop exception at pc = 0x0000027a59d107ee, stub =0x0000027a59656600
[2025-05-20T20:52:47.265+0300][9844][18312][debug][safepoint] ... found polling page loop exception at pc = 0x0000027a59c58760, stub =0x0000027a59655d80
[2025-05-20T20:52:47.265+0300][9844][10536][debug][safepoint] ... found polling page loop exception at pc = 0x0000027a59c58760, stub =0x0000027a59655d80
[2025-05-20T20:52:47.265+0300][9844][17652][debug][safepoint] ... found polling page loop exception at pc = 0x0000027a59c58760, stub =0x0000027a59655d80
[2025-05-20T20:52:47.265+0300][9844][20900][debug][safepoint] ... found polling page loop exception at pc = 0x0000027a59d35f16, stub =0x0000027a59655d80
[2025-05-20T20:52:47.265+0300][9844][11176][debug][safepoint] ... found polling page loop exception at pc = 0x0000027a59c58760, stub =0x0000027a59655d80
[2025-05-20T20:52:47.265+0300][9844][9816 ][debug][gc,heap  ] GC(5) Heap before GC invocations=5 (full 1):
[2025-05-20T20:52:47.265+0300][9844][9816 ][debug][gc,heap  ] GC(5)  garbage-first heap   total 12582912K, used 7547421K [0x0000000500000000, 0x0000000800000000)
[2025-05-20T20:52:47.265+0300][9844][9816 ][debug][gc,heap  ] GC(5)   region size 8192K, 921 young (7544832K), 1 survivors (8192K)
[2025-05-20T20:52:47.265+0300][9844][9816 ][debug][gc,heap  ] GC(5)  Metaspace       used 9005K, committed 9536K, reserved 1114112K
[2025-05-20T20:52:47.265+0300][9844][9816 ][debug][gc,heap  ] GC(5)   class space    used 982K, committed 1216K, reserved 1048576K
[2025-05-20T20:52:47.272+0300][9844][9816 ][info ][gc,phases] GC(5)   Pre Evacuate Collection Set: 0.4ms
[2025-05-20T20:52:47.272+0300][9844][9816 ][debug][gc,phases] GC(5)     Pre Evacuate Prepare: 0.1ms
[2025-05-20T20:52:47.272+0300][9844][9816 ][debug][gc,phases] GC(5)       JT Retire TLABs And Flush Logs (ms): Min:  0.0, Avg:  0.0, Max:  0.0, Diff:  0.0, Sum:  0.0, Workers: 2
[2025-05-20T20:52:47.272+0300][9844][9816 ][debug][gc,phases] GC(5)       Non-JT Flush Logs (ms):        Min:  0.0, Avg:  0.0, Max:  0.0, Diff:  0.0, Sum:  0.0, Workers: 1
[2025-05-20T20:52:47.272+0300][9844][9816 ][debug][gc,phases] GC(5)     Choose Collection Set: 0.0ms
[2025-05-20T20:52:47.272+0300][9844][9816 ][debug][gc,phases] GC(5)     Region Register: 0.4ms
[2025-05-20T20:52:47.272+0300][9844][9816 ][debug][gc,phases] GC(5)     Prepare Heap Roots: 0.0ms
[2025-05-20T20:52:47.272+0300][9844][9816 ][info ][gc,phases] GC(5)   Merge Heap Roots: 0.3ms
[2025-05-20T20:52:47.272+0300][9844][9816 ][debug][gc,phases] GC(5)     Prepare Merge Heap Roots: 0.0ms
[2025-05-20T20:52:47.272+0300][9844][9816 ][debug][gc,phases] GC(5)     Remembered Sets (ms):          Min:  0.0, Avg:  0.1, Max:  0.1, Diff:  0.1, Sum:  0.7, Workers: 8
[2025-05-20T20:52:47.272+0300][9844][9816 ][debug][gc,phases] GC(5)       Eager Reclaim (ms):            skipped
[2025-05-20T20:52:47.272+0300][9844][9816 ][debug][gc,phases] GC(5)       Merged Inline                  Min: 0, Avg:  0.0, Max: 0, Diff: 0, Sum: 0, Workers: 8
[2025-05-20T20:52:47.272+0300][9844][9816 ][debug][gc,phases] GC(5)       Merged ArrayOfCards            Min: 0, Avg:  0.0, Max: 0, Diff: 0, Sum: 0, Workers: 8
[2025-05-20T20:52:47.272+0300][9844][9816 ][debug][gc,phases] GC(5)       Merged Howl                    Min: 0, Avg:  0.0, Max: 0, Diff: 0, Sum: 0, Workers: 8
[2025-05-20T20:52:47.272+0300][9844][9816 ][debug][gc,phases] GC(5)       Merged Full                    Min: 0, Avg:  0.0, Max: 0, Diff: 0, Sum: 0, Workers: 8
[2025-05-20T20:52:47.272+0300][9844][9816 ][debug][gc,phases] GC(5)       Merged Howl Inline             Min: 0, Avg:  0.0, Max: 0, Diff: 0, Sum: 0, Workers: 8
[2025-05-20T20:52:47.272+0300][9844][9816 ][debug][gc,phases] GC(5)       Merged Howl ArrayOfCards       Min: 0, Avg:  0.0, Max: 0, Diff: 0, Sum: 0, Workers: 8
[2025-05-20T20:52:47.272+0300][9844][9816 ][debug][gc,phases] GC(5)       Merged Howl BitMap             Min: 0, Avg:  0.0, Max: 0, Diff: 0, Sum: 0, Workers: 8
[2025-05-20T20:52:47.272+0300][9844][9816 ][debug][gc,phases] GC(5)       Merged Howl Full               Min: 0, Avg:  0.0, Max: 0, Diff: 0, Sum: 0, Workers: 8
[2025-05-20T20:52:47.272+0300][9844][9816 ][debug][gc,phases] GC(5)       Merged Cards                   Min: 8, Avg:  8.0, Max: 8, Diff: 0, Sum: 64, Workers: 8
[2025-05-20T20:52:47.272+0300][9844][9816 ][debug][gc,phases] GC(5)     Log Buffers (ms):              Min:  0.0, Avg:  0.0, Max:  0.0, Diff:  0.0, Sum:  0.0, Workers: 8
[2025-05-20T20:52:47.272+0300][9844][9816 ][debug][gc,phases] GC(5)       Dirty Cards:                   Min: 0, Avg: 31.1, Max: 155, Diff: 155, Sum: 249, Workers: 8
[2025-05-20T20:52:47.272+0300][9844][9816 ][debug][gc,phases] GC(5)       Skipped Cards:                 Min: 0, Avg:  0.0, Max: 0, Diff: 0, Sum: 0, Workers: 8
[2025-05-20T20:52:47.273+0300][9844][9816 ][info ][gc,phases] GC(5)   Evacuate Collection Set: 3.4ms
[2025-05-20T20:52:47.273+0300][9844][9816 ][debug][gc,phases] GC(5)     Ext Root Scanning (ms):        Min:  0.0, Avg:  0.1, Max:  0.6, Diff:  0.6, Sum:  1.1, Workers: 8
[2025-05-20T20:52:47.273+0300][9844][9816 ][debug][gc,phases] GC(5)     Scan Heap Roots (ms):          Min:  0.0, Avg:  0.1, Max:  0.1, Diff:  0.1, Sum:  0.5, Workers: 8
[2025-05-20T20:52:47.273+0300][9844][9816 ][debug][gc,phases] GC(5)       Scanned Cards:                 Min: 0, Avg: 30.9, Max: 77, Diff: 77, Sum: 247, Workers: 8
[2025-05-20T20:52:47.273+0300][9844][9816 ][debug][gc,phases] GC(5)       Scanned Blocks:                Min: 0, Avg: 19.5, Max: 55, Diff: 55, Sum: 156, Workers: 8
[2025-05-20T20:52:47.273+0300][9844][9816 ][debug][gc,phases] GC(5)       Claimed Chunks:                Min: 0, Avg:  2.8, Max: 9, Diff: 9, Sum: 22, Workers: 8
[2025-05-20T20:52:47.273+0300][9844][9816 ][debug][gc,phases] GC(5)       Found Roots:                   Min: 0, Avg: 151.2, Max: 419, Diff: 419, Sum: 1210, Workers: 8
[2025-05-20T20:52:47.273+0300][9844][9816 ][debug][gc,phases] GC(5)     Code Root Scan (ms):           Min:  0.1, Avg:  0.5, Max:  1.2, Diff:  1.1, Sum:  4.0, Workers: 8
[2025-05-20T20:52:47.273+0300][9844][9816 ][debug][gc,phases] GC(5)       Scanned Nmethods               Min: 0, Avg: 51.5, Max: 115, Diff: 115, Sum: 412, Workers: 8
[2025-05-20T20:52:47.273+0300][9844][9816 ][debug][gc,phases] GC(5)     Object Copy (ms):              Min:  0.0, Avg:  1.1, Max:  2.2, Diff:  2.2, Sum:  8.4, Workers: 8
[2025-05-20T20:52:47.273+0300][9844][9816 ][debug][gc,phases] GC(5)     Termination (ms):              Min:  0.0, Avg:  1.1, Max:  1.6, Diff:  1.6, Sum:  8.5, Workers: 8
[2025-05-20T20:52:47.273+0300][9844][9816 ][debug][gc,phases] GC(5)       Termination Attempts:          Min: 1, Avg:  1.0, Max: 1, Diff: 0, Sum: 8, Workers: 8
[2025-05-20T20:52:47.273+0300][9844][9816 ][debug][gc,phases] GC(5)     GC Worker Other (ms):          Min:  0.1, Avg:  0.2, Max:  0.9, Diff:  0.8, Sum:  1.6, Workers: 8
[2025-05-20T20:52:47.273+0300][9844][9816 ][debug][gc,phases] GC(5)     GC Worker Total (ms):          Min:  1.6, Avg:  3.0, Max:  3.3, Diff:  1.8, Sum: 24.0, Workers: 8
[2025-05-20T20:52:47.273+0300][9844][9816 ][info ][gc,phases] GC(5)   Post Evacuate Collection Set: 2.5ms
[2025-05-20T20:52:47.273+0300][9844][9816 ][debug][gc,phases] GC(5)     NMethod List Cleanup: 0.1ms
[2025-05-20T20:52:47.273+0300][9844][9816 ][debug][gc,phases] GC(5)     Reference Processing: 0.3ms
[2025-05-20T20:52:47.273+0300][9844][9816 ][debug][gc,phases] GC(5)     Weak Processing: 0.1ms
[2025-05-20T20:52:47.273+0300][9844][9816 ][debug][gc,phases] GC(5)       VM Weak                        Min:  0.0, Avg:  0.0, Max:  0.0, Diff:  0.0, Sum:  0.0, Workers: 8
[2025-05-20T20:52:47.273+0300][9844][9816 ][debug][gc,phases] GC(5)         Dead                           Min: 0, Avg:  0.0, Max: 0, Diff: 0, Sum: 0, Workers: 8
[2025-05-20T20:52:47.273+0300][9844][9816 ][debug][gc,phases] GC(5)         Total                          Min: 0, Avg: 47.4, Max: 128, Diff: 128, Sum: 379, Workers: 8
[2025-05-20T20:52:47.273+0300][9844][9816 ][debug][gc,phases] GC(5)       ObjectSynchronizer Weak        Min:  0.0, Avg:  0.0, Max:  0.0, Diff:  0.0, Sum:  0.0, Workers: 8
[2025-05-20T20:52:47.273+0300][9844][9816 ][debug][gc,phases] GC(5)         Dead                           Min: 0, Avg:  0.0, Max: 0, Diff: 0, Sum: 0, Workers: 8
[2025-05-20T20:52:47.273+0300][9844][9816 ][debug][gc,phases] GC(5)         Total                          Min: 0, Avg: 17.6, Max: 64, Diff: 64, Sum: 141, Workers: 8
[2025-05-20T20:52:47.273+0300][9844][9816 ][debug][gc,phases] GC(5)       JVMTI Tag Weak OopStorage      Min:  0.0, Avg:  0.0, Max:  0.0, Diff:  0.0, Sum:  0.0, Workers: 8
[2025-05-20T20:52:47.273+0300][9844][9816 ][debug][gc,phases] GC(5)         Dead                           Min: 0, Avg:  0.0, Max: 0, Diff: 0, Sum: 0, Workers: 8
[2025-05-20T20:52:47.273+0300][9844][9816 ][debug][gc,phases] GC(5)         Total                          Min: 0, Avg:  0.0, Max: 0, Diff: 0, Sum: 0, Workers: 8
[2025-05-20T20:52:47.273+0300][9844][9816 ][debug][gc,phases] GC(5)       StringTable Weak               Min:  0.0, Avg:  0.0, Max:  0.0, Diff:  0.0, Sum:  0.2, Workers: 8
[2025-05-20T20:52:47.273+0300][9844][9816 ][debug][gc,phases] GC(5)         Dead                           Min: 0, Avg:  0.0, Max: 0, Diff: 0, Sum: 0, Workers: 8
[2025-05-20T20:52:47.273+0300][9844][9816 ][debug][gc,phases] GC(5)         Total                          Min: 0, Avg: 775.6, Max: 1536, Diff: 1536, Sum: 6205, Workers: 8
[2025-05-20T20:52:47.273+0300][9844][9816 ][debug][gc,phases] GC(5)       ResolvedMethodTable Weak       Min:  0.0, Avg:  0.0, Max:  0.0, Diff:  0.0, Sum:  0.0, Workers: 8
[2025-05-20T20:52:47.273+0300][9844][9816 ][debug][gc,phases] GC(5)         Dead                           Min: 0, Avg:  0.0, Max: 0, Diff: 0, Sum: 0, Workers: 8
[2025-05-20T20:52:47.273+0300][9844][9816 ][debug][gc,phases] GC(5)         Total                          Min: 0, Avg: 109.5, Max: 256, Diff: 256, Sum: 876, Workers: 8
[2025-05-20T20:52:47.273+0300][9844][9816 ][debug][gc,phases] GC(5)       JNI Weak                       Min:  0.0, Avg:  0.0, Max:  0.0, Diff:  0.0, Sum:  0.0, Workers: 8
[2025-05-20T20:52:47.273+0300][9844][9816 ][debug][gc,phases] GC(5)         Dead                           Min: 0, Avg:  0.0, Max: 0, Diff: 0, Sum: 0, Workers: 8
[2025-05-20T20:52:47.273+0300][9844][9816 ][debug][gc,phases] GC(5)         Total                          Min: 0, Avg:  0.0, Max: 0, Diff: 0, Sum: 0, Workers: 8
[2025-05-20T20:52:47.273+0300][9844][9816 ][debug][gc,phases] GC(5)       StringDedup Table Weak         Min:  0.0, Avg:  0.0, Max:  0.0, Diff:  0.0, Sum:  0.0, Workers: 8
[2025-05-20T20:52:47.273+0300][9844][9816 ][debug][gc,phases] GC(5)         Dead                           Min: 0, Avg:  0.0, Max: 0, Diff: 0, Sum: 0, Workers: 8
[2025-05-20T20:52:47.273+0300][9844][9816 ][debug][gc,phases] GC(5)         Total                          Min: 0, Avg:  0.0, Max: 0, Diff: 0, Sum: 0, Workers: 8
[2025-05-20T20:52:47.273+0300][9844][9816 ][debug][gc,phases] GC(5)       StringDedup Requests0 Weak     Min:  0.0, Avg:  0.0, Max:  0.0, Diff:  0.0, Sum:  0.0, Workers: 8
[2025-05-20T20:52:47.273+0300][9844][9816 ][debug][gc,phases] GC(5)         Dead                           Min: 0, Avg:  0.0, Max: 0, Diff: 0, Sum: 0, Workers: 8
[2025-05-20T20:52:47.273+0300][9844][9816 ][debug][gc,phases] GC(5)         Total                          Min: 0, Avg:  0.0, Max: 0, Diff: 0, Sum: 0, Workers: 8
[2025-05-20T20:52:47.273+0300][9844][9816 ][debug][gc,phases] GC(5)       StringDedup Requests1 Weak     Min:  0.0, Avg:  0.0, Max:  0.0, Diff:  0.0, Sum:  0.0, Workers: 8
[2025-05-20T20:52:47.273+0300][9844][9816 ][debug][gc,phases] GC(5)         Dead                           Min: 0, Avg:  0.0, Max: 0, Diff: 0, Sum: 0, Workers: 8
[2025-05-20T20:52:47.273+0300][9844][9816 ][debug][gc,phases] GC(5)         Total                          Min: 0, Avg:  0.0, Max: 0, Diff: 0, Sum: 0, Workers: 8
[2025-05-20T20:52:47.273+0300][9844][9816 ][debug][gc,phases] GC(5)       Weak JFR Old Object Samples    Min:  0.0, Avg:  0.0, Max:  0.0, Diff:  0.0, Sum:  0.0, Workers: 8
[2025-05-20T20:52:47.273+0300][9844][9816 ][debug][gc,phases] GC(5)         Dead                           Min: 0, Avg:  0.0, Max: 0, Diff: 0, Sum: 0, Workers: 8
[2025-05-20T20:52:47.273+0300][9844][9816 ][debug][gc,phases] GC(5)         Total                          Min: 0, Avg:  0.0, Max: 0, Diff: 0, Sum: 0, Workers: 8
[2025-05-20T20:52:47.273+0300][9844][9816 ][debug][gc,phases] GC(5)     Post Evacuate Cleanup 1: 1.5ms
[2025-05-20T20:52:47.273+0300][9844][9816 ][debug][gc,phases] GC(5)       Merge Per-Thread State (ms):   Min:  0.1, Avg:  0.1, Max:  0.1, Diff:  0.0, Sum:  0.1, Workers: 1
[2025-05-20T20:52:47.273+0300][9844][9816 ][debug][gc,phases] GC(5)         Copied Bytes                   Min: 0, Avg: 992561.0, Max: 2553120, Diff: 2553120, Sum: 7940488, Workers: 8
[2025-05-20T20:52:47.273+0300][9844][9816 ][debug][gc,phases] GC(5)         LAB Waste                      Min: 0, Avg: 254.0, Max: 912, Diff: 912, Sum: 2032, Workers: 8
[2025-05-20T20:52:47.273+0300][9844][9816 ][debug][gc,phases] GC(5)         LAB Undo Waste                 Min: 0, Avg:  0.0, Max: 0, Diff: 0, Sum: 0, Workers: 8
[2025-05-20T20:52:47.273+0300][9844][9816 ][debug][gc,phases] GC(5)       Clear Logged Cards (ms):       Min:  0.0, Avg:  0.9, Max:  1.5, Diff:  1.5, Sum:  6.9, Workers: 8
[2025-05-20T20:52:47.273+0300][9844][9816 ][debug][gc,phases] GC(5)       Recalculate Used Memory (ms):  Min:  0.0, Avg:  0.0, Max:  0.0, Diff:  0.0, Sum:  0.0, Workers: 1
[2025-05-20T20:52:47.273+0300][9844][9816 ][debug][gc,phases] GC(5)     Post Evacuate Cleanup 2: 0.4ms
[2025-05-20T20:52:47.273+0300][9844][9816 ][debug][gc,phases] GC(5)       Update Derived Pointers (ms):  Min:  0.0, Avg:  0.0, Max:  0.0, Diff:  0.0, Sum:  0.0, Workers: 1
[2025-05-20T20:52:47.273+0300][9844][9816 ][debug][gc,phases] GC(5)       Eagerly Reclaim Humongous Objects (ms): skipped
[2025-05-20T20:52:47.273+0300][9844][9816 ][debug][gc,phases] GC(5)         Humongous Total                skipped
[2025-05-20T20:52:47.273+0300][9844][9816 ][debug][gc,phases] GC(5)         Humongous Candidates           skipped
[2025-05-20T20:52:47.273+0300][9844][9816 ][debug][gc,phases] GC(5)         Humongous Reclaimed            skipped
[2025-05-20T20:52:47.273+0300][9844][9816 ][debug][gc,phases] GC(5)       Redirty Logged Cards (ms):     Min:  0.0, Avg:  0.0, Max:  0.0, Diff:  0.0, Sum:  0.0, Workers: 8
[2025-05-20T20:52:47.273+0300][9844][9816 ][debug][gc,phases] GC(5)         Redirtied Cards:               Min: 0, Avg: 30.8, Max: 77, Diff: 77, Sum: 246, Workers: 8
[2025-05-20T20:52:47.273+0300][9844][9816 ][debug][gc,phases] GC(5)       Resize TLABs (ms):             Min:  0.0, Avg:  0.0, Max:  0.0, Diff:  0.0, Sum:  0.0, Workers: 8
[2025-05-20T20:52:47.273+0300][9844][9816 ][debug][gc,phases] GC(5)       Free Collection Set (ms):      Min:  0.0, Avg:  0.2, Max:  0.3, Diff:  0.3, Sum:  1.8, Workers: 8
[2025-05-20T20:52:47.273+0300][9844][9816 ][debug][gc,phases] GC(5)     Rebuild Free List: 0.1ms
[2025-05-20T20:52:47.273+0300][9844][9816 ][debug][gc,phases] GC(5)     Prepare For Mutator: 0.0ms
[2025-05-20T20:52:47.273+0300][9844][9816 ][debug][gc,phases] GC(5)     Expand Heap After Collection: 0.0ms
[2025-05-20T20:52:47.273+0300][9844][9816 ][info ][gc,phases] GC(5)   Other: 0.2ms
[2025-05-20T20:52:47.273+0300][9844][9816 ][info ][gc,heap  ] GC(5) Eden regions: 920->0(920)
[2025-05-20T20:52:47.273+0300][9844][9816 ][info ][gc,heap  ] GC(5) Survivor regions: 1->1(116)
[2025-05-20T20:52:47.273+0300][9844][9816 ][info ][gc,heap  ] GC(5) Old regions: 8->8
[2025-05-20T20:52:47.273+0300][9844][9816 ][info ][gc,heap  ] GC(5) Humongous regions: 0->0
[2025-05-20T20:52:47.273+0300][9844][9816 ][debug][gc,heap  ] GC(5) Heap after GC invocations=6 (full 1):
[2025-05-20T20:52:47.273+0300][9844][9816 ][debug][gc,heap  ] GC(5)  garbage-first heap   total 12582912K, used 10816K [0x0000000500000000, 0x0000000800000000)
[2025-05-20T20:52:47.273+0300][9844][9816 ][debug][gc,heap  ] GC(5)   region size 8192K, 1 young (8192K), 1 survivors (8192K)
[2025-05-20T20:52:47.273+0300][9844][9816 ][debug][gc,heap  ] GC(5)  Metaspace       used 9005K, committed 9536K, reserved 1114112K
[2025-05-20T20:52:47.273+0300][9844][9816 ][debug][gc,heap  ] GC(5)   class space    used 982K, committed 1216K, reserved 1048576K
[2025-05-20T20:52:47.273+0300][9844][9816 ][info ][gc       ] GC(5) Pause Young (Normal) (G1 Evacuation Pause) 7370M->10M(12288M) 9.382ms
[2025-05-20T20:52:47.273+0300][9844][9816 ][info ][safepoint] Safepoint "G1CollectForAllocation", Time since last: 971794100 ns, Reaching safepoint: 407300 ns, Cleanup: 27900 ns, At safepoint: 9457700 ns, Total: 9892900 ns
[2025-05-20T20:52:48.285+0300][9844][9816 ][debug][safepoint] Safepoint synchronization initiated using striped semaphore wait barrier. (19 threads)
[2025-05-20T20:52:48.285+0300][9844][11476][debug][safepoint] ... found polling page loop exception at pc = 0x0000027a59d107ee, stub =0x0000027a59656600
[2025-05-20T20:52:48.285+0300][9844][21656][debug][safepoint] ... found polling page loop exception at pc = 0x0000027a59ce5128, stub =0x0000027a59656600
[2025-05-20T20:52:48.285+0300][9844][20900][debug][safepoint] ... found polling page loop exception at pc = 0x0000027a59c58760, stub =0x0000027a59655d80
[2025-05-20T20:52:48.285+0300][9844][9816 ][info ][safepoint] Safepoint "Cleanup", Time since last: 1010232700 ns, Reaching safepoint: 340400 ns, Cleanup: 33000 ns, At safepoint: 21400 ns, Total: 394800 ns
[2025-05-20T20:52:49.297+0300][9844][9816 ][debug][safepoint] Safepoint synchronization initiated using striped semaphore wait barrier. (19 threads)
[2025-05-20T20:52:49.297+0300][9844][11176][debug][safepoint] ... found polling page loop exception at pc = 0x0000027a59c58760, stub =0x0000027a59655d80
[2025-05-20T20:52:49.297+0300][9844][21656][debug][safepoint] ... found polling page loop exception at pc = 0x0000027a59c58760, stub =0x0000027a59655d80
[2025-05-20T20:52:49.297+0300][9844][20900][debug][safepoint] ... found polling page loop exception at pc = 0x0000027a59cfa020, stub =0x0000027a59655d80
[2025-05-20T20:52:49.297+0300][9844][9816 ][info ][safepoint] Safepoint "Cleanup", Time since last: 1011346300 ns, Reaching safepoint: 321200 ns, Cleanup: 30500 ns, At safepoint: 23500 ns, Total: 375200 ns
[2025-05-20T20:52:50.532+0300][9844][9816 ][debug][safepoint] Safepoint synchronization initiated using striped semaphore wait barrier. (13 threads)
[2025-05-20T20:52:50.532+0300][9844][9816 ][debug][gc,heap  ] GC(6) Heap before GC invocations=6 (full 1):
[2025-05-20T20:52:50.532+0300][9844][9816 ][debug][gc,heap  ] GC(6)  garbage-first heap   total 12582912K, used 6801984K [0x0000000500000000, 0x0000000800000000)
[2025-05-20T20:52:50.532+0300][9844][9816 ][debug][gc,heap  ] GC(6)   region size 8192K, 831 young (6807552K), 1 survivors (8192K)
[2025-05-20T20:52:50.532+0300][9844][9816 ][debug][gc,heap  ] GC(6)  Metaspace       used 9186K, committed 9792K, reserved 1114112K
[2025-05-20T20:52:50.532+0300][9844][9816 ][debug][gc,heap  ] GC(6)   class space    used 1000K, committed 1280K, reserved 1048576K
[2025-05-20T20:52:50.532+0300][9844][9816 ][debug][gc,phases] GC(6) Phase 1: Reference Processing 0.143ms
[2025-05-20T20:52:50.532+0300][9844][9816 ][debug][gc,phases] GC(6)   VM Weak                        Min:  0.0, Avg:  0.0, Max:  0.0, Diff:  0.0, Sum:  0.0, Workers: 8
[2025-05-20T20:52:50.532+0300][9844][9816 ][debug][gc,phases] GC(6)     Dead                           Min: 0, Avg: 32.1, Max: 156, Diff: 156, Sum: 257, Workers: 8
[2025-05-20T20:52:50.532+0300][9844][9816 ][debug][gc,phases] GC(6)     Total                          Min: 0, Avg: 47.5, Max: 256, Diff: 256, Sum: 380, Workers: 8
[2025-05-20T20:52:50.532+0300][9844][9816 ][debug][gc,phases] GC(6)   ObjectSynchronizer Weak        Min:  0.0, Avg:  0.0, Max:  0.0, Diff:  0.0, Sum:  0.0, Workers: 8
[2025-05-20T20:52:50.532+0300][9844][9816 ][debug][gc,phases] GC(6)     Dead                           Min: 0, Avg:  0.4, Max: 3, Diff: 3, Sum: 3, Workers: 8
[2025-05-20T20:52:50.532+0300][9844][9816 ][debug][gc,phases] GC(6)     Total                          Min: 0, Avg: 17.6, Max: 77, Diff: 77, Sum: 141, Workers: 8
[2025-05-20T20:52:50.532+0300][9844][9816 ][debug][gc,phases] GC(6)   JVMTI Tag Weak OopStorage      Min:  0.0, Avg:  0.0, Max:  0.0, Diff:  0.0, Sum:  0.0, Workers: 8
[2025-05-20T20:52:50.532+0300][9844][9816 ][debug][gc,phases] GC(6)     Dead                           Min: 0, Avg:  0.0, Max: 0, Diff: 0, Sum: 0, Workers: 8
[2025-05-20T20:52:50.532+0300][9844][9816 ][debug][gc,phases] GC(6)     Total                          Min: 0, Avg:  0.0, Max: 0, Diff: 0, Sum: 0, Workers: 8
[2025-05-20T20:52:50.532+0300][9844][9816 ][debug][gc,phases] GC(6)   StringTable Weak               Min:  0.0, Avg:  0.0, Max:  0.0, Diff:  0.0, Sum:  0.1, Workers: 8
[2025-05-20T20:52:50.532+0300][9844][9816 ][debug][gc,phases] GC(6)     Dead                           Min: 0, Avg:  0.5, Max: 4, Diff: 4, Sum: 4, Workers: 8
[2025-05-20T20:52:50.532+0300][9844][9816 ][debug][gc,phases] GC(6)     Total                          Min: 0, Avg: 781.8, Max: 1662, Diff: 1662, Sum: 6254, Workers: 8
[2025-05-20T20:52:50.532+0300][9844][9816 ][debug][gc,phases] GC(6)   ResolvedMethodTable Weak       Min:  0.0, Avg:  0.0, Max:  0.0, Diff:  0.0, Sum:  0.0, Workers: 8
[2025-05-20T20:52:50.532+0300][9844][9816 ][debug][gc,phases] GC(6)     Dead                           Min: 0, Avg:  3.9, Max: 15, Diff: 15, Sum: 31, Workers: 8
[2025-05-20T20:52:50.532+0300][9844][9816 ][debug][gc,phases] GC(6)     Total                          Min: 0, Avg: 113.1, Max: 255, Diff: 255, Sum: 905, Workers: 8
[2025-05-20T20:52:50.532+0300][9844][9816 ][debug][gc,phases] GC(6)   JNI Weak                       Min:  0.0, Avg:  0.0, Max:  0.0, Diff:  0.0, Sum:  0.0, Workers: 8
[2025-05-20T20:52:50.532+0300][9844][9816 ][debug][gc,phases] GC(6)     Dead                           Min: 0, Avg:  0.0, Max: 0, Diff: 0, Sum: 0, Workers: 8
[2025-05-20T20:52:50.532+0300][9844][9816 ][debug][gc,phases] GC(6)     Total                          Min: 0, Avg:  0.0, Max: 0, Diff: 0, Sum: 0, Workers: 8
[2025-05-20T20:52:50.532+0300][9844][9816 ][debug][gc,phases] GC(6)   StringDedup Table Weak         Min:  0.0, Avg:  0.0, Max:  0.0, Diff:  0.0, Sum:  0.0, Workers: 8
[2025-05-20T20:52:50.532+0300][9844][9816 ][debug][gc,phases] GC(6)     Dead                           Min: 0, Avg:  0.0, Max: 0, Diff: 0, Sum: 0, Workers: 8
[2025-05-20T20:52:50.532+0300][9844][9816 ][debug][gc,phases] GC(6)     Total                          Min: 0, Avg:  0.0, Max: 0, Diff: 0, Sum: 0, Workers: 8
[2025-05-20T20:52:50.532+0300][9844][9816 ][debug][gc,phases] GC(6)   StringDedup Requests0 Weak     Min:  0.0, Avg:  0.0, Max:  0.0, Diff:  0.0, Sum:  0.0, Workers: 8
[2025-05-20T20:52:50.532+0300][9844][9816 ][debug][gc,phases] GC(6)     Dead                           Min: 0, Avg:  0.0, Max: 0, Diff: 0, Sum: 0, Workers: 8
[2025-05-20T20:52:50.532+0300][9844][9816 ][debug][gc,phases] GC(6)     Total                          Min: 0, Avg:  0.0, Max: 0, Diff: 0, Sum: 0, Workers: 8
[2025-05-20T20:52:50.532+0300][9844][9816 ][debug][gc,phases] GC(6)   StringDedup Requests1 Weak     Min:  0.0, Avg:  0.0, Max:  0.0, Diff:  0.0, Sum:  0.0, Workers: 8
[2025-05-20T20:52:50.532+0300][9844][9816 ][debug][gc,phases] GC(6)     Dead                           Min: 0, Avg:  0.0, Max: 0, Diff: 0, Sum: 0, Workers: 8
[2025-05-20T20:52:50.532+0300][9844][9816 ][debug][gc,phases] GC(6)     Total                          Min: 0, Avg:  0.0, Max: 0, Diff: 0, Sum: 0, Workers: 8
[2025-05-20T20:52:50.532+0300][9844][9816 ][debug][gc,phases] GC(6)   Weak JFR Old Object Samples    Min:  0.0, Avg:  0.0, Max:  0.0, Diff:  0.0, Sum:  0.0, Workers: 8
[2025-05-20T20:52:50.532+0300][9844][9816 ][debug][gc,phases] GC(6)     Dead                           Min: 0, Avg:  0.0, Max: 0, Diff: 0, Sum: 0, Workers: 8
[2025-05-20T20:52:50.532+0300][9844][9816 ][debug][gc,phases] GC(6)     Total                          Min: 0, Avg:  0.0, Max: 0, Diff: 0, Sum: 0, Workers: 8
[2025-05-20T20:52:50.532+0300][9844][9816 ][debug][gc,phases] GC(6) Phase 1: Weak Processing 0.449ms
[2025-05-20T20:52:50.532+0300][9844][9816 ][debug][gc,phases] GC(6) ClassLoaderData 0.305ms
[2025-05-20T20:52:50.532+0300][9844][9816 ][debug][gc,phases] GC(6) Trigger cleanups 0.007ms
[2025-05-20T20:52:50.547+0300][9844][9816 ][debug][gc,phases] GC(6) G1 Complete Cleaning 2.119ms
[2025-05-20T20:52:50.547+0300][9844][9816 ][debug][gc,phases] GC(6) Purge Unlinked NMethods 0.119ms
[2025-05-20T20:52:50.547+0300][9844][9816 ][debug][gc,phases] GC(6) Unregister NMethods 0.176ms
[2025-05-20T20:52:50.547+0300][9844][9816 ][debug][gc,phases] GC(6) Free Code Blobs 0.032ms
[2025-05-20T20:52:50.547+0300][9844][9816 ][debug][gc,phases] GC(6) Purge Class Loader Data 0.387ms
[2025-05-20T20:52:50.547+0300][9844][9816 ][debug][gc,phases] GC(6) Phase 1: Class Unloading and Cleanup 3.306ms
[2025-05-20T20:52:50.547+0300][9844][9816 ][debug][gc,phases] GC(6) Report Object Count 0.002ms
[2025-05-20T20:52:50.547+0300][9844][9816 ][info ][gc,phases] GC(6) Phase 1: Mark live objects 5.276ms
[2025-05-20T20:52:50.547+0300][9844][9816 ][debug][gc,phases] GC(6) Phase 2: Determine work lists 0.056ms
[2025-05-20T20:52:50.552+0300][9844][9816 ][debug][gc,phases] GC(6) Phase 2: Prepare parallel compaction 4.537ms
[2025-05-20T20:52:50.552+0300][9844][9816 ][info ][gc,phases] GC(6) Phase 2: Prepare compaction 4.646ms
[2025-05-20T20:52:50.555+0300][9844][9816 ][info ][gc,phases] GC(6) Phase 3: Adjust pointers 3.690ms
[2025-05-20T20:52:50.559+0300][9844][9816 ][info ][gc,phases] GC(6) Phase 4: Compact heap 5.368ms
[2025-05-20T20:52:50.563+0300][9844][9816 ][info ][gc,phases] GC(6) Phase 5: Reset Metadata 2.172ms
[2025-05-20T20:52:50.578+0300][9844][9816 ][info ][gc,heap  ] GC(6) Eden regions: 830->0(921)
[2025-05-20T20:52:50.578+0300][9844][9816 ][info ][gc,heap  ] GC(6) Survivor regions: 1->0(116)
[2025-05-20T20:52:50.578+0300][9844][9816 ][info ][gc,heap  ] GC(6) Old regions: 8->9
[2025-05-20T20:52:50.578+0300][9844][9816 ][info ][gc,heap  ] GC(6) Humongous regions: 0->0
[2025-05-20T20:52:50.578+0300][9844][9816 ][debug][gc,heap  ] GC(6) Heap after GC invocations=7 (full 2):
[2025-05-20T20:52:50.578+0300][9844][9816 ][debug][gc,heap  ] GC(6)  garbage-first heap   total 12582912K, used 9906K [0x0000000500000000, 0x0000000800000000)
[2025-05-20T20:52:50.578+0300][9844][9816 ][debug][gc,heap  ] GC(6)   region size 8192K, 0 young (0K), 0 survivors (0K)
[2025-05-20T20:52:50.578+0300][9844][9816 ][debug][gc,heap  ] GC(6)  Metaspace       used 8728K, committed 9792K, reserved 1114112K
[2025-05-20T20:52:50.578+0300][9844][9816 ][debug][gc,heap  ] GC(6)   class space    used 874K, committed 1280K, reserved 1048576K
[2025-05-20T20:52:50.578+0300][9844][9816 ][info ][gc       ] GC(6) Pause Full (System.gc()) 6644M->9M(12288M) 37.960ms
[2025-05-20T20:52:50.578+0300][9844][9816 ][info ][safepoint] Safepoint "G1CollectFull", Time since last: 1245389100 ns, Reaching safepoint: 58800 ns, Cleanup: 17100 ns, At safepoint: 37989500 ns, Total: 38065400 ns
[2025-05-20T20:52:51.606+0300][9844][9816 ][debug][safepoint] Safepoint synchronization initiated using striped semaphore wait barrier. (21 threads)
[2025-05-20T20:52:51.606+0300][9844][1388 ][debug][safepoint] ... found polling page loop exception at pc = 0x0000027a59c58760, stub =0x0000027a59655d80
[2025-05-20T20:52:51.606+0300][9844][3956 ][debug][safepoint] ... found polling page loop exception at pc = 0x0000027a59c58760, stub =0x0000027a59655d80
[2025-05-20T20:52:51.606+0300][9844][9252 ][debug][safepoint] ... found polling page loop exception at pc = 0x0000027a59c58760, stub =0x0000027a59655d80
[2025-05-20T20:52:51.606+0300][9844][7024 ][debug][safepoint] ... found polling page loop exception at pc = 0x0000027a59e7ea7d, stub =0x0000027a59655d80
[2025-05-20T20:52:51.606+0300][9844][2392 ][debug][safepoint] ... found polling page loop exception at pc = 0x0000027a59c58760, stub =0x0000027a59655d80
[2025-05-20T20:52:51.606+0300][9844][20612][debug][safepoint] ... found polling page loop exception at pc = 0x0000027a59d222a5, stub =0x0000027a59656600
[2025-05-20T20:52:51.606+0300][9844][9816 ][info ][safepoint] Safepoint "Cleanup", Time since last: 1024939300 ns, Reaching safepoint: 434700 ns, Cleanup: 38400 ns, At safepoint: 23500 ns, Total: 496600 ns
[2025-05-20T20:52:53.284+0300][9844][9816 ][debug][safepoint] Safepoint synchronization initiated using striped semaphore wait barrier. (19 threads)
[2025-05-20T20:52:53.284+0300][9844][4896 ][debug][safepoint] ... found polling page loop exception at pc = 0x0000027a59c69322, stub =0x0000027a59656600
[2025-05-20T20:52:53.284+0300][9844][3956 ][debug][safepoint] ... found polling page loop exception at pc = 0x0000027a59c58760, stub =0x0000027a59655d80
[2025-05-20T20:52:53.284+0300][9844][9252 ][debug][safepoint] ... found polling page loop exception at pc = 0x0000027a59c58760, stub =0x0000027a59655d80
[2025-05-20T20:52:53.284+0300][9844][1388 ][debug][safepoint] ... found polling page loop exception at pc = 0x0000027a59c58760, stub =0x0000027a59655d80
[2025-05-20T20:52:53.284+0300][9844][9816 ][debug][gc,heap  ] GC(7) Heap before GC invocations=7 (full 2):
[2025-05-20T20:52:53.284+0300][9844][9816 ][debug][gc,heap  ] GC(7)  garbage-first heap   total 12582912K, used 7554738K [0x0000000500000000, 0x0000000800000000)
[2025-05-20T20:52:53.284+0300][9844][9816 ][debug][gc,heap  ] GC(7)   region size 8192K, 921 young (7544832K), 0 survivors (0K)
[2025-05-20T20:52:53.284+0300][9844][9816 ][debug][gc,heap  ] GC(7)  Metaspace       used 8729K, committed 9792K, reserved 1114112K
[2025-05-20T20:52:53.284+0300][9844][9816 ][debug][gc,heap  ] GC(7)   class space    used 874K, committed 1280K, reserved 1048576K
[2025-05-20T20:52:53.287+0300][9844][9816 ][info ][gc,phases] GC(7)   Pre Evacuate Collection Set: 0.3ms
[2025-05-20T20:52:53.287+0300][9844][9816 ][debug][gc,phases] GC(7)     Pre Evacuate Prepare: 0.1ms
[2025-05-20T20:52:53.287+0300][9844][9816 ][debug][gc,phases] GC(7)       JT Retire TLABs And Flush Logs (ms): Min:  0.0, Avg:  0.0, Max:  0.0, Diff:  0.0, Sum:  0.0, Workers: 2
[2025-05-20T20:52:53.287+0300][9844][9816 ][debug][gc,phases] GC(7)       Non-JT Flush Logs (ms):        Min:  0.0, Avg:  0.0, Max:  0.0, Diff:  0.0, Sum:  0.0, Workers: 1
[2025-05-20T20:52:53.287+0300][9844][9816 ][debug][gc,phases] GC(7)     Choose Collection Set: 0.0ms
[2025-05-20T20:52:53.287+0300][9844][9816 ][debug][gc,phases] GC(7)     Region Register: 0.2ms
[2025-05-20T20:52:53.287+0300][9844][9816 ][debug][gc,phases] GC(7)     Prepare Heap Roots: 0.0ms
[2025-05-20T20:52:53.287+0300][9844][9816 ][info ][gc,phases] GC(7)   Merge Heap Roots: 0.6ms
[2025-05-20T20:52:53.287+0300][9844][9816 ][debug][gc,phases] GC(7)     Prepare Merge Heap Roots: 0.0ms
[2025-05-20T20:52:53.287+0300][9844][9816 ][debug][gc,phases] GC(7)     Remembered Sets (ms):          Min:  0.0, Avg:  0.1, Max:  0.1, Diff:  0.1, Sum:  0.7, Workers: 8
[2025-05-20T20:52:53.287+0300][9844][9816 ][debug][gc,phases] GC(7)       Eager Reclaim (ms):            skipped
[2025-05-20T20:52:53.287+0300][9844][9816 ][debug][gc,phases] GC(7)       Merged Inline                  Min: 0, Avg:  0.0, Max: 0, Diff: 0, Sum: 0, Workers: 8
[2025-05-20T20:52:53.287+0300][9844][9816 ][debug][gc,phases] GC(7)       Merged ArrayOfCards            Min: 0, Avg:  0.0, Max: 0, Diff: 0, Sum: 0, Workers: 8
[2025-05-20T20:52:53.287+0300][9844][9816 ][debug][gc,phases] GC(7)       Merged Howl                    Min: 0, Avg:  0.0, Max: 0, Diff: 0, Sum: 0, Workers: 8
[2025-05-20T20:52:53.287+0300][9844][9816 ][debug][gc,phases] GC(7)       Merged Full                    Min: 0, Avg:  0.0, Max: 0, Diff: 0, Sum: 0, Workers: 8
[2025-05-20T20:52:53.287+0300][9844][9816 ][debug][gc,phases] GC(7)       Merged Howl Inline             Min: 0, Avg:  0.0, Max: 0, Diff: 0, Sum: 0, Workers: 8
[2025-05-20T20:52:53.287+0300][9844][9816 ][debug][gc,phases] GC(7)       Merged Howl ArrayOfCards       Min: 0, Avg:  0.0, Max: 0, Diff: 0, Sum: 0, Workers: 8
[2025-05-20T20:52:53.287+0300][9844][9816 ][debug][gc,phases] GC(7)       Merged Howl BitMap             Min: 0, Avg:  0.0, Max: 0, Diff: 0, Sum: 0, Workers: 8
[2025-05-20T20:52:53.287+0300][9844][9816 ][debug][gc,phases] GC(7)       Merged Howl Full               Min: 0, Avg:  0.0, Max: 0, Diff: 0, Sum: 0, Workers: 8
[2025-05-20T20:52:53.287+0300][9844][9816 ][debug][gc,phases] GC(7)       Merged Cards                   Min: 8, Avg:  8.0, Max: 8, Diff: 0, Sum: 64, Workers: 8
[2025-05-20T20:52:53.287+0300][9844][9816 ][debug][gc,phases] GC(7)     Log Buffers (ms):              Min:  0.0, Avg:  0.0, Max:  0.0, Diff:  0.0, Sum:  0.0, Workers: 8
[2025-05-20T20:52:53.287+0300][9844][9816 ][debug][gc,phases] GC(7)       Dirty Cards:                   Min: 0, Avg:  4.9, Max: 39, Diff: 39, Sum: 39, Workers: 8
[2025-05-20T20:52:53.287+0300][9844][9816 ][debug][gc,phases] GC(7)       Skipped Cards:                 Min: 0, Avg:  0.0, Max: 0, Diff: 0, Sum: 0, Workers: 8
[2025-05-20T20:52:53.287+0300][9844][9816 ][info ][gc,phases] GC(7)   Evacuate Collection Set: 1.3ms
[2025-05-20T20:52:53.287+0300][9844][9816 ][debug][gc,phases] GC(7)     Ext Root Scanning (ms):        Min:  0.0, Avg:  0.1, Max:  0.1, Diff:  0.1, Sum:  0.6, Workers: 8
[2025-05-20T20:52:53.287+0300][9844][9816 ][debug][gc,phases] GC(7)     Scan Heap Roots (ms):          Min:  0.0, Avg:  0.0, Max:  0.0, Diff:  0.0, Sum:  0.1, Workers: 8
[2025-05-20T20:52:53.287+0300][9844][9816 ][debug][gc,phases] GC(7)       Scanned Cards:                 Min: 0, Avg:  4.9, Max: 13, Diff: 13, Sum: 39, Workers: 8
[2025-05-20T20:52:53.287+0300][9844][9816 ][debug][gc,phases] GC(7)       Scanned Blocks:                Min: 0, Avg:  3.6, Max: 10, Diff: 10, Sum: 29, Workers: 8
[2025-05-20T20:52:53.287+0300][9844][9816 ][debug][gc,phases] GC(7)       Claimed Chunks:                Min: 0, Avg:  1.6, Max: 6, Diff: 6, Sum: 13, Workers: 8
[2025-05-20T20:52:53.287+0300][9844][9816 ][debug][gc,phases] GC(7)       Found Roots:                   Min: 0, Avg:  1.5, Max: 5, Diff: 5, Sum: 12, Workers: 8
[2025-05-20T20:52:53.287+0300][9844][9816 ][debug][gc,phases] GC(7)     Code Root Scan (ms):           Min:  0.1, Avg:  0.1, Max:  0.1, Diff:  0.0, Sum:  0.6, Workers: 8
[2025-05-20T20:52:53.287+0300][9844][9816 ][debug][gc,phases] GC(7)       Scanned Nmethods               Min: 0, Avg:  0.0, Max: 0, Diff: 0, Sum: 0, Workers: 8
[2025-05-20T20:52:53.287+0300][9844][9816 ][debug][gc,phases] GC(7)     Object Copy (ms):              Min:  0.0, Avg:  0.4, Max:  0.9, Diff:  0.9, Sum:  3.3, Workers: 8
[2025-05-20T20:52:53.287+0300][9844][9816 ][debug][gc,phases] GC(7)     Termination (ms):              Min:  0.0, Avg:  0.4, Max:  0.7, Diff:  0.7, Sum:  3.6, Workers: 8
[2025-05-20T20:52:53.287+0300][9844][9816 ][debug][gc,phases] GC(7)       Termination Attempts:          Min: 1, Avg:  1.0, Max: 1, Diff: 0, Sum: 8, Workers: 8
[2025-05-20T20:52:53.287+0300][9844][9816 ][debug][gc,phases] GC(7)     GC Worker Other (ms):          Min:  0.1, Avg:  0.1, Max:  0.1, Diff:  0.0, Sum:  0.7, Workers: 8
[2025-05-20T20:52:53.287+0300][9844][9816 ][debug][gc,phases] GC(7)     GC Worker Total (ms):          Min:  0.7, Avg:  1.1, Max:  1.2, Diff:  0.6, Sum:  8.8, Workers: 8
[2025-05-20T20:52:53.287+0300][9844][9816 ][info ][gc,phases] GC(7)   Post Evacuate Collection Set: 1.8ms
[2025-05-20T20:52:53.287+0300][9844][9816 ][debug][gc,phases] GC(7)     NMethod List Cleanup: 0.0ms
[2025-05-20T20:52:53.287+0300][9844][9816 ][debug][gc,phases] GC(7)     Reference Processing: 0.3ms
[2025-05-20T20:52:53.287+0300][9844][9816 ][debug][gc,phases] GC(7)     Weak Processing: 0.1ms
[2025-05-20T20:52:53.287+0300][9844][9816 ][debug][gc,phases] GC(7)       VM Weak                        Min:  0.0, Avg:  0.0, Max:  0.0, Diff:  0.0, Sum:  0.0, Workers: 8
[2025-05-20T20:52:53.287+0300][9844][9816 ][debug][gc,phases] GC(7)         Dead                           Min: 0, Avg:  0.0, Max: 0, Diff: 0, Sum: 0, Workers: 8
[2025-05-20T20:52:53.287+0300][9844][9816 ][debug][gc,phases] GC(7)         Total                          Min: 0, Avg: 15.4, Max: 91, Diff: 91, Sum: 123, Workers: 8
[2025-05-20T20:52:53.287+0300][9844][9816 ][debug][gc,phases] GC(7)       ObjectSynchronizer Weak        Min:  0.0, Avg:  0.0, Max:  0.0, Diff:  0.0, Sum:  0.0, Workers: 8
[2025-05-20T20:52:53.287+0300][9844][9816 ][debug][gc,phases] GC(7)         Dead                           Min: 0, Avg:  0.0, Max: 0, Diff: 0, Sum: 0, Workers: 8
[2025-05-20T20:52:53.287+0300][9844][9816 ][debug][gc,phases] GC(7)         Total                          Min: 0, Avg: 17.6, Max: 77, Diff: 77, Sum: 141, Workers: 8
[2025-05-20T20:52:53.287+0300][9844][9816 ][debug][gc,phases] GC(7)       JVMTI Tag Weak OopStorage      Min:  0.0, Avg:  0.0, Max:  0.0, Diff:  0.0, Sum:  0.0, Workers: 8
[2025-05-20T20:52:53.287+0300][9844][9816 ][debug][gc,phases] GC(7)         Dead                           Min: 0, Avg:  0.0, Max: 0, Diff: 0, Sum: 0, Workers: 8
[2025-05-20T20:52:53.287+0300][9844][9816 ][debug][gc,phases] GC(7)         Total                          Min: 0, Avg:  0.0, Max: 0, Diff: 0, Sum: 0, Workers: 8
[2025-05-20T20:52:53.287+0300][9844][9816 ][debug][gc,phases] GC(7)       StringTable Weak               Min:  0.0, Avg:  0.0, Max:  0.0, Diff:  0.0, Sum:  0.1, Workers: 8
[2025-05-20T20:52:53.287+0300][9844][9816 ][debug][gc,phases] GC(7)         Dead                           Min: 0, Avg:  0.0, Max: 0, Diff: 0, Sum: 0, Workers: 8
[2025-05-20T20:52:53.287+0300][9844][9816 ][debug][gc,phases] GC(7)         Total                          Min: 0, Avg: 781.8, Max: 960, Diff: 960, Sum: 6254, Workers: 8
[2025-05-20T20:52:53.291+0300][9844][9816 ][debug][gc,phases] GC(7)       ResolvedMethodTable Weak       Min:  0.0, Avg:  0.0, Max:  0.0, Diff:  0.0, Sum:  0.0, Workers: 8
[2025-05-20T20:52:53.291+0300][9844][9816 ][debug][gc,phases] GC(7)         Dead                           Min: 0, Avg:  0.0, Max: 0, Diff: 0, Sum: 0, Workers: 8
[2025-05-20T20:52:53.291+0300][9844][9816 ][debug][gc,phases] GC(7)         Total                          Min: 0, Avg: 113.1, Max: 139, Diff: 139, Sum: 905, Workers: 8
[2025-05-20T20:52:53.291+0300][9844][9816 ][debug][gc,phases] GC(7)       JNI Weak                       Min:  0.0, Avg:  0.0, Max:  0.0, Diff:  0.0, Sum:  0.0, Workers: 8
[2025-05-20T20:52:53.291+0300][9844][9816 ][debug][gc,phases] GC(7)         Dead                           Min: 0, Avg:  0.0, Max: 0, Diff: 0, Sum: 0, Workers: 8
[2025-05-20T20:52:53.291+0300][9844][9816 ][debug][gc,phases] GC(7)         Total                          Min: 0, Avg:  0.0, Max: 0, Diff: 0, Sum: 0, Workers: 8
[2025-05-20T20:52:53.291+0300][9844][9816 ][debug][gc,phases] GC(7)       StringDedup Table Weak         Min:  0.0, Avg:  0.0, Max:  0.0, Diff:  0.0, Sum:  0.0, Workers: 8
[2025-05-20T20:52:53.291+0300][9844][9816 ][debug][gc,phases] GC(7)         Dead                           Min: 0, Avg:  0.0, Max: 0, Diff: 0, Sum: 0, Workers: 8
[2025-05-20T20:52:53.291+0300][9844][9816 ][debug][gc,phases] GC(7)         Total                          Min: 0, Avg:  0.0, Max: 0, Diff: 0, Sum: 0, Workers: 8
[2025-05-20T20:52:53.291+0300][9844][9816 ][debug][gc,phases] GC(7)       StringDedup Requests0 Weak     Min:  0.0, Avg:  0.0, Max:  0.0, Diff:  0.0, Sum:  0.0, Workers: 8
[2025-05-20T20:52:53.291+0300][9844][9816 ][debug][gc,phases] GC(7)         Dead                           Min: 0, Avg:  0.0, Max: 0, Diff: 0, Sum: 0, Workers: 8
[2025-05-20T20:52:53.291+0300][9844][9816 ][debug][gc,phases] GC(7)         Total                          Min: 0, Avg:  0.0, Max: 0, Diff: 0, Sum: 0, Workers: 8
[2025-05-20T20:52:53.291+0300][9844][9816 ][debug][gc,phases] GC(7)       StringDedup Requests1 Weak     Min:  0.0, Avg:  0.0, Max:  0.0, Diff:  0.0, Sum:  0.0, Workers: 8
[2025-05-20T20:52:53.291+0300][9844][9816 ][debug][gc,phases] GC(7)         Dead                           Min: 0, Avg:  0.0, Max: 0, Diff: 0, Sum: 0, Workers: 8
[2025-05-20T20:52:53.291+0300][9844][9816 ][debug][gc,phases] GC(7)         Total                          Min: 0, Avg:  0.0, Max: 0, Diff: 0, Sum: 0, Workers: 8
[2025-05-20T20:52:53.291+0300][9844][9816 ][debug][gc,phases] GC(7)       Weak JFR Old Object Samples    Min:  0.0, Avg:  0.0, Max:  0.0, Diff:  0.0, Sum:  0.0, Workers: 8
[2025-05-20T20:52:53.291+0300][9844][9816 ][debug][gc,phases] GC(7)         Dead                           Min: 0, Avg:  0.0, Max: 0, Diff: 0, Sum: 0, Workers: 8
[2025-05-20T20:52:53.291+0300][9844][9816 ][debug][gc,phases] GC(7)         Total                          Min: 0, Avg:  0.0, Max: 0, Diff: 0, Sum: 0, Workers: 8
[2025-05-20T20:52:53.291+0300][9844][9816 ][debug][gc,phases] GC(7)     Post Evacuate Cleanup 1: 1.0ms
[2025-05-20T20:52:53.291+0300][9844][9816 ][debug][gc,phases] GC(7)       Merge Per-Thread State (ms):   Min:  0.1, Avg:  0.1, Max:  0.1, Diff:  0.0, Sum:  0.1, Workers: 1
[2025-05-20T20:52:53.291+0300][9844][9816 ][debug][gc,phases] GC(7)         Copied Bytes                   Min: 0, Avg: 878417.0, Max: 2244568, Diff: 2244568, Sum: 7027336, Workers: 8
[2025-05-20T20:52:53.291+0300][9844][9816 ][debug][gc,phases] GC(7)         LAB Waste                      Min: 0, Avg: 137.0, Max: 504, Diff: 504, Sum: 1096, Workers: 8
[2025-05-20T20:52:53.291+0300][9844][9816 ][debug][gc,phases] GC(7)         LAB Undo Waste                 Min: 0, Avg:  0.0, Max: 0, Diff: 0, Sum: 0, Workers: 8
[2025-05-20T20:52:53.291+0300][9844][9816 ][debug][gc,phases] GC(7)       Clear Logged Cards (ms):       Min:  0.0, Avg:  0.8, Max:  1.0, Diff:  1.0, Sum:  6.4, Workers: 8
[2025-05-20T20:52:53.291+0300][9844][9816 ][debug][gc,phases] GC(7)       Recalculate Used Memory (ms):  Min:  0.0, Avg:  0.0, Max:  0.0, Diff:  0.0, Sum:  0.0, Workers: 1
[2025-05-20T20:52:53.291+0300][9844][9816 ][debug][gc,phases] GC(7)     Post Evacuate Cleanup 2: 0.3ms
[2025-05-20T20:52:53.291+0300][9844][9816 ][debug][gc,phases] GC(7)       Update Derived Pointers (ms):  Min:  0.0, Avg:  0.0, Max:  0.0, Diff:  0.0, Sum:  0.0, Workers: 1
[2025-05-20T20:52:53.291+0300][9844][9816 ][debug][gc,phases] GC(7)       Eagerly Reclaim Humongous Objects (ms): skipped
[2025-05-20T20:52:53.291+0300][9844][9816 ][debug][gc,phases] GC(7)         Humongous Total                skipped
[2025-05-20T20:52:53.291+0300][9844][9816 ][debug][gc,phases] GC(7)         Humongous Candidates           skipped
[2025-05-20T20:52:53.291+0300][9844][9816 ][debug][gc,phases] GC(7)         Humongous Reclaimed            skipped
[2025-05-20T20:52:53.291+0300][9844][9816 ][debug][gc,phases] GC(7)       Redirty Logged Cards (ms):     Min:  0.0, Avg:  0.0, Max:  0.0, Diff:  0.0, Sum:  0.0, Workers: 8
[2025-05-20T20:52:53.291+0300][9844][9816 ][debug][gc,phases] GC(7)         Redirtied Cards:               Min: 0, Avg:  1.2, Max: 10, Diff: 10, Sum: 10, Workers: 8
[2025-05-20T20:52:53.291+0300][9844][9816 ][debug][gc,phases] GC(7)       Resize TLABs (ms):             Min:  0.0, Avg:  0.0, Max:  0.0, Diff:  0.0, Sum:  0.0, Workers: 8
[2025-05-20T20:52:53.291+0300][9844][9816 ][debug][gc,phases] GC(7)       Free Collection Set (ms):      Min:  0.0, Avg:  0.2, Max:  0.3, Diff:  0.2, Sum:  1.7, Workers: 8
[2025-05-20T20:52:53.291+0300][9844][9816 ][debug][gc,phases] GC(7)     Rebuild Free List: 0.1ms
[2025-05-20T20:52:53.291+0300][9844][9816 ][debug][gc,phases] GC(7)     Prepare For Mutator: 0.0ms
[2025-05-20T20:52:53.291+0300][9844][9816 ][debug][gc,phases] GC(7)     Expand Heap After Collection: 0.0ms
[2025-05-20T20:52:53.291+0300][9844][9816 ][info ][gc,phases] GC(7)   Other: 0.1ms
[2025-05-20T20:52:53.291+0300][9844][9816 ][info ][gc,heap  ] GC(7) Eden regions: 921->0(920)
[2025-05-20T20:52:53.291+0300][9844][9816 ][info ][gc,heap  ] GC(7) Survivor regions: 0->1(116)
[2025-05-20T20:52:53.291+0300][9844][9816 ][info ][gc,heap  ] GC(7) Old regions: 9->9
[2025-05-20T20:52:53.291+0300][9844][9816 ][info ][gc,heap  ] GC(7) Humongous regions: 0->0
[2025-05-20T20:52:53.291+0300][9844][9816 ][debug][gc,heap  ] GC(7) Heap after GC invocations=8 (full 2):
[2025-05-20T20:52:53.291+0300][9844][9816 ][debug][gc,heap  ] GC(7)  garbage-first heap   total 12582912K, used 16880K [0x0000000500000000, 0x0000000800000000)
[2025-05-20T20:52:53.291+0300][9844][9816 ][debug][gc,heap  ] GC(7)   region size 8192K, 1 young (8192K), 1 survivors (8192K)
[2025-05-20T20:52:53.291+0300][9844][9816 ][debug][gc,heap  ] GC(7)  Metaspace       used 8729K, committed 9792K, reserved 1114112K
[2025-05-20T20:52:53.291+0300][9844][9816 ][debug][gc,heap  ] GC(7)   class space    used 874K, committed 1280K, reserved 1048576K
[2025-05-20T20:52:53.291+0300][9844][9816 ][info ][gc       ] GC(7) Pause Young (Normal) (G1 Evacuation Pause) 7377M->16M(12288M) 6.382ms
[2025-05-20T20:52:53.291+0300][9844][9816 ][info ][safepoint] Safepoint "G1CollectForAllocation", Time since last: 1678597900 ns, Reaching safepoint: 291900 ns, Cleanup: 20900 ns, At safepoint: 6447800 ns, Total: 6760600 ns
[2025-05-20T20:52:55.720+0300][9844][9816 ][debug][safepoint] Safepoint synchronization initiated using striped semaphore wait barrier. (19 threads)
[2025-05-20T20:52:55.720+0300][9844][1388 ][debug][safepoint] ... found polling page loop exception at pc = 0x0000027a59e77fe5, stub =0x0000027a59655d80
[2025-05-20T20:52:55.720+0300][9844][7024 ][debug][safepoint] ... found polling page loop exception at pc = 0x0000027a59c58760, stub =0x0000027a59655d80
[2025-05-20T20:52:55.720+0300][9844][5828 ][debug][safepoint] ... found polling page loop exception at pc = 0x0000027a59c58760, stub =0x0000027a59655d80
[2025-05-20T20:52:55.720+0300][9844][4896 ][debug][safepoint] ... found polling page loop exception at pc = 0x0000027a59c58760, stub =0x0000027a59655d80
[2025-05-20T20:52:55.720+0300][9844][20612][debug][safepoint] ... found polling page loop exception at pc = 0x0000027a59c58760, stub =0x0000027a59655d80
[2025-05-20T20:52:55.720+0300][9844][9252 ][debug][safepoint] ... found polling page loop exception at pc = 0x0000027a59c797b3, stub =0x0000027a59656600
[2025-05-20T20:52:55.720+0300][9844][2392 ][debug][safepoint] ... found polling page loop exception at pc = 0x0000027a59c58760, stub =0x0000027a59655d80
[2025-05-20T20:52:55.720+0300][9844][9816 ][debug][gc,heap  ] GC(8) Heap before GC invocations=8 (full 2):
[2025-05-20T20:52:55.720+0300][9844][9816 ][debug][gc,heap  ] GC(8)  garbage-first heap   total 12582912K, used 7553520K [0x0000000500000000, 0x0000000800000000)
[2025-05-20T20:52:55.720+0300][9844][9816 ][debug][gc,heap  ] GC(8)   region size 8192K, 921 young (7544832K), 1 survivors (8192K)
[2025-05-20T20:52:55.720+0300][9844][9816 ][debug][gc,heap  ] GC(8)  Metaspace       used 8729K, committed 9792K, reserved 1114112K
[2025-05-20T20:52:55.720+0300][9844][9816 ][debug][gc,heap  ] GC(8)   class space    used 874K, committed 1280K, reserved 1048576K
[2025-05-20T20:52:55.723+0300][9844][9816 ][info ][gc,phases] GC(8)   Pre Evacuate Collection Set: 0.2ms
[2025-05-20T20:52:55.723+0300][9844][9816 ][debug][gc,phases] GC(8)     Pre Evacuate Prepare: 0.0ms
[2025-05-20T20:52:55.723+0300][9844][9816 ][debug][gc,phases] GC(8)       JT Retire TLABs And Flush Logs (ms): Min:  0.0, Avg:  0.0, Max:  0.0, Diff:  0.0, Sum:  0.0, Workers: 2
[2025-05-20T20:52:55.723+0300][9844][9816 ][debug][gc,phases] GC(8)       Non-JT Flush Logs (ms):        Min:  0.0, Avg:  0.0, Max:  0.0, Diff:  0.0, Sum:  0.0, Workers: 1
[2025-05-20T20:52:55.723+0300][9844][9816 ][debug][gc,phases] GC(8)     Choose Collection Set: 0.0ms
[2025-05-20T20:52:55.723+0300][9844][9816 ][debug][gc,phases] GC(8)     Region Register: 0.2ms
[2025-05-20T20:52:55.723+0300][9844][9816 ][debug][gc,phases] GC(8)     Prepare Heap Roots: 0.0ms
[2025-05-20T20:52:55.723+0300][9844][9816 ][info ][gc,phases] GC(8)   Merge Heap Roots: 0.2ms
[2025-05-20T20:52:55.723+0300][9844][9816 ][debug][gc,phases] GC(8)     Prepare Merge Heap Roots: 0.0ms
[2025-05-20T20:52:55.723+0300][9844][9816 ][debug][gc,phases] GC(8)     Remembered Sets (ms):          Min:  0.0, Avg:  0.1, Max:  0.1, Diff:  0.1, Sum:  0.7, Workers: 8
[2025-05-20T20:52:55.723+0300][9844][9816 ][debug][gc,phases] GC(8)       Eager Reclaim (ms):            skipped
[2025-05-20T20:52:55.723+0300][9844][9816 ][debug][gc,phases] GC(8)       Merged Inline                  Min: 0, Avg:  0.0, Max: 0, Diff: 0, Sum: 0, Workers: 8
[2025-05-20T20:52:55.723+0300][9844][9816 ][debug][gc,phases] GC(8)       Merged ArrayOfCards            Min: 0, Avg:  0.0, Max: 0, Diff: 0, Sum: 0, Workers: 8
[2025-05-20T20:52:55.723+0300][9844][9816 ][debug][gc,phases] GC(8)       Merged Howl                    Min: 0, Avg:  0.0, Max: 0, Diff: 0, Sum: 0, Workers: 8
[2025-05-20T20:52:55.723+0300][9844][9816 ][debug][gc,phases] GC(8)       Merged Full                    Min: 0, Avg:  0.0, Max: 0, Diff: 0, Sum: 0, Workers: 8
[2025-05-20T20:52:55.723+0300][9844][9816 ][debug][gc,phases] GC(8)       Merged Howl Inline             Min: 0, Avg:  0.0, Max: 0, Diff: 0, Sum: 0, Workers: 8
[2025-05-20T20:52:55.723+0300][9844][9816 ][debug][gc,phases] GC(8)       Merged Howl ArrayOfCards       Min: 0, Avg:  0.0, Max: 0, Diff: 0, Sum: 0, Workers: 8
[2025-05-20T20:52:55.723+0300][9844][9816 ][debug][gc,phases] GC(8)       Merged Howl BitMap             Min: 0, Avg:  0.0, Max: 0, Diff: 0, Sum: 0, Workers: 8
[2025-05-20T20:52:55.723+0300][9844][9816 ][debug][gc,phases] GC(8)       Merged Howl Full               Min: 0, Avg:  0.0, Max: 0, Diff: 0, Sum: 0, Workers: 8
[2025-05-20T20:52:55.723+0300][9844][9816 ][debug][gc,phases] GC(8)       Merged Cards                   Min: 8, Avg:  8.0, Max: 8, Diff: 0, Sum: 64, Workers: 8
[2025-05-20T20:52:55.723+0300][9844][9816 ][debug][gc,phases] GC(8)     Log Buffers (ms):              Min:  0.0, Avg:  0.0, Max:  0.0, Diff:  0.0, Sum:  0.0, Workers: 8
[2025-05-20T20:52:55.723+0300][9844][9816 ][debug][gc,phases] GC(8)       Dirty Cards:                   Min: 0, Avg:  1.6, Max: 6, Diff: 6, Sum: 13, Workers: 8
[2025-05-20T20:52:55.723+0300][9844][9816 ][debug][gc,phases] GC(8)       Skipped Cards:                 Min: 0, Avg:  0.0, Max: 0, Diff: 0, Sum: 0, Workers: 8
[2025-05-20T20:52:55.723+0300][9844][9816 ][info ][gc,phases] GC(8)   Evacuate Collection Set: 1.2ms
[2025-05-20T20:52:55.723+0300][9844][9816 ][debug][gc,phases] GC(8)     Ext Root Scanning (ms):        Min:  0.0, Avg:  0.1, Max:  0.1, Diff:  0.1, Sum:  0.5, Workers: 8
[2025-05-20T20:52:55.723+0300][9844][9816 ][debug][gc,phases] GC(8)     Scan Heap Roots (ms):          Min:  0.0, Avg:  0.0, Max:  0.0, Diff:  0.0, Sum:  0.1, Workers: 8
[2025-05-20T20:52:55.723+0300][9844][9816 ][debug][gc,phases] GC(8)       Scanned Cards:                 Min: 0, Avg:  1.4, Max: 4, Diff: 4, Sum: 11, Workers: 8
[2025-05-20T20:52:55.723+0300][9844][9816 ][debug][gc,phases] GC(8)       Scanned Blocks:                Min: 0, Avg:  1.2, Max: 3, Diff: 3, Sum: 10, Workers: 8
[2025-05-20T20:52:55.723+0300][9844][9816 ][debug][gc,phases] GC(8)       Claimed Chunks:                Min: 0, Avg:  0.9, Max: 2, Diff: 2, Sum: 7, Workers: 8
[2025-05-20T20:52:55.723+0300][9844][9816 ][debug][gc,phases] GC(8)       Found Roots:                   Min: 0, Avg:  1.5, Max: 4, Diff: 4, Sum: 12, Workers: 8
[2025-05-20T20:52:55.723+0300][9844][9816 ][debug][gc,phases] GC(8)     Code Root Scan (ms):           Min:  0.1, Avg:  0.1, Max:  0.1, Diff:  0.0, Sum:  0.6, Workers: 8
[2025-05-20T20:52:55.723+0300][9844][9816 ][debug][gc,phases] GC(8)       Scanned Nmethods               Min: 0, Avg:  0.0, Max: 0, Diff: 0, Sum: 0, Workers: 8
[2025-05-20T20:52:55.723+0300][9844][9816 ][debug][gc,phases] GC(8)     Object Copy (ms):              Min:  0.0, Avg:  0.4, Max:  0.9, Diff:  0.9, Sum:  2.9, Workers: 8
[2025-05-20T20:52:55.723+0300][9844][9816 ][debug][gc,phases] GC(8)     Termination (ms):              Min:  0.0, Avg:  0.5, Max:  0.7, Diff:  0.7, Sum:  4.2, Workers: 8
[2025-05-20T20:52:55.723+0300][9844][9816 ][debug][gc,phases] GC(8)       Termination Attempts:          Min: 1, Avg:  1.0, Max: 1, Diff: 0, Sum: 8, Workers: 8
[2025-05-20T20:52:55.723+0300][9844][9816 ][debug][gc,phases] GC(8)     GC Worker Other (ms):          Min:  0.1, Avg:  0.1, Max:  0.1, Diff:  0.0, Sum:  0.7, Workers: 8
[2025-05-20T20:52:55.723+0300][9844][9816 ][debug][gc,phases] GC(8)     GC Worker Total (ms):          Min:  0.7, Avg:  1.1, Max:  1.2, Diff:  0.5, Sum:  9.0, Workers: 8
[2025-05-20T20:52:55.723+0300][9844][9816 ][info ][gc,phases] GC(8)   Post Evacuate Collection Set: 1.9ms
[2025-05-20T20:52:55.723+0300][9844][9816 ][debug][gc,phases] GC(8)     NMethod List Cleanup: 0.0ms
[2025-05-20T20:52:55.723+0300][9844][9816 ][debug][gc,phases] GC(8)     Reference Processing: 0.3ms
[2025-05-20T20:52:55.723+0300][9844][9816 ][debug][gc,phases] GC(8)     Weak Processing: 0.1ms
[2025-05-20T20:52:55.723+0300][9844][9816 ][debug][gc,phases] GC(8)       VM Weak                        Min:  0.0, Avg:  0.0, Max:  0.0, Diff:  0.0, Sum:  0.0, Workers: 8
[2025-05-20T20:52:55.723+0300][9844][9816 ][debug][gc,phases] GC(8)         Dead                           Min: 0, Avg:  0.0, Max: 0, Diff: 0, Sum: 0, Workers: 8
[2025-05-20T20:52:55.723+0300][9844][9816 ][debug][gc,phases] GC(8)         Total                          Min: 0, Avg: 15.4, Max: 64, Diff: 64, Sum: 123, Workers: 8
[2025-05-20T20:52:55.723+0300][9844][9816 ][debug][gc,phases] GC(8)       ObjectSynchronizer Weak        Min:  0.0, Avg:  0.0, Max:  0.0, Diff:  0.0, Sum:  0.0, Workers: 8
[2025-05-20T20:52:55.723+0300][9844][9816 ][debug][gc,phases] GC(8)         Dead                           Min: 0, Avg:  0.0, Max: 0, Diff: 0, Sum: 0, Workers: 8
[2025-05-20T20:52:55.723+0300][9844][9816 ][debug][gc,phases] GC(8)         Total                          Min: 0, Avg: 17.6, Max: 64, Diff: 64, Sum: 141, Workers: 8
[2025-05-20T20:52:55.723+0300][9844][9816 ][debug][gc,phases] GC(8)       JVMTI Tag Weak OopStorage      Min:  0.0, Avg:  0.0, Max:  0.0, Diff:  0.0, Sum:  0.0, Workers: 8
[2025-05-20T20:52:55.723+0300][9844][9816 ][debug][gc,phases] GC(8)         Dead                           Min: 0, Avg:  0.0, Max: 0, Diff: 0, Sum: 0, Workers: 8
[2025-05-20T20:52:55.723+0300][9844][9816 ][debug][gc,phases] GC(8)         Total                          Min: 0, Avg:  0.0, Max: 0, Diff: 0, Sum: 0, Workers: 8
[2025-05-20T20:52:55.723+0300][9844][9816 ][debug][gc,phases] GC(8)       StringTable Weak               Min:  0.0, Avg:  0.0, Max:  0.0, Diff:  0.0, Sum:  0.1, Workers: 8
[2025-05-20T20:52:55.723+0300][9844][9816 ][debug][gc,phases] GC(8)         Dead                           Min: 0, Avg:  0.0, Max: 0, Diff: 0, Sum: 0, Workers: 8
[2025-05-20T20:52:55.723+0300][9844][9816 ][debug][gc,phases] GC(8)         Total                          Min: 0, Avg: 781.8, Max: 1151, Diff: 1151, Sum: 6254, Workers: 8
[2025-05-20T20:52:55.723+0300][9844][9816 ][debug][gc,phases] GC(8)       ResolvedMethodTable Weak       Min:  0.0, Avg:  0.0, Max:  0.0, Diff:  0.0, Sum:  0.0, Workers: 8
[2025-05-20T20:52:55.723+0300][9844][9816 ][debug][gc,phases] GC(8)         Dead                           Min: 0, Avg:  0.0, Max: 0, Diff: 0, Sum: 0, Workers: 8
[2025-05-20T20:52:55.723+0300][9844][9816 ][debug][gc,phases] GC(8)         Total                          Min: 0, Avg: 113.1, Max: 192, Diff: 192, Sum: 905, Workers: 8
[2025-05-20T20:52:55.723+0300][9844][9816 ][debug][gc,phases] GC(8)       JNI Weak                       Min:  0.0, Avg:  0.0, Max:  0.0, Diff:  0.0, Sum:  0.0, Workers: 8
[2025-05-20T20:52:55.723+0300][9844][9816 ][debug][gc,phases] GC(8)         Dead                           Min: 0, Avg:  0.0, Max: 0, Diff: 0, Sum: 0, Workers: 8
[2025-05-20T20:52:55.723+0300][9844][9816 ][debug][gc,phases] GC(8)         Total                          Min: 0, Avg:  0.0, Max: 0, Diff: 0, Sum: 0, Workers: 8
[2025-05-20T20:52:55.723+0300][9844][9816 ][debug][gc,phases] GC(8)       StringDedup Table Weak         Min:  0.0, Avg:  0.0, Max:  0.0, Diff:  0.0, Sum:  0.0, Workers: 8
[2025-05-20T20:52:55.723+0300][9844][9816 ][debug][gc,phases] GC(8)         Dead                           Min: 0, Avg:  0.0, Max: 0, Diff: 0, Sum: 0, Workers: 8
[2025-05-20T20:52:55.723+0300][9844][9816 ][debug][gc,phases] GC(8)         Total                          Min: 0, Avg:  0.0, Max: 0, Diff: 0, Sum: 0, Workers: 8
[2025-05-20T20:52:55.723+0300][9844][9816 ][debug][gc,phases] GC(8)       StringDedup Requests0 Weak     Min:  0.0, Avg:  0.0, Max:  0.0, Diff:  0.0, Sum:  0.0, Workers: 8
[2025-05-20T20:52:55.723+0300][9844][9816 ][debug][gc,phases] GC(8)         Dead                           Min: 0, Avg:  0.0, Max: 0, Diff: 0, Sum: 0, Workers: 8
[2025-05-20T20:52:55.723+0300][9844][9816 ][debug][gc,phases] GC(8)         Total                          Min: 0, Avg:  0.0, Max: 0, Diff: 0, Sum: 0, Workers: 8
[2025-05-20T20:52:55.723+0300][9844][9816 ][debug][gc,phases] GC(8)       StringDedup Requests1 Weak     Min:  0.0, Avg:  0.0, Max:  0.0, Diff:  0.0, Sum:  0.0, Workers: 8
[2025-05-20T20:52:55.723+0300][9844][9816 ][debug][gc,phases] GC(8)         Dead                           Min: 0, Avg:  0.0, Max: 0, Diff: 0, Sum: 0, Workers: 8
[2025-05-20T20:52:55.723+0300][9844][9816 ][debug][gc,phases] GC(8)         Total                          Min: 0, Avg:  0.0, Max: 0, Diff: 0, Sum: 0, Workers: 8
[2025-05-20T20:52:55.723+0300][9844][9816 ][debug][gc,phases] GC(8)       Weak JFR Old Object Samples    Min:  0.0, Avg:  0.0, Max:  0.0, Diff:  0.0, Sum:  0.0, Workers: 8
[2025-05-20T20:52:55.726+0300][9844][9816 ][debug][gc,phases] GC(8)         Dead                           Min: 0, Avg:  0.0, Max: 0, Diff: 0, Sum: 0, Workers: 8
[2025-05-20T20:52:55.726+0300][9844][9816 ][debug][gc,phases] GC(8)         Total                          Min: 0, Avg:  0.0, Max: 0, Diff: 0, Sum: 0, Workers: 8
[2025-05-20T20:52:55.726+0300][9844][9816 ][debug][gc,phases] GC(8)     Post Evacuate Cleanup 1: 1.1ms
[2025-05-20T20:52:55.726+0300][9844][9816 ][debug][gc,phases] GC(8)       Merge Per-Thread State (ms):   Min:  0.1, Avg:  0.1, Max:  0.1, Diff:  0.0, Sum:  0.1, Workers: 1
[2025-05-20T20:52:55.726+0300][9844][9816 ][debug][gc,phases] GC(8)         Copied Bytes                   Min: 0, Avg: 882883.0, Max: 2215648, Diff: 2215648, Sum: 7063064, Workers: 8
[2025-05-20T20:52:55.726+0300][9844][9816 ][debug][gc,phases] GC(8)         LAB Waste                      Min: 0, Avg: 169.0, Max: 1112, Diff: 1112, Sum: 1352, Workers: 8
[2025-05-20T20:52:55.726+0300][9844][9816 ][debug][gc,phases] GC(8)         LAB Undo Waste                 Min: 0, Avg:  0.0, Max: 0, Diff: 0, Sum: 0, Workers: 8
[2025-05-20T20:52:55.726+0300][9844][9816 ][debug][gc,phases] GC(8)       Clear Logged Cards (ms):       Min:  0.0, Avg:  0.8, Max:  1.0, Diff:  1.0, Sum:  6.4, Workers: 8
[2025-05-20T20:52:55.726+0300][9844][9816 ][debug][gc,phases] GC(8)       Recalculate Used Memory (ms):  Min:  0.0, Avg:  0.0, Max:  0.0, Diff:  0.0, Sum:  0.0, Workers: 1
[2025-05-20T20:52:55.726+0300][9844][9816 ][debug][gc,phases] GC(8)     Post Evacuate Cleanup 2: 0.3ms
[2025-05-20T20:52:55.726+0300][9844][9816 ][debug][gc,phases] GC(8)       Update Derived Pointers (ms):  Min:  0.0, Avg:  0.0, Max:  0.0, Diff:  0.0, Sum:  0.0, Workers: 1
[2025-05-20T20:52:55.726+0300][9844][9816 ][debug][gc,phases] GC(8)       Eagerly Reclaim Humongous Objects (ms): skipped
[2025-05-20T20:52:55.726+0300][9844][9816 ][debug][gc,phases] GC(8)         Humongous Total                skipped
[2025-05-20T20:52:55.726+0300][9844][9816 ][debug][gc,phases] GC(8)         Humongous Candidates           skipped
[2025-05-20T20:52:55.726+0300][9844][9816 ][debug][gc,phases] GC(8)         Humongous Reclaimed            skipped
[2025-05-20T20:52:55.726+0300][9844][9816 ][debug][gc,phases] GC(8)       Redirty Logged Cards (ms):     Min:  0.0, Avg:  0.0, Max:  0.0, Diff:  0.0, Sum:  0.0, Workers: 8
[2025-05-20T20:52:55.726+0300][9844][9816 ][debug][gc,phases] GC(8)         Redirtied Cards:               Min: 0, Avg:  1.2, Max: 10, Diff: 10, Sum: 10, Workers: 8
[2025-05-20T20:52:55.726+0300][9844][9816 ][debug][gc,phases] GC(8)       Resize TLABs (ms):             Min:  0.0, Avg:  0.0, Max:  0.0, Diff:  0.0, Sum:  0.0, Workers: 8
[2025-05-20T20:52:55.726+0300][9844][9816 ][debug][gc,phases] GC(8)       Free Collection Set (ms):      Min:  0.2, Avg:  0.2, Max:  0.2, Diff:  0.0, Sum:  1.6, Workers: 8
[2025-05-20T20:52:55.726+0300][9844][9816 ][debug][gc,phases] GC(8)     Rebuild Free List: 0.1ms
[2025-05-20T20:52:55.726+0300][9844][9816 ][debug][gc,phases] GC(8)     Prepare For Mutator: 0.0ms
[2025-05-20T20:52:55.726+0300][9844][9816 ][debug][gc,phases] GC(8)     Expand Heap After Collection: 0.0ms
[2025-05-20T20:52:55.726+0300][9844][9816 ][info ][gc,phases] GC(8)   Other: 0.1ms
[2025-05-20T20:52:55.726+0300][9844][9816 ][info ][gc,heap  ] GC(8) Eden regions: 920->0(920)
[2025-05-20T20:52:55.726+0300][9844][9816 ][info ][gc,heap  ] GC(8) Survivor regions: 1->1(116)
[2025-05-20T20:52:55.726+0300][9844][9816 ][info ][gc,heap  ] GC(8) Old regions: 9->9
[2025-05-20T20:52:55.726+0300][9844][9816 ][info ][gc,heap  ] GC(8) Humongous regions: 0->0
[2025-05-20T20:52:55.726+0300][9844][9816 ][debug][gc,heap  ] GC(8) Heap after GC invocations=9 (full 2):
[2025-05-20T20:52:55.726+0300][9844][9816 ][debug][gc,heap  ] GC(8)  garbage-first heap   total 12582912K, used 16857K [0x0000000500000000, 0x0000000800000000)
[2025-05-20T20:52:55.726+0300][9844][9816 ][debug][gc,heap  ] GC(8)   region size 8192K, 1 young (8192K), 1 survivors (8192K)
[2025-05-20T20:52:55.726+0300][9844][9816 ][debug][gc,heap  ] GC(8)  Metaspace       used 8729K, committed 9792K, reserved 1114112K
[2025-05-20T20:52:55.726+0300][9844][9816 ][debug][gc,heap  ] GC(8)   class space    used 874K, committed 1280K, reserved 1048576K
[2025-05-20T20:52:55.726+0300][9844][9816 ][info ][gc       ] GC(8) Pause Young (Normal) (G1 Evacuation Pause) 7376M->16M(12288M) 6.378ms
[2025-05-20T20:52:55.726+0300][9844][9816 ][info ][safepoint] Safepoint "G1CollectForAllocation", Time since last: 2428509300 ns, Reaching safepoint: 503400 ns, Cleanup: 7700 ns, At safepoint: 6454100 ns, Total: 6965200 ns
[2025-05-20T20:52:56.739+0300][9844][9816 ][debug][safepoint] Safepoint synchronization initiated using striped semaphore wait barrier. (19 threads)
[2025-05-20T20:52:56.739+0300][9844][5828 ][debug][safepoint] ... found polling page loop exception at pc = 0x0000027a59c69322, stub =0x0000027a59656600
[2025-05-20T20:52:56.739+0300][9844][9252 ][debug][safepoint] ... found polling page loop exception at pc = 0x0000027a59c58760, stub =0x0000027a59655d80
[2025-05-20T20:52:56.739+0300][9844][2392 ][debug][safepoint] ... found polling page loop exception at pc = 0x0000027a59c58760, stub =0x0000027a59655d80
[2025-05-20T20:52:56.739+0300][9844][4896 ][debug][safepoint] ... found polling page loop exception at pc = 0x0000027a59c69322, stub =0x0000027a59656600
[2025-05-20T20:52:56.739+0300][9844][20612][debug][safepoint] ... found polling page loop exception at pc = 0x0000027a59c55cc4, stub =0x0000027a59656600
[2025-05-20T20:52:56.739+0300][9844][9816 ][info ][safepoint] Safepoint "Cleanup", Time since last: 1012046900 ns, Reaching safepoint: 370500 ns, Cleanup: 33800 ns, At safepoint: 19800 ns, Total: 424100 ns
[2025-05-20T20:52:58.170+0300][9844][9816 ][debug][safepoint] Safepoint synchronization initiated using striped semaphore wait barrier. (19 threads)
[2025-05-20T20:52:58.172+0300][9844][4896 ][debug][safepoint] ... found polling page loop exception at pc = 0x0000027a59c58760, stub =0x0000027a59655d80
[2025-05-20T20:52:58.172+0300][9844][1388 ][debug][safepoint] ... found polling page loop exception at pc = 0x0000027a59c58760, stub =0x0000027a59655d80
[2025-05-20T20:52:58.172+0300][9844][20612][debug][safepoint] ... found polling page loop exception at pc = 0x0000027a59e77e8e, stub =0x0000027a59655d80
[2025-05-20T20:52:58.172+0300][9844][9252 ][debug][safepoint] ... found polling page loop exception at pc = 0x0000027a59c58760, stub =0x0000027a59655d80
[2025-05-20T20:52:58.172+0300][9844][9816 ][debug][gc,heap  ] GC(9) Heap before GC invocations=9 (full 2):
[2025-05-20T20:52:58.172+0300][9844][9816 ][debug][gc,heap  ] GC(9)  garbage-first heap   total 12582912K, used 7553497K [0x0000000500000000, 0x0000000800000000)
[2025-05-20T20:52:58.172+0300][9844][9816 ][debug][gc,heap  ] GC(9)   region size 8192K, 921 young (7544832K), 1 survivors (8192K)
[2025-05-20T20:52:58.172+0300][9844][9816 ][debug][gc,heap  ] GC(9)  Metaspace       used 8729K, committed 9792K, reserved 1114112K
[2025-05-20T20:52:58.172+0300][9844][9816 ][debug][gc,heap  ] GC(9)   class space    used 874K, committed 1280K, reserved 1048576K
[2025-05-20T20:52:58.172+0300][9844][9816 ][info ][gc,phases] GC(9)   Pre Evacuate Collection Set: 0.2ms
[2025-05-20T20:52:58.172+0300][9844][9816 ][debug][gc,phases] GC(9)     Pre Evacuate Prepare: 0.1ms
[2025-05-20T20:52:58.172+0300][9844][9816 ][debug][gc,phases] GC(9)       JT Retire TLABs And Flush Logs (ms): Min:  0.0, Avg:  0.0, Max:  0.0, Diff:  0.0, Sum:  0.0, Workers: 2
[2025-05-20T20:52:58.172+0300][9844][9816 ][debug][gc,phases] GC(9)       Non-JT Flush Logs (ms):        Min:  0.0, Avg:  0.0, Max:  0.0, Diff:  0.0, Sum:  0.0, Workers: 1
[2025-05-20T20:52:58.172+0300][9844][9816 ][debug][gc,phases] GC(9)     Choose Collection Set: 0.0ms
[2025-05-20T20:52:58.172+0300][9844][9816 ][debug][gc,phases] GC(9)     Region Register: 0.2ms
[2025-05-20T20:52:58.172+0300][9844][9816 ][debug][gc,phases] GC(9)     Prepare Heap Roots: 0.0ms
[2025-05-20T20:52:58.172+0300][9844][9816 ][info ][gc,phases] GC(9)   Merge Heap Roots: 0.2ms
[2025-05-20T20:52:58.172+0300][9844][9816 ][debug][gc,phases] GC(9)     Prepare Merge Heap Roots: 0.0ms
[2025-05-20T20:52:58.172+0300][9844][9816 ][debug][gc,phases] GC(9)     Remembered Sets (ms):          Min:  0.0, Avg:  0.1, Max:  0.1, Diff:  0.1, Sum:  0.7, Workers: 8
[2025-05-20T20:52:58.172+0300][9844][9816 ][debug][gc,phases] GC(9)       Eager Reclaim (ms):            skipped
[2025-05-20T20:52:58.172+0300][9844][9816 ][debug][gc,phases] GC(9)       Merged Inline                  Min: 0, Avg:  0.0, Max: 0, Diff: 0, Sum: 0, Workers: 8
[2025-05-20T20:52:58.172+0300][9844][9816 ][debug][gc,phases] GC(9)       Merged ArrayOfCards            Min: 0, Avg:  0.0, Max: 0, Diff: 0, Sum: 0, Workers: 8
[2025-05-20T20:52:58.172+0300][9844][9816 ][debug][gc,phases] GC(9)       Merged Howl                    Min: 0, Avg:  0.0, Max: 0, Diff: 0, Sum: 0, Workers: 8
[2025-05-20T20:52:58.172+0300][9844][9816 ][debug][gc,phases] GC(9)       Merged Full                    Min: 0, Avg:  0.0, Max: 0, Diff: 0, Sum: 0, Workers: 8
[2025-05-20T20:52:58.172+0300][9844][9816 ][debug][gc,phases] GC(9)       Merged Howl Inline             Min: 0, Avg:  0.0, Max: 0, Diff: 0, Sum: 0, Workers: 8
[2025-05-20T20:52:58.172+0300][9844][9816 ][debug][gc,phases] GC(9)       Merged Howl ArrayOfCards       Min: 0, Avg:  0.0, Max: 0, Diff: 0, Sum: 0, Workers: 8
[2025-05-20T20:52:58.172+0300][9844][9816 ][debug][gc,phases] GC(9)       Merged Howl BitMap             Min: 0, Avg:  0.0, Max: 0, Diff: 0, Sum: 0, Workers: 8
[2025-05-20T20:52:58.172+0300][9844][9816 ][debug][gc,phases] GC(9)       Merged Howl Full               Min: 0, Avg:  0.0, Max: 0, Diff: 0, Sum: 0, Workers: 8
[2025-05-20T20:52:58.172+0300][9844][9816 ][debug][gc,phases] GC(9)       Merged Cards                   Min: 8, Avg:  8.0, Max: 8, Diff: 0, Sum: 64, Workers: 8
[2025-05-20T20:52:58.172+0300][9844][9816 ][debug][gc,phases] GC(9)     Log Buffers (ms):              Min:  0.0, Avg:  0.0, Max:  0.0, Diff:  0.0, Sum:  0.0, Workers: 8
[2025-05-20T20:52:58.172+0300][9844][9816 ][debug][gc,phases] GC(9)       Dirty Cards:                   Min: 0, Avg:  1.8, Max: 11, Diff: 11, Sum: 14, Workers: 8
[2025-05-20T20:52:58.172+0300][9844][9816 ][debug][gc,phases] GC(9)       Skipped Cards:                 Min: 0, Avg:  0.0, Max: 0, Diff: 0, Sum: 0, Workers: 8
[2025-05-20T20:52:58.172+0300][9844][9816 ][info ][gc,phases] GC(9)   Evacuate Collection Set: 0.9ms
[2025-05-20T20:52:58.172+0300][9844][9816 ][debug][gc,phases] GC(9)     Ext Root Scanning (ms):        Min:  0.0, Avg:  0.1, Max:  0.1, Diff:  0.0, Sum:  0.5, Workers: 8
[2025-05-20T20:52:58.172+0300][9844][9816 ][debug][gc,phases] GC(9)     Scan Heap Roots (ms):          Min:  0.0, Avg:  0.0, Max:  0.0, Diff:  0.0, Sum:  0.0, Workers: 8
[2025-05-20T20:52:58.172+0300][9844][9816 ][debug][gc,phases] GC(9)       Scanned Cards:                 Min: 0, Avg:  1.5, Max: 4, Diff: 4, Sum: 12, Workers: 8
[2025-05-20T20:52:58.172+0300][9844][9816 ][debug][gc,phases] GC(9)       Scanned Blocks:                Min: 0, Avg:  1.4, Max: 4, Diff: 4, Sum: 11, Workers: 8
[2025-05-20T20:52:58.172+0300][9844][9816 ][debug][gc,phases] GC(9)       Claimed Chunks:                Min: 0, Avg:  1.0, Max: 2, Diff: 2, Sum: 8, Workers: 8
[2025-05-20T20:52:58.172+0300][9844][9816 ][debug][gc,phases] GC(9)       Found Roots:                   Min: 0, Avg:  1.9, Max: 5, Diff: 5, Sum: 15, Workers: 8
[2025-05-20T20:52:58.172+0300][9844][9816 ][debug][gc,phases] GC(9)     Code Root Scan (ms):           Min:  0.1, Avg:  0.1, Max:  0.1, Diff:  0.0, Sum:  0.6, Workers: 8
[2025-05-20T20:52:58.172+0300][9844][9816 ][debug][gc,phases] GC(9)       Scanned Nmethods               Min: 0, Avg:  0.0, Max: 0, Diff: 0, Sum: 0, Workers: 8
[2025-05-20T20:52:58.172+0300][9844][9816 ][debug][gc,phases] GC(9)     Object Copy (ms):              Min:  0.2, Avg:  0.3, Max:  0.5, Diff:  0.3, Sum:  2.4, Workers: 8
[2025-05-20T20:52:58.172+0300][9844][9816 ][debug][gc,phases] GC(9)     Termination (ms):              Min:  0.0, Avg:  0.3, Max:  0.4, Diff:  0.3, Sum:  2.1, Workers: 8
[2025-05-20T20:52:58.172+0300][9844][9816 ][debug][gc,phases] GC(9)       Termination Attempts:          Min: 1, Avg:  1.0, Max: 1, Diff: 0, Sum: 8, Workers: 8
[2025-05-20T20:52:58.172+0300][9844][9816 ][debug][gc,phases] GC(9)     GC Worker Other (ms):          Min:  0.1, Avg:  0.1, Max:  0.1, Diff:  0.0, Sum:  0.7, Workers: 8
[2025-05-20T20:52:58.172+0300][9844][9816 ][debug][gc,phases] GC(9)     GC Worker Total (ms):          Min:  0.8, Avg:  0.8, Max:  0.8, Diff:  0.0, Sum:  6.4, Workers: 8
[2025-05-20T20:52:58.172+0300][9844][9816 ][info ][gc,phases] GC(9)   Post Evacuate Collection Set: 1.6ms
[2025-05-20T20:52:58.172+0300][9844][9816 ][debug][gc,phases] GC(9)     NMethod List Cleanup: 0.0ms
[2025-05-20T20:52:58.172+0300][9844][9816 ][debug][gc,phases] GC(9)     Reference Processing: 0.2ms
[2025-05-20T20:52:58.172+0300][9844][9816 ][debug][gc,phases] GC(9)     Weak Processing: 0.1ms
[2025-05-20T20:52:58.172+0300][9844][9816 ][debug][gc,phases] GC(9)       VM Weak                        Min:  0.0, Avg:  0.0, Max:  0.0, Diff:  0.0, Sum:  0.0, Workers: 8
[2025-05-20T20:52:58.172+0300][9844][9816 ][debug][gc,phases] GC(9)         Dead                           Min: 0, Avg:  0.0, Max: 0, Diff: 0, Sum: 0, Workers: 8
[2025-05-20T20:52:58.172+0300][9844][9816 ][debug][gc,phases] GC(9)         Total                          Min: 0, Avg: 15.4, Max: 123, Diff: 123, Sum: 123, Workers: 8
[2025-05-20T20:52:58.172+0300][9844][9816 ][debug][gc,phases] GC(9)       ObjectSynchronizer Weak        Min:  0.0, Avg:  0.0, Max:  0.0, Diff:  0.0, Sum:  0.0, Workers: 8
[2025-05-20T20:52:58.172+0300][9844][9816 ][debug][gc,phases] GC(9)         Dead                           Min: 0, Avg:  0.0, Max: 0, Diff: 0, Sum: 0, Workers: 8
[2025-05-20T20:52:58.172+0300][9844][9816 ][debug][gc,phases] GC(9)         Total                          Min: 0, Avg: 17.6, Max: 141, Diff: 141, Sum: 141, Workers: 8
[2025-05-20T20:52:58.172+0300][9844][9816 ][debug][gc,phases] GC(9)       JVMTI Tag Weak OopStorage      Min:  0.0, Avg:  0.0, Max:  0.0, Diff:  0.0, Sum:  0.0, Workers: 8
[2025-05-20T20:52:58.172+0300][9844][9816 ][debug][gc,phases] GC(9)         Dead                           Min: 0, Avg:  0.0, Max: 0, Diff: 0, Sum: 0, Workers: 8
[2025-05-20T20:52:58.172+0300][9844][9816 ][debug][gc,phases] GC(9)         Total                          Min: 0, Avg:  0.0, Max: 0, Diff: 0, Sum: 0, Workers: 8
[2025-05-20T20:52:58.172+0300][9844][9816 ][debug][gc,phases] GC(9)       StringTable Weak               Min:  0.0, Avg:  0.0, Max:  0.0, Diff:  0.0, Sum:  0.1, Workers: 8
[2025-05-20T20:52:58.172+0300][9844][9816 ][debug][gc,phases] GC(9)         Dead                           Min: 0, Avg:  0.0, Max: 0, Diff: 0, Sum: 0, Workers: 8
[2025-05-20T20:52:58.172+0300][9844][9816 ][debug][gc,phases] GC(9)         Total                          Min: 0, Avg: 782.1, Max: 960, Diff: 960, Sum: 6257, Workers: 8
[2025-05-20T20:52:58.172+0300][9844][9816 ][debug][gc,phases] GC(9)       ResolvedMethodTable Weak       Min:  0.0, Avg:  0.0, Max:  0.0, Diff:  0.0, Sum:  0.0, Workers: 8
[2025-05-20T20:52:58.172+0300][9844][9816 ][debug][gc,phases] GC(9)         Dead                           Min: 0, Avg:  0.0, Max: 0, Diff: 0, Sum: 0, Workers: 8
[2025-05-20T20:52:58.172+0300][9844][9816 ][debug][gc,phases] GC(9)         Total                          Min: 0, Avg: 113.1, Max: 191, Diff: 191, Sum: 905, Workers: 8
[2025-05-20T20:52:58.172+0300][9844][9816 ][debug][gc,phases] GC(9)       JNI Weak                       Min:  0.0, Avg:  0.0, Max:  0.0, Diff:  0.0, Sum:  0.0, Workers: 8
[2025-05-20T20:52:58.172+0300][9844][9816 ][debug][gc,phases] GC(9)         Dead                           Min: 0, Avg:  0.0, Max: 0, Diff: 0, Sum: 0, Workers: 8
[2025-05-20T20:52:58.172+0300][9844][9816 ][debug][gc,phases] GC(9)         Total                          Min: 0, Avg:  0.0, Max: 0, Diff: 0, Sum: 0, Workers: 8
[2025-05-20T20:52:58.172+0300][9844][9816 ][debug][gc,phases] GC(9)       StringDedup Table Weak         Min:  0.0, Avg:  0.0, Max:  0.0, Diff:  0.0, Sum:  0.0, Workers: 8
[2025-05-20T20:52:58.172+0300][9844][9816 ][debug][gc,phases] GC(9)         Dead                           Min: 0, Avg:  0.0, Max: 0, Diff: 0, Sum: 0, Workers: 8
[2025-05-20T20:52:58.172+0300][9844][9816 ][debug][gc,phases] GC(9)         Total                          Min: 0, Avg:  0.0, Max: 0, Diff: 0, Sum: 0, Workers: 8
[2025-05-20T20:52:58.172+0300][9844][9816 ][debug][gc,phases] GC(9)       StringDedup Requests0 Weak     Min:  0.0, Avg:  0.0, Max:  0.0, Diff:  0.0, Sum:  0.0, Workers: 8
[2025-05-20T20:52:58.172+0300][9844][9816 ][debug][gc,phases] GC(9)         Dead                           Min: 0, Avg:  0.0, Max: 0, Diff: 0, Sum: 0, Workers: 8
[2025-05-20T20:52:58.172+0300][9844][9816 ][debug][gc,phases] GC(9)         Total                          Min: 0, Avg:  0.0, Max: 0, Diff: 0, Sum: 0, Workers: 8
[2025-05-20T20:52:58.172+0300][9844][9816 ][debug][gc,phases] GC(9)       StringDedup Requests1 Weak     Min:  0.0, Avg:  0.0, Max:  0.0, Diff:  0.0, Sum:  0.0, Workers: 8
[2025-05-20T20:52:58.172+0300][9844][9816 ][debug][gc,phases] GC(9)         Dead                           Min: 0, Avg:  0.0, Max: 0, Diff: 0, Sum: 0, Workers: 8
[2025-05-20T20:52:58.172+0300][9844][9816 ][debug][gc,phases] GC(9)         Total                          Min: 0, Avg:  0.0, Max: 0, Diff: 0, Sum: 0, Workers: 8
[2025-05-20T20:52:58.172+0300][9844][9816 ][debug][gc,phases] GC(9)       Weak JFR Old Object Samples    Min:  0.0, Avg:  0.0, Max:  0.0, Diff:  0.0, Sum:  0.0, Workers: 8
[2025-05-20T20:52:58.172+0300][9844][9816 ][debug][gc,phases] GC(9)         Dead                           Min: 0, Avg:  0.0, Max: 0, Diff: 0, Sum: 0, Workers: 8
[2025-05-20T20:52:58.172+0300][9844][9816 ][debug][gc,phases] GC(9)         Total                          Min: 0, Avg:  0.0, Max: 0, Diff: 0, Sum: 0, Workers: 8
[2025-05-20T20:52:58.172+0300][9844][9816 ][debug][gc,phases] GC(9)     Post Evacuate Cleanup 1: 1.1ms
[2025-05-20T20:52:58.172+0300][9844][9816 ][debug][gc,phases] GC(9)       Merge Per-Thread State (ms):   Min:  0.1, Avg:  0.1, Max:  0.1, Diff:  0.0, Sum:  0.1, Workers: 1
[2025-05-20T20:52:58.172+0300][9844][9816 ][debug][gc,phases] GC(9)         Copied Bytes                   Min: 95176, Avg: 878516.0, Max: 2235528, Diff: 2140352, Sum: 7028128, Workers: 8
[2025-05-20T20:52:58.172+0300][9844][9816 ][debug][gc,phases] GC(9)         LAB Waste                      Min: 0, Avg: 54.0, Max: 112, Diff: 112, Sum: 432, Workers: 8
[2025-05-20T20:52:58.172+0300][9844][9816 ][debug][gc,phases] GC(9)         LAB Undo Waste                 Min: 0, Avg:  0.0, Max: 0, Diff: 0, Sum: 0, Workers: 8
[2025-05-20T20:52:58.172+0300][9844][9816 ][debug][gc,phases] GC(9)       Clear Logged Cards (ms):       Min:  0.0, Avg:  0.8, Max:  1.0, Diff:  1.0, Sum:  6.5, Workers: 8
[2025-05-20T20:52:58.172+0300][9844][9816 ][debug][gc,phases] GC(9)       Recalculate Used Memory (ms):  Min:  0.0, Avg:  0.0, Max:  0.0, Diff:  0.0, Sum:  0.0, Workers: 1
[2025-05-20T20:52:58.172+0300][9844][9816 ][debug][gc,phases] GC(9)     Post Evacuate Cleanup 2: 0.3ms
[2025-05-20T20:52:58.172+0300][9844][9816 ][debug][gc,phases] GC(9)       Update Derived Pointers (ms):  Min:  0.0, Avg:  0.0, Max:  0.0, Diff:  0.0, Sum:  0.0, Workers: 1
[2025-05-20T20:52:58.172+0300][9844][9816 ][debug][gc,phases] GC(9)       Eagerly Reclaim Humongous Objects (ms): skipped
[2025-05-20T20:52:58.172+0300][9844][9816 ][debug][gc,phases] GC(9)         Humongous Total                skipped
[2025-05-20T20:52:58.172+0300][9844][9816 ][debug][gc,phases] GC(9)         Humongous Candidates           skipped
[2025-05-20T20:52:58.172+0300][9844][9816 ][debug][gc,phases] GC(9)         Humongous Reclaimed            skipped
[2025-05-20T20:52:58.172+0300][9844][9816 ][debug][gc,phases] GC(9)       Redirty Logged Cards (ms):     Min:  0.0, Avg:  0.0, Max:  0.0, Diff:  0.0, Sum:  0.0, Workers: 8
[2025-05-20T20:52:58.172+0300][9844][9816 ][debug][gc,phases] GC(9)         Redirtied Cards:               Min: 0, Avg:  1.4, Max: 8, Diff: 8, Sum: 11, Workers: 8
[2025-05-20T20:52:58.172+0300][9844][9816 ][debug][gc,phases] GC(9)       Resize TLABs (ms):             Min:  0.0, Avg:  0.0, Max:  0.0, Diff:  0.0, Sum:  0.0, Workers: 8
[2025-05-20T20:52:58.172+0300][9844][9816 ][debug][gc,phases] GC(9)       Free Collection Set (ms):      Min:  0.2, Avg:  0.2, Max:  0.2, Diff:  0.0, Sum:  1.6, Workers: 8
[2025-05-20T20:52:58.172+0300][9844][9816 ][debug][gc,phases] GC(9)     Rebuild Free List: 0.1ms
[2025-05-20T20:52:58.172+0300][9844][9816 ][debug][gc,phases] GC(9)     Prepare For Mutator: 0.0ms
[2025-05-20T20:52:58.172+0300][9844][9816 ][debug][gc,phases] GC(9)     Expand Heap After Collection: 0.0ms
[2025-05-20T20:52:58.172+0300][9844][9816 ][info ][gc,phases] GC(9)   Other: 0.1ms
[2025-05-20T20:52:58.172+0300][9844][9816 ][info ][gc,heap  ] GC(9) Eden regions: 920->0(920)
[2025-05-20T20:52:58.172+0300][9844][9816 ][info ][gc,heap  ] GC(9) Survivor regions: 1->1(116)
[2025-05-20T20:52:58.172+0300][9844][9816 ][info ][gc,heap  ] GC(9) Old regions: 9->9
[2025-05-20T20:52:58.172+0300][9844][9816 ][info ][gc,heap  ] GC(9) Humongous regions: 0->0
[2025-05-20T20:52:58.172+0300][9844][9816 ][debug][gc,heap  ] GC(9) Heap after GC invocations=10 (full 2):
[2025-05-20T20:52:58.172+0300][9844][9816 ][debug][gc,heap  ] GC(9)  garbage-first heap   total 12582912K, used 16791K [0x0000000500000000, 0x0000000800000000)
[2025-05-20T20:52:58.172+0300][9844][9816 ][debug][gc,heap  ] GC(9)   region size 8192K, 1 young (8192K), 1 survivors (8192K)
[2025-05-20T20:52:58.172+0300][9844][9816 ][debug][gc,heap  ] GC(9)  Metaspace       used 8729K, committed 9792K, reserved 1114112K
[2025-05-20T20:52:58.172+0300][9844][9816 ][debug][gc,heap  ] GC(9)   class space    used 874K, committed 1280K, reserved 1048576K
[2025-05-20T20:52:58.177+0300][9844][9816 ][info ][gc       ] GC(9) Pause Young (Normal) (G1 Evacuation Pause) 7376M->16M(12288M) 4.935ms
[2025-05-20T20:52:58.177+0300][9844][9816 ][info ][safepoint] Safepoint "G1CollectForAllocation", Time since last: 1432502700 ns, Reaching safepoint: 404600 ns, Cleanup: 16600 ns, At safepoint: 5003300 ns, Total: 5424500 ns
[2025-05-20T20:52:58.820+0300][9844][9816 ][debug][safepoint] Safepoint synchronization initiated using striped semaphore wait barrier. (11 threads)
[2025-05-20T20:52:58.820+0300][9844][9816 ][debug][gc,heap  ] GC(10) Heap before GC invocations=10 (full 2):
[2025-05-20T20:52:58.820+0300][9844][9816 ][debug][gc,heap  ] GC(10)  garbage-first heap   total 12582912K, used 1065367K [0x0000000500000000, 0x0000000800000000)
[2025-05-20T20:52:58.820+0300][9844][9816 ][debug][gc,heap  ] GC(10)   region size 8192K, 131 young (1073152K), 1 survivors (8192K)
[2025-05-20T20:52:58.820+0300][9844][9816 ][debug][gc,heap  ] GC(10)  Metaspace       used 8729K, committed 9792K, reserved 1114112K
[2025-05-20T20:52:58.820+0300][9844][9816 ][debug][gc,heap  ] GC(10)   class space    used 874K, committed 1280K, reserved 1048576K
[2025-05-20T20:52:58.822+0300][9844][9816 ][debug][gc,phases] GC(10) Phase 1: Reference Processing 0.155ms
[2025-05-20T20:52:58.822+0300][9844][9816 ][debug][gc,phases] GC(10)   VM Weak                        Min:  0.0, Avg:  0.0, Max:  0.0, Diff:  0.0, Sum:  0.0, Workers: 8
[2025-05-20T20:52:58.822+0300][9844][9816 ][debug][gc,phases] GC(10)     Dead                           Min: 0, Avg:  0.0, Max: 0, Diff: 0, Sum: 0, Workers: 8
[2025-05-20T20:52:58.822+0300][9844][9816 ][debug][gc,phases] GC(10)     Total                          Min: 0, Avg: 15.4, Max: 91, Diff: 91, Sum: 123, Workers: 8
[2025-05-20T20:52:58.822+0300][9844][9816 ][debug][gc,phases] GC(10)   ObjectSynchronizer Weak        Min:  0.0, Avg:  0.0, Max:  0.0, Diff:  0.0, Sum:  0.0, Workers: 8
[2025-05-20T20:52:58.822+0300][9844][9816 ][debug][gc,phases] GC(10)     Dead                           Min: 0, Avg:  0.0, Max: 0, Diff: 0, Sum: 0, Workers: 8
[2025-05-20T20:52:58.822+0300][9844][9816 ][debug][gc,phases] GC(10)     Total                          Min: 0, Avg: 17.6, Max: 77, Diff: 77, Sum: 141, Workers: 8
[2025-05-20T20:52:58.822+0300][9844][9816 ][debug][gc,phases] GC(10)   JVMTI Tag Weak OopStorage      Min:  0.0, Avg:  0.0, Max:  0.0, Diff:  0.0, Sum:  0.0, Workers: 8
[2025-05-20T20:52:58.822+0300][9844][9816 ][debug][gc,phases] GC(10)     Dead                           Min: 0, Avg:  0.0, Max: 0, Diff: 0, Sum: 0, Workers: 8
[2025-05-20T20:52:58.822+0300][9844][9816 ][debug][gc,phases] GC(10)     Total                          Min: 0, Avg:  0.0, Max: 0, Diff: 0, Sum: 0, Workers: 8
[2025-05-20T20:52:58.822+0300][9844][9816 ][debug][gc,phases] GC(10)   StringTable Weak               Min:  0.0, Avg:  0.0, Max:  0.0, Diff:  0.0, Sum:  0.1, Workers: 8
[2025-05-20T20:52:58.822+0300][9844][9816 ][debug][gc,phases] GC(10)     Dead                           Min: 0, Avg:  0.0, Max: 0, Diff: 0, Sum: 0, Workers: 8
[2025-05-20T20:52:58.822+0300][9844][9816 ][debug][gc,phases] GC(10)     Total                          Min: 0, Avg: 782.4, Max: 1331, Diff: 1331, Sum: 6259, Workers: 8
[2025-05-20T20:52:58.824+0300][9844][9816 ][debug][gc,phases] GC(10)   ResolvedMethodTable Weak       Min:  0.0, Avg:  0.0, Max:  0.0, Diff:  0.0, Sum:  0.0, Workers: 8
[2025-05-20T20:52:58.824+0300][9844][9816 ][debug][gc,phases] GC(10)     Dead                           Min: 0, Avg:  0.0, Max: 0, Diff: 0, Sum: 0, Workers: 8
[2025-05-20T20:52:58.824+0300][9844][9816 ][debug][gc,phases] GC(10)     Total                          Min: 0, Avg: 113.1, Max: 192, Diff: 192, Sum: 905, Workers: 8
[2025-05-20T20:52:58.824+0300][9844][9816 ][debug][gc,phases] GC(10)   JNI Weak                       Min:  0.0, Avg:  0.0, Max:  0.0, Diff:  0.0, Sum:  0.0, Workers: 8
[2025-05-20T20:52:58.824+0300][9844][9816 ][debug][gc,phases] GC(10)     Dead                           Min: 0, Avg:  0.0, Max: 0, Diff: 0, Sum: 0, Workers: 8
[2025-05-20T20:52:58.824+0300][9844][9816 ][debug][gc,phases] GC(10)     Total                          Min: 0, Avg:  0.1, Max: 1, Diff: 1, Sum: 1, Workers: 8
[2025-05-20T20:52:58.824+0300][9844][9816 ][debug][gc,phases] GC(10)   StringDedup Table Weak         Min:  0.0, Avg:  0.0, Max:  0.0, Diff:  0.0, Sum:  0.0, Workers: 8
[2025-05-20T20:52:58.824+0300][9844][9816 ][debug][gc,phases] GC(10)     Dead                           Min: 0, Avg:  0.0, Max: 0, Diff: 0, Sum: 0, Workers: 8
[2025-05-20T20:52:58.824+0300][9844][9816 ][debug][gc,phases] GC(10)     Total                          Min: 0, Avg:  0.0, Max: 0, Diff: 0, Sum: 0, Workers: 8
[2025-05-20T20:52:58.824+0300][9844][9816 ][debug][gc,phases] GC(10)   StringDedup Requests0 Weak     Min:  0.0, Avg:  0.0, Max:  0.0, Diff:  0.0, Sum:  0.0, Workers: 8
[2025-05-20T20:52:58.824+0300][9844][9816 ][debug][gc,phases] GC(10)     Dead                           Min: 0, Avg:  0.0, Max: 0, Diff: 0, Sum: 0, Workers: 8
[2025-05-20T20:52:58.824+0300][9844][9816 ][debug][gc,phases] GC(10)     Total                          Min: 0, Avg:  0.0, Max: 0, Diff: 0, Sum: 0, Workers: 8
[2025-05-20T20:52:58.824+0300][9844][9816 ][debug][gc,phases] GC(10)   StringDedup Requests1 Weak     Min:  0.0, Avg:  0.0, Max:  0.0, Diff:  0.0, Sum:  0.0, Workers: 8
[2025-05-20T20:52:58.824+0300][9844][9816 ][debug][gc,phases] GC(10)     Dead                           Min: 0, Avg:  0.0, Max: 0, Diff: 0, Sum: 0, Workers: 8
[2025-05-20T20:52:58.824+0300][9844][9816 ][debug][gc,phases] GC(10)     Total                          Min: 0, Avg:  0.0, Max: 0, Diff: 0, Sum: 0, Workers: 8
[2025-05-20T20:52:58.824+0300][9844][9816 ][debug][gc,phases] GC(10)   Weak JFR Old Object Samples    Min:  0.0, Avg:  0.0, Max:  0.0, Diff:  0.0, Sum:  0.0, Workers: 8
[2025-05-20T20:52:58.824+0300][9844][9816 ][debug][gc,phases] GC(10)     Dead                           Min: 0, Avg:  0.0, Max: 0, Diff: 0, Sum: 0, Workers: 8
[2025-05-20T20:52:58.824+0300][9844][9816 ][debug][gc,phases] GC(10)     Total                          Min: 0, Avg:  0.0, Max: 0, Diff: 0, Sum: 0, Workers: 8
[2025-05-20T20:52:58.824+0300][9844][9816 ][debug][gc,phases] GC(10) Phase 1: Weak Processing 0.536ms
[2025-05-20T20:52:58.824+0300][9844][9816 ][debug][gc,phases] GC(10) ClassLoaderData 0.011ms
[2025-05-20T20:52:58.824+0300][9844][9816 ][debug][gc,phases] GC(10) Trigger cleanups 0.002ms
[2025-05-20T20:52:58.824+0300][9844][9816 ][debug][gc,phases] GC(10) G1 Complete Cleaning 1.082ms
[2025-05-20T20:52:58.824+0300][9844][9816 ][debug][gc,phases] GC(10) Purge Unlinked NMethods 0.459ms
[2025-05-20T20:52:58.826+0300][9844][9816 ][debug][gc,phases] GC(10) Unregister NMethods 0.272ms
[2025-05-20T20:52:58.826+0300][9844][9816 ][debug][gc,phases] GC(10) Free Code Blobs 0.113ms
[2025-05-20T20:52:58.826+0300][9844][9816 ][debug][gc,phases] GC(10) Purge Class Loader Data 0.034ms
[2025-05-20T20:52:58.826+0300][9844][9816 ][debug][gc,phases] GC(10) Phase 1: Class Unloading and Cleanup 2.143ms
[2025-05-20T20:52:58.826+0300][9844][9816 ][debug][gc,phases] GC(10) Report Object Count 0.002ms
[2025-05-20T20:52:58.826+0300][9844][9816 ][info ][gc,phases] GC(10) Phase 1: Mark live objects 4.228ms
[2025-05-20T20:52:58.826+0300][9844][9816 ][debug][gc,phases] GC(10) Phase 2: Determine work lists 0.048ms
[2025-05-20T20:52:58.826+0300][9844][9816 ][debug][gc,phases] GC(10) Phase 2: Prepare parallel compaction 1.335ms
[2025-05-20T20:52:58.826+0300][9844][9816 ][info ][gc,phases] GC(10) Phase 2: Prepare compaction 1.451ms
[2025-05-20T20:52:58.829+0300][9844][9816 ][info ][gc,phases] GC(10) Phase 3: Adjust pointers 3.006ms
[2025-05-20T20:52:58.833+0300][9844][9816 ][info ][gc,phases] GC(10) Phase 4: Compact heap 3.672ms
[2025-05-20T20:52:58.836+0300][9844][9816 ][info ][gc,phases] GC(10) Phase 5: Reset Metadata 2.061ms
[2025-05-20T20:52:58.851+0300][9844][9816 ][info ][gc,heap  ] GC(10) Eden regions: 130->0(921)
[2025-05-20T20:52:58.851+0300][9844][9816 ][info ][gc,heap  ] GC(10) Survivor regions: 1->0(116)
[2025-05-20T20:52:58.851+0300][9844][9816 ][info ][gc,heap  ] GC(10) Old regions: 9->8
[2025-05-20T20:52:58.851+0300][9844][9816 ][info ][gc,heap  ] GC(10) Humongous regions: 0->0
[2025-05-20T20:52:58.851+0300][9844][9816 ][debug][gc,heap  ] GC(10) Heap after GC invocations=11 (full 3):
[2025-05-20T20:52:58.851+0300][9844][9816 ][debug][gc,heap  ] GC(10)  garbage-first heap   total 12582912K, used 9905K [0x0000000500000000, 0x0000000800000000)
[2025-05-20T20:52:58.851+0300][9844][9816 ][debug][gc,heap  ] GC(10)   region size 8192K, 0 young (0K), 0 survivors (0K)
[2025-05-20T20:52:58.851+0300][9844][9816 ][debug][gc,heap  ] GC(10)  Metaspace       used 8729K, committed 9792K, reserved 1114112K
[2025-05-20T20:52:58.851+0300][9844][9816 ][debug][gc,heap  ] GC(10)   class space    used 874K, committed 1280K, reserved 1048576K
[2025-05-20T20:52:58.851+0300][9844][9816 ][info ][gc       ] GC(10) Pause Full (System.gc()) 1048M->9M(12288M) 31.450ms
[2025-05-20T20:52:58.851+0300][9844][9816 ][info ][safepoint] Safepoint "G1CollectFull", Time since last: 644209200 ns, Reaching safepoint: 46200 ns, Cleanup: 13700 ns, At safepoint: 31478200 ns, Total: 31538100 ns
[2025-05-20T20:52:59.866+0300][9844][9816 ][debug][safepoint] Safepoint synchronization initiated using striped semaphore wait barrier. (20 threads)
[2025-05-20T20:52:59.866+0300][9844][19736][debug][safepoint] ... found polling page loop exception at pc = 0x0000027a59c58760, stub =0x0000027a59655d80
[2025-05-20T20:52:59.866+0300][9844][16080][debug][safepoint] ... found polling page loop exception at pc = 0x0000027a59c58760, stub =0x0000027a59655d80
[2025-05-20T20:52:59.866+0300][9844][22468][debug][safepoint] ... found polling page loop exception at pc = 0x0000027a59c58760, stub =0x0000027a59655d80
[2025-05-20T20:52:59.866+0300][9844][7208 ][debug][safepoint] ... found polling page loop exception at pc = 0x0000027a59c58760, stub =0x0000027a59655d80
[2025-05-20T20:52:59.866+0300][9844][5184 ][debug][safepoint] ... found polling page loop exception at pc = 0x0000027a59d222a5, stub =0x0000027a59656600
[2025-05-20T20:52:59.866+0300][9844][18716][debug][safepoint] ... found polling page loop exception at pc = 0x0000027a59ce51d5, stub =0x0000027a59656600
[2025-05-20T20:52:59.866+0300][9844][7316 ][debug][safepoint] ... found polling page loop exception at pc = 0x0000027a59c58760, stub =0x0000027a59655d80
[2025-05-20T20:52:59.866+0300][9844][9816 ][info ][safepoint] Safepoint "Cleanup", Time since last: 1013219900 ns, Reaching safepoint: 409100 ns, Cleanup: 46400 ns, At safepoint: 25400 ns, Total: 480900 ns
[2025-05-20T20:53:00.867+0300][9844][9816 ][debug][safepoint] Safepoint synchronization initiated using striped semaphore wait barrier. (19 threads)
[2025-05-20T20:53:00.867+0300][9844][7316 ][debug][safepoint] ... found polling page loop exception at pc = 0x0000027a59c58760, stub =0x0000027a59655d80
[2025-05-20T20:53:00.867+0300][9844][19736][debug][safepoint] ... found polling page loop exception at pc = 0x0000027a59c55cc4, stub =0x0000027a59656600
[2025-05-20T20:53:00.867+0300][9844][16080][debug][safepoint] ... found polling page loop exception at pc = 0x0000027a59e77e8e, stub =0x0000027a59655d80
[2025-05-20T20:53:00.867+0300][9844][5184 ][debug][safepoint] ... found polling page loop exception at pc = 0x0000027a59c58760, stub =0x0000027a59655d80
[2025-05-20T20:53:00.867+0300][9844][18716][debug][safepoint] ... found polling page loop exception at pc = 0x0000027a59c58760, stub =0x0000027a59655d80
[2025-05-20T20:53:00.867+0300][9844][22468][debug][safepoint] ... found polling page loop exception at pc = 0x0000027a59cc6c52, stub =0x0000027a59656600
[2025-05-20T20:53:00.867+0300][9844][7208 ][debug][safepoint] ... found polling page loop exception at pc = 0x0000027a59c58760, stub =0x0000027a59655d80
[2025-05-20T20:53:00.867+0300][9844][9816 ][info ][safepoint] Safepoint "Cleanup", Time since last: 1000441600 ns, Reaching safepoint: 441700 ns, Cleanup: 19000 ns, At safepoint: 25000 ns, Total: 485700 ns
[2025-05-20T20:53:01.275+0300][9844][9816 ][debug][safepoint] Safepoint synchronization initiated using striped semaphore wait barrier. (19 threads)
[2025-05-20T20:53:01.275+0300][9844][7316 ][debug][safepoint] ... found polling page loop exception at pc = 0x0000027a59c797b3, stub =0x0000027a59656600
[2025-05-20T20:53:01.275+0300][9844][960  ][debug][safepoint] ... found polling page loop exception at pc = 0x0000027a59c58760, stub =0x0000027a59655d80
[2025-05-20T20:53:01.275+0300][9844][19736][debug][safepoint] ... found polling page loop exception at pc = 0x0000027a59c58760, stub =0x0000027a59655d80
[2025-05-20T20:53:01.275+0300][9844][18716][debug][safepoint] ... found polling page loop exception at pc = 0x0000027a59c58760, stub =0x0000027a59655d80
[2025-05-20T20:53:01.275+0300][9844][16080][debug][safepoint] ... found polling page loop exception at pc = 0x0000027a59e77e8e, stub =0x0000027a59655d80
[2025-05-20T20:53:01.275+0300][9844][22468][debug][safepoint] ... found polling page loop exception at pc = 0x0000027a59c58760, stub =0x0000027a59655d80
[2025-05-20T20:53:01.275+0300][9844][9816 ][debug][gc,heap  ] GC(11) Heap before GC invocations=11 (full 3):
[2025-05-20T20:53:01.275+0300][9844][9816 ][debug][gc,heap  ] GC(11)  garbage-first heap   total 12582912K, used 7546545K [0x0000000500000000, 0x0000000800000000)
[2025-05-20T20:53:01.275+0300][9844][9816 ][debug][gc,heap  ] GC(11)   region size 8192K, 921 young (7544832K), 0 survivors (0K)
[2025-05-20T20:53:01.275+0300][9844][9816 ][debug][gc,heap  ] GC(11)  Metaspace       used 8729K, committed 9792K, reserved 1114112K
[2025-05-20T20:53:01.275+0300][9844][9816 ][debug][gc,heap  ] GC(11)   class space    used 874K, committed 1280K, reserved 1048576K
[2025-05-20T20:53:01.279+0300][9844][9816 ][info ][gc,phases] GC(11)   Pre Evacuate Collection Set: 0.3ms
[2025-05-20T20:53:01.279+0300][9844][9816 ][debug][gc,phases] GC(11)     Pre Evacuate Prepare: 0.1ms
[2025-05-20T20:53:01.279+0300][9844][9816 ][debug][gc,phases] GC(11)       JT Retire TLABs And Flush Logs (ms): Min:  0.0, Avg:  0.0, Max:  0.0, Diff:  0.0, Sum:  0.0, Workers: 2
[2025-05-20T20:53:01.279+0300][9844][9816 ][debug][gc,phases] GC(11)       Non-JT Flush Logs (ms):        Min:  0.0, Avg:  0.0, Max:  0.0, Diff:  0.0, Sum:  0.0, Workers: 1
[2025-05-20T20:53:01.279+0300][9844][9816 ][debug][gc,phases] GC(11)     Choose Collection Set: 0.0ms
[2025-05-20T20:53:01.279+0300][9844][9816 ][debug][gc,phases] GC(11)     Region Register: 0.2ms
[2025-05-20T20:53:01.279+0300][9844][9816 ][debug][gc,phases] GC(11)     Prepare Heap Roots: 0.0ms
[2025-05-20T20:53:01.279+0300][9844][9816 ][info ][gc,phases] GC(11)   Merge Heap Roots: 0.2ms
[2025-05-20T20:53:01.279+0300][9844][9816 ][debug][gc,phases] GC(11)     Prepare Merge Heap Roots: 0.0ms
[2025-05-20T20:53:01.279+0300][9844][9816 ][debug][gc,phases] GC(11)     Remembered Sets (ms):          Min:  0.1, Avg:  0.1, Max:  0.1, Diff:  0.0, Sum:  0.8, Workers: 8
[2025-05-20T20:53:01.279+0300][9844][9816 ][debug][gc,phases] GC(11)       Eager Reclaim (ms):            skipped
[2025-05-20T20:53:01.279+0300][9844][9816 ][debug][gc,phases] GC(11)       Merged Inline                  Min: 0, Avg:  0.0, Max: 0, Diff: 0, Sum: 0, Workers: 8
[2025-05-20T20:53:01.279+0300][9844][9816 ][debug][gc,phases] GC(11)       Merged ArrayOfCards            Min: 0, Avg:  0.0, Max: 0, Diff: 0, Sum: 0, Workers: 8
[2025-05-20T20:53:01.279+0300][9844][9816 ][debug][gc,phases] GC(11)       Merged Howl                    Min: 0, Avg:  0.0, Max: 0, Diff: 0, Sum: 0, Workers: 8
[2025-05-20T20:53:01.279+0300][9844][9816 ][debug][gc,phases] GC(11)       Merged Full                    Min: 0, Avg:  0.0, Max: 0, Diff: 0, Sum: 0, Workers: 8
[2025-05-20T20:53:01.279+0300][9844][9816 ][debug][gc,phases] GC(11)       Merged Howl Inline             Min: 0, Avg:  0.0, Max: 0, Diff: 0, Sum: 0, Workers: 8
[2025-05-20T20:53:01.279+0300][9844][9816 ][debug][gc,phases] GC(11)       Merged Howl ArrayOfCards       Min: 0, Avg:  0.0, Max: 0, Diff: 0, Sum: 0, Workers: 8
[2025-05-20T20:53:01.279+0300][9844][9816 ][debug][gc,phases] GC(11)       Merged Howl BitMap             Min: 0, Avg:  0.0, Max: 0, Diff: 0, Sum: 0, Workers: 8
[2025-05-20T20:53:01.279+0300][9844][9816 ][debug][gc,phases] GC(11)       Merged Howl Full               Min: 0, Avg:  0.0, Max: 0, Diff: 0, Sum: 0, Workers: 8
[2025-05-20T20:53:01.279+0300][9844][9816 ][debug][gc,phases] GC(11)       Merged Cards                   Min: 8, Avg:  8.0, Max: 8, Diff: 0, Sum: 64, Workers: 8
[2025-05-20T20:53:01.279+0300][9844][9816 ][debug][gc,phases] GC(11)     Log Buffers (ms):              Min:  0.0, Avg:  0.0, Max:  0.0, Diff:  0.0, Sum:  0.0, Workers: 8
[2025-05-20T20:53:01.279+0300][9844][9816 ][debug][gc,phases] GC(11)       Dirty Cards:                   Min: 0, Avg:  1.5, Max: 9, Diff: 9, Sum: 12, Workers: 8
[2025-05-20T20:53:01.279+0300][9844][9816 ][debug][gc,phases] GC(11)       Skipped Cards:                 Min: 0, Avg:  0.0, Max: 0, Diff: 0, Sum: 0, Workers: 8
[2025-05-20T20:53:01.279+0300][9844][9816 ][info ][gc,phases] GC(11)   Evacuate Collection Set: 0.9ms
[2025-05-20T20:53:01.279+0300][9844][9816 ][debug][gc,phases] GC(11)     Ext Root Scanning (ms):        Min:  0.1, Avg:  0.1, Max:  0.1, Diff:  0.0, Sum:  0.6, Workers: 8
[2025-05-20T20:53:01.279+0300][9844][9816 ][debug][gc,phases] GC(11)     Scan Heap Roots (ms):          Min:  0.0, Avg:  0.0, Max:  0.0, Diff:  0.0, Sum:  0.1, Workers: 8
[2025-05-20T20:53:01.279+0300][9844][9816 ][debug][gc,phases] GC(11)       Scanned Cards:                 Min: 0, Avg:  1.5, Max: 4, Diff: 4, Sum: 12, Workers: 8
[2025-05-20T20:53:01.279+0300][9844][9816 ][debug][gc,phases] GC(11)       Scanned Blocks:                Min: 0, Avg:  1.5, Max: 4, Diff: 4, Sum: 12, Workers: 8
[2025-05-20T20:53:01.279+0300][9844][9816 ][debug][gc,phases] GC(11)       Claimed Chunks:                Min: 0, Avg:  1.1, Max: 4, Diff: 4, Sum: 9, Workers: 8
[2025-05-20T20:53:01.279+0300][9844][9816 ][debug][gc,phases] GC(11)       Found Roots:                   Min: 0, Avg:  1.2, Max: 5, Diff: 5, Sum: 10, Workers: 8
[2025-05-20T20:53:01.279+0300][9844][9816 ][debug][gc,phases] GC(11)     Code Root Scan (ms):           Min:  0.1, Avg:  0.1, Max:  0.1, Diff:  0.0, Sum:  0.7, Workers: 8
[2025-05-20T20:53:01.279+0300][9844][9816 ][debug][gc,phases] GC(11)       Scanned Nmethods               Min: 0, Avg:  0.0, Max: 0, Diff: 0, Sum: 0, Workers: 8
[2025-05-20T20:53:01.279+0300][9844][9816 ][debug][gc,phases] GC(11)     Object Copy (ms):              Min:  0.2, Avg:  0.3, Max:  0.6, Diff:  0.4, Sum:  2.7, Workers: 8
[2025-05-20T20:53:01.279+0300][9844][9816 ][debug][gc,phases] GC(11)     Termination (ms):              Min:  0.0, Avg:  0.3, Max:  0.4, Diff:  0.4, Sum:  2.3, Workers: 8
[2025-05-20T20:53:01.279+0300][9844][9816 ][debug][gc,phases] GC(11)       Termination Attempts:          Min: 1, Avg:  1.0, Max: 1, Diff: 0, Sum: 8, Workers: 8
[2025-05-20T20:53:01.279+0300][9844][9816 ][debug][gc,phases] GC(11)     GC Worker Other (ms):          Min:  0.1, Avg:  0.1, Max:  0.1, Diff:  0.0, Sum:  0.8, Workers: 8
[2025-05-20T20:53:01.279+0300][9844][9816 ][debug][gc,phases] GC(11)     GC Worker Total (ms):          Min:  0.9, Avg:  0.9, Max:  0.9, Diff:  0.0, Sum:  7.2, Workers: 8
[2025-05-20T20:53:01.279+0300][9844][9816 ][info ][gc,phases] GC(11)   Post Evacuate Collection Set: 1.7ms
[2025-05-20T20:53:01.279+0300][9844][9816 ][debug][gc,phases] GC(11)     NMethod List Cleanup: 0.0ms
[2025-05-20T20:53:01.279+0300][9844][9816 ][debug][gc,phases] GC(11)     Reference Processing: 0.2ms
[2025-05-20T20:53:01.279+0300][9844][9816 ][debug][gc,phases] GC(11)     Weak Processing: 0.1ms
[2025-05-20T20:53:01.279+0300][9844][9816 ][debug][gc,phases] GC(11)       VM Weak                        Min:  0.0, Avg:  0.0, Max:  0.0, Diff:  0.0, Sum:  0.0, Workers: 8
[2025-05-20T20:53:01.279+0300][9844][9816 ][debug][gc,phases] GC(11)         Dead                           Min: 0, Avg:  0.0, Max: 0, Diff: 0, Sum: 0, Workers: 8
[2025-05-20T20:53:01.279+0300][9844][9816 ][debug][gc,phases] GC(11)         Total                          Min: 0, Avg: 15.4, Max: 112, Diff: 112, Sum: 123, Workers: 8
[2025-05-20T20:53:01.279+0300][9844][9816 ][debug][gc,phases] GC(11)       ObjectSynchronizer Weak        Min:  0.0, Avg:  0.0, Max:  0.0, Diff:  0.0, Sum:  0.0, Workers: 8
[2025-05-20T20:53:01.279+0300][9844][9816 ][debug][gc,phases] GC(11)         Dead                           Min: 0, Avg:  0.0, Max: 0, Diff: 0, Sum: 0, Workers: 8
[2025-05-20T20:53:01.279+0300][9844][9816 ][debug][gc,phases] GC(11)         Total                          Min: 0, Avg: 17.6, Max: 77, Diff: 77, Sum: 141, Workers: 8
[2025-05-20T20:53:01.279+0300][9844][9816 ][debug][gc,phases] GC(11)       JVMTI Tag Weak OopStorage      Min:  0.0, Avg:  0.0, Max:  0.0, Diff:  0.0, Sum:  0.0, Workers: 8
[2025-05-20T20:53:01.279+0300][9844][9816 ][debug][gc,phases] GC(11)         Dead                           Min: 0, Avg:  0.0, Max: 0, Diff: 0, Sum: 0, Workers: 8
[2025-05-20T20:53:01.279+0300][9844][9816 ][debug][gc,phases] GC(11)         Total                          Min: 0, Avg:  0.0, Max: 0, Diff: 0, Sum: 0, Workers: 8
[2025-05-20T20:53:01.279+0300][9844][9816 ][debug][gc,phases] GC(11)       StringTable Weak               Min:  0.0, Avg:  0.0, Max:  0.0, Diff:  0.0, Sum:  0.1, Workers: 8
[2025-05-20T20:53:01.279+0300][9844][9816 ][debug][gc,phases] GC(11)         Dead                           Min: 0, Avg:  0.0, Max: 0, Diff: 0, Sum: 0, Workers: 8
[2025-05-20T20:53:01.279+0300][9844][9816 ][debug][gc,phases] GC(11)         Total                          Min: 640, Avg: 782.4, Max: 896, Diff: 256, Sum: 6259, Workers: 8
[2025-05-20T20:53:01.279+0300][9844][9816 ][debug][gc,phases] GC(11)       ResolvedMethodTable Weak       Min:  0.0, Avg:  0.0, Max:  0.0, Diff:  0.0, Sum:  0.0, Workers: 8
[2025-05-20T20:53:01.279+0300][9844][9816 ][debug][gc,phases] GC(11)         Dead                           Min: 0, Avg:  0.0, Max: 0, Diff: 0, Sum: 0, Workers: 8
[2025-05-20T20:53:01.279+0300][9844][9816 ][debug][gc,phases] GC(11)         Total                          Min: 0, Avg: 113.1, Max: 140, Diff: 140, Sum: 905, Workers: 8
[2025-05-20T20:53:01.279+0300][9844][9816 ][debug][gc,phases] GC(11)       JNI Weak                       Min:  0.0, Avg:  0.0, Max:  0.0, Diff:  0.0, Sum:  0.0, Workers: 8
[2025-05-20T20:53:01.279+0300][9844][9816 ][debug][gc,phases] GC(11)         Dead                           Min: 0, Avg:  0.0, Max: 0, Diff: 0, Sum: 0, Workers: 8
[2025-05-20T20:53:01.279+0300][9844][9816 ][debug][gc,phases] GC(11)         Total                          Min: 0, Avg:  0.0, Max: 0, Diff: 0, Sum: 0, Workers: 8
[2025-05-20T20:53:01.279+0300][9844][9816 ][debug][gc,phases] GC(11)       StringDedup Table Weak         Min:  0.0, Avg:  0.0, Max:  0.0, Diff:  0.0, Sum:  0.0, Workers: 8
[2025-05-20T20:53:01.279+0300][9844][9816 ][debug][gc,phases] GC(11)         Dead                           Min: 0, Avg:  0.0, Max: 0, Diff: 0, Sum: 0, Workers: 8
[2025-05-20T20:53:01.279+0300][9844][9816 ][debug][gc,phases] GC(11)         Total                          Min: 0, Avg:  0.0, Max: 0, Diff: 0, Sum: 0, Workers: 8
[2025-05-20T20:53:01.279+0300][9844][9816 ][debug][gc,phases] GC(11)       StringDedup Requests0 Weak     Min:  0.0, Avg:  0.0, Max:  0.0, Diff:  0.0, Sum:  0.0, Workers: 8
[2025-05-20T20:53:01.279+0300][9844][9816 ][debug][gc,phases] GC(11)         Dead                           Min: 0, Avg:  0.0, Max: 0, Diff: 0, Sum: 0, Workers: 8
[2025-05-20T20:53:01.279+0300][9844][9816 ][debug][gc,phases] GC(11)         Total                          Min: 0, Avg:  0.0, Max: 0, Diff: 0, Sum: 0, Workers: 8
[2025-05-20T20:53:01.279+0300][9844][9816 ][debug][gc,phases] GC(11)       StringDedup Requests1 Weak     Min:  0.0, Avg:  0.0, Max:  0.0, Diff:  0.0, Sum:  0.0, Workers: 8
[2025-05-20T20:53:01.279+0300][9844][9816 ][debug][gc,phases] GC(11)         Dead                           Min: 0, Avg:  0.0, Max: 0, Diff: 0, Sum: 0, Workers: 8
[2025-05-20T20:53:01.279+0300][9844][9816 ][debug][gc,phases] GC(11)         Total                          Min: 0, Avg:  0.0, Max: 0, Diff: 0, Sum: 0, Workers: 8
[2025-05-20T20:53:01.279+0300][9844][9816 ][debug][gc,phases] GC(11)       Weak JFR Old Object Samples    Min:  0.0, Avg:  0.0, Max:  0.0, Diff:  0.0, Sum:  0.0, Workers: 8
[2025-05-20T20:53:01.279+0300][9844][9816 ][debug][gc,phases] GC(11)         Dead                           Min: 0, Avg:  0.0, Max: 0, Diff: 0, Sum: 0, Workers: 8
[2025-05-20T20:53:01.279+0300][9844][9816 ][debug][gc,phases] GC(11)         Total                          Min: 0, Avg:  0.0, Max: 0, Diff: 0, Sum: 0, Workers: 8
[2025-05-20T20:53:01.279+0300][9844][9816 ][debug][gc,phases] GC(11)     Post Evacuate Cleanup 1: 1.0ms
[2025-05-20T20:53:01.279+0300][9844][9816 ][debug][gc,phases] GC(11)       Merge Per-Thread State (ms):   Min:  0.1, Avg:  0.1, Max:  0.1, Diff:  0.0, Sum:  0.1, Workers: 1
[2025-05-20T20:53:01.279+0300][9844][9816 ][debug][gc,phases] GC(11)         Copied Bytes                   Min: 66992, Avg: 881054.0, Max: 2202112, Diff: 2135120, Sum: 7048432, Workers: 8
[2025-05-20T20:53:01.279+0300][9844][9816 ][debug][gc,phases] GC(11)         LAB Waste                      Min: 0, Avg: 213.0, Max: 416, Diff: 416, Sum: 1704, Workers: 8
[2025-05-20T20:53:01.279+0300][9844][9816 ][debug][gc,phases] GC(11)         LAB Undo Waste                 Min: 0, Avg:  0.0, Max: 0, Diff: 0, Sum: 0, Workers: 8
[2025-05-20T20:53:01.279+0300][9844][9816 ][debug][gc,phases] GC(11)       Clear Logged Cards (ms):       Min:  0.5, Avg:  0.8, Max:  0.9, Diff:  0.5, Sum:  6.4, Workers: 8
[2025-05-20T20:53:01.279+0300][9844][9816 ][debug][gc,phases] GC(11)       Recalculate Used Memory (ms):  Min:  0.0, Avg:  0.0, Max:  0.0, Diff:  0.0, Sum:  0.0, Workers: 1
[2025-05-20T20:53:01.279+0300][9844][9816 ][debug][gc,phases] GC(11)     Post Evacuate Cleanup 2: 0.3ms
[2025-05-20T20:53:01.279+0300][9844][9816 ][debug][gc,phases] GC(11)       Update Derived Pointers (ms):  Min:  0.0, Avg:  0.0, Max:  0.0, Diff:  0.0, Sum:  0.0, Workers: 1
[2025-05-20T20:53:01.279+0300][9844][9816 ][debug][gc,phases] GC(11)       Eagerly Reclaim Humongous Objects (ms): skipped
[2025-05-20T20:53:01.279+0300][9844][9816 ][debug][gc,phases] GC(11)         Humongous Total                skipped
[2025-05-20T20:53:01.279+0300][9844][9816 ][debug][gc,phases] GC(11)         Humongous Candidates           skipped
[2025-05-20T20:53:01.279+0300][9844][9816 ][debug][gc,phases] GC(11)         Humongous Reclaimed            skipped
[2025-05-20T20:53:01.279+0300][9844][9816 ][debug][gc,phases] GC(11)       Redirty Logged Cards (ms):     Min:  0.0, Avg:  0.0, Max:  0.0, Diff:  0.0, Sum:  0.0, Workers: 8
[2025-05-20T20:53:01.279+0300][9844][9816 ][debug][gc,phases] GC(11)         Redirtied Cards:               Min: 0, Avg:  1.1, Max: 9, Diff: 9, Sum: 9, Workers: 8
[2025-05-20T20:53:01.279+0300][9844][9816 ][debug][gc,phases] GC(11)       Resize TLABs (ms):             Min:  0.0, Avg:  0.0, Max:  0.0, Diff:  0.0, Sum:  0.0, Workers: 8
[2025-05-20T20:53:01.279+0300][9844][9816 ][debug][gc,phases] GC(11)       Free Collection Set (ms):      Min:  0.2, Avg:  0.2, Max:  0.2, Diff:  0.0, Sum:  1.8, Workers: 8
[2025-05-20T20:53:01.279+0300][9844][9816 ][debug][gc,phases] GC(11)     Rebuild Free List: 0.1ms
[2025-05-20T20:53:01.279+0300][9844][9816 ][debug][gc,phases] GC(11)     Prepare For Mutator: 0.0ms
[2025-05-20T20:53:01.279+0300][9844][9816 ][debug][gc,phases] GC(11)     Expand Heap After Collection: 0.0ms
[2025-05-20T20:53:01.279+0300][9844][9816 ][info ][gc,phases] GC(11)   Other: 0.1ms
[2025-05-20T20:53:01.279+0300][9844][9816 ][info ][gc,heap  ] GC(11) Eden regions: 921->0(920)
[2025-05-20T20:53:01.282+0300][9844][9816 ][info ][gc,heap  ] GC(11) Survivor regions: 0->1(116)
[2025-05-20T20:53:01.282+0300][9844][9816 ][info ][gc,heap  ] GC(11) Old regions: 8->8
[2025-05-20T20:53:01.282+0300][9844][9816 ][info ][gc,heap  ] GC(11) Humongous regions: 0->0
[2025-05-20T20:53:01.282+0300][9844][9816 ][debug][gc,heap  ] GC(11) Heap after GC invocations=12 (full 3):
[2025-05-20T20:53:01.282+0300][9844][9816 ][debug][gc,heap  ] GC(11)  garbage-first heap   total 12582912K, used 16808K [0x0000000500000000, 0x0000000800000000)
[2025-05-20T20:53:01.282+0300][9844][9816 ][debug][gc,heap  ] GC(11)   region size 8192K, 1 young (8192K), 1 survivors (8192K)
[2025-05-20T20:53:01.282+0300][9844][9816 ][debug][gc,heap  ] GC(11)  Metaspace       used 8729K, committed 9792K, reserved 1114112K
[2025-05-20T20:53:01.282+0300][9844][9816 ][debug][gc,heap  ] GC(11)   class space    used 874K, committed 1280K, reserved 1048576K
[2025-05-20T20:53:01.282+0300][9844][9816 ][info ][gc       ] GC(11) Pause Young (Normal) (G1 Evacuation Pause) 7377M->16M(12288M) 5.278ms
[2025-05-20T20:53:01.282+0300][9844][9816 ][info ][safepoint] Safepoint "G1CollectForAllocation", Time since last: 408979200 ns, Reaching safepoint: 433300 ns, Cleanup: 7700 ns, At safepoint: 5341900 ns, Total: 5782900 ns
[2025-05-20T20:53:03.304+0300][9844][9816 ][debug][safepoint] Safepoint synchronization initiated using striped semaphore wait barrier. (19 threads)
[2025-05-20T20:53:03.304+0300][9844][16080][debug][safepoint] ... found polling page loop exception at pc = 0x0000027a59cfa020, stub =0x0000027a59655d80
[2025-05-20T20:53:03.304+0300][9844][7208 ][debug][safepoint] ... found polling page loop exception at pc = 0x0000027a59c58760, stub =0x0000027a59655d80
[2025-05-20T20:53:03.304+0300][9844][22468][debug][safepoint] ... found polling page loop exception at pc = 0x0000027a59ca5dfa, stub =0x0000027a59656600
[2025-05-20T20:53:03.304+0300][9844][19736][debug][safepoint] ... found polling page loop exception at pc = 0x0000027a59c58760, stub =0x0000027a59655d80
[2025-05-20T20:53:03.304+0300][9844][960  ][debug][safepoint] ... found polling page loop exception at pc = 0x0000027a59c69322, stub =0x0000027a59656600
[2025-05-20T20:53:03.304+0300][9844][9816 ][info ][safepoint] Safepoint "Cleanup", Time since last: 2021334900 ns, Reaching safepoint: 390600 ns, Cleanup: 20100 ns, At safepoint: 22400 ns, Total: 433100 ns
[2025-05-20T20:53:03.797+0300][9844][9816 ][debug][safepoint] Safepoint synchronization initiated using striped semaphore wait barrier. (19 threads)
[2025-05-20T20:53:03.797+0300][9844][22468][debug][safepoint] ... found polling page loop exception at pc = 0x0000027a59c69322, stub =0x0000027a59656600
[2025-05-20T20:53:03.797+0300][9844][18716][debug][safepoint] ... found polling page loop exception at pc = 0x0000027a59c58760, stub =0x0000027a59655d80
[2025-05-20T20:53:03.797+0300][9844][16080][debug][safepoint] ... found polling page loop exception at pc = 0x0000027a59c58760, stub =0x0000027a59655d80
[2025-05-20T20:53:03.797+0300][9844][7208 ][debug][safepoint] ... found polling page loop exception at pc = 0x0000027a59e7e1ac, stub =0x0000027a59655d80
[2025-05-20T20:53:03.797+0300][9844][19736][debug][safepoint] ... found polling page loop exception at pc = 0x0000027a59c58760, stub =0x0000027a59655d80
[2025-05-20T20:53:03.797+0300][9844][9816 ][debug][gc,heap  ] GC(12) Heap before GC invocations=12 (full 3):
[2025-05-20T20:53:03.797+0300][9844][9816 ][debug][gc,heap  ] GC(12)  garbage-first heap   total 12582912K, used 7553448K [0x0000000500000000, 0x0000000800000000)
[2025-05-20T20:53:03.797+0300][9844][9816 ][debug][gc,heap  ] GC(12)   region size 8192K, 921 young (7544832K), 1 survivors (8192K)
[2025-05-20T20:53:03.797+0300][9844][9816 ][debug][gc,heap  ] GC(12)  Metaspace       used 8729K, committed 9792K, reserved 1114112K
[2025-05-20T20:53:03.797+0300][9844][9816 ][debug][gc,heap  ] GC(12)   class space    used 874K, committed 1280K, reserved 1048576K
[2025-05-20T20:53:03.797+0300][9844][9816 ][info ][gc,phases] GC(12)   Pre Evacuate Collection Set: 0.2ms
[2025-05-20T20:53:03.797+0300][9844][9816 ][debug][gc,phases] GC(12)     Pre Evacuate Prepare: 0.0ms
[2025-05-20T20:53:03.797+0300][9844][9816 ][debug][gc,phases] GC(12)       JT Retire TLABs And Flush Logs (ms): Min:  0.0, Avg:  0.0, Max:  0.0, Diff:  0.0, Sum:  0.0, Workers: 2
[2025-05-20T20:53:03.797+0300][9844][9816 ][debug][gc,phases] GC(12)       Non-JT Flush Logs (ms):        Min:  0.0, Avg:  0.0, Max:  0.0, Diff:  0.0, Sum:  0.0, Workers: 1
[2025-05-20T20:53:03.797+0300][9844][9816 ][debug][gc,phases] GC(12)     Choose Collection Set: 0.0ms
[2025-05-20T20:53:03.797+0300][9844][9816 ][debug][gc,phases] GC(12)     Region Register: 0.2ms
[2025-05-20T20:53:03.797+0300][9844][9816 ][debug][gc,phases] GC(12)     Prepare Heap Roots: 0.0ms
[2025-05-20T20:53:03.797+0300][9844][9816 ][info ][gc,phases] GC(12)   Merge Heap Roots: 0.1ms
[2025-05-20T20:53:03.797+0300][9844][9816 ][debug][gc,phases] GC(12)     Prepare Merge Heap Roots: 0.0ms
[2025-05-20T20:53:03.797+0300][9844][9816 ][debug][gc,phases] GC(12)     Remembered Sets (ms):          Min:  0.1, Avg:  0.1, Max:  0.1, Diff:  0.0, Sum:  0.7, Workers: 8
[2025-05-20T20:53:03.797+0300][9844][9816 ][debug][gc,phases] GC(12)       Eager Reclaim (ms):            skipped
[2025-05-20T20:53:03.797+0300][9844][9816 ][debug][gc,phases] GC(12)       Merged Inline                  Min: 0, Avg:  0.0, Max: 0, Diff: 0, Sum: 0, Workers: 8
[2025-05-20T20:53:03.797+0300][9844][9816 ][debug][gc,phases] GC(12)       Merged ArrayOfCards            Min: 0, Avg:  0.0, Max: 0, Diff: 0, Sum: 0, Workers: 8
[2025-05-20T20:53:03.797+0300][9844][9816 ][debug][gc,phases] GC(12)       Merged Howl                    Min: 0, Avg:  0.0, Max: 0, Diff: 0, Sum: 0, Workers: 8
[2025-05-20T20:53:03.797+0300][9844][9816 ][debug][gc,phases] GC(12)       Merged Full                    Min: 0, Avg:  0.0, Max: 0, Diff: 0, Sum: 0, Workers: 8
[2025-05-20T20:53:03.802+0300][9844][9816 ][debug][gc,phases] GC(12)       Merged Howl Inline             Min: 0, Avg:  0.0, Max: 0, Diff: 0, Sum: 0, Workers: 8
[2025-05-20T20:53:03.802+0300][9844][9816 ][debug][gc,phases] GC(12)       Merged Howl ArrayOfCards       Min: 0, Avg:  0.0, Max: 0, Diff: 0, Sum: 0, Workers: 8
[2025-05-20T20:53:03.802+0300][9844][9816 ][debug][gc,phases] GC(12)       Merged Howl BitMap             Min: 0, Avg:  0.0, Max: 0, Diff: 0, Sum: 0, Workers: 8
[2025-05-20T20:53:03.802+0300][9844][9816 ][debug][gc,phases] GC(12)       Merged Howl Full               Min: 0, Avg:  0.0, Max: 0, Diff: 0, Sum: 0, Workers: 8
[2025-05-20T20:53:03.802+0300][9844][9816 ][debug][gc,phases] GC(12)       Merged Cards                   Min: 8, Avg:  8.0, Max: 8, Diff: 0, Sum: 64, Workers: 8
[2025-05-20T20:53:03.802+0300][9844][9816 ][debug][gc,phases] GC(12)     Log Buffers (ms):              Min:  0.0, Avg:  0.0, Max:  0.0, Diff:  0.0, Sum:  0.0, Workers: 8
[2025-05-20T20:53:03.802+0300][9844][9816 ][debug][gc,phases] GC(12)       Dirty Cards:                   Min: 0, Avg:  1.8, Max: 7, Diff: 7, Sum: 14, Workers: 8
[2025-05-20T20:53:03.802+0300][9844][9816 ][debug][gc,phases] GC(12)       Skipped Cards:                 Min: 0, Avg:  0.0, Max: 0, Diff: 0, Sum: 0, Workers: 8
[2025-05-20T20:53:03.802+0300][9844][9816 ][info ][gc,phases] GC(12)   Evacuate Collection Set: 0.8ms
[2025-05-20T20:53:03.802+0300][9844][9816 ][debug][gc,phases] GC(12)     Ext Root Scanning (ms):        Min:  0.0, Avg:  0.1, Max:  0.1, Diff:  0.0, Sum:  0.5, Workers: 8
[2025-05-20T20:53:03.802+0300][9844][9816 ][debug][gc,phases] GC(12)     Scan Heap Roots (ms):          Min:  0.0, Avg:  0.0, Max:  0.0, Diff:  0.0, Sum:  0.1, Workers: 8
[2025-05-20T20:53:03.802+0300][9844][9816 ][debug][gc,phases] GC(12)       Scanned Cards:                 Min: 0, Avg:  1.5, Max: 3, Diff: 3, Sum: 12, Workers: 8
[2025-05-20T20:53:03.802+0300][9844][9816 ][debug][gc,phases] GC(12)       Scanned Blocks:                Min: 0, Avg:  1.5, Max: 3, Diff: 3, Sum: 12, Workers: 8
[2025-05-20T20:53:03.802+0300][9844][9816 ][debug][gc,phases] GC(12)       Claimed Chunks:                Min: 0, Avg:  1.0, Max: 3, Diff: 3, Sum: 8, Workers: 8
[2025-05-20T20:53:03.802+0300][9844][9816 ][debug][gc,phases] GC(12)       Found Roots:                   Min: 0, Avg:  1.6, Max: 5, Diff: 5, Sum: 13, Workers: 8
[2025-05-20T20:53:03.802+0300][9844][9816 ][debug][gc,phases] GC(12)     Code Root Scan (ms):           Min:  0.1, Avg:  0.1, Max:  0.1, Diff:  0.0, Sum:  0.6, Workers: 8
[2025-05-20T20:53:03.802+0300][9844][9816 ][debug][gc,phases] GC(12)       Scanned Nmethods               Min: 0, Avg:  0.0, Max: 0, Diff: 0, Sum: 0, Workers: 8
[2025-05-20T20:53:03.802+0300][9844][9816 ][debug][gc,phases] GC(12)     Object Copy (ms):              Min:  0.2, Avg:  0.3, Max:  0.5, Diff:  0.3, Sum:  2.4, Workers: 8
[2025-05-20T20:53:03.802+0300][9844][9816 ][debug][gc,phases] GC(12)     Termination (ms):              Min:  0.0, Avg:  0.3, Max:  0.4, Diff:  0.3, Sum:  2.2, Workers: 8
[2025-05-20T20:53:03.802+0300][9844][9816 ][debug][gc,phases] GC(12)       Termination Attempts:          Min: 1, Avg:  1.0, Max: 1, Diff: 0, Sum: 8, Workers: 8
[2025-05-20T20:53:03.802+0300][9844][9816 ][debug][gc,phases] GC(12)     GC Worker Other (ms):          Min:  0.1, Avg:  0.1, Max:  0.1, Diff:  0.0, Sum:  0.6, Workers: 8
[2025-05-20T20:53:03.802+0300][9844][9816 ][debug][gc,phases] GC(12)     GC Worker Total (ms):          Min:  0.8, Avg:  0.8, Max:  0.8, Diff:  0.0, Sum:  6.4, Workers: 8
[2025-05-20T20:53:03.802+0300][9844][9816 ][info ][gc,phases] GC(12)   Post Evacuate Collection Set: 1.6ms
[2025-05-20T20:53:03.802+0300][9844][9816 ][debug][gc,phases] GC(12)     NMethod List Cleanup: 0.0ms
[2025-05-20T20:53:03.802+0300][9844][9816 ][debug][gc,phases] GC(12)     Reference Processing: 0.2ms
[2025-05-20T20:53:03.802+0300][9844][9816 ][debug][gc,phases] GC(12)     Weak Processing: 0.0ms
[2025-05-20T20:53:03.802+0300][9844][9816 ][debug][gc,phases] GC(12)       VM Weak                        Min:  0.0, Avg:  0.0, Max:  0.0, Diff:  0.0, Sum:  0.0, Workers: 8
[2025-05-20T20:53:03.802+0300][9844][9816 ][debug][gc,phases] GC(12)         Dead                           Min: 0, Avg:  0.0, Max: 0, Diff: 0, Sum: 0, Workers: 8
[2025-05-20T20:53:03.802+0300][9844][9816 ][debug][gc,phases] GC(12)         Total                          Min: 0, Avg: 15.4, Max: 83, Diff: 83, Sum: 123, Workers: 8
[2025-05-20T20:53:03.802+0300][9844][9816 ][debug][gc,phases] GC(12)       ObjectSynchronizer Weak        Min:  0.0, Avg:  0.0, Max:  0.0, Diff:  0.0, Sum:  0.0, Workers: 8
[2025-05-20T20:53:03.802+0300][9844][9816 ][debug][gc,phases] GC(12)         Dead                           Min: 0, Avg:  0.0, Max: 0, Diff: 0, Sum: 0, Workers: 8
[2025-05-20T20:53:03.802+0300][9844][9816 ][debug][gc,phases] GC(12)         Total                          Min: 0, Avg: 17.6, Max: 64, Diff: 64, Sum: 141, Workers: 8
[2025-05-20T20:53:03.802+0300][9844][9816 ][debug][gc,phases] GC(12)       JVMTI Tag Weak OopStorage      Min:  0.0, Avg:  0.0, Max:  0.0, Diff:  0.0, Sum:  0.0, Workers: 8
[2025-05-20T20:53:03.802+0300][9844][9816 ][debug][gc,phases] GC(12)         Dead                           Min: 0, Avg:  0.0, Max: 0, Diff: 0, Sum: 0, Workers: 8
[2025-05-20T20:53:03.802+0300][9844][9816 ][debug][gc,phases] GC(12)         Total                          Min: 0, Avg:  0.0, Max: 0, Diff: 0, Sum: 0, Workers: 8
[2025-05-20T20:53:03.802+0300][9844][9816 ][debug][gc,phases] GC(12)       StringTable Weak               Min:  0.0, Avg:  0.0, Max:  0.0, Diff:  0.0, Sum:  0.1, Workers: 8
[2025-05-20T20:53:03.802+0300][9844][9816 ][debug][gc,phases] GC(12)         Dead                           Min: 0, Avg:  0.0, Max: 0, Diff: 0, Sum: 0, Workers: 8
[2025-05-20T20:53:03.802+0300][9844][9816 ][debug][gc,phases] GC(12)         Total                          Min: 576, Avg: 782.8, Max: 1024, Diff: 448, Sum: 6262, Workers: 8
[2025-05-20T20:53:03.802+0300][9844][9816 ][debug][gc,phases] GC(12)       ResolvedMethodTable Weak       Min:  0.0, Avg:  0.0, Max:  0.0, Diff:  0.0, Sum:  0.0, Workers: 8
[2025-05-20T20:53:03.802+0300][9844][9816 ][debug][gc,phases] GC(12)         Dead                           Min: 0, Avg:  0.0, Max: 0, Diff: 0, Sum: 0, Workers: 8
[2025-05-20T20:53:03.802+0300][9844][9816 ][debug][gc,phases] GC(12)         Total                          Min: 62, Avg: 113.1, Max: 139, Diff: 77, Sum: 905, Workers: 8
[2025-05-20T20:53:03.802+0300][9844][9816 ][debug][gc,phases] GC(12)       JNI Weak                       Min:  0.0, Avg:  0.0, Max:  0.0, Diff:  0.0, Sum:  0.0, Workers: 8
[2025-05-20T20:53:03.802+0300][9844][9816 ][debug][gc,phases] GC(12)         Dead                           Min: 0, Avg:  0.0, Max: 0, Diff: 0, Sum: 0, Workers: 8
[2025-05-20T20:53:03.802+0300][9844][9816 ][debug][gc,phases] GC(12)         Total                          Min: 0, Avg:  0.0, Max: 0, Diff: 0, Sum: 0, Workers: 8
[2025-05-20T20:53:03.802+0300][9844][9816 ][debug][gc,phases] GC(12)       StringDedup Table Weak         Min:  0.0, Avg:  0.0, Max:  0.0, Diff:  0.0, Sum:  0.0, Workers: 8
[2025-05-20T20:53:03.802+0300][9844][9816 ][debug][gc,phases] GC(12)         Dead                           Min: 0, Avg:  0.0, Max: 0, Diff: 0, Sum: 0, Workers: 8
[2025-05-20T20:53:03.802+0300][9844][9816 ][debug][gc,phases] GC(12)         Total                          Min: 0, Avg:  0.0, Max: 0, Diff: 0, Sum: 0, Workers: 8
[2025-05-20T20:53:03.802+0300][9844][9816 ][debug][gc,phases] GC(12)       StringDedup Requests0 Weak     Min:  0.0, Avg:  0.0, Max:  0.0, Diff:  0.0, Sum:  0.0, Workers: 8
[2025-05-20T20:53:03.802+0300][9844][9816 ][debug][gc,phases] GC(12)         Dead                           Min: 0, Avg:  0.0, Max: 0, Diff: 0, Sum: 0, Workers: 8
[2025-05-20T20:53:03.802+0300][9844][9816 ][debug][gc,phases] GC(12)         Total                          Min: 0, Avg:  0.0, Max: 0, Diff: 0, Sum: 0, Workers: 8
[2025-05-20T20:53:03.802+0300][9844][9816 ][debug][gc,phases] GC(12)       StringDedup Requests1 Weak     Min:  0.0, Avg:  0.0, Max:  0.0, Diff:  0.0, Sum:  0.0, Workers: 8
[2025-05-20T20:53:03.802+0300][9844][9816 ][debug][gc,phases] GC(12)         Dead                           Min: 0, Avg:  0.0, Max: 0, Diff: 0, Sum: 0, Workers: 8
[2025-05-20T20:53:03.802+0300][9844][9816 ][debug][gc,phases] GC(12)         Total                          Min: 0, Avg:  0.0, Max: 0, Diff: 0, Sum: 0, Workers: 8
[2025-05-20T20:53:03.802+0300][9844][9816 ][debug][gc,phases] GC(12)       Weak JFR Old Object Samples    Min:  0.0, Avg:  0.0, Max:  0.0, Diff:  0.0, Sum:  0.0, Workers: 8
[2025-05-20T20:53:03.802+0300][9844][9816 ][debug][gc,phases] GC(12)         Dead                           Min: 0, Avg:  0.0, Max: 0, Diff: 0, Sum: 0, Workers: 8
[2025-05-20T20:53:03.802+0300][9844][9816 ][debug][gc,phases] GC(12)         Total                          Min: 0, Avg:  0.0, Max: 0, Diff: 0, Sum: 0, Workers: 8
[2025-05-20T20:53:03.802+0300][9844][9816 ][debug][gc,phases] GC(12)     Post Evacuate Cleanup 1: 1.0ms
[2025-05-20T20:53:03.802+0300][9844][9816 ][debug][gc,phases] GC(12)       Merge Per-Thread State (ms):   Min:  0.1, Avg:  0.1, Max:  0.1, Diff:  0.0, Sum:  0.1, Workers: 1
[2025-05-20T20:53:03.802+0300][9844][9816 ][debug][gc,phases] GC(12)         Copied Bytes                   Min: 90832, Avg: 880570.0, Max: 2259584, Diff: 2168752, Sum: 7044560, Workers: 8
[2025-05-20T20:53:03.802+0300][9844][9816 ][debug][gc,phases] GC(12)         LAB Waste                      Min: 0, Avg: 109.0, Max: 264, Diff: 264, Sum: 872, Workers: 8
[2025-05-20T20:53:03.802+0300][9844][9816 ][debug][gc,phases] GC(12)         LAB Undo Waste                 Min: 0, Avg:  0.0, Max: 0, Diff: 0, Sum: 0, Workers: 8
[2025-05-20T20:53:03.802+0300][9844][9816 ][debug][gc,phases] GC(12)       Clear Logged Cards (ms):       Min:  0.0, Avg:  0.8, Max:  0.9, Diff:  0.9, Sum:  6.2, Workers: 8
[2025-05-20T20:53:03.802+0300][9844][9816 ][debug][gc,phases] GC(12)       Recalculate Used Memory (ms):  Min:  0.0, Avg:  0.0, Max:  0.0, Diff:  0.0, Sum:  0.0, Workers: 1
[2025-05-20T20:53:03.802+0300][9844][9816 ][debug][gc,phases] GC(12)     Post Evacuate Cleanup 2: 0.3ms
[2025-05-20T20:53:03.802+0300][9844][9816 ][debug][gc,phases] GC(12)       Update Derived Pointers (ms):  Min:  0.0, Avg:  0.0, Max:  0.0, Diff:  0.0, Sum:  0.0, Workers: 1
[2025-05-20T20:53:03.802+0300][9844][9816 ][debug][gc,phases] GC(12)       Eagerly Reclaim Humongous Objects (ms): skipped
[2025-05-20T20:53:03.802+0300][9844][9816 ][debug][gc,phases] GC(12)         Humongous Total                skipped
[2025-05-20T20:53:03.802+0300][9844][9816 ][debug][gc,phases] GC(12)         Humongous Candidates           skipped
[2025-05-20T20:53:03.802+0300][9844][9816 ][debug][gc,phases] GC(12)         Humongous Reclaimed            skipped
[2025-05-20T20:53:03.802+0300][9844][9816 ][debug][gc,phases] GC(12)       Redirty Logged Cards (ms):     Min:  0.0, Avg:  0.0, Max:  0.0, Diff:  0.0, Sum:  0.0, Workers: 8
[2025-05-20T20:53:03.802+0300][9844][9816 ][debug][gc,phases] GC(12)         Redirtied Cards:               Min: 0, Avg:  1.4, Max: 11, Diff: 11, Sum: 11, Workers: 8
[2025-05-20T20:53:03.802+0300][9844][9816 ][debug][gc,phases] GC(12)       Resize TLABs (ms):             Min:  0.0, Avg:  0.0, Max:  0.0, Diff:  0.0, Sum:  0.0, Workers: 8
[2025-05-20T20:53:03.802+0300][9844][9816 ][debug][gc,phases] GC(12)       Free Collection Set (ms):      Min:  0.0, Avg:  0.2, Max:  0.2, Diff:  0.2, Sum:  1.6, Workers: 8
[2025-05-20T20:53:03.802+0300][9844][9816 ][debug][gc,phases] GC(12)     Rebuild Free List: 0.1ms
[2025-05-20T20:53:03.802+0300][9844][9816 ][debug][gc,phases] GC(12)     Prepare For Mutator: 0.0ms
[2025-05-20T20:53:03.802+0300][9844][9816 ][debug][gc,phases] GC(12)     Expand Heap After Collection: 0.0ms
[2025-05-20T20:53:03.802+0300][9844][9816 ][info ][gc,phases] GC(12)   Other: 0.1ms
[2025-05-20T20:53:03.802+0300][9844][9816 ][info ][gc,heap  ] GC(12) Eden regions: 920->0(920)
[2025-05-20T20:53:03.802+0300][9844][9816 ][info ][gc,heap  ] GC(12) Survivor regions: 1->1(116)
[2025-05-20T20:53:03.802+0300][9844][9816 ][info ][gc,heap  ] GC(12) Old regions: 8->8
[2025-05-20T20:53:03.802+0300][9844][9816 ][info ][gc,heap  ] GC(12) Humongous regions: 0->0
[2025-05-20T20:53:03.802+0300][9844][9816 ][debug][gc,heap  ] GC(12) Heap after GC invocations=13 (full 3):
[2025-05-20T20:53:03.802+0300][9844][9816 ][debug][gc,heap  ] GC(12)  garbage-first heap   total 12582912K, used 16799K [0x0000000500000000, 0x0000000800000000)
[2025-05-20T20:53:03.802+0300][9844][9816 ][debug][gc,heap  ] GC(12)   region size 8192K, 1 young (8192K), 1 survivors (8192K)
[2025-05-20T20:53:03.802+0300][9844][9816 ][debug][gc,heap  ] GC(12)  Metaspace       used 8729K, committed 9792K, reserved 1114112K
[2025-05-20T20:53:03.802+0300][9844][9816 ][debug][gc,heap  ] GC(12)   class space    used 874K, committed 1280K, reserved 1048576K
[2025-05-20T20:53:03.802+0300][9844][9816 ][info ][gc       ] GC(12) Pause Young (Normal) (G1 Evacuation Pause) 7376M->16M(12288M) 4.721ms
[2025-05-20T20:53:03.802+0300][9844][9816 ][info ][safepoint] Safepoint "G1CollectForAllocation", Time since last: 493349500 ns, Reaching safepoint: 422900 ns, Cleanup: 6200 ns, At safepoint: 4786800 ns, Total: 5215900 ns
[2025-05-20T20:53:04.805+0300][9844][9816 ][debug][safepoint] Safepoint synchronization initiated using striped semaphore wait barrier. (19 threads)
[2025-05-20T20:53:04.805+0300][9844][7316 ][debug][safepoint] ... found polling page loop exception at pc = 0x0000027a59c58760, stub =0x0000027a59655d80
[2025-05-20T20:53:04.805+0300][9844][7208 ][debug][safepoint] ... found polling page loop exception at pc = 0x0000027a59e7ea7d, stub =0x0000027a59655d80
[2025-05-20T20:53:04.805+0300][9844][16080][debug][safepoint] ... found polling page loop exception at pc = 0x0000027a59c58760, stub =0x0000027a59655d80
[2025-05-20T20:53:04.805+0300][9844][22468][debug][safepoint] ... found polling page loop exception at pc = 0x0000027a59c58760, stub =0x0000027a59655d80
[2025-05-20T20:53:04.805+0300][9844][9816 ][info ][safepoint] Safepoint "Cleanup", Time since last: 1002015800 ns, Reaching safepoint: 326600 ns, Cleanup: 24800 ns, At safepoint: 22900 ns, Total: 374300 ns
[2025-05-20T20:53:06.154+0300][9844][9816 ][debug][safepoint] Safepoint synchronization initiated using striped semaphore wait barrier. (19 threads)
[2025-05-20T20:53:06.154+0300][9844][7316 ][debug][safepoint] ... found polling page loop exception at pc = 0x0000027a59c58760, stub =0x0000027a59655d80
[2025-05-20T20:53:06.154+0300][9844][19736][debug][safepoint] ... found polling page loop exception at pc = 0x0000027a59c58760, stub =0x0000027a59655d80
[2025-05-20T20:53:06.154+0300][9844][7208 ][debug][safepoint] ... found polling page loop exception at pc = 0x0000027a59c58760, stub =0x0000027a59655d80
[2025-05-20T20:53:06.154+0300][9844][16080][debug][safepoint] ... found polling page loop exception at pc = 0x0000027a59c58760, stub =0x0000027a59655d80
[2025-05-20T20:53:06.154+0300][9844][960  ][debug][safepoint] ... found polling page loop exception at pc = 0x0000027a59c58760, stub =0x0000027a59655d80
[2025-05-20T20:53:06.154+0300][9844][5184 ][debug][safepoint] ... found polling page loop exception at pc = 0x0000027a59d35f16, stub =0x0000027a59655d80
[2025-05-20T20:53:06.154+0300][9844][18716][debug][safepoint] ... found polling page loop exception at pc = 0x0000027a59c58760, stub =0x0000027a59655d80
[2025-05-20T20:53:06.154+0300][9844][9816 ][debug][gc,heap  ] GC(13) Heap before GC invocations=13 (full 3):
[2025-05-20T20:53:06.154+0300][9844][9816 ][debug][gc,heap  ] GC(13)  garbage-first heap   total 12582912K, used 7553439K [0x0000000500000000, 0x0000000800000000)
[2025-05-20T20:53:06.154+0300][9844][9816 ][debug][gc,heap  ] GC(13)   region size 8192K, 921 young (7544832K), 1 survivors (8192K)
[2025-05-20T20:53:06.154+0300][9844][9816 ][debug][gc,heap  ] GC(13)  Metaspace       used 8729K, committed 9792K, reserved 1114112K
[2025-05-20T20:53:06.154+0300][9844][9816 ][debug][gc,heap  ] GC(13)   class space    used 874K, committed 1280K, reserved 1048576K
[2025-05-20T20:53:06.158+0300][9844][9816 ][info ][gc,phases] GC(13)   Pre Evacuate Collection Set: 0.3ms
[2025-05-20T20:53:06.158+0300][9844][9816 ][debug][gc,phases] GC(13)     Pre Evacuate Prepare: 0.0ms
[2025-05-20T20:53:06.158+0300][9844][9816 ][debug][gc,phases] GC(13)       JT Retire TLABs And Flush Logs (ms): Min:  0.0, Avg:  0.0, Max:  0.0, Diff:  0.0, Sum:  0.0, Workers: 2
[2025-05-20T20:53:06.158+0300][9844][9816 ][debug][gc,phases] GC(13)       Non-JT Flush Logs (ms):        Min:  0.0, Avg:  0.0, Max:  0.0, Diff:  0.0, Sum:  0.0, Workers: 1
[2025-05-20T20:53:06.158+0300][9844][9816 ][debug][gc,phases] GC(13)     Choose Collection Set: 0.0ms
[2025-05-20T20:53:06.158+0300][9844][9816 ][debug][gc,phases] GC(13)     Region Register: 0.2ms
[2025-05-20T20:53:06.158+0300][9844][9816 ][debug][gc,phases] GC(13)     Prepare Heap Roots: 0.0ms
[2025-05-20T20:53:06.158+0300][9844][9816 ][info ][gc,phases] GC(13)   Merge Heap Roots: 0.1ms
[2025-05-20T20:53:06.158+0300][9844][9816 ][debug][gc,phases] GC(13)     Prepare Merge Heap Roots: 0.0ms
[2025-05-20T20:53:06.158+0300][9844][9816 ][debug][gc,phases] GC(13)     Remembered Sets (ms):          Min:  0.1, Avg:  0.1, Max:  0.1, Diff:  0.0, Sum:  0.7, Workers: 8
[2025-05-20T20:53:06.158+0300][9844][9816 ][debug][gc,phases] GC(13)       Eager Reclaim (ms):            skipped
[2025-05-20T20:53:06.158+0300][9844][9816 ][debug][gc,phases] GC(13)       Merged Inline                  Min: 0, Avg:  0.0, Max: 0, Diff: 0, Sum: 0, Workers: 8
[2025-05-20T20:53:06.158+0300][9844][9816 ][debug][gc,phases] GC(13)       Merged ArrayOfCards            Min: 0, Avg:  0.0, Max: 0, Diff: 0, Sum: 0, Workers: 8
[2025-05-20T20:53:06.158+0300][9844][9816 ][debug][gc,phases] GC(13)       Merged Howl                    Min: 0, Avg:  0.0, Max: 0, Diff: 0, Sum: 0, Workers: 8
[2025-05-20T20:53:06.158+0300][9844][9816 ][debug][gc,phases] GC(13)       Merged Full                    Min: 0, Avg:  0.0, Max: 0, Diff: 0, Sum: 0, Workers: 8
[2025-05-20T20:53:06.158+0300][9844][9816 ][debug][gc,phases] GC(13)       Merged Howl Inline             Min: 0, Avg:  0.0, Max: 0, Diff: 0, Sum: 0, Workers: 8
[2025-05-20T20:53:06.158+0300][9844][9816 ][debug][gc,phases] GC(13)       Merged Howl ArrayOfCards       Min: 0, Avg:  0.0, Max: 0, Diff: 0, Sum: 0, Workers: 8
[2025-05-20T20:53:06.158+0300][9844][9816 ][debug][gc,phases] GC(13)       Merged Howl BitMap             Min: 0, Avg:  0.0, Max: 0, Diff: 0, Sum: 0, Workers: 8
[2025-05-20T20:53:06.158+0300][9844][9816 ][debug][gc,phases] GC(13)       Merged Howl Full               Min: 0, Avg:  0.0, Max: 0, Diff: 0, Sum: 0, Workers: 8
[2025-05-20T20:53:06.158+0300][9844][9816 ][debug][gc,phases] GC(13)       Merged Cards                   Min: 8, Avg:  8.0, Max: 8, Diff: 0, Sum: 64, Workers: 8
[2025-05-20T20:53:06.158+0300][9844][9816 ][debug][gc,phases] GC(13)     Log Buffers (ms):              Min:  0.0, Avg:  0.0, Max:  0.0, Diff:  0.0, Sum:  0.0, Workers: 8
[2025-05-20T20:53:06.158+0300][9844][9816 ][debug][gc,phases] GC(13)       Dirty Cards:                   Min: 0, Avg:  1.9, Max: 15, Diff: 15, Sum: 15, Workers: 8
[2025-05-20T20:53:06.158+0300][9844][9816 ][debug][gc,phases] GC(13)       Skipped Cards:                 Min: 0, Avg:  0.0, Max: 0, Diff: 0, Sum: 0, Workers: 8
[2025-05-20T20:53:06.158+0300][9844][9816 ][info ][gc,phases] GC(13)   Evacuate Collection Set: 0.9ms
[2025-05-20T20:53:06.158+0300][9844][9816 ][debug][gc,phases] GC(13)     Ext Root Scanning (ms):        Min:  0.0, Avg:  0.1, Max:  0.1, Diff:  0.1, Sum:  0.5, Workers: 8
[2025-05-20T20:53:06.158+0300][9844][9816 ][debug][gc,phases] GC(13)     Scan Heap Roots (ms):          Min:  0.0, Avg:  0.0, Max:  0.0, Diff:  0.0, Sum:  0.1, Workers: 8
[2025-05-20T20:53:06.158+0300][9844][9816 ][debug][gc,phases] GC(13)       Scanned Cards:                 Min: 0, Avg:  1.6, Max: 5, Diff: 5, Sum: 13, Workers: 8
[2025-05-20T20:53:06.158+0300][9844][9816 ][debug][gc,phases] GC(13)       Scanned Blocks:                Min: 0, Avg:  1.5, Max: 4, Diff: 4, Sum: 12, Workers: 8
[2025-05-20T20:53:06.158+0300][9844][9816 ][debug][gc,phases] GC(13)       Claimed Chunks:                Min: 0, Avg:  1.0, Max: 3, Diff: 3, Sum: 8, Workers: 8
[2025-05-20T20:53:06.158+0300][9844][9816 ][debug][gc,phases] GC(13)       Found Roots:                   Min: 0, Avg:  1.8, Max: 7, Diff: 7, Sum: 14, Workers: 8
[2025-05-20T20:53:06.158+0300][9844][9816 ][debug][gc,phases] GC(13)     Code Root Scan (ms):           Min:  0.1, Avg:  0.1, Max:  0.1, Diff:  0.0, Sum:  0.6, Workers: 8
[2025-05-20T20:53:06.158+0300][9844][9816 ][debug][gc,phases] GC(13)       Scanned Nmethods               Min: 0, Avg:  0.0, Max: 0, Diff: 0, Sum: 0, Workers: 8
[2025-05-20T20:53:06.158+0300][9844][9816 ][debug][gc,phases] GC(13)     Object Copy (ms):              Min:  0.0, Avg:  0.3, Max:  0.5, Diff:  0.5, Sum:  2.3, Workers: 8
[2025-05-20T20:53:06.158+0300][9844][9816 ][debug][gc,phases] GC(13)     Termination (ms):              Min:  0.0, Avg:  0.2, Max:  0.4, Diff:  0.3, Sum:  1.9, Workers: 8
[2025-05-20T20:53:06.158+0300][9844][9816 ][debug][gc,phases] GC(13)       Termination Attempts:          Min: 1, Avg:  1.0, Max: 1, Diff: 0, Sum: 8, Workers: 8
[2025-05-20T20:53:06.158+0300][9844][9816 ][debug][gc,phases] GC(13)     GC Worker Other (ms):          Min:  0.1, Avg:  0.1, Max:  0.1, Diff:  0.0, Sum:  0.7, Workers: 8
[2025-05-20T20:53:06.158+0300][9844][9816 ][debug][gc,phases] GC(13)     GC Worker Total (ms):          Min:  0.3, Avg:  0.8, Max:  0.8, Diff:  0.5, Sum:  6.0, Workers: 8
[2025-05-20T20:53:06.158+0300][9844][9816 ][info ][gc,phases] GC(13)   Post Evacuate Collection Set: 1.6ms
[2025-05-20T20:53:06.158+0300][9844][9816 ][debug][gc,phases] GC(13)     NMethod List Cleanup: 0.0ms
[2025-05-20T20:53:06.158+0300][9844][9816 ][debug][gc,phases] GC(13)     Reference Processing: 0.2ms
[2025-05-20T20:53:06.158+0300][9844][9816 ][debug][gc,phases] GC(13)     Weak Processing: 0.1ms
[2025-05-20T20:53:06.158+0300][9844][9816 ][debug][gc,phases] GC(13)       VM Weak                        Min:  0.0, Avg:  0.0, Max:  0.0, Diff:  0.0, Sum:  0.0, Workers: 8
[2025-05-20T20:53:06.158+0300][9844][9816 ][debug][gc,phases] GC(13)         Dead                           Min: 0, Avg:  0.0, Max: 0, Diff: 0, Sum: 0, Workers: 8
[2025-05-20T20:53:06.158+0300][9844][9816 ][debug][gc,phases] GC(13)         Total                          Min: 0, Avg: 15.4, Max: 91, Diff: 91, Sum: 123, Workers: 8
[2025-05-20T20:53:06.158+0300][9844][9816 ][debug][gc,phases] GC(13)       ObjectSynchronizer Weak        Min:  0.0, Avg:  0.0, Max:  0.0, Diff:  0.0, Sum:  0.0, Workers: 8
[2025-05-20T20:53:06.158+0300][9844][9816 ][debug][gc,phases] GC(13)         Dead                           Min: 0, Avg:  0.0, Max: 0, Diff: 0, Sum: 0, Workers: 8
[2025-05-20T20:53:06.158+0300][9844][9816 ][debug][gc,phases] GC(13)         Total                          Min: 0, Avg: 17.6, Max: 77, Diff: 77, Sum: 141, Workers: 8
[2025-05-20T20:53:06.158+0300][9844][9816 ][debug][gc,phases] GC(13)       JVMTI Tag Weak OopStorage      Min:  0.0, Avg:  0.0, Max:  0.0, Diff:  0.0, Sum:  0.0, Workers: 8
[2025-05-20T20:53:06.158+0300][9844][9816 ][debug][gc,phases] GC(13)         Dead                           Min: 0, Avg:  0.0, Max: 0, Diff: 0, Sum: 0, Workers: 8
[2025-05-20T20:53:06.158+0300][9844][9816 ][debug][gc,phases] GC(13)         Total                          Min: 0, Avg:  0.0, Max: 0, Diff: 0, Sum: 0, Workers: 8
[2025-05-20T20:53:06.158+0300][9844][9816 ][debug][gc,phases] GC(13)       StringTable Weak               Min:  0.0, Avg:  0.0, Max:  0.0, Diff:  0.0, Sum:  0.1, Workers: 8
[2025-05-20T20:53:06.158+0300][9844][9816 ][debug][gc,phases] GC(13)         Dead                           Min: 0, Avg:  0.0, Max: 0, Diff: 0, Sum: 0, Workers: 8
[2025-05-20T20:53:06.158+0300][9844][9816 ][debug][gc,phases] GC(13)         Total                          Min: 640, Avg: 782.9, Max: 896, Diff: 256, Sum: 6263, Workers: 8
[2025-05-20T20:53:06.158+0300][9844][9816 ][debug][gc,phases] GC(13)       ResolvedMethodTable Weak       Min:  0.0, Avg:  0.0, Max:  0.0, Diff:  0.0, Sum:  0.0, Workers: 8
[2025-05-20T20:53:06.158+0300][9844][9816 ][debug][gc,phases] GC(13)         Dead                           Min: 0, Avg:  0.0, Max: 0, Diff: 0, Sum: 0, Workers: 8
[2025-05-20T20:53:06.158+0300][9844][9816 ][debug][gc,phases] GC(13)         Total                          Min: 64, Avg: 113.1, Max: 191, Diff: 127, Sum: 905, Workers: 8
[2025-05-20T20:53:06.158+0300][9844][9816 ][debug][gc,phases] GC(13)       JNI Weak                       Min:  0.0, Avg:  0.0, Max:  0.0, Diff:  0.0, Sum:  0.0, Workers: 8
[2025-05-20T20:53:06.158+0300][9844][9816 ][debug][gc,phases] GC(13)         Dead                           Min: 0, Avg:  0.0, Max: 0, Diff: 0, Sum: 0, Workers: 8
[2025-05-20T20:53:06.158+0300][9844][9816 ][debug][gc,phases] GC(13)         Total                          Min: 0, Avg:  0.0, Max: 0, Diff: 0, Sum: 0, Workers: 8
[2025-05-20T20:53:06.158+0300][9844][9816 ][debug][gc,phases] GC(13)       StringDedup Table Weak         Min:  0.0, Avg:  0.0, Max:  0.0, Diff:  0.0, Sum:  0.0, Workers: 8
[2025-05-20T20:53:06.158+0300][9844][9816 ][debug][gc,phases] GC(13)         Dead                           Min: 0, Avg:  0.0, Max: 0, Diff: 0, Sum: 0, Workers: 8
[2025-05-20T20:53:06.158+0300][9844][9816 ][debug][gc,phases] GC(13)         Total                          Min: 0, Avg:  0.0, Max: 0, Diff: 0, Sum: 0, Workers: 8
[2025-05-20T20:53:06.158+0300][9844][9816 ][debug][gc,phases] GC(13)       StringDedup Requests0 Weak     Min:  0.0, Avg:  0.0, Max:  0.0, Diff:  0.0, Sum:  0.0, Workers: 8
[2025-05-20T20:53:06.158+0300][9844][9816 ][debug][gc,phases] GC(13)         Dead                           Min: 0, Avg:  0.0, Max: 0, Diff: 0, Sum: 0, Workers: 8
[2025-05-20T20:53:06.158+0300][9844][9816 ][debug][gc,phases] GC(13)         Total                          Min: 0, Avg:  0.0, Max: 0, Diff: 0, Sum: 0, Workers: 8
[2025-05-20T20:53:06.158+0300][9844][9816 ][debug][gc,phases] GC(13)       StringDedup Requests1 Weak     Min:  0.0, Avg:  0.0, Max:  0.0, Diff:  0.0, Sum:  0.0, Workers: 8
[2025-05-20T20:53:06.158+0300][9844][9816 ][debug][gc,phases] GC(13)         Dead                           Min: 0, Avg:  0.0, Max: 0, Diff: 0, Sum: 0, Workers: 8
[2025-05-20T20:53:06.158+0300][9844][9816 ][debug][gc,phases] GC(13)         Total                          Min: 0, Avg:  0.0, Max: 0, Diff: 0, Sum: 0, Workers: 8
[2025-05-20T20:53:06.158+0300][9844][9816 ][debug][gc,phases] GC(13)       Weak JFR Old Object Samples    Min:  0.0, Avg:  0.0, Max:  0.0, Diff:  0.0, Sum:  0.0, Workers: 8
[2025-05-20T20:53:06.158+0300][9844][9816 ][debug][gc,phases] GC(13)         Dead                           Min: 0, Avg:  0.0, Max: 0, Diff: 0, Sum: 0, Workers: 8
[2025-05-20T20:53:06.158+0300][9844][9816 ][debug][gc,phases] GC(13)         Total                          Min: 0, Avg:  0.0, Max: 0, Diff: 0, Sum: 0, Workers: 8
[2025-05-20T20:53:06.158+0300][9844][9816 ][debug][gc,phases] GC(13)     Post Evacuate Cleanup 1: 1.0ms
[2025-05-20T20:53:06.158+0300][9844][9816 ][debug][gc,phases] GC(13)       Merge Per-Thread State (ms):   Min:  0.1, Avg:  0.1, Max:  0.1, Diff:  0.0, Sum:  0.1, Workers: 1
[2025-05-20T20:53:06.158+0300][9844][9816 ][debug][gc,phases] GC(13)         Copied Bytes                   Min: 0, Avg: 880566.0, Max: 2301144, Diff: 2301144, Sum: 7044528, Workers: 8
[2025-05-20T20:53:06.158+0300][9844][9816 ][debug][gc,phases] GC(13)         LAB Waste                      Min: 0, Avg: 167.0, Max: 464, Diff: 464, Sum: 1336, Workers: 8
[2025-05-20T20:53:06.158+0300][9844][9816 ][debug][gc,phases] GC(13)         LAB Undo Waste                 Min: 0, Avg:  0.0, Max: 0, Diff: 0, Sum: 0, Workers: 8
[2025-05-20T20:53:06.158+0300][9844][9816 ][debug][gc,phases] GC(13)       Clear Logged Cards (ms):       Min:  0.0, Avg:  0.8, Max:  1.0, Diff:  1.0, Sum:  6.4, Workers: 8
[2025-05-20T20:53:06.158+0300][9844][9816 ][debug][gc,phases] GC(13)       Recalculate Used Memory (ms):  Min:  0.0, Avg:  0.0, Max:  0.0, Diff:  0.0, Sum:  0.0, Workers: 1
[2025-05-20T20:53:06.158+0300][9844][9816 ][debug][gc,phases] GC(13)     Post Evacuate Cleanup 2: 0.3ms
[2025-05-20T20:53:06.158+0300][9844][9816 ][debug][gc,phases] GC(13)       Update Derived Pointers (ms):  Min:  0.0, Avg:  0.0, Max:  0.0, Diff:  0.0, Sum:  0.0, Workers: 1
[2025-05-20T20:53:06.158+0300][9844][9816 ][debug][gc,phases] GC(13)       Eagerly Reclaim Humongous Objects (ms): skipped
[2025-05-20T20:53:06.158+0300][9844][9816 ][debug][gc,phases] GC(13)         Humongous Total                skipped
[2025-05-20T20:53:06.158+0300][9844][9816 ][debug][gc,phases] GC(13)         Humongous Candidates           skipped
[2025-05-20T20:53:06.158+0300][9844][9816 ][debug][gc,phases] GC(13)         Humongous Reclaimed            skipped
[2025-05-20T20:53:06.158+0300][9844][9816 ][debug][gc,phases] GC(13)       Redirty Logged Cards (ms):     Min:  0.0, Avg:  0.0, Max:  0.0, Diff:  0.0, Sum:  0.0, Workers: 8
[2025-05-20T20:53:06.158+0300][9844][9816 ][debug][gc,phases] GC(13)         Redirtied Cards:               Min: 0, Avg:  1.5, Max: 5, Diff: 5, Sum: 12, Workers: 8
[2025-05-20T20:53:06.158+0300][9844][9816 ][debug][gc,phases] GC(13)       Resize TLABs (ms):             Min:  0.0, Avg:  0.0, Max:  0.0, Diff:  0.0, Sum:  0.0, Workers: 8
[2025-05-20T20:53:06.158+0300][9844][9816 ][debug][gc,phases] GC(13)       Free Collection Set (ms):      Min:  0.0, Avg:  0.2, Max:  0.2, Diff:  0.2, Sum:  1.6, Workers: 8
[2025-05-20T20:53:06.158+0300][9844][9816 ][debug][gc,phases] GC(13)     Rebuild Free List: 0.1ms
[2025-05-20T20:53:06.158+0300][9844][9816 ][debug][gc,phases] GC(13)     Prepare For Mutator: 0.0ms
[2025-05-20T20:53:06.158+0300][9844][9816 ][debug][gc,phases] GC(13)     Expand Heap After Collection: 0.0ms
[2025-05-20T20:53:06.158+0300][9844][9816 ][info ][gc,phases] GC(13)   Other: 0.1ms
[2025-05-20T20:53:06.158+0300][9844][9816 ][info ][gc,heap  ] GC(13) Eden regions: 920->0(920)
[2025-05-20T20:53:06.158+0300][9844][9816 ][info ][gc,heap  ] GC(13) Survivor regions: 1->1(116)
[2025-05-20T20:53:06.158+0300][9844][9816 ][info ][gc,heap  ] GC(13) Old regions: 8->8
[2025-05-20T20:53:06.158+0300][9844][9816 ][info ][gc,heap  ] GC(13) Humongous regions: 0->0
[2025-05-20T20:53:06.158+0300][9844][9816 ][debug][gc,heap  ] GC(13) Heap after GC invocations=14 (full 3):
[2025-05-20T20:53:06.158+0300][9844][9816 ][debug][gc,heap  ] GC(13)  garbage-first heap   total 12582912K, used 16802K [0x0000000500000000, 0x0000000800000000)
[2025-05-20T20:53:06.158+0300][9844][9816 ][debug][gc,heap  ] GC(13)   region size 8192K, 1 young (8192K), 1 survivors (8192K)
[2025-05-20T20:53:06.158+0300][9844][9816 ][debug][gc,heap  ] GC(13)  Metaspace       used 8729K, committed 9792K, reserved 1114112K
[2025-05-20T20:53:06.158+0300][9844][9816 ][debug][gc,heap  ] GC(13)   class space    used 874K, committed 1280K, reserved 1048576K
[2025-05-20T20:53:06.158+0300][9844][9816 ][info ][gc       ] GC(13) Pause Young (Normal) (G1 Evacuation Pause) 7376M->16M(12288M) 4.602ms
[2025-05-20T20:53:06.158+0300][9844][9816 ][info ][safepoint] Safepoint "G1CollectForAllocation", Time since last: 1349852200 ns, Reaching safepoint: 406500 ns, Cleanup: 6700 ns, At safepoint: 4657300 ns, Total: 5070500 ns
[2025-05-20T20:53:06.729+0300][9844][9816 ][debug][safepoint] Safepoint synchronization initiated using striped semaphore wait barrier. (11 threads)
