[2025-05-18T19:35:41.394+0300][6232][12944][info][gc,init] CardTable entry size: 512
[2025-05-18T19:35:41.394+0300][6232][12944][info][gc     ] Using G1
[2025-05-18T19:35:41.417+0300][6232][12944][info][gc,init] Version: 21.0.6+8-LTS-188 (release)
[2025-05-18T19:35:41.417+0300][6232][12944][info][gc,init] CPUs: 8 total, 8 available
[2025-05-18T19:35:41.417+0300][6232][12944][info][gc,init] Memory: 16183M
[2025-05-18T19:35:41.417+0300][6232][12944][info][gc,init] Large Page Support: Disabled
[2025-05-18T19:35:41.417+0300][6232][12944][info][gc,init] NUMA Support: Disabled
[2025-05-18T19:35:41.418+0300][6232][12944][info][gc,init] Compressed Oops: Enabled (Zero based)
[2025-05-18T19:35:41.418+0300][6232][12944][info][gc,init] Heap Region Size: 8M
[2025-05-18T19:35:41.418+0300][6232][12944][info][gc,init] Heap Min Capacity: 12G
[2025-05-18T19:35:41.418+0300][6232][12944][info][gc,init] Heap Initial Capacity: 12G
[2025-05-18T19:35:41.418+0300][6232][12944][info][gc,init] Heap Max Capacity: 12G
[2025-05-18T19:35:41.418+0300][6232][12944][info][gc,init] Pre-touch: Disabled
[2025-05-18T19:35:41.418+0300][6232][12944][info][gc,init] Parallel Workers: 8
[2025-05-18T19:35:41.418+0300][6232][12944][info][gc,init] Concurrent Workers: 2
[2025-05-18T19:35:41.418+0300][6232][12944][info][gc,init] Concurrent Refinement Workers: 8
[2025-05-18T19:35:41.418+0300][6232][12944][info][gc,init] Periodic GC: Disabled
[2025-05-18T19:35:41.426+0300][6232][12944][info][gc,metaspace] CDS archive(s) mapped at: [0x0000018463000000-0x0000018463c90000-0x0000018463c90000), size 13172736, SharedBaseAddress: 0x0000018463000000, ArchiveRelocationMode: 1.
[2025-05-18T19:35:41.426+0300][6232][12944][info][gc,metaspace] Compressed class space mapped at: 0x0000018464000000-0x00000184a4000000, reserved size: 1073741824
[2025-05-18T19:35:41.426+0300][6232][12944][info][gc,metaspace] Narrow klass base: 0x0000018463000000, Narrow klass shift: 0, Narrow klass range: 0x100000000
[2025-05-18T19:35:41.636+0300][6232][12944][info][gc,heap,exit] Heap
[2025-05-18T19:35:41.636+0300][6232][12944][info][gc,heap,exit]  garbage-first heap   total 12582912K, used 24576K [0x0000000500000000, 0x0000000800000000)
[2025-05-18T19:35:41.636+0300][6232][12944][info][gc,heap,exit]   region size 8192K, 3 young (24576K), 0 survivors (0K)
[2025-05-18T19:35:41.636+0300][6232][12944][info][gc,heap,exit]  Metaspace       used 2108K, committed 2304K, reserved 1114112K
[2025-05-18T19:35:41.636+0300][6232][12944][info][gc,heap,exit]   class space    used 199K, committed 320K, reserved 1048576K
