[2025-05-18T20:01:26.545+0300][21948][21412][info][gc,init] CardTable entry size: 512
[2025-05-18T20:01:26.545+0300][21948][21412][info][gc     ] Using G1
[2025-05-18T20:01:26.580+0300][21948][21412][info][gc,init] Version: 21.0.6+8-LTS-188 (release)
[2025-05-18T20:01:26.580+0300][21948][21412][info][gc,init] CPUs: 8 total, 8 available
[2025-05-18T20:01:26.580+0300][21948][21412][info][gc,init] Memory: 16183M
[2025-05-18T20:01:26.580+0300][21948][21412][info][gc,init] Large Page Support: Disabled
[2025-05-18T20:01:26.580+0300][21948][21412][info][gc,init] NUMA Support: Disabled
[2025-05-18T20:01:26.580+0300][21948][21412][info][gc,init] Compressed Oops: Enabled (Zero based)
[2025-05-18T20:01:26.580+0300][21948][21412][info][gc,init] Heap Region Size: 8M
[2025-05-18T20:01:26.580+0300][21948][21412][info][gc,init] Heap Min Capacity: 12G
[2025-05-18T20:01:26.581+0300][21948][21412][info][gc,init] Heap Initial Capacity: 12G
[2025-05-18T20:01:26.581+0300][21948][21412][info][gc,init] Heap Max Capacity: 12G
[2025-05-18T20:01:26.581+0300][21948][21412][info][gc,init] Pre-touch: Disabled
[2025-05-18T20:01:26.581+0300][21948][21412][info][gc,init] Parallel Workers: 8
[2025-05-18T20:01:26.581+0300][21948][21412][info][gc,init] Concurrent Workers: 2
[2025-05-18T20:01:26.581+0300][21948][21412][info][gc,init] Concurrent Refinement Workers: 8
[2025-05-18T20:01:26.581+0300][21948][21412][info][gc,init] Periodic GC: Disabled
[2025-05-18T20:01:26.595+0300][21948][21412][info][gc,metaspace] CDS archive(s) mapped at: [0x0000016256000000-0x0000016256c90000-0x0000016256c90000), size 13172736, SharedBaseAddress: 0x0000016256000000, ArchiveRelocationMode: 1.
[2025-05-18T20:01:26.595+0300][21948][21412][info][gc,metaspace] Compressed class space mapped at: 0x0000016257000000-0x0000016297000000, reserved size: 1073741824
[2025-05-18T20:01:26.595+0300][21948][21412][info][gc,metaspace] Narrow klass base: 0x0000016256000000, Narrow klass shift: 0, Narrow klass range: 0x100000000
[2025-05-18T20:01:37.283+0300][21948][2688 ][info][gc,start    ] GC(0) Pause Full (System.gc())
[2025-05-18T20:01:37.284+0300][21948][2688 ][info][gc,task     ] GC(0) Using 8 workers of 8 for full compaction
[2025-05-18T20:01:37.284+0300][21948][2688 ][info][gc,phases,start] GC(0) Phase 1: Mark live objects
[2025-05-18T20:01:37.292+0300][21948][2688 ][info][gc,phases      ] GC(0) Phase 1: Mark live objects 7.447ms
[2025-05-18T20:01:37.292+0300][21948][2688 ][info][gc,phases,start] GC(0) Phase 2: Prepare compaction
[2025-05-18T20:01:37.295+0300][21948][2688 ][info][gc,phases      ] GC(0) Phase 2: Prepare compaction 2.817ms
[2025-05-18T20:01:37.295+0300][21948][2688 ][info][gc,phases,start] GC(0) Phase 3: Adjust pointers
[2025-05-18T20:01:37.300+0300][21948][2688 ][info][gc,phases      ] GC(0) Phase 3: Adjust pointers 4.969ms
[2025-05-18T20:01:37.300+0300][21948][2688 ][info][gc,phases,start] GC(0) Phase 4: Compact heap
[2025-05-18T20:01:37.303+0300][21948][2688 ][info][gc,phases      ] GC(0) Phase 4: Compact heap 3.846ms
[2025-05-18T20:01:37.303+0300][21948][2688 ][info][gc,phases,start] GC(0) Phase 5: Reset Metadata
[2025-05-18T20:01:37.306+0300][21948][2688 ][info][gc,phases      ] GC(0) Phase 5: Reset Metadata 2.418ms
[2025-05-18T20:01:37.328+0300][21948][2688 ][info][gc,heap        ] GC(0) Eden regions: 28->0(76)
[2025-05-18T20:01:37.328+0300][21948][2688 ][info][gc,heap        ] GC(0) Survivor regions: 0->0(0)
[2025-05-18T20:01:37.328+0300][21948][2688 ][info][gc,heap        ] GC(0) Old regions: 0->8
[2025-05-18T20:01:37.328+0300][21948][2688 ][info][gc,heap        ] GC(0) Humongous regions: 0->0
[2025-05-18T20:01:37.328+0300][21948][2688 ][info][gc,metaspace   ] GC(0) Metaspace: 15419K(15808K)->15419K(15808K) NonClass: 13905K(14080K)->13905K(14080K) Class: 1514K(1728K)->1514K(1728K)
[2025-05-18T20:01:37.328+0300][21948][2688 ][info][gc             ] GC(0) Pause Full (System.gc()) 220M->9M(12288M) 43.937ms
[2025-05-18T20:01:37.328+0300][21948][2688 ][info][gc,cpu         ] GC(0) User=0.09s Sys=0.06s Real=0.05s
[2025-05-18T20:01:38.902+0300][21948][2688 ][info][gc,start       ] GC(1) Pause Young (Concurrent Start) (Metadata GC Threshold)
[2025-05-18T20:01:38.902+0300][21948][2688 ][info][gc,task        ] GC(1) Using 8 workers of 8 for evacuation
[2025-05-18T20:01:38.911+0300][21948][2688 ][info][gc,phases      ] GC(1)   Pre Evacuate Collection Set: 0.3ms
[2025-05-18T20:01:38.911+0300][21948][2688 ][info][gc,phases      ] GC(1)   Merge Heap Roots: 0.2ms
[2025-05-18T20:01:38.911+0300][21948][2688 ][info][gc,phases      ] GC(1)   Evacuate Collection Set: 7.0ms
[2025-05-18T20:01:38.911+0300][21948][2688 ][info][gc,phases      ] GC(1)   Post Evacuate Collection Set: 0.5ms
[2025-05-18T20:01:38.911+0300][21948][2688 ][info][gc,phases      ] GC(1)   Other: 0.2ms
[2025-05-18T20:01:38.911+0300][21948][2688 ][info][gc,heap        ] GC(1) Eden regions: 21->0(75)
[2025-05-18T20:01:38.911+0300][21948][2688 ][info][gc,heap        ] GC(1) Survivor regions: 0->1(10)
[2025-05-18T20:01:38.911+0300][21948][2688 ][info][gc,heap        ] GC(1) Old regions: 8->8
[2025-05-18T20:01:38.911+0300][21948][2688 ][info][gc,heap        ] GC(1) Humongous regions: 0->0
[2025-05-18T20:01:38.911+0300][21948][2688 ][info][gc,metaspace   ] GC(1) Metaspace: 26010K(26368K)->26010K(26368K) NonClass: 23542K(23744K)->23542K(23744K) Class: 2467K(2624K)->2467K(2624K)
[2025-05-18T20:01:38.911+0300][21948][2688 ][info][gc             ] GC(1) Pause Young (Concurrent Start) (Metadata GC Threshold) 169M->14M(12288M) 9.287ms
[2025-05-18T20:01:38.911+0300][21948][2376 ][info][gc             ] GC(2) Concurrent Mark Cycle
[2025-05-18T20:01:38.911+0300][21948][2688 ][info][gc,cpu         ] GC(1) User=0.00s Sys=0.02s Real=0.01s
[2025-05-18T20:01:38.911+0300][21948][2376 ][info][gc,marking     ] GC(2) Concurrent Scan Root Regions
[2025-05-18T20:01:38.915+0300][21948][2376 ][info][gc,marking     ] GC(2) Concurrent Scan Root Regions 3.719ms
[2025-05-18T20:01:38.915+0300][21948][2376 ][info][gc,marking     ] GC(2) Concurrent Mark
[2025-05-18T20:01:38.915+0300][21948][2376 ][info][gc,marking     ] GC(2) Concurrent Mark From Roots
[2025-05-18T20:01:38.915+0300][21948][2376 ][info][gc,task        ] GC(2) Using 2 workers of 2 for marking
[2025-05-18T20:01:38.939+0300][21948][2376 ][info][gc,marking     ] GC(2) Concurrent Mark From Roots 24.573ms
[2025-05-18T20:01:38.939+0300][21948][2376 ][info][gc,marking     ] GC(2) Concurrent Preclean
[2025-05-18T20:01:38.939+0300][21948][2376 ][info][gc,marking     ] GC(2) Concurrent Preclean 0.062ms
[2025-05-18T20:01:38.941+0300][21948][2688 ][info][gc,start       ] GC(2) Pause Remark
[2025-05-18T20:01:38.944+0300][21948][2688 ][info][gc             ] GC(2) Pause Remark 22M->22M(12288M) 3.439ms
[2025-05-18T20:01:38.944+0300][21948][2688 ][info][gc,cpu         ] GC(2) User=0.00s Sys=0.00s Real=0.00s
[2025-05-18T20:01:38.944+0300][21948][2376 ][info][gc,marking     ] GC(2) Concurrent Mark 28.658ms
[2025-05-18T20:01:38.944+0300][21948][2376 ][info][gc,marking     ] GC(2) Concurrent Rebuild Remembered Sets and Scrub Regions
[2025-05-18T20:01:38.952+0300][21948][2376 ][info][gc,marking     ] GC(2) Concurrent Rebuild Remembered Sets and Scrub Regions 7.474ms
[2025-05-18T20:01:38.952+0300][21948][2688 ][info][gc,start       ] GC(2) Pause Cleanup
[2025-05-18T20:01:38.953+0300][21948][2688 ][info][gc             ] GC(2) Pause Cleanup 22M->22M(12288M) 0.277ms
[2025-05-18T20:01:38.953+0300][21948][2688 ][info][gc,cpu         ] GC(2) User=0.00s Sys=0.00s Real=0.00s
[2025-05-18T20:01:38.953+0300][21948][2376 ][info][gc,marking     ] GC(2) Concurrent Clear Claimed Marks
[2025-05-18T20:01:38.953+0300][21948][2376 ][info][gc,marking     ] GC(2) Concurrent Clear Claimed Marks 0.073ms
[2025-05-18T20:01:38.953+0300][21948][2376 ][info][gc,marking     ] GC(2) Concurrent Cleanup for Next Mark
[2025-05-18T20:01:38.977+0300][21948][2376 ][info][gc,marking     ] GC(2) Concurrent Cleanup for Next Mark 23.805ms
[2025-05-18T20:01:38.977+0300][21948][2376 ][info][gc             ] GC(2) Concurrent Mark Cycle 65.018ms
[2025-05-18T20:01:58.817+0300][21948][2688 ][info][gc,start       ] GC(3) Pause Young (Prepare Mixed) (G1 Evacuation Pause)
[2025-05-18T20:01:58.817+0300][21948][2688 ][info][gc,task        ] GC(3) Using 8 workers of 8 for evacuation
[2025-05-18T20:01:58.823+0300][21948][2688 ][info][gc,phases      ] GC(3)   Pre Evacuate Collection Set: 0.4ms
[2025-05-18T20:01:58.823+0300][21948][2688 ][info][gc,phases      ] GC(3)   Merge Heap Roots: 0.2ms
[2025-05-18T20:01:58.823+0300][21948][2688 ][info][gc,phases      ] GC(3)   Evacuate Collection Set: 3.6ms
[2025-05-18T20:01:58.823+0300][21948][2688 ][info][gc,phases      ] GC(3)   Post Evacuate Collection Set: 1.1ms
[2025-05-18T20:01:58.823+0300][21948][2688 ][info][gc,phases      ] GC(3)   Other: 0.1ms
[2025-05-18T20:01:58.823+0300][21948][2688 ][info][gc,heap        ] GC(3) Eden regions: 75->0(174)
[2025-05-18T20:01:58.823+0300][21948][2688 ][info][gc,heap        ] GC(3) Survivor regions: 1->1(10)
[2025-05-18T20:01:58.823+0300][21948][2688 ][info][gc,heap        ] GC(3) Old regions: 8->8
[2025-05-18T20:01:58.823+0300][21948][2688 ][info][gc,heap        ] GC(3) Humongous regions: 0->0
[2025-05-18T20:01:58.823+0300][21948][2688 ][info][gc,metaspace   ] GC(3) Metaspace: 33734K(34624K)->33734K(34624K) NonClass: 30805K(31296K)->30805K(31296K) Class: 2928K(3328K)->2928K(3328K)
[2025-05-18T20:01:58.823+0300][21948][2688 ][info][gc             ] GC(3) Pause Young (Prepare Mixed) (G1 Evacuation Pause) 614M->15M(12288M) 5.696ms
[2025-05-18T20:01:58.823+0300][21948][2688 ][info][gc,cpu         ] GC(3) User=0.00s Sys=0.00s Real=0.01s
[2025-05-18T20:02:42.375+0300][21948][2688 ][info][gc,start       ] GC(4) Pause Young (Mixed) (G1 Evacuation Pause)
[2025-05-18T20:02:42.375+0300][21948][2688 ][info][gc,task        ] GC(4) Using 8 workers of 8 for evacuation
[2025-05-18T20:02:42.380+0300][21948][2688 ][info][gc,phases      ] GC(4)   Pre Evacuate Collection Set: 0.2ms
[2025-05-18T20:02:42.380+0300][21948][2688 ][info][gc,phases      ] GC(4)   Merge Heap Roots: 0.1ms
[2025-05-18T20:02:42.380+0300][21948][2688 ][info][gc,phases      ] GC(4)   Evacuate Collection Set: 3.1ms
[2025-05-18T20:02:42.380+0300][21948][2688 ][info][gc,phases      ] GC(4)   Post Evacuate Collection Set: 1.2ms
[2025-05-18T20:02:42.380+0300][21948][2688 ][info][gc,phases      ] GC(4)   Other: 0.1ms
[2025-05-18T20:02:42.380+0300][21948][2688 ][info][gc,heap        ] GC(4) Eden regions: 174->0(739)
[2025-05-18T20:02:42.380+0300][21948][2688 ][info][gc,heap        ] GC(4) Survivor regions: 1->1(22)
[2025-05-18T20:02:42.380+0300][21948][2688 ][info][gc,heap        ] GC(4) Old regions: 8->8
[2025-05-18T20:02:42.380+0300][21948][2688 ][info][gc,heap        ] GC(4) Humongous regions: 0->0
[2025-05-18T20:02:42.380+0300][21948][2688 ][info][gc,metaspace   ] GC(4) Metaspace: 34421K(35328K)->34421K(35328K) NonClass: 31489K(32000K)->31489K(32000K) Class: 2931K(3328K)->2931K(3328K)
[2025-05-18T20:02:42.380+0300][21948][2688 ][info][gc             ] GC(4) Pause Young (Mixed) (G1 Evacuation Pause) 1407M->15M(12288M) 4.863ms
[2025-05-18T20:02:42.380+0300][21948][2688 ][info][gc,cpu         ] GC(4) User=0.00s Sys=0.00s Real=0.01s
