[2025-05-18T19:51:05.015+0300][17156][6412][info][gc,init] CardTable entry size: 512
[2025-05-18T19:51:05.016+0300][17156][6412][info][gc     ] Using G1
[2025-05-18T19:51:05.035+0300][17156][6412][info][gc,init] Version: 21.0.6+8-LTS-188 (release)
[2025-05-18T19:51:05.035+0300][17156][6412][info][gc,init] CPUs: 8 total, 8 available
[2025-05-18T19:51:05.035+0300][17156][6412][info][gc,init] Memory: 16183M
[2025-05-18T19:51:05.035+0300][17156][6412][info][gc,init] Large Page Support: Disabled
[2025-05-18T19:51:05.035+0300][17156][6412][info][gc,init] NUMA Support: Disabled
[2025-05-18T19:51:05.035+0300][17156][6412][info][gc,init] Compressed Oops: Enabled (Zero based)
[2025-05-18T19:51:05.038+0300][17156][6412][info][gc,init] Heap Region Size: 2M
[2025-05-18T19:51:05.038+0300][17156][6412][info][gc,init] Heap Min Capacity: 4G
[2025-05-18T19:51:05.038+0300][17156][6412][info][gc,init] Heap Initial Capacity: 4G
[2025-05-18T19:51:05.038+0300][17156][6412][info][gc,init] Heap Max Capacity: 4G
[2025-05-18T19:51:05.038+0300][17156][6412][info][gc,init] Pre-touch: Disabled
[2025-05-18T19:51:05.038+0300][17156][6412][info][gc,init] Parallel Workers: 8
[2025-05-18T19:51:05.038+0300][17156][6412][info][gc,init] Concurrent Workers: 2
[2025-05-18T19:51:05.038+0300][17156][6412][info][gc,init] Concurrent Refinement Workers: 8
[2025-05-18T19:51:05.038+0300][17156][6412][info][gc,init] Periodic GC: Disabled
[2025-05-18T19:51:05.047+0300][17156][6412][info][gc,metaspace] CDS archive(s) mapped at: [0x000002212d000000-0x000002212dc90000-0x000002212dc90000), size 13172736, SharedBaseAddress: 0x000002212d000000, ArchiveRelocationMode: 1.
[2025-05-18T19:51:05.047+0300][17156][6412][info][gc,metaspace] Compressed class space mapped at: 0x000002212e000000-0x000002216e000000, reserved size: 1073741824
[2025-05-18T19:51:05.047+0300][17156][6412][info][gc,metaspace] Narrow klass base: 0x000002212d000000, Narrow klass shift: 0, Narrow klass range: 0x100000000
[2025-05-18T19:51:12.652+0300][17156][12868][info][gc,start    ] GC(0) Pause Full (System.gc())
[2025-05-18T19:51:12.653+0300][17156][12868][info][gc,task     ] GC(0) Using 8 workers of 8 for full compaction
[2025-05-18T19:51:12.653+0300][17156][12868][info][gc,phases,start] GC(0) Phase 1: Mark live objects
[2025-05-18T19:51:12.665+0300][17156][12868][info][gc,phases      ] GC(0) Phase 1: Mark live objects 11.674ms
[2025-05-18T19:51:12.665+0300][17156][12868][info][gc,phases,start] GC(0) Phase 2: Prepare compaction
[2025-05-18T19:51:12.667+0300][17156][12868][info][gc,phases      ] GC(0) Phase 2: Prepare compaction 2.457ms
[2025-05-18T19:51:12.667+0300][17156][12868][info][gc,phases,start] GC(0) Phase 3: Adjust pointers
[2025-05-18T19:51:12.673+0300][17156][12868][info][gc,phases      ] GC(0) Phase 3: Adjust pointers 5.604ms
[2025-05-18T19:51:12.673+0300][17156][12868][info][gc,phases,start] GC(0) Phase 4: Compact heap
[2025-05-18T19:51:12.677+0300][17156][12868][info][gc,phases      ] GC(0) Phase 4: Compact heap 3.591ms
[2025-05-18T19:51:12.677+0300][17156][12868][info][gc,phases,start] GC(0) Phase 5: Reset Metadata
[2025-05-18T19:51:12.678+0300][17156][12868][info][gc,phases      ] GC(0) Phase 5: Reset Metadata 1.236ms
[2025-05-18T19:51:12.689+0300][17156][12868][info][gc,heap        ] GC(0) Eden regions: 88->0(102)
[2025-05-18T19:51:12.689+0300][17156][12868][info][gc,heap        ] GC(0) Survivor regions: 0->0(0)
[2025-05-18T19:51:12.689+0300][17156][12868][info][gc,heap        ] GC(0) Old regions: 0->8
[2025-05-18T19:51:12.689+0300][17156][12868][info][gc,heap        ] GC(0) Humongous regions: 0->0
[2025-05-18T19:51:12.689+0300][17156][12868][info][gc,metaspace   ] GC(0) Metaspace: 15391K(15808K)->15391K(15808K) NonClass: 13879K(14080K)->13879K(14080K) Class: 1512K(1728K)->1512K(1728K)
[2025-05-18T19:51:12.689+0300][17156][12868][info][gc             ] GC(0) Pause Full (System.gc()) 174M->9M(4096M) 36.428ms
[2025-05-18T19:51:12.689+0300][17156][12868][info][gc,cpu         ] GC(0) User=0.14s Sys=0.11s Real=0.04s
[2025-05-18T19:51:14.087+0300][17156][12868][info][gc,start       ] GC(1) Pause Young (Concurrent Start) (Metadata GC Threshold)
[2025-05-18T19:51:14.087+0300][17156][12868][info][gc,task        ] GC(1) Using 8 workers of 8 for evacuation
[2025-05-18T19:51:14.096+0300][17156][12868][info][gc,phases      ] GC(1)   Pre Evacuate Collection Set: 0.3ms
[2025-05-18T19:51:14.096+0300][17156][12868][info][gc,phases      ] GC(1)   Merge Heap Roots: 0.1ms
[2025-05-18T19:51:14.096+0300][17156][12868][info][gc,phases      ] GC(1)   Evacuate Collection Set: 7.8ms
[2025-05-18T19:51:14.096+0300][17156][12868][info][gc,phases      ] GC(1)   Post Evacuate Collection Set: 0.5ms
[2025-05-18T19:51:14.096+0300][17156][12868][info][gc,phases      ] GC(1)   Other: 0.1ms
[2025-05-18T19:51:14.096+0300][17156][12868][info][gc,heap        ] GC(1) Eden regions: 62->0(99)
[2025-05-18T19:51:14.096+0300][17156][12868][info][gc,heap        ] GC(1) Survivor regions: 0->3(13)
[2025-05-18T19:51:14.096+0300][17156][12868][info][gc,heap        ] GC(1) Old regions: 8->8
[2025-05-18T19:51:14.096+0300][17156][12868][info][gc,heap        ] GC(1) Humongous regions: 0->0
[2025-05-18T19:51:14.097+0300][17156][12868][info][gc,metaspace   ] GC(1) Metaspace: 25982K(26368K)->25982K(26368K) NonClass: 23515K(23744K)->23515K(23744K) Class: 2467K(2624K)->2467K(2624K)
[2025-05-18T19:51:14.097+0300][17156][12868][info][gc             ] GC(1) Pause Young (Concurrent Start) (Metadata GC Threshold) 132M->14M(4096M) 9.477ms
[2025-05-18T19:51:14.097+0300][17156][12868][info][gc,cpu         ] GC(1) User=0.06s Sys=0.02s Real=0.01s
[2025-05-18T19:51:14.097+0300][17156][15700][info][gc             ] GC(2) Concurrent Mark Cycle
[2025-05-18T19:51:14.097+0300][17156][15700][info][gc,marking     ] GC(2) Concurrent Scan Root Regions
[2025-05-18T19:51:14.100+0300][17156][15700][info][gc,marking     ] GC(2) Concurrent Scan Root Regions 3.589ms
[2025-05-18T19:51:14.100+0300][17156][15700][info][gc,marking     ] GC(2) Concurrent Mark
[2025-05-18T19:51:14.100+0300][17156][15700][info][gc,marking     ] GC(2) Concurrent Mark From Roots
[2025-05-18T19:51:14.100+0300][17156][15700][info][gc,task        ] GC(2) Using 2 workers of 2 for marking
[2025-05-18T19:51:14.115+0300][17156][15700][info][gc,marking     ] GC(2) Concurrent Mark From Roots 14.755ms
[2025-05-18T19:51:14.115+0300][17156][15700][info][gc,marking     ] GC(2) Concurrent Preclean
[2025-05-18T19:51:14.115+0300][17156][15700][info][gc,marking     ] GC(2) Concurrent Preclean 0.049ms
[2025-05-18T19:51:14.116+0300][17156][12868][info][gc,start       ] GC(2) Pause Remark
[2025-05-18T19:51:14.119+0300][17156][12868][info][gc             ] GC(2) Pause Remark 15M->15M(4096M) 4.198ms
[2025-05-18T19:51:14.119+0300][17156][12868][info][gc,cpu         ] GC(2) User=0.00s Sys=0.00s Real=0.00s
[2025-05-18T19:51:14.119+0300][17156][15700][info][gc,marking     ] GC(2) Concurrent Mark 19.675ms
[2025-05-18T19:51:14.119+0300][17156][15700][info][gc,marking     ] GC(2) Concurrent Rebuild Remembered Sets and Scrub Regions
[2025-05-18T19:51:14.127+0300][17156][15700][info][gc,marking     ] GC(2) Concurrent Rebuild Remembered Sets and Scrub Regions 7.003ms
[2025-05-18T19:51:14.127+0300][17156][12868][info][gc,start       ] GC(2) Pause Cleanup
[2025-05-18T19:51:14.127+0300][17156][12868][info][gc             ] GC(2) Pause Cleanup 15M->15M(4096M) 0.275ms
[2025-05-18T19:51:14.127+0300][17156][12868][info][gc,cpu         ] GC(2) User=0.00s Sys=0.00s Real=0.00s
[2025-05-18T19:51:14.127+0300][17156][15700][info][gc,marking     ] GC(2) Concurrent Clear Claimed Marks
[2025-05-18T19:51:14.127+0300][17156][15700][info][gc,marking     ] GC(2) Concurrent Clear Claimed Marks 0.079ms
[2025-05-18T19:51:14.127+0300][17156][15700][info][gc,marking     ] GC(2) Concurrent Cleanup for Next Mark
[2025-05-18T19:51:14.135+0300][17156][15700][info][gc,marking     ] GC(2) Concurrent Cleanup for Next Mark 7.553ms
[2025-05-18T19:51:14.135+0300][17156][15700][info][gc             ] GC(2) Concurrent Mark Cycle 38.815ms
[2025-05-18T19:51:20.225+0300][17156][12868][info][gc,start       ] GC(3) Pause Young (Prepare Mixed) (G1 Evacuation Pause)
[2025-05-18T19:51:20.225+0300][17156][12868][info][gc,task        ] GC(3) Using 8 workers of 8 for evacuation
[2025-05-18T19:51:20.233+0300][17156][12868][info][gc,phases      ] GC(3)   Pre Evacuate Collection Set: 0.3ms
[2025-05-18T19:51:20.233+0300][17156][12868][info][gc,phases      ] GC(3)   Merge Heap Roots: 0.1ms
[2025-05-18T19:51:20.233+0300][17156][12868][info][gc,phases      ] GC(3)   Evacuate Collection Set: 4.5ms
[2025-05-18T19:51:20.233+0300][17156][12868][info][gc,phases      ] GC(3)   Post Evacuate Collection Set: 1.6ms
[2025-05-18T19:51:20.233+0300][17156][12868][info][gc,phases      ] GC(3)   Other: 0.8ms
[2025-05-18T19:51:20.233+0300][17156][12868][info][gc,heap        ] GC(3) Eden regions: 99->0(459)
[2025-05-18T19:51:20.233+0300][17156][12868][info][gc,heap        ] GC(3) Survivor regions: 3->4(13)
[2025-05-18T19:51:20.233+0300][17156][12868][info][gc,heap        ] GC(3) Old regions: 8->8
[2025-05-18T19:51:20.233+0300][17156][12868][info][gc,heap        ] GC(3) Humongous regions: 0->0
[2025-05-18T19:51:20.233+0300][17156][12868][info][gc,metaspace   ] GC(3) Metaspace: 31983K(32832K)->31983K(32832K) NonClass: 29072K(29568K)->29072K(29568K) Class: 2910K(3264K)->2910K(3264K)
[2025-05-18T19:51:20.233+0300][17156][12868][info][gc             ] GC(3) Pause Young (Prepare Mixed) (G1 Evacuation Pause) 212M->16M(4096M) 7.828ms
[2025-05-18T19:51:20.233+0300][17156][12868][info][gc,cpu         ] GC(3) User=0.00s Sys=0.02s Real=0.01s
[2025-05-18T19:51:49.271+0300][17156][12868][info][gc,start       ] GC(4) Pause Young (Mixed) (G1 Evacuation Pause)
[2025-05-18T19:51:49.271+0300][17156][12868][info][gc,task        ] GC(4) Using 8 workers of 8 for evacuation
[2025-05-18T19:51:49.279+0300][17156][12868][info][gc,phases      ] GC(4)   Pre Evacuate Collection Set: 0.3ms
[2025-05-18T19:51:49.279+0300][17156][12868][info][gc,phases      ] GC(4)   Merge Heap Roots: 0.2ms
[2025-05-18T19:51:49.279+0300][17156][12868][info][gc,phases      ] GC(4)   Evacuate Collection Set: 5.0ms
[2025-05-18T19:51:49.279+0300][17156][12868][info][gc,phases      ] GC(4)   Post Evacuate Collection Set: 1.8ms
[2025-05-18T19:51:49.279+0300][17156][12868][info][gc,phases      ] GC(4)   Other: 0.1ms
[2025-05-18T19:51:49.279+0300][17156][12868][info][gc,heap        ] GC(4) Eden regions: 459->0(1224)
[2025-05-18T19:51:49.279+0300][17156][12868][info][gc,heap        ] GC(4) Survivor regions: 4->4(58)
[2025-05-18T19:51:49.279+0300][17156][12868][info][gc,heap        ] GC(4) Old regions: 8->8
[2025-05-18T19:51:49.279+0300][17156][12868][info][gc,heap        ] GC(4) Humongous regions: 0->0
[2025-05-18T19:51:49.279+0300][17156][12868][info][gc,metaspace   ] GC(4) Metaspace: 34274K(35136K)->34274K(35136K) NonClass: 31335K(31808K)->31335K(31808K) Class: 2938K(3328K)->2938K(3328K)
[2025-05-18T19:51:49.279+0300][17156][12868][info][gc             ] GC(4) Pause Young (Mixed) (G1 Evacuation Pause) 934M->16M(4096M) 7.588ms
[2025-05-18T19:51:49.279+0300][17156][12868][info][gc,cpu         ] GC(4) User=0.03s Sys=0.00s Real=0.01s
[2025-05-18T19:53:07.116+0300][17156][12868][info][gc,start       ] GC(5) Pause Young (Normal) (G1 Evacuation Pause)
[2025-05-18T19:53:07.116+0300][17156][12868][info][gc,task        ] GC(5) Using 8 workers of 8 for evacuation
[2025-05-18T19:53:07.123+0300][17156][12868][info][gc,phases      ] GC(5)   Pre Evacuate Collection Set: 0.4ms
[2025-05-18T19:53:07.124+0300][17156][12868][info][gc,phases      ] GC(5)   Merge Heap Roots: 0.1ms
[2025-05-18T19:53:07.124+0300][17156][12868][info][gc,phases      ] GC(5)   Evacuate Collection Set: 4.8ms
[2025-05-18T19:53:07.124+0300][17156][12868][info][gc,phases      ] GC(5)   Post Evacuate Collection Set: 1.4ms
[2025-05-18T19:53:07.124+0300][17156][12868][info][gc,phases      ] GC(5)   Other: 0.3ms
[2025-05-18T19:53:07.124+0300][17156][12868][info][gc,heap        ] GC(5) Eden regions: 1224->0(1224)
[2025-05-18T19:53:07.124+0300][17156][12868][info][gc,heap        ] GC(5) Survivor regions: 4->4(154)
[2025-05-18T19:53:07.124+0300][17156][12868][info][gc,heap        ] GC(5) Old regions: 8->8
[2025-05-18T19:53:07.124+0300][17156][12868][info][gc,heap        ] GC(5) Humongous regions: 0->0
[2025-05-18T19:53:07.124+0300][17156][12868][info][gc,metaspace   ] GC(5) Metaspace: 34503K(35392K)->34503K(35392K) NonClass: 31562K(32064K)->31562K(32064K) Class: 2940K(3328K)->2940K(3328K)
[2025-05-18T19:53:07.124+0300][17156][12868][info][gc             ] GC(5) Pause Young (Normal) (G1 Evacuation Pause) 2464M->16M(4096M) 7.367ms
[2025-05-18T19:53:07.124+0300][17156][12868][info][gc,cpu         ] GC(5) User=0.02s Sys=0.02s Real=0.01s
[2025-05-18T19:54:10.120+0300][17156][12868][info][gc,start       ] GC(6) Pause Full (System.gc())
[2025-05-18T19:54:10.120+0300][17156][12868][info][gc,task        ] GC(6) Using 8 workers of 8 for full compaction
[2025-05-18T19:54:10.121+0300][17156][12868][info][gc,phases,start] GC(6) Phase 1: Mark live objects
[2025-05-18T19:54:10.143+0300][17156][12868][info][gc,phases      ] GC(6) Phase 1: Mark live objects 21.967ms
[2025-05-18T19:54:10.143+0300][17156][12868][info][gc,phases,start] GC(6) Phase 2: Prepare compaction
[2025-05-18T19:54:10.147+0300][17156][12868][info][gc,phases      ] GC(6) Phase 2: Prepare compaction 3.621ms
[2025-05-18T19:54:10.147+0300][17156][12868][info][gc,phases,start] GC(6) Phase 3: Adjust pointers
[2025-05-18T19:54:10.157+0300][17156][12868][info][gc,phases      ] GC(6) Phase 3: Adjust pointers 9.977ms
[2025-05-18T19:54:10.157+0300][17156][12868][info][gc,phases,start] GC(6) Phase 4: Compact heap
[2025-05-18T19:54:10.160+0300][17156][12868][info][gc,phases      ] GC(6) Phase 4: Compact heap 3.416ms
[2025-05-18T19:54:10.160+0300][17156][12868][info][gc,phases,start] GC(6) Phase 5: Reset Metadata
[2025-05-18T19:54:10.162+0300][17156][12868][info][gc,phases      ] GC(6) Phase 5: Reset Metadata 1.788ms
[2025-05-18T19:54:10.175+0300][17156][12868][info][gc,heap        ] GC(6) Eden regions: 1004->0(1228)
[2025-05-18T19:54:10.175+0300][17156][12868][info][gc,heap        ] GC(6) Survivor regions: 4->0(154)
[2025-05-18T19:54:10.175+0300][17156][12868][info][gc,heap        ] GC(6) Old regions: 8->10
[2025-05-18T19:54:10.175+0300][17156][12868][info][gc,heap        ] GC(6) Humongous regions: 0->0
[2025-05-18T19:54:10.175+0300][17156][12868][info][gc,metaspace   ] GC(6) Metaspace: 34640K(35520K)->33193K(35520K) NonClass: 31691K(32192K)->30412K(32192K) Class: 2949K(3328K)->2781K(3328K)
[2025-05-18T19:54:10.175+0300][17156][12868][info][gc             ] GC(6) Pause Full (System.gc()) 2022M->13M(4096M) 54.826ms
[2025-05-18T19:54:10.175+0300][17156][12868][info][gc,cpu         ] GC(6) User=0.11s Sys=0.06s Real=0.06s
[2025-05-18T19:55:27.062+0300][17156][12868][info][gc,start       ] GC(7) Pause Young (Normal) (G1 Evacuation Pause)
[2025-05-18T19:55:27.062+0300][17156][12868][info][gc,task        ] GC(7) Using 8 workers of 8 for evacuation
[2025-05-18T19:55:27.065+0300][17156][12868][info][gc,phases      ] GC(7)   Pre Evacuate Collection Set: 0.4ms
[2025-05-18T19:55:27.065+0300][17156][12868][info][gc,phases      ] GC(7)   Merge Heap Roots: 0.3ms
[2025-05-18T19:55:27.065+0300][17156][12868][info][gc,phases      ] GC(7)   Evacuate Collection Set: 1.1ms
[2025-05-18T19:55:27.065+0300][17156][12868][info][gc,phases      ] GC(7)   Post Evacuate Collection Set: 1.1ms
[2025-05-18T19:55:27.065+0300][17156][12868][info][gc,phases      ] GC(7)   Other: 0.1ms
[2025-05-18T19:55:27.065+0300][17156][12868][info][gc,heap        ] GC(7) Eden regions: 1228->0(1226)
[2025-05-18T19:55:27.065+0300][17156][12868][info][gc,heap        ] GC(7) Survivor regions: 0->2(154)
[2025-05-18T19:55:27.065+0300][17156][12868][info][gc,heap        ] GC(7) Old regions: 10->10
[2025-05-18T19:55:27.065+0300][17156][12868][info][gc,heap        ] GC(7) Humongous regions: 0->0
[2025-05-18T19:55:27.065+0300][17156][12868][info][gc,metaspace   ] GC(7) Metaspace: 34326K(35584K)->34326K(35584K) NonClass: 31465K(32256K)->31465K(32256K) Class: 2860K(3328K)->2860K(3328K)
[2025-05-18T19:55:27.065+0300][17156][12868][info][gc             ] GC(7) Pause Young (Normal) (G1 Evacuation Pause) 2469M->16M(4096M) 3.293ms
[2025-05-18T19:55:27.065+0300][17156][12868][info][gc,cpu         ] GC(7) User=0.00s Sys=0.00s Real=0.00s
[2025-05-18T19:56:45.035+0300][17156][12868][info][gc,start       ] GC(8) Pause Young (Normal) (G1 Evacuation Pause)
[2025-05-18T19:56:45.035+0300][17156][12868][info][gc,task        ] GC(8) Using 8 workers of 8 for evacuation
[2025-05-18T19:56:45.038+0300][17156][12868][info][gc,phases      ] GC(8)   Pre Evacuate Collection Set: 0.3ms
[2025-05-18T19:56:45.038+0300][17156][12868][info][gc,phases      ] GC(8)   Merge Heap Roots: 0.2ms
[2025-05-18T19:56:45.038+0300][17156][12868][info][gc,phases      ] GC(8)   Evacuate Collection Set: 1.3ms
[2025-05-18T19:56:45.038+0300][17156][12868][info][gc,phases      ] GC(8)   Post Evacuate Collection Set: 1.1ms
[2025-05-18T19:56:45.038+0300][17156][12868][info][gc,phases      ] GC(8)   Other: 0.1ms
[2025-05-18T19:56:45.038+0300][17156][12868][info][gc,heap        ] GC(8) Eden regions: 1226->0(1226)
[2025-05-18T19:56:45.038+0300][17156][12868][info][gc,heap        ] GC(8) Survivor regions: 2->2(154)
[2025-05-18T19:56:45.038+0300][17156][12868][info][gc,heap        ] GC(8) Old regions: 10->10
[2025-05-18T19:56:45.038+0300][17156][12868][info][gc,heap        ] GC(8) Humongous regions: 0->0
[2025-05-18T19:56:45.038+0300][17156][12868][info][gc,metaspace   ] GC(8) Metaspace: 34338K(35584K)->34338K(35584K) NonClass: 31476K(32256K)->31476K(32256K) Class: 2861K(3328K)->2861K(3328K)
[2025-05-18T19:56:45.038+0300][17156][12868][info][gc             ] GC(8) Pause Young (Normal) (G1 Evacuation Pause) 2468M->16M(4096M) 3.238ms
[2025-05-18T19:56:45.038+0300][17156][12868][info][gc,cpu         ] GC(8) User=0.00s Sys=0.00s Real=0.00s
[2025-05-18T19:57:00.257+0300][17156][12868][info][gc,start       ] GC(9) Pause Full (System.gc())
[2025-05-18T19:57:00.257+0300][17156][12868][info][gc,task        ] GC(9) Using 8 workers of 8 for full compaction
[2025-05-18T19:57:00.257+0300][17156][12868][info][gc,phases,start] GC(9) Phase 1: Mark live objects
[2025-05-18T19:57:00.285+0300][17156][12868][info][gc,phases      ] GC(9) Phase 1: Mark live objects 25.885ms
[2025-05-18T19:57:00.285+0300][17156][12868][info][gc,phases,start] GC(9) Phase 2: Prepare compaction
[2025-05-18T19:57:00.286+0300][17156][12868][info][gc,phases      ] GC(9) Phase 2: Prepare compaction 1.773ms
[2025-05-18T19:57:00.286+0300][17156][12868][info][gc,phases,start] GC(9) Phase 3: Adjust pointers
[2025-05-18T19:57:00.296+0300][17156][12868][info][gc,phases      ] GC(9) Phase 3: Adjust pointers 9.305ms
[2025-05-18T19:57:00.296+0300][17156][12868][info][gc,phases,start] GC(9) Phase 4: Compact heap
[2025-05-18T19:57:00.298+0300][17156][12868][info][gc,phases      ] GC(9) Phase 4: Compact heap 2.001ms
[2025-05-18T19:57:00.298+0300][17156][12868][info][gc,phases,start] GC(9) Phase 5: Reset Metadata
[2025-05-18T19:57:00.299+0300][17156][12868][info][gc,phases      ] GC(9) Phase 5: Reset Metadata 1.334ms
[2025-05-18T19:57:00.309+0300][17156][12868][info][gc,heap        ] GC(9) Eden regions: 237->0(1228)
[2025-05-18T19:57:00.309+0300][17156][12868][info][gc,heap        ] GC(9) Survivor regions: 2->0(154)
[2025-05-18T19:57:00.309+0300][17156][12868][info][gc,heap        ] GC(9) Old regions: 10->9
[2025-05-18T19:57:00.311+0300][17156][12868][info][gc,heap        ] GC(9) Humongous regions: 0->0
[2025-05-18T19:57:00.311+0300][17156][12868][info][gc,metaspace   ] GC(9) Metaspace: 34352K(35648K)->33305K(35648K) NonClass: 31489K(32320K)->30520K(32320K) Class: 2862K(3328K)->2784K(3328K)
[2025-05-18T19:57:00.311+0300][17156][12868][info][gc             ] GC(9) Pause Full (System.gc()) 488M->13M(4096M) 52.457ms
[2025-05-18T19:57:00.311+0300][17156][12868][info][gc,cpu         ] GC(9) User=0.05s Sys=0.00s Real=0.05s
[2025-05-18T19:58:18.161+0300][17156][12868][info][gc,start       ] GC(10) Pause Young (Normal) (G1 Evacuation Pause)
[2025-05-18T19:58:18.161+0300][17156][12868][info][gc,task        ] GC(10) Using 8 workers of 8 for evacuation
[2025-05-18T19:58:18.163+0300][17156][12868][info][gc,phases      ] GC(10)   Pre Evacuate Collection Set: 0.3ms
[2025-05-18T19:58:18.164+0300][17156][12868][info][gc,phases      ] GC(10)   Merge Heap Roots: 0.3ms
[2025-05-18T19:58:18.164+0300][17156][12868][info][gc,phases      ] GC(10)   Evacuate Collection Set: 0.9ms
[2025-05-18T19:58:18.164+0300][17156][12868][info][gc,phases      ] GC(10)   Post Evacuate Collection Set: 1.1ms
[2025-05-18T19:58:18.164+0300][17156][12868][info][gc,phases      ] GC(10)   Other: 0.2ms
[2025-05-18T19:58:18.164+0300][17156][12868][info][gc,heap        ] GC(10) Eden regions: 1228->0(1226)
[2025-05-18T19:58:18.164+0300][17156][12868][info][gc,heap        ] GC(10) Survivor regions: 0->2(154)
[2025-05-18T19:58:18.164+0300][17156][12868][info][gc,heap        ] GC(10) Old regions: 9->9
[2025-05-18T19:58:18.164+0300][17156][12868][info][gc,heap        ] GC(10) Humongous regions: 0->0
[2025-05-18T19:58:18.164+0300][17156][12868][info][gc,metaspace   ] GC(10) Metaspace: 34377K(35648K)->34377K(35648K) NonClass: 31515K(32320K)->31515K(32320K) Class: 2861K(3328K)->2861K(3328K)
[2025-05-18T19:58:18.164+0300][17156][12868][info][gc             ] GC(10) Pause Young (Normal) (G1 Evacuation Pause) 2469M->16M(4096M) 3.130ms
[2025-05-18T19:58:18.164+0300][17156][12868][info][gc,cpu         ] GC(10) User=0.00s Sys=0.00s Real=0.00s
[2025-05-18T19:59:37.682+0300][17156][12868][info][gc,start       ] GC(11) Pause Young (Normal) (G1 Evacuation Pause)
[2025-05-18T19:59:37.682+0300][17156][12868][info][gc,task        ] GC(11) Using 8 workers of 8 for evacuation
[2025-05-18T19:59:37.685+0300][17156][12868][info][gc,phases      ] GC(11)   Pre Evacuate Collection Set: 0.3ms
[2025-05-18T19:59:37.685+0300][17156][12868][info][gc,phases      ] GC(11)   Merge Heap Roots: 0.1ms
[2025-05-18T19:59:37.685+0300][17156][12868][info][gc,phases      ] GC(11)   Evacuate Collection Set: 1.0ms
[2025-05-18T19:59:37.685+0300][17156][12868][info][gc,phases      ] GC(11)   Post Evacuate Collection Set: 1.0ms
[2025-05-18T19:59:37.685+0300][17156][12868][info][gc,phases      ] GC(11)   Other: 0.1ms
[2025-05-18T19:59:37.685+0300][17156][12868][info][gc,heap        ] GC(11) Eden regions: 1226->0(1226)
[2025-05-18T19:59:37.685+0300][17156][12868][info][gc,heap        ] GC(11) Survivor regions: 2->2(154)
[2025-05-18T19:59:37.685+0300][17156][12868][info][gc,heap        ] GC(11) Old regions: 9->9
[2025-05-18T19:59:37.685+0300][17156][12868][info][gc,heap        ] GC(11) Humongous regions: 0->0
[2025-05-18T19:59:37.685+0300][17156][12868][info][gc,metaspace   ] GC(11) Metaspace: 34381K(35648K)->34381K(35648K) NonClass: 31518K(32320K)->31518K(32320K) Class: 2862K(3328K)->2862K(3328K)
[2025-05-18T19:59:37.685+0300][17156][12868][info][gc             ] GC(11) Pause Young (Normal) (G1 Evacuation Pause) 2468M->16M(4096M) 2.858ms
[2025-05-18T19:59:37.685+0300][17156][12868][info][gc,cpu         ] GC(11) User=0.09s Sys=0.02s Real=0.00s
[2025-05-18T19:59:53.104+0300][17156][6412 ][info][gc,heap,exit   ] Heap
[2025-05-18T19:59:53.104+0300][17156][6412 ][info][gc,heap,exit   ]  garbage-first heap   total 4194304K, used 497738K [0x0000000700000000, 0x0000000800000000)
[2025-05-18T19:59:53.104+0300][17156][6412 ][info][gc,heap,exit   ]   region size 2048K, 237 young (485376K), 2 survivors (4096K)
[2025-05-18T19:59:53.104+0300][17156][6412 ][info][gc,heap,exit   ]  Metaspace       used 34427K, committed 35648K, reserved 1114112K
[2025-05-18T19:59:53.104+0300][17156][6412 ][info][gc,heap,exit   ]   class space    used 2865K, committed 3328K, reserved 1048576K
