[2025-06-17T22:58:47.237+0300][6080][3664][debug][gc,heap] Minimum heap 2147483648  Initial heap 2147483648  Maximum heap 2147483648
[2025-06-17T22:58:47.237+0300][6080][3664][info ][gc     ] Using G1
[2025-06-17T22:58:47.237+0300][6080][3664][debug][gc     ] ConcGCThreads: 2 offset 16
[2025-06-17T22:58:47.237+0300][6080][3664][debug][gc     ] ParallelGCThreads: 8
[2025-06-17T22:58:47.237+0300][6080][3664][debug][gc     ] Initialize mark stack with 4096 chunks, maximum 524288
[2025-06-17T22:58:48.618+0300][6080][17800][debug][safepoint] Safepoint synchronization initiated using striped semaphore wait barrier. (11 threads)
[2025-06-17T22:58:48.618+0300][6080][17800][info ][safepoint] Safepoint "Cleanup", Time since last: 1351801300 ns, Reaching safepoint: 370700 ns, Cleanup: 59600 ns, At safepoint: 7000 ns, Total: 437300 ns
[2025-06-17T22:58:49.093+0300][6080][17800][debug][safepoint] Safepoint synchronization initiated using striped semaphore wait barrier. (13 threads)
[2025-06-17T22:58:49.093+0300][6080][17800][info ][safepoint] Safepoint "ICBufferFull", Time since last: 474631200 ns, Reaching safepoint: 66500 ns, Cleanup: 108000 ns, At safepoint: 5000 ns, Total: 179500 ns
[2025-06-17T22:58:49.661+0300][6080][17800][debug][safepoint] Safepoint synchronization initiated using striped semaphore wait barrier. (13 threads)
[2025-06-17T22:58:49.661+0300][6080][17800][info ][safepoint] Safepoint "ICBufferFull", Time since last: 566373600 ns, Reaching safepoint: 38800 ns, Cleanup: 116700 ns, At safepoint: 7300 ns, Total: 162800 ns
[2025-06-17T22:58:49.930+0300][6080][17800][debug][safepoint] Safepoint synchronization initiated using striped semaphore wait barrier. (13 threads)
[2025-06-17T22:58:49.930+0300][6080][17800][debug][gc,heap  ] GC(0) Heap before GC invocations=0 (full 0):
[2025-06-17T22:58:49.930+0300][6080][17800][debug][gc,heap  ] GC(0)  garbage-first heap   total 2097152K, used 103424K [0x0000000080000000, 0x0000000100000000)
[2025-06-17T22:58:49.930+0300][6080][17800][debug][gc,heap  ] GC(0)   region size 1024K, 102 young (104448K), 0 survivors (0K)
[2025-06-17T22:58:49.930+0300][6080][17800][debug][gc,heap  ] GC(0)  Metaspace       used 13071K, committed 13376K, reserved 1114112K
[2025-06-17T22:58:49.930+0300][6080][17800][debug][gc,heap  ] GC(0)   class space    used 1266K, committed 1408K, reserved 1048576K
[2025-06-17T22:58:49.942+0300][6080][17800][info ][gc,phases] GC(0)   Pre Evacuate Collection Set: 0.4ms
[2025-06-17T22:58:49.942+0300][6080][17800][debug][gc,phases] GC(0)     Pre Evacuate Prepare: 0.0ms
[2025-06-17T22:58:49.942+0300][6080][17800][debug][gc,phases] GC(0)       JT Retire TLABs And Flush Logs (ms): Min:  0.0, Avg:  0.0, Max:  0.0, Diff:  0.0, Sum:  0.0, Workers: 2
[2025-06-17T22:58:49.942+0300][6080][17800][debug][gc,phases] GC(0)       Non-JT Flush Logs (ms):        Min:  0.0, Avg:  0.0, Max:  0.0, Diff:  0.0, Sum:  0.0, Workers: 1
[2025-06-17T22:58:49.942+0300][6080][17800][debug][gc,phases] GC(0)     Choose Collection Set: 0.0ms
[2025-06-17T22:58:49.942+0300][6080][17800][debug][gc,phases] GC(0)     Region Register: 0.3ms
[2025-06-17T22:58:49.942+0300][6080][17800][debug][gc,phases] GC(0)     Prepare Heap Roots: 0.0ms
[2025-06-17T22:58:49.942+0300][6080][17800][info ][gc,phases] GC(0)   Merge Heap Roots: 0.1ms
[2025-06-17T22:58:49.942+0300][6080][17800][debug][gc,phases] GC(0)     Prepare Merge Heap Roots: 0.1ms
[2025-06-17T22:58:49.942+0300][6080][17800][debug][gc,phases] GC(0)     Remembered Sets (ms):          Min:  0.0, Avg:  0.0, Max:  0.0, Diff:  0.0, Sum:  0.1, Workers: 8
[2025-06-17T22:58:49.942+0300][6080][17800][debug][gc,phases] GC(0)       Eager Reclaim (ms):            skipped
[2025-06-17T22:58:49.942+0300][6080][17800][debug][gc,phases] GC(0)       Merged Inline                  Min: 0, Avg:  0.0, Max: 0, Diff: 0, Sum: 0, Workers: 8
[2025-06-17T22:58:49.942+0300][6080][17800][debug][gc,phases] GC(0)       Merged ArrayOfCards            Min: 0, Avg:  0.0, Max: 0, Diff: 0, Sum: 0, Workers: 8
[2025-06-17T22:58:49.942+0300][6080][17800][debug][gc,phases] GC(0)       Merged Howl                    Min: 0, Avg:  0.0, Max: 0, Diff: 0, Sum: 0, Workers: 8
[2025-06-17T22:58:49.942+0300][6080][17800][debug][gc,phases] GC(0)       Merged Full                    Min: 0, Avg:  0.0, Max: 0, Diff: 0, Sum: 0, Workers: 8
[2025-06-17T22:58:49.942+0300][6080][17800][debug][gc,phases] GC(0)       Merged Howl Inline             Min: 0, Avg:  0.0, Max: 0, Diff: 0, Sum: 0, Workers: 8
[2025-06-17T22:58:49.942+0300][6080][17800][debug][gc,phases] GC(0)       Merged Howl ArrayOfCards       Min: 0, Avg:  0.0, Max: 0, Diff: 0, Sum: 0, Workers: 8
[2025-06-17T22:58:49.942+0300][6080][17800][debug][gc,phases] GC(0)       Merged Howl BitMap             Min: 0, Avg:  0.0, Max: 0, Diff: 0, Sum: 0, Workers: 8
[2025-06-17T22:58:49.942+0300][6080][17800][debug][gc,phases] GC(0)       Merged Howl Full               Min: 0, Avg:  0.0, Max: 0, Diff: 0, Sum: 0, Workers: 8
[2025-06-17T22:58:49.942+0300][6080][17800][debug][gc,phases] GC(0)       Merged Cards                   Min: 8, Avg:  8.0, Max: 8, Diff: 0, Sum: 64, Workers: 8
[2025-06-17T22:58:49.942+0300][6080][17800][debug][gc,phases] GC(0)     Log Buffers (ms):              Min:  0.0, Avg:  0.0, Max:  0.0, Diff:  0.0, Sum:  0.0, Workers: 8
[2025-06-17T22:58:49.942+0300][6080][17800][debug][gc,phases] GC(0)       Dirty Cards:                   Min: 0, Avg:  0.0, Max: 0, Diff: 0, Sum: 0, Workers: 8
[2025-06-17T22:58:49.942+0300][6080][17800][debug][gc,phases] GC(0)       Skipped Cards:                 Min: 0, Avg:  0.0, Max: 0, Diff: 0, Sum: 0, Workers: 8
[2025-06-17T22:58:49.942+0300][6080][17800][info ][gc,phases] GC(0)   Evacuate Collection Set: 6.5ms
[2025-06-17T22:58:49.942+0300][6080][17800][debug][gc,phases] GC(0)     Ext Root Scanning (ms):        Min:  0.0, Avg:  0.5, Max:  1.8, Diff:  1.8, Sum:  3.8, Workers: 8
[2025-06-17T22:58:49.942+0300][6080][17800][debug][gc,phases] GC(0)     Scan Heap Roots (ms):          Min:  0.0, Avg:  0.0, Max:  0.0, Diff:  0.0, Sum:  0.0, Workers: 8
[2025-06-17T22:58:49.942+0300][6080][17800][debug][gc,phases] GC(0)       Scanned Cards:                 Min: 0, Avg:  0.0, Max: 0, Diff: 0, Sum: 0, Workers: 8
[2025-06-17T22:58:49.942+0300][6080][17800][debug][gc,phases] GC(0)       Scanned Blocks:                Min: 0, Avg:  0.0, Max: 0, Diff: 0, Sum: 0, Workers: 8
[2025-06-17T22:58:49.942+0300][6080][17800][debug][gc,phases] GC(0)       Claimed Chunks:                Min: 0, Avg:  0.0, Max: 0, Diff: 0, Sum: 0, Workers: 8
[2025-06-17T22:58:49.942+0300][6080][17800][debug][gc,phases] GC(0)       Found Roots:                   Min: 0, Avg:  0.0, Max: 0, Diff: 0, Sum: 0, Workers: 8
[2025-06-17T22:58:49.942+0300][6080][17800][debug][gc,phases] GC(0)     Code Root Scan (ms):           Min:  0.0, Avg:  0.5, Max:  1.3, Diff:  1.2, Sum:  4.1, Workers: 8
[2025-06-17T22:58:49.942+0300][6080][17800][debug][gc,phases] GC(0)       Scanned Nmethods               Min: 0, Avg: 186.2, Max: 604, Diff: 604, Sum: 1490, Workers: 8
[2025-06-17T22:58:49.942+0300][6080][17800][debug][gc,phases] GC(0)     Object Copy (ms):              Min:  1.5, Avg:  4.5, Max:  5.5, Diff:  4.1, Sum: 35.8, Workers: 8
[2025-06-17T22:58:49.942+0300][6080][17800][debug][gc,phases] GC(0)     Termination (ms):              Min:  0.0, Avg:  0.3, Max:  1.2, Diff:  1.1, Sum:  2.7, Workers: 8
[2025-06-17T22:58:49.942+0300][6080][17800][debug][gc,phases] GC(0)       Termination Attempts:          Min: 1, Avg: 25.1, Max: 43, Diff: 42, Sum: 201, Workers: 8
[2025-06-17T22:58:49.942+0300][6080][17800][debug][gc,phases] GC(0)     GC Worker Other (ms):          Min:  0.0, Avg:  0.0, Max:  0.0, Diff:  0.0, Sum:  0.2, Workers: 8
[2025-06-17T22:58:49.942+0300][6080][17800][debug][gc,phases] GC(0)     GC Worker Total (ms):          Min:  1.6, Avg:  5.8, Max:  6.4, Diff:  4.8, Sum: 46.6, Workers: 8
[2025-06-17T22:58:49.942+0300][6080][17800][info ][gc,phases] GC(0)   Post Evacuate Collection Set: 1.1ms
[2025-06-17T22:58:49.942+0300][6080][17800][debug][gc,phases] GC(0)     NMethod List Cleanup: 0.2ms
[2025-06-17T22:58:49.942+0300][6080][17800][debug][gc,phases] GC(0)     Reference Processing: 0.3ms
[2025-06-17T22:58:49.942+0300][6080][17800][debug][gc,phases] GC(0)     Weak Processing: 0.3ms
[2025-06-17T22:58:49.942+0300][6080][17800][debug][gc,phases] GC(0)       VM Weak                        Min:  0.0, Avg:  0.0, Max:  0.0, Diff:  0.0, Sum:  0.0, Workers: 8
[2025-06-17T22:58:49.942+0300][6080][17800][debug][gc,phases] GC(0)         Dead                           Min: 0, Avg:  0.0, Max: 0, Diff: 0, Sum: 0, Workers: 8
[2025-06-17T22:58:49.942+0300][6080][17800][debug][gc,phases] GC(0)         Total                          Min: 0, Avg: 20.2, Max: 64, Diff: 64, Sum: 162, Workers: 8
[2025-06-17T22:58:49.942+0300][6080][17800][debug][gc,phases] GC(0)       ObjectSynchronizer Weak        Min:  0.0, Avg:  0.0, Max:  0.0, Diff:  0.0, Sum:  0.0, Workers: 8
[2025-06-17T22:58:49.942+0300][6080][17800][debug][gc,phases] GC(0)         Dead                           Min: 0, Avg:  0.0, Max: 0, Diff: 0, Sum: 0, Workers: 8
[2025-06-17T22:58:49.942+0300][6080][17800][debug][gc,phases] GC(0)         Total                          Min: 0, Avg:  0.8, Max: 6, Diff: 6, Sum: 6, Workers: 8
[2025-06-17T22:58:49.942+0300][6080][17800][debug][gc,phases] GC(0)       JVMTI Tag Weak OopStorage      Min:  0.0, Avg:  0.0, Max:  0.0, Diff:  0.0, Sum:  0.0, Workers: 8
[2025-06-17T22:58:49.942+0300][6080][17800][debug][gc,phases] GC(0)         Dead                           Min: 0, Avg:  0.0, Max: 0, Diff: 0, Sum: 0, Workers: 8
[2025-06-17T22:58:49.942+0300][6080][17800][debug][gc,phases] GC(0)         Total                          Min: 0, Avg:  0.0, Max: 0, Diff: 0, Sum: 0, Workers: 8
[2025-06-17T22:58:49.942+0300][6080][17800][debug][gc,phases] GC(0)       StringTable Weak               Min:  0.0, Avg:  0.1, Max:  0.2, Diff:  0.2, Sum:  1.1, Workers: 8
[2025-06-17T22:58:49.942+0300][6080][17800][debug][gc,phases] GC(0)         Dead                           Min: 0, Avg:  7.2, Max: 14, Diff: 14, Sum: 58, Workers: 8
[2025-06-17T22:58:49.942+0300][6080][17800][debug][gc,phases] GC(0)         Total                          Min: 64, Avg: 2190.5, Max: 3840, Diff: 3776, Sum: 17524, Workers: 8
[2025-06-17T22:58:49.942+0300][6080][17800][debug][gc,phases] GC(0)       ResolvedMethodTable Weak       Min:  0.0, Avg:  0.0, Max:  0.0, Diff:  0.0, Sum:  0.1, Workers: 8
[2025-06-17T22:58:49.942+0300][6080][17800][debug][gc,phases] GC(0)         Dead                           Min: 0, Avg: 11.6, Max: 22, Diff: 22, Sum: 93, Workers: 8
[2025-06-17T22:58:49.942+0300][6080][17800][debug][gc,phases] GC(0)         Total                          Min: 64, Avg: 120.8, Max: 192, Diff: 128, Sum: 966, Workers: 8
[2025-06-17T22:58:49.942+0300][6080][17800][debug][gc,phases] GC(0)       JNI Weak                       Min:  0.0, Avg:  0.0, Max:  0.0, Diff:  0.0, Sum:  0.0, Workers: 8
[2025-06-17T22:58:49.942+0300][6080][17800][debug][gc,phases] GC(0)         Dead                           Min: 0, Avg:  0.0, Max: 0, Diff: 0, Sum: 0, Workers: 8
[2025-06-17T22:58:49.942+0300][6080][17800][debug][gc,phases] GC(0)         Total                          Min: 0, Avg:  0.1, Max: 1, Diff: 1, Sum: 1, Workers: 8
[2025-06-17T22:58:49.942+0300][6080][17800][debug][gc,phases] GC(0)       StringDedup Table Weak         Min:  0.0, Avg:  0.0, Max:  0.0, Diff:  0.0, Sum:  0.0, Workers: 8
[2025-06-17T22:58:49.942+0300][6080][17800][debug][gc,phases] GC(0)         Dead                           Min: 0, Avg:  0.0, Max: 0, Diff: 0, Sum: 0, Workers: 8
[2025-06-17T22:58:49.942+0300][6080][17800][debug][gc,phases] GC(0)         Total                          Min: 0, Avg:  0.0, Max: 0, Diff: 0, Sum: 0, Workers: 8
[2025-06-17T22:58:49.942+0300][6080][17800][debug][gc,phases] GC(0)       StringDedup Requests0 Weak     Min:  0.0, Avg:  0.0, Max:  0.0, Diff:  0.0, Sum:  0.0, Workers: 8
[2025-06-17T22:58:49.942+0300][6080][17800][debug][gc,phases] GC(0)         Dead                           Min: 0, Avg:  0.0, Max: 0, Diff: 0, Sum: 0, Workers: 8
[2025-06-17T22:58:49.942+0300][6080][17800][debug][gc,phases] GC(0)         Total                          Min: 0, Avg:  0.0, Max: 0, Diff: 0, Sum: 0, Workers: 8
[2025-06-17T22:58:49.942+0300][6080][17800][debug][gc,phases] GC(0)       StringDedup Requests1 Weak     Min:  0.0, Avg:  0.0, Max:  0.0, Diff:  0.0, Sum:  0.0, Workers: 8
[2025-06-17T22:58:49.942+0300][6080][17800][debug][gc,phases] GC(0)         Dead                           Min: 0, Avg:  0.0, Max: 0, Diff: 0, Sum: 0, Workers: 8
[2025-06-17T22:58:49.942+0300][6080][17800][debug][gc,phases] GC(0)         Total                          Min: 0, Avg:  0.0, Max: 0, Diff: 0, Sum: 0, Workers: 8
[2025-06-17T22:58:49.942+0300][6080][17800][debug][gc,phases] GC(0)       Weak JFR Old Object Samples    Min:  0.0, Avg:  0.0, Max:  0.0, Diff:  0.0, Sum:  0.0, Workers: 8
[2025-06-17T22:58:49.942+0300][6080][17800][debug][gc,phases] GC(0)         Dead                           Min: 0, Avg:  0.0, Max: 0, Diff: 0, Sum: 0, Workers: 8
[2025-06-17T22:58:49.942+0300][6080][17800][debug][gc,phases] GC(0)         Total                          Min: 0, Avg:  0.0, Max: 0, Diff: 0, Sum: 0, Workers: 8
[2025-06-17T22:58:49.942+0300][6080][17800][debug][gc,phases] GC(0)     Post Evacuate Cleanup 1: 0.1ms
[2025-06-17T22:58:49.942+0300][6080][17800][debug][gc,phases] GC(0)       Merge Per-Thread State (ms):   Min:  0.0, Avg:  0.0, Max:  0.0, Diff:  0.0, Sum:  0.0, Workers: 1
[2025-06-17T22:58:49.942+0300][6080][17800][debug][gc,phases] GC(0)         Copied Bytes                   Min: 209368, Avg: 1101263.0, Max: 1717064, Diff: 1507696, Sum: 8810104, Workers: 8
[2025-06-17T22:58:49.942+0300][6080][17800][debug][gc,phases] GC(0)         LAB Waste                      Min: 624, Avg: 1994.0, Max: 9848, Diff: 9224, Sum: 15952, Workers: 8
[2025-06-17T22:58:49.942+0300][6080][17800][debug][gc,phases] GC(0)         LAB Undo Waste                 Min: 0, Avg:  0.0, Max: 0, Diff: 0, Sum: 0, Workers: 8
[2025-06-17T22:58:49.942+0300][6080][17800][debug][gc,phases] GC(0)       Clear Logged Cards (ms):       Min:  0.0, Avg:  0.0, Max:  0.0, Diff:  0.0, Sum:  0.0, Workers: 3
[2025-06-17T22:58:49.942+0300][6080][17800][debug][gc,phases] GC(0)       Recalculate Used Memory (ms):  Min:  0.0, Avg:  0.0, Max:  0.0, Diff:  0.0, Sum:  0.0, Workers: 1
[2025-06-17T22:58:49.942+0300][6080][17800][debug][gc,phases] GC(0)     Post Evacuate Cleanup 2: 0.2ms
[2025-06-17T22:58:49.942+0300][6080][17800][debug][gc,phases] GC(0)       Update Derived Pointers (ms):  Min:  0.0, Avg:  0.0, Max:  0.0, Diff:  0.0, Sum:  0.0, Workers: 1
[2025-06-17T22:58:49.942+0300][6080][17800][debug][gc,phases] GC(0)       Eagerly Reclaim Humongous Objects (ms): skipped
[2025-06-17T22:58:49.942+0300][6080][17800][debug][gc,phases] GC(0)         Humongous Total                skipped
[2025-06-17T22:58:49.942+0300][6080][17800][debug][gc,phases] GC(0)         Humongous Candidates           skipped
[2025-06-17T22:58:49.942+0300][6080][17800][debug][gc,phases] GC(0)         Humongous Reclaimed            skipped
[2025-06-17T22:58:49.942+0300][6080][17800][debug][gc,phases] GC(0)       Redirty Logged Cards (ms):     Min:  0.0, Avg:  0.0, Max:  0.0, Diff:  0.0, Sum:  0.0, Workers: 8
[2025-06-17T22:58:49.942+0300][6080][17800][debug][gc,phases] GC(0)         Redirtied Cards:               Min: 0, Avg:  0.0, Max: 0, Diff: 0, Sum: 0, Workers: 8
[2025-06-17T22:58:49.942+0300][6080][17800][debug][gc,phases] GC(0)       Resize TLABs (ms):             Min:  0.0, Avg:  0.0, Max:  0.0, Diff:  0.0, Sum:  0.0, Workers: 8
[2025-06-17T22:58:49.942+0300][6080][17800][debug][gc,phases] GC(0)       Free Collection Set (ms):      Min:  0.0, Avg:  0.1, Max:  0.2, Diff:  0.2, Sum:  0.6, Workers: 8
[2025-06-17T22:58:49.942+0300][6080][17800][debug][gc,phases] GC(0)     Rebuild Free List: 0.1ms
[2025-06-17T22:58:49.942+0300][6080][17800][debug][gc,phases] GC(0)     Prepare For Mutator: 0.0ms
[2025-06-17T22:58:49.942+0300][6080][17800][debug][gc,phases] GC(0)     Expand Heap After Collection: 0.0ms
[2025-06-17T22:58:49.942+0300][6080][17800][info ][gc,phases] GC(0)   Other: 0.5ms
[2025-06-17T22:58:49.942+0300][6080][17800][info ][gc,heap  ] GC(0) Eden regions: 102->0(96)
[2025-06-17T22:58:49.942+0300][6080][17800][info ][gc,heap  ] GC(0) Survivor regions: 0->9(13)
[2025-06-17T22:58:49.942+0300][6080][17800][info ][gc,heap  ] GC(0) Old regions: 0->0
[2025-06-17T22:58:49.942+0300][6080][17800][info ][gc,heap  ] GC(0) Humongous regions: 0->0
[2025-06-17T22:58:49.942+0300][6080][17800][debug][gc,heap  ] GC(0) Heap after GC invocations=1 (full 0):
[2025-06-17T22:58:49.942+0300][6080][17800][debug][gc,heap  ] GC(0)  garbage-first heap   total 2097152K, used 9136K [0x0000000080000000, 0x0000000100000000)
[2025-06-17T22:58:49.942+0300][6080][17800][debug][gc,heap  ] GC(0)   region size 1024K, 9 young (9216K), 9 survivors (9216K)
[2025-06-17T22:58:49.942+0300][6080][17800][debug][gc,heap  ] GC(0)  Metaspace       used 13071K, committed 13376K, reserved 1114112K
[2025-06-17T22:58:49.942+0300][6080][17800][debug][gc,heap  ] GC(0)   class space    used 1266K, committed 1408K, reserved 1048576K
[2025-06-17T22:58:49.942+0300][6080][17800][info ][gc       ] GC(0) Pause Young (Normal) (G1 Evacuation Pause) 102M->8M(2048M) 10.185ms
[2025-06-17T22:58:49.942+0300][6080][17800][info ][safepoint] Safepoint "G1CollectForAllocation", Time since last: 269551000 ns, Reaching safepoint: 54800 ns, Cleanup: 40700 ns, At safepoint: 10230500 ns, Total: 10326000 ns
[2025-06-17T22:58:50.394+0300][6080][17800][debug][safepoint] Safepoint synchronization initiated using striped semaphore wait barrier. (13 threads)
[2025-06-17T22:58:50.394+0300][6080][17800][info ][safepoint] Safepoint "ICBufferFull", Time since last: 456766800 ns, Reaching safepoint: 114100 ns, Cleanup: 110100 ns, At safepoint: 7100 ns, Total: 231300 ns
[2025-06-17T22:58:50.751+0300][6080][17800][debug][safepoint] Safepoint synchronization initiated using striped semaphore wait barrier. (25 threads)
[2025-06-17T22:58:50.751+0300][6080][17800][debug][gc,heap  ] GC(1) Heap before GC invocations=1 (full 0):
[2025-06-17T22:58:50.751+0300][6080][17800][debug][gc,heap  ] GC(1)  garbage-first heap   total 2097152K, used 78768K [0x0000000080000000, 0x0000000100000000)
[2025-06-17T22:58:50.751+0300][6080][17800][debug][gc,heap  ] GC(1)   region size 1024K, 78 young (79872K), 9 survivors (9216K)
[2025-06-17T22:58:50.751+0300][6080][17800][debug][gc,heap  ] GC(1)  Metaspace       used 15345K, committed 15744K, reserved 1114112K
[2025-06-17T22:58:50.751+0300][6080][17800][debug][gc,heap  ] GC(1)   class space    used 1510K, committed 1728K, reserved 1048576K
[2025-06-17T22:58:50.756+0300][6080][17800][debug][gc,phases] GC(1) Phase 1: Reference Processing 0.382ms
[2025-06-17T22:58:50.756+0300][6080][17800][debug][gc,phases] GC(1)   VM Weak                        Min:  0.0, Avg:  0.0, Max:  0.0, Diff:  0.0, Sum:  0.0, Workers: 8
[2025-06-17T22:58:50.756+0300][6080][17800][debug][gc,phases] GC(1)     Dead                           Min: 0, Avg:  0.0, Max: 0, Diff: 0, Sum: 0, Workers: 8
[2025-06-17T22:58:50.756+0300][6080][17800][debug][gc,phases] GC(1)     Total                          Min: 0, Avg: 23.2, Max: 186, Diff: 186, Sum: 186, Workers: 8
[2025-06-17T22:58:50.756+0300][6080][17800][debug][gc,phases] GC(1)   ObjectSynchronizer Weak        Min:  0.0, Avg:  0.0, Max:  0.0, Diff:  0.0, Sum:  0.0, Workers: 8
[2025-06-17T22:58:50.756+0300][6080][17800][debug][gc,phases] GC(1)     Dead                           Min: 0, Avg:  0.2, Max: 2, Diff: 2, Sum: 2, Workers: 8
[2025-06-17T22:58:50.756+0300][6080][17800][debug][gc,phases] GC(1)     Total                          Min: 0, Avg:  0.8, Max: 6, Diff: 6, Sum: 6, Workers: 8
[2025-06-17T22:58:50.756+0300][6080][17800][debug][gc,phases] GC(1)   JVMTI Tag Weak OopStorage      Min:  0.0, Avg:  0.0, Max:  0.0, Diff:  0.0, Sum:  0.0, Workers: 8
[2025-06-17T22:58:50.756+0300][6080][17800][debug][gc,phases] GC(1)     Dead                           Min: 0, Avg:  0.0, Max: 0, Diff: 0, Sum: 0, Workers: 8
[2025-06-17T22:58:50.756+0300][6080][17800][debug][gc,phases] GC(1)     Total                          Min: 0, Avg:  0.0, Max: 0, Diff: 0, Sum: 0, Workers: 8
[2025-06-17T22:58:50.756+0300][6080][17800][debug][gc,phases] GC(1)   StringTable Weak               Min:  0.0, Avg:  0.0, Max:  0.1, Diff:  0.1, Sum:  0.2, Workers: 8
[2025-06-17T22:58:50.756+0300][6080][17800][debug][gc,phases] GC(1)     Dead                           Min: 0, Avg: 41.0, Max: 95, Diff: 95, Sum: 328, Workers: 8
[2025-06-17T22:58:50.756+0300][6080][17800][debug][gc,phases] GC(1)     Total                          Min: 0, Avg: 2580.1, Max: 5824, Diff: 5824, Sum: 20641, Workers: 8
[2025-06-17T22:58:50.756+0300][6080][17800][debug][gc,phases] GC(1)   ResolvedMethodTable Weak       Min:  0.0, Avg:  0.0, Max:  0.0, Diff:  0.0, Sum:  0.0, Workers: 8
[2025-06-17T22:58:50.756+0300][6080][17800][debug][gc,phases] GC(1)     Dead                           Min: 0, Avg:  1.6, Max: 6, Diff: 6, Sum: 13, Workers: 8
[2025-06-17T22:58:50.756+0300][6080][17800][debug][gc,phases] GC(1)     Total                          Min: 0, Avg: 138.0, Max: 192, Diff: 192, Sum: 1104, Workers: 8
[2025-06-17T22:58:50.756+0300][6080][17800][debug][gc,phases] GC(1)   JNI Weak                       Min:  0.0, Avg:  0.0, Max:  0.0, Diff:  0.0, Sum:  0.0, Workers: 8
[2025-06-17T22:58:50.756+0300][6080][17800][debug][gc,phases] GC(1)     Dead                           Min: 0, Avg:  0.0, Max: 0, Diff: 0, Sum: 0, Workers: 8
[2025-06-17T22:58:50.756+0300][6080][17800][debug][gc,phases] GC(1)     Total                          Min: 0, Avg:  0.0, Max: 0, Diff: 0, Sum: 0, Workers: 8
[2025-06-17T22:58:50.756+0300][6080][17800][debug][gc,phases] GC(1)   StringDedup Table Weak         Min:  0.0, Avg:  0.0, Max:  0.0, Diff:  0.0, Sum:  0.0, Workers: 8
[2025-06-17T22:58:50.756+0300][6080][17800][debug][gc,phases] GC(1)     Dead                           Min: 0, Avg:  0.0, Max: 0, Diff: 0, Sum: 0, Workers: 8
[2025-06-17T22:58:50.756+0300][6080][17800][debug][gc,phases] GC(1)     Total                          Min: 0, Avg:  0.0, Max: 0, Diff: 0, Sum: 0, Workers: 8
[2025-06-17T22:58:50.756+0300][6080][17800][debug][gc,phases] GC(1)   StringDedup Requests0 Weak     Min:  0.0, Avg:  0.0, Max:  0.0, Diff:  0.0, Sum:  0.0, Workers: 8
[2025-06-17T22:58:50.756+0300][6080][17800][debug][gc,phases] GC(1)     Dead                           Min: 0, Avg:  0.0, Max: 0, Diff: 0, Sum: 0, Workers: 8
[2025-06-17T22:58:50.756+0300][6080][17800][debug][gc,phases] GC(1)     Total                          Min: 0, Avg:  0.0, Max: 0, Diff: 0, Sum: 0, Workers: 8
[2025-06-17T22:58:50.756+0300][6080][17800][debug][gc,phases] GC(1)   StringDedup Requests1 Weak     Min:  0.0, Avg:  0.0, Max:  0.0, Diff:  0.0, Sum:  0.0, Workers: 8
[2025-06-17T22:58:50.756+0300][6080][17800][debug][gc,phases] GC(1)     Dead                           Min: 0, Avg:  0.0, Max: 0, Diff: 0, Sum: 0, Workers: 8
[2025-06-17T22:58:50.756+0300][6080][17800][debug][gc,phases] GC(1)     Total                          Min: 0, Avg:  0.0, Max: 0, Diff: 0, Sum: 0, Workers: 8
[2025-06-17T22:58:50.756+0300][6080][17800][debug][gc,phases] GC(1)   Weak JFR Old Object Samples    Min:  0.0, Avg:  0.0, Max:  0.0, Diff:  0.0, Sum:  0.0, Workers: 8
[2025-06-17T22:58:50.756+0300][6080][17800][debug][gc,phases] GC(1)     Dead                           Min: 0, Avg:  0.0, Max: 0, Diff: 0, Sum: 0, Workers: 8
[2025-06-17T22:58:50.756+0300][6080][17800][debug][gc,phases] GC(1)     Total                          Min: 0, Avg:  0.0, Max: 0, Diff: 0, Sum: 0, Workers: 8
[2025-06-17T22:58:50.756+0300][6080][17800][debug][gc,phases] GC(1) Phase 1: Weak Processing 0.581ms
[2025-06-17T22:58:50.756+0300][6080][17800][debug][gc,phases] GC(1) ClassLoaderData 0.017ms
[2025-06-17T22:58:50.756+0300][6080][17800][debug][gc,phases] GC(1) Trigger cleanups 0.000ms
[2025-06-17T22:58:50.756+0300][6080][17800][debug][gc,phases] GC(1) G1 Complete Cleaning 1.901ms
[2025-06-17T22:58:50.756+0300][6080][17800][debug][gc,phases] GC(1) Purge Unlinked NMethods 0.001ms
[2025-06-17T22:58:50.756+0300][6080][17800][debug][gc,phases] GC(1) Unregister NMethods 0.168ms
[2025-06-17T22:58:50.756+0300][6080][17800][debug][gc,phases] GC(1) Free Code Blobs 0.002ms
[2025-06-17T22:58:50.756+0300][6080][17800][debug][gc,phases] GC(1) Purge Class Loader Data 0.212ms
[2025-06-17T22:58:50.756+0300][6080][17800][debug][gc,phases] GC(1) Phase 1: Class Unloading and Cleanup 2.469ms
[2025-06-17T22:58:50.756+0300][6080][17800][debug][gc,phases] GC(1) Report Object Count 0.001ms
[2025-06-17T22:58:50.756+0300][6080][17800][info ][gc,phases] GC(1) Phase 1: Mark live objects 7.673ms
[2025-06-17T22:58:50.756+0300][6080][17800][debug][gc,phases] GC(1) Phase 2: Determine work lists 0.064ms
[2025-06-17T22:58:50.756+0300][6080][17800][debug][gc,phases] GC(1) Phase 2: Prepare parallel compaction 0.988ms
[2025-06-17T22:58:50.756+0300][6080][17800][info ][gc,phases] GC(1) Phase 2: Prepare compaction 1.118ms
[2025-06-17T22:58:50.756+0300][6080][17800][info ][gc,phases] GC(1) Phase 3: Adjust pointers 3.531ms
[2025-06-17T22:58:50.766+0300][6080][17800][info ][gc,phases] GC(1) Phase 4: Compact heap 1.928ms
[2025-06-17T22:58:50.766+0300][6080][17800][info ][gc,phases] GC(1) Phase 5: Reset Metadata 1.030ms
[2025-06-17T22:58:50.770+0300][6080][17800][info ][gc,heap  ] GC(1) Eden regions: 69->0(102)
[2025-06-17T22:58:50.770+0300][6080][17800][info ][gc,heap  ] GC(1) Survivor regions: 9->0(13)
[2025-06-17T22:58:50.770+0300][6080][17800][info ][gc,heap  ] GC(1) Old regions: 0->14
[2025-06-17T22:58:50.770+0300][6080][17800][info ][gc,heap  ] GC(1) Humongous regions: 0->0
[2025-06-17T22:58:50.770+0300][6080][17800][debug][gc,heap  ] GC(1) Heap after GC invocations=2 (full 1):
[2025-06-17T22:58:50.770+0300][6080][17800][debug][gc,heap  ] GC(1)  garbage-first heap   total 2097152K, used 9491K [0x0000000080000000, 0x0000000100000000)
[2025-06-17T22:58:50.770+0300][6080][17800][debug][gc,heap  ] GC(1)   region size 1024K, 0 young (0K), 0 survivors (0K)
[2025-06-17T22:58:50.770+0300][6080][17800][debug][gc,heap  ] GC(1)  Metaspace       used 15345K, committed 15744K, reserved 1114112K
[2025-06-17T22:58:50.770+0300][6080][17800][debug][gc,heap  ] GC(1)   class space    used 1510K, committed 1728K, reserved 1048576K
[2025-06-17T22:58:50.770+0300][6080][17800][info ][gc       ] GC(1) Pause Full (System.gc()) 77M->9M(2048M) 21.231ms
[2025-06-17T22:58:50.770+0300][6080][17800][info ][safepoint] Safepoint "G1CollectFull", Time since last: 350376500 ns, Reaching safepoint: 44400 ns, Cleanup: 62500 ns, At safepoint: 21255400 ns, Total: 21362300 ns
[2025-06-17T22:58:51.651+0300][6080][17800][debug][safepoint] Safepoint synchronization initiated using striped semaphore wait barrier. (34 threads)
[2025-06-17T22:58:51.651+0300][6080][17800][debug][gc,heap  ] GC(2) Heap before GC invocations=2 (full 1):
[2025-06-17T22:58:51.651+0300][6080][17800][debug][gc,heap  ] GC(2)  garbage-first heap   total 2097152K, used 112915K [0x0000000080000000, 0x0000000100000000)
[2025-06-17T22:58:51.651+0300][6080][17800][debug][gc,heap  ] GC(2)   region size 1024K, 102 young (104448K), 0 survivors (0K)
[2025-06-17T22:58:51.651+0300][6080][17800][debug][gc,heap  ] GC(2)  Metaspace       used 23959K, committed 24384K, reserved 1114112K
[2025-06-17T22:58:51.651+0300][6080][17800][debug][gc,heap  ] GC(2)   class space    used 2296K, committed 2496K, reserved 1048576K
[2025-06-17T22:58:51.651+0300][6080][17800][info ][gc,phases] GC(2)   Pre Evacuate Collection Set: 0.3ms
[2025-06-17T22:58:51.651+0300][6080][17800][debug][gc,phases] GC(2)     Pre Evacuate Prepare: 0.1ms
[2025-06-17T22:58:51.651+0300][6080][17800][debug][gc,phases] GC(2)       JT Retire TLABs And Flush Logs (ms): Min:  0.0, Avg:  0.0, Max:  0.0, Diff:  0.0, Sum:  0.0, Workers: 2
[2025-06-17T22:58:51.651+0300][6080][17800][debug][gc,phases] GC(2)       Non-JT Flush Logs (ms):        Min:  0.0, Avg:  0.0, Max:  0.0, Diff:  0.0, Sum:  0.0, Workers: 1
[2025-06-17T22:58:51.651+0300][6080][17800][debug][gc,phases] GC(2)     Choose Collection Set: 0.0ms
[2025-06-17T22:58:51.651+0300][6080][17800][debug][gc,phases] GC(2)     Region Register: 0.2ms
[2025-06-17T22:58:51.651+0300][6080][17800][debug][gc,phases] GC(2)     Prepare Heap Roots: 0.0ms
[2025-06-17T22:58:51.651+0300][6080][17800][info ][gc,phases] GC(2)   Merge Heap Roots: 0.1ms
[2025-06-17T22:58:51.651+0300][6080][17800][debug][gc,phases] GC(2)     Prepare Merge Heap Roots: 0.0ms
[2025-06-17T22:58:51.651+0300][6080][17800][debug][gc,phases] GC(2)     Remembered Sets (ms):          Min:  0.0, Avg:  0.0, Max:  0.0, Diff:  0.0, Sum:  0.1, Workers: 8
[2025-06-17T22:58:51.651+0300][6080][17800][debug][gc,phases] GC(2)       Eager Reclaim (ms):            skipped
[2025-06-17T22:58:51.651+0300][6080][17800][debug][gc,phases] GC(2)       Merged Inline                  Min: 0, Avg:  0.0, Max: 0, Diff: 0, Sum: 0, Workers: 8
[2025-06-17T22:58:51.651+0300][6080][17800][debug][gc,phases] GC(2)       Merged ArrayOfCards            Min: 0, Avg:  0.0, Max: 0, Diff: 0, Sum: 0, Workers: 8
[2025-06-17T22:58:51.651+0300][6080][17800][debug][gc,phases] GC(2)       Merged Howl                    Min: 0, Avg:  0.0, Max: 0, Diff: 0, Sum: 0, Workers: 8
[2025-06-17T22:58:51.651+0300][6080][17800][debug][gc,phases] GC(2)       Merged Full                    Min: 0, Avg:  0.0, Max: 0, Diff: 0, Sum: 0, Workers: 8
[2025-06-17T22:58:51.651+0300][6080][17800][debug][gc,phases] GC(2)       Merged Howl Inline             Min: 0, Avg:  0.0, Max: 0, Diff: 0, Sum: 0, Workers: 8
[2025-06-17T22:58:51.651+0300][6080][17800][debug][gc,phases] GC(2)       Merged Howl ArrayOfCards       Min: 0, Avg:  0.0, Max: 0, Diff: 0, Sum: 0, Workers: 8
[2025-06-17T22:58:51.651+0300][6080][17800][debug][gc,phases] GC(2)       Merged Howl BitMap             Min: 0, Avg:  0.0, Max: 0, Diff: 0, Sum: 0, Workers: 8
[2025-06-17T22:58:51.651+0300][6080][17800][debug][gc,phases] GC(2)       Merged Howl Full               Min: 0, Avg:  0.0, Max: 0, Diff: 0, Sum: 0, Workers: 8
[2025-06-17T22:58:51.651+0300][6080][17800][debug][gc,phases] GC(2)       Merged Cards                   Min: 8, Avg:  8.0, Max: 8, Diff: 0, Sum: 64, Workers: 8
[2025-06-17T22:58:51.651+0300][6080][17800][debug][gc,phases] GC(2)     Log Buffers (ms):              Min:  0.0, Avg:  0.0, Max:  0.0, Diff:  0.0, Sum:  0.1, Workers: 8
[2025-06-17T22:58:51.651+0300][6080][17800][debug][gc,phases] GC(2)       Dirty Cards:                   Min: 12, Avg: 130.1, Max: 256, Diff: 244, Sum: 1041, Workers: 8
[2025-06-17T22:58:51.651+0300][6080][17800][debug][gc,phases] GC(2)       Skipped Cards:                 Min: 0, Avg:  0.0, Max: 0, Diff: 0, Sum: 0, Workers: 8
[2025-06-17T22:58:51.651+0300][6080][17800][info ][gc,phases] GC(2)   Evacuate Collection Set: 5.8ms
[2025-06-17T22:58:51.651+0300][6080][17800][debug][gc,phases] GC(2)     Ext Root Scanning (ms):        Min:  4.2, Avg:  4.4, Max:  5.7, Diff:  1.5, Sum: 35.4, Workers: 8
[2025-06-17T22:58:51.651+0300][6080][17800][debug][gc,phases] GC(2)     Scan Heap Roots (ms):          Min:  0.0, Avg:  0.2, Max:  0.3, Diff:  0.3, Sum:  1.3, Workers: 8
[2025-06-17T22:58:51.651+0300][6080][17800][debug][gc,phases] GC(2)       Scanned Cards:                 Min: 0, Avg: 130.1, Max: 302, Diff: 302, Sum: 1041, Workers: 8
[2025-06-17T22:58:51.651+0300][6080][17800][debug][gc,phases] GC(2)       Scanned Blocks:                Min: 0, Avg: 69.1, Max: 175, Diff: 175, Sum: 553, Workers: 8
[2025-06-17T22:58:51.651+0300][6080][17800][debug][gc,phases] GC(2)       Claimed Chunks:                Min: 0, Avg: 28.4, Max: 71, Diff: 71, Sum: 227, Workers: 8
[2025-06-17T22:58:51.651+0300][6080][17800][debug][gc,phases] GC(2)       Found Roots:                   Min: 0, Avg: 1009.9, Max: 2633, Diff: 2633, Sum: 8079, Workers: 8
[2025-06-17T22:58:51.651+0300][6080][17800][debug][gc,phases] GC(2)     Code Root Scan (ms):           Min:  0.0, Avg:  0.0, Max:  0.1, Diff:  0.1, Sum:  0.3, Workers: 8
[2025-06-17T22:58:51.651+0300][6080][17800][debug][gc,phases] GC(2)       Scanned Nmethods               Min: 0, Avg:  5.8, Max: 20, Diff: 20, Sum: 46, Workers: 8
[2025-06-17T22:58:51.651+0300][6080][17800][debug][gc,phases] GC(2)     Object Copy (ms):              Min:  0.0, Avg:  1.1, Max:  1.5, Diff:  1.4, Sum:  8.5, Workers: 8
[2025-06-17T22:58:51.651+0300][6080][17800][debug][gc,phases] GC(2)     Termination (ms):              Min:  0.0, Avg:  0.1, Max:  0.1, Diff:  0.0, Sum:  0.5, Workers: 8
[2025-06-17T22:58:51.651+0300][6080][17800][debug][gc,phases] GC(2)       Termination Attempts:          Min: 1, Avg:  1.0, Max: 1, Diff: 0, Sum: 8, Workers: 8
[2025-06-17T22:58:51.651+0300][6080][17800][debug][gc,phases] GC(2)     GC Worker Other (ms):          Min:  0.0, Avg:  0.0, Max:  0.1, Diff:  0.1, Sum:  0.4, Workers: 8
[2025-06-17T22:58:51.651+0300][6080][17800][debug][gc,phases] GC(2)     GC Worker Total (ms):          Min:  5.8, Avg:  5.8, Max:  5.8, Diff:  0.0, Sum: 46.4, Workers: 8
[2025-06-17T22:58:51.651+0300][6080][17800][info ][gc,phases] GC(2)   Post Evacuate Collection Set: 0.4ms
[2025-06-17T22:58:51.651+0300][6080][17800][debug][gc,phases] GC(2)     NMethod List Cleanup: 0.0ms
[2025-06-17T22:58:51.651+0300][6080][17800][debug][gc,phases] GC(2)     Reference Processing: 0.1ms
[2025-06-17T22:58:51.651+0300][6080][17800][debug][gc,phases] GC(2)     Weak Processing: 0.1ms
[2025-06-17T22:58:51.651+0300][6080][17800][debug][gc,phases] GC(2)       VM Weak                        Min:  0.0, Avg:  0.0, Max:  0.0, Diff:  0.0, Sum:  0.0, Workers: 8
[2025-06-17T22:58:51.651+0300][6080][17800][debug][gc,phases] GC(2)         Dead                           Min: 0, Avg:  0.0, Max: 0, Diff: 0, Sum: 0, Workers: 8
[2025-06-17T22:58:51.651+0300][6080][17800][debug][gc,phases] GC(2)         Total                          Min: 0, Avg: 31.0, Max: 128, Diff: 128, Sum: 248, Workers: 8
[2025-06-17T22:58:51.651+0300][6080][17800][debug][gc,phases] GC(2)       ObjectSynchronizer Weak        Min:  0.0, Avg:  0.0, Max:  0.0, Diff:  0.0, Sum:  0.0, Workers: 8
[2025-06-17T22:58:51.651+0300][6080][17800][debug][gc,phases] GC(2)         Dead                           Min: 0, Avg:  0.2, Max: 2, Diff: 2, Sum: 2, Workers: 8
[2025-06-17T22:58:51.651+0300][6080][17800][debug][gc,phases] GC(2)         Total                          Min: 0, Avg:  2.4, Max: 19, Diff: 19, Sum: 19, Workers: 8
[2025-06-17T22:58:51.651+0300][6080][17800][debug][gc,phases] GC(2)       JVMTI Tag Weak OopStorage      Min:  0.0, Avg:  0.0, Max:  0.0, Diff:  0.0, Sum:  0.0, Workers: 8
[2025-06-17T22:58:51.651+0300][6080][17800][debug][gc,phases] GC(2)         Dead                           Min: 0, Avg:  0.0, Max: 0, Diff: 0, Sum: 0, Workers: 8
[2025-06-17T22:58:51.651+0300][6080][17800][debug][gc,phases] GC(2)         Total                          Min: 0, Avg:  0.0, Max: 0, Diff: 0, Sum: 0, Workers: 8
[2025-06-17T22:58:51.651+0300][6080][17800][debug][gc,phases] GC(2)       StringTable Weak               Min:  0.1, Avg:  0.1, Max:  0.1, Diff:  0.0, Sum:  0.4, Workers: 8
[2025-06-17T22:58:51.651+0300][6080][17800][debug][gc,phases] GC(2)         Dead                           Min: 0, Avg:  1.2, Max: 6, Diff: 6, Sum: 10, Workers: 8
[2025-06-17T22:58:51.651+0300][6080][17800][debug][gc,phases] GC(2)         Total                          Min: 2240, Avg: 2883.5, Max: 3200, Diff: 960, Sum: 23068, Workers: 8
[2025-06-17T22:58:51.651+0300][6080][17800][debug][gc,phases] GC(2)       ResolvedMethodTable Weak       Min:  0.0, Avg:  0.0, Max:  0.0, Diff:  0.0, Sum:  0.0, Workers: 8
[2025-06-17T22:58:51.651+0300][6080][17800][debug][gc,phases] GC(2)         Dead                           Min: 0, Avg:  1.9, Max: 7, Diff: 7, Sum: 15, Workers: 8
[2025-06-17T22:58:51.651+0300][6080][17800][debug][gc,phases] GC(2)         Total                          Min: 0, Avg: 160.4, Max: 448, Diff: 448, Sum: 1283, Workers: 8
[2025-06-17T22:58:51.651+0300][6080][17800][debug][gc,phases] GC(2)       JNI Weak                       Min:  0.0, Avg:  0.0, Max:  0.0, Diff:  0.0, Sum:  0.0, Workers: 8
[2025-06-17T22:58:51.651+0300][6080][17800][debug][gc,phases] GC(2)         Dead                           Min: 0, Avg:  0.0, Max: 0, Diff: 0, Sum: 0, Workers: 8
[2025-06-17T22:58:51.651+0300][6080][17800][debug][gc,phases] GC(2)         Total                          Min: 0, Avg:  0.0, Max: 0, Diff: 0, Sum: 0, Workers: 8
[2025-06-17T22:58:51.651+0300][6080][17800][debug][gc,phases] GC(2)       StringDedup Table Weak         Min:  0.0, Avg:  0.0, Max:  0.0, Diff:  0.0, Sum:  0.0, Workers: 8
[2025-06-17T22:58:51.651+0300][6080][17800][debug][gc,phases] GC(2)         Dead                           Min: 0, Avg:  0.0, Max: 0, Diff: 0, Sum: 0, Workers: 8
[2025-06-17T22:58:51.651+0300][6080][17800][debug][gc,phases] GC(2)         Total                          Min: 0, Avg:  0.0, Max: 0, Diff: 0, Sum: 0, Workers: 8
[2025-06-17T22:58:51.651+0300][6080][17800][debug][gc,phases] GC(2)       StringDedup Requests0 Weak     Min:  0.0, Avg:  0.0, Max:  0.0, Diff:  0.0, Sum:  0.0, Workers: 8
[2025-06-17T22:58:51.651+0300][6080][17800][debug][gc,phases] GC(2)         Dead                           Min: 0, Avg:  0.0, Max: 0, Diff: 0, Sum: 0, Workers: 8
[2025-06-17T22:58:51.651+0300][6080][17800][debug][gc,phases] GC(2)         Total                          Min: 0, Avg:  0.0, Max: 0, Diff: 0, Sum: 0, Workers: 8
[2025-06-17T22:58:51.651+0300][6080][17800][debug][gc,phases] GC(2)       StringDedup Requests1 Weak     Min:  0.0, Avg:  0.0, Max:  0.0, Diff:  0.0, Sum:  0.0, Workers: 8
[2025-06-17T22:58:51.651+0300][6080][17800][debug][gc,phases] GC(2)         Dead                           Min: 0, Avg:  0.0, Max: 0, Diff: 0, Sum: 0, Workers: 8
[2025-06-17T22:58:51.651+0300][6080][17800][debug][gc,phases] GC(2)         Total                          Min: 0, Avg:  0.0, Max: 0, Diff: 0, Sum: 0, Workers: 8
[2025-06-17T22:58:51.651+0300][6080][17800][debug][gc,phases] GC(2)       Weak JFR Old Object Samples    Min:  0.0, Avg:  0.0, Max:  0.0, Diff:  0.0, Sum:  0.0, Workers: 8
[2025-06-17T22:58:51.651+0300][6080][17800][debug][gc,phases] GC(2)         Dead                           Min: 0, Avg:  0.0, Max: 0, Diff: 0, Sum: 0, Workers: 8
[2025-06-17T22:58:51.651+0300][6080][17800][debug][gc,phases] GC(2)         Total                          Min: 0, Avg:  0.0, Max: 0, Diff: 0, Sum: 0, Workers: 8
[2025-06-17T22:58:51.651+0300][6080][17800][debug][gc,phases] GC(2)     Post Evacuate Cleanup 1: 0.1ms
[2025-06-17T22:58:51.651+0300][6080][17800][debug][gc,phases] GC(2)       Merge Per-Thread State (ms):   Min:  0.0, Avg:  0.0, Max:  0.0, Diff:  0.0, Sum:  0.0, Workers: 1
[2025-06-17T22:58:51.651+0300][6080][17800][debug][gc,phases] GC(2)         Copied Bytes                   Min: 54088, Avg: 626424.0, Max: 1394656, Diff: 1340568, Sum: 5011392, Workers: 8
[2025-06-17T22:58:51.651+0300][6080][17800][debug][gc,phases] GC(2)         LAB Waste                      Min: 0, Avg: 3128.0, Max: 9528, Diff: 9528, Sum: 25024, Workers: 8
[2025-06-17T22:58:51.651+0300][6080][17800][debug][gc,phases] GC(2)         LAB Undo Waste                 Min: 0, Avg:  0.0, Max: 0, Diff: 0, Sum: 0, Workers: 8
[2025-06-17T22:58:51.651+0300][6080][17800][debug][gc,phases] GC(2)       Clear Logged Cards (ms):       Min:  0.0, Avg:  0.0, Max:  0.0, Diff:  0.0, Sum:  0.0, Workers: 3
[2025-06-17T22:58:51.651+0300][6080][17800][debug][gc,phases] GC(2)       Recalculate Used Memory (ms):  Min:  0.0, Avg:  0.0, Max:  0.0, Diff:  0.0, Sum:  0.0, Workers: 1
[2025-06-17T22:58:51.651+0300][6080][17800][debug][gc,phases] GC(2)     Post Evacuate Cleanup 2: 0.1ms
[2025-06-17T22:58:51.651+0300][6080][17800][debug][gc,phases] GC(2)       Update Derived Pointers (ms):  Min:  0.0, Avg:  0.0, Max:  0.0, Diff:  0.0, Sum:  0.0, Workers: 1
[2025-06-17T22:58:51.651+0300][6080][17800][debug][gc,phases] GC(2)       Eagerly Reclaim Humongous Objects (ms): skipped
[2025-06-17T22:58:51.651+0300][6080][17800][debug][gc,phases] GC(2)         Humongous Total                skipped
[2025-06-17T22:58:51.651+0300][6080][17800][debug][gc,phases] GC(2)         Humongous Candidates           skipped
[2025-06-17T22:58:51.651+0300][6080][17800][debug][gc,phases] GC(2)         Humongous Reclaimed            skipped
[2025-06-17T22:58:51.651+0300][6080][17800][debug][gc,phases] GC(2)       Redirty Logged Cards (ms):     Min:  0.0, Avg:  0.0, Max:  0.0, Diff:  0.0, Sum:  0.0, Workers: 8
[2025-06-17T22:58:51.651+0300][6080][17800][debug][gc,phases] GC(2)         Redirtied Cards:               Min: 0, Avg: 98.5, Max: 417, Diff: 417, Sum: 788, Workers: 8
[2025-06-17T22:58:51.651+0300][6080][17800][debug][gc,phases] GC(2)       Resize TLABs (ms):             Min:  0.0, Avg:  0.0, Max:  0.0, Diff:  0.0, Sum:  0.0, Workers: 8
[2025-06-17T22:58:51.651+0300][6080][17800][debug][gc,phases] GC(2)       Free Collection Set (ms):      Min:  0.0, Avg:  0.0, Max:  0.0, Diff:  0.0, Sum:  0.2, Workers: 8
[2025-06-17T22:58:51.651+0300][6080][17800][debug][gc,phases] GC(2)     Rebuild Free List: 0.1ms
[2025-06-17T22:58:51.651+0300][6080][17800][debug][gc,phases] GC(2)     Prepare For Mutator: 0.0ms
[2025-06-17T22:58:51.651+0300][6080][17800][debug][gc,phases] GC(2)     Expand Heap After Collection: 0.0ms
[2025-06-17T22:58:51.651+0300][6080][17800][info ][gc,phases] GC(2)   Other: 0.1ms
[2025-06-17T22:58:51.651+0300][6080][17800][info ][gc,heap  ] GC(2) Eden regions: 102->0(122)
[2025-06-17T22:58:51.651+0300][6080][17800][info ][gc,heap  ] GC(2) Survivor regions: 0->6(13)
[2025-06-17T22:58:51.651+0300][6080][17800][info ][gc,heap  ] GC(2) Old regions: 14->14
[2025-06-17T22:58:51.651+0300][6080][17800][info ][gc,heap  ] GC(2) Humongous regions: 0->0
[2025-06-17T22:58:51.651+0300][6080][17800][debug][gc,heap  ] GC(2) Heap after GC invocations=3 (full 1):
[2025-06-17T22:58:51.651+0300][6080][17800][debug][gc,heap  ] GC(2)  garbage-first heap   total 2097152K, used 15148K [0x0000000080000000, 0x0000000100000000)
[2025-06-17T22:58:51.651+0300][6080][17800][debug][gc,heap  ] GC(2)   region size 1024K, 6 young (6144K), 6 survivors (6144K)
[2025-06-17T22:58:51.651+0300][6080][17800][debug][gc,heap  ] GC(2)  Metaspace       used 23959K, committed 24384K, reserved 1114112K
[2025-06-17T22:58:51.651+0300][6080][17800][debug][gc,heap  ] GC(2)   class space    used 2296K, committed 2496K, reserved 1048576K
[2025-06-17T22:58:51.651+0300][6080][17800][info ][gc       ] GC(2) Pause Young (Normal) (G1 Evacuation Pause) 111M->14M(2048M) 8.190ms
[2025-06-17T22:58:51.651+0300][6080][17800][info ][safepoint] Safepoint "G1CollectForAllocation", Time since last: 884285400 ns, Reaching safepoint: 66000 ns, Cleanup: 118500 ns, At safepoint: 8225900 ns, Total: 8410400 ns
[2025-06-17T22:58:51.826+0300][6080][17800][debug][safepoint] Safepoint synchronization initiated using striped semaphore wait barrier. (34 threads)
[2025-06-17T22:58:51.826+0300][6080][17800][debug][gc,heap  ] GC(3) Heap before GC invocations=3 (full 1):
[2025-06-17T22:58:51.826+0300][6080][17800][debug][gc,heap  ] GC(3)  garbage-first heap   total 2097152K, used 30508K [0x0000000080000000, 0x0000000100000000)
[2025-06-17T22:58:51.826+0300][6080][17800][debug][gc,heap  ] GC(3)   region size 1024K, 22 young (22528K), 6 survivors (6144K)
[2025-06-17T22:58:51.826+0300][6080][17800][debug][gc,heap  ] GC(3)  Metaspace       used 25822K, committed 26240K, reserved 1114112K
[2025-06-17T22:58:51.826+0300][6080][17800][debug][gc,heap  ] GC(3)   class space    used 2453K, committed 2688K, reserved 1048576K
[2025-06-17T22:58:51.826+0300][6080][17800][info ][gc,phases] GC(3)   Pre Evacuate Collection Set: 0.4ms
[2025-06-17T22:58:51.826+0300][6080][17800][debug][gc,phases] GC(3)     Pre Evacuate Prepare: 0.1ms
[2025-06-17T22:58:51.826+0300][6080][17800][debug][gc,phases] GC(3)       JT Retire TLABs And Flush Logs (ms): Min:  0.0, Avg:  0.0, Max:  0.0, Diff:  0.0, Sum:  0.0, Workers: 2
[2025-06-17T22:58:51.826+0300][6080][17800][debug][gc,phases] GC(3)       Non-JT Flush Logs (ms):        Min:  0.0, Avg:  0.0, Max:  0.0, Diff:  0.0, Sum:  0.0, Workers: 1
[2025-06-17T22:58:51.826+0300][6080][17800][debug][gc,phases] GC(3)     Choose Collection Set: 0.0ms
[2025-06-17T22:58:51.826+0300][6080][17800][debug][gc,phases] GC(3)     Region Register: 0.2ms
[2025-06-17T22:58:51.826+0300][6080][17800][debug][gc,phases] GC(3)     Prepare Heap Roots: 0.0ms
[2025-06-17T22:58:51.826+0300][6080][17800][debug][gc,phases] GC(3)     Reset Marking State (ms):      Min:  0.1, Avg:  0.1, Max:  0.1, Diff:  0.0, Sum:  0.1, Workers: 1
[2025-06-17T22:58:51.826+0300][6080][17800][debug][gc,phases] GC(3)     Note Start Of Mark (ms):       Min:  0.0, Avg:  0.0, Max:  0.0, Diff:  0.0, Sum:  0.1, Workers: 4
[2025-06-17T22:58:51.826+0300][6080][17800][info ][gc,phases] GC(3)   Merge Heap Roots: 0.1ms
[2025-06-17T22:58:51.826+0300][6080][17800][debug][gc,phases] GC(3)     Prepare Merge Heap Roots: 0.0ms
[2025-06-17T22:58:51.826+0300][6080][17800][debug][gc,phases] GC(3)     Remembered Sets (ms):          Min:  0.0, Avg:  0.0, Max:  0.0, Diff:  0.0, Sum:  0.0, Workers: 8
[2025-06-17T22:58:51.826+0300][6080][17800][debug][gc,phases] GC(3)       Eager Reclaim (ms):            skipped
[2025-06-17T22:58:51.826+0300][6080][17800][debug][gc,phases] GC(3)       Merged Inline                  Min: 0, Avg:  0.0, Max: 0, Diff: 0, Sum: 0, Workers: 8
[2025-06-17T22:58:51.826+0300][6080][17800][debug][gc,phases] GC(3)       Merged ArrayOfCards            Min: 0, Avg:  0.0, Max: 0, Diff: 0, Sum: 0, Workers: 8
[2025-06-17T22:58:51.826+0300][6080][17800][debug][gc,phases] GC(3)       Merged Howl                    Min: 0, Avg:  0.0, Max: 0, Diff: 0, Sum: 0, Workers: 8
[2025-06-17T22:58:51.826+0300][6080][17800][debug][gc,phases] GC(3)       Merged Full                    Min: 0, Avg:  0.0, Max: 0, Diff: 0, Sum: 0, Workers: 8
[2025-06-17T22:58:51.826+0300][6080][17800][debug][gc,phases] GC(3)       Merged Howl Inline             Min: 0, Avg:  0.0, Max: 0, Diff: 0, Sum: 0, Workers: 8
[2025-06-17T22:58:51.826+0300][6080][17800][debug][gc,phases] GC(3)       Merged Howl ArrayOfCards       Min: 0, Avg:  0.0, Max: 0, Diff: 0, Sum: 0, Workers: 8
[2025-06-17T22:58:51.826+0300][6080][17800][debug][gc,phases] GC(3)       Merged Howl BitMap             Min: 0, Avg:  0.0, Max: 0, Diff: 0, Sum: 0, Workers: 8
[2025-06-17T22:58:51.826+0300][6080][17800][debug][gc,phases] GC(3)       Merged Howl Full               Min: 0, Avg:  0.0, Max: 0, Diff: 0, Sum: 0, Workers: 8
[2025-06-17T22:58:51.826+0300][6080][17800][debug][gc,phases] GC(3)       Merged Cards                   Min: 8, Avg:  8.0, Max: 8, Diff: 0, Sum: 64, Workers: 8
[2025-06-17T22:58:51.826+0300][6080][17800][debug][gc,phases] GC(3)     Log Buffers (ms):              Min:  0.0, Avg:  0.0, Max:  0.0, Diff:  0.0, Sum:  0.0, Workers: 8
[2025-06-17T22:58:51.826+0300][6080][17800][debug][gc,phases] GC(3)       Dirty Cards:                   Min: 0, Avg: 108.4, Max: 255, Diff: 255, Sum: 867, Workers: 8
[2025-06-17T22:58:51.826+0300][6080][17800][debug][gc,phases] GC(3)       Skipped Cards:                 Min: 0, Avg:  0.0, Max: 0, Diff: 0, Sum: 0, Workers: 8
[2025-06-17T22:58:51.826+0300][6080][17800][info ][gc,phases] GC(3)   Evacuate Collection Set: 1.8ms
[2025-06-17T22:58:51.826+0300][6080][17800][debug][gc,phases] GC(3)     Ext Root Scanning (ms):        Min:  0.0, Avg:  0.3, Max:  0.8, Diff:  0.8, Sum:  2.2, Workers: 8
[2025-06-17T22:58:51.826+0300][6080][17800][debug][gc,phases] GC(3)     Scan Heap Roots (ms):          Min:  0.0, Avg:  0.1, Max:  0.3, Diff:  0.3, Sum:  1.0, Workers: 8
[2025-06-17T22:58:51.826+0300][6080][17800][debug][gc,phases] GC(3)       Scanned Cards:                 Min: 0, Avg: 107.5, Max: 266, Diff: 266, Sum: 860, Workers: 8
[2025-06-17T22:58:51.826+0300][6080][17800][debug][gc,phases] GC(3)       Scanned Blocks:                Min: 0, Avg: 56.1, Max: 136, Diff: 136, Sum: 449, Workers: 8
[2025-06-17T22:58:51.826+0300][6080][17800][debug][gc,phases] GC(3)       Claimed Chunks:                Min: 0, Avg: 24.6, Max: 60, Diff: 60, Sum: 197, Workers: 8
[2025-06-17T22:58:51.826+0300][6080][17800][debug][gc,phases] GC(3)       Found Roots:                   Min: 0, Avg: 1109.6, Max: 2608, Diff: 2608, Sum: 8877, Workers: 8
[2025-06-17T22:58:51.826+0300][6080][17800][debug][gc,phases] GC(3)     Code Root Scan (ms):           Min:  0.0, Avg:  0.1, Max:  0.1, Diff:  0.1, Sum:  0.5, Workers: 8
[2025-06-17T22:58:51.826+0300][6080][17800][debug][gc,phases] GC(3)       Scanned Nmethods               Min: 0, Avg:  8.8, Max: 23, Diff: 23, Sum: 70, Workers: 8
[2025-06-17T22:58:51.826+0300][6080][17800][debug][gc,phases] GC(3)     Object Copy (ms):              Min:  0.4, Avg:  0.9, Max:  1.2, Diff:  0.8, Sum:  7.2, Workers: 8
[2025-06-17T22:58:51.826+0300][6080][17800][debug][gc,phases] GC(3)     Termination (ms):              Min:  0.0, Avg:  0.3, Max:  0.4, Diff:  0.4, Sum:  2.3, Workers: 8
[2025-06-17T22:58:51.826+0300][6080][17800][debug][gc,phases] GC(3)       Termination Attempts:          Min: 1, Avg:  2.2, Max: 3, Diff: 2, Sum: 18, Workers: 8
[2025-06-17T22:58:51.826+0300][6080][17800][debug][gc,phases] GC(3)     GC Worker Other (ms):          Min:  0.0, Avg:  0.0, Max:  0.0, Diff:  0.0, Sum:  0.1, Workers: 8
[2025-06-17T22:58:51.826+0300][6080][17800][debug][gc,phases] GC(3)     GC Worker Total (ms):          Min:  1.1, Avg:  1.7, Max:  1.7, Diff:  0.6, Sum: 13.3, Workers: 8
[2025-06-17T22:58:51.826+0300][6080][17800][info ][gc,phases] GC(3)   Post Evacuate Collection Set: 0.6ms
[2025-06-17T22:58:51.826+0300][6080][17800][debug][gc,phases] GC(3)     NMethod List Cleanup: 0.0ms
[2025-06-17T22:58:51.826+0300][6080][17800][debug][gc,phases] GC(3)     Reference Processing: 0.1ms
[2025-06-17T22:58:51.826+0300][6080][17800][debug][gc,phases] GC(3)     Weak Processing: 0.1ms
[2025-06-17T22:58:51.826+0300][6080][17800][debug][gc,phases] GC(3)       VM Weak                        Min:  0.0, Avg:  0.0, Max:  0.0, Diff:  0.0, Sum:  0.0, Workers: 8
[2025-06-17T22:58:51.826+0300][6080][17800][debug][gc,phases] GC(3)         Dead                           Min: 0, Avg:  0.0, Max: 0, Diff: 0, Sum: 0, Workers: 8
[2025-06-17T22:58:51.826+0300][6080][17800][debug][gc,phases] GC(3)         Total                          Min: 0, Avg: 31.5, Max: 188, Diff: 188, Sum: 252, Workers: 8
[2025-06-17T22:58:51.826+0300][6080][17800][debug][gc,phases] GC(3)       ObjectSynchronizer Weak        Min:  0.0, Avg:  0.0, Max:  0.0, Diff:  0.0, Sum:  0.0, Workers: 8
[2025-06-17T22:58:51.826+0300][6080][17800][debug][gc,phases] GC(3)         Dead                           Min: 0, Avg:  0.0, Max: 0, Diff: 0, Sum: 0, Workers: 8
[2025-06-17T22:58:51.826+0300][6080][17800][debug][gc,phases] GC(3)         Total                          Min: 0, Avg:  2.5, Max: 20, Diff: 20, Sum: 20, Workers: 8
[2025-06-17T22:58:51.826+0300][6080][17800][debug][gc,phases] GC(3)       JVMTI Tag Weak OopStorage      Min:  0.0, Avg:  0.0, Max:  0.0, Diff:  0.0, Sum:  0.0, Workers: 8
[2025-06-17T22:58:51.826+0300][6080][17800][debug][gc,phases] GC(3)         Dead                           Min: 0, Avg:  0.0, Max: 0, Diff: 0, Sum: 0, Workers: 8
[2025-06-17T22:58:51.826+0300][6080][17800][debug][gc,phases] GC(3)         Total                          Min: 0, Avg:  0.0, Max: 0, Diff: 0, Sum: 0, Workers: 8
[2025-06-17T22:58:51.826+0300][6080][17800][debug][gc,phases] GC(3)       StringTable Weak               Min:  0.0, Avg:  0.0, Max:  0.1, Diff:  0.1, Sum:  0.4, Workers: 8
[2025-06-17T22:58:51.826+0300][6080][17800][debug][gc,phases] GC(3)         Dead                           Min: 0, Avg:  0.6, Max: 3, Diff: 3, Sum: 5, Workers: 8
[2025-06-17T22:58:51.826+0300][6080][17800][debug][gc,phases] GC(3)         Total                          Min: 0, Avg: 2946.6, Max: 4352, Diff: 4352, Sum: 23573, Workers: 8
[2025-06-17T22:58:51.826+0300][6080][17800][debug][gc,phases] GC(3)       ResolvedMethodTable Weak       Min:  0.0, Avg:  0.0, Max:  0.0, Diff:  0.0, Sum:  0.0, Workers: 8
[2025-06-17T22:58:51.826+0300][6080][17800][debug][gc,phases] GC(3)         Dead                           Min: 0, Avg:  0.8, Max: 6, Diff: 6, Sum: 6, Workers: 8
[2025-06-17T22:58:51.826+0300][6080][17800][debug][gc,phases] GC(3)         Total                          Min: 64, Avg: 162.6, Max: 256, Diff: 192, Sum: 1301, Workers: 8
[2025-06-17T22:58:51.826+0300][6080][17800][debug][gc,phases] GC(3)       JNI Weak                       Min:  0.0, Avg:  0.0, Max:  0.0, Diff:  0.0, Sum:  0.0, Workers: 8
[2025-06-17T22:58:51.826+0300][6080][17800][debug][gc,phases] GC(3)         Dead                           Min: 0, Avg:  0.0, Max: 0, Diff: 0, Sum: 0, Workers: 8
[2025-06-17T22:58:51.826+0300][6080][17800][debug][gc,phases] GC(3)         Total                          Min: 0, Avg:  0.5, Max: 4, Diff: 4, Sum: 4, Workers: 8
[2025-06-17T22:58:51.826+0300][6080][17800][debug][gc,phases] GC(3)       StringDedup Table Weak         Min:  0.0, Avg:  0.0, Max:  0.0, Diff:  0.0, Sum:  0.0, Workers: 8
[2025-06-17T22:58:51.826+0300][6080][17800][debug][gc,phases] GC(3)         Dead                           Min: 0, Avg:  0.0, Max: 0, Diff: 0, Sum: 0, Workers: 8
[2025-06-17T22:58:51.826+0300][6080][17800][debug][gc,phases] GC(3)         Total                          Min: 0, Avg:  0.0, Max: 0, Diff: 0, Sum: 0, Workers: 8
[2025-06-17T22:58:51.826+0300][6080][17800][debug][gc,phases] GC(3)       StringDedup Requests0 Weak     Min:  0.0, Avg:  0.0, Max:  0.0, Diff:  0.0, Sum:  0.0, Workers: 8
[2025-06-17T22:58:51.826+0300][6080][17800][debug][gc,phases] GC(3)         Dead                           Min: 0, Avg:  0.0, Max: 0, Diff: 0, Sum: 0, Workers: 8
[2025-06-17T22:58:51.826+0300][6080][17800][debug][gc,phases] GC(3)         Total                          Min: 0, Avg:  0.0, Max: 0, Diff: 0, Sum: 0, Workers: 8
[2025-06-17T22:58:51.826+0300][6080][17800][debug][gc,phases] GC(3)       StringDedup Requests1 Weak     Min:  0.0, Avg:  0.0, Max:  0.0, Diff:  0.0, Sum:  0.0, Workers: 8
[2025-06-17T22:58:51.826+0300][6080][17800][debug][gc,phases] GC(3)         Dead                           Min: 0, Avg:  0.0, Max: 0, Diff: 0, Sum: 0, Workers: 8
[2025-06-17T22:58:51.826+0300][6080][17800][debug][gc,phases] GC(3)         Total                          Min: 0, Avg:  0.0, Max: 0, Diff: 0, Sum: 0, Workers: 8
[2025-06-17T22:58:51.826+0300][6080][17800][debug][gc,phases] GC(3)       Weak JFR Old Object Samples    Min:  0.0, Avg:  0.0, Max:  0.0, Diff:  0.0, Sum:  0.0, Workers: 8
[2025-06-17T22:58:51.826+0300][6080][17800][debug][gc,phases] GC(3)         Dead                           Min: 0, Avg:  0.0, Max: 0, Diff: 0, Sum: 0, Workers: 8
[2025-06-17T22:58:51.826+0300][6080][17800][debug][gc,phases] GC(3)         Total                          Min: 0, Avg:  0.0, Max: 0, Diff: 0, Sum: 0, Workers: 8
[2025-06-17T22:58:51.826+0300][6080][17800][debug][gc,phases] GC(3)     Post Evacuate Cleanup 1: 0.1ms
[2025-06-17T22:58:51.826+0300][6080][17800][debug][gc,phases] GC(3)       Merge Per-Thread State (ms):   Min:  0.0, Avg:  0.0, Max:  0.0, Diff:  0.0, Sum:  0.0, Workers: 1
[2025-06-17T22:58:51.826+0300][6080][17800][debug][gc,phases] GC(3)         Copied Bytes                   Min: 117960, Avg: 564762.0, Max: 1450680, Diff: 1332720, Sum: 4518096, Workers: 8
[2025-06-17T22:58:51.826+0300][6080][17800][debug][gc,phases] GC(3)         LAB Waste                      Min: 24, Avg: 3479.0, Max: 10920, Diff: 10896, Sum: 27832, Workers: 8
[2025-06-17T22:58:51.826+0300][6080][17800][debug][gc,phases] GC(3)         LAB Undo Waste                 Min: 0, Avg:  0.0, Max: 0, Diff: 0, Sum: 0, Workers: 8
[2025-06-17T22:58:51.826+0300][6080][17800][debug][gc,phases] GC(3)       Clear Logged Cards (ms):       Min:  0.0, Avg:  0.0, Max:  0.0, Diff:  0.0, Sum:  0.0, Workers: 3
[2025-06-17T22:58:51.826+0300][6080][17800][debug][gc,phases] GC(3)       Recalculate Used Memory (ms):  Min:  0.0, Avg:  0.0, Max:  0.0, Diff:  0.0, Sum:  0.0, Workers: 1
[2025-06-17T22:58:51.826+0300][6080][17800][debug][gc,phases] GC(3)     Post Evacuate Cleanup 2: 0.2ms
[2025-06-17T22:58:51.826+0300][6080][17800][debug][gc,phases] GC(3)       Update Derived Pointers (ms):  Min:  0.0, Avg:  0.0, Max:  0.0, Diff:  0.0, Sum:  0.0, Workers: 1
[2025-06-17T22:58:51.826+0300][6080][17800][debug][gc,phases] GC(3)       Eagerly Reclaim Humongous Objects (ms): skipped
[2025-06-17T22:58:51.826+0300][6080][17800][debug][gc,phases] GC(3)         Humongous Total                skipped
[2025-06-17T22:58:51.826+0300][6080][17800][debug][gc,phases] GC(3)         Humongous Candidates           skipped
[2025-06-17T22:58:51.826+0300][6080][17800][debug][gc,phases] GC(3)         Humongous Reclaimed            skipped
[2025-06-17T22:58:51.826+0300][6080][17800][debug][gc,phases] GC(3)       Redirty Logged Cards (ms):     Min:  0.0, Avg:  0.0, Max:  0.0, Diff:  0.0, Sum:  0.0, Workers: 8
[2025-06-17T22:58:51.826+0300][6080][17800][debug][gc,phases] GC(3)         Redirtied Cards:               Min: 0, Avg: 103.0, Max: 432, Diff: 432, Sum: 824, Workers: 8
[2025-06-17T22:58:51.826+0300][6080][17800][debug][gc,phases] GC(3)       Resize TLABs (ms):             Min:  0.0, Avg:  0.0, Max:  0.0, Diff:  0.0, Sum:  0.0, Workers: 8
[2025-06-17T22:58:51.826+0300][6080][17800][debug][gc,phases] GC(3)       Free Collection Set (ms):      Min:  0.0, Avg:  0.0, Max:  0.1, Diff:  0.1, Sum:  0.1, Workers: 8
[2025-06-17T22:58:51.826+0300][6080][17800][debug][gc,phases] GC(3)     Rebuild Free List: 0.1ms
[2025-06-17T22:58:51.826+0300][6080][17800][debug][gc,phases] GC(3)     Prepare For Mutator: 0.0ms
[2025-06-17T22:58:51.826+0300][6080][17800][debug][gc,phases] GC(3)     Expand Heap After Collection: 0.0ms
[2025-06-17T22:58:51.826+0300][6080][17800][info ][gc,phases] GC(3)   Other: 0.1ms
[2025-06-17T22:58:51.826+0300][6080][17800][info ][gc,heap  ] GC(3) Eden regions: 16->0(161)
[2025-06-17T22:58:51.826+0300][6080][17800][info ][gc,heap  ] GC(3) Survivor regions: 6->5(16)
[2025-06-17T22:58:51.826+0300][6080][17800][info ][gc,heap  ] GC(3) Old regions: 14->14
[2025-06-17T22:58:51.826+0300][6080][17800][info ][gc,heap  ] GC(3) Humongous regions: 0->0
[2025-06-17T22:58:51.826+0300][6080][17800][debug][gc,heap  ] GC(3) Heap after GC invocations=4 (full 1):
[2025-06-17T22:58:51.826+0300][6080][17800][debug][gc,heap  ] GC(3)  garbage-first heap   total 2097152K, used 14611K [0x0000000080000000, 0x0000000100000000)
[2025-06-17T22:58:51.826+0300][6080][17800][debug][gc,heap  ] GC(3)   region size 1024K, 5 young (5120K), 5 survivors (5120K)
[2025-06-17T22:58:51.826+0300][6080][17800][debug][gc,heap  ] GC(3)  Metaspace       used 25822K, committed 26240K, reserved 1114112K
[2025-06-17T22:58:51.826+0300][6080][17800][debug][gc,heap  ] GC(3)   class space    used 2453K, committed 2688K, reserved 1048576K
[2025-06-17T22:58:51.826+0300][6080][17800][info ][gc       ] GC(3) Pause Young (Concurrent Start) (Metadata GC Threshold) 30M->14M(2048M) 4.363ms
[2025-06-17T22:58:51.826+0300][6080][17800][info ][safepoint] Safepoint "CollectForMetadataAllocation", Time since last: 166621800 ns, Reaching safepoint: 47600 ns, Cleanup: 17000 ns, At safepoint: 4412400 ns, Total: 4477000 ns
[2025-06-17T22:58:51.826+0300][6080][5692 ][info ][gc       ] GC(4) Concurrent Mark Cycle
[2025-06-17T22:58:51.847+0300][6080][17800][debug][safepoint] Safepoint synchronization initiated using striped semaphore wait barrier. (34 threads)
[2025-06-17T22:58:51.847+0300][6080][17800][debug][gc,phases] GC(4) Finalize Marking 0.101ms
[2025-06-17T22:58:51.847+0300][6080][17800][debug][gc,phases] GC(4) Reference Processing 0.045ms
[2025-06-17T22:58:51.847+0300][6080][17800][debug][gc,phases] GC(4)   VM Weak                        Min:  0.0, Avg:  0.0, Max:  0.0, Diff:  0.0, Sum:  0.0, Workers: 8
[2025-06-17T22:58:51.847+0300][6080][17800][debug][gc,phases] GC(4)     Dead                           Min: 0, Avg:  0.0, Max: 0, Diff: 0, Sum: 0, Workers: 8
[2025-06-17T22:58:51.847+0300][6080][17800][debug][gc,phases] GC(4)     Total                          Min: 0, Avg: 31.5, Max: 192, Diff: 192, Sum: 252, Workers: 8
[2025-06-17T22:58:51.847+0300][6080][17800][debug][gc,phases] GC(4)   ObjectSynchronizer Weak        Min:  0.0, Avg:  0.0, Max:  0.0, Diff:  0.0, Sum:  0.0, Workers: 8
[2025-06-17T22:58:51.847+0300][6080][17800][debug][gc,phases] GC(4)     Dead                           Min: 0, Avg:  0.0, Max: 0, Diff: 0, Sum: 0, Workers: 8
[2025-06-17T22:58:51.847+0300][6080][17800][debug][gc,phases] GC(4)     Total                          Min: 0, Avg:  2.5, Max: 20, Diff: 20, Sum: 20, Workers: 8
[2025-06-17T22:58:51.847+0300][6080][17800][debug][gc,phases] GC(4)   JVMTI Tag Weak OopStorage      Min:  0.0, Avg:  0.0, Max:  0.0, Diff:  0.0, Sum:  0.0, Workers: 8
[2025-06-17T22:58:51.847+0300][6080][17800][debug][gc,phases] GC(4)     Dead                           Min: 0, Avg:  0.0, Max: 0, Diff: 0, Sum: 0, Workers: 8
[2025-06-17T22:58:51.847+0300][6080][17800][debug][gc,phases] GC(4)     Total                          Min: 0, Avg:  0.0, Max: 0, Diff: 0, Sum: 0, Workers: 8
[2025-06-17T22:58:51.847+0300][6080][17800][debug][gc,phases] GC(4)   StringTable Weak               Min:  0.0, Avg:  0.0, Max:  0.0, Diff:  0.0, Sum:  0.3, Workers: 8
[2025-06-17T22:58:51.847+0300][6080][17800][debug][gc,phases] GC(4)     Dead                           Min: 0, Avg:  0.0, Max: 0, Diff: 0, Sum: 0, Workers: 8
[2025-06-17T22:58:51.847+0300][6080][17800][debug][gc,phases] GC(4)     Total                          Min: 0, Avg: 2952.9, Max: 3904, Diff: 3904, Sum: 23623, Workers: 8
[2025-06-17T22:58:51.847+0300][6080][17800][debug][gc,phases] GC(4)   ResolvedMethodTable Weak       Min:  0.0, Avg:  0.0, Max:  0.0, Diff:  0.0, Sum:  0.0, Workers: 8
[2025-06-17T22:58:51.847+0300][6080][17800][debug][gc,phases] GC(4)     Dead                           Min: 0, Avg:  0.0, Max: 0, Diff: 0, Sum: 0, Workers: 8
[2025-06-17T22:58:51.847+0300][6080][17800][debug][gc,phases] GC(4)     Total                          Min: 0, Avg: 162.9, Max: 192, Diff: 192, Sum: 1303, Workers: 8
[2025-06-17T22:58:51.847+0300][6080][17800][debug][gc,phases] GC(4)   JNI Weak                       Min:  0.0, Avg:  0.0, Max:  0.0, Diff:  0.0, Sum:  0.0, Workers: 8
[2025-06-17T22:58:51.847+0300][6080][17800][debug][gc,phases] GC(4)     Dead                           Min: 0, Avg:  0.0, Max: 0, Diff: 0, Sum: 0, Workers: 8
[2025-06-17T22:58:51.847+0300][6080][17800][debug][gc,phases] GC(4)     Total                          Min: 0, Avg:  0.0, Max: 0, Diff: 0, Sum: 0, Workers: 8
[2025-06-17T22:58:51.847+0300][6080][17800][debug][gc,phases] GC(4)   StringDedup Table Weak         Min:  0.0, Avg:  0.0, Max:  0.0, Diff:  0.0, Sum:  0.0, Workers: 8
[2025-06-17T22:58:51.847+0300][6080][17800][debug][gc,phases] GC(4)     Dead                           Min: 0, Avg:  0.0, Max: 0, Diff: 0, Sum: 0, Workers: 8
[2025-06-17T22:58:51.847+0300][6080][17800][debug][gc,phases] GC(4)     Total                          Min: 0, Avg:  0.0, Max: 0, Diff: 0, Sum: 0, Workers: 8
[2025-06-17T22:58:51.847+0300][6080][17800][debug][gc,phases] GC(4)   StringDedup Requests0 Weak     Min:  0.0, Avg:  0.0, Max:  0.0, Diff:  0.0, Sum:  0.0, Workers: 8
[2025-06-17T22:58:51.847+0300][6080][17800][debug][gc,phases] GC(4)     Dead                           Min: 0, Avg:  0.0, Max: 0, Diff: 0, Sum: 0, Workers: 8
[2025-06-17T22:58:51.847+0300][6080][17800][debug][gc,phases] GC(4)     Total                          Min: 0, Avg:  0.0, Max: 0, Diff: 0, Sum: 0, Workers: 8
[2025-06-17T22:58:51.847+0300][6080][17800][debug][gc,phases] GC(4)   StringDedup Requests1 Weak     Min:  0.0, Avg:  0.0, Max:  0.0, Diff:  0.0, Sum:  0.0, Workers: 8
[2025-06-17T22:58:51.847+0300][6080][17800][debug][gc,phases] GC(4)     Dead                           Min: 0, Avg:  0.0, Max: 0, Diff: 0, Sum: 0, Workers: 8
[2025-06-17T22:58:51.847+0300][6080][17800][debug][gc,phases] GC(4)     Total                          Min: 0, Avg:  0.0, Max: 0, Diff: 0, Sum: 0, Workers: 8
[2025-06-17T22:58:51.847+0300][6080][17800][debug][gc,phases] GC(4)   Weak JFR Old Object Samples    Min:  0.0, Avg:  0.0, Max:  0.0, Diff:  0.0, Sum:  0.0, Workers: 8
[2025-06-17T22:58:51.847+0300][6080][17800][debug][gc,phases] GC(4)     Dead                           Min: 0, Avg:  0.0, Max: 0, Diff: 0, Sum: 0, Workers: 8
[2025-06-17T22:58:51.847+0300][6080][17800][debug][gc,phases] GC(4)     Total                          Min: 0, Avg:  0.0, Max: 0, Diff: 0, Sum: 0, Workers: 8
[2025-06-17T22:58:51.847+0300][6080][17800][debug][gc,phases] GC(4) Weak Processing 0.565ms
[2025-06-17T22:58:51.847+0300][6080][17800][debug][gc,phases] GC(4) ClassLoaderData 0.019ms
[2025-06-17T22:58:51.847+0300][6080][17800][debug][gc,phases] GC(4) Trigger cleanups 0.002ms
[2025-06-17T22:58:51.847+0300][6080][17800][debug][gc,phases] GC(4) G1 Complete Cleaning 2.114ms
[2025-06-17T22:58:51.847+0300][6080][17800][debug][gc,phases] GC(4) Purge Unlinked NMethods 0.409ms
[2025-06-17T22:58:51.847+0300][6080][17800][debug][gc,phases] GC(4) Unregister NMethods 0.342ms
[2025-06-17T22:58:51.847+0300][6080][17800][debug][gc,phases] GC(4) Free Code Blobs 0.128ms
[2025-06-17T22:58:51.847+0300][6080][17800][debug][gc,phases] GC(4) Purge Class Loader Data 0.109ms
[2025-06-17T22:58:51.847+0300][6080][17800][debug][gc,phases] GC(4) Class Unloading 3.382ms
[2025-06-17T22:58:51.847+0300][6080][17800][debug][gc,phases] GC(4) Flush Task Caches 0.012ms
[2025-06-17T22:58:51.847+0300][6080][17800][debug][gc,phases] GC(4) Update Remembered Set Tracking Before Rebuild 0.139ms
[2025-06-17T22:58:51.847+0300][6080][17800][debug][gc,phases] GC(4) Reclaim Empty Regions 0.098ms
[2025-06-17T22:58:51.847+0300][6080][17800][debug][gc,phases] GC(4) Report Object Count 0.001ms
[2025-06-17T22:58:51.847+0300][6080][17800][info ][gc       ] GC(4) Pause Remark 15M->15M(2048M) 4.511ms
[2025-06-17T22:58:51.847+0300][6080][17800][info ][safepoint] Safepoint "G1PauseRemark", Time since last: 11978400 ns, Reaching safepoint: 63000 ns, Cleanup: 13200 ns, At safepoint: 4536500 ns, Total: 4612700 ns
[2025-06-17T22:58:51.856+0300][6080][17800][debug][safepoint] Safepoint synchronization initiated using striped semaphore wait barrier. (34 threads)
[2025-06-17T22:58:51.856+0300][6080][17800][debug][gc,phases] GC(4) Update Remembered Set Tracking After Rebuild 0.025ms
[2025-06-17T22:58:51.858+0300][6080][17800][debug][gc,phases] GC(4) Finalize Concurrent Mark Cleanup 0.166ms
[2025-06-17T22:58:51.858+0300][6080][17800][info ][gc       ] GC(4) Pause Cleanup 15M->15M(2048M) 0.264ms
[2025-06-17T22:58:51.858+0300][6080][17800][info ][safepoint] Safepoint "G1PauseCleanup", Time since last: 3330400 ns, Reaching safepoint: 57400 ns, Cleanup: 19200 ns, At safepoint: 309600 ns, Total: 386200 ns
[2025-06-17T22:58:51.860+0300][6080][5692 ][info ][gc       ] GC(4) Concurrent Mark Cycle 23.364ms
[2025-06-17T22:58:52.175+0300][6080][17800][debug][safepoint] Safepoint synchronization initiated using striped semaphore wait barrier. (34 threads)
[2025-06-17T22:58:52.175+0300][6080][17800][info ][safepoint] Safepoint "ICBufferFull", Time since last: 317028700 ns, Reaching safepoint: 50200 ns, Cleanup: 97500 ns, At safepoint: 2200 ns, Total: 149900 ns
[2025-06-17T22:58:52.635+0300][6080][17800][debug][safepoint] Safepoint synchronization initiated using striped semaphore wait barrier. (34 threads)
[2025-06-17T22:58:52.635+0300][6080][17800][info ][safepoint] Safepoint "ICBufferFull", Time since last: 459627800 ns, Reaching safepoint: 76000 ns, Cleanup: 148900 ns, At safepoint: 2600 ns, Total: 227500 ns
[2025-06-17T22:58:53.047+0300][6080][17800][debug][safepoint] Safepoint synchronization initiated using striped semaphore wait barrier. (34 threads)
[2025-06-17T22:58:53.047+0300][6080][17800][info ][safepoint] Safepoint "ICBufferFull", Time since last: 412072400 ns, Reaching safepoint: 64500 ns, Cleanup: 184100 ns, At safepoint: 10400 ns, Total: 259000 ns
[2025-06-17T22:58:53.818+0300][6080][17800][debug][safepoint] Safepoint synchronization initiated using striped semaphore wait barrier. (34 threads)
[2025-06-17T22:58:53.818+0300][6080][17800][info ][safepoint] Safepoint "ICBufferFull", Time since last: 771333400 ns, Reaching safepoint: 75900 ns, Cleanup: 189000 ns, At safepoint: 7300 ns, Total: 272200 ns
[2025-06-17T22:58:54.299+0300][6080][17800][debug][safepoint] Safepoint synchronization initiated using striped semaphore wait barrier. (34 threads)
[2025-06-17T22:58:54.299+0300][6080][17800][info ][safepoint] Safepoint "ICBufferFull", Time since last: 480119800 ns, Reaching safepoint: 85100 ns, Cleanup: 135400 ns, At safepoint: 15500 ns, Total: 236000 ns
[2025-06-17T22:58:55.120+0300][6080][17800][debug][safepoint] Safepoint synchronization initiated using striped semaphore wait barrier. (34 threads)
[2025-06-17T22:58:55.120+0300][6080][17800][info ][safepoint] Safepoint "ICBufferFull", Time since last: 821435400 ns, Reaching safepoint: 55300 ns, Cleanup: 122500 ns, At safepoint: 1900 ns, Total: 179700 ns
[2025-06-17T22:58:55.756+0300][6080][17800][debug][safepoint] Safepoint synchronization initiated using striped semaphore wait barrier. (34 threads)
[2025-06-17T22:58:55.756+0300][6080][17800][info ][safepoint] Safepoint "ICBufferFull", Time since last: 635812400 ns, Reaching safepoint: 80800 ns, Cleanup: 174200 ns, At safepoint: 6800 ns, Total: 261800 ns
[2025-06-17T22:58:55.779+0300][6080][17800][debug][safepoint] Safepoint synchronization initiated using striped semaphore wait barrier. (34 threads)
[2025-06-17T22:58:55.779+0300][6080][17800][debug][gc,heap  ] GC(5) Heap before GC invocations=5 (full 1):
[2025-06-17T22:58:55.779+0300][6080][17800][debug][gc,heap  ] GC(5)  garbage-first heap   total 2097152K, used 178451K [0x0000000080000000, 0x0000000100000000)
[2025-06-17T22:58:55.779+0300][6080][17800][debug][gc,heap  ] GC(5)   region size 1024K, 166 young (169984K), 5 survivors (5120K)
[2025-06-17T22:58:55.779+0300][6080][17800][debug][gc,heap  ] GC(5)  Metaspace       used 31356K, committed 32192K, reserved 1114112K
[2025-06-17T22:58:55.779+0300][6080][17800][debug][gc,heap  ] GC(5)   class space    used 2882K, committed 3264K, reserved 1048576K
[2025-06-17T22:58:55.782+0300][6080][17800][info ][gc,phases] GC(5)   Pre Evacuate Collection Set: 0.3ms
[2025-06-17T22:58:55.782+0300][6080][17800][debug][gc,phases] GC(5)     Pre Evacuate Prepare: 0.1ms
[2025-06-17T22:58:55.782+0300][6080][17800][debug][gc,phases] GC(5)       JT Retire TLABs And Flush Logs (ms): Min:  0.0, Avg:  0.0, Max:  0.0, Diff:  0.0, Sum:  0.0, Workers: 2
[2025-06-17T22:58:55.782+0300][6080][17800][debug][gc,phases] GC(5)       Non-JT Flush Logs (ms):        Min:  0.0, Avg:  0.0, Max:  0.0, Diff:  0.0, Sum:  0.0, Workers: 1
[2025-06-17T22:58:55.782+0300][6080][17800][debug][gc,phases] GC(5)     Choose Collection Set: 0.0ms
[2025-06-17T22:58:55.782+0300][6080][17800][debug][gc,phases] GC(5)     Region Register: 0.2ms
[2025-06-17T22:58:55.782+0300][6080][17800][debug][gc,phases] GC(5)     Prepare Heap Roots: 0.0ms
[2025-06-17T22:58:55.782+0300][6080][17800][info ][gc,phases] GC(5)   Merge Heap Roots: 0.1ms
[2025-06-17T22:58:55.782+0300][6080][17800][debug][gc,phases] GC(5)     Prepare Merge Heap Roots: 0.0ms
[2025-06-17T22:58:55.782+0300][6080][17800][debug][gc,phases] GC(5)     Remembered Sets (ms):          Min:  0.0, Avg:  0.0, Max:  0.0, Diff:  0.0, Sum:  0.2, Workers: 8
[2025-06-17T22:58:55.782+0300][6080][17800][debug][gc,phases] GC(5)       Eager Reclaim (ms):            skipped
[2025-06-17T22:58:55.782+0300][6080][17800][debug][gc,phases] GC(5)       Merged Inline                  Min: 0, Avg:  2.4, Max: 8, Diff: 8, Sum: 19, Workers: 8
[2025-06-17T22:58:55.782+0300][6080][17800][debug][gc,phases] GC(5)       Merged ArrayOfCards            Min: 0, Avg:  0.8, Max: 4, Diff: 4, Sum: 6, Workers: 8
[2025-06-17T22:58:55.782+0300][6080][17800][debug][gc,phases] GC(5)       Merged Howl                    Min: 0, Avg:  1.6, Max: 8, Diff: 8, Sum: 13, Workers: 8
[2025-06-17T22:58:55.782+0300][6080][17800][debug][gc,phases] GC(5)       Merged Full                    Min: 0, Avg:  0.0, Max: 0, Diff: 0, Sum: 0, Workers: 8
[2025-06-17T22:58:55.782+0300][6080][17800][debug][gc,phases] GC(5)       Merged Howl Inline             Min: 0, Avg:  2.9, Max: 15, Diff: 15, Sum: 23, Workers: 8
[2025-06-17T22:58:55.782+0300][6080][17800][debug][gc,phases] GC(5)       Merged Howl ArrayOfCards       Min: 0, Avg:  1.9, Max: 8, Diff: 8, Sum: 15, Workers: 8
[2025-06-17T22:58:55.782+0300][6080][17800][debug][gc,phases] GC(5)       Merged Howl BitMap             Min: 0, Avg:  1.8, Max: 10, Diff: 10, Sum: 14, Workers: 8
[2025-06-17T22:58:55.782+0300][6080][17800][debug][gc,phases] GC(5)       Merged Howl Full               Min: 0, Avg:  0.0, Max: 0, Diff: 0, Sum: 0, Workers: 8
[2025-06-17T22:58:55.782+0300][6080][17800][debug][gc,phases] GC(5)       Merged Cards                   Min: 8, Avg: 87.6, Max: 399, Diff: 391, Sum: 701, Workers: 8
[2025-06-17T22:58:55.782+0300][6080][17800][debug][gc,phases] GC(5)     Log Buffers (ms):              Min:  0.0, Avg:  0.0, Max:  0.0, Diff:  0.0, Sum:  0.0, Workers: 8
[2025-06-17T22:58:55.782+0300][6080][17800][debug][gc,phases] GC(5)       Dirty Cards:                   Min: 0, Avg: 156.5, Max: 378, Diff: 378, Sum: 1252, Workers: 8
[2025-06-17T22:58:55.782+0300][6080][17800][debug][gc,phases] GC(5)       Skipped Cards:                 Min: 0, Avg:  0.0, Max: 0, Diff: 0, Sum: 0, Workers: 8
[2025-06-17T22:58:55.782+0300][6080][17800][info ][gc,phases] GC(5)   Evacuate Collection Set: 3.9ms
[2025-06-17T22:58:55.782+0300][6080][17800][debug][gc,phases] GC(5)     Ext Root Scanning (ms):        Min:  0.3, Avg:  0.7, Max:  1.3, Diff:  1.1, Sum:  5.5, Workers: 8
[2025-06-17T22:58:55.782+0300][6080][17800][debug][gc,phases] GC(5)     Scan Heap Roots (ms):          Min:  0.0, Avg:  0.2, Max:  0.3, Diff:  0.3, Sum:  1.3, Workers: 8
[2025-06-17T22:58:55.782+0300][6080][17800][debug][gc,phases] GC(5)       Scanned Cards:                 Min: 0, Avg: 156.1, Max: 325, Diff: 325, Sum: 1249, Workers: 8
[2025-06-17T22:58:55.782+0300][6080][17800][debug][gc,phases] GC(5)       Scanned Blocks:                Min: 0, Avg: 75.8, Max: 144, Diff: 144, Sum: 606, Workers: 8
[2025-06-17T22:58:55.782+0300][6080][17800][debug][gc,phases] GC(5)       Claimed Chunks:                Min: 0, Avg: 30.1, Max: 58, Diff: 58, Sum: 241, Workers: 8
[2025-06-17T22:58:55.782+0300][6080][17800][debug][gc,phases] GC(5)       Found Roots:                   Min: 0, Avg: 347.2, Max: 935, Diff: 935, Sum: 2778, Workers: 8
[2025-06-17T22:58:55.782+0300][6080][17800][debug][gc,phases] GC(5)     Code Root Scan (ms):           Min:  0.0, Avg:  0.6, Max:  1.3, Diff:  1.3, Sum:  4.8, Workers: 8
[2025-06-17T22:58:55.782+0300][6080][17800][debug][gc,phases] GC(5)       Scanned Nmethods               Min: 0, Avg: 80.6, Max: 199, Diff: 199, Sum: 645, Workers: 8
[2025-06-17T22:58:55.782+0300][6080][17800][debug][gc,phases] GC(5)     Object Copy (ms):              Min:  1.2, Avg:  2.0, Max:  2.8, Diff:  1.5, Sum: 16.4, Workers: 8
[2025-06-17T22:58:55.782+0300][6080][17800][debug][gc,phases] GC(5)     Termination (ms):              Min:  0.0, Avg:  0.3, Max:  0.5, Diff:  0.5, Sum:  2.5, Workers: 8
[2025-06-17T22:58:55.782+0300][6080][17800][debug][gc,phases] GC(5)       Termination Attempts:          Min: 1, Avg:  3.8, Max: 8, Diff: 7, Sum: 30, Workers: 8
[2025-06-17T22:58:55.782+0300][6080][17800][debug][gc,phases] GC(5)     GC Worker Other (ms):          Min:  0.0, Avg:  0.0, Max:  0.1, Diff:  0.1, Sum:  0.3, Workers: 8
[2025-06-17T22:58:55.782+0300][6080][17800][debug][gc,phases] GC(5)     GC Worker Total (ms):          Min:  3.8, Avg:  3.9, Max:  3.9, Diff:  0.1, Sum: 30.9, Workers: 8
[2025-06-17T22:58:55.782+0300][6080][17800][info ][gc,phases] GC(5)   Post Evacuate Collection Set: 0.7ms
[2025-06-17T22:58:55.782+0300][6080][17800][debug][gc,phases] GC(5)     NMethod List Cleanup: 0.1ms
[2025-06-17T22:58:55.782+0300][6080][17800][debug][gc,phases] GC(5)     Reference Processing: 0.2ms
[2025-06-17T22:58:55.782+0300][6080][17800][debug][gc,phases] GC(5)     Weak Processing: 0.1ms
[2025-06-17T22:58:55.782+0300][6080][17800][debug][gc,phases] GC(5)       VM Weak                        Min:  0.0, Avg:  0.0, Max:  0.0, Diff:  0.0, Sum:  0.0, Workers: 8
[2025-06-17T22:58:55.782+0300][6080][17800][debug][gc,phases] GC(5)         Dead                           Min: 0, Avg:  0.0, Max: 0, Diff: 0, Sum: 0, Workers: 8
[2025-06-17T22:58:55.782+0300][6080][17800][debug][gc,phases] GC(5)         Total                          Min: 0, Avg: 64.9, Max: 263, Diff: 263, Sum: 519, Workers: 8
[2025-06-17T22:58:55.782+0300][6080][17800][debug][gc,phases] GC(5)       ObjectSynchronizer Weak        Min:  0.0, Avg:  0.0, Max:  0.0, Diff:  0.0, Sum:  0.0, Workers: 8
[2025-06-17T22:58:55.782+0300][6080][17800][debug][gc,phases] GC(5)         Dead                           Min: 0, Avg: 10.5, Max: 40, Diff: 40, Sum: 84, Workers: 8
[2025-06-17T22:58:55.782+0300][6080][17800][debug][gc,phases] GC(5)         Total                          Min: 0, Avg: 34.1, Max: 128, Diff: 128, Sum: 273, Workers: 8
[2025-06-17T22:58:55.782+0300][6080][17800][debug][gc,phases] GC(5)       JVMTI Tag Weak OopStorage      Min:  0.0, Avg:  0.0, Max:  0.0, Diff:  0.0, Sum:  0.0, Workers: 8
[2025-06-17T22:58:55.782+0300][6080][17800][debug][gc,phases] GC(5)         Dead                           Min: 0, Avg:  0.0, Max: 0, Diff: 0, Sum: 0, Workers: 8
[2025-06-17T22:58:55.782+0300][6080][17800][debug][gc,phases] GC(5)         Total                          Min: 0, Avg:  0.0, Max: 0, Diff: 0, Sum: 0, Workers: 8
[2025-06-17T22:58:55.782+0300][6080][17800][debug][gc,phases] GC(5)       StringTable Weak               Min:  0.0, Avg:  0.1, Max:  0.1, Diff:  0.1, Sum:  0.6, Workers: 8
[2025-06-17T22:58:55.782+0300][6080][17800][debug][gc,phases] GC(5)         Dead                           Min: 0, Avg:  2.5, Max: 12, Diff: 12, Sum: 20, Workers: 8
[2025-06-17T22:58:55.782+0300][6080][17800][debug][gc,phases] GC(5)         Total                          Min: 0, Avg: 3202.1, Max: 4032, Diff: 4032, Sum: 25617, Workers: 8
[2025-06-17T22:58:55.782+0300][6080][17800][debug][gc,phases] GC(5)       ResolvedMethodTable Weak       Min:  0.0, Avg:  0.0, Max:  0.0, Diff:  0.0, Sum:  0.1, Workers: 8
[2025-06-17T22:58:55.782+0300][6080][17800][debug][gc,phases] GC(5)         Dead                           Min: 0, Avg: 19.0, Max: 44, Diff: 44, Sum: 152, Workers: 8
[2025-06-17T22:58:55.782+0300][6080][17800][debug][gc,phases] GC(5)         Total                          Min: 0, Avg: 207.2, Max: 319, Diff: 319, Sum: 1658, Workers: 8
[2025-06-17T22:58:55.782+0300][6080][17800][debug][gc,phases] GC(5)       JNI Weak                       Min:  0.0, Avg:  0.0, Max:  0.0, Diff:  0.0, Sum:  0.0, Workers: 8
[2025-06-17T22:58:55.782+0300][6080][17800][debug][gc,phases] GC(5)         Dead                           Min: 0, Avg:  0.0, Max: 0, Diff: 0, Sum: 0, Workers: 8
[2025-06-17T22:58:55.782+0300][6080][17800][debug][gc,phases] GC(5)         Total                          Min: 0, Avg:  0.1, Max: 1, Diff: 1, Sum: 1, Workers: 8
[2025-06-17T22:58:55.782+0300][6080][17800][debug][gc,phases] GC(5)       StringDedup Table Weak         Min:  0.0, Avg:  0.0, Max:  0.0, Diff:  0.0, Sum:  0.0, Workers: 8
[2025-06-17T22:58:55.782+0300][6080][17800][debug][gc,phases] GC(5)         Dead                           Min: 0, Avg:  0.0, Max: 0, Diff: 0, Sum: 0, Workers: 8
[2025-06-17T22:58:55.782+0300][6080][17800][debug][gc,phases] GC(5)         Total                          Min: 0, Avg:  0.0, Max: 0, Diff: 0, Sum: 0, Workers: 8
[2025-06-17T22:58:55.782+0300][6080][17800][debug][gc,phases] GC(5)       StringDedup Requests0 Weak     Min:  0.0, Avg:  0.0, Max:  0.0, Diff:  0.0, Sum:  0.0, Workers: 8
[2025-06-17T22:58:55.782+0300][6080][17800][debug][gc,phases] GC(5)         Dead                           Min: 0, Avg:  0.0, Max: 0, Diff: 0, Sum: 0, Workers: 8
[2025-06-17T22:58:55.782+0300][6080][17800][debug][gc,phases] GC(5)         Total                          Min: 0, Avg:  0.0, Max: 0, Diff: 0, Sum: 0, Workers: 8
[2025-06-17T22:58:55.782+0300][6080][17800][debug][gc,phases] GC(5)       StringDedup Requests1 Weak     Min:  0.0, Avg:  0.0, Max:  0.0, Diff:  0.0, Sum:  0.0, Workers: 8
[2025-06-17T22:58:55.782+0300][6080][17800][debug][gc,phases] GC(5)         Dead                           Min: 0, Avg:  0.0, Max: 0, Diff: 0, Sum: 0, Workers: 8
[2025-06-17T22:58:55.782+0300][6080][17800][debug][gc,phases] GC(5)         Total                          Min: 0, Avg:  0.0, Max: 0, Diff: 0, Sum: 0, Workers: 8
[2025-06-17T22:58:55.782+0300][6080][17800][debug][gc,phases] GC(5)       Weak JFR Old Object Samples    Min:  0.0, Avg:  0.0, Max:  0.0, Diff:  0.0, Sum:  0.0, Workers: 8
[2025-06-17T22:58:55.782+0300][6080][17800][debug][gc,phases] GC(5)         Dead                           Min: 0, Avg:  0.0, Max: 0, Diff: 0, Sum: 0, Workers: 8
[2025-06-17T22:58:55.782+0300][6080][17800][debug][gc,phases] GC(5)         Total                          Min: 0, Avg:  0.0, Max: 0, Diff: 0, Sum: 0, Workers: 8
[2025-06-17T22:58:55.782+0300][6080][17800][debug][gc,phases] GC(5)     Post Evacuate Cleanup 1: 0.1ms
[2025-06-17T22:58:55.782+0300][6080][17800][debug][gc,phases] GC(5)       Merge Per-Thread State (ms):   Min:  0.0, Avg:  0.0, Max:  0.0, Diff:  0.0, Sum:  0.0, Workers: 1
[2025-06-17T22:58:55.782+0300][6080][17800][debug][gc,phases] GC(5)         Copied Bytes                   Min: 322680, Avg: 745265.0, Max: 1712544, Diff: 1389864, Sum: 5962120, Workers: 8
[2025-06-17T22:58:55.782+0300][6080][17800][debug][gc,phases] GC(5)         LAB Waste                      Min: 96, Avg: 1620.0, Max: 4688, Diff: 4592, Sum: 12960, Workers: 8
[2025-06-17T22:58:55.782+0300][6080][17800][debug][gc,phases] GC(5)         LAB Undo Waste                 Min: 0, Avg:  0.0, Max: 0, Diff: 0, Sum: 0, Workers: 8
[2025-06-17T22:58:55.782+0300][6080][17800][debug][gc,phases] GC(5)       Clear Logged Cards (ms):       Min:  0.0, Avg:  0.0, Max:  0.0, Diff:  0.0, Sum:  0.0, Workers: 4
[2025-06-17T22:58:55.782+0300][6080][17800][debug][gc,phases] GC(5)       Recalculate Used Memory (ms):  Min:  0.0, Avg:  0.0, Max:  0.0, Diff:  0.0, Sum:  0.0, Workers: 1
[2025-06-17T22:58:55.782+0300][6080][17800][debug][gc,phases] GC(5)     Post Evacuate Cleanup 2: 0.2ms
[2025-06-17T22:58:55.782+0300][6080][17800][debug][gc,phases] GC(5)       Update Derived Pointers (ms):  Min:  0.0, Avg:  0.0, Max:  0.0, Diff:  0.0, Sum:  0.0, Workers: 1
[2025-06-17T22:58:55.782+0300][6080][17800][debug][gc,phases] GC(5)       Eagerly Reclaim Humongous Objects (ms): skipped
[2025-06-17T22:58:55.782+0300][6080][17800][debug][gc,phases] GC(5)         Humongous Total                skipped
[2025-06-17T22:58:55.782+0300][6080][17800][debug][gc,phases] GC(5)         Humongous Candidates           skipped
[2025-06-17T22:58:55.782+0300][6080][17800][debug][gc,phases] GC(5)         Humongous Reclaimed            skipped
[2025-06-17T22:58:55.782+0300][6080][17800][debug][gc,phases] GC(5)       Sample CSet Candidates (ms):   Min:  0.0, Avg:  0.0, Max:  0.0, Diff:  0.0, Sum:  0.0, Workers: 1
[2025-06-17T22:58:55.782+0300][6080][17800][debug][gc,phases] GC(5)       Redirty Logged Cards (ms):     Min:  0.0, Avg:  0.0, Max:  0.0, Diff:  0.0, Sum:  0.0, Workers: 8
[2025-06-17T22:58:55.782+0300][6080][17800][debug][gc,phases] GC(5)         Redirtied Cards:               Min: 0, Avg: 118.1, Max: 539, Diff: 539, Sum: 945, Workers: 8
[2025-06-17T22:58:55.782+0300][6080][17800][debug][gc,phases] GC(5)       Resize TLABs (ms):             Min:  0.0, Avg:  0.0, Max:  0.0, Diff:  0.0, Sum:  0.0, Workers: 8
[2025-06-17T22:58:55.782+0300][6080][17800][debug][gc,phases] GC(5)       Free Collection Set (ms):      Min:  0.0, Avg:  0.1, Max:  0.1, Diff:  0.1, Sum:  0.5, Workers: 8
[2025-06-17T22:58:55.782+0300][6080][17800][debug][gc,phases] GC(5)     Rebuild Free List: 0.1ms
[2025-06-17T22:58:55.782+0300][6080][17800][debug][gc,phases] GC(5)     Prepare For Mutator: 0.0ms
[2025-06-17T22:58:55.782+0300][6080][17800][debug][gc,phases] GC(5)     Expand Heap After Collection: 0.0ms
[2025-06-17T22:58:55.782+0300][6080][17800][info ][gc,phases] GC(5)   Other: 0.1ms
[2025-06-17T22:58:55.782+0300][6080][17800][info ][gc,heap  ] GC(5) Eden regions: 161->0(717)
[2025-06-17T22:58:55.782+0300][6080][17800][info ][gc,heap  ] GC(5) Survivor regions: 5->7(21)
[2025-06-17T22:58:55.782+0300][6080][17800][info ][gc,heap  ] GC(5) Old regions: 14->14
[2025-06-17T22:58:55.782+0300][6080][17800][info ][gc,heap  ] GC(5) Humongous regions: 0->0
[2025-06-17T22:58:55.782+0300][6080][17800][debug][gc,heap  ] GC(5) Heap after GC invocations=6 (full 1):
[2025-06-17T22:58:55.782+0300][6080][17800][debug][gc,heap  ] GC(5)  garbage-first heap   total 2097152K, used 16154K [0x0000000080000000, 0x0000000100000000)
[2025-06-17T22:58:55.782+0300][6080][17800][debug][gc,heap  ] GC(5)   region size 1024K, 7 young (7168K), 7 survivors (7168K)
[2025-06-17T22:58:55.782+0300][6080][17800][debug][gc,heap  ] GC(5)  Metaspace       used 31356K, committed 32192K, reserved 1114112K
[2025-06-17T22:58:55.782+0300][6080][17800][debug][gc,heap  ] GC(5)   class space    used 2882K, committed 3264K, reserved 1048576K
[2025-06-17T22:58:55.782+0300][6080][17800][info ][gc       ] GC(5) Pause Young (Prepare Mixed) (G1 Evacuation Pause) 175M->15M(2048M) 6.717ms
[2025-06-17T22:58:55.782+0300][6080][17800][info ][safepoint] Safepoint "G1CollectForAllocation", Time since last: 22389400 ns, Reaching safepoint: 221500 ns, Cleanup: 11400 ns, At safepoint: 6785000 ns, Total: 7017900 ns
[2025-06-17T22:58:56.759+0300][6080][17800][debug][safepoint] Safepoint synchronization initiated using striped semaphore wait barrier. (33 threads)
[2025-06-17T22:58:56.759+0300][6080][17800][info ][safepoint] Safepoint "ICBufferFull", Time since last: 973073900 ns, Reaching safepoint: 46500 ns, Cleanup: 98600 ns, At safepoint: 1500 ns, Total: 146600 ns
[2025-06-17T22:58:57.332+0300][6080][17800][debug][safepoint] Safepoint synchronization initiated using striped semaphore wait barrier. (34 threads)
[2025-06-17T22:58:57.333+0300][6080][17800][info ][safepoint] Safepoint "ICBufferFull", Time since last: 573456700 ns, Reaching safepoint: 68500 ns, Cleanup: 155700 ns, At safepoint: 3400 ns, Total: 227600 ns
[2025-06-17T22:58:58.047+0300][6080][17800][debug][safepoint] Safepoint synchronization initiated using striped semaphore wait barrier. (33 threads)
[2025-06-17T22:58:58.047+0300][6080][15780][debug][safepoint] ... found polling page loop exception at pc = 0x000002dcea949114, stub =0x000002dce9e46600
[2025-06-17T22:58:58.047+0300][6080][17800][info ][safepoint] Safepoint "ICBufferFull", Time since last: 713585200 ns, Reaching safepoint: 133800 ns, Cleanup: 89600 ns, At safepoint: 15700 ns, Total: 239100 ns
[2025-06-17T22:58:58.047+0300][6080][17800][debug][safepoint] Safepoint synchronization initiated using striped semaphore wait barrier. (33 threads)
[2025-06-17T22:58:58.047+0300][6080][17800][info ][safepoint] Safepoint "ICBufferFull", Time since last: 140600 ns, Reaching safepoint: 43900 ns, Cleanup: 6500 ns, At safepoint: 8600 ns, Total: 59000 ns
[2025-06-17T22:58:58.047+0300][6080][17800][debug][safepoint] Safepoint synchronization initiated using striped semaphore wait barrier. (33 threads)
[2025-06-17T22:58:58.047+0300][6080][17800][info ][safepoint] Safepoint "ICBufferFull", Time since last: 57500 ns, Reaching safepoint: 27400 ns, Cleanup: 2400 ns, At safepoint: 15300 ns, Total: 45100 ns
[2025-06-17T22:58:58.047+0300][6080][17800][debug][safepoint] Safepoint synchronization initiated using striped semaphore wait barrier. (33 threads)
[2025-06-17T22:58:58.047+0300][6080][17800][info ][safepoint] Safepoint "ICBufferFull", Time since last: 82200 ns, Reaching safepoint: 26100 ns, Cleanup: 2200 ns, At safepoint: 13200 ns, Total: 41500 ns
[2025-06-17T22:58:58.047+0300][6080][17800][debug][safepoint] Safepoint synchronization initiated using striped semaphore wait barrier. (33 threads)
[2025-06-17T22:58:58.047+0300][6080][17800][info ][safepoint] Safepoint "ICBufferFull", Time since last: 198400 ns, Reaching safepoint: 74900 ns, Cleanup: 3500 ns, At safepoint: 24400 ns, Total: 102800 ns
[2025-06-17T22:58:58.047+0300][6080][17800][debug][safepoint] Safepoint synchronization initiated using striped semaphore wait barrier. (33 threads)
[2025-06-17T22:58:58.048+0300][6080][17800][info ][safepoint] Safepoint "ICBufferFull", Time since last: 58300 ns, Reaching safepoint: 67700 ns, Cleanup: 1900 ns, At safepoint: 19300 ns, Total: 88900 ns
[2025-06-17T22:58:59.049+0300][6080][17800][debug][safepoint] Safepoint synchronization initiated using striped semaphore wait barrier. (33 threads)
[2025-06-17T22:58:59.049+0300][6080][17800][info ][safepoint] Safepoint "Cleanup", Time since last: 1001434500 ns, Reaching safepoint: 110400 ns, Cleanup: 80500 ns, At safepoint: 3200 ns, Total: 194100 ns
[2025-06-17T22:59:00.052+0300][6080][17800][debug][safepoint] Safepoint synchronization initiated using striped semaphore wait barrier. (33 threads)
[2025-06-17T22:59:00.052+0300][6080][17800][info ][safepoint] Safepoint "Cleanup", Time since last: 1002936200 ns, Reaching safepoint: 115400 ns, Cleanup: 76700 ns, At safepoint: 39600 ns, Total: 231700 ns
[2025-06-17T22:59:01.066+0300][6080][17800][debug][safepoint] Safepoint synchronization initiated using striped semaphore wait barrier. (32 threads)
[2025-06-17T22:59:01.066+0300][6080][17800][info ][safepoint] Safepoint "Cleanup", Time since last: 1014093500 ns, Reaching safepoint: 93700 ns, Cleanup: 105400 ns, At safepoint: 5900 ns, Total: 205000 ns
[2025-06-17T22:59:02.077+0300][6080][17800][debug][safepoint] Safepoint synchronization initiated using striped semaphore wait barrier. (32 threads)
[2025-06-17T22:59:02.077+0300][6080][17800][info ][safepoint] Safepoint "Cleanup", Time since last: 1010240300 ns, Reaching safepoint: 81500 ns, Cleanup: 80300 ns, At safepoint: 4700 ns, Total: 166500 ns
[2025-06-17T22:59:03.091+0300][6080][17800][debug][safepoint] Safepoint synchronization initiated using striped semaphore wait barrier. (32 threads)
[2025-06-17T22:59:03.091+0300][6080][17800][info ][safepoint] Safepoint "Cleanup", Time since last: 1013959700 ns, Reaching safepoint: 72900 ns, Cleanup: 60500 ns, At safepoint: 1800 ns, Total: 135200 ns
[2025-06-17T22:59:04.107+0300][6080][17800][debug][safepoint] Safepoint synchronization initiated using striped semaphore wait barrier. (32 threads)
[2025-06-17T22:59:04.107+0300][6080][17800][info ][safepoint] Safepoint "Cleanup", Time since last: 1016099700 ns, Reaching safepoint: 130500 ns, Cleanup: 48100 ns, At safepoint: 14000 ns, Total: 192600 ns
[2025-06-17T22:59:05.113+0300][6080][17800][debug][safepoint] Safepoint synchronization initiated using striped semaphore wait barrier. (32 threads)
[2025-06-17T22:59:05.113+0300][6080][17800][info ][safepoint] Safepoint "Cleanup", Time since last: 1005816000 ns, Reaching safepoint: 150300 ns, Cleanup: 50800 ns, At safepoint: 9700 ns, Total: 210800 ns
[2025-06-17T22:59:06.118+0300][6080][17800][debug][safepoint] Safepoint synchronization initiated using striped semaphore wait barrier. (32 threads)
[2025-06-17T22:59:06.118+0300][6080][17800][info ][safepoint] Safepoint "Cleanup", Time since last: 1004239300 ns, Reaching safepoint: 86100 ns, Cleanup: 31900 ns, At safepoint: 1700 ns, Total: 119700 ns
[2025-06-17T22:59:07.118+0300][6080][17800][debug][safepoint] Safepoint synchronization initiated using striped semaphore wait barrier. (32 threads)
[2025-06-17T22:59:07.118+0300][6080][17800][info ][safepoint] Safepoint "Cleanup", Time since last: 1000058200 ns, Reaching safepoint: 104300 ns, Cleanup: 27500 ns, At safepoint: 5000 ns, Total: 136800 ns
[2025-06-17T22:59:08.125+0300][6080][17800][debug][safepoint] Safepoint synchronization initiated using striped semaphore wait barrier. (32 threads)
[2025-06-17T22:59:08.125+0300][6080][17800][info ][safepoint] Safepoint "Cleanup", Time since last: 1006304700 ns, Reaching safepoint: 73300 ns, Cleanup: 24500 ns, At safepoint: 6300 ns, Total: 104100 ns
[2025-06-17T22:59:09.133+0300][6080][17800][debug][safepoint] Safepoint synchronization initiated using striped semaphore wait barrier. (32 threads)
[2025-06-17T22:59:09.133+0300][6080][17800][info ][safepoint] Safepoint "Cleanup", Time since last: 1008751300 ns, Reaching safepoint: 97000 ns, Cleanup: 31400 ns, At safepoint: 12100 ns, Total: 140500 ns
[2025-06-17T22:59:10.145+0300][6080][17800][debug][safepoint] Safepoint synchronization initiated using striped semaphore wait barrier. (32 threads)
[2025-06-17T22:59:10.145+0300][6080][17800][info ][safepoint] Safepoint "Cleanup", Time since last: 1011707200 ns, Reaching safepoint: 74200 ns, Cleanup: 36200 ns, At safepoint: 3200 ns, Total: 113600 ns
[2025-06-17T22:59:11.148+0300][6080][17800][debug][safepoint] Safepoint synchronization initiated using striped semaphore wait barrier. (32 threads)
[2025-06-17T22:59:11.148+0300][6080][17800][info ][safepoint] Safepoint "Cleanup", Time since last: 1002939800 ns, Reaching safepoint: 155600 ns, Cleanup: 135700 ns, At safepoint: 6200 ns, Total: 297500 ns
[2025-06-17T22:59:12.160+0300][6080][17800][debug][safepoint] Safepoint synchronization initiated using striped semaphore wait barrier. (32 threads)
[2025-06-17T22:59:12.160+0300][6080][22304][debug][safepoint] ... found polling page loop exception at pc = 0x000002dceaaef77b, stub =0x000002dce9e46600
[2025-06-17T22:59:12.160+0300][6080][17800][info ][safepoint] Safepoint "Cleanup", Time since last: 1011943100 ns, Reaching safepoint: 317500 ns, Cleanup: 41600 ns, At safepoint: 25500 ns, Total: 384600 ns
[2025-06-17T22:59:13.166+0300][6080][17800][debug][safepoint] Safepoint synchronization initiated using striped semaphore wait barrier. (32 threads)
[2025-06-17T22:59:13.166+0300][6080][17800][info ][safepoint] Safepoint "Cleanup", Time since last: 1005599100 ns, Reaching safepoint: 84900 ns, Cleanup: 40100 ns, At safepoint: 6100 ns, Total: 131100 ns
[2025-06-17T22:59:14.167+0300][6080][17800][debug][safepoint] Safepoint synchronization initiated using striped semaphore wait barrier. (32 threads)
[2025-06-17T22:59:14.167+0300][6080][17800][info ][safepoint] Safepoint "Cleanup", Time since last: 1000756800 ns, Reaching safepoint: 135400 ns, Cleanup: 46600 ns, At safepoint: 9000 ns, Total: 191000 ns
[2025-06-17T22:59:15.173+0300][6080][17800][debug][safepoint] Safepoint synchronization initiated using striped semaphore wait barrier. (32 threads)
[2025-06-17T22:59:15.173+0300][6080][17800][info ][safepoint] Safepoint "Cleanup", Time since last: 1005511500 ns, Reaching safepoint: 88600 ns, Cleanup: 28800 ns, At safepoint: 2600 ns, Total: 120000 ns
[2025-06-17T22:59:16.176+0300][6080][17800][debug][safepoint] Safepoint synchronization initiated using striped semaphore wait barrier. (32 threads)
[2025-06-17T22:59:16.176+0300][6080][17800][info ][safepoint] Safepoint "Cleanup", Time since last: 1002850100 ns, Reaching safepoint: 140900 ns, Cleanup: 43900 ns, At safepoint: 13400 ns, Total: 198200 ns
[2025-06-17T22:59:18.206+0300][6080][17800][debug][safepoint] Safepoint synchronization initiated using striped semaphore wait barrier. (32 threads)
[2025-06-17T22:59:18.206+0300][6080][17800][info ][safepoint] Safepoint "Cleanup", Time since last: 2029904600 ns, Reaching safepoint: 189300 ns, Cleanup: 94600 ns, At safepoint: 50800 ns, Total: 334700 ns
[2025-06-17T22:59:19.211+0300][6080][17800][debug][safepoint] Safepoint synchronization initiated using striped semaphore wait barrier. (32 threads)
[2025-06-17T22:59:19.211+0300][6080][17800][info ][safepoint] Safepoint "Cleanup", Time since last: 1005310500 ns, Reaching safepoint: 123300 ns, Cleanup: 41000 ns, At safepoint: 11200 ns, Total: 175500 ns
[2025-06-17T22:59:19.277+0300][6080][17800][debug][safepoint] Safepoint synchronization initiated using striped semaphore wait barrier. (32 threads)
[2025-06-17T22:59:19.277+0300][6080][21000][debug][safepoint] ... found polling page loop exception at pc = 0x000002dcea7b127b, stub =0x000002dce9e46600
[2025-06-17T22:59:19.277+0300][6080][20084][debug][safepoint] ... found polling page loop exception at pc = 0x000002dcea984877, stub =0x000002dce9e46600
[2025-06-17T22:59:19.277+0300][6080][17800][debug][gc,heap  ] GC(6) Heap before GC invocations=6 (full 1):
[2025-06-17T22:59:19.277+0300][6080][17800][debug][gc,heap  ] GC(6)  garbage-first heap   total 2097152K, used 749338K [0x0000000080000000, 0x0000000100000000)
[2025-06-17T22:59:19.277+0300][6080][17800][debug][gc,heap  ] GC(6)   region size 1024K, 724 young (741376K), 7 survivors (7168K)
[2025-06-17T22:59:19.277+0300][6080][17800][debug][gc,heap  ] GC(6)  Metaspace       used 33918K, committed 34816K, reserved 1114112K
[2025-06-17T22:59:19.277+0300][6080][17800][debug][gc,heap  ] GC(6)   class space    used 2937K, committed 3328K, reserved 1048576K
[2025-06-17T22:59:19.284+0300][6080][17800][info ][gc,phases] GC(6)   Pre Evacuate Collection Set: 0.6ms
[2025-06-17T22:59:19.284+0300][6080][17800][debug][gc,phases] GC(6)     Pre Evacuate Prepare: 0.2ms
[2025-06-17T22:59:19.284+0300][6080][17800][debug][gc,phases] GC(6)       JT Retire TLABs And Flush Logs (ms): Min:  0.0, Avg:  0.0, Max:  0.0, Diff:  0.0, Sum:  0.0, Workers: 2
[2025-06-17T22:59:19.284+0300][6080][17800][debug][gc,phases] GC(6)       Non-JT Flush Logs (ms):        Min:  0.0, Avg:  0.0, Max:  0.0, Diff:  0.0, Sum:  0.0, Workers: 1
[2025-06-17T22:59:19.284+0300][6080][17800][debug][gc,phases] GC(6)     Choose Collection Set: 0.0ms
[2025-06-17T22:59:19.284+0300][6080][17800][debug][gc,phases] GC(6)     Region Register: 0.4ms
[2025-06-17T22:59:19.284+0300][6080][17800][debug][gc,phases] GC(6)     Prepare Heap Roots: 0.0ms
[2025-06-17T22:59:19.284+0300][6080][17800][info ][gc,phases] GC(6)   Merge Heap Roots: 0.3ms
[2025-06-17T22:59:19.284+0300][6080][17800][debug][gc,phases] GC(6)     Prepare Merge Heap Roots: 0.0ms
[2025-06-17T22:59:19.284+0300][6080][17800][debug][gc,phases] GC(6)     Remembered Sets (ms):          Min:  0.1, Avg:  0.1, Max:  0.1, Diff:  0.0, Sum:  0.7, Workers: 8
[2025-06-17T22:59:19.284+0300][6080][17800][debug][gc,phases] GC(6)       Eager Reclaim (ms):            skipped
[2025-06-17T22:59:19.284+0300][6080][17800][debug][gc,phases] GC(6)       Merged Inline                  Min: 0, Avg:  0.4, Max: 3, Diff: 3, Sum: 3, Workers: 8
[2025-06-17T22:59:19.284+0300][6080][17800][debug][gc,phases] GC(6)       Merged ArrayOfCards            Min: 0, Avg:  0.9, Max: 7, Diff: 7, Sum: 7, Workers: 8
[2025-06-17T22:59:19.284+0300][6080][17800][debug][gc,phases] GC(6)       Merged Howl                    Min: 0, Avg:  0.2, Max: 2, Diff: 2, Sum: 2, Workers: 8
[2025-06-17T22:59:19.284+0300][6080][17800][debug][gc,phases] GC(6)       Merged Full                    Min: 0, Avg:  0.0, Max: 0, Diff: 0, Sum: 0, Workers: 8
[2025-06-17T22:59:19.284+0300][6080][17800][debug][gc,phases] GC(6)       Merged Howl Inline             Min: 0, Avg:  0.8, Max: 6, Diff: 6, Sum: 6, Workers: 8
[2025-06-17T22:59:19.284+0300][6080][17800][debug][gc,phases] GC(6)       Merged Howl ArrayOfCards       Min: 0, Avg:  0.0, Max: 0, Diff: 0, Sum: 0, Workers: 8
[2025-06-17T22:59:19.284+0300][6080][17800][debug][gc,phases] GC(6)       Merged Howl BitMap             Min: 0, Avg:  0.2, Max: 2, Diff: 2, Sum: 2, Workers: 8
[2025-06-17T22:59:19.284+0300][6080][17800][debug][gc,phases] GC(6)       Merged Howl Full               Min: 0, Avg:  0.0, Max: 0, Diff: 0, Sum: 0, Workers: 8
[2025-06-17T22:59:19.284+0300][6080][17800][debug][gc,phases] GC(6)       Merged Cards                   Min: 8, Avg: 22.1, Max: 121, Diff: 113, Sum: 177, Workers: 8
[2025-06-17T22:59:19.284+0300][6080][17800][debug][gc,phases] GC(6)     Log Buffers (ms):              Min:  0.0, Avg:  0.0, Max:  0.0, Diff:  0.0, Sum:  0.1, Workers: 8
[2025-06-17T22:59:19.284+0300][6080][17800][debug][gc,phases] GC(6)       Dirty Cards:                   Min: 0, Avg: 139.6, Max: 706, Diff: 706, Sum: 1117, Workers: 8
[2025-06-17T22:59:19.284+0300][6080][17800][debug][gc,phases] GC(6)       Skipped Cards:                 Min: 0, Avg:  0.8, Max: 5, Diff: 5, Sum: 6, Workers: 8
[2025-06-17T22:59:19.284+0300][6080][17800][info ][gc,phases] GC(6)   Evacuate Collection Set: 5.5ms
[2025-06-17T22:59:19.284+0300][6080][17800][debug][gc,phases] GC(6)     Ext Root Scanning (ms):        Min:  0.1, Avg:  0.3, Max:  1.4, Diff:  1.2, Sum:  2.7, Workers: 8
[2025-06-17T22:59:19.284+0300][6080][17800][debug][gc,phases] GC(6)     Scan Heap Roots (ms):          Min:  0.0, Avg:  0.3, Max:  0.5, Diff:  0.5, Sum:  2.4, Workers: 8
[2025-06-17T22:59:19.284+0300][6080][17800][debug][gc,phases] GC(6)       Scanned Cards:                 Min: 0, Avg: 144.4, Max: 255, Diff: 255, Sum: 1155, Workers: 8
[2025-06-17T22:59:19.284+0300][6080][17800][debug][gc,phases] GC(6)       Scanned Blocks:                Min: 0, Avg: 79.6, Max: 157, Diff: 157, Sum: 637, Workers: 8
[2025-06-17T22:59:19.284+0300][6080][17800][debug][gc,phases] GC(6)       Claimed Chunks:                Min: 0, Avg: 30.1, Max: 63, Diff: 63, Sum: 241, Workers: 8
[2025-06-17T22:59:19.284+0300][6080][17800][debug][gc,phases] GC(6)       Found Roots:                   Min: 0, Avg: 693.1, Max: 2702, Diff: 2702, Sum: 5545, Workers: 8
[2025-06-17T22:59:19.284+0300][6080][17800][debug][gc,phases] GC(6)     Code Root Scan (ms):           Min:  0.0, Avg:  1.1, Max:  1.7, Diff:  1.7, Sum:  8.9, Workers: 8
[2025-06-17T22:59:19.284+0300][6080][17800][debug][gc,phases] GC(6)       Scanned Nmethods               Min: 0, Avg: 223.5, Max: 315, Diff: 315, Sum: 1788, Workers: 8
[2025-06-17T22:59:19.284+0300][6080][17800][debug][gc,phases] GC(6)     Object Copy (ms):              Min:  2.9, Avg:  3.4, Max:  3.9, Diff:  1.1, Sum: 27.1, Workers: 8
[2025-06-17T22:59:19.284+0300][6080][17800][debug][gc,phases] GC(6)     Termination (ms):              Min:  0.0, Avg:  0.1, Max:  0.2, Diff:  0.1, Sum:  1.0, Workers: 8
[2025-06-17T22:59:19.284+0300][6080][17800][debug][gc,phases] GC(6)       Termination Attempts:          Min: 1, Avg:  1.0, Max: 1, Diff: 0, Sum: 8, Workers: 8
[2025-06-17T22:59:19.284+0300][6080][17800][debug][gc,phases] GC(6)     GC Worker Other (ms):          Min:  0.1, Avg:  0.1, Max:  0.1, Diff:  0.0, Sum:  0.6, Workers: 8
[2025-06-17T22:59:19.284+0300][6080][17800][debug][gc,phases] GC(6)     GC Worker Total (ms):          Min:  5.3, Avg:  5.3, Max:  5.4, Diff:  0.1, Sum: 42.8, Workers: 8
[2025-06-17T22:59:19.284+0300][6080][17800][info ][gc,phases] GC(6)   Post Evacuate Collection Set: 1.1ms
[2025-06-17T22:59:19.284+0300][6080][17800][debug][gc,phases] GC(6)     NMethod List Cleanup: 0.1ms
[2025-06-17T22:59:19.284+0300][6080][17800][debug][gc,phases] GC(6)     Reference Processing: 0.1ms
[2025-06-17T22:59:19.284+0300][6080][17800][debug][gc,phases] GC(6)     Weak Processing: 0.2ms
[2025-06-17T22:59:19.284+0300][6080][17800][debug][gc,phases] GC(6)       VM Weak                        Min:  0.0, Avg:  0.0, Max:  0.0, Diff:  0.0, Sum:  0.0, Workers: 8
[2025-06-17T22:59:19.284+0300][6080][17800][debug][gc,phases] GC(6)         Dead                           Min: 0, Avg:  0.0, Max: 0, Diff: 0, Sum: 0, Workers: 8
[2025-06-17T22:59:19.284+0300][6080][17800][debug][gc,phases] GC(6)         Total                          Min: 0, Avg: 68.9, Max: 359, Diff: 359, Sum: 551, Workers: 8
[2025-06-17T22:59:19.284+0300][6080][17800][debug][gc,phases] GC(6)       ObjectSynchronizer Weak        Min:  0.0, Avg:  0.0, Max:  0.0, Diff:  0.0, Sum:  0.0, Workers: 8
[2025-06-17T22:59:19.284+0300][6080][17800][debug][gc,phases] GC(6)         Dead                           Min: 0, Avg:  3.5, Max: 14, Diff: 14, Sum: 28, Workers: 8
[2025-06-17T22:59:19.284+0300][6080][17800][debug][gc,phases] GC(6)         Total                          Min: 0, Avg: 48.5, Max: 196, Diff: 196, Sum: 388, Workers: 8
[2025-06-17T22:59:19.284+0300][6080][17800][debug][gc,phases] GC(6)       JVMTI Tag Weak OopStorage      Min:  0.0, Avg:  0.0, Max:  0.0, Diff:  0.0, Sum:  0.0, Workers: 8
[2025-06-17T22:59:19.284+0300][6080][17800][debug][gc,phases] GC(6)         Dead                           Min: 0, Avg:  0.0, Max: 0, Diff: 0, Sum: 0, Workers: 8
[2025-06-17T22:59:19.284+0300][6080][17800][debug][gc,phases] GC(6)         Total                          Min: 0, Avg:  0.0, Max: 0, Diff: 0, Sum: 0, Workers: 8
[2025-06-17T22:59:19.284+0300][6080][17800][debug][gc,phases] GC(6)       StringTable Weak               Min:  0.0, Avg:  0.1, Max:  0.1, Diff:  0.1, Sum:  0.5, Workers: 8
[2025-06-17T22:59:19.284+0300][6080][17800][debug][gc,phases] GC(6)         Dead                           Min: 0, Avg:  1.4, Max: 7, Diff: 7, Sum: 11, Workers: 8
[2025-06-17T22:59:19.284+0300][6080][17800][debug][gc,phases] GC(6)         Total                          Min: 576, Avg: 3405.8, Max: 8768, Diff: 8192, Sum: 27246, Workers: 8
[2025-06-17T22:59:19.284+0300][6080][17800][debug][gc,phases] GC(6)       ResolvedMethodTable Weak       Min:  0.0, Avg:  0.0, Max:  0.0, Diff:  0.0, Sum:  0.1, Workers: 8
[2025-06-17T22:59:19.284+0300][6080][17800][debug][gc,phases] GC(6)         Dead                           Min: 0, Avg:  0.4, Max: 2, Diff: 2, Sum: 3, Workers: 8
[2025-06-17T22:59:19.284+0300][6080][17800][debug][gc,phases] GC(6)         Total                          Min: 64, Avg: 211.9, Max: 320, Diff: 256, Sum: 1695, Workers: 8
[2025-06-17T22:59:19.284+0300][6080][17800][debug][gc,phases] GC(6)       JNI Weak                       Min:  0.0, Avg:  0.0, Max:  0.0, Diff:  0.0, Sum:  0.0, Workers: 8
[2025-06-17T22:59:19.284+0300][6080][17800][debug][gc,phases] GC(6)         Dead                           Min: 0, Avg:  0.0, Max: 0, Diff: 0, Sum: 0, Workers: 8
[2025-06-17T22:59:19.284+0300][6080][17800][debug][gc,phases] GC(6)         Total                          Min: 0, Avg:  0.0, Max: 0, Diff: 0, Sum: 0, Workers: 8
[2025-06-17T22:59:19.284+0300][6080][17800][debug][gc,phases] GC(6)       StringDedup Table Weak         Min:  0.0, Avg:  0.0, Max:  0.0, Diff:  0.0, Sum:  0.0, Workers: 8
[2025-06-17T22:59:19.284+0300][6080][17800][debug][gc,phases] GC(6)         Dead                           Min: 0, Avg:  0.0, Max: 0, Diff: 0, Sum: 0, Workers: 8
[2025-06-17T22:59:19.284+0300][6080][17800][debug][gc,phases] GC(6)         Total                          Min: 0, Avg:  0.0, Max: 0, Diff: 0, Sum: 0, Workers: 8
[2025-06-17T22:59:19.284+0300][6080][17800][debug][gc,phases] GC(6)       StringDedup Requests0 Weak     Min:  0.0, Avg:  0.0, Max:  0.0, Diff:  0.0, Sum:  0.0, Workers: 8
[2025-06-17T22:59:19.284+0300][6080][17800][debug][gc,phases] GC(6)         Dead                           Min: 0, Avg:  0.0, Max: 0, Diff: 0, Sum: 0, Workers: 8
[2025-06-17T22:59:19.284+0300][6080][17800][debug][gc,phases] GC(6)         Total                          Min: 0, Avg:  0.0, Max: 0, Diff: 0, Sum: 0, Workers: 8
[2025-06-17T22:59:19.284+0300][6080][17800][debug][gc,phases] GC(6)       StringDedup Requests1 Weak     Min:  0.0, Avg:  0.0, Max:  0.0, Diff:  0.0, Sum:  0.0, Workers: 8
[2025-06-17T22:59:19.284+0300][6080][17800][debug][gc,phases] GC(6)         Dead                           Min: 0, Avg:  0.0, Max: 0, Diff: 0, Sum: 0, Workers: 8
[2025-06-17T22:59:19.284+0300][6080][17800][debug][gc,phases] GC(6)         Total                          Min: 0, Avg:  0.0, Max: 0, Diff: 0, Sum: 0, Workers: 8
[2025-06-17T22:59:19.284+0300][6080][17800][debug][gc,phases] GC(6)       Weak JFR Old Object Samples    Min:  0.0, Avg:  0.0, Max:  0.0, Diff:  0.0, Sum:  0.0, Workers: 8
[2025-06-17T22:59:19.284+0300][6080][17800][debug][gc,phases] GC(6)         Dead                           Min: 0, Avg:  0.0, Max: 0, Diff: 0, Sum: 0, Workers: 8
[2025-06-17T22:59:19.284+0300][6080][17800][debug][gc,phases] GC(6)         Total                          Min: 0, Avg:  0.0, Max: 0, Diff: 0, Sum: 0, Workers: 8
[2025-06-17T22:59:19.284+0300][6080][17800][debug][gc,phases] GC(6)     Post Evacuate Cleanup 1: 0.2ms
[2025-06-17T22:59:19.284+0300][6080][17800][debug][gc,phases] GC(6)       Merge Per-Thread State (ms):   Min:  0.0, Avg:  0.0, Max:  0.0, Diff:  0.0, Sum:  0.0, Workers: 1
[2025-06-17T22:59:19.284+0300][6080][17800][debug][gc,phases] GC(6)         Copied Bytes                   Min: 485096, Avg: 802880.0, Max: 1582960, Diff: 1097864, Sum: 6423040, Workers: 8
[2025-06-17T22:59:19.284+0300][6080][17800][debug][gc,phases] GC(6)         LAB Waste                      Min: 96, Avg: 3135.0, Max: 9472, Diff: 9376, Sum: 25080, Workers: 8
[2025-06-17T22:59:19.284+0300][6080][17800][debug][gc,phases] GC(6)         LAB Undo Waste                 Min: 0, Avg:  0.0, Max: 0, Diff: 0, Sum: 0, Workers: 8
[2025-06-17T22:59:19.284+0300][6080][17800][debug][gc,phases] GC(6)       Clear Logged Cards (ms):       Min:  0.0, Avg:  0.0, Max:  0.1, Diff:  0.1, Sum:  0.2, Workers: 4
[2025-06-17T22:59:19.284+0300][6080][17800][debug][gc,phases] GC(6)       Recalculate Used Memory (ms):  Min:  0.0, Avg:  0.0, Max:  0.0, Diff:  0.0, Sum:  0.0, Workers: 1
[2025-06-17T22:59:19.284+0300][6080][17800][debug][gc,phases] GC(6)     Post Evacuate Cleanup 2: 0.3ms
[2025-06-17T22:59:19.284+0300][6080][17800][debug][gc,phases] GC(6)       Update Derived Pointers (ms):  Min:  0.0, Avg:  0.0, Max:  0.0, Diff:  0.0, Sum:  0.0, Workers: 1
[2025-06-17T22:59:19.284+0300][6080][17800][debug][gc,phases] GC(6)       Eagerly Reclaim Humongous Objects (ms): skipped
[2025-06-17T22:59:19.284+0300][6080][17800][debug][gc,phases] GC(6)         Humongous Total                skipped
[2025-06-17T22:59:19.284+0300][6080][17800][debug][gc,phases] GC(6)         Humongous Candidates           skipped
[2025-06-17T22:59:19.284+0300][6080][17800][debug][gc,phases] GC(6)         Humongous Reclaimed            skipped
[2025-06-17T22:59:19.284+0300][6080][17800][debug][gc,phases] GC(6)       Redirty Logged Cards (ms):     Min:  0.0, Avg:  0.0, Max:  0.0, Diff:  0.0, Sum:  0.0, Workers: 8
[2025-06-17T22:59:19.284+0300][6080][17800][debug][gc,phases] GC(6)         Redirtied Cards:               Min: 0, Avg: 124.2, Max: 585, Diff: 585, Sum: 994, Workers: 8
[2025-06-17T22:59:19.284+0300][6080][17800][debug][gc,phases] GC(6)       Resize TLABs (ms):             Min:  0.0, Avg:  0.0, Max:  0.0, Diff:  0.0, Sum:  0.0, Workers: 8
[2025-06-17T22:59:19.284+0300][6080][17800][debug][gc,phases] GC(6)       Free Collection Set (ms):      Min:  0.1, Avg:  0.2, Max:  0.2, Diff:  0.1, Sum:  1.2, Workers: 8
[2025-06-17T22:59:19.284+0300][6080][17800][debug][gc,phases] GC(6)     Rebuild Free List: 0.2ms
[2025-06-17T22:59:19.284+0300][6080][17800][debug][gc,phases] GC(6)     Prepare For Mutator: 0.0ms
[2025-06-17T22:59:19.284+0300][6080][17800][debug][gc,phases] GC(6)     Expand Heap After Collection: 0.0ms
[2025-06-17T22:59:19.284+0300][6080][17800][info ][gc,phases] GC(6)   Other: 0.4ms
[2025-06-17T22:59:19.284+0300][6080][17800][info ][gc,heap  ] GC(6) Eden regions: 717->0(1094)
[2025-06-17T22:59:19.284+0300][6080][17800][info ][gc,heap  ] GC(6) Survivor regions: 7->7(91)
[2025-06-17T22:59:19.284+0300][6080][17800][info ][gc,heap  ] GC(6) Old regions: 14->14
[2025-06-17T22:59:19.284+0300][6080][17800][info ][gc,heap  ] GC(6) Humongous regions: 0->0
[2025-06-17T22:59:19.284+0300][6080][17800][debug][gc,heap  ] GC(6) Heap after GC invocations=7 (full 1):
[2025-06-17T22:59:19.284+0300][6080][17800][debug][gc,heap  ] GC(6)  garbage-first heap   total 2097152K, used 16320K [0x0000000080000000, 0x0000000100000000)
[2025-06-17T22:59:19.284+0300][6080][17800][debug][gc,heap  ] GC(6)   region size 1024K, 7 young (7168K), 7 survivors (7168K)
[2025-06-17T22:59:19.284+0300][6080][17800][debug][gc,heap  ] GC(6)  Metaspace       used 33918K, committed 34816K, reserved 1114112K
[2025-06-17T22:59:19.284+0300][6080][17800][debug][gc,heap  ] GC(6)   class space    used 2937K, committed 3328K, reserved 1048576K
[2025-06-17T22:59:19.284+0300][6080][17800][info ][gc       ] GC(6) Pause Young (Mixed) (G1 Evacuation Pause) 732M->15M(2048M) 8.956ms
[2025-06-17T22:59:19.284+0300][6080][17800][info ][safepoint] Safepoint "G1CollectForAllocation", Time since last: 65998200 ns, Reaching safepoint: 449500 ns, Cleanup: 10900 ns, At safepoint: 8996500 ns, Total: 9456900 ns
[2025-06-17T22:59:21.300+0300][6080][17800][debug][safepoint] Safepoint synchronization initiated using striped semaphore wait barrier. (32 threads)
[2025-06-17T22:59:21.300+0300][6080][17800][info ][safepoint] Safepoint "Cleanup", Time since last: 2012964900 ns, Reaching safepoint: 82100 ns, Cleanup: 48600 ns, At safepoint: 3300 ns, Total: 134000 ns
[2025-06-17T22:59:22.317+0300][6080][17800][debug][safepoint] Safepoint synchronization initiated using striped semaphore wait barrier. (32 threads)
[2025-06-17T22:59:22.317+0300][6080][17800][info ][safepoint] Safepoint "Cleanup", Time since last: 1016400100 ns, Reaching safepoint: 147200 ns, Cleanup: 93800 ns, At safepoint: 55600 ns, Total: 296600 ns
[2025-06-17T22:59:23.324+0300][6080][17800][debug][safepoint] Safepoint synchronization initiated using striped semaphore wait barrier. (32 threads)
[2025-06-17T22:59:23.324+0300][6080][21068][debug][safepoint] ... found polling page loop exception at pc = 0x000002dcea94386a, stub =0x000002dce9e46600
[2025-06-17T22:59:23.324+0300][6080][17800][info ][safepoint] Safepoint "Cleanup", Time since last: 1006764100 ns, Reaching safepoint: 284200 ns, Cleanup: 39800 ns, At safepoint: 13600 ns, Total: 337600 ns
[2025-06-17T22:59:24.334+0300][6080][17800][debug][safepoint] Safepoint synchronization initiated using striped semaphore wait barrier. (32 threads)
[2025-06-17T22:59:24.334+0300][6080][17800][info ][safepoint] Safepoint "Cleanup", Time since last: 1009571500 ns, Reaching safepoint: 159300 ns, Cleanup: 30900 ns, At safepoint: 12900 ns, Total: 203100 ns
[2025-06-17T22:59:25.339+0300][6080][17800][debug][safepoint] Safepoint synchronization initiated using striped semaphore wait barrier. (32 threads)
[2025-06-17T22:59:25.339+0300][6080][17800][info ][safepoint] Safepoint "Cleanup", Time since last: 1005549700 ns, Reaching safepoint: 100600 ns, Cleanup: 43200 ns, At safepoint: 7000 ns, Total: 150800 ns
[2025-06-17T22:59:26.347+0300][6080][17800][debug][safepoint] Safepoint synchronization initiated using striped semaphore wait barrier. (32 threads)
[2025-06-17T22:59:26.347+0300][6080][17800][info ][safepoint] Safepoint "Cleanup", Time since last: 1007480600 ns, Reaching safepoint: 106000 ns, Cleanup: 17800 ns, At safepoint: 4000 ns, Total: 127800 ns
[2025-06-17T22:59:30.378+0300][6080][17800][debug][safepoint] Safepoint synchronization initiated using striped semaphore wait barrier. (32 threads)
[2025-06-17T22:59:30.378+0300][6080][17800][info ][safepoint] Safepoint "Cleanup", Time since last: 4030626200 ns, Reaching safepoint: 87700 ns, Cleanup: 23600 ns, At safepoint: 15700 ns, Total: 127000 ns
[2025-06-17T22:59:31.387+0300][6080][17800][debug][safepoint] Safepoint synchronization initiated using striped semaphore wait barrier. (32 threads)
[2025-06-17T22:59:31.387+0300][6080][17800][info ][safepoint] Safepoint "Cleanup", Time since last: 1008691200 ns, Reaching safepoint: 143400 ns, Cleanup: 39600 ns, At safepoint: 16700 ns, Total: 199700 ns
[2025-06-17T22:59:32.392+0300][6080][17800][debug][safepoint] Safepoint synchronization initiated using striped semaphore wait barrier. (32 threads)
[2025-06-17T22:59:32.392+0300][6080][17800][info ][safepoint] Safepoint "Cleanup", Time since last: 1004788400 ns, Reaching safepoint: 100500 ns, Cleanup: 29200 ns, At safepoint: 8700 ns, Total: 138400 ns
[2025-06-17T22:59:33.394+0300][6080][17800][debug][safepoint] Safepoint synchronization initiated using striped semaphore wait barrier. (32 threads)
[2025-06-17T22:59:33.394+0300][6080][22304][debug][safepoint] ... found polling page loop exception at pc = 0x000002dceac183db, stub =0x000002dce9e46600
[2025-06-17T22:59:33.394+0300][6080][17800][info ][safepoint] Safepoint "Cleanup", Time since last: 1001799300 ns, Reaching safepoint: 208400 ns, Cleanup: 43900 ns, At safepoint: 14300 ns, Total: 266600 ns
[2025-06-17T22:59:34.408+0300][6080][17800][debug][safepoint] Safepoint synchronization initiated using striped semaphore wait barrier. (32 threads)
[2025-06-17T22:59:34.408+0300][6080][17800][info ][safepoint] Safepoint "Cleanup", Time since last: 1013939900 ns, Reaching safepoint: 118000 ns, Cleanup: 40400 ns, At safepoint: 4600 ns, Total: 163000 ns
[2025-06-17T22:59:36.425+0300][6080][17800][debug][safepoint] Safepoint synchronization initiated using striped semaphore wait barrier. (32 threads)
[2025-06-17T22:59:36.425+0300][6080][22304][debug][safepoint] ... found polling page loop exception at pc = 0x000002dceac930c3, stub =0x000002dce9e46600
[2025-06-17T22:59:36.425+0300][6080][21032][debug][safepoint] ... found polling page loop exception at pc = 0x000002dcea9bfdf0, stub =0x000002dce9e45d80
[2025-06-17T22:59:36.425+0300][6080][17800][info ][safepoint] Safepoint "Cleanup", Time since last: 2017272500 ns, Reaching safepoint: 439500 ns, Cleanup: 21400 ns, At safepoint: 9700 ns, Total: 470600 ns
[2025-06-17T22:59:37.427+0300][6080][17800][debug][safepoint] Safepoint synchronization initiated using striped semaphore wait barrier. (32 threads)
[2025-06-17T22:59:37.428+0300][6080][17800][info ][safepoint] Safepoint "Cleanup", Time since last: 1001560900 ns, Reaching safepoint: 153600 ns, Cleanup: 41100 ns, At safepoint: 32200 ns, Total: 226900 ns
[2025-06-17T22:59:39.439+0300][6080][17800][debug][safepoint] Safepoint synchronization initiated using striped semaphore wait barrier. (32 threads)
[2025-06-17T22:59:39.439+0300][6080][17800][info ][safepoint] Safepoint "Cleanup", Time since last: 2011400200 ns, Reaching safepoint: 150000 ns, Cleanup: 73400 ns, At safepoint: 55600 ns, Total: 279000 ns
[2025-06-17T22:59:40.444+0300][6080][17800][debug][safepoint] Safepoint synchronization initiated using striped semaphore wait barrier. (32 threads)
[2025-06-17T22:59:40.444+0300][6080][1996 ][debug][safepoint] ... found polling page loop exception at pc = 0x000002dcea943ae2, stub =0x000002dce9e46600
[2025-06-17T22:59:40.444+0300][6080][17900][debug][safepoint] ... found polling page loop exception at pc = 0x000002dceab525f1, stub =0x000002dce9e46600
[2025-06-17T22:59:40.444+0300][6080][17800][info ][safepoint] Safepoint "Cleanup", Time since last: 1004483500 ns, Reaching safepoint: 477800 ns, Cleanup: 18900 ns, At safepoint: 25800 ns, Total: 522500 ns
[2025-06-17T22:59:41.455+0300][6080][17800][debug][safepoint] Safepoint synchronization initiated using striped semaphore wait barrier. (32 threads)
[2025-06-17T22:59:41.455+0300][6080][17800][info ][safepoint] Safepoint "Cleanup", Time since last: 1011472900 ns, Reaching safepoint: 166000 ns, Cleanup: 32900 ns, At safepoint: 10000 ns, Total: 208900 ns
[2025-06-17T22:59:44.480+0300][6080][17800][debug][safepoint] Safepoint synchronization initiated using striped semaphore wait barrier. (32 threads)
[2025-06-17T22:59:44.480+0300][6080][4504 ][debug][safepoint] ... found polling page loop exception at pc = 0x000002dceac183db, stub =0x000002dce9e46600
[2025-06-17T22:59:44.480+0300][6080][17800][info ][safepoint] Safepoint "Cleanup", Time since last: 3023817600 ns, Reaching safepoint: 290400 ns, Cleanup: 43700 ns, At safepoint: 12400 ns, Total: 346500 ns
[2025-06-17T22:59:45.492+0300][6080][17800][debug][safepoint] Safepoint synchronization initiated using striped semaphore wait barrier. (32 threads)
[2025-06-17T22:59:45.492+0300][6080][17800][info ][safepoint] Safepoint "Cleanup", Time since last: 1011946100 ns, Reaching safepoint: 91800 ns, Cleanup: 19000 ns, At safepoint: 10400 ns, Total: 121200 ns
[2025-06-17T22:59:47.499+0300][6080][17800][debug][safepoint] Safepoint synchronization initiated using striped semaphore wait barrier. (32 threads)
[2025-06-17T22:59:47.499+0300][6080][20084][debug][safepoint] ... found polling page loop exception at pc = 0x000002dceaa569bc, stub =0x000002dce9e46600
[2025-06-17T22:59:47.499+0300][6080][21068][debug][safepoint] ... found polling page loop exception at pc = 0x000002dcea873f03, stub =0x000002dce9e45d80
[2025-06-17T22:59:47.499+0300][6080][17800][info ][safepoint] Safepoint "Cleanup", Time since last: 2006720800 ns, Reaching safepoint: 294600 ns, Cleanup: 30000 ns, At safepoint: 19900 ns, Total: 344500 ns
[2025-06-17T22:59:48.513+0300][6080][17800][debug][safepoint] Safepoint synchronization initiated using striped semaphore wait barrier. (32 threads)
[2025-06-17T22:59:48.513+0300][6080][17800][info ][safepoint] Safepoint "Cleanup", Time since last: 1014389400 ns, Reaching safepoint: 152500 ns, Cleanup: 44700 ns, At safepoint: 11300 ns, Total: 208500 ns
[2025-06-17T22:59:49.523+0300][6080][17800][debug][safepoint] Safepoint synchronization initiated using striped semaphore wait barrier. (32 threads)
[2025-06-17T22:59:49.523+0300][6080][4504 ][debug][safepoint] ... found polling page loop exception at pc = 0x000002dcea949114, stub =0x000002dce9e46600
[2025-06-17T22:59:49.523+0300][6080][17800][info ][safepoint] Safepoint "Cleanup", Time since last: 1009164800 ns, Reaching safepoint: 278300 ns, Cleanup: 20000 ns, At safepoint: 20100 ns, Total: 318400 ns
[2025-06-17T22:59:51.548+0300][6080][17800][debug][safepoint] Safepoint synchronization initiated using striped semaphore wait barrier. (32 threads)
[2025-06-17T22:59:51.548+0300][6080][17800][info ][safepoint] Safepoint "Cleanup", Time since last: 2025148300 ns, Reaching safepoint: 175500 ns, Cleanup: 34300 ns, At safepoint: 9700 ns, Total: 219500 ns
[2025-06-17T22:59:52.560+0300][6080][17800][debug][safepoint] Safepoint synchronization initiated using striped semaphore wait barrier. (32 threads)
[2025-06-17T22:59:52.560+0300][6080][17800][info ][safepoint] Safepoint "Cleanup", Time since last: 1011131300 ns, Reaching safepoint: 173700 ns, Cleanup: 53000 ns, At safepoint: 25700 ns, Total: 252400 ns
[2025-06-17T22:59:53.571+0300][6080][17800][debug][safepoint] Safepoint synchronization initiated using striped semaphore wait barrier. (32 threads)
[2025-06-17T22:59:53.571+0300][6080][17800][info ][safepoint] Safepoint "Cleanup", Time since last: 1011030900 ns, Reaching safepoint: 167900 ns, Cleanup: 47100 ns, At safepoint: 27200 ns, Total: 242200 ns
[2025-06-17T22:59:54.584+0300][6080][17800][debug][safepoint] Safepoint synchronization initiated using striped semaphore wait barrier. (32 threads)
[2025-06-17T22:59:54.584+0300][6080][17800][info ][safepoint] Safepoint "Cleanup", Time since last: 1013364000 ns, Reaching safepoint: 122400 ns, Cleanup: 36800 ns, At safepoint: 10400 ns, Total: 169600 ns
[2025-06-17T22:59:55.587+0300][6080][17800][debug][safepoint] Safepoint synchronization initiated using striped semaphore wait barrier. (32 threads)
[2025-06-17T22:59:55.587+0300][6080][17800][info ][safepoint] Safepoint "Cleanup", Time since last: 1002509900 ns, Reaching safepoint: 154400 ns, Cleanup: 115000 ns, At safepoint: 14700 ns, Total: 284100 ns
[2025-06-17T22:59:56.602+0300][6080][17800][debug][safepoint] Safepoint synchronization initiated using striped semaphore wait barrier. (32 threads)
[2025-06-17T22:59:56.602+0300][6080][4504 ][debug][safepoint] ... found polling page loop exception at pc = 0x000002dcea87acff, stub =0x000002dce9e46600
[2025-06-17T22:59:56.602+0300][6080][17800][info ][safepoint] Safepoint "Cleanup", Time since last: 1014387200 ns, Reaching safepoint: 298300 ns, Cleanup: 21100 ns, At safepoint: 30800 ns, Total: 350200 ns
[2025-06-17T22:59:57.046+0300][6080][17800][debug][safepoint] Safepoint synchronization initiated using striped semaphore wait barrier. (32 threads)
[2025-06-17T22:59:57.046+0300][6080][17800][debug][gc,heap  ] GC(7) Heap before GC invocations=7 (full 1):
[2025-06-17T22:59:57.046+0300][6080][17800][debug][gc,heap  ] GC(7)  garbage-first heap   total 2097152K, used 1136576K [0x0000000080000000, 0x0000000100000000)
[2025-06-17T22:59:57.046+0300][6080][17800][debug][gc,heap  ] GC(7)   region size 1024K, 1101 young (1127424K), 7 survivors (7168K)
[2025-06-17T22:59:57.046+0300][6080][17800][debug][gc,heap  ] GC(7)  Metaspace       used 34436K, committed 35392K, reserved 1114112K
[2025-06-17T22:59:57.046+0300][6080][17800][debug][gc,heap  ] GC(7)   class space    used 2939K, committed 3328K, reserved 1048576K
[2025-06-17T22:59:57.052+0300][6080][17800][info ][gc,phases] GC(7)   Pre Evacuate Collection Set: 0.7ms
[2025-06-17T22:59:57.052+0300][6080][17800][debug][gc,phases] GC(7)     Pre Evacuate Prepare: 0.3ms
[2025-06-17T22:59:57.052+0300][6080][17800][debug][gc,phases] GC(7)       JT Retire TLABs And Flush Logs (ms): Min:  0.0, Avg:  0.0, Max:  0.0, Diff:  0.0, Sum:  0.0, Workers: 2
[2025-06-17T22:59:57.052+0300][6080][17800][debug][gc,phases] GC(7)       Non-JT Flush Logs (ms):        Min:  0.0, Avg:  0.0, Max:  0.0, Diff:  0.0, Sum:  0.0, Workers: 1
[2025-06-17T22:59:57.052+0300][6080][17800][debug][gc,phases] GC(7)     Choose Collection Set: 0.0ms
[2025-06-17T22:59:57.052+0300][6080][17800][debug][gc,phases] GC(7)     Region Register: 0.4ms
[2025-06-17T22:59:57.052+0300][6080][17800][debug][gc,phases] GC(7)     Prepare Heap Roots: 0.0ms
[2025-06-17T22:59:57.052+0300][6080][17800][info ][gc,phases] GC(7)   Merge Heap Roots: 0.4ms
[2025-06-17T22:59:57.052+0300][6080][17800][debug][gc,phases] GC(7)     Prepare Merge Heap Roots: 0.0ms
[2025-06-17T22:59:57.052+0300][6080][17800][debug][gc,phases] GC(7)     Remembered Sets (ms):          Min:  0.1, Avg:  0.2, Max:  0.2, Diff:  0.1, Sum:  1.3, Workers: 8
[2025-06-17T22:59:57.052+0300][6080][17800][debug][gc,phases] GC(7)       Eager Reclaim (ms):            skipped
[2025-06-17T22:59:57.052+0300][6080][17800][debug][gc,phases] GC(7)       Merged Inline                  Min: 0, Avg:  0.0, Max: 0, Diff: 0, Sum: 0, Workers: 8
[2025-06-17T22:59:57.052+0300][6080][17800][debug][gc,phases] GC(7)       Merged ArrayOfCards            Min: 0, Avg:  0.0, Max: 0, Diff: 0, Sum: 0, Workers: 8
[2025-06-17T22:59:57.052+0300][6080][17800][debug][gc,phases] GC(7)       Merged Howl                    Min: 0, Avg:  0.0, Max: 0, Diff: 0, Sum: 0, Workers: 8
[2025-06-17T22:59:57.052+0300][6080][17800][debug][gc,phases] GC(7)       Merged Full                    Min: 0, Avg:  0.0, Max: 0, Diff: 0, Sum: 0, Workers: 8
[2025-06-17T22:59:57.052+0300][6080][17800][debug][gc,phases] GC(7)       Merged Howl Inline             Min: 0, Avg:  0.0, Max: 0, Diff: 0, Sum: 0, Workers: 8
[2025-06-17T22:59:57.052+0300][6080][17800][debug][gc,phases] GC(7)       Merged Howl ArrayOfCards       Min: 0, Avg:  0.0, Max: 0, Diff: 0, Sum: 0, Workers: 8
[2025-06-17T22:59:57.052+0300][6080][17800][debug][gc,phases] GC(7)       Merged Howl BitMap             Min: 0, Avg:  0.0, Max: 0, Diff: 0, Sum: 0, Workers: 8
[2025-06-17T22:59:57.052+0300][6080][17800][debug][gc,phases] GC(7)       Merged Howl Full               Min: 0, Avg:  0.0, Max: 0, Diff: 0, Sum: 0, Workers: 8
[2025-06-17T22:59:57.052+0300][6080][17800][debug][gc,phases] GC(7)       Merged Cards                   Min: 8, Avg:  8.0, Max: 8, Diff: 0, Sum: 64, Workers: 8
[2025-06-17T22:59:57.052+0300][6080][17800][debug][gc,phases] GC(7)     Log Buffers (ms):              Min:  0.0, Avg:  0.0, Max:  0.0, Diff:  0.0, Sum:  0.1, Workers: 8
[2025-06-17T22:59:57.052+0300][6080][17800][debug][gc,phases] GC(7)       Dirty Cards:                   Min: 0, Avg: 133.6, Max: 639, Diff: 639, Sum: 1069, Workers: 8
[2025-06-17T22:59:57.052+0300][6080][17800][debug][gc,phases] GC(7)       Skipped Cards:                 Min: 0, Avg:  0.0, Max: 0, Diff: 0, Sum: 0, Workers: 8
[2025-06-17T22:59:57.052+0300][6080][17800][info ][gc,phases] GC(7)   Evacuate Collection Set: 5.0ms
[2025-06-17T22:59:57.052+0300][6080][17800][debug][gc,phases] GC(7)     Ext Root Scanning (ms):        Min:  0.1, Avg:  0.3, Max:  1.0, Diff:  0.9, Sum:  2.6, Workers: 8
[2025-06-17T22:59:57.052+0300][6080][17800][debug][gc,phases] GC(7)     Scan Heap Roots (ms):          Min:  0.0, Avg:  0.3, Max:  0.5, Diff:  0.5, Sum:  2.4, Workers: 8
[2025-06-17T22:59:57.052+0300][6080][17800][debug][gc,phases] GC(7)       Scanned Cards:                 Min: 0, Avg: 132.4, Max: 260, Diff: 260, Sum: 1059, Workers: 8
[2025-06-17T22:59:57.052+0300][6080][17800][debug][gc,phases] GC(7)       Scanned Blocks:                Min: 0, Avg: 74.1, Max: 145, Diff: 145, Sum: 593, Workers: 8
[2025-06-17T22:59:57.052+0300][6080][17800][debug][gc,phases] GC(7)       Claimed Chunks:                Min: 0, Avg: 28.5, Max: 44, Diff: 44, Sum: 228, Workers: 8
[2025-06-17T22:59:57.052+0300][6080][17800][debug][gc,phases] GC(7)       Found Roots:                   Min: 0, Avg: 693.0, Max: 3402, Diff: 3402, Sum: 5544, Workers: 8
[2025-06-17T22:59:57.052+0300][6080][17800][debug][gc,phases] GC(7)     Code Root Scan (ms):           Min:  0.1, Avg:  1.1, Max:  1.5, Diff:  1.5, Sum:  8.7, Workers: 8
[2025-06-17T22:59:57.052+0300][6080][17800][debug][gc,phases] GC(7)       Scanned Nmethods               Min: 0, Avg: 245.1, Max: 350, Diff: 350, Sum: 1961, Workers: 8
[2025-06-17T22:59:57.052+0300][6080][17800][debug][gc,phases] GC(7)     Object Copy (ms):              Min:  2.6, Avg:  3.1, Max:  3.6, Diff:  1.1, Sum: 24.5, Workers: 8
[2025-06-17T22:59:57.052+0300][6080][17800][debug][gc,phases] GC(7)     Termination (ms):              Min:  0.0, Avg:  0.0, Max:  0.0, Diff:  0.0, Sum:  0.0, Workers: 8
[2025-06-17T22:59:57.052+0300][6080][17800][debug][gc,phases] GC(7)       Termination Attempts:          Min: 1, Avg:  1.0, Max: 1, Diff: 0, Sum: 8, Workers: 8
[2025-06-17T22:59:57.052+0300][6080][17800][debug][gc,phases] GC(7)     GC Worker Other (ms):          Min:  0.1, Avg:  0.1, Max:  0.2, Diff:  0.1, Sum:  0.9, Workers: 8
[2025-06-17T22:59:57.052+0300][6080][17800][debug][gc,phases] GC(7)     GC Worker Total (ms):          Min:  4.8, Avg:  4.9, Max:  4.9, Diff:  0.1, Sum: 39.1, Workers: 8
[2025-06-17T22:59:57.052+0300][6080][17800][info ][gc,phases] GC(7)   Post Evacuate Collection Set: 1.2ms
[2025-06-17T22:59:57.052+0300][6080][17800][debug][gc,phases] GC(7)     NMethod List Cleanup: 0.1ms
[2025-06-17T22:59:57.052+0300][6080][17800][debug][gc,phases] GC(7)     Reference Processing: 0.1ms
[2025-06-17T22:59:57.052+0300][6080][17800][debug][gc,phases] GC(7)     Weak Processing: 0.2ms
[2025-06-17T22:59:57.052+0300][6080][17800][debug][gc,phases] GC(7)       VM Weak                        Min:  0.0, Avg:  0.0, Max:  0.0, Diff:  0.0, Sum:  0.0, Workers: 8
[2025-06-17T22:59:57.052+0300][6080][17800][debug][gc,phases] GC(7)         Dead                           Min: 0, Avg:  0.0, Max: 0, Diff: 0, Sum: 0, Workers: 8
[2025-06-17T22:59:57.052+0300][6080][17800][debug][gc,phases] GC(7)         Total                          Min: 0, Avg: 69.0, Max: 384, Diff: 384, Sum: 552, Workers: 8
[2025-06-17T22:59:57.052+0300][6080][17800][debug][gc,phases] GC(7)       ObjectSynchronizer Weak        Min:  0.0, Avg:  0.0, Max:  0.0, Diff:  0.0, Sum:  0.0, Workers: 8
[2025-06-17T22:59:57.052+0300][6080][17800][debug][gc,phases] GC(7)         Dead                           Min: 0, Avg:  0.0, Max: 0, Diff: 0, Sum: 0, Workers: 8
[2025-06-17T22:59:57.052+0300][6080][17800][debug][gc,phases] GC(7)         Total                          Min: 0, Avg:  7.0, Max: 46, Diff: 46, Sum: 56, Workers: 8
[2025-06-17T22:59:57.052+0300][6080][17800][debug][gc,phases] GC(7)       JVMTI Tag Weak OopStorage      Min:  0.0, Avg:  0.0, Max:  0.0, Diff:  0.0, Sum:  0.0, Workers: 8
[2025-06-17T22:59:57.052+0300][6080][17800][debug][gc,phases] GC(7)         Dead                           Min: 0, Avg:  0.0, Max: 0, Diff: 0, Sum: 0, Workers: 8
[2025-06-17T22:59:57.052+0300][6080][17800][debug][gc,phases] GC(7)         Total                          Min: 0, Avg:  0.0, Max: 0, Diff: 0, Sum: 0, Workers: 8
[2025-06-17T22:59:57.052+0300][6080][17800][debug][gc,phases] GC(7)       StringTable Weak               Min:  0.0, Avg:  0.1, Max:  0.1, Diff:  0.1, Sum:  0.5, Workers: 8
[2025-06-17T22:59:57.052+0300][6080][17800][debug][gc,phases] GC(7)         Dead                           Min: 0, Avg:  0.0, Max: 0, Diff: 0, Sum: 0, Workers: 8
[2025-06-17T22:59:57.052+0300][6080][17800][debug][gc,phases] GC(7)         Total                          Min: 1472, Avg: 3439.9, Max: 9024, Diff: 7552, Sum: 27519, Workers: 8
[2025-06-17T22:59:57.052+0300][6080][17800][debug][gc,phases] GC(7)       ResolvedMethodTable Weak       Min:  0.0, Avg:  0.0, Max:  0.0, Diff:  0.0, Sum:  0.0, Workers: 8
[2025-06-17T22:59:57.052+0300][6080][17800][debug][gc,phases] GC(7)         Dead                           Min: 0, Avg:  0.1, Max: 1, Diff: 1, Sum: 1, Workers: 8
[2025-06-17T22:59:57.052+0300][6080][17800][debug][gc,phases] GC(7)         Total                          Min: 64, Avg: 211.9, Max: 384, Diff: 320, Sum: 1695, Workers: 8
[2025-06-17T22:59:57.052+0300][6080][17800][debug][gc,phases] GC(7)       JNI Weak                       Min:  0.0, Avg:  0.0, Max:  0.0, Diff:  0.0, Sum:  0.0, Workers: 8
[2025-06-17T22:59:57.052+0300][6080][17800][debug][gc,phases] GC(7)         Dead                           Min: 0, Avg:  0.0, Max: 0, Diff: 0, Sum: 0, Workers: 8
[2025-06-17T22:59:57.052+0300][6080][17800][debug][gc,phases] GC(7)         Total                          Min: 0, Avg:  0.0, Max: 0, Diff: 0, Sum: 0, Workers: 8
[2025-06-17T22:59:57.052+0300][6080][17800][debug][gc,phases] GC(7)       StringDedup Table Weak         Min:  0.0, Avg:  0.0, Max:  0.0, Diff:  0.0, Sum:  0.0, Workers: 8
[2025-06-17T22:59:57.052+0300][6080][17800][debug][gc,phases] GC(7)         Dead                           Min: 0, Avg:  0.0, Max: 0, Diff: 0, Sum: 0, Workers: 8
[2025-06-17T22:59:57.052+0300][6080][17800][debug][gc,phases] GC(7)         Total                          Min: 0, Avg:  0.0, Max: 0, Diff: 0, Sum: 0, Workers: 8
[2025-06-17T22:59:57.052+0300][6080][17800][debug][gc,phases] GC(7)       StringDedup Requests0 Weak     Min:  0.0, Avg:  0.0, Max:  0.0, Diff:  0.0, Sum:  0.0, Workers: 8
[2025-06-17T22:59:57.052+0300][6080][17800][debug][gc,phases] GC(7)         Dead                           Min: 0, Avg:  0.0, Max: 0, Diff: 0, Sum: 0, Workers: 8
[2025-06-17T22:59:57.052+0300][6080][17800][debug][gc,phases] GC(7)         Total                          Min: 0, Avg:  0.0, Max: 0, Diff: 0, Sum: 0, Workers: 8
[2025-06-17T22:59:57.052+0300][6080][17800][debug][gc,phases] GC(7)       StringDedup Requests1 Weak     Min:  0.0, Avg:  0.0, Max:  0.0, Diff:  0.0, Sum:  0.0, Workers: 8
[2025-06-17T22:59:57.052+0300][6080][17800][debug][gc,phases] GC(7)         Dead                           Min: 0, Avg:  0.0, Max: 0, Diff: 0, Sum: 0, Workers: 8
[2025-06-17T22:59:57.052+0300][6080][17800][debug][gc,phases] GC(7)         Total                          Min: 0, Avg:  0.0, Max: 0, Diff: 0, Sum: 0, Workers: 8
[2025-06-17T22:59:57.052+0300][6080][17800][debug][gc,phases] GC(7)       Weak JFR Old Object Samples    Min:  0.0, Avg:  0.0, Max:  0.0, Diff:  0.0, Sum:  0.0, Workers: 8
[2025-06-17T22:59:57.052+0300][6080][17800][debug][gc,phases] GC(7)         Dead                           Min: 0, Avg:  0.0, Max: 0, Diff: 0, Sum: 0, Workers: 8
[2025-06-17T22:59:57.052+0300][6080][17800][debug][gc,phases] GC(7)         Total                          Min: 0, Avg:  0.0, Max: 0, Diff: 0, Sum: 0, Workers: 8
[2025-06-17T22:59:57.052+0300][6080][17800][debug][gc,phases] GC(7)     Post Evacuate Cleanup 1: 0.3ms
[2025-06-17T22:59:57.052+0300][6080][17800][debug][gc,phases] GC(7)       Merge Per-Thread State (ms):   Min:  0.1, Avg:  0.1, Max:  0.1, Diff:  0.0, Sum:  0.1, Workers: 1
[2025-06-17T22:59:57.052+0300][6080][17800][debug][gc,phases] GC(7)         Copied Bytes                   Min: 456272, Avg: 795238.0, Max: 1542504, Diff: 1086232, Sum: 6361904, Workers: 8
[2025-06-17T22:59:57.052+0300][6080][17800][debug][gc,phases] GC(7)         LAB Waste                      Min: 104, Avg: 3878.0, Max: 8584, Diff: 8480, Sum: 31024, Workers: 8
[2025-06-17T22:59:57.052+0300][6080][17800][debug][gc,phases] GC(7)         LAB Undo Waste                 Min: 0, Avg:  0.0, Max: 0, Diff: 0, Sum: 0, Workers: 8
[2025-06-17T22:59:57.052+0300][6080][17800][debug][gc,phases] GC(7)       Clear Logged Cards (ms):       Min:  0.0, Avg:  0.0, Max:  0.1, Diff:  0.1, Sum:  0.2, Workers: 5
[2025-06-17T22:59:57.052+0300][6080][17800][debug][gc,phases] GC(7)       Recalculate Used Memory (ms):  Min:  0.0, Avg:  0.0, Max:  0.0, Diff:  0.0, Sum:  0.0, Workers: 1
[2025-06-17T22:59:57.052+0300][6080][17800][debug][gc,phases] GC(7)     Post Evacuate Cleanup 2: 0.4ms
[2025-06-17T22:59:57.052+0300][6080][17800][debug][gc,phases] GC(7)       Update Derived Pointers (ms):  Min:  0.0, Avg:  0.0, Max:  0.0, Diff:  0.0, Sum:  0.0, Workers: 1
[2025-06-17T22:59:57.052+0300][6080][17800][debug][gc,phases] GC(7)       Eagerly Reclaim Humongous Objects (ms): skipped
[2025-06-17T22:59:57.052+0300][6080][17800][debug][gc,phases] GC(7)         Humongous Total                skipped
[2025-06-17T22:59:57.052+0300][6080][17800][debug][gc,phases] GC(7)         Humongous Candidates           skipped
[2025-06-17T22:59:57.052+0300][6080][17800][debug][gc,phases] GC(7)         Humongous Reclaimed            skipped
[2025-06-17T22:59:57.052+0300][6080][17800][debug][gc,phases] GC(7)       Redirty Logged Cards (ms):     Min:  0.0, Avg:  0.0, Max:  0.0, Diff:  0.0, Sum:  0.0, Workers: 8
[2025-06-17T22:59:57.052+0300][6080][17800][debug][gc,phases] GC(7)         Redirtied Cards:               Min: 0, Avg: 123.6, Max: 382, Diff: 382, Sum: 989, Workers: 8
[2025-06-17T22:59:57.052+0300][6080][17800][debug][gc,phases] GC(7)       Resize TLABs (ms):             Min:  0.0, Avg:  0.0, Max:  0.0, Diff:  0.0, Sum:  0.0, Workers: 8
[2025-06-17T22:59:57.052+0300][6080][17800][debug][gc,phases] GC(7)       Free Collection Set (ms):      Min:  0.2, Avg:  0.2, Max:  0.2, Diff:  0.1, Sum:  1.6, Workers: 8
[2025-06-17T22:59:57.052+0300][6080][17800][debug][gc,phases] GC(7)     Rebuild Free List: 0.2ms
[2025-06-17T22:59:57.052+0300][6080][17800][debug][gc,phases] GC(7)     Prepare For Mutator: 0.0ms
[2025-06-17T22:59:57.052+0300][6080][17800][debug][gc,phases] GC(7)     Expand Heap After Collection: 0.0ms
[2025-06-17T22:59:57.052+0300][6080][17800][info ][gc,phases] GC(7)   Other: 0.3ms
[2025-06-17T22:59:57.052+0300][6080][17800][info ][gc,heap  ] GC(7) Eden regions: 1094->0(1221)
[2025-06-17T22:59:57.052+0300][6080][17800][info ][gc,heap  ] GC(7) Survivor regions: 7->7(138)
[2025-06-17T22:59:57.052+0300][6080][17800][info ][gc,heap  ] GC(7) Old regions: 14->14
[2025-06-17T22:59:57.052+0300][6080][17800][info ][gc,heap  ] GC(7) Humongous regions: 0->0
[2025-06-17T22:59:57.052+0300][6080][17800][debug][gc,heap  ] GC(7) Heap after GC invocations=8 (full 1):
[2025-06-17T22:59:57.052+0300][6080][17800][debug][gc,heap  ] GC(7)  garbage-first heap   total 2097152K, used 16399K [0x0000000080000000, 0x0000000100000000)
[2025-06-17T22:59:57.052+0300][6080][17800][debug][gc,heap  ] GC(7)   region size 1024K, 7 young (7168K), 7 survivors (7168K)
[2025-06-17T22:59:57.052+0300][6080][17800][debug][gc,heap  ] GC(7)  Metaspace       used 34436K, committed 35392K, reserved 1114112K
[2025-06-17T22:59:57.052+0300][6080][17800][debug][gc,heap  ] GC(7)   class space    used 2939K, committed 3328K, reserved 1048576K
[2025-06-17T22:59:57.052+0300][6080][17800][info ][gc       ] GC(7) Pause Young (Normal) (G1 Evacuation Pause) 1109M->16M(2048M) 8.915ms
[2025-06-17T22:59:57.052+0300][6080][17800][info ][safepoint] Safepoint "G1CollectForAllocation", Time since last: 443891600 ns, Reaching safepoint: 167400 ns, Cleanup: 11300 ns, At safepoint: 8951400 ns, Total: 9130100 ns
[2025-06-17T23:00:00.067+0300][6080][17800][debug][safepoint] Safepoint synchronization initiated using striped semaphore wait barrier. (32 threads)
[2025-06-17T23:00:00.067+0300][6080][17800][info ][safepoint] Safepoint "Cleanup", Time since last: 3011742700 ns, Reaching safepoint: 139400 ns, Cleanup: 36000 ns, At safepoint: 18100 ns, Total: 193500 ns
[2025-06-17T23:00:01.080+0300][6080][17800][debug][safepoint] Safepoint synchronization initiated using striped semaphore wait barrier. (32 threads)
[2025-06-17T23:00:01.080+0300][6080][17800][info ][safepoint] Safepoint "Cleanup", Time since last: 1012504400 ns, Reaching safepoint: 102000 ns, Cleanup: 33300 ns, At safepoint: 16200 ns, Total: 151500 ns
[2025-06-17T23:00:04.083+0300][6080][17800][debug][safepoint] Safepoint synchronization initiated using striped semaphore wait barrier. (32 threads)
[2025-06-17T23:00:04.083+0300][6080][17800][info ][safepoint] Safepoint "Cleanup", Time since last: 3003279500 ns, Reaching safepoint: 85000 ns, Cleanup: 21100 ns, At safepoint: 28300 ns, Total: 134400 ns
[2025-06-17T23:00:05.089+0300][6080][17800][debug][safepoint] Safepoint synchronization initiated using striped semaphore wait barrier. (32 threads)
[2025-06-17T23:00:05.089+0300][6080][17800][info ][safepoint] Safepoint "Cleanup", Time since last: 1005019000 ns, Reaching safepoint: 93300 ns, Cleanup: 20000 ns, At safepoint: 11000 ns, Total: 124300 ns
[2025-06-17T23:00:06.097+0300][6080][17800][debug][safepoint] Safepoint synchronization initiated using striped semaphore wait barrier. (32 threads)
[2025-06-17T23:00:06.097+0300][6080][17800][info ][safepoint] Safepoint "Cleanup", Time since last: 1008366500 ns, Reaching safepoint: 115800 ns, Cleanup: 19500 ns, At safepoint: 16500 ns, Total: 151800 ns
[2025-06-17T23:00:08.117+0300][6080][17800][debug][safepoint] Safepoint synchronization initiated using striped semaphore wait barrier. (32 threads)
[2025-06-17T23:00:08.117+0300][6080][17800][info ][safepoint] Safepoint "Cleanup", Time since last: 2019593600 ns, Reaching safepoint: 124400 ns, Cleanup: 30600 ns, At safepoint: 11900 ns, Total: 166900 ns
[2025-06-17T23:00:09.132+0300][6080][17800][debug][safepoint] Safepoint synchronization initiated using striped semaphore wait barrier. (32 threads)
[2025-06-17T23:00:09.132+0300][6080][17800][info ][safepoint] Safepoint "Cleanup", Time since last: 1014843900 ns, Reaching safepoint: 155300 ns, Cleanup: 49900 ns, At safepoint: 4800 ns, Total: 210000 ns
[2025-06-17T23:00:10.145+0300][6080][17800][debug][safepoint] Safepoint synchronization initiated using striped semaphore wait barrier. (32 threads)
[2025-06-17T23:00:10.145+0300][6080][17800][info ][safepoint] Safepoint "Cleanup", Time since last: 1013584900 ns, Reaching safepoint: 283800 ns, Cleanup: 27700 ns, At safepoint: 27700 ns, Total: 339200 ns
[2025-06-17T23:00:11.159+0300][6080][17800][debug][safepoint] Safepoint synchronization initiated using striped semaphore wait barrier. (32 threads)
[2025-06-17T23:00:11.159+0300][6080][17800][info ][safepoint] Safepoint "Cleanup", Time since last: 1013105300 ns, Reaching safepoint: 149900 ns, Cleanup: 43200 ns, At safepoint: 21000 ns, Total: 214100 ns
[2025-06-17T23:00:14.191+0300][6080][17800][debug][safepoint] Safepoint synchronization initiated using striped semaphore wait barrier. (32 threads)
[2025-06-17T23:00:14.191+0300][6080][17800][info ][safepoint] Safepoint "Cleanup", Time since last: 3031850600 ns, Reaching safepoint: 144200 ns, Cleanup: 25800 ns, At safepoint: 3300 ns, Total: 173300 ns
[2025-06-17T23:00:21.243+0300][6080][17800][debug][safepoint] Safepoint synchronization initiated using striped semaphore wait barrier. (32 threads)
[2025-06-17T23:00:21.243+0300][6080][17800][info ][safepoint] Safepoint "Cleanup", Time since last: 7052094900 ns, Reaching safepoint: 96900 ns, Cleanup: 23100 ns, At safepoint: 11000 ns, Total: 131000 ns
[2025-06-17T23:00:22.251+0300][6080][17800][debug][safepoint] Safepoint synchronization initiated using striped semaphore wait barrier. (32 threads)
[2025-06-17T23:00:22.251+0300][6080][17800][info ][safepoint] Safepoint "Cleanup", Time since last: 1007452900 ns, Reaching safepoint: 170600 ns, Cleanup: 41100 ns, At safepoint: 22800 ns, Total: 234500 ns
[2025-06-17T23:00:23.263+0300][6080][17800][debug][safepoint] Safepoint synchronization initiated using striped semaphore wait barrier. (32 threads)
[2025-06-17T23:00:23.264+0300][6080][17800][info ][safepoint] Safepoint "Cleanup", Time since last: 1012469900 ns, Reaching safepoint: 171000 ns, Cleanup: 37000 ns, At safepoint: 15200 ns, Total: 223200 ns
[2025-06-17T23:00:24.270+0300][6080][17800][debug][safepoint] Safepoint synchronization initiated using striped semaphore wait barrier. (32 threads)
[2025-06-17T23:00:24.270+0300][6080][17800][info ][safepoint] Safepoint "Cleanup", Time since last: 1006675700 ns, Reaching safepoint: 153600 ns, Cleanup: 42000 ns, At safepoint: 25600 ns, Total: 221200 ns
[2025-06-17T23:00:29.325+0300][6080][17800][debug][safepoint] Safepoint synchronization initiated using striped semaphore wait barrier. (32 threads)
[2025-06-17T23:00:29.325+0300][6080][17800][info ][safepoint] Safepoint "Cleanup", Time since last: 5054458100 ns, Reaching safepoint: 137200 ns, Cleanup: 30400 ns, At safepoint: 8900 ns, Total: 176500 ns
[2025-06-17T23:00:31.338+0300][6080][17800][debug][safepoint] Safepoint synchronization initiated using striped semaphore wait barrier. (32 threads)
[2025-06-17T23:00:31.338+0300][6080][17800][info ][safepoint] Safepoint "Cleanup", Time since last: 2012208000 ns, Reaching safepoint: 169600 ns, Cleanup: 33500 ns, At safepoint: 30000 ns, Total: 233100 ns
[2025-06-17T23:00:37.404+0300][6080][17800][debug][safepoint] Safepoint synchronization initiated using striped semaphore wait barrier. (32 threads)
[2025-06-17T23:00:37.404+0300][6080][17800][info ][safepoint] Safepoint "Cleanup", Time since last: 6066091500 ns, Reaching safepoint: 199700 ns, Cleanup: 45400 ns, At safepoint: 17300 ns, Total: 262400 ns
[2025-06-17T23:00:38.978+0300][6080][17800][debug][safepoint] Safepoint synchronization initiated using striped semaphore wait barrier. (32 threads)
[2025-06-17T23:00:38.978+0300][6080][4504 ][debug][safepoint] ... found polling page loop exception at pc = 0x000002dceaa46d00, stub =0x000002dce9e46600
[2025-06-17T23:00:38.978+0300][6080][17800][debug][gc,heap  ] GC(8) Heap before GC invocations=8 (full 1):
[2025-06-17T23:00:38.978+0300][6080][17800][debug][gc,heap  ] GC(8)  garbage-first heap   total 2097152K, used 1266703K [0x0000000080000000, 0x0000000100000000)
[2025-06-17T23:00:38.978+0300][6080][17800][debug][gc,heap  ] GC(8)   region size 1024K, 1228 young (1257472K), 7 survivors (7168K)
[2025-06-17T23:00:38.978+0300][6080][17800][debug][gc,heap  ] GC(8)  Metaspace       used 34493K, committed 35456K, reserved 1114112K
[2025-06-17T23:00:38.978+0300][6080][17800][debug][gc,heap  ] GC(8)   class space    used 2940K, committed 3328K, reserved 1048576K
[2025-06-17T23:00:38.982+0300][6080][17800][info ][gc,phases] GC(8)   Pre Evacuate Collection Set: 1.0ms
[2025-06-17T23:00:38.982+0300][6080][17800][debug][gc,phases] GC(8)     Pre Evacuate Prepare: 0.3ms
[2025-06-17T23:00:38.982+0300][6080][17800][debug][gc,phases] GC(8)       JT Retire TLABs And Flush Logs (ms): Min:  0.0, Avg:  0.0, Max:  0.0, Diff:  0.0, Sum:  0.0, Workers: 2
[2025-06-17T23:00:38.982+0300][6080][17800][debug][gc,phases] GC(8)       Non-JT Flush Logs (ms):        Min:  0.0, Avg:  0.0, Max:  0.0, Diff:  0.0, Sum:  0.0, Workers: 1
[2025-06-17T23:00:38.982+0300][6080][17800][debug][gc,phases] GC(8)     Choose Collection Set: 0.0ms
[2025-06-17T23:00:38.982+0300][6080][17800][debug][gc,phases] GC(8)     Region Register: 0.7ms
[2025-06-17T23:00:38.982+0300][6080][17800][debug][gc,phases] GC(8)     Prepare Heap Roots: 0.0ms
[2025-06-17T23:00:38.982+0300][6080][17800][info ][gc,phases] GC(8)   Merge Heap Roots: 0.5ms
[2025-06-17T23:00:38.982+0300][6080][17800][debug][gc,phases] GC(8)     Prepare Merge Heap Roots: 0.0ms
[2025-06-17T23:00:38.982+0300][6080][17800][debug][gc,phases] GC(8)     Remembered Sets (ms):          Min:  0.1, Avg:  0.2, Max:  0.2, Diff:  0.1, Sum:  1.2, Workers: 8
[2025-06-17T23:00:38.982+0300][6080][17800][debug][gc,phases] GC(8)       Eager Reclaim (ms):            skipped
[2025-06-17T23:00:38.982+0300][6080][17800][debug][gc,phases] GC(8)       Merged Inline                  Min: 0, Avg:  0.0, Max: 0, Diff: 0, Sum: 0, Workers: 8
[2025-06-17T23:00:38.982+0300][6080][17800][debug][gc,phases] GC(8)       Merged ArrayOfCards            Min: 0, Avg:  0.0, Max: 0, Diff: 0, Sum: 0, Workers: 8
[2025-06-17T23:00:38.982+0300][6080][17800][debug][gc,phases] GC(8)       Merged Howl                    Min: 0, Avg:  0.0, Max: 0, Diff: 0, Sum: 0, Workers: 8
[2025-06-17T23:00:38.982+0300][6080][17800][debug][gc,phases] GC(8)       Merged Full                    Min: 0, Avg:  0.0, Max: 0, Diff: 0, Sum: 0, Workers: 8
[2025-06-17T23:00:38.982+0300][6080][17800][debug][gc,phases] GC(8)       Merged Howl Inline             Min: 0, Avg:  0.0, Max: 0, Diff: 0, Sum: 0, Workers: 8
[2025-06-17T23:00:38.982+0300][6080][17800][debug][gc,phases] GC(8)       Merged Howl ArrayOfCards       Min: 0, Avg:  0.0, Max: 0, Diff: 0, Sum: 0, Workers: 8
[2025-06-17T23:00:38.982+0300][6080][17800][debug][gc,phases] GC(8)       Merged Howl BitMap             Min: 0, Avg:  0.0, Max: 0, Diff: 0, Sum: 0, Workers: 8
[2025-06-17T23:00:38.982+0300][6080][17800][debug][gc,phases] GC(8)       Merged Howl Full               Min: 0, Avg:  0.0, Max: 0, Diff: 0, Sum: 0, Workers: 8
[2025-06-17T23:00:38.982+0300][6080][17800][debug][gc,phases] GC(8)       Merged Cards                   Min: 8, Avg:  8.0, Max: 8, Diff: 0, Sum: 64, Workers: 8
[2025-06-17T23:00:38.982+0300][6080][17800][debug][gc,phases] GC(8)     Log Buffers (ms):              Min:  0.0, Avg:  0.0, Max:  0.0, Diff:  0.0, Sum:  0.1, Workers: 8
[2025-06-17T23:00:38.982+0300][6080][17800][debug][gc,phases] GC(8)       Dirty Cards:                   Min: 0, Avg: 132.1, Max: 512, Diff: 512, Sum: 1057, Workers: 8
[2025-06-17T23:00:38.982+0300][6080][17800][debug][gc,phases] GC(8)       Skipped Cards:                 Min: 0, Avg:  0.0, Max: 0, Diff: 0, Sum: 0, Workers: 8
[2025-06-17T23:00:38.982+0300][6080][17800][info ][gc,phases] GC(8)   Evacuate Collection Set: 3.8ms
[2025-06-17T23:00:38.982+0300][6080][17800][debug][gc,phases] GC(8)     Ext Root Scanning (ms):        Min:  0.2, Avg:  0.3, Max:  0.9, Diff:  0.7, Sum:  2.6, Workers: 8
[2025-06-17T23:00:38.982+0300][6080][17800][debug][gc,phases] GC(8)     Scan Heap Roots (ms):          Min:  0.0, Avg:  0.2, Max:  0.4, Diff:  0.4, Sum:  1.7, Workers: 8
[2025-06-17T23:00:38.982+0300][6080][17800][debug][gc,phases] GC(8)       Scanned Cards:                 Min: 0, Avg: 132.0, Max: 283, Diff: 283, Sum: 1056, Workers: 8
[2025-06-17T23:00:38.982+0300][6080][17800][debug][gc,phases] GC(8)       Scanned Blocks:                Min: 0, Avg: 74.1, Max: 135, Diff: 135, Sum: 593, Workers: 8
[2025-06-17T23:00:38.982+0300][6080][17800][debug][gc,phases] GC(8)       Claimed Chunks:                Min: 0, Avg: 28.5, Max: 60, Diff: 60, Sum: 228, Workers: 8
[2025-06-17T23:00:38.982+0300][6080][17800][debug][gc,phases] GC(8)       Found Roots:                   Min: 0, Avg: 704.6, Max: 2890, Diff: 2890, Sum: 5637, Workers: 8
[2025-06-17T23:00:38.982+0300][6080][17800][debug][gc,phases] GC(8)     Code Root Scan (ms):           Min:  0.2, Avg:  1.1, Max:  1.5, Diff:  1.3, Sum:  8.8, Workers: 8
[2025-06-17T23:00:38.982+0300][6080][17800][debug][gc,phases] GC(8)       Scanned Nmethods               Min: 56, Avg: 258.5, Max: 331, Diff: 275, Sum: 2068, Workers: 8
[2025-06-17T23:00:38.982+0300][6080][17800][debug][gc,phases] GC(8)     Object Copy (ms):              Min:  1.5, Avg:  1.9, Max:  2.4, Diff:  0.9, Sum: 15.3, Workers: 8
[2025-06-17T23:00:38.982+0300][6080][17800][debug][gc,phases] GC(8)     Termination (ms):              Min:  0.0, Avg:  0.0, Max:  0.0, Diff:  0.0, Sum:  0.0, Workers: 8
[2025-06-17T23:00:38.982+0300][6080][17800][debug][gc,phases] GC(8)       Termination Attempts:          Min: 1, Avg:  1.0, Max: 1, Diff: 0, Sum: 8, Workers: 8
[2025-06-17T23:00:38.982+0300][6080][17800][debug][gc,phases] GC(8)     GC Worker Other (ms):          Min:  0.1, Avg:  0.1, Max:  0.1, Diff:  0.0, Sum:  0.8, Workers: 8
[2025-06-17T23:00:38.982+0300][6080][17800][debug][gc,phases] GC(8)     GC Worker Total (ms):          Min:  3.6, Avg:  3.7, Max:  3.7, Diff:  0.1, Sum: 29.3, Workers: 8
[2025-06-17T23:00:38.982+0300][6080][17800][info ][gc,phases] GC(8)   Post Evacuate Collection Set: 1.2ms
[2025-06-17T23:00:38.982+0300][6080][17800][debug][gc,phases] GC(8)     NMethod List Cleanup: 0.2ms
[2025-06-17T23:00:38.982+0300][6080][17800][debug][gc,phases] GC(8)     Reference Processing: 0.1ms
[2025-06-17T23:00:38.982+0300][6080][17800][debug][gc,phases] GC(8)     Weak Processing: 0.2ms
[2025-06-17T23:00:38.982+0300][6080][17800][debug][gc,phases] GC(8)       VM Weak                        Min:  0.0, Avg:  0.0, Max:  0.0, Diff:  0.0, Sum:  0.0, Workers: 8
[2025-06-17T23:00:38.982+0300][6080][17800][debug][gc,phases] GC(8)         Dead                           Min: 0, Avg:  0.0, Max: 0, Diff: 0, Sum: 0, Workers: 8
[2025-06-17T23:00:38.982+0300][6080][17800][debug][gc,phases] GC(8)         Total                          Min: 0, Avg: 69.0, Max: 360, Diff: 360, Sum: 552, Workers: 8
[2025-06-17T23:00:38.982+0300][6080][17800][debug][gc,phases] GC(8)       ObjectSynchronizer Weak        Min:  0.0, Avg:  0.0, Max:  0.0, Diff:  0.0, Sum:  0.0, Workers: 8
[2025-06-17T23:00:38.982+0300][6080][17800][debug][gc,phases] GC(8)         Dead                           Min: 0, Avg:  0.0, Max: 0, Diff: 0, Sum: 0, Workers: 8
[2025-06-17T23:00:38.982+0300][6080][17800][debug][gc,phases] GC(8)         Total                          Min: 0, Avg:  8.4, Max: 57, Diff: 57, Sum: 67, Workers: 8
[2025-06-17T23:00:38.982+0300][6080][17800][debug][gc,phases] GC(8)       JVMTI Tag Weak OopStorage      Min:  0.0, Avg:  0.0, Max:  0.0, Diff:  0.0, Sum:  0.0, Workers: 8
[2025-06-17T23:00:38.982+0300][6080][17800][debug][gc,phases] GC(8)         Dead                           Min: 0, Avg:  0.0, Max: 0, Diff: 0, Sum: 0, Workers: 8
[2025-06-17T23:00:38.982+0300][6080][17800][debug][gc,phases] GC(8)         Total                          Min: 0, Avg:  0.0, Max: 0, Diff: 0, Sum: 0, Workers: 8
[2025-06-17T23:00:38.982+0300][6080][17800][debug][gc,phases] GC(8)       StringTable Weak               Min:  0.1, Avg:  0.1, Max:  0.1, Diff:  0.0, Sum:  0.5, Workers: 8
[2025-06-17T23:00:38.982+0300][6080][17800][debug][gc,phases] GC(8)         Dead                           Min: 0, Avg:  0.0, Max: 0, Diff: 0, Sum: 0, Workers: 8
[2025-06-17T23:00:38.982+0300][6080][17800][debug][gc,phases] GC(8)         Total                          Min: 2304, Avg: 3447.5, Max: 6016, Diff: 3712, Sum: 27580, Workers: 8
[2025-06-17T23:00:38.982+0300][6080][17800][debug][gc,phases] GC(8)       ResolvedMethodTable Weak       Min:  0.0, Avg:  0.0, Max:  0.0, Diff:  0.0, Sum:  0.0, Workers: 8
[2025-06-17T23:00:38.982+0300][6080][17800][debug][gc,phases] GC(8)         Dead                           Min: 0, Avg:  0.0, Max: 0, Diff: 0, Sum: 0, Workers: 8
[2025-06-17T23:00:38.982+0300][6080][17800][debug][gc,phases] GC(8)         Total                          Min: 64, Avg: 211.9, Max: 320, Diff: 256, Sum: 1695, Workers: 8
[2025-06-17T23:00:38.982+0300][6080][17800][debug][gc,phases] GC(8)       JNI Weak                       Min:  0.0, Avg:  0.0, Max:  0.0, Diff:  0.0, Sum:  0.0, Workers: 8
[2025-06-17T23:00:38.982+0300][6080][17800][debug][gc,phases] GC(8)         Dead                           Min: 0, Avg:  0.0, Max: 0, Diff: 0, Sum: 0, Workers: 8
[2025-06-17T23:00:38.982+0300][6080][17800][debug][gc,phases] GC(8)         Total                          Min: 0, Avg:  0.1, Max: 1, Diff: 1, Sum: 1, Workers: 8
[2025-06-17T23:00:38.982+0300][6080][17800][debug][gc,phases] GC(8)       StringDedup Table Weak         Min:  0.0, Avg:  0.0, Max:  0.0, Diff:  0.0, Sum:  0.0, Workers: 8
[2025-06-17T23:00:38.982+0300][6080][17800][debug][gc,phases] GC(8)         Dead                           Min: 0, Avg:  0.0, Max: 0, Diff: 0, Sum: 0, Workers: 8
[2025-06-17T23:00:38.982+0300][6080][17800][debug][gc,phases] GC(8)         Total                          Min: 0, Avg:  0.0, Max: 0, Diff: 0, Sum: 0, Workers: 8
[2025-06-17T23:00:38.982+0300][6080][17800][debug][gc,phases] GC(8)       StringDedup Requests0 Weak     Min:  0.0, Avg:  0.0, Max:  0.0, Diff:  0.0, Sum:  0.0, Workers: 8
[2025-06-17T23:00:38.982+0300][6080][17800][debug][gc,phases] GC(8)         Dead                           Min: 0, Avg:  0.0, Max: 0, Diff: 0, Sum: 0, Workers: 8
[2025-06-17T23:00:38.982+0300][6080][17800][debug][gc,phases] GC(8)         Total                          Min: 0, Avg:  0.0, Max: 0, Diff: 0, Sum: 0, Workers: 8
[2025-06-17T23:00:38.982+0300][6080][17800][debug][gc,phases] GC(8)       StringDedup Requests1 Weak     Min:  0.0, Avg:  0.0, Max:  0.0, Diff:  0.0, Sum:  0.0, Workers: 8
[2025-06-17T23:00:38.982+0300][6080][17800][debug][gc,phases] GC(8)         Dead                           Min: 0, Avg:  0.0, Max: 0, Diff: 0, Sum: 0, Workers: 8
[2025-06-17T23:00:38.982+0300][6080][17800][debug][gc,phases] GC(8)         Total                          Min: 0, Avg:  0.0, Max: 0, Diff: 0, Sum: 0, Workers: 8
[2025-06-17T23:00:38.982+0300][6080][17800][debug][gc,phases] GC(8)       Weak JFR Old Object Samples    Min:  0.0, Avg:  0.0, Max:  0.0, Diff:  0.0, Sum:  0.0, Workers: 8
[2025-06-17T23:00:38.982+0300][6080][17800][debug][gc,phases] GC(8)         Dead                           Min: 0, Avg:  0.0, Max: 0, Diff: 0, Sum: 0, Workers: 8
[2025-06-17T23:00:38.982+0300][6080][17800][debug][gc,phases] GC(8)         Total                          Min: 0, Avg:  0.0, Max: 0, Diff: 0, Sum: 0, Workers: 8
[2025-06-17T23:00:38.982+0300][6080][17800][debug][gc,phases] GC(8)     Post Evacuate Cleanup 1: 0.3ms
[2025-06-17T23:00:38.982+0300][6080][17800][debug][gc,phases] GC(8)       Merge Per-Thread State (ms):   Min:  0.0, Avg:  0.0, Max:  0.0, Diff:  0.0, Sum:  0.0, Workers: 1
[2025-06-17T23:00:38.982+0300][6080][17800][debug][gc,phases] GC(8)         Copied Bytes                   Min: 431800, Avg: 792859.0, Max: 1571168, Diff: 1139368, Sum: 6342872, Workers: 8
[2025-06-17T23:00:38.982+0300][6080][17800][debug][gc,phases] GC(8)         LAB Waste                      Min: 96, Avg: 2476.0, Max: 8688, Diff: 8592, Sum: 19808, Workers: 8
[2025-06-17T23:00:38.982+0300][6080][17800][debug][gc,phases] GC(8)         LAB Undo Waste                 Min: 0, Avg:  0.0, Max: 0, Diff: 0, Sum: 0, Workers: 8
[2025-06-17T23:00:38.982+0300][6080][17800][debug][gc,phases] GC(8)       Clear Logged Cards (ms):       Min:  0.0, Avg:  0.1, Max:  0.1, Diff:  0.1, Sum:  0.3, Workers: 5
[2025-06-17T23:00:38.982+0300][6080][17800][debug][gc,phases] GC(8)       Recalculate Used Memory (ms):  Min:  0.0, Avg:  0.0, Max:  0.0, Diff:  0.0, Sum:  0.0, Workers: 1
[2025-06-17T23:00:38.982+0300][6080][17800][debug][gc,phases] GC(8)     Post Evacuate Cleanup 2: 0.4ms
[2025-06-17T23:00:38.982+0300][6080][17800][debug][gc,phases] GC(8)       Update Derived Pointers (ms):  Min:  0.0, Avg:  0.0, Max:  0.0, Diff:  0.0, Sum:  0.0, Workers: 1
[2025-06-17T23:00:38.982+0300][6080][17800][debug][gc,phases] GC(8)       Eagerly Reclaim Humongous Objects (ms): skipped
[2025-06-17T23:00:38.982+0300][6080][17800][debug][gc,phases] GC(8)         Humongous Total                skipped
[2025-06-17T23:00:38.982+0300][6080][17800][debug][gc,phases] GC(8)         Humongous Candidates           skipped
[2025-06-17T23:00:38.982+0300][6080][17800][debug][gc,phases] GC(8)         Humongous Reclaimed            skipped
[2025-06-17T23:00:38.982+0300][6080][17800][debug][gc,phases] GC(8)       Redirty Logged Cards (ms):     Min:  0.0, Avg:  0.0, Max:  0.0, Diff:  0.0, Sum:  0.0, Workers: 8
[2025-06-17T23:00:38.982+0300][6080][17800][debug][gc,phases] GC(8)         Redirtied Cards:               Min: 0, Avg: 124.1, Max: 506, Diff: 506, Sum: 993, Workers: 8
[2025-06-17T23:00:38.982+0300][6080][17800][debug][gc,phases] GC(8)       Resize TLABs (ms):             Min:  0.0, Avg:  0.0, Max:  0.0, Diff:  0.0, Sum:  0.0, Workers: 8
[2025-06-17T23:00:38.982+0300][6080][17800][debug][gc,phases] GC(8)       Free Collection Set (ms):      Min:  0.2, Avg:  0.2, Max:  0.3, Diff:  0.1, Sum:  1.9, Workers: 8
[2025-06-17T23:00:38.982+0300][6080][17800][debug][gc,phases] GC(8)     Rebuild Free List: 0.1ms
[2025-06-17T23:00:38.982+0300][6080][17800][debug][gc,phases] GC(8)     Prepare For Mutator: 0.0ms
[2025-06-17T23:00:38.982+0300][6080][17800][debug][gc,phases] GC(8)     Expand Heap After Collection: 0.0ms
[2025-06-17T23:00:38.982+0300][6080][17800][info ][gc,phases] GC(8)   Other: 0.3ms
[2025-06-17T23:00:38.982+0300][6080][17800][info ][gc,heap  ] GC(8) Eden regions: 1221->0(1221)
[2025-06-17T23:00:38.982+0300][6080][17800][info ][gc,heap  ] GC(8) Survivor regions: 7->7(154)
[2025-06-17T23:00:38.982+0300][6080][17800][info ][gc,heap  ] GC(8) Old regions: 14->14
[2025-06-17T23:00:38.982+0300][6080][17800][info ][gc,heap  ] GC(8) Humongous regions: 0->0
[2025-06-17T23:00:38.982+0300][6080][17800][debug][gc,heap  ] GC(8) Heap after GC invocations=9 (full 1):
[2025-06-17T23:00:38.982+0300][6080][17800][debug][gc,heap  ] GC(8)  garbage-first heap   total 2097152K, used 16173K [0x0000000080000000, 0x0000000100000000)
[2025-06-17T23:00:38.982+0300][6080][17800][debug][gc,heap  ] GC(8)   region size 1024K, 7 young (7168K), 7 survivors (7168K)
[2025-06-17T23:00:38.982+0300][6080][17800][debug][gc,heap  ] GC(8)  Metaspace       used 34493K, committed 35456K, reserved 1114112K
[2025-06-17T23:00:38.982+0300][6080][17800][debug][gc,heap  ] GC(8)   class space    used 2940K, committed 3328K, reserved 1048576K
[2025-06-17T23:00:38.982+0300][6080][17800][info ][gc       ] GC(8) Pause Young (Normal) (G1 Evacuation Pause) 1237M->15M(2048M) 7.976ms
[2025-06-17T23:00:38.982+0300][6080][17800][info ][safepoint] Safepoint "G1CollectForAllocation", Time since last: 1573684300 ns, Reaching safepoint: 276700 ns, Cleanup: 29800 ns, At safepoint: 8023200 ns, Total: 8329700 ns
[2025-06-17T23:00:44.006+0300][6080][17800][debug][safepoint] Safepoint synchronization initiated using striped semaphore wait barrier. (32 threads)
[2025-06-17T23:00:44.006+0300][6080][21068][debug][safepoint] ... found polling page loop exception at pc = 0x000002dcea9fc43b, stub =0x000002dce9e46600
[2025-06-17T23:00:44.006+0300][6080][17800][info ][safepoint] Safepoint "Cleanup", Time since last: 5019327200 ns, Reaching safepoint: 256200 ns, Cleanup: 16300 ns, At safepoint: 9100 ns, Total: 281600 ns
[2025-06-17T23:00:46.021+0300][6080][17800][debug][safepoint] Safepoint synchronization initiated using striped semaphore wait barrier. (32 threads)
[2025-06-17T23:00:46.021+0300][6080][17900][debug][safepoint] ... found polling page loop exception at pc = 0x000002dceaac4195, stub =0x000002dce9e46600
[2025-06-17T23:00:46.021+0300][6080][17800][info ][safepoint] Safepoint "Cleanup", Time since last: 2015377100 ns, Reaching safepoint: 330000 ns, Cleanup: 35300 ns, At safepoint: 33600 ns, Total: 398900 ns
[2025-06-17T23:00:47.606+0300][6080][17900][debug][safepoint] ... found polling page loop exception at pc = 0x000002dcea87b07a, stub =0x000002dce9e46600
[2025-06-17T23:00:52.641+0300][6080][17800][debug][safepoint] Safepoint synchronization initiated using striped semaphore wait barrier. (32 threads)
[2025-06-17T23:00:52.641+0300][6080][17800][info ][safepoint] Safepoint "Cleanup", Time since last: 6619976300 ns, Reaching safepoint: 146800 ns, Cleanup: 37600 ns, At safepoint: 22200 ns, Total: 206600 ns
[2025-06-17T23:00:54.656+0300][6080][17800][debug][safepoint] Safepoint synchronization initiated using striped semaphore wait barrier. (32 threads)
[2025-06-17T23:00:54.657+0300][6080][17800][info ][safepoint] Safepoint "Cleanup", Time since last: 2014682900 ns, Reaching safepoint: 151700 ns, Cleanup: 38600 ns, At safepoint: 23700 ns, Total: 214000 ns
[2025-06-17T23:00:55.658+0300][6080][17800][debug][safepoint] Safepoint synchronization initiated using striped semaphore wait barrier. (32 threads)
[2025-06-17T23:00:55.658+0300][6080][17800][info ][safepoint] Safepoint "Cleanup", Time since last: 1001741900 ns, Reaching safepoint: 154100 ns, Cleanup: 38800 ns, At safepoint: 29000 ns, Total: 221900 ns
[2025-06-17T23:00:58.687+0300][6080][17800][debug][safepoint] Safepoint synchronization initiated using striped semaphore wait barrier. (32 threads)
[2025-06-17T23:00:58.687+0300][6080][20084][debug][safepoint] ... found polling page loop exception at pc = 0x000002dceaac4195, stub =0x000002dce9e46600
[2025-06-17T23:00:58.687+0300][6080][4504 ][debug][safepoint] ... found polling page loop exception at pc = 0x000002dceaac4195, stub =0x000002dce9e46600
[2025-06-17T23:00:58.687+0300][6080][17800][info ][safepoint] Safepoint "Cleanup", Time since last: 3028193800 ns, Reaching safepoint: 368600 ns, Cleanup: 24300 ns, At safepoint: 15500 ns, Total: 408400 ns
[2025-06-17T23:01:01.699+0300][6080][17800][debug][safepoint] Safepoint synchronization initiated using striped semaphore wait barrier. (32 threads)
[2025-06-17T23:01:01.699+0300][6080][22304][debug][safepoint] ... found polling page loop exception at pc = 0x000002dceaac4195, stub =0x000002dce9e46600
[2025-06-17T23:01:01.699+0300][6080][17800][info ][safepoint] Safepoint "Cleanup", Time since last: 3011984300 ns, Reaching safepoint: 283000 ns, Cleanup: 34700 ns, At safepoint: 17300 ns, Total: 335000 ns
[2025-06-17T23:01:02.708+0300][6080][17800][debug][safepoint] Safepoint synchronization initiated using striped semaphore wait barrier. (32 threads)
[2025-06-17T23:01:02.708+0300][6080][17800][info ][safepoint] Safepoint "Cleanup", Time since last: 1009026800 ns, Reaching safepoint: 56800 ns, Cleanup: 17500 ns, At safepoint: 6900 ns, Total: 81200 ns
[2025-06-17T23:01:07.752+0300][6080][17800][debug][safepoint] Safepoint synchronization initiated using striped semaphore wait barrier. (32 threads)
[2025-06-17T23:01:07.752+0300][6080][1996 ][debug][safepoint] ... found polling page loop exception at pc = 0x000002dcea949114, stub =0x000002dce9e46600
[2025-06-17T23:01:07.752+0300][6080][17800][info ][safepoint] Safepoint "Cleanup", Time since last: 5043277600 ns, Reaching safepoint: 294400 ns, Cleanup: 36100 ns, At safepoint: 18100 ns, Total: 348600 ns
[2025-06-17T23:01:09.767+0300][6080][17800][debug][safepoint] Safepoint synchronization initiated using striped semaphore wait barrier. (32 threads)
[2025-06-17T23:01:09.767+0300][6080][20084][debug][safepoint] ... found polling page loop exception at pc = 0x000002dcea9bfdf0, stub =0x000002dce9e45d80
[2025-06-17T23:01:09.767+0300][6080][17800][info ][safepoint] Safepoint "Cleanup", Time since last: 2015439900 ns, Reaching safepoint: 299700 ns, Cleanup: 33100 ns, At safepoint: 13700 ns, Total: 346500 ns
[2025-06-17T23:01:15.815+0300][6080][17800][debug][safepoint] Safepoint synchronization initiated using striped semaphore wait barrier. (32 threads)
[2025-06-17T23:01:15.815+0300][6080][4504 ][debug][safepoint] ... found polling page loop exception at pc = 0x000002dcea984964, stub =0x000002dce9e46600
[2025-06-17T23:01:15.815+0300][6080][22304][debug][safepoint] ... found polling page loop exception at pc = 0x000002dceab2fadd, stub =0x000002dce9e46600
[2025-06-17T23:01:15.815+0300][6080][17800][info ][safepoint] Safepoint "Cleanup", Time since last: 6047428000 ns, Reaching safepoint: 459700 ns, Cleanup: 33400 ns, At safepoint: 18000 ns, Total: 511100 ns
[2025-06-17T23:01:18.832+0300][6080][17800][debug][safepoint] Safepoint synchronization initiated using striped semaphore wait barrier. (32 threads)
[2025-06-17T23:01:18.832+0300][6080][17800][info ][safepoint] Safepoint "Cleanup", Time since last: 3015746000 ns, Reaching safepoint: 115100 ns, Cleanup: 28000 ns, At safepoint: 3800 ns, Total: 146900 ns
[2025-06-17T23:01:20.839+0300][6080][17800][debug][safepoint] Safepoint synchronization initiated using striped semaphore wait barrier. (32 threads)
[2025-06-17T23:01:20.839+0300][6080][17800][info ][safepoint] Safepoint "Cleanup", Time since last: 2007852700 ns, Reaching safepoint: 166700 ns, Cleanup: 39800 ns, At safepoint: 25000 ns, Total: 231500 ns
[2025-06-17T23:01:21.441+0300][6080][17800][debug][safepoint] Safepoint synchronization initiated using striped semaphore wait barrier. (32 threads)
[2025-06-17T23:01:21.441+0300][6080][17900][debug][safepoint] ... found polling page loop exception at pc = 0x000002dcea4a8cb9, stub =0x000002dce9e46600
[2025-06-17T23:01:21.441+0300][6080][17800][debug][gc,heap  ] GC(9) Heap before GC invocations=9 (full 1):
[2025-06-17T23:01:21.441+0300][6080][17800][debug][gc,heap  ] GC(9)  garbage-first heap   total 2097152K, used 1266477K [0x0000000080000000, 0x0000000100000000)
[2025-06-17T23:01:21.441+0300][6080][17800][debug][gc,heap  ] GC(9)   region size 1024K, 1228 young (1257472K), 7 survivors (7168K)
[2025-06-17T23:01:21.441+0300][6080][17800][debug][gc,heap  ] GC(9)  Metaspace       used 34539K, committed 35456K, reserved 1114112K
[2025-06-17T23:01:21.441+0300][6080][17800][debug][gc,heap  ] GC(9)   class space    used 2941K, committed 3328K, reserved 1048576K
[2025-06-17T23:01:21.446+0300][6080][17800][info ][gc,phases] GC(9)   Pre Evacuate Collection Set: 0.7ms
[2025-06-17T23:01:21.446+0300][6080][17800][debug][gc,phases] GC(9)     Pre Evacuate Prepare: 0.3ms
[2025-06-17T23:01:21.446+0300][6080][17800][debug][gc,phases] GC(9)       JT Retire TLABs And Flush Logs (ms): Min:  0.0, Avg:  0.0, Max:  0.0, Diff:  0.0, Sum:  0.0, Workers: 2
[2025-06-17T23:01:21.446+0300][6080][17800][debug][gc,phases] GC(9)       Non-JT Flush Logs (ms):        Min:  0.0, Avg:  0.0, Max:  0.0, Diff:  0.0, Sum:  0.0, Workers: 1
[2025-06-17T23:01:21.446+0300][6080][17800][debug][gc,phases] GC(9)     Choose Collection Set: 0.0ms
[2025-06-17T23:01:21.446+0300][6080][17800][debug][gc,phases] GC(9)     Region Register: 0.4ms
[2025-06-17T23:01:21.446+0300][6080][17800][debug][gc,phases] GC(9)     Prepare Heap Roots: 0.0ms
[2025-06-17T23:01:21.446+0300][6080][17800][info ][gc,phases] GC(9)   Merge Heap Roots: 0.4ms
[2025-06-17T23:01:21.446+0300][6080][17800][debug][gc,phases] GC(9)     Prepare Merge Heap Roots: 0.0ms
[2025-06-17T23:01:21.446+0300][6080][17800][debug][gc,phases] GC(9)     Remembered Sets (ms):          Min:  0.2, Avg:  0.2, Max:  0.2, Diff:  0.1, Sum:  1.5, Workers: 8
[2025-06-17T23:01:21.446+0300][6080][17800][debug][gc,phases] GC(9)       Eager Reclaim (ms):            skipped
[2025-06-17T23:01:21.446+0300][6080][17800][debug][gc,phases] GC(9)       Merged Inline                  Min: 0, Avg:  0.0, Max: 0, Diff: 0, Sum: 0, Workers: 8
[2025-06-17T23:01:21.446+0300][6080][17800][debug][gc,phases] GC(9)       Merged ArrayOfCards            Min: 0, Avg:  0.0, Max: 0, Diff: 0, Sum: 0, Workers: 8
[2025-06-17T23:01:21.446+0300][6080][17800][debug][gc,phases] GC(9)       Merged Howl                    Min: 0, Avg:  0.0, Max: 0, Diff: 0, Sum: 0, Workers: 8
[2025-06-17T23:01:21.446+0300][6080][17800][debug][gc,phases] GC(9)       Merged Full                    Min: 0, Avg:  0.0, Max: 0, Diff: 0, Sum: 0, Workers: 8
[2025-06-17T23:01:21.446+0300][6080][17800][debug][gc,phases] GC(9)       Merged Howl Inline             Min: 0, Avg:  0.0, Max: 0, Diff: 0, Sum: 0, Workers: 8
[2025-06-17T23:01:21.446+0300][6080][17800][debug][gc,phases] GC(9)       Merged Howl ArrayOfCards       Min: 0, Avg:  0.0, Max: 0, Diff: 0, Sum: 0, Workers: 8
[2025-06-17T23:01:21.446+0300][6080][17800][debug][gc,phases] GC(9)       Merged Howl BitMap             Min: 0, Avg:  0.0, Max: 0, Diff: 0, Sum: 0, Workers: 8
[2025-06-17T23:01:21.446+0300][6080][17800][debug][gc,phases] GC(9)       Merged Howl Full               Min: 0, Avg:  0.0, Max: 0, Diff: 0, Sum: 0, Workers: 8
[2025-06-17T23:01:21.446+0300][6080][17800][debug][gc,phases] GC(9)       Merged Cards                   Min: 8, Avg:  8.0, Max: 8, Diff: 0, Sum: 64, Workers: 8
[2025-06-17T23:01:21.446+0300][6080][17800][debug][gc,phases] GC(9)     Log Buffers (ms):              Min:  0.0, Avg:  0.0, Max:  0.0, Diff:  0.0, Sum:  0.1, Workers: 8
[2025-06-17T23:01:21.446+0300][6080][17800][debug][gc,phases] GC(9)       Dirty Cards:                   Min: 0, Avg: 131.9, Max: 710, Diff: 710, Sum: 1055, Workers: 8
[2025-06-17T23:01:21.446+0300][6080][17800][debug][gc,phases] GC(9)       Skipped Cards:                 Min: 0, Avg:  0.0, Max: 0, Diff: 0, Sum: 0, Workers: 8
[2025-06-17T23:01:21.446+0300][6080][17800][info ][gc,phases] GC(9)   Evacuate Collection Set: 4.5ms
[2025-06-17T23:01:21.446+0300][6080][17800][debug][gc,phases] GC(9)     Ext Root Scanning (ms):        Min:  0.1, Avg:  0.3, Max:  0.9, Diff:  0.8, Sum:  2.3, Workers: 8
[2025-06-17T23:01:21.446+0300][6080][17800][debug][gc,phases] GC(9)     Scan Heap Roots (ms):          Min:  0.0, Avg:  0.3, Max:  0.7, Diff:  0.7, Sum:  2.5, Workers: 8
[2025-06-17T23:01:21.446+0300][6080][17800][debug][gc,phases] GC(9)       Scanned Cards:                 Min: 0, Avg: 131.8, Max: 287, Diff: 287, Sum: 1054, Workers: 8
[2025-06-17T23:01:21.446+0300][6080][17800][debug][gc,phases] GC(9)       Scanned Blocks:                Min: 0, Avg: 73.9, Max: 156, Diff: 156, Sum: 591, Workers: 8
[2025-06-17T23:01:21.446+0300][6080][17800][debug][gc,phases] GC(9)       Claimed Chunks:                Min: 0, Avg: 28.4, Max: 71, Diff: 71, Sum: 227, Workers: 8
[2025-06-17T23:01:21.446+0300][6080][17800][debug][gc,phases] GC(9)       Found Roots:                   Min: 0, Avg: 714.5, Max: 2665, Diff: 2665, Sum: 5716, Workers: 8
[2025-06-17T23:01:21.446+0300][6080][17800][debug][gc,phases] GC(9)     Code Root Scan (ms):           Min:  0.2, Avg:  1.1, Max:  1.5, Diff:  1.3, Sum:  8.7, Workers: 8
[2025-06-17T23:01:21.446+0300][6080][17800][debug][gc,phases] GC(9)       Scanned Nmethods               Min: 71, Avg: 258.0, Max: 306, Diff: 235, Sum: 2064, Workers: 8
[2025-06-17T23:01:21.446+0300][6080][17800][debug][gc,phases] GC(9)     Object Copy (ms):              Min:  1.9, Avg:  2.4, Max:  2.9, Diff:  1.0, Sum: 18.8, Workers: 8
[2025-06-17T23:01:21.446+0300][6080][17800][debug][gc,phases] GC(9)     Termination (ms):              Min:  0.0, Avg:  0.1, Max:  0.2, Diff:  0.1, Sum:  1.1, Workers: 8
[2025-06-17T23:01:21.446+0300][6080][17800][debug][gc,phases] GC(9)       Termination Attempts:          Min: 1, Avg:  1.1, Max: 2, Diff: 1, Sum: 9, Workers: 8
[2025-06-17T23:01:21.446+0300][6080][17800][debug][gc,phases] GC(9)     GC Worker Other (ms):          Min:  0.1, Avg:  0.1, Max:  0.1, Diff:  0.1, Sum:  0.8, Workers: 8
[2025-06-17T23:01:21.446+0300][6080][17800][debug][gc,phases] GC(9)     GC Worker Total (ms):          Min:  4.2, Avg:  4.3, Max:  4.4, Diff:  0.2, Sum: 34.2, Workers: 8
[2025-06-17T23:01:21.446+0300][6080][17800][info ][gc,phases] GC(9)   Post Evacuate Collection Set: 1.3ms
[2025-06-17T23:01:21.446+0300][6080][17800][debug][gc,phases] GC(9)     NMethod List Cleanup: 0.1ms
[2025-06-17T23:01:21.446+0300][6080][17800][debug][gc,phases] GC(9)     Reference Processing: 0.1ms
[2025-06-17T23:01:21.446+0300][6080][17800][debug][gc,phases] GC(9)     Weak Processing: 0.2ms
[2025-06-17T23:01:21.446+0300][6080][17800][debug][gc,phases] GC(9)       VM Weak                        Min:  0.0, Avg:  0.0, Max:  0.0, Diff:  0.0, Sum:  0.0, Workers: 8
[2025-06-17T23:01:21.446+0300][6080][17800][debug][gc,phases] GC(9)         Dead                           Min: 0, Avg:  0.0, Max: 0, Diff: 0, Sum: 0, Workers: 8
[2025-06-17T23:01:21.446+0300][6080][17800][debug][gc,phases] GC(9)         Total                          Min: 0, Avg: 69.0, Max: 384, Diff: 384, Sum: 552, Workers: 8
[2025-06-17T23:01:21.446+0300][6080][17800][debug][gc,phases] GC(9)       ObjectSynchronizer Weak        Min:  0.0, Avg:  0.0, Max:  0.0, Diff:  0.0, Sum:  0.0, Workers: 8
[2025-06-17T23:01:21.446+0300][6080][17800][debug][gc,phases] GC(9)         Dead                           Min: 0, Avg:  0.0, Max: 0, Diff: 0, Sum: 0, Workers: 8
[2025-06-17T23:01:21.446+0300][6080][17800][debug][gc,phases] GC(9)         Total                          Min: 0, Avg:  5.1, Max: 41, Diff: 41, Sum: 41, Workers: 8
[2025-06-17T23:01:21.446+0300][6080][17800][debug][gc,phases] GC(9)       JVMTI Tag Weak OopStorage      Min:  0.0, Avg:  0.0, Max:  0.0, Diff:  0.0, Sum:  0.0, Workers: 8
[2025-06-17T23:01:21.446+0300][6080][17800][debug][gc,phases] GC(9)         Dead                           Min: 0, Avg:  0.0, Max: 0, Diff: 0, Sum: 0, Workers: 8
[2025-06-17T23:01:21.446+0300][6080][17800][debug][gc,phases] GC(9)         Total                          Min: 0, Avg:  0.0, Max: 0, Diff: 0, Sum: 0, Workers: 8
[2025-06-17T23:01:21.446+0300][6080][17800][debug][gc,phases] GC(9)       StringTable Weak               Min:  0.0, Avg:  0.1, Max:  0.1, Diff:  0.1, Sum:  0.5, Workers: 8
[2025-06-17T23:01:21.446+0300][6080][17800][debug][gc,phases] GC(9)         Dead                           Min: 0, Avg:  0.0, Max: 0, Diff: 0, Sum: 0, Workers: 8
[2025-06-17T23:01:21.446+0300][6080][17800][debug][gc,phases] GC(9)         Total                          Min: 576, Avg: 3451.5, Max: 9344, Diff: 8768, Sum: 27612, Workers: 8
[2025-06-17T23:01:21.446+0300][6080][17800][debug][gc,phases] GC(9)       ResolvedMethodTable Weak       Min:  0.0, Avg:  0.0, Max:  0.0, Diff:  0.0, Sum:  0.1, Workers: 8
[2025-06-17T23:01:21.446+0300][6080][17800][debug][gc,phases] GC(9)         Dead                           Min: 0, Avg:  0.0, Max: 0, Diff: 0, Sum: 0, Workers: 8
[2025-06-17T23:01:21.446+0300][6080][17800][debug][gc,phases] GC(9)         Total                          Min: 64, Avg: 211.9, Max: 320, Diff: 256, Sum: 1695, Workers: 8
[2025-06-17T23:01:21.446+0300][6080][17800][debug][gc,phases] GC(9)       JNI Weak                       Min:  0.0, Avg:  0.0, Max:  0.0, Diff:  0.0, Sum:  0.0, Workers: 8
[2025-06-17T23:01:21.446+0300][6080][17800][debug][gc,phases] GC(9)         Dead                           Min: 0, Avg:  0.0, Max: 0, Diff: 0, Sum: 0, Workers: 8
[2025-06-17T23:01:21.446+0300][6080][17800][debug][gc,phases] GC(9)         Total                          Min: 0, Avg:  0.0, Max: 0, Diff: 0, Sum: 0, Workers: 8
[2025-06-17T23:01:21.446+0300][6080][17800][debug][gc,phases] GC(9)       StringDedup Table Weak         Min:  0.0, Avg:  0.0, Max:  0.0, Diff:  0.0, Sum:  0.0, Workers: 8
[2025-06-17T23:01:21.446+0300][6080][17800][debug][gc,phases] GC(9)         Dead                           Min: 0, Avg:  0.0, Max: 0, Diff: 0, Sum: 0, Workers: 8
[2025-06-17T23:01:21.446+0300][6080][17800][debug][gc,phases] GC(9)         Total                          Min: 0, Avg:  0.0, Max: 0, Diff: 0, Sum: 0, Workers: 8
[2025-06-17T23:01:21.446+0300][6080][17800][debug][gc,phases] GC(9)       StringDedup Requests0 Weak     Min:  0.0, Avg:  0.0, Max:  0.0, Diff:  0.0, Sum:  0.0, Workers: 8
[2025-06-17T23:01:21.446+0300][6080][17800][debug][gc,phases] GC(9)         Dead                           Min: 0, Avg:  0.0, Max: 0, Diff: 0, Sum: 0, Workers: 8
[2025-06-17T23:01:21.446+0300][6080][17800][debug][gc,phases] GC(9)         Total                          Min: 0, Avg:  0.0, Max: 0, Diff: 0, Sum: 0, Workers: 8
[2025-06-17T23:01:21.446+0300][6080][17800][debug][gc,phases] GC(9)       StringDedup Requests1 Weak     Min:  0.0, Avg:  0.0, Max:  0.0, Diff:  0.0, Sum:  0.0, Workers: 8
[2025-06-17T23:01:21.446+0300][6080][17800][debug][gc,phases] GC(9)         Dead                           Min: 0, Avg:  0.0, Max: 0, Diff: 0, Sum: 0, Workers: 8
[2025-06-17T23:01:21.446+0300][6080][17800][debug][gc,phases] GC(9)         Total                          Min: 0, Avg:  0.0, Max: 0, Diff: 0, Sum: 0, Workers: 8
[2025-06-17T23:01:21.446+0300][6080][17800][debug][gc,phases] GC(9)       Weak JFR Old Object Samples    Min:  0.0, Avg:  0.0, Max:  0.0, Diff:  0.0, Sum:  0.0, Workers: 8
[2025-06-17T23:01:21.446+0300][6080][17800][debug][gc,phases] GC(9)         Dead                           Min: 0, Avg:  0.0, Max: 0, Diff: 0, Sum: 0, Workers: 8
[2025-06-17T23:01:21.446+0300][6080][17800][debug][gc,phases] GC(9)         Total                          Min: 0, Avg:  0.0, Max: 0, Diff: 0, Sum: 0, Workers: 8
[2025-06-17T23:01:21.446+0300][6080][17800][debug][gc,phases] GC(9)     Post Evacuate Cleanup 1: 0.4ms
[2025-06-17T23:01:21.446+0300][6080][17800][debug][gc,phases] GC(9)       Merge Per-Thread State (ms):   Min:  0.0, Avg:  0.0, Max:  0.0, Diff:  0.0, Sum:  0.0, Workers: 1
[2025-06-17T23:01:21.446+0300][6080][17800][debug][gc,phases] GC(9)         Copied Bytes                   Min: 550056, Avg: 797734.0, Max: 1286464, Diff: 736408, Sum: 6381872, Workers: 8
[2025-06-17T23:01:21.446+0300][6080][17800][debug][gc,phases] GC(9)         LAB Waste                      Min: 72, Avg: 2164.0, Max: 12944, Diff: 12872, Sum: 17312, Workers: 8
[2025-06-17T23:01:21.446+0300][6080][17800][debug][gc,phases] GC(9)         LAB Undo Waste                 Min: 0, Avg:  0.0, Max: 0, Diff: 0, Sum: 0, Workers: 8
[2025-06-17T23:01:21.446+0300][6080][17800][debug][gc,phases] GC(9)       Clear Logged Cards (ms):       Min:  0.0, Avg:  0.1, Max:  0.2, Diff:  0.2, Sum:  0.4, Workers: 5
[2025-06-17T23:01:21.446+0300][6080][17800][debug][gc,phases] GC(9)       Recalculate Used Memory (ms):  Min:  0.0, Avg:  0.0, Max:  0.0, Diff:  0.0, Sum:  0.0, Workers: 1
[2025-06-17T23:01:21.446+0300][6080][17800][debug][gc,phases] GC(9)     Post Evacuate Cleanup 2: 0.4ms
[2025-06-17T23:01:21.446+0300][6080][17800][debug][gc,phases] GC(9)       Update Derived Pointers (ms):  Min:  0.0, Avg:  0.0, Max:  0.0, Diff:  0.0, Sum:  0.0, Workers: 1
[2025-06-17T23:01:21.446+0300][6080][17800][debug][gc,phases] GC(9)       Eagerly Reclaim Humongous Objects (ms): skipped
[2025-06-17T23:01:21.446+0300][6080][17800][debug][gc,phases] GC(9)         Humongous Total                skipped
[2025-06-17T23:01:21.446+0300][6080][17800][debug][gc,phases] GC(9)         Humongous Candidates           skipped
[2025-06-17T23:01:21.446+0300][6080][17800][debug][gc,phases] GC(9)         Humongous Reclaimed            skipped
[2025-06-17T23:01:21.446+0300][6080][17800][debug][gc,phases] GC(9)       Redirty Logged Cards (ms):     Min:  0.0, Avg:  0.0, Max:  0.0, Diff:  0.0, Sum:  0.0, Workers: 8
[2025-06-17T23:01:21.446+0300][6080][17800][debug][gc,phases] GC(9)         Redirtied Cards:               Min: 0, Avg: 125.0, Max: 562, Diff: 562, Sum: 1000, Workers: 8
[2025-06-17T23:01:21.446+0300][6080][17800][debug][gc,phases] GC(9)       Resize TLABs (ms):             Min:  0.0, Avg:  0.0, Max:  0.0, Diff:  0.0, Sum:  0.0, Workers: 8
[2025-06-17T23:01:21.446+0300][6080][17800][debug][gc,phases] GC(9)       Free Collection Set (ms):      Min:  0.2, Avg:  0.2, Max:  0.2, Diff:  0.1, Sum:  1.7, Workers: 8
[2025-06-17T23:01:21.446+0300][6080][17800][debug][gc,phases] GC(9)     Rebuild Free List: 0.1ms
[2025-06-17T23:01:21.446+0300][6080][17800][debug][gc,phases] GC(9)     Prepare For Mutator: 0.0ms
[2025-06-17T23:01:21.446+0300][6080][17800][debug][gc,phases] GC(9)     Expand Heap After Collection: 0.0ms
[2025-06-17T23:01:21.446+0300][6080][17800][info ][gc,phases] GC(9)   Other: 0.2ms
[2025-06-17T23:01:21.446+0300][6080][17800][info ][gc,heap  ] GC(9) Eden regions: 1221->0(1221)
[2025-06-17T23:01:21.446+0300][6080][17800][info ][gc,heap  ] GC(9) Survivor regions: 7->7(154)
[2025-06-17T23:01:21.446+0300][6080][17800][info ][gc,heap  ] GC(9) Old regions: 14->14
[2025-06-17T23:01:21.446+0300][6080][17800][info ][gc,heap  ] GC(9) Humongous regions: 0->0
[2025-06-17T23:01:21.446+0300][6080][17800][debug][gc,heap  ] GC(9) Heap after GC invocations=10 (full 1):
[2025-06-17T23:01:21.446+0300][6080][17800][debug][gc,heap  ] GC(9)  garbage-first heap   total 2097152K, used 16526K [0x0000000080000000, 0x0000000100000000)
[2025-06-17T23:01:21.446+0300][6080][17800][debug][gc,heap  ] GC(9)   region size 1024K, 7 young (7168K), 7 survivors (7168K)
[2025-06-17T23:01:21.446+0300][6080][17800][debug][gc,heap  ] GC(9)  Metaspace       used 34539K, committed 35456K, reserved 1114112K
[2025-06-17T23:01:21.446+0300][6080][17800][debug][gc,heap  ] GC(9)   class space    used 2941K, committed 3328K, reserved 1048576K
[2025-06-17T23:01:21.446+0300][6080][17800][info ][gc       ] GC(9) Pause Young (Normal) (G1 Evacuation Pause) 1236M->16M(2048M) 8.089ms
[2025-06-17T23:01:21.446+0300][6080][17800][info ][safepoint] Safepoint "G1CollectForAllocation", Time since last: 600488400 ns, Reaching safepoint: 228000 ns, Cleanup: 7500 ns, At safepoint: 8126500 ns, Total: 8362000 ns
[2025-06-17T23:01:33.580+0300][6080][17800][debug][safepoint] Safepoint synchronization initiated using striped semaphore wait barrier. (32 threads)
[2025-06-17T23:01:33.580+0300][6080][21068][debug][safepoint] ... found polling page loop exception at pc = 0x000002dceab525f1, stub =0x000002dce9e46600
[2025-06-17T23:01:33.580+0300][6080][17800][info ][safepoint] Safepoint "Cleanup", Time since last: 12131456100 ns, Reaching safepoint: 285600 ns, Cleanup: 34600 ns, At safepoint: 15500 ns, Total: 335700 ns
[2025-06-17T23:01:34.588+0300][6080][17800][debug][safepoint] Safepoint synchronization initiated using striped semaphore wait barrier. (32 threads)
[2025-06-17T23:01:34.588+0300][6080][17900][debug][safepoint] ... found polling page loop exception at pc = 0x000002dceaae3228, stub =0x000002dce9e46600
[2025-06-17T23:01:34.588+0300][6080][21032][debug][safepoint] ... found polling page loop exception at pc = 0x000002dcea99e27a, stub =0x000002dce9e46600
[2025-06-17T23:01:34.588+0300][6080][17800][info ][safepoint] Safepoint "Cleanup", Time since last: 1007378500 ns, Reaching safepoint: 465300 ns, Cleanup: 14500 ns, At safepoint: 8000 ns, Total: 487800 ns
[2025-06-17T23:01:43.682+0300][6080][17800][debug][safepoint] Safepoint synchronization initiated using striped semaphore wait barrier. (32 threads)
[2025-06-17T23:01:43.682+0300][6080][17800][info ][safepoint] Safepoint "Cleanup", Time since last: 9093468200 ns, Reaching safepoint: 137000 ns, Cleanup: 37800 ns, At safepoint: 28400 ns, Total: 203200 ns
[2025-06-17T23:01:44.692+0300][6080][17800][debug][safepoint] Safepoint synchronization initiated using striped semaphore wait barrier. (32 threads)
[2025-06-17T23:01:44.692+0300][6080][17800][info ][safepoint] Safepoint "Cleanup", Time since last: 1010618300 ns, Reaching safepoint: 196700 ns, Cleanup: 37300 ns, At safepoint: 25900 ns, Total: 259900 ns
[2025-06-17T23:01:56.796+0300][6080][17800][debug][safepoint] Safepoint synchronization initiated using striped semaphore wait barrier. (32 threads)
[2025-06-17T23:01:56.796+0300][6080][17800][info ][safepoint] Safepoint "Cleanup", Time since last: 12102648400 ns, Reaching safepoint: 154200 ns, Cleanup: 39200 ns, At safepoint: 46600 ns, Total: 240000 ns
[2025-06-17T23:02:01.845+0300][6080][17800][debug][safepoint] Safepoint synchronization initiated using striped semaphore wait barrier. (27 threads)
[2025-06-17T23:02:01.845+0300][6080][17800][info ][safepoint] Safepoint "Cleanup", Time since last: 5048934400 ns, Reaching safepoint: 181200 ns, Cleanup: 29700 ns, At safepoint: 4500 ns, Total: 215400 ns
[2025-06-17T23:02:02.024+0300][6080][17800][debug][safepoint] Safepoint synchronization initiated using striped semaphore wait barrier. (25 threads)
[2025-06-17T23:02:02.024+0300][6080][17800][debug][gc,heap  ] GC(10) Heap before GC invocations=10 (full 1):
[2025-06-17T23:02:02.024+0300][6080][17800][debug][gc,heap  ] GC(10)  garbage-first heap   total 2097152K, used 1202318K [0x0000000080000000, 0x0000000100000000)
[2025-06-17T23:02:02.024+0300][6080][17800][debug][gc,heap  ] GC(10)   region size 1024K, 1166 young (1193984K), 7 survivors (7168K)
[2025-06-17T23:02:02.024+0300][6080][17800][debug][gc,heap  ] GC(10)  Metaspace       used 34649K, committed 35584K, reserved 1114112K
[2025-06-17T23:02:02.024+0300][6080][17800][debug][gc,heap  ] GC(10)   class space    used 2949K, committed 3328K, reserved 1048576K
[2025-06-17T23:02:02.027+0300][6080][17800][debug][gc,phases] GC(10) Phase 1: Reference Processing 0.350ms
[2025-06-17T23:02:02.027+0300][6080][17800][debug][gc,phases] GC(10)   VM Weak                        Min:  0.0, Avg:  0.0, Max:  0.0, Diff:  0.0, Sum:  0.0, Workers: 8
[2025-06-17T23:02:02.027+0300][6080][17800][debug][gc,phases] GC(10)     Dead                           Min: 0, Avg: 26.5, Max: 89, Diff: 89, Sum: 212, Workers: 8
[2025-06-17T23:02:02.027+0300][6080][17800][debug][gc,phases] GC(10)     Total                          Min: 0, Avg: 69.2, Max: 384, Diff: 384, Sum: 554, Workers: 8
[2025-06-17T23:02:02.027+0300][6080][17800][debug][gc,phases] GC(10)   ObjectSynchronizer Weak        Min:  0.0, Avg:  0.0, Max:  0.0, Diff:  0.0, Sum:  0.0, Workers: 8
[2025-06-17T23:02:02.027+0300][6080][17800][debug][gc,phases] GC(10)     Dead                           Min: 0, Avg:  5.1, Max: 41, Diff: 41, Sum: 41, Workers: 8
[2025-06-17T23:02:02.027+0300][6080][17800][debug][gc,phases] GC(10)     Total                          Min: 0, Avg:  7.5, Max: 60, Diff: 60, Sum: 60, Workers: 8
[2025-06-17T23:02:02.027+0300][6080][17800][debug][gc,phases] GC(10)   JVMTI Tag Weak OopStorage      Min:  0.0, Avg:  0.0, Max:  0.0, Diff:  0.0, Sum:  0.0, Workers: 8
[2025-06-17T23:02:02.027+0300][6080][17800][debug][gc,phases] GC(10)     Dead                           Min: 0, Avg:  0.0, Max: 0, Diff: 0, Sum: 0, Workers: 8
[2025-06-17T23:02:02.027+0300][6080][17800][debug][gc,phases] GC(10)     Total                          Min: 0, Avg:  0.0, Max: 0, Diff: 0, Sum: 0, Workers: 8
[2025-06-17T23:02:02.027+0300][6080][17800][debug][gc,phases] GC(10)   StringTable Weak               Min:  0.0, Avg:  0.0, Max:  0.1, Diff:  0.1, Sum:  0.3, Workers: 8
[2025-06-17T23:02:02.027+0300][6080][17800][debug][gc,phases] GC(10)     Dead                           Min: 0, Avg: 169.8, Max: 498, Diff: 498, Sum: 1358, Workers: 8
[2025-06-17T23:02:02.027+0300][6080][17800][debug][gc,phases] GC(10)     Total                          Min: 0, Avg: 3466.8, Max: 6358, Diff: 6358, Sum: 27734, Workers: 8
[2025-06-17T23:02:02.027+0300][6080][17800][debug][gc,phases] GC(10)   ResolvedMethodTable Weak       Min:  0.0, Avg:  0.0, Max:  0.0, Diff:  0.0, Sum:  0.0, Workers: 8
[2025-06-17T23:02:02.027+0300][6080][17800][debug][gc,phases] GC(10)     Dead                           Min: 0, Avg: 13.8, Max: 28, Diff: 28, Sum: 110, Workers: 8
[2025-06-17T23:02:02.027+0300][6080][17800][debug][gc,phases] GC(10)     Total                          Min: 0, Avg: 212.6, Max: 319, Diff: 319, Sum: 1701, Workers: 8
[2025-06-17T23:02:02.027+0300][6080][17800][debug][gc,phases] GC(10)   JNI Weak                       Min:  0.0, Avg:  0.0, Max:  0.0, Diff:  0.0, Sum:  0.0, Workers: 8
[2025-06-17T23:02:02.027+0300][6080][17800][debug][gc,phases] GC(10)     Dead                           Min: 0, Avg:  0.0, Max: 0, Diff: 0, Sum: 0, Workers: 8
[2025-06-17T23:02:02.027+0300][6080][17800][debug][gc,phases] GC(10)     Total                          Min: 0, Avg:  0.1, Max: 1, Diff: 1, Sum: 1, Workers: 8
[2025-06-17T23:02:02.027+0300][6080][17800][debug][gc,phases] GC(10)   StringDedup Table Weak         Min:  0.0, Avg:  0.0, Max:  0.0, Diff:  0.0, Sum:  0.0, Workers: 8
[2025-06-17T23:02:02.027+0300][6080][17800][debug][gc,phases] GC(10)     Dead                           Min: 0, Avg:  0.0, Max: 0, Diff: 0, Sum: 0, Workers: 8
[2025-06-17T23:02:02.027+0300][6080][17800][debug][gc,phases] GC(10)     Total                          Min: 0, Avg:  0.0, Max: 0, Diff: 0, Sum: 0, Workers: 8
[2025-06-17T23:02:02.027+0300][6080][17800][debug][gc,phases] GC(10)   StringDedup Requests0 Weak     Min:  0.0, Avg:  0.0, Max:  0.0, Diff:  0.0, Sum:  0.0, Workers: 8
[2025-06-17T23:02:02.027+0300][6080][17800][debug][gc,phases] GC(10)     Dead                           Min: 0, Avg:  0.0, Max: 0, Diff: 0, Sum: 0, Workers: 8
[2025-06-17T23:02:02.027+0300][6080][17800][debug][gc,phases] GC(10)     Total                          Min: 0, Avg:  0.0, Max: 0, Diff: 0, Sum: 0, Workers: 8
[2025-06-17T23:02:02.027+0300][6080][17800][debug][gc,phases] GC(10)   StringDedup Requests1 Weak     Min:  0.0, Avg:  0.0, Max:  0.0, Diff:  0.0, Sum:  0.0, Workers: 8
[2025-06-17T23:02:02.027+0300][6080][17800][debug][gc,phases] GC(10)     Dead                           Min: 0, Avg:  0.0, Max: 0, Diff: 0, Sum: 0, Workers: 8
[2025-06-17T23:02:02.027+0300][6080][17800][debug][gc,phases] GC(10)     Total                          Min: 0, Avg:  0.0, Max: 0, Diff: 0, Sum: 0, Workers: 8
[2025-06-17T23:02:02.027+0300][6080][17800][debug][gc,phases] GC(10)   Weak JFR Old Object Samples    Min:  0.0, Avg:  0.0, Max:  0.0, Diff:  0.0, Sum:  0.0, Workers: 8
[2025-06-17T23:02:02.027+0300][6080][17800][debug][gc,phases] GC(10)     Dead                           Min: 0, Avg:  0.0, Max: 0, Diff: 0, Sum: 0, Workers: 8
[2025-06-17T23:02:02.027+0300][6080][17800][debug][gc,phases] GC(10)     Total                          Min: 0, Avg:  0.0, Max: 0, Diff: 0, Sum: 0, Workers: 8
[2025-06-17T23:02:02.027+0300][6080][17800][debug][gc,phases] GC(10) Phase 1: Weak Processing 0.398ms
[2025-06-17T23:02:02.027+0300][6080][17800][debug][gc,phases] GC(10) ClassLoaderData 0.361ms
[2025-06-17T23:02:02.027+0300][6080][17800][debug][gc,phases] GC(10) Trigger cleanups 0.005ms
[2025-06-17T23:02:02.035+0300][6080][17800][debug][gc,phases] GC(10) G1 Complete Cleaning 13.619ms
[2025-06-17T23:02:02.035+0300][6080][17800][debug][gc,phases] GC(10) Purge Unlinked NMethods 0.389ms
[2025-06-17T23:02:02.035+0300][6080][17800][debug][gc,phases] GC(10) Unregister NMethods 1.175ms
[2025-06-17T23:02:02.035+0300][6080][17800][debug][gc,phases] GC(10) Free Code Blobs 0.115ms
[2025-06-17T23:02:02.035+0300][6080][17800][debug][gc,phases] GC(10) Purge Class Loader Data 0.694ms
[2025-06-17T23:02:02.035+0300][6080][17800][debug][gc,phases] GC(10) Phase 1: Class Unloading and Cleanup 16.515ms
[2025-06-17T23:02:02.035+0300][6080][17800][debug][gc,phases] GC(10) Report Object Count 0.001ms
[2025-06-17T23:02:02.035+0300][6080][17800][info ][gc,phases] GC(10) Phase 1: Mark live objects 20.266ms
[2025-06-17T23:02:02.035+0300][6080][17800][debug][gc,phases] GC(10) Phase 2: Determine work lists 0.074ms
[2025-06-17T23:02:02.035+0300][6080][17800][debug][gc,phases] GC(10) Phase 2: Prepare parallel compaction 1.685ms
[2025-06-17T23:02:02.035+0300][6080][17800][info ][gc,phases] GC(10) Phase 2: Prepare compaction 1.801ms
[2025-06-17T23:02:02.051+0300][6080][17800][info ][gc,phases] GC(10) Phase 3: Adjust pointers 8.601ms
[2025-06-17T23:02:02.051+0300][6080][17800][info ][gc,phases] GC(10) Phase 4: Compact heap 2.260ms
[2025-06-17T23:02:02.051+0300][6080][17800][info ][gc,phases] GC(10) Phase 5: Reset Metadata 1.537ms
[2025-06-17T23:02:02.067+0300][6080][17800][info ][gc,heap  ] GC(10) Eden regions: 1159->0(1228)
[2025-06-17T23:02:02.067+0300][6080][17800][info ][gc,heap  ] GC(10) Survivor regions: 7->0(154)
[2025-06-17T23:02:02.067+0300][6080][17800][info ][gc,heap  ] GC(10) Old regions: 14->17
[2025-06-17T23:02:02.067+0300][6080][17800][info ][gc,heap  ] GC(10) Humongous regions: 0->0
[2025-06-17T23:02:02.067+0300][6080][17800][debug][gc,heap  ] GC(10) Heap after GC invocations=11 (full 2):
[2025-06-17T23:02:02.067+0300][6080][17800][debug][gc,heap  ] GC(10)  garbage-first heap   total 2097152K, used 14168K [0x0000000080000000, 0x0000000100000000)
[2025-06-17T23:02:02.067+0300][6080][17800][debug][gc,heap  ] GC(10)   region size 1024K, 0 young (0K), 0 survivors (0K)
[2025-06-17T23:02:02.067+0300][6080][17800][debug][gc,heap  ] GC(10)  Metaspace       used 33204K, committed 35520K, reserved 1114112K
[2025-06-17T23:02:02.067+0300][6080][17800][debug][gc,heap  ] GC(10)   class space    used 2783K, committed 3328K, reserved 1048576K
[2025-06-17T23:02:02.067+0300][6080][17800][info ][gc       ] GC(10) Pause Full (System.gc()) 1174M->13M(2048M) 43.197ms
[2025-06-17T23:02:02.067+0300][6080][17800][info ][safepoint] Safepoint "G1CollectFull", Time since last: 179512700 ns, Reaching safepoint: 46600 ns, Cleanup: 25300 ns, At safepoint: 43234100 ns, Total: 43306000 ns
[2025-06-17T23:02:03.075+0300][6080][17800][debug][safepoint] Safepoint synchronization initiated using striped semaphore wait barrier. (33 threads)
[2025-06-17T23:02:03.075+0300][6080][17800][info ][safepoint] Safepoint "Cleanup", Time since last: 1007621300 ns, Reaching safepoint: 90500 ns, Cleanup: 93600 ns, At safepoint: 4300 ns, Total: 188400 ns
[2025-06-17T23:02:04.089+0300][6080][17800][debug][safepoint] Safepoint synchronization initiated using striped semaphore wait barrier. (32 threads)
[2025-06-17T23:02:04.089+0300][6080][17800][info ][safepoint] Safepoint "Cleanup", Time since last: 1013536900 ns, Reaching safepoint: 83600 ns, Cleanup: 51900 ns, At safepoint: 5300 ns, Total: 140800 ns
[2025-06-17T23:02:05.106+0300][6080][17800][debug][safepoint] Safepoint synchronization initiated using striped semaphore wait barrier. (32 threads)
[2025-06-17T23:02:05.106+0300][6080][17800][info ][safepoint] Safepoint "Cleanup", Time since last: 1016130500 ns, Reaching safepoint: 115400 ns, Cleanup: 37800 ns, At safepoint: 25800 ns, Total: 179000 ns
[2025-06-17T23:02:07.116+0300][6080][17800][debug][safepoint] Safepoint synchronization initiated using striped semaphore wait barrier. (32 threads)
[2025-06-17T23:02:07.116+0300][6080][17800][info ][safepoint] Safepoint "Cleanup", Time since last: 2010368200 ns, Reaching safepoint: 160700 ns, Cleanup: 19900 ns, At safepoint: 13400 ns, Total: 194000 ns
[2025-06-17T23:02:09.126+0300][6080][17800][debug][safepoint] Safepoint synchronization initiated using striped semaphore wait barrier. (32 threads)
[2025-06-17T23:02:09.126+0300][6080][17800][info ][safepoint] Safepoint "Cleanup", Time since last: 2010066100 ns, Reaching safepoint: 156400 ns, Cleanup: 32800 ns, At safepoint: 16600 ns, Total: 205800 ns
[2025-06-17T23:02:10.127+0300][6080][17800][debug][safepoint] Safepoint synchronization initiated using striped semaphore wait barrier. (32 threads)
[2025-06-17T23:02:10.127+0300][6080][17800][info ][safepoint] Safepoint "Cleanup", Time since last: 1000247800 ns, Reaching safepoint: 198900 ns, Cleanup: 29400 ns, At safepoint: 9500 ns, Total: 237800 ns
[2025-06-17T23:02:11.134+0300][6080][17800][debug][safepoint] Safepoint synchronization initiated using striped semaphore wait barrier. (32 threads)
[2025-06-17T23:02:11.134+0300][6080][17800][info ][safepoint] Safepoint "Cleanup", Time since last: 1006569200 ns, Reaching safepoint: 100600 ns, Cleanup: 26000 ns, At safepoint: 8500 ns, Total: 135100 ns
[2025-06-17T23:02:12.140+0300][6080][17800][debug][safepoint] Safepoint synchronization initiated using striped semaphore wait barrier. (32 threads)
[2025-06-17T23:02:12.140+0300][6080][17800][info ][safepoint] Safepoint "Cleanup", Time since last: 1006300000 ns, Reaching safepoint: 158200 ns, Cleanup: 31500 ns, At safepoint: 15300 ns, Total: 205000 ns
[2025-06-17T23:02:13.145+0300][6080][17800][debug][safepoint] Safepoint synchronization initiated using striped semaphore wait barrier. (32 threads)
[2025-06-17T23:02:13.145+0300][6080][17800][info ][safepoint] Safepoint "Cleanup", Time since last: 1004672100 ns, Reaching safepoint: 104000 ns, Cleanup: 16000 ns, At safepoint: 27600 ns, Total: 147600 ns
[2025-06-17T23:02:15.154+0300][6080][17800][debug][safepoint] Safepoint synchronization initiated using striped semaphore wait barrier. (32 threads)
[2025-06-17T23:02:15.154+0300][6080][17800][info ][safepoint] Safepoint "Cleanup", Time since last: 2008783400 ns, Reaching safepoint: 127600 ns, Cleanup: 15000 ns, At safepoint: 11100 ns, Total: 153700 ns
[2025-06-17T23:02:16.158+0300][6080][17800][debug][safepoint] Safepoint synchronization initiated using striped semaphore wait barrier. (32 threads)
[2025-06-17T23:02:16.158+0300][6080][17800][info ][safepoint] Safepoint "Cleanup", Time since last: 1004474300 ns, Reaching safepoint: 150600 ns, Cleanup: 45700 ns, At safepoint: 4500 ns, Total: 200800 ns
[2025-06-17T23:02:17.168+0300][6080][17800][debug][safepoint] Safepoint synchronization initiated using striped semaphore wait barrier. (32 threads)
[2025-06-17T23:02:17.168+0300][6080][17800][info ][safepoint] Safepoint "Cleanup", Time since last: 1009225800 ns, Reaching safepoint: 168000 ns, Cleanup: 36000 ns, At safepoint: 20300 ns, Total: 224300 ns
[2025-06-17T23:02:21.208+0300][6080][17800][debug][safepoint] Safepoint synchronization initiated using striped semaphore wait barrier. (32 threads)
[2025-06-17T23:02:21.208+0300][6080][10104][debug][safepoint] ... found polling page loop exception at pc = 0x000002dceae22fa6, stub =0x000002dce9e46600
[2025-06-17T23:02:21.208+0300][6080][19724][debug][safepoint] ... found polling page loop exception at pc = 0x000002dcea94386a, stub =0x000002dce9e46600
[2025-06-17T23:02:21.208+0300][6080][17800][info ][safepoint] Safepoint "Cleanup", Time since last: 4040662000 ns, Reaching safepoint: 452000 ns, Cleanup: 32300 ns, At safepoint: 18800 ns, Total: 503100 ns
[2025-06-17T23:02:23.218+0300][6080][17800][debug][safepoint] Safepoint synchronization initiated using striped semaphore wait barrier. (32 threads)
[2025-06-17T23:02:23.218+0300][6080][17800][info ][safepoint] Safepoint "Cleanup", Time since last: 2008969400 ns, Reaching safepoint: 155100 ns, Cleanup: 50200 ns, At safepoint: 11000 ns, Total: 216300 ns
[2025-06-17T23:02:24.225+0300][6080][17800][debug][safepoint] Safepoint synchronization initiated using striped semaphore wait barrier. (32 threads)
[2025-06-17T23:02:24.225+0300][6080][17800][info ][safepoint] Safepoint "Cleanup", Time since last: 1006546700 ns, Reaching safepoint: 151500 ns, Cleanup: 43200 ns, At safepoint: 44000 ns, Total: 238700 ns
[2025-06-17T23:02:26.248+0300][6080][17800][debug][safepoint] Safepoint synchronization initiated using striped semaphore wait barrier. (32 threads)
[2025-06-17T23:02:26.248+0300][6080][17800][info ][safepoint] Safepoint "Cleanup", Time since last: 2023005700 ns, Reaching safepoint: 149300 ns, Cleanup: 28500 ns, At safepoint: 21700 ns, Total: 199500 ns
[2025-06-17T23:02:29.267+0300][6080][17800][debug][safepoint] Safepoint synchronization initiated using striped semaphore wait barrier. (32 threads)
[2025-06-17T23:02:29.267+0300][6080][17800][info ][safepoint] Safepoint "Cleanup", Time since last: 3018495200 ns, Reaching safepoint: 172200 ns, Cleanup: 32900 ns, At safepoint: 9700 ns, Total: 214800 ns
[2025-06-17T23:02:43.420+0300][6080][17800][debug][safepoint] Safepoint synchronization initiated using striped semaphore wait barrier. (32 threads)
[2025-06-17T23:02:43.420+0300][6080][8604 ][debug][safepoint] ... found polling page loop exception at pc = 0x000002dceac246f0, stub =0x000002dce9e45d80
[2025-06-17T23:02:43.420+0300][6080][16008][debug][safepoint] ... found polling page loop exception at pc = 0x000002dceac246f0, stub =0x000002dce9e45d80
[2025-06-17T23:02:43.420+0300][6080][10616][debug][safepoint] ... found polling page loop exception at pc = 0x000002dceac246f0, stub =0x000002dce9e45d80
[2025-06-17T23:02:43.420+0300][6080][17800][debug][gc,heap  ] GC(11) Heap before GC invocations=11 (full 2):
[2025-06-17T23:02:43.420+0300][6080][17800][debug][gc,heap  ] GC(11)  garbage-first heap   total 2097152K, used 1271640K [0x0000000080000000, 0x0000000100000000)
[2025-06-17T23:02:43.420+0300][6080][17800][debug][gc,heap  ] GC(11)   region size 1024K, 1228 young (1257472K), 0 survivors (0K)
[2025-06-17T23:02:43.420+0300][6080][17800][debug][gc,heap  ] GC(11)  Metaspace       used 34355K, committed 35584K, reserved 1114112K
[2025-06-17T23:02:43.420+0300][6080][17800][debug][gc,heap  ] GC(11)   class space    used 2863K, committed 3328K, reserved 1048576K
[2025-06-17T23:02:43.424+0300][6080][17800][info ][gc,phases] GC(11)   Pre Evacuate Collection Set: 0.6ms
[2025-06-17T23:02:43.424+0300][6080][17800][debug][gc,phases] GC(11)     Pre Evacuate Prepare: 0.2ms
[2025-06-17T23:02:43.424+0300][6080][17800][debug][gc,phases] GC(11)       JT Retire TLABs And Flush Logs (ms): Min:  0.0, Avg:  0.0, Max:  0.0, Diff:  0.0, Sum:  0.0, Workers: 2
[2025-06-17T23:02:43.424+0300][6080][17800][debug][gc,phases] GC(11)       Non-JT Flush Logs (ms):        Min:  0.0, Avg:  0.0, Max:  0.0, Diff:  0.0, Sum:  0.0, Workers: 1
[2025-06-17T23:02:43.424+0300][6080][17800][debug][gc,phases] GC(11)     Choose Collection Set: 0.0ms
[2025-06-17T23:02:43.424+0300][6080][17800][debug][gc,phases] GC(11)     Region Register: 0.4ms
[2025-06-17T23:02:43.424+0300][6080][17800][debug][gc,phases] GC(11)     Prepare Heap Roots: 0.0ms
[2025-06-17T23:02:43.424+0300][6080][17800][info ][gc,phases] GC(11)   Merge Heap Roots: 0.4ms
[2025-06-17T23:02:43.424+0300][6080][17800][debug][gc,phases] GC(11)     Prepare Merge Heap Roots: 0.0ms
[2025-06-17T23:02:43.424+0300][6080][17800][debug][gc,phases] GC(11)     Remembered Sets (ms):          Min:  0.1, Avg:  0.2, Max:  0.2, Diff:  0.1, Sum:  1.3, Workers: 8
[2025-06-17T23:02:43.424+0300][6080][17800][debug][gc,phases] GC(11)       Eager Reclaim (ms):            skipped
[2025-06-17T23:02:43.424+0300][6080][17800][debug][gc,phases] GC(11)       Merged Inline                  Min: 0, Avg:  0.0, Max: 0, Diff: 0, Sum: 0, Workers: 8
[2025-06-17T23:02:43.424+0300][6080][17800][debug][gc,phases] GC(11)       Merged ArrayOfCards            Min: 0, Avg:  0.0, Max: 0, Diff: 0, Sum: 0, Workers: 8
[2025-06-17T23:02:43.424+0300][6080][17800][debug][gc,phases] GC(11)       Merged Howl                    Min: 0, Avg:  0.0, Max: 0, Diff: 0, Sum: 0, Workers: 8
[2025-06-17T23:02:43.424+0300][6080][17800][debug][gc,phases] GC(11)       Merged Full                    Min: 0, Avg:  0.0, Max: 0, Diff: 0, Sum: 0, Workers: 8
[2025-06-17T23:02:43.424+0300][6080][17800][debug][gc,phases] GC(11)       Merged Howl Inline             Min: 0, Avg:  0.0, Max: 0, Diff: 0, Sum: 0, Workers: 8
[2025-06-17T23:02:43.424+0300][6080][17800][debug][gc,phases] GC(11)       Merged Howl ArrayOfCards       Min: 0, Avg:  0.0, Max: 0, Diff: 0, Sum: 0, Workers: 8
[2025-06-17T23:02:43.424+0300][6080][17800][debug][gc,phases] GC(11)       Merged Howl BitMap             Min: 0, Avg:  0.0, Max: 0, Diff: 0, Sum: 0, Workers: 8
[2025-06-17T23:02:43.424+0300][6080][17800][debug][gc,phases] GC(11)       Merged Howl Full               Min: 0, Avg:  0.0, Max: 0, Diff: 0, Sum: 0, Workers: 8
[2025-06-17T23:02:43.424+0300][6080][17800][debug][gc,phases] GC(11)       Merged Cards                   Min: 8, Avg:  8.0, Max: 8, Diff: 0, Sum: 64, Workers: 8
[2025-06-17T23:02:43.424+0300][6080][17800][debug][gc,phases] GC(11)     Log Buffers (ms):              Min:  0.0, Avg:  0.0, Max:  0.0, Diff:  0.0, Sum:  0.1, Workers: 8
[2025-06-17T23:02:43.424+0300][6080][17800][debug][gc,phases] GC(11)       Dirty Cards:                   Min: 0, Avg: 69.5, Max: 282, Diff: 282, Sum: 556, Workers: 8
[2025-06-17T23:02:43.424+0300][6080][17800][debug][gc,phases] GC(11)       Skipped Cards:                 Min: 0, Avg:  0.0, Max: 0, Diff: 0, Sum: 0, Workers: 8
[2025-06-17T23:02:43.424+0300][6080][17800][info ][gc,phases] GC(11)   Evacuate Collection Set: 2.4ms
[2025-06-17T23:02:43.424+0300][6080][17800][debug][gc,phases] GC(11)     Ext Root Scanning (ms):        Min:  0.1, Avg:  0.2, Max:  0.5, Diff:  0.4, Sum:  1.4, Workers: 8
[2025-06-17T23:02:43.424+0300][6080][17800][debug][gc,phases] GC(11)     Scan Heap Roots (ms):          Min:  0.0, Avg:  0.2, Max:  0.3, Diff:  0.3, Sum:  1.4, Workers: 8
[2025-06-17T23:02:43.424+0300][6080][17800][debug][gc,phases] GC(11)       Scanned Cards:                 Min: 0, Avg: 69.5, Max: 156, Diff: 156, Sum: 556, Workers: 8
[2025-06-17T23:02:43.424+0300][6080][17800][debug][gc,phases] GC(11)       Scanned Blocks:                Min: 0, Avg: 34.9, Max: 72, Diff: 72, Sum: 279, Workers: 8
[2025-06-17T23:02:43.424+0300][6080][17800][debug][gc,phases] GC(11)       Claimed Chunks:                Min: 0, Avg: 21.2, Max: 40, Diff: 40, Sum: 170, Workers: 8
[2025-06-17T23:02:43.424+0300][6080][17800][debug][gc,phases] GC(11)       Found Roots:                   Min: 0, Avg: 241.8, Max: 829, Diff: 829, Sum: 1934, Workers: 8
[2025-06-17T23:02:43.424+0300][6080][17800][debug][gc,phases] GC(11)     Code Root Scan (ms):           Min:  0.2, Avg:  0.6, Max:  1.2, Diff:  1.0, Sum:  5.1, Workers: 8
[2025-06-17T23:02:43.424+0300][6080][17800][debug][gc,phases] GC(11)       Scanned Nmethods               Min: 0, Avg: 86.4, Max: 151, Diff: 151, Sum: 691, Workers: 8
[2025-06-17T23:02:43.424+0300][6080][17800][debug][gc,phases] GC(11)     Object Copy (ms):              Min:  0.4, Avg:  0.9, Max:  1.4, Diff:  1.0, Sum:  7.0, Workers: 8
[2025-06-17T23:02:43.424+0300][6080][17800][debug][gc,phases] GC(11)     Termination (ms):              Min:  0.1, Avg:  0.1, Max:  0.2, Diff:  0.1, Sum:  1.0, Workers: 8
[2025-06-17T23:02:43.424+0300][6080][17800][debug][gc,phases] GC(11)       Termination Attempts:          Min: 1, Avg:  1.0, Max: 1, Diff: 0, Sum: 8, Workers: 8
[2025-06-17T23:02:43.424+0300][6080][17800][debug][gc,phases] GC(11)     GC Worker Other (ms):          Min:  0.2, Avg:  0.2, Max:  0.3, Diff:  0.1, Sum:  1.8, Workers: 8
[2025-06-17T23:02:43.424+0300][6080][17800][debug][gc,phases] GC(11)     GC Worker Total (ms):          Min:  2.2, Avg:  2.2, Max:  2.3, Diff:  0.1, Sum: 17.7, Workers: 8
[2025-06-17T23:02:43.424+0300][6080][17800][info ][gc,phases] GC(11)   Post Evacuate Collection Set: 1.5ms
[2025-06-17T23:02:43.424+0300][6080][17800][debug][gc,phases] GC(11)     NMethod List Cleanup: 0.1ms
[2025-06-17T23:02:43.424+0300][6080][17800][debug][gc,phases] GC(11)     Reference Processing: 0.1ms
[2025-06-17T23:02:43.424+0300][6080][17800][debug][gc,phases] GC(11)     Weak Processing: 0.3ms
[2025-06-17T23:02:43.424+0300][6080][17800][debug][gc,phases] GC(11)       VM Weak                        Min:  0.0, Avg:  0.0, Max:  0.0, Diff:  0.0, Sum:  0.1, Workers: 8
[2025-06-17T23:02:43.424+0300][6080][17800][debug][gc,phases] GC(11)         Dead                           Min: 0, Avg:  0.0, Max: 0, Diff: 0, Sum: 0, Workers: 8
[2025-06-17T23:02:43.424+0300][6080][17800][debug][gc,phases] GC(11)         Total                          Min: 0, Avg: 49.2, Max: 377, Diff: 377, Sum: 394, Workers: 8
[2025-06-17T23:02:43.424+0300][6080][17800][debug][gc,phases] GC(11)       ObjectSynchronizer Weak        Min:  0.0, Avg:  0.0, Max:  0.0, Diff:  0.0, Sum:  0.0, Workers: 8
[2025-06-17T23:02:43.424+0300][6080][17800][debug][gc,phases] GC(11)         Dead                           Min: 0, Avg:  3.2, Max: 18, Diff: 18, Sum: 26, Workers: 8
[2025-06-17T23:02:43.424+0300][6080][17800][debug][gc,phases] GC(11)         Total                          Min: 0, Avg: 22.2, Max: 114, Diff: 114, Sum: 178, Workers: 8
[2025-06-17T23:02:43.424+0300][6080][17800][debug][gc,phases] GC(11)       JVMTI Tag Weak OopStorage      Min:  0.0, Avg:  0.0, Max:  0.0, Diff:  0.0, Sum:  0.0, Workers: 8
[2025-06-17T23:02:43.424+0300][6080][17800][debug][gc,phases] GC(11)         Dead                           Min: 0, Avg:  0.0, Max: 0, Diff: 0, Sum: 0, Workers: 8
[2025-06-17T23:02:43.424+0300][6080][17800][debug][gc,phases] GC(11)         Total                          Min: 0, Avg:  0.0, Max: 0, Diff: 0, Sum: 0, Workers: 8
[2025-06-17T23:02:43.424+0300][6080][17800][debug][gc,phases] GC(11)       StringTable Weak               Min:  0.0, Avg:  0.1, Max:  0.2, Diff:  0.1, Sum:  0.8, Workers: 8
[2025-06-17T23:02:43.424+0300][6080][17800][debug][gc,phases] GC(11)         Dead                           Min: 0, Avg: 37.5, Max: 166, Diff: 166, Sum: 300, Workers: 8
[2025-06-17T23:02:43.424+0300][6080][17800][debug][gc,phases] GC(11)         Total                          Min: 1088, Avg: 3488.9, Max: 6984, Diff: 5896, Sum: 27911, Workers: 8
[2025-06-17T23:02:43.424+0300][6080][17800][debug][gc,phases] GC(11)       ResolvedMethodTable Weak       Min:  0.0, Avg:  0.0, Max:  0.0, Diff:  0.0, Sum:  0.1, Workers: 8
[2025-06-17T23:02:43.424+0300][6080][17800][debug][gc,phases] GC(11)         Dead                           Min: 0, Avg:  0.0, Max: 0, Diff: 0, Sum: 0, Workers: 8
[2025-06-17T23:02:43.424+0300][6080][17800][debug][gc,phases] GC(11)         Total                          Min: 0, Avg: 220.9, Max: 320, Diff: 320, Sum: 1767, Workers: 8
[2025-06-17T23:02:43.424+0300][6080][17800][debug][gc,phases] GC(11)       JNI Weak                       Min:  0.0, Avg:  0.0, Max:  0.0, Diff:  0.0, Sum:  0.0, Workers: 8
[2025-06-17T23:02:43.424+0300][6080][17800][debug][gc,phases] GC(11)         Dead                           Min: 0, Avg:  0.0, Max: 0, Diff: 0, Sum: 0, Workers: 8
[2025-06-17T23:02:43.424+0300][6080][17800][debug][gc,phases] GC(11)         Total                          Min: 0, Avg:  0.0, Max: 0, Diff: 0, Sum: 0, Workers: 8
[2025-06-17T23:02:43.424+0300][6080][17800][debug][gc,phases] GC(11)       StringDedup Table Weak         Min:  0.0, Avg:  0.0, Max:  0.0, Diff:  0.0, Sum:  0.0, Workers: 8
[2025-06-17T23:02:43.424+0300][6080][17800][debug][gc,phases] GC(11)         Dead                           Min: 0, Avg:  0.0, Max: 0, Diff: 0, Sum: 0, Workers: 8
[2025-06-17T23:02:43.424+0300][6080][17800][debug][gc,phases] GC(11)         Total                          Min: 0, Avg:  0.0, Max: 0, Diff: 0, Sum: 0, Workers: 8
[2025-06-17T23:02:43.424+0300][6080][17800][debug][gc,phases] GC(11)       StringDedup Requests0 Weak     Min:  0.0, Avg:  0.0, Max:  0.0, Diff:  0.0, Sum:  0.0, Workers: 8
[2025-06-17T23:02:43.424+0300][6080][17800][debug][gc,phases] GC(11)         Dead                           Min: 0, Avg:  0.0, Max: 0, Diff: 0, Sum: 0, Workers: 8
[2025-06-17T23:02:43.424+0300][6080][17800][debug][gc,phases] GC(11)         Total                          Min: 0, Avg:  0.0, Max: 0, Diff: 0, Sum: 0, Workers: 8
[2025-06-17T23:02:43.424+0300][6080][17800][debug][gc,phases] GC(11)       StringDedup Requests1 Weak     Min:  0.0, Avg:  0.0, Max:  0.0, Diff:  0.0, Sum:  0.0, Workers: 8
[2025-06-17T23:02:43.424+0300][6080][17800][debug][gc,phases] GC(11)         Dead                           Min: 0, Avg:  0.0, Max: 0, Diff: 0, Sum: 0, Workers: 8
[2025-06-17T23:02:43.424+0300][6080][17800][debug][gc,phases] GC(11)         Total                          Min: 0, Avg:  0.0, Max: 0, Diff: 0, Sum: 0, Workers: 8
[2025-06-17T23:02:43.424+0300][6080][17800][debug][gc,phases] GC(11)       Weak JFR Old Object Samples    Min:  0.0, Avg:  0.0, Max:  0.0, Diff:  0.0, Sum:  0.0, Workers: 8
[2025-06-17T23:02:43.424+0300][6080][17800][debug][gc,phases] GC(11)         Dead                           Min: 0, Avg:  0.0, Max: 0, Diff: 0, Sum: 0, Workers: 8
[2025-06-17T23:02:43.424+0300][6080][17800][debug][gc,phases] GC(11)         Total                          Min: 0, Avg:  0.0, Max: 0, Diff: 0, Sum: 0, Workers: 8
[2025-06-17T23:02:43.424+0300][6080][17800][debug][gc,phases] GC(11)     Post Evacuate Cleanup 1: 0.4ms
[2025-06-17T23:02:43.424+0300][6080][17800][debug][gc,phases] GC(11)       Merge Per-Thread State (ms):   Min:  0.1, Avg:  0.1, Max:  0.1, Diff:  0.0, Sum:  0.1, Workers: 1
[2025-06-17T23:02:43.424+0300][6080][17800][debug][gc,phases] GC(11)         Copied Bytes                   Min: 54720, Avg: 291123.0, Max: 1098232, Diff: 1043512, Sum: 2328984, Workers: 8
[2025-06-17T23:02:43.424+0300][6080][17800][debug][gc,phases] GC(11)         LAB Waste                      Min: 0, Avg: 600.0, Max: 4192, Diff: 4192, Sum: 4800, Workers: 8
[2025-06-17T23:02:43.424+0300][6080][17800][debug][gc,phases] GC(11)         LAB Undo Waste                 Min: 0, Avg:  0.0, Max: 0, Diff: 0, Sum: 0, Workers: 8
[2025-06-17T23:02:43.424+0300][6080][17800][debug][gc,phases] GC(11)       Clear Logged Cards (ms):       Min:  0.0, Avg:  0.1, Max:  0.2, Diff:  0.2, Sum:  0.5, Workers: 5
[2025-06-17T23:02:43.424+0300][6080][17800][debug][gc,phases] GC(11)       Recalculate Used Memory (ms):  Min:  0.0, Avg:  0.0, Max:  0.0, Diff:  0.0, Sum:  0.0, Workers: 1
[2025-06-17T23:02:43.424+0300][6080][17800][debug][gc,phases] GC(11)     Post Evacuate Cleanup 2: 0.5ms
[2025-06-17T23:02:43.424+0300][6080][17800][debug][gc,phases] GC(11)       Update Derived Pointers (ms):  Min:  0.0, Avg:  0.0, Max:  0.0, Diff:  0.0, Sum:  0.0, Workers: 1
[2025-06-17T23:02:43.424+0300][6080][17800][debug][gc,phases] GC(11)       Eagerly Reclaim Humongous Objects (ms): skipped
[2025-06-17T23:02:43.424+0300][6080][17800][debug][gc,phases] GC(11)         Humongous Total                skipped
[2025-06-17T23:02:43.424+0300][6080][17800][debug][gc,phases] GC(11)         Humongous Candidates           skipped
[2025-06-17T23:02:43.424+0300][6080][17800][debug][gc,phases] GC(11)         Humongous Reclaimed            skipped
[2025-06-17T23:02:43.424+0300][6080][17800][debug][gc,phases] GC(11)       Redirty Logged Cards (ms):     Min:  0.0, Avg:  0.0, Max:  0.0, Diff:  0.0, Sum:  0.0, Workers: 8
[2025-06-17T23:02:43.424+0300][6080][17800][debug][gc,phases] GC(11)         Redirtied Cards:               Min: 0, Avg: 40.5, Max: 185, Diff: 185, Sum: 324, Workers: 8
[2025-06-17T23:02:43.424+0300][6080][17800][debug][gc,phases] GC(11)       Resize TLABs (ms):             Min:  0.0, Avg:  0.0, Max:  0.0, Diff:  0.0, Sum:  0.0, Workers: 8
[2025-06-17T23:02:43.424+0300][6080][17800][debug][gc,phases] GC(11)       Free Collection Set (ms):      Min:  0.3, Avg:  0.3, Max:  0.4, Diff:  0.1, Sum:  2.4, Workers: 8
[2025-06-17T23:02:43.424+0300][6080][17800][debug][gc,phases] GC(11)     Rebuild Free List: 0.1ms
[2025-06-17T23:02:43.424+0300][6080][17800][debug][gc,phases] GC(11)     Prepare For Mutator: 0.0ms
[2025-06-17T23:02:43.424+0300][6080][17800][debug][gc,phases] GC(11)     Expand Heap After Collection: 0.0ms
[2025-06-17T23:02:43.424+0300][6080][17800][info ][gc,phases] GC(11)   Other: 0.2ms
[2025-06-17T23:02:43.424+0300][6080][17800][info ][gc,heap  ] GC(11) Eden regions: 1228->0(1225)
[2025-06-17T23:02:43.424+0300][6080][17800][info ][gc,heap  ] GC(11) Survivor regions: 0->3(154)
[2025-06-17T23:02:43.424+0300][6080][17800][info ][gc,heap  ] GC(11) Old regions: 17->17
[2025-06-17T23:02:43.424+0300][6080][17800][info ][gc,heap  ] GC(11) Humongous regions: 0->0
[2025-06-17T23:02:43.424+0300][6080][17800][debug][gc,heap  ] GC(11) Heap after GC invocations=12 (full 2):
[2025-06-17T23:02:43.424+0300][6080][17800][debug][gc,heap  ] GC(11)  garbage-first heap   total 2097152K, used 16999K [0x0000000080000000, 0x0000000100000000)
[2025-06-17T23:02:43.424+0300][6080][17800][debug][gc,heap  ] GC(11)   region size 1024K, 3 young (3072K), 3 survivors (3072K)
[2025-06-17T23:02:43.424+0300][6080][17800][debug][gc,heap  ] GC(11)  Metaspace       used 34355K, committed 35584K, reserved 1114112K
[2025-06-17T23:02:43.424+0300][6080][17800][debug][gc,heap  ] GC(11)   class space    used 2863K, committed 3328K, reserved 1048576K
[2025-06-17T23:02:43.424+0300][6080][17800][info ][gc       ] GC(11) Pause Young (Normal) (G1 Evacuation Pause) 1241M->16M(2048M) 7.117ms
[2025-06-17T23:02:43.424+0300][6080][17800][info ][safepoint] Safepoint "G1CollectForAllocation", Time since last: 14153465900 ns, Reaching safepoint: 467600 ns, Cleanup: 25900 ns, At safepoint: 7174800 ns, Total: 7668300 ns
[2025-06-17T23:02:45.428+0300][6080][17800][debug][safepoint] Safepoint synchronization initiated using striped semaphore wait barrier. (32 threads)
[2025-06-17T23:02:45.428+0300][6080][17800][info ][safepoint] Safepoint "Cleanup", Time since last: 2000244000 ns, Reaching safepoint: 140300 ns, Cleanup: 52400 ns, At safepoint: 26700 ns, Total: 219400 ns
[2025-06-17T23:02:47.445+0300][6080][17800][debug][safepoint] Safepoint synchronization initiated using striped semaphore wait barrier. (32 threads)
[2025-06-17T23:02:47.445+0300][6080][17800][info ][safepoint] Safepoint "Cleanup", Time since last: 2016981800 ns, Reaching safepoint: 119800 ns, Cleanup: 34900 ns, At safepoint: 15100 ns, Total: 169800 ns
[2025-06-17T23:02:48.961+0300][6080][17800][debug][safepoint] Safepoint synchronization initiated using striped semaphore wait barrier. (32 threads)
[2025-06-17T23:02:48.961+0300][6080][22180][debug][safepoint] ... found polling page loop exception at pc = 0x000002dceae22fa6, stub =0x000002dce9e46600
[2025-06-17T23:02:48.961+0300][6080][17800][info ][safepoint] Safepoint "Cleanup", Time since last: 1515764700 ns, Reaching safepoint: 308700 ns, Cleanup: 46400 ns, At safepoint: 22300 ns, Total: 377400 ns
[2025-06-17T23:02:53.000+0300][6080][17800][debug][safepoint] Safepoint synchronization initiated using striped semaphore wait barrier. (32 threads)
[2025-06-17T23:02:53.000+0300][6080][15200][debug][safepoint] ... found polling page loop exception at pc = 0x000002dceac183db, stub =0x000002dce9e46600
[2025-06-17T23:02:53.000+0300][6080][17800][info ][safepoint] Safepoint "Cleanup", Time since last: 4038056800 ns, Reaching safepoint: 320100 ns, Cleanup: 59300 ns, At safepoint: 26400 ns, Total: 405800 ns
[2025-06-17T23:03:02.067+0300][6080][17800][debug][safepoint] Safepoint synchronization initiated using striped semaphore wait barrier. (32 threads)
[2025-06-17T23:03:02.067+0300][6080][17800][info ][safepoint] Safepoint "Cleanup", Time since last: 9066299000 ns, Reaching safepoint: 153200 ns, Cleanup: 44200 ns, At safepoint: 56800 ns, Total: 254200 ns
[2025-06-17T23:03:03.083+0300][6080][17800][debug][safepoint] Safepoint synchronization initiated using striped semaphore wait barrier. (32 threads)
[2025-06-17T23:03:03.083+0300][6080][17800][info ][safepoint] Safepoint "Cleanup", Time since last: 1015538700 ns, Reaching safepoint: 151300 ns, Cleanup: 22700 ns, At safepoint: 18800 ns, Total: 192800 ns
[2025-06-17T23:03:08.111+0300][6080][17800][debug][safepoint] Safepoint synchronization initiated using striped semaphore wait barrier. (32 threads)
[2025-06-17T23:03:08.111+0300][6080][17800][info ][safepoint] Safepoint "Cleanup", Time since last: 5028282000 ns, Reaching safepoint: 112400 ns, Cleanup: 19400 ns, At safepoint: 10700 ns, Total: 142500 ns
[2025-06-17T23:03:09.122+0300][6080][17800][debug][safepoint] Safepoint synchronization initiated using striped semaphore wait barrier. (32 threads)
[2025-06-17T23:03:09.122+0300][6080][19740][debug][safepoint] ... found polling page loop exception at pc = 0x000002dcea87aa37, stub =0x000002dce9e46600
[2025-06-17T23:03:09.122+0300][6080][17800][info ][safepoint] Safepoint "Cleanup", Time since last: 1010485100 ns, Reaching safepoint: 238400 ns, Cleanup: 31700 ns, At safepoint: 16600 ns, Total: 286700 ns
[2025-06-17T23:03:10.124+0300][6080][17800][debug][safepoint] Safepoint synchronization initiated using striped semaphore wait barrier. (32 threads)
[2025-06-17T23:03:10.124+0300][6080][19724][debug][safepoint] ... found polling page loop exception at pc = 0x000002dceae22fa6, stub =0x000002dce9e46600
[2025-06-17T23:03:10.124+0300][6080][17800][info ][safepoint] Safepoint "Cleanup", Time since last: 1002410300 ns, Reaching safepoint: 299500 ns, Cleanup: 21600 ns, At safepoint: 28700 ns, Total: 349800 ns
[2025-06-17T23:03:11.131+0300][6080][17800][debug][safepoint] Safepoint synchronization initiated using striped semaphore wait barrier. (32 threads)
[2025-06-17T23:03:11.131+0300][6080][17800][info ][safepoint] Safepoint "Cleanup", Time since last: 1006348800 ns, Reaching safepoint: 148900 ns, Cleanup: 38100 ns, At safepoint: 19600 ns, Total: 206600 ns
[2025-06-17T23:03:23.223+0300][6080][17800][debug][safepoint] Safepoint synchronization initiated using striped semaphore wait barrier. (32 threads)
[2025-06-17T23:03:23.223+0300][6080][17800][info ][safepoint] Safepoint "Cleanup", Time since last: 12091765400 ns, Reaching safepoint: 126000 ns, Cleanup: 31100 ns, At safepoint: 9900 ns, Total: 167000 ns
[2025-06-17T23:03:25.976+0300][6080][17800][debug][safepoint] Safepoint synchronization initiated using striped semaphore wait barrier. (32 threads)
[2025-06-17T23:03:25.976+0300][6080][5940 ][debug][safepoint] ... found polling page loop exception at pc = 0x000002dceac183db, stub =0x000002dce9e46600
[2025-06-17T23:03:25.976+0300][6080][17800][debug][gc,heap  ] GC(12) Heap before GC invocations=12 (full 2):
[2025-06-17T23:03:25.976+0300][6080][17800][debug][gc,heap  ] GC(12)  garbage-first heap   total 2097152K, used 1271399K [0x0000000080000000, 0x0000000100000000)
[2025-06-17T23:03:25.976+0300][6080][17800][debug][gc,heap  ] GC(12)   region size 1024K, 1228 young (1257472K), 3 survivors (3072K)
[2025-06-17T23:03:25.976+0300][6080][17800][debug][gc,heap  ] GC(12)  Metaspace       used 34357K, committed 35584K, reserved 1114112K
[2025-06-17T23:03:25.976+0300][6080][17800][debug][gc,heap  ] GC(12)   class space    used 2863K, committed 3328K, reserved 1048576K
[2025-06-17T23:03:25.976+0300][6080][17800][info ][gc,phases] GC(12)   Pre Evacuate Collection Set: 0.5ms
[2025-06-17T23:03:25.976+0300][6080][17800][debug][gc,phases] GC(12)     Pre Evacuate Prepare: 0.2ms
[2025-06-17T23:03:25.976+0300][6080][17800][debug][gc,phases] GC(12)       JT Retire TLABs And Flush Logs (ms): Min:  0.0, Avg:  0.0, Max:  0.0, Diff:  0.0, Sum:  0.0, Workers: 2
[2025-06-17T23:03:25.976+0300][6080][17800][debug][gc,phases] GC(12)       Non-JT Flush Logs (ms):        Min:  0.0, Avg:  0.0, Max:  0.0, Diff:  0.0, Sum:  0.0, Workers: 1
[2025-06-17T23:03:25.976+0300][6080][17800][debug][gc,phases] GC(12)     Choose Collection Set: 0.0ms
[2025-06-17T23:03:25.976+0300][6080][17800][debug][gc,phases] GC(12)     Region Register: 0.2ms
[2025-06-17T23:03:25.976+0300][6080][17800][debug][gc,phases] GC(12)     Prepare Heap Roots: 0.0ms
[2025-06-17T23:03:25.976+0300][6080][17800][info ][gc,phases] GC(12)   Merge Heap Roots: 0.2ms
[2025-06-17T23:03:25.976+0300][6080][17800][debug][gc,phases] GC(12)     Prepare Merge Heap Roots: 0.0ms
[2025-06-17T23:03:25.976+0300][6080][17800][debug][gc,phases] GC(12)     Remembered Sets (ms):          Min:  0.1, Avg:  0.1, Max:  0.1, Diff:  0.1, Sum:  0.7, Workers: 8
[2025-06-17T23:03:25.976+0300][6080][17800][debug][gc,phases] GC(12)       Eager Reclaim (ms):            skipped
[2025-06-17T23:03:25.976+0300][6080][17800][debug][gc,phases] GC(12)       Merged Inline                  Min: 0, Avg:  0.0, Max: 0, Diff: 0, Sum: 0, Workers: 8
[2025-06-17T23:03:25.976+0300][6080][17800][debug][gc,phases] GC(12)       Merged ArrayOfCards            Min: 0, Avg:  0.0, Max: 0, Diff: 0, Sum: 0, Workers: 8
[2025-06-17T23:03:25.976+0300][6080][17800][debug][gc,phases] GC(12)       Merged Howl                    Min: 0, Avg:  0.0, Max: 0, Diff: 0, Sum: 0, Workers: 8
[2025-06-17T23:03:25.976+0300][6080][17800][debug][gc,phases] GC(12)       Merged Full                    Min: 0, Avg:  0.0, Max: 0, Diff: 0, Sum: 0, Workers: 8
[2025-06-17T23:03:25.976+0300][6080][17800][debug][gc,phases] GC(12)       Merged Howl Inline             Min: 0, Avg:  0.0, Max: 0, Diff: 0, Sum: 0, Workers: 8
[2025-06-17T23:03:25.976+0300][6080][17800][debug][gc,phases] GC(12)       Merged Howl ArrayOfCards       Min: 0, Avg:  0.0, Max: 0, Diff: 0, Sum: 0, Workers: 8
[2025-06-17T23:03:25.976+0300][6080][17800][debug][gc,phases] GC(12)       Merged Howl BitMap             Min: 0, Avg:  0.0, Max: 0, Diff: 0, Sum: 0, Workers: 8
[2025-06-17T23:03:25.976+0300][6080][17800][debug][gc,phases] GC(12)       Merged Howl Full               Min: 0, Avg:  0.0, Max: 0, Diff: 0, Sum: 0, Workers: 8
[2025-06-17T23:03:25.976+0300][6080][17800][debug][gc,phases] GC(12)       Merged Cards                   Min: 8, Avg:  8.0, Max: 8, Diff: 0, Sum: 64, Workers: 8
[2025-06-17T23:03:25.976+0300][6080][17800][debug][gc,phases] GC(12)     Log Buffers (ms):              Min:  0.0, Avg:  0.0, Max:  0.0, Diff:  0.0, Sum:  0.0, Workers: 8
[2025-06-17T23:03:25.976+0300][6080][17800][debug][gc,phases] GC(12)       Dirty Cards:                   Min: 0, Avg: 61.1, Max: 251, Diff: 251, Sum: 489, Workers: 8
[2025-06-17T23:03:25.976+0300][6080][17800][debug][gc,phases] GC(12)       Skipped Cards:                 Min: 0, Avg:  0.0, Max: 0, Diff: 0, Sum: 0, Workers: 8
[2025-06-17T23:03:25.976+0300][6080][17800][info ][gc,phases] GC(12)   Evacuate Collection Set: 1.0ms
[2025-06-17T23:03:25.976+0300][6080][17800][debug][gc,phases] GC(12)     Ext Root Scanning (ms):        Min:  0.0, Avg:  0.1, Max:  0.2, Diff:  0.2, Sum:  0.6, Workers: 8
[2025-06-17T23:03:25.976+0300][6080][17800][debug][gc,phases] GC(12)     Scan Heap Roots (ms):          Min:  0.0, Avg:  0.1, Max:  0.2, Diff:  0.2, Sum:  0.6, Workers: 8
[2025-06-17T23:03:25.976+0300][6080][17800][debug][gc,phases] GC(12)       Scanned Cards:                 Min: 0, Avg: 59.4, Max: 106, Diff: 106, Sum: 475, Workers: 8
[2025-06-17T23:03:25.976+0300][6080][17800][debug][gc,phases] GC(12)       Scanned Blocks:                Min: 0, Avg: 30.4, Max: 47, Diff: 47, Sum: 243, Workers: 8
[2025-06-17T23:03:25.976+0300][6080][17800][debug][gc,phases] GC(12)       Claimed Chunks:                Min: 0, Avg: 18.6, Max: 30, Diff: 30, Sum: 149, Workers: 8
[2025-06-17T23:03:25.976+0300][6080][17800][debug][gc,phases] GC(12)       Found Roots:                   Min: 0, Avg: 251.5, Max: 934, Diff: 934, Sum: 2012, Workers: 8
[2025-06-17T23:03:25.976+0300][6080][17800][debug][gc,phases] GC(12)     Code Root Scan (ms):           Min:  0.1, Avg:  0.2, Max:  0.3, Diff:  0.3, Sum:  1.9, Workers: 8
[2025-06-17T23:03:25.976+0300][6080][17800][debug][gc,phases] GC(12)       Scanned Nmethods               Min: 0, Avg: 48.5, Max: 112, Diff: 112, Sum: 388, Workers: 8
[2025-06-17T23:03:25.976+0300][6080][17800][debug][gc,phases] GC(12)     Object Copy (ms):              Min:  0.1, Avg:  0.3, Max:  0.5, Diff:  0.4, Sum:  2.4, Workers: 8
[2025-06-17T23:03:25.976+0300][6080][17800][debug][gc,phases] GC(12)     Termination (ms):              Min:  0.0, Avg:  0.1, Max:  0.1, Diff:  0.1, Sum:  0.7, Workers: 8
[2025-06-17T23:03:25.976+0300][6080][17800][debug][gc,phases] GC(12)       Termination Attempts:          Min: 1, Avg:  1.0, Max: 1, Diff: 0, Sum: 8, Workers: 8
[2025-06-17T23:03:25.976+0300][6080][17800][debug][gc,phases] GC(12)     GC Worker Other (ms):          Min:  0.1, Avg:  0.1, Max:  0.1, Diff:  0.1, Sum:  0.8, Workers: 8
[2025-06-17T23:03:25.976+0300][6080][17800][debug][gc,phases] GC(12)     GC Worker Total (ms):          Min:  0.8, Avg:  0.9, Max:  1.0, Diff:  0.1, Sum:  7.0, Workers: 8
[2025-06-17T23:03:25.980+0300][6080][17800][info ][gc,phases] GC(12)   Post Evacuate Collection Set: 0.9ms
[2025-06-17T23:03:25.980+0300][6080][17800][debug][gc,phases] GC(12)     NMethod List Cleanup: 0.1ms
[2025-06-17T23:03:25.980+0300][6080][17800][debug][gc,phases] GC(12)     Reference Processing: 0.0ms
[2025-06-17T23:03:25.980+0300][6080][17800][debug][gc,phases] GC(12)     Weak Processing: 0.1ms
[2025-06-17T23:03:25.980+0300][6080][17800][debug][gc,phases] GC(12)       VM Weak                        Min:  0.0, Avg:  0.0, Max:  0.0, Diff:  0.0, Sum:  0.0, Workers: 8
[2025-06-17T23:03:25.980+0300][6080][17800][debug][gc,phases] GC(12)         Dead                           Min: 0, Avg:  0.0, Max: 0, Diff: 0, Sum: 0, Workers: 8
[2025-06-17T23:03:25.980+0300][6080][17800][debug][gc,phases] GC(12)         Total                          Min: 0, Avg: 49.2, Max: 337, Diff: 337, Sum: 394, Workers: 8
[2025-06-17T23:03:25.980+0300][6080][17800][debug][gc,phases] GC(12)       ObjectSynchronizer Weak        Min:  0.0, Avg:  0.0, Max:  0.0, Diff:  0.0, Sum:  0.0, Workers: 8
[2025-06-17T23:03:25.980+0300][6080][17800][debug][gc,phases] GC(12)         Dead                           Min: 0, Avg:  0.0, Max: 0, Diff: 0, Sum: 0, Workers: 8
[2025-06-17T23:03:25.980+0300][6080][17800][debug][gc,phases] GC(12)         Total                          Min: 0, Avg:  7.2, Max: 51, Diff: 51, Sum: 58, Workers: 8
[2025-06-17T23:03:25.980+0300][6080][17800][debug][gc,phases] GC(12)       JVMTI Tag Weak OopStorage      Min:  0.0, Avg:  0.0, Max:  0.0, Diff:  0.0, Sum:  0.0, Workers: 8
[2025-06-17T23:03:25.980+0300][6080][17800][debug][gc,phases] GC(12)         Dead                           Min: 0, Avg:  0.0, Max: 0, Diff: 0, Sum: 0, Workers: 8
[2025-06-17T23:03:25.980+0300][6080][17800][debug][gc,phases] GC(12)         Total                          Min: 0, Avg:  0.0, Max: 0, Diff: 0, Sum: 0, Workers: 8
[2025-06-17T23:03:25.980+0300][6080][17800][debug][gc,phases] GC(12)       StringTable Weak               Min:  0.0, Avg:  0.0, Max:  0.1, Diff:  0.0, Sum:  0.4, Workers: 8
[2025-06-17T23:03:25.980+0300][6080][17800][debug][gc,phases] GC(12)         Dead                           Min: 0, Avg:  0.0, Max: 0, Diff: 0, Sum: 0, Workers: 8
[2025-06-17T23:03:25.980+0300][6080][17800][debug][gc,phases] GC(12)         Total                          Min: 1280, Avg: 3491.4, Max: 6400, Diff: 5120, Sum: 27931, Workers: 8
[2025-06-17T23:03:25.980+0300][6080][17800][debug][gc,phases] GC(12)       ResolvedMethodTable Weak       Min:  0.0, Avg:  0.0, Max:  0.0, Diff:  0.0, Sum:  0.0, Workers: 8
[2025-06-17T23:03:25.980+0300][6080][17800][debug][gc,phases] GC(12)         Dead                           Min: 0, Avg:  0.0, Max: 0, Diff: 0, Sum: 0, Workers: 8
[2025-06-17T23:03:25.980+0300][6080][17800][debug][gc,phases] GC(12)         Total                          Min: 0, Avg: 220.9, Max: 320, Diff: 320, Sum: 1767, Workers: 8
[2025-06-17T23:03:25.980+0300][6080][17800][debug][gc,phases] GC(12)       JNI Weak                       Min:  0.0, Avg:  0.0, Max:  0.0, Diff:  0.0, Sum:  0.0, Workers: 8
[2025-06-17T23:03:25.980+0300][6080][17800][debug][gc,phases] GC(12)         Dead                           Min: 0, Avg:  0.0, Max: 0, Diff: 0, Sum: 0, Workers: 8
[2025-06-17T23:03:25.980+0300][6080][17800][debug][gc,phases] GC(12)         Total                          Min: 0, Avg:  0.0, Max: 0, Diff: 0, Sum: 0, Workers: 8
[2025-06-17T23:03:25.980+0300][6080][17800][debug][gc,phases] GC(12)       StringDedup Table Weak         Min:  0.0, Avg:  0.0, Max:  0.0, Diff:  0.0, Sum:  0.0, Workers: 8
[2025-06-17T23:03:25.980+0300][6080][17800][debug][gc,phases] GC(12)         Dead                           Min: 0, Avg:  0.0, Max: 0, Diff: 0, Sum: 0, Workers: 8
[2025-06-17T23:03:25.980+0300][6080][17800][debug][gc,phases] GC(12)         Total                          Min: 0, Avg:  0.0, Max: 0, Diff: 0, Sum: 0, Workers: 8
[2025-06-17T23:03:25.980+0300][6080][17800][debug][gc,phases] GC(12)       StringDedup Requests0 Weak     Min:  0.0, Avg:  0.0, Max:  0.0, Diff:  0.0, Sum:  0.0, Workers: 8
[2025-06-17T23:03:25.980+0300][6080][17800][debug][gc,phases] GC(12)         Dead                           Min: 0, Avg:  0.0, Max: 0, Diff: 0, Sum: 0, Workers: 8
[2025-06-17T23:03:25.980+0300][6080][17800][debug][gc,phases] GC(12)         Total                          Min: 0, Avg:  0.0, Max: 0, Diff: 0, Sum: 0, Workers: 8
[2025-06-17T23:03:25.980+0300][6080][17800][debug][gc,phases] GC(12)       StringDedup Requests1 Weak     Min:  0.0, Avg:  0.0, Max:  0.0, Diff:  0.0, Sum:  0.0, Workers: 8
[2025-06-17T23:03:25.980+0300][6080][17800][debug][gc,phases] GC(12)         Dead                           Min: 0, Avg:  0.0, Max: 0, Diff: 0, Sum: 0, Workers: 8
[2025-06-17T23:03:25.980+0300][6080][17800][debug][gc,phases] GC(12)         Total                          Min: 0, Avg:  0.0, Max: 0, Diff: 0, Sum: 0, Workers: 8
[2025-06-17T23:03:25.980+0300][6080][17800][debug][gc,phases] GC(12)       Weak JFR Old Object Samples    Min:  0.0, Avg:  0.0, Max:  0.0, Diff:  0.0, Sum:  0.0, Workers: 8
[2025-06-17T23:03:25.980+0300][6080][17800][debug][gc,phases] GC(12)         Dead                           Min: 0, Avg:  0.0, Max: 0, Diff: 0, Sum: 0, Workers: 8
[2025-06-17T23:03:25.980+0300][6080][17800][debug][gc,phases] GC(12)         Total                          Min: 0, Avg:  0.0, Max: 0, Diff: 0, Sum: 0, Workers: 8
[2025-06-17T23:03:25.980+0300][6080][17800][debug][gc,phases] GC(12)     Post Evacuate Cleanup 1: 0.3ms
[2025-06-17T23:03:25.980+0300][6080][17800][debug][gc,phases] GC(12)       Merge Per-Thread State (ms):   Min:  0.1, Avg:  0.1, Max:  0.1, Diff:  0.0, Sum:  0.1, Workers: 1
[2025-06-17T23:03:25.980+0300][6080][17800][debug][gc,phases] GC(12)         Copied Bytes                   Min: 16880, Avg: 288207.0, Max: 665120, Diff: 648240, Sum: 2305656, Workers: 8
[2025-06-17T23:03:25.980+0300][6080][17800][debug][gc,phases] GC(12)         LAB Waste                      Min: 0, Avg: 364.0, Max: 1912, Diff: 1912, Sum: 2912, Workers: 8
[2025-06-17T23:03:25.980+0300][6080][17800][debug][gc,phases] GC(12)         LAB Undo Waste                 Min: 0, Avg:  0.0, Max: 0, Diff: 0, Sum: 0, Workers: 8
[2025-06-17T23:03:25.980+0300][6080][17800][debug][gc,phases] GC(12)       Clear Logged Cards (ms):       Min:  0.0, Avg:  0.1, Max:  0.2, Diff:  0.2, Sum:  0.3, Workers: 5
[2025-06-17T23:03:25.980+0300][6080][17800][debug][gc,phases] GC(12)       Recalculate Used Memory (ms):  Min:  0.0, Avg:  0.0, Max:  0.0, Diff:  0.0, Sum:  0.0, Workers: 1
[2025-06-17T23:03:25.980+0300][6080][17800][debug][gc,phases] GC(12)     Post Evacuate Cleanup 2: 0.3ms
[2025-06-17T23:03:25.980+0300][6080][17800][debug][gc,phases] GC(12)       Update Derived Pointers (ms):  Min:  0.0, Avg:  0.0, Max:  0.0, Diff:  0.0, Sum:  0.0, Workers: 1
[2025-06-17T23:03:25.980+0300][6080][17800][debug][gc,phases] GC(12)       Eagerly Reclaim Humongous Objects (ms): skipped
[2025-06-17T23:03:25.980+0300][6080][17800][debug][gc,phases] GC(12)         Humongous Total                skipped
[2025-06-17T23:03:25.980+0300][6080][17800][debug][gc,phases] GC(12)         Humongous Candidates           skipped
[2025-06-17T23:03:25.980+0300][6080][17800][debug][gc,phases] GC(12)         Humongous Reclaimed            skipped
[2025-06-17T23:03:25.980+0300][6080][17800][debug][gc,phases] GC(12)       Redirty Logged Cards (ms):     Min:  0.0, Avg:  0.0, Max:  0.0, Diff:  0.0, Sum:  0.0, Workers: 8
[2025-06-17T23:03:25.980+0300][6080][17800][debug][gc,phases] GC(12)         Redirtied Cards:               Min: 0, Avg: 43.4, Max: 208, Diff: 208, Sum: 347, Workers: 8
[2025-06-17T23:03:25.980+0300][6080][17800][debug][gc,phases] GC(12)       Resize TLABs (ms):             Min:  0.0, Avg:  0.0, Max:  0.0, Diff:  0.0, Sum:  0.0, Workers: 8
[2025-06-17T23:03:25.980+0300][6080][17800][debug][gc,phases] GC(12)       Free Collection Set (ms):      Min:  0.0, Avg:  0.2, Max:  0.2, Diff:  0.2, Sum:  1.5, Workers: 8
[2025-06-17T23:03:25.980+0300][6080][17800][debug][gc,phases] GC(12)     Rebuild Free List: 0.1ms
[2025-06-17T23:03:25.980+0300][6080][17800][debug][gc,phases] GC(12)     Prepare For Mutator: 0.0ms
[2025-06-17T23:03:25.980+0300][6080][17800][debug][gc,phases] GC(12)     Expand Heap After Collection: 0.0ms
[2025-06-17T23:03:25.980+0300][6080][17800][info ][gc,phases] GC(12)   Other: 0.1ms
[2025-06-17T23:03:25.980+0300][6080][17800][info ][gc,heap  ] GC(12) Eden regions: 1225->0(1225)
[2025-06-17T23:03:25.980+0300][6080][17800][info ][gc,heap  ] GC(12) Survivor regions: 3->3(154)
[2025-06-17T23:03:25.980+0300][6080][17800][info ][gc,heap  ] GC(12) Old regions: 17->17
[2025-06-17T23:03:25.980+0300][6080][17800][info ][gc,heap  ] GC(12) Humongous regions: 0->0
[2025-06-17T23:03:25.980+0300][6080][17800][debug][gc,heap  ] GC(12) Heap after GC invocations=13 (full 2):
[2025-06-17T23:03:25.980+0300][6080][17800][debug][gc,heap  ] GC(12)  garbage-first heap   total 2097152K, used 16893K [0x0000000080000000, 0x0000000100000000)
[2025-06-17T23:03:25.980+0300][6080][17800][debug][gc,heap  ] GC(12)   region size 1024K, 3 young (3072K), 3 survivors (3072K)
[2025-06-17T23:03:25.980+0300][6080][17800][debug][gc,heap  ] GC(12)  Metaspace       used 34357K, committed 35584K, reserved 1114112K
[2025-06-17T23:03:25.980+0300][6080][17800][debug][gc,heap  ] GC(12)   class space    used 2863K, committed 3328K, reserved 1048576K
[2025-06-17T23:03:25.980+0300][6080][17800][info ][gc       ] GC(12) Pause Young (Normal) (G1 Evacuation Pause) 1241M->16M(2048M) 3.837ms
[2025-06-17T23:03:25.980+0300][6080][17800][info ][safepoint] Safepoint "G1CollectForAllocation", Time since last: 2753158200 ns, Reaching safepoint: 174600 ns, Cleanup: 20300 ns, At safepoint: 3874600 ns, Total: 4069500 ns
[2025-06-17T23:03:26.997+0300][6080][17800][debug][safepoint] Safepoint synchronization initiated using striped semaphore wait barrier. (32 threads)
[2025-06-17T23:03:26.997+0300][6080][17800][info ][safepoint] Safepoint "Cleanup", Time since last: 1016510600 ns, Reaching safepoint: 163400 ns, Cleanup: 43600 ns, At safepoint: 56600 ns, Total: 263600 ns
[2025-06-17T23:03:45.134+0300][6080][17800][debug][safepoint] Safepoint synchronization initiated using striped semaphore wait barrier. (32 threads)
[2025-06-17T23:03:45.134+0300][6080][17800][info ][safepoint] Safepoint "Cleanup", Time since last: 18137218700 ns, Reaching safepoint: 125100 ns, Cleanup: 30500 ns, At safepoint: 9800 ns, Total: 165400 ns
[2025-06-17T23:03:49.131+0300][6080][17800][debug][safepoint] Safepoint synchronization initiated using striped semaphore wait barrier. (32 threads)
[2025-06-17T23:03:49.131+0300][6080][17800][info ][safepoint] Safepoint "Cleanup", Time since last: 3996804100 ns, Reaching safepoint: 158800 ns, Cleanup: 34900 ns, At safepoint: 24600 ns, Total: 218300 ns
[2025-06-17T23:04:01.220+0300][6080][17800][debug][safepoint] Safepoint synchronization initiated using striped semaphore wait barrier. (32 threads)
[2025-06-17T23:04:01.220+0300][6080][17800][info ][safepoint] Safepoint "Cleanup", Time since last: 12088818600 ns, Reaching safepoint: 159900 ns, Cleanup: 37900 ns, At safepoint: 24000 ns, Total: 221800 ns
[2025-06-17T23:04:07.288+0300][6080][17800][debug][safepoint] Safepoint synchronization initiated using striped semaphore wait barrier. (32 threads)
[2025-06-17T23:04:07.288+0300][6080][5448 ][debug][safepoint] ... found polling page loop exception at pc = 0x000002dcea87aa37, stub =0x000002dce9e46600
[2025-06-17T23:04:07.288+0300][6080][17800][info ][safepoint] Safepoint "Cleanup", Time since last: 6067785800 ns, Reaching safepoint: 286000 ns, Cleanup: 33800 ns, At safepoint: 14800 ns, Total: 334600 ns
[2025-06-17T23:04:08.460+0300][6080][17800][debug][safepoint] Safepoint synchronization initiated using striped semaphore wait barrier. (32 threads)
[2025-06-17T23:04:08.461+0300][6080][15280][debug][safepoint] ... found polling page loop exception at pc = 0x000002dceac246f0, stub =0x000002dce9e45d80
[2025-06-17T23:04:08.461+0300][6080][10616][debug][safepoint] ... found polling page loop exception at pc = 0x000002dceac246f0, stub =0x000002dce9e45d80
[2025-06-17T23:04:08.461+0300][6080][17800][debug][gc,heap  ] GC(13) Heap before GC invocations=13 (full 2):
[2025-06-17T23:04:08.461+0300][6080][17800][debug][gc,heap  ] GC(13)  garbage-first heap   total 2097152K, used 1270269K [0x0000000080000000, 0x0000000100000000)
[2025-06-17T23:04:08.461+0300][6080][17800][debug][gc,heap  ] GC(13)   region size 1024K, 1228 young (1257472K), 3 survivors (3072K)
[2025-06-17T23:04:08.461+0300][6080][17800][debug][gc,heap  ] GC(13)  Metaspace       used 34368K, committed 35584K, reserved 1114112K
[2025-06-17T23:04:08.461+0300][6080][17800][debug][gc,heap  ] GC(13)   class space    used 2863K, committed 3328K, reserved 1048576K
[2025-06-17T23:04:08.464+0300][6080][17800][info ][gc,phases] GC(13)   Pre Evacuate Collection Set: 0.7ms
[2025-06-17T23:04:08.464+0300][6080][17800][debug][gc,phases] GC(13)     Pre Evacuate Prepare: 0.3ms
[2025-06-17T23:04:08.464+0300][6080][17800][debug][gc,phases] GC(13)       JT Retire TLABs And Flush Logs (ms): Min:  0.0, Avg:  0.0, Max:  0.0, Diff:  0.0, Sum:  0.0, Workers: 2
[2025-06-17T23:04:08.464+0300][6080][17800][debug][gc,phases] GC(13)       Non-JT Flush Logs (ms):        Min:  0.0, Avg:  0.0, Max:  0.0, Diff:  0.0, Sum:  0.0, Workers: 1
[2025-06-17T23:04:08.464+0300][6080][17800][debug][gc,phases] GC(13)     Choose Collection Set: 0.0ms
[2025-06-17T23:04:08.464+0300][6080][17800][debug][gc,phases] GC(13)     Region Register: 0.4ms
[2025-06-17T23:04:08.464+0300][6080][17800][debug][gc,phases] GC(13)     Prepare Heap Roots: 0.0ms
[2025-06-17T23:04:08.464+0300][6080][17800][info ][gc,phases] GC(13)   Merge Heap Roots: 0.5ms
[2025-06-17T23:04:08.464+0300][6080][17800][debug][gc,phases] GC(13)     Prepare Merge Heap Roots: 0.0ms
[2025-06-17T23:04:08.464+0300][6080][17800][debug][gc,phases] GC(13)     Remembered Sets (ms):          Min:  0.2, Avg:  0.2, Max:  0.2, Diff:  0.1, Sum:  1.5, Workers: 8
[2025-06-17T23:04:08.464+0300][6080][17800][debug][gc,phases] GC(13)       Eager Reclaim (ms):            skipped
[2025-06-17T23:04:08.464+0300][6080][17800][debug][gc,phases] GC(13)       Merged Inline                  Min: 0, Avg:  0.0, Max: 0, Diff: 0, Sum: 0, Workers: 8
[2025-06-17T23:04:08.464+0300][6080][17800][debug][gc,phases] GC(13)       Merged ArrayOfCards            Min: 0, Avg:  0.0, Max: 0, Diff: 0, Sum: 0, Workers: 8
[2025-06-17T23:04:08.464+0300][6080][17800][debug][gc,phases] GC(13)       Merged Howl                    Min: 0, Avg:  0.0, Max: 0, Diff: 0, Sum: 0, Workers: 8
[2025-06-17T23:04:08.464+0300][6080][17800][debug][gc,phases] GC(13)       Merged Full                    Min: 0, Avg:  0.0, Max: 0, Diff: 0, Sum: 0, Workers: 8
[2025-06-17T23:04:08.464+0300][6080][17800][debug][gc,phases] GC(13)       Merged Howl Inline             Min: 0, Avg:  0.0, Max: 0, Diff: 0, Sum: 0, Workers: 8
[2025-06-17T23:04:08.464+0300][6080][17800][debug][gc,phases] GC(13)       Merged Howl ArrayOfCards       Min: 0, Avg:  0.0, Max: 0, Diff: 0, Sum: 0, Workers: 8
[2025-06-17T23:04:08.464+0300][6080][17800][debug][gc,phases] GC(13)       Merged Howl BitMap             Min: 0, Avg:  0.0, Max: 0, Diff: 0, Sum: 0, Workers: 8
[2025-06-17T23:04:08.464+0300][6080][17800][debug][gc,phases] GC(13)       Merged Howl Full               Min: 0, Avg:  0.0, Max: 0, Diff: 0, Sum: 0, Workers: 8
[2025-06-17T23:04:08.464+0300][6080][17800][debug][gc,phases] GC(13)       Merged Cards                   Min: 8, Avg:  8.0, Max: 8, Diff: 0, Sum: 64, Workers: 8
[2025-06-17T23:04:08.464+0300][6080][17800][debug][gc,phases] GC(13)     Log Buffers (ms):              Min:  0.0, Avg:  0.0, Max:  0.0, Diff:  0.0, Sum:  0.0, Workers: 8
[2025-06-17T23:04:08.464+0300][6080][17800][debug][gc,phases] GC(13)       Dirty Cards:                   Min: 0, Avg: 62.8, Max: 339, Diff: 339, Sum: 502, Workers: 8
[2025-06-17T23:04:08.464+0300][6080][17800][debug][gc,phases] GC(13)       Skipped Cards:                 Min: 0, Avg:  0.0, Max: 0, Diff: 0, Sum: 0, Workers: 8
[2025-06-17T23:04:08.464+0300][6080][17800][info ][gc,phases] GC(13)   Evacuate Collection Set: 2.2ms
[2025-06-17T23:04:08.464+0300][6080][17800][debug][gc,phases] GC(13)     Ext Root Scanning (ms):        Min:  0.1, Avg:  0.2, Max:  0.4, Diff:  0.3, Sum:  1.9, Workers: 8
[2025-06-17T23:04:08.464+0300][6080][17800][debug][gc,phases] GC(13)     Scan Heap Roots (ms):          Min:  0.0, Avg:  0.2, Max:  0.3, Diff:  0.3, Sum:  1.3, Workers: 8
[2025-06-17T23:04:08.464+0300][6080][17800][debug][gc,phases] GC(13)       Scanned Cards:                 Min: 0, Avg: 59.5, Max: 118, Diff: 118, Sum: 476, Workers: 8
[2025-06-17T23:04:08.464+0300][6080][17800][debug][gc,phases] GC(13)       Scanned Blocks:                Min: 0, Avg: 30.2, Max: 51, Diff: 51, Sum: 242, Workers: 8
[2025-06-17T23:04:08.464+0300][6080][17800][debug][gc,phases] GC(13)       Claimed Chunks:                Min: 0, Avg: 18.6, Max: 37, Diff: 37, Sum: 149, Workers: 8
[2025-06-17T23:04:08.464+0300][6080][17800][debug][gc,phases] GC(13)       Found Roots:                   Min: 0, Avg: 269.6, Max: 983, Diff: 983, Sum: 2157, Workers: 8
[2025-06-17T23:04:08.464+0300][6080][17800][debug][gc,phases] GC(13)     Code Root Scan (ms):           Min:  0.2, Avg:  0.7, Max:  1.0, Diff:  0.8, Sum:  5.5, Workers: 8
[2025-06-17T23:04:08.464+0300][6080][17800][debug][gc,phases] GC(13)       Scanned Nmethods               Min: 0, Avg: 54.8, Max: 97, Diff: 97, Sum: 438, Workers: 8
[2025-06-17T23:04:08.464+0300][6080][17800][debug][gc,phases] GC(13)     Object Copy (ms):              Min:  0.5, Avg:  0.8, Max:  1.4, Diff:  1.0, Sum:  6.6, Workers: 8
[2025-06-17T23:04:08.464+0300][6080][17800][debug][gc,phases] GC(13)     Termination (ms):              Min:  0.0, Avg:  0.0, Max:  0.0, Diff:  0.0, Sum:  0.1, Workers: 8
[2025-06-17T23:04:08.464+0300][6080][17800][debug][gc,phases] GC(13)       Termination Attempts:          Min: 1, Avg:  1.0, Max: 1, Diff: 0, Sum: 8, Workers: 8
[2025-06-17T23:04:08.464+0300][6080][17800][debug][gc,phases] GC(13)     GC Worker Other (ms):          Min:  0.2, Avg:  0.2, Max:  0.2, Diff:  0.0, Sum:  1.8, Workers: 8
[2025-06-17T23:04:08.464+0300][6080][17800][debug][gc,phases] GC(13)     GC Worker Total (ms):          Min:  2.1, Avg:  2.1, Max:  2.2, Diff:  0.1, Sum: 17.1, Workers: 8
[2025-06-17T23:04:08.464+0300][6080][17800][info ][gc,phases] GC(13)   Post Evacuate Collection Set: 1.7ms
[2025-06-17T23:04:08.464+0300][6080][17800][debug][gc,phases] GC(13)     NMethod List Cleanup: 0.1ms
[2025-06-17T23:04:08.464+0300][6080][17800][debug][gc,phases] GC(13)     Reference Processing: 0.1ms
[2025-06-17T23:04:08.464+0300][6080][17800][debug][gc,phases] GC(13)     Weak Processing: 0.3ms
[2025-06-17T23:04:08.464+0300][6080][17800][debug][gc,phases] GC(13)       VM Weak                        Min:  0.0, Avg:  0.0, Max:  0.0, Diff:  0.0, Sum:  0.0, Workers: 8
[2025-06-17T23:04:08.464+0300][6080][17800][debug][gc,phases] GC(13)         Dead                           Min: 0, Avg:  0.0, Max: 0, Diff: 0, Sum: 0, Workers: 8
[2025-06-17T23:04:08.464+0300][6080][17800][debug][gc,phases] GC(13)         Total                          Min: 0, Avg: 49.2, Max: 386, Diff: 386, Sum: 394, Workers: 8
[2025-06-17T23:04:08.464+0300][6080][17800][debug][gc,phases] GC(13)       ObjectSynchronizer Weak        Min:  0.0, Avg:  0.0, Max:  0.0, Diff:  0.0, Sum:  0.0, Workers: 8
[2025-06-17T23:04:08.464+0300][6080][17800][debug][gc,phases] GC(13)         Dead                           Min: 0, Avg:  0.0, Max: 0, Diff: 0, Sum: 0, Workers: 8
[2025-06-17T23:04:08.464+0300][6080][17800][debug][gc,phases] GC(13)         Total                          Min: 0, Avg:  2.8, Max: 22, Diff: 22, Sum: 22, Workers: 8
[2025-06-17T23:04:08.464+0300][6080][17800][debug][gc,phases] GC(13)       JVMTI Tag Weak OopStorage      Min:  0.0, Avg:  0.0, Max:  0.0, Diff:  0.0, Sum:  0.0, Workers: 8
[2025-06-17T23:04:08.464+0300][6080][17800][debug][gc,phases] GC(13)         Dead                           Min: 0, Avg:  0.0, Max: 0, Diff: 0, Sum: 0, Workers: 8
[2025-06-17T23:04:08.464+0300][6080][17800][debug][gc,phases] GC(13)         Total                          Min: 0, Avg:  0.0, Max: 0, Diff: 0, Sum: 0, Workers: 8
[2025-06-17T23:04:08.464+0300][6080][17800][debug][gc,phases] GC(13)       StringTable Weak               Min:  0.1, Avg:  0.1, Max:  0.2, Diff:  0.1, Sum:  0.8, Workers: 8
[2025-06-17T23:04:08.464+0300][6080][17800][debug][gc,phases] GC(13)         Dead                           Min: 0, Avg:  0.0, Max: 0, Diff: 0, Sum: 0, Workers: 8
[2025-06-17T23:04:08.464+0300][6080][17800][debug][gc,phases] GC(13)         Total                          Min: 2368, Avg: 3491.4, Max: 6975, Diff: 4607, Sum: 27931, Workers: 8
[2025-06-17T23:04:08.464+0300][6080][17800][debug][gc,phases] GC(13)       ResolvedMethodTable Weak       Min:  0.0, Avg:  0.0, Max:  0.0, Diff:  0.0, Sum:  0.1, Workers: 8
[2025-06-17T23:04:08.464+0300][6080][17800][debug][gc,phases] GC(13)         Dead                           Min: 0, Avg:  0.0, Max: 0, Diff: 0, Sum: 0, Workers: 8
[2025-06-17T23:04:08.464+0300][6080][17800][debug][gc,phases] GC(13)         Total                          Min: 128, Avg: 220.9, Max: 256, Diff: 128, Sum: 1767, Workers: 8
[2025-06-17T23:04:08.464+0300][6080][17800][debug][gc,phases] GC(13)       JNI Weak                       Min:  0.0, Avg:  0.0, Max:  0.0, Diff:  0.0, Sum:  0.0, Workers: 8
[2025-06-17T23:04:08.464+0300][6080][17800][debug][gc,phases] GC(13)         Dead                           Min: 0, Avg:  0.0, Max: 0, Diff: 0, Sum: 0, Workers: 8
[2025-06-17T23:04:08.464+0300][6080][17800][debug][gc,phases] GC(13)         Total                          Min: 0, Avg:  0.0, Max: 0, Diff: 0, Sum: 0, Workers: 8
[2025-06-17T23:04:08.464+0300][6080][17800][debug][gc,phases] GC(13)       StringDedup Table Weak         Min:  0.0, Avg:  0.0, Max:  0.0, Diff:  0.0, Sum:  0.0, Workers: 8
[2025-06-17T23:04:08.464+0300][6080][17800][debug][gc,phases] GC(13)         Dead                           Min: 0, Avg:  0.0, Max: 0, Diff: 0, Sum: 0, Workers: 8
[2025-06-17T23:04:08.464+0300][6080][17800][debug][gc,phases] GC(13)         Total                          Min: 0, Avg:  0.0, Max: 0, Diff: 0, Sum: 0, Workers: 8
[2025-06-17T23:04:08.464+0300][6080][17800][debug][gc,phases] GC(13)       StringDedup Requests0 Weak     Min:  0.0, Avg:  0.0, Max:  0.0, Diff:  0.0, Sum:  0.0, Workers: 8
[2025-06-17T23:04:08.464+0300][6080][17800][debug][gc,phases] GC(13)         Dead                           Min: 0, Avg:  0.0, Max: 0, Diff: 0, Sum: 0, Workers: 8
[2025-06-17T23:04:08.464+0300][6080][17800][debug][gc,phases] GC(13)         Total                          Min: 0, Avg:  0.0, Max: 0, Diff: 0, Sum: 0, Workers: 8
[2025-06-17T23:04:08.464+0300][6080][17800][debug][gc,phases] GC(13)       StringDedup Requests1 Weak     Min:  0.0, Avg:  0.0, Max:  0.0, Diff:  0.0, Sum:  0.0, Workers: 8
[2025-06-17T23:04:08.464+0300][6080][17800][debug][gc,phases] GC(13)         Dead                           Min: 0, Avg:  0.0, Max: 0, Diff: 0, Sum: 0, Workers: 8
[2025-06-17T23:04:08.464+0300][6080][17800][debug][gc,phases] GC(13)         Total                          Min: 0, Avg:  0.0, Max: 0, Diff: 0, Sum: 0, Workers: 8
[2025-06-17T23:04:08.464+0300][6080][17800][debug][gc,phases] GC(13)       Weak JFR Old Object Samples    Min:  0.0, Avg:  0.0, Max:  0.0, Diff:  0.0, Sum:  0.0, Workers: 8
[2025-06-17T23:04:08.464+0300][6080][17800][debug][gc,phases] GC(13)         Dead                           Min: 0, Avg:  0.0, Max: 0, Diff: 0, Sum: 0, Workers: 8
[2025-06-17T23:04:08.464+0300][6080][17800][debug][gc,phases] GC(13)         Total                          Min: 0, Avg:  0.0, Max: 0, Diff: 0, Sum: 0, Workers: 8
[2025-06-17T23:04:08.464+0300][6080][17800][debug][gc,phases] GC(13)     Post Evacuate Cleanup 1: 0.5ms
[2025-06-17T23:04:08.464+0300][6080][17800][debug][gc,phases] GC(13)       Merge Per-Thread State (ms):   Min:  0.1, Avg:  0.1, Max:  0.1, Diff:  0.0, Sum:  0.1, Workers: 1
[2025-06-17T23:04:08.464+0300][6080][17800][debug][gc,phases] GC(13)         Copied Bytes                   Min: 60680, Avg: 293381.0, Max: 1012648, Diff: 951968, Sum: 2347048, Workers: 8
[2025-06-17T23:04:08.464+0300][6080][17800][debug][gc,phases] GC(13)         LAB Waste                      Min: 24, Avg: 565.0, Max: 1584, Diff: 1560, Sum: 4520, Workers: 8
[2025-06-17T23:04:08.464+0300][6080][17800][debug][gc,phases] GC(13)         LAB Undo Waste                 Min: 0, Avg:  0.0, Max: 0, Diff: 0, Sum: 0, Workers: 8
[2025-06-17T23:04:08.464+0300][6080][17800][debug][gc,phases] GC(13)       Clear Logged Cards (ms):       Min:  0.0, Avg:  0.1, Max:  0.3, Diff:  0.3, Sum:  0.6, Workers: 5
[2025-06-17T23:04:08.464+0300][6080][17800][debug][gc,phases] GC(13)       Recalculate Used Memory (ms):  Min:  0.0, Avg:  0.0, Max:  0.0, Diff:  0.0, Sum:  0.0, Workers: 1
[2025-06-17T23:04:08.464+0300][6080][17800][debug][gc,phases] GC(13)     Post Evacuate Cleanup 2: 0.5ms
[2025-06-17T23:04:08.464+0300][6080][17800][debug][gc,phases] GC(13)       Update Derived Pointers (ms):  Min:  0.0, Avg:  0.0, Max:  0.0, Diff:  0.0, Sum:  0.0, Workers: 1
[2025-06-17T23:04:08.464+0300][6080][17800][debug][gc,phases] GC(13)       Eagerly Reclaim Humongous Objects (ms): skipped
[2025-06-17T23:04:08.464+0300][6080][17800][debug][gc,phases] GC(13)         Humongous Total                skipped
[2025-06-17T23:04:08.464+0300][6080][17800][debug][gc,phases] GC(13)         Humongous Candidates           skipped
[2025-06-17T23:04:08.464+0300][6080][17800][debug][gc,phases] GC(13)         Humongous Reclaimed            skipped
[2025-06-17T23:04:08.464+0300][6080][17800][debug][gc,phases] GC(13)       Redirty Logged Cards (ms):     Min:  0.0, Avg:  0.0, Max:  0.0, Diff:  0.0, Sum:  0.0, Workers: 8
[2025-06-17T23:04:08.464+0300][6080][17800][debug][gc,phases] GC(13)         Redirtied Cards:               Min: 0, Avg: 47.0, Max: 376, Diff: 376, Sum: 376, Workers: 8
[2025-06-17T23:04:08.464+0300][6080][17800][debug][gc,phases] GC(13)       Resize TLABs (ms):             Min:  0.0, Avg:  0.0, Max:  0.0, Diff:  0.0, Sum:  0.0, Workers: 8
[2025-06-17T23:04:08.464+0300][6080][17800][debug][gc,phases] GC(13)       Free Collection Set (ms):      Min:  0.3, Avg:  0.3, Max:  0.3, Diff:  0.1, Sum:  2.3, Workers: 8
[2025-06-17T23:04:08.464+0300][6080][17800][debug][gc,phases] GC(13)     Rebuild Free List: 0.2ms
[2025-06-17T23:04:08.464+0300][6080][17800][debug][gc,phases] GC(13)     Prepare For Mutator: 0.0ms
[2025-06-17T23:04:08.464+0300][6080][17800][debug][gc,phases] GC(13)     Expand Heap After Collection: 0.0ms
[2025-06-17T23:04:08.464+0300][6080][17800][info ][gc,phases] GC(13)   Other: 0.2ms
[2025-06-17T23:04:08.464+0300][6080][17800][info ][gc,heap  ] GC(13) Eden regions: 1225->0(1225)
[2025-06-17T23:04:08.464+0300][6080][17800][info ][gc,heap  ] GC(13) Survivor regions: 3->3(154)
[2025-06-17T23:04:08.464+0300][6080][17800][info ][gc,heap  ] GC(13) Old regions: 17->17
[2025-06-17T23:04:08.464+0300][6080][17800][info ][gc,heap  ] GC(13) Humongous regions: 0->0
[2025-06-17T23:04:08.464+0300][6080][17800][debug][gc,heap  ] GC(13) Heap after GC invocations=14 (full 2):
[2025-06-17T23:04:08.464+0300][6080][17800][debug][gc,heap  ] GC(13)  garbage-first heap   total 2097152K, used 16593K [0x0000000080000000, 0x0000000100000000)
[2025-06-17T23:04:08.464+0300][6080][17800][debug][gc,heap  ] GC(13)   region size 1024K, 3 young (3072K), 3 survivors (3072K)
[2025-06-17T23:04:08.464+0300][6080][17800][debug][gc,heap  ] GC(13)  Metaspace       used 34368K, committed 35584K, reserved 1114112K
[2025-06-17T23:04:08.464+0300][6080][17800][debug][gc,heap  ] GC(13)   class space    used 2863K, committed 3328K, reserved 1048576K
[2025-06-17T23:04:08.464+0300][6080][17800][info ][gc       ] GC(13) Pause Young (Normal) (G1 Evacuation Pause) 1241M->16M(2048M) 7.371ms
[2025-06-17T23:04:08.464+0300][6080][17800][info ][safepoint] Safepoint "G1CollectForAllocation", Time since last: 1171514200 ns, Reaching safepoint: 421700 ns, Cleanup: 21600 ns, At safepoint: 7439000 ns, Total: 7882300 ns
[2025-06-17T23:04:40.722+0300][6080][17800][debug][safepoint] Safepoint synchronization initiated using striped semaphore wait barrier. (32 threads)
[2025-06-17T23:04:40.722+0300][6080][17800][info ][safepoint] Safepoint "Cleanup", Time since last: 32254301700 ns, Reaching safepoint: 160500 ns, Cleanup: 31500 ns, At safepoint: 8900 ns, Total: 200900 ns
[2025-06-17T23:04:48.348+0300][6080][19740][debug][safepoint] ... found polling page loop exception at pc = 0x000002dcea943ae2, stub =0x000002dce9e46600
[2025-06-17T23:04:50.368+0300][6080][17800][debug][safepoint] Safepoint synchronization initiated using striped semaphore wait barrier. (32 threads)
[2025-06-17T23:04:50.368+0300][6080][18644][debug][safepoint] ... found polling page loop exception at pc = 0x000002dceaa59a76, stub =0x000002dce9e46600
[2025-06-17T23:04:50.368+0300][6080][17800][debug][gc,heap  ] GC(14) Heap before GC invocations=14 (full 2):
[2025-06-17T23:04:50.368+0300][6080][17800][debug][gc,heap  ] GC(14)  garbage-first heap   total 2097152K, used 1270993K [0x0000000080000000, 0x0000000100000000)
[2025-06-17T23:04:50.368+0300][6080][17800][debug][gc,heap  ] GC(14)   region size 1024K, 1228 young (1257472K), 3 survivors (3072K)
[2025-06-17T23:04:50.368+0300][6080][17800][debug][gc,heap  ] GC(14)  Metaspace       used 34374K, committed 35584K, reserved 1114112K
[2025-06-17T23:04:50.368+0300][6080][17800][debug][gc,heap  ] GC(14)   class space    used 2863K, committed 3328K, reserved 1048576K
[2025-06-17T23:04:50.371+0300][6080][17800][info ][gc,phases] GC(14)   Pre Evacuate Collection Set: 0.3ms
[2025-06-17T23:04:50.371+0300][6080][17800][debug][gc,phases] GC(14)     Pre Evacuate Prepare: 0.1ms
[2025-06-17T23:04:50.371+0300][6080][17800][debug][gc,phases] GC(14)       JT Retire TLABs And Flush Logs (ms): Min:  0.0, Avg:  0.0, Max:  0.0, Diff:  0.0, Sum:  0.0, Workers: 2
[2025-06-17T23:04:50.371+0300][6080][17800][debug][gc,phases] GC(14)       Non-JT Flush Logs (ms):        Min:  0.0, Avg:  0.0, Max:  0.0, Diff:  0.0, Sum:  0.0, Workers: 1
[2025-06-17T23:04:50.371+0300][6080][17800][debug][gc,phases] GC(14)     Choose Collection Set: 0.0ms
[2025-06-17T23:04:50.371+0300][6080][17800][debug][gc,phases] GC(14)     Region Register: 0.2ms
[2025-06-17T23:04:50.371+0300][6080][17800][debug][gc,phases] GC(14)     Prepare Heap Roots: 0.0ms
[2025-06-17T23:04:50.371+0300][6080][17800][info ][gc,phases] GC(14)   Merge Heap Roots: 0.2ms
[2025-06-17T23:04:50.371+0300][6080][17800][debug][gc,phases] GC(14)     Prepare Merge Heap Roots: 0.0ms
[2025-06-17T23:04:50.371+0300][6080][17800][debug][gc,phases] GC(14)     Remembered Sets (ms):          Min:  0.0, Avg:  0.1, Max:  0.1, Diff:  0.1, Sum:  0.5, Workers: 8
[2025-06-17T23:04:50.371+0300][6080][17800][debug][gc,phases] GC(14)       Eager Reclaim (ms):            skipped
[2025-06-17T23:04:50.371+0300][6080][17800][debug][gc,phases] GC(14)       Merged Inline                  Min: 0, Avg:  0.0, Max: 0, Diff: 0, Sum: 0, Workers: 8
[2025-06-17T23:04:50.371+0300][6080][17800][debug][gc,phases] GC(14)       Merged ArrayOfCards            Min: 0, Avg:  0.0, Max: 0, Diff: 0, Sum: 0, Workers: 8
[2025-06-17T23:04:50.371+0300][6080][17800][debug][gc,phases] GC(14)       Merged Howl                    Min: 0, Avg:  0.0, Max: 0, Diff: 0, Sum: 0, Workers: 8
[2025-06-17T23:04:50.371+0300][6080][17800][debug][gc,phases] GC(14)       Merged Full                    Min: 0, Avg:  0.0, Max: 0, Diff: 0, Sum: 0, Workers: 8
[2025-06-17T23:04:50.371+0300][6080][17800][debug][gc,phases] GC(14)       Merged Howl Inline             Min: 0, Avg:  0.0, Max: 0, Diff: 0, Sum: 0, Workers: 8
[2025-06-17T23:04:50.371+0300][6080][17800][debug][gc,phases] GC(14)       Merged Howl ArrayOfCards       Min: 0, Avg:  0.0, Max: 0, Diff: 0, Sum: 0, Workers: 8
[2025-06-17T23:04:50.371+0300][6080][17800][debug][gc,phases] GC(14)       Merged Howl BitMap             Min: 0, Avg:  0.0, Max: 0, Diff: 0, Sum: 0, Workers: 8
[2025-06-17T23:04:50.371+0300][6080][17800][debug][gc,phases] GC(14)       Merged Howl Full               Min: 0, Avg:  0.0, Max: 0, Diff: 0, Sum: 0, Workers: 8
[2025-06-17T23:04:50.371+0300][6080][17800][debug][gc,phases] GC(14)       Merged Cards                   Min: 8, Avg:  8.0, Max: 8, Diff: 0, Sum: 64, Workers: 8
[2025-06-17T23:04:50.371+0300][6080][17800][debug][gc,phases] GC(14)     Log Buffers (ms):              Min:  0.0, Avg:  0.0, Max:  0.0, Diff:  0.0, Sum:  0.0, Workers: 8
[2025-06-17T23:04:50.371+0300][6080][17800][debug][gc,phases] GC(14)       Dirty Cards:                   Min: 0, Avg: 61.9, Max: 253, Diff: 253, Sum: 495, Workers: 8
[2025-06-17T23:04:50.371+0300][6080][17800][debug][gc,phases] GC(14)       Skipped Cards:                 Min: 0, Avg:  0.0, Max: 0, Diff: 0, Sum: 0, Workers: 8
[2025-06-17T23:04:50.371+0300][6080][17800][info ][gc,phases] GC(14)   Evacuate Collection Set: 1.2ms
[2025-06-17T23:04:50.371+0300][6080][17800][debug][gc,phases] GC(14)     Ext Root Scanning (ms):        Min:  0.0, Avg:  0.1, Max:  0.2, Diff:  0.2, Sum:  0.6, Workers: 8
[2025-06-17T23:04:50.371+0300][6080][17800][debug][gc,phases] GC(14)     Scan Heap Roots (ms):          Min:  0.0, Avg:  0.1, Max:  0.1, Diff:  0.1, Sum:  0.5, Workers: 8
[2025-06-17T23:04:50.371+0300][6080][17800][debug][gc,phases] GC(14)       Scanned Cards:                 Min: 0, Avg: 59.6, Max: 113, Diff: 113, Sum: 477, Workers: 8
[2025-06-17T23:04:50.371+0300][6080][17800][debug][gc,phases] GC(14)       Scanned Blocks:                Min: 0, Avg: 30.1, Max: 62, Diff: 62, Sum: 241, Workers: 8
[2025-06-17T23:04:50.371+0300][6080][17800][debug][gc,phases] GC(14)       Claimed Chunks:                Min: 0, Avg: 18.8, Max: 33, Diff: 33, Sum: 150, Workers: 8
[2025-06-17T23:04:50.371+0300][6080][17800][debug][gc,phases] GC(14)       Found Roots:                   Min: 0, Avg: 262.1, Max: 850, Diff: 850, Sum: 2097, Workers: 8
[2025-06-17T23:04:50.371+0300][6080][17800][debug][gc,phases] GC(14)     Code Root Scan (ms):           Min:  0.0, Avg:  0.2, Max:  0.4, Diff:  0.4, Sum:  2.0, Workers: 8
[2025-06-17T23:04:50.371+0300][6080][17800][debug][gc,phases] GC(14)       Scanned Nmethods               Min: 0, Avg: 61.8, Max: 127, Diff: 127, Sum: 494, Workers: 8
[2025-06-17T23:04:50.371+0300][6080][17800][debug][gc,phases] GC(14)     Object Copy (ms):              Min:  0.0, Avg:  0.3, Max:  0.5, Diff:  0.5, Sum:  2.2, Workers: 8
[2025-06-17T23:04:50.371+0300][6080][17800][debug][gc,phases] GC(14)     Termination (ms):              Min:  0.0, Avg:  0.1, Max:  0.2, Diff:  0.2, Sum:  1.1, Workers: 8
[2025-06-17T23:04:50.371+0300][6080][17800][debug][gc,phases] GC(14)       Termination Attempts:          Min: 1, Avg:  1.0, Max: 1, Diff: 0, Sum: 8, Workers: 8
[2025-06-17T23:04:50.371+0300][6080][17800][debug][gc,phases] GC(14)     GC Worker Other (ms):          Min:  0.1, Avg:  0.2, Max:  0.9, Diff:  0.8, Sum:  1.7, Workers: 8
[2025-06-17T23:04:50.371+0300][6080][17800][debug][gc,phases] GC(14)     GC Worker Total (ms):          Min:  1.0, Avg:  1.0, Max:  1.1, Diff:  0.1, Sum:  8.1, Workers: 8
[2025-06-17T23:04:50.371+0300][6080][17800][info ][gc,phases] GC(14)   Post Evacuate Collection Set: 0.9ms
[2025-06-17T23:04:50.371+0300][6080][17800][debug][gc,phases] GC(14)     NMethod List Cleanup: 0.0ms
[2025-06-17T23:04:50.371+0300][6080][17800][debug][gc,phases] GC(14)     Reference Processing: 0.0ms
[2025-06-17T23:04:50.371+0300][6080][17800][debug][gc,phases] GC(14)     Weak Processing: 0.1ms
[2025-06-17T23:04:50.371+0300][6080][17800][debug][gc,phases] GC(14)       VM Weak                        Min:  0.0, Avg:  0.0, Max:  0.0, Diff:  0.0, Sum:  0.0, Workers: 8
[2025-06-17T23:04:50.371+0300][6080][17800][debug][gc,phases] GC(14)         Dead                           Min: 0, Avg:  0.0, Max: 0, Diff: 0, Sum: 0, Workers: 8
[2025-06-17T23:04:50.371+0300][6080][17800][debug][gc,phases] GC(14)         Total                          Min: 0, Avg: 49.2, Max: 329, Diff: 329, Sum: 394, Workers: 8
[2025-06-17T23:04:50.371+0300][6080][17800][debug][gc,phases] GC(14)       ObjectSynchronizer Weak        Min:  0.0, Avg:  0.0, Max:  0.0, Diff:  0.0, Sum:  0.0, Workers: 8
[2025-06-17T23:04:50.371+0300][6080][17800][debug][gc,phases] GC(14)         Dead                           Min: 0, Avg:  0.0, Max: 0, Diff: 0, Sum: 0, Workers: 8
[2025-06-17T23:04:50.371+0300][6080][17800][debug][gc,phases] GC(14)         Total                          Min: 0, Avg:  2.1, Max: 17, Diff: 17, Sum: 17, Workers: 8
[2025-06-17T23:04:50.371+0300][6080][17800][debug][gc,phases] GC(14)       JVMTI Tag Weak OopStorage      Min:  0.0, Avg:  0.0, Max:  0.0, Diff:  0.0, Sum:  0.0, Workers: 8
[2025-06-17T23:04:50.371+0300][6080][17800][debug][gc,phases] GC(14)         Dead                           Min: 0, Avg:  0.0, Max: 0, Diff: 0, Sum: 0, Workers: 8
[2025-06-17T23:04:50.371+0300][6080][17800][debug][gc,phases] GC(14)         Total                          Min: 0, Avg:  0.0, Max: 0, Diff: 0, Sum: 0, Workers: 8
[2025-06-17T23:04:50.371+0300][6080][17800][debug][gc,phases] GC(14)       StringTable Weak               Min:  0.0, Avg:  0.0, Max:  0.1, Diff:  0.1, Sum:  0.4, Workers: 8
[2025-06-17T23:04:50.371+0300][6080][17800][debug][gc,phases] GC(14)         Dead                           Min: 0, Avg:  0.0, Max: 0, Diff: 0, Sum: 0, Workers: 8
[2025-06-17T23:04:50.371+0300][6080][17800][debug][gc,phases] GC(14)         Total                          Min: 1280, Avg: 3493.0, Max: 6208, Diff: 4928, Sum: 27944, Workers: 8
[2025-06-17T23:04:50.371+0300][6080][17800][debug][gc,phases] GC(14)       ResolvedMethodTable Weak       Min:  0.0, Avg:  0.0, Max:  0.0, Diff:  0.0, Sum:  0.0, Workers: 8
[2025-06-17T23:04:50.371+0300][6080][17800][debug][gc,phases] GC(14)         Dead                           Min: 0, Avg:  0.0, Max: 0, Diff: 0, Sum: 0, Workers: 8
[2025-06-17T23:04:50.371+0300][6080][17800][debug][gc,phases] GC(14)         Total                          Min: 39, Avg: 220.9, Max: 320, Diff: 281, Sum: 1767, Workers: 8
[2025-06-17T23:04:50.371+0300][6080][17800][debug][gc,phases] GC(14)       JNI Weak                       Min:  0.0, Avg:  0.0, Max:  0.0, Diff:  0.0, Sum:  0.0, Workers: 8
[2025-06-17T23:04:50.371+0300][6080][17800][debug][gc,phases] GC(14)         Dead                           Min: 0, Avg:  0.0, Max: 0, Diff: 0, Sum: 0, Workers: 8
[2025-06-17T23:04:50.371+0300][6080][17800][debug][gc,phases] GC(14)         Total                          Min: 0, Avg:  0.0, Max: 0, Diff: 0, Sum: 0, Workers: 8
[2025-06-17T23:04:50.371+0300][6080][17800][debug][gc,phases] GC(14)       StringDedup Table Weak         Min:  0.0, Avg:  0.0, Max:  0.0, Diff:  0.0, Sum:  0.0, Workers: 8
[2025-06-17T23:04:50.371+0300][6080][17800][debug][gc,phases] GC(14)         Dead                           Min: 0, Avg:  0.0, Max: 0, Diff: 0, Sum: 0, Workers: 8
[2025-06-17T23:04:50.371+0300][6080][17800][debug][gc,phases] GC(14)         Total                          Min: 0, Avg:  0.0, Max: 0, Diff: 0, Sum: 0, Workers: 8
[2025-06-17T23:04:50.371+0300][6080][17800][debug][gc,phases] GC(14)       StringDedup Requests0 Weak     Min:  0.0, Avg:  0.0, Max:  0.0, Diff:  0.0, Sum:  0.0, Workers: 8
[2025-06-17T23:04:50.371+0300][6080][17800][debug][gc,phases] GC(14)         Dead                           Min: 0, Avg:  0.0, Max: 0, Diff: 0, Sum: 0, Workers: 8
[2025-06-17T23:04:50.371+0300][6080][17800][debug][gc,phases] GC(14)         Total                          Min: 0, Avg:  0.0, Max: 0, Diff: 0, Sum: 0, Workers: 8
[2025-06-17T23:04:50.371+0300][6080][17800][debug][gc,phases] GC(14)       StringDedup Requests1 Weak     Min:  0.0, Avg:  0.0, Max:  0.0, Diff:  0.0, Sum:  0.0, Workers: 8
[2025-06-17T23:04:50.371+0300][6080][17800][debug][gc,phases] GC(14)         Dead                           Min: 0, Avg:  0.0, Max: 0, Diff: 0, Sum: 0, Workers: 8
[2025-06-17T23:04:50.371+0300][6080][17800][debug][gc,phases] GC(14)         Total                          Min: 0, Avg:  0.0, Max: 0, Diff: 0, Sum: 0, Workers: 8
[2025-06-17T23:04:50.371+0300][6080][17800][debug][gc,phases] GC(14)       Weak JFR Old Object Samples    Min:  0.0, Avg:  0.0, Max:  0.0, Diff:  0.0, Sum:  0.0, Workers: 8
[2025-06-17T23:04:50.371+0300][6080][17800][debug][gc,phases] GC(14)         Dead                           Min: 0, Avg:  0.0, Max: 0, Diff: 0, Sum: 0, Workers: 8
[2025-06-17T23:04:50.371+0300][6080][17800][debug][gc,phases] GC(14)         Total                          Min: 0, Avg:  0.0, Max: 0, Diff: 0, Sum: 0, Workers: 8
[2025-06-17T23:04:50.371+0300][6080][17800][debug][gc,phases] GC(14)     Post Evacuate Cleanup 1: 0.3ms
[2025-06-17T23:04:50.371+0300][6080][17800][debug][gc,phases] GC(14)       Merge Per-Thread State (ms):   Min:  0.0, Avg:  0.0, Max:  0.0, Diff:  0.0, Sum:  0.0, Workers: 1
[2025-06-17T23:04:50.371+0300][6080][17800][debug][gc,phases] GC(14)         Copied Bytes                   Min: 0, Avg: 292629.0, Max: 1206744, Diff: 1206744, Sum: 2341032, Workers: 8
[2025-06-17T23:04:50.371+0300][6080][17800][debug][gc,phases] GC(14)         LAB Waste                      Min: 0, Avg: 496.0, Max: 1624, Diff: 1624, Sum: 3968, Workers: 8
[2025-06-17T23:04:50.371+0300][6080][17800][debug][gc,phases] GC(14)         LAB Undo Waste                 Min: 0, Avg:  0.0, Max: 0, Diff: 0, Sum: 0, Workers: 8
[2025-06-17T23:04:50.371+0300][6080][17800][debug][gc,phases] GC(14)       Clear Logged Cards (ms):       Min:  0.0, Avg:  0.1, Max:  0.2, Diff:  0.2, Sum:  0.4, Workers: 5
[2025-06-17T23:04:50.371+0300][6080][17800][debug][gc,phases] GC(14)       Recalculate Used Memory (ms):  Min:  0.0, Avg:  0.0, Max:  0.0, Diff:  0.0, Sum:  0.0, Workers: 1
[2025-06-17T23:04:50.371+0300][6080][17800][debug][gc,phases] GC(14)     Post Evacuate Cleanup 2: 0.3ms
[2025-06-17T23:04:50.371+0300][6080][17800][debug][gc,phases] GC(14)       Update Derived Pointers (ms):  Min:  0.0, Avg:  0.0, Max:  0.0, Diff:  0.0, Sum:  0.0, Workers: 1
[2025-06-17T23:04:50.371+0300][6080][17800][debug][gc,phases] GC(14)       Eagerly Reclaim Humongous Objects (ms): skipped
[2025-06-17T23:04:50.371+0300][6080][17800][debug][gc,phases] GC(14)         Humongous Total                skipped
[2025-06-17T23:04:50.371+0300][6080][17800][debug][gc,phases] GC(14)         Humongous Candidates           skipped
[2025-06-17T23:04:50.371+0300][6080][17800][debug][gc,phases] GC(14)         Humongous Reclaimed            skipped
[2025-06-17T23:04:50.371+0300][6080][17800][debug][gc,phases] GC(14)       Redirty Logged Cards (ms):     Min:  0.0, Avg:  0.0, Max:  0.0, Diff:  0.0, Sum:  0.0, Workers: 8
[2025-06-17T23:04:50.371+0300][6080][17800][debug][gc,phases] GC(14)         Redirtied Cards:               Min: 0, Avg: 43.6, Max: 216, Diff: 216, Sum: 349, Workers: 8
[2025-06-17T23:04:50.371+0300][6080][17800][debug][gc,phases] GC(14)       Resize TLABs (ms):             Min:  0.0, Avg:  0.0, Max:  0.0, Diff:  0.0, Sum:  0.0, Workers: 8
[2025-06-17T23:04:50.371+0300][6080][17800][debug][gc,phases] GC(14)       Free Collection Set (ms):      Min:  0.0, Avg:  0.2, Max:  0.2, Diff:  0.2, Sum:  1.4, Workers: 8
[2025-06-17T23:04:50.371+0300][6080][17800][debug][gc,phases] GC(14)     Rebuild Free List: 0.1ms
[2025-06-17T23:04:50.371+0300][6080][17800][debug][gc,phases] GC(14)     Prepare For Mutator: 0.0ms
[2025-06-17T23:04:50.371+0300][6080][17800][debug][gc,phases] GC(14)     Expand Heap After Collection: 0.0ms
[2025-06-17T23:04:50.371+0300][6080][17800][info ][gc,phases] GC(14)   Other: 0.1ms
[2025-06-17T23:04:50.371+0300][6080][17800][info ][gc,heap  ] GC(14) Eden regions: 1225->0(1225)
[2025-06-17T23:04:50.371+0300][6080][17800][info ][gc,heap  ] GC(14) Survivor regions: 3->3(154)
[2025-06-17T23:04:50.371+0300][6080][17800][info ][gc,heap  ] GC(14) Old regions: 17->17
[2025-06-17T23:04:50.371+0300][6080][17800][info ][gc,heap  ] GC(14) Humongous regions: 0->0
[2025-06-17T23:04:50.371+0300][6080][17800][debug][gc,heap  ] GC(14) Heap after GC invocations=15 (full 2):
[2025-06-17T23:04:50.371+0300][6080][17800][debug][gc,heap  ] GC(14)  garbage-first heap   total 2097152K, used 17038K [0x0000000080000000, 0x0000000100000000)
[2025-06-17T23:04:50.371+0300][6080][17800][debug][gc,heap  ] GC(14)   region size 1024K, 3 young (3072K), 3 survivors (3072K)
[2025-06-17T23:04:50.371+0300][6080][17800][debug][gc,heap  ] GC(14)  Metaspace       used 34374K, committed 35584K, reserved 1114112K
[2025-06-17T23:04:50.371+0300][6080][17800][debug][gc,heap  ] GC(14)   class space    used 2863K, committed 3328K, reserved 1048576K
[2025-06-17T23:04:50.371+0300][6080][17800][info ][gc       ] GC(14) Pause Young (Normal) (G1 Evacuation Pause) 1241M->16M(2048M) 4.417ms
[2025-06-17T23:04:50.371+0300][6080][17800][info ][safepoint] Safepoint "G1CollectForAllocation", Time since last: 9645236000 ns, Reaching safepoint: 189400 ns, Cleanup: 10800 ns, At safepoint: 4468500 ns, Total: 4668700 ns
[2025-06-17T23:04:52.396+0300][6080][17800][debug][safepoint] Safepoint synchronization initiated using striped semaphore wait barrier. (32 threads)
[2025-06-17T23:04:52.396+0300][6080][19724][debug][safepoint] ... found polling page loop exception at pc = 0x000002dceae65e21, stub =0x000002dce9e46600
[2025-06-17T23:04:52.396+0300][6080][17800][info ][safepoint] Safepoint "Cleanup", Time since last: 2023496900 ns, Reaching safepoint: 231200 ns, Cleanup: 28000 ns, At safepoint: 10800 ns, Total: 270000 ns
[2025-06-17T23:05:06.724+0300][6080][17800][debug][safepoint] Safepoint synchronization initiated using striped semaphore wait barrier. (24 threads)
[2025-06-17T23:05:06.724+0300][6080][17800][debug][gc,heap  ] GC(15) Heap before GC invocations=15 (full 2):
[2025-06-17T23:05:06.724+0300][6080][17800][debug][gc,heap  ] GC(15)  garbage-first heap   total 2097152K, used 490126K [0x0000000080000000, 0x0000000100000000)
[2025-06-17T23:05:06.724+0300][6080][17800][debug][gc,heap  ] GC(15)   region size 1024K, 467 young (478208K), 3 survivors (3072K)
[2025-06-17T23:05:06.724+0300][6080][17800][debug][gc,heap  ] GC(15)  Metaspace       used 34390K, committed 35584K, reserved 1114112K
[2025-06-17T23:05:06.724+0300][6080][17800][debug][gc,heap  ] GC(15)   class space    used 2864K, committed 3328K, reserved 1048576K
[2025-06-17T23:05:06.733+0300][6080][17800][debug][gc,phases] GC(15) Phase 1: Reference Processing 0.319ms
[2025-06-17T23:05:06.733+0300][6080][17800][debug][gc,phases] GC(15)   VM Weak                        Min:  0.0, Avg:  0.0, Max:  0.0, Diff:  0.0, Sum:  0.0, Workers: 8
[2025-06-17T23:05:06.733+0300][6080][17800][debug][gc,phases] GC(15)     Dead                           Min: 0, Avg:  5.8, Max: 31, Diff: 31, Sum: 46, Workers: 8
[2025-06-17T23:05:06.733+0300][6080][17800][debug][gc,phases] GC(15)     Total                          Min: 0, Avg: 49.4, Max: 323, Diff: 323, Sum: 395, Workers: 8
[2025-06-17T23:05:06.733+0300][6080][17800][debug][gc,phases] GC(15)   ObjectSynchronizer Weak        Min:  0.0, Avg:  0.0, Max:  0.0, Diff:  0.0, Sum:  0.0, Workers: 8
[2025-06-17T23:05:06.733+0300][6080][17800][debug][gc,phases] GC(15)     Dead                           Min: 0, Avg:  2.0, Max: 16, Diff: 16, Sum: 16, Workers: 8
[2025-06-17T23:05:06.733+0300][6080][17800][debug][gc,phases] GC(15)     Total                          Min: 0, Avg:  4.1, Max: 33, Diff: 33, Sum: 33, Workers: 8
[2025-06-17T23:05:06.733+0300][6080][17800][debug][gc,phases] GC(15)   JVMTI Tag Weak OopStorage      Min:  0.0, Avg:  0.0, Max:  0.0, Diff:  0.0, Sum:  0.0, Workers: 8
[2025-06-17T23:05:06.733+0300][6080][17800][debug][gc,phases] GC(15)     Dead                           Min: 0, Avg:  0.0, Max: 0, Diff: 0, Sum: 0, Workers: 8
[2025-06-17T23:05:06.733+0300][6080][17800][debug][gc,phases] GC(15)     Total                          Min: 0, Avg:  0.0, Max: 0, Diff: 0, Sum: 0, Workers: 8
[2025-06-17T23:05:06.733+0300][6080][17800][debug][gc,phases] GC(15)   StringTable Weak               Min:  0.0, Avg:  0.0, Max:  0.1, Diff:  0.1, Sum:  0.3, Workers: 8
[2025-06-17T23:05:06.733+0300][6080][17800][debug][gc,phases] GC(15)     Dead                           Min: 0, Avg: 161.2, Max: 296, Diff: 296, Sum: 1290, Workers: 8
[2025-06-17T23:05:06.733+0300][6080][17800][debug][gc,phases] GC(15)     Total                          Min: 0, Avg: 3493.0, Max: 5757, Diff: 5757, Sum: 27944, Workers: 8
[2025-06-17T23:05:06.733+0300][6080][17800][debug][gc,phases] GC(15)   ResolvedMethodTable Weak       Min:  0.0, Avg:  0.0, Max:  0.0, Diff:  0.0, Sum:  0.0, Workers: 8
[2025-06-17T23:05:06.733+0300][6080][17800][debug][gc,phases] GC(15)     Dead                           Min: 0, Avg:  9.2, Max: 41, Diff: 41, Sum: 74, Workers: 8
[2025-06-17T23:05:06.733+0300][6080][17800][debug][gc,phases] GC(15)     Total                          Min: 0, Avg: 221.1, Max: 320, Diff: 320, Sum: 1769, Workers: 8
[2025-06-17T23:05:06.733+0300][6080][17800][debug][gc,phases] GC(15)   JNI Weak                       Min:  0.0, Avg:  0.0, Max:  0.0, Diff:  0.0, Sum:  0.0, Workers: 8
[2025-06-17T23:05:06.733+0300][6080][17800][debug][gc,phases] GC(15)     Dead                           Min: 0, Avg:  0.0, Max: 0, Diff: 0, Sum: 0, Workers: 8
[2025-06-17T23:05:06.733+0300][6080][17800][debug][gc,phases] GC(15)     Total                          Min: 0, Avg:  0.1, Max: 1, Diff: 1, Sum: 1, Workers: 8
[2025-06-17T23:05:06.733+0300][6080][17800][debug][gc,phases] GC(15)   StringDedup Table Weak         Min:  0.0, Avg:  0.0, Max:  0.0, Diff:  0.0, Sum:  0.0, Workers: 8
[2025-06-17T23:05:06.733+0300][6080][17800][debug][gc,phases] GC(15)     Dead                           Min: 0, Avg:  0.0, Max: 0, Diff: 0, Sum: 0, Workers: 8
[2025-06-17T23:05:06.733+0300][6080][17800][debug][gc,phases] GC(15)     Total                          Min: 0, Avg:  0.0, Max: 0, Diff: 0, Sum: 0, Workers: 8
[2025-06-17T23:05:06.733+0300][6080][17800][debug][gc,phases] GC(15)   StringDedup Requests0 Weak     Min:  0.0, Avg:  0.0, Max:  0.0, Diff:  0.0, Sum:  0.0, Workers: 8
[2025-06-17T23:05:06.733+0300][6080][17800][debug][gc,phases] GC(15)     Dead                           Min: 0, Avg:  0.0, Max: 0, Diff: 0, Sum: 0, Workers: 8
[2025-06-17T23:05:06.733+0300][6080][17800][debug][gc,phases] GC(15)     Total                          Min: 0, Avg:  0.0, Max: 0, Diff: 0, Sum: 0, Workers: 8
[2025-06-17T23:05:06.733+0300][6080][17800][debug][gc,phases] GC(15)   StringDedup Requests1 Weak     Min:  0.0, Avg:  0.0, Max:  0.0, Diff:  0.0, Sum:  0.0, Workers: 8
[2025-06-17T23:05:06.733+0300][6080][17800][debug][gc,phases] GC(15)     Dead                           Min: 0, Avg:  0.0, Max: 0, Diff: 0, Sum: 0, Workers: 8
[2025-06-17T23:05:06.733+0300][6080][17800][debug][gc,phases] GC(15)     Total                          Min: 0, Avg:  0.0, Max: 0, Diff: 0, Sum: 0, Workers: 8
[2025-06-17T23:05:06.733+0300][6080][17800][debug][gc,phases] GC(15)   Weak JFR Old Object Samples    Min:  0.0, Avg:  0.0, Max:  0.0, Diff:  0.0, Sum:  0.0, Workers: 8
[2025-06-17T23:05:06.733+0300][6080][17800][debug][gc,phases] GC(15)     Dead                           Min: 0, Avg:  0.0, Max: 0, Diff: 0, Sum: 0, Workers: 8
[2025-06-17T23:05:06.733+0300][6080][17800][debug][gc,phases] GC(15)     Total                          Min: 0, Avg:  0.0, Max: 0, Diff: 0, Sum: 0, Workers: 8
[2025-06-17T23:05:06.733+0300][6080][17800][debug][gc,phases] GC(15) Phase 1: Weak Processing 0.382ms
[2025-06-17T23:05:06.733+0300][6080][17800][debug][gc,phases] GC(15) ClassLoaderData 0.210ms
[2025-06-17T23:05:06.733+0300][6080][17800][debug][gc,phases] GC(15) Trigger cleanups 0.005ms
[2025-06-17T23:05:06.740+0300][6080][17800][debug][gc,phases] GC(15) G1 Complete Cleaning 12.937ms
[2025-06-17T23:05:06.740+0300][6080][17800][debug][gc,phases] GC(15) Purge Unlinked NMethods 1.574ms
[2025-06-17T23:05:06.740+0300][6080][17800][debug][gc,phases] GC(15) Unregister NMethods 1.257ms
[2025-06-17T23:05:06.740+0300][6080][17800][debug][gc,phases] GC(15) Free Code Blobs 0.358ms
[2025-06-17T23:05:06.740+0300][6080][17800][debug][gc,phases] GC(15) Purge Class Loader Data 0.517ms
[2025-06-17T23:05:06.740+0300][6080][17800][debug][gc,phases] GC(15) Phase 1: Class Unloading and Cleanup 17.026ms
[2025-06-17T23:05:06.740+0300][6080][17800][debug][gc,phases] GC(15) Report Object Count 0.001ms
[2025-06-17T23:05:06.740+0300][6080][17800][info ][gc,phases] GC(15) Phase 1: Mark live objects 20.699ms
[2025-06-17T23:05:06.740+0300][6080][17800][debug][gc,phases] GC(15) Phase 2: Determine work lists 0.066ms
[2025-06-17T23:05:06.740+0300][6080][17800][debug][gc,phases] GC(15) Phase 2: Prepare parallel compaction 0.694ms
[2025-06-17T23:05:06.740+0300][6080][17800][info ][gc,phases] GC(15) Phase 2: Prepare compaction 0.801ms
[2025-06-17T23:05:06.756+0300][6080][17800][info ][gc,phases] GC(15) Phase 3: Adjust pointers 6.557ms
[2025-06-17T23:05:06.756+0300][6080][17800][info ][gc,phases] GC(15) Phase 4: Compact heap 1.016ms
[2025-06-17T23:05:06.756+0300][6080][17800][info ][gc,phases] GC(15) Phase 5: Reset Metadata 1.622ms
[2025-06-17T23:05:06.764+0300][6080][17800][info ][gc,heap  ] GC(15) Eden regions: 464->0(1228)
[2025-06-17T23:05:06.764+0300][6080][17800][info ][gc,heap  ] GC(15) Survivor regions: 3->0(154)
[2025-06-17T23:05:06.764+0300][6080][17800][info ][gc,heap  ] GC(15) Old regions: 17->17
[2025-06-17T23:05:06.764+0300][6080][17800][info ][gc,heap  ] GC(15) Humongous regions: 0->0
[2025-06-17T23:05:06.764+0300][6080][17800][debug][gc,heap  ] GC(15) Heap after GC invocations=16 (full 3):
[2025-06-17T23:05:06.764+0300][6080][17800][debug][gc,heap  ] GC(15)  garbage-first heap   total 2097152K, used 14156K [0x0000000080000000, 0x0000000100000000)
[2025-06-17T23:05:06.764+0300][6080][17800][debug][gc,heap  ] GC(15)   region size 1024K, 0 young (0K), 0 survivors (0K)
[2025-06-17T23:05:06.764+0300][6080][17800][debug][gc,heap  ] GC(15)  Metaspace       used 33342K, committed 35584K, reserved 1114112K
[2025-06-17T23:05:06.764+0300][6080][17800][debug][gc,heap  ] GC(15)   class space    used 2786K, committed 3328K, reserved 1048576K
[2025-06-17T23:05:06.764+0300][6080][17800][info ][gc       ] GC(15) Pause Full (System.gc()) 480M->13M(2048M) 37.895ms
[2025-06-17T23:05:06.764+0300][6080][17800][info ][safepoint] Safepoint "G1CollectFull", Time since last: 14334184100 ns, Reaching safepoint: 190900 ns, Cleanup: 11600 ns, At safepoint: 37918000 ns, Total: 38120500 ns
[2025-06-17T23:05:07.769+0300][6080][17800][debug][safepoint] Safepoint synchronization initiated using striped semaphore wait barrier. (32 threads)
[2025-06-17T23:05:07.769+0300][6080][17800][info ][safepoint] Safepoint "Cleanup", Time since last: 1000206900 ns, Reaching safepoint: 86100 ns, Cleanup: 66800 ns, At safepoint: 9400 ns, Total: 162300 ns
[2025-06-17T23:05:08.769+0300][6080][17800][debug][safepoint] Safepoint synchronization initiated using striped semaphore wait barrier. (32 threads)
[2025-06-17T23:05:08.769+0300][6080][5940 ][debug][safepoint] ... found polling page loop exception at pc = 0x000002dceae84ef7, stub =0x000002dce9e46600
[2025-06-17T23:05:08.769+0300][6080][17800][info ][safepoint] Safepoint "Cleanup", Time since last: 1000837400 ns, Reaching safepoint: 280700 ns, Cleanup: 36800 ns, At safepoint: 23000 ns, Total: 340500 ns
[2025-06-17T23:05:12.797+0300][6080][17800][debug][safepoint] Safepoint synchronization initiated using striped semaphore wait barrier. (32 threads)
[2025-06-17T23:05:12.797+0300][6080][17800][info ][safepoint] Safepoint "Cleanup", Time since last: 4027032000 ns, Reaching safepoint: 93000 ns, Cleanup: 15800 ns, At safepoint: 9100 ns, Total: 117900 ns
[2025-06-17T23:05:13.807+0300][6080][17800][debug][safepoint] Safepoint synchronization initiated using striped semaphore wait barrier. (32 threads)
[2025-06-17T23:05:13.807+0300][6080][17800][info ][safepoint] Safepoint "Cleanup", Time since last: 1009297300 ns, Reaching safepoint: 152000 ns, Cleanup: 28900 ns, At safepoint: 52200 ns, Total: 233100 ns
[2025-06-17T23:05:16.828+0300][6080][17800][debug][safepoint] Safepoint synchronization initiated using striped semaphore wait barrier. (32 threads)
[2025-06-17T23:05:16.828+0300][6080][17800][info ][safepoint] Safepoint "Cleanup", Time since last: 3021801300 ns, Reaching safepoint: 169700 ns, Cleanup: 43900 ns, At safepoint: 21900 ns, Total: 235500 ns
[2025-06-17T23:05:17.845+0300][6080][17800][debug][safepoint] Safepoint synchronization initiated using striped semaphore wait barrier. (32 threads)
[2025-06-17T23:05:17.845+0300][6080][17800][info ][safepoint] Safepoint "Cleanup", Time since last: 1016007300 ns, Reaching safepoint: 163800 ns, Cleanup: 40500 ns, At safepoint: 11500 ns, Total: 215800 ns
[2025-06-17T23:05:19.860+0300][6080][17800][debug][safepoint] Safepoint synchronization initiated using striped semaphore wait barrier. (32 threads)
[2025-06-17T23:05:19.860+0300][6080][17800][info ][safepoint] Safepoint "Cleanup", Time since last: 2015606100 ns, Reaching safepoint: 163200 ns, Cleanup: 38600 ns, At safepoint: 23400 ns, Total: 225200 ns
[2025-06-17T23:05:20.872+0300][6080][17800][debug][safepoint] Safepoint synchronization initiated using striped semaphore wait barrier. (32 threads)
[2025-06-17T23:05:20.872+0300][6080][17800][info ][safepoint] Safepoint "Cleanup", Time since last: 1011241400 ns, Reaching safepoint: 86100 ns, Cleanup: 20800 ns, At safepoint: 2000 ns, Total: 108900 ns
[2025-06-17T23:05:22.874+0300][6080][17800][debug][safepoint] Safepoint synchronization initiated using striped semaphore wait barrier. (32 threads)
[2025-06-17T23:05:22.874+0300][6080][18640][debug][safepoint] ... found polling page loop exception at pc = 0x000002dceacbf4d9, stub =0x000002dce9e45d80
[2025-06-17T23:05:22.874+0300][6080][17800][info ][safepoint] Safepoint "Cleanup", Time since last: 2002004500 ns, Reaching safepoint: 194400 ns, Cleanup: 20400 ns, At safepoint: 15300 ns, Total: 230100 ns
[2025-06-17T23:05:47.954+0300][6080][17800][debug][safepoint] Safepoint synchronization initiated using striped semaphore wait barrier. (32 threads)
[2025-06-17T23:05:47.954+0300][6080][16812][debug][safepoint] ... found polling page loop exception at pc = 0x000002dceadd1058, stub =0x000002dce9e45d80
[2025-06-17T23:05:47.954+0300][6080][17800][debug][gc,heap  ] GC(16) Heap before GC invocations=16 (full 3):
[2025-06-17T23:05:47.954+0300][6080][17800][debug][gc,heap  ] GC(16)  garbage-first heap   total 2097152K, used 1271628K [0x0000000080000000, 0x0000000100000000)
[2025-06-17T23:05:47.954+0300][6080][17800][debug][gc,heap  ] GC(16)   region size 1024K, 1228 young (1257472K), 0 survivors (0K)
[2025-06-17T23:05:47.954+0300][6080][17800][debug][gc,heap  ] GC(16)  Metaspace       used 34424K, committed 35648K, reserved 1114112K
[2025-06-17T23:05:47.954+0300][6080][17800][debug][gc,heap  ] GC(16)   class space    used 2864K, committed 3328K, reserved 1048576K
[2025-06-17T23:05:47.954+0300][6080][17800][info ][gc,phases] GC(16)   Pre Evacuate Collection Set: 0.5ms
[2025-06-17T23:05:47.954+0300][6080][17800][debug][gc,phases] GC(16)     Pre Evacuate Prepare: 0.2ms
[2025-06-17T23:05:47.954+0300][6080][17800][debug][gc,phases] GC(16)       JT Retire TLABs And Flush Logs (ms): Min:  0.0, Avg:  0.0, Max:  0.0, Diff:  0.0, Sum:  0.0, Workers: 2
[2025-06-17T23:05:47.954+0300][6080][17800][debug][gc,phases] GC(16)       Non-JT Flush Logs (ms):        Min:  0.0, Avg:  0.0, Max:  0.0, Diff:  0.0, Sum:  0.0, Workers: 1
[2025-06-17T23:05:47.954+0300][6080][17800][debug][gc,phases] GC(16)     Choose Collection Set: 0.0ms
[2025-06-17T23:05:47.954+0300][6080][17800][debug][gc,phases] GC(16)     Region Register: 0.3ms
[2025-06-17T23:05:47.954+0300][6080][17800][debug][gc,phases] GC(16)     Prepare Heap Roots: 0.0ms
[2025-06-17T23:05:47.954+0300][6080][17800][info ][gc,phases] GC(16)   Merge Heap Roots: 0.2ms
[2025-06-17T23:05:47.954+0300][6080][17800][debug][gc,phases] GC(16)     Prepare Merge Heap Roots: 0.0ms
[2025-06-17T23:05:47.954+0300][6080][17800][debug][gc,phases] GC(16)     Remembered Sets (ms):          Min:  0.0, Avg:  0.0, Max:  0.1, Diff:  0.0, Sum:  0.3, Workers: 8
[2025-06-17T23:05:47.954+0300][6080][17800][debug][gc,phases] GC(16)       Eager Reclaim (ms):            skipped
[2025-06-17T23:05:47.954+0300][6080][17800][debug][gc,phases] GC(16)       Merged Inline                  Min: 0, Avg:  0.0, Max: 0, Diff: 0, Sum: 0, Workers: 8
[2025-06-17T23:05:47.954+0300][6080][17800][debug][gc,phases] GC(16)       Merged ArrayOfCards            Min: 0, Avg:  0.0, Max: 0, Diff: 0, Sum: 0, Workers: 8
[2025-06-17T23:05:47.954+0300][6080][17800][debug][gc,phases] GC(16)       Merged Howl                    Min: 0, Avg:  0.0, Max: 0, Diff: 0, Sum: 0, Workers: 8
[2025-06-17T23:05:47.954+0300][6080][17800][debug][gc,phases] GC(16)       Merged Full                    Min: 0, Avg:  0.0, Max: 0, Diff: 0, Sum: 0, Workers: 8
[2025-06-17T23:05:47.954+0300][6080][17800][debug][gc,phases] GC(16)       Merged Howl Inline             Min: 0, Avg:  0.0, Max: 0, Diff: 0, Sum: 0, Workers: 8
[2025-06-17T23:05:47.954+0300][6080][17800][debug][gc,phases] GC(16)       Merged Howl ArrayOfCards       Min: 0, Avg:  0.0, Max: 0, Diff: 0, Sum: 0, Workers: 8
[2025-06-17T23:05:47.954+0300][6080][17800][debug][gc,phases] GC(16)       Merged Howl BitMap             Min: 0, Avg:  0.0, Max: 0, Diff: 0, Sum: 0, Workers: 8
[2025-06-17T23:05:47.954+0300][6080][17800][debug][gc,phases] GC(16)       Merged Howl Full               Min: 0, Avg:  0.0, Max: 0, Diff: 0, Sum: 0, Workers: 8
[2025-06-17T23:05:47.954+0300][6080][17800][debug][gc,phases] GC(16)       Merged Cards                   Min: 8, Avg:  8.0, Max: 8, Diff: 0, Sum: 64, Workers: 8
[2025-06-17T23:05:47.954+0300][6080][17800][debug][gc,phases] GC(16)     Log Buffers (ms):              Min:  0.0, Avg:  0.0, Max:  0.0, Diff:  0.0, Sum:  0.0, Workers: 8
[2025-06-17T23:05:47.954+0300][6080][17800][debug][gc,phases] GC(16)       Dirty Cards:                   Min: 0, Avg: 65.1, Max: 326, Diff: 326, Sum: 521, Workers: 8
[2025-06-17T23:05:47.954+0300][6080][17800][debug][gc,phases] GC(16)       Skipped Cards:                 Min: 0, Avg:  0.0, Max: 0, Diff: 0, Sum: 0, Workers: 8
[2025-06-17T23:05:47.954+0300][6080][17800][info ][gc,phases] GC(16)   Evacuate Collection Set: 1.4ms
[2025-06-17T23:05:47.954+0300][6080][17800][debug][gc,phases] GC(16)     Ext Root Scanning (ms):        Min:  0.0, Avg:  0.1, Max:  0.2, Diff:  0.1, Sum:  0.7, Workers: 8
[2025-06-17T23:05:47.954+0300][6080][17800][debug][gc,phases] GC(16)     Scan Heap Roots (ms):          Min:  0.0, Avg:  0.1, Max:  0.1, Diff:  0.1, Sum:  0.6, Workers: 8
[2025-06-17T23:05:47.954+0300][6080][17800][debug][gc,phases] GC(16)       Scanned Cards:                 Min: 0, Avg: 65.1, Max: 121, Diff: 121, Sum: 521, Workers: 8
[2025-06-17T23:05:47.954+0300][6080][17800][debug][gc,phases] GC(16)       Scanned Blocks:                Min: 0, Avg: 33.8, Max: 65, Diff: 65, Sum: 270, Workers: 8
[2025-06-17T23:05:47.954+0300][6080][17800][debug][gc,phases] GC(16)       Claimed Chunks:                Min: 0, Avg: 19.2, Max: 39, Diff: 39, Sum: 154, Workers: 8
[2025-06-17T23:05:47.954+0300][6080][17800][debug][gc,phases] GC(16)       Found Roots:                   Min: 0, Avg: 220.9, Max: 865, Diff: 865, Sum: 1767, Workers: 8
[2025-06-17T23:05:47.954+0300][6080][17800][debug][gc,phases] GC(16)     Code Root Scan (ms):           Min:  0.1, Avg:  0.3, Max:  0.6, Diff:  0.5, Sum:  2.8, Workers: 8
[2025-06-17T23:05:47.954+0300][6080][17800][debug][gc,phases] GC(16)       Scanned Nmethods               Min: 0, Avg: 87.0, Max: 157, Diff: 157, Sum: 696, Workers: 8
[2025-06-17T23:05:47.954+0300][6080][17800][debug][gc,phases] GC(16)     Object Copy (ms):              Min:  0.2, Avg:  0.5, Max:  0.7, Diff:  0.5, Sum:  3.9, Workers: 8
[2025-06-17T23:05:47.954+0300][6080][17800][debug][gc,phases] GC(16)     Termination (ms):              Min:  0.0, Avg:  0.1, Max:  0.1, Diff:  0.1, Sum:  0.8, Workers: 8
[2025-06-17T23:05:47.954+0300][6080][17800][debug][gc,phases] GC(16)       Termination Attempts:          Min: 1, Avg:  1.0, Max: 1, Diff: 0, Sum: 8, Workers: 8
[2025-06-17T23:05:47.954+0300][6080][17800][debug][gc,phases] GC(16)     GC Worker Other (ms):          Min:  0.1, Avg:  0.1, Max:  0.1, Diff:  0.1, Sum:  0.9, Workers: 8
[2025-06-17T23:05:47.954+0300][6080][17800][debug][gc,phases] GC(16)     GC Worker Total (ms):          Min:  1.2, Avg:  1.2, Max:  1.3, Diff:  0.1, Sum:  9.7, Workers: 8
[2025-06-17T23:05:47.954+0300][6080][17800][info ][gc,phases] GC(16)   Post Evacuate Collection Set: 1.2ms
[2025-06-17T23:05:47.954+0300][6080][17800][debug][gc,phases] GC(16)     NMethod List Cleanup: 0.0ms
[2025-06-17T23:05:47.954+0300][6080][17800][debug][gc,phases] GC(16)     Reference Processing: 0.1ms
[2025-06-17T23:05:47.954+0300][6080][17800][debug][gc,phases] GC(16)     Weak Processing: 0.2ms
[2025-06-17T23:05:47.954+0300][6080][17800][debug][gc,phases] GC(16)       VM Weak                        Min:  0.0, Avg:  0.0, Max:  0.0, Diff:  0.0, Sum:  0.0, Workers: 8
[2025-06-17T23:05:47.954+0300][6080][17800][debug][gc,phases] GC(16)         Dead                           Min: 0, Avg:  0.0, Max: 0, Diff: 0, Sum: 0, Workers: 8
[2025-06-17T23:05:47.954+0300][6080][17800][debug][gc,phases] GC(16)         Total                          Min: 0, Avg: 49.5, Max: 329, Diff: 329, Sum: 396, Workers: 8
[2025-06-17T23:05:47.954+0300][6080][17800][debug][gc,phases] GC(16)       ObjectSynchronizer Weak        Min:  0.0, Avg:  0.0, Max:  0.0, Diff:  0.0, Sum:  0.0, Workers: 8
[2025-06-17T23:05:47.954+0300][6080][17800][debug][gc,phases] GC(16)         Dead                           Min: 0, Avg:  3.2, Max: 20, Diff: 20, Sum: 26, Workers: 8
[2025-06-17T23:05:47.954+0300][6080][17800][debug][gc,phases] GC(16)         Total                          Min: 0, Avg: 21.0, Max: 104, Diff: 104, Sum: 168, Workers: 8
[2025-06-17T23:05:47.954+0300][6080][17800][debug][gc,phases] GC(16)       JVMTI Tag Weak OopStorage      Min:  0.0, Avg:  0.0, Max:  0.0, Diff:  0.0, Sum:  0.0, Workers: 8
[2025-06-17T23:05:47.954+0300][6080][17800][debug][gc,phases] GC(16)         Dead                           Min: 0, Avg:  0.0, Max: 0, Diff: 0, Sum: 0, Workers: 8
[2025-06-17T23:05:47.954+0300][6080][17800][debug][gc,phases] GC(16)         Total                          Min: 0, Avg:  0.0, Max: 0, Diff: 0, Sum: 0, Workers: 8
[2025-06-17T23:05:47.954+0300][6080][17800][debug][gc,phases] GC(16)       StringTable Weak               Min:  0.0, Avg:  0.1, Max:  0.1, Diff:  0.1, Sum:  0.5, Workers: 8
[2025-06-17T23:05:47.954+0300][6080][17800][debug][gc,phases] GC(16)         Dead                           Min: 0, Avg: 37.5, Max: 157, Diff: 157, Sum: 300, Workers: 8
[2025-06-17T23:05:47.954+0300][6080][17800][debug][gc,phases] GC(16)         Total                          Min: 1406, Avg: 3493.4, Max: 5689, Diff: 4283, Sum: 27947, Workers: 8
[2025-06-17T23:05:47.954+0300][6080][17800][debug][gc,phases] GC(16)       ResolvedMethodTable Weak       Min:  0.0, Avg:  0.0, Max:  0.0, Diff:  0.0, Sum:  0.0, Workers: 8
[2025-06-17T23:05:47.954+0300][6080][17800][debug][gc,phases] GC(16)         Dead                           Min: 0, Avg:  0.0, Max: 0, Diff: 0, Sum: 0, Workers: 8
[2025-06-17T23:05:47.954+0300][6080][17800][debug][gc,phases] GC(16)         Total                          Min: 0, Avg: 227.1, Max: 320, Diff: 320, Sum: 1817, Workers: 8
[2025-06-17T23:05:47.954+0300][6080][17800][debug][gc,phases] GC(16)       JNI Weak                       Min:  0.0, Avg:  0.0, Max:  0.0, Diff:  0.0, Sum:  0.0, Workers: 8
[2025-06-17T23:05:47.954+0300][6080][17800][debug][gc,phases] GC(16)         Dead                           Min: 0, Avg:  0.0, Max: 0, Diff: 0, Sum: 0, Workers: 8
[2025-06-17T23:05:47.954+0300][6080][17800][debug][gc,phases] GC(16)         Total                          Min: 0, Avg:  0.0, Max: 0, Diff: 0, Sum: 0, Workers: 8
[2025-06-17T23:05:47.954+0300][6080][17800][debug][gc,phases] GC(16)       StringDedup Table Weak         Min:  0.0, Avg:  0.0, Max:  0.0, Diff:  0.0, Sum:  0.0, Workers: 8
[2025-06-17T23:05:47.954+0300][6080][17800][debug][gc,phases] GC(16)         Dead                           Min: 0, Avg:  0.0, Max: 0, Diff: 0, Sum: 0, Workers: 8
[2025-06-17T23:05:47.954+0300][6080][17800][debug][gc,phases] GC(16)         Total                          Min: 0, Avg:  0.0, Max: 0, Diff: 0, Sum: 0, Workers: 8
[2025-06-17T23:05:47.954+0300][6080][17800][debug][gc,phases] GC(16)       StringDedup Requests0 Weak     Min:  0.0, Avg:  0.0, Max:  0.0, Diff:  0.0, Sum:  0.0, Workers: 8
[2025-06-17T23:05:47.954+0300][6080][17800][debug][gc,phases] GC(16)         Dead                           Min: 0, Avg:  0.0, Max: 0, Diff: 0, Sum: 0, Workers: 8
[2025-06-17T23:05:47.954+0300][6080][17800][debug][gc,phases] GC(16)         Total                          Min: 0, Avg:  0.0, Max: 0, Diff: 0, Sum: 0, Workers: 8
[2025-06-17T23:05:47.954+0300][6080][17800][debug][gc,phases] GC(16)       StringDedup Requests1 Weak     Min:  0.0, Avg:  0.0, Max:  0.0, Diff:  0.0, Sum:  0.0, Workers: 8
[2025-06-17T23:05:47.954+0300][6080][17800][debug][gc,phases] GC(16)         Dead                           Min: 0, Avg:  0.0, Max: 0, Diff: 0, Sum: 0, Workers: 8
[2025-06-17T23:05:47.954+0300][6080][17800][debug][gc,phases] GC(16)         Total                          Min: 0, Avg:  0.0, Max: 0, Diff: 0, Sum: 0, Workers: 8
[2025-06-17T23:05:47.954+0300][6080][17800][debug][gc,phases] GC(16)       Weak JFR Old Object Samples    Min:  0.0, Avg:  0.0, Max:  0.0, Diff:  0.0, Sum:  0.0, Workers: 8
[2025-06-17T23:05:47.954+0300][6080][17800][debug][gc,phases] GC(16)         Dead                           Min: 0, Avg:  0.0, Max: 0, Diff: 0, Sum: 0, Workers: 8
[2025-06-17T23:05:47.954+0300][6080][17800][debug][gc,phases] GC(16)         Total                          Min: 0, Avg:  0.0, Max: 0, Diff: 0, Sum: 0, Workers: 8
[2025-06-17T23:05:47.954+0300][6080][17800][debug][gc,phases] GC(16)     Post Evacuate Cleanup 1: 0.3ms
[2025-06-17T23:05:47.954+0300][6080][17800][debug][gc,phases] GC(16)       Merge Per-Thread State (ms):   Min:  0.1, Avg:  0.1, Max:  0.1, Diff:  0.0, Sum:  0.1, Workers: 1
[2025-06-17T23:05:47.954+0300][6080][17800][debug][gc,phases] GC(16)         Copied Bytes                   Min: 56096, Avg: 289988.0, Max: 811248, Diff: 755152, Sum: 2319904, Workers: 8
[2025-06-17T23:05:47.954+0300][6080][17800][debug][gc,phases] GC(16)         LAB Waste                      Min: 72, Avg: 689.0, Max: 2152, Diff: 2080, Sum: 5512, Workers: 8
[2025-06-17T23:05:47.954+0300][6080][17800][debug][gc,phases] GC(16)         LAB Undo Waste                 Min: 0, Avg:  0.0, Max: 0, Diff: 0, Sum: 0, Workers: 8
[2025-06-17T23:05:47.954+0300][6080][17800][debug][gc,phases] GC(16)       Clear Logged Cards (ms):       Min:  0.0, Avg:  0.1, Max:  0.2, Diff:  0.2, Sum:  0.4, Workers: 5
[2025-06-17T23:05:47.954+0300][6080][17800][debug][gc,phases] GC(16)       Recalculate Used Memory (ms):  Min:  0.0, Avg:  0.0, Max:  0.0, Diff:  0.0, Sum:  0.0, Workers: 1
[2025-06-17T23:05:47.954+0300][6080][17800][debug][gc,phases] GC(16)     Post Evacuate Cleanup 2: 0.4ms
[2025-06-17T23:05:47.954+0300][6080][17800][debug][gc,phases] GC(16)       Update Derived Pointers (ms):  Min:  0.0, Avg:  0.0, Max:  0.0, Diff:  0.0, Sum:  0.0, Workers: 1
[2025-06-17T23:05:47.954+0300][6080][17800][debug][gc,phases] GC(16)       Eagerly Reclaim Humongous Objects (ms): skipped
[2025-06-17T23:05:47.954+0300][6080][17800][debug][gc,phases] GC(16)         Humongous Total                skipped
[2025-06-17T23:05:47.954+0300][6080][17800][debug][gc,phases] GC(16)         Humongous Candidates           skipped
[2025-06-17T23:05:47.954+0300][6080][17800][debug][gc,phases] GC(16)         Humongous Reclaimed            skipped
[2025-06-17T23:05:47.954+0300][6080][17800][debug][gc,phases] GC(16)       Redirty Logged Cards (ms):     Min:  0.0, Avg:  0.0, Max:  0.0, Diff:  0.0, Sum:  0.0, Workers: 8
[2025-06-17T23:05:47.954+0300][6080][17800][debug][gc,phases] GC(16)         Redirtied Cards:               Min: 0, Avg: 35.9, Max: 287, Diff: 287, Sum: 287, Workers: 8
[2025-06-17T23:05:47.954+0300][6080][17800][debug][gc,phases] GC(16)       Resize TLABs (ms):             Min:  0.0, Avg:  0.0, Max:  0.0, Diff:  0.0, Sum:  0.0, Workers: 8
[2025-06-17T23:05:47.954+0300][6080][17800][debug][gc,phases] GC(16)       Free Collection Set (ms):      Min:  0.2, Avg:  0.3, Max:  0.3, Diff:  0.1, Sum:  2.0, Workers: 8
[2025-06-17T23:05:47.954+0300][6080][17800][debug][gc,phases] GC(16)     Rebuild Free List: 0.2ms
[2025-06-17T23:05:47.954+0300][6080][17800][debug][gc,phases] GC(16)     Prepare For Mutator: 0.0ms
[2025-06-17T23:05:47.954+0300][6080][17800][debug][gc,phases] GC(16)     Expand Heap After Collection: 0.0ms
[2025-06-17T23:05:47.954+0300][6080][17800][info ][gc,phases] GC(16)   Other: 0.1ms
[2025-06-17T23:05:47.954+0300][6080][17800][info ][gc,heap  ] GC(16) Eden regions: 1228->0(1225)
[2025-06-17T23:05:47.954+0300][6080][17800][info ][gc,heap  ] GC(16) Survivor regions: 0->3(154)
[2025-06-17T23:05:47.954+0300][6080][17800][info ][gc,heap  ] GC(16) Old regions: 17->17
[2025-06-17T23:05:47.954+0300][6080][17800][info ][gc,heap  ] GC(16) Humongous regions: 0->0
[2025-06-17T23:05:47.954+0300][6080][17800][debug][gc,heap  ] GC(16) Heap after GC invocations=17 (full 3):
[2025-06-17T23:05:47.954+0300][6080][17800][debug][gc,heap  ] GC(16)  garbage-first heap   total 2097152K, used 16557K [0x0000000080000000, 0x0000000100000000)
[2025-06-17T23:05:47.954+0300][6080][17800][debug][gc,heap  ] GC(16)   region size 1024K, 3 young (3072K), 3 survivors (3072K)
[2025-06-17T23:05:47.954+0300][6080][17800][debug][gc,heap  ] GC(16)  Metaspace       used 34424K, committed 35648K, reserved 1114112K
[2025-06-17T23:05:47.954+0300][6080][17800][debug][gc,heap  ] GC(16)   class space    used 2864K, committed 3328K, reserved 1048576K
[2025-06-17T23:05:47.954+0300][6080][17800][info ][gc       ] GC(16) Pause Young (Normal) (G1 Evacuation Pause) 1241M->16M(2048M) 4.474ms
[2025-06-17T23:05:47.954+0300][6080][17800][info ][safepoint] Safepoint "G1CollectForAllocation", Time since last: 25079037000 ns, Reaching safepoint: 118800 ns, Cleanup: 12300 ns, At safepoint: 4504500 ns, Total: 4635600 ns
[2025-06-17T23:05:48.484+0300][6080][16124][debug][safepoint] ... found polling page loop exception at pc = 0x000002dceaa9c02d, stub =0x000002dce9e46600
[2025-06-17T23:05:48.484+0300][6080][17848][debug][safepoint] ... found polling page loop exception at pc = 0x000002dcea943e7c, stub =0x000002dce9e46600
[2025-06-17T23:05:48.484+0300][6080][6992 ][debug][safepoint] ... found polling page loop exception at pc = 0x000002dceaa9c02d, stub =0x000002dce9e46600
[2025-06-17T23:05:49.485+0300][6080][17800][debug][safepoint] Safepoint synchronization initiated using striped semaphore wait barrier. (32 threads)
[2025-06-17T23:05:49.485+0300][6080][17800][info ][safepoint] Safepoint "Cleanup", Time since last: 1527068600 ns, Reaching safepoint: 102700 ns, Cleanup: 43400 ns, At safepoint: 6800 ns, Total: 152900 ns
[2025-06-17T23:05:56.555+0300][6080][17800][debug][safepoint] Safepoint synchronization initiated using striped semaphore wait barrier. (32 threads)
[2025-06-17T23:05:56.555+0300][6080][17800][info ][safepoint] Safepoint "Cleanup", Time since last: 7069605500 ns, Reaching safepoint: 116100 ns, Cleanup: 49700 ns, At safepoint: 5700 ns, Total: 171500 ns
[2025-06-17T23:06:30.354+0300][6080][17800][debug][safepoint] Safepoint synchronization initiated using striped semaphore wait barrier. (32 threads)
[2025-06-17T23:06:30.354+0300][6080][17800][debug][gc,heap  ] GC(17) Heap before GC invocations=17 (full 3):
[2025-06-17T23:06:30.354+0300][6080][17800][debug][gc,heap  ] GC(17)  garbage-first heap   total 2097152K, used 1269933K [0x0000000080000000, 0x0000000100000000)
[2025-06-17T23:06:30.354+0300][6080][17800][debug][gc,heap  ] GC(17)   region size 1024K, 1228 young (1257472K), 3 survivors (3072K)
[2025-06-17T23:06:30.354+0300][6080][17800][debug][gc,heap  ] GC(17)  Metaspace       used 34424K, committed 35648K, reserved 1114112K
[2025-06-17T23:06:30.354+0300][6080][17800][debug][gc,heap  ] GC(17)   class space    used 2864K, committed 3328K, reserved 1048576K
[2025-06-17T23:06:30.354+0300][6080][17800][info ][gc,phases] GC(17)   Pre Evacuate Collection Set: 0.6ms
[2025-06-17T23:06:30.354+0300][6080][17800][debug][gc,phases] GC(17)     Pre Evacuate Prepare: 0.2ms
[2025-06-17T23:06:30.354+0300][6080][17800][debug][gc,phases] GC(17)       JT Retire TLABs And Flush Logs (ms): Min:  0.0, Avg:  0.0, Max:  0.0, Diff:  0.0, Sum:  0.0, Workers: 2
[2025-06-17T23:06:30.354+0300][6080][17800][debug][gc,phases] GC(17)       Non-JT Flush Logs (ms):        Min:  0.0, Avg:  0.0, Max:  0.0, Diff:  0.0, Sum:  0.0, Workers: 1
[2025-06-17T23:06:30.354+0300][6080][17800][debug][gc,phases] GC(17)     Choose Collection Set: 0.0ms
[2025-06-17T23:06:30.354+0300][6080][17800][debug][gc,phases] GC(17)     Region Register: 0.3ms
[2025-06-17T23:06:30.354+0300][6080][17800][debug][gc,phases] GC(17)     Prepare Heap Roots: 0.0ms
[2025-06-17T23:06:30.354+0300][6080][17800][info ][gc,phases] GC(17)   Merge Heap Roots: 0.4ms
[2025-06-17T23:06:30.354+0300][6080][17800][debug][gc,phases] GC(17)     Prepare Merge Heap Roots: 0.0ms
[2025-06-17T23:06:30.354+0300][6080][17800][debug][gc,phases] GC(17)     Remembered Sets (ms):          Min:  0.1, Avg:  0.2, Max:  0.2, Diff:  0.0, Sum:  1.4, Workers: 8
[2025-06-17T23:06:30.354+0300][6080][17800][debug][gc,phases] GC(17)       Eager Reclaim (ms):            skipped
[2025-06-17T23:06:30.354+0300][6080][17800][debug][gc,phases] GC(17)       Merged Inline                  Min: 0, Avg:  0.0, Max: 0, Diff: 0, Sum: 0, Workers: 8
[2025-06-17T23:06:30.354+0300][6080][17800][debug][gc,phases] GC(17)       Merged ArrayOfCards            Min: 0, Avg:  0.0, Max: 0, Diff: 0, Sum: 0, Workers: 8
[2025-06-17T23:06:30.354+0300][6080][17800][debug][gc,phases] GC(17)       Merged Howl                    Min: 0, Avg:  0.0, Max: 0, Diff: 0, Sum: 0, Workers: 8
[2025-06-17T23:06:30.354+0300][6080][17800][debug][gc,phases] GC(17)       Merged Full                    Min: 0, Avg:  0.0, Max: 0, Diff: 0, Sum: 0, Workers: 8
[2025-06-17T23:06:30.354+0300][6080][17800][debug][gc,phases] GC(17)       Merged Howl Inline             Min: 0, Avg:  0.0, Max: 0, Diff: 0, Sum: 0, Workers: 8
[2025-06-17T23:06:30.354+0300][6080][17800][debug][gc,phases] GC(17)       Merged Howl ArrayOfCards       Min: 0, Avg:  0.0, Max: 0, Diff: 0, Sum: 0, Workers: 8
[2025-06-17T23:06:30.354+0300][6080][17800][debug][gc,phases] GC(17)       Merged Howl BitMap             Min: 0, Avg:  0.0, Max: 0, Diff: 0, Sum: 0, Workers: 8
[2025-06-17T23:06:30.354+0300][6080][17800][debug][gc,phases] GC(17)       Merged Howl Full               Min: 0, Avg:  0.0, Max: 0, Diff: 0, Sum: 0, Workers: 8
[2025-06-17T23:06:30.354+0300][6080][17800][debug][gc,phases] GC(17)       Merged Cards                   Min: 8, Avg:  8.0, Max: 8, Diff: 0, Sum: 64, Workers: 8
[2025-06-17T23:06:30.354+0300][6080][17800][debug][gc,phases] GC(17)     Log Buffers (ms):              Min:  0.0, Avg:  0.0, Max:  0.0, Diff:  0.0, Sum:  0.0, Workers: 8
[2025-06-17T23:06:30.354+0300][6080][17800][debug][gc,phases] GC(17)       Dirty Cards:                   Min: 0, Avg: 56.8, Max: 235, Diff: 235, Sum: 454, Workers: 8
[2025-06-17T23:06:30.354+0300][6080][17800][debug][gc,phases] GC(17)       Skipped Cards:                 Min: 0, Avg:  0.0, Max: 0, Diff: 0, Sum: 0, Workers: 8
[2025-06-17T23:06:30.354+0300][6080][17800][info ][gc,phases] GC(17)   Evacuate Collection Set: 1.6ms
[2025-06-17T23:06:30.354+0300][6080][17800][debug][gc,phases] GC(17)     Ext Root Scanning (ms):        Min:  0.0, Avg:  0.1, Max:  0.3, Diff:  0.3, Sum:  1.1, Workers: 8
[2025-06-17T23:06:30.354+0300][6080][17800][debug][gc,phases] GC(17)     Scan Heap Roots (ms):          Min:  0.0, Avg:  0.1, Max:  0.2, Diff:  0.2, Sum:  0.8, Workers: 8
[2025-06-17T23:06:30.354+0300][6080][17800][debug][gc,phases] GC(17)       Scanned Cards:                 Min: 0, Avg: 55.9, Max: 183, Diff: 183, Sum: 447, Workers: 8
[2025-06-17T23:06:30.354+0300][6080][17800][debug][gc,phases] GC(17)       Scanned Blocks:                Min: 0, Avg: 29.5, Max: 86, Diff: 86, Sum: 236, Workers: 8
[2025-06-17T23:06:30.354+0300][6080][17800][debug][gc,phases] GC(17)       Claimed Chunks:                Min: 0, Avg: 16.9, Max: 47, Diff: 47, Sum: 135, Workers: 8
[2025-06-17T23:06:30.354+0300][6080][17800][debug][gc,phases] GC(17)       Found Roots:                   Min: 0, Avg: 230.1, Max: 928, Diff: 928, Sum: 1841, Workers: 8
[2025-06-17T23:06:30.354+0300][6080][17800][debug][gc,phases] GC(17)     Code Root Scan (ms):           Min:  0.1, Avg:  0.4, Max:  0.6, Diff:  0.5, Sum:  3.2, Workers: 8
[2025-06-17T23:06:30.354+0300][6080][17800][debug][gc,phases] GC(17)       Scanned Nmethods               Min: 0, Avg: 42.2, Max: 75, Diff: 75, Sum: 338, Workers: 8
[2025-06-17T23:06:30.354+0300][6080][17800][debug][gc,phases] GC(17)     Object Copy (ms):              Min:  0.3, Avg:  0.5, Max:  0.8, Diff:  0.5, Sum:  4.1, Workers: 8
[2025-06-17T23:06:30.354+0300][6080][17800][debug][gc,phases] GC(17)     Termination (ms):              Min:  0.0, Avg:  0.1, Max:  0.1, Diff:  0.1, Sum:  0.9, Workers: 8
[2025-06-17T23:06:30.354+0300][6080][17800][debug][gc,phases] GC(17)       Termination Attempts:          Min: 1, Avg:  1.0, Max: 1, Diff: 0, Sum: 8, Workers: 8
[2025-06-17T23:06:30.354+0300][6080][17800][debug][gc,phases] GC(17)     GC Worker Other (ms):          Min:  0.1, Avg:  0.2, Max:  0.2, Diff:  0.1, Sum:  1.5, Workers: 8
[2025-06-17T23:06:30.354+0300][6080][17800][debug][gc,phases] GC(17)     GC Worker Total (ms):          Min:  1.4, Avg:  1.4, Max:  1.5, Diff:  0.1, Sum: 11.6, Workers: 8
[2025-06-17T23:06:30.354+0300][6080][17800][info ][gc,phases] GC(17)   Post Evacuate Collection Set: 1.0ms
[2025-06-17T23:06:30.354+0300][6080][17800][debug][gc,phases] GC(17)     NMethod List Cleanup: 0.1ms
[2025-06-17T23:06:30.354+0300][6080][17800][debug][gc,phases] GC(17)     Reference Processing: 0.1ms
[2025-06-17T23:06:30.354+0300][6080][17800][debug][gc,phases] GC(17)     Weak Processing: 0.2ms
[2025-06-17T23:06:30.354+0300][6080][17800][debug][gc,phases] GC(17)       VM Weak                        Min:  0.0, Avg:  0.0, Max:  0.0, Diff:  0.0, Sum:  0.0, Workers: 8
[2025-06-17T23:06:30.354+0300][6080][17800][debug][gc,phases] GC(17)         Dead                           Min: 0, Avg:  0.0, Max: 0, Diff: 0, Sum: 0, Workers: 8
[2025-06-17T23:06:30.354+0300][6080][17800][debug][gc,phases] GC(17)         Total                          Min: 0, Avg: 49.5, Max: 345, Diff: 345, Sum: 396, Workers: 8
[2025-06-17T23:06:30.354+0300][6080][17800][debug][gc,phases] GC(17)       ObjectSynchronizer Weak        Min:  0.0, Avg:  0.0, Max:  0.0, Diff:  0.0, Sum:  0.0, Workers: 8
[2025-06-17T23:06:30.354+0300][6080][17800][debug][gc,phases] GC(17)         Dead                           Min: 0, Avg:  0.0, Max: 0, Diff: 0, Sum: 0, Workers: 8
[2025-06-17T23:06:30.354+0300][6080][17800][debug][gc,phases] GC(17)         Total                          Min: 0, Avg:  6.8, Max: 40, Diff: 40, Sum: 54, Workers: 8
[2025-06-17T23:06:30.354+0300][6080][17800][debug][gc,phases] GC(17)       JVMTI Tag Weak OopStorage      Min:  0.0, Avg:  0.0, Max:  0.0, Diff:  0.0, Sum:  0.0, Workers: 8
[2025-06-17T23:06:30.354+0300][6080][17800][debug][gc,phases] GC(17)         Dead                           Min: 0, Avg:  0.0, Max: 0, Diff: 0, Sum: 0, Workers: 8
[2025-06-17T23:06:30.354+0300][6080][17800][debug][gc,phases] GC(17)         Total                          Min: 0, Avg:  0.0, Max: 0, Diff: 0, Sum: 0, Workers: 8
[2025-06-17T23:06:30.354+0300][6080][17800][debug][gc,phases] GC(17)       StringTable Weak               Min:  0.0, Avg:  0.0, Max:  0.1, Diff:  0.1, Sum:  0.4, Workers: 8
[2025-06-17T23:06:30.354+0300][6080][17800][debug][gc,phases] GC(17)         Dead                           Min: 0, Avg:  0.0, Max: 0, Diff: 0, Sum: 0, Workers: 8
[2025-06-17T23:06:30.354+0300][6080][17800][debug][gc,phases] GC(17)         Total                          Min: 1280, Avg: 3493.6, Max: 9277, Diff: 7997, Sum: 27949, Workers: 8
[2025-06-17T23:06:30.354+0300][6080][17800][debug][gc,phases] GC(17)       ResolvedMethodTable Weak       Min:  0.0, Avg:  0.0, Max:  0.0, Diff:  0.0, Sum:  0.0, Workers: 8
[2025-06-17T23:06:30.354+0300][6080][17800][debug][gc,phases] GC(17)         Dead                           Min: 0, Avg:  0.0, Max: 0, Diff: 0, Sum: 0, Workers: 8
[2025-06-17T23:06:30.354+0300][6080][17800][debug][gc,phases] GC(17)         Total                          Min: 128, Avg: 227.1, Max: 281, Diff: 153, Sum: 1817, Workers: 8
[2025-06-17T23:06:30.354+0300][6080][17800][debug][gc,phases] GC(17)       JNI Weak                       Min:  0.0, Avg:  0.0, Max:  0.0, Diff:  0.0, Sum:  0.0, Workers: 8
[2025-06-17T23:06:30.354+0300][6080][17800][debug][gc,phases] GC(17)         Dead                           Min: 0, Avg:  0.0, Max: 0, Diff: 0, Sum: 0, Workers: 8
[2025-06-17T23:06:30.354+0300][6080][17800][debug][gc,phases] GC(17)         Total                          Min: 0, Avg:  0.0, Max: 0, Diff: 0, Sum: 0, Workers: 8
[2025-06-17T23:06:30.354+0300][6080][17800][debug][gc,phases] GC(17)       StringDedup Table Weak         Min:  0.0, Avg:  0.0, Max:  0.0, Diff:  0.0, Sum:  0.0, Workers: 8
[2025-06-17T23:06:30.354+0300][6080][17800][debug][gc,phases] GC(17)         Dead                           Min: 0, Avg:  0.0, Max: 0, Diff: 0, Sum: 0, Workers: 8
[2025-06-17T23:06:30.354+0300][6080][17800][debug][gc,phases] GC(17)         Total                          Min: 0, Avg:  0.0, Max: 0, Diff: 0, Sum: 0, Workers: 8
[2025-06-17T23:06:30.354+0300][6080][17800][debug][gc,phases] GC(17)       StringDedup Requests0 Weak     Min:  0.0, Avg:  0.0, Max:  0.0, Diff:  0.0, Sum:  0.0, Workers: 8
[2025-06-17T23:06:30.354+0300][6080][17800][debug][gc,phases] GC(17)         Dead                           Min: 0, Avg:  0.0, Max: 0, Diff: 0, Sum: 0, Workers: 8
[2025-06-17T23:06:30.354+0300][6080][17800][debug][gc,phases] GC(17)         Total                          Min: 0, Avg:  0.0, Max: 0, Diff: 0, Sum: 0, Workers: 8
[2025-06-17T23:06:30.354+0300][6080][17800][debug][gc,phases] GC(17)       StringDedup Requests1 Weak     Min:  0.0, Avg:  0.0, Max:  0.0, Diff:  0.0, Sum:  0.0, Workers: 8
[2025-06-17T23:06:30.354+0300][6080][17800][debug][gc,phases] GC(17)         Dead                           Min: 0, Avg:  0.0, Max: 0, Diff: 0, Sum: 0, Workers: 8
[2025-06-17T23:06:30.354+0300][6080][17800][debug][gc,phases] GC(17)         Total                          Min: 0, Avg:  0.0, Max: 0, Diff: 0, Sum: 0, Workers: 8
[2025-06-17T23:06:30.354+0300][6080][17800][debug][gc,phases] GC(17)       Weak JFR Old Object Samples    Min:  0.0, Avg:  0.0, Max:  0.0, Diff:  0.0, Sum:  0.0, Workers: 8
[2025-06-17T23:06:30.354+0300][6080][17800][debug][gc,phases] GC(17)         Dead                           Min: 0, Avg:  0.0, Max: 0, Diff: 0, Sum: 0, Workers: 8
[2025-06-17T23:06:30.354+0300][6080][17800][debug][gc,phases] GC(17)         Total                          Min: 0, Avg:  0.0, Max: 0, Diff: 0, Sum: 0, Workers: 8
[2025-06-17T23:06:30.354+0300][6080][17800][debug][gc,phases] GC(17)     Post Evacuate Cleanup 1: 0.2ms
[2025-06-17T23:06:30.354+0300][6080][17800][debug][gc,phases] GC(17)       Merge Per-Thread State (ms):   Min:  0.0, Avg:  0.0, Max:  0.0, Diff:  0.0, Sum:  0.0, Workers: 1
[2025-06-17T23:06:30.354+0300][6080][17800][debug][gc,phases] GC(17)         Copied Bytes                   Min: 93088, Avg: 286314.0, Max: 992088, Diff: 899000, Sum: 2290512, Workers: 8
[2025-06-17T23:06:30.354+0300][6080][17800][debug][gc,phases] GC(17)         LAB Waste                      Min: 32, Avg: 449.0, Max: 2520, Diff: 2488, Sum: 3592, Workers: 8
[2025-06-17T23:06:30.354+0300][6080][17800][debug][gc,phases] GC(17)         LAB Undo Waste                 Min: 0, Avg:  0.0, Max: 0, Diff: 0, Sum: 0, Workers: 8
[2025-06-17T23:06:30.354+0300][6080][17800][debug][gc,phases] GC(17)       Clear Logged Cards (ms):       Min:  0.0, Avg:  0.0, Max:  0.1, Diff:  0.1, Sum:  0.2, Workers: 5
[2025-06-17T23:06:30.354+0300][6080][17800][debug][gc,phases] GC(17)       Recalculate Used Memory (ms):  Min:  0.0, Avg:  0.0, Max:  0.0, Diff:  0.0, Sum:  0.0, Workers: 1
[2025-06-17T23:06:30.354+0300][6080][17800][debug][gc,phases] GC(17)     Post Evacuate Cleanup 2: 0.3ms
[2025-06-17T23:06:30.354+0300][6080][17800][debug][gc,phases] GC(17)       Update Derived Pointers (ms):  Min:  0.0, Avg:  0.0, Max:  0.0, Diff:  0.0, Sum:  0.0, Workers: 1
[2025-06-17T23:06:30.354+0300][6080][17800][debug][gc,phases] GC(17)       Eagerly Reclaim Humongous Objects (ms): skipped
[2025-06-17T23:06:30.354+0300][6080][17800][debug][gc,phases] GC(17)         Humongous Total                skipped
[2025-06-17T23:06:30.354+0300][6080][17800][debug][gc,phases] GC(17)         Humongous Candidates           skipped
[2025-06-17T23:06:30.354+0300][6080][17800][debug][gc,phases] GC(17)         Humongous Reclaimed            skipped
[2025-06-17T23:06:30.354+0300][6080][17800][debug][gc,phases] GC(17)       Redirty Logged Cards (ms):     Min:  0.0, Avg:  0.0, Max:  0.0, Diff:  0.0, Sum:  0.0, Workers: 8
[2025-06-17T23:06:30.354+0300][6080][17800][debug][gc,phases] GC(17)         Redirtied Cards:               Min: 0, Avg: 38.5, Max: 269, Diff: 269, Sum: 308, Workers: 8
[2025-06-17T23:06:30.354+0300][6080][17800][debug][gc,phases] GC(17)       Resize TLABs (ms):             Min:  0.0, Avg:  0.0, Max:  0.0, Diff:  0.0, Sum:  0.0, Workers: 8
[2025-06-17T23:06:30.354+0300][6080][17800][debug][gc,phases] GC(17)       Free Collection Set (ms):      Min:  0.2, Avg:  0.2, Max:  0.2, Diff:  0.1, Sum:  1.6, Workers: 8
[2025-06-17T23:06:30.354+0300][6080][17800][debug][gc,phases] GC(17)     Rebuild Free List: 0.2ms
[2025-06-17T23:06:30.354+0300][6080][17800][debug][gc,phases] GC(17)     Prepare For Mutator: 0.0ms
[2025-06-17T23:06:30.354+0300][6080][17800][debug][gc,phases] GC(17)     Expand Heap After Collection: 0.0ms
[2025-06-17T23:06:30.354+0300][6080][17800][info ][gc,phases] GC(17)   Other: 0.2ms
[2025-06-17T23:06:30.354+0300][6080][17800][info ][gc,heap  ] GC(17) Eden regions: 1225->0(1225)
[2025-06-17T23:06:30.354+0300][6080][17800][info ][gc,heap  ] GC(17) Survivor regions: 3->3(154)
[2025-06-17T23:06:30.354+0300][6080][17800][info ][gc,heap  ] GC(17) Old regions: 17->17
[2025-06-17T23:06:30.354+0300][6080][17800][info ][gc,heap  ] GC(17) Humongous regions: 0->0
[2025-06-17T23:06:30.354+0300][6080][17800][debug][gc,heap  ] GC(17) Heap after GC invocations=18 (full 3):
[2025-06-17T23:06:30.354+0300][6080][17800][debug][gc,heap  ] GC(17)  garbage-first heap   total 2097152K, used 16962K [0x0000000080000000, 0x0000000100000000)
[2025-06-17T23:06:30.354+0300][6080][17800][debug][gc,heap  ] GC(17)   region size 1024K, 3 young (3072K), 3 survivors (3072K)
[2025-06-17T23:06:30.354+0300][6080][17800][debug][gc,heap  ] GC(17)  Metaspace       used 34424K, committed 35648K, reserved 1114112K
[2025-06-17T23:06:30.354+0300][6080][17800][debug][gc,heap  ] GC(17)   class space    used 2864K, committed 3328K, reserved 1048576K
[2025-06-17T23:06:30.354+0300][6080][17800][info ][gc       ] GC(17) Pause Young (Normal) (G1 Evacuation Pause) 1241M->16M(2048M) 5.106ms
[2025-06-17T23:06:30.354+0300][6080][17800][info ][safepoint] Safepoint "G1CollectForAllocation", Time since last: 33801046600 ns, Reaching safepoint: 100500 ns, Cleanup: 21200 ns, At safepoint: 5137500 ns, Total: 5259200 ns
[2025-06-17T23:06:39.413+0300][6080][17800][debug][safepoint] Safepoint synchronization initiated using striped semaphore wait barrier. (32 threads)
[2025-06-17T23:06:39.413+0300][6080][17800][info ][safepoint] Safepoint "Cleanup", Time since last: 9051310200 ns, Reaching safepoint: 171800 ns, Cleanup: 26700 ns, At safepoint: 6100 ns, Total: 204600 ns
[2025-06-17T23:06:46.470+0300][6080][17800][debug][safepoint] Safepoint synchronization initiated using striped semaphore wait barrier. (32 threads)
[2025-06-17T23:06:46.470+0300][6080][17800][info ][safepoint] Safepoint "Cleanup", Time since last: 7057086900 ns, Reaching safepoint: 123800 ns, Cleanup: 21800 ns, At safepoint: 14400 ns, Total: 160000 ns
[2025-06-17T23:06:54.602+0300][6080][17800][debug][safepoint] Safepoint synchronization initiated using striped semaphore wait barrier. (32 threads)
[2025-06-17T23:06:54.603+0300][6080][17800][info ][safepoint] Safepoint "Cleanup", Time since last: 8132238500 ns, Reaching safepoint: 144400 ns, Cleanup: 27800 ns, At safepoint: 29900 ns, Total: 202100 ns
[2025-06-17T23:07:05.669+0300][6080][17800][debug][safepoint] Safepoint synchronization initiated using striped semaphore wait barrier. (33 threads)
[2025-06-17T23:07:05.669+0300][6080][17800][info ][safepoint] Safepoint "Cleanup", Time since last: 11066305300 ns, Reaching safepoint: 131500 ns, Cleanup: 33200 ns, At safepoint: 4000 ns, Total: 168700 ns
[2025-06-17T23:07:12.568+0300][6080][17800][debug][safepoint] Safepoint synchronization initiated using striped semaphore wait barrier. (32 threads)
[2025-06-17T23:07:12.568+0300][6080][21324][debug][safepoint] ... found polling page loop exception at pc = 0x000002dceac246f0, stub =0x000002dce9e45d80
[2025-06-17T23:07:12.568+0300][6080][17800][debug][gc,heap  ] GC(18) Heap before GC invocations=18 (full 3):
[2025-06-17T23:07:12.568+0300][6080][17800][debug][gc,heap  ] GC(18)  garbage-first heap   total 2097152K, used 1270338K [0x0000000080000000, 0x0000000100000000)
[2025-06-17T23:07:12.568+0300][6080][17800][debug][gc,heap  ] GC(18)   region size 1024K, 1228 young (1257472K), 3 survivors (3072K)
[2025-06-17T23:07:12.568+0300][6080][17800][debug][gc,heap  ] GC(18)  Metaspace       used 34426K, committed 35648K, reserved 1114112K
[2025-06-17T23:07:12.568+0300][6080][17800][debug][gc,heap  ] GC(18)   class space    used 2864K, committed 3328K, reserved 1048576K
[2025-06-17T23:07:12.572+0300][6080][17800][info ][gc,phases] GC(18)   Pre Evacuate Collection Set: 0.6ms
[2025-06-17T23:07:12.572+0300][6080][17800][debug][gc,phases] GC(18)     Pre Evacuate Prepare: 0.2ms
[2025-06-17T23:07:12.572+0300][6080][17800][debug][gc,phases] GC(18)       JT Retire TLABs And Flush Logs (ms): Min:  0.0, Avg:  0.0, Max:  0.0, Diff:  0.0, Sum:  0.0, Workers: 2
[2025-06-17T23:07:12.572+0300][6080][17800][debug][gc,phases] GC(18)       Non-JT Flush Logs (ms):        Min:  0.0, Avg:  0.0, Max:  0.0, Diff:  0.0, Sum:  0.0, Workers: 1
[2025-06-17T23:07:12.572+0300][6080][17800][debug][gc,phases] GC(18)     Choose Collection Set: 0.0ms
[2025-06-17T23:07:12.572+0300][6080][17800][debug][gc,phases] GC(18)     Region Register: 0.4ms
[2025-06-17T23:07:12.572+0300][6080][17800][debug][gc,phases] GC(18)     Prepare Heap Roots: 0.0ms
[2025-06-17T23:07:12.572+0300][6080][17800][info ][gc,phases] GC(18)   Merge Heap Roots: 0.5ms
[2025-06-17T23:07:12.572+0300][6080][17800][debug][gc,phases] GC(18)     Prepare Merge Heap Roots: 0.0ms
[2025-06-17T23:07:12.572+0300][6080][17800][debug][gc,phases] GC(18)     Remembered Sets (ms):          Min:  0.2, Avg:  0.2, Max:  0.2, Diff:  0.1, Sum:  1.8, Workers: 8
[2025-06-17T23:07:12.572+0300][6080][17800][debug][gc,phases] GC(18)       Eager Reclaim (ms):            skipped
[2025-06-17T23:07:12.572+0300][6080][17800][debug][gc,phases] GC(18)       Merged Inline                  Min: 0, Avg:  0.0, Max: 0, Diff: 0, Sum: 0, Workers: 8
[2025-06-17T23:07:12.572+0300][6080][17800][debug][gc,phases] GC(18)       Merged ArrayOfCards            Min: 0, Avg:  0.0, Max: 0, Diff: 0, Sum: 0, Workers: 8
[2025-06-17T23:07:12.572+0300][6080][17800][debug][gc,phases] GC(18)       Merged Howl                    Min: 0, Avg:  0.0, Max: 0, Diff: 0, Sum: 0, Workers: 8
[2025-06-17T23:07:12.572+0300][6080][17800][debug][gc,phases] GC(18)       Merged Full                    Min: 0, Avg:  0.0, Max: 0, Diff: 0, Sum: 0, Workers: 8
[2025-06-17T23:07:12.572+0300][6080][17800][debug][gc,phases] GC(18)       Merged Howl Inline             Min: 0, Avg:  0.0, Max: 0, Diff: 0, Sum: 0, Workers: 8
[2025-06-17T23:07:12.572+0300][6080][17800][debug][gc,phases] GC(18)       Merged Howl ArrayOfCards       Min: 0, Avg:  0.0, Max: 0, Diff: 0, Sum: 0, Workers: 8
[2025-06-17T23:07:12.572+0300][6080][17800][debug][gc,phases] GC(18)       Merged Howl BitMap             Min: 0, Avg:  0.0, Max: 0, Diff: 0, Sum: 0, Workers: 8
[2025-06-17T23:07:12.572+0300][6080][17800][debug][gc,phases] GC(18)       Merged Howl Full               Min: 0, Avg:  0.0, Max: 0, Diff: 0, Sum: 0, Workers: 8
[2025-06-17T23:07:12.572+0300][6080][17800][debug][gc,phases] GC(18)       Merged Cards                   Min: 8, Avg:  8.0, Max: 8, Diff: 0, Sum: 64, Workers: 8
[2025-06-17T23:07:12.572+0300][6080][17800][debug][gc,phases] GC(18)     Log Buffers (ms):              Min:  0.0, Avg:  0.0, Max:  0.0, Diff:  0.0, Sum:  0.0, Workers: 8
[2025-06-17T23:07:12.572+0300][6080][17800][debug][gc,phases] GC(18)       Dirty Cards:                   Min: 0, Avg: 58.5, Max: 310, Diff: 310, Sum: 468, Workers: 8
[2025-06-17T23:07:12.572+0300][6080][17800][debug][gc,phases] GC(18)       Skipped Cards:                 Min: 0, Avg:  0.0, Max: 0, Diff: 0, Sum: 0, Workers: 8
[2025-06-17T23:07:12.572+0300][6080][17800][info ][gc,phases] GC(18)   Evacuate Collection Set: 2.4ms
[2025-06-17T23:07:12.572+0300][6080][17800][debug][gc,phases] GC(18)     Ext Root Scanning (ms):        Min:  0.1, Avg:  0.2, Max:  0.3, Diff:  0.2, Sum:  1.2, Workers: 8
[2025-06-17T23:07:12.572+0300][6080][17800][debug][gc,phases] GC(18)     Scan Heap Roots (ms):          Min:  0.0, Avg:  0.2, Max:  0.2, Diff:  0.2, Sum:  1.2, Workers: 8
[2025-06-17T23:07:12.572+0300][6080][17800][debug][gc,phases] GC(18)       Scanned Cards:                 Min: 0, Avg: 56.6, Max: 98, Diff: 98, Sum: 453, Workers: 8
[2025-06-17T23:07:12.572+0300][6080][17800][debug][gc,phases] GC(18)       Scanned Blocks:                Min: 0, Avg: 29.9, Max: 47, Diff: 47, Sum: 239, Workers: 8
[2025-06-17T23:07:12.572+0300][6080][17800][debug][gc,phases] GC(18)       Claimed Chunks:                Min: 0, Avg: 17.0, Max: 29, Diff: 29, Sum: 136, Workers: 8
[2025-06-17T23:07:12.572+0300][6080][17800][debug][gc,phases] GC(18)       Found Roots:                   Min: 0, Avg: 235.6, Max: 878, Diff: 878, Sum: 1885, Workers: 8
[2025-06-17T23:07:12.572+0300][6080][17800][debug][gc,phases] GC(18)     Code Root Scan (ms):           Min:  0.2, Avg:  0.7, Max:  1.1, Diff:  0.8, Sum:  5.4, Workers: 8
[2025-06-17T23:07:12.572+0300][6080][17800][debug][gc,phases] GC(18)       Scanned Nmethods               Min: 0, Avg: 63.5, Max: 110, Diff: 110, Sum: 508, Workers: 8
[2025-06-17T23:07:12.572+0300][6080][17800][debug][gc,phases] GC(18)     Object Copy (ms):              Min:  0.5, Avg:  0.8, Max:  1.3, Diff:  0.8, Sum:  6.3, Workers: 8
[2025-06-17T23:07:12.572+0300][6080][17800][debug][gc,phases] GC(18)     Termination (ms):              Min:  0.1, Avg:  0.2, Max:  0.3, Diff:  0.2, Sum:  1.7, Workers: 8
[2025-06-17T23:07:12.572+0300][6080][17800][debug][gc,phases] GC(18)       Termination Attempts:          Min: 1, Avg:  1.0, Max: 1, Diff: 0, Sum: 8, Workers: 8
[2025-06-17T23:07:12.572+0300][6080][17800][debug][gc,phases] GC(18)     GC Worker Other (ms):          Min:  0.2, Avg:  0.2, Max:  0.2, Diff:  0.0, Sum:  1.8, Workers: 8
[2025-06-17T23:07:12.572+0300][6080][17800][debug][gc,phases] GC(18)     GC Worker Total (ms):          Min:  2.2, Avg:  2.2, Max:  2.3, Diff:  0.1, Sum: 17.6, Workers: 8
[2025-06-17T23:07:12.572+0300][6080][17800][info ][gc,phases] GC(18)   Post Evacuate Collection Set: 1.6ms
[2025-06-17T23:07:12.572+0300][6080][17800][debug][gc,phases] GC(18)     NMethod List Cleanup: 0.1ms
[2025-06-17T23:07:12.572+0300][6080][17800][debug][gc,phases] GC(18)     Reference Processing: 0.1ms
[2025-06-17T23:07:12.572+0300][6080][17800][debug][gc,phases] GC(18)     Weak Processing: 0.3ms
[2025-06-17T23:07:12.572+0300][6080][17800][debug][gc,phases] GC(18)       VM Weak                        Min:  0.0, Avg:  0.0, Max:  0.0, Diff:  0.0, Sum:  0.0, Workers: 8
[2025-06-17T23:07:12.572+0300][6080][17800][debug][gc,phases] GC(18)         Dead                           Min: 0, Avg:  0.0, Max: 0, Diff: 0, Sum: 0, Workers: 8
[2025-06-17T23:07:12.572+0300][6080][17800][debug][gc,phases] GC(18)         Total                          Min: 0, Avg: 49.5, Max: 336, Diff: 336, Sum: 396, Workers: 8
[2025-06-17T23:07:12.572+0300][6080][17800][debug][gc,phases] GC(18)       ObjectSynchronizer Weak        Min:  0.0, Avg:  0.0, Max:  0.0, Diff:  0.0, Sum:  0.0, Workers: 8
[2025-06-17T23:07:12.572+0300][6080][17800][debug][gc,phases] GC(18)         Dead                           Min: 0, Avg:  0.0, Max: 0, Diff: 0, Sum: 0, Workers: 8
[2025-06-17T23:07:12.572+0300][6080][17800][debug][gc,phases] GC(18)         Total                          Min: 0, Avg:  8.5, Max: 64, Diff: 64, Sum: 68, Workers: 8
[2025-06-17T23:07:12.572+0300][6080][17800][debug][gc,phases] GC(18)       JVMTI Tag Weak OopStorage      Min:  0.0, Avg:  0.0, Max:  0.0, Diff:  0.0, Sum:  0.0, Workers: 8
[2025-06-17T23:07:12.572+0300][6080][17800][debug][gc,phases] GC(18)         Dead                           Min: 0, Avg:  0.0, Max: 0, Diff: 0, Sum: 0, Workers: 8
[2025-06-17T23:07:12.572+0300][6080][17800][debug][gc,phases] GC(18)         Total                          Min: 0, Avg:  0.0, Max: 0, Diff: 0, Sum: 0, Workers: 8
[2025-06-17T23:07:12.572+0300][6080][17800][debug][gc,phases] GC(18)       StringTable Weak               Min:  0.1, Avg:  0.1, Max:  0.2, Diff:  0.1, Sum:  0.8, Workers: 8
[2025-06-17T23:07:12.572+0300][6080][17800][debug][gc,phases] GC(18)         Dead                           Min: 0, Avg:  0.0, Max: 0, Diff: 0, Sum: 0, Workers: 8
[2025-06-17T23:07:12.572+0300][6080][17800][debug][gc,phases] GC(18)         Total                          Min: 1856, Avg: 3496.8, Max: 6982, Diff: 5126, Sum: 27974, Workers: 8
[2025-06-17T23:07:12.572+0300][6080][17800][debug][gc,phases] GC(18)       ResolvedMethodTable Weak       Min:  0.0, Avg:  0.0, Max:  0.0, Diff:  0.0, Sum:  0.1, Workers: 8
[2025-06-17T23:07:12.572+0300][6080][17800][debug][gc,phases] GC(18)         Dead                           Min: 0, Avg:  0.0, Max: 0, Diff: 0, Sum: 0, Workers: 8
[2025-06-17T23:07:12.572+0300][6080][17800][debug][gc,phases] GC(18)         Total                          Min: 128, Avg: 227.1, Max: 320, Diff: 192, Sum: 1817, Workers: 8
[2025-06-17T23:07:12.572+0300][6080][17800][debug][gc,phases] GC(18)       JNI Weak                       Min:  0.0, Avg:  0.0, Max:  0.0, Diff:  0.0, Sum:  0.0, Workers: 8
[2025-06-17T23:07:12.572+0300][6080][17800][debug][gc,phases] GC(18)         Dead                           Min: 0, Avg:  0.0, Max: 0, Diff: 0, Sum: 0, Workers: 8
[2025-06-17T23:07:12.572+0300][6080][17800][debug][gc,phases] GC(18)         Total                          Min: 0, Avg:  0.0, Max: 0, Diff: 0, Sum: 0, Workers: 8
[2025-06-17T23:07:12.572+0300][6080][17800][debug][gc,phases] GC(18)       StringDedup Table Weak         Min:  0.0, Avg:  0.0, Max:  0.0, Diff:  0.0, Sum:  0.0, Workers: 8
[2025-06-17T23:07:12.572+0300][6080][17800][debug][gc,phases] GC(18)         Dead                           Min: 0, Avg:  0.0, Max: 0, Diff: 0, Sum: 0, Workers: 8
[2025-06-17T23:07:12.572+0300][6080][17800][debug][gc,phases] GC(18)         Total                          Min: 0, Avg:  0.0, Max: 0, Diff: 0, Sum: 0, Workers: 8
[2025-06-17T23:07:12.572+0300][6080][17800][debug][gc,phases] GC(18)       StringDedup Requests0 Weak     Min:  0.0, Avg:  0.0, Max:  0.0, Diff:  0.0, Sum:  0.0, Workers: 8
[2025-06-17T23:07:12.572+0300][6080][17800][debug][gc,phases] GC(18)         Dead                           Min: 0, Avg:  0.0, Max: 0, Diff: 0, Sum: 0, Workers: 8
[2025-06-17T23:07:12.572+0300][6080][17800][debug][gc,phases] GC(18)         Total                          Min: 0, Avg:  0.0, Max: 0, Diff: 0, Sum: 0, Workers: 8
[2025-06-17T23:07:12.572+0300][6080][17800][debug][gc,phases] GC(18)       StringDedup Requests1 Weak     Min:  0.0, Avg:  0.0, Max:  0.0, Diff:  0.0, Sum:  0.0, Workers: 8
[2025-06-17T23:07:12.572+0300][6080][17800][debug][gc,phases] GC(18)         Dead                           Min: 0, Avg:  0.0, Max: 0, Diff: 0, Sum: 0, Workers: 8
[2025-06-17T23:07:12.572+0300][6080][17800][debug][gc,phases] GC(18)         Total                          Min: 0, Avg:  0.0, Max: 0, Diff: 0, Sum: 0, Workers: 8
[2025-06-17T23:07:12.572+0300][6080][17800][debug][gc,phases] GC(18)       Weak JFR Old Object Samples    Min:  0.0, Avg:  0.0, Max:  0.0, Diff:  0.0, Sum:  0.0, Workers: 8
[2025-06-17T23:07:12.572+0300][6080][17800][debug][gc,phases] GC(18)         Dead                           Min: 0, Avg:  0.0, Max: 0, Diff: 0, Sum: 0, Workers: 8
[2025-06-17T23:07:12.572+0300][6080][17800][debug][gc,phases] GC(18)         Total                          Min: 0, Avg:  0.0, Max: 0, Diff: 0, Sum: 0, Workers: 8
[2025-06-17T23:07:12.572+0300][6080][17800][debug][gc,phases] GC(18)     Post Evacuate Cleanup 1: 0.4ms
[2025-06-17T23:07:12.572+0300][6080][17800][debug][gc,phases] GC(18)       Merge Per-Thread State (ms):   Min:  0.1, Avg:  0.1, Max:  0.1, Diff:  0.0, Sum:  0.1, Workers: 1
[2025-06-17T23:07:12.572+0300][6080][17800][debug][gc,phases] GC(18)         Copied Bytes                   Min: 75600, Avg: 287168.0, Max: 1019408, Diff: 943808, Sum: 2297344, Workers: 8
[2025-06-17T23:07:12.572+0300][6080][17800][debug][gc,phases] GC(18)         LAB Waste                      Min: 120, Avg: 544.0, Max: 1184, Diff: 1064, Sum: 4352, Workers: 8
[2025-06-17T23:07:12.572+0300][6080][17800][debug][gc,phases] GC(18)         LAB Undo Waste                 Min: 0, Avg:  0.0, Max: 0, Diff: 0, Sum: 0, Workers: 8
[2025-06-17T23:07:12.572+0300][6080][17800][debug][gc,phases] GC(18)       Clear Logged Cards (ms):       Min:  0.0, Avg:  0.1, Max:  0.2, Diff:  0.2, Sum:  0.5, Workers: 5
[2025-06-17T23:07:12.572+0300][6080][17800][debug][gc,phases] GC(18)       Recalculate Used Memory (ms):  Min:  0.0, Avg:  0.0, Max:  0.0, Diff:  0.0, Sum:  0.0, Workers: 1
[2025-06-17T23:07:12.572+0300][6080][17800][debug][gc,phases] GC(18)     Post Evacuate Cleanup 2: 0.5ms
[2025-06-17T23:07:12.572+0300][6080][17800][debug][gc,phases] GC(18)       Update Derived Pointers (ms):  Min:  0.0, Avg:  0.0, Max:  0.0, Diff:  0.0, Sum:  0.0, Workers: 1
[2025-06-17T23:07:12.572+0300][6080][17800][debug][gc,phases] GC(18)       Eagerly Reclaim Humongous Objects (ms): skipped
[2025-06-17T23:07:12.572+0300][6080][17800][debug][gc,phases] GC(18)         Humongous Total                skipped
[2025-06-17T23:07:12.572+0300][6080][17800][debug][gc,phases] GC(18)         Humongous Candidates           skipped
[2025-06-17T23:07:12.572+0300][6080][17800][debug][gc,phases] GC(18)         Humongous Reclaimed            skipped
[2025-06-17T23:07:12.572+0300][6080][17800][debug][gc,phases] GC(18)       Redirty Logged Cards (ms):     Min:  0.0, Avg:  0.0, Max:  0.0, Diff:  0.0, Sum:  0.0, Workers: 8
[2025-06-17T23:07:12.572+0300][6080][17800][debug][gc,phases] GC(18)         Redirtied Cards:               Min: 0, Avg: 38.4, Max: 242, Diff: 242, Sum: 307, Workers: 8
[2025-06-17T23:07:12.572+0300][6080][17800][debug][gc,phases] GC(18)       Resize TLABs (ms):             Min:  0.0, Avg:  0.0, Max:  0.0, Diff:  0.0, Sum:  0.0, Workers: 8
[2025-06-17T23:07:12.572+0300][6080][17800][debug][gc,phases] GC(18)       Free Collection Set (ms):      Min:  0.2, Avg:  0.3, Max:  0.3, Diff:  0.1, Sum:  2.3, Workers: 8
[2025-06-17T23:07:12.572+0300][6080][17800][debug][gc,phases] GC(18)     Rebuild Free List: 0.2ms
[2025-06-17T23:07:12.572+0300][6080][17800][debug][gc,phases] GC(18)     Prepare For Mutator: 0.0ms
[2025-06-17T23:07:12.572+0300][6080][17800][debug][gc,phases] GC(18)     Expand Heap After Collection: 0.0ms
[2025-06-17T23:07:12.572+0300][6080][17800][info ][gc,phases] GC(18)   Other: 0.2ms
[2025-06-17T23:07:12.572+0300][6080][17800][info ][gc,heap  ] GC(18) Eden regions: 1225->0(1225)
[2025-06-17T23:07:12.572+0300][6080][17800][info ][gc,heap  ] GC(18) Survivor regions: 3->3(154)
[2025-06-17T23:07:12.572+0300][6080][17800][info ][gc,heap  ] GC(18) Old regions: 17->17
[2025-06-17T23:07:12.572+0300][6080][17800][info ][gc,heap  ] GC(18) Humongous regions: 0->0
[2025-06-17T23:07:12.572+0300][6080][17800][debug][gc,heap  ] GC(18) Heap after GC invocations=19 (full 3):
[2025-06-17T23:07:12.572+0300][6080][17800][debug][gc,heap  ] GC(18)  garbage-first heap   total 2097152K, used 16504K [0x0000000080000000, 0x0000000100000000)
[2025-06-17T23:07:12.572+0300][6080][17800][debug][gc,heap  ] GC(18)   region size 1024K, 3 young (3072K), 3 survivors (3072K)
[2025-06-17T23:07:12.572+0300][6080][17800][debug][gc,heap  ] GC(18)  Metaspace       used 34426K, committed 35648K, reserved 1114112K
[2025-06-17T23:07:12.572+0300][6080][17800][debug][gc,heap  ] GC(18)   class space    used 2864K, committed 3328K, reserved 1048576K
[2025-06-17T23:07:12.572+0300][6080][17800][info ][gc       ] GC(18) Pause Young (Normal) (G1 Evacuation Pause) 1241M->16M(2048M) 6.938ms
[2025-06-17T23:07:12.572+0300][6080][17800][info ][safepoint] Safepoint "G1CollectForAllocation", Time since last: 6899197400 ns, Reaching safepoint: 280100 ns, Cleanup: 19000 ns, At safepoint: 6970000 ns, Total: 7269100 ns
[2025-06-17T23:07:13.582+0300][6080][17800][debug][safepoint] Safepoint synchronization initiated using striped semaphore wait barrier. (32 threads)
[2025-06-17T23:07:13.582+0300][6080][17800][info ][safepoint] Safepoint "Cleanup", Time since last: 1007041100 ns, Reaching safepoint: 147000 ns, Cleanup: 33500 ns, At safepoint: 13600 ns, Total: 194100 ns
[2025-06-17T23:07:15.604+0300][6080][17800][debug][safepoint] Safepoint synchronization initiated using striped semaphore wait barrier. (32 threads)
[2025-06-17T23:07:15.604+0300][6080][17800][info ][safepoint] Safepoint "Cleanup", Time since last: 2020624300 ns, Reaching safepoint: 100700 ns, Cleanup: 18000 ns, At safepoint: 13400 ns, Total: 132100 ns
[2025-06-17T23:07:16.619+0300][6080][17800][debug][safepoint] Safepoint synchronization initiated using striped semaphore wait barrier. (32 threads)
[2025-06-17T23:07:16.619+0300][6080][17800][info ][safepoint] Safepoint "Cleanup", Time since last: 1014945900 ns, Reaching safepoint: 110100 ns, Cleanup: 36800 ns, At safepoint: 17500 ns, Total: 164400 ns
[2025-06-17T23:07:17.628+0300][6080][17800][debug][safepoint] Safepoint synchronization initiated using striped semaphore wait barrier. (32 threads)
[2025-06-17T23:07:17.628+0300][6080][17800][info ][safepoint] Safepoint "Cleanup", Time since last: 1009285000 ns, Reaching safepoint: 124200 ns, Cleanup: 45700 ns, At safepoint: 11000 ns, Total: 180900 ns
[2025-06-17T23:07:18.640+0300][6080][17800][debug][safepoint] Safepoint synchronization initiated using striped semaphore wait barrier. (32 threads)
[2025-06-17T23:07:18.640+0300][6080][17800][info ][safepoint] Safepoint "Cleanup", Time since last: 1012154800 ns, Reaching safepoint: 196300 ns, Cleanup: 41100 ns, At safepoint: 56400 ns, Total: 293800 ns
[2025-06-17T23:07:20.662+0300][6080][17800][debug][safepoint] Safepoint synchronization initiated using striped semaphore wait barrier. (32 threads)
[2025-06-17T23:07:20.662+0300][6080][17800][info ][safepoint] Safepoint "Cleanup", Time since last: 2021267800 ns, Reaching safepoint: 151200 ns, Cleanup: 47900 ns, At safepoint: 47900 ns, Total: 247000 ns
[2025-06-17T23:07:22.665+0300][6080][17800][debug][safepoint] Safepoint synchronization initiated using striped semaphore wait barrier. (32 threads)
[2025-06-17T23:07:22.665+0300][6080][17800][info ][safepoint] Safepoint "Cleanup", Time since last: 2002612500 ns, Reaching safepoint: 167700 ns, Cleanup: 36400 ns, At safepoint: 4700 ns, Total: 208800 ns
[2025-06-17T23:07:23.676+0300][6080][17800][debug][safepoint] Safepoint synchronization initiated using striped semaphore wait barrier. (32 threads)
[2025-06-17T23:07:23.676+0300][6080][17800][info ][safepoint] Safepoint "Cleanup", Time since last: 1011135600 ns, Reaching safepoint: 155200 ns, Cleanup: 22700 ns, At safepoint: 32300 ns, Total: 210200 ns
[2025-06-17T23:07:27.708+0300][6080][17800][debug][safepoint] Safepoint synchronization initiated using striped semaphore wait barrier. (32 threads)
[2025-06-17T23:07:27.708+0300][6080][17800][info ][safepoint] Safepoint "Cleanup", Time since last: 4031894500 ns, Reaching safepoint: 157700 ns, Cleanup: 36400 ns, At safepoint: 11000 ns, Total: 205100 ns
[2025-06-17T23:07:28.719+0300][6080][17800][debug][safepoint] Safepoint synchronization initiated using striped semaphore wait barrier. (32 threads)
[2025-06-17T23:07:28.720+0300][6080][17800][info ][safepoint] Safepoint "Cleanup", Time since last: 1010913600 ns, Reaching safepoint: 162500 ns, Cleanup: 42000 ns, At safepoint: 40300 ns, Total: 244800 ns
[2025-06-17T23:07:29.723+0300][6080][17800][debug][safepoint] Safepoint synchronization initiated using striped semaphore wait barrier. (32 threads)
[2025-06-17T23:07:29.723+0300][6080][17800][info ][safepoint] Safepoint "Cleanup", Time since last: 1003726100 ns, Reaching safepoint: 152300 ns, Cleanup: 56800 ns, At safepoint: 4800 ns, Total: 213900 ns
[2025-06-17T23:07:32.755+0300][6080][17800][debug][safepoint] Safepoint synchronization initiated using striped semaphore wait barrier. (32 threads)
[2025-06-17T23:07:32.755+0300][6080][17848][debug][safepoint] ... found polling page loop exception at pc = 0x000002dcea94386a, stub =0x000002dce9e46600
[2025-06-17T23:07:32.755+0300][6080][17800][info ][safepoint] Safepoint "Cleanup", Time since last: 3031488900 ns, Reaching safepoint: 280200 ns, Cleanup: 34100 ns, At safepoint: 24000 ns, Total: 338300 ns
[2025-06-17T23:07:48.633+0300][6080][2480 ][debug][safepoint] ... found polling page loop exception at pc = 0x000002dceae22fa6, stub =0x000002dce9e46600
[2025-06-17T23:07:48.633+0300][6080][20984][debug][safepoint] ... found polling page loop exception at pc = 0x000002dceaebdd94, stub =0x000002dce9e46600
[2025-06-17T23:07:55.117+0300][6080][17800][debug][safepoint] Safepoint synchronization initiated using striped semaphore wait barrier. (32 threads)
[2025-06-17T23:07:55.117+0300][6080][17800][debug][gc,heap  ] GC(19) Heap before GC invocations=19 (full 3):
[2025-06-17T23:07:55.117+0300][6080][17800][debug][gc,heap  ] GC(19)  garbage-first heap   total 2097152K, used 1270904K [0x0000000080000000, 0x0000000100000000)
[2025-06-17T23:07:55.117+0300][6080][17800][debug][gc,heap  ] GC(19)   region size 1024K, 1228 young (1257472K), 3 survivors (3072K)
[2025-06-17T23:07:55.117+0300][6080][17800][debug][gc,heap  ] GC(19)  Metaspace       used 34428K, committed 35648K, reserved 1114112K
[2025-06-17T23:07:55.117+0300][6080][17800][debug][gc,heap  ] GC(19)   class space    used 2864K, committed 3328K, reserved 1048576K
[2025-06-17T23:07:55.117+0300][6080][17800][info ][gc,phases] GC(19)   Pre Evacuate Collection Set: 0.6ms
[2025-06-17T23:07:55.117+0300][6080][17800][debug][gc,phases] GC(19)     Pre Evacuate Prepare: 0.2ms
[2025-06-17T23:07:55.117+0300][6080][17800][debug][gc,phases] GC(19)       JT Retire TLABs And Flush Logs (ms): Min:  0.0, Avg:  0.0, Max:  0.0, Diff:  0.0, Sum:  0.0, Workers: 2
[2025-06-17T23:07:55.117+0300][6080][17800][debug][gc,phases] GC(19)       Non-JT Flush Logs (ms):        Min:  0.0, Avg:  0.0, Max:  0.0, Diff:  0.0, Sum:  0.0, Workers: 1
[2025-06-17T23:07:55.117+0300][6080][17800][debug][gc,phases] GC(19)     Choose Collection Set: 0.0ms
[2025-06-17T23:07:55.117+0300][6080][17800][debug][gc,phases] GC(19)     Region Register: 0.4ms
[2025-06-17T23:07:55.117+0300][6080][17800][debug][gc,phases] GC(19)     Prepare Heap Roots: 0.0ms
[2025-06-17T23:07:55.117+0300][6080][17800][info ][gc,phases] GC(19)   Merge Heap Roots: 0.3ms
[2025-06-17T23:07:55.117+0300][6080][17800][debug][gc,phases] GC(19)     Prepare Merge Heap Roots: 0.0ms
[2025-06-17T23:07:55.117+0300][6080][17800][debug][gc,phases] GC(19)     Remembered Sets (ms):          Min:  0.1, Avg:  0.1, Max:  0.2, Diff:  0.1, Sum:  1.2, Workers: 8
[2025-06-17T23:07:55.117+0300][6080][17800][debug][gc,phases] GC(19)       Eager Reclaim (ms):            skipped
[2025-06-17T23:07:55.117+0300][6080][17800][debug][gc,phases] GC(19)       Merged Inline                  Min: 0, Avg:  0.0, Max: 0, Diff: 0, Sum: 0, Workers: 8
[2025-06-17T23:07:55.117+0300][6080][17800][debug][gc,phases] GC(19)       Merged ArrayOfCards            Min: 0, Avg:  0.0, Max: 0, Diff: 0, Sum: 0, Workers: 8
[2025-06-17T23:07:55.117+0300][6080][17800][debug][gc,phases] GC(19)       Merged Howl                    Min: 0, Avg:  0.0, Max: 0, Diff: 0, Sum: 0, Workers: 8
[2025-06-17T23:07:55.117+0300][6080][17800][debug][gc,phases] GC(19)       Merged Full                    Min: 0, Avg:  0.0, Max: 0, Diff: 0, Sum: 0, Workers: 8
[2025-06-17T23:07:55.117+0300][6080][17800][debug][gc,phases] GC(19)       Merged Howl Inline             Min: 0, Avg:  0.0, Max: 0, Diff: 0, Sum: 0, Workers: 8
[2025-06-17T23:07:55.117+0300][6080][17800][debug][gc,phases] GC(19)       Merged Howl ArrayOfCards       Min: 0, Avg:  0.0, Max: 0, Diff: 0, Sum: 0, Workers: 8
[2025-06-17T23:07:55.117+0300][6080][17800][debug][gc,phases] GC(19)       Merged Howl BitMap             Min: 0, Avg:  0.0, Max: 0, Diff: 0, Sum: 0, Workers: 8
[2025-06-17T23:07:55.117+0300][6080][17800][debug][gc,phases] GC(19)       Merged Howl Full               Min: 0, Avg:  0.0, Max: 0, Diff: 0, Sum: 0, Workers: 8
[2025-06-17T23:07:55.117+0300][6080][17800][debug][gc,phases] GC(19)       Merged Cards                   Min: 8, Avg:  8.0, Max: 8, Diff: 0, Sum: 64, Workers: 8
[2025-06-17T23:07:55.117+0300][6080][17800][debug][gc,phases] GC(19)     Log Buffers (ms):              Min:  0.0, Avg:  0.0, Max:  0.0, Diff:  0.0, Sum:  0.0, Workers: 8
[2025-06-17T23:07:55.117+0300][6080][17800][debug][gc,phases] GC(19)       Dirty Cards:                   Min: 0, Avg: 59.2, Max: 339, Diff: 339, Sum: 474, Workers: 8
[2025-06-17T23:07:55.117+0300][6080][17800][debug][gc,phases] GC(19)       Skipped Cards:                 Min: 0, Avg:  0.0, Max: 0, Diff: 0, Sum: 0, Workers: 8
[2025-06-17T23:07:55.117+0300][6080][17800][info ][gc,phases] GC(19)   Evacuate Collection Set: 2.0ms
[2025-06-17T23:07:55.117+0300][6080][17800][debug][gc,phases] GC(19)     Ext Root Scanning (ms):        Min:  0.0, Avg:  0.1, Max:  0.2, Diff:  0.2, Sum:  0.8, Workers: 8
[2025-06-17T23:07:55.117+0300][6080][17800][debug][gc,phases] GC(19)     Scan Heap Roots (ms):          Min:  0.0, Avg:  0.1, Max:  0.2, Diff:  0.2, Sum:  0.9, Workers: 8
[2025-06-17T23:07:55.117+0300][6080][17800][debug][gc,phases] GC(19)       Scanned Cards:                 Min: 0, Avg: 57.1, Max: 136, Diff: 136, Sum: 457, Workers: 8
[2025-06-17T23:07:55.117+0300][6080][17800][debug][gc,phases] GC(19)       Scanned Blocks:                Min: 0, Avg: 30.2, Max: 93, Diff: 93, Sum: 242, Workers: 8
[2025-06-17T23:07:55.117+0300][6080][17800][debug][gc,phases] GC(19)       Claimed Chunks:                Min: 0, Avg: 17.2, Max: 52, Diff: 52, Sum: 138, Workers: 8
[2025-06-17T23:07:55.117+0300][6080][17800][debug][gc,phases] GC(19)       Found Roots:                   Min: 0, Avg: 243.2, Max: 930, Diff: 930, Sum: 1946, Workers: 8
[2025-06-17T23:07:55.117+0300][6080][17800][debug][gc,phases] GC(19)     Code Root Scan (ms):           Min:  0.1, Avg:  0.5, Max:  0.8, Diff:  0.7, Sum:  3.8, Workers: 8
[2025-06-17T23:07:55.117+0300][6080][17800][debug][gc,phases] GC(19)       Scanned Nmethods               Min: 0, Avg: 49.5, Max: 116, Diff: 116, Sum: 396, Workers: 8
[2025-06-17T23:07:55.117+0300][6080][17800][debug][gc,phases] GC(19)     Object Copy (ms):              Min:  0.0, Avg:  0.6, Max:  0.9, Diff:  0.9, Sum:  4.5, Workers: 8
[2025-06-17T23:07:55.117+0300][6080][17800][debug][gc,phases] GC(19)     Termination (ms):              Min:  0.0, Avg:  0.2, Max:  0.3, Diff:  0.3, Sum:  1.9, Workers: 8
[2025-06-17T23:07:55.117+0300][6080][17800][debug][gc,phases] GC(19)       Termination Attempts:          Min: 1, Avg:  1.0, Max: 1, Diff: 0, Sum: 8, Workers: 8
[2025-06-17T23:07:55.117+0300][6080][17800][debug][gc,phases] GC(19)     GC Worker Other (ms):          Min:  0.1, Avg:  0.2, Max:  0.2, Diff:  0.1, Sum:  1.3, Workers: 8
[2025-06-17T23:07:55.117+0300][6080][17800][debug][gc,phases] GC(19)     GC Worker Total (ms):          Min:  0.2, Avg:  1.6, Max:  1.9, Diff:  1.6, Sum: 13.1, Workers: 8
[2025-06-17T23:07:55.117+0300][6080][17800][info ][gc,phases] GC(19)   Post Evacuate Collection Set: 1.0ms
[2025-06-17T23:07:55.117+0300][6080][17800][debug][gc,phases] GC(19)     NMethod List Cleanup: 0.1ms
[2025-06-17T23:07:55.117+0300][6080][17800][debug][gc,phases] GC(19)     Reference Processing: 0.1ms
[2025-06-17T23:07:55.117+0300][6080][17800][debug][gc,phases] GC(19)     Weak Processing: 0.2ms
[2025-06-17T23:07:55.117+0300][6080][17800][debug][gc,phases] GC(19)       VM Weak                        Min:  0.0, Avg:  0.0, Max:  0.0, Diff:  0.0, Sum:  0.0, Workers: 8
[2025-06-17T23:07:55.117+0300][6080][17800][debug][gc,phases] GC(19)         Dead                           Min: 0, Avg:  0.0, Max: 0, Diff: 0, Sum: 0, Workers: 8
[2025-06-17T23:07:55.117+0300][6080][17800][debug][gc,phases] GC(19)         Total                          Min: 0, Avg: 49.5, Max: 265, Diff: 265, Sum: 396, Workers: 8
[2025-06-17T23:07:55.117+0300][6080][17800][debug][gc,phases] GC(19)       ObjectSynchronizer Weak        Min:  0.0, Avg:  0.0, Max:  0.0, Diff:  0.0, Sum:  0.0, Workers: 8
[2025-06-17T23:07:55.117+0300][6080][17800][debug][gc,phases] GC(19)         Dead                           Min: 0, Avg:  0.0, Max: 0, Diff: 0, Sum: 0, Workers: 8
[2025-06-17T23:07:55.117+0300][6080][17800][debug][gc,phases] GC(19)         Total                          Min: 0, Avg:  2.4, Max: 17, Diff: 17, Sum: 19, Workers: 8
[2025-06-17T23:07:55.117+0300][6080][17800][debug][gc,phases] GC(19)       JVMTI Tag Weak OopStorage      Min:  0.0, Avg:  0.0, Max:  0.0, Diff:  0.0, Sum:  0.0, Workers: 8
[2025-06-17T23:07:55.117+0300][6080][17800][debug][gc,phases] GC(19)         Dead                           Min: 0, Avg:  0.0, Max: 0, Diff: 0, Sum: 0, Workers: 8
[2025-06-17T23:07:55.117+0300][6080][17800][debug][gc,phases] GC(19)         Total                          Min: 0, Avg:  0.0, Max: 0, Diff: 0, Sum: 0, Workers: 8
[2025-06-17T23:07:55.117+0300][6080][17800][debug][gc,phases] GC(19)       StringTable Weak               Min:  0.0, Avg:  0.1, Max:  0.1, Diff:  0.1, Sum:  0.6, Workers: 8
[2025-06-17T23:07:55.117+0300][6080][17800][debug][gc,phases] GC(19)         Dead                           Min: 0, Avg:  0.0, Max: 0, Diff: 0, Sum: 0, Workers: 8
[2025-06-17T23:07:55.117+0300][6080][17800][debug][gc,phases] GC(19)         Total                          Min: 0, Avg: 3499.1, Max: 6848, Diff: 6848, Sum: 27993, Workers: 8
[2025-06-17T23:07:55.117+0300][6080][17800][debug][gc,phases] GC(19)       ResolvedMethodTable Weak       Min:  0.0, Avg:  0.0, Max:  0.0, Diff:  0.0, Sum:  0.0, Workers: 8
[2025-06-17T23:07:55.117+0300][6080][17800][debug][gc,phases] GC(19)         Dead                           Min: 0, Avg:  0.0, Max: 0, Diff: 0, Sum: 0, Workers: 8
[2025-06-17T23:07:55.117+0300][6080][17800][debug][gc,phases] GC(19)         Total                          Min: 0, Avg: 227.1, Max: 448, Diff: 448, Sum: 1817, Workers: 8
[2025-06-17T23:07:55.117+0300][6080][17800][debug][gc,phases] GC(19)       JNI Weak                       Min:  0.0, Avg:  0.0, Max:  0.0, Diff:  0.0, Sum:  0.0, Workers: 8
[2025-06-17T23:07:55.117+0300][6080][17800][debug][gc,phases] GC(19)         Dead                           Min: 0, Avg:  0.0, Max: 0, Diff: 0, Sum: 0, Workers: 8
[2025-06-17T23:07:55.117+0300][6080][17800][debug][gc,phases] GC(19)         Total                          Min: 0, Avg:  0.0, Max: 0, Diff: 0, Sum: 0, Workers: 8
[2025-06-17T23:07:55.117+0300][6080][17800][debug][gc,phases] GC(19)       StringDedup Table Weak         Min:  0.0, Avg:  0.0, Max:  0.0, Diff:  0.0, Sum:  0.0, Workers: 8
[2025-06-17T23:07:55.117+0300][6080][17800][debug][gc,phases] GC(19)         Dead                           Min: 0, Avg:  0.0, Max: 0, Diff: 0, Sum: 0, Workers: 8
[2025-06-17T23:07:55.117+0300][6080][17800][debug][gc,phases] GC(19)         Total                          Min: 0, Avg:  0.0, Max: 0, Diff: 0, Sum: 0, Workers: 8
[2025-06-17T23:07:55.117+0300][6080][17800][debug][gc,phases] GC(19)       StringDedup Requests0 Weak     Min:  0.0, Avg:  0.0, Max:  0.0, Diff:  0.0, Sum:  0.0, Workers: 8
[2025-06-17T23:07:55.117+0300][6080][17800][debug][gc,phases] GC(19)         Dead                           Min: 0, Avg:  0.0, Max: 0, Diff: 0, Sum: 0, Workers: 8
[2025-06-17T23:07:55.117+0300][6080][17800][debug][gc,phases] GC(19)         Total                          Min: 0, Avg:  0.0, Max: 0, Diff: 0, Sum: 0, Workers: 8
[2025-06-17T23:07:55.117+0300][6080][17800][debug][gc,phases] GC(19)       StringDedup Requests1 Weak     Min:  0.0, Avg:  0.0, Max:  0.0, Diff:  0.0, Sum:  0.0, Workers: 8
[2025-06-17T23:07:55.117+0300][6080][17800][debug][gc,phases] GC(19)         Dead                           Min: 0, Avg:  0.0, Max: 0, Diff: 0, Sum: 0, Workers: 8
[2025-06-17T23:07:55.117+0300][6080][17800][debug][gc,phases] GC(19)         Total                          Min: 0, Avg:  0.0, Max: 0, Diff: 0, Sum: 0, Workers: 8
[2025-06-17T23:07:55.117+0300][6080][17800][debug][gc,phases] GC(19)       Weak JFR Old Object Samples    Min:  0.0, Avg:  0.0, Max:  0.0, Diff:  0.0, Sum:  0.0, Workers: 8
[2025-06-17T23:07:55.117+0300][6080][17800][debug][gc,phases] GC(19)         Dead                           Min: 0, Avg:  0.0, Max: 0, Diff: 0, Sum: 0, Workers: 8
[2025-06-17T23:07:55.117+0300][6080][17800][debug][gc,phases] GC(19)         Total                          Min: 0, Avg:  0.0, Max: 0, Diff: 0, Sum: 0, Workers: 8
[2025-06-17T23:07:55.117+0300][6080][17800][debug][gc,phases] GC(19)     Post Evacuate Cleanup 1: 0.2ms
[2025-06-17T23:07:55.117+0300][6080][17800][debug][gc,phases] GC(19)       Merge Per-Thread State (ms):   Min:  0.0, Avg:  0.0, Max:  0.0, Diff:  0.0, Sum:  0.0, Workers: 1
[2025-06-17T23:07:55.117+0300][6080][17800][debug][gc,phases] GC(19)         Copied Bytes                   Min: 0, Avg: 288665.0, Max: 1005096, Diff: 1005096, Sum: 2309320, Workers: 8
[2025-06-17T23:07:55.117+0300][6080][17800][debug][gc,phases] GC(19)         LAB Waste                      Min: 0, Avg: 877.0, Max: 4152, Diff: 4152, Sum: 7016, Workers: 8
[2025-06-17T23:07:55.117+0300][6080][17800][debug][gc,phases] GC(19)         LAB Undo Waste                 Min: 0, Avg:  0.0, Max: 0, Diff: 0, Sum: 0, Workers: 8
[2025-06-17T23:07:55.117+0300][6080][17800][debug][gc,phases] GC(19)       Clear Logged Cards (ms):       Min:  0.0, Avg:  0.1, Max:  0.2, Diff:  0.2, Sum:  0.3, Workers: 5
[2025-06-17T23:07:55.117+0300][6080][17800][debug][gc,phases] GC(19)       Recalculate Used Memory (ms):  Min:  0.0, Avg:  0.0, Max:  0.0, Diff:  0.0, Sum:  0.0, Workers: 1
[2025-06-17T23:07:55.117+0300][6080][17800][debug][gc,phases] GC(19)     Post Evacuate Cleanup 2: 0.3ms
[2025-06-17T23:07:55.117+0300][6080][17800][debug][gc,phases] GC(19)       Update Derived Pointers (ms):  Min:  0.0, Avg:  0.0, Max:  0.0, Diff:  0.0, Sum:  0.0, Workers: 1
[2025-06-17T23:07:55.117+0300][6080][17800][debug][gc,phases] GC(19)       Eagerly Reclaim Humongous Objects (ms): skipped
[2025-06-17T23:07:55.117+0300][6080][17800][debug][gc,phases] GC(19)         Humongous Total                skipped
[2025-06-17T23:07:55.117+0300][6080][17800][debug][gc,phases] GC(19)         Humongous Candidates           skipped
[2025-06-17T23:07:55.117+0300][6080][17800][debug][gc,phases] GC(19)         Humongous Reclaimed            skipped
[2025-06-17T23:07:55.117+0300][6080][17800][debug][gc,phases] GC(19)       Redirty Logged Cards (ms):     Min:  0.0, Avg:  0.0, Max:  0.0, Diff:  0.0, Sum:  0.0, Workers: 8
[2025-06-17T23:07:55.117+0300][6080][17800][debug][gc,phases] GC(19)         Redirtied Cards:               Min: 0, Avg: 38.0, Max: 235, Diff: 235, Sum: 304, Workers: 8
[2025-06-17T23:07:55.117+0300][6080][17800][debug][gc,phases] GC(19)       Resize TLABs (ms):             Min:  0.0, Avg:  0.0, Max:  0.0, Diff:  0.0, Sum:  0.0, Workers: 8
[2025-06-17T23:07:55.117+0300][6080][17800][debug][gc,phases] GC(19)       Free Collection Set (ms):      Min:  0.0, Avg:  0.2, Max:  0.2, Diff:  0.2, Sum:  1.5, Workers: 8
[2025-06-17T23:07:55.117+0300][6080][17800][debug][gc,phases] GC(19)     Rebuild Free List: 0.1ms
[2025-06-17T23:07:55.117+0300][6080][17800][debug][gc,phases] GC(19)     Prepare For Mutator: 0.0ms
[2025-06-17T23:07:55.117+0300][6080][17800][debug][gc,phases] GC(19)     Expand Heap After Collection: 0.0ms
[2025-06-17T23:07:55.117+0300][6080][17800][info ][gc,phases] GC(19)   Other: 0.2ms
[2025-06-17T23:07:55.117+0300][6080][17800][info ][gc,heap  ] GC(19) Eden regions: 1225->0(1225)
[2025-06-17T23:07:55.117+0300][6080][17800][info ][gc,heap  ] GC(19) Survivor regions: 3->3(154)
[2025-06-17T23:07:55.117+0300][6080][17800][info ][gc,heap  ] GC(19) Old regions: 17->17
[2025-06-17T23:07:55.117+0300][6080][17800][info ][gc,heap  ] GC(19) Humongous regions: 0->0
[2025-06-17T23:07:55.117+0300][6080][17800][debug][gc,heap  ] GC(19) Heap after GC invocations=20 (full 3):
[2025-06-17T23:07:55.117+0300][6080][17800][debug][gc,heap  ] GC(19)  garbage-first heap   total 2097152K, used 16581K [0x0000000080000000, 0x0000000100000000)
[2025-06-17T23:07:55.117+0300][6080][17800][debug][gc,heap  ] GC(19)   region size 1024K, 3 young (3072K), 3 survivors (3072K)
[2025-06-17T23:07:55.117+0300][6080][17800][debug][gc,heap  ] GC(19)  Metaspace       used 34428K, committed 35648K, reserved 1114112K
[2025-06-17T23:07:55.117+0300][6080][17800][debug][gc,heap  ] GC(19)   class space    used 2864K, committed 3328K, reserved 1048576K
[2025-06-17T23:07:55.117+0300][6080][17800][info ][gc       ] GC(19) Pause Young (Normal) (G1 Evacuation Pause) 1241M->16M(2048M) 5.551ms
[2025-06-17T23:07:55.117+0300][6080][17800][info ][safepoint] Safepoint "G1CollectForAllocation", Time since last: 22362059900 ns, Reaching safepoint: 112400 ns, Cleanup: 19000 ns, At safepoint: 5579400 ns, Total: 5710800 ns
[2025-06-17T23:08:10.876+0300][6080][17800][debug][safepoint] Safepoint synchronization initiated using striped semaphore wait barrier. (12 threads)
