[2025-05-20T22:06:02.874+0300][20904][8184][debug][gc,heap] Minimum heap 4294967296  Initial heap 4294967296  Maximum heap 4294967296
[2025-05-20T22:06:02.874+0300][20904][8184][info ][gc     ] Using G1
[2025-05-20T22:06:02.874+0300][20904][8184][debug][gc     ] ConcGCThreads: 2 offset 16
[2025-05-20T22:06:02.874+0300][20904][8184][debug][gc     ] ParallelGCThreads: 8
[2025-05-20T22:06:02.881+0300][20904][8184][debug][gc     ] Initialize mark stack with 4096 chunks, maximum 524288
[2025-05-20T22:06:03.239+0300][20904][21688][debug][safepoint] Safepoint synchronization initiated using striped semaphore wait barrier. (12 threads)
[2025-05-20T22:06:03.239+0300][20904][21688][debug][gc,heap  ] GC(0) Heap before GC invocations=0 (full 0):
[2025-05-20T22:06:03.239+0300][20904][21688][debug][gc,heap  ] GC(0)  garbage-first heap   total 4194304K, used 51200K [0x0000000700000000, 0x0000000800000000)
[2025-05-20T22:06:03.239+0300][20904][21688][debug][gc,heap  ] GC(0)   region size 2048K, 26 young (53248K), 0 survivors (0K)
[2025-05-20T22:06:03.239+0300][20904][21688][debug][gc,heap  ] GC(0)  Metaspace       used 2841K, committed 3072K, reserved 1114112K
[2025-05-20T22:06:03.239+0300][20904][21688][debug][gc,heap  ] GC(0)   class space    used 257K, committed 384K, reserved 1048576K
[2025-05-20T22:06:03.239+0300][20904][21688][debug][gc,phases] GC(0) Phase 1: Reference Processing 0.370ms
[2025-05-20T22:06:03.239+0300][20904][21688][debug][gc,phases] GC(0)   VM Weak                        Min:  0.0, Avg:  0.0, Max:  0.0, Diff:  0.0, Sum:  0.0, Workers: 5
[2025-05-20T22:06:03.239+0300][20904][21688][debug][gc,phases] GC(0)     Dead                           Min: 0, Avg:  0.0, Max: 0, Diff: 0, Sum: 0, Workers: 5
[2025-05-20T22:06:03.239+0300][20904][21688][debug][gc,phases] GC(0)     Total                          Min: 0, Avg:  4.0, Max: 20, Diff: 20, Sum: 20, Workers: 5
[2025-05-20T22:06:03.239+0300][20904][21688][debug][gc,phases] GC(0)   ObjectSynchronizer Weak        Min:  0.0, Avg:  0.0, Max:  0.0, Diff:  0.0, Sum:  0.0, Workers: 5
[2025-05-20T22:06:03.239+0300][20904][21688][debug][gc,phases] GC(0)     Dead                           Min: 0, Avg:  0.0, Max: 0, Diff: 0, Sum: 0, Workers: 5
[2025-05-20T22:06:03.239+0300][20904][21688][debug][gc,phases] GC(0)     Total                          Min: 0, Avg:  0.2, Max: 1, Diff: 1, Sum: 1, Workers: 5
[2025-05-20T22:06:03.239+0300][20904][21688][debug][gc,phases] GC(0)   JVMTI Tag Weak OopStorage      Min:  0.0, Avg:  0.0, Max:  0.0, Diff:  0.0, Sum:  0.0, Workers: 5
[2025-05-20T22:06:03.239+0300][20904][21688][debug][gc,phases] GC(0)     Dead                           Min: 0, Avg:  0.0, Max: 0, Diff: 0, Sum: 0, Workers: 5
[2025-05-20T22:06:03.239+0300][20904][21688][debug][gc,phases] GC(0)     Total                          Min: 0, Avg:  0.0, Max: 0, Diff: 0, Sum: 0, Workers: 5
[2025-05-20T22:06:03.239+0300][20904][21688][debug][gc,phases] GC(0)   StringTable Weak               Min:  0.0, Avg:  0.0, Max:  0.0, Diff:  0.0, Sum:  0.0, Workers: 5
[2025-05-20T22:06:03.239+0300][20904][21688][debug][gc,phases] GC(0)     Dead                           Min: 0, Avg:  1.0, Max: 3, Diff: 3, Sum: 5, Workers: 5
[2025-05-20T22:06:03.239+0300][20904][21688][debug][gc,phases] GC(0)     Total                          Min: 0, Avg: 837.2, Max: 1498, Diff: 1498, Sum: 4186, Workers: 5
[2025-05-20T22:06:03.239+0300][20904][21688][debug][gc,phases] GC(0)   ResolvedMethodTable Weak       Min:  0.0, Avg:  0.0, Max:  0.0, Diff:  0.0, Sum:  0.0, Workers: 5
[2025-05-20T22:06:03.239+0300][20904][21688][debug][gc,phases] GC(0)     Dead                           Min: 0, Avg:  4.2, Max: 13, Diff: 13, Sum: 21, Workers: 5
[2025-05-20T22:06:03.239+0300][20904][21688][debug][gc,phases] GC(0)     Total                          Min: 0, Avg: 40.2, Max: 73, Diff: 73, Sum: 201, Workers: 5
[2025-05-20T22:06:03.239+0300][20904][21688][debug][gc,phases] GC(0)   JNI Weak                       Min:  0.0, Avg:  0.0, Max:  0.0, Diff:  0.0, Sum:  0.0, Workers: 5
[2025-05-20T22:06:03.239+0300][20904][21688][debug][gc,phases] GC(0)     Dead                           Min: 0, Avg:  0.0, Max: 0, Diff: 0, Sum: 0, Workers: 5
[2025-05-20T22:06:03.239+0300][20904][21688][debug][gc,phases] GC(0)     Total                          Min: 0, Avg:  0.0, Max: 0, Diff: 0, Sum: 0, Workers: 5
[2025-05-20T22:06:03.239+0300][20904][21688][debug][gc,phases] GC(0)   StringDedup Table Weak         Min:  0.0, Avg:  0.0, Max:  0.0, Diff:  0.0, Sum:  0.0, Workers: 5
[2025-05-20T22:06:03.239+0300][20904][21688][debug][gc,phases] GC(0)     Dead                           Min: 0, Avg:  0.0, Max: 0, Diff: 0, Sum: 0, Workers: 5
[2025-05-20T22:06:03.239+0300][20904][21688][debug][gc,phases] GC(0)     Total                          Min: 0, Avg:  0.0, Max: 0, Diff: 0, Sum: 0, Workers: 5
[2025-05-20T22:06:03.239+0300][20904][21688][debug][gc,phases] GC(0)   StringDedup Requests0 Weak     Min:  0.0, Avg:  0.0, Max:  0.0, Diff:  0.0, Sum:  0.0, Workers: 5
[2025-05-20T22:06:03.239+0300][20904][21688][debug][gc,phases] GC(0)     Dead                           Min: 0, Avg:  0.0, Max: 0, Diff: 0, Sum: 0, Workers: 5
[2025-05-20T22:06:03.239+0300][20904][21688][debug][gc,phases] GC(0)     Total                          Min: 0, Avg:  0.0, Max: 0, Diff: 0, Sum: 0, Workers: 5
[2025-05-20T22:06:03.239+0300][20904][21688][debug][gc,phases] GC(0)   StringDedup Requests1 Weak     Min:  0.0, Avg:  0.0, Max:  0.0, Diff:  0.0, Sum:  0.0, Workers: 5
[2025-05-20T22:06:03.239+0300][20904][21688][debug][gc,phases] GC(0)     Dead                           Min: 0, Avg:  0.0, Max: 0, Diff: 0, Sum: 0, Workers: 5
[2025-05-20T22:06:03.239+0300][20904][21688][debug][gc,phases] GC(0)     Total                          Min: 0, Avg:  0.0, Max: 0, Diff: 0, Sum: 0, Workers: 5
[2025-05-20T22:06:03.239+0300][20904][21688][debug][gc,phases] GC(0)   Weak JFR Old Object Samples    Min:  0.0, Avg:  0.0, Max:  0.0, Diff:  0.0, Sum:  0.0, Workers: 5
[2025-05-20T22:06:03.239+0300][20904][21688][debug][gc,phases] GC(0)     Dead                           Min: 0, Avg:  0.0, Max: 0, Diff: 0, Sum: 0, Workers: 5
[2025-05-20T22:06:03.239+0300][20904][21688][debug][gc,phases] GC(0)     Total                          Min: 0, Avg:  0.0, Max: 0, Diff: 0, Sum: 0, Workers: 5
[2025-05-20T22:06:03.239+0300][20904][21688][debug][gc,phases] GC(0) Phase 1: Weak Processing 0.793ms
[2025-05-20T22:06:03.239+0300][20904][21688][debug][gc,phases] GC(0) ClassLoaderData 0.004ms
[2025-05-20T22:06:03.239+0300][20904][21688][debug][gc,phases] GC(0) Trigger cleanups 0.001ms
[2025-05-20T22:06:03.239+0300][20904][21688][debug][gc,phases] GC(0) G1 Complete Cleaning 0.608ms
[2025-05-20T22:06:03.239+0300][20904][21688][debug][gc,phases] GC(0) Purge Unlinked NMethods 0.001ms
[2025-05-20T22:06:03.239+0300][20904][21688][debug][gc,phases] GC(0) Unregister NMethods 0.134ms
[2025-05-20T22:06:03.239+0300][20904][21688][debug][gc,phases] GC(0) Free Code Blobs 0.001ms
[2025-05-20T22:06:03.239+0300][20904][21688][debug][gc,phases] GC(0) Purge Class Loader Data 0.028ms
[2025-05-20T22:06:03.239+0300][20904][21688][debug][gc,phases] GC(0) Phase 1: Class Unloading and Cleanup 0.864ms
[2025-05-20T22:06:03.239+0300][20904][21688][debug][gc,phases] GC(0) Report Object Count 0.001ms
[2025-05-20T22:06:03.239+0300][20904][21688][info ][gc,phases] GC(0) Phase 1: Mark live objects 3.295ms
[2025-05-20T22:06:03.239+0300][20904][21688][debug][gc,phases] GC(0) Phase 2: Determine work lists 0.044ms
[2025-05-20T22:06:03.239+0300][20904][21688][debug][gc,phases] GC(0) Phase 2: Prepare parallel compaction 0.417ms
[2025-05-20T22:06:03.239+0300][20904][21688][info ][gc,phases] GC(0) Phase 2: Prepare compaction 0.492ms
[2025-05-20T22:06:03.239+0300][20904][21688][info ][gc,phases] GC(0) Phase 3: Adjust pointers 0.780ms
[2025-05-20T22:06:03.255+0300][20904][21688][info ][gc,phases] GC(0) Phase 4: Compact heap 0.696ms
[2025-05-20T22:06:03.255+0300][20904][21688][info ][gc,phases] GC(0) Phase 5: Reset Metadata 0.945ms
[2025-05-20T22:06:03.260+0300][20904][21688][info ][gc,heap  ] GC(0) Eden regions: 26->0(102)
[2025-05-20T22:06:03.260+0300][20904][21688][info ][gc,heap  ] GC(0) Survivor regions: 0->0(0)
[2025-05-20T22:06:03.260+0300][20904][21688][info ][gc,heap  ] GC(0) Old regions: 0->8
[2025-05-20T22:06:03.260+0300][20904][21688][info ][gc,heap  ] GC(0) Humongous regions: 0->0
[2025-05-20T22:06:03.260+0300][20904][21688][debug][gc,heap  ] GC(0) Heap after GC invocations=1 (full 1):
[2025-05-20T22:06:03.260+0300][20904][21688][debug][gc,heap  ] GC(0)  garbage-first heap   total 4194304K, used 2421K [0x0000000700000000, 0x0000000800000000)
[2025-05-20T22:06:03.260+0300][20904][21688][debug][gc,heap  ] GC(0)   region size 2048K, 0 young (0K), 0 survivors (0K)
[2025-05-20T22:06:03.260+0300][20904][21688][debug][gc,heap  ] GC(0)  Metaspace       used 2841K, committed 3072K, reserved 1114112K
[2025-05-20T22:06:03.260+0300][20904][21688][debug][gc,heap  ] GC(0)   class space    used 257K, committed 384K, reserved 1048576K
[2025-05-20T22:06:03.260+0300][20904][21688][info ][gc       ] GC(0) Pause Full (System.gc()) 51M->2M(4096M) 14.674ms
[2025-05-20T22:06:03.260+0300][20904][21688][info ][safepoint] Safepoint "G1CollectFull", Time since last: 346196700 ns, Reaching safepoint: 163900 ns, Cleanup: 37700 ns, At safepoint: 15183100 ns, Total: 15384700 ns
[2025-05-20T22:06:03.500+0300][20904][21688][debug][safepoint] Safepoint synchronization initiated using striped semaphore wait barrier. (22 threads)
[2025-05-20T22:06:03.500+0300][20904][21688][info ][safepoint] Safepoint "ICBufferFull", Time since last: 237667200 ns, Reaching safepoint: 60400 ns, Cleanup: 51400 ns, At safepoint: 11300 ns, Total: 123100 ns
[2025-05-20T22:06:04.506+0300][20904][21688][debug][safepoint] Safepoint synchronization initiated using striped semaphore wait barrier. (21 threads)
[2025-05-20T22:06:04.506+0300][20904][21688][info ][safepoint] Safepoint "Cleanup", Time since last: 1005640800 ns, Reaching safepoint: 41700 ns, Cleanup: 40000 ns, At safepoint: 4000 ns, Total: 85700 ns
[2025-05-20T22:06:05.508+0300][20904][21688][debug][safepoint] Safepoint synchronization initiated using striped semaphore wait barrier. (20 threads)
[2025-05-20T22:06:05.508+0300][20904][21688][info ][safepoint] Safepoint "Cleanup", Time since last: 1001726800 ns, Reaching safepoint: 46900 ns, Cleanup: 11900 ns, At safepoint: 3100 ns, Total: 61900 ns
[2025-05-20T22:06:06.509+0300][20904][21688][debug][safepoint] Safepoint synchronization initiated using striped semaphore wait barrier. (20 threads)
[2025-05-20T22:06:06.509+0300][20904][21688][info ][safepoint] Safepoint "Cleanup", Time since last: 1000753500 ns, Reaching safepoint: 44200 ns, Cleanup: 13400 ns, At safepoint: 3600 ns, Total: 61200 ns
[2025-05-20T22:06:07.187+0300][20904][21688][debug][safepoint] Safepoint synchronization initiated using striped semaphore wait barrier. (20 threads)
