[2025-06-17T23:18:54.848+0300][13852][21088][debug][gc,heap] Minimum heap 2147483648  Initial heap 2147483648  Maximum heap 2147483648
[2025-06-17T23:18:54.848+0300][13852][21088][info ][gc     ] Using Parallel
[2025-06-17T23:18:55.936+0300][13852][2928 ][debug][safepoint] Safepoint synchronization initiated using striped semaphore wait barrier. (11 threads)
[2025-06-17T23:18:55.936+0300][13852][2928 ][info ][safepoint] Safepoint "Cleanup", Time since last: 1063473800 ns, Reaching safepoint: 218200 ns, Cleanup: 49700 ns, At safepoint: 5100 ns, Total: 273000 ns
[2025-06-17T23:18:56.791+0300][13852][2928 ][debug][safepoint] Safepoint synchronization initiated using striped semaphore wait barrier. (12 threads)
[2025-06-17T23:18:56.806+0300][13852][2928 ][debug][gc,heap  ] GC(0) Heap before GC invocations=1 (full 0):
[2025-06-17T23:18:56.806+0300][13852][2928 ][debug][gc,heap  ] GC(0)  PSYoungGen      total 611840K, used 189696K [0x00000000d5580000, 0x0000000100000000, 0x0000000100000000)
[2025-06-17T23:18:56.806+0300][13852][2928 ][debug][gc,heap  ] GC(0)   eden space 524800K, 36% used [0x00000000d5580000,0x00000000e0ec0300,0x00000000f5600000)
[2025-06-17T23:18:56.806+0300][13852][2928 ][debug][gc,heap  ] GC(0)   from space 87040K, 0% used [0x00000000fab00000,0x00000000fab00000,0x0000000100000000)
[2025-06-17T23:18:56.806+0300][13852][2928 ][debug][gc,heap  ] GC(0)   to   space 87040K, 0% used [0x00000000f5600000,0x00000000f5600000,0x00000000fab00000)
[2025-06-17T23:18:56.806+0300][13852][2928 ][debug][gc,heap  ] GC(0)  ParOldGen       total 1398272K, used 0K [0x0000000080000000, 0x00000000d5580000, 0x00000000d5580000)
[2025-06-17T23:18:56.806+0300][13852][2928 ][debug][gc,heap  ] GC(0)   object space 1398272K, 0% used [0x0000000080000000,0x0000000080000000,0x00000000d5580000)
[2025-06-17T23:18:56.806+0300][13852][2928 ][debug][gc,heap  ] GC(0)  Metaspace       used 2839K, committed 3072K, reserved 1114112K
[2025-06-17T23:18:56.806+0300][13852][2928 ][debug][gc,heap  ] GC(0)   class space    used 256K, committed 384K, reserved 1048576K
[2025-06-17T23:18:56.806+0300][13852][2928 ][debug][gc,phases] GC(0) Scavenge 1.590ms
[2025-06-17T23:18:56.806+0300][13852][2928 ][debug][gc,phases] GC(0) Reference Processing 0.173ms
[2025-06-17T23:18:56.806+0300][13852][2928 ][debug][gc,phases] GC(0)   VM Weak                        Min:  0.0, Avg:  0.0, Max:  0.0, Diff:  0.0, Sum:  0.0, Workers: 5
[2025-06-17T23:18:56.806+0300][13852][2928 ][debug][gc,phases] GC(0)     Dead                           Min: 0, Avg:  0.0, Max: 0, Diff: 0, Sum: 0, Workers: 5
[2025-06-17T23:18:56.806+0300][13852][2928 ][debug][gc,phases] GC(0)     Total                          Min: 0, Avg:  4.0, Max: 20, Diff: 20, Sum: 20, Workers: 5
[2025-06-17T23:18:56.806+0300][13852][2928 ][debug][gc,phases] GC(0)   ObjectSynchronizer Weak        Min:  0.0, Avg:  0.0, Max:  0.0, Diff:  0.0, Sum:  0.0, Workers: 5
[2025-06-17T23:18:56.806+0300][13852][2928 ][debug][gc,phases] GC(0)     Dead                           Min: 0, Avg:  0.0, Max: 0, Diff: 0, Sum: 0, Workers: 5
[2025-06-17T23:18:56.806+0300][13852][2928 ][debug][gc,phases] GC(0)     Total                          Min: 0, Avg:  0.2, Max: 1, Diff: 1, Sum: 1, Workers: 5
[2025-06-17T23:18:56.806+0300][13852][2928 ][debug][gc,phases] GC(0)   JVMTI Tag Weak OopStorage      Min:  0.0, Avg:  0.0, Max:  0.0, Diff:  0.0, Sum:  0.0, Workers: 5
[2025-06-17T23:18:56.806+0300][13852][2928 ][debug][gc,phases] GC(0)     Dead                           Min: 0, Avg:  0.0, Max: 0, Diff: 0, Sum: 0, Workers: 5
[2025-06-17T23:18:56.806+0300][13852][2928 ][debug][gc,phases] GC(0)     Total                          Min: 0, Avg:  0.0, Max: 0, Diff: 0, Sum: 0, Workers: 5
[2025-06-17T23:18:56.806+0300][13852][2928 ][debug][gc,phases] GC(0)   StringTable Weak               Min:  0.0, Avg:  0.0, Max:  0.1, Diff:  0.0, Sum:  0.1, Workers: 5
[2025-06-17T23:18:56.806+0300][13852][2928 ][debug][gc,phases] GC(0)     Dead                           Min: 0, Avg:  1.0, Max: 2, Diff: 2, Sum: 5, Workers: 5
[2025-06-17T23:18:56.806+0300][13852][2928 ][debug][gc,phases] GC(0)     Total                          Min: 256, Avg: 851.0, Max: 2624, Diff: 2368, Sum: 4255, Workers: 5
[2025-06-17T23:18:56.806+0300][13852][2928 ][debug][gc,phases] GC(0)   ResolvedMethodTable Weak       Min:  0.0, Avg:  0.0, Max:  0.0, Diff:  0.0, Sum:  0.0, Workers: 5
[2025-06-17T23:18:56.806+0300][13852][2928 ][debug][gc,phases] GC(0)     Dead                           Min: 0, Avg:  4.2, Max: 13, Diff: 13, Sum: 21, Workers: 5
[2025-06-17T23:18:56.806+0300][13852][2928 ][debug][gc,phases] GC(0)     Total                          Min: 0, Avg: 40.4, Max: 74, Diff: 74, Sum: 202, Workers: 5
[2025-06-17T23:18:56.806+0300][13852][2928 ][debug][gc,phases] GC(0)   JNI Weak                       Min:  0.0, Avg:  0.0, Max:  0.0, Diff:  0.0, Sum:  0.0, Workers: 5
[2025-06-17T23:18:56.806+0300][13852][2928 ][debug][gc,phases] GC(0)     Dead                           Min: 0, Avg:  0.0, Max: 0, Diff: 0, Sum: 0, Workers: 5
[2025-06-17T23:18:56.806+0300][13852][2928 ][debug][gc,phases] GC(0)     Total                          Min: 0, Avg:  0.0, Max: 0, Diff: 0, Sum: 0, Workers: 5
[2025-06-17T23:18:56.806+0300][13852][2928 ][debug][gc,phases] GC(0)   StringDedup Table Weak         Min:  0.0, Avg:  0.0, Max:  0.0, Diff:  0.0, Sum:  0.0, Workers: 5
[2025-06-17T23:18:56.806+0300][13852][2928 ][debug][gc,phases] GC(0)     Dead                           Min: 0, Avg:  0.0, Max: 0, Diff: 0, Sum: 0, Workers: 5
[2025-06-17T23:18:56.806+0300][13852][2928 ][debug][gc,phases] GC(0)     Total                          Min: 0, Avg:  0.0, Max: 0, Diff: 0, Sum: 0, Workers: 5
[2025-06-17T23:18:56.806+0300][13852][2928 ][debug][gc,phases] GC(0)   StringDedup Requests0 Weak     Min:  0.0, Avg:  0.0, Max:  0.0, Diff:  0.0, Sum:  0.0, Workers: 5
[2025-06-17T23:18:56.806+0300][13852][2928 ][debug][gc,phases] GC(0)     Dead                           Min: 0, Avg:  0.0, Max: 0, Diff: 0, Sum: 0, Workers: 5
[2025-06-17T23:18:56.806+0300][13852][2928 ][debug][gc,phases] GC(0)     Total                          Min: 0, Avg:  0.0, Max: 0, Diff: 0, Sum: 0, Workers: 5
[2025-06-17T23:18:56.806+0300][13852][2928 ][debug][gc,phases] GC(0)   StringDedup Requests1 Weak     Min:  0.0, Avg:  0.0, Max:  0.0, Diff:  0.0, Sum:  0.0, Workers: 5
[2025-06-17T23:18:56.806+0300][13852][2928 ][debug][gc,phases] GC(0)     Dead                           Min: 0, Avg:  0.0, Max: 0, Diff: 0, Sum: 0, Workers: 5
[2025-06-17T23:18:56.806+0300][13852][2928 ][debug][gc,phases] GC(0)     Total                          Min: 0, Avg:  0.0, Max: 0, Diff: 0, Sum: 0, Workers: 5
[2025-06-17T23:18:56.806+0300][13852][2928 ][debug][gc,phases] GC(0)   Weak JFR Old Object Samples    Min:  0.0, Avg:  0.0, Max:  0.0, Diff:  0.0, Sum:  0.0, Workers: 5
[2025-06-17T23:18:56.806+0300][13852][2928 ][debug][gc,phases] GC(0)     Dead                           Min: 0, Avg:  0.0, Max: 0, Diff: 0, Sum: 0, Workers: 5
[2025-06-17T23:18:56.806+0300][13852][2928 ][debug][gc,phases] GC(0)     Total                          Min: 0, Avg:  0.0, Max: 0, Diff: 0, Sum: 0, Workers: 5
[2025-06-17T23:18:56.806+0300][13852][2928 ][debug][gc,phases] GC(0) Weak Processing 0.478ms
[2025-06-17T23:18:56.806+0300][13852][2928 ][info ][gc,heap  ] GC(0) PSYoungGen: 189696K(611840K)->3122K(611840K) Eden: 189696K(524800K)->0K(524800K) From: 0K(87040K)->3122K(87040K)
[2025-06-17T23:18:56.806+0300][13852][2928 ][info ][gc,heap  ] GC(0) ParOldGen: 0K(1398272K)->8K(1398272K)
[2025-06-17T23:18:56.806+0300][13852][2928 ][info ][gc       ] GC(0) Pause Young (System.gc()) 185M->3M(1963M) 2.585ms
[2025-06-17T23:18:56.806+0300][13852][2928 ][debug][gc,heap  ] GC(0) Heap after GC invocations=1 (full 0):
[2025-06-17T23:18:56.806+0300][13852][2928 ][debug][gc,heap  ] GC(0)  PSYoungGen      total 611840K, used 3122K [0x00000000d5580000, 0x0000000100000000, 0x0000000100000000)
[2025-06-17T23:18:56.806+0300][13852][2928 ][debug][gc,heap  ] GC(0)   eden space 524800K, 0% used [0x00000000d5580000,0x00000000d5580000,0x00000000f5600000)
[2025-06-17T23:18:56.806+0300][13852][2928 ][debug][gc,heap  ] GC(0)   from space 87040K, 3% used [0x00000000f5600000,0x00000000f590cb70,0x00000000fab00000)
[2025-06-17T23:18:56.806+0300][13852][2928 ][debug][gc,heap  ] GC(0)   to   space 87040K, 0% used [0x00000000fab00000,0x00000000fab00000,0x0000000100000000)
[2025-06-17T23:18:56.806+0300][13852][2928 ][debug][gc,heap  ] GC(0)  ParOldGen       total 1398272K, used 8K [0x0000000080000000, 0x00000000d5580000, 0x00000000d5580000)
[2025-06-17T23:18:56.806+0300][13852][2928 ][debug][gc,heap  ] GC(0)   object space 1398272K, 0% used [0x0000000080000000,0x0000000080002000,0x00000000d5580000)
[2025-06-17T23:18:56.806+0300][13852][2928 ][debug][gc,heap  ] GC(0)  Metaspace       used 2839K, committed 3072K, reserved 1114112K
[2025-06-17T23:18:56.806+0300][13852][2928 ][debug][gc,heap  ] GC(0)   class space    used 256K, committed 384K, reserved 1048576K
[2025-06-17T23:18:56.806+0300][13852][2928 ][debug][gc,heap  ] GC(1) Heap before GC invocations=2 (full 1):
[2025-06-17T23:18:56.806+0300][13852][2928 ][debug][gc,heap  ] GC(1)  PSYoungGen      total 611840K, used 3122K [0x00000000d5580000, 0x0000000100000000, 0x0000000100000000)
[2025-06-17T23:18:56.806+0300][13852][2928 ][debug][gc,heap  ] GC(1)   eden space 524800K, 0% used [0x00000000d5580000,0x00000000d5580000,0x00000000f5600000)
[2025-06-17T23:18:56.806+0300][13852][2928 ][debug][gc,heap  ] GC(1)   from space 87040K, 3% used [0x00000000f5600000,0x00000000f590cb70,0x00000000fab00000)
[2025-06-17T23:18:56.806+0300][13852][2928 ][debug][gc,heap  ] GC(1)   to   space 87040K, 0% used [0x00000000fab00000,0x00000000fab00000,0x0000000100000000)
[2025-06-17T23:18:56.806+0300][13852][2928 ][debug][gc,heap  ] GC(1)  ParOldGen       total 1398272K, used 8K [0x0000000080000000, 0x00000000d5580000, 0x00000000d5580000)
[2025-06-17T23:18:56.806+0300][13852][2928 ][debug][gc,heap  ] GC(1)   object space 1398272K, 0% used [0x0000000080000000,0x0000000080002000,0x00000000d5580000)
[2025-06-17T23:18:56.806+0300][13852][2928 ][debug][gc,heap  ] GC(1)  Metaspace       used 2839K, committed 3072K, reserved 1114112K
[2025-06-17T23:18:56.806+0300][13852][2928 ][debug][gc,heap  ] GC(1)   class space    used 256K, committed 384K, reserved 1048576K
[2025-06-17T23:18:56.806+0300][13852][2928 ][debug][gc,phases] GC(1) Pre Compact 0.081ms
[2025-06-17T23:18:56.811+0300][13852][2928 ][debug][gc,phases] GC(1) Par Mark 1.288ms
[2025-06-17T23:18:56.811+0300][13852][2928 ][debug][gc,phases] GC(1) Reference Processing 0.141ms
[2025-06-17T23:18:56.811+0300][13852][2928 ][debug][gc,phases] GC(1)   VM Weak                        Min:  0.0, Avg:  0.0, Max:  0.0, Diff:  0.0, Sum:  0.0, Workers: 5
[2025-06-17T23:18:56.811+0300][13852][2928 ][debug][gc,phases] GC(1)     Dead                           Min: 0, Avg:  0.0, Max: 0, Diff: 0, Sum: 0, Workers: 5
[2025-06-17T23:18:56.811+0300][13852][2928 ][debug][gc,phases] GC(1)     Total                          Min: 0, Avg:  4.0, Max: 20, Diff: 20, Sum: 20, Workers: 5
[2025-06-17T23:18:56.811+0300][13852][2928 ][debug][gc,phases] GC(1)   ObjectSynchronizer Weak        Min:  0.0, Avg:  0.0, Max:  0.0, Diff:  0.0, Sum:  0.0, Workers: 5
[2025-06-17T23:18:56.811+0300][13852][2928 ][debug][gc,phases] GC(1)     Dead                           Min: 0, Avg:  0.0, Max: 0, Diff: 0, Sum: 0, Workers: 5
[2025-06-17T23:18:56.811+0300][13852][2928 ][debug][gc,phases] GC(1)     Total                          Min: 0, Avg:  0.2, Max: 1, Diff: 1, Sum: 1, Workers: 5
[2025-06-17T23:18:56.811+0300][13852][2928 ][debug][gc,phases] GC(1)   JVMTI Tag Weak OopStorage      Min:  0.0, Avg:  0.0, Max:  0.0, Diff:  0.0, Sum:  0.0, Workers: 5
[2025-06-17T23:18:56.811+0300][13852][2928 ][debug][gc,phases] GC(1)     Dead                           Min: 0, Avg:  0.0, Max: 0, Diff: 0, Sum: 0, Workers: 5
[2025-06-17T23:18:56.811+0300][13852][2928 ][debug][gc,phases] GC(1)     Total                          Min: 0, Avg:  0.0, Max: 0, Diff: 0, Sum: 0, Workers: 5
[2025-06-17T23:18:56.811+0300][13852][2928 ][debug][gc,phases] GC(1)   StringTable Weak               Min:  0.0, Avg:  0.0, Max:  0.0, Diff:  0.0, Sum:  0.0, Workers: 5
[2025-06-17T23:18:56.811+0300][13852][2928 ][debug][gc,phases] GC(1)     Dead                           Min: 0, Avg:  0.0, Max: 0, Diff: 0, Sum: 0, Workers: 5
[2025-06-17T23:18:56.811+0300][13852][2928 ][debug][gc,phases] GC(1)     Total                          Min: 0, Avg: 851.0, Max: 1887, Diff: 1887, Sum: 4255, Workers: 5
[2025-06-17T23:18:56.811+0300][13852][2928 ][debug][gc,phases] GC(1)   ResolvedMethodTable Weak       Min:  0.0, Avg:  0.0, Max:  0.0, Diff:  0.0, Sum:  0.0, Workers: 5
[2025-06-17T23:18:56.811+0300][13852][2928 ][debug][gc,phases] GC(1)     Dead                           Min: 0, Avg:  0.0, Max: 0, Diff: 0, Sum: 0, Workers: 5
[2025-06-17T23:18:56.811+0300][13852][2928 ][debug][gc,phases] GC(1)     Total                          Min: 0, Avg: 40.4, Max: 128, Diff: 128, Sum: 202, Workers: 5
[2025-06-17T23:18:56.811+0300][13852][2928 ][debug][gc,phases] GC(1)   JNI Weak                       Min:  0.0, Avg:  0.0, Max:  0.0, Diff:  0.0, Sum:  0.0, Workers: 5
[2025-06-17T23:18:56.811+0300][13852][2928 ][debug][gc,phases] GC(1)     Dead                           Min: 0, Avg:  0.0, Max: 0, Diff: 0, Sum: 0, Workers: 5
[2025-06-17T23:18:56.811+0300][13852][2928 ][debug][gc,phases] GC(1)     Total                          Min: 0, Avg:  0.0, Max: 0, Diff: 0, Sum: 0, Workers: 5
[2025-06-17T23:18:56.811+0300][13852][2928 ][debug][gc,phases] GC(1)   StringDedup Table Weak         Min:  0.0, Avg:  0.0, Max:  0.0, Diff:  0.0, Sum:  0.0, Workers: 5
[2025-06-17T23:18:56.811+0300][13852][2928 ][debug][gc,phases] GC(1)     Dead                           Min: 0, Avg:  0.0, Max: 0, Diff: 0, Sum: 0, Workers: 5
[2025-06-17T23:18:56.811+0300][13852][2928 ][debug][gc,phases] GC(1)     Total                          Min: 0, Avg:  0.0, Max: 0, Diff: 0, Sum: 0, Workers: 5
[2025-06-17T23:18:56.811+0300][13852][2928 ][debug][gc,phases] GC(1)   StringDedup Requests0 Weak     Min:  0.0, Avg:  0.0, Max:  0.0, Diff:  0.0, Sum:  0.0, Workers: 5
[2025-06-17T23:18:56.811+0300][13852][2928 ][debug][gc,phases] GC(1)     Dead                           Min: 0, Avg:  0.0, Max: 0, Diff: 0, Sum: 0, Workers: 5
[2025-06-17T23:18:56.811+0300][13852][2928 ][debug][gc,phases] GC(1)     Total                          Min: 0, Avg:  0.0, Max: 0, Diff: 0, Sum: 0, Workers: 5
[2025-06-17T23:18:56.811+0300][13852][2928 ][debug][gc,phases] GC(1)   StringDedup Requests1 Weak     Min:  0.0, Avg:  0.0, Max:  0.0, Diff:  0.0, Sum:  0.0, Workers: 5
[2025-06-17T23:18:56.811+0300][13852][2928 ][debug][gc,phases] GC(1)     Dead                           Min: 0, Avg:  0.0, Max: 0, Diff: 0, Sum: 0, Workers: 5
[2025-06-17T23:18:56.811+0300][13852][2928 ][debug][gc,phases] GC(1)     Total                          Min: 0, Avg:  0.0, Max: 0, Diff: 0, Sum: 0, Workers: 5
[2025-06-17T23:18:56.811+0300][13852][2928 ][debug][gc,phases] GC(1)   Weak JFR Old Object Samples    Min:  0.0, Avg:  0.0, Max:  0.0, Diff:  0.0, Sum:  0.0, Workers: 5
[2025-06-17T23:18:56.811+0300][13852][2928 ][debug][gc,phases] GC(1)     Dead                           Min: 0, Avg:  0.0, Max: 0, Diff: 0, Sum: 0, Workers: 5
[2025-06-17T23:18:56.811+0300][13852][2928 ][debug][gc,phases] GC(1)     Total                          Min: 0, Avg:  0.0, Max: 0, Diff: 0, Sum: 0, Workers: 5
[2025-06-17T23:18:56.811+0300][13852][2928 ][debug][gc,phases] GC(1) Weak Processing 0.427ms
[2025-06-17T23:18:56.811+0300][13852][2928 ][debug][gc,phases] GC(1) ClassLoaderData 0.006ms
[2025-06-17T23:18:56.811+0300][13852][2928 ][debug][gc,phases] GC(1) Trigger cleanups 0.000ms
[2025-06-17T23:18:56.811+0300][13852][2928 ][debug][gc,phases] GC(1) Purge Unlinked NMethods 0.001ms
[2025-06-17T23:18:56.811+0300][13852][2928 ][debug][gc,phases] GC(1) Unregister NMethods 0.002ms
[2025-06-17T23:18:56.811+0300][13852][2928 ][debug][gc,phases] GC(1) Free Code Blobs 0.000ms
[2025-06-17T23:18:56.811+0300][13852][2928 ][debug][gc,phases] GC(1) Class Unloading 0.820ms
[2025-06-17T23:18:56.811+0300][13852][2928 ][debug][gc,phases] GC(1) Report Object Count 0.002ms
[2025-06-17T23:18:56.811+0300][13852][2928 ][info ][gc,phases] GC(1) Marking Phase 2.748ms
[2025-06-17T23:18:56.811+0300][13852][2928 ][info ][gc,phases] GC(1) Summary Phase 0.001ms
[2025-06-17T23:18:56.811+0300][13852][2928 ][info ][gc,phases] GC(1) Adjust Roots 0.868ms
[2025-06-17T23:18:56.811+0300][13852][2928 ][info ][gc,phases] GC(1) Compaction Phase 2.632ms
[2025-06-17T23:18:56.811+0300][13852][2928 ][debug][gc,phases] GC(1) Purge Class Loader Data 0.030ms
[2025-06-17T23:18:56.811+0300][13852][2928 ][info ][gc,phases] GC(1) Post Compact 0.173ms
[2025-06-17T23:18:56.811+0300][13852][2928 ][info ][gc,heap  ] GC(1) PSYoungGen: 3122K(611840K)->0K(611840K) Eden: 0K(524800K)->0K(524800K) From: 3122K(87040K)->0K(87040K)
[2025-06-17T23:18:56.811+0300][13852][2928 ][info ][gc,heap  ] GC(1) ParOldGen: 8K(1398272K)->2947K(1398272K)
[2025-06-17T23:18:56.811+0300][13852][2928 ][info ][gc       ] GC(1) Pause Full (System.gc()) 3M->2M(1963M) 6.571ms
[2025-06-17T23:18:56.811+0300][13852][2928 ][debug][gc,heap  ] GC(1) Heap after GC invocations=2 (full 1):
[2025-06-17T23:18:56.811+0300][13852][2928 ][debug][gc,heap  ] GC(1)  PSYoungGen      total 611840K, used 0K [0x00000000d5580000, 0x0000000100000000, 0x0000000100000000)
[2025-06-17T23:18:56.811+0300][13852][2928 ][debug][gc,heap  ] GC(1)   eden space 524800K, 0% used [0x00000000d5580000,0x00000000d5580000,0x00000000f5600000)
[2025-06-17T23:18:56.811+0300][13852][2928 ][debug][gc,heap  ] GC(1)   from space 87040K, 0% used [0x00000000f5600000,0x00000000f5600000,0x00000000fab00000)
[2025-06-17T23:18:56.811+0300][13852][2928 ][debug][gc,heap  ] GC(1)   to   space 87040K, 0% used [0x00000000fab00000,0x00000000fab00000,0x0000000100000000)
[2025-06-17T23:18:56.811+0300][13852][2928 ][debug][gc,heap  ] GC(1)  ParOldGen       total 1398272K, used 2947K [0x0000000080000000, 0x00000000d5580000, 0x00000000d5580000)
[2025-06-17T23:18:56.811+0300][13852][2928 ][debug][gc,heap  ] GC(1)   object space 1398272K, 0% used [0x0000000080000000,0x00000000802e0e58,0x00000000d5580000)
[2025-06-17T23:18:56.811+0300][13852][2928 ][debug][gc,heap  ] GC(1)  Metaspace       used 2839K, committed 3072K, reserved 1114112K
[2025-06-17T23:18:56.811+0300][13852][2928 ][debug][gc,heap  ] GC(1)   class space    used 256K, committed 384K, reserved 1048576K
[2025-06-17T23:18:56.811+0300][13852][2928 ][info ][safepoint] Safepoint "ParallelGCSystemGC", Time since last: 868568400 ns, Reaching safepoint: 2209700 ns, Cleanup: 30600 ns, At safepoint: 9585000 ns, Total: 11825300 ns
[2025-06-17T23:18:57.180+0300][13852][2928 ][debug][safepoint] Safepoint synchronization initiated using striped semaphore wait barrier. (21 threads)
[2025-06-17T23:18:57.180+0300][13852][2928 ][info ][safepoint] Safepoint "ICBufferFull", Time since last: 364790700 ns, Reaching safepoint: 111200 ns, Cleanup: 87600 ns, At safepoint: 21900 ns, Total: 220700 ns
[2025-06-17T23:18:57.184+0300][13852][2928 ][debug][safepoint] Safepoint synchronization initiated using striped semaphore wait barrier. (21 threads)
[2025-06-17T23:18:57.184+0300][13852][7180 ][debug][safepoint] ... found polling page loop exception at pc = 0x0000012d0b678367, stub =0x0000012d12895600
[2025-06-17T23:18:57.184+0300][13852][2928 ][info ][safepoint] Safepoint "ICBufferFull", Time since last: 3756000 ns, Reaching safepoint: 133800 ns, Cleanup: 9800 ns, At safepoint: 15200 ns, Total: 158800 ns
[2025-06-17T23:18:57.336+0300][13852][2928 ][debug][safepoint] Safepoint synchronization initiated using striped semaphore wait barrier. (21 threads)
[2025-06-17T23:18:57.336+0300][13852][16580][debug][safepoint] ... found polling page loop exception at pc = 0x0000012d12ea5106, stub =0x0000012d12895600
[2025-06-17T23:18:57.338+0300][13852][2928 ][info ][safepoint] Safepoint "ICBufferFull", Time since last: 151977800 ns, Reaching safepoint: 157900 ns, Cleanup: 103700 ns, At safepoint: 15100 ns, Total: 276700 ns
[2025-06-17T23:18:57.338+0300][13852][2928 ][debug][safepoint] Safepoint synchronization initiated using striped semaphore wait barrier. (21 threads)
[2025-06-17T23:18:57.338+0300][13852][16580][debug][safepoint] ... found polling page loop exception at pc = 0x0000012d12ea5106, stub =0x0000012d12895600
[2025-06-17T23:18:57.338+0300][13852][2928 ][info ][safepoint] Safepoint "ICBufferFull", Time since last: 49400 ns, Reaching safepoint: 100000 ns, Cleanup: 2000 ns, At safepoint: 13400 ns, Total: 115400 ns
[2025-06-17T23:18:57.338+0300][13852][2928 ][debug][safepoint] Safepoint synchronization initiated using striped semaphore wait barrier. (21 threads)
[2025-06-17T23:18:57.338+0300][13852][9760 ][debug][safepoint] ... found polling page loop exception at pc = 0x0000012d12e96de0, stub =0x0000012d12894d80
[2025-06-17T23:18:57.338+0300][13852][2928 ][info ][safepoint] Safepoint "ICBufferFull", Time since last: 48000 ns, Reaching safepoint: 76600 ns, Cleanup: 1900 ns, At safepoint: 10300 ns, Total: 88800 ns
[2025-06-17T23:18:57.338+0300][13852][2928 ][debug][safepoint] Safepoint synchronization initiated using striped semaphore wait barrier. (21 threads)
[2025-06-17T23:18:57.338+0300][13852][9760 ][debug][safepoint] ... found polling page loop exception at pc = 0x0000012d12ecb908, stub =0x0000012d12895600
[2025-06-17T23:18:57.338+0300][13852][12624][debug][safepoint] ... found polling page loop exception at pc = 0x0000012d12e96de0, stub =0x0000012d12894d80
[2025-06-17T23:18:57.338+0300][13852][2928 ][info ][safepoint] Safepoint "ICBufferFull", Time since last: 41500 ns, Reaching safepoint: 98700 ns, Cleanup: 2000 ns, At safepoint: 16600 ns, Total: 117300 ns
[2025-06-17T23:18:57.338+0300][13852][2928 ][debug][safepoint] Safepoint synchronization initiated using striped semaphore wait barrier. (21 threads)
[2025-06-17T23:18:57.338+0300][13852][16580][debug][safepoint] ... found polling page loop exception at pc = 0x0000012d12e96de0, stub =0x0000012d12894d80
[2025-06-17T23:18:57.338+0300][13852][9760 ][debug][safepoint] ... found polling page loop exception at pc = 0x0000012d12e96de0, stub =0x0000012d12894d80
[2025-06-17T23:18:57.338+0300][13852][12624][debug][safepoint] ... found polling page loop exception at pc = 0x0000012d12e96de0, stub =0x0000012d12894d80
[2025-06-17T23:18:57.338+0300][13852][2928 ][info ][safepoint] Safepoint "ICBufferFull", Time since last: 797200 ns, Reaching safepoint: 149300 ns, Cleanup: 4100 ns, At safepoint: 17100 ns, Total: 170500 ns
[2025-06-17T23:18:57.746+0300][13852][2928 ][debug][safepoint] Safepoint synchronization initiated using striped semaphore wait barrier. (21 threads)
[2025-06-17T23:18:57.746+0300][13852][16580][debug][safepoint] ... found polling page loop exception at pc = 0x0000012d12e96de0, stub =0x0000012d12894d80
[2025-06-17T23:18:57.746+0300][13852][15124][debug][safepoint] ... found polling page loop exception at pc = 0x0000012d12f02756, stub =0x0000012d12895600
[2025-06-17T23:18:57.746+0300][13852][2928 ][debug][gc,heap  ] GC(2) Heap before GC invocations=3 (full 1):
[2025-06-17T23:18:57.746+0300][13852][2928 ][debug][gc,heap  ] GC(2)  PSYoungGen      total 611840K, used 524800K [0x00000000d5580000, 0x0000000100000000, 0x0000000100000000)
[2025-06-17T23:18:57.746+0300][13852][2928 ][debug][gc,heap  ] GC(2)   eden space 524800K, 100% used [0x00000000d5580000,0x00000000f5600000,0x00000000f5600000)
[2025-06-17T23:18:57.746+0300][13852][2928 ][debug][gc,heap  ] GC(2)   from space 87040K, 0% used [0x00000000f5600000,0x00000000f5600000,0x00000000fab00000)
[2025-06-17T23:18:57.746+0300][13852][2928 ][debug][gc,heap  ] GC(2)   to   space 87040K, 0% used [0x00000000fab00000,0x00000000fab00000,0x0000000100000000)
[2025-06-17T23:18:57.746+0300][13852][2928 ][debug][gc,heap  ] GC(2)  ParOldGen       total 1398272K, used 2947K [0x0000000080000000, 0x00000000d5580000, 0x00000000d5580000)
[2025-06-17T23:18:57.746+0300][13852][2928 ][debug][gc,heap  ] GC(2)   object space 1398272K, 0% used [0x0000000080000000,0x00000000802e0e58,0x00000000d5580000)
[2025-06-17T23:18:57.746+0300][13852][2928 ][debug][gc,heap  ] GC(2)  Metaspace       used 8835K, committed 9408K, reserved 1114112K
[2025-06-17T23:18:57.746+0300][13852][2928 ][debug][gc,heap  ] GC(2)   class space    used 973K, committed 1216K, reserved 1048576K
[2025-06-17T23:18:57.749+0300][13852][2928 ][debug][gc,phases] GC(2) Scavenge 2.112ms
[2025-06-17T23:18:57.749+0300][13852][2928 ][debug][gc,phases] GC(2) Reference Processing 0.095ms
[2025-06-17T23:18:57.749+0300][13852][2928 ][debug][gc,phases] GC(2)   VM Weak                        Min:  0.0, Avg:  0.0, Max:  0.0, Diff:  0.0, Sum:  0.0, Workers: 8
[2025-06-17T23:18:57.749+0300][13852][2928 ][debug][gc,phases] GC(2)     Dead                           Min: 0, Avg:  0.0, Max: 0, Diff: 0, Sum: 0, Workers: 8
[2025-06-17T23:18:57.749+0300][13852][2928 ][debug][gc,phases] GC(2)     Total                          Min: 0, Avg: 45.6, Max: 128, Diff: 128, Sum: 365, Workers: 8
[2025-06-17T23:18:57.749+0300][13852][2928 ][debug][gc,phases] GC(2)   ObjectSynchronizer Weak        Min:  0.0, Avg:  0.0, Max:  0.0, Diff:  0.0, Sum:  0.0, Workers: 8
[2025-06-17T23:18:57.749+0300][13852][2928 ][debug][gc,phases] GC(2)     Dead                           Min: 0, Avg: 11.6, Max: 56, Diff: 56, Sum: 93, Workers: 8
[2025-06-17T23:18:57.749+0300][13852][2928 ][debug][gc,phases] GC(2)     Total                          Min: 0, Avg: 16.1, Max: 64, Diff: 64, Sum: 129, Workers: 8
[2025-06-17T23:18:57.749+0300][13852][2928 ][debug][gc,phases] GC(2)   JVMTI Tag Weak OopStorage      Min:  0.0, Avg:  0.0, Max:  0.0, Diff:  0.0, Sum:  0.0, Workers: 8
[2025-06-17T23:18:57.749+0300][13852][2928 ][debug][gc,phases] GC(2)     Dead                           Min: 0, Avg:  0.0, Max: 0, Diff: 0, Sum: 0, Workers: 8
[2025-06-17T23:18:57.749+0300][13852][2928 ][debug][gc,phases] GC(2)     Total                          Min: 0, Avg:  0.0, Max: 0, Diff: 0, Sum: 0, Workers: 8
[2025-06-17T23:18:57.749+0300][13852][2928 ][debug][gc,phases] GC(2)   StringTable Weak               Min:  0.0, Avg:  0.0, Max:  0.0, Diff:  0.0, Sum:  0.2, Workers: 8
[2025-06-17T23:18:57.749+0300][13852][2928 ][debug][gc,phases] GC(2)     Dead                           Min: 0, Avg:  1.0, Max: 4, Diff: 4, Sum: 8, Workers: 8
[2025-06-17T23:18:57.749+0300][13852][2928 ][debug][gc,phases] GC(2)     Total                          Min: 0, Avg: 767.5, Max: 1916, Diff: 1916, Sum: 6140, Workers: 8
[2025-06-17T23:18:57.749+0300][13852][2928 ][debug][gc,phases] GC(2)   ResolvedMethodTable Weak       Min:  0.0, Avg:  0.0, Max:  0.0, Diff:  0.0, Sum:  0.1, Workers: 8
[2025-06-17T23:18:57.749+0300][13852][2928 ][debug][gc,phases] GC(2)     Dead                           Min: 0, Avg: 35.2, Max: 98, Diff: 98, Sum: 282, Workers: 8
[2025-06-17T23:18:57.749+0300][13852][2928 ][debug][gc,phases] GC(2)     Total                          Min: 0, Avg: 107.5, Max: 284, Diff: 284, Sum: 860, Workers: 8
[2025-06-17T23:18:57.749+0300][13852][2928 ][debug][gc,phases] GC(2)   JNI Weak                       Min:  0.0, Avg:  0.0, Max:  0.0, Diff:  0.0, Sum:  0.0, Workers: 8
[2025-06-17T23:18:57.749+0300][13852][2928 ][debug][gc,phases] GC(2)     Dead                           Min: 0, Avg:  0.0, Max: 0, Diff: 0, Sum: 0, Workers: 8
[2025-06-17T23:18:57.749+0300][13852][2928 ][debug][gc,phases] GC(2)     Total                          Min: 0, Avg:  3.0, Max: 24, Diff: 24, Sum: 24, Workers: 8
[2025-06-17T23:18:57.749+0300][13852][2928 ][debug][gc,phases] GC(2)   StringDedup Table Weak         Min:  0.0, Avg:  0.0, Max:  0.0, Diff:  0.0, Sum:  0.0, Workers: 8
[2025-06-17T23:18:57.749+0300][13852][2928 ][debug][gc,phases] GC(2)     Dead                           Min: 0, Avg:  0.0, Max: 0, Diff: 0, Sum: 0, Workers: 8
[2025-06-17T23:18:57.749+0300][13852][2928 ][debug][gc,phases] GC(2)     Total                          Min: 0, Avg:  0.0, Max: 0, Diff: 0, Sum: 0, Workers: 8
[2025-06-17T23:18:57.749+0300][13852][2928 ][debug][gc,phases] GC(2)   StringDedup Requests0 Weak     Min:  0.0, Avg:  0.0, Max:  0.0, Diff:  0.0, Sum:  0.0, Workers: 8
[2025-06-17T23:18:57.749+0300][13852][2928 ][debug][gc,phases] GC(2)     Dead                           Min: 0, Avg:  0.0, Max: 0, Diff: 0, Sum: 0, Workers: 8
[2025-06-17T23:18:57.749+0300][13852][2928 ][debug][gc,phases] GC(2)     Total                          Min: 0, Avg:  0.0, Max: 0, Diff: 0, Sum: 0, Workers: 8
[2025-06-17T23:18:57.749+0300][13852][2928 ][debug][gc,phases] GC(2)   StringDedup Requests1 Weak     Min:  0.0, Avg:  0.0, Max:  0.0, Diff:  0.0, Sum:  0.0, Workers: 8
[2025-06-17T23:18:57.749+0300][13852][2928 ][debug][gc,phases] GC(2)     Dead                           Min: 0, Avg:  0.0, Max: 0, Diff: 0, Sum: 0, Workers: 8
[2025-06-17T23:18:57.749+0300][13852][2928 ][debug][gc,phases] GC(2)     Total                          Min: 0, Avg:  0.0, Max: 0, Diff: 0, Sum: 0, Workers: 8
[2025-06-17T23:18:57.749+0300][13852][2928 ][debug][gc,phases] GC(2)   Weak JFR Old Object Samples    Min:  0.0, Avg:  0.0, Max:  0.0, Diff:  0.0, Sum:  0.0, Workers: 8
[2025-06-17T23:18:57.749+0300][13852][2928 ][debug][gc,phases] GC(2)     Dead                           Min: 0, Avg:  0.0, Max: 0, Diff: 0, Sum: 0, Workers: 8
[2025-06-17T23:18:57.749+0300][13852][2928 ][debug][gc,phases] GC(2)     Total                          Min: 0, Avg:  0.0, Max: 0, Diff: 0, Sum: 0, Workers: 8
[2025-06-17T23:18:57.749+0300][13852][2928 ][debug][gc,phases] GC(2) Weak Processing 0.599ms
[2025-06-17T23:18:57.749+0300][13852][2928 ][info ][gc,heap  ] GC(2) PSYoungGen: 524800K(611840K)->7808K(611840K) Eden: 524800K(524800K)->0K(524800K) From: 0K(87040K)->7808K(87040K)
[2025-06-17T23:18:57.749+0300][13852][2928 ][info ][gc,heap  ] GC(2) ParOldGen: 2947K(1398272K)->3118K(1398272K)
[2025-06-17T23:18:57.749+0300][13852][2928 ][info ][gc       ] GC(2) Pause Young (Allocation Failure) 515M->10M(1963M) 2.977ms
[2025-06-17T23:18:57.749+0300][13852][2928 ][debug][gc,heap  ] GC(2) Heap after GC invocations=3 (full 1):
[2025-06-17T23:18:57.749+0300][13852][2928 ][debug][gc,heap  ] GC(2)  PSYoungGen      total 611840K, used 7808K [0x00000000d5580000, 0x0000000100000000, 0x0000000100000000)
[2025-06-17T23:18:57.749+0300][13852][2928 ][debug][gc,heap  ] GC(2)   eden space 524800K, 0% used [0x00000000d5580000,0x00000000d5580000,0x00000000f5600000)
[2025-06-17T23:18:57.749+0300][13852][2928 ][debug][gc,heap  ] GC(2)   from space 87040K, 8% used [0x00000000fab00000,0x00000000fb2a0070,0x0000000100000000)
[2025-06-17T23:18:57.749+0300][13852][2928 ][debug][gc,heap  ] GC(2)   to   space 87040K, 0% used [0x00000000f5600000,0x00000000f5600000,0x00000000fab00000)
[2025-06-17T23:18:57.749+0300][13852][2928 ][debug][gc,heap  ] GC(2)  ParOldGen       total 1398272K, used 3118K [0x0000000080000000, 0x00000000d5580000, 0x00000000d5580000)
[2025-06-17T23:18:57.749+0300][13852][2928 ][debug][gc,heap  ] GC(2)   object space 1398272K, 0% used [0x0000000080000000,0x000000008030ba78,0x00000000d5580000)
[2025-06-17T23:18:57.749+0300][13852][2928 ][debug][gc,heap  ] GC(2)  Metaspace       used 8835K, committed 9408K, reserved 1114112K
[2025-06-17T23:18:57.749+0300][13852][2928 ][debug][gc,heap  ] GC(2)   class space    used 973K, committed 1216K, reserved 1048576K
[2025-06-17T23:18:57.749+0300][13852][2928 ][info ][safepoint] Safepoint "ParallelGCFailedAllocation", Time since last: 407709900 ns, Reaching safepoint: 233600 ns, Cleanup: 69400 ns, At safepoint: 3340500 ns, Total: 3643500 ns
[2025-06-17T23:18:57.973+0300][13852][2928 ][debug][safepoint] Safepoint synchronization initiated using striped semaphore wait barrier. (21 threads)
[2025-06-17T23:18:57.973+0300][13852][15124][debug][safepoint] ... found polling page loop exception at pc = 0x0000012d12e96de0, stub =0x0000012d12894d80
[2025-06-17T23:18:57.973+0300][13852][2928 ][debug][gc,heap  ] GC(3) Heap before GC invocations=4 (full 1):
[2025-06-17T23:18:57.973+0300][13852][2928 ][debug][gc,heap  ] GC(3)  PSYoungGen      total 611840K, used 532608K [0x00000000d5580000, 0x0000000100000000, 0x0000000100000000)
[2025-06-17T23:18:57.973+0300][13852][2928 ][debug][gc,heap  ] GC(3)   eden space 524800K, 100% used [0x00000000d5580000,0x00000000f5600000,0x00000000f5600000)
[2025-06-17T23:18:57.973+0300][13852][2928 ][debug][gc,heap  ] GC(3)   from space 87040K, 8% used [0x00000000fab00000,0x00000000fb2a0070,0x0000000100000000)
[2025-06-17T23:18:57.973+0300][13852][2928 ][debug][gc,heap  ] GC(3)   to   space 87040K, 0% used [0x00000000f5600000,0x00000000f5600000,0x00000000fab00000)
[2025-06-17T23:18:57.973+0300][13852][2928 ][debug][gc,heap  ] GC(3)  ParOldGen       total 1398272K, used 3118K [0x0000000080000000, 0x00000000d5580000, 0x00000000d5580000)
[2025-06-17T23:18:57.973+0300][13852][2928 ][debug][gc,heap  ] GC(3)   object space 1398272K, 0% used [0x0000000080000000,0x000000008030ba78,0x00000000d5580000)
[2025-06-17T23:18:57.973+0300][13852][2928 ][debug][gc,heap  ] GC(3)  Metaspace       used 8866K, committed 9408K, reserved 1114112K
[2025-06-17T23:18:57.973+0300][13852][2928 ][debug][gc,heap  ] GC(3)   class space    used 974K, committed 1216K, reserved 1048576K
[2025-06-17T23:18:57.973+0300][13852][2928 ][debug][gc,phases] GC(3) Scavenge 1.482ms
[2025-06-17T23:18:57.973+0300][13852][2928 ][debug][gc,phases] GC(3) Reference Processing 0.090ms
[2025-06-17T23:18:57.973+0300][13852][2928 ][debug][gc,phases] GC(3)   VM Weak                        Min:  0.0, Avg:  0.0, Max:  0.0, Diff:  0.0, Sum:  0.0, Workers: 8
[2025-06-17T23:18:57.973+0300][13852][2928 ][debug][gc,phases] GC(3)     Dead                           Min: 0, Avg:  0.0, Max: 0, Diff: 0, Sum: 0, Workers: 8
[2025-06-17T23:18:57.973+0300][13852][2928 ][debug][gc,phases] GC(3)     Total                          Min: 0, Avg: 45.6, Max: 128, Diff: 128, Sum: 365, Workers: 8
[2025-06-17T23:18:57.973+0300][13852][2928 ][debug][gc,phases] GC(3)   ObjectSynchronizer Weak        Min:  0.0, Avg:  0.0, Max:  0.0, Diff:  0.0, Sum:  0.0, Workers: 8
[2025-06-17T23:18:57.973+0300][13852][2928 ][debug][gc,phases] GC(3)     Dead                           Min: 0, Avg:  0.0, Max: 0, Diff: 0, Sum: 0, Workers: 8
[2025-06-17T23:18:57.973+0300][13852][2928 ][debug][gc,phases] GC(3)     Total                          Min: 0, Avg: 16.1, Max: 64, Diff: 64, Sum: 129, Workers: 8
[2025-06-17T23:18:57.973+0300][13852][2928 ][debug][gc,phases] GC(3)   JVMTI Tag Weak OopStorage      Min:  0.0, Avg:  0.0, Max:  0.0, Diff:  0.0, Sum:  0.0, Workers: 8
[2025-06-17T23:18:57.973+0300][13852][2928 ][debug][gc,phases] GC(3)     Dead                           Min: 0, Avg:  0.0, Max: 0, Diff: 0, Sum: 0, Workers: 8
[2025-06-17T23:18:57.973+0300][13852][2928 ][debug][gc,phases] GC(3)     Total                          Min: 0, Avg:  0.0, Max: 0, Diff: 0, Sum: 0, Workers: 8
[2025-06-17T23:18:57.973+0300][13852][2928 ][debug][gc,phases] GC(3)   StringTable Weak               Min:  0.0, Avg:  0.0, Max:  0.0, Diff:  0.0, Sum:  0.1, Workers: 8
[2025-06-17T23:18:57.973+0300][13852][2928 ][debug][gc,phases] GC(3)     Dead                           Min: 0, Avg:  0.0, Max: 0, Diff: 0, Sum: 0, Workers: 8
[2025-06-17T23:18:57.973+0300][13852][2928 ][debug][gc,phases] GC(3)     Total                          Min: 0, Avg: 770.6, Max: 960, Diff: 960, Sum: 6165, Workers: 8
[2025-06-17T23:18:57.973+0300][13852][2928 ][debug][gc,phases] GC(3)   ResolvedMethodTable Weak       Min:  0.0, Avg:  0.0, Max:  0.0, Diff:  0.0, Sum:  0.0, Workers: 8
[2025-06-17T23:18:57.973+0300][13852][2928 ][debug][gc,phases] GC(3)     Dead                           Min: 0, Avg:  0.0, Max: 0, Diff: 0, Sum: 0, Workers: 8
[2025-06-17T23:18:57.973+0300][13852][2928 ][debug][gc,phases] GC(3)     Total                          Min: 0, Avg: 107.5, Max: 256, Diff: 256, Sum: 860, Workers: 8
[2025-06-17T23:18:57.973+0300][13852][2928 ][debug][gc,phases] GC(3)   JNI Weak                       Min:  0.0, Avg:  0.0, Max:  0.0, Diff:  0.0, Sum:  0.0, Workers: 8
[2025-06-17T23:18:57.973+0300][13852][2928 ][debug][gc,phases] GC(3)     Dead                           Min: 0, Avg:  0.0, Max: 0, Diff: 0, Sum: 0, Workers: 8
[2025-06-17T23:18:57.973+0300][13852][2928 ][debug][gc,phases] GC(3)     Total                          Min: 0, Avg:  4.5, Max: 36, Diff: 36, Sum: 36, Workers: 8
[2025-06-17T23:18:57.973+0300][13852][2928 ][debug][gc,phases] GC(3)   StringDedup Table Weak         Min:  0.0, Avg:  0.0, Max:  0.0, Diff:  0.0, Sum:  0.0, Workers: 8
[2025-06-17T23:18:57.973+0300][13852][2928 ][debug][gc,phases] GC(3)     Dead                           Min: 0, Avg:  0.0, Max: 0, Diff: 0, Sum: 0, Workers: 8
[2025-06-17T23:18:57.973+0300][13852][2928 ][debug][gc,phases] GC(3)     Total                          Min: 0, Avg:  0.0, Max: 0, Diff: 0, Sum: 0, Workers: 8
[2025-06-17T23:18:57.973+0300][13852][2928 ][debug][gc,phases] GC(3)   StringDedup Requests0 Weak     Min:  0.0, Avg:  0.0, Max:  0.0, Diff:  0.0, Sum:  0.0, Workers: 8
[2025-06-17T23:18:57.973+0300][13852][2928 ][debug][gc,phases] GC(3)     Dead                           Min: 0, Avg:  0.0, Max: 0, Diff: 0, Sum: 0, Workers: 8
[2025-06-17T23:18:57.973+0300][13852][2928 ][debug][gc,phases] GC(3)     Total                          Min: 0, Avg:  0.0, Max: 0, Diff: 0, Sum: 0, Workers: 8
[2025-06-17T23:18:57.973+0300][13852][2928 ][debug][gc,phases] GC(3)   StringDedup Requests1 Weak     Min:  0.0, Avg:  0.0, Max:  0.0, Diff:  0.0, Sum:  0.0, Workers: 8
[2025-06-17T23:18:57.973+0300][13852][2928 ][debug][gc,phases] GC(3)     Dead                           Min: 0, Avg:  0.0, Max: 0, Diff: 0, Sum: 0, Workers: 8
[2025-06-17T23:18:57.973+0300][13852][2928 ][debug][gc,phases] GC(3)     Total                          Min: 0, Avg:  0.0, Max: 0, Diff: 0, Sum: 0, Workers: 8
[2025-06-17T23:18:57.973+0300][13852][2928 ][debug][gc,phases] GC(3)   Weak JFR Old Object Samples    Min:  0.0, Avg:  0.0, Max:  0.0, Diff:  0.0, Sum:  0.0, Workers: 8
[2025-06-17T23:18:57.973+0300][13852][2928 ][debug][gc,phases] GC(3)     Dead                           Min: 0, Avg:  0.0, Max: 0, Diff: 0, Sum: 0, Workers: 8
[2025-06-17T23:18:57.973+0300][13852][2928 ][debug][gc,phases] GC(3)     Total                          Min: 0, Avg:  0.0, Max: 0, Diff: 0, Sum: 0, Workers: 8
[2025-06-17T23:18:57.973+0300][13852][2928 ][debug][gc,phases] GC(3) Weak Processing 0.554ms
[2025-06-17T23:18:57.973+0300][13852][2928 ][info ][gc,heap  ] GC(3) PSYoungGen: 532608K(611840K)->7616K(611840K) Eden: 524800K(524800K)->0K(524800K) From: 7808K(87040K)->7616K(87040K)
[2025-06-17T23:18:57.973+0300][13852][2928 ][info ][gc,heap  ] GC(3) ParOldGen: 3118K(1398272K)->3126K(1398272K)
[2025-06-17T23:18:57.973+0300][13852][2928 ][info ][gc       ] GC(3) Pause Young (Allocation Failure) 523M->10M(1963M) 2.292ms
[2025-06-17T23:18:57.973+0300][13852][2928 ][debug][gc,heap  ] GC(3) Heap after GC invocations=4 (full 1):
[2025-06-17T23:18:57.973+0300][13852][2928 ][debug][gc,heap  ] GC(3)  PSYoungGen      total 611840K, used 7616K [0x00000000d5580000, 0x0000000100000000, 0x0000000100000000)
[2025-06-17T23:18:57.973+0300][13852][2928 ][debug][gc,heap  ] GC(3)   eden space 524800K, 0% used [0x00000000d5580000,0x00000000d5580000,0x00000000f5600000)
[2025-06-17T23:18:57.973+0300][13852][2928 ][debug][gc,heap  ] GC(3)   from space 87040K, 8% used [0x00000000f5600000,0x00000000f5d70090,0x00000000fab00000)
[2025-06-17T23:18:57.973+0300][13852][2928 ][debug][gc,heap  ] GC(3)   to   space 87040K, 0% used [0x00000000fab00000,0x00000000fab00000,0x0000000100000000)
[2025-06-17T23:18:57.973+0300][13852][2928 ][debug][gc,heap  ] GC(3)  ParOldGen       total 1398272K, used 3126K [0x0000000080000000, 0x00000000d5580000, 0x00000000d5580000)
[2025-06-17T23:18:57.973+0300][13852][2928 ][debug][gc,heap  ] GC(3)   object space 1398272K, 0% used [0x0000000080000000,0x000000008030da78,0x00000000d5580000)
[2025-06-17T23:18:57.973+0300][13852][2928 ][debug][gc,heap  ] GC(3)  Metaspace       used 8866K, committed 9408K, reserved 1114112K
[2025-06-17T23:18:57.973+0300][13852][2928 ][debug][gc,heap  ] GC(3)   class space    used 974K, committed 1216K, reserved 1048576K
[2025-06-17T23:18:57.973+0300][13852][2928 ][info ][safepoint] Safepoint "ParallelGCFailedAllocation", Time since last: 222741100 ns, Reaching safepoint: 120600 ns, Cleanup: 27900 ns, At safepoint: 2739400 ns, Total: 2887900 ns
[2025-06-17T23:18:58.187+0300][13852][2928 ][debug][safepoint] Safepoint synchronization initiated using striped semaphore wait barrier. (21 threads)
[2025-06-17T23:18:58.187+0300][13852][13388][debug][safepoint] ... found polling page loop exception at pc = 0x0000012d12e96de0, stub =0x0000012d12894d80
[2025-06-17T23:18:58.187+0300][13852][12624][debug][safepoint] ... found polling page loop exception at pc = 0x0000012d12e96de0, stub =0x0000012d12894d80
[2025-06-17T23:18:58.187+0300][13852][7180 ][debug][safepoint] ... found polling page loop exception at pc = 0x0000012d12efb8a0, stub =0x0000012d12895600
[2025-06-17T23:18:58.187+0300][13852][9760 ][debug][safepoint] ... found polling page loop exception at pc = 0x0000012d12e96de0, stub =0x0000012d12894d80
[2025-06-17T23:18:58.187+0300][13852][2928 ][debug][gc,heap  ] GC(4) Heap before GC invocations=5 (full 1):
[2025-06-17T23:18:58.187+0300][13852][2928 ][debug][gc,heap  ] GC(4)  PSYoungGen      total 611840K, used 532416K [0x00000000d5580000, 0x0000000100000000, 0x0000000100000000)
[2025-06-17T23:18:58.187+0300][13852][2928 ][debug][gc,heap  ] GC(4)   eden space 524800K, 100% used [0x00000000d5580000,0x00000000f5600000,0x00000000f5600000)
[2025-06-17T23:18:58.187+0300][13852][2928 ][debug][gc,heap  ] GC(4)   from space 87040K, 8% used [0x00000000f5600000,0x00000000f5d70090,0x00000000fab00000)
[2025-06-17T23:18:58.187+0300][13852][2928 ][debug][gc,heap  ] GC(4)   to   space 87040K, 0% used [0x00000000fab00000,0x00000000fab00000,0x0000000100000000)
[2025-06-17T23:18:58.187+0300][13852][2928 ][debug][gc,heap  ] GC(4)  ParOldGen       total 1398272K, used 3126K [0x0000000080000000, 0x00000000d5580000, 0x00000000d5580000)
[2025-06-17T23:18:58.187+0300][13852][2928 ][debug][gc,heap  ] GC(4)   object space 1398272K, 0% used [0x0000000080000000,0x000000008030da78,0x00000000d5580000)
[2025-06-17T23:18:58.187+0300][13852][2928 ][debug][gc,heap  ] GC(4)  Metaspace       used 8907K, committed 9472K, reserved 1114112K
[2025-06-17T23:18:58.187+0300][13852][2928 ][debug][gc,heap  ] GC(4)   class space    used 975K, committed 1216K, reserved 1048576K
[2025-06-17T23:18:58.189+0300][13852][2928 ][debug][gc,phases] GC(4) Scavenge 1.256ms
[2025-06-17T23:18:58.189+0300][13852][2928 ][debug][gc,phases] GC(4) Reference Processing 0.066ms
[2025-06-17T23:18:58.189+0300][13852][2928 ][debug][gc,phases] GC(4)   VM Weak                        Min:  0.0, Avg:  0.0, Max:  0.0, Diff:  0.0, Sum:  0.0, Workers: 8
[2025-06-17T23:18:58.189+0300][13852][2928 ][debug][gc,phases] GC(4)     Dead                           Min: 0, Avg:  0.0, Max: 0, Diff: 0, Sum: 0, Workers: 8
[2025-06-17T23:18:58.189+0300][13852][2928 ][debug][gc,phases] GC(4)     Total                          Min: 0, Avg: 45.9, Max: 256, Diff: 256, Sum: 367, Workers: 8
[2025-06-17T23:18:58.189+0300][13852][2928 ][debug][gc,phases] GC(4)   ObjectSynchronizer Weak        Min:  0.0, Avg:  0.0, Max:  0.0, Diff:  0.0, Sum:  0.0, Workers: 8
[2025-06-17T23:18:58.189+0300][13852][2928 ][debug][gc,phases] GC(4)     Dead                           Min: 0, Avg:  0.0, Max: 0, Diff: 0, Sum: 0, Workers: 8
[2025-06-17T23:18:58.189+0300][13852][2928 ][debug][gc,phases] GC(4)     Total                          Min: 0, Avg: 16.1, Max: 64, Diff: 64, Sum: 129, Workers: 8
[2025-06-17T23:18:58.189+0300][13852][2928 ][debug][gc,phases] GC(4)   JVMTI Tag Weak OopStorage      Min:  0.0, Avg:  0.0, Max:  0.0, Diff:  0.0, Sum:  0.0, Workers: 8
[2025-06-17T23:18:58.189+0300][13852][2928 ][debug][gc,phases] GC(4)     Dead                           Min: 0, Avg:  0.0, Max: 0, Diff: 0, Sum: 0, Workers: 8
[2025-06-17T23:18:58.189+0300][13852][2928 ][debug][gc,phases] GC(4)     Total                          Min: 0, Avg:  0.0, Max: 0, Diff: 0, Sum: 0, Workers: 8
[2025-06-17T23:18:58.189+0300][13852][2928 ][debug][gc,phases] GC(4)   StringTable Weak               Min:  0.0, Avg:  0.0, Max:  0.0, Diff:  0.0, Sum:  0.1, Workers: 8
[2025-06-17T23:18:58.189+0300][13852][2928 ][debug][gc,phases] GC(4)     Dead                           Min: 0, Avg:  0.1, Max: 1, Diff: 1, Sum: 1, Workers: 8
[2025-06-17T23:18:58.189+0300][13852][2928 ][debug][gc,phases] GC(4)     Total                          Min: 0, Avg: 774.9, Max: 1272, Diff: 1272, Sum: 6199, Workers: 8
[2025-06-17T23:18:58.189+0300][13852][2928 ][debug][gc,phases] GC(4)   ResolvedMethodTable Weak       Min:  0.0, Avg:  0.0, Max:  0.0, Diff:  0.0, Sum:  0.0, Workers: 8
[2025-06-17T23:18:58.189+0300][13852][2928 ][debug][gc,phases] GC(4)     Dead                           Min: 0, Avg:  0.0, Max: 0, Diff: 0, Sum: 0, Workers: 8
[2025-06-17T23:18:58.189+0300][13852][2928 ][debug][gc,phases] GC(4)     Total                          Min: 0, Avg: 107.6, Max: 256, Diff: 256, Sum: 861, Workers: 8
[2025-06-17T23:18:58.189+0300][13852][2928 ][debug][gc,phases] GC(4)   JNI Weak                       Min:  0.0, Avg:  0.0, Max:  0.0, Diff:  0.0, Sum:  0.0, Workers: 8
[2025-06-17T23:18:58.189+0300][13852][2928 ][debug][gc,phases] GC(4)     Dead                           Min: 0, Avg:  0.0, Max: 0, Diff: 0, Sum: 0, Workers: 8
[2025-06-17T23:18:58.189+0300][13852][2928 ][debug][gc,phases] GC(4)     Total                          Min: 0, Avg:  5.0, Max: 40, Diff: 40, Sum: 40, Workers: 8
[2025-06-17T23:18:58.189+0300][13852][2928 ][debug][gc,phases] GC(4)   StringDedup Table Weak         Min:  0.0, Avg:  0.0, Max:  0.0, Diff:  0.0, Sum:  0.0, Workers: 8
[2025-06-17T23:18:58.189+0300][13852][2928 ][debug][gc,phases] GC(4)     Dead                           Min: 0, Avg:  0.0, Max: 0, Diff: 0, Sum: 0, Workers: 8
[2025-06-17T23:18:58.189+0300][13852][2928 ][debug][gc,phases] GC(4)     Total                          Min: 0, Avg:  0.0, Max: 0, Diff: 0, Sum: 0, Workers: 8
[2025-06-17T23:18:58.189+0300][13852][2928 ][debug][gc,phases] GC(4)   StringDedup Requests0 Weak     Min:  0.0, Avg:  0.0, Max:  0.0, Diff:  0.0, Sum:  0.0, Workers: 8
[2025-06-17T23:18:58.189+0300][13852][2928 ][debug][gc,phases] GC(4)     Dead                           Min: 0, Avg:  0.0, Max: 0, Diff: 0, Sum: 0, Workers: 8
[2025-06-17T23:18:58.189+0300][13852][2928 ][debug][gc,phases] GC(4)     Total                          Min: 0, Avg:  0.0, Max: 0, Diff: 0, Sum: 0, Workers: 8
[2025-06-17T23:18:58.189+0300][13852][2928 ][debug][gc,phases] GC(4)   StringDedup Requests1 Weak     Min:  0.0, Avg:  0.0, Max:  0.0, Diff:  0.0, Sum:  0.0, Workers: 8
[2025-06-17T23:18:58.189+0300][13852][2928 ][debug][gc,phases] GC(4)     Dead                           Min: 0, Avg:  0.0, Max: 0, Diff: 0, Sum: 0, Workers: 8
[2025-06-17T23:18:58.189+0300][13852][2928 ][debug][gc,phases] GC(4)     Total                          Min: 0, Avg:  0.0, Max: 0, Diff: 0, Sum: 0, Workers: 8
[2025-06-17T23:18:58.189+0300][13852][2928 ][debug][gc,phases] GC(4)   Weak JFR Old Object Samples    Min:  0.0, Avg:  0.0, Max:  0.0, Diff:  0.0, Sum:  0.0, Workers: 8
[2025-06-17T23:18:58.189+0300][13852][2928 ][debug][gc,phases] GC(4)     Dead                           Min: 0, Avg:  0.0, Max: 0, Diff: 0, Sum: 0, Workers: 8
[2025-06-17T23:18:58.189+0300][13852][2928 ][debug][gc,phases] GC(4)     Total                          Min: 0, Avg:  0.0, Max: 0, Diff: 0, Sum: 0, Workers: 8
[2025-06-17T23:18:58.189+0300][13852][2928 ][debug][gc,phases] GC(4) Weak Processing 0.553ms
[2025-06-17T23:18:58.189+0300][13852][2928 ][info ][gc,heap  ] GC(4) PSYoungGen: 532416K(611840K)->7680K(611840K) Eden: 524800K(524800K)->0K(524800K) From: 7616K(87040K)->7680K(87040K)
[2025-06-17T23:18:58.189+0300][13852][2928 ][info ][gc,heap  ] GC(4) ParOldGen: 3126K(1398272K)->3134K(1398272K)
[2025-06-17T23:18:58.189+0300][13852][2928 ][info ][gc       ] GC(4) Pause Young (Allocation Failure) 522M->10M(1963M) 2.015ms
[2025-06-17T23:18:58.189+0300][13852][2928 ][debug][gc,heap  ] GC(4) Heap after GC invocations=5 (full 1):
[2025-06-17T23:18:58.189+0300][13852][2928 ][debug][gc,heap  ] GC(4)  PSYoungGen      total 611840K, used 7680K [0x00000000d5580000, 0x0000000100000000, 0x0000000100000000)
[2025-06-17T23:18:58.189+0300][13852][2928 ][debug][gc,heap  ] GC(4)   eden space 524800K, 0% used [0x00000000d5580000,0x00000000d5580000,0x00000000f5600000)
[2025-06-17T23:18:58.189+0300][13852][2928 ][debug][gc,heap  ] GC(4)   from space 87040K, 8% used [0x00000000fab00000,0x00000000fb280070,0x0000000100000000)
[2025-06-17T23:18:58.189+0300][13852][2928 ][debug][gc,heap  ] GC(4)   to   space 87040K, 0% used [0x00000000f5600000,0x00000000f5600000,0x00000000fab00000)
[2025-06-17T23:18:58.189+0300][13852][2928 ][debug][gc,heap  ] GC(4)  ParOldGen       total 1398272K, used 3134K [0x0000000080000000, 0x00000000d5580000, 0x00000000d5580000)
[2025-06-17T23:18:58.189+0300][13852][2928 ][debug][gc,heap  ] GC(4)   object space 1398272K, 0% used [0x0000000080000000,0x000000008030fa78,0x00000000d5580000)
[2025-06-17T23:18:58.189+0300][13852][2928 ][debug][gc,heap  ] GC(4)  Metaspace       used 8907K, committed 9472K, reserved 1114112K
[2025-06-17T23:18:58.189+0300][13852][2928 ][debug][gc,heap  ] GC(4)   class space    used 975K, committed 1216K, reserved 1048576K
[2025-06-17T23:18:58.189+0300][13852][2928 ][info ][safepoint] Safepoint "ParallelGCFailedAllocation", Time since last: 211254200 ns, Reaching safepoint: 242600 ns, Cleanup: 15000 ns, At safepoint: 2337400 ns, Total: 2595000 ns
[2025-06-17T23:18:58.396+0300][13852][2928 ][debug][safepoint] Safepoint synchronization initiated using striped semaphore wait barrier. (21 threads)
[2025-06-17T23:18:58.396+0300][13852][16580][debug][safepoint] ... found polling page loop exception at pc = 0x0000012d12efe703, stub =0x0000012d12895600
[2025-06-17T23:18:58.396+0300][13852][13388][debug][safepoint] ... found polling page loop exception at pc = 0x0000012d12e96de0, stub =0x0000012d12894d80
[2025-06-17T23:18:58.396+0300][13852][7528 ][debug][safepoint] ... found polling page loop exception at pc = 0x0000012d12e96de0, stub =0x0000012d12894d80
[2025-06-17T23:18:58.396+0300][13852][7180 ][debug][safepoint] ... found polling page loop exception at pc = 0x0000012d12e96de0, stub =0x0000012d12894d80
[2025-06-17T23:18:58.396+0300][13852][2928 ][debug][gc,heap  ] GC(5) Heap before GC invocations=6 (full 1):
[2025-06-17T23:18:58.396+0300][13852][2928 ][debug][gc,heap  ] GC(5)  PSYoungGen      total 611840K, used 532480K [0x00000000d5580000, 0x0000000100000000, 0x0000000100000000)
[2025-06-17T23:18:58.396+0300][13852][2928 ][debug][gc,heap  ] GC(5)   eden space 524800K, 100% used [0x00000000d5580000,0x00000000f5600000,0x00000000f5600000)
[2025-06-17T23:18:58.396+0300][13852][2928 ][debug][gc,heap  ] GC(5)   from space 87040K, 8% used [0x00000000fab00000,0x00000000fb280070,0x0000000100000000)
[2025-06-17T23:18:58.396+0300][13852][2928 ][debug][gc,heap  ] GC(5)   to   space 87040K, 0% used [0x00000000f5600000,0x00000000f5600000,0x00000000fab00000)
[2025-06-17T23:18:58.396+0300][13852][2928 ][debug][gc,heap  ] GC(5)  ParOldGen       total 1398272K, used 3134K [0x0000000080000000, 0x00000000d5580000, 0x00000000d5580000)
[2025-06-17T23:18:58.396+0300][13852][2928 ][debug][gc,heap  ] GC(5)   object space 1398272K, 0% used [0x0000000080000000,0x000000008030fa78,0x00000000d5580000)
[2025-06-17T23:18:58.396+0300][13852][2928 ][debug][gc,heap  ] GC(5)  Metaspace       used 8912K, committed 9472K, reserved 1114112K
[2025-06-17T23:18:58.396+0300][13852][2928 ][debug][gc,heap  ] GC(5)   class space    used 975K, committed 1216K, reserved 1048576K
[2025-06-17T23:18:58.396+0300][13852][2928 ][debug][gc,phases] GC(5) Scavenge 0.932ms
[2025-06-17T23:18:58.396+0300][13852][2928 ][debug][gc,phases] GC(5) Reference Processing 0.056ms
[2025-06-17T23:18:58.396+0300][13852][2928 ][debug][gc,phases] GC(5)   VM Weak                        Min:  0.0, Avg:  0.0, Max:  0.0, Diff:  0.0, Sum:  0.0, Workers: 8
[2025-06-17T23:18:58.396+0300][13852][2928 ][debug][gc,phases] GC(5)     Dead                           Min: 0, Avg:  0.0, Max: 0, Diff: 0, Sum: 0, Workers: 8
[2025-06-17T23:18:58.396+0300][13852][2928 ][debug][gc,phases] GC(5)     Total                          Min: 0, Avg: 45.9, Max: 128, Diff: 128, Sum: 367, Workers: 8
[2025-06-17T23:18:58.396+0300][13852][2928 ][debug][gc,phases] GC(5)   ObjectSynchronizer Weak        Min:  0.0, Avg:  0.0, Max:  0.0, Diff:  0.0, Sum:  0.0, Workers: 8
[2025-06-17T23:18:58.396+0300][13852][2928 ][debug][gc,phases] GC(5)     Dead                           Min: 0, Avg:  0.0, Max: 0, Diff: 0, Sum: 0, Workers: 8
[2025-06-17T23:18:58.396+0300][13852][2928 ][debug][gc,phases] GC(5)     Total                          Min: 0, Avg: 16.1, Max: 64, Diff: 64, Sum: 129, Workers: 8
[2025-06-17T23:18:58.396+0300][13852][2928 ][debug][gc,phases] GC(5)   JVMTI Tag Weak OopStorage      Min:  0.0, Avg:  0.0, Max:  0.0, Diff:  0.0, Sum:  0.0, Workers: 8
[2025-06-17T23:18:58.396+0300][13852][2928 ][debug][gc,phases] GC(5)     Dead                           Min: 0, Avg:  0.0, Max: 0, Diff: 0, Sum: 0, Workers: 8
[2025-06-17T23:18:58.396+0300][13852][2928 ][debug][gc,phases] GC(5)     Total                          Min: 0, Avg:  0.0, Max: 0, Diff: 0, Sum: 0, Workers: 8
[2025-06-17T23:18:58.396+0300][13852][2928 ][debug][gc,phases] GC(5)   StringTable Weak               Min:  0.0, Avg:  0.0, Max:  0.0, Diff:  0.0, Sum:  0.1, Workers: 8
[2025-06-17T23:18:58.396+0300][13852][2928 ][debug][gc,phases] GC(5)     Dead                           Min: 0, Avg:  0.0, Max: 0, Diff: 0, Sum: 0, Workers: 8
[2025-06-17T23:18:58.396+0300][13852][2928 ][debug][gc,phases] GC(5)     Total                          Min: 0, Avg: 775.5, Max: 1149, Diff: 1149, Sum: 6204, Workers: 8
[2025-06-17T23:18:58.396+0300][13852][2928 ][debug][gc,phases] GC(5)   ResolvedMethodTable Weak       Min:  0.0, Avg:  0.0, Max:  0.0, Diff:  0.0, Sum:  0.0, Workers: 8
[2025-06-17T23:18:58.396+0300][13852][2928 ][debug][gc,phases] GC(5)     Dead                           Min: 0, Avg:  0.0, Max: 0, Diff: 0, Sum: 0, Workers: 8
[2025-06-17T23:18:58.396+0300][13852][2928 ][debug][gc,phases] GC(5)     Total                          Min: 0, Avg: 107.6, Max: 256, Diff: 256, Sum: 861, Workers: 8
[2025-06-17T23:18:58.396+0300][13852][2928 ][debug][gc,phases] GC(5)   JNI Weak                       Min:  0.0, Avg:  0.0, Max:  0.0, Diff:  0.0, Sum:  0.0, Workers: 8
[2025-06-17T23:18:58.396+0300][13852][2928 ][debug][gc,phases] GC(5)     Dead                           Min: 0, Avg:  0.0, Max: 0, Diff: 0, Sum: 0, Workers: 8
[2025-06-17T23:18:58.396+0300][13852][2928 ][debug][gc,phases] GC(5)     Total                          Min: 0, Avg:  4.1, Max: 33, Diff: 33, Sum: 33, Workers: 8
[2025-06-17T23:18:58.396+0300][13852][2928 ][debug][gc,phases] GC(5)   StringDedup Table Weak         Min:  0.0, Avg:  0.0, Max:  0.0, Diff:  0.0, Sum:  0.0, Workers: 8
[2025-06-17T23:18:58.396+0300][13852][2928 ][debug][gc,phases] GC(5)     Dead                           Min: 0, Avg:  0.0, Max: 0, Diff: 0, Sum: 0, Workers: 8
[2025-06-17T23:18:58.396+0300][13852][2928 ][debug][gc,phases] GC(5)     Total                          Min: 0, Avg:  0.0, Max: 0, Diff: 0, Sum: 0, Workers: 8
[2025-06-17T23:18:58.396+0300][13852][2928 ][debug][gc,phases] GC(5)   StringDedup Requests0 Weak     Min:  0.0, Avg:  0.0, Max:  0.0, Diff:  0.0, Sum:  0.0, Workers: 8
[2025-06-17T23:18:58.396+0300][13852][2928 ][debug][gc,phases] GC(5)     Dead                           Min: 0, Avg:  0.0, Max: 0, Diff: 0, Sum: 0, Workers: 8
[2025-06-17T23:18:58.396+0300][13852][2928 ][debug][gc,phases] GC(5)     Total                          Min: 0, Avg:  0.0, Max: 0, Diff: 0, Sum: 0, Workers: 8
[2025-06-17T23:18:58.396+0300][13852][2928 ][debug][gc,phases] GC(5)   StringDedup Requests1 Weak     Min:  0.0, Avg:  0.0, Max:  0.0, Diff:  0.0, Sum:  0.0, Workers: 8
[2025-06-17T23:18:58.396+0300][13852][2928 ][debug][gc,phases] GC(5)     Dead                           Min: 0, Avg:  0.0, Max: 0, Diff: 0, Sum: 0, Workers: 8
[2025-06-17T23:18:58.396+0300][13852][2928 ][debug][gc,phases] GC(5)     Total                          Min: 0, Avg:  0.0, Max: 0, Diff: 0, Sum: 0, Workers: 8
[2025-06-17T23:18:58.396+0300][13852][2928 ][debug][gc,phases] GC(5)   Weak JFR Old Object Samples    Min:  0.0, Avg:  0.0, Max:  0.0, Diff:  0.0, Sum:  0.0, Workers: 8
[2025-06-17T23:18:58.396+0300][13852][2928 ][debug][gc,phases] GC(5)     Dead                           Min: 0, Avg:  0.0, Max: 0, Diff: 0, Sum: 0, Workers: 8
[2025-06-17T23:18:58.396+0300][13852][2928 ][debug][gc,phases] GC(5)     Total                          Min: 0, Avg:  0.0, Max: 0, Diff: 0, Sum: 0, Workers: 8
[2025-06-17T23:18:58.396+0300][13852][2928 ][debug][gc,phases] GC(5) Weak Processing 0.530ms
[2025-06-17T23:18:58.396+0300][13852][2928 ][info ][gc,heap  ] GC(5) PSYoungGen: 532480K(611840K)->7760K(611840K) Eden: 524800K(524800K)->0K(524800K) From: 7680K(87040K)->7760K(87040K)
[2025-06-17T23:18:58.396+0300][13852][2928 ][info ][gc,heap  ] GC(5) ParOldGen: 3134K(1398272K)->3142K(1398272K)
[2025-06-17T23:18:58.396+0300][13852][2928 ][info ][gc       ] GC(5) Pause Young (Allocation Failure) 523M->10M(1963M) 1.635ms
[2025-06-17T23:18:58.396+0300][13852][2928 ][debug][gc,heap  ] GC(5) Heap after GC invocations=6 (full 1):
[2025-06-17T23:18:58.396+0300][13852][2928 ][debug][gc,heap  ] GC(5)  PSYoungGen      total 611840K, used 7760K [0x00000000d5580000, 0x0000000100000000, 0x0000000100000000)
[2025-06-17T23:18:58.396+0300][13852][2928 ][debug][gc,heap  ] GC(5)   eden space 524800K, 0% used [0x00000000d5580000,0x00000000d5580000,0x00000000f5600000)
[2025-06-17T23:18:58.396+0300][13852][2928 ][debug][gc,heap  ] GC(5)   from space 87040K, 8% used [0x00000000f5600000,0x00000000f5d94080,0x00000000fab00000)
[2025-06-17T23:18:58.396+0300][13852][2928 ][debug][gc,heap  ] GC(5)   to   space 87040K, 0% used [0x00000000fab00000,0x00000000fab00000,0x0000000100000000)
[2025-06-17T23:18:58.396+0300][13852][2928 ][debug][gc,heap  ] GC(5)  ParOldGen       total 1398272K, used 3142K [0x0000000080000000, 0x00000000d5580000, 0x00000000d5580000)
[2025-06-17T23:18:58.396+0300][13852][2928 ][debug][gc,heap  ] GC(5)   object space 1398272K, 0% used [0x0000000080000000,0x0000000080311a78,0x00000000d5580000)
[2025-06-17T23:18:58.396+0300][13852][2928 ][debug][gc,heap  ] GC(5)  Metaspace       used 8912K, committed 9472K, reserved 1114112K
[2025-06-17T23:18:58.396+0300][13852][2928 ][debug][gc,heap  ] GC(5)   class space    used 975K, committed 1216K, reserved 1048576K
[2025-06-17T23:18:58.396+0300][13852][2928 ][info ][safepoint] Safepoint "ParallelGCFailedAllocation", Time since last: 207629400 ns, Reaching safepoint: 219800 ns, Cleanup: 14800 ns, At safepoint: 1961400 ns, Total: 2196000 ns
[2025-06-17T23:18:58.587+0300][13852][2928 ][debug][safepoint] Safepoint synchronization initiated using striped semaphore wait barrier. (21 threads)
[2025-06-17T23:18:58.587+0300][13852][15124][debug][safepoint] ... found polling page loop exception at pc = 0x0000012d12e96de0, stub =0x0000012d12894d80
[2025-06-17T23:18:58.587+0300][13852][12624][debug][safepoint] ... found polling page loop exception at pc = 0x0000012d12e92b1b, stub =0x0000012d12895600
[2025-06-17T23:18:58.587+0300][13852][9760 ][debug][safepoint] ... found polling page loop exception at pc = 0x0000012d12e96de0, stub =0x0000012d12894d80
[2025-06-17T23:18:58.587+0300][13852][2928 ][debug][gc,heap  ] GC(6) Heap before GC invocations=7 (full 1):
[2025-06-17T23:18:58.587+0300][13852][2928 ][debug][gc,heap  ] GC(6)  PSYoungGen      total 611840K, used 532560K [0x00000000d5580000, 0x0000000100000000, 0x0000000100000000)
[2025-06-17T23:18:58.587+0300][13852][2928 ][debug][gc,heap  ] GC(6)   eden space 524800K, 100% used [0x00000000d5580000,0x00000000f5600000,0x00000000f5600000)
[2025-06-17T23:18:58.587+0300][13852][2928 ][debug][gc,heap  ] GC(6)   from space 87040K, 8% used [0x00000000f5600000,0x00000000f5d94080,0x00000000fab00000)
[2025-06-17T23:18:58.587+0300][13852][2928 ][debug][gc,heap  ] GC(6)   to   space 87040K, 0% used [0x00000000fab00000,0x00000000fab00000,0x0000000100000000)
[2025-06-17T23:18:58.587+0300][13852][2928 ][debug][gc,heap  ] GC(6)  ParOldGen       total 1398272K, used 3142K [0x0000000080000000, 0x00000000d5580000, 0x00000000d5580000)
[2025-06-17T23:18:58.587+0300][13852][2928 ][debug][gc,heap  ] GC(6)   object space 1398272K, 0% used [0x0000000080000000,0x0000000080311a78,0x00000000d5580000)
[2025-06-17T23:18:58.587+0300][13852][2928 ][debug][gc,heap  ] GC(6)  Metaspace       used 8912K, committed 9472K, reserved 1114112K
[2025-06-17T23:18:58.587+0300][13852][2928 ][debug][gc,heap  ] GC(6)   class space    used 975K, committed 1216K, reserved 1048576K
[2025-06-17T23:18:58.589+0300][13852][2928 ][debug][gc,phases] GC(6) Scavenge 1.372ms
[2025-06-17T23:18:58.589+0300][13852][2928 ][debug][gc,phases] GC(6) Reference Processing 0.079ms
[2025-06-17T23:18:58.589+0300][13852][2928 ][debug][gc,phases] GC(6)   VM Weak                        Min:  0.0, Avg:  0.0, Max:  0.0, Diff:  0.0, Sum:  0.0, Workers: 8
[2025-06-17T23:18:58.589+0300][13852][2928 ][debug][gc,phases] GC(6)     Dead                           Min: 0, Avg:  0.0, Max: 0, Diff: 0, Sum: 0, Workers: 8
[2025-06-17T23:18:58.589+0300][13852][2928 ][debug][gc,phases] GC(6)     Total                          Min: 0, Avg: 45.9, Max: 192, Diff: 192, Sum: 367, Workers: 8
[2025-06-17T23:18:58.589+0300][13852][2928 ][debug][gc,phases] GC(6)   ObjectSynchronizer Weak        Min:  0.0, Avg:  0.0, Max:  0.0, Diff:  0.0, Sum:  0.0, Workers: 8
[2025-06-17T23:18:58.589+0300][13852][2928 ][debug][gc,phases] GC(6)     Dead                           Min: 0, Avg:  0.0, Max: 0, Diff: 0, Sum: 0, Workers: 8
[2025-06-17T23:18:58.589+0300][13852][2928 ][debug][gc,phases] GC(6)     Total                          Min: 0, Avg: 16.1, Max: 64, Diff: 64, Sum: 129, Workers: 8
[2025-06-17T23:18:58.589+0300][13852][2928 ][debug][gc,phases] GC(6)   JVMTI Tag Weak OopStorage      Min:  0.0, Avg:  0.0, Max:  0.0, Diff:  0.0, Sum:  0.0, Workers: 8
[2025-06-17T23:18:58.589+0300][13852][2928 ][debug][gc,phases] GC(6)     Dead                           Min: 0, Avg:  0.0, Max: 0, Diff: 0, Sum: 0, Workers: 8
[2025-06-17T23:18:58.589+0300][13852][2928 ][debug][gc,phases] GC(6)     Total                          Min: 0, Avg:  0.0, Max: 0, Diff: 0, Sum: 0, Workers: 8
[2025-06-17T23:18:58.589+0300][13852][2928 ][debug][gc,phases] GC(6)   StringTable Weak               Min:  0.0, Avg:  0.0, Max:  0.0, Diff:  0.0, Sum:  0.1, Workers: 8
[2025-06-17T23:18:58.589+0300][13852][2928 ][debug][gc,phases] GC(6)     Dead                           Min: 0, Avg:  0.0, Max: 0, Diff: 0, Sum: 0, Workers: 8
[2025-06-17T23:18:58.589+0300][13852][2928 ][debug][gc,phases] GC(6)     Total                          Min: 0, Avg: 775.8, Max: 1472, Diff: 1472, Sum: 6206, Workers: 8
[2025-06-17T23:18:58.589+0300][13852][2928 ][debug][gc,phases] GC(6)   ResolvedMethodTable Weak       Min:  0.0, Avg:  0.0, Max:  0.0, Diff:  0.0, Sum:  0.0, Workers: 8
[2025-06-17T23:18:58.589+0300][13852][2928 ][debug][gc,phases] GC(6)     Dead                           Min: 0, Avg:  0.0, Max: 0, Diff: 0, Sum: 0, Workers: 8
[2025-06-17T23:18:58.589+0300][13852][2928 ][debug][gc,phases] GC(6)     Total                          Min: 0, Avg: 107.6, Max: 256, Diff: 256, Sum: 861, Workers: 8
[2025-06-17T23:18:58.589+0300][13852][2928 ][debug][gc,phases] GC(6)   JNI Weak                       Min:  0.0, Avg:  0.0, Max:  0.0, Diff:  0.0, Sum:  0.0, Workers: 8
[2025-06-17T23:18:58.589+0300][13852][2928 ][debug][gc,phases] GC(6)     Dead                           Min: 0, Avg:  0.0, Max: 0, Diff: 0, Sum: 0, Workers: 8
[2025-06-17T23:18:58.589+0300][13852][2928 ][debug][gc,phases] GC(6)     Total                          Min: 0, Avg:  0.6, Max: 5, Diff: 5, Sum: 5, Workers: 8
[2025-06-17T23:18:58.589+0300][13852][2928 ][debug][gc,phases] GC(6)   StringDedup Table Weak         Min:  0.0, Avg:  0.0, Max:  0.0, Diff:  0.0, Sum:  0.0, Workers: 8
[2025-06-17T23:18:58.589+0300][13852][2928 ][debug][gc,phases] GC(6)     Dead                           Min: 0, Avg:  0.0, Max: 0, Diff: 0, Sum: 0, Workers: 8
[2025-06-17T23:18:58.589+0300][13852][2928 ][debug][gc,phases] GC(6)     Total                          Min: 0, Avg:  0.0, Max: 0, Diff: 0, Sum: 0, Workers: 8
[2025-06-17T23:18:58.589+0300][13852][2928 ][debug][gc,phases] GC(6)   StringDedup Requests0 Weak     Min:  0.0, Avg:  0.0, Max:  0.0, Diff:  0.0, Sum:  0.0, Workers: 8
[2025-06-17T23:18:58.589+0300][13852][2928 ][debug][gc,phases] GC(6)     Dead                           Min: 0, Avg:  0.0, Max: 0, Diff: 0, Sum: 0, Workers: 8
[2025-06-17T23:18:58.589+0300][13852][2928 ][debug][gc,phases] GC(6)     Total                          Min: 0, Avg:  0.0, Max: 0, Diff: 0, Sum: 0, Workers: 8
[2025-06-17T23:18:58.591+0300][13852][2928 ][debug][gc,phases] GC(6)   StringDedup Requests1 Weak     Min:  0.0, Avg:  0.0, Max:  0.0, Diff:  0.0, Sum:  0.0, Workers: 8
[2025-06-17T23:18:58.591+0300][13852][2928 ][debug][gc,phases] GC(6)     Dead                           Min: 0, Avg:  0.0, Max: 0, Diff: 0, Sum: 0, Workers: 8
[2025-06-17T23:18:58.591+0300][13852][2928 ][debug][gc,phases] GC(6)     Total                          Min: 0, Avg:  0.0, Max: 0, Diff: 0, Sum: 0, Workers: 8
[2025-06-17T23:18:58.591+0300][13852][2928 ][debug][gc,phases] GC(6)   Weak JFR Old Object Samples    Min:  0.0, Avg:  0.0, Max:  0.0, Diff:  0.0, Sum:  0.0, Workers: 8
[2025-06-17T23:18:58.591+0300][13852][2928 ][debug][gc,phases] GC(6)     Dead                           Min: 0, Avg:  0.0, Max: 0, Diff: 0, Sum: 0, Workers: 8
[2025-06-17T23:18:58.591+0300][13852][2928 ][debug][gc,phases] GC(6)     Total                          Min: 0, Avg:  0.0, Max: 0, Diff: 0, Sum: 0, Workers: 8
[2025-06-17T23:18:58.591+0300][13852][2928 ][debug][gc,phases] GC(6) Weak Processing 0.758ms
[2025-06-17T23:18:58.591+0300][13852][2928 ][info ][gc,heap  ] GC(6) PSYoungGen: 532560K(611840K)->7760K(688128K) Eden: 524800K(524800K)->0K(601088K) From: 7760K(87040K)->7760K(87040K)
[2025-06-17T23:18:58.591+0300][13852][2928 ][info ][gc,heap  ] GC(6) ParOldGen: 3142K(1398272K)->3150K(1398272K)
[2025-06-17T23:18:58.591+0300][13852][2928 ][info ][gc       ] GC(6) Pause Young (Allocation Failure) 523M->10M(2037M) 2.369ms
[2025-06-17T23:18:58.591+0300][13852][2928 ][debug][gc,heap  ] GC(6) Heap after GC invocations=7 (full 1):
[2025-06-17T23:18:58.591+0300][13852][2928 ][debug][gc,heap  ] GC(6)  PSYoungGen      total 688128K, used 7760K [0x00000000d5580000, 0x0000000100000000, 0x0000000100000000)
[2025-06-17T23:18:58.591+0300][13852][2928 ][debug][gc,heap  ] GC(6)   eden space 601088K, 0% used [0x00000000d5580000,0x00000000d5580000,0x00000000fa080000)
[2025-06-17T23:18:58.591+0300][13852][2928 ][debug][gc,heap  ] GC(6)   from space 87040K, 8% used [0x00000000fab00000,0x00000000fb2940a0,0x0000000100000000)
[2025-06-17T23:18:58.591+0300][13852][2928 ][debug][gc,heap  ] GC(6)   to   space 10752K, 0% used [0x00000000fa080000,0x00000000fa080000,0x00000000fab00000)
[2025-06-17T23:18:58.591+0300][13852][2928 ][debug][gc,heap  ] GC(6)  ParOldGen       total 1398272K, used 3150K [0x0000000080000000, 0x00000000d5580000, 0x00000000d5580000)
[2025-06-17T23:18:58.591+0300][13852][2928 ][debug][gc,heap  ] GC(6)   object space 1398272K, 0% used [0x0000000080000000,0x0000000080313a78,0x00000000d5580000)
[2025-06-17T23:18:58.591+0300][13852][2928 ][debug][gc,heap  ] GC(6)  Metaspace       used 8912K, committed 9472K, reserved 1114112K
[2025-06-17T23:18:58.591+0300][13852][2928 ][debug][gc,heap  ] GC(6)   class space    used 975K, committed 1216K, reserved 1048576K
[2025-06-17T23:18:58.591+0300][13852][2928 ][info ][safepoint] Safepoint "ParallelGCFailedAllocation", Time since last: 188992000 ns, Reaching safepoint: 166700 ns, Cleanup: 17600 ns, At safepoint: 2720100 ns, Total: 2904400 ns
[2025-06-17T23:18:58.766+0300][13852][2928 ][debug][safepoint] Safepoint synchronization initiated using striped semaphore wait barrier. (21 threads)
[2025-06-17T23:18:58.766+0300][13852][15124][debug][safepoint] ... found polling page loop exception at pc = 0x0000012d12e96de0, stub =0x0000012d12894d80
[2025-06-17T23:18:58.766+0300][13852][16580][debug][safepoint] ... found polling page loop exception at pc = 0x0000012d12e96de0, stub =0x0000012d12894d80
[2025-06-17T23:18:58.766+0300][13852][7180 ][debug][safepoint] ... found polling page loop exception at pc = 0x0000012d12e96de0, stub =0x0000012d12894d80
[2025-06-17T23:18:58.766+0300][13852][2928 ][debug][gc,heap  ] GC(7) Heap before GC invocations=8 (full 1):
[2025-06-17T23:18:58.766+0300][13852][2928 ][debug][gc,heap  ] GC(7)  PSYoungGen      total 688128K, used 608848K [0x00000000d5580000, 0x0000000100000000, 0x0000000100000000)
[2025-06-17T23:18:58.766+0300][13852][2928 ][debug][gc,heap  ] GC(7)   eden space 601088K, 100% used [0x00000000d5580000,0x00000000fa080000,0x00000000fa080000)
[2025-06-17T23:18:58.766+0300][13852][2928 ][debug][gc,heap  ] GC(7)   from space 87040K, 8% used [0x00000000fab00000,0x00000000fb2940a0,0x0000000100000000)
[2025-06-17T23:18:58.766+0300][13852][2928 ][debug][gc,heap  ] GC(7)   to   space 10752K, 0% used [0x00000000fa080000,0x00000000fa080000,0x00000000fab00000)
[2025-06-17T23:18:58.766+0300][13852][2928 ][debug][gc,heap  ] GC(7)  ParOldGen       total 1398272K, used 3150K [0x0000000080000000, 0x00000000d5580000, 0x00000000d5580000)
[2025-06-17T23:18:58.766+0300][13852][2928 ][debug][gc,heap  ] GC(7)   object space 1398272K, 0% used [0x0000000080000000,0x0000000080313a78,0x00000000d5580000)
[2025-06-17T23:18:58.766+0300][13852][2928 ][debug][gc,heap  ] GC(7)  Metaspace       used 8964K, committed 9536K, reserved 1114112K
[2025-06-17T23:18:58.766+0300][13852][2928 ][debug][gc,heap  ] GC(7)   class space    used 975K, committed 1216K, reserved 1048576K
[2025-06-17T23:18:58.767+0300][13852][2928 ][debug][gc,phases] GC(7) Scavenge 1.234ms
[2025-06-17T23:18:58.767+0300][13852][2928 ][debug][gc,phases] GC(7) Reference Processing 0.057ms
[2025-06-17T23:18:58.767+0300][13852][2928 ][debug][gc,phases] GC(7)   VM Weak                        Min:  0.0, Avg:  0.0, Max:  0.0, Diff:  0.0, Sum:  0.0, Workers: 8
[2025-06-17T23:18:58.767+0300][13852][2928 ][debug][gc,phases] GC(7)     Dead                           Min: 0, Avg:  0.0, Max: 0, Diff: 0, Sum: 0, Workers: 8
[2025-06-17T23:18:58.767+0300][13852][2928 ][debug][gc,phases] GC(7)     Total                          Min: 0, Avg: 45.9, Max: 128, Diff: 128, Sum: 367, Workers: 8
[2025-06-17T23:18:58.767+0300][13852][2928 ][debug][gc,phases] GC(7)   ObjectSynchronizer Weak        Min:  0.0, Avg:  0.0, Max:  0.0, Diff:  0.0, Sum:  0.0, Workers: 8
[2025-06-17T23:18:58.767+0300][13852][2928 ][debug][gc,phases] GC(7)     Dead                           Min: 0, Avg:  0.0, Max: 0, Diff: 0, Sum: 0, Workers: 8
[2025-06-17T23:18:58.767+0300][13852][2928 ][debug][gc,phases] GC(7)     Total                          Min: 0, Avg: 16.1, Max: 64, Diff: 64, Sum: 129, Workers: 8
[2025-06-17T23:18:58.767+0300][13852][2928 ][debug][gc,phases] GC(7)   JVMTI Tag Weak OopStorage      Min:  0.0, Avg:  0.0, Max:  0.0, Diff:  0.0, Sum:  0.0, Workers: 8
[2025-06-17T23:18:58.767+0300][13852][2928 ][debug][gc,phases] GC(7)     Dead                           Min: 0, Avg:  0.0, Max: 0, Diff: 0, Sum: 0, Workers: 8
[2025-06-17T23:18:58.767+0300][13852][2928 ][debug][gc,phases] GC(7)     Total                          Min: 0, Avg:  0.0, Max: 0, Diff: 0, Sum: 0, Workers: 8
[2025-06-17T23:18:58.767+0300][13852][2928 ][debug][gc,phases] GC(7)   StringTable Weak               Min:  0.0, Avg:  0.0, Max:  0.0, Diff:  0.0, Sum:  0.1, Workers: 8
[2025-06-17T23:18:58.767+0300][13852][2928 ][debug][gc,phases] GC(7)     Dead                           Min: 0, Avg:  0.0, Max: 0, Diff: 0, Sum: 0, Workers: 8
[2025-06-17T23:18:58.767+0300][13852][2928 ][debug][gc,phases] GC(7)     Total                          Min: 640, Avg: 776.1, Max: 833, Diff: 193, Sum: 6209, Workers: 8
[2025-06-17T23:18:58.767+0300][13852][2928 ][debug][gc,phases] GC(7)   ResolvedMethodTable Weak       Min:  0.0, Avg:  0.0, Max:  0.0, Diff:  0.0, Sum:  0.0, Workers: 8
[2025-06-17T23:18:58.767+0300][13852][2928 ][debug][gc,phases] GC(7)     Dead                           Min: 0, Avg:  0.0, Max: 0, Diff: 0, Sum: 0, Workers: 8
[2025-06-17T23:18:58.767+0300][13852][2928 ][debug][gc,phases] GC(7)     Total                          Min: 0, Avg: 107.6, Max: 256, Diff: 256, Sum: 861, Workers: 8
[2025-06-17T23:18:58.767+0300][13852][2928 ][debug][gc,phases] GC(7)   JNI Weak                       Min:  0.0, Avg:  0.0, Max:  0.0, Diff:  0.0, Sum:  0.0, Workers: 8
[2025-06-17T23:18:58.767+0300][13852][2928 ][debug][gc,phases] GC(7)     Dead                           Min: 0, Avg:  0.0, Max: 0, Diff: 0, Sum: 0, Workers: 8
[2025-06-17T23:18:58.767+0300][13852][2928 ][debug][gc,phases] GC(7)     Total                          Min: 0, Avg:  0.0, Max: 0, Diff: 0, Sum: 0, Workers: 8
[2025-06-17T23:18:58.767+0300][13852][2928 ][debug][gc,phases] GC(7)   StringDedup Table Weak         Min:  0.0, Avg:  0.0, Max:  0.0, Diff:  0.0, Sum:  0.0, Workers: 8
[2025-06-17T23:18:58.767+0300][13852][2928 ][debug][gc,phases] GC(7)     Dead                           Min: 0, Avg:  0.0, Max: 0, Diff: 0, Sum: 0, Workers: 8
[2025-06-17T23:18:58.767+0300][13852][2928 ][debug][gc,phases] GC(7)     Total                          Min: 0, Avg:  0.0, Max: 0, Diff: 0, Sum: 0, Workers: 8
[2025-06-17T23:18:58.767+0300][13852][2928 ][debug][gc,phases] GC(7)   StringDedup Requests0 Weak     Min:  0.0, Avg:  0.0, Max:  0.0, Diff:  0.0, Sum:  0.0, Workers: 8
[2025-06-17T23:18:58.767+0300][13852][2928 ][debug][gc,phases] GC(7)     Dead                           Min: 0, Avg:  0.0, Max: 0, Diff: 0, Sum: 0, Workers: 8
[2025-06-17T23:18:58.767+0300][13852][2928 ][debug][gc,phases] GC(7)     Total                          Min: 0, Avg:  0.0, Max: 0, Diff: 0, Sum: 0, Workers: 8
[2025-06-17T23:18:58.767+0300][13852][2928 ][debug][gc,phases] GC(7)   StringDedup Requests1 Weak     Min:  0.0, Avg:  0.0, Max:  0.0, Diff:  0.0, Sum:  0.0, Workers: 8
[2025-06-17T23:18:58.767+0300][13852][2928 ][debug][gc,phases] GC(7)     Dead                           Min: 0, Avg:  0.0, Max: 0, Diff: 0, Sum: 0, Workers: 8
[2025-06-17T23:18:58.767+0300][13852][2928 ][debug][gc,phases] GC(7)     Total                          Min: 0, Avg:  0.0, Max: 0, Diff: 0, Sum: 0, Workers: 8
[2025-06-17T23:18:58.767+0300][13852][2928 ][debug][gc,phases] GC(7)   Weak JFR Old Object Samples    Min:  0.0, Avg:  0.0, Max:  0.0, Diff:  0.0, Sum:  0.0, Workers: 8
[2025-06-17T23:18:58.767+0300][13852][2928 ][debug][gc,phases] GC(7)     Dead                           Min: 0, Avg:  0.0, Max: 0, Diff: 0, Sum: 0, Workers: 8
[2025-06-17T23:18:58.767+0300][13852][2928 ][debug][gc,phases] GC(7)     Total                          Min: 0, Avg:  0.0, Max: 0, Diff: 0, Sum: 0, Workers: 8
[2025-06-17T23:18:58.767+0300][13852][2928 ][debug][gc,phases] GC(7) Weak Processing 0.413ms
[2025-06-17T23:18:58.767+0300][13852][2928 ][info ][gc,heap  ] GC(7) PSYoungGen: 608848K(688128K)->7760K(611840K) Eden: 601088K(601088K)->0K(601088K) From: 7760K(87040K)->7760K(10752K)
[2025-06-17T23:18:58.767+0300][13852][2928 ][info ][gc,heap  ] GC(7) ParOldGen: 3150K(1398272K)->3158K(1398272K)
[2025-06-17T23:18:58.767+0300][13852][2928 ][info ][gc       ] GC(7) Pause Young (Allocation Failure) 597M->10M(1963M) 1.812ms
[2025-06-17T23:18:58.767+0300][13852][2928 ][debug][gc,heap  ] GC(7) Heap after GC invocations=8 (full 1):
[2025-06-17T23:18:58.767+0300][13852][2928 ][debug][gc,heap  ] GC(7)  PSYoungGen      total 611840K, used 7760K [0x00000000d5580000, 0x0000000100000000, 0x0000000100000000)
[2025-06-17T23:18:58.767+0300][13852][2928 ][debug][gc,heap  ] GC(7)   eden space 601088K, 0% used [0x00000000d5580000,0x00000000d5580000,0x00000000fa080000)
[2025-06-17T23:18:58.767+0300][13852][2928 ][debug][gc,heap  ] GC(7)   from space 10752K, 72% used [0x00000000fa080000,0x00000000fa8140c0,0x00000000fab00000)
[2025-06-17T23:18:58.767+0300][13852][2928 ][debug][gc,heap  ] GC(7)   to   space 10240K, 0% used [0x00000000ff600000,0x00000000ff600000,0x0000000100000000)
[2025-06-17T23:18:58.767+0300][13852][2928 ][debug][gc,heap  ] GC(7)  ParOldGen       total 1398272K, used 3158K [0x0000000080000000, 0x00000000d5580000, 0x00000000d5580000)
[2025-06-17T23:18:58.767+0300][13852][2928 ][debug][gc,heap  ] GC(7)   object space 1398272K, 0% used [0x0000000080000000,0x0000000080315a78,0x00000000d5580000)
[2025-06-17T23:18:58.767+0300][13852][2928 ][debug][gc,heap  ] GC(7)  Metaspace       used 8964K, committed 9536K, reserved 1114112K
[2025-06-17T23:18:58.767+0300][13852][2928 ][debug][gc,heap  ] GC(7)   class space    used 975K, committed 1216K, reserved 1048576K
[2025-06-17T23:18:58.767+0300][13852][2928 ][info ][safepoint] Safepoint "ParallelGCFailedAllocation", Time since last: 174787200 ns, Reaching safepoint: 210000 ns, Cleanup: 26800 ns, At safepoint: 2082800 ns, Total: 2319600 ns
[2025-06-17T23:18:58.902+0300][13852][2928 ][debug][safepoint] Safepoint synchronization initiated using striped semaphore wait barrier. (21 threads)
[2025-06-17T23:18:58.902+0300][13852][15124][debug][safepoint] ... found polling page loop exception at pc = 0x0000012d12e96de0, stub =0x0000012d12894d80
[2025-06-17T23:18:58.902+0300][13852][13388][debug][safepoint] ... found polling page loop exception at pc = 0x0000012d12e96de0, stub =0x0000012d12894d80
[2025-06-17T23:18:58.902+0300][13852][16580][debug][safepoint] ... found polling page loop exception at pc = 0x0000012d12e96de0, stub =0x0000012d12894d80
[2025-06-17T23:18:58.902+0300][13852][7180 ][debug][safepoint] ... found polling page loop exception at pc = 0x0000012d12e96de0, stub =0x0000012d12894d80
[2025-06-17T23:18:58.902+0300][13852][7528 ][debug][safepoint] ... found polling page loop exception at pc = 0x0000012d12e96de0, stub =0x0000012d12894d80
[2025-06-17T23:18:58.902+0300][13852][2928 ][debug][gc,heap  ] GC(8) Heap before GC invocations=9 (full 1):
[2025-06-17T23:18:58.902+0300][13852][2928 ][debug][gc,heap  ] GC(8)  PSYoungGen      total 611840K, used 608848K [0x00000000d5580000, 0x0000000100000000, 0x0000000100000000)
[2025-06-17T23:18:58.902+0300][13852][2928 ][debug][gc,heap  ] GC(8)   eden space 601088K, 100% used [0x00000000d5580000,0x00000000fa080000,0x00000000fa080000)
[2025-06-17T23:18:58.902+0300][13852][2928 ][debug][gc,heap  ] GC(8)   from space 10752K, 72% used [0x00000000fa080000,0x00000000fa8140c0,0x00000000fab00000)
[2025-06-17T23:18:58.902+0300][13852][2928 ][debug][gc,heap  ] GC(8)   to   space 10240K, 0% used [0x00000000ff600000,0x00000000ff600000,0x0000000100000000)
[2025-06-17T23:18:58.902+0300][13852][2928 ][debug][gc,heap  ] GC(8)  ParOldGen       total 1398272K, used 3158K [0x0000000080000000, 0x00000000d5580000, 0x00000000d5580000)
[2025-06-17T23:18:58.902+0300][13852][2928 ][debug][gc,heap  ] GC(8)   object space 1398272K, 0% used [0x0000000080000000,0x0000000080315a78,0x00000000d5580000)
[2025-06-17T23:18:58.902+0300][13852][2928 ][debug][gc,heap  ] GC(8)  Metaspace       used 8965K, committed 9536K, reserved 1114112K
[2025-06-17T23:18:58.902+0300][13852][2928 ][debug][gc,heap  ] GC(8)   class space    used 975K, committed 1216K, reserved 1048576K
[2025-06-17T23:18:58.904+0300][13852][2928 ][debug][gc,phases] GC(8) Scavenge 1.110ms
[2025-06-17T23:18:58.904+0300][13852][2928 ][debug][gc,phases] GC(8) Reference Processing 0.060ms
[2025-06-17T23:18:58.904+0300][13852][2928 ][debug][gc,phases] GC(8)   VM Weak                        Min:  0.0, Avg:  0.0, Max:  0.0, Diff:  0.0, Sum:  0.0, Workers: 8
[2025-06-17T23:18:58.904+0300][13852][2928 ][debug][gc,phases] GC(8)     Dead                           Min: 0, Avg:  0.0, Max: 0, Diff: 0, Sum: 0, Workers: 8
[2025-06-17T23:18:58.904+0300][13852][2928 ][debug][gc,phases] GC(8)     Total                          Min: 0, Avg: 45.9, Max: 128, Diff: 128, Sum: 367, Workers: 8
[2025-06-17T23:18:58.904+0300][13852][2928 ][debug][gc,phases] GC(8)   ObjectSynchronizer Weak        Min:  0.0, Avg:  0.0, Max:  0.0, Diff:  0.0, Sum:  0.0, Workers: 8
[2025-06-17T23:18:58.904+0300][13852][2928 ][debug][gc,phases] GC(8)     Dead                           Min: 0, Avg:  0.0, Max: 0, Diff: 0, Sum: 0, Workers: 8
[2025-06-17T23:18:58.904+0300][13852][2928 ][debug][gc,phases] GC(8)     Total                          Min: 0, Avg: 16.1, Max: 64, Diff: 64, Sum: 129, Workers: 8
[2025-06-17T23:18:58.904+0300][13852][2928 ][debug][gc,phases] GC(8)   JVMTI Tag Weak OopStorage      Min:  0.0, Avg:  0.0, Max:  0.0, Diff:  0.0, Sum:  0.0, Workers: 8
[2025-06-17T23:18:58.904+0300][13852][2928 ][debug][gc,phases] GC(8)     Dead                           Min: 0, Avg:  0.0, Max: 0, Diff: 0, Sum: 0, Workers: 8
[2025-06-17T23:18:58.904+0300][13852][2928 ][debug][gc,phases] GC(8)     Total                          Min: 0, Avg:  0.0, Max: 0, Diff: 0, Sum: 0, Workers: 8
[2025-06-17T23:18:58.904+0300][13852][2928 ][debug][gc,phases] GC(8)   StringTable Weak               Min:  0.0, Avg:  0.0, Max:  0.0, Diff:  0.0, Sum:  0.1, Workers: 8
[2025-06-17T23:18:58.904+0300][13852][2928 ][debug][gc,phases] GC(8)     Dead                           Min: 0, Avg:  0.0, Max: 0, Diff: 0, Sum: 0, Workers: 8
[2025-06-17T23:18:58.904+0300][13852][2928 ][debug][gc,phases] GC(8)     Total                          Min: 0, Avg: 776.1, Max: 960, Diff: 960, Sum: 6209, Workers: 8
[2025-06-17T23:18:58.904+0300][13852][2928 ][debug][gc,phases] GC(8)   ResolvedMethodTable Weak       Min:  0.0, Avg:  0.0, Max:  0.0, Diff:  0.0, Sum:  0.0, Workers: 8
[2025-06-17T23:18:58.904+0300][13852][2928 ][debug][gc,phases] GC(8)     Dead                           Min: 0, Avg:  0.0, Max: 0, Diff: 0, Sum: 0, Workers: 8
[2025-06-17T23:18:58.904+0300][13852][2928 ][debug][gc,phases] GC(8)     Total                          Min: 0, Avg: 107.6, Max: 256, Diff: 256, Sum: 861, Workers: 8
[2025-06-17T23:18:58.904+0300][13852][2928 ][debug][gc,phases] GC(8)   JNI Weak                       Min:  0.0, Avg:  0.0, Max:  0.0, Diff:  0.0, Sum:  0.0, Workers: 8
[2025-06-17T23:18:58.904+0300][13852][2928 ][debug][gc,phases] GC(8)     Dead                           Min: 0, Avg:  0.0, Max: 0, Diff: 0, Sum: 0, Workers: 8
[2025-06-17T23:18:58.904+0300][13852][2928 ][debug][gc,phases] GC(8)     Total                          Min: 0, Avg:  0.0, Max: 0, Diff: 0, Sum: 0, Workers: 8
[2025-06-17T23:18:58.904+0300][13852][2928 ][debug][gc,phases] GC(8)   StringDedup Table Weak         Min:  0.0, Avg:  0.0, Max:  0.0, Diff:  0.0, Sum:  0.0, Workers: 8
[2025-06-17T23:18:58.904+0300][13852][2928 ][debug][gc,phases] GC(8)     Dead                           Min: 0, Avg:  0.0, Max: 0, Diff: 0, Sum: 0, Workers: 8
[2025-06-17T23:18:58.904+0300][13852][2928 ][debug][gc,phases] GC(8)     Total                          Min: 0, Avg:  0.0, Max: 0, Diff: 0, Sum: 0, Workers: 8
[2025-06-17T23:18:58.904+0300][13852][2928 ][debug][gc,phases] GC(8)   StringDedup Requests0 Weak     Min:  0.0, Avg:  0.0, Max:  0.0, Diff:  0.0, Sum:  0.0, Workers: 8
[2025-06-17T23:18:58.904+0300][13852][2928 ][debug][gc,phases] GC(8)     Dead                           Min: 0, Avg:  0.0, Max: 0, Diff: 0, Sum: 0, Workers: 8
[2025-06-17T23:18:58.904+0300][13852][2928 ][debug][gc,phases] GC(8)     Total                          Min: 0, Avg:  0.0, Max: 0, Diff: 0, Sum: 0, Workers: 8
[2025-06-17T23:18:58.904+0300][13852][2928 ][debug][gc,phases] GC(8)   StringDedup Requests1 Weak     Min:  0.0, Avg:  0.0, Max:  0.0, Diff:  0.0, Sum:  0.0, Workers: 8
[2025-06-17T23:18:58.904+0300][13852][2928 ][debug][gc,phases] GC(8)     Dead                           Min: 0, Avg:  0.0, Max: 0, Diff: 0, Sum: 0, Workers: 8
[2025-06-17T23:18:58.904+0300][13852][2928 ][debug][gc,phases] GC(8)     Total                          Min: 0, Avg:  0.0, Max: 0, Diff: 0, Sum: 0, Workers: 8
[2025-06-17T23:18:58.904+0300][13852][2928 ][debug][gc,phases] GC(8)   Weak JFR Old Object Samples    Min:  0.0, Avg:  0.0, Max:  0.0, Diff:  0.0, Sum:  0.0, Workers: 8
[2025-06-17T23:18:58.904+0300][13852][2928 ][debug][gc,phases] GC(8)     Dead                           Min: 0, Avg:  0.0, Max: 0, Diff: 0, Sum: 0, Workers: 8
[2025-06-17T23:18:58.904+0300][13852][2928 ][debug][gc,phases] GC(8)     Total                          Min: 0, Avg:  0.0, Max: 0, Diff: 0, Sum: 0, Workers: 8
[2025-06-17T23:18:58.904+0300][13852][2928 ][debug][gc,phases] GC(8) Weak Processing 0.396ms
[2025-06-17T23:18:58.904+0300][13852][2928 ][info ][gc,heap  ] GC(8) PSYoungGen: 608848K(611840K)->608K(686592K) Eden: 601088K(601088K)->0K(676352K) From: 7760K(10752K)->608K(10240K)
[2025-06-17T23:18:58.904+0300][13852][2928 ][info ][gc,heap  ] GC(8) ParOldGen: 3158K(1398272K)->10255K(1398272K)
[2025-06-17T23:18:58.904+0300][13852][2928 ][info ][gc       ] GC(8) Pause Young (Allocation Failure) 597M->10M(2036M) 1.694ms
[2025-06-17T23:18:58.904+0300][13852][2928 ][debug][gc,heap  ] GC(8) Heap after GC invocations=9 (full 1):
[2025-06-17T23:18:58.904+0300][13852][2928 ][debug][gc,heap  ] GC(8)  PSYoungGen      total 686592K, used 608K [0x00000000d5580000, 0x0000000100000000, 0x0000000100000000)
[2025-06-17T23:18:58.904+0300][13852][2928 ][debug][gc,heap  ] GC(8)   eden space 676352K, 0% used [0x00000000d5580000,0x00000000d5580000,0x00000000fea00000)
[2025-06-17T23:18:58.904+0300][13852][2928 ][debug][gc,heap  ] GC(8)   from space 10240K, 5% used [0x00000000ff600000,0x00000000ff6980c0,0x0000000100000000)
[2025-06-17T23:18:58.904+0300][13852][2928 ][debug][gc,heap  ] GC(8)   to   space 11264K, 0% used [0x00000000fea00000,0x00000000fea00000,0x00000000ff500000)
[2025-06-17T23:18:58.904+0300][13852][2928 ][debug][gc,heap  ] GC(8)  ParOldGen       total 1398272K, used 10255K [0x0000000080000000, 0x00000000d5580000, 0x00000000d5580000)
[2025-06-17T23:18:58.904+0300][13852][2928 ][debug][gc,heap  ] GC(8)   object space 1398272K, 0% used [0x0000000080000000,0x0000000080a03e30,0x00000000d5580000)
[2025-06-17T23:18:58.904+0300][13852][2928 ][debug][gc,heap  ] GC(8)  Metaspace       used 8965K, committed 9536K, reserved 1114112K
[2025-06-17T23:18:58.904+0300][13852][2928 ][debug][gc,heap  ] GC(8)   class space    used 975K, committed 1216K, reserved 1048576K
[2025-06-17T23:18:58.904+0300][13852][2928 ][info ][safepoint] Safepoint "ParallelGCFailedAllocation", Time since last: 134140700 ns, Reaching safepoint: 266100 ns, Cleanup: 19700 ns, At safepoint: 2001500 ns, Total: 2287300 ns
[2025-06-17T23:18:59.056+0300][13852][2928 ][debug][safepoint] Safepoint synchronization initiated using striped semaphore wait barrier. (21 threads)
[2025-06-17T23:18:59.056+0300][13852][7528 ][debug][safepoint] ... found polling page loop exception at pc = 0x0000012d12e96de0, stub =0x0000012d12894d80
[2025-06-17T23:18:59.056+0300][13852][12624][debug][safepoint] ... found polling page loop exception at pc = 0x0000012d12e96de0, stub =0x0000012d12894d80
[2025-06-17T23:18:59.056+0300][13852][9760 ][debug][safepoint] ... found polling page loop exception at pc = 0x0000012d12e96de0, stub =0x0000012d12894d80
[2025-06-17T23:18:59.056+0300][13852][13388][debug][safepoint] ... found polling page loop exception at pc = 0x0000012d12e96de0, stub =0x0000012d12894d80
[2025-06-17T23:18:59.056+0300][13852][2928 ][debug][gc,heap  ] GC(9) Heap before GC invocations=10 (full 1):
[2025-06-17T23:18:59.056+0300][13852][2928 ][debug][gc,heap  ] GC(9)  PSYoungGen      total 686592K, used 676960K [0x00000000d5580000, 0x0000000100000000, 0x0000000100000000)
[2025-06-17T23:18:59.056+0300][13852][2928 ][debug][gc,heap  ] GC(9)   eden space 676352K, 100% used [0x00000000d5580000,0x00000000fea00000,0x00000000fea00000)
[2025-06-17T23:18:59.056+0300][13852][2928 ][debug][gc,heap  ] GC(9)   from space 10240K, 5% used [0x00000000ff600000,0x00000000ff6980c0,0x0000000100000000)
[2025-06-17T23:18:59.056+0300][13852][2928 ][debug][gc,heap  ] GC(9)   to   space 11264K, 0% used [0x00000000fea00000,0x00000000fea00000,0x00000000ff500000)
[2025-06-17T23:18:59.056+0300][13852][2928 ][debug][gc,heap  ] GC(9)  ParOldGen       total 1398272K, used 10255K [0x0000000080000000, 0x00000000d5580000, 0x00000000d5580000)
[2025-06-17T23:18:59.056+0300][13852][2928 ][debug][gc,heap  ] GC(9)   object space 1398272K, 0% used [0x0000000080000000,0x0000000080a03e30,0x00000000d5580000)
[2025-06-17T23:18:59.056+0300][13852][2928 ][debug][gc,heap  ] GC(9)  Metaspace       used 8972K, committed 9536K, reserved 1114112K
[2025-06-17T23:18:59.056+0300][13852][2928 ][debug][gc,heap  ] GC(9)   class space    used 975K, committed 1216K, reserved 1048576K
[2025-06-17T23:18:59.056+0300][13852][2928 ][debug][gc,phases] GC(9) Scavenge 0.373ms
[2025-06-17T23:18:59.056+0300][13852][2928 ][debug][gc,phases] GC(9) Reference Processing 0.071ms
[2025-06-17T23:18:59.056+0300][13852][2928 ][debug][gc,phases] GC(9)   VM Weak                        Min:  0.0, Avg:  0.0, Max:  0.0, Diff:  0.0, Sum:  0.0, Workers: 8
[2025-06-17T23:18:59.056+0300][13852][2928 ][debug][gc,phases] GC(9)     Dead                           Min: 0, Avg:  0.0, Max: 0, Diff: 0, Sum: 0, Workers: 8
[2025-06-17T23:18:59.056+0300][13852][2928 ][debug][gc,phases] GC(9)     Total                          Min: 0, Avg: 45.9, Max: 128, Diff: 128, Sum: 367, Workers: 8
[2025-06-17T23:18:59.056+0300][13852][2928 ][debug][gc,phases] GC(9)   ObjectSynchronizer Weak        Min:  0.0, Avg:  0.0, Max:  0.0, Diff:  0.0, Sum:  0.0, Workers: 8
[2025-06-17T23:18:59.056+0300][13852][2928 ][debug][gc,phases] GC(9)     Dead                           Min: 0, Avg:  0.0, Max: 0, Diff: 0, Sum: 0, Workers: 8
[2025-06-17T23:18:59.056+0300][13852][2928 ][debug][gc,phases] GC(9)     Total                          Min: 0, Avg: 16.1, Max: 64, Diff: 64, Sum: 129, Workers: 8
[2025-06-17T23:18:59.056+0300][13852][2928 ][debug][gc,phases] GC(9)   JVMTI Tag Weak OopStorage      Min:  0.0, Avg:  0.0, Max:  0.0, Diff:  0.0, Sum:  0.0, Workers: 8
[2025-06-17T23:18:59.056+0300][13852][2928 ][debug][gc,phases] GC(9)     Dead                           Min: 0, Avg:  0.0, Max: 0, Diff: 0, Sum: 0, Workers: 8
[2025-06-17T23:18:59.056+0300][13852][2928 ][debug][gc,phases] GC(9)     Total                          Min: 0, Avg:  0.0, Max: 0, Diff: 0, Sum: 0, Workers: 8
[2025-06-17T23:18:59.056+0300][13852][2928 ][debug][gc,phases] GC(9)   StringTable Weak               Min:  0.0, Avg:  0.0, Max:  0.0, Diff:  0.0, Sum:  0.1, Workers: 8
[2025-06-17T23:18:59.056+0300][13852][2928 ][debug][gc,phases] GC(9)     Dead                           Min: 0, Avg:  0.0, Max: 0, Diff: 0, Sum: 0, Workers: 8
[2025-06-17T23:18:59.056+0300][13852][2928 ][debug][gc,phases] GC(9)     Total                          Min: 0, Avg: 776.4, Max: 1088, Diff: 1088, Sum: 6211, Workers: 8
[2025-06-17T23:18:59.056+0300][13852][2928 ][debug][gc,phases] GC(9)   ResolvedMethodTable Weak       Min:  0.0, Avg:  0.0, Max:  0.0, Diff:  0.0, Sum:  0.0, Workers: 8
[2025-06-17T23:18:59.056+0300][13852][2928 ][debug][gc,phases] GC(9)     Dead                           Min: 0, Avg:  0.0, Max: 0, Diff: 0, Sum: 0, Workers: 8
[2025-06-17T23:18:59.056+0300][13852][2928 ][debug][gc,phases] GC(9)     Total                          Min: 0, Avg: 107.6, Max: 192, Diff: 192, Sum: 861, Workers: 8
[2025-06-17T23:18:59.056+0300][13852][2928 ][debug][gc,phases] GC(9)   JNI Weak                       Min:  0.0, Avg:  0.0, Max:  0.0, Diff:  0.0, Sum:  0.0, Workers: 8
[2025-06-17T23:18:59.056+0300][13852][2928 ][debug][gc,phases] GC(9)     Dead                           Min: 0, Avg:  0.0, Max: 0, Diff: 0, Sum: 0, Workers: 8
[2025-06-17T23:18:59.056+0300][13852][2928 ][debug][gc,phases] GC(9)     Total                          Min: 0, Avg:  0.0, Max: 0, Diff: 0, Sum: 0, Workers: 8
[2025-06-17T23:18:59.056+0300][13852][2928 ][debug][gc,phases] GC(9)   StringDedup Table Weak         Min:  0.0, Avg:  0.0, Max:  0.0, Diff:  0.0, Sum:  0.0, Workers: 8
[2025-06-17T23:18:59.056+0300][13852][2928 ][debug][gc,phases] GC(9)     Dead                           Min: 0, Avg:  0.0, Max: 0, Diff: 0, Sum: 0, Workers: 8
[2025-06-17T23:18:59.056+0300][13852][2928 ][debug][gc,phases] GC(9)     Total                          Min: 0, Avg:  0.0, Max: 0, Diff: 0, Sum: 0, Workers: 8
[2025-06-17T23:18:59.056+0300][13852][2928 ][debug][gc,phases] GC(9)   StringDedup Requests0 Weak     Min:  0.0, Avg:  0.0, Max:  0.0, Diff:  0.0, Sum:  0.0, Workers: 8
[2025-06-17T23:18:59.056+0300][13852][2928 ][debug][gc,phases] GC(9)     Dead                           Min: 0, Avg:  0.0, Max: 0, Diff: 0, Sum: 0, Workers: 8
[2025-06-17T23:18:59.056+0300][13852][2928 ][debug][gc,phases] GC(9)     Total                          Min: 0, Avg:  0.0, Max: 0, Diff: 0, Sum: 0, Workers: 8
[2025-06-17T23:18:59.056+0300][13852][2928 ][debug][gc,phases] GC(9)   StringDedup Requests1 Weak     Min:  0.0, Avg:  0.0, Max:  0.0, Diff:  0.0, Sum:  0.0, Workers: 8
[2025-06-17T23:18:59.056+0300][13852][2928 ][debug][gc,phases] GC(9)     Dead                           Min: 0, Avg:  0.0, Max: 0, Diff: 0, Sum: 0, Workers: 8
[2025-06-17T23:18:59.056+0300][13852][2928 ][debug][gc,phases] GC(9)     Total                          Min: 0, Avg:  0.0, Max: 0, Diff: 0, Sum: 0, Workers: 8
[2025-06-17T23:18:59.056+0300][13852][2928 ][debug][gc,phases] GC(9)   Weak JFR Old Object Samples    Min:  0.0, Avg:  0.0, Max:  0.0, Diff:  0.0, Sum:  0.0, Workers: 8
[2025-06-17T23:18:59.056+0300][13852][2928 ][debug][gc,phases] GC(9)     Dead                           Min: 0, Avg:  0.0, Max: 0, Diff: 0, Sum: 0, Workers: 8
[2025-06-17T23:18:59.056+0300][13852][2928 ][debug][gc,phases] GC(9)     Total                          Min: 0, Avg:  0.0, Max: 0, Diff: 0, Sum: 0, Workers: 8
[2025-06-17T23:18:59.056+0300][13852][2928 ][debug][gc,phases] GC(9) Weak Processing 0.427ms
[2025-06-17T23:18:59.056+0300][13852][2928 ][info ][gc,heap  ] GC(9) PSYoungGen: 676960K(686592K)->656K(677376K) Eden: 676352K(676352K)->0K(676352K) From: 608K(10240K)->656K(1024K)
[2025-06-17T23:18:59.056+0300][13852][2928 ][info ][gc,heap  ] GC(9) ParOldGen: 10255K(1398272K)->10287K(1398272K)
[2025-06-17T23:18:59.056+0300][13852][2928 ][info ][gc       ] GC(9) Pause Young (Allocation Failure) 671M->10M(2027M) 1.000ms
[2025-06-17T23:18:59.056+0300][13852][2928 ][debug][gc,heap  ] GC(9) Heap after GC invocations=10 (full 1):
[2025-06-17T23:18:59.056+0300][13852][2928 ][debug][gc,heap  ] GC(9)  PSYoungGen      total 677376K, used 656K [0x00000000d5580000, 0x0000000100000000, 0x0000000100000000)
[2025-06-17T23:18:59.056+0300][13852][2928 ][debug][gc,heap  ] GC(9)   eden space 676352K, 0% used [0x00000000d5580000,0x00000000d5580000,0x00000000fea00000)
[2025-06-17T23:18:59.056+0300][13852][2928 ][debug][gc,heap  ] GC(9)   from space 1024K, 64% used [0x00000000fea00000,0x00000000feaa4090,0x00000000feb00000)
[2025-06-17T23:18:59.056+0300][13852][2928 ][debug][gc,heap  ] GC(9)   to   space 11776K, 0% used [0x00000000ff480000,0x00000000ff480000,0x0000000100000000)
[2025-06-17T23:18:59.056+0300][13852][2928 ][debug][gc,heap  ] GC(9)  ParOldGen       total 1398272K, used 10287K [0x0000000080000000, 0x00000000d5580000, 0x00000000d5580000)
[2025-06-17T23:18:59.056+0300][13852][2928 ][debug][gc,heap  ] GC(9)   object space 1398272K, 0% used [0x0000000080000000,0x0000000080a0be30,0x00000000d5580000)
[2025-06-17T23:18:59.056+0300][13852][2928 ][debug][gc,heap  ] GC(9)  Metaspace       used 8972K, committed 9536K, reserved 1114112K
[2025-06-17T23:18:59.056+0300][13852][2928 ][debug][gc,heap  ] GC(9)   class space    used 975K, committed 1216K, reserved 1048576K
[2025-06-17T23:18:59.056+0300][13852][2928 ][info ][safepoint] Safepoint "ParallelGCFailedAllocation", Time since last: 150980200 ns, Reaching safepoint: 281300 ns, Cleanup: 16900 ns, At safepoint: 1307000 ns, Total: 1605200 ns
[2025-06-17T23:18:59.235+0300][13852][2928 ][debug][safepoint] Safepoint synchronization initiated using striped semaphore wait barrier. (20 threads)
[2025-06-17T23:18:59.235+0300][13852][15124][debug][safepoint] ... found polling page loop exception at pc = 0x0000012d12ee98af, stub =0x0000012d12894d80
[2025-06-17T23:18:59.235+0300][13852][2928 ][debug][gc,heap  ] GC(10) Heap before GC invocations=11 (full 1):
[2025-06-17T23:18:59.235+0300][13852][2928 ][debug][gc,heap  ] GC(10)  PSYoungGen      total 677376K, used 677008K [0x00000000d5580000, 0x0000000100000000, 0x0000000100000000)
[2025-06-17T23:18:59.235+0300][13852][2928 ][debug][gc,heap  ] GC(10)   eden space 676352K, 100% used [0x00000000d5580000,0x00000000fea00000,0x00000000fea00000)
[2025-06-17T23:18:59.235+0300][13852][2928 ][debug][gc,heap  ] GC(10)   from space 1024K, 64% used [0x00000000fea00000,0x00000000feaa4090,0x00000000feb00000)
[2025-06-17T23:18:59.235+0300][13852][2928 ][debug][gc,heap  ] GC(10)   to   space 11776K, 0% used [0x00000000ff480000,0x00000000ff480000,0x0000000100000000)
[2025-06-17T23:18:59.235+0300][13852][2928 ][debug][gc,heap  ] GC(10)  ParOldGen       total 1398272K, used 10287K [0x0000000080000000, 0x00000000d5580000, 0x00000000d5580000)
[2025-06-17T23:18:59.235+0300][13852][2928 ][debug][gc,heap  ] GC(10)   object space 1398272K, 0% used [0x0000000080000000,0x0000000080a0be30,0x00000000d5580000)
[2025-06-17T23:18:59.235+0300][13852][2928 ][debug][gc,heap  ] GC(10)  Metaspace       used 8980K, committed 9536K, reserved 1114112K
[2025-06-17T23:18:59.235+0300][13852][2928 ][debug][gc,heap  ] GC(10)   class space    used 975K, committed 1216K, reserved 1048576K
[2025-06-17T23:18:59.235+0300][13852][2928 ][debug][gc,phases] GC(10) Scavenge 0.323ms
[2025-06-17T23:18:59.235+0300][13852][2928 ][debug][gc,phases] GC(10) Reference Processing 0.047ms
[2025-06-17T23:18:59.235+0300][13852][2928 ][debug][gc,phases] GC(10)   VM Weak                        Min:  0.0, Avg:  0.0, Max:  0.0, Diff:  0.0, Sum:  0.0, Workers: 8
[2025-06-17T23:18:59.235+0300][13852][2928 ][debug][gc,phases] GC(10)     Dead                           Min: 0, Avg:  0.0, Max: 0, Diff: 0, Sum: 0, Workers: 8
[2025-06-17T23:18:59.235+0300][13852][2928 ][debug][gc,phases] GC(10)     Total                          Min: 0, Avg: 45.9, Max: 239, Diff: 239, Sum: 367, Workers: 8
[2025-06-17T23:18:59.235+0300][13852][2928 ][debug][gc,phases] GC(10)   ObjectSynchronizer Weak        Min:  0.0, Avg:  0.0, Max:  0.0, Diff:  0.0, Sum:  0.0, Workers: 8
[2025-06-17T23:18:59.235+0300][13852][2928 ][debug][gc,phases] GC(10)     Dead                           Min: 0, Avg:  0.0, Max: 0, Diff: 0, Sum: 0, Workers: 8
[2025-06-17T23:18:59.235+0300][13852][2928 ][debug][gc,phases] GC(10)     Total                          Min: 0, Avg: 16.1, Max: 65, Diff: 65, Sum: 129, Workers: 8
[2025-06-17T23:18:59.235+0300][13852][2928 ][debug][gc,phases] GC(10)   JVMTI Tag Weak OopStorage      Min:  0.0, Avg:  0.0, Max:  0.0, Diff:  0.0, Sum:  0.0, Workers: 8
[2025-06-17T23:18:59.235+0300][13852][2928 ][debug][gc,phases] GC(10)     Dead                           Min: 0, Avg:  0.0, Max: 0, Diff: 0, Sum: 0, Workers: 8
[2025-06-17T23:18:59.235+0300][13852][2928 ][debug][gc,phases] GC(10)     Total                          Min: 0, Avg:  0.0, Max: 0, Diff: 0, Sum: 0, Workers: 8
[2025-06-17T23:18:59.235+0300][13852][2928 ][debug][gc,phases] GC(10)   StringTable Weak               Min:  0.0, Avg:  0.0, Max:  0.0, Diff:  0.0, Sum:  0.0, Workers: 8
[2025-06-17T23:18:59.235+0300][13852][2928 ][debug][gc,phases] GC(10)     Dead                           Min: 0, Avg:  0.0, Max: 0, Diff: 0, Sum: 0, Workers: 8
[2025-06-17T23:18:59.235+0300][13852][2928 ][debug][gc,phases] GC(10)     Total                          Min: 576, Avg: 776.8, Max: 1024, Diff: 448, Sum: 6214, Workers: 8
[2025-06-17T23:18:59.235+0300][13852][2928 ][debug][gc,phases] GC(10)   ResolvedMethodTable Weak       Min:  0.0, Avg:  0.0, Max:  0.0, Diff:  0.0, Sum:  0.0, Workers: 8
[2025-06-17T23:18:59.235+0300][13852][2928 ][debug][gc,phases] GC(10)     Dead                           Min: 0, Avg:  0.0, Max: 0, Diff: 0, Sum: 0, Workers: 8
[2025-06-17T23:18:59.235+0300][13852][2928 ][debug][gc,phases] GC(10)     Total                          Min: 63, Avg: 107.6, Max: 158, Diff: 95, Sum: 861, Workers: 8
[2025-06-17T23:18:59.235+0300][13852][2928 ][debug][gc,phases] GC(10)   JNI Weak                       Min:  0.0, Avg:  0.0, Max:  0.0, Diff:  0.0, Sum:  0.0, Workers: 8
[2025-06-17T23:18:59.235+0300][13852][2928 ][debug][gc,phases] GC(10)     Dead                           Min: 0, Avg:  0.0, Max: 0, Diff: 0, Sum: 0, Workers: 8
[2025-06-17T23:18:59.235+0300][13852][2928 ][debug][gc,phases] GC(10)     Total                          Min: 0, Avg:  0.0, Max: 0, Diff: 0, Sum: 0, Workers: 8
[2025-06-17T23:18:59.235+0300][13852][2928 ][debug][gc,phases] GC(10)   StringDedup Table Weak         Min:  0.0, Avg:  0.0, Max:  0.0, Diff:  0.0, Sum:  0.0, Workers: 8
[2025-06-17T23:18:59.235+0300][13852][2928 ][debug][gc,phases] GC(10)     Dead                           Min: 0, Avg:  0.0, Max: 0, Diff: 0, Sum: 0, Workers: 8
[2025-06-17T23:18:59.235+0300][13852][2928 ][debug][gc,phases] GC(10)     Total                          Min: 0, Avg:  0.0, Max: 0, Diff: 0, Sum: 0, Workers: 8
[2025-06-17T23:18:59.235+0300][13852][2928 ][debug][gc,phases] GC(10)   StringDedup Requests0 Weak     Min:  0.0, Avg:  0.0, Max:  0.0, Diff:  0.0, Sum:  0.0, Workers: 8
[2025-06-17T23:18:59.235+0300][13852][2928 ][debug][gc,phases] GC(10)     Dead                           Min: 0, Avg:  0.0, Max: 0, Diff: 0, Sum: 0, Workers: 8
[2025-06-17T23:18:59.235+0300][13852][2928 ][debug][gc,phases] GC(10)     Total                          Min: 0, Avg:  0.0, Max: 0, Diff: 0, Sum: 0, Workers: 8
[2025-06-17T23:18:59.235+0300][13852][2928 ][debug][gc,phases] GC(10)   StringDedup Requests1 Weak     Min:  0.0, Avg:  0.0, Max:  0.0, Diff:  0.0, Sum:  0.0, Workers: 8
[2025-06-17T23:18:59.235+0300][13852][2928 ][debug][gc,phases] GC(10)     Dead                           Min: 0, Avg:  0.0, Max: 0, Diff: 0, Sum: 0, Workers: 8
[2025-06-17T23:18:59.235+0300][13852][2928 ][debug][gc,phases] GC(10)     Total                          Min: 0, Avg:  0.0, Max: 0, Diff: 0, Sum: 0, Workers: 8
[2025-06-17T23:18:59.235+0300][13852][2928 ][debug][gc,phases] GC(10)   Weak JFR Old Object Samples    Min:  0.0, Avg:  0.0, Max:  0.0, Diff:  0.0, Sum:  0.0, Workers: 8
[2025-06-17T23:18:59.235+0300][13852][2928 ][debug][gc,phases] GC(10)     Dead                           Min: 0, Avg:  0.0, Max: 0, Diff: 0, Sum: 0, Workers: 8
[2025-06-17T23:18:59.235+0300][13852][2928 ][debug][gc,phases] GC(10)     Total                          Min: 0, Avg:  0.0, Max: 0, Diff: 0, Sum: 0, Workers: 8
[2025-06-17T23:18:59.235+0300][13852][2928 ][debug][gc,phases] GC(10) Weak Processing 0.387ms
[2025-06-17T23:18:59.235+0300][13852][2928 ][info ][gc,heap  ] GC(10) PSYoungGen: 677008K(677376K)->592K(686080K) Eden: 676352K(676352K)->0K(674304K) From: 656K(1024K)->592K(11776K)
[2025-06-17T23:18:59.235+0300][13852][2928 ][info ][gc,heap  ] GC(10) ParOldGen: 10287K(1398272K)->10319K(1398272K)
[2025-06-17T23:18:59.235+0300][13852][2928 ][info ][gc       ] GC(10) Pause Young (Allocation Failure) 671M->10M(2035M) 0.871ms
[2025-06-17T23:18:59.235+0300][13852][2928 ][debug][gc,heap  ] GC(10) Heap after GC invocations=11 (full 1):
[2025-06-17T23:18:59.235+0300][13852][2928 ][debug][gc,heap  ] GC(10)  PSYoungGen      total 686080K, used 592K [0x00000000d5580000, 0x0000000100000000, 0x0000000100000000)
[2025-06-17T23:18:59.235+0300][13852][2928 ][debug][gc,heap  ] GC(10)   eden space 674304K, 0% used [0x00000000d5580000,0x00000000d5580000,0x00000000fe800000)
[2025-06-17T23:18:59.235+0300][13852][2928 ][debug][gc,heap  ] GC(10)   from space 11776K, 5% used [0x00000000ff480000,0x00000000ff5140f0,0x0000000100000000)
[2025-06-17T23:18:59.235+0300][13852][2928 ][debug][gc,heap  ] GC(10)   to   space 12288K, 0% used [0x00000000fe800000,0x00000000fe800000,0x00000000ff400000)
[2025-06-17T23:18:59.235+0300][13852][2928 ][debug][gc,heap  ] GC(10)  ParOldGen       total 1398272K, used 10319K [0x0000000080000000, 0x00000000d5580000, 0x00000000d5580000)
[2025-06-17T23:18:59.235+0300][13852][2928 ][debug][gc,heap  ] GC(10)   object space 1398272K, 0% used [0x0000000080000000,0x0000000080a13e30,0x00000000d5580000)
[2025-06-17T23:18:59.235+0300][13852][2928 ][debug][gc,heap  ] GC(10)  Metaspace       used 8980K, committed 9536K, reserved 1114112K
[2025-06-17T23:18:59.235+0300][13852][2928 ][debug][gc,heap  ] GC(10)   class space    used 975K, committed 1216K, reserved 1048576K
[2025-06-17T23:18:59.235+0300][13852][2928 ][info ][safepoint] Safepoint "ParallelGCFailedAllocation", Time since last: 177697500 ns, Reaching safepoint: 123500 ns, Cleanup: 26300 ns, At safepoint: 1171000 ns, Total: 1320800 ns
[2025-06-17T23:18:59.391+0300][13852][2928 ][debug][safepoint] Safepoint synchronization initiated using striped semaphore wait barrier. (20 threads)
[2025-06-17T23:18:59.391+0300][13852][9760 ][debug][safepoint] ... found polling page loop exception at pc = 0x0000012d12f02756, stub =0x0000012d12895600
[2025-06-17T23:18:59.391+0300][13852][15124][debug][safepoint] ... found polling page loop exception at pc = 0x0000012d12e96de0, stub =0x0000012d12894d80
[2025-06-17T23:18:59.391+0300][13852][15144][debug][safepoint] ... found polling page loop exception at pc = 0x0000012d12e96de0, stub =0x0000012d12894d80
[2025-06-17T23:18:59.391+0300][13852][12624][debug][safepoint] ... found polling page loop exception at pc = 0x0000012d12e92b1b, stub =0x0000012d12895600
[2025-06-17T23:18:59.391+0300][13852][16580][debug][safepoint] ... found polling page loop exception at pc = 0x0000012d12e96de0, stub =0x0000012d12894d80
[2025-06-17T23:18:59.391+0300][13852][2928 ][debug][gc,heap  ] GC(11) Heap before GC invocations=12 (full 1):
[2025-06-17T23:18:59.391+0300][13852][2928 ][debug][gc,heap  ] GC(11)  PSYoungGen      total 686080K, used 674896K [0x00000000d5580000, 0x0000000100000000, 0x0000000100000000)
[2025-06-17T23:18:59.391+0300][13852][2928 ][debug][gc,heap  ] GC(11)   eden space 674304K, 100% used [0x00000000d5580000,0x00000000fe800000,0x00000000fe800000)
[2025-06-17T23:18:59.391+0300][13852][2928 ][debug][gc,heap  ] GC(11)   from space 11776K, 5% used [0x00000000ff480000,0x00000000ff5140f0,0x0000000100000000)
[2025-06-17T23:18:59.391+0300][13852][2928 ][debug][gc,heap  ] GC(11)   to   space 12288K, 0% used [0x00000000fe800000,0x00000000fe800000,0x00000000ff400000)
[2025-06-17T23:18:59.391+0300][13852][2928 ][debug][gc,heap  ] GC(11)  ParOldGen       total 1398272K, used 10319K [0x0000000080000000, 0x00000000d5580000, 0x00000000d5580000)
[2025-06-17T23:18:59.391+0300][13852][2928 ][debug][gc,heap  ] GC(11)   object space 1398272K, 0% used [0x0000000080000000,0x0000000080a13e30,0x00000000d5580000)
[2025-06-17T23:18:59.391+0300][13852][2928 ][debug][gc,heap  ] GC(11)  Metaspace       used 8980K, committed 9536K, reserved 1114112K
[2025-06-17T23:18:59.391+0300][13852][2928 ][debug][gc,heap  ] GC(11)   class space    used 975K, committed 1216K, reserved 1048576K
[2025-06-17T23:18:59.391+0300][13852][2928 ][debug][gc,phases] GC(11) Scavenge 0.215ms
[2025-06-17T23:18:59.391+0300][13852][2928 ][debug][gc,phases] GC(11) Reference Processing 0.034ms
[2025-06-17T23:18:59.391+0300][13852][2928 ][debug][gc,phases] GC(11)   VM Weak                        Min:  0.0, Avg:  0.0, Max:  0.0, Diff:  0.0, Sum:  0.0, Workers: 8
[2025-06-17T23:18:59.391+0300][13852][2928 ][debug][gc,phases] GC(11)     Dead                           Min: 0, Avg:  0.0, Max: 0, Diff: 0, Sum: 0, Workers: 8
[2025-06-17T23:18:59.391+0300][13852][2928 ][debug][gc,phases] GC(11)     Total                          Min: 0, Avg: 45.9, Max: 192, Diff: 192, Sum: 367, Workers: 8
[2025-06-17T23:18:59.391+0300][13852][2928 ][debug][gc,phases] GC(11)   ObjectSynchronizer Weak        Min:  0.0, Avg:  0.0, Max:  0.0, Diff:  0.0, Sum:  0.0, Workers: 8
[2025-06-17T23:18:59.391+0300][13852][2928 ][debug][gc,phases] GC(11)     Dead                           Min: 0, Avg:  0.0, Max: 0, Diff: 0, Sum: 0, Workers: 8
[2025-06-17T23:18:59.391+0300][13852][2928 ][debug][gc,phases] GC(11)     Total                          Min: 0, Avg: 16.1, Max: 65, Diff: 65, Sum: 129, Workers: 8
[2025-06-17T23:18:59.391+0300][13852][2928 ][debug][gc,phases] GC(11)   JVMTI Tag Weak OopStorage      Min:  0.0, Avg:  0.0, Max:  0.0, Diff:  0.0, Sum:  0.0, Workers: 8
[2025-06-17T23:18:59.391+0300][13852][2928 ][debug][gc,phases] GC(11)     Dead                           Min: 0, Avg:  0.0, Max: 0, Diff: 0, Sum: 0, Workers: 8
[2025-06-17T23:18:59.391+0300][13852][2928 ][debug][gc,phases] GC(11)     Total                          Min: 0, Avg:  0.0, Max: 0, Diff: 0, Sum: 0, Workers: 8
[2025-06-17T23:18:59.391+0300][13852][2928 ][debug][gc,phases] GC(11)   StringTable Weak               Min:  0.0, Avg:  0.0, Max:  0.0, Diff:  0.0, Sum:  0.0, Workers: 8
[2025-06-17T23:18:59.391+0300][13852][2928 ][debug][gc,phases] GC(11)     Dead                           Min: 0, Avg:  0.0, Max: 0, Diff: 0, Sum: 0, Workers: 8
[2025-06-17T23:18:59.391+0300][13852][2928 ][debug][gc,phases] GC(11)     Total                          Min: 0, Avg: 776.8, Max: 1152, Diff: 1152, Sum: 6214, Workers: 8
[2025-06-17T23:18:59.391+0300][13852][2928 ][debug][gc,phases] GC(11)   ResolvedMethodTable Weak       Min:  0.0, Avg:  0.0, Max:  0.0, Diff:  0.0, Sum:  0.0, Workers: 8
[2025-06-17T23:18:59.391+0300][13852][2928 ][debug][gc,phases] GC(11)     Dead                           Min: 0, Avg:  0.0, Max: 0, Diff: 0, Sum: 0, Workers: 8
[2025-06-17T23:18:59.391+0300][13852][2928 ][debug][gc,phases] GC(11)     Total                          Min: 0, Avg: 107.6, Max: 192, Diff: 192, Sum: 861, Workers: 8
[2025-06-17T23:18:59.391+0300][13852][2928 ][debug][gc,phases] GC(11)   JNI Weak                       Min:  0.0, Avg:  0.0, Max:  0.0, Diff:  0.0, Sum:  0.0, Workers: 8
[2025-06-17T23:18:59.391+0300][13852][2928 ][debug][gc,phases] GC(11)     Dead                           Min: 0, Avg:  0.0, Max: 0, Diff: 0, Sum: 0, Workers: 8
[2025-06-17T23:18:59.391+0300][13852][2928 ][debug][gc,phases] GC(11)     Total                          Min: 0, Avg:  0.0, Max: 0, Diff: 0, Sum: 0, Workers: 8
[2025-06-17T23:18:59.391+0300][13852][2928 ][debug][gc,phases] GC(11)   StringDedup Table Weak         Min:  0.0, Avg:  0.0, Max:  0.0, Diff:  0.0, Sum:  0.0, Workers: 8
[2025-06-17T23:18:59.391+0300][13852][2928 ][debug][gc,phases] GC(11)     Dead                           Min: 0, Avg:  0.0, Max: 0, Diff: 0, Sum: 0, Workers: 8
[2025-06-17T23:18:59.391+0300][13852][2928 ][debug][gc,phases] GC(11)     Total                          Min: 0, Avg:  0.0, Max: 0, Diff: 0, Sum: 0, Workers: 8
[2025-06-17T23:18:59.391+0300][13852][2928 ][debug][gc,phases] GC(11)   StringDedup Requests0 Weak     Min:  0.0, Avg:  0.0, Max:  0.0, Diff:  0.0, Sum:  0.0, Workers: 8
[2025-06-17T23:18:59.391+0300][13852][2928 ][debug][gc,phases] GC(11)     Dead                           Min: 0, Avg:  0.0, Max: 0, Diff: 0, Sum: 0, Workers: 8
[2025-06-17T23:18:59.391+0300][13852][2928 ][debug][gc,phases] GC(11)     Total                          Min: 0, Avg:  0.0, Max: 0, Diff: 0, Sum: 0, Workers: 8
[2025-06-17T23:18:59.391+0300][13852][2928 ][debug][gc,phases] GC(11)   StringDedup Requests1 Weak     Min:  0.0, Avg:  0.0, Max:  0.0, Diff:  0.0, Sum:  0.0, Workers: 8
[2025-06-17T23:18:59.391+0300][13852][2928 ][debug][gc,phases] GC(11)     Dead                           Min: 0, Avg:  0.0, Max: 0, Diff: 0, Sum: 0, Workers: 8
[2025-06-17T23:18:59.391+0300][13852][2928 ][debug][gc,phases] GC(11)     Total                          Min: 0, Avg:  0.0, Max: 0, Diff: 0, Sum: 0, Workers: 8
[2025-06-17T23:18:59.391+0300][13852][2928 ][debug][gc,phases] GC(11)   Weak JFR Old Object Samples    Min:  0.0, Avg:  0.0, Max:  0.0, Diff:  0.0, Sum:  0.0, Workers: 8
[2025-06-17T23:18:59.391+0300][13852][2928 ][debug][gc,phases] GC(11)     Dead                           Min: 0, Avg:  0.0, Max: 0, Diff: 0, Sum: 0, Workers: 8
[2025-06-17T23:18:59.391+0300][13852][2928 ][debug][gc,phases] GC(11)     Total                          Min: 0, Avg:  0.0, Max: 0, Diff: 0, Sum: 0, Workers: 8
[2025-06-17T23:18:59.391+0300][13852][2928 ][debug][gc,phases] GC(11) Weak Processing 0.595ms
[2025-06-17T23:18:59.391+0300][13852][2928 ][info ][gc,heap  ] GC(11) PSYoungGen: 674896K(686080K)->592K(686592K) Eden: 674304K(674304K)->0K(674304K) From: 592K(11776K)->592K(12288K)
[2025-06-17T23:18:59.391+0300][13852][2928 ][info ][gc,heap  ] GC(11) ParOldGen: 10319K(1398272K)->10351K(1398272K)
[2025-06-17T23:18:59.391+0300][13852][2928 ][info ][gc       ] GC(11) Pause Young (Allocation Failure) 669M->10M(2036M) 0.961ms
[2025-06-17T23:18:59.391+0300][13852][2928 ][debug][gc,heap  ] GC(11) Heap after GC invocations=12 (full 1):
[2025-06-17T23:18:59.391+0300][13852][2928 ][debug][gc,heap  ] GC(11)  PSYoungGen      total 686592K, used 592K [0x00000000d5580000, 0x0000000100000000, 0x0000000100000000)
[2025-06-17T23:18:59.391+0300][13852][2928 ][debug][gc,heap  ] GC(11)   eden space 674304K, 0% used [0x00000000d5580000,0x00000000d5580000,0x00000000fe800000)
[2025-06-17T23:18:59.391+0300][13852][2928 ][debug][gc,heap  ] GC(11)   from space 12288K, 4% used [0x00000000fe800000,0x00000000fe8940f0,0x00000000ff400000)
[2025-06-17T23:18:59.391+0300][13852][2928 ][debug][gc,heap  ] GC(11)   to   space 12288K, 0% used [0x00000000ff400000,0x00000000ff400000,0x0000000100000000)
[2025-06-17T23:18:59.391+0300][13852][2928 ][debug][gc,heap  ] GC(11)  ParOldGen       total 1398272K, used 10351K [0x0000000080000000, 0x00000000d5580000, 0x00000000d5580000)
[2025-06-17T23:18:59.391+0300][13852][2928 ][debug][gc,heap  ] GC(11)   object space 1398272K, 0% used [0x0000000080000000,0x0000000080a1be30,0x00000000d5580000)
[2025-06-17T23:18:59.391+0300][13852][2928 ][debug][gc,heap  ] GC(11)  Metaspace       used 8980K, committed 9536K, reserved 1114112K
[2025-06-17T23:18:59.391+0300][13852][2928 ][debug][gc,heap  ] GC(11)   class space    used 975K, committed 1216K, reserved 1048576K
[2025-06-17T23:18:59.391+0300][13852][2928 ][info ][safepoint] Safepoint "ParallelGCFailedAllocation", Time since last: 153861300 ns, Reaching safepoint: 297400 ns, Cleanup: 9900 ns, At safepoint: 1361200 ns, Total: 1668500 ns
[2025-06-17T23:18:59.544+0300][13852][2928 ][debug][safepoint] Safepoint synchronization initiated using striped semaphore wait barrier. (20 threads)
[2025-06-17T23:18:59.544+0300][13852][16580][debug][safepoint] ... found polling page loop exception at pc = 0x0000012d12e96de0, stub =0x0000012d12894d80
[2025-06-17T23:18:59.544+0300][13852][9760 ][debug][safepoint] ... found polling page loop exception at pc = 0x0000012d12efe703, stub =0x0000012d12895600
[2025-06-17T23:18:59.544+0300][13852][7528 ][debug][safepoint] ... found polling page loop exception at pc = 0x0000012d12e96de0, stub =0x0000012d12894d80
[2025-06-17T23:18:59.544+0300][13852][12624][debug][safepoint] ... found polling page loop exception at pc = 0x0000012d12e96de0, stub =0x0000012d12894d80
[2025-06-17T23:18:59.544+0300][13852][2928 ][debug][gc,heap  ] GC(12) Heap before GC invocations=13 (full 1):
[2025-06-17T23:18:59.544+0300][13852][2928 ][debug][gc,heap  ] GC(12)  PSYoungGen      total 686592K, used 674896K [0x00000000d5580000, 0x0000000100000000, 0x0000000100000000)
[2025-06-17T23:18:59.544+0300][13852][2928 ][debug][gc,heap  ] GC(12)   eden space 674304K, 100% used [0x00000000d5580000,0x00000000fe800000,0x00000000fe800000)
[2025-06-17T23:18:59.544+0300][13852][2928 ][debug][gc,heap  ] GC(12)   from space 12288K, 4% used [0x00000000fe800000,0x00000000fe8940f0,0x00000000ff400000)
[2025-06-17T23:18:59.544+0300][13852][2928 ][debug][gc,heap  ] GC(12)   to   space 12288K, 0% used [0x00000000ff400000,0x00000000ff400000,0x0000000100000000)
[2025-06-17T23:18:59.544+0300][13852][2928 ][debug][gc,heap  ] GC(12)  ParOldGen       total 1398272K, used 10351K [0x0000000080000000, 0x00000000d5580000, 0x00000000d5580000)
[2025-06-17T23:18:59.544+0300][13852][2928 ][debug][gc,heap  ] GC(12)   object space 1398272K, 0% used [0x0000000080000000,0x0000000080a1be30,0x00000000d5580000)
[2025-06-17T23:18:59.544+0300][13852][2928 ][debug][gc,heap  ] GC(12)  Metaspace       used 8981K, committed 9536K, reserved 1114112K
[2025-06-17T23:18:59.544+0300][13852][2928 ][debug][gc,heap  ] GC(12)   class space    used 975K, committed 1216K, reserved 1048576K
[2025-06-17T23:18:59.544+0300][13852][2928 ][debug][gc,phases] GC(12) Scavenge 0.281ms
[2025-06-17T23:18:59.544+0300][13852][2928 ][debug][gc,phases] GC(12) Reference Processing 0.047ms
[2025-06-17T23:18:59.544+0300][13852][2928 ][debug][gc,phases] GC(12)   VM Weak                        Min:  0.0, Avg:  0.0, Max:  0.0, Diff:  0.0, Sum:  0.0, Workers: 8
[2025-06-17T23:18:59.544+0300][13852][2928 ][debug][gc,phases] GC(12)     Dead                           Min: 0, Avg:  0.0, Max: 0, Diff: 0, Sum: 0, Workers: 8
[2025-06-17T23:18:59.544+0300][13852][2928 ][debug][gc,phases] GC(12)     Total                          Min: 0, Avg: 45.9, Max: 303, Diff: 303, Sum: 367, Workers: 8
[2025-06-17T23:18:59.544+0300][13852][2928 ][debug][gc,phases] GC(12)   ObjectSynchronizer Weak        Min:  0.0, Avg:  0.0, Max:  0.0, Diff:  0.0, Sum:  0.0, Workers: 8
[2025-06-17T23:18:59.544+0300][13852][2928 ][debug][gc,phases] GC(12)     Dead                           Min: 0, Avg:  0.0, Max: 0, Diff: 0, Sum: 0, Workers: 8
[2025-06-17T23:18:59.544+0300][13852][2928 ][debug][gc,phases] GC(12)     Total                          Min: 0, Avg: 16.1, Max: 65, Diff: 65, Sum: 129, Workers: 8
[2025-06-17T23:18:59.544+0300][13852][2928 ][debug][gc,phases] GC(12)   JVMTI Tag Weak OopStorage      Min:  0.0, Avg:  0.0, Max:  0.0, Diff:  0.0, Sum:  0.0, Workers: 8
[2025-06-17T23:18:59.544+0300][13852][2928 ][debug][gc,phases] GC(12)     Dead                           Min: 0, Avg:  0.0, Max: 0, Diff: 0, Sum: 0, Workers: 8
[2025-06-17T23:18:59.544+0300][13852][2928 ][debug][gc,phases] GC(12)     Total                          Min: 0, Avg:  0.0, Max: 0, Diff: 0, Sum: 0, Workers: 8
[2025-06-17T23:18:59.544+0300][13852][2928 ][debug][gc,phases] GC(12)   StringTable Weak               Min:  0.0, Avg:  0.0, Max:  0.0, Diff:  0.0, Sum:  0.0, Workers: 8
[2025-06-17T23:18:59.544+0300][13852][2928 ][debug][gc,phases] GC(12)     Dead                           Min: 0, Avg:  0.0, Max: 0, Diff: 0, Sum: 0, Workers: 8
[2025-06-17T23:18:59.544+0300][13852][2928 ][debug][gc,phases] GC(12)     Total                          Min: 0, Avg: 776.8, Max: 1216, Diff: 1216, Sum: 6214, Workers: 8
[2025-06-17T23:18:59.544+0300][13852][2928 ][debug][gc,phases] GC(12)   ResolvedMethodTable Weak       Min:  0.0, Avg:  0.0, Max:  0.0, Diff:  0.0, Sum:  0.0, Workers: 8
[2025-06-17T23:18:59.544+0300][13852][2928 ][debug][gc,phases] GC(12)     Dead                           Min: 0, Avg:  0.0, Max: 0, Diff: 0, Sum: 0, Workers: 8
[2025-06-17T23:18:59.544+0300][13852][2928 ][debug][gc,phases] GC(12)     Total                          Min: 0, Avg: 107.6, Max: 158, Diff: 158, Sum: 861, Workers: 8
[2025-06-17T23:18:59.544+0300][13852][2928 ][debug][gc,phases] GC(12)   JNI Weak                       Min:  0.0, Avg:  0.0, Max:  0.0, Diff:  0.0, Sum:  0.0, Workers: 8
[2025-06-17T23:18:59.544+0300][13852][2928 ][debug][gc,phases] GC(12)     Dead                           Min: 0, Avg:  0.0, Max: 0, Diff: 0, Sum: 0, Workers: 8
[2025-06-17T23:18:59.544+0300][13852][2928 ][debug][gc,phases] GC(12)     Total                          Min: 0, Avg:  0.0, Max: 0, Diff: 0, Sum: 0, Workers: 8
[2025-06-17T23:18:59.544+0300][13852][2928 ][debug][gc,phases] GC(12)   StringDedup Table Weak         Min:  0.0, Avg:  0.0, Max:  0.0, Diff:  0.0, Sum:  0.0, Workers: 8
[2025-06-17T23:18:59.544+0300][13852][2928 ][debug][gc,phases] GC(12)     Dead                           Min: 0, Avg:  0.0, Max: 0, Diff: 0, Sum: 0, Workers: 8
[2025-06-17T23:18:59.544+0300][13852][2928 ][debug][gc,phases] GC(12)     Total                          Min: 0, Avg:  0.0, Max: 0, Diff: 0, Sum: 0, Workers: 8
[2025-06-17T23:18:59.544+0300][13852][2928 ][debug][gc,phases] GC(12)   StringDedup Requests0 Weak     Min:  0.0, Avg:  0.0, Max:  0.0, Diff:  0.0, Sum:  0.0, Workers: 8
[2025-06-17T23:18:59.544+0300][13852][2928 ][debug][gc,phases] GC(12)     Dead                           Min: 0, Avg:  0.0, Max: 0, Diff: 0, Sum: 0, Workers: 8
[2025-06-17T23:18:59.544+0300][13852][2928 ][debug][gc,phases] GC(12)     Total                          Min: 0, Avg:  0.0, Max: 0, Diff: 0, Sum: 0, Workers: 8
[2025-06-17T23:18:59.544+0300][13852][2928 ][debug][gc,phases] GC(12)   StringDedup Requests1 Weak     Min:  0.0, Avg:  0.0, Max:  0.0, Diff:  0.0, Sum:  0.0, Workers: 8
[2025-06-17T23:18:59.544+0300][13852][2928 ][debug][gc,phases] GC(12)     Dead                           Min: 0, Avg:  0.0, Max: 0, Diff: 0, Sum: 0, Workers: 8
[2025-06-17T23:18:59.544+0300][13852][2928 ][debug][gc,phases] GC(12)     Total                          Min: 0, Avg:  0.0, Max: 0, Diff: 0, Sum: 0, Workers: 8
[2025-06-17T23:18:59.544+0300][13852][2928 ][debug][gc,phases] GC(12)   Weak JFR Old Object Samples    Min:  0.0, Avg:  0.0, Max:  0.0, Diff:  0.0, Sum:  0.0, Workers: 8
[2025-06-17T23:18:59.544+0300][13852][2928 ][debug][gc,phases] GC(12)     Dead                           Min: 0, Avg:  0.0, Max: 0, Diff: 0, Sum: 0, Workers: 8
[2025-06-17T23:18:59.544+0300][13852][2928 ][debug][gc,phases] GC(12)     Total                          Min: 0, Avg:  0.0, Max: 0, Diff: 0, Sum: 0, Workers: 8
[2025-06-17T23:18:59.544+0300][13852][2928 ][debug][gc,phases] GC(12) Weak Processing 0.589ms
[2025-06-17T23:18:59.544+0300][13852][2928 ][info ][gc,heap  ] GC(12) PSYoungGen: 674896K(686592K)->560K(686592K) Eden: 674304K(674304K)->0K(674304K) From: 592K(12288K)->560K(12288K)
[2025-06-17T23:18:59.544+0300][13852][2928 ][info ][gc,heap  ] GC(12) ParOldGen: 10351K(1398272K)->10415K(1398272K)
[2025-06-17T23:18:59.544+0300][13852][2928 ][info ][gc       ] GC(12) Pause Young (Allocation Failure) 669M->10M(2036M) 1.041ms
[2025-06-17T23:18:59.544+0300][13852][2928 ][debug][gc,heap  ] GC(12) Heap after GC invocations=13 (full 1):
[2025-06-17T23:18:59.544+0300][13852][2928 ][debug][gc,heap  ] GC(12)  PSYoungGen      total 686592K, used 560K [0x00000000d5580000, 0x0000000100000000, 0x0000000100000000)
[2025-06-17T23:18:59.544+0300][13852][2928 ][debug][gc,heap  ] GC(12)   eden space 674304K, 0% used [0x00000000d5580000,0x00000000d5580000,0x00000000fe800000)
[2025-06-17T23:18:59.544+0300][13852][2928 ][debug][gc,heap  ] GC(12)   from space 12288K, 4% used [0x00000000ff400000,0x00000000ff48c0d0,0x0000000100000000)
[2025-06-17T23:18:59.544+0300][13852][2928 ][debug][gc,heap  ] GC(12)   to   space 12288K, 0% used [0x00000000fe800000,0x00000000fe800000,0x00000000ff400000)
[2025-06-17T23:18:59.544+0300][13852][2928 ][debug][gc,heap  ] GC(12)  ParOldGen       total 1398272K, used 10415K [0x0000000080000000, 0x00000000d5580000, 0x00000000d5580000)
[2025-06-17T23:18:59.544+0300][13852][2928 ][debug][gc,heap  ] GC(12)   object space 1398272K, 0% used [0x0000000080000000,0x0000000080a2be30,0x00000000d5580000)
[2025-06-17T23:18:59.544+0300][13852][2928 ][debug][gc,heap  ] GC(12)  Metaspace       used 8981K, committed 9536K, reserved 1114112K
[2025-06-17T23:18:59.544+0300][13852][2928 ][debug][gc,heap  ] GC(12)   class space    used 975K, committed 1216K, reserved 1048576K
[2025-06-17T23:18:59.544+0300][13852][2928 ][info ][safepoint] Safepoint "ParallelGCFailedAllocation", Time since last: 152689900 ns, Reaching safepoint: 249800 ns, Cleanup: 10800 ns, At safepoint: 1413500 ns, Total: 1674100 ns
[2025-06-17T23:18:59.688+0300][13852][2928 ][debug][safepoint] Safepoint synchronization initiated using striped semaphore wait barrier. (19 threads)
[2025-06-17T23:18:59.688+0300][13852][15144][debug][safepoint] ... found polling page loop exception at pc = 0x0000012d12e96de0, stub =0x0000012d12894d80
[2025-06-17T23:18:59.688+0300][13852][15124][debug][safepoint] ... found polling page loop exception at pc = 0x0000012d12e96de0, stub =0x0000012d12894d80
[2025-06-17T23:18:59.688+0300][13852][7180 ][debug][safepoint] ... found polling page loop exception at pc = 0x0000012d12e96de0, stub =0x0000012d12894d80
[2025-06-17T23:18:59.688+0300][13852][7528 ][debug][safepoint] ... found polling page loop exception at pc = 0x0000012d12e96de0, stub =0x0000012d12894d80
[2025-06-17T23:18:59.688+0300][13852][16580][debug][safepoint] ... found polling page loop exception at pc = 0x0000012d12e96de0, stub =0x0000012d12894d80
[2025-06-17T23:18:59.688+0300][13852][13388][debug][safepoint] ... found polling page loop exception at pc = 0x0000012d12ed1b38, stub =0x0000012d12894d80
[2025-06-17T23:18:59.688+0300][13852][2928 ][debug][gc,heap  ] GC(13) Heap before GC invocations=14 (full 1):
[2025-06-17T23:18:59.688+0300][13852][2928 ][debug][gc,heap  ] GC(13)  PSYoungGen      total 686592K, used 674864K [0x00000000d5580000, 0x0000000100000000, 0x0000000100000000)
[2025-06-17T23:18:59.688+0300][13852][2928 ][debug][gc,heap  ] GC(13)   eden space 674304K, 100% used [0x00000000d5580000,0x00000000fe800000,0x00000000fe800000)
[2025-06-17T23:18:59.688+0300][13852][2928 ][debug][gc,heap  ] GC(13)   from space 12288K, 4% used [0x00000000ff400000,0x00000000ff48c0d0,0x0000000100000000)
[2025-06-17T23:18:59.688+0300][13852][2928 ][debug][gc,heap  ] GC(13)   to   space 12288K, 0% used [0x00000000fe800000,0x00000000fe800000,0x00000000ff400000)
[2025-06-17T23:18:59.688+0300][13852][2928 ][debug][gc,heap  ] GC(13)  ParOldGen       total 1398272K, used 10415K [0x0000000080000000, 0x00000000d5580000, 0x00000000d5580000)
[2025-06-17T23:18:59.688+0300][13852][2928 ][debug][gc,heap  ] GC(13)   object space 1398272K, 0% used [0x0000000080000000,0x0000000080a2be30,0x00000000d5580000)
[2025-06-17T23:18:59.688+0300][13852][2928 ][debug][gc,heap  ] GC(13)  Metaspace       used 8981K, committed 9536K, reserved 1114112K
[2025-06-17T23:18:59.688+0300][13852][2928 ][debug][gc,heap  ] GC(13)   class space    used 975K, committed 1216K, reserved 1048576K
[2025-06-17T23:18:59.688+0300][13852][2928 ][debug][gc,phases] GC(13) Scavenge 0.246ms
[2025-06-17T23:18:59.688+0300][13852][2928 ][debug][gc,phases] GC(13) Reference Processing 0.047ms
[2025-06-17T23:18:59.688+0300][13852][2928 ][debug][gc,phases] GC(13)   VM Weak                        Min:  0.0, Avg:  0.0, Max:  0.0, Diff:  0.0, Sum:  0.0, Workers: 8
[2025-06-17T23:18:59.688+0300][13852][2928 ][debug][gc,phases] GC(13)     Dead                           Min: 0, Avg:  0.0, Max: 0, Diff: 0, Sum: 0, Workers: 8
[2025-06-17T23:18:59.688+0300][13852][2928 ][debug][gc,phases] GC(13)     Total                          Min: 0, Avg: 45.9, Max: 367, Diff: 367, Sum: 367, Workers: 8
[2025-06-17T23:18:59.688+0300][13852][2928 ][debug][gc,phases] GC(13)   ObjectSynchronizer Weak        Min:  0.0, Avg:  0.0, Max:  0.0, Diff:  0.0, Sum:  0.0, Workers: 8
[2025-06-17T23:18:59.688+0300][13852][2928 ][debug][gc,phases] GC(13)     Dead                           Min: 0, Avg:  0.0, Max: 0, Diff: 0, Sum: 0, Workers: 8
[2025-06-17T23:18:59.688+0300][13852][2928 ][debug][gc,phases] GC(13)     Total                          Min: 0, Avg: 16.1, Max: 64, Diff: 64, Sum: 129, Workers: 8
[2025-06-17T23:18:59.688+0300][13852][2928 ][debug][gc,phases] GC(13)   JVMTI Tag Weak OopStorage      Min:  0.0, Avg:  0.0, Max:  0.0, Diff:  0.0, Sum:  0.0, Workers: 8
[2025-06-17T23:18:59.688+0300][13852][2928 ][debug][gc,phases] GC(13)     Dead                           Min: 0, Avg:  0.0, Max: 0, Diff: 0, Sum: 0, Workers: 8
[2025-06-17T23:18:59.688+0300][13852][2928 ][debug][gc,phases] GC(13)     Total                          Min: 0, Avg:  0.0, Max: 0, Diff: 0, Sum: 0, Workers: 8
[2025-06-17T23:18:59.688+0300][13852][2928 ][debug][gc,phases] GC(13)   StringTable Weak               Min:  0.0, Avg:  0.0, Max:  0.0, Diff:  0.0, Sum:  0.0, Workers: 8
[2025-06-17T23:18:59.688+0300][13852][2928 ][debug][gc,phases] GC(13)     Dead                           Min: 0, Avg:  0.0, Max: 0, Diff: 0, Sum: 0, Workers: 8
[2025-06-17T23:18:59.688+0300][13852][2928 ][debug][gc,phases] GC(13)     Total                          Min: 0, Avg: 778.1, Max: 1024, Diff: 1024, Sum: 6225, Workers: 8
[2025-06-17T23:18:59.688+0300][13852][2928 ][debug][gc,phases] GC(13)   ResolvedMethodTable Weak       Min:  0.0, Avg:  0.0, Max:  0.0, Diff:  0.0, Sum:  0.0, Workers: 8
[2025-06-17T23:18:59.688+0300][13852][2928 ][debug][gc,phases] GC(13)     Dead                           Min: 0, Avg:  0.0, Max: 0, Diff: 0, Sum: 0, Workers: 8
[2025-06-17T23:18:59.688+0300][13852][2928 ][debug][gc,phases] GC(13)     Total                          Min: 0, Avg: 107.6, Max: 192, Diff: 192, Sum: 861, Workers: 8
[2025-06-17T23:18:59.688+0300][13852][2928 ][debug][gc,phases] GC(13)   JNI Weak                       Min:  0.0, Avg:  0.0, Max:  0.0, Diff:  0.0, Sum:  0.0, Workers: 8
[2025-06-17T23:18:59.688+0300][13852][2928 ][debug][gc,phases] GC(13)     Dead                           Min: 0, Avg:  0.0, Max: 0, Diff: 0, Sum: 0, Workers: 8
[2025-06-17T23:18:59.688+0300][13852][2928 ][debug][gc,phases] GC(13)     Total                          Min: 0, Avg:  0.0, Max: 0, Diff: 0, Sum: 0, Workers: 8
[2025-06-17T23:18:59.688+0300][13852][2928 ][debug][gc,phases] GC(13)   StringDedup Table Weak         Min:  0.0, Avg:  0.0, Max:  0.0, Diff:  0.0, Sum:  0.0, Workers: 8
[2025-06-17T23:18:59.688+0300][13852][2928 ][debug][gc,phases] GC(13)     Dead                           Min: 0, Avg:  0.0, Max: 0, Diff: 0, Sum: 0, Workers: 8
[2025-06-17T23:18:59.688+0300][13852][2928 ][debug][gc,phases] GC(13)     Total                          Min: 0, Avg:  0.0, Max: 0, Diff: 0, Sum: 0, Workers: 8
[2025-06-17T23:18:59.688+0300][13852][2928 ][debug][gc,phases] GC(13)   StringDedup Requests0 Weak     Min:  0.0, Avg:  0.0, Max:  0.0, Diff:  0.0, Sum:  0.0, Workers: 8
[2025-06-17T23:18:59.688+0300][13852][2928 ][debug][gc,phases] GC(13)     Dead                           Min: 0, Avg:  0.0, Max: 0, Diff: 0, Sum: 0, Workers: 8
[2025-06-17T23:18:59.688+0300][13852][2928 ][debug][gc,phases] GC(13)     Total                          Min: 0, Avg:  0.0, Max: 0, Diff: 0, Sum: 0, Workers: 8
[2025-06-17T23:18:59.688+0300][13852][2928 ][debug][gc,phases] GC(13)   StringDedup Requests1 Weak     Min:  0.0, Avg:  0.0, Max:  0.0, Diff:  0.0, Sum:  0.0, Workers: 8
[2025-06-17T23:18:59.688+0300][13852][2928 ][debug][gc,phases] GC(13)     Dead                           Min: 0, Avg:  0.0, Max: 0, Diff: 0, Sum: 0, Workers: 8
[2025-06-17T23:18:59.688+0300][13852][2928 ][debug][gc,phases] GC(13)     Total                          Min: 0, Avg:  0.0, Max: 0, Diff: 0, Sum: 0, Workers: 8
[2025-06-17T23:18:59.688+0300][13852][2928 ][debug][gc,phases] GC(13)   Weak JFR Old Object Samples    Min:  0.0, Avg:  0.0, Max:  0.0, Diff:  0.0, Sum:  0.0, Workers: 8
[2025-06-17T23:18:59.688+0300][13852][2928 ][debug][gc,phases] GC(13)     Dead                           Min: 0, Avg:  0.0, Max: 0, Diff: 0, Sum: 0, Workers: 8
[2025-06-17T23:18:59.688+0300][13852][2928 ][debug][gc,phases] GC(13)     Total                          Min: 0, Avg:  0.0, Max: 0, Diff: 0, Sum: 0, Workers: 8
[2025-06-17T23:18:59.688+0300][13852][2928 ][debug][gc,phases] GC(13) Weak Processing 0.629ms
[2025-06-17T23:18:59.688+0300][13852][2928 ][info ][gc,heap  ] GC(13) PSYoungGen: 674864K(686592K)->576K(686592K) Eden: 674304K(674304K)->0K(674304K) From: 560K(12288K)->576K(12288K)
[2025-06-17T23:18:59.688+0300][13852][2928 ][info ][gc,heap  ] GC(13) ParOldGen: 10415K(1398272K)->10471K(1398272K)
[2025-06-17T23:18:59.688+0300][13852][2928 ][info ][gc       ] GC(13) Pause Young (Allocation Failure) 669M->10M(2036M) 1.030ms
[2025-06-17T23:18:59.688+0300][13852][2928 ][debug][gc,heap  ] GC(13) Heap after GC invocations=14 (full 1):
[2025-06-17T23:18:59.688+0300][13852][2928 ][debug][gc,heap  ] GC(13)  PSYoungGen      total 686592K, used 576K [0x00000000d5580000, 0x0000000100000000, 0x0000000100000000)
[2025-06-17T23:18:59.688+0300][13852][2928 ][debug][gc,heap  ] GC(13)   eden space 674304K, 0% used [0x00000000d5580000,0x00000000d5580000,0x00000000fe800000)
[2025-06-17T23:18:59.688+0300][13852][2928 ][debug][gc,heap  ] GC(13)   from space 12288K, 4% used [0x00000000fe800000,0x00000000fe8900c0,0x00000000ff400000)
[2025-06-17T23:18:59.688+0300][13852][2928 ][debug][gc,heap  ] GC(13)   to   space 12288K, 0% used [0x00000000ff400000,0x00000000ff400000,0x0000000100000000)
[2025-06-17T23:18:59.688+0300][13852][2928 ][debug][gc,heap  ] GC(13)  ParOldGen       total 1398272K, used 10471K [0x0000000080000000, 0x00000000d5580000, 0x00000000d5580000)
[2025-06-17T23:18:59.688+0300][13852][2928 ][debug][gc,heap  ] GC(13)   object space 1398272K, 0% used [0x0000000080000000,0x0000000080a39e30,0x00000000d5580000)
[2025-06-17T23:18:59.688+0300][13852][2928 ][debug][gc,heap  ] GC(13)  Metaspace       used 8981K, committed 9536K, reserved 1114112K
[2025-06-17T23:18:59.688+0300][13852][2928 ][debug][gc,heap  ] GC(13)   class space    used 975K, committed 1216K, reserved 1048576K
[2025-06-17T23:18:59.688+0300][13852][2928 ][info ][safepoint] Safepoint "ParallelGCFailedAllocation", Time since last: 142258100 ns, Reaching safepoint: 313200 ns, Cleanup: 4600 ns, At safepoint: 1361800 ns, Total: 1679600 ns
[2025-06-17T23:18:59.861+0300][13852][2928 ][debug][safepoint] Safepoint synchronization initiated using striped semaphore wait barrier. (19 threads)
[2025-06-17T23:18:59.861+0300][13852][13388][debug][safepoint] ... found polling page loop exception at pc = 0x0000012d12e96de0, stub =0x0000012d12894d80
[2025-06-17T23:18:59.861+0300][13852][15144][debug][safepoint] ... found polling page loop exception at pc = 0x0000012d12e96de0, stub =0x0000012d12894d80
[2025-06-17T23:18:59.863+0300][13852][2928 ][debug][gc,heap  ] GC(14) Heap before GC invocations=15 (full 1):
[2025-06-17T23:18:59.863+0300][13852][2928 ][debug][gc,heap  ] GC(14)  PSYoungGen      total 686592K, used 674880K [0x00000000d5580000, 0x0000000100000000, 0x0000000100000000)
[2025-06-17T23:18:59.863+0300][13852][2928 ][debug][gc,heap  ] GC(14)   eden space 674304K, 100% used [0x00000000d5580000,0x00000000fe800000,0x00000000fe800000)
[2025-06-17T23:18:59.863+0300][13852][2928 ][debug][gc,heap  ] GC(14)   from space 12288K, 4% used [0x00000000fe800000,0x00000000fe8900c0,0x00000000ff400000)
[2025-06-17T23:18:59.863+0300][13852][2928 ][debug][gc,heap  ] GC(14)   to   space 12288K, 0% used [0x00000000ff400000,0x00000000ff400000,0x0000000100000000)
[2025-06-17T23:18:59.863+0300][13852][2928 ][debug][gc,heap  ] GC(14)  ParOldGen       total 1398272K, used 10471K [0x0000000080000000, 0x00000000d5580000, 0x00000000d5580000)
[2025-06-17T23:18:59.863+0300][13852][2928 ][debug][gc,heap  ] GC(14)   object space 1398272K, 0% used [0x0000000080000000,0x0000000080a39e30,0x00000000d5580000)
[2025-06-17T23:18:59.863+0300][13852][2928 ][debug][gc,heap  ] GC(14)  Metaspace       used 8981K, committed 9536K, reserved 1114112K
[2025-06-17T23:18:59.863+0300][13852][2928 ][debug][gc,heap  ] GC(14)   class space    used 975K, committed 1216K, reserved 1048576K
[2025-06-17T23:18:59.863+0300][13852][2928 ][debug][gc,phases] GC(14) Scavenge 0.233ms
[2025-06-17T23:18:59.863+0300][13852][2928 ][debug][gc,phases] GC(14) Reference Processing 0.042ms
[2025-06-17T23:18:59.863+0300][13852][2928 ][debug][gc,phases] GC(14)   VM Weak                        Min:  0.0, Avg:  0.0, Max:  0.0, Diff:  0.0, Sum:  0.0, Workers: 8
[2025-06-17T23:18:59.863+0300][13852][2928 ][debug][gc,phases] GC(14)     Dead                           Min: 0, Avg:  0.0, Max: 0, Diff: 0, Sum: 0, Workers: 8
[2025-06-17T23:18:59.863+0300][13852][2928 ][debug][gc,phases] GC(14)     Total                          Min: 0, Avg: 45.9, Max: 320, Diff: 320, Sum: 367, Workers: 8
[2025-06-17T23:18:59.863+0300][13852][2928 ][debug][gc,phases] GC(14)   ObjectSynchronizer Weak        Min:  0.0, Avg:  0.0, Max:  0.0, Diff:  0.0, Sum:  0.0, Workers: 8
[2025-06-17T23:18:59.863+0300][13852][2928 ][debug][gc,phases] GC(14)     Dead                           Min: 0, Avg:  0.0, Max: 0, Diff: 0, Sum: 0, Workers: 8
[2025-06-17T23:18:59.863+0300][13852][2928 ][debug][gc,phases] GC(14)     Total                          Min: 0, Avg: 16.1, Max: 65, Diff: 65, Sum: 129, Workers: 8
[2025-06-17T23:18:59.863+0300][13852][2928 ][debug][gc,phases] GC(14)   JVMTI Tag Weak OopStorage      Min:  0.0, Avg:  0.0, Max:  0.0, Diff:  0.0, Sum:  0.0, Workers: 8
[2025-06-17T23:18:59.863+0300][13852][2928 ][debug][gc,phases] GC(14)     Dead                           Min: 0, Avg:  0.0, Max: 0, Diff: 0, Sum: 0, Workers: 8
[2025-06-17T23:18:59.863+0300][13852][2928 ][debug][gc,phases] GC(14)     Total                          Min: 0, Avg:  0.0, Max: 0, Diff: 0, Sum: 0, Workers: 8
[2025-06-17T23:18:59.863+0300][13852][2928 ][debug][gc,phases] GC(14)   StringTable Weak               Min:  0.0, Avg:  0.0, Max:  0.0, Diff:  0.0, Sum:  0.0, Workers: 8
[2025-06-17T23:18:59.863+0300][13852][2928 ][debug][gc,phases] GC(14)     Dead                           Min: 0, Avg:  0.0, Max: 0, Diff: 0, Sum: 0, Workers: 8
[2025-06-17T23:18:59.863+0300][13852][2928 ][debug][gc,phases] GC(14)     Total                          Min: 0, Avg: 778.4, Max: 1088, Diff: 1088, Sum: 6227, Workers: 8
[2025-06-17T23:18:59.863+0300][13852][2928 ][debug][gc,phases] GC(14)   ResolvedMethodTable Weak       Min:  0.0, Avg:  0.0, Max:  0.0, Diff:  0.0, Sum:  0.0, Workers: 8
[2025-06-17T23:18:59.863+0300][13852][2928 ][debug][gc,phases] GC(14)     Dead                           Min: 0, Avg:  0.0, Max: 0, Diff: 0, Sum: 0, Workers: 8
[2025-06-17T23:18:59.863+0300][13852][2928 ][debug][gc,phases] GC(14)     Total                          Min: 0, Avg: 107.6, Max: 192, Diff: 192, Sum: 861, Workers: 8
[2025-06-17T23:18:59.863+0300][13852][2928 ][debug][gc,phases] GC(14)   JNI Weak                       Min:  0.0, Avg:  0.0, Max:  0.0, Diff:  0.0, Sum:  0.0, Workers: 8
[2025-06-17T23:18:59.863+0300][13852][2928 ][debug][gc,phases] GC(14)     Dead                           Min: 0, Avg:  0.0, Max: 0, Diff: 0, Sum: 0, Workers: 8
[2025-06-17T23:18:59.863+0300][13852][2928 ][debug][gc,phases] GC(14)     Total                          Min: 0, Avg:  0.0, Max: 0, Diff: 0, Sum: 0, Workers: 8
[2025-06-17T23:18:59.863+0300][13852][2928 ][debug][gc,phases] GC(14)   StringDedup Table Weak         Min:  0.0, Avg:  0.0, Max:  0.0, Diff:  0.0, Sum:  0.0, Workers: 8
[2025-06-17T23:18:59.863+0300][13852][2928 ][debug][gc,phases] GC(14)     Dead                           Min: 0, Avg:  0.0, Max: 0, Diff: 0, Sum: 0, Workers: 8
[2025-06-17T23:18:59.863+0300][13852][2928 ][debug][gc,phases] GC(14)     Total                          Min: 0, Avg:  0.0, Max: 0, Diff: 0, Sum: 0, Workers: 8
[2025-06-17T23:18:59.863+0300][13852][2928 ][debug][gc,phases] GC(14)   StringDedup Requests0 Weak     Min:  0.0, Avg:  0.0, Max:  0.0, Diff:  0.0, Sum:  0.0, Workers: 8
[2025-06-17T23:18:59.863+0300][13852][2928 ][debug][gc,phases] GC(14)     Dead                           Min: 0, Avg:  0.0, Max: 0, Diff: 0, Sum: 0, Workers: 8
[2025-06-17T23:18:59.863+0300][13852][2928 ][debug][gc,phases] GC(14)     Total                          Min: 0, Avg:  0.0, Max: 0, Diff: 0, Sum: 0, Workers: 8
[2025-06-17T23:18:59.863+0300][13852][2928 ][debug][gc,phases] GC(14)   StringDedup Requests1 Weak     Min:  0.0, Avg:  0.0, Max:  0.0, Diff:  0.0, Sum:  0.0, Workers: 8
[2025-06-17T23:18:59.863+0300][13852][2928 ][debug][gc,phases] GC(14)     Dead                           Min: 0, Avg:  0.0, Max: 0, Diff: 0, Sum: 0, Workers: 8
[2025-06-17T23:18:59.863+0300][13852][2928 ][debug][gc,phases] GC(14)     Total                          Min: 0, Avg:  0.0, Max: 0, Diff: 0, Sum: 0, Workers: 8
[2025-06-17T23:18:59.863+0300][13852][2928 ][debug][gc,phases] GC(14)   Weak JFR Old Object Samples    Min:  0.0, Avg:  0.0, Max:  0.0, Diff:  0.0, Sum:  0.0, Workers: 8
[2025-06-17T23:18:59.863+0300][13852][2928 ][debug][gc,phases] GC(14)     Dead                           Min: 0, Avg:  0.0, Max: 0, Diff: 0, Sum: 0, Workers: 8
[2025-06-17T23:18:59.863+0300][13852][2928 ][debug][gc,phases] GC(14)     Total                          Min: 0, Avg:  0.0, Max: 0, Diff: 0, Sum: 0, Workers: 8
[2025-06-17T23:18:59.863+0300][13852][2928 ][debug][gc,phases] GC(14) Weak Processing 0.384ms
[2025-06-17T23:18:59.863+0300][13852][2928 ][info ][gc,heap  ] GC(14) PSYoungGen: 674880K(686592K)->544K(687104K) Eden: 674304K(674304K)->0K(674816K) From: 576K(12288K)->544K(12288K)
[2025-06-17T23:18:59.863+0300][13852][2928 ][info ][gc,heap  ] GC(14) ParOldGen: 10471K(1398272K)->10535K(1398272K)
[2025-06-17T23:18:59.863+0300][13852][2928 ][info ][gc       ] GC(14) Pause Young (Allocation Failure) 669M->10M(2036M) 0.776ms
[2025-06-17T23:18:59.863+0300][13852][2928 ][debug][gc,heap  ] GC(14) Heap after GC invocations=15 (full 1):
[2025-06-17T23:18:59.863+0300][13852][2928 ][debug][gc,heap  ] GC(14)  PSYoungGen      total 687104K, used 544K [0x00000000d5580000, 0x0000000100000000, 0x0000000100000000)
[2025-06-17T23:18:59.863+0300][13852][2928 ][debug][gc,heap  ] GC(14)   eden space 674816K, 0% used [0x00000000d5580000,0x00000000d5580000,0x00000000fe880000)
[2025-06-17T23:18:59.863+0300][13852][2928 ][debug][gc,heap  ] GC(14)   from space 12288K, 4% used [0x00000000ff400000,0x00000000ff4880c0,0x0000000100000000)
[2025-06-17T23:18:59.863+0300][13852][2928 ][debug][gc,heap  ] GC(14)   to   space 11776K, 0% used [0x00000000fe880000,0x00000000fe880000,0x00000000ff400000)
[2025-06-17T23:18:59.863+0300][13852][2928 ][debug][gc,heap  ] GC(14)  ParOldGen       total 1398272K, used 10535K [0x0000000080000000, 0x00000000d5580000, 0x00000000d5580000)
[2025-06-17T23:18:59.863+0300][13852][2928 ][debug][gc,heap  ] GC(14)   object space 1398272K, 0% used [0x0000000080000000,0x0000000080a49e30,0x00000000d5580000)
[2025-06-17T23:18:59.863+0300][13852][2928 ][debug][gc,heap  ] GC(14)  Metaspace       used 8981K, committed 9536K, reserved 1114112K
[2025-06-17T23:18:59.863+0300][13852][2928 ][debug][gc,heap  ] GC(14)   class space    used 975K, committed 1216K, reserved 1048576K
[2025-06-17T23:18:59.863+0300][13852][2928 ][info ][safepoint] Safepoint "ParallelGCFailedAllocation", Time since last: 172339500 ns, Reaching safepoint: 230700 ns, Cleanup: 7000 ns, At safepoint: 1157100 ns, Total: 1394800 ns
[2025-06-17T23:19:00.027+0300][13852][2928 ][debug][safepoint] Safepoint synchronization initiated using striped semaphore wait barrier. (19 threads)
[2025-06-17T23:19:00.027+0300][13852][16580][debug][safepoint] ... found polling page loop exception at pc = 0x0000012d12e96de0, stub =0x0000012d12894d80
[2025-06-17T23:19:00.027+0300][13852][15124][debug][safepoint] ... found polling page loop exception at pc = 0x0000012d12e96de0, stub =0x0000012d12894d80
[2025-06-17T23:19:00.027+0300][13852][13388][debug][safepoint] ... found polling page loop exception at pc = 0x0000012d12e96de0, stub =0x0000012d12894d80
[2025-06-17T23:19:00.027+0300][13852][7528 ][debug][safepoint] ... found polling page loop exception at pc = 0x0000012d12ed1b38, stub =0x0000012d12894d80
[2025-06-17T23:19:00.027+0300][13852][2928 ][debug][gc,heap  ] GC(15) Heap before GC invocations=16 (full 1):
[2025-06-17T23:19:00.027+0300][13852][2928 ][debug][gc,heap  ] GC(15)  PSYoungGen      total 687104K, used 675360K [0x00000000d5580000, 0x0000000100000000, 0x0000000100000000)
[2025-06-17T23:19:00.027+0300][13852][2928 ][debug][gc,heap  ] GC(15)   eden space 674816K, 100% used [0x00000000d5580000,0x00000000fe880000,0x00000000fe880000)
[2025-06-17T23:19:00.027+0300][13852][2928 ][debug][gc,heap  ] GC(15)   from space 12288K, 4% used [0x00000000ff400000,0x00000000ff4880c0,0x0000000100000000)
[2025-06-17T23:19:00.027+0300][13852][2928 ][debug][gc,heap  ] GC(15)   to   space 11776K, 0% used [0x00000000fe880000,0x00000000fe880000,0x00000000ff400000)
[2025-06-17T23:19:00.027+0300][13852][2928 ][debug][gc,heap  ] GC(15)  ParOldGen       total 1398272K, used 10535K [0x0000000080000000, 0x00000000d5580000, 0x00000000d5580000)
[2025-06-17T23:19:00.027+0300][13852][2928 ][debug][gc,heap  ] GC(15)   object space 1398272K, 0% used [0x0000000080000000,0x0000000080a49e30,0x00000000d5580000)
[2025-06-17T23:19:00.027+0300][13852][2928 ][debug][gc,heap  ] GC(15)  Metaspace       used 8981K, committed 9536K, reserved 1114112K
[2025-06-17T23:19:00.027+0300][13852][2928 ][debug][gc,heap  ] GC(15)   class space    used 975K, committed 1216K, reserved 1048576K
[2025-06-17T23:19:00.029+0300][13852][2928 ][debug][gc,phases] GC(15) Scavenge 0.367ms
[2025-06-17T23:19:00.029+0300][13852][2928 ][debug][gc,phases] GC(15) Reference Processing 0.060ms
[2025-06-17T23:19:00.029+0300][13852][2928 ][debug][gc,phases] GC(15)   VM Weak                        Min:  0.0, Avg:  0.0, Max:  0.0, Diff:  0.0, Sum:  0.0, Workers: 8
[2025-06-17T23:19:00.029+0300][13852][2928 ][debug][gc,phases] GC(15)     Dead                           Min: 0, Avg:  0.0, Max: 0, Diff: 0, Sum: 0, Workers: 8
[2025-06-17T23:19:00.029+0300][13852][2928 ][debug][gc,phases] GC(15)     Total                          Min: 0, Avg: 45.9, Max: 64, Diff: 64, Sum: 367, Workers: 8
[2025-06-17T23:19:00.029+0300][13852][2928 ][debug][gc,phases] GC(15)   ObjectSynchronizer Weak        Min:  0.0, Avg:  0.0, Max:  0.0, Diff:  0.0, Sum:  0.0, Workers: 8
[2025-06-17T23:19:00.029+0300][13852][2928 ][debug][gc,phases] GC(15)     Dead                           Min: 0, Avg:  0.0, Max: 0, Diff: 0, Sum: 0, Workers: 8
[2025-06-17T23:19:00.029+0300][13852][2928 ][debug][gc,phases] GC(15)     Total                          Min: 0, Avg: 16.1, Max: 64, Diff: 64, Sum: 129, Workers: 8
[2025-06-17T23:19:00.029+0300][13852][2928 ][debug][gc,phases] GC(15)   JVMTI Tag Weak OopStorage      Min:  0.0, Avg:  0.0, Max:  0.0, Diff:  0.0, Sum:  0.0, Workers: 8
[2025-06-17T23:19:00.029+0300][13852][2928 ][debug][gc,phases] GC(15)     Dead                           Min: 0, Avg:  0.0, Max: 0, Diff: 0, Sum: 0, Workers: 8
[2025-06-17T23:19:00.029+0300][13852][2928 ][debug][gc,phases] GC(15)     Total                          Min: 0, Avg:  0.0, Max: 0, Diff: 0, Sum: 0, Workers: 8
[2025-06-17T23:19:00.029+0300][13852][2928 ][debug][gc,phases] GC(15)   StringTable Weak               Min:  0.0, Avg:  0.0, Max:  0.0, Diff:  0.0, Sum:  0.0, Workers: 8
[2025-06-17T23:19:00.029+0300][13852][2928 ][debug][gc,phases] GC(15)     Dead                           Min: 0, Avg:  0.0, Max: 0, Diff: 0, Sum: 0, Workers: 8
[2025-06-17T23:19:00.029+0300][13852][2928 ][debug][gc,phases] GC(15)     Total                          Min: 0, Avg: 778.4, Max: 979, Diff: 979, Sum: 6227, Workers: 8
[2025-06-17T23:19:00.029+0300][13852][2928 ][debug][gc,phases] GC(15)   ResolvedMethodTable Weak       Min:  0.0, Avg:  0.0, Max:  0.0, Diff:  0.0, Sum:  0.0, Workers: 8
[2025-06-17T23:19:00.029+0300][13852][2928 ][debug][gc,phases] GC(15)     Dead                           Min: 0, Avg:  0.0, Max: 0, Diff: 0, Sum: 0, Workers: 8
[2025-06-17T23:19:00.029+0300][13852][2928 ][debug][gc,phases] GC(15)     Total                          Min: 0, Avg: 107.6, Max: 192, Diff: 192, Sum: 861, Workers: 8
[2025-06-17T23:19:00.029+0300][13852][2928 ][debug][gc,phases] GC(15)   JNI Weak                       Min:  0.0, Avg:  0.0, Max:  0.0, Diff:  0.0, Sum:  0.0, Workers: 8
[2025-06-17T23:19:00.029+0300][13852][2928 ][debug][gc,phases] GC(15)     Dead                           Min: 0, Avg:  0.0, Max: 0, Diff: 0, Sum: 0, Workers: 8
[2025-06-17T23:19:00.029+0300][13852][2928 ][debug][gc,phases] GC(15)     Total                          Min: 0, Avg:  0.0, Max: 0, Diff: 0, Sum: 0, Workers: 8
[2025-06-17T23:19:00.029+0300][13852][2928 ][debug][gc,phases] GC(15)   StringDedup Table Weak         Min:  0.0, Avg:  0.0, Max:  0.0, Diff:  0.0, Sum:  0.0, Workers: 8
[2025-06-17T23:19:00.029+0300][13852][2928 ][debug][gc,phases] GC(15)     Dead                           Min: 0, Avg:  0.0, Max: 0, Diff: 0, Sum: 0, Workers: 8
[2025-06-17T23:19:00.029+0300][13852][2928 ][debug][gc,phases] GC(15)     Total                          Min: 0, Avg:  0.0, Max: 0, Diff: 0, Sum: 0, Workers: 8
[2025-06-17T23:19:00.029+0300][13852][2928 ][debug][gc,phases] GC(15)   StringDedup Requests0 Weak     Min:  0.0, Avg:  0.0, Max:  0.0, Diff:  0.0, Sum:  0.0, Workers: 8
[2025-06-17T23:19:00.029+0300][13852][2928 ][debug][gc,phases] GC(15)     Dead                           Min: 0, Avg:  0.0, Max: 0, Diff: 0, Sum: 0, Workers: 8
[2025-06-17T23:19:00.029+0300][13852][2928 ][debug][gc,phases] GC(15)     Total                          Min: 0, Avg:  0.0, Max: 0, Diff: 0, Sum: 0, Workers: 8
[2025-06-17T23:19:00.029+0300][13852][2928 ][debug][gc,phases] GC(15)   StringDedup Requests1 Weak     Min:  0.0, Avg:  0.0, Max:  0.0, Diff:  0.0, Sum:  0.0, Workers: 8
[2025-06-17T23:19:00.029+0300][13852][2928 ][debug][gc,phases] GC(15)     Dead                           Min: 0, Avg:  0.0, Max: 0, Diff: 0, Sum: 0, Workers: 8
[2025-06-17T23:19:00.029+0300][13852][2928 ][debug][gc,phases] GC(15)     Total                          Min: 0, Avg:  0.0, Max: 0, Diff: 0, Sum: 0, Workers: 8
[2025-06-17T23:19:00.029+0300][13852][2928 ][debug][gc,phases] GC(15)   Weak JFR Old Object Samples    Min:  0.0, Avg:  0.0, Max:  0.0, Diff:  0.0, Sum:  0.0, Workers: 8
[2025-06-17T23:19:00.029+0300][13852][2928 ][debug][gc,phases] GC(15)     Dead                           Min: 0, Avg:  0.0, Max: 0, Diff: 0, Sum: 0, Workers: 8
[2025-06-17T23:19:00.029+0300][13852][2928 ][debug][gc,phases] GC(15)     Total                          Min: 0, Avg:  0.0, Max: 0, Diff: 0, Sum: 0, Workers: 8
[2025-06-17T23:19:00.029+0300][13852][2928 ][debug][gc,phases] GC(15) Weak Processing 0.576ms
[2025-06-17T23:19:00.029+0300][13852][2928 ][info ][gc,heap  ] GC(15) PSYoungGen: 675360K(687104K)->576K(686592K) Eden: 674816K(674816K)->0K(674816K) From: 544K(12288K)->576K(11776K)
[2025-06-17T23:19:00.029+0300][13852][2928 ][info ][gc,heap  ] GC(15) ParOldGen: 10535K(1398272K)->10599K(1398272K)
[2025-06-17T23:19:00.029+0300][13852][2928 ][info ][gc       ] GC(15) Pause Young (Allocation Failure) 669M->10M(2036M) 1.176ms
[2025-06-17T23:19:00.029+0300][13852][2928 ][debug][gc,heap  ] GC(15) Heap after GC invocations=16 (full 1):
[2025-06-17T23:19:00.029+0300][13852][2928 ][debug][gc,heap  ] GC(15)  PSYoungGen      total 686592K, used 576K [0x00000000d5580000, 0x0000000100000000, 0x0000000100000000)
[2025-06-17T23:19:00.029+0300][13852][2928 ][debug][gc,heap  ] GC(15)   eden space 674816K, 0% used [0x00000000d5580000,0x00000000d5580000,0x00000000fe880000)
[2025-06-17T23:19:00.029+0300][13852][2928 ][debug][gc,heap  ] GC(15)   from space 11776K, 4% used [0x00000000fe880000,0x00000000fe9100a0,0x00000000ff400000)
[2025-06-17T23:19:00.029+0300][13852][2928 ][debug][gc,heap  ] GC(15)   to   space 11776K, 0% used [0x00000000ff480000,0x00000000ff480000,0x0000000100000000)
[2025-06-17T23:19:00.029+0300][13852][2928 ][debug][gc,heap  ] GC(15)  ParOldGen       total 1398272K, used 10599K [0x0000000080000000, 0x00000000d5580000, 0x00000000d5580000)
[2025-06-17T23:19:00.029+0300][13852][2928 ][debug][gc,heap  ] GC(15)   object space 1398272K, 0% used [0x0000000080000000,0x0000000080a59e30,0x00000000d5580000)
[2025-06-17T23:19:00.029+0300][13852][2928 ][debug][gc,heap  ] GC(15)  Metaspace       used 8981K, committed 9536K, reserved 1114112K
[2025-06-17T23:19:00.029+0300][13852][2928 ][debug][gc,heap  ] GC(15)   class space    used 975K, committed 1216K, reserved 1048576K
[2025-06-17T23:19:00.029+0300][13852][2928 ][info ][safepoint] Safepoint "ParallelGCFailedAllocation", Time since last: 163918200 ns, Reaching safepoint: 257200 ns, Cleanup: 6900 ns, At safepoint: 1578700 ns, Total: 1842800 ns
[2025-06-17T23:19:00.175+0300][13852][2928 ][debug][safepoint] Safepoint synchronization initiated using striped semaphore wait barrier. (19 threads)
[2025-06-17T23:19:00.177+0300][13852][16580][debug][safepoint] ... found polling page loop exception at pc = 0x0000012d12e96de0, stub =0x0000012d12894d80
[2025-06-17T23:19:00.177+0300][13852][12624][debug][safepoint] ... found polling page loop exception at pc = 0x0000012d12e96de0, stub =0x0000012d12894d80
[2025-06-17T23:19:00.177+0300][13852][7180 ][debug][safepoint] ... found polling page loop exception at pc = 0x0000012d12e96de0, stub =0x0000012d12894d80
[2025-06-17T23:19:00.177+0300][13852][2928 ][debug][gc,heap  ] GC(16) Heap before GC invocations=17 (full 1):
[2025-06-17T23:19:00.177+0300][13852][2928 ][debug][gc,heap  ] GC(16)  PSYoungGen      total 686592K, used 675392K [0x00000000d5580000, 0x0000000100000000, 0x0000000100000000)
[2025-06-17T23:19:00.177+0300][13852][2928 ][debug][gc,heap  ] GC(16)   eden space 674816K, 100% used [0x00000000d5580000,0x00000000fe880000,0x00000000fe880000)
[2025-06-17T23:19:00.177+0300][13852][2928 ][debug][gc,heap  ] GC(16)   from space 11776K, 4% used [0x00000000fe880000,0x00000000fe9100a0,0x00000000ff400000)
[2025-06-17T23:19:00.177+0300][13852][2928 ][debug][gc,heap  ] GC(16)   to   space 11776K, 0% used [0x00000000ff480000,0x00000000ff480000,0x0000000100000000)
[2025-06-17T23:19:00.177+0300][13852][2928 ][debug][gc,heap  ] GC(16)  ParOldGen       total 1398272K, used 10599K [0x0000000080000000, 0x00000000d5580000, 0x00000000d5580000)
[2025-06-17T23:19:00.177+0300][13852][2928 ][debug][gc,heap  ] GC(16)   object space 1398272K, 0% used [0x0000000080000000,0x0000000080a59e30,0x00000000d5580000)
[2025-06-17T23:19:00.177+0300][13852][2928 ][debug][gc,heap  ] GC(16)  Metaspace       used 8981K, committed 9536K, reserved 1114112K
[2025-06-17T23:19:00.177+0300][13852][2928 ][debug][gc,heap  ] GC(16)   class space    used 975K, committed 1216K, reserved 1048576K
[2025-06-17T23:19:00.177+0300][13852][2928 ][debug][gc,phases] GC(16) Scavenge 0.304ms
[2025-06-17T23:19:00.177+0300][13852][2928 ][debug][gc,phases] GC(16) Reference Processing 0.037ms
[2025-06-17T23:19:00.177+0300][13852][2928 ][debug][gc,phases] GC(16)   VM Weak                        Min:  0.0, Avg:  0.0, Max:  0.0, Diff:  0.0, Sum:  0.0, Workers: 8
[2025-06-17T23:19:00.177+0300][13852][2928 ][debug][gc,phases] GC(16)     Dead                           Min: 0, Avg:  0.0, Max: 0, Diff: 0, Sum: 0, Workers: 8
[2025-06-17T23:19:00.177+0300][13852][2928 ][debug][gc,phases] GC(16)     Total                          Min: 0, Avg: 45.9, Max: 192, Diff: 192, Sum: 367, Workers: 8
[2025-06-17T23:19:00.177+0300][13852][2928 ][debug][gc,phases] GC(16)   ObjectSynchronizer Weak        Min:  0.0, Avg:  0.0, Max:  0.0, Diff:  0.0, Sum:  0.0, Workers: 8
[2025-06-17T23:19:00.177+0300][13852][2928 ][debug][gc,phases] GC(16)     Dead                           Min: 0, Avg:  0.0, Max: 0, Diff: 0, Sum: 0, Workers: 8
[2025-06-17T23:19:00.177+0300][13852][2928 ][debug][gc,phases] GC(16)     Total                          Min: 0, Avg: 16.1, Max: 65, Diff: 65, Sum: 129, Workers: 8
[2025-06-17T23:19:00.177+0300][13852][2928 ][debug][gc,phases] GC(16)   JVMTI Tag Weak OopStorage      Min:  0.0, Avg:  0.0, Max:  0.0, Diff:  0.0, Sum:  0.0, Workers: 8
[2025-06-17T23:19:00.177+0300][13852][2928 ][debug][gc,phases] GC(16)     Dead                           Min: 0, Avg:  0.0, Max: 0, Diff: 0, Sum: 0, Workers: 8
[2025-06-17T23:19:00.177+0300][13852][2928 ][debug][gc,phases] GC(16)     Total                          Min: 0, Avg:  0.0, Max: 0, Diff: 0, Sum: 0, Workers: 8
[2025-06-17T23:19:00.177+0300][13852][2928 ][debug][gc,phases] GC(16)   StringTable Weak               Min:  0.0, Avg:  0.0, Max:  0.0, Diff:  0.0, Sum:  0.0, Workers: 8
[2025-06-17T23:19:00.177+0300][13852][2928 ][debug][gc,phases] GC(16)     Dead                           Min: 0, Avg:  0.0, Max: 0, Diff: 0, Sum: 0, Workers: 8
[2025-06-17T23:19:00.177+0300][13852][2928 ][debug][gc,phases] GC(16)     Total                          Min: 0, Avg: 778.4, Max: 1088, Diff: 1088, Sum: 6227, Workers: 8
[2025-06-17T23:19:00.177+0300][13852][2928 ][debug][gc,phases] GC(16)   ResolvedMethodTable Weak       Min:  0.0, Avg:  0.0, Max:  0.0, Diff:  0.0, Sum:  0.0, Workers: 8
[2025-06-17T23:19:00.177+0300][13852][2928 ][debug][gc,phases] GC(16)     Dead                           Min: 0, Avg:  0.0, Max: 0, Diff: 0, Sum: 0, Workers: 8
[2025-06-17T23:19:00.177+0300][13852][2928 ][debug][gc,phases] GC(16)     Total                          Min: 0, Avg: 107.6, Max: 191, Diff: 191, Sum: 861, Workers: 8
[2025-06-17T23:19:00.177+0300][13852][2928 ][debug][gc,phases] GC(16)   JNI Weak                       Min:  0.0, Avg:  0.0, Max:  0.0, Diff:  0.0, Sum:  0.0, Workers: 8
[2025-06-17T23:19:00.177+0300][13852][2928 ][debug][gc,phases] GC(16)     Dead                           Min: 0, Avg:  0.0, Max: 0, Diff: 0, Sum: 0, Workers: 8
[2025-06-17T23:19:00.177+0300][13852][2928 ][debug][gc,phases] GC(16)     Total                          Min: 0, Avg:  0.0, Max: 0, Diff: 0, Sum: 0, Workers: 8
[2025-06-17T23:19:00.177+0300][13852][2928 ][debug][gc,phases] GC(16)   StringDedup Table Weak         Min:  0.0, Avg:  0.0, Max:  0.0, Diff:  0.0, Sum:  0.0, Workers: 8
[2025-06-17T23:19:00.177+0300][13852][2928 ][debug][gc,phases] GC(16)     Dead                           Min: 0, Avg:  0.0, Max: 0, Diff: 0, Sum: 0, Workers: 8
[2025-06-17T23:19:00.177+0300][13852][2928 ][debug][gc,phases] GC(16)     Total                          Min: 0, Avg:  0.0, Max: 0, Diff: 0, Sum: 0, Workers: 8
[2025-06-17T23:19:00.177+0300][13852][2928 ][debug][gc,phases] GC(16)   StringDedup Requests0 Weak     Min:  0.0, Avg:  0.0, Max:  0.0, Diff:  0.0, Sum:  0.0, Workers: 8
[2025-06-17T23:19:00.177+0300][13852][2928 ][debug][gc,phases] GC(16)     Dead                           Min: 0, Avg:  0.0, Max: 0, Diff: 0, Sum: 0, Workers: 8
[2025-06-17T23:19:00.177+0300][13852][2928 ][debug][gc,phases] GC(16)     Total                          Min: 0, Avg:  0.0, Max: 0, Diff: 0, Sum: 0, Workers: 8
[2025-06-17T23:19:00.177+0300][13852][2928 ][debug][gc,phases] GC(16)   StringDedup Requests1 Weak     Min:  0.0, Avg:  0.0, Max:  0.0, Diff:  0.0, Sum:  0.0, Workers: 8
[2025-06-17T23:19:00.177+0300][13852][2928 ][debug][gc,phases] GC(16)     Dead                           Min: 0, Avg:  0.0, Max: 0, Diff: 0, Sum: 0, Workers: 8
[2025-06-17T23:19:00.177+0300][13852][2928 ][debug][gc,phases] GC(16)     Total                          Min: 0, Avg:  0.0, Max: 0, Diff: 0, Sum: 0, Workers: 8
[2025-06-17T23:19:00.177+0300][13852][2928 ][debug][gc,phases] GC(16)   Weak JFR Old Object Samples    Min:  0.0, Avg:  0.0, Max:  0.0, Diff:  0.0, Sum:  0.0, Workers: 8
[2025-06-17T23:19:00.177+0300][13852][2928 ][debug][gc,phases] GC(16)     Dead                           Min: 0, Avg:  0.0, Max: 0, Diff: 0, Sum: 0, Workers: 8
[2025-06-17T23:19:00.177+0300][13852][2928 ][debug][gc,phases] GC(16)     Total                          Min: 0, Avg:  0.0, Max: 0, Diff: 0, Sum: 0, Workers: 8
[2025-06-17T23:19:00.177+0300][13852][2928 ][debug][gc,phases] GC(16) Weak Processing 0.500ms
[2025-06-17T23:19:00.177+0300][13852][2928 ][info ][gc,heap  ] GC(16) PSYoungGen: 675392K(686592K)->592K(687616K) Eden: 674816K(674816K)->0K(675840K) From: 576K(11776K)->592K(11776K)
[2025-06-17T23:19:00.177+0300][13852][2928 ][info ][gc,heap  ] GC(16) ParOldGen: 10599K(1398272K)->10655K(1398272K)
[2025-06-17T23:19:00.177+0300][13852][2928 ][info ][gc       ] GC(16) Pause Young (Allocation Failure) 669M->10M(2037M) 0.934ms
[2025-06-17T23:19:00.177+0300][13852][2928 ][debug][gc,heap  ] GC(16) Heap after GC invocations=17 (full 1):
[2025-06-17T23:19:00.177+0300][13852][2928 ][debug][gc,heap  ] GC(16)  PSYoungGen      total 687616K, used 592K [0x00000000d5580000, 0x0000000100000000, 0x0000000100000000)
[2025-06-17T23:19:00.177+0300][13852][2928 ][debug][gc,heap  ] GC(16)   eden space 675840K, 0% used [0x00000000d5580000,0x00000000d5580000,0x00000000fe980000)
[2025-06-17T23:19:00.177+0300][13852][2928 ][debug][gc,heap  ] GC(16)   from space 11776K, 5% used [0x00000000ff480000,0x00000000ff5140d0,0x0000000100000000)
[2025-06-17T23:19:00.177+0300][13852][2928 ][debug][gc,heap  ] GC(16)   to   space 11264K, 0% used [0x00000000fe980000,0x00000000fe980000,0x00000000ff480000)
[2025-06-17T23:19:00.177+0300][13852][2928 ][debug][gc,heap  ] GC(16)  ParOldGen       total 1398272K, used 10655K [0x0000000080000000, 0x00000000d5580000, 0x00000000d5580000)
[2025-06-17T23:19:00.177+0300][13852][2928 ][debug][gc,heap  ] GC(16)   object space 1398272K, 0% used [0x0000000080000000,0x0000000080a67e30,0x00000000d5580000)
[2025-06-17T23:19:00.177+0300][13852][2928 ][debug][gc,heap  ] GC(16)  Metaspace       used 8981K, committed 9536K, reserved 1114112K
[2025-06-17T23:19:00.177+0300][13852][2928 ][debug][gc,heap  ] GC(16)   class space    used 975K, committed 1216K, reserved 1048576K
[2025-06-17T23:19:00.177+0300][13852][2928 ][info ][safepoint] Safepoint "ParallelGCFailedAllocation", Time since last: 147085500 ns, Reaching safepoint: 261200 ns, Cleanup: 11100 ns, At safepoint: 1200800 ns, Total: 1473100 ns
[2025-06-17T23:19:00.321+0300][13852][2928 ][debug][safepoint] Safepoint synchronization initiated using striped semaphore wait barrier. (19 threads)
[2025-06-17T23:19:00.321+0300][13852][12624][debug][safepoint] ... found polling page loop exception at pc = 0x0000012d12e96de0, stub =0x0000012d12894d80
[2025-06-17T23:19:00.321+0300][13852][7180 ][debug][safepoint] ... found polling page loop exception at pc = 0x0000012d12ed1b38, stub =0x0000012d12894d80
[2025-06-17T23:19:00.321+0300][13852][7528 ][debug][safepoint] ... found polling page loop exception at pc = 0x0000012d12e96de0, stub =0x0000012d12894d80
[2025-06-17T23:19:00.321+0300][13852][2928 ][debug][gc,heap  ] GC(17) Heap before GC invocations=18 (full 1):
[2025-06-17T23:19:00.321+0300][13852][2928 ][debug][gc,heap  ] GC(17)  PSYoungGen      total 687616K, used 676432K [0x00000000d5580000, 0x0000000100000000, 0x0000000100000000)
[2025-06-17T23:19:00.321+0300][13852][2928 ][debug][gc,heap  ] GC(17)   eden space 675840K, 100% used [0x00000000d5580000,0x00000000fe980000,0x00000000fe980000)
[2025-06-17T23:19:00.321+0300][13852][2928 ][debug][gc,heap  ] GC(17)   from space 11776K, 5% used [0x00000000ff480000,0x00000000ff5140d0,0x0000000100000000)
[2025-06-17T23:19:00.321+0300][13852][2928 ][debug][gc,heap  ] GC(17)   to   space 11264K, 0% used [0x00000000fe980000,0x00000000fe980000,0x00000000ff480000)
[2025-06-17T23:19:00.321+0300][13852][2928 ][debug][gc,heap  ] GC(17)  ParOldGen       total 1398272K, used 10655K [0x0000000080000000, 0x00000000d5580000, 0x00000000d5580000)
[2025-06-17T23:19:00.321+0300][13852][2928 ][debug][gc,heap  ] GC(17)   object space 1398272K, 0% used [0x0000000080000000,0x0000000080a67e30,0x00000000d5580000)
[2025-06-17T23:19:00.322+0300][13852][2928 ][debug][gc,heap  ] GC(17)  Metaspace       used 8983K, committed 9536K, reserved 1114112K
[2025-06-17T23:19:00.322+0300][13852][2928 ][debug][gc,heap  ] GC(17)   class space    used 975K, committed 1216K, reserved 1048576K
[2025-06-17T23:19:00.322+0300][13852][2928 ][debug][gc,phases] GC(17) Scavenge 0.205ms
[2025-06-17T23:19:00.322+0300][13852][2928 ][debug][gc,phases] GC(17) Reference Processing 0.038ms
[2025-06-17T23:19:00.322+0300][13852][2928 ][debug][gc,phases] GC(17)   VM Weak                        Min:  0.0, Avg:  0.0, Max:  0.0, Diff:  0.0, Sum:  0.0, Workers: 8
[2025-06-17T23:19:00.322+0300][13852][2928 ][debug][gc,phases] GC(17)     Dead                           Min: 0, Avg:  0.0, Max: 0, Diff: 0, Sum: 0, Workers: 8
[2025-06-17T23:19:00.322+0300][13852][2928 ][debug][gc,phases] GC(17)     Total                          Min: 0, Avg: 45.9, Max: 367, Diff: 367, Sum: 367, Workers: 8
[2025-06-17T23:19:00.322+0300][13852][2928 ][debug][gc,phases] GC(17)   ObjectSynchronizer Weak        Min:  0.0, Avg:  0.0, Max:  0.0, Diff:  0.0, Sum:  0.0, Workers: 8
[2025-06-17T23:19:00.322+0300][13852][2928 ][debug][gc,phases] GC(17)     Dead                           Min: 0, Avg:  0.0, Max: 0, Diff: 0, Sum: 0, Workers: 8
[2025-06-17T23:19:00.322+0300][13852][2928 ][debug][gc,phases] GC(17)     Total                          Min: 0, Avg: 16.1, Max: 64, Diff: 64, Sum: 129, Workers: 8
[2025-06-17T23:19:00.322+0300][13852][2928 ][debug][gc,phases] GC(17)   JVMTI Tag Weak OopStorage      Min:  0.0, Avg:  0.0, Max:  0.0, Diff:  0.0, Sum:  0.0, Workers: 8
[2025-06-17T23:19:00.322+0300][13852][2928 ][debug][gc,phases] GC(17)     Dead                           Min: 0, Avg:  0.0, Max: 0, Diff: 0, Sum: 0, Workers: 8
[2025-06-17T23:19:00.322+0300][13852][2928 ][debug][gc,phases] GC(17)     Total                          Min: 0, Avg:  0.0, Max: 0, Diff: 0, Sum: 0, Workers: 8
[2025-06-17T23:19:00.322+0300][13852][2928 ][debug][gc,phases] GC(17)   StringTable Weak               Min:  0.0, Avg:  0.0, Max:  0.0, Diff:  0.0, Sum:  0.0, Workers: 8
[2025-06-17T23:19:00.322+0300][13852][2928 ][debug][gc,phases] GC(17)     Dead                           Min: 0, Avg:  0.0, Max: 0, Diff: 0, Sum: 0, Workers: 8
[2025-06-17T23:19:00.322+0300][13852][2928 ][debug][gc,phases] GC(17)     Total                          Min: 659, Avg: 778.4, Max: 896, Diff: 237, Sum: 6227, Workers: 8
[2025-06-17T23:19:00.322+0300][13852][2928 ][debug][gc,phases] GC(17)   ResolvedMethodTable Weak       Min:  0.0, Avg:  0.0, Max:  0.0, Diff:  0.0, Sum:  0.0, Workers: 8
[2025-06-17T23:19:00.322+0300][13852][2928 ][debug][gc,phases] GC(17)     Dead                           Min: 0, Avg:  0.0, Max: 0, Diff: 0, Sum: 0, Workers: 8
[2025-06-17T23:19:00.322+0300][13852][2928 ][debug][gc,phases] GC(17)     Total                          Min: 64, Avg: 107.6, Max: 191, Diff: 127, Sum: 861, Workers: 8
[2025-06-17T23:19:00.322+0300][13852][2928 ][debug][gc,phases] GC(17)   JNI Weak                       Min:  0.0, Avg:  0.0, Max:  0.0, Diff:  0.0, Sum:  0.0, Workers: 8
[2025-06-17T23:19:00.322+0300][13852][2928 ][debug][gc,phases] GC(17)     Dead                           Min: 0, Avg:  0.0, Max: 0, Diff: 0, Sum: 0, Workers: 8
[2025-06-17T23:19:00.322+0300][13852][2928 ][debug][gc,phases] GC(17)     Total                          Min: 0, Avg:  0.0, Max: 0, Diff: 0, Sum: 0, Workers: 8
[2025-06-17T23:19:00.322+0300][13852][2928 ][debug][gc,phases] GC(17)   StringDedup Table Weak         Min:  0.0, Avg:  0.0, Max:  0.0, Diff:  0.0, Sum:  0.0, Workers: 8
[2025-06-17T23:19:00.322+0300][13852][2928 ][debug][gc,phases] GC(17)     Dead                           Min: 0, Avg:  0.0, Max: 0, Diff: 0, Sum: 0, Workers: 8
[2025-06-17T23:19:00.322+0300][13852][2928 ][debug][gc,phases] GC(17)     Total                          Min: 0, Avg:  0.0, Max: 0, Diff: 0, Sum: 0, Workers: 8
[2025-06-17T23:19:00.322+0300][13852][2928 ][debug][gc,phases] GC(17)   StringDedup Requests0 Weak     Min:  0.0, Avg:  0.0, Max:  0.0, Diff:  0.0, Sum:  0.0, Workers: 8
[2025-06-17T23:19:00.322+0300][13852][2928 ][debug][gc,phases] GC(17)     Dead                           Min: 0, Avg:  0.0, Max: 0, Diff: 0, Sum: 0, Workers: 8
[2025-06-17T23:19:00.322+0300][13852][2928 ][debug][gc,phases] GC(17)     Total                          Min: 0, Avg:  0.0, Max: 0, Diff: 0, Sum: 0, Workers: 8
[2025-06-17T23:19:00.322+0300][13852][2928 ][debug][gc,phases] GC(17)   StringDedup Requests1 Weak     Min:  0.0, Avg:  0.0, Max:  0.0, Diff:  0.0, Sum:  0.0, Workers: 8
[2025-06-17T23:19:00.322+0300][13852][2928 ][debug][gc,phases] GC(17)     Dead                           Min: 0, Avg:  0.0, Max: 0, Diff: 0, Sum: 0, Workers: 8
[2025-06-17T23:19:00.322+0300][13852][2928 ][debug][gc,phases] GC(17)     Total                          Min: 0, Avg:  0.0, Max: 0, Diff: 0, Sum: 0, Workers: 8
[2025-06-17T23:19:00.322+0300][13852][2928 ][debug][gc,phases] GC(17)   Weak JFR Old Object Samples    Min:  0.0, Avg:  0.0, Max:  0.0, Diff:  0.0, Sum:  0.0, Workers: 8
[2025-06-17T23:19:00.322+0300][13852][2928 ][debug][gc,phases] GC(17)     Dead                           Min: 0, Avg:  0.0, Max: 0, Diff: 0, Sum: 0, Workers: 8
[2025-06-17T23:19:00.322+0300][13852][2928 ][debug][gc,phases] GC(17)     Total                          Min: 0, Avg:  0.0, Max: 0, Diff: 0, Sum: 0, Workers: 8
[2025-06-17T23:19:00.322+0300][13852][2928 ][debug][gc,phases] GC(17) Weak Processing 0.400ms
[2025-06-17T23:19:00.322+0300][13852][2928 ][info ][gc,heap  ] GC(17) PSYoungGen: 676432K(687616K)->528K(687104K) Eden: 675840K(675840K)->0K(675840K) From: 592K(11776K)->528K(11264K)
[2025-06-17T23:19:00.322+0300][13852][2928 ][info ][gc,heap  ] GC(17) ParOldGen: 10655K(1398272K)->10719K(1398272K)
[2025-06-17T23:19:00.322+0300][13852][2928 ][info ][gc       ] GC(17) Pause Young (Allocation Failure) 670M->10M(2036M) 0.753ms
[2025-06-17T23:19:00.322+0300][13852][2928 ][debug][gc,heap  ] GC(17) Heap after GC invocations=18 (full 1):
[2025-06-17T23:19:00.322+0300][13852][2928 ][debug][gc,heap  ] GC(17)  PSYoungGen      total 687104K, used 528K [0x00000000d5580000, 0x0000000100000000, 0x0000000100000000)
[2025-06-17T23:19:00.322+0300][13852][2928 ][debug][gc,heap  ] GC(17)   eden space 675840K, 0% used [0x00000000d5580000,0x00000000d5580000,0x00000000fe980000)
[2025-06-17T23:19:00.322+0300][13852][2928 ][debug][gc,heap  ] GC(17)   from space 11264K, 4% used [0x00000000fe980000,0x00000000fea040f0,0x00000000ff480000)
[2025-06-17T23:19:00.322+0300][13852][2928 ][debug][gc,heap  ] GC(17)   to   space 10752K, 0% used [0x00000000ff580000,0x00000000ff580000,0x0000000100000000)
[2025-06-17T23:19:00.322+0300][13852][2928 ][debug][gc,heap  ] GC(17)  ParOldGen       total 1398272K, used 10719K [0x0000000080000000, 0x00000000d5580000, 0x00000000d5580000)
[2025-06-17T23:19:00.322+0300][13852][2928 ][debug][gc,heap  ] GC(17)   object space 1398272K, 0% used [0x0000000080000000,0x0000000080a77e30,0x00000000d5580000)
[2025-06-17T23:19:00.322+0300][13852][2928 ][debug][gc,heap  ] GC(17)  Metaspace       used 8983K, committed 9536K, reserved 1114112K
[2025-06-17T23:19:00.322+0300][13852][2928 ][debug][gc,heap  ] GC(17)   class space    used 975K, committed 1216K, reserved 1048576K
[2025-06-17T23:19:00.322+0300][13852][2928 ][info ][safepoint] Safepoint "ParallelGCFailedAllocation", Time since last: 143139300 ns, Reaching safepoint: 184700 ns, Cleanup: 11400 ns, At safepoint: 1051700 ns, Total: 1247800 ns
[2025-06-17T23:19:00.461+0300][13852][2928 ][debug][safepoint] Safepoint synchronization initiated using striped semaphore wait barrier. (19 threads)
[2025-06-17T23:19:00.461+0300][13852][16580][debug][safepoint] ... found polling page loop exception at pc = 0x0000012d12e96de0, stub =0x0000012d12894d80
[2025-06-17T23:19:00.461+0300][13852][12624][debug][safepoint] ... found polling page loop exception at pc = 0x0000012d12e96de0, stub =0x0000012d12894d80
[2025-06-17T23:19:00.461+0300][13852][2928 ][debug][gc,heap  ] GC(18) Heap before GC invocations=19 (full 1):
[2025-06-17T23:19:00.461+0300][13852][2928 ][debug][gc,heap  ] GC(18)  PSYoungGen      total 687104K, used 676368K [0x00000000d5580000, 0x0000000100000000, 0x0000000100000000)
[2025-06-17T23:19:00.461+0300][13852][2928 ][debug][gc,heap  ] GC(18)   eden space 675840K, 100% used [0x00000000d5580000,0x00000000fe980000,0x00000000fe980000)
[2025-06-17T23:19:00.461+0300][13852][2928 ][debug][gc,heap  ] GC(18)   from space 11264K, 4% used [0x00000000fe980000,0x00000000fea040f0,0x00000000ff480000)
[2025-06-17T23:19:00.461+0300][13852][2928 ][debug][gc,heap  ] GC(18)   to   space 10752K, 0% used [0x00000000ff580000,0x00000000ff580000,0x0000000100000000)
[2025-06-17T23:19:00.461+0300][13852][2928 ][debug][gc,heap  ] GC(18)  ParOldGen       total 1398272K, used 10719K [0x0000000080000000, 0x00000000d5580000, 0x00000000d5580000)
[2025-06-17T23:19:00.461+0300][13852][2928 ][debug][gc,heap  ] GC(18)   object space 1398272K, 0% used [0x0000000080000000,0x0000000080a77e30,0x00000000d5580000)
[2025-06-17T23:19:00.461+0300][13852][2928 ][debug][gc,heap  ] GC(18)  Metaspace       used 8983K, committed 9536K, reserved 1114112K
[2025-06-17T23:19:00.461+0300][13852][2928 ][debug][gc,heap  ] GC(18)   class space    used 975K, committed 1216K, reserved 1048576K
[2025-06-17T23:19:00.461+0300][13852][2928 ][debug][gc,phases] GC(18) Scavenge 0.193ms
[2025-06-17T23:19:00.461+0300][13852][2928 ][debug][gc,phases] GC(18) Reference Processing 0.035ms
[2025-06-17T23:19:00.461+0300][13852][2928 ][debug][gc,phases] GC(18)   VM Weak                        Min:  0.0, Avg:  0.0, Max:  0.0, Diff:  0.0, Sum:  0.0, Workers: 8
[2025-06-17T23:19:00.461+0300][13852][2928 ][debug][gc,phases] GC(18)     Dead                           Min: 0, Avg:  0.0, Max: 0, Diff: 0, Sum: 0, Workers: 8
[2025-06-17T23:19:00.461+0300][13852][2928 ][debug][gc,phases] GC(18)     Total                          Min: 0, Avg: 45.9, Max: 367, Diff: 367, Sum: 367, Workers: 8
[2025-06-17T23:19:00.461+0300][13852][2928 ][debug][gc,phases] GC(18)   ObjectSynchronizer Weak        Min:  0.0, Avg:  0.0, Max:  0.0, Diff:  0.0, Sum:  0.0, Workers: 8
[2025-06-17T23:19:00.461+0300][13852][2928 ][debug][gc,phases] GC(18)     Dead                           Min: 0, Avg:  0.0, Max: 0, Diff: 0, Sum: 0, Workers: 8
[2025-06-17T23:19:00.461+0300][13852][2928 ][debug][gc,phases] GC(18)     Total                          Min: 0, Avg: 16.1, Max: 129, Diff: 129, Sum: 129, Workers: 8
[2025-06-17T23:19:00.461+0300][13852][2928 ][debug][gc,phases] GC(18)   JVMTI Tag Weak OopStorage      Min:  0.0, Avg:  0.0, Max:  0.0, Diff:  0.0, Sum:  0.0, Workers: 8
[2025-06-17T23:19:00.461+0300][13852][2928 ][debug][gc,phases] GC(18)     Dead                           Min: 0, Avg:  0.0, Max: 0, Diff: 0, Sum: 0, Workers: 8
[2025-06-17T23:19:00.461+0300][13852][2928 ][debug][gc,phases] GC(18)     Total                          Min: 0, Avg:  0.0, Max: 0, Diff: 0, Sum: 0, Workers: 8
[2025-06-17T23:19:00.461+0300][13852][2928 ][debug][gc,phases] GC(18)   StringTable Weak               Min:  0.0, Avg:  0.0, Max:  0.0, Diff:  0.0, Sum:  0.0, Workers: 8
[2025-06-17T23:19:00.461+0300][13852][2928 ][debug][gc,phases] GC(18)     Dead                           Min: 0, Avg:  0.0, Max: 0, Diff: 0, Sum: 0, Workers: 8
[2025-06-17T23:19:00.461+0300][13852][2928 ][debug][gc,phases] GC(18)     Total                          Min: 704, Avg: 778.4, Max: 851, Diff: 147, Sum: 6227, Workers: 8
[2025-06-17T23:19:00.461+0300][13852][2928 ][debug][gc,phases] GC(18)   ResolvedMethodTable Weak       Min:  0.0, Avg:  0.0, Max:  0.0, Diff:  0.0, Sum:  0.0, Workers: 8
[2025-06-17T23:19:00.461+0300][13852][2928 ][debug][gc,phases] GC(18)     Dead                           Min: 0, Avg:  0.0, Max: 0, Diff: 0, Sum: 0, Workers: 8
[2025-06-17T23:19:00.461+0300][13852][2928 ][debug][gc,phases] GC(18)     Total                          Min: 64, Avg: 107.6, Max: 191, Diff: 127, Sum: 861, Workers: 8
[2025-06-17T23:19:00.461+0300][13852][2928 ][debug][gc,phases] GC(18)   JNI Weak                       Min:  0.0, Avg:  0.0, Max:  0.0, Diff:  0.0, Sum:  0.0, Workers: 8
[2025-06-17T23:19:00.461+0300][13852][2928 ][debug][gc,phases] GC(18)     Dead                           Min: 0, Avg:  0.0, Max: 0, Diff: 0, Sum: 0, Workers: 8
[2025-06-17T23:19:00.461+0300][13852][2928 ][debug][gc,phases] GC(18)     Total                          Min: 0, Avg:  0.0, Max: 0, Diff: 0, Sum: 0, Workers: 8
[2025-06-17T23:19:00.461+0300][13852][2928 ][debug][gc,phases] GC(18)   StringDedup Table Weak         Min:  0.0, Avg:  0.0, Max:  0.0, Diff:  0.0, Sum:  0.0, Workers: 8
[2025-06-17T23:19:00.461+0300][13852][2928 ][debug][gc,phases] GC(18)     Dead                           Min: 0, Avg:  0.0, Max: 0, Diff: 0, Sum: 0, Workers: 8
[2025-06-17T23:19:00.461+0300][13852][2928 ][debug][gc,phases] GC(18)     Total                          Min: 0, Avg:  0.0, Max: 0, Diff: 0, Sum: 0, Workers: 8
[2025-06-17T23:19:00.461+0300][13852][2928 ][debug][gc,phases] GC(18)   StringDedup Requests0 Weak     Min:  0.0, Avg:  0.0, Max:  0.0, Diff:  0.0, Sum:  0.0, Workers: 8
[2025-06-17T23:19:00.461+0300][13852][2928 ][debug][gc,phases] GC(18)     Dead                           Min: 0, Avg:  0.0, Max: 0, Diff: 0, Sum: 0, Workers: 8
[2025-06-17T23:19:00.461+0300][13852][2928 ][debug][gc,phases] GC(18)     Total                          Min: 0, Avg:  0.0, Max: 0, Diff: 0, Sum: 0, Workers: 8
[2025-06-17T23:19:00.461+0300][13852][2928 ][debug][gc,phases] GC(18)   StringDedup Requests1 Weak     Min:  0.0, Avg:  0.0, Max:  0.0, Diff:  0.0, Sum:  0.0, Workers: 8
[2025-06-17T23:19:00.461+0300][13852][2928 ][debug][gc,phases] GC(18)     Dead                           Min: 0, Avg:  0.0, Max: 0, Diff: 0, Sum: 0, Workers: 8
[2025-06-17T23:19:00.461+0300][13852][2928 ][debug][gc,phases] GC(18)     Total                          Min: 0, Avg:  0.0, Max: 0, Diff: 0, Sum: 0, Workers: 8
[2025-06-17T23:19:00.461+0300][13852][2928 ][debug][gc,phases] GC(18)   Weak JFR Old Object Samples    Min:  0.0, Avg:  0.0, Max:  0.0, Diff:  0.0, Sum:  0.0, Workers: 8
[2025-06-17T23:19:00.461+0300][13852][2928 ][debug][gc,phases] GC(18)     Dead                           Min: 0, Avg:  0.0, Max: 0, Diff: 0, Sum: 0, Workers: 8
[2025-06-17T23:19:00.461+0300][13852][2928 ][debug][gc,phases] GC(18)     Total                          Min: 0, Avg:  0.0, Max: 0, Diff: 0, Sum: 0, Workers: 8
[2025-06-17T23:19:00.461+0300][13852][2928 ][debug][gc,phases] GC(18) Weak Processing 0.389ms
[2025-06-17T23:19:00.461+0300][13852][2928 ][info ][gc,heap  ] GC(18) PSYoungGen: 676368K(687104K)->464K(688640K) Eden: 675840K(675840K)->0K(677888K) From: 528K(11264K)->464K(10752K)
[2025-06-17T23:19:00.461+0300][13852][2928 ][info ][gc,heap  ] GC(18) ParOldGen: 10719K(1398272K)->10767K(1398272K)
[2025-06-17T23:19:00.461+0300][13852][2928 ][info ][gc       ] GC(18) Pause Young (Allocation Failure) 670M->10M(2038M) 0.707ms
[2025-06-17T23:19:00.461+0300][13852][2928 ][debug][gc,heap  ] GC(18) Heap after GC invocations=19 (full 1):
[2025-06-17T23:19:00.461+0300][13852][2928 ][debug][gc,heap  ] GC(18)  PSYoungGen      total 688640K, used 464K [0x00000000d5580000, 0x0000000100000000, 0x0000000100000000)
[2025-06-17T23:19:00.461+0300][13852][2928 ][debug][gc,heap  ] GC(18)   eden space 677888K, 0% used [0x00000000d5580000,0x00000000d5580000,0x00000000feb80000)
[2025-06-17T23:19:00.461+0300][13852][2928 ][debug][gc,heap  ] GC(18)   from space 10752K, 4% used [0x00000000ff580000,0x00000000ff5f40d0,0x0000000100000000)
[2025-06-17T23:19:00.461+0300][13852][2928 ][debug][gc,heap  ] GC(18)   to   space 10240K, 0% used [0x00000000feb80000,0x00000000feb80000,0x00000000ff580000)
[2025-06-17T23:19:00.461+0300][13852][2928 ][debug][gc,heap  ] GC(18)  ParOldGen       total 1398272K, used 10767K [0x0000000080000000, 0x00000000d5580000, 0x00000000d5580000)
[2025-06-17T23:19:00.461+0300][13852][2928 ][debug][gc,heap  ] GC(18)   object space 1398272K, 0% used [0x0000000080000000,0x0000000080a83e30,0x00000000d5580000)
[2025-06-17T23:19:00.461+0300][13852][2928 ][debug][gc,heap  ] GC(18)  Metaspace       used 8983K, committed 9536K, reserved 1114112K
[2025-06-17T23:19:00.461+0300][13852][2928 ][debug][gc,heap  ] GC(18)   class space    used 975K, committed 1216K, reserved 1048576K
[2025-06-17T23:19:00.461+0300][13852][2928 ][info ][safepoint] Safepoint "ParallelGCFailedAllocation", Time since last: 137556100 ns, Reaching safepoint: 163300 ns, Cleanup: 5800 ns, At safepoint: 1004000 ns, Total: 1173100 ns
[2025-06-17T23:19:00.591+0300][13852][2928 ][debug][safepoint] Safepoint synchronization initiated using striped semaphore wait barrier. (19 threads)
[2025-06-17T23:19:00.591+0300][13852][15144][debug][safepoint] ... found polling page loop exception at pc = 0x0000012d12e96de0, stub =0x0000012d12894d80
[2025-06-17T23:19:00.591+0300][13852][13388][debug][safepoint] ... found polling page loop exception at pc = 0x0000012d12e96de0, stub =0x0000012d12894d80
[2025-06-17T23:19:00.591+0300][13852][9760 ][debug][safepoint] ... found polling page loop exception at pc = 0x0000012d12e96de0, stub =0x0000012d12894d80
[2025-06-17T23:19:00.591+0300][13852][15124][debug][safepoint] ... found polling page loop exception at pc = 0x0000012d12e96de0, stub =0x0000012d12894d80
[2025-06-17T23:19:00.591+0300][13852][2928 ][debug][gc,heap  ] GC(19) Heap before GC invocations=20 (full 1):
[2025-06-17T23:19:00.591+0300][13852][2928 ][debug][gc,heap  ] GC(19)  PSYoungGen      total 688640K, used 678351K [0x00000000d5580000, 0x0000000100000000, 0x0000000100000000)
[2025-06-17T23:19:00.591+0300][13852][2928 ][debug][gc,heap  ] GC(19)   eden space 677888K, 99% used [0x00000000d5580000,0x00000000feb7fd50,0x00000000feb80000)
[2025-06-17T23:19:00.591+0300][13852][2928 ][debug][gc,heap  ] GC(19)   from space 10752K, 4% used [0x00000000ff580000,0x00000000ff5f40d0,0x0000000100000000)
[2025-06-17T23:19:00.591+0300][13852][2928 ][debug][gc,heap  ] GC(19)   to   space 10240K, 0% used [0x00000000feb80000,0x00000000feb80000,0x00000000ff580000)
[2025-06-17T23:19:00.591+0300][13852][2928 ][debug][gc,heap  ] GC(19)  ParOldGen       total 1398272K, used 10767K [0x0000000080000000, 0x00000000d5580000, 0x00000000d5580000)
[2025-06-17T23:19:00.591+0300][13852][2928 ][debug][gc,heap  ] GC(19)   object space 1398272K, 0% used [0x0000000080000000,0x0000000080a83e30,0x00000000d5580000)
[2025-06-17T23:19:00.591+0300][13852][2928 ][debug][gc,heap  ] GC(19)  Metaspace       used 8983K, committed 9536K, reserved 1114112K
[2025-06-17T23:19:00.591+0300][13852][2928 ][debug][gc,heap  ] GC(19)   class space    used 975K, committed 1216K, reserved 1048576K
[2025-06-17T23:19:00.591+0300][13852][2928 ][debug][gc,phases] GC(19) Scavenge 0.211ms
[2025-06-17T23:19:00.591+0300][13852][2928 ][debug][gc,phases] GC(19) Reference Processing 0.036ms
[2025-06-17T23:19:00.591+0300][13852][2928 ][debug][gc,phases] GC(19)   VM Weak                        Min:  0.0, Avg:  0.0, Max:  0.0, Diff:  0.0, Sum:  0.0, Workers: 8
[2025-06-17T23:19:00.591+0300][13852][2928 ][debug][gc,phases] GC(19)     Dead                           Min: 0, Avg:  0.0, Max: 0, Diff: 0, Sum: 0, Workers: 8
[2025-06-17T23:19:00.591+0300][13852][2928 ][debug][gc,phases] GC(19)     Total                          Min: 0, Avg: 45.9, Max: 256, Diff: 256, Sum: 367, Workers: 8
[2025-06-17T23:19:00.591+0300][13852][2928 ][debug][gc,phases] GC(19)   ObjectSynchronizer Weak        Min:  0.0, Avg:  0.0, Max:  0.0, Diff:  0.0, Sum:  0.0, Workers: 8
[2025-06-17T23:19:00.591+0300][13852][2928 ][debug][gc,phases] GC(19)     Dead                           Min: 0, Avg:  0.0, Max: 0, Diff: 0, Sum: 0, Workers: 8
[2025-06-17T23:19:00.591+0300][13852][2928 ][debug][gc,phases] GC(19)     Total                          Min: 0, Avg: 16.1, Max: 64, Diff: 64, Sum: 129, Workers: 8
[2025-06-17T23:19:00.591+0300][13852][2928 ][debug][gc,phases] GC(19)   JVMTI Tag Weak OopStorage      Min:  0.0, Avg:  0.0, Max:  0.0, Diff:  0.0, Sum:  0.0, Workers: 8
[2025-06-17T23:19:00.591+0300][13852][2928 ][debug][gc,phases] GC(19)     Dead                           Min: 0, Avg:  0.0, Max: 0, Diff: 0, Sum: 0, Workers: 8
[2025-06-17T23:19:00.591+0300][13852][2928 ][debug][gc,phases] GC(19)     Total                          Min: 0, Avg:  0.0, Max: 0, Diff: 0, Sum: 0, Workers: 8
[2025-06-17T23:19:00.591+0300][13852][2928 ][debug][gc,phases] GC(19)   StringTable Weak               Min:  0.0, Avg:  0.0, Max:  0.0, Diff:  0.0, Sum:  0.1, Workers: 8
[2025-06-17T23:19:00.591+0300][13852][2928 ][debug][gc,phases] GC(19)     Dead                           Min: 0, Avg:  0.0, Max: 0, Diff: 0, Sum: 0, Workers: 8
[2025-06-17T23:19:00.591+0300][13852][2928 ][debug][gc,phases] GC(19)     Total                          Min: 704, Avg: 778.4, Max: 896, Diff: 192, Sum: 6227, Workers: 8
[2025-06-17T23:19:00.591+0300][13852][2928 ][debug][gc,phases] GC(19)   ResolvedMethodTable Weak       Min:  0.0, Avg:  0.0, Max:  0.0, Diff:  0.0, Sum:  0.0, Workers: 8
[2025-06-17T23:19:00.591+0300][13852][2928 ][debug][gc,phases] GC(19)     Dead                           Min: 0, Avg:  0.0, Max: 0, Diff: 0, Sum: 0, Workers: 8
[2025-06-17T23:19:00.591+0300][13852][2928 ][debug][gc,phases] GC(19)     Total                          Min: 63, Avg: 107.6, Max: 128, Diff: 65, Sum: 861, Workers: 8
[2025-06-17T23:19:00.591+0300][13852][2928 ][debug][gc,phases] GC(19)   JNI Weak                       Min:  0.0, Avg:  0.0, Max:  0.0, Diff:  0.0, Sum:  0.0, Workers: 8
[2025-06-17T23:19:00.591+0300][13852][2928 ][debug][gc,phases] GC(19)     Dead                           Min: 0, Avg:  0.0, Max: 0, Diff: 0, Sum: 0, Workers: 8
[2025-06-17T23:19:00.591+0300][13852][2928 ][debug][gc,phases] GC(19)     Total                          Min: 0, Avg:  0.0, Max: 0, Diff: 0, Sum: 0, Workers: 8
[2025-06-17T23:19:00.591+0300][13852][2928 ][debug][gc,phases] GC(19)   StringDedup Table Weak         Min:  0.0, Avg:  0.0, Max:  0.0, Diff:  0.0, Sum:  0.0, Workers: 8
[2025-06-17T23:19:00.591+0300][13852][2928 ][debug][gc,phases] GC(19)     Dead                           Min: 0, Avg:  0.0, Max: 0, Diff: 0, Sum: 0, Workers: 8
[2025-06-17T23:19:00.591+0300][13852][2928 ][debug][gc,phases] GC(19)     Total                          Min: 0, Avg:  0.0, Max: 0, Diff: 0, Sum: 0, Workers: 8
[2025-06-17T23:19:00.591+0300][13852][2928 ][debug][gc,phases] GC(19)   StringDedup Requests0 Weak     Min:  0.0, Avg:  0.0, Max:  0.0, Diff:  0.0, Sum:  0.0, Workers: 8
[2025-06-17T23:19:00.591+0300][13852][2928 ][debug][gc,phases] GC(19)     Dead                           Min: 0, Avg:  0.0, Max: 0, Diff: 0, Sum: 0, Workers: 8
[2025-06-17T23:19:00.591+0300][13852][2928 ][debug][gc,phases] GC(19)     Total                          Min: 0, Avg:  0.0, Max: 0, Diff: 0, Sum: 0, Workers: 8
[2025-06-17T23:19:00.591+0300][13852][2928 ][debug][gc,phases] GC(19)   StringDedup Requests1 Weak     Min:  0.0, Avg:  0.0, Max:  0.0, Diff:  0.0, Sum:  0.0, Workers: 8
[2025-06-17T23:19:00.591+0300][13852][2928 ][debug][gc,phases] GC(19)     Dead                           Min: 0, Avg:  0.0, Max: 0, Diff: 0, Sum: 0, Workers: 8
[2025-06-17T23:19:00.591+0300][13852][2928 ][debug][gc,phases] GC(19)     Total                          Min: 0, Avg:  0.0, Max: 0, Diff: 0, Sum: 0, Workers: 8
[2025-06-17T23:19:00.591+0300][13852][2928 ][debug][gc,phases] GC(19)   Weak JFR Old Object Samples    Min:  0.0, Avg:  0.0, Max:  0.0, Diff:  0.0, Sum:  0.0, Workers: 8
[2025-06-17T23:19:00.591+0300][13852][2928 ][debug][gc,phases] GC(19)     Dead                           Min: 0, Avg:  0.0, Max: 0, Diff: 0, Sum: 0, Workers: 8
[2025-06-17T23:19:00.591+0300][13852][2928 ][debug][gc,phases] GC(19)     Total                          Min: 0, Avg:  0.0, Max: 0, Diff: 0, Sum: 0, Workers: 8
[2025-06-17T23:19:00.591+0300][13852][2928 ][debug][gc,phases] GC(19) Weak Processing 0.385ms
[2025-06-17T23:19:00.591+0300][13852][2928 ][info ][gc,heap  ] GC(19) PSYoungGen: 678351K(688640K)->544K(688128K) Eden: 677887K(677888K)->0K(677888K) From: 464K(10752K)->544K(10240K)
[2025-06-17T23:19:00.591+0300][13852][2928 ][info ][gc,heap  ] GC(19) ParOldGen: 10767K(1398272K)->10831K(1398272K)
[2025-06-17T23:19:00.591+0300][13852][2928 ][info ][gc       ] GC(19) Pause Young (Allocation Failure) 672M->11M(2037M) 0.725ms
[2025-06-17T23:19:00.591+0300][13852][2928 ][debug][gc,heap  ] GC(19) Heap after GC invocations=20 (full 1):
[2025-06-17T23:19:00.591+0300][13852][2928 ][debug][gc,heap  ] GC(19)  PSYoungGen      total 688128K, used 544K [0x00000000d5580000, 0x0000000100000000, 0x0000000100000000)
[2025-06-17T23:19:00.591+0300][13852][2928 ][debug][gc,heap  ] GC(19)   eden space 677888K, 0% used [0x00000000d5580000,0x00000000d5580000,0x00000000feb80000)
[2025-06-17T23:19:00.591+0300][13852][2928 ][debug][gc,heap  ] GC(19)   from space 10240K, 5% used [0x00000000feb80000,0x00000000fec080e0,0x00000000ff580000)
[2025-06-17T23:19:00.591+0300][13852][2928 ][debug][gc,heap  ] GC(19)   to   space 10240K, 0% used [0x00000000ff600000,0x00000000ff600000,0x0000000100000000)
[2025-06-17T23:19:00.591+0300][13852][2928 ][debug][gc,heap  ] GC(19)  ParOldGen       total 1398272K, used 10831K [0x0000000080000000, 0x00000000d5580000, 0x00000000d5580000)
[2025-06-17T23:19:00.591+0300][13852][2928 ][debug][gc,heap  ] GC(19)   object space 1398272K, 0% used [0x0000000080000000,0x0000000080a93e30,0x00000000d5580000)
[2025-06-17T23:19:00.591+0300][13852][2928 ][debug][gc,heap  ] GC(19)  Metaspace       used 8983K, committed 9536K, reserved 1114112K
[2025-06-17T23:19:00.591+0300][13852][2928 ][debug][gc,heap  ] GC(19)   class space    used 975K, committed 1216K, reserved 1048576K
[2025-06-17T23:19:00.591+0300][13852][2928 ][info ][safepoint] Safepoint "ParallelGCFailedAllocation", Time since last: 129857700 ns, Reaching safepoint: 268800 ns, Cleanup: 5200 ns, At safepoint: 991300 ns, Total: 1265300 ns
[2025-06-17T23:19:00.724+0300][13852][2928 ][debug][safepoint] Safepoint synchronization initiated using striped semaphore wait barrier. (19 threads)
[2025-06-17T23:19:00.724+0300][13852][7180 ][debug][safepoint] ... found polling page loop exception at pc = 0x0000012d12e96de0, stub =0x0000012d12894d80
[2025-06-17T23:19:00.724+0300][13852][9760 ][debug][safepoint] ... found polling page loop exception at pc = 0x0000012d12e96de0, stub =0x0000012d12894d80
[2025-06-17T23:19:00.724+0300][13852][16580][debug][safepoint] ... found polling page loop exception at pc = 0x0000012d12e96de0, stub =0x0000012d12894d80
[2025-06-17T23:19:00.724+0300][13852][13388][debug][safepoint] ... found polling page loop exception at pc = 0x0000012d12e96de0, stub =0x0000012d12894d80
[2025-06-17T23:19:00.724+0300][13852][2928 ][debug][gc,heap  ] GC(20) Heap before GC invocations=21 (full 1):
[2025-06-17T23:19:00.724+0300][13852][2928 ][debug][gc,heap  ] GC(20)  PSYoungGen      total 688128K, used 678432K [0x00000000d5580000, 0x0000000100000000, 0x0000000100000000)
[2025-06-17T23:19:00.724+0300][13852][2928 ][debug][gc,heap  ] GC(20)   eden space 677888K, 100% used [0x00000000d5580000,0x00000000feb80000,0x00000000feb80000)
[2025-06-17T23:19:00.724+0300][13852][2928 ][debug][gc,heap  ] GC(20)   from space 10240K, 5% used [0x00000000feb80000,0x00000000fec080e0,0x00000000ff580000)
[2025-06-17T23:19:00.724+0300][13852][2928 ][debug][gc,heap  ] GC(20)   to   space 10240K, 0% used [0x00000000ff600000,0x00000000ff600000,0x0000000100000000)
[2025-06-17T23:19:00.724+0300][13852][2928 ][debug][gc,heap  ] GC(20)  ParOldGen       total 1398272K, used 10831K [0x0000000080000000, 0x00000000d5580000, 0x00000000d5580000)
[2025-06-17T23:19:00.724+0300][13852][2928 ][debug][gc,heap  ] GC(20)   object space 1398272K, 0% used [0x0000000080000000,0x0000000080a93e30,0x00000000d5580000)
[2025-06-17T23:19:00.724+0300][13852][2928 ][debug][gc,heap  ] GC(20)  Metaspace       used 8983K, committed 9536K, reserved 1114112K
[2025-06-17T23:19:00.724+0300][13852][2928 ][debug][gc,heap  ] GC(20)   class space    used 975K, committed 1216K, reserved 1048576K
[2025-06-17T23:19:00.724+0300][13852][2928 ][debug][gc,phases] GC(20) Scavenge 0.143ms
[2025-06-17T23:19:00.724+0300][13852][2928 ][debug][gc,phases] GC(20) Reference Processing 0.035ms
[2025-06-17T23:19:00.724+0300][13852][2928 ][debug][gc,phases] GC(20)   VM Weak                        Min:  0.0, Avg:  0.0, Max:  0.0, Diff:  0.0, Sum:  0.0, Workers: 8
[2025-06-17T23:19:00.724+0300][13852][2928 ][debug][gc,phases] GC(20)     Dead                           Min: 0, Avg:  0.0, Max: 0, Diff: 0, Sum: 0, Workers: 8
[2025-06-17T23:19:00.724+0300][13852][2928 ][debug][gc,phases] GC(20)     Total                          Min: 0, Avg: 45.9, Max: 320, Diff: 320, Sum: 367, Workers: 8
[2025-06-17T23:19:00.724+0300][13852][2928 ][debug][gc,phases] GC(20)   ObjectSynchronizer Weak        Min:  0.0, Avg:  0.0, Max:  0.0, Diff:  0.0, Sum:  0.0, Workers: 8
[2025-06-17T23:19:00.724+0300][13852][2928 ][debug][gc,phases] GC(20)     Dead                           Min: 0, Avg:  0.0, Max: 0, Diff: 0, Sum: 0, Workers: 8
[2025-06-17T23:19:00.724+0300][13852][2928 ][debug][gc,phases] GC(20)     Total                          Min: 0, Avg: 16.1, Max: 64, Diff: 64, Sum: 129, Workers: 8
[2025-06-17T23:19:00.724+0300][13852][2928 ][debug][gc,phases] GC(20)   JVMTI Tag Weak OopStorage      Min:  0.0, Avg:  0.0, Max:  0.0, Diff:  0.0, Sum:  0.0, Workers: 8
[2025-06-17T23:19:00.724+0300][13852][2928 ][debug][gc,phases] GC(20)     Dead                           Min: 0, Avg:  0.0, Max: 0, Diff: 0, Sum: 0, Workers: 8
[2025-06-17T23:19:00.724+0300][13852][2928 ][debug][gc,phases] GC(20)     Total                          Min: 0, Avg:  0.0, Max: 0, Diff: 0, Sum: 0, Workers: 8
[2025-06-17T23:19:00.724+0300][13852][2928 ][debug][gc,phases] GC(20)   StringTable Weak               Min:  0.0, Avg:  0.0, Max:  0.0, Diff:  0.0, Sum:  0.0, Workers: 8
[2025-06-17T23:19:00.724+0300][13852][2928 ][debug][gc,phases] GC(20)     Dead                           Min: 0, Avg:  0.0, Max: 0, Diff: 0, Sum: 0, Workers: 8
[2025-06-17T23:19:00.724+0300][13852][2928 ][debug][gc,phases] GC(20)     Total                          Min: 659, Avg: 778.4, Max: 896, Diff: 237, Sum: 6227, Workers: 8
[2025-06-17T23:19:00.724+0300][13852][2928 ][debug][gc,phases] GC(20)   ResolvedMethodTable Weak       Min:  0.0, Avg:  0.0, Max:  0.0, Diff:  0.0, Sum:  0.0, Workers: 8
[2025-06-17T23:19:00.724+0300][13852][2928 ][debug][gc,phases] GC(20)     Dead                           Min: 0, Avg:  0.0, Max: 0, Diff: 0, Sum: 0, Workers: 8
[2025-06-17T23:19:00.724+0300][13852][2928 ][debug][gc,phases] GC(20)     Total                          Min: 30, Avg: 107.6, Max: 128, Diff: 98, Sum: 861, Workers: 8
[2025-06-17T23:19:00.724+0300][13852][2928 ][debug][gc,phases] GC(20)   JNI Weak                       Min:  0.0, Avg:  0.0, Max:  0.0, Diff:  0.0, Sum:  0.0, Workers: 8
[2025-06-17T23:19:00.724+0300][13852][2928 ][debug][gc,phases] GC(20)     Dead                           Min: 0, Avg:  0.0, Max: 0, Diff: 0, Sum: 0, Workers: 8
[2025-06-17T23:19:00.724+0300][13852][2928 ][debug][gc,phases] GC(20)     Total                          Min: 0, Avg:  0.0, Max: 0, Diff: 0, Sum: 0, Workers: 8
[2025-06-17T23:19:00.724+0300][13852][2928 ][debug][gc,phases] GC(20)   StringDedup Table Weak         Min:  0.0, Avg:  0.0, Max:  0.0, Diff:  0.0, Sum:  0.0, Workers: 8
[2025-06-17T23:19:00.724+0300][13852][2928 ][debug][gc,phases] GC(20)     Dead                           Min: 0, Avg:  0.0, Max: 0, Diff: 0, Sum: 0, Workers: 8
[2025-06-17T23:19:00.724+0300][13852][2928 ][debug][gc,phases] GC(20)     Total                          Min: 0, Avg:  0.0, Max: 0, Diff: 0, Sum: 0, Workers: 8
[2025-06-17T23:19:00.724+0300][13852][2928 ][debug][gc,phases] GC(20)   StringDedup Requests0 Weak     Min:  0.0, Avg:  0.0, Max:  0.0, Diff:  0.0, Sum:  0.0, Workers: 8
[2025-06-17T23:19:00.724+0300][13852][2928 ][debug][gc,phases] GC(20)     Dead                           Min: 0, Avg:  0.0, Max: 0, Diff: 0, Sum: 0, Workers: 8
[2025-06-17T23:19:00.724+0300][13852][2928 ][debug][gc,phases] GC(20)     Total                          Min: 0, Avg:  0.0, Max: 0, Diff: 0, Sum: 0, Workers: 8
[2025-06-17T23:19:00.724+0300][13852][2928 ][debug][gc,phases] GC(20)   StringDedup Requests1 Weak     Min:  0.0, Avg:  0.0, Max:  0.0, Diff:  0.0, Sum:  0.0, Workers: 8
[2025-06-17T23:19:00.724+0300][13852][2928 ][debug][gc,phases] GC(20)     Dead                           Min: 0, Avg:  0.0, Max: 0, Diff: 0, Sum: 0, Workers: 8
[2025-06-17T23:19:00.724+0300][13852][2928 ][debug][gc,phases] GC(20)     Total                          Min: 0, Avg:  0.0, Max: 0, Diff: 0, Sum: 0, Workers: 8
[2025-06-17T23:19:00.724+0300][13852][2928 ][debug][gc,phases] GC(20)   Weak JFR Old Object Samples    Min:  0.0, Avg:  0.0, Max:  0.0, Diff:  0.0, Sum:  0.0, Workers: 8
[2025-06-17T23:19:00.724+0300][13852][2928 ][debug][gc,phases] GC(20)     Dead                           Min: 0, Avg:  0.0, Max: 0, Diff: 0, Sum: 0, Workers: 8
[2025-06-17T23:19:00.724+0300][13852][2928 ][debug][gc,phases] GC(20)     Total                          Min: 0, Avg:  0.0, Max: 0, Diff: 0, Sum: 0, Workers: 8
[2025-06-17T23:19:00.724+0300][13852][2928 ][debug][gc,phases] GC(20) Weak Processing 0.388ms
[2025-06-17T23:19:00.724+0300][13852][2928 ][info ][gc,heap  ] GC(20) PSYoungGen: 678432K(688128K)->544K(689152K) Eden: 677888K(677888K)->0K(678912K) From: 544K(10240K)->544K(10240K)
[2025-06-17T23:19:00.724+0300][13852][2928 ][info ][gc,heap  ] GC(20) ParOldGen: 10831K(1398272K)->10895K(1398272K)
[2025-06-17T23:19:00.724+0300][13852][2928 ][info ][gc       ] GC(20) Pause Young (Allocation Failure) 673M->11M(2038M) 0.660ms
[2025-06-17T23:19:00.724+0300][13852][2928 ][debug][gc,heap  ] GC(20) Heap after GC invocations=21 (full 1):
[2025-06-17T23:19:00.724+0300][13852][2928 ][debug][gc,heap  ] GC(20)  PSYoungGen      total 689152K, used 544K [0x00000000d5580000, 0x0000000100000000, 0x0000000100000000)
[2025-06-17T23:19:00.724+0300][13852][2928 ][debug][gc,heap  ] GC(20)   eden space 678912K, 0% used [0x00000000d5580000,0x00000000d5580000,0x00000000fec80000)
[2025-06-17T23:19:00.724+0300][13852][2928 ][debug][gc,heap  ] GC(20)   from space 10240K, 5% used [0x00000000ff600000,0x00000000ff6880c0,0x0000000100000000)
[2025-06-17T23:19:00.724+0300][13852][2928 ][debug][gc,heap  ] GC(20)   to   space 9728K, 0% used [0x00000000fec80000,0x00000000fec80000,0x00000000ff600000)
[2025-06-17T23:19:00.724+0300][13852][2928 ][debug][gc,heap  ] GC(20)  ParOldGen       total 1398272K, used 10895K [0x0000000080000000, 0x00000000d5580000, 0x00000000d5580000)
[2025-06-17T23:19:00.724+0300][13852][2928 ][debug][gc,heap  ] GC(20)   object space 1398272K, 0% used [0x0000000080000000,0x0000000080aa3e30,0x00000000d5580000)
[2025-06-17T23:19:00.724+0300][13852][2928 ][debug][gc,heap  ] GC(20)  Metaspace       used 8983K, committed 9536K, reserved 1114112K
[2025-06-17T23:19:00.724+0300][13852][2928 ][debug][gc,heap  ] GC(20)   class space    used 975K, committed 1216K, reserved 1048576K
[2025-06-17T23:19:00.724+0300][13852][2928 ][info ][safepoint] Safepoint "ParallelGCFailedAllocation", Time since last: 131068700 ns, Reaching safepoint: 239600 ns, Cleanup: 12900 ns, At safepoint: 921600 ns, Total: 1174100 ns
[2025-06-17T23:19:00.880+0300][13852][2928 ][debug][safepoint] Safepoint synchronization initiated using striped semaphore wait barrier. (19 threads)
[2025-06-17T23:19:00.880+0300][13852][15144][debug][safepoint] ... found polling page loop exception at pc = 0x0000012d12e96de0, stub =0x0000012d12894d80
[2025-06-17T23:19:00.880+0300][13852][16580][debug][safepoint] ... found polling page loop exception at pc = 0x0000012d12e96de0, stub =0x0000012d12894d80
[2025-06-17T23:19:00.880+0300][13852][12624][debug][safepoint] ... found polling page loop exception at pc = 0x0000012d12e96de0, stub =0x0000012d12894d80
[2025-06-17T23:19:00.880+0300][13852][7180 ][debug][safepoint] ... found polling page loop exception at pc = 0x0000012d12ed1b38, stub =0x0000012d12894d80
[2025-06-17T23:19:00.880+0300][13852][2928 ][debug][gc,heap  ] GC(21) Heap before GC invocations=22 (full 1):
[2025-06-17T23:19:00.880+0300][13852][2928 ][debug][gc,heap  ] GC(21)  PSYoungGen      total 689152K, used 679456K [0x00000000d5580000, 0x0000000100000000, 0x0000000100000000)
[2025-06-17T23:19:00.880+0300][13852][2928 ][debug][gc,heap  ] GC(21)   eden space 678912K, 100% used [0x00000000d5580000,0x00000000fec80000,0x00000000fec80000)
[2025-06-17T23:19:00.880+0300][13852][2928 ][debug][gc,heap  ] GC(21)   from space 10240K, 5% used [0x00000000ff600000,0x00000000ff6880c0,0x0000000100000000)
[2025-06-17T23:19:00.880+0300][13852][2928 ][debug][gc,heap  ] GC(21)   to   space 9728K, 0% used [0x00000000fec80000,0x00000000fec80000,0x00000000ff600000)
[2025-06-17T23:19:00.880+0300][13852][2928 ][debug][gc,heap  ] GC(21)  ParOldGen       total 1398272K, used 10895K [0x0000000080000000, 0x00000000d5580000, 0x00000000d5580000)
[2025-06-17T23:19:00.880+0300][13852][2928 ][debug][gc,heap  ] GC(21)   object space 1398272K, 0% used [0x0000000080000000,0x0000000080aa3e30,0x00000000d5580000)
[2025-06-17T23:19:00.880+0300][13852][2928 ][debug][gc,heap  ] GC(21)  Metaspace       used 8983K, committed 9536K, reserved 1114112K
[2025-06-17T23:19:00.880+0300][13852][2928 ][debug][gc,heap  ] GC(21)   class space    used 975K, committed 1216K, reserved 1048576K
[2025-06-17T23:19:00.880+0300][13852][2928 ][debug][gc,phases] GC(21) Scavenge 0.311ms
[2025-06-17T23:19:00.880+0300][13852][2928 ][debug][gc,phases] GC(21) Reference Processing 0.046ms
[2025-06-17T23:19:00.880+0300][13852][2928 ][debug][gc,phases] GC(21)   VM Weak                        Min:  0.0, Avg:  0.0, Max:  0.0, Diff:  0.0, Sum:  0.0, Workers: 8
[2025-06-17T23:19:00.880+0300][13852][2928 ][debug][gc,phases] GC(21)     Dead                           Min: 0, Avg:  0.0, Max: 0, Diff: 0, Sum: 0, Workers: 8
[2025-06-17T23:19:00.880+0300][13852][2928 ][debug][gc,phases] GC(21)     Total                          Min: 0, Avg: 45.9, Max: 367, Diff: 367, Sum: 367, Workers: 8
[2025-06-17T23:19:00.880+0300][13852][2928 ][debug][gc,phases] GC(21)   ObjectSynchronizer Weak        Min:  0.0, Avg:  0.0, Max:  0.0, Diff:  0.0, Sum:  0.0, Workers: 8
[2025-06-17T23:19:00.880+0300][13852][2928 ][debug][gc,phases] GC(21)     Dead                           Min: 0, Avg:  0.0, Max: 0, Diff: 0, Sum: 0, Workers: 8
[2025-06-17T23:19:00.880+0300][13852][2928 ][debug][gc,phases] GC(21)     Total                          Min: 0, Avg: 16.1, Max: 129, Diff: 129, Sum: 129, Workers: 8
[2025-06-17T23:19:00.880+0300][13852][2928 ][debug][gc,phases] GC(21)   JVMTI Tag Weak OopStorage      Min:  0.0, Avg:  0.0, Max:  0.0, Diff:  0.0, Sum:  0.0, Workers: 8
[2025-06-17T23:19:00.880+0300][13852][2928 ][debug][gc,phases] GC(21)     Dead                           Min: 0, Avg:  0.0, Max: 0, Diff: 0, Sum: 0, Workers: 8
[2025-06-17T23:19:00.880+0300][13852][2928 ][debug][gc,phases] GC(21)     Total                          Min: 0, Avg:  0.0, Max: 0, Diff: 0, Sum: 0, Workers: 8
[2025-06-17T23:19:00.880+0300][13852][2928 ][debug][gc,phases] GC(21)   StringTable Weak               Min:  0.0, Avg:  0.0, Max:  0.0, Diff:  0.0, Sum:  0.1, Workers: 8
[2025-06-17T23:19:00.880+0300][13852][2928 ][debug][gc,phases] GC(21)     Dead                           Min: 0, Avg:  0.0, Max: 0, Diff: 0, Sum: 0, Workers: 8
[2025-06-17T23:19:00.880+0300][13852][2928 ][debug][gc,phases] GC(21)     Total                          Min: 0, Avg: 778.4, Max: 960, Diff: 960, Sum: 6227, Workers: 8
[2025-06-17T23:19:00.880+0300][13852][2928 ][debug][gc,phases] GC(21)   ResolvedMethodTable Weak       Min:  0.0, Avg:  0.0, Max:  0.0, Diff:  0.0, Sum:  0.0, Workers: 8
[2025-06-17T23:19:00.880+0300][13852][2928 ][debug][gc,phases] GC(21)     Dead                           Min: 0, Avg:  0.0, Max: 0, Diff: 0, Sum: 0, Workers: 8
[2025-06-17T23:19:00.880+0300][13852][2928 ][debug][gc,phases] GC(21)     Total                          Min: 0, Avg: 107.6, Max: 191, Diff: 191, Sum: 861, Workers: 8
[2025-06-17T23:19:00.880+0300][13852][2928 ][debug][gc,phases] GC(21)   JNI Weak                       Min:  0.0, Avg:  0.0, Max:  0.0, Diff:  0.0, Sum:  0.0, Workers: 8
[2025-06-17T23:19:00.880+0300][13852][2928 ][debug][gc,phases] GC(21)     Dead                           Min: 0, Avg:  0.0, Max: 0, Diff: 0, Sum: 0, Workers: 8
[2025-06-17T23:19:00.880+0300][13852][2928 ][debug][gc,phases] GC(21)     Total                          Min: 0, Avg:  0.0, Max: 0, Diff: 0, Sum: 0, Workers: 8
[2025-06-17T23:19:00.880+0300][13852][2928 ][debug][gc,phases] GC(21)   StringDedup Table Weak         Min:  0.0, Avg:  0.0, Max:  0.0, Diff:  0.0, Sum:  0.0, Workers: 8
[2025-06-17T23:19:00.880+0300][13852][2928 ][debug][gc,phases] GC(21)     Dead                           Min: 0, Avg:  0.0, Max: 0, Diff: 0, Sum: 0, Workers: 8
[2025-06-17T23:19:00.880+0300][13852][2928 ][debug][gc,phases] GC(21)     Total                          Min: 0, Avg:  0.0, Max: 0, Diff: 0, Sum: 0, Workers: 8
[2025-06-17T23:19:00.880+0300][13852][2928 ][debug][gc,phases] GC(21)   StringDedup Requests0 Weak     Min:  0.0, Avg:  0.0, Max:  0.0, Diff:  0.0, Sum:  0.0, Workers: 8
[2025-06-17T23:19:00.880+0300][13852][2928 ][debug][gc,phases] GC(21)     Dead                           Min: 0, Avg:  0.0, Max: 0, Diff: 0, Sum: 0, Workers: 8
[2025-06-17T23:19:00.880+0300][13852][2928 ][debug][gc,phases] GC(21)     Total                          Min: 0, Avg:  0.0, Max: 0, Diff: 0, Sum: 0, Workers: 8
[2025-06-17T23:19:00.880+0300][13852][2928 ][debug][gc,phases] GC(21)   StringDedup Requests1 Weak     Min:  0.0, Avg:  0.0, Max:  0.0, Diff:  0.0, Sum:  0.0, Workers: 8
[2025-06-17T23:19:00.880+0300][13852][2928 ][debug][gc,phases] GC(21)     Dead                           Min: 0, Avg:  0.0, Max: 0, Diff: 0, Sum: 0, Workers: 8
[2025-06-17T23:19:00.880+0300][13852][2928 ][debug][gc,phases] GC(21)     Total                          Min: 0, Avg:  0.0, Max: 0, Diff: 0, Sum: 0, Workers: 8
[2025-06-17T23:19:00.880+0300][13852][2928 ][debug][gc,phases] GC(21)   Weak JFR Old Object Samples    Min:  0.0, Avg:  0.0, Max:  0.0, Diff:  0.0, Sum:  0.0, Workers: 8
[2025-06-17T23:19:00.880+0300][13852][2928 ][debug][gc,phases] GC(21)     Dead                           Min: 0, Avg:  0.0, Max: 0, Diff: 0, Sum: 0, Workers: 8
[2025-06-17T23:19:00.880+0300][13852][2928 ][debug][gc,phases] GC(21)     Total                          Min: 0, Avg:  0.0, Max: 0, Diff: 0, Sum: 0, Workers: 8
[2025-06-17T23:19:00.880+0300][13852][2928 ][debug][gc,phases] GC(21) Weak Processing 0.485ms
[2025-06-17T23:19:00.880+0300][13852][2928 ][info ][gc,heap  ] GC(21) PSYoungGen: 679456K(689152K)->576K(688640K) Eden: 678912K(678912K)->0K(678912K) From: 544K(10240K)->576K(9728K)
[2025-06-17T23:19:00.880+0300][13852][2928 ][info ][gc,heap  ] GC(21) ParOldGen: 10895K(1398272K)->10959K(1398272K)
[2025-06-17T23:19:00.880+0300][13852][2928 ][info ][gc       ] GC(21) Pause Young (Allocation Failure) 674M->11M(2038M) 0.950ms
[2025-06-17T23:19:00.880+0300][13852][2928 ][debug][gc,heap  ] GC(21) Heap after GC invocations=22 (full 1):
[2025-06-17T23:19:00.880+0300][13852][2928 ][debug][gc,heap  ] GC(21)  PSYoungGen      total 688640K, used 576K [0x00000000d5580000, 0x0000000100000000, 0x0000000100000000)
[2025-06-17T23:19:00.880+0300][13852][2928 ][debug][gc,heap  ] GC(21)   eden space 678912K, 0% used [0x00000000d5580000,0x00000000d5580000,0x00000000fec80000)
[2025-06-17T23:19:00.880+0300][13852][2928 ][debug][gc,heap  ] GC(21)   from space 9728K, 5% used [0x00000000fec80000,0x00000000fed10080,0x00000000ff600000)
[2025-06-17T23:19:00.880+0300][13852][2928 ][debug][gc,heap  ] GC(21)   to   space 9216K, 0% used [0x00000000ff700000,0x00000000ff700000,0x0000000100000000)
[2025-06-17T23:19:00.880+0300][13852][2928 ][debug][gc,heap  ] GC(21)  ParOldGen       total 1398272K, used 10959K [0x0000000080000000, 0x00000000d5580000, 0x00000000d5580000)
[2025-06-17T23:19:00.880+0300][13852][2928 ][debug][gc,heap  ] GC(21)   object space 1398272K, 0% used [0x0000000080000000,0x0000000080ab3e30,0x00000000d5580000)
[2025-06-17T23:19:00.880+0300][13852][2928 ][debug][gc,heap  ] GC(21)  Metaspace       used 8983K, committed 9536K, reserved 1114112K
[2025-06-17T23:19:00.880+0300][13852][2928 ][debug][gc,heap  ] GC(21)   class space    used 975K, committed 1216K, reserved 1048576K
[2025-06-17T23:19:00.880+0300][13852][2928 ][info ][safepoint] Safepoint "ParallelGCFailedAllocation", Time since last: 155408900 ns, Reaching safepoint: 317400 ns, Cleanup: 12000 ns, At safepoint: 1251900 ns, Total: 1581300 ns
[2025-06-17T23:19:01.028+0300][13852][2928 ][debug][safepoint] Safepoint synchronization initiated using striped semaphore wait barrier. (19 threads)
[2025-06-17T23:19:01.028+0300][13852][15124][debug][safepoint] ... found polling page loop exception at pc = 0x0000012d12e96de0, stub =0x0000012d12894d80
[2025-06-17T23:19:01.028+0300][13852][9760 ][debug][safepoint] ... found polling page loop exception at pc = 0x0000012d12e96de0, stub =0x0000012d12894d80
[2025-06-17T23:19:01.028+0300][13852][7180 ][debug][safepoint] ... found polling page loop exception at pc = 0x0000012d12e96de0, stub =0x0000012d12894d80
[2025-06-17T23:19:01.028+0300][13852][13388][debug][safepoint] ... found polling page loop exception at pc = 0x0000012d12e96de0, stub =0x0000012d12894d80
[2025-06-17T23:19:01.028+0300][13852][16580][debug][safepoint] ... found polling page loop exception at pc = 0x0000012d12f02756, stub =0x0000012d12895600
[2025-06-17T23:19:01.028+0300][13852][2928 ][debug][gc,heap  ] GC(22) Heap before GC invocations=23 (full 1):
[2025-06-17T23:19:01.028+0300][13852][2928 ][debug][gc,heap  ] GC(22)  PSYoungGen      total 688640K, used 679488K [0x00000000d5580000, 0x0000000100000000, 0x0000000100000000)
[2025-06-17T23:19:01.028+0300][13852][2928 ][debug][gc,heap  ] GC(22)   eden space 678912K, 100% used [0x00000000d5580000,0x00000000fec80000,0x00000000fec80000)
[2025-06-17T23:19:01.028+0300][13852][2928 ][debug][gc,heap  ] GC(22)   from space 9728K, 5% used [0x00000000fec80000,0x00000000fed10080,0x00000000ff600000)
[2025-06-17T23:19:01.028+0300][13852][2928 ][debug][gc,heap  ] GC(22)   to   space 9216K, 0% used [0x00000000ff700000,0x00000000ff700000,0x0000000100000000)
[2025-06-17T23:19:01.028+0300][13852][2928 ][debug][gc,heap  ] GC(22)  ParOldGen       total 1398272K, used 10959K [0x0000000080000000, 0x00000000d5580000, 0x00000000d5580000)
[2025-06-17T23:19:01.028+0300][13852][2928 ][debug][gc,heap  ] GC(22)   object space 1398272K, 0% used [0x0000000080000000,0x0000000080ab3e30,0x00000000d5580000)
[2025-06-17T23:19:01.028+0300][13852][2928 ][debug][gc,heap  ] GC(22)  Metaspace       used 8983K, committed 9536K, reserved 1114112K
[2025-06-17T23:19:01.028+0300][13852][2928 ][debug][gc,heap  ] GC(22)   class space    used 975K, committed 1216K, reserved 1048576K
[2025-06-17T23:19:01.030+0300][13852][2928 ][debug][gc,phases] GC(22) Scavenge 0.312ms
[2025-06-17T23:19:01.030+0300][13852][2928 ][debug][gc,phases] GC(22) Reference Processing 0.041ms
[2025-06-17T23:19:01.030+0300][13852][2928 ][debug][gc,phases] GC(22)   VM Weak                        Min:  0.0, Avg:  0.0, Max:  0.0, Diff:  0.0, Sum:  0.0, Workers: 8
[2025-06-17T23:19:01.030+0300][13852][2928 ][debug][gc,phases] GC(22)     Dead                           Min: 0, Avg:  0.0, Max: 0, Diff: 0, Sum: 0, Workers: 8
[2025-06-17T23:19:01.030+0300][13852][2928 ][debug][gc,phases] GC(22)     Total                          Min: 0, Avg: 45.9, Max: 128, Diff: 128, Sum: 367, Workers: 8
[2025-06-17T23:19:01.030+0300][13852][2928 ][debug][gc,phases] GC(22)   ObjectSynchronizer Weak        Min:  0.0, Avg:  0.0, Max:  0.0, Diff:  0.0, Sum:  0.0, Workers: 8
[2025-06-17T23:19:01.030+0300][13852][2928 ][debug][gc,phases] GC(22)     Dead                           Min: 0, Avg:  0.0, Max: 0, Diff: 0, Sum: 0, Workers: 8
[2025-06-17T23:19:01.030+0300][13852][2928 ][debug][gc,phases] GC(22)     Total                          Min: 0, Avg: 16.1, Max: 64, Diff: 64, Sum: 129, Workers: 8
[2025-06-17T23:19:01.030+0300][13852][2928 ][debug][gc,phases] GC(22)   JVMTI Tag Weak OopStorage      Min:  0.0, Avg:  0.0, Max:  0.0, Diff:  0.0, Sum:  0.0, Workers: 8
[2025-06-17T23:19:01.030+0300][13852][2928 ][debug][gc,phases] GC(22)     Dead                           Min: 0, Avg:  0.0, Max: 0, Diff: 0, Sum: 0, Workers: 8
[2025-06-17T23:19:01.030+0300][13852][2928 ][debug][gc,phases] GC(22)     Total                          Min: 0, Avg:  0.0, Max: 0, Diff: 0, Sum: 0, Workers: 8
[2025-06-17T23:19:01.030+0300][13852][2928 ][debug][gc,phases] GC(22)   StringTable Weak               Min:  0.0, Avg:  0.0, Max:  0.0, Diff:  0.0, Sum:  0.0, Workers: 8
[2025-06-17T23:19:01.030+0300][13852][2928 ][debug][gc,phases] GC(22)     Dead                           Min: 0, Avg:  0.0, Max: 0, Diff: 0, Sum: 0, Workers: 8
[2025-06-17T23:19:01.030+0300][13852][2928 ][debug][gc,phases] GC(22)     Total                          Min: 0, Avg: 778.4, Max: 1216, Diff: 1216, Sum: 6227, Workers: 8
[2025-06-17T23:19:01.030+0300][13852][2928 ][debug][gc,phases] GC(22)   ResolvedMethodTable Weak       Min:  0.0, Avg:  0.0, Max:  0.0, Diff:  0.0, Sum:  0.0, Workers: 8
[2025-06-17T23:19:01.030+0300][13852][2928 ][debug][gc,phases] GC(22)     Dead                           Min: 0, Avg:  0.0, Max: 0, Diff: 0, Sum: 0, Workers: 8
[2025-06-17T23:19:01.030+0300][13852][2928 ][debug][gc,phases] GC(22)     Total                          Min: 0, Avg: 107.6, Max: 158, Diff: 158, Sum: 861, Workers: 8
[2025-06-17T23:19:01.030+0300][13852][2928 ][debug][gc,phases] GC(22)   JNI Weak                       Min:  0.0, Avg:  0.0, Max:  0.0, Diff:  0.0, Sum:  0.0, Workers: 8
[2025-06-17T23:19:01.030+0300][13852][2928 ][debug][gc,phases] GC(22)     Dead                           Min: 0, Avg:  0.0, Max: 0, Diff: 0, Sum: 0, Workers: 8
[2025-06-17T23:19:01.030+0300][13852][2928 ][debug][gc,phases] GC(22)     Total                          Min: 0, Avg:  0.0, Max: 0, Diff: 0, Sum: 0, Workers: 8
[2025-06-17T23:19:01.030+0300][13852][2928 ][debug][gc,phases] GC(22)   StringDedup Table Weak         Min:  0.0, Avg:  0.0, Max:  0.0, Diff:  0.0, Sum:  0.0, Workers: 8
[2025-06-17T23:19:01.030+0300][13852][2928 ][debug][gc,phases] GC(22)     Dead                           Min: 0, Avg:  0.0, Max: 0, Diff: 0, Sum: 0, Workers: 8
[2025-06-17T23:19:01.030+0300][13852][2928 ][debug][gc,phases] GC(22)     Total                          Min: 0, Avg:  0.0, Max: 0, Diff: 0, Sum: 0, Workers: 8
[2025-06-17T23:19:01.030+0300][13852][2928 ][debug][gc,phases] GC(22)   StringDedup Requests0 Weak     Min:  0.0, Avg:  0.0, Max:  0.0, Diff:  0.0, Sum:  0.0, Workers: 8
[2025-06-17T23:19:01.030+0300][13852][2928 ][debug][gc,phases] GC(22)     Dead                           Min: 0, Avg:  0.0, Max: 0, Diff: 0, Sum: 0, Workers: 8
[2025-06-17T23:19:01.030+0300][13852][2928 ][debug][gc,phases] GC(22)     Total                          Min: 0, Avg:  0.0, Max: 0, Diff: 0, Sum: 0, Workers: 8
[2025-06-17T23:19:01.030+0300][13852][2928 ][debug][gc,phases] GC(22)   StringDedup Requests1 Weak     Min:  0.0, Avg:  0.0, Max:  0.0, Diff:  0.0, Sum:  0.0, Workers: 8
[2025-06-17T23:19:01.030+0300][13852][2928 ][debug][gc,phases] GC(22)     Dead                           Min: 0, Avg:  0.0, Max: 0, Diff: 0, Sum: 0, Workers: 8
[2025-06-17T23:19:01.030+0300][13852][2928 ][debug][gc,phases] GC(22)     Total                          Min: 0, Avg:  0.0, Max: 0, Diff: 0, Sum: 0, Workers: 8
[2025-06-17T23:19:01.030+0300][13852][2928 ][debug][gc,phases] GC(22)   Weak JFR Old Object Samples    Min:  0.0, Avg:  0.0, Max:  0.0, Diff:  0.0, Sum:  0.0, Workers: 8
[2025-06-17T23:19:01.030+0300][13852][2928 ][debug][gc,phases] GC(22)     Dead                           Min: 0, Avg:  0.0, Max: 0, Diff: 0, Sum: 0, Workers: 8
[2025-06-17T23:19:01.030+0300][13852][2928 ][debug][gc,phases] GC(22)     Total                          Min: 0, Avg:  0.0, Max: 0, Diff: 0, Sum: 0, Workers: 8
[2025-06-17T23:19:01.030+0300][13852][2928 ][debug][gc,phases] GC(22) Weak Processing 0.536ms
[2025-06-17T23:19:01.030+0300][13852][2928 ][info ][gc,heap  ] GC(22) PSYoungGen: 679488K(688640K)->560K(690176K) Eden: 678912K(678912K)->0K(680960K) From: 576K(9728K)->560K(9216K)
[2025-06-17T23:19:01.030+0300][13852][2928 ][info ][gc,heap  ] GC(22) ParOldGen: 10959K(1398272K)->11023K(1398272K)
[2025-06-17T23:19:01.030+0300][13852][2928 ][info ][gc       ] GC(22) Pause Young (Allocation Failure) 674M->11M(2039M) 0.987ms
[2025-06-17T23:19:01.030+0300][13852][2928 ][debug][gc,heap  ] GC(22) Heap after GC invocations=23 (full 1):
[2025-06-17T23:19:01.030+0300][13852][2928 ][debug][gc,heap  ] GC(22)  PSYoungGen      total 690176K, used 560K [0x00000000d5580000, 0x0000000100000000, 0x0000000100000000)
[2025-06-17T23:19:01.030+0300][13852][2928 ][debug][gc,heap  ] GC(22)   eden space 680960K, 0% used [0x00000000d5580000,0x00000000d5580000,0x00000000fee80000)
[2025-06-17T23:19:01.030+0300][13852][2928 ][debug][gc,heap  ] GC(22)   from space 9216K, 6% used [0x00000000ff700000,0x00000000ff78c0d0,0x0000000100000000)
[2025-06-17T23:19:01.030+0300][13852][2928 ][debug][gc,heap  ] GC(22)   to   space 8704K, 0% used [0x00000000fee80000,0x00000000fee80000,0x00000000ff700000)
[2025-06-17T23:19:01.030+0300][13852][2928 ][debug][gc,heap  ] GC(22)  ParOldGen       total 1398272K, used 11023K [0x0000000080000000, 0x00000000d5580000, 0x00000000d5580000)
[2025-06-17T23:19:01.030+0300][13852][2928 ][debug][gc,heap  ] GC(22)   object space 1398272K, 0% used [0x0000000080000000,0x0000000080ac3e30,0x00000000d5580000)
[2025-06-17T23:19:01.030+0300][13852][2928 ][debug][gc,heap  ] GC(22)  Metaspace       used 8983K, committed 9536K, reserved 1114112K
[2025-06-17T23:19:01.030+0300][13852][2928 ][debug][gc,heap  ] GC(22)   class space    used 975K, committed 1216K, reserved 1048576K
[2025-06-17T23:19:01.030+0300][13852][2928 ][info ][safepoint] Safepoint "ParallelGCFailedAllocation", Time since last: 146974600 ns, Reaching safepoint: 266800 ns, Cleanup: 4700 ns, At safepoint: 1246700 ns, Total: 1518200 ns
[2025-06-17T23:19:01.174+0300][13852][2928 ][debug][safepoint] Safepoint synchronization initiated using striped semaphore wait barrier. (19 threads)
[2025-06-17T23:19:01.174+0300][13852][7180 ][debug][safepoint] ... found polling page loop exception at pc = 0x0000012d12e96de0, stub =0x0000012d12894d80
[2025-06-17T23:19:01.174+0300][13852][2928 ][debug][gc,heap  ] GC(23) Heap before GC invocations=24 (full 1):
[2025-06-17T23:19:01.174+0300][13852][2928 ][debug][gc,heap  ] GC(23)  PSYoungGen      total 690176K, used 681520K [0x00000000d5580000, 0x0000000100000000, 0x0000000100000000)
[2025-06-17T23:19:01.174+0300][13852][2928 ][debug][gc,heap  ] GC(23)   eden space 680960K, 100% used [0x00000000d5580000,0x00000000fee80000,0x00000000fee80000)
[2025-06-17T23:19:01.174+0300][13852][2928 ][debug][gc,heap  ] GC(23)   from space 9216K, 6% used [0x00000000ff700000,0x00000000ff78c0d0,0x0000000100000000)
[2025-06-17T23:19:01.174+0300][13852][2928 ][debug][gc,heap  ] GC(23)   to   space 8704K, 0% used [0x00000000fee80000,0x00000000fee80000,0x00000000ff700000)
[2025-06-17T23:19:01.174+0300][13852][2928 ][debug][gc,heap  ] GC(23)  ParOldGen       total 1398272K, used 11023K [0x0000000080000000, 0x00000000d5580000, 0x00000000d5580000)
[2025-06-17T23:19:01.174+0300][13852][2928 ][debug][gc,heap  ] GC(23)   object space 1398272K, 0% used [0x0000000080000000,0x0000000080ac3e30,0x00000000d5580000)
[2025-06-17T23:19:01.174+0300][13852][2928 ][debug][gc,heap  ] GC(23)  Metaspace       used 8983K, committed 9536K, reserved 1114112K
[2025-06-17T23:19:01.174+0300][13852][2928 ][debug][gc,heap  ] GC(23)   class space    used 975K, committed 1216K, reserved 1048576K
[2025-06-17T23:19:01.174+0300][13852][2928 ][debug][gc,phases] GC(23) Scavenge 0.202ms
[2025-06-17T23:19:01.174+0300][13852][2928 ][debug][gc,phases] GC(23) Reference Processing 0.039ms
[2025-06-17T23:19:01.174+0300][13852][2928 ][debug][gc,phases] GC(23)   VM Weak                        Min:  0.0, Avg:  0.0, Max:  0.0, Diff:  0.0, Sum:  0.0, Workers: 8
[2025-06-17T23:19:01.174+0300][13852][2928 ][debug][gc,phases] GC(23)     Dead                           Min: 0, Avg:  0.0, Max: 0, Diff: 0, Sum: 0, Workers: 8
[2025-06-17T23:19:01.174+0300][13852][2928 ][debug][gc,phases] GC(23)     Total                          Min: 0, Avg: 45.9, Max: 192, Diff: 192, Sum: 367, Workers: 8
[2025-06-17T23:19:01.174+0300][13852][2928 ][debug][gc,phases] GC(23)   ObjectSynchronizer Weak        Min:  0.0, Avg:  0.0, Max:  0.0, Diff:  0.0, Sum:  0.0, Workers: 8
[2025-06-17T23:19:01.174+0300][13852][2928 ][debug][gc,phases] GC(23)     Dead                           Min: 0, Avg:  0.0, Max: 0, Diff: 0, Sum: 0, Workers: 8
[2025-06-17T23:19:01.174+0300][13852][2928 ][debug][gc,phases] GC(23)     Total                          Min: 0, Avg: 16.1, Max: 64, Diff: 64, Sum: 129, Workers: 8
[2025-06-17T23:19:01.174+0300][13852][2928 ][debug][gc,phases] GC(23)   JVMTI Tag Weak OopStorage      Min:  0.0, Avg:  0.0, Max:  0.0, Diff:  0.0, Sum:  0.0, Workers: 8
[2025-06-17T23:19:01.174+0300][13852][2928 ][debug][gc,phases] GC(23)     Dead                           Min: 0, Avg:  0.0, Max: 0, Diff: 0, Sum: 0, Workers: 8
[2025-06-17T23:19:01.174+0300][13852][2928 ][debug][gc,phases] GC(23)     Total                          Min: 0, Avg:  0.0, Max: 0, Diff: 0, Sum: 0, Workers: 8
[2025-06-17T23:19:01.174+0300][13852][2928 ][debug][gc,phases] GC(23)   StringTable Weak               Min:  0.0, Avg:  0.0, Max:  0.0, Diff:  0.0, Sum:  0.0, Workers: 8
[2025-06-17T23:19:01.174+0300][13852][2928 ][debug][gc,phases] GC(23)     Dead                           Min: 0, Avg:  0.0, Max: 0, Diff: 0, Sum: 0, Workers: 8
[2025-06-17T23:19:01.174+0300][13852][2928 ][debug][gc,phases] GC(23)     Total                          Min: 512, Avg: 778.4, Max: 1152, Diff: 640, Sum: 6227, Workers: 8
[2025-06-17T23:19:01.174+0300][13852][2928 ][debug][gc,phases] GC(23)   ResolvedMethodTable Weak       Min:  0.0, Avg:  0.0, Max:  0.0, Diff:  0.0, Sum:  0.0, Workers: 8
[2025-06-17T23:19:01.174+0300][13852][2928 ][debug][gc,phases] GC(23)     Dead                           Min: 0, Avg:  0.0, Max: 0, Diff: 0, Sum: 0, Workers: 8
[2025-06-17T23:19:01.174+0300][13852][2928 ][debug][gc,phases] GC(23)     Total                          Min: 63, Avg: 107.6, Max: 158, Diff: 95, Sum: 861, Workers: 8
[2025-06-17T23:19:01.174+0300][13852][2928 ][debug][gc,phases] GC(23)   JNI Weak                       Min:  0.0, Avg:  0.0, Max:  0.0, Diff:  0.0, Sum:  0.0, Workers: 8
[2025-06-17T23:19:01.174+0300][13852][2928 ][debug][gc,phases] GC(23)     Dead                           Min: 0, Avg:  0.0, Max: 0, Diff: 0, Sum: 0, Workers: 8
[2025-06-17T23:19:01.174+0300][13852][2928 ][debug][gc,phases] GC(23)     Total                          Min: 0, Avg:  0.0, Max: 0, Diff: 0, Sum: 0, Workers: 8
[2025-06-17T23:19:01.174+0300][13852][2928 ][debug][gc,phases] GC(23)   StringDedup Table Weak         Min:  0.0, Avg:  0.0, Max:  0.0, Diff:  0.0, Sum:  0.0, Workers: 8
[2025-06-17T23:19:01.174+0300][13852][2928 ][debug][gc,phases] GC(23)     Dead                           Min: 0, Avg:  0.0, Max: 0, Diff: 0, Sum: 0, Workers: 8
[2025-06-17T23:19:01.174+0300][13852][2928 ][debug][gc,phases] GC(23)     Total                          Min: 0, Avg:  0.0, Max: 0, Diff: 0, Sum: 0, Workers: 8
[2025-06-17T23:19:01.174+0300][13852][2928 ][debug][gc,phases] GC(23)   StringDedup Requests0 Weak     Min:  0.0, Avg:  0.0, Max:  0.0, Diff:  0.0, Sum:  0.0, Workers: 8
[2025-06-17T23:19:01.174+0300][13852][2928 ][debug][gc,phases] GC(23)     Dead                           Min: 0, Avg:  0.0, Max: 0, Diff: 0, Sum: 0, Workers: 8
[2025-06-17T23:19:01.174+0300][13852][2928 ][debug][gc,phases] GC(23)     Total                          Min: 0, Avg:  0.0, Max: 0, Diff: 0, Sum: 0, Workers: 8
[2025-06-17T23:19:01.174+0300][13852][2928 ][debug][gc,phases] GC(23)   StringDedup Requests1 Weak     Min:  0.0, Avg:  0.0, Max:  0.0, Diff:  0.0, Sum:  0.0, Workers: 8
[2025-06-17T23:19:01.174+0300][13852][2928 ][debug][gc,phases] GC(23)     Dead                           Min: 0, Avg:  0.0, Max: 0, Diff: 0, Sum: 0, Workers: 8
[2025-06-17T23:19:01.174+0300][13852][2928 ][debug][gc,phases] GC(23)     Total                          Min: 0, Avg:  0.0, Max: 0, Diff: 0, Sum: 0, Workers: 8
[2025-06-17T23:19:01.174+0300][13852][2928 ][debug][gc,phases] GC(23)   Weak JFR Old Object Samples    Min:  0.0, Avg:  0.0, Max:  0.0, Diff:  0.0, Sum:  0.0, Workers: 8
[2025-06-17T23:19:01.174+0300][13852][2928 ][debug][gc,phases] GC(23)     Dead                           Min: 0, Avg:  0.0, Max: 0, Diff: 0, Sum: 0, Workers: 8
[2025-06-17T23:19:01.174+0300][13852][2928 ][debug][gc,phases] GC(23)     Total                          Min: 0, Avg:  0.0, Max: 0, Diff: 0, Sum: 0, Workers: 8
[2025-06-17T23:19:01.174+0300][13852][2928 ][debug][gc,phases] GC(23) Weak Processing 0.406ms
[2025-06-17T23:19:01.174+0300][13852][2928 ][info ][gc,heap  ] GC(23) PSYoungGen: 681520K(690176K)->480K(689664K) Eden: 680960K(680960K)->0K(680960K) From: 560K(9216K)->480K(8704K)
[2025-06-17T23:19:01.174+0300][13852][2928 ][info ][gc,heap  ] GC(23) ParOldGen: 11023K(1398272K)->11095K(1398272K)
[2025-06-17T23:19:01.174+0300][13852][2928 ][info ][gc       ] GC(23) Pause Young (Allocation Failure) 676M->11M(2039M) 0.739ms
[2025-06-17T23:19:01.174+0300][13852][2928 ][debug][gc,heap  ] GC(23) Heap after GC invocations=24 (full 1):
[2025-06-17T23:19:01.174+0300][13852][2928 ][debug][gc,heap  ] GC(23)  PSYoungGen      total 689664K, used 480K [0x00000000d5580000, 0x0000000100000000, 0x0000000100000000)
[2025-06-17T23:19:01.174+0300][13852][2928 ][debug][gc,heap  ] GC(23)   eden space 680960K, 0% used [0x00000000d5580000,0x00000000d5580000,0x00000000fee80000)
[2025-06-17T23:19:01.174+0300][13852][2928 ][debug][gc,heap  ] GC(23)   from space 8704K, 5% used [0x00000000fee80000,0x00000000feef80e0,0x00000000ff700000)
[2025-06-17T23:19:01.174+0300][13852][2928 ][debug][gc,heap  ] GC(23)   to   space 8192K, 0% used [0x00000000ff800000,0x00000000ff800000,0x0000000100000000)
[2025-06-17T23:19:01.174+0300][13852][2928 ][debug][gc,heap  ] GC(23)  ParOldGen       total 1398272K, used 11095K [0x0000000080000000, 0x00000000d5580000, 0x00000000d5580000)
[2025-06-17T23:19:01.174+0300][13852][2928 ][debug][gc,heap  ] GC(23)   object space 1398272K, 0% used [0x0000000080000000,0x0000000080ad5e30,0x00000000d5580000)
[2025-06-17T23:19:01.174+0300][13852][2928 ][debug][gc,heap  ] GC(23)  Metaspace       used 8983K, committed 9536K, reserved 1114112K
[2025-06-17T23:19:01.174+0300][13852][2928 ][debug][gc,heap  ] GC(23)   class space    used 975K, committed 1216K, reserved 1048576K
[2025-06-17T23:19:01.174+0300][13852][2928 ][info ][safepoint] Safepoint "ParallelGCFailedAllocation", Time since last: 143573600 ns, Reaching safepoint: 177200 ns, Cleanup: 7400 ns, At safepoint: 1016000 ns, Total: 1200600 ns
[2025-06-17T23:19:01.323+0300][13852][2928 ][debug][safepoint] Safepoint synchronization initiated using striped semaphore wait barrier. (19 threads)
[2025-06-17T23:19:01.323+0300][13852][13388][debug][safepoint] ... found polling page loop exception at pc = 0x0000012d12e96de0, stub =0x0000012d12894d80
[2025-06-17T23:19:01.323+0300][13852][7180 ][debug][safepoint] ... found polling page loop exception at pc = 0x0000012d12e96de0, stub =0x0000012d12894d80
[2025-06-17T23:19:01.323+0300][13852][12624][debug][safepoint] ... found polling page loop exception at pc = 0x0000012d12e96de0, stub =0x0000012d12894d80
[2025-06-17T23:19:01.323+0300][13852][9760 ][debug][safepoint] ... found polling page loop exception at pc = 0x0000012d12e96de0, stub =0x0000012d12894d80
[2025-06-17T23:19:01.323+0300][13852][2928 ][debug][gc,heap  ] GC(24) Heap before GC invocations=25 (full 1):
[2025-06-17T23:19:01.323+0300][13852][2928 ][debug][gc,heap  ] GC(24)  PSYoungGen      total 689664K, used 681440K [0x00000000d5580000, 0x0000000100000000, 0x0000000100000000)
[2025-06-17T23:19:01.323+0300][13852][2928 ][debug][gc,heap  ] GC(24)   eden space 680960K, 100% used [0x00000000d5580000,0x00000000fee80000,0x00000000fee80000)
[2025-06-17T23:19:01.323+0300][13852][2928 ][debug][gc,heap  ] GC(24)   from space 8704K, 5% used [0x00000000fee80000,0x00000000feef80e0,0x00000000ff700000)
[2025-06-17T23:19:01.323+0300][13852][2928 ][debug][gc,heap  ] GC(24)   to   space 8192K, 0% used [0x00000000ff800000,0x00000000ff800000,0x0000000100000000)
[2025-06-17T23:19:01.323+0300][13852][2928 ][debug][gc,heap  ] GC(24)  ParOldGen       total 1398272K, used 11095K [0x0000000080000000, 0x00000000d5580000, 0x00000000d5580000)
[2025-06-17T23:19:01.323+0300][13852][2928 ][debug][gc,heap  ] GC(24)   object space 1398272K, 0% used [0x0000000080000000,0x0000000080ad5e30,0x00000000d5580000)
[2025-06-17T23:19:01.323+0300][13852][2928 ][debug][gc,heap  ] GC(24)  Metaspace       used 8987K, committed 9536K, reserved 1114112K
[2025-06-17T23:19:01.323+0300][13852][2928 ][debug][gc,heap  ] GC(24)   class space    used 975K, committed 1216K, reserved 1048576K
[2025-06-17T23:19:01.323+0300][13852][2928 ][debug][gc,phases] GC(24) Scavenge 0.326ms
[2025-06-17T23:19:01.323+0300][13852][2928 ][debug][gc,phases] GC(24) Reference Processing 0.037ms
[2025-06-17T23:19:01.323+0300][13852][2928 ][debug][gc,phases] GC(24)   VM Weak                        Min:  0.0, Avg:  0.0, Max:  0.0, Diff:  0.0, Sum:  0.0, Workers: 8
[2025-06-17T23:19:01.323+0300][13852][2928 ][debug][gc,phases] GC(24)     Dead                           Min: 0, Avg:  0.0, Max: 0, Diff: 0, Sum: 0, Workers: 8
[2025-06-17T23:19:01.323+0300][13852][2928 ][debug][gc,phases] GC(24)     Total                          Min: 0, Avg: 45.9, Max: 192, Diff: 192, Sum: 367, Workers: 8
[2025-06-17T23:19:01.323+0300][13852][2928 ][debug][gc,phases] GC(24)   ObjectSynchronizer Weak        Min:  0.0, Avg:  0.0, Max:  0.0, Diff:  0.0, Sum:  0.0, Workers: 8
[2025-06-17T23:19:01.323+0300][13852][2928 ][debug][gc,phases] GC(24)     Dead                           Min: 0, Avg:  0.0, Max: 0, Diff: 0, Sum: 0, Workers: 8
[2025-06-17T23:19:01.323+0300][13852][2928 ][debug][gc,phases] GC(24)     Total                          Min: 0, Avg: 16.1, Max: 64, Diff: 64, Sum: 129, Workers: 8
[2025-06-17T23:19:01.323+0300][13852][2928 ][debug][gc,phases] GC(24)   JVMTI Tag Weak OopStorage      Min:  0.0, Avg:  0.0, Max:  0.0, Diff:  0.0, Sum:  0.0, Workers: 8
[2025-06-17T23:19:01.323+0300][13852][2928 ][debug][gc,phases] GC(24)     Dead                           Min: 0, Avg:  0.0, Max: 0, Diff: 0, Sum: 0, Workers: 8
[2025-06-17T23:19:01.323+0300][13852][2928 ][debug][gc,phases] GC(24)     Total                          Min: 0, Avg:  0.0, Max: 0, Diff: 0, Sum: 0, Workers: 8
[2025-06-17T23:19:01.323+0300][13852][2928 ][debug][gc,phases] GC(24)   StringTable Weak               Min:  0.0, Avg:  0.0, Max:  0.0, Diff:  0.0, Sum:  0.0, Workers: 8
[2025-06-17T23:19:01.323+0300][13852][2928 ][debug][gc,phases] GC(24)     Dead                           Min: 0, Avg:  0.0, Max: 0, Diff: 0, Sum: 0, Workers: 8
[2025-06-17T23:19:01.323+0300][13852][2928 ][debug][gc,phases] GC(24)     Total                          Min: 0, Avg: 778.4, Max: 1024, Diff: 1024, Sum: 6227, Workers: 8
[2025-06-17T23:19:01.323+0300][13852][2928 ][debug][gc,phases] GC(24)   ResolvedMethodTable Weak       Min:  0.0, Avg:  0.0, Max:  0.0, Diff:  0.0, Sum:  0.0, Workers: 8
[2025-06-17T23:19:01.323+0300][13852][2928 ][debug][gc,phases] GC(24)     Dead                           Min: 0, Avg:  0.0, Max: 0, Diff: 0, Sum: 0, Workers: 8
[2025-06-17T23:19:01.323+0300][13852][2928 ][debug][gc,phases] GC(24)     Total                          Min: 0, Avg: 107.6, Max: 191, Diff: 191, Sum: 861, Workers: 8
[2025-06-17T23:19:01.323+0300][13852][2928 ][debug][gc,phases] GC(24)   JNI Weak                       Min:  0.0, Avg:  0.0, Max:  0.0, Diff:  0.0, Sum:  0.0, Workers: 8
[2025-06-17T23:19:01.323+0300][13852][2928 ][debug][gc,phases] GC(24)     Dead                           Min: 0, Avg:  0.0, Max: 0, Diff: 0, Sum: 0, Workers: 8
[2025-06-17T23:19:01.323+0300][13852][2928 ][debug][gc,phases] GC(24)     Total                          Min: 0, Avg:  0.0, Max: 0, Diff: 0, Sum: 0, Workers: 8
[2025-06-17T23:19:01.323+0300][13852][2928 ][debug][gc,phases] GC(24)   StringDedup Table Weak         Min:  0.0, Avg:  0.0, Max:  0.0, Diff:  0.0, Sum:  0.0, Workers: 8
[2025-06-17T23:19:01.323+0300][13852][2928 ][debug][gc,phases] GC(24)     Dead                           Min: 0, Avg:  0.0, Max: 0, Diff: 0, Sum: 0, Workers: 8
[2025-06-17T23:19:01.323+0300][13852][2928 ][debug][gc,phases] GC(24)     Total                          Min: 0, Avg:  0.0, Max: 0, Diff: 0, Sum: 0, Workers: 8
[2025-06-17T23:19:01.323+0300][13852][2928 ][debug][gc,phases] GC(24)   StringDedup Requests0 Weak     Min:  0.0, Avg:  0.0, Max:  0.0, Diff:  0.0, Sum:  0.0, Workers: 8
[2025-06-17T23:19:01.323+0300][13852][2928 ][debug][gc,phases] GC(24)     Dead                           Min: 0, Avg:  0.0, Max: 0, Diff: 0, Sum: 0, Workers: 8
[2025-06-17T23:19:01.323+0300][13852][2928 ][debug][gc,phases] GC(24)     Total                          Min: 0, Avg:  0.0, Max: 0, Diff: 0, Sum: 0, Workers: 8
[2025-06-17T23:19:01.323+0300][13852][2928 ][debug][gc,phases] GC(24)   StringDedup Requests1 Weak     Min:  0.0, Avg:  0.0, Max:  0.0, Diff:  0.0, Sum:  0.0, Workers: 8
[2025-06-17T23:19:01.323+0300][13852][2928 ][debug][gc,phases] GC(24)     Dead                           Min: 0, Avg:  0.0, Max: 0, Diff: 0, Sum: 0, Workers: 8
[2025-06-17T23:19:01.323+0300][13852][2928 ][debug][gc,phases] GC(24)     Total                          Min: 0, Avg:  0.0, Max: 0, Diff: 0, Sum: 0, Workers: 8
[2025-06-17T23:19:01.323+0300][13852][2928 ][debug][gc,phases] GC(24)   Weak JFR Old Object Samples    Min:  0.0, Avg:  0.0, Max:  0.0, Diff:  0.0, Sum:  0.0, Workers: 8
[2025-06-17T23:19:01.323+0300][13852][2928 ][debug][gc,phases] GC(24)     Dead                           Min: 0, Avg:  0.0, Max: 0, Diff: 0, Sum: 0, Workers: 8
[2025-06-17T23:19:01.323+0300][13852][2928 ][debug][gc,phases] GC(24)     Total                          Min: 0, Avg:  0.0, Max: 0, Diff: 0, Sum: 0, Workers: 8
[2025-06-17T23:19:01.323+0300][13852][2928 ][debug][gc,phases] GC(24) Weak Processing 0.390ms
[2025-06-17T23:19:01.323+0300][13852][2928 ][info ][gc,heap  ] GC(24) PSYoungGen: 681440K(689664K)->576K(691200K) Eden: 680960K(680960K)->0K(683008K) From: 480K(8704K)->576K(8192K)
[2025-06-17T23:19:01.323+0300][13852][2928 ][info ][gc,heap  ] GC(24) ParOldGen: 11095K(1398272K)->11143K(1398272K)
[2025-06-17T23:19:01.323+0300][13852][2928 ][info ][gc       ] GC(24) Pause Young (Allocation Failure) 676M->11M(2040M) 0.844ms
[2025-06-17T23:19:01.323+0300][13852][2928 ][debug][gc,heap  ] GC(24) Heap after GC invocations=25 (full 1):
[2025-06-17T23:19:01.323+0300][13852][2928 ][debug][gc,heap  ] GC(24)  PSYoungGen      total 691200K, used 576K [0x00000000d5580000, 0x0000000100000000, 0x0000000100000000)
[2025-06-17T23:19:01.323+0300][13852][2928 ][debug][gc,heap  ] GC(24)   eden space 683008K, 0% used [0x00000000d5580000,0x00000000d5580000,0x00000000ff080000)
[2025-06-17T23:19:01.323+0300][13852][2928 ][debug][gc,heap  ] GC(24)   from space 8192K, 7% used [0x00000000ff800000,0x00000000ff8900e0,0x0000000100000000)
[2025-06-17T23:19:01.323+0300][13852][2928 ][debug][gc,heap  ] GC(24)   to   space 7680K, 0% used [0x00000000ff080000,0x00000000ff080000,0x00000000ff800000)
[2025-06-17T23:19:01.323+0300][13852][2928 ][debug][gc,heap  ] GC(24)  ParOldGen       total 1398272K, used 11143K [0x0000000080000000, 0x00000000d5580000, 0x00000000d5580000)
[2025-06-17T23:19:01.323+0300][13852][2928 ][debug][gc,heap  ] GC(24)   object space 1398272K, 0% used [0x0000000080000000,0x0000000080ae1e30,0x00000000d5580000)
[2025-06-17T23:19:01.323+0300][13852][2928 ][debug][gc,heap  ] GC(24)  Metaspace       used 8987K, committed 9536K, reserved 1114112K
[2025-06-17T23:19:01.323+0300][13852][2928 ][debug][gc,heap  ] GC(24)   class space    used 975K, committed 1216K, reserved 1048576K
[2025-06-17T23:19:01.323+0300][13852][2928 ][info ][safepoint] Safepoint "ParallelGCFailedAllocation", Time since last: 148267700 ns, Reaching safepoint: 217600 ns, Cleanup: 12600 ns, At safepoint: 1132400 ns, Total: 1362600 ns
[2025-06-17T23:19:01.461+0300][13852][2928 ][debug][safepoint] Safepoint synchronization initiated using striped semaphore wait barrier. (19 threads)
[2025-06-17T23:19:01.461+0300][13852][13388][debug][safepoint] ... found polling page loop exception at pc = 0x0000012d12e96de0, stub =0x0000012d12894d80
[2025-06-17T23:19:01.461+0300][13852][7528 ][debug][safepoint] ... found polling page loop exception at pc = 0x0000012d12e96de0, stub =0x0000012d12894d80
[2025-06-17T23:19:01.461+0300][13852][2928 ][debug][gc,heap  ] GC(25) Heap before GC invocations=26 (full 1):
[2025-06-17T23:19:01.461+0300][13852][2928 ][debug][gc,heap  ] GC(25)  PSYoungGen      total 691200K, used 683584K [0x00000000d5580000, 0x0000000100000000, 0x0000000100000000)
[2025-06-17T23:19:01.461+0300][13852][2928 ][debug][gc,heap  ] GC(25)   eden space 683008K, 100% used [0x00000000d5580000,0x00000000ff080000,0x00000000ff080000)
[2025-06-17T23:19:01.461+0300][13852][2928 ][debug][gc,heap  ] GC(25)   from space 8192K, 7% used [0x00000000ff800000,0x00000000ff8900e0,0x0000000100000000)
[2025-06-17T23:19:01.461+0300][13852][2928 ][debug][gc,heap  ] GC(25)   to   space 7680K, 0% used [0x00000000ff080000,0x00000000ff080000,0x00000000ff800000)
[2025-06-17T23:19:01.461+0300][13852][2928 ][debug][gc,heap  ] GC(25)  ParOldGen       total 1398272K, used 11143K [0x0000000080000000, 0x00000000d5580000, 0x00000000d5580000)
[2025-06-17T23:19:01.461+0300][13852][2928 ][debug][gc,heap  ] GC(25)   object space 1398272K, 0% used [0x0000000080000000,0x0000000080ae1e30,0x00000000d5580000)
[2025-06-17T23:19:01.461+0300][13852][2928 ][debug][gc,heap  ] GC(25)  Metaspace       used 8987K, committed 9536K, reserved 1114112K
[2025-06-17T23:19:01.461+0300][13852][2928 ][debug][gc,heap  ] GC(25)   class space    used 975K, committed 1216K, reserved 1048576K
[2025-06-17T23:19:01.461+0300][13852][2928 ][debug][gc,phases] GC(25) Scavenge 0.207ms
[2025-06-17T23:19:01.461+0300][13852][2928 ][debug][gc,phases] GC(25) Reference Processing 0.038ms
[2025-06-17T23:19:01.461+0300][13852][2928 ][debug][gc,phases] GC(25)   VM Weak                        Min:  0.0, Avg:  0.0, Max:  0.0, Diff:  0.0, Sum:  0.0, Workers: 8
[2025-06-17T23:19:01.461+0300][13852][2928 ][debug][gc,phases] GC(25)     Dead                           Min: 0, Avg:  0.0, Max: 0, Diff: 0, Sum: 0, Workers: 8
[2025-06-17T23:19:01.461+0300][13852][2928 ][debug][gc,phases] GC(25)     Total                          Min: 0, Avg: 45.9, Max: 303, Diff: 303, Sum: 367, Workers: 8
[2025-06-17T23:19:01.461+0300][13852][2928 ][debug][gc,phases] GC(25)   ObjectSynchronizer Weak        Min:  0.0, Avg:  0.0, Max:  0.0, Diff:  0.0, Sum:  0.0, Workers: 8
[2025-06-17T23:19:01.461+0300][13852][2928 ][debug][gc,phases] GC(25)     Dead                           Min: 0, Avg:  0.0, Max: 0, Diff: 0, Sum: 0, Workers: 8
[2025-06-17T23:19:01.461+0300][13852][2928 ][debug][gc,phases] GC(25)     Total                          Min: 0, Avg: 16.1, Max: 64, Diff: 64, Sum: 129, Workers: 8
[2025-06-17T23:19:01.461+0300][13852][2928 ][debug][gc,phases] GC(25)   JVMTI Tag Weak OopStorage      Min:  0.0, Avg:  0.0, Max:  0.0, Diff:  0.0, Sum:  0.0, Workers: 8
[2025-06-17T23:19:01.461+0300][13852][2928 ][debug][gc,phases] GC(25)     Dead                           Min: 0, Avg:  0.0, Max: 0, Diff: 0, Sum: 0, Workers: 8
[2025-06-17T23:19:01.461+0300][13852][2928 ][debug][gc,phases] GC(25)     Total                          Min: 0, Avg:  0.0, Max: 0, Diff: 0, Sum: 0, Workers: 8
[2025-06-17T23:19:01.461+0300][13852][2928 ][debug][gc,phases] GC(25)   StringTable Weak               Min:  0.0, Avg:  0.0, Max:  0.0, Diff:  0.0, Sum:  0.1, Workers: 8
[2025-06-17T23:19:01.461+0300][13852][2928 ][debug][gc,phases] GC(25)     Dead                           Min: 0, Avg:  0.0, Max: 0, Diff: 0, Sum: 0, Workers: 8
[2025-06-17T23:19:01.461+0300][13852][2928 ][debug][gc,phases] GC(25)     Total                          Min: 659, Avg: 778.4, Max: 896, Diff: 237, Sum: 6227, Workers: 8
[2025-06-17T23:19:01.461+0300][13852][2928 ][debug][gc,phases] GC(25)   ResolvedMethodTable Weak       Min:  0.0, Avg:  0.0, Max:  0.0, Diff:  0.0, Sum:  0.0, Workers: 8
[2025-06-17T23:19:01.461+0300][13852][2928 ][debug][gc,phases] GC(25)     Dead                           Min: 0, Avg:  0.0, Max: 0, Diff: 0, Sum: 0, Workers: 8
[2025-06-17T23:19:01.461+0300][13852][2928 ][debug][gc,phases] GC(25)     Total                          Min: 63, Avg: 107.6, Max: 158, Diff: 95, Sum: 861, Workers: 8
[2025-06-17T23:19:01.461+0300][13852][2928 ][debug][gc,phases] GC(25)   JNI Weak                       Min:  0.0, Avg:  0.0, Max:  0.0, Diff:  0.0, Sum:  0.0, Workers: 8
[2025-06-17T23:19:01.461+0300][13852][2928 ][debug][gc,phases] GC(25)     Dead                           Min: 0, Avg:  0.0, Max: 0, Diff: 0, Sum: 0, Workers: 8
[2025-06-17T23:19:01.461+0300][13852][2928 ][debug][gc,phases] GC(25)     Total                          Min: 0, Avg:  0.0, Max: 0, Diff: 0, Sum: 0, Workers: 8
[2025-06-17T23:19:01.461+0300][13852][2928 ][debug][gc,phases] GC(25)   StringDedup Table Weak         Min:  0.0, Avg:  0.0, Max:  0.0, Diff:  0.0, Sum:  0.0, Workers: 8
[2025-06-17T23:19:01.461+0300][13852][2928 ][debug][gc,phases] GC(25)     Dead                           Min: 0, Avg:  0.0, Max: 0, Diff: 0, Sum: 0, Workers: 8
[2025-06-17T23:19:01.461+0300][13852][2928 ][debug][gc,phases] GC(25)     Total                          Min: 0, Avg:  0.0, Max: 0, Diff: 0, Sum: 0, Workers: 8
[2025-06-17T23:19:01.461+0300][13852][2928 ][debug][gc,phases] GC(25)   StringDedup Requests0 Weak     Min:  0.0, Avg:  0.0, Max:  0.0, Diff:  0.0, Sum:  0.0, Workers: 8
[2025-06-17T23:19:01.461+0300][13852][2928 ][debug][gc,phases] GC(25)     Dead                           Min: 0, Avg:  0.0, Max: 0, Diff: 0, Sum: 0, Workers: 8
[2025-06-17T23:19:01.461+0300][13852][2928 ][debug][gc,phases] GC(25)     Total                          Min: 0, Avg:  0.0, Max: 0, Diff: 0, Sum: 0, Workers: 8
[2025-06-17T23:19:01.461+0300][13852][2928 ][debug][gc,phases] GC(25)   StringDedup Requests1 Weak     Min:  0.0, Avg:  0.0, Max:  0.0, Diff:  0.0, Sum:  0.0, Workers: 8
[2025-06-17T23:19:01.461+0300][13852][2928 ][debug][gc,phases] GC(25)     Dead                           Min: 0, Avg:  0.0, Max: 0, Diff: 0, Sum: 0, Workers: 8
[2025-06-17T23:19:01.461+0300][13852][2928 ][debug][gc,phases] GC(25)     Total                          Min: 0, Avg:  0.0, Max: 0, Diff: 0, Sum: 0, Workers: 8
[2025-06-17T23:19:01.461+0300][13852][2928 ][debug][gc,phases] GC(25)   Weak JFR Old Object Samples    Min:  0.0, Avg:  0.0, Max:  0.0, Diff:  0.0, Sum:  0.0, Workers: 8
[2025-06-17T23:19:01.461+0300][13852][2928 ][debug][gc,phases] GC(25)     Dead                           Min: 0, Avg:  0.0, Max: 0, Diff: 0, Sum: 0, Workers: 8
[2025-06-17T23:19:01.461+0300][13852][2928 ][debug][gc,phases] GC(25)     Total                          Min: 0, Avg:  0.0, Max: 0, Diff: 0, Sum: 0, Workers: 8
[2025-06-17T23:19:01.461+0300][13852][2928 ][debug][gc,phases] GC(25) Weak Processing 0.386ms
[2025-06-17T23:19:01.461+0300][13852][2928 ][info ][gc,heap  ] GC(25) PSYoungGen: 683584K(691200K)->544K(690688K) Eden: 683008K(683008K)->0K(683008K) From: 576K(8192K)->544K(7680K)
[2025-06-17T23:19:01.461+0300][13852][2928 ][info ][gc,heap  ] GC(25) ParOldGen: 11143K(1398272K)->11191K(1398272K)
[2025-06-17T23:19:01.461+0300][13852][2928 ][info ][gc       ] GC(25) Pause Young (Allocation Failure) 678M->11M(2040M) 0.723ms
[2025-06-17T23:19:01.461+0300][13852][2928 ][debug][gc,heap  ] GC(25) Heap after GC invocations=26 (full 1):
[2025-06-17T23:19:01.461+0300][13852][2928 ][debug][gc,heap  ] GC(25)  PSYoungGen      total 690688K, used 544K [0x00000000d5580000, 0x0000000100000000, 0x0000000100000000)
[2025-06-17T23:19:01.461+0300][13852][2928 ][debug][gc,heap  ] GC(25)   eden space 683008K, 0% used [0x00000000d5580000,0x00000000d5580000,0x00000000ff080000)
[2025-06-17T23:19:01.461+0300][13852][2928 ][debug][gc,heap  ] GC(25)   from space 7680K, 7% used [0x00000000ff080000,0x00000000ff1080e0,0x00000000ff800000)
[2025-06-17T23:19:01.461+0300][13852][2928 ][debug][gc,heap  ] GC(25)   to   space 7168K, 0% used [0x00000000ff900000,0x00000000ff900000,0x0000000100000000)
[2025-06-17T23:19:01.461+0300][13852][2928 ][debug][gc,heap  ] GC(25)  ParOldGen       total 1398272K, used 11191K [0x0000000080000000, 0x00000000d5580000, 0x00000000d5580000)
[2025-06-17T23:19:01.461+0300][13852][2928 ][debug][gc,heap  ] GC(25)   object space 1398272K, 0% used [0x0000000080000000,0x0000000080aede30,0x00000000d5580000)
[2025-06-17T23:19:01.461+0300][13852][2928 ][debug][gc,heap  ] GC(25)  Metaspace       used 8987K, committed 9536K, reserved 1114112K
[2025-06-17T23:19:01.461+0300][13852][2928 ][debug][gc,heap  ] GC(25)   class space    used 975K, committed 1216K, reserved 1048576K
[2025-06-17T23:19:01.461+0300][13852][2928 ][info ][safepoint] Safepoint "ParallelGCFailedAllocation", Time since last: 135959800 ns, Reaching safepoint: 189000 ns, Cleanup: 7200 ns, At safepoint: 999300 ns, Total: 1195500 ns
[2025-06-17T23:19:01.606+0300][13852][2928 ][debug][safepoint] Safepoint synchronization initiated using striped semaphore wait barrier. (19 threads)
[2025-06-17T23:19:01.606+0300][13852][13388][debug][safepoint] ... found polling page loop exception at pc = 0x0000012d12e96de0, stub =0x0000012d12894d80
[2025-06-17T23:19:01.606+0300][13852][12624][debug][safepoint] ... found polling page loop exception at pc = 0x0000012d12ed1b38, stub =0x0000012d12894d80
[2025-06-17T23:19:01.606+0300][13852][7180 ][debug][safepoint] ... found polling page loop exception at pc = 0x0000012d12e96de0, stub =0x0000012d12894d80
[2025-06-17T23:19:01.606+0300][13852][15124][debug][safepoint] ... found polling page loop exception at pc = 0x0000012d12e96de0, stub =0x0000012d12894d80
[2025-06-17T23:19:01.606+0300][13852][2928 ][debug][gc,heap  ] GC(26) Heap before GC invocations=27 (full 1):
[2025-06-17T23:19:01.606+0300][13852][2928 ][debug][gc,heap  ] GC(26)  PSYoungGen      total 690688K, used 683552K [0x00000000d5580000, 0x0000000100000000, 0x0000000100000000)
[2025-06-17T23:19:01.606+0300][13852][2928 ][debug][gc,heap  ] GC(26)   eden space 683008K, 100% used [0x00000000d5580000,0x00000000ff080000,0x00000000ff080000)
[2025-06-17T23:19:01.606+0300][13852][2928 ][debug][gc,heap  ] GC(26)   from space 7680K, 7% used [0x00000000ff080000,0x00000000ff1080e0,0x00000000ff800000)
[2025-06-17T23:19:01.606+0300][13852][2928 ][debug][gc,heap  ] GC(26)   to   space 7168K, 0% used [0x00000000ff900000,0x00000000ff900000,0x0000000100000000)
[2025-06-17T23:19:01.606+0300][13852][2928 ][debug][gc,heap  ] GC(26)  ParOldGen       total 1398272K, used 11191K [0x0000000080000000, 0x00000000d5580000, 0x00000000d5580000)
[2025-06-17T23:19:01.606+0300][13852][2928 ][debug][gc,heap  ] GC(26)   object space 1398272K, 0% used [0x0000000080000000,0x0000000080aede30,0x00000000d5580000)
[2025-06-17T23:19:01.606+0300][13852][2928 ][debug][gc,heap  ] GC(26)  Metaspace       used 8987K, committed 9536K, reserved 1114112K
[2025-06-17T23:19:01.606+0300][13852][2928 ][debug][gc,heap  ] GC(26)   class space    used 975K, committed 1216K, reserved 1048576K
[2025-06-17T23:19:01.606+0300][13852][2928 ][debug][gc,phases] GC(26) Scavenge 0.374ms
[2025-06-17T23:19:01.606+0300][13852][2928 ][debug][gc,phases] GC(26) Reference Processing 0.048ms
[2025-06-17T23:19:01.606+0300][13852][2928 ][debug][gc,phases] GC(26)   VM Weak                        Min:  0.0, Avg:  0.0, Max:  0.0, Diff:  0.0, Sum:  0.0, Workers: 8
[2025-06-17T23:19:01.606+0300][13852][2928 ][debug][gc,phases] GC(26)     Dead                           Min: 0, Avg:  0.0, Max: 0, Diff: 0, Sum: 0, Workers: 8
[2025-06-17T23:19:01.606+0300][13852][2928 ][debug][gc,phases] GC(26)     Total                          Min: 0, Avg: 45.9, Max: 192, Diff: 192, Sum: 367, Workers: 8
[2025-06-17T23:19:01.606+0300][13852][2928 ][debug][gc,phases] GC(26)   ObjectSynchronizer Weak        Min:  0.0, Avg:  0.0, Max:  0.0, Diff:  0.0, Sum:  0.0, Workers: 8
[2025-06-17T23:19:01.606+0300][13852][2928 ][debug][gc,phases] GC(26)     Dead                           Min: 0, Avg:  0.0, Max: 0, Diff: 0, Sum: 0, Workers: 8
[2025-06-17T23:19:01.606+0300][13852][2928 ][debug][gc,phases] GC(26)     Total                          Min: 0, Avg: 16.1, Max: 65, Diff: 65, Sum: 129, Workers: 8
[2025-06-17T23:19:01.606+0300][13852][2928 ][debug][gc,phases] GC(26)   JVMTI Tag Weak OopStorage      Min:  0.0, Avg:  0.0, Max:  0.0, Diff:  0.0, Sum:  0.0, Workers: 8
[2025-06-17T23:19:01.606+0300][13852][2928 ][debug][gc,phases] GC(26)     Dead                           Min: 0, Avg:  0.0, Max: 0, Diff: 0, Sum: 0, Workers: 8
[2025-06-17T23:19:01.606+0300][13852][2928 ][debug][gc,phases] GC(26)     Total                          Min: 0, Avg:  0.0, Max: 0, Diff: 0, Sum: 0, Workers: 8
[2025-06-17T23:19:01.606+0300][13852][2928 ][debug][gc,phases] GC(26)   StringTable Weak               Min:  0.0, Avg:  0.0, Max:  0.0, Diff:  0.0, Sum:  0.0, Workers: 8
[2025-06-17T23:19:01.606+0300][13852][2928 ][debug][gc,phases] GC(26)     Dead                           Min: 0, Avg:  0.0, Max: 0, Diff: 0, Sum: 0, Workers: 8
[2025-06-17T23:19:01.606+0300][13852][2928 ][debug][gc,phases] GC(26)     Total                          Min: 0, Avg: 778.4, Max: 1152, Diff: 1152, Sum: 6227, Workers: 8
[2025-06-17T23:19:01.606+0300][13852][2928 ][debug][gc,phases] GC(26)   ResolvedMethodTable Weak       Min:  0.0, Avg:  0.0, Max:  0.0, Diff:  0.0, Sum:  0.0, Workers: 8
[2025-06-17T23:19:01.606+0300][13852][2928 ][debug][gc,phases] GC(26)     Dead                           Min: 0, Avg:  0.0, Max: 0, Diff: 0, Sum: 0, Workers: 8
[2025-06-17T23:19:01.606+0300][13852][2928 ][debug][gc,phases] GC(26)     Total                          Min: 0, Avg: 107.6, Max: 191, Diff: 191, Sum: 861, Workers: 8
[2025-06-17T23:19:01.606+0300][13852][2928 ][debug][gc,phases] GC(26)   JNI Weak                       Min:  0.0, Avg:  0.0, Max:  0.0, Diff:  0.0, Sum:  0.0, Workers: 8
[2025-06-17T23:19:01.606+0300][13852][2928 ][debug][gc,phases] GC(26)     Dead                           Min: 0, Avg:  0.0, Max: 0, Diff: 0, Sum: 0, Workers: 8
[2025-06-17T23:19:01.606+0300][13852][2928 ][debug][gc,phases] GC(26)     Total                          Min: 0, Avg:  0.0, Max: 0, Diff: 0, Sum: 0, Workers: 8
[2025-06-17T23:19:01.606+0300][13852][2928 ][debug][gc,phases] GC(26)   StringDedup Table Weak         Min:  0.0, Avg:  0.0, Max:  0.0, Diff:  0.0, Sum:  0.0, Workers: 8
[2025-06-17T23:19:01.606+0300][13852][2928 ][debug][gc,phases] GC(26)     Dead                           Min: 0, Avg:  0.0, Max: 0, Diff: 0, Sum: 0, Workers: 8
[2025-06-17T23:19:01.606+0300][13852][2928 ][debug][gc,phases] GC(26)     Total                          Min: 0, Avg:  0.0, Max: 0, Diff: 0, Sum: 0, Workers: 8
[2025-06-17T23:19:01.606+0300][13852][2928 ][debug][gc,phases] GC(26)   StringDedup Requests0 Weak     Min:  0.0, Avg:  0.0, Max:  0.0, Diff:  0.0, Sum:  0.0, Workers: 8
[2025-06-17T23:19:01.606+0300][13852][2928 ][debug][gc,phases] GC(26)     Dead                           Min: 0, Avg:  0.0, Max: 0, Diff: 0, Sum: 0, Workers: 8
[2025-06-17T23:19:01.606+0300][13852][2928 ][debug][gc,phases] GC(26)     Total                          Min: 0, Avg:  0.0, Max: 0, Diff: 0, Sum: 0, Workers: 8
[2025-06-17T23:19:01.606+0300][13852][2928 ][debug][gc,phases] GC(26)   StringDedup Requests1 Weak     Min:  0.0, Avg:  0.0, Max:  0.0, Diff:  0.0, Sum:  0.0, Workers: 8
[2025-06-17T23:19:01.606+0300][13852][2928 ][debug][gc,phases] GC(26)     Dead                           Min: 0, Avg:  0.0, Max: 0, Diff: 0, Sum: 0, Workers: 8
[2025-06-17T23:19:01.606+0300][13852][2928 ][debug][gc,phases] GC(26)     Total                          Min: 0, Avg:  0.0, Max: 0, Diff: 0, Sum: 0, Workers: 8
[2025-06-17T23:19:01.606+0300][13852][2928 ][debug][gc,phases] GC(26)   Weak JFR Old Object Samples    Min:  0.0, Avg:  0.0, Max:  0.0, Diff:  0.0, Sum:  0.0, Workers: 8
[2025-06-17T23:19:01.606+0300][13852][2928 ][debug][gc,phases] GC(26)     Dead                           Min: 0, Avg:  0.0, Max: 0, Diff: 0, Sum: 0, Workers: 8
[2025-06-17T23:19:01.606+0300][13852][2928 ][debug][gc,phases] GC(26)     Total                          Min: 0, Avg:  0.0, Max: 0, Diff: 0, Sum: 0, Workers: 8
[2025-06-17T23:19:01.606+0300][13852][2928 ][debug][gc,phases] GC(26) Weak Processing 0.574ms
[2025-06-17T23:19:01.606+0300][13852][2928 ][info ][gc,heap  ] GC(26) PSYoungGen: 683552K(690688K)->544K(691712K) Eden: 683008K(683008K)->0K(684544K) From: 544K(7680K)->544K(7168K)
[2025-06-17T23:19:01.606+0300][13852][2928 ][info ][gc,heap  ] GC(26) ParOldGen: 11191K(1398272K)->11263K(1398272K)
[2025-06-17T23:19:01.606+0300][13852][2928 ][info ][gc       ] GC(26) Pause Young (Allocation Failure) 678M->11M(2041M) 1.100ms
[2025-06-17T23:19:01.606+0300][13852][2928 ][debug][gc,heap  ] GC(26) Heap after GC invocations=27 (full 1):
[2025-06-17T23:19:01.606+0300][13852][2928 ][debug][gc,heap  ] GC(26)  PSYoungGen      total 691712K, used 544K [0x00000000d5580000, 0x0000000100000000, 0x0000000100000000)
[2025-06-17T23:19:01.606+0300][13852][2928 ][debug][gc,heap  ] GC(26)   eden space 684544K, 0% used [0x00000000d5580000,0x00000000d5580000,0x00000000ff200000)
[2025-06-17T23:19:01.606+0300][13852][2928 ][debug][gc,heap  ] GC(26)   from space 7168K, 7% used [0x00000000ff900000,0x00000000ff9880e0,0x0000000100000000)
[2025-06-17T23:19:01.606+0300][13852][2928 ][debug][gc,heap  ] GC(26)   to   space 7168K, 0% used [0x00000000ff200000,0x00000000ff200000,0x00000000ff900000)
[2025-06-17T23:19:01.606+0300][13852][2928 ][debug][gc,heap  ] GC(26)  ParOldGen       total 1398272K, used 11263K [0x0000000080000000, 0x00000000d5580000, 0x00000000d5580000)
[2025-06-17T23:19:01.606+0300][13852][2928 ][debug][gc,heap  ] GC(26)   object space 1398272K, 0% used [0x0000000080000000,0x0000000080affe30,0x00000000d5580000)
[2025-06-17T23:19:01.606+0300][13852][2928 ][debug][gc,heap  ] GC(26)  Metaspace       used 8987K, committed 9536K, reserved 1114112K
[2025-06-17T23:19:01.606+0300][13852][2928 ][debug][gc,heap  ] GC(26)   class space    used 975K, committed 1216K, reserved 1048576K
[2025-06-17T23:19:01.606+0300][13852][2928 ][info ][safepoint] Safepoint "ParallelGCFailedAllocation", Time since last: 143596500 ns, Reaching safepoint: 255500 ns, Cleanup: 13200 ns, At safepoint: 1416900 ns, Total: 1685600 ns
[2025-06-17T23:19:01.750+0300][13852][2928 ][debug][safepoint] Safepoint synchronization initiated using striped semaphore wait barrier. (19 threads)
[2025-06-17T23:19:01.750+0300][13852][15144][debug][safepoint] ... found polling page loop exception at pc = 0x0000012d12e96de0, stub =0x0000012d12894d80
[2025-06-17T23:19:01.750+0300][13852][13388][debug][safepoint] ... found polling page loop exception at pc = 0x0000012d12e96de0, stub =0x0000012d12894d80
[2025-06-17T23:19:01.750+0300][13852][9760 ][debug][safepoint] ... found polling page loop exception at pc = 0x0000012d12f50025, stub =0x0000012d12895600
[2025-06-17T23:19:01.750+0300][13852][7528 ][debug][safepoint] ... found polling page loop exception at pc = 0x0000012d12e96de0, stub =0x0000012d12894d80
[2025-06-17T23:19:01.750+0300][13852][15124][debug][safepoint] ... found polling page loop exception at pc = 0x0000012d12fad4c6, stub =0x0000012d12894d80
[2025-06-17T23:19:01.750+0300][13852][2928 ][debug][gc,heap  ] GC(27) Heap before GC invocations=28 (full 1):
[2025-06-17T23:19:01.750+0300][13852][2928 ][debug][gc,heap  ] GC(27)  PSYoungGen      total 691712K, used 685088K [0x00000000d5580000, 0x0000000100000000, 0x0000000100000000)
[2025-06-17T23:19:01.750+0300][13852][2928 ][debug][gc,heap  ] GC(27)   eden space 684544K, 100% used [0x00000000d5580000,0x00000000ff200000,0x00000000ff200000)
[2025-06-17T23:19:01.750+0300][13852][2928 ][debug][gc,heap  ] GC(27)   from space 7168K, 7% used [0x00000000ff900000,0x00000000ff9880e0,0x0000000100000000)
[2025-06-17T23:19:01.750+0300][13852][2928 ][debug][gc,heap  ] GC(27)   to   space 7168K, 0% used [0x00000000ff200000,0x00000000ff200000,0x00000000ff900000)
[2025-06-17T23:19:01.750+0300][13852][2928 ][debug][gc,heap  ] GC(27)  ParOldGen       total 1398272K, used 11263K [0x0000000080000000, 0x00000000d5580000, 0x00000000d5580000)
[2025-06-17T23:19:01.750+0300][13852][2928 ][debug][gc,heap  ] GC(27)   object space 1398272K, 0% used [0x0000000080000000,0x0000000080affe30,0x00000000d5580000)
[2025-06-17T23:19:01.750+0300][13852][2928 ][debug][gc,heap  ] GC(27)  Metaspace       used 8987K, committed 9536K, reserved 1114112K
[2025-06-17T23:19:01.750+0300][13852][2928 ][debug][gc,heap  ] GC(27)   class space    used 975K, committed 1216K, reserved 1048576K
[2025-06-17T23:19:01.750+0300][13852][2928 ][debug][gc,phases] GC(27) Scavenge 0.299ms
[2025-06-17T23:19:01.750+0300][13852][2928 ][debug][gc,phases] GC(27) Reference Processing 0.036ms
[2025-06-17T23:19:01.750+0300][13852][2928 ][debug][gc,phases] GC(27)   VM Weak                        Min:  0.0, Avg:  0.0, Max:  0.0, Diff:  0.0, Sum:  0.0, Workers: 8
[2025-06-17T23:19:01.750+0300][13852][2928 ][debug][gc,phases] GC(27)     Dead                           Min: 0, Avg:  0.0, Max: 0, Diff: 0, Sum: 0, Workers: 8
[2025-06-17T23:19:01.750+0300][13852][2928 ][debug][gc,phases] GC(27)     Total                          Min: 0, Avg: 45.9, Max: 320, Diff: 320, Sum: 367, Workers: 8
[2025-06-17T23:19:01.750+0300][13852][2928 ][debug][gc,phases] GC(27)   ObjectSynchronizer Weak        Min:  0.0, Avg:  0.0, Max:  0.0, Diff:  0.0, Sum:  0.0, Workers: 8
[2025-06-17T23:19:01.750+0300][13852][2928 ][debug][gc,phases] GC(27)     Dead                           Min: 0, Avg:  0.0, Max: 0, Diff: 0, Sum: 0, Workers: 8
[2025-06-17T23:19:01.750+0300][13852][2928 ][debug][gc,phases] GC(27)     Total                          Min: 0, Avg: 16.1, Max: 64, Diff: 64, Sum: 129, Workers: 8
[2025-06-17T23:19:01.750+0300][13852][2928 ][debug][gc,phases] GC(27)   JVMTI Tag Weak OopStorage      Min:  0.0, Avg:  0.0, Max:  0.0, Diff:  0.0, Sum:  0.0, Workers: 8
[2025-06-17T23:19:01.750+0300][13852][2928 ][debug][gc,phases] GC(27)     Dead                           Min: 0, Avg:  0.0, Max: 0, Diff: 0, Sum: 0, Workers: 8
[2025-06-17T23:19:01.750+0300][13852][2928 ][debug][gc,phases] GC(27)     Total                          Min: 0, Avg:  0.0, Max: 0, Diff: 0, Sum: 0, Workers: 8
[2025-06-17T23:19:01.750+0300][13852][2928 ][debug][gc,phases] GC(27)   StringTable Weak               Min:  0.0, Avg:  0.0, Max:  0.0, Diff:  0.0, Sum:  0.1, Workers: 8
[2025-06-17T23:19:01.750+0300][13852][2928 ][debug][gc,phases] GC(27)     Dead                           Min: 0, Avg:  0.0, Max: 0, Diff: 0, Sum: 0, Workers: 8
[2025-06-17T23:19:01.750+0300][13852][2928 ][debug][gc,phases] GC(27)     Total                          Min: 640, Avg: 778.4, Max: 851, Diff: 211, Sum: 6227, Workers: 8
[2025-06-17T23:19:01.750+0300][13852][2928 ][debug][gc,phases] GC(27)   ResolvedMethodTable Weak       Min:  0.0, Avg:  0.0, Max:  0.0, Diff:  0.0, Sum:  0.0, Workers: 8
[2025-06-17T23:19:01.750+0300][13852][2928 ][debug][gc,phases] GC(27)     Dead                           Min: 0, Avg:  0.0, Max: 0, Diff: 0, Sum: 0, Workers: 8
[2025-06-17T23:19:01.750+0300][13852][2928 ][debug][gc,phases] GC(27)     Total                          Min: 30, Avg: 107.6, Max: 128, Diff: 98, Sum: 861, Workers: 8
[2025-06-17T23:19:01.750+0300][13852][2928 ][debug][gc,phases] GC(27)   JNI Weak                       Min:  0.0, Avg:  0.0, Max:  0.0, Diff:  0.0, Sum:  0.0, Workers: 8
[2025-06-17T23:19:01.750+0300][13852][2928 ][debug][gc,phases] GC(27)     Dead                           Min: 0, Avg:  0.0, Max: 0, Diff: 0, Sum: 0, Workers: 8
[2025-06-17T23:19:01.750+0300][13852][2928 ][debug][gc,phases] GC(27)     Total                          Min: 0, Avg:  0.0, Max: 0, Diff: 0, Sum: 0, Workers: 8
[2025-06-17T23:19:01.750+0300][13852][2928 ][debug][gc,phases] GC(27)   StringDedup Table Weak         Min:  0.0, Avg:  0.0, Max:  0.0, Diff:  0.0, Sum:  0.0, Workers: 8
[2025-06-17T23:19:01.750+0300][13852][2928 ][debug][gc,phases] GC(27)     Dead                           Min: 0, Avg:  0.0, Max: 0, Diff: 0, Sum: 0, Workers: 8
[2025-06-17T23:19:01.750+0300][13852][2928 ][debug][gc,phases] GC(27)     Total                          Min: 0, Avg:  0.0, Max: 0, Diff: 0, Sum: 0, Workers: 8
[2025-06-17T23:19:01.750+0300][13852][2928 ][debug][gc,phases] GC(27)   StringDedup Requests0 Weak     Min:  0.0, Avg:  0.0, Max:  0.0, Diff:  0.0, Sum:  0.0, Workers: 8
[2025-06-17T23:19:01.750+0300][13852][2928 ][debug][gc,phases] GC(27)     Dead                           Min: 0, Avg:  0.0, Max: 0, Diff: 0, Sum: 0, Workers: 8
[2025-06-17T23:19:01.750+0300][13852][2928 ][debug][gc,phases] GC(27)     Total                          Min: 0, Avg:  0.0, Max: 0, Diff: 0, Sum: 0, Workers: 8
[2025-06-17T23:19:01.750+0300][13852][2928 ][debug][gc,phases] GC(27)   StringDedup Requests1 Weak     Min:  0.0, Avg:  0.0, Max:  0.0, Diff:  0.0, Sum:  0.0, Workers: 8
[2025-06-17T23:19:01.750+0300][13852][2928 ][debug][gc,phases] GC(27)     Dead                           Min: 0, Avg:  0.0, Max: 0, Diff: 0, Sum: 0, Workers: 8
[2025-06-17T23:19:01.750+0300][13852][2928 ][debug][gc,phases] GC(27)     Total                          Min: 0, Avg:  0.0, Max: 0, Diff: 0, Sum: 0, Workers: 8
[2025-06-17T23:19:01.750+0300][13852][2928 ][debug][gc,phases] GC(27)   Weak JFR Old Object Samples    Min:  0.0, Avg:  0.0, Max:  0.0, Diff:  0.0, Sum:  0.0, Workers: 8
[2025-06-17T23:19:01.750+0300][13852][2928 ][debug][gc,phases] GC(27)     Dead                           Min: 0, Avg:  0.0, Max: 0, Diff: 0, Sum: 0, Workers: 8
[2025-06-17T23:19:01.750+0300][13852][2928 ][debug][gc,phases] GC(27)     Total                          Min: 0, Avg:  0.0, Max: 0, Diff: 0, Sum: 0, Workers: 8
[2025-06-17T23:19:01.750+0300][13852][2928 ][debug][gc,phases] GC(27) Weak Processing 0.564ms
[2025-06-17T23:19:01.750+0300][13852][2928 ][info ][gc,heap  ] GC(27) PSYoungGen: 685088K(691712K)->608K(691712K) Eden: 684544K(684544K)->0K(684544K) From: 544K(7168K)->608K(7168K)
[2025-06-17T23:19:01.750+0300][13852][2928 ][info ][gc,heap  ] GC(27) ParOldGen: 11263K(1398272K)->11327K(1398272K)
[2025-06-17T23:19:01.750+0300][13852][2928 ][info ][gc       ] GC(27) Pause Young (Allocation Failure) 680M->11M(2041M) 0.987ms
[2025-06-17T23:19:01.750+0300][13852][2928 ][debug][gc,heap  ] GC(27) Heap after GC invocations=28 (full 1):
[2025-06-17T23:19:01.750+0300][13852][2928 ][debug][gc,heap  ] GC(27)  PSYoungGen      total 691712K, used 608K [0x00000000d5580000, 0x0000000100000000, 0x0000000100000000)
[2025-06-17T23:19:01.750+0300][13852][2928 ][debug][gc,heap  ] GC(27)   eden space 684544K, 0% used [0x00000000d5580000,0x00000000d5580000,0x00000000ff200000)
[2025-06-17T23:19:01.750+0300][13852][2928 ][debug][gc,heap  ] GC(27)   from space 7168K, 8% used [0x00000000ff200000,0x00000000ff2980c0,0x00000000ff900000)
[2025-06-17T23:19:01.750+0300][13852][2928 ][debug][gc,heap  ] GC(27)   to   space 6656K, 0% used [0x00000000ff980000,0x00000000ff980000,0x0000000100000000)
[2025-06-17T23:19:01.750+0300][13852][2928 ][debug][gc,heap  ] GC(27)  ParOldGen       total 1398272K, used 11327K [0x0000000080000000, 0x00000000d5580000, 0x00000000d5580000)
[2025-06-17T23:19:01.750+0300][13852][2928 ][debug][gc,heap  ] GC(27)   object space 1398272K, 0% used [0x0000000080000000,0x0000000080b0fe30,0x00000000d5580000)
[2025-06-17T23:19:01.750+0300][13852][2928 ][debug][gc,heap  ] GC(27)  Metaspace       used 8987K, committed 9536K, reserved 1114112K
[2025-06-17T23:19:01.750+0300][13852][2928 ][debug][gc,heap  ] GC(27)   class space    used 975K, committed 1216K, reserved 1048576K
[2025-06-17T23:19:01.750+0300][13852][2928 ][info ][safepoint] Safepoint "ParallelGCFailedAllocation", Time since last: 142953900 ns, Reaching safepoint: 263700 ns, Cleanup: 10100 ns, At safepoint: 1249700 ns, Total: 1523500 ns
[2025-06-17T23:19:01.888+0300][13852][2928 ][debug][safepoint] Safepoint synchronization initiated using striped semaphore wait barrier. (19 threads)
[2025-06-17T23:19:01.888+0300][13852][7180 ][debug][safepoint] ... found polling page loop exception at pc = 0x0000012d12e96de0, stub =0x0000012d12894d80
[2025-06-17T23:19:01.888+0300][13852][16580][debug][safepoint] ... found polling page loop exception at pc = 0x0000012d12e96de0, stub =0x0000012d12894d80
[2025-06-17T23:19:01.888+0300][13852][15144][debug][safepoint] ... found polling page loop exception at pc = 0x0000012d12fc3a0c, stub =0x0000012d12895600
[2025-06-17T23:19:01.888+0300][13852][2928 ][debug][gc,heap  ] GC(28) Heap before GC invocations=29 (full 1):
[2025-06-17T23:19:01.888+0300][13852][2928 ][debug][gc,heap  ] GC(28)  PSYoungGen      total 691712K, used 685152K [0x00000000d5580000, 0x0000000100000000, 0x0000000100000000)
[2025-06-17T23:19:01.888+0300][13852][2928 ][debug][gc,heap  ] GC(28)   eden space 684544K, 100% used [0x00000000d5580000,0x00000000ff200000,0x00000000ff200000)
[2025-06-17T23:19:01.888+0300][13852][2928 ][debug][gc,heap  ] GC(28)   from space 7168K, 8% used [0x00000000ff200000,0x00000000ff2980c0,0x00000000ff900000)
[2025-06-17T23:19:01.888+0300][13852][2928 ][debug][gc,heap  ] GC(28)   to   space 6656K, 0% used [0x00000000ff980000,0x00000000ff980000,0x0000000100000000)
[2025-06-17T23:19:01.888+0300][13852][2928 ][debug][gc,heap  ] GC(28)  ParOldGen       total 1398272K, used 11327K [0x0000000080000000, 0x00000000d5580000, 0x00000000d5580000)
[2025-06-17T23:19:01.888+0300][13852][2928 ][debug][gc,heap  ] GC(28)   object space 1398272K, 0% used [0x0000000080000000,0x0000000080b0fe30,0x00000000d5580000)
[2025-06-17T23:19:01.888+0300][13852][2928 ][debug][gc,heap  ] GC(28)  Metaspace       used 8987K, committed 9536K, reserved 1114112K
[2025-06-17T23:19:01.888+0300][13852][2928 ][debug][gc,heap  ] GC(28)   class space    used 975K, committed 1216K, reserved 1048576K
[2025-06-17T23:19:01.888+0300][13852][2928 ][debug][gc,phases] GC(28) Scavenge 0.267ms
[2025-06-17T23:19:01.888+0300][13852][2928 ][debug][gc,phases] GC(28) Reference Processing 0.053ms
[2025-06-17T23:19:01.888+0300][13852][2928 ][debug][gc,phases] GC(28)   VM Weak                        Min:  0.0, Avg:  0.0, Max:  0.0, Diff:  0.0, Sum:  0.0, Workers: 8
[2025-06-17T23:19:01.888+0300][13852][2928 ][debug][gc,phases] GC(28)     Dead                           Min: 0, Avg:  0.0, Max: 0, Diff: 0, Sum: 0, Workers: 8
[2025-06-17T23:19:01.888+0300][13852][2928 ][debug][gc,phases] GC(28)     Total                          Min: 0, Avg: 45.9, Max: 367, Diff: 367, Sum: 367, Workers: 8
[2025-06-17T23:19:01.888+0300][13852][2928 ][debug][gc,phases] GC(28)   ObjectSynchronizer Weak        Min:  0.0, Avg:  0.0, Max:  0.0, Diff:  0.0, Sum:  0.0, Workers: 8
[2025-06-17T23:19:01.888+0300][13852][2928 ][debug][gc,phases] GC(28)     Dead                           Min: 0, Avg:  0.0, Max: 0, Diff: 0, Sum: 0, Workers: 8
[2025-06-17T23:19:01.888+0300][13852][2928 ][debug][gc,phases] GC(28)     Total                          Min: 0, Avg: 16.1, Max: 129, Diff: 129, Sum: 129, Workers: 8
[2025-06-17T23:19:01.888+0300][13852][2928 ][debug][gc,phases] GC(28)   JVMTI Tag Weak OopStorage      Min:  0.0, Avg:  0.0, Max:  0.0, Diff:  0.0, Sum:  0.0, Workers: 8
[2025-06-17T23:19:01.888+0300][13852][2928 ][debug][gc,phases] GC(28)     Dead                           Min: 0, Avg:  0.0, Max: 0, Diff: 0, Sum: 0, Workers: 8
[2025-06-17T23:19:01.888+0300][13852][2928 ][debug][gc,phases] GC(28)     Total                          Min: 0, Avg:  0.0, Max: 0, Diff: 0, Sum: 0, Workers: 8
[2025-06-17T23:19:01.888+0300][13852][2928 ][debug][gc,phases] GC(28)   StringTable Weak               Min:  0.0, Avg:  0.0, Max:  0.0, Diff:  0.0, Sum:  0.1, Workers: 8
[2025-06-17T23:19:01.888+0300][13852][2928 ][debug][gc,phases] GC(28)     Dead                           Min: 0, Avg:  0.0, Max: 0, Diff: 0, Sum: 0, Workers: 8
[2025-06-17T23:19:01.888+0300][13852][2928 ][debug][gc,phases] GC(28)     Total                          Min: 384, Avg: 778.4, Max: 1280, Diff: 896, Sum: 6227, Workers: 8
[2025-06-17T23:19:01.888+0300][13852][2928 ][debug][gc,phases] GC(28)   ResolvedMethodTable Weak       Min:  0.0, Avg:  0.0, Max:  0.0, Diff:  0.0, Sum:  0.0, Workers: 8
[2025-06-17T23:19:01.888+0300][13852][2928 ][debug][gc,phases] GC(28)     Dead                           Min: 0, Avg:  0.0, Max: 0, Diff: 0, Sum: 0, Workers: 8
[2025-06-17T23:19:01.888+0300][13852][2928 ][debug][gc,phases] GC(28)     Total                          Min: 0, Avg: 107.6, Max: 191, Diff: 191, Sum: 861, Workers: 8
[2025-06-17T23:19:01.888+0300][13852][2928 ][debug][gc,phases] GC(28)   JNI Weak                       Min:  0.0, Avg:  0.0, Max:  0.0, Diff:  0.0, Sum:  0.0, Workers: 8
[2025-06-17T23:19:01.888+0300][13852][2928 ][debug][gc,phases] GC(28)     Dead                           Min: 0, Avg:  0.0, Max: 0, Diff: 0, Sum: 0, Workers: 8
[2025-06-17T23:19:01.888+0300][13852][2928 ][debug][gc,phases] GC(28)     Total                          Min: 0, Avg:  0.0, Max: 0, Diff: 0, Sum: 0, Workers: 8
[2025-06-17T23:19:01.888+0300][13852][2928 ][debug][gc,phases] GC(28)   StringDedup Table Weak         Min:  0.0, Avg:  0.0, Max:  0.0, Diff:  0.0, Sum:  0.0, Workers: 8
[2025-06-17T23:19:01.888+0300][13852][2928 ][debug][gc,phases] GC(28)     Dead                           Min: 0, Avg:  0.0, Max: 0, Diff: 0, Sum: 0, Workers: 8
[2025-06-17T23:19:01.888+0300][13852][2928 ][debug][gc,phases] GC(28)     Total                          Min: 0, Avg:  0.0, Max: 0, Diff: 0, Sum: 0, Workers: 8
[2025-06-17T23:19:01.888+0300][13852][2928 ][debug][gc,phases] GC(28)   StringDedup Requests0 Weak     Min:  0.0, Avg:  0.0, Max:  0.0, Diff:  0.0, Sum:  0.0, Workers: 8
[2025-06-17T23:19:01.888+0300][13852][2928 ][debug][gc,phases] GC(28)     Dead                           Min: 0, Avg:  0.0, Max: 0, Diff: 0, Sum: 0, Workers: 8
[2025-06-17T23:19:01.888+0300][13852][2928 ][debug][gc,phases] GC(28)     Total                          Min: 0, Avg:  0.0, Max: 0, Diff: 0, Sum: 0, Workers: 8
[2025-06-17T23:19:01.888+0300][13852][2928 ][debug][gc,phases] GC(28)   StringDedup Requests1 Weak     Min:  0.0, Avg:  0.0, Max:  0.0, Diff:  0.0, Sum:  0.0, Workers: 8
[2025-06-17T23:19:01.888+0300][13852][2928 ][debug][gc,phases] GC(28)     Dead                           Min: 0, Avg:  0.0, Max: 0, Diff: 0, Sum: 0, Workers: 8
[2025-06-17T23:19:01.888+0300][13852][2928 ][debug][gc,phases] GC(28)     Total                          Min: 0, Avg:  0.0, Max: 0, Diff: 0, Sum: 0, Workers: 8
[2025-06-17T23:19:01.888+0300][13852][2928 ][debug][gc,phases] GC(28)   Weak JFR Old Object Samples    Min:  0.0, Avg:  0.0, Max:  0.0, Diff:  0.0, Sum:  0.0, Workers: 8
[2025-06-17T23:19:01.888+0300][13852][2928 ][debug][gc,phases] GC(28)     Dead                           Min: 0, Avg:  0.0, Max: 0, Diff: 0, Sum: 0, Workers: 8
[2025-06-17T23:19:01.888+0300][13852][2928 ][debug][gc,phases] GC(28)     Total                          Min: 0, Avg:  0.0, Max: 0, Diff: 0, Sum: 0, Workers: 8
[2025-06-17T23:19:01.888+0300][13852][2928 ][debug][gc,phases] GC(28) Weak Processing 0.448ms
[2025-06-17T23:19:01.888+0300][13852][2928 ][info ][gc,heap  ] GC(28) PSYoungGen: 685152K(691712K)->512K(692736K) Eden: 684544K(684544K)->0K(686080K) From: 608K(7168K)->512K(6656K)
[2025-06-17T23:19:01.888+0300][13852][2928 ][info ][gc,heap  ] GC(28) ParOldGen: 11327K(1398272K)->11391K(1398272K)
[2025-06-17T23:19:01.888+0300][13852][2928 ][info ][gc       ] GC(28) Pause Young (Allocation Failure) 680M->11M(2042M) 0.876ms
[2025-06-17T23:19:01.888+0300][13852][2928 ][debug][gc,heap  ] GC(28) Heap after GC invocations=29 (full 1):
[2025-06-17T23:19:01.888+0300][13852][2928 ][debug][gc,heap  ] GC(28)  PSYoungGen      total 692736K, used 512K [0x00000000d5580000, 0x0000000100000000, 0x0000000100000000)
[2025-06-17T23:19:01.888+0300][13852][2928 ][debug][gc,heap  ] GC(28)   eden space 686080K, 0% used [0x00000000d5580000,0x00000000d5580000,0x00000000ff380000)
[2025-06-17T23:19:01.888+0300][13852][2928 ][debug][gc,heap  ] GC(28)   from space 6656K, 7% used [0x00000000ff980000,0x00000000ffa000e0,0x0000000100000000)
[2025-06-17T23:19:01.888+0300][13852][2928 ][debug][gc,heap  ] GC(28)   to   space 6144K, 0% used [0x00000000ff380000,0x00000000ff380000,0x00000000ff980000)
[2025-06-17T23:19:01.888+0300][13852][2928 ][debug][gc,heap  ] GC(28)  ParOldGen       total 1398272K, used 11391K [0x0000000080000000, 0x00000000d5580000, 0x00000000d5580000)
[2025-06-17T23:19:01.888+0300][13852][2928 ][debug][gc,heap  ] GC(28)   object space 1398272K, 0% used [0x0000000080000000,0x0000000080b1fe30,0x00000000d5580000)
[2025-06-17T23:19:01.888+0300][13852][2928 ][debug][gc,heap  ] GC(28)  Metaspace       used 8987K, committed 9536K, reserved 1114112K
[2025-06-17T23:19:01.888+0300][13852][2928 ][debug][gc,heap  ] GC(28)   class space    used 975K, committed 1216K, reserved 1048576K
[2025-06-17T23:19:01.888+0300][13852][2928 ][info ][safepoint] Safepoint "ParallelGCFailedAllocation", Time since last: 137771900 ns, Reaching safepoint: 239800 ns, Cleanup: 10300 ns, At safepoint: 1229700 ns, Total: 1479800 ns
[2025-06-17T23:19:02.050+0300][13852][2928 ][debug][safepoint] Safepoint synchronization initiated using striped semaphore wait barrier. (19 threads)
[2025-06-17T23:19:02.050+0300][13852][9760 ][debug][safepoint] ... found polling page loop exception at pc = 0x0000012d12e96de0, stub =0x0000012d12894d80
[2025-06-17T23:19:02.050+0300][13852][7180 ][debug][safepoint] ... found polling page loop exception at pc = 0x0000012d12efe703, stub =0x0000012d12895600
[2025-06-17T23:19:02.050+0300][13852][7528 ][debug][safepoint] ... found polling page loop exception at pc = 0x0000012d12e96de0, stub =0x0000012d12894d80
[2025-06-17T23:19:02.050+0300][13852][16580][debug][safepoint] ... found polling page loop exception at pc = 0x0000012d12e96de0, stub =0x0000012d12894d80
[2025-06-17T23:19:02.050+0300][13852][2928 ][debug][gc,heap  ] GC(29) Heap before GC invocations=30 (full 1):
[2025-06-17T23:19:02.050+0300][13852][2928 ][debug][gc,heap  ] GC(29)  PSYoungGen      total 692736K, used 686592K [0x00000000d5580000, 0x0000000100000000, 0x0000000100000000)
[2025-06-17T23:19:02.050+0300][13852][2928 ][debug][gc,heap  ] GC(29)   eden space 686080K, 100% used [0x00000000d5580000,0x00000000ff380000,0x00000000ff380000)
[2025-06-17T23:19:02.050+0300][13852][2928 ][debug][gc,heap  ] GC(29)   from space 6656K, 7% used [0x00000000ff980000,0x00000000ffa000e0,0x0000000100000000)
[2025-06-17T23:19:02.050+0300][13852][2928 ][debug][gc,heap  ] GC(29)   to   space 6144K, 0% used [0x00000000ff380000,0x00000000ff380000,0x00000000ff980000)
[2025-06-17T23:19:02.050+0300][13852][2928 ][debug][gc,heap  ] GC(29)  ParOldGen       total 1398272K, used 11391K [0x0000000080000000, 0x00000000d5580000, 0x00000000d5580000)
[2025-06-17T23:19:02.050+0300][13852][2928 ][debug][gc,heap  ] GC(29)   object space 1398272K, 0% used [0x0000000080000000,0x0000000080b1fe30,0x00000000d5580000)
[2025-06-17T23:19:02.050+0300][13852][2928 ][debug][gc,heap  ] GC(29)  Metaspace       used 8987K, committed 9536K, reserved 1114112K
[2025-06-17T23:19:02.050+0300][13852][2928 ][debug][gc,heap  ] GC(29)   class space    used 975K, committed 1216K, reserved 1048576K
[2025-06-17T23:19:02.050+0300][13852][2928 ][debug][gc,phases] GC(29) Scavenge 0.213ms
[2025-06-17T23:19:02.050+0300][13852][2928 ][debug][gc,phases] GC(29) Reference Processing 0.036ms
[2025-06-17T23:19:02.050+0300][13852][2928 ][debug][gc,phases] GC(29)   VM Weak                        Min:  0.0, Avg:  0.0, Max:  0.0, Diff:  0.0, Sum:  0.0, Workers: 8
[2025-06-17T23:19:02.050+0300][13852][2928 ][debug][gc,phases] GC(29)     Dead                           Min: 0, Avg:  0.0, Max: 0, Diff: 0, Sum: 0, Workers: 8
[2025-06-17T23:19:02.050+0300][13852][2928 ][debug][gc,phases] GC(29)     Total                          Min: 0, Avg: 45.9, Max: 192, Diff: 192, Sum: 367, Workers: 8
[2025-06-17T23:19:02.050+0300][13852][2928 ][debug][gc,phases] GC(29)   ObjectSynchronizer Weak        Min:  0.0, Avg:  0.0, Max:  0.0, Diff:  0.0, Sum:  0.0, Workers: 8
[2025-06-17T23:19:02.050+0300][13852][2928 ][debug][gc,phases] GC(29)     Dead                           Min: 0, Avg:  0.0, Max: 0, Diff: 0, Sum: 0, Workers: 8
[2025-06-17T23:19:02.050+0300][13852][2928 ][debug][gc,phases] GC(29)     Total                          Min: 0, Avg: 16.1, Max: 64, Diff: 64, Sum: 129, Workers: 8
[2025-06-17T23:19:02.050+0300][13852][2928 ][debug][gc,phases] GC(29)   JVMTI Tag Weak OopStorage      Min:  0.0, Avg:  0.0, Max:  0.0, Diff:  0.0, Sum:  0.0, Workers: 8
[2025-06-17T23:19:02.050+0300][13852][2928 ][debug][gc,phases] GC(29)     Dead                           Min: 0, Avg:  0.0, Max: 0, Diff: 0, Sum: 0, Workers: 8
[2025-06-17T23:19:02.050+0300][13852][2928 ][debug][gc,phases] GC(29)     Total                          Min: 0, Avg:  0.0, Max: 0, Diff: 0, Sum: 0, Workers: 8
[2025-06-17T23:19:02.050+0300][13852][2928 ][debug][gc,phases] GC(29)   StringTable Weak               Min:  0.0, Avg:  0.0, Max:  0.0, Diff:  0.0, Sum:  0.1, Workers: 8
[2025-06-17T23:19:02.050+0300][13852][2928 ][debug][gc,phases] GC(29)     Dead                           Min: 0, Avg:  0.0, Max: 0, Diff: 0, Sum: 0, Workers: 8
[2025-06-17T23:19:02.050+0300][13852][2928 ][debug][gc,phases] GC(29)     Total                          Min: 0, Avg: 778.4, Max: 1152, Diff: 1152, Sum: 6227, Workers: 8
[2025-06-17T23:19:02.050+0300][13852][2928 ][debug][gc,phases] GC(29)   ResolvedMethodTable Weak       Min:  0.0, Avg:  0.0, Max:  0.0, Diff:  0.0, Sum:  0.0, Workers: 8
[2025-06-17T23:19:02.050+0300][13852][2928 ][debug][gc,phases] GC(29)     Dead                           Min: 0, Avg:  0.0, Max: 0, Diff: 0, Sum: 0, Workers: 8
[2025-06-17T23:19:02.050+0300][13852][2928 ][debug][gc,phases] GC(29)     Total                          Min: 0, Avg: 107.6, Max: 128, Diff: 128, Sum: 861, Workers: 8
[2025-06-17T23:19:02.050+0300][13852][2928 ][debug][gc,phases] GC(29)   JNI Weak                       Min:  0.0, Avg:  0.0, Max:  0.0, Diff:  0.0, Sum:  0.0, Workers: 8
[2025-06-17T23:19:02.050+0300][13852][2928 ][debug][gc,phases] GC(29)     Dead                           Min: 0, Avg:  0.0, Max: 0, Diff: 0, Sum: 0, Workers: 8
[2025-06-17T23:19:02.050+0300][13852][2928 ][debug][gc,phases] GC(29)     Total                          Min: 0, Avg:  0.0, Max: 0, Diff: 0, Sum: 0, Workers: 8
[2025-06-17T23:19:02.050+0300][13852][2928 ][debug][gc,phases] GC(29)   StringDedup Table Weak         Min:  0.0, Avg:  0.0, Max:  0.0, Diff:  0.0, Sum:  0.0, Workers: 8
[2025-06-17T23:19:02.050+0300][13852][2928 ][debug][gc,phases] GC(29)     Dead                           Min: 0, Avg:  0.0, Max: 0, Diff: 0, Sum: 0, Workers: 8
[2025-06-17T23:19:02.050+0300][13852][2928 ][debug][gc,phases] GC(29)     Total                          Min: 0, Avg:  0.0, Max: 0, Diff: 0, Sum: 0, Workers: 8
[2025-06-17T23:19:02.050+0300][13852][2928 ][debug][gc,phases] GC(29)   StringDedup Requests0 Weak     Min:  0.0, Avg:  0.0, Max:  0.0, Diff:  0.0, Sum:  0.0, Workers: 8
[2025-06-17T23:19:02.050+0300][13852][2928 ][debug][gc,phases] GC(29)     Dead                           Min: 0, Avg:  0.0, Max: 0, Diff: 0, Sum: 0, Workers: 8
[2025-06-17T23:19:02.050+0300][13852][2928 ][debug][gc,phases] GC(29)     Total                          Min: 0, Avg:  0.0, Max: 0, Diff: 0, Sum: 0, Workers: 8
[2025-06-17T23:19:02.050+0300][13852][2928 ][debug][gc,phases] GC(29)   StringDedup Requests1 Weak     Min:  0.0, Avg:  0.0, Max:  0.0, Diff:  0.0, Sum:  0.0, Workers: 8
[2025-06-17T23:19:02.050+0300][13852][2928 ][debug][gc,phases] GC(29)     Dead                           Min: 0, Avg:  0.0, Max: 0, Diff: 0, Sum: 0, Workers: 8
[2025-06-17T23:19:02.050+0300][13852][2928 ][debug][gc,phases] GC(29)     Total                          Min: 0, Avg:  0.0, Max: 0, Diff: 0, Sum: 0, Workers: 8
[2025-06-17T23:19:02.050+0300][13852][2928 ][debug][gc,phases] GC(29)   Weak JFR Old Object Samples    Min:  0.0, Avg:  0.0, Max:  0.0, Diff:  0.0, Sum:  0.0, Workers: 8
[2025-06-17T23:19:02.050+0300][13852][2928 ][debug][gc,phases] GC(29)     Dead                           Min: 0, Avg:  0.0, Max: 0, Diff: 0, Sum: 0, Workers: 8
[2025-06-17T23:19:02.050+0300][13852][2928 ][debug][gc,phases] GC(29)     Total                          Min: 0, Avg:  0.0, Max: 0, Diff: 0, Sum: 0, Workers: 8
[2025-06-17T23:19:02.050+0300][13852][2928 ][debug][gc,phases] GC(29) Weak Processing 0.400ms
[2025-06-17T23:19:02.050+0300][13852][2928 ][info ][gc,heap  ] GC(29) PSYoungGen: 686592K(692736K)->544K(692224K) Eden: 686080K(686080K)->0K(686080K) From: 512K(6656K)->544K(6144K)
[2025-06-17T23:19:02.050+0300][13852][2928 ][info ][gc,heap  ] GC(29) ParOldGen: 11391K(1398272K)->11455K(1398272K)
[2025-06-17T23:19:02.050+0300][13852][2928 ][info ][gc       ] GC(29) Pause Young (Allocation Failure) 681M->11M(2041M) 0.737ms
[2025-06-17T23:19:02.050+0300][13852][2928 ][debug][gc,heap  ] GC(29) Heap after GC invocations=30 (full 1):
[2025-06-17T23:19:02.050+0300][13852][2928 ][debug][gc,heap  ] GC(29)  PSYoungGen      total 692224K, used 544K [0x00000000d5580000, 0x0000000100000000, 0x0000000100000000)
[2025-06-17T23:19:02.050+0300][13852][2928 ][debug][gc,heap  ] GC(29)   eden space 686080K, 0% used [0x00000000d5580000,0x00000000d5580000,0x00000000ff380000)
[2025-06-17T23:19:02.050+0300][13852][2928 ][debug][gc,heap  ] GC(29)   from space 6144K, 8% used [0x00000000ff380000,0x00000000ff408100,0x00000000ff980000)
[2025-06-17T23:19:02.050+0300][13852][2928 ][debug][gc,heap  ] GC(29)   to   space 6144K, 0% used [0x00000000ffa00000,0x00000000ffa00000,0x0000000100000000)
[2025-06-17T23:19:02.050+0300][13852][2928 ][debug][gc,heap  ] GC(29)  ParOldGen       total 1398272K, used 11455K [0x0000000080000000, 0x00000000d5580000, 0x00000000d5580000)
[2025-06-17T23:19:02.050+0300][13852][2928 ][debug][gc,heap  ] GC(29)   object space 1398272K, 0% used [0x0000000080000000,0x0000000080b2fe30,0x00000000d5580000)
[2025-06-17T23:19:02.050+0300][13852][2928 ][debug][gc,heap  ] GC(29)  Metaspace       used 8987K, committed 9536K, reserved 1114112K
[2025-06-17T23:19:02.050+0300][13852][2928 ][debug][gc,heap  ] GC(29)   class space    used 975K, committed 1216K, reserved 1048576K
[2025-06-17T23:19:02.050+0300][13852][2928 ][info ][safepoint] Safepoint "ParallelGCFailedAllocation", Time since last: 159054400 ns, Reaching safepoint: 268800 ns, Cleanup: 11100 ns, At safepoint: 1017500 ns, Total: 1297400 ns
[2025-06-17T23:19:02.206+0300][13852][2928 ][debug][safepoint] Safepoint synchronization initiated using striped semaphore wait barrier. (19 threads)
[2025-06-17T23:19:02.206+0300][13852][15144][debug][safepoint] ... found polling page loop exception at pc = 0x0000012d12e96de0, stub =0x0000012d12894d80
[2025-06-17T23:19:02.206+0300][13852][7180 ][debug][safepoint] ... found polling page loop exception at pc = 0x0000012d12e96de0, stub =0x0000012d12894d80
[2025-06-17T23:19:02.206+0300][13852][9760 ][debug][safepoint] ... found polling page loop exception at pc = 0x0000012d12e96de0, stub =0x0000012d12894d80
[2025-06-17T23:19:02.206+0300][13852][2928 ][debug][gc,heap  ] GC(30) Heap before GC invocations=31 (full 1):
[2025-06-17T23:19:02.206+0300][13852][2928 ][debug][gc,heap  ] GC(30)  PSYoungGen      total 692224K, used 686624K [0x00000000d5580000, 0x0000000100000000, 0x0000000100000000)
[2025-06-17T23:19:02.206+0300][13852][2928 ][debug][gc,heap  ] GC(30)   eden space 686080K, 100% used [0x00000000d5580000,0x00000000ff380000,0x00000000ff380000)
[2025-06-17T23:19:02.206+0300][13852][2928 ][debug][gc,heap  ] GC(30)   from space 6144K, 8% used [0x00000000ff380000,0x00000000ff408100,0x00000000ff980000)
[2025-06-17T23:19:02.206+0300][13852][2928 ][debug][gc,heap  ] GC(30)   to   space 6144K, 0% used [0x00000000ffa00000,0x00000000ffa00000,0x0000000100000000)
[2025-06-17T23:19:02.206+0300][13852][2928 ][debug][gc,heap  ] GC(30)  ParOldGen       total 1398272K, used 11455K [0x0000000080000000, 0x00000000d5580000, 0x00000000d5580000)
[2025-06-17T23:19:02.206+0300][13852][2928 ][debug][gc,heap  ] GC(30)   object space 1398272K, 0% used [0x0000000080000000,0x0000000080b2fe30,0x00000000d5580000)
[2025-06-17T23:19:02.206+0300][13852][2928 ][debug][gc,heap  ] GC(30)  Metaspace       used 8987K, committed 9536K, reserved 1114112K
[2025-06-17T23:19:02.206+0300][13852][2928 ][debug][gc,heap  ] GC(30)   class space    used 975K, committed 1216K, reserved 1048576K
[2025-06-17T23:19:02.206+0300][13852][2928 ][debug][gc,phases] GC(30) Scavenge 0.267ms
[2025-06-17T23:19:02.206+0300][13852][2928 ][debug][gc,phases] GC(30) Reference Processing 0.038ms
[2025-06-17T23:19:02.206+0300][13852][2928 ][debug][gc,phases] GC(30)   VM Weak                        Min:  0.0, Avg:  0.0, Max:  0.0, Diff:  0.0, Sum:  0.0, Workers: 8
[2025-06-17T23:19:02.206+0300][13852][2928 ][debug][gc,phases] GC(30)     Dead                           Min: 0, Avg:  0.0, Max: 0, Diff: 0, Sum: 0, Workers: 8
[2025-06-17T23:19:02.206+0300][13852][2928 ][debug][gc,phases] GC(30)     Total                          Min: 0, Avg: 45.9, Max: 256, Diff: 256, Sum: 367, Workers: 8
[2025-06-17T23:19:02.206+0300][13852][2928 ][debug][gc,phases] GC(30)   ObjectSynchronizer Weak        Min:  0.0, Avg:  0.0, Max:  0.0, Diff:  0.0, Sum:  0.0, Workers: 8
[2025-06-17T23:19:02.206+0300][13852][2928 ][debug][gc,phases] GC(30)     Dead                           Min: 0, Avg:  0.0, Max: 0, Diff: 0, Sum: 0, Workers: 8
[2025-06-17T23:19:02.206+0300][13852][2928 ][debug][gc,phases] GC(30)     Total                          Min: 0, Avg: 16.1, Max: 65, Diff: 65, Sum: 129, Workers: 8
[2025-06-17T23:19:02.206+0300][13852][2928 ][debug][gc,phases] GC(30)   JVMTI Tag Weak OopStorage      Min:  0.0, Avg:  0.0, Max:  0.0, Diff:  0.0, Sum:  0.0, Workers: 8
[2025-06-17T23:19:02.206+0300][13852][2928 ][debug][gc,phases] GC(30)     Dead                           Min: 0, Avg:  0.0, Max: 0, Diff: 0, Sum: 0, Workers: 8
[2025-06-17T23:19:02.206+0300][13852][2928 ][debug][gc,phases] GC(30)     Total                          Min: 0, Avg:  0.0, Max: 0, Diff: 0, Sum: 0, Workers: 8
[2025-06-17T23:19:02.206+0300][13852][2928 ][debug][gc,phases] GC(30)   StringTable Weak               Min:  0.0, Avg:  0.0, Max:  0.0, Diff:  0.0, Sum:  0.0, Workers: 8
[2025-06-17T23:19:02.206+0300][13852][2928 ][debug][gc,phases] GC(30)     Dead                           Min: 0, Avg:  0.0, Max: 0, Diff: 0, Sum: 0, Workers: 8
[2025-06-17T23:19:02.206+0300][13852][2928 ][debug][gc,phases] GC(30)     Total                          Min: 640, Avg: 778.4, Max: 896, Diff: 256, Sum: 6227, Workers: 8
[2025-06-17T23:19:02.206+0300][13852][2928 ][debug][gc,phases] GC(30)   ResolvedMethodTable Weak       Min:  0.0, Avg:  0.0, Max:  0.0, Diff:  0.0, Sum:  0.0, Workers: 8
[2025-06-17T23:19:02.206+0300][13852][2928 ][debug][gc,phases] GC(30)     Dead                           Min: 0, Avg:  0.0, Max: 0, Diff: 0, Sum: 0, Workers: 8
[2025-06-17T23:19:02.206+0300][13852][2928 ][debug][gc,phases] GC(30)     Total                          Min: 30, Avg: 107.6, Max: 128, Diff: 98, Sum: 861, Workers: 8
[2025-06-17T23:19:02.206+0300][13852][2928 ][debug][gc,phases] GC(30)   JNI Weak                       Min:  0.0, Avg:  0.0, Max:  0.0, Diff:  0.0, Sum:  0.0, Workers: 8
[2025-06-17T23:19:02.206+0300][13852][2928 ][debug][gc,phases] GC(30)     Dead                           Min: 0, Avg:  0.0, Max: 0, Diff: 0, Sum: 0, Workers: 8
[2025-06-17T23:19:02.206+0300][13852][2928 ][debug][gc,phases] GC(30)     Total                          Min: 0, Avg:  0.0, Max: 0, Diff: 0, Sum: 0, Workers: 8
[2025-06-17T23:19:02.206+0300][13852][2928 ][debug][gc,phases] GC(30)   StringDedup Table Weak         Min:  0.0, Avg:  0.0, Max:  0.0, Diff:  0.0, Sum:  0.0, Workers: 8
[2025-06-17T23:19:02.206+0300][13852][2928 ][debug][gc,phases] GC(30)     Dead                           Min: 0, Avg:  0.0, Max: 0, Diff: 0, Sum: 0, Workers: 8
[2025-06-17T23:19:02.206+0300][13852][2928 ][debug][gc,phases] GC(30)     Total                          Min: 0, Avg:  0.0, Max: 0, Diff: 0, Sum: 0, Workers: 8
[2025-06-17T23:19:02.206+0300][13852][2928 ][debug][gc,phases] GC(30)   StringDedup Requests0 Weak     Min:  0.0, Avg:  0.0, Max:  0.0, Diff:  0.0, Sum:  0.0, Workers: 8
[2025-06-17T23:19:02.206+0300][13852][2928 ][debug][gc,phases] GC(30)     Dead                           Min: 0, Avg:  0.0, Max: 0, Diff: 0, Sum: 0, Workers: 8
[2025-06-17T23:19:02.206+0300][13852][2928 ][debug][gc,phases] GC(30)     Total                          Min: 0, Avg:  0.0, Max: 0, Diff: 0, Sum: 0, Workers: 8
[2025-06-17T23:19:02.206+0300][13852][2928 ][debug][gc,phases] GC(30)   StringDedup Requests1 Weak     Min:  0.0, Avg:  0.0, Max:  0.0, Diff:  0.0, Sum:  0.0, Workers: 8
[2025-06-17T23:19:02.206+0300][13852][2928 ][debug][gc,phases] GC(30)     Dead                           Min: 0, Avg:  0.0, Max: 0, Diff: 0, Sum: 0, Workers: 8
[2025-06-17T23:19:02.206+0300][13852][2928 ][debug][gc,phases] GC(30)     Total                          Min: 0, Avg:  0.0, Max: 0, Diff: 0, Sum: 0, Workers: 8
[2025-06-17T23:19:02.206+0300][13852][2928 ][debug][gc,phases] GC(30)   Weak JFR Old Object Samples    Min:  0.0, Avg:  0.0, Max:  0.0, Diff:  0.0, Sum:  0.0, Workers: 8
[2025-06-17T23:19:02.206+0300][13852][2928 ][debug][gc,phases] GC(30)     Dead                           Min: 0, Avg:  0.0, Max: 0, Diff: 0, Sum: 0, Workers: 8
[2025-06-17T23:19:02.206+0300][13852][2928 ][debug][gc,phases] GC(30)     Total                          Min: 0, Avg:  0.0, Max: 0, Diff: 0, Sum: 0, Workers: 8
[2025-06-17T23:19:02.206+0300][13852][2928 ][debug][gc,phases] GC(30) Weak Processing 0.355ms
[2025-06-17T23:19:02.206+0300][13852][2928 ][info ][gc,heap  ] GC(30) PSYoungGen: 686624K(692224K)->464K(693248K) Eden: 686080K(686080K)->0K(687104K) From: 544K(6144K)->464K(6144K)
[2025-06-17T23:19:02.206+0300][13852][2928 ][info ][gc,heap  ] GC(30) ParOldGen: 11455K(1398272K)->11511K(1398272K)
[2025-06-17T23:19:02.206+0300][13852][2928 ][info ][gc       ] GC(30) Pause Young (Allocation Failure) 681M->11M(2042M) 0.753ms
[2025-06-17T23:19:02.206+0300][13852][2928 ][debug][gc,heap  ] GC(30) Heap after GC invocations=31 (full 1):
[2025-06-17T23:19:02.206+0300][13852][2928 ][debug][gc,heap  ] GC(30)  PSYoungGen      total 693248K, used 464K [0x00000000d5580000, 0x0000000100000000, 0x0000000100000000)
[2025-06-17T23:19:02.206+0300][13852][2928 ][debug][gc,heap  ] GC(30)   eden space 687104K, 0% used [0x00000000d5580000,0x00000000d5580000,0x00000000ff480000)
[2025-06-17T23:19:02.206+0300][13852][2928 ][debug][gc,heap  ] GC(30)   from space 6144K, 7% used [0x00000000ffa00000,0x00000000ffa740b0,0x0000000100000000)
[2025-06-17T23:19:02.206+0300][13852][2928 ][debug][gc,heap  ] GC(30)   to   space 5632K, 0% used [0x00000000ff480000,0x00000000ff480000,0x00000000ffa00000)
[2025-06-17T23:19:02.206+0300][13852][2928 ][debug][gc,heap  ] GC(30)  ParOldGen       total 1398272K, used 11511K [0x0000000080000000, 0x00000000d5580000, 0x00000000d5580000)
[2025-06-17T23:19:02.206+0300][13852][2928 ][debug][gc,heap  ] GC(30)   object space 1398272K, 0% used [0x0000000080000000,0x0000000080b3de30,0x00000000d5580000)
[2025-06-17T23:19:02.206+0300][13852][2928 ][debug][gc,heap  ] GC(30)  Metaspace       used 8987K, committed 9536K, reserved 1114112K
[2025-06-17T23:19:02.206+0300][13852][2928 ][debug][gc,heap  ] GC(30)   class space    used 975K, committed 1216K, reserved 1048576K
[2025-06-17T23:19:02.206+0300][13852][2928 ][info ][safepoint] Safepoint "ParallelGCFailedAllocation", Time since last: 156244300 ns, Reaching safepoint: 172900 ns, Cleanup: 5800 ns, At safepoint: 1018200 ns, Total: 1196900 ns
[2025-06-17T23:19:02.351+0300][13852][2928 ][debug][safepoint] Safepoint synchronization initiated using striped semaphore wait barrier. (19 threads)
[2025-06-17T23:19:02.353+0300][13852][7528 ][debug][safepoint] ... found polling page loop exception at pc = 0x0000012d12e96de0, stub =0x0000012d12894d80
[2025-06-17T23:19:02.353+0300][13852][13388][debug][safepoint] ... found polling page loop exception at pc = 0x0000012d12e96de0, stub =0x0000012d12894d80
[2025-06-17T23:19:02.353+0300][13852][2928 ][debug][gc,heap  ] GC(31) Heap before GC invocations=32 (full 1):
[2025-06-17T23:19:02.353+0300][13852][2928 ][debug][gc,heap  ] GC(31)  PSYoungGen      total 693248K, used 687568K [0x00000000d5580000, 0x0000000100000000, 0x0000000100000000)
[2025-06-17T23:19:02.353+0300][13852][2928 ][debug][gc,heap  ] GC(31)   eden space 687104K, 100% used [0x00000000d5580000,0x00000000ff480000,0x00000000ff480000)
[2025-06-17T23:19:02.353+0300][13852][2928 ][debug][gc,heap  ] GC(31)   from space 6144K, 7% used [0x00000000ffa00000,0x00000000ffa740b0,0x0000000100000000)
[2025-06-17T23:19:02.353+0300][13852][2928 ][debug][gc,heap  ] GC(31)   to   space 5632K, 0% used [0x00000000ff480000,0x00000000ff480000,0x00000000ffa00000)
[2025-06-17T23:19:02.353+0300][13852][2928 ][debug][gc,heap  ] GC(31)  ParOldGen       total 1398272K, used 11511K [0x0000000080000000, 0x00000000d5580000, 0x00000000d5580000)
[2025-06-17T23:19:02.353+0300][13852][2928 ][debug][gc,heap  ] GC(31)   object space 1398272K, 0% used [0x0000000080000000,0x0000000080b3de30,0x00000000d5580000)
[2025-06-17T23:19:02.353+0300][13852][2928 ][debug][gc,heap  ] GC(31)  Metaspace       used 8987K, committed 9536K, reserved 1114112K
[2025-06-17T23:19:02.353+0300][13852][2928 ][debug][gc,heap  ] GC(31)   class space    used 975K, committed 1216K, reserved 1048576K
[2025-06-17T23:19:02.353+0300][13852][2928 ][debug][gc,phases] GC(31) Scavenge 0.223ms
[2025-06-17T23:19:02.353+0300][13852][2928 ][debug][gc,phases] GC(31) Reference Processing 0.049ms
[2025-06-17T23:19:02.353+0300][13852][2928 ][debug][gc,phases] GC(31)   VM Weak                        Min:  0.0, Avg:  0.0, Max:  0.0, Diff:  0.0, Sum:  0.0, Workers: 8
[2025-06-17T23:19:02.353+0300][13852][2928 ][debug][gc,phases] GC(31)     Dead                           Min: 0, Avg:  0.0, Max: 0, Diff: 0, Sum: 0, Workers: 8
[2025-06-17T23:19:02.353+0300][13852][2928 ][debug][gc,phases] GC(31)     Total                          Min: 0, Avg: 45.9, Max: 128, Diff: 128, Sum: 367, Workers: 8
[2025-06-17T23:19:02.353+0300][13852][2928 ][debug][gc,phases] GC(31)   ObjectSynchronizer Weak        Min:  0.0, Avg:  0.0, Max:  0.0, Diff:  0.0, Sum:  0.0, Workers: 8
[2025-06-17T23:19:02.353+0300][13852][2928 ][debug][gc,phases] GC(31)     Dead                           Min: 0, Avg:  0.0, Max: 0, Diff: 0, Sum: 0, Workers: 8
[2025-06-17T23:19:02.353+0300][13852][2928 ][debug][gc,phases] GC(31)     Total                          Min: 0, Avg: 16.1, Max: 64, Diff: 64, Sum: 129, Workers: 8
[2025-06-17T23:19:02.353+0300][13852][2928 ][debug][gc,phases] GC(31)   JVMTI Tag Weak OopStorage      Min:  0.0, Avg:  0.0, Max:  0.0, Diff:  0.0, Sum:  0.0, Workers: 8
[2025-06-17T23:19:02.353+0300][13852][2928 ][debug][gc,phases] GC(31)     Dead                           Min: 0, Avg:  0.0, Max: 0, Diff: 0, Sum: 0, Workers: 8
[2025-06-17T23:19:02.353+0300][13852][2928 ][debug][gc,phases] GC(31)     Total                          Min: 0, Avg:  0.0, Max: 0, Diff: 0, Sum: 0, Workers: 8
[2025-06-17T23:19:02.353+0300][13852][2928 ][debug][gc,phases] GC(31)   StringTable Weak               Min:  0.0, Avg:  0.0, Max:  0.0, Diff:  0.0, Sum:  0.1, Workers: 8
[2025-06-17T23:19:02.353+0300][13852][2928 ][debug][gc,phases] GC(31)     Dead                           Min: 0, Avg:  0.0, Max: 0, Diff: 0, Sum: 0, Workers: 8
[2025-06-17T23:19:02.353+0300][13852][2928 ][debug][gc,phases] GC(31)     Total                          Min: 0, Avg: 778.4, Max: 960, Diff: 960, Sum: 6227, Workers: 8
[2025-06-17T23:19:02.353+0300][13852][2928 ][debug][gc,phases] GC(31)   ResolvedMethodTable Weak       Min:  0.0, Avg:  0.0, Max:  0.0, Diff:  0.0, Sum:  0.0, Workers: 8
[2025-06-17T23:19:02.353+0300][13852][2928 ][debug][gc,phases] GC(31)     Dead                           Min: 0, Avg:  0.0, Max: 0, Diff: 0, Sum: 0, Workers: 8
[2025-06-17T23:19:02.353+0300][13852][2928 ][debug][gc,phases] GC(31)     Total                          Min: 0, Avg: 107.6, Max: 158, Diff: 158, Sum: 861, Workers: 8
[2025-06-17T23:19:02.353+0300][13852][2928 ][debug][gc,phases] GC(31)   JNI Weak                       Min:  0.0, Avg:  0.0, Max:  0.0, Diff:  0.0, Sum:  0.0, Workers: 8
[2025-06-17T23:19:02.353+0300][13852][2928 ][debug][gc,phases] GC(31)     Dead                           Min: 0, Avg:  0.0, Max: 0, Diff: 0, Sum: 0, Workers: 8
[2025-06-17T23:19:02.353+0300][13852][2928 ][debug][gc,phases] GC(31)     Total                          Min: 0, Avg:  0.0, Max: 0, Diff: 0, Sum: 0, Workers: 8
[2025-06-17T23:19:02.353+0300][13852][2928 ][debug][gc,phases] GC(31)   StringDedup Table Weak         Min:  0.0, Avg:  0.0, Max:  0.0, Diff:  0.0, Sum:  0.0, Workers: 8
[2025-06-17T23:19:02.353+0300][13852][2928 ][debug][gc,phases] GC(31)     Dead                           Min: 0, Avg:  0.0, Max: 0, Diff: 0, Sum: 0, Workers: 8
[2025-06-17T23:19:02.353+0300][13852][2928 ][debug][gc,phases] GC(31)     Total                          Min: 0, Avg:  0.0, Max: 0, Diff: 0, Sum: 0, Workers: 8
[2025-06-17T23:19:02.353+0300][13852][2928 ][debug][gc,phases] GC(31)   StringDedup Requests0 Weak     Min:  0.0, Avg:  0.0, Max:  0.0, Diff:  0.0, Sum:  0.0, Workers: 8
[2025-06-17T23:19:02.353+0300][13852][2928 ][debug][gc,phases] GC(31)     Dead                           Min: 0, Avg:  0.0, Max: 0, Diff: 0, Sum: 0, Workers: 8
[2025-06-17T23:19:02.353+0300][13852][2928 ][debug][gc,phases] GC(31)     Total                          Min: 0, Avg:  0.0, Max: 0, Diff: 0, Sum: 0, Workers: 8
[2025-06-17T23:19:02.353+0300][13852][2928 ][debug][gc,phases] GC(31)   StringDedup Requests1 Weak     Min:  0.0, Avg:  0.0, Max:  0.0, Diff:  0.0, Sum:  0.0, Workers: 8
[2025-06-17T23:19:02.353+0300][13852][2928 ][debug][gc,phases] GC(31)     Dead                           Min: 0, Avg:  0.0, Max: 0, Diff: 0, Sum: 0, Workers: 8
[2025-06-17T23:19:02.353+0300][13852][2928 ][debug][gc,phases] GC(31)     Total                          Min: 0, Avg:  0.0, Max: 0, Diff: 0, Sum: 0, Workers: 8
[2025-06-17T23:19:02.353+0300][13852][2928 ][debug][gc,phases] GC(31)   Weak JFR Old Object Samples    Min:  0.0, Avg:  0.0, Max:  0.0, Diff:  0.0, Sum:  0.0, Workers: 8
[2025-06-17T23:19:02.353+0300][13852][2928 ][debug][gc,phases] GC(31)     Dead                           Min: 0, Avg:  0.0, Max: 0, Diff: 0, Sum: 0, Workers: 8
[2025-06-17T23:19:02.353+0300][13852][2928 ][debug][gc,phases] GC(31)     Total                          Min: 0, Avg:  0.0, Max: 0, Diff: 0, Sum: 0, Workers: 8
[2025-06-17T23:19:02.353+0300][13852][2928 ][debug][gc,phases] GC(31) Weak Processing 0.577ms
[2025-06-17T23:19:02.353+0300][13852][2928 ][info ][gc,heap  ] GC(31) PSYoungGen: 687568K(693248K)->480K(692736K) Eden: 687104K(687104K)->0K(687104K) From: 464K(6144K)->480K(5632K)
[2025-06-17T23:19:02.353+0300][13852][2928 ][info ][gc,heap  ] GC(31) ParOldGen: 11511K(1398272K)->11567K(1398272K)
[2025-06-17T23:19:02.353+0300][13852][2928 ][info ][gc       ] GC(31) Pause Young (Allocation Failure) 682M->11M(2042M) 0.991ms
[2025-06-17T23:19:02.353+0300][13852][2928 ][debug][gc,heap  ] GC(31) Heap after GC invocations=32 (full 1):
[2025-06-17T23:19:02.353+0300][13852][2928 ][debug][gc,heap  ] GC(31)  PSYoungGen      total 692736K, used 480K [0x00000000d5580000, 0x0000000100000000, 0x0000000100000000)
[2025-06-17T23:19:02.353+0300][13852][2928 ][debug][gc,heap  ] GC(31)   eden space 687104K, 0% used [0x00000000d5580000,0x00000000d5580000,0x00000000ff480000)
[2025-06-17T23:19:02.353+0300][13852][2928 ][debug][gc,heap  ] GC(31)   from space 5632K, 8% used [0x00000000ff480000,0x00000000ff4f80c0,0x00000000ffa00000)
[2025-06-17T23:19:02.353+0300][13852][2928 ][debug][gc,heap  ] GC(31)   to   space 5120K, 0% used [0x00000000ffb00000,0x00000000ffb00000,0x0000000100000000)
[2025-06-17T23:19:02.353+0300][13852][2928 ][debug][gc,heap  ] GC(31)  ParOldGen       total 1398272K, used 11567K [0x0000000080000000, 0x00000000d5580000, 0x00000000d5580000)
[2025-06-17T23:19:02.353+0300][13852][2928 ][debug][gc,heap  ] GC(31)   object space 1398272K, 0% used [0x0000000080000000,0x0000000080b4be30,0x00000000d5580000)
[2025-06-17T23:19:02.353+0300][13852][2928 ][debug][gc,heap  ] GC(31)  Metaspace       used 8987K, committed 9536K, reserved 1114112K
[2025-06-17T23:19:02.353+0300][13852][2928 ][debug][gc,heap  ] GC(31)   class space    used 975K, committed 1216K, reserved 1048576K
[2025-06-17T23:19:02.353+0300][13852][2928 ][info ][safepoint] Safepoint "ParallelGCFailedAllocation", Time since last: 143680500 ns, Reaching safepoint: 191400 ns, Cleanup: 4500 ns, At safepoint: 1324000 ns, Total: 1519900 ns
[2025-06-17T23:19:02.497+0300][13852][2928 ][debug][safepoint] Safepoint synchronization initiated using striped semaphore wait barrier. (19 threads)
[2025-06-17T23:19:02.497+0300][13852][15124][debug][safepoint] ... found polling page loop exception at pc = 0x0000012d12e96de0, stub =0x0000012d12894d80
[2025-06-17T23:19:02.497+0300][13852][7528 ][debug][safepoint] ... found polling page loop exception at pc = 0x0000012d12e96de0, stub =0x0000012d12894d80
[2025-06-17T23:19:02.497+0300][13852][12624][debug][safepoint] ... found polling page loop exception at pc = 0x0000012d12e96de0, stub =0x0000012d12894d80
[2025-06-17T23:19:02.497+0300][13852][7180 ][debug][safepoint] ... found polling page loop exception at pc = 0x0000012d12e96de0, stub =0x0000012d12894d80
[2025-06-17T23:19:02.497+0300][13852][15144][debug][safepoint] ... found polling page loop exception at pc = 0x0000012d12e96de0, stub =0x0000012d12894d80
[2025-06-17T23:19:02.497+0300][13852][2928 ][debug][gc,heap  ] GC(32) Heap before GC invocations=33 (full 1):
[2025-06-17T23:19:02.497+0300][13852][2928 ][debug][gc,heap  ] GC(32)  PSYoungGen      total 692736K, used 687584K [0x00000000d5580000, 0x0000000100000000, 0x0000000100000000)
[2025-06-17T23:19:02.497+0300][13852][2928 ][debug][gc,heap  ] GC(32)   eden space 687104K, 100% used [0x00000000d5580000,0x00000000ff480000,0x00000000ff480000)
[2025-06-17T23:19:02.497+0300][13852][2928 ][debug][gc,heap  ] GC(32)   from space 5632K, 8% used [0x00000000ff480000,0x00000000ff4f80c0,0x00000000ffa00000)
[2025-06-17T23:19:02.497+0300][13852][2928 ][debug][gc,heap  ] GC(32)   to   space 5120K, 0% used [0x00000000ffb00000,0x00000000ffb00000,0x0000000100000000)
[2025-06-17T23:19:02.497+0300][13852][2928 ][debug][gc,heap  ] GC(32)  ParOldGen       total 1398272K, used 11567K [0x0000000080000000, 0x00000000d5580000, 0x00000000d5580000)
[2025-06-17T23:19:02.497+0300][13852][2928 ][debug][gc,heap  ] GC(32)   object space 1398272K, 0% used [0x0000000080000000,0x0000000080b4be30,0x00000000d5580000)
[2025-06-17T23:19:02.497+0300][13852][2928 ][debug][gc,heap  ] GC(32)  Metaspace       used 8987K, committed 9536K, reserved 1114112K
[2025-06-17T23:19:02.497+0300][13852][2928 ][debug][gc,heap  ] GC(32)   class space    used 975K, committed 1216K, reserved 1048576K
[2025-06-17T23:19:02.497+0300][13852][2928 ][debug][gc,phases] GC(32) Scavenge 0.328ms
[2025-06-17T23:19:02.497+0300][13852][2928 ][debug][gc,phases] GC(32) Reference Processing 0.037ms
[2025-06-17T23:19:02.497+0300][13852][2928 ][debug][gc,phases] GC(32)   VM Weak                        Min:  0.0, Avg:  0.0, Max:  0.0, Diff:  0.0, Sum:  0.0, Workers: 8
[2025-06-17T23:19:02.497+0300][13852][2928 ][debug][gc,phases] GC(32)     Dead                           Min: 0, Avg:  0.0, Max: 0, Diff: 0, Sum: 0, Workers: 8
[2025-06-17T23:19:02.497+0300][13852][2928 ][debug][gc,phases] GC(32)     Total                          Min: 0, Avg: 45.9, Max: 367, Diff: 367, Sum: 367, Workers: 8
[2025-06-17T23:19:02.497+0300][13852][2928 ][debug][gc,phases] GC(32)   ObjectSynchronizer Weak        Min:  0.0, Avg:  0.0, Max:  0.0, Diff:  0.0, Sum:  0.0, Workers: 8
[2025-06-17T23:19:02.497+0300][13852][2928 ][debug][gc,phases] GC(32)     Dead                           Min: 0, Avg:  0.0, Max: 0, Diff: 0, Sum: 0, Workers: 8
[2025-06-17T23:19:02.497+0300][13852][2928 ][debug][gc,phases] GC(32)     Total                          Min: 0, Avg: 16.1, Max: 128, Diff: 128, Sum: 129, Workers: 8
[2025-06-17T23:19:02.497+0300][13852][2928 ][debug][gc,phases] GC(32)   JVMTI Tag Weak OopStorage      Min:  0.0, Avg:  0.0, Max:  0.0, Diff:  0.0, Sum:  0.0, Workers: 8
[2025-06-17T23:19:02.497+0300][13852][2928 ][debug][gc,phases] GC(32)     Dead                           Min: 0, Avg:  0.0, Max: 0, Diff: 0, Sum: 0, Workers: 8
[2025-06-17T23:19:02.497+0300][13852][2928 ][debug][gc,phases] GC(32)     Total                          Min: 0, Avg:  0.0, Max: 0, Diff: 0, Sum: 0, Workers: 8
[2025-06-17T23:19:02.497+0300][13852][2928 ][debug][gc,phases] GC(32)   StringTable Weak               Min:  0.0, Avg:  0.0, Max:  0.0, Diff:  0.0, Sum:  0.0, Workers: 8
[2025-06-17T23:19:02.497+0300][13852][2928 ][debug][gc,phases] GC(32)     Dead                           Min: 0, Avg:  0.0, Max: 0, Diff: 0, Sum: 0, Workers: 8
[2025-06-17T23:19:02.497+0300][13852][2928 ][debug][gc,phases] GC(32)     Total                          Min: 0, Avg: 778.4, Max: 960, Diff: 960, Sum: 6227, Workers: 8
[2025-06-17T23:19:02.497+0300][13852][2928 ][debug][gc,phases] GC(32)   ResolvedMethodTable Weak       Min:  0.0, Avg:  0.0, Max:  0.0, Diff:  0.0, Sum:  0.0, Workers: 8
[2025-06-17T23:19:02.497+0300][13852][2928 ][debug][gc,phases] GC(32)     Dead                           Min: 0, Avg:  0.0, Max: 0, Diff: 0, Sum: 0, Workers: 8
[2025-06-17T23:19:02.497+0300][13852][2928 ][debug][gc,phases] GC(32)     Total                          Min: 0, Avg: 107.6, Max: 191, Diff: 191, Sum: 861, Workers: 8
[2025-06-17T23:19:02.497+0300][13852][2928 ][debug][gc,phases] GC(32)   JNI Weak                       Min:  0.0, Avg:  0.0, Max:  0.0, Diff:  0.0, Sum:  0.0, Workers: 8
[2025-06-17T23:19:02.497+0300][13852][2928 ][debug][gc,phases] GC(32)     Dead                           Min: 0, Avg:  0.0, Max: 0, Diff: 0, Sum: 0, Workers: 8
[2025-06-17T23:19:02.497+0300][13852][2928 ][debug][gc,phases] GC(32)     Total                          Min: 0, Avg:  0.0, Max: 0, Diff: 0, Sum: 0, Workers: 8
[2025-06-17T23:19:02.497+0300][13852][2928 ][debug][gc,phases] GC(32)   StringDedup Table Weak         Min:  0.0, Avg:  0.0, Max:  0.0, Diff:  0.0, Sum:  0.0, Workers: 8
[2025-06-17T23:19:02.497+0300][13852][2928 ][debug][gc,phases] GC(32)     Dead                           Min: 0, Avg:  0.0, Max: 0, Diff: 0, Sum: 0, Workers: 8
[2025-06-17T23:19:02.497+0300][13852][2928 ][debug][gc,phases] GC(32)     Total                          Min: 0, Avg:  0.0, Max: 0, Diff: 0, Sum: 0, Workers: 8
[2025-06-17T23:19:02.497+0300][13852][2928 ][debug][gc,phases] GC(32)   StringDedup Requests0 Weak     Min:  0.0, Avg:  0.0, Max:  0.0, Diff:  0.0, Sum:  0.0, Workers: 8
[2025-06-17T23:19:02.497+0300][13852][2928 ][debug][gc,phases] GC(32)     Dead                           Min: 0, Avg:  0.0, Max: 0, Diff: 0, Sum: 0, Workers: 8
[2025-06-17T23:19:02.497+0300][13852][2928 ][debug][gc,phases] GC(32)     Total                          Min: 0, Avg:  0.0, Max: 0, Diff: 0, Sum: 0, Workers: 8
[2025-06-17T23:19:02.497+0300][13852][2928 ][debug][gc,phases] GC(32)   StringDedup Requests1 Weak     Min:  0.0, Avg:  0.0, Max:  0.0, Diff:  0.0, Sum:  0.0, Workers: 8
[2025-06-17T23:19:02.497+0300][13852][2928 ][debug][gc,phases] GC(32)     Dead                           Min: 0, Avg:  0.0, Max: 0, Diff: 0, Sum: 0, Workers: 8
[2025-06-17T23:19:02.497+0300][13852][2928 ][debug][gc,phases] GC(32)     Total                          Min: 0, Avg:  0.0, Max: 0, Diff: 0, Sum: 0, Workers: 8
[2025-06-17T23:19:02.497+0300][13852][2928 ][debug][gc,phases] GC(32)   Weak JFR Old Object Samples    Min:  0.0, Avg:  0.0, Max:  0.0, Diff:  0.0, Sum:  0.0, Workers: 8
[2025-06-17T23:19:02.497+0300][13852][2928 ][debug][gc,phases] GC(32)     Dead                           Min: 0, Avg:  0.0, Max: 0, Diff: 0, Sum: 0, Workers: 8
[2025-06-17T23:19:02.497+0300][13852][2928 ][debug][gc,phases] GC(32)     Total                          Min: 0, Avg:  0.0, Max: 0, Diff: 0, Sum: 0, Workers: 8
[2025-06-17T23:19:02.497+0300][13852][2928 ][debug][gc,phases] GC(32) Weak Processing 0.590ms
[2025-06-17T23:19:02.497+0300][13852][2928 ][info ][gc,heap  ] GC(32) PSYoungGen: 687584K(692736K)->592K(693760K) Eden: 687104K(687104K)->0K(688640K) From: 480K(5632K)->592K(5120K)
[2025-06-17T23:19:02.497+0300][13852][2928 ][info ][gc,heap  ] GC(32) ParOldGen: 11567K(1398272K)->11623K(1398272K)
[2025-06-17T23:19:02.497+0300][13852][2928 ][info ][gc       ] GC(32) Pause Young (Allocation Failure) 682M->11M(2043M) 1.088ms
[2025-06-17T23:19:02.497+0300][13852][2928 ][debug][gc,heap  ] GC(32) Heap after GC invocations=33 (full 1):
[2025-06-17T23:19:02.497+0300][13852][2928 ][debug][gc,heap  ] GC(32)  PSYoungGen      total 693760K, used 592K [0x00000000d5580000, 0x0000000100000000, 0x0000000100000000)
[2025-06-17T23:19:02.497+0300][13852][2928 ][debug][gc,heap  ] GC(32)   eden space 688640K, 0% used [0x00000000d5580000,0x00000000d5580000,0x00000000ff600000)
[2025-06-17T23:19:02.497+0300][13852][2928 ][debug][gc,heap  ] GC(32)   from space 5120K, 11% used [0x00000000ffb00000,0x00000000ffb940f0,0x0000000100000000)
[2025-06-17T23:19:02.497+0300][13852][2928 ][debug][gc,heap  ] GC(32)   to   space 5120K, 0% used [0x00000000ff600000,0x00000000ff600000,0x00000000ffb00000)
[2025-06-17T23:19:02.497+0300][13852][2928 ][debug][gc,heap  ] GC(32)  ParOldGen       total 1398272K, used 11623K [0x0000000080000000, 0x00000000d5580000, 0x00000000d5580000)
[2025-06-17T23:19:02.497+0300][13852][2928 ][debug][gc,heap  ] GC(32)   object space 1398272K, 0% used [0x0000000080000000,0x0000000080b59e30,0x00000000d5580000)
[2025-06-17T23:19:02.497+0300][13852][2928 ][debug][gc,heap  ] GC(32)  Metaspace       used 8987K, committed 9536K, reserved 1114112K
[2025-06-17T23:19:02.497+0300][13852][2928 ][debug][gc,heap  ] GC(32)   class space    used 975K, committed 1216K, reserved 1048576K
[2025-06-17T23:19:02.497+0300][13852][2928 ][info ][safepoint] Safepoint "ParallelGCFailedAllocation", Time since last: 144351500 ns, Reaching safepoint: 289600 ns, Cleanup: 16700 ns, At safepoint: 1426900 ns, Total: 1733200 ns
[2025-06-17T23:19:02.652+0300][13852][2928 ][debug][safepoint] Safepoint synchronization initiated using striped semaphore wait barrier. (19 threads)
[2025-06-17T23:19:02.652+0300][13852][7180 ][debug][safepoint] ... found polling page loop exception at pc = 0x0000012d12e96de0, stub =0x0000012d12894d80
[2025-06-17T23:19:02.652+0300][13852][15124][debug][safepoint] ... found polling page loop exception at pc = 0x0000012d12e96de0, stub =0x0000012d12894d80
[2025-06-17T23:19:02.652+0300][13852][15144][debug][safepoint] ... found polling page loop exception at pc = 0x0000012d12e96de0, stub =0x0000012d12894d80
[2025-06-17T23:19:02.652+0300][13852][7528 ][debug][safepoint] ... found polling page loop exception at pc = 0x0000012d12e96de0, stub =0x0000012d12894d80
[2025-06-17T23:19:02.654+0300][13852][2928 ][debug][gc,heap  ] GC(33) Heap before GC invocations=34 (full 1):
[2025-06-17T23:19:02.654+0300][13852][2928 ][debug][gc,heap  ] GC(33)  PSYoungGen      total 693760K, used 689232K [0x00000000d5580000, 0x0000000100000000, 0x0000000100000000)
[2025-06-17T23:19:02.654+0300][13852][2928 ][debug][gc,heap  ] GC(33)   eden space 688640K, 100% used [0x00000000d5580000,0x00000000ff600000,0x00000000ff600000)
[2025-06-17T23:19:02.654+0300][13852][2928 ][debug][gc,heap  ] GC(33)   from space 5120K, 11% used [0x00000000ffb00000,0x00000000ffb940f0,0x0000000100000000)
[2025-06-17T23:19:02.654+0300][13852][2928 ][debug][gc,heap  ] GC(33)   to   space 5120K, 0% used [0x00000000ff600000,0x00000000ff600000,0x00000000ffb00000)
[2025-06-17T23:19:02.654+0300][13852][2928 ][debug][gc,heap  ] GC(33)  ParOldGen       total 1398272K, used 11623K [0x0000000080000000, 0x00000000d5580000, 0x00000000d5580000)
[2025-06-17T23:19:02.654+0300][13852][2928 ][debug][gc,heap  ] GC(33)   object space 1398272K, 0% used [0x0000000080000000,0x0000000080b59e30,0x00000000d5580000)
[2025-06-17T23:19:02.654+0300][13852][2928 ][debug][gc,heap  ] GC(33)  Metaspace       used 8988K, committed 9536K, reserved 1114112K
[2025-06-17T23:19:02.654+0300][13852][2928 ][debug][gc,heap  ] GC(33)   class space    used 975K, committed 1216K, reserved 1048576K
[2025-06-17T23:19:02.654+0300][13852][2928 ][debug][gc,phases] GC(33) Scavenge 0.255ms
[2025-06-17T23:19:02.654+0300][13852][2928 ][debug][gc,phases] GC(33) Reference Processing 0.041ms
[2025-06-17T23:19:02.654+0300][13852][2928 ][debug][gc,phases] GC(33)   VM Weak                        Min:  0.0, Avg:  0.0, Max:  0.0, Diff:  0.0, Sum:  0.0, Workers: 8
[2025-06-17T23:19:02.654+0300][13852][2928 ][debug][gc,phases] GC(33)     Dead                           Min: 0, Avg:  0.0, Max: 0, Diff: 0, Sum: 0, Workers: 8
[2025-06-17T23:19:02.654+0300][13852][2928 ][debug][gc,phases] GC(33)     Total                          Min: 0, Avg: 45.9, Max: 303, Diff: 303, Sum: 367, Workers: 8
[2025-06-17T23:19:02.654+0300][13852][2928 ][debug][gc,phases] GC(33)   ObjectSynchronizer Weak        Min:  0.0, Avg:  0.0, Max:  0.0, Diff:  0.0, Sum:  0.0, Workers: 8
[2025-06-17T23:19:02.654+0300][13852][2928 ][debug][gc,phases] GC(33)     Dead                           Min: 0, Avg:  0.0, Max: 0, Diff: 0, Sum: 0, Workers: 8
[2025-06-17T23:19:02.654+0300][13852][2928 ][debug][gc,phases] GC(33)     Total                          Min: 0, Avg: 16.1, Max: 64, Diff: 64, Sum: 129, Workers: 8
[2025-06-17T23:19:02.654+0300][13852][2928 ][debug][gc,phases] GC(33)   JVMTI Tag Weak OopStorage      Min:  0.0, Avg:  0.0, Max:  0.0, Diff:  0.0, Sum:  0.0, Workers: 8
[2025-06-17T23:19:02.654+0300][13852][2928 ][debug][gc,phases] GC(33)     Dead                           Min: 0, Avg:  0.0, Max: 0, Diff: 0, Sum: 0, Workers: 8
[2025-06-17T23:19:02.654+0300][13852][2928 ][debug][gc,phases] GC(33)     Total                          Min: 0, Avg:  0.0, Max: 0, Diff: 0, Sum: 0, Workers: 8
[2025-06-17T23:19:02.654+0300][13852][2928 ][debug][gc,phases] GC(33)   StringTable Weak               Min:  0.0, Avg:  0.0, Max:  0.0, Diff:  0.0, Sum:  0.0, Workers: 8
[2025-06-17T23:19:02.654+0300][13852][2928 ][debug][gc,phases] GC(33)     Dead                           Min: 0, Avg:  0.0, Max: 0, Diff: 0, Sum: 0, Workers: 8
[2025-06-17T23:19:02.654+0300][13852][2928 ][debug][gc,phases] GC(33)     Total                          Min: 0, Avg: 778.4, Max: 1152, Diff: 1152, Sum: 6227, Workers: 8
[2025-06-17T23:19:02.654+0300][13852][2928 ][debug][gc,phases] GC(33)   ResolvedMethodTable Weak       Min:  0.0, Avg:  0.0, Max:  0.0, Diff:  0.0, Sum:  0.0, Workers: 8
[2025-06-17T23:19:02.654+0300][13852][2928 ][debug][gc,phases] GC(33)     Dead                           Min: 0, Avg:  0.0, Max: 0, Diff: 0, Sum: 0, Workers: 8
[2025-06-17T23:19:02.654+0300][13852][2928 ][debug][gc,phases] GC(33)     Total                          Min: 0, Avg: 107.6, Max: 191, Diff: 191, Sum: 861, Workers: 8
[2025-06-17T23:19:02.654+0300][13852][2928 ][debug][gc,phases] GC(33)   JNI Weak                       Min:  0.0, Avg:  0.0, Max:  0.0, Diff:  0.0, Sum:  0.0, Workers: 8
[2025-06-17T23:19:02.654+0300][13852][2928 ][debug][gc,phases] GC(33)     Dead                           Min: 0, Avg:  0.0, Max: 0, Diff: 0, Sum: 0, Workers: 8
[2025-06-17T23:19:02.654+0300][13852][2928 ][debug][gc,phases] GC(33)     Total                          Min: 0, Avg:  0.0, Max: 0, Diff: 0, Sum: 0, Workers: 8
[2025-06-17T23:19:02.654+0300][13852][2928 ][debug][gc,phases] GC(33)   StringDedup Table Weak         Min:  0.0, Avg:  0.0, Max:  0.0, Diff:  0.0, Sum:  0.0, Workers: 8
[2025-06-17T23:19:02.654+0300][13852][2928 ][debug][gc,phases] GC(33)     Dead                           Min: 0, Avg:  0.0, Max: 0, Diff: 0, Sum: 0, Workers: 8
[2025-06-17T23:19:02.654+0300][13852][2928 ][debug][gc,phases] GC(33)     Total                          Min: 0, Avg:  0.0, Max: 0, Diff: 0, Sum: 0, Workers: 8
[2025-06-17T23:19:02.654+0300][13852][2928 ][debug][gc,phases] GC(33)   StringDedup Requests0 Weak     Min:  0.0, Avg:  0.0, Max:  0.0, Diff:  0.0, Sum:  0.0, Workers: 8
[2025-06-17T23:19:02.654+0300][13852][2928 ][debug][gc,phases] GC(33)     Dead                           Min: 0, Avg:  0.0, Max: 0, Diff: 0, Sum: 0, Workers: 8
[2025-06-17T23:19:02.654+0300][13852][2928 ][debug][gc,phases] GC(33)     Total                          Min: 0, Avg:  0.0, Max: 0, Diff: 0, Sum: 0, Workers: 8
[2025-06-17T23:19:02.654+0300][13852][2928 ][debug][gc,phases] GC(33)   StringDedup Requests1 Weak     Min:  0.0, Avg:  0.0, Max:  0.0, Diff:  0.0, Sum:  0.0, Workers: 8
[2025-06-17T23:19:02.654+0300][13852][2928 ][debug][gc,phases] GC(33)     Dead                           Min: 0, Avg:  0.0, Max: 0, Diff: 0, Sum: 0, Workers: 8
[2025-06-17T23:19:02.654+0300][13852][2928 ][debug][gc,phases] GC(33)     Total                          Min: 0, Avg:  0.0, Max: 0, Diff: 0, Sum: 0, Workers: 8
[2025-06-17T23:19:02.654+0300][13852][2928 ][debug][gc,phases] GC(33)   Weak JFR Old Object Samples    Min:  0.0, Avg:  0.0, Max:  0.0, Diff:  0.0, Sum:  0.0, Workers: 8
[2025-06-17T23:19:02.654+0300][13852][2928 ][debug][gc,phases] GC(33)     Dead                           Min: 0, Avg:  0.0, Max: 0, Diff: 0, Sum: 0, Workers: 8
[2025-06-17T23:19:02.654+0300][13852][2928 ][debug][gc,phases] GC(33)     Total                          Min: 0, Avg:  0.0, Max: 0, Diff: 0, Sum: 0, Workers: 8
[2025-06-17T23:19:02.654+0300][13852][2928 ][debug][gc,phases] GC(33) Weak Processing 0.376ms
[2025-06-17T23:19:02.654+0300][13852][2928 ][info ][gc,heap  ] GC(33) PSYoungGen: 689232K(693760K)->560K(693760K) Eden: 688640K(688640K)->0K(688640K) From: 592K(5120K)->560K(5120K)
[2025-06-17T23:19:02.654+0300][13852][2928 ][info ][gc,heap  ] GC(33) ParOldGen: 11623K(1398272K)->11687K(1398272K)
[2025-06-17T23:19:02.654+0300][13852][2928 ][info ][gc       ] GC(33) Pause Young (Allocation Failure) 684M->11M(2043M) 0.774ms
[2025-06-17T23:19:02.654+0300][13852][2928 ][debug][gc,heap  ] GC(33) Heap after GC invocations=34 (full 1):
[2025-06-17T23:19:02.654+0300][13852][2928 ][debug][gc,heap  ] GC(33)  PSYoungGen      total 693760K, used 560K [0x00000000d5580000, 0x0000000100000000, 0x0000000100000000)
[2025-06-17T23:19:02.654+0300][13852][2928 ][debug][gc,heap  ] GC(33)   eden space 688640K, 0% used [0x00000000d5580000,0x00000000d5580000,0x00000000ff600000)
[2025-06-17T23:19:02.654+0300][13852][2928 ][debug][gc,heap  ] GC(33)   from space 5120K, 10% used [0x00000000ff600000,0x00000000ff68c0d0,0x00000000ffb00000)
[2025-06-17T23:19:02.654+0300][13852][2928 ][debug][gc,heap  ] GC(33)   to   space 4608K, 0% used [0x00000000ffb80000,0x00000000ffb80000,0x0000000100000000)
[2025-06-17T23:19:02.654+0300][13852][2928 ][debug][gc,heap  ] GC(33)  ParOldGen       total 1398272K, used 11687K [0x0000000080000000, 0x00000000d5580000, 0x00000000d5580000)
[2025-06-17T23:19:02.654+0300][13852][2928 ][debug][gc,heap  ] GC(33)   object space 1398272K, 0% used [0x0000000080000000,0x0000000080b69e30,0x00000000d5580000)
[2025-06-17T23:19:02.654+0300][13852][2928 ][debug][gc,heap  ] GC(33)  Metaspace       used 8988K, committed 9536K, reserved 1114112K
[2025-06-17T23:19:02.654+0300][13852][2928 ][debug][gc,heap  ] GC(33)   class space    used 975K, committed 1216K, reserved 1048576K
[2025-06-17T23:19:02.654+0300][13852][2928 ][info ][safepoint] Safepoint "ParallelGCFailedAllocation", Time since last: 153297800 ns, Reaching safepoint: 234700 ns, Cleanup: 6700 ns, At safepoint: 1075500 ns, Total: 1316900 ns
[2025-06-17T23:19:02.808+0300][13852][2928 ][debug][safepoint] Safepoint synchronization initiated using striped semaphore wait barrier. (19 threads)
[2025-06-17T23:19:02.808+0300][13852][7528 ][debug][safepoint] ... found polling page loop exception at pc = 0x0000012d12e96de0, stub =0x0000012d12894d80
[2025-06-17T23:19:02.808+0300][13852][15124][debug][safepoint] ... found polling page loop exception at pc = 0x0000012d12e96de0, stub =0x0000012d12894d80
[2025-06-17T23:19:02.808+0300][13852][2928 ][debug][gc,heap  ] GC(34) Heap before GC invocations=35 (full 1):
[2025-06-17T23:19:02.808+0300][13852][2928 ][debug][gc,heap  ] GC(34)  PSYoungGen      total 693760K, used 689200K [0x00000000d5580000, 0x0000000100000000, 0x0000000100000000)
[2025-06-17T23:19:02.808+0300][13852][2928 ][debug][gc,heap  ] GC(34)   eden space 688640K, 100% used [0x00000000d5580000,0x00000000ff600000,0x00000000ff600000)
[2025-06-17T23:19:02.808+0300][13852][2928 ][debug][gc,heap  ] GC(34)   from space 5120K, 10% used [0x00000000ff600000,0x00000000ff68c0d0,0x00000000ffb00000)
[2025-06-17T23:19:02.808+0300][13852][2928 ][debug][gc,heap  ] GC(34)   to   space 4608K, 0% used [0x00000000ffb80000,0x00000000ffb80000,0x0000000100000000)
[2025-06-17T23:19:02.808+0300][13852][2928 ][debug][gc,heap  ] GC(34)  ParOldGen       total 1398272K, used 11687K [0x0000000080000000, 0x00000000d5580000, 0x00000000d5580000)
[2025-06-17T23:19:02.808+0300][13852][2928 ][debug][gc,heap  ] GC(34)   object space 1398272K, 0% used [0x0000000080000000,0x0000000080b69e30,0x00000000d5580000)
[2025-06-17T23:19:02.808+0300][13852][2928 ][debug][gc,heap  ] GC(34)  Metaspace       used 8988K, committed 9536K, reserved 1114112K
[2025-06-17T23:19:02.808+0300][13852][2928 ][debug][gc,heap  ] GC(34)   class space    used 975K, committed 1216K, reserved 1048576K
[2025-06-17T23:19:02.808+0300][13852][2928 ][debug][gc,phases] GC(34) Scavenge 0.214ms
[2025-06-17T23:19:02.808+0300][13852][2928 ][debug][gc,phases] GC(34) Reference Processing 0.036ms
[2025-06-17T23:19:02.808+0300][13852][2928 ][debug][gc,phases] GC(34)   VM Weak                        Min:  0.0, Avg:  0.0, Max:  0.0, Diff:  0.0, Sum:  0.0, Workers: 8
[2025-06-17T23:19:02.808+0300][13852][2928 ][debug][gc,phases] GC(34)     Dead                           Min: 0, Avg:  0.0, Max: 0, Diff: 0, Sum: 0, Workers: 8
[2025-06-17T23:19:02.808+0300][13852][2928 ][debug][gc,phases] GC(34)     Total                          Min: 0, Avg: 45.9, Max: 367, Diff: 367, Sum: 367, Workers: 8
[2025-06-17T23:19:02.808+0300][13852][2928 ][debug][gc,phases] GC(34)   ObjectSynchronizer Weak        Min:  0.0, Avg:  0.0, Max:  0.0, Diff:  0.0, Sum:  0.0, Workers: 8
[2025-06-17T23:19:02.808+0300][13852][2928 ][debug][gc,phases] GC(34)     Dead                           Min: 0, Avg:  0.0, Max: 0, Diff: 0, Sum: 0, Workers: 8
[2025-06-17T23:19:02.808+0300][13852][2928 ][debug][gc,phases] GC(34)     Total                          Min: 0, Avg: 16.1, Max: 64, Diff: 64, Sum: 129, Workers: 8
[2025-06-17T23:19:02.808+0300][13852][2928 ][debug][gc,phases] GC(34)   JVMTI Tag Weak OopStorage      Min:  0.0, Avg:  0.0, Max:  0.0, Diff:  0.0, Sum:  0.0, Workers: 8
[2025-06-17T23:19:02.808+0300][13852][2928 ][debug][gc,phases] GC(34)     Dead                           Min: 0, Avg:  0.0, Max: 0, Diff: 0, Sum: 0, Workers: 8
[2025-06-17T23:19:02.808+0300][13852][2928 ][debug][gc,phases] GC(34)     Total                          Min: 0, Avg:  0.0, Max: 0, Diff: 0, Sum: 0, Workers: 8
[2025-06-17T23:19:02.808+0300][13852][2928 ][debug][gc,phases] GC(34)   StringTable Weak               Min:  0.0, Avg:  0.0, Max:  0.0, Diff:  0.0, Sum:  0.0, Workers: 8
[2025-06-17T23:19:02.808+0300][13852][2928 ][debug][gc,phases] GC(34)     Dead                           Min: 0, Avg:  0.0, Max: 0, Diff: 0, Sum: 0, Workers: 8
[2025-06-17T23:19:02.808+0300][13852][2928 ][debug][gc,phases] GC(34)     Total                          Min: 704, Avg: 778.6, Max: 832, Diff: 128, Sum: 6229, Workers: 8
[2025-06-17T23:19:02.808+0300][13852][2928 ][debug][gc,phases] GC(34)   ResolvedMethodTable Weak       Min:  0.0, Avg:  0.0, Max:  0.0, Diff:  0.0, Sum:  0.0, Workers: 8
[2025-06-17T23:19:02.808+0300][13852][2928 ][debug][gc,phases] GC(34)     Dead                           Min: 0, Avg:  0.0, Max: 0, Diff: 0, Sum: 0, Workers: 8
[2025-06-17T23:19:02.808+0300][13852][2928 ][debug][gc,phases] GC(34)     Total                          Min: 64, Avg: 107.6, Max: 191, Diff: 127, Sum: 861, Workers: 8
[2025-06-17T23:19:02.808+0300][13852][2928 ][debug][gc,phases] GC(34)   JNI Weak                       Min:  0.0, Avg:  0.0, Max:  0.0, Diff:  0.0, Sum:  0.0, Workers: 8
[2025-06-17T23:19:02.808+0300][13852][2928 ][debug][gc,phases] GC(34)     Dead                           Min: 0, Avg:  0.0, Max: 0, Diff: 0, Sum: 0, Workers: 8
[2025-06-17T23:19:02.808+0300][13852][2928 ][debug][gc,phases] GC(34)     Total                          Min: 0, Avg:  0.0, Max: 0, Diff: 0, Sum: 0, Workers: 8
[2025-06-17T23:19:02.808+0300][13852][2928 ][debug][gc,phases] GC(34)   StringDedup Table Weak         Min:  0.0, Avg:  0.0, Max:  0.0, Diff:  0.0, Sum:  0.0, Workers: 8
[2025-06-17T23:19:02.808+0300][13852][2928 ][debug][gc,phases] GC(34)     Dead                           Min: 0, Avg:  0.0, Max: 0, Diff: 0, Sum: 0, Workers: 8
[2025-06-17T23:19:02.808+0300][13852][2928 ][debug][gc,phases] GC(34)     Total                          Min: 0, Avg:  0.0, Max: 0, Diff: 0, Sum: 0, Workers: 8
[2025-06-17T23:19:02.808+0300][13852][2928 ][debug][gc,phases] GC(34)   StringDedup Requests0 Weak     Min:  0.0, Avg:  0.0, Max:  0.0, Diff:  0.0, Sum:  0.0, Workers: 8
[2025-06-17T23:19:02.808+0300][13852][2928 ][debug][gc,phases] GC(34)     Dead                           Min: 0, Avg:  0.0, Max: 0, Diff: 0, Sum: 0, Workers: 8
[2025-06-17T23:19:02.808+0300][13852][2928 ][debug][gc,phases] GC(34)     Total                          Min: 0, Avg:  0.0, Max: 0, Diff: 0, Sum: 0, Workers: 8
[2025-06-17T23:19:02.808+0300][13852][2928 ][debug][gc,phases] GC(34)   StringDedup Requests1 Weak     Min:  0.0, Avg:  0.0, Max:  0.0, Diff:  0.0, Sum:  0.0, Workers: 8
[2025-06-17T23:19:02.808+0300][13852][2928 ][debug][gc,phases] GC(34)     Dead                           Min: 0, Avg:  0.0, Max: 0, Diff: 0, Sum: 0, Workers: 8
[2025-06-17T23:19:02.808+0300][13852][2928 ][debug][gc,phases] GC(34)     Total                          Min: 0, Avg:  0.0, Max: 0, Diff: 0, Sum: 0, Workers: 8
[2025-06-17T23:19:02.808+0300][13852][2928 ][debug][gc,phases] GC(34)   Weak JFR Old Object Samples    Min:  0.0, Avg:  0.0, Max:  0.0, Diff:  0.0, Sum:  0.0, Workers: 8
[2025-06-17T23:19:02.808+0300][13852][2928 ][debug][gc,phases] GC(34)     Dead                           Min: 0, Avg:  0.0, Max: 0, Diff: 0, Sum: 0, Workers: 8
[2025-06-17T23:19:02.808+0300][13852][2928 ][debug][gc,phases] GC(34)     Total                          Min: 0, Avg:  0.0, Max: 0, Diff: 0, Sum: 0, Workers: 8
[2025-06-17T23:19:02.808+0300][13852][2928 ][debug][gc,phases] GC(34) Weak Processing 0.441ms
[2025-06-17T23:19:02.808+0300][13852][2928 ][info ][gc,heap  ] GC(34) PSYoungGen: 689200K(693760K)->544K(694272K) Eden: 688640K(688640K)->0K(689664K) From: 560K(5120K)->544K(4608K)
[2025-06-17T23:19:02.808+0300][13852][2928 ][info ][gc,heap  ] GC(34) ParOldGen: 11687K(1398272K)->11727K(1398272K)
[2025-06-17T23:19:02.808+0300][13852][2928 ][info ][gc       ] GC(34) Pause Young (Allocation Failure) 684M->11M(2043M) 0.786ms
[2025-06-17T23:19:02.808+0300][13852][2928 ][debug][gc,heap  ] GC(34) Heap after GC invocations=35 (full 1):
[2025-06-17T23:19:02.808+0300][13852][2928 ][debug][gc,heap  ] GC(34)  PSYoungGen      total 694272K, used 544K [0x00000000d5580000, 0x0000000100000000, 0x0000000100000000)
[2025-06-17T23:19:02.808+0300][13852][2928 ][debug][gc,heap  ] GC(34)   eden space 689664K, 0% used [0x00000000d5580000,0x00000000d5580000,0x00000000ff700000)
[2025-06-17T23:19:02.808+0300][13852][2928 ][debug][gc,heap  ] GC(34)   from space 4608K, 11% used [0x00000000ffb80000,0x00000000ffc080a0,0x0000000100000000)
[2025-06-17T23:19:02.808+0300][13852][2928 ][debug][gc,heap  ] GC(34)   to   space 4608K, 0% used [0x00000000ff700000,0x00000000ff700000,0x00000000ffb80000)
[2025-06-17T23:19:02.808+0300][13852][2928 ][debug][gc,heap  ] GC(34)  ParOldGen       total 1398272K, used 11727K [0x0000000080000000, 0x00000000d5580000, 0x00000000d5580000)
[2025-06-17T23:19:02.808+0300][13852][2928 ][debug][gc,heap  ] GC(34)   object space 1398272K, 0% used [0x0000000080000000,0x0000000080b73e30,0x00000000d5580000)
[2025-06-17T23:19:02.808+0300][13852][2928 ][debug][gc,heap  ] GC(34)  Metaspace       used 8988K, committed 9536K, reserved 1114112K
[2025-06-17T23:19:02.808+0300][13852][2928 ][debug][gc,heap  ] GC(34)   class space    used 975K, committed 1216K, reserved 1048576K
[2025-06-17T23:19:02.808+0300][13852][2928 ][info ][safepoint] Safepoint "ParallelGCFailedAllocation", Time since last: 153800300 ns, Reaching safepoint: 189900 ns, Cleanup: 10600 ns, At safepoint: 1044600 ns, Total: 1245100 ns
[2025-06-17T23:19:02.968+0300][13852][2928 ][debug][safepoint] Safepoint synchronization initiated using striped semaphore wait barrier. (19 threads)
[2025-06-17T23:19:02.968+0300][13852][16580][debug][safepoint] ... found polling page loop exception at pc = 0x0000012d12e96de0, stub =0x0000012d12894d80
[2025-06-17T23:19:02.968+0300][13852][12624][debug][safepoint] ... found polling page loop exception at pc = 0x0000012d12e96de0, stub =0x0000012d12894d80
[2025-06-17T23:19:02.968+0300][13852][2928 ][debug][gc,heap  ] GC(35) Heap before GC invocations=36 (full 1):
[2025-06-17T23:19:02.968+0300][13852][2928 ][debug][gc,heap  ] GC(35)  PSYoungGen      total 694272K, used 690208K [0x00000000d5580000, 0x0000000100000000, 0x0000000100000000)
[2025-06-17T23:19:02.968+0300][13852][2928 ][debug][gc,heap  ] GC(35)   eden space 689664K, 100% used [0x00000000d5580000,0x00000000ff700000,0x00000000ff700000)
[2025-06-17T23:19:02.968+0300][13852][2928 ][debug][gc,heap  ] GC(35)   from space 4608K, 11% used [0x00000000ffb80000,0x00000000ffc080a0,0x0000000100000000)
[2025-06-17T23:19:02.968+0300][13852][2928 ][debug][gc,heap  ] GC(35)   to   space 4608K, 0% used [0x00000000ff700000,0x00000000ff700000,0x00000000ffb80000)
[2025-06-17T23:19:02.968+0300][13852][2928 ][debug][gc,heap  ] GC(35)  ParOldGen       total 1398272K, used 11727K [0x0000000080000000, 0x00000000d5580000, 0x00000000d5580000)
[2025-06-17T23:19:02.968+0300][13852][2928 ][debug][gc,heap  ] GC(35)   object space 1398272K, 0% used [0x0000000080000000,0x0000000080b73e30,0x00000000d5580000)
[2025-06-17T23:19:02.968+0300][13852][2928 ][debug][gc,heap  ] GC(35)  Metaspace       used 8988K, committed 9536K, reserved 1114112K
[2025-06-17T23:19:02.968+0300][13852][2928 ][debug][gc,heap  ] GC(35)   class space    used 975K, committed 1216K, reserved 1048576K
[2025-06-17T23:19:02.971+0300][13852][2928 ][debug][gc,phases] GC(35) Scavenge 0.286ms
[2025-06-17T23:19:02.971+0300][13852][2928 ][debug][gc,phases] GC(35) Reference Processing 0.046ms
[2025-06-17T23:19:02.971+0300][13852][2928 ][debug][gc,phases] GC(35)   VM Weak                        Min:  0.0, Avg:  0.0, Max:  0.0, Diff:  0.0, Sum:  0.0, Workers: 8
[2025-06-17T23:19:02.971+0300][13852][2928 ][debug][gc,phases] GC(35)     Dead                           Min: 0, Avg:  0.0, Max: 0, Diff: 0, Sum: 0, Workers: 8
[2025-06-17T23:19:02.971+0300][13852][2928 ][debug][gc,phases] GC(35)     Total                          Min: 0, Avg: 45.9, Max: 192, Diff: 192, Sum: 367, Workers: 8
[2025-06-17T23:19:02.971+0300][13852][2928 ][debug][gc,phases] GC(35)   ObjectSynchronizer Weak        Min:  0.0, Avg:  0.0, Max:  0.0, Diff:  0.0, Sum:  0.0, Workers: 8
[2025-06-17T23:19:02.971+0300][13852][2928 ][debug][gc,phases] GC(35)     Dead                           Min: 0, Avg:  0.0, Max: 0, Diff: 0, Sum: 0, Workers: 8
[2025-06-17T23:19:02.971+0300][13852][2928 ][debug][gc,phases] GC(35)     Total                          Min: 0, Avg: 16.1, Max: 64, Diff: 64, Sum: 129, Workers: 8
[2025-06-17T23:19:02.971+0300][13852][2928 ][debug][gc,phases] GC(35)   JVMTI Tag Weak OopStorage      Min:  0.0, Avg:  0.0, Max:  0.0, Diff:  0.0, Sum:  0.0, Workers: 8
[2025-06-17T23:19:02.971+0300][13852][2928 ][debug][gc,phases] GC(35)     Dead                           Min: 0, Avg:  0.0, Max: 0, Diff: 0, Sum: 0, Workers: 8
[2025-06-17T23:19:02.971+0300][13852][2928 ][debug][gc,phases] GC(35)     Total                          Min: 0, Avg:  0.0, Max: 0, Diff: 0, Sum: 0, Workers: 8
[2025-06-17T23:19:02.971+0300][13852][2928 ][debug][gc,phases] GC(35)   StringTable Weak               Min:  0.0, Avg:  0.0, Max:  0.0, Diff:  0.0, Sum:  0.1, Workers: 8
[2025-06-17T23:19:02.971+0300][13852][2928 ][debug][gc,phases] GC(35)     Dead                           Min: 0, Avg:  0.0, Max: 0, Diff: 0, Sum: 0, Workers: 8
[2025-06-17T23:19:02.971+0300][13852][2928 ][debug][gc,phases] GC(35)     Total                          Min: 0, Avg: 778.6, Max: 1024, Diff: 1024, Sum: 6229, Workers: 8
[2025-06-17T23:19:02.971+0300][13852][2928 ][debug][gc,phases] GC(35)   ResolvedMethodTable Weak       Min:  0.0, Avg:  0.0, Max:  0.0, Diff:  0.0, Sum:  0.0, Workers: 8
[2025-06-17T23:19:02.971+0300][13852][2928 ][debug][gc,phases] GC(35)     Dead                           Min: 0, Avg:  0.0, Max: 0, Diff: 0, Sum: 0, Workers: 8
[2025-06-17T23:19:02.971+0300][13852][2928 ][debug][gc,phases] GC(35)     Total                          Min: 0, Avg: 107.6, Max: 158, Diff: 158, Sum: 861, Workers: 8
[2025-06-17T23:19:02.971+0300][13852][2928 ][debug][gc,phases] GC(35)   JNI Weak                       Min:  0.0, Avg:  0.0, Max:  0.0, Diff:  0.0, Sum:  0.0, Workers: 8
[2025-06-17T23:19:02.971+0300][13852][2928 ][debug][gc,phases] GC(35)     Dead                           Min: 0, Avg:  0.0, Max: 0, Diff: 0, Sum: 0, Workers: 8
[2025-06-17T23:19:02.971+0300][13852][2928 ][debug][gc,phases] GC(35)     Total                          Min: 0, Avg:  0.0, Max: 0, Diff: 0, Sum: 0, Workers: 8
[2025-06-17T23:19:02.971+0300][13852][2928 ][debug][gc,phases] GC(35)   StringDedup Table Weak         Min:  0.0, Avg:  0.0, Max:  0.0, Diff:  0.0, Sum:  0.0, Workers: 8
[2025-06-17T23:19:02.971+0300][13852][2928 ][debug][gc,phases] GC(35)     Dead                           Min: 0, Avg:  0.0, Max: 0, Diff: 0, Sum: 0, Workers: 8
[2025-06-17T23:19:02.971+0300][13852][2928 ][debug][gc,phases] GC(35)     Total                          Min: 0, Avg:  0.0, Max: 0, Diff: 0, Sum: 0, Workers: 8
[2025-06-17T23:19:02.971+0300][13852][2928 ][debug][gc,phases] GC(35)   StringDedup Requests0 Weak     Min:  0.0, Avg:  0.0, Max:  0.0, Diff:  0.0, Sum:  0.0, Workers: 8
[2025-06-17T23:19:02.971+0300][13852][2928 ][debug][gc,phases] GC(35)     Dead                           Min: 0, Avg:  0.0, Max: 0, Diff: 0, Sum: 0, Workers: 8
[2025-06-17T23:19:02.971+0300][13852][2928 ][debug][gc,phases] GC(35)     Total                          Min: 0, Avg:  0.0, Max: 0, Diff: 0, Sum: 0, Workers: 8
[2025-06-17T23:19:02.971+0300][13852][2928 ][debug][gc,phases] GC(35)   StringDedup Requests1 Weak     Min:  0.0, Avg:  0.0, Max:  0.0, Diff:  0.0, Sum:  0.0, Workers: 8
[2025-06-17T23:19:02.971+0300][13852][2928 ][debug][gc,phases] GC(35)     Dead                           Min: 0, Avg:  0.0, Max: 0, Diff: 0, Sum: 0, Workers: 8
[2025-06-17T23:19:02.971+0300][13852][2928 ][debug][gc,phases] GC(35)     Total                          Min: 0, Avg:  0.0, Max: 0, Diff: 0, Sum: 0, Workers: 8
[2025-06-17T23:19:02.971+0300][13852][2928 ][debug][gc,phases] GC(35)   Weak JFR Old Object Samples    Min:  0.0, Avg:  0.0, Max:  0.0, Diff:  0.0, Sum:  0.0, Workers: 8
[2025-06-17T23:19:02.971+0300][13852][2928 ][debug][gc,phases] GC(35)     Dead                           Min: 0, Avg:  0.0, Max: 0, Diff: 0, Sum: 0, Workers: 8
[2025-06-17T23:19:02.971+0300][13852][2928 ][debug][gc,phases] GC(35)     Total                          Min: 0, Avg:  0.0, Max: 0, Diff: 0, Sum: 0, Workers: 8
[2025-06-17T23:19:02.971+0300][13852][2928 ][debug][gc,phases] GC(35) Weak Processing 0.478ms
[2025-06-17T23:19:02.971+0300][13852][2928 ][info ][gc,heap  ] GC(35) PSYoungGen: 690208K(694272K)->512K(694272K) Eden: 689664K(689664K)->0K(689664K) From: 544K(4608K)->512K(4608K)
[2025-06-17T23:19:02.971+0300][13852][2928 ][info ][gc,heap  ] GC(35) ParOldGen: 11727K(1398272K)->11775K(1398272K)
[2025-06-17T23:19:02.971+0300][13852][2928 ][info ][gc       ] GC(35) Pause Young (Allocation Failure) 685M->11M(2043M) 0.931ms
[2025-06-17T23:19:02.971+0300][13852][2928 ][debug][gc,heap  ] GC(35) Heap after GC invocations=36 (full 1):
[2025-06-17T23:19:02.971+0300][13852][2928 ][debug][gc,heap  ] GC(35)  PSYoungGen      total 694272K, used 512K [0x00000000d5580000, 0x0000000100000000, 0x0000000100000000)
[2025-06-17T23:19:02.971+0300][13852][2928 ][debug][gc,heap  ] GC(35)   eden space 689664K, 0% used [0x00000000d5580000,0x00000000d5580000,0x00000000ff700000)
[2025-06-17T23:19:02.971+0300][13852][2928 ][debug][gc,heap  ] GC(35)   from space 4608K, 11% used [0x00000000ff700000,0x00000000ff7800c0,0x00000000ffb80000)
[2025-06-17T23:19:02.971+0300][13852][2928 ][debug][gc,heap  ] GC(35)   to   space 4096K, 0% used [0x00000000ffc00000,0x00000000ffc00000,0x0000000100000000)
[2025-06-17T23:19:02.971+0300][13852][2928 ][debug][gc,heap  ] GC(35)  ParOldGen       total 1398272K, used 11775K [0x0000000080000000, 0x00000000d5580000, 0x00000000d5580000)
[2025-06-17T23:19:02.971+0300][13852][2928 ][debug][gc,heap  ] GC(35)   object space 1398272K, 0% used [0x0000000080000000,0x0000000080b7fe30,0x00000000d5580000)
[2025-06-17T23:19:02.971+0300][13852][2928 ][debug][gc,heap  ] GC(35)  Metaspace       used 8988K, committed 9536K, reserved 1114112K
[2025-06-17T23:19:02.971+0300][13852][2928 ][debug][gc,heap  ] GC(35)   class space    used 975K, committed 1216K, reserved 1048576K
[2025-06-17T23:19:02.971+0300][13852][2928 ][info ][safepoint] Safepoint "ParallelGCFailedAllocation", Time since last: 159721400 ns, Reaching safepoint: 221300 ns, Cleanup: 13900 ns, At safepoint: 1320200 ns, Total: 1555400 ns
[2025-06-17T23:19:03.169+0300][13852][2928 ][debug][safepoint] Safepoint synchronization initiated using striped semaphore wait barrier. (18 threads)
[2025-06-17T23:19:03.169+0300][13852][7180 ][debug][safepoint] ... found polling page loop exception at pc = 0x0000012d12e96de0, stub =0x0000012d12894d80
[2025-06-17T23:19:03.169+0300][13852][9760 ][debug][safepoint] ... found polling page loop exception at pc = 0x0000012d12e96de0, stub =0x0000012d12894d80
[2025-06-17T23:19:03.169+0300][13852][13388][debug][safepoint] ... found polling page loop exception at pc = 0x0000012d12e96de0, stub =0x0000012d12894d80
[2025-06-17T23:19:03.169+0300][13852][2928 ][debug][gc,heap  ] GC(36) Heap before GC invocations=37 (full 1):
[2025-06-17T23:19:03.169+0300][13852][2928 ][debug][gc,heap  ] GC(36)  PSYoungGen      total 694272K, used 690176K [0x00000000d5580000, 0x0000000100000000, 0x0000000100000000)
[2025-06-17T23:19:03.169+0300][13852][2928 ][debug][gc,heap  ] GC(36)   eden space 689664K, 100% used [0x00000000d5580000,0x00000000ff700000,0x00000000ff700000)
[2025-06-17T23:19:03.169+0300][13852][2928 ][debug][gc,heap  ] GC(36)   from space 4608K, 11% used [0x00000000ff700000,0x00000000ff7800c0,0x00000000ffb80000)
[2025-06-17T23:19:03.169+0300][13852][2928 ][debug][gc,heap  ] GC(36)   to   space 4096K, 0% used [0x00000000ffc00000,0x00000000ffc00000,0x0000000100000000)
[2025-06-17T23:19:03.169+0300][13852][2928 ][debug][gc,heap  ] GC(36)  ParOldGen       total 1398272K, used 11775K [0x0000000080000000, 0x00000000d5580000, 0x00000000d5580000)
[2025-06-17T23:19:03.169+0300][13852][2928 ][debug][gc,heap  ] GC(36)   object space 1398272K, 0% used [0x0000000080000000,0x0000000080b7fe30,0x00000000d5580000)
[2025-06-17T23:19:03.169+0300][13852][2928 ][debug][gc,heap  ] GC(36)  Metaspace       used 8989K, committed 9536K, reserved 1114112K
[2025-06-17T23:19:03.169+0300][13852][2928 ][debug][gc,heap  ] GC(36)   class space    used 975K, committed 1216K, reserved 1048576K
[2025-06-17T23:19:03.169+0300][13852][2928 ][debug][gc,phases] GC(36) Scavenge 0.282ms
[2025-06-17T23:19:03.169+0300][13852][2928 ][debug][gc,phases] GC(36) Reference Processing 0.048ms
[2025-06-17T23:19:03.169+0300][13852][2928 ][debug][gc,phases] GC(36)   VM Weak                        Min:  0.0, Avg:  0.0, Max:  0.0, Diff:  0.0, Sum:  0.0, Workers: 8
[2025-06-17T23:19:03.169+0300][13852][2928 ][debug][gc,phases] GC(36)     Dead                           Min: 0, Avg:  0.0, Max: 0, Diff: 0, Sum: 0, Workers: 8
[2025-06-17T23:19:03.169+0300][13852][2928 ][debug][gc,phases] GC(36)     Total                          Min: 0, Avg: 45.9, Max: 367, Diff: 367, Sum: 367, Workers: 8
[2025-06-17T23:19:03.169+0300][13852][2928 ][debug][gc,phases] GC(36)   ObjectSynchronizer Weak        Min:  0.0, Avg:  0.0, Max:  0.0, Diff:  0.0, Sum:  0.0, Workers: 8
[2025-06-17T23:19:03.169+0300][13852][2928 ][debug][gc,phases] GC(36)     Dead                           Min: 0, Avg:  0.0, Max: 0, Diff: 0, Sum: 0, Workers: 8
[2025-06-17T23:19:03.169+0300][13852][2928 ][debug][gc,phases] GC(36)     Total                          Min: 0, Avg: 16.1, Max: 64, Diff: 64, Sum: 129, Workers: 8
[2025-06-17T23:19:03.169+0300][13852][2928 ][debug][gc,phases] GC(36)   JVMTI Tag Weak OopStorage      Min:  0.0, Avg:  0.0, Max:  0.0, Diff:  0.0, Sum:  0.0, Workers: 8
[2025-06-17T23:19:03.169+0300][13852][2928 ][debug][gc,phases] GC(36)     Dead                           Min: 0, Avg:  0.0, Max: 0, Diff: 0, Sum: 0, Workers: 8
[2025-06-17T23:19:03.169+0300][13852][2928 ][debug][gc,phases] GC(36)     Total                          Min: 0, Avg:  0.0, Max: 0, Diff: 0, Sum: 0, Workers: 8
[2025-06-17T23:19:03.169+0300][13852][2928 ][debug][gc,phases] GC(36)   StringTable Weak               Min:  0.0, Avg:  0.0, Max:  0.0, Diff:  0.0, Sum:  0.1, Workers: 8
[2025-06-17T23:19:03.169+0300][13852][2928 ][debug][gc,phases] GC(36)     Dead                           Min: 0, Avg:  0.0, Max: 0, Diff: 0, Sum: 0, Workers: 8
[2025-06-17T23:19:03.169+0300][13852][2928 ][debug][gc,phases] GC(36)     Total                          Min: 640, Avg: 778.6, Max: 853, Diff: 213, Sum: 6229, Workers: 8
[2025-06-17T23:19:03.169+0300][13852][2928 ][debug][gc,phases] GC(36)   ResolvedMethodTable Weak       Min:  0.0, Avg:  0.0, Max:  0.0, Diff:  0.0, Sum:  0.0, Workers: 8
[2025-06-17T23:19:03.169+0300][13852][2928 ][debug][gc,phases] GC(36)     Dead                           Min: 0, Avg:  0.0, Max: 0, Diff: 0, Sum: 0, Workers: 8
[2025-06-17T23:19:03.169+0300][13852][2928 ][debug][gc,phases] GC(36)     Total                          Min: 30, Avg: 107.6, Max: 128, Diff: 98, Sum: 861, Workers: 8
[2025-06-17T23:19:03.169+0300][13852][2928 ][debug][gc,phases] GC(36)   JNI Weak                       Min:  0.0, Avg:  0.0, Max:  0.0, Diff:  0.0, Sum:  0.0, Workers: 8
[2025-06-17T23:19:03.169+0300][13852][2928 ][debug][gc,phases] GC(36)     Dead                           Min: 0, Avg:  0.0, Max: 0, Diff: 0, Sum: 0, Workers: 8
[2025-06-17T23:19:03.169+0300][13852][2928 ][debug][gc,phases] GC(36)     Total                          Min: 0, Avg:  0.0, Max: 0, Diff: 0, Sum: 0, Workers: 8
[2025-06-17T23:19:03.169+0300][13852][2928 ][debug][gc,phases] GC(36)   StringDedup Table Weak         Min:  0.0, Avg:  0.0, Max:  0.0, Diff:  0.0, Sum:  0.0, Workers: 8
[2025-06-17T23:19:03.169+0300][13852][2928 ][debug][gc,phases] GC(36)     Dead                           Min: 0, Avg:  0.0, Max: 0, Diff: 0, Sum: 0, Workers: 8
[2025-06-17T23:19:03.169+0300][13852][2928 ][debug][gc,phases] GC(36)     Total                          Min: 0, Avg:  0.0, Max: 0, Diff: 0, Sum: 0, Workers: 8
[2025-06-17T23:19:03.169+0300][13852][2928 ][debug][gc,phases] GC(36)   StringDedup Requests0 Weak     Min:  0.0, Avg:  0.0, Max:  0.0, Diff:  0.0, Sum:  0.0, Workers: 8
[2025-06-17T23:19:03.169+0300][13852][2928 ][debug][gc,phases] GC(36)     Dead                           Min: 0, Avg:  0.0, Max: 0, Diff: 0, Sum: 0, Workers: 8
[2025-06-17T23:19:03.169+0300][13852][2928 ][debug][gc,phases] GC(36)     Total                          Min: 0, Avg:  0.0, Max: 0, Diff: 0, Sum: 0, Workers: 8
[2025-06-17T23:19:03.169+0300][13852][2928 ][debug][gc,phases] GC(36)   StringDedup Requests1 Weak     Min:  0.0, Avg:  0.0, Max:  0.0, Diff:  0.0, Sum:  0.0, Workers: 8
[2025-06-17T23:19:03.169+0300][13852][2928 ][debug][gc,phases] GC(36)     Dead                           Min: 0, Avg:  0.0, Max: 0, Diff: 0, Sum: 0, Workers: 8
[2025-06-17T23:19:03.169+0300][13852][2928 ][debug][gc,phases] GC(36)     Total                          Min: 0, Avg:  0.0, Max: 0, Diff: 0, Sum: 0, Workers: 8
[2025-06-17T23:19:03.169+0300][13852][2928 ][debug][gc,phases] GC(36)   Weak JFR Old Object Samples    Min:  0.0, Avg:  0.0, Max:  0.0, Diff:  0.0, Sum:  0.0, Workers: 8
[2025-06-17T23:19:03.169+0300][13852][2928 ][debug][gc,phases] GC(36)     Dead                           Min: 0, Avg:  0.0, Max: 0, Diff: 0, Sum: 0, Workers: 8
[2025-06-17T23:19:03.169+0300][13852][2928 ][debug][gc,phases] GC(36)     Total                          Min: 0, Avg:  0.0, Max: 0, Diff: 0, Sum: 0, Workers: 8
[2025-06-17T23:19:03.169+0300][13852][2928 ][debug][gc,phases] GC(36) Weak Processing 0.557ms
[2025-06-17T23:19:03.169+0300][13852][2928 ][info ][gc,heap  ] GC(36) PSYoungGen: 690176K(694272K)->480K(694784K) Eden: 689664K(689664K)->0K(690688K) From: 512K(4608K)->480K(4096K)
[2025-06-17T23:19:03.169+0300][13852][2928 ][info ][gc,heap  ] GC(36) ParOldGen: 11775K(1398272K)->11831K(1398272K)
[2025-06-17T23:19:03.169+0300][13852][2928 ][info ][gc       ] GC(36) Pause Young (Allocation Failure) 685M->12M(2044M) 1.016ms
[2025-06-17T23:19:03.169+0300][13852][2928 ][debug][gc,heap  ] GC(36) Heap after GC invocations=37 (full 1):
[2025-06-17T23:19:03.169+0300][13852][2928 ][debug][gc,heap  ] GC(36)  PSYoungGen      total 694784K, used 480K [0x00000000d5580000, 0x0000000100000000, 0x0000000100000000)
[2025-06-17T23:19:03.169+0300][13852][2928 ][debug][gc,heap  ] GC(36)   eden space 690688K, 0% used [0x00000000d5580000,0x00000000d5580000,0x00000000ff800000)
[2025-06-17T23:19:03.169+0300][13852][2928 ][debug][gc,heap  ] GC(36)   from space 4096K, 11% used [0x00000000ffc00000,0x00000000ffc780c0,0x0000000100000000)
[2025-06-17T23:19:03.169+0300][13852][2928 ][debug][gc,heap  ] GC(36)   to   space 4096K, 0% used [0x00000000ff800000,0x00000000ff800000,0x00000000ffc00000)
[2025-06-17T23:19:03.169+0300][13852][2928 ][debug][gc,heap  ] GC(36)  ParOldGen       total 1398272K, used 11831K [0x0000000080000000, 0x00000000d5580000, 0x00000000d5580000)
[2025-06-17T23:19:03.169+0300][13852][2928 ][debug][gc,heap  ] GC(36)   object space 1398272K, 0% used [0x0000000080000000,0x0000000080b8de30,0x00000000d5580000)
[2025-06-17T23:19:03.169+0300][13852][2928 ][debug][gc,heap  ] GC(36)  Metaspace       used 8989K, committed 9536K, reserved 1114112K
[2025-06-17T23:19:03.169+0300][13852][2928 ][debug][gc,heap  ] GC(36)   class space    used 975K, committed 1216K, reserved 1048576K
[2025-06-17T23:19:03.169+0300][13852][2928 ][info ][safepoint] Safepoint "ParallelGCFailedAllocation", Time since last: 197877600 ns, Reaching safepoint: 225600 ns, Cleanup: 4500 ns, At safepoint: 1370700 ns, Total: 1600800 ns
[2025-06-17T23:19:03.450+0300][13852][2928 ][debug][safepoint] Safepoint synchronization initiated using striped semaphore wait barrier. (15 threads)
[2025-06-17T23:19:03.450+0300][13852][9760 ][debug][safepoint] ... found polling page loop exception at pc = 0x0000012d12e96de0, stub =0x0000012d12894d80
[2025-06-17T23:19:03.450+0300][13852][2928 ][debug][gc,heap  ] GC(37) Heap before GC invocations=38 (full 1):
[2025-06-17T23:19:03.450+0300][13852][2928 ][debug][gc,heap  ] GC(37)  PSYoungGen      total 694784K, used 691168K [0x00000000d5580000, 0x0000000100000000, 0x0000000100000000)
[2025-06-17T23:19:03.450+0300][13852][2928 ][debug][gc,heap  ] GC(37)   eden space 690688K, 100% used [0x00000000d5580000,0x00000000ff800000,0x00000000ff800000)
[2025-06-17T23:19:03.450+0300][13852][2928 ][debug][gc,heap  ] GC(37)   from space 4096K, 11% used [0x00000000ffc00000,0x00000000ffc780c0,0x0000000100000000)
[2025-06-17T23:19:03.450+0300][13852][2928 ][debug][gc,heap  ] GC(37)   to   space 4096K, 0% used [0x00000000ff800000,0x00000000ff800000,0x00000000ffc00000)
[2025-06-17T23:19:03.450+0300][13852][2928 ][debug][gc,heap  ] GC(37)  ParOldGen       total 1398272K, used 11831K [0x0000000080000000, 0x00000000d5580000, 0x00000000d5580000)
[2025-06-17T23:19:03.450+0300][13852][2928 ][debug][gc,heap  ] GC(37)   object space 1398272K, 0% used [0x0000000080000000,0x0000000080b8de30,0x00000000d5580000)
[2025-06-17T23:19:03.450+0300][13852][2928 ][debug][gc,heap  ] GC(37)  Metaspace       used 8989K, committed 9536K, reserved 1114112K
[2025-06-17T23:19:03.450+0300][13852][2928 ][debug][gc,heap  ] GC(37)   class space    used 975K, committed 1216K, reserved 1048576K
[2025-06-17T23:19:03.450+0300][13852][2928 ][debug][gc,phases] GC(37) Scavenge 0.299ms
[2025-06-17T23:19:03.450+0300][13852][2928 ][debug][gc,phases] GC(37) Reference Processing 0.048ms
[2025-06-17T23:19:03.450+0300][13852][2928 ][debug][gc,phases] GC(37)   VM Weak                        Min:  0.0, Avg:  0.0, Max:  0.0, Diff:  0.0, Sum:  0.0, Workers: 8
[2025-06-17T23:19:03.450+0300][13852][2928 ][debug][gc,phases] GC(37)     Dead                           Min: 0, Avg:  0.0, Max: 0, Diff: 0, Sum: 0, Workers: 8
[2025-06-17T23:19:03.450+0300][13852][2928 ][debug][gc,phases] GC(37)     Total                          Min: 0, Avg: 45.9, Max: 192, Diff: 192, Sum: 367, Workers: 8
[2025-06-17T23:19:03.450+0300][13852][2928 ][debug][gc,phases] GC(37)   ObjectSynchronizer Weak        Min:  0.0, Avg:  0.0, Max:  0.0, Diff:  0.0, Sum:  0.0, Workers: 8
[2025-06-17T23:19:03.450+0300][13852][2928 ][debug][gc,phases] GC(37)     Dead                           Min: 0, Avg:  0.0, Max: 0, Diff: 0, Sum: 0, Workers: 8
[2025-06-17T23:19:03.450+0300][13852][2928 ][debug][gc,phases] GC(37)     Total                          Min: 0, Avg: 16.1, Max: 64, Diff: 64, Sum: 129, Workers: 8
[2025-06-17T23:19:03.450+0300][13852][2928 ][debug][gc,phases] GC(37)   JVMTI Tag Weak OopStorage      Min:  0.0, Avg:  0.0, Max:  0.0, Diff:  0.0, Sum:  0.0, Workers: 8
[2025-06-17T23:19:03.450+0300][13852][2928 ][debug][gc,phases] GC(37)     Dead                           Min: 0, Avg:  0.0, Max: 0, Diff: 0, Sum: 0, Workers: 8
[2025-06-17T23:19:03.450+0300][13852][2928 ][debug][gc,phases] GC(37)     Total                          Min: 0, Avg:  0.0, Max: 0, Diff: 0, Sum: 0, Workers: 8
[2025-06-17T23:19:03.450+0300][13852][2928 ][debug][gc,phases] GC(37)   StringTable Weak               Min:  0.0, Avg:  0.0, Max:  0.0, Diff:  0.0, Sum:  0.1, Workers: 8
[2025-06-17T23:19:03.450+0300][13852][2928 ][debug][gc,phases] GC(37)     Dead                           Min: 0, Avg:  0.0, Max: 0, Diff: 0, Sum: 0, Workers: 8
[2025-06-17T23:19:03.450+0300][13852][2928 ][debug][gc,phases] GC(37)     Total                          Min: 0, Avg: 778.6, Max: 1088, Diff: 1088, Sum: 6229, Workers: 8
[2025-06-17T23:19:03.450+0300][13852][2928 ][debug][gc,phases] GC(37)   ResolvedMethodTable Weak       Min:  0.0, Avg:  0.0, Max:  0.0, Diff:  0.0, Sum:  0.0, Workers: 8
[2025-06-17T23:19:03.450+0300][13852][2928 ][debug][gc,phases] GC(37)     Dead                           Min: 0, Avg:  0.0, Max: 0, Diff: 0, Sum: 0, Workers: 8
[2025-06-17T23:19:03.450+0300][13852][2928 ][debug][gc,phases] GC(37)     Total                          Min: 0, Avg: 107.6, Max: 221, Diff: 221, Sum: 861, Workers: 8
[2025-06-17T23:19:03.450+0300][13852][2928 ][debug][gc,phases] GC(37)   JNI Weak                       Min:  0.0, Avg:  0.0, Max:  0.0, Diff:  0.0, Sum:  0.0, Workers: 8
[2025-06-17T23:19:03.450+0300][13852][2928 ][debug][gc,phases] GC(37)     Dead                           Min: 0, Avg:  0.0, Max: 0, Diff: 0, Sum: 0, Workers: 8
[2025-06-17T23:19:03.450+0300][13852][2928 ][debug][gc,phases] GC(37)     Total                          Min: 0, Avg:  0.0, Max: 0, Diff: 0, Sum: 0, Workers: 8
[2025-06-17T23:19:03.450+0300][13852][2928 ][debug][gc,phases] GC(37)   StringDedup Table Weak         Min:  0.0, Avg:  0.0, Max:  0.0, Diff:  0.0, Sum:  0.0, Workers: 8
[2025-06-17T23:19:03.450+0300][13852][2928 ][debug][gc,phases] GC(37)     Dead                           Min: 0, Avg:  0.0, Max: 0, Diff: 0, Sum: 0, Workers: 8
[2025-06-17T23:19:03.450+0300][13852][2928 ][debug][gc,phases] GC(37)     Total                          Min: 0, Avg:  0.0, Max: 0, Diff: 0, Sum: 0, Workers: 8
[2025-06-17T23:19:03.450+0300][13852][2928 ][debug][gc,phases] GC(37)   StringDedup Requests0 Weak     Min:  0.0, Avg:  0.0, Max:  0.0, Diff:  0.0, Sum:  0.0, Workers: 8
[2025-06-17T23:19:03.450+0300][13852][2928 ][debug][gc,phases] GC(37)     Dead                           Min: 0, Avg:  0.0, Max: 0, Diff: 0, Sum: 0, Workers: 8
[2025-06-17T23:19:03.450+0300][13852][2928 ][debug][gc,phases] GC(37)     Total                          Min: 0, Avg:  0.0, Max: 0, Diff: 0, Sum: 0, Workers: 8
[2025-06-17T23:19:03.450+0300][13852][2928 ][debug][gc,phases] GC(37)   StringDedup Requests1 Weak     Min:  0.0, Avg:  0.0, Max:  0.0, Diff:  0.0, Sum:  0.0, Workers: 8
[2025-06-17T23:19:03.450+0300][13852][2928 ][debug][gc,phases] GC(37)     Dead                           Min: 0, Avg:  0.0, Max: 0, Diff: 0, Sum: 0, Workers: 8
[2025-06-17T23:19:03.450+0300][13852][2928 ][debug][gc,phases] GC(37)     Total                          Min: 0, Avg:  0.0, Max: 0, Diff: 0, Sum: 0, Workers: 8
[2025-06-17T23:19:03.450+0300][13852][2928 ][debug][gc,phases] GC(37)   Weak JFR Old Object Samples    Min:  0.0, Avg:  0.0, Max:  0.0, Diff:  0.0, Sum:  0.0, Workers: 8
[2025-06-17T23:19:03.450+0300][13852][2928 ][debug][gc,phases] GC(37)     Dead                           Min: 0, Avg:  0.0, Max: 0, Diff: 0, Sum: 0, Workers: 8
[2025-06-17T23:19:03.450+0300][13852][2928 ][debug][gc,phases] GC(37)     Total                          Min: 0, Avg:  0.0, Max: 0, Diff: 0, Sum: 0, Workers: 8
[2025-06-17T23:19:03.450+0300][13852][2928 ][debug][gc,phases] GC(37) Weak Processing 0.557ms
[2025-06-17T23:19:03.450+0300][13852][2928 ][info ][gc,heap  ] GC(37) PSYoungGen: 691168K(694784K)->368K(694784K) Eden: 690688K(690688K)->0K(690688K) From: 480K(4096K)->368K(4096K)
[2025-06-17T23:19:03.450+0300][13852][2928 ][info ][gc,heap  ] GC(37) ParOldGen: 11831K(1398272K)->11879K(1398272K)
[2025-06-17T23:19:03.450+0300][13852][2928 ][info ][gc       ] GC(37) Pause Young (Allocation Failure) 686M->11M(2044M) 1.013ms
[2025-06-17T23:19:03.450+0300][13852][2928 ][debug][gc,heap  ] GC(37) Heap after GC invocations=38 (full 1):
[2025-06-17T23:19:03.450+0300][13852][2928 ][debug][gc,heap  ] GC(37)  PSYoungGen      total 694784K, used 368K [0x00000000d5580000, 0x0000000100000000, 0x0000000100000000)
[2025-06-17T23:19:03.450+0300][13852][2928 ][debug][gc,heap  ] GC(37)   eden space 690688K, 0% used [0x00000000d5580000,0x00000000d5580000,0x00000000ff800000)
[2025-06-17T23:19:03.450+0300][13852][2928 ][debug][gc,heap  ] GC(37)   from space 4096K, 8% used [0x00000000ff800000,0x00000000ff85c070,0x00000000ffc00000)
[2025-06-17T23:19:03.450+0300][13852][2928 ][debug][gc,heap  ] GC(37)   to   space 3584K, 0% used [0x00000000ffc80000,0x00000000ffc80000,0x0000000100000000)
[2025-06-17T23:19:03.450+0300][13852][2928 ][debug][gc,heap  ] GC(37)  ParOldGen       total 1398272K, used 11879K [0x0000000080000000, 0x00000000d5580000, 0x00000000d5580000)
[2025-06-17T23:19:03.450+0300][13852][2928 ][debug][gc,heap  ] GC(37)   object space 1398272K, 0% used [0x0000000080000000,0x0000000080b99e30,0x00000000d5580000)
[2025-06-17T23:19:03.450+0300][13852][2928 ][debug][gc,heap  ] GC(37)  Metaspace       used 8989K, committed 9536K, reserved 1114112K
[2025-06-17T23:19:03.450+0300][13852][2928 ][debug][gc,heap  ] GC(37)   class space    used 975K, committed 1216K, reserved 1048576K
[2025-06-17T23:19:03.450+0300][13852][2928 ][info ][safepoint] Safepoint "ParallelGCFailedAllocation", Time since last: 283791000 ns, Reaching safepoint: 142400 ns, Cleanup: 13400 ns, At safepoint: 1330900 ns, Total: 1486700 ns
[2025-06-17T23:19:03.911+0300][13852][2928 ][debug][safepoint] Safepoint synchronization initiated using striped semaphore wait barrier. (13 threads)
[2025-06-17T23:19:03.911+0300][13852][2928 ][debug][gc,heap  ] GC(38) Heap before GC invocations=39 (full 1):
[2025-06-17T23:19:03.911+0300][13852][2928 ][debug][gc,heap  ] GC(38)  PSYoungGen      total 694784K, used 217929K [0x00000000d5580000, 0x0000000100000000, 0x0000000100000000)
[2025-06-17T23:19:03.911+0300][13852][2928 ][debug][gc,heap  ] GC(38)   eden space 690688K, 31% used [0x00000000d5580000,0x00000000e29f6768,0x00000000ff800000)
[2025-06-17T23:19:03.911+0300][13852][2928 ][debug][gc,heap  ] GC(38)   from space 4096K, 8% used [0x00000000ff800000,0x00000000ff85c070,0x00000000ffc00000)
[2025-06-17T23:19:03.911+0300][13852][2928 ][debug][gc,heap  ] GC(38)   to   space 3584K, 0% used [0x00000000ffc80000,0x00000000ffc80000,0x0000000100000000)
[2025-06-17T23:19:03.911+0300][13852][2928 ][debug][gc,heap  ] GC(38)  ParOldGen       total 1398272K, used 11879K [0x0000000080000000, 0x00000000d5580000, 0x00000000d5580000)
[2025-06-17T23:19:03.911+0300][13852][2928 ][debug][gc,heap  ] GC(38)   object space 1398272K, 0% used [0x0000000080000000,0x0000000080b99e30,0x00000000d5580000)
[2025-06-17T23:19:03.911+0300][13852][2928 ][debug][gc,heap  ] GC(38)  Metaspace       used 9171K, committed 9792K, reserved 1114112K
[2025-06-17T23:19:03.911+0300][13852][2928 ][debug][gc,heap  ] GC(38)   class space    used 994K, committed 1280K, reserved 1048576K
[2025-06-17T23:19:03.913+0300][13852][2928 ][debug][gc,phases] GC(38) Scavenge 0.413ms
[2025-06-17T23:19:03.913+0300][13852][2928 ][debug][gc,phases] GC(38) Reference Processing 0.050ms
[2025-06-17T23:19:03.913+0300][13852][2928 ][debug][gc,phases] GC(38)   VM Weak                        Min:  0.0, Avg:  0.0, Max:  0.0, Diff:  0.0, Sum:  0.0, Workers: 8
[2025-06-17T23:19:03.913+0300][13852][2928 ][debug][gc,phases] GC(38)     Dead                           Min: 0, Avg:  0.0, Max: 0, Diff: 0, Sum: 0, Workers: 8
[2025-06-17T23:19:03.913+0300][13852][2928 ][debug][gc,phases] GC(38)     Total                          Min: 0, Avg: 46.0, Max: 368, Diff: 368, Sum: 368, Workers: 8
[2025-06-17T23:19:03.913+0300][13852][2928 ][debug][gc,phases] GC(38)   ObjectSynchronizer Weak        Min:  0.0, Avg:  0.0, Max:  0.0, Diff:  0.0, Sum:  0.0, Workers: 8
[2025-06-17T23:19:03.913+0300][13852][2928 ][debug][gc,phases] GC(38)     Dead                           Min: 0, Avg:  0.0, Max: 0, Diff: 0, Sum: 0, Workers: 8
[2025-06-17T23:19:03.913+0300][13852][2928 ][debug][gc,phases] GC(38)     Total                          Min: 0, Avg: 16.1, Max: 64, Diff: 64, Sum: 129, Workers: 8
[2025-06-17T23:19:03.913+0300][13852][2928 ][debug][gc,phases] GC(38)   JVMTI Tag Weak OopStorage      Min:  0.0, Avg:  0.0, Max:  0.0, Diff:  0.0, Sum:  0.0, Workers: 8
[2025-06-17T23:19:03.913+0300][13852][2928 ][debug][gc,phases] GC(38)     Dead                           Min: 0, Avg:  0.0, Max: 0, Diff: 0, Sum: 0, Workers: 8
[2025-06-17T23:19:03.913+0300][13852][2928 ][debug][gc,phases] GC(38)     Total                          Min: 0, Avg:  0.0, Max: 0, Diff: 0, Sum: 0, Workers: 8
[2025-06-17T23:19:03.913+0300][13852][2928 ][debug][gc,phases] GC(38)   StringTable Weak               Min:  0.0, Avg:  0.0, Max:  0.0, Diff:  0.0, Sum:  0.1, Workers: 8
[2025-06-17T23:19:03.913+0300][13852][2928 ][debug][gc,phases] GC(38)     Dead                           Min: 0, Avg:  0.5, Max: 4, Diff: 4, Sum: 4, Workers: 8
[2025-06-17T23:19:03.913+0300][13852][2928 ][debug][gc,phases] GC(38)     Total                          Min: 0, Avg: 784.8, Max: 1606, Diff: 1606, Sum: 6278, Workers: 8
[2025-06-17T23:19:03.913+0300][13852][2928 ][debug][gc,phases] GC(38)   ResolvedMethodTable Weak       Min:  0.0, Avg:  0.0, Max:  0.0, Diff:  0.0, Sum:  0.0, Workers: 8
[2025-06-17T23:19:03.913+0300][13852][2928 ][debug][gc,phases] GC(38)     Dead                           Min: 0, Avg:  0.4, Max: 3, Diff: 3, Sum: 3, Workers: 8
[2025-06-17T23:19:03.913+0300][13852][2928 ][debug][gc,phases] GC(38)     Total                          Min: 0, Avg: 110.4, Max: 381, Diff: 381, Sum: 883, Workers: 8
[2025-06-17T23:19:03.913+0300][13852][2928 ][debug][gc,phases] GC(38)   JNI Weak                       Min:  0.0, Avg:  0.0, Max:  0.0, Diff:  0.0, Sum:  0.0, Workers: 8
[2025-06-17T23:19:03.913+0300][13852][2928 ][debug][gc,phases] GC(38)     Dead                           Min: 0, Avg:  0.0, Max: 0, Diff: 0, Sum: 0, Workers: 8
[2025-06-17T23:19:03.913+0300][13852][2928 ][debug][gc,phases] GC(38)     Total                          Min: 0, Avg:  0.0, Max: 0, Diff: 0, Sum: 0, Workers: 8
[2025-06-17T23:19:03.913+0300][13852][2928 ][debug][gc,phases] GC(38)   StringDedup Table Weak         Min:  0.0, Avg:  0.0, Max:  0.0, Diff:  0.0, Sum:  0.0, Workers: 8
[2025-06-17T23:19:03.913+0300][13852][2928 ][debug][gc,phases] GC(38)     Dead                           Min: 0, Avg:  0.0, Max: 0, Diff: 0, Sum: 0, Workers: 8
[2025-06-17T23:19:03.913+0300][13852][2928 ][debug][gc,phases] GC(38)     Total                          Min: 0, Avg:  0.0, Max: 0, Diff: 0, Sum: 0, Workers: 8
[2025-06-17T23:19:03.913+0300][13852][2928 ][debug][gc,phases] GC(38)   StringDedup Requests0 Weak     Min:  0.0, Avg:  0.0, Max:  0.0, Diff:  0.0, Sum:  0.0, Workers: 8
[2025-06-17T23:19:03.913+0300][13852][2928 ][debug][gc,phases] GC(38)     Dead                           Min: 0, Avg:  0.0, Max: 0, Diff: 0, Sum: 0, Workers: 8
[2025-06-17T23:19:03.913+0300][13852][2928 ][debug][gc,phases] GC(38)     Total                          Min: 0, Avg:  0.0, Max: 0, Diff: 0, Sum: 0, Workers: 8
[2025-06-17T23:19:03.913+0300][13852][2928 ][debug][gc,phases] GC(38)   StringDedup Requests1 Weak     Min:  0.0, Avg:  0.0, Max:  0.0, Diff:  0.0, Sum:  0.0, Workers: 8
[2025-06-17T23:19:03.913+0300][13852][2928 ][debug][gc,phases] GC(38)     Dead                           Min: 0, Avg:  0.0, Max: 0, Diff: 0, Sum: 0, Workers: 8
[2025-06-17T23:19:03.913+0300][13852][2928 ][debug][gc,phases] GC(38)     Total                          Min: 0, Avg:  0.0, Max: 0, Diff: 0, Sum: 0, Workers: 8
[2025-06-17T23:19:03.913+0300][13852][2928 ][debug][gc,phases] GC(38)   Weak JFR Old Object Samples    Min:  0.0, Avg:  0.0, Max:  0.0, Diff:  0.0, Sum:  0.0, Workers: 8
[2025-06-17T23:19:03.913+0300][13852][2928 ][debug][gc,phases] GC(38)     Dead                           Min: 0, Avg:  0.0, Max: 0, Diff: 0, Sum: 0, Workers: 8
[2025-06-17T23:19:03.913+0300][13852][2928 ][debug][gc,phases] GC(38)     Total                          Min: 0, Avg:  0.0, Max: 0, Diff: 0, Sum: 0, Workers: 8
[2025-06-17T23:19:03.913+0300][13852][2928 ][debug][gc,phases] GC(38) Weak Processing 0.559ms
[2025-06-17T23:19:03.913+0300][13852][2928 ][info ][gc,heap  ] GC(38) PSYoungGen: 217929K(694784K)->256K(695296K) Eden: 217561K(690688K)->0K(691712K) From: 368K(4096K)->256K(3584K)
[2025-06-17T23:19:03.913+0300][13852][2928 ][info ][gc,heap  ] GC(38) ParOldGen: 11879K(1398272K)->11927K(1398272K)
[2025-06-17T23:19:03.913+0300][13852][2928 ][info ][gc       ] GC(38) Pause Young (System.gc()) 224M->11M(2044M) 1.144ms
[2025-06-17T23:19:03.913+0300][13852][2928 ][debug][gc,heap  ] GC(38) Heap after GC invocations=39 (full 1):
[2025-06-17T23:19:03.913+0300][13852][2928 ][debug][gc,heap  ] GC(38)  PSYoungGen      total 695296K, used 256K [0x00000000d5580000, 0x0000000100000000, 0x0000000100000000)
[2025-06-17T23:19:03.913+0300][13852][2928 ][debug][gc,heap  ] GC(38)   eden space 691712K, 0% used [0x00000000d5580000,0x00000000d5580000,0x00000000ff900000)
[2025-06-17T23:19:03.913+0300][13852][2928 ][debug][gc,heap  ] GC(38)   from space 3584K, 7% used [0x00000000ffc80000,0x00000000ffcc0000,0x0000000100000000)
[2025-06-17T23:19:03.913+0300][13852][2928 ][debug][gc,heap  ] GC(38)   to   space 3584K, 0% used [0x00000000ff900000,0x00000000ff900000,0x00000000ffc80000)
[2025-06-17T23:19:03.913+0300][13852][2928 ][debug][gc,heap  ] GC(38)  ParOldGen       total 1398272K, used 11927K [0x0000000080000000, 0x00000000d5580000, 0x00000000d5580000)
[2025-06-17T23:19:03.913+0300][13852][2928 ][debug][gc,heap  ] GC(38)   object space 1398272K, 0% used [0x0000000080000000,0x0000000080ba5e30,0x00000000d5580000)
[2025-06-17T23:19:03.913+0300][13852][2928 ][debug][gc,heap  ] GC(38)  Metaspace       used 9171K, committed 9792K, reserved 1114112K
[2025-06-17T23:19:03.913+0300][13852][2928 ][debug][gc,heap  ] GC(38)   class space    used 994K, committed 1280K, reserved 1048576K
[2025-06-17T23:19:03.913+0300][13852][2928 ][debug][gc,heap  ] GC(39) Heap before GC invocations=40 (full 2):
[2025-06-17T23:19:03.913+0300][13852][2928 ][debug][gc,heap  ] GC(39)  PSYoungGen      total 695296K, used 256K [0x00000000d5580000, 0x0000000100000000, 0x0000000100000000)
[2025-06-17T23:19:03.913+0300][13852][2928 ][debug][gc,heap  ] GC(39)   eden space 691712K, 0% used [0x00000000d5580000,0x00000000d5580000,0x00000000ff900000)
[2025-06-17T23:19:03.913+0300][13852][2928 ][debug][gc,heap  ] GC(39)   from space 3584K, 7% used [0x00000000ffc80000,0x00000000ffcc0000,0x0000000100000000)
[2025-06-17T23:19:03.913+0300][13852][2928 ][debug][gc,heap  ] GC(39)   to   space 3584K, 0% used [0x00000000ff900000,0x00000000ff900000,0x00000000ffc80000)
[2025-06-17T23:19:03.913+0300][13852][2928 ][debug][gc,heap  ] GC(39)  ParOldGen       total 1398272K, used 11927K [0x0000000080000000, 0x00000000d5580000, 0x00000000d5580000)
[2025-06-17T23:19:03.913+0300][13852][2928 ][debug][gc,heap  ] GC(39)   object space 1398272K, 0% used [0x0000000080000000,0x0000000080ba5e30,0x00000000d5580000)
[2025-06-17T23:19:03.913+0300][13852][2928 ][debug][gc,heap  ] GC(39)  Metaspace       used 9171K, committed 9792K, reserved 1114112K
[2025-06-17T23:19:03.913+0300][13852][2928 ][debug][gc,heap  ] GC(39)   class space    used 994K, committed 1280K, reserved 1048576K
[2025-06-17T23:19:03.913+0300][13852][2928 ][debug][gc,phases] GC(39) Pre Compact 0.102ms
[2025-06-17T23:19:03.915+0300][13852][2928 ][debug][gc,phases] GC(39) Par Mark 1.808ms
[2025-06-17T23:19:03.915+0300][13852][2928 ][debug][gc,phases] GC(39) Reference Processing 0.172ms
[2025-06-17T23:19:03.915+0300][13852][2928 ][debug][gc,phases] GC(39)   VM Weak                        Min:  0.0, Avg:  0.0, Max:  0.0, Diff:  0.0, Sum:  0.0, Workers: 8
[2025-06-17T23:19:03.915+0300][13852][2928 ][debug][gc,phases] GC(39)     Dead                           Min: 0, Avg: 30.6, Max: 138, Diff: 138, Sum: 245, Workers: 8
[2025-06-17T23:19:03.915+0300][13852][2928 ][debug][gc,phases] GC(39)     Total                          Min: 0, Avg: 46.0, Max: 192, Diff: 192, Sum: 368, Workers: 8
[2025-06-17T23:19:03.915+0300][13852][2928 ][debug][gc,phases] GC(39)   ObjectSynchronizer Weak        Min:  0.0, Avg:  0.0, Max:  0.0, Diff:  0.0, Sum:  0.0, Workers: 8
[2025-06-17T23:19:03.915+0300][13852][2928 ][debug][gc,phases] GC(39)     Dead                           Min: 0, Avg:  0.1, Max: 1, Diff: 1, Sum: 1, Workers: 8
[2025-06-17T23:19:03.915+0300][13852][2928 ][debug][gc,phases] GC(39)     Total                          Min: 0, Avg: 16.1, Max: 65, Diff: 65, Sum: 129, Workers: 8
[2025-06-17T23:19:03.915+0300][13852][2928 ][debug][gc,phases] GC(39)   JVMTI Tag Weak OopStorage      Min:  0.0, Avg:  0.0, Max:  0.0, Diff:  0.0, Sum:  0.0, Workers: 8
[2025-06-17T23:19:03.915+0300][13852][2928 ][debug][gc,phases] GC(39)     Dead                           Min: 0, Avg:  0.0, Max: 0, Diff: 0, Sum: 0, Workers: 8
[2025-06-17T23:19:03.915+0300][13852][2928 ][debug][gc,phases] GC(39)     Total                          Min: 0, Avg:  0.0, Max: 0, Diff: 0, Sum: 0, Workers: 8
[2025-06-17T23:19:03.915+0300][13852][2928 ][debug][gc,phases] GC(39)   StringTable Weak               Min:  0.0, Avg:  0.0, Max:  0.0, Diff:  0.0, Sum:  0.1, Workers: 8
[2025-06-17T23:19:03.915+0300][13852][2928 ][debug][gc,phases] GC(39)     Dead                           Min: 0, Avg:  0.0, Max: 0, Diff: 0, Sum: 0, Workers: 8
[2025-06-17T23:19:03.915+0300][13852][2928 ][debug][gc,phases] GC(39)     Total                          Min: 0, Avg: 784.8, Max: 1542, Diff: 1542, Sum: 6278, Workers: 8
[2025-06-17T23:19:03.915+0300][13852][2928 ][debug][gc,phases] GC(39)   ResolvedMethodTable Weak       Min:  0.0, Avg:  0.0, Max:  0.0, Diff:  0.0, Sum:  0.0, Workers: 8
[2025-06-17T23:19:03.915+0300][13852][2928 ][debug][gc,phases] GC(39)     Dead                           Min: 0, Avg:  3.5, Max: 14, Diff: 14, Sum: 28, Workers: 8
[2025-06-17T23:19:03.915+0300][13852][2928 ][debug][gc,phases] GC(39)     Total                          Min: 0, Avg: 110.4, Max: 191, Diff: 191, Sum: 883, Workers: 8
[2025-06-17T23:19:03.915+0300][13852][2928 ][debug][gc,phases] GC(39)   JNI Weak                       Min:  0.0, Avg:  0.0, Max:  0.0, Diff:  0.0, Sum:  0.0, Workers: 8
[2025-06-17T23:19:03.915+0300][13852][2928 ][debug][gc,phases] GC(39)     Dead                           Min: 0, Avg:  0.0, Max: 0, Diff: 0, Sum: 0, Workers: 8
[2025-06-17T23:19:03.915+0300][13852][2928 ][debug][gc,phases] GC(39)     Total                          Min: 0, Avg:  0.0, Max: 0, Diff: 0, Sum: 0, Workers: 8
[2025-06-17T23:19:03.915+0300][13852][2928 ][debug][gc,phases] GC(39)   StringDedup Table Weak         Min:  0.0, Avg:  0.0, Max:  0.0, Diff:  0.0, Sum:  0.0, Workers: 8
[2025-06-17T23:19:03.915+0300][13852][2928 ][debug][gc,phases] GC(39)     Dead                           Min: 0, Avg:  0.0, Max: 0, Diff: 0, Sum: 0, Workers: 8
[2025-06-17T23:19:03.915+0300][13852][2928 ][debug][gc,phases] GC(39)     Total                          Min: 0, Avg:  0.0, Max: 0, Diff: 0, Sum: 0, Workers: 8
[2025-06-17T23:19:03.915+0300][13852][2928 ][debug][gc,phases] GC(39)   StringDedup Requests0 Weak     Min:  0.0, Avg:  0.0, Max:  0.0, Diff:  0.0, Sum:  0.0, Workers: 8
[2025-06-17T23:19:03.915+0300][13852][2928 ][debug][gc,phases] GC(39)     Dead                           Min: 0, Avg:  0.0, Max: 0, Diff: 0, Sum: 0, Workers: 8
[2025-06-17T23:19:03.915+0300][13852][2928 ][debug][gc,phases] GC(39)     Total                          Min: 0, Avg:  0.0, Max: 0, Diff: 0, Sum: 0, Workers: 8
[2025-06-17T23:19:03.915+0300][13852][2928 ][debug][gc,phases] GC(39)   StringDedup Requests1 Weak     Min:  0.0, Avg:  0.0, Max:  0.0, Diff:  0.0, Sum:  0.0, Workers: 8
[2025-06-17T23:19:03.915+0300][13852][2928 ][debug][gc,phases] GC(39)     Dead                           Min: 0, Avg:  0.0, Max: 0, Diff: 0, Sum: 0, Workers: 8
[2025-06-17T23:19:03.915+0300][13852][2928 ][debug][gc,phases] GC(39)     Total                          Min: 0, Avg:  0.0, Max: 0, Diff: 0, Sum: 0, Workers: 8
[2025-06-17T23:19:03.915+0300][13852][2928 ][debug][gc,phases] GC(39)   Weak JFR Old Object Samples    Min:  0.0, Avg:  0.0, Max:  0.0, Diff:  0.0, Sum:  0.0, Workers: 8
[2025-06-17T23:19:03.915+0300][13852][2928 ][debug][gc,phases] GC(39)     Dead                           Min: 0, Avg:  0.0, Max: 0, Diff: 0, Sum: 0, Workers: 8
[2025-06-17T23:19:03.915+0300][13852][2928 ][debug][gc,phases] GC(39)     Total                          Min: 0, Avg:  0.0, Max: 0, Diff: 0, Sum: 0, Workers: 8
[2025-06-17T23:19:03.915+0300][13852][2928 ][debug][gc,phases] GC(39) Weak Processing 0.673ms
[2025-06-17T23:19:03.915+0300][13852][2928 ][debug][gc,phases] GC(39) ClassLoaderData 0.348ms
[2025-06-17T23:19:03.915+0300][13852][2928 ][debug][gc,phases] GC(39) Trigger cleanups 0.008ms
[2025-06-17T23:19:03.921+0300][13852][2928 ][debug][gc,phases] GC(39) Purge Unlinked NMethods 0.176ms
[2025-06-17T23:19:03.921+0300][13852][2928 ][debug][gc,phases] GC(39) Unregister NMethods 0.001ms
[2025-06-17T23:19:03.921+0300][13852][2928 ][debug][gc,phases] GC(39) Free Code Blobs 0.034ms
[2025-06-17T23:19:03.921+0300][13852][2928 ][debug][gc,phases] GC(39) Class Unloading 8.619ms
[2025-06-17T23:19:03.921+0300][13852][2928 ][debug][gc,phases] GC(39) Report Object Count 0.001ms
[2025-06-17T23:19:03.921+0300][13852][2928 ][info ][gc,phases] GC(39) Marking Phase 11.450ms
[2025-06-17T23:19:03.921+0300][13852][2928 ][info ][gc,phases] GC(39) Summary Phase 0.002ms
[2025-06-17T23:19:03.921+0300][13852][2928 ][info ][gc,phases] GC(39) Adjust Roots 4.091ms
[2025-06-17T23:19:03.932+0300][13852][2928 ][info ][gc,phases] GC(39) Compaction Phase 3.563ms
[2025-06-17T23:19:03.932+0300][13852][2928 ][debug][gc,phases] GC(39) Purge Class Loader Data 0.521ms
[2025-06-17T23:19:03.932+0300][13852][2928 ][info ][gc,phases] GC(39) Post Compact 0.719ms
[2025-06-17T23:19:03.932+0300][13852][2928 ][info ][gc,heap  ] GC(39) PSYoungGen: 256K(695296K)->0K(695296K) Eden: 0K(691712K)->0K(691712K) From: 256K(3584K)->0K(3584K)
[2025-06-17T23:19:03.932+0300][13852][2928 ][info ][gc,heap  ] GC(39) ParOldGen: 11927K(1398272K)->9911K(1398272K)
[2025-06-17T23:19:03.932+0300][13852][2928 ][info ][gc       ] GC(39) Pause Full (System.gc()) 11M->9M(2044M) 20.038ms
[2025-06-17T23:19:03.932+0300][13852][2928 ][debug][gc,heap  ] GC(39) Heap after GC invocations=40 (full 2):
[2025-06-17T23:19:03.932+0300][13852][2928 ][debug][gc,heap  ] GC(39)  PSYoungGen      total 695296K, used 0K [0x00000000d5580000, 0x0000000100000000, 0x0000000100000000)
[2025-06-17T23:19:03.932+0300][13852][2928 ][debug][gc,heap  ] GC(39)   eden space 691712K, 0% used [0x00000000d5580000,0x00000000d5580000,0x00000000ff900000)
[2025-06-17T23:19:03.932+0300][13852][2928 ][debug][gc,heap  ] GC(39)   from space 3584K, 0% used [0x00000000ffc80000,0x00000000ffc80000,0x0000000100000000)
[2025-06-17T23:19:03.932+0300][13852][2928 ][debug][gc,heap  ] GC(39)   to   space 3584K, 0% used [0x00000000ff900000,0x00000000ff900000,0x00000000ffc80000)
[2025-06-17T23:19:03.932+0300][13852][2928 ][debug][gc,heap  ] GC(39)  ParOldGen       total 1398272K, used 9911K [0x0000000080000000, 0x00000000d5580000, 0x00000000d5580000)
[2025-06-17T23:19:03.932+0300][13852][2928 ][debug][gc,heap  ] GC(39)   object space 1398272K, 0% used [0x0000000080000000,0x00000000809adf88,0x00000000d5580000)
[2025-06-17T23:19:03.932+0300][13852][2928 ][debug][gc,heap  ] GC(39)  Metaspace       used 8731K, committed 9792K, reserved 1114112K
[2025-06-17T23:19:03.932+0300][13852][2928 ][debug][gc,heap  ] GC(39)   class space    used 873K, committed 1280K, reserved 1048576K
[2025-06-17T23:19:03.932+0300][13852][2928 ][info ][safepoint] Safepoint "ParallelGCSystemGC", Time since last: 456290600 ns, Reaching safepoint: 52600 ns, Cleanup: 21800 ns, At safepoint: 21829100 ns, Total: 21903500 ns
[2025-06-17T23:19:04.174+0300][13852][2928 ][debug][safepoint] Safepoint synchronization initiated using striped semaphore wait barrier. (21 threads)
[2025-06-17T23:19:04.174+0300][13852][5816 ][debug][safepoint] ... found polling page loop exception at pc = 0x0000012d12e96de0, stub =0x0000012d12894d80
[2025-06-17T23:19:04.174+0300][13852][7064 ][debug][safepoint] ... found polling page loop exception at pc = 0x0000012d12e96de0, stub =0x0000012d12894d80
[2025-06-17T23:19:04.174+0300][13852][20072][debug][safepoint] ... found polling page loop exception at pc = 0x0000012d12e96de0, stub =0x0000012d12894d80
[2025-06-17T23:19:04.174+0300][13852][18556][debug][safepoint] ... found polling page loop exception at pc = 0x0000012d12e96de0, stub =0x0000012d12894d80
[2025-06-17T23:19:04.174+0300][13852][1412 ][debug][safepoint] ... found polling page loop exception at pc = 0x0000012d12e96de0, stub =0x0000012d12894d80
[2025-06-17T23:19:04.176+0300][13852][2928 ][debug][gc,heap  ] GC(40) Heap before GC invocations=41 (full 2):
[2025-06-17T23:19:04.176+0300][13852][2928 ][debug][gc,heap  ] GC(40)  PSYoungGen      total 695296K, used 691712K [0x00000000d5580000, 0x0000000100000000, 0x0000000100000000)
[2025-06-17T23:19:04.176+0300][13852][2928 ][debug][gc,heap  ] GC(40)   eden space 691712K, 100% used [0x00000000d5580000,0x00000000ff900000,0x00000000ff900000)
[2025-06-17T23:19:04.176+0300][13852][2928 ][debug][gc,heap  ] GC(40)   from space 3584K, 0% used [0x00000000ffc80000,0x00000000ffc80000,0x0000000100000000)
[2025-06-17T23:19:04.176+0300][13852][2928 ][debug][gc,heap  ] GC(40)   to   space 3584K, 0% used [0x00000000ff900000,0x00000000ff900000,0x00000000ffc80000)
[2025-06-17T23:19:04.176+0300][13852][2928 ][debug][gc,heap  ] GC(40)  ParOldGen       total 1398272K, used 9911K [0x0000000080000000, 0x00000000d5580000, 0x00000000d5580000)
[2025-06-17T23:19:04.176+0300][13852][2928 ][debug][gc,heap  ] GC(40)   object space 1398272K, 0% used [0x0000000080000000,0x00000000809adf88,0x00000000d5580000)
[2025-06-17T23:19:04.176+0300][13852][2928 ][debug][gc,heap  ] GC(40)  Metaspace       used 8731K, committed 9792K, reserved 1114112K
[2025-06-17T23:19:04.176+0300][13852][2928 ][debug][gc,heap  ] GC(40)   class space    used 873K, committed 1280K, reserved 1048576K
[2025-06-17T23:19:04.176+0300][13852][2928 ][debug][gc,phases] GC(40) Scavenge 1.069ms
[2025-06-17T23:19:04.176+0300][13852][2928 ][debug][gc,phases] GC(40) Reference Processing 0.053ms
[2025-06-17T23:19:04.176+0300][13852][2928 ][debug][gc,phases] GC(40)   VM Weak                        Min:  0.0, Avg:  0.0, Max:  0.0, Diff:  0.0, Sum:  0.0, Workers: 8
[2025-06-17T23:19:04.176+0300][13852][2928 ][debug][gc,phases] GC(40)     Dead                           Min: 0, Avg:  0.0, Max: 0, Diff: 0, Sum: 0, Workers: 8
[2025-06-17T23:19:04.176+0300][13852][2928 ][debug][gc,phases] GC(40)     Total                          Min: 0, Avg: 15.4, Max: 114, Diff: 114, Sum: 123, Workers: 8
[2025-06-17T23:19:04.176+0300][13852][2928 ][debug][gc,phases] GC(40)   ObjectSynchronizer Weak        Min:  0.0, Avg:  0.0, Max:  0.0, Diff:  0.0, Sum:  0.0, Workers: 8
[2025-06-17T23:19:04.176+0300][13852][2928 ][debug][gc,phases] GC(40)     Dead                           Min: 0, Avg:  0.0, Max: 0, Diff: 0, Sum: 0, Workers: 8
[2025-06-17T23:19:04.176+0300][13852][2928 ][debug][gc,phases] GC(40)     Total                          Min: 0, Avg: 16.2, Max: 64, Diff: 64, Sum: 130, Workers: 8
[2025-06-17T23:19:04.176+0300][13852][2928 ][debug][gc,phases] GC(40)   JVMTI Tag Weak OopStorage      Min:  0.0, Avg:  0.0, Max:  0.0, Diff:  0.0, Sum:  0.0, Workers: 8
[2025-06-17T23:19:04.176+0300][13852][2928 ][debug][gc,phases] GC(40)     Dead                           Min: 0, Avg:  0.0, Max: 0, Diff: 0, Sum: 0, Workers: 8
[2025-06-17T23:19:04.176+0300][13852][2928 ][debug][gc,phases] GC(40)     Total                          Min: 0, Avg:  0.0, Max: 0, Diff: 0, Sum: 0, Workers: 8
[2025-06-17T23:19:04.176+0300][13852][2928 ][debug][gc,phases] GC(40)   StringTable Weak               Min:  0.0, Avg:  0.0, Max:  0.0, Diff:  0.0, Sum:  0.1, Workers: 8
[2025-06-17T23:19:04.176+0300][13852][2928 ][debug][gc,phases] GC(40)     Dead                           Min: 0, Avg:  0.0, Max: 0, Diff: 0, Sum: 0, Workers: 8
[2025-06-17T23:19:04.176+0300][13852][2928 ][debug][gc,phases] GC(40)     Total                          Min: 0, Avg: 784.8, Max: 1094, Diff: 1094, Sum: 6278, Workers: 8
[2025-06-17T23:19:04.176+0300][13852][2928 ][debug][gc,phases] GC(40)   ResolvedMethodTable Weak       Min:  0.0, Avg:  0.0, Max:  0.0, Diff:  0.0, Sum:  0.0, Workers: 8
[2025-06-17T23:19:04.176+0300][13852][2928 ][debug][gc,phases] GC(40)     Dead                           Min: 0, Avg:  0.0, Max: 0, Diff: 0, Sum: 0, Workers: 8
[2025-06-17T23:19:04.176+0300][13852][2928 ][debug][gc,phases] GC(40)     Total                          Min: 0, Avg: 110.4, Max: 191, Diff: 191, Sum: 883, Workers: 8
[2025-06-17T23:19:04.176+0300][13852][2928 ][debug][gc,phases] GC(40)   JNI Weak                       Min:  0.0, Avg:  0.0, Max:  0.0, Diff:  0.0, Sum:  0.0, Workers: 8
[2025-06-17T23:19:04.176+0300][13852][2928 ][debug][gc,phases] GC(40)     Dead                           Min: 0, Avg:  0.0, Max: 0, Diff: 0, Sum: 0, Workers: 8
[2025-06-17T23:19:04.176+0300][13852][2928 ][debug][gc,phases] GC(40)     Total                          Min: 0, Avg:  0.0, Max: 0, Diff: 0, Sum: 0, Workers: 8
[2025-06-17T23:19:04.176+0300][13852][2928 ][debug][gc,phases] GC(40)   StringDedup Table Weak         Min:  0.0, Avg:  0.0, Max:  0.0, Diff:  0.0, Sum:  0.0, Workers: 8
[2025-06-17T23:19:04.176+0300][13852][2928 ][debug][gc,phases] GC(40)     Dead                           Min: 0, Avg:  0.0, Max: 0, Diff: 0, Sum: 0, Workers: 8
[2025-06-17T23:19:04.176+0300][13852][2928 ][debug][gc,phases] GC(40)     Total                          Min: 0, Avg:  0.0, Max: 0, Diff: 0, Sum: 0, Workers: 8
[2025-06-17T23:19:04.176+0300][13852][2928 ][debug][gc,phases] GC(40)   StringDedup Requests0 Weak     Min:  0.0, Avg:  0.0, Max:  0.0, Diff:  0.0, Sum:  0.0, Workers: 8
[2025-06-17T23:19:04.176+0300][13852][2928 ][debug][gc,phases] GC(40)     Dead                           Min: 0, Avg:  0.0, Max: 0, Diff: 0, Sum: 0, Workers: 8
[2025-06-17T23:19:04.176+0300][13852][2928 ][debug][gc,phases] GC(40)     Total                          Min: 0, Avg:  0.0, Max: 0, Diff: 0, Sum: 0, Workers: 8
[2025-06-17T23:19:04.176+0300][13852][2928 ][debug][gc,phases] GC(40)   StringDedup Requests1 Weak     Min:  0.0, Avg:  0.0, Max:  0.0, Diff:  0.0, Sum:  0.0, Workers: 8
[2025-06-17T23:19:04.176+0300][13852][2928 ][debug][gc,phases] GC(40)     Dead                           Min: 0, Avg:  0.0, Max: 0, Diff: 0, Sum: 0, Workers: 8
[2025-06-17T23:19:04.176+0300][13852][2928 ][debug][gc,phases] GC(40)     Total                          Min: 0, Avg:  0.0, Max: 0, Diff: 0, Sum: 0, Workers: 8
[2025-06-17T23:19:04.176+0300][13852][2928 ][debug][gc,phases] GC(40)   Weak JFR Old Object Samples    Min:  0.0, Avg:  0.0, Max:  0.0, Diff:  0.0, Sum:  0.0, Workers: 8
[2025-06-17T23:19:04.176+0300][13852][2928 ][debug][gc,phases] GC(40)     Dead                           Min: 0, Avg:  0.0, Max: 0, Diff: 0, Sum: 0, Workers: 8
[2025-06-17T23:19:04.176+0300][13852][2928 ][debug][gc,phases] GC(40)     Total                          Min: 0, Avg:  0.0, Max: 0, Diff: 0, Sum: 0, Workers: 8
[2025-06-17T23:19:04.176+0300][13852][2928 ][debug][gc,phases] GC(40) Weak Processing 0.576ms
[2025-06-17T23:19:04.176+0300][13852][2928 ][info ][gc,heap  ] GC(40) PSYoungGen: 691712K(695296K)->2880K(694784K) Eden: 691712K(691712K)->0K(691712K) From: 0K(3584K)->2880K(3072K)
[2025-06-17T23:19:04.176+0300][13852][2928 ][info ][gc,heap  ] GC(40) ParOldGen: 9911K(1398272K)->14007K(1398272K)
[2025-06-17T23:19:04.176+0300][13852][2928 ][info ][gc       ] GC(40) Pause Young (Allocation Failure) 685M->16M(2044M) 1.819ms
[2025-06-17T23:19:04.176+0300][13852][2928 ][debug][gc,heap  ] GC(40) Heap after GC invocations=41 (full 2):
[2025-06-17T23:19:04.176+0300][13852][2928 ][debug][gc,heap  ] GC(40)  PSYoungGen      total 694784K, used 2880K [0x00000000d5580000, 0x0000000100000000, 0x0000000100000000)
[2025-06-17T23:19:04.176+0300][13852][2928 ][debug][gc,heap  ] GC(40)   eden space 691712K, 0% used [0x00000000d5580000,0x00000000d5580000,0x00000000ff900000)
[2025-06-17T23:19:04.176+0300][13852][2928 ][debug][gc,heap  ] GC(40)   from space 3072K, 93% used [0x00000000ff900000,0x00000000ffbd0070,0x00000000ffc00000)
[2025-06-17T23:19:04.176+0300][13852][2928 ][debug][gc,heap  ] GC(40)   to   space 4096K, 0% used [0x00000000ffc00000,0x00000000ffc00000,0x0000000100000000)
[2025-06-17T23:19:04.176+0300][13852][2928 ][debug][gc,heap  ] GC(40)  ParOldGen       total 1398272K, used 14007K [0x0000000080000000, 0x00000000d5580000, 0x00000000d5580000)
[2025-06-17T23:19:04.176+0300][13852][2928 ][debug][gc,heap  ] GC(40)   object space 1398272K, 1% used [0x0000000080000000,0x0000000080dadfa8,0x00000000d5580000)
[2025-06-17T23:19:04.176+0300][13852][2928 ][debug][gc,heap  ] GC(40)  Metaspace       used 8731K, committed 9792K, reserved 1114112K
[2025-06-17T23:19:04.176+0300][13852][2928 ][debug][gc,heap  ] GC(40)   class space    used 873K, committed 1280K, reserved 1048576K
[2025-06-17T23:19:04.176+0300][13852][2928 ][info ][safepoint] Safepoint "ParallelGCFailedAllocation", Time since last: 241747600 ns, Reaching safepoint: 353900 ns, Cleanup: 21700 ns, At safepoint: 2198900 ns, Total: 2574500 ns
[2025-06-17T23:19:04.394+0300][13852][2928 ][debug][safepoint] Safepoint synchronization initiated using striped semaphore wait barrier. (21 threads)
[2025-06-17T23:19:04.394+0300][13852][21268][debug][safepoint] ... found polling page loop exception at pc = 0x0000012d12e96de0, stub =0x0000012d12894d80
[2025-06-17T23:19:04.394+0300][13852][15456][debug][safepoint] ... found polling page loop exception at pc = 0x0000012d12e96de0, stub =0x0000012d12894d80
[2025-06-17T23:19:04.394+0300][13852][10904][debug][safepoint] ... found polling page loop exception at pc = 0x0000012d12e96de0, stub =0x0000012d12894d80
[2025-06-17T23:19:04.394+0300][13852][5816 ][debug][safepoint] ... found polling page loop exception at pc = 0x0000012d12e96de0, stub =0x0000012d12894d80
[2025-06-17T23:19:04.394+0300][13852][7064 ][debug][safepoint] ... found polling page loop exception at pc = 0x0000012d12e96de0, stub =0x0000012d12894d80
[2025-06-17T23:19:04.394+0300][13852][2928 ][debug][gc,heap  ] GC(41) Heap before GC invocations=42 (full 2):
[2025-06-17T23:19:04.394+0300][13852][2928 ][debug][gc,heap  ] GC(41)  PSYoungGen      total 694784K, used 694592K [0x00000000d5580000, 0x0000000100000000, 0x0000000100000000)
[2025-06-17T23:19:04.394+0300][13852][2928 ][debug][gc,heap  ] GC(41)   eden space 691712K, 100% used [0x00000000d5580000,0x00000000ff900000,0x00000000ff900000)
[2025-06-17T23:19:04.394+0300][13852][2928 ][debug][gc,heap  ] GC(41)   from space 3072K, 93% used [0x00000000ff900000,0x00000000ffbd0070,0x00000000ffc00000)
[2025-06-17T23:19:04.394+0300][13852][2928 ][debug][gc,heap  ] GC(41)   to   space 4096K, 0% used [0x00000000ffc00000,0x00000000ffc00000,0x0000000100000000)
[2025-06-17T23:19:04.394+0300][13852][2928 ][debug][gc,heap  ] GC(41)  ParOldGen       total 1398272K, used 14007K [0x0000000080000000, 0x00000000d5580000, 0x00000000d5580000)
[2025-06-17T23:19:04.394+0300][13852][2928 ][debug][gc,heap  ] GC(41)   object space 1398272K, 1% used [0x0000000080000000,0x0000000080dadfa8,0x00000000d5580000)
[2025-06-17T23:19:04.394+0300][13852][2928 ][debug][gc,heap  ] GC(41)  Metaspace       used 8731K, committed 9792K, reserved 1114112K
[2025-06-17T23:19:04.394+0300][13852][2928 ][debug][gc,heap  ] GC(41)   class space    used 873K, committed 1280K, reserved 1048576K
[2025-06-17T23:19:04.394+0300][13852][2928 ][debug][gc,phases] GC(41) Scavenge 0.922ms
[2025-06-17T23:19:04.394+0300][13852][2928 ][debug][gc,phases] GC(41) Reference Processing 0.051ms
[2025-06-17T23:19:04.394+0300][13852][2928 ][debug][gc,phases] GC(41)   VM Weak                        Min:  0.0, Avg:  0.0, Max:  0.0, Diff:  0.0, Sum:  0.0, Workers: 8
[2025-06-17T23:19:04.394+0300][13852][2928 ][debug][gc,phases] GC(41)     Dead                           Min: 0, Avg:  0.0, Max: 0, Diff: 0, Sum: 0, Workers: 8
[2025-06-17T23:19:04.396+0300][13852][2928 ][debug][gc,phases] GC(41)     Total                          Min: 0, Avg: 15.4, Max: 123, Diff: 123, Sum: 123, Workers: 8
[2025-06-17T23:19:04.396+0300][13852][2928 ][debug][gc,phases] GC(41)   ObjectSynchronizer Weak        Min:  0.0, Avg:  0.0, Max:  0.0, Diff:  0.0, Sum:  0.0, Workers: 8
[2025-06-17T23:19:04.396+0300][13852][2928 ][debug][gc,phases] GC(41)     Dead                           Min: 0, Avg:  0.0, Max: 0, Diff: 0, Sum: 0, Workers: 8
[2025-06-17T23:19:04.396+0300][13852][2928 ][debug][gc,phases] GC(41)     Total                          Min: 0, Avg: 16.2, Max: 130, Diff: 130, Sum: 130, Workers: 8
[2025-06-17T23:19:04.396+0300][13852][2928 ][debug][gc,phases] GC(41)   JVMTI Tag Weak OopStorage      Min:  0.0, Avg:  0.0, Max:  0.0, Diff:  0.0, Sum:  0.0, Workers: 8
[2025-06-17T23:19:04.396+0300][13852][2928 ][debug][gc,phases] GC(41)     Dead                           Min: 0, Avg:  0.0, Max: 0, Diff: 0, Sum: 0, Workers: 8
[2025-06-17T23:19:04.396+0300][13852][2928 ][debug][gc,phases] GC(41)     Total                          Min: 0, Avg:  0.0, Max: 0, Diff: 0, Sum: 0, Workers: 8
[2025-06-17T23:19:04.396+0300][13852][2928 ][debug][gc,phases] GC(41)   StringTable Weak               Min:  0.0, Avg:  0.0, Max:  0.0, Diff:  0.0, Sum:  0.1, Workers: 8
[2025-06-17T23:19:04.396+0300][13852][2928 ][debug][gc,phases] GC(41)     Dead                           Min: 0, Avg:  0.0, Max: 0, Diff: 0, Sum: 0, Workers: 8
[2025-06-17T23:19:04.396+0300][13852][2928 ][debug][gc,phases] GC(41)     Total                          Min: 704, Avg: 784.8, Max: 896, Diff: 192, Sum: 6278, Workers: 8
[2025-06-17T23:19:04.396+0300][13852][2928 ][debug][gc,phases] GC(41)   ResolvedMethodTable Weak       Min:  0.0, Avg:  0.0, Max:  0.0, Diff:  0.0, Sum:  0.0, Workers: 8
[2025-06-17T23:19:04.396+0300][13852][2928 ][debug][gc,phases] GC(41)     Dead                           Min: 0, Avg:  0.0, Max: 0, Diff: 0, Sum: 0, Workers: 8
[2025-06-17T23:19:04.396+0300][13852][2928 ][debug][gc,phases] GC(41)     Total                          Min: 59, Avg: 110.4, Max: 190, Diff: 131, Sum: 883, Workers: 8
[2025-06-17T23:19:04.396+0300][13852][2928 ][debug][gc,phases] GC(41)   JNI Weak                       Min:  0.0, Avg:  0.0, Max:  0.0, Diff:  0.0, Sum:  0.0, Workers: 8
[2025-06-17T23:19:04.396+0300][13852][2928 ][debug][gc,phases] GC(41)     Dead                           Min: 0, Avg:  0.0, Max: 0, Diff: 0, Sum: 0, Workers: 8
[2025-06-17T23:19:04.396+0300][13852][2928 ][debug][gc,phases] GC(41)     Total                          Min: 0, Avg:  0.0, Max: 0, Diff: 0, Sum: 0, Workers: 8
[2025-06-17T23:19:04.396+0300][13852][2928 ][debug][gc,phases] GC(41)   StringDedup Table Weak         Min:  0.0, Avg:  0.0, Max:  0.0, Diff:  0.0, Sum:  0.0, Workers: 8
[2025-06-17T23:19:04.396+0300][13852][2928 ][debug][gc,phases] GC(41)     Dead                           Min: 0, Avg:  0.0, Max: 0, Diff: 0, Sum: 0, Workers: 8
[2025-06-17T23:19:04.396+0300][13852][2928 ][debug][gc,phases] GC(41)     Total                          Min: 0, Avg:  0.0, Max: 0, Diff: 0, Sum: 0, Workers: 8
[2025-06-17T23:19:04.396+0300][13852][2928 ][debug][gc,phases] GC(41)   StringDedup Requests0 Weak     Min:  0.0, Avg:  0.0, Max:  0.0, Diff:  0.0, Sum:  0.0, Workers: 8
[2025-06-17T23:19:04.396+0300][13852][2928 ][debug][gc,phases] GC(41)     Dead                           Min: 0, Avg:  0.0, Max: 0, Diff: 0, Sum: 0, Workers: 8
[2025-06-17T23:19:04.396+0300][13852][2928 ][debug][gc,phases] GC(41)     Total                          Min: 0, Avg:  0.0, Max: 0, Diff: 0, Sum: 0, Workers: 8
[2025-06-17T23:19:04.396+0300][13852][2928 ][debug][gc,phases] GC(41)   StringDedup Requests1 Weak     Min:  0.0, Avg:  0.0, Max:  0.0, Diff:  0.0, Sum:  0.0, Workers: 8
[2025-06-17T23:19:04.396+0300][13852][2928 ][debug][gc,phases] GC(41)     Dead                           Min: 0, Avg:  0.0, Max: 0, Diff: 0, Sum: 0, Workers: 8
[2025-06-17T23:19:04.396+0300][13852][2928 ][debug][gc,phases] GC(41)     Total                          Min: 0, Avg:  0.0, Max: 0, Diff: 0, Sum: 0, Workers: 8
[2025-06-17T23:19:04.396+0300][13852][2928 ][debug][gc,phases] GC(41)   Weak JFR Old Object Samples    Min:  0.0, Avg:  0.0, Max:  0.0, Diff:  0.0, Sum:  0.0, Workers: 8
[2025-06-17T23:19:04.396+0300][13852][2928 ][debug][gc,phases] GC(41)     Dead                           Min: 0, Avg:  0.0, Max: 0, Diff: 0, Sum: 0, Workers: 8
[2025-06-17T23:19:04.396+0300][13852][2928 ][debug][gc,phases] GC(41)     Total                          Min: 0, Avg:  0.0, Max: 0, Diff: 0, Sum: 0, Workers: 8
[2025-06-17T23:19:04.396+0300][13852][2928 ][debug][gc,phases] GC(41) Weak Processing 0.640ms
[2025-06-17T23:19:04.396+0300][13852][2928 ][info ][gc,heap  ] GC(41) PSYoungGen: 694592K(694784K)->560K(695296K) Eden: 691712K(691712K)->0K(691200K) From: 2880K(3072K)->560K(4096K)
[2025-06-17T23:19:04.396+0300][13852][2928 ][info ][gc,heap  ] GC(41) ParOldGen: 14007K(1398272K)->16332K(1398272K)
[2025-06-17T23:19:04.396+0300][13852][2928 ][info ][gc       ] GC(41) Pause Young (Allocation Failure) 691M->16M(2044M) 1.743ms
[2025-06-17T23:19:04.396+0300][13852][2928 ][debug][gc,heap  ] GC(41) Heap after GC invocations=42 (full 2):
[2025-06-17T23:19:04.396+0300][13852][2928 ][debug][gc,heap  ] GC(41)  PSYoungGen      total 695296K, used 560K [0x00000000d5580000, 0x0000000100000000, 0x0000000100000000)
[2025-06-17T23:19:04.396+0300][13852][2928 ][debug][gc,heap  ] GC(41)   eden space 691200K, 0% used [0x00000000d5580000,0x00000000d5580000,0x00000000ff880000)
[2025-06-17T23:19:04.396+0300][13852][2928 ][debug][gc,heap  ] GC(41)   from space 4096K, 13% used [0x00000000ffc00000,0x00000000ffc8c0f0,0x0000000100000000)
[2025-06-17T23:19:04.396+0300][13852][2928 ][debug][gc,heap  ] GC(41)   to   space 3584K, 0% used [0x00000000ff880000,0x00000000ff880000,0x00000000ffc00000)
[2025-06-17T23:19:04.396+0300][13852][2928 ][debug][gc,heap  ] GC(41)  ParOldGen       total 1398272K, used 16332K [0x0000000080000000, 0x00000000d5580000, 0x00000000d5580000)
[2025-06-17T23:19:04.396+0300][13852][2928 ][debug][gc,heap  ] GC(41)   object space 1398272K, 1% used [0x0000000080000000,0x0000000080ff3258,0x00000000d5580000)
[2025-06-17T23:19:04.396+0300][13852][2928 ][debug][gc,heap  ] GC(41)  Metaspace       used 8731K, committed 9792K, reserved 1114112K
[2025-06-17T23:19:04.396+0300][13852][2928 ][debug][gc,heap  ] GC(41)   class space    used 873K, committed 1280K, reserved 1048576K
[2025-06-17T23:19:04.396+0300][13852][2928 ][info ][safepoint] Safepoint "ParallelGCFailedAllocation", Time since last: 215494700 ns, Reaching safepoint: 340800 ns, Cleanup: 13400 ns, At safepoint: 2137000 ns, Total: 2491200 ns
[2025-06-17T23:19:04.626+0300][13852][2928 ][debug][safepoint] Safepoint synchronization initiated using striped semaphore wait barrier. (21 threads)
[2025-06-17T23:19:04.626+0300][13852][1412 ][debug][safepoint] ... found polling page loop exception at pc = 0x0000012d12e96de0, stub =0x0000012d12894d80
[2025-06-17T23:19:04.626+0300][13852][20072][debug][safepoint] ... found polling page loop exception at pc = 0x0000012d12e96de0, stub =0x0000012d12894d80
[2025-06-17T23:19:04.626+0300][13852][2928 ][debug][gc,heap  ] GC(42) Heap before GC invocations=43 (full 2):
[2025-06-17T23:19:04.626+0300][13852][2928 ][debug][gc,heap  ] GC(42)  PSYoungGen      total 695296K, used 691760K [0x00000000d5580000, 0x0000000100000000, 0x0000000100000000)
[2025-06-17T23:19:04.626+0300][13852][2928 ][debug][gc,heap  ] GC(42)   eden space 691200K, 100% used [0x00000000d5580000,0x00000000ff880000,0x00000000ff880000)
[2025-06-17T23:19:04.626+0300][13852][2928 ][debug][gc,heap  ] GC(42)   from space 4096K, 13% used [0x00000000ffc00000,0x00000000ffc8c0f0,0x0000000100000000)
[2025-06-17T23:19:04.626+0300][13852][2928 ][debug][gc,heap  ] GC(42)   to   space 3584K, 0% used [0x00000000ff880000,0x00000000ff880000,0x00000000ffc00000)
[2025-06-17T23:19:04.626+0300][13852][2928 ][debug][gc,heap  ] GC(42)  ParOldGen       total 1398272K, used 16332K [0x0000000080000000, 0x00000000d5580000, 0x00000000d5580000)
[2025-06-17T23:19:04.626+0300][13852][2928 ][debug][gc,heap  ] GC(42)   object space 1398272K, 1% used [0x0000000080000000,0x0000000080ff3258,0x00000000d5580000)
[2025-06-17T23:19:04.626+0300][13852][2928 ][debug][gc,heap  ] GC(42)  Metaspace       used 8731K, committed 9792K, reserved 1114112K
[2025-06-17T23:19:04.626+0300][13852][2928 ][debug][gc,heap  ] GC(42)   class space    used 873K, committed 1280K, reserved 1048576K
[2025-06-17T23:19:04.626+0300][13852][2928 ][debug][gc,phases] GC(42) Scavenge 0.400ms
[2025-06-17T23:19:04.626+0300][13852][2928 ][debug][gc,phases] GC(42) Reference Processing 0.049ms
[2025-06-17T23:19:04.626+0300][13852][2928 ][debug][gc,phases] GC(42)   VM Weak                        Min:  0.0, Avg:  0.0, Max:  0.0, Diff:  0.0, Sum:  0.0, Workers: 8
[2025-06-17T23:19:04.626+0300][13852][2928 ][debug][gc,phases] GC(42)     Dead                           Min: 0, Avg:  0.0, Max: 0, Diff: 0, Sum: 0, Workers: 8
[2025-06-17T23:19:04.626+0300][13852][2928 ][debug][gc,phases] GC(42)     Total                          Min: 0, Avg: 15.4, Max: 102, Diff: 102, Sum: 123, Workers: 8
[2025-06-17T23:19:04.626+0300][13852][2928 ][debug][gc,phases] GC(42)   ObjectSynchronizer Weak        Min:  0.0, Avg:  0.0, Max:  0.0, Diff:  0.0, Sum:  0.0, Workers: 8
[2025-06-17T23:19:04.626+0300][13852][2928 ][debug][gc,phases] GC(42)     Dead                           Min: 0, Avg:  0.0, Max: 0, Diff: 0, Sum: 0, Workers: 8
[2025-06-17T23:19:04.626+0300][13852][2928 ][debug][gc,phases] GC(42)     Total                          Min: 0, Avg: 16.2, Max: 66, Diff: 66, Sum: 130, Workers: 8
[2025-06-17T23:19:04.626+0300][13852][2928 ][debug][gc,phases] GC(42)   JVMTI Tag Weak OopStorage      Min:  0.0, Avg:  0.0, Max:  0.0, Diff:  0.0, Sum:  0.0, Workers: 8
[2025-06-17T23:19:04.626+0300][13852][2928 ][debug][gc,phases] GC(42)     Dead                           Min: 0, Avg:  0.0, Max: 0, Diff: 0, Sum: 0, Workers: 8
[2025-06-17T23:19:04.626+0300][13852][2928 ][debug][gc,phases] GC(42)     Total                          Min: 0, Avg:  0.0, Max: 0, Diff: 0, Sum: 0, Workers: 8
[2025-06-17T23:19:04.626+0300][13852][2928 ][debug][gc,phases] GC(42)   StringTable Weak               Min:  0.0, Avg:  0.0, Max:  0.0, Diff:  0.0, Sum:  0.1, Workers: 8
[2025-06-17T23:19:04.626+0300][13852][2928 ][debug][gc,phases] GC(42)     Dead                           Min: 0, Avg:  0.0, Max: 0, Diff: 0, Sum: 0, Workers: 8
[2025-06-17T23:19:04.626+0300][13852][2928 ][debug][gc,phases] GC(42)     Total                          Min: 704, Avg: 784.8, Max: 960, Diff: 256, Sum: 6278, Workers: 8
[2025-06-17T23:19:04.626+0300][13852][2928 ][debug][gc,phases] GC(42)   ResolvedMethodTable Weak       Min:  0.0, Avg:  0.0, Max:  0.0, Diff:  0.0, Sum:  0.0, Workers: 8
[2025-06-17T23:19:04.626+0300][13852][2928 ][debug][gc,phases] GC(42)     Dead                           Min: 0, Avg:  0.0, Max: 0, Diff: 0, Sum: 0, Workers: 8
[2025-06-17T23:19:04.626+0300][13852][2928 ][debug][gc,phases] GC(42)     Total                          Min: 59, Avg: 110.4, Max: 190, Diff: 131, Sum: 883, Workers: 8
[2025-06-17T23:19:04.626+0300][13852][2928 ][debug][gc,phases] GC(42)   JNI Weak                       Min:  0.0, Avg:  0.0, Max:  0.0, Diff:  0.0, Sum:  0.0, Workers: 8
[2025-06-17T23:19:04.626+0300][13852][2928 ][debug][gc,phases] GC(42)     Dead                           Min: 0, Avg:  0.0, Max: 0, Diff: 0, Sum: 0, Workers: 8
[2025-06-17T23:19:04.626+0300][13852][2928 ][debug][gc,phases] GC(42)     Total                          Min: 0, Avg:  0.0, Max: 0, Diff: 0, Sum: 0, Workers: 8
[2025-06-17T23:19:04.626+0300][13852][2928 ][debug][gc,phases] GC(42)   StringDedup Table Weak         Min:  0.0, Avg:  0.0, Max:  0.0, Diff:  0.0, Sum:  0.0, Workers: 8
[2025-06-17T23:19:04.626+0300][13852][2928 ][debug][gc,phases] GC(42)     Dead                           Min: 0, Avg:  0.0, Max: 0, Diff: 0, Sum: 0, Workers: 8
[2025-06-17T23:19:04.626+0300][13852][2928 ][debug][gc,phases] GC(42)     Total                          Min: 0, Avg:  0.0, Max: 0, Diff: 0, Sum: 0, Workers: 8
[2025-06-17T23:19:04.626+0300][13852][2928 ][debug][gc,phases] GC(42)   StringDedup Requests0 Weak     Min:  0.0, Avg:  0.0, Max:  0.0, Diff:  0.0, Sum:  0.0, Workers: 8
[2025-06-17T23:19:04.626+0300][13852][2928 ][debug][gc,phases] GC(42)     Dead                           Min: 0, Avg:  0.0, Max: 0, Diff: 0, Sum: 0, Workers: 8
[2025-06-17T23:19:04.626+0300][13852][2928 ][debug][gc,phases] GC(42)     Total                          Min: 0, Avg:  0.0, Max: 0, Diff: 0, Sum: 0, Workers: 8
[2025-06-17T23:19:04.626+0300][13852][2928 ][debug][gc,phases] GC(42)   StringDedup Requests1 Weak     Min:  0.0, Avg:  0.0, Max:  0.0, Diff:  0.0, Sum:  0.0, Workers: 8
[2025-06-17T23:19:04.626+0300][13852][2928 ][debug][gc,phases] GC(42)     Dead                           Min: 0, Avg:  0.0, Max: 0, Diff: 0, Sum: 0, Workers: 8
[2025-06-17T23:19:04.626+0300][13852][2928 ][debug][gc,phases] GC(42)     Total                          Min: 0, Avg:  0.0, Max: 0, Diff: 0, Sum: 0, Workers: 8
[2025-06-17T23:19:04.626+0300][13852][2928 ][debug][gc,phases] GC(42)   Weak JFR Old Object Samples    Min:  0.0, Avg:  0.0, Max:  0.0, Diff:  0.0, Sum:  0.0, Workers: 8
[2025-06-17T23:19:04.626+0300][13852][2928 ][debug][gc,phases] GC(42)     Dead                           Min: 0, Avg:  0.0, Max: 0, Diff: 0, Sum: 0, Workers: 8
[2025-06-17T23:19:04.626+0300][13852][2928 ][debug][gc,phases] GC(42)     Total                          Min: 0, Avg:  0.0, Max: 0, Diff: 0, Sum: 0, Workers: 8
[2025-06-17T23:19:04.626+0300][13852][2928 ][debug][gc,phases] GC(42) Weak Processing 0.832ms
[2025-06-17T23:19:04.626+0300][13852][2928 ][info ][gc,heap  ] GC(42) PSYoungGen: 691760K(695296K)->448K(694784K) Eden: 691200K(691200K)->0K(691200K) From: 560K(4096K)->448K(3584K)
[2025-06-17T23:19:04.626+0300][13852][2928 ][info ][gc,heap  ] GC(42) ParOldGen: 16332K(1398272K)->16388K(1398272K)
[2025-06-17T23:19:04.626+0300][13852][2928 ][info ][gc       ] GC(42) Pause Young (Allocation Failure) 691M->16M(2044M) 1.432ms
[2025-06-17T23:19:04.626+0300][13852][2928 ][debug][gc,heap  ] GC(42) Heap after GC invocations=43 (full 2):
[2025-06-17T23:19:04.626+0300][13852][2928 ][debug][gc,heap  ] GC(42)  PSYoungGen      total 694784K, used 448K [0x00000000d5580000, 0x0000000100000000, 0x0000000100000000)
[2025-06-17T23:19:04.626+0300][13852][2928 ][debug][gc,heap  ] GC(42)   eden space 691200K, 0% used [0x00000000d5580000,0x00000000d5580000,0x00000000ff880000)
[2025-06-17T23:19:04.626+0300][13852][2928 ][debug][gc,heap  ] GC(42)   from space 3584K, 12% used [0x00000000ff880000,0x00000000ff8f00a0,0x00000000ffc00000)
[2025-06-17T23:19:04.626+0300][13852][2928 ][debug][gc,heap  ] GC(42)   to   space 3584K, 0% used [0x00000000ffc80000,0x00000000ffc80000,0x0000000100000000)
[2025-06-17T23:19:04.626+0300][13852][2928 ][debug][gc,heap  ] GC(42)  ParOldGen       total 1398272K, used 16388K [0x0000000080000000, 0x00000000d5580000, 0x00000000d5580000)
[2025-06-17T23:19:04.626+0300][13852][2928 ][debug][gc,heap  ] GC(42)   object space 1398272K, 1% used [0x0000000080000000,0x0000000081001258,0x00000000d5580000)
[2025-06-17T23:19:04.626+0300][13852][2928 ][debug][gc,heap  ] GC(42)  Metaspace       used 8731K, committed 9792K, reserved 1114112K
[2025-06-17T23:19:04.626+0300][13852][2928 ][debug][gc,heap  ] GC(42)   class space    used 873K, committed 1280K, reserved 1048576K
[2025-06-17T23:19:04.626+0300][13852][2928 ][info ][safepoint] Safepoint "ParallelGCFailedAllocation", Time since last: 229038200 ns, Reaching safepoint: 238400 ns, Cleanup: 14500 ns, At safepoint: 1907500 ns, Total: 2160400 ns
[2025-06-17T23:19:04.859+0300][13852][2928 ][debug][safepoint] Safepoint synchronization initiated using striped semaphore wait barrier. (21 threads)
[2025-06-17T23:19:04.859+0300][13852][21268][debug][safepoint] ... found polling page loop exception at pc = 0x0000012d12e96de0, stub =0x0000012d12894d80
[2025-06-17T23:19:04.859+0300][13852][5816 ][debug][safepoint] ... found polling page loop exception at pc = 0x0000012d12e96de0, stub =0x0000012d12894d80
[2025-06-17T23:19:04.859+0300][13852][18556][debug][safepoint] ... found polling page loop exception at pc = 0x0000012d12e96de0, stub =0x0000012d12894d80
[2025-06-17T23:19:04.859+0300][13852][20072][debug][safepoint] ... found polling page loop exception at pc = 0x0000012d13081a3e, stub =0x0000012d12894d80
[2025-06-17T23:19:04.859+0300][13852][2928 ][debug][gc,heap  ] GC(43) Heap before GC invocations=44 (full 2):
[2025-06-17T23:19:04.859+0300][13852][2928 ][debug][gc,heap  ] GC(43)  PSYoungGen      total 694784K, used 691648K [0x00000000d5580000, 0x0000000100000000, 0x0000000100000000)
[2025-06-17T23:19:04.859+0300][13852][2928 ][debug][gc,heap  ] GC(43)   eden space 691200K, 100% used [0x00000000d5580000,0x00000000ff880000,0x00000000ff880000)
[2025-06-17T23:19:04.859+0300][13852][2928 ][debug][gc,heap  ] GC(43)   from space 3584K, 12% used [0x00000000ff880000,0x00000000ff8f00a0,0x00000000ffc00000)
[2025-06-17T23:19:04.859+0300][13852][2928 ][debug][gc,heap  ] GC(43)   to   space 3584K, 0% used [0x00000000ffc80000,0x00000000ffc80000,0x0000000100000000)
[2025-06-17T23:19:04.859+0300][13852][2928 ][debug][gc,heap  ] GC(43)  ParOldGen       total 1398272K, used 16388K [0x0000000080000000, 0x00000000d5580000, 0x00000000d5580000)
[2025-06-17T23:19:04.859+0300][13852][2928 ][debug][gc,heap  ] GC(43)   object space 1398272K, 1% used [0x0000000080000000,0x0000000081001258,0x00000000d5580000)
[2025-06-17T23:19:04.859+0300][13852][2928 ][debug][gc,heap  ] GC(43)  Metaspace       used 8731K, committed 9792K, reserved 1114112K
[2025-06-17T23:19:04.859+0300][13852][2928 ][debug][gc,heap  ] GC(43)   class space    used 873K, committed 1280K, reserved 1048576K
[2025-06-17T23:19:04.859+0300][13852][2928 ][debug][gc,phases] GC(43) Scavenge 0.453ms
[2025-06-17T23:19:04.859+0300][13852][2928 ][debug][gc,phases] GC(43) Reference Processing 0.055ms
[2025-06-17T23:19:04.859+0300][13852][2928 ][debug][gc,phases] GC(43)   VM Weak                        Min:  0.0, Avg:  0.0, Max:  0.0, Diff:  0.0, Sum:  0.0, Workers: 8
[2025-06-17T23:19:04.859+0300][13852][2928 ][debug][gc,phases] GC(43)     Dead                           Min: 0, Avg:  0.0, Max: 0, Diff: 0, Sum: 0, Workers: 8
[2025-06-17T23:19:04.859+0300][13852][2928 ][debug][gc,phases] GC(43)     Total                          Min: 0, Avg: 15.4, Max: 82, Diff: 82, Sum: 123, Workers: 8
[2025-06-17T23:19:04.859+0300][13852][2928 ][debug][gc,phases] GC(43)   ObjectSynchronizer Weak        Min:  0.0, Avg:  0.0, Max:  0.0, Diff:  0.0, Sum:  0.0, Workers: 8
[2025-06-17T23:19:04.859+0300][13852][2928 ][debug][gc,phases] GC(43)     Dead                           Min: 0, Avg:  0.0, Max: 0, Diff: 0, Sum: 0, Workers: 8
[2025-06-17T23:19:04.859+0300][13852][2928 ][debug][gc,phases] GC(43)     Total                          Min: 0, Avg: 16.2, Max: 66, Diff: 66, Sum: 130, Workers: 8
[2025-06-17T23:19:04.859+0300][13852][2928 ][debug][gc,phases] GC(43)   JVMTI Tag Weak OopStorage      Min:  0.0, Avg:  0.0, Max:  0.0, Diff:  0.0, Sum:  0.0, Workers: 8
[2025-06-17T23:19:04.859+0300][13852][2928 ][debug][gc,phases] GC(43)     Dead                           Min: 0, Avg:  0.0, Max: 0, Diff: 0, Sum: 0, Workers: 8
[2025-06-17T23:19:04.859+0300][13852][2928 ][debug][gc,phases] GC(43)     Total                          Min: 0, Avg:  0.0, Max: 0, Diff: 0, Sum: 0, Workers: 8
[2025-06-17T23:19:04.859+0300][13852][2928 ][debug][gc,phases] GC(43)   StringTable Weak               Min:  0.0, Avg:  0.0, Max:  0.0, Diff:  0.0, Sum:  0.1, Workers: 8
[2025-06-17T23:19:04.859+0300][13852][2928 ][debug][gc,phases] GC(43)     Dead                           Min: 0, Avg:  0.0, Max: 0, Diff: 0, Sum: 0, Workers: 8
[2025-06-17T23:19:04.859+0300][13852][2928 ][debug][gc,phases] GC(43)     Total                          Min: 0, Avg: 784.8, Max: 1152, Diff: 1152, Sum: 6278, Workers: 8
[2025-06-17T23:19:04.859+0300][13852][2928 ][debug][gc,phases] GC(43)   ResolvedMethodTable Weak       Min:  0.0, Avg:  0.0, Max:  0.0, Diff:  0.0, Sum:  0.0, Workers: 8
[2025-06-17T23:19:04.859+0300][13852][2928 ][debug][gc,phases] GC(43)     Dead                           Min: 0, Avg:  0.0, Max: 0, Diff: 0, Sum: 0, Workers: 8
[2025-06-17T23:19:04.859+0300][13852][2928 ][debug][gc,phases] GC(43)     Total                          Min: 0, Avg: 110.4, Max: 128, Diff: 128, Sum: 883, Workers: 8
[2025-06-17T23:19:04.859+0300][13852][2928 ][debug][gc,phases] GC(43)   JNI Weak                       Min:  0.0, Avg:  0.0, Max:  0.0, Diff:  0.0, Sum:  0.0, Workers: 8
[2025-06-17T23:19:04.859+0300][13852][2928 ][debug][gc,phases] GC(43)     Dead                           Min: 0, Avg:  0.0, Max: 0, Diff: 0, Sum: 0, Workers: 8
[2025-06-17T23:19:04.859+0300][13852][2928 ][debug][gc,phases] GC(43)     Total                          Min: 0, Avg:  0.0, Max: 0, Diff: 0, Sum: 0, Workers: 8
[2025-06-17T23:19:04.859+0300][13852][2928 ][debug][gc,phases] GC(43)   StringDedup Table Weak         Min:  0.0, Avg:  0.0, Max:  0.0, Diff:  0.0, Sum:  0.0, Workers: 8
[2025-06-17T23:19:04.859+0300][13852][2928 ][debug][gc,phases] GC(43)     Dead                           Min: 0, Avg:  0.0, Max: 0, Diff: 0, Sum: 0, Workers: 8
[2025-06-17T23:19:04.859+0300][13852][2928 ][debug][gc,phases] GC(43)     Total                          Min: 0, Avg:  0.0, Max: 0, Diff: 0, Sum: 0, Workers: 8
[2025-06-17T23:19:04.859+0300][13852][2928 ][debug][gc,phases] GC(43)   StringDedup Requests0 Weak     Min:  0.0, Avg:  0.0, Max:  0.0, Diff:  0.0, Sum:  0.0, Workers: 8
[2025-06-17T23:19:04.859+0300][13852][2928 ][debug][gc,phases] GC(43)     Dead                           Min: 0, Avg:  0.0, Max: 0, Diff: 0, Sum: 0, Workers: 8
[2025-06-17T23:19:04.859+0300][13852][2928 ][debug][gc,phases] GC(43)     Total                          Min: 0, Avg:  0.0, Max: 0, Diff: 0, Sum: 0, Workers: 8
[2025-06-17T23:19:04.859+0300][13852][2928 ][debug][gc,phases] GC(43)   StringDedup Requests1 Weak     Min:  0.0, Avg:  0.0, Max:  0.0, Diff:  0.0, Sum:  0.0, Workers: 8
[2025-06-17T23:19:04.859+0300][13852][2928 ][debug][gc,phases] GC(43)     Dead                           Min: 0, Avg:  0.0, Max: 0, Diff: 0, Sum: 0, Workers: 8
[2025-06-17T23:19:04.859+0300][13852][2928 ][debug][gc,phases] GC(43)     Total                          Min: 0, Avg:  0.0, Max: 0, Diff: 0, Sum: 0, Workers: 8
[2025-06-17T23:19:04.859+0300][13852][2928 ][debug][gc,phases] GC(43)   Weak JFR Old Object Samples    Min:  0.0, Avg:  0.0, Max:  0.0, Diff:  0.0, Sum:  0.0, Workers: 8
[2025-06-17T23:19:04.859+0300][13852][2928 ][debug][gc,phases] GC(43)     Dead                           Min: 0, Avg:  0.0, Max: 0, Diff: 0, Sum: 0, Workers: 8
[2025-06-17T23:19:04.859+0300][13852][2928 ][debug][gc,phases] GC(43)     Total                          Min: 0, Avg:  0.0, Max: 0, Diff: 0, Sum: 0, Workers: 8
[2025-06-17T23:19:04.859+0300][13852][2928 ][debug][gc,phases] GC(43) Weak Processing 0.596ms
[2025-06-17T23:19:04.859+0300][13852][2928 ][info ][gc,heap  ] GC(43) PSYoungGen: 691648K(694784K)->640K(695296K) Eden: 691200K(691200K)->0K(691712K) From: 448K(3584K)->640K(3584K)
[2025-06-17T23:19:04.859+0300][13852][2928 ][info ][gc,heap  ] GC(43) ParOldGen: 16388K(1398272K)->16436K(1398272K)
[2025-06-17T23:19:04.859+0300][13852][2928 ][info ][gc       ] GC(43) Pause Young (Allocation Failure) 691M->16M(2044M) 1.244ms
[2025-06-17T23:19:04.859+0300][13852][2928 ][debug][gc,heap  ] GC(43) Heap after GC invocations=44 (full 2):
[2025-06-17T23:19:04.859+0300][13852][2928 ][debug][gc,heap  ] GC(43)  PSYoungGen      total 695296K, used 640K [0x00000000d5580000, 0x0000000100000000, 0x0000000100000000)
[2025-06-17T23:19:04.859+0300][13852][2928 ][debug][gc,heap  ] GC(43)   eden space 691712K, 0% used [0x00000000d5580000,0x00000000d5580000,0x00000000ff900000)
[2025-06-17T23:19:04.859+0300][13852][2928 ][debug][gc,heap  ] GC(43)   from space 3584K, 17% used [0x00000000ffc80000,0x00000000ffd200c0,0x0000000100000000)
[2025-06-17T23:19:04.859+0300][13852][2928 ][debug][gc,heap  ] GC(43)   to   space 3584K, 0% used [0x00000000ff900000,0x00000000ff900000,0x00000000ffc80000)
[2025-06-17T23:19:04.859+0300][13852][2928 ][debug][gc,heap  ] GC(43)  ParOldGen       total 1398272K, used 16436K [0x0000000080000000, 0x00000000d5580000, 0x00000000d5580000)
[2025-06-17T23:19:04.859+0300][13852][2928 ][debug][gc,heap  ] GC(43)   object space 1398272K, 1% used [0x0000000080000000,0x000000008100d258,0x00000000d5580000)
[2025-06-17T23:19:04.859+0300][13852][2928 ][debug][gc,heap  ] GC(43)  Metaspace       used 8731K, committed 9792K, reserved 1114112K
[2025-06-17T23:19:04.859+0300][13852][2928 ][debug][gc,heap  ] GC(43)   class space    used 873K, committed 1280K, reserved 1048576K
[2025-06-17T23:19:04.859+0300][13852][2928 ][info ][safepoint] Safepoint "ParallelGCFailedAllocation", Time since last: 232250700 ns, Reaching safepoint: 279900 ns, Cleanup: 11600 ns, At safepoint: 1637100 ns, Total: 1928600 ns
[2025-06-17T23:19:05.075+0300][13852][2928 ][debug][safepoint] Safepoint synchronization initiated using striped semaphore wait barrier. (21 threads)
[2025-06-17T23:19:05.075+0300][13852][20072][debug][safepoint] ... found polling page loop exception at pc = 0x0000012d12e96de0, stub =0x0000012d12894d80
[2025-06-17T23:19:05.075+0300][13852][10904][debug][safepoint] ... found polling page loop exception at pc = 0x0000012d12e96de0, stub =0x0000012d12894d80
[2025-06-17T23:19:05.075+0300][13852][2928 ][debug][gc,heap  ] GC(44) Heap before GC invocations=45 (full 2):
[2025-06-17T23:19:05.075+0300][13852][2928 ][debug][gc,heap  ] GC(44)  PSYoungGen      total 695296K, used 692352K [0x00000000d5580000, 0x0000000100000000, 0x0000000100000000)
[2025-06-17T23:19:05.075+0300][13852][2928 ][debug][gc,heap  ] GC(44)   eden space 691712K, 100% used [0x00000000d5580000,0x00000000ff900000,0x00000000ff900000)
[2025-06-17T23:19:05.075+0300][13852][2928 ][debug][gc,heap  ] GC(44)   from space 3584K, 17% used [0x00000000ffc80000,0x00000000ffd200c0,0x0000000100000000)
[2025-06-17T23:19:05.075+0300][13852][2928 ][debug][gc,heap  ] GC(44)   to   space 3584K, 0% used [0x00000000ff900000,0x00000000ff900000,0x00000000ffc80000)
[2025-06-17T23:19:05.075+0300][13852][2928 ][debug][gc,heap  ] GC(44)  ParOldGen       total 1398272K, used 16436K [0x0000000080000000, 0x00000000d5580000, 0x00000000d5580000)
[2025-06-17T23:19:05.075+0300][13852][2928 ][debug][gc,heap  ] GC(44)   object space 1398272K, 1% used [0x0000000080000000,0x000000008100d258,0x00000000d5580000)
[2025-06-17T23:19:05.075+0300][13852][2928 ][debug][gc,heap  ] GC(44)  Metaspace       used 8731K, committed 9792K, reserved 1114112K
[2025-06-17T23:19:05.075+0300][13852][2928 ][debug][gc,heap  ] GC(44)   class space    used 873K, committed 1280K, reserved 1048576K
[2025-06-17T23:19:05.075+0300][13852][2928 ][debug][gc,phases] GC(44) Scavenge 0.421ms
[2025-06-17T23:19:05.075+0300][13852][2928 ][debug][gc,phases] GC(44) Reference Processing 0.051ms
[2025-06-17T23:19:05.075+0300][13852][2928 ][debug][gc,phases] GC(44)   VM Weak                        Min:  0.0, Avg:  0.0, Max:  0.0, Diff:  0.0, Sum:  0.0, Workers: 8
[2025-06-17T23:19:05.075+0300][13852][2928 ][debug][gc,phases] GC(44)     Dead                           Min: 0, Avg:  0.0, Max: 0, Diff: 0, Sum: 0, Workers: 8
[2025-06-17T23:19:05.075+0300][13852][2928 ][debug][gc,phases] GC(44)     Total                          Min: 0, Avg: 15.4, Max: 81, Diff: 81, Sum: 123, Workers: 8
[2025-06-17T23:19:05.075+0300][13852][2928 ][debug][gc,phases] GC(44)   ObjectSynchronizer Weak        Min:  0.0, Avg:  0.0, Max:  0.0, Diff:  0.0, Sum:  0.0, Workers: 8
[2025-06-17T23:19:05.075+0300][13852][2928 ][debug][gc,phases] GC(44)     Dead                           Min: 0, Avg:  0.0, Max: 0, Diff: 0, Sum: 0, Workers: 8
[2025-06-17T23:19:05.075+0300][13852][2928 ][debug][gc,phases] GC(44)     Total                          Min: 0, Avg: 16.2, Max: 66, Diff: 66, Sum: 130, Workers: 8
[2025-06-17T23:19:05.075+0300][13852][2928 ][debug][gc,phases] GC(44)   JVMTI Tag Weak OopStorage      Min:  0.0, Avg:  0.0, Max:  0.0, Diff:  0.0, Sum:  0.0, Workers: 8
[2025-06-17T23:19:05.075+0300][13852][2928 ][debug][gc,phases] GC(44)     Dead                           Min: 0, Avg:  0.0, Max: 0, Diff: 0, Sum: 0, Workers: 8
[2025-06-17T23:19:05.075+0300][13852][2928 ][debug][gc,phases] GC(44)     Total                          Min: 0, Avg:  0.0, Max: 0, Diff: 0, Sum: 0, Workers: 8
[2025-06-17T23:19:05.075+0300][13852][2928 ][debug][gc,phases] GC(44)   StringTable Weak               Min:  0.0, Avg:  0.0, Max:  0.0, Diff:  0.0, Sum:  0.1, Workers: 8
[2025-06-17T23:19:05.075+0300][13852][2928 ][debug][gc,phases] GC(44)     Dead                           Min: 0, Avg:  0.0, Max: 0, Diff: 0, Sum: 0, Workers: 8
[2025-06-17T23:19:05.075+0300][13852][2928 ][debug][gc,phases] GC(44)     Total                          Min: 0, Avg: 784.8, Max: 1152, Diff: 1152, Sum: 6278, Workers: 8
[2025-06-17T23:19:05.075+0300][13852][2928 ][debug][gc,phases] GC(44)   ResolvedMethodTable Weak       Min:  0.0, Avg:  0.0, Max:  0.0, Diff:  0.0, Sum:  0.0, Workers: 8
[2025-06-17T23:19:05.075+0300][13852][2928 ][debug][gc,phases] GC(44)     Dead                           Min: 0, Avg:  0.0, Max: 0, Diff: 0, Sum: 0, Workers: 8
[2025-06-17T23:19:05.075+0300][13852][2928 ][debug][gc,phases] GC(44)     Total                          Min: 0, Avg: 110.4, Max: 128, Diff: 128, Sum: 883, Workers: 8
[2025-06-17T23:19:05.075+0300][13852][2928 ][debug][gc,phases] GC(44)   JNI Weak                       Min:  0.0, Avg:  0.0, Max:  0.0, Diff:  0.0, Sum:  0.0, Workers: 8
[2025-06-17T23:19:05.075+0300][13852][2928 ][debug][gc,phases] GC(44)     Dead                           Min: 0, Avg:  0.0, Max: 0, Diff: 0, Sum: 0, Workers: 8
[2025-06-17T23:19:05.075+0300][13852][2928 ][debug][gc,phases] GC(44)     Total                          Min: 0, Avg:  0.0, Max: 0, Diff: 0, Sum: 0, Workers: 8
[2025-06-17T23:19:05.075+0300][13852][2928 ][debug][gc,phases] GC(44)   StringDedup Table Weak         Min:  0.0, Avg:  0.0, Max:  0.0, Diff:  0.0, Sum:  0.0, Workers: 8
[2025-06-17T23:19:05.075+0300][13852][2928 ][debug][gc,phases] GC(44)     Dead                           Min: 0, Avg:  0.0, Max: 0, Diff: 0, Sum: 0, Workers: 8
[2025-06-17T23:19:05.075+0300][13852][2928 ][debug][gc,phases] GC(44)     Total                          Min: 0, Avg:  0.0, Max: 0, Diff: 0, Sum: 0, Workers: 8
[2025-06-17T23:19:05.075+0300][13852][2928 ][debug][gc,phases] GC(44)   StringDedup Requests0 Weak     Min:  0.0, Avg:  0.0, Max:  0.0, Diff:  0.0, Sum:  0.0, Workers: 8
[2025-06-17T23:19:05.075+0300][13852][2928 ][debug][gc,phases] GC(44)     Dead                           Min: 0, Avg:  0.0, Max: 0, Diff: 0, Sum: 0, Workers: 8
[2025-06-17T23:19:05.075+0300][13852][2928 ][debug][gc,phases] GC(44)     Total                          Min: 0, Avg:  0.0, Max: 0, Diff: 0, Sum: 0, Workers: 8
[2025-06-17T23:19:05.075+0300][13852][2928 ][debug][gc,phases] GC(44)   StringDedup Requests1 Weak     Min:  0.0, Avg:  0.0, Max:  0.0, Diff:  0.0, Sum:  0.0, Workers: 8
[2025-06-17T23:19:05.075+0300][13852][2928 ][debug][gc,phases] GC(44)     Dead                           Min: 0, Avg:  0.0, Max: 0, Diff: 0, Sum: 0, Workers: 8
[2025-06-17T23:19:05.075+0300][13852][2928 ][debug][gc,phases] GC(44)     Total                          Min: 0, Avg:  0.0, Max: 0, Diff: 0, Sum: 0, Workers: 8
[2025-06-17T23:19:05.075+0300][13852][2928 ][debug][gc,phases] GC(44)   Weak JFR Old Object Samples    Min:  0.0, Avg:  0.0, Max:  0.0, Diff:  0.0, Sum:  0.0, Workers: 8
[2025-06-17T23:19:05.075+0300][13852][2928 ][debug][gc,phases] GC(44)     Dead                           Min: 0, Avg:  0.0, Max: 0, Diff: 0, Sum: 0, Workers: 8
[2025-06-17T23:19:05.075+0300][13852][2928 ][debug][gc,phases] GC(44)     Total                          Min: 0, Avg:  0.0, Max: 0, Diff: 0, Sum: 0, Workers: 8
[2025-06-17T23:19:05.075+0300][13852][2928 ][debug][gc,phases] GC(44) Weak Processing 0.880ms
[2025-06-17T23:19:05.075+0300][13852][2928 ][info ][gc,heap  ] GC(44) PSYoungGen: 692352K(695296K)->544K(695296K) Eden: 691712K(691712K)->0K(691712K) From: 640K(3584K)->544K(3584K)
[2025-06-17T23:19:05.075+0300][13852][2928 ][info ][gc,heap  ] GC(44) ParOldGen: 16436K(1398272K)->16492K(1398272K)
[2025-06-17T23:19:05.075+0300][13852][2928 ][info ][gc       ] GC(44) Pause Young (Allocation Failure) 692M->16M(2044M) 1.518ms
[2025-06-17T23:19:05.075+0300][13852][2928 ][debug][gc,heap  ] GC(44) Heap after GC invocations=45 (full 2):
[2025-06-17T23:19:05.075+0300][13852][2928 ][debug][gc,heap  ] GC(44)  PSYoungGen      total 695296K, used 544K [0x00000000d5580000, 0x0000000100000000, 0x0000000100000000)
[2025-06-17T23:19:05.075+0300][13852][2928 ][debug][gc,heap  ] GC(44)   eden space 691712K, 0% used [0x00000000d5580000,0x00000000d5580000,0x00000000ff900000)
[2025-06-17T23:19:05.075+0300][13852][2928 ][debug][gc,heap  ] GC(44)   from space 3584K, 15% used [0x00000000ff900000,0x00000000ff988080,0x00000000ffc80000)
[2025-06-17T23:19:05.075+0300][13852][2928 ][debug][gc,heap  ] GC(44)   to   space 3072K, 0% used [0x00000000ffd00000,0x00000000ffd00000,0x0000000100000000)
[2025-06-17T23:19:05.075+0300][13852][2928 ][debug][gc,heap  ] GC(44)  ParOldGen       total 1398272K, used 16492K [0x0000000080000000, 0x00000000d5580000, 0x00000000d5580000)
[2025-06-17T23:19:05.075+0300][13852][2928 ][debug][gc,heap  ] GC(44)   object space 1398272K, 1% used [0x0000000080000000,0x000000008101b258,0x00000000d5580000)
[2025-06-17T23:19:05.075+0300][13852][2928 ][debug][gc,heap  ] GC(44)  Metaspace       used 8731K, committed 9792K, reserved 1114112K
[2025-06-17T23:19:05.075+0300][13852][2928 ][debug][gc,heap  ] GC(44)   class space    used 873K, committed 1280K, reserved 1048576K
[2025-06-17T23:19:05.075+0300][13852][2928 ][info ][safepoint] Safepoint "ParallelGCFailedAllocation", Time since last: 214039200 ns, Reaching safepoint: 240500 ns, Cleanup: 6800 ns, At safepoint: 2098400 ns, Total: 2345700 ns
[2025-06-17T23:19:05.316+0300][13852][2928 ][debug][safepoint] Safepoint synchronization initiated using striped semaphore wait barrier. (21 threads)
[2025-06-17T23:19:05.316+0300][13852][5816 ][debug][safepoint] ... found polling page loop exception at pc = 0x0000012d12e96de0, stub =0x0000012d12894d80
[2025-06-17T23:19:05.316+0300][13852][18556][debug][safepoint] ... found polling page loop exception at pc = 0x0000012d12e96de0, stub =0x0000012d12894d80
[2025-06-17T23:19:05.316+0300][13852][10904][debug][safepoint] ... found polling page loop exception at pc = 0x0000012d12e96de0, stub =0x0000012d12894d80
[2025-06-17T23:19:05.316+0300][13852][7064 ][debug][safepoint] ... found polling page loop exception at pc = 0x0000012d12e96de0, stub =0x0000012d12894d80
[2025-06-17T23:19:05.316+0300][13852][2928 ][debug][gc,heap  ] GC(45) Heap before GC invocations=46 (full 2):
[2025-06-17T23:19:05.316+0300][13852][2928 ][debug][gc,heap  ] GC(45)  PSYoungGen      total 695296K, used 692256K [0x00000000d5580000, 0x0000000100000000, 0x0000000100000000)
[2025-06-17T23:19:05.316+0300][13852][2928 ][debug][gc,heap  ] GC(45)   eden space 691712K, 100% used [0x00000000d5580000,0x00000000ff900000,0x00000000ff900000)
[2025-06-17T23:19:05.316+0300][13852][2928 ][debug][gc,heap  ] GC(45)   from space 3584K, 15% used [0x00000000ff900000,0x00000000ff988080,0x00000000ffc80000)
[2025-06-17T23:19:05.316+0300][13852][2928 ][debug][gc,heap  ] GC(45)   to   space 3072K, 0% used [0x00000000ffd00000,0x00000000ffd00000,0x0000000100000000)
[2025-06-17T23:19:05.316+0300][13852][2928 ][debug][gc,heap  ] GC(45)  ParOldGen       total 1398272K, used 16492K [0x0000000080000000, 0x00000000d5580000, 0x00000000d5580000)
[2025-06-17T23:19:05.316+0300][13852][2928 ][debug][gc,heap  ] GC(45)   object space 1398272K, 1% used [0x0000000080000000,0x000000008101b258,0x00000000d5580000)
[2025-06-17T23:19:05.316+0300][13852][2928 ][debug][gc,heap  ] GC(45)  Metaspace       used 8731K, committed 9792K, reserved 1114112K
[2025-06-17T23:19:05.316+0300][13852][2928 ][debug][gc,heap  ] GC(45)   class space    used 873K, committed 1280K, reserved 1048576K
[2025-06-17T23:19:05.316+0300][13852][2928 ][debug][gc,phases] GC(45) Scavenge 0.292ms
[2025-06-17T23:19:05.316+0300][13852][2928 ][debug][gc,phases] GC(45) Reference Processing 0.052ms
[2025-06-17T23:19:05.316+0300][13852][2928 ][debug][gc,phases] GC(45)   VM Weak                        Min:  0.0, Avg:  0.0, Max:  0.0, Diff:  0.0, Sum:  0.0, Workers: 8
[2025-06-17T23:19:05.316+0300][13852][2928 ][debug][gc,phases] GC(45)     Dead                           Min: 0, Avg:  0.0, Max: 0, Diff: 0, Sum: 0, Workers: 8
[2025-06-17T23:19:05.316+0300][13852][2928 ][debug][gc,phases] GC(45)     Total                          Min: 0, Avg: 15.4, Max: 105, Diff: 105, Sum: 123, Workers: 8
[2025-06-17T23:19:05.316+0300][13852][2928 ][debug][gc,phases] GC(45)   ObjectSynchronizer Weak        Min:  0.0, Avg:  0.0, Max:  0.0, Diff:  0.0, Sum:  0.0, Workers: 8
[2025-06-17T23:19:05.316+0300][13852][2928 ][debug][gc,phases] GC(45)     Dead                           Min: 0, Avg:  0.0, Max: 0, Diff: 0, Sum: 0, Workers: 8
[2025-06-17T23:19:05.316+0300][13852][2928 ][debug][gc,phases] GC(45)     Total                          Min: 0, Avg: 16.2, Max: 66, Diff: 66, Sum: 130, Workers: 8
[2025-06-17T23:19:05.316+0300][13852][2928 ][debug][gc,phases] GC(45)   JVMTI Tag Weak OopStorage      Min:  0.0, Avg:  0.0, Max:  0.0, Diff:  0.0, Sum:  0.0, Workers: 8
[2025-06-17T23:19:05.316+0300][13852][2928 ][debug][gc,phases] GC(45)     Dead                           Min: 0, Avg:  0.0, Max: 0, Diff: 0, Sum: 0, Workers: 8
[2025-06-17T23:19:05.316+0300][13852][2928 ][debug][gc,phases] GC(45)     Total                          Min: 0, Avg:  0.0, Max: 0, Diff: 0, Sum: 0, Workers: 8
[2025-06-17T23:19:05.316+0300][13852][2928 ][debug][gc,phases] GC(45)   StringTable Weak               Min:  0.0, Avg:  0.0, Max:  0.0, Diff:  0.0, Sum:  0.1, Workers: 8
[2025-06-17T23:19:05.316+0300][13852][2928 ][debug][gc,phases] GC(45)     Dead                           Min: 0, Avg:  0.0, Max: 0, Diff: 0, Sum: 0, Workers: 8
[2025-06-17T23:19:05.316+0300][13852][2928 ][debug][gc,phases] GC(45)     Total                          Min: 512, Avg: 784.8, Max: 960, Diff: 448, Sum: 6278, Workers: 8
[2025-06-17T23:19:05.316+0300][13852][2928 ][debug][gc,phases] GC(45)   ResolvedMethodTable Weak       Min:  0.0, Avg:  0.0, Max:  0.0, Diff:  0.0, Sum:  0.0, Workers: 8
[2025-06-17T23:19:05.316+0300][13852][2928 ][debug][gc,phases] GC(45)     Dead                           Min: 0, Avg:  0.0, Max: 0, Diff: 0, Sum: 0, Workers: 8
[2025-06-17T23:19:05.316+0300][13852][2928 ][debug][gc,phases] GC(45)     Total                          Min: 59, Avg: 110.4, Max: 128, Diff: 69, Sum: 883, Workers: 8
[2025-06-17T23:19:05.316+0300][13852][2928 ][debug][gc,phases] GC(45)   JNI Weak                       Min:  0.0, Avg:  0.0, Max:  0.0, Diff:  0.0, Sum:  0.0, Workers: 8
[2025-06-17T23:19:05.316+0300][13852][2928 ][debug][gc,phases] GC(45)     Dead                           Min: 0, Avg:  0.0, Max: 0, Diff: 0, Sum: 0, Workers: 8
[2025-06-17T23:19:05.316+0300][13852][2928 ][debug][gc,phases] GC(45)     Total                          Min: 0, Avg:  0.0, Max: 0, Diff: 0, Sum: 0, Workers: 8
[2025-06-17T23:19:05.316+0300][13852][2928 ][debug][gc,phases] GC(45)   StringDedup Table Weak         Min:  0.0, Avg:  0.0, Max:  0.0, Diff:  0.0, Sum:  0.0, Workers: 8
[2025-06-17T23:19:05.316+0300][13852][2928 ][debug][gc,phases] GC(45)     Dead                           Min: 0, Avg:  0.0, Max: 0, Diff: 0, Sum: 0, Workers: 8
[2025-06-17T23:19:05.316+0300][13852][2928 ][debug][gc,phases] GC(45)     Total                          Min: 0, Avg:  0.0, Max: 0, Diff: 0, Sum: 0, Workers: 8
[2025-06-17T23:19:05.316+0300][13852][2928 ][debug][gc,phases] GC(45)   StringDedup Requests0 Weak     Min:  0.0, Avg:  0.0, Max:  0.0, Diff:  0.0, Sum:  0.0, Workers: 8
[2025-06-17T23:19:05.316+0300][13852][2928 ][debug][gc,phases] GC(45)     Dead                           Min: 0, Avg:  0.0, Max: 0, Diff: 0, Sum: 0, Workers: 8
[2025-06-17T23:19:05.316+0300][13852][2928 ][debug][gc,phases] GC(45)     Total                          Min: 0, Avg:  0.0, Max: 0, Diff: 0, Sum: 0, Workers: 8
[2025-06-17T23:19:05.316+0300][13852][2928 ][debug][gc,phases] GC(45)   StringDedup Requests1 Weak     Min:  0.0, Avg:  0.0, Max:  0.0, Diff:  0.0, Sum:  0.0, Workers: 8
[2025-06-17T23:19:05.316+0300][13852][2928 ][debug][gc,phases] GC(45)     Dead                           Min: 0, Avg:  0.0, Max: 0, Diff: 0, Sum: 0, Workers: 8
[2025-06-17T23:19:05.316+0300][13852][2928 ][debug][gc,phases] GC(45)     Total                          Min: 0, Avg:  0.0, Max: 0, Diff: 0, Sum: 0, Workers: 8
[2025-06-17T23:19:05.316+0300][13852][2928 ][debug][gc,phases] GC(45)   Weak JFR Old Object Samples    Min:  0.0, Avg:  0.0, Max:  0.0, Diff:  0.0, Sum:  0.0, Workers: 8
[2025-06-17T23:19:05.316+0300][13852][2928 ][debug][gc,phases] GC(45)     Dead                           Min: 0, Avg:  0.0, Max: 0, Diff: 0, Sum: 0, Workers: 8
[2025-06-17T23:19:05.316+0300][13852][2928 ][debug][gc,phases] GC(45)     Total                          Min: 0, Avg:  0.0, Max: 0, Diff: 0, Sum: 0, Workers: 8
[2025-06-17T23:19:05.316+0300][13852][2928 ][debug][gc,phases] GC(45) Weak Processing 0.612ms
[2025-06-17T23:19:05.316+0300][13852][2928 ][info ][gc,heap  ] GC(45) PSYoungGen: 692256K(695296K)->512K(695808K) Eden: 691712K(691712K)->0K(692736K) From: 544K(3584K)->512K(3072K)
[2025-06-17T23:19:05.316+0300][13852][2928 ][info ][gc,heap  ] GC(45) ParOldGen: 16492K(1398272K)->16548K(1398272K)
[2025-06-17T23:19:05.316+0300][13852][2928 ][info ][gc       ] GC(45) Pause Young (Allocation Failure) 692M->16M(2045M) 1.101ms
[2025-06-17T23:19:05.316+0300][13852][2928 ][debug][gc,heap  ] GC(45) Heap after GC invocations=46 (full 2):
[2025-06-17T23:19:05.316+0300][13852][2928 ][debug][gc,heap  ] GC(45)  PSYoungGen      total 695808K, used 512K [0x00000000d5580000, 0x0000000100000000, 0x0000000100000000)
[2025-06-17T23:19:05.316+0300][13852][2928 ][debug][gc,heap  ] GC(45)   eden space 692736K, 0% used [0x00000000d5580000,0x00000000d5580000,0x00000000ffa00000)
[2025-06-17T23:19:05.316+0300][13852][2928 ][debug][gc,heap  ] GC(45)   from space 3072K, 16% used [0x00000000ffd00000,0x00000000ffd80100,0x0000000100000000)
[2025-06-17T23:19:05.316+0300][13852][2928 ][debug][gc,heap  ] GC(45)   to   space 3072K, 0% used [0x00000000ffa00000,0x00000000ffa00000,0x00000000ffd00000)
[2025-06-17T23:19:05.316+0300][13852][2928 ][debug][gc,heap  ] GC(45)  ParOldGen       total 1398272K, used 16548K [0x0000000080000000, 0x00000000d5580000, 0x00000000d5580000)
[2025-06-17T23:19:05.316+0300][13852][2928 ][debug][gc,heap  ] GC(45)   object space 1398272K, 1% used [0x0000000080000000,0x0000000081029258,0x00000000d5580000)
[2025-06-17T23:19:05.316+0300][13852][2928 ][debug][gc,heap  ] GC(45)  Metaspace       used 8731K, committed 9792K, reserved 1114112K
[2025-06-17T23:19:05.316+0300][13852][2928 ][debug][gc,heap  ] GC(45)   class space    used 873K, committed 1280K, reserved 1048576K
[2025-06-17T23:19:05.316+0300][13852][2928 ][info ][safepoint] Safepoint "ParallelGCFailedAllocation", Time since last: 237444800 ns, Reaching safepoint: 322500 ns, Cleanup: 15100 ns, At safepoint: 1490800 ns, Total: 1828400 ns
[2025-06-17T23:19:05.542+0300][13852][2928 ][debug][safepoint] Safepoint synchronization initiated using striped semaphore wait barrier. (21 threads)
[2025-06-17T23:19:05.542+0300][13852][5816 ][debug][safepoint] ... found polling page loop exception at pc = 0x0000012d12f1f7c7, stub =0x0000012d12895600
[2025-06-17T23:19:05.542+0300][13852][21268][debug][safepoint] ... found polling page loop exception at pc = 0x0000012d12e96de0, stub =0x0000012d12894d80
[2025-06-17T23:19:05.542+0300][13852][18556][debug][safepoint] ... found polling page loop exception at pc = 0x0000012d12f02756, stub =0x0000012d12895600
[2025-06-17T23:19:05.542+0300][13852][2928 ][debug][gc,heap  ] GC(46) Heap before GC invocations=47 (full 2):
[2025-06-17T23:19:05.542+0300][13852][2928 ][debug][gc,heap  ] GC(46)  PSYoungGen      total 695808K, used 693248K [0x00000000d5580000, 0x0000000100000000, 0x0000000100000000)
[2025-06-17T23:19:05.542+0300][13852][2928 ][debug][gc,heap  ] GC(46)   eden space 692736K, 100% used [0x00000000d5580000,0x00000000ffa00000,0x00000000ffa00000)
[2025-06-17T23:19:05.542+0300][13852][2928 ][debug][gc,heap  ] GC(46)   from space 3072K, 16% used [0x00000000ffd00000,0x00000000ffd80100,0x0000000100000000)
[2025-06-17T23:19:05.542+0300][13852][2928 ][debug][gc,heap  ] GC(46)   to   space 3072K, 0% used [0x00000000ffa00000,0x00000000ffa00000,0x00000000ffd00000)
[2025-06-17T23:19:05.542+0300][13852][2928 ][debug][gc,heap  ] GC(46)  ParOldGen       total 1398272K, used 16548K [0x0000000080000000, 0x00000000d5580000, 0x00000000d5580000)
[2025-06-17T23:19:05.542+0300][13852][2928 ][debug][gc,heap  ] GC(46)   object space 1398272K, 1% used [0x0000000080000000,0x0000000081029258,0x00000000d5580000)
[2025-06-17T23:19:05.542+0300][13852][2928 ][debug][gc,heap  ] GC(46)  Metaspace       used 8731K, committed 9792K, reserved 1114112K
[2025-06-17T23:19:05.542+0300][13852][2928 ][debug][gc,heap  ] GC(46)   class space    used 873K, committed 1280K, reserved 1048576K
[2025-06-17T23:19:05.542+0300][13852][2928 ][debug][gc,phases] GC(46) Scavenge 0.403ms
[2025-06-17T23:19:05.542+0300][13852][2928 ][debug][gc,phases] GC(46) Reference Processing 0.053ms
[2025-06-17T23:19:05.542+0300][13852][2928 ][debug][gc,phases] GC(46)   VM Weak                        Min:  0.0, Avg:  0.0, Max:  0.0, Diff:  0.0, Sum:  0.0, Workers: 8
[2025-06-17T23:19:05.542+0300][13852][2928 ][debug][gc,phases] GC(46)     Dead                           Min: 0, Avg:  0.0, Max: 0, Diff: 0, Sum: 0, Workers: 8
[2025-06-17T23:19:05.542+0300][13852][2928 ][debug][gc,phases] GC(46)     Total                          Min: 0, Avg: 15.4, Max: 110, Diff: 110, Sum: 123, Workers: 8
[2025-06-17T23:19:05.542+0300][13852][2928 ][debug][gc,phases] GC(46)   ObjectSynchronizer Weak        Min:  0.0, Avg:  0.0, Max:  0.0, Diff:  0.0, Sum:  0.0, Workers: 8
[2025-06-17T23:19:05.542+0300][13852][2928 ][debug][gc,phases] GC(46)     Dead                           Min: 0, Avg:  0.0, Max: 0, Diff: 0, Sum: 0, Workers: 8
[2025-06-17T23:19:05.542+0300][13852][2928 ][debug][gc,phases] GC(46)     Total                          Min: 0, Avg: 16.2, Max: 66, Diff: 66, Sum: 130, Workers: 8
[2025-06-17T23:19:05.542+0300][13852][2928 ][debug][gc,phases] GC(46)   JVMTI Tag Weak OopStorage      Min:  0.0, Avg:  0.0, Max:  0.0, Diff:  0.0, Sum:  0.0, Workers: 8
[2025-06-17T23:19:05.542+0300][13852][2928 ][debug][gc,phases] GC(46)     Dead                           Min: 0, Avg:  0.0, Max: 0, Diff: 0, Sum: 0, Workers: 8
[2025-06-17T23:19:05.542+0300][13852][2928 ][debug][gc,phases] GC(46)     Total                          Min: 0, Avg:  0.0, Max: 0, Diff: 0, Sum: 0, Workers: 8
[2025-06-17T23:19:05.542+0300][13852][2928 ][debug][gc,phases] GC(46)   StringTable Weak               Min:  0.0, Avg:  0.0, Max:  0.0, Diff:  0.0, Sum:  0.1, Workers: 8
[2025-06-17T23:19:05.542+0300][13852][2928 ][debug][gc,phases] GC(46)     Dead                           Min: 0, Avg:  0.0, Max: 0, Diff: 0, Sum: 0, Workers: 8
[2025-06-17T23:19:05.542+0300][13852][2928 ][debug][gc,phases] GC(46)     Total                          Min: 640, Avg: 784.8, Max: 960, Diff: 320, Sum: 6278, Workers: 8
[2025-06-17T23:19:05.542+0300][13852][2928 ][debug][gc,phases] GC(46)   ResolvedMethodTable Weak       Min:  0.0, Avg:  0.0, Max:  0.0, Diff:  0.0, Sum:  0.0, Workers: 8
[2025-06-17T23:19:05.542+0300][13852][2928 ][debug][gc,phases] GC(46)     Dead                           Min: 0, Avg:  0.0, Max: 0, Diff: 0, Sum: 0, Workers: 8
[2025-06-17T23:19:05.542+0300][13852][2928 ][debug][gc,phases] GC(46)     Total                          Min: 59, Avg: 110.4, Max: 128, Diff: 69, Sum: 883, Workers: 8
[2025-06-17T23:19:05.542+0300][13852][2928 ][debug][gc,phases] GC(46)   JNI Weak                       Min:  0.0, Avg:  0.0, Max:  0.0, Diff:  0.0, Sum:  0.0, Workers: 8
[2025-06-17T23:19:05.542+0300][13852][2928 ][debug][gc,phases] GC(46)     Dead                           Min: 0, Avg:  0.0, Max: 0, Diff: 0, Sum: 0, Workers: 8
[2025-06-17T23:19:05.542+0300][13852][2928 ][debug][gc,phases] GC(46)     Total                          Min: 0, Avg:  0.0, Max: 0, Diff: 0, Sum: 0, Workers: 8
[2025-06-17T23:19:05.542+0300][13852][2928 ][debug][gc,phases] GC(46)   StringDedup Table Weak         Min:  0.0, Avg:  0.0, Max:  0.0, Diff:  0.0, Sum:  0.0, Workers: 8
[2025-06-17T23:19:05.542+0300][13852][2928 ][debug][gc,phases] GC(46)     Dead                           Min: 0, Avg:  0.0, Max: 0, Diff: 0, Sum: 0, Workers: 8
[2025-06-17T23:19:05.542+0300][13852][2928 ][debug][gc,phases] GC(46)     Total                          Min: 0, Avg:  0.0, Max: 0, Diff: 0, Sum: 0, Workers: 8
[2025-06-17T23:19:05.542+0300][13852][2928 ][debug][gc,phases] GC(46)   StringDedup Requests0 Weak     Min:  0.0, Avg:  0.0, Max:  0.0, Diff:  0.0, Sum:  0.0, Workers: 8
[2025-06-17T23:19:05.542+0300][13852][2928 ][debug][gc,phases] GC(46)     Dead                           Min: 0, Avg:  0.0, Max: 0, Diff: 0, Sum: 0, Workers: 8
[2025-06-17T23:19:05.542+0300][13852][2928 ][debug][gc,phases] GC(46)     Total                          Min: 0, Avg:  0.0, Max: 0, Diff: 0, Sum: 0, Workers: 8
[2025-06-17T23:19:05.542+0300][13852][2928 ][debug][gc,phases] GC(46)   StringDedup Requests1 Weak     Min:  0.0, Avg:  0.0, Max:  0.0, Diff:  0.0, Sum:  0.0, Workers: 8
[2025-06-17T23:19:05.542+0300][13852][2928 ][debug][gc,phases] GC(46)     Dead                           Min: 0, Avg:  0.0, Max: 0, Diff: 0, Sum: 0, Workers: 8
[2025-06-17T23:19:05.542+0300][13852][2928 ][debug][gc,phases] GC(46)     Total                          Min: 0, Avg:  0.0, Max: 0, Diff: 0, Sum: 0, Workers: 8
[2025-06-17T23:19:05.542+0300][13852][2928 ][debug][gc,phases] GC(46)   Weak JFR Old Object Samples    Min:  0.0, Avg:  0.0, Max:  0.0, Diff:  0.0, Sum:  0.0, Workers: 8
[2025-06-17T23:19:05.542+0300][13852][2928 ][debug][gc,phases] GC(46)     Dead                           Min: 0, Avg:  0.0, Max: 0, Diff: 0, Sum: 0, Workers: 8
[2025-06-17T23:19:05.542+0300][13852][2928 ][debug][gc,phases] GC(46)     Total                          Min: 0, Avg:  0.0, Max: 0, Diff: 0, Sum: 0, Workers: 8
[2025-06-17T23:19:05.542+0300][13852][2928 ][debug][gc,phases] GC(46) Weak Processing 0.639ms
[2025-06-17T23:19:05.542+0300][13852][2928 ][info ][gc,heap  ] GC(46) PSYoungGen: 693248K(695808K)->528K(695808K) Eden: 692736K(692736K)->0K(692736K) From: 512K(3072K)->528K(3072K)
[2025-06-17T23:19:05.542+0300][13852][2928 ][info ][gc,heap  ] GC(46) ParOldGen: 16548K(1398272K)->16612K(1398272K)
[2025-06-17T23:19:05.542+0300][13852][2928 ][info ][gc       ] GC(46) Pause Young (Allocation Failure) 693M->16M(2045M) 1.237ms
[2025-06-17T23:19:05.542+0300][13852][2928 ][debug][gc,heap  ] GC(46) Heap after GC invocations=47 (full 2):
[2025-06-17T23:19:05.542+0300][13852][2928 ][debug][gc,heap  ] GC(46)  PSYoungGen      total 695808K, used 528K [0x00000000d5580000, 0x0000000100000000, 0x0000000100000000)
[2025-06-17T23:19:05.542+0300][13852][2928 ][debug][gc,heap  ] GC(46)   eden space 692736K, 0% used [0x00000000d5580000,0x00000000d5580000,0x00000000ffa00000)
[2025-06-17T23:19:05.542+0300][13852][2928 ][debug][gc,heap  ] GC(46)   from space 3072K, 17% used [0x00000000ffa00000,0x00000000ffa840d0,0x00000000ffd00000)
[2025-06-17T23:19:05.542+0300][13852][2928 ][debug][gc,heap  ] GC(46)   to   space 3072K, 0% used [0x00000000ffd00000,0x00000000ffd00000,0x0000000100000000)
[2025-06-17T23:19:05.542+0300][13852][2928 ][debug][gc,heap  ] GC(46)  ParOldGen       total 1398272K, used 16612K [0x0000000080000000, 0x00000000d5580000, 0x00000000d5580000)
[2025-06-17T23:19:05.542+0300][13852][2928 ][debug][gc,heap  ] GC(46)   object space 1398272K, 1% used [0x0000000080000000,0x0000000081039258,0x00000000d5580000)
[2025-06-17T23:19:05.542+0300][13852][2928 ][debug][gc,heap  ] GC(46)  Metaspace       used 8731K, committed 9792K, reserved 1114112K
[2025-06-17T23:19:05.542+0300][13852][2928 ][debug][gc,heap  ] GC(46)   class space    used 873K, committed 1280K, reserved 1048576K
[2025-06-17T23:19:05.542+0300][13852][2928 ][info ][safepoint] Safepoint "ParallelGCFailedAllocation", Time since last: 226069700 ns, Reaching safepoint: 258200 ns, Cleanup: 6800 ns, At safepoint: 1665100 ns, Total: 1930100 ns
[2025-06-17T23:19:05.773+0300][13852][2928 ][debug][safepoint] Safepoint synchronization initiated using striped semaphore wait barrier. (21 threads)
[2025-06-17T23:19:05.773+0300][13852][21268][debug][safepoint] ... found polling page loop exception at pc = 0x0000012d12e96de0, stub =0x0000012d12894d80
[2025-06-17T23:19:05.773+0300][13852][2928 ][debug][gc,heap  ] GC(47) Heap before GC invocations=48 (full 2):
[2025-06-17T23:19:05.773+0300][13852][2928 ][debug][gc,heap  ] GC(47)  PSYoungGen      total 695808K, used 693264K [0x00000000d5580000, 0x0000000100000000, 0x0000000100000000)
[2025-06-17T23:19:05.773+0300][13852][2928 ][debug][gc,heap  ] GC(47)   eden space 692736K, 100% used [0x00000000d5580000,0x00000000ffa00000,0x00000000ffa00000)
[2025-06-17T23:19:05.773+0300][13852][2928 ][debug][gc,heap  ] GC(47)   from space 3072K, 17% used [0x00000000ffa00000,0x00000000ffa840d0,0x00000000ffd00000)
[2025-06-17T23:19:05.773+0300][13852][2928 ][debug][gc,heap  ] GC(47)   to   space 3072K, 0% used [0x00000000ffd00000,0x00000000ffd00000,0x0000000100000000)
[2025-06-17T23:19:05.773+0300][13852][2928 ][debug][gc,heap  ] GC(47)  ParOldGen       total 1398272K, used 16612K [0x0000000080000000, 0x00000000d5580000, 0x00000000d5580000)
[2025-06-17T23:19:05.773+0300][13852][2928 ][debug][gc,heap  ] GC(47)   object space 1398272K, 1% used [0x0000000080000000,0x0000000081039258,0x00000000d5580000)
[2025-06-17T23:19:05.773+0300][13852][2928 ][debug][gc,heap  ] GC(47)  Metaspace       used 8731K, committed 9792K, reserved 1114112K
[2025-06-17T23:19:05.773+0300][13852][2928 ][debug][gc,heap  ] GC(47)   class space    used 873K, committed 1280K, reserved 1048576K
[2025-06-17T23:19:05.773+0300][13852][2928 ][debug][gc,phases] GC(47) Scavenge 0.286ms
[2025-06-17T23:19:05.773+0300][13852][2928 ][debug][gc,phases] GC(47) Reference Processing 0.067ms
[2025-06-17T23:19:05.773+0300][13852][2928 ][debug][gc,phases] GC(47)   VM Weak                        Min:  0.0, Avg:  0.0, Max:  0.0, Diff:  0.0, Sum:  0.0, Workers: 8
[2025-06-17T23:19:05.773+0300][13852][2928 ][debug][gc,phases] GC(47)     Dead                           Min: 0, Avg:  0.0, Max: 0, Diff: 0, Sum: 0, Workers: 8
[2025-06-17T23:19:05.773+0300][13852][2928 ][debug][gc,phases] GC(47)     Total                          Min: 0, Avg: 15.4, Max: 85, Diff: 85, Sum: 123, Workers: 8
[2025-06-17T23:19:05.773+0300][13852][2928 ][debug][gc,phases] GC(47)   ObjectSynchronizer Weak        Min:  0.0, Avg:  0.0, Max:  0.0, Diff:  0.0, Sum:  0.0, Workers: 8
[2025-06-17T23:19:05.773+0300][13852][2928 ][debug][gc,phases] GC(47)     Dead                           Min: 0, Avg:  0.0, Max: 0, Diff: 0, Sum: 0, Workers: 8
[2025-06-17T23:19:05.773+0300][13852][2928 ][debug][gc,phases] GC(47)     Total                          Min: 0, Avg: 16.2, Max: 66, Diff: 66, Sum: 130, Workers: 8
[2025-06-17T23:19:05.773+0300][13852][2928 ][debug][gc,phases] GC(47)   JVMTI Tag Weak OopStorage      Min:  0.0, Avg:  0.0, Max:  0.0, Diff:  0.0, Sum:  0.0, Workers: 8
[2025-06-17T23:19:05.773+0300][13852][2928 ][debug][gc,phases] GC(47)     Dead                           Min: 0, Avg:  0.0, Max: 0, Diff: 0, Sum: 0, Workers: 8
[2025-06-17T23:19:05.773+0300][13852][2928 ][debug][gc,phases] GC(47)     Total                          Min: 0, Avg:  0.0, Max: 0, Diff: 0, Sum: 0, Workers: 8
[2025-06-17T23:19:05.773+0300][13852][2928 ][debug][gc,phases] GC(47)   StringTable Weak               Min:  0.0, Avg:  0.0, Max:  0.0, Diff:  0.0, Sum:  0.1, Workers: 8
[2025-06-17T23:19:05.773+0300][13852][2928 ][debug][gc,phases] GC(47)     Dead                           Min: 0, Avg:  0.0, Max: 0, Diff: 0, Sum: 0, Workers: 8
[2025-06-17T23:19:05.773+0300][13852][2928 ][debug][gc,phases] GC(47)     Total                          Min: 512, Avg: 784.8, Max: 1152, Diff: 640, Sum: 6278, Workers: 8
[2025-06-17T23:19:05.773+0300][13852][2928 ][debug][gc,phases] GC(47)   ResolvedMethodTable Weak       Min:  0.0, Avg:  0.0, Max:  0.0, Diff:  0.0, Sum:  0.0, Workers: 8
[2025-06-17T23:19:05.773+0300][13852][2928 ][debug][gc,phases] GC(47)     Dead                           Min: 0, Avg:  0.0, Max: 0, Diff: 0, Sum: 0, Workers: 8
[2025-06-17T23:19:05.773+0300][13852][2928 ][debug][gc,phases] GC(47)     Total                          Min: 59, Avg: 110.4, Max: 128, Diff: 69, Sum: 883, Workers: 8
[2025-06-17T23:19:05.773+0300][13852][2928 ][debug][gc,phases] GC(47)   JNI Weak                       Min:  0.0, Avg:  0.0, Max:  0.0, Diff:  0.0, Sum:  0.0, Workers: 8
[2025-06-17T23:19:05.773+0300][13852][2928 ][debug][gc,phases] GC(47)     Dead                           Min: 0, Avg:  0.0, Max: 0, Diff: 0, Sum: 0, Workers: 8
[2025-06-17T23:19:05.773+0300][13852][2928 ][debug][gc,phases] GC(47)     Total                          Min: 0, Avg:  0.0, Max: 0, Diff: 0, Sum: 0, Workers: 8
[2025-06-17T23:19:05.773+0300][13852][2928 ][debug][gc,phases] GC(47)   StringDedup Table Weak         Min:  0.0, Avg:  0.0, Max:  0.0, Diff:  0.0, Sum:  0.0, Workers: 8
[2025-06-17T23:19:05.773+0300][13852][2928 ][debug][gc,phases] GC(47)     Dead                           Min: 0, Avg:  0.0, Max: 0, Diff: 0, Sum: 0, Workers: 8
[2025-06-17T23:19:05.773+0300][13852][2928 ][debug][gc,phases] GC(47)     Total                          Min: 0, Avg:  0.0, Max: 0, Diff: 0, Sum: 0, Workers: 8
[2025-06-17T23:19:05.773+0300][13852][2928 ][debug][gc,phases] GC(47)   StringDedup Requests0 Weak     Min:  0.0, Avg:  0.0, Max:  0.0, Diff:  0.0, Sum:  0.0, Workers: 8
[2025-06-17T23:19:05.773+0300][13852][2928 ][debug][gc,phases] GC(47)     Dead                           Min: 0, Avg:  0.0, Max: 0, Diff: 0, Sum: 0, Workers: 8
[2025-06-17T23:19:05.773+0300][13852][2928 ][debug][gc,phases] GC(47)     Total                          Min: 0, Avg:  0.0, Max: 0, Diff: 0, Sum: 0, Workers: 8
[2025-06-17T23:19:05.773+0300][13852][2928 ][debug][gc,phases] GC(47)   StringDedup Requests1 Weak     Min:  0.0, Avg:  0.0, Max:  0.0, Diff:  0.0, Sum:  0.0, Workers: 8
[2025-06-17T23:19:05.773+0300][13852][2928 ][debug][gc,phases] GC(47)     Dead                           Min: 0, Avg:  0.0, Max: 0, Diff: 0, Sum: 0, Workers: 8
[2025-06-17T23:19:05.773+0300][13852][2928 ][debug][gc,phases] GC(47)     Total                          Min: 0, Avg:  0.0, Max: 0, Diff: 0, Sum: 0, Workers: 8
[2025-06-17T23:19:05.773+0300][13852][2928 ][debug][gc,phases] GC(47)   Weak JFR Old Object Samples    Min:  0.0, Avg:  0.0, Max:  0.0, Diff:  0.0, Sum:  0.0, Workers: 8
[2025-06-17T23:19:05.773+0300][13852][2928 ][debug][gc,phases] GC(47)     Dead                           Min: 0, Avg:  0.0, Max: 0, Diff: 0, Sum: 0, Workers: 8
[2025-06-17T23:19:05.773+0300][13852][2928 ][debug][gc,phases] GC(47)     Total                          Min: 0, Avg:  0.0, Max: 0, Diff: 0, Sum: 0, Workers: 8
[2025-06-17T23:19:05.773+0300][13852][2928 ][debug][gc,phases] GC(47) Weak Processing 0.643ms
[2025-06-17T23:19:05.773+0300][13852][2928 ][info ][gc,heap  ] GC(47) PSYoungGen: 693264K(695808K)->512K(696320K) Eden: 692736K(692736K)->0K(693248K) From: 528K(3072K)->512K(3072K)
[2025-06-17T23:19:05.773+0300][13852][2928 ][info ][gc,heap  ] GC(47) ParOldGen: 16612K(1398272K)->16676K(1398272K)
[2025-06-17T23:19:05.773+0300][13852][2928 ][info ][gc       ] GC(47) Pause Young (Allocation Failure) 693M->16M(2045M) 1.169ms
[2025-06-17T23:19:05.773+0300][13852][2928 ][debug][gc,heap  ] GC(47) Heap after GC invocations=48 (full 2):
[2025-06-17T23:19:05.773+0300][13852][2928 ][debug][gc,heap  ] GC(47)  PSYoungGen      total 696320K, used 512K [0x00000000d5580000, 0x0000000100000000, 0x0000000100000000)
[2025-06-17T23:19:05.773+0300][13852][2928 ][debug][gc,heap  ] GC(47)   eden space 693248K, 0% used [0x00000000d5580000,0x00000000d5580000,0x00000000ffa80000)
[2025-06-17T23:19:05.773+0300][13852][2928 ][debug][gc,heap  ] GC(47)   from space 3072K, 16% used [0x00000000ffd00000,0x00000000ffd800c0,0x0000000100000000)
[2025-06-17T23:19:05.773+0300][13852][2928 ][debug][gc,heap  ] GC(47)   to   space 2560K, 0% used [0x00000000ffa80000,0x00000000ffa80000,0x00000000ffd00000)
[2025-06-17T23:19:05.773+0300][13852][2928 ][debug][gc,heap  ] GC(47)  ParOldGen       total 1398272K, used 16676K [0x0000000080000000, 0x00000000d5580000, 0x00000000d5580000)
[2025-06-17T23:19:05.773+0300][13852][2928 ][debug][gc,heap  ] GC(47)   object space 1398272K, 1% used [0x0000000080000000,0x0000000081049258,0x00000000d5580000)
[2025-06-17T23:19:05.773+0300][13852][2928 ][debug][gc,heap  ] GC(47)  Metaspace       used 8731K, committed 9792K, reserved 1114112K
[2025-06-17T23:19:05.773+0300][13852][2928 ][debug][gc,heap  ] GC(47)   class space    used 873K, committed 1280K, reserved 1048576K
[2025-06-17T23:19:05.773+0300][13852][2928 ][info ][safepoint] Safepoint "ParallelGCFailedAllocation", Time since last: 227221500 ns, Reaching safepoint: 195400 ns, Cleanup: 6900 ns, At safepoint: 1601400 ns, Total: 1803700 ns
[2025-06-17T23:19:05.994+0300][13852][2928 ][debug][safepoint] Safepoint synchronization initiated using striped semaphore wait barrier. (19 threads)
[2025-06-17T23:19:05.994+0300][13852][10904][debug][safepoint] ... found polling page loop exception at pc = 0x0000012d12fc006d, stub =0x0000012d12895600
[2025-06-17T23:19:05.994+0300][13852][20072][debug][safepoint] ... found polling page loop exception at pc = 0x0000012d12e96de0, stub =0x0000012d12894d80
[2025-06-17T23:19:05.994+0300][13852][21268][debug][safepoint] ... found polling page loop exception at pc = 0x0000012d12e96de0, stub =0x0000012d12894d80
[2025-06-17T23:19:05.994+0300][13852][15456][debug][safepoint] ... found polling page loop exception at pc = 0x0000012d12e96de0, stub =0x0000012d12894d80
[2025-06-17T23:19:05.994+0300][13852][18556][debug][safepoint] ... found polling page loop exception at pc = 0x0000012d12e96de0, stub =0x0000012d12894d80
[2025-06-17T23:19:05.994+0300][13852][2928 ][debug][gc,heap  ] GC(48) Heap before GC invocations=49 (full 2):
[2025-06-17T23:19:05.994+0300][13852][2928 ][debug][gc,heap  ] GC(48)  PSYoungGen      total 696320K, used 693760K [0x00000000d5580000, 0x0000000100000000, 0x0000000100000000)
[2025-06-17T23:19:05.994+0300][13852][2928 ][debug][gc,heap  ] GC(48)   eden space 693248K, 100% used [0x00000000d5580000,0x00000000ffa80000,0x00000000ffa80000)
[2025-06-17T23:19:05.994+0300][13852][2928 ][debug][gc,heap  ] GC(48)   from space 3072K, 16% used [0x00000000ffd00000,0x00000000ffd800c0,0x0000000100000000)
[2025-06-17T23:19:05.994+0300][13852][2928 ][debug][gc,heap  ] GC(48)   to   space 2560K, 0% used [0x00000000ffa80000,0x00000000ffa80000,0x00000000ffd00000)
[2025-06-17T23:19:05.994+0300][13852][2928 ][debug][gc,heap  ] GC(48)  ParOldGen       total 1398272K, used 16676K [0x0000000080000000, 0x00000000d5580000, 0x00000000d5580000)
[2025-06-17T23:19:05.994+0300][13852][2928 ][debug][gc,heap  ] GC(48)   object space 1398272K, 1% used [0x0000000080000000,0x0000000081049258,0x00000000d5580000)
[2025-06-17T23:19:05.994+0300][13852][2928 ][debug][gc,heap  ] GC(48)  Metaspace       used 8731K, committed 9792K, reserved 1114112K
[2025-06-17T23:19:05.994+0300][13852][2928 ][debug][gc,heap  ] GC(48)   class space    used 873K, committed 1280K, reserved 1048576K
[2025-06-17T23:19:05.994+0300][13852][2928 ][debug][gc,phases] GC(48) Scavenge 0.360ms
[2025-06-17T23:19:05.994+0300][13852][2928 ][debug][gc,phases] GC(48) Reference Processing 0.139ms
[2025-06-17T23:19:05.994+0300][13852][2928 ][debug][gc,phases] GC(48)   VM Weak                        Min:  0.0, Avg:  0.0, Max:  0.0, Diff:  0.0, Sum:  0.0, Workers: 8
[2025-06-17T23:19:05.994+0300][13852][2928 ][debug][gc,phases] GC(48)     Dead                           Min: 0, Avg:  0.0, Max: 0, Diff: 0, Sum: 0, Workers: 8
[2025-06-17T23:19:05.994+0300][13852][2928 ][debug][gc,phases] GC(48)     Total                          Min: 0, Avg: 15.4, Max: 77, Diff: 77, Sum: 123, Workers: 8
[2025-06-17T23:19:05.994+0300][13852][2928 ][debug][gc,phases] GC(48)   ObjectSynchronizer Weak        Min:  0.0, Avg:  0.0, Max:  0.0, Diff:  0.0, Sum:  0.0, Workers: 8
[2025-06-17T23:19:05.994+0300][13852][2928 ][debug][gc,phases] GC(48)     Dead                           Min: 0, Avg:  0.0, Max: 0, Diff: 0, Sum: 0, Workers: 8
[2025-06-17T23:19:05.994+0300][13852][2928 ][debug][gc,phases] GC(48)     Total                          Min: 0, Avg: 16.2, Max: 64, Diff: 64, Sum: 130, Workers: 8
[2025-06-17T23:19:05.994+0300][13852][2928 ][debug][gc,phases] GC(48)   JVMTI Tag Weak OopStorage      Min:  0.0, Avg:  0.0, Max:  0.0, Diff:  0.0, Sum:  0.0, Workers: 8
[2025-06-17T23:19:05.994+0300][13852][2928 ][debug][gc,phases] GC(48)     Dead                           Min: 0, Avg:  0.0, Max: 0, Diff: 0, Sum: 0, Workers: 8
[2025-06-17T23:19:05.994+0300][13852][2928 ][debug][gc,phases] GC(48)     Total                          Min: 0, Avg:  0.0, Max: 0, Diff: 0, Sum: 0, Workers: 8
[2025-06-17T23:19:05.994+0300][13852][2928 ][debug][gc,phases] GC(48)   StringTable Weak               Min:  0.0, Avg:  0.0, Max:  0.0, Diff:  0.0, Sum:  0.1, Workers: 8
[2025-06-17T23:19:05.994+0300][13852][2928 ][debug][gc,phases] GC(48)     Dead                           Min: 0, Avg:  0.0, Max: 0, Diff: 0, Sum: 0, Workers: 8
[2025-06-17T23:19:05.994+0300][13852][2928 ][debug][gc,phases] GC(48)     Total                          Min: 320, Avg: 784.8, Max: 1152, Diff: 832, Sum: 6278, Workers: 8
[2025-06-17T23:19:05.994+0300][13852][2928 ][debug][gc,phases] GC(48)   ResolvedMethodTable Weak       Min:  0.0, Avg:  0.0, Max:  0.0, Diff:  0.0, Sum:  0.0, Workers: 8
[2025-06-17T23:19:05.994+0300][13852][2928 ][debug][gc,phases] GC(48)     Dead                           Min: 0, Avg:  0.0, Max: 0, Diff: 0, Sum: 0, Workers: 8
[2025-06-17T23:19:05.994+0300][13852][2928 ][debug][gc,phases] GC(48)     Total                          Min: 59, Avg: 110.4, Max: 128, Diff: 69, Sum: 883, Workers: 8
[2025-06-17T23:19:05.994+0300][13852][2928 ][debug][gc,phases] GC(48)   JNI Weak                       Min:  0.0, Avg:  0.0, Max:  0.0, Diff:  0.0, Sum:  0.0, Workers: 8
[2025-06-17T23:19:05.994+0300][13852][2928 ][debug][gc,phases] GC(48)     Dead                           Min: 0, Avg:  0.0, Max: 0, Diff: 0, Sum: 0, Workers: 8
[2025-06-17T23:19:05.994+0300][13852][2928 ][debug][gc,phases] GC(48)     Total                          Min: 0, Avg:  0.0, Max: 0, Diff: 0, Sum: 0, Workers: 8
[2025-06-17T23:19:05.994+0300][13852][2928 ][debug][gc,phases] GC(48)   StringDedup Table Weak         Min:  0.0, Avg:  0.0, Max:  0.0, Diff:  0.0, Sum:  0.0, Workers: 8
[2025-06-17T23:19:05.994+0300][13852][2928 ][debug][gc,phases] GC(48)     Dead                           Min: 0, Avg:  0.0, Max: 0, Diff: 0, Sum: 0, Workers: 8
[2025-06-17T23:19:05.994+0300][13852][2928 ][debug][gc,phases] GC(48)     Total                          Min: 0, Avg:  0.0, Max: 0, Diff: 0, Sum: 0, Workers: 8
[2025-06-17T23:19:05.994+0300][13852][2928 ][debug][gc,phases] GC(48)   StringDedup Requests0 Weak     Min:  0.0, Avg:  0.0, Max:  0.0, Diff:  0.0, Sum:  0.0, Workers: 8
[2025-06-17T23:19:05.994+0300][13852][2928 ][debug][gc,phases] GC(48)     Dead                           Min: 0, Avg:  0.0, Max: 0, Diff: 0, Sum: 0, Workers: 8
[2025-06-17T23:19:05.994+0300][13852][2928 ][debug][gc,phases] GC(48)     Total                          Min: 0, Avg:  0.0, Max: 0, Diff: 0, Sum: 0, Workers: 8
[2025-06-17T23:19:05.994+0300][13852][2928 ][debug][gc,phases] GC(48)   StringDedup Requests1 Weak     Min:  0.0, Avg:  0.0, Max:  0.0, Diff:  0.0, Sum:  0.0, Workers: 8
[2025-06-17T23:19:05.994+0300][13852][2928 ][debug][gc,phases] GC(48)     Dead                           Min: 0, Avg:  0.0, Max: 0, Diff: 0, Sum: 0, Workers: 8
[2025-06-17T23:19:05.994+0300][13852][2928 ][debug][gc,phases] GC(48)     Total                          Min: 0, Avg:  0.0, Max: 0, Diff: 0, Sum: 0, Workers: 8
[2025-06-17T23:19:05.994+0300][13852][2928 ][debug][gc,phases] GC(48)   Weak JFR Old Object Samples    Min:  0.0, Avg:  0.0, Max:  0.0, Diff:  0.0, Sum:  0.0, Workers: 8
[2025-06-17T23:19:05.994+0300][13852][2928 ][debug][gc,phases] GC(48)     Dead                           Min: 0, Avg:  0.0, Max: 0, Diff: 0, Sum: 0, Workers: 8
[2025-06-17T23:19:05.994+0300][13852][2928 ][debug][gc,phases] GC(48)     Total                          Min: 0, Avg:  0.0, Max: 0, Diff: 0, Sum: 0, Workers: 8
[2025-06-17T23:19:05.994+0300][13852][2928 ][debug][gc,phases] GC(48) Weak Processing 0.606ms
[2025-06-17T23:19:05.994+0300][13852][2928 ][info ][gc,heap  ] GC(48) PSYoungGen: 693760K(696320K)->624K(695808K) Eden: 693248K(693248K)->0K(693248K) From: 512K(3072K)->624K(2560K)
[2025-06-17T23:19:05.994+0300][13852][2928 ][info ][gc,heap  ] GC(48) ParOldGen: 16676K(1398272K)->16740K(1398272K)
[2025-06-17T23:19:05.994+0300][13852][2928 ][info ][gc       ] GC(48) Pause Young (Allocation Failure) 693M->16M(2045M) 1.249ms
[2025-06-17T23:19:05.994+0300][13852][2928 ][debug][gc,heap  ] GC(48) Heap after GC invocations=49 (full 2):
[2025-06-17T23:19:05.994+0300][13852][2928 ][debug][gc,heap  ] GC(48)  PSYoungGen      total 695808K, used 624K [0x00000000d5580000, 0x0000000100000000, 0x0000000100000000)
[2025-06-17T23:19:05.994+0300][13852][2928 ][debug][gc,heap  ] GC(48)   eden space 693248K, 0% used [0x00000000d5580000,0x00000000d5580000,0x00000000ffa80000)
[2025-06-17T23:19:05.994+0300][13852][2928 ][debug][gc,heap  ] GC(48)   from space 2560K, 24% used [0x00000000ffa80000,0x00000000ffb1c0b0,0x00000000ffd00000)
[2025-06-17T23:19:05.994+0300][13852][2928 ][debug][gc,heap  ] GC(48)   to   space 2560K, 0% used [0x00000000ffd80000,0x00000000ffd80000,0x0000000100000000)
[2025-06-17T23:19:05.994+0300][13852][2928 ][debug][gc,heap  ] GC(48)  ParOldGen       total 1398272K, used 16740K [0x0000000080000000, 0x00000000d5580000, 0x00000000d5580000)
[2025-06-17T23:19:05.994+0300][13852][2928 ][debug][gc,heap  ] GC(48)   object space 1398272K, 1% used [0x0000000080000000,0x0000000081059258,0x00000000d5580000)
[2025-06-17T23:19:05.994+0300][13852][2928 ][debug][gc,heap  ] GC(48)  Metaspace       used 8731K, committed 9792K, reserved 1114112K
[2025-06-17T23:19:05.994+0300][13852][2928 ][debug][gc,heap  ] GC(48)   class space    used 873K, committed 1280K, reserved 1048576K
[2025-06-17T23:19:05.994+0300][13852][2928 ][info ][safepoint] Safepoint "ParallelGCFailedAllocation", Time since last: 220786400 ns, Reaching safepoint: 356800 ns, Cleanup: 11600 ns, At safepoint: 1915500 ns, Total: 2283900 ns
[2025-06-17T23:19:06.217+0300][13852][2928 ][debug][safepoint] Safepoint synchronization initiated using striped semaphore wait barrier. (19 threads)
[2025-06-17T23:19:06.217+0300][13852][5816 ][debug][safepoint] ... found polling page loop exception at pc = 0x0000012d12e96de0, stub =0x0000012d12894d80
[2025-06-17T23:19:06.217+0300][13852][20072][debug][safepoint] ... found polling page loop exception at pc = 0x0000012d12e96de0, stub =0x0000012d12894d80
[2025-06-17T23:19:06.217+0300][13852][7064 ][debug][safepoint] ... found polling page loop exception at pc = 0x0000012d12e96de0, stub =0x0000012d12894d80
[2025-06-17T23:19:06.217+0300][13852][18556][debug][safepoint] ... found polling page loop exception at pc = 0x0000012d12e96de0, stub =0x0000012d12894d80
[2025-06-17T23:19:06.217+0300][13852][21268][debug][safepoint] ... found polling page loop exception at pc = 0x0000012d12e96de0, stub =0x0000012d12894d80
[2025-06-17T23:19:06.217+0300][13852][10904][debug][safepoint] ... found polling page loop exception at pc = 0x0000012d12e96de0, stub =0x0000012d12894d80
[2025-06-17T23:19:06.217+0300][13852][1412 ][debug][safepoint] ... found polling page loop exception at pc = 0x0000012d12e96de0, stub =0x0000012d12894d80
[2025-06-17T23:19:06.217+0300][13852][2928 ][debug][gc,heap  ] GC(49) Heap before GC invocations=50 (full 2):
[2025-06-17T23:19:06.217+0300][13852][2928 ][debug][gc,heap  ] GC(49)  PSYoungGen      total 695808K, used 693872K [0x00000000d5580000, 0x0000000100000000, 0x0000000100000000)
[2025-06-17T23:19:06.217+0300][13852][2928 ][debug][gc,heap  ] GC(49)   eden space 693248K, 100% used [0x00000000d5580000,0x00000000ffa80000,0x00000000ffa80000)
[2025-06-17T23:19:06.217+0300][13852][2928 ][debug][gc,heap  ] GC(49)   from space 2560K, 24% used [0x00000000ffa80000,0x00000000ffb1c0b0,0x00000000ffd00000)
[2025-06-17T23:19:06.217+0300][13852][2928 ][debug][gc,heap  ] GC(49)   to   space 2560K, 0% used [0x00000000ffd80000,0x00000000ffd80000,0x0000000100000000)
[2025-06-17T23:19:06.217+0300][13852][2928 ][debug][gc,heap  ] GC(49)  ParOldGen       total 1398272K, used 16740K [0x0000000080000000, 0x00000000d5580000, 0x00000000d5580000)
[2025-06-17T23:19:06.217+0300][13852][2928 ][debug][gc,heap  ] GC(49)   object space 1398272K, 1% used [0x0000000080000000,0x0000000081059258,0x00000000d5580000)
[2025-06-17T23:19:06.217+0300][13852][2928 ][debug][gc,heap  ] GC(49)  Metaspace       used 8731K, committed 9792K, reserved 1114112K
[2025-06-17T23:19:06.217+0300][13852][2928 ][debug][gc,heap  ] GC(49)   class space    used 873K, committed 1280K, reserved 1048576K
[2025-06-17T23:19:06.219+0300][13852][2928 ][debug][gc,phases] GC(49) Scavenge 0.572ms
[2025-06-17T23:19:06.219+0300][13852][2928 ][debug][gc,phases] GC(49) Reference Processing 0.058ms
[2025-06-17T23:19:06.219+0300][13852][2928 ][debug][gc,phases] GC(49)   VM Weak                        Min:  0.0, Avg:  0.0, Max:  0.0, Diff:  0.0, Sum:  0.0, Workers: 8
[2025-06-17T23:19:06.219+0300][13852][2928 ][debug][gc,phases] GC(49)     Dead                           Min: 0, Avg:  0.0, Max: 0, Diff: 0, Sum: 0, Workers: 8
[2025-06-17T23:19:06.219+0300][13852][2928 ][debug][gc,phases] GC(49)     Total                          Min: 0, Avg: 15.4, Max: 73, Diff: 73, Sum: 123, Workers: 8
[2025-06-17T23:19:06.219+0300][13852][2928 ][debug][gc,phases] GC(49)   ObjectSynchronizer Weak        Min:  0.0, Avg:  0.0, Max:  0.0, Diff:  0.0, Sum:  0.0, Workers: 8
[2025-06-17T23:19:06.219+0300][13852][2928 ][debug][gc,phases] GC(49)     Dead                           Min: 0, Avg:  0.0, Max: 0, Diff: 0, Sum: 0, Workers: 8
[2025-06-17T23:19:06.219+0300][13852][2928 ][debug][gc,phases] GC(49)     Total                          Min: 0, Avg: 16.2, Max: 64, Diff: 64, Sum: 130, Workers: 8
[2025-06-17T23:19:06.219+0300][13852][2928 ][debug][gc,phases] GC(49)   JVMTI Tag Weak OopStorage      Min:  0.0, Avg:  0.0, Max:  0.0, Diff:  0.0, Sum:  0.0, Workers: 8
[2025-06-17T23:19:06.219+0300][13852][2928 ][debug][gc,phases] GC(49)     Dead                           Min: 0, Avg:  0.0, Max: 0, Diff: 0, Sum: 0, Workers: 8
[2025-06-17T23:19:06.219+0300][13852][2928 ][debug][gc,phases] GC(49)     Total                          Min: 0, Avg:  0.0, Max: 0, Diff: 0, Sum: 0, Workers: 8
[2025-06-17T23:19:06.219+0300][13852][2928 ][debug][gc,phases] GC(49)   StringTable Weak               Min:  0.0, Avg:  0.0, Max:  0.0, Diff:  0.0, Sum:  0.1, Workers: 8
[2025-06-17T23:19:06.219+0300][13852][2928 ][debug][gc,phases] GC(49)     Dead                           Min: 0, Avg:  0.0, Max: 0, Diff: 0, Sum: 0, Workers: 8
[2025-06-17T23:19:06.219+0300][13852][2928 ][debug][gc,phases] GC(49)     Total                          Min: 0, Avg: 784.8, Max: 1030, Diff: 1030, Sum: 6278, Workers: 8
[2025-06-17T23:19:06.219+0300][13852][2928 ][debug][gc,phases] GC(49)   ResolvedMethodTable Weak       Min:  0.0, Avg:  0.0, Max:  0.0, Diff:  0.0, Sum:  0.0, Workers: 8
[2025-06-17T23:19:06.219+0300][13852][2928 ][debug][gc,phases] GC(49)     Dead                           Min: 0, Avg:  0.0, Max: 0, Diff: 0, Sum: 0, Workers: 8
[2025-06-17T23:19:06.219+0300][13852][2928 ][debug][gc,phases] GC(49)     Total                          Min: 0, Avg: 110.4, Max: 186, Diff: 186, Sum: 883, Workers: 8
[2025-06-17T23:19:06.219+0300][13852][2928 ][debug][gc,phases] GC(49)   JNI Weak                       Min:  0.0, Avg:  0.0, Max:  0.0, Diff:  0.0, Sum:  0.0, Workers: 8
[2025-06-17T23:19:06.219+0300][13852][2928 ][debug][gc,phases] GC(49)     Dead                           Min: 0, Avg:  0.0, Max: 0, Diff: 0, Sum: 0, Workers: 8
[2025-06-17T23:19:06.219+0300][13852][2928 ][debug][gc,phases] GC(49)     Total                          Min: 0, Avg:  0.0, Max: 0, Diff: 0, Sum: 0, Workers: 8
[2025-06-17T23:19:06.219+0300][13852][2928 ][debug][gc,phases] GC(49)   StringDedup Table Weak         Min:  0.0, Avg:  0.0, Max:  0.0, Diff:  0.0, Sum:  0.0, Workers: 8
[2025-06-17T23:19:06.219+0300][13852][2928 ][debug][gc,phases] GC(49)     Dead                           Min: 0, Avg:  0.0, Max: 0, Diff: 0, Sum: 0, Workers: 8
[2025-06-17T23:19:06.219+0300][13852][2928 ][debug][gc,phases] GC(49)     Total                          Min: 0, Avg:  0.0, Max: 0, Diff: 0, Sum: 0, Workers: 8
[2025-06-17T23:19:06.219+0300][13852][2928 ][debug][gc,phases] GC(49)   StringDedup Requests0 Weak     Min:  0.0, Avg:  0.0, Max:  0.0, Diff:  0.0, Sum:  0.0, Workers: 8
[2025-06-17T23:19:06.219+0300][13852][2928 ][debug][gc,phases] GC(49)     Dead                           Min: 0, Avg:  0.0, Max: 0, Diff: 0, Sum: 0, Workers: 8
[2025-06-17T23:19:06.219+0300][13852][2928 ][debug][gc,phases] GC(49)     Total                          Min: 0, Avg:  0.0, Max: 0, Diff: 0, Sum: 0, Workers: 8
[2025-06-17T23:19:06.219+0300][13852][2928 ][debug][gc,phases] GC(49)   StringDedup Requests1 Weak     Min:  0.0, Avg:  0.0, Max:  0.0, Diff:  0.0, Sum:  0.0, Workers: 8
[2025-06-17T23:19:06.219+0300][13852][2928 ][debug][gc,phases] GC(49)     Dead                           Min: 0, Avg:  0.0, Max: 0, Diff: 0, Sum: 0, Workers: 8
[2025-06-17T23:19:06.219+0300][13852][2928 ][debug][gc,phases] GC(49)     Total                          Min: 0, Avg:  0.0, Max: 0, Diff: 0, Sum: 0, Workers: 8
[2025-06-17T23:19:06.219+0300][13852][2928 ][debug][gc,phases] GC(49)   Weak JFR Old Object Samples    Min:  0.0, Avg:  0.0, Max:  0.0, Diff:  0.0, Sum:  0.0, Workers: 8
[2025-06-17T23:19:06.219+0300][13852][2928 ][debug][gc,phases] GC(49)     Dead                           Min: 0, Avg:  0.0, Max: 0, Diff: 0, Sum: 0, Workers: 8
[2025-06-17T23:19:06.219+0300][13852][2928 ][debug][gc,phases] GC(49)     Total                          Min: 0, Avg:  0.0, Max: 0, Diff: 0, Sum: 0, Workers: 8
[2025-06-17T23:19:06.219+0300][13852][2928 ][debug][gc,phases] GC(49) Weak Processing 0.626ms
[2025-06-17T23:19:06.219+0300][13852][2928 ][info ][gc,heap  ] GC(49) PSYoungGen: 693872K(695808K)->576K(696320K) Eden: 693248K(693248K)->0K(693760K) From: 624K(2560K)->576K(2560K)
[2025-06-17T23:19:06.219+0300][13852][2928 ][info ][gc,heap  ] GC(49) ParOldGen: 16740K(1398272K)->16804K(1398272K)
[2025-06-17T23:19:06.219+0300][13852][2928 ][info ][gc       ] GC(49) Pause Young (Allocation Failure) 693M->16M(2045M) 1.421ms
[2025-06-17T23:19:06.219+0300][13852][2928 ][debug][gc,heap  ] GC(49) Heap after GC invocations=50 (full 2):
[2025-06-17T23:19:06.219+0300][13852][2928 ][debug][gc,heap  ] GC(49)  PSYoungGen      total 696320K, used 576K [0x00000000d5580000, 0x0000000100000000, 0x0000000100000000)
[2025-06-17T23:19:06.219+0300][13852][2928 ][debug][gc,heap  ] GC(49)   eden space 693760K, 0% used [0x00000000d5580000,0x00000000d5580000,0x00000000ffb00000)
[2025-06-17T23:19:06.219+0300][13852][2928 ][debug][gc,heap  ] GC(49)   from space 2560K, 22% used [0x00000000ffd80000,0x00000000ffe10100,0x0000000100000000)
[2025-06-17T23:19:06.219+0300][13852][2928 ][debug][gc,heap  ] GC(49)   to   space 2560K, 0% used [0x00000000ffb00000,0x00000000ffb00000,0x00000000ffd80000)
[2025-06-17T23:19:06.219+0300][13852][2928 ][debug][gc,heap  ] GC(49)  ParOldGen       total 1398272K, used 16804K [0x0000000080000000, 0x00000000d5580000, 0x00000000d5580000)
[2025-06-17T23:19:06.219+0300][13852][2928 ][debug][gc,heap  ] GC(49)   object space 1398272K, 1% used [0x0000000080000000,0x0000000081069258,0x00000000d5580000)
[2025-06-17T23:19:06.219+0300][13852][2928 ][debug][gc,heap  ] GC(49)  Metaspace       used 8731K, committed 9792K, reserved 1114112K
[2025-06-17T23:19:06.219+0300][13852][2928 ][debug][gc,heap  ] GC(49)   class space    used 873K, committed 1280K, reserved 1048576K
[2025-06-17T23:19:06.219+0300][13852][2928 ][info ][safepoint] Safepoint "ParallelGCFailedAllocation", Time since last: 220813800 ns, Reaching safepoint: 440400 ns, Cleanup: 7200 ns, At safepoint: 1896500 ns, Total: 2344100 ns
[2025-06-17T23:19:06.455+0300][13852][2928 ][debug][safepoint] Safepoint synchronization initiated using striped semaphore wait barrier. (19 threads)
[2025-06-17T23:19:06.455+0300][13852][1412 ][debug][safepoint] ... found polling page loop exception at pc = 0x0000012d12e96de0, stub =0x0000012d12894d80
[2025-06-17T23:19:06.455+0300][13852][15456][debug][safepoint] ... found polling page loop exception at pc = 0x0000012d12f38c28, stub =0x0000012d12894d80
[2025-06-17T23:19:06.455+0300][13852][7064 ][debug][safepoint] ... found polling page loop exception at pc = 0x0000012d12e96de0, stub =0x0000012d12894d80
[2025-06-17T23:19:06.455+0300][13852][20072][debug][safepoint] ... found polling page loop exception at pc = 0x0000012d12e96de0, stub =0x0000012d12894d80
[2025-06-17T23:19:06.455+0300][13852][2928 ][debug][gc,heap  ] GC(50) Heap before GC invocations=51 (full 2):
[2025-06-17T23:19:06.455+0300][13852][2928 ][debug][gc,heap  ] GC(50)  PSYoungGen      total 696320K, used 694336K [0x00000000d5580000, 0x0000000100000000, 0x0000000100000000)
[2025-06-17T23:19:06.455+0300][13852][2928 ][debug][gc,heap  ] GC(50)   eden space 693760K, 100% used [0x00000000d5580000,0x00000000ffb00000,0x00000000ffb00000)
[2025-06-17T23:19:06.455+0300][13852][2928 ][debug][gc,heap  ] GC(50)   from space 2560K, 22% used [0x00000000ffd80000,0x00000000ffe10100,0x0000000100000000)
[2025-06-17T23:19:06.455+0300][13852][2928 ][debug][gc,heap  ] GC(50)   to   space 2560K, 0% used [0x00000000ffb00000,0x00000000ffb00000,0x00000000ffd80000)
[2025-06-17T23:19:06.455+0300][13852][2928 ][debug][gc,heap  ] GC(50)  ParOldGen       total 1398272K, used 16804K [0x0000000080000000, 0x00000000d5580000, 0x00000000d5580000)
[2025-06-17T23:19:06.455+0300][13852][2928 ][debug][gc,heap  ] GC(50)   object space 1398272K, 1% used [0x0000000080000000,0x0000000081069258,0x00000000d5580000)
[2025-06-17T23:19:06.455+0300][13852][2928 ][debug][gc,heap  ] GC(50)  Metaspace       used 8731K, committed 9792K, reserved 1114112K
[2025-06-17T23:19:06.455+0300][13852][2928 ][debug][gc,heap  ] GC(50)   class space    used 873K, committed 1280K, reserved 1048576K
[2025-06-17T23:19:06.455+0300][13852][2928 ][debug][gc,phases] GC(50) Scavenge 0.327ms
[2025-06-17T23:19:06.455+0300][13852][2928 ][debug][gc,phases] GC(50) Reference Processing 0.055ms
[2025-06-17T23:19:06.455+0300][13852][2928 ][debug][gc,phases] GC(50)   VM Weak                        Min:  0.0, Avg:  0.0, Max:  0.0, Diff:  0.0, Sum:  0.0, Workers: 8
[2025-06-17T23:19:06.455+0300][13852][2928 ][debug][gc,phases] GC(50)     Dead                           Min: 0, Avg:  0.0, Max: 0, Diff: 0, Sum: 0, Workers: 8
[2025-06-17T23:19:06.455+0300][13852][2928 ][debug][gc,phases] GC(50)     Total                          Min: 0, Avg: 15.4, Max: 123, Diff: 123, Sum: 123, Workers: 8
[2025-06-17T23:19:06.455+0300][13852][2928 ][debug][gc,phases] GC(50)   ObjectSynchronizer Weak        Min:  0.0, Avg:  0.0, Max:  0.0, Diff:  0.0, Sum:  0.0, Workers: 8
[2025-06-17T23:19:06.455+0300][13852][2928 ][debug][gc,phases] GC(50)     Dead                           Min: 0, Avg:  0.0, Max: 0, Diff: 0, Sum: 0, Workers: 8
[2025-06-17T23:19:06.455+0300][13852][2928 ][debug][gc,phases] GC(50)     Total                          Min: 0, Avg: 16.2, Max: 128, Diff: 128, Sum: 130, Workers: 8
[2025-06-17T23:19:06.455+0300][13852][2928 ][debug][gc,phases] GC(50)   JVMTI Tag Weak OopStorage      Min:  0.0, Avg:  0.0, Max:  0.0, Diff:  0.0, Sum:  0.0, Workers: 8
[2025-06-17T23:19:06.455+0300][13852][2928 ][debug][gc,phases] GC(50)     Dead                           Min: 0, Avg:  0.0, Max: 0, Diff: 0, Sum: 0, Workers: 8
[2025-06-17T23:19:06.455+0300][13852][2928 ][debug][gc,phases] GC(50)     Total                          Min: 0, Avg:  0.0, Max: 0, Diff: 0, Sum: 0, Workers: 8
[2025-06-17T23:19:06.455+0300][13852][2928 ][debug][gc,phases] GC(50)   StringTable Weak               Min:  0.0, Avg:  0.0, Max:  0.0, Diff:  0.0, Sum:  0.1, Workers: 8
[2025-06-17T23:19:06.455+0300][13852][2928 ][debug][gc,phases] GC(50)     Dead                           Min: 0, Avg:  0.0, Max: 0, Diff: 0, Sum: 0, Workers: 8
[2025-06-17T23:19:06.455+0300][13852][2928 ][debug][gc,phases] GC(50)     Total                          Min: 0, Avg: 784.8, Max: 960, Diff: 960, Sum: 6278, Workers: 8
[2025-06-17T23:19:06.455+0300][13852][2928 ][debug][gc,phases] GC(50)   ResolvedMethodTable Weak       Min:  0.0, Avg:  0.0, Max:  0.0, Diff:  0.0, Sum:  0.0, Workers: 8
[2025-06-17T23:19:06.455+0300][13852][2928 ][debug][gc,phases] GC(50)     Dead                           Min: 0, Avg:  0.0, Max: 0, Diff: 0, Sum: 0, Workers: 8
[2025-06-17T23:19:06.455+0300][13852][2928 ][debug][gc,phases] GC(50)     Total                          Min: 0, Avg: 110.4, Max: 186, Diff: 186, Sum: 883, Workers: 8
[2025-06-17T23:19:06.455+0300][13852][2928 ][debug][gc,phases] GC(50)   JNI Weak                       Min:  0.0, Avg:  0.0, Max:  0.0, Diff:  0.0, Sum:  0.0, Workers: 8
[2025-06-17T23:19:06.455+0300][13852][2928 ][debug][gc,phases] GC(50)     Dead                           Min: 0, Avg:  0.0, Max: 0, Diff: 0, Sum: 0, Workers: 8
[2025-06-17T23:19:06.455+0300][13852][2928 ][debug][gc,phases] GC(50)     Total                          Min: 0, Avg:  0.0, Max: 0, Diff: 0, Sum: 0, Workers: 8
[2025-06-17T23:19:06.455+0300][13852][2928 ][debug][gc,phases] GC(50)   StringDedup Table Weak         Min:  0.0, Avg:  0.0, Max:  0.0, Diff:  0.0, Sum:  0.0, Workers: 8
[2025-06-17T23:19:06.455+0300][13852][2928 ][debug][gc,phases] GC(50)     Dead                           Min: 0, Avg:  0.0, Max: 0, Diff: 0, Sum: 0, Workers: 8
[2025-06-17T23:19:06.455+0300][13852][2928 ][debug][gc,phases] GC(50)     Total                          Min: 0, Avg:  0.0, Max: 0, Diff: 0, Sum: 0, Workers: 8
[2025-06-17T23:19:06.455+0300][13852][2928 ][debug][gc,phases] GC(50)   StringDedup Requests0 Weak     Min:  0.0, Avg:  0.0, Max:  0.0, Diff:  0.0, Sum:  0.0, Workers: 8
[2025-06-17T23:19:06.455+0300][13852][2928 ][debug][gc,phases] GC(50)     Dead                           Min: 0, Avg:  0.0, Max: 0, Diff: 0, Sum: 0, Workers: 8
[2025-06-17T23:19:06.455+0300][13852][2928 ][debug][gc,phases] GC(50)     Total                          Min: 0, Avg:  0.0, Max: 0, Diff: 0, Sum: 0, Workers: 8
[2025-06-17T23:19:06.455+0300][13852][2928 ][debug][gc,phases] GC(50)   StringDedup Requests1 Weak     Min:  0.0, Avg:  0.0, Max:  0.0, Diff:  0.0, Sum:  0.0, Workers: 8
[2025-06-17T23:19:06.455+0300][13852][2928 ][debug][gc,phases] GC(50)     Dead                           Min: 0, Avg:  0.0, Max: 0, Diff: 0, Sum: 0, Workers: 8
[2025-06-17T23:19:06.455+0300][13852][2928 ][debug][gc,phases] GC(50)     Total                          Min: 0, Avg:  0.0, Max: 0, Diff: 0, Sum: 0, Workers: 8
[2025-06-17T23:19:06.455+0300][13852][2928 ][debug][gc,phases] GC(50)   Weak JFR Old Object Samples    Min:  0.0, Avg:  0.0, Max:  0.0, Diff:  0.0, Sum:  0.0, Workers: 8
[2025-06-17T23:19:06.455+0300][13852][2928 ][debug][gc,phases] GC(50)     Dead                           Min: 0, Avg:  0.0, Max: 0, Diff: 0, Sum: 0, Workers: 8
[2025-06-17T23:19:06.455+0300][13852][2928 ][debug][gc,phases] GC(50)     Total                          Min: 0, Avg:  0.0, Max: 0, Diff: 0, Sum: 0, Workers: 8
[2025-06-17T23:19:06.455+0300][13852][2928 ][debug][gc,phases] GC(50) Weak Processing 0.605ms
[2025-06-17T23:19:06.455+0300][13852][2928 ][info ][gc,heap  ] GC(50) PSYoungGen: 694336K(696320K)->544K(696320K) Eden: 693760K(693760K)->0K(693760K) From: 576K(2560K)->544K(2560K)
[2025-06-17T23:19:06.455+0300][13852][2928 ][info ][gc,heap  ] GC(50) ParOldGen: 16804K(1398272K)->16860K(1398272K)
[2025-06-17T23:19:06.455+0300][13852][2928 ][info ][gc       ] GC(50) Pause Young (Allocation Failure) 694M->16M(2045M) 1.142ms
[2025-06-17T23:19:06.455+0300][13852][2928 ][debug][gc,heap  ] GC(50) Heap after GC invocations=51 (full 2):
[2025-06-17T23:19:06.455+0300][13852][2928 ][debug][gc,heap  ] GC(50)  PSYoungGen      total 696320K, used 544K [0x00000000d5580000, 0x0000000100000000, 0x0000000100000000)
[2025-06-17T23:19:06.455+0300][13852][2928 ][debug][gc,heap  ] GC(50)   eden space 693760K, 0% used [0x00000000d5580000,0x00000000d5580000,0x00000000ffb00000)
[2025-06-17T23:19:06.455+0300][13852][2928 ][debug][gc,heap  ] GC(50)   from space 2560K, 21% used [0x00000000ffb00000,0x00000000ffb880c0,0x00000000ffd80000)
[2025-06-17T23:19:06.455+0300][13852][2928 ][debug][gc,heap  ] GC(50)   to   space 2560K, 0% used [0x00000000ffd80000,0x00000000ffd80000,0x0000000100000000)
[2025-06-17T23:19:06.455+0300][13852][2928 ][debug][gc,heap  ] GC(50)  ParOldGen       total 1398272K, used 16860K [0x0000000080000000, 0x00000000d5580000, 0x00000000d5580000)
[2025-06-17T23:19:06.455+0300][13852][2928 ][debug][gc,heap  ] GC(50)   object space 1398272K, 1% used [0x0000000080000000,0x0000000081077258,0x00000000d5580000)
[2025-06-17T23:19:06.455+0300][13852][2928 ][debug][gc,heap  ] GC(50)  Metaspace       used 8731K, committed 9792K, reserved 1114112K
[2025-06-17T23:19:06.455+0300][13852][2928 ][debug][gc,heap  ] GC(50)   class space    used 873K, committed 1280K, reserved 1048576K
[2025-06-17T23:19:06.455+0300][13852][2928 ][info ][safepoint] Safepoint "ParallelGCFailedAllocation", Time since last: 235005500 ns, Reaching safepoint: 362100 ns, Cleanup: 6800 ns, At safepoint: 1545400 ns, Total: 1914300 ns
[2025-06-17T23:19:06.680+0300][13852][2928 ][debug][safepoint] Safepoint synchronization initiated using striped semaphore wait barrier. (19 threads)
[2025-06-17T23:19:06.680+0300][13852][5816 ][debug][safepoint] ... found polling page loop exception at pc = 0x0000012d12e96de0, stub =0x0000012d12894d80
[2025-06-17T23:19:06.680+0300][13852][7064 ][debug][safepoint] ... found polling page loop exception at pc = 0x0000012d12e96de0, stub =0x0000012d12894d80
[2025-06-17T23:19:06.680+0300][13852][10904][debug][safepoint] ... found polling page loop exception at pc = 0x0000012d12e96de0, stub =0x0000012d12894d80
[2025-06-17T23:19:06.680+0300][13852][1412 ][debug][safepoint] ... found polling page loop exception at pc = 0x0000012d12e96de0, stub =0x0000012d12894d80
[2025-06-17T23:19:06.680+0300][13852][20072][debug][safepoint] ... found polling page loop exception at pc = 0x0000012d12e96de0, stub =0x0000012d12894d80
[2025-06-17T23:19:06.680+0300][13852][15456][debug][safepoint] ... found polling page loop exception at pc = 0x0000012d12e96de0, stub =0x0000012d12894d80
[2025-06-17T23:19:06.680+0300][13852][21268][debug][safepoint] ... found polling page loop exception at pc = 0x0000012d12e96de0, stub =0x0000012d12894d80
[2025-06-17T23:19:06.680+0300][13852][2928 ][debug][gc,heap  ] GC(51) Heap before GC invocations=52 (full 2):
[2025-06-17T23:19:06.680+0300][13852][2928 ][debug][gc,heap  ] GC(51)  PSYoungGen      total 696320K, used 694304K [0x00000000d5580000, 0x0000000100000000, 0x0000000100000000)
[2025-06-17T23:19:06.680+0300][13852][2928 ][debug][gc,heap  ] GC(51)   eden space 693760K, 100% used [0x00000000d5580000,0x00000000ffb00000,0x00000000ffb00000)
[2025-06-17T23:19:06.680+0300][13852][2928 ][debug][gc,heap  ] GC(51)   from space 2560K, 21% used [0x00000000ffb00000,0x00000000ffb880c0,0x00000000ffd80000)
[2025-06-17T23:19:06.680+0300][13852][2928 ][debug][gc,heap  ] GC(51)   to   space 2560K, 0% used [0x00000000ffd80000,0x00000000ffd80000,0x0000000100000000)
[2025-06-17T23:19:06.680+0300][13852][2928 ][debug][gc,heap  ] GC(51)  ParOldGen       total 1398272K, used 16860K [0x0000000080000000, 0x00000000d5580000, 0x00000000d5580000)
[2025-06-17T23:19:06.680+0300][13852][2928 ][debug][gc,heap  ] GC(51)   object space 1398272K, 1% used [0x0000000080000000,0x0000000081077258,0x00000000d5580000)
[2025-06-17T23:19:06.680+0300][13852][2928 ][debug][gc,heap  ] GC(51)  Metaspace       used 8731K, committed 9792K, reserved 1114112K
[2025-06-17T23:19:06.680+0300][13852][2928 ][debug][gc,heap  ] GC(51)   class space    used 873K, committed 1280K, reserved 1048576K
[2025-06-17T23:19:06.680+0300][13852][2928 ][debug][gc,phases] GC(51) Scavenge 0.395ms
[2025-06-17T23:19:06.680+0300][13852][2928 ][debug][gc,phases] GC(51) Reference Processing 0.050ms
[2025-06-17T23:19:06.680+0300][13852][2928 ][debug][gc,phases] GC(51)   VM Weak                        Min:  0.0, Avg:  0.0, Max:  0.0, Diff:  0.0, Sum:  0.0, Workers: 8
[2025-06-17T23:19:06.680+0300][13852][2928 ][debug][gc,phases] GC(51)     Dead                           Min: 0, Avg:  0.0, Max: 0, Diff: 0, Sum: 0, Workers: 8
[2025-06-17T23:19:06.680+0300][13852][2928 ][debug][gc,phases] GC(51)     Total                          Min: 0, Avg: 15.4, Max: 102, Diff: 102, Sum: 123, Workers: 8
[2025-06-17T23:19:06.680+0300][13852][2928 ][debug][gc,phases] GC(51)   ObjectSynchronizer Weak        Min:  0.0, Avg:  0.0, Max:  0.0, Diff:  0.0, Sum:  0.0, Workers: 8
[2025-06-17T23:19:06.680+0300][13852][2928 ][debug][gc,phases] GC(51)     Dead                           Min: 0, Avg:  0.0, Max: 0, Diff: 0, Sum: 0, Workers: 8
[2025-06-17T23:19:06.680+0300][13852][2928 ][debug][gc,phases] GC(51)     Total                          Min: 0, Avg: 16.2, Max: 66, Diff: 66, Sum: 130, Workers: 8
[2025-06-17T23:19:06.680+0300][13852][2928 ][debug][gc,phases] GC(51)   JVMTI Tag Weak OopStorage      Min:  0.0, Avg:  0.0, Max:  0.0, Diff:  0.0, Sum:  0.0, Workers: 8
[2025-06-17T23:19:06.680+0300][13852][2928 ][debug][gc,phases] GC(51)     Dead                           Min: 0, Avg:  0.0, Max: 0, Diff: 0, Sum: 0, Workers: 8
[2025-06-17T23:19:06.680+0300][13852][2928 ][debug][gc,phases] GC(51)     Total                          Min: 0, Avg:  0.0, Max: 0, Diff: 0, Sum: 0, Workers: 8
[2025-06-17T23:19:06.680+0300][13852][2928 ][debug][gc,phases] GC(51)   StringTable Weak               Min:  0.0, Avg:  0.0, Max:  0.0, Diff:  0.0, Sum:  0.1, Workers: 8
[2025-06-17T23:19:06.680+0300][13852][2928 ][debug][gc,phases] GC(51)     Dead                           Min: 0, Avg:  0.0, Max: 0, Diff: 0, Sum: 0, Workers: 8
[2025-06-17T23:19:06.680+0300][13852][2928 ][debug][gc,phases] GC(51)     Total                          Min: 640, Avg: 784.8, Max: 1024, Diff: 384, Sum: 6278, Workers: 8
[2025-06-17T23:19:06.680+0300][13852][2928 ][debug][gc,phases] GC(51)   ResolvedMethodTable Weak       Min:  0.0, Avg:  0.0, Max:  0.0, Diff:  0.0, Sum:  0.0, Workers: 8
[2025-06-17T23:19:06.680+0300][13852][2928 ][debug][gc,phases] GC(51)     Dead                           Min: 0, Avg:  0.0, Max: 0, Diff: 0, Sum: 0, Workers: 8
[2025-06-17T23:19:06.680+0300][13852][2928 ][debug][gc,phases] GC(51)     Total                          Min: 63, Avg: 110.4, Max: 128, Diff: 65, Sum: 883, Workers: 8
[2025-06-17T23:19:06.680+0300][13852][2928 ][debug][gc,phases] GC(51)   JNI Weak                       Min:  0.0, Avg:  0.0, Max:  0.0, Diff:  0.0, Sum:  0.0, Workers: 8
[2025-06-17T23:19:06.680+0300][13852][2928 ][debug][gc,phases] GC(51)     Dead                           Min: 0, Avg:  0.0, Max: 0, Diff: 0, Sum: 0, Workers: 8
[2025-06-17T23:19:06.680+0300][13852][2928 ][debug][gc,phases] GC(51)     Total                          Min: 0, Avg:  0.0, Max: 0, Diff: 0, Sum: 0, Workers: 8
[2025-06-17T23:19:06.680+0300][13852][2928 ][debug][gc,phases] GC(51)   StringDedup Table Weak         Min:  0.0, Avg:  0.0, Max:  0.0, Diff:  0.0, Sum:  0.0, Workers: 8
[2025-06-17T23:19:06.680+0300][13852][2928 ][debug][gc,phases] GC(51)     Dead                           Min: 0, Avg:  0.0, Max: 0, Diff: 0, Sum: 0, Workers: 8
[2025-06-17T23:19:06.680+0300][13852][2928 ][debug][gc,phases] GC(51)     Total                          Min: 0, Avg:  0.0, Max: 0, Diff: 0, Sum: 0, Workers: 8
[2025-06-17T23:19:06.680+0300][13852][2928 ][debug][gc,phases] GC(51)   StringDedup Requests0 Weak     Min:  0.0, Avg:  0.0, Max:  0.0, Diff:  0.0, Sum:  0.0, Workers: 8
[2025-06-17T23:19:06.680+0300][13852][2928 ][debug][gc,phases] GC(51)     Dead                           Min: 0, Avg:  0.0, Max: 0, Diff: 0, Sum: 0, Workers: 8
[2025-06-17T23:19:06.680+0300][13852][2928 ][debug][gc,phases] GC(51)     Total                          Min: 0, Avg:  0.0, Max: 0, Diff: 0, Sum: 0, Workers: 8
[2025-06-17T23:19:06.680+0300][13852][2928 ][debug][gc,phases] GC(51)   StringDedup Requests1 Weak     Min:  0.0, Avg:  0.0, Max:  0.0, Diff:  0.0, Sum:  0.0, Workers: 8
[2025-06-17T23:19:06.680+0300][13852][2928 ][debug][gc,phases] GC(51)     Dead                           Min: 0, Avg:  0.0, Max: 0, Diff: 0, Sum: 0, Workers: 8
[2025-06-17T23:19:06.680+0300][13852][2928 ][debug][gc,phases] GC(51)     Total                          Min: 0, Avg:  0.0, Max: 0, Diff: 0, Sum: 0, Workers: 8
[2025-06-17T23:19:06.680+0300][13852][2928 ][debug][gc,phases] GC(51)   Weak JFR Old Object Samples    Min:  0.0, Avg:  0.0, Max:  0.0, Diff:  0.0, Sum:  0.0, Workers: 8
[2025-06-17T23:19:06.680+0300][13852][2928 ][debug][gc,phases] GC(51)     Dead                           Min: 0, Avg:  0.0, Max: 0, Diff: 0, Sum: 0, Workers: 8
[2025-06-17T23:19:06.680+0300][13852][2928 ][debug][gc,phases] GC(51)     Total                          Min: 0, Avg:  0.0, Max: 0, Diff: 0, Sum: 0, Workers: 8
[2025-06-17T23:19:06.680+0300][13852][2928 ][debug][gc,phases] GC(51) Weak Processing 0.581ms
[2025-06-17T23:19:06.680+0300][13852][2928 ][info ][gc,heap  ] GC(51) PSYoungGen: 694304K(696320K)->560K(696832K) Eden: 693760K(693760K)->0K(694272K) From: 544K(2560K)->560K(2560K)
[2025-06-17T23:19:06.680+0300][13852][2928 ][info ][gc,heap  ] GC(51) ParOldGen: 16860K(1398272K)->16916K(1398272K)
[2025-06-17T23:19:06.680+0300][13852][2928 ][info ][gc       ] GC(51) Pause Young (Allocation Failure) 694M->17M(2046M) 1.161ms
[2025-06-17T23:19:06.680+0300][13852][2928 ][debug][gc,heap  ] GC(51) Heap after GC invocations=52 (full 2):
[2025-06-17T23:19:06.680+0300][13852][2928 ][debug][gc,heap  ] GC(51)  PSYoungGen      total 696832K, used 560K [0x00000000d5580000, 0x0000000100000000, 0x0000000100000000)
[2025-06-17T23:19:06.680+0300][13852][2928 ][debug][gc,heap  ] GC(51)   eden space 694272K, 0% used [0x00000000d5580000,0x00000000d5580000,0x00000000ffb80000)
[2025-06-17T23:19:06.680+0300][13852][2928 ][debug][gc,heap  ] GC(51)   from space 2560K, 21% used [0x00000000ffd80000,0x00000000ffe0c0f0,0x0000000100000000)
[2025-06-17T23:19:06.680+0300][13852][2928 ][debug][gc,heap  ] GC(51)   to   space 2048K, 0% used [0x00000000ffb80000,0x00000000ffb80000,0x00000000ffd80000)
[2025-06-17T23:19:06.680+0300][13852][2928 ][debug][gc,heap  ] GC(51)  ParOldGen       total 1398272K, used 16916K [0x0000000080000000, 0x00000000d5580000, 0x00000000d5580000)
[2025-06-17T23:19:06.680+0300][13852][2928 ][debug][gc,heap  ] GC(51)   object space 1398272K, 1% used [0x0000000080000000,0x0000000081085258,0x00000000d5580000)
[2025-06-17T23:19:06.680+0300][13852][2928 ][debug][gc,heap  ] GC(51)  Metaspace       used 8731K, committed 9792K, reserved 1114112K
[2025-06-17T23:19:06.680+0300][13852][2928 ][debug][gc,heap  ] GC(51)   class space    used 873K, committed 1280K, reserved 1048576K
[2025-06-17T23:19:06.680+0300][13852][2928 ][info ][safepoint] Safepoint "ParallelGCFailedAllocation", Time since last: 224183700 ns, Reaching safepoint: 447900 ns, Cleanup: 6900 ns, At safepoint: 1557400 ns, Total: 2012200 ns
[2025-06-17T23:19:06.914+0300][13852][2928 ][debug][safepoint] Safepoint synchronization initiated using striped semaphore wait barrier. (19 threads)
[2025-06-17T23:19:06.914+0300][13852][21268][debug][safepoint] ... found polling page loop exception at pc = 0x0000012d12e96de0, stub =0x0000012d12894d80
[2025-06-17T23:19:06.914+0300][13852][15456][debug][safepoint] ... found polling page loop exception at pc = 0x0000012d12e96de0, stub =0x0000012d12894d80
[2025-06-17T23:19:06.914+0300][13852][20072][debug][safepoint] ... found polling page loop exception at pc = 0x0000012d12e96de0, stub =0x0000012d12894d80
[2025-06-17T23:19:06.914+0300][13852][1412 ][debug][safepoint] ... found polling page loop exception at pc = 0x0000012d12e96de0, stub =0x0000012d12894d80
[2025-06-17T23:19:06.914+0300][13852][2928 ][debug][gc,heap  ] GC(52) Heap before GC invocations=53 (full 2):
[2025-06-17T23:19:06.914+0300][13852][2928 ][debug][gc,heap  ] GC(52)  PSYoungGen      total 696832K, used 694832K [0x00000000d5580000, 0x0000000100000000, 0x0000000100000000)
[2025-06-17T23:19:06.914+0300][13852][2928 ][debug][gc,heap  ] GC(52)   eden space 694272K, 100% used [0x00000000d5580000,0x00000000ffb80000,0x00000000ffb80000)
[2025-06-17T23:19:06.914+0300][13852][2928 ][debug][gc,heap  ] GC(52)   from space 2560K, 21% used [0x00000000ffd80000,0x00000000ffe0c0f0,0x0000000100000000)
[2025-06-17T23:19:06.914+0300][13852][2928 ][debug][gc,heap  ] GC(52)   to   space 2048K, 0% used [0x00000000ffb80000,0x00000000ffb80000,0x00000000ffd80000)
[2025-06-17T23:19:06.914+0300][13852][2928 ][debug][gc,heap  ] GC(52)  ParOldGen       total 1398272K, used 16916K [0x0000000080000000, 0x00000000d5580000, 0x00000000d5580000)
[2025-06-17T23:19:06.914+0300][13852][2928 ][debug][gc,heap  ] GC(52)   object space 1398272K, 1% used [0x0000000080000000,0x0000000081085258,0x00000000d5580000)
[2025-06-17T23:19:06.914+0300][13852][2928 ][debug][gc,heap  ] GC(52)  Metaspace       used 8731K, committed 9792K, reserved 1114112K
[2025-06-17T23:19:06.914+0300][13852][2928 ][debug][gc,heap  ] GC(52)   class space    used 873K, committed 1280K, reserved 1048576K
[2025-06-17T23:19:06.914+0300][13852][2928 ][debug][gc,phases] GC(52) Scavenge 0.415ms
[2025-06-17T23:19:06.914+0300][13852][2928 ][debug][gc,phases] GC(52) Reference Processing 0.080ms
[2025-06-17T23:19:06.914+0300][13852][2928 ][debug][gc,phases] GC(52)   VM Weak                        Min:  0.0, Avg:  0.0, Max:  0.0, Diff:  0.0, Sum:  0.0, Workers: 8
[2025-06-17T23:19:06.914+0300][13852][2928 ][debug][gc,phases] GC(52)     Dead                           Min: 0, Avg:  0.0, Max: 0, Diff: 0, Sum: 0, Workers: 8
[2025-06-17T23:19:06.914+0300][13852][2928 ][debug][gc,phases] GC(52)     Total                          Min: 0, Avg: 15.4, Max: 73, Diff: 73, Sum: 123, Workers: 8
[2025-06-17T23:19:06.914+0300][13852][2928 ][debug][gc,phases] GC(52)   ObjectSynchronizer Weak        Min:  0.0, Avg:  0.0, Max:  0.0, Diff:  0.0, Sum:  0.0, Workers: 8
[2025-06-17T23:19:06.914+0300][13852][2928 ][debug][gc,phases] GC(52)     Dead                           Min: 0, Avg:  0.0, Max: 0, Diff: 0, Sum: 0, Workers: 8
[2025-06-17T23:19:06.914+0300][13852][2928 ][debug][gc,phases] GC(52)     Total                          Min: 0, Avg: 16.2, Max: 64, Diff: 64, Sum: 130, Workers: 8
[2025-06-17T23:19:06.914+0300][13852][2928 ][debug][gc,phases] GC(52)   JVMTI Tag Weak OopStorage      Min:  0.0, Avg:  0.0, Max:  0.0, Diff:  0.0, Sum:  0.0, Workers: 8
[2025-06-17T23:19:06.914+0300][13852][2928 ][debug][gc,phases] GC(52)     Dead                           Min: 0, Avg:  0.0, Max: 0, Diff: 0, Sum: 0, Workers: 8
[2025-06-17T23:19:06.914+0300][13852][2928 ][debug][gc,phases] GC(52)     Total                          Min: 0, Avg:  0.0, Max: 0, Diff: 0, Sum: 0, Workers: 8
[2025-06-17T23:19:06.914+0300][13852][2928 ][debug][gc,phases] GC(52)   StringTable Weak               Min:  0.0, Avg:  0.0, Max:  0.0, Diff:  0.0, Sum:  0.1, Workers: 8
[2025-06-17T23:19:06.914+0300][13852][2928 ][debug][gc,phases] GC(52)     Dead                           Min: 0, Avg:  0.0, Max: 0, Diff: 0, Sum: 0, Workers: 8
[2025-06-17T23:19:06.914+0300][13852][2928 ][debug][gc,phases] GC(52)     Total                          Min: 0, Avg: 784.8, Max: 1216, Diff: 1216, Sum: 6278, Workers: 8
[2025-06-17T23:19:06.914+0300][13852][2928 ][debug][gc,phases] GC(52)   ResolvedMethodTable Weak       Min:  0.0, Avg:  0.0, Max:  0.0, Diff:  0.0, Sum:  0.0, Workers: 8
[2025-06-17T23:19:06.914+0300][13852][2928 ][debug][gc,phases] GC(52)     Dead                           Min: 0, Avg:  0.0, Max: 0, Diff: 0, Sum: 0, Workers: 8
[2025-06-17T23:19:06.914+0300][13852][2928 ][debug][gc,phases] GC(52)     Total                          Min: 0, Avg: 110.4, Max: 190, Diff: 190, Sum: 883, Workers: 8
[2025-06-17T23:19:06.914+0300][13852][2928 ][debug][gc,phases] GC(52)   JNI Weak                       Min:  0.0, Avg:  0.0, Max:  0.0, Diff:  0.0, Sum:  0.0, Workers: 8
[2025-06-17T23:19:06.914+0300][13852][2928 ][debug][gc,phases] GC(52)     Dead                           Min: 0, Avg:  0.0, Max: 0, Diff: 0, Sum: 0, Workers: 8
[2025-06-17T23:19:06.914+0300][13852][2928 ][debug][gc,phases] GC(52)     Total                          Min: 0, Avg:  0.0, Max: 0, Diff: 0, Sum: 0, Workers: 8
[2025-06-17T23:19:06.914+0300][13852][2928 ][debug][gc,phases] GC(52)   StringDedup Table Weak         Min:  0.0, Avg:  0.0, Max:  0.0, Diff:  0.0, Sum:  0.0, Workers: 8
[2025-06-17T23:19:06.914+0300][13852][2928 ][debug][gc,phases] GC(52)     Dead                           Min: 0, Avg:  0.0, Max: 0, Diff: 0, Sum: 0, Workers: 8
[2025-06-17T23:19:06.914+0300][13852][2928 ][debug][gc,phases] GC(52)     Total                          Min: 0, Avg:  0.0, Max: 0, Diff: 0, Sum: 0, Workers: 8
[2025-06-17T23:19:06.914+0300][13852][2928 ][debug][gc,phases] GC(52)   StringDedup Requests0 Weak     Min:  0.0, Avg:  0.0, Max:  0.0, Diff:  0.0, Sum:  0.0, Workers: 8
[2025-06-17T23:19:06.914+0300][13852][2928 ][debug][gc,phases] GC(52)     Dead                           Min: 0, Avg:  0.0, Max: 0, Diff: 0, Sum: 0, Workers: 8
[2025-06-17T23:19:06.914+0300][13852][2928 ][debug][gc,phases] GC(52)     Total                          Min: 0, Avg:  0.0, Max: 0, Diff: 0, Sum: 0, Workers: 8
[2025-06-17T23:19:06.914+0300][13852][2928 ][debug][gc,phases] GC(52)   StringDedup Requests1 Weak     Min:  0.0, Avg:  0.0, Max:  0.0, Diff:  0.0, Sum:  0.0, Workers: 8
[2025-06-17T23:19:06.914+0300][13852][2928 ][debug][gc,phases] GC(52)     Dead                           Min: 0, Avg:  0.0, Max: 0, Diff: 0, Sum: 0, Workers: 8
[2025-06-17T23:19:06.914+0300][13852][2928 ][debug][gc,phases] GC(52)     Total                          Min: 0, Avg:  0.0, Max: 0, Diff: 0, Sum: 0, Workers: 8
[2025-06-17T23:19:06.914+0300][13852][2928 ][debug][gc,phases] GC(52)   Weak JFR Old Object Samples    Min:  0.0, Avg:  0.0, Max:  0.0, Diff:  0.0, Sum:  0.0, Workers: 8
[2025-06-17T23:19:06.914+0300][13852][2928 ][debug][gc,phases] GC(52)     Dead                           Min: 0, Avg:  0.0, Max: 0, Diff: 0, Sum: 0, Workers: 8
[2025-06-17T23:19:06.914+0300][13852][2928 ][debug][gc,phases] GC(52)     Total                          Min: 0, Avg:  0.0, Max: 0, Diff: 0, Sum: 0, Workers: 8
[2025-06-17T23:19:06.914+0300][13852][2928 ][debug][gc,phases] GC(52) Weak Processing 0.933ms
[2025-06-17T23:19:06.914+0300][13852][2928 ][info ][gc,heap  ] GC(52) PSYoungGen: 694832K(696832K)->544K(696320K) Eden: 694272K(694272K)->0K(694272K) From: 560K(2560K)->544K(2048K)
[2025-06-17T23:19:06.914+0300][13852][2928 ][info ][gc,heap  ] GC(52) ParOldGen: 16916K(1398272K)->16980K(1398272K)
[2025-06-17T23:19:06.914+0300][13852][2928 ][info ][gc       ] GC(52) Pause Young (Allocation Failure) 695M->17M(2045M) 1.632ms
[2025-06-17T23:19:06.914+0300][13852][2928 ][debug][gc,heap  ] GC(52) Heap after GC invocations=53 (full 2):
[2025-06-17T23:19:06.914+0300][13852][2928 ][debug][gc,heap  ] GC(52)  PSYoungGen      total 696320K, used 544K [0x00000000d5580000, 0x0000000100000000, 0x0000000100000000)
[2025-06-17T23:19:06.914+0300][13852][2928 ][debug][gc,heap  ] GC(52)   eden space 694272K, 0% used [0x00000000d5580000,0x00000000d5580000,0x00000000ffb80000)
[2025-06-17T23:19:06.914+0300][13852][2928 ][debug][gc,heap  ] GC(52)   from space 2048K, 26% used [0x00000000ffb80000,0x00000000ffc08080,0x00000000ffd80000)
[2025-06-17T23:19:06.914+0300][13852][2928 ][debug][gc,heap  ] GC(52)   to   space 2048K, 0% used [0x00000000ffe00000,0x00000000ffe00000,0x0000000100000000)
[2025-06-17T23:19:06.914+0300][13852][2928 ][debug][gc,heap  ] GC(52)  ParOldGen       total 1398272K, used 16980K [0x0000000080000000, 0x00000000d5580000, 0x00000000d5580000)
[2025-06-17T23:19:06.914+0300][13852][2928 ][debug][gc,heap  ] GC(52)   object space 1398272K, 1% used [0x0000000080000000,0x0000000081095258,0x00000000d5580000)
[2025-06-17T23:19:06.914+0300][13852][2928 ][debug][gc,heap  ] GC(52)  Metaspace       used 8731K, committed 9792K, reserved 1114112K
[2025-06-17T23:19:06.914+0300][13852][2928 ][debug][gc,heap  ] GC(52)   class space    used 873K, committed 1280K, reserved 1048576K
[2025-06-17T23:19:06.914+0300][13852][2928 ][info ][safepoint] Safepoint "ParallelGCFailedAllocation", Time since last: 230694600 ns, Reaching safepoint: 371700 ns, Cleanup: 10100 ns, At safepoint: 2181000 ns, Total: 2562800 ns
[2025-06-17T23:19:07.155+0300][13852][2928 ][debug][safepoint] Safepoint synchronization initiated using striped semaphore wait barrier. (19 threads)
[2025-06-17T23:19:07.155+0300][13852][5816 ][debug][safepoint] ... found polling page loop exception at pc = 0x0000012d12e96de0, stub =0x0000012d12894d80
[2025-06-17T23:19:07.155+0300][13852][15456][debug][safepoint] ... found polling page loop exception at pc = 0x0000012d12e96de0, stub =0x0000012d12894d80
[2025-06-17T23:19:07.155+0300][13852][21268][debug][safepoint] ... found polling page loop exception at pc = 0x0000012d12e96de0, stub =0x0000012d12894d80
[2025-06-17T23:19:07.155+0300][13852][18556][debug][safepoint] ... found polling page loop exception at pc = 0x0000012d12e96de0, stub =0x0000012d12894d80
[2025-06-17T23:19:07.155+0300][13852][2928 ][debug][gc,heap  ] GC(53) Heap before GC invocations=54 (full 2):
[2025-06-17T23:19:07.155+0300][13852][2928 ][debug][gc,heap  ] GC(53)  PSYoungGen      total 696320K, used 694816K [0x00000000d5580000, 0x0000000100000000, 0x0000000100000000)
[2025-06-17T23:19:07.155+0300][13852][2928 ][debug][gc,heap  ] GC(53)   eden space 694272K, 100% used [0x00000000d5580000,0x00000000ffb80000,0x00000000ffb80000)
[2025-06-17T23:19:07.155+0300][13852][2928 ][debug][gc,heap  ] GC(53)   from space 2048K, 26% used [0x00000000ffb80000,0x00000000ffc08080,0x00000000ffd80000)
[2025-06-17T23:19:07.155+0300][13852][2928 ][debug][gc,heap  ] GC(53)   to   space 2048K, 0% used [0x00000000ffe00000,0x00000000ffe00000,0x0000000100000000)
[2025-06-17T23:19:07.155+0300][13852][2928 ][debug][gc,heap  ] GC(53)  ParOldGen       total 1398272K, used 16980K [0x0000000080000000, 0x00000000d5580000, 0x00000000d5580000)
[2025-06-17T23:19:07.155+0300][13852][2928 ][debug][gc,heap  ] GC(53)   object space 1398272K, 1% used [0x0000000080000000,0x0000000081095258,0x00000000d5580000)
[2025-06-17T23:19:07.155+0300][13852][2928 ][debug][gc,heap  ] GC(53)  Metaspace       used 8731K, committed 9792K, reserved 1114112K
[2025-06-17T23:19:07.155+0300][13852][2928 ][debug][gc,heap  ] GC(53)   class space    used 873K, committed 1280K, reserved 1048576K
[2025-06-17T23:19:07.155+0300][13852][2928 ][debug][gc,phases] GC(53) Scavenge 0.531ms
[2025-06-17T23:19:07.155+0300][13852][2928 ][debug][gc,phases] GC(53) Reference Processing 0.070ms
[2025-06-17T23:19:07.155+0300][13852][2928 ][debug][gc,phases] GC(53)   VM Weak                        Min:  0.0, Avg:  0.0, Max:  0.0, Diff:  0.0, Sum:  0.0, Workers: 8
[2025-06-17T23:19:07.155+0300][13852][2928 ][debug][gc,phases] GC(53)     Dead                           Min: 0, Avg:  0.0, Max: 0, Diff: 0, Sum: 0, Workers: 8
[2025-06-17T23:19:07.155+0300][13852][2928 ][debug][gc,phases] GC(53)     Total                          Min: 0, Avg: 15.4, Max: 102, Diff: 102, Sum: 123, Workers: 8
[2025-06-17T23:19:07.155+0300][13852][2928 ][debug][gc,phases] GC(53)   ObjectSynchronizer Weak        Min:  0.0, Avg:  0.0, Max:  0.0, Diff:  0.0, Sum:  0.0, Workers: 8
[2025-06-17T23:19:07.155+0300][13852][2928 ][debug][gc,phases] GC(53)     Dead                           Min: 0, Avg:  0.0, Max: 0, Diff: 0, Sum: 0, Workers: 8
[2025-06-17T23:19:07.155+0300][13852][2928 ][debug][gc,phases] GC(53)     Total                          Min: 0, Avg: 16.2, Max: 66, Diff: 66, Sum: 130, Workers: 8
[2025-06-17T23:19:07.155+0300][13852][2928 ][debug][gc,phases] GC(53)   JVMTI Tag Weak OopStorage      Min:  0.0, Avg:  0.0, Max:  0.0, Diff:  0.0, Sum:  0.0, Workers: 8
[2025-06-17T23:19:07.155+0300][13852][2928 ][debug][gc,phases] GC(53)     Dead                           Min: 0, Avg:  0.0, Max: 0, Diff: 0, Sum: 0, Workers: 8
[2025-06-17T23:19:07.155+0300][13852][2928 ][debug][gc,phases] GC(53)     Total                          Min: 0, Avg:  0.0, Max: 0, Diff: 0, Sum: 0, Workers: 8
[2025-06-17T23:19:07.155+0300][13852][2928 ][debug][gc,phases] GC(53)   StringTable Weak               Min:  0.0, Avg:  0.0, Max:  0.0, Diff:  0.0, Sum:  0.1, Workers: 8
[2025-06-17T23:19:07.155+0300][13852][2928 ][debug][gc,phases] GC(53)     Dead                           Min: 0, Avg:  0.0, Max: 0, Diff: 0, Sum: 0, Workers: 8
[2025-06-17T23:19:07.155+0300][13852][2928 ][debug][gc,phases] GC(53)     Total                          Min: 0, Avg: 784.8, Max: 1280, Diff: 1280, Sum: 6278, Workers: 8
[2025-06-17T23:19:07.155+0300][13852][2928 ][debug][gc,phases] GC(53)   ResolvedMethodTable Weak       Min:  0.0, Avg:  0.0, Max:  0.0, Diff:  0.0, Sum:  0.0, Workers: 8
[2025-06-17T23:19:07.155+0300][13852][2928 ][debug][gc,phases] GC(53)     Dead                           Min: 0, Avg:  0.0, Max: 0, Diff: 0, Sum: 0, Workers: 8
[2025-06-17T23:19:07.155+0300][13852][2928 ][debug][gc,phases] GC(53)     Total                          Min: 0, Avg: 110.4, Max: 191, Diff: 191, Sum: 883, Workers: 8
[2025-06-17T23:19:07.155+0300][13852][2928 ][debug][gc,phases] GC(53)   JNI Weak                       Min:  0.0, Avg:  0.0, Max:  0.0, Diff:  0.0, Sum:  0.0, Workers: 8
[2025-06-17T23:19:07.155+0300][13852][2928 ][debug][gc,phases] GC(53)     Dead                           Min: 0, Avg:  0.0, Max: 0, Diff: 0, Sum: 0, Workers: 8
[2025-06-17T23:19:07.155+0300][13852][2928 ][debug][gc,phases] GC(53)     Total                          Min: 0, Avg:  0.0, Max: 0, Diff: 0, Sum: 0, Workers: 8
[2025-06-17T23:19:07.155+0300][13852][2928 ][debug][gc,phases] GC(53)   StringDedup Table Weak         Min:  0.0, Avg:  0.0, Max:  0.0, Diff:  0.0, Sum:  0.0, Workers: 8
[2025-06-17T23:19:07.155+0300][13852][2928 ][debug][gc,phases] GC(53)     Dead                           Min: 0, Avg:  0.0, Max: 0, Diff: 0, Sum: 0, Workers: 8
[2025-06-17T23:19:07.155+0300][13852][2928 ][debug][gc,phases] GC(53)     Total                          Min: 0, Avg:  0.0, Max: 0, Diff: 0, Sum: 0, Workers: 8
[2025-06-17T23:19:07.155+0300][13852][2928 ][debug][gc,phases] GC(53)   StringDedup Requests0 Weak     Min:  0.0, Avg:  0.0, Max:  0.0, Diff:  0.0, Sum:  0.0, Workers: 8
[2025-06-17T23:19:07.155+0300][13852][2928 ][debug][gc,phases] GC(53)     Dead                           Min: 0, Avg:  0.0, Max: 0, Diff: 0, Sum: 0, Workers: 8
[2025-06-17T23:19:07.155+0300][13852][2928 ][debug][gc,phases] GC(53)     Total                          Min: 0, Avg:  0.0, Max: 0, Diff: 0, Sum: 0, Workers: 8
[2025-06-17T23:19:07.155+0300][13852][2928 ][debug][gc,phases] GC(53)   StringDedup Requests1 Weak     Min:  0.0, Avg:  0.0, Max:  0.0, Diff:  0.0, Sum:  0.0, Workers: 8
[2025-06-17T23:19:07.155+0300][13852][2928 ][debug][gc,phases] GC(53)     Dead                           Min: 0, Avg:  0.0, Max: 0, Diff: 0, Sum: 0, Workers: 8
[2025-06-17T23:19:07.155+0300][13852][2928 ][debug][gc,phases] GC(53)     Total                          Min: 0, Avg:  0.0, Max: 0, Diff: 0, Sum: 0, Workers: 8
[2025-06-17T23:19:07.155+0300][13852][2928 ][debug][gc,phases] GC(53)   Weak JFR Old Object Samples    Min:  0.0, Avg:  0.0, Max:  0.0, Diff:  0.0, Sum:  0.0, Workers: 8
[2025-06-17T23:19:07.155+0300][13852][2928 ][debug][gc,phases] GC(53)     Dead                           Min: 0, Avg:  0.0, Max: 0, Diff: 0, Sum: 0, Workers: 8
[2025-06-17T23:19:07.155+0300][13852][2928 ][debug][gc,phases] GC(53)     Total                          Min: 0, Avg:  0.0, Max: 0, Diff: 0, Sum: 0, Workers: 8
[2025-06-17T23:19:07.155+0300][13852][2928 ][debug][gc,phases] GC(53) Weak Processing 0.623ms
[2025-06-17T23:19:07.155+0300][13852][2928 ][info ][gc,heap  ] GC(53) PSYoungGen: 694816K(696320K)->528K(696832K) Eden: 694272K(694272K)->0K(694784K) From: 544K(2048K)->528K(2048K)
[2025-06-17T23:19:07.155+0300][13852][2928 ][info ][gc,heap  ] GC(53) ParOldGen: 16980K(1398272K)->17012K(1398272K)
[2025-06-17T23:19:07.155+0300][13852][2928 ][info ][gc       ] GC(53) Pause Young (Allocation Failure) 695M->17M(2046M) 1.386ms
[2025-06-17T23:19:07.155+0300][13852][2928 ][debug][gc,heap  ] GC(53) Heap after GC invocations=54 (full 2):
[2025-06-17T23:19:07.155+0300][13852][2928 ][debug][gc,heap  ] GC(53)  PSYoungGen      total 696832K, used 528K [0x00000000d5580000, 0x0000000100000000, 0x0000000100000000)
[2025-06-17T23:19:07.155+0300][13852][2928 ][debug][gc,heap  ] GC(53)   eden space 694784K, 0% used [0x00000000d5580000,0x00000000d5580000,0x00000000ffc00000)
[2025-06-17T23:19:07.155+0300][13852][2928 ][debug][gc,heap  ] GC(53)   from space 2048K, 25% used [0x00000000ffe00000,0x00000000ffe840f0,0x0000000100000000)
[2025-06-17T23:19:07.155+0300][13852][2928 ][debug][gc,heap  ] GC(53)   to   space 2048K, 0% used [0x00000000ffc00000,0x00000000ffc00000,0x00000000ffe00000)
[2025-06-17T23:19:07.155+0300][13852][2928 ][debug][gc,heap  ] GC(53)  ParOldGen       total 1398272K, used 17012K [0x0000000080000000, 0x00000000d5580000, 0x00000000d5580000)
[2025-06-17T23:19:07.155+0300][13852][2928 ][debug][gc,heap  ] GC(53)   object space 1398272K, 1% used [0x0000000080000000,0x000000008109d258,0x00000000d5580000)
[2025-06-17T23:19:07.155+0300][13852][2928 ][debug][gc,heap  ] GC(53)  Metaspace       used 8731K, committed 9792K, reserved 1114112K
[2025-06-17T23:19:07.155+0300][13852][2928 ][debug][gc,heap  ] GC(53)   class space    used 873K, committed 1280K, reserved 1048576K
[2025-06-17T23:19:07.155+0300][13852][2928 ][info ][safepoint] Safepoint "ParallelGCFailedAllocation", Time since last: 238296500 ns, Reaching safepoint: 284900 ns, Cleanup: 7200 ns, At safepoint: 1898400 ns, Total: 2190500 ns
[2025-06-17T23:19:07.383+0300][13852][2928 ][debug][safepoint] Safepoint synchronization initiated using striped semaphore wait barrier. (19 threads)
[2025-06-17T23:19:07.383+0300][13852][18556][debug][safepoint] ... found polling page loop exception at pc = 0x0000012d13081a3e, stub =0x0000012d12894d80
[2025-06-17T23:19:07.383+0300][13852][5816 ][debug][safepoint] ... found polling page loop exception at pc = 0x0000012d12e96de0, stub =0x0000012d12894d80
[2025-06-17T23:19:07.383+0300][13852][21268][debug][safepoint] ... found polling page loop exception at pc = 0x0000012d13081a3e, stub =0x0000012d12894d80
[2025-06-17T23:19:07.383+0300][13852][2928 ][debug][gc,heap  ] GC(54) Heap before GC invocations=55 (full 2):
[2025-06-17T23:19:07.383+0300][13852][2928 ][debug][gc,heap  ] GC(54)  PSYoungGen      total 696832K, used 695312K [0x00000000d5580000, 0x0000000100000000, 0x0000000100000000)
[2025-06-17T23:19:07.383+0300][13852][2928 ][debug][gc,heap  ] GC(54)   eden space 694784K, 100% used [0x00000000d5580000,0x00000000ffc00000,0x00000000ffc00000)
[2025-06-17T23:19:07.383+0300][13852][2928 ][debug][gc,heap  ] GC(54)   from space 2048K, 25% used [0x00000000ffe00000,0x00000000ffe840f0,0x0000000100000000)
[2025-06-17T23:19:07.383+0300][13852][2928 ][debug][gc,heap  ] GC(54)   to   space 2048K, 0% used [0x00000000ffc00000,0x00000000ffc00000,0x00000000ffe00000)
[2025-06-17T23:19:07.383+0300][13852][2928 ][debug][gc,heap  ] GC(54)  ParOldGen       total 1398272K, used 17012K [0x0000000080000000, 0x00000000d5580000, 0x00000000d5580000)
[2025-06-17T23:19:07.383+0300][13852][2928 ][debug][gc,heap  ] GC(54)   object space 1398272K, 1% used [0x0000000080000000,0x000000008109d258,0x00000000d5580000)
[2025-06-17T23:19:07.383+0300][13852][2928 ][debug][gc,heap  ] GC(54)  Metaspace       used 8731K, committed 9792K, reserved 1114112K
[2025-06-17T23:19:07.383+0300][13852][2928 ][debug][gc,heap  ] GC(54)   class space    used 873K, committed 1280K, reserved 1048576K
[2025-06-17T23:19:07.385+0300][13852][2928 ][debug][gc,phases] GC(54) Scavenge 0.350ms
[2025-06-17T23:19:07.385+0300][13852][2928 ][debug][gc,phases] GC(54) Reference Processing 0.059ms
[2025-06-17T23:19:07.385+0300][13852][2928 ][debug][gc,phases] GC(54)   VM Weak                        Min:  0.0, Avg:  0.0, Max:  0.0, Diff:  0.0, Sum:  0.0, Workers: 8
[2025-06-17T23:19:07.385+0300][13852][2928 ][debug][gc,phases] GC(54)     Dead                           Min: 0, Avg:  0.0, Max: 0, Diff: 0, Sum: 0, Workers: 8
[2025-06-17T23:19:07.385+0300][13852][2928 ][debug][gc,phases] GC(54)     Total                          Min: 0, Avg: 15.4, Max: 82, Diff: 82, Sum: 123, Workers: 8
[2025-06-17T23:19:07.385+0300][13852][2928 ][debug][gc,phases] GC(54)   ObjectSynchronizer Weak        Min:  0.0, Avg:  0.0, Max:  0.0, Diff:  0.0, Sum:  0.0, Workers: 8
[2025-06-17T23:19:07.385+0300][13852][2928 ][debug][gc,phases] GC(54)     Dead                           Min: 0, Avg:  0.0, Max: 0, Diff: 0, Sum: 0, Workers: 8
[2025-06-17T23:19:07.385+0300][13852][2928 ][debug][gc,phases] GC(54)     Total                          Min: 0, Avg: 16.2, Max: 66, Diff: 66, Sum: 130, Workers: 8
[2025-06-17T23:19:07.385+0300][13852][2928 ][debug][gc,phases] GC(54)   JVMTI Tag Weak OopStorage      Min:  0.0, Avg:  0.0, Max:  0.0, Diff:  0.0, Sum:  0.0, Workers: 8
[2025-06-17T23:19:07.385+0300][13852][2928 ][debug][gc,phases] GC(54)     Dead                           Min: 0, Avg:  0.0, Max: 0, Diff: 0, Sum: 0, Workers: 8
[2025-06-17T23:19:07.385+0300][13852][2928 ][debug][gc,phases] GC(54)     Total                          Min: 0, Avg:  0.0, Max: 0, Diff: 0, Sum: 0, Workers: 8
[2025-06-17T23:19:07.385+0300][13852][2928 ][debug][gc,phases] GC(54)   StringTable Weak               Min:  0.0, Avg:  0.0, Max:  0.0, Diff:  0.0, Sum:  0.1, Workers: 8
[2025-06-17T23:19:07.385+0300][13852][2928 ][debug][gc,phases] GC(54)     Dead                           Min: 0, Avg:  0.0, Max: 0, Diff: 0, Sum: 0, Workers: 8
[2025-06-17T23:19:07.385+0300][13852][2928 ][debug][gc,phases] GC(54)     Total                          Min: 0, Avg: 784.8, Max: 1408, Diff: 1408, Sum: 6278, Workers: 8
[2025-06-17T23:19:07.385+0300][13852][2928 ][debug][gc,phases] GC(54)   ResolvedMethodTable Weak       Min:  0.0, Avg:  0.0, Max:  0.0, Diff:  0.0, Sum:  0.0, Workers: 8
[2025-06-17T23:19:07.385+0300][13852][2928 ][debug][gc,phases] GC(54)     Dead                           Min: 0, Avg:  0.0, Max: 0, Diff: 0, Sum: 0, Workers: 8
[2025-06-17T23:19:07.385+0300][13852][2928 ][debug][gc,phases] GC(54)     Total                          Min: 0, Avg: 110.4, Max: 191, Diff: 191, Sum: 883, Workers: 8
[2025-06-17T23:19:07.385+0300][13852][2928 ][debug][gc,phases] GC(54)   JNI Weak                       Min:  0.0, Avg:  0.0, Max:  0.0, Diff:  0.0, Sum:  0.0, Workers: 8
[2025-06-17T23:19:07.385+0300][13852][2928 ][debug][gc,phases] GC(54)     Dead                           Min: 0, Avg:  0.0, Max: 0, Diff: 0, Sum: 0, Workers: 8
[2025-06-17T23:19:07.385+0300][13852][2928 ][debug][gc,phases] GC(54)     Total                          Min: 0, Avg:  0.0, Max: 0, Diff: 0, Sum: 0, Workers: 8
[2025-06-17T23:19:07.385+0300][13852][2928 ][debug][gc,phases] GC(54)   StringDedup Table Weak         Min:  0.0, Avg:  0.0, Max:  0.0, Diff:  0.0, Sum:  0.0, Workers: 8
[2025-06-17T23:19:07.385+0300][13852][2928 ][debug][gc,phases] GC(54)     Dead                           Min: 0, Avg:  0.0, Max: 0, Diff: 0, Sum: 0, Workers: 8
[2025-06-17T23:19:07.385+0300][13852][2928 ][debug][gc,phases] GC(54)     Total                          Min: 0, Avg:  0.0, Max: 0, Diff: 0, Sum: 0, Workers: 8
[2025-06-17T23:19:07.385+0300][13852][2928 ][debug][gc,phases] GC(54)   StringDedup Requests0 Weak     Min:  0.0, Avg:  0.0, Max:  0.0, Diff:  0.0, Sum:  0.0, Workers: 8
[2025-06-17T23:19:07.385+0300][13852][2928 ][debug][gc,phases] GC(54)     Dead                           Min: 0, Avg:  0.0, Max: 0, Diff: 0, Sum: 0, Workers: 8
[2025-06-17T23:19:07.385+0300][13852][2928 ][debug][gc,phases] GC(54)     Total                          Min: 0, Avg:  0.0, Max: 0, Diff: 0, Sum: 0, Workers: 8
[2025-06-17T23:19:07.385+0300][13852][2928 ][debug][gc,phases] GC(54)   StringDedup Requests1 Weak     Min:  0.0, Avg:  0.0, Max:  0.0, Diff:  0.0, Sum:  0.0, Workers: 8
[2025-06-17T23:19:07.385+0300][13852][2928 ][debug][gc,phases] GC(54)     Dead                           Min: 0, Avg:  0.0, Max: 0, Diff: 0, Sum: 0, Workers: 8
[2025-06-17T23:19:07.385+0300][13852][2928 ][debug][gc,phases] GC(54)     Total                          Min: 0, Avg:  0.0, Max: 0, Diff: 0, Sum: 0, Workers: 8
[2025-06-17T23:19:07.385+0300][13852][2928 ][debug][gc,phases] GC(54)   Weak JFR Old Object Samples    Min:  0.0, Avg:  0.0, Max:  0.0, Diff:  0.0, Sum:  0.0, Workers: 8
[2025-06-17T23:19:07.385+0300][13852][2928 ][debug][gc,phases] GC(54)     Dead                           Min: 0, Avg:  0.0, Max: 0, Diff: 0, Sum: 0, Workers: 8
[2025-06-17T23:19:07.385+0300][13852][2928 ][debug][gc,phases] GC(54)     Total                          Min: 0, Avg:  0.0, Max: 0, Diff: 0, Sum: 0, Workers: 8
[2025-06-17T23:19:07.385+0300][13852][2928 ][debug][gc,phases] GC(54) Weak Processing 0.760ms
[2025-06-17T23:19:07.386+0300][13852][2928 ][info ][gc,heap  ] GC(54) PSYoungGen: 695312K(696832K)->544K(696832K) Eden: 694784K(694784K)->0K(694784K) From: 528K(2048K)->544K(2048K)
[2025-06-17T23:19:07.386+0300][13852][2928 ][info ][gc,heap  ] GC(54) ParOldGen: 17012K(1398272K)->17068K(1398272K)
[2025-06-17T23:19:07.386+0300][13852][2928 ][info ][gc       ] GC(54) Pause Young (Allocation Failure) 695M->17M(2046M) 1.356ms
[2025-06-17T23:19:07.386+0300][13852][2928 ][debug][gc,heap  ] GC(54) Heap after GC invocations=55 (full 2):
[2025-06-17T23:19:07.386+0300][13852][2928 ][debug][gc,heap  ] GC(54)  PSYoungGen      total 696832K, used 544K [0x00000000d5580000, 0x0000000100000000, 0x0000000100000000)
[2025-06-17T23:19:07.386+0300][13852][2928 ][debug][gc,heap  ] GC(54)   eden space 694784K, 0% used [0x00000000d5580000,0x00000000d5580000,0x00000000ffc00000)
[2025-06-17T23:19:07.386+0300][13852][2928 ][debug][gc,heap  ] GC(54)   from space 2048K, 26% used [0x00000000ffc00000,0x00000000ffc880c0,0x00000000ffe00000)
[2025-06-17T23:19:07.386+0300][13852][2928 ][debug][gc,heap  ] GC(54)   to   space 2048K, 0% used [0x00000000ffe00000,0x00000000ffe00000,0x0000000100000000)
[2025-06-17T23:19:07.386+0300][13852][2928 ][debug][gc,heap  ] GC(54)  ParOldGen       total 1398272K, used 17068K [0x0000000080000000, 0x00000000d5580000, 0x00000000d5580000)
[2025-06-17T23:19:07.386+0300][13852][2928 ][debug][gc,heap  ] GC(54)   object space 1398272K, 1% used [0x0000000080000000,0x00000000810ab258,0x00000000d5580000)
[2025-06-17T23:19:07.386+0300][13852][2928 ][debug][gc,heap  ] GC(54)  Metaspace       used 8731K, committed 9792K, reserved 1114112K
[2025-06-17T23:19:07.386+0300][13852][2928 ][debug][gc,heap  ] GC(54)   class space    used 873K, committed 1280K, reserved 1048576K
[2025-06-17T23:19:07.386+0300][13852][2928 ][info ][safepoint] Safepoint "ParallelGCFailedAllocation", Time since last: 226518500 ns, Reaching safepoint: 312800 ns, Cleanup: 9000 ns, At safepoint: 1828100 ns, Total: 2149900 ns
[2025-06-17T23:19:07.618+0300][13852][2928 ][debug][safepoint] Safepoint synchronization initiated using striped semaphore wait barrier. (19 threads)
[2025-06-17T23:19:07.618+0300][13852][20072][debug][safepoint] ... found polling page loop exception at pc = 0x0000012d12f044fa, stub =0x0000012d12895600
[2025-06-17T23:19:07.618+0300][13852][7064 ][debug][safepoint] ... found polling page loop exception at pc = 0x0000012d12e96de0, stub =0x0000012d12894d80
[2025-06-17T23:19:07.618+0300][13852][15456][debug][safepoint] ... found polling page loop exception at pc = 0x0000012d12e96de0, stub =0x0000012d12894d80
[2025-06-17T23:19:07.618+0300][13852][1412 ][debug][safepoint] ... found polling page loop exception at pc = 0x0000012d12e96de0, stub =0x0000012d12894d80
[2025-06-17T23:19:07.618+0300][13852][2928 ][debug][gc,heap  ] GC(55) Heap before GC invocations=56 (full 2):
[2025-06-17T23:19:07.618+0300][13852][2928 ][debug][gc,heap  ] GC(55)  PSYoungGen      total 696832K, used 695328K [0x00000000d5580000, 0x0000000100000000, 0x0000000100000000)
[2025-06-17T23:19:07.618+0300][13852][2928 ][debug][gc,heap  ] GC(55)   eden space 694784K, 100% used [0x00000000d5580000,0x00000000ffc00000,0x00000000ffc00000)
[2025-06-17T23:19:07.618+0300][13852][2928 ][debug][gc,heap  ] GC(55)   from space 2048K, 26% used [0x00000000ffc00000,0x00000000ffc880c0,0x00000000ffe00000)
[2025-06-17T23:19:07.618+0300][13852][2928 ][debug][gc,heap  ] GC(55)   to   space 2048K, 0% used [0x00000000ffe00000,0x00000000ffe00000,0x0000000100000000)
[2025-06-17T23:19:07.618+0300][13852][2928 ][debug][gc,heap  ] GC(55)  ParOldGen       total 1398272K, used 17068K [0x0000000080000000, 0x00000000d5580000, 0x00000000d5580000)
[2025-06-17T23:19:07.618+0300][13852][2928 ][debug][gc,heap  ] GC(55)   object space 1398272K, 1% used [0x0000000080000000,0x00000000810ab258,0x00000000d5580000)
[2025-06-17T23:19:07.618+0300][13852][2928 ][debug][gc,heap  ] GC(55)  Metaspace       used 8731K, committed 9792K, reserved 1114112K
[2025-06-17T23:19:07.618+0300][13852][2928 ][debug][gc,heap  ] GC(55)   class space    used 873K, committed 1280K, reserved 1048576K
[2025-06-17T23:19:07.618+0300][13852][2928 ][debug][gc,phases] GC(55) Scavenge 0.393ms
[2025-06-17T23:19:07.618+0300][13852][2928 ][debug][gc,phases] GC(55) Reference Processing 0.056ms
[2025-06-17T23:19:07.618+0300][13852][2928 ][debug][gc,phases] GC(55)   VM Weak                        Min:  0.0, Avg:  0.0, Max:  0.0, Diff:  0.0, Sum:  0.0, Workers: 8
[2025-06-17T23:19:07.618+0300][13852][2928 ][debug][gc,phases] GC(55)     Dead                           Min: 0, Avg:  0.0, Max: 0, Diff: 0, Sum: 0, Workers: 8
[2025-06-17T23:19:07.618+0300][13852][2928 ][debug][gc,phases] GC(55)     Total                          Min: 0, Avg: 15.4, Max: 114, Diff: 114, Sum: 123, Workers: 8
[2025-06-17T23:19:07.618+0300][13852][2928 ][debug][gc,phases] GC(55)   ObjectSynchronizer Weak        Min:  0.0, Avg:  0.0, Max:  0.0, Diff:  0.0, Sum:  0.0, Workers: 8
[2025-06-17T23:19:07.618+0300][13852][2928 ][debug][gc,phases] GC(55)     Dead                           Min: 0, Avg:  0.0, Max: 0, Diff: 0, Sum: 0, Workers: 8
[2025-06-17T23:19:07.618+0300][13852][2928 ][debug][gc,phases] GC(55)     Total                          Min: 0, Avg: 16.2, Max: 64, Diff: 64, Sum: 130, Workers: 8
[2025-06-17T23:19:07.618+0300][13852][2928 ][debug][gc,phases] GC(55)   JVMTI Tag Weak OopStorage      Min:  0.0, Avg:  0.0, Max:  0.0, Diff:  0.0, Sum:  0.0, Workers: 8
[2025-06-17T23:19:07.618+0300][13852][2928 ][debug][gc,phases] GC(55)     Dead                           Min: 0, Avg:  0.0, Max: 0, Diff: 0, Sum: 0, Workers: 8
[2025-06-17T23:19:07.618+0300][13852][2928 ][debug][gc,phases] GC(55)     Total                          Min: 0, Avg:  0.0, Max: 0, Diff: 0, Sum: 0, Workers: 8
[2025-06-17T23:19:07.618+0300][13852][2928 ][debug][gc,phases] GC(55)   StringTable Weak               Min:  0.0, Avg:  0.0, Max:  0.0, Diff:  0.0, Sum:  0.1, Workers: 8
[2025-06-17T23:19:07.618+0300][13852][2928 ][debug][gc,phases] GC(55)     Dead                           Min: 0, Avg:  0.0, Max: 0, Diff: 0, Sum: 0, Workers: 8
[2025-06-17T23:19:07.618+0300][13852][2928 ][debug][gc,phases] GC(55)     Total                          Min: 0, Avg: 784.8, Max: 960, Diff: 960, Sum: 6278, Workers: 8
[2025-06-17T23:19:07.618+0300][13852][2928 ][debug][gc,phases] GC(55)   ResolvedMethodTable Weak       Min:  0.0, Avg:  0.0, Max:  0.0, Diff:  0.0, Sum:  0.0, Workers: 8
[2025-06-17T23:19:07.618+0300][13852][2928 ][debug][gc,phases] GC(55)     Dead                           Min: 0, Avg:  0.0, Max: 0, Diff: 0, Sum: 0, Workers: 8
[2025-06-17T23:19:07.618+0300][13852][2928 ][debug][gc,phases] GC(55)     Total                          Min: 0, Avg: 110.4, Max: 186, Diff: 186, Sum: 883, Workers: 8
[2025-06-17T23:19:07.618+0300][13852][2928 ][debug][gc,phases] GC(55)   JNI Weak                       Min:  0.0, Avg:  0.0, Max:  0.0, Diff:  0.0, Sum:  0.0, Workers: 8
[2025-06-17T23:19:07.618+0300][13852][2928 ][debug][gc,phases] GC(55)     Dead                           Min: 0, Avg:  0.0, Max: 0, Diff: 0, Sum: 0, Workers: 8
[2025-06-17T23:19:07.618+0300][13852][2928 ][debug][gc,phases] GC(55)     Total                          Min: 0, Avg:  0.0, Max: 0, Diff: 0, Sum: 0, Workers: 8
[2025-06-17T23:19:07.618+0300][13852][2928 ][debug][gc,phases] GC(55)   StringDedup Table Weak         Min:  0.0, Avg:  0.0, Max:  0.0, Diff:  0.0, Sum:  0.0, Workers: 8
[2025-06-17T23:19:07.618+0300][13852][2928 ][debug][gc,phases] GC(55)     Dead                           Min: 0, Avg:  0.0, Max: 0, Diff: 0, Sum: 0, Workers: 8
[2025-06-17T23:19:07.618+0300][13852][2928 ][debug][gc,phases] GC(55)     Total                          Min: 0, Avg:  0.0, Max: 0, Diff: 0, Sum: 0, Workers: 8
[2025-06-17T23:19:07.618+0300][13852][2928 ][debug][gc,phases] GC(55)   StringDedup Requests0 Weak     Min:  0.0, Avg:  0.0, Max:  0.0, Diff:  0.0, Sum:  0.0, Workers: 8
[2025-06-17T23:19:07.618+0300][13852][2928 ][debug][gc,phases] GC(55)     Dead                           Min: 0, Avg:  0.0, Max: 0, Diff: 0, Sum: 0, Workers: 8
[2025-06-17T23:19:07.618+0300][13852][2928 ][debug][gc,phases] GC(55)     Total                          Min: 0, Avg:  0.0, Max: 0, Diff: 0, Sum: 0, Workers: 8
[2025-06-17T23:19:07.618+0300][13852][2928 ][debug][gc,phases] GC(55)   StringDedup Requests1 Weak     Min:  0.0, Avg:  0.0, Max:  0.0, Diff:  0.0, Sum:  0.0, Workers: 8
[2025-06-17T23:19:07.618+0300][13852][2928 ][debug][gc,phases] GC(55)     Dead                           Min: 0, Avg:  0.0, Max: 0, Diff: 0, Sum: 0, Workers: 8
[2025-06-17T23:19:07.618+0300][13852][2928 ][debug][gc,phases] GC(55)     Total                          Min: 0, Avg:  0.0, Max: 0, Diff: 0, Sum: 0, Workers: 8
[2025-06-17T23:19:07.618+0300][13852][2928 ][debug][gc,phases] GC(55)   Weak JFR Old Object Samples    Min:  0.0, Avg:  0.0, Max:  0.0, Diff:  0.0, Sum:  0.0, Workers: 8
[2025-06-17T23:19:07.618+0300][13852][2928 ][debug][gc,phases] GC(55)     Dead                           Min: 0, Avg:  0.0, Max: 0, Diff: 0, Sum: 0, Workers: 8
[2025-06-17T23:19:07.618+0300][13852][2928 ][debug][gc,phases] GC(55)     Total                          Min: 0, Avg:  0.0, Max: 0, Diff: 0, Sum: 0, Workers: 8
[2025-06-17T23:19:07.618+0300][13852][2928 ][debug][gc,phases] GC(55) Weak Processing 1.020ms
[2025-06-17T23:19:07.618+0300][13852][2928 ][info ][gc,heap  ] GC(55) PSYoungGen: 695328K(696832K)->528K(696832K) Eden: 694784K(694784K)->0K(694784K) From: 544K(2048K)->528K(2048K)
[2025-06-17T23:19:07.618+0300][13852][2928 ][info ][gc,heap  ] GC(55) ParOldGen: 17068K(1398272K)->17124K(1398272K)
[2025-06-17T23:19:07.618+0300][13852][2928 ][info ][gc       ] GC(55) Pause Young (Allocation Failure) 695M->17M(2046M) 1.647ms
[2025-06-17T23:19:07.618+0300][13852][2928 ][debug][gc,heap  ] GC(55) Heap after GC invocations=56 (full 2):
[2025-06-17T23:19:07.618+0300][13852][2928 ][debug][gc,heap  ] GC(55)  PSYoungGen      total 696832K, used 528K [0x00000000d5580000, 0x0000000100000000, 0x0000000100000000)
[2025-06-17T23:19:07.618+0300][13852][2928 ][debug][gc,heap  ] GC(55)   eden space 694784K, 0% used [0x00000000d5580000,0x00000000d5580000,0x00000000ffc00000)
[2025-06-17T23:19:07.618+0300][13852][2928 ][debug][gc,heap  ] GC(55)   from space 2048K, 25% used [0x00000000ffe00000,0x00000000ffe840f0,0x0000000100000000)
[2025-06-17T23:19:07.618+0300][13852][2928 ][debug][gc,heap  ] GC(55)   to   space 2048K, 0% used [0x00000000ffc00000,0x00000000ffc00000,0x00000000ffe00000)
[2025-06-17T23:19:07.618+0300][13852][2928 ][debug][gc,heap  ] GC(55)  ParOldGen       total 1398272K, used 17124K [0x0000000080000000, 0x00000000d5580000, 0x00000000d5580000)
[2025-06-17T23:19:07.618+0300][13852][2928 ][debug][gc,heap  ] GC(55)   object space 1398272K, 1% used [0x0000000080000000,0x00000000810b9258,0x00000000d5580000)
[2025-06-17T23:19:07.618+0300][13852][2928 ][debug][gc,heap  ] GC(55)  Metaspace       used 8731K, committed 9792K, reserved 1114112K
[2025-06-17T23:19:07.618+0300][13852][2928 ][debug][gc,heap  ] GC(55)   class space    used 873K, committed 1280K, reserved 1048576K
[2025-06-17T23:19:07.618+0300][13852][2928 ][info ][safepoint] Safepoint "ParallelGCFailedAllocation", Time since last: 231816700 ns, Reaching safepoint: 335200 ns, Cleanup: 6400 ns, At safepoint: 2135700 ns, Total: 2477300 ns
[2025-06-17T23:19:07.839+0300][13852][2928 ][debug][safepoint] Safepoint synchronization initiated using striped semaphore wait barrier. (19 threads)
[2025-06-17T23:19:07.839+0300][13852][7064 ][debug][safepoint] ... found polling page loop exception at pc = 0x0000012d12e96de0, stub =0x0000012d12894d80
[2025-06-17T23:19:07.839+0300][13852][15456][debug][safepoint] ... found polling page loop exception at pc = 0x0000012d12e96de0, stub =0x0000012d12894d80
[2025-06-17T23:19:07.839+0300][13852][20072][debug][safepoint] ... found polling page loop exception at pc = 0x0000012d12e96de0, stub =0x0000012d12894d80
[2025-06-17T23:19:07.839+0300][13852][18556][debug][safepoint] ... found polling page loop exception at pc = 0x0000012d12e96de0, stub =0x0000012d12894d80
[2025-06-17T23:19:07.839+0300][13852][2928 ][debug][gc,heap  ] GC(56) Heap before GC invocations=57 (full 2):
[2025-06-17T23:19:07.839+0300][13852][2928 ][debug][gc,heap  ] GC(56)  PSYoungGen      total 696832K, used 695312K [0x00000000d5580000, 0x0000000100000000, 0x0000000100000000)
[2025-06-17T23:19:07.839+0300][13852][2928 ][debug][gc,heap  ] GC(56)   eden space 694784K, 100% used [0x00000000d5580000,0x00000000ffc00000,0x00000000ffc00000)
[2025-06-17T23:19:07.839+0300][13852][2928 ][debug][gc,heap  ] GC(56)   from space 2048K, 25% used [0x00000000ffe00000,0x00000000ffe840f0,0x0000000100000000)
[2025-06-17T23:19:07.839+0300][13852][2928 ][debug][gc,heap  ] GC(56)   to   space 2048K, 0% used [0x00000000ffc00000,0x00000000ffc00000,0x00000000ffe00000)
[2025-06-17T23:19:07.839+0300][13852][2928 ][debug][gc,heap  ] GC(56)  ParOldGen       total 1398272K, used 17124K [0x0000000080000000, 0x00000000d5580000, 0x00000000d5580000)
[2025-06-17T23:19:07.839+0300][13852][2928 ][debug][gc,heap  ] GC(56)   object space 1398272K, 1% used [0x0000000080000000,0x00000000810b9258,0x00000000d5580000)
[2025-06-17T23:19:07.839+0300][13852][2928 ][debug][gc,heap  ] GC(56)  Metaspace       used 8731K, committed 9792K, reserved 1114112K
[2025-06-17T23:19:07.839+0300][13852][2928 ][debug][gc,heap  ] GC(56)   class space    used 873K, committed 1280K, reserved 1048576K
[2025-06-17T23:19:07.839+0300][13852][2928 ][debug][gc,phases] GC(56) Scavenge 0.294ms
[2025-06-17T23:19:07.839+0300][13852][2928 ][debug][gc,phases] GC(56) Reference Processing 0.052ms
[2025-06-17T23:19:07.839+0300][13852][2928 ][debug][gc,phases] GC(56)   VM Weak                        Min:  0.0, Avg:  0.0, Max:  0.0, Diff:  0.0, Sum:  0.0, Workers: 8
[2025-06-17T23:19:07.839+0300][13852][2928 ][debug][gc,phases] GC(56)     Dead                           Min: 0, Avg:  0.0, Max: 0, Diff: 0, Sum: 0, Workers: 8
[2025-06-17T23:19:07.839+0300][13852][2928 ][debug][gc,phases] GC(56)     Total                          Min: 0, Avg: 15.4, Max: 123, Diff: 123, Sum: 123, Workers: 8
[2025-06-17T23:19:07.839+0300][13852][2928 ][debug][gc,phases] GC(56)   ObjectSynchronizer Weak        Min:  0.0, Avg:  0.0, Max:  0.0, Diff:  0.0, Sum:  0.0, Workers: 8
[2025-06-17T23:19:07.839+0300][13852][2928 ][debug][gc,phases] GC(56)     Dead                           Min: 0, Avg:  0.0, Max: 0, Diff: 0, Sum: 0, Workers: 8
[2025-06-17T23:19:07.839+0300][13852][2928 ][debug][gc,phases] GC(56)     Total                          Min: 0, Avg: 16.2, Max: 64, Diff: 64, Sum: 130, Workers: 8
[2025-06-17T23:19:07.839+0300][13852][2928 ][debug][gc,phases] GC(56)   JVMTI Tag Weak OopStorage      Min:  0.0, Avg:  0.0, Max:  0.0, Diff:  0.0, Sum:  0.0, Workers: 8
[2025-06-17T23:19:07.839+0300][13852][2928 ][debug][gc,phases] GC(56)     Dead                           Min: 0, Avg:  0.0, Max: 0, Diff: 0, Sum: 0, Workers: 8
[2025-06-17T23:19:07.839+0300][13852][2928 ][debug][gc,phases] GC(56)     Total                          Min: 0, Avg:  0.0, Max: 0, Diff: 0, Sum: 0, Workers: 8
[2025-06-17T23:19:07.839+0300][13852][2928 ][debug][gc,phases] GC(56)   StringTable Weak               Min:  0.0, Avg:  0.0, Max:  0.0, Diff:  0.0, Sum:  0.1, Workers: 8
[2025-06-17T23:19:07.839+0300][13852][2928 ][debug][gc,phases] GC(56)     Dead                           Min: 0, Avg:  0.0, Max: 0, Diff: 0, Sum: 0, Workers: 8
[2025-06-17T23:19:07.839+0300][13852][2928 ][debug][gc,phases] GC(56)     Total                          Min: 710, Avg: 784.8, Max: 832, Diff: 122, Sum: 6278, Workers: 8
[2025-06-17T23:19:07.839+0300][13852][2928 ][debug][gc,phases] GC(56)   ResolvedMethodTable Weak       Min:  0.0, Avg:  0.0, Max:  0.0, Diff:  0.0, Sum:  0.0, Workers: 8
[2025-06-17T23:19:07.839+0300][13852][2928 ][debug][gc,phases] GC(56)     Dead                           Min: 0, Avg:  0.0, Max: 0, Diff: 0, Sum: 0, Workers: 8
[2025-06-17T23:19:07.839+0300][13852][2928 ][debug][gc,phases] GC(56)     Total                          Min: 59, Avg: 110.4, Max: 128, Diff: 69, Sum: 883, Workers: 8
[2025-06-17T23:19:07.839+0300][13852][2928 ][debug][gc,phases] GC(56)   JNI Weak                       Min:  0.0, Avg:  0.0, Max:  0.0, Diff:  0.0, Sum:  0.0, Workers: 8
[2025-06-17T23:19:07.839+0300][13852][2928 ][debug][gc,phases] GC(56)     Dead                           Min: 0, Avg:  0.0, Max: 0, Diff: 0, Sum: 0, Workers: 8
[2025-06-17T23:19:07.839+0300][13852][2928 ][debug][gc,phases] GC(56)     Total                          Min: 0, Avg:  0.0, Max: 0, Diff: 0, Sum: 0, Workers: 8
[2025-06-17T23:19:07.839+0300][13852][2928 ][debug][gc,phases] GC(56)   StringDedup Table Weak         Min:  0.0, Avg:  0.0, Max:  0.0, Diff:  0.0, Sum:  0.0, Workers: 8
[2025-06-17T23:19:07.839+0300][13852][2928 ][debug][gc,phases] GC(56)     Dead                           Min: 0, Avg:  0.0, Max: 0, Diff: 0, Sum: 0, Workers: 8
[2025-06-17T23:19:07.839+0300][13852][2928 ][debug][gc,phases] GC(56)     Total                          Min: 0, Avg:  0.0, Max: 0, Diff: 0, Sum: 0, Workers: 8
[2025-06-17T23:19:07.839+0300][13852][2928 ][debug][gc,phases] GC(56)   StringDedup Requests0 Weak     Min:  0.0, Avg:  0.0, Max:  0.0, Diff:  0.0, Sum:  0.0, Workers: 8
[2025-06-17T23:19:07.839+0300][13852][2928 ][debug][gc,phases] GC(56)     Dead                           Min: 0, Avg:  0.0, Max: 0, Diff: 0, Sum: 0, Workers: 8
[2025-06-17T23:19:07.839+0300][13852][2928 ][debug][gc,phases] GC(56)     Total                          Min: 0, Avg:  0.0, Max: 0, Diff: 0, Sum: 0, Workers: 8
[2025-06-17T23:19:07.839+0300][13852][2928 ][debug][gc,phases] GC(56)   StringDedup Requests1 Weak     Min:  0.0, Avg:  0.0, Max:  0.0, Diff:  0.0, Sum:  0.0, Workers: 8
[2025-06-17T23:19:07.839+0300][13852][2928 ][debug][gc,phases] GC(56)     Dead                           Min: 0, Avg:  0.0, Max: 0, Diff: 0, Sum: 0, Workers: 8
[2025-06-17T23:19:07.839+0300][13852][2928 ][debug][gc,phases] GC(56)     Total                          Min: 0, Avg:  0.0, Max: 0, Diff: 0, Sum: 0, Workers: 8
[2025-06-17T23:19:07.839+0300][13852][2928 ][debug][gc,phases] GC(56)   Weak JFR Old Object Samples    Min:  0.0, Avg:  0.0, Max:  0.0, Diff:  0.0, Sum:  0.0, Workers: 8
[2025-06-17T23:19:07.839+0300][13852][2928 ][debug][gc,phases] GC(56)     Dead                           Min: 0, Avg:  0.0, Max: 0, Diff: 0, Sum: 0, Workers: 8
[2025-06-17T23:19:07.839+0300][13852][2928 ][debug][gc,phases] GC(56)     Total                          Min: 0, Avg:  0.0, Max: 0, Diff: 0, Sum: 0, Workers: 8
[2025-06-17T23:19:07.839+0300][13852][2928 ][debug][gc,phases] GC(56) Weak Processing 0.641ms
[2025-06-17T23:19:07.839+0300][13852][2928 ][info ][gc,heap  ] GC(56) PSYoungGen: 695312K(696832K)->512K(696832K) Eden: 694784K(694784K)->0K(694784K) From: 528K(2048K)->512K(2048K)
[2025-06-17T23:19:07.839+0300][13852][2928 ][info ][gc,heap  ] GC(56) ParOldGen: 17124K(1398272K)->17188K(1398272K)
[2025-06-17T23:19:07.839+0300][13852][2928 ][info ][gc       ] GC(56) Pause Young (Allocation Failure) 695M->17M(2046M) 1.153ms
[2025-06-17T23:19:07.839+0300][13852][2928 ][debug][gc,heap  ] GC(56) Heap after GC invocations=57 (full 2):
[2025-06-17T23:19:07.839+0300][13852][2928 ][debug][gc,heap  ] GC(56)  PSYoungGen      total 696832K, used 512K [0x00000000d5580000, 0x0000000100000000, 0x0000000100000000)
[2025-06-17T23:19:07.839+0300][13852][2928 ][debug][gc,heap  ] GC(56)   eden space 694784K, 0% used [0x00000000d5580000,0x00000000d5580000,0x00000000ffc00000)
[2025-06-17T23:19:07.839+0300][13852][2928 ][debug][gc,heap  ] GC(56)   from space 2048K, 25% used [0x00000000ffc00000,0x00000000ffc800e0,0x00000000ffe00000)
[2025-06-17T23:19:07.839+0300][13852][2928 ][debug][gc,heap  ] GC(56)   to   space 1536K, 0% used [0x00000000ffe80000,0x00000000ffe80000,0x0000000100000000)
[2025-06-17T23:19:07.839+0300][13852][2928 ][debug][gc,heap  ] GC(56)  ParOldGen       total 1398272K, used 17188K [0x0000000080000000, 0x00000000d5580000, 0x00000000d5580000)
[2025-06-17T23:19:07.839+0300][13852][2928 ][debug][gc,heap  ] GC(56)   object space 1398272K, 1% used [0x0000000080000000,0x00000000810c9258,0x00000000d5580000)
[2025-06-17T23:19:07.839+0300][13852][2928 ][debug][gc,heap  ] GC(56)  Metaspace       used 8731K, committed 9792K, reserved 1114112K
[2025-06-17T23:19:07.839+0300][13852][2928 ][debug][gc,heap  ] GC(56)   class space    used 873K, committed 1280K, reserved 1048576K
[2025-06-17T23:19:07.839+0300][13852][2928 ][info ][safepoint] Safepoint "ParallelGCFailedAllocation", Time since last: 219096200 ns, Reaching safepoint: 324800 ns, Cleanup: 5800 ns, At safepoint: 1604500 ns, Total: 1935100 ns
[2025-06-17T23:19:08.051+0300][13852][2928 ][debug][safepoint] Safepoint synchronization initiated using striped semaphore wait barrier. (19 threads)
[2025-06-17T23:19:08.051+0300][13852][15456][debug][safepoint] ... found polling page loop exception at pc = 0x0000012d12e92b1b, stub =0x0000012d12895600
[2025-06-17T23:19:08.051+0300][13852][18556][debug][safepoint] ... found polling page loop exception at pc = 0x0000012d12e96de0, stub =0x0000012d12894d80
[2025-06-17T23:19:08.051+0300][13852][20072][debug][safepoint] ... found polling page loop exception at pc = 0x0000012d12e96de0, stub =0x0000012d12894d80
[2025-06-17T23:19:08.051+0300][13852][21268][debug][safepoint] ... found polling page loop exception at pc = 0x0000012d12e96de0, stub =0x0000012d12894d80
[2025-06-17T23:19:08.051+0300][13852][7064 ][debug][safepoint] ... found polling page loop exception at pc = 0x0000012d12e96de0, stub =0x0000012d12894d80
[2025-06-17T23:19:08.051+0300][13852][2928 ][debug][gc,heap  ] GC(57) Heap before GC invocations=58 (full 2):
[2025-06-17T23:19:08.051+0300][13852][2928 ][debug][gc,heap  ] GC(57)  PSYoungGen      total 696832K, used 695296K [0x00000000d5580000, 0x0000000100000000, 0x0000000100000000)
[2025-06-17T23:19:08.051+0300][13852][2928 ][debug][gc,heap  ] GC(57)   eden space 694784K, 100% used [0x00000000d5580000,0x00000000ffc00000,0x00000000ffc00000)
[2025-06-17T23:19:08.051+0300][13852][2928 ][debug][gc,heap  ] GC(57)   from space 2048K, 25% used [0x00000000ffc00000,0x00000000ffc800e0,0x00000000ffe00000)
[2025-06-17T23:19:08.051+0300][13852][2928 ][debug][gc,heap  ] GC(57)   to   space 1536K, 0% used [0x00000000ffe80000,0x00000000ffe80000,0x0000000100000000)
[2025-06-17T23:19:08.051+0300][13852][2928 ][debug][gc,heap  ] GC(57)  ParOldGen       total 1398272K, used 17188K [0x0000000080000000, 0x00000000d5580000, 0x00000000d5580000)
[2025-06-17T23:19:08.051+0300][13852][2928 ][debug][gc,heap  ] GC(57)   object space 1398272K, 1% used [0x0000000080000000,0x00000000810c9258,0x00000000d5580000)
[2025-06-17T23:19:08.051+0300][13852][2928 ][debug][gc,heap  ] GC(57)  Metaspace       used 8731K, committed 9792K, reserved 1114112K
[2025-06-17T23:19:08.051+0300][13852][2928 ][debug][gc,heap  ] GC(57)   class space    used 873K, committed 1280K, reserved 1048576K
[2025-06-17T23:19:08.051+0300][13852][2928 ][debug][gc,phases] GC(57) Scavenge 0.360ms
[2025-06-17T23:19:08.051+0300][13852][2928 ][debug][gc,phases] GC(57) Reference Processing 0.049ms
[2025-06-17T23:19:08.051+0300][13852][2928 ][debug][gc,phases] GC(57)   VM Weak                        Min:  0.0, Avg:  0.0, Max:  0.0, Diff:  0.0, Sum:  0.0, Workers: 8
[2025-06-17T23:19:08.051+0300][13852][2928 ][debug][gc,phases] GC(57)     Dead                           Min: 0, Avg:  0.0, Max: 0, Diff: 0, Sum: 0, Workers: 8
[2025-06-17T23:19:08.051+0300][13852][2928 ][debug][gc,phases] GC(57)     Total                          Min: 0, Avg: 15.4, Max: 114, Diff: 114, Sum: 123, Workers: 8
[2025-06-17T23:19:08.051+0300][13852][2928 ][debug][gc,phases] GC(57)   ObjectSynchronizer Weak        Min:  0.0, Avg:  0.0, Max:  0.0, Diff:  0.0, Sum:  0.0, Workers: 8
[2025-06-17T23:19:08.051+0300][13852][2928 ][debug][gc,phases] GC(57)     Dead                           Min: 0, Avg:  0.0, Max: 0, Diff: 0, Sum: 0, Workers: 8
[2025-06-17T23:19:08.051+0300][13852][2928 ][debug][gc,phases] GC(57)     Total                          Min: 0, Avg: 16.2, Max: 66, Diff: 66, Sum: 130, Workers: 8
[2025-06-17T23:19:08.051+0300][13852][2928 ][debug][gc,phases] GC(57)   JVMTI Tag Weak OopStorage      Min:  0.0, Avg:  0.0, Max:  0.0, Diff:  0.0, Sum:  0.0, Workers: 8
[2025-06-17T23:19:08.051+0300][13852][2928 ][debug][gc,phases] GC(57)     Dead                           Min: 0, Avg:  0.0, Max: 0, Diff: 0, Sum: 0, Workers: 8
[2025-06-17T23:19:08.051+0300][13852][2928 ][debug][gc,phases] GC(57)     Total                          Min: 0, Avg:  0.0, Max: 0, Diff: 0, Sum: 0, Workers: 8
[2025-06-17T23:19:08.051+0300][13852][2928 ][debug][gc,phases] GC(57)   StringTable Weak               Min:  0.0, Avg:  0.0, Max:  0.0, Diff:  0.0, Sum:  0.1, Workers: 8
[2025-06-17T23:19:08.051+0300][13852][2928 ][debug][gc,phases] GC(57)     Dead                           Min: 0, Avg:  0.0, Max: 0, Diff: 0, Sum: 0, Workers: 8
[2025-06-17T23:19:08.051+0300][13852][2928 ][debug][gc,phases] GC(57)     Total                          Min: 582, Avg: 784.8, Max: 960, Diff: 378, Sum: 6278, Workers: 8
[2025-06-17T23:19:08.051+0300][13852][2928 ][debug][gc,phases] GC(57)   ResolvedMethodTable Weak       Min:  0.0, Avg:  0.0, Max:  0.0, Diff:  0.0, Sum:  0.0, Workers: 8
[2025-06-17T23:19:08.051+0300][13852][2928 ][debug][gc,phases] GC(57)     Dead                           Min: 0, Avg:  0.0, Max: 0, Diff: 0, Sum: 0, Workers: 8
[2025-06-17T23:19:08.051+0300][13852][2928 ][debug][gc,phases] GC(57)     Total                          Min: 61, Avg: 110.4, Max: 186, Diff: 125, Sum: 883, Workers: 8
[2025-06-17T23:19:08.051+0300][13852][2928 ][debug][gc,phases] GC(57)   JNI Weak                       Min:  0.0, Avg:  0.0, Max:  0.0, Diff:  0.0, Sum:  0.0, Workers: 8
[2025-06-17T23:19:08.051+0300][13852][2928 ][debug][gc,phases] GC(57)     Dead                           Min: 0, Avg:  0.0, Max: 0, Diff: 0, Sum: 0, Workers: 8
[2025-06-17T23:19:08.051+0300][13852][2928 ][debug][gc,phases] GC(57)     Total                          Min: 0, Avg:  0.0, Max: 0, Diff: 0, Sum: 0, Workers: 8
[2025-06-17T23:19:08.051+0300][13852][2928 ][debug][gc,phases] GC(57)   StringDedup Table Weak         Min:  0.0, Avg:  0.0, Max:  0.0, Diff:  0.0, Sum:  0.0, Workers: 8
[2025-06-17T23:19:08.051+0300][13852][2928 ][debug][gc,phases] GC(57)     Dead                           Min: 0, Avg:  0.0, Max: 0, Diff: 0, Sum: 0, Workers: 8
[2025-06-17T23:19:08.051+0300][13852][2928 ][debug][gc,phases] GC(57)     Total                          Min: 0, Avg:  0.0, Max: 0, Diff: 0, Sum: 0, Workers: 8
[2025-06-17T23:19:08.051+0300][13852][2928 ][debug][gc,phases] GC(57)   StringDedup Requests0 Weak     Min:  0.0, Avg:  0.0, Max:  0.0, Diff:  0.0, Sum:  0.0, Workers: 8
[2025-06-17T23:19:08.051+0300][13852][2928 ][debug][gc,phases] GC(57)     Dead                           Min: 0, Avg:  0.0, Max: 0, Diff: 0, Sum: 0, Workers: 8
[2025-06-17T23:19:08.051+0300][13852][2928 ][debug][gc,phases] GC(57)     Total                          Min: 0, Avg:  0.0, Max: 0, Diff: 0, Sum: 0, Workers: 8
[2025-06-17T23:19:08.051+0300][13852][2928 ][debug][gc,phases] GC(57)   StringDedup Requests1 Weak     Min:  0.0, Avg:  0.0, Max:  0.0, Diff:  0.0, Sum:  0.0, Workers: 8
[2025-06-17T23:19:08.051+0300][13852][2928 ][debug][gc,phases] GC(57)     Dead                           Min: 0, Avg:  0.0, Max: 0, Diff: 0, Sum: 0, Workers: 8
[2025-06-17T23:19:08.051+0300][13852][2928 ][debug][gc,phases] GC(57)     Total                          Min: 0, Avg:  0.0, Max: 0, Diff: 0, Sum: 0, Workers: 8
[2025-06-17T23:19:08.051+0300][13852][2928 ][debug][gc,phases] GC(57)   Weak JFR Old Object Samples    Min:  0.0, Avg:  0.0, Max:  0.0, Diff:  0.0, Sum:  0.0, Workers: 8
[2025-06-17T23:19:08.051+0300][13852][2928 ][debug][gc,phases] GC(57)     Dead                           Min: 0, Avg:  0.0, Max: 0, Diff: 0, Sum: 0, Workers: 8
[2025-06-17T23:19:08.051+0300][13852][2928 ][debug][gc,phases] GC(57)     Total                          Min: 0, Avg:  0.0, Max: 0, Diff: 0, Sum: 0, Workers: 8
[2025-06-17T23:19:08.051+0300][13852][2928 ][debug][gc,phases] GC(57) Weak Processing 0.590ms
[2025-06-17T23:19:08.051+0300][13852][2928 ][info ][gc,heap  ] GC(57) PSYoungGen: 695296K(696832K)->512K(697344K) Eden: 694784K(694784K)->0K(695808K) From: 512K(2048K)->512K(1536K)
[2025-06-17T23:19:08.051+0300][13852][2928 ][info ][gc,heap  ] GC(57) ParOldGen: 17188K(1398272K)->17252K(1398272K)
[2025-06-17T23:19:08.051+0300][13852][2928 ][info ][gc       ] GC(57) Pause Young (Allocation Failure) 695M->17M(2046M) 1.139ms
[2025-06-17T23:19:08.051+0300][13852][2928 ][debug][gc,heap  ] GC(57) Heap after GC invocations=58 (full 2):
[2025-06-17T23:19:08.051+0300][13852][2928 ][debug][gc,heap  ] GC(57)  PSYoungGen      total 697344K, used 512K [0x00000000d5580000, 0x0000000100000000, 0x0000000100000000)
[2025-06-17T23:19:08.051+0300][13852][2928 ][debug][gc,heap  ] GC(57)   eden space 695808K, 0% used [0x00000000d5580000,0x00000000d5580000,0x00000000ffd00000)
[2025-06-17T23:19:08.051+0300][13852][2928 ][debug][gc,heap  ] GC(57)   from space 1536K, 33% used [0x00000000ffe80000,0x00000000fff000e0,0x0000000100000000)
[2025-06-17T23:19:08.051+0300][13852][2928 ][debug][gc,heap  ] GC(57)   to   space 1536K, 0% used [0x00000000ffd00000,0x00000000ffd00000,0x00000000ffe80000)
[2025-06-17T23:19:08.051+0300][13852][2928 ][debug][gc,heap  ] GC(57)  ParOldGen       total 1398272K, used 17252K [0x0000000080000000, 0x00000000d5580000, 0x00000000d5580000)
[2025-06-17T23:19:08.051+0300][13852][2928 ][debug][gc,heap  ] GC(57)   object space 1398272K, 1% used [0x0000000080000000,0x00000000810d9258,0x00000000d5580000)
[2025-06-17T23:19:08.051+0300][13852][2928 ][debug][gc,heap  ] GC(57)  Metaspace       used 8731K, committed 9792K, reserved 1114112K
[2025-06-17T23:19:08.051+0300][13852][2928 ][debug][gc,heap  ] GC(57)   class space    used 873K, committed 1280K, reserved 1048576K
[2025-06-17T23:19:08.051+0300][13852][2928 ][info ][safepoint] Safepoint "ParallelGCFailedAllocation", Time since last: 210700800 ns, Reaching safepoint: 364400 ns, Cleanup: 6900 ns, At safepoint: 1621800 ns, Total: 1993100 ns
[2025-06-17T23:19:08.280+0300][13852][2928 ][debug][safepoint] Safepoint synchronization initiated using striped semaphore wait barrier. (19 threads)
[2025-06-17T23:19:08.280+0300][13852][7064 ][debug][safepoint] ... found polling page loop exception at pc = 0x0000012d12e96de0, stub =0x0000012d12894d80
[2025-06-17T23:19:08.280+0300][13852][18556][debug][safepoint] ... found polling page loop exception at pc = 0x0000012d12e96de0, stub =0x0000012d12894d80
[2025-06-17T23:19:08.280+0300][13852][10904][debug][safepoint] ... found polling page loop exception at pc = 0x0000012d12e96de0, stub =0x0000012d12894d80
[2025-06-17T23:19:08.280+0300][13852][2928 ][debug][gc,heap  ] GC(58) Heap before GC invocations=59 (full 2):
[2025-06-17T23:19:08.280+0300][13852][2928 ][debug][gc,heap  ] GC(58)  PSYoungGen      total 697344K, used 696320K [0x00000000d5580000, 0x0000000100000000, 0x0000000100000000)
[2025-06-17T23:19:08.280+0300][13852][2928 ][debug][gc,heap  ] GC(58)   eden space 695808K, 100% used [0x00000000d5580000,0x00000000ffd00000,0x00000000ffd00000)
[2025-06-17T23:19:08.280+0300][13852][2928 ][debug][gc,heap  ] GC(58)   from space 1536K, 33% used [0x00000000ffe80000,0x00000000fff000e0,0x0000000100000000)
[2025-06-17T23:19:08.280+0300][13852][2928 ][debug][gc,heap  ] GC(58)   to   space 1536K, 0% used [0x00000000ffd00000,0x00000000ffd00000,0x00000000ffe80000)
[2025-06-17T23:19:08.280+0300][13852][2928 ][debug][gc,heap  ] GC(58)  ParOldGen       total 1398272K, used 17252K [0x0000000080000000, 0x00000000d5580000, 0x00000000d5580000)
[2025-06-17T23:19:08.280+0300][13852][2928 ][debug][gc,heap  ] GC(58)   object space 1398272K, 1% used [0x0000000080000000,0x00000000810d9258,0x00000000d5580000)
[2025-06-17T23:19:08.280+0300][13852][2928 ][debug][gc,heap  ] GC(58)  Metaspace       used 8731K, committed 9792K, reserved 1114112K
[2025-06-17T23:19:08.280+0300][13852][2928 ][debug][gc,heap  ] GC(58)   class space    used 873K, committed 1280K, reserved 1048576K
[2025-06-17T23:19:08.280+0300][13852][2928 ][debug][gc,phases] GC(58) Scavenge 0.233ms
[2025-06-17T23:19:08.280+0300][13852][2928 ][debug][gc,phases] GC(58) Reference Processing 0.059ms
[2025-06-17T23:19:08.280+0300][13852][2928 ][debug][gc,phases] GC(58)   VM Weak                        Min:  0.0, Avg:  0.0, Max:  0.0, Diff:  0.0, Sum:  0.0, Workers: 8
[2025-06-17T23:19:08.280+0300][13852][2928 ][debug][gc,phases] GC(58)     Dead                           Min: 0, Avg:  0.0, Max: 0, Diff: 0, Sum: 0, Workers: 8
[2025-06-17T23:19:08.280+0300][13852][2928 ][debug][gc,phases] GC(58)     Total                          Min: 0, Avg: 15.4, Max: 73, Diff: 73, Sum: 123, Workers: 8
[2025-06-17T23:19:08.280+0300][13852][2928 ][debug][gc,phases] GC(58)   ObjectSynchronizer Weak        Min:  0.0, Avg:  0.0, Max:  0.0, Diff:  0.0, Sum:  0.0, Workers: 8
[2025-06-17T23:19:08.280+0300][13852][2928 ][debug][gc,phases] GC(58)     Dead                           Min: 0, Avg:  0.0, Max: 0, Diff: 0, Sum: 0, Workers: 8
[2025-06-17T23:19:08.280+0300][13852][2928 ][debug][gc,phases] GC(58)     Total                          Min: 0, Avg: 16.2, Max: 64, Diff: 64, Sum: 130, Workers: 8
[2025-06-17T23:19:08.280+0300][13852][2928 ][debug][gc,phases] GC(58)   JVMTI Tag Weak OopStorage      Min:  0.0, Avg:  0.0, Max:  0.0, Diff:  0.0, Sum:  0.0, Workers: 8
[2025-06-17T23:19:08.280+0300][13852][2928 ][debug][gc,phases] GC(58)     Dead                           Min: 0, Avg:  0.0, Max: 0, Diff: 0, Sum: 0, Workers: 8
[2025-06-17T23:19:08.280+0300][13852][2928 ][debug][gc,phases] GC(58)     Total                          Min: 0, Avg:  0.0, Max: 0, Diff: 0, Sum: 0, Workers: 8
[2025-06-17T23:19:08.280+0300][13852][2928 ][debug][gc,phases] GC(58)   StringTable Weak               Min:  0.0, Avg:  0.0, Max:  0.0, Diff:  0.0, Sum:  0.1, Workers: 8
[2025-06-17T23:19:08.280+0300][13852][2928 ][debug][gc,phases] GC(58)     Dead                           Min: 0, Avg:  0.0, Max: 0, Diff: 0, Sum: 0, Workers: 8
[2025-06-17T23:19:08.280+0300][13852][2928 ][debug][gc,phases] GC(58)     Total                          Min: 454, Avg: 784.8, Max: 1024, Diff: 570, Sum: 6278, Workers: 8
[2025-06-17T23:19:08.280+0300][13852][2928 ][debug][gc,phases] GC(58)   ResolvedMethodTable Weak       Min:  0.0, Avg:  0.0, Max:  0.0, Diff:  0.0, Sum:  0.0, Workers: 8
[2025-06-17T23:19:08.280+0300][13852][2928 ][debug][gc,phases] GC(58)     Dead                           Min: 0, Avg:  0.0, Max: 0, Diff: 0, Sum: 0, Workers: 8
[2025-06-17T23:19:08.280+0300][13852][2928 ][debug][gc,phases] GC(58)     Total                          Min: 59, Avg: 110.4, Max: 190, Diff: 131, Sum: 883, Workers: 8
[2025-06-17T23:19:08.280+0300][13852][2928 ][debug][gc,phases] GC(58)   JNI Weak                       Min:  0.0, Avg:  0.0, Max:  0.0, Diff:  0.0, Sum:  0.0, Workers: 8
[2025-06-17T23:19:08.280+0300][13852][2928 ][debug][gc,phases] GC(58)     Dead                           Min: 0, Avg:  0.0, Max: 0, Diff: 0, Sum: 0, Workers: 8
[2025-06-17T23:19:08.280+0300][13852][2928 ][debug][gc,phases] GC(58)     Total                          Min: 0, Avg:  0.0, Max: 0, Diff: 0, Sum: 0, Workers: 8
[2025-06-17T23:19:08.280+0300][13852][2928 ][debug][gc,phases] GC(58)   StringDedup Table Weak         Min:  0.0, Avg:  0.0, Max:  0.0, Diff:  0.0, Sum:  0.0, Workers: 8
[2025-06-17T23:19:08.280+0300][13852][2928 ][debug][gc,phases] GC(58)     Dead                           Min: 0, Avg:  0.0, Max: 0, Diff: 0, Sum: 0, Workers: 8
[2025-06-17T23:19:08.280+0300][13852][2928 ][debug][gc,phases] GC(58)     Total                          Min: 0, Avg:  0.0, Max: 0, Diff: 0, Sum: 0, Workers: 8
[2025-06-17T23:19:08.280+0300][13852][2928 ][debug][gc,phases] GC(58)   StringDedup Requests0 Weak     Min:  0.0, Avg:  0.0, Max:  0.0, Diff:  0.0, Sum:  0.0, Workers: 8
[2025-06-17T23:19:08.280+0300][13852][2928 ][debug][gc,phases] GC(58)     Dead                           Min: 0, Avg:  0.0, Max: 0, Diff: 0, Sum: 0, Workers: 8
[2025-06-17T23:19:08.280+0300][13852][2928 ][debug][gc,phases] GC(58)     Total                          Min: 0, Avg:  0.0, Max: 0, Diff: 0, Sum: 0, Workers: 8
[2025-06-17T23:19:08.280+0300][13852][2928 ][debug][gc,phases] GC(58)   StringDedup Requests1 Weak     Min:  0.0, Avg:  0.0, Max:  0.0, Diff:  0.0, Sum:  0.0, Workers: 8
[2025-06-17T23:19:08.280+0300][13852][2928 ][debug][gc,phases] GC(58)     Dead                           Min: 0, Avg:  0.0, Max: 0, Diff: 0, Sum: 0, Workers: 8
[2025-06-17T23:19:08.280+0300][13852][2928 ][debug][gc,phases] GC(58)     Total                          Min: 0, Avg:  0.0, Max: 0, Diff: 0, Sum: 0, Workers: 8
[2025-06-17T23:19:08.280+0300][13852][2928 ][debug][gc,phases] GC(58)   Weak JFR Old Object Samples    Min:  0.0, Avg:  0.0, Max:  0.0, Diff:  0.0, Sum:  0.0, Workers: 8
[2025-06-17T23:19:08.280+0300][13852][2928 ][debug][gc,phases] GC(58)     Dead                           Min: 0, Avg:  0.0, Max: 0, Diff: 0, Sum: 0, Workers: 8
[2025-06-17T23:19:08.280+0300][13852][2928 ][debug][gc,phases] GC(58)     Total                          Min: 0, Avg:  0.0, Max: 0, Diff: 0, Sum: 0, Workers: 8
[2025-06-17T23:19:08.280+0300][13852][2928 ][debug][gc,phases] GC(58) Weak Processing 0.660ms
[2025-06-17T23:19:08.280+0300][13852][2928 ][info ][gc,heap  ] GC(58) PSYoungGen: 696320K(697344K)->560K(697344K) Eden: 695808K(695808K)->0K(695808K) From: 512K(1536K)->560K(1536K)
[2025-06-17T23:19:08.280+0300][13852][2928 ][info ][gc,heap  ] GC(58) ParOldGen: 17252K(1398272K)->17316K(1398272K)
[2025-06-17T23:19:08.280+0300][13852][2928 ][info ][gc       ] GC(58) Pause Young (Allocation Failure) 696M->17M(2046M) 1.093ms
[2025-06-17T23:19:08.280+0300][13852][2928 ][debug][gc,heap  ] GC(58) Heap after GC invocations=59 (full 2):
[2025-06-17T23:19:08.280+0300][13852][2928 ][debug][gc,heap  ] GC(58)  PSYoungGen      total 697344K, used 560K [0x00000000d5580000, 0x0000000100000000, 0x0000000100000000)
[2025-06-17T23:19:08.280+0300][13852][2928 ][debug][gc,heap  ] GC(58)   eden space 695808K, 0% used [0x00000000d5580000,0x00000000d5580000,0x00000000ffd00000)
[2025-06-17T23:19:08.280+0300][13852][2928 ][debug][gc,heap  ] GC(58)   from space 1536K, 36% used [0x00000000ffd00000,0x00000000ffd8c0d0,0x00000000ffe80000)
[2025-06-17T23:19:08.280+0300][13852][2928 ][debug][gc,heap  ] GC(58)   to   space 1536K, 0% used [0x00000000ffe80000,0x00000000ffe80000,0x0000000100000000)
[2025-06-17T23:19:08.280+0300][13852][2928 ][debug][gc,heap  ] GC(58)  ParOldGen       total 1398272K, used 17316K [0x0000000080000000, 0x00000000d5580000, 0x00000000d5580000)
[2025-06-17T23:19:08.280+0300][13852][2928 ][debug][gc,heap  ] GC(58)   object space 1398272K, 1% used [0x0000000080000000,0x00000000810e9258,0x00000000d5580000)
[2025-06-17T23:19:08.280+0300][13852][2928 ][debug][gc,heap  ] GC(58)  Metaspace       used 8731K, committed 9792K, reserved 1114112K
[2025-06-17T23:19:08.280+0300][13852][2928 ][debug][gc,heap  ] GC(58)   class space    used 873K, committed 1280K, reserved 1048576K
[2025-06-17T23:19:08.280+0300][13852][2928 ][info ][safepoint] Safepoint "ParallelGCFailedAllocation", Time since last: 226092900 ns, Reaching safepoint: 306000 ns, Cleanup: 6000 ns, At safepoint: 1508300 ns, Total: 1820300 ns
[2025-06-17T23:19:08.487+0300][13852][2928 ][debug][safepoint] Safepoint synchronization initiated using striped semaphore wait barrier. (19 threads)
[2025-06-17T23:19:08.487+0300][13852][7064 ][debug][safepoint] ... found polling page loop exception at pc = 0x0000012d1308122f, stub =0x0000012d12894d80
[2025-06-17T23:19:08.487+0300][13852][20072][debug][safepoint] ... found polling page loop exception at pc = 0x0000012d12e92b1b, stub =0x0000012d12895600
[2025-06-17T23:19:08.487+0300][13852][15456][debug][safepoint] ... found polling page loop exception at pc = 0x0000012d12e96de0, stub =0x0000012d12894d80
[2025-06-17T23:19:08.487+0300][13852][21268][debug][safepoint] ... found polling page loop exception at pc = 0x0000012d12e96de0, stub =0x0000012d12894d80
[2025-06-17T23:19:08.487+0300][13852][5816 ][debug][safepoint] ... found polling page loop exception at pc = 0x0000012d12e96de0, stub =0x0000012d12894d80
[2025-06-17T23:19:08.487+0300][13852][2928 ][debug][gc,heap  ] GC(59) Heap before GC invocations=60 (full 2):
[2025-06-17T23:19:08.487+0300][13852][2928 ][debug][gc,heap  ] GC(59)  PSYoungGen      total 697344K, used 696368K [0x00000000d5580000, 0x0000000100000000, 0x0000000100000000)
[2025-06-17T23:19:08.487+0300][13852][2928 ][debug][gc,heap  ] GC(59)   eden space 695808K, 100% used [0x00000000d5580000,0x00000000ffd00000,0x00000000ffd00000)
[2025-06-17T23:19:08.487+0300][13852][2928 ][debug][gc,heap  ] GC(59)   from space 1536K, 36% used [0x00000000ffd00000,0x00000000ffd8c0d0,0x00000000ffe80000)
[2025-06-17T23:19:08.487+0300][13852][2928 ][debug][gc,heap  ] GC(59)   to   space 1536K, 0% used [0x00000000ffe80000,0x00000000ffe80000,0x0000000100000000)
[2025-06-17T23:19:08.487+0300][13852][2928 ][debug][gc,heap  ] GC(59)  ParOldGen       total 1398272K, used 17316K [0x0000000080000000, 0x00000000d5580000, 0x00000000d5580000)
[2025-06-17T23:19:08.487+0300][13852][2928 ][debug][gc,heap  ] GC(59)   object space 1398272K, 1% used [0x0000000080000000,0x00000000810e9258,0x00000000d5580000)
[2025-06-17T23:19:08.487+0300][13852][2928 ][debug][gc,heap  ] GC(59)  Metaspace       used 8731K, committed 9792K, reserved 1114112K
[2025-06-17T23:19:08.487+0300][13852][2928 ][debug][gc,heap  ] GC(59)   class space    used 873K, committed 1280K, reserved 1048576K
[2025-06-17T23:19:08.487+0300][13852][2928 ][debug][gc,phases] GC(59) Scavenge 0.352ms
[2025-06-17T23:19:08.487+0300][13852][2928 ][debug][gc,phases] GC(59) Reference Processing 0.078ms
[2025-06-17T23:19:08.487+0300][13852][2928 ][debug][gc,phases] GC(59)   VM Weak                        Min:  0.0, Avg:  0.0, Max:  0.0, Diff:  0.0, Sum:  0.0, Workers: 8
[2025-06-17T23:19:08.487+0300][13852][2928 ][debug][gc,phases] GC(59)     Dead                           Min: 0, Avg:  0.0, Max: 0, Diff: 0, Sum: 0, Workers: 8
[2025-06-17T23:19:08.487+0300][13852][2928 ][debug][gc,phases] GC(59)     Total                          Min: 0, Avg: 15.4, Max: 85, Diff: 85, Sum: 123, Workers: 8
[2025-06-17T23:19:08.487+0300][13852][2928 ][debug][gc,phases] GC(59)   ObjectSynchronizer Weak        Min:  0.0, Avg:  0.0, Max:  0.0, Diff:  0.0, Sum:  0.0, Workers: 8
[2025-06-17T23:19:08.487+0300][13852][2928 ][debug][gc,phases] GC(59)     Dead                           Min: 0, Avg:  0.0, Max: 0, Diff: 0, Sum: 0, Workers: 8
[2025-06-17T23:19:08.487+0300][13852][2928 ][debug][gc,phases] GC(59)     Total                          Min: 0, Avg: 16.2, Max: 66, Diff: 66, Sum: 130, Workers: 8
[2025-06-17T23:19:08.487+0300][13852][2928 ][debug][gc,phases] GC(59)   JVMTI Tag Weak OopStorage      Min:  0.0, Avg:  0.0, Max:  0.0, Diff:  0.0, Sum:  0.0, Workers: 8
[2025-06-17T23:19:08.487+0300][13852][2928 ][debug][gc,phases] GC(59)     Dead                           Min: 0, Avg:  0.0, Max: 0, Diff: 0, Sum: 0, Workers: 8
[2025-06-17T23:19:08.490+0300][13852][2928 ][debug][gc,phases] GC(59)     Total                          Min: 0, Avg:  0.0, Max: 0, Diff: 0, Sum: 0, Workers: 8
[2025-06-17T23:19:08.490+0300][13852][2928 ][debug][gc,phases] GC(59)   StringTable Weak               Min:  0.0, Avg:  0.0, Max:  0.0, Diff:  0.0, Sum:  0.1, Workers: 8
[2025-06-17T23:19:08.490+0300][13852][2928 ][debug][gc,phases] GC(59)     Dead                           Min: 0, Avg:  0.0, Max: 0, Diff: 0, Sum: 0, Workers: 8
[2025-06-17T23:19:08.490+0300][13852][2928 ][debug][gc,phases] GC(59)     Total                          Min: 0, Avg: 784.8, Max: 1280, Diff: 1280, Sum: 6278, Workers: 8
[2025-06-17T23:19:08.490+0300][13852][2928 ][debug][gc,phases] GC(59)   ResolvedMethodTable Weak       Min:  0.0, Avg:  0.0, Max:  0.0, Diff:  0.0, Sum:  0.0, Workers: 8
[2025-06-17T23:19:08.490+0300][13852][2928 ][debug][gc,phases] GC(59)     Dead                           Min: 0, Avg:  0.0, Max: 0, Diff: 0, Sum: 0, Workers: 8
[2025-06-17T23:19:08.490+0300][13852][2928 ][debug][gc,phases] GC(59)     Total                          Min: 0, Avg: 110.4, Max: 190, Diff: 190, Sum: 883, Workers: 8
[2025-06-17T23:19:08.490+0300][13852][2928 ][debug][gc,phases] GC(59)   JNI Weak                       Min:  0.0, Avg:  0.0, Max:  0.0, Diff:  0.0, Sum:  0.0, Workers: 8
[2025-06-17T23:19:08.490+0300][13852][2928 ][debug][gc,phases] GC(59)     Dead                           Min: 0, Avg:  0.0, Max: 0, Diff: 0, Sum: 0, Workers: 8
[2025-06-17T23:19:08.490+0300][13852][2928 ][debug][gc,phases] GC(59)     Total                          Min: 0, Avg:  0.0, Max: 0, Diff: 0, Sum: 0, Workers: 8
[2025-06-17T23:19:08.490+0300][13852][2928 ][debug][gc,phases] GC(59)   StringDedup Table Weak         Min:  0.0, Avg:  0.0, Max:  0.0, Diff:  0.0, Sum:  0.0, Workers: 8
[2025-06-17T23:19:08.490+0300][13852][2928 ][debug][gc,phases] GC(59)     Dead                           Min: 0, Avg:  0.0, Max: 0, Diff: 0, Sum: 0, Workers: 8
[2025-06-17T23:19:08.490+0300][13852][2928 ][debug][gc,phases] GC(59)     Total                          Min: 0, Avg:  0.0, Max: 0, Diff: 0, Sum: 0, Workers: 8
[2025-06-17T23:19:08.490+0300][13852][2928 ][debug][gc,phases] GC(59)   StringDedup Requests0 Weak     Min:  0.0, Avg:  0.0, Max:  0.0, Diff:  0.0, Sum:  0.0, Workers: 8
[2025-06-17T23:19:08.490+0300][13852][2928 ][debug][gc,phases] GC(59)     Dead                           Min: 0, Avg:  0.0, Max: 0, Diff: 0, Sum: 0, Workers: 8
[2025-06-17T23:19:08.490+0300][13852][2928 ][debug][gc,phases] GC(59)     Total                          Min: 0, Avg:  0.0, Max: 0, Diff: 0, Sum: 0, Workers: 8
[2025-06-17T23:19:08.490+0300][13852][2928 ][debug][gc,phases] GC(59)   StringDedup Requests1 Weak     Min:  0.0, Avg:  0.0, Max:  0.0, Diff:  0.0, Sum:  0.0, Workers: 8
[2025-06-17T23:19:08.490+0300][13852][2928 ][debug][gc,phases] GC(59)     Dead                           Min: 0, Avg:  0.0, Max: 0, Diff: 0, Sum: 0, Workers: 8
[2025-06-17T23:19:08.490+0300][13852][2928 ][debug][gc,phases] GC(59)     Total                          Min: 0, Avg:  0.0, Max: 0, Diff: 0, Sum: 0, Workers: 8
[2025-06-17T23:19:08.490+0300][13852][2928 ][debug][gc,phases] GC(59)   Weak JFR Old Object Samples    Min:  0.0, Avg:  0.0, Max:  0.0, Diff:  0.0, Sum:  0.0, Workers: 8
[2025-06-17T23:19:08.490+0300][13852][2928 ][debug][gc,phases] GC(59)     Dead                           Min: 0, Avg:  0.0, Max: 0, Diff: 0, Sum: 0, Workers: 8
[2025-06-17T23:19:08.490+0300][13852][2928 ][debug][gc,phases] GC(59)     Total                          Min: 0, Avg:  0.0, Max: 0, Diff: 0, Sum: 0, Workers: 8
[2025-06-17T23:19:08.490+0300][13852][2928 ][debug][gc,phases] GC(59) Weak Processing 0.806ms
[2025-06-17T23:19:08.490+0300][13852][2928 ][info ][gc,heap  ] GC(59) PSYoungGen: 696368K(697344K)->512K(697344K) Eden: 695808K(695808K)->0K(695808K) From: 560K(1536K)->512K(1536K)
[2025-06-17T23:19:08.490+0300][13852][2928 ][info ][gc,heap  ] GC(59) ParOldGen: 17316K(1398272K)->17364K(1398272K)
[2025-06-17T23:19:08.490+0300][13852][2928 ][info ][gc       ] GC(59) Pause Young (Allocation Failure) 696M->17M(2046M) 1.420ms
[2025-06-17T23:19:08.490+0300][13852][2928 ][debug][gc,heap  ] GC(59) Heap after GC invocations=60 (full 2):
[2025-06-17T23:19:08.490+0300][13852][2928 ][debug][gc,heap  ] GC(59)  PSYoungGen      total 697344K, used 512K [0x00000000d5580000, 0x0000000100000000, 0x0000000100000000)
[2025-06-17T23:19:08.490+0300][13852][2928 ][debug][gc,heap  ] GC(59)   eden space 695808K, 0% used [0x00000000d5580000,0x00000000d5580000,0x00000000ffd00000)
[2025-06-17T23:19:08.490+0300][13852][2928 ][debug][gc,heap  ] GC(59)   from space 1536K, 33% used [0x00000000ffe80000,0x00000000fff000e0,0x0000000100000000)
[2025-06-17T23:19:08.490+0300][13852][2928 ][debug][gc,heap  ] GC(59)   to   space 1536K, 0% used [0x00000000ffd00000,0x00000000ffd00000,0x00000000ffe80000)
[2025-06-17T23:19:08.490+0300][13852][2928 ][debug][gc,heap  ] GC(59)  ParOldGen       total 1398272K, used 17364K [0x0000000080000000, 0x00000000d5580000, 0x00000000d5580000)
[2025-06-17T23:19:08.490+0300][13852][2928 ][debug][gc,heap  ] GC(59)   object space 1398272K, 1% used [0x0000000080000000,0x00000000810f5258,0x00000000d5580000)
[2025-06-17T23:19:08.490+0300][13852][2928 ][debug][gc,heap  ] GC(59)  Metaspace       used 8731K, committed 9792K, reserved 1114112K
[2025-06-17T23:19:08.490+0300][13852][2928 ][debug][gc,heap  ] GC(59)   class space    used 873K, committed 1280K, reserved 1048576K
[2025-06-17T23:19:08.490+0300][13852][2928 ][info ][safepoint] Safepoint "ParallelGCFailedAllocation", Time since last: 205566800 ns, Reaching safepoint: 442000 ns, Cleanup: 7100 ns, At safepoint: 1941200 ns, Total: 2390300 ns
[2025-06-17T23:19:08.700+0300][13852][2928 ][debug][safepoint] Safepoint synchronization initiated using striped semaphore wait barrier. (19 threads)
[2025-06-17T23:19:08.700+0300][13852][5816 ][debug][safepoint] ... found polling page loop exception at pc = 0x0000012d12e96de0, stub =0x0000012d12894d80
[2025-06-17T23:19:08.700+0300][13852][21268][debug][safepoint] ... found polling page loop exception at pc = 0x0000012d12e96de0, stub =0x0000012d12894d80
[2025-06-17T23:19:08.700+0300][13852][7064 ][debug][safepoint] ... found polling page loop exception at pc = 0x0000012d1308122f, stub =0x0000012d12894d80
[2025-06-17T23:19:08.700+0300][13852][2928 ][debug][gc,heap  ] GC(60) Heap before GC invocations=61 (full 2):
[2025-06-17T23:19:08.700+0300][13852][2928 ][debug][gc,heap  ] GC(60)  PSYoungGen      total 697344K, used 696320K [0x00000000d5580000, 0x0000000100000000, 0x0000000100000000)
[2025-06-17T23:19:08.700+0300][13852][2928 ][debug][gc,heap  ] GC(60)   eden space 695808K, 100% used [0x00000000d5580000,0x00000000ffd00000,0x00000000ffd00000)
[2025-06-17T23:19:08.700+0300][13852][2928 ][debug][gc,heap  ] GC(60)   from space 1536K, 33% used [0x00000000ffe80000,0x00000000fff000e0,0x0000000100000000)
[2025-06-17T23:19:08.700+0300][13852][2928 ][debug][gc,heap  ] GC(60)   to   space 1536K, 0% used [0x00000000ffd00000,0x00000000ffd00000,0x00000000ffe80000)
[2025-06-17T23:19:08.700+0300][13852][2928 ][debug][gc,heap  ] GC(60)  ParOldGen       total 1398272K, used 17364K [0x0000000080000000, 0x00000000d5580000, 0x00000000d5580000)
[2025-06-17T23:19:08.700+0300][13852][2928 ][debug][gc,heap  ] GC(60)   object space 1398272K, 1% used [0x0000000080000000,0x00000000810f5258,0x00000000d5580000)
[2025-06-17T23:19:08.700+0300][13852][2928 ][debug][gc,heap  ] GC(60)  Metaspace       used 8731K, committed 9792K, reserved 1114112K
[2025-06-17T23:19:08.700+0300][13852][2928 ][debug][gc,heap  ] GC(60)   class space    used 873K, committed 1280K, reserved 1048576K
[2025-06-17T23:19:08.700+0300][13852][2928 ][debug][gc,phases] GC(60) Scavenge 0.301ms
[2025-06-17T23:19:08.700+0300][13852][2928 ][debug][gc,phases] GC(60) Reference Processing 0.049ms
[2025-06-17T23:19:08.700+0300][13852][2928 ][debug][gc,phases] GC(60)   VM Weak                        Min:  0.0, Avg:  0.0, Max:  0.0, Diff:  0.0, Sum:  0.0, Workers: 8
[2025-06-17T23:19:08.700+0300][13852][2928 ][debug][gc,phases] GC(60)     Dead                           Min: 0, Avg:  0.0, Max: 0, Diff: 0, Sum: 0, Workers: 8
[2025-06-17T23:19:08.700+0300][13852][2928 ][debug][gc,phases] GC(60)     Total                          Min: 0, Avg: 15.4, Max: 101, Diff: 101, Sum: 123, Workers: 8
[2025-06-17T23:19:08.700+0300][13852][2928 ][debug][gc,phases] GC(60)   ObjectSynchronizer Weak        Min:  0.0, Avg:  0.0, Max:  0.0, Diff:  0.0, Sum:  0.0, Workers: 8
[2025-06-17T23:19:08.700+0300][13852][2928 ][debug][gc,phases] GC(60)     Dead                           Min: 0, Avg:  0.0, Max: 0, Diff: 0, Sum: 0, Workers: 8
[2025-06-17T23:19:08.700+0300][13852][2928 ][debug][gc,phases] GC(60)     Total                          Min: 0, Avg: 16.2, Max: 66, Diff: 66, Sum: 130, Workers: 8
[2025-06-17T23:19:08.700+0300][13852][2928 ][debug][gc,phases] GC(60)   JVMTI Tag Weak OopStorage      Min:  0.0, Avg:  0.0, Max:  0.0, Diff:  0.0, Sum:  0.0, Workers: 8
[2025-06-17T23:19:08.700+0300][13852][2928 ][debug][gc,phases] GC(60)     Dead                           Min: 0, Avg:  0.0, Max: 0, Diff: 0, Sum: 0, Workers: 8
[2025-06-17T23:19:08.700+0300][13852][2928 ][debug][gc,phases] GC(60)     Total                          Min: 0, Avg:  0.0, Max: 0, Diff: 0, Sum: 0, Workers: 8
[2025-06-17T23:19:08.700+0300][13852][2928 ][debug][gc,phases] GC(60)   StringTable Weak               Min:  0.0, Avg:  0.0, Max:  0.0, Diff:  0.0, Sum:  0.1, Workers: 8
[2025-06-17T23:19:08.700+0300][13852][2928 ][debug][gc,phases] GC(60)     Dead                           Min: 0, Avg:  0.0, Max: 0, Diff: 0, Sum: 0, Workers: 8
[2025-06-17T23:19:08.700+0300][13852][2928 ][debug][gc,phases] GC(60)     Total                          Min: 640, Avg: 784.8, Max: 960, Diff: 320, Sum: 6278, Workers: 8
[2025-06-17T23:19:08.700+0300][13852][2928 ][debug][gc,phases] GC(60)   ResolvedMethodTable Weak       Min:  0.0, Avg:  0.0, Max:  0.0, Diff:  0.0, Sum:  0.0, Workers: 8
[2025-06-17T23:19:08.700+0300][13852][2928 ][debug][gc,phases] GC(60)     Dead                           Min: 0, Avg:  0.0, Max: 0, Diff: 0, Sum: 0, Workers: 8
[2025-06-17T23:19:08.700+0300][13852][2928 ][debug][gc,phases] GC(60)     Total                          Min: 59, Avg: 110.4, Max: 128, Diff: 69, Sum: 883, Workers: 8
[2025-06-17T23:19:08.700+0300][13852][2928 ][debug][gc,phases] GC(60)   JNI Weak                       Min:  0.0, Avg:  0.0, Max:  0.0, Diff:  0.0, Sum:  0.0, Workers: 8
[2025-06-17T23:19:08.700+0300][13852][2928 ][debug][gc,phases] GC(60)     Dead                           Min: 0, Avg:  0.0, Max: 0, Diff: 0, Sum: 0, Workers: 8
[2025-06-17T23:19:08.700+0300][13852][2928 ][debug][gc,phases] GC(60)     Total                          Min: 0, Avg:  0.0, Max: 0, Diff: 0, Sum: 0, Workers: 8
[2025-06-17T23:19:08.700+0300][13852][2928 ][debug][gc,phases] GC(60)   StringDedup Table Weak         Min:  0.0, Avg:  0.0, Max:  0.0, Diff:  0.0, Sum:  0.0, Workers: 8
[2025-06-17T23:19:08.700+0300][13852][2928 ][debug][gc,phases] GC(60)     Dead                           Min: 0, Avg:  0.0, Max: 0, Diff: 0, Sum: 0, Workers: 8
[2025-06-17T23:19:08.700+0300][13852][2928 ][debug][gc,phases] GC(60)     Total                          Min: 0, Avg:  0.0, Max: 0, Diff: 0, Sum: 0, Workers: 8
[2025-06-17T23:19:08.700+0300][13852][2928 ][debug][gc,phases] GC(60)   StringDedup Requests0 Weak     Min:  0.0, Avg:  0.0, Max:  0.0, Diff:  0.0, Sum:  0.0, Workers: 8
[2025-06-17T23:19:08.700+0300][13852][2928 ][debug][gc,phases] GC(60)     Dead                           Min: 0, Avg:  0.0, Max: 0, Diff: 0, Sum: 0, Workers: 8
[2025-06-17T23:19:08.700+0300][13852][2928 ][debug][gc,phases] GC(60)     Total                          Min: 0, Avg:  0.0, Max: 0, Diff: 0, Sum: 0, Workers: 8
[2025-06-17T23:19:08.700+0300][13852][2928 ][debug][gc,phases] GC(60)   StringDedup Requests1 Weak     Min:  0.0, Avg:  0.0, Max:  0.0, Diff:  0.0, Sum:  0.0, Workers: 8
[2025-06-17T23:19:08.700+0300][13852][2928 ][debug][gc,phases] GC(60)     Dead                           Min: 0, Avg:  0.0, Max: 0, Diff: 0, Sum: 0, Workers: 8
[2025-06-17T23:19:08.700+0300][13852][2928 ][debug][gc,phases] GC(60)     Total                          Min: 0, Avg:  0.0, Max: 0, Diff: 0, Sum: 0, Workers: 8
[2025-06-17T23:19:08.700+0300][13852][2928 ][debug][gc,phases] GC(60)   Weak JFR Old Object Samples    Min:  0.0, Avg:  0.0, Max:  0.0, Diff:  0.0, Sum:  0.0, Workers: 8
[2025-06-17T23:19:08.700+0300][13852][2928 ][debug][gc,phases] GC(60)     Dead                           Min: 0, Avg:  0.0, Max: 0, Diff: 0, Sum: 0, Workers: 8
[2025-06-17T23:19:08.700+0300][13852][2928 ][debug][gc,phases] GC(60)     Total                          Min: 0, Avg:  0.0, Max: 0, Diff: 0, Sum: 0, Workers: 8
[2025-06-17T23:19:08.700+0300][13852][2928 ][debug][gc,phases] GC(60) Weak Processing 0.592ms
[2025-06-17T23:19:08.700+0300][13852][2928 ][info ][gc,heap  ] GC(60) PSYoungGen: 696320K(697344K)->544K(697344K) Eden: 695808K(695808K)->0K(695808K) From: 512K(1536K)->544K(1536K)
[2025-06-17T23:19:08.700+0300][13852][2928 ][info ][gc,heap  ] GC(60) ParOldGen: 17364K(1398272K)->17428K(1398272K)
[2025-06-17T23:19:08.700+0300][13852][2928 ][info ][gc       ] GC(60) Pause Young (Allocation Failure) 696M->17M(2046M) 1.087ms
[2025-06-17T23:19:08.700+0300][13852][2928 ][debug][gc,heap  ] GC(60) Heap after GC invocations=61 (full 2):
[2025-06-17T23:19:08.700+0300][13852][2928 ][debug][gc,heap  ] GC(60)  PSYoungGen      total 697344K, used 544K [0x00000000d5580000, 0x0000000100000000, 0x0000000100000000)
[2025-06-17T23:19:08.700+0300][13852][2928 ][debug][gc,heap  ] GC(60)   eden space 695808K, 0% used [0x00000000d5580000,0x00000000d5580000,0x00000000ffd00000)
[2025-06-17T23:19:08.700+0300][13852][2928 ][debug][gc,heap  ] GC(60)   from space 1536K, 35% used [0x00000000ffd00000,0x00000000ffd88100,0x00000000ffe80000)
[2025-06-17T23:19:08.700+0300][13852][2928 ][debug][gc,heap  ] GC(60)   to   space 1536K, 0% used [0x00000000ffe80000,0x00000000ffe80000,0x0000000100000000)
[2025-06-17T23:19:08.700+0300][13852][2928 ][debug][gc,heap  ] GC(60)  ParOldGen       total 1398272K, used 17428K [0x0000000080000000, 0x00000000d5580000, 0x00000000d5580000)
[2025-06-17T23:19:08.700+0300][13852][2928 ][debug][gc,heap  ] GC(60)   object space 1398272K, 1% used [0x0000000080000000,0x0000000081105258,0x00000000d5580000)
[2025-06-17T23:19:08.700+0300][13852][2928 ][debug][gc,heap  ] GC(60)  Metaspace       used 8731K, committed 9792K, reserved 1114112K
[2025-06-17T23:19:08.700+0300][13852][2928 ][debug][gc,heap  ] GC(60)   class space    used 873K, committed 1280K, reserved 1048576K
[2025-06-17T23:19:08.700+0300][13852][2928 ][info ][safepoint] Safepoint "ParallelGCFailedAllocation", Time since last: 210221500 ns, Reaching safepoint: 254700 ns, Cleanup: 6700 ns, At safepoint: 1505900 ns, Total: 1767300 ns
[2025-06-17T23:19:08.903+0300][13852][2928 ][debug][safepoint] Safepoint synchronization initiated using striped semaphore wait barrier. (19 threads)
[2025-06-17T23:19:08.903+0300][13852][7064 ][debug][safepoint] ... found polling page loop exception at pc = 0x0000012d12e96de0, stub =0x0000012d12894d80
[2025-06-17T23:19:08.903+0300][13852][21268][debug][safepoint] ... found polling page loop exception at pc = 0x0000012d12e96de0, stub =0x0000012d12894d80
[2025-06-17T23:19:08.903+0300][13852][5816 ][debug][safepoint] ... found polling page loop exception at pc = 0x0000012d12e96de0, stub =0x0000012d12894d80
[2025-06-17T23:19:08.903+0300][13852][10904][debug][safepoint] ... found polling page loop exception at pc = 0x0000012d12e96de0, stub =0x0000012d12894d80
[2025-06-17T23:19:08.903+0300][13852][15456][debug][safepoint] ... found polling page loop exception at pc = 0x0000012d12e96de0, stub =0x0000012d12894d80
[2025-06-17T23:19:08.903+0300][13852][20072][debug][safepoint] ... found polling page loop exception at pc = 0x0000012d12e96de0, stub =0x0000012d12894d80
[2025-06-17T23:19:08.903+0300][13852][2928 ][debug][gc,heap  ] GC(61) Heap before GC invocations=62 (full 2):
[2025-06-17T23:19:08.903+0300][13852][2928 ][debug][gc,heap  ] GC(61)  PSYoungGen      total 697344K, used 696352K [0x00000000d5580000, 0x0000000100000000, 0x0000000100000000)
[2025-06-17T23:19:08.903+0300][13852][2928 ][debug][gc,heap  ] GC(61)   eden space 695808K, 100% used [0x00000000d5580000,0x00000000ffd00000,0x00000000ffd00000)
[2025-06-17T23:19:08.903+0300][13852][2928 ][debug][gc,heap  ] GC(61)   from space 1536K, 35% used [0x00000000ffd00000,0x00000000ffd88100,0x00000000ffe80000)
[2025-06-17T23:19:08.903+0300][13852][2928 ][debug][gc,heap  ] GC(61)   to   space 1536K, 0% used [0x00000000ffe80000,0x00000000ffe80000,0x0000000100000000)
[2025-06-17T23:19:08.903+0300][13852][2928 ][debug][gc,heap  ] GC(61)  ParOldGen       total 1398272K, used 17428K [0x0000000080000000, 0x00000000d5580000, 0x00000000d5580000)
[2025-06-17T23:19:08.903+0300][13852][2928 ][debug][gc,heap  ] GC(61)   object space 1398272K, 1% used [0x0000000080000000,0x0000000081105258,0x00000000d5580000)
[2025-06-17T23:19:08.903+0300][13852][2928 ][debug][gc,heap  ] GC(61)  Metaspace       used 8731K, committed 9792K, reserved 1114112K
[2025-06-17T23:19:08.903+0300][13852][2928 ][debug][gc,heap  ] GC(61)   class space    used 873K, committed 1280K, reserved 1048576K
[2025-06-17T23:19:08.903+0300][13852][2928 ][debug][gc,phases] GC(61) Scavenge 0.254ms
[2025-06-17T23:19:08.903+0300][13852][2928 ][debug][gc,phases] GC(61) Reference Processing 0.053ms
[2025-06-17T23:19:08.903+0300][13852][2928 ][debug][gc,phases] GC(61)   VM Weak                        Min:  0.0, Avg:  0.0, Max:  0.0, Diff:  0.0, Sum:  0.0, Workers: 8
[2025-06-17T23:19:08.903+0300][13852][2928 ][debug][gc,phases] GC(61)     Dead                           Min: 0, Avg:  0.0, Max: 0, Diff: 0, Sum: 0, Workers: 8
[2025-06-17T23:19:08.903+0300][13852][2928 ][debug][gc,phases] GC(61)     Total                          Min: 0, Avg: 15.4, Max: 123, Diff: 123, Sum: 123, Workers: 8
[2025-06-17T23:19:08.903+0300][13852][2928 ][debug][gc,phases] GC(61)   ObjectSynchronizer Weak        Min:  0.0, Avg:  0.0, Max:  0.0, Diff:  0.0, Sum:  0.0, Workers: 8
[2025-06-17T23:19:08.903+0300][13852][2928 ][debug][gc,phases] GC(61)     Dead                           Min: 0, Avg:  0.0, Max: 0, Diff: 0, Sum: 0, Workers: 8
[2025-06-17T23:19:08.903+0300][13852][2928 ][debug][gc,phases] GC(61)     Total                          Min: 0, Avg: 16.2, Max: 66, Diff: 66, Sum: 130, Workers: 8
[2025-06-17T23:19:08.903+0300][13852][2928 ][debug][gc,phases] GC(61)   JVMTI Tag Weak OopStorage      Min:  0.0, Avg:  0.0, Max:  0.0, Diff:  0.0, Sum:  0.0, Workers: 8
[2025-06-17T23:19:08.903+0300][13852][2928 ][debug][gc,phases] GC(61)     Dead                           Min: 0, Avg:  0.0, Max: 0, Diff: 0, Sum: 0, Workers: 8
[2025-06-17T23:19:08.903+0300][13852][2928 ][debug][gc,phases] GC(61)     Total                          Min: 0, Avg:  0.0, Max: 0, Diff: 0, Sum: 0, Workers: 8
[2025-06-17T23:19:08.903+0300][13852][2928 ][debug][gc,phases] GC(61)   StringTable Weak               Min:  0.0, Avg:  0.0, Max:  0.0, Diff:  0.0, Sum:  0.1, Workers: 8
[2025-06-17T23:19:08.903+0300][13852][2928 ][debug][gc,phases] GC(61)     Dead                           Min: 0, Avg:  0.0, Max: 0, Diff: 0, Sum: 0, Workers: 8
[2025-06-17T23:19:08.903+0300][13852][2928 ][debug][gc,phases] GC(61)     Total                          Min: 582, Avg: 784.8, Max: 896, Diff: 314, Sum: 6278, Workers: 8
[2025-06-17T23:19:08.903+0300][13852][2928 ][debug][gc,phases] GC(61)   ResolvedMethodTable Weak       Min:  0.0, Avg:  0.0, Max:  0.0, Diff:  0.0, Sum:  0.0, Workers: 8
[2025-06-17T23:19:08.903+0300][13852][2928 ][debug][gc,phases] GC(61)     Dead                           Min: 0, Avg:  0.0, Max: 0, Diff: 0, Sum: 0, Workers: 8
[2025-06-17T23:19:08.903+0300][13852][2928 ][debug][gc,phases] GC(61)     Total                          Min: 61, Avg: 110.4, Max: 186, Diff: 125, Sum: 883, Workers: 8
[2025-06-17T23:19:08.903+0300][13852][2928 ][debug][gc,phases] GC(61)   JNI Weak                       Min:  0.0, Avg:  0.0, Max:  0.0, Diff:  0.0, Sum:  0.0, Workers: 8
[2025-06-17T23:19:08.903+0300][13852][2928 ][debug][gc,phases] GC(61)     Dead                           Min: 0, Avg:  0.0, Max: 0, Diff: 0, Sum: 0, Workers: 8
[2025-06-17T23:19:08.903+0300][13852][2928 ][debug][gc,phases] GC(61)     Total                          Min: 0, Avg:  0.0, Max: 0, Diff: 0, Sum: 0, Workers: 8
[2025-06-17T23:19:08.903+0300][13852][2928 ][debug][gc,phases] GC(61)   StringDedup Table Weak         Min:  0.0, Avg:  0.0, Max:  0.0, Diff:  0.0, Sum:  0.0, Workers: 8
[2025-06-17T23:19:08.903+0300][13852][2928 ][debug][gc,phases] GC(61)     Dead                           Min: 0, Avg:  0.0, Max: 0, Diff: 0, Sum: 0, Workers: 8
[2025-06-17T23:19:08.903+0300][13852][2928 ][debug][gc,phases] GC(61)     Total                          Min: 0, Avg:  0.0, Max: 0, Diff: 0, Sum: 0, Workers: 8
[2025-06-17T23:19:08.903+0300][13852][2928 ][debug][gc,phases] GC(61)   StringDedup Requests0 Weak     Min:  0.0, Avg:  0.0, Max:  0.0, Diff:  0.0, Sum:  0.0, Workers: 8
[2025-06-17T23:19:08.903+0300][13852][2928 ][debug][gc,phases] GC(61)     Dead                           Min: 0, Avg:  0.0, Max: 0, Diff: 0, Sum: 0, Workers: 8
[2025-06-17T23:19:08.903+0300][13852][2928 ][debug][gc,phases] GC(61)     Total                          Min: 0, Avg:  0.0, Max: 0, Diff: 0, Sum: 0, Workers: 8
[2025-06-17T23:19:08.903+0300][13852][2928 ][debug][gc,phases] GC(61)   StringDedup Requests1 Weak     Min:  0.0, Avg:  0.0, Max:  0.0, Diff:  0.0, Sum:  0.0, Workers: 8
[2025-06-17T23:19:08.903+0300][13852][2928 ][debug][gc,phases] GC(61)     Dead                           Min: 0, Avg:  0.0, Max: 0, Diff: 0, Sum: 0, Workers: 8
[2025-06-17T23:19:08.903+0300][13852][2928 ][debug][gc,phases] GC(61)     Total                          Min: 0, Avg:  0.0, Max: 0, Diff: 0, Sum: 0, Workers: 8
[2025-06-17T23:19:08.903+0300][13852][2928 ][debug][gc,phases] GC(61)   Weak JFR Old Object Samples    Min:  0.0, Avg:  0.0, Max:  0.0, Diff:  0.0, Sum:  0.0, Workers: 8
[2025-06-17T23:19:08.903+0300][13852][2928 ][debug][gc,phases] GC(61)     Dead                           Min: 0, Avg:  0.0, Max: 0, Diff: 0, Sum: 0, Workers: 8
[2025-06-17T23:19:08.903+0300][13852][2928 ][debug][gc,phases] GC(61)     Total                          Min: 0, Avg:  0.0, Max: 0, Diff: 0, Sum: 0, Workers: 8
[2025-06-17T23:19:08.903+0300][13852][2928 ][debug][gc,phases] GC(61) Weak Processing 0.594ms
[2025-06-17T23:19:08.903+0300][13852][2928 ][info ][gc,heap  ] GC(61) PSYoungGen: 696352K(697344K)->512K(697344K) Eden: 695808K(695808K)->0K(695808K) From: 544K(1536K)->512K(1536K)
[2025-06-17T23:19:08.903+0300][13852][2928 ][info ][gc,heap  ] GC(61) ParOldGen: 17428K(1398272K)->17492K(1398272K)
[2025-06-17T23:19:08.903+0300][13852][2928 ][info ][gc       ] GC(61) Pause Young (Allocation Failure) 697M->17M(2046M) 1.037ms
[2025-06-17T23:19:08.903+0300][13852][2928 ][debug][gc,heap  ] GC(61) Heap after GC invocations=62 (full 2):
[2025-06-17T23:19:08.903+0300][13852][2928 ][debug][gc,heap  ] GC(61)  PSYoungGen      total 697344K, used 512K [0x00000000d5580000, 0x0000000100000000, 0x0000000100000000)
[2025-06-17T23:19:08.903+0300][13852][2928 ][debug][gc,heap  ] GC(61)   eden space 695808K, 0% used [0x00000000d5580000,0x00000000d5580000,0x00000000ffd00000)
[2025-06-17T23:19:08.903+0300][13852][2928 ][debug][gc,heap  ] GC(61)   from space 1536K, 33% used [0x00000000ffe80000,0x00000000fff00100,0x0000000100000000)
[2025-06-17T23:19:08.903+0300][13852][2928 ][debug][gc,heap  ] GC(61)   to   space 1536K, 0% used [0x00000000ffd00000,0x00000000ffd00000,0x00000000ffe80000)
[2025-06-17T23:19:08.903+0300][13852][2928 ][debug][gc,heap  ] GC(61)  ParOldGen       total 1398272K, used 17492K [0x0000000080000000, 0x00000000d5580000, 0x00000000d5580000)
[2025-06-17T23:19:08.903+0300][13852][2928 ][debug][gc,heap  ] GC(61)   object space 1398272K, 1% used [0x0000000080000000,0x0000000081115258,0x00000000d5580000)
[2025-06-17T23:19:08.903+0300][13852][2928 ][debug][gc,heap  ] GC(61)  Metaspace       used 8731K, committed 9792K, reserved 1114112K
[2025-06-17T23:19:08.903+0300][13852][2928 ][debug][gc,heap  ] GC(61)   class space    used 873K, committed 1280K, reserved 1048576K
[2025-06-17T23:19:08.903+0300][13852][2928 ][info ][safepoint] Safepoint "ParallelGCFailedAllocation", Time since last: 201428500 ns, Reaching safepoint: 434700 ns, Cleanup: 6300 ns, At safepoint: 1436800 ns, Total: 1877800 ns
[2025-06-17T23:19:09.112+0300][13852][2928 ][debug][safepoint] Safepoint synchronization initiated using striped semaphore wait barrier. (19 threads)
[2025-06-17T23:19:09.112+0300][13852][5816 ][debug][safepoint] ... found polling page loop exception at pc = 0x0000012d12e96de0, stub =0x0000012d12894d80
[2025-06-17T23:19:09.112+0300][13852][21268][debug][safepoint] ... found polling page loop exception at pc = 0x0000012d12e96de0, stub =0x0000012d12894d80
[2025-06-17T23:19:09.112+0300][13852][18556][debug][safepoint] ... found polling page loop exception at pc = 0x0000012d1308122f, stub =0x0000012d12894d80
[2025-06-17T23:19:09.112+0300][13852][7064 ][debug][safepoint] ... found polling page loop exception at pc = 0x0000012d12e96de0, stub =0x0000012d12894d80
[2025-06-17T23:19:09.112+0300][13852][1412 ][debug][safepoint] ... found polling page loop exception at pc = 0x0000012d12e96de0, stub =0x0000012d12894d80
[2025-06-17T23:19:09.112+0300][13852][2928 ][debug][gc,heap  ] GC(62) Heap before GC invocations=63 (full 2):
[2025-06-17T23:19:09.112+0300][13852][2928 ][debug][gc,heap  ] GC(62)  PSYoungGen      total 697344K, used 696320K [0x00000000d5580000, 0x0000000100000000, 0x0000000100000000)
[2025-06-17T23:19:09.112+0300][13852][2928 ][debug][gc,heap  ] GC(62)   eden space 695808K, 100% used [0x00000000d5580000,0x00000000ffd00000,0x00000000ffd00000)
[2025-06-17T23:19:09.112+0300][13852][2928 ][debug][gc,heap  ] GC(62)   from space 1536K, 33% used [0x00000000ffe80000,0x00000000fff00100,0x0000000100000000)
[2025-06-17T23:19:09.112+0300][13852][2928 ][debug][gc,heap  ] GC(62)   to   space 1536K, 0% used [0x00000000ffd00000,0x00000000ffd00000,0x00000000ffe80000)
[2025-06-17T23:19:09.112+0300][13852][2928 ][debug][gc,heap  ] GC(62)  ParOldGen       total 1398272K, used 17492K [0x0000000080000000, 0x00000000d5580000, 0x00000000d5580000)
[2025-06-17T23:19:09.112+0300][13852][2928 ][debug][gc,heap  ] GC(62)   object space 1398272K, 1% used [0x0000000080000000,0x0000000081115258,0x00000000d5580000)
[2025-06-17T23:19:09.112+0300][13852][2928 ][debug][gc,heap  ] GC(62)  Metaspace       used 8731K, committed 9792K, reserved 1114112K
[2025-06-17T23:19:09.112+0300][13852][2928 ][debug][gc,heap  ] GC(62)   class space    used 873K, committed 1280K, reserved 1048576K
[2025-06-17T23:19:09.112+0300][13852][2928 ][debug][gc,phases] GC(62) Scavenge 0.349ms
[2025-06-17T23:19:09.112+0300][13852][2928 ][debug][gc,phases] GC(62) Reference Processing 0.066ms
[2025-06-17T23:19:09.114+0300][13852][2928 ][debug][gc,phases] GC(62)   VM Weak                        Min:  0.0, Avg:  0.0, Max:  0.0, Diff:  0.0, Sum:  0.0, Workers: 8
[2025-06-17T23:19:09.114+0300][13852][2928 ][debug][gc,phases] GC(62)     Dead                           Min: 0, Avg:  0.0, Max: 0, Diff: 0, Sum: 0, Workers: 8
[2025-06-17T23:19:09.114+0300][13852][2928 ][debug][gc,phases] GC(62)     Total                          Min: 0, Avg: 15.4, Max: 123, Diff: 123, Sum: 123, Workers: 8
[2025-06-17T23:19:09.114+0300][13852][2928 ][debug][gc,phases] GC(62)   ObjectSynchronizer Weak        Min:  0.0, Avg:  0.0, Max:  0.0, Diff:  0.0, Sum:  0.0, Workers: 8
[2025-06-17T23:19:09.114+0300][13852][2928 ][debug][gc,phases] GC(62)     Dead                           Min: 0, Avg:  0.0, Max: 0, Diff: 0, Sum: 0, Workers: 8
[2025-06-17T23:19:09.114+0300][13852][2928 ][debug][gc,phases] GC(62)     Total                          Min: 0, Avg: 16.2, Max: 66, Diff: 66, Sum: 130, Workers: 8
[2025-06-17T23:19:09.114+0300][13852][2928 ][debug][gc,phases] GC(62)   JVMTI Tag Weak OopStorage      Min:  0.0, Avg:  0.0, Max:  0.0, Diff:  0.0, Sum:  0.0, Workers: 8
[2025-06-17T23:19:09.114+0300][13852][2928 ][debug][gc,phases] GC(62)     Dead                           Min: 0, Avg:  0.0, Max: 0, Diff: 0, Sum: 0, Workers: 8
[2025-06-17T23:19:09.114+0300][13852][2928 ][debug][gc,phases] GC(62)     Total                          Min: 0, Avg:  0.0, Max: 0, Diff: 0, Sum: 0, Workers: 8
[2025-06-17T23:19:09.114+0300][13852][2928 ][debug][gc,phases] GC(62)   StringTable Weak               Min:  0.0, Avg:  0.0, Max:  0.0, Diff:  0.0, Sum:  0.1, Workers: 8
[2025-06-17T23:19:09.114+0300][13852][2928 ][debug][gc,phases] GC(62)     Dead                           Min: 0, Avg:  0.0, Max: 0, Diff: 0, Sum: 0, Workers: 8
[2025-06-17T23:19:09.114+0300][13852][2928 ][debug][gc,phases] GC(62)     Total                          Min: 576, Avg: 784.8, Max: 1024, Diff: 448, Sum: 6278, Workers: 8
[2025-06-17T23:19:09.114+0300][13852][2928 ][debug][gc,phases] GC(62)   ResolvedMethodTable Weak       Min:  0.0, Avg:  0.0, Max:  0.0, Diff:  0.0, Sum:  0.0, Workers: 8
[2025-06-17T23:19:09.114+0300][13852][2928 ][debug][gc,phases] GC(62)     Dead                           Min: 0, Avg:  0.0, Max: 0, Diff: 0, Sum: 0, Workers: 8
[2025-06-17T23:19:09.114+0300][13852][2928 ][debug][gc,phases] GC(62)     Total                          Min: 59, Avg: 110.4, Max: 128, Diff: 69, Sum: 883, Workers: 8
[2025-06-17T23:19:09.114+0300][13852][2928 ][debug][gc,phases] GC(62)   JNI Weak                       Min:  0.0, Avg:  0.0, Max:  0.0, Diff:  0.0, Sum:  0.0, Workers: 8
[2025-06-17T23:19:09.114+0300][13852][2928 ][debug][gc,phases] GC(62)     Dead                           Min: 0, Avg:  0.0, Max: 0, Diff: 0, Sum: 0, Workers: 8
[2025-06-17T23:19:09.114+0300][13852][2928 ][debug][gc,phases] GC(62)     Total                          Min: 0, Avg:  0.0, Max: 0, Diff: 0, Sum: 0, Workers: 8
[2025-06-17T23:19:09.114+0300][13852][2928 ][debug][gc,phases] GC(62)   StringDedup Table Weak         Min:  0.0, Avg:  0.0, Max:  0.0, Diff:  0.0, Sum:  0.0, Workers: 8
[2025-06-17T23:19:09.114+0300][13852][2928 ][debug][gc,phases] GC(62)     Dead                           Min: 0, Avg:  0.0, Max: 0, Diff: 0, Sum: 0, Workers: 8
[2025-06-17T23:19:09.114+0300][13852][2928 ][debug][gc,phases] GC(62)     Total                          Min: 0, Avg:  0.0, Max: 0, Diff: 0, Sum: 0, Workers: 8
[2025-06-17T23:19:09.114+0300][13852][2928 ][debug][gc,phases] GC(62)   StringDedup Requests0 Weak     Min:  0.0, Avg:  0.0, Max:  0.0, Diff:  0.0, Sum:  0.0, Workers: 8
[2025-06-17T23:19:09.114+0300][13852][2928 ][debug][gc,phases] GC(62)     Dead                           Min: 0, Avg:  0.0, Max: 0, Diff: 0, Sum: 0, Workers: 8
[2025-06-17T23:19:09.114+0300][13852][2928 ][debug][gc,phases] GC(62)     Total                          Min: 0, Avg:  0.0, Max: 0, Diff: 0, Sum: 0, Workers: 8
[2025-06-17T23:19:09.114+0300][13852][2928 ][debug][gc,phases] GC(62)   StringDedup Requests1 Weak     Min:  0.0, Avg:  0.0, Max:  0.0, Diff:  0.0, Sum:  0.0, Workers: 8
[2025-06-17T23:19:09.114+0300][13852][2928 ][debug][gc,phases] GC(62)     Dead                           Min: 0, Avg:  0.0, Max: 0, Diff: 0, Sum: 0, Workers: 8
[2025-06-17T23:19:09.114+0300][13852][2928 ][debug][gc,phases] GC(62)     Total                          Min: 0, Avg:  0.0, Max: 0, Diff: 0, Sum: 0, Workers: 8
[2025-06-17T23:19:09.114+0300][13852][2928 ][debug][gc,phases] GC(62)   Weak JFR Old Object Samples    Min:  0.0, Avg:  0.0, Max:  0.0, Diff:  0.0, Sum:  0.0, Workers: 8
[2025-06-17T23:19:09.114+0300][13852][2928 ][debug][gc,phases] GC(62)     Dead                           Min: 0, Avg:  0.0, Max: 0, Diff: 0, Sum: 0, Workers: 8
[2025-06-17T23:19:09.114+0300][13852][2928 ][debug][gc,phases] GC(62)     Total                          Min: 0, Avg:  0.0, Max: 0, Diff: 0, Sum: 0, Workers: 8
[2025-06-17T23:19:09.114+0300][13852][2928 ][debug][gc,phases] GC(62) Weak Processing 0.599ms
[2025-06-17T23:19:09.114+0300][13852][2928 ][info ][gc,heap  ] GC(62) PSYoungGen: 696320K(697344K)->512K(697344K) Eden: 695808K(695808K)->0K(695808K) From: 512K(1536K)->512K(1536K)
[2025-06-17T23:19:09.114+0300][13852][2928 ][info ][gc,heap  ] GC(62) ParOldGen: 17492K(1398272K)->17548K(1398272K)
[2025-06-17T23:19:09.114+0300][13852][2928 ][info ][gc       ] GC(62) Pause Young (Allocation Failure) 697M->17M(2046M) 1.174ms
[2025-06-17T23:19:09.114+0300][13852][2928 ][debug][gc,heap  ] GC(62) Heap after GC invocations=63 (full 2):
[2025-06-17T23:19:09.114+0300][13852][2928 ][debug][gc,heap  ] GC(62)  PSYoungGen      total 697344K, used 512K [0x00000000d5580000, 0x0000000100000000, 0x0000000100000000)
[2025-06-17T23:19:09.114+0300][13852][2928 ][debug][gc,heap  ] GC(62)   eden space 695808K, 0% used [0x00000000d5580000,0x00000000d5580000,0x00000000ffd00000)
[2025-06-17T23:19:09.114+0300][13852][2928 ][debug][gc,heap  ] GC(62)   from space 1536K, 33% used [0x00000000ffd00000,0x00000000ffd800e0,0x00000000ffe80000)
[2025-06-17T23:19:09.114+0300][13852][2928 ][debug][gc,heap  ] GC(62)   to   space 1536K, 0% used [0x00000000ffe80000,0x00000000ffe80000,0x0000000100000000)
[2025-06-17T23:19:09.114+0300][13852][2928 ][debug][gc,heap  ] GC(62)  ParOldGen       total 1398272K, used 17548K [0x0000000080000000, 0x00000000d5580000, 0x00000000d5580000)
[2025-06-17T23:19:09.114+0300][13852][2928 ][debug][gc,heap  ] GC(62)   object space 1398272K, 1% used [0x0000000080000000,0x0000000081123258,0x00000000d5580000)
[2025-06-17T23:19:09.114+0300][13852][2928 ][debug][gc,heap  ] GC(62)  Metaspace       used 8731K, committed 9792K, reserved 1114112K
[2025-06-17T23:19:09.114+0300][13852][2928 ][debug][gc,heap  ] GC(62)   class space    used 873K, committed 1280K, reserved 1048576K
[2025-06-17T23:19:09.114+0300][13852][2928 ][info ][safepoint] Safepoint "ParallelGCFailedAllocation", Time since last: 207391600 ns, Reaching safepoint: 365800 ns, Cleanup: 7200 ns, At safepoint: 1575500 ns, Total: 1948500 ns
[2025-06-17T23:19:09.355+0300][13852][2928 ][debug][safepoint] Safepoint synchronization initiated using striped semaphore wait barrier. (19 threads)
[2025-06-17T23:19:09.355+0300][13852][10904][debug][safepoint] ... found polling page loop exception at pc = 0x0000012d12f02756, stub =0x0000012d12895600
[2025-06-17T23:19:09.355+0300][13852][20072][debug][safepoint] ... found polling page loop exception at pc = 0x0000012d12e96de0, stub =0x0000012d12894d80
[2025-06-17T23:19:09.355+0300][13852][1412 ][debug][safepoint] ... found polling page loop exception at pc = 0x0000012d12e96de0, stub =0x0000012d12894d80
[2025-06-17T23:19:09.355+0300][13852][15456][debug][safepoint] ... found polling page loop exception at pc = 0x0000012d12e96de0, stub =0x0000012d12894d80
[2025-06-17T23:19:09.355+0300][13852][18556][debug][safepoint] ... found polling page loop exception at pc = 0x0000012d12e96de0, stub =0x0000012d12894d80
[2025-06-17T23:19:09.355+0300][13852][2928 ][debug][gc,heap  ] GC(63) Heap before GC invocations=64 (full 2):
[2025-06-17T23:19:09.355+0300][13852][2928 ][debug][gc,heap  ] GC(63)  PSYoungGen      total 697344K, used 696320K [0x00000000d5580000, 0x0000000100000000, 0x0000000100000000)
[2025-06-17T23:19:09.355+0300][13852][2928 ][debug][gc,heap  ] GC(63)   eden space 695808K, 100% used [0x00000000d5580000,0x00000000ffd00000,0x00000000ffd00000)
[2025-06-17T23:19:09.355+0300][13852][2928 ][debug][gc,heap  ] GC(63)   from space 1536K, 33% used [0x00000000ffd00000,0x00000000ffd800e0,0x00000000ffe80000)
[2025-06-17T23:19:09.355+0300][13852][2928 ][debug][gc,heap  ] GC(63)   to   space 1536K, 0% used [0x00000000ffe80000,0x00000000ffe80000,0x0000000100000000)
[2025-06-17T23:19:09.355+0300][13852][2928 ][debug][gc,heap  ] GC(63)  ParOldGen       total 1398272K, used 17548K [0x0000000080000000, 0x00000000d5580000, 0x00000000d5580000)
[2025-06-17T23:19:09.355+0300][13852][2928 ][debug][gc,heap  ] GC(63)   object space 1398272K, 1% used [0x0000000080000000,0x0000000081123258,0x00000000d5580000)
[2025-06-17T23:19:09.355+0300][13852][2928 ][debug][gc,heap  ] GC(63)  Metaspace       used 8731K, committed 9792K, reserved 1114112K
[2025-06-17T23:19:09.355+0300][13852][2928 ][debug][gc,heap  ] GC(63)   class space    used 873K, committed 1280K, reserved 1048576K
[2025-06-17T23:19:09.355+0300][13852][2928 ][debug][gc,phases] GC(63) Scavenge 0.407ms
[2025-06-17T23:19:09.355+0300][13852][2928 ][debug][gc,phases] GC(63) Reference Processing 0.049ms
[2025-06-17T23:19:09.355+0300][13852][2928 ][debug][gc,phases] GC(63)   VM Weak                        Min:  0.0, Avg:  0.0, Max:  0.0, Diff:  0.0, Sum:  0.0, Workers: 8
[2025-06-17T23:19:09.355+0300][13852][2928 ][debug][gc,phases] GC(63)     Dead                           Min: 0, Avg:  0.0, Max: 0, Diff: 0, Sum: 0, Workers: 8
[2025-06-17T23:19:09.355+0300][13852][2928 ][debug][gc,phases] GC(63)     Total                          Min: 0, Avg: 15.4, Max: 106, Diff: 106, Sum: 123, Workers: 8
[2025-06-17T23:19:09.355+0300][13852][2928 ][debug][gc,phases] GC(63)   ObjectSynchronizer Weak        Min:  0.0, Avg:  0.0, Max:  0.0, Diff:  0.0, Sum:  0.0, Workers: 8
[2025-06-17T23:19:09.355+0300][13852][2928 ][debug][gc,phases] GC(63)     Dead                           Min: 0, Avg:  0.0, Max: 0, Diff: 0, Sum: 0, Workers: 8
[2025-06-17T23:19:09.355+0300][13852][2928 ][debug][gc,phases] GC(63)     Total                          Min: 0, Avg: 16.2, Max: 66, Diff: 66, Sum: 130, Workers: 8
[2025-06-17T23:19:09.355+0300][13852][2928 ][debug][gc,phases] GC(63)   JVMTI Tag Weak OopStorage      Min:  0.0, Avg:  0.0, Max:  0.0, Diff:  0.0, Sum:  0.0, Workers: 8
[2025-06-17T23:19:09.355+0300][13852][2928 ][debug][gc,phases] GC(63)     Dead                           Min: 0, Avg:  0.0, Max: 0, Diff: 0, Sum: 0, Workers: 8
[2025-06-17T23:19:09.355+0300][13852][2928 ][debug][gc,phases] GC(63)     Total                          Min: 0, Avg:  0.0, Max: 0, Diff: 0, Sum: 0, Workers: 8
[2025-06-17T23:19:09.355+0300][13852][2928 ][debug][gc,phases] GC(63)   StringTable Weak               Min:  0.0, Avg:  0.0, Max:  0.0, Diff:  0.0, Sum:  0.1, Workers: 8
[2025-06-17T23:19:09.355+0300][13852][2928 ][debug][gc,phases] GC(63)     Dead                           Min: 0, Avg:  0.0, Max: 0, Diff: 0, Sum: 0, Workers: 8
[2025-06-17T23:19:09.355+0300][13852][2928 ][debug][gc,phases] GC(63)     Total                          Min: 512, Avg: 784.8, Max: 966, Diff: 454, Sum: 6278, Workers: 8
[2025-06-17T23:19:09.355+0300][13852][2928 ][debug][gc,phases] GC(63)   ResolvedMethodTable Weak       Min:  0.0, Avg:  0.0, Max:  0.0, Diff:  0.0, Sum:  0.0, Workers: 8
[2025-06-17T23:19:09.355+0300][13852][2928 ][debug][gc,phases] GC(63)     Dead                           Min: 0, Avg:  0.0, Max: 0, Diff: 0, Sum: 0, Workers: 8
[2025-06-17T23:19:09.355+0300][13852][2928 ][debug][gc,phases] GC(63)     Total                          Min: 61, Avg: 110.4, Max: 128, Diff: 67, Sum: 883, Workers: 8
[2025-06-17T23:19:09.355+0300][13852][2928 ][debug][gc,phases] GC(63)   JNI Weak                       Min:  0.0, Avg:  0.0, Max:  0.0, Diff:  0.0, Sum:  0.0, Workers: 8
[2025-06-17T23:19:09.355+0300][13852][2928 ][debug][gc,phases] GC(63)     Dead                           Min: 0, Avg:  0.0, Max: 0, Diff: 0, Sum: 0, Workers: 8
[2025-06-17T23:19:09.355+0300][13852][2928 ][debug][gc,phases] GC(63)     Total                          Min: 0, Avg:  0.0, Max: 0, Diff: 0, Sum: 0, Workers: 8
[2025-06-17T23:19:09.355+0300][13852][2928 ][debug][gc,phases] GC(63)   StringDedup Table Weak         Min:  0.0, Avg:  0.0, Max:  0.0, Diff:  0.0, Sum:  0.0, Workers: 8
[2025-06-17T23:19:09.355+0300][13852][2928 ][debug][gc,phases] GC(63)     Dead                           Min: 0, Avg:  0.0, Max: 0, Diff: 0, Sum: 0, Workers: 8
[2025-06-17T23:19:09.355+0300][13852][2928 ][debug][gc,phases] GC(63)     Total                          Min: 0, Avg:  0.0, Max: 0, Diff: 0, Sum: 0, Workers: 8
[2025-06-17T23:19:09.355+0300][13852][2928 ][debug][gc,phases] GC(63)   StringDedup Requests0 Weak     Min:  0.0, Avg:  0.0, Max:  0.0, Diff:  0.0, Sum:  0.0, Workers: 8
[2025-06-17T23:19:09.355+0300][13852][2928 ][debug][gc,phases] GC(63)     Dead                           Min: 0, Avg:  0.0, Max: 0, Diff: 0, Sum: 0, Workers: 8
[2025-06-17T23:19:09.355+0300][13852][2928 ][debug][gc,phases] GC(63)     Total                          Min: 0, Avg:  0.0, Max: 0, Diff: 0, Sum: 0, Workers: 8
[2025-06-17T23:19:09.355+0300][13852][2928 ][debug][gc,phases] GC(63)   StringDedup Requests1 Weak     Min:  0.0, Avg:  0.0, Max:  0.0, Diff:  0.0, Sum:  0.0, Workers: 8
[2025-06-17T23:19:09.355+0300][13852][2928 ][debug][gc,phases] GC(63)     Dead                           Min: 0, Avg:  0.0, Max: 0, Diff: 0, Sum: 0, Workers: 8
[2025-06-17T23:19:09.355+0300][13852][2928 ][debug][gc,phases] GC(63)     Total                          Min: 0, Avg:  0.0, Max: 0, Diff: 0, Sum: 0, Workers: 8
[2025-06-17T23:19:09.355+0300][13852][2928 ][debug][gc,phases] GC(63)   Weak JFR Old Object Samples    Min:  0.0, Avg:  0.0, Max:  0.0, Diff:  0.0, Sum:  0.0, Workers: 8
[2025-06-17T23:19:09.355+0300][13852][2928 ][debug][gc,phases] GC(63)     Dead                           Min: 0, Avg:  0.0, Max: 0, Diff: 0, Sum: 0, Workers: 8
[2025-06-17T23:19:09.355+0300][13852][2928 ][debug][gc,phases] GC(63)     Total                          Min: 0, Avg:  0.0, Max: 0, Diff: 0, Sum: 0, Workers: 8
[2025-06-17T23:19:09.355+0300][13852][2928 ][debug][gc,phases] GC(63) Weak Processing 0.608ms
[2025-06-17T23:19:09.355+0300][13852][2928 ][info ][gc,heap  ] GC(63) PSYoungGen: 696320K(697344K)->512K(697344K) Eden: 695808K(695808K)->0K(695808K) From: 512K(1536K)->512K(1536K)
[2025-06-17T23:19:09.355+0300][13852][2928 ][info ][gc,heap  ] GC(63) ParOldGen: 17548K(1398272K)->17604K(1398272K)
[2025-06-17T23:19:09.355+0300][13852][2928 ][info ][gc       ] GC(63) Pause Young (Allocation Failure) 697M->17M(2046M) 1.202ms
[2025-06-17T23:19:09.355+0300][13852][2928 ][debug][gc,heap  ] GC(63) Heap after GC invocations=64 (full 2):
[2025-06-17T23:19:09.355+0300][13852][2928 ][debug][gc,heap  ] GC(63)  PSYoungGen      total 697344K, used 512K [0x00000000d5580000, 0x0000000100000000, 0x0000000100000000)
[2025-06-17T23:19:09.355+0300][13852][2928 ][debug][gc,heap  ] GC(63)   eden space 695808K, 0% used [0x00000000d5580000,0x00000000d5580000,0x00000000ffd00000)
[2025-06-17T23:19:09.355+0300][13852][2928 ][debug][gc,heap  ] GC(63)   from space 1536K, 33% used [0x00000000ffe80000,0x00000000fff000e0,0x0000000100000000)
[2025-06-17T23:19:09.355+0300][13852][2928 ][debug][gc,heap  ] GC(63)   to   space 1536K, 0% used [0x00000000ffd00000,0x00000000ffd00000,0x00000000ffe80000)
[2025-06-17T23:19:09.355+0300][13852][2928 ][debug][gc,heap  ] GC(63)  ParOldGen       total 1398272K, used 17604K [0x0000000080000000, 0x00000000d5580000, 0x00000000d5580000)
[2025-06-17T23:19:09.355+0300][13852][2928 ][debug][gc,heap  ] GC(63)   object space 1398272K, 1% used [0x0000000080000000,0x0000000081131258,0x00000000d5580000)
[2025-06-17T23:19:09.355+0300][13852][2928 ][debug][gc,heap  ] GC(63)  Metaspace       used 8731K, committed 9792K, reserved 1114112K
[2025-06-17T23:19:09.355+0300][13852][2928 ][debug][gc,heap  ] GC(63)   class space    used 873K, committed 1280K, reserved 1048576K
[2025-06-17T23:19:09.355+0300][13852][2928 ][info ][safepoint] Safepoint "ParallelGCFailedAllocation", Time since last: 241445400 ns, Reaching safepoint: 367200 ns, Cleanup: 7900 ns, At safepoint: 1717600 ns, Total: 2092700 ns
[2025-06-17T23:19:09.605+0300][13852][2928 ][debug][safepoint] Safepoint synchronization initiated using striped semaphore wait barrier. (19 threads)
[2025-06-17T23:19:09.605+0300][13852][20072][debug][safepoint] ... found polling page loop exception at pc = 0x0000012d12e96de0, stub =0x0000012d12894d80
[2025-06-17T23:19:09.605+0300][13852][18556][debug][safepoint] ... found polling page loop exception at pc = 0x0000012d12e96de0, stub =0x0000012d12894d80
[2025-06-17T23:19:09.605+0300][13852][5816 ][debug][safepoint] ... found polling page loop exception at pc = 0x0000012d12e96de0, stub =0x0000012d12894d80
[2025-06-17T23:19:09.605+0300][13852][21268][debug][safepoint] ... found polling page loop exception at pc = 0x0000012d12e96de0, stub =0x0000012d12894d80
[2025-06-17T23:19:09.605+0300][13852][1412 ][debug][safepoint] ... found polling page loop exception at pc = 0x0000012d12e96de0, stub =0x0000012d12894d80
[2025-06-17T23:19:09.605+0300][13852][2928 ][debug][gc,heap  ] GC(64) Heap before GC invocations=65 (full 2):
[2025-06-17T23:19:09.605+0300][13852][2928 ][debug][gc,heap  ] GC(64)  PSYoungGen      total 697344K, used 696320K [0x00000000d5580000, 0x0000000100000000, 0x0000000100000000)
[2025-06-17T23:19:09.605+0300][13852][2928 ][debug][gc,heap  ] GC(64)   eden space 695808K, 100% used [0x00000000d5580000,0x00000000ffd00000,0x00000000ffd00000)
[2025-06-17T23:19:09.605+0300][13852][2928 ][debug][gc,heap  ] GC(64)   from space 1536K, 33% used [0x00000000ffe80000,0x00000000fff000e0,0x0000000100000000)
[2025-06-17T23:19:09.605+0300][13852][2928 ][debug][gc,heap  ] GC(64)   to   space 1536K, 0% used [0x00000000ffd00000,0x00000000ffd00000,0x00000000ffe80000)
[2025-06-17T23:19:09.605+0300][13852][2928 ][debug][gc,heap  ] GC(64)  ParOldGen       total 1398272K, used 17604K [0x0000000080000000, 0x00000000d5580000, 0x00000000d5580000)
[2025-06-17T23:19:09.605+0300][13852][2928 ][debug][gc,heap  ] GC(64)   object space 1398272K, 1% used [0x0000000080000000,0x0000000081131258,0x00000000d5580000)
[2025-06-17T23:19:09.605+0300][13852][2928 ][debug][gc,heap  ] GC(64)  Metaspace       used 8731K, committed 9792K, reserved 1114112K
[2025-06-17T23:19:09.605+0300][13852][2928 ][debug][gc,heap  ] GC(64)   class space    used 873K, committed 1280K, reserved 1048576K
[2025-06-17T23:19:09.605+0300][13852][2928 ][debug][gc,phases] GC(64) Scavenge 0.365ms
[2025-06-17T23:19:09.605+0300][13852][2928 ][debug][gc,phases] GC(64) Reference Processing 0.058ms
[2025-06-17T23:19:09.605+0300][13852][2928 ][debug][gc,phases] GC(64)   VM Weak                        Min:  0.0, Avg:  0.0, Max:  0.0, Diff:  0.0, Sum:  0.0, Workers: 8
[2025-06-17T23:19:09.605+0300][13852][2928 ][debug][gc,phases] GC(64)     Dead                           Min: 0, Avg:  0.0, Max: 0, Diff: 0, Sum: 0, Workers: 8
[2025-06-17T23:19:09.605+0300][13852][2928 ][debug][gc,phases] GC(64)     Total                          Min: 0, Avg: 15.4, Max: 123, Diff: 123, Sum: 123, Workers: 8
[2025-06-17T23:19:09.605+0300][13852][2928 ][debug][gc,phases] GC(64)   ObjectSynchronizer Weak        Min:  0.0, Avg:  0.0, Max:  0.0, Diff:  0.0, Sum:  0.0, Workers: 8
[2025-06-17T23:19:09.605+0300][13852][2928 ][debug][gc,phases] GC(64)     Dead                           Min: 0, Avg:  0.0, Max: 0, Diff: 0, Sum: 0, Workers: 8
[2025-06-17T23:19:09.605+0300][13852][2928 ][debug][gc,phases] GC(64)     Total                          Min: 0, Avg: 16.2, Max: 130, Diff: 130, Sum: 130, Workers: 8
[2025-06-17T23:19:09.605+0300][13852][2928 ][debug][gc,phases] GC(64)   JVMTI Tag Weak OopStorage      Min:  0.0, Avg:  0.0, Max:  0.0, Diff:  0.0, Sum:  0.0, Workers: 8
[2025-06-17T23:19:09.605+0300][13852][2928 ][debug][gc,phases] GC(64)     Dead                           Min: 0, Avg:  0.0, Max: 0, Diff: 0, Sum: 0, Workers: 8
[2025-06-17T23:19:09.605+0300][13852][2928 ][debug][gc,phases] GC(64)     Total                          Min: 0, Avg:  0.0, Max: 0, Diff: 0, Sum: 0, Workers: 8
[2025-06-17T23:19:09.605+0300][13852][2928 ][debug][gc,phases] GC(64)   StringTable Weak               Min:  0.0, Avg:  0.0, Max:  0.0, Diff:  0.0, Sum:  0.1, Workers: 8
[2025-06-17T23:19:09.605+0300][13852][2928 ][debug][gc,phases] GC(64)     Dead                           Min: 0, Avg:  0.0, Max: 0, Diff: 0, Sum: 0, Workers: 8
[2025-06-17T23:19:09.605+0300][13852][2928 ][debug][gc,phases] GC(64)     Total                          Min: 0, Avg: 784.9, Max: 1223, Diff: 1223, Sum: 6279, Workers: 8
[2025-06-17T23:19:09.605+0300][13852][2928 ][debug][gc,phases] GC(64)   ResolvedMethodTable Weak       Min:  0.0, Avg:  0.0, Max:  0.0, Diff:  0.0, Sum:  0.0, Workers: 8
[2025-06-17T23:19:09.605+0300][13852][2928 ][debug][gc,phases] GC(64)     Dead                           Min: 0, Avg:  0.0, Max: 0, Diff: 0, Sum: 0, Workers: 8
[2025-06-17T23:19:09.605+0300][13852][2928 ][debug][gc,phases] GC(64)     Total                          Min: 0, Avg: 110.4, Max: 190, Diff: 190, Sum: 883, Workers: 8
[2025-06-17T23:19:09.605+0300][13852][2928 ][debug][gc,phases] GC(64)   JNI Weak                       Min:  0.0, Avg:  0.0, Max:  0.0, Diff:  0.0, Sum:  0.0, Workers: 8
[2025-06-17T23:19:09.605+0300][13852][2928 ][debug][gc,phases] GC(64)     Dead                           Min: 0, Avg:  0.0, Max: 0, Diff: 0, Sum: 0, Workers: 8
[2025-06-17T23:19:09.605+0300][13852][2928 ][debug][gc,phases] GC(64)     Total                          Min: 0, Avg:  0.0, Max: 0, Diff: 0, Sum: 0, Workers: 8
[2025-06-17T23:19:09.605+0300][13852][2928 ][debug][gc,phases] GC(64)   StringDedup Table Weak         Min:  0.0, Avg:  0.0, Max:  0.0, Diff:  0.0, Sum:  0.0, Workers: 8
[2025-06-17T23:19:09.605+0300][13852][2928 ][debug][gc,phases] GC(64)     Dead                           Min: 0, Avg:  0.0, Max: 0, Diff: 0, Sum: 0, Workers: 8
[2025-06-17T23:19:09.605+0300][13852][2928 ][debug][gc,phases] GC(64)     Total                          Min: 0, Avg:  0.0, Max: 0, Diff: 0, Sum: 0, Workers: 8
[2025-06-17T23:19:09.605+0300][13852][2928 ][debug][gc,phases] GC(64)   StringDedup Requests0 Weak     Min:  0.0, Avg:  0.0, Max:  0.0, Diff:  0.0, Sum:  0.0, Workers: 8
[2025-06-17T23:19:09.605+0300][13852][2928 ][debug][gc,phases] GC(64)     Dead                           Min: 0, Avg:  0.0, Max: 0, Diff: 0, Sum: 0, Workers: 8
[2025-06-17T23:19:09.605+0300][13852][2928 ][debug][gc,phases] GC(64)     Total                          Min: 0, Avg:  0.0, Max: 0, Diff: 0, Sum: 0, Workers: 8
[2025-06-17T23:19:09.605+0300][13852][2928 ][debug][gc,phases] GC(64)   StringDedup Requests1 Weak     Min:  0.0, Avg:  0.0, Max:  0.0, Diff:  0.0, Sum:  0.0, Workers: 8
[2025-06-17T23:19:09.605+0300][13852][2928 ][debug][gc,phases] GC(64)     Dead                           Min: 0, Avg:  0.0, Max: 0, Diff: 0, Sum: 0, Workers: 8
[2025-06-17T23:19:09.605+0300][13852][2928 ][debug][gc,phases] GC(64)     Total                          Min: 0, Avg:  0.0, Max: 0, Diff: 0, Sum: 0, Workers: 8
[2025-06-17T23:19:09.605+0300][13852][2928 ][debug][gc,phases] GC(64)   Weak JFR Old Object Samples    Min:  0.0, Avg:  0.0, Max:  0.0, Diff:  0.0, Sum:  0.0, Workers: 8
[2025-06-17T23:19:09.605+0300][13852][2928 ][debug][gc,phases] GC(64)     Dead                           Min: 0, Avg:  0.0, Max: 0, Diff: 0, Sum: 0, Workers: 8
[2025-06-17T23:19:09.605+0300][13852][2928 ][debug][gc,phases] GC(64)     Total                          Min: 0, Avg:  0.0, Max: 0, Diff: 0, Sum: 0, Workers: 8
[2025-06-17T23:19:09.605+0300][13852][2928 ][debug][gc,phases] GC(64) Weak Processing 0.950ms
[2025-06-17T23:19:09.605+0300][13852][2928 ][info ][gc,heap  ] GC(64) PSYoungGen: 696320K(697344K)->544K(697344K) Eden: 695808K(695808K)->0K(695808K) From: 512K(1536K)->544K(1536K)
[2025-06-17T23:19:09.605+0300][13852][2928 ][info ][gc,heap  ] GC(64) ParOldGen: 17604K(1398272K)->17668K(1398272K)
[2025-06-17T23:19:09.605+0300][13852][2928 ][info ][gc       ] GC(64) Pause Young (Allocation Failure) 697M->17M(2046M) 1.563ms
[2025-06-17T23:19:09.605+0300][13852][2928 ][debug][gc,heap  ] GC(64) Heap after GC invocations=65 (full 2):
[2025-06-17T23:19:09.605+0300][13852][2928 ][debug][gc,heap  ] GC(64)  PSYoungGen      total 697344K, used 544K [0x00000000d5580000, 0x0000000100000000, 0x0000000100000000)
[2025-06-17T23:19:09.605+0300][13852][2928 ][debug][gc,heap  ] GC(64)   eden space 695808K, 0% used [0x00000000d5580000,0x00000000d5580000,0x00000000ffd00000)
[2025-06-17T23:19:09.605+0300][13852][2928 ][debug][gc,heap  ] GC(64)   from space 1536K, 35% used [0x00000000ffd00000,0x00000000ffd880e0,0x00000000ffe80000)
[2025-06-17T23:19:09.605+0300][13852][2928 ][debug][gc,heap  ] GC(64)   to   space 1536K, 0% used [0x00000000ffe80000,0x00000000ffe80000,0x0000000100000000)
[2025-06-17T23:19:09.605+0300][13852][2928 ][debug][gc,heap  ] GC(64)  ParOldGen       total 1398272K, used 17668K [0x0000000080000000, 0x00000000d5580000, 0x00000000d5580000)
[2025-06-17T23:19:09.605+0300][13852][2928 ][debug][gc,heap  ] GC(64)   object space 1398272K, 1% used [0x0000000080000000,0x0000000081141258,0x00000000d5580000)
[2025-06-17T23:19:09.605+0300][13852][2928 ][debug][gc,heap  ] GC(64)  Metaspace       used 8731K, committed 9792K, reserved 1114112K
[2025-06-17T23:19:09.605+0300][13852][2928 ][debug][gc,heap  ] GC(64)   class space    used 873K, committed 1280K, reserved 1048576K
[2025-06-17T23:19:09.605+0300][13852][2928 ][info ][safepoint] Safepoint "ParallelGCFailedAllocation", Time since last: 246824100 ns, Reaching safepoint: 423500 ns, Cleanup: 10900 ns, At safepoint: 2056900 ns, Total: 2491300 ns
[2025-06-17T23:19:09.859+0300][13852][2928 ][debug][safepoint] Safepoint synchronization initiated using striped semaphore wait barrier. (19 threads)
[2025-06-17T23:19:09.859+0300][13852][5816 ][debug][safepoint] ... found polling page loop exception at pc = 0x0000012d12efe703, stub =0x0000012d12895600
[2025-06-17T23:19:09.859+0300][13852][21268][debug][safepoint] ... found polling page loop exception at pc = 0x0000012d12e96de0, stub =0x0000012d12894d80
[2025-06-17T23:19:09.859+0300][13852][20072][debug][safepoint] ... found polling page loop exception at pc = 0x0000012d12e96de0, stub =0x0000012d12894d80
[2025-06-17T23:19:09.859+0300][13852][1412 ][debug][safepoint] ... found polling page loop exception at pc = 0x0000012d12f02756, stub =0x0000012d12895600
[2025-06-17T23:19:09.859+0300][13852][7064 ][debug][safepoint] ... found polling page loop exception at pc = 0x0000012d12e96de0, stub =0x0000012d12894d80
[2025-06-17T23:19:09.859+0300][13852][2928 ][debug][gc,heap  ] GC(65) Heap before GC invocations=66 (full 2):
[2025-06-17T23:19:09.859+0300][13852][2928 ][debug][gc,heap  ] GC(65)  PSYoungGen      total 697344K, used 696352K [0x00000000d5580000, 0x0000000100000000, 0x0000000100000000)
[2025-06-17T23:19:09.859+0300][13852][2928 ][debug][gc,heap  ] GC(65)   eden space 695808K, 100% used [0x00000000d5580000,0x00000000ffd00000,0x00000000ffd00000)
[2025-06-17T23:19:09.859+0300][13852][2928 ][debug][gc,heap  ] GC(65)   from space 1536K, 35% used [0x00000000ffd00000,0x00000000ffd880e0,0x00000000ffe80000)
[2025-06-17T23:19:09.859+0300][13852][2928 ][debug][gc,heap  ] GC(65)   to   space 1536K, 0% used [0x00000000ffe80000,0x00000000ffe80000,0x0000000100000000)
[2025-06-17T23:19:09.859+0300][13852][2928 ][debug][gc,heap  ] GC(65)  ParOldGen       total 1398272K, used 17668K [0x0000000080000000, 0x00000000d5580000, 0x00000000d5580000)
[2025-06-17T23:19:09.859+0300][13852][2928 ][debug][gc,heap  ] GC(65)   object space 1398272K, 1% used [0x0000000080000000,0x0000000081141258,0x00000000d5580000)
[2025-06-17T23:19:09.859+0300][13852][2928 ][debug][gc,heap  ] GC(65)  Metaspace       used 8731K, committed 9792K, reserved 1114112K
[2025-06-17T23:19:09.859+0300][13852][2928 ][debug][gc,heap  ] GC(65)   class space    used 873K, committed 1280K, reserved 1048576K
[2025-06-17T23:19:09.859+0300][13852][2928 ][debug][gc,phases] GC(65) Scavenge 0.323ms
[2025-06-17T23:19:09.859+0300][13852][2928 ][debug][gc,phases] GC(65) Reference Processing 0.052ms
[2025-06-17T23:19:09.859+0300][13852][2928 ][debug][gc,phases] GC(65)   VM Weak                        Min:  0.0, Avg:  0.0, Max:  0.0, Diff:  0.0, Sum:  0.0, Workers: 8
[2025-06-17T23:19:09.859+0300][13852][2928 ][debug][gc,phases] GC(65)     Dead                           Min: 0, Avg:  0.0, Max: 0, Diff: 0, Sum: 0, Workers: 8
[2025-06-17T23:19:09.859+0300][13852][2928 ][debug][gc,phases] GC(65)     Total                          Min: 0, Avg: 15.4, Max: 73, Diff: 73, Sum: 123, Workers: 8
[2025-06-17T23:19:09.859+0300][13852][2928 ][debug][gc,phases] GC(65)   ObjectSynchronizer Weak        Min:  0.0, Avg:  0.0, Max:  0.0, Diff:  0.0, Sum:  0.0, Workers: 8
[2025-06-17T23:19:09.859+0300][13852][2928 ][debug][gc,phases] GC(65)     Dead                           Min: 0, Avg:  0.0, Max: 0, Diff: 0, Sum: 0, Workers: 8
[2025-06-17T23:19:09.859+0300][13852][2928 ][debug][gc,phases] GC(65)     Total                          Min: 0, Avg: 16.2, Max: 64, Diff: 64, Sum: 130, Workers: 8
[2025-06-17T23:19:09.859+0300][13852][2928 ][debug][gc,phases] GC(65)   JVMTI Tag Weak OopStorage      Min:  0.0, Avg:  0.0, Max:  0.0, Diff:  0.0, Sum:  0.0, Workers: 8
[2025-06-17T23:19:09.859+0300][13852][2928 ][debug][gc,phases] GC(65)     Dead                           Min: 0, Avg:  0.0, Max: 0, Diff: 0, Sum: 0, Workers: 8
[2025-06-17T23:19:09.859+0300][13852][2928 ][debug][gc,phases] GC(65)     Total                          Min: 0, Avg:  0.0, Max: 0, Diff: 0, Sum: 0, Workers: 8
[2025-06-17T23:19:09.859+0300][13852][2928 ][debug][gc,phases] GC(65)   StringTable Weak               Min:  0.0, Avg:  0.0, Max:  0.0, Diff:  0.0, Sum:  0.1, Workers: 8
[2025-06-17T23:19:09.859+0300][13852][2928 ][debug][gc,phases] GC(65)     Dead                           Min: 0, Avg:  0.0, Max: 0, Diff: 0, Sum: 0, Workers: 8
[2025-06-17T23:19:09.859+0300][13852][2928 ][debug][gc,phases] GC(65)     Total                          Min: 0, Avg: 784.9, Max: 1152, Diff: 1152, Sum: 6279, Workers: 8
[2025-06-17T23:19:09.859+0300][13852][2928 ][debug][gc,phases] GC(65)   ResolvedMethodTable Weak       Min:  0.0, Avg:  0.0, Max:  0.0, Diff:  0.0, Sum:  0.0, Workers: 8
[2025-06-17T23:19:09.859+0300][13852][2928 ][debug][gc,phases] GC(65)     Dead                           Min: 0, Avg:  0.0, Max: 0, Diff: 0, Sum: 0, Workers: 8
[2025-06-17T23:19:09.859+0300][13852][2928 ][debug][gc,phases] GC(65)     Total                          Min: 0, Avg: 110.4, Max: 190, Diff: 190, Sum: 883, Workers: 8
[2025-06-17T23:19:09.859+0300][13852][2928 ][debug][gc,phases] GC(65)   JNI Weak                       Min:  0.0, Avg:  0.0, Max:  0.0, Diff:  0.0, Sum:  0.0, Workers: 8
[2025-06-17T23:19:09.859+0300][13852][2928 ][debug][gc,phases] GC(65)     Dead                           Min: 0, Avg:  0.0, Max: 0, Diff: 0, Sum: 0, Workers: 8
[2025-06-17T23:19:09.859+0300][13852][2928 ][debug][gc,phases] GC(65)     Total                          Min: 0, Avg:  0.0, Max: 0, Diff: 0, Sum: 0, Workers: 8
[2025-06-17T23:19:09.859+0300][13852][2928 ][debug][gc,phases] GC(65)   StringDedup Table Weak         Min:  0.0, Avg:  0.0, Max:  0.0, Diff:  0.0, Sum:  0.0, Workers: 8
[2025-06-17T23:19:09.859+0300][13852][2928 ][debug][gc,phases] GC(65)     Dead                           Min: 0, Avg:  0.0, Max: 0, Diff: 0, Sum: 0, Workers: 8
[2025-06-17T23:19:09.859+0300][13852][2928 ][debug][gc,phases] GC(65)     Total                          Min: 0, Avg:  0.0, Max: 0, Diff: 0, Sum: 0, Workers: 8
[2025-06-17T23:19:09.859+0300][13852][2928 ][debug][gc,phases] GC(65)   StringDedup Requests0 Weak     Min:  0.0, Avg:  0.0, Max:  0.0, Diff:  0.0, Sum:  0.0, Workers: 8
[2025-06-17T23:19:09.859+0300][13852][2928 ][debug][gc,phases] GC(65)     Dead                           Min: 0, Avg:  0.0, Max: 0, Diff: 0, Sum: 0, Workers: 8
[2025-06-17T23:19:09.859+0300][13852][2928 ][debug][gc,phases] GC(65)     Total                          Min: 0, Avg:  0.0, Max: 0, Diff: 0, Sum: 0, Workers: 8
[2025-06-17T23:19:09.859+0300][13852][2928 ][debug][gc,phases] GC(65)   StringDedup Requests1 Weak     Min:  0.0, Avg:  0.0, Max:  0.0, Diff:  0.0, Sum:  0.0, Workers: 8
[2025-06-17T23:19:09.859+0300][13852][2928 ][debug][gc,phases] GC(65)     Dead                           Min: 0, Avg:  0.0, Max: 0, Diff: 0, Sum: 0, Workers: 8
[2025-06-17T23:19:09.859+0300][13852][2928 ][debug][gc,phases] GC(65)     Total                          Min: 0, Avg:  0.0, Max: 0, Diff: 0, Sum: 0, Workers: 8
[2025-06-17T23:19:09.859+0300][13852][2928 ][debug][gc,phases] GC(65)   Weak JFR Old Object Samples    Min:  0.0, Avg:  0.0, Max:  0.0, Diff:  0.0, Sum:  0.0, Workers: 8
[2025-06-17T23:19:09.859+0300][13852][2928 ][debug][gc,phases] GC(65)     Dead                           Min: 0, Avg:  0.0, Max: 0, Diff: 0, Sum: 0, Workers: 8
[2025-06-17T23:19:09.859+0300][13852][2928 ][debug][gc,phases] GC(65)     Total                          Min: 0, Avg:  0.0, Max: 0, Diff: 0, Sum: 0, Workers: 8
[2025-06-17T23:19:09.859+0300][13852][2928 ][debug][gc,phases] GC(65) Weak Processing 0.885ms
[2025-06-17T23:19:09.859+0300][13852][2928 ][info ][gc,heap  ] GC(65) PSYoungGen: 696352K(697344K)->512K(697856K) Eden: 695808K(695808K)->0K(696320K) From: 544K(1536K)->512K(1536K)
[2025-06-17T23:19:09.859+0300][13852][2928 ][info ][gc,heap  ] GC(65) ParOldGen: 17668K(1398272K)->17724K(1398272K)
[2025-06-17T23:19:09.859+0300][13852][2928 ][info ][gc       ] GC(65) Pause Young (Allocation Failure) 697M->17M(2047M) 1.450ms
[2025-06-17T23:19:09.859+0300][13852][2928 ][debug][gc,heap  ] GC(65) Heap after GC invocations=66 (full 2):
[2025-06-17T23:19:09.859+0300][13852][2928 ][debug][gc,heap  ] GC(65)  PSYoungGen      total 697856K, used 512K [0x00000000d5580000, 0x0000000100000000, 0x0000000100000000)
[2025-06-17T23:19:09.859+0300][13852][2928 ][debug][gc,heap  ] GC(65)   eden space 696320K, 0% used [0x00000000d5580000,0x00000000d5580000,0x00000000ffd80000)
[2025-06-17T23:19:09.859+0300][13852][2928 ][debug][gc,heap  ] GC(65)   from space 1536K, 33% used [0x00000000ffe80000,0x00000000fff000a0,0x0000000100000000)
[2025-06-17T23:19:09.859+0300][13852][2928 ][debug][gc,heap  ] GC(65)   to   space 1024K, 0% used [0x00000000ffd80000,0x00000000ffd80000,0x00000000ffe80000)
[2025-06-17T23:19:09.859+0300][13852][2928 ][debug][gc,heap  ] GC(65)  ParOldGen       total 1398272K, used 17724K [0x0000000080000000, 0x00000000d5580000, 0x00000000d5580000)
[2025-06-17T23:19:09.859+0300][13852][2928 ][debug][gc,heap  ] GC(65)   object space 1398272K, 1% used [0x0000000080000000,0x000000008114f258,0x00000000d5580000)
[2025-06-17T23:19:09.859+0300][13852][2928 ][debug][gc,heap  ] GC(65)  Metaspace       used 8731K, committed 9792K, reserved 1114112K
[2025-06-17T23:19:09.859+0300][13852][2928 ][debug][gc,heap  ] GC(65)   class space    used 873K, committed 1280K, reserved 1048576K
[2025-06-17T23:19:09.859+0300][13852][2928 ][info ][safepoint] Safepoint "ParallelGCFailedAllocation", Time since last: 251020300 ns, Reaching safepoint: 395100 ns, Cleanup: 15800 ns, At safepoint: 2041300 ns, Total: 2452200 ns
[2025-06-17T23:19:10.098+0300][13852][2928 ][debug][safepoint] Safepoint synchronization initiated using striped semaphore wait barrier. (19 threads)
[2025-06-17T23:19:10.098+0300][13852][1412 ][debug][safepoint] ... found polling page loop exception at pc = 0x0000012d12e96de0, stub =0x0000012d12894d80
[2025-06-17T23:19:10.098+0300][13852][10904][debug][safepoint] ... found polling page loop exception at pc = 0x0000012d12e96de0, stub =0x0000012d12894d80
[2025-06-17T23:19:10.098+0300][13852][15456][debug][safepoint] ... found polling page loop exception at pc = 0x0000012d12e96de0, stub =0x0000012d12894d80
[2025-06-17T23:19:10.098+0300][13852][21268][debug][safepoint] ... found polling page loop exception at pc = 0x0000012d12e96de0, stub =0x0000012d12894d80
[2025-06-17T23:19:10.098+0300][13852][2928 ][debug][gc,heap  ] GC(66) Heap before GC invocations=67 (full 2):
[2025-06-17T23:19:10.098+0300][13852][2928 ][debug][gc,heap  ] GC(66)  PSYoungGen      total 697856K, used 696832K [0x00000000d5580000, 0x0000000100000000, 0x0000000100000000)
[2025-06-17T23:19:10.098+0300][13852][2928 ][debug][gc,heap  ] GC(66)   eden space 696320K, 100% used [0x00000000d5580000,0x00000000ffd80000,0x00000000ffd80000)
[2025-06-17T23:19:10.098+0300][13852][2928 ][debug][gc,heap  ] GC(66)   from space 1536K, 33% used [0x00000000ffe80000,0x00000000fff000a0,0x0000000100000000)
[2025-06-17T23:19:10.098+0300][13852][2928 ][debug][gc,heap  ] GC(66)   to   space 1024K, 0% used [0x00000000ffd80000,0x00000000ffd80000,0x00000000ffe80000)
[2025-06-17T23:19:10.098+0300][13852][2928 ][debug][gc,heap  ] GC(66)  ParOldGen       total 1398272K, used 17724K [0x0000000080000000, 0x00000000d5580000, 0x00000000d5580000)
[2025-06-17T23:19:10.098+0300][13852][2928 ][debug][gc,heap  ] GC(66)   object space 1398272K, 1% used [0x0000000080000000,0x000000008114f258,0x00000000d5580000)
[2025-06-17T23:19:10.098+0300][13852][2928 ][debug][gc,heap  ] GC(66)  Metaspace       used 8731K, committed 9792K, reserved 1114112K
[2025-06-17T23:19:10.098+0300][13852][2928 ][debug][gc,heap  ] GC(66)   class space    used 873K, committed 1280K, reserved 1048576K
[2025-06-17T23:19:10.098+0300][13852][2928 ][debug][gc,phases] GC(66) Scavenge 0.477ms
[2025-06-17T23:19:10.098+0300][13852][2928 ][debug][gc,phases] GC(66) Reference Processing 0.048ms
[2025-06-17T23:19:10.098+0300][13852][2928 ][debug][gc,phases] GC(66)   VM Weak                        Min:  0.0, Avg:  0.0, Max:  0.0, Diff:  0.0, Sum:  0.0, Workers: 8
[2025-06-17T23:19:10.098+0300][13852][2928 ][debug][gc,phases] GC(66)     Dead                           Min: 0, Avg:  0.0, Max: 0, Diff: 0, Sum: 0, Workers: 8
[2025-06-17T23:19:10.098+0300][13852][2928 ][debug][gc,phases] GC(66)     Total                          Min: 0, Avg: 15.4, Max: 110, Diff: 110, Sum: 123, Workers: 8
[2025-06-17T23:19:10.098+0300][13852][2928 ][debug][gc,phases] GC(66)   ObjectSynchronizer Weak        Min:  0.0, Avg:  0.0, Max:  0.0, Diff:  0.0, Sum:  0.0, Workers: 8
[2025-06-17T23:19:10.098+0300][13852][2928 ][debug][gc,phases] GC(66)     Dead                           Min: 0, Avg:  0.0, Max: 0, Diff: 0, Sum: 0, Workers: 8
[2025-06-17T23:19:10.098+0300][13852][2928 ][debug][gc,phases] GC(66)     Total                          Min: 0, Avg: 16.2, Max: 64, Diff: 64, Sum: 130, Workers: 8
[2025-06-17T23:19:10.098+0300][13852][2928 ][debug][gc,phases] GC(66)   JVMTI Tag Weak OopStorage      Min:  0.0, Avg:  0.0, Max:  0.0, Diff:  0.0, Sum:  0.0, Workers: 8
[2025-06-17T23:19:10.098+0300][13852][2928 ][debug][gc,phases] GC(66)     Dead                           Min: 0, Avg:  0.0, Max: 0, Diff: 0, Sum: 0, Workers: 8
[2025-06-17T23:19:10.098+0300][13852][2928 ][debug][gc,phases] GC(66)     Total                          Min: 0, Avg:  0.0, Max: 0, Diff: 0, Sum: 0, Workers: 8
[2025-06-17T23:19:10.098+0300][13852][2928 ][debug][gc,phases] GC(66)   StringTable Weak               Min:  0.0, Avg:  0.0, Max:  0.0, Diff:  0.0, Sum:  0.1, Workers: 8
[2025-06-17T23:19:10.098+0300][13852][2928 ][debug][gc,phases] GC(66)     Dead                           Min: 0, Avg:  0.0, Max: 0, Diff: 0, Sum: 0, Workers: 8
[2025-06-17T23:19:10.100+0300][13852][2928 ][debug][gc,phases] GC(66)     Total                          Min: 448, Avg: 784.9, Max: 1159, Diff: 711, Sum: 6279, Workers: 8
[2025-06-17T23:19:10.100+0300][13852][2928 ][debug][gc,phases] GC(66)   ResolvedMethodTable Weak       Min:  0.0, Avg:  0.0, Max:  0.0, Diff:  0.0, Sum:  0.0, Workers: 8
[2025-06-17T23:19:10.100+0300][13852][2928 ][debug][gc,phases] GC(66)     Dead                           Min: 0, Avg:  0.0, Max: 0, Diff: 0, Sum: 0, Workers: 8
[2025-06-17T23:19:10.100+0300][13852][2928 ][debug][gc,phases] GC(66)     Total                          Min: 0, Avg: 110.4, Max: 191, Diff: 191, Sum: 883, Workers: 8
[2025-06-17T23:19:10.100+0300][13852][2928 ][debug][gc,phases] GC(66)   JNI Weak                       Min:  0.0, Avg:  0.0, Max:  0.0, Diff:  0.0, Sum:  0.0, Workers: 8
[2025-06-17T23:19:10.100+0300][13852][2928 ][debug][gc,phases] GC(66)     Dead                           Min: 0, Avg:  0.0, Max: 0, Diff: 0, Sum: 0, Workers: 8
[2025-06-17T23:19:10.100+0300][13852][2928 ][debug][gc,phases] GC(66)     Total                          Min: 0, Avg:  0.0, Max: 0, Diff: 0, Sum: 0, Workers: 8
[2025-06-17T23:19:10.100+0300][13852][2928 ][debug][gc,phases] GC(66)   StringDedup Table Weak         Min:  0.0, Avg:  0.0, Max:  0.0, Diff:  0.0, Sum:  0.0, Workers: 8
[2025-06-17T23:19:10.100+0300][13852][2928 ][debug][gc,phases] GC(66)     Dead                           Min: 0, Avg:  0.0, Max: 0, Diff: 0, Sum: 0, Workers: 8
[2025-06-17T23:19:10.100+0300][13852][2928 ][debug][gc,phases] GC(66)     Total                          Min: 0, Avg:  0.0, Max: 0, Diff: 0, Sum: 0, Workers: 8
[2025-06-17T23:19:10.100+0300][13852][2928 ][debug][gc,phases] GC(66)   StringDedup Requests0 Weak     Min:  0.0, Avg:  0.0, Max:  0.0, Diff:  0.0, Sum:  0.0, Workers: 8
[2025-06-17T23:19:10.100+0300][13852][2928 ][debug][gc,phases] GC(66)     Dead                           Min: 0, Avg:  0.0, Max: 0, Diff: 0, Sum: 0, Workers: 8
[2025-06-17T23:19:10.100+0300][13852][2928 ][debug][gc,phases] GC(66)     Total                          Min: 0, Avg:  0.0, Max: 0, Diff: 0, Sum: 0, Workers: 8
[2025-06-17T23:19:10.100+0300][13852][2928 ][debug][gc,phases] GC(66)   StringDedup Requests1 Weak     Min:  0.0, Avg:  0.0, Max:  0.0, Diff:  0.0, Sum:  0.0, Workers: 8
[2025-06-17T23:19:10.100+0300][13852][2928 ][debug][gc,phases] GC(66)     Dead                           Min: 0, Avg:  0.0, Max: 0, Diff: 0, Sum: 0, Workers: 8
[2025-06-17T23:19:10.100+0300][13852][2928 ][debug][gc,phases] GC(66)     Total                          Min: 0, Avg:  0.0, Max: 0, Diff: 0, Sum: 0, Workers: 8
[2025-06-17T23:19:10.100+0300][13852][2928 ][debug][gc,phases] GC(66)   Weak JFR Old Object Samples    Min:  0.0, Avg:  0.0, Max:  0.0, Diff:  0.0, Sum:  0.0, Workers: 8
[2025-06-17T23:19:10.100+0300][13852][2928 ][debug][gc,phases] GC(66)     Dead                           Min: 0, Avg:  0.0, Max: 0, Diff: 0, Sum: 0, Workers: 8
[2025-06-17T23:19:10.100+0300][13852][2928 ][debug][gc,phases] GC(66)     Total                          Min: 0, Avg:  0.0, Max: 0, Diff: 0, Sum: 0, Workers: 8
[2025-06-17T23:19:10.100+0300][13852][2928 ][debug][gc,phases] GC(66) Weak Processing 0.739ms
[2025-06-17T23:19:10.100+0300][13852][2928 ][info ][gc,heap  ] GC(66) PSYoungGen: 696832K(697856K)->544K(697344K) Eden: 696320K(696320K)->0K(696320K) From: 512K(1536K)->544K(1024K)
[2025-06-17T23:19:10.100+0300][13852][2928 ][info ][gc,heap  ] GC(66) ParOldGen: 17724K(1398272K)->17788K(1398272K)
[2025-06-17T23:19:10.100+0300][13852][2928 ][info ][gc       ] GC(66) Pause Young (Allocation Failure) 697M->17M(2046M) 1.419ms
[2025-06-17T23:19:10.100+0300][13852][2928 ][debug][gc,heap  ] GC(66) Heap after GC invocations=67 (full 2):
[2025-06-17T23:19:10.100+0300][13852][2928 ][debug][gc,heap  ] GC(66)  PSYoungGen      total 697344K, used 544K [0x00000000d5580000, 0x0000000100000000, 0x0000000100000000)
[2025-06-17T23:19:10.100+0300][13852][2928 ][debug][gc,heap  ] GC(66)   eden space 696320K, 0% used [0x00000000d5580000,0x00000000d5580000,0x00000000ffd80000)
[2025-06-17T23:19:10.100+0300][13852][2928 ][debug][gc,heap  ] GC(66)   from space 1024K, 53% used [0x00000000ffd80000,0x00000000ffe080c0,0x00000000ffe80000)
[2025-06-17T23:19:10.100+0300][13852][2928 ][debug][gc,heap  ] GC(66)   to   space 1024K, 0% used [0x00000000fff00000,0x00000000fff00000,0x0000000100000000)
[2025-06-17T23:19:10.100+0300][13852][2928 ][debug][gc,heap  ] GC(66)  ParOldGen       total 1398272K, used 17788K [0x0000000080000000, 0x00000000d5580000, 0x00000000d5580000)
[2025-06-17T23:19:10.100+0300][13852][2928 ][debug][gc,heap  ] GC(66)   object space 1398272K, 1% used [0x0000000080000000,0x000000008115f258,0x00000000d5580000)
[2025-06-17T23:19:10.100+0300][13852][2928 ][debug][gc,heap  ] GC(66)  Metaspace       used 8731K, committed 9792K, reserved 1114112K
[2025-06-17T23:19:10.100+0300][13852][2928 ][debug][gc,heap  ] GC(66)   class space    used 873K, committed 1280K, reserved 1048576K
[2025-06-17T23:19:10.100+0300][13852][2928 ][info ][safepoint] Safepoint "ParallelGCFailedAllocation", Time since last: 237252000 ns, Reaching safepoint: 366200 ns, Cleanup: 7000 ns, At safepoint: 1907100 ns, Total: 2280300 ns
[2025-06-17T23:19:10.347+0300][13852][2928 ][debug][safepoint] Safepoint synchronization initiated using striped semaphore wait barrier. (19 threads)
[2025-06-17T23:19:10.347+0300][13852][20072][debug][safepoint] ... found polling page loop exception at pc = 0x0000012d12e96de0, stub =0x0000012d12894d80
[2025-06-17T23:19:10.347+0300][13852][15456][debug][safepoint] ... found polling page loop exception at pc = 0x0000012d12e96de0, stub =0x0000012d12894d80
[2025-06-17T23:19:10.347+0300][13852][21268][debug][safepoint] ... found polling page loop exception at pc = 0x0000012d12e96de0, stub =0x0000012d12894d80
[2025-06-17T23:19:10.347+0300][13852][10904][debug][safepoint] ... found polling page loop exception at pc = 0x0000012d12e96de0, stub =0x0000012d12894d80
[2025-06-17T23:19:10.347+0300][13852][2928 ][debug][gc,heap  ] GC(67) Heap before GC invocations=68 (full 2):
[2025-06-17T23:19:10.347+0300][13852][2928 ][debug][gc,heap  ] GC(67)  PSYoungGen      total 697344K, used 696864K [0x00000000d5580000, 0x0000000100000000, 0x0000000100000000)
[2025-06-17T23:19:10.347+0300][13852][2928 ][debug][gc,heap  ] GC(67)   eden space 696320K, 100% used [0x00000000d5580000,0x00000000ffd80000,0x00000000ffd80000)
[2025-06-17T23:19:10.347+0300][13852][2928 ][debug][gc,heap  ] GC(67)   from space 1024K, 53% used [0x00000000ffd80000,0x00000000ffe080c0,0x00000000ffe80000)
[2025-06-17T23:19:10.347+0300][13852][2928 ][debug][gc,heap  ] GC(67)   to   space 1024K, 0% used [0x00000000fff00000,0x00000000fff00000,0x0000000100000000)
[2025-06-17T23:19:10.347+0300][13852][2928 ][debug][gc,heap  ] GC(67)  ParOldGen       total 1398272K, used 17788K [0x0000000080000000, 0x00000000d5580000, 0x00000000d5580000)
[2025-06-17T23:19:10.347+0300][13852][2928 ][debug][gc,heap  ] GC(67)   object space 1398272K, 1% used [0x0000000080000000,0x000000008115f258,0x00000000d5580000)
[2025-06-17T23:19:10.347+0300][13852][2928 ][debug][gc,heap  ] GC(67)  Metaspace       used 8731K, committed 9792K, reserved 1114112K
[2025-06-17T23:19:10.347+0300][13852][2928 ][debug][gc,heap  ] GC(67)   class space    used 873K, committed 1280K, reserved 1048576K
[2025-06-17T23:19:10.349+0300][13852][2928 ][debug][gc,phases] GC(67) Scavenge 0.561ms
[2025-06-17T23:19:10.349+0300][13852][2928 ][debug][gc,phases] GC(67) Reference Processing 0.047ms
[2025-06-17T23:19:10.349+0300][13852][2928 ][debug][gc,phases] GC(67)   VM Weak                        Min:  0.0, Avg:  0.0, Max:  0.0, Diff:  0.0, Sum:  0.0, Workers: 8
[2025-06-17T23:19:10.349+0300][13852][2928 ][debug][gc,phases] GC(67)     Dead                           Min: 0, Avg:  0.0, Max: 0, Diff: 0, Sum: 0, Workers: 8
[2025-06-17T23:19:10.349+0300][13852][2928 ][debug][gc,phases] GC(67)     Total                          Min: 0, Avg: 15.4, Max: 110, Diff: 110, Sum: 123, Workers: 8
[2025-06-17T23:19:10.349+0300][13852][2928 ][debug][gc,phases] GC(67)   ObjectSynchronizer Weak        Min:  0.0, Avg:  0.0, Max:  0.0, Diff:  0.0, Sum:  0.0, Workers: 8
[2025-06-17T23:19:10.349+0300][13852][2928 ][debug][gc,phases] GC(67)     Dead                           Min: 0, Avg:  0.0, Max: 0, Diff: 0, Sum: 0, Workers: 8
[2025-06-17T23:19:10.349+0300][13852][2928 ][debug][gc,phases] GC(67)     Total                          Min: 0, Avg: 16.2, Max: 66, Diff: 66, Sum: 130, Workers: 8
[2025-06-17T23:19:10.349+0300][13852][2928 ][debug][gc,phases] GC(67)   JVMTI Tag Weak OopStorage      Min:  0.0, Avg:  0.0, Max:  0.0, Diff:  0.0, Sum:  0.0, Workers: 8
[2025-06-17T23:19:10.349+0300][13852][2928 ][debug][gc,phases] GC(67)     Dead                           Min: 0, Avg:  0.0, Max: 0, Diff: 0, Sum: 0, Workers: 8
[2025-06-17T23:19:10.349+0300][13852][2928 ][debug][gc,phases] GC(67)     Total                          Min: 0, Avg:  0.0, Max: 0, Diff: 0, Sum: 0, Workers: 8
[2025-06-17T23:19:10.349+0300][13852][2928 ][debug][gc,phases] GC(67)   StringTable Weak               Min:  0.0, Avg:  0.0, Max:  0.0, Diff:  0.0, Sum:  0.1, Workers: 8
[2025-06-17T23:19:10.349+0300][13852][2928 ][debug][gc,phases] GC(67)     Dead                           Min: 0, Avg:  0.0, Max: 0, Diff: 0, Sum: 0, Workers: 8
[2025-06-17T23:19:10.349+0300][13852][2928 ][debug][gc,phases] GC(67)     Total                          Min: 0, Avg: 784.9, Max: 1216, Diff: 1216, Sum: 6279, Workers: 8
[2025-06-17T23:19:10.349+0300][13852][2928 ][debug][gc,phases] GC(67)   ResolvedMethodTable Weak       Min:  0.0, Avg:  0.0, Max:  0.0, Diff:  0.0, Sum:  0.0, Workers: 8
[2025-06-17T23:19:10.349+0300][13852][2928 ][debug][gc,phases] GC(67)     Dead                           Min: 0, Avg:  0.0, Max: 0, Diff: 0, Sum: 0, Workers: 8
[2025-06-17T23:19:10.349+0300][13852][2928 ][debug][gc,phases] GC(67)     Total                          Min: 0, Avg: 110.4, Max: 190, Diff: 190, Sum: 883, Workers: 8
[2025-06-17T23:19:10.349+0300][13852][2928 ][debug][gc,phases] GC(67)   JNI Weak                       Min:  0.0, Avg:  0.0, Max:  0.0, Diff:  0.0, Sum:  0.0, Workers: 8
[2025-06-17T23:19:10.349+0300][13852][2928 ][debug][gc,phases] GC(67)     Dead                           Min: 0, Avg:  0.0, Max: 0, Diff: 0, Sum: 0, Workers: 8
[2025-06-17T23:19:10.349+0300][13852][2928 ][debug][gc,phases] GC(67)     Total                          Min: 0, Avg:  0.0, Max: 0, Diff: 0, Sum: 0, Workers: 8
[2025-06-17T23:19:10.349+0300][13852][2928 ][debug][gc,phases] GC(67)   StringDedup Table Weak         Min:  0.0, Avg:  0.0, Max:  0.0, Diff:  0.0, Sum:  0.0, Workers: 8
[2025-06-17T23:19:10.349+0300][13852][2928 ][debug][gc,phases] GC(67)     Dead                           Min: 0, Avg:  0.0, Max: 0, Diff: 0, Sum: 0, Workers: 8
[2025-06-17T23:19:10.349+0300][13852][2928 ][debug][gc,phases] GC(67)     Total                          Min: 0, Avg:  0.0, Max: 0, Diff: 0, Sum: 0, Workers: 8
[2025-06-17T23:19:10.349+0300][13852][2928 ][debug][gc,phases] GC(67)   StringDedup Requests0 Weak     Min:  0.0, Avg:  0.0, Max:  0.0, Diff:  0.0, Sum:  0.0, Workers: 8
[2025-06-17T23:19:10.349+0300][13852][2928 ][debug][gc,phases] GC(67)     Dead                           Min: 0, Avg:  0.0, Max: 0, Diff: 0, Sum: 0, Workers: 8
[2025-06-17T23:19:10.349+0300][13852][2928 ][debug][gc,phases] GC(67)     Total                          Min: 0, Avg:  0.0, Max: 0, Diff: 0, Sum: 0, Workers: 8
[2025-06-17T23:19:10.349+0300][13852][2928 ][debug][gc,phases] GC(67)   StringDedup Requests1 Weak     Min:  0.0, Avg:  0.0, Max:  0.0, Diff:  0.0, Sum:  0.0, Workers: 8
[2025-06-17T23:19:10.349+0300][13852][2928 ][debug][gc,phases] GC(67)     Dead                           Min: 0, Avg:  0.0, Max: 0, Diff: 0, Sum: 0, Workers: 8
[2025-06-17T23:19:10.349+0300][13852][2928 ][debug][gc,phases] GC(67)     Total                          Min: 0, Avg:  0.0, Max: 0, Diff: 0, Sum: 0, Workers: 8
[2025-06-17T23:19:10.349+0300][13852][2928 ][debug][gc,phases] GC(67)   Weak JFR Old Object Samples    Min:  0.0, Avg:  0.0, Max:  0.0, Diff:  0.0, Sum:  0.0, Workers: 8
[2025-06-17T23:19:10.349+0300][13852][2928 ][debug][gc,phases] GC(67)     Dead                           Min: 0, Avg:  0.0, Max: 0, Diff: 0, Sum: 0, Workers: 8
[2025-06-17T23:19:10.349+0300][13852][2928 ][debug][gc,phases] GC(67)     Total                          Min: 0, Avg:  0.0, Max: 0, Diff: 0, Sum: 0, Workers: 8
[2025-06-17T23:19:10.349+0300][13852][2928 ][debug][gc,phases] GC(67) Weak Processing 0.599ms
[2025-06-17T23:19:10.349+0300][13852][2928 ][info ][gc,heap  ] GC(67) PSYoungGen: 696864K(697344K)->528K(697856K) Eden: 696320K(696320K)->0K(696832K) From: 544K(1024K)->528K(1024K)
[2025-06-17T23:19:10.349+0300][13852][2928 ][info ][gc,heap  ] GC(67) ParOldGen: 17788K(1398272K)->17820K(1398272K)
[2025-06-17T23:19:10.349+0300][13852][2928 ][info ][gc       ] GC(67) Pause Young (Allocation Failure) 697M->17M(2047M) 1.348ms
[2025-06-17T23:19:10.349+0300][13852][2928 ][debug][gc,heap  ] GC(67) Heap after GC invocations=68 (full 2):
[2025-06-17T23:19:10.349+0300][13852][2928 ][debug][gc,heap  ] GC(67)  PSYoungGen      total 697856K, used 528K [0x00000000d5580000, 0x0000000100000000, 0x0000000100000000)
[2025-06-17T23:19:10.349+0300][13852][2928 ][debug][gc,heap  ] GC(67)   eden space 696832K, 0% used [0x00000000d5580000,0x00000000d5580000,0x00000000ffe00000)
[2025-06-17T23:19:10.349+0300][13852][2928 ][debug][gc,heap  ] GC(67)   from space 1024K, 51% used [0x00000000fff00000,0x00000000fff840b0,0x0000000100000000)
[2025-06-17T23:19:10.349+0300][13852][2928 ][debug][gc,heap  ] GC(67)   to   space 1024K, 0% used [0x00000000ffe00000,0x00000000ffe00000,0x00000000fff00000)
[2025-06-17T23:19:10.349+0300][13852][2928 ][debug][gc,heap  ] GC(67)  ParOldGen       total 1398272K, used 17820K [0x0000000080000000, 0x00000000d5580000, 0x00000000d5580000)
[2025-06-17T23:19:10.349+0300][13852][2928 ][debug][gc,heap  ] GC(67)   object space 1398272K, 1% used [0x0000000080000000,0x0000000081167258,0x00000000d5580000)
[2025-06-17T23:19:10.349+0300][13852][2928 ][debug][gc,heap  ] GC(67)  Metaspace       used 8731K, committed 9792K, reserved 1114112K
[2025-06-17T23:19:10.349+0300][13852][2928 ][debug][gc,heap  ] GC(67)   class space    used 873K, committed 1280K, reserved 1048576K
[2025-06-17T23:19:10.349+0300][13852][2928 ][info ][safepoint] Safepoint "ParallelGCFailedAllocation", Time since last: 247314800 ns, Reaching safepoint: 326000 ns, Cleanup: 7600 ns, At safepoint: 1752100 ns, Total: 2085700 ns
[2025-06-17T23:19:10.573+0300][13852][2928 ][debug][safepoint] Safepoint synchronization initiated using striped semaphore wait barrier. (19 threads)
[2025-06-17T23:19:10.573+0300][13852][20072][debug][safepoint] ... found polling page loop exception at pc = 0x0000012d12e96de0, stub =0x0000012d12894d80
[2025-06-17T23:19:10.573+0300][13852][18556][debug][safepoint] ... found polling page loop exception at pc = 0x0000012d12f38c28, stub =0x0000012d12894d80
[2025-06-17T23:19:10.573+0300][13852][10904][debug][safepoint] ... found polling page loop exception at pc = 0x0000012d12e96de0, stub =0x0000012d12894d80
[2025-06-17T23:19:10.573+0300][13852][15456][debug][safepoint] ... found polling page loop exception at pc = 0x0000012d12e96de0, stub =0x0000012d12894d80
[2025-06-17T23:19:10.573+0300][13852][2928 ][debug][gc,heap  ] GC(68) Heap before GC invocations=69 (full 2):
[2025-06-17T23:19:10.573+0300][13852][2928 ][debug][gc,heap  ] GC(68)  PSYoungGen      total 697856K, used 697360K [0x00000000d5580000, 0x0000000100000000, 0x0000000100000000)
[2025-06-17T23:19:10.573+0300][13852][2928 ][debug][gc,heap  ] GC(68)   eden space 696832K, 100% used [0x00000000d5580000,0x00000000ffe00000,0x00000000ffe00000)
[2025-06-17T23:19:10.573+0300][13852][2928 ][debug][gc,heap  ] GC(68)   from space 1024K, 51% used [0x00000000fff00000,0x00000000fff840b0,0x0000000100000000)
[2025-06-17T23:19:10.573+0300][13852][2928 ][debug][gc,heap  ] GC(68)   to   space 1024K, 0% used [0x00000000ffe00000,0x00000000ffe00000,0x00000000fff00000)
[2025-06-17T23:19:10.573+0300][13852][2928 ][debug][gc,heap  ] GC(68)  ParOldGen       total 1398272K, used 17820K [0x0000000080000000, 0x00000000d5580000, 0x00000000d5580000)
[2025-06-17T23:19:10.573+0300][13852][2928 ][debug][gc,heap  ] GC(68)   object space 1398272K, 1% used [0x0000000080000000,0x0000000081167258,0x00000000d5580000)
[2025-06-17T23:19:10.573+0300][13852][2928 ][debug][gc,heap  ] GC(68)  Metaspace       used 8731K, committed 9792K, reserved 1114112K
[2025-06-17T23:19:10.573+0300][13852][2928 ][debug][gc,heap  ] GC(68)   class space    used 873K, committed 1280K, reserved 1048576K
[2025-06-17T23:19:10.573+0300][13852][2928 ][debug][gc,phases] GC(68) Scavenge 0.272ms
[2025-06-17T23:19:10.573+0300][13852][2928 ][debug][gc,phases] GC(68) Reference Processing 0.064ms
[2025-06-17T23:19:10.573+0300][13852][2928 ][debug][gc,phases] GC(68)   VM Weak                        Min:  0.0, Avg:  0.0, Max:  0.0, Diff:  0.0, Sum:  0.0, Workers: 8
[2025-06-17T23:19:10.573+0300][13852][2928 ][debug][gc,phases] GC(68)     Dead                           Min: 0, Avg:  0.0, Max: 0, Diff: 0, Sum: 0, Workers: 8
[2025-06-17T23:19:10.573+0300][13852][2928 ][debug][gc,phases] GC(68)     Total                          Min: 0, Avg: 15.4, Max: 123, Diff: 123, Sum: 123, Workers: 8
[2025-06-17T23:19:10.573+0300][13852][2928 ][debug][gc,phases] GC(68)   ObjectSynchronizer Weak        Min:  0.0, Avg:  0.0, Max:  0.0, Diff:  0.0, Sum:  0.0, Workers: 8
[2025-06-17T23:19:10.573+0300][13852][2928 ][debug][gc,phases] GC(68)     Dead                           Min: 0, Avg:  0.0, Max: 0, Diff: 0, Sum: 0, Workers: 8
[2025-06-17T23:19:10.573+0300][13852][2928 ][debug][gc,phases] GC(68)     Total                          Min: 0, Avg: 16.2, Max: 130, Diff: 130, Sum: 130, Workers: 8
[2025-06-17T23:19:10.573+0300][13852][2928 ][debug][gc,phases] GC(68)   JVMTI Tag Weak OopStorage      Min:  0.0, Avg:  0.0, Max:  0.0, Diff:  0.0, Sum:  0.0, Workers: 8
[2025-06-17T23:19:10.573+0300][13852][2928 ][debug][gc,phases] GC(68)     Dead                           Min: 0, Avg:  0.0, Max: 0, Diff: 0, Sum: 0, Workers: 8
[2025-06-17T23:19:10.573+0300][13852][2928 ][debug][gc,phases] GC(68)     Total                          Min: 0, Avg:  0.0, Max: 0, Diff: 0, Sum: 0, Workers: 8
[2025-06-17T23:19:10.573+0300][13852][2928 ][debug][gc,phases] GC(68)   StringTable Weak               Min:  0.0, Avg:  0.0, Max:  0.0, Diff:  0.0, Sum:  0.1, Workers: 8
[2025-06-17T23:19:10.573+0300][13852][2928 ][debug][gc,phases] GC(68)     Dead                           Min: 0, Avg:  0.0, Max: 0, Diff: 0, Sum: 0, Workers: 8
[2025-06-17T23:19:10.573+0300][13852][2928 ][debug][gc,phases] GC(68)     Total                          Min: 576, Avg: 784.9, Max: 1024, Diff: 448, Sum: 6279, Workers: 8
[2025-06-17T23:19:10.573+0300][13852][2928 ][debug][gc,phases] GC(68)   ResolvedMethodTable Weak       Min:  0.0, Avg:  0.0, Max:  0.0, Diff:  0.0, Sum:  0.0, Workers: 8
[2025-06-17T23:19:10.573+0300][13852][2928 ][debug][gc,phases] GC(68)     Dead                           Min: 0, Avg:  0.0, Max: 0, Diff: 0, Sum: 0, Workers: 8
[2025-06-17T23:19:10.573+0300][13852][2928 ][debug][gc,phases] GC(68)     Total                          Min: 59, Avg: 110.4, Max: 128, Diff: 69, Sum: 883, Workers: 8
[2025-06-17T23:19:10.573+0300][13852][2928 ][debug][gc,phases] GC(68)   JNI Weak                       Min:  0.0, Avg:  0.0, Max:  0.0, Diff:  0.0, Sum:  0.0, Workers: 8
[2025-06-17T23:19:10.573+0300][13852][2928 ][debug][gc,phases] GC(68)     Dead                           Min: 0, Avg:  0.0, Max: 0, Diff: 0, Sum: 0, Workers: 8
[2025-06-17T23:19:10.573+0300][13852][2928 ][debug][gc,phases] GC(68)     Total                          Min: 0, Avg:  0.0, Max: 0, Diff: 0, Sum: 0, Workers: 8
[2025-06-17T23:19:10.573+0300][13852][2928 ][debug][gc,phases] GC(68)   StringDedup Table Weak         Min:  0.0, Avg:  0.0, Max:  0.0, Diff:  0.0, Sum:  0.0, Workers: 8
[2025-06-17T23:19:10.573+0300][13852][2928 ][debug][gc,phases] GC(68)     Dead                           Min: 0, Avg:  0.0, Max: 0, Diff: 0, Sum: 0, Workers: 8
[2025-06-17T23:19:10.573+0300][13852][2928 ][debug][gc,phases] GC(68)     Total                          Min: 0, Avg:  0.0, Max: 0, Diff: 0, Sum: 0, Workers: 8
[2025-06-17T23:19:10.573+0300][13852][2928 ][debug][gc,phases] GC(68)   StringDedup Requests0 Weak     Min:  0.0, Avg:  0.0, Max:  0.0, Diff:  0.0, Sum:  0.0, Workers: 8
[2025-06-17T23:19:10.573+0300][13852][2928 ][debug][gc,phases] GC(68)     Dead                           Min: 0, Avg:  0.0, Max: 0, Diff: 0, Sum: 0, Workers: 8
[2025-06-17T23:19:10.573+0300][13852][2928 ][debug][gc,phases] GC(68)     Total                          Min: 0, Avg:  0.0, Max: 0, Diff: 0, Sum: 0, Workers: 8
[2025-06-17T23:19:10.573+0300][13852][2928 ][debug][gc,phases] GC(68)   StringDedup Requests1 Weak     Min:  0.0, Avg:  0.0, Max:  0.0, Diff:  0.0, Sum:  0.0, Workers: 8
[2025-06-17T23:19:10.573+0300][13852][2928 ][debug][gc,phases] GC(68)     Dead                           Min: 0, Avg:  0.0, Max: 0, Diff: 0, Sum: 0, Workers: 8
[2025-06-17T23:19:10.573+0300][13852][2928 ][debug][gc,phases] GC(68)     Total                          Min: 0, Avg:  0.0, Max: 0, Diff: 0, Sum: 0, Workers: 8
[2025-06-17T23:19:10.573+0300][13852][2928 ][debug][gc,phases] GC(68)   Weak JFR Old Object Samples    Min:  0.0, Avg:  0.0, Max:  0.0, Diff:  0.0, Sum:  0.0, Workers: 8
[2025-06-17T23:19:10.573+0300][13852][2928 ][debug][gc,phases] GC(68)     Dead                           Min: 0, Avg:  0.0, Max: 0, Diff: 0, Sum: 0, Workers: 8
[2025-06-17T23:19:10.573+0300][13852][2928 ][debug][gc,phases] GC(68)     Total                          Min: 0, Avg:  0.0, Max: 0, Diff: 0, Sum: 0, Workers: 8
[2025-06-17T23:19:10.573+0300][13852][2928 ][debug][gc,phases] GC(68) Weak Processing 0.607ms
[2025-06-17T23:19:10.573+0300][13852][2928 ][info ][gc,heap  ] GC(68) PSYoungGen: 697360K(697856K)->544K(697856K) Eden: 696832K(696832K)->0K(696832K) From: 528K(1024K)->544K(1024K)
[2025-06-17T23:19:10.573+0300][13852][2928 ][info ][gc,heap  ] GC(68) ParOldGen: 17820K(1398272K)->17884K(1398272K)
[2025-06-17T23:19:10.573+0300][13852][2928 ][info ][gc       ] GC(68) Pause Young (Allocation Failure) 698M->17M(2047M) 1.079ms
[2025-06-17T23:19:10.573+0300][13852][2928 ][debug][gc,heap  ] GC(68) Heap after GC invocations=69 (full 2):
[2025-06-17T23:19:10.573+0300][13852][2928 ][debug][gc,heap  ] GC(68)  PSYoungGen      total 697856K, used 544K [0x00000000d5580000, 0x0000000100000000, 0x0000000100000000)
[2025-06-17T23:19:10.573+0300][13852][2928 ][debug][gc,heap  ] GC(68)   eden space 696832K, 0% used [0x00000000d5580000,0x00000000d5580000,0x00000000ffe00000)
[2025-06-17T23:19:10.573+0300][13852][2928 ][debug][gc,heap  ] GC(68)   from space 1024K, 53% used [0x00000000ffe00000,0x00000000ffe88100,0x00000000fff00000)
[2025-06-17T23:19:10.573+0300][13852][2928 ][debug][gc,heap  ] GC(68)   to   space 1024K, 0% used [0x00000000fff00000,0x00000000fff00000,0x0000000100000000)
[2025-06-17T23:19:10.573+0300][13852][2928 ][debug][gc,heap  ] GC(68)  ParOldGen       total 1398272K, used 17884K [0x0000000080000000, 0x00000000d5580000, 0x00000000d5580000)
[2025-06-17T23:19:10.573+0300][13852][2928 ][debug][gc,heap  ] GC(68)   object space 1398272K, 1% used [0x0000000080000000,0x0000000081177258,0x00000000d5580000)
[2025-06-17T23:19:10.573+0300][13852][2928 ][debug][gc,heap  ] GC(68)  Metaspace       used 8731K, committed 9792K, reserved 1114112K
[2025-06-17T23:19:10.573+0300][13852][2928 ][debug][gc,heap  ] GC(68)   class space    used 873K, committed 1280K, reserved 1048576K
[2025-06-17T23:19:10.573+0300][13852][2928 ][info ][safepoint] Safepoint "ParallelGCFailedAllocation", Time since last: 223421300 ns, Reaching safepoint: 307900 ns, Cleanup: 13600 ns, At safepoint: 1491200 ns, Total: 1812700 ns
[2025-06-17T23:19:10.810+0300][13852][2928 ][debug][safepoint] Safepoint synchronization initiated using striped semaphore wait barrier. (19 threads)
[2025-06-17T23:19:10.810+0300][13852][10904][debug][safepoint] ... found polling page loop exception at pc = 0x0000012d12e96de0, stub =0x0000012d12894d80
[2025-06-17T23:19:10.810+0300][13852][18556][debug][safepoint] ... found polling page loop exception at pc = 0x0000012d13081a3e, stub =0x0000012d12894d80
[2025-06-17T23:19:10.810+0300][13852][15456][debug][safepoint] ... found polling page loop exception at pc = 0x0000012d12e96de0, stub =0x0000012d12894d80
[2025-06-17T23:19:10.810+0300][13852][2928 ][debug][gc,heap  ] GC(69) Heap before GC invocations=70 (full 2):
[2025-06-17T23:19:10.810+0300][13852][2928 ][debug][gc,heap  ] GC(69)  PSYoungGen      total 697856K, used 697376K [0x00000000d5580000, 0x0000000100000000, 0x0000000100000000)
[2025-06-17T23:19:10.810+0300][13852][2928 ][debug][gc,heap  ] GC(69)   eden space 696832K, 100% used [0x00000000d5580000,0x00000000ffe00000,0x00000000ffe00000)
[2025-06-17T23:19:10.810+0300][13852][2928 ][debug][gc,heap  ] GC(69)   from space 1024K, 53% used [0x00000000ffe00000,0x00000000ffe88100,0x00000000fff00000)
[2025-06-17T23:19:10.810+0300][13852][2928 ][debug][gc,heap  ] GC(69)   to   space 1024K, 0% used [0x00000000fff00000,0x00000000fff00000,0x0000000100000000)
[2025-06-17T23:19:10.810+0300][13852][2928 ][debug][gc,heap  ] GC(69)  ParOldGen       total 1398272K, used 17884K [0x0000000080000000, 0x00000000d5580000, 0x00000000d5580000)
[2025-06-17T23:19:10.810+0300][13852][2928 ][debug][gc,heap  ] GC(69)   object space 1398272K, 1% used [0x0000000080000000,0x0000000081177258,0x00000000d5580000)
[2025-06-17T23:19:10.810+0300][13852][2928 ][debug][gc,heap  ] GC(69)  Metaspace       used 8731K, committed 9792K, reserved 1114112K
[2025-06-17T23:19:10.810+0300][13852][2928 ][debug][gc,heap  ] GC(69)   class space    used 873K, committed 1280K, reserved 1048576K
[2025-06-17T23:19:10.810+0300][13852][2928 ][debug][gc,phases] GC(69) Scavenge 0.321ms
[2025-06-17T23:19:10.810+0300][13852][2928 ][debug][gc,phases] GC(69) Reference Processing 0.052ms
[2025-06-17T23:19:10.810+0300][13852][2928 ][debug][gc,phases] GC(69)   VM Weak                        Min:  0.0, Avg:  0.0, Max:  0.0, Diff:  0.0, Sum:  0.0, Workers: 8
[2025-06-17T23:19:10.810+0300][13852][2928 ][debug][gc,phases] GC(69)     Dead                           Min: 0, Avg:  0.0, Max: 0, Diff: 0, Sum: 0, Workers: 8
[2025-06-17T23:19:10.810+0300][13852][2928 ][debug][gc,phases] GC(69)     Total                          Min: 0, Avg: 15.4, Max: 123, Diff: 123, Sum: 123, Workers: 8
[2025-06-17T23:19:10.810+0300][13852][2928 ][debug][gc,phases] GC(69)   ObjectSynchronizer Weak        Min:  0.0, Avg:  0.0, Max:  0.0, Diff:  0.0, Sum:  0.0, Workers: 8
[2025-06-17T23:19:10.810+0300][13852][2928 ][debug][gc,phases] GC(69)     Dead                           Min: 0, Avg:  0.0, Max: 0, Diff: 0, Sum: 0, Workers: 8
[2025-06-17T23:19:10.810+0300][13852][2928 ][debug][gc,phases] GC(69)     Total                          Min: 0, Avg: 16.2, Max: 130, Diff: 130, Sum: 130, Workers: 8
[2025-06-17T23:19:10.810+0300][13852][2928 ][debug][gc,phases] GC(69)   JVMTI Tag Weak OopStorage      Min:  0.0, Avg:  0.0, Max:  0.0, Diff:  0.0, Sum:  0.0, Workers: 8
[2025-06-17T23:19:10.810+0300][13852][2928 ][debug][gc,phases] GC(69)     Dead                           Min: 0, Avg:  0.0, Max: 0, Diff: 0, Sum: 0, Workers: 8
[2025-06-17T23:19:10.810+0300][13852][2928 ][debug][gc,phases] GC(69)     Total                          Min: 0, Avg:  0.0, Max: 0, Diff: 0, Sum: 0, Workers: 8
[2025-06-17T23:19:10.810+0300][13852][2928 ][debug][gc,phases] GC(69)   StringTable Weak               Min:  0.0, Avg:  0.0, Max:  0.0, Diff:  0.0, Sum:  0.1, Workers: 8
[2025-06-17T23:19:10.810+0300][13852][2928 ][debug][gc,phases] GC(69)     Dead                           Min: 0, Avg:  0.0, Max: 0, Diff: 0, Sum: 0, Workers: 8
[2025-06-17T23:19:10.810+0300][13852][2928 ][debug][gc,phases] GC(69)     Total                          Min: 0, Avg: 784.9, Max: 1408, Diff: 1408, Sum: 6279, Workers: 8
[2025-06-17T23:19:10.810+0300][13852][2928 ][debug][gc,phases] GC(69)   ResolvedMethodTable Weak       Min:  0.0, Avg:  0.0, Max:  0.0, Diff:  0.0, Sum:  0.0, Workers: 8
[2025-06-17T23:19:10.810+0300][13852][2928 ][debug][gc,phases] GC(69)     Dead                           Min: 0, Avg:  0.0, Max: 0, Diff: 0, Sum: 0, Workers: 8
[2025-06-17T23:19:10.810+0300][13852][2928 ][debug][gc,phases] GC(69)     Total                          Min: 0, Avg: 110.4, Max: 190, Diff: 190, Sum: 883, Workers: 8
[2025-06-17T23:19:10.810+0300][13852][2928 ][debug][gc,phases] GC(69)   JNI Weak                       Min:  0.0, Avg:  0.0, Max:  0.0, Diff:  0.0, Sum:  0.0, Workers: 8
[2025-06-17T23:19:10.810+0300][13852][2928 ][debug][gc,phases] GC(69)     Dead                           Min: 0, Avg:  0.0, Max: 0, Diff: 0, Sum: 0, Workers: 8
[2025-06-17T23:19:10.810+0300][13852][2928 ][debug][gc,phases] GC(69)     Total                          Min: 0, Avg:  0.0, Max: 0, Diff: 0, Sum: 0, Workers: 8
[2025-06-17T23:19:10.810+0300][13852][2928 ][debug][gc,phases] GC(69)   StringDedup Table Weak         Min:  0.0, Avg:  0.0, Max:  0.0, Diff:  0.0, Sum:  0.0, Workers: 8
[2025-06-17T23:19:10.810+0300][13852][2928 ][debug][gc,phases] GC(69)     Dead                           Min: 0, Avg:  0.0, Max: 0, Diff: 0, Sum: 0, Workers: 8
[2025-06-17T23:19:10.810+0300][13852][2928 ][debug][gc,phases] GC(69)     Total                          Min: 0, Avg:  0.0, Max: 0, Diff: 0, Sum: 0, Workers: 8
[2025-06-17T23:19:10.810+0300][13852][2928 ][debug][gc,phases] GC(69)   StringDedup Requests0 Weak     Min:  0.0, Avg:  0.0, Max:  0.0, Diff:  0.0, Sum:  0.0, Workers: 8
[2025-06-17T23:19:10.810+0300][13852][2928 ][debug][gc,phases] GC(69)     Dead                           Min: 0, Avg:  0.0, Max: 0, Diff: 0, Sum: 0, Workers: 8
[2025-06-17T23:19:10.810+0300][13852][2928 ][debug][gc,phases] GC(69)     Total                          Min: 0, Avg:  0.0, Max: 0, Diff: 0, Sum: 0, Workers: 8
[2025-06-17T23:19:10.810+0300][13852][2928 ][debug][gc,phases] GC(69)   StringDedup Requests1 Weak     Min:  0.0, Avg:  0.0, Max:  0.0, Diff:  0.0, Sum:  0.0, Workers: 8
[2025-06-17T23:19:10.810+0300][13852][2928 ][debug][gc,phases] GC(69)     Dead                           Min: 0, Avg:  0.0, Max: 0, Diff: 0, Sum: 0, Workers: 8
[2025-06-17T23:19:10.810+0300][13852][2928 ][debug][gc,phases] GC(69)     Total                          Min: 0, Avg:  0.0, Max: 0, Diff: 0, Sum: 0, Workers: 8
[2025-06-17T23:19:10.810+0300][13852][2928 ][debug][gc,phases] GC(69)   Weak JFR Old Object Samples    Min:  0.0, Avg:  0.0, Max:  0.0, Diff:  0.0, Sum:  0.0, Workers: 8
[2025-06-17T23:19:10.810+0300][13852][2928 ][debug][gc,phases] GC(69)     Dead                           Min: 0, Avg:  0.0, Max: 0, Diff: 0, Sum: 0, Workers: 8
[2025-06-17T23:19:10.810+0300][13852][2928 ][debug][gc,phases] GC(69)     Total                          Min: 0, Avg:  0.0, Max: 0, Diff: 0, Sum: 0, Workers: 8
[2025-06-17T23:19:10.810+0300][13852][2928 ][debug][gc,phases] GC(69) Weak Processing 0.887ms
[2025-06-17T23:19:10.810+0300][13852][2928 ][info ][gc,heap  ] GC(69) PSYoungGen: 697376K(697856K)->576K(697856K) Eden: 696832K(696832K)->0K(696832K) From: 544K(1024K)->576K(1024K)
[2025-06-17T23:19:10.810+0300][13852][2928 ][info ][gc,heap  ] GC(69) ParOldGen: 17884K(1398272K)->17948K(1398272K)
[2025-06-17T23:19:10.810+0300][13852][2928 ][info ][gc       ] GC(69) Pause Young (Allocation Failure) 698M->18M(2047M) 1.418ms
[2025-06-17T23:19:10.810+0300][13852][2928 ][debug][gc,heap  ] GC(69) Heap after GC invocations=70 (full 2):
[2025-06-17T23:19:10.810+0300][13852][2928 ][debug][gc,heap  ] GC(69)  PSYoungGen      total 697856K, used 576K [0x00000000d5580000, 0x0000000100000000, 0x0000000100000000)
[2025-06-17T23:19:10.810+0300][13852][2928 ][debug][gc,heap  ] GC(69)   eden space 696832K, 0% used [0x00000000d5580000,0x00000000d5580000,0x00000000ffe00000)
[2025-06-17T23:19:10.810+0300][13852][2928 ][debug][gc,heap  ] GC(69)   from space 1024K, 56% used [0x00000000fff00000,0x00000000fff900e0,0x0000000100000000)
[2025-06-17T23:19:10.810+0300][13852][2928 ][debug][gc,heap  ] GC(69)   to   space 1024K, 0% used [0x00000000ffe00000,0x00000000ffe00000,0x00000000fff00000)
[2025-06-17T23:19:10.810+0300][13852][2928 ][debug][gc,heap  ] GC(69)  ParOldGen       total 1398272K, used 17948K [0x0000000080000000, 0x00000000d5580000, 0x00000000d5580000)
[2025-06-17T23:19:10.810+0300][13852][2928 ][debug][gc,heap  ] GC(69)   object space 1398272K, 1% used [0x0000000080000000,0x0000000081187258,0x00000000d5580000)
[2025-06-17T23:19:10.810+0300][13852][2928 ][debug][gc,heap  ] GC(69)  Metaspace       used 8731K, committed 9792K, reserved 1114112K
[2025-06-17T23:19:10.810+0300][13852][2928 ][debug][gc,heap  ] GC(69)   class space    used 873K, committed 1280K, reserved 1048576K
[2025-06-17T23:19:10.810+0300][13852][2928 ][info ][safepoint] Safepoint "ParallelGCFailedAllocation", Time since last: 235689500 ns, Reaching safepoint: 280900 ns, Cleanup: 7600 ns, At safepoint: 1835000 ns, Total: 2123500 ns
[2025-06-17T23:19:11.023+0300][13852][2928 ][debug][safepoint] Safepoint synchronization initiated using striped semaphore wait barrier. (19 threads)
[2025-06-17T23:19:11.023+0300][13852][21268][debug][safepoint] ... found polling page loop exception at pc = 0x0000012d12e96de0, stub =0x0000012d12894d80
[2025-06-17T23:19:11.023+0300][13852][7064 ][debug][safepoint] ... found polling page loop exception at pc = 0x0000012d12e96de0, stub =0x0000012d12894d80
[2025-06-17T23:19:11.023+0300][13852][18556][debug][safepoint] ... found polling page loop exception at pc = 0x0000012d12e96de0, stub =0x0000012d12894d80
[2025-06-17T23:19:11.023+0300][13852][5816 ][debug][safepoint] ... found polling page loop exception at pc = 0x0000012d12e96de0, stub =0x0000012d12894d80
[2025-06-17T23:19:11.023+0300][13852][10904][debug][safepoint] ... found polling page loop exception at pc = 0x0000012d12e96de0, stub =0x0000012d12894d80
[2025-06-17T23:19:11.023+0300][13852][1412 ][debug][safepoint] ... found polling page loop exception at pc = 0x0000012d12e96de0, stub =0x0000012d12894d80
[2025-06-17T23:19:11.023+0300][13852][2928 ][debug][gc,heap  ] GC(70) Heap before GC invocations=71 (full 2):
[2025-06-17T23:19:11.023+0300][13852][2928 ][debug][gc,heap  ] GC(70)  PSYoungGen      total 697856K, used 697408K [0x00000000d5580000, 0x0000000100000000, 0x0000000100000000)
[2025-06-17T23:19:11.023+0300][13852][2928 ][debug][gc,heap  ] GC(70)   eden space 696832K, 100% used [0x00000000d5580000,0x00000000ffe00000,0x00000000ffe00000)
[2025-06-17T23:19:11.023+0300][13852][2928 ][debug][gc,heap  ] GC(70)   from space 1024K, 56% used [0x00000000fff00000,0x00000000fff900e0,0x0000000100000000)
[2025-06-17T23:19:11.023+0300][13852][2928 ][debug][gc,heap  ] GC(70)   to   space 1024K, 0% used [0x00000000ffe00000,0x00000000ffe00000,0x00000000fff00000)
[2025-06-17T23:19:11.023+0300][13852][2928 ][debug][gc,heap  ] GC(70)  ParOldGen       total 1398272K, used 17948K [0x0000000080000000, 0x00000000d5580000, 0x00000000d5580000)
[2025-06-17T23:19:11.023+0300][13852][2928 ][debug][gc,heap  ] GC(70)   object space 1398272K, 1% used [0x0000000080000000,0x0000000081187258,0x00000000d5580000)
[2025-06-17T23:19:11.023+0300][13852][2928 ][debug][gc,heap  ] GC(70)  Metaspace       used 8731K, committed 9792K, reserved 1114112K
[2025-06-17T23:19:11.023+0300][13852][2928 ][debug][gc,heap  ] GC(70)   class space    used 873K, committed 1280K, reserved 1048576K
[2025-06-17T23:19:11.023+0300][13852][2928 ][debug][gc,phases] GC(70) Scavenge 0.350ms
[2025-06-17T23:19:11.023+0300][13852][2928 ][debug][gc,phases] GC(70) Reference Processing 0.050ms
[2025-06-17T23:19:11.023+0300][13852][2928 ][debug][gc,phases] GC(70)   VM Weak                        Min:  0.0, Avg:  0.0, Max:  0.0, Diff:  0.0, Sum:  0.0, Workers: 8
[2025-06-17T23:19:11.023+0300][13852][2928 ][debug][gc,phases] GC(70)     Dead                           Min: 0, Avg:  0.0, Max: 0, Diff: 0, Sum: 0, Workers: 8
[2025-06-17T23:19:11.023+0300][13852][2928 ][debug][gc,phases] GC(70)     Total                          Min: 0, Avg: 15.4, Max: 102, Diff: 102, Sum: 123, Workers: 8
[2025-06-17T23:19:11.023+0300][13852][2928 ][debug][gc,phases] GC(70)   ObjectSynchronizer Weak        Min:  0.0, Avg:  0.0, Max:  0.0, Diff:  0.0, Sum:  0.0, Workers: 8
[2025-06-17T23:19:11.023+0300][13852][2928 ][debug][gc,phases] GC(70)     Dead                           Min: 0, Avg:  0.0, Max: 0, Diff: 0, Sum: 0, Workers: 8
[2025-06-17T23:19:11.023+0300][13852][2928 ][debug][gc,phases] GC(70)     Total                          Min: 0, Avg: 16.2, Max: 66, Diff: 66, Sum: 130, Workers: 8
[2025-06-17T23:19:11.023+0300][13852][2928 ][debug][gc,phases] GC(70)   JVMTI Tag Weak OopStorage      Min:  0.0, Avg:  0.0, Max:  0.0, Diff:  0.0, Sum:  0.0, Workers: 8
[2025-06-17T23:19:11.023+0300][13852][2928 ][debug][gc,phases] GC(70)     Dead                           Min: 0, Avg:  0.0, Max: 0, Diff: 0, Sum: 0, Workers: 8
[2025-06-17T23:19:11.023+0300][13852][2928 ][debug][gc,phases] GC(70)     Total                          Min: 0, Avg:  0.0, Max: 0, Diff: 0, Sum: 0, Workers: 8
[2025-06-17T23:19:11.023+0300][13852][2928 ][debug][gc,phases] GC(70)   StringTable Weak               Min:  0.0, Avg:  0.0, Max:  0.0, Diff:  0.0, Sum:  0.1, Workers: 8
[2025-06-17T23:19:11.023+0300][13852][2928 ][debug][gc,phases] GC(70)     Dead                           Min: 0, Avg:  0.0, Max: 0, Diff: 0, Sum: 0, Workers: 8
[2025-06-17T23:19:11.023+0300][13852][2928 ][debug][gc,phases] GC(70)     Total                          Min: 640, Avg: 784.9, Max: 903, Diff: 263, Sum: 6279, Workers: 8
[2025-06-17T23:19:11.023+0300][13852][2928 ][debug][gc,phases] GC(70)   ResolvedMethodTable Weak       Min:  0.0, Avg:  0.0, Max:  0.0, Diff:  0.0, Sum:  0.0, Workers: 8
[2025-06-17T23:19:11.023+0300][13852][2928 ][debug][gc,phases] GC(70)     Dead                           Min: 0, Avg:  0.0, Max: 0, Diff: 0, Sum: 0, Workers: 8
[2025-06-17T23:19:11.023+0300][13852][2928 ][debug][gc,phases] GC(70)     Total                          Min: 61, Avg: 110.4, Max: 190, Diff: 129, Sum: 883, Workers: 8
[2025-06-17T23:19:11.023+0300][13852][2928 ][debug][gc,phases] GC(70)   JNI Weak                       Min:  0.0, Avg:  0.0, Max:  0.0, Diff:  0.0, Sum:  0.0, Workers: 8
[2025-06-17T23:19:11.023+0300][13852][2928 ][debug][gc,phases] GC(70)     Dead                           Min: 0, Avg:  0.0, Max: 0, Diff: 0, Sum: 0, Workers: 8
[2025-06-17T23:19:11.023+0300][13852][2928 ][debug][gc,phases] GC(70)     Total                          Min: 0, Avg:  0.0, Max: 0, Diff: 0, Sum: 0, Workers: 8
[2025-06-17T23:19:11.023+0300][13852][2928 ][debug][gc,phases] GC(70)   StringDedup Table Weak         Min:  0.0, Avg:  0.0, Max:  0.0, Diff:  0.0, Sum:  0.0, Workers: 8
[2025-06-17T23:19:11.023+0300][13852][2928 ][debug][gc,phases] GC(70)     Dead                           Min: 0, Avg:  0.0, Max: 0, Diff: 0, Sum: 0, Workers: 8
[2025-06-17T23:19:11.023+0300][13852][2928 ][debug][gc,phases] GC(70)     Total                          Min: 0, Avg:  0.0, Max: 0, Diff: 0, Sum: 0, Workers: 8
[2025-06-17T23:19:11.023+0300][13852][2928 ][debug][gc,phases] GC(70)   StringDedup Requests0 Weak     Min:  0.0, Avg:  0.0, Max:  0.0, Diff:  0.0, Sum:  0.0, Workers: 8
[2025-06-17T23:19:11.023+0300][13852][2928 ][debug][gc,phases] GC(70)     Dead                           Min: 0, Avg:  0.0, Max: 0, Diff: 0, Sum: 0, Workers: 8
[2025-06-17T23:19:11.023+0300][13852][2928 ][debug][gc,phases] GC(70)     Total                          Min: 0, Avg:  0.0, Max: 0, Diff: 0, Sum: 0, Workers: 8
[2025-06-17T23:19:11.023+0300][13852][2928 ][debug][gc,phases] GC(70)   StringDedup Requests1 Weak     Min:  0.0, Avg:  0.0, Max:  0.0, Diff:  0.0, Sum:  0.0, Workers: 8
[2025-06-17T23:19:11.023+0300][13852][2928 ][debug][gc,phases] GC(70)     Dead                           Min: 0, Avg:  0.0, Max: 0, Diff: 0, Sum: 0, Workers: 8
[2025-06-17T23:19:11.023+0300][13852][2928 ][debug][gc,phases] GC(70)     Total                          Min: 0, Avg:  0.0, Max: 0, Diff: 0, Sum: 0, Workers: 8
[2025-06-17T23:19:11.023+0300][13852][2928 ][debug][gc,phases] GC(70)   Weak JFR Old Object Samples    Min:  0.0, Avg:  0.0, Max:  0.0, Diff:  0.0, Sum:  0.0, Workers: 8
[2025-06-17T23:19:11.023+0300][13852][2928 ][debug][gc,phases] GC(70)     Dead                           Min: 0, Avg:  0.0, Max: 0, Diff: 0, Sum: 0, Workers: 8
[2025-06-17T23:19:11.023+0300][13852][2928 ][debug][gc,phases] GC(70)     Total                          Min: 0, Avg:  0.0, Max: 0, Diff: 0, Sum: 0, Workers: 8
[2025-06-17T23:19:11.023+0300][13852][2928 ][debug][gc,phases] GC(70) Weak Processing 0.582ms
[2025-06-17T23:19:11.023+0300][13852][2928 ][info ][gc,heap  ] GC(70) PSYoungGen: 697408K(697856K)->512K(697856K) Eden: 696832K(696832K)->0K(696832K) From: 576K(1024K)->512K(1024K)
[2025-06-17T23:19:11.023+0300][13852][2928 ][info ][gc,heap  ] GC(70) ParOldGen: 17948K(1398272K)->18004K(1398272K)
[2025-06-17T23:19:11.023+0300][13852][2928 ][info ][gc       ] GC(70) Pause Young (Allocation Failure) 698M->18M(2047M) 1.108ms
[2025-06-17T23:19:11.023+0300][13852][2928 ][debug][gc,heap  ] GC(70) Heap after GC invocations=71 (full 2):
[2025-06-17T23:19:11.023+0300][13852][2928 ][debug][gc,heap  ] GC(70)  PSYoungGen      total 697856K, used 512K [0x00000000d5580000, 0x0000000100000000, 0x0000000100000000)
[2025-06-17T23:19:11.023+0300][13852][2928 ][debug][gc,heap  ] GC(70)   eden space 696832K, 0% used [0x00000000d5580000,0x00000000d5580000,0x00000000ffe00000)
[2025-06-17T23:19:11.023+0300][13852][2928 ][debug][gc,heap  ] GC(70)   from space 1024K, 50% used [0x00000000ffe00000,0x00000000ffe800e0,0x00000000fff00000)
[2025-06-17T23:19:11.023+0300][13852][2928 ][debug][gc,heap  ] GC(70)   to   space 1024K, 0% used [0x00000000fff00000,0x00000000fff00000,0x0000000100000000)
[2025-06-17T23:19:11.023+0300][13852][2928 ][debug][gc,heap  ] GC(70)  ParOldGen       total 1398272K, used 18004K [0x0000000080000000, 0x00000000d5580000, 0x00000000d5580000)
[2025-06-17T23:19:11.023+0300][13852][2928 ][debug][gc,heap  ] GC(70)   object space 1398272K, 1% used [0x0000000080000000,0x0000000081195258,0x00000000d5580000)
[2025-06-17T23:19:11.023+0300][13852][2928 ][debug][gc,heap  ] GC(70)  Metaspace       used 8731K, committed 9792K, reserved 1114112K
[2025-06-17T23:19:11.023+0300][13852][2928 ][debug][gc,heap  ] GC(70)   class space    used 873K, committed 1280K, reserved 1048576K
[2025-06-17T23:19:11.023+0300][13852][2928 ][info ][safepoint] Safepoint "ParallelGCFailedAllocation", Time since last: 209802200 ns, Reaching safepoint: 417700 ns, Cleanup: 8800 ns, At safepoint: 1490200 ns, Total: 1916700 ns
[2025-06-17T23:19:11.223+0300][13852][2928 ][debug][safepoint] Safepoint synchronization initiated using striped semaphore wait barrier. (19 threads)
[2025-06-17T23:19:11.223+0300][13852][5816 ][debug][safepoint] ... found polling page loop exception at pc = 0x0000012d12ee98af, stub =0x0000012d12894d80
[2025-06-17T23:19:11.223+0300][13852][10904][debug][safepoint] ... found polling page loop exception at pc = 0x0000012d12e96de0, stub =0x0000012d12894d80
[2025-06-17T23:19:11.223+0300][13852][15456][debug][safepoint] ... found polling page loop exception at pc = 0x0000012d12e96de0, stub =0x0000012d12894d80
[2025-06-17T23:19:11.223+0300][13852][7064 ][debug][safepoint] ... found polling page loop exception at pc = 0x0000012d12e96de0, stub =0x0000012d12894d80
[2025-06-17T23:19:11.223+0300][13852][2928 ][debug][gc,heap  ] GC(71) Heap before GC invocations=72 (full 2):
[2025-06-17T23:19:11.223+0300][13852][2928 ][debug][gc,heap  ] GC(71)  PSYoungGen      total 697856K, used 697344K [0x00000000d5580000, 0x0000000100000000, 0x0000000100000000)
[2025-06-17T23:19:11.223+0300][13852][2928 ][debug][gc,heap  ] GC(71)   eden space 696832K, 100% used [0x00000000d5580000,0x00000000ffe00000,0x00000000ffe00000)
[2025-06-17T23:19:11.223+0300][13852][2928 ][debug][gc,heap  ] GC(71)   from space 1024K, 50% used [0x00000000ffe00000,0x00000000ffe800e0,0x00000000fff00000)
[2025-06-17T23:19:11.223+0300][13852][2928 ][debug][gc,heap  ] GC(71)   to   space 1024K, 0% used [0x00000000fff00000,0x00000000fff00000,0x0000000100000000)
[2025-06-17T23:19:11.223+0300][13852][2928 ][debug][gc,heap  ] GC(71)  ParOldGen       total 1398272K, used 18004K [0x0000000080000000, 0x00000000d5580000, 0x00000000d5580000)
[2025-06-17T23:19:11.223+0300][13852][2928 ][debug][gc,heap  ] GC(71)   object space 1398272K, 1% used [0x0000000080000000,0x0000000081195258,0x00000000d5580000)
[2025-06-17T23:19:11.223+0300][13852][2928 ][debug][gc,heap  ] GC(71)  Metaspace       used 8731K, committed 9792K, reserved 1114112K
[2025-06-17T23:19:11.223+0300][13852][2928 ][debug][gc,heap  ] GC(71)   class space    used 873K, committed 1280K, reserved 1048576K
[2025-06-17T23:19:11.223+0300][13852][2928 ][debug][gc,phases] GC(71) Scavenge 0.266ms
[2025-06-17T23:19:11.223+0300][13852][2928 ][debug][gc,phases] GC(71) Reference Processing 0.053ms
[2025-06-17T23:19:11.223+0300][13852][2928 ][debug][gc,phases] GC(71)   VM Weak                        Min:  0.0, Avg:  0.0, Max:  0.0, Diff:  0.0, Sum:  0.0, Workers: 8
[2025-06-17T23:19:11.223+0300][13852][2928 ][debug][gc,phases] GC(71)     Dead                           Min: 0, Avg:  0.0, Max: 0, Diff: 0, Sum: 0, Workers: 8
[2025-06-17T23:19:11.223+0300][13852][2928 ][debug][gc,phases] GC(71)     Total                          Min: 0, Avg: 15.4, Max: 102, Diff: 102, Sum: 123, Workers: 8
[2025-06-17T23:19:11.223+0300][13852][2928 ][debug][gc,phases] GC(71)   ObjectSynchronizer Weak        Min:  0.0, Avg:  0.0, Max:  0.0, Diff:  0.0, Sum:  0.0, Workers: 8
[2025-06-17T23:19:11.223+0300][13852][2928 ][debug][gc,phases] GC(71)     Dead                           Min: 0, Avg:  0.0, Max: 0, Diff: 0, Sum: 0, Workers: 8
[2025-06-17T23:19:11.223+0300][13852][2928 ][debug][gc,phases] GC(71)     Total                          Min: 0, Avg: 16.2, Max: 64, Diff: 64, Sum: 130, Workers: 8
[2025-06-17T23:19:11.223+0300][13852][2928 ][debug][gc,phases] GC(71)   JVMTI Tag Weak OopStorage      Min:  0.0, Avg:  0.0, Max:  0.0, Diff:  0.0, Sum:  0.0, Workers: 8
[2025-06-17T23:19:11.223+0300][13852][2928 ][debug][gc,phases] GC(71)     Dead                           Min: 0, Avg:  0.0, Max: 0, Diff: 0, Sum: 0, Workers: 8
[2025-06-17T23:19:11.223+0300][13852][2928 ][debug][gc,phases] GC(71)     Total                          Min: 0, Avg:  0.0, Max: 0, Diff: 0, Sum: 0, Workers: 8
[2025-06-17T23:19:11.223+0300][13852][2928 ][debug][gc,phases] GC(71)   StringTable Weak               Min:  0.0, Avg:  0.0, Max:  0.0, Diff:  0.0, Sum:  0.1, Workers: 8
[2025-06-17T23:19:11.223+0300][13852][2928 ][debug][gc,phases] GC(71)     Dead                           Min: 0, Avg:  0.0, Max: 0, Diff: 0, Sum: 0, Workers: 8
[2025-06-17T23:19:11.223+0300][13852][2928 ][debug][gc,phases] GC(71)     Total                          Min: 640, Avg: 784.9, Max: 960, Diff: 320, Sum: 6279, Workers: 8
[2025-06-17T23:19:11.223+0300][13852][2928 ][debug][gc,phases] GC(71)   ResolvedMethodTable Weak       Min:  0.0, Avg:  0.0, Max:  0.0, Diff:  0.0, Sum:  0.0, Workers: 8
[2025-06-17T23:19:11.223+0300][13852][2928 ][debug][gc,phases] GC(71)     Dead                           Min: 0, Avg:  0.0, Max: 0, Diff: 0, Sum: 0, Workers: 8
[2025-06-17T23:19:11.223+0300][13852][2928 ][debug][gc,phases] GC(71)     Total                          Min: 59, Avg: 110.4, Max: 190, Diff: 131, Sum: 883, Workers: 8
[2025-06-17T23:19:11.223+0300][13852][2928 ][debug][gc,phases] GC(71)   JNI Weak                       Min:  0.0, Avg:  0.0, Max:  0.0, Diff:  0.0, Sum:  0.0, Workers: 8
[2025-06-17T23:19:11.223+0300][13852][2928 ][debug][gc,phases] GC(71)     Dead                           Min: 0, Avg:  0.0, Max: 0, Diff: 0, Sum: 0, Workers: 8
[2025-06-17T23:19:11.223+0300][13852][2928 ][debug][gc,phases] GC(71)     Total                          Min: 0, Avg:  0.0, Max: 0, Diff: 0, Sum: 0, Workers: 8
[2025-06-17T23:19:11.223+0300][13852][2928 ][debug][gc,phases] GC(71)   StringDedup Table Weak         Min:  0.0, Avg:  0.0, Max:  0.0, Diff:  0.0, Sum:  0.0, Workers: 8
[2025-06-17T23:19:11.223+0300][13852][2928 ][debug][gc,phases] GC(71)     Dead                           Min: 0, Avg:  0.0, Max: 0, Diff: 0, Sum: 0, Workers: 8
[2025-06-17T23:19:11.223+0300][13852][2928 ][debug][gc,phases] GC(71)     Total                          Min: 0, Avg:  0.0, Max: 0, Diff: 0, Sum: 0, Workers: 8
[2025-06-17T23:19:11.223+0300][13852][2928 ][debug][gc,phases] GC(71)   StringDedup Requests0 Weak     Min:  0.0, Avg:  0.0, Max:  0.0, Diff:  0.0, Sum:  0.0, Workers: 8
[2025-06-17T23:19:11.223+0300][13852][2928 ][debug][gc,phases] GC(71)     Dead                           Min: 0, Avg:  0.0, Max: 0, Diff: 0, Sum: 0, Workers: 8
[2025-06-17T23:19:11.223+0300][13852][2928 ][debug][gc,phases] GC(71)     Total                          Min: 0, Avg:  0.0, Max: 0, Diff: 0, Sum: 0, Workers: 8
[2025-06-17T23:19:11.223+0300][13852][2928 ][debug][gc,phases] GC(71)   StringDedup Requests1 Weak     Min:  0.0, Avg:  0.0, Max:  0.0, Diff:  0.0, Sum:  0.0, Workers: 8
[2025-06-17T23:19:11.223+0300][13852][2928 ][debug][gc,phases] GC(71)     Dead                           Min: 0, Avg:  0.0, Max: 0, Diff: 0, Sum: 0, Workers: 8
[2025-06-17T23:19:11.223+0300][13852][2928 ][debug][gc,phases] GC(71)     Total                          Min: 0, Avg:  0.0, Max: 0, Diff: 0, Sum: 0, Workers: 8
[2025-06-17T23:19:11.223+0300][13852][2928 ][debug][gc,phases] GC(71)   Weak JFR Old Object Samples    Min:  0.0, Avg:  0.0, Max:  0.0, Diff:  0.0, Sum:  0.0, Workers: 8
[2025-06-17T23:19:11.223+0300][13852][2928 ][debug][gc,phases] GC(71)     Dead                           Min: 0, Avg:  0.0, Max: 0, Diff: 0, Sum: 0, Workers: 8
[2025-06-17T23:19:11.223+0300][13852][2928 ][debug][gc,phases] GC(71)     Total                          Min: 0, Avg:  0.0, Max: 0, Diff: 0, Sum: 0, Workers: 8
[2025-06-17T23:19:11.223+0300][13852][2928 ][debug][gc,phases] GC(71) Weak Processing 0.582ms
[2025-06-17T23:19:11.223+0300][13852][2928 ][info ][gc,heap  ] GC(71) PSYoungGen: 697344K(697856K)->496K(697856K) Eden: 696832K(696832K)->0K(696832K) From: 512K(1024K)->496K(1024K)
[2025-06-17T23:19:11.223+0300][13852][2928 ][info ][gc,heap  ] GC(71) ParOldGen: 18004K(1398272K)->18068K(1398272K)
[2025-06-17T23:19:11.223+0300][13852][2928 ][info ][gc       ] GC(71) Pause Young (Allocation Failure) 698M->18M(2047M) 1.046ms
[2025-06-17T23:19:11.223+0300][13852][2928 ][debug][gc,heap  ] GC(71) Heap after GC invocations=72 (full 2):
[2025-06-17T23:19:11.223+0300][13852][2928 ][debug][gc,heap  ] GC(71)  PSYoungGen      total 697856K, used 496K [0x00000000d5580000, 0x0000000100000000, 0x0000000100000000)
[2025-06-17T23:19:11.223+0300][13852][2928 ][debug][gc,heap  ] GC(71)   eden space 696832K, 0% used [0x00000000d5580000,0x00000000d5580000,0x00000000ffe00000)
[2025-06-17T23:19:11.223+0300][13852][2928 ][debug][gc,heap  ] GC(71)   from space 1024K, 48% used [0x00000000fff00000,0x00000000fff7c0d0,0x0000000100000000)
[2025-06-17T23:19:11.223+0300][13852][2928 ][debug][gc,heap  ] GC(71)   to   space 1024K, 0% used [0x00000000ffe00000,0x00000000ffe00000,0x00000000fff00000)
[2025-06-17T23:19:11.223+0300][13852][2928 ][debug][gc,heap  ] GC(71)  ParOldGen       total 1398272K, used 18068K [0x0000000080000000, 0x00000000d5580000, 0x00000000d5580000)
[2025-06-17T23:19:11.223+0300][13852][2928 ][debug][gc,heap  ] GC(71)   object space 1398272K, 1% used [0x0000000080000000,0x00000000811a5258,0x00000000d5580000)
[2025-06-17T23:19:11.223+0300][13852][2928 ][debug][gc,heap  ] GC(71)  Metaspace       used 8731K, committed 9792K, reserved 1114112K
[2025-06-17T23:19:11.223+0300][13852][2928 ][debug][gc,heap  ] GC(71)   class space    used 873K, committed 1280K, reserved 1048576K
[2025-06-17T23:19:11.223+0300][13852][2928 ][info ][safepoint] Safepoint "ParallelGCFailedAllocation", Time since last: 199188800 ns, Reaching safepoint: 343800 ns, Cleanup: 6700 ns, At safepoint: 1434900 ns, Total: 1785400 ns
[2025-06-17T23:19:11.424+0300][13852][2928 ][debug][safepoint] Safepoint synchronization initiated using striped semaphore wait barrier. (19 threads)
[2025-06-17T23:19:11.424+0300][13852][7064 ][debug][safepoint] ... found polling page loop exception at pc = 0x0000012d12efe703, stub =0x0000012d12895600
[2025-06-17T23:19:11.424+0300][13852][18556][debug][safepoint] ... found polling page loop exception at pc = 0x0000012d12e96de0, stub =0x0000012d12894d80
[2025-06-17T23:19:11.424+0300][13852][1412 ][debug][safepoint] ... found polling page loop exception at pc = 0x0000012d12e96de0, stub =0x0000012d12894d80
[2025-06-17T23:19:11.424+0300][13852][5816 ][debug][safepoint] ... found polling page loop exception at pc = 0x0000012d12fafdfd, stub =0x0000012d12894d80
[2025-06-17T23:19:11.424+0300][13852][2928 ][debug][gc,heap  ] GC(72) Heap before GC invocations=73 (full 2):
[2025-06-17T23:19:11.424+0300][13852][2928 ][debug][gc,heap  ] GC(72)  PSYoungGen      total 697856K, used 697328K [0x00000000d5580000, 0x0000000100000000, 0x0000000100000000)
[2025-06-17T23:19:11.424+0300][13852][2928 ][debug][gc,heap  ] GC(72)   eden space 696832K, 100% used [0x00000000d5580000,0x00000000ffe00000,0x00000000ffe00000)
[2025-06-17T23:19:11.424+0300][13852][2928 ][debug][gc,heap  ] GC(72)   from space 1024K, 48% used [0x00000000fff00000,0x00000000fff7c0d0,0x0000000100000000)
[2025-06-17T23:19:11.424+0300][13852][2928 ][debug][gc,heap  ] GC(72)   to   space 1024K, 0% used [0x00000000ffe00000,0x00000000ffe00000,0x00000000fff00000)
[2025-06-17T23:19:11.424+0300][13852][2928 ][debug][gc,heap  ] GC(72)  ParOldGen       total 1398272K, used 18068K [0x0000000080000000, 0x00000000d5580000, 0x00000000d5580000)
[2025-06-17T23:19:11.424+0300][13852][2928 ][debug][gc,heap  ] GC(72)   object space 1398272K, 1% used [0x0000000080000000,0x00000000811a5258,0x00000000d5580000)
[2025-06-17T23:19:11.424+0300][13852][2928 ][debug][gc,heap  ] GC(72)  Metaspace       used 8731K, committed 9792K, reserved 1114112K
[2025-06-17T23:19:11.424+0300][13852][2928 ][debug][gc,heap  ] GC(72)   class space    used 873K, committed 1280K, reserved 1048576K
[2025-06-17T23:19:11.424+0300][13852][2928 ][debug][gc,phases] GC(72) Scavenge 0.258ms
[2025-06-17T23:19:11.424+0300][13852][2928 ][debug][gc,phases] GC(72) Reference Processing 0.049ms
[2025-06-17T23:19:11.424+0300][13852][2928 ][debug][gc,phases] GC(72)   VM Weak                        Min:  0.0, Avg:  0.0, Max:  0.0, Diff:  0.0, Sum:  0.0, Workers: 8
[2025-06-17T23:19:11.424+0300][13852][2928 ][debug][gc,phases] GC(72)     Dead                           Min: 0, Avg:  0.0, Max: 0, Diff: 0, Sum: 0, Workers: 8
[2025-06-17T23:19:11.424+0300][13852][2928 ][debug][gc,phases] GC(72)     Total                          Min: 0, Avg: 15.4, Max: 123, Diff: 123, Sum: 123, Workers: 8
[2025-06-17T23:19:11.424+0300][13852][2928 ][debug][gc,phases] GC(72)   ObjectSynchronizer Weak        Min:  0.0, Avg:  0.0, Max:  0.0, Diff:  0.0, Sum:  0.0, Workers: 8
[2025-06-17T23:19:11.424+0300][13852][2928 ][debug][gc,phases] GC(72)     Dead                           Min: 0, Avg:  0.0, Max: 0, Diff: 0, Sum: 0, Workers: 8
[2025-06-17T23:19:11.424+0300][13852][2928 ][debug][gc,phases] GC(72)     Total                          Min: 0, Avg: 16.2, Max: 64, Diff: 64, Sum: 130, Workers: 8
[2025-06-17T23:19:11.424+0300][13852][2928 ][debug][gc,phases] GC(72)   JVMTI Tag Weak OopStorage      Min:  0.0, Avg:  0.0, Max:  0.0, Diff:  0.0, Sum:  0.0, Workers: 8
[2025-06-17T23:19:11.424+0300][13852][2928 ][debug][gc,phases] GC(72)     Dead                           Min: 0, Avg:  0.0, Max: 0, Diff: 0, Sum: 0, Workers: 8
[2025-06-17T23:19:11.424+0300][13852][2928 ][debug][gc,phases] GC(72)     Total                          Min: 0, Avg:  0.0, Max: 0, Diff: 0, Sum: 0, Workers: 8
[2025-06-17T23:19:11.424+0300][13852][2928 ][debug][gc,phases] GC(72)   StringTable Weak               Min:  0.0, Avg:  0.0, Max:  0.0, Diff:  0.0, Sum:  0.1, Workers: 8
[2025-06-17T23:19:11.424+0300][13852][2928 ][debug][gc,phases] GC(72)     Dead                           Min: 0, Avg:  0.0, Max: 0, Diff: 0, Sum: 0, Workers: 8
[2025-06-17T23:19:11.424+0300][13852][2928 ][debug][gc,phases] GC(72)     Total                          Min: 704, Avg: 784.9, Max: 839, Diff: 135, Sum: 6279, Workers: 8
[2025-06-17T23:19:11.424+0300][13852][2928 ][debug][gc,phases] GC(72)   ResolvedMethodTable Weak       Min:  0.0, Avg:  0.0, Max:  0.0, Diff:  0.0, Sum:  0.0, Workers: 8
[2025-06-17T23:19:11.424+0300][13852][2928 ][debug][gc,phases] GC(72)     Dead                           Min: 0, Avg:  0.0, Max: 0, Diff: 0, Sum: 0, Workers: 8
[2025-06-17T23:19:11.424+0300][13852][2928 ][debug][gc,phases] GC(72)     Total                          Min: 59, Avg: 110.4, Max: 128, Diff: 69, Sum: 883, Workers: 8
[2025-06-17T23:19:11.424+0300][13852][2928 ][debug][gc,phases] GC(72)   JNI Weak                       Min:  0.0, Avg:  0.0, Max:  0.0, Diff:  0.0, Sum:  0.0, Workers: 8
[2025-06-17T23:19:11.424+0300][13852][2928 ][debug][gc,phases] GC(72)     Dead                           Min: 0, Avg:  0.0, Max: 0, Diff: 0, Sum: 0, Workers: 8
[2025-06-17T23:19:11.424+0300][13852][2928 ][debug][gc,phases] GC(72)     Total                          Min: 0, Avg:  0.0, Max: 0, Diff: 0, Sum: 0, Workers: 8
[2025-06-17T23:19:11.424+0300][13852][2928 ][debug][gc,phases] GC(72)   StringDedup Table Weak         Min:  0.0, Avg:  0.0, Max:  0.0, Diff:  0.0, Sum:  0.0, Workers: 8
[2025-06-17T23:19:11.424+0300][13852][2928 ][debug][gc,phases] GC(72)     Dead                           Min: 0, Avg:  0.0, Max: 0, Diff: 0, Sum: 0, Workers: 8
[2025-06-17T23:19:11.424+0300][13852][2928 ][debug][gc,phases] GC(72)     Total                          Min: 0, Avg:  0.0, Max: 0, Diff: 0, Sum: 0, Workers: 8
[2025-06-17T23:19:11.424+0300][13852][2928 ][debug][gc,phases] GC(72)   StringDedup Requests0 Weak     Min:  0.0, Avg:  0.0, Max:  0.0, Diff:  0.0, Sum:  0.0, Workers: 8
[2025-06-17T23:19:11.424+0300][13852][2928 ][debug][gc,phases] GC(72)     Dead                           Min: 0, Avg:  0.0, Max: 0, Diff: 0, Sum: 0, Workers: 8
[2025-06-17T23:19:11.424+0300][13852][2928 ][debug][gc,phases] GC(72)     Total                          Min: 0, Avg:  0.0, Max: 0, Diff: 0, Sum: 0, Workers: 8
[2025-06-17T23:19:11.424+0300][13852][2928 ][debug][gc,phases] GC(72)   StringDedup Requests1 Weak     Min:  0.0, Avg:  0.0, Max:  0.0, Diff:  0.0, Sum:  0.0, Workers: 8
[2025-06-17T23:19:11.424+0300][13852][2928 ][debug][gc,phases] GC(72)     Dead                           Min: 0, Avg:  0.0, Max: 0, Diff: 0, Sum: 0, Workers: 8
[2025-06-17T23:19:11.424+0300][13852][2928 ][debug][gc,phases] GC(72)     Total                          Min: 0, Avg:  0.0, Max: 0, Diff: 0, Sum: 0, Workers: 8
[2025-06-17T23:19:11.424+0300][13852][2928 ][debug][gc,phases] GC(72)   Weak JFR Old Object Samples    Min:  0.0, Avg:  0.0, Max:  0.0, Diff:  0.0, Sum:  0.0, Workers: 8
[2025-06-17T23:19:11.424+0300][13852][2928 ][debug][gc,phases] GC(72)     Dead                           Min: 0, Avg:  0.0, Max: 0, Diff: 0, Sum: 0, Workers: 8
[2025-06-17T23:19:11.424+0300][13852][2928 ][debug][gc,phases] GC(72)     Total                          Min: 0, Avg:  0.0, Max: 0, Diff: 0, Sum: 0, Workers: 8
[2025-06-17T23:19:11.424+0300][13852][2928 ][debug][gc,phases] GC(72) Weak Processing 0.524ms
[2025-06-17T23:19:11.424+0300][13852][2928 ][info ][gc,heap  ] GC(72) PSYoungGen: 697328K(697856K)->512K(697856K) Eden: 696832K(696832K)->0K(696832K) From: 496K(1024K)->512K(1024K)
[2025-06-17T23:19:11.424+0300][13852][2928 ][info ][gc,heap  ] GC(72) ParOldGen: 18068K(1398272K)->18132K(1398272K)
[2025-06-17T23:19:11.424+0300][13852][2928 ][info ][gc       ] GC(72) Pause Young (Allocation Failure) 698M->18M(2047M) 0.948ms
[2025-06-17T23:19:11.424+0300][13852][2928 ][debug][gc,heap  ] GC(72) Heap after GC invocations=73 (full 2):
[2025-06-17T23:19:11.424+0300][13852][2928 ][debug][gc,heap  ] GC(72)  PSYoungGen      total 697856K, used 512K [0x00000000d5580000, 0x0000000100000000, 0x0000000100000000)
[2025-06-17T23:19:11.424+0300][13852][2928 ][debug][gc,heap  ] GC(72)   eden space 696832K, 0% used [0x00000000d5580000,0x00000000d5580000,0x00000000ffe00000)
[2025-06-17T23:19:11.424+0300][13852][2928 ][debug][gc,heap  ] GC(72)   from space 1024K, 50% used [0x00000000ffe00000,0x00000000ffe80100,0x00000000fff00000)
[2025-06-17T23:19:11.424+0300][13852][2928 ][debug][gc,heap  ] GC(72)   to   space 1024K, 0% used [0x00000000fff00000,0x00000000fff00000,0x0000000100000000)
[2025-06-17T23:19:11.424+0300][13852][2928 ][debug][gc,heap  ] GC(72)  ParOldGen       total 1398272K, used 18132K [0x0000000080000000, 0x00000000d5580000, 0x00000000d5580000)
[2025-06-17T23:19:11.424+0300][13852][2928 ][debug][gc,heap  ] GC(72)   object space 1398272K, 1% used [0x0000000080000000,0x00000000811b5258,0x00000000d5580000)
[2025-06-17T23:19:11.424+0300][13852][2928 ][debug][gc,heap  ] GC(72)  Metaspace       used 8731K, committed 9792K, reserved 1114112K
[2025-06-17T23:19:11.424+0300][13852][2928 ][debug][gc,heap  ] GC(72)   class space    used 873K, committed 1280K, reserved 1048576K
[2025-06-17T23:19:11.424+0300][13852][2928 ][info ][safepoint] Safepoint "ParallelGCFailedAllocation", Time since last: 199305700 ns, Reaching safepoint: 293000 ns, Cleanup: 5900 ns, At safepoint: 1290100 ns, Total: 1589000 ns
[2025-06-17T23:19:11.670+0300][13852][2928 ][debug][safepoint] Safepoint synchronization initiated using striped semaphore wait barrier. (14 threads)
[2025-06-17T23:19:11.670+0300][13852][7064 ][debug][safepoint] ... found polling page loop exception at pc = 0x0000012d12e96de0, stub =0x0000012d12894d80
[2025-06-17T23:19:11.670+0300][13852][2928 ][debug][gc,heap  ] GC(73) Heap before GC invocations=74 (full 2):
[2025-06-17T23:19:11.670+0300][13852][2928 ][debug][gc,heap  ] GC(73)  PSYoungGen      total 697856K, used 697344K [0x00000000d5580000, 0x0000000100000000, 0x0000000100000000)
[2025-06-17T23:19:11.670+0300][13852][2928 ][debug][gc,heap  ] GC(73)   eden space 696832K, 100% used [0x00000000d5580000,0x00000000ffe00000,0x00000000ffe00000)
[2025-06-17T23:19:11.670+0300][13852][2928 ][debug][gc,heap  ] GC(73)   from space 1024K, 50% used [0x00000000ffe00000,0x00000000ffe80100,0x00000000fff00000)
[2025-06-17T23:19:11.670+0300][13852][2928 ][debug][gc,heap  ] GC(73)   to   space 1024K, 0% used [0x00000000fff00000,0x00000000fff00000,0x0000000100000000)
[2025-06-17T23:19:11.670+0300][13852][2928 ][debug][gc,heap  ] GC(73)  ParOldGen       total 1398272K, used 18132K [0x0000000080000000, 0x00000000d5580000, 0x00000000d5580000)
[2025-06-17T23:19:11.670+0300][13852][2928 ][debug][gc,heap  ] GC(73)   object space 1398272K, 1% used [0x0000000080000000,0x00000000811b5258,0x00000000d5580000)
[2025-06-17T23:19:11.670+0300][13852][2928 ][debug][gc,heap  ] GC(73)  Metaspace       used 8731K, committed 9792K, reserved 1114112K
[2025-06-17T23:19:11.670+0300][13852][2928 ][debug][gc,heap  ] GC(73)   class space    used 873K, committed 1280K, reserved 1048576K
[2025-06-17T23:19:11.670+0300][13852][2928 ][debug][gc,phases] GC(73) Scavenge 0.391ms
[2025-06-17T23:19:11.670+0300][13852][2928 ][debug][gc,phases] GC(73) Reference Processing 0.065ms
[2025-06-17T23:19:11.670+0300][13852][2928 ][debug][gc,phases] GC(73)   VM Weak                        Min:  0.0, Avg:  0.0, Max:  0.0, Diff:  0.0, Sum:  0.0, Workers: 8
[2025-06-17T23:19:11.670+0300][13852][2928 ][debug][gc,phases] GC(73)     Dead                           Min: 0, Avg:  0.0, Max: 0, Diff: 0, Sum: 0, Workers: 8
[2025-06-17T23:19:11.670+0300][13852][2928 ][debug][gc,phases] GC(73)     Total                          Min: 0, Avg: 15.4, Max: 85, Diff: 85, Sum: 123, Workers: 8
[2025-06-17T23:19:11.670+0300][13852][2928 ][debug][gc,phases] GC(73)   ObjectSynchronizer Weak        Min:  0.0, Avg:  0.0, Max:  0.0, Diff:  0.0, Sum:  0.0, Workers: 8
[2025-06-17T23:19:11.670+0300][13852][2928 ][debug][gc,phases] GC(73)     Dead                           Min: 0, Avg:  0.0, Max: 0, Diff: 0, Sum: 0, Workers: 8
[2025-06-17T23:19:11.670+0300][13852][2928 ][debug][gc,phases] GC(73)     Total                          Min: 0, Avg: 16.2, Max: 66, Diff: 66, Sum: 130, Workers: 8
[2025-06-17T23:19:11.670+0300][13852][2928 ][debug][gc,phases] GC(73)   JVMTI Tag Weak OopStorage      Min:  0.0, Avg:  0.0, Max:  0.0, Diff:  0.0, Sum:  0.0, Workers: 8
[2025-06-17T23:19:11.670+0300][13852][2928 ][debug][gc,phases] GC(73)     Dead                           Min: 0, Avg:  0.0, Max: 0, Diff: 0, Sum: 0, Workers: 8
[2025-06-17T23:19:11.670+0300][13852][2928 ][debug][gc,phases] GC(73)     Total                          Min: 0, Avg:  0.0, Max: 0, Diff: 0, Sum: 0, Workers: 8
[2025-06-17T23:19:11.670+0300][13852][2928 ][debug][gc,phases] GC(73)   StringTable Weak               Min:  0.0, Avg:  0.0, Max:  0.0, Diff:  0.0, Sum:  0.1, Workers: 8
[2025-06-17T23:19:11.670+0300][13852][2928 ][debug][gc,phases] GC(73)     Dead                           Min: 0, Avg:  0.0, Max: 0, Diff: 0, Sum: 0, Workers: 8
[2025-06-17T23:19:11.670+0300][13852][2928 ][debug][gc,phases] GC(73)     Total                          Min: 0, Avg: 784.9, Max: 1344, Diff: 1344, Sum: 6279, Workers: 8
[2025-06-17T23:19:11.670+0300][13852][2928 ][debug][gc,phases] GC(73)   ResolvedMethodTable Weak       Min:  0.0, Avg:  0.0, Max:  0.0, Diff:  0.0, Sum:  0.0, Workers: 8
[2025-06-17T23:19:11.670+0300][13852][2928 ][debug][gc,phases] GC(73)     Dead                           Min: 0, Avg:  0.0, Max: 0, Diff: 0, Sum: 0, Workers: 8
[2025-06-17T23:19:11.670+0300][13852][2928 ][debug][gc,phases] GC(73)     Total                          Min: 0, Avg: 110.4, Max: 191, Diff: 191, Sum: 883, Workers: 8
[2025-06-17T23:19:11.670+0300][13852][2928 ][debug][gc,phases] GC(73)   JNI Weak                       Min:  0.0, Avg:  0.0, Max:  0.0, Diff:  0.0, Sum:  0.0, Workers: 8
[2025-06-17T23:19:11.670+0300][13852][2928 ][debug][gc,phases] GC(73)     Dead                           Min: 0, Avg:  0.0, Max: 0, Diff: 0, Sum: 0, Workers: 8
[2025-06-17T23:19:11.670+0300][13852][2928 ][debug][gc,phases] GC(73)     Total                          Min: 0, Avg:  0.0, Max: 0, Diff: 0, Sum: 0, Workers: 8
[2025-06-17T23:19:11.670+0300][13852][2928 ][debug][gc,phases] GC(73)   StringDedup Table Weak         Min:  0.0, Avg:  0.0, Max:  0.0, Diff:  0.0, Sum:  0.0, Workers: 8
[2025-06-17T23:19:11.670+0300][13852][2928 ][debug][gc,phases] GC(73)     Dead                           Min: 0, Avg:  0.0, Max: 0, Diff: 0, Sum: 0, Workers: 8
[2025-06-17T23:19:11.670+0300][13852][2928 ][debug][gc,phases] GC(73)     Total                          Min: 0, Avg:  0.0, Max: 0, Diff: 0, Sum: 0, Workers: 8
[2025-06-17T23:19:11.670+0300][13852][2928 ][debug][gc,phases] GC(73)   StringDedup Requests0 Weak     Min:  0.0, Avg:  0.0, Max:  0.0, Diff:  0.0, Sum:  0.0, Workers: 8
[2025-06-17T23:19:11.670+0300][13852][2928 ][debug][gc,phases] GC(73)     Dead                           Min: 0, Avg:  0.0, Max: 0, Diff: 0, Sum: 0, Workers: 8
[2025-06-17T23:19:11.670+0300][13852][2928 ][debug][gc,phases] GC(73)     Total                          Min: 0, Avg:  0.0, Max: 0, Diff: 0, Sum: 0, Workers: 8
[2025-06-17T23:19:11.670+0300][13852][2928 ][debug][gc,phases] GC(73)   StringDedup Requests1 Weak     Min:  0.0, Avg:  0.0, Max:  0.0, Diff:  0.0, Sum:  0.0, Workers: 8
[2025-06-17T23:19:11.670+0300][13852][2928 ][debug][gc,phases] GC(73)     Dead                           Min: 0, Avg:  0.0, Max: 0, Diff: 0, Sum: 0, Workers: 8
[2025-06-17T23:19:11.670+0300][13852][2928 ][debug][gc,phases] GC(73)     Total                          Min: 0, Avg:  0.0, Max: 0, Diff: 0, Sum: 0, Workers: 8
[2025-06-17T23:19:11.670+0300][13852][2928 ][debug][gc,phases] GC(73)   Weak JFR Old Object Samples    Min:  0.0, Avg:  0.0, Max:  0.0, Diff:  0.0, Sum:  0.0, Workers: 8
[2025-06-17T23:19:11.670+0300][13852][2928 ][debug][gc,phases] GC(73)     Dead                           Min: 0, Avg:  0.0, Max: 0, Diff: 0, Sum: 0, Workers: 8
[2025-06-17T23:19:11.670+0300][13852][2928 ][debug][gc,phases] GC(73)     Total                          Min: 0, Avg:  0.0, Max: 0, Diff: 0, Sum: 0, Workers: 8
[2025-06-17T23:19:11.670+0300][13852][2928 ][debug][gc,phases] GC(73) Weak Processing 0.837ms
[2025-06-17T23:19:11.670+0300][13852][2928 ][info ][gc,heap  ] GC(73) PSYoungGen: 697344K(697856K)->352K(697856K) Eden: 696832K(696832K)->0K(696832K) From: 512K(1024K)->352K(1024K)
[2025-06-17T23:19:11.670+0300][13852][2928 ][info ][gc,heap  ] GC(73) ParOldGen: 18132K(1398272K)->18172K(1398272K)
[2025-06-17T23:19:11.670+0300][13852][2928 ][info ][gc       ] GC(73) Pause Young (Allocation Failure) 698M->18M(2047M) 1.464ms
[2025-06-17T23:19:11.670+0300][13852][2928 ][debug][gc,heap  ] GC(73) Heap after GC invocations=74 (full 2):
[2025-06-17T23:19:11.670+0300][13852][2928 ][debug][gc,heap  ] GC(73)  PSYoungGen      total 697856K, used 352K [0x00000000d5580000, 0x0000000100000000, 0x0000000100000000)
[2025-06-17T23:19:11.670+0300][13852][2928 ][debug][gc,heap  ] GC(73)   eden space 696832K, 0% used [0x00000000d5580000,0x00000000d5580000,0x00000000ffe00000)
[2025-06-17T23:19:11.670+0300][13852][2928 ][debug][gc,heap  ] GC(73)   from space 1024K, 34% used [0x00000000fff00000,0x00000000fff58020,0x0000000100000000)
[2025-06-17T23:19:11.670+0300][13852][2928 ][debug][gc,heap  ] GC(73)   to   space 1024K, 0% used [0x00000000ffe00000,0x00000000ffe00000,0x00000000fff00000)
[2025-06-17T23:19:11.670+0300][13852][2928 ][debug][gc,heap  ] GC(73)  ParOldGen       total 1398272K, used 18172K [0x0000000080000000, 0x00000000d5580000, 0x00000000d5580000)
[2025-06-17T23:19:11.670+0300][13852][2928 ][debug][gc,heap  ] GC(73)   object space 1398272K, 1% used [0x0000000080000000,0x00000000811bf258,0x00000000d5580000)
[2025-06-17T23:19:11.670+0300][13852][2928 ][debug][gc,heap  ] GC(73)  Metaspace       used 8731K, committed 9792K, reserved 1114112K
[2025-06-17T23:19:11.670+0300][13852][2928 ][debug][gc,heap  ] GC(73)   class space    used 873K, committed 1280K, reserved 1048576K
[2025-06-17T23:19:11.670+0300][13852][2928 ][info ][safepoint] Safepoint "ParallelGCFailedAllocation", Time since last: 257487700 ns, Reaching safepoint: 146100 ns, Cleanup: 8400 ns, At safepoint: 1898400 ns, Total: 2052900 ns
[2025-06-17T23:19:11.973+0300][13852][2928 ][debug][safepoint] Safepoint synchronization initiated using striped semaphore wait barrier. (12 threads)
[2025-06-17T23:19:11.973+0300][13852][2928 ][debug][gc,heap  ] GC(74) Heap before GC invocations=75 (full 2):
[2025-06-17T23:19:11.973+0300][13852][2928 ][debug][gc,heap  ] GC(74)  PSYoungGen      total 697856K, used 77448K [0x00000000d5580000, 0x0000000100000000, 0x0000000100000000)
[2025-06-17T23:19:11.973+0300][13852][2928 ][debug][gc,heap  ] GC(74)   eden space 696832K, 11% used [0x00000000d5580000,0x00000000da0ca230,0x00000000ffe00000)
[2025-06-17T23:19:11.973+0300][13852][2928 ][debug][gc,heap  ] GC(74)   from space 1024K, 34% used [0x00000000fff00000,0x00000000fff58020,0x0000000100000000)
[2025-06-17T23:19:11.973+0300][13852][2928 ][debug][gc,heap  ] GC(74)   to   space 1024K, 0% used [0x00000000ffe00000,0x00000000ffe00000,0x00000000fff00000)
[2025-06-17T23:19:11.973+0300][13852][2928 ][debug][gc,heap  ] GC(74)  ParOldGen       total 1398272K, used 18172K [0x0000000080000000, 0x00000000d5580000, 0x00000000d5580000)
[2025-06-17T23:19:11.973+0300][13852][2928 ][debug][gc,heap  ] GC(74)   object space 1398272K, 1% used [0x0000000080000000,0x00000000811bf258,0x00000000d5580000)
[2025-06-17T23:19:11.973+0300][13852][2928 ][debug][gc,heap  ] GC(74)  Metaspace       used 8732K, committed 9792K, reserved 1114112K
[2025-06-17T23:19:11.973+0300][13852][2928 ][debug][gc,heap  ] GC(74)   class space    used 873K, committed 1280K, reserved 1048576K
[2025-06-17T23:19:11.973+0300][13852][2928 ][debug][gc,phases] GC(74) Scavenge 0.164ms
[2025-06-17T23:19:11.973+0300][13852][2928 ][debug][gc,phases] GC(74) Reference Processing 0.031ms
[2025-06-17T23:19:11.973+0300][13852][2928 ][debug][gc,phases] GC(74)   VM Weak                        Min:  0.0, Avg:  0.0, Max:  0.0, Diff:  0.0, Sum:  0.0, Workers: 8
[2025-06-17T23:19:11.973+0300][13852][2928 ][debug][gc,phases] GC(74)     Dead                           Min: 0, Avg:  0.0, Max: 0, Diff: 0, Sum: 0, Workers: 8
[2025-06-17T23:19:11.973+0300][13852][2928 ][debug][gc,phases] GC(74)     Total                          Min: 0, Avg: 15.4, Max: 101, Diff: 101, Sum: 123, Workers: 8
[2025-06-17T23:19:11.973+0300][13852][2928 ][debug][gc,phases] GC(74)   ObjectSynchronizer Weak        Min:  0.0, Avg:  0.0, Max:  0.0, Diff:  0.0, Sum:  0.0, Workers: 8
[2025-06-17T23:19:11.973+0300][13852][2928 ][debug][gc,phases] GC(74)     Dead                           Min: 0, Avg:  0.0, Max: 0, Diff: 0, Sum: 0, Workers: 8
[2025-06-17T23:19:11.973+0300][13852][2928 ][debug][gc,phases] GC(74)     Total                          Min: 0, Avg: 16.2, Max: 64, Diff: 64, Sum: 130, Workers: 8
[2025-06-17T23:19:11.973+0300][13852][2928 ][debug][gc,phases] GC(74)   JVMTI Tag Weak OopStorage      Min:  0.0, Avg:  0.0, Max:  0.0, Diff:  0.0, Sum:  0.0, Workers: 8
[2025-06-17T23:19:11.973+0300][13852][2928 ][debug][gc,phases] GC(74)     Dead                           Min: 0, Avg:  0.0, Max: 0, Diff: 0, Sum: 0, Workers: 8
[2025-06-17T23:19:11.973+0300][13852][2928 ][debug][gc,phases] GC(74)     Total                          Min: 0, Avg:  0.0, Max: 0, Diff: 0, Sum: 0, Workers: 8
[2025-06-17T23:19:11.973+0300][13852][2928 ][debug][gc,phases] GC(74)   StringTable Weak               Min:  0.0, Avg:  0.0, Max:  0.0, Diff:  0.0, Sum:  0.1, Workers: 8
[2025-06-17T23:19:11.973+0300][13852][2928 ][debug][gc,phases] GC(74)     Dead                           Min: 0, Avg:  0.0, Max: 0, Diff: 0, Sum: 0, Workers: 8
[2025-06-17T23:19:11.973+0300][13852][2928 ][debug][gc,phases] GC(74)     Total                          Min: 0, Avg: 785.1, Max: 960, Diff: 960, Sum: 6281, Workers: 8
[2025-06-17T23:19:11.973+0300][13852][2928 ][debug][gc,phases] GC(74)   ResolvedMethodTable Weak       Min:  0.0, Avg:  0.0, Max:  0.0, Diff:  0.0, Sum:  0.0, Workers: 8
[2025-06-17T23:19:11.973+0300][13852][2928 ][debug][gc,phases] GC(74)     Dead                           Min: 0, Avg:  0.0, Max: 0, Diff: 0, Sum: 0, Workers: 8
[2025-06-17T23:19:11.973+0300][13852][2928 ][debug][gc,phases] GC(74)     Total                          Min: 0, Avg: 110.4, Max: 186, Diff: 186, Sum: 883, Workers: 8
[2025-06-17T23:19:11.973+0300][13852][2928 ][debug][gc,phases] GC(74)   JNI Weak                       Min:  0.0, Avg:  0.0, Max:  0.0, Diff:  0.0, Sum:  0.0, Workers: 8
[2025-06-17T23:19:11.973+0300][13852][2928 ][debug][gc,phases] GC(74)     Dead                           Min: 0, Avg:  0.0, Max: 0, Diff: 0, Sum: 0, Workers: 8
[2025-06-17T23:19:11.973+0300][13852][2928 ][debug][gc,phases] GC(74)     Total                          Min: 0, Avg:  0.0, Max: 0, Diff: 0, Sum: 0, Workers: 8
[2025-06-17T23:19:11.973+0300][13852][2928 ][debug][gc,phases] GC(74)   StringDedup Table Weak         Min:  0.0, Avg:  0.0, Max:  0.0, Diff:  0.0, Sum:  0.0, Workers: 8
[2025-06-17T23:19:11.973+0300][13852][2928 ][debug][gc,phases] GC(74)     Dead                           Min: 0, Avg:  0.0, Max: 0, Diff: 0, Sum: 0, Workers: 8
[2025-06-17T23:19:11.973+0300][13852][2928 ][debug][gc,phases] GC(74)     Total                          Min: 0, Avg:  0.0, Max: 0, Diff: 0, Sum: 0, Workers: 8
[2025-06-17T23:19:11.973+0300][13852][2928 ][debug][gc,phases] GC(74)   StringDedup Requests0 Weak     Min:  0.0, Avg:  0.0, Max:  0.0, Diff:  0.0, Sum:  0.0, Workers: 8
[2025-06-17T23:19:11.973+0300][13852][2928 ][debug][gc,phases] GC(74)     Dead                           Min: 0, Avg:  0.0, Max: 0, Diff: 0, Sum: 0, Workers: 8
[2025-06-17T23:19:11.973+0300][13852][2928 ][debug][gc,phases] GC(74)     Total                          Min: 0, Avg:  0.0, Max: 0, Diff: 0, Sum: 0, Workers: 8
[2025-06-17T23:19:11.973+0300][13852][2928 ][debug][gc,phases] GC(74)   StringDedup Requests1 Weak     Min:  0.0, Avg:  0.0, Max:  0.0, Diff:  0.0, Sum:  0.0, Workers: 8
[2025-06-17T23:19:11.973+0300][13852][2928 ][debug][gc,phases] GC(74)     Dead                           Min: 0, Avg:  0.0, Max: 0, Diff: 0, Sum: 0, Workers: 8
[2025-06-17T23:19:11.973+0300][13852][2928 ][debug][gc,phases] GC(74)     Total                          Min: 0, Avg:  0.0, Max: 0, Diff: 0, Sum: 0, Workers: 8
[2025-06-17T23:19:11.973+0300][13852][2928 ][debug][gc,phases] GC(74)   Weak JFR Old Object Samples    Min:  0.0, Avg:  0.0, Max:  0.0, Diff:  0.0, Sum:  0.0, Workers: 8
[2025-06-17T23:19:11.973+0300][13852][2928 ][debug][gc,phases] GC(74)     Dead                           Min: 0, Avg:  0.0, Max: 0, Diff: 0, Sum: 0, Workers: 8
[2025-06-17T23:19:11.973+0300][13852][2928 ][debug][gc,phases] GC(74)     Total                          Min: 0, Avg:  0.0, Max: 0, Diff: 0, Sum: 0, Workers: 8
[2025-06-17T23:19:11.973+0300][13852][2928 ][debug][gc,phases] GC(74) Weak Processing 0.497ms
[2025-06-17T23:19:11.973+0300][13852][2928 ][info ][gc,heap  ] GC(74) PSYoungGen: 77448K(697856K)->160K(697856K) Eden: 77096K(696832K)->0K(696832K) From: 352K(1024K)->160K(1024K)
[2025-06-17T23:19:11.973+0300][13852][2928 ][info ][gc,heap  ] GC(74) ParOldGen: 18172K(1398272K)->18236K(1398272K)
[2025-06-17T23:19:11.973+0300][13852][2928 ][info ][gc       ] GC(74) Pause Young (System.gc()) 93M->17M(2047M) 0.795ms
[2025-06-17T23:19:11.973+0300][13852][2928 ][debug][gc,heap  ] GC(74) Heap after GC invocations=75 (full 2):
[2025-06-17T23:19:11.973+0300][13852][2928 ][debug][gc,heap  ] GC(74)  PSYoungGen      total 697856K, used 160K [0x00000000d5580000, 0x0000000100000000, 0x0000000100000000)
[2025-06-17T23:19:11.973+0300][13852][2928 ][debug][gc,heap  ] GC(74)   eden space 696832K, 0% used [0x00000000d5580000,0x00000000d5580000,0x00000000ffe00000)
[2025-06-17T23:19:11.973+0300][13852][2928 ][debug][gc,heap  ] GC(74)   from space 1024K, 15% used [0x00000000ffe00000,0x00000000ffe28000,0x00000000fff00000)
[2025-06-17T23:19:11.973+0300][13852][2928 ][debug][gc,heap  ] GC(74)   to   space 1024K, 0% used [0x00000000fff00000,0x00000000fff00000,0x0000000100000000)
[2025-06-17T23:19:11.973+0300][13852][2928 ][debug][gc,heap  ] GC(74)  ParOldGen       total 1398272K, used 18236K [0x0000000080000000, 0x00000000d5580000, 0x00000000d5580000)
[2025-06-17T23:19:11.973+0300][13852][2928 ][debug][gc,heap  ] GC(74)   object space 1398272K, 1% used [0x0000000080000000,0x00000000811cf258,0x00000000d5580000)
[2025-06-17T23:19:11.973+0300][13852][2928 ][debug][gc,heap  ] GC(74)  Metaspace       used 8732K, committed 9792K, reserved 1114112K
[2025-06-17T23:19:11.973+0300][13852][2928 ][debug][gc,heap  ] GC(74)   class space    used 873K, committed 1280K, reserved 1048576K
[2025-06-17T23:19:11.973+0300][13852][2928 ][debug][gc,heap  ] GC(75) Heap before GC invocations=76 (full 3):
[2025-06-17T23:19:11.973+0300][13852][2928 ][debug][gc,heap  ] GC(75)  PSYoungGen      total 697856K, used 160K [0x00000000d5580000, 0x0000000100000000, 0x0000000100000000)
[2025-06-17T23:19:11.973+0300][13852][2928 ][debug][gc,heap  ] GC(75)   eden space 696832K, 0% used [0x00000000d5580000,0x00000000d5580000,0x00000000ffe00000)
[2025-06-17T23:19:11.973+0300][13852][2928 ][debug][gc,heap  ] GC(75)   from space 1024K, 15% used [0x00000000ffe00000,0x00000000ffe28000,0x00000000fff00000)
[2025-06-17T23:19:11.973+0300][13852][2928 ][debug][gc,heap  ] GC(75)   to   space 1024K, 0% used [0x00000000fff00000,0x00000000fff00000,0x0000000100000000)
[2025-06-17T23:19:11.973+0300][13852][2928 ][debug][gc,heap  ] GC(75)  ParOldGen       total 1398272K, used 18236K [0x0000000080000000, 0x00000000d5580000, 0x00000000d5580000)
[2025-06-17T23:19:11.973+0300][13852][2928 ][debug][gc,heap  ] GC(75)   object space 1398272K, 1% used [0x0000000080000000,0x00000000811cf258,0x00000000d5580000)
[2025-06-17T23:19:11.973+0300][13852][2928 ][debug][gc,heap  ] GC(75)  Metaspace       used 8732K, committed 9792K, reserved 1114112K
[2025-06-17T23:19:11.973+0300][13852][2928 ][debug][gc,heap  ] GC(75)   class space    used 873K, committed 1280K, reserved 1048576K
[2025-06-17T23:19:11.973+0300][13852][2928 ][debug][gc,phases] GC(75) Pre Compact 0.118ms
[2025-06-17T23:19:11.986+0300][13852][2928 ][debug][gc,phases] GC(75) Par Mark 1.679ms
[2025-06-17T23:19:11.986+0300][13852][2928 ][debug][gc,phases] GC(75) Reference Processing 0.182ms
[2025-06-17T23:19:11.986+0300][13852][2928 ][debug][gc,phases] GC(75)   VM Weak                        Min:  0.0, Avg:  0.0, Max:  0.0, Diff:  0.0, Sum:  0.0, Workers: 8
[2025-06-17T23:19:11.986+0300][13852][2928 ][debug][gc,phases] GC(75)     Dead                           Min: 0, Avg:  0.0, Max: 0, Diff: 0, Sum: 0, Workers: 8
[2025-06-17T23:19:11.986+0300][13852][2928 ][debug][gc,phases] GC(75)     Total                          Min: 0, Avg: 15.4, Max: 123, Diff: 123, Sum: 123, Workers: 8
[2025-06-17T23:19:11.986+0300][13852][2928 ][debug][gc,phases] GC(75)   ObjectSynchronizer Weak        Min:  0.0, Avg:  0.0, Max:  0.0, Diff:  0.0, Sum:  0.0, Workers: 8
[2025-06-17T23:19:11.986+0300][13852][2928 ][debug][gc,phases] GC(75)     Dead                           Min: 0, Avg:  0.0, Max: 0, Diff: 0, Sum: 0, Workers: 8
[2025-06-17T23:19:11.986+0300][13852][2928 ][debug][gc,phases] GC(75)     Total                          Min: 0, Avg: 16.2, Max: 130, Diff: 130, Sum: 130, Workers: 8
[2025-06-17T23:19:11.986+0300][13852][2928 ][debug][gc,phases] GC(75)   JVMTI Tag Weak OopStorage      Min:  0.0, Avg:  0.0, Max:  0.0, Diff:  0.0, Sum:  0.0, Workers: 8
[2025-06-17T23:19:11.986+0300][13852][2928 ][debug][gc,phases] GC(75)     Dead                           Min: 0, Avg:  0.0, Max: 0, Diff: 0, Sum: 0, Workers: 8
[2025-06-17T23:19:11.986+0300][13852][2928 ][debug][gc,phases] GC(75)     Total                          Min: 0, Avg:  0.0, Max: 0, Diff: 0, Sum: 0, Workers: 8
[2025-06-17T23:19:11.986+0300][13852][2928 ][debug][gc,phases] GC(75)   StringTable Weak               Min:  0.0, Avg:  0.0, Max:  0.0, Diff:  0.0, Sum:  0.1, Workers: 8
[2025-06-17T23:19:11.986+0300][13852][2928 ][debug][gc,phases] GC(75)     Dead                           Min: 0, Avg:  0.0, Max: 0, Diff: 0, Sum: 0, Workers: 8
[2025-06-17T23:19:11.986+0300][13852][2928 ][debug][gc,phases] GC(75)     Total                          Min: 0, Avg: 785.1, Max: 1152, Diff: 1152, Sum: 6281, Workers: 8
[2025-06-17T23:19:11.986+0300][13852][2928 ][debug][gc,phases] GC(75)   ResolvedMethodTable Weak       Min:  0.0, Avg:  0.0, Max:  0.0, Diff:  0.0, Sum:  0.0, Workers: 8
[2025-06-17T23:19:11.986+0300][13852][2928 ][debug][gc,phases] GC(75)     Dead                           Min: 0, Avg:  0.0, Max: 0, Diff: 0, Sum: 0, Workers: 8
[2025-06-17T23:19:11.986+0300][13852][2928 ][debug][gc,phases] GC(75)     Total                          Min: 0, Avg: 110.4, Max: 191, Diff: 191, Sum: 883, Workers: 8
[2025-06-17T23:19:11.986+0300][13852][2928 ][debug][gc,phases] GC(75)   JNI Weak                       Min:  0.0, Avg:  0.0, Max:  0.0, Diff:  0.0, Sum:  0.0, Workers: 8
[2025-06-17T23:19:11.986+0300][13852][2928 ][debug][gc,phases] GC(75)     Dead                           Min: 0, Avg:  0.0, Max: 0, Diff: 0, Sum: 0, Workers: 8
[2025-06-17T23:19:11.986+0300][13852][2928 ][debug][gc,phases] GC(75)     Total                          Min: 0, Avg:  0.0, Max: 0, Diff: 0, Sum: 0, Workers: 8
[2025-06-17T23:19:11.986+0300][13852][2928 ][debug][gc,phases] GC(75)   StringDedup Table Weak         Min:  0.0, Avg:  0.0, Max:  0.0, Diff:  0.0, Sum:  0.0, Workers: 8
[2025-06-17T23:19:11.986+0300][13852][2928 ][debug][gc,phases] GC(75)     Dead                           Min: 0, Avg:  0.0, Max: 0, Diff: 0, Sum: 0, Workers: 8
[2025-06-17T23:19:11.986+0300][13852][2928 ][debug][gc,phases] GC(75)     Total                          Min: 0, Avg:  0.0, Max: 0, Diff: 0, Sum: 0, Workers: 8
[2025-06-17T23:19:11.986+0300][13852][2928 ][debug][gc,phases] GC(75)   StringDedup Requests0 Weak     Min:  0.0, Avg:  0.0, Max:  0.0, Diff:  0.0, Sum:  0.0, Workers: 8
[2025-06-17T23:19:11.986+0300][13852][2928 ][debug][gc,phases] GC(75)     Dead                           Min: 0, Avg:  0.0, Max: 0, Diff: 0, Sum: 0, Workers: 8
[2025-06-17T23:19:11.986+0300][13852][2928 ][debug][gc,phases] GC(75)     Total                          Min: 0, Avg:  0.0, Max: 0, Diff: 0, Sum: 0, Workers: 8
[2025-06-17T23:19:11.986+0300][13852][2928 ][debug][gc,phases] GC(75)   StringDedup Requests1 Weak     Min:  0.0, Avg:  0.0, Max:  0.0, Diff:  0.0, Sum:  0.0, Workers: 8
[2025-06-17T23:19:11.986+0300][13852][2928 ][debug][gc,phases] GC(75)     Dead                           Min: 0, Avg:  0.0, Max: 0, Diff: 0, Sum: 0, Workers: 8
[2025-06-17T23:19:11.986+0300][13852][2928 ][debug][gc,phases] GC(75)     Total                          Min: 0, Avg:  0.0, Max: 0, Diff: 0, Sum: 0, Workers: 8
[2025-06-17T23:19:11.986+0300][13852][2928 ][debug][gc,phases] GC(75)   Weak JFR Old Object Samples    Min:  0.0, Avg:  0.0, Max:  0.0, Diff:  0.0, Sum:  0.0, Workers: 8
[2025-06-17T23:19:11.986+0300][13852][2928 ][debug][gc,phases] GC(75)     Dead                           Min: 0, Avg:  0.0, Max: 0, Diff: 0, Sum: 0, Workers: 8
[2025-06-17T23:19:11.986+0300][13852][2928 ][debug][gc,phases] GC(75)     Total                          Min: 0, Avg:  0.0, Max: 0, Diff: 0, Sum: 0, Workers: 8
[2025-06-17T23:19:11.986+0300][13852][2928 ][debug][gc,phases] GC(75) Weak Processing 0.531ms
[2025-06-17T23:19:11.986+0300][13852][2928 ][debug][gc,phases] GC(75) ClassLoaderData 0.004ms
[2025-06-17T23:19:11.986+0300][13852][2928 ][debug][gc,phases] GC(75) Trigger cleanups 0.000ms
[2025-06-17T23:19:11.991+0300][13852][2928 ][debug][gc,phases] GC(75) Purge Unlinked NMethods 0.456ms
[2025-06-17T23:19:11.991+0300][13852][2928 ][debug][gc,phases] GC(75) Unregister NMethods 0.001ms
[2025-06-17T23:19:11.991+0300][13852][2928 ][debug][gc,phases] GC(75) Free Code Blobs 0.075ms
[2025-06-17T23:19:11.991+0300][13852][2928 ][debug][gc,phases] GC(75) Class Unloading 4.254ms
[2025-06-17T23:19:11.991+0300][13852][2928 ][debug][gc,phases] GC(75) Report Object Count 0.001ms
[2025-06-17T23:19:11.991+0300][13852][2928 ][info ][gc,phases] GC(75) Marking Phase 6.749ms
[2025-06-17T23:19:11.991+0300][13852][2928 ][info ][gc,phases] GC(75) Summary Phase 0.002ms
[2025-06-17T23:19:11.991+0300][13852][2928 ][info ][gc,phases] GC(75) Adjust Roots 2.017ms
[2025-06-17T23:19:11.991+0300][13852][2928 ][info ][gc,phases] GC(75) Compaction Phase 3.310ms
[2025-06-17T23:19:11.991+0300][13852][2928 ][debug][gc,phases] GC(75) Purge Class Loader Data 0.044ms
[2025-06-17T23:19:11.991+0300][13852][2928 ][info ][gc,phases] GC(75) Post Compact 0.231ms
[2025-06-17T23:19:11.991+0300][13852][2928 ][info ][gc,heap  ] GC(75) PSYoungGen: 160K(697856K)->0K(697856K) Eden: 0K(696832K)->0K(696832K) From: 160K(1024K)->0K(1024K)
[2025-06-17T23:19:11.991+0300][13852][2928 ][info ][gc,heap  ] GC(75) ParOldGen: 18236K(1398272K)->9910K(1398272K)
[2025-06-17T23:19:11.991+0300][13852][2928 ][info ][gc       ] GC(75) Pause Full (System.gc()) 17M->9M(2047M) 12.470ms
[2025-06-17T23:19:11.991+0300][13852][2928 ][debug][gc,heap  ] GC(75) Heap after GC invocations=76 (full 3):
[2025-06-17T23:19:11.991+0300][13852][2928 ][debug][gc,heap  ] GC(75)  PSYoungGen      total 697856K, used 0K [0x00000000d5580000, 0x0000000100000000, 0x0000000100000000)
[2025-06-17T23:19:11.991+0300][13852][2928 ][debug][gc,heap  ] GC(75)   eden space 696832K, 0% used [0x00000000d5580000,0x00000000d5580000,0x00000000ffe00000)
[2025-06-17T23:19:11.991+0300][13852][2928 ][debug][gc,heap  ] GC(75)   from space 1024K, 0% used [0x00000000ffe00000,0x00000000ffe00000,0x00000000fff00000)
[2025-06-17T23:19:11.991+0300][13852][2928 ][debug][gc,heap  ] GC(75)   to   space 1024K, 0% used [0x00000000fff00000,0x00000000fff00000,0x0000000100000000)
[2025-06-17T23:19:11.991+0300][13852][2928 ][debug][gc,heap  ] GC(75)  ParOldGen       total 1398272K, used 9910K [0x0000000080000000, 0x00000000d5580000, 0x00000000d5580000)
[2025-06-17T23:19:11.991+0300][13852][2928 ][debug][gc,heap  ] GC(75)   object space 1398272K, 0% used [0x0000000080000000,0x00000000809ad850,0x00000000d5580000)
[2025-06-17T23:19:11.991+0300][13852][2928 ][debug][gc,heap  ] GC(75)  Metaspace       used 8732K, committed 9792K, reserved 1114112K
[2025-06-17T23:19:11.991+0300][13852][2928 ][debug][gc,heap  ] GC(75)   class space    used 873K, committed 1280K, reserved 1048576K
[2025-06-17T23:19:11.991+0300][13852][2928 ][info ][safepoint] Safepoint "ParallelGCSystemGC", Time since last: 297184700 ns, Reaching safepoint: 44800 ns, Cleanup: 9900 ns, At safepoint: 13813100 ns, Total: 13867800 ns
[2025-06-17T23:19:12.170+0300][13852][2928 ][debug][safepoint] Safepoint synchronization initiated using striped semaphore wait barrier. (20 threads)
[2025-06-17T23:19:12.172+0300][13852][4040 ][debug][safepoint] ... found polling page loop exception at pc = 0x0000012d12e96de0, stub =0x0000012d12894d80
[2025-06-17T23:19:12.172+0300][13852][19988][debug][safepoint] ... found polling page loop exception at pc = 0x0000012d12e96de0, stub =0x0000012d12894d80
[2025-06-17T23:19:12.172+0300][13852][11320][debug][safepoint] ... found polling page loop exception at pc = 0x0000012d12e96de0, stub =0x0000012d12894d80
[2025-06-17T23:19:12.172+0300][13852][17164][debug][safepoint] ... found polling page loop exception at pc = 0x0000012d12e96de0, stub =0x0000012d12894d80
[2025-06-17T23:19:12.172+0300][13852][15764][debug][safepoint] ... found polling page loop exception at pc = 0x0000012d12e96de0, stub =0x0000012d12894d80
[2025-06-17T23:19:12.172+0300][13852][2928 ][debug][gc,heap  ] GC(76) Heap before GC invocations=77 (full 3):
[2025-06-17T23:19:12.172+0300][13852][2928 ][debug][gc,heap  ] GC(76)  PSYoungGen      total 697856K, used 696832K [0x00000000d5580000, 0x0000000100000000, 0x0000000100000000)
[2025-06-17T23:19:12.172+0300][13852][2928 ][debug][gc,heap  ] GC(76)   eden space 696832K, 100% used [0x00000000d5580000,0x00000000ffe00000,0x00000000ffe00000)
[2025-06-17T23:19:12.172+0300][13852][2928 ][debug][gc,heap  ] GC(76)   from space 1024K, 0% used [0x00000000ffe00000,0x00000000ffe00000,0x00000000fff00000)
[2025-06-17T23:19:12.172+0300][13852][2928 ][debug][gc,heap  ] GC(76)   to   space 1024K, 0% used [0x00000000fff00000,0x00000000fff00000,0x0000000100000000)
[2025-06-17T23:19:12.172+0300][13852][2928 ][debug][gc,heap  ] GC(76)  ParOldGen       total 1398272K, used 9910K [0x0000000080000000, 0x00000000d5580000, 0x00000000d5580000)
[2025-06-17T23:19:12.172+0300][13852][2928 ][debug][gc,heap  ] GC(76)   object space 1398272K, 0% used [0x0000000080000000,0x00000000809ad850,0x00000000d5580000)
[2025-06-17T23:19:12.172+0300][13852][2928 ][debug][gc,heap  ] GC(76)  Metaspace       used 8732K, committed 9792K, reserved 1114112K
[2025-06-17T23:19:12.172+0300][13852][2928 ][debug][gc,heap  ] GC(76)   class space    used 873K, committed 1280K, reserved 1048576K
[2025-06-17T23:19:12.172+0300][13852][2928 ][debug][gc,phases] GC(76) Scavenge 0.703ms
[2025-06-17T23:19:12.172+0300][13852][2928 ][debug][gc,phases] GC(76) Reference Processing 0.051ms
[2025-06-17T23:19:12.172+0300][13852][2928 ][debug][gc,phases] GC(76)   VM Weak                        Min:  0.0, Avg:  0.0, Max:  0.0, Diff:  0.0, Sum:  0.0, Workers: 8
[2025-06-17T23:19:12.172+0300][13852][2928 ][debug][gc,phases] GC(76)     Dead                           Min: 0, Avg:  0.0, Max: 0, Diff: 0, Sum: 0, Workers: 8
[2025-06-17T23:19:12.172+0300][13852][2928 ][debug][gc,phases] GC(76)     Total                          Min: 0, Avg: 15.4, Max: 114, Diff: 114, Sum: 123, Workers: 8
[2025-06-17T23:19:12.172+0300][13852][2928 ][debug][gc,phases] GC(76)   ObjectSynchronizer Weak        Min:  0.0, Avg:  0.0, Max:  0.0, Diff:  0.0, Sum:  0.0, Workers: 8
[2025-06-17T23:19:12.172+0300][13852][2928 ][debug][gc,phases] GC(76)     Dead                           Min: 0, Avg:  0.0, Max: 0, Diff: 0, Sum: 0, Workers: 8
[2025-06-17T23:19:12.172+0300][13852][2928 ][debug][gc,phases] GC(76)     Total                          Min: 0, Avg: 16.2, Max: 64, Diff: 64, Sum: 130, Workers: 8
[2025-06-17T23:19:12.172+0300][13852][2928 ][debug][gc,phases] GC(76)   JVMTI Tag Weak OopStorage      Min:  0.0, Avg:  0.0, Max:  0.0, Diff:  0.0, Sum:  0.0, Workers: 8
[2025-06-17T23:19:12.172+0300][13852][2928 ][debug][gc,phases] GC(76)     Dead                           Min: 0, Avg:  0.0, Max: 0, Diff: 0, Sum: 0, Workers: 8
[2025-06-17T23:19:12.172+0300][13852][2928 ][debug][gc,phases] GC(76)     Total                          Min: 0, Avg:  0.0, Max: 0, Diff: 0, Sum: 0, Workers: 8
[2025-06-17T23:19:12.172+0300][13852][2928 ][debug][gc,phases] GC(76)   StringTable Weak               Min:  0.0, Avg:  0.0, Max:  0.0, Diff:  0.0, Sum:  0.1, Workers: 8
[2025-06-17T23:19:12.172+0300][13852][2928 ][debug][gc,phases] GC(76)     Dead                           Min: 0, Avg:  0.0, Max: 0, Diff: 0, Sum: 0, Workers: 8
[2025-06-17T23:19:12.172+0300][13852][2928 ][debug][gc,phases] GC(76)     Total                          Min: 0, Avg: 785.1, Max: 1216, Diff: 1216, Sum: 6281, Workers: 8
[2025-06-17T23:19:12.172+0300][13852][2928 ][debug][gc,phases] GC(76)   ResolvedMethodTable Weak       Min:  0.0, Avg:  0.0, Max:  0.0, Diff:  0.0, Sum:  0.0, Workers: 8
[2025-06-17T23:19:12.172+0300][13852][2928 ][debug][gc,phases] GC(76)     Dead                           Min: 0, Avg:  0.0, Max: 0, Diff: 0, Sum: 0, Workers: 8
[2025-06-17T23:19:12.172+0300][13852][2928 ][debug][gc,phases] GC(76)     Total                          Min: 0, Avg: 110.4, Max: 191, Diff: 191, Sum: 883, Workers: 8
[2025-06-17T23:19:12.172+0300][13852][2928 ][debug][gc,phases] GC(76)   JNI Weak                       Min:  0.0, Avg:  0.0, Max:  0.0, Diff:  0.0, Sum:  0.0, Workers: 8
[2025-06-17T23:19:12.172+0300][13852][2928 ][debug][gc,phases] GC(76)     Dead                           Min: 0, Avg:  0.0, Max: 0, Diff: 0, Sum: 0, Workers: 8
[2025-06-17T23:19:12.172+0300][13852][2928 ][debug][gc,phases] GC(76)     Total                          Min: 0, Avg:  0.0, Max: 0, Diff: 0, Sum: 0, Workers: 8
[2025-06-17T23:19:12.172+0300][13852][2928 ][debug][gc,phases] GC(76)   StringDedup Table Weak         Min:  0.0, Avg:  0.0, Max:  0.0, Diff:  0.0, Sum:  0.0, Workers: 8
[2025-06-17T23:19:12.172+0300][13852][2928 ][debug][gc,phases] GC(76)     Dead                           Min: 0, Avg:  0.0, Max: 0, Diff: 0, Sum: 0, Workers: 8
[2025-06-17T23:19:12.172+0300][13852][2928 ][debug][gc,phases] GC(76)     Total                          Min: 0, Avg:  0.0, Max: 0, Diff: 0, Sum: 0, Workers: 8
[2025-06-17T23:19:12.172+0300][13852][2928 ][debug][gc,phases] GC(76)   StringDedup Requests0 Weak     Min:  0.0, Avg:  0.0, Max:  0.0, Diff:  0.0, Sum:  0.0, Workers: 8
[2025-06-17T23:19:12.172+0300][13852][2928 ][debug][gc,phases] GC(76)     Dead                           Min: 0, Avg:  0.0, Max: 0, Diff: 0, Sum: 0, Workers: 8
[2025-06-17T23:19:12.172+0300][13852][2928 ][debug][gc,phases] GC(76)     Total                          Min: 0, Avg:  0.0, Max: 0, Diff: 0, Sum: 0, Workers: 8
[2025-06-17T23:19:12.172+0300][13852][2928 ][debug][gc,phases] GC(76)   StringDedup Requests1 Weak     Min:  0.0, Avg:  0.0, Max:  0.0, Diff:  0.0, Sum:  0.0, Workers: 8
[2025-06-17T23:19:12.172+0300][13852][2928 ][debug][gc,phases] GC(76)     Dead                           Min: 0, Avg:  0.0, Max: 0, Diff: 0, Sum: 0, Workers: 8
[2025-06-17T23:19:12.172+0300][13852][2928 ][debug][gc,phases] GC(76)     Total                          Min: 0, Avg:  0.0, Max: 0, Diff: 0, Sum: 0, Workers: 8
[2025-06-17T23:19:12.172+0300][13852][2928 ][debug][gc,phases] GC(76)   Weak JFR Old Object Samples    Min:  0.0, Avg:  0.0, Max:  0.0, Diff:  0.0, Sum:  0.0, Workers: 8
[2025-06-17T23:19:12.172+0300][13852][2928 ][debug][gc,phases] GC(76)     Dead                           Min: 0, Avg:  0.0, Max: 0, Diff: 0, Sum: 0, Workers: 8
[2025-06-17T23:19:12.172+0300][13852][2928 ][debug][gc,phases] GC(76)     Total                          Min: 0, Avg:  0.0, Max: 0, Diff: 0, Sum: 0, Workers: 8
[2025-06-17T23:19:12.172+0300][13852][2928 ][debug][gc,phases] GC(76) Weak Processing 0.573ms
[2025-06-17T23:19:12.172+0300][13852][2928 ][info ][gc,heap  ] GC(76) PSYoungGen: 696832K(697856K)->848K(697856K) Eden: 696832K(696832K)->0K(696832K) From: 0K(1024K)->848K(1024K)
[2025-06-17T23:19:12.172+0300][13852][2928 ][info ][gc,heap  ] GC(76) ParOldGen: 9910K(1398272K)->16054K(1398272K)
[2025-06-17T23:19:12.172+0300][13852][2928 ][info ][gc       ] GC(76) Pause Young (Allocation Failure) 690M->16M(2047M) 1.451ms
[2025-06-17T23:19:12.172+0300][13852][2928 ][debug][gc,heap  ] GC(76) Heap after GC invocations=77 (full 3):
[2025-06-17T23:19:12.172+0300][13852][2928 ][debug][gc,heap  ] GC(76)  PSYoungGen      total 697856K, used 848K [0x00000000d5580000, 0x0000000100000000, 0x0000000100000000)
[2025-06-17T23:19:12.172+0300][13852][2928 ][debug][gc,heap  ] GC(76)   eden space 696832K, 0% used [0x00000000d5580000,0x00000000d5580000,0x00000000ffe00000)
[2025-06-17T23:19:12.172+0300][13852][2928 ][debug][gc,heap  ] GC(76)   from space 1024K, 82% used [0x00000000fff00000,0x00000000fffd40b0,0x0000000100000000)
[2025-06-17T23:19:12.172+0300][13852][2928 ][debug][gc,heap  ] GC(76)   to   space 1024K, 0% used [0x00000000ffe00000,0x00000000ffe00000,0x00000000fff00000)
[2025-06-17T23:19:12.172+0300][13852][2928 ][debug][gc,heap  ] GC(76)  ParOldGen       total 1398272K, used 16054K [0x0000000080000000, 0x00000000d5580000, 0x00000000d5580000)
[2025-06-17T23:19:12.172+0300][13852][2928 ][debug][gc,heap  ] GC(76)   object space 1398272K, 1% used [0x0000000080000000,0x0000000080fad880,0x00000000d5580000)
[2025-06-17T23:19:12.172+0300][13852][2928 ][debug][gc,heap  ] GC(76)  Metaspace       used 8732K, committed 9792K, reserved 1114112K
[2025-06-17T23:19:12.172+0300][13852][2928 ][debug][gc,heap  ] GC(76)   class space    used 873K, committed 1280K, reserved 1048576K
[2025-06-17T23:19:12.172+0300][13852][2928 ][info ][safepoint] Safepoint "ParallelGCFailedAllocation", Time since last: 174906200 ns, Reaching safepoint: 367800 ns, Cleanup: 27900 ns, At safepoint: 1803200 ns, Total: 2198900 ns
[2025-06-17T23:19:12.366+0300][13852][2928 ][debug][safepoint] Safepoint synchronization initiated using striped semaphore wait barrier. (20 threads)
[2025-06-17T23:19:12.366+0300][13852][1608 ][debug][safepoint] ... found polling page loop exception at pc = 0x0000012d13081a3e, stub =0x0000012d12894d80
[2025-06-17T23:19:12.366+0300][13852][2928 ][debug][gc,heap  ] GC(77) Heap before GC invocations=78 (full 3):
[2025-06-17T23:19:12.366+0300][13852][2928 ][debug][gc,heap  ] GC(77)  PSYoungGen      total 697856K, used 697680K [0x00000000d5580000, 0x0000000100000000, 0x0000000100000000)
[2025-06-17T23:19:12.366+0300][13852][2928 ][debug][gc,heap  ] GC(77)   eden space 696832K, 100% used [0x00000000d5580000,0x00000000ffe00000,0x00000000ffe00000)
[2025-06-17T23:19:12.366+0300][13852][2928 ][debug][gc,heap  ] GC(77)   from space 1024K, 82% used [0x00000000fff00000,0x00000000fffd40b0,0x0000000100000000)
[2025-06-17T23:19:12.366+0300][13852][2928 ][debug][gc,heap  ] GC(77)   to   space 1024K, 0% used [0x00000000ffe00000,0x00000000ffe00000,0x00000000fff00000)
[2025-06-17T23:19:12.366+0300][13852][2928 ][debug][gc,heap  ] GC(77)  ParOldGen       total 1398272K, used 16054K [0x0000000080000000, 0x00000000d5580000, 0x00000000d5580000)
[2025-06-17T23:19:12.366+0300][13852][2928 ][debug][gc,heap  ] GC(77)   object space 1398272K, 1% used [0x0000000080000000,0x0000000080fad880,0x00000000d5580000)
[2025-06-17T23:19:12.366+0300][13852][2928 ][debug][gc,heap  ] GC(77)  Metaspace       used 8732K, committed 9792K, reserved 1114112K
[2025-06-17T23:19:12.366+0300][13852][2928 ][debug][gc,heap  ] GC(77)   class space    used 873K, committed 1280K, reserved 1048576K
[2025-06-17T23:19:12.366+0300][13852][2928 ][debug][gc,phases] GC(77) Scavenge 0.311ms
[2025-06-17T23:19:12.366+0300][13852][2928 ][debug][gc,phases] GC(77) Reference Processing 0.053ms
[2025-06-17T23:19:12.366+0300][13852][2928 ][debug][gc,phases] GC(77)   VM Weak                        Min:  0.0, Avg:  0.0, Max:  0.0, Diff:  0.0, Sum:  0.0, Workers: 8
[2025-06-17T23:19:12.366+0300][13852][2928 ][debug][gc,phases] GC(77)     Dead                           Min: 0, Avg:  0.0, Max: 0, Diff: 0, Sum: 0, Workers: 8
[2025-06-17T23:19:12.366+0300][13852][2928 ][debug][gc,phases] GC(77)     Total                          Min: 0, Avg: 15.4, Max: 85, Diff: 85, Sum: 123, Workers: 8
[2025-06-17T23:19:12.368+0300][13852][2928 ][debug][gc,phases] GC(77)   ObjectSynchronizer Weak        Min:  0.0, Avg:  0.0, Max:  0.0, Diff:  0.0, Sum:  0.0, Workers: 8
[2025-06-17T23:19:12.368+0300][13852][2928 ][debug][gc,phases] GC(77)     Dead                           Min: 0, Avg:  0.0, Max: 0, Diff: 0, Sum: 0, Workers: 8
[2025-06-17T23:19:12.368+0300][13852][2928 ][debug][gc,phases] GC(77)     Total                          Min: 0, Avg: 16.2, Max: 64, Diff: 64, Sum: 130, Workers: 8
[2025-06-17T23:19:12.368+0300][13852][2928 ][debug][gc,phases] GC(77)   JVMTI Tag Weak OopStorage      Min:  0.0, Avg:  0.0, Max:  0.0, Diff:  0.0, Sum:  0.0, Workers: 8
[2025-06-17T23:19:12.368+0300][13852][2928 ][debug][gc,phases] GC(77)     Dead                           Min: 0, Avg:  0.0, Max: 0, Diff: 0, Sum: 0, Workers: 8
[2025-06-17T23:19:12.368+0300][13852][2928 ][debug][gc,phases] GC(77)     Total                          Min: 0, Avg:  0.0, Max: 0, Diff: 0, Sum: 0, Workers: 8
[2025-06-17T23:19:12.368+0300][13852][2928 ][debug][gc,phases] GC(77)   StringTable Weak               Min:  0.0, Avg:  0.0, Max:  0.0, Diff:  0.0, Sum:  0.1, Workers: 8
[2025-06-17T23:19:12.368+0300][13852][2928 ][debug][gc,phases] GC(77)     Dead                           Min: 0, Avg:  0.0, Max: 0, Diff: 0, Sum: 0, Workers: 8
[2025-06-17T23:19:12.368+0300][13852][2928 ][debug][gc,phases] GC(77)     Total                          Min: 704, Avg: 785.1, Max: 960, Diff: 256, Sum: 6281, Workers: 8
[2025-06-17T23:19:12.368+0300][13852][2928 ][debug][gc,phases] GC(77)   ResolvedMethodTable Weak       Min:  0.0, Avg:  0.0, Max:  0.0, Diff:  0.0, Sum:  0.0, Workers: 8
[2025-06-17T23:19:12.368+0300][13852][2928 ][debug][gc,phases] GC(77)     Dead                           Min: 0, Avg:  0.0, Max: 0, Diff: 0, Sum: 0, Workers: 8
[2025-06-17T23:19:12.368+0300][13852][2928 ][debug][gc,phases] GC(77)     Total                          Min: 61, Avg: 110.4, Max: 186, Diff: 125, Sum: 883, Workers: 8
[2025-06-17T23:19:12.368+0300][13852][2928 ][debug][gc,phases] GC(77)   JNI Weak                       Min:  0.0, Avg:  0.0, Max:  0.0, Diff:  0.0, Sum:  0.0, Workers: 8
[2025-06-17T23:19:12.368+0300][13852][2928 ][debug][gc,phases] GC(77)     Dead                           Min: 0, Avg:  0.0, Max: 0, Diff: 0, Sum: 0, Workers: 8
[2025-06-17T23:19:12.368+0300][13852][2928 ][debug][gc,phases] GC(77)     Total                          Min: 0, Avg:  0.0, Max: 0, Diff: 0, Sum: 0, Workers: 8
[2025-06-17T23:19:12.368+0300][13852][2928 ][debug][gc,phases] GC(77)   StringDedup Table Weak         Min:  0.0, Avg:  0.0, Max:  0.0, Diff:  0.0, Sum:  0.0, Workers: 8
[2025-06-17T23:19:12.368+0300][13852][2928 ][debug][gc,phases] GC(77)     Dead                           Min: 0, Avg:  0.0, Max: 0, Diff: 0, Sum: 0, Workers: 8
[2025-06-17T23:19:12.368+0300][13852][2928 ][debug][gc,phases] GC(77)     Total                          Min: 0, Avg:  0.0, Max: 0, Diff: 0, Sum: 0, Workers: 8
[2025-06-17T23:19:12.368+0300][13852][2928 ][debug][gc,phases] GC(77)   StringDedup Requests0 Weak     Min:  0.0, Avg:  0.0, Max:  0.0, Diff:  0.0, Sum:  0.0, Workers: 8
[2025-06-17T23:19:12.368+0300][13852][2928 ][debug][gc,phases] GC(77)     Dead                           Min: 0, Avg:  0.0, Max: 0, Diff: 0, Sum: 0, Workers: 8
[2025-06-17T23:19:12.368+0300][13852][2928 ][debug][gc,phases] GC(77)     Total                          Min: 0, Avg:  0.0, Max: 0, Diff: 0, Sum: 0, Workers: 8
[2025-06-17T23:19:12.368+0300][13852][2928 ][debug][gc,phases] GC(77)   StringDedup Requests1 Weak     Min:  0.0, Avg:  0.0, Max:  0.0, Diff:  0.0, Sum:  0.0, Workers: 8
[2025-06-17T23:19:12.368+0300][13852][2928 ][debug][gc,phases] GC(77)     Dead                           Min: 0, Avg:  0.0, Max: 0, Diff: 0, Sum: 0, Workers: 8
[2025-06-17T23:19:12.368+0300][13852][2928 ][debug][gc,phases] GC(77)     Total                          Min: 0, Avg:  0.0, Max: 0, Diff: 0, Sum: 0, Workers: 8
[2025-06-17T23:19:12.368+0300][13852][2928 ][debug][gc,phases] GC(77)   Weak JFR Old Object Samples    Min:  0.0, Avg:  0.0, Max:  0.0, Diff:  0.0, Sum:  0.0, Workers: 8
[2025-06-17T23:19:12.368+0300][13852][2928 ][debug][gc,phases] GC(77)     Dead                           Min: 0, Avg:  0.0, Max: 0, Diff: 0, Sum: 0, Workers: 8
[2025-06-17T23:19:12.368+0300][13852][2928 ][debug][gc,phases] GC(77)     Total                          Min: 0, Avg:  0.0, Max: 0, Diff: 0, Sum: 0, Workers: 8
[2025-06-17T23:19:12.368+0300][13852][2928 ][debug][gc,phases] GC(77) Weak Processing 0.661ms
[2025-06-17T23:19:12.368+0300][13852][2928 ][info ][gc,heap  ] GC(77) PSYoungGen: 697680K(697856K)->512K(697856K) Eden: 696832K(696832K)->0K(696832K) From: 848K(1024K)->512K(1024K)
[2025-06-17T23:19:12.368+0300][13852][2928 ][info ][gc,heap  ] GC(77) ParOldGen: 16054K(1398272K)->16328K(1398272K)
[2025-06-17T23:19:12.368+0300][13852][2928 ][info ][gc       ] GC(77) Pause Young (Allocation Failure) 697M->16M(2047M) 1.177ms
[2025-06-17T23:19:12.368+0300][13852][2928 ][debug][gc,heap  ] GC(77) Heap after GC invocations=78 (full 3):
[2025-06-17T23:19:12.368+0300][13852][2928 ][debug][gc,heap  ] GC(77)  PSYoungGen      total 697856K, used 512K [0x00000000d5580000, 0x0000000100000000, 0x0000000100000000)
[2025-06-17T23:19:12.368+0300][13852][2928 ][debug][gc,heap  ] GC(77)   eden space 696832K, 0% used [0x00000000d5580000,0x00000000d5580000,0x00000000ffe00000)
[2025-06-17T23:19:12.368+0300][13852][2928 ][debug][gc,heap  ] GC(77)   from space 1024K, 50% used [0x00000000ffe00000,0x00000000ffe80100,0x00000000fff00000)
[2025-06-17T23:19:12.368+0300][13852][2928 ][debug][gc,heap  ] GC(77)   to   space 1024K, 0% used [0x00000000fff00000,0x00000000fff00000,0x0000000100000000)
[2025-06-17T23:19:12.368+0300][13852][2928 ][debug][gc,heap  ] GC(77)  ParOldGen       total 1398272K, used 16328K [0x0000000080000000, 0x00000000d5580000, 0x00000000d5580000)
[2025-06-17T23:19:12.368+0300][13852][2928 ][debug][gc,heap  ] GC(77)   object space 1398272K, 1% used [0x0000000080000000,0x0000000080ff2178,0x00000000d5580000)
[2025-06-17T23:19:12.368+0300][13852][2928 ][debug][gc,heap  ] GC(77)  Metaspace       used 8732K, committed 9792K, reserved 1114112K
[2025-06-17T23:19:12.368+0300][13852][2928 ][debug][gc,heap  ] GC(77)   class space    used 873K, committed 1280K, reserved 1048576K
[2025-06-17T23:19:12.368+0300][13852][2928 ][info ][safepoint] Safepoint "ParallelGCFailedAllocation", Time since last: 192256700 ns, Reaching safepoint: 204700 ns, Cleanup: 16500 ns, At safepoint: 1597300 ns, Total: 1818500 ns
[2025-06-17T23:19:12.568+0300][13852][2928 ][debug][safepoint] Safepoint synchronization initiated using striped semaphore wait barrier. (20 threads)
[2025-06-17T23:19:12.568+0300][13852][4040 ][debug][safepoint] ... found polling page loop exception at pc = 0x0000012d12e96de0, stub =0x0000012d12894d80
[2025-06-17T23:19:12.568+0300][13852][15764][debug][safepoint] ... found polling page loop exception at pc = 0x0000012d12e96de0, stub =0x0000012d12894d80
[2025-06-17T23:19:12.568+0300][13852][8464 ][debug][safepoint] ... found polling page loop exception at pc = 0x0000012d12e96de0, stub =0x0000012d12894d80
[2025-06-17T23:19:12.568+0300][13852][13120][debug][safepoint] ... found polling page loop exception at pc = 0x0000012d12e96de0, stub =0x0000012d12894d80
[2025-06-17T23:19:12.568+0300][13852][17164][debug][safepoint] ... found polling page loop exception at pc = 0x0000012d12f1f7c7, stub =0x0000012d12895600
[2025-06-17T23:19:12.568+0300][13852][11320][debug][safepoint] ... found polling page loop exception at pc = 0x0000012d12e96de0, stub =0x0000012d12894d80
[2025-06-17T23:19:12.568+0300][13852][2928 ][debug][gc,heap  ] GC(78) Heap before GC invocations=79 (full 3):
[2025-06-17T23:19:12.568+0300][13852][2928 ][debug][gc,heap  ] GC(78)  PSYoungGen      total 697856K, used 697344K [0x00000000d5580000, 0x0000000100000000, 0x0000000100000000)
[2025-06-17T23:19:12.568+0300][13852][2928 ][debug][gc,heap  ] GC(78)   eden space 696832K, 100% used [0x00000000d5580000,0x00000000ffe00000,0x00000000ffe00000)
[2025-06-17T23:19:12.568+0300][13852][2928 ][debug][gc,heap  ] GC(78)   from space 1024K, 50% used [0x00000000ffe00000,0x00000000ffe80100,0x00000000fff00000)
[2025-06-17T23:19:12.568+0300][13852][2928 ][debug][gc,heap  ] GC(78)   to   space 1024K, 0% used [0x00000000fff00000,0x00000000fff00000,0x0000000100000000)
[2025-06-17T23:19:12.568+0300][13852][2928 ][debug][gc,heap  ] GC(78)  ParOldGen       total 1398272K, used 16328K [0x0000000080000000, 0x00000000d5580000, 0x00000000d5580000)
[2025-06-17T23:19:12.568+0300][13852][2928 ][debug][gc,heap  ] GC(78)   object space 1398272K, 1% used [0x0000000080000000,0x0000000080ff2178,0x00000000d5580000)
[2025-06-17T23:19:12.568+0300][13852][2928 ][debug][gc,heap  ] GC(78)  Metaspace       used 8732K, committed 9792K, reserved 1114112K
[2025-06-17T23:19:12.568+0300][13852][2928 ][debug][gc,heap  ] GC(78)   class space    used 873K, committed 1280K, reserved 1048576K
[2025-06-17T23:19:12.568+0300][13852][2928 ][debug][gc,phases] GC(78) Scavenge 0.281ms
[2025-06-17T23:19:12.568+0300][13852][2928 ][debug][gc,phases] GC(78) Reference Processing 0.045ms
[2025-06-17T23:19:12.568+0300][13852][2928 ][debug][gc,phases] GC(78)   VM Weak                        Min:  0.0, Avg:  0.0, Max:  0.0, Diff:  0.0, Sum:  0.0, Workers: 8
[2025-06-17T23:19:12.568+0300][13852][2928 ][debug][gc,phases] GC(78)     Dead                           Min: 0, Avg:  0.0, Max: 0, Diff: 0, Sum: 0, Workers: 8
[2025-06-17T23:19:12.568+0300][13852][2928 ][debug][gc,phases] GC(78)     Total                          Min: 0, Avg: 15.4, Max: 123, Diff: 123, Sum: 123, Workers: 8
[2025-06-17T23:19:12.568+0300][13852][2928 ][debug][gc,phases] GC(78)   ObjectSynchronizer Weak        Min:  0.0, Avg:  0.0, Max:  0.0, Diff:  0.0, Sum:  0.0, Workers: 8
[2025-06-17T23:19:12.568+0300][13852][2928 ][debug][gc,phases] GC(78)     Dead                           Min: 0, Avg:  0.0, Max: 0, Diff: 0, Sum: 0, Workers: 8
[2025-06-17T23:19:12.568+0300][13852][2928 ][debug][gc,phases] GC(78)     Total                          Min: 0, Avg: 16.2, Max: 130, Diff: 130, Sum: 130, Workers: 8
[2025-06-17T23:19:12.568+0300][13852][2928 ][debug][gc,phases] GC(78)   JVMTI Tag Weak OopStorage      Min:  0.0, Avg:  0.0, Max:  0.0, Diff:  0.0, Sum:  0.0, Workers: 8
[2025-06-17T23:19:12.568+0300][13852][2928 ][debug][gc,phases] GC(78)     Dead                           Min: 0, Avg:  0.0, Max: 0, Diff: 0, Sum: 0, Workers: 8
[2025-06-17T23:19:12.568+0300][13852][2928 ][debug][gc,phases] GC(78)     Total                          Min: 0, Avg:  0.0, Max: 0, Diff: 0, Sum: 0, Workers: 8
[2025-06-17T23:19:12.568+0300][13852][2928 ][debug][gc,phases] GC(78)   StringTable Weak               Min:  0.0, Avg:  0.0, Max:  0.0, Diff:  0.0, Sum:  0.1, Workers: 8
[2025-06-17T23:19:12.568+0300][13852][2928 ][debug][gc,phases] GC(78)     Dead                           Min: 0, Avg:  0.0, Max: 0, Diff: 0, Sum: 0, Workers: 8
[2025-06-17T23:19:12.568+0300][13852][2928 ][debug][gc,phases] GC(78)     Total                          Min: 640, Avg: 785.1, Max: 960, Diff: 320, Sum: 6281, Workers: 8
[2025-06-17T23:19:12.568+0300][13852][2928 ][debug][gc,phases] GC(78)   ResolvedMethodTable Weak       Min:  0.0, Avg:  0.0, Max:  0.0, Diff:  0.0, Sum:  0.0, Workers: 8
[2025-06-17T23:19:12.568+0300][13852][2928 ][debug][gc,phases] GC(78)     Dead                           Min: 0, Avg:  0.0, Max: 0, Diff: 0, Sum: 0, Workers: 8
[2025-06-17T23:19:12.568+0300][13852][2928 ][debug][gc,phases] GC(78)     Total                          Min: 59, Avg: 110.4, Max: 128, Diff: 69, Sum: 883, Workers: 8
[2025-06-17T23:19:12.568+0300][13852][2928 ][debug][gc,phases] GC(78)   JNI Weak                       Min:  0.0, Avg:  0.0, Max:  0.0, Diff:  0.0, Sum:  0.0, Workers: 8
[2025-06-17T23:19:12.568+0300][13852][2928 ][debug][gc,phases] GC(78)     Dead                           Min: 0, Avg:  0.0, Max: 0, Diff: 0, Sum: 0, Workers: 8
[2025-06-17T23:19:12.568+0300][13852][2928 ][debug][gc,phases] GC(78)     Total                          Min: 0, Avg:  0.0, Max: 0, Diff: 0, Sum: 0, Workers: 8
[2025-06-17T23:19:12.568+0300][13852][2928 ][debug][gc,phases] GC(78)   StringDedup Table Weak         Min:  0.0, Avg:  0.0, Max:  0.0, Diff:  0.0, Sum:  0.0, Workers: 8
[2025-06-17T23:19:12.568+0300][13852][2928 ][debug][gc,phases] GC(78)     Dead                           Min: 0, Avg:  0.0, Max: 0, Diff: 0, Sum: 0, Workers: 8
[2025-06-17T23:19:12.568+0300][13852][2928 ][debug][gc,phases] GC(78)     Total                          Min: 0, Avg:  0.0, Max: 0, Diff: 0, Sum: 0, Workers: 8
[2025-06-17T23:19:12.568+0300][13852][2928 ][debug][gc,phases] GC(78)   StringDedup Requests0 Weak     Min:  0.0, Avg:  0.0, Max:  0.0, Diff:  0.0, Sum:  0.0, Workers: 8
[2025-06-17T23:19:12.568+0300][13852][2928 ][debug][gc,phases] GC(78)     Dead                           Min: 0, Avg:  0.0, Max: 0, Diff: 0, Sum: 0, Workers: 8
[2025-06-17T23:19:12.568+0300][13852][2928 ][debug][gc,phases] GC(78)     Total                          Min: 0, Avg:  0.0, Max: 0, Diff: 0, Sum: 0, Workers: 8
[2025-06-17T23:19:12.568+0300][13852][2928 ][debug][gc,phases] GC(78)   StringDedup Requests1 Weak     Min:  0.0, Avg:  0.0, Max:  0.0, Diff:  0.0, Sum:  0.0, Workers: 8
[2025-06-17T23:19:12.568+0300][13852][2928 ][debug][gc,phases] GC(78)     Dead                           Min: 0, Avg:  0.0, Max: 0, Diff: 0, Sum: 0, Workers: 8
[2025-06-17T23:19:12.568+0300][13852][2928 ][debug][gc,phases] GC(78)     Total                          Min: 0, Avg:  0.0, Max: 0, Diff: 0, Sum: 0, Workers: 8
[2025-06-17T23:19:12.568+0300][13852][2928 ][debug][gc,phases] GC(78)   Weak JFR Old Object Samples    Min:  0.0, Avg:  0.0, Max:  0.0, Diff:  0.0, Sum:  0.0, Workers: 8
[2025-06-17T23:19:12.568+0300][13852][2928 ][debug][gc,phases] GC(78)     Dead                           Min: 0, Avg:  0.0, Max: 0, Diff: 0, Sum: 0, Workers: 8
[2025-06-17T23:19:12.568+0300][13852][2928 ][debug][gc,phases] GC(78)     Total                          Min: 0, Avg:  0.0, Max: 0, Diff: 0, Sum: 0, Workers: 8
[2025-06-17T23:19:12.568+0300][13852][2928 ][debug][gc,phases] GC(78) Weak Processing 0.567ms
[2025-06-17T23:19:12.568+0300][13852][2928 ][info ][gc,heap  ] GC(78) PSYoungGen: 697344K(697856K)->576K(697856K) Eden: 696832K(696832K)->0K(696832K) From: 512K(1024K)->576K(1024K)
[2025-06-17T23:19:12.568+0300][13852][2928 ][info ][gc,heap  ] GC(78) ParOldGen: 16328K(1398272K)->16392K(1398272K)
[2025-06-17T23:19:12.568+0300][13852][2928 ][info ][gc       ] GC(78) Pause Young (Allocation Failure) 696M->16M(2047M) 1.023ms
[2025-06-17T23:19:12.568+0300][13852][2928 ][debug][gc,heap  ] GC(78) Heap after GC invocations=79 (full 3):
[2025-06-17T23:19:12.568+0300][13852][2928 ][debug][gc,heap  ] GC(78)  PSYoungGen      total 697856K, used 576K [0x00000000d5580000, 0x0000000100000000, 0x0000000100000000)
[2025-06-17T23:19:12.568+0300][13852][2928 ][debug][gc,heap  ] GC(78)   eden space 696832K, 0% used [0x00000000d5580000,0x00000000d5580000,0x00000000ffe00000)
[2025-06-17T23:19:12.568+0300][13852][2928 ][debug][gc,heap  ] GC(78)   from space 1024K, 56% used [0x00000000fff00000,0x00000000fff900e0,0x0000000100000000)
[2025-06-17T23:19:12.568+0300][13852][2928 ][debug][gc,heap  ] GC(78)   to   space 1024K, 0% used [0x00000000ffe00000,0x00000000ffe00000,0x00000000fff00000)
[2025-06-17T23:19:12.568+0300][13852][2928 ][debug][gc,heap  ] GC(78)  ParOldGen       total 1398272K, used 16392K [0x0000000080000000, 0x00000000d5580000, 0x00000000d5580000)
[2025-06-17T23:19:12.568+0300][13852][2928 ][debug][gc,heap  ] GC(78)   object space 1398272K, 1% used [0x0000000080000000,0x0000000081002178,0x00000000d5580000)
[2025-06-17T23:19:12.568+0300][13852][2928 ][debug][gc,heap  ] GC(78)  Metaspace       used 8732K, committed 9792K, reserved 1114112K
[2025-06-17T23:19:12.568+0300][13852][2928 ][debug][gc,heap  ] GC(78)   class space    used 873K, committed 1280K, reserved 1048576K
[2025-06-17T23:19:12.568+0300][13852][2928 ][info ][safepoint] Safepoint "ParallelGCFailedAllocation", Time since last: 199699500 ns, Reaching safepoint: 358900 ns, Cleanup: 6000 ns, At safepoint: 1404100 ns, Total: 1769000 ns
[2025-06-17T23:19:12.768+0300][13852][2928 ][debug][safepoint] Safepoint synchronization initiated using striped semaphore wait barrier. (20 threads)
[2025-06-17T23:19:12.768+0300][13852][1608 ][debug][safepoint] ... found polling page loop exception at pc = 0x0000012d12e96de0, stub =0x0000012d12894d80
[2025-06-17T23:19:12.768+0300][13852][2928 ][debug][gc,heap  ] GC(79) Heap before GC invocations=80 (full 3):
[2025-06-17T23:19:12.768+0300][13852][2928 ][debug][gc,heap  ] GC(79)  PSYoungGen      total 697856K, used 697408K [0x00000000d5580000, 0x0000000100000000, 0x0000000100000000)
[2025-06-17T23:19:12.768+0300][13852][2928 ][debug][gc,heap  ] GC(79)   eden space 696832K, 100% used [0x00000000d5580000,0x00000000ffe00000,0x00000000ffe00000)
[2025-06-17T23:19:12.768+0300][13852][2928 ][debug][gc,heap  ] GC(79)   from space 1024K, 56% used [0x00000000fff00000,0x00000000fff900e0,0x0000000100000000)
[2025-06-17T23:19:12.768+0300][13852][2928 ][debug][gc,heap  ] GC(79)   to   space 1024K, 0% used [0x00000000ffe00000,0x00000000ffe00000,0x00000000fff00000)
[2025-06-17T23:19:12.768+0300][13852][2928 ][debug][gc,heap  ] GC(79)  ParOldGen       total 1398272K, used 16392K [0x0000000080000000, 0x00000000d5580000, 0x00000000d5580000)
[2025-06-17T23:19:12.768+0300][13852][2928 ][debug][gc,heap  ] GC(79)   object space 1398272K, 1% used [0x0000000080000000,0x0000000081002178,0x00000000d5580000)
[2025-06-17T23:19:12.768+0300][13852][2928 ][debug][gc,heap  ] GC(79)  Metaspace       used 8732K, committed 9792K, reserved 1114112K
[2025-06-17T23:19:12.768+0300][13852][2928 ][debug][gc,heap  ] GC(79)   class space    used 873K, committed 1280K, reserved 1048576K
[2025-06-17T23:19:12.768+0300][13852][2928 ][debug][gc,phases] GC(79) Scavenge 0.230ms
[2025-06-17T23:19:12.768+0300][13852][2928 ][debug][gc,phases] GC(79) Reference Processing 0.051ms
[2025-06-17T23:19:12.768+0300][13852][2928 ][debug][gc,phases] GC(79)   VM Weak                        Min:  0.0, Avg:  0.0, Max:  0.0, Diff:  0.0, Sum:  0.0, Workers: 8
[2025-06-17T23:19:12.768+0300][13852][2928 ][debug][gc,phases] GC(79)     Dead                           Min: 0, Avg:  0.0, Max: 0, Diff: 0, Sum: 0, Workers: 8
[2025-06-17T23:19:12.768+0300][13852][2928 ][debug][gc,phases] GC(79)     Total                          Min: 0, Avg: 15.4, Max: 123, Diff: 123, Sum: 123, Workers: 8
[2025-06-17T23:19:12.768+0300][13852][2928 ][debug][gc,phases] GC(79)   ObjectSynchronizer Weak        Min:  0.0, Avg:  0.0, Max:  0.0, Diff:  0.0, Sum:  0.0, Workers: 8
[2025-06-17T23:19:12.768+0300][13852][2928 ][debug][gc,phases] GC(79)     Dead                           Min: 0, Avg:  0.0, Max: 0, Diff: 0, Sum: 0, Workers: 8
[2025-06-17T23:19:12.768+0300][13852][2928 ][debug][gc,phases] GC(79)     Total                          Min: 0, Avg: 16.2, Max: 130, Diff: 130, Sum: 130, Workers: 8
[2025-06-17T23:19:12.768+0300][13852][2928 ][debug][gc,phases] GC(79)   JVMTI Tag Weak OopStorage      Min:  0.0, Avg:  0.0, Max:  0.0, Diff:  0.0, Sum:  0.0, Workers: 8
[2025-06-17T23:19:12.768+0300][13852][2928 ][debug][gc,phases] GC(79)     Dead                           Min: 0, Avg:  0.0, Max: 0, Diff: 0, Sum: 0, Workers: 8
[2025-06-17T23:19:12.768+0300][13852][2928 ][debug][gc,phases] GC(79)     Total                          Min: 0, Avg:  0.0, Max: 0, Diff: 0, Sum: 0, Workers: 8
[2025-06-17T23:19:12.768+0300][13852][2928 ][debug][gc,phases] GC(79)   StringTable Weak               Min:  0.0, Avg:  0.0, Max:  0.0, Diff:  0.0, Sum:  0.1, Workers: 8
[2025-06-17T23:19:12.768+0300][13852][2928 ][debug][gc,phases] GC(79)     Dead                           Min: 0, Avg:  0.0, Max: 0, Diff: 0, Sum: 0, Workers: 8
[2025-06-17T23:19:12.768+0300][13852][2928 ][debug][gc,phases] GC(79)     Total                          Min: 640, Avg: 785.1, Max: 905, Diff: 265, Sum: 6281, Workers: 8
[2025-06-17T23:19:12.768+0300][13852][2928 ][debug][gc,phases] GC(79)   ResolvedMethodTable Weak       Min:  0.0, Avg:  0.0, Max:  0.0, Diff:  0.0, Sum:  0.0, Workers: 8
[2025-06-17T23:19:12.768+0300][13852][2928 ][debug][gc,phases] GC(79)     Dead                           Min: 0, Avg:  0.0, Max: 0, Diff: 0, Sum: 0, Workers: 8
[2025-06-17T23:19:12.768+0300][13852][2928 ][debug][gc,phases] GC(79)     Total                          Min: 0, Avg: 110.4, Max: 128, Diff: 128, Sum: 883, Workers: 8
[2025-06-17T23:19:12.768+0300][13852][2928 ][debug][gc,phases] GC(79)   JNI Weak                       Min:  0.0, Avg:  0.0, Max:  0.0, Diff:  0.0, Sum:  0.0, Workers: 8
[2025-06-17T23:19:12.768+0300][13852][2928 ][debug][gc,phases] GC(79)     Dead                           Min: 0, Avg:  0.0, Max: 0, Diff: 0, Sum: 0, Workers: 8
[2025-06-17T23:19:12.768+0300][13852][2928 ][debug][gc,phases] GC(79)     Total                          Min: 0, Avg:  0.0, Max: 0, Diff: 0, Sum: 0, Workers: 8
[2025-06-17T23:19:12.768+0300][13852][2928 ][debug][gc,phases] GC(79)   StringDedup Table Weak         Min:  0.0, Avg:  0.0, Max:  0.0, Diff:  0.0, Sum:  0.0, Workers: 8
[2025-06-17T23:19:12.768+0300][13852][2928 ][debug][gc,phases] GC(79)     Dead                           Min: 0, Avg:  0.0, Max: 0, Diff: 0, Sum: 0, Workers: 8
[2025-06-17T23:19:12.768+0300][13852][2928 ][debug][gc,phases] GC(79)     Total                          Min: 0, Avg:  0.0, Max: 0, Diff: 0, Sum: 0, Workers: 8
[2025-06-17T23:19:12.768+0300][13852][2928 ][debug][gc,phases] GC(79)   StringDedup Requests0 Weak     Min:  0.0, Avg:  0.0, Max:  0.0, Diff:  0.0, Sum:  0.0, Workers: 8
[2025-06-17T23:19:12.768+0300][13852][2928 ][debug][gc,phases] GC(79)     Dead                           Min: 0, Avg:  0.0, Max: 0, Diff: 0, Sum: 0, Workers: 8
[2025-06-17T23:19:12.768+0300][13852][2928 ][debug][gc,phases] GC(79)     Total                          Min: 0, Avg:  0.0, Max: 0, Diff: 0, Sum: 0, Workers: 8
[2025-06-17T23:19:12.768+0300][13852][2928 ][debug][gc,phases] GC(79)   StringDedup Requests1 Weak     Min:  0.0, Avg:  0.0, Max:  0.0, Diff:  0.0, Sum:  0.0, Workers: 8
[2025-06-17T23:19:12.768+0300][13852][2928 ][debug][gc,phases] GC(79)     Dead                           Min: 0, Avg:  0.0, Max: 0, Diff: 0, Sum: 0, Workers: 8
[2025-06-17T23:19:12.768+0300][13852][2928 ][debug][gc,phases] GC(79)     Total                          Min: 0, Avg:  0.0, Max: 0, Diff: 0, Sum: 0, Workers: 8
[2025-06-17T23:19:12.768+0300][13852][2928 ][debug][gc,phases] GC(79)   Weak JFR Old Object Samples    Min:  0.0, Avg:  0.0, Max:  0.0, Diff:  0.0, Sum:  0.0, Workers: 8
[2025-06-17T23:19:12.768+0300][13852][2928 ][debug][gc,phases] GC(79)     Dead                           Min: 0, Avg:  0.0, Max: 0, Diff: 0, Sum: 0, Workers: 8
[2025-06-17T23:19:12.768+0300][13852][2928 ][debug][gc,phases] GC(79)     Total                          Min: 0, Avg:  0.0, Max: 0, Diff: 0, Sum: 0, Workers: 8
[2025-06-17T23:19:12.768+0300][13852][2928 ][debug][gc,phases] GC(79) Weak Processing 0.592ms
[2025-06-17T23:19:12.768+0300][13852][2928 ][info ][gc,heap  ] GC(79) PSYoungGen: 697408K(697856K)->576K(697856K) Eden: 696832K(696832K)->0K(696832K) From: 576K(1024K)->576K(1024K)
[2025-06-17T23:19:12.768+0300][13852][2928 ][info ][gc,heap  ] GC(79) ParOldGen: 16392K(1398272K)->16448K(1398272K)
[2025-06-17T23:19:12.768+0300][13852][2928 ][info ][gc       ] GC(79) Pause Young (Allocation Failure) 697M->16M(2047M) 1.021ms
[2025-06-17T23:19:12.768+0300][13852][2928 ][debug][gc,heap  ] GC(79) Heap after GC invocations=80 (full 3):
[2025-06-17T23:19:12.768+0300][13852][2928 ][debug][gc,heap  ] GC(79)  PSYoungGen      total 697856K, used 576K [0x00000000d5580000, 0x0000000100000000, 0x0000000100000000)
[2025-06-17T23:19:12.768+0300][13852][2928 ][debug][gc,heap  ] GC(79)   eden space 696832K, 0% used [0x00000000d5580000,0x00000000d5580000,0x00000000ffe00000)
[2025-06-17T23:19:12.768+0300][13852][2928 ][debug][gc,heap  ] GC(79)   from space 1024K, 56% used [0x00000000ffe00000,0x00000000ffe900e0,0x00000000fff00000)
[2025-06-17T23:19:12.768+0300][13852][2928 ][debug][gc,heap  ] GC(79)   to   space 1024K, 0% used [0x00000000fff00000,0x00000000fff00000,0x0000000100000000)
[2025-06-17T23:19:12.768+0300][13852][2928 ][debug][gc,heap  ] GC(79)  ParOldGen       total 1398272K, used 16448K [0x0000000080000000, 0x00000000d5580000, 0x00000000d5580000)
[2025-06-17T23:19:12.768+0300][13852][2928 ][debug][gc,heap  ] GC(79)   object space 1398272K, 1% used [0x0000000080000000,0x0000000081010178,0x00000000d5580000)
[2025-06-17T23:19:12.768+0300][13852][2928 ][debug][gc,heap  ] GC(79)  Metaspace       used 8732K, committed 9792K, reserved 1114112K
[2025-06-17T23:19:12.768+0300][13852][2928 ][debug][gc,heap  ] GC(79)   class space    used 873K, committed 1280K, reserved 1048576K
[2025-06-17T23:19:12.768+0300][13852][2928 ][info ][safepoint] Safepoint "ParallelGCFailedAllocation", Time since last: 199655700 ns, Reaching safepoint: 188100 ns, Cleanup: 12000 ns, At safepoint: 1409300 ns, Total: 1609400 ns
[2025-06-17T23:19:12.992+0300][13852][2928 ][debug][safepoint] Safepoint synchronization initiated using striped semaphore wait barrier. (20 threads)
[2025-06-17T23:19:12.992+0300][13852][17164][debug][safepoint] ... found polling page loop exception at pc = 0x0000012d12e96de0, stub =0x0000012d12894d80
[2025-06-17T23:19:12.992+0300][13852][19988][debug][safepoint] ... found polling page loop exception at pc = 0x0000012d12e96de0, stub =0x0000012d12894d80
[2025-06-17T23:19:12.992+0300][13852][2928 ][debug][gc,heap  ] GC(80) Heap before GC invocations=81 (full 3):
[2025-06-17T23:19:12.992+0300][13852][2928 ][debug][gc,heap  ] GC(80)  PSYoungGen      total 697856K, used 697408K [0x00000000d5580000, 0x0000000100000000, 0x0000000100000000)
[2025-06-17T23:19:12.992+0300][13852][2928 ][debug][gc,heap  ] GC(80)   eden space 696832K, 100% used [0x00000000d5580000,0x00000000ffe00000,0x00000000ffe00000)
[2025-06-17T23:19:12.992+0300][13852][2928 ][debug][gc,heap  ] GC(80)   from space 1024K, 56% used [0x00000000ffe00000,0x00000000ffe900e0,0x00000000fff00000)
[2025-06-17T23:19:12.992+0300][13852][2928 ][debug][gc,heap  ] GC(80)   to   space 1024K, 0% used [0x00000000fff00000,0x00000000fff00000,0x0000000100000000)
[2025-06-17T23:19:12.992+0300][13852][2928 ][debug][gc,heap  ] GC(80)  ParOldGen       total 1398272K, used 16448K [0x0000000080000000, 0x00000000d5580000, 0x00000000d5580000)
[2025-06-17T23:19:12.992+0300][13852][2928 ][debug][gc,heap  ] GC(80)   object space 1398272K, 1% used [0x0000000080000000,0x0000000081010178,0x00000000d5580000)
[2025-06-17T23:19:12.992+0300][13852][2928 ][debug][gc,heap  ] GC(80)  Metaspace       used 8732K, committed 9792K, reserved 1114112K
[2025-06-17T23:19:12.992+0300][13852][2928 ][debug][gc,heap  ] GC(80)   class space    used 873K, committed 1280K, reserved 1048576K
[2025-06-17T23:19:12.992+0300][13852][2928 ][debug][gc,phases] GC(80) Scavenge 0.366ms
[2025-06-17T23:19:12.992+0300][13852][2928 ][debug][gc,phases] GC(80) Reference Processing 0.050ms
[2025-06-17T23:19:12.992+0300][13852][2928 ][debug][gc,phases] GC(80)   VM Weak                        Min:  0.0, Avg:  0.0, Max:  0.0, Diff:  0.0, Sum:  0.0, Workers: 8
[2025-06-17T23:19:12.992+0300][13852][2928 ][debug][gc,phases] GC(80)     Dead                           Min: 0, Avg:  0.0, Max: 0, Diff: 0, Sum: 0, Workers: 8
[2025-06-17T23:19:12.992+0300][13852][2928 ][debug][gc,phases] GC(80)     Total                          Min: 0, Avg: 15.4, Max: 73, Diff: 73, Sum: 123, Workers: 8
[2025-06-17T23:19:12.992+0300][13852][2928 ][debug][gc,phases] GC(80)   ObjectSynchronizer Weak        Min:  0.0, Avg:  0.0, Max:  0.0, Diff:  0.0, Sum:  0.0, Workers: 8
[2025-06-17T23:19:12.992+0300][13852][2928 ][debug][gc,phases] GC(80)     Dead                           Min: 0, Avg:  0.0, Max: 0, Diff: 0, Sum: 0, Workers: 8
[2025-06-17T23:19:12.992+0300][13852][2928 ][debug][gc,phases] GC(80)     Total                          Min: 0, Avg: 16.2, Max: 64, Diff: 64, Sum: 130, Workers: 8
[2025-06-17T23:19:12.992+0300][13852][2928 ][debug][gc,phases] GC(80)   JVMTI Tag Weak OopStorage      Min:  0.0, Avg:  0.0, Max:  0.0, Diff:  0.0, Sum:  0.0, Workers: 8
[2025-06-17T23:19:12.992+0300][13852][2928 ][debug][gc,phases] GC(80)     Dead                           Min: 0, Avg:  0.0, Max: 0, Diff: 0, Sum: 0, Workers: 8
[2025-06-17T23:19:12.992+0300][13852][2928 ][debug][gc,phases] GC(80)     Total                          Min: 0, Avg:  0.0, Max: 0, Diff: 0, Sum: 0, Workers: 8
[2025-06-17T23:19:12.992+0300][13852][2928 ][debug][gc,phases] GC(80)   StringTable Weak               Min:  0.0, Avg:  0.0, Max:  0.0, Diff:  0.0, Sum:  0.1, Workers: 8
[2025-06-17T23:19:12.992+0300][13852][2928 ][debug][gc,phases] GC(80)     Dead                           Min: 0, Avg:  0.0, Max: 0, Diff: 0, Sum: 0, Workers: 8
[2025-06-17T23:19:12.992+0300][13852][2928 ][debug][gc,phases] GC(80)     Total                          Min: 0, Avg: 785.1, Max: 1216, Diff: 1216, Sum: 6281, Workers: 8
[2025-06-17T23:19:12.992+0300][13852][2928 ][debug][gc,phases] GC(80)   ResolvedMethodTable Weak       Min:  0.0, Avg:  0.0, Max:  0.0, Diff:  0.0, Sum:  0.0, Workers: 8
[2025-06-17T23:19:12.992+0300][13852][2928 ][debug][gc,phases] GC(80)     Dead                           Min: 0, Avg:  0.0, Max: 0, Diff: 0, Sum: 0, Workers: 8
[2025-06-17T23:19:12.992+0300][13852][2928 ][debug][gc,phases] GC(80)     Total                          Min: 0, Avg: 110.4, Max: 186, Diff: 186, Sum: 883, Workers: 8
[2025-06-17T23:19:12.992+0300][13852][2928 ][debug][gc,phases] GC(80)   JNI Weak                       Min:  0.0, Avg:  0.0, Max:  0.0, Diff:  0.0, Sum:  0.0, Workers: 8
[2025-06-17T23:19:12.992+0300][13852][2928 ][debug][gc,phases] GC(80)     Dead                           Min: 0, Avg:  0.0, Max: 0, Diff: 0, Sum: 0, Workers: 8
[2025-06-17T23:19:12.992+0300][13852][2928 ][debug][gc,phases] GC(80)     Total                          Min: 0, Avg:  0.0, Max: 0, Diff: 0, Sum: 0, Workers: 8
[2025-06-17T23:19:12.992+0300][13852][2928 ][debug][gc,phases] GC(80)   StringDedup Table Weak         Min:  0.0, Avg:  0.0, Max:  0.0, Diff:  0.0, Sum:  0.0, Workers: 8
[2025-06-17T23:19:12.992+0300][13852][2928 ][debug][gc,phases] GC(80)     Dead                           Min: 0, Avg:  0.0, Max: 0, Diff: 0, Sum: 0, Workers: 8
[2025-06-17T23:19:12.992+0300][13852][2928 ][debug][gc,phases] GC(80)     Total                          Min: 0, Avg:  0.0, Max: 0, Diff: 0, Sum: 0, Workers: 8
[2025-06-17T23:19:12.992+0300][13852][2928 ][debug][gc,phases] GC(80)   StringDedup Requests0 Weak     Min:  0.0, Avg:  0.0, Max:  0.0, Diff:  0.0, Sum:  0.0, Workers: 8
[2025-06-17T23:19:12.992+0300][13852][2928 ][debug][gc,phases] GC(80)     Dead                           Min: 0, Avg:  0.0, Max: 0, Diff: 0, Sum: 0, Workers: 8
[2025-06-17T23:19:12.992+0300][13852][2928 ][debug][gc,phases] GC(80)     Total                          Min: 0, Avg:  0.0, Max: 0, Diff: 0, Sum: 0, Workers: 8
[2025-06-17T23:19:12.992+0300][13852][2928 ][debug][gc,phases] GC(80)   StringDedup Requests1 Weak     Min:  0.0, Avg:  0.0, Max:  0.0, Diff:  0.0, Sum:  0.0, Workers: 8
[2025-06-17T23:19:12.992+0300][13852][2928 ][debug][gc,phases] GC(80)     Dead                           Min: 0, Avg:  0.0, Max: 0, Diff: 0, Sum: 0, Workers: 8
[2025-06-17T23:19:12.992+0300][13852][2928 ][debug][gc,phases] GC(80)     Total                          Min: 0, Avg:  0.0, Max: 0, Diff: 0, Sum: 0, Workers: 8
[2025-06-17T23:19:12.992+0300][13852][2928 ][debug][gc,phases] GC(80)   Weak JFR Old Object Samples    Min:  0.0, Avg:  0.0, Max:  0.0, Diff:  0.0, Sum:  0.0, Workers: 8
[2025-06-17T23:19:12.992+0300][13852][2928 ][debug][gc,phases] GC(80)     Dead                           Min: 0, Avg:  0.0, Max: 0, Diff: 0, Sum: 0, Workers: 8
[2025-06-17T23:19:12.992+0300][13852][2928 ][debug][gc,phases] GC(80)     Total                          Min: 0, Avg:  0.0, Max: 0, Diff: 0, Sum: 0, Workers: 8
[2025-06-17T23:19:12.992+0300][13852][2928 ][debug][gc,phases] GC(80) Weak Processing 0.587ms
[2025-06-17T23:19:12.992+0300][13852][2928 ][info ][gc,heap  ] GC(80) PSYoungGen: 697408K(697856K)->528K(697856K) Eden: 696832K(696832K)->0K(696832K) From: 576K(1024K)->528K(1024K)
[2025-06-17T23:19:12.992+0300][13852][2928 ][info ][gc,heap  ] GC(80) ParOldGen: 16448K(1398272K)->16480K(1398272K)
[2025-06-17T23:19:12.992+0300][13852][2928 ][info ][gc       ] GC(80) Pause Young (Allocation Failure) 697M->16M(2047M) 1.140ms
[2025-06-17T23:19:12.992+0300][13852][2928 ][debug][gc,heap  ] GC(80) Heap after GC invocations=81 (full 3):
[2025-06-17T23:19:12.992+0300][13852][2928 ][debug][gc,heap  ] GC(80)  PSYoungGen      total 697856K, used 528K [0x00000000d5580000, 0x0000000100000000, 0x0000000100000000)
[2025-06-17T23:19:12.992+0300][13852][2928 ][debug][gc,heap  ] GC(80)   eden space 696832K, 0% used [0x00000000d5580000,0x00000000d5580000,0x00000000ffe00000)
[2025-06-17T23:19:12.992+0300][13852][2928 ][debug][gc,heap  ] GC(80)   from space 1024K, 51% used [0x00000000fff00000,0x00000000fff840b0,0x0000000100000000)
[2025-06-17T23:19:12.992+0300][13852][2928 ][debug][gc,heap  ] GC(80)   to   space 1024K, 0% used [0x00000000ffe00000,0x00000000ffe00000,0x00000000fff00000)
[2025-06-17T23:19:12.992+0300][13852][2928 ][debug][gc,heap  ] GC(80)  ParOldGen       total 1398272K, used 16480K [0x0000000080000000, 0x00000000d5580000, 0x00000000d5580000)
[2025-06-17T23:19:12.992+0300][13852][2928 ][debug][gc,heap  ] GC(80)   object space 1398272K, 1% used [0x0000000080000000,0x0000000081018178,0x00000000d5580000)
[2025-06-17T23:19:12.992+0300][13852][2928 ][debug][gc,heap  ] GC(80)  Metaspace       used 8732K, committed 9792K, reserved 1114112K
[2025-06-17T23:19:12.992+0300][13852][2928 ][debug][gc,heap  ] GC(80)   class space    used 873K, committed 1280K, reserved 1048576K
[2025-06-17T23:19:12.992+0300][13852][2928 ][info ][safepoint] Safepoint "ParallelGCFailedAllocation", Time since last: 222193500 ns, Reaching safepoint: 211900 ns, Cleanup: 7500 ns, At safepoint: 1567200 ns, Total: 1786600 ns
[2025-06-17T23:19:13.231+0300][13852][2928 ][debug][safepoint] Safepoint synchronization initiated using striped semaphore wait barrier. (20 threads)
[2025-06-17T23:19:13.231+0300][13852][8464 ][debug][safepoint] ... found polling page loop exception at pc = 0x0000012d12e96de0, stub =0x0000012d12894d80
[2025-06-17T23:19:13.231+0300][13852][4040 ][debug][safepoint] ... found polling page loop exception at pc = 0x0000012d12e96de0, stub =0x0000012d12894d80
[2025-06-17T23:19:13.231+0300][13852][19988][debug][safepoint] ... found polling page loop exception at pc = 0x0000012d12e96de0, stub =0x0000012d12894d80
[2025-06-17T23:19:13.231+0300][13852][1608 ][debug][safepoint] ... found polling page loop exception at pc = 0x0000012d12efe206, stub =0x0000012d12895600
[2025-06-17T23:19:13.231+0300][13852][13120][debug][safepoint] ... found polling page loop exception at pc = 0x0000012d12e96de0, stub =0x0000012d12894d80
[2025-06-17T23:19:13.231+0300][13852][17164][debug][safepoint] ... found polling page loop exception at pc = 0x0000012d12e96de0, stub =0x0000012d12894d80
[2025-06-17T23:19:13.231+0300][13852][2928 ][debug][gc,heap  ] GC(81) Heap before GC invocations=82 (full 3):
[2025-06-17T23:19:13.231+0300][13852][2928 ][debug][gc,heap  ] GC(81)  PSYoungGen      total 697856K, used 697360K [0x00000000d5580000, 0x0000000100000000, 0x0000000100000000)
[2025-06-17T23:19:13.231+0300][13852][2928 ][debug][gc,heap  ] GC(81)   eden space 696832K, 100% used [0x00000000d5580000,0x00000000ffe00000,0x00000000ffe00000)
[2025-06-17T23:19:13.231+0300][13852][2928 ][debug][gc,heap  ] GC(81)   from space 1024K, 51% used [0x00000000fff00000,0x00000000fff840b0,0x0000000100000000)
[2025-06-17T23:19:13.231+0300][13852][2928 ][debug][gc,heap  ] GC(81)   to   space 1024K, 0% used [0x00000000ffe00000,0x00000000ffe00000,0x00000000fff00000)
[2025-06-17T23:19:13.231+0300][13852][2928 ][debug][gc,heap  ] GC(81)  ParOldGen       total 1398272K, used 16480K [0x0000000080000000, 0x00000000d5580000, 0x00000000d5580000)
[2025-06-17T23:19:13.231+0300][13852][2928 ][debug][gc,heap  ] GC(81)   object space 1398272K, 1% used [0x0000000080000000,0x0000000081018178,0x00000000d5580000)
[2025-06-17T23:19:13.231+0300][13852][2928 ][debug][gc,heap  ] GC(81)  Metaspace       used 8732K, committed 9792K, reserved 1114112K
[2025-06-17T23:19:13.231+0300][13852][2928 ][debug][gc,heap  ] GC(81)   class space    used 873K, committed 1280K, reserved 1048576K
[2025-06-17T23:19:13.233+0300][13852][2928 ][debug][gc,phases] GC(81) Scavenge 0.302ms
[2025-06-17T23:19:13.233+0300][13852][2928 ][debug][gc,phases] GC(81) Reference Processing 0.065ms
[2025-06-17T23:19:13.233+0300][13852][2928 ][debug][gc,phases] GC(81)   VM Weak                        Min:  0.0, Avg:  0.0, Max:  0.0, Diff:  0.0, Sum:  0.0, Workers: 8
[2025-06-17T23:19:13.233+0300][13852][2928 ][debug][gc,phases] GC(81)     Dead                           Min: 0, Avg:  0.0, Max: 0, Diff: 0, Sum: 0, Workers: 8
[2025-06-17T23:19:13.233+0300][13852][2928 ][debug][gc,phases] GC(81)     Total                          Min: 0, Avg: 15.4, Max: 123, Diff: 123, Sum: 123, Workers: 8
[2025-06-17T23:19:13.233+0300][13852][2928 ][debug][gc,phases] GC(81)   ObjectSynchronizer Weak        Min:  0.0, Avg:  0.0, Max:  0.0, Diff:  0.0, Sum:  0.0, Workers: 8
[2025-06-17T23:19:13.233+0300][13852][2928 ][debug][gc,phases] GC(81)     Dead                           Min: 0, Avg:  0.0, Max: 0, Diff: 0, Sum: 0, Workers: 8
[2025-06-17T23:19:13.233+0300][13852][2928 ][debug][gc,phases] GC(81)     Total                          Min: 0, Avg: 16.2, Max: 66, Diff: 66, Sum: 130, Workers: 8
[2025-06-17T23:19:13.233+0300][13852][2928 ][debug][gc,phases] GC(81)   JVMTI Tag Weak OopStorage      Min:  0.0, Avg:  0.0, Max:  0.0, Diff:  0.0, Sum:  0.0, Workers: 8
[2025-06-17T23:19:13.233+0300][13852][2928 ][debug][gc,phases] GC(81)     Dead                           Min: 0, Avg:  0.0, Max: 0, Diff: 0, Sum: 0, Workers: 8
[2025-06-17T23:19:13.233+0300][13852][2928 ][debug][gc,phases] GC(81)     Total                          Min: 0, Avg:  0.0, Max: 0, Diff: 0, Sum: 0, Workers: 8
[2025-06-17T23:19:13.233+0300][13852][2928 ][debug][gc,phases] GC(81)   StringTable Weak               Min:  0.0, Avg:  0.0, Max:  0.0, Diff:  0.0, Sum:  0.1, Workers: 8
[2025-06-17T23:19:13.233+0300][13852][2928 ][debug][gc,phases] GC(81)     Dead                           Min: 0, Avg:  0.0, Max: 0, Diff: 0, Sum: 0, Workers: 8
[2025-06-17T23:19:13.233+0300][13852][2928 ][debug][gc,phases] GC(81)     Total                          Min: 0, Avg: 785.1, Max: 1024, Diff: 1024, Sum: 6281, Workers: 8
[2025-06-17T23:19:13.233+0300][13852][2928 ][debug][gc,phases] GC(81)   ResolvedMethodTable Weak       Min:  0.0, Avg:  0.0, Max:  0.0, Diff:  0.0, Sum:  0.0, Workers: 8
[2025-06-17T23:19:13.233+0300][13852][2928 ][debug][gc,phases] GC(81)     Dead                           Min: 0, Avg:  0.0, Max: 0, Diff: 0, Sum: 0, Workers: 8
[2025-06-17T23:19:13.233+0300][13852][2928 ][debug][gc,phases] GC(81)     Total                          Min: 0, Avg: 110.4, Max: 190, Diff: 190, Sum: 883, Workers: 8
[2025-06-17T23:19:13.233+0300][13852][2928 ][debug][gc,phases] GC(81)   JNI Weak                       Min:  0.0, Avg:  0.0, Max:  0.0, Diff:  0.0, Sum:  0.0, Workers: 8
[2025-06-17T23:19:13.233+0300][13852][2928 ][debug][gc,phases] GC(81)     Dead                           Min: 0, Avg:  0.0, Max: 0, Diff: 0, Sum: 0, Workers: 8
[2025-06-17T23:19:13.233+0300][13852][2928 ][debug][gc,phases] GC(81)     Total                          Min: 0, Avg:  0.0, Max: 0, Diff: 0, Sum: 0, Workers: 8
[2025-06-17T23:19:13.233+0300][13852][2928 ][debug][gc,phases] GC(81)   StringDedup Table Weak         Min:  0.0, Avg:  0.0, Max:  0.0, Diff:  0.0, Sum:  0.0, Workers: 8
[2025-06-17T23:19:13.233+0300][13852][2928 ][debug][gc,phases] GC(81)     Dead                           Min: 0, Avg:  0.0, Max: 0, Diff: 0, Sum: 0, Workers: 8
[2025-06-17T23:19:13.233+0300][13852][2928 ][debug][gc,phases] GC(81)     Total                          Min: 0, Avg:  0.0, Max: 0, Diff: 0, Sum: 0, Workers: 8
[2025-06-17T23:19:13.233+0300][13852][2928 ][debug][gc,phases] GC(81)   StringDedup Requests0 Weak     Min:  0.0, Avg:  0.0, Max:  0.0, Diff:  0.0, Sum:  0.0, Workers: 8
[2025-06-17T23:19:13.233+0300][13852][2928 ][debug][gc,phases] GC(81)     Dead                           Min: 0, Avg:  0.0, Max: 0, Diff: 0, Sum: 0, Workers: 8
[2025-06-17T23:19:13.233+0300][13852][2928 ][debug][gc,phases] GC(81)     Total                          Min: 0, Avg:  0.0, Max: 0, Diff: 0, Sum: 0, Workers: 8
[2025-06-17T23:19:13.233+0300][13852][2928 ][debug][gc,phases] GC(81)   StringDedup Requests1 Weak     Min:  0.0, Avg:  0.0, Max:  0.0, Diff:  0.0, Sum:  0.0, Workers: 8
[2025-06-17T23:19:13.233+0300][13852][2928 ][debug][gc,phases] GC(81)     Dead                           Min: 0, Avg:  0.0, Max: 0, Diff: 0, Sum: 0, Workers: 8
[2025-06-17T23:19:13.233+0300][13852][2928 ][debug][gc,phases] GC(81)     Total                          Min: 0, Avg:  0.0, Max: 0, Diff: 0, Sum: 0, Workers: 8
[2025-06-17T23:19:13.233+0300][13852][2928 ][debug][gc,phases] GC(81)   Weak JFR Old Object Samples    Min:  0.0, Avg:  0.0, Max:  0.0, Diff:  0.0, Sum:  0.0, Workers: 8
[2025-06-17T23:19:13.233+0300][13852][2928 ][debug][gc,phases] GC(81)     Dead                           Min: 0, Avg:  0.0, Max: 0, Diff: 0, Sum: 0, Workers: 8
[2025-06-17T23:19:13.233+0300][13852][2928 ][debug][gc,phases] GC(81)     Total                          Min: 0, Avg:  0.0, Max: 0, Diff: 0, Sum: 0, Workers: 8
[2025-06-17T23:19:13.233+0300][13852][2928 ][debug][gc,phases] GC(81) Weak Processing 0.855ms
[2025-06-17T23:19:13.233+0300][13852][2928 ][info ][gc,heap  ] GC(81) PSYoungGen: 697360K(697856K)->512K(697856K) Eden: 696832K(696832K)->0K(696832K) From: 528K(1024K)->512K(1024K)
[2025-06-17T23:19:13.233+0300][13852][2928 ][info ][gc,heap  ] GC(81) ParOldGen: 16480K(1398272K)->16544K(1398272K)
[2025-06-17T23:19:13.233+0300][13852][2928 ][info ][gc       ] GC(81) Pause Young (Allocation Failure) 697M->16M(2047M) 1.412ms
[2025-06-17T23:19:13.233+0300][13852][2928 ][debug][gc,heap  ] GC(81) Heap after GC invocations=82 (full 3):
[2025-06-17T23:19:13.233+0300][13852][2928 ][debug][gc,heap  ] GC(81)  PSYoungGen      total 697856K, used 512K [0x00000000d5580000, 0x0000000100000000, 0x0000000100000000)
[2025-06-17T23:19:13.233+0300][13852][2928 ][debug][gc,heap  ] GC(81)   eden space 696832K, 0% used [0x00000000d5580000,0x00000000d5580000,0x00000000ffe00000)
[2025-06-17T23:19:13.233+0300][13852][2928 ][debug][gc,heap  ] GC(81)   from space 1024K, 50% used [0x00000000ffe00000,0x00000000ffe800e0,0x00000000fff00000)
[2025-06-17T23:19:13.233+0300][13852][2928 ][debug][gc,heap  ] GC(81)   to   space 1024K, 0% used [0x00000000fff00000,0x00000000fff00000,0x0000000100000000)
[2025-06-17T23:19:13.233+0300][13852][2928 ][debug][gc,heap  ] GC(81)  ParOldGen       total 1398272K, used 16544K [0x0000000080000000, 0x00000000d5580000, 0x00000000d5580000)
[2025-06-17T23:19:13.233+0300][13852][2928 ][debug][gc,heap  ] GC(81)   object space 1398272K, 1% used [0x0000000080000000,0x0000000081028178,0x00000000d5580000)
[2025-06-17T23:19:13.233+0300][13852][2928 ][debug][gc,heap  ] GC(81)  Metaspace       used 8732K, committed 9792K, reserved 1114112K
[2025-06-17T23:19:13.233+0300][13852][2928 ][debug][gc,heap  ] GC(81)   class space    used 873K, committed 1280K, reserved 1048576K
[2025-06-17T23:19:13.233+0300][13852][2928 ][info ][safepoint] Safepoint "ParallelGCFailedAllocation", Time since last: 236369800 ns, Reaching safepoint: 433700 ns, Cleanup: 13900 ns, At safepoint: 1913800 ns, Total: 2361400 ns
[2025-06-17T23:19:13.478+0300][13852][2928 ][debug][safepoint] Safepoint synchronization initiated using striped semaphore wait barrier. (20 threads)
[2025-06-17T23:19:13.478+0300][13852][8464 ][debug][safepoint] ... found polling page loop exception at pc = 0x0000012d12e96de0, stub =0x0000012d12894d80
[2025-06-17T23:19:13.478+0300][13852][15764][debug][safepoint] ... found polling page loop exception at pc = 0x0000012d12e96de0, stub =0x0000012d12894d80
[2025-06-17T23:19:13.478+0300][13852][1608 ][debug][safepoint] ... found polling page loop exception at pc = 0x0000012d12e96de0, stub =0x0000012d12894d80
[2025-06-17T23:19:13.478+0300][13852][11320][debug][safepoint] ... found polling page loop exception at pc = 0x0000012d12f1f7c7, stub =0x0000012d12895600
[2025-06-17T23:19:13.478+0300][13852][17164][debug][safepoint] ... found polling page loop exception at pc = 0x0000012d12e96de0, stub =0x0000012d12894d80
[2025-06-17T23:19:13.478+0300][13852][2928 ][debug][gc,heap  ] GC(82) Heap before GC invocations=83 (full 3):
[2025-06-17T23:19:13.478+0300][13852][2928 ][debug][gc,heap  ] GC(82)  PSYoungGen      total 697856K, used 697344K [0x00000000d5580000, 0x0000000100000000, 0x0000000100000000)
[2025-06-17T23:19:13.478+0300][13852][2928 ][debug][gc,heap  ] GC(82)   eden space 696832K, 100% used [0x00000000d5580000,0x00000000ffe00000,0x00000000ffe00000)
[2025-06-17T23:19:13.478+0300][13852][2928 ][debug][gc,heap  ] GC(82)   from space 1024K, 50% used [0x00000000ffe00000,0x00000000ffe800e0,0x00000000fff00000)
[2025-06-17T23:19:13.478+0300][13852][2928 ][debug][gc,heap  ] GC(82)   to   space 1024K, 0% used [0x00000000fff00000,0x00000000fff00000,0x0000000100000000)
[2025-06-17T23:19:13.478+0300][13852][2928 ][debug][gc,heap  ] GC(82)  ParOldGen       total 1398272K, used 16544K [0x0000000080000000, 0x00000000d5580000, 0x00000000d5580000)
[2025-06-17T23:19:13.478+0300][13852][2928 ][debug][gc,heap  ] GC(82)   object space 1398272K, 1% used [0x0000000080000000,0x0000000081028178,0x00000000d5580000)
[2025-06-17T23:19:13.478+0300][13852][2928 ][debug][gc,heap  ] GC(82)  Metaspace       used 8732K, committed 9792K, reserved 1114112K
[2025-06-17T23:19:13.478+0300][13852][2928 ][debug][gc,heap  ] GC(82)   class space    used 873K, committed 1280K, reserved 1048576K
[2025-06-17T23:19:13.478+0300][13852][2928 ][debug][gc,phases] GC(82) Scavenge 0.448ms
[2025-06-17T23:19:13.478+0300][13852][2928 ][debug][gc,phases] GC(82) Reference Processing 0.127ms
[2025-06-17T23:19:13.478+0300][13852][2928 ][debug][gc,phases] GC(82)   VM Weak                        Min:  0.0, Avg:  0.0, Max:  0.0, Diff:  0.0, Sum:  0.0, Workers: 8
[2025-06-17T23:19:13.478+0300][13852][2928 ][debug][gc,phases] GC(82)     Dead                           Min: 0, Avg:  0.0, Max: 0, Diff: 0, Sum: 0, Workers: 8
[2025-06-17T23:19:13.478+0300][13852][2928 ][debug][gc,phases] GC(82)     Total                          Min: 0, Avg: 15.4, Max: 86, Diff: 86, Sum: 123, Workers: 8
[2025-06-17T23:19:13.478+0300][13852][2928 ][debug][gc,phases] GC(82)   ObjectSynchronizer Weak        Min:  0.0, Avg:  0.0, Max:  0.0, Diff:  0.0, Sum:  0.0, Workers: 8
[2025-06-17T23:19:13.478+0300][13852][2928 ][debug][gc,phases] GC(82)     Dead                           Min: 0, Avg:  0.0, Max: 0, Diff: 0, Sum: 0, Workers: 8
[2025-06-17T23:19:13.478+0300][13852][2928 ][debug][gc,phases] GC(82)     Total                          Min: 0, Avg: 16.2, Max: 64, Diff: 64, Sum: 130, Workers: 8
[2025-06-17T23:19:13.478+0300][13852][2928 ][debug][gc,phases] GC(82)   JVMTI Tag Weak OopStorage      Min:  0.0, Avg:  0.0, Max:  0.0, Diff:  0.0, Sum:  0.0, Workers: 8
[2025-06-17T23:19:13.478+0300][13852][2928 ][debug][gc,phases] GC(82)     Dead                           Min: 0, Avg:  0.0, Max: 0, Diff: 0, Sum: 0, Workers: 8
[2025-06-17T23:19:13.478+0300][13852][2928 ][debug][gc,phases] GC(82)     Total                          Min: 0, Avg:  0.0, Max: 0, Diff: 0, Sum: 0, Workers: 8
[2025-06-17T23:19:13.478+0300][13852][2928 ][debug][gc,phases] GC(82)   StringTable Weak               Min:  0.0, Avg:  0.0, Max:  0.0, Diff:  0.0, Sum:  0.1, Workers: 8
[2025-06-17T23:19:13.478+0300][13852][2928 ][debug][gc,phases] GC(82)     Dead                           Min: 0, Avg:  0.0, Max: 0, Diff: 0, Sum: 0, Workers: 8
[2025-06-17T23:19:13.478+0300][13852][2928 ][debug][gc,phases] GC(82)     Total                          Min: 0, Avg: 785.1, Max: 1280, Diff: 1280, Sum: 6281, Workers: 8
[2025-06-17T23:19:13.478+0300][13852][2928 ][debug][gc,phases] GC(82)   ResolvedMethodTable Weak       Min:  0.0, Avg:  0.0, Max:  0.0, Diff:  0.0, Sum:  0.0, Workers: 8
[2025-06-17T23:19:13.478+0300][13852][2928 ][debug][gc,phases] GC(82)     Dead                           Min: 0, Avg:  0.0, Max: 0, Diff: 0, Sum: 0, Workers: 8
[2025-06-17T23:19:13.478+0300][13852][2928 ][debug][gc,phases] GC(82)     Total                          Min: 0, Avg: 110.4, Max: 186, Diff: 186, Sum: 883, Workers: 8
[2025-06-17T23:19:13.478+0300][13852][2928 ][debug][gc,phases] GC(82)   JNI Weak                       Min:  0.0, Avg:  0.0, Max:  0.0, Diff:  0.0, Sum:  0.0, Workers: 8
[2025-06-17T23:19:13.478+0300][13852][2928 ][debug][gc,phases] GC(82)     Dead                           Min: 0, Avg:  0.0, Max: 0, Diff: 0, Sum: 0, Workers: 8
[2025-06-17T23:19:13.478+0300][13852][2928 ][debug][gc,phases] GC(82)     Total                          Min: 0, Avg:  0.0, Max: 0, Diff: 0, Sum: 0, Workers: 8
[2025-06-17T23:19:13.478+0300][13852][2928 ][debug][gc,phases] GC(82)   StringDedup Table Weak         Min:  0.0, Avg:  0.0, Max:  0.0, Diff:  0.0, Sum:  0.0, Workers: 8
[2025-06-17T23:19:13.478+0300][13852][2928 ][debug][gc,phases] GC(82)     Dead                           Min: 0, Avg:  0.0, Max: 0, Diff: 0, Sum: 0, Workers: 8
[2025-06-17T23:19:13.478+0300][13852][2928 ][debug][gc,phases] GC(82)     Total                          Min: 0, Avg:  0.0, Max: 0, Diff: 0, Sum: 0, Workers: 8
[2025-06-17T23:19:13.478+0300][13852][2928 ][debug][gc,phases] GC(82)   StringDedup Requests0 Weak     Min:  0.0, Avg:  0.0, Max:  0.0, Diff:  0.0, Sum:  0.0, Workers: 8
[2025-06-17T23:19:13.478+0300][13852][2928 ][debug][gc,phases] GC(82)     Dead                           Min: 0, Avg:  0.0, Max: 0, Diff: 0, Sum: 0, Workers: 8
[2025-06-17T23:19:13.478+0300][13852][2928 ][debug][gc,phases] GC(82)     Total                          Min: 0, Avg:  0.0, Max: 0, Diff: 0, Sum: 0, Workers: 8
[2025-06-17T23:19:13.478+0300][13852][2928 ][debug][gc,phases] GC(82)   StringDedup Requests1 Weak     Min:  0.0, Avg:  0.0, Max:  0.0, Diff:  0.0, Sum:  0.0, Workers: 8
[2025-06-17T23:19:13.478+0300][13852][2928 ][debug][gc,phases] GC(82)     Dead                           Min: 0, Avg:  0.0, Max: 0, Diff: 0, Sum: 0, Workers: 8
[2025-06-17T23:19:13.478+0300][13852][2928 ][debug][gc,phases] GC(82)     Total                          Min: 0, Avg:  0.0, Max: 0, Diff: 0, Sum: 0, Workers: 8
[2025-06-17T23:19:13.478+0300][13852][2928 ][debug][gc,phases] GC(82)   Weak JFR Old Object Samples    Min:  0.0, Avg:  0.0, Max:  0.0, Diff:  0.0, Sum:  0.0, Workers: 8
[2025-06-17T23:19:13.478+0300][13852][2928 ][debug][gc,phases] GC(82)     Dead                           Min: 0, Avg:  0.0, Max: 0, Diff: 0, Sum: 0, Workers: 8
[2025-06-17T23:19:13.478+0300][13852][2928 ][debug][gc,phases] GC(82)     Total                          Min: 0, Avg:  0.0, Max: 0, Diff: 0, Sum: 0, Workers: 8
[2025-06-17T23:19:13.478+0300][13852][2928 ][debug][gc,phases] GC(82) Weak Processing 0.830ms
[2025-06-17T23:19:13.478+0300][13852][2928 ][info ][gc,heap  ] GC(82) PSYoungGen: 697344K(697856K)->576K(697856K) Eden: 696832K(696832K)->0K(696832K) From: 512K(1024K)->576K(1024K)
[2025-06-17T23:19:13.478+0300][13852][2928 ][info ][gc,heap  ] GC(82) ParOldGen: 16544K(1398272K)->16600K(1398272K)
[2025-06-17T23:19:13.478+0300][13852][2928 ][info ][gc       ] GC(82) Pause Young (Allocation Failure) 697M->16M(2047M) 1.646ms
[2025-06-17T23:19:13.478+0300][13852][2928 ][debug][gc,heap  ] GC(82) Heap after GC invocations=83 (full 3):
[2025-06-17T23:19:13.478+0300][13852][2928 ][debug][gc,heap  ] GC(82)  PSYoungGen      total 697856K, used 576K [0x00000000d5580000, 0x0000000100000000, 0x0000000100000000)
[2025-06-17T23:19:13.478+0300][13852][2928 ][debug][gc,heap  ] GC(82)   eden space 696832K, 0% used [0x00000000d5580000,0x00000000d5580000,0x00000000ffe00000)
[2025-06-17T23:19:13.478+0300][13852][2928 ][debug][gc,heap  ] GC(82)   from space 1024K, 56% used [0x00000000fff00000,0x00000000fff900c0,0x0000000100000000)
[2025-06-17T23:19:13.478+0300][13852][2928 ][debug][gc,heap  ] GC(82)   to   space 1024K, 0% used [0x00000000ffe00000,0x00000000ffe00000,0x00000000fff00000)
[2025-06-17T23:19:13.478+0300][13852][2928 ][debug][gc,heap  ] GC(82)  ParOldGen       total 1398272K, used 16600K [0x0000000080000000, 0x00000000d5580000, 0x00000000d5580000)
[2025-06-17T23:19:13.478+0300][13852][2928 ][debug][gc,heap  ] GC(82)   object space 1398272K, 1% used [0x0000000080000000,0x0000000081036178,0x00000000d5580000)
[2025-06-17T23:19:13.478+0300][13852][2928 ][debug][gc,heap  ] GC(82)  Metaspace       used 8732K, committed 9792K, reserved 1114112K
[2025-06-17T23:19:13.478+0300][13852][2928 ][debug][gc,heap  ] GC(82)   class space    used 873K, committed 1280K, reserved 1048576K
[2025-06-17T23:19:13.478+0300][13852][2928 ][info ][safepoint] Safepoint "ParallelGCFailedAllocation", Time since last: 244110100 ns, Reaching safepoint: 431900 ns, Cleanup: 8100 ns, At safepoint: 2155400 ns, Total: 2595400 ns
[2025-06-17T23:19:13.749+0300][13852][2928 ][debug][safepoint] Safepoint synchronization initiated using striped semaphore wait barrier. (20 threads)
[2025-06-17T23:19:13.749+0300][13852][17164][debug][safepoint] ... found polling page loop exception at pc = 0x0000012d12f02756, stub =0x0000012d12895600
[2025-06-17T23:19:13.749+0300][13852][1608 ][debug][safepoint] ... found polling page loop exception at pc = 0x0000012d12e96de0, stub =0x0000012d12894d80
[2025-06-17T23:19:13.749+0300][13852][8464 ][debug][safepoint] ... found polling page loop exception at pc = 0x0000012d1308122f, stub =0x0000012d12894d80
[2025-06-17T23:19:13.749+0300][13852][2928 ][debug][gc,heap  ] GC(83) Heap before GC invocations=84 (full 3):
[2025-06-17T23:19:13.749+0300][13852][2928 ][debug][gc,heap  ] GC(83)  PSYoungGen      total 697856K, used 697408K [0x00000000d5580000, 0x0000000100000000, 0x0000000100000000)
[2025-06-17T23:19:13.749+0300][13852][2928 ][debug][gc,heap  ] GC(83)   eden space 696832K, 100% used [0x00000000d5580000,0x00000000ffe00000,0x00000000ffe00000)
[2025-06-17T23:19:13.749+0300][13852][2928 ][debug][gc,heap  ] GC(83)   from space 1024K, 56% used [0x00000000fff00000,0x00000000fff900c0,0x0000000100000000)
[2025-06-17T23:19:13.749+0300][13852][2928 ][debug][gc,heap  ] GC(83)   to   space 1024K, 0% used [0x00000000ffe00000,0x00000000ffe00000,0x00000000fff00000)
[2025-06-17T23:19:13.749+0300][13852][2928 ][debug][gc,heap  ] GC(83)  ParOldGen       total 1398272K, used 16600K [0x0000000080000000, 0x00000000d5580000, 0x00000000d5580000)
[2025-06-17T23:19:13.749+0300][13852][2928 ][debug][gc,heap  ] GC(83)   object space 1398272K, 1% used [0x0000000080000000,0x0000000081036178,0x00000000d5580000)
[2025-06-17T23:19:13.749+0300][13852][2928 ][debug][gc,heap  ] GC(83)  Metaspace       used 8732K, committed 9792K, reserved 1114112K
[2025-06-17T23:19:13.749+0300][13852][2928 ][debug][gc,heap  ] GC(83)   class space    used 873K, committed 1280K, reserved 1048576K
[2025-06-17T23:19:13.751+0300][13852][2928 ][debug][gc,phases] GC(83) Scavenge 0.494ms
[2025-06-17T23:19:13.751+0300][13852][2928 ][debug][gc,phases] GC(83) Reference Processing 0.061ms
[2025-06-17T23:19:13.751+0300][13852][2928 ][debug][gc,phases] GC(83)   VM Weak                        Min:  0.0, Avg:  0.0, Max:  0.0, Diff:  0.0, Sum:  0.0, Workers: 8
[2025-06-17T23:19:13.751+0300][13852][2928 ][debug][gc,phases] GC(83)     Dead                           Min: 0, Avg:  0.0, Max: 0, Diff: 0, Sum: 0, Workers: 8
[2025-06-17T23:19:13.751+0300][13852][2928 ][debug][gc,phases] GC(83)     Total                          Min: 0, Avg: 15.4, Max: 94, Diff: 94, Sum: 123, Workers: 8
[2025-06-17T23:19:13.751+0300][13852][2928 ][debug][gc,phases] GC(83)   ObjectSynchronizer Weak        Min:  0.0, Avg:  0.0, Max:  0.0, Diff:  0.0, Sum:  0.0, Workers: 8
[2025-06-17T23:19:13.751+0300][13852][2928 ][debug][gc,phases] GC(83)     Dead                           Min: 0, Avg:  0.0, Max: 0, Diff: 0, Sum: 0, Workers: 8
[2025-06-17T23:19:13.751+0300][13852][2928 ][debug][gc,phases] GC(83)     Total                          Min: 0, Avg: 16.2, Max: 66, Diff: 66, Sum: 130, Workers: 8
[2025-06-17T23:19:13.751+0300][13852][2928 ][debug][gc,phases] GC(83)   JVMTI Tag Weak OopStorage      Min:  0.0, Avg:  0.0, Max:  0.0, Diff:  0.0, Sum:  0.0, Workers: 8
[2025-06-17T23:19:13.751+0300][13852][2928 ][debug][gc,phases] GC(83)     Dead                           Min: 0, Avg:  0.0, Max: 0, Diff: 0, Sum: 0, Workers: 8
[2025-06-17T23:19:13.751+0300][13852][2928 ][debug][gc,phases] GC(83)     Total                          Min: 0, Avg:  0.0, Max: 0, Diff: 0, Sum: 0, Workers: 8
[2025-06-17T23:19:13.751+0300][13852][2928 ][debug][gc,phases] GC(83)   StringTable Weak               Min:  0.0, Avg:  0.0, Max:  0.0, Diff:  0.0, Sum:  0.1, Workers: 8
[2025-06-17T23:19:13.751+0300][13852][2928 ][debug][gc,phases] GC(83)     Dead                           Min: 0, Avg:  0.0, Max: 0, Diff: 0, Sum: 0, Workers: 8
[2025-06-17T23:19:13.751+0300][13852][2928 ][debug][gc,phases] GC(83)     Total                          Min: 0, Avg: 785.1, Max: 1216, Diff: 1216, Sum: 6281, Workers: 8
[2025-06-17T23:19:13.751+0300][13852][2928 ][debug][gc,phases] GC(83)   ResolvedMethodTable Weak       Min:  0.0, Avg:  0.0, Max:  0.0, Diff:  0.0, Sum:  0.0, Workers: 8
[2025-06-17T23:19:13.751+0300][13852][2928 ][debug][gc,phases] GC(83)     Dead                           Min: 0, Avg:  0.0, Max: 0, Diff: 0, Sum: 0, Workers: 8
[2025-06-17T23:19:13.751+0300][13852][2928 ][debug][gc,phases] GC(83)     Total                          Min: 0, Avg: 110.4, Max: 128, Diff: 128, Sum: 883, Workers: 8
[2025-06-17T23:19:13.751+0300][13852][2928 ][debug][gc,phases] GC(83)   JNI Weak                       Min:  0.0, Avg:  0.0, Max:  0.0, Diff:  0.0, Sum:  0.0, Workers: 8
[2025-06-17T23:19:13.751+0300][13852][2928 ][debug][gc,phases] GC(83)     Dead                           Min: 0, Avg:  0.0, Max: 0, Diff: 0, Sum: 0, Workers: 8
[2025-06-17T23:19:13.751+0300][13852][2928 ][debug][gc,phases] GC(83)     Total                          Min: 0, Avg:  0.0, Max: 0, Diff: 0, Sum: 0, Workers: 8
[2025-06-17T23:19:13.751+0300][13852][2928 ][debug][gc,phases] GC(83)   StringDedup Table Weak         Min:  0.0, Avg:  0.0, Max:  0.0, Diff:  0.0, Sum:  0.0, Workers: 8
[2025-06-17T23:19:13.751+0300][13852][2928 ][debug][gc,phases] GC(83)     Dead                           Min: 0, Avg:  0.0, Max: 0, Diff: 0, Sum: 0, Workers: 8
[2025-06-17T23:19:13.751+0300][13852][2928 ][debug][gc,phases] GC(83)     Total                          Min: 0, Avg:  0.0, Max: 0, Diff: 0, Sum: 0, Workers: 8
[2025-06-17T23:19:13.751+0300][13852][2928 ][debug][gc,phases] GC(83)   StringDedup Requests0 Weak     Min:  0.0, Avg:  0.0, Max:  0.0, Diff:  0.0, Sum:  0.0, Workers: 8
[2025-06-17T23:19:13.751+0300][13852][2928 ][debug][gc,phases] GC(83)     Dead                           Min: 0, Avg:  0.0, Max: 0, Diff: 0, Sum: 0, Workers: 8
[2025-06-17T23:19:13.751+0300][13852][2928 ][debug][gc,phases] GC(83)     Total                          Min: 0, Avg:  0.0, Max: 0, Diff: 0, Sum: 0, Workers: 8
[2025-06-17T23:19:13.751+0300][13852][2928 ][debug][gc,phases] GC(83)   StringDedup Requests1 Weak     Min:  0.0, Avg:  0.0, Max:  0.0, Diff:  0.0, Sum:  0.0, Workers: 8
[2025-06-17T23:19:13.751+0300][13852][2928 ][debug][gc,phases] GC(83)     Dead                           Min: 0, Avg:  0.0, Max: 0, Diff: 0, Sum: 0, Workers: 8
[2025-06-17T23:19:13.751+0300][13852][2928 ][debug][gc,phases] GC(83)     Total                          Min: 0, Avg:  0.0, Max: 0, Diff: 0, Sum: 0, Workers: 8
[2025-06-17T23:19:13.751+0300][13852][2928 ][debug][gc,phases] GC(83)   Weak JFR Old Object Samples    Min:  0.0, Avg:  0.0, Max:  0.0, Diff:  0.0, Sum:  0.0, Workers: 8
[2025-06-17T23:19:13.751+0300][13852][2928 ][debug][gc,phases] GC(83)     Dead                           Min: 0, Avg:  0.0, Max: 0, Diff: 0, Sum: 0, Workers: 8
[2025-06-17T23:19:13.751+0300][13852][2928 ][debug][gc,phases] GC(83)     Total                          Min: 0, Avg:  0.0, Max: 0, Diff: 0, Sum: 0, Workers: 8
[2025-06-17T23:19:13.751+0300][13852][2928 ][debug][gc,phases] GC(83) Weak Processing 0.870ms
[2025-06-17T23:19:13.751+0300][13852][2928 ][info ][gc,heap  ] GC(83) PSYoungGen: 697408K(697856K)->512K(697856K) Eden: 696832K(696832K)->0K(696832K) From: 576K(1024K)->512K(1024K)
[2025-06-17T23:19:13.751+0300][13852][2928 ][info ][gc,heap  ] GC(83) ParOldGen: 16600K(1398272K)->16648K(1398272K)
[2025-06-17T23:19:13.751+0300][13852][2928 ][info ][gc       ] GC(83) Pause Young (Allocation Failure) 697M->16M(2047M) 1.599ms
[2025-06-17T23:19:13.751+0300][13852][2928 ][debug][gc,heap  ] GC(83) Heap after GC invocations=84 (full 3):
[2025-06-17T23:19:13.751+0300][13852][2928 ][debug][gc,heap  ] GC(83)  PSYoungGen      total 697856K, used 512K [0x00000000d5580000, 0x0000000100000000, 0x0000000100000000)
[2025-06-17T23:19:13.751+0300][13852][2928 ][debug][gc,heap  ] GC(83)   eden space 696832K, 0% used [0x00000000d5580000,0x00000000d5580000,0x00000000ffe00000)
[2025-06-17T23:19:13.751+0300][13852][2928 ][debug][gc,heap  ] GC(83)   from space 1024K, 50% used [0x00000000ffe00000,0x00000000ffe800c0,0x00000000fff00000)
[2025-06-17T23:19:13.751+0300][13852][2928 ][debug][gc,heap  ] GC(83)   to   space 1024K, 0% used [0x00000000fff00000,0x00000000fff00000,0x0000000100000000)
[2025-06-17T23:19:13.751+0300][13852][2928 ][debug][gc,heap  ] GC(83)  ParOldGen       total 1398272K, used 16648K [0x0000000080000000, 0x00000000d5580000, 0x00000000d5580000)
[2025-06-17T23:19:13.751+0300][13852][2928 ][debug][gc,heap  ] GC(83)   object space 1398272K, 1% used [0x0000000080000000,0x0000000081042178,0x00000000d5580000)
[2025-06-17T23:19:13.751+0300][13852][2928 ][debug][gc,heap  ] GC(83)  Metaspace       used 8732K, committed 9792K, reserved 1114112K
[2025-06-17T23:19:13.751+0300][13852][2928 ][debug][gc,heap  ] GC(83)   class space    used 873K, committed 1280K, reserved 1048576K
[2025-06-17T23:19:13.751+0300][13852][2928 ][info ][safepoint] Safepoint "ParallelGCFailedAllocation", Time since last: 269985000 ns, Reaching safepoint: 385100 ns, Cleanup: 8300 ns, At safepoint: 2063700 ns, Total: 2457100 ns
[2025-06-17T23:19:14.061+0300][13852][2928 ][debug][safepoint] Safepoint synchronization initiated using striped semaphore wait barrier. (19 threads)
[2025-06-17T23:19:14.061+0300][13852][8464 ][debug][safepoint] ... found polling page loop exception at pc = 0x0000012d12e96de0, stub =0x0000012d12894d80
[2025-06-17T23:19:14.061+0300][13852][11320][debug][safepoint] ... found polling page loop exception at pc = 0x0000012d12e96de0, stub =0x0000012d12894d80
[2025-06-17T23:19:14.061+0300][13852][1608 ][debug][safepoint] ... found polling page loop exception at pc = 0x0000012d12e96de0, stub =0x0000012d12894d80
[2025-06-17T23:19:14.061+0300][13852][2928 ][debug][gc,heap  ] GC(84) Heap before GC invocations=85 (full 3):
[2025-06-17T23:19:14.061+0300][13852][2928 ][debug][gc,heap  ] GC(84)  PSYoungGen      total 697856K, used 697344K [0x00000000d5580000, 0x0000000100000000, 0x0000000100000000)
[2025-06-17T23:19:14.061+0300][13852][2928 ][debug][gc,heap  ] GC(84)   eden space 696832K, 100% used [0x00000000d5580000,0x00000000ffe00000,0x00000000ffe00000)
[2025-06-17T23:19:14.061+0300][13852][2928 ][debug][gc,heap  ] GC(84)   from space 1024K, 50% used [0x00000000ffe00000,0x00000000ffe800c0,0x00000000fff00000)
[2025-06-17T23:19:14.061+0300][13852][2928 ][debug][gc,heap  ] GC(84)   to   space 1024K, 0% used [0x00000000fff00000,0x00000000fff00000,0x0000000100000000)
[2025-06-17T23:19:14.061+0300][13852][2928 ][debug][gc,heap  ] GC(84)  ParOldGen       total 1398272K, used 16648K [0x0000000080000000, 0x00000000d5580000, 0x00000000d5580000)
[2025-06-17T23:19:14.061+0300][13852][2928 ][debug][gc,heap  ] GC(84)   object space 1398272K, 1% used [0x0000000080000000,0x0000000081042178,0x00000000d5580000)
[2025-06-17T23:19:14.061+0300][13852][2928 ][debug][gc,heap  ] GC(84)  Metaspace       used 8732K, committed 9792K, reserved 1114112K
[2025-06-17T23:19:14.061+0300][13852][2928 ][debug][gc,heap  ] GC(84)   class space    used 873K, committed 1280K, reserved 1048576K
[2025-06-17T23:19:14.061+0300][13852][2928 ][debug][gc,phases] GC(84) Scavenge 0.387ms
[2025-06-17T23:19:14.061+0300][13852][2928 ][debug][gc,phases] GC(84) Reference Processing 0.077ms
[2025-06-17T23:19:14.061+0300][13852][2928 ][debug][gc,phases] GC(84)   VM Weak                        Min:  0.0, Avg:  0.0, Max:  0.0, Diff:  0.0, Sum:  0.0, Workers: 8
[2025-06-17T23:19:14.061+0300][13852][2928 ][debug][gc,phases] GC(84)     Dead                           Min: 0, Avg:  0.0, Max: 0, Diff: 0, Sum: 0, Workers: 8
[2025-06-17T23:19:14.061+0300][13852][2928 ][debug][gc,phases] GC(84)     Total                          Min: 0, Avg: 15.4, Max: 123, Diff: 123, Sum: 123, Workers: 8
[2025-06-17T23:19:14.061+0300][13852][2928 ][debug][gc,phases] GC(84)   ObjectSynchronizer Weak        Min:  0.0, Avg:  0.0, Max:  0.0, Diff:  0.0, Sum:  0.0, Workers: 8
[2025-06-17T23:19:14.061+0300][13852][2928 ][debug][gc,phases] GC(84)     Dead                           Min: 0, Avg:  0.0, Max: 0, Diff: 0, Sum: 0, Workers: 8
[2025-06-17T23:19:14.061+0300][13852][2928 ][debug][gc,phases] GC(84)     Total                          Min: 0, Avg: 16.2, Max: 130, Diff: 130, Sum: 130, Workers: 8
[2025-06-17T23:19:14.061+0300][13852][2928 ][debug][gc,phases] GC(84)   JVMTI Tag Weak OopStorage      Min:  0.0, Avg:  0.0, Max:  0.0, Diff:  0.0, Sum:  0.0, Workers: 8
[2025-06-17T23:19:14.061+0300][13852][2928 ][debug][gc,phases] GC(84)     Dead                           Min: 0, Avg:  0.0, Max: 0, Diff: 0, Sum: 0, Workers: 8
[2025-06-17T23:19:14.061+0300][13852][2928 ][debug][gc,phases] GC(84)     Total                          Min: 0, Avg:  0.0, Max: 0, Diff: 0, Sum: 0, Workers: 8
[2025-06-17T23:19:14.061+0300][13852][2928 ][debug][gc,phases] GC(84)   StringTable Weak               Min:  0.0, Avg:  0.0, Max:  0.0, Diff:  0.0, Sum:  0.1, Workers: 8
[2025-06-17T23:19:14.061+0300][13852][2928 ][debug][gc,phases] GC(84)     Dead                           Min: 0, Avg:  0.0, Max: 0, Diff: 0, Sum: 0, Workers: 8
[2025-06-17T23:19:14.061+0300][13852][2928 ][debug][gc,phases] GC(84)     Total                          Min: 0, Avg: 785.1, Max: 1728, Diff: 1728, Sum: 6281, Workers: 8
[2025-06-17T23:19:14.061+0300][13852][2928 ][debug][gc,phases] GC(84)   ResolvedMethodTable Weak       Min:  0.0, Avg:  0.0, Max:  0.0, Diff:  0.0, Sum:  0.0, Workers: 8
[2025-06-17T23:19:14.061+0300][13852][2928 ][debug][gc,phases] GC(84)     Dead                           Min: 0, Avg:  0.0, Max: 0, Diff: 0, Sum: 0, Workers: 8
[2025-06-17T23:19:14.061+0300][13852][2928 ][debug][gc,phases] GC(84)     Total                          Min: 0, Avg: 110.4, Max: 191, Diff: 191, Sum: 883, Workers: 8
[2025-06-17T23:19:14.061+0300][13852][2928 ][debug][gc,phases] GC(84)   JNI Weak                       Min:  0.0, Avg:  0.0, Max:  0.0, Diff:  0.0, Sum:  0.0, Workers: 8
[2025-06-17T23:19:14.061+0300][13852][2928 ][debug][gc,phases] GC(84)     Dead                           Min: 0, Avg:  0.0, Max: 0, Diff: 0, Sum: 0, Workers: 8
[2025-06-17T23:19:14.061+0300][13852][2928 ][debug][gc,phases] GC(84)     Total                          Min: 0, Avg:  0.0, Max: 0, Diff: 0, Sum: 0, Workers: 8
[2025-06-17T23:19:14.061+0300][13852][2928 ][debug][gc,phases] GC(84)   StringDedup Table Weak         Min:  0.0, Avg:  0.0, Max:  0.0, Diff:  0.0, Sum:  0.0, Workers: 8
[2025-06-17T23:19:14.061+0300][13852][2928 ][debug][gc,phases] GC(84)     Dead                           Min: 0, Avg:  0.0, Max: 0, Diff: 0, Sum: 0, Workers: 8
[2025-06-17T23:19:14.061+0300][13852][2928 ][debug][gc,phases] GC(84)     Total                          Min: 0, Avg:  0.0, Max: 0, Diff: 0, Sum: 0, Workers: 8
[2025-06-17T23:19:14.061+0300][13852][2928 ][debug][gc,phases] GC(84)   StringDedup Requests0 Weak     Min:  0.0, Avg:  0.0, Max:  0.0, Diff:  0.0, Sum:  0.0, Workers: 8
[2025-06-17T23:19:14.061+0300][13852][2928 ][debug][gc,phases] GC(84)     Dead                           Min: 0, Avg:  0.0, Max: 0, Diff: 0, Sum: 0, Workers: 8
[2025-06-17T23:19:14.061+0300][13852][2928 ][debug][gc,phases] GC(84)     Total                          Min: 0, Avg:  0.0, Max: 0, Diff: 0, Sum: 0, Workers: 8
[2025-06-17T23:19:14.061+0300][13852][2928 ][debug][gc,phases] GC(84)   StringDedup Requests1 Weak     Min:  0.0, Avg:  0.0, Max:  0.0, Diff:  0.0, Sum:  0.0, Workers: 8
[2025-06-17T23:19:14.061+0300][13852][2928 ][debug][gc,phases] GC(84)     Dead                           Min: 0, Avg:  0.0, Max: 0, Diff: 0, Sum: 0, Workers: 8
[2025-06-17T23:19:14.061+0300][13852][2928 ][debug][gc,phases] GC(84)     Total                          Min: 0, Avg:  0.0, Max: 0, Diff: 0, Sum: 0, Workers: 8
[2025-06-17T23:19:14.061+0300][13852][2928 ][debug][gc,phases] GC(84)   Weak JFR Old Object Samples    Min:  0.0, Avg:  0.0, Max:  0.0, Diff:  0.0, Sum:  0.0, Workers: 8
[2025-06-17T23:19:14.061+0300][13852][2928 ][debug][gc,phases] GC(84)     Dead                           Min: 0, Avg:  0.0, Max: 0, Diff: 0, Sum: 0, Workers: 8
[2025-06-17T23:19:14.061+0300][13852][2928 ][debug][gc,phases] GC(84)     Total                          Min: 0, Avg:  0.0, Max: 0, Diff: 0, Sum: 0, Workers: 8
[2025-06-17T23:19:14.061+0300][13852][2928 ][debug][gc,phases] GC(84) Weak Processing 0.653ms
[2025-06-17T23:19:14.061+0300][13852][2928 ][info ][gc,heap  ] GC(84) PSYoungGen: 697344K(697856K)->528K(697856K) Eden: 696832K(696832K)->0K(696832K) From: 512K(1024K)->528K(1024K)
[2025-06-17T23:19:14.061+0300][13852][2928 ][info ][gc,heap  ] GC(84) ParOldGen: 16648K(1398272K)->16696K(1398272K)
[2025-06-17T23:19:14.061+0300][13852][2928 ][info ][gc       ] GC(84) Pause Young (Allocation Failure) 697M->16M(2047M) 1.277ms
[2025-06-17T23:19:14.061+0300][13852][2928 ][debug][gc,heap  ] GC(84) Heap after GC invocations=85 (full 3):
[2025-06-17T23:19:14.061+0300][13852][2928 ][debug][gc,heap  ] GC(84)  PSYoungGen      total 697856K, used 528K [0x00000000d5580000, 0x0000000100000000, 0x0000000100000000)
[2025-06-17T23:19:14.061+0300][13852][2928 ][debug][gc,heap  ] GC(84)   eden space 696832K, 0% used [0x00000000d5580000,0x00000000d5580000,0x00000000ffe00000)
[2025-06-17T23:19:14.061+0300][13852][2928 ][debug][gc,heap  ] GC(84)   from space 1024K, 51% used [0x00000000fff00000,0x00000000fff840b0,0x0000000100000000)
[2025-06-17T23:19:14.061+0300][13852][2928 ][debug][gc,heap  ] GC(84)   to   space 1024K, 0% used [0x00000000ffe00000,0x00000000ffe00000,0x00000000fff00000)
[2025-06-17T23:19:14.061+0300][13852][2928 ][debug][gc,heap  ] GC(84)  ParOldGen       total 1398272K, used 16696K [0x0000000080000000, 0x00000000d5580000, 0x00000000d5580000)
[2025-06-17T23:19:14.061+0300][13852][2928 ][debug][gc,heap  ] GC(84)   object space 1398272K, 1% used [0x0000000080000000,0x000000008104e178,0x00000000d5580000)
[2025-06-17T23:19:14.061+0300][13852][2928 ][debug][gc,heap  ] GC(84)  Metaspace       used 8732K, committed 9792K, reserved 1114112K
[2025-06-17T23:19:14.061+0300][13852][2928 ][debug][gc,heap  ] GC(84)   class space    used 873K, committed 1280K, reserved 1048576K
[2025-06-17T23:19:14.061+0300][13852][2928 ][info ][safepoint] Safepoint "ParallelGCFailedAllocation", Time since last: 307907100 ns, Reaching safepoint: 303000 ns, Cleanup: 14400 ns, At safepoint: 1764800 ns, Total: 2082200 ns
[2025-06-17T23:19:14.276+0300][13852][2928 ][debug][safepoint] Safepoint synchronization initiated using striped semaphore wait barrier. (19 threads)
[2025-06-17T23:19:14.276+0300][13852][4040 ][debug][safepoint] ... found polling page loop exception at pc = 0x0000012d12e96de0, stub =0x0000012d12894d80
[2025-06-17T23:19:14.276+0300][13852][15764][debug][safepoint] ... found polling page loop exception at pc = 0x0000012d12e96de0, stub =0x0000012d12894d80
[2025-06-17T23:19:14.276+0300][13852][8464 ][debug][safepoint] ... found polling page loop exception at pc = 0x0000012d12e96de0, stub =0x0000012d12894d80
[2025-06-17T23:19:14.276+0300][13852][17164][debug][safepoint] ... found polling page loop exception at pc = 0x0000012d13081a3e, stub =0x0000012d12894d80
[2025-06-17T23:19:14.276+0300][13852][13120][debug][safepoint] ... found polling page loop exception at pc = 0x0000012d12e96de0, stub =0x0000012d12894d80
[2025-06-17T23:19:14.276+0300][13852][2928 ][debug][gc,heap  ] GC(85) Heap before GC invocations=86 (full 3):
[2025-06-17T23:19:14.276+0300][13852][2928 ][debug][gc,heap  ] GC(85)  PSYoungGen      total 697856K, used 697360K [0x00000000d5580000, 0x0000000100000000, 0x0000000100000000)
[2025-06-17T23:19:14.276+0300][13852][2928 ][debug][gc,heap  ] GC(85)   eden space 696832K, 100% used [0x00000000d5580000,0x00000000ffe00000,0x00000000ffe00000)
[2025-06-17T23:19:14.276+0300][13852][2928 ][debug][gc,heap  ] GC(85)   from space 1024K, 51% used [0x00000000fff00000,0x00000000fff840b0,0x0000000100000000)
[2025-06-17T23:19:14.276+0300][13852][2928 ][debug][gc,heap  ] GC(85)   to   space 1024K, 0% used [0x00000000ffe00000,0x00000000ffe00000,0x00000000fff00000)
[2025-06-17T23:19:14.276+0300][13852][2928 ][debug][gc,heap  ] GC(85)  ParOldGen       total 1398272K, used 16696K [0x0000000080000000, 0x00000000d5580000, 0x00000000d5580000)
[2025-06-17T23:19:14.276+0300][13852][2928 ][debug][gc,heap  ] GC(85)   object space 1398272K, 1% used [0x0000000080000000,0x000000008104e178,0x00000000d5580000)
[2025-06-17T23:19:14.276+0300][13852][2928 ][debug][gc,heap  ] GC(85)  Metaspace       used 8732K, committed 9792K, reserved 1114112K
[2025-06-17T23:19:14.276+0300][13852][2928 ][debug][gc,heap  ] GC(85)   class space    used 873K, committed 1280K, reserved 1048576K
[2025-06-17T23:19:14.276+0300][13852][2928 ][debug][gc,phases] GC(85) Scavenge 0.246ms
[2025-06-17T23:19:14.276+0300][13852][2928 ][debug][gc,phases] GC(85) Reference Processing 0.053ms
[2025-06-17T23:19:14.276+0300][13852][2928 ][debug][gc,phases] GC(85)   VM Weak                        Min:  0.0, Avg:  0.0, Max:  0.0, Diff:  0.0, Sum:  0.0, Workers: 8
[2025-06-17T23:19:14.276+0300][13852][2928 ][debug][gc,phases] GC(85)     Dead                           Min: 0, Avg:  0.0, Max: 0, Diff: 0, Sum: 0, Workers: 8
[2025-06-17T23:19:14.276+0300][13852][2928 ][debug][gc,phases] GC(85)     Total                          Min: 0, Avg: 15.4, Max: 123, Diff: 123, Sum: 123, Workers: 8
[2025-06-17T23:19:14.276+0300][13852][2928 ][debug][gc,phases] GC(85)   ObjectSynchronizer Weak        Min:  0.0, Avg:  0.0, Max:  0.0, Diff:  0.0, Sum:  0.0, Workers: 8
[2025-06-17T23:19:14.276+0300][13852][2928 ][debug][gc,phases] GC(85)     Dead                           Min: 0, Avg:  0.0, Max: 0, Diff: 0, Sum: 0, Workers: 8
[2025-06-17T23:19:14.276+0300][13852][2928 ][debug][gc,phases] GC(85)     Total                          Min: 0, Avg: 16.2, Max: 130, Diff: 130, Sum: 130, Workers: 8
[2025-06-17T23:19:14.276+0300][13852][2928 ][debug][gc,phases] GC(85)   JVMTI Tag Weak OopStorage      Min:  0.0, Avg:  0.0, Max:  0.0, Diff:  0.0, Sum:  0.0, Workers: 8
[2025-06-17T23:19:14.276+0300][13852][2928 ][debug][gc,phases] GC(85)     Dead                           Min: 0, Avg:  0.0, Max: 0, Diff: 0, Sum: 0, Workers: 8
[2025-06-17T23:19:14.276+0300][13852][2928 ][debug][gc,phases] GC(85)     Total                          Min: 0, Avg:  0.0, Max: 0, Diff: 0, Sum: 0, Workers: 8
[2025-06-17T23:19:14.276+0300][13852][2928 ][debug][gc,phases] GC(85)   StringTable Weak               Min:  0.0, Avg:  0.0, Max:  0.0, Diff:  0.0, Sum:  0.1, Workers: 8
[2025-06-17T23:19:14.276+0300][13852][2928 ][debug][gc,phases] GC(85)     Dead                           Min: 0, Avg:  0.0, Max: 0, Diff: 0, Sum: 0, Workers: 8
[2025-06-17T23:19:14.276+0300][13852][2928 ][debug][gc,phases] GC(85)     Total                          Min: 640, Avg: 785.1, Max: 896, Diff: 256, Sum: 6281, Workers: 8
[2025-06-17T23:19:14.276+0300][13852][2928 ][debug][gc,phases] GC(85)   ResolvedMethodTable Weak       Min:  0.0, Avg:  0.0, Max:  0.0, Diff:  0.0, Sum:  0.0, Workers: 8
[2025-06-17T23:19:14.276+0300][13852][2928 ][debug][gc,phases] GC(85)     Dead                           Min: 0, Avg:  0.0, Max: 0, Diff: 0, Sum: 0, Workers: 8
[2025-06-17T23:19:14.276+0300][13852][2928 ][debug][gc,phases] GC(85)     Total                          Min: 59, Avg: 110.4, Max: 128, Diff: 69, Sum: 883, Workers: 8
[2025-06-17T23:19:14.276+0300][13852][2928 ][debug][gc,phases] GC(85)   JNI Weak                       Min:  0.0, Avg:  0.0, Max:  0.0, Diff:  0.0, Sum:  0.0, Workers: 8
[2025-06-17T23:19:14.276+0300][13852][2928 ][debug][gc,phases] GC(85)     Dead                           Min: 0, Avg:  0.0, Max: 0, Diff: 0, Sum: 0, Workers: 8
[2025-06-17T23:19:14.276+0300][13852][2928 ][debug][gc,phases] GC(85)     Total                          Min: 0, Avg:  0.0, Max: 0, Diff: 0, Sum: 0, Workers: 8
[2025-06-17T23:19:14.276+0300][13852][2928 ][debug][gc,phases] GC(85)   StringDedup Table Weak         Min:  0.0, Avg:  0.0, Max:  0.0, Diff:  0.0, Sum:  0.0, Workers: 8
[2025-06-17T23:19:14.276+0300][13852][2928 ][debug][gc,phases] GC(85)     Dead                           Min: 0, Avg:  0.0, Max: 0, Diff: 0, Sum: 0, Workers: 8
[2025-06-17T23:19:14.276+0300][13852][2928 ][debug][gc,phases] GC(85)     Total                          Min: 0, Avg:  0.0, Max: 0, Diff: 0, Sum: 0, Workers: 8
[2025-06-17T23:19:14.276+0300][13852][2928 ][debug][gc,phases] GC(85)   StringDedup Requests0 Weak     Min:  0.0, Avg:  0.0, Max:  0.0, Diff:  0.0, Sum:  0.0, Workers: 8
[2025-06-17T23:19:14.276+0300][13852][2928 ][debug][gc,phases] GC(85)     Dead                           Min: 0, Avg:  0.0, Max: 0, Diff: 0, Sum: 0, Workers: 8
[2025-06-17T23:19:14.276+0300][13852][2928 ][debug][gc,phases] GC(85)     Total                          Min: 0, Avg:  0.0, Max: 0, Diff: 0, Sum: 0, Workers: 8
[2025-06-17T23:19:14.276+0300][13852][2928 ][debug][gc,phases] GC(85)   StringDedup Requests1 Weak     Min:  0.0, Avg:  0.0, Max:  0.0, Diff:  0.0, Sum:  0.0, Workers: 8
[2025-06-17T23:19:14.276+0300][13852][2928 ][debug][gc,phases] GC(85)     Dead                           Min: 0, Avg:  0.0, Max: 0, Diff: 0, Sum: 0, Workers: 8
[2025-06-17T23:19:14.276+0300][13852][2928 ][debug][gc,phases] GC(85)     Total                          Min: 0, Avg:  0.0, Max: 0, Diff: 0, Sum: 0, Workers: 8
[2025-06-17T23:19:14.276+0300][13852][2928 ][debug][gc,phases] GC(85)   Weak JFR Old Object Samples    Min:  0.0, Avg:  0.0, Max:  0.0, Diff:  0.0, Sum:  0.0, Workers: 8
[2025-06-17T23:19:14.276+0300][13852][2928 ][debug][gc,phases] GC(85)     Dead                           Min: 0, Avg:  0.0, Max: 0, Diff: 0, Sum: 0, Workers: 8
[2025-06-17T23:19:14.276+0300][13852][2928 ][debug][gc,phases] GC(85)     Total                          Min: 0, Avg:  0.0, Max: 0, Diff: 0, Sum: 0, Workers: 8
[2025-06-17T23:19:14.276+0300][13852][2928 ][debug][gc,phases] GC(85) Weak Processing 0.591ms
[2025-06-17T23:19:14.276+0300][13852][2928 ][info ][gc,heap  ] GC(85) PSYoungGen: 697360K(697856K)->512K(697856K) Eden: 696832K(696832K)->0K(696832K) From: 528K(1024K)->512K(1024K)
[2025-06-17T23:19:14.276+0300][13852][2928 ][info ][gc,heap  ] GC(85) ParOldGen: 16696K(1398272K)->16760K(1398272K)
[2025-06-17T23:19:14.276+0300][13852][2928 ][info ][gc       ] GC(85) Pause Young (Allocation Failure) 697M->16M(2047M) 1.026ms
[2025-06-17T23:19:14.276+0300][13852][2928 ][debug][gc,heap  ] GC(85) Heap after GC invocations=86 (full 3):
[2025-06-17T23:19:14.276+0300][13852][2928 ][debug][gc,heap  ] GC(85)  PSYoungGen      total 697856K, used 512K [0x00000000d5580000, 0x0000000100000000, 0x0000000100000000)
[2025-06-17T23:19:14.276+0300][13852][2928 ][debug][gc,heap  ] GC(85)   eden space 696832K, 0% used [0x00000000d5580000,0x00000000d5580000,0x00000000ffe00000)
[2025-06-17T23:19:14.276+0300][13852][2928 ][debug][gc,heap  ] GC(85)   from space 1024K, 50% used [0x00000000ffe00000,0x00000000ffe80100,0x00000000fff00000)
[2025-06-17T23:19:14.276+0300][13852][2928 ][debug][gc,heap  ] GC(85)   to   space 1024K, 0% used [0x00000000fff00000,0x00000000fff00000,0x0000000100000000)
[2025-06-17T23:19:14.276+0300][13852][2928 ][debug][gc,heap  ] GC(85)  ParOldGen       total 1398272K, used 16760K [0x0000000080000000, 0x00000000d5580000, 0x00000000d5580000)
[2025-06-17T23:19:14.276+0300][13852][2928 ][debug][gc,heap  ] GC(85)   object space 1398272K, 1% used [0x0000000080000000,0x000000008105e178,0x00000000d5580000)
[2025-06-17T23:19:14.276+0300][13852][2928 ][debug][gc,heap  ] GC(85)  Metaspace       used 8732K, committed 9792K, reserved 1114112K
[2025-06-17T23:19:14.276+0300][13852][2928 ][debug][gc,heap  ] GC(85)   class space    used 873K, committed 1280K, reserved 1048576K
[2025-06-17T23:19:14.276+0300][13852][2928 ][info ][safepoint] Safepoint "ParallelGCFailedAllocation", Time since last: 213704800 ns, Reaching safepoint: 329800 ns, Cleanup: 7300 ns, At safepoint: 1424000 ns, Total: 1761100 ns
[2025-06-17T23:19:14.498+0300][13852][2928 ][debug][safepoint] Safepoint synchronization initiated using striped semaphore wait barrier. (19 threads)
[2025-06-17T23:19:14.498+0300][13852][19988][debug][safepoint] ... found polling page loop exception at pc = 0x0000012d12e96de0, stub =0x0000012d12894d80
[2025-06-17T23:19:14.498+0300][13852][13120][debug][safepoint] ... found polling page loop exception at pc = 0x0000012d12e96de0, stub =0x0000012d12894d80
[2025-06-17T23:19:14.498+0300][13852][4040 ][debug][safepoint] ... found polling page loop exception at pc = 0x0000012d12e96de0, stub =0x0000012d12894d80
[2025-06-17T23:19:14.498+0300][13852][1608 ][debug][safepoint] ... found polling page loop exception at pc = 0x0000012d12e96de0, stub =0x0000012d12894d80
[2025-06-17T23:19:14.498+0300][13852][2928 ][debug][gc,heap  ] GC(86) Heap before GC invocations=87 (full 3):
[2025-06-17T23:19:14.498+0300][13852][2928 ][debug][gc,heap  ] GC(86)  PSYoungGen      total 697856K, used 697344K [0x00000000d5580000, 0x0000000100000000, 0x0000000100000000)
[2025-06-17T23:19:14.498+0300][13852][2928 ][debug][gc,heap  ] GC(86)   eden space 696832K, 100% used [0x00000000d5580000,0x00000000ffe00000,0x00000000ffe00000)
[2025-06-17T23:19:14.498+0300][13852][2928 ][debug][gc,heap  ] GC(86)   from space 1024K, 50% used [0x00000000ffe00000,0x00000000ffe80100,0x00000000fff00000)
[2025-06-17T23:19:14.498+0300][13852][2928 ][debug][gc,heap  ] GC(86)   to   space 1024K, 0% used [0x00000000fff00000,0x00000000fff00000,0x0000000100000000)
[2025-06-17T23:19:14.498+0300][13852][2928 ][debug][gc,heap  ] GC(86)  ParOldGen       total 1398272K, used 16760K [0x0000000080000000, 0x00000000d5580000, 0x00000000d5580000)
[2025-06-17T23:19:14.498+0300][13852][2928 ][debug][gc,heap  ] GC(86)   object space 1398272K, 1% used [0x0000000080000000,0x000000008105e178,0x00000000d5580000)
[2025-06-17T23:19:14.498+0300][13852][2928 ][debug][gc,heap  ] GC(86)  Metaspace       used 8732K, committed 9792K, reserved 1114112K
[2025-06-17T23:19:14.498+0300][13852][2928 ][debug][gc,heap  ] GC(86)   class space    used 873K, committed 1280K, reserved 1048576K
[2025-06-17T23:19:14.498+0300][13852][2928 ][debug][gc,phases] GC(86) Scavenge 0.292ms
[2025-06-17T23:19:14.498+0300][13852][2928 ][debug][gc,phases] GC(86) Reference Processing 0.047ms
[2025-06-17T23:19:14.498+0300][13852][2928 ][debug][gc,phases] GC(86)   VM Weak                        Min:  0.0, Avg:  0.0, Max:  0.0, Diff:  0.0, Sum:  0.0, Workers: 8
[2025-06-17T23:19:14.498+0300][13852][2928 ][debug][gc,phases] GC(86)     Dead                           Min: 0, Avg:  0.0, Max: 0, Diff: 0, Sum: 0, Workers: 8
[2025-06-17T23:19:14.498+0300][13852][2928 ][debug][gc,phases] GC(86)     Total                          Min: 0, Avg: 15.4, Max: 123, Diff: 123, Sum: 123, Workers: 8
[2025-06-17T23:19:14.498+0300][13852][2928 ][debug][gc,phases] GC(86)   ObjectSynchronizer Weak        Min:  0.0, Avg:  0.0, Max:  0.0, Diff:  0.0, Sum:  0.0, Workers: 8
[2025-06-17T23:19:14.498+0300][13852][2928 ][debug][gc,phases] GC(86)     Dead                           Min: 0, Avg:  0.0, Max: 0, Diff: 0, Sum: 0, Workers: 8
[2025-06-17T23:19:14.498+0300][13852][2928 ][debug][gc,phases] GC(86)     Total                          Min: 0, Avg: 16.2, Max: 130, Diff: 130, Sum: 130, Workers: 8
[2025-06-17T23:19:14.498+0300][13852][2928 ][debug][gc,phases] GC(86)   JVMTI Tag Weak OopStorage      Min:  0.0, Avg:  0.0, Max:  0.0, Diff:  0.0, Sum:  0.0, Workers: 8
[2025-06-17T23:19:14.498+0300][13852][2928 ][debug][gc,phases] GC(86)     Dead                           Min: 0, Avg:  0.0, Max: 0, Diff: 0, Sum: 0, Workers: 8
[2025-06-17T23:19:14.498+0300][13852][2928 ][debug][gc,phases] GC(86)     Total                          Min: 0, Avg:  0.0, Max: 0, Diff: 0, Sum: 0, Workers: 8
[2025-06-17T23:19:14.498+0300][13852][2928 ][debug][gc,phases] GC(86)   StringTable Weak               Min:  0.0, Avg:  0.0, Max:  0.0, Diff:  0.0, Sum:  0.1, Workers: 8
[2025-06-17T23:19:14.498+0300][13852][2928 ][debug][gc,phases] GC(86)     Dead                           Min: 0, Avg:  0.0, Max: 0, Diff: 0, Sum: 0, Workers: 8
[2025-06-17T23:19:14.498+0300][13852][2928 ][debug][gc,phases] GC(86)     Total                          Min: 704, Avg: 785.1, Max: 896, Diff: 192, Sum: 6281, Workers: 8
[2025-06-17T23:19:14.498+0300][13852][2928 ][debug][gc,phases] GC(86)   ResolvedMethodTable Weak       Min:  0.0, Avg:  0.0, Max:  0.0, Diff:  0.0, Sum:  0.0, Workers: 8
[2025-06-17T23:19:14.498+0300][13852][2928 ][debug][gc,phases] GC(86)     Dead                           Min: 0, Avg:  0.0, Max: 0, Diff: 0, Sum: 0, Workers: 8
[2025-06-17T23:19:14.498+0300][13852][2928 ][debug][gc,phases] GC(86)     Total                          Min: 63, Avg: 110.4, Max: 128, Diff: 65, Sum: 883, Workers: 8
[2025-06-17T23:19:14.498+0300][13852][2928 ][debug][gc,phases] GC(86)   JNI Weak                       Min:  0.0, Avg:  0.0, Max:  0.0, Diff:  0.0, Sum:  0.0, Workers: 8
[2025-06-17T23:19:14.498+0300][13852][2928 ][debug][gc,phases] GC(86)     Dead                           Min: 0, Avg:  0.0, Max: 0, Diff: 0, Sum: 0, Workers: 8
[2025-06-17T23:19:14.498+0300][13852][2928 ][debug][gc,phases] GC(86)     Total                          Min: 0, Avg:  0.0, Max: 0, Diff: 0, Sum: 0, Workers: 8
[2025-06-17T23:19:14.498+0300][13852][2928 ][debug][gc,phases] GC(86)   StringDedup Table Weak         Min:  0.0, Avg:  0.0, Max:  0.0, Diff:  0.0, Sum:  0.0, Workers: 8
[2025-06-17T23:19:14.498+0300][13852][2928 ][debug][gc,phases] GC(86)     Dead                           Min: 0, Avg:  0.0, Max: 0, Diff: 0, Sum: 0, Workers: 8
[2025-06-17T23:19:14.498+0300][13852][2928 ][debug][gc,phases] GC(86)     Total                          Min: 0, Avg:  0.0, Max: 0, Diff: 0, Sum: 0, Workers: 8
[2025-06-17T23:19:14.498+0300][13852][2928 ][debug][gc,phases] GC(86)   StringDedup Requests0 Weak     Min:  0.0, Avg:  0.0, Max:  0.0, Diff:  0.0, Sum:  0.0, Workers: 8
[2025-06-17T23:19:14.498+0300][13852][2928 ][debug][gc,phases] GC(86)     Dead                           Min: 0, Avg:  0.0, Max: 0, Diff: 0, Sum: 0, Workers: 8
[2025-06-17T23:19:14.498+0300][13852][2928 ][debug][gc,phases] GC(86)     Total                          Min: 0, Avg:  0.0, Max: 0, Diff: 0, Sum: 0, Workers: 8
[2025-06-17T23:19:14.498+0300][13852][2928 ][debug][gc,phases] GC(86)   StringDedup Requests1 Weak     Min:  0.0, Avg:  0.0, Max:  0.0, Diff:  0.0, Sum:  0.0, Workers: 8
[2025-06-17T23:19:14.498+0300][13852][2928 ][debug][gc,phases] GC(86)     Dead                           Min: 0, Avg:  0.0, Max: 0, Diff: 0, Sum: 0, Workers: 8
[2025-06-17T23:19:14.498+0300][13852][2928 ][debug][gc,phases] GC(86)     Total                          Min: 0, Avg:  0.0, Max: 0, Diff: 0, Sum: 0, Workers: 8
[2025-06-17T23:19:14.498+0300][13852][2928 ][debug][gc,phases] GC(86)   Weak JFR Old Object Samples    Min:  0.0, Avg:  0.0, Max:  0.0, Diff:  0.0, Sum:  0.0, Workers: 8
[2025-06-17T23:19:14.498+0300][13852][2928 ][debug][gc,phases] GC(86)     Dead                           Min: 0, Avg:  0.0, Max: 0, Diff: 0, Sum: 0, Workers: 8
[2025-06-17T23:19:14.498+0300][13852][2928 ][debug][gc,phases] GC(86)     Total                          Min: 0, Avg:  0.0, Max: 0, Diff: 0, Sum: 0, Workers: 8
[2025-06-17T23:19:14.498+0300][13852][2928 ][debug][gc,phases] GC(86) Weak Processing 0.573ms
[2025-06-17T23:19:14.498+0300][13852][2928 ][info ][gc,heap  ] GC(86) PSYoungGen: 697344K(697856K)->576K(697856K) Eden: 696832K(696832K)->0K(696832K) From: 512K(1024K)->576K(1024K)
[2025-06-17T23:19:14.498+0300][13852][2928 ][info ][gc,heap  ] GC(86) ParOldGen: 16760K(1398272K)->16824K(1398272K)
[2025-06-17T23:19:14.498+0300][13852][2928 ][info ][gc       ] GC(86) Pause Young (Allocation Failure) 697M->16M(2047M) 1.055ms
[2025-06-17T23:19:14.498+0300][13852][2928 ][debug][gc,heap  ] GC(86) Heap after GC invocations=87 (full 3):
[2025-06-17T23:19:14.498+0300][13852][2928 ][debug][gc,heap  ] GC(86)  PSYoungGen      total 697856K, used 576K [0x00000000d5580000, 0x0000000100000000, 0x0000000100000000)
[2025-06-17T23:19:14.498+0300][13852][2928 ][debug][gc,heap  ] GC(86)   eden space 696832K, 0% used [0x00000000d5580000,0x00000000d5580000,0x00000000ffe00000)
[2025-06-17T23:19:14.498+0300][13852][2928 ][debug][gc,heap  ] GC(86)   from space 1024K, 56% used [0x00000000fff00000,0x00000000fff90100,0x0000000100000000)
[2025-06-17T23:19:14.498+0300][13852][2928 ][debug][gc,heap  ] GC(86)   to   space 1024K, 0% used [0x00000000ffe00000,0x00000000ffe00000,0x00000000fff00000)
[2025-06-17T23:19:14.498+0300][13852][2928 ][debug][gc,heap  ] GC(86)  ParOldGen       total 1398272K, used 16824K [0x0000000080000000, 0x00000000d5580000, 0x00000000d5580000)
[2025-06-17T23:19:14.498+0300][13852][2928 ][debug][gc,heap  ] GC(86)   object space 1398272K, 1% used [0x0000000080000000,0x000000008106e178,0x00000000d5580000)
[2025-06-17T23:19:14.498+0300][13852][2928 ][debug][gc,heap  ] GC(86)  Metaspace       used 8732K, committed 9792K, reserved 1114112K
[2025-06-17T23:19:14.498+0300][13852][2928 ][debug][gc,heap  ] GC(86)   class space    used 873K, committed 1280K, reserved 1048576K
[2025-06-17T23:19:14.498+0300][13852][2928 ][info ][safepoint] Safepoint "ParallelGCFailedAllocation", Time since last: 219003100 ns, Reaching safepoint: 316100 ns, Cleanup: 7600 ns, At safepoint: 1440400 ns, Total: 1764100 ns
[2025-06-17T23:19:14.697+0300][13852][2928 ][debug][safepoint] Safepoint synchronization initiated using striped semaphore wait barrier. (19 threads)
[2025-06-17T23:19:14.697+0300][13852][15764][debug][safepoint] ... found polling page loop exception at pc = 0x0000012d12e96de0, stub =0x0000012d12894d80
[2025-06-17T23:19:14.697+0300][13852][8464 ][debug][safepoint] ... found polling page loop exception at pc = 0x0000012d12e96de0, stub =0x0000012d12894d80
[2025-06-17T23:19:14.697+0300][13852][11320][debug][safepoint] ... found polling page loop exception at pc = 0x0000012d12e96de0, stub =0x0000012d12894d80
[2025-06-17T23:19:14.697+0300][13852][17164][debug][safepoint] ... found polling page loop exception at pc = 0x0000012d12e96de0, stub =0x0000012d12894d80
[2025-06-17T23:19:14.697+0300][13852][2928 ][debug][gc,heap  ] GC(87) Heap before GC invocations=88 (full 3):
[2025-06-17T23:19:14.697+0300][13852][2928 ][debug][gc,heap  ] GC(87)  PSYoungGen      total 697856K, used 697408K [0x00000000d5580000, 0x0000000100000000, 0x0000000100000000)
[2025-06-17T23:19:14.697+0300][13852][2928 ][debug][gc,heap  ] GC(87)   eden space 696832K, 100% used [0x00000000d5580000,0x00000000ffe00000,0x00000000ffe00000)
[2025-06-17T23:19:14.697+0300][13852][2928 ][debug][gc,heap  ] GC(87)   from space 1024K, 56% used [0x00000000fff00000,0x00000000fff90100,0x0000000100000000)
[2025-06-17T23:19:14.697+0300][13852][2928 ][debug][gc,heap  ] GC(87)   to   space 1024K, 0% used [0x00000000ffe00000,0x00000000ffe00000,0x00000000fff00000)
[2025-06-17T23:19:14.697+0300][13852][2928 ][debug][gc,heap  ] GC(87)  ParOldGen       total 1398272K, used 16824K [0x0000000080000000, 0x00000000d5580000, 0x00000000d5580000)
[2025-06-17T23:19:14.697+0300][13852][2928 ][debug][gc,heap  ] GC(87)   object space 1398272K, 1% used [0x0000000080000000,0x000000008106e178,0x00000000d5580000)
[2025-06-17T23:19:14.697+0300][13852][2928 ][debug][gc,heap  ] GC(87)  Metaspace       used 8732K, committed 9792K, reserved 1114112K
[2025-06-17T23:19:14.697+0300][13852][2928 ][debug][gc,heap  ] GC(87)   class space    used 873K, committed 1280K, reserved 1048576K
[2025-06-17T23:19:14.697+0300][13852][2928 ][debug][gc,phases] GC(87) Scavenge 0.248ms
[2025-06-17T23:19:14.697+0300][13852][2928 ][debug][gc,phases] GC(87) Reference Processing 0.051ms
[2025-06-17T23:19:14.697+0300][13852][2928 ][debug][gc,phases] GC(87)   VM Weak                        Min:  0.0, Avg:  0.0, Max:  0.0, Diff:  0.0, Sum:  0.0, Workers: 8
[2025-06-17T23:19:14.697+0300][13852][2928 ][debug][gc,phases] GC(87)     Dead                           Min: 0, Avg:  0.0, Max: 0, Diff: 0, Sum: 0, Workers: 8
[2025-06-17T23:19:14.697+0300][13852][2928 ][debug][gc,phases] GC(87)     Total                          Min: 0, Avg: 15.4, Max: 123, Diff: 123, Sum: 123, Workers: 8
[2025-06-17T23:19:14.697+0300][13852][2928 ][debug][gc,phases] GC(87)   ObjectSynchronizer Weak        Min:  0.0, Avg:  0.0, Max:  0.0, Diff:  0.0, Sum:  0.0, Workers: 8
[2025-06-17T23:19:14.697+0300][13852][2928 ][debug][gc,phases] GC(87)     Dead                           Min: 0, Avg:  0.0, Max: 0, Diff: 0, Sum: 0, Workers: 8
[2025-06-17T23:19:14.697+0300][13852][2928 ][debug][gc,phases] GC(87)     Total                          Min: 0, Avg: 16.2, Max: 64, Diff: 64, Sum: 130, Workers: 8
[2025-06-17T23:19:14.697+0300][13852][2928 ][debug][gc,phases] GC(87)   JVMTI Tag Weak OopStorage      Min:  0.0, Avg:  0.0, Max:  0.0, Diff:  0.0, Sum:  0.0, Workers: 8
[2025-06-17T23:19:14.697+0300][13852][2928 ][debug][gc,phases] GC(87)     Dead                           Min: 0, Avg:  0.0, Max: 0, Diff: 0, Sum: 0, Workers: 8
[2025-06-17T23:19:14.697+0300][13852][2928 ][debug][gc,phases] GC(87)     Total                          Min: 0, Avg:  0.0, Max: 0, Diff: 0, Sum: 0, Workers: 8
[2025-06-17T23:19:14.697+0300][13852][2928 ][debug][gc,phases] GC(87)   StringTable Weak               Min:  0.0, Avg:  0.0, Max:  0.0, Diff:  0.0, Sum:  0.1, Workers: 8
[2025-06-17T23:19:14.697+0300][13852][2928 ][debug][gc,phases] GC(87)     Dead                           Min: 0, Avg:  0.0, Max: 0, Diff: 0, Sum: 0, Workers: 8
[2025-06-17T23:19:14.697+0300][13852][2928 ][debug][gc,phases] GC(87)     Total                          Min: 640, Avg: 785.1, Max: 832, Diff: 192, Sum: 6281, Workers: 8
[2025-06-17T23:19:14.697+0300][13852][2928 ][debug][gc,phases] GC(87)   ResolvedMethodTable Weak       Min:  0.0, Avg:  0.0, Max:  0.0, Diff:  0.0, Sum:  0.0, Workers: 8
[2025-06-17T23:19:14.697+0300][13852][2928 ][debug][gc,phases] GC(87)     Dead                           Min: 0, Avg:  0.0, Max: 0, Diff: 0, Sum: 0, Workers: 8
[2025-06-17T23:19:14.697+0300][13852][2928 ][debug][gc,phases] GC(87)     Total                          Min: 61, Avg: 110.4, Max: 190, Diff: 129, Sum: 883, Workers: 8
[2025-06-17T23:19:14.697+0300][13852][2928 ][debug][gc,phases] GC(87)   JNI Weak                       Min:  0.0, Avg:  0.0, Max:  0.0, Diff:  0.0, Sum:  0.0, Workers: 8
[2025-06-17T23:19:14.697+0300][13852][2928 ][debug][gc,phases] GC(87)     Dead                           Min: 0, Avg:  0.0, Max: 0, Diff: 0, Sum: 0, Workers: 8
[2025-06-17T23:19:14.697+0300][13852][2928 ][debug][gc,phases] GC(87)     Total                          Min: 0, Avg:  0.0, Max: 0, Diff: 0, Sum: 0, Workers: 8
[2025-06-17T23:19:14.697+0300][13852][2928 ][debug][gc,phases] GC(87)   StringDedup Table Weak         Min:  0.0, Avg:  0.0, Max:  0.0, Diff:  0.0, Sum:  0.0, Workers: 8
[2025-06-17T23:19:14.697+0300][13852][2928 ][debug][gc,phases] GC(87)     Dead                           Min: 0, Avg:  0.0, Max: 0, Diff: 0, Sum: 0, Workers: 8
[2025-06-17T23:19:14.697+0300][13852][2928 ][debug][gc,phases] GC(87)     Total                          Min: 0, Avg:  0.0, Max: 0, Diff: 0, Sum: 0, Workers: 8
[2025-06-17T23:19:14.697+0300][13852][2928 ][debug][gc,phases] GC(87)   StringDedup Requests0 Weak     Min:  0.0, Avg:  0.0, Max:  0.0, Diff:  0.0, Sum:  0.0, Workers: 8
[2025-06-17T23:19:14.697+0300][13852][2928 ][debug][gc,phases] GC(87)     Dead                           Min: 0, Avg:  0.0, Max: 0, Diff: 0, Sum: 0, Workers: 8
[2025-06-17T23:19:14.697+0300][13852][2928 ][debug][gc,phases] GC(87)     Total                          Min: 0, Avg:  0.0, Max: 0, Diff: 0, Sum: 0, Workers: 8
[2025-06-17T23:19:14.697+0300][13852][2928 ][debug][gc,phases] GC(87)   StringDedup Requests1 Weak     Min:  0.0, Avg:  0.0, Max:  0.0, Diff:  0.0, Sum:  0.0, Workers: 8
[2025-06-17T23:19:14.697+0300][13852][2928 ][debug][gc,phases] GC(87)     Dead                           Min: 0, Avg:  0.0, Max: 0, Diff: 0, Sum: 0, Workers: 8
[2025-06-17T23:19:14.697+0300][13852][2928 ][debug][gc,phases] GC(87)     Total                          Min: 0, Avg:  0.0, Max: 0, Diff: 0, Sum: 0, Workers: 8
[2025-06-17T23:19:14.697+0300][13852][2928 ][debug][gc,phases] GC(87)   Weak JFR Old Object Samples    Min:  0.0, Avg:  0.0, Max:  0.0, Diff:  0.0, Sum:  0.0, Workers: 8
[2025-06-17T23:19:14.697+0300][13852][2928 ][debug][gc,phases] GC(87)     Dead                           Min: 0, Avg:  0.0, Max: 0, Diff: 0, Sum: 0, Workers: 8
[2025-06-17T23:19:14.697+0300][13852][2928 ][debug][gc,phases] GC(87)     Total                          Min: 0, Avg:  0.0, Max: 0, Diff: 0, Sum: 0, Workers: 8
[2025-06-17T23:19:14.697+0300][13852][2928 ][debug][gc,phases] GC(87) Weak Processing 0.588ms
[2025-06-17T23:19:14.697+0300][13852][2928 ][info ][gc,heap  ] GC(87) PSYoungGen: 697408K(697856K)->480K(697856K) Eden: 696832K(696832K)->0K(696832K) From: 576K(1024K)->480K(1024K)
[2025-06-17T23:19:14.697+0300][13852][2928 ][info ][gc,heap  ] GC(87) ParOldGen: 16824K(1398272K)->16880K(1398272K)
[2025-06-17T23:19:14.697+0300][13852][2928 ][info ][gc       ] GC(87) Pause Young (Allocation Failure) 697M->16M(2047M) 1.022ms
[2025-06-17T23:19:14.697+0300][13852][2928 ][debug][gc,heap  ] GC(87) Heap after GC invocations=88 (full 3):
[2025-06-17T23:19:14.697+0300][13852][2928 ][debug][gc,heap  ] GC(87)  PSYoungGen      total 697856K, used 480K [0x00000000d5580000, 0x0000000100000000, 0x0000000100000000)
[2025-06-17T23:19:14.697+0300][13852][2928 ][debug][gc,heap  ] GC(87)   eden space 696832K, 0% used [0x00000000d5580000,0x00000000d5580000,0x00000000ffe00000)
[2025-06-17T23:19:14.697+0300][13852][2928 ][debug][gc,heap  ] GC(87)   from space 1024K, 46% used [0x00000000ffe00000,0x00000000ffe780e0,0x00000000fff00000)
[2025-06-17T23:19:14.697+0300][13852][2928 ][debug][gc,heap  ] GC(87)   to   space 1024K, 0% used [0x00000000fff00000,0x00000000fff00000,0x0000000100000000)
[2025-06-17T23:19:14.697+0300][13852][2928 ][debug][gc,heap  ] GC(87)  ParOldGen       total 1398272K, used 16880K [0x0000000080000000, 0x00000000d5580000, 0x00000000d5580000)
[2025-06-17T23:19:14.697+0300][13852][2928 ][debug][gc,heap  ] GC(87)   object space 1398272K, 1% used [0x0000000080000000,0x000000008107c178,0x00000000d5580000)
[2025-06-17T23:19:14.697+0300][13852][2928 ][debug][gc,heap  ] GC(87)  Metaspace       used 8732K, committed 9792K, reserved 1114112K
[2025-06-17T23:19:14.697+0300][13852][2928 ][debug][gc,heap  ] GC(87)   class space    used 873K, committed 1280K, reserved 1048576K
[2025-06-17T23:19:14.697+0300][13852][2928 ][info ][safepoint] Safepoint "ParallelGCFailedAllocation", Time since last: 198003500 ns, Reaching safepoint: 288900 ns, Cleanup: 6100 ns, At safepoint: 1504300 ns, Total: 1799300 ns
[2025-06-17T23:19:14.899+0300][13852][2928 ][debug][safepoint] Safepoint synchronization initiated using striped semaphore wait barrier. (19 threads)
[2025-06-17T23:19:14.899+0300][13852][13120][debug][safepoint] ... found polling page loop exception at pc = 0x0000012d12e96de0, stub =0x0000012d12894d80
[2025-06-17T23:19:14.899+0300][13852][1608 ][debug][safepoint] ... found polling page loop exception at pc = 0x0000012d12e96de0, stub =0x0000012d12894d80
[2025-06-17T23:19:14.899+0300][13852][4040 ][debug][safepoint] ... found polling page loop exception at pc = 0x0000012d12e96de0, stub =0x0000012d12894d80
[2025-06-17T23:19:14.899+0300][13852][11320][debug][safepoint] ... found polling page loop exception at pc = 0x0000012d12e96de0, stub =0x0000012d12894d80
[2025-06-17T23:19:14.899+0300][13852][2928 ][debug][gc,heap  ] GC(88) Heap before GC invocations=89 (full 3):
[2025-06-17T23:19:14.899+0300][13852][2928 ][debug][gc,heap  ] GC(88)  PSYoungGen      total 697856K, used 697312K [0x00000000d5580000, 0x0000000100000000, 0x0000000100000000)
[2025-06-17T23:19:14.899+0300][13852][2928 ][debug][gc,heap  ] GC(88)   eden space 696832K, 100% used [0x00000000d5580000,0x00000000ffe00000,0x00000000ffe00000)
[2025-06-17T23:19:14.899+0300][13852][2928 ][debug][gc,heap  ] GC(88)   from space 1024K, 46% used [0x00000000ffe00000,0x00000000ffe780e0,0x00000000fff00000)
[2025-06-17T23:19:14.899+0300][13852][2928 ][debug][gc,heap  ] GC(88)   to   space 1024K, 0% used [0x00000000fff00000,0x00000000fff00000,0x0000000100000000)
[2025-06-17T23:19:14.899+0300][13852][2928 ][debug][gc,heap  ] GC(88)  ParOldGen       total 1398272K, used 16880K [0x0000000080000000, 0x00000000d5580000, 0x00000000d5580000)
[2025-06-17T23:19:14.899+0300][13852][2928 ][debug][gc,heap  ] GC(88)   object space 1398272K, 1% used [0x0000000080000000,0x000000008107c178,0x00000000d5580000)
[2025-06-17T23:19:14.899+0300][13852][2928 ][debug][gc,heap  ] GC(88)  Metaspace       used 8732K, committed 9792K, reserved 1114112K
[2025-06-17T23:19:14.899+0300][13852][2928 ][debug][gc,heap  ] GC(88)   class space    used 873K, committed 1280K, reserved 1048576K
[2025-06-17T23:19:14.899+0300][13852][2928 ][debug][gc,phases] GC(88) Scavenge 0.278ms
[2025-06-17T23:19:14.899+0300][13852][2928 ][debug][gc,phases] GC(88) Reference Processing 0.052ms
[2025-06-17T23:19:14.899+0300][13852][2928 ][debug][gc,phases] GC(88)   VM Weak                        Min:  0.0, Avg:  0.0, Max:  0.0, Diff:  0.0, Sum:  0.0, Workers: 8
[2025-06-17T23:19:14.899+0300][13852][2928 ][debug][gc,phases] GC(88)     Dead                           Min: 0, Avg:  0.0, Max: 0, Diff: 0, Sum: 0, Workers: 8
[2025-06-17T23:19:14.899+0300][13852][2928 ][debug][gc,phases] GC(88)     Total                          Min: 0, Avg: 15.4, Max: 123, Diff: 123, Sum: 123, Workers: 8
[2025-06-17T23:19:14.899+0300][13852][2928 ][debug][gc,phases] GC(88)   ObjectSynchronizer Weak        Min:  0.0, Avg:  0.0, Max:  0.0, Diff:  0.0, Sum:  0.0, Workers: 8
[2025-06-17T23:19:14.899+0300][13852][2928 ][debug][gc,phases] GC(88)     Dead                           Min: 0, Avg:  0.0, Max: 0, Diff: 0, Sum: 0, Workers: 8
[2025-06-17T23:19:14.899+0300][13852][2928 ][debug][gc,phases] GC(88)     Total                          Min: 0, Avg: 16.2, Max: 66, Diff: 66, Sum: 130, Workers: 8
[2025-06-17T23:19:14.899+0300][13852][2928 ][debug][gc,phases] GC(88)   JVMTI Tag Weak OopStorage      Min:  0.0, Avg:  0.0, Max:  0.0, Diff:  0.0, Sum:  0.0, Workers: 8
[2025-06-17T23:19:14.899+0300][13852][2928 ][debug][gc,phases] GC(88)     Dead                           Min: 0, Avg:  0.0, Max: 0, Diff: 0, Sum: 0, Workers: 8
[2025-06-17T23:19:14.899+0300][13852][2928 ][debug][gc,phases] GC(88)     Total                          Min: 0, Avg:  0.0, Max: 0, Diff: 0, Sum: 0, Workers: 8
[2025-06-17T23:19:14.899+0300][13852][2928 ][debug][gc,phases] GC(88)   StringTable Weak               Min:  0.0, Avg:  0.0, Max:  0.0, Diff:  0.0, Sum:  0.1, Workers: 8
[2025-06-17T23:19:14.899+0300][13852][2928 ][debug][gc,phases] GC(88)     Dead                           Min: 0, Avg:  0.0, Max: 0, Diff: 0, Sum: 0, Workers: 8
[2025-06-17T23:19:14.899+0300][13852][2928 ][debug][gc,phases] GC(88)     Total                          Min: 576, Avg: 785.1, Max: 1024, Diff: 448, Sum: 6281, Workers: 8
[2025-06-17T23:19:14.899+0300][13852][2928 ][debug][gc,phases] GC(88)   ResolvedMethodTable Weak       Min:  0.0, Avg:  0.0, Max:  0.0, Diff:  0.0, Sum:  0.0, Workers: 8
[2025-06-17T23:19:14.899+0300][13852][2928 ][debug][gc,phases] GC(88)     Dead                           Min: 0, Avg:  0.0, Max: 0, Diff: 0, Sum: 0, Workers: 8
[2025-06-17T23:19:14.899+0300][13852][2928 ][debug][gc,phases] GC(88)     Total                          Min: 0, Avg: 110.4, Max: 186, Diff: 186, Sum: 883, Workers: 8
[2025-06-17T23:19:14.899+0300][13852][2928 ][debug][gc,phases] GC(88)   JNI Weak                       Min:  0.0, Avg:  0.0, Max:  0.0, Diff:  0.0, Sum:  0.0, Workers: 8
[2025-06-17T23:19:14.899+0300][13852][2928 ][debug][gc,phases] GC(88)     Dead                           Min: 0, Avg:  0.0, Max: 0, Diff: 0, Sum: 0, Workers: 8
[2025-06-17T23:19:14.899+0300][13852][2928 ][debug][gc,phases] GC(88)     Total                          Min: 0, Avg:  0.0, Max: 0, Diff: 0, Sum: 0, Workers: 8
[2025-06-17T23:19:14.899+0300][13852][2928 ][debug][gc,phases] GC(88)   StringDedup Table Weak         Min:  0.0, Avg:  0.0, Max:  0.0, Diff:  0.0, Sum:  0.0, Workers: 8
[2025-06-17T23:19:14.899+0300][13852][2928 ][debug][gc,phases] GC(88)     Dead                           Min: 0, Avg:  0.0, Max: 0, Diff: 0, Sum: 0, Workers: 8
[2025-06-17T23:19:14.899+0300][13852][2928 ][debug][gc,phases] GC(88)     Total                          Min: 0, Avg:  0.0, Max: 0, Diff: 0, Sum: 0, Workers: 8
[2025-06-17T23:19:14.899+0300][13852][2928 ][debug][gc,phases] GC(88)   StringDedup Requests0 Weak     Min:  0.0, Avg:  0.0, Max:  0.0, Diff:  0.0, Sum:  0.0, Workers: 8
[2025-06-17T23:19:14.899+0300][13852][2928 ][debug][gc,phases] GC(88)     Dead                           Min: 0, Avg:  0.0, Max: 0, Diff: 0, Sum: 0, Workers: 8
[2025-06-17T23:19:14.899+0300][13852][2928 ][debug][gc,phases] GC(88)     Total                          Min: 0, Avg:  0.0, Max: 0, Diff: 0, Sum: 0, Workers: 8
[2025-06-17T23:19:14.899+0300][13852][2928 ][debug][gc,phases] GC(88)   StringDedup Requests1 Weak     Min:  0.0, Avg:  0.0, Max:  0.0, Diff:  0.0, Sum:  0.0, Workers: 8
[2025-06-17T23:19:14.899+0300][13852][2928 ][debug][gc,phases] GC(88)     Dead                           Min: 0, Avg:  0.0, Max: 0, Diff: 0, Sum: 0, Workers: 8
[2025-06-17T23:19:14.899+0300][13852][2928 ][debug][gc,phases] GC(88)     Total                          Min: 0, Avg:  0.0, Max: 0, Diff: 0, Sum: 0, Workers: 8
[2025-06-17T23:19:14.899+0300][13852][2928 ][debug][gc,phases] GC(88)   Weak JFR Old Object Samples    Min:  0.0, Avg:  0.0, Max:  0.0, Diff:  0.0, Sum:  0.0, Workers: 8
[2025-06-17T23:19:14.899+0300][13852][2928 ][debug][gc,phases] GC(88)     Dead                           Min: 0, Avg:  0.0, Max: 0, Diff: 0, Sum: 0, Workers: 8
[2025-06-17T23:19:14.899+0300][13852][2928 ][debug][gc,phases] GC(88)     Total                          Min: 0, Avg:  0.0, Max: 0, Diff: 0, Sum: 0, Workers: 8
[2025-06-17T23:19:14.899+0300][13852][2928 ][debug][gc,phases] GC(88) Weak Processing 0.602ms
[2025-06-17T23:19:14.899+0300][13852][2928 ][info ][gc,heap  ] GC(88) PSYoungGen: 697312K(697856K)->544K(697856K) Eden: 696832K(696832K)->0K(696832K) From: 480K(1024K)->544K(1024K)
[2025-06-17T23:19:14.899+0300][13852][2928 ][info ][gc,heap  ] GC(88) ParOldGen: 16880K(1398272K)->16944K(1398272K)
[2025-06-17T23:19:14.899+0300][13852][2928 ][info ][gc       ] GC(88) Pause Young (Allocation Failure) 697M->17M(2047M) 1.062ms
[2025-06-17T23:19:14.899+0300][13852][2928 ][debug][gc,heap  ] GC(88) Heap after GC invocations=89 (full 3):
[2025-06-17T23:19:14.899+0300][13852][2928 ][debug][gc,heap  ] GC(88)  PSYoungGen      total 697856K, used 544K [0x00000000d5580000, 0x0000000100000000, 0x0000000100000000)
[2025-06-17T23:19:14.899+0300][13852][2928 ][debug][gc,heap  ] GC(88)   eden space 696832K, 0% used [0x00000000d5580000,0x00000000d5580000,0x00000000ffe00000)
[2025-06-17T23:19:14.899+0300][13852][2928 ][debug][gc,heap  ] GC(88)   from space 1024K, 53% used [0x00000000fff00000,0x00000000fff880e0,0x0000000100000000)
[2025-06-17T23:19:14.899+0300][13852][2928 ][debug][gc,heap  ] GC(88)   to   space 1024K, 0% used [0x00000000ffe00000,0x00000000ffe00000,0x00000000fff00000)
[2025-06-17T23:19:14.899+0300][13852][2928 ][debug][gc,heap  ] GC(88)  ParOldGen       total 1398272K, used 16944K [0x0000000080000000, 0x00000000d5580000, 0x00000000d5580000)
[2025-06-17T23:19:14.899+0300][13852][2928 ][debug][gc,heap  ] GC(88)   object space 1398272K, 1% used [0x0000000080000000,0x000000008108c178,0x00000000d5580000)
[2025-06-17T23:19:14.899+0300][13852][2928 ][debug][gc,heap  ] GC(88)  Metaspace       used 8732K, committed 9792K, reserved 1114112K
[2025-06-17T23:19:14.899+0300][13852][2928 ][debug][gc,heap  ] GC(88)   class space    used 873K, committed 1280K, reserved 1048576K
[2025-06-17T23:19:14.899+0300][13852][2928 ][info ][safepoint] Safepoint "ParallelGCFailedAllocation", Time since last: 200376900 ns, Reaching safepoint: 337500 ns, Cleanup: 7800 ns, At safepoint: 1454200 ns, Total: 1799500 ns
[2025-06-17T23:19:15.119+0300][13852][2928 ][debug][safepoint] Safepoint synchronization initiated using striped semaphore wait barrier. (19 threads)
[2025-06-17T23:19:15.119+0300][13852][4040 ][debug][safepoint] ... found polling page loop exception at pc = 0x0000012d12efb8a0, stub =0x0000012d12895600
[2025-06-17T23:19:15.119+0300][13852][11320][debug][safepoint] ... found polling page loop exception at pc = 0x0000012d12e96de0, stub =0x0000012d12894d80
[2025-06-17T23:19:15.119+0300][13852][19988][debug][safepoint] ... found polling page loop exception at pc = 0x0000012d12efb8a0, stub =0x0000012d12895600
[2025-06-17T23:19:15.119+0300][13852][2928 ][debug][gc,heap  ] GC(89) Heap before GC invocations=90 (full 3):
[2025-06-17T23:19:15.119+0300][13852][2928 ][debug][gc,heap  ] GC(89)  PSYoungGen      total 697856K, used 697376K [0x00000000d5580000, 0x0000000100000000, 0x0000000100000000)
[2025-06-17T23:19:15.119+0300][13852][2928 ][debug][gc,heap  ] GC(89)   eden space 696832K, 100% used [0x00000000d5580000,0x00000000ffe00000,0x00000000ffe00000)
[2025-06-17T23:19:15.119+0300][13852][2928 ][debug][gc,heap  ] GC(89)   from space 1024K, 53% used [0x00000000fff00000,0x00000000fff880e0,0x0000000100000000)
[2025-06-17T23:19:15.119+0300][13852][2928 ][debug][gc,heap  ] GC(89)   to   space 1024K, 0% used [0x00000000ffe00000,0x00000000ffe00000,0x00000000fff00000)
[2025-06-17T23:19:15.119+0300][13852][2928 ][debug][gc,heap  ] GC(89)  ParOldGen       total 1398272K, used 16944K [0x0000000080000000, 0x00000000d5580000, 0x00000000d5580000)
[2025-06-17T23:19:15.119+0300][13852][2928 ][debug][gc,heap  ] GC(89)   object space 1398272K, 1% used [0x0000000080000000,0x000000008108c178,0x00000000d5580000)
[2025-06-17T23:19:15.119+0300][13852][2928 ][debug][gc,heap  ] GC(89)  Metaspace       used 8732K, committed 9792K, reserved 1114112K
[2025-06-17T23:19:15.119+0300][13852][2928 ][debug][gc,heap  ] GC(89)   class space    used 873K, committed 1280K, reserved 1048576K
[2025-06-17T23:19:15.119+0300][13852][2928 ][debug][gc,phases] GC(89) Scavenge 0.389ms
[2025-06-17T23:19:15.119+0300][13852][2928 ][debug][gc,phases] GC(89) Reference Processing 0.047ms
[2025-06-17T23:19:15.119+0300][13852][2928 ][debug][gc,phases] GC(89)   VM Weak                        Min:  0.0, Avg:  0.0, Max:  0.0, Diff:  0.0, Sum:  0.0, Workers: 8
[2025-06-17T23:19:15.119+0300][13852][2928 ][debug][gc,phases] GC(89)     Dead                           Min: 0, Avg:  0.0, Max: 0, Diff: 0, Sum: 0, Workers: 8
[2025-06-17T23:19:15.119+0300][13852][2928 ][debug][gc,phases] GC(89)     Total                          Min: 0, Avg: 15.4, Max: 94, Diff: 94, Sum: 123, Workers: 8
[2025-06-17T23:19:15.119+0300][13852][2928 ][debug][gc,phases] GC(89)   ObjectSynchronizer Weak        Min:  0.0, Avg:  0.0, Max:  0.0, Diff:  0.0, Sum:  0.0, Workers: 8
[2025-06-17T23:19:15.119+0300][13852][2928 ][debug][gc,phases] GC(89)     Dead                           Min: 0, Avg:  0.0, Max: 0, Diff: 0, Sum: 0, Workers: 8
[2025-06-17T23:19:15.119+0300][13852][2928 ][debug][gc,phases] GC(89)     Total                          Min: 0, Avg: 16.2, Max: 66, Diff: 66, Sum: 130, Workers: 8
[2025-06-17T23:19:15.119+0300][13852][2928 ][debug][gc,phases] GC(89)   JVMTI Tag Weak OopStorage      Min:  0.0, Avg:  0.0, Max:  0.0, Diff:  0.0, Sum:  0.0, Workers: 8
[2025-06-17T23:19:15.119+0300][13852][2928 ][debug][gc,phases] GC(89)     Dead                           Min: 0, Avg:  0.0, Max: 0, Diff: 0, Sum: 0, Workers: 8
[2025-06-17T23:19:15.119+0300][13852][2928 ][debug][gc,phases] GC(89)     Total                          Min: 0, Avg:  0.0, Max: 0, Diff: 0, Sum: 0, Workers: 8
[2025-06-17T23:19:15.119+0300][13852][2928 ][debug][gc,phases] GC(89)   StringTable Weak               Min:  0.0, Avg:  0.0, Max:  0.0, Diff:  0.0, Sum:  0.1, Workers: 8
[2025-06-17T23:19:15.119+0300][13852][2928 ][debug][gc,phases] GC(89)     Dead                           Min: 0, Avg:  0.0, Max: 0, Diff: 0, Sum: 0, Workers: 8
[2025-06-17T23:19:15.119+0300][13852][2928 ][debug][gc,phases] GC(89)     Total                          Min: 640, Avg: 785.1, Max: 960, Diff: 320, Sum: 6281, Workers: 8
[2025-06-17T23:19:15.119+0300][13852][2928 ][debug][gc,phases] GC(89)   ResolvedMethodTable Weak       Min:  0.0, Avg:  0.0, Max:  0.0, Diff:  0.0, Sum:  0.0, Workers: 8
[2025-06-17T23:19:15.119+0300][13852][2928 ][debug][gc,phases] GC(89)     Dead                           Min: 0, Avg:  0.0, Max: 0, Diff: 0, Sum: 0, Workers: 8
[2025-06-17T23:19:15.119+0300][13852][2928 ][debug][gc,phases] GC(89)     Total                          Min: 61, Avg: 110.4, Max: 190, Diff: 129, Sum: 883, Workers: 8
[2025-06-17T23:19:15.119+0300][13852][2928 ][debug][gc,phases] GC(89)   JNI Weak                       Min:  0.0, Avg:  0.0, Max:  0.0, Diff:  0.0, Sum:  0.0, Workers: 8
[2025-06-17T23:19:15.119+0300][13852][2928 ][debug][gc,phases] GC(89)     Dead                           Min: 0, Avg:  0.0, Max: 0, Diff: 0, Sum: 0, Workers: 8
[2025-06-17T23:19:15.119+0300][13852][2928 ][debug][gc,phases] GC(89)     Total                          Min: 0, Avg:  0.0, Max: 0, Diff: 0, Sum: 0, Workers: 8
[2025-06-17T23:19:15.119+0300][13852][2928 ][debug][gc,phases] GC(89)   StringDedup Table Weak         Min:  0.0, Avg:  0.0, Max:  0.0, Diff:  0.0, Sum:  0.0, Workers: 8
[2025-06-17T23:19:15.119+0300][13852][2928 ][debug][gc,phases] GC(89)     Dead                           Min: 0, Avg:  0.0, Max: 0, Diff: 0, Sum: 0, Workers: 8
[2025-06-17T23:19:15.119+0300][13852][2928 ][debug][gc,phases] GC(89)     Total                          Min: 0, Avg:  0.0, Max: 0, Diff: 0, Sum: 0, Workers: 8
[2025-06-17T23:19:15.119+0300][13852][2928 ][debug][gc,phases] GC(89)   StringDedup Requests0 Weak     Min:  0.0, Avg:  0.0, Max:  0.0, Diff:  0.0, Sum:  0.0, Workers: 8
[2025-06-17T23:19:15.119+0300][13852][2928 ][debug][gc,phases] GC(89)     Dead                           Min: 0, Avg:  0.0, Max: 0, Diff: 0, Sum: 0, Workers: 8
[2025-06-17T23:19:15.119+0300][13852][2928 ][debug][gc,phases] GC(89)     Total                          Min: 0, Avg:  0.0, Max: 0, Diff: 0, Sum: 0, Workers: 8
[2025-06-17T23:19:15.119+0300][13852][2928 ][debug][gc,phases] GC(89)   StringDedup Requests1 Weak     Min:  0.0, Avg:  0.0, Max:  0.0, Diff:  0.0, Sum:  0.0, Workers: 8
[2025-06-17T23:19:15.119+0300][13852][2928 ][debug][gc,phases] GC(89)     Dead                           Min: 0, Avg:  0.0, Max: 0, Diff: 0, Sum: 0, Workers: 8
[2025-06-17T23:19:15.119+0300][13852][2928 ][debug][gc,phases] GC(89)     Total                          Min: 0, Avg:  0.0, Max: 0, Diff: 0, Sum: 0, Workers: 8
[2025-06-17T23:19:15.119+0300][13852][2928 ][debug][gc,phases] GC(89)   Weak JFR Old Object Samples    Min:  0.0, Avg:  0.0, Max:  0.0, Diff:  0.0, Sum:  0.0, Workers: 8
[2025-06-17T23:19:15.119+0300][13852][2928 ][debug][gc,phases] GC(89)     Dead                           Min: 0, Avg:  0.0, Max: 0, Diff: 0, Sum: 0, Workers: 8
[2025-06-17T23:19:15.119+0300][13852][2928 ][debug][gc,phases] GC(89)     Total                          Min: 0, Avg:  0.0, Max: 0, Diff: 0, Sum: 0, Workers: 8
[2025-06-17T23:19:15.119+0300][13852][2928 ][debug][gc,phases] GC(89) Weak Processing 0.604ms
[2025-06-17T23:19:15.119+0300][13852][2928 ][info ][gc,heap  ] GC(89) PSYoungGen: 697376K(697856K)->560K(697856K) Eden: 696832K(696832K)->0K(696832K) From: 544K(1024K)->560K(1024K)
[2025-06-17T23:19:15.119+0300][13852][2928 ][info ][gc,heap  ] GC(89) ParOldGen: 16944K(1398272K)->17008K(1398272K)
[2025-06-17T23:19:15.119+0300][13852][2928 ][info ][gc       ] GC(89) Pause Young (Allocation Failure) 697M->17M(2047M) 1.172ms
[2025-06-17T23:19:15.119+0300][13852][2928 ][debug][gc,heap  ] GC(89) Heap after GC invocations=90 (full 3):
[2025-06-17T23:19:15.119+0300][13852][2928 ][debug][gc,heap  ] GC(89)  PSYoungGen      total 697856K, used 560K [0x00000000d5580000, 0x0000000100000000, 0x0000000100000000)
[2025-06-17T23:19:15.119+0300][13852][2928 ][debug][gc,heap  ] GC(89)   eden space 696832K, 0% used [0x00000000d5580000,0x00000000d5580000,0x00000000ffe00000)
[2025-06-17T23:19:15.119+0300][13852][2928 ][debug][gc,heap  ] GC(89)   from space 1024K, 54% used [0x00000000ffe00000,0x00000000ffe8c0b0,0x00000000fff00000)
[2025-06-17T23:19:15.119+0300][13852][2928 ][debug][gc,heap  ] GC(89)   to   space 1024K, 0% used [0x00000000fff00000,0x00000000fff00000,0x0000000100000000)
[2025-06-17T23:19:15.119+0300][13852][2928 ][debug][gc,heap  ] GC(89)  ParOldGen       total 1398272K, used 17008K [0x0000000080000000, 0x00000000d5580000, 0x00000000d5580000)
[2025-06-17T23:19:15.119+0300][13852][2928 ][debug][gc,heap  ] GC(89)   object space 1398272K, 1% used [0x0000000080000000,0x000000008109c178,0x00000000d5580000)
[2025-06-17T23:19:15.119+0300][13852][2928 ][debug][gc,heap  ] GC(89)  Metaspace       used 8732K, committed 9792K, reserved 1114112K
[2025-06-17T23:19:15.119+0300][13852][2928 ][debug][gc,heap  ] GC(89)   class space    used 873K, committed 1280K, reserved 1048576K
[2025-06-17T23:19:15.119+0300][13852][2928 ][info ][safepoint] Safepoint "ParallelGCFailedAllocation", Time since last: 217546800 ns, Reaching safepoint: 278800 ns, Cleanup: 7700 ns, At safepoint: 1558700 ns, Total: 1845200 ns
[2025-06-17T23:19:15.340+0300][13852][2928 ][debug][safepoint] Safepoint synchronization initiated using striped semaphore wait barrier. (19 threads)
[2025-06-17T23:19:15.340+0300][13852][4040 ][debug][safepoint] ... found polling page loop exception at pc = 0x0000012d12e96de0, stub =0x0000012d12894d80
[2025-06-17T23:19:15.340+0300][13852][13120][debug][safepoint] ... found polling page loop exception at pc = 0x0000012d12e96de0, stub =0x0000012d12894d80
[2025-06-17T23:19:15.340+0300][13852][17164][debug][safepoint] ... found polling page loop exception at pc = 0x0000012d12e96de0, stub =0x0000012d12894d80
[2025-06-17T23:19:15.340+0300][13852][2928 ][debug][gc,heap  ] GC(90) Heap before GC invocations=91 (full 3):
[2025-06-17T23:19:15.340+0300][13852][2928 ][debug][gc,heap  ] GC(90)  PSYoungGen      total 697856K, used 697392K [0x00000000d5580000, 0x0000000100000000, 0x0000000100000000)
[2025-06-17T23:19:15.340+0300][13852][2928 ][debug][gc,heap  ] GC(90)   eden space 696832K, 100% used [0x00000000d5580000,0x00000000ffe00000,0x00000000ffe00000)
[2025-06-17T23:19:15.340+0300][13852][2928 ][debug][gc,heap  ] GC(90)   from space 1024K, 54% used [0x00000000ffe00000,0x00000000ffe8c0b0,0x00000000fff00000)
[2025-06-17T23:19:15.340+0300][13852][2928 ][debug][gc,heap  ] GC(90)   to   space 1024K, 0% used [0x00000000fff00000,0x00000000fff00000,0x0000000100000000)
[2025-06-17T23:19:15.340+0300][13852][2928 ][debug][gc,heap  ] GC(90)  ParOldGen       total 1398272K, used 17008K [0x0000000080000000, 0x00000000d5580000, 0x00000000d5580000)
[2025-06-17T23:19:15.340+0300][13852][2928 ][debug][gc,heap  ] GC(90)   object space 1398272K, 1% used [0x0000000080000000,0x000000008109c178,0x00000000d5580000)
[2025-06-17T23:19:15.340+0300][13852][2928 ][debug][gc,heap  ] GC(90)  Metaspace       used 8732K, committed 9792K, reserved 1114112K
[2025-06-17T23:19:15.340+0300][13852][2928 ][debug][gc,heap  ] GC(90)   class space    used 873K, committed 1280K, reserved 1048576K
[2025-06-17T23:19:15.340+0300][13852][2928 ][debug][gc,phases] GC(90) Scavenge 0.351ms
[2025-06-17T23:19:15.340+0300][13852][2928 ][debug][gc,phases] GC(90) Reference Processing 0.064ms
[2025-06-17T23:19:15.340+0300][13852][2928 ][debug][gc,phases] GC(90)   VM Weak                        Min:  0.0, Avg:  0.0, Max:  0.0, Diff:  0.0, Sum:  0.0, Workers: 8
[2025-06-17T23:19:15.340+0300][13852][2928 ][debug][gc,phases] GC(90)     Dead                           Min: 0, Avg:  0.0, Max: 0, Diff: 0, Sum: 0, Workers: 8
[2025-06-17T23:19:15.340+0300][13852][2928 ][debug][gc,phases] GC(90)     Total                          Min: 0, Avg: 15.4, Max: 92, Diff: 92, Sum: 123, Workers: 8
[2025-06-17T23:19:15.340+0300][13852][2928 ][debug][gc,phases] GC(90)   ObjectSynchronizer Weak        Min:  0.0, Avg:  0.0, Max:  0.0, Diff:  0.0, Sum:  0.0, Workers: 8
[2025-06-17T23:19:15.340+0300][13852][2928 ][debug][gc,phases] GC(90)     Dead                           Min: 0, Avg:  0.0, Max: 0, Diff: 0, Sum: 0, Workers: 8
[2025-06-17T23:19:15.340+0300][13852][2928 ][debug][gc,phases] GC(90)     Total                          Min: 0, Avg: 16.2, Max: 64, Diff: 64, Sum: 130, Workers: 8
[2025-06-17T23:19:15.340+0300][13852][2928 ][debug][gc,phases] GC(90)   JVMTI Tag Weak OopStorage      Min:  0.0, Avg:  0.0, Max:  0.0, Diff:  0.0, Sum:  0.0, Workers: 8
[2025-06-17T23:19:15.340+0300][13852][2928 ][debug][gc,phases] GC(90)     Dead                           Min: 0, Avg:  0.0, Max: 0, Diff: 0, Sum: 0, Workers: 8
[2025-06-17T23:19:15.340+0300][13852][2928 ][debug][gc,phases] GC(90)     Total                          Min: 0, Avg:  0.0, Max: 0, Diff: 0, Sum: 0, Workers: 8
[2025-06-17T23:19:15.340+0300][13852][2928 ][debug][gc,phases] GC(90)   StringTable Weak               Min:  0.0, Avg:  0.0, Max:  0.0, Diff:  0.0, Sum:  0.1, Workers: 8
[2025-06-17T23:19:15.340+0300][13852][2928 ][debug][gc,phases] GC(90)     Dead                           Min: 0, Avg:  0.0, Max: 0, Diff: 0, Sum: 0, Workers: 8
[2025-06-17T23:19:15.340+0300][13852][2928 ][debug][gc,phases] GC(90)     Total                          Min: 0, Avg: 785.1, Max: 905, Diff: 905, Sum: 6281, Workers: 8
[2025-06-17T23:19:15.340+0300][13852][2928 ][debug][gc,phases] GC(90)   ResolvedMethodTable Weak       Min:  0.0, Avg:  0.0, Max:  0.0, Diff:  0.0, Sum:  0.0, Workers: 8
[2025-06-17T23:19:15.340+0300][13852][2928 ][debug][gc,phases] GC(90)     Dead                           Min: 0, Avg:  0.0, Max: 0, Diff: 0, Sum: 0, Workers: 8
[2025-06-17T23:19:15.340+0300][13852][2928 ][debug][gc,phases] GC(90)     Total                          Min: 0, Avg: 110.4, Max: 190, Diff: 190, Sum: 883, Workers: 8
[2025-06-17T23:19:15.340+0300][13852][2928 ][debug][gc,phases] GC(90)   JNI Weak                       Min:  0.0, Avg:  0.0, Max:  0.0, Diff:  0.0, Sum:  0.0, Workers: 8
[2025-06-17T23:19:15.340+0300][13852][2928 ][debug][gc,phases] GC(90)     Dead                           Min: 0, Avg:  0.0, Max: 0, Diff: 0, Sum: 0, Workers: 8
[2025-06-17T23:19:15.340+0300][13852][2928 ][debug][gc,phases] GC(90)     Total                          Min: 0, Avg:  0.0, Max: 0, Diff: 0, Sum: 0, Workers: 8
[2025-06-17T23:19:15.340+0300][13852][2928 ][debug][gc,phases] GC(90)   StringDedup Table Weak         Min:  0.0, Avg:  0.0, Max:  0.0, Diff:  0.0, Sum:  0.0, Workers: 8
[2025-06-17T23:19:15.340+0300][13852][2928 ][debug][gc,phases] GC(90)     Dead                           Min: 0, Avg:  0.0, Max: 0, Diff: 0, Sum: 0, Workers: 8
[2025-06-17T23:19:15.340+0300][13852][2928 ][debug][gc,phases] GC(90)     Total                          Min: 0, Avg:  0.0, Max: 0, Diff: 0, Sum: 0, Workers: 8
[2025-06-17T23:19:15.340+0300][13852][2928 ][debug][gc,phases] GC(90)   StringDedup Requests0 Weak     Min:  0.0, Avg:  0.0, Max:  0.0, Diff:  0.0, Sum:  0.0, Workers: 8
[2025-06-17T23:19:15.340+0300][13852][2928 ][debug][gc,phases] GC(90)     Dead                           Min: 0, Avg:  0.0, Max: 0, Diff: 0, Sum: 0, Workers: 8
[2025-06-17T23:19:15.340+0300][13852][2928 ][debug][gc,phases] GC(90)     Total                          Min: 0, Avg:  0.0, Max: 0, Diff: 0, Sum: 0, Workers: 8
[2025-06-17T23:19:15.340+0300][13852][2928 ][debug][gc,phases] GC(90)   StringDedup Requests1 Weak     Min:  0.0, Avg:  0.0, Max:  0.0, Diff:  0.0, Sum:  0.0, Workers: 8
[2025-06-17T23:19:15.340+0300][13852][2928 ][debug][gc,phases] GC(90)     Dead                           Min: 0, Avg:  0.0, Max: 0, Diff: 0, Sum: 0, Workers: 8
[2025-06-17T23:19:15.340+0300][13852][2928 ][debug][gc,phases] GC(90)     Total                          Min: 0, Avg:  0.0, Max: 0, Diff: 0, Sum: 0, Workers: 8
[2025-06-17T23:19:15.340+0300][13852][2928 ][debug][gc,phases] GC(90)   Weak JFR Old Object Samples    Min:  0.0, Avg:  0.0, Max:  0.0, Diff:  0.0, Sum:  0.0, Workers: 8
[2025-06-17T23:19:15.340+0300][13852][2928 ][debug][gc,phases] GC(90)     Dead                           Min: 0, Avg:  0.0, Max: 0, Diff: 0, Sum: 0, Workers: 8
[2025-06-17T23:19:15.340+0300][13852][2928 ][debug][gc,phases] GC(90)     Total                          Min: 0, Avg:  0.0, Max: 0, Diff: 0, Sum: 0, Workers: 8
[2025-06-17T23:19:15.340+0300][13852][2928 ][debug][gc,phases] GC(90) Weak Processing 0.919ms
[2025-06-17T23:19:15.340+0300][13852][2928 ][info ][gc,heap  ] GC(90) PSYoungGen: 697392K(697856K)->512K(697856K) Eden: 696832K(696832K)->0K(696832K) From: 560K(1024K)->512K(1024K)
[2025-06-17T23:19:15.340+0300][13852][2928 ][info ][gc,heap  ] GC(90) ParOldGen: 17008K(1398272K)->17056K(1398272K)
[2025-06-17T23:19:15.340+0300][13852][2928 ][info ][gc       ] GC(90) Pause Young (Allocation Failure) 697M->17M(2047M) 1.522ms
[2025-06-17T23:19:15.340+0300][13852][2928 ][debug][gc,heap  ] GC(90) Heap after GC invocations=91 (full 3):
[2025-06-17T23:19:15.340+0300][13852][2928 ][debug][gc,heap  ] GC(90)  PSYoungGen      total 697856K, used 512K [0x00000000d5580000, 0x0000000100000000, 0x0000000100000000)
[2025-06-17T23:19:15.340+0300][13852][2928 ][debug][gc,heap  ] GC(90)   eden space 696832K, 0% used [0x00000000d5580000,0x00000000d5580000,0x00000000ffe00000)
[2025-06-17T23:19:15.340+0300][13852][2928 ][debug][gc,heap  ] GC(90)   from space 1024K, 50% used [0x00000000fff00000,0x00000000fff800e0,0x0000000100000000)
[2025-06-17T23:19:15.340+0300][13852][2928 ][debug][gc,heap  ] GC(90)   to   space 1024K, 0% used [0x00000000ffe00000,0x00000000ffe00000,0x00000000fff00000)
[2025-06-17T23:19:15.340+0300][13852][2928 ][debug][gc,heap  ] GC(90)  ParOldGen       total 1398272K, used 17056K [0x0000000080000000, 0x00000000d5580000, 0x00000000d5580000)
[2025-06-17T23:19:15.340+0300][13852][2928 ][debug][gc,heap  ] GC(90)   object space 1398272K, 1% used [0x0000000080000000,0x00000000810a8178,0x00000000d5580000)
[2025-06-17T23:19:15.340+0300][13852][2928 ][debug][gc,heap  ] GC(90)  Metaspace       used 8732K, committed 9792K, reserved 1114112K
[2025-06-17T23:19:15.340+0300][13852][2928 ][debug][gc,heap  ] GC(90)   class space    used 873K, committed 1280K, reserved 1048576K
[2025-06-17T23:19:15.340+0300][13852][2928 ][info ][safepoint] Safepoint "ParallelGCFailedAllocation", Time since last: 220108700 ns, Reaching safepoint: 263200 ns, Cleanup: 6900 ns, At safepoint: 2000400 ns, Total: 2270500 ns
[2025-06-17T23:19:15.552+0300][13852][2928 ][debug][safepoint] Safepoint synchronization initiated using striped semaphore wait barrier. (19 threads)
[2025-06-17T23:19:15.552+0300][13852][8464 ][debug][safepoint] ... found polling page loop exception at pc = 0x0000012d12e96de0, stub =0x0000012d12894d80
[2025-06-17T23:19:15.552+0300][13852][19988][debug][safepoint] ... found polling page loop exception at pc = 0x0000012d12e96de0, stub =0x0000012d12894d80
[2025-06-17T23:19:15.552+0300][13852][17164][debug][safepoint] ... found polling page loop exception at pc = 0x0000012d12e96de0, stub =0x0000012d12894d80
[2025-06-17T23:19:15.552+0300][13852][15764][debug][safepoint] ... found polling page loop exception at pc = 0x0000012d12efe703, stub =0x0000012d12895600
[2025-06-17T23:19:15.552+0300][13852][2928 ][debug][gc,heap  ] GC(91) Heap before GC invocations=92 (full 3):
[2025-06-17T23:19:15.552+0300][13852][2928 ][debug][gc,heap  ] GC(91)  PSYoungGen      total 697856K, used 697344K [0x00000000d5580000, 0x0000000100000000, 0x0000000100000000)
[2025-06-17T23:19:15.552+0300][13852][2928 ][debug][gc,heap  ] GC(91)   eden space 696832K, 100% used [0x00000000d5580000,0x00000000ffe00000,0x00000000ffe00000)
[2025-06-17T23:19:15.552+0300][13852][2928 ][debug][gc,heap  ] GC(91)   from space 1024K, 50% used [0x00000000fff00000,0x00000000fff800e0,0x0000000100000000)
[2025-06-17T23:19:15.552+0300][13852][2928 ][debug][gc,heap  ] GC(91)   to   space 1024K, 0% used [0x00000000ffe00000,0x00000000ffe00000,0x00000000fff00000)
[2025-06-17T23:19:15.552+0300][13852][2928 ][debug][gc,heap  ] GC(91)  ParOldGen       total 1398272K, used 17056K [0x0000000080000000, 0x00000000d5580000, 0x00000000d5580000)
[2025-06-17T23:19:15.552+0300][13852][2928 ][debug][gc,heap  ] GC(91)   object space 1398272K, 1% used [0x0000000080000000,0x00000000810a8178,0x00000000d5580000)
[2025-06-17T23:19:15.552+0300][13852][2928 ][debug][gc,heap  ] GC(91)  Metaspace       used 8732K, committed 9792K, reserved 1114112K
[2025-06-17T23:19:15.552+0300][13852][2928 ][debug][gc,heap  ] GC(91)   class space    used 873K, committed 1280K, reserved 1048576K
[2025-06-17T23:19:15.552+0300][13852][2928 ][debug][gc,phases] GC(91) Scavenge 0.319ms
[2025-06-17T23:19:15.552+0300][13852][2928 ][debug][gc,phases] GC(91) Reference Processing 0.067ms
[2025-06-17T23:19:15.552+0300][13852][2928 ][debug][gc,phases] GC(91)   VM Weak                        Min:  0.0, Avg:  0.0, Max:  0.0, Diff:  0.0, Sum:  0.0, Workers: 8
[2025-06-17T23:19:15.552+0300][13852][2928 ][debug][gc,phases] GC(91)     Dead                           Min: 0, Avg:  0.0, Max: 0, Diff: 0, Sum: 0, Workers: 8
[2025-06-17T23:19:15.553+0300][13852][2928 ][debug][gc,phases] GC(91)     Total                          Min: 0, Avg: 15.4, Max: 110, Diff: 110, Sum: 123, Workers: 8
[2025-06-17T23:19:15.553+0300][13852][2928 ][debug][gc,phases] GC(91)   ObjectSynchronizer Weak        Min:  0.0, Avg:  0.0, Max:  0.0, Diff:  0.0, Sum:  0.0, Workers: 8
[2025-06-17T23:19:15.553+0300][13852][2928 ][debug][gc,phases] GC(91)     Dead                           Min: 0, Avg:  0.0, Max: 0, Diff: 0, Sum: 0, Workers: 8
[2025-06-17T23:19:15.553+0300][13852][2928 ][debug][gc,phases] GC(91)     Total                          Min: 0, Avg: 16.2, Max: 66, Diff: 66, Sum: 130, Workers: 8
[2025-06-17T23:19:15.553+0300][13852][2928 ][debug][gc,phases] GC(91)   JVMTI Tag Weak OopStorage      Min:  0.0, Avg:  0.0, Max:  0.0, Diff:  0.0, Sum:  0.0, Workers: 8
[2025-06-17T23:19:15.553+0300][13852][2928 ][debug][gc,phases] GC(91)     Dead                           Min: 0, Avg:  0.0, Max: 0, Diff: 0, Sum: 0, Workers: 8
[2025-06-17T23:19:15.553+0300][13852][2928 ][debug][gc,phases] GC(91)     Total                          Min: 0, Avg:  0.0, Max: 0, Diff: 0, Sum: 0, Workers: 8
[2025-06-17T23:19:15.553+0300][13852][2928 ][debug][gc,phases] GC(91)   StringTable Weak               Min:  0.0, Avg:  0.0, Max:  0.0, Diff:  0.0, Sum:  0.1, Workers: 8
[2025-06-17T23:19:15.553+0300][13852][2928 ][debug][gc,phases] GC(91)     Dead                           Min: 0, Avg:  0.0, Max: 0, Diff: 0, Sum: 0, Workers: 8
[2025-06-17T23:19:15.553+0300][13852][2928 ][debug][gc,phases] GC(91)     Total                          Min: 0, Avg: 785.1, Max: 1024, Diff: 1024, Sum: 6281, Workers: 8
[2025-06-17T23:19:15.553+0300][13852][2928 ][debug][gc,phases] GC(91)   ResolvedMethodTable Weak       Min:  0.0, Avg:  0.0, Max:  0.0, Diff:  0.0, Sum:  0.0, Workers: 8
[2025-06-17T23:19:15.553+0300][13852][2928 ][debug][gc,phases] GC(91)     Dead                           Min: 0, Avg:  0.0, Max: 0, Diff: 0, Sum: 0, Workers: 8
[2025-06-17T23:19:15.553+0300][13852][2928 ][debug][gc,phases] GC(91)     Total                          Min: 0, Avg: 110.4, Max: 190, Diff: 190, Sum: 883, Workers: 8
[2025-06-17T23:19:15.553+0300][13852][2928 ][debug][gc,phases] GC(91)   JNI Weak                       Min:  0.0, Avg:  0.0, Max:  0.0, Diff:  0.0, Sum:  0.0, Workers: 8
[2025-06-17T23:19:15.553+0300][13852][2928 ][debug][gc,phases] GC(91)     Dead                           Min: 0, Avg:  0.0, Max: 0, Diff: 0, Sum: 0, Workers: 8
[2025-06-17T23:19:15.553+0300][13852][2928 ][debug][gc,phases] GC(91)     Total                          Min: 0, Avg:  0.0, Max: 0, Diff: 0, Sum: 0, Workers: 8
[2025-06-17T23:19:15.553+0300][13852][2928 ][debug][gc,phases] GC(91)   StringDedup Table Weak         Min:  0.0, Avg:  0.0, Max:  0.0, Diff:  0.0, Sum:  0.0, Workers: 8
[2025-06-17T23:19:15.553+0300][13852][2928 ][debug][gc,phases] GC(91)     Dead                           Min: 0, Avg:  0.0, Max: 0, Diff: 0, Sum: 0, Workers: 8
[2025-06-17T23:19:15.553+0300][13852][2928 ][debug][gc,phases] GC(91)     Total                          Min: 0, Avg:  0.0, Max: 0, Diff: 0, Sum: 0, Workers: 8
[2025-06-17T23:19:15.553+0300][13852][2928 ][debug][gc,phases] GC(91)   StringDedup Requests0 Weak     Min:  0.0, Avg:  0.0, Max:  0.0, Diff:  0.0, Sum:  0.0, Workers: 8
[2025-06-17T23:19:15.553+0300][13852][2928 ][debug][gc,phases] GC(91)     Dead                           Min: 0, Avg:  0.0, Max: 0, Diff: 0, Sum: 0, Workers: 8
[2025-06-17T23:19:15.553+0300][13852][2928 ][debug][gc,phases] GC(91)     Total                          Min: 0, Avg:  0.0, Max: 0, Diff: 0, Sum: 0, Workers: 8
[2025-06-17T23:19:15.553+0300][13852][2928 ][debug][gc,phases] GC(91)   StringDedup Requests1 Weak     Min:  0.0, Avg:  0.0, Max:  0.0, Diff:  0.0, Sum:  0.0, Workers: 8
[2025-06-17T23:19:15.553+0300][13852][2928 ][debug][gc,phases] GC(91)     Dead                           Min: 0, Avg:  0.0, Max: 0, Diff: 0, Sum: 0, Workers: 8
[2025-06-17T23:19:15.553+0300][13852][2928 ][debug][gc,phases] GC(91)     Total                          Min: 0, Avg:  0.0, Max: 0, Diff: 0, Sum: 0, Workers: 8
[2025-06-17T23:19:15.553+0300][13852][2928 ][debug][gc,phases] GC(91)   Weak JFR Old Object Samples    Min:  0.0, Avg:  0.0, Max:  0.0, Diff:  0.0, Sum:  0.0, Workers: 8
[2025-06-17T23:19:15.553+0300][13852][2928 ][debug][gc,phases] GC(91)     Dead                           Min: 0, Avg:  0.0, Max: 0, Diff: 0, Sum: 0, Workers: 8
[2025-06-17T23:19:15.553+0300][13852][2928 ][debug][gc,phases] GC(91)     Total                          Min: 0, Avg:  0.0, Max: 0, Diff: 0, Sum: 0, Workers: 8
[2025-06-17T23:19:15.553+0300][13852][2928 ][debug][gc,phases] GC(91) Weak Processing 0.884ms
[2025-06-17T23:19:15.553+0300][13852][2928 ][info ][gc,heap  ] GC(91) PSYoungGen: 697344K(697856K)->528K(697856K) Eden: 696832K(696832K)->0K(696832K) From: 512K(1024K)->528K(1024K)
[2025-06-17T23:19:15.553+0300][13852][2928 ][info ][gc,heap  ] GC(91) ParOldGen: 17056K(1398272K)->17120K(1398272K)
[2025-06-17T23:19:15.553+0300][13852][2928 ][info ][gc       ] GC(91) Pause Young (Allocation Failure) 697M->17M(2047M) 1.465ms
[2025-06-17T23:19:15.553+0300][13852][2928 ][debug][gc,heap  ] GC(91) Heap after GC invocations=92 (full 3):
[2025-06-17T23:19:15.553+0300][13852][2928 ][debug][gc,heap  ] GC(91)  PSYoungGen      total 697856K, used 528K [0x00000000d5580000, 0x0000000100000000, 0x0000000100000000)
[2025-06-17T23:19:15.553+0300][13852][2928 ][debug][gc,heap  ] GC(91)   eden space 696832K, 0% used [0x00000000d5580000,0x00000000d5580000,0x00000000ffe00000)
[2025-06-17T23:19:15.553+0300][13852][2928 ][debug][gc,heap  ] GC(91)   from space 1024K, 51% used [0x00000000ffe00000,0x00000000ffe840f0,0x00000000fff00000)
[2025-06-17T23:19:15.553+0300][13852][2928 ][debug][gc,heap  ] GC(91)   to   space 1024K, 0% used [0x00000000fff00000,0x00000000fff00000,0x0000000100000000)
[2025-06-17T23:19:15.553+0300][13852][2928 ][debug][gc,heap  ] GC(91)  ParOldGen       total 1398272K, used 17120K [0x0000000080000000, 0x00000000d5580000, 0x00000000d5580000)
[2025-06-17T23:19:15.553+0300][13852][2928 ][debug][gc,heap  ] GC(91)   object space 1398272K, 1% used [0x0000000080000000,0x00000000810b8178,0x00000000d5580000)
[2025-06-17T23:19:15.553+0300][13852][2928 ][debug][gc,heap  ] GC(91)  Metaspace       used 8732K, committed 9792K, reserved 1114112K
[2025-06-17T23:19:15.553+0300][13852][2928 ][debug][gc,heap  ] GC(91)   class space    used 873K, committed 1280K, reserved 1048576K
[2025-06-17T23:19:15.553+0300][13852][2928 ][info ][safepoint] Safepoint "ParallelGCFailedAllocation", Time since last: 208903900 ns, Reaching safepoint: 394500 ns, Cleanup: 6500 ns, At safepoint: 1968000 ns, Total: 2369000 ns
[2025-06-17T23:19:15.771+0300][13852][2928 ][debug][safepoint] Safepoint synchronization initiated using striped semaphore wait barrier. (19 threads)
[2025-06-17T23:19:15.771+0300][13852][15764][debug][safepoint] ... found polling page loop exception at pc = 0x0000012d12e96de0, stub =0x0000012d12894d80
[2025-06-17T23:19:15.771+0300][13852][19988][debug][safepoint] ... found polling page loop exception at pc = 0x0000012d12e96de0, stub =0x0000012d12894d80
[2025-06-17T23:19:15.771+0300][13852][2928 ][debug][gc,heap  ] GC(92) Heap before GC invocations=93 (full 3):
[2025-06-17T23:19:15.771+0300][13852][2928 ][debug][gc,heap  ] GC(92)  PSYoungGen      total 697856K, used 697360K [0x00000000d5580000, 0x0000000100000000, 0x0000000100000000)
[2025-06-17T23:19:15.771+0300][13852][2928 ][debug][gc,heap  ] GC(92)   eden space 696832K, 100% used [0x00000000d5580000,0x00000000ffe00000,0x00000000ffe00000)
[2025-06-17T23:19:15.771+0300][13852][2928 ][debug][gc,heap  ] GC(92)   from space 1024K, 51% used [0x00000000ffe00000,0x00000000ffe840f0,0x00000000fff00000)
[2025-06-17T23:19:15.771+0300][13852][2928 ][debug][gc,heap  ] GC(92)   to   space 1024K, 0% used [0x00000000fff00000,0x00000000fff00000,0x0000000100000000)
[2025-06-17T23:19:15.771+0300][13852][2928 ][debug][gc,heap  ] GC(92)  ParOldGen       total 1398272K, used 17120K [0x0000000080000000, 0x00000000d5580000, 0x00000000d5580000)
[2025-06-17T23:19:15.771+0300][13852][2928 ][debug][gc,heap  ] GC(92)   object space 1398272K, 1% used [0x0000000080000000,0x00000000810b8178,0x00000000d5580000)
[2025-06-17T23:19:15.771+0300][13852][2928 ][debug][gc,heap  ] GC(92)  Metaspace       used 8732K, committed 9792K, reserved 1114112K
[2025-06-17T23:19:15.771+0300][13852][2928 ][debug][gc,heap  ] GC(92)   class space    used 873K, committed 1280K, reserved 1048576K
[2025-06-17T23:19:15.771+0300][13852][2928 ][debug][gc,phases] GC(92) Scavenge 0.358ms
[2025-06-17T23:19:15.771+0300][13852][2928 ][debug][gc,phases] GC(92) Reference Processing 0.064ms
[2025-06-17T23:19:15.771+0300][13852][2928 ][debug][gc,phases] GC(92)   VM Weak                        Min:  0.0, Avg:  0.0, Max:  0.0, Diff:  0.0, Sum:  0.0, Workers: 8
[2025-06-17T23:19:15.771+0300][13852][2928 ][debug][gc,phases] GC(92)     Dead                           Min: 0, Avg:  0.0, Max: 0, Diff: 0, Sum: 0, Workers: 8
[2025-06-17T23:19:15.771+0300][13852][2928 ][debug][gc,phases] GC(92)     Total                          Min: 0, Avg: 15.4, Max: 85, Diff: 85, Sum: 123, Workers: 8
[2025-06-17T23:19:15.771+0300][13852][2928 ][debug][gc,phases] GC(92)   ObjectSynchronizer Weak        Min:  0.0, Avg:  0.0, Max:  0.0, Diff:  0.0, Sum:  0.0, Workers: 8
[2025-06-17T23:19:15.771+0300][13852][2928 ][debug][gc,phases] GC(92)     Dead                           Min: 0, Avg:  0.0, Max: 0, Diff: 0, Sum: 0, Workers: 8
[2025-06-17T23:19:15.771+0300][13852][2928 ][debug][gc,phases] GC(92)     Total                          Min: 0, Avg: 16.2, Max: 66, Diff: 66, Sum: 130, Workers: 8
[2025-06-17T23:19:15.771+0300][13852][2928 ][debug][gc,phases] GC(92)   JVMTI Tag Weak OopStorage      Min:  0.0, Avg:  0.0, Max:  0.0, Diff:  0.0, Sum:  0.0, Workers: 8
[2025-06-17T23:19:15.771+0300][13852][2928 ][debug][gc,phases] GC(92)     Dead                           Min: 0, Avg:  0.0, Max: 0, Diff: 0, Sum: 0, Workers: 8
[2025-06-17T23:19:15.771+0300][13852][2928 ][debug][gc,phases] GC(92)     Total                          Min: 0, Avg:  0.0, Max: 0, Diff: 0, Sum: 0, Workers: 8
[2025-06-17T23:19:15.771+0300][13852][2928 ][debug][gc,phases] GC(92)   StringTable Weak               Min:  0.0, Avg:  0.0, Max:  0.0, Diff:  0.0, Sum:  0.1, Workers: 8
[2025-06-17T23:19:15.771+0300][13852][2928 ][debug][gc,phases] GC(92)     Dead                           Min: 0, Avg:  0.0, Max: 0, Diff: 0, Sum: 0, Workers: 8
[2025-06-17T23:19:15.771+0300][13852][2928 ][debug][gc,phases] GC(92)     Total                          Min: 585, Avg: 785.1, Max: 1024, Diff: 439, Sum: 6281, Workers: 8
[2025-06-17T23:19:15.771+0300][13852][2928 ][debug][gc,phases] GC(92)   ResolvedMethodTable Weak       Min:  0.0, Avg:  0.0, Max:  0.0, Diff:  0.0, Sum:  0.0, Workers: 8
[2025-06-17T23:19:15.771+0300][13852][2928 ][debug][gc,phases] GC(92)     Dead                           Min: 0, Avg:  0.0, Max: 0, Diff: 0, Sum: 0, Workers: 8
[2025-06-17T23:19:15.771+0300][13852][2928 ][debug][gc,phases] GC(92)     Total                          Min: 0, Avg: 110.4, Max: 128, Diff: 128, Sum: 883, Workers: 8
[2025-06-17T23:19:15.771+0300][13852][2928 ][debug][gc,phases] GC(92)   JNI Weak                       Min:  0.0, Avg:  0.0, Max:  0.0, Diff:  0.0, Sum:  0.0, Workers: 8
[2025-06-17T23:19:15.771+0300][13852][2928 ][debug][gc,phases] GC(92)     Dead                           Min: 0, Avg:  0.0, Max: 0, Diff: 0, Sum: 0, Workers: 8
[2025-06-17T23:19:15.771+0300][13852][2928 ][debug][gc,phases] GC(92)     Total                          Min: 0, Avg:  0.0, Max: 0, Diff: 0, Sum: 0, Workers: 8
[2025-06-17T23:19:15.771+0300][13852][2928 ][debug][gc,phases] GC(92)   StringDedup Table Weak         Min:  0.0, Avg:  0.0, Max:  0.0, Diff:  0.0, Sum:  0.0, Workers: 8
[2025-06-17T23:19:15.771+0300][13852][2928 ][debug][gc,phases] GC(92)     Dead                           Min: 0, Avg:  0.0, Max: 0, Diff: 0, Sum: 0, Workers: 8
[2025-06-17T23:19:15.771+0300][13852][2928 ][debug][gc,phases] GC(92)     Total                          Min: 0, Avg:  0.0, Max: 0, Diff: 0, Sum: 0, Workers: 8
[2025-06-17T23:19:15.771+0300][13852][2928 ][debug][gc,phases] GC(92)   StringDedup Requests0 Weak     Min:  0.0, Avg:  0.0, Max:  0.0, Diff:  0.0, Sum:  0.0, Workers: 8
[2025-06-17T23:19:15.771+0300][13852][2928 ][debug][gc,phases] GC(92)     Dead                           Min: 0, Avg:  0.0, Max: 0, Diff: 0, Sum: 0, Workers: 8
[2025-06-17T23:19:15.771+0300][13852][2928 ][debug][gc,phases] GC(92)     Total                          Min: 0, Avg:  0.0, Max: 0, Diff: 0, Sum: 0, Workers: 8
[2025-06-17T23:19:15.771+0300][13852][2928 ][debug][gc,phases] GC(92)   StringDedup Requests1 Weak     Min:  0.0, Avg:  0.0, Max:  0.0, Diff:  0.0, Sum:  0.0, Workers: 8
[2025-06-17T23:19:15.771+0300][13852][2928 ][debug][gc,phases] GC(92)     Dead                           Min: 0, Avg:  0.0, Max: 0, Diff: 0, Sum: 0, Workers: 8
[2025-06-17T23:19:15.771+0300][13852][2928 ][debug][gc,phases] GC(92)     Total                          Min: 0, Avg:  0.0, Max: 0, Diff: 0, Sum: 0, Workers: 8
[2025-06-17T23:19:15.771+0300][13852][2928 ][debug][gc,phases] GC(92)   Weak JFR Old Object Samples    Min:  0.0, Avg:  0.0, Max:  0.0, Diff:  0.0, Sum:  0.0, Workers: 8
[2025-06-17T23:19:15.771+0300][13852][2928 ][debug][gc,phases] GC(92)     Dead                           Min: 0, Avg:  0.0, Max: 0, Diff: 0, Sum: 0, Workers: 8
[2025-06-17T23:19:15.771+0300][13852][2928 ][debug][gc,phases] GC(92)     Total                          Min: 0, Avg:  0.0, Max: 0, Diff: 0, Sum: 0, Workers: 8
[2025-06-17T23:19:15.771+0300][13852][2928 ][debug][gc,phases] GC(92) Weak Processing 0.592ms
[2025-06-17T23:19:15.771+0300][13852][2928 ][info ][gc,heap  ] GC(92) PSYoungGen: 697360K(697856K)->512K(697856K) Eden: 696832K(696832K)->0K(696832K) From: 528K(1024K)->512K(1024K)
[2025-06-17T23:19:15.771+0300][13852][2928 ][info ][gc,heap  ] GC(92) ParOldGen: 17120K(1398272K)->17184K(1398272K)
[2025-06-17T23:19:15.771+0300][13852][2928 ][info ][gc       ] GC(92) Pause Young (Allocation Failure) 697M->17M(2047M) 1.169ms
[2025-06-17T23:19:15.771+0300][13852][2928 ][debug][gc,heap  ] GC(92) Heap after GC invocations=93 (full 3):
[2025-06-17T23:19:15.771+0300][13852][2928 ][debug][gc,heap  ] GC(92)  PSYoungGen      total 697856K, used 512K [0x00000000d5580000, 0x0000000100000000, 0x0000000100000000)
[2025-06-17T23:19:15.771+0300][13852][2928 ][debug][gc,heap  ] GC(92)   eden space 696832K, 0% used [0x00000000d5580000,0x00000000d5580000,0x00000000ffe00000)
[2025-06-17T23:19:15.771+0300][13852][2928 ][debug][gc,heap  ] GC(92)   from space 1024K, 50% used [0x00000000fff00000,0x00000000fff800e0,0x0000000100000000)
[2025-06-17T23:19:15.771+0300][13852][2928 ][debug][gc,heap  ] GC(92)   to   space 1024K, 0% used [0x00000000ffe00000,0x00000000ffe00000,0x00000000fff00000)
[2025-06-17T23:19:15.771+0300][13852][2928 ][debug][gc,heap  ] GC(92)  ParOldGen       total 1398272K, used 17184K [0x0000000080000000, 0x00000000d5580000, 0x00000000d5580000)
[2025-06-17T23:19:15.771+0300][13852][2928 ][debug][gc,heap  ] GC(92)   object space 1398272K, 1% used [0x0000000080000000,0x00000000810c8178,0x00000000d5580000)
[2025-06-17T23:19:15.771+0300][13852][2928 ][debug][gc,heap  ] GC(92)  Metaspace       used 8732K, committed 9792K, reserved 1114112K
[2025-06-17T23:19:15.771+0300][13852][2928 ][debug][gc,heap  ] GC(92)   class space    used 873K, committed 1280K, reserved 1048576K
[2025-06-17T23:19:15.771+0300][13852][2928 ][info ][safepoint] Safepoint "ParallelGCFailedAllocation", Time since last: 218068000 ns, Reaching safepoint: 280700 ns, Cleanup: 22800 ns, At safepoint: 1575900 ns, Total: 1879400 ns
[2025-06-17T23:19:15.992+0300][13852][2928 ][debug][safepoint] Safepoint synchronization initiated using striped semaphore wait barrier. (19 threads)
[2025-06-17T23:19:15.992+0300][13852][17164][debug][safepoint] ... found polling page loop exception at pc = 0x0000012d12e96de0, stub =0x0000012d12894d80
[2025-06-17T23:19:15.992+0300][13852][11320][debug][safepoint] ... found polling page loop exception at pc = 0x0000012d12e96de0, stub =0x0000012d12894d80
[2025-06-17T23:19:15.992+0300][13852][15764][debug][safepoint] ... found polling page loop exception at pc = 0x0000012d12e96de0, stub =0x0000012d12894d80
[2025-06-17T23:19:15.992+0300][13852][2928 ][debug][gc,heap  ] GC(93) Heap before GC invocations=94 (full 3):
[2025-06-17T23:19:15.992+0300][13852][2928 ][debug][gc,heap  ] GC(93)  PSYoungGen      total 697856K, used 697344K [0x00000000d5580000, 0x0000000100000000, 0x0000000100000000)
[2025-06-17T23:19:15.992+0300][13852][2928 ][debug][gc,heap  ] GC(93)   eden space 696832K, 100% used [0x00000000d5580000,0x00000000ffe00000,0x00000000ffe00000)
[2025-06-17T23:19:15.992+0300][13852][2928 ][debug][gc,heap  ] GC(93)   from space 1024K, 50% used [0x00000000fff00000,0x00000000fff800e0,0x0000000100000000)
[2025-06-17T23:19:15.992+0300][13852][2928 ][debug][gc,heap  ] GC(93)   to   space 1024K, 0% used [0x00000000ffe00000,0x00000000ffe00000,0x00000000fff00000)
[2025-06-17T23:19:15.992+0300][13852][2928 ][debug][gc,heap  ] GC(93)  ParOldGen       total 1398272K, used 17184K [0x0000000080000000, 0x00000000d5580000, 0x00000000d5580000)
[2025-06-17T23:19:15.992+0300][13852][2928 ][debug][gc,heap  ] GC(93)   object space 1398272K, 1% used [0x0000000080000000,0x00000000810c8178,0x00000000d5580000)
[2025-06-17T23:19:15.992+0300][13852][2928 ][debug][gc,heap  ] GC(93)  Metaspace       used 8732K, committed 9792K, reserved 1114112K
[2025-06-17T23:19:15.992+0300][13852][2928 ][debug][gc,heap  ] GC(93)   class space    used 873K, committed 1280K, reserved 1048576K
[2025-06-17T23:19:15.992+0300][13852][2928 ][debug][gc,phases] GC(93) Scavenge 0.239ms
[2025-06-17T23:19:15.992+0300][13852][2928 ][debug][gc,phases] GC(93) Reference Processing 0.049ms
[2025-06-17T23:19:15.992+0300][13852][2928 ][debug][gc,phases] GC(93)   VM Weak                        Min:  0.0, Avg:  0.0, Max:  0.0, Diff:  0.0, Sum:  0.0, Workers: 8
[2025-06-17T23:19:15.992+0300][13852][2928 ][debug][gc,phases] GC(93)     Dead                           Min: 0, Avg:  0.0, Max: 0, Diff: 0, Sum: 0, Workers: 8
[2025-06-17T23:19:15.992+0300][13852][2928 ][debug][gc,phases] GC(93)     Total                          Min: 0, Avg: 15.4, Max: 97, Diff: 97, Sum: 123, Workers: 8
[2025-06-17T23:19:15.992+0300][13852][2928 ][debug][gc,phases] GC(93)   ObjectSynchronizer Weak        Min:  0.0, Avg:  0.0, Max:  0.0, Diff:  0.0, Sum:  0.0, Workers: 8
[2025-06-17T23:19:15.992+0300][13852][2928 ][debug][gc,phases] GC(93)     Dead                           Min: 0, Avg:  0.0, Max: 0, Diff: 0, Sum: 0, Workers: 8
[2025-06-17T23:19:15.992+0300][13852][2928 ][debug][gc,phases] GC(93)     Total                          Min: 0, Avg: 16.2, Max: 66, Diff: 66, Sum: 130, Workers: 8
[2025-06-17T23:19:15.992+0300][13852][2928 ][debug][gc,phases] GC(93)   JVMTI Tag Weak OopStorage      Min:  0.0, Avg:  0.0, Max:  0.0, Diff:  0.0, Sum:  0.0, Workers: 8
[2025-06-17T23:19:15.992+0300][13852][2928 ][debug][gc,phases] GC(93)     Dead                           Min: 0, Avg:  0.0, Max: 0, Diff: 0, Sum: 0, Workers: 8
[2025-06-17T23:19:15.992+0300][13852][2928 ][debug][gc,phases] GC(93)     Total                          Min: 0, Avg:  0.0, Max: 0, Diff: 0, Sum: 0, Workers: 8
[2025-06-17T23:19:15.992+0300][13852][2928 ][debug][gc,phases] GC(93)   StringTable Weak               Min:  0.0, Avg:  0.0, Max:  0.0, Diff:  0.0, Sum:  0.1, Workers: 8
[2025-06-17T23:19:15.992+0300][13852][2928 ][debug][gc,phases] GC(93)     Dead                           Min: 0, Avg:  0.0, Max: 0, Diff: 0, Sum: 0, Workers: 8
[2025-06-17T23:19:15.992+0300][13852][2928 ][debug][gc,phases] GC(93)     Total                          Min: 457, Avg: 785.1, Max: 1024, Diff: 567, Sum: 6281, Workers: 8
[2025-06-17T23:19:15.992+0300][13852][2928 ][debug][gc,phases] GC(93)   ResolvedMethodTable Weak       Min:  0.0, Avg:  0.0, Max:  0.0, Diff:  0.0, Sum:  0.0, Workers: 8
[2025-06-17T23:19:15.992+0300][13852][2928 ][debug][gc,phases] GC(93)     Dead                           Min: 0, Avg:  0.0, Max: 0, Diff: 0, Sum: 0, Workers: 8
[2025-06-17T23:19:15.992+0300][13852][2928 ][debug][gc,phases] GC(93)     Total                          Min: 59, Avg: 110.4, Max: 128, Diff: 69, Sum: 883, Workers: 8
[2025-06-17T23:19:15.992+0300][13852][2928 ][debug][gc,phases] GC(93)   JNI Weak                       Min:  0.0, Avg:  0.0, Max:  0.0, Diff:  0.0, Sum:  0.0, Workers: 8
[2025-06-17T23:19:15.992+0300][13852][2928 ][debug][gc,phases] GC(93)     Dead                           Min: 0, Avg:  0.0, Max: 0, Diff: 0, Sum: 0, Workers: 8
[2025-06-17T23:19:15.992+0300][13852][2928 ][debug][gc,phases] GC(93)     Total                          Min: 0, Avg:  0.0, Max: 0, Diff: 0, Sum: 0, Workers: 8
[2025-06-17T23:19:15.992+0300][13852][2928 ][debug][gc,phases] GC(93)   StringDedup Table Weak         Min:  0.0, Avg:  0.0, Max:  0.0, Diff:  0.0, Sum:  0.0, Workers: 8
[2025-06-17T23:19:15.992+0300][13852][2928 ][debug][gc,phases] GC(93)     Dead                           Min: 0, Avg:  0.0, Max: 0, Diff: 0, Sum: 0, Workers: 8
[2025-06-17T23:19:15.992+0300][13852][2928 ][debug][gc,phases] GC(93)     Total                          Min: 0, Avg:  0.0, Max: 0, Diff: 0, Sum: 0, Workers: 8
[2025-06-17T23:19:15.992+0300][13852][2928 ][debug][gc,phases] GC(93)   StringDedup Requests0 Weak     Min:  0.0, Avg:  0.0, Max:  0.0, Diff:  0.0, Sum:  0.0, Workers: 8
[2025-06-17T23:19:15.992+0300][13852][2928 ][debug][gc,phases] GC(93)     Dead                           Min: 0, Avg:  0.0, Max: 0, Diff: 0, Sum: 0, Workers: 8
[2025-06-17T23:19:15.992+0300][13852][2928 ][debug][gc,phases] GC(93)     Total                          Min: 0, Avg:  0.0, Max: 0, Diff: 0, Sum: 0, Workers: 8
[2025-06-17T23:19:15.992+0300][13852][2928 ][debug][gc,phases] GC(93)   StringDedup Requests1 Weak     Min:  0.0, Avg:  0.0, Max:  0.0, Diff:  0.0, Sum:  0.0, Workers: 8
[2025-06-17T23:19:15.992+0300][13852][2928 ][debug][gc,phases] GC(93)     Dead                           Min: 0, Avg:  0.0, Max: 0, Diff: 0, Sum: 0, Workers: 8
[2025-06-17T23:19:15.992+0300][13852][2928 ][debug][gc,phases] GC(93)     Total                          Min: 0, Avg:  0.0, Max: 0, Diff: 0, Sum: 0, Workers: 8
[2025-06-17T23:19:15.992+0300][13852][2928 ][debug][gc,phases] GC(93)   Weak JFR Old Object Samples    Min:  0.0, Avg:  0.0, Max:  0.0, Diff:  0.0, Sum:  0.0, Workers: 8
[2025-06-17T23:19:15.992+0300][13852][2928 ][debug][gc,phases] GC(93)     Dead                           Min: 0, Avg:  0.0, Max: 0, Diff: 0, Sum: 0, Workers: 8
[2025-06-17T23:19:15.992+0300][13852][2928 ][debug][gc,phases] GC(93)     Total                          Min: 0, Avg:  0.0, Max: 0, Diff: 0, Sum: 0, Workers: 8
[2025-06-17T23:19:15.992+0300][13852][2928 ][debug][gc,phases] GC(93) Weak Processing 0.602ms
[2025-06-17T23:19:15.992+0300][13852][2928 ][info ][gc,heap  ] GC(93) PSYoungGen: 697344K(697856K)->480K(697856K) Eden: 696832K(696832K)->0K(696832K) From: 512K(1024K)->480K(1024K)
[2025-06-17T23:19:15.992+0300][13852][2928 ][info ][gc,heap  ] GC(93) ParOldGen: 17184K(1398272K)->17248K(1398272K)
[2025-06-17T23:19:15.992+0300][13852][2928 ][info ][gc       ] GC(93) Pause Young (Allocation Failure) 697M->17M(2047M) 1.031ms
[2025-06-17T23:19:15.992+0300][13852][2928 ][debug][gc,heap  ] GC(93) Heap after GC invocations=94 (full 3):
[2025-06-17T23:19:15.992+0300][13852][2928 ][debug][gc,heap  ] GC(93)  PSYoungGen      total 697856K, used 480K [0x00000000d5580000, 0x0000000100000000, 0x0000000100000000)
[2025-06-17T23:19:15.992+0300][13852][2928 ][debug][gc,heap  ] GC(93)   eden space 696832K, 0% used [0x00000000d5580000,0x00000000d5580000,0x00000000ffe00000)
[2025-06-17T23:19:15.992+0300][13852][2928 ][debug][gc,heap  ] GC(93)   from space 1024K, 46% used [0x00000000ffe00000,0x00000000ffe780e0,0x00000000fff00000)
[2025-06-17T23:19:15.992+0300][13852][2928 ][debug][gc,heap  ] GC(93)   to   space 1024K, 0% used [0x00000000fff00000,0x00000000fff00000,0x0000000100000000)
[2025-06-17T23:19:15.992+0300][13852][2928 ][debug][gc,heap  ] GC(93)  ParOldGen       total 1398272K, used 17248K [0x0000000080000000, 0x00000000d5580000, 0x00000000d5580000)
[2025-06-17T23:19:15.992+0300][13852][2928 ][debug][gc,heap  ] GC(93)   object space 1398272K, 1% used [0x0000000080000000,0x00000000810d8178,0x00000000d5580000)
[2025-06-17T23:19:15.992+0300][13852][2928 ][debug][gc,heap  ] GC(93)  Metaspace       used 8732K, committed 9792K, reserved 1114112K
[2025-06-17T23:19:15.992+0300][13852][2928 ][debug][gc,heap  ] GC(93)   class space    used 873K, committed 1280K, reserved 1048576K
[2025-06-17T23:19:15.992+0300][13852][2928 ][info ][safepoint] Safepoint "ParallelGCFailedAllocation", Time since last: 218320700 ns, Reaching safepoint: 256600 ns, Cleanup: 8100 ns, At safepoint: 1488500 ns, Total: 1753200 ns
[2025-06-17T23:19:16.198+0300][13852][2928 ][debug][safepoint] Safepoint synchronization initiated using striped semaphore wait barrier. (19 threads)
[2025-06-17T23:19:16.198+0300][13852][8464 ][debug][safepoint] ... found polling page loop exception at pc = 0x0000012d12e96de0, stub =0x0000012d12894d80
[2025-06-17T23:19:16.198+0300][13852][13120][debug][safepoint] ... found polling page loop exception at pc = 0x0000012d12fafdfd, stub =0x0000012d12894d80
[2025-06-17T23:19:16.198+0300][13852][17164][debug][safepoint] ... found polling page loop exception at pc = 0x0000012d12e96de0, stub =0x0000012d12894d80
[2025-06-17T23:19:16.198+0300][13852][2928 ][debug][gc,heap  ] GC(94) Heap before GC invocations=95 (full 3):
[2025-06-17T23:19:16.198+0300][13852][2928 ][debug][gc,heap  ] GC(94)  PSYoungGen      total 697856K, used 697312K [0x00000000d5580000, 0x0000000100000000, 0x0000000100000000)
[2025-06-17T23:19:16.198+0300][13852][2928 ][debug][gc,heap  ] GC(94)   eden space 696832K, 100% used [0x00000000d5580000,0x00000000ffe00000,0x00000000ffe00000)
[2025-06-17T23:19:16.198+0300][13852][2928 ][debug][gc,heap  ] GC(94)   from space 1024K, 46% used [0x00000000ffe00000,0x00000000ffe780e0,0x00000000fff00000)
[2025-06-17T23:19:16.198+0300][13852][2928 ][debug][gc,heap  ] GC(94)   to   space 1024K, 0% used [0x00000000fff00000,0x00000000fff00000,0x0000000100000000)
[2025-06-17T23:19:16.198+0300][13852][2928 ][debug][gc,heap  ] GC(94)  ParOldGen       total 1398272K, used 17248K [0x0000000080000000, 0x00000000d5580000, 0x00000000d5580000)
[2025-06-17T23:19:16.198+0300][13852][2928 ][debug][gc,heap  ] GC(94)   object space 1398272K, 1% used [0x0000000080000000,0x00000000810d8178,0x00000000d5580000)
[2025-06-17T23:19:16.198+0300][13852][2928 ][debug][gc,heap  ] GC(94)  Metaspace       used 8732K, committed 9792K, reserved 1114112K
[2025-06-17T23:19:16.198+0300][13852][2928 ][debug][gc,heap  ] GC(94)   class space    used 873K, committed 1280K, reserved 1048576K
[2025-06-17T23:19:16.200+0300][13852][2928 ][debug][gc,phases] GC(94) Scavenge 0.253ms
[2025-06-17T23:19:16.200+0300][13852][2928 ][debug][gc,phases] GC(94) Reference Processing 0.051ms
[2025-06-17T23:19:16.200+0300][13852][2928 ][debug][gc,phases] GC(94)   VM Weak                        Min:  0.0, Avg:  0.0, Max:  0.0, Diff:  0.0, Sum:  0.0, Workers: 8
[2025-06-17T23:19:16.200+0300][13852][2928 ][debug][gc,phases] GC(94)     Dead                           Min: 0, Avg:  0.0, Max: 0, Diff: 0, Sum: 0, Workers: 8
[2025-06-17T23:19:16.200+0300][13852][2928 ][debug][gc,phases] GC(94)     Total                          Min: 0, Avg: 15.4, Max: 114, Diff: 114, Sum: 123, Workers: 8
[2025-06-17T23:19:16.200+0300][13852][2928 ][debug][gc,phases] GC(94)   ObjectSynchronizer Weak        Min:  0.0, Avg:  0.0, Max:  0.0, Diff:  0.0, Sum:  0.0, Workers: 8
[2025-06-17T23:19:16.200+0300][13852][2928 ][debug][gc,phases] GC(94)     Dead                           Min: 0, Avg:  0.0, Max: 0, Diff: 0, Sum: 0, Workers: 8
[2025-06-17T23:19:16.200+0300][13852][2928 ][debug][gc,phases] GC(94)     Total                          Min: 0, Avg: 16.2, Max: 66, Diff: 66, Sum: 130, Workers: 8
[2025-06-17T23:19:16.200+0300][13852][2928 ][debug][gc,phases] GC(94)   JVMTI Tag Weak OopStorage      Min:  0.0, Avg:  0.0, Max:  0.0, Diff:  0.0, Sum:  0.0, Workers: 8
[2025-06-17T23:19:16.200+0300][13852][2928 ][debug][gc,phases] GC(94)     Dead                           Min: 0, Avg:  0.0, Max: 0, Diff: 0, Sum: 0, Workers: 8
[2025-06-17T23:19:16.200+0300][13852][2928 ][debug][gc,phases] GC(94)     Total                          Min: 0, Avg:  0.0, Max: 0, Diff: 0, Sum: 0, Workers: 8
[2025-06-17T23:19:16.200+0300][13852][2928 ][debug][gc,phases] GC(94)   StringTable Weak               Min:  0.0, Avg:  0.0, Max:  0.0, Diff:  0.0, Sum:  0.1, Workers: 8
[2025-06-17T23:19:16.200+0300][13852][2928 ][debug][gc,phases] GC(94)     Dead                           Min: 0, Avg:  0.0, Max: 0, Diff: 0, Sum: 0, Workers: 8
[2025-06-17T23:19:16.200+0300][13852][2928 ][debug][gc,phases] GC(94)     Total                          Min: 640, Avg: 785.1, Max: 960, Diff: 320, Sum: 6281, Workers: 8
[2025-06-17T23:19:16.200+0300][13852][2928 ][debug][gc,phases] GC(94)   ResolvedMethodTable Weak       Min:  0.0, Avg:  0.0, Max:  0.0, Diff:  0.0, Sum:  0.0, Workers: 8
[2025-06-17T23:19:16.200+0300][13852][2928 ][debug][gc,phases] GC(94)     Dead                           Min: 0, Avg:  0.0, Max: 0, Diff: 0, Sum: 0, Workers: 8
[2025-06-17T23:19:16.200+0300][13852][2928 ][debug][gc,phases] GC(94)     Total                          Min: 59, Avg: 110.4, Max: 128, Diff: 69, Sum: 883, Workers: 8
[2025-06-17T23:19:16.200+0300][13852][2928 ][debug][gc,phases] GC(94)   JNI Weak                       Min:  0.0, Avg:  0.0, Max:  0.0, Diff:  0.0, Sum:  0.0, Workers: 8
[2025-06-17T23:19:16.200+0300][13852][2928 ][debug][gc,phases] GC(94)     Dead                           Min: 0, Avg:  0.0, Max: 0, Diff: 0, Sum: 0, Workers: 8
[2025-06-17T23:19:16.200+0300][13852][2928 ][debug][gc,phases] GC(94)     Total                          Min: 0, Avg:  0.0, Max: 0, Diff: 0, Sum: 0, Workers: 8
[2025-06-17T23:19:16.200+0300][13852][2928 ][debug][gc,phases] GC(94)   StringDedup Table Weak         Min:  0.0, Avg:  0.0, Max:  0.0, Diff:  0.0, Sum:  0.0, Workers: 8
[2025-06-17T23:19:16.200+0300][13852][2928 ][debug][gc,phases] GC(94)     Dead                           Min: 0, Avg:  0.0, Max: 0, Diff: 0, Sum: 0, Workers: 8
[2025-06-17T23:19:16.200+0300][13852][2928 ][debug][gc,phases] GC(94)     Total                          Min: 0, Avg:  0.0, Max: 0, Diff: 0, Sum: 0, Workers: 8
[2025-06-17T23:19:16.200+0300][13852][2928 ][debug][gc,phases] GC(94)   StringDedup Requests0 Weak     Min:  0.0, Avg:  0.0, Max:  0.0, Diff:  0.0, Sum:  0.0, Workers: 8
[2025-06-17T23:19:16.200+0300][13852][2928 ][debug][gc,phases] GC(94)     Dead                           Min: 0, Avg:  0.0, Max: 0, Diff: 0, Sum: 0, Workers: 8
[2025-06-17T23:19:16.200+0300][13852][2928 ][debug][gc,phases] GC(94)     Total                          Min: 0, Avg:  0.0, Max: 0, Diff: 0, Sum: 0, Workers: 8
[2025-06-17T23:19:16.200+0300][13852][2928 ][debug][gc,phases] GC(94)   StringDedup Requests1 Weak     Min:  0.0, Avg:  0.0, Max:  0.0, Diff:  0.0, Sum:  0.0, Workers: 8
[2025-06-17T23:19:16.200+0300][13852][2928 ][debug][gc,phases] GC(94)     Dead                           Min: 0, Avg:  0.0, Max: 0, Diff: 0, Sum: 0, Workers: 8
[2025-06-17T23:19:16.200+0300][13852][2928 ][debug][gc,phases] GC(94)     Total                          Min: 0, Avg:  0.0, Max: 0, Diff: 0, Sum: 0, Workers: 8
[2025-06-17T23:19:16.200+0300][13852][2928 ][debug][gc,phases] GC(94)   Weak JFR Old Object Samples    Min:  0.0, Avg:  0.0, Max:  0.0, Diff:  0.0, Sum:  0.0, Workers: 8
[2025-06-17T23:19:16.200+0300][13852][2928 ][debug][gc,phases] GC(94)     Dead                           Min: 0, Avg:  0.0, Max: 0, Diff: 0, Sum: 0, Workers: 8
[2025-06-17T23:19:16.200+0300][13852][2928 ][debug][gc,phases] GC(94)     Total                          Min: 0, Avg:  0.0, Max: 0, Diff: 0, Sum: 0, Workers: 8
[2025-06-17T23:19:16.200+0300][13852][2928 ][debug][gc,phases] GC(94) Weak Processing 0.585ms
[2025-06-17T23:19:16.200+0300][13852][2928 ][info ][gc,heap  ] GC(94) PSYoungGen: 697312K(697856K)->528K(697856K) Eden: 696832K(696832K)->0K(696832K) From: 480K(1024K)->528K(1024K)
[2025-06-17T23:19:16.200+0300][13852][2928 ][info ][gc,heap  ] GC(94) ParOldGen: 17248K(1398272K)->17320K(1398272K)
[2025-06-17T23:19:16.200+0300][13852][2928 ][info ][gc       ] GC(94) Pause Young (Allocation Failure) 697M->17M(2047M) 1.020ms
[2025-06-17T23:19:16.200+0300][13852][2928 ][debug][gc,heap  ] GC(94) Heap after GC invocations=95 (full 3):
[2025-06-17T23:19:16.200+0300][13852][2928 ][debug][gc,heap  ] GC(94)  PSYoungGen      total 697856K, used 528K [0x00000000d5580000, 0x0000000100000000, 0x0000000100000000)
[2025-06-17T23:19:16.200+0300][13852][2928 ][debug][gc,heap  ] GC(94)   eden space 696832K, 0% used [0x00000000d5580000,0x00000000d5580000,0x00000000ffe00000)
[2025-06-17T23:19:16.200+0300][13852][2928 ][debug][gc,heap  ] GC(94)   from space 1024K, 51% used [0x00000000fff00000,0x00000000fff840d0,0x0000000100000000)
[2025-06-17T23:19:16.200+0300][13852][2928 ][debug][gc,heap  ] GC(94)   to   space 1024K, 0% used [0x00000000ffe00000,0x00000000ffe00000,0x00000000fff00000)
[2025-06-17T23:19:16.200+0300][13852][2928 ][debug][gc,heap  ] GC(94)  ParOldGen       total 1398272K, used 17320K [0x0000000080000000, 0x00000000d5580000, 0x00000000d5580000)
[2025-06-17T23:19:16.200+0300][13852][2928 ][debug][gc,heap  ] GC(94)   object space 1398272K, 1% used [0x0000000080000000,0x00000000810ea178,0x00000000d5580000)
[2025-06-17T23:19:16.200+0300][13852][2928 ][debug][gc,heap  ] GC(94)  Metaspace       used 8732K, committed 9792K, reserved 1114112K
[2025-06-17T23:19:16.200+0300][13852][2928 ][debug][gc,heap  ] GC(94)   class space    used 873K, committed 1280K, reserved 1048576K
[2025-06-17T23:19:16.200+0300][13852][2928 ][info ][safepoint] Safepoint "ParallelGCFailedAllocation", Time since last: 205285400 ns, Reaching safepoint: 278500 ns, Cleanup: 5900 ns, At safepoint: 1402900 ns, Total: 1687300 ns
[2025-06-17T23:19:16.418+0300][13852][2928 ][debug][safepoint] Safepoint synchronization initiated using striped semaphore wait barrier. (19 threads)
[2025-06-17T23:19:16.418+0300][13852][8464 ][debug][safepoint] ... found polling page loop exception at pc = 0x0000012d12e96de0, stub =0x0000012d12894d80
[2025-06-17T23:19:16.418+0300][13852][19988][debug][safepoint] ... found polling page loop exception at pc = 0x0000012d1308122f, stub =0x0000012d12894d80
[2025-06-17T23:19:16.418+0300][13852][4040 ][debug][safepoint] ... found polling page loop exception at pc = 0x0000012d12e96de0, stub =0x0000012d12894d80
[2025-06-17T23:19:16.418+0300][13852][17164][debug][safepoint] ... found polling page loop exception at pc = 0x0000012d12f02756, stub =0x0000012d12895600
[2025-06-17T23:19:16.418+0300][13852][1608 ][debug][safepoint] ... found polling page loop exception at pc = 0x0000012d12e96de0, stub =0x0000012d12894d80
[2025-06-17T23:19:16.418+0300][13852][13120][debug][safepoint] ... found polling page loop exception at pc = 0x0000012d12e96de0, stub =0x0000012d12894d80
[2025-06-17T23:19:16.418+0300][13852][11320][debug][safepoint] ... found polling page loop exception at pc = 0x0000012d12e96de0, stub =0x0000012d12894d80
[2025-06-17T23:19:16.418+0300][13852][2928 ][debug][gc,heap  ] GC(95) Heap before GC invocations=96 (full 3):
[2025-06-17T23:19:16.418+0300][13852][2928 ][debug][gc,heap  ] GC(95)  PSYoungGen      total 697856K, used 697360K [0x00000000d5580000, 0x0000000100000000, 0x0000000100000000)
[2025-06-17T23:19:16.418+0300][13852][2928 ][debug][gc,heap  ] GC(95)   eden space 696832K, 100% used [0x00000000d5580000,0x00000000ffe00000,0x00000000ffe00000)
[2025-06-17T23:19:16.418+0300][13852][2928 ][debug][gc,heap  ] GC(95)   from space 1024K, 51% used [0x00000000fff00000,0x00000000fff840d0,0x0000000100000000)
[2025-06-17T23:19:16.418+0300][13852][2928 ][debug][gc,heap  ] GC(95)   to   space 1024K, 0% used [0x00000000ffe00000,0x00000000ffe00000,0x00000000fff00000)
[2025-06-17T23:19:16.418+0300][13852][2928 ][debug][gc,heap  ] GC(95)  ParOldGen       total 1398272K, used 17320K [0x0000000080000000, 0x00000000d5580000, 0x00000000d5580000)
[2025-06-17T23:19:16.418+0300][13852][2928 ][debug][gc,heap  ] GC(95)   object space 1398272K, 1% used [0x0000000080000000,0x00000000810ea178,0x00000000d5580000)
[2025-06-17T23:19:16.418+0300][13852][2928 ][debug][gc,heap  ] GC(95)  Metaspace       used 8732K, committed 9792K, reserved 1114112K
[2025-06-17T23:19:16.418+0300][13852][2928 ][debug][gc,heap  ] GC(95)   class space    used 873K, committed 1280K, reserved 1048576K
[2025-06-17T23:19:16.418+0300][13852][2928 ][debug][gc,phases] GC(95) Scavenge 0.238ms
[2025-06-17T23:19:16.418+0300][13852][2928 ][debug][gc,phases] GC(95) Reference Processing 0.051ms
[2025-06-17T23:19:16.418+0300][13852][2928 ][debug][gc,phases] GC(95)   VM Weak                        Min:  0.0, Avg:  0.0, Max:  0.0, Diff:  0.0, Sum:  0.0, Workers: 8
[2025-06-17T23:19:16.418+0300][13852][2928 ][debug][gc,phases] GC(95)     Dead                           Min: 0, Avg:  0.0, Max: 0, Diff: 0, Sum: 0, Workers: 8
[2025-06-17T23:19:16.418+0300][13852][2928 ][debug][gc,phases] GC(95)     Total                          Min: 0, Avg: 15.4, Max: 123, Diff: 123, Sum: 123, Workers: 8
[2025-06-17T23:19:16.418+0300][13852][2928 ][debug][gc,phases] GC(95)   ObjectSynchronizer Weak        Min:  0.0, Avg:  0.0, Max:  0.0, Diff:  0.0, Sum:  0.0, Workers: 8
[2025-06-17T23:19:16.418+0300][13852][2928 ][debug][gc,phases] GC(95)     Dead                           Min: 0, Avg:  0.0, Max: 0, Diff: 0, Sum: 0, Workers: 8
[2025-06-17T23:19:16.418+0300][13852][2928 ][debug][gc,phases] GC(95)     Total                          Min: 0, Avg: 16.2, Max: 64, Diff: 64, Sum: 130, Workers: 8
[2025-06-17T23:19:16.418+0300][13852][2928 ][debug][gc,phases] GC(95)   JVMTI Tag Weak OopStorage      Min:  0.0, Avg:  0.0, Max:  0.0, Diff:  0.0, Sum:  0.0, Workers: 8
[2025-06-17T23:19:16.418+0300][13852][2928 ][debug][gc,phases] GC(95)     Dead                           Min: 0, Avg:  0.0, Max: 0, Diff: 0, Sum: 0, Workers: 8
[2025-06-17T23:19:16.418+0300][13852][2928 ][debug][gc,phases] GC(95)     Total                          Min: 0, Avg:  0.0, Max: 0, Diff: 0, Sum: 0, Workers: 8
[2025-06-17T23:19:16.418+0300][13852][2928 ][debug][gc,phases] GC(95)   StringTable Weak               Min:  0.0, Avg:  0.0, Max:  0.0, Diff:  0.0, Sum:  0.1, Workers: 8
[2025-06-17T23:19:16.418+0300][13852][2928 ][debug][gc,phases] GC(95)     Dead                           Min: 0, Avg:  0.0, Max: 0, Diff: 0, Sum: 0, Workers: 8
[2025-06-17T23:19:16.418+0300][13852][2928 ][debug][gc,phases] GC(95)     Total                          Min: 649, Avg: 785.1, Max: 832, Diff: 183, Sum: 6281, Workers: 8
[2025-06-17T23:19:16.418+0300][13852][2928 ][debug][gc,phases] GC(95)   ResolvedMethodTable Weak       Min:  0.0, Avg:  0.0, Max:  0.0, Diff:  0.0, Sum:  0.0, Workers: 8
[2025-06-17T23:19:16.418+0300][13852][2928 ][debug][gc,phases] GC(95)     Dead                           Min: 0, Avg:  0.0, Max: 0, Diff: 0, Sum: 0, Workers: 8
[2025-06-17T23:19:16.418+0300][13852][2928 ][debug][gc,phases] GC(95)     Total                          Min: 61, Avg: 110.4, Max: 186, Diff: 125, Sum: 883, Workers: 8
[2025-06-17T23:19:16.418+0300][13852][2928 ][debug][gc,phases] GC(95)   JNI Weak                       Min:  0.0, Avg:  0.0, Max:  0.0, Diff:  0.0, Sum:  0.0, Workers: 8
[2025-06-17T23:19:16.418+0300][13852][2928 ][debug][gc,phases] GC(95)     Dead                           Min: 0, Avg:  0.0, Max: 0, Diff: 0, Sum: 0, Workers: 8
[2025-06-17T23:19:16.418+0300][13852][2928 ][debug][gc,phases] GC(95)     Total                          Min: 0, Avg:  0.0, Max: 0, Diff: 0, Sum: 0, Workers: 8
[2025-06-17T23:19:16.418+0300][13852][2928 ][debug][gc,phases] GC(95)   StringDedup Table Weak         Min:  0.0, Avg:  0.0, Max:  0.0, Diff:  0.0, Sum:  0.0, Workers: 8
[2025-06-17T23:19:16.418+0300][13852][2928 ][debug][gc,phases] GC(95)     Dead                           Min: 0, Avg:  0.0, Max: 0, Diff: 0, Sum: 0, Workers: 8
[2025-06-17T23:19:16.418+0300][13852][2928 ][debug][gc,phases] GC(95)     Total                          Min: 0, Avg:  0.0, Max: 0, Diff: 0, Sum: 0, Workers: 8
[2025-06-17T23:19:16.418+0300][13852][2928 ][debug][gc,phases] GC(95)   StringDedup Requests0 Weak     Min:  0.0, Avg:  0.0, Max:  0.0, Diff:  0.0, Sum:  0.0, Workers: 8
[2025-06-17T23:19:16.418+0300][13852][2928 ][debug][gc,phases] GC(95)     Dead                           Min: 0, Avg:  0.0, Max: 0, Diff: 0, Sum: 0, Workers: 8
[2025-06-17T23:19:16.418+0300][13852][2928 ][debug][gc,phases] GC(95)     Total                          Min: 0, Avg:  0.0, Max: 0, Diff: 0, Sum: 0, Workers: 8
[2025-06-17T23:19:16.418+0300][13852][2928 ][debug][gc,phases] GC(95)   StringDedup Requests1 Weak     Min:  0.0, Avg:  0.0, Max:  0.0, Diff:  0.0, Sum:  0.0, Workers: 8
[2025-06-17T23:19:16.418+0300][13852][2928 ][debug][gc,phases] GC(95)     Dead                           Min: 0, Avg:  0.0, Max: 0, Diff: 0, Sum: 0, Workers: 8
[2025-06-17T23:19:16.418+0300][13852][2928 ][debug][gc,phases] GC(95)     Total                          Min: 0, Avg:  0.0, Max: 0, Diff: 0, Sum: 0, Workers: 8
[2025-06-17T23:19:16.418+0300][13852][2928 ][debug][gc,phases] GC(95)   Weak JFR Old Object Samples    Min:  0.0, Avg:  0.0, Max:  0.0, Diff:  0.0, Sum:  0.0, Workers: 8
[2025-06-17T23:19:16.418+0300][13852][2928 ][debug][gc,phases] GC(95)     Dead                           Min: 0, Avg:  0.0, Max: 0, Diff: 0, Sum: 0, Workers: 8
[2025-06-17T23:19:16.418+0300][13852][2928 ][debug][gc,phases] GC(95)     Total                          Min: 0, Avg:  0.0, Max: 0, Diff: 0, Sum: 0, Workers: 8
[2025-06-17T23:19:16.418+0300][13852][2928 ][debug][gc,phases] GC(95) Weak Processing 0.607ms
[2025-06-17T23:19:16.418+0300][13852][2928 ][info ][gc,heap  ] GC(95) PSYoungGen: 697360K(697856K)->512K(697856K) Eden: 696832K(696832K)->0K(696832K) From: 528K(1024K)->512K(1024K)
[2025-06-17T23:19:16.418+0300][13852][2928 ][info ][gc,heap  ] GC(95) ParOldGen: 17320K(1398272K)->17384K(1398272K)
[2025-06-17T23:19:16.418+0300][13852][2928 ][info ][gc       ] GC(95) Pause Young (Allocation Failure) 697M->17M(2047M) 1.045ms
[2025-06-17T23:19:16.418+0300][13852][2928 ][debug][gc,heap  ] GC(95) Heap after GC invocations=96 (full 3):
[2025-06-17T23:19:16.418+0300][13852][2928 ][debug][gc,heap  ] GC(95)  PSYoungGen      total 697856K, used 512K [0x00000000d5580000, 0x0000000100000000, 0x0000000100000000)
[2025-06-17T23:19:16.418+0300][13852][2928 ][debug][gc,heap  ] GC(95)   eden space 696832K, 0% used [0x00000000d5580000,0x00000000d5580000,0x00000000ffe00000)
[2025-06-17T23:19:16.418+0300][13852][2928 ][debug][gc,heap  ] GC(95)   from space 1024K, 50% used [0x00000000ffe00000,0x00000000ffe80100,0x00000000fff00000)
[2025-06-17T23:19:16.418+0300][13852][2928 ][debug][gc,heap  ] GC(95)   to   space 1024K, 0% used [0x00000000fff00000,0x00000000fff00000,0x0000000100000000)
[2025-06-17T23:19:16.418+0300][13852][2928 ][debug][gc,heap  ] GC(95)  ParOldGen       total 1398272K, used 17384K [0x0000000080000000, 0x00000000d5580000, 0x00000000d5580000)
[2025-06-17T23:19:16.418+0300][13852][2928 ][debug][gc,heap  ] GC(95)   object space 1398272K, 1% used [0x0000000080000000,0x00000000810fa178,0x00000000d5580000)
[2025-06-17T23:19:16.418+0300][13852][2928 ][debug][gc,heap  ] GC(95)  Metaspace       used 8732K, committed 9792K, reserved 1114112K
[2025-06-17T23:19:16.418+0300][13852][2928 ][debug][gc,heap  ] GC(95)   class space    used 873K, committed 1280K, reserved 1048576K
[2025-06-17T23:19:16.418+0300][13852][2928 ][info ][safepoint] Safepoint "ParallelGCFailedAllocation", Time since last: 217522000 ns, Reaching safepoint: 394800 ns, Cleanup: 13900 ns, At safepoint: 1451400 ns, Total: 1860100 ns
[2025-06-17T23:19:16.635+0300][13852][2928 ][debug][safepoint] Safepoint synchronization initiated using striped semaphore wait barrier. (19 threads)
[2025-06-17T23:19:16.635+0300][13852][1608 ][debug][safepoint] ... found polling page loop exception at pc = 0x0000012d12e96de0, stub =0x0000012d12894d80
[2025-06-17T23:19:16.635+0300][13852][4040 ][debug][safepoint] ... found polling page loop exception at pc = 0x0000012d12e96de0, stub =0x0000012d12894d80
[2025-06-17T23:19:16.635+0300][13852][8464 ][debug][safepoint] ... found polling page loop exception at pc = 0x0000012d12e96de0, stub =0x0000012d12894d80
[2025-06-17T23:19:16.635+0300][13852][13120][debug][safepoint] ... found polling page loop exception at pc = 0x0000012d12e96de0, stub =0x0000012d12894d80
[2025-06-17T23:19:16.635+0300][13852][15764][debug][safepoint] ... found polling page loop exception at pc = 0x0000012d12e96de0, stub =0x0000012d12894d80
[2025-06-17T23:19:16.635+0300][13852][2928 ][debug][gc,heap  ] GC(96) Heap before GC invocations=97 (full 3):
[2025-06-17T23:19:16.635+0300][13852][2928 ][debug][gc,heap  ] GC(96)  PSYoungGen      total 697856K, used 697344K [0x00000000d5580000, 0x0000000100000000, 0x0000000100000000)
[2025-06-17T23:19:16.635+0300][13852][2928 ][debug][gc,heap  ] GC(96)   eden space 696832K, 100% used [0x00000000d5580000,0x00000000ffe00000,0x00000000ffe00000)
[2025-06-17T23:19:16.635+0300][13852][2928 ][debug][gc,heap  ] GC(96)   from space 1024K, 50% used [0x00000000ffe00000,0x00000000ffe80100,0x00000000fff00000)
[2025-06-17T23:19:16.635+0300][13852][2928 ][debug][gc,heap  ] GC(96)   to   space 1024K, 0% used [0x00000000fff00000,0x00000000fff00000,0x0000000100000000)
[2025-06-17T23:19:16.635+0300][13852][2928 ][debug][gc,heap  ] GC(96)  ParOldGen       total 1398272K, used 17384K [0x0000000080000000, 0x00000000d5580000, 0x00000000d5580000)
[2025-06-17T23:19:16.635+0300][13852][2928 ][debug][gc,heap  ] GC(96)   object space 1398272K, 1% used [0x0000000080000000,0x00000000810fa178,0x00000000d5580000)
[2025-06-17T23:19:16.635+0300][13852][2928 ][debug][gc,heap  ] GC(96)  Metaspace       used 8732K, committed 9792K, reserved 1114112K
[2025-06-17T23:19:16.635+0300][13852][2928 ][debug][gc,heap  ] GC(96)   class space    used 873K, committed 1280K, reserved 1048576K
[2025-06-17T23:19:16.635+0300][13852][2928 ][debug][gc,phases] GC(96) Scavenge 0.227ms
[2025-06-17T23:19:16.635+0300][13852][2928 ][debug][gc,phases] GC(96) Reference Processing 0.048ms
[2025-06-17T23:19:16.635+0300][13852][2928 ][debug][gc,phases] GC(96)   VM Weak                        Min:  0.0, Avg:  0.0, Max:  0.0, Diff:  0.0, Sum:  0.0, Workers: 8
[2025-06-17T23:19:16.635+0300][13852][2928 ][debug][gc,phases] GC(96)     Dead                           Min: 0, Avg:  0.0, Max: 0, Diff: 0, Sum: 0, Workers: 8
[2025-06-17T23:19:16.635+0300][13852][2928 ][debug][gc,phases] GC(96)     Total                          Min: 0, Avg: 15.4, Max: 123, Diff: 123, Sum: 123, Workers: 8
[2025-06-17T23:19:16.635+0300][13852][2928 ][debug][gc,phases] GC(96)   ObjectSynchronizer Weak        Min:  0.0, Avg:  0.0, Max:  0.0, Diff:  0.0, Sum:  0.0, Workers: 8
[2025-06-17T23:19:16.635+0300][13852][2928 ][debug][gc,phases] GC(96)     Dead                           Min: 0, Avg:  0.0, Max: 0, Diff: 0, Sum: 0, Workers: 8
[2025-06-17T23:19:16.635+0300][13852][2928 ][debug][gc,phases] GC(96)     Total                          Min: 0, Avg: 16.2, Max: 64, Diff: 64, Sum: 130, Workers: 8
[2025-06-17T23:19:16.635+0300][13852][2928 ][debug][gc,phases] GC(96)   JVMTI Tag Weak OopStorage      Min:  0.0, Avg:  0.0, Max:  0.0, Diff:  0.0, Sum:  0.0, Workers: 8
[2025-06-17T23:19:16.635+0300][13852][2928 ][debug][gc,phases] GC(96)     Dead                           Min: 0, Avg:  0.0, Max: 0, Diff: 0, Sum: 0, Workers: 8
[2025-06-17T23:19:16.635+0300][13852][2928 ][debug][gc,phases] GC(96)     Total                          Min: 0, Avg:  0.0, Max: 0, Diff: 0, Sum: 0, Workers: 8
[2025-06-17T23:19:16.635+0300][13852][2928 ][debug][gc,phases] GC(96)   StringTable Weak               Min:  0.0, Avg:  0.0, Max:  0.0, Diff:  0.0, Sum:  0.1, Workers: 8
[2025-06-17T23:19:16.635+0300][13852][2928 ][debug][gc,phases] GC(96)     Dead                           Min: 0, Avg:  0.0, Max: 0, Diff: 0, Sum: 0, Workers: 8
[2025-06-17T23:19:16.635+0300][13852][2928 ][debug][gc,phases] GC(96)     Total                          Min: 704, Avg: 785.2, Max: 896, Diff: 192, Sum: 6282, Workers: 8
[2025-06-17T23:19:16.635+0300][13852][2928 ][debug][gc,phases] GC(96)   ResolvedMethodTable Weak       Min:  0.0, Avg:  0.0, Max:  0.0, Diff:  0.0, Sum:  0.0, Workers: 8
[2025-06-17T23:19:16.635+0300][13852][2928 ][debug][gc,phases] GC(96)     Dead                           Min: 0, Avg:  0.0, Max: 0, Diff: 0, Sum: 0, Workers: 8
[2025-06-17T23:19:16.635+0300][13852][2928 ][debug][gc,phases] GC(96)     Total                          Min: 59, Avg: 110.4, Max: 128, Diff: 69, Sum: 883, Workers: 8
[2025-06-17T23:19:16.635+0300][13852][2928 ][debug][gc,phases] GC(96)   JNI Weak                       Min:  0.0, Avg:  0.0, Max:  0.0, Diff:  0.0, Sum:  0.0, Workers: 8
[2025-06-17T23:19:16.635+0300][13852][2928 ][debug][gc,phases] GC(96)     Dead                           Min: 0, Avg:  0.0, Max: 0, Diff: 0, Sum: 0, Workers: 8
[2025-06-17T23:19:16.635+0300][13852][2928 ][debug][gc,phases] GC(96)     Total                          Min: 0, Avg:  0.0, Max: 0, Diff: 0, Sum: 0, Workers: 8
[2025-06-17T23:19:16.635+0300][13852][2928 ][debug][gc,phases] GC(96)   StringDedup Table Weak         Min:  0.0, Avg:  0.0, Max:  0.0, Diff:  0.0, Sum:  0.0, Workers: 8
[2025-06-17T23:19:16.635+0300][13852][2928 ][debug][gc,phases] GC(96)     Dead                           Min: 0, Avg:  0.0, Max: 0, Diff: 0, Sum: 0, Workers: 8
[2025-06-17T23:19:16.635+0300][13852][2928 ][debug][gc,phases] GC(96)     Total                          Min: 0, Avg:  0.0, Max: 0, Diff: 0, Sum: 0, Workers: 8
[2025-06-17T23:19:16.635+0300][13852][2928 ][debug][gc,phases] GC(96)   StringDedup Requests0 Weak     Min:  0.0, Avg:  0.0, Max:  0.0, Diff:  0.0, Sum:  0.0, Workers: 8
[2025-06-17T23:19:16.635+0300][13852][2928 ][debug][gc,phases] GC(96)     Dead                           Min: 0, Avg:  0.0, Max: 0, Diff: 0, Sum: 0, Workers: 8
[2025-06-17T23:19:16.635+0300][13852][2928 ][debug][gc,phases] GC(96)     Total                          Min: 0, Avg:  0.0, Max: 0, Diff: 0, Sum: 0, Workers: 8
[2025-06-17T23:19:16.635+0300][13852][2928 ][debug][gc,phases] GC(96)   StringDedup Requests1 Weak     Min:  0.0, Avg:  0.0, Max:  0.0, Diff:  0.0, Sum:  0.0, Workers: 8
[2025-06-17T23:19:16.635+0300][13852][2928 ][debug][gc,phases] GC(96)     Dead                           Min: 0, Avg:  0.0, Max: 0, Diff: 0, Sum: 0, Workers: 8
[2025-06-17T23:19:16.635+0300][13852][2928 ][debug][gc,phases] GC(96)     Total                          Min: 0, Avg:  0.0, Max: 0, Diff: 0, Sum: 0, Workers: 8
[2025-06-17T23:19:16.635+0300][13852][2928 ][debug][gc,phases] GC(96)   Weak JFR Old Object Samples    Min:  0.0, Avg:  0.0, Max:  0.0, Diff:  0.0, Sum:  0.0, Workers: 8
[2025-06-17T23:19:16.635+0300][13852][2928 ][debug][gc,phases] GC(96)     Dead                           Min: 0, Avg:  0.0, Max: 0, Diff: 0, Sum: 0, Workers: 8
[2025-06-17T23:19:16.635+0300][13852][2928 ][debug][gc,phases] GC(96)     Total                          Min: 0, Avg:  0.0, Max: 0, Diff: 0, Sum: 0, Workers: 8
[2025-06-17T23:19:16.635+0300][13852][2928 ][debug][gc,phases] GC(96) Weak Processing 0.596ms
[2025-06-17T23:19:16.635+0300][13852][2928 ][info ][gc,heap  ] GC(96) PSYoungGen: 697344K(697856K)->512K(697856K) Eden: 696832K(696832K)->0K(696832K) From: 512K(1024K)->512K(1024K)
[2025-06-17T23:19:16.635+0300][13852][2928 ][info ][gc,heap  ] GC(96) ParOldGen: 17384K(1398272K)->17448K(1398272K)
[2025-06-17T23:19:16.635+0300][13852][2928 ][info ][gc       ] GC(96) Pause Young (Allocation Failure) 697M->17M(2047M) 0.999ms
[2025-06-17T23:19:16.635+0300][13852][2928 ][debug][gc,heap  ] GC(96) Heap after GC invocations=97 (full 3):
[2025-06-17T23:19:16.635+0300][13852][2928 ][debug][gc,heap  ] GC(96)  PSYoungGen      total 697856K, used 512K [0x00000000d5580000, 0x0000000100000000, 0x0000000100000000)
[2025-06-17T23:19:16.635+0300][13852][2928 ][debug][gc,heap  ] GC(96)   eden space 696832K, 0% used [0x00000000d5580000,0x00000000d5580000,0x00000000ffe00000)
[2025-06-17T23:19:16.635+0300][13852][2928 ][debug][gc,heap  ] GC(96)   from space 1024K, 50% used [0x00000000fff00000,0x00000000fff800e0,0x0000000100000000)
[2025-06-17T23:19:16.635+0300][13852][2928 ][debug][gc,heap  ] GC(96)   to   space 1024K, 0% used [0x00000000ffe00000,0x00000000ffe00000,0x00000000fff00000)
[2025-06-17T23:19:16.635+0300][13852][2928 ][debug][gc,heap  ] GC(96)  ParOldGen       total 1398272K, used 17448K [0x0000000080000000, 0x00000000d5580000, 0x00000000d5580000)
[2025-06-17T23:19:16.635+0300][13852][2928 ][debug][gc,heap  ] GC(96)   object space 1398272K, 1% used [0x0000000080000000,0x000000008110a178,0x00000000d5580000)
[2025-06-17T23:19:16.635+0300][13852][2928 ][debug][gc,heap  ] GC(96)  Metaspace       used 8732K, committed 9792K, reserved 1114112K
[2025-06-17T23:19:16.635+0300][13852][2928 ][debug][gc,heap  ] GC(96)   class space    used 873K, committed 1280K, reserved 1048576K
[2025-06-17T23:19:16.635+0300][13852][2928 ][info ][safepoint] Safepoint "ParallelGCFailedAllocation", Time since last: 215232700 ns, Reaching safepoint: 326300 ns, Cleanup: 6000 ns, At safepoint: 1388200 ns, Total: 1720500 ns
[2025-06-17T23:19:16.871+0300][13852][2928 ][debug][safepoint] Safepoint synchronization initiated using striped semaphore wait barrier. (19 threads)
[2025-06-17T23:19:16.871+0300][13852][11320][debug][safepoint] ... found polling page loop exception at pc = 0x0000012d12e96de0, stub =0x0000012d12894d80
[2025-06-17T23:19:16.871+0300][13852][15764][debug][safepoint] ... found polling page loop exception at pc = 0x0000012d12e96de0, stub =0x0000012d12894d80
[2025-06-17T23:19:16.871+0300][13852][19988][debug][safepoint] ... found polling page loop exception at pc = 0x0000012d12e96de0, stub =0x0000012d12894d80
[2025-06-17T23:19:16.871+0300][13852][2928 ][debug][gc,heap  ] GC(97) Heap before GC invocations=98 (full 3):
[2025-06-17T23:19:16.871+0300][13852][2928 ][debug][gc,heap  ] GC(97)  PSYoungGen      total 697856K, used 697344K [0x00000000d5580000, 0x0000000100000000, 0x0000000100000000)
[2025-06-17T23:19:16.871+0300][13852][2928 ][debug][gc,heap  ] GC(97)   eden space 696832K, 100% used [0x00000000d5580000,0x00000000ffe00000,0x00000000ffe00000)
[2025-06-17T23:19:16.871+0300][13852][2928 ][debug][gc,heap  ] GC(97)   from space 1024K, 50% used [0x00000000fff00000,0x00000000fff800e0,0x0000000100000000)
[2025-06-17T23:19:16.871+0300][13852][2928 ][debug][gc,heap  ] GC(97)   to   space 1024K, 0% used [0x00000000ffe00000,0x00000000ffe00000,0x00000000fff00000)
[2025-06-17T23:19:16.871+0300][13852][2928 ][debug][gc,heap  ] GC(97)  ParOldGen       total 1398272K, used 17448K [0x0000000080000000, 0x00000000d5580000, 0x00000000d5580000)
[2025-06-17T23:19:16.871+0300][13852][2928 ][debug][gc,heap  ] GC(97)   object space 1398272K, 1% used [0x0000000080000000,0x000000008110a178,0x00000000d5580000)
[2025-06-17T23:19:16.871+0300][13852][2928 ][debug][gc,heap  ] GC(97)  Metaspace       used 8732K, committed 9792K, reserved 1114112K
[2025-06-17T23:19:16.871+0300][13852][2928 ][debug][gc,heap  ] GC(97)   class space    used 873K, committed 1280K, reserved 1048576K
[2025-06-17T23:19:16.871+0300][13852][2928 ][debug][gc,phases] GC(97) Scavenge 0.290ms
[2025-06-17T23:19:16.871+0300][13852][2928 ][debug][gc,phases] GC(97) Reference Processing 0.063ms
[2025-06-17T23:19:16.871+0300][13852][2928 ][debug][gc,phases] GC(97)   VM Weak                        Min:  0.0, Avg:  0.0, Max:  0.0, Diff:  0.0, Sum:  0.0, Workers: 8
[2025-06-17T23:19:16.871+0300][13852][2928 ][debug][gc,phases] GC(97)     Dead                           Min: 0, Avg:  0.0, Max: 0, Diff: 0, Sum: 0, Workers: 8
[2025-06-17T23:19:16.871+0300][13852][2928 ][debug][gc,phases] GC(97)     Total                          Min: 0, Avg: 15.4, Max: 110, Diff: 110, Sum: 123, Workers: 8
[2025-06-17T23:19:16.871+0300][13852][2928 ][debug][gc,phases] GC(97)   ObjectSynchronizer Weak        Min:  0.0, Avg:  0.0, Max:  0.0, Diff:  0.0, Sum:  0.0, Workers: 8
[2025-06-17T23:19:16.871+0300][13852][2928 ][debug][gc,phases] GC(97)     Dead                           Min: 0, Avg:  0.0, Max: 0, Diff: 0, Sum: 0, Workers: 8
[2025-06-17T23:19:16.871+0300][13852][2928 ][debug][gc,phases] GC(97)     Total                          Min: 0, Avg: 16.2, Max: 66, Diff: 66, Sum: 130, Workers: 8
[2025-06-17T23:19:16.871+0300][13852][2928 ][debug][gc,phases] GC(97)   JVMTI Tag Weak OopStorage      Min:  0.0, Avg:  0.0, Max:  0.0, Diff:  0.0, Sum:  0.0, Workers: 8
[2025-06-17T23:19:16.871+0300][13852][2928 ][debug][gc,phases] GC(97)     Dead                           Min: 0, Avg:  0.0, Max: 0, Diff: 0, Sum: 0, Workers: 8
[2025-06-17T23:19:16.871+0300][13852][2928 ][debug][gc,phases] GC(97)     Total                          Min: 0, Avg:  0.0, Max: 0, Diff: 0, Sum: 0, Workers: 8
[2025-06-17T23:19:16.871+0300][13852][2928 ][debug][gc,phases] GC(97)   StringTable Weak               Min:  0.0, Avg:  0.0, Max:  0.0, Diff:  0.0, Sum:  0.1, Workers: 8
[2025-06-17T23:19:16.871+0300][13852][2928 ][debug][gc,phases] GC(97)     Dead                           Min: 0, Avg:  0.0, Max: 0, Diff: 0, Sum: 0, Workers: 8
[2025-06-17T23:19:16.871+0300][13852][2928 ][debug][gc,phases] GC(97)     Total                          Min: 0, Avg: 785.4, Max: 960, Diff: 960, Sum: 6283, Workers: 8
[2025-06-17T23:19:16.871+0300][13852][2928 ][debug][gc,phases] GC(97)   ResolvedMethodTable Weak       Min:  0.0, Avg:  0.0, Max:  0.0, Diff:  0.0, Sum:  0.0, Workers: 8
[2025-06-17T23:19:16.871+0300][13852][2928 ][debug][gc,phases] GC(97)     Dead                           Min: 0, Avg:  0.0, Max: 0, Diff: 0, Sum: 0, Workers: 8
[2025-06-17T23:19:16.871+0300][13852][2928 ][debug][gc,phases] GC(97)     Total                          Min: 0, Avg: 110.4, Max: 186, Diff: 186, Sum: 883, Workers: 8
[2025-06-17T23:19:16.871+0300][13852][2928 ][debug][gc,phases] GC(97)   JNI Weak                       Min:  0.0, Avg:  0.0, Max:  0.0, Diff:  0.0, Sum:  0.0, Workers: 8
[2025-06-17T23:19:16.871+0300][13852][2928 ][debug][gc,phases] GC(97)     Dead                           Min: 0, Avg:  0.0, Max: 0, Diff: 0, Sum: 0, Workers: 8
[2025-06-17T23:19:16.871+0300][13852][2928 ][debug][gc,phases] GC(97)     Total                          Min: 0, Avg:  0.1, Max: 1, Diff: 1, Sum: 1, Workers: 8
[2025-06-17T23:19:16.871+0300][13852][2928 ][debug][gc,phases] GC(97)   StringDedup Table Weak         Min:  0.0, Avg:  0.0, Max:  0.0, Diff:  0.0, Sum:  0.0, Workers: 8
[2025-06-17T23:19:16.871+0300][13852][2928 ][debug][gc,phases] GC(97)     Dead                           Min: 0, Avg:  0.0, Max: 0, Diff: 0, Sum: 0, Workers: 8
[2025-06-17T23:19:16.871+0300][13852][2928 ][debug][gc,phases] GC(97)     Total                          Min: 0, Avg:  0.0, Max: 0, Diff: 0, Sum: 0, Workers: 8
[2025-06-17T23:19:16.871+0300][13852][2928 ][debug][gc,phases] GC(97)   StringDedup Requests0 Weak     Min:  0.0, Avg:  0.0, Max:  0.0, Diff:  0.0, Sum:  0.0, Workers: 8
[2025-06-17T23:19:16.871+0300][13852][2928 ][debug][gc,phases] GC(97)     Dead                           Min: 0, Avg:  0.0, Max: 0, Diff: 0, Sum: 0, Workers: 8
[2025-06-17T23:19:16.871+0300][13852][2928 ][debug][gc,phases] GC(97)     Total                          Min: 0, Avg:  0.0, Max: 0, Diff: 0, Sum: 0, Workers: 8
[2025-06-17T23:19:16.871+0300][13852][2928 ][debug][gc,phases] GC(97)   StringDedup Requests1 Weak     Min:  0.0, Avg:  0.0, Max:  0.0, Diff:  0.0, Sum:  0.0, Workers: 8
[2025-06-17T23:19:16.871+0300][13852][2928 ][debug][gc,phases] GC(97)     Dead                           Min: 0, Avg:  0.0, Max: 0, Diff: 0, Sum: 0, Workers: 8
[2025-06-17T23:19:16.871+0300][13852][2928 ][debug][gc,phases] GC(97)     Total                          Min: 0, Avg:  0.0, Max: 0, Diff: 0, Sum: 0, Workers: 8
[2025-06-17T23:19:16.871+0300][13852][2928 ][debug][gc,phases] GC(97)   Weak JFR Old Object Samples    Min:  0.0, Avg:  0.0, Max:  0.0, Diff:  0.0, Sum:  0.0, Workers: 8
[2025-06-17T23:19:16.871+0300][13852][2928 ][debug][gc,phases] GC(97)     Dead                           Min: 0, Avg:  0.0, Max: 0, Diff: 0, Sum: 0, Workers: 8
[2025-06-17T23:19:16.871+0300][13852][2928 ][debug][gc,phases] GC(97)     Total                          Min: 0, Avg:  0.0, Max: 0, Diff: 0, Sum: 0, Workers: 8
[2025-06-17T23:19:16.871+0300][13852][2928 ][debug][gc,phases] GC(97) Weak Processing 0.853ms
[2025-06-17T23:19:16.871+0300][13852][2928 ][info ][gc,heap  ] GC(97) PSYoungGen: 697344K(697856K)->512K(697856K) Eden: 696832K(696832K)->0K(696832K) From: 512K(1024K)->512K(1024K)
[2025-06-17T23:19:16.871+0300][13852][2928 ][info ][gc,heap  ] GC(97) ParOldGen: 17448K(1398272K)->17504K(1398272K)
[2025-06-17T23:19:16.871+0300][13852][2928 ][info ][gc       ] GC(97) Pause Young (Allocation Failure) 698M->17M(2047M) 1.373ms
[2025-06-17T23:19:16.871+0300][13852][2928 ][debug][gc,heap  ] GC(97) Heap after GC invocations=98 (full 3):
[2025-06-17T23:19:16.871+0300][13852][2928 ][debug][gc,heap  ] GC(97)  PSYoungGen      total 697856K, used 512K [0x00000000d5580000, 0x0000000100000000, 0x0000000100000000)
[2025-06-17T23:19:16.871+0300][13852][2928 ][debug][gc,heap  ] GC(97)   eden space 696832K, 0% used [0x00000000d5580000,0x00000000d5580000,0x00000000ffe00000)
[2025-06-17T23:19:16.871+0300][13852][2928 ][debug][gc,heap  ] GC(97)   from space 1024K, 50% used [0x00000000ffe00000,0x00000000ffe800c0,0x00000000fff00000)
[2025-06-17T23:19:16.871+0300][13852][2928 ][debug][gc,heap  ] GC(97)   to   space 1024K, 0% used [0x00000000fff00000,0x00000000fff00000,0x0000000100000000)
[2025-06-17T23:19:16.871+0300][13852][2928 ][debug][gc,heap  ] GC(97)  ParOldGen       total 1398272K, used 17504K [0x0000000080000000, 0x00000000d5580000, 0x00000000d5580000)
[2025-06-17T23:19:16.871+0300][13852][2928 ][debug][gc,heap  ] GC(97)   object space 1398272K, 1% used [0x0000000080000000,0x0000000081118178,0x00000000d5580000)
[2025-06-17T23:19:16.871+0300][13852][2928 ][debug][gc,heap  ] GC(97)  Metaspace       used 8732K, committed 9792K, reserved 1114112K
[2025-06-17T23:19:16.871+0300][13852][2928 ][debug][gc,heap  ] GC(97)   class space    used 873K, committed 1280K, reserved 1048576K
[2025-06-17T23:19:16.871+0300][13852][2928 ][info ][safepoint] Safepoint "ParallelGCFailedAllocation", Time since last: 234012600 ns, Reaching safepoint: 259200 ns, Cleanup: 12900 ns, At safepoint: 1908300 ns, Total: 2180400 ns
[2025-06-17T23:19:17.092+0300][13852][2928 ][debug][safepoint] Safepoint synchronization initiated using striped semaphore wait barrier. (19 threads)
[2025-06-17T23:19:17.092+0300][13852][19988][debug][safepoint] ... found polling page loop exception at pc = 0x0000012d12e96de0, stub =0x0000012d12894d80
[2025-06-17T23:19:17.092+0300][13852][4040 ][debug][safepoint] ... found polling page loop exception at pc = 0x0000012d12e96de0, stub =0x0000012d12894d80
[2025-06-17T23:19:17.092+0300][13852][8464 ][debug][safepoint] ... found polling page loop exception at pc = 0x0000012d12ec8c6a, stub =0x0000012d12895600
[2025-06-17T23:19:17.092+0300][13852][2928 ][debug][gc,heap  ] GC(98) Heap before GC invocations=99 (full 3):
[2025-06-17T23:19:17.092+0300][13852][2928 ][debug][gc,heap  ] GC(98)  PSYoungGen      total 697856K, used 697344K [0x00000000d5580000, 0x0000000100000000, 0x0000000100000000)
[2025-06-17T23:19:17.092+0300][13852][2928 ][debug][gc,heap  ] GC(98)   eden space 696832K, 100% used [0x00000000d5580000,0x00000000ffe00000,0x00000000ffe00000)
[2025-06-17T23:19:17.092+0300][13852][2928 ][debug][gc,heap  ] GC(98)   from space 1024K, 50% used [0x00000000ffe00000,0x00000000ffe800c0,0x00000000fff00000)
[2025-06-17T23:19:17.092+0300][13852][2928 ][debug][gc,heap  ] GC(98)   to   space 1024K, 0% used [0x00000000fff00000,0x00000000fff00000,0x0000000100000000)
[2025-06-17T23:19:17.092+0300][13852][2928 ][debug][gc,heap  ] GC(98)  ParOldGen       total 1398272K, used 17504K [0x0000000080000000, 0x00000000d5580000, 0x00000000d5580000)
[2025-06-17T23:19:17.092+0300][13852][2928 ][debug][gc,heap  ] GC(98)   object space 1398272K, 1% used [0x0000000080000000,0x0000000081118178,0x00000000d5580000)
[2025-06-17T23:19:17.092+0300][13852][2928 ][debug][gc,heap  ] GC(98)  Metaspace       used 8732K, committed 9792K, reserved 1114112K
[2025-06-17T23:19:17.092+0300][13852][2928 ][debug][gc,heap  ] GC(98)   class space    used 873K, committed 1280K, reserved 1048576K
[2025-06-17T23:19:17.094+0300][13852][2928 ][debug][gc,phases] GC(98) Scavenge 0.440ms
[2025-06-17T23:19:17.094+0300][13852][2928 ][debug][gc,phases] GC(98) Reference Processing 0.067ms
[2025-06-17T23:19:17.094+0300][13852][2928 ][debug][gc,phases] GC(98)   VM Weak                        Min:  0.0, Avg:  0.0, Max:  0.0, Diff:  0.0, Sum:  0.0, Workers: 8
[2025-06-17T23:19:17.094+0300][13852][2928 ][debug][gc,phases] GC(98)     Dead                           Min: 0, Avg:  0.0, Max: 0, Diff: 0, Sum: 0, Workers: 8
[2025-06-17T23:19:17.094+0300][13852][2928 ][debug][gc,phases] GC(98)     Total                          Min: 0, Avg: 15.4, Max: 102, Diff: 102, Sum: 123, Workers: 8
[2025-06-17T23:19:17.094+0300][13852][2928 ][debug][gc,phases] GC(98)   ObjectSynchronizer Weak        Min:  0.0, Avg:  0.0, Max:  0.0, Diff:  0.0, Sum:  0.0, Workers: 8
[2025-06-17T23:19:17.094+0300][13852][2928 ][debug][gc,phases] GC(98)     Dead                           Min: 0, Avg:  0.0, Max: 0, Diff: 0, Sum: 0, Workers: 8
[2025-06-17T23:19:17.094+0300][13852][2928 ][debug][gc,phases] GC(98)     Total                          Min: 0, Avg: 16.2, Max: 64, Diff: 64, Sum: 130, Workers: 8
[2025-06-17T23:19:17.094+0300][13852][2928 ][debug][gc,phases] GC(98)   JVMTI Tag Weak OopStorage      Min:  0.0, Avg:  0.0, Max:  0.0, Diff:  0.0, Sum:  0.0, Workers: 8
[2025-06-17T23:19:17.094+0300][13852][2928 ][debug][gc,phases] GC(98)     Dead                           Min: 0, Avg:  0.0, Max: 0, Diff: 0, Sum: 0, Workers: 8
[2025-06-17T23:19:17.094+0300][13852][2928 ][debug][gc,phases] GC(98)     Total                          Min: 0, Avg:  0.0, Max: 0, Diff: 0, Sum: 0, Workers: 8
[2025-06-17T23:19:17.094+0300][13852][2928 ][debug][gc,phases] GC(98)   StringTable Weak               Min:  0.0, Avg:  0.0, Max:  0.0, Diff:  0.0, Sum:  0.1, Workers: 8
[2025-06-17T23:19:17.094+0300][13852][2928 ][debug][gc,phases] GC(98)     Dead                           Min: 0, Avg:  0.0, Max: 0, Diff: 0, Sum: 0, Workers: 8
[2025-06-17T23:19:17.094+0300][13852][2928 ][debug][gc,phases] GC(98)     Total                          Min: 0, Avg: 785.4, Max: 1216, Diff: 1216, Sum: 6283, Workers: 8
[2025-06-17T23:19:17.094+0300][13852][2928 ][debug][gc,phases] GC(98)   ResolvedMethodTable Weak       Min:  0.0, Avg:  0.0, Max:  0.0, Diff:  0.0, Sum:  0.0, Workers: 8
[2025-06-17T23:19:17.094+0300][13852][2928 ][debug][gc,phases] GC(98)     Dead                           Min: 0, Avg:  0.0, Max: 0, Diff: 0, Sum: 0, Workers: 8
[2025-06-17T23:19:17.094+0300][13852][2928 ][debug][gc,phases] GC(98)     Total                          Min: 0, Avg: 110.4, Max: 186, Diff: 186, Sum: 883, Workers: 8
[2025-06-17T23:19:17.094+0300][13852][2928 ][debug][gc,phases] GC(98)   JNI Weak                       Min:  0.0, Avg:  0.0, Max:  0.0, Diff:  0.0, Sum:  0.0, Workers: 8
[2025-06-17T23:19:17.094+0300][13852][2928 ][debug][gc,phases] GC(98)     Dead                           Min: 0, Avg:  0.0, Max: 0, Diff: 0, Sum: 0, Workers: 8
[2025-06-17T23:19:17.094+0300][13852][2928 ][debug][gc,phases] GC(98)     Total                          Min: 0, Avg:  0.0, Max: 0, Diff: 0, Sum: 0, Workers: 8
[2025-06-17T23:19:17.094+0300][13852][2928 ][debug][gc,phases] GC(98)   StringDedup Table Weak         Min:  0.0, Avg:  0.0, Max:  0.0, Diff:  0.0, Sum:  0.0, Workers: 8
[2025-06-17T23:19:17.094+0300][13852][2928 ][debug][gc,phases] GC(98)     Dead                           Min: 0, Avg:  0.0, Max: 0, Diff: 0, Sum: 0, Workers: 8
[2025-06-17T23:19:17.094+0300][13852][2928 ][debug][gc,phases] GC(98)     Total                          Min: 0, Avg:  0.0, Max: 0, Diff: 0, Sum: 0, Workers: 8
[2025-06-17T23:19:17.094+0300][13852][2928 ][debug][gc,phases] GC(98)   StringDedup Requests0 Weak     Min:  0.0, Avg:  0.0, Max:  0.0, Diff:  0.0, Sum:  0.0, Workers: 8
[2025-06-17T23:19:17.094+0300][13852][2928 ][debug][gc,phases] GC(98)     Dead                           Min: 0, Avg:  0.0, Max: 0, Diff: 0, Sum: 0, Workers: 8
[2025-06-17T23:19:17.094+0300][13852][2928 ][debug][gc,phases] GC(98)     Total                          Min: 0, Avg:  0.0, Max: 0, Diff: 0, Sum: 0, Workers: 8
[2025-06-17T23:19:17.094+0300][13852][2928 ][debug][gc,phases] GC(98)   StringDedup Requests1 Weak     Min:  0.0, Avg:  0.0, Max:  0.0, Diff:  0.0, Sum:  0.0, Workers: 8
[2025-06-17T23:19:17.094+0300][13852][2928 ][debug][gc,phases] GC(98)     Dead                           Min: 0, Avg:  0.0, Max: 0, Diff: 0, Sum: 0, Workers: 8
[2025-06-17T23:19:17.094+0300][13852][2928 ][debug][gc,phases] GC(98)     Total                          Min: 0, Avg:  0.0, Max: 0, Diff: 0, Sum: 0, Workers: 8
[2025-06-17T23:19:17.094+0300][13852][2928 ][debug][gc,phases] GC(98)   Weak JFR Old Object Samples    Min:  0.0, Avg:  0.0, Max:  0.0, Diff:  0.0, Sum:  0.0, Workers: 8
[2025-06-17T23:19:17.094+0300][13852][2928 ][debug][gc,phases] GC(98)     Dead                           Min: 0, Avg:  0.0, Max: 0, Diff: 0, Sum: 0, Workers: 8
[2025-06-17T23:19:17.094+0300][13852][2928 ][debug][gc,phases] GC(98)     Total                          Min: 0, Avg:  0.0, Max: 0, Diff: 0, Sum: 0, Workers: 8
[2025-06-17T23:19:17.094+0300][13852][2928 ][debug][gc,phases] GC(98) Weak Processing 0.809ms
[2025-06-17T23:19:17.094+0300][13852][2928 ][info ][gc,heap  ] GC(98) PSYoungGen: 697344K(697856K)->640K(697856K) Eden: 696832K(696832K)->0K(696832K) From: 512K(1024K)->640K(1024K)
[2025-06-17T23:19:17.094+0300][13852][2928 ][info ][gc,heap  ] GC(98) ParOldGen: 17504K(1398272K)->17568K(1398272K)
[2025-06-17T23:19:17.094+0300][13852][2928 ][info ][gc       ] GC(98) Pause Young (Allocation Failure) 698M->17M(2047M) 1.490ms
[2025-06-17T23:19:17.094+0300][13852][2928 ][debug][gc,heap  ] GC(98) Heap after GC invocations=99 (full 3):
[2025-06-17T23:19:17.094+0300][13852][2928 ][debug][gc,heap  ] GC(98)  PSYoungGen      total 697856K, used 640K [0x00000000d5580000, 0x0000000100000000, 0x0000000100000000)
[2025-06-17T23:19:17.094+0300][13852][2928 ][debug][gc,heap  ] GC(98)   eden space 696832K, 0% used [0x00000000d5580000,0x00000000d5580000,0x00000000ffe00000)
[2025-06-17T23:19:17.094+0300][13852][2928 ][debug][gc,heap  ] GC(98)   from space 1024K, 62% used [0x00000000fff00000,0x00000000fffa00a0,0x0000000100000000)
[2025-06-17T23:19:17.094+0300][13852][2928 ][debug][gc,heap  ] GC(98)   to   space 1024K, 0% used [0x00000000ffe00000,0x00000000ffe00000,0x00000000fff00000)
[2025-06-17T23:19:17.094+0300][13852][2928 ][debug][gc,heap  ] GC(98)  ParOldGen       total 1398272K, used 17568K [0x0000000080000000, 0x00000000d5580000, 0x00000000d5580000)
[2025-06-17T23:19:17.094+0300][13852][2928 ][debug][gc,heap  ] GC(98)   object space 1398272K, 1% used [0x0000000080000000,0x0000000081128178,0x00000000d5580000)
[2025-06-17T23:19:17.094+0300][13852][2928 ][debug][gc,heap  ] GC(98)  Metaspace       used 8732K, committed 9792K, reserved 1114112K
[2025-06-17T23:19:17.094+0300][13852][2928 ][debug][gc,heap  ] GC(98)   class space    used 873K, committed 1280K, reserved 1048576K
[2025-06-17T23:19:17.094+0300][13852][2928 ][info ][safepoint] Safepoint "ParallelGCFailedAllocation", Time since last: 219126500 ns, Reaching safepoint: 230000 ns, Cleanup: 15600 ns, At safepoint: 1980900 ns, Total: 2226500 ns
[2025-06-17T23:19:17.359+0300][13852][2928 ][debug][safepoint] Safepoint synchronization initiated using striped semaphore wait barrier. (19 threads)
[2025-06-17T23:19:17.359+0300][13852][1608 ][debug][safepoint] ... found polling page loop exception at pc = 0x0000012d12e96de0, stub =0x0000012d12894d80
[2025-06-17T23:19:17.359+0300][13852][11320][debug][safepoint] ... found polling page loop exception at pc = 0x0000012d12ee98af, stub =0x0000012d12894d80
[2025-06-17T23:19:17.359+0300][13852][8464 ][debug][safepoint] ... found polling page loop exception at pc = 0x0000012d12e96de0, stub =0x0000012d12894d80
[2025-06-17T23:19:17.359+0300][13852][2928 ][debug][gc,heap  ] GC(99) Heap before GC invocations=100 (full 3):
[2025-06-17T23:19:17.359+0300][13852][2928 ][debug][gc,heap  ] GC(99)  PSYoungGen      total 697856K, used 697472K [0x00000000d5580000, 0x0000000100000000, 0x0000000100000000)
[2025-06-17T23:19:17.359+0300][13852][2928 ][debug][gc,heap  ] GC(99)   eden space 696832K, 100% used [0x00000000d5580000,0x00000000ffe00000,0x00000000ffe00000)
[2025-06-17T23:19:17.359+0300][13852][2928 ][debug][gc,heap  ] GC(99)   from space 1024K, 62% used [0x00000000fff00000,0x00000000fffa00a0,0x0000000100000000)
[2025-06-17T23:19:17.359+0300][13852][2928 ][debug][gc,heap  ] GC(99)   to   space 1024K, 0% used [0x00000000ffe00000,0x00000000ffe00000,0x00000000fff00000)
[2025-06-17T23:19:17.359+0300][13852][2928 ][debug][gc,heap  ] GC(99)  ParOldGen       total 1398272K, used 17568K [0x0000000080000000, 0x00000000d5580000, 0x00000000d5580000)
[2025-06-17T23:19:17.359+0300][13852][2928 ][debug][gc,heap  ] GC(99)   object space 1398272K, 1% used [0x0000000080000000,0x0000000081128178,0x00000000d5580000)
[2025-06-17T23:19:17.359+0300][13852][2928 ][debug][gc,heap  ] GC(99)  Metaspace       used 8732K, committed 9792K, reserved 1114112K
[2025-06-17T23:19:17.359+0300][13852][2928 ][debug][gc,heap  ] GC(99)   class space    used 873K, committed 1280K, reserved 1048576K
[2025-06-17T23:19:17.359+0300][13852][2928 ][debug][gc,phases] GC(99) Scavenge 0.393ms
[2025-06-17T23:19:17.359+0300][13852][2928 ][debug][gc,phases] GC(99) Reference Processing 0.073ms
[2025-06-17T23:19:17.359+0300][13852][2928 ][debug][gc,phases] GC(99)   VM Weak                        Min:  0.0, Avg:  0.0, Max:  0.0, Diff:  0.0, Sum:  0.0, Workers: 8
[2025-06-17T23:19:17.359+0300][13852][2928 ][debug][gc,phases] GC(99)     Dead                           Min: 0, Avg:  0.0, Max: 0, Diff: 0, Sum: 0, Workers: 8
[2025-06-17T23:19:17.359+0300][13852][2928 ][debug][gc,phases] GC(99)     Total                          Min: 0, Avg: 15.4, Max: 73, Diff: 73, Sum: 123, Workers: 8
[2025-06-17T23:19:17.359+0300][13852][2928 ][debug][gc,phases] GC(99)   ObjectSynchronizer Weak        Min:  0.0, Avg:  0.0, Max:  0.0, Diff:  0.0, Sum:  0.0, Workers: 8
[2025-06-17T23:19:17.359+0300][13852][2928 ][debug][gc,phases] GC(99)     Dead                           Min: 0, Avg:  0.0, Max: 0, Diff: 0, Sum: 0, Workers: 8
[2025-06-17T23:19:17.359+0300][13852][2928 ][debug][gc,phases] GC(99)     Total                          Min: 0, Avg: 16.2, Max: 64, Diff: 64, Sum: 130, Workers: 8
[2025-06-17T23:19:17.359+0300][13852][2928 ][debug][gc,phases] GC(99)   JVMTI Tag Weak OopStorage      Min:  0.0, Avg:  0.0, Max:  0.0, Diff:  0.0, Sum:  0.0, Workers: 8
[2025-06-17T23:19:17.359+0300][13852][2928 ][debug][gc,phases] GC(99)     Dead                           Min: 0, Avg:  0.0, Max: 0, Diff: 0, Sum: 0, Workers: 8
[2025-06-17T23:19:17.359+0300][13852][2928 ][debug][gc,phases] GC(99)     Total                          Min: 0, Avg:  0.0, Max: 0, Diff: 0, Sum: 0, Workers: 8
[2025-06-17T23:19:17.359+0300][13852][2928 ][debug][gc,phases] GC(99)   StringTable Weak               Min:  0.0, Avg:  0.0, Max:  0.0, Diff:  0.0, Sum:  0.1, Workers: 8
[2025-06-17T23:19:17.359+0300][13852][2928 ][debug][gc,phases] GC(99)     Dead                           Min: 0, Avg:  0.0, Max: 0, Diff: 0, Sum: 0, Workers: 8
[2025-06-17T23:19:17.359+0300][13852][2928 ][debug][gc,phases] GC(99)     Total                          Min: 0, Avg: 785.4, Max: 1280, Diff: 1280, Sum: 6283, Workers: 8
[2025-06-17T23:19:17.359+0300][13852][2928 ][debug][gc,phases] GC(99)   ResolvedMethodTable Weak       Min:  0.0, Avg:  0.0, Max:  0.0, Diff:  0.0, Sum:  0.0, Workers: 8
[2025-06-17T23:19:17.359+0300][13852][2928 ][debug][gc,phases] GC(99)     Dead                           Min: 0, Avg:  0.0, Max: 0, Diff: 0, Sum: 0, Workers: 8
[2025-06-17T23:19:17.359+0300][13852][2928 ][debug][gc,phases] GC(99)     Total                          Min: 61, Avg: 110.4, Max: 186, Diff: 125, Sum: 883, Workers: 8
[2025-06-17T23:19:17.359+0300][13852][2928 ][debug][gc,phases] GC(99)   JNI Weak                       Min:  0.0, Avg:  0.0, Max:  0.0, Diff:  0.0, Sum:  0.0, Workers: 8
[2025-06-17T23:19:17.359+0300][13852][2928 ][debug][gc,phases] GC(99)     Dead                           Min: 0, Avg:  0.0, Max: 0, Diff: 0, Sum: 0, Workers: 8
[2025-06-17T23:19:17.359+0300][13852][2928 ][debug][gc,phases] GC(99)     Total                          Min: 0, Avg:  0.0, Max: 0, Diff: 0, Sum: 0, Workers: 8
[2025-06-17T23:19:17.359+0300][13852][2928 ][debug][gc,phases] GC(99)   StringDedup Table Weak         Min:  0.0, Avg:  0.0, Max:  0.0, Diff:  0.0, Sum:  0.0, Workers: 8
[2025-06-17T23:19:17.359+0300][13852][2928 ][debug][gc,phases] GC(99)     Dead                           Min: 0, Avg:  0.0, Max: 0, Diff: 0, Sum: 0, Workers: 8
[2025-06-17T23:19:17.359+0300][13852][2928 ][debug][gc,phases] GC(99)     Total                          Min: 0, Avg:  0.0, Max: 0, Diff: 0, Sum: 0, Workers: 8
[2025-06-17T23:19:17.359+0300][13852][2928 ][debug][gc,phases] GC(99)   StringDedup Requests0 Weak     Min:  0.0, Avg:  0.0, Max:  0.0, Diff:  0.0, Sum:  0.0, Workers: 8
[2025-06-17T23:19:17.359+0300][13852][2928 ][debug][gc,phases] GC(99)     Dead                           Min: 0, Avg:  0.0, Max: 0, Diff: 0, Sum: 0, Workers: 8
[2025-06-17T23:19:17.359+0300][13852][2928 ][debug][gc,phases] GC(99)     Total                          Min: 0, Avg:  0.0, Max: 0, Diff: 0, Sum: 0, Workers: 8
[2025-06-17T23:19:17.362+0300][13852][2928 ][debug][gc,phases] GC(99)   StringDedup Requests1 Weak     Min:  0.0, Avg:  0.0, Max:  0.0, Diff:  0.0, Sum:  0.0, Workers: 8
[2025-06-17T23:19:17.362+0300][13852][2928 ][debug][gc,phases] GC(99)     Dead                           Min: 0, Avg:  0.0, Max: 0, Diff: 0, Sum: 0, Workers: 8
[2025-06-17T23:19:17.362+0300][13852][2928 ][debug][gc,phases] GC(99)     Total                          Min: 0, Avg:  0.0, Max: 0, Diff: 0, Sum: 0, Workers: 8
[2025-06-17T23:19:17.362+0300][13852][2928 ][debug][gc,phases] GC(99)   Weak JFR Old Object Samples    Min:  0.0, Avg:  0.0, Max:  0.0, Diff:  0.0, Sum:  0.0, Workers: 8
[2025-06-17T23:19:17.362+0300][13852][2928 ][debug][gc,phases] GC(99)     Dead                           Min: 0, Avg:  0.0, Max: 0, Diff: 0, Sum: 0, Workers: 8
[2025-06-17T23:19:17.362+0300][13852][2928 ][debug][gc,phases] GC(99)     Total                          Min: 0, Avg:  0.0, Max: 0, Diff: 0, Sum: 0, Workers: 8
[2025-06-17T23:19:17.362+0300][13852][2928 ][debug][gc,phases] GC(99) Weak Processing 0.938ms
[2025-06-17T23:19:17.362+0300][13852][2928 ][info ][gc,heap  ] GC(99) PSYoungGen: 697472K(697856K)->544K(697856K) Eden: 696832K(696832K)->0K(696832K) From: 640K(1024K)->544K(1024K)
[2025-06-17T23:19:17.362+0300][13852][2928 ][info ][gc,heap  ] GC(99) ParOldGen: 17568K(1398272K)->17632K(1398272K)
[2025-06-17T23:19:17.362+0300][13852][2928 ][info ][gc       ] GC(99) Pause Young (Allocation Failure) 698M->17M(2047M) 1.604ms
[2025-06-17T23:19:17.362+0300][13852][2928 ][debug][gc,heap  ] GC(99) Heap after GC invocations=100 (full 3):
[2025-06-17T23:19:17.362+0300][13852][2928 ][debug][gc,heap  ] GC(99)  PSYoungGen      total 697856K, used 544K [0x00000000d5580000, 0x0000000100000000, 0x0000000100000000)
[2025-06-17T23:19:17.362+0300][13852][2928 ][debug][gc,heap  ] GC(99)   eden space 696832K, 0% used [0x00000000d5580000,0x00000000d5580000,0x00000000ffe00000)
[2025-06-17T23:19:17.362+0300][13852][2928 ][debug][gc,heap  ] GC(99)   from space 1024K, 53% used [0x00000000ffe00000,0x00000000ffe88080,0x00000000fff00000)
[2025-06-17T23:19:17.362+0300][13852][2928 ][debug][gc,heap  ] GC(99)   to   space 1024K, 0% used [0x00000000fff00000,0x00000000fff00000,0x0000000100000000)
[2025-06-17T23:19:17.362+0300][13852][2928 ][debug][gc,heap  ] GC(99)  ParOldGen       total 1398272K, used 17632K [0x0000000080000000, 0x00000000d5580000, 0x00000000d5580000)
[2025-06-17T23:19:17.362+0300][13852][2928 ][debug][gc,heap  ] GC(99)   object space 1398272K, 1% used [0x0000000080000000,0x0000000081138178,0x00000000d5580000)
[2025-06-17T23:19:17.362+0300][13852][2928 ][debug][gc,heap  ] GC(99)  Metaspace       used 8732K, committed 9792K, reserved 1114112K
[2025-06-17T23:19:17.362+0300][13852][2928 ][debug][gc,heap  ] GC(99)   class space    used 873K, committed 1280K, reserved 1048576K
[2025-06-17T23:19:17.362+0300][13852][2928 ][info ][safepoint] Safepoint "ParallelGCFailedAllocation", Time since last: 265163200 ns, Reaching safepoint: 326100 ns, Cleanup: 7500 ns, At safepoint: 2245600 ns, Total: 2579200 ns
[2025-06-17T23:19:17.628+0300][13852][2928 ][debug][safepoint] Safepoint synchronization initiated using striped semaphore wait barrier. (19 threads)
[2025-06-17T23:19:17.628+0300][13852][4040 ][debug][safepoint] ... found polling page loop exception at pc = 0x0000012d12e96de0, stub =0x0000012d12894d80
[2025-06-17T23:19:17.628+0300][13852][8464 ][debug][safepoint] ... found polling page loop exception at pc = 0x0000012d12e96de0, stub =0x0000012d12894d80
[2025-06-17T23:19:17.628+0300][13852][2928 ][debug][gc,heap  ] GC(100) Heap before GC invocations=101 (full 3):
[2025-06-17T23:19:17.628+0300][13852][2928 ][debug][gc,heap  ] GC(100)  PSYoungGen      total 697856K, used 697376K [0x00000000d5580000, 0x0000000100000000, 0x0000000100000000)
[2025-06-17T23:19:17.628+0300][13852][2928 ][debug][gc,heap  ] GC(100)   eden space 696832K, 100% used [0x00000000d5580000,0x00000000ffe00000,0x00000000ffe00000)
[2025-06-17T23:19:17.628+0300][13852][2928 ][debug][gc,heap  ] GC(100)   from space 1024K, 53% used [0x00000000ffe00000,0x00000000ffe88080,0x00000000fff00000)
[2025-06-17T23:19:17.628+0300][13852][2928 ][debug][gc,heap  ] GC(100)   to   space 1024K, 0% used [0x00000000fff00000,0x00000000fff00000,0x0000000100000000)
[2025-06-17T23:19:17.628+0300][13852][2928 ][debug][gc,heap  ] GC(100)  ParOldGen       total 1398272K, used 17632K [0x0000000080000000, 0x00000000d5580000, 0x00000000d5580000)
[2025-06-17T23:19:17.628+0300][13852][2928 ][debug][gc,heap  ] GC(100)   object space 1398272K, 1% used [0x0000000080000000,0x0000000081138178,0x00000000d5580000)
[2025-06-17T23:19:17.628+0300][13852][2928 ][debug][gc,heap  ] GC(100)  Metaspace       used 8732K, committed 9792K, reserved 1114112K
[2025-06-17T23:19:17.628+0300][13852][2928 ][debug][gc,heap  ] GC(100)   class space    used 873K, committed 1280K, reserved 1048576K
[2025-06-17T23:19:17.630+0300][13852][2928 ][debug][gc,phases] GC(100) Scavenge 0.331ms
[2025-06-17T23:19:17.630+0300][13852][2928 ][debug][gc,phases] GC(100) Reference Processing 0.051ms
[2025-06-17T23:19:17.630+0300][13852][2928 ][debug][gc,phases] GC(100)   VM Weak                        Min:  0.0, Avg:  0.0, Max:  0.0, Diff:  0.0, Sum:  0.0, Workers: 8
[2025-06-17T23:19:17.630+0300][13852][2928 ][debug][gc,phases] GC(100)     Dead                           Min: 0, Avg:  0.0, Max: 0, Diff: 0, Sum: 0, Workers: 8
[2025-06-17T23:19:17.630+0300][13852][2928 ][debug][gc,phases] GC(100)     Total                          Min: 0, Avg: 15.4, Max: 85, Diff: 85, Sum: 123, Workers: 8
[2025-06-17T23:19:17.630+0300][13852][2928 ][debug][gc,phases] GC(100)   ObjectSynchronizer Weak        Min:  0.0, Avg:  0.0, Max:  0.0, Diff:  0.0, Sum:  0.0, Workers: 8
[2025-06-17T23:19:17.630+0300][13852][2928 ][debug][gc,phases] GC(100)     Dead                           Min: 0, Avg:  0.0, Max: 0, Diff: 0, Sum: 0, Workers: 8
[2025-06-17T23:19:17.630+0300][13852][2928 ][debug][gc,phases] GC(100)     Total                          Min: 0, Avg: 16.2, Max: 64, Diff: 64, Sum: 130, Workers: 8
[2025-06-17T23:19:17.630+0300][13852][2928 ][debug][gc,phases] GC(100)   JVMTI Tag Weak OopStorage      Min:  0.0, Avg:  0.0, Max:  0.0, Diff:  0.0, Sum:  0.0, Workers: 8
[2025-06-17T23:19:17.630+0300][13852][2928 ][debug][gc,phases] GC(100)     Dead                           Min: 0, Avg:  0.0, Max: 0, Diff: 0, Sum: 0, Workers: 8
[2025-06-17T23:19:17.630+0300][13852][2928 ][debug][gc,phases] GC(100)     Total                          Min: 0, Avg:  0.0, Max: 0, Diff: 0, Sum: 0, Workers: 8
[2025-06-17T23:19:17.630+0300][13852][2928 ][debug][gc,phases] GC(100)   StringTable Weak               Min:  0.0, Avg:  0.0, Max:  0.0, Diff:  0.0, Sum:  0.1, Workers: 8
[2025-06-17T23:19:17.630+0300][13852][2928 ][debug][gc,phases] GC(100)     Dead                           Min: 0, Avg:  0.0, Max: 0, Diff: 0, Sum: 0, Workers: 8
[2025-06-17T23:19:17.630+0300][13852][2928 ][debug][gc,phases] GC(100)     Total                          Min: 576, Avg: 785.4, Max: 1088, Diff: 512, Sum: 6283, Workers: 8
[2025-06-17T23:19:17.630+0300][13852][2928 ][debug][gc,phases] GC(100)   ResolvedMethodTable Weak       Min:  0.0, Avg:  0.0, Max:  0.0, Diff:  0.0, Sum:  0.0, Workers: 8
[2025-06-17T23:19:17.630+0300][13852][2928 ][debug][gc,phases] GC(100)     Dead                           Min: 0, Avg:  0.0, Max: 0, Diff: 0, Sum: 0, Workers: 8
[2025-06-17T23:19:17.630+0300][13852][2928 ][debug][gc,phases] GC(100)     Total                          Min: 63, Avg: 110.4, Max: 128, Diff: 65, Sum: 883, Workers: 8
[2025-06-17T23:19:17.630+0300][13852][2928 ][debug][gc,phases] GC(100)   JNI Weak                       Min:  0.0, Avg:  0.0, Max:  0.0, Diff:  0.0, Sum:  0.0, Workers: 8
[2025-06-17T23:19:17.630+0300][13852][2928 ][debug][gc,phases] GC(100)     Dead                           Min: 0, Avg:  0.0, Max: 0, Diff: 0, Sum: 0, Workers: 8
[2025-06-17T23:19:17.630+0300][13852][2928 ][debug][gc,phases] GC(100)     Total                          Min: 0, Avg:  0.0, Max: 0, Diff: 0, Sum: 0, Workers: 8
[2025-06-17T23:19:17.630+0300][13852][2928 ][debug][gc,phases] GC(100)   StringDedup Table Weak         Min:  0.0, Avg:  0.0, Max:  0.0, Diff:  0.0, Sum:  0.0, Workers: 8
[2025-06-17T23:19:17.630+0300][13852][2928 ][debug][gc,phases] GC(100)     Dead                           Min: 0, Avg:  0.0, Max: 0, Diff: 0, Sum: 0, Workers: 8
[2025-06-17T23:19:17.630+0300][13852][2928 ][debug][gc,phases] GC(100)     Total                          Min: 0, Avg:  0.0, Max: 0, Diff: 0, Sum: 0, Workers: 8
[2025-06-17T23:19:17.630+0300][13852][2928 ][debug][gc,phases] GC(100)   StringDedup Requests0 Weak     Min:  0.0, Avg:  0.0, Max:  0.0, Diff:  0.0, Sum:  0.0, Workers: 8
[2025-06-17T23:19:17.630+0300][13852][2928 ][debug][gc,phases] GC(100)     Dead                           Min: 0, Avg:  0.0, Max: 0, Diff: 0, Sum: 0, Workers: 8
[2025-06-17T23:19:17.630+0300][13852][2928 ][debug][gc,phases] GC(100)     Total                          Min: 0, Avg:  0.0, Max: 0, Diff: 0, Sum: 0, Workers: 8
[2025-06-17T23:19:17.630+0300][13852][2928 ][debug][gc,phases] GC(100)   StringDedup Requests1 Weak     Min:  0.0, Avg:  0.0, Max:  0.0, Diff:  0.0, Sum:  0.0, Workers: 8
[2025-06-17T23:19:17.630+0300][13852][2928 ][debug][gc,phases] GC(100)     Dead                           Min: 0, Avg:  0.0, Max: 0, Diff: 0, Sum: 0, Workers: 8
[2025-06-17T23:19:17.630+0300][13852][2928 ][debug][gc,phases] GC(100)     Total                          Min: 0, Avg:  0.0, Max: 0, Diff: 0, Sum: 0, Workers: 8
[2025-06-17T23:19:17.630+0300][13852][2928 ][debug][gc,phases] GC(100)   Weak JFR Old Object Samples    Min:  0.0, Avg:  0.0, Max:  0.0, Diff:  0.0, Sum:  0.0, Workers: 8
[2025-06-17T23:19:17.630+0300][13852][2928 ][debug][gc,phases] GC(100)     Dead                           Min: 0, Avg:  0.0, Max: 0, Diff: 0, Sum: 0, Workers: 8
[2025-06-17T23:19:17.630+0300][13852][2928 ][debug][gc,phases] GC(100)     Total                          Min: 0, Avg:  0.0, Max: 0, Diff: 0, Sum: 0, Workers: 8
[2025-06-17T23:19:17.630+0300][13852][2928 ][debug][gc,phases] GC(100) Weak Processing 0.641ms
[2025-06-17T23:19:17.630+0300][13852][2928 ][info ][gc,heap  ] GC(100) PSYoungGen: 697376K(697856K)->576K(697856K) Eden: 696832K(696832K)->0K(696832K) From: 544K(1024K)->576K(1024K)
[2025-06-17T23:19:17.630+0300][13852][2928 ][info ][gc,heap  ] GC(100) ParOldGen: 17632K(1398272K)->17696K(1398272K)
[2025-06-17T23:19:17.630+0300][13852][2928 ][info ][gc       ] GC(100) Pause Young (Allocation Failure) 698M->17M(2047M) 1.155ms
[2025-06-17T23:19:17.630+0300][13852][2928 ][debug][gc,heap  ] GC(100) Heap after GC invocations=101 (full 3):
[2025-06-17T23:19:17.630+0300][13852][2928 ][debug][gc,heap  ] GC(100)  PSYoungGen      total 697856K, used 576K [0x00000000d5580000, 0x0000000100000000, 0x0000000100000000)
[2025-06-17T23:19:17.630+0300][13852][2928 ][debug][gc,heap  ] GC(100)   eden space 696832K, 0% used [0x00000000d5580000,0x00000000d5580000,0x00000000ffe00000)
[2025-06-17T23:19:17.630+0300][13852][2928 ][debug][gc,heap  ] GC(100)   from space 1024K, 56% used [0x00000000fff00000,0x00000000fff900c0,0x0000000100000000)
[2025-06-17T23:19:17.630+0300][13852][2928 ][debug][gc,heap  ] GC(100)   to   space 1024K, 0% used [0x00000000ffe00000,0x00000000ffe00000,0x00000000fff00000)
[2025-06-17T23:19:17.630+0300][13852][2928 ][debug][gc,heap  ] GC(100)  ParOldGen       total 1398272K, used 17696K [0x0000000080000000, 0x00000000d5580000, 0x00000000d5580000)
[2025-06-17T23:19:17.630+0300][13852][2928 ][debug][gc,heap  ] GC(100)   object space 1398272K, 1% used [0x0000000080000000,0x0000000081148178,0x00000000d5580000)
[2025-06-17T23:19:17.630+0300][13852][2928 ][debug][gc,heap  ] GC(100)  Metaspace       used 8732K, committed 9792K, reserved 1114112K
[2025-06-17T23:19:17.630+0300][13852][2928 ][debug][gc,heap  ] GC(100)   class space    used 873K, committed 1280K, reserved 1048576K
[2025-06-17T23:19:17.630+0300][13852][2928 ][info ][safepoint] Safepoint "ParallelGCFailedAllocation", Time since last: 266140700 ns, Reaching safepoint: 335000 ns, Cleanup: 16700 ns, At safepoint: 1568300 ns, Total: 1920000 ns
[2025-06-17T23:19:17.863+0300][13852][2928 ][debug][safepoint] Safepoint synchronization initiated using striped semaphore wait barrier. (19 threads)
[2025-06-17T23:19:17.863+0300][13852][1608 ][debug][safepoint] ... found polling page loop exception at pc = 0x0000012d12ec8c6a, stub =0x0000012d12895600
[2025-06-17T23:19:17.863+0300][13852][13120][debug][safepoint] ... found polling page loop exception at pc = 0x0000012d12e96de0, stub =0x0000012d12894d80
[2025-06-17T23:19:17.863+0300][13852][4040 ][debug][safepoint] ... found polling page loop exception at pc = 0x0000012d12e96de0, stub =0x0000012d12894d80
[2025-06-17T23:19:17.863+0300][13852][2928 ][debug][gc,heap  ] GC(101) Heap before GC invocations=102 (full 3):
[2025-06-17T23:19:17.863+0300][13852][2928 ][debug][gc,heap  ] GC(101)  PSYoungGen      total 697856K, used 697408K [0x00000000d5580000, 0x0000000100000000, 0x0000000100000000)
[2025-06-17T23:19:17.863+0300][13852][2928 ][debug][gc,heap  ] GC(101)   eden space 696832K, 100% used [0x00000000d5580000,0x00000000ffe00000,0x00000000ffe00000)
[2025-06-17T23:19:17.863+0300][13852][2928 ][debug][gc,heap  ] GC(101)   from space 1024K, 56% used [0x00000000fff00000,0x00000000fff900c0,0x0000000100000000)
[2025-06-17T23:19:17.863+0300][13852][2928 ][debug][gc,heap  ] GC(101)   to   space 1024K, 0% used [0x00000000ffe00000,0x00000000ffe00000,0x00000000fff00000)
[2025-06-17T23:19:17.863+0300][13852][2928 ][debug][gc,heap  ] GC(101)  ParOldGen       total 1398272K, used 17696K [0x0000000080000000, 0x00000000d5580000, 0x00000000d5580000)
[2025-06-17T23:19:17.863+0300][13852][2928 ][debug][gc,heap  ] GC(101)   object space 1398272K, 1% used [0x0000000080000000,0x0000000081148178,0x00000000d5580000)
[2025-06-17T23:19:17.863+0300][13852][2928 ][debug][gc,heap  ] GC(101)  Metaspace       used 8732K, committed 9792K, reserved 1114112K
[2025-06-17T23:19:17.863+0300][13852][2928 ][debug][gc,heap  ] GC(101)   class space    used 873K, committed 1280K, reserved 1048576K
[2025-06-17T23:19:17.863+0300][13852][2928 ][debug][gc,phases] GC(101) Scavenge 0.247ms
[2025-06-17T23:19:17.863+0300][13852][2928 ][debug][gc,phases] GC(101) Reference Processing 0.053ms
[2025-06-17T23:19:17.863+0300][13852][2928 ][debug][gc,phases] GC(101)   VM Weak                        Min:  0.0, Avg:  0.0, Max:  0.0, Diff:  0.0, Sum:  0.0, Workers: 8
[2025-06-17T23:19:17.863+0300][13852][2928 ][debug][gc,phases] GC(101)     Dead                           Min: 0, Avg:  0.0, Max: 0, Diff: 0, Sum: 0, Workers: 8
[2025-06-17T23:19:17.863+0300][13852][2928 ][debug][gc,phases] GC(101)     Total                          Min: 0, Avg: 15.4, Max: 77, Diff: 77, Sum: 123, Workers: 8
[2025-06-17T23:19:17.863+0300][13852][2928 ][debug][gc,phases] GC(101)   ObjectSynchronizer Weak        Min:  0.0, Avg:  0.0, Max:  0.0, Diff:  0.0, Sum:  0.0, Workers: 8
[2025-06-17T23:19:17.863+0300][13852][2928 ][debug][gc,phases] GC(101)     Dead                           Min: 0, Avg:  0.0, Max: 0, Diff: 0, Sum: 0, Workers: 8
[2025-06-17T23:19:17.863+0300][13852][2928 ][debug][gc,phases] GC(101)     Total                          Min: 0, Avg: 16.2, Max: 64, Diff: 64, Sum: 130, Workers: 8
[2025-06-17T23:19:17.863+0300][13852][2928 ][debug][gc,phases] GC(101)   JVMTI Tag Weak OopStorage      Min:  0.0, Avg:  0.0, Max:  0.0, Diff:  0.0, Sum:  0.0, Workers: 8
[2025-06-17T23:19:17.863+0300][13852][2928 ][debug][gc,phases] GC(101)     Dead                           Min: 0, Avg:  0.0, Max: 0, Diff: 0, Sum: 0, Workers: 8
[2025-06-17T23:19:17.863+0300][13852][2928 ][debug][gc,phases] GC(101)     Total                          Min: 0, Avg:  0.0, Max: 0, Diff: 0, Sum: 0, Workers: 8
[2025-06-17T23:19:17.863+0300][13852][2928 ][debug][gc,phases] GC(101)   StringTable Weak               Min:  0.0, Avg:  0.0, Max:  0.0, Diff:  0.0, Sum:  0.1, Workers: 8
[2025-06-17T23:19:17.863+0300][13852][2928 ][debug][gc,phases] GC(101)     Dead                           Min: 0, Avg:  0.0, Max: 0, Diff: 0, Sum: 0, Workers: 8
[2025-06-17T23:19:17.863+0300][13852][2928 ][debug][gc,phases] GC(101)     Total                          Min: 384, Avg: 785.4, Max: 1088, Diff: 704, Sum: 6283, Workers: 8
[2025-06-17T23:19:17.863+0300][13852][2928 ][debug][gc,phases] GC(101)   ResolvedMethodTable Weak       Min:  0.0, Avg:  0.0, Max:  0.0, Diff:  0.0, Sum:  0.0, Workers: 8
[2025-06-17T23:19:17.863+0300][13852][2928 ][debug][gc,phases] GC(101)     Dead                           Min: 0, Avg:  0.0, Max: 0, Diff: 0, Sum: 0, Workers: 8
[2025-06-17T23:19:17.863+0300][13852][2928 ][debug][gc,phases] GC(101)     Total                          Min: 59, Avg: 110.4, Max: 128, Diff: 69, Sum: 883, Workers: 8
[2025-06-17T23:19:17.863+0300][13852][2928 ][debug][gc,phases] GC(101)   JNI Weak                       Min:  0.0, Avg:  0.0, Max:  0.0, Diff:  0.0, Sum:  0.0, Workers: 8
[2025-06-17T23:19:17.863+0300][13852][2928 ][debug][gc,phases] GC(101)     Dead                           Min: 0, Avg:  0.0, Max: 0, Diff: 0, Sum: 0, Workers: 8
[2025-06-17T23:19:17.863+0300][13852][2928 ][debug][gc,phases] GC(101)     Total                          Min: 0, Avg:  0.0, Max: 0, Diff: 0, Sum: 0, Workers: 8
[2025-06-17T23:19:17.863+0300][13852][2928 ][debug][gc,phases] GC(101)   StringDedup Table Weak         Min:  0.0, Avg:  0.0, Max:  0.0, Diff:  0.0, Sum:  0.0, Workers: 8
[2025-06-17T23:19:17.863+0300][13852][2928 ][debug][gc,phases] GC(101)     Dead                           Min: 0, Avg:  0.0, Max: 0, Diff: 0, Sum: 0, Workers: 8
[2025-06-17T23:19:17.863+0300][13852][2928 ][debug][gc,phases] GC(101)     Total                          Min: 0, Avg:  0.0, Max: 0, Diff: 0, Sum: 0, Workers: 8
[2025-06-17T23:19:17.863+0300][13852][2928 ][debug][gc,phases] GC(101)   StringDedup Requests0 Weak     Min:  0.0, Avg:  0.0, Max:  0.0, Diff:  0.0, Sum:  0.0, Workers: 8
[2025-06-17T23:19:17.863+0300][13852][2928 ][debug][gc,phases] GC(101)     Dead                           Min: 0, Avg:  0.0, Max: 0, Diff: 0, Sum: 0, Workers: 8
[2025-06-17T23:19:17.863+0300][13852][2928 ][debug][gc,phases] GC(101)     Total                          Min: 0, Avg:  0.0, Max: 0, Diff: 0, Sum: 0, Workers: 8
[2025-06-17T23:19:17.863+0300][13852][2928 ][debug][gc,phases] GC(101)   StringDedup Requests1 Weak     Min:  0.0, Avg:  0.0, Max:  0.0, Diff:  0.0, Sum:  0.0, Workers: 8
[2025-06-17T23:19:17.863+0300][13852][2928 ][debug][gc,phases] GC(101)     Dead                           Min: 0, Avg:  0.0, Max: 0, Diff: 0, Sum: 0, Workers: 8
[2025-06-17T23:19:17.863+0300][13852][2928 ][debug][gc,phases] GC(101)     Total                          Min: 0, Avg:  0.0, Max: 0, Diff: 0, Sum: 0, Workers: 8
[2025-06-17T23:19:17.863+0300][13852][2928 ][debug][gc,phases] GC(101)   Weak JFR Old Object Samples    Min:  0.0, Avg:  0.0, Max:  0.0, Diff:  0.0, Sum:  0.0, Workers: 8
[2025-06-17T23:19:17.863+0300][13852][2928 ][debug][gc,phases] GC(101)     Dead                           Min: 0, Avg:  0.0, Max: 0, Diff: 0, Sum: 0, Workers: 8
[2025-06-17T23:19:17.863+0300][13852][2928 ][debug][gc,phases] GC(101)     Total                          Min: 0, Avg:  0.0, Max: 0, Diff: 0, Sum: 0, Workers: 8
[2025-06-17T23:19:17.863+0300][13852][2928 ][debug][gc,phases] GC(101) Weak Processing 0.870ms
[2025-06-17T23:19:17.863+0300][13852][2928 ][info ][gc,heap  ] GC(101) PSYoungGen: 697408K(697856K)->512K(697856K) Eden: 696832K(696832K)->0K(696832K) From: 576K(1024K)->512K(1024K)
[2025-06-17T23:19:17.863+0300][13852][2928 ][info ][gc,heap  ] GC(101) ParOldGen: 17696K(1398272K)->17760K(1398272K)
[2025-06-17T23:19:17.863+0300][13852][2928 ][info ][gc       ] GC(101) Pause Young (Allocation Failure) 698M->17M(2047M) 1.354ms
[2025-06-17T23:19:17.863+0300][13852][2928 ][debug][gc,heap  ] GC(101) Heap after GC invocations=102 (full 3):
[2025-06-17T23:19:17.863+0300][13852][2928 ][debug][gc,heap  ] GC(101)  PSYoungGen      total 697856K, used 512K [0x00000000d5580000, 0x0000000100000000, 0x0000000100000000)
[2025-06-17T23:19:17.863+0300][13852][2928 ][debug][gc,heap  ] GC(101)   eden space 696832K, 0% used [0x00000000d5580000,0x00000000d5580000,0x00000000ffe00000)
[2025-06-17T23:19:17.863+0300][13852][2928 ][debug][gc,heap  ] GC(101)   from space 1024K, 50% used [0x00000000ffe00000,0x00000000ffe80100,0x00000000fff00000)
[2025-06-17T23:19:17.863+0300][13852][2928 ][debug][gc,heap  ] GC(101)   to   space 1024K, 0% used [0x00000000fff00000,0x00000000fff00000,0x0000000100000000)
[2025-06-17T23:19:17.863+0300][13852][2928 ][debug][gc,heap  ] GC(101)  ParOldGen       total 1398272K, used 17760K [0x0000000080000000, 0x00000000d5580000, 0x00000000d5580000)
[2025-06-17T23:19:17.863+0300][13852][2928 ][debug][gc,heap  ] GC(101)   object space 1398272K, 1% used [0x0000000080000000,0x0000000081158178,0x00000000d5580000)
[2025-06-17T23:19:17.863+0300][13852][2928 ][debug][gc,heap  ] GC(101)  Metaspace       used 8732K, committed 9792K, reserved 1114112K
[2025-06-17T23:19:17.863+0300][13852][2928 ][debug][gc,heap  ] GC(101)   class space    used 873K, committed 1280K, reserved 1048576K
[2025-06-17T23:19:17.863+0300][13852][2928 ][info ][safepoint] Safepoint "ParallelGCFailedAllocation", Time since last: 233096100 ns, Reaching safepoint: 304500 ns, Cleanup: 13200 ns, At safepoint: 1865200 ns, Total: 2182900 ns
[2025-06-17T23:19:18.095+0300][13852][2928 ][debug][safepoint] Safepoint synchronization initiated using striped semaphore wait barrier. (19 threads)
[2025-06-17T23:19:18.095+0300][13852][4040 ][debug][safepoint] ... found polling page loop exception at pc = 0x0000012d12f50025, stub =0x0000012d12895600
[2025-06-17T23:19:18.095+0300][13852][15764][debug][safepoint] ... found polling page loop exception at pc = 0x0000012d12e96de0, stub =0x0000012d12894d80
[2025-06-17T23:19:18.095+0300][13852][13120][debug][safepoint] ... found polling page loop exception at pc = 0x0000012d12efe206, stub =0x0000012d12895600
[2025-06-17T23:19:18.095+0300][13852][8464 ][debug][safepoint] ... found polling page loop exception at pc = 0x0000012d12e96de0, stub =0x0000012d12894d80
[2025-06-17T23:19:18.095+0300][13852][2928 ][debug][gc,heap  ] GC(102) Heap before GC invocations=103 (full 3):
[2025-06-17T23:19:18.095+0300][13852][2928 ][debug][gc,heap  ] GC(102)  PSYoungGen      total 697856K, used 697344K [0x00000000d5580000, 0x0000000100000000, 0x0000000100000000)
[2025-06-17T23:19:18.095+0300][13852][2928 ][debug][gc,heap  ] GC(102)   eden space 696832K, 100% used [0x00000000d5580000,0x00000000ffe00000,0x00000000ffe00000)
[2025-06-17T23:19:18.095+0300][13852][2928 ][debug][gc,heap  ] GC(102)   from space 1024K, 50% used [0x00000000ffe00000,0x00000000ffe80100,0x00000000fff00000)
[2025-06-17T23:19:18.095+0300][13852][2928 ][debug][gc,heap  ] GC(102)   to   space 1024K, 0% used [0x00000000fff00000,0x00000000fff00000,0x0000000100000000)
[2025-06-17T23:19:18.095+0300][13852][2928 ][debug][gc,heap  ] GC(102)  ParOldGen       total 1398272K, used 17760K [0x0000000080000000, 0x00000000d5580000, 0x00000000d5580000)
[2025-06-17T23:19:18.095+0300][13852][2928 ][debug][gc,heap  ] GC(102)   object space 1398272K, 1% used [0x0000000080000000,0x0000000081158178,0x00000000d5580000)
[2025-06-17T23:19:18.095+0300][13852][2928 ][debug][gc,heap  ] GC(102)  Metaspace       used 8732K, committed 9792K, reserved 1114112K
[2025-06-17T23:19:18.095+0300][13852][2928 ][debug][gc,heap  ] GC(102)   class space    used 873K, committed 1280K, reserved 1048576K
[2025-06-17T23:19:18.095+0300][13852][2928 ][debug][gc,phases] GC(102) Scavenge 0.363ms
[2025-06-17T23:19:18.095+0300][13852][2928 ][debug][gc,phases] GC(102) Reference Processing 0.052ms
[2025-06-17T23:19:18.095+0300][13852][2928 ][debug][gc,phases] GC(102)   VM Weak                        Min:  0.0, Avg:  0.0, Max:  0.0, Diff:  0.0, Sum:  0.0, Workers: 8
[2025-06-17T23:19:18.095+0300][13852][2928 ][debug][gc,phases] GC(102)     Dead                           Min: 0, Avg:  0.0, Max: 0, Diff: 0, Sum: 0, Workers: 8
[2025-06-17T23:19:18.095+0300][13852][2928 ][debug][gc,phases] GC(102)     Total                          Min: 0, Avg: 15.4, Max: 106, Diff: 106, Sum: 123, Workers: 8
[2025-06-17T23:19:18.095+0300][13852][2928 ][debug][gc,phases] GC(102)   ObjectSynchronizer Weak        Min:  0.0, Avg:  0.0, Max:  0.0, Diff:  0.0, Sum:  0.0, Workers: 8
[2025-06-17T23:19:18.095+0300][13852][2928 ][debug][gc,phases] GC(102)     Dead                           Min: 0, Avg:  0.0, Max: 0, Diff: 0, Sum: 0, Workers: 8
[2025-06-17T23:19:18.095+0300][13852][2928 ][debug][gc,phases] GC(102)     Total                          Min: 0, Avg: 16.2, Max: 66, Diff: 66, Sum: 130, Workers: 8
[2025-06-17T23:19:18.095+0300][13852][2928 ][debug][gc,phases] GC(102)   JVMTI Tag Weak OopStorage      Min:  0.0, Avg:  0.0, Max:  0.0, Diff:  0.0, Sum:  0.0, Workers: 8
[2025-06-17T23:19:18.095+0300][13852][2928 ][debug][gc,phases] GC(102)     Dead                           Min: 0, Avg:  0.0, Max: 0, Diff: 0, Sum: 0, Workers: 8
[2025-06-17T23:19:18.095+0300][13852][2928 ][debug][gc,phases] GC(102)     Total                          Min: 0, Avg:  0.0, Max: 0, Diff: 0, Sum: 0, Workers: 8
[2025-06-17T23:19:18.095+0300][13852][2928 ][debug][gc,phases] GC(102)   StringTable Weak               Min:  0.0, Avg:  0.0, Max:  0.0, Diff:  0.0, Sum:  0.1, Workers: 8
[2025-06-17T23:19:18.095+0300][13852][2928 ][debug][gc,phases] GC(102)     Dead                           Min: 0, Avg:  0.0, Max: 0, Diff: 0, Sum: 0, Workers: 8
[2025-06-17T23:19:18.095+0300][13852][2928 ][debug][gc,phases] GC(102)     Total                          Min: 0, Avg: 785.4, Max: 1152, Diff: 1152, Sum: 6283, Workers: 8
[2025-06-17T23:19:18.095+0300][13852][2928 ][debug][gc,phases] GC(102)   ResolvedMethodTable Weak       Min:  0.0, Avg:  0.0, Max:  0.0, Diff:  0.0, Sum:  0.0, Workers: 8
[2025-06-17T23:19:18.095+0300][13852][2928 ][debug][gc,phases] GC(102)     Dead                           Min: 0, Avg:  0.0, Max: 0, Diff: 0, Sum: 0, Workers: 8
[2025-06-17T23:19:18.095+0300][13852][2928 ][debug][gc,phases] GC(102)     Total                          Min: 0, Avg: 110.4, Max: 190, Diff: 190, Sum: 883, Workers: 8
[2025-06-17T23:19:18.095+0300][13852][2928 ][debug][gc,phases] GC(102)   JNI Weak                       Min:  0.0, Avg:  0.0, Max:  0.0, Diff:  0.0, Sum:  0.0, Workers: 8
[2025-06-17T23:19:18.095+0300][13852][2928 ][debug][gc,phases] GC(102)     Dead                           Min: 0, Avg:  0.0, Max: 0, Diff: 0, Sum: 0, Workers: 8
[2025-06-17T23:19:18.095+0300][13852][2928 ][debug][gc,phases] GC(102)     Total                          Min: 0, Avg:  0.0, Max: 0, Diff: 0, Sum: 0, Workers: 8
[2025-06-17T23:19:18.095+0300][13852][2928 ][debug][gc,phases] GC(102)   StringDedup Table Weak         Min:  0.0, Avg:  0.0, Max:  0.0, Diff:  0.0, Sum:  0.0, Workers: 8
[2025-06-17T23:19:18.095+0300][13852][2928 ][debug][gc,phases] GC(102)     Dead                           Min: 0, Avg:  0.0, Max: 0, Diff: 0, Sum: 0, Workers: 8
[2025-06-17T23:19:18.095+0300][13852][2928 ][debug][gc,phases] GC(102)     Total                          Min: 0, Avg:  0.0, Max: 0, Diff: 0, Sum: 0, Workers: 8
[2025-06-17T23:19:18.095+0300][13852][2928 ][debug][gc,phases] GC(102)   StringDedup Requests0 Weak     Min:  0.0, Avg:  0.0, Max:  0.0, Diff:  0.0, Sum:  0.0, Workers: 8
[2025-06-17T23:19:18.095+0300][13852][2928 ][debug][gc,phases] GC(102)     Dead                           Min: 0, Avg:  0.0, Max: 0, Diff: 0, Sum: 0, Workers: 8
[2025-06-17T23:19:18.095+0300][13852][2928 ][debug][gc,phases] GC(102)     Total                          Min: 0, Avg:  0.0, Max: 0, Diff: 0, Sum: 0, Workers: 8
[2025-06-17T23:19:18.095+0300][13852][2928 ][debug][gc,phases] GC(102)   StringDedup Requests1 Weak     Min:  0.0, Avg:  0.0, Max:  0.0, Diff:  0.0, Sum:  0.0, Workers: 8
[2025-06-17T23:19:18.095+0300][13852][2928 ][debug][gc,phases] GC(102)     Dead                           Min: 0, Avg:  0.0, Max: 0, Diff: 0, Sum: 0, Workers: 8
[2025-06-17T23:19:18.095+0300][13852][2928 ][debug][gc,phases] GC(102)     Total                          Min: 0, Avg:  0.0, Max: 0, Diff: 0, Sum: 0, Workers: 8
[2025-06-17T23:19:18.095+0300][13852][2928 ][debug][gc,phases] GC(102)   Weak JFR Old Object Samples    Min:  0.0, Avg:  0.0, Max:  0.0, Diff:  0.0, Sum:  0.0, Workers: 8
[2025-06-17T23:19:18.095+0300][13852][2928 ][debug][gc,phases] GC(102)     Dead                           Min: 0, Avg:  0.0, Max: 0, Diff: 0, Sum: 0, Workers: 8
[2025-06-17T23:19:18.095+0300][13852][2928 ][debug][gc,phases] GC(102)     Total                          Min: 0, Avg:  0.0, Max: 0, Diff: 0, Sum: 0, Workers: 8
[2025-06-17T23:19:18.095+0300][13852][2928 ][debug][gc,phases] GC(102) Weak Processing 0.651ms
[2025-06-17T23:19:18.095+0300][13852][2928 ][info ][gc,heap  ] GC(102) PSYoungGen: 697344K(697856K)->560K(697856K) Eden: 696832K(696832K)->0K(696832K) From: 512K(1024K)->560K(1024K)
[2025-06-17T23:19:18.095+0300][13852][2928 ][info ][gc,heap  ] GC(102) ParOldGen: 17760K(1398272K)->17816K(1398272K)
[2025-06-17T23:19:18.095+0300][13852][2928 ][info ][gc       ] GC(102) Pause Young (Allocation Failure) 698M->17M(2047M) 1.210ms
[2025-06-17T23:19:18.095+0300][13852][2928 ][debug][gc,heap  ] GC(102) Heap after GC invocations=103 (full 3):
[2025-06-17T23:19:18.095+0300][13852][2928 ][debug][gc,heap  ] GC(102)  PSYoungGen      total 697856K, used 560K [0x00000000d5580000, 0x0000000100000000, 0x0000000100000000)
[2025-06-17T23:19:18.095+0300][13852][2928 ][debug][gc,heap  ] GC(102)   eden space 696832K, 0% used [0x00000000d5580000,0x00000000d5580000,0x00000000ffe00000)
[2025-06-17T23:19:18.095+0300][13852][2928 ][debug][gc,heap  ] GC(102)   from space 1024K, 54% used [0x00000000fff00000,0x00000000fff8c0d0,0x0000000100000000)
[2025-06-17T23:19:18.095+0300][13852][2928 ][debug][gc,heap  ] GC(102)   to   space 1024K, 0% used [0x00000000ffe00000,0x00000000ffe00000,0x00000000fff00000)
[2025-06-17T23:19:18.095+0300][13852][2928 ][debug][gc,heap  ] GC(102)  ParOldGen       total 1398272K, used 17816K [0x0000000080000000, 0x00000000d5580000, 0x00000000d5580000)
[2025-06-17T23:19:18.095+0300][13852][2928 ][debug][gc,heap  ] GC(102)   object space 1398272K, 1% used [0x0000000080000000,0x0000000081166178,0x00000000d5580000)
[2025-06-17T23:19:18.095+0300][13852][2928 ][debug][gc,heap  ] GC(102)  Metaspace       used 8732K, committed 9792K, reserved 1114112K
[2025-06-17T23:19:18.095+0300][13852][2928 ][debug][gc,heap  ] GC(102)   class space    used 873K, committed 1280K, reserved 1048576K
[2025-06-17T23:19:18.095+0300][13852][2928 ][info ][safepoint] Safepoint "ParallelGCFailedAllocation", Time since last: 228852300 ns, Reaching safepoint: 333800 ns, Cleanup: 6900 ns, At safepoint: 1608200 ns, Total: 1948900 ns
[2025-06-17T23:19:18.315+0300][13852][2928 ][debug][safepoint] Safepoint synchronization initiated using striped semaphore wait barrier. (19 threads)
[2025-06-17T23:19:18.315+0300][13852][19988][debug][safepoint] ... found polling page loop exception at pc = 0x0000012d12e96de0, stub =0x0000012d12894d80
[2025-06-17T23:19:18.315+0300][13852][2928 ][debug][gc,heap  ] GC(103) Heap before GC invocations=104 (full 3):
[2025-06-17T23:19:18.315+0300][13852][2928 ][debug][gc,heap  ] GC(103)  PSYoungGen      total 697856K, used 697392K [0x00000000d5580000, 0x0000000100000000, 0x0000000100000000)
[2025-06-17T23:19:18.315+0300][13852][2928 ][debug][gc,heap  ] GC(103)   eden space 696832K, 100% used [0x00000000d5580000,0x00000000ffe00000,0x00000000ffe00000)
[2025-06-17T23:19:18.315+0300][13852][2928 ][debug][gc,heap  ] GC(103)   from space 1024K, 54% used [0x00000000fff00000,0x00000000fff8c0d0,0x0000000100000000)
[2025-06-17T23:19:18.315+0300][13852][2928 ][debug][gc,heap  ] GC(103)   to   space 1024K, 0% used [0x00000000ffe00000,0x00000000ffe00000,0x00000000fff00000)
[2025-06-17T23:19:18.315+0300][13852][2928 ][debug][gc,heap  ] GC(103)  ParOldGen       total 1398272K, used 17816K [0x0000000080000000, 0x00000000d5580000, 0x00000000d5580000)
[2025-06-17T23:19:18.315+0300][13852][2928 ][debug][gc,heap  ] GC(103)   object space 1398272K, 1% used [0x0000000080000000,0x0000000081166178,0x00000000d5580000)
[2025-06-17T23:19:18.315+0300][13852][2928 ][debug][gc,heap  ] GC(103)  Metaspace       used 8732K, committed 9792K, reserved 1114112K
[2025-06-17T23:19:18.315+0300][13852][2928 ][debug][gc,heap  ] GC(103)   class space    used 873K, committed 1280K, reserved 1048576K
[2025-06-17T23:19:18.315+0300][13852][2928 ][debug][gc,phases] GC(103) Scavenge 0.314ms
[2025-06-17T23:19:18.315+0300][13852][2928 ][debug][gc,phases] GC(103) Reference Processing 0.052ms
[2025-06-17T23:19:18.315+0300][13852][2928 ][debug][gc,phases] GC(103)   VM Weak                        Min:  0.0, Avg:  0.0, Max:  0.0, Diff:  0.0, Sum:  0.0, Workers: 8
[2025-06-17T23:19:18.315+0300][13852][2928 ][debug][gc,phases] GC(103)     Dead                           Min: 0, Avg:  0.0, Max: 0, Diff: 0, Sum: 0, Workers: 8
[2025-06-17T23:19:18.315+0300][13852][2928 ][debug][gc,phases] GC(103)     Total                          Min: 0, Avg: 15.4, Max: 123, Diff: 123, Sum: 123, Workers: 8
[2025-06-17T23:19:18.315+0300][13852][2928 ][debug][gc,phases] GC(103)   ObjectSynchronizer Weak        Min:  0.0, Avg:  0.0, Max:  0.0, Diff:  0.0, Sum:  0.0, Workers: 8
[2025-06-17T23:19:18.315+0300][13852][2928 ][debug][gc,phases] GC(103)     Dead                           Min: 0, Avg:  0.0, Max: 0, Diff: 0, Sum: 0, Workers: 8
[2025-06-17T23:19:18.315+0300][13852][2928 ][debug][gc,phases] GC(103)     Total                          Min: 0, Avg: 16.2, Max: 64, Diff: 64, Sum: 130, Workers: 8
[2025-06-17T23:19:18.315+0300][13852][2928 ][debug][gc,phases] GC(103)   JVMTI Tag Weak OopStorage      Min:  0.0, Avg:  0.0, Max:  0.0, Diff:  0.0, Sum:  0.0, Workers: 8
[2025-06-17T23:19:18.315+0300][13852][2928 ][debug][gc,phases] GC(103)     Dead                           Min: 0, Avg:  0.0, Max: 0, Diff: 0, Sum: 0, Workers: 8
[2025-06-17T23:19:18.315+0300][13852][2928 ][debug][gc,phases] GC(103)     Total                          Min: 0, Avg:  0.0, Max: 0, Diff: 0, Sum: 0, Workers: 8
[2025-06-17T23:19:18.315+0300][13852][2928 ][debug][gc,phases] GC(103)   StringTable Weak               Min:  0.0, Avg:  0.0, Max:  0.0, Diff:  0.0, Sum:  0.1, Workers: 8
[2025-06-17T23:19:18.315+0300][13852][2928 ][debug][gc,phases] GC(103)     Dead                           Min: 0, Avg:  0.0, Max: 0, Diff: 0, Sum: 0, Workers: 8
[2025-06-17T23:19:18.315+0300][13852][2928 ][debug][gc,phases] GC(103)     Total                          Min: 0, Avg: 785.4, Max: 1024, Diff: 1024, Sum: 6283, Workers: 8
[2025-06-17T23:19:18.315+0300][13852][2928 ][debug][gc,phases] GC(103)   ResolvedMethodTable Weak       Min:  0.0, Avg:  0.0, Max:  0.0, Diff:  0.0, Sum:  0.0, Workers: 8
[2025-06-17T23:19:18.315+0300][13852][2928 ][debug][gc,phases] GC(103)     Dead                           Min: 0, Avg:  0.0, Max: 0, Diff: 0, Sum: 0, Workers: 8
[2025-06-17T23:19:18.315+0300][13852][2928 ][debug][gc,phases] GC(103)     Total                          Min: 0, Avg: 110.4, Max: 190, Diff: 190, Sum: 883, Workers: 8
[2025-06-17T23:19:18.315+0300][13852][2928 ][debug][gc,phases] GC(103)   JNI Weak                       Min:  0.0, Avg:  0.0, Max:  0.0, Diff:  0.0, Sum:  0.0, Workers: 8
[2025-06-17T23:19:18.315+0300][13852][2928 ][debug][gc,phases] GC(103)     Dead                           Min: 0, Avg:  0.0, Max: 0, Diff: 0, Sum: 0, Workers: 8
[2025-06-17T23:19:18.315+0300][13852][2928 ][debug][gc,phases] GC(103)     Total                          Min: 0, Avg:  0.0, Max: 0, Diff: 0, Sum: 0, Workers: 8
[2025-06-17T23:19:18.315+0300][13852][2928 ][debug][gc,phases] GC(103)   StringDedup Table Weak         Min:  0.0, Avg:  0.0, Max:  0.0, Diff:  0.0, Sum:  0.0, Workers: 8
[2025-06-17T23:19:18.315+0300][13852][2928 ][debug][gc,phases] GC(103)     Dead                           Min: 0, Avg:  0.0, Max: 0, Diff: 0, Sum: 0, Workers: 8
[2025-06-17T23:19:18.315+0300][13852][2928 ][debug][gc,phases] GC(103)     Total                          Min: 0, Avg:  0.0, Max: 0, Diff: 0, Sum: 0, Workers: 8
[2025-06-17T23:19:18.315+0300][13852][2928 ][debug][gc,phases] GC(103)   StringDedup Requests0 Weak     Min:  0.0, Avg:  0.0, Max:  0.0, Diff:  0.0, Sum:  0.0, Workers: 8
[2025-06-17T23:19:18.315+0300][13852][2928 ][debug][gc,phases] GC(103)     Dead                           Min: 0, Avg:  0.0, Max: 0, Diff: 0, Sum: 0, Workers: 8
[2025-06-17T23:19:18.315+0300][13852][2928 ][debug][gc,phases] GC(103)     Total                          Min: 0, Avg:  0.0, Max: 0, Diff: 0, Sum: 0, Workers: 8
[2025-06-17T23:19:18.315+0300][13852][2928 ][debug][gc,phases] GC(103)   StringDedup Requests1 Weak     Min:  0.0, Avg:  0.0, Max:  0.0, Diff:  0.0, Sum:  0.0, Workers: 8
[2025-06-17T23:19:18.315+0300][13852][2928 ][debug][gc,phases] GC(103)     Dead                           Min: 0, Avg:  0.0, Max: 0, Diff: 0, Sum: 0, Workers: 8
[2025-06-17T23:19:18.315+0300][13852][2928 ][debug][gc,phases] GC(103)     Total                          Min: 0, Avg:  0.0, Max: 0, Diff: 0, Sum: 0, Workers: 8
[2025-06-17T23:19:18.315+0300][13852][2928 ][debug][gc,phases] GC(103)   Weak JFR Old Object Samples    Min:  0.0, Avg:  0.0, Max:  0.0, Diff:  0.0, Sum:  0.0, Workers: 8
[2025-06-17T23:19:18.315+0300][13852][2928 ][debug][gc,phases] GC(103)     Dead                           Min: 0, Avg:  0.0, Max: 0, Diff: 0, Sum: 0, Workers: 8
[2025-06-17T23:19:18.315+0300][13852][2928 ][debug][gc,phases] GC(103)     Total                          Min: 0, Avg:  0.0, Max: 0, Diff: 0, Sum: 0, Workers: 8
[2025-06-17T23:19:18.315+0300][13852][2928 ][debug][gc,phases] GC(103) Weak Processing 0.612ms
[2025-06-17T23:19:18.315+0300][13852][2928 ][info ][gc,heap  ] GC(103) PSYoungGen: 697392K(697856K)->544K(697856K) Eden: 696832K(696832K)->0K(696832K) From: 560K(1024K)->544K(1024K)
[2025-06-17T23:19:18.315+0300][13852][2928 ][info ][gc,heap  ] GC(103) ParOldGen: 17816K(1398272K)->17880K(1398272K)
[2025-06-17T23:19:18.315+0300][13852][2928 ][info ][gc       ] GC(103) Pause Young (Allocation Failure) 698M->17M(2047M) 1.121ms
[2025-06-17T23:19:18.315+0300][13852][2928 ][debug][gc,heap  ] GC(103) Heap after GC invocations=104 (full 3):
[2025-06-17T23:19:18.315+0300][13852][2928 ][debug][gc,heap  ] GC(103)  PSYoungGen      total 697856K, used 544K [0x00000000d5580000, 0x0000000100000000, 0x0000000100000000)
[2025-06-17T23:19:18.315+0300][13852][2928 ][debug][gc,heap  ] GC(103)   eden space 696832K, 0% used [0x00000000d5580000,0x00000000d5580000,0x00000000ffe00000)
[2025-06-17T23:19:18.315+0300][13852][2928 ][debug][gc,heap  ] GC(103)   from space 1024K, 53% used [0x00000000ffe00000,0x00000000ffe880e0,0x00000000fff00000)
[2025-06-17T23:19:18.315+0300][13852][2928 ][debug][gc,heap  ] GC(103)   to   space 1024K, 0% used [0x00000000fff00000,0x00000000fff00000,0x0000000100000000)
[2025-06-17T23:19:18.315+0300][13852][2928 ][debug][gc,heap  ] GC(103)  ParOldGen       total 1398272K, used 17880K [0x0000000080000000, 0x00000000d5580000, 0x00000000d5580000)
[2025-06-17T23:19:18.315+0300][13852][2928 ][debug][gc,heap  ] GC(103)   object space 1398272K, 1% used [0x0000000080000000,0x0000000081176178,0x00000000d5580000)
[2025-06-17T23:19:18.315+0300][13852][2928 ][debug][gc,heap  ] GC(103)  Metaspace       used 8732K, committed 9792K, reserved 1114112K
[2025-06-17T23:19:18.315+0300][13852][2928 ][debug][gc,heap  ] GC(103)   class space    used 873K, committed 1280K, reserved 1048576K
[2025-06-17T23:19:18.315+0300][13852][2928 ][info ][safepoint] Safepoint "ParallelGCFailedAllocation", Time since last: 218865400 ns, Reaching safepoint: 189900 ns, Cleanup: 7300 ns, At safepoint: 1514700 ns, Total: 1711900 ns
[2025-06-17T23:19:18.540+0300][13852][2928 ][debug][safepoint] Safepoint synchronization initiated using striped semaphore wait barrier. (19 threads)
[2025-06-17T23:19:18.540+0300][13852][4040 ][debug][safepoint] ... found polling page loop exception at pc = 0x0000012d12e96de0, stub =0x0000012d12894d80
[2025-06-17T23:19:18.540+0300][13852][8464 ][debug][safepoint] ... found polling page loop exception at pc = 0x0000012d12e96de0, stub =0x0000012d12894d80
[2025-06-17T23:19:18.540+0300][13852][2928 ][debug][gc,heap  ] GC(104) Heap before GC invocations=105 (full 3):
[2025-06-17T23:19:18.540+0300][13852][2928 ][debug][gc,heap  ] GC(104)  PSYoungGen      total 697856K, used 697376K [0x00000000d5580000, 0x0000000100000000, 0x0000000100000000)
[2025-06-17T23:19:18.540+0300][13852][2928 ][debug][gc,heap  ] GC(104)   eden space 696832K, 100% used [0x00000000d5580000,0x00000000ffe00000,0x00000000ffe00000)
[2025-06-17T23:19:18.540+0300][13852][2928 ][debug][gc,heap  ] GC(104)   from space 1024K, 53% used [0x00000000ffe00000,0x00000000ffe880e0,0x00000000fff00000)
[2025-06-17T23:19:18.540+0300][13852][2928 ][debug][gc,heap  ] GC(104)   to   space 1024K, 0% used [0x00000000fff00000,0x00000000fff00000,0x0000000100000000)
[2025-06-17T23:19:18.540+0300][13852][2928 ][debug][gc,heap  ] GC(104)  ParOldGen       total 1398272K, used 17880K [0x0000000080000000, 0x00000000d5580000, 0x00000000d5580000)
[2025-06-17T23:19:18.540+0300][13852][2928 ][debug][gc,heap  ] GC(104)   object space 1398272K, 1% used [0x0000000080000000,0x0000000081176178,0x00000000d5580000)
[2025-06-17T23:19:18.540+0300][13852][2928 ][debug][gc,heap  ] GC(104)  Metaspace       used 8732K, committed 9792K, reserved 1114112K
[2025-06-17T23:19:18.540+0300][13852][2928 ][debug][gc,heap  ] GC(104)   class space    used 873K, committed 1280K, reserved 1048576K
[2025-06-17T23:19:18.540+0300][13852][2928 ][debug][gc,phases] GC(104) Scavenge 0.407ms
[2025-06-17T23:19:18.540+0300][13852][2928 ][debug][gc,phases] GC(104) Reference Processing 0.064ms
[2025-06-17T23:19:18.540+0300][13852][2928 ][debug][gc,phases] GC(104)   VM Weak                        Min:  0.0, Avg:  0.0, Max:  0.0, Diff:  0.0, Sum:  0.0, Workers: 8
[2025-06-17T23:19:18.540+0300][13852][2928 ][debug][gc,phases] GC(104)     Dead                           Min: 0, Avg:  0.0, Max: 0, Diff: 0, Sum: 0, Workers: 8
[2025-06-17T23:19:18.540+0300][13852][2928 ][debug][gc,phases] GC(104)     Total                          Min: 0, Avg: 15.4, Max: 73, Diff: 73, Sum: 123, Workers: 8
[2025-06-17T23:19:18.540+0300][13852][2928 ][debug][gc,phases] GC(104)   ObjectSynchronizer Weak        Min:  0.0, Avg:  0.0, Max:  0.0, Diff:  0.0, Sum:  0.0, Workers: 8
[2025-06-17T23:19:18.540+0300][13852][2928 ][debug][gc,phases] GC(104)     Dead                           Min: 0, Avg:  0.0, Max: 0, Diff: 0, Sum: 0, Workers: 8
[2025-06-17T23:19:18.540+0300][13852][2928 ][debug][gc,phases] GC(104)     Total                          Min: 0, Avg: 16.2, Max: 66, Diff: 66, Sum: 130, Workers: 8
[2025-06-17T23:19:18.540+0300][13852][2928 ][debug][gc,phases] GC(104)   JVMTI Tag Weak OopStorage      Min:  0.0, Avg:  0.0, Max:  0.0, Diff:  0.0, Sum:  0.0, Workers: 8
[2025-06-17T23:19:18.540+0300][13852][2928 ][debug][gc,phases] GC(104)     Dead                           Min: 0, Avg:  0.0, Max: 0, Diff: 0, Sum: 0, Workers: 8
[2025-06-17T23:19:18.540+0300][13852][2928 ][debug][gc,phases] GC(104)     Total                          Min: 0, Avg:  0.0, Max: 0, Diff: 0, Sum: 0, Workers: 8
[2025-06-17T23:19:18.540+0300][13852][2928 ][debug][gc,phases] GC(104)   StringTable Weak               Min:  0.0, Avg:  0.0, Max:  0.0, Diff:  0.0, Sum:  0.1, Workers: 8
[2025-06-17T23:19:18.540+0300][13852][2928 ][debug][gc,phases] GC(104)     Dead                           Min: 0, Avg:  0.0, Max: 0, Diff: 0, Sum: 0, Workers: 8
[2025-06-17T23:19:18.540+0300][13852][2928 ][debug][gc,phases] GC(104)     Total                          Min: 0, Avg: 785.4, Max: 1344, Diff: 1344, Sum: 6283, Workers: 8
[2025-06-17T23:19:18.540+0300][13852][2928 ][debug][gc,phases] GC(104)   ResolvedMethodTable Weak       Min:  0.0, Avg:  0.0, Max:  0.0, Diff:  0.0, Sum:  0.0, Workers: 8
[2025-06-17T23:19:18.540+0300][13852][2928 ][debug][gc,phases] GC(104)     Dead                           Min: 0, Avg:  0.0, Max: 0, Diff: 0, Sum: 0, Workers: 8
[2025-06-17T23:19:18.540+0300][13852][2928 ][debug][gc,phases] GC(104)     Total                          Min: 0, Avg: 110.4, Max: 190, Diff: 190, Sum: 883, Workers: 8
[2025-06-17T23:19:18.540+0300][13852][2928 ][debug][gc,phases] GC(104)   JNI Weak                       Min:  0.0, Avg:  0.0, Max:  0.0, Diff:  0.0, Sum:  0.0, Workers: 8
[2025-06-17T23:19:18.540+0300][13852][2928 ][debug][gc,phases] GC(104)     Dead                           Min: 0, Avg:  0.0, Max: 0, Diff: 0, Sum: 0, Workers: 8
[2025-06-17T23:19:18.540+0300][13852][2928 ][debug][gc,phases] GC(104)     Total                          Min: 0, Avg:  0.0, Max: 0, Diff: 0, Sum: 0, Workers: 8
[2025-06-17T23:19:18.540+0300][13852][2928 ][debug][gc,phases] GC(104)   StringDedup Table Weak         Min:  0.0, Avg:  0.0, Max:  0.0, Diff:  0.0, Sum:  0.0, Workers: 8
[2025-06-17T23:19:18.540+0300][13852][2928 ][debug][gc,phases] GC(104)     Dead                           Min: 0, Avg:  0.0, Max: 0, Diff: 0, Sum: 0, Workers: 8
[2025-06-17T23:19:18.540+0300][13852][2928 ][debug][gc,phases] GC(104)     Total                          Min: 0, Avg:  0.0, Max: 0, Diff: 0, Sum: 0, Workers: 8
[2025-06-17T23:19:18.540+0300][13852][2928 ][debug][gc,phases] GC(104)   StringDedup Requests0 Weak     Min:  0.0, Avg:  0.0, Max:  0.0, Diff:  0.0, Sum:  0.0, Workers: 8
[2025-06-17T23:19:18.540+0300][13852][2928 ][debug][gc,phases] GC(104)     Dead                           Min: 0, Avg:  0.0, Max: 0, Diff: 0, Sum: 0, Workers: 8
[2025-06-17T23:19:18.540+0300][13852][2928 ][debug][gc,phases] GC(104)     Total                          Min: 0, Avg:  0.0, Max: 0, Diff: 0, Sum: 0, Workers: 8
[2025-06-17T23:19:18.540+0300][13852][2928 ][debug][gc,phases] GC(104)   StringDedup Requests1 Weak     Min:  0.0, Avg:  0.0, Max:  0.0, Diff:  0.0, Sum:  0.0, Workers: 8
[2025-06-17T23:19:18.540+0300][13852][2928 ][debug][gc,phases] GC(104)     Dead                           Min: 0, Avg:  0.0, Max: 0, Diff: 0, Sum: 0, Workers: 8
[2025-06-17T23:19:18.540+0300][13852][2928 ][debug][gc,phases] GC(104)     Total                          Min: 0, Avg:  0.0, Max: 0, Diff: 0, Sum: 0, Workers: 8
[2025-06-17T23:19:18.540+0300][13852][2928 ][debug][gc,phases] GC(104)   Weak JFR Old Object Samples    Min:  0.0, Avg:  0.0, Max:  0.0, Diff:  0.0, Sum:  0.0, Workers: 8
[2025-06-17T23:19:18.540+0300][13852][2928 ][debug][gc,phases] GC(104)     Dead                           Min: 0, Avg:  0.0, Max: 0, Diff: 0, Sum: 0, Workers: 8
[2025-06-17T23:19:18.540+0300][13852][2928 ][debug][gc,phases] GC(104)     Total                          Min: 0, Avg:  0.0, Max: 0, Diff: 0, Sum: 0, Workers: 8
[2025-06-17T23:19:18.540+0300][13852][2928 ][debug][gc,phases] GC(104) Weak Processing 1.082ms
[2025-06-17T23:19:18.540+0300][13852][2928 ][info ][gc,heap  ] GC(104) PSYoungGen: 697376K(697856K)->592K(697856K) Eden: 696832K(696832K)->0K(696832K) From: 544K(1024K)->592K(1024K)
[2025-06-17T23:19:18.540+0300][13852][2928 ][info ][gc,heap  ] GC(104) ParOldGen: 17880K(1398272K)->17936K(1398272K)
[2025-06-17T23:19:18.540+0300][13852][2928 ][info ][gc       ] GC(104) Pause Young (Allocation Failure) 698M->18M(2047M) 1.735ms
[2025-06-17T23:19:18.540+0300][13852][2928 ][debug][gc,heap  ] GC(104) Heap after GC invocations=105 (full 3):
[2025-06-17T23:19:18.540+0300][13852][2928 ][debug][gc,heap  ] GC(104)  PSYoungGen      total 697856K, used 592K [0x00000000d5580000, 0x0000000100000000, 0x0000000100000000)
[2025-06-17T23:19:18.540+0300][13852][2928 ][debug][gc,heap  ] GC(104)   eden space 696832K, 0% used [0x00000000d5580000,0x00000000d5580000,0x00000000ffe00000)
[2025-06-17T23:19:18.540+0300][13852][2928 ][debug][gc,heap  ] GC(104)   from space 1024K, 57% used [0x00000000fff00000,0x00000000fff940b0,0x0000000100000000)
[2025-06-17T23:19:18.540+0300][13852][2928 ][debug][gc,heap  ] GC(104)   to   space 1024K, 0% used [0x00000000ffe00000,0x00000000ffe00000,0x00000000fff00000)
[2025-06-17T23:19:18.540+0300][13852][2928 ][debug][gc,heap  ] GC(104)  ParOldGen       total 1398272K, used 17936K [0x0000000080000000, 0x00000000d5580000, 0x00000000d5580000)
[2025-06-17T23:19:18.540+0300][13852][2928 ][debug][gc,heap  ] GC(104)   object space 1398272K, 1% used [0x0000000080000000,0x0000000081184178,0x00000000d5580000)
[2025-06-17T23:19:18.540+0300][13852][2928 ][debug][gc,heap  ] GC(104)  Metaspace       used 8732K, committed 9792K, reserved 1114112K
[2025-06-17T23:19:18.540+0300][13852][2928 ][debug][gc,heap  ] GC(104)   class space    used 873K, committed 1280K, reserved 1048576K
[2025-06-17T23:19:18.540+0300][13852][2928 ][info ][safepoint] Safepoint "ParallelGCFailedAllocation", Time since last: 222972300 ns, Reaching safepoint: 289900 ns, Cleanup: 7500 ns, At safepoint: 2184200 ns, Total: 2481600 ns
[2025-06-17T23:19:18.752+0300][13852][2928 ][debug][safepoint] Safepoint synchronization initiated using striped semaphore wait barrier. (19 threads)
[2025-06-17T23:19:18.752+0300][13852][13120][debug][safepoint] ... found polling page loop exception at pc = 0x0000012d13081a3e, stub =0x0000012d12894d80
[2025-06-17T23:19:18.752+0300][13852][17164][debug][safepoint] ... found polling page loop exception at pc = 0x0000012d12e96de0, stub =0x0000012d12894d80
[2025-06-17T23:19:18.752+0300][13852][4040 ][debug][safepoint] ... found polling page loop exception at pc = 0x0000012d12e96de0, stub =0x0000012d12894d80
[2025-06-17T23:19:18.752+0300][13852][19988][debug][safepoint] ... found polling page loop exception at pc = 0x0000012d12e96de0, stub =0x0000012d12894d80
[2025-06-17T23:19:18.752+0300][13852][2928 ][debug][gc,heap  ] GC(105) Heap before GC invocations=106 (full 3):
[2025-06-17T23:19:18.752+0300][13852][2928 ][debug][gc,heap  ] GC(105)  PSYoungGen      total 697856K, used 697424K [0x00000000d5580000, 0x0000000100000000, 0x0000000100000000)
[2025-06-17T23:19:18.752+0300][13852][2928 ][debug][gc,heap  ] GC(105)   eden space 696832K, 100% used [0x00000000d5580000,0x00000000ffe00000,0x00000000ffe00000)
[2025-06-17T23:19:18.752+0300][13852][2928 ][debug][gc,heap  ] GC(105)   from space 1024K, 57% used [0x00000000fff00000,0x00000000fff940b0,0x0000000100000000)
[2025-06-17T23:19:18.752+0300][13852][2928 ][debug][gc,heap  ] GC(105)   to   space 1024K, 0% used [0x00000000ffe00000,0x00000000ffe00000,0x00000000fff00000)
[2025-06-17T23:19:18.752+0300][13852][2928 ][debug][gc,heap  ] GC(105)  ParOldGen       total 1398272K, used 17936K [0x0000000080000000, 0x00000000d5580000, 0x00000000d5580000)
[2025-06-17T23:19:18.752+0300][13852][2928 ][debug][gc,heap  ] GC(105)   object space 1398272K, 1% used [0x0000000080000000,0x0000000081184178,0x00000000d5580000)
[2025-06-17T23:19:18.752+0300][13852][2928 ][debug][gc,heap  ] GC(105)  Metaspace       used 8732K, committed 9792K, reserved 1114112K
[2025-06-17T23:19:18.752+0300][13852][2928 ][debug][gc,heap  ] GC(105)   class space    used 873K, committed 1280K, reserved 1048576K
[2025-06-17T23:19:18.752+0300][13852][2928 ][debug][gc,phases] GC(105) Scavenge 0.241ms
[2025-06-17T23:19:18.752+0300][13852][2928 ][debug][gc,phases] GC(105) Reference Processing 0.051ms
[2025-06-17T23:19:18.752+0300][13852][2928 ][debug][gc,phases] GC(105)   VM Weak                        Min:  0.0, Avg:  0.0, Max:  0.0, Diff:  0.0, Sum:  0.0, Workers: 8
[2025-06-17T23:19:18.752+0300][13852][2928 ][debug][gc,phases] GC(105)     Dead                           Min: 0, Avg:  0.0, Max: 0, Diff: 0, Sum: 0, Workers: 8
[2025-06-17T23:19:18.752+0300][13852][2928 ][debug][gc,phases] GC(105)     Total                          Min: 0, Avg: 15.4, Max: 110, Diff: 110, Sum: 123, Workers: 8
[2025-06-17T23:19:18.752+0300][13852][2928 ][debug][gc,phases] GC(105)   ObjectSynchronizer Weak        Min:  0.0, Avg:  0.0, Max:  0.0, Diff:  0.0, Sum:  0.0, Workers: 8
[2025-06-17T23:19:18.752+0300][13852][2928 ][debug][gc,phases] GC(105)     Dead                           Min: 0, Avg:  0.0, Max: 0, Diff: 0, Sum: 0, Workers: 8
[2025-06-17T23:19:18.752+0300][13852][2928 ][debug][gc,phases] GC(105)     Total                          Min: 0, Avg: 16.2, Max: 64, Diff: 64, Sum: 130, Workers: 8
[2025-06-17T23:19:18.752+0300][13852][2928 ][debug][gc,phases] GC(105)   JVMTI Tag Weak OopStorage      Min:  0.0, Avg:  0.0, Max:  0.0, Diff:  0.0, Sum:  0.0, Workers: 8
[2025-06-17T23:19:18.752+0300][13852][2928 ][debug][gc,phases] GC(105)     Dead                           Min: 0, Avg:  0.0, Max: 0, Diff: 0, Sum: 0, Workers: 8
[2025-06-17T23:19:18.752+0300][13852][2928 ][debug][gc,phases] GC(105)     Total                          Min: 0, Avg:  0.0, Max: 0, Diff: 0, Sum: 0, Workers: 8
[2025-06-17T23:19:18.752+0300][13852][2928 ][debug][gc,phases] GC(105)   StringTable Weak               Min:  0.0, Avg:  0.0, Max:  0.0, Diff:  0.0, Sum:  0.1, Workers: 8
[2025-06-17T23:19:18.752+0300][13852][2928 ][debug][gc,phases] GC(105)     Dead                           Min: 0, Avg:  0.0, Max: 0, Diff: 0, Sum: 0, Workers: 8
[2025-06-17T23:19:18.752+0300][13852][2928 ][debug][gc,phases] GC(105)     Total                          Min: 704, Avg: 785.4, Max: 832, Diff: 128, Sum: 6283, Workers: 8
[2025-06-17T23:19:18.752+0300][13852][2928 ][debug][gc,phases] GC(105)   ResolvedMethodTable Weak       Min:  0.0, Avg:  0.0, Max:  0.0, Diff:  0.0, Sum:  0.0, Workers: 8
[2025-06-17T23:19:18.752+0300][13852][2928 ][debug][gc,phases] GC(105)     Dead                           Min: 0, Avg:  0.0, Max: 0, Diff: 0, Sum: 0, Workers: 8
[2025-06-17T23:19:18.752+0300][13852][2928 ][debug][gc,phases] GC(105)     Total                          Min: 59, Avg: 110.4, Max: 128, Diff: 69, Sum: 883, Workers: 8
[2025-06-17T23:19:18.752+0300][13852][2928 ][debug][gc,phases] GC(105)   JNI Weak                       Min:  0.0, Avg:  0.0, Max:  0.0, Diff:  0.0, Sum:  0.0, Workers: 8
[2025-06-17T23:19:18.752+0300][13852][2928 ][debug][gc,phases] GC(105)     Dead                           Min: 0, Avg:  0.0, Max: 0, Diff: 0, Sum: 0, Workers: 8
[2025-06-17T23:19:18.752+0300][13852][2928 ][debug][gc,phases] GC(105)     Total                          Min: 0, Avg:  0.0, Max: 0, Diff: 0, Sum: 0, Workers: 8
[2025-06-17T23:19:18.752+0300][13852][2928 ][debug][gc,phases] GC(105)   StringDedup Table Weak         Min:  0.0, Avg:  0.0, Max:  0.0, Diff:  0.0, Sum:  0.0, Workers: 8
[2025-06-17T23:19:18.752+0300][13852][2928 ][debug][gc,phases] GC(105)     Dead                           Min: 0, Avg:  0.0, Max: 0, Diff: 0, Sum: 0, Workers: 8
[2025-06-17T23:19:18.752+0300][13852][2928 ][debug][gc,phases] GC(105)     Total                          Min: 0, Avg:  0.0, Max: 0, Diff: 0, Sum: 0, Workers: 8
[2025-06-17T23:19:18.752+0300][13852][2928 ][debug][gc,phases] GC(105)   StringDedup Requests0 Weak     Min:  0.0, Avg:  0.0, Max:  0.0, Diff:  0.0, Sum:  0.0, Workers: 8
[2025-06-17T23:19:18.752+0300][13852][2928 ][debug][gc,phases] GC(105)     Dead                           Min: 0, Avg:  0.0, Max: 0, Diff: 0, Sum: 0, Workers: 8
[2025-06-17T23:19:18.752+0300][13852][2928 ][debug][gc,phases] GC(105)     Total                          Min: 0, Avg:  0.0, Max: 0, Diff: 0, Sum: 0, Workers: 8
[2025-06-17T23:19:18.752+0300][13852][2928 ][debug][gc,phases] GC(105)   StringDedup Requests1 Weak     Min:  0.0, Avg:  0.0, Max:  0.0, Diff:  0.0, Sum:  0.0, Workers: 8
[2025-06-17T23:19:18.752+0300][13852][2928 ][debug][gc,phases] GC(105)     Dead                           Min: 0, Avg:  0.0, Max: 0, Diff: 0, Sum: 0, Workers: 8
[2025-06-17T23:19:18.752+0300][13852][2928 ][debug][gc,phases] GC(105)     Total                          Min: 0, Avg:  0.0, Max: 0, Diff: 0, Sum: 0, Workers: 8
[2025-06-17T23:19:18.752+0300][13852][2928 ][debug][gc,phases] GC(105)   Weak JFR Old Object Samples    Min:  0.0, Avg:  0.0, Max:  0.0, Diff:  0.0, Sum:  0.0, Workers: 8
[2025-06-17T23:19:18.752+0300][13852][2928 ][debug][gc,phases] GC(105)     Dead                           Min: 0, Avg:  0.0, Max: 0, Diff: 0, Sum: 0, Workers: 8
[2025-06-17T23:19:18.752+0300][13852][2928 ][debug][gc,phases] GC(105)     Total                          Min: 0, Avg:  0.0, Max: 0, Diff: 0, Sum: 0, Workers: 8
[2025-06-17T23:19:18.752+0300][13852][2928 ][debug][gc,phases] GC(105) Weak Processing 0.594ms
[2025-06-17T23:19:18.752+0300][13852][2928 ][info ][gc,heap  ] GC(105) PSYoungGen: 697424K(697856K)->512K(697856K) Eden: 696832K(696832K)->0K(696832K) From: 592K(1024K)->512K(1024K)
[2025-06-17T23:19:18.752+0300][13852][2928 ][info ][gc,heap  ] GC(105) ParOldGen: 17936K(1398272K)->18000K(1398272K)
[2025-06-17T23:19:18.752+0300][13852][2928 ][info ][gc       ] GC(105) Pause Young (Allocation Failure) 698M->18M(2047M) 1.025ms
[2025-06-17T23:19:18.752+0300][13852][2928 ][debug][gc,heap  ] GC(105) Heap after GC invocations=106 (full 3):
[2025-06-17T23:19:18.752+0300][13852][2928 ][debug][gc,heap  ] GC(105)  PSYoungGen      total 697856K, used 512K [0x00000000d5580000, 0x0000000100000000, 0x0000000100000000)
[2025-06-17T23:19:18.752+0300][13852][2928 ][debug][gc,heap  ] GC(105)   eden space 696832K, 0% used [0x00000000d5580000,0x00000000d5580000,0x00000000ffe00000)
[2025-06-17T23:19:18.752+0300][13852][2928 ][debug][gc,heap  ] GC(105)   from space 1024K, 50% used [0x00000000ffe00000,0x00000000ffe80100,0x00000000fff00000)
[2025-06-17T23:19:18.752+0300][13852][2928 ][debug][gc,heap  ] GC(105)   to   space 1024K, 0% used [0x00000000fff00000,0x00000000fff00000,0x0000000100000000)
[2025-06-17T23:19:18.752+0300][13852][2928 ][debug][gc,heap  ] GC(105)  ParOldGen       total 1398272K, used 18000K [0x0000000080000000, 0x00000000d5580000, 0x00000000d5580000)
[2025-06-17T23:19:18.752+0300][13852][2928 ][debug][gc,heap  ] GC(105)   object space 1398272K, 1% used [0x0000000080000000,0x0000000081194178,0x00000000d5580000)
[2025-06-17T23:19:18.752+0300][13852][2928 ][debug][gc,heap  ] GC(105)  Metaspace       used 8732K, committed 9792K, reserved 1114112K
[2025-06-17T23:19:18.752+0300][13852][2928 ][debug][gc,heap  ] GC(105)   class space    used 873K, committed 1280K, reserved 1048576K
[2025-06-17T23:19:18.752+0300][13852][2928 ][info ][safepoint] Safepoint "ParallelGCFailedAllocation", Time since last: 208600300 ns, Reaching safepoint: 340300 ns, Cleanup: 6300 ns, At safepoint: 1416500 ns, Total: 1763100 ns
[2025-06-17T23:19:18.956+0300][13852][2928 ][debug][safepoint] Safepoint synchronization initiated using striped semaphore wait barrier. (19 threads)
[2025-06-17T23:19:18.956+0300][13852][15764][debug][safepoint] ... found polling page loop exception at pc = 0x0000012d12f50025, stub =0x0000012d12895600
[2025-06-17T23:19:18.956+0300][13852][13120][debug][safepoint] ... found polling page loop exception at pc = 0x0000012d12e96de0, stub =0x0000012d12894d80
[2025-06-17T23:19:18.956+0300][13852][19988][debug][safepoint] ... found polling page loop exception at pc = 0x0000012d12e96de0, stub =0x0000012d12894d80
[2025-06-17T23:19:18.956+0300][13852][2928 ][debug][gc,heap  ] GC(106) Heap before GC invocations=107 (full 3):
[2025-06-17T23:19:18.956+0300][13852][2928 ][debug][gc,heap  ] GC(106)  PSYoungGen      total 697856K, used 697344K [0x00000000d5580000, 0x0000000100000000, 0x0000000100000000)
[2025-06-17T23:19:18.956+0300][13852][2928 ][debug][gc,heap  ] GC(106)   eden space 696832K, 100% used [0x00000000d5580000,0x00000000ffe00000,0x00000000ffe00000)
[2025-06-17T23:19:18.956+0300][13852][2928 ][debug][gc,heap  ] GC(106)   from space 1024K, 50% used [0x00000000ffe00000,0x00000000ffe80100,0x00000000fff00000)
[2025-06-17T23:19:18.956+0300][13852][2928 ][debug][gc,heap  ] GC(106)   to   space 1024K, 0% used [0x00000000fff00000,0x00000000fff00000,0x0000000100000000)
[2025-06-17T23:19:18.956+0300][13852][2928 ][debug][gc,heap  ] GC(106)  ParOldGen       total 1398272K, used 18000K [0x0000000080000000, 0x00000000d5580000, 0x00000000d5580000)
[2025-06-17T23:19:18.956+0300][13852][2928 ][debug][gc,heap  ] GC(106)   object space 1398272K, 1% used [0x0000000080000000,0x0000000081194178,0x00000000d5580000)
[2025-06-17T23:19:18.956+0300][13852][2928 ][debug][gc,heap  ] GC(106)  Metaspace       used 8732K, committed 9792K, reserved 1114112K
[2025-06-17T23:19:18.956+0300][13852][2928 ][debug][gc,heap  ] GC(106)   class space    used 873K, committed 1280K, reserved 1048576K
[2025-06-17T23:19:18.956+0300][13852][2928 ][debug][gc,phases] GC(106) Scavenge 0.253ms
[2025-06-17T23:19:18.956+0300][13852][2928 ][debug][gc,phases] GC(106) Reference Processing 0.049ms
[2025-06-17T23:19:18.956+0300][13852][2928 ][debug][gc,phases] GC(106)   VM Weak                        Min:  0.0, Avg:  0.0, Max:  0.0, Diff:  0.0, Sum:  0.0, Workers: 8
[2025-06-17T23:19:18.956+0300][13852][2928 ][debug][gc,phases] GC(106)     Dead                           Min: 0, Avg:  0.0, Max: 0, Diff: 0, Sum: 0, Workers: 8
[2025-06-17T23:19:18.956+0300][13852][2928 ][debug][gc,phases] GC(106)     Total                          Min: 0, Avg: 15.4, Max: 114, Diff: 114, Sum: 123, Workers: 8
[2025-06-17T23:19:18.956+0300][13852][2928 ][debug][gc,phases] GC(106)   ObjectSynchronizer Weak        Min:  0.0, Avg:  0.0, Max:  0.0, Diff:  0.0, Sum:  0.0, Workers: 8
[2025-06-17T23:19:18.956+0300][13852][2928 ][debug][gc,phases] GC(106)     Dead                           Min: 0, Avg:  0.0, Max: 0, Diff: 0, Sum: 0, Workers: 8
[2025-06-17T23:19:18.956+0300][13852][2928 ][debug][gc,phases] GC(106)     Total                          Min: 0, Avg: 16.2, Max: 66, Diff: 66, Sum: 130, Workers: 8
[2025-06-17T23:19:18.956+0300][13852][2928 ][debug][gc,phases] GC(106)   JVMTI Tag Weak OopStorage      Min:  0.0, Avg:  0.0, Max:  0.0, Diff:  0.0, Sum:  0.0, Workers: 8
[2025-06-17T23:19:18.956+0300][13852][2928 ][debug][gc,phases] GC(106)     Dead                           Min: 0, Avg:  0.0, Max: 0, Diff: 0, Sum: 0, Workers: 8
[2025-06-17T23:19:18.956+0300][13852][2928 ][debug][gc,phases] GC(106)     Total                          Min: 0, Avg:  0.0, Max: 0, Diff: 0, Sum: 0, Workers: 8
[2025-06-17T23:19:18.956+0300][13852][2928 ][debug][gc,phases] GC(106)   StringTable Weak               Min:  0.0, Avg:  0.0, Max:  0.0, Diff:  0.0, Sum:  0.1, Workers: 8
[2025-06-17T23:19:18.956+0300][13852][2928 ][debug][gc,phases] GC(106)     Dead                           Min: 0, Avg:  0.0, Max: 0, Diff: 0, Sum: 0, Workers: 8
[2025-06-17T23:19:18.956+0300][13852][2928 ][debug][gc,phases] GC(106)     Total                          Min: 640, Avg: 785.4, Max: 1024, Diff: 384, Sum: 6283, Workers: 8
[2025-06-17T23:19:18.956+0300][13852][2928 ][debug][gc,phases] GC(106)   ResolvedMethodTable Weak       Min:  0.0, Avg:  0.0, Max:  0.0, Diff:  0.0, Sum:  0.0, Workers: 8
[2025-06-17T23:19:18.956+0300][13852][2928 ][debug][gc,phases] GC(106)     Dead                           Min: 0, Avg:  0.0, Max: 0, Diff: 0, Sum: 0, Workers: 8
[2025-06-17T23:19:18.956+0300][13852][2928 ][debug][gc,phases] GC(106)     Total                          Min: 59, Avg: 110.4, Max: 128, Diff: 69, Sum: 883, Workers: 8
[2025-06-17T23:19:18.956+0300][13852][2928 ][debug][gc,phases] GC(106)   JNI Weak                       Min:  0.0, Avg:  0.0, Max:  0.0, Diff:  0.0, Sum:  0.0, Workers: 8
[2025-06-17T23:19:18.956+0300][13852][2928 ][debug][gc,phases] GC(106)     Dead                           Min: 0, Avg:  0.0, Max: 0, Diff: 0, Sum: 0, Workers: 8
[2025-06-17T23:19:18.956+0300][13852][2928 ][debug][gc,phases] GC(106)     Total                          Min: 0, Avg:  0.0, Max: 0, Diff: 0, Sum: 0, Workers: 8
[2025-06-17T23:19:18.956+0300][13852][2928 ][debug][gc,phases] GC(106)   StringDedup Table Weak         Min:  0.0, Avg:  0.0, Max:  0.0, Diff:  0.0, Sum:  0.0, Workers: 8
[2025-06-17T23:19:18.956+0300][13852][2928 ][debug][gc,phases] GC(106)     Dead                           Min: 0, Avg:  0.0, Max: 0, Diff: 0, Sum: 0, Workers: 8
[2025-06-17T23:19:18.956+0300][13852][2928 ][debug][gc,phases] GC(106)     Total                          Min: 0, Avg:  0.0, Max: 0, Diff: 0, Sum: 0, Workers: 8
[2025-06-17T23:19:18.956+0300][13852][2928 ][debug][gc,phases] GC(106)   StringDedup Requests0 Weak     Min:  0.0, Avg:  0.0, Max:  0.0, Diff:  0.0, Sum:  0.0, Workers: 8
[2025-06-17T23:19:18.956+0300][13852][2928 ][debug][gc,phases] GC(106)     Dead                           Min: 0, Avg:  0.0, Max: 0, Diff: 0, Sum: 0, Workers: 8
[2025-06-17T23:19:18.956+0300][13852][2928 ][debug][gc,phases] GC(106)     Total                          Min: 0, Avg:  0.0, Max: 0, Diff: 0, Sum: 0, Workers: 8
[2025-06-17T23:19:18.956+0300][13852][2928 ][debug][gc,phases] GC(106)   StringDedup Requests1 Weak     Min:  0.0, Avg:  0.0, Max:  0.0, Diff:  0.0, Sum:  0.0, Workers: 8
[2025-06-17T23:19:18.956+0300][13852][2928 ][debug][gc,phases] GC(106)     Dead                           Min: 0, Avg:  0.0, Max: 0, Diff: 0, Sum: 0, Workers: 8
[2025-06-17T23:19:18.956+0300][13852][2928 ][debug][gc,phases] GC(106)     Total                          Min: 0, Avg:  0.0, Max: 0, Diff: 0, Sum: 0, Workers: 8
[2025-06-17T23:19:18.956+0300][13852][2928 ][debug][gc,phases] GC(106)   Weak JFR Old Object Samples    Min:  0.0, Avg:  0.0, Max:  0.0, Diff:  0.0, Sum:  0.0, Workers: 8
[2025-06-17T23:19:18.956+0300][13852][2928 ][debug][gc,phases] GC(106)     Dead                           Min: 0, Avg:  0.0, Max: 0, Diff: 0, Sum: 0, Workers: 8
[2025-06-17T23:19:18.956+0300][13852][2928 ][debug][gc,phases] GC(106)     Total                          Min: 0, Avg:  0.0, Max: 0, Diff: 0, Sum: 0, Workers: 8
[2025-06-17T23:19:18.956+0300][13852][2928 ][debug][gc,phases] GC(106) Weak Processing 0.602ms
[2025-06-17T23:19:18.956+0300][13852][2928 ][info ][gc,heap  ] GC(106) PSYoungGen: 697344K(697856K)->512K(697856K) Eden: 696832K(696832K)->0K(696832K) From: 512K(1024K)->512K(1024K)
[2025-06-17T23:19:18.956+0300][13852][2928 ][info ][gc,heap  ] GC(106) ParOldGen: 18000K(1398272K)->18064K(1398272K)
[2025-06-17T23:19:18.956+0300][13852][2928 ][info ][gc       ] GC(106) Pause Young (Allocation Failure) 698M->18M(2047M) 1.045ms
[2025-06-17T23:19:18.956+0300][13852][2928 ][debug][gc,heap  ] GC(106) Heap after GC invocations=107 (full 3):
[2025-06-17T23:19:18.956+0300][13852][2928 ][debug][gc,heap  ] GC(106)  PSYoungGen      total 697856K, used 512K [0x00000000d5580000, 0x0000000100000000, 0x0000000100000000)
[2025-06-17T23:19:18.956+0300][13852][2928 ][debug][gc,heap  ] GC(106)   eden space 696832K, 0% used [0x00000000d5580000,0x00000000d5580000,0x00000000ffe00000)
[2025-06-17T23:19:18.956+0300][13852][2928 ][debug][gc,heap  ] GC(106)   from space 1024K, 50% used [0x00000000fff00000,0x00000000fff800c0,0x0000000100000000)
[2025-06-17T23:19:18.956+0300][13852][2928 ][debug][gc,heap  ] GC(106)   to   space 1024K, 0% used [0x00000000ffe00000,0x00000000ffe00000,0x00000000fff00000)
[2025-06-17T23:19:18.956+0300][13852][2928 ][debug][gc,heap  ] GC(106)  ParOldGen       total 1398272K, used 18064K [0x0000000080000000, 0x00000000d5580000, 0x00000000d5580000)
[2025-06-17T23:19:18.956+0300][13852][2928 ][debug][gc,heap  ] GC(106)   object space 1398272K, 1% used [0x0000000080000000,0x00000000811a4178,0x00000000d5580000)
[2025-06-17T23:19:18.956+0300][13852][2928 ][debug][gc,heap  ] GC(106)  Metaspace       used 8732K, committed 9792K, reserved 1114112K
[2025-06-17T23:19:18.956+0300][13852][2928 ][debug][gc,heap  ] GC(106)   class space    used 873K, committed 1280K, reserved 1048576K
[2025-06-17T23:19:18.956+0300][13852][2928 ][info ][safepoint] Safepoint "ParallelGCFailedAllocation", Time since last: 203336500 ns, Reaching safepoint: 335800 ns, Cleanup: 8800 ns, At safepoint: 1464900 ns, Total: 1809500 ns
[2025-06-17T23:19:19.180+0300][13852][2928 ][debug][safepoint] Safepoint synchronization initiated using striped semaphore wait barrier. (19 threads)
[2025-06-17T23:19:19.180+0300][13852][8464 ][debug][safepoint] ... found polling page loop exception at pc = 0x0000012d12e96de0, stub =0x0000012d12894d80
[2025-06-17T23:19:19.180+0300][13852][4040 ][debug][safepoint] ... found polling page loop exception at pc = 0x0000012d12e96de0, stub =0x0000012d12894d80
[2025-06-17T23:19:19.180+0300][13852][15764][debug][safepoint] ... found polling page loop exception at pc = 0x0000012d12e96de0, stub =0x0000012d12894d80
[2025-06-17T23:19:19.180+0300][13852][2928 ][debug][gc,heap  ] GC(107) Heap before GC invocations=108 (full 3):
[2025-06-17T23:19:19.180+0300][13852][2928 ][debug][gc,heap  ] GC(107)  PSYoungGen      total 697856K, used 697344K [0x00000000d5580000, 0x0000000100000000, 0x0000000100000000)
[2025-06-17T23:19:19.180+0300][13852][2928 ][debug][gc,heap  ] GC(107)   eden space 696832K, 100% used [0x00000000d5580000,0x00000000ffe00000,0x00000000ffe00000)
[2025-06-17T23:19:19.180+0300][13852][2928 ][debug][gc,heap  ] GC(107)   from space 1024K, 50% used [0x00000000fff00000,0x00000000fff800c0,0x0000000100000000)
[2025-06-17T23:19:19.180+0300][13852][2928 ][debug][gc,heap  ] GC(107)   to   space 1024K, 0% used [0x00000000ffe00000,0x00000000ffe00000,0x00000000fff00000)
[2025-06-17T23:19:19.180+0300][13852][2928 ][debug][gc,heap  ] GC(107)  ParOldGen       total 1398272K, used 18064K [0x0000000080000000, 0x00000000d5580000, 0x00000000d5580000)
[2025-06-17T23:19:19.180+0300][13852][2928 ][debug][gc,heap  ] GC(107)   object space 1398272K, 1% used [0x0000000080000000,0x00000000811a4178,0x00000000d5580000)
[2025-06-17T23:19:19.180+0300][13852][2928 ][debug][gc,heap  ] GC(107)  Metaspace       used 8732K, committed 9792K, reserved 1114112K
[2025-06-17T23:19:19.180+0300][13852][2928 ][debug][gc,heap  ] GC(107)   class space    used 873K, committed 1280K, reserved 1048576K
[2025-06-17T23:19:19.180+0300][13852][2928 ][debug][gc,phases] GC(107) Scavenge 0.271ms
[2025-06-17T23:19:19.180+0300][13852][2928 ][debug][gc,phases] GC(107) Reference Processing 0.053ms
[2025-06-17T23:19:19.180+0300][13852][2928 ][debug][gc,phases] GC(107)   VM Weak                        Min:  0.0, Avg:  0.0, Max:  0.0, Diff:  0.0, Sum:  0.0, Workers: 8
[2025-06-17T23:19:19.180+0300][13852][2928 ][debug][gc,phases] GC(107)     Dead                           Min: 0, Avg:  0.0, Max: 0, Diff: 0, Sum: 0, Workers: 8
[2025-06-17T23:19:19.180+0300][13852][2928 ][debug][gc,phases] GC(107)     Total                          Min: 0, Avg: 15.4, Max: 85, Diff: 85, Sum: 123, Workers: 8
[2025-06-17T23:19:19.180+0300][13852][2928 ][debug][gc,phases] GC(107)   ObjectSynchronizer Weak        Min:  0.0, Avg:  0.0, Max:  0.0, Diff:  0.0, Sum:  0.0, Workers: 8
[2025-06-17T23:19:19.180+0300][13852][2928 ][debug][gc,phases] GC(107)     Dead                           Min: 0, Avg:  0.0, Max: 0, Diff: 0, Sum: 0, Workers: 8
[2025-06-17T23:19:19.180+0300][13852][2928 ][debug][gc,phases] GC(107)     Total                          Min: 0, Avg: 16.2, Max: 64, Diff: 64, Sum: 130, Workers: 8
[2025-06-17T23:19:19.180+0300][13852][2928 ][debug][gc,phases] GC(107)   JVMTI Tag Weak OopStorage      Min:  0.0, Avg:  0.0, Max:  0.0, Diff:  0.0, Sum:  0.0, Workers: 8
[2025-06-17T23:19:19.180+0300][13852][2928 ][debug][gc,phases] GC(107)     Dead                           Min: 0, Avg:  0.0, Max: 0, Diff: 0, Sum: 0, Workers: 8
[2025-06-17T23:19:19.180+0300][13852][2928 ][debug][gc,phases] GC(107)     Total                          Min: 0, Avg:  0.0, Max: 0, Diff: 0, Sum: 0, Workers: 8
[2025-06-17T23:19:19.180+0300][13852][2928 ][debug][gc,phases] GC(107)   StringTable Weak               Min:  0.0, Avg:  0.0, Max:  0.0, Diff:  0.0, Sum:  0.1, Workers: 8
[2025-06-17T23:19:19.180+0300][13852][2928 ][debug][gc,phases] GC(107)     Dead                           Min: 0, Avg:  0.0, Max: 0, Diff: 0, Sum: 0, Workers: 8
[2025-06-17T23:19:19.180+0300][13852][2928 ][debug][gc,phases] GC(107)     Total                          Min: 704, Avg: 785.4, Max: 843, Diff: 139, Sum: 6283, Workers: 8
[2025-06-17T23:19:19.180+0300][13852][2928 ][debug][gc,phases] GC(107)   ResolvedMethodTable Weak       Min:  0.0, Avg:  0.0, Max:  0.0, Diff:  0.0, Sum:  0.0, Workers: 8
[2025-06-17T23:19:19.180+0300][13852][2928 ][debug][gc,phases] GC(107)     Dead                           Min: 0, Avg:  0.0, Max: 0, Diff: 0, Sum: 0, Workers: 8
[2025-06-17T23:19:19.180+0300][13852][2928 ][debug][gc,phases] GC(107)     Total                          Min: 63, Avg: 110.4, Max: 128, Diff: 65, Sum: 883, Workers: 8
[2025-06-17T23:19:19.180+0300][13852][2928 ][debug][gc,phases] GC(107)   JNI Weak                       Min:  0.0, Avg:  0.0, Max:  0.0, Diff:  0.0, Sum:  0.0, Workers: 8
[2025-06-17T23:19:19.180+0300][13852][2928 ][debug][gc,phases] GC(107)     Dead                           Min: 0, Avg:  0.0, Max: 0, Diff: 0, Sum: 0, Workers: 8
[2025-06-17T23:19:19.180+0300][13852][2928 ][debug][gc,phases] GC(107)     Total                          Min: 0, Avg:  0.0, Max: 0, Diff: 0, Sum: 0, Workers: 8
[2025-06-17T23:19:19.180+0300][13852][2928 ][debug][gc,phases] GC(107)   StringDedup Table Weak         Min:  0.0, Avg:  0.0, Max:  0.0, Diff:  0.0, Sum:  0.0, Workers: 8
[2025-06-17T23:19:19.180+0300][13852][2928 ][debug][gc,phases] GC(107)     Dead                           Min: 0, Avg:  0.0, Max: 0, Diff: 0, Sum: 0, Workers: 8
[2025-06-17T23:19:19.180+0300][13852][2928 ][debug][gc,phases] GC(107)     Total                          Min: 0, Avg:  0.0, Max: 0, Diff: 0, Sum: 0, Workers: 8
[2025-06-17T23:19:19.180+0300][13852][2928 ][debug][gc,phases] GC(107)   StringDedup Requests0 Weak     Min:  0.0, Avg:  0.0, Max:  0.0, Diff:  0.0, Sum:  0.0, Workers: 8
[2025-06-17T23:19:19.180+0300][13852][2928 ][debug][gc,phases] GC(107)     Dead                           Min: 0, Avg:  0.0, Max: 0, Diff: 0, Sum: 0, Workers: 8
[2025-06-17T23:19:19.180+0300][13852][2928 ][debug][gc,phases] GC(107)     Total                          Min: 0, Avg:  0.0, Max: 0, Diff: 0, Sum: 0, Workers: 8
[2025-06-17T23:19:19.180+0300][13852][2928 ][debug][gc,phases] GC(107)   StringDedup Requests1 Weak     Min:  0.0, Avg:  0.0, Max:  0.0, Diff:  0.0, Sum:  0.0, Workers: 8
[2025-06-17T23:19:19.180+0300][13852][2928 ][debug][gc,phases] GC(107)     Dead                           Min: 0, Avg:  0.0, Max: 0, Diff: 0, Sum: 0, Workers: 8
[2025-06-17T23:19:19.180+0300][13852][2928 ][debug][gc,phases] GC(107)     Total                          Min: 0, Avg:  0.0, Max: 0, Diff: 0, Sum: 0, Workers: 8
[2025-06-17T23:19:19.180+0300][13852][2928 ][debug][gc,phases] GC(107)   Weak JFR Old Object Samples    Min:  0.0, Avg:  0.0, Max:  0.0, Diff:  0.0, Sum:  0.0, Workers: 8
[2025-06-17T23:19:19.180+0300][13852][2928 ][debug][gc,phases] GC(107)     Dead                           Min: 0, Avg:  0.0, Max: 0, Diff: 0, Sum: 0, Workers: 8
[2025-06-17T23:19:19.180+0300][13852][2928 ][debug][gc,phases] GC(107)     Total                          Min: 0, Avg:  0.0, Max: 0, Diff: 0, Sum: 0, Workers: 8
[2025-06-17T23:19:19.180+0300][13852][2928 ][debug][gc,phases] GC(107) Weak Processing 0.632ms
[2025-06-17T23:19:19.180+0300][13852][2928 ][info ][gc,heap  ] GC(107) PSYoungGen: 697344K(697856K)->544K(697856K) Eden: 696832K(696832K)->0K(696832K) From: 512K(1024K)->544K(1024K)
[2025-06-17T23:19:19.180+0300][13852][2928 ][info ][gc,heap  ] GC(107) ParOldGen: 18064K(1398272K)->18128K(1398272K)
[2025-06-17T23:19:19.180+0300][13852][2928 ][info ][gc       ] GC(107) Pause Young (Allocation Failure) 698M->18M(2047M) 1.097ms
[2025-06-17T23:19:19.180+0300][13852][2928 ][debug][gc,heap  ] GC(107) Heap after GC invocations=108 (full 3):
[2025-06-17T23:19:19.180+0300][13852][2928 ][debug][gc,heap  ] GC(107)  PSYoungGen      total 697856K, used 544K [0x00000000d5580000, 0x0000000100000000, 0x0000000100000000)
[2025-06-17T23:19:19.180+0300][13852][2928 ][debug][gc,heap  ] GC(107)   eden space 696832K, 0% used [0x00000000d5580000,0x00000000d5580000,0x00000000ffe00000)
[2025-06-17T23:19:19.180+0300][13852][2928 ][debug][gc,heap  ] GC(107)   from space 1024K, 53% used [0x00000000ffe00000,0x00000000ffe880e0,0x00000000fff00000)
[2025-06-17T23:19:19.180+0300][13852][2928 ][debug][gc,heap  ] GC(107)   to   space 1024K, 0% used [0x00000000fff00000,0x00000000fff00000,0x0000000100000000)
[2025-06-17T23:19:19.180+0300][13852][2928 ][debug][gc,heap  ] GC(107)  ParOldGen       total 1398272K, used 18128K [0x0000000080000000, 0x00000000d5580000, 0x00000000d5580000)
[2025-06-17T23:19:19.180+0300][13852][2928 ][debug][gc,heap  ] GC(107)   object space 1398272K, 1% used [0x0000000080000000,0x00000000811b4178,0x00000000d5580000)
[2025-06-17T23:19:19.180+0300][13852][2928 ][debug][gc,heap  ] GC(107)  Metaspace       used 8732K, committed 9792K, reserved 1114112K
[2025-06-17T23:19:19.180+0300][13852][2928 ][debug][gc,heap  ] GC(107)   class space    used 873K, committed 1280K, reserved 1048576K
[2025-06-17T23:19:19.180+0300][13852][2928 ][info ][safepoint] Safepoint "ParallelGCFailedAllocation", Time since last: 222341100 ns, Reaching safepoint: 333600 ns, Cleanup: 7300 ns, At safepoint: 1510500 ns, Total: 1851400 ns
[2025-06-17T23:19:19.398+0300][13852][2928 ][debug][safepoint] Safepoint synchronization initiated using striped semaphore wait barrier. (19 threads)
[2025-06-17T23:19:19.398+0300][13852][2928 ][debug][gc,heap  ] GC(108) Heap before GC invocations=109 (full 3):
[2025-06-17T23:19:19.398+0300][13852][2928 ][debug][gc,heap  ] GC(108)  PSYoungGen      total 697856K, used 697376K [0x00000000d5580000, 0x0000000100000000, 0x0000000100000000)
[2025-06-17T23:19:19.398+0300][13852][2928 ][debug][gc,heap  ] GC(108)   eden space 696832K, 100% used [0x00000000d5580000,0x00000000ffe00000,0x00000000ffe00000)
[2025-06-17T23:19:19.400+0300][13852][2928 ][debug][gc,heap  ] GC(108)   from space 1024K, 53% used [0x00000000ffe00000,0x00000000ffe880e0,0x00000000fff00000)
[2025-06-17T23:19:19.400+0300][13852][2928 ][debug][gc,heap  ] GC(108)   to   space 1024K, 0% used [0x00000000fff00000,0x00000000fff00000,0x0000000100000000)
[2025-06-17T23:19:19.400+0300][13852][2928 ][debug][gc,heap  ] GC(108)  ParOldGen       total 1398272K, used 18128K [0x0000000080000000, 0x00000000d5580000, 0x00000000d5580000)
[2025-06-17T23:19:19.400+0300][13852][2928 ][debug][gc,heap  ] GC(108)   object space 1398272K, 1% used [0x0000000080000000,0x00000000811b4178,0x00000000d5580000)
[2025-06-17T23:19:19.400+0300][13852][2928 ][debug][gc,heap  ] GC(108)  Metaspace       used 8732K, committed 9792K, reserved 1114112K
[2025-06-17T23:19:19.400+0300][13852][2928 ][debug][gc,heap  ] GC(108)   class space    used 873K, committed 1280K, reserved 1048576K
[2025-06-17T23:19:19.400+0300][13852][2928 ][debug][gc,phases] GC(108) Scavenge 0.360ms
[2025-06-17T23:19:19.400+0300][13852][2928 ][debug][gc,phases] GC(108) Reference Processing 0.054ms
[2025-06-17T23:19:19.400+0300][13852][2928 ][debug][gc,phases] GC(108)   VM Weak                        Min:  0.0, Avg:  0.0, Max:  0.0, Diff:  0.0, Sum:  0.0, Workers: 8
[2025-06-17T23:19:19.400+0300][13852][2928 ][debug][gc,phases] GC(108)     Dead                           Min: 0, Avg:  0.0, Max: 0, Diff: 0, Sum: 0, Workers: 8
[2025-06-17T23:19:19.400+0300][13852][2928 ][debug][gc,phases] GC(108)     Total                          Min: 0, Avg: 15.4, Max: 123, Diff: 123, Sum: 123, Workers: 8
[2025-06-17T23:19:19.400+0300][13852][2928 ][debug][gc,phases] GC(108)   ObjectSynchronizer Weak        Min:  0.0, Avg:  0.0, Max:  0.0, Diff:  0.0, Sum:  0.0, Workers: 8
[2025-06-17T23:19:19.400+0300][13852][2928 ][debug][gc,phases] GC(108)     Dead                           Min: 0, Avg:  0.0, Max: 0, Diff: 0, Sum: 0, Workers: 8
[2025-06-17T23:19:19.400+0300][13852][2928 ][debug][gc,phases] GC(108)     Total                          Min: 0, Avg: 16.2, Max: 64, Diff: 64, Sum: 130, Workers: 8
[2025-06-17T23:19:19.400+0300][13852][2928 ][debug][gc,phases] GC(108)   JVMTI Tag Weak OopStorage      Min:  0.0, Avg:  0.0, Max:  0.0, Diff:  0.0, Sum:  0.0, Workers: 8
[2025-06-17T23:19:19.400+0300][13852][2928 ][debug][gc,phases] GC(108)     Dead                           Min: 0, Avg:  0.0, Max: 0, Diff: 0, Sum: 0, Workers: 8
[2025-06-17T23:19:19.400+0300][13852][2928 ][debug][gc,phases] GC(108)     Total                          Min: 0, Avg:  0.0, Max: 0, Diff: 0, Sum: 0, Workers: 8
[2025-06-17T23:19:19.400+0300][13852][2928 ][debug][gc,phases] GC(108)   StringTable Weak               Min:  0.0, Avg:  0.0, Max:  0.0, Diff:  0.0, Sum:  0.1, Workers: 8
[2025-06-17T23:19:19.400+0300][13852][2928 ][debug][gc,phases] GC(108)     Dead                           Min: 0, Avg:  0.0, Max: 0, Diff: 0, Sum: 0, Workers: 8
[2025-06-17T23:19:19.400+0300][13852][2928 ][debug][gc,phases] GC(108)     Total                          Min: 0, Avg: 785.4, Max: 971, Diff: 971, Sum: 6283, Workers: 8
[2025-06-17T23:19:19.400+0300][13852][2928 ][debug][gc,phases] GC(108)   ResolvedMethodTable Weak       Min:  0.0, Avg:  0.0, Max:  0.0, Diff:  0.0, Sum:  0.0, Workers: 8
[2025-06-17T23:19:19.400+0300][13852][2928 ][debug][gc,phases] GC(108)     Dead                           Min: 0, Avg:  0.0, Max: 0, Diff: 0, Sum: 0, Workers: 8
[2025-06-17T23:19:19.400+0300][13852][2928 ][debug][gc,phases] GC(108)     Total                          Min: 0, Avg: 110.4, Max: 128, Diff: 128, Sum: 883, Workers: 8
[2025-06-17T23:19:19.400+0300][13852][2928 ][debug][gc,phases] GC(108)   JNI Weak                       Min:  0.0, Avg:  0.0, Max:  0.0, Diff:  0.0, Sum:  0.0, Workers: 8
[2025-06-17T23:19:19.400+0300][13852][2928 ][debug][gc,phases] GC(108)     Dead                           Min: 0, Avg:  0.0, Max: 0, Diff: 0, Sum: 0, Workers: 8
[2025-06-17T23:19:19.400+0300][13852][2928 ][debug][gc,phases] GC(108)     Total                          Min: 0, Avg:  0.0, Max: 0, Diff: 0, Sum: 0, Workers: 8
[2025-06-17T23:19:19.400+0300][13852][2928 ][debug][gc,phases] GC(108)   StringDedup Table Weak         Min:  0.0, Avg:  0.0, Max:  0.0, Diff:  0.0, Sum:  0.0, Workers: 8
[2025-06-17T23:19:19.400+0300][13852][2928 ][debug][gc,phases] GC(108)     Dead                           Min: 0, Avg:  0.0, Max: 0, Diff: 0, Sum: 0, Workers: 8
[2025-06-17T23:19:19.400+0300][13852][2928 ][debug][gc,phases] GC(108)     Total                          Min: 0, Avg:  0.0, Max: 0, Diff: 0, Sum: 0, Workers: 8
[2025-06-17T23:19:19.400+0300][13852][2928 ][debug][gc,phases] GC(108)   StringDedup Requests0 Weak     Min:  0.0, Avg:  0.0, Max:  0.0, Diff:  0.0, Sum:  0.0, Workers: 8
[2025-06-17T23:19:19.400+0300][13852][2928 ][debug][gc,phases] GC(108)     Dead                           Min: 0, Avg:  0.0, Max: 0, Diff: 0, Sum: 0, Workers: 8
[2025-06-17T23:19:19.400+0300][13852][2928 ][debug][gc,phases] GC(108)     Total                          Min: 0, Avg:  0.0, Max: 0, Diff: 0, Sum: 0, Workers: 8
[2025-06-17T23:19:19.400+0300][13852][2928 ][debug][gc,phases] GC(108)   StringDedup Requests1 Weak     Min:  0.0, Avg:  0.0, Max:  0.0, Diff:  0.0, Sum:  0.0, Workers: 8
[2025-06-17T23:19:19.400+0300][13852][2928 ][debug][gc,phases] GC(108)     Dead                           Min: 0, Avg:  0.0, Max: 0, Diff: 0, Sum: 0, Workers: 8
[2025-06-17T23:19:19.400+0300][13852][2928 ][debug][gc,phases] GC(108)     Total                          Min: 0, Avg:  0.0, Max: 0, Diff: 0, Sum: 0, Workers: 8
[2025-06-17T23:19:19.400+0300][13852][2928 ][debug][gc,phases] GC(108)   Weak JFR Old Object Samples    Min:  0.0, Avg:  0.0, Max:  0.0, Diff:  0.0, Sum:  0.0, Workers: 8
[2025-06-17T23:19:19.400+0300][13852][2928 ][debug][gc,phases] GC(108)     Dead                           Min: 0, Avg:  0.0, Max: 0, Diff: 0, Sum: 0, Workers: 8
[2025-06-17T23:19:19.400+0300][13852][2928 ][debug][gc,phases] GC(108)     Total                          Min: 0, Avg:  0.0, Max: 0, Diff: 0, Sum: 0, Workers: 8
[2025-06-17T23:19:19.400+0300][13852][2928 ][debug][gc,phases] GC(108) Weak Processing 0.627ms
[2025-06-17T23:19:19.400+0300][13852][2928 ][info ][gc,heap  ] GC(108) PSYoungGen: 697376K(697856K)->448K(697856K) Eden: 696832K(696832K)->0K(696832K) From: 544K(1024K)->448K(1024K)
[2025-06-17T23:19:19.400+0300][13852][2928 ][info ][gc,heap  ] GC(108) ParOldGen: 18128K(1398272K)->18192K(1398272K)
[2025-06-17T23:19:19.400+0300][13852][2928 ][info ][gc       ] GC(108) Pause Young (Allocation Failure) 698M->18M(2047M) 1.176ms
[2025-06-17T23:19:19.400+0300][13852][2928 ][debug][gc,heap  ] GC(108) Heap after GC invocations=109 (full 3):
[2025-06-17T23:19:19.400+0300][13852][2928 ][debug][gc,heap  ] GC(108)  PSYoungGen      total 697856K, used 448K [0x00000000d5580000, 0x0000000100000000, 0x0000000100000000)
[2025-06-17T23:19:19.400+0300][13852][2928 ][debug][gc,heap  ] GC(108)   eden space 696832K, 0% used [0x00000000d5580000,0x00000000d5580000,0x00000000ffe00000)
[2025-06-17T23:19:19.400+0300][13852][2928 ][debug][gc,heap  ] GC(108)   from space 1024K, 43% used [0x00000000fff00000,0x00000000fff70080,0x0000000100000000)
[2025-06-17T23:19:19.400+0300][13852][2928 ][debug][gc,heap  ] GC(108)   to   space 1024K, 0% used [0x00000000ffe00000,0x00000000ffe00000,0x00000000fff00000)
[2025-06-17T23:19:19.400+0300][13852][2928 ][debug][gc,heap  ] GC(108)  ParOldGen       total 1398272K, used 18192K [0x0000000080000000, 0x00000000d5580000, 0x00000000d5580000)
[2025-06-17T23:19:19.400+0300][13852][2928 ][debug][gc,heap  ] GC(108)   object space 1398272K, 1% used [0x0000000080000000,0x00000000811c4178,0x00000000d5580000)
[2025-06-17T23:19:19.400+0300][13852][2928 ][debug][gc,heap  ] GC(108)  Metaspace       used 8732K, committed 9792K, reserved 1114112K
[2025-06-17T23:19:19.400+0300][13852][2928 ][debug][gc,heap  ] GC(108)   class space    used 873K, committed 1280K, reserved 1048576K
[2025-06-17T23:19:19.400+0300][13852][2928 ][info ][safepoint] Safepoint "ParallelGCFailedAllocation", Time since last: 216456100 ns, Reaching safepoint: 83700 ns, Cleanup: 6600 ns, At safepoint: 1545500 ns, Total: 1635800 ns
[2025-06-17T23:19:19.893+0300][13852][2928 ][debug][safepoint] Safepoint synchronization initiated using striped semaphore wait barrier. (11 threads)
