[2025-06-17T23:29:02.312+0300][2060][20600][debug][gc,heap] Minimum heap 12884901888  Initial heap 12884901888  Maximum heap 12884901888
[2025-06-17T23:29:02.312+0300][2060][20600][info ][gc     ] Using Parallel
[2025-06-17T23:29:03.418+0300][2060][1928 ][debug][safepoint] Safepoint synchronization initiated using striped semaphore wait barrier. (11 threads)
[2025-06-17T23:29:03.418+0300][2060][1928 ][info ][safepoint] Safepoint "Cleanup", Time since last: 1073831200 ns, Reaching safepoint: 174100 ns, Cleanup: 59400 ns, At safepoint: 5500 ns, Total: 239000 ns
[2025-06-17T23:29:04.208+0300][2060][1928 ][debug][safepoint] Safepoint synchronization initiated using striped semaphore wait barrier. (12 threads)
[2025-06-17T23:29:04.208+0300][2060][1928 ][debug][gc,heap  ] GC(0) Heap before GC invocations=1 (full 0):
[2025-06-17T23:29:04.208+0300][2060][1928 ][debug][gc,heap  ] GC(0)  PSYoungGen      total 3670016K, used 440530K [0x0000000700000000, 0x0000000800000000, 0x0000000800000000)
[2025-06-17T23:29:04.208+0300][2060][1928 ][debug][gc,heap  ] GC(0)   eden space 3145728K, 14% used [0x0000000700000000,0x000000071ae34998,0x00000007c0000000)
[2025-06-17T23:29:04.208+0300][2060][1928 ][debug][gc,heap  ] GC(0)   from space 524288K, 0% used [0x00000007e0000000,0x00000007e0000000,0x0000000800000000)
[2025-06-17T23:29:04.208+0300][2060][1928 ][debug][gc,heap  ] GC(0)   to   space 524288K, 0% used [0x00000007c0000000,0x00000007c0000000,0x00000007e0000000)
[2025-06-17T23:29:04.208+0300][2060][1928 ][debug][gc,heap  ] GC(0)  ParOldGen       total 8388608K, used 0K [0x0000000500000000, 0x0000000700000000, 0x0000000700000000)
[2025-06-17T23:29:04.208+0300][2060][1928 ][debug][gc,heap  ] GC(0)   object space 8388608K, 0% used [0x0000000500000000,0x0000000500000000,0x0000000700000000)
[2025-06-17T23:29:04.208+0300][2060][1928 ][debug][gc,heap  ] GC(0)  Metaspace       used 2835K, committed 3072K, reserved 1114112K
[2025-06-17T23:29:04.208+0300][2060][1928 ][debug][gc,heap  ] GC(0)   class space    used 256K, committed 384K, reserved 1048576K
[2025-06-17T23:29:04.208+0300][2060][1928 ][debug][gc,phases] GC(0) Scavenge 1.523ms
[2025-06-17T23:29:04.208+0300][2060][1928 ][debug][gc,phases] GC(0) Reference Processing 0.169ms
[2025-06-17T23:29:04.208+0300][2060][1928 ][debug][gc,phases] GC(0)   VM Weak                        Min:  0.0, Avg:  0.0, Max:  0.0, Diff:  0.0, Sum:  0.0, Workers: 5
[2025-06-17T23:29:04.208+0300][2060][1928 ][debug][gc,phases] GC(0)     Dead                           Min: 0, Avg:  0.0, Max: 0, Diff: 0, Sum: 0, Workers: 5
[2025-06-17T23:29:04.208+0300][2060][1928 ][debug][gc,phases] GC(0)     Total                          Min: 0, Avg:  4.0, Max: 20, Diff: 20, Sum: 20, Workers: 5
[2025-06-17T23:29:04.208+0300][2060][1928 ][debug][gc,phases] GC(0)   ObjectSynchronizer Weak        Min:  0.0, Avg:  0.0, Max:  0.0, Diff:  0.0, Sum:  0.0, Workers: 5
[2025-06-17T23:29:04.208+0300][2060][1928 ][debug][gc,phases] GC(0)     Dead                           Min: 0, Avg:  0.0, Max: 0, Diff: 0, Sum: 0, Workers: 5
[2025-06-17T23:29:04.208+0300][2060][1928 ][debug][gc,phases] GC(0)     Total                          Min: 0, Avg:  0.2, Max: 1, Diff: 1, Sum: 1, Workers: 5
[2025-06-17T23:29:04.208+0300][2060][1928 ][debug][gc,phases] GC(0)   JVMTI Tag Weak OopStorage      Min:  0.0, Avg:  0.0, Max:  0.0, Diff:  0.0, Sum:  0.0, Workers: 5
[2025-06-17T23:29:04.208+0300][2060][1928 ][debug][gc,phases] GC(0)     Dead                           Min: 0, Avg:  0.0, Max: 0, Diff: 0, Sum: 0, Workers: 5
[2025-06-17T23:29:04.208+0300][2060][1928 ][debug][gc,phases] GC(0)     Total                          Min: 0, Avg:  0.0, Max: 0, Diff: 0, Sum: 0, Workers: 5
[2025-06-17T23:29:04.208+0300][2060][1928 ][debug][gc,phases] GC(0)   StringTable Weak               Min:  0.0, Avg:  0.0, Max:  0.1, Diff:  0.1, Sum:  0.2, Workers: 5
[2025-06-17T23:29:04.208+0300][2060][1928 ][debug][gc,phases] GC(0)     Dead                           Min: 0, Avg:  1.0, Max: 3, Diff: 3, Sum: 5, Workers: 5
[2025-06-17T23:29:04.208+0300][2060][1928 ][debug][gc,phases] GC(0)     Total                          Min: 192, Avg: 849.2, Max: 1920, Diff: 1728, Sum: 4246, Workers: 5
[2025-06-17T23:29:04.208+0300][2060][1928 ][debug][gc,phases] GC(0)   ResolvedMethodTable Weak       Min:  0.0, Avg:  0.0, Max:  0.0, Diff:  0.0, Sum:  0.0, Workers: 5
[2025-06-17T23:29:04.208+0300][2060][1928 ][debug][gc,phases] GC(0)     Dead                           Min: 0, Avg:  4.2, Max: 13, Diff: 13, Sum: 21, Workers: 5
[2025-06-17T23:29:04.208+0300][2060][1928 ][debug][gc,phases] GC(0)     Total                          Min: 0, Avg: 40.4, Max: 64, Diff: 64, Sum: 202, Workers: 5
[2025-06-17T23:29:04.208+0300][2060][1928 ][debug][gc,phases] GC(0)   JNI Weak                       Min:  0.0, Avg:  0.0, Max:  0.0, Diff:  0.0, Sum:  0.0, Workers: 5
[2025-06-17T23:29:04.208+0300][2060][1928 ][debug][gc,phases] GC(0)     Dead                           Min: 0, Avg:  0.0, Max: 0, Diff: 0, Sum: 0, Workers: 5
[2025-06-17T23:29:04.208+0300][2060][1928 ][debug][gc,phases] GC(0)     Total                          Min: 0, Avg:  0.0, Max: 0, Diff: 0, Sum: 0, Workers: 5
[2025-06-17T23:29:04.208+0300][2060][1928 ][debug][gc,phases] GC(0)   StringDedup Table Weak         Min:  0.0, Avg:  0.0, Max:  0.0, Diff:  0.0, Sum:  0.0, Workers: 5
[2025-06-17T23:29:04.208+0300][2060][1928 ][debug][gc,phases] GC(0)     Dead                           Min: 0, Avg:  0.0, Max: 0, Diff: 0, Sum: 0, Workers: 5
[2025-06-17T23:29:04.208+0300][2060][1928 ][debug][gc,phases] GC(0)     Total                          Min: 0, Avg:  0.0, Max: 0, Diff: 0, Sum: 0, Workers: 5
[2025-06-17T23:29:04.208+0300][2060][1928 ][debug][gc,phases] GC(0)   StringDedup Requests0 Weak     Min:  0.0, Avg:  0.0, Max:  0.0, Diff:  0.0, Sum:  0.0, Workers: 5
[2025-06-17T23:29:04.208+0300][2060][1928 ][debug][gc,phases] GC(0)     Dead                           Min: 0, Avg:  0.0, Max: 0, Diff: 0, Sum: 0, Workers: 5
[2025-06-17T23:29:04.208+0300][2060][1928 ][debug][gc,phases] GC(0)     Total                          Min: 0, Avg:  0.0, Max: 0, Diff: 0, Sum: 0, Workers: 5
[2025-06-17T23:29:04.208+0300][2060][1928 ][debug][gc,phases] GC(0)   StringDedup Requests1 Weak     Min:  0.0, Avg:  0.0, Max:  0.0, Diff:  0.0, Sum:  0.0, Workers: 5
[2025-06-17T23:29:04.208+0300][2060][1928 ][debug][gc,phases] GC(0)     Dead                           Min: 0, Avg:  0.0, Max: 0, Diff: 0, Sum: 0, Workers: 5
[2025-06-17T23:29:04.208+0300][2060][1928 ][debug][gc,phases] GC(0)     Total                          Min: 0, Avg:  0.0, Max: 0, Diff: 0, Sum: 0, Workers: 5
[2025-06-17T23:29:04.208+0300][2060][1928 ][debug][gc,phases] GC(0)   Weak JFR Old Object Samples    Min:  0.0, Avg:  0.0, Max:  0.0, Diff:  0.0, Sum:  0.0, Workers: 5
[2025-06-17T23:29:04.208+0300][2060][1928 ][debug][gc,phases] GC(0)     Dead                           Min: 0, Avg:  0.0, Max: 0, Diff: 0, Sum: 0, Workers: 5
[2025-06-17T23:29:04.208+0300][2060][1928 ][debug][gc,phases] GC(0)     Total                          Min: 0, Avg:  0.0, Max: 0, Diff: 0, Sum: 0, Workers: 5
[2025-06-17T23:29:04.208+0300][2060][1928 ][debug][gc,phases] GC(0) Weak Processing 0.492ms
[2025-06-17T23:29:04.208+0300][2060][1928 ][info ][gc,heap  ] GC(0) PSYoungGen: 440530K(3670016K)->3090K(3670016K) Eden: 440530K(3145728K)->0K(3145728K) From: 0K(524288K)->3090K(524288K)
[2025-06-17T23:29:04.208+0300][2060][1928 ][info ][gc,heap  ] GC(0) ParOldGen: 0K(8388608K)->8K(8388608K)
[2025-06-17T23:29:04.208+0300][2060][1928 ][info ][gc       ] GC(0) Pause Young (System.gc()) 430M->3M(11776M) 2.590ms
[2025-06-17T23:29:04.208+0300][2060][1928 ][debug][gc,heap  ] GC(0) Heap after GC invocations=1 (full 0):
[2025-06-17T23:29:04.208+0300][2060][1928 ][debug][gc,heap  ] GC(0)  PSYoungGen      total 3670016K, used 3090K [0x0000000700000000, 0x0000000800000000, 0x0000000800000000)
[2025-06-17T23:29:04.208+0300][2060][1928 ][debug][gc,heap  ] GC(0)   eden space 3145728K, 0% used [0x0000000700000000,0x0000000700000000,0x00000007c0000000)
[2025-06-17T23:29:04.208+0300][2060][1928 ][debug][gc,heap  ] GC(0)   from space 524288K, 0% used [0x00000007c0000000,0x00000007c0304b70,0x00000007e0000000)
[2025-06-17T23:29:04.208+0300][2060][1928 ][debug][gc,heap  ] GC(0)   to   space 524288K, 0% used [0x00000007e0000000,0x00000007e0000000,0x0000000800000000)
[2025-06-17T23:29:04.208+0300][2060][1928 ][debug][gc,heap  ] GC(0)  ParOldGen       total 8388608K, used 8K [0x0000000500000000, 0x0000000700000000, 0x0000000700000000)
[2025-06-17T23:29:04.208+0300][2060][1928 ][debug][gc,heap  ] GC(0)   object space 8388608K, 0% used [0x0000000500000000,0x0000000500002000,0x0000000700000000)
[2025-06-17T23:29:04.208+0300][2060][1928 ][debug][gc,heap  ] GC(0)  Metaspace       used 2835K, committed 3072K, reserved 1114112K
[2025-06-17T23:29:04.208+0300][2060][1928 ][debug][gc,heap  ] GC(0)   class space    used 256K, committed 384K, reserved 1048576K
[2025-06-17T23:29:04.208+0300][2060][1928 ][debug][gc,heap  ] GC(1) Heap before GC invocations=2 (full 1):
[2025-06-17T23:29:04.208+0300][2060][1928 ][debug][gc,heap  ] GC(1)  PSYoungGen      total 3670016K, used 3090K [0x0000000700000000, 0x0000000800000000, 0x0000000800000000)
[2025-06-17T23:29:04.208+0300][2060][1928 ][debug][gc,heap  ] GC(1)   eden space 3145728K, 0% used [0x0000000700000000,0x0000000700000000,0x00000007c0000000)
[2025-06-17T23:29:04.208+0300][2060][1928 ][debug][gc,heap  ] GC(1)   from space 524288K, 0% used [0x00000007c0000000,0x00000007c0304b70,0x00000007e0000000)
[2025-06-17T23:29:04.208+0300][2060][1928 ][debug][gc,heap  ] GC(1)   to   space 524288K, 0% used [0x00000007e0000000,0x00000007e0000000,0x0000000800000000)
[2025-06-17T23:29:04.208+0300][2060][1928 ][debug][gc,heap  ] GC(1)  ParOldGen       total 8388608K, used 8K [0x0000000500000000, 0x0000000700000000, 0x0000000700000000)
[2025-06-17T23:29:04.208+0300][2060][1928 ][debug][gc,heap  ] GC(1)   object space 8388608K, 0% used [0x0000000500000000,0x0000000500002000,0x0000000700000000)
[2025-06-17T23:29:04.208+0300][2060][1928 ][debug][gc,heap  ] GC(1)  Metaspace       used 2835K, committed 3072K, reserved 1114112K
[2025-06-17T23:29:04.208+0300][2060][1928 ][debug][gc,heap  ] GC(1)   class space    used 256K, committed 384K, reserved 1048576K
[2025-06-17T23:29:04.208+0300][2060][1928 ][debug][gc,phases] GC(1) Pre Compact 0.074ms
[2025-06-17T23:29:04.208+0300][2060][1928 ][debug][gc,phases] GC(1) Par Mark 1.199ms
[2025-06-17T23:29:04.208+0300][2060][1928 ][debug][gc,phases] GC(1) Reference Processing 0.152ms
[2025-06-17T23:29:04.208+0300][2060][1928 ][debug][gc,phases] GC(1)   VM Weak                        Min:  0.0, Avg:  0.0, Max:  0.0, Diff:  0.0, Sum:  0.0, Workers: 5
[2025-06-17T23:29:04.208+0300][2060][1928 ][debug][gc,phases] GC(1)     Dead                           Min: 0, Avg:  0.0, Max: 0, Diff: 0, Sum: 0, Workers: 5
[2025-06-17T23:29:04.208+0300][2060][1928 ][debug][gc,phases] GC(1)     Total                          Min: 0, Avg:  4.0, Max: 20, Diff: 20, Sum: 20, Workers: 5
[2025-06-17T23:29:04.208+0300][2060][1928 ][debug][gc,phases] GC(1)   ObjectSynchronizer Weak        Min:  0.0, Avg:  0.0, Max:  0.0, Diff:  0.0, Sum:  0.0, Workers: 5
[2025-06-17T23:29:04.208+0300][2060][1928 ][debug][gc,phases] GC(1)     Dead                           Min: 0, Avg:  0.0, Max: 0, Diff: 0, Sum: 0, Workers: 5
[2025-06-17T23:29:04.208+0300][2060][1928 ][debug][gc,phases] GC(1)     Total                          Min: 0, Avg:  0.2, Max: 1, Diff: 1, Sum: 1, Workers: 5
[2025-06-17T23:29:04.208+0300][2060][1928 ][debug][gc,phases] GC(1)   JVMTI Tag Weak OopStorage      Min:  0.0, Avg:  0.0, Max:  0.0, Diff:  0.0, Sum:  0.0, Workers: 5
[2025-06-17T23:29:04.208+0300][2060][1928 ][debug][gc,phases] GC(1)     Dead                           Min: 0, Avg:  0.0, Max: 0, Diff: 0, Sum: 0, Workers: 5
[2025-06-17T23:29:04.208+0300][2060][1928 ][debug][gc,phases] GC(1)     Total                          Min: 0, Avg:  0.0, Max: 0, Diff: 0, Sum: 0, Workers: 5
[2025-06-17T23:29:04.208+0300][2060][1928 ][debug][gc,phases] GC(1)   StringTable Weak               Min:  0.0, Avg:  0.0, Max:  0.0, Diff:  0.0, Sum:  0.1, Workers: 5
[2025-06-17T23:29:04.208+0300][2060][1928 ][debug][gc,phases] GC(1)     Dead                           Min: 0, Avg:  0.0, Max: 0, Diff: 0, Sum: 0, Workers: 5
[2025-06-17T23:29:04.208+0300][2060][1928 ][debug][gc,phases] GC(1)     Total                          Min: 0, Avg: 849.2, Max: 2902, Diff: 2902, Sum: 4246, Workers: 5
[2025-06-17T23:29:04.208+0300][2060][1928 ][debug][gc,phases] GC(1)   ResolvedMethodTable Weak       Min:  0.0, Avg:  0.0, Max:  0.0, Diff:  0.0, Sum:  0.0, Workers: 5
[2025-06-17T23:29:04.208+0300][2060][1928 ][debug][gc,phases] GC(1)     Dead                           Min: 0, Avg:  0.0, Max: 0, Diff: 0, Sum: 0, Workers: 5
[2025-06-17T23:29:04.208+0300][2060][1928 ][debug][gc,phases] GC(1)     Total                          Min: 0, Avg: 40.4, Max: 128, Diff: 128, Sum: 202, Workers: 5
[2025-06-17T23:29:04.208+0300][2060][1928 ][debug][gc,phases] GC(1)   JNI Weak                       Min:  0.0, Avg:  0.0, Max:  0.0, Diff:  0.0, Sum:  0.0, Workers: 5
[2025-06-17T23:29:04.208+0300][2060][1928 ][debug][gc,phases] GC(1)     Dead                           Min: 0, Avg:  0.0, Max: 0, Diff: 0, Sum: 0, Workers: 5
[2025-06-17T23:29:04.208+0300][2060][1928 ][debug][gc,phases] GC(1)     Total                          Min: 0, Avg:  0.0, Max: 0, Diff: 0, Sum: 0, Workers: 5
[2025-06-17T23:29:04.208+0300][2060][1928 ][debug][gc,phases] GC(1)   StringDedup Table Weak         Min:  0.0, Avg:  0.0, Max:  0.0, Diff:  0.0, Sum:  0.0, Workers: 5
[2025-06-17T23:29:04.208+0300][2060][1928 ][debug][gc,phases] GC(1)     Dead                           Min: 0, Avg:  0.0, Max: 0, Diff: 0, Sum: 0, Workers: 5
[2025-06-17T23:29:04.208+0300][2060][1928 ][debug][gc,phases] GC(1)     Total                          Min: 0, Avg:  0.0, Max: 0, Diff: 0, Sum: 0, Workers: 5
[2025-06-17T23:29:04.208+0300][2060][1928 ][debug][gc,phases] GC(1)   StringDedup Requests0 Weak     Min:  0.0, Avg:  0.0, Max:  0.0, Diff:  0.0, Sum:  0.0, Workers: 5
[2025-06-17T23:29:04.208+0300][2060][1928 ][debug][gc,phases] GC(1)     Dead                           Min: 0, Avg:  0.0, Max: 0, Diff: 0, Sum: 0, Workers: 5
[2025-06-17T23:29:04.208+0300][2060][1928 ][debug][gc,phases] GC(1)     Total                          Min: 0, Avg:  0.0, Max: 0, Diff: 0, Sum: 0, Workers: 5
[2025-06-17T23:29:04.208+0300][2060][1928 ][debug][gc,phases] GC(1)   StringDedup Requests1 Weak     Min:  0.0, Avg:  0.0, Max:  0.0, Diff:  0.0, Sum:  0.0, Workers: 5
[2025-06-17T23:29:04.208+0300][2060][1928 ][debug][gc,phases] GC(1)     Dead                           Min: 0, Avg:  0.0, Max: 0, Diff: 0, Sum: 0, Workers: 5
[2025-06-17T23:29:04.208+0300][2060][1928 ][debug][gc,phases] GC(1)     Total                          Min: 0, Avg:  0.0, Max: 0, Diff: 0, Sum: 0, Workers: 5
[2025-06-17T23:29:04.208+0300][2060][1928 ][debug][gc,phases] GC(1)   Weak JFR Old Object Samples    Min:  0.0, Avg:  0.0, Max:  0.0, Diff:  0.0, Sum:  0.0, Workers: 5
[2025-06-17T23:29:04.208+0300][2060][1928 ][debug][gc,phases] GC(1)     Dead                           Min: 0, Avg:  0.0, Max: 0, Diff: 0, Sum: 0, Workers: 5
[2025-06-17T23:29:04.208+0300][2060][1928 ][debug][gc,phases] GC(1)     Total                          Min: 0, Avg:  0.0, Max: 0, Diff: 0, Sum: 0, Workers: 5
[2025-06-17T23:29:04.208+0300][2060][1928 ][debug][gc,phases] GC(1) Weak Processing 0.363ms
[2025-06-17T23:29:04.208+0300][2060][1928 ][debug][gc,phases] GC(1) ClassLoaderData 0.004ms
[2025-06-17T23:29:04.208+0300][2060][1928 ][debug][gc,phases] GC(1) Trigger cleanups 0.000ms
[2025-06-17T23:29:04.208+0300][2060][1928 ][debug][gc,phases] GC(1) Purge Unlinked NMethods 0.001ms
[2025-06-17T23:29:04.208+0300][2060][1928 ][debug][gc,phases] GC(1) Unregister NMethods 0.003ms
[2025-06-17T23:29:04.208+0300][2060][1928 ][debug][gc,phases] GC(1) Free Code Blobs 0.000ms
[2025-06-17T23:29:04.208+0300][2060][1928 ][debug][gc,phases] GC(1) Class Unloading 0.824ms
[2025-06-17T23:29:04.208+0300][2060][1928 ][debug][gc,phases] GC(1) Report Object Count 0.001ms
[2025-06-17T23:29:04.208+0300][2060][1928 ][info ][gc,phases] GC(1) Marking Phase 2.627ms
[2025-06-17T23:29:04.208+0300][2060][1928 ][info ][gc,phases] GC(1) Summary Phase 0.001ms
[2025-06-17T23:29:04.208+0300][2060][1928 ][info ][gc,phases] GC(1) Adjust Roots 0.947ms
[2025-06-17T23:29:04.208+0300][2060][1928 ][info ][gc,phases] GC(1) Compaction Phase 3.153ms
[2025-06-17T23:29:04.208+0300][2060][1928 ][debug][gc,phases] GC(1) Purge Class Loader Data 0.036ms
[2025-06-17T23:29:04.208+0300][2060][1928 ][info ][gc,phases] GC(1) Post Compact 0.580ms
[2025-06-17T23:29:04.208+0300][2060][1928 ][info ][gc,heap  ] GC(1) PSYoungGen: 3090K(3670016K)->0K(3670016K) Eden: 0K(3145728K)->0K(3145728K) From: 3090K(524288K)->0K(524288K)
[2025-06-17T23:29:04.208+0300][2060][1928 ][info ][gc,heap  ] GC(1) ParOldGen: 8K(8388608K)->2946K(8388608K)
[2025-06-17T23:29:04.208+0300][2060][1928 ][info ][gc       ] GC(1) Pause Full (System.gc()) 3M->2M(11776M) 7.468ms
[2025-06-17T23:29:04.208+0300][2060][1928 ][debug][gc,heap  ] GC(1) Heap after GC invocations=2 (full 1):
[2025-06-17T23:29:04.208+0300][2060][1928 ][debug][gc,heap  ] GC(1)  PSYoungGen      total 3670016K, used 0K [0x0000000700000000, 0x0000000800000000, 0x0000000800000000)
[2025-06-17T23:29:04.208+0300][2060][1928 ][debug][gc,heap  ] GC(1)   eden space 3145728K, 0% used [0x0000000700000000,0x0000000700000000,0x00000007c0000000)
[2025-06-17T23:29:04.208+0300][2060][1928 ][debug][gc,heap  ] GC(1)   from space 524288K, 0% used [0x00000007c0000000,0x00000007c0000000,0x00000007e0000000)
[2025-06-17T23:29:04.208+0300][2060][1928 ][debug][gc,heap  ] GC(1)   to   space 524288K, 0% used [0x00000007e0000000,0x00000007e0000000,0x0000000800000000)
[2025-06-17T23:29:04.208+0300][2060][1928 ][debug][gc,heap  ] GC(1)  ParOldGen       total 8388608K, used 2946K [0x0000000500000000, 0x0000000700000000, 0x0000000700000000)
[2025-06-17T23:29:04.208+0300][2060][1928 ][debug][gc,heap  ] GC(1)   object space 8388608K, 0% used [0x0000000500000000,0x00000005002e0bd0,0x0000000700000000)
[2025-06-17T23:29:04.208+0300][2060][1928 ][debug][gc,heap  ] GC(1)  Metaspace       used 2835K, committed 3072K, reserved 1114112K
[2025-06-17T23:29:04.208+0300][2060][1928 ][debug][gc,heap  ] GC(1)   class space    used 256K, committed 384K, reserved 1048576K
[2025-06-17T23:29:04.208+0300][2060][1928 ][info ][safepoint] Safepoint "ParallelGCSystemGC", Time since last: 790893800 ns, Reaching safepoint: 41100 ns, Cleanup: 26600 ns, At safepoint: 10461600 ns, Total: 10529300 ns
[2025-06-17T23:29:04.536+0300][2060][1928 ][debug][safepoint] Safepoint synchronization initiated using striped semaphore wait barrier. (21 threads)
[2025-06-17T23:29:04.536+0300][2060][17720][debug][safepoint] ... found polling page loop exception at pc = 0x000001c3002f97d8, stub =0x000001c307585600
[2025-06-17T23:29:04.536+0300][2060][6616 ][debug][safepoint] ... found polling page loop exception at pc = 0x000001c307b7d5e0, stub =0x000001c307584d80
[2025-06-17T23:29:04.538+0300][2060][1928 ][info ][safepoint] Safepoint "ICBufferFull", Time since last: 318533500 ns, Reaching safepoint: 294200 ns, Cleanup: 81800 ns, At safepoint: 14200 ns, Total: 390200 ns
[2025-06-17T23:29:04.657+0300][2060][1928 ][debug][safepoint] Safepoint synchronization initiated using striped semaphore wait barrier. (21 threads)
[2025-06-17T23:29:04.657+0300][2060][17720][debug][safepoint] ... found polling page loop exception at pc = 0x000001c3003f768f, stub =0x000001c307585600
[2025-06-17T23:29:04.657+0300][2060][1928 ][info ][safepoint] Safepoint "ICBufferFull", Time since last: 118974500 ns, Reaching safepoint: 157700 ns, Cleanup: 88600 ns, At safepoint: 15400 ns, Total: 261700 ns
[2025-06-17T23:29:04.657+0300][2060][1928 ][debug][safepoint] Safepoint synchronization initiated using striped semaphore wait barrier. (21 threads)
[2025-06-17T23:29:04.657+0300][2060][1928 ][info ][safepoint] Safepoint "ICBufferFull", Time since last: 64000 ns, Reaching safepoint: 56800 ns, Cleanup: 3600 ns, At safepoint: 11900 ns, Total: 72300 ns
[2025-06-17T23:29:04.657+0300][2060][1928 ][debug][safepoint] Safepoint synchronization initiated using striped semaphore wait barrier. (21 threads)
[2025-06-17T23:29:04.657+0300][2060][1928 ][info ][safepoint] Safepoint "ICBufferFull", Time since last: 55100 ns, Reaching safepoint: 55200 ns, Cleanup: 1800 ns, At safepoint: 11900 ns, Total: 68900 ns
[2025-06-17T23:29:04.657+0300][2060][1928 ][debug][safepoint] Safepoint synchronization initiated using striped semaphore wait barrier. (21 threads)
[2025-06-17T23:29:04.657+0300][2060][1928 ][info ][safepoint] Safepoint "ICBufferFull", Time since last: 146000 ns, Reaching safepoint: 88700 ns, Cleanup: 1900 ns, At safepoint: 13200 ns, Total: 103800 ns
[2025-06-17T23:29:04.657+0300][2060][1928 ][debug][safepoint] Safepoint synchronization initiated using striped semaphore wait barrier. (21 threads)
[2025-06-17T23:29:04.657+0300][2060][1928 ][info ][safepoint] Safepoint "ICBufferFull", Time since last: 161000 ns, Reaching safepoint: 168600 ns, Cleanup: 1700 ns, At safepoint: 13900 ns, Total: 184200 ns
[2025-06-17T23:29:05.034+0300][2060][1928 ][debug][safepoint] Safepoint synchronization initiated using striped semaphore wait barrier. (21 threads)
[2025-06-17T23:29:05.034+0300][2060][22200][debug][safepoint] ... found polling page loop exception at pc = 0x000001c307b7d5e0, stub =0x000001c307584d80
[2025-06-17T23:29:05.034+0300][2060][1928 ][info ][safepoint] Safepoint "ICBufferFull", Time since last: 376701400 ns, Reaching safepoint: 190800 ns, Cleanup: 65300 ns, At safepoint: 14400 ns, Total: 270500 ns
[2025-06-17T23:29:05.034+0300][2060][1928 ][debug][safepoint] Safepoint synchronization initiated using striped semaphore wait barrier. (21 threads)
[2025-06-17T23:29:05.034+0300][2060][22200][debug][safepoint] ... found polling page loop exception at pc = 0x000001c307b7d5e0, stub =0x000001c307584d80
[2025-06-17T23:29:05.034+0300][2060][1928 ][info ][safepoint] Safepoint "ICBufferFull", Time since last: 54900 ns, Reaching safepoint: 84200 ns, Cleanup: 2000 ns, At safepoint: 13900 ns, Total: 100100 ns
[2025-06-17T23:29:05.037+0300][2060][1928 ][debug][safepoint] Safepoint synchronization initiated using striped semaphore wait barrier. (21 threads)
[2025-06-17T23:29:05.037+0300][2060][21624][debug][safepoint] ... found polling page loop exception at pc = 0x000001c307b7d5e0, stub =0x000001c307584d80
[2025-06-17T23:29:05.037+0300][2060][15092][debug][safepoint] ... found polling page loop exception at pc = 0x000001c307bd91d2, stub =0x000001c307585600
[2025-06-17T23:29:05.037+0300][2060][18116][debug][safepoint] ... found polling page loop exception at pc = 0x000001c307b7d5e0, stub =0x000001c307584d80
[2025-06-17T23:29:05.037+0300][2060][6616 ][debug][safepoint] ... found polling page loop exception at pc = 0x000001c307c0fb34, stub =0x000001c307584d80
[2025-06-17T23:29:05.037+0300][2060][15012][debug][safepoint] ... found polling page loop exception at pc = 0x000001c307b7d5e0, stub =0x000001c307584d80
[2025-06-17T23:29:05.037+0300][2060][22200][debug][safepoint] ... found polling page loop exception at pc = 0x000001c307b7d5e0, stub =0x000001c307584d80
[2025-06-17T23:29:05.037+0300][2060][1928 ][info ][safepoint] Safepoint "ICBufferFull", Time since last: 1778500 ns, Reaching safepoint: 268600 ns, Cleanup: 2700 ns, At safepoint: 16100 ns, Total: 287400 ns
[2025-06-17T23:29:05.988+0300][2060][1928 ][debug][safepoint] Safepoint synchronization initiated using striped semaphore wait barrier. (21 threads)
[2025-06-17T23:29:05.988+0300][2060][17720][debug][safepoint] ... found polling page loop exception at pc = 0x000001c307b7d5e0, stub =0x000001c307584d80
[2025-06-17T23:29:05.988+0300][2060][22200][debug][safepoint] ... found polling page loop exception at pc = 0x000001c307b7d5e0, stub =0x000001c307584d80
[2025-06-17T23:29:05.988+0300][2060][20472][debug][safepoint] ... found polling page loop exception at pc = 0x000001c307b7d5e0, stub =0x000001c307584d80
[2025-06-17T23:29:05.988+0300][2060][21624][debug][safepoint] ... found polling page loop exception at pc = 0x000001c307b7d5e0, stub =0x000001c307584d80
[2025-06-17T23:29:05.988+0300][2060][1928 ][debug][gc,heap  ] GC(2) Heap before GC invocations=3 (full 1):
[2025-06-17T23:29:05.988+0300][2060][1928 ][debug][gc,heap  ] GC(2)  PSYoungGen      total 3670016K, used 3145728K [0x0000000700000000, 0x0000000800000000, 0x0000000800000000)
[2025-06-17T23:29:05.988+0300][2060][1928 ][debug][gc,heap  ] GC(2)   eden space 3145728K, 100% used [0x0000000700000000,0x00000007c0000000,0x00000007c0000000)
[2025-06-17T23:29:05.988+0300][2060][1928 ][debug][gc,heap  ] GC(2)   from space 524288K, 0% used [0x00000007c0000000,0x00000007c0000000,0x00000007e0000000)
[2025-06-17T23:29:05.988+0300][2060][1928 ][debug][gc,heap  ] GC(2)   to   space 524288K, 0% used [0x00000007e0000000,0x00000007e0000000,0x0000000800000000)
[2025-06-17T23:29:05.988+0300][2060][1928 ][debug][gc,heap  ] GC(2)  ParOldGen       total 8388608K, used 2946K [0x0000000500000000, 0x0000000700000000, 0x0000000700000000)
[2025-06-17T23:29:05.988+0300][2060][1928 ][debug][gc,heap  ] GC(2)   object space 8388608K, 0% used [0x0000000500000000,0x00000005002e0bd0,0x0000000700000000)
[2025-06-17T23:29:05.988+0300][2060][1928 ][debug][gc,heap  ] GC(2)  Metaspace       used 8925K, committed 9472K, reserved 1114112K
[2025-06-17T23:29:05.988+0300][2060][1928 ][debug][gc,heap  ] GC(2)   class space    used 978K, committed 1216K, reserved 1048576K
[2025-06-17T23:29:05.990+0300][2060][1928 ][debug][gc,phases] GC(2) Scavenge 1.821ms
[2025-06-17T23:29:05.990+0300][2060][1928 ][debug][gc,phases] GC(2) Reference Processing 0.219ms
[2025-06-17T23:29:05.990+0300][2060][1928 ][debug][gc,phases] GC(2)   VM Weak                        Min:  0.0, Avg:  0.0, Max:  0.0, Diff:  0.0, Sum:  0.0, Workers: 8
[2025-06-17T23:29:05.990+0300][2060][1928 ][debug][gc,phases] GC(2)     Dead                           Min: 0, Avg:  0.0, Max: 0, Diff: 0, Sum: 0, Workers: 8
[2025-06-17T23:29:05.990+0300][2060][1928 ][debug][gc,phases] GC(2)     Total                          Min: 0, Avg: 46.1, Max: 192, Diff: 192, Sum: 369, Workers: 8
[2025-06-17T23:29:05.990+0300][2060][1928 ][debug][gc,phases] GC(2)   ObjectSynchronizer Weak        Min:  0.0, Avg:  0.0, Max:  0.0, Diff:  0.0, Sum:  0.0, Workers: 8
[2025-06-17T23:29:05.990+0300][2060][1928 ][debug][gc,phases] GC(2)     Dead                           Min: 0, Avg: 13.0, Max: 54, Diff: 54, Sum: 104, Workers: 8
[2025-06-17T23:29:05.990+0300][2060][1928 ][debug][gc,phases] GC(2)     Total                          Min: 0, Avg: 17.9, Max: 64, Diff: 64, Sum: 143, Workers: 8
[2025-06-17T23:29:05.990+0300][2060][1928 ][debug][gc,phases] GC(2)   JVMTI Tag Weak OopStorage      Min:  0.0, Avg:  0.0, Max:  0.0, Diff:  0.0, Sum:  0.0, Workers: 8
[2025-06-17T23:29:05.990+0300][2060][1928 ][debug][gc,phases] GC(2)     Dead                           Min: 0, Avg:  0.0, Max: 0, Diff: 0, Sum: 0, Workers: 8
[2025-06-17T23:29:05.990+0300][2060][1928 ][debug][gc,phases] GC(2)     Total                          Min: 0, Avg:  0.0, Max: 0, Diff: 0, Sum: 0, Workers: 8
[2025-06-17T23:29:05.990+0300][2060][1928 ][debug][gc,phases] GC(2)   StringTable Weak               Min:  0.0, Avg:  0.0, Max:  0.0, Diff:  0.0, Sum:  0.2, Workers: 8
[2025-06-17T23:29:05.990+0300][2060][1928 ][debug][gc,phases] GC(2)     Dead                           Min: 0, Avg:  1.0, Max: 7, Diff: 7, Sum: 8, Workers: 8
[2025-06-17T23:29:05.990+0300][2060][1928 ][debug][gc,phases] GC(2)     Total                          Min: 0, Avg: 774.0, Max: 1472, Diff: 1472, Sum: 6192, Workers: 8
[2025-06-17T23:29:05.990+0300][2060][1928 ][debug][gc,phases] GC(2)   ResolvedMethodTable Weak       Min:  0.0, Avg:  0.0, Max:  0.0, Diff:  0.0, Sum:  0.1, Workers: 8
[2025-06-17T23:29:05.990+0300][2060][1928 ][debug][gc,phases] GC(2)     Dead                           Min: 0, Avg: 35.9, Max: 75, Diff: 75, Sum: 287, Workers: 8
[2025-06-17T23:29:05.990+0300][2060][1928 ][debug][gc,phases] GC(2)     Total                          Min: 0, Avg: 108.8, Max: 230, Diff: 230, Sum: 870, Workers: 8
[2025-06-17T23:29:05.990+0300][2060][1928 ][debug][gc,phases] GC(2)   JNI Weak                       Min:  0.0, Avg:  0.0, Max:  0.0, Diff:  0.0, Sum:  0.0, Workers: 8
[2025-06-17T23:29:05.990+0300][2060][1928 ][debug][gc,phases] GC(2)     Dead                           Min: 0, Avg:  0.0, Max: 0, Diff: 0, Sum: 0, Workers: 8
[2025-06-17T23:29:05.990+0300][2060][1928 ][debug][gc,phases] GC(2)     Total                          Min: 0, Avg:  0.0, Max: 0, Diff: 0, Sum: 0, Workers: 8
[2025-06-17T23:29:05.990+0300][2060][1928 ][debug][gc,phases] GC(2)   StringDedup Table Weak         Min:  0.0, Avg:  0.0, Max:  0.0, Diff:  0.0, Sum:  0.0, Workers: 8
[2025-06-17T23:29:05.990+0300][2060][1928 ][debug][gc,phases] GC(2)     Dead                           Min: 0, Avg:  0.0, Max: 0, Diff: 0, Sum: 0, Workers: 8
[2025-06-17T23:29:05.990+0300][2060][1928 ][debug][gc,phases] GC(2)     Total                          Min: 0, Avg:  0.0, Max: 0, Diff: 0, Sum: 0, Workers: 8
[2025-06-17T23:29:05.990+0300][2060][1928 ][debug][gc,phases] GC(2)   StringDedup Requests0 Weak     Min:  0.0, Avg:  0.0, Max:  0.0, Diff:  0.0, Sum:  0.0, Workers: 8
[2025-06-17T23:29:05.990+0300][2060][1928 ][debug][gc,phases] GC(2)     Dead                           Min: 0, Avg:  0.0, Max: 0, Diff: 0, Sum: 0, Workers: 8
[2025-06-17T23:29:05.990+0300][2060][1928 ][debug][gc,phases] GC(2)     Total                          Min: 0, Avg:  0.0, Max: 0, Diff: 0, Sum: 0, Workers: 8
[2025-06-17T23:29:05.990+0300][2060][1928 ][debug][gc,phases] GC(2)   StringDedup Requests1 Weak     Min:  0.0, Avg:  0.0, Max:  0.0, Diff:  0.0, Sum:  0.0, Workers: 8
[2025-06-17T23:29:05.990+0300][2060][1928 ][debug][gc,phases] GC(2)     Dead                           Min: 0, Avg:  0.0, Max: 0, Diff: 0, Sum: 0, Workers: 8
[2025-06-17T23:29:05.990+0300][2060][1928 ][debug][gc,phases] GC(2)     Total                          Min: 0, Avg:  0.0, Max: 0, Diff: 0, Sum: 0, Workers: 8
[2025-06-17T23:29:05.990+0300][2060][1928 ][debug][gc,phases] GC(2)   Weak JFR Old Object Samples    Min:  0.0, Avg:  0.0, Max:  0.0, Diff:  0.0, Sum:  0.0, Workers: 8
[2025-06-17T23:29:05.990+0300][2060][1928 ][debug][gc,phases] GC(2)     Dead                           Min: 0, Avg:  0.0, Max: 0, Diff: 0, Sum: 0, Workers: 8
[2025-06-17T23:29:05.990+0300][2060][1928 ][debug][gc,phases] GC(2)     Total                          Min: 0, Avg:  0.0, Max: 0, Diff: 0, Sum: 0, Workers: 8
[2025-06-17T23:29:05.990+0300][2060][1928 ][debug][gc,phases] GC(2) Weak Processing 0.585ms
[2025-06-17T23:29:05.990+0300][2060][1928 ][info ][gc,heap  ] GC(2) PSYoungGen: 3145728K(3670016K)->7761K(3670016K) Eden: 3145728K(3145728K)->0K(3145728K) From: 0K(524288K)->7761K(524288K)
[2025-06-17T23:29:05.990+0300][2060][1928 ][info ][gc,heap  ] GC(2) ParOldGen: 2946K(8388608K)->3106K(8388608K)
[2025-06-17T23:29:05.990+0300][2060][1928 ][info ][gc       ] GC(2) Pause Young (Allocation Failure) 3074M->10M(11776M) 2.808ms
[2025-06-17T23:29:05.990+0300][2060][1928 ][debug][gc,heap  ] GC(2) Heap after GC invocations=3 (full 1):
[2025-06-17T23:29:05.990+0300][2060][1928 ][debug][gc,heap  ] GC(2)  PSYoungGen      total 3670016K, used 7761K [0x0000000700000000, 0x0000000800000000, 0x0000000800000000)
[2025-06-17T23:29:05.990+0300][2060][1928 ][debug][gc,heap  ] GC(2)   eden space 3145728K, 0% used [0x0000000700000000,0x0000000700000000,0x00000007c0000000)
[2025-06-17T23:29:05.990+0300][2060][1928 ][debug][gc,heap  ] GC(2)   from space 524288K, 1% used [0x00000007e0000000,0x00000007e0794480,0x0000000800000000)
[2025-06-17T23:29:05.990+0300][2060][1928 ][debug][gc,heap  ] GC(2)   to   space 524288K, 0% used [0x00000007c0000000,0x00000007c0000000,0x00000007e0000000)
[2025-06-17T23:29:05.990+0300][2060][1928 ][debug][gc,heap  ] GC(2)  ParOldGen       total 8388608K, used 3106K [0x0000000500000000, 0x0000000700000000, 0x0000000700000000)
[2025-06-17T23:29:05.990+0300][2060][1928 ][debug][gc,heap  ] GC(2)   object space 8388608K, 0% used [0x0000000500000000,0x0000000500308bf8,0x0000000700000000)
[2025-06-17T23:29:05.990+0300][2060][1928 ][debug][gc,heap  ] GC(2)  Metaspace       used 8925K, committed 9472K, reserved 1114112K
[2025-06-17T23:29:05.990+0300][2060][1928 ][debug][gc,heap  ] GC(2)   class space    used 978K, committed 1216K, reserved 1048576K
[2025-06-17T23:29:05.990+0300][2060][1928 ][info ][safepoint] Safepoint "ParallelGCFailedAllocation", Time since last: 951248900 ns, Reaching safepoint: 255100 ns, Cleanup: 80700 ns, At safepoint: 3262600 ns, Total: 3598400 ns
[2025-06-17T23:29:06.705+0300][2060][1928 ][debug][safepoint] Safepoint synchronization initiated using striped semaphore wait barrier. (20 threads)
[2025-06-17T23:29:06.705+0300][2060][17720][debug][safepoint] ... found polling page loop exception at pc = 0x000001c307b7d5e0, stub =0x000001c307584d80
[2025-06-17T23:29:06.705+0300][2060][20472][debug][safepoint] ... found polling page loop exception at pc = 0x000001c307b7d5e0, stub =0x000001c307584d80
[2025-06-17T23:29:06.705+0300][2060][21624][debug][safepoint] ... found polling page loop exception at pc = 0x000001c307b7d5e0, stub =0x000001c307584d80
[2025-06-17T23:29:06.705+0300][2060][15092][debug][safepoint] ... found polling page loop exception at pc = 0x000001c307b7d5e0, stub =0x000001c307584d80
[2025-06-17T23:29:06.705+0300][2060][15012][debug][safepoint] ... found polling page loop exception at pc = 0x000001c307b7d5e0, stub =0x000001c307584d80
[2025-06-17T23:29:06.705+0300][2060][1928 ][debug][gc,heap  ] GC(3) Heap before GC invocations=4 (full 1):
[2025-06-17T23:29:06.705+0300][2060][1928 ][debug][gc,heap  ] GC(3)  PSYoungGen      total 3670016K, used 3153489K [0x0000000700000000, 0x0000000800000000, 0x0000000800000000)
[2025-06-17T23:29:06.705+0300][2060][1928 ][debug][gc,heap  ] GC(3)   eden space 3145728K, 100% used [0x0000000700000000,0x00000007c0000000,0x00000007c0000000)
[2025-06-17T23:29:06.705+0300][2060][1928 ][debug][gc,heap  ] GC(3)   from space 524288K, 1% used [0x00000007e0000000,0x00000007e0794480,0x0000000800000000)
[2025-06-17T23:29:06.705+0300][2060][1928 ][debug][gc,heap  ] GC(3)   to   space 524288K, 0% used [0x00000007c0000000,0x00000007c0000000,0x00000007e0000000)
[2025-06-17T23:29:06.705+0300][2060][1928 ][debug][gc,heap  ] GC(3)  ParOldGen       total 8388608K, used 3106K [0x0000000500000000, 0x0000000700000000, 0x0000000700000000)
[2025-06-17T23:29:06.705+0300][2060][1928 ][debug][gc,heap  ] GC(3)   object space 8388608K, 0% used [0x0000000500000000,0x0000000500308bf8,0x0000000700000000)
[2025-06-17T23:29:06.705+0300][2060][1928 ][debug][gc,heap  ] GC(3)  Metaspace       used 8973K, committed 9536K, reserved 1114112K
[2025-06-17T23:29:06.705+0300][2060][1928 ][debug][gc,heap  ] GC(3)   class space    used 978K, committed 1216K, reserved 1048576K
[2025-06-17T23:29:06.707+0300][2060][1928 ][debug][gc,phases] GC(3) Scavenge 1.199ms
[2025-06-17T23:29:06.707+0300][2060][1928 ][debug][gc,phases] GC(3) Reference Processing 0.076ms
[2025-06-17T23:29:06.707+0300][2060][1928 ][debug][gc,phases] GC(3)   VM Weak                        Min:  0.0, Avg:  0.0, Max:  0.0, Diff:  0.0, Sum:  0.0, Workers: 8
[2025-06-17T23:29:06.707+0300][2060][1928 ][debug][gc,phases] GC(3)     Dead                           Min: 0, Avg:  0.0, Max: 0, Diff: 0, Sum: 0, Workers: 8
[2025-06-17T23:29:06.707+0300][2060][1928 ][debug][gc,phases] GC(3)     Total                          Min: 0, Avg: 46.1, Max: 192, Diff: 192, Sum: 369, Workers: 8
[2025-06-17T23:29:06.707+0300][2060][1928 ][debug][gc,phases] GC(3)   ObjectSynchronizer Weak        Min:  0.0, Avg:  0.0, Max:  0.0, Diff:  0.0, Sum:  0.0, Workers: 8
[2025-06-17T23:29:06.707+0300][2060][1928 ][debug][gc,phases] GC(3)     Dead                           Min: 0, Avg:  0.0, Max: 0, Diff: 0, Sum: 0, Workers: 8
[2025-06-17T23:29:06.707+0300][2060][1928 ][debug][gc,phases] GC(3)     Total                          Min: 0, Avg: 17.9, Max: 64, Diff: 64, Sum: 143, Workers: 8
[2025-06-17T23:29:06.707+0300][2060][1928 ][debug][gc,phases] GC(3)   JVMTI Tag Weak OopStorage      Min:  0.0, Avg:  0.0, Max:  0.0, Diff:  0.0, Sum:  0.0, Workers: 8
[2025-06-17T23:29:06.707+0300][2060][1928 ][debug][gc,phases] GC(3)     Dead                           Min: 0, Avg:  0.0, Max: 0, Diff: 0, Sum: 0, Workers: 8
[2025-06-17T23:29:06.707+0300][2060][1928 ][debug][gc,phases] GC(3)     Total                          Min: 0, Avg:  0.0, Max: 0, Diff: 0, Sum: 0, Workers: 8
[2025-06-17T23:29:06.707+0300][2060][1928 ][debug][gc,phases] GC(3)   StringTable Weak               Min:  0.0, Avg:  0.0, Max:  0.0, Diff:  0.0, Sum:  0.1, Workers: 8
[2025-06-17T23:29:06.707+0300][2060][1928 ][debug][gc,phases] GC(3)     Dead                           Min: 0, Avg:  0.0, Max: 0, Diff: 0, Sum: 0, Workers: 8
[2025-06-17T23:29:06.707+0300][2060][1928 ][debug][gc,phases] GC(3)     Total                          Min: 640, Avg: 775.4, Max: 896, Diff: 256, Sum: 6203, Workers: 8
[2025-06-17T23:29:06.707+0300][2060][1928 ][debug][gc,phases] GC(3)   ResolvedMethodTable Weak       Min:  0.0, Avg:  0.0, Max:  0.0, Diff:  0.0, Sum:  0.0, Workers: 8
[2025-06-17T23:29:06.707+0300][2060][1928 ][debug][gc,phases] GC(3)     Dead                           Min: 0, Avg:  0.0, Max: 0, Diff: 0, Sum: 0, Workers: 8
[2025-06-17T23:29:06.707+0300][2060][1928 ][debug][gc,phases] GC(3)     Total                          Min: 0, Avg: 108.8, Max: 230, Diff: 230, Sum: 870, Workers: 8
[2025-06-17T23:29:06.707+0300][2060][1928 ][debug][gc,phases] GC(3)   JNI Weak                       Min:  0.0, Avg:  0.0, Max:  0.0, Diff:  0.0, Sum:  0.0, Workers: 8
[2025-06-17T23:29:06.707+0300][2060][1928 ][debug][gc,phases] GC(3)     Dead                           Min: 0, Avg:  0.0, Max: 0, Diff: 0, Sum: 0, Workers: 8
[2025-06-17T23:29:06.707+0300][2060][1928 ][debug][gc,phases] GC(3)     Total                          Min: 0, Avg:  0.0, Max: 0, Diff: 0, Sum: 0, Workers: 8
[2025-06-17T23:29:06.707+0300][2060][1928 ][debug][gc,phases] GC(3)   StringDedup Table Weak         Min:  0.0, Avg:  0.0, Max:  0.0, Diff:  0.0, Sum:  0.0, Workers: 8
[2025-06-17T23:29:06.707+0300][2060][1928 ][debug][gc,phases] GC(3)     Dead                           Min: 0, Avg:  0.0, Max: 0, Diff: 0, Sum: 0, Workers: 8
[2025-06-17T23:29:06.707+0300][2060][1928 ][debug][gc,phases] GC(3)     Total                          Min: 0, Avg:  0.0, Max: 0, Diff: 0, Sum: 0, Workers: 8
[2025-06-17T23:29:06.707+0300][2060][1928 ][debug][gc,phases] GC(3)   StringDedup Requests0 Weak     Min:  0.0, Avg:  0.0, Max:  0.0, Diff:  0.0, Sum:  0.0, Workers: 8
[2025-06-17T23:29:06.707+0300][2060][1928 ][debug][gc,phases] GC(3)     Dead                           Min: 0, Avg:  0.0, Max: 0, Diff: 0, Sum: 0, Workers: 8
[2025-06-17T23:29:06.707+0300][2060][1928 ][debug][gc,phases] GC(3)     Total                          Min: 0, Avg:  0.0, Max: 0, Diff: 0, Sum: 0, Workers: 8
[2025-06-17T23:29:06.707+0300][2060][1928 ][debug][gc,phases] GC(3)   StringDedup Requests1 Weak     Min:  0.0, Avg:  0.0, Max:  0.0, Diff:  0.0, Sum:  0.0, Workers: 8
[2025-06-17T23:29:06.707+0300][2060][1928 ][debug][gc,phases] GC(3)     Dead                           Min: 0, Avg:  0.0, Max: 0, Diff: 0, Sum: 0, Workers: 8
[2025-06-17T23:29:06.707+0300][2060][1928 ][debug][gc,phases] GC(3)     Total                          Min: 0, Avg:  0.0, Max: 0, Diff: 0, Sum: 0, Workers: 8
[2025-06-17T23:29:06.707+0300][2060][1928 ][debug][gc,phases] GC(3)   Weak JFR Old Object Samples    Min:  0.0, Avg:  0.0, Max:  0.0, Diff:  0.0, Sum:  0.0, Workers: 8
[2025-06-17T23:29:06.707+0300][2060][1928 ][debug][gc,phases] GC(3)     Dead                           Min: 0, Avg:  0.0, Max: 0, Diff: 0, Sum: 0, Workers: 8
[2025-06-17T23:29:06.707+0300][2060][1928 ][debug][gc,phases] GC(3)     Total                          Min: 0, Avg:  0.0, Max: 0, Diff: 0, Sum: 0, Workers: 8
[2025-06-17T23:29:06.707+0300][2060][1928 ][debug][gc,phases] GC(3) Weak Processing 0.367ms
[2025-06-17T23:29:06.707+0300][2060][1928 ][info ][gc,heap  ] GC(3) PSYoungGen: 3153489K(3670016K)->7760K(3670016K) Eden: 3145728K(3145728K)->0K(3145728K) From: 7761K(524288K)->7760K(524288K)
[2025-06-17T23:29:06.707+0300][2060][1928 ][info ][gc,heap  ] GC(3) ParOldGen: 3106K(8388608K)->3132K(8388608K)
[2025-06-17T23:29:06.707+0300][2060][1928 ][info ][gc       ] GC(3) Pause Young (Allocation Failure) 3082M->10M(11776M) 1.739ms
[2025-06-17T23:29:06.707+0300][2060][1928 ][debug][gc,heap  ] GC(3) Heap after GC invocations=4 (full 1):
[2025-06-17T23:29:06.707+0300][2060][1928 ][debug][gc,heap  ] GC(3)  PSYoungGen      total 3670016K, used 7760K [0x0000000700000000, 0x0000000800000000, 0x0000000800000000)
[2025-06-17T23:29:06.707+0300][2060][1928 ][debug][gc,heap  ] GC(3)   eden space 3145728K, 0% used [0x0000000700000000,0x0000000700000000,0x00000007c0000000)
[2025-06-17T23:29:06.707+0300][2060][1928 ][debug][gc,heap  ] GC(3)   from space 524288K, 1% used [0x00000007c0000000,0x00000007c0794060,0x00000007e0000000)
[2025-06-17T23:29:06.707+0300][2060][1928 ][debug][gc,heap  ] GC(3)   to   space 524288K, 0% used [0x00000007e0000000,0x00000007e0000000,0x0000000800000000)
[2025-06-17T23:29:06.707+0300][2060][1928 ][debug][gc,heap  ] GC(3)  ParOldGen       total 8388608K, used 3132K [0x0000000500000000, 0x0000000700000000, 0x0000000700000000)
[2025-06-17T23:29:06.707+0300][2060][1928 ][debug][gc,heap  ] GC(3)   object space 8388608K, 0% used [0x0000000500000000,0x000000050030f008,0x0000000700000000)
[2025-06-17T23:29:06.707+0300][2060][1928 ][debug][gc,heap  ] GC(3)  Metaspace       used 8973K, committed 9536K, reserved 1114112K
[2025-06-17T23:29:06.707+0300][2060][1928 ][debug][gc,heap  ] GC(3)   class space    used 978K, committed 1216K, reserved 1048576K
[2025-06-17T23:29:06.707+0300][2060][1928 ][info ][safepoint] Safepoint "ParallelGCFailedAllocation", Time since last: 713295300 ns, Reaching safepoint: 249300 ns, Cleanup: 35100 ns, At safepoint: 2027100 ns, Total: 2311500 ns
[2025-06-17T23:29:07.407+0300][2060][1928 ][debug][safepoint] Safepoint synchronization initiated using striped semaphore wait barrier. (19 threads)
[2025-06-17T23:29:07.407+0300][2060][15012][debug][safepoint] ... found polling page loop exception at pc = 0x000001c307b7d5e0, stub =0x000001c307584d80
[2025-06-17T23:29:07.407+0300][2060][17720][debug][safepoint] ... found polling page loop exception at pc = 0x000001c307b7d5e0, stub =0x000001c307584d80
[2025-06-17T23:29:07.407+0300][2060][18116][debug][safepoint] ... found polling page loop exception at pc = 0x000001c307b7d5e0, stub =0x000001c307584d80
[2025-06-17T23:29:07.407+0300][2060][21624][debug][safepoint] ... found polling page loop exception at pc = 0x000001c307bd1653, stub =0x000001c307585600
[2025-06-17T23:29:07.409+0300][2060][15092][debug][safepoint] ... found polling page loop exception at pc = 0x000001c307bac2a6, stub =0x000001c307584d80
[2025-06-17T23:29:07.426+0300][2060][1928 ][debug][gc,heap  ] GC(4) Heap before GC invocations=5 (full 1):
[2025-06-17T23:29:07.426+0300][2060][1928 ][debug][gc,heap  ] GC(4)  PSYoungGen      total 3670016K, used 3153488K [0x0000000700000000, 0x0000000800000000, 0x0000000800000000)
[2025-06-17T23:29:07.426+0300][2060][1928 ][debug][gc,heap  ] GC(4)   eden space 3145728K, 100% used [0x0000000700000000,0x00000007c0000000,0x00000007c0000000)
[2025-06-17T23:29:07.426+0300][2060][1928 ][debug][gc,heap  ] GC(4)   from space 524288K, 1% used [0x00000007c0000000,0x00000007c0794060,0x00000007e0000000)
[2025-06-17T23:29:07.426+0300][2060][1928 ][debug][gc,heap  ] GC(4)   to   space 524288K, 0% used [0x00000007e0000000,0x00000007e0000000,0x0000000800000000)
[2025-06-17T23:29:07.426+0300][2060][1928 ][debug][gc,heap  ] GC(4)  ParOldGen       total 8388608K, used 3132K [0x0000000500000000, 0x0000000700000000, 0x0000000700000000)
[2025-06-17T23:29:07.426+0300][2060][1928 ][debug][gc,heap  ] GC(4)   object space 8388608K, 0% used [0x0000000500000000,0x000000050030f008,0x0000000700000000)
[2025-06-17T23:29:07.426+0300][2060][1928 ][debug][gc,heap  ] GC(4)  Metaspace       used 8981K, committed 9536K, reserved 1114112K
[2025-06-17T23:29:07.426+0300][2060][1928 ][debug][gc,heap  ] GC(4)   class space    used 978K, committed 1216K, reserved 1048576K
[2025-06-17T23:29:07.426+0300][2060][1928 ][debug][gc,phases] GC(4) Scavenge 0.968ms
[2025-06-17T23:29:07.426+0300][2060][1928 ][debug][gc,phases] GC(4) Reference Processing 0.104ms
[2025-06-17T23:29:07.426+0300][2060][1928 ][debug][gc,phases] GC(4)   VM Weak                        Min:  0.0, Avg:  0.0, Max:  0.0, Diff:  0.0, Sum:  0.0, Workers: 8
[2025-06-17T23:29:07.426+0300][2060][1928 ][debug][gc,phases] GC(4)     Dead                           Min: 0, Avg:  0.0, Max: 0, Diff: 0, Sum: 0, Workers: 8
[2025-06-17T23:29:07.426+0300][2060][1928 ][debug][gc,phases] GC(4)     Total                          Min: 0, Avg: 46.1, Max: 128, Diff: 128, Sum: 369, Workers: 8
[2025-06-17T23:29:07.426+0300][2060][1928 ][debug][gc,phases] GC(4)   ObjectSynchronizer Weak        Min:  0.0, Avg:  0.0, Max:  0.0, Diff:  0.0, Sum:  0.0, Workers: 8
[2025-06-17T23:29:07.426+0300][2060][1928 ][debug][gc,phases] GC(4)     Dead                           Min: 0, Avg:  0.0, Max: 0, Diff: 0, Sum: 0, Workers: 8
[2025-06-17T23:29:07.426+0300][2060][1928 ][debug][gc,phases] GC(4)     Total                          Min: 0, Avg: 17.9, Max: 64, Diff: 64, Sum: 143, Workers: 8
[2025-06-17T23:29:07.426+0300][2060][1928 ][debug][gc,phases] GC(4)   JVMTI Tag Weak OopStorage      Min:  0.0, Avg:  0.0, Max:  0.0, Diff:  0.0, Sum:  0.0, Workers: 8
[2025-06-17T23:29:07.426+0300][2060][1928 ][debug][gc,phases] GC(4)     Dead                           Min: 0, Avg:  0.0, Max: 0, Diff: 0, Sum: 0, Workers: 8
[2025-06-17T23:29:07.426+0300][2060][1928 ][debug][gc,phases] GC(4)     Total                          Min: 0, Avg:  0.0, Max: 0, Diff: 0, Sum: 0, Workers: 8
[2025-06-17T23:29:07.426+0300][2060][1928 ][debug][gc,phases] GC(4)   StringTable Weak               Min:  0.0, Avg:  0.0, Max:  0.0, Diff:  0.0, Sum:  0.1, Workers: 8
[2025-06-17T23:29:07.426+0300][2060][1928 ][debug][gc,phases] GC(4)     Dead                           Min: 0, Avg:  0.0, Max: 0, Diff: 0, Sum: 0, Workers: 8
[2025-06-17T23:29:07.426+0300][2060][1928 ][debug][gc,phases] GC(4)     Total                          Min: 0, Avg: 776.8, Max: 1024, Diff: 1024, Sum: 6214, Workers: 8
[2025-06-17T23:29:07.426+0300][2060][1928 ][debug][gc,phases] GC(4)   ResolvedMethodTable Weak       Min:  0.0, Avg:  0.0, Max:  0.0, Diff:  0.0, Sum:  0.0, Workers: 8
[2025-06-17T23:29:07.426+0300][2060][1928 ][debug][gc,phases] GC(4)     Dead                           Min: 0, Avg:  0.0, Max: 0, Diff: 0, Sum: 0, Workers: 8
[2025-06-17T23:29:07.426+0300][2060][1928 ][debug][gc,phases] GC(4)     Total                          Min: 0, Avg: 108.8, Max: 256, Diff: 256, Sum: 870, Workers: 8
[2025-06-17T23:29:07.426+0300][2060][1928 ][debug][gc,phases] GC(4)   JNI Weak                       Min:  0.0, Avg:  0.0, Max:  0.0, Diff:  0.0, Sum:  0.0, Workers: 8
[2025-06-17T23:29:07.426+0300][2060][1928 ][debug][gc,phases] GC(4)     Dead                           Min: 0, Avg:  0.0, Max: 0, Diff: 0, Sum: 0, Workers: 8
[2025-06-17T23:29:07.426+0300][2060][1928 ][debug][gc,phases] GC(4)     Total                          Min: 0, Avg:  0.0, Max: 0, Diff: 0, Sum: 0, Workers: 8
[2025-06-17T23:29:07.426+0300][2060][1928 ][debug][gc,phases] GC(4)   StringDedup Table Weak         Min:  0.0, Avg:  0.0, Max:  0.0, Diff:  0.0, Sum:  0.0, Workers: 8
[2025-06-17T23:29:07.426+0300][2060][1928 ][debug][gc,phases] GC(4)     Dead                           Min: 0, Avg:  0.0, Max: 0, Diff: 0, Sum: 0, Workers: 8
[2025-06-17T23:29:07.426+0300][2060][1928 ][debug][gc,phases] GC(4)     Total                          Min: 0, Avg:  0.0, Max: 0, Diff: 0, Sum: 0, Workers: 8
[2025-06-17T23:29:07.426+0300][2060][1928 ][debug][gc,phases] GC(4)   StringDedup Requests0 Weak     Min:  0.0, Avg:  0.0, Max:  0.0, Diff:  0.0, Sum:  0.0, Workers: 8
[2025-06-17T23:29:07.426+0300][2060][1928 ][debug][gc,phases] GC(4)     Dead                           Min: 0, Avg:  0.0, Max: 0, Diff: 0, Sum: 0, Workers: 8
[2025-06-17T23:29:07.426+0300][2060][1928 ][debug][gc,phases] GC(4)     Total                          Min: 0, Avg:  0.0, Max: 0, Diff: 0, Sum: 0, Workers: 8
[2025-06-17T23:29:07.426+0300][2060][1928 ][debug][gc,phases] GC(4)   StringDedup Requests1 Weak     Min:  0.0, Avg:  0.0, Max:  0.0, Diff:  0.0, Sum:  0.0, Workers: 8
[2025-06-17T23:29:07.426+0300][2060][1928 ][debug][gc,phases] GC(4)     Dead                           Min: 0, Avg:  0.0, Max: 0, Diff: 0, Sum: 0, Workers: 8
[2025-06-17T23:29:07.426+0300][2060][1928 ][debug][gc,phases] GC(4)     Total                          Min: 0, Avg:  0.0, Max: 0, Diff: 0, Sum: 0, Workers: 8
[2025-06-17T23:29:07.426+0300][2060][1928 ][debug][gc,phases] GC(4)   Weak JFR Old Object Samples    Min:  0.0, Avg:  0.0, Max:  0.0, Diff:  0.0, Sum:  0.0, Workers: 8
[2025-06-17T23:29:07.426+0300][2060][1928 ][debug][gc,phases] GC(4)     Dead                           Min: 0, Avg:  0.0, Max: 0, Diff: 0, Sum: 0, Workers: 8
[2025-06-17T23:29:07.426+0300][2060][1928 ][debug][gc,phases] GC(4)     Total                          Min: 0, Avg:  0.0, Max: 0, Diff: 0, Sum: 0, Workers: 8
[2025-06-17T23:29:07.426+0300][2060][1928 ][debug][gc,phases] GC(4) Weak Processing 0.562ms
[2025-06-17T23:29:07.426+0300][2060][1928 ][info ][gc,heap  ] GC(4) PSYoungGen: 3153488K(3670016K)->7744K(3670016K) Eden: 3145728K(3145728K)->0K(3145728K) From: 7760K(524288K)->7744K(524288K)
[2025-06-17T23:29:07.426+0300][2060][1928 ][info ][gc,heap  ] GC(4) ParOldGen: 3132K(8388608K)->3140K(8388608K)
[2025-06-17T23:29:07.426+0300][2060][1928 ][info ][gc       ] GC(4) Pause Young (Allocation Failure) 3082M->10M(11776M) 1.776ms
[2025-06-17T23:29:07.426+0300][2060][1928 ][debug][gc,heap  ] GC(4) Heap after GC invocations=5 (full 1):
[2025-06-17T23:29:07.426+0300][2060][1928 ][debug][gc,heap  ] GC(4)  PSYoungGen      total 3670016K, used 7744K [0x0000000700000000, 0x0000000800000000, 0x0000000800000000)
[2025-06-17T23:29:07.426+0300][2060][1928 ][debug][gc,heap  ] GC(4)   eden space 3145728K, 0% used [0x0000000700000000,0x0000000700000000,0x00000007c0000000)
[2025-06-17T23:29:07.426+0300][2060][1928 ][debug][gc,heap  ] GC(4)   from space 524288K, 1% used [0x00000007e0000000,0x00000007e0790070,0x0000000800000000)
[2025-06-17T23:29:07.426+0300][2060][1928 ][debug][gc,heap  ] GC(4)   to   space 524288K, 0% used [0x00000007c0000000,0x00000007c0000000,0x00000007e0000000)
[2025-06-17T23:29:07.426+0300][2060][1928 ][debug][gc,heap  ] GC(4)  ParOldGen       total 8388608K, used 3140K [0x0000000500000000, 0x0000000700000000, 0x0000000700000000)
[2025-06-17T23:29:07.426+0300][2060][1928 ][debug][gc,heap  ] GC(4)   object space 8388608K, 0% used [0x0000000500000000,0x0000000500311008,0x0000000700000000)
[2025-06-17T23:29:07.426+0300][2060][1928 ][debug][gc,heap  ] GC(4)  Metaspace       used 8981K, committed 9536K, reserved 1114112K
[2025-06-17T23:29:07.426+0300][2060][1928 ][debug][gc,heap  ] GC(4)   class space    used 978K, committed 1216K, reserved 1048576K
[2025-06-17T23:29:07.426+0300][2060][1928 ][info ][safepoint] Safepoint "ParallelGCFailedAllocation", Time since last: 700618900 ns, Reaching safepoint: 17751200 ns, Cleanup: 27900 ns, At safepoint: 2173600 ns, Total: 19952700 ns
[2025-06-17T23:29:08.084+0300][2060][1928 ][debug][safepoint] Safepoint synchronization initiated using striped semaphore wait barrier. (19 threads)
[2025-06-17T23:29:08.084+0300][2060][22200][debug][safepoint] ... found polling page loop exception at pc = 0x000001c307b7d5e0, stub =0x000001c307584d80
[2025-06-17T23:29:08.084+0300][2060][21624][debug][safepoint] ... found polling page loop exception at pc = 0x000001c307b7d5e0, stub =0x000001c307584d80
[2025-06-17T23:29:08.084+0300][2060][18116][debug][safepoint] ... found polling page loop exception at pc = 0x000001c307b7d5e0, stub =0x000001c307584d80
[2025-06-17T23:29:08.084+0300][2060][15012][debug][safepoint] ... found polling page loop exception at pc = 0x000001c307b7d5e0, stub =0x000001c307584d80
[2025-06-17T23:29:08.084+0300][2060][1928 ][debug][gc,heap  ] GC(5) Heap before GC invocations=6 (full 1):
[2025-06-17T23:29:08.084+0300][2060][1928 ][debug][gc,heap  ] GC(5)  PSYoungGen      total 3670016K, used 3153472K [0x0000000700000000, 0x0000000800000000, 0x0000000800000000)
[2025-06-17T23:29:08.084+0300][2060][1928 ][debug][gc,heap  ] GC(5)   eden space 3145728K, 100% used [0x0000000700000000,0x00000007c0000000,0x00000007c0000000)
[2025-06-17T23:29:08.084+0300][2060][1928 ][debug][gc,heap  ] GC(5)   from space 524288K, 1% used [0x00000007e0000000,0x00000007e0790070,0x0000000800000000)
[2025-06-17T23:29:08.084+0300][2060][1928 ][debug][gc,heap  ] GC(5)   to   space 524288K, 0% used [0x00000007c0000000,0x00000007c0000000,0x00000007e0000000)
[2025-06-17T23:29:08.084+0300][2060][1928 ][debug][gc,heap  ] GC(5)  ParOldGen       total 8388608K, used 3140K [0x0000000500000000, 0x0000000700000000, 0x0000000700000000)
[2025-06-17T23:29:08.084+0300][2060][1928 ][debug][gc,heap  ] GC(5)   object space 8388608K, 0% used [0x0000000500000000,0x0000000500311008,0x0000000700000000)
[2025-06-17T23:29:08.084+0300][2060][1928 ][debug][gc,heap  ] GC(5)  Metaspace       used 8984K, committed 9536K, reserved 1114112K
[2025-06-17T23:29:08.084+0300][2060][1928 ][debug][gc,heap  ] GC(5)   class space    used 978K, committed 1216K, reserved 1048576K
[2025-06-17T23:29:08.084+0300][2060][1928 ][debug][gc,phases] GC(5) Scavenge 0.865ms
[2025-06-17T23:29:08.084+0300][2060][1928 ][debug][gc,phases] GC(5) Reference Processing 0.071ms
[2025-06-17T23:29:08.084+0300][2060][1928 ][debug][gc,phases] GC(5)   VM Weak                        Min:  0.0, Avg:  0.0, Max:  0.0, Diff:  0.0, Sum:  0.0, Workers: 8
[2025-06-17T23:29:08.084+0300][2060][1928 ][debug][gc,phases] GC(5)     Dead                           Min: 0, Avg:  0.0, Max: 0, Diff: 0, Sum: 0, Workers: 8
[2025-06-17T23:29:08.084+0300][2060][1928 ][debug][gc,phases] GC(5)     Total                          Min: 0, Avg: 46.1, Max: 128, Diff: 128, Sum: 369, Workers: 8
[2025-06-17T23:29:08.084+0300][2060][1928 ][debug][gc,phases] GC(5)   ObjectSynchronizer Weak        Min:  0.0, Avg:  0.0, Max:  0.0, Diff:  0.0, Sum:  0.0, Workers: 8
[2025-06-17T23:29:08.084+0300][2060][1928 ][debug][gc,phases] GC(5)     Dead                           Min: 0, Avg:  0.0, Max: 0, Diff: 0, Sum: 0, Workers: 8
[2025-06-17T23:29:08.084+0300][2060][1928 ][debug][gc,phases] GC(5)     Total                          Min: 0, Avg: 17.9, Max: 64, Diff: 64, Sum: 143, Workers: 8
[2025-06-17T23:29:08.084+0300][2060][1928 ][debug][gc,phases] GC(5)   JVMTI Tag Weak OopStorage      Min:  0.0, Avg:  0.0, Max:  0.0, Diff:  0.0, Sum:  0.0, Workers: 8
[2025-06-17T23:29:08.084+0300][2060][1928 ][debug][gc,phases] GC(5)     Dead                           Min: 0, Avg:  0.0, Max: 0, Diff: 0, Sum: 0, Workers: 8
[2025-06-17T23:29:08.084+0300][2060][1928 ][debug][gc,phases] GC(5)     Total                          Min: 0, Avg:  0.0, Max: 0, Diff: 0, Sum: 0, Workers: 8
[2025-06-17T23:29:08.084+0300][2060][1928 ][debug][gc,phases] GC(5)   StringTable Weak               Min:  0.0, Avg:  0.0, Max:  0.0, Diff:  0.0, Sum:  0.1, Workers: 8
[2025-06-17T23:29:08.084+0300][2060][1928 ][debug][gc,phases] GC(5)     Dead                           Min: 0, Avg:  0.0, Max: 0, Diff: 0, Sum: 0, Workers: 8
[2025-06-17T23:29:08.084+0300][2060][1928 ][debug][gc,phases] GC(5)     Total                          Min: 384, Avg: 776.8, Max: 896, Diff: 512, Sum: 6214, Workers: 8
[2025-06-17T23:29:08.084+0300][2060][1928 ][debug][gc,phases] GC(5)   ResolvedMethodTable Weak       Min:  0.0, Avg:  0.0, Max:  0.0, Diff:  0.0, Sum:  0.0, Workers: 8
[2025-06-17T23:29:08.084+0300][2060][1928 ][debug][gc,phases] GC(5)     Dead                           Min: 0, Avg:  0.0, Max: 0, Diff: 0, Sum: 0, Workers: 8
[2025-06-17T23:29:08.084+0300][2060][1928 ][debug][gc,phases] GC(5)     Total                          Min: 0, Avg: 108.8, Max: 192, Diff: 192, Sum: 870, Workers: 8
[2025-06-17T23:29:08.084+0300][2060][1928 ][debug][gc,phases] GC(5)   JNI Weak                       Min:  0.0, Avg:  0.0, Max:  0.0, Diff:  0.0, Sum:  0.0, Workers: 8
[2025-06-17T23:29:08.084+0300][2060][1928 ][debug][gc,phases] GC(5)     Dead                           Min: 0, Avg:  0.0, Max: 0, Diff: 0, Sum: 0, Workers: 8
[2025-06-17T23:29:08.084+0300][2060][1928 ][debug][gc,phases] GC(5)     Total                          Min: 0, Avg:  0.0, Max: 0, Diff: 0, Sum: 0, Workers: 8
[2025-06-17T23:29:08.084+0300][2060][1928 ][debug][gc,phases] GC(5)   StringDedup Table Weak         Min:  0.0, Avg:  0.0, Max:  0.0, Diff:  0.0, Sum:  0.0, Workers: 8
[2025-06-17T23:29:08.084+0300][2060][1928 ][debug][gc,phases] GC(5)     Dead                           Min: 0, Avg:  0.0, Max: 0, Diff: 0, Sum: 0, Workers: 8
[2025-06-17T23:29:08.084+0300][2060][1928 ][debug][gc,phases] GC(5)     Total                          Min: 0, Avg:  0.0, Max: 0, Diff: 0, Sum: 0, Workers: 8
[2025-06-17T23:29:08.084+0300][2060][1928 ][debug][gc,phases] GC(5)   StringDedup Requests0 Weak     Min:  0.0, Avg:  0.0, Max:  0.0, Diff:  0.0, Sum:  0.0, Workers: 8
[2025-06-17T23:29:08.084+0300][2060][1928 ][debug][gc,phases] GC(5)     Dead                           Min: 0, Avg:  0.0, Max: 0, Diff: 0, Sum: 0, Workers: 8
[2025-06-17T23:29:08.084+0300][2060][1928 ][debug][gc,phases] GC(5)     Total                          Min: 0, Avg:  0.0, Max: 0, Diff: 0, Sum: 0, Workers: 8
[2025-06-17T23:29:08.084+0300][2060][1928 ][debug][gc,phases] GC(5)   StringDedup Requests1 Weak     Min:  0.0, Avg:  0.0, Max:  0.0, Diff:  0.0, Sum:  0.0, Workers: 8
[2025-06-17T23:29:08.084+0300][2060][1928 ][debug][gc,phases] GC(5)     Dead                           Min: 0, Avg:  0.0, Max: 0, Diff: 0, Sum: 0, Workers: 8
[2025-06-17T23:29:08.084+0300][2060][1928 ][debug][gc,phases] GC(5)     Total                          Min: 0, Avg:  0.0, Max: 0, Diff: 0, Sum: 0, Workers: 8
[2025-06-17T23:29:08.084+0300][2060][1928 ][debug][gc,phases] GC(5)   Weak JFR Old Object Samples    Min:  0.0, Avg:  0.0, Max:  0.0, Diff:  0.0, Sum:  0.0, Workers: 8
[2025-06-17T23:29:08.084+0300][2060][1928 ][debug][gc,phases] GC(5)     Dead                           Min: 0, Avg:  0.0, Max: 0, Diff: 0, Sum: 0, Workers: 8
[2025-06-17T23:29:08.084+0300][2060][1928 ][debug][gc,phases] GC(5)     Total                          Min: 0, Avg:  0.0, Max: 0, Diff: 0, Sum: 0, Workers: 8
[2025-06-17T23:29:08.084+0300][2060][1928 ][debug][gc,phases] GC(5) Weak Processing 0.376ms
[2025-06-17T23:29:08.084+0300][2060][1928 ][info ][gc,heap  ] GC(5) PSYoungGen: 3153472K(3670016K)->7728K(3670016K) Eden: 3145728K(3145728K)->0K(3145728K) From: 7744K(524288K)->7728K(524288K)
[2025-06-17T23:29:08.084+0300][2060][1928 ][info ][gc,heap  ] GC(5) ParOldGen: 3140K(8388608K)->3148K(8388608K)
[2025-06-17T23:29:08.084+0300][2060][1928 ][info ][gc       ] GC(5) Pause Young (Allocation Failure) 3082M->10M(11776M) 1.419ms
[2025-06-17T23:29:08.084+0300][2060][1928 ][debug][gc,heap  ] GC(5) Heap after GC invocations=6 (full 1):
[2025-06-17T23:29:08.084+0300][2060][1928 ][debug][gc,heap  ] GC(5)  PSYoungGen      total 3670016K, used 7728K [0x0000000700000000, 0x0000000800000000, 0x0000000800000000)
[2025-06-17T23:29:08.084+0300][2060][1928 ][debug][gc,heap  ] GC(5)   eden space 3145728K, 0% used [0x0000000700000000,0x0000000700000000,0x00000007c0000000)
[2025-06-17T23:29:08.084+0300][2060][1928 ][debug][gc,heap  ] GC(5)   from space 524288K, 1% used [0x00000007c0000000,0x00000007c078c0e0,0x00000007e0000000)
[2025-06-17T23:29:08.084+0300][2060][1928 ][debug][gc,heap  ] GC(5)   to   space 524288K, 0% used [0x00000007e0000000,0x00000007e0000000,0x0000000800000000)
[2025-06-17T23:29:08.084+0300][2060][1928 ][debug][gc,heap  ] GC(5)  ParOldGen       total 8388608K, used 3148K [0x0000000500000000, 0x0000000700000000, 0x0000000700000000)
[2025-06-17T23:29:08.084+0300][2060][1928 ][debug][gc,heap  ] GC(5)   object space 8388608K, 0% used [0x0000000500000000,0x0000000500313008,0x0000000700000000)
[2025-06-17T23:29:08.084+0300][2060][1928 ][debug][gc,heap  ] GC(5)  Metaspace       used 8984K, committed 9536K, reserved 1114112K
[2025-06-17T23:29:08.084+0300][2060][1928 ][debug][gc,heap  ] GC(5)   class space    used 978K, committed 1216K, reserved 1048576K
[2025-06-17T23:29:08.084+0300][2060][1928 ][info ][safepoint] Safepoint "ParallelGCFailedAllocation", Time since last: 655740500 ns, Reaching safepoint: 254600 ns, Cleanup: 19000 ns, At safepoint: 1681400 ns, Total: 1955000 ns
[2025-06-17T23:29:08.735+0300][2060][1928 ][debug][safepoint] Safepoint synchronization initiated using striped semaphore wait barrier. (19 threads)
[2025-06-17T23:29:08.735+0300][2060][17720][debug][safepoint] ... found polling page loop exception at pc = 0x000001c307bb5252, stub =0x000001c307584d80
[2025-06-17T23:29:08.735+0300][2060][6616 ][debug][safepoint] ... found polling page loop exception at pc = 0x000001c307b7d5e0, stub =0x000001c307584d80
[2025-06-17T23:29:08.735+0300][2060][20472][debug][safepoint] ... found polling page loop exception at pc = 0x000001c307b7d5e0, stub =0x000001c307584d80
[2025-06-17T23:29:08.735+0300][2060][21624][debug][safepoint] ... found polling page loop exception at pc = 0x000001c307b7d5e0, stub =0x000001c307584d80
[2025-06-17T23:29:08.735+0300][2060][15092][debug][safepoint] ... found polling page loop exception at pc = 0x000001c307b7d5e0, stub =0x000001c307584d80
[2025-06-17T23:29:08.735+0300][2060][1928 ][debug][gc,heap  ] GC(6) Heap before GC invocations=7 (full 1):
[2025-06-17T23:29:08.735+0300][2060][1928 ][debug][gc,heap  ] GC(6)  PSYoungGen      total 3670016K, used 3153456K [0x0000000700000000, 0x0000000800000000, 0x0000000800000000)
[2025-06-17T23:29:08.735+0300][2060][1928 ][debug][gc,heap  ] GC(6)   eden space 3145728K, 100% used [0x0000000700000000,0x00000007c0000000,0x00000007c0000000)
[2025-06-17T23:29:08.735+0300][2060][1928 ][debug][gc,heap  ] GC(6)   from space 524288K, 1% used [0x00000007c0000000,0x00000007c078c0e0,0x00000007e0000000)
[2025-06-17T23:29:08.735+0300][2060][1928 ][debug][gc,heap  ] GC(6)   to   space 524288K, 0% used [0x00000007e0000000,0x00000007e0000000,0x0000000800000000)
[2025-06-17T23:29:08.735+0300][2060][1928 ][debug][gc,heap  ] GC(6)  ParOldGen       total 8388608K, used 3148K [0x0000000500000000, 0x0000000700000000, 0x0000000700000000)
[2025-06-17T23:29:08.735+0300][2060][1928 ][debug][gc,heap  ] GC(6)   object space 8388608K, 0% used [0x0000000500000000,0x0000000500313008,0x0000000700000000)
[2025-06-17T23:29:08.735+0300][2060][1928 ][debug][gc,heap  ] GC(6)  Metaspace       used 8989K, committed 9536K, reserved 1114112K
[2025-06-17T23:29:08.735+0300][2060][1928 ][debug][gc,heap  ] GC(6)   class space    used 978K, committed 1216K, reserved 1048576K
[2025-06-17T23:29:08.735+0300][2060][1928 ][debug][gc,phases] GC(6) Scavenge 0.833ms
[2025-06-17T23:29:08.735+0300][2060][1928 ][debug][gc,phases] GC(6) Reference Processing 0.075ms
[2025-06-17T23:29:08.735+0300][2060][1928 ][debug][gc,phases] GC(6)   VM Weak                        Min:  0.0, Avg:  0.0, Max:  0.0, Diff:  0.0, Sum:  0.0, Workers: 8
[2025-06-17T23:29:08.735+0300][2060][1928 ][debug][gc,phases] GC(6)     Dead                           Min: 0, Avg:  0.0, Max: 0, Diff: 0, Sum: 0, Workers: 8
[2025-06-17T23:29:08.735+0300][2060][1928 ][debug][gc,phases] GC(6)     Total                          Min: 0, Avg: 46.1, Max: 128, Diff: 128, Sum: 369, Workers: 8
[2025-06-17T23:29:08.735+0300][2060][1928 ][debug][gc,phases] GC(6)   ObjectSynchronizer Weak        Min:  0.0, Avg:  0.0, Max:  0.0, Diff:  0.0, Sum:  0.0, Workers: 8
[2025-06-17T23:29:08.735+0300][2060][1928 ][debug][gc,phases] GC(6)     Dead                           Min: 0, Avg:  0.0, Max: 0, Diff: 0, Sum: 0, Workers: 8
[2025-06-17T23:29:08.735+0300][2060][1928 ][debug][gc,phases] GC(6)     Total                          Min: 0, Avg: 17.9, Max: 64, Diff: 64, Sum: 143, Workers: 8
[2025-06-17T23:29:08.735+0300][2060][1928 ][debug][gc,phases] GC(6)   JVMTI Tag Weak OopStorage      Min:  0.0, Avg:  0.0, Max:  0.0, Diff:  0.0, Sum:  0.0, Workers: 8
[2025-06-17T23:29:08.735+0300][2060][1928 ][debug][gc,phases] GC(6)     Dead                           Min: 0, Avg:  0.0, Max: 0, Diff: 0, Sum: 0, Workers: 8
[2025-06-17T23:29:08.735+0300][2060][1928 ][debug][gc,phases] GC(6)     Total                          Min: 0, Avg:  0.0, Max: 0, Diff: 0, Sum: 0, Workers: 8
[2025-06-17T23:29:08.735+0300][2060][1928 ][debug][gc,phases] GC(6)   StringTable Weak               Min:  0.0, Avg:  0.0, Max:  0.0, Diff:  0.0, Sum:  0.1, Workers: 8
[2025-06-17T23:29:08.735+0300][2060][1928 ][debug][gc,phases] GC(6)     Dead                           Min: 0, Avg:  0.0, Max: 0, Diff: 0, Sum: 0, Workers: 8
[2025-06-17T23:29:08.735+0300][2060][1928 ][debug][gc,phases] GC(6)     Total                          Min: 512, Avg: 776.8, Max: 960, Diff: 448, Sum: 6214, Workers: 8
[2025-06-17T23:29:08.735+0300][2060][1928 ][debug][gc,phases] GC(6)   ResolvedMethodTable Weak       Min:  0.0, Avg:  0.0, Max:  0.0, Diff:  0.0, Sum:  0.0, Workers: 8
[2025-06-17T23:29:08.735+0300][2060][1928 ][debug][gc,phases] GC(6)     Dead                           Min: 0, Avg:  0.0, Max: 0, Diff: 0, Sum: 0, Workers: 8
[2025-06-17T23:29:08.735+0300][2060][1928 ][debug][gc,phases] GC(6)     Total                          Min: 64, Avg: 108.8, Max: 192, Diff: 128, Sum: 870, Workers: 8
[2025-06-17T23:29:08.735+0300][2060][1928 ][debug][gc,phases] GC(6)   JNI Weak                       Min:  0.0, Avg:  0.0, Max:  0.0, Diff:  0.0, Sum:  0.0, Workers: 8
[2025-06-17T23:29:08.735+0300][2060][1928 ][debug][gc,phases] GC(6)     Dead                           Min: 0, Avg:  0.0, Max: 0, Diff: 0, Sum: 0, Workers: 8
[2025-06-17T23:29:08.735+0300][2060][1928 ][debug][gc,phases] GC(6)     Total                          Min: 0, Avg:  0.0, Max: 0, Diff: 0, Sum: 0, Workers: 8
[2025-06-17T23:29:08.735+0300][2060][1928 ][debug][gc,phases] GC(6)   StringDedup Table Weak         Min:  0.0, Avg:  0.0, Max:  0.0, Diff:  0.0, Sum:  0.0, Workers: 8
[2025-06-17T23:29:08.735+0300][2060][1928 ][debug][gc,phases] GC(6)     Dead                           Min: 0, Avg:  0.0, Max: 0, Diff: 0, Sum: 0, Workers: 8
[2025-06-17T23:29:08.735+0300][2060][1928 ][debug][gc,phases] GC(6)     Total                          Min: 0, Avg:  0.0, Max: 0, Diff: 0, Sum: 0, Workers: 8
[2025-06-17T23:29:08.735+0300][2060][1928 ][debug][gc,phases] GC(6)   StringDedup Requests0 Weak     Min:  0.0, Avg:  0.0, Max:  0.0, Diff:  0.0, Sum:  0.0, Workers: 8
[2025-06-17T23:29:08.735+0300][2060][1928 ][debug][gc,phases] GC(6)     Dead                           Min: 0, Avg:  0.0, Max: 0, Diff: 0, Sum: 0, Workers: 8
[2025-06-17T23:29:08.735+0300][2060][1928 ][debug][gc,phases] GC(6)     Total                          Min: 0, Avg:  0.0, Max: 0, Diff: 0, Sum: 0, Workers: 8
[2025-06-17T23:29:08.735+0300][2060][1928 ][debug][gc,phases] GC(6)   StringDedup Requests1 Weak     Min:  0.0, Avg:  0.0, Max:  0.0, Diff:  0.0, Sum:  0.0, Workers: 8
[2025-06-17T23:29:08.735+0300][2060][1928 ][debug][gc,phases] GC(6)     Dead                           Min: 0, Avg:  0.0, Max: 0, Diff: 0, Sum: 0, Workers: 8
[2025-06-17T23:29:08.735+0300][2060][1928 ][debug][gc,phases] GC(6)     Total                          Min: 0, Avg:  0.0, Max: 0, Diff: 0, Sum: 0, Workers: 8
[2025-06-17T23:29:08.735+0300][2060][1928 ][debug][gc,phases] GC(6)   Weak JFR Old Object Samples    Min:  0.0, Avg:  0.0, Max:  0.0, Diff:  0.0, Sum:  0.0, Workers: 8
[2025-06-17T23:29:08.735+0300][2060][1928 ][debug][gc,phases] GC(6)     Dead                           Min: 0, Avg:  0.0, Max: 0, Diff: 0, Sum: 0, Workers: 8
[2025-06-17T23:29:08.735+0300][2060][1928 ][debug][gc,phases] GC(6)     Total                          Min: 0, Avg:  0.0, Max: 0, Diff: 0, Sum: 0, Workers: 8
[2025-06-17T23:29:08.735+0300][2060][1928 ][debug][gc,phases] GC(6) Weak Processing 0.457ms
[2025-06-17T23:29:08.735+0300][2060][1928 ][info ][gc,heap  ] GC(6) PSYoungGen: 3153456K(3670016K)->7744K(4183552K) Eden: 3145728K(3145728K)->0K(3659264K) From: 7728K(524288K)->7744K(524288K)
[2025-06-17T23:29:08.735+0300][2060][1928 ][info ][gc,heap  ] GC(6) ParOldGen: 3148K(8388608K)->3156K(8388608K)
[2025-06-17T23:29:08.735+0300][2060][1928 ][info ][gc       ] GC(6) Pause Young (Allocation Failure) 3082M->10M(12277M) 1.463ms
[2025-06-17T23:29:08.735+0300][2060][1928 ][debug][gc,heap  ] GC(6) Heap after GC invocations=7 (full 1):
[2025-06-17T23:29:08.735+0300][2060][1928 ][debug][gc,heap  ] GC(6)  PSYoungGen      total 4183552K, used 7744K [0x0000000700000000, 0x0000000800000000, 0x0000000800000000)
[2025-06-17T23:29:08.735+0300][2060][1928 ][debug][gc,heap  ] GC(6)   eden space 3659264K, 0% used [0x0000000700000000,0x0000000700000000,0x00000007df580000)
[2025-06-17T23:29:08.735+0300][2060][1928 ][debug][gc,heap  ] GC(6)   from space 524288K, 1% used [0x00000007e0000000,0x00000007e07900b0,0x0000000800000000)
[2025-06-17T23:29:08.735+0300][2060][1928 ][debug][gc,heap  ] GC(6)   to   space 10752K, 0% used [0x00000007df580000,0x00000007df580000,0x00000007e0000000)
[2025-06-17T23:29:08.735+0300][2060][1928 ][debug][gc,heap  ] GC(6)  ParOldGen       total 8388608K, used 3156K [0x0000000500000000, 0x0000000700000000, 0x0000000700000000)
[2025-06-17T23:29:08.735+0300][2060][1928 ][debug][gc,heap  ] GC(6)   object space 8388608K, 0% used [0x0000000500000000,0x0000000500315008,0x0000000700000000)
[2025-06-17T23:29:08.735+0300][2060][1928 ][debug][gc,heap  ] GC(6)  Metaspace       used 8989K, committed 9536K, reserved 1114112K
[2025-06-17T23:29:08.735+0300][2060][1928 ][debug][gc,heap  ] GC(6)   class space    used 978K, committed 1216K, reserved 1048576K
[2025-06-17T23:29:08.735+0300][2060][1928 ][info ][safepoint] Safepoint "ParallelGCFailedAllocation", Time since last: 649831500 ns, Reaching safepoint: 266300 ns, Cleanup: 9900 ns, At safepoint: 1719500 ns, Total: 1995700 ns
[2025-06-17T23:29:09.520+0300][2060][1928 ][debug][safepoint] Safepoint synchronization initiated using striped semaphore wait barrier. (19 threads)
[2025-06-17T23:29:09.520+0300][2060][20472][debug][safepoint] ... found polling page loop exception at pc = 0x000001c307b957c4, stub =0x000001c307585600
[2025-06-17T23:29:09.520+0300][2060][21624][debug][safepoint] ... found polling page loop exception at pc = 0x000001c307bb5870, stub =0x000001c307584d80
[2025-06-17T23:29:09.520+0300][2060][15012][debug][safepoint] ... found polling page loop exception at pc = 0x000001c307b7d5e0, stub =0x000001c307584d80
[2025-06-17T23:29:09.520+0300][2060][18116][debug][safepoint] ... found polling page loop exception at pc = 0x000001c307bb5870, stub =0x000001c307584d80
[2025-06-17T23:29:09.520+0300][2060][17720][debug][safepoint] ... found polling page loop exception at pc = 0x000001c307b7d5e0, stub =0x000001c307584d80
[2025-06-17T23:29:09.520+0300][2060][1928 ][debug][gc,heap  ] GC(7) Heap before GC invocations=8 (full 1):
[2025-06-17T23:29:09.520+0300][2060][1928 ][debug][gc,heap  ] GC(7)  PSYoungGen      total 4183552K, used 3667008K [0x0000000700000000, 0x0000000800000000, 0x0000000800000000)
[2025-06-17T23:29:09.520+0300][2060][1928 ][debug][gc,heap  ] GC(7)   eden space 3659264K, 100% used [0x0000000700000000,0x00000007df580000,0x00000007df580000)
[2025-06-17T23:29:09.520+0300][2060][1928 ][debug][gc,heap  ] GC(7)   from space 524288K, 1% used [0x00000007e0000000,0x00000007e07900b0,0x0000000800000000)
[2025-06-17T23:29:09.520+0300][2060][1928 ][debug][gc,heap  ] GC(7)   to   space 10752K, 0% used [0x00000007df580000,0x00000007df580000,0x00000007e0000000)
[2025-06-17T23:29:09.520+0300][2060][1928 ][debug][gc,heap  ] GC(7)  ParOldGen       total 8388608K, used 3156K [0x0000000500000000, 0x0000000700000000, 0x0000000700000000)
[2025-06-17T23:29:09.520+0300][2060][1928 ][debug][gc,heap  ] GC(7)   object space 8388608K, 0% used [0x0000000500000000,0x0000000500315008,0x0000000700000000)
[2025-06-17T23:29:09.520+0300][2060][1928 ][debug][gc,heap  ] GC(7)  Metaspace       used 8989K, committed 9536K, reserved 1114112K
[2025-06-17T23:29:09.520+0300][2060][1928 ][debug][gc,heap  ] GC(7)   class space    used 978K, committed 1216K, reserved 1048576K
[2025-06-17T23:29:09.522+0300][2060][1928 ][debug][gc,phases] GC(7) Scavenge 1.192ms
[2025-06-17T23:29:09.522+0300][2060][1928 ][debug][gc,phases] GC(7) Reference Processing 0.084ms
[2025-06-17T23:29:09.522+0300][2060][1928 ][debug][gc,phases] GC(7)   VM Weak                        Min:  0.0, Avg:  0.0, Max:  0.0, Diff:  0.0, Sum:  0.0, Workers: 8
[2025-06-17T23:29:09.522+0300][2060][1928 ][debug][gc,phases] GC(7)     Dead                           Min: 0, Avg:  0.0, Max: 0, Diff: 0, Sum: 0, Workers: 8
[2025-06-17T23:29:09.522+0300][2060][1928 ][debug][gc,phases] GC(7)     Total                          Min: 0, Avg: 46.1, Max: 128, Diff: 128, Sum: 369, Workers: 8
[2025-06-17T23:29:09.522+0300][2060][1928 ][debug][gc,phases] GC(7)   ObjectSynchronizer Weak        Min:  0.0, Avg:  0.0, Max:  0.0, Diff:  0.0, Sum:  0.0, Workers: 8
[2025-06-17T23:29:09.522+0300][2060][1928 ][debug][gc,phases] GC(7)     Dead                           Min: 0, Avg:  0.0, Max: 0, Diff: 0, Sum: 0, Workers: 8
[2025-06-17T23:29:09.522+0300][2060][1928 ][debug][gc,phases] GC(7)     Total                          Min: 0, Avg: 17.9, Max: 64, Diff: 64, Sum: 143, Workers: 8
[2025-06-17T23:29:09.522+0300][2060][1928 ][debug][gc,phases] GC(7)   JVMTI Tag Weak OopStorage      Min:  0.0, Avg:  0.0, Max:  0.0, Diff:  0.0, Sum:  0.0, Workers: 8
[2025-06-17T23:29:09.522+0300][2060][1928 ][debug][gc,phases] GC(7)     Dead                           Min: 0, Avg:  0.0, Max: 0, Diff: 0, Sum: 0, Workers: 8
[2025-06-17T23:29:09.522+0300][2060][1928 ][debug][gc,phases] GC(7)     Total                          Min: 0, Avg:  0.0, Max: 0, Diff: 0, Sum: 0, Workers: 8
[2025-06-17T23:29:09.522+0300][2060][1928 ][debug][gc,phases] GC(7)   StringTable Weak               Min:  0.0, Avg:  0.0, Max:  0.0, Diff:  0.0, Sum:  0.1, Workers: 8
[2025-06-17T23:29:09.522+0300][2060][1928 ][debug][gc,phases] GC(7)     Dead                           Min: 0, Avg:  0.0, Max: 0, Diff: 0, Sum: 0, Workers: 8
[2025-06-17T23:29:09.522+0300][2060][1928 ][debug][gc,phases] GC(7)     Total                          Min: 576, Avg: 776.8, Max: 896, Diff: 320, Sum: 6214, Workers: 8
[2025-06-17T23:29:09.522+0300][2060][1928 ][debug][gc,phases] GC(7)   ResolvedMethodTable Weak       Min:  0.0, Avg:  0.0, Max:  0.0, Diff:  0.0, Sum:  0.0, Workers: 8
[2025-06-17T23:29:09.522+0300][2060][1928 ][debug][gc,phases] GC(7)     Dead                           Min: 0, Avg:  0.0, Max: 0, Diff: 0, Sum: 0, Workers: 8
[2025-06-17T23:29:09.522+0300][2060][1928 ][debug][gc,phases] GC(7)     Total                          Min: 38, Avg: 108.8, Max: 192, Diff: 154, Sum: 870, Workers: 8
[2025-06-17T23:29:09.522+0300][2060][1928 ][debug][gc,phases] GC(7)   JNI Weak                       Min:  0.0, Avg:  0.0, Max:  0.0, Diff:  0.0, Sum:  0.0, Workers: 8
[2025-06-17T23:29:09.522+0300][2060][1928 ][debug][gc,phases] GC(7)     Dead                           Min: 0, Avg:  0.0, Max: 0, Diff: 0, Sum: 0, Workers: 8
[2025-06-17T23:29:09.522+0300][2060][1928 ][debug][gc,phases] GC(7)     Total                          Min: 0, Avg:  0.0, Max: 0, Diff: 0, Sum: 0, Workers: 8
[2025-06-17T23:29:09.522+0300][2060][1928 ][debug][gc,phases] GC(7)   StringDedup Table Weak         Min:  0.0, Avg:  0.0, Max:  0.0, Diff:  0.0, Sum:  0.0, Workers: 8
[2025-06-17T23:29:09.522+0300][2060][1928 ][debug][gc,phases] GC(7)     Dead                           Min: 0, Avg:  0.0, Max: 0, Diff: 0, Sum: 0, Workers: 8
[2025-06-17T23:29:09.522+0300][2060][1928 ][debug][gc,phases] GC(7)     Total                          Min: 0, Avg:  0.0, Max: 0, Diff: 0, Sum: 0, Workers: 8
[2025-06-17T23:29:09.522+0300][2060][1928 ][debug][gc,phases] GC(7)   StringDedup Requests0 Weak     Min:  0.0, Avg:  0.0, Max:  0.0, Diff:  0.0, Sum:  0.0, Workers: 8
[2025-06-17T23:29:09.522+0300][2060][1928 ][debug][gc,phases] GC(7)     Dead                           Min: 0, Avg:  0.0, Max: 0, Diff: 0, Sum: 0, Workers: 8
[2025-06-17T23:29:09.522+0300][2060][1928 ][debug][gc,phases] GC(7)     Total                          Min: 0, Avg:  0.0, Max: 0, Diff: 0, Sum: 0, Workers: 8
[2025-06-17T23:29:09.522+0300][2060][1928 ][debug][gc,phases] GC(7)   StringDedup Requests1 Weak     Min:  0.0, Avg:  0.0, Max:  0.0, Diff:  0.0, Sum:  0.0, Workers: 8
[2025-06-17T23:29:09.522+0300][2060][1928 ][debug][gc,phases] GC(7)     Dead                           Min: 0, Avg:  0.0, Max: 0, Diff: 0, Sum: 0, Workers: 8
[2025-06-17T23:29:09.522+0300][2060][1928 ][debug][gc,phases] GC(7)     Total                          Min: 0, Avg:  0.0, Max: 0, Diff: 0, Sum: 0, Workers: 8
[2025-06-17T23:29:09.522+0300][2060][1928 ][debug][gc,phases] GC(7)   Weak JFR Old Object Samples    Min:  0.0, Avg:  0.0, Max:  0.0, Diff:  0.0, Sum:  0.0, Workers: 8
[2025-06-17T23:29:09.522+0300][2060][1928 ][debug][gc,phases] GC(7)     Dead                           Min: 0, Avg:  0.0, Max: 0, Diff: 0, Sum: 0, Workers: 8
[2025-06-17T23:29:09.522+0300][2060][1928 ][debug][gc,phases] GC(7)     Total                          Min: 0, Avg:  0.0, Max: 0, Diff: 0, Sum: 0, Workers: 8
[2025-06-17T23:29:09.522+0300][2060][1928 ][debug][gc,phases] GC(7) Weak Processing 0.364ms
[2025-06-17T23:29:09.522+0300][2060][1928 ][info ][gc,heap  ] GC(7) PSYoungGen: 3667008K(4183552K)->7760K(3670016K) Eden: 3659264K(3659264K)->0K(3659264K) From: 7744K(524288K)->7760K(10752K)
[2025-06-17T23:29:09.522+0300][2060][1928 ][info ][gc,heap  ] GC(7) ParOldGen: 3156K(8388608K)->3164K(8388608K)
[2025-06-17T23:29:09.522+0300][2060][1928 ][info ][gc       ] GC(7) Pause Young (Allocation Failure) 3584M->10M(11776M) 1.738ms
[2025-06-17T23:29:09.522+0300][2060][1928 ][debug][gc,heap  ] GC(7) Heap after GC invocations=8 (full 1):
[2025-06-17T23:29:09.522+0300][2060][1928 ][debug][gc,heap  ] GC(7)  PSYoungGen      total 3670016K, used 7760K [0x0000000700000000, 0x0000000800000000, 0x0000000800000000)
[2025-06-17T23:29:09.522+0300][2060][1928 ][debug][gc,heap  ] GC(7)   eden space 3659264K, 0% used [0x0000000700000000,0x0000000700000000,0x00000007df580000)
[2025-06-17T23:29:09.522+0300][2060][1928 ][debug][gc,heap  ] GC(7)   from space 10752K, 72% used [0x00000007df580000,0x00000007dfd140a0,0x00000007e0000000)
[2025-06-17T23:29:09.522+0300][2060][1928 ][debug][gc,heap  ] GC(7)   to   space 10752K, 0% used [0x00000007ff580000,0x00000007ff580000,0x0000000800000000)
[2025-06-17T23:29:09.522+0300][2060][1928 ][debug][gc,heap  ] GC(7)  ParOldGen       total 8388608K, used 3164K [0x0000000500000000, 0x0000000700000000, 0x0000000700000000)
[2025-06-17T23:29:09.522+0300][2060][1928 ][debug][gc,heap  ] GC(7)   object space 8388608K, 0% used [0x0000000500000000,0x0000000500317008,0x0000000700000000)
[2025-06-17T23:29:09.522+0300][2060][1928 ][debug][gc,heap  ] GC(7)  Metaspace       used 8989K, committed 9536K, reserved 1114112K
[2025-06-17T23:29:09.522+0300][2060][1928 ][debug][gc,heap  ] GC(7)   class space    used 978K, committed 1216K, reserved 1048576K
[2025-06-17T23:29:09.522+0300][2060][1928 ][info ][safepoint] Safepoint "ParallelGCFailedAllocation", Time since last: 783388500 ns, Reaching safepoint: 331100 ns, Cleanup: 19700 ns, At safepoint: 1992300 ns, Total: 2343100 ns
[2025-06-17T23:29:10.387+0300][2060][1928 ][debug][safepoint] Safepoint synchronization initiated using striped semaphore wait barrier. (18 threads)
[2025-06-17T23:29:10.387+0300][2060][6616 ][debug][safepoint] ... found polling page loop exception at pc = 0x000001c307b7d5e0, stub =0x000001c307584d80
[2025-06-17T23:29:10.387+0300][2060][15012][debug][safepoint] ... found polling page loop exception at pc = 0x000001c307b7d5e0, stub =0x000001c307584d80
[2025-06-17T23:29:10.387+0300][2060][18116][debug][safepoint] ... found polling page loop exception at pc = 0x000001c307b7d5e0, stub =0x000001c307584d80
[2025-06-17T23:29:10.387+0300][2060][1928 ][debug][gc,heap  ] GC(8) Heap before GC invocations=9 (full 1):
[2025-06-17T23:29:10.387+0300][2060][1928 ][debug][gc,heap  ] GC(8)  PSYoungGen      total 3670016K, used 3667024K [0x0000000700000000, 0x0000000800000000, 0x0000000800000000)
[2025-06-17T23:29:10.387+0300][2060][1928 ][debug][gc,heap  ] GC(8)   eden space 3659264K, 100% used [0x0000000700000000,0x00000007df580000,0x00000007df580000)
[2025-06-17T23:29:10.387+0300][2060][1928 ][debug][gc,heap  ] GC(8)   from space 10752K, 72% used [0x00000007df580000,0x00000007dfd140a0,0x00000007e0000000)
[2025-06-17T23:29:10.387+0300][2060][1928 ][debug][gc,heap  ] GC(8)   to   space 10752K, 0% used [0x00000007ff580000,0x00000007ff580000,0x0000000800000000)
[2025-06-17T23:29:10.387+0300][2060][1928 ][debug][gc,heap  ] GC(8)  ParOldGen       total 8388608K, used 3164K [0x0000000500000000, 0x0000000700000000, 0x0000000700000000)
[2025-06-17T23:29:10.387+0300][2060][1928 ][debug][gc,heap  ] GC(8)   object space 8388608K, 0% used [0x0000000500000000,0x0000000500317008,0x0000000700000000)
[2025-06-17T23:29:10.387+0300][2060][1928 ][debug][gc,heap  ] GC(8)  Metaspace       used 8989K, committed 9536K, reserved 1114112K
[2025-06-17T23:29:10.389+0300][2060][1928 ][debug][gc,heap  ] GC(8)   class space    used 978K, committed 1216K, reserved 1048576K
[2025-06-17T23:29:10.389+0300][2060][1928 ][debug][gc,phases] GC(8) Scavenge 2.029ms
[2025-06-17T23:29:10.389+0300][2060][1928 ][debug][gc,phases] GC(8) Reference Processing 0.086ms
[2025-06-17T23:29:10.389+0300][2060][1928 ][debug][gc,phases] GC(8)   VM Weak                        Min:  0.0, Avg:  0.0, Max:  0.0, Diff:  0.0, Sum:  0.0, Workers: 8
[2025-06-17T23:29:10.389+0300][2060][1928 ][debug][gc,phases] GC(8)     Dead                           Min: 0, Avg:  0.0, Max: 0, Diff: 0, Sum: 0, Workers: 8
[2025-06-17T23:29:10.389+0300][2060][1928 ][debug][gc,phases] GC(8)     Total                          Min: 0, Avg: 46.1, Max: 256, Diff: 256, Sum: 369, Workers: 8
[2025-06-17T23:29:10.389+0300][2060][1928 ][debug][gc,phases] GC(8)   ObjectSynchronizer Weak        Min:  0.0, Avg:  0.0, Max:  0.0, Diff:  0.0, Sum:  0.0, Workers: 8
[2025-06-17T23:29:10.389+0300][2060][1928 ][debug][gc,phases] GC(8)     Dead                           Min: 0, Avg:  0.0, Max: 0, Diff: 0, Sum: 0, Workers: 8
[2025-06-17T23:29:10.389+0300][2060][1928 ][debug][gc,phases] GC(8)     Total                          Min: 0, Avg: 17.9, Max: 64, Diff: 64, Sum: 143, Workers: 8
[2025-06-17T23:29:10.389+0300][2060][1928 ][debug][gc,phases] GC(8)   JVMTI Tag Weak OopStorage      Min:  0.0, Avg:  0.0, Max:  0.0, Diff:  0.0, Sum:  0.0, Workers: 8
[2025-06-17T23:29:10.389+0300][2060][1928 ][debug][gc,phases] GC(8)     Dead                           Min: 0, Avg:  0.0, Max: 0, Diff: 0, Sum: 0, Workers: 8
[2025-06-17T23:29:10.389+0300][2060][1928 ][debug][gc,phases] GC(8)     Total                          Min: 0, Avg:  0.0, Max: 0, Diff: 0, Sum: 0, Workers: 8
[2025-06-17T23:29:10.389+0300][2060][1928 ][debug][gc,phases] GC(8)   StringTable Weak               Min:  0.0, Avg:  0.0, Max:  0.0, Diff:  0.0, Sum:  0.1, Workers: 8
[2025-06-17T23:29:10.389+0300][2060][1928 ][debug][gc,phases] GC(8)     Dead                           Min: 0, Avg:  0.0, Max: 0, Diff: 0, Sum: 0, Workers: 8
[2025-06-17T23:29:10.389+0300][2060][1928 ][debug][gc,phases] GC(8)     Total                          Min: 0, Avg: 776.8, Max: 960, Diff: 960, Sum: 6214, Workers: 8
[2025-06-17T23:29:10.389+0300][2060][1928 ][debug][gc,phases] GC(8)   ResolvedMethodTable Weak       Min:  0.0, Avg:  0.0, Max:  0.0, Diff:  0.0, Sum:  0.0, Workers: 8
[2025-06-17T23:29:10.389+0300][2060][1928 ][debug][gc,phases] GC(8)     Dead                           Min: 0, Avg:  0.0, Max: 0, Diff: 0, Sum: 0, Workers: 8
[2025-06-17T23:29:10.389+0300][2060][1928 ][debug][gc,phases] GC(8)     Total                          Min: 0, Avg: 108.8, Max: 256, Diff: 256, Sum: 870, Workers: 8
[2025-06-17T23:29:10.389+0300][2060][1928 ][debug][gc,phases] GC(8)   JNI Weak                       Min:  0.0, Avg:  0.0, Max:  0.0, Diff:  0.0, Sum:  0.0, Workers: 8
[2025-06-17T23:29:10.389+0300][2060][1928 ][debug][gc,phases] GC(8)     Dead                           Min: 0, Avg:  0.0, Max: 0, Diff: 0, Sum: 0, Workers: 8
[2025-06-17T23:29:10.389+0300][2060][1928 ][debug][gc,phases] GC(8)     Total                          Min: 0, Avg:  0.0, Max: 0, Diff: 0, Sum: 0, Workers: 8
[2025-06-17T23:29:10.389+0300][2060][1928 ][debug][gc,phases] GC(8)   StringDedup Table Weak         Min:  0.0, Avg:  0.0, Max:  0.0, Diff:  0.0, Sum:  0.0, Workers: 8
[2025-06-17T23:29:10.389+0300][2060][1928 ][debug][gc,phases] GC(8)     Dead                           Min: 0, Avg:  0.0, Max: 0, Diff: 0, Sum: 0, Workers: 8
[2025-06-17T23:29:10.389+0300][2060][1928 ][debug][gc,phases] GC(8)     Total                          Min: 0, Avg:  0.0, Max: 0, Diff: 0, Sum: 0, Workers: 8
[2025-06-17T23:29:10.389+0300][2060][1928 ][debug][gc,phases] GC(8)   StringDedup Requests0 Weak     Min:  0.0, Avg:  0.0, Max:  0.0, Diff:  0.0, Sum:  0.0, Workers: 8
[2025-06-17T23:29:10.389+0300][2060][1928 ][debug][gc,phases] GC(8)     Dead                           Min: 0, Avg:  0.0, Max: 0, Diff: 0, Sum: 0, Workers: 8
[2025-06-17T23:29:10.389+0300][2060][1928 ][debug][gc,phases] GC(8)     Total                          Min: 0, Avg:  0.0, Max: 0, Diff: 0, Sum: 0, Workers: 8
[2025-06-17T23:29:10.389+0300][2060][1928 ][debug][gc,phases] GC(8)   StringDedup Requests1 Weak     Min:  0.0, Avg:  0.0, Max:  0.0, Diff:  0.0, Sum:  0.0, Workers: 8
[2025-06-17T23:29:10.389+0300][2060][1928 ][debug][gc,phases] GC(8)     Dead                           Min: 0, Avg:  0.0, Max: 0, Diff: 0, Sum: 0, Workers: 8
[2025-06-17T23:29:10.389+0300][2060][1928 ][debug][gc,phases] GC(8)     Total                          Min: 0, Avg:  0.0, Max: 0, Diff: 0, Sum: 0, Workers: 8
[2025-06-17T23:29:10.389+0300][2060][1928 ][debug][gc,phases] GC(8)   Weak JFR Old Object Samples    Min:  0.0, Avg:  0.0, Max:  0.0, Diff:  0.0, Sum:  0.0, Workers: 8
[2025-06-17T23:29:10.389+0300][2060][1928 ][debug][gc,phases] GC(8)     Dead                           Min: 0, Avg:  0.0, Max: 0, Diff: 0, Sum: 0, Workers: 8
[2025-06-17T23:29:10.389+0300][2060][1928 ][debug][gc,phases] GC(8)     Total                          Min: 0, Avg:  0.0, Max: 0, Diff: 0, Sum: 0, Workers: 8
[2025-06-17T23:29:10.389+0300][2060][1928 ][debug][gc,phases] GC(8) Weak Processing 0.645ms
[2025-06-17T23:29:10.389+0300][2060][1928 ][info ][gc,heap  ] GC(8) PSYoungGen: 3667024K(3670016K)->480K(4182528K) Eden: 3659264K(3659264K)->0K(4171776K) From: 7760K(10752K)->480K(10752K)
[2025-06-17T23:29:10.389+0300][2060][1928 ][info ][gc,heap  ] GC(8) ParOldGen: 3164K(8388608K)->10227K(8388608K)
[2025-06-17T23:29:10.389+0300][2060][1928 ][info ][gc       ] GC(8) Pause Young (Allocation Failure) 3584M->10M(12276M) 2.900ms
[2025-06-17T23:29:10.389+0300][2060][1928 ][debug][gc,heap  ] GC(8) Heap after GC invocations=9 (full 1):
[2025-06-17T23:29:10.389+0300][2060][1928 ][debug][gc,heap  ] GC(8)  PSYoungGen      total 4182528K, used 480K [0x0000000700000000, 0x0000000800000000, 0x0000000800000000)
[2025-06-17T23:29:10.389+0300][2060][1928 ][debug][gc,heap  ] GC(8)   eden space 4171776K, 0% used [0x0000000700000000,0x0000000700000000,0x00000007fea00000)
[2025-06-17T23:29:10.389+0300][2060][1928 ][debug][gc,heap  ] GC(8)   from space 10752K, 4% used [0x00000007ff580000,0x00000007ff5f80a0,0x0000000800000000)
[2025-06-17T23:29:10.389+0300][2060][1928 ][debug][gc,heap  ] GC(8)   to   space 11264K, 0% used [0x00000007fea00000,0x00000007fea00000,0x00000007ff500000)
[2025-06-17T23:29:10.389+0300][2060][1928 ][debug][gc,heap  ] GC(8)  ParOldGen       total 8388608K, used 10227K [0x0000000500000000, 0x0000000700000000, 0x0000000700000000)
[2025-06-17T23:29:10.389+0300][2060][1928 ][debug][gc,heap  ] GC(8)   object space 8388608K, 0% used [0x0000000500000000,0x00000005009fcf68,0x0000000700000000)
[2025-06-17T23:29:10.389+0300][2060][1928 ][debug][gc,heap  ] GC(8)  Metaspace       used 8989K, committed 9536K, reserved 1114112K
[2025-06-17T23:29:10.389+0300][2060][1928 ][debug][gc,heap  ] GC(8)   class space    used 978K, committed 1216K, reserved 1048576K
[2025-06-17T23:29:10.389+0300][2060][1928 ][info ][safepoint] Safepoint "ParallelGCFailedAllocation", Time since last: 864635800 ns, Reaching safepoint: 247900 ns, Cleanup: 15100 ns, At safepoint: 3296900 ns, Total: 3559900 ns
[2025-06-17T23:29:11.207+0300][2060][1928 ][debug][safepoint] Safepoint synchronization initiated using striped semaphore wait barrier. (13 threads)
[2025-06-17T23:29:11.207+0300][2060][1928 ][debug][gc,heap  ] GC(9) Heap before GC invocations=10 (full 1):
[2025-06-17T23:29:11.207+0300][2060][1928 ][debug][gc,heap  ] GC(9)  PSYoungGen      total 4182528K, used 1237210K [0x0000000700000000, 0x0000000800000000, 0x0000000800000000)
[2025-06-17T23:29:11.207+0300][2060][1928 ][debug][gc,heap  ] GC(9)   eden space 4171776K, 29% used [0x0000000700000000,0x000000074b7beab0,0x00000007fea00000)
[2025-06-17T23:29:11.207+0300][2060][1928 ][debug][gc,heap  ] GC(9)   from space 10752K, 4% used [0x00000007ff580000,0x00000007ff5f80a0,0x0000000800000000)
[2025-06-17T23:29:11.207+0300][2060][1928 ][debug][gc,heap  ] GC(9)   to   space 11264K, 0% used [0x00000007fea00000,0x00000007fea00000,0x00000007ff500000)
[2025-06-17T23:29:11.207+0300][2060][1928 ][debug][gc,heap  ] GC(9)  ParOldGen       total 8388608K, used 10227K [0x0000000500000000, 0x0000000700000000, 0x0000000700000000)
[2025-06-17T23:29:11.207+0300][2060][1928 ][debug][gc,heap  ] GC(9)   object space 8388608K, 0% used [0x0000000500000000,0x00000005009fcf68,0x0000000700000000)
[2025-06-17T23:29:11.207+0300][2060][1928 ][debug][gc,heap  ] GC(9)  Metaspace       used 9180K, committed 9792K, reserved 1114112K
[2025-06-17T23:29:11.207+0300][2060][1928 ][debug][gc,heap  ] GC(9)   class space    used 996K, committed 1280K, reserved 1048576K
[2025-06-17T23:29:11.207+0300][2060][1928 ][debug][gc,phases] GC(9) Scavenge 0.296ms
[2025-06-17T23:29:11.207+0300][2060][1928 ][debug][gc,phases] GC(9) Reference Processing 0.046ms
[2025-06-17T23:29:11.207+0300][2060][1928 ][debug][gc,phases] GC(9)   VM Weak                        Min:  0.0, Avg:  0.0, Max:  0.0, Diff:  0.0, Sum:  0.0, Workers: 8
[2025-06-17T23:29:11.207+0300][2060][1928 ][debug][gc,phases] GC(9)     Dead                           Min: 0, Avg:  0.0, Max: 0, Diff: 0, Sum: 0, Workers: 8
[2025-06-17T23:29:11.207+0300][2060][1928 ][debug][gc,phases] GC(9)     Total                          Min: 0, Avg: 46.2, Max: 242, Diff: 242, Sum: 370, Workers: 8
[2025-06-17T23:29:11.207+0300][2060][1928 ][debug][gc,phases] GC(9)   ObjectSynchronizer Weak        Min:  0.0, Avg:  0.0, Max:  0.0, Diff:  0.0, Sum:  0.0, Workers: 8
[2025-06-17T23:29:11.207+0300][2060][1928 ][debug][gc,phases] GC(9)     Dead                           Min: 0, Avg:  0.0, Max: 0, Diff: 0, Sum: 0, Workers: 8
[2025-06-17T23:29:11.207+0300][2060][1928 ][debug][gc,phases] GC(9)     Total                          Min: 0, Avg: 17.9, Max: 79, Diff: 79, Sum: 143, Workers: 8
[2025-06-17T23:29:11.207+0300][2060][1928 ][debug][gc,phases] GC(9)   JVMTI Tag Weak OopStorage      Min:  0.0, Avg:  0.0, Max:  0.0, Diff:  0.0, Sum:  0.0, Workers: 8
[2025-06-17T23:29:11.207+0300][2060][1928 ][debug][gc,phases] GC(9)     Dead                           Min: 0, Avg:  0.0, Max: 0, Diff: 0, Sum: 0, Workers: 8
[2025-06-17T23:29:11.207+0300][2060][1928 ][debug][gc,phases] GC(9)     Total                          Min: 0, Avg:  0.0, Max: 0, Diff: 0, Sum: 0, Workers: 8
[2025-06-17T23:29:11.207+0300][2060][1928 ][debug][gc,phases] GC(9)   StringTable Weak               Min:  0.0, Avg:  0.0, Max:  0.0, Diff:  0.0, Sum:  0.1, Workers: 8
[2025-06-17T23:29:11.207+0300][2060][1928 ][debug][gc,phases] GC(9)     Dead                           Min: 0, Avg:  0.5, Max: 4, Diff: 4, Sum: 4, Workers: 8
[2025-06-17T23:29:11.207+0300][2060][1928 ][debug][gc,phases] GC(9)     Total                          Min: 0, Avg: 783.1, Max: 1216, Diff: 1216, Sum: 6265, Workers: 8
[2025-06-17T23:29:11.207+0300][2060][1928 ][debug][gc,phases] GC(9)   ResolvedMethodTable Weak       Min:  0.0, Avg:  0.0, Max:  0.0, Diff:  0.0, Sum:  0.0, Workers: 8
[2025-06-17T23:29:11.207+0300][2060][1928 ][debug][gc,phases] GC(9)     Dead                           Min: 0, Avg:  0.4, Max: 2, Diff: 2, Sum: 3, Workers: 8
[2025-06-17T23:29:11.207+0300][2060][1928 ][debug][gc,phases] GC(9)     Total                          Min: 0, Avg: 111.9, Max: 192, Diff: 192, Sum: 895, Workers: 8
[2025-06-17T23:29:11.207+0300][2060][1928 ][debug][gc,phases] GC(9)   JNI Weak                       Min:  0.0, Avg:  0.0, Max:  0.0, Diff:  0.0, Sum:  0.0, Workers: 8
[2025-06-17T23:29:11.207+0300][2060][1928 ][debug][gc,phases] GC(9)     Dead                           Min: 0, Avg:  0.0, Max: 0, Diff: 0, Sum: 0, Workers: 8
[2025-06-17T23:29:11.207+0300][2060][1928 ][debug][gc,phases] GC(9)     Total                          Min: 0, Avg:  0.0, Max: 0, Diff: 0, Sum: 0, Workers: 8
[2025-06-17T23:29:11.207+0300][2060][1928 ][debug][gc,phases] GC(9)   StringDedup Table Weak         Min:  0.0, Avg:  0.0, Max:  0.0, Diff:  0.0, Sum:  0.0, Workers: 8
[2025-06-17T23:29:11.207+0300][2060][1928 ][debug][gc,phases] GC(9)     Dead                           Min: 0, Avg:  0.0, Max: 0, Diff: 0, Sum: 0, Workers: 8
[2025-06-17T23:29:11.207+0300][2060][1928 ][debug][gc,phases] GC(9)     Total                          Min: 0, Avg:  0.0, Max: 0, Diff: 0, Sum: 0, Workers: 8
[2025-06-17T23:29:11.207+0300][2060][1928 ][debug][gc,phases] GC(9)   StringDedup Requests0 Weak     Min:  0.0, Avg:  0.0, Max:  0.0, Diff:  0.0, Sum:  0.0, Workers: 8
[2025-06-17T23:29:11.207+0300][2060][1928 ][debug][gc,phases] GC(9)     Dead                           Min: 0, Avg:  0.0, Max: 0, Diff: 0, Sum: 0, Workers: 8
[2025-06-17T23:29:11.207+0300][2060][1928 ][debug][gc,phases] GC(9)     Total                          Min: 0, Avg:  0.0, Max: 0, Diff: 0, Sum: 0, Workers: 8
[2025-06-17T23:29:11.207+0300][2060][1928 ][debug][gc,phases] GC(9)   StringDedup Requests1 Weak     Min:  0.0, Avg:  0.0, Max:  0.0, Diff:  0.0, Sum:  0.0, Workers: 8
[2025-06-17T23:29:11.207+0300][2060][1928 ][debug][gc,phases] GC(9)     Dead                           Min: 0, Avg:  0.0, Max: 0, Diff: 0, Sum: 0, Workers: 8
[2025-06-17T23:29:11.207+0300][2060][1928 ][debug][gc,phases] GC(9)     Total                          Min: 0, Avg:  0.0, Max: 0, Diff: 0, Sum: 0, Workers: 8
[2025-06-17T23:29:11.207+0300][2060][1928 ][debug][gc,phases] GC(9)   Weak JFR Old Object Samples    Min:  0.0, Avg:  0.0, Max:  0.0, Diff:  0.0, Sum:  0.0, Workers: 8
[2025-06-17T23:29:11.207+0300][2060][1928 ][debug][gc,phases] GC(9)     Dead                           Min: 0, Avg:  0.0, Max: 0, Diff: 0, Sum: 0, Workers: 8
[2025-06-17T23:29:11.207+0300][2060][1928 ][debug][gc,phases] GC(9)     Total                          Min: 0, Avg:  0.0, Max: 0, Diff: 0, Sum: 0, Workers: 8
[2025-06-17T23:29:11.207+0300][2060][1928 ][debug][gc,phases] GC(9) Weak Processing 0.476ms
[2025-06-17T23:29:11.207+0300][2060][1928 ][info ][gc,heap  ] GC(9) PSYoungGen: 1237210K(4182528K)->256K(4172288K) Eden: 1236730K(4171776K)->0K(4171776K) From: 480K(10752K)->256K(512K)
[2025-06-17T23:29:11.207+0300][2060][1928 ][info ][gc,heap  ] GC(9) ParOldGen: 10227K(8388608K)->10259K(8388608K)
[2025-06-17T23:29:11.207+0300][2060][1928 ][info ][gc       ] GC(9) Pause Young (System.gc()) 1218M->10M(12266M) 0.923ms
[2025-06-17T23:29:11.207+0300][2060][1928 ][debug][gc,heap  ] GC(9) Heap after GC invocations=10 (full 1):
[2025-06-17T23:29:11.207+0300][2060][1928 ][debug][gc,heap  ] GC(9)  PSYoungGen      total 4172288K, used 256K [0x0000000700000000, 0x0000000800000000, 0x0000000800000000)
[2025-06-17T23:29:11.207+0300][2060][1928 ][debug][gc,heap  ] GC(9)   eden space 4171776K, 0% used [0x0000000700000000,0x0000000700000000,0x00000007fea00000)
[2025-06-17T23:29:11.207+0300][2060][1928 ][debug][gc,heap  ] GC(9)   from space 512K, 50% used [0x00000007fea00000,0x00000007fea40000,0x00000007fea80000)
[2025-06-17T23:29:11.207+0300][2060][1928 ][debug][gc,heap  ] GC(9)   to   space 11776K, 0% used [0x00000007ff480000,0x00000007ff480000,0x0000000800000000)
[2025-06-17T23:29:11.207+0300][2060][1928 ][debug][gc,heap  ] GC(9)  ParOldGen       total 8388608K, used 10259K [0x0000000500000000, 0x0000000700000000, 0x0000000700000000)
[2025-06-17T23:29:11.207+0300][2060][1928 ][debug][gc,heap  ] GC(9)   object space 8388608K, 0% used [0x0000000500000000,0x0000000500a04f68,0x0000000700000000)
[2025-06-17T23:29:11.207+0300][2060][1928 ][debug][gc,heap  ] GC(9)  Metaspace       used 9180K, committed 9792K, reserved 1114112K
[2025-06-17T23:29:11.207+0300][2060][1928 ][debug][gc,heap  ] GC(9)   class space    used 996K, committed 1280K, reserved 1048576K
[2025-06-17T23:29:11.207+0300][2060][1928 ][debug][gc,heap  ] GC(10) Heap before GC invocations=11 (full 2):
[2025-06-17T23:29:11.207+0300][2060][1928 ][debug][gc,heap  ] GC(10)  PSYoungGen      total 4172288K, used 256K [0x0000000700000000, 0x0000000800000000, 0x0000000800000000)
[2025-06-17T23:29:11.207+0300][2060][1928 ][debug][gc,heap  ] GC(10)   eden space 4171776K, 0% used [0x0000000700000000,0x0000000700000000,0x00000007fea00000)
[2025-06-17T23:29:11.207+0300][2060][1928 ][debug][gc,heap  ] GC(10)   from space 512K, 50% used [0x00000007fea00000,0x00000007fea40000,0x00000007fea80000)
[2025-06-17T23:29:11.207+0300][2060][1928 ][debug][gc,heap  ] GC(10)   to   space 11776K, 0% used [0x00000007ff480000,0x00000007ff480000,0x0000000800000000)
[2025-06-17T23:29:11.207+0300][2060][1928 ][debug][gc,heap  ] GC(10)  ParOldGen       total 8388608K, used 10259K [0x0000000500000000, 0x0000000700000000, 0x0000000700000000)
[2025-06-17T23:29:11.207+0300][2060][1928 ][debug][gc,heap  ] GC(10)   object space 8388608K, 0% used [0x0000000500000000,0x0000000500a04f68,0x0000000700000000)
[2025-06-17T23:29:11.207+0300][2060][1928 ][debug][gc,heap  ] GC(10)  Metaspace       used 9180K, committed 9792K, reserved 1114112K
[2025-06-17T23:29:11.207+0300][2060][1928 ][debug][gc,heap  ] GC(10)   class space    used 996K, committed 1280K, reserved 1048576K
[2025-06-17T23:29:11.207+0300][2060][1928 ][debug][gc,phases] GC(10) Pre Compact 0.109ms
[2025-06-17T23:29:11.207+0300][2060][1928 ][debug][gc,phases] GC(10) Par Mark 1.852ms
[2025-06-17T23:29:11.207+0300][2060][1928 ][debug][gc,phases] GC(10) Reference Processing 0.161ms
[2025-06-17T23:29:11.207+0300][2060][1928 ][debug][gc,phases] GC(10)   VM Weak                        Min:  0.0, Avg:  0.0, Max:  0.0, Diff:  0.0, Sum:  0.0, Workers: 8
[2025-06-17T23:29:11.207+0300][2060][1928 ][debug][gc,phases] GC(10)     Dead                           Min: 0, Avg: 30.9, Max: 190, Diff: 190, Sum: 247, Workers: 8
[2025-06-17T23:29:11.207+0300][2060][1928 ][debug][gc,phases] GC(10)     Total                          Min: 0, Avg: 46.2, Max: 306, Diff: 306, Sum: 370, Workers: 8
[2025-06-17T23:29:11.207+0300][2060][1928 ][debug][gc,phases] GC(10)   ObjectSynchronizer Weak        Min:  0.0, Avg:  0.0, Max:  0.0, Diff:  0.0, Sum:  0.0, Workers: 8
[2025-06-17T23:29:11.207+0300][2060][1928 ][debug][gc,phases] GC(10)     Dead                           Min: 0, Avg:  0.4, Max: 2, Diff: 2, Sum: 3, Workers: 8
[2025-06-17T23:29:11.207+0300][2060][1928 ][debug][gc,phases] GC(10)     Total                          Min: 0, Avg: 17.9, Max: 64, Diff: 64, Sum: 143, Workers: 8
[2025-06-17T23:29:11.207+0300][2060][1928 ][debug][gc,phases] GC(10)   JVMTI Tag Weak OopStorage      Min:  0.0, Avg:  0.0, Max:  0.0, Diff:  0.0, Sum:  0.0, Workers: 8
[2025-06-17T23:29:11.207+0300][2060][1928 ][debug][gc,phases] GC(10)     Dead                           Min: 0, Avg:  0.0, Max: 0, Diff: 0, Sum: 0, Workers: 8
[2025-06-17T23:29:11.207+0300][2060][1928 ][debug][gc,phases] GC(10)     Total                          Min: 0, Avg:  0.0, Max: 0, Diff: 0, Sum: 0, Workers: 8
[2025-06-17T23:29:11.207+0300][2060][1928 ][debug][gc,phases] GC(10)   StringTable Weak               Min:  0.0, Avg:  0.0, Max:  0.0, Diff:  0.0, Sum:  0.1, Workers: 8
[2025-06-17T23:29:11.207+0300][2060][1928 ][debug][gc,phases] GC(10)     Dead                           Min: 0, Avg:  0.0, Max: 0, Diff: 0, Sum: 0, Workers: 8
[2025-06-17T23:29:11.207+0300][2060][1928 ][debug][gc,phases] GC(10)     Total                          Min: 0, Avg: 783.1, Max: 1088, Diff: 1088, Sum: 6265, Workers: 8
[2025-06-17T23:29:11.207+0300][2060][1928 ][debug][gc,phases] GC(10)   ResolvedMethodTable Weak       Min:  0.0, Avg:  0.0, Max:  0.0, Diff:  0.0, Sum:  0.0, Workers: 8
[2025-06-17T23:29:11.207+0300][2060][1928 ][debug][gc,phases] GC(10)     Dead                           Min: 0, Avg:  3.5, Max: 21, Diff: 21, Sum: 28, Workers: 8
[2025-06-17T23:29:11.207+0300][2060][1928 ][debug][gc,phases] GC(10)     Total                          Min: 0, Avg: 111.9, Max: 192, Diff: 192, Sum: 895, Workers: 8
[2025-06-17T23:29:11.207+0300][2060][1928 ][debug][gc,phases] GC(10)   JNI Weak                       Min:  0.0, Avg:  0.0, Max:  0.0, Diff:  0.0, Sum:  0.0, Workers: 8
[2025-06-17T23:29:11.207+0300][2060][1928 ][debug][gc,phases] GC(10)     Dead                           Min: 0, Avg:  0.0, Max: 0, Diff: 0, Sum: 0, Workers: 8
[2025-06-17T23:29:11.207+0300][2060][1928 ][debug][gc,phases] GC(10)     Total                          Min: 0, Avg:  0.0, Max: 0, Diff: 0, Sum: 0, Workers: 8
[2025-06-17T23:29:11.207+0300][2060][1928 ][debug][gc,phases] GC(10)   StringDedup Table Weak         Min:  0.0, Avg:  0.0, Max:  0.0, Diff:  0.0, Sum:  0.0, Workers: 8
[2025-06-17T23:29:11.207+0300][2060][1928 ][debug][gc,phases] GC(10)     Dead                           Min: 0, Avg:  0.0, Max: 0, Diff: 0, Sum: 0, Workers: 8
[2025-06-17T23:29:11.207+0300][2060][1928 ][debug][gc,phases] GC(10)     Total                          Min: 0, Avg:  0.0, Max: 0, Diff: 0, Sum: 0, Workers: 8
[2025-06-17T23:29:11.207+0300][2060][1928 ][debug][gc,phases] GC(10)   StringDedup Requests0 Weak     Min:  0.0, Avg:  0.0, Max:  0.0, Diff:  0.0, Sum:  0.0, Workers: 8
[2025-06-17T23:29:11.207+0300][2060][1928 ][debug][gc,phases] GC(10)     Dead                           Min: 0, Avg:  0.0, Max: 0, Diff: 0, Sum: 0, Workers: 8
[2025-06-17T23:29:11.207+0300][2060][1928 ][debug][gc,phases] GC(10)     Total                          Min: 0, Avg:  0.0, Max: 0, Diff: 0, Sum: 0, Workers: 8
[2025-06-17T23:29:11.207+0300][2060][1928 ][debug][gc,phases] GC(10)   StringDedup Requests1 Weak     Min:  0.0, Avg:  0.0, Max:  0.0, Diff:  0.0, Sum:  0.0, Workers: 8
[2025-06-17T23:29:11.207+0300][2060][1928 ][debug][gc,phases] GC(10)     Dead                           Min: 0, Avg:  0.0, Max: 0, Diff: 0, Sum: 0, Workers: 8
[2025-06-17T23:29:11.207+0300][2060][1928 ][debug][gc,phases] GC(10)     Total                          Min: 0, Avg:  0.0, Max: 0, Diff: 0, Sum: 0, Workers: 8
[2025-06-17T23:29:11.207+0300][2060][1928 ][debug][gc,phases] GC(10)   Weak JFR Old Object Samples    Min:  0.0, Avg:  0.0, Max:  0.0, Diff:  0.0, Sum:  0.0, Workers: 8
[2025-06-17T23:29:11.207+0300][2060][1928 ][debug][gc,phases] GC(10)     Dead                           Min: 0, Avg:  0.0, Max: 0, Diff: 0, Sum: 0, Workers: 8
[2025-06-17T23:29:11.207+0300][2060][1928 ][debug][gc,phases] GC(10)     Total                          Min: 0, Avg:  0.0, Max: 0, Diff: 0, Sum: 0, Workers: 8
[2025-06-17T23:29:11.207+0300][2060][1928 ][debug][gc,phases] GC(10) Weak Processing 0.480ms
[2025-06-17T23:29:11.207+0300][2060][1928 ][debug][gc,phases] GC(10) ClassLoaderData 0.250ms
[2025-06-17T23:29:11.207+0300][2060][1928 ][debug][gc,phases] GC(10) Trigger cleanups 0.007ms
[2025-06-17T23:29:11.207+0300][2060][1928 ][debug][gc,phases] GC(10) Purge Unlinked NMethods 0.105ms
[2025-06-17T23:29:11.207+0300][2060][1928 ][debug][gc,phases] GC(10) Unregister NMethods 0.001ms
[2025-06-17T23:29:11.207+0300][2060][1928 ][debug][gc,phases] GC(10) Free Code Blobs 0.025ms
[2025-06-17T23:29:11.207+0300][2060][1928 ][debug][gc,phases] GC(10) Class Unloading 6.114ms
[2025-06-17T23:29:11.207+0300][2060][1928 ][debug][gc,phases] GC(10) Report Object Count 0.001ms
[2025-06-17T23:29:11.207+0300][2060][1928 ][info ][gc,phases] GC(10) Marking Phase 8.741ms
[2025-06-17T23:29:11.207+0300][2060][1928 ][info ][gc,phases] GC(10) Summary Phase 0.002ms
[2025-06-17T23:29:11.207+0300][2060][1928 ][info ][gc,phases] GC(10) Adjust Roots 3.530ms
[2025-06-17T23:29:11.223+0300][2060][1928 ][info ][gc,phases] GC(10) Compaction Phase 3.587ms
[2025-06-17T23:29:11.223+0300][2060][1928 ][debug][gc,phases] GC(10) Purge Class Loader Data 0.366ms
[2025-06-17T23:29:11.223+0300][2060][1928 ][info ][gc,phases] GC(10) Post Compact 1.040ms
[2025-06-17T23:29:11.223+0300][2060][1928 ][info ][gc,heap  ] GC(10) PSYoungGen: 256K(4172288K)->0K(4172288K) Eden: 0K(4171776K)->0K(4171776K) From: 256K(512K)->0K(512K)
[2025-06-17T23:29:11.223+0300][2060][1928 ][info ][gc,heap  ] GC(10) ParOldGen: 10259K(8388608K)->9915K(8388608K)
[2025-06-17T23:29:11.223+0300][2060][1928 ][info ][gc       ] GC(10) Pause Full (System.gc()) 10M->9M(12266M) 17.095ms
[2025-06-17T23:29:11.223+0300][2060][1928 ][debug][gc,heap  ] GC(10) Heap after GC invocations=11 (full 2):
[2025-06-17T23:29:11.223+0300][2060][1928 ][debug][gc,heap  ] GC(10)  PSYoungGen      total 4172288K, used 0K [0x0000000700000000, 0x0000000800000000, 0x0000000800000000)
[2025-06-17T23:29:11.223+0300][2060][1928 ][debug][gc,heap  ] GC(10)   eden space 4171776K, 0% used [0x0000000700000000,0x0000000700000000,0x00000007fea00000)
[2025-06-17T23:29:11.223+0300][2060][1928 ][debug][gc,heap  ] GC(10)   from space 512K, 0% used [0x00000007fea00000,0x00000007fea00000,0x00000007fea80000)
[2025-06-17T23:29:11.223+0300][2060][1928 ][debug][gc,heap  ] GC(10)   to   space 11776K, 0% used [0x00000007ff480000,0x00000007ff480000,0x0000000800000000)
[2025-06-17T23:29:11.223+0300][2060][1928 ][debug][gc,heap  ] GC(10)  ParOldGen       total 8388608K, used 9915K [0x0000000500000000, 0x0000000700000000, 0x0000000700000000)
[2025-06-17T23:29:11.223+0300][2060][1928 ][debug][gc,heap  ] GC(10)   object space 8388608K, 0% used [0x0000000500000000,0x00000005009aeea8,0x0000000700000000)
[2025-06-17T23:29:11.223+0300][2060][1928 ][debug][gc,heap  ] GC(10)  Metaspace       used 8739K, committed 9792K, reserved 1114112K
[2025-06-17T23:29:11.223+0300][2060][1928 ][debug][gc,heap  ] GC(10)   class space    used 875K, committed 1280K, reserved 1048576K
[2025-06-17T23:29:11.223+0300][2060][1928 ][info ][safepoint] Safepoint "ParallelGCSystemGC", Time since last: 816334300 ns, Reaching safepoint: 51700 ns, Cleanup: 22100 ns, At safepoint: 18541500 ns, Total: 18615300 ns
[2025-06-17T23:29:12.249+0300][2060][1928 ][debug][safepoint] Safepoint synchronization initiated using striped semaphore wait barrier. (20 threads)
[2025-06-17T23:29:12.249+0300][2060][15548][debug][safepoint] ... found polling page loop exception at pc = 0x000001c307b7d5e0, stub =0x000001c307584d80
[2025-06-17T23:29:12.249+0300][2060][19080][debug][safepoint] ... found polling page loop exception at pc = 0x000001c307b7d5e0, stub =0x000001c307584d80
[2025-06-17T23:29:12.249+0300][2060][20576][debug][safepoint] ... found polling page loop exception at pc = 0x000001c307bc83d1, stub =0x000001c307584d80
[2025-06-17T23:29:12.249+0300][2060][1336 ][debug][safepoint] ... found polling page loop exception at pc = 0x000001c307b7d5e0, stub =0x000001c307584d80
[2025-06-17T23:29:12.249+0300][2060][17936][debug][safepoint] ... found polling page loop exception at pc = 0x000001c307b7d5e0, stub =0x000001c307584d80
[2025-06-17T23:29:12.249+0300][2060][1928 ][info ][safepoint] Safepoint "Cleanup", Time since last: 1022212700 ns, Reaching safepoint: 504600 ns, Cleanup: 37900 ns, At safepoint: 28200 ns, Total: 570700 ns
[2025-06-17T23:29:12.651+0300][2060][1928 ][debug][safepoint] Safepoint synchronization initiated using striped semaphore wait barrier. (20 threads)
[2025-06-17T23:29:12.653+0300][2060][17936][debug][safepoint] ... found polling page loop exception at pc = 0x000001c307b7d5e0, stub =0x000001c307584d80
[2025-06-17T23:29:12.653+0300][2060][1336 ][debug][safepoint] ... found polling page loop exception at pc = 0x000001c307b7d5e0, stub =0x000001c307584d80
[2025-06-17T23:29:12.653+0300][2060][15548][debug][safepoint] ... found polling page loop exception at pc = 0x000001c307b7d5e0, stub =0x000001c307584d80
[2025-06-17T23:29:12.653+0300][2060][18264][debug][safepoint] ... found polling page loop exception at pc = 0x000001c307d4f15a, stub =0x000001c307584d80
[2025-06-17T23:29:12.653+0300][2060][1928 ][debug][gc,heap  ] GC(11) Heap before GC invocations=12 (full 2):
[2025-06-17T23:29:12.653+0300][2060][1928 ][debug][gc,heap  ] GC(11)  PSYoungGen      total 4172288K, used 4171776K [0x0000000700000000, 0x0000000800000000, 0x0000000800000000)
[2025-06-17T23:29:12.653+0300][2060][1928 ][debug][gc,heap  ] GC(11)   eden space 4171776K, 100% used [0x0000000700000000,0x00000007fea00000,0x00000007fea00000)
[2025-06-17T23:29:12.653+0300][2060][1928 ][debug][gc,heap  ] GC(11)   from space 512K, 0% used [0x00000007fea00000,0x00000007fea00000,0x00000007fea80000)
[2025-06-17T23:29:12.653+0300][2060][1928 ][debug][gc,heap  ] GC(11)   to   space 11776K, 0% used [0x00000007ff480000,0x00000007ff480000,0x0000000800000000)
[2025-06-17T23:29:12.653+0300][2060][1928 ][debug][gc,heap  ] GC(11)  ParOldGen       total 8388608K, used 9915K [0x0000000500000000, 0x0000000700000000, 0x0000000700000000)
[2025-06-17T23:29:12.653+0300][2060][1928 ][debug][gc,heap  ] GC(11)   object space 8388608K, 0% used [0x0000000500000000,0x00000005009aeea8,0x0000000700000000)
[2025-06-17T23:29:12.653+0300][2060][1928 ][debug][gc,heap  ] GC(11)  Metaspace       used 8739K, committed 9792K, reserved 1114112K
[2025-06-17T23:29:12.653+0300][2060][1928 ][debug][gc,heap  ] GC(11)   class space    used 875K, committed 1280K, reserved 1048576K
[2025-06-17T23:29:12.653+0300][2060][1928 ][debug][gc,phases] GC(11) Scavenge 1.443ms
[2025-06-17T23:29:12.653+0300][2060][1928 ][debug][gc,phases] GC(11) Reference Processing 0.123ms
[2025-06-17T23:29:12.653+0300][2060][1928 ][debug][gc,phases] GC(11)   VM Weak                        Min:  0.0, Avg:  0.0, Max:  0.0, Diff:  0.0, Sum:  0.0, Workers: 8
[2025-06-17T23:29:12.653+0300][2060][1928 ][debug][gc,phases] GC(11)     Dead                           Min: 0, Avg:  0.0, Max: 0, Diff: 0, Sum: 0, Workers: 8
[2025-06-17T23:29:12.653+0300][2060][1928 ][debug][gc,phases] GC(11)     Total                          Min: 0, Avg: 15.4, Max: 88, Diff: 88, Sum: 123, Workers: 8
[2025-06-17T23:29:12.653+0300][2060][1928 ][debug][gc,phases] GC(11)   ObjectSynchronizer Weak        Min:  0.0, Avg:  0.0, Max:  0.0, Diff:  0.0, Sum:  0.0, Workers: 8
[2025-06-17T23:29:12.653+0300][2060][1928 ][debug][gc,phases] GC(11)     Dead                           Min: 0, Avg:  0.0, Max: 0, Diff: 0, Sum: 0, Workers: 8
[2025-06-17T23:29:12.653+0300][2060][1928 ][debug][gc,phases] GC(11)     Total                          Min: 0, Avg: 17.9, Max: 79, Diff: 79, Sum: 143, Workers: 8
[2025-06-17T23:29:12.653+0300][2060][1928 ][debug][gc,phases] GC(11)   JVMTI Tag Weak OopStorage      Min:  0.0, Avg:  0.0, Max:  0.0, Diff:  0.0, Sum:  0.0, Workers: 8
[2025-06-17T23:29:12.653+0300][2060][1928 ][debug][gc,phases] GC(11)     Dead                           Min: 0, Avg:  0.0, Max: 0, Diff: 0, Sum: 0, Workers: 8
[2025-06-17T23:29:12.653+0300][2060][1928 ][debug][gc,phases] GC(11)     Total                          Min: 0, Avg:  0.0, Max: 0, Diff: 0, Sum: 0, Workers: 8
[2025-06-17T23:29:12.653+0300][2060][1928 ][debug][gc,phases] GC(11)   StringTable Weak               Min:  0.0, Avg:  0.0, Max:  0.0, Diff:  0.0, Sum:  0.1, Workers: 8
[2025-06-17T23:29:12.653+0300][2060][1928 ][debug][gc,phases] GC(11)     Dead                           Min: 0, Avg:  0.0, Max: 0, Diff: 0, Sum: 0, Workers: 8
[2025-06-17T23:29:12.653+0300][2060][1928 ][debug][gc,phases] GC(11)     Total                          Min: 0, Avg: 783.4, Max: 1344, Diff: 1344, Sum: 6267, Workers: 8
[2025-06-17T23:29:12.653+0300][2060][1928 ][debug][gc,phases] GC(11)   ResolvedMethodTable Weak       Min:  0.0, Avg:  0.0, Max:  0.0, Diff:  0.0, Sum:  0.0, Workers: 8
[2025-06-17T23:29:12.653+0300][2060][1928 ][debug][gc,phases] GC(11)     Dead                           Min: 0, Avg:  0.0, Max: 0, Diff: 0, Sum: 0, Workers: 8
[2025-06-17T23:29:12.653+0300][2060][1928 ][debug][gc,phases] GC(11)     Total                          Min: 0, Avg: 111.9, Max: 192, Diff: 192, Sum: 895, Workers: 8
[2025-06-17T23:29:12.653+0300][2060][1928 ][debug][gc,phases] GC(11)   JNI Weak                       Min:  0.0, Avg:  0.0, Max:  0.0, Diff:  0.0, Sum:  0.0, Workers: 8
[2025-06-17T23:29:12.653+0300][2060][1928 ][debug][gc,phases] GC(11)     Dead                           Min: 0, Avg:  0.0, Max: 0, Diff: 0, Sum: 0, Workers: 8
[2025-06-17T23:29:12.653+0300][2060][1928 ][debug][gc,phases] GC(11)     Total                          Min: 0, Avg:  0.0, Max: 0, Diff: 0, Sum: 0, Workers: 8
[2025-06-17T23:29:12.653+0300][2060][1928 ][debug][gc,phases] GC(11)   StringDedup Table Weak         Min:  0.0, Avg:  0.0, Max:  0.0, Diff:  0.0, Sum:  0.0, Workers: 8
[2025-06-17T23:29:12.653+0300][2060][1928 ][debug][gc,phases] GC(11)     Dead                           Min: 0, Avg:  0.0, Max: 0, Diff: 0, Sum: 0, Workers: 8
[2025-06-17T23:29:12.653+0300][2060][1928 ][debug][gc,phases] GC(11)     Total                          Min: 0, Avg:  0.0, Max: 0, Diff: 0, Sum: 0, Workers: 8
[2025-06-17T23:29:12.653+0300][2060][1928 ][debug][gc,phases] GC(11)   StringDedup Requests0 Weak     Min:  0.0, Avg:  0.0, Max:  0.0, Diff:  0.0, Sum:  0.0, Workers: 8
[2025-06-17T23:29:12.653+0300][2060][1928 ][debug][gc,phases] GC(11)     Dead                           Min: 0, Avg:  0.0, Max: 0, Diff: 0, Sum: 0, Workers: 8
[2025-06-17T23:29:12.653+0300][2060][1928 ][debug][gc,phases] GC(11)     Total                          Min: 0, Avg:  0.0, Max: 0, Diff: 0, Sum: 0, Workers: 8
[2025-06-17T23:29:12.653+0300][2060][1928 ][debug][gc,phases] GC(11)   StringDedup Requests1 Weak     Min:  0.0, Avg:  0.0, Max:  0.0, Diff:  0.0, Sum:  0.0, Workers: 8
[2025-06-17T23:29:12.653+0300][2060][1928 ][debug][gc,phases] GC(11)     Dead                           Min: 0, Avg:  0.0, Max: 0, Diff: 0, Sum: 0, Workers: 8
[2025-06-17T23:29:12.653+0300][2060][1928 ][debug][gc,phases] GC(11)     Total                          Min: 0, Avg:  0.0, Max: 0, Diff: 0, Sum: 0, Workers: 8
[2025-06-17T23:29:12.653+0300][2060][1928 ][debug][gc,phases] GC(11)   Weak JFR Old Object Samples    Min:  0.0, Avg:  0.0, Max:  0.0, Diff:  0.0, Sum:  0.0, Workers: 8
[2025-06-17T23:29:12.653+0300][2060][1928 ][debug][gc,phases] GC(11)     Dead                           Min: 0, Avg:  0.0, Max: 0, Diff: 0, Sum: 0, Workers: 8
[2025-06-17T23:29:12.653+0300][2060][1928 ][debug][gc,phases] GC(11)     Total                          Min: 0, Avg:  0.0, Max: 0, Diff: 0, Sum: 0, Workers: 8
[2025-06-17T23:29:12.653+0300][2060][1928 ][debug][gc,phases] GC(11) Weak Processing 0.858ms
[2025-06-17T23:29:12.653+0300][2060][1928 ][info ][gc,heap  ] GC(11) PSYoungGen: 4171776K(4172288K)->7040K(4182528K) Eden: 4171776K(4171776K)->0K(4170752K) From: 0K(512K)->7040K(11776K)
[2025-06-17T23:29:12.653+0300][2060][1928 ][info ][gc,heap  ] GC(11) ParOldGen: 9915K(8388608K)->9915K(8388608K)
[2025-06-17T23:29:12.653+0300][2060][1928 ][info ][gc       ] GC(11) Pause Young (Allocation Failure) 4083M->16M(12276M) 2.579ms
[2025-06-17T23:29:12.653+0300][2060][1928 ][debug][gc,heap  ] GC(11) Heap after GC invocations=12 (full 2):
[2025-06-17T23:29:12.653+0300][2060][1928 ][debug][gc,heap  ] GC(11)  PSYoungGen      total 4182528K, used 7040K [0x0000000700000000, 0x0000000800000000, 0x0000000800000000)
[2025-06-17T23:29:12.653+0300][2060][1928 ][debug][gc,heap  ] GC(11)   eden space 4170752K, 0% used [0x0000000700000000,0x0000000700000000,0x00000007fe900000)
[2025-06-17T23:29:12.653+0300][2060][1928 ][debug][gc,heap  ] GC(11)   from space 11776K, 59% used [0x00000007ff480000,0x00000007ffb600f0,0x0000000800000000)
[2025-06-17T23:29:12.653+0300][2060][1928 ][debug][gc,heap  ] GC(11)   to   space 11776K, 0% used [0x00000007fe900000,0x00000007fe900000,0x00000007ff480000)
[2025-06-17T23:29:12.653+0300][2060][1928 ][debug][gc,heap  ] GC(11)  ParOldGen       total 8388608K, used 9915K [0x0000000500000000, 0x0000000700000000, 0x0000000700000000)
[2025-06-17T23:29:12.653+0300][2060][1928 ][debug][gc,heap  ] GC(11)   object space 8388608K, 0% used [0x0000000500000000,0x00000005009aeea8,0x0000000700000000)
[2025-06-17T23:29:12.653+0300][2060][1928 ][debug][gc,heap  ] GC(11)  Metaspace       used 8739K, committed 9792K, reserved 1114112K
[2025-06-17T23:29:12.653+0300][2060][1928 ][debug][gc,heap  ] GC(11)   class space    used 875K, committed 1280K, reserved 1048576K
[2025-06-17T23:29:12.653+0300][2060][1928 ][info ][safepoint] Safepoint "ParallelGCFailedAllocation", Time since last: 402951500 ns, Reaching safepoint: 395400 ns, Cleanup: 8200 ns, At safepoint: 3104800 ns, Total: 3508400 ns
[2025-06-17T23:29:13.968+0300][2060][1928 ][debug][safepoint] Safepoint synchronization initiated using striped semaphore wait barrier. (19 threads)
[2025-06-17T23:29:13.968+0300][2060][1928 ][debug][gc,heap  ] GC(12) Heap before GC invocations=13 (full 2):
[2025-06-17T23:29:13.968+0300][2060][1928 ][debug][gc,heap  ] GC(12)  PSYoungGen      total 4182528K, used 4177792K [0x0000000700000000, 0x0000000800000000, 0x0000000800000000)
[2025-06-17T23:29:13.968+0300][2060][1928 ][debug][gc,heap  ] GC(12)   eden space 4170752K, 100% used [0x0000000700000000,0x00000007fe900000,0x00000007fe900000)
[2025-06-17T23:29:13.968+0300][2060][1928 ][debug][gc,heap  ] GC(12)   from space 11776K, 59% used [0x00000007ff480000,0x00000007ffb600f0,0x0000000800000000)
[2025-06-17T23:29:13.968+0300][2060][1928 ][debug][gc,heap  ] GC(12)   to   space 11776K, 0% used [0x00000007fe900000,0x00000007fe900000,0x00000007ff480000)
[2025-06-17T23:29:13.968+0300][2060][1928 ][debug][gc,heap  ] GC(12)  ParOldGen       total 8388608K, used 9915K [0x0000000500000000, 0x0000000700000000, 0x0000000700000000)
[2025-06-17T23:29:13.968+0300][2060][1928 ][debug][gc,heap  ] GC(12)   object space 8388608K, 0% used [0x0000000500000000,0x00000005009aeea8,0x0000000700000000)
[2025-06-17T23:29:13.968+0300][2060][1928 ][debug][gc,heap  ] GC(12)  Metaspace       used 8739K, committed 9792K, reserved 1114112K
[2025-06-17T23:29:13.968+0300][2060][1928 ][debug][gc,heap  ] GC(12)   class space    used 875K, committed 1280K, reserved 1048576K
[2025-06-17T23:29:13.968+0300][2060][1928 ][debug][gc,phases] GC(12) Scavenge 1.568ms
[2025-06-17T23:29:13.968+0300][2060][1928 ][debug][gc,phases] GC(12) Reference Processing 0.101ms
[2025-06-17T23:29:13.968+0300][2060][1928 ][debug][gc,phases] GC(12)   VM Weak                        Min:  0.0, Avg:  0.0, Max:  0.0, Diff:  0.0, Sum:  0.0, Workers: 8
[2025-06-17T23:29:13.968+0300][2060][1928 ][debug][gc,phases] GC(12)     Dead                           Min: 0, Avg:  0.0, Max: 0, Diff: 0, Sum: 0, Workers: 8
[2025-06-17T23:29:13.968+0300][2060][1928 ][debug][gc,phases] GC(12)     Total                          Min: 0, Avg: 15.4, Max: 116, Diff: 116, Sum: 123, Workers: 8
[2025-06-17T23:29:13.968+0300][2060][1928 ][debug][gc,phases] GC(12)   ObjectSynchronizer Weak        Min:  0.0, Avg:  0.0, Max:  0.0, Diff:  0.0, Sum:  0.0, Workers: 8
[2025-06-17T23:29:13.968+0300][2060][1928 ][debug][gc,phases] GC(12)     Dead                           Min: 0, Avg:  0.0, Max: 0, Diff: 0, Sum: 0, Workers: 8
[2025-06-17T23:29:13.968+0300][2060][1928 ][debug][gc,phases] GC(12)     Total                          Min: 0, Avg: 17.9, Max: 79, Diff: 79, Sum: 143, Workers: 8
[2025-06-17T23:29:13.968+0300][2060][1928 ][debug][gc,phases] GC(12)   JVMTI Tag Weak OopStorage      Min:  0.0, Avg:  0.0, Max:  0.0, Diff:  0.0, Sum:  0.0, Workers: 8
[2025-06-17T23:29:13.968+0300][2060][1928 ][debug][gc,phases] GC(12)     Dead                           Min: 0, Avg:  0.0, Max: 0, Diff: 0, Sum: 0, Workers: 8
[2025-06-17T23:29:13.968+0300][2060][1928 ][debug][gc,phases] GC(12)     Total                          Min: 0, Avg:  0.0, Max: 0, Diff: 0, Sum: 0, Workers: 8
[2025-06-17T23:29:13.968+0300][2060][1928 ][debug][gc,phases] GC(12)   StringTable Weak               Min:  0.0, Avg:  0.0, Max:  0.0, Diff:  0.0, Sum:  0.1, Workers: 8
[2025-06-17T23:29:13.968+0300][2060][1928 ][debug][gc,phases] GC(12)     Dead                           Min: 0, Avg:  0.0, Max: 0, Diff: 0, Sum: 0, Workers: 8
[2025-06-17T23:29:13.968+0300][2060][1928 ][debug][gc,phases] GC(12)     Total                          Min: 0, Avg: 783.4, Max: 1152, Diff: 1152, Sum: 6267, Workers: 8
[2025-06-17T23:29:13.968+0300][2060][1928 ][debug][gc,phases] GC(12)   ResolvedMethodTable Weak       Min:  0.0, Avg:  0.0, Max:  0.0, Diff:  0.0, Sum:  0.0, Workers: 8
[2025-06-17T23:29:13.968+0300][2060][1928 ][debug][gc,phases] GC(12)     Dead                           Min: 0, Avg:  0.0, Max: 0, Diff: 0, Sum: 0, Workers: 8
[2025-06-17T23:29:13.968+0300][2060][1928 ][debug][gc,phases] GC(12)     Total                          Min: 0, Avg: 111.9, Max: 191, Diff: 191, Sum: 895, Workers: 8
[2025-06-17T23:29:13.968+0300][2060][1928 ][debug][gc,phases] GC(12)   JNI Weak                       Min:  0.0, Avg:  0.0, Max:  0.0, Diff:  0.0, Sum:  0.0, Workers: 8
[2025-06-17T23:29:13.968+0300][2060][1928 ][debug][gc,phases] GC(12)     Dead                           Min: 0, Avg:  0.0, Max: 0, Diff: 0, Sum: 0, Workers: 8
[2025-06-17T23:29:13.968+0300][2060][1928 ][debug][gc,phases] GC(12)     Total                          Min: 0, Avg:  0.0, Max: 0, Diff: 0, Sum: 0, Workers: 8
[2025-06-17T23:29:13.968+0300][2060][1928 ][debug][gc,phases] GC(12)   StringDedup Table Weak         Min:  0.0, Avg:  0.0, Max:  0.0, Diff:  0.0, Sum:  0.0, Workers: 8
[2025-06-17T23:29:13.968+0300][2060][1928 ][debug][gc,phases] GC(12)     Dead                           Min: 0, Avg:  0.0, Max: 0, Diff: 0, Sum: 0, Workers: 8
[2025-06-17T23:29:13.968+0300][2060][1928 ][debug][gc,phases] GC(12)     Total                          Min: 0, Avg:  0.0, Max: 0, Diff: 0, Sum: 0, Workers: 8
[2025-06-17T23:29:13.968+0300][2060][1928 ][debug][gc,phases] GC(12)   StringDedup Requests0 Weak     Min:  0.0, Avg:  0.0, Max:  0.0, Diff:  0.0, Sum:  0.0, Workers: 8
[2025-06-17T23:29:13.968+0300][2060][1928 ][debug][gc,phases] GC(12)     Dead                           Min: 0, Avg:  0.0, Max: 0, Diff: 0, Sum: 0, Workers: 8
[2025-06-17T23:29:13.968+0300][2060][1928 ][debug][gc,phases] GC(12)     Total                          Min: 0, Avg:  0.0, Max: 0, Diff: 0, Sum: 0, Workers: 8
[2025-06-17T23:29:13.968+0300][2060][1928 ][debug][gc,phases] GC(12)   StringDedup Requests1 Weak     Min:  0.0, Avg:  0.0, Max:  0.0, Diff:  0.0, Sum:  0.0, Workers: 8
[2025-06-17T23:29:13.968+0300][2060][1928 ][debug][gc,phases] GC(12)     Dead                           Min: 0, Avg:  0.0, Max: 0, Diff: 0, Sum: 0, Workers: 8
[2025-06-17T23:29:13.968+0300][2060][1928 ][debug][gc,phases] GC(12)     Total                          Min: 0, Avg:  0.0, Max: 0, Diff: 0, Sum: 0, Workers: 8
[2025-06-17T23:29:13.968+0300][2060][1928 ][debug][gc,phases] GC(12)   Weak JFR Old Object Samples    Min:  0.0, Avg:  0.0, Max:  0.0, Diff:  0.0, Sum:  0.0, Workers: 8
[2025-06-17T23:29:13.968+0300][2060][1928 ][debug][gc,phases] GC(12)     Dead                           Min: 0, Avg:  0.0, Max: 0, Diff: 0, Sum: 0, Workers: 8
[2025-06-17T23:29:13.968+0300][2060][1928 ][debug][gc,phases] GC(12)     Total                          Min: 0, Avg:  0.0, Max: 0, Diff: 0, Sum: 0, Workers: 8
[2025-06-17T23:29:13.968+0300][2060][1928 ][debug][gc,phases] GC(12) Weak Processing 0.622ms
[2025-06-17T23:29:13.968+0300][2060][1928 ][info ][gc,heap  ] GC(12) PSYoungGen: 4177792K(4182528K)->6944K(4182528K) Eden: 4170752K(4170752K)->0K(4170752K) From: 7040K(11776K)->6944K(11776K)
[2025-06-17T23:29:13.968+0300][2060][1928 ][info ][gc,heap  ] GC(12) ParOldGen: 9915K(8388608K)->9915K(8388608K)
[2025-06-17T23:29:13.968+0300][2060][1928 ][info ][gc       ] GC(12) Pause Young (Allocation Failure) 4089M->16M(12276M) 2.436ms
[2025-06-17T23:29:13.968+0300][2060][1928 ][debug][gc,heap  ] GC(12) Heap after GC invocations=13 (full 2):
[2025-06-17T23:29:13.968+0300][2060][1928 ][debug][gc,heap  ] GC(12)  PSYoungGen      total 4182528K, used 6944K [0x0000000700000000, 0x0000000800000000, 0x0000000800000000)
[2025-06-17T23:29:13.968+0300][2060][1928 ][debug][gc,heap  ] GC(12)   eden space 4170752K, 0% used [0x0000000700000000,0x0000000700000000,0x00000007fe900000)
[2025-06-17T23:29:13.968+0300][2060][1928 ][debug][gc,heap  ] GC(12)   from space 11776K, 58% used [0x00000007fe900000,0x00000007fefc80f0,0x00000007ff480000)
[2025-06-17T23:29:13.968+0300][2060][1928 ][debug][gc,heap  ] GC(12)   to   space 11776K, 0% used [0x00000007ff480000,0x00000007ff480000,0x0000000800000000)
[2025-06-17T23:29:13.968+0300][2060][1928 ][debug][gc,heap  ] GC(12)  ParOldGen       total 8388608K, used 9915K [0x0000000500000000, 0x0000000700000000, 0x0000000700000000)
[2025-06-17T23:29:13.968+0300][2060][1928 ][debug][gc,heap  ] GC(12)   object space 8388608K, 0% used [0x0000000500000000,0x00000005009aeea8,0x0000000700000000)
[2025-06-17T23:29:13.968+0300][2060][1928 ][debug][gc,heap  ] GC(12)  Metaspace       used 8739K, committed 9792K, reserved 1114112K
[2025-06-17T23:29:13.968+0300][2060][1928 ][debug][gc,heap  ] GC(12)   class space    used 875K, committed 1280K, reserved 1048576K
[2025-06-17T23:29:13.968+0300][2060][1928 ][info ][safepoint] Safepoint "ParallelGCFailedAllocation", Time since last: 1313087800 ns, Reaching safepoint: 103400 ns, Cleanup: 16600 ns, At safepoint: 2860200 ns, Total: 2980200 ns
[2025-06-17T23:29:15.447+0300][2060][1928 ][debug][safepoint] Safepoint synchronization initiated using striped semaphore wait barrier. (19 threads)
[2025-06-17T23:29:15.447+0300][2060][18264][debug][safepoint] ... found polling page loop exception at pc = 0x000001c307b7d5e0, stub =0x000001c307584d80
[2025-06-17T23:29:15.447+0300][2060][20576][debug][safepoint] ... found polling page loop exception at pc = 0x000001c307b7d5e0, stub =0x000001c307584d80
[2025-06-17T23:29:15.447+0300][2060][20376][debug][safepoint] ... found polling page loop exception at pc = 0x000001c307b7d5e0, stub =0x000001c307584d80
[2025-06-17T23:29:15.447+0300][2060][1928 ][debug][gc,heap  ] GC(13) Heap before GC invocations=14 (full 2):
[2025-06-17T23:29:15.447+0300][2060][1928 ][debug][gc,heap  ] GC(13)  PSYoungGen      total 4182528K, used 4177696K [0x0000000700000000, 0x0000000800000000, 0x0000000800000000)
[2025-06-17T23:29:15.447+0300][2060][1928 ][debug][gc,heap  ] GC(13)   eden space 4170752K, 100% used [0x0000000700000000,0x00000007fe900000,0x00000007fe900000)
[2025-06-17T23:29:15.447+0300][2060][1928 ][debug][gc,heap  ] GC(13)   from space 11776K, 58% used [0x00000007fe900000,0x00000007fefc80f0,0x00000007ff480000)
[2025-06-17T23:29:15.447+0300][2060][1928 ][debug][gc,heap  ] GC(13)   to   space 11776K, 0% used [0x00000007ff480000,0x00000007ff480000,0x0000000800000000)
[2025-06-17T23:29:15.447+0300][2060][1928 ][debug][gc,heap  ] GC(13)  ParOldGen       total 8388608K, used 9915K [0x0000000500000000, 0x0000000700000000, 0x0000000700000000)
[2025-06-17T23:29:15.447+0300][2060][1928 ][debug][gc,heap  ] GC(13)   object space 8388608K, 0% used [0x0000000500000000,0x00000005009aeea8,0x0000000700000000)
[2025-06-17T23:29:15.449+0300][2060][1928 ][debug][gc,heap  ] GC(13)  Metaspace       used 8739K, committed 9792K, reserved 1114112K
[2025-06-17T23:29:15.449+0300][2060][1928 ][debug][gc,heap  ] GC(13)   class space    used 875K, committed 1280K, reserved 1048576K
[2025-06-17T23:29:15.449+0300][2060][1928 ][debug][gc,phases] GC(13) Scavenge 1.143ms
[2025-06-17T23:29:15.449+0300][2060][1928 ][debug][gc,phases] GC(13) Reference Processing 0.099ms
[2025-06-17T23:29:15.449+0300][2060][1928 ][debug][gc,phases] GC(13)   VM Weak                        Min:  0.0, Avg:  0.0, Max:  0.0, Diff:  0.0, Sum:  0.0, Workers: 8
[2025-06-17T23:29:15.449+0300][2060][1928 ][debug][gc,phases] GC(13)     Dead                           Min: 0, Avg:  0.0, Max: 0, Diff: 0, Sum: 0, Workers: 8
[2025-06-17T23:29:15.449+0300][2060][1928 ][debug][gc,phases] GC(13)     Total                          Min: 0, Avg: 15.4, Max: 88, Diff: 88, Sum: 123, Workers: 8
[2025-06-17T23:29:15.449+0300][2060][1928 ][debug][gc,phases] GC(13)   ObjectSynchronizer Weak        Min:  0.0, Avg:  0.0, Max:  0.0, Diff:  0.0, Sum:  0.0, Workers: 8
[2025-06-17T23:29:15.449+0300][2060][1928 ][debug][gc,phases] GC(13)     Dead                           Min: 0, Avg:  0.0, Max: 0, Diff: 0, Sum: 0, Workers: 8
[2025-06-17T23:29:15.449+0300][2060][1928 ][debug][gc,phases] GC(13)     Total                          Min: 0, Avg: 17.9, Max: 79, Diff: 79, Sum: 143, Workers: 8
[2025-06-17T23:29:15.449+0300][2060][1928 ][debug][gc,phases] GC(13)   JVMTI Tag Weak OopStorage      Min:  0.0, Avg:  0.0, Max:  0.0, Diff:  0.0, Sum:  0.0, Workers: 8
[2025-06-17T23:29:15.449+0300][2060][1928 ][debug][gc,phases] GC(13)     Dead                           Min: 0, Avg:  0.0, Max: 0, Diff: 0, Sum: 0, Workers: 8
[2025-06-17T23:29:15.449+0300][2060][1928 ][debug][gc,phases] GC(13)     Total                          Min: 0, Avg:  0.0, Max: 0, Diff: 0, Sum: 0, Workers: 8
[2025-06-17T23:29:15.449+0300][2060][1928 ][debug][gc,phases] GC(13)   StringTable Weak               Min:  0.0, Avg:  0.0, Max:  0.0, Diff:  0.0, Sum:  0.1, Workers: 8
[2025-06-17T23:29:15.449+0300][2060][1928 ][debug][gc,phases] GC(13)     Dead                           Min: 0, Avg:  0.0, Max: 0, Diff: 0, Sum: 0, Workers: 8
[2025-06-17T23:29:15.449+0300][2060][1928 ][debug][gc,phases] GC(13)     Total                          Min: 320, Avg: 783.4, Max: 1403, Diff: 1083, Sum: 6267, Workers: 8
[2025-06-17T23:29:15.449+0300][2060][1928 ][debug][gc,phases] GC(13)   ResolvedMethodTable Weak       Min:  0.0, Avg:  0.0, Max:  0.0, Diff:  0.0, Sum:  0.0, Workers: 8
[2025-06-17T23:29:15.449+0300][2060][1928 ][debug][gc,phases] GC(13)     Dead                           Min: 0, Avg:  0.0, Max: 0, Diff: 0, Sum: 0, Workers: 8
[2025-06-17T23:29:15.449+0300][2060][1928 ][debug][gc,phases] GC(13)     Total                          Min: 64, Avg: 111.9, Max: 191, Diff: 127, Sum: 895, Workers: 8
[2025-06-17T23:29:15.449+0300][2060][1928 ][debug][gc,phases] GC(13)   JNI Weak                       Min:  0.0, Avg:  0.0, Max:  0.0, Diff:  0.0, Sum:  0.0, Workers: 8
[2025-06-17T23:29:15.449+0300][2060][1928 ][debug][gc,phases] GC(13)     Dead                           Min: 0, Avg:  0.0, Max: 0, Diff: 0, Sum: 0, Workers: 8
[2025-06-17T23:29:15.449+0300][2060][1928 ][debug][gc,phases] GC(13)     Total                          Min: 0, Avg:  0.0, Max: 0, Diff: 0, Sum: 0, Workers: 8
[2025-06-17T23:29:15.449+0300][2060][1928 ][debug][gc,phases] GC(13)   StringDedup Table Weak         Min:  0.0, Avg:  0.0, Max:  0.0, Diff:  0.0, Sum:  0.0, Workers: 8
[2025-06-17T23:29:15.449+0300][2060][1928 ][debug][gc,phases] GC(13)     Dead                           Min: 0, Avg:  0.0, Max: 0, Diff: 0, Sum: 0, Workers: 8
[2025-06-17T23:29:15.449+0300][2060][1928 ][debug][gc,phases] GC(13)     Total                          Min: 0, Avg:  0.0, Max: 0, Diff: 0, Sum: 0, Workers: 8
[2025-06-17T23:29:15.449+0300][2060][1928 ][debug][gc,phases] GC(13)   StringDedup Requests0 Weak     Min:  0.0, Avg:  0.0, Max:  0.0, Diff:  0.0, Sum:  0.0, Workers: 8
[2025-06-17T23:29:15.449+0300][2060][1928 ][debug][gc,phases] GC(13)     Dead                           Min: 0, Avg:  0.0, Max: 0, Diff: 0, Sum: 0, Workers: 8
[2025-06-17T23:29:15.449+0300][2060][1928 ][debug][gc,phases] GC(13)     Total                          Min: 0, Avg:  0.0, Max: 0, Diff: 0, Sum: 0, Workers: 8
[2025-06-17T23:29:15.449+0300][2060][1928 ][debug][gc,phases] GC(13)   StringDedup Requests1 Weak     Min:  0.0, Avg:  0.0, Max:  0.0, Diff:  0.0, Sum:  0.0, Workers: 8
[2025-06-17T23:29:15.449+0300][2060][1928 ][debug][gc,phases] GC(13)     Dead                           Min: 0, Avg:  0.0, Max: 0, Diff: 0, Sum: 0, Workers: 8
[2025-06-17T23:29:15.449+0300][2060][1928 ][debug][gc,phases] GC(13)     Total                          Min: 0, Avg:  0.0, Max: 0, Diff: 0, Sum: 0, Workers: 8
[2025-06-17T23:29:15.449+0300][2060][1928 ][debug][gc,phases] GC(13)   Weak JFR Old Object Samples    Min:  0.0, Avg:  0.0, Max:  0.0, Diff:  0.0, Sum:  0.0, Workers: 8
[2025-06-17T23:29:15.449+0300][2060][1928 ][debug][gc,phases] GC(13)     Dead                           Min: 0, Avg:  0.0, Max: 0, Diff: 0, Sum: 0, Workers: 8
[2025-06-17T23:29:15.449+0300][2060][1928 ][debug][gc,phases] GC(13)     Total                          Min: 0, Avg:  0.0, Max: 0, Diff: 0, Sum: 0, Workers: 8
[2025-06-17T23:29:15.449+0300][2060][1928 ][debug][gc,phases] GC(13) Weak Processing 0.826ms
[2025-06-17T23:29:15.449+0300][2060][1928 ][info ][gc,heap  ] GC(13) PSYoungGen: 4177696K(4182528K)->544K(4181504K) Eden: 4170752K(4170752K)->0K(4169728K) From: 6944K(11776K)->544K(11776K)
[2025-06-17T23:29:15.449+0300][2060][1928 ][info ][gc,heap  ] GC(13) ParOldGen: 9915K(8388608K)->16335K(8388608K)
[2025-06-17T23:29:15.449+0300][2060][1928 ][info ][gc       ] GC(13) Pause Young (Allocation Failure) 4089M->16M(12275M) 2.219ms
[2025-06-17T23:29:15.449+0300][2060][1928 ][debug][gc,heap  ] GC(13) Heap after GC invocations=14 (full 2):
[2025-06-17T23:29:15.449+0300][2060][1928 ][debug][gc,heap  ] GC(13)  PSYoungGen      total 4181504K, used 544K [0x0000000700000000, 0x0000000800000000, 0x0000000800000000)
[2025-06-17T23:29:15.449+0300][2060][1928 ][debug][gc,heap  ] GC(13)   eden space 4169728K, 0% used [0x0000000700000000,0x0000000700000000,0x00000007fe800000)
[2025-06-17T23:29:15.449+0300][2060][1928 ][debug][gc,heap  ] GC(13)   from space 11776K, 4% used [0x00000007ff480000,0x00000007ff5080c0,0x0000000800000000)
[2025-06-17T23:29:15.449+0300][2060][1928 ][debug][gc,heap  ] GC(13)   to   space 12288K, 0% used [0x00000007fe800000,0x00000007fe800000,0x00000007ff400000)
[2025-06-17T23:29:15.449+0300][2060][1928 ][debug][gc,heap  ] GC(13)  ParOldGen       total 8388608K, used 16335K [0x0000000500000000, 0x0000000700000000, 0x0000000700000000)
[2025-06-17T23:29:15.449+0300][2060][1928 ][debug][gc,heap  ] GC(13)   object space 8388608K, 0% used [0x0000000500000000,0x0000000500ff3f20,0x0000000700000000)
[2025-06-17T23:29:15.449+0300][2060][1928 ][debug][gc,heap  ] GC(13)  Metaspace       used 8739K, committed 9792K, reserved 1114112K
[2025-06-17T23:29:15.449+0300][2060][1928 ][debug][gc,heap  ] GC(13)   class space    used 875K, committed 1280K, reserved 1048576K
[2025-06-17T23:29:15.449+0300][2060][1928 ][info ][safepoint] Safepoint "ParallelGCFailedAllocation", Time since last: 1476321300 ns, Reaching safepoint: 302600 ns, Cleanup: 9200 ns, At safepoint: 2713100 ns, Total: 3024900 ns
[2025-06-17T23:29:16.730+0300][2060][1928 ][debug][safepoint] Safepoint synchronization initiated using striped semaphore wait barrier. (19 threads)
[2025-06-17T23:29:16.730+0300][2060][15548][debug][safepoint] ... found polling page loop exception at pc = 0x000001c307b7d5e0, stub =0x000001c307584d80
[2025-06-17T23:29:16.730+0300][2060][17936][debug][safepoint] ... found polling page loop exception at pc = 0x000001c307c0fb34, stub =0x000001c307584d80
[2025-06-17T23:29:16.730+0300][2060][20576][debug][safepoint] ... found polling page loop exception at pc = 0x000001c307d4f15a, stub =0x000001c307584d80
[2025-06-17T23:29:16.730+0300][2060][19080][debug][safepoint] ... found polling page loop exception at pc = 0x000001c307b7d5e0, stub =0x000001c307584d80
[2025-06-17T23:29:16.730+0300][2060][1928 ][debug][gc,heap  ] GC(14) Heap before GC invocations=15 (full 2):
[2025-06-17T23:29:16.730+0300][2060][1928 ][debug][gc,heap  ] GC(14)  PSYoungGen      total 4181504K, used 4170272K [0x0000000700000000, 0x0000000800000000, 0x0000000800000000)
[2025-06-17T23:29:16.730+0300][2060][1928 ][debug][gc,heap  ] GC(14)   eden space 4169728K, 100% used [0x0000000700000000,0x00000007fe800000,0x00000007fe800000)
[2025-06-17T23:29:16.730+0300][2060][1928 ][debug][gc,heap  ] GC(14)   from space 11776K, 4% used [0x00000007ff480000,0x00000007ff5080c0,0x0000000800000000)
[2025-06-17T23:29:16.730+0300][2060][1928 ][debug][gc,heap  ] GC(14)   to   space 12288K, 0% used [0x00000007fe800000,0x00000007fe800000,0x00000007ff400000)
[2025-06-17T23:29:16.730+0300][2060][1928 ][debug][gc,heap  ] GC(14)  ParOldGen       total 8388608K, used 16335K [0x0000000500000000, 0x0000000700000000, 0x0000000700000000)
[2025-06-17T23:29:16.730+0300][2060][1928 ][debug][gc,heap  ] GC(14)   object space 8388608K, 0% used [0x0000000500000000,0x0000000500ff3f20,0x0000000700000000)
[2025-06-17T23:29:16.730+0300][2060][1928 ][debug][gc,heap  ] GC(14)  Metaspace       used 8739K, committed 9792K, reserved 1114112K
[2025-06-17T23:29:16.730+0300][2060][1928 ][debug][gc,heap  ] GC(14)   class space    used 875K, committed 1280K, reserved 1048576K
[2025-06-17T23:29:16.730+0300][2060][1928 ][debug][gc,phases] GC(14) Scavenge 0.485ms
[2025-06-17T23:29:16.730+0300][2060][1928 ][debug][gc,phases] GC(14) Reference Processing 0.093ms
[2025-06-17T23:29:16.730+0300][2060][1928 ][debug][gc,phases] GC(14)   VM Weak                        Min:  0.0, Avg:  0.0, Max:  0.0, Diff:  0.0, Sum:  0.0, Workers: 8
[2025-06-17T23:29:16.730+0300][2060][1928 ][debug][gc,phases] GC(14)     Dead                           Min: 0, Avg:  0.0, Max: 0, Diff: 0, Sum: 0, Workers: 8
[2025-06-17T23:29:16.730+0300][2060][1928 ][debug][gc,phases] GC(14)     Total                          Min: 0, Avg: 15.4, Max: 80, Diff: 80, Sum: 123, Workers: 8
[2025-06-17T23:29:16.730+0300][2060][1928 ][debug][gc,phases] GC(14)   ObjectSynchronizer Weak        Min:  0.0, Avg:  0.0, Max:  0.0, Diff:  0.0, Sum:  0.0, Workers: 8
[2025-06-17T23:29:16.730+0300][2060][1928 ][debug][gc,phases] GC(14)     Dead                           Min: 0, Avg:  0.0, Max: 0, Diff: 0, Sum: 0, Workers: 8
[2025-06-17T23:29:16.730+0300][2060][1928 ][debug][gc,phases] GC(14)     Total                          Min: 0, Avg: 17.9, Max: 79, Diff: 79, Sum: 143, Workers: 8
[2025-06-17T23:29:16.730+0300][2060][1928 ][debug][gc,phases] GC(14)   JVMTI Tag Weak OopStorage      Min:  0.0, Avg:  0.0, Max:  0.0, Diff:  0.0, Sum:  0.0, Workers: 8
[2025-06-17T23:29:16.730+0300][2060][1928 ][debug][gc,phases] GC(14)     Dead                           Min: 0, Avg:  0.0, Max: 0, Diff: 0, Sum: 0, Workers: 8
[2025-06-17T23:29:16.730+0300][2060][1928 ][debug][gc,phases] GC(14)     Total                          Min: 0, Avg:  0.0, Max: 0, Diff: 0, Sum: 0, Workers: 8
[2025-06-17T23:29:16.730+0300][2060][1928 ][debug][gc,phases] GC(14)   StringTable Weak               Min:  0.0, Avg:  0.0, Max:  0.0, Diff:  0.0, Sum:  0.1, Workers: 8
[2025-06-17T23:29:16.730+0300][2060][1928 ][debug][gc,phases] GC(14)     Dead                           Min: 0, Avg:  0.0, Max: 0, Diff: 0, Sum: 0, Workers: 8
[2025-06-17T23:29:16.730+0300][2060][1928 ][debug][gc,phases] GC(14)     Total                          Min: 0, Avg: 783.4, Max: 1152, Diff: 1152, Sum: 6267, Workers: 8
[2025-06-17T23:29:16.730+0300][2060][1928 ][debug][gc,phases] GC(14)   ResolvedMethodTable Weak       Min:  0.0, Avg:  0.0, Max:  0.0, Diff:  0.0, Sum:  0.0, Workers: 8
[2025-06-17T23:29:16.730+0300][2060][1928 ][debug][gc,phases] GC(14)     Dead                           Min: 0, Avg:  0.0, Max: 0, Diff: 0, Sum: 0, Workers: 8
[2025-06-17T23:29:16.730+0300][2060][1928 ][debug][gc,phases] GC(14)     Total                          Min: 0, Avg: 111.9, Max: 191, Diff: 191, Sum: 895, Workers: 8
[2025-06-17T23:29:16.730+0300][2060][1928 ][debug][gc,phases] GC(14)   JNI Weak                       Min:  0.0, Avg:  0.0, Max:  0.0, Diff:  0.0, Sum:  0.0, Workers: 8
[2025-06-17T23:29:16.730+0300][2060][1928 ][debug][gc,phases] GC(14)     Dead                           Min: 0, Avg:  0.0, Max: 0, Diff: 0, Sum: 0, Workers: 8
[2025-06-17T23:29:16.730+0300][2060][1928 ][debug][gc,phases] GC(14)     Total                          Min: 0, Avg:  0.0, Max: 0, Diff: 0, Sum: 0, Workers: 8
[2025-06-17T23:29:16.730+0300][2060][1928 ][debug][gc,phases] GC(14)   StringDedup Table Weak         Min:  0.0, Avg:  0.0, Max:  0.0, Diff:  0.0, Sum:  0.0, Workers: 8
[2025-06-17T23:29:16.730+0300][2060][1928 ][debug][gc,phases] GC(14)     Dead                           Min: 0, Avg:  0.0, Max: 0, Diff: 0, Sum: 0, Workers: 8
[2025-06-17T23:29:16.730+0300][2060][1928 ][debug][gc,phases] GC(14)     Total                          Min: 0, Avg:  0.0, Max: 0, Diff: 0, Sum: 0, Workers: 8
[2025-06-17T23:29:16.730+0300][2060][1928 ][debug][gc,phases] GC(14)   StringDedup Requests0 Weak     Min:  0.0, Avg:  0.0, Max:  0.0, Diff:  0.0, Sum:  0.0, Workers: 8
[2025-06-17T23:29:16.730+0300][2060][1928 ][debug][gc,phases] GC(14)     Dead                           Min: 0, Avg:  0.0, Max: 0, Diff: 0, Sum: 0, Workers: 8
[2025-06-17T23:29:16.730+0300][2060][1928 ][debug][gc,phases] GC(14)     Total                          Min: 0, Avg:  0.0, Max: 0, Diff: 0, Sum: 0, Workers: 8
[2025-06-17T23:29:16.730+0300][2060][1928 ][debug][gc,phases] GC(14)   StringDedup Requests1 Weak     Min:  0.0, Avg:  0.0, Max:  0.0, Diff:  0.0, Sum:  0.0, Workers: 8
[2025-06-17T23:29:16.730+0300][2060][1928 ][debug][gc,phases] GC(14)     Dead                           Min: 0, Avg:  0.0, Max: 0, Diff: 0, Sum: 0, Workers: 8
[2025-06-17T23:29:16.730+0300][2060][1928 ][debug][gc,phases] GC(14)     Total                          Min: 0, Avg:  0.0, Max: 0, Diff: 0, Sum: 0, Workers: 8
[2025-06-17T23:29:16.730+0300][2060][1928 ][debug][gc,phases] GC(14)   Weak JFR Old Object Samples    Min:  0.0, Avg:  0.0, Max:  0.0, Diff:  0.0, Sum:  0.0, Workers: 8
[2025-06-17T23:29:16.730+0300][2060][1928 ][debug][gc,phases] GC(14)     Dead                           Min: 0, Avg:  0.0, Max: 0, Diff: 0, Sum: 0, Workers: 8
[2025-06-17T23:29:16.730+0300][2060][1928 ][debug][gc,phases] GC(14)     Total                          Min: 0, Avg:  0.0, Max: 0, Diff: 0, Sum: 0, Workers: 8
[2025-06-17T23:29:16.730+0300][2060][1928 ][debug][gc,phases] GC(14) Weak Processing 0.737ms
[2025-06-17T23:29:16.730+0300][2060][1928 ][info ][gc,heap  ] GC(14) PSYoungGen: 4170272K(4181504K)->624K(4182016K) Eden: 4169728K(4169728K)->0K(4169728K) From: 544K(11776K)->624K(12288K)
[2025-06-17T23:29:16.730+0300][2060][1928 ][info ][gc,heap  ] GC(14) ParOldGen: 16335K(8388608K)->16367K(8388608K)
[2025-06-17T23:29:16.730+0300][2060][1928 ][info ][gc       ] GC(14) Pause Young (Allocation Failure) 4088M->16M(12276M) 1.466ms
[2025-06-17T23:29:16.730+0300][2060][1928 ][debug][gc,heap  ] GC(14) Heap after GC invocations=15 (full 2):
[2025-06-17T23:29:16.730+0300][2060][1928 ][debug][gc,heap  ] GC(14)  PSYoungGen      total 4182016K, used 624K [0x0000000700000000, 0x0000000800000000, 0x0000000800000000)
[2025-06-17T23:29:16.730+0300][2060][1928 ][debug][gc,heap  ] GC(14)   eden space 4169728K, 0% used [0x0000000700000000,0x0000000700000000,0x00000007fe800000)
[2025-06-17T23:29:16.730+0300][2060][1928 ][debug][gc,heap  ] GC(14)   from space 12288K, 5% used [0x00000007fe800000,0x00000007fe89c0b0,0x00000007ff400000)
[2025-06-17T23:29:16.730+0300][2060][1928 ][debug][gc,heap  ] GC(14)   to   space 12288K, 0% used [0x00000007ff400000,0x00000007ff400000,0x0000000800000000)
[2025-06-17T23:29:16.730+0300][2060][1928 ][debug][gc,heap  ] GC(14)  ParOldGen       total 8388608K, used 16367K [0x0000000500000000, 0x0000000700000000, 0x0000000700000000)
[2025-06-17T23:29:16.730+0300][2060][1928 ][debug][gc,heap  ] GC(14)   object space 8388608K, 0% used [0x0000000500000000,0x0000000500ffbf20,0x0000000700000000)
[2025-06-17T23:29:16.730+0300][2060][1928 ][debug][gc,heap  ] GC(14)  Metaspace       used 8739K, committed 9792K, reserved 1114112K
[2025-06-17T23:29:16.730+0300][2060][1928 ][debug][gc,heap  ] GC(14)   class space    used 875K, committed 1280K, reserved 1048576K
[2025-06-17T23:29:16.730+0300][2060][1928 ][info ][safepoint] Safepoint "ParallelGCFailedAllocation", Time since last: 1278572100 ns, Reaching safepoint: 371700 ns, Cleanup: 14600 ns, At safepoint: 1940600 ns, Total: 2326900 ns
[2025-06-17T23:29:18.147+0300][2060][1928 ][debug][safepoint] Safepoint synchronization initiated using striped semaphore wait barrier. (19 threads)
[2025-06-17T23:29:18.147+0300][2060][15548][debug][safepoint] ... found polling page loop exception at pc = 0x000001c307b7d5e0, stub =0x000001c307584d80
[2025-06-17T23:29:18.147+0300][2060][19080][debug][safepoint] ... found polling page loop exception at pc = 0x000001c307b7d5e0, stub =0x000001c307584d80
[2025-06-17T23:29:18.147+0300][2060][20376][debug][safepoint] ... found polling page loop exception at pc = 0x000001c307b7d5e0, stub =0x000001c307584d80
[2025-06-17T23:29:18.147+0300][2060][18264][debug][safepoint] ... found polling page loop exception at pc = 0x000001c307bf3758, stub =0x000001c307585600
[2025-06-17T23:29:18.147+0300][2060][1336 ][debug][safepoint] ... found polling page loop exception at pc = 0x000001c307b7d5e0, stub =0x000001c307584d80
[2025-06-17T23:29:18.147+0300][2060][1928 ][debug][gc,heap  ] GC(15) Heap before GC invocations=16 (full 2):
[2025-06-17T23:29:18.147+0300][2060][1928 ][debug][gc,heap  ] GC(15)  PSYoungGen      total 4182016K, used 4170352K [0x0000000700000000, 0x0000000800000000, 0x0000000800000000)
[2025-06-17T23:29:18.147+0300][2060][1928 ][debug][gc,heap  ] GC(15)   eden space 4169728K, 100% used [0x0000000700000000,0x00000007fe800000,0x00000007fe800000)
[2025-06-17T23:29:18.147+0300][2060][1928 ][debug][gc,heap  ] GC(15)   from space 12288K, 5% used [0x00000007fe800000,0x00000007fe89c0b0,0x00000007ff400000)
[2025-06-17T23:29:18.147+0300][2060][1928 ][debug][gc,heap  ] GC(15)   to   space 12288K, 0% used [0x00000007ff400000,0x00000007ff400000,0x0000000800000000)
[2025-06-17T23:29:18.147+0300][2060][1928 ][debug][gc,heap  ] GC(15)  ParOldGen       total 8388608K, used 16367K [0x0000000500000000, 0x0000000700000000, 0x0000000700000000)
[2025-06-17T23:29:18.147+0300][2060][1928 ][debug][gc,heap  ] GC(15)   object space 8388608K, 0% used [0x0000000500000000,0x0000000500ffbf20,0x0000000700000000)
[2025-06-17T23:29:18.147+0300][2060][1928 ][debug][gc,heap  ] GC(15)  Metaspace       used 8739K, committed 9792K, reserved 1114112K
[2025-06-17T23:29:18.147+0300][2060][1928 ][debug][gc,heap  ] GC(15)   class space    used 875K, committed 1280K, reserved 1048576K
[2025-06-17T23:29:18.149+0300][2060][1928 ][debug][gc,phases] GC(15) Scavenge 0.530ms
[2025-06-17T23:29:18.149+0300][2060][1928 ][debug][gc,phases] GC(15) Reference Processing 0.085ms
[2025-06-17T23:29:18.149+0300][2060][1928 ][debug][gc,phases] GC(15)   VM Weak                        Min:  0.0, Avg:  0.0, Max:  0.0, Diff:  0.0, Sum:  0.0, Workers: 8
[2025-06-17T23:29:18.149+0300][2060][1928 ][debug][gc,phases] GC(15)     Dead                           Min: 0, Avg:  0.0, Max: 0, Diff: 0, Sum: 0, Workers: 8
[2025-06-17T23:29:18.149+0300][2060][1928 ][debug][gc,phases] GC(15)     Total                          Min: 0, Avg: 15.4, Max: 79, Diff: 79, Sum: 123, Workers: 8
[2025-06-17T23:29:18.149+0300][2060][1928 ][debug][gc,phases] GC(15)   ObjectSynchronizer Weak        Min:  0.0, Avg:  0.0, Max:  0.0, Diff:  0.0, Sum:  0.0, Workers: 8
[2025-06-17T23:29:18.149+0300][2060][1928 ][debug][gc,phases] GC(15)     Dead                           Min: 0, Avg:  0.0, Max: 0, Diff: 0, Sum: 0, Workers: 8
[2025-06-17T23:29:18.149+0300][2060][1928 ][debug][gc,phases] GC(15)     Total                          Min: 0, Avg: 17.9, Max: 64, Diff: 64, Sum: 143, Workers: 8
[2025-06-17T23:29:18.149+0300][2060][1928 ][debug][gc,phases] GC(15)   JVMTI Tag Weak OopStorage      Min:  0.0, Avg:  0.0, Max:  0.0, Diff:  0.0, Sum:  0.0, Workers: 8
[2025-06-17T23:29:18.149+0300][2060][1928 ][debug][gc,phases] GC(15)     Dead                           Min: 0, Avg:  0.0, Max: 0, Diff: 0, Sum: 0, Workers: 8
[2025-06-17T23:29:18.149+0300][2060][1928 ][debug][gc,phases] GC(15)     Total                          Min: 0, Avg:  0.0, Max: 0, Diff: 0, Sum: 0, Workers: 8
[2025-06-17T23:29:18.149+0300][2060][1928 ][debug][gc,phases] GC(15)   StringTable Weak               Min:  0.0, Avg:  0.0, Max:  0.0, Diff:  0.0, Sum:  0.1, Workers: 8
[2025-06-17T23:29:18.149+0300][2060][1928 ][debug][gc,phases] GC(15)     Dead                           Min: 0, Avg:  0.0, Max: 0, Diff: 0, Sum: 0, Workers: 8
[2025-06-17T23:29:18.149+0300][2060][1928 ][debug][gc,phases] GC(15)     Total                          Min: 0, Avg: 783.6, Max: 1152, Diff: 1152, Sum: 6269, Workers: 8
[2025-06-17T23:29:18.149+0300][2060][1928 ][debug][gc,phases] GC(15)   ResolvedMethodTable Weak       Min:  0.0, Avg:  0.0, Max:  0.0, Diff:  0.0, Sum:  0.0, Workers: 8
[2025-06-17T23:29:18.149+0300][2060][1928 ][debug][gc,phases] GC(15)     Dead                           Min: 0, Avg:  0.0, Max: 0, Diff: 0, Sum: 0, Workers: 8
[2025-06-17T23:29:18.149+0300][2060][1928 ][debug][gc,phases] GC(15)     Total                          Min: 0, Avg: 111.9, Max: 255, Diff: 255, Sum: 895, Workers: 8
[2025-06-17T23:29:18.149+0300][2060][1928 ][debug][gc,phases] GC(15)   JNI Weak                       Min:  0.0, Avg:  0.0, Max:  0.0, Diff:  0.0, Sum:  0.0, Workers: 8
[2025-06-17T23:29:18.149+0300][2060][1928 ][debug][gc,phases] GC(15)     Dead                           Min: 0, Avg:  0.0, Max: 0, Diff: 0, Sum: 0, Workers: 8
[2025-06-17T23:29:18.149+0300][2060][1928 ][debug][gc,phases] GC(15)     Total                          Min: 0, Avg:  0.0, Max: 0, Diff: 0, Sum: 0, Workers: 8
[2025-06-17T23:29:18.149+0300][2060][1928 ][debug][gc,phases] GC(15)   StringDedup Table Weak         Min:  0.0, Avg:  0.0, Max:  0.0, Diff:  0.0, Sum:  0.0, Workers: 8
[2025-06-17T23:29:18.149+0300][2060][1928 ][debug][gc,phases] GC(15)     Dead                           Min: 0, Avg:  0.0, Max: 0, Diff: 0, Sum: 0, Workers: 8
[2025-06-17T23:29:18.149+0300][2060][1928 ][debug][gc,phases] GC(15)     Total                          Min: 0, Avg:  0.0, Max: 0, Diff: 0, Sum: 0, Workers: 8
[2025-06-17T23:29:18.149+0300][2060][1928 ][debug][gc,phases] GC(15)   StringDedup Requests0 Weak     Min:  0.0, Avg:  0.0, Max:  0.0, Diff:  0.0, Sum:  0.0, Workers: 8
[2025-06-17T23:29:18.149+0300][2060][1928 ][debug][gc,phases] GC(15)     Dead                           Min: 0, Avg:  0.0, Max: 0, Diff: 0, Sum: 0, Workers: 8
[2025-06-17T23:29:18.149+0300][2060][1928 ][debug][gc,phases] GC(15)     Total                          Min: 0, Avg:  0.0, Max: 0, Diff: 0, Sum: 0, Workers: 8
[2025-06-17T23:29:18.149+0300][2060][1928 ][debug][gc,phases] GC(15)   StringDedup Requests1 Weak     Min:  0.0, Avg:  0.0, Max:  0.0, Diff:  0.0, Sum:  0.0, Workers: 8
[2025-06-17T23:29:18.149+0300][2060][1928 ][debug][gc,phases] GC(15)     Dead                           Min: 0, Avg:  0.0, Max: 0, Diff: 0, Sum: 0, Workers: 8
[2025-06-17T23:29:18.149+0300][2060][1928 ][debug][gc,phases] GC(15)     Total                          Min: 0, Avg:  0.0, Max: 0, Diff: 0, Sum: 0, Workers: 8
[2025-06-17T23:29:18.149+0300][2060][1928 ][debug][gc,phases] GC(15)   Weak JFR Old Object Samples    Min:  0.0, Avg:  0.0, Max:  0.0, Diff:  0.0, Sum:  0.0, Workers: 8
[2025-06-17T23:29:18.149+0300][2060][1928 ][debug][gc,phases] GC(15)     Dead                           Min: 0, Avg:  0.0, Max: 0, Diff: 0, Sum: 0, Workers: 8
[2025-06-17T23:29:18.149+0300][2060][1928 ][debug][gc,phases] GC(15)     Total                          Min: 0, Avg:  0.0, Max: 0, Diff: 0, Sum: 0, Workers: 8
[2025-06-17T23:29:18.149+0300][2060][1928 ][debug][gc,phases] GC(15) Weak Processing 0.609ms
[2025-06-17T23:29:18.149+0300][2060][1928 ][info ][gc,heap  ] GC(15) PSYoungGen: 4170352K(4182016K)->592K(4182016K) Eden: 4169728K(4169728K)->0K(4169728K) From: 624K(12288K)->592K(12288K)
[2025-06-17T23:29:18.149+0300][2060][1928 ][info ][gc,heap  ] GC(15) ParOldGen: 16367K(8388608K)->16431K(8388608K)
[2025-06-17T23:29:18.149+0300][2060][1928 ][info ][gc       ] GC(15) Pause Young (Allocation Failure) 4088M->16M(12276M) 1.368ms
[2025-06-17T23:29:18.149+0300][2060][1928 ][debug][gc,heap  ] GC(15) Heap after GC invocations=16 (full 2):
[2025-06-17T23:29:18.149+0300][2060][1928 ][debug][gc,heap  ] GC(15)  PSYoungGen      total 4182016K, used 592K [0x0000000700000000, 0x0000000800000000, 0x0000000800000000)
[2025-06-17T23:29:18.149+0300][2060][1928 ][debug][gc,heap  ] GC(15)   eden space 4169728K, 0% used [0x0000000700000000,0x0000000700000000,0x00000007fe800000)
[2025-06-17T23:29:18.149+0300][2060][1928 ][debug][gc,heap  ] GC(15)   from space 12288K, 4% used [0x00000007ff400000,0x00000007ff4940b0,0x0000000800000000)
[2025-06-17T23:29:18.149+0300][2060][1928 ][debug][gc,heap  ] GC(15)   to   space 12288K, 0% used [0x00000007fe800000,0x00000007fe800000,0x00000007ff400000)
[2025-06-17T23:29:18.149+0300][2060][1928 ][debug][gc,heap  ] GC(15)  ParOldGen       total 8388608K, used 16431K [0x0000000500000000, 0x0000000700000000, 0x0000000700000000)
[2025-06-17T23:29:18.149+0300][2060][1928 ][debug][gc,heap  ] GC(15)   object space 8388608K, 0% used [0x0000000500000000,0x000000050100bf20,0x0000000700000000)
[2025-06-17T23:29:18.149+0300][2060][1928 ][debug][gc,heap  ] GC(15)  Metaspace       used 8739K, committed 9792K, reserved 1114112K
[2025-06-17T23:29:18.149+0300][2060][1928 ][debug][gc,heap  ] GC(15)   class space    used 875K, committed 1280K, reserved 1048576K
[2025-06-17T23:29:18.149+0300][2060][1928 ][info ][safepoint] Safepoint "ParallelGCFailedAllocation", Time since last: 1415891000 ns, Reaching safepoint: 396300 ns, Cleanup: 15900 ns, At safepoint: 1771000 ns, Total: 2183200 ns
[2025-06-17T23:29:19.281+0300][2060][1928 ][debug][safepoint] Safepoint synchronization initiated using striped semaphore wait barrier. (11 threads)
[2025-06-17T23:29:19.281+0300][2060][1928 ][debug][gc,heap  ] GC(16) Heap before GC invocations=17 (full 2):
[2025-06-17T23:29:19.281+0300][2060][1928 ][debug][gc,heap  ] GC(16)  PSYoungGen      total 4182016K, used 2942569K [0x0000000700000000, 0x0000000800000000, 0x0000000800000000)
[2025-06-17T23:29:19.281+0300][2060][1928 ][debug][gc,heap  ] GC(16)   eden space 4169728K, 70% used [0x0000000700000000,0x00000007b3906490,0x00000007fe800000)
[2025-06-17T23:29:19.281+0300][2060][1928 ][debug][gc,heap  ] GC(16)   from space 12288K, 4% used [0x00000007ff400000,0x00000007ff4940b0,0x0000000800000000)
[2025-06-17T23:29:19.281+0300][2060][1928 ][debug][gc,heap  ] GC(16)   to   space 12288K, 0% used [0x00000007fe800000,0x00000007fe800000,0x00000007ff400000)
[2025-06-17T23:29:19.281+0300][2060][1928 ][debug][gc,heap  ] GC(16)  ParOldGen       total 8388608K, used 16431K [0x0000000500000000, 0x0000000700000000, 0x0000000700000000)
[2025-06-17T23:29:19.283+0300][2060][1928 ][debug][gc,heap  ] GC(16)   object space 8388608K, 0% used [0x0000000500000000,0x000000050100bf20,0x0000000700000000)
[2025-06-17T23:29:19.283+0300][2060][1928 ][debug][gc,heap  ] GC(16)  Metaspace       used 8740K, committed 9792K, reserved 1114112K
[2025-06-17T23:29:19.283+0300][2060][1928 ][debug][gc,heap  ] GC(16)   class space    used 875K, committed 1280K, reserved 1048576K
[2025-06-17T23:29:19.283+0300][2060][1928 ][debug][gc,phases] GC(16) Scavenge 0.282ms
[2025-06-17T23:29:19.283+0300][2060][1928 ][debug][gc,phases] GC(16) Reference Processing 0.052ms
[2025-06-17T23:29:19.283+0300][2060][1928 ][debug][gc,phases] GC(16)   VM Weak                        Min:  0.0, Avg:  0.0, Max:  0.0, Diff:  0.0, Sum:  0.0, Workers: 8
[2025-06-17T23:29:19.283+0300][2060][1928 ][debug][gc,phases] GC(16)     Dead                           Min: 0, Avg:  0.0, Max: 0, Diff: 0, Sum: 0, Workers: 8
[2025-06-17T23:29:19.283+0300][2060][1928 ][debug][gc,phases] GC(16)     Total                          Min: 0, Avg: 15.4, Max: 114, Diff: 114, Sum: 123, Workers: 8
[2025-06-17T23:29:19.283+0300][2060][1928 ][debug][gc,phases] GC(16)   ObjectSynchronizer Weak        Min:  0.0, Avg:  0.0, Max:  0.0, Diff:  0.0, Sum:  0.0, Workers: 8
[2025-06-17T23:29:19.283+0300][2060][1928 ][debug][gc,phases] GC(16)     Dead                           Min: 0, Avg:  0.0, Max: 0, Diff: 0, Sum: 0, Workers: 8
[2025-06-17T23:29:19.283+0300][2060][1928 ][debug][gc,phases] GC(16)     Total                          Min: 0, Avg: 17.9, Max: 64, Diff: 64, Sum: 143, Workers: 8
[2025-06-17T23:29:19.283+0300][2060][1928 ][debug][gc,phases] GC(16)   JVMTI Tag Weak OopStorage      Min:  0.0, Avg:  0.0, Max:  0.0, Diff:  0.0, Sum:  0.0, Workers: 8
[2025-06-17T23:29:19.283+0300][2060][1928 ][debug][gc,phases] GC(16)     Dead                           Min: 0, Avg:  0.0, Max: 0, Diff: 0, Sum: 0, Workers: 8
[2025-06-17T23:29:19.283+0300][2060][1928 ][debug][gc,phases] GC(16)     Total                          Min: 0, Avg:  0.0, Max: 0, Diff: 0, Sum: 0, Workers: 8
[2025-06-17T23:29:19.283+0300][2060][1928 ][debug][gc,phases] GC(16)   StringTable Weak               Min:  0.0, Avg:  0.0, Max:  0.0, Diff:  0.0, Sum:  0.1, Workers: 8
[2025-06-17T23:29:19.283+0300][2060][1928 ][debug][gc,phases] GC(16)     Dead                           Min: 0, Avg:  0.0, Max: 0, Diff: 0, Sum: 0, Workers: 8
[2025-06-17T23:29:19.283+0300][2060][1928 ][debug][gc,phases] GC(16)     Total                          Min: 0, Avg: 784.0, Max: 1472, Diff: 1472, Sum: 6272, Workers: 8
[2025-06-17T23:29:19.283+0300][2060][1928 ][debug][gc,phases] GC(16)   ResolvedMethodTable Weak       Min:  0.0, Avg:  0.0, Max:  0.0, Diff:  0.0, Sum:  0.0, Workers: 8
[2025-06-17T23:29:19.283+0300][2060][1928 ][debug][gc,phases] GC(16)     Dead                           Min: 0, Avg:  0.0, Max: 0, Diff: 0, Sum: 0, Workers: 8
[2025-06-17T23:29:19.283+0300][2060][1928 ][debug][gc,phases] GC(16)     Total                          Min: 0, Avg: 111.9, Max: 192, Diff: 192, Sum: 895, Workers: 8
[2025-06-17T23:29:19.283+0300][2060][1928 ][debug][gc,phases] GC(16)   JNI Weak                       Min:  0.0, Avg:  0.0, Max:  0.0, Diff:  0.0, Sum:  0.0, Workers: 8
[2025-06-17T23:29:19.283+0300][2060][1928 ][debug][gc,phases] GC(16)     Dead                           Min: 0, Avg:  0.0, Max: 0, Diff: 0, Sum: 0, Workers: 8
[2025-06-17T23:29:19.283+0300][2060][1928 ][debug][gc,phases] GC(16)     Total                          Min: 0, Avg:  0.0, Max: 0, Diff: 0, Sum: 0, Workers: 8
[2025-06-17T23:29:19.283+0300][2060][1928 ][debug][gc,phases] GC(16)   StringDedup Table Weak         Min:  0.0, Avg:  0.0, Max:  0.0, Diff:  0.0, Sum:  0.0, Workers: 8
[2025-06-17T23:29:19.283+0300][2060][1928 ][debug][gc,phases] GC(16)     Dead                           Min: 0, Avg:  0.0, Max: 0, Diff: 0, Sum: 0, Workers: 8
[2025-06-17T23:29:19.283+0300][2060][1928 ][debug][gc,phases] GC(16)     Total                          Min: 0, Avg:  0.0, Max: 0, Diff: 0, Sum: 0, Workers: 8
[2025-06-17T23:29:19.283+0300][2060][1928 ][debug][gc,phases] GC(16)   StringDedup Requests0 Weak     Min:  0.0, Avg:  0.0, Max:  0.0, Diff:  0.0, Sum:  0.0, Workers: 8
[2025-06-17T23:29:19.283+0300][2060][1928 ][debug][gc,phases] GC(16)     Dead                           Min: 0, Avg:  0.0, Max: 0, Diff: 0, Sum: 0, Workers: 8
[2025-06-17T23:29:19.283+0300][2060][1928 ][debug][gc,phases] GC(16)     Total                          Min: 0, Avg:  0.0, Max: 0, Diff: 0, Sum: 0, Workers: 8
[2025-06-17T23:29:19.283+0300][2060][1928 ][debug][gc,phases] GC(16)   StringDedup Requests1 Weak     Min:  0.0, Avg:  0.0, Max:  0.0, Diff:  0.0, Sum:  0.0, Workers: 8
[2025-06-17T23:29:19.283+0300][2060][1928 ][debug][gc,phases] GC(16)     Dead                           Min: 0, Avg:  0.0, Max: 0, Diff: 0, Sum: 0, Workers: 8
[2025-06-17T23:29:19.283+0300][2060][1928 ][debug][gc,phases] GC(16)     Total                          Min: 0, Avg:  0.0, Max: 0, Diff: 0, Sum: 0, Workers: 8
[2025-06-17T23:29:19.283+0300][2060][1928 ][debug][gc,phases] GC(16)   Weak JFR Old Object Samples    Min:  0.0, Avg:  0.0, Max:  0.0, Diff:  0.0, Sum:  0.0, Workers: 8
[2025-06-17T23:29:19.283+0300][2060][1928 ][debug][gc,phases] GC(16)     Dead                           Min: 0, Avg:  0.0, Max: 0, Diff: 0, Sum: 0, Workers: 8
[2025-06-17T23:29:19.283+0300][2060][1928 ][debug][gc,phases] GC(16)     Total                          Min: 0, Avg:  0.0, Max: 0, Diff: 0, Sum: 0, Workers: 8
[2025-06-17T23:29:19.283+0300][2060][1928 ][debug][gc,phases] GC(16) Weak Processing 0.473ms
[2025-06-17T23:29:19.283+0300][2060][1928 ][info ][gc,heap  ] GC(16) PSYoungGen: 2942569K(4182016K)->256K(4182016K) Eden: 2941977K(4169728K)->0K(4169728K) From: 592K(12288K)->256K(12288K)
[2025-06-17T23:29:19.283+0300][2060][1928 ][info ][gc,heap  ] GC(16) ParOldGen: 16431K(8388608K)->16495K(8388608K)
[2025-06-17T23:29:19.283+0300][2060][1928 ][info ][gc       ] GC(16) Pause Young (System.gc()) 2889M->16M(12276M) 0.919ms
[2025-06-17T23:29:19.283+0300][2060][1928 ][debug][gc,heap  ] GC(16) Heap after GC invocations=17 (full 2):
[2025-06-17T23:29:19.283+0300][2060][1928 ][debug][gc,heap  ] GC(16)  PSYoungGen      total 4182016K, used 256K [0x0000000700000000, 0x0000000800000000, 0x0000000800000000)
[2025-06-17T23:29:19.283+0300][2060][1928 ][debug][gc,heap  ] GC(16)   eden space 4169728K, 0% used [0x0000000700000000,0x0000000700000000,0x00000007fe800000)
[2025-06-17T23:29:19.283+0300][2060][1928 ][debug][gc,heap  ] GC(16)   from space 12288K, 2% used [0x00000007fe800000,0x00000007fe840000,0x00000007ff400000)
[2025-06-17T23:29:19.283+0300][2060][1928 ][debug][gc,heap  ] GC(16)   to   space 12288K, 0% used [0x00000007ff400000,0x00000007ff400000,0x0000000800000000)
[2025-06-17T23:29:19.283+0300][2060][1928 ][debug][gc,heap  ] GC(16)  ParOldGen       total 8388608K, used 16495K [0x0000000500000000, 0x0000000700000000, 0x0000000700000000)
[2025-06-17T23:29:19.283+0300][2060][1928 ][debug][gc,heap  ] GC(16)   object space 8388608K, 0% used [0x0000000500000000,0x000000050101bf20,0x0000000700000000)
[2025-06-17T23:29:19.283+0300][2060][1928 ][debug][gc,heap  ] GC(16)  Metaspace       used 8740K, committed 9792K, reserved 1114112K
[2025-06-17T23:29:19.283+0300][2060][1928 ][debug][gc,heap  ] GC(16)   class space    used 875K, committed 1280K, reserved 1048576K
[2025-06-17T23:29:19.283+0300][2060][1928 ][debug][gc,heap  ] GC(17) Heap before GC invocations=18 (full 3):
[2025-06-17T23:29:19.283+0300][2060][1928 ][debug][gc,heap  ] GC(17)  PSYoungGen      total 4182016K, used 256K [0x0000000700000000, 0x0000000800000000, 0x0000000800000000)
[2025-06-17T23:29:19.283+0300][2060][1928 ][debug][gc,heap  ] GC(17)   eden space 4169728K, 0% used [0x0000000700000000,0x0000000700000000,0x00000007fe800000)
[2025-06-17T23:29:19.283+0300][2060][1928 ][debug][gc,heap  ] GC(17)   from space 12288K, 2% used [0x00000007fe800000,0x00000007fe840000,0x00000007ff400000)
[2025-06-17T23:29:19.283+0300][2060][1928 ][debug][gc,heap  ] GC(17)   to   space 12288K, 0% used [0x00000007ff400000,0x00000007ff400000,0x0000000800000000)
[2025-06-17T23:29:19.283+0300][2060][1928 ][debug][gc,heap  ] GC(17)  ParOldGen       total 8388608K, used 16495K [0x0000000500000000, 0x0000000700000000, 0x0000000700000000)
[2025-06-17T23:29:19.283+0300][2060][1928 ][debug][gc,heap  ] GC(17)   object space 8388608K, 0% used [0x0000000500000000,0x000000050101bf20,0x0000000700000000)
[2025-06-17T23:29:19.283+0300][2060][1928 ][debug][gc,heap  ] GC(17)  Metaspace       used 8740K, committed 9792K, reserved 1114112K
[2025-06-17T23:29:19.283+0300][2060][1928 ][debug][gc,heap  ] GC(17)   class space    used 875K, committed 1280K, reserved 1048576K
[2025-06-17T23:29:19.283+0300][2060][1928 ][debug][gc,phases] GC(17) Pre Compact 0.111ms
[2025-06-17T23:29:19.283+0300][2060][1928 ][debug][gc,phases] GC(17) Par Mark 1.822ms
[2025-06-17T23:29:19.283+0300][2060][1928 ][debug][gc,phases] GC(17) Reference Processing 0.157ms
[2025-06-17T23:29:19.283+0300][2060][1928 ][debug][gc,phases] GC(17)   VM Weak                        Min:  0.0, Avg:  0.0, Max:  0.0, Diff:  0.0, Sum:  0.0, Workers: 8
[2025-06-17T23:29:19.283+0300][2060][1928 ][debug][gc,phases] GC(17)     Dead                           Min: 0, Avg:  0.0, Max: 0, Diff: 0, Sum: 0, Workers: 8
[2025-06-17T23:29:19.283+0300][2060][1928 ][debug][gc,phases] GC(17)     Total                          Min: 0, Avg: 15.4, Max: 123, Diff: 123, Sum: 123, Workers: 8
[2025-06-17T23:29:19.283+0300][2060][1928 ][debug][gc,phases] GC(17)   ObjectSynchronizer Weak        Min:  0.0, Avg:  0.0, Max:  0.0, Diff:  0.0, Sum:  0.0, Workers: 8
[2025-06-17T23:29:19.283+0300][2060][1928 ][debug][gc,phases] GC(17)     Dead                           Min: 0, Avg:  0.0, Max: 0, Diff: 0, Sum: 0, Workers: 8
[2025-06-17T23:29:19.283+0300][2060][1928 ][debug][gc,phases] GC(17)     Total                          Min: 0, Avg: 17.9, Max: 64, Diff: 64, Sum: 143, Workers: 8
[2025-06-17T23:29:19.283+0300][2060][1928 ][debug][gc,phases] GC(17)   JVMTI Tag Weak OopStorage      Min:  0.0, Avg:  0.0, Max:  0.0, Diff:  0.0, Sum:  0.0, Workers: 8
[2025-06-17T23:29:19.283+0300][2060][1928 ][debug][gc,phases] GC(17)     Dead                           Min: 0, Avg:  0.0, Max: 0, Diff: 0, Sum: 0, Workers: 8
[2025-06-17T23:29:19.283+0300][2060][1928 ][debug][gc,phases] GC(17)     Total                          Min: 0, Avg:  0.0, Max: 0, Diff: 0, Sum: 0, Workers: 8
[2025-06-17T23:29:19.283+0300][2060][1928 ][debug][gc,phases] GC(17)   StringTable Weak               Min:  0.0, Avg:  0.0, Max:  0.0, Diff:  0.0, Sum:  0.1, Workers: 8
[2025-06-17T23:29:19.283+0300][2060][1928 ][debug][gc,phases] GC(17)     Dead                           Min: 0, Avg:  0.0, Max: 0, Diff: 0, Sum: 0, Workers: 8
[2025-06-17T23:29:19.283+0300][2060][1928 ][debug][gc,phases] GC(17)     Total                          Min: 0, Avg: 784.0, Max: 1152, Diff: 1152, Sum: 6272, Workers: 8
[2025-06-17T23:29:19.283+0300][2060][1928 ][debug][gc,phases] GC(17)   ResolvedMethodTable Weak       Min:  0.0, Avg:  0.0, Max:  0.0, Diff:  0.0, Sum:  0.0, Workers: 8
[2025-06-17T23:29:19.283+0300][2060][1928 ][debug][gc,phases] GC(17)     Dead                           Min: 0, Avg:  0.0, Max: 0, Diff: 0, Sum: 0, Workers: 8
[2025-06-17T23:29:19.283+0300][2060][1928 ][debug][gc,phases] GC(17)     Total                          Min: 0, Avg: 111.9, Max: 192, Diff: 192, Sum: 895, Workers: 8
[2025-06-17T23:29:19.283+0300][2060][1928 ][debug][gc,phases] GC(17)   JNI Weak                       Min:  0.0, Avg:  0.0, Max:  0.0, Diff:  0.0, Sum:  0.0, Workers: 8
[2025-06-17T23:29:19.283+0300][2060][1928 ][debug][gc,phases] GC(17)     Dead                           Min: 0, Avg:  0.0, Max: 0, Diff: 0, Sum: 0, Workers: 8
[2025-06-17T23:29:19.283+0300][2060][1928 ][debug][gc,phases] GC(17)     Total                          Min: 0, Avg:  0.0, Max: 0, Diff: 0, Sum: 0, Workers: 8
[2025-06-17T23:29:19.283+0300][2060][1928 ][debug][gc,phases] GC(17)   StringDedup Table Weak         Min:  0.0, Avg:  0.0, Max:  0.0, Diff:  0.0, Sum:  0.0, Workers: 8
[2025-06-17T23:29:19.283+0300][2060][1928 ][debug][gc,phases] GC(17)     Dead                           Min: 0, Avg:  0.0, Max: 0, Diff: 0, Sum: 0, Workers: 8
[2025-06-17T23:29:19.283+0300][2060][1928 ][debug][gc,phases] GC(17)     Total                          Min: 0, Avg:  0.0, Max: 0, Diff: 0, Sum: 0, Workers: 8
[2025-06-17T23:29:19.283+0300][2060][1928 ][debug][gc,phases] GC(17)   StringDedup Requests0 Weak     Min:  0.0, Avg:  0.0, Max:  0.0, Diff:  0.0, Sum:  0.0, Workers: 8
[2025-06-17T23:29:19.283+0300][2060][1928 ][debug][gc,phases] GC(17)     Dead                           Min: 0, Avg:  0.0, Max: 0, Diff: 0, Sum: 0, Workers: 8
[2025-06-17T23:29:19.283+0300][2060][1928 ][debug][gc,phases] GC(17)     Total                          Min: 0, Avg:  0.0, Max: 0, Diff: 0, Sum: 0, Workers: 8
[2025-06-17T23:29:19.283+0300][2060][1928 ][debug][gc,phases] GC(17)   StringDedup Requests1 Weak     Min:  0.0, Avg:  0.0, Max:  0.0, Diff:  0.0, Sum:  0.0, Workers: 8
[2025-06-17T23:29:19.283+0300][2060][1928 ][debug][gc,phases] GC(17)     Dead                           Min: 0, Avg:  0.0, Max: 0, Diff: 0, Sum: 0, Workers: 8
[2025-06-17T23:29:19.283+0300][2060][1928 ][debug][gc,phases] GC(17)     Total                          Min: 0, Avg:  0.0, Max: 0, Diff: 0, Sum: 0, Workers: 8
[2025-06-17T23:29:19.283+0300][2060][1928 ][debug][gc,phases] GC(17)   Weak JFR Old Object Samples    Min:  0.0, Avg:  0.0, Max:  0.0, Diff:  0.0, Sum:  0.0, Workers: 8
[2025-06-17T23:29:19.283+0300][2060][1928 ][debug][gc,phases] GC(17)     Dead                           Min: 0, Avg:  0.0, Max: 0, Diff: 0, Sum: 0, Workers: 8
[2025-06-17T23:29:19.283+0300][2060][1928 ][debug][gc,phases] GC(17)     Total                          Min: 0, Avg:  0.0, Max: 0, Diff: 0, Sum: 0, Workers: 8
[2025-06-17T23:29:19.283+0300][2060][1928 ][debug][gc,phases] GC(17) Weak Processing 0.520ms
[2025-06-17T23:29:19.283+0300][2060][1928 ][debug][gc,phases] GC(17) ClassLoaderData 0.005ms
[2025-06-17T23:29:19.283+0300][2060][1928 ][debug][gc,phases] GC(17) Trigger cleanups 0.000ms
[2025-06-17T23:29:19.283+0300][2060][1928 ][debug][gc,phases] GC(17) Purge Unlinked NMethods 0.695ms
[2025-06-17T23:29:19.283+0300][2060][1928 ][debug][gc,phases] GC(17) Unregister NMethods 0.001ms
[2025-06-17T23:29:19.283+0300][2060][1928 ][debug][gc,phases] GC(17) Free Code Blobs 0.086ms
[2025-06-17T23:29:19.283+0300][2060][1928 ][debug][gc,phases] GC(17) Class Unloading 5.307ms
[2025-06-17T23:29:19.283+0300][2060][1928 ][debug][gc,phases] GC(17) Report Object Count 0.001ms
[2025-06-17T23:29:19.283+0300][2060][1928 ][info ][gc,phases] GC(17) Marking Phase 7.919ms
[2025-06-17T23:29:19.283+0300][2060][1928 ][info ][gc,phases] GC(17) Summary Phase 0.002ms
[2025-06-17T23:29:19.283+0300][2060][1928 ][info ][gc,phases] GC(17) Adjust Roots 2.156ms
[2025-06-17T23:29:19.295+0300][2060][1928 ][info ][gc,phases] GC(17) Compaction Phase 4.971ms
[2025-06-17T23:29:19.295+0300][2060][1928 ][debug][gc,phases] GC(17) Purge Class Loader Data 0.044ms
[2025-06-17T23:29:19.295+0300][2060][1928 ][info ][gc,phases] GC(17) Post Compact 1.975ms
[2025-06-17T23:29:19.295+0300][2060][1928 ][info ][gc,heap  ] GC(17) PSYoungGen: 256K(4182016K)->0K(4182016K) Eden: 0K(4169728K)->0K(4169728K) From: 256K(12288K)->0K(12288K)
[2025-06-17T23:29:19.295+0300][2060][1928 ][info ][gc,heap  ] GC(17) ParOldGen: 16495K(8388608K)->9923K(8388608K)
[2025-06-17T23:29:19.295+0300][2060][1928 ][info ][gc       ] GC(17) Pause Full (System.gc()) 16M->9M(12276M) 17.208ms
[2025-06-17T23:29:19.295+0300][2060][1928 ][debug][gc,heap  ] GC(17) Heap after GC invocations=18 (full 3):
[2025-06-17T23:29:19.295+0300][2060][1928 ][debug][gc,heap  ] GC(17)  PSYoungGen      total 4182016K, used 0K [0x0000000700000000, 0x0000000800000000, 0x0000000800000000)
[2025-06-17T23:29:19.295+0300][2060][1928 ][debug][gc,heap  ] GC(17)   eden space 4169728K, 0% used [0x0000000700000000,0x0000000700000000,0x00000007fe800000)
[2025-06-17T23:29:19.295+0300][2060][1928 ][debug][gc,heap  ] GC(17)   from space 12288K, 0% used [0x00000007fe800000,0x00000007fe800000,0x00000007ff400000)
[2025-06-17T23:29:19.295+0300][2060][1928 ][debug][gc,heap  ] GC(17)   to   space 12288K, 0% used [0x00000007ff400000,0x00000007ff400000,0x0000000800000000)
[2025-06-17T23:29:19.295+0300][2060][1928 ][debug][gc,heap  ] GC(17)  ParOldGen       total 8388608K, used 9923K [0x0000000500000000, 0x0000000700000000, 0x0000000700000000)
[2025-06-17T23:29:19.295+0300][2060][1928 ][debug][gc,heap  ] GC(17)   object space 8388608K, 0% used [0x0000000500000000,0x00000005009b0ed8,0x0000000700000000)
[2025-06-17T23:29:19.295+0300][2060][1928 ][debug][gc,heap  ] GC(17)  Metaspace       used 8740K, committed 9792K, reserved 1114112K
[2025-06-17T23:29:19.295+0300][2060][1928 ][debug][gc,heap  ] GC(17)   class space    used 875K, committed 1280K, reserved 1048576K
[2025-06-17T23:29:19.295+0300][2060][1928 ][info ][safepoint] Safepoint "ParallelGCSystemGC", Time since last: 1132076600 ns, Reaching safepoint: 62100 ns, Cleanup: 14700 ns, At safepoint: 18678000 ns, Total: 18754800 ns
[2025-06-17T23:29:20.308+0300][2060][1928 ][debug][safepoint] Safepoint synchronization initiated using striped semaphore wait barrier. (19 threads)
[2025-06-17T23:29:20.308+0300][2060][5196 ][debug][safepoint] ... found polling page loop exception at pc = 0x000001c307b7d5e0, stub =0x000001c307584d80
[2025-06-17T23:29:20.308+0300][2060][7164 ][debug][safepoint] ... found polling page loop exception at pc = 0x000001c307b7d5e0, stub =0x000001c307584d80
[2025-06-17T23:29:20.308+0300][2060][1928 ][info ][safepoint] Safepoint "Cleanup", Time since last: 1006723800 ns, Reaching safepoint: 297000 ns, Cleanup: 55600 ns, At safepoint: 23600 ns, Total: 376200 ns
[2025-06-17T23:29:20.522+0300][2060][1928 ][debug][safepoint] Safepoint synchronization initiated using striped semaphore wait barrier. (19 threads)
[2025-06-17T23:29:20.522+0300][2060][3160 ][debug][safepoint] ... found polling page loop exception at pc = 0x000001c307ca14ca, stub =0x000001c307585600
[2025-06-17T23:29:20.522+0300][2060][7616 ][debug][safepoint] ... found polling page loop exception at pc = 0x000001c307b7d5e0, stub =0x000001c307584d80
[2025-06-17T23:29:20.522+0300][2060][16128][debug][safepoint] ... found polling page loop exception at pc = 0x000001c307b7d5e0, stub =0x000001c307584d80
[2025-06-17T23:29:20.522+0300][2060][2596 ][debug][safepoint] ... found polling page loop exception at pc = 0x000001c307b7d5e0, stub =0x000001c307584d80
[2025-06-17T23:29:20.522+0300][2060][7164 ][debug][safepoint] ... found polling page loop exception at pc = 0x000001c307b7d5e0, stub =0x000001c307584d80
[2025-06-17T23:29:20.522+0300][2060][18044][debug][safepoint] ... found polling page loop exception at pc = 0x000001c307b7d5e0, stub =0x000001c307584d80
[2025-06-17T23:29:20.522+0300][2060][1928 ][debug][gc,heap  ] GC(18) Heap before GC invocations=19 (full 3):
[2025-06-17T23:29:20.522+0300][2060][1928 ][debug][gc,heap  ] GC(18)  PSYoungGen      total 4182016K, used 4169728K [0x0000000700000000, 0x0000000800000000, 0x0000000800000000)
[2025-06-17T23:29:20.522+0300][2060][1928 ][debug][gc,heap  ] GC(18)   eden space 4169728K, 100% used [0x0000000700000000,0x00000007fe800000,0x00000007fe800000)
[2025-06-17T23:29:20.522+0300][2060][1928 ][debug][gc,heap  ] GC(18)   from space 12288K, 0% used [0x00000007fe800000,0x00000007fe800000,0x00000007ff400000)
[2025-06-17T23:29:20.522+0300][2060][1928 ][debug][gc,heap  ] GC(18)   to   space 12288K, 0% used [0x00000007ff400000,0x00000007ff400000,0x0000000800000000)
[2025-06-17T23:29:20.522+0300][2060][1928 ][debug][gc,heap  ] GC(18)  ParOldGen       total 8388608K, used 9923K [0x0000000500000000, 0x0000000700000000, 0x0000000700000000)
[2025-06-17T23:29:20.522+0300][2060][1928 ][debug][gc,heap  ] GC(18)   object space 8388608K, 0% used [0x0000000500000000,0x00000005009b0ed8,0x0000000700000000)
[2025-06-17T23:29:20.522+0300][2060][1928 ][debug][gc,heap  ] GC(18)  Metaspace       used 8740K, committed 9792K, reserved 1114112K
[2025-06-17T23:29:20.522+0300][2060][1928 ][debug][gc,heap  ] GC(18)   class space    used 875K, committed 1280K, reserved 1048576K
[2025-06-17T23:29:20.524+0300][2060][1928 ][debug][gc,phases] GC(18) Scavenge 1.046ms
[2025-06-17T23:29:20.524+0300][2060][1928 ][debug][gc,phases] GC(18) Reference Processing 0.112ms
[2025-06-17T23:29:20.524+0300][2060][1928 ][debug][gc,phases] GC(18)   VM Weak                        Min:  0.0, Avg:  0.0, Max:  0.0, Diff:  0.0, Sum:  0.0, Workers: 8
[2025-06-17T23:29:20.524+0300][2060][1928 ][debug][gc,phases] GC(18)     Dead                           Min: 0, Avg:  0.0, Max: 0, Diff: 0, Sum: 0, Workers: 8
[2025-06-17T23:29:20.524+0300][2060][1928 ][debug][gc,phases] GC(18)     Total                          Min: 0, Avg: 15.4, Max: 80, Diff: 80, Sum: 123, Workers: 8
[2025-06-17T23:29:20.524+0300][2060][1928 ][debug][gc,phases] GC(18)   ObjectSynchronizer Weak        Min:  0.0, Avg:  0.0, Max:  0.0, Diff:  0.0, Sum:  0.0, Workers: 8
[2025-06-17T23:29:20.524+0300][2060][1928 ][debug][gc,phases] GC(18)     Dead                           Min: 0, Avg:  0.0, Max: 0, Diff: 0, Sum: 0, Workers: 8
[2025-06-17T23:29:20.524+0300][2060][1928 ][debug][gc,phases] GC(18)     Total                          Min: 0, Avg: 17.9, Max: 64, Diff: 64, Sum: 143, Workers: 8
[2025-06-17T23:29:20.524+0300][2060][1928 ][debug][gc,phases] GC(18)   JVMTI Tag Weak OopStorage      Min:  0.0, Avg:  0.0, Max:  0.0, Diff:  0.0, Sum:  0.0, Workers: 8
[2025-06-17T23:29:20.524+0300][2060][1928 ][debug][gc,phases] GC(18)     Dead                           Min: 0, Avg:  0.0, Max: 0, Diff: 0, Sum: 0, Workers: 8
[2025-06-17T23:29:20.524+0300][2060][1928 ][debug][gc,phases] GC(18)     Total                          Min: 0, Avg:  0.0, Max: 0, Diff: 0, Sum: 0, Workers: 8
[2025-06-17T23:29:20.524+0300][2060][1928 ][debug][gc,phases] GC(18)   StringTable Weak               Min:  0.0, Avg:  0.0, Max:  0.0, Diff:  0.0, Sum:  0.1, Workers: 8
[2025-06-17T23:29:20.524+0300][2060][1928 ][debug][gc,phases] GC(18)     Dead                           Min: 0, Avg:  0.0, Max: 0, Diff: 0, Sum: 0, Workers: 8
[2025-06-17T23:29:20.524+0300][2060][1928 ][debug][gc,phases] GC(18)     Total                          Min: 384, Avg: 784.0, Max: 1024, Diff: 640, Sum: 6272, Workers: 8
[2025-06-17T23:29:20.524+0300][2060][1928 ][debug][gc,phases] GC(18)   ResolvedMethodTable Weak       Min:  0.0, Avg:  0.0, Max:  0.0, Diff:  0.0, Sum:  0.0, Workers: 8
[2025-06-17T23:29:20.524+0300][2060][1928 ][debug][gc,phases] GC(18)     Dead                           Min: 0, Avg:  0.0, Max: 0, Diff: 0, Sum: 0, Workers: 8
[2025-06-17T23:29:20.524+0300][2060][1928 ][debug][gc,phases] GC(18)     Total                          Min: 64, Avg: 111.9, Max: 128, Diff: 64, Sum: 895, Workers: 8
[2025-06-17T23:29:20.524+0300][2060][1928 ][debug][gc,phases] GC(18)   JNI Weak                       Min:  0.0, Avg:  0.0, Max:  0.0, Diff:  0.0, Sum:  0.0, Workers: 8
[2025-06-17T23:29:20.524+0300][2060][1928 ][debug][gc,phases] GC(18)     Dead                           Min: 0, Avg:  0.0, Max: 0, Diff: 0, Sum: 0, Workers: 8
[2025-06-17T23:29:20.524+0300][2060][1928 ][debug][gc,phases] GC(18)     Total                          Min: 0, Avg:  0.0, Max: 0, Diff: 0, Sum: 0, Workers: 8
[2025-06-17T23:29:20.524+0300][2060][1928 ][debug][gc,phases] GC(18)   StringDedup Table Weak         Min:  0.0, Avg:  0.0, Max:  0.0, Diff:  0.0, Sum:  0.0, Workers: 8
[2025-06-17T23:29:20.524+0300][2060][1928 ][debug][gc,phases] GC(18)     Dead                           Min: 0, Avg:  0.0, Max: 0, Diff: 0, Sum: 0, Workers: 8
[2025-06-17T23:29:20.524+0300][2060][1928 ][debug][gc,phases] GC(18)     Total                          Min: 0, Avg:  0.0, Max: 0, Diff: 0, Sum: 0, Workers: 8
[2025-06-17T23:29:20.524+0300][2060][1928 ][debug][gc,phases] GC(18)   StringDedup Requests0 Weak     Min:  0.0, Avg:  0.0, Max:  0.0, Diff:  0.0, Sum:  0.0, Workers: 8
[2025-06-17T23:29:20.524+0300][2060][1928 ][debug][gc,phases] GC(18)     Dead                           Min: 0, Avg:  0.0, Max: 0, Diff: 0, Sum: 0, Workers: 8
[2025-06-17T23:29:20.524+0300][2060][1928 ][debug][gc,phases] GC(18)     Total                          Min: 0, Avg:  0.0, Max: 0, Diff: 0, Sum: 0, Workers: 8
[2025-06-17T23:29:20.524+0300][2060][1928 ][debug][gc,phases] GC(18)   StringDedup Requests1 Weak     Min:  0.0, Avg:  0.0, Max:  0.0, Diff:  0.0, Sum:  0.0, Workers: 8
[2025-06-17T23:29:20.524+0300][2060][1928 ][debug][gc,phases] GC(18)     Dead                           Min: 0, Avg:  0.0, Max: 0, Diff: 0, Sum: 0, Workers: 8
[2025-06-17T23:29:20.524+0300][2060][1928 ][debug][gc,phases] GC(18)     Total                          Min: 0, Avg:  0.0, Max: 0, Diff: 0, Sum: 0, Workers: 8
[2025-06-17T23:29:20.524+0300][2060][1928 ][debug][gc,phases] GC(18)   Weak JFR Old Object Samples    Min:  0.0, Avg:  0.0, Max:  0.0, Diff:  0.0, Sum:  0.0, Workers: 8
[2025-06-17T23:29:20.524+0300][2060][1928 ][debug][gc,phases] GC(18)     Dead                           Min: 0, Avg:  0.0, Max: 0, Diff: 0, Sum: 0, Workers: 8
[2025-06-17T23:29:20.524+0300][2060][1928 ][debug][gc,phases] GC(18)     Total                          Min: 0, Avg:  0.0, Max: 0, Diff: 0, Sum: 0, Workers: 8
[2025-06-17T23:29:20.526+0300][2060][1928 ][debug][gc,phases] GC(18) Weak Processing 1.000ms
[2025-06-17T23:29:20.526+0300][2060][1928 ][info ][gc,heap  ] GC(18) PSYoungGen: 4169728K(4182016K)->7024K(4180992K) Eden: 4169728K(4169728K)->0K(4168704K) From: 0K(12288K)->7024K(12288K)
[2025-06-17T23:29:20.526+0300][2060][1928 ][info ][gc,heap  ] GC(18) ParOldGen: 9923K(8388608K)->9923K(8388608K)
[2025-06-17T23:29:20.526+0300][2060][1928 ][info ][gc       ] GC(18) Pause Young (Allocation Failure) 4081M->16M(12275M) 2.355ms
[2025-06-17T23:29:20.526+0300][2060][1928 ][debug][gc,heap  ] GC(18) Heap after GC invocations=19 (full 3):
[2025-06-17T23:29:20.526+0300][2060][1928 ][debug][gc,heap  ] GC(18)  PSYoungGen      total 4180992K, used 7024K [0x0000000700000000, 0x0000000800000000, 0x0000000800000000)
[2025-06-17T23:29:20.526+0300][2060][1928 ][debug][gc,heap  ] GC(18)   eden space 4168704K, 0% used [0x0000000700000000,0x0000000700000000,0x00000007fe700000)
[2025-06-17T23:29:20.526+0300][2060][1928 ][debug][gc,heap  ] GC(18)   from space 12288K, 57% used [0x00000007ff400000,0x00000007ffadc0e0,0x0000000800000000)
[2025-06-17T23:29:20.526+0300][2060][1928 ][debug][gc,heap  ] GC(18)   to   space 12800K, 0% used [0x00000007fe700000,0x00000007fe700000,0x00000007ff380000)
[2025-06-17T23:29:20.526+0300][2060][1928 ][debug][gc,heap  ] GC(18)  ParOldGen       total 8388608K, used 9923K [0x0000000500000000, 0x0000000700000000, 0x0000000700000000)
[2025-06-17T23:29:20.526+0300][2060][1928 ][debug][gc,heap  ] GC(18)   object space 8388608K, 0% used [0x0000000500000000,0x00000005009b0ed8,0x0000000700000000)
[2025-06-17T23:29:20.526+0300][2060][1928 ][debug][gc,heap  ] GC(18)  Metaspace       used 8740K, committed 9792K, reserved 1114112K
[2025-06-17T23:29:20.526+0300][2060][1928 ][debug][gc,heap  ] GC(18)   class space    used 875K, committed 1280K, reserved 1048576K
[2025-06-17T23:29:20.526+0300][2060][1928 ][info ][safepoint] Safepoint "ParallelGCFailedAllocation", Time since last: 214148100 ns, Reaching safepoint: 532500 ns, Cleanup: 9300 ns, At safepoint: 3021100 ns, Total: 3562900 ns
[2025-06-17T23:29:21.527+0300][2060][1928 ][debug][safepoint] Safepoint synchronization initiated using striped semaphore wait barrier. (19 threads)
[2025-06-17T23:29:21.527+0300][2060][18044][debug][safepoint] ... found polling page loop exception at pc = 0x000001c307b7d5e0, stub =0x000001c307584d80
[2025-06-17T23:29:21.527+0300][2060][3160 ][debug][safepoint] ... found polling page loop exception at pc = 0x000001c307b7d5e0, stub =0x000001c307584d80
[2025-06-17T23:29:21.527+0300][2060][1928 ][info ][safepoint] Safepoint "Cleanup", Time since last: 1000523900 ns, Reaching safepoint: 287200 ns, Cleanup: 26700 ns, At safepoint: 21200 ns, Total: 335100 ns
[2025-06-17T23:29:21.966+0300][2060][1928 ][debug][safepoint] Safepoint synchronization initiated using striped semaphore wait barrier. (19 threads)
[2025-06-17T23:29:21.966+0300][2060][18044][debug][safepoint] ... found polling page loop exception at pc = 0x000001c307b7d5e0, stub =0x000001c307584d80
[2025-06-17T23:29:21.966+0300][2060][16128][debug][safepoint] ... found polling page loop exception at pc = 0x000001c307b7d5e0, stub =0x000001c307584d80
[2025-06-17T23:29:21.966+0300][2060][7164 ][debug][safepoint] ... found polling page loop exception at pc = 0x000001c307d4f15a, stub =0x000001c307584d80
[2025-06-17T23:29:21.966+0300][2060][2596 ][debug][safepoint] ... found polling page loop exception at pc = 0x000001c307d4e952, stub =0x000001c307584d80
[2025-06-17T23:29:21.966+0300][2060][1928 ][debug][gc,heap  ] GC(19) Heap before GC invocations=20 (full 3):
[2025-06-17T23:29:21.966+0300][2060][1928 ][debug][gc,heap  ] GC(19)  PSYoungGen      total 4180992K, used 4175728K [0x0000000700000000, 0x0000000800000000, 0x0000000800000000)
[2025-06-17T23:29:21.966+0300][2060][1928 ][debug][gc,heap  ] GC(19)   eden space 4168704K, 100% used [0x0000000700000000,0x00000007fe700000,0x00000007fe700000)
[2025-06-17T23:29:21.966+0300][2060][1928 ][debug][gc,heap  ] GC(19)   from space 12288K, 57% used [0x00000007ff400000,0x00000007ffadc0e0,0x0000000800000000)
[2025-06-17T23:29:21.966+0300][2060][1928 ][debug][gc,heap  ] GC(19)   to   space 12800K, 0% used [0x00000007fe700000,0x00000007fe700000,0x00000007ff380000)
[2025-06-17T23:29:21.966+0300][2060][1928 ][debug][gc,heap  ] GC(19)  ParOldGen       total 8388608K, used 9923K [0x0000000500000000, 0x0000000700000000, 0x0000000700000000)
[2025-06-17T23:29:21.966+0300][2060][1928 ][debug][gc,heap  ] GC(19)   object space 8388608K, 0% used [0x0000000500000000,0x00000005009b0ed8,0x0000000700000000)
[2025-06-17T23:29:21.966+0300][2060][1928 ][debug][gc,heap  ] GC(19)  Metaspace       used 8740K, committed 9792K, reserved 1114112K
[2025-06-17T23:29:21.966+0300][2060][1928 ][debug][gc,heap  ] GC(19)   class space    used 875K, committed 1280K, reserved 1048576K
[2025-06-17T23:29:21.968+0300][2060][1928 ][debug][gc,phases] GC(19) Scavenge 0.916ms
[2025-06-17T23:29:21.968+0300][2060][1928 ][debug][gc,phases] GC(19) Reference Processing 0.148ms
[2025-06-17T23:29:21.968+0300][2060][1928 ][debug][gc,phases] GC(19)   VM Weak                        Min:  0.0, Avg:  0.0, Max:  0.0, Diff:  0.0, Sum:  0.0, Workers: 8
[2025-06-17T23:29:21.968+0300][2060][1928 ][debug][gc,phases] GC(19)     Dead                           Min: 0, Avg:  0.0, Max: 0, Diff: 0, Sum: 0, Workers: 8
[2025-06-17T23:29:21.968+0300][2060][1928 ][debug][gc,phases] GC(19)     Total                          Min: 0, Avg: 15.4, Max: 71, Diff: 71, Sum: 123, Workers: 8
[2025-06-17T23:29:21.968+0300][2060][1928 ][debug][gc,phases] GC(19)   ObjectSynchronizer Weak        Min:  0.0, Avg:  0.0, Max:  0.0, Diff:  0.0, Sum:  0.0, Workers: 8
[2025-06-17T23:29:21.968+0300][2060][1928 ][debug][gc,phases] GC(19)     Dead                           Min: 0, Avg:  0.0, Max: 0, Diff: 0, Sum: 0, Workers: 8
[2025-06-17T23:29:21.968+0300][2060][1928 ][debug][gc,phases] GC(19)     Total                          Min: 0, Avg: 17.9, Max: 64, Diff: 64, Sum: 143, Workers: 8
[2025-06-17T23:29:21.968+0300][2060][1928 ][debug][gc,phases] GC(19)   JVMTI Tag Weak OopStorage      Min:  0.0, Avg:  0.0, Max:  0.0, Diff:  0.0, Sum:  0.0, Workers: 8
[2025-06-17T23:29:21.968+0300][2060][1928 ][debug][gc,phases] GC(19)     Dead                           Min: 0, Avg:  0.0, Max: 0, Diff: 0, Sum: 0, Workers: 8
[2025-06-17T23:29:21.968+0300][2060][1928 ][debug][gc,phases] GC(19)     Total                          Min: 0, Avg:  0.0, Max: 0, Diff: 0, Sum: 0, Workers: 8
[2025-06-17T23:29:21.968+0300][2060][1928 ][debug][gc,phases] GC(19)   StringTable Weak               Min:  0.0, Avg:  0.0, Max:  0.0, Diff:  0.0, Sum:  0.1, Workers: 8
[2025-06-17T23:29:21.968+0300][2060][1928 ][debug][gc,phases] GC(19)     Dead                           Min: 0, Avg:  0.0, Max: 0, Diff: 0, Sum: 0, Workers: 8
[2025-06-17T23:29:21.968+0300][2060][1928 ][debug][gc,phases] GC(19)     Total                          Min: 0, Avg: 784.0, Max: 1600, Diff: 1600, Sum: 6272, Workers: 8
[2025-06-17T23:29:21.968+0300][2060][1928 ][debug][gc,phases] GC(19)   ResolvedMethodTable Weak       Min:  0.0, Avg:  0.0, Max:  0.0, Diff:  0.0, Sum:  0.0, Workers: 8
[2025-06-17T23:29:21.968+0300][2060][1928 ][debug][gc,phases] GC(19)     Dead                           Min: 0, Avg:  0.0, Max: 0, Diff: 0, Sum: 0, Workers: 8
[2025-06-17T23:29:21.968+0300][2060][1928 ][debug][gc,phases] GC(19)     Total                          Min: 0, Avg: 111.9, Max: 192, Diff: 192, Sum: 895, Workers: 8
[2025-06-17T23:29:21.968+0300][2060][1928 ][debug][gc,phases] GC(19)   JNI Weak                       Min:  0.0, Avg:  0.0, Max:  0.0, Diff:  0.0, Sum:  0.0, Workers: 8
[2025-06-17T23:29:21.968+0300][2060][1928 ][debug][gc,phases] GC(19)     Dead                           Min: 0, Avg:  0.0, Max: 0, Diff: 0, Sum: 0, Workers: 8
[2025-06-17T23:29:21.968+0300][2060][1928 ][debug][gc,phases] GC(19)     Total                          Min: 0, Avg:  0.0, Max: 0, Diff: 0, Sum: 0, Workers: 8
[2025-06-17T23:29:21.969+0300][2060][1928 ][debug][gc,phases] GC(19)   StringDedup Table Weak         Min:  0.0, Avg:  0.0, Max:  0.0, Diff:  0.0, Sum:  0.0, Workers: 8
[2025-06-17T23:29:21.969+0300][2060][1928 ][debug][gc,phases] GC(19)     Dead                           Min: 0, Avg:  0.0, Max: 0, Diff: 0, Sum: 0, Workers: 8
[2025-06-17T23:29:21.969+0300][2060][1928 ][debug][gc,phases] GC(19)     Total                          Min: 0, Avg:  0.0, Max: 0, Diff: 0, Sum: 0, Workers: 8
[2025-06-17T23:29:21.969+0300][2060][1928 ][debug][gc,phases] GC(19)   StringDedup Requests0 Weak     Min:  0.0, Avg:  0.0, Max:  0.0, Diff:  0.0, Sum:  0.0, Workers: 8
[2025-06-17T23:29:21.969+0300][2060][1928 ][debug][gc,phases] GC(19)     Dead                           Min: 0, Avg:  0.0, Max: 0, Diff: 0, Sum: 0, Workers: 8
[2025-06-17T23:29:21.969+0300][2060][1928 ][debug][gc,phases] GC(19)     Total                          Min: 0, Avg:  0.0, Max: 0, Diff: 0, Sum: 0, Workers: 8
[2025-06-17T23:29:21.969+0300][2060][1928 ][debug][gc,phases] GC(19)   StringDedup Requests1 Weak     Min:  0.0, Avg:  0.0, Max:  0.0, Diff:  0.0, Sum:  0.0, Workers: 8
[2025-06-17T23:29:21.969+0300][2060][1928 ][debug][gc,phases] GC(19)     Dead                           Min: 0, Avg:  0.0, Max: 0, Diff: 0, Sum: 0, Workers: 8
[2025-06-17T23:29:21.969+0300][2060][1928 ][debug][gc,phases] GC(19)     Total                          Min: 0, Avg:  0.0, Max: 0, Diff: 0, Sum: 0, Workers: 8
[2025-06-17T23:29:21.969+0300][2060][1928 ][debug][gc,phases] GC(19)   Weak JFR Old Object Samples    Min:  0.0, Avg:  0.0, Max:  0.0, Diff:  0.0, Sum:  0.0, Workers: 8
[2025-06-17T23:29:21.969+0300][2060][1928 ][debug][gc,phases] GC(19)     Dead                           Min: 0, Avg:  0.0, Max: 0, Diff: 0, Sum: 0, Workers: 8
[2025-06-17T23:29:21.969+0300][2060][1928 ][debug][gc,phases] GC(19)     Total                          Min: 0, Avg:  0.0, Max: 0, Diff: 0, Sum: 0, Workers: 8
[2025-06-17T23:29:21.969+0300][2060][1928 ][debug][gc,phases] GC(19) Weak Processing 0.890ms
[2025-06-17T23:29:21.969+0300][2060][1928 ][info ][gc,heap  ] GC(19) PSYoungGen: 4175728K(4180992K)->544K(4181504K) Eden: 4168704K(4168704K)->0K(4168704K) From: 7024K(12288K)->544K(12800K)
[2025-06-17T23:29:21.969+0300][2060][1928 ][info ][gc,heap  ] GC(19) ParOldGen: 9923K(8388608K)->16343K(8388608K)
[2025-06-17T23:29:21.969+0300][2060][1928 ][info ][gc       ] GC(19) Pause Young (Allocation Failure) 4087M->16M(12275M) 2.180ms
[2025-06-17T23:29:21.969+0300][2060][1928 ][debug][gc,heap  ] GC(19) Heap after GC invocations=20 (full 3):
[2025-06-17T23:29:21.969+0300][2060][1928 ][debug][gc,heap  ] GC(19)  PSYoungGen      total 4181504K, used 544K [0x0000000700000000, 0x0000000800000000, 0x0000000800000000)
[2025-06-17T23:29:21.969+0300][2060][1928 ][debug][gc,heap  ] GC(19)   eden space 4168704K, 0% used [0x0000000700000000,0x0000000700000000,0x00000007fe700000)
[2025-06-17T23:29:21.969+0300][2060][1928 ][debug][gc,heap  ] GC(19)   from space 12800K, 4% used [0x00000007fe700000,0x00000007fe7880c0,0x00000007ff380000)
[2025-06-17T23:29:21.969+0300][2060][1928 ][debug][gc,heap  ] GC(19)   to   space 12288K, 0% used [0x00000007ff400000,0x00000007ff400000,0x0000000800000000)
[2025-06-17T23:29:21.969+0300][2060][1928 ][debug][gc,heap  ] GC(19)  ParOldGen       total 8388608K, used 16343K [0x0000000500000000, 0x0000000700000000, 0x0000000700000000)
[2025-06-17T23:29:21.969+0300][2060][1928 ][debug][gc,heap  ] GC(19)   object space 8388608K, 0% used [0x0000000500000000,0x0000000500ff5fa0,0x0000000700000000)
[2025-06-17T23:29:21.969+0300][2060][1928 ][debug][gc,heap  ] GC(19)  Metaspace       used 8740K, committed 9792K, reserved 1114112K
[2025-06-17T23:29:21.969+0300][2060][1928 ][debug][gc,heap  ] GC(19)   class space    used 875K, committed 1280K, reserved 1048576K
[2025-06-17T23:29:21.969+0300][2060][1928 ][info ][safepoint] Safepoint "ParallelGCFailedAllocation", Time since last: 439771000 ns, Reaching safepoint: 307400 ns, Cleanup: 8400 ns, At safepoint: 2729900 ns, Total: 3045700 ns
[2025-06-17T23:29:23.272+0300][2060][1928 ][debug][safepoint] Safepoint synchronization initiated using striped semaphore wait barrier. (19 threads)
[2025-06-17T23:29:23.272+0300][2060][2596 ][debug][safepoint] ... found polling page loop exception at pc = 0x000001c307b7d5e0, stub =0x000001c307584d80
[2025-06-17T23:29:23.272+0300][2060][7616 ][debug][safepoint] ... found polling page loop exception at pc = 0x000001c307b7d5e0, stub =0x000001c307584d80
[2025-06-17T23:29:23.272+0300][2060][5196 ][debug][safepoint] ... found polling page loop exception at pc = 0x000001c307bc83d1, stub =0x000001c307584d80
[2025-06-17T23:29:23.272+0300][2060][16128][debug][safepoint] ... found polling page loop exception at pc = 0x000001c307b7d5e0, stub =0x000001c307584d80
[2025-06-17T23:29:23.272+0300][2060][7164 ][debug][safepoint] ... found polling page loop exception at pc = 0x000001c307b7d5e0, stub =0x000001c307584d80
[2025-06-17T23:29:23.272+0300][2060][1928 ][debug][gc,heap  ] GC(20) Heap before GC invocations=21 (full 3):
[2025-06-17T23:29:23.272+0300][2060][1928 ][debug][gc,heap  ] GC(20)  PSYoungGen      total 4181504K, used 4169248K [0x0000000700000000, 0x0000000800000000, 0x0000000800000000)
[2025-06-17T23:29:23.272+0300][2060][1928 ][debug][gc,heap  ] GC(20)   eden space 4168704K, 100% used [0x0000000700000000,0x00000007fe700000,0x00000007fe700000)
[2025-06-17T23:29:23.272+0300][2060][1928 ][debug][gc,heap  ] GC(20)   from space 12800K, 4% used [0x00000007fe700000,0x00000007fe7880c0,0x00000007ff380000)
[2025-06-17T23:29:23.272+0300][2060][1928 ][debug][gc,heap  ] GC(20)   to   space 12288K, 0% used [0x00000007ff400000,0x00000007ff400000,0x0000000800000000)
[2025-06-17T23:29:23.272+0300][2060][1928 ][debug][gc,heap  ] GC(20)  ParOldGen       total 8388608K, used 16343K [0x0000000500000000, 0x0000000700000000, 0x0000000700000000)
[2025-06-17T23:29:23.272+0300][2060][1928 ][debug][gc,heap  ] GC(20)   object space 8388608K, 0% used [0x0000000500000000,0x0000000500ff5fa0,0x0000000700000000)
[2025-06-17T23:29:23.272+0300][2060][1928 ][debug][gc,heap  ] GC(20)  Metaspace       used 8740K, committed 9792K, reserved 1114112K
[2025-06-17T23:29:23.272+0300][2060][1928 ][debug][gc,heap  ] GC(20)   class space    used 875K, committed 1280K, reserved 1048576K
[2025-06-17T23:29:23.272+0300][2060][1928 ][debug][gc,phases] GC(20) Scavenge 0.264ms
[2025-06-17T23:29:23.272+0300][2060][1928 ][debug][gc,phases] GC(20) Reference Processing 0.079ms
[2025-06-17T23:29:23.272+0300][2060][1928 ][debug][gc,phases] GC(20)   VM Weak                        Min:  0.0, Avg:  0.0, Max:  0.0, Diff:  0.0, Sum:  0.0, Workers: 8
[2025-06-17T23:29:23.272+0300][2060][1928 ][debug][gc,phases] GC(20)     Dead                           Min: 0, Avg:  0.0, Max: 0, Diff: 0, Sum: 0, Workers: 8
[2025-06-17T23:29:23.272+0300][2060][1928 ][debug][gc,phases] GC(20)     Total                          Min: 0, Avg: 15.4, Max: 123, Diff: 123, Sum: 123, Workers: 8
[2025-06-17T23:29:23.272+0300][2060][1928 ][debug][gc,phases] GC(20)   ObjectSynchronizer Weak        Min:  0.0, Avg:  0.0, Max:  0.0, Diff:  0.0, Sum:  0.0, Workers: 8
[2025-06-17T23:29:23.272+0300][2060][1928 ][debug][gc,phases] GC(20)     Dead                           Min: 0, Avg:  0.0, Max: 0, Diff: 0, Sum: 0, Workers: 8
[2025-06-17T23:29:23.272+0300][2060][1928 ][debug][gc,phases] GC(20)     Total                          Min: 0, Avg: 17.9, Max: 64, Diff: 64, Sum: 143, Workers: 8
[2025-06-17T23:29:23.272+0300][2060][1928 ][debug][gc,phases] GC(20)   JVMTI Tag Weak OopStorage      Min:  0.0, Avg:  0.0, Max:  0.0, Diff:  0.0, Sum:  0.0, Workers: 8
[2025-06-17T23:29:23.272+0300][2060][1928 ][debug][gc,phases] GC(20)     Dead                           Min: 0, Avg:  0.0, Max: 0, Diff: 0, Sum: 0, Workers: 8
[2025-06-17T23:29:23.272+0300][2060][1928 ][debug][gc,phases] GC(20)     Total                          Min: 0, Avg:  0.0, Max: 0, Diff: 0, Sum: 0, Workers: 8
[2025-06-17T23:29:23.272+0300][2060][1928 ][debug][gc,phases] GC(20)   StringTable Weak               Min:  0.0, Avg:  0.0, Max:  0.0, Diff:  0.0, Sum:  0.1, Workers: 8
[2025-06-17T23:29:23.272+0300][2060][1928 ][debug][gc,phases] GC(20)     Dead                           Min: 0, Avg:  0.0, Max: 0, Diff: 0, Sum: 0, Workers: 8
[2025-06-17T23:29:23.272+0300][2060][1928 ][debug][gc,phases] GC(20)     Total                          Min: 704, Avg: 784.0, Max: 832, Diff: 128, Sum: 6272, Workers: 8
[2025-06-17T23:29:23.272+0300][2060][1928 ][debug][gc,phases] GC(20)   ResolvedMethodTable Weak       Min:  0.0, Avg:  0.0, Max:  0.0, Diff:  0.0, Sum:  0.0, Workers: 8
[2025-06-17T23:29:23.272+0300][2060][1928 ][debug][gc,phases] GC(20)     Dead                           Min: 0, Avg:  0.0, Max: 0, Diff: 0, Sum: 0, Workers: 8
[2025-06-17T23:29:23.272+0300][2060][1928 ][debug][gc,phases] GC(20)     Total                          Min: 64, Avg: 111.9, Max: 128, Diff: 64, Sum: 895, Workers: 8
[2025-06-17T23:29:23.272+0300][2060][1928 ][debug][gc,phases] GC(20)   JNI Weak                       Min:  0.0, Avg:  0.0, Max:  0.0, Diff:  0.0, Sum:  0.0, Workers: 8
[2025-06-17T23:29:23.272+0300][2060][1928 ][debug][gc,phases] GC(20)     Dead                           Min: 0, Avg:  0.0, Max: 0, Diff: 0, Sum: 0, Workers: 8
[2025-06-17T23:29:23.272+0300][2060][1928 ][debug][gc,phases] GC(20)     Total                          Min: 0, Avg:  0.0, Max: 0, Diff: 0, Sum: 0, Workers: 8
[2025-06-17T23:29:23.272+0300][2060][1928 ][debug][gc,phases] GC(20)   StringDedup Table Weak         Min:  0.0, Avg:  0.0, Max:  0.0, Diff:  0.0, Sum:  0.0, Workers: 8
[2025-06-17T23:29:23.272+0300][2060][1928 ][debug][gc,phases] GC(20)     Dead                           Min: 0, Avg:  0.0, Max: 0, Diff: 0, Sum: 0, Workers: 8
[2025-06-17T23:29:23.272+0300][2060][1928 ][debug][gc,phases] GC(20)     Total                          Min: 0, Avg:  0.0, Max: 0, Diff: 0, Sum: 0, Workers: 8
[2025-06-17T23:29:23.272+0300][2060][1928 ][debug][gc,phases] GC(20)   StringDedup Requests0 Weak     Min:  0.0, Avg:  0.0, Max:  0.0, Diff:  0.0, Sum:  0.0, Workers: 8
[2025-06-17T23:29:23.272+0300][2060][1928 ][debug][gc,phases] GC(20)     Dead                           Min: 0, Avg:  0.0, Max: 0, Diff: 0, Sum: 0, Workers: 8
[2025-06-17T23:29:23.272+0300][2060][1928 ][debug][gc,phases] GC(20)     Total                          Min: 0, Avg:  0.0, Max: 0, Diff: 0, Sum: 0, Workers: 8
[2025-06-17T23:29:23.272+0300][2060][1928 ][debug][gc,phases] GC(20)   StringDedup Requests1 Weak     Min:  0.0, Avg:  0.0, Max:  0.0, Diff:  0.0, Sum:  0.0, Workers: 8
[2025-06-17T23:29:23.272+0300][2060][1928 ][debug][gc,phases] GC(20)     Dead                           Min: 0, Avg:  0.0, Max: 0, Diff: 0, Sum: 0, Workers: 8
[2025-06-17T23:29:23.272+0300][2060][1928 ][debug][gc,phases] GC(20)     Total                          Min: 0, Avg:  0.0, Max: 0, Diff: 0, Sum: 0, Workers: 8
[2025-06-17T23:29:23.272+0300][2060][1928 ][debug][gc,phases] GC(20)   Weak JFR Old Object Samples    Min:  0.0, Avg:  0.0, Max:  0.0, Diff:  0.0, Sum:  0.0, Workers: 8
[2025-06-17T23:29:23.272+0300][2060][1928 ][debug][gc,phases] GC(20)     Dead                           Min: 0, Avg:  0.0, Max: 0, Diff: 0, Sum: 0, Workers: 8
[2025-06-17T23:29:23.272+0300][2060][1928 ][debug][gc,phases] GC(20)     Total                          Min: 0, Avg:  0.0, Max: 0, Diff: 0, Sum: 0, Workers: 8
[2025-06-17T23:29:23.272+0300][2060][1928 ][debug][gc,phases] GC(20) Weak Processing 0.623ms
[2025-06-17T23:29:23.272+0300][2060][1928 ][info ][gc,heap  ] GC(20) PSYoungGen: 4169248K(4181504K)->608K(4182016K) Eden: 4168704K(4168704K)->0K(4169728K) From: 544K(12800K)->608K(12288K)
[2025-06-17T23:29:23.272+0300][2060][1928 ][info ][gc,heap  ] GC(20) ParOldGen: 16343K(8388608K)->16407K(8388608K)
[2025-06-17T23:29:23.272+0300][2060][1928 ][info ][gc       ] GC(20) Pause Young (Allocation Failure) 4087M->16M(12276M) 1.092ms
[2025-06-17T23:29:23.272+0300][2060][1928 ][debug][gc,heap  ] GC(20) Heap after GC invocations=21 (full 3):
[2025-06-17T23:29:23.272+0300][2060][1928 ][debug][gc,heap  ] GC(20)  PSYoungGen      total 4182016K, used 608K [0x0000000700000000, 0x0000000800000000, 0x0000000800000000)
[2025-06-17T23:29:23.272+0300][2060][1928 ][debug][gc,heap  ] GC(20)   eden space 4169728K, 0% used [0x0000000700000000,0x0000000700000000,0x00000007fe800000)
[2025-06-17T23:29:23.272+0300][2060][1928 ][debug][gc,heap  ] GC(20)   from space 12288K, 4% used [0x00000007ff400000,0x00000007ff4980e0,0x0000000800000000)
[2025-06-17T23:29:23.272+0300][2060][1928 ][debug][gc,heap  ] GC(20)   to   space 12288K, 0% used [0x00000007fe800000,0x00000007fe800000,0x00000007ff400000)
[2025-06-17T23:29:23.272+0300][2060][1928 ][debug][gc,heap  ] GC(20)  ParOldGen       total 8388608K, used 16407K [0x0000000500000000, 0x0000000700000000, 0x0000000700000000)
[2025-06-17T23:29:23.272+0300][2060][1928 ][debug][gc,heap  ] GC(20)   object space 8388608K, 0% used [0x0000000500000000,0x0000000501005fa0,0x0000000700000000)
[2025-06-17T23:29:23.272+0300][2060][1928 ][debug][gc,heap  ] GC(20)  Metaspace       used 8740K, committed 9792K, reserved 1114112K
[2025-06-17T23:29:23.272+0300][2060][1928 ][debug][gc,heap  ] GC(20)   class space    used 875K, committed 1280K, reserved 1048576K
[2025-06-17T23:29:23.272+0300][2060][1928 ][info ][safepoint] Safepoint "ParallelGCFailedAllocation", Time since last: 1302550500 ns, Reaching safepoint: 347000 ns, Cleanup: 16400 ns, At safepoint: 1464300 ns, Total: 1827700 ns
[2025-06-17T23:29:24.564+0300][2060][1928 ][debug][safepoint] Safepoint synchronization initiated using striped semaphore wait barrier. (19 threads)
[2025-06-17T23:29:24.564+0300][2060][3160 ][debug][safepoint] ... found polling page loop exception at pc = 0x000001c307d4e952, stub =0x000001c307584d80
[2025-06-17T23:29:24.564+0300][2060][7164 ][debug][safepoint] ... found polling page loop exception at pc = 0x000001c307b7d5e0, stub =0x000001c307584d80
[2025-06-17T23:29:24.564+0300][2060][7616 ][debug][safepoint] ... found polling page loop exception at pc = 0x000001c307b7d5e0, stub =0x000001c307584d80
[2025-06-17T23:29:24.564+0300][2060][16128][debug][safepoint] ... found polling page loop exception at pc = 0x000001c307b7d5e0, stub =0x000001c307584d80
[2025-06-17T23:29:24.564+0300][2060][18044][debug][safepoint] ... found polling page loop exception at pc = 0x000001c307b7d5e0, stub =0x000001c307584d80
[2025-06-17T23:29:24.564+0300][2060][1928 ][debug][gc,heap  ] GC(21) Heap before GC invocations=22 (full 3):
[2025-06-17T23:29:24.564+0300][2060][1928 ][debug][gc,heap  ] GC(21)  PSYoungGen      total 4182016K, used 4170336K [0x0000000700000000, 0x0000000800000000, 0x0000000800000000)
[2025-06-17T23:29:24.564+0300][2060][1928 ][debug][gc,heap  ] GC(21)   eden space 4169728K, 100% used [0x0000000700000000,0x00000007fe800000,0x00000007fe800000)
[2025-06-17T23:29:24.564+0300][2060][1928 ][debug][gc,heap  ] GC(21)   from space 12288K, 4% used [0x00000007ff400000,0x00000007ff4980e0,0x0000000800000000)
[2025-06-17T23:29:24.564+0300][2060][1928 ][debug][gc,heap  ] GC(21)   to   space 12288K, 0% used [0x00000007fe800000,0x00000007fe800000,0x00000007ff400000)
[2025-06-17T23:29:24.564+0300][2060][1928 ][debug][gc,heap  ] GC(21)  ParOldGen       total 8388608K, used 16407K [0x0000000500000000, 0x0000000700000000, 0x0000000700000000)
[2025-06-17T23:29:24.564+0300][2060][1928 ][debug][gc,heap  ] GC(21)   object space 8388608K, 0% used [0x0000000500000000,0x0000000501005fa0,0x0000000700000000)
[2025-06-17T23:29:24.564+0300][2060][1928 ][debug][gc,heap  ] GC(21)  Metaspace       used 8740K, committed 9792K, reserved 1114112K
[2025-06-17T23:29:24.564+0300][2060][1928 ][debug][gc,heap  ] GC(21)   class space    used 875K, committed 1280K, reserved 1048576K
[2025-06-17T23:29:24.564+0300][2060][1928 ][debug][gc,phases] GC(21) Scavenge 0.244ms
[2025-06-17T23:29:24.564+0300][2060][1928 ][debug][gc,phases] GC(21) Reference Processing 0.081ms
[2025-06-17T23:29:24.564+0300][2060][1928 ][debug][gc,phases] GC(21)   VM Weak                        Min:  0.0, Avg:  0.0, Max:  0.0, Diff:  0.0, Sum:  0.0, Workers: 8
[2025-06-17T23:29:24.564+0300][2060][1928 ][debug][gc,phases] GC(21)     Dead                           Min: 0, Avg:  0.0, Max: 0, Diff: 0, Sum: 0, Workers: 8
[2025-06-17T23:29:24.564+0300][2060][1928 ][debug][gc,phases] GC(21)     Total                          Min: 0, Avg: 15.4, Max: 77, Diff: 77, Sum: 123, Workers: 8
[2025-06-17T23:29:24.564+0300][2060][1928 ][debug][gc,phases] GC(21)   ObjectSynchronizer Weak        Min:  0.0, Avg:  0.0, Max:  0.0, Diff:  0.0, Sum:  0.0, Workers: 8
[2025-06-17T23:29:24.564+0300][2060][1928 ][debug][gc,phases] GC(21)     Dead                           Min: 0, Avg:  0.0, Max: 0, Diff: 0, Sum: 0, Workers: 8
[2025-06-17T23:29:24.564+0300][2060][1928 ][debug][gc,phases] GC(21)     Total                          Min: 0, Avg: 17.9, Max: 64, Diff: 64, Sum: 143, Workers: 8
[2025-06-17T23:29:24.564+0300][2060][1928 ][debug][gc,phases] GC(21)   JVMTI Tag Weak OopStorage      Min:  0.0, Avg:  0.0, Max:  0.0, Diff:  0.0, Sum:  0.0, Workers: 8
[2025-06-17T23:29:24.564+0300][2060][1928 ][debug][gc,phases] GC(21)     Dead                           Min: 0, Avg:  0.0, Max: 0, Diff: 0, Sum: 0, Workers: 8
[2025-06-17T23:29:24.564+0300][2060][1928 ][debug][gc,phases] GC(21)     Total                          Min: 0, Avg:  0.0, Max: 0, Diff: 0, Sum: 0, Workers: 8
[2025-06-17T23:29:24.564+0300][2060][1928 ][debug][gc,phases] GC(21)   StringTable Weak               Min:  0.0, Avg:  0.0, Max:  0.0, Diff:  0.0, Sum:  0.1, Workers: 8
[2025-06-17T23:29:24.564+0300][2060][1928 ][debug][gc,phases] GC(21)     Dead                           Min: 0, Avg:  0.0, Max: 0, Diff: 0, Sum: 0, Workers: 8
[2025-06-17T23:29:24.564+0300][2060][1928 ][debug][gc,phases] GC(21)     Total                          Min: 0, Avg: 784.2, Max: 1216, Diff: 1216, Sum: 6274, Workers: 8
[2025-06-17T23:29:24.564+0300][2060][1928 ][debug][gc,phases] GC(21)   ResolvedMethodTable Weak       Min:  0.0, Avg:  0.0, Max:  0.0, Diff:  0.0, Sum:  0.0, Workers: 8
[2025-06-17T23:29:24.564+0300][2060][1928 ][debug][gc,phases] GC(21)     Dead                           Min: 0, Avg:  0.0, Max: 0, Diff: 0, Sum: 0, Workers: 8
[2025-06-17T23:29:24.564+0300][2060][1928 ][debug][gc,phases] GC(21)     Total                          Min: 0, Avg: 111.9, Max: 192, Diff: 192, Sum: 895, Workers: 8
[2025-06-17T23:29:24.564+0300][2060][1928 ][debug][gc,phases] GC(21)   JNI Weak                       Min:  0.0, Avg:  0.0, Max:  0.0, Diff:  0.0, Sum:  0.0, Workers: 8
[2025-06-17T23:29:24.564+0300][2060][1928 ][debug][gc,phases] GC(21)     Dead                           Min: 0, Avg:  0.0, Max: 0, Diff: 0, Sum: 0, Workers: 8
[2025-06-17T23:29:24.564+0300][2060][1928 ][debug][gc,phases] GC(21)     Total                          Min: 0, Avg:  0.0, Max: 0, Diff: 0, Sum: 0, Workers: 8
[2025-06-17T23:29:24.564+0300][2060][1928 ][debug][gc,phases] GC(21)   StringDedup Table Weak         Min:  0.0, Avg:  0.0, Max:  0.0, Diff:  0.0, Sum:  0.0, Workers: 8
[2025-06-17T23:29:24.564+0300][2060][1928 ][debug][gc,phases] GC(21)     Dead                           Min: 0, Avg:  0.0, Max: 0, Diff: 0, Sum: 0, Workers: 8
[2025-06-17T23:29:24.564+0300][2060][1928 ][debug][gc,phases] GC(21)     Total                          Min: 0, Avg:  0.0, Max: 0, Diff: 0, Sum: 0, Workers: 8
[2025-06-17T23:29:24.564+0300][2060][1928 ][debug][gc,phases] GC(21)   StringDedup Requests0 Weak     Min:  0.0, Avg:  0.0, Max:  0.0, Diff:  0.0, Sum:  0.0, Workers: 8
[2025-06-17T23:29:24.564+0300][2060][1928 ][debug][gc,phases] GC(21)     Dead                           Min: 0, Avg:  0.0, Max: 0, Diff: 0, Sum: 0, Workers: 8
[2025-06-17T23:29:24.564+0300][2060][1928 ][debug][gc,phases] GC(21)     Total                          Min: 0, Avg:  0.0, Max: 0, Diff: 0, Sum: 0, Workers: 8
[2025-06-17T23:29:24.564+0300][2060][1928 ][debug][gc,phases] GC(21)   StringDedup Requests1 Weak     Min:  0.0, Avg:  0.0, Max:  0.0, Diff:  0.0, Sum:  0.0, Workers: 8
[2025-06-17T23:29:24.564+0300][2060][1928 ][debug][gc,phases] GC(21)     Dead                           Min: 0, Avg:  0.0, Max: 0, Diff: 0, Sum: 0, Workers: 8
[2025-06-17T23:29:24.564+0300][2060][1928 ][debug][gc,phases] GC(21)     Total                          Min: 0, Avg:  0.0, Max: 0, Diff: 0, Sum: 0, Workers: 8
[2025-06-17T23:29:24.564+0300][2060][1928 ][debug][gc,phases] GC(21)   Weak JFR Old Object Samples    Min:  0.0, Avg:  0.0, Max:  0.0, Diff:  0.0, Sum:  0.0, Workers: 8
[2025-06-17T23:29:24.564+0300][2060][1928 ][debug][gc,phases] GC(21)     Dead                           Min: 0, Avg:  0.0, Max: 0, Diff: 0, Sum: 0, Workers: 8
[2025-06-17T23:29:24.564+0300][2060][1928 ][debug][gc,phases] GC(21)     Total                          Min: 0, Avg:  0.0, Max: 0, Diff: 0, Sum: 0, Workers: 8
[2025-06-17T23:29:24.564+0300][2060][1928 ][debug][gc,phases] GC(21) Weak Processing 0.606ms
[2025-06-17T23:29:24.564+0300][2060][1928 ][info ][gc,heap  ] GC(21) PSYoungGen: 4170336K(4182016K)->608K(4182016K) Eden: 4169728K(4169728K)->0K(4169728K) From: 608K(12288K)->608K(12288K)
[2025-06-17T23:29:24.564+0300][2060][1928 ][info ][gc,heap  ] GC(21) ParOldGen: 16407K(8388608K)->16471K(8388608K)
[2025-06-17T23:29:24.564+0300][2060][1928 ][info ][gc       ] GC(21) Pause Young (Allocation Failure) 4088M->16M(12276M) 1.070ms
[2025-06-17T23:29:24.564+0300][2060][1928 ][debug][gc,heap  ] GC(21) Heap after GC invocations=22 (full 3):
[2025-06-17T23:29:24.564+0300][2060][1928 ][debug][gc,heap  ] GC(21)  PSYoungGen      total 4182016K, used 608K [0x0000000700000000, 0x0000000800000000, 0x0000000800000000)
[2025-06-17T23:29:24.564+0300][2060][1928 ][debug][gc,heap  ] GC(21)   eden space 4169728K, 0% used [0x0000000700000000,0x0000000700000000,0x00000007fe800000)
[2025-06-17T23:29:24.564+0300][2060][1928 ][debug][gc,heap  ] GC(21)   from space 12288K, 4% used [0x00000007fe800000,0x00000007fe8980c0,0x00000007ff400000)
[2025-06-17T23:29:24.564+0300][2060][1928 ][debug][gc,heap  ] GC(21)   to   space 11776K, 0% used [0x00000007ff480000,0x00000007ff480000,0x0000000800000000)
[2025-06-17T23:29:24.564+0300][2060][1928 ][debug][gc,heap  ] GC(21)  ParOldGen       total 8388608K, used 16471K [0x0000000500000000, 0x0000000700000000, 0x0000000700000000)
[2025-06-17T23:29:24.564+0300][2060][1928 ][debug][gc,heap  ] GC(21)   object space 8388608K, 0% used [0x0000000500000000,0x0000000501015fa0,0x0000000700000000)
[2025-06-17T23:29:24.564+0300][2060][1928 ][debug][gc,heap  ] GC(21)  Metaspace       used 8740K, committed 9792K, reserved 1114112K
[2025-06-17T23:29:24.564+0300][2060][1928 ][debug][gc,heap  ] GC(21)   class space    used 875K, committed 1280K, reserved 1048576K
[2025-06-17T23:29:24.564+0300][2060][1928 ][info ][safepoint] Safepoint "ParallelGCFailedAllocation", Time since last: 1290032000 ns, Reaching safepoint: 359600 ns, Cleanup: 15100 ns, At safepoint: 1478100 ns, Total: 1852800 ns
[2025-06-17T23:29:26.014+0300][2060][1928 ][debug][safepoint] Safepoint synchronization initiated using striped semaphore wait barrier. (19 threads)
[2025-06-17T23:29:26.014+0300][2060][18044][debug][safepoint] ... found polling page loop exception at pc = 0x000001c307b7d5e0, stub =0x000001c307584d80
[2025-06-17T23:29:26.014+0300][2060][7616 ][debug][safepoint] ... found polling page loop exception at pc = 0x000001c307d4f15a, stub =0x000001c307584d80
[2025-06-17T23:29:26.014+0300][2060][5196 ][debug][safepoint] ... found polling page loop exception at pc = 0x000001c307b7d5e0, stub =0x000001c307584d80
[2025-06-17T23:29:26.014+0300][2060][7164 ][debug][safepoint] ... found polling page loop exception at pc = 0x000001c307b7d5e0, stub =0x000001c307584d80
[2025-06-17T23:29:26.014+0300][2060][2596 ][debug][safepoint] ... found polling page loop exception at pc = 0x000001c307b7d5e0, stub =0x000001c307584d80
[2025-06-17T23:29:26.014+0300][2060][16440][debug][safepoint] ... found polling page loop exception at pc = 0x000001c307b7d5e0, stub =0x000001c307584d80
[2025-06-17T23:29:26.014+0300][2060][1928 ][debug][gc,heap  ] GC(22) Heap before GC invocations=23 (full 3):
[2025-06-17T23:29:26.014+0300][2060][1928 ][debug][gc,heap  ] GC(22)  PSYoungGen      total 4182016K, used 4170336K [0x0000000700000000, 0x0000000800000000, 0x0000000800000000)
[2025-06-17T23:29:26.014+0300][2060][1928 ][debug][gc,heap  ] GC(22)   eden space 4169728K, 100% used [0x0000000700000000,0x00000007fe800000,0x00000007fe800000)
[2025-06-17T23:29:26.014+0300][2060][1928 ][debug][gc,heap  ] GC(22)   from space 12288K, 4% used [0x00000007fe800000,0x00000007fe8980c0,0x00000007ff400000)
[2025-06-17T23:29:26.014+0300][2060][1928 ][debug][gc,heap  ] GC(22)   to   space 11776K, 0% used [0x00000007ff480000,0x00000007ff480000,0x0000000800000000)
[2025-06-17T23:29:26.014+0300][2060][1928 ][debug][gc,heap  ] GC(22)  ParOldGen       total 8388608K, used 16471K [0x0000000500000000, 0x0000000700000000, 0x0000000700000000)
[2025-06-17T23:29:26.014+0300][2060][1928 ][debug][gc,heap  ] GC(22)   object space 8388608K, 0% used [0x0000000500000000,0x0000000501015fa0,0x0000000700000000)
[2025-06-17T23:29:26.014+0300][2060][1928 ][debug][gc,heap  ] GC(22)  Metaspace       used 8740K, committed 9792K, reserved 1114112K
[2025-06-17T23:29:26.014+0300][2060][1928 ][debug][gc,heap  ] GC(22)   class space    used 875K, committed 1280K, reserved 1048576K
[2025-06-17T23:29:26.014+0300][2060][1928 ][debug][gc,phases] GC(22) Scavenge 0.463ms
[2025-06-17T23:29:26.014+0300][2060][1928 ][debug][gc,phases] GC(22) Reference Processing 0.094ms
[2025-06-17T23:29:26.014+0300][2060][1928 ][debug][gc,phases] GC(22)   VM Weak                        Min:  0.0, Avg:  0.0, Max:  0.0, Diff:  0.0, Sum:  0.0, Workers: 8
[2025-06-17T23:29:26.014+0300][2060][1928 ][debug][gc,phases] GC(22)     Dead                           Min: 0, Avg:  0.0, Max: 0, Diff: 0, Sum: 0, Workers: 8
[2025-06-17T23:29:26.014+0300][2060][1928 ][debug][gc,phases] GC(22)     Total                          Min: 0, Avg: 15.4, Max: 123, Diff: 123, Sum: 123, Workers: 8
[2025-06-17T23:29:26.014+0300][2060][1928 ][debug][gc,phases] GC(22)   ObjectSynchronizer Weak        Min:  0.0, Avg:  0.0, Max:  0.0, Diff:  0.0, Sum:  0.0, Workers: 8
[2025-06-17T23:29:26.014+0300][2060][1928 ][debug][gc,phases] GC(22)     Dead                           Min: 0, Avg:  0.0, Max: 0, Diff: 0, Sum: 0, Workers: 8
[2025-06-17T23:29:26.014+0300][2060][1928 ][debug][gc,phases] GC(22)     Total                          Min: 0, Avg: 17.9, Max: 143, Diff: 143, Sum: 143, Workers: 8
[2025-06-17T23:29:26.014+0300][2060][1928 ][debug][gc,phases] GC(22)   JVMTI Tag Weak OopStorage      Min:  0.0, Avg:  0.0, Max:  0.0, Diff:  0.0, Sum:  0.0, Workers: 8
[2025-06-17T23:29:26.014+0300][2060][1928 ][debug][gc,phases] GC(22)     Dead                           Min: 0, Avg:  0.0, Max: 0, Diff: 0, Sum: 0, Workers: 8
[2025-06-17T23:29:26.014+0300][2060][1928 ][debug][gc,phases] GC(22)     Total                          Min: 0, Avg:  0.0, Max: 0, Diff: 0, Sum: 0, Workers: 8
[2025-06-17T23:29:26.014+0300][2060][1928 ][debug][gc,phases] GC(22)   StringTable Weak               Min:  0.0, Avg:  0.0, Max:  0.0, Diff:  0.0, Sum:  0.1, Workers: 8
[2025-06-17T23:29:26.014+0300][2060][1928 ][debug][gc,phases] GC(22)     Dead                           Min: 0, Avg:  0.0, Max: 0, Diff: 0, Sum: 0, Workers: 8
[2025-06-17T23:29:26.014+0300][2060][1928 ][debug][gc,phases] GC(22)     Total                          Min: 128, Avg: 784.2, Max: 1410, Diff: 1282, Sum: 6274, Workers: 8
[2025-06-17T23:29:26.014+0300][2060][1928 ][debug][gc,phases] GC(22)   ResolvedMethodTable Weak       Min:  0.0, Avg:  0.0, Max:  0.0, Diff:  0.0, Sum:  0.0, Workers: 8
[2025-06-17T23:29:26.014+0300][2060][1928 ][debug][gc,phases] GC(22)     Dead                           Min: 0, Avg:  0.0, Max: 0, Diff: 0, Sum: 0, Workers: 8
[2025-06-17T23:29:26.014+0300][2060][1928 ][debug][gc,phases] GC(22)     Total                          Min: 64, Avg: 111.9, Max: 128, Diff: 64, Sum: 895, Workers: 8
[2025-06-17T23:29:26.014+0300][2060][1928 ][debug][gc,phases] GC(22)   JNI Weak                       Min:  0.0, Avg:  0.0, Max:  0.0, Diff:  0.0, Sum:  0.0, Workers: 8
[2025-06-17T23:29:26.014+0300][2060][1928 ][debug][gc,phases] GC(22)     Dead                           Min: 0, Avg:  0.0, Max: 0, Diff: 0, Sum: 0, Workers: 8
[2025-06-17T23:29:26.014+0300][2060][1928 ][debug][gc,phases] GC(22)     Total                          Min: 0, Avg:  0.0, Max: 0, Diff: 0, Sum: 0, Workers: 8
[2025-06-17T23:29:26.014+0300][2060][1928 ][debug][gc,phases] GC(22)   StringDedup Table Weak         Min:  0.0, Avg:  0.0, Max:  0.0, Diff:  0.0, Sum:  0.0, Workers: 8
[2025-06-17T23:29:26.014+0300][2060][1928 ][debug][gc,phases] GC(22)     Dead                           Min: 0, Avg:  0.0, Max: 0, Diff: 0, Sum: 0, Workers: 8
[2025-06-17T23:29:26.014+0300][2060][1928 ][debug][gc,phases] GC(22)     Total                          Min: 0, Avg:  0.0, Max: 0, Diff: 0, Sum: 0, Workers: 8
[2025-06-17T23:29:26.014+0300][2060][1928 ][debug][gc,phases] GC(22)   StringDedup Requests0 Weak     Min:  0.0, Avg:  0.0, Max:  0.0, Diff:  0.0, Sum:  0.0, Workers: 8
[2025-06-17T23:29:26.014+0300][2060][1928 ][debug][gc,phases] GC(22)     Dead                           Min: 0, Avg:  0.0, Max: 0, Diff: 0, Sum: 0, Workers: 8
[2025-06-17T23:29:26.014+0300][2060][1928 ][debug][gc,phases] GC(22)     Total                          Min: 0, Avg:  0.0, Max: 0, Diff: 0, Sum: 0, Workers: 8
[2025-06-17T23:29:26.014+0300][2060][1928 ][debug][gc,phases] GC(22)   StringDedup Requests1 Weak     Min:  0.0, Avg:  0.0, Max:  0.0, Diff:  0.0, Sum:  0.0, Workers: 8
[2025-06-17T23:29:26.014+0300][2060][1928 ][debug][gc,phases] GC(22)     Dead                           Min: 0, Avg:  0.0, Max: 0, Diff: 0, Sum: 0, Workers: 8
[2025-06-17T23:29:26.014+0300][2060][1928 ][debug][gc,phases] GC(22)     Total                          Min: 0, Avg:  0.0, Max: 0, Diff: 0, Sum: 0, Workers: 8
[2025-06-17T23:29:26.014+0300][2060][1928 ][debug][gc,phases] GC(22)   Weak JFR Old Object Samples    Min:  0.0, Avg:  0.0, Max:  0.0, Diff:  0.0, Sum:  0.0, Workers: 8
[2025-06-17T23:29:26.014+0300][2060][1928 ][debug][gc,phases] GC(22)     Dead                           Min: 0, Avg:  0.0, Max: 0, Diff: 0, Sum: 0, Workers: 8
[2025-06-17T23:29:26.014+0300][2060][1928 ][debug][gc,phases] GC(22)     Total                          Min: 0, Avg:  0.0, Max: 0, Diff: 0, Sum: 0, Workers: 8
[2025-06-17T23:29:26.014+0300][2060][1928 ][debug][gc,phases] GC(22) Weak Processing 0.734ms
[2025-06-17T23:29:26.014+0300][2060][1928 ][info ][gc,heap  ] GC(22) PSYoungGen: 4170336K(4182016K)->608K(4183040K) Eden: 4169728K(4169728K)->0K(4171264K) From: 608K(12288K)->608K(11776K)
[2025-06-17T23:29:26.014+0300][2060][1928 ][info ][gc,heap  ] GC(22) ParOldGen: 16471K(8388608K)->16527K(8388608K)
[2025-06-17T23:29:26.014+0300][2060][1928 ][info ][gc       ] GC(22) Pause Young (Allocation Failure) 4088M->16M(12277M) 1.448ms
[2025-06-17T23:29:26.014+0300][2060][1928 ][debug][gc,heap  ] GC(22) Heap after GC invocations=23 (full 3):
[2025-06-17T23:29:26.014+0300][2060][1928 ][debug][gc,heap  ] GC(22)  PSYoungGen      total 4183040K, used 608K [0x0000000700000000, 0x0000000800000000, 0x0000000800000000)
[2025-06-17T23:29:26.014+0300][2060][1928 ][debug][gc,heap  ] GC(22)   eden space 4171264K, 0% used [0x0000000700000000,0x0000000700000000,0x00000007fe980000)
[2025-06-17T23:29:26.014+0300][2060][1928 ][debug][gc,heap  ] GC(22)   from space 11776K, 5% used [0x00000007ff480000,0x00000007ff5180c0,0x0000000800000000)
[2025-06-17T23:29:26.014+0300][2060][1928 ][debug][gc,heap  ] GC(22)   to   space 11264K, 0% used [0x00000007fe980000,0x00000007fe980000,0x00000007ff480000)
[2025-06-17T23:29:26.014+0300][2060][1928 ][debug][gc,heap  ] GC(22)  ParOldGen       total 8388608K, used 16527K [0x0000000500000000, 0x0000000700000000, 0x0000000700000000)
[2025-06-17T23:29:26.014+0300][2060][1928 ][debug][gc,heap  ] GC(22)   object space 8388608K, 0% used [0x0000000500000000,0x0000000501023fa0,0x0000000700000000)
[2025-06-17T23:29:26.014+0300][2060][1928 ][debug][gc,heap  ] GC(22)  Metaspace       used 8740K, committed 9792K, reserved 1114112K
[2025-06-17T23:29:26.014+0300][2060][1928 ][debug][gc,heap  ] GC(22)   class space    used 875K, committed 1280K, reserved 1048576K
[2025-06-17T23:29:26.014+0300][2060][1928 ][info ][safepoint] Safepoint "ParallelGCFailedAllocation", Time since last: 1448646300 ns, Reaching safepoint: 423700 ns, Cleanup: 13700 ns, At safepoint: 1993200 ns, Total: 2430600 ns
[2025-06-17T23:29:27.119+0300][2060][1928 ][debug][safepoint] Safepoint synchronization initiated using striped semaphore wait barrier. (11 threads)
