[2025-05-18T20:28:24.356+0300][18868][17040][info][gc,init] CardTable entry size: 512
[2025-05-18T20:28:24.356+0300][18868][17040][info][gc     ] Using Parallel
[2025-05-18T20:28:24.362+0300][18868][17040][info][gc,init] Version: 21.0.6+8-LTS-188 (release)
[2025-05-18T20:28:24.362+0300][18868][17040][info][gc,init] CPUs: 8 total, 8 available
[2025-05-18T20:28:24.362+0300][18868][17040][info][gc,init] Memory: 16183M
[2025-05-18T20:28:24.362+0300][18868][17040][info][gc,init] Large Page Support: Disabled
[2025-05-18T20:28:24.362+0300][18868][17040][info][gc,init] NUMA Support: Disabled
[2025-05-18T20:28:24.364+0300][18868][17040][info][gc,init] Compressed Oops: Enabled (Zero based)
[2025-05-18T20:28:24.364+0300][18868][17040][info][gc,init] Alignments: Space 512K, Generation 512K, Heap 2M
[2025-05-18T20:28:24.364+0300][18868][17040][info][gc,init] Heap Min Capacity: 4G
[2025-05-18T20:28:24.364+0300][18868][17040][info][gc,init] Heap Initial Capacity: 4G
[2025-05-18T20:28:24.364+0300][18868][17040][info][gc,init] Heap Max Capacity: 4G
[2025-05-18T20:28:24.364+0300][18868][17040][info][gc,init] Pre-touch: Disabled
[2025-05-18T20:28:24.364+0300][18868][17040][info][gc,init] Parallel Workers: 8
[2025-05-18T20:28:24.372+0300][18868][17040][info][gc,metaspace] CDS archive(s) mapped at: [0x0000027933000000-0x0000027933c90000-0x0000027933c90000), size 13172736, SharedBaseAddress: 0x0000027933000000, ArchiveRelocationMode: 1.
[2025-05-18T20:28:24.372+0300][18868][17040][info][gc,metaspace] Compressed class space mapped at: 0x0000027934000000-0x0000027974000000, reserved size: 1073741824
[2025-05-18T20:28:24.372+0300][18868][17040][info][gc,metaspace] Narrow klass base: 0x0000027933000000, Narrow klass shift: 0, Narrow klass range: 0x100000000
[2025-05-18T20:28:29.996+0300][18868][16672][info][gc,start    ] GC(0) Pause Young (System.gc())
[2025-05-18T20:28:29.999+0300][18868][16672][info][gc,heap     ] GC(0) PSYoungGen: 230943K(1223168K)->3058K(1223168K) Eden: 230943K(1048576K)->0K(1048576K) From: 0K(174592K)->3058K(174592K)
[2025-05-18T20:28:29.999+0300][18868][16672][info][gc,heap     ] GC(0) ParOldGen: 0K(2796544K)->16K(2796544K)
[2025-05-18T20:28:29.999+0300][18868][16672][info][gc,metaspace] GC(0) Metaspace: 2847K(3008K)->2847K(3008K) NonClass: 2593K(2688K)->2593K(2688K) Class: 254K(320K)->254K(320K)
[2025-05-18T20:28:29.999+0300][18868][16672][info][gc          ] GC(0) Pause Young (System.gc()) 225M->3M(3925M) 2.542ms
[2025-05-18T20:28:29.999+0300][18868][16672][info][gc,cpu      ] GC(0) User=0.08s Sys=0.05s Real=0.00s
[2025-05-18T20:28:29.999+0300][18868][16672][info][gc,start    ] GC(1) Pause Full (System.gc())
[2025-05-18T20:28:29.999+0300][18868][16672][info][gc,phases,start] GC(1) Marking Phase
[2025-05-18T20:28:30.001+0300][18868][16672][info][gc,phases      ] GC(1) Marking Phase 2.329ms
[2025-05-18T20:28:30.001+0300][18868][16672][info][gc,phases,start] GC(1) Summary Phase
[2025-05-18T20:28:30.001+0300][18868][16672][info][gc,phases      ] GC(1) Summary Phase 0.009ms
[2025-05-18T20:28:30.001+0300][18868][16672][info][gc,phases,start] GC(1) Adjust Roots
[2025-05-18T20:28:30.002+0300][18868][16672][info][gc,phases      ] GC(1) Adjust Roots 0.986ms
[2025-05-18T20:28:30.002+0300][18868][16672][info][gc,phases,start] GC(1) Compaction Phase
[2025-05-18T20:28:30.005+0300][18868][16672][info][gc,phases      ] GC(1) Compaction Phase 2.716ms
[2025-05-18T20:28:30.005+0300][18868][16672][info][gc,phases,start] GC(1) Post Compact
[2025-05-18T20:28:30.005+0300][18868][16672][info][gc,phases      ] GC(1) Post Compact 0.247ms
[2025-05-18T20:28:30.005+0300][18868][16672][info][gc,heap        ] GC(1) PSYoungGen: 3058K(1223168K)->0K(1223168K) Eden: 0K(1048576K)->0K(1048576K) From: 3058K(174592K)->0K(174592K)
[2025-05-18T20:28:30.005+0300][18868][16672][info][gc,heap        ] GC(1) ParOldGen: 16K(2796544K)->2948K(2796544K)
[2025-05-18T20:28:30.005+0300][18868][16672][info][gc,metaspace   ] GC(1) Metaspace: 2847K(3008K)->2847K(3008K) NonClass: 2593K(2688K)->2593K(2688K) Class: 254K(320K)->254K(320K)
[2025-05-18T20:28:30.005+0300][18868][16672][info][gc             ] GC(1) Pause Full (System.gc()) 3M->2M(3925M) 6.470ms
[2025-05-18T20:28:30.005+0300][18868][16672][info][gc,cpu         ] GC(1) User=0.00s Sys=0.00s Real=0.01s
[2025-05-18T20:28:31.104+0300][18868][16672][info][gc,start       ] GC(2) Pause Young (Allocation Failure)
[2025-05-18T20:28:31.106+0300][18868][16672][info][gc,heap        ] GC(2) PSYoungGen: 1048576K(1223168K)->7776K(1223168K) Eden: 1048576K(1048576K)->0K(1048576K) From: 0K(174592K)->7776K(174592K)
[2025-05-18T20:28:31.106+0300][18868][16672][info][gc,heap        ] GC(2) ParOldGen: 2948K(2796544K)->3110K(2796544K)
[2025-05-18T20:28:31.106+0300][18868][16672][info][gc,metaspace   ] GC(2) Metaspace: 8781K(9344K)->8781K(9344K) NonClass: 7815K(8128K)->7815K(8128K) Class: 966K(1216K)->966K(1216K)
[2025-05-18T20:28:31.106+0300][18868][16672][info][gc             ] GC(2) Pause Young (Allocation Failure) 1026M->10M(3925M) 2.425ms
[2025-05-18T20:28:31.106+0300][18868][16672][info][gc,cpu         ] GC(2) User=0.00s Sys=0.00s Real=0.00s
[2025-05-18T20:28:31.672+0300][18868][16672][info][gc,start       ] GC(3) Pause Young (Allocation Failure)
[2025-05-18T20:28:31.673+0300][18868][16672][info][gc,heap        ] GC(3) PSYoungGen: 1056352K(1223168K)->7776K(1223168K) Eden: 1048576K(1048576K)->0K(1048576K) From: 7776K(174592K)->7776K(174592K)
[2025-05-18T20:28:31.673+0300][18868][16672][info][gc,heap        ] GC(3) ParOldGen: 3110K(2796544K)->3135K(2796544K)
[2025-05-18T20:28:31.673+0300][18868][16672][info][gc,metaspace   ] GC(3) Metaspace: 8832K(9408K)->8832K(9408K) NonClass: 7864K(8192K)->7864K(8192K) Class: 967K(1216K)->967K(1216K)
[2025-05-18T20:28:31.673+0300][18868][16672][info][gc             ] GC(3) Pause Young (Allocation Failure) 1034M->10M(3925M) 1.462ms
[2025-05-18T20:28:31.673+0300][18868][16672][info][gc,cpu         ] GC(3) User=0.00s Sys=0.00s Real=0.00s
[2025-05-18T20:28:32.070+0300][18868][16672][info][gc,start       ] GC(4) Pause Young (Allocation Failure)
[2025-05-18T20:28:32.072+0300][18868][16672][info][gc,heap        ] GC(4) PSYoungGen: 1056352K(1223168K)->7792K(1223168K) Eden: 1048576K(1048576K)->0K(1048576K) From: 7776K(174592K)->7792K(174592K)
[2025-05-18T20:28:32.072+0300][18868][16672][info][gc,heap        ] GC(4) ParOldGen: 3135K(2796544K)->3143K(2796544K)
[2025-05-18T20:28:32.072+0300][18868][16672][info][gc,metaspace   ] GC(4) Metaspace: 8870K(9472K)->8870K(9472K) NonClass: 7902K(8256K)->7902K(8256K) Class: 967K(1216K)->967K(1216K)
[2025-05-18T20:28:32.072+0300][18868][16672][info][gc             ] GC(4) Pause Young (Allocation Failure) 1034M->10M(3925M) 1.192ms
[2025-05-18T20:28:32.072+0300][18868][16672][info][gc,cpu         ] GC(4) User=0.00s Sys=0.00s Real=0.00s
[2025-05-18T20:28:32.377+0300][18868][16672][info][gc,start       ] GC(5) Pause Young (Allocation Failure)
[2025-05-18T20:28:32.378+0300][18868][16672][info][gc,heap        ] GC(5) PSYoungGen: 1056368K(1223168K)->7696K(1223168K) Eden: 1048576K(1048576K)->0K(1048576K) From: 7792K(174592K)->7696K(174592K)
[2025-05-18T20:28:32.378+0300][18868][16672][info][gc,heap        ] GC(5) ParOldGen: 3143K(2796544K)->3151K(2796544K)
[2025-05-18T20:28:32.378+0300][18868][16672][info][gc,metaspace   ] GC(5) Metaspace: 8880K(9472K)->8880K(9472K) NonClass: 7913K(8256K)->7913K(8256K) Class: 967K(1216K)->967K(1216K)
[2025-05-18T20:28:32.378+0300][18868][16672][info][gc             ] GC(5) Pause Young (Allocation Failure) 1034M->10M(3925M) 1.173ms
[2025-05-18T20:28:32.378+0300][18868][16672][info][gc,cpu         ] GC(5) User=0.00s Sys=0.00s Real=0.00s
[2025-05-18T20:28:32.692+0300][18868][16672][info][gc,start       ] GC(6) Pause Young (Allocation Failure)
[2025-05-18T20:28:32.693+0300][18868][16672][info][gc,heap        ] GC(6) PSYoungGen: 1056272K(1223168K)->7648K(1387008K) Eden: 1048576K(1048576K)->0K(1212416K) From: 7696K(174592K)->7648K(174592K)
[2025-05-18T20:28:32.693+0300][18868][16672][info][gc,heap        ] GC(6) ParOldGen: 3151K(2796544K)->3159K(2796544K)
[2025-05-18T20:28:32.693+0300][18868][16672][info][gc,metaspace   ] GC(6) Metaspace: 8900K(9472K)->8900K(9472K) NonClass: 7933K(8256K)->7933K(8256K) Class: 967K(1216K)->967K(1216K)
[2025-05-18T20:28:32.693+0300][18868][16672][info][gc             ] GC(6) Pause Young (Allocation Failure) 1034M->10M(4085M) 1.594ms
[2025-05-18T20:28:32.693+0300][18868][16672][info][gc,cpu         ] GC(6) User=0.00s Sys=0.00s Real=0.00s
[2025-05-18T20:28:33.050+0300][18868][16672][info][gc,start       ] GC(7) Pause Young (Allocation Failure)
[2025-05-18T20:28:33.053+0300][18868][16672][info][gc,heap        ] GC(7) PSYoungGen: 1220064K(1387008K)->7696K(1223168K) Eden: 1212416K(1212416K)->0K(1212416K) From: 7648K(174592K)->7696K(10752K)
[2025-05-18T20:28:33.053+0300][18868][16672][info][gc,heap        ] GC(7) ParOldGen: 3159K(2796544K)->3167K(2796544K)
[2025-05-18T20:28:33.053+0300][18868][16672][info][gc,metaspace   ] GC(7) Metaspace: 8902K(9472K)->8902K(9472K) NonClass: 7934K(8256K)->7934K(8256K) Class: 967K(1216K)->967K(1216K)
[2025-05-18T20:28:33.053+0300][18868][16672][info][gc             ] GC(7) Pause Young (Allocation Failure) 1194M->10M(3925M) 1.821ms
[2025-05-18T20:28:33.053+0300][18868][16672][info][gc,cpu         ] GC(7) User=0.00s Sys=0.00s Real=0.00s
[2025-05-18T20:28:33.480+0300][18868][16672][info][gc,start       ] GC(8) Pause Young (Allocation Failure)
[2025-05-18T20:28:33.482+0300][18868][16672][info][gc,heap        ] GC(8) PSYoungGen: 1220112K(1223168K)->576K(1385472K) Eden: 1212416K(1212416K)->0K(1375232K) From: 7696K(10752K)->576K(10240K)
[2025-05-18T20:28:33.482+0300][18868][16672][info][gc,heap        ] GC(8) ParOldGen: 3167K(2796544K)->10257K(2796544K)
[2025-05-18T20:28:33.482+0300][18868][16672][info][gc,metaspace   ] GC(8) Metaspace: 8902K(9472K)->8902K(9472K) NonClass: 7934K(8256K)->7934K(8256K) Class: 967K(1216K)->967K(1216K)
[2025-05-18T20:28:33.482+0300][18868][16672][info][gc             ] GC(8) Pause Young (Allocation Failure) 1194M->10M(4084M) 2.076ms
[2025-05-18T20:28:33.482+0300][18868][16672][info][gc,cpu         ] GC(8) User=0.00s Sys=0.00s Real=0.00s
[2025-05-18T20:28:34.031+0300][18868][16672][info][gc,start       ] GC(9) Pause Young (Allocation Failure)
[2025-05-18T20:28:34.032+0300][18868][16672][info][gc,heap        ] GC(9) PSYoungGen: 1375808K(1385472K)->512K(1376256K) Eden: 1375232K(1375232K)->0K(1375232K) From: 576K(10240K)->512K(1024K)
[2025-05-18T20:28:34.032+0300][18868][16672][info][gc,heap        ] GC(9) ParOldGen: 10257K(2796544K)->10297K(2796544K)
[2025-05-18T20:28:34.032+0300][18868][16672][info][gc,metaspace   ] GC(9) Metaspace: 8902K(9472K)->8902K(9472K) NonClass: 7934K(8256K)->7934K(8256K) Class: 967K(1216K)->967K(1216K)
[2025-05-18T20:28:34.032+0300][18868][16672][info][gc             ] GC(9) Pause Young (Allocation Failure) 1353M->10M(4075M) 0.948ms
[2025-05-18T20:28:34.032+0300][18868][16672][info][gc,cpu         ] GC(9) User=0.00s Sys=0.00s Real=0.00s
[2025-05-18T20:28:34.594+0300][18868][16672][info][gc,start       ] GC(10) Pause Young (Allocation Failure)
[2025-05-18T20:28:34.595+0300][18868][16672][info][gc,heap        ] GC(10) PSYoungGen: 1375744K(1376256K)->592K(1384960K) Eden: 1375232K(1375232K)->0K(1373184K) From: 512K(1024K)->592K(11776K)
[2025-05-18T20:28:34.595+0300][18868][16672][info][gc,heap        ] GC(10) ParOldGen: 10297K(2796544K)->10321K(2796544K)
[2025-05-18T20:28:34.595+0300][18868][16672][info][gc,metaspace   ] GC(10) Metaspace: 8904K(9472K)->8904K(9472K) NonClass: 7936K(8256K)->7936K(8256K) Class: 967K(1216K)->967K(1216K)
[2025-05-18T20:28:34.595+0300][18868][16672][info][gc             ] GC(10) Pause Young (Allocation Failure) 1353M->10M(4083M) 0.921ms
[2025-05-18T20:28:34.595+0300][18868][16672][info][gc,cpu         ] GC(10) User=0.00s Sys=0.00s Real=0.00s
[2025-05-18T20:28:35.146+0300][18868][16672][info][gc,start       ] GC(11) Pause Young (Allocation Failure)
[2025-05-18T20:28:35.146+0300][18868][16672][info][gc,heap        ] GC(11) PSYoungGen: 1373776K(1384960K)->592K(1385472K) Eden: 1373184K(1373184K)->0K(1373184K) From: 592K(11776K)->592K(12288K)
[2025-05-18T20:28:35.146+0300][18868][16672][info][gc,heap        ] GC(11) ParOldGen: 10321K(2796544K)->10345K(2796544K)
[2025-05-18T20:28:35.146+0300][18868][16672][info][gc,metaspace   ] GC(11) Metaspace: 8904K(9472K)->8904K(9472K) NonClass: 7936K(8256K)->7936K(8256K) Class: 967K(1216K)->967K(1216K)
[2025-05-18T20:28:35.146+0300][18868][16672][info][gc             ] GC(11) Pause Young (Allocation Failure) 1351M->10M(4084M) 0.748ms
[2025-05-18T20:28:35.146+0300][18868][16672][info][gc,cpu         ] GC(11) User=0.00s Sys=0.00s Real=0.00s
[2025-05-18T20:28:35.663+0300][18868][16672][info][gc,start       ] GC(12) Pause Young (Allocation Failure)
[2025-05-18T20:28:35.664+0300][18868][16672][info][gc,heap        ] GC(12) PSYoungGen: 1373776K(1385472K)->576K(1385472K) Eden: 1373184K(1373184K)->0K(1373184K) From: 592K(12288K)->576K(12288K)
[2025-05-18T20:28:35.664+0300][18868][16672][info][gc,heap        ] GC(12) ParOldGen: 10345K(2796544K)->10409K(2796544K)
[2025-05-18T20:28:35.664+0300][18868][16672][info][gc,metaspace   ] GC(12) Metaspace: 8904K(9472K)->8904K(9472K) NonClass: 7936K(8256K)->7936K(8256K) Class: 967K(1216K)->967K(1216K)
[2025-05-18T20:28:35.664+0300][18868][16672][info][gc             ] GC(12) Pause Young (Allocation Failure) 1351M->10M(4084M) 0.778ms
[2025-05-18T20:28:35.664+0300][18868][16672][info][gc,cpu         ] GC(12) User=0.00s Sys=0.00s Real=0.00s
[2025-05-18T20:28:36.149+0300][18868][16672][info][gc,start       ] GC(13) Pause Young (Allocation Failure)
[2025-05-18T20:28:36.149+0300][18868][16672][info][gc,heap        ] GC(13) PSYoungGen: 1373760K(1385472K)->576K(1385472K) Eden: 1373184K(1373184K)->0K(1373184K) From: 576K(12288K)->576K(12288K)
[2025-05-18T20:28:36.149+0300][18868][16672][info][gc,heap        ] GC(13) ParOldGen: 10409K(2796544K)->10473K(2796544K)
[2025-05-18T20:28:36.149+0300][18868][16672][info][gc,metaspace   ] GC(13) Metaspace: 8908K(9472K)->8908K(9472K) NonClass: 7940K(8256K)->7940K(8256K) Class: 967K(1216K)->967K(1216K)
[2025-05-18T20:28:36.149+0300][18868][16672][info][gc             ] GC(13) Pause Young (Allocation Failure) 1351M->10M(4084M) 0.747ms
[2025-05-18T20:28:36.149+0300][18868][16672][info][gc,cpu         ] GC(13) User=0.00s Sys=0.00s Real=0.00s
[2025-05-18T20:28:36.661+0300][18868][16672][info][gc,start       ] GC(14) Pause Young (Allocation Failure)
[2025-05-18T20:28:36.662+0300][18868][16672][info][gc,heap        ] GC(14) PSYoungGen: 1373760K(1385472K)->576K(1385984K) Eden: 1373184K(1373184K)->0K(1373696K) From: 576K(12288K)->576K(12288K)
[2025-05-18T20:28:36.662+0300][18868][16672][info][gc,heap        ] GC(14) ParOldGen: 10473K(2796544K)->10537K(2796544K)
[2025-05-18T20:28:36.662+0300][18868][16672][info][gc,metaspace   ] GC(14) Metaspace: 8908K(9472K)->8908K(9472K) NonClass: 7940K(8256K)->7940K(8256K) Class: 967K(1216K)->967K(1216K)
[2025-05-18T20:28:36.662+0300][18868][16672][info][gc             ] GC(14) Pause Young (Allocation Failure) 1351M->10M(4084M) 0.805ms
[2025-05-18T20:28:36.662+0300][18868][16672][info][gc,cpu         ] GC(14) User=0.00s Sys=0.00s Real=0.00s
[2025-05-18T20:28:37.156+0300][18868][16672][info][gc,start       ] GC(15) Pause Young (Allocation Failure)
[2025-05-18T20:28:37.156+0300][18868][16672][info][gc,heap        ] GC(15) PSYoungGen: 1374272K(1385984K)->560K(1385472K) Eden: 1373696K(1373696K)->0K(1373696K) From: 576K(12288K)->560K(11776K)
[2025-05-18T20:28:37.156+0300][18868][16672][info][gc,heap        ] GC(15) ParOldGen: 10537K(2796544K)->10585K(2796544K)
[2025-05-18T20:28:37.156+0300][18868][16672][info][gc,metaspace   ] GC(15) Metaspace: 8908K(9472K)->8908K(9472K) NonClass: 7940K(8256K)->7940K(8256K) Class: 967K(1216K)->967K(1216K)
[2025-05-18T20:28:37.156+0300][18868][16672][info][gc             ] GC(15) Pause Young (Allocation Failure) 1352M->10M(4084M) 0.588ms
[2025-05-18T20:28:37.156+0300][18868][16672][info][gc,cpu         ] GC(15) User=0.00s Sys=0.00s Real=0.00s
[2025-05-18T20:28:37.672+0300][18868][16672][info][gc,start       ] GC(16) Pause Young (Allocation Failure)
[2025-05-18T20:28:37.673+0300][18868][16672][info][gc,heap        ] GC(16) PSYoungGen: 1374256K(1385472K)->592K(1386496K) Eden: 1373696K(1373696K)->0K(1374720K) From: 560K(11776K)->592K(11776K)
[2025-05-18T20:28:37.673+0300][18868][16672][info][gc,heap        ] GC(16) ParOldGen: 10585K(2796544K)->10641K(2796544K)
[2025-05-18T20:28:37.673+0300][18868][16672][info][gc,metaspace   ] GC(16) Metaspace: 8908K(9472K)->8908K(9472K) NonClass: 7940K(8256K)->7940K(8256K) Class: 967K(1216K)->967K(1216K)
[2025-05-18T20:28:37.673+0300][18868][16672][info][gc             ] GC(16) Pause Young (Allocation Failure) 1352M->10M(4085M) 0.794ms
[2025-05-18T20:28:37.673+0300][18868][16672][info][gc,cpu         ] GC(16) User=0.00s Sys=0.00s Real=0.00s
[2025-05-18T20:28:38.170+0300][18868][16672][info][gc,start       ] GC(17) Pause Young (Allocation Failure)
[2025-05-18T20:28:38.171+0300][18868][16672][info][gc,heap        ] GC(17) PSYoungGen: 1375312K(1386496K)->512K(1385984K) Eden: 1374720K(1374720K)->0K(1374720K) From: 592K(11776K)->512K(11264K)
[2025-05-18T20:28:38.171+0300][18868][16672][info][gc,heap        ] GC(17) ParOldGen: 10641K(2796544K)->10673K(2796544K)
[2025-05-18T20:28:38.171+0300][18868][16672][info][gc,metaspace   ] GC(17) Metaspace: 8908K(9472K)->8908K(9472K) NonClass: 7940K(8256K)->7940K(8256K) Class: 967K(1216K)->967K(1216K)
[2025-05-18T20:28:38.171+0300][18868][16672][info][gc             ] GC(17) Pause Young (Allocation Failure) 1353M->10M(4084M) 0.800ms
[2025-05-18T20:28:38.171+0300][18868][16672][info][gc,cpu         ] GC(17) User=0.00s Sys=0.00s Real=0.00s
[2025-05-18T20:28:38.736+0300][18868][16672][info][gc,start       ] GC(18) Pause Young (Allocation Failure)
[2025-05-18T20:28:38.737+0300][18868][16672][info][gc,heap        ] GC(18) PSYoungGen: 1375232K(1385984K)->480K(1387520K) Eden: 1374720K(1374720K)->0K(1376768K) From: 512K(11264K)->480K(10752K)
[2025-05-18T20:28:38.737+0300][18868][16672][info][gc,heap        ] GC(18) ParOldGen: 10673K(2796544K)->10729K(2796544K)
[2025-05-18T20:28:38.737+0300][18868][16672][info][gc,metaspace   ] GC(18) Metaspace: 8909K(9472K)->8909K(9472K) NonClass: 7942K(8256K)->7942K(8256K) Class: 967K(1216K)->967K(1216K)
[2025-05-18T20:28:38.737+0300][18868][16672][info][gc             ] GC(18) Pause Young (Allocation Failure) 1353M->10M(4086M) 0.623ms
[2025-05-18T20:28:38.737+0300][18868][16672][info][gc,cpu         ] GC(18) User=0.00s Sys=0.00s Real=0.00s
[2025-05-18T20:28:39.213+0300][18868][16672][info][gc,start       ] GC(19) Pause Young (Allocation Failure)
[2025-05-18T20:28:39.214+0300][18868][16672][info][gc,heap        ] GC(19) PSYoungGen: 1377248K(1387520K)->496K(1387008K) Eden: 1376768K(1376768K)->0K(1376768K) From: 480K(10752K)->496K(10240K)
[2025-05-18T20:28:39.214+0300][18868][16672][info][gc,heap        ] GC(19) ParOldGen: 10729K(2796544K)->10761K(2796544K)
[2025-05-18T20:28:39.214+0300][18868][16672][info][gc,metaspace   ] GC(19) Metaspace: 8909K(9472K)->8909K(9472K) NonClass: 7942K(8256K)->7942K(8256K) Class: 967K(1216K)->967K(1216K)
[2025-05-18T20:28:39.214+0300][18868][16672][info][gc             ] GC(19) Pause Young (Allocation Failure) 1355M->10M(4085M) 0.831ms
[2025-05-18T20:28:39.214+0300][18868][16672][info][gc,cpu         ] GC(19) User=0.00s Sys=0.00s Real=0.00s
[2025-05-18T20:28:40.011+0300][18868][16672][info][gc,start       ] GC(20) Pause Young (System.gc())
[2025-05-18T20:28:40.011+0300][18868][16672][info][gc,heap        ] GC(20) PSYoungGen: 1054561K(1387008K)->224K(1388032K) Eden: 1054065K(1376768K)->0K(1377792K) From: 496K(10240K)->224K(10240K)
[2025-05-18T20:28:40.011+0300][18868][16672][info][gc,heap        ] GC(20) ParOldGen: 10761K(2796544K)->10817K(2796544K)
[2025-05-18T20:28:40.011+0300][18868][16672][info][gc,metaspace   ] GC(20) Metaspace: 9088K(9664K)->9088K(9664K) NonClass: 8103K(8448K)->8103K(8448K) Class: 985K(1216K)->985K(1216K)
[2025-05-18T20:28:40.011+0300][18868][16672][info][gc             ] GC(20) Pause Young (System.gc()) 1040M->10M(4086M) 0.562ms
[2025-05-18T20:28:40.011+0300][18868][16672][info][gc,cpu         ] GC(20) User=0.00s Sys=0.00s Real=0.00s
[2025-05-18T20:28:40.011+0300][18868][16672][info][gc,start       ] GC(21) Pause Full (System.gc())
[2025-05-18T20:28:40.011+0300][18868][16672][info][gc,phases,start] GC(21) Marking Phase
[2025-05-18T20:28:40.021+0300][18868][16672][info][gc,phases      ] GC(21) Marking Phase 8.593ms
[2025-05-18T20:28:40.021+0300][18868][16672][info][gc,phases,start] GC(21) Summary Phase
[2025-05-18T20:28:40.021+0300][18868][16672][info][gc,phases      ] GC(21) Summary Phase 0.014ms
[2025-05-18T20:28:40.021+0300][18868][16672][info][gc,phases,start] GC(21) Adjust Roots
[2025-05-18T20:28:40.024+0300][18868][16672][info][gc,phases      ] GC(21) Adjust Roots 3.350ms
[2025-05-18T20:28:40.024+0300][18868][16672][info][gc,phases,start] GC(21) Compaction Phase
[2025-05-18T20:28:40.027+0300][18868][16672][info][gc,phases      ] GC(21) Compaction Phase 3.174ms
[2025-05-18T20:28:40.028+0300][18868][16672][info][gc,phases,start] GC(21) Post Compact
[2025-05-18T20:28:40.028+0300][18868][16672][info][gc,phases      ] GC(21) Post Compact 0.598ms
[2025-05-18T20:28:40.028+0300][18868][16672][info][gc,heap        ] GC(21) PSYoungGen: 224K(1388032K)->0K(1388032K) Eden: 0K(1377792K)->0K(1377792K) From: 224K(10240K)->0K(10240K)
[2025-05-18T20:28:40.028+0300][18868][16672][info][gc,heap        ] GC(21) ParOldGen: 10817K(2796544K)->9915K(2796544K)
[2025-05-18T20:28:40.028+0300][18868][16672][info][gc,metaspace   ] GC(21) Metaspace: 9088K(9664K)->8662K(9664K) NonClass: 8103K(8448K)->7794K(8448K) Class: 985K(1216K)->868K(1216K)
[2025-05-18T20:28:40.028+0300][18868][16672][info][gc             ] GC(21) Pause Full (System.gc()) 10M->9M(4086M) 16.019ms
[2025-05-18T20:28:40.028+0300][18868][16672][info][gc,cpu         ] GC(21) User=0.09s Sys=0.03s Real=0.02s
[2025-05-18T20:28:40.521+0300][18868][16672][info][gc,start       ] GC(22) Pause Young (Allocation Failure)
[2025-05-18T20:28:40.522+0300][18868][16672][info][gc,heap        ] GC(22) PSYoungGen: 1377792K(1388032K)->7024K(1384960K) Eden: 1377792K(1377792K)->0K(1377792K) From: 0K(10240K)->7024K(7168K)
[2025-05-18T20:28:40.522+0300][18868][16672][info][gc,heap        ] GC(22) ParOldGen: 9915K(2796544K)->9915K(2796544K)
[2025-05-18T20:28:40.522+0300][18868][16672][info][gc,metaspace   ] GC(22) Metaspace: 8662K(9664K)->8662K(9664K) NonClass: 7794K(8448K)->7794K(8448K) Class: 868K(1216K)->868K(1216K)
[2025-05-18T20:28:40.522+0300][18868][16672][info][gc             ] GC(22) Pause Young (Allocation Failure) 1355M->16M(4083M) 1.561ms
[2025-05-18T20:28:40.522+0300][18868][16672][info][gc,cpu         ] GC(22) User=0.00s Sys=0.00s Real=0.00s
[2025-05-18T20:28:40.945+0300][18868][16672][info][gc,start       ] GC(23) Pause Young (Allocation Failure)
[2025-05-18T20:28:40.947+0300][18868][16672][info][gc,heap        ] GC(23) PSYoungGen: 1384816K(1384960K)->576K(1387520K) Eden: 1377792K(1377792K)->0K(1376768K) From: 7024K(7168K)->576K(10752K)
[2025-05-18T20:28:40.947+0300][18868][16672][info][gc,heap        ] GC(23) ParOldGen: 9915K(2796544K)->16334K(2796544K)
[2025-05-18T20:28:40.947+0300][18868][16672][info][gc,metaspace   ] GC(23) Metaspace: 8662K(9664K)->8662K(9664K) NonClass: 7794K(8448K)->7794K(8448K) Class: 868K(1216K)->868K(1216K)
[2025-05-18T20:28:40.947+0300][18868][16672][info][gc             ] GC(23) Pause Young (Allocation Failure) 1362M->16M(4086M) 1.677ms
[2025-05-18T20:28:40.947+0300][18868][16672][info][gc,cpu         ] GC(23) User=0.00s Sys=0.00s Real=0.00s
[2025-05-18T20:28:41.410+0300][18868][16672][info][gc,start       ] GC(24) Pause Young (Allocation Failure)
[2025-05-18T20:28:41.410+0300][18868][16672][info][gc,heap        ] GC(24) PSYoungGen: 1377344K(1387520K)->640K(1387008K) Eden: 1376768K(1376768K)->0K(1376768K) From: 576K(10752K)->640K(10240K)
[2025-05-18T20:28:41.410+0300][18868][16672][info][gc,heap        ] GC(24) ParOldGen: 16334K(2796544K)->16398K(2796544K)
[2025-05-18T20:28:41.410+0300][18868][16672][info][gc,metaspace   ] GC(24) Metaspace: 8662K(9664K)->8662K(9664K) NonClass: 7794K(8448K)->7794K(8448K) Class: 868K(1216K)->868K(1216K)
[2025-05-18T20:28:41.411+0300][18868][16672][info][gc             ] GC(24) Pause Young (Allocation Failure) 1361M->16M(4085M) 0.693ms
[2025-05-18T20:28:41.411+0300][18868][16672][info][gc,cpu         ] GC(24) User=0.00s Sys=0.00s Real=0.00s
[2025-05-18T20:28:41.879+0300][18868][16672][info][gc,start       ] GC(25) Pause Young (Allocation Failure)
[2025-05-18T20:28:41.880+0300][18868][16672][info][gc,heap        ] GC(25) PSYoungGen: 1377408K(1387008K)->480K(1388544K) Eden: 1376768K(1376768K)->0K(1378816K) From: 640K(10240K)->480K(9728K)
[2025-05-18T20:28:41.880+0300][18868][16672][info][gc,heap        ] GC(25) ParOldGen: 16398K(2796544K)->16454K(2796544K)
[2025-05-18T20:28:41.880+0300][18868][16672][info][gc,metaspace   ] GC(25) Metaspace: 8662K(9664K)->8662K(9664K) NonClass: 7794K(8448K)->7794K(8448K) Class: 868K(1216K)->868K(1216K)
[2025-05-18T20:28:41.880+0300][18868][16672][info][gc             ] GC(25) Pause Young (Allocation Failure) 1361M->16M(4087M) 0.695ms
[2025-05-18T20:28:41.880+0300][18868][16672][info][gc,cpu         ] GC(25) User=0.00s Sys=0.00s Real=0.00s
[2025-05-18T20:28:42.416+0300][18868][16672][info][gc,start       ] GC(26) Pause Young (Allocation Failure)
[2025-05-18T20:28:42.417+0300][18868][16672][info][gc,heap        ] GC(26) PSYoungGen: 1379296K(1388544K)->576K(1388032K) Eden: 1378816K(1378816K)->0K(1378816K) From: 480K(9728K)->576K(9216K)
[2025-05-18T20:28:42.417+0300][18868][16672][info][gc,heap        ] GC(26) ParOldGen: 16454K(2796544K)->16518K(2796544K)
[2025-05-18T20:28:42.417+0300][18868][16672][info][gc,metaspace   ] GC(26) Metaspace: 8662K(9664K)->8662K(9664K) NonClass: 7794K(8448K)->7794K(8448K) Class: 868K(1216K)->868K(1216K)
[2025-05-18T20:28:42.417+0300][18868][16672][info][gc             ] GC(26) Pause Young (Allocation Failure) 1363M->16M(4086M) 0.632ms
[2025-05-18T20:28:42.417+0300][18868][16672][info][gc,cpu         ] GC(26) User=0.00s Sys=0.00s Real=0.00s
[2025-05-18T20:28:42.907+0300][18868][16672][info][gc,start       ] GC(27) Pause Young (Allocation Failure)
[2025-05-18T20:28:42.907+0300][18868][16672][info][gc,heap        ] GC(27) PSYoungGen: 1379392K(1388032K)->544K(1389056K) Eden: 1378816K(1378816K)->0K(1380352K) From: 576K(9216K)->544K(8704K)
[2025-05-18T20:28:42.908+0300][18868][16672][info][gc,heap        ] GC(27) ParOldGen: 16518K(2796544K)->16582K(2796544K)
[2025-05-18T20:28:42.908+0300][18868][16672][info][gc,metaspace   ] GC(27) Metaspace: 8662K(9664K)->8662K(9664K) NonClass: 7794K(8448K)->7794K(8448K) Class: 868K(1216K)->868K(1216K)
[2025-05-18T20:28:42.908+0300][18868][16672][info][gc             ] GC(27) Pause Young (Allocation Failure) 1363M->16M(4087M) 0.836ms
[2025-05-18T20:28:42.908+0300][18868][16672][info][gc,cpu         ] GC(27) User=0.00s Sys=0.00s Real=0.00s
[2025-05-18T20:28:43.402+0300][18868][16672][info][gc,start       ] GC(28) Pause Young (Allocation Failure)
[2025-05-18T20:28:43.403+0300][18868][16672][info][gc,heap        ] GC(28) PSYoungGen: 1380896K(1389056K)->464K(1389056K) Eden: 1380352K(1380352K)->0K(1380352K) From: 544K(8704K)->464K(8704K)
[2025-05-18T20:28:43.403+0300][18868][16672][info][gc,heap        ] GC(28) ParOldGen: 16582K(2796544K)->16646K(2796544K)
[2025-05-18T20:28:43.403+0300][18868][16672][info][gc,metaspace   ] GC(28) Metaspace: 8662K(9664K)->8662K(9664K) NonClass: 7794K(8448K)->7794K(8448K) Class: 868K(1216K)->868K(1216K)
[2025-05-18T20:28:43.403+0300][18868][16672][info][gc             ] GC(28) Pause Young (Allocation Failure) 1364M->16M(4087M) 0.789ms
[2025-05-18T20:28:43.403+0300][18868][16672][info][gc,cpu         ] GC(28) User=0.00s Sys=0.00s Real=0.00s
[2025-05-18T20:28:43.844+0300][18868][16672][info][gc,start       ] GC(29) Pause Young (Allocation Failure)
[2025-05-18T20:28:43.845+0300][18868][16672][info][gc,heap        ] GC(29) PSYoungGen: 1380816K(1389056K)->560K(1390080K) Eden: 1380352K(1380352K)->0K(1381888K) From: 464K(8704K)->560K(8192K)
[2025-05-18T20:28:43.845+0300][18868][16672][info][gc,heap        ] GC(29) ParOldGen: 16646K(2796544K)->16686K(2796544K)
[2025-05-18T20:28:43.845+0300][18868][16672][info][gc,metaspace   ] GC(29) Metaspace: 8662K(9664K)->8662K(9664K) NonClass: 7794K(8448K)->7794K(8448K) Class: 868K(1216K)->868K(1216K)
[2025-05-18T20:28:43.845+0300][18868][16672][info][gc             ] GC(29) Pause Young (Allocation Failure) 1364M->16M(4088M) 0.716ms
[2025-05-18T20:28:43.845+0300][18868][16672][info][gc,cpu         ] GC(29) User=0.00s Sys=0.00s Real=0.00s
[2025-05-18T20:28:44.290+0300][18868][16672][info][gc,start       ] GC(30) Pause Young (Allocation Failure)
[2025-05-18T20:28:44.290+0300][18868][16672][info][gc,heap        ] GC(30) PSYoungGen: 1382448K(1390080K)->544K(1389568K) Eden: 1381888K(1381888K)->0K(1381888K) From: 560K(8192K)->544K(7680K)
[2025-05-18T20:28:44.291+0300][18868][16672][info][gc,heap        ] GC(30) ParOldGen: 16686K(2796544K)->16758K(2796544K)
[2025-05-18T20:28:44.291+0300][18868][16672][info][gc,metaspace   ] GC(30) Metaspace: 8662K(9664K)->8662K(9664K) NonClass: 7794K(8448K)->7794K(8448K) Class: 868K(1216K)->868K(1216K)
[2025-05-18T20:28:44.291+0300][18868][16672][info][gc             ] GC(30) Pause Young (Allocation Failure) 1366M->16M(4088M) 0.785ms
[2025-05-18T20:28:44.291+0300][18868][16672][info][gc,cpu         ] GC(30) User=0.00s Sys=0.00s Real=0.00s
[2025-05-18T20:28:44.743+0300][18868][16672][info][gc,start       ] GC(31) Pause Young (Allocation Failure)
[2025-05-18T20:28:44.745+0300][18868][16672][info][gc,heap        ] GC(31) PSYoungGen: 1382432K(1389568K)->656K(1391104K) Eden: 1381888K(1381888K)->0K(1383936K) From: 544K(7680K)->656K(7168K)
[2025-05-18T20:28:44.745+0300][18868][16672][info][gc,heap        ] GC(31) ParOldGen: 16758K(2796544K)->16790K(2796544K)
[2025-05-18T20:28:44.745+0300][18868][16672][info][gc,metaspace   ] GC(31) Metaspace: 8662K(9664K)->8662K(9664K) NonClass: 7794K(8448K)->7794K(8448K) Class: 868K(1216K)->868K(1216K)
[2025-05-18T20:28:44.745+0300][18868][16672][info][gc             ] GC(31) Pause Young (Allocation Failure) 1366M->17M(4089M) 1.637ms
[2025-05-18T20:28:44.745+0300][18868][16672][info][gc,cpu         ] GC(31) User=0.00s Sys=0.00s Real=0.00s
[2025-05-18T20:28:45.199+0300][18868][16672][info][gc,start       ] GC(32) Pause Young (Allocation Failure)
[2025-05-18T20:28:45.200+0300][18868][16672][info][gc,heap        ] GC(32) PSYoungGen: 1384592K(1391104K)->480K(1390592K) Eden: 1383936K(1383936K)->0K(1383936K) From: 656K(7168K)->480K(6656K)
[2025-05-18T20:28:45.200+0300][18868][16672][info][gc,heap        ] GC(32) ParOldGen: 16790K(2796544K)->16854K(2796544K)
[2025-05-18T20:28:45.200+0300][18868][16672][info][gc,metaspace   ] GC(32) Metaspace: 8662K(9664K)->8662K(9664K) NonClass: 7794K(8448K)->7794K(8448K) Class: 868K(1216K)->868K(1216K)
[2025-05-18T20:28:45.200+0300][18868][16672][info][gc             ] GC(32) Pause Young (Allocation Failure) 1368M->16M(4089M) 0.560ms
[2025-05-18T20:28:45.200+0300][18868][16672][info][gc,cpu         ] GC(32) User=0.00s Sys=0.00s Real=0.00s
[2025-05-18T20:28:45.673+0300][18868][16672][info][gc,start       ] GC(33) Pause Young (Allocation Failure)
[2025-05-18T20:28:45.673+0300][18868][16672][info][gc,heap        ] GC(33) PSYoungGen: 1384416K(1390592K)->592K(1391616K) Eden: 1383936K(1383936K)->0K(1384960K) From: 480K(6656K)->592K(6656K)
[2025-05-18T20:28:45.673+0300][18868][16672][info][gc,heap        ] GC(33) ParOldGen: 16854K(2796544K)->16910K(2796544K)
[2025-05-18T20:28:45.673+0300][18868][16672][info][gc,metaspace   ] GC(33) Metaspace: 8662K(9664K)->8662K(9664K) NonClass: 7794K(8448K)->7794K(8448K) Class: 868K(1216K)->868K(1216K)
[2025-05-18T20:28:45.673+0300][18868][16672][info][gc             ] GC(33) Pause Young (Allocation Failure) 1368M->17M(4090M) 0.730ms
[2025-05-18T20:28:45.674+0300][18868][16672][info][gc,cpu         ] GC(33) User=0.00s Sys=0.00s Real=0.00s
[2025-05-18T20:28:46.164+0300][18868][16672][info][gc,start       ] GC(34) Pause Young (Allocation Failure)
[2025-05-18T20:28:46.166+0300][18868][16672][info][gc,heap        ] GC(34) PSYoungGen: 1385552K(1391616K)->608K(1391104K) Eden: 1384960K(1384960K)->0K(1384960K) From: 592K(6656K)->608K(6144K)
[2025-05-18T20:28:46.166+0300][18868][16672][info][gc,heap        ] GC(34) ParOldGen: 16910K(2796544K)->16974K(2796544K)
[2025-05-18T20:28:46.166+0300][18868][16672][info][gc,metaspace   ] GC(34) Metaspace: 8662K(9664K)->8662K(9664K) NonClass: 7794K(8448K)->7794K(8448K) Class: 868K(1216K)->868K(1216K)
[2025-05-18T20:28:46.166+0300][18868][16672][info][gc             ] GC(34) Pause Young (Allocation Failure) 1369M->17M(4089M) 0.899ms
[2025-05-18T20:28:46.166+0300][18868][16672][info][gc,cpu         ] GC(34) User=0.00s Sys=0.00s Real=0.00s
[2025-05-18T20:28:46.674+0300][18868][16672][info][gc,start       ] GC(35) Pause Young (Allocation Failure)
[2025-05-18T20:28:46.676+0300][18868][16672][info][gc,heap        ] GC(35) PSYoungGen: 1385568K(1391104K)->608K(1392640K) Eden: 1384960K(1384960K)->0K(1387008K) From: 608K(6144K)->608K(5632K)
[2025-05-18T20:28:46.676+0300][18868][16672][info][gc,heap        ] GC(35) ParOldGen: 16974K(2796544K)->17030K(2796544K)
[2025-05-18T20:28:46.676+0300][18868][16672][info][gc,metaspace   ] GC(35) Metaspace: 8662K(9664K)->8662K(9664K) NonClass: 7794K(8448K)->7794K(8448K) Class: 868K(1216K)->868K(1216K)
[2025-05-18T20:28:46.676+0300][18868][16672][info][gc             ] GC(35) Pause Young (Allocation Failure) 1369M->17M(4091M) 0.838ms
[2025-05-18T20:28:46.676+0300][18868][16672][info][gc,cpu         ] GC(35) User=0.00s Sys=0.00s Real=0.00s
[2025-05-18T20:28:47.140+0300][18868][16672][info][gc,start       ] GC(36) Pause Young (Allocation Failure)
[2025-05-18T20:28:47.141+0300][18868][16672][info][gc,heap        ] GC(36) PSYoungGen: 1387616K(1392640K)->560K(1392128K) Eden: 1387008K(1387008K)->0K(1387008K) From: 608K(5632K)->560K(5120K)
[2025-05-18T20:28:47.141+0300][18868][16672][info][gc,heap        ] GC(36) ParOldGen: 17030K(2796544K)->17094K(2796544K)
[2025-05-18T20:28:47.141+0300][18868][16672][info][gc,metaspace   ] GC(36) Metaspace: 8662K(9664K)->8662K(9664K) NonClass: 7794K(8448K)->7794K(8448K) Class: 868K(1216K)->868K(1216K)
[2025-05-18T20:28:47.141+0300][18868][16672][info][gc             ] GC(36) Pause Young (Allocation Failure) 1371M->17M(4090M) 0.657ms
[2025-05-18T20:28:47.141+0300][18868][16672][info][gc,cpu         ] GC(36) User=0.00s Sys=0.00s Real=0.00s
[2025-05-18T20:28:47.580+0300][18868][16672][info][gc,start       ] GC(37) Pause Young (Allocation Failure)
[2025-05-18T20:28:47.580+0300][18868][16672][info][gc,heap        ] GC(37) PSYoungGen: 1387568K(1392128K)->544K(1393152K) Eden: 1387008K(1387008K)->0K(1388032K) From: 560K(5120K)->544K(5120K)
[2025-05-18T20:28:47.580+0300][18868][16672][info][gc,heap        ] GC(37) ParOldGen: 17094K(2796544K)->17158K(2796544K)
[2025-05-18T20:28:47.580+0300][18868][16672][info][gc,metaspace   ] GC(37) Metaspace: 8662K(9664K)->8662K(9664K) NonClass: 7794K(8448K)->7794K(8448K) Class: 868K(1216K)->868K(1216K)
[2025-05-18T20:28:47.580+0300][18868][16672][info][gc             ] GC(37) Pause Young (Allocation Failure) 1371M->17M(4091M) 0.616ms
[2025-05-18T20:28:47.580+0300][18868][16672][info][gc,cpu         ] GC(37) User=0.00s Sys=0.00s Real=0.00s
[2025-05-18T20:28:48.130+0300][18868][16672][info][gc,start       ] GC(38) Pause Young (Allocation Failure)
[2025-05-18T20:28:48.131+0300][18868][16672][info][gc,heap        ] GC(38) PSYoungGen: 1388576K(1393152K)->352K(1392640K) Eden: 1388032K(1388032K)->0K(1388032K) From: 544K(5120K)->352K(4608K)
[2025-05-18T20:28:48.131+0300][18868][16672][info][gc,heap        ] GC(38) ParOldGen: 17158K(2796544K)->17198K(2796544K)
[2025-05-18T20:28:48.131+0300][18868][16672][info][gc,metaspace   ] GC(38) Metaspace: 8662K(9664K)->8662K(9664K) NonClass: 7794K(8448K)->7794K(8448K) Class: 868K(1216K)->868K(1216K)
[2025-05-18T20:28:48.131+0300][18868][16672][info][gc             ] GC(38) Pause Young (Allocation Failure) 1372M->17M(4091M) 1.042ms
[2025-05-18T20:28:48.131+0300][18868][16672][info][gc,cpu         ] GC(38) User=0.00s Sys=0.00s Real=0.00s
[2025-05-18T20:28:48.390+0300][18868][16672][info][gc,start       ] GC(39) Pause Young (System.gc())
[2025-05-18T20:28:48.391+0300][18868][16672][info][gc,heap        ] GC(39) PSYoungGen: 159232K(1392640K)->160K(1393664K) Eden: 158880K(1388032K)->0K(1389056K) From: 352K(4608K)->160K(4608K)
[2025-05-18T20:28:48.391+0300][18868][16672][info][gc,heap        ] GC(39) ParOldGen: 17198K(2796544K)->17254K(2796544K)
[2025-05-18T20:28:48.391+0300][18868][16672][info][gc,metaspace   ] GC(39) Metaspace: 8662K(9664K)->8662K(9664K) NonClass: 7794K(8448K)->7794K(8448K) Class: 868K(1216K)->868K(1216K)
[2025-05-18T20:28:48.391+0300][18868][16672][info][gc             ] GC(39) Pause Young (System.gc()) 172M->17M(4092M) 0.472ms
[2025-05-18T20:28:48.391+0300][18868][16672][info][gc,cpu         ] GC(39) User=0.00s Sys=0.00s Real=0.00s
[2025-05-18T20:28:48.391+0300][18868][16672][info][gc,start       ] GC(40) Pause Full (System.gc())
[2025-05-18T20:28:48.391+0300][18868][16672][info][gc,phases,start] GC(40) Marking Phase
[2025-05-18T20:28:48.397+0300][18868][16672][info][gc,phases      ] GC(40) Marking Phase 6.721ms
[2025-05-18T20:28:48.397+0300][18868][16672][info][gc,phases,start] GC(40) Summary Phase
[2025-05-18T20:28:48.398+0300][18868][16672][info][gc,phases      ] GC(40) Summary Phase 0.015ms
[2025-05-18T20:28:48.398+0300][18868][16672][info][gc,phases,start] GC(40) Adjust Roots
[2025-05-18T20:28:48.400+0300][18868][16672][info][gc,phases      ] GC(40) Adjust Roots 2.241ms
[2025-05-18T20:28:48.400+0300][18868][16672][info][gc,phases,start] GC(40) Compaction Phase
[2025-05-18T20:28:48.403+0300][18868][16672][info][gc,phases      ] GC(40) Compaction Phase 3.313ms
[2025-05-18T20:28:48.403+0300][18868][16672][info][gc,phases,start] GC(40) Post Compact
[2025-05-18T20:28:48.403+0300][18868][16672][info][gc,phases      ] GC(40) Post Compact 0.447ms
[2025-05-18T20:28:48.403+0300][18868][16672][info][gc,heap        ] GC(40) PSYoungGen: 160K(1393664K)->0K(1393664K) Eden: 0K(1389056K)->0K(1389056K) From: 160K(4608K)->0K(4608K)
[2025-05-18T20:28:48.403+0300][18868][16672][info][gc,heap        ] GC(40) ParOldGen: 17254K(2796544K)->9909K(2796544K)
[2025-05-18T20:28:48.403+0300][18868][16672][info][gc,metaspace   ] GC(40) Metaspace: 8662K(9664K)->8662K(9664K) NonClass: 7794K(8448K)->7794K(8448K) Class: 868K(1216K)->868K(1216K)
[2025-05-18T20:28:48.403+0300][18868][16672][info][gc             ] GC(40) Pause Full (System.gc()) 17M->9M(4092M) 13.140ms
[2025-05-18T20:28:48.405+0300][18868][16672][info][gc,cpu         ] GC(40) User=0.00s Sys=0.00s Real=0.01s
[2025-05-18T20:28:48.832+0300][18868][16672][info][gc,start       ] GC(41) Pause Young (Allocation Failure)
[2025-05-18T20:28:48.834+0300][18868][16672][info][gc,heap        ] GC(41) PSYoungGen: 1389056K(1393664K)->2944K(1393152K) Eden: 1389056K(1389056K)->0K(1389056K) From: 0K(4608K)->2944K(4096K)
[2025-05-18T20:28:48.834+0300][18868][16672][info][gc,heap        ] GC(41) ParOldGen: 9909K(2796544K)->14005K(2796544K)
[2025-05-18T20:28:48.834+0300][18868][16672][info][gc,metaspace   ] GC(41) Metaspace: 8662K(9664K)->8662K(9664K) NonClass: 7794K(8448K)->7794K(8448K) Class: 868K(1216K)->868K(1216K)
[2025-05-18T20:28:48.834+0300][18868][16672][info][gc             ] GC(41) Pause Young (Allocation Failure) 1366M->16M(4091M) 1.232ms
[2025-05-18T20:28:48.834+0300][18868][16672][info][gc,cpu         ] GC(41) User=0.00s Sys=0.00s Real=0.00s
[2025-05-18T20:28:49.394+0300][18868][16672][info][gc,start       ] GC(42) Pause Young (Allocation Failure)
[2025-05-18T20:28:49.396+0300][18868][16672][info][gc,heap        ] GC(42) PSYoungGen: 1392000K(1393152K)->512K(1393152K) Eden: 1389056K(1389056K)->0K(1388544K) From: 2944K(4096K)->512K(4608K)
[2025-05-18T20:28:49.396+0300][18868][16672][info][gc,heap        ] GC(42) ParOldGen: 14005K(2796544K)->16322K(2796544K)
[2025-05-18T20:28:49.396+0300][18868][16672][info][gc,metaspace   ] GC(42) Metaspace: 8662K(9664K)->8662K(9664K) NonClass: 7794K(8448K)->7794K(8448K) Class: 868K(1216K)->868K(1216K)
[2025-05-18T20:28:49.396+0300][18868][16672][info][gc             ] GC(42) Pause Young (Allocation Failure) 1373M->16M(4091M) 0.959ms
[2025-05-18T20:28:49.396+0300][18868][16672][info][gc,cpu         ] GC(42) User=0.00s Sys=0.00s Real=0.00s
[2025-05-18T20:28:49.849+0300][18868][16672][info][gc,start       ] GC(43) Pause Young (Allocation Failure)
[2025-05-18T20:28:49.849+0300][18868][16672][info][gc,heap        ] GC(43) PSYoungGen: 1389056K(1393152K)->576K(1393152K) Eden: 1388544K(1388544K)->0K(1388544K) From: 512K(4608K)->576K(4608K)
[2025-05-18T20:28:49.850+0300][18868][16672][info][gc,heap        ] GC(43) ParOldGen: 16322K(2796544K)->16386K(2796544K)
[2025-05-18T20:28:49.850+0300][18868][16672][info][gc,metaspace   ] GC(43) Metaspace: 8662K(9664K)->8662K(9664K) NonClass: 7794K(8448K)->7794K(8448K) Class: 868K(1216K)->868K(1216K)
[2025-05-18T20:28:49.850+0300][18868][16672][info][gc             ] GC(43) Pause Young (Allocation Failure) 1372M->16M(4091M) 0.612ms
[2025-05-18T20:28:49.850+0300][18868][16672][info][gc,cpu         ] GC(43) User=0.00s Sys=0.00s Real=0.00s
[2025-05-18T20:28:50.296+0300][18868][16672][info][gc,start       ] GC(44) Pause Young (Allocation Failure)
[2025-05-18T20:28:50.297+0300][18868][16672][info][gc,heap        ] GC(44) PSYoungGen: 1389120K(1393152K)->592K(1393664K) Eden: 1388544K(1388544K)->0K(1389568K) From: 576K(4608K)->592K(4096K)
[2025-05-18T20:28:50.297+0300][18868][16672][info][gc,heap        ] GC(44) ParOldGen: 16386K(2796544K)->16426K(2796544K)
[2025-05-18T20:28:50.297+0300][18868][16672][info][gc,metaspace   ] GC(44) Metaspace: 8662K(9664K)->8662K(9664K) NonClass: 7794K(8448K)->7794K(8448K) Class: 868K(1216K)->868K(1216K)
[2025-05-18T20:28:50.297+0300][18868][16672][info][gc             ] GC(44) Pause Young (Allocation Failure) 1372M->16M(4092M) 0.812ms
[2025-05-18T20:28:50.297+0300][18868][16672][info][gc,cpu         ] GC(44) User=0.00s Sys=0.00s Real=0.00s
[2025-05-18T20:28:50.787+0300][18868][16672][info][gc,start       ] GC(45) Pause Young (Allocation Failure)
[2025-05-18T20:28:50.788+0300][18868][16672][info][gc,heap        ] GC(45) PSYoungGen: 1390160K(1393664K)->480K(1393664K) Eden: 1389568K(1389568K)->0K(1389568K) From: 592K(4096K)->480K(4096K)
[2025-05-18T20:28:50.788+0300][18868][16672][info][gc,heap        ] GC(45) ParOldGen: 16426K(2796544K)->16490K(2796544K)
[2025-05-18T20:28:50.788+0300][18868][16672][info][gc,metaspace   ] GC(45) Metaspace: 8662K(9664K)->8662K(9664K) NonClass: 7794K(8448K)->7794K(8448K) Class: 868K(1216K)->868K(1216K)
[2025-05-18T20:28:50.788+0300][18868][16672][info][gc             ] GC(45) Pause Young (Allocation Failure) 1373M->16M(4092M) 0.523ms
[2025-05-18T20:28:50.788+0300][18868][16672][info][gc,cpu         ] GC(45) User=0.00s Sys=0.00s Real=0.00s
[2025-05-18T20:28:51.213+0300][18868][16672][info][gc,start       ] GC(46) Pause Young (Allocation Failure)
[2025-05-18T20:28:51.214+0300][18868][16672][info][gc,heap        ] GC(46) PSYoungGen: 1390048K(1393664K)->544K(1394176K) Eden: 1389568K(1389568K)->0K(1390592K) From: 480K(4096K)->544K(3584K)
[2025-05-18T20:28:51.214+0300][18868][16672][info][gc,heap        ] GC(46) ParOldGen: 16490K(2796544K)->16546K(2796544K)
[2025-05-18T20:28:51.214+0300][18868][16672][info][gc,metaspace   ] GC(46) Metaspace: 8662K(9664K)->8662K(9664K) NonClass: 7794K(8448K)->7794K(8448K) Class: 868K(1216K)->868K(1216K)
[2025-05-18T20:28:51.214+0300][18868][16672][info][gc             ] GC(46) Pause Young (Allocation Failure) 1373M->16M(4092M) 0.901ms
[2025-05-18T20:28:51.214+0300][18868][16672][info][gc,cpu         ] GC(46) User=0.00s Sys=0.00s Real=0.00s
[2025-05-18T20:28:51.660+0300][18868][16672][info][gc,start       ] GC(47) Pause Young (Allocation Failure)
[2025-05-18T20:28:51.661+0300][18868][16672][info][gc,heap        ] GC(47) PSYoungGen: 1391136K(1394176K)->544K(1394176K) Eden: 1390592K(1390592K)->0K(1390592K) From: 544K(3584K)->544K(3584K)
[2025-05-18T20:28:51.661+0300][18868][16672][info][gc,heap        ] GC(47) ParOldGen: 16546K(2796544K)->16610K(2796544K)
[2025-05-18T20:28:51.661+0300][18868][16672][info][gc,metaspace   ] GC(47) Metaspace: 8662K(9664K)->8662K(9664K) NonClass: 7794K(8448K)->7794K(8448K) Class: 868K(1216K)->868K(1216K)
[2025-05-18T20:28:51.661+0300][18868][16672][info][gc             ] GC(47) Pause Young (Allocation Failure) 1374M->16M(4092M) 0.516ms
[2025-05-18T20:28:51.661+0300][18868][16672][info][gc,cpu         ] GC(47) User=0.00s Sys=0.00s Real=0.00s
[2025-05-18T20:28:52.072+0300][18868][16672][info][gc,start       ] GC(48) Pause Young (Allocation Failure)
[2025-05-18T20:28:52.072+0300][18868][16672][info][gc,heap        ] GC(48) PSYoungGen: 1391136K(1394176K)->512K(1394688K) Eden: 1390592K(1390592K)->0K(1391104K) From: 544K(3584K)->512K(3584K)
[2025-05-18T20:28:52.072+0300][18868][16672][info][gc,heap        ] GC(48) ParOldGen: 16610K(2796544K)->16674K(2796544K)
[2025-05-18T20:28:52.072+0300][18868][16672][info][gc,metaspace   ] GC(48) Metaspace: 8662K(9664K)->8662K(9664K) NonClass: 7794K(8448K)->7794K(8448K) Class: 868K(1216K)->868K(1216K)
[2025-05-18T20:28:52.072+0300][18868][16672][info][gc             ] GC(48) Pause Young (Allocation Failure) 1374M->16M(4093M) 0.612ms
[2025-05-18T20:28:52.073+0300][18868][16672][info][gc,cpu         ] GC(48) User=0.00s Sys=0.00s Real=0.00s
[2025-05-18T20:28:52.542+0300][18868][16672][info][gc,start       ] GC(49) Pause Young (Allocation Failure)
[2025-05-18T20:28:52.542+0300][18868][16672][info][gc,heap        ] GC(49) PSYoungGen: 1391616K(1394688K)->512K(1394176K) Eden: 1391104K(1391104K)->0K(1391104K) From: 512K(3584K)->512K(3072K)
[2025-05-18T20:28:52.542+0300][18868][16672][info][gc,heap        ] GC(49) ParOldGen: 16674K(2796544K)->16738K(2796544K)
[2025-05-18T20:28:52.542+0300][18868][16672][info][gc,metaspace   ] GC(49) Metaspace: 8662K(9664K)->8662K(9664K) NonClass: 7794K(8448K)->7794K(8448K) Class: 868K(1216K)->868K(1216K)
[2025-05-18T20:28:52.542+0300][18868][16672][info][gc             ] GC(49) Pause Young (Allocation Failure) 1375M->16M(4092M) 0.529ms
[2025-05-18T20:28:52.542+0300][18868][16672][info][gc,cpu         ] GC(49) User=0.00s Sys=0.00s Real=0.00s
[2025-05-18T20:28:53.057+0300][18868][16672][info][gc,start       ] GC(50) Pause Young (Allocation Failure)
[2025-05-18T20:28:53.057+0300][18868][16672][info][gc,heap        ] GC(50) PSYoungGen: 1391616K(1394176K)->512K(1394688K) Eden: 1391104K(1391104K)->0K(1391616K) From: 512K(3072K)->512K(3072K)
[2025-05-18T20:28:53.057+0300][18868][16672][info][gc,heap        ] GC(50) ParOldGen: 16738K(2796544K)->16802K(2796544K)
[2025-05-18T20:28:53.057+0300][18868][16672][info][gc,metaspace   ] GC(50) Metaspace: 8662K(9664K)->8662K(9664K) NonClass: 7794K(8448K)->7794K(8448K) Class: 868K(1216K)->868K(1216K)
[2025-05-18T20:28:53.057+0300][18868][16672][info][gc             ] GC(50) Pause Young (Allocation Failure) 1375M->16M(4093M) 0.630ms
[2025-05-18T20:28:53.057+0300][18868][16672][info][gc,cpu         ] GC(50) User=0.00s Sys=0.00s Real=0.00s
[2025-05-18T20:28:53.567+0300][18868][16672][info][gc,start       ] GC(51) Pause Young (Allocation Failure)
[2025-05-18T20:28:53.567+0300][18868][16672][info][gc,heap        ] GC(51) PSYoungGen: 1392128K(1394688K)->560K(1394688K) Eden: 1391616K(1391616K)->0K(1391616K) From: 512K(3072K)->560K(3072K)
[2025-05-18T20:28:53.567+0300][18868][16672][info][gc,heap        ] GC(51) ParOldGen: 16802K(2796544K)->16842K(2796544K)
[2025-05-18T20:28:53.567+0300][18868][16672][info][gc,metaspace   ] GC(51) Metaspace: 8662K(9664K)->8662K(9664K) NonClass: 7794K(8448K)->7794K(8448K) Class: 868K(1216K)->868K(1216K)
[2025-05-18T20:28:53.567+0300][18868][16672][info][gc             ] GC(51) Pause Young (Allocation Failure) 1375M->16M(4093M) 0.695ms
[2025-05-18T20:28:53.567+0300][18868][16672][info][gc,cpu         ] GC(51) User=0.00s Sys=0.00s Real=0.00s
[2025-05-18T20:28:54.040+0300][18868][16672][info][gc,start       ] GC(52) Pause Young (Allocation Failure)
[2025-05-18T20:28:54.042+0300][18868][16672][info][gc,heap        ] GC(52) PSYoungGen: 1392176K(1394688K)->576K(1395200K) Eden: 1391616K(1391616K)->0K(1392640K) From: 560K(3072K)->576K(2560K)
[2025-05-18T20:28:54.042+0300][18868][16672][info][gc,heap        ] GC(52) ParOldGen: 16842K(2796544K)->16898K(2796544K)
[2025-05-18T20:28:54.042+0300][18868][16672][info][gc,metaspace   ] GC(52) Metaspace: 8662K(9664K)->8662K(9664K) NonClass: 7794K(8448K)->7794K(8448K) Class: 868K(1216K)->868K(1216K)
[2025-05-18T20:28:54.042+0300][18868][16672][info][gc             ] GC(52) Pause Young (Allocation Failure) 1375M->17M(4093M) 0.656ms
[2025-05-18T20:28:54.042+0300][18868][16672][info][gc,cpu         ] GC(52) User=0.00s Sys=0.00s Real=0.00s
[2025-05-18T20:28:54.521+0300][18868][16672][info][gc,start       ] GC(53) Pause Young (Allocation Failure)
[2025-05-18T20:28:54.521+0300][18868][16672][info][gc,heap        ] GC(53) PSYoungGen: 1393216K(1395200K)->544K(1395200K) Eden: 1392640K(1392640K)->0K(1392640K) From: 576K(2560K)->544K(2560K)
[2025-05-18T20:28:54.521+0300][18868][16672][info][gc,heap        ] GC(53) ParOldGen: 16898K(2796544K)->16962K(2796544K)
[2025-05-18T20:28:54.521+0300][18868][16672][info][gc,metaspace   ] GC(53) Metaspace: 8662K(9664K)->8662K(9664K) NonClass: 7794K(8448K)->7794K(8448K) Class: 868K(1216K)->868K(1216K)
[2025-05-18T20:28:54.523+0300][18868][16672][info][gc             ] GC(53) Pause Young (Allocation Failure) 1377M->17M(4093M) 0.628ms
[2025-05-18T20:28:54.523+0300][18868][16672][info][gc,cpu         ] GC(53) User=0.00s Sys=0.00s Real=0.00s
[2025-05-18T20:28:55.039+0300][18868][16672][info][gc,start       ] GC(54) Pause Young (Allocation Failure)
[2025-05-18T20:28:55.040+0300][18868][16672][info][gc,heap        ] GC(54) PSYoungGen: 1393184K(1395200K)->512K(1395200K) Eden: 1392640K(1392640K)->0K(1392640K) From: 544K(2560K)->512K(2560K)
[2025-05-18T20:28:55.040+0300][18868][16672][info][gc,heap        ] GC(54) ParOldGen: 16962K(2796544K)->17026K(2796544K)
[2025-05-18T20:28:55.040+0300][18868][16672][info][gc,metaspace   ] GC(54) Metaspace: 8662K(9664K)->8662K(9664K) NonClass: 7794K(8448K)->7794K(8448K) Class: 868K(1216K)->868K(1216K)
[2025-05-18T20:28:55.040+0300][18868][16672][info][gc             ] GC(54) Pause Young (Allocation Failure) 1377M->17M(4093M) 0.597ms
[2025-05-18T20:28:55.040+0300][18868][16672][info][gc,cpu         ] GC(54) User=0.00s Sys=0.00s Real=0.00s
[2025-05-18T20:28:55.492+0300][18868][16672][info][gc,start       ] GC(55) Pause Young (Allocation Failure)
[2025-05-18T20:28:55.492+0300][18868][16672][info][gc,heap        ] GC(55) PSYoungGen: 1393152K(1395200K)->480K(1395200K) Eden: 1392640K(1392640K)->0K(1392640K) From: 512K(2560K)->480K(2560K)
[2025-05-18T20:28:55.492+0300][18868][16672][info][gc,heap        ] GC(55) ParOldGen: 17026K(2796544K)->17090K(2796544K)
[2025-05-18T20:28:55.492+0300][18868][16672][info][gc,metaspace   ] GC(55) Metaspace: 8662K(9664K)->8662K(9664K) NonClass: 7794K(8448K)->7794K(8448K) Class: 868K(1216K)->868K(1216K)
[2025-05-18T20:28:55.492+0300][18868][16672][info][gc             ] GC(55) Pause Young (Allocation Failure) 1377M->17M(4093M) 0.527ms
[2025-05-18T20:28:55.492+0300][18868][16672][info][gc,cpu         ] GC(55) User=0.00s Sys=0.00s Real=0.00s
[2025-05-18T20:28:55.922+0300][18868][16672][info][gc,start       ] GC(56) Pause Young (Allocation Failure)
[2025-05-18T20:28:55.922+0300][18868][16672][info][gc,heap        ] GC(56) PSYoungGen: 1393120K(1395200K)->544K(1395712K) Eden: 1392640K(1392640K)->0K(1393664K) From: 480K(2560K)->544K(2048K)
[2025-05-18T20:28:55.922+0300][18868][16672][info][gc,heap        ] GC(56) ParOldGen: 17090K(2796544K)->17146K(2796544K)
[2025-05-18T20:28:55.922+0300][18868][16672][info][gc,metaspace   ] GC(56) Metaspace: 8662K(9664K)->8662K(9664K) NonClass: 7794K(8448K)->7794K(8448K) Class: 868K(1216K)->868K(1216K)
[2025-05-18T20:28:55.922+0300][18868][16672][info][gc             ] GC(56) Pause Young (Allocation Failure) 1377M->17M(4094M) 0.714ms
[2025-05-18T20:28:55.922+0300][18868][16672][info][gc,cpu         ] GC(56) User=0.00s Sys=0.00s Real=0.00s
[2025-05-18T20:28:56.666+0300][18868][17040][info][gc,heap,exit   ] Heap
[2025-05-18T20:28:56.666+0300][18868][17040][info][gc,heap,exit   ]  PSYoungGen      total 1395712K, used 1390956K [0x00000007aab00000, 0x0000000800000000, 0x0000000800000000)
[2025-05-18T20:28:56.666+0300][18868][17040][info][gc,heap,exit   ]   eden space 1393664K, 99% used [0x00000007aab00000,0x00000007ff8d3038,0x00000007ffc00000)
[2025-05-18T20:28:56.666+0300][18868][17040][info][gc,heap,exit   ]   from space 2048K, 26% used [0x00000007ffe00000,0x00000007ffe880c0,0x0000000800000000)
[2025-05-18T20:28:56.666+0300][18868][17040][info][gc,heap,exit   ]   to   space 2048K, 0% used [0x00000007ffc00000,0x00000007ffc00000,0x00000007ffe00000)
[2025-05-18T20:28:56.666+0300][18868][17040][info][gc,heap,exit   ]  ParOldGen       total 2796544K, used 17146K [0x0000000700000000, 0x00000007aab00000, 0x00000007aab00000)
[2025-05-18T20:28:56.666+0300][18868][17040][info][gc,heap,exit   ]   object space 2796544K, 0% used [0x0000000700000000,0x00000007010bead0,0x00000007aab00000)
[2025-05-18T20:28:56.666+0300][18868][17040][info][gc,heap,exit   ]  Metaspace       used 8688K, committed 9728K, reserved 1114112K
[2025-05-18T20:28:56.666+0300][18868][17040][info][gc,heap,exit   ]   class space    used 873K, committed 1280K, reserved 1048576K
