[2025-06-17T23:19:20.130+0300][7692][1744][debug][gc,heap] Minimum heap 2147483648  Initial heap 2147483648  Maximum heap 2147483648
[2025-06-17T23:19:20.130+0300][7692][1744][info ][gc     ] Using Parallel
[2025-06-17T23:19:21.146+0300][7692][9664][debug][safepoint] Safepoint synchronization initiated using striped semaphore wait barrier. (12 threads)
[2025-06-17T23:19:21.146+0300][7692][9664][info ][safepoint] Safepoint "Cleanup", Time since last: 1000389400 ns, Reaching safepoint: 71500 ns, Cleanup: 49600 ns, At safepoint: 3600 ns, Total: 124700 ns
[2025-06-17T23:19:22.047+0300][7692][9664][debug][safepoint] Safepoint synchronization initiated using striped semaphore wait barrier. (12 threads)
[2025-06-17T23:19:22.062+0300][7692][9664][info ][safepoint] Safepoint "ICBufferFull", Time since last: 914910600 ns, Reaching safepoint: 2350200 ns, Cleanup: 81100 ns, At safepoint: 1300 ns, Total: 2432600 ns
[2025-06-17T23:19:22.459+0300][7692][9664][debug][safepoint] Safepoint synchronization initiated using striped semaphore wait barrier. (13 threads)
[2025-06-17T23:19:22.459+0300][7692][9664][info ][safepoint] Safepoint "ICBufferFull", Time since last: 399090600 ns, Reaching safepoint: 61400 ns, Cleanup: 105700 ns, At safepoint: 10000 ns, Total: 177100 ns
[2025-06-17T23:19:23.143+0300][7692][9664][debug][safepoint] Safepoint synchronization initiated using striped semaphore wait barrier. (13 threads)
[2025-06-17T23:19:23.143+0300][7692][9664][info ][safepoint] Safepoint "ICBufferFull", Time since last: 681174600 ns, Reaching safepoint: 52400 ns, Cleanup: 70500 ns, At safepoint: 1000 ns, Total: 123900 ns
[2025-06-17T23:19:23.555+0300][7692][9664][debug][safepoint] Safepoint synchronization initiated using striped semaphore wait barrier. (13 threads)
[2025-06-17T23:19:23.555+0300][7692][9664][info ][safepoint] Safepoint "ICBufferFull", Time since last: 416984200 ns, Reaching safepoint: 48100 ns, Cleanup: 102900 ns, At safepoint: 1900 ns, Total: 152900 ns
[2025-06-17T23:19:23.682+0300][7692][9664][debug][safepoint] Safepoint synchronization initiated using striped semaphore wait barrier. (25 threads)
[2025-06-17T23:19:23.682+0300][7692][9664][debug][gc,heap  ] GC(0) Heap before GC invocations=1 (full 0):
[2025-06-17T23:19:23.682+0300][7692][9664][debug][gc,heap  ] GC(0)  PSYoungGen      total 611840K, used 357127K [0x00000000d5580000, 0x0000000100000000, 0x0000000100000000)
[2025-06-17T23:19:23.682+0300][7692][9664][debug][gc,heap  ] GC(0)   eden space 524800K, 68% used [0x00000000d5580000,0x00000000eb241e50,0x00000000f5600000)
[2025-06-17T23:19:23.682+0300][7692][9664][debug][gc,heap  ] GC(0)   from space 87040K, 0% used [0x00000000fab00000,0x00000000fab00000,0x0000000100000000)
[2025-06-17T23:19:23.682+0300][7692][9664][debug][gc,heap  ] GC(0)   to   space 87040K, 0% used [0x00000000f5600000,0x00000000f5600000,0x00000000fab00000)
[2025-06-17T23:19:23.682+0300][7692][9664][debug][gc,heap  ] GC(0)  ParOldGen       total 1398272K, used 0K [0x0000000080000000, 0x00000000d5580000, 0x00000000d5580000)
[2025-06-17T23:19:23.682+0300][7692][9664][debug][gc,heap  ] GC(0)   object space 1398272K, 0% used [0x0000000080000000,0x0000000080000000,0x00000000d5580000)
[2025-06-17T23:19:23.682+0300][7692][9664][debug][gc,heap  ] GC(0)  Metaspace       used 15328K, committed 15744K, reserved 1114112K
[2025-06-17T23:19:23.682+0300][7692][9664][debug][gc,heap  ] GC(0)   class space    used 1511K, committed 1728K, reserved 1048576K
[2025-06-17T23:19:23.689+0300][7692][9664][debug][gc,phases] GC(0) Scavenge 5.109ms
[2025-06-17T23:19:23.689+0300][7692][9664][debug][gc,phases] GC(0) Reference Processing 0.466ms
[2025-06-17T23:19:23.689+0300][7692][9664][debug][gc,phases] GC(0)   VM Weak                        Min:  0.0, Avg:  0.0, Max:  0.0, Diff:  0.0, Sum:  0.0, Workers: 8
[2025-06-17T23:19:23.689+0300][7692][9664][debug][gc,phases] GC(0)     Dead                           Min: 0, Avg:  0.0, Max: 0, Diff: 0, Sum: 0, Workers: 8
[2025-06-17T23:19:23.689+0300][7692][9664][debug][gc,phases] GC(0)     Total                          Min: 0, Avg: 23.5, Max: 124, Diff: 124, Sum: 188, Workers: 8
[2025-06-17T23:19:23.689+0300][7692][9664][debug][gc,phases] GC(0)   ObjectSynchronizer Weak        Min:  0.0, Avg:  0.0, Max:  0.0, Diff:  0.0, Sum:  0.0, Workers: 8
[2025-06-17T23:19:23.689+0300][7692][9664][debug][gc,phases] GC(0)     Dead                           Min: 0, Avg:  0.2, Max: 2, Diff: 2, Sum: 2, Workers: 8
[2025-06-17T23:19:23.689+0300][7692][9664][debug][gc,phases] GC(0)     Total                          Min: 0, Avg:  0.8, Max: 6, Diff: 6, Sum: 6, Workers: 8
[2025-06-17T23:19:23.689+0300][7692][9664][debug][gc,phases] GC(0)   JVMTI Tag Weak OopStorage      Min:  0.0, Avg:  0.0, Max:  0.0, Diff:  0.0, Sum:  0.0, Workers: 8
[2025-06-17T23:19:23.689+0300][7692][9664][debug][gc,phases] GC(0)     Dead                           Min: 0, Avg:  0.0, Max: 0, Diff: 0, Sum: 0, Workers: 8
[2025-06-17T23:19:23.689+0300][7692][9664][debug][gc,phases] GC(0)     Total                          Min: 0, Avg:  0.0, Max: 0, Diff: 0, Sum: 0, Workers: 8
[2025-06-17T23:19:23.689+0300][7692][9664][debug][gc,phases] GC(0)   StringTable Weak               Min:  0.1, Avg:  0.1, Max:  0.2, Diff:  0.0, Sum:  1.2, Workers: 8
[2025-06-17T23:19:23.689+0300][7692][9664][debug][gc,phases] GC(0)     Dead                           Min: 2, Avg: 46.2, Max: 80, Diff: 78, Sum: 370, Workers: 8
[2025-06-17T23:19:23.689+0300][7692][9664][debug][gc,phases] GC(0)     Total                          Min: 1920, Avg: 2578.8, Max: 3904, Diff: 1984, Sum: 20630, Workers: 8
[2025-06-17T23:19:23.689+0300][7692][9664][debug][gc,phases] GC(0)   ResolvedMethodTable Weak       Min:  0.0, Avg:  0.0, Max:  0.0, Diff:  0.0, Sum:  0.1, Workers: 8
[2025-06-17T23:19:23.689+0300][7692][9664][debug][gc,phases] GC(0)     Dead                           Min: 0, Avg: 12.9, Max: 22, Diff: 22, Sum: 103, Workers: 8
[2025-06-17T23:19:23.689+0300][7692][9664][debug][gc,phases] GC(0)     Total                          Min: 64, Avg: 140.6, Max: 192, Diff: 128, Sum: 1125, Workers: 8
[2025-06-17T23:19:23.689+0300][7692][9664][debug][gc,phases] GC(0)   JNI Weak                       Min:  0.0, Avg:  0.0, Max:  0.0, Diff:  0.0, Sum:  0.0, Workers: 8
[2025-06-17T23:19:23.689+0300][7692][9664][debug][gc,phases] GC(0)     Dead                           Min: 0, Avg:  0.0, Max: 0, Diff: 0, Sum: 0, Workers: 8
[2025-06-17T23:19:23.689+0300][7692][9664][debug][gc,phases] GC(0)     Total                          Min: 0, Avg:  0.0, Max: 0, Diff: 0, Sum: 0, Workers: 8
[2025-06-17T23:19:23.689+0300][7692][9664][debug][gc,phases] GC(0)   StringDedup Table Weak         Min:  0.0, Avg:  0.0, Max:  0.0, Diff:  0.0, Sum:  0.0, Workers: 8
[2025-06-17T23:19:23.689+0300][7692][9664][debug][gc,phases] GC(0)     Dead                           Min: 0, Avg:  0.0, Max: 0, Diff: 0, Sum: 0, Workers: 8
[2025-06-17T23:19:23.689+0300][7692][9664][debug][gc,phases] GC(0)     Total                          Min: 0, Avg:  0.0, Max: 0, Diff: 0, Sum: 0, Workers: 8
[2025-06-17T23:19:23.689+0300][7692][9664][debug][gc,phases] GC(0)   StringDedup Requests0 Weak     Min:  0.0, Avg:  0.0, Max:  0.0, Diff:  0.0, Sum:  0.0, Workers: 8
[2025-06-17T23:19:23.689+0300][7692][9664][debug][gc,phases] GC(0)     Dead                           Min: 0, Avg:  0.0, Max: 0, Diff: 0, Sum: 0, Workers: 8
[2025-06-17T23:19:23.689+0300][7692][9664][debug][gc,phases] GC(0)     Total                          Min: 0, Avg:  0.0, Max: 0, Diff: 0, Sum: 0, Workers: 8
[2025-06-17T23:19:23.689+0300][7692][9664][debug][gc,phases] GC(0)   StringDedup Requests1 Weak     Min:  0.0, Avg:  0.0, Max:  0.0, Diff:  0.0, Sum:  0.0, Workers: 8
[2025-06-17T23:19:23.689+0300][7692][9664][debug][gc,phases] GC(0)     Dead                           Min: 0, Avg:  0.0, Max: 0, Diff: 0, Sum: 0, Workers: 8
[2025-06-17T23:19:23.689+0300][7692][9664][debug][gc,phases] GC(0)     Total                          Min: 0, Avg:  0.0, Max: 0, Diff: 0, Sum: 0, Workers: 8
[2025-06-17T23:19:23.689+0300][7692][9664][debug][gc,phases] GC(0)   Weak JFR Old Object Samples    Min:  0.0, Avg:  0.0, Max:  0.0, Diff:  0.0, Sum:  0.0, Workers: 8
[2025-06-17T23:19:23.689+0300][7692][9664][debug][gc,phases] GC(0)     Dead                           Min: 0, Avg:  0.0, Max: 0, Diff: 0, Sum: 0, Workers: 8
[2025-06-17T23:19:23.689+0300][7692][9664][debug][gc,phases] GC(0)     Total                          Min: 0, Avg:  0.0, Max: 0, Diff: 0, Sum: 0, Workers: 8
[2025-06-17T23:19:23.689+0300][7692][9664][debug][gc,phases] GC(0) Weak Processing 0.685ms
[2025-06-17T23:19:23.689+0300][7692][9664][info ][gc,heap  ] GC(0) PSYoungGen: 357127K(611840K)->9612K(611840K) Eden: 357127K(524800K)->0K(524800K) From: 0K(87040K)->9612K(87040K)
[2025-06-17T23:19:23.689+0300][7692][9664][info ][gc,heap  ] GC(0) ParOldGen: 0K(1398272K)->96K(1398272K)
[2025-06-17T23:19:23.689+0300][7692][9664][info ][gc       ] GC(0) Pause Young (System.gc()) 348M->9M(1963M) 6.642ms
[2025-06-17T23:19:23.689+0300][7692][9664][debug][gc,heap  ] GC(0) Heap after GC invocations=1 (full 0):
[2025-06-17T23:19:23.689+0300][7692][9664][debug][gc,heap  ] GC(0)  PSYoungGen      total 611840K, used 9612K [0x00000000d5580000, 0x0000000100000000, 0x0000000100000000)
[2025-06-17T23:19:23.689+0300][7692][9664][debug][gc,heap  ] GC(0)   eden space 524800K, 0% used [0x00000000d5580000,0x00000000d5580000,0x00000000f5600000)
[2025-06-17T23:19:23.689+0300][7692][9664][debug][gc,heap  ] GC(0)   from space 87040K, 11% used [0x00000000f5600000,0x00000000f5f633a0,0x00000000fab00000)
[2025-06-17T23:19:23.689+0300][7692][9664][debug][gc,heap  ] GC(0)   to   space 87040K, 0% used [0x00000000fab00000,0x00000000fab00000,0x0000000100000000)
[2025-06-17T23:19:23.689+0300][7692][9664][debug][gc,heap  ] GC(0)  ParOldGen       total 1398272K, used 96K [0x0000000080000000, 0x00000000d5580000, 0x00000000d5580000)
[2025-06-17T23:19:23.689+0300][7692][9664][debug][gc,heap  ] GC(0)   object space 1398272K, 0% used [0x0000000080000000,0x0000000080018010,0x00000000d5580000)
[2025-06-17T23:19:23.689+0300][7692][9664][debug][gc,heap  ] GC(0)  Metaspace       used 15328K, committed 15744K, reserved 1114112K
[2025-06-17T23:19:23.689+0300][7692][9664][debug][gc,heap  ] GC(0)   class space    used 1511K, committed 1728K, reserved 1048576K
[2025-06-17T23:19:23.689+0300][7692][9664][debug][gc,heap  ] GC(1) Heap before GC invocations=2 (full 1):
[2025-06-17T23:19:23.689+0300][7692][9664][debug][gc,heap  ] GC(1)  PSYoungGen      total 611840K, used 9612K [0x00000000d5580000, 0x0000000100000000, 0x0000000100000000)
[2025-06-17T23:19:23.689+0300][7692][9664][debug][gc,heap  ] GC(1)   eden space 524800K, 0% used [0x00000000d5580000,0x00000000d5580000,0x00000000f5600000)
[2025-06-17T23:19:23.689+0300][7692][9664][debug][gc,heap  ] GC(1)   from space 87040K, 11% used [0x00000000f5600000,0x00000000f5f633a0,0x00000000fab00000)
[2025-06-17T23:19:23.689+0300][7692][9664][debug][gc,heap  ] GC(1)   to   space 87040K, 0% used [0x00000000fab00000,0x00000000fab00000,0x0000000100000000)
[2025-06-17T23:19:23.689+0300][7692][9664][debug][gc,heap  ] GC(1)  ParOldGen       total 1398272K, used 96K [0x0000000080000000, 0x00000000d5580000, 0x00000000d5580000)
[2025-06-17T23:19:23.689+0300][7692][9664][debug][gc,heap  ] GC(1)   object space 1398272K, 0% used [0x0000000080000000,0x0000000080018010,0x00000000d5580000)
[2025-06-17T23:19:23.689+0300][7692][9664][debug][gc,heap  ] GC(1)  Metaspace       used 15328K, committed 15744K, reserved 1114112K
[2025-06-17T23:19:23.689+0300][7692][9664][debug][gc,heap  ] GC(1)   class space    used 1511K, committed 1728K, reserved 1048576K
[2025-06-17T23:19:23.689+0300][7692][9664][debug][gc,phases] GC(1) Pre Compact 0.098ms
[2025-06-17T23:19:23.689+0300][7692][9664][debug][gc,phases] GC(1) Par Mark 3.192ms
[2025-06-17T23:19:23.689+0300][7692][9664][debug][gc,phases] GC(1) Reference Processing 0.147ms
[2025-06-17T23:19:23.689+0300][7692][9664][debug][gc,phases] GC(1)   VM Weak                        Min:  0.0, Avg:  0.0, Max:  0.0, Diff:  0.0, Sum:  0.0, Workers: 8
[2025-06-17T23:19:23.689+0300][7692][9664][debug][gc,phases] GC(1)     Dead                           Min: 0, Avg:  0.0, Max: 0, Diff: 0, Sum: 0, Workers: 8
[2025-06-17T23:19:23.689+0300][7692][9664][debug][gc,phases] GC(1)     Total                          Min: 0, Avg: 23.5, Max: 124, Diff: 124, Sum: 188, Workers: 8
[2025-06-17T23:19:23.689+0300][7692][9664][debug][gc,phases] GC(1)   ObjectSynchronizer Weak        Min:  0.0, Avg:  0.0, Max:  0.0, Diff:  0.0, Sum:  0.0, Workers: 8
[2025-06-17T23:19:23.689+0300][7692][9664][debug][gc,phases] GC(1)     Dead                           Min: 0, Avg:  0.0, Max: 0, Diff: 0, Sum: 0, Workers: 8
[2025-06-17T23:19:23.689+0300][7692][9664][debug][gc,phases] GC(1)     Total                          Min: 0, Avg:  0.8, Max: 6, Diff: 6, Sum: 6, Workers: 8
[2025-06-17T23:19:23.689+0300][7692][9664][debug][gc,phases] GC(1)   JVMTI Tag Weak OopStorage      Min:  0.0, Avg:  0.0, Max:  0.0, Diff:  0.0, Sum:  0.0, Workers: 8
[2025-06-17T23:19:23.689+0300][7692][9664][debug][gc,phases] GC(1)     Dead                           Min: 0, Avg:  0.0, Max: 0, Diff: 0, Sum: 0, Workers: 8
[2025-06-17T23:19:23.689+0300][7692][9664][debug][gc,phases] GC(1)     Total                          Min: 0, Avg:  0.0, Max: 0, Diff: 0, Sum: 0, Workers: 8
[2025-06-17T23:19:23.689+0300][7692][9664][debug][gc,phases] GC(1)   StringTable Weak               Min:  0.0, Avg:  0.0, Max:  0.1, Diff:  0.0, Sum:  0.2, Workers: 8
[2025-06-17T23:19:23.689+0300][7692][9664][debug][gc,phases] GC(1)     Dead                           Min: 0, Avg:  0.0, Max: 0, Diff: 0, Sum: 0, Workers: 8
[2025-06-17T23:19:23.689+0300][7692][9664][debug][gc,phases] GC(1)     Total                          Min: 1110, Avg: 2578.8, Max: 6912, Diff: 5802, Sum: 20630, Workers: 8
[2025-06-17T23:19:23.689+0300][7692][9664][debug][gc,phases] GC(1)   ResolvedMethodTable Weak       Min:  0.0, Avg:  0.0, Max:  0.0, Diff:  0.0, Sum:  0.0, Workers: 8
[2025-06-17T23:19:23.689+0300][7692][9664][debug][gc,phases] GC(1)     Dead                           Min: 0, Avg:  0.0, Max: 0, Diff: 0, Sum: 0, Workers: 8
[2025-06-17T23:19:23.689+0300][7692][9664][debug][gc,phases] GC(1)     Total                          Min: 101, Avg: 140.6, Max: 192, Diff: 91, Sum: 1125, Workers: 8
[2025-06-17T23:19:23.689+0300][7692][9664][debug][gc,phases] GC(1)   JNI Weak                       Min:  0.0, Avg:  0.0, Max:  0.0, Diff:  0.0, Sum:  0.0, Workers: 8
[2025-06-17T23:19:23.689+0300][7692][9664][debug][gc,phases] GC(1)     Dead                           Min: 0, Avg:  0.0, Max: 0, Diff: 0, Sum: 0, Workers: 8
[2025-06-17T23:19:23.689+0300][7692][9664][debug][gc,phases] GC(1)     Total                          Min: 0, Avg:  0.0, Max: 0, Diff: 0, Sum: 0, Workers: 8
[2025-06-17T23:19:23.689+0300][7692][9664][debug][gc,phases] GC(1)   StringDedup Table Weak         Min:  0.0, Avg:  0.0, Max:  0.0, Diff:  0.0, Sum:  0.0, Workers: 8
[2025-06-17T23:19:23.689+0300][7692][9664][debug][gc,phases] GC(1)     Dead                           Min: 0, Avg:  0.0, Max: 0, Diff: 0, Sum: 0, Workers: 8
[2025-06-17T23:19:23.689+0300][7692][9664][debug][gc,phases] GC(1)     Total                          Min: 0, Avg:  0.0, Max: 0, Diff: 0, Sum: 0, Workers: 8
[2025-06-17T23:19:23.689+0300][7692][9664][debug][gc,phases] GC(1)   StringDedup Requests0 Weak     Min:  0.0, Avg:  0.0, Max:  0.0, Diff:  0.0, Sum:  0.0, Workers: 8
[2025-06-17T23:19:23.689+0300][7692][9664][debug][gc,phases] GC(1)     Dead                           Min: 0, Avg:  0.0, Max: 0, Diff: 0, Sum: 0, Workers: 8
[2025-06-17T23:19:23.689+0300][7692][9664][debug][gc,phases] GC(1)     Total                          Min: 0, Avg:  0.0, Max: 0, Diff: 0, Sum: 0, Workers: 8
[2025-06-17T23:19:23.689+0300][7692][9664][debug][gc,phases] GC(1)   StringDedup Requests1 Weak     Min:  0.0, Avg:  0.0, Max:  0.0, Diff:  0.0, Sum:  0.0, Workers: 8
[2025-06-17T23:19:23.689+0300][7692][9664][debug][gc,phases] GC(1)     Dead                           Min: 0, Avg:  0.0, Max: 0, Diff: 0, Sum: 0, Workers: 8
[2025-06-17T23:19:23.689+0300][7692][9664][debug][gc,phases] GC(1)     Total                          Min: 0, Avg:  0.0, Max: 0, Diff: 0, Sum: 0, Workers: 8
[2025-06-17T23:19:23.689+0300][7692][9664][debug][gc,phases] GC(1)   Weak JFR Old Object Samples    Min:  0.0, Avg:  0.0, Max:  0.0, Diff:  0.0, Sum:  0.0, Workers: 8
[2025-06-17T23:19:23.689+0300][7692][9664][debug][gc,phases] GC(1)     Dead                           Min: 0, Avg:  0.0, Max: 0, Diff: 0, Sum: 0, Workers: 8
[2025-06-17T23:19:23.689+0300][7692][9664][debug][gc,phases] GC(1)     Total                          Min: 0, Avg:  0.0, Max: 0, Diff: 0, Sum: 0, Workers: 8
[2025-06-17T23:19:23.689+0300][7692][9664][debug][gc,phases] GC(1) Weak Processing 0.450ms
[2025-06-17T23:19:23.689+0300][7692][9664][debug][gc,phases] GC(1) ClassLoaderData 0.009ms
[2025-06-17T23:19:23.689+0300][7692][9664][debug][gc,phases] GC(1) Trigger cleanups 0.000ms
[2025-06-17T23:19:23.698+0300][7692][9664][debug][gc,phases] GC(1) Purge Unlinked NMethods 0.003ms
[2025-06-17T23:19:23.698+0300][7692][9664][debug][gc,phases] GC(1) Unregister NMethods 0.018ms
[2025-06-17T23:19:23.698+0300][7692][9664][debug][gc,phases] GC(1) Free Code Blobs 0.001ms
[2025-06-17T23:19:23.698+0300][7692][9664][debug][gc,phases] GC(1) Class Unloading 3.724ms
[2025-06-17T23:19:23.698+0300][7692][9664][debug][gc,phases] GC(1) Report Object Count 0.005ms
[2025-06-17T23:19:23.698+0300][7692][9664][info ][gc,phases] GC(1) Marking Phase 7.609ms
[2025-06-17T23:19:23.698+0300][7692][9664][info ][gc,phases] GC(1) Summary Phase 0.002ms
[2025-06-17T23:19:23.698+0300][7692][9664][info ][gc,phases] GC(1) Adjust Roots 3.298ms
[2025-06-17T23:19:23.706+0300][7692][9664][info ][gc,phases] GC(1) Compaction Phase 6.666ms
[2025-06-17T23:19:23.706+0300][7692][9664][debug][gc,phases] GC(1) Purge Class Loader Data 0.247ms
[2025-06-17T23:19:23.706+0300][7692][9664][info ][gc,phases] GC(1) Post Compact 0.644ms
[2025-06-17T23:19:23.706+0300][7692][9664][info ][gc,heap  ] GC(1) PSYoungGen: 9612K(611840K)->0K(611840K) Eden: 0K(524800K)->0K(524800K) From: 9612K(87040K)->0K(87040K)
[2025-06-17T23:19:23.706+0300][7692][9664][info ][gc,heap  ] GC(1) ParOldGen: 96K(1398272K)->9483K(1398272K)
[2025-06-17T23:19:23.706+0300][7692][9664][info ][gc       ] GC(1) Pause Full (System.gc()) 9M->9M(1963M) 18.384ms
[2025-06-17T23:19:23.706+0300][7692][9664][debug][gc,heap  ] GC(1) Heap after GC invocations=2 (full 1):
[2025-06-17T23:19:23.706+0300][7692][9664][debug][gc,heap  ] GC(1)  PSYoungGen      total 611840K, used 0K [0x00000000d5580000, 0x0000000100000000, 0x0000000100000000)
[2025-06-17T23:19:23.706+0300][7692][9664][debug][gc,heap  ] GC(1)   eden space 524800K, 0% used [0x00000000d5580000,0x00000000d5580000,0x00000000f5600000)
[2025-06-17T23:19:23.706+0300][7692][9664][debug][gc,heap  ] GC(1)   from space 87040K, 0% used [0x00000000f5600000,0x00000000f5600000,0x00000000fab00000)
[2025-06-17T23:19:23.706+0300][7692][9664][debug][gc,heap  ] GC(1)   to   space 87040K, 0% used [0x00000000fab00000,0x00000000fab00000,0x0000000100000000)
[2025-06-17T23:19:23.706+0300][7692][9664][debug][gc,heap  ] GC(1)  ParOldGen       total 1398272K, used 9483K [0x0000000080000000, 0x00000000d5580000, 0x00000000d5580000)
[2025-06-17T23:19:23.706+0300][7692][9664][debug][gc,heap  ] GC(1)   object space 1398272K, 0% used [0x0000000080000000,0x0000000080942ec0,0x00000000d5580000)
[2025-06-17T23:19:23.706+0300][7692][9664][debug][gc,heap  ] GC(1)  Metaspace       used 15328K, committed 15744K, reserved 1114112K
[2025-06-17T23:19:23.706+0300][7692][9664][debug][gc,heap  ] GC(1)   class space    used 1511K, committed 1728K, reserved 1048576K
[2025-06-17T23:19:23.706+0300][7692][9664][info ][safepoint] Safepoint "ParallelGCSystemGC", Time since last: 121581900 ns, Reaching safepoint: 34100 ns, Cleanup: 31600 ns, At safepoint: 25516200 ns, Total: 25581900 ns
[2025-06-17T23:19:24.323+0300][7692][9664][debug][safepoint] Safepoint synchronization initiated using striped semaphore wait barrier. (34 threads)
[2025-06-17T23:19:24.323+0300][7692][9664][info ][safepoint] Safepoint "ICBufferFull", Time since last: 613387500 ns, Reaching safepoint: 73900 ns, Cleanup: 94500 ns, At safepoint: 7700 ns, Total: 176100 ns
[2025-06-17T23:19:24.588+0300][7692][9664][debug][safepoint] Safepoint synchronization initiated using striped semaphore wait barrier. (34 threads)
[2025-06-17T23:19:24.588+0300][7692][9664][debug][gc,heap  ] GC(2) Heap before GC invocations=3 (full 1):
[2025-06-17T23:19:24.588+0300][7692][9664][debug][gc,heap  ] GC(2)  PSYoungGen      total 611840K, used 196279K [0x00000000d5580000, 0x0000000100000000, 0x0000000100000000)
[2025-06-17T23:19:24.588+0300][7692][9664][debug][gc,heap  ] GC(2)   eden space 524800K, 37% used [0x00000000d5580000,0x00000000e152de30,0x00000000f5600000)
[2025-06-17T23:19:24.588+0300][7692][9664][debug][gc,heap  ] GC(2)   from space 87040K, 0% used [0x00000000f5600000,0x00000000f5600000,0x00000000fab00000)
[2025-06-17T23:19:24.588+0300][7692][9664][debug][gc,heap  ] GC(2)   to   space 87040K, 0% used [0x00000000fab00000,0x00000000fab00000,0x0000000100000000)
[2025-06-17T23:19:24.588+0300][7692][9664][debug][gc,heap  ] GC(2)  ParOldGen       total 1398272K, used 9483K [0x0000000080000000, 0x00000000d5580000, 0x00000000d5580000)
[2025-06-17T23:19:24.588+0300][7692][9664][debug][gc,heap  ] GC(2)   object space 1398272K, 0% used [0x0000000080000000,0x0000000080942ec0,0x00000000d5580000)
[2025-06-17T23:19:24.588+0300][7692][9664][debug][gc,heap  ] GC(2)  Metaspace       used 25811K, committed 26240K, reserved 1114112K
[2025-06-17T23:19:24.588+0300][7692][9664][debug][gc,heap  ] GC(2)   class space    used 2456K, committed 2688K, reserved 1048576K
[2025-06-17T23:19:24.588+0300][7692][9664][debug][gc,phases] GC(2) Scavenge 9.293ms
[2025-06-17T23:19:24.588+0300][7692][9664][debug][gc,phases] GC(2) Reference Processing 0.061ms
[2025-06-17T23:19:24.588+0300][7692][9664][debug][gc,phases] GC(2)   VM Weak                        Min:  0.0, Avg:  0.0, Max:  0.0, Diff:  0.0, Sum:  0.0, Workers: 8
[2025-06-17T23:19:24.588+0300][7692][9664][debug][gc,phases] GC(2)     Dead                           Min: 0, Avg:  0.0, Max: 0, Diff: 0, Sum: 0, Workers: 8
[2025-06-17T23:19:24.588+0300][7692][9664][debug][gc,phases] GC(2)     Total                          Min: 0, Avg: 31.8, Max: 64, Diff: 64, Sum: 254, Workers: 8
[2025-06-17T23:19:24.588+0300][7692][9664][debug][gc,phases] GC(2)   ObjectSynchronizer Weak        Min:  0.0, Avg:  0.0, Max:  0.0, Diff:  0.0, Sum:  0.0, Workers: 8
[2025-06-17T23:19:24.588+0300][7692][9664][debug][gc,phases] GC(2)     Dead                           Min: 0, Avg:  0.2, Max: 2, Diff: 2, Sum: 2, Workers: 8
[2025-06-17T23:19:24.588+0300][7692][9664][debug][gc,phases] GC(2)     Total                          Min: 0, Avg:  2.4, Max: 19, Diff: 19, Sum: 19, Workers: 8
[2025-06-17T23:19:24.588+0300][7692][9664][debug][gc,phases] GC(2)   JVMTI Tag Weak OopStorage      Min:  0.0, Avg:  0.0, Max:  0.0, Diff:  0.0, Sum:  0.0, Workers: 8
[2025-06-17T23:19:24.588+0300][7692][9664][debug][gc,phases] GC(2)     Dead                           Min: 0, Avg:  0.0, Max: 0, Diff: 0, Sum: 0, Workers: 8
[2025-06-17T23:19:24.588+0300][7692][9664][debug][gc,phases] GC(2)     Total                          Min: 0, Avg:  0.0, Max: 0, Diff: 0, Sum: 0, Workers: 8
[2025-06-17T23:19:24.588+0300][7692][9664][debug][gc,phases] GC(2)   StringTable Weak               Min:  0.0, Avg:  0.1, Max:  0.1, Diff:  0.1, Sum:  0.4, Workers: 8
[2025-06-17T23:19:24.588+0300][7692][9664][debug][gc,phases] GC(2)     Dead                           Min: 0, Avg:  1.4, Max: 4, Diff: 4, Sum: 11, Workers: 8
[2025-06-17T23:19:24.588+0300][7692][9664][debug][gc,phases] GC(2)     Total                          Min: 0, Avg: 2945.4, Max: 4928, Diff: 4928, Sum: 23563, Workers: 8
[2025-06-17T23:19:24.588+0300][7692][9664][debug][gc,phases] GC(2)   ResolvedMethodTable Weak       Min:  0.0, Avg:  0.0, Max:  0.0, Diff:  0.0, Sum:  0.0, Workers: 8
[2025-06-17T23:19:24.588+0300][7692][9664][debug][gc,phases] GC(2)     Dead                           Min: 0, Avg:  2.6, Max: 8, Diff: 8, Sum: 21, Workers: 8
[2025-06-17T23:19:24.588+0300][7692][9664][debug][gc,phases] GC(2)     Total                          Min: 0, Avg: 164.5, Max: 384, Diff: 384, Sum: 1316, Workers: 8
[2025-06-17T23:19:24.588+0300][7692][9664][debug][gc,phases] GC(2)   JNI Weak                       Min:  0.0, Avg:  0.0, Max:  0.0, Diff:  0.0, Sum:  0.0, Workers: 8
[2025-06-17T23:19:24.588+0300][7692][9664][debug][gc,phases] GC(2)     Dead                           Min: 0, Avg:  0.0, Max: 0, Diff: 0, Sum: 0, Workers: 8
[2025-06-17T23:19:24.588+0300][7692][9664][debug][gc,phases] GC(2)     Total                          Min: 0, Avg:  0.5, Max: 4, Diff: 4, Sum: 4, Workers: 8
[2025-06-17T23:19:24.588+0300][7692][9664][debug][gc,phases] GC(2)   StringDedup Table Weak         Min:  0.0, Avg:  0.0, Max:  0.0, Diff:  0.0, Sum:  0.0, Workers: 8
[2025-06-17T23:19:24.588+0300][7692][9664][debug][gc,phases] GC(2)     Dead                           Min: 0, Avg:  0.0, Max: 0, Diff: 0, Sum: 0, Workers: 8
[2025-06-17T23:19:24.588+0300][7692][9664][debug][gc,phases] GC(2)     Total                          Min: 0, Avg:  0.0, Max: 0, Diff: 0, Sum: 0, Workers: 8
[2025-06-17T23:19:24.588+0300][7692][9664][debug][gc,phases] GC(2)   StringDedup Requests0 Weak     Min:  0.0, Avg:  0.0, Max:  0.0, Diff:  0.0, Sum:  0.0, Workers: 8
[2025-06-17T23:19:24.588+0300][7692][9664][debug][gc,phases] GC(2)     Dead                           Min: 0, Avg:  0.0, Max: 0, Diff: 0, Sum: 0, Workers: 8
[2025-06-17T23:19:24.588+0300][7692][9664][debug][gc,phases] GC(2)     Total                          Min: 0, Avg:  0.0, Max: 0, Diff: 0, Sum: 0, Workers: 8
[2025-06-17T23:19:24.588+0300][7692][9664][debug][gc,phases] GC(2)   StringDedup Requests1 Weak     Min:  0.0, Avg:  0.0, Max:  0.0, Diff:  0.0, Sum:  0.0, Workers: 8
[2025-06-17T23:19:24.588+0300][7692][9664][debug][gc,phases] GC(2)     Dead                           Min: 0, Avg:  0.0, Max: 0, Diff: 0, Sum: 0, Workers: 8
[2025-06-17T23:19:24.588+0300][7692][9664][debug][gc,phases] GC(2)     Total                          Min: 0, Avg:  0.0, Max: 0, Diff: 0, Sum: 0, Workers: 8
[2025-06-17T23:19:24.588+0300][7692][9664][debug][gc,phases] GC(2)   Weak JFR Old Object Samples    Min:  0.0, Avg:  0.0, Max:  0.0, Diff:  0.0, Sum:  0.0, Workers: 8
[2025-06-17T23:19:24.588+0300][7692][9664][debug][gc,phases] GC(2)     Dead                           Min: 0, Avg:  0.0, Max: 0, Diff: 0, Sum: 0, Workers: 8
[2025-06-17T23:19:24.588+0300][7692][9664][debug][gc,phases] GC(2)     Total                          Min: 0, Avg:  0.0, Max: 0, Diff: 0, Sum: 0, Workers: 8
[2025-06-17T23:19:24.588+0300][7692][9664][debug][gc,phases] GC(2) Weak Processing 0.486ms
[2025-06-17T23:19:24.588+0300][7692][9664][info ][gc,heap  ] GC(2) PSYoungGen: 196279K(611840K)->4674K(611840K) Eden: 196279K(524800K)->0K(524800K) From: 0K(87040K)->4674K(87040K)
[2025-06-17T23:19:24.588+0300][7692][9664][info ][gc,heap  ] GC(2) ParOldGen: 9483K(1398272K)->9491K(1398272K)
[2025-06-17T23:19:24.588+0300][7692][9664][info ][gc       ] GC(2) Pause Young (Metadata GC Threshold) 200M->13M(1963M) 9.976ms
[2025-06-17T23:19:24.588+0300][7692][9664][debug][gc,heap  ] GC(2) Heap after GC invocations=3 (full 1):
[2025-06-17T23:19:24.588+0300][7692][9664][debug][gc,heap  ] GC(2)  PSYoungGen      total 611840K, used 4674K [0x00000000d5580000, 0x0000000100000000, 0x0000000100000000)
[2025-06-17T23:19:24.588+0300][7692][9664][debug][gc,heap  ] GC(2)   eden space 524800K, 0% used [0x00000000d5580000,0x00000000d5580000,0x00000000f5600000)
[2025-06-17T23:19:24.588+0300][7692][9664][debug][gc,heap  ] GC(2)   from space 87040K, 5% used [0x00000000fab00000,0x00000000faf90848,0x0000000100000000)
[2025-06-17T23:19:24.588+0300][7692][9664][debug][gc,heap  ] GC(2)   to   space 87040K, 0% used [0x00000000f5600000,0x00000000f5600000,0x00000000fab00000)
[2025-06-17T23:19:24.588+0300][7692][9664][debug][gc,heap  ] GC(2)  ParOldGen       total 1398272K, used 9491K [0x0000000080000000, 0x00000000d5580000, 0x00000000d5580000)
[2025-06-17T23:19:24.588+0300][7692][9664][debug][gc,heap  ] GC(2)   object space 1398272K, 0% used [0x0000000080000000,0x0000000080944ec0,0x00000000d5580000)
[2025-06-17T23:19:24.588+0300][7692][9664][debug][gc,heap  ] GC(2)  Metaspace       used 25811K, committed 26240K, reserved 1114112K
[2025-06-17T23:19:24.588+0300][7692][9664][debug][gc,heap  ] GC(2)   class space    used 2456K, committed 2688K, reserved 1048576K
[2025-06-17T23:19:24.588+0300][7692][9664][debug][gc,heap  ] GC(3) Heap before GC invocations=4 (full 2):
[2025-06-17T23:19:24.588+0300][7692][9664][debug][gc,heap  ] GC(3)  PSYoungGen      total 611840K, used 4674K [0x00000000d5580000, 0x0000000100000000, 0x0000000100000000)
[2025-06-17T23:19:24.588+0300][7692][9664][debug][gc,heap  ] GC(3)   eden space 524800K, 0% used [0x00000000d5580000,0x00000000d5580000,0x00000000f5600000)
[2025-06-17T23:19:24.588+0300][7692][9664][debug][gc,heap  ] GC(3)   from space 87040K, 5% used [0x00000000fab00000,0x00000000faf90848,0x0000000100000000)
[2025-06-17T23:19:24.588+0300][7692][9664][debug][gc,heap  ] GC(3)   to   space 87040K, 0% used [0x00000000f5600000,0x00000000f5600000,0x00000000fab00000)
[2025-06-17T23:19:24.588+0300][7692][9664][debug][gc,heap  ] GC(3)  ParOldGen       total 1398272K, used 9491K [0x0000000080000000, 0x00000000d5580000, 0x00000000d5580000)
[2025-06-17T23:19:24.588+0300][7692][9664][debug][gc,heap  ] GC(3)   object space 1398272K, 0% used [0x0000000080000000,0x0000000080944ec0,0x00000000d5580000)
[2025-06-17T23:19:24.588+0300][7692][9664][debug][gc,heap  ] GC(3)  Metaspace       used 25811K, committed 26240K, reserved 1114112K
[2025-06-17T23:19:24.588+0300][7692][9664][debug][gc,heap  ] GC(3)   class space    used 2456K, committed 2688K, reserved 1048576K
[2025-06-17T23:19:24.588+0300][7692][9664][debug][gc,phases] GC(3) Pre Compact 0.110ms
[2025-06-17T23:19:24.601+0300][7692][9664][debug][gc,phases] GC(3) Par Mark 3.962ms
[2025-06-17T23:19:24.601+0300][7692][9664][debug][gc,phases] GC(3) Reference Processing 0.368ms
[2025-06-17T23:19:24.601+0300][7692][9664][debug][gc,phases] GC(3)   VM Weak                        Min:  0.0, Avg:  0.0, Max:  0.0, Diff:  0.0, Sum:  0.0, Workers: 8
[2025-06-17T23:19:24.601+0300][7692][9664][debug][gc,phases] GC(3)     Dead                           Min: 0, Avg:  0.0, Max: 0, Diff: 0, Sum: 0, Workers: 8
[2025-06-17T23:19:24.601+0300][7692][9664][debug][gc,phases] GC(3)     Total                          Min: 0, Avg: 31.8, Max: 128, Diff: 128, Sum: 254, Workers: 8
[2025-06-17T23:19:24.601+0300][7692][9664][debug][gc,phases] GC(3)   ObjectSynchronizer Weak        Min:  0.0, Avg:  0.0, Max:  0.0, Diff:  0.0, Sum:  0.0, Workers: 8
[2025-06-17T23:19:24.601+0300][7692][9664][debug][gc,phases] GC(3)     Dead                           Min: 0, Avg:  0.0, Max: 0, Diff: 0, Sum: 0, Workers: 8
[2025-06-17T23:19:24.601+0300][7692][9664][debug][gc,phases] GC(3)     Total                          Min: 0, Avg:  2.4, Max: 19, Diff: 19, Sum: 19, Workers: 8
[2025-06-17T23:19:24.601+0300][7692][9664][debug][gc,phases] GC(3)   JVMTI Tag Weak OopStorage      Min:  0.0, Avg:  0.0, Max:  0.0, Diff:  0.0, Sum:  0.0, Workers: 8
[2025-06-17T23:19:24.601+0300][7692][9664][debug][gc,phases] GC(3)     Dead                           Min: 0, Avg:  0.0, Max: 0, Diff: 0, Sum: 0, Workers: 8
[2025-06-17T23:19:24.601+0300][7692][9664][debug][gc,phases] GC(3)     Total                          Min: 0, Avg:  0.0, Max: 0, Diff: 0, Sum: 0, Workers: 8
[2025-06-17T23:19:24.601+0300][7692][9664][debug][gc,phases] GC(3)   StringTable Weak               Min:  0.0, Avg:  0.0, Max:  0.0, Diff:  0.0, Sum:  0.2, Workers: 8
[2025-06-17T23:19:24.601+0300][7692][9664][debug][gc,phases] GC(3)     Dead                           Min: 0, Avg:  0.0, Max: 0, Diff: 0, Sum: 0, Workers: 8
[2025-06-17T23:19:24.601+0300][7692][9664][debug][gc,phases] GC(3)     Total                          Min: 384, Avg: 2945.4, Max: 5696, Diff: 5312, Sum: 23563, Workers: 8
[2025-06-17T23:19:24.601+0300][7692][9664][debug][gc,phases] GC(3)   ResolvedMethodTable Weak       Min:  0.0, Avg:  0.0, Max:  0.0, Diff:  0.0, Sum:  0.0, Workers: 8
[2025-06-17T23:19:24.601+0300][7692][9664][debug][gc,phases] GC(3)     Dead                           Min: 0, Avg:  0.0, Max: 0, Diff: 0, Sum: 0, Workers: 8
[2025-06-17T23:19:24.601+0300][7692][9664][debug][gc,phases] GC(3)     Total                          Min: 128, Avg: 164.5, Max: 192, Diff: 64, Sum: 1316, Workers: 8
[2025-06-17T23:19:24.601+0300][7692][9664][debug][gc,phases] GC(3)   JNI Weak                       Min:  0.0, Avg:  0.0, Max:  0.0, Diff:  0.0, Sum:  0.0, Workers: 8
[2025-06-17T23:19:24.601+0300][7692][9664][debug][gc,phases] GC(3)     Dead                           Min: 0, Avg:  0.0, Max: 0, Diff: 0, Sum: 0, Workers: 8
[2025-06-17T23:19:24.601+0300][7692][9664][debug][gc,phases] GC(3)     Total                          Min: 0, Avg:  0.5, Max: 4, Diff: 4, Sum: 4, Workers: 8
[2025-06-17T23:19:24.601+0300][7692][9664][debug][gc,phases] GC(3)   StringDedup Table Weak         Min:  0.0, Avg:  0.0, Max:  0.0, Diff:  0.0, Sum:  0.0, Workers: 8
[2025-06-17T23:19:24.601+0300][7692][9664][debug][gc,phases] GC(3)     Dead                           Min: 0, Avg:  0.0, Max: 0, Diff: 0, Sum: 0, Workers: 8
[2025-06-17T23:19:24.601+0300][7692][9664][debug][gc,phases] GC(3)     Total                          Min: 0, Avg:  0.0, Max: 0, Diff: 0, Sum: 0, Workers: 8
[2025-06-17T23:19:24.601+0300][7692][9664][debug][gc,phases] GC(3)   StringDedup Requests0 Weak     Min:  0.0, Avg:  0.0, Max:  0.0, Diff:  0.0, Sum:  0.0, Workers: 8
[2025-06-17T23:19:24.601+0300][7692][9664][debug][gc,phases] GC(3)     Dead                           Min: 0, Avg:  0.0, Max: 0, Diff: 0, Sum: 0, Workers: 8
[2025-06-17T23:19:24.601+0300][7692][9664][debug][gc,phases] GC(3)     Total                          Min: 0, Avg:  0.0, Max: 0, Diff: 0, Sum: 0, Workers: 8
[2025-06-17T23:19:24.601+0300][7692][9664][debug][gc,phases] GC(3)   StringDedup Requests1 Weak     Min:  0.0, Avg:  0.0, Max:  0.0, Diff:  0.0, Sum:  0.0, Workers: 8
[2025-06-17T23:19:24.601+0300][7692][9664][debug][gc,phases] GC(3)     Dead                           Min: 0, Avg:  0.0, Max: 0, Diff: 0, Sum: 0, Workers: 8
[2025-06-17T23:19:24.601+0300][7692][9664][debug][gc,phases] GC(3)     Total                          Min: 0, Avg:  0.0, Max: 0, Diff: 0, Sum: 0, Workers: 8
[2025-06-17T23:19:24.601+0300][7692][9664][debug][gc,phases] GC(3)   Weak JFR Old Object Samples    Min:  0.0, Avg:  0.0, Max:  0.0, Diff:  0.0, Sum:  0.0, Workers: 8
[2025-06-17T23:19:24.601+0300][7692][9664][debug][gc,phases] GC(3)     Dead                           Min: 0, Avg:  0.0, Max: 0, Diff: 0, Sum: 0, Workers: 8
[2025-06-17T23:19:24.601+0300][7692][9664][debug][gc,phases] GC(3)     Total                          Min: 0, Avg:  0.0, Max: 0, Diff: 0, Sum: 0, Workers: 8
[2025-06-17T23:19:24.601+0300][7692][9664][debug][gc,phases] GC(3) Weak Processing 0.470ms
[2025-06-17T23:19:24.601+0300][7692][9664][debug][gc,phases] GC(3) ClassLoaderData 0.016ms
[2025-06-17T23:19:24.601+0300][7692][9664][debug][gc,phases] GC(3) Trigger cleanups 0.000ms
[2025-06-17T23:19:24.601+0300][7692][9664][debug][gc,phases] GC(3) Purge Unlinked NMethods 0.349ms
[2025-06-17T23:19:24.601+0300][7692][9664][debug][gc,phases] GC(3) Unregister NMethods 0.001ms
[2025-06-17T23:19:24.601+0300][7692][9664][debug][gc,phases] GC(3) Free Code Blobs 0.068ms
[2025-06-17T23:19:24.601+0300][7692][9664][debug][gc,phases] GC(3) Class Unloading 4.911ms
[2025-06-17T23:19:24.601+0300][7692][9664][debug][gc,phases] GC(3) Report Object Count 0.001ms
[2025-06-17T23:19:24.601+0300][7692][9664][info ][gc,phases] GC(3) Marking Phase 9.825ms
[2025-06-17T23:19:24.601+0300][7692][9664][info ][gc,phases] GC(3) Summary Phase 0.002ms
[2025-06-17T23:19:24.601+0300][7692][9664][info ][gc,phases] GC(3) Adjust Roots 3.846ms
[2025-06-17T23:19:24.619+0300][7692][9664][info ][gc,phases] GC(3) Compaction Phase 8.498ms
[2025-06-17T23:19:24.619+0300][7692][9664][debug][gc,phases] GC(3) Purge Class Loader Data 0.119ms
[2025-06-17T23:19:24.619+0300][7692][9664][info ][gc,phases] GC(3) Post Compact 0.284ms
[2025-06-17T23:19:24.619+0300][7692][9664][info ][gc,heap  ] GC(3) PSYoungGen: 4674K(611840K)->0K(611840K) Eden: 0K(524800K)->0K(524800K) From: 4674K(87040K)->0K(87040K)
[2025-06-17T23:19:24.619+0300][7692][9664][info ][gc,heap  ] GC(3) ParOldGen: 9491K(1398272K)->13726K(1398272K)
[2025-06-17T23:19:24.619+0300][7692][9664][info ][gc       ] GC(3) Pause Full (Metadata GC Threshold) 13M->13M(1963M) 22.634ms
[2025-06-17T23:19:24.619+0300][7692][9664][debug][gc,heap  ] GC(3) Heap after GC invocations=4 (full 2):
[2025-06-17T23:19:24.619+0300][7692][9664][debug][gc,heap  ] GC(3)  PSYoungGen      total 611840K, used 0K [0x00000000d5580000, 0x0000000100000000, 0x0000000100000000)
[2025-06-17T23:19:24.619+0300][7692][9664][debug][gc,heap  ] GC(3)   eden space 524800K, 0% used [0x00000000d5580000,0x00000000d5580000,0x00000000f5600000)
[2025-06-17T23:19:24.619+0300][7692][9664][debug][gc,heap  ] GC(3)   from space 87040K, 0% used [0x00000000fab00000,0x00000000fab00000,0x0000000100000000)
[2025-06-17T23:19:24.619+0300][7692][9664][debug][gc,heap  ] GC(3)   to   space 87040K, 0% used [0x00000000f5600000,0x00000000f5600000,0x00000000fab00000)
[2025-06-17T23:19:24.619+0300][7692][9664][debug][gc,heap  ] GC(3)  ParOldGen       total 1398272K, used 13726K [0x0000000080000000, 0x00000000d5580000, 0x00000000d5580000)
[2025-06-17T23:19:24.619+0300][7692][9664][debug][gc,heap  ] GC(3)   object space 1398272K, 0% used [0x0000000080000000,0x0000000080d67998,0x00000000d5580000)
[2025-06-17T23:19:24.619+0300][7692][9664][debug][gc,heap  ] GC(3)  Metaspace       used 25811K, committed 26240K, reserved 1114112K
[2025-06-17T23:19:24.619+0300][7692][9664][debug][gc,heap  ] GC(3)   class space    used 2456K, committed 2688K, reserved 1048576K
[2025-06-17T23:19:24.619+0300][7692][9664][info ][safepoint] Safepoint "CollectForMetadataAllocation", Time since last: 264806800 ns, Reaching safepoint: 164700 ns, Cleanup: 31100 ns, At safepoint: 33087600 ns, Total: 33283400 ns
[2025-06-17T23:19:24.948+0300][7692][9664][debug][safepoint] Safepoint synchronization initiated using striped semaphore wait barrier. (34 threads)
[2025-06-17T23:19:24.948+0300][7692][9664][info ][safepoint] Safepoint "ICBufferFull", Time since last: 327139700 ns, Reaching safepoint: 72500 ns, Cleanup: 112200 ns, At safepoint: 5600 ns, Total: 190300 ns
[2025-06-17T23:19:25.306+0300][7692][9664][debug][safepoint] Safepoint synchronization initiated using striped semaphore wait barrier. (34 threads)
[2025-06-17T23:19:25.306+0300][7692][9664][info ][safepoint] Safepoint "ICBufferFull", Time since last: 357888500 ns, Reaching safepoint: 66300 ns, Cleanup: 152300 ns, At safepoint: 6500 ns, Total: 225100 ns
[2025-06-17T23:19:25.604+0300][7692][9664][debug][safepoint] Safepoint synchronization initiated using striped semaphore wait barrier. (34 threads)
[2025-06-17T23:19:25.604+0300][7692][9664][info ][safepoint] Safepoint "ICBufferFull", Time since last: 298395200 ns, Reaching safepoint: 50100 ns, Cleanup: 104700 ns, At safepoint: 9900 ns, Total: 164700 ns
[2025-06-17T23:19:26.369+0300][7692][9664][debug][safepoint] Safepoint synchronization initiated using striped semaphore wait barrier. (34 threads)
[2025-06-17T23:19:26.369+0300][7692][9664][info ][safepoint] Safepoint "ICBufferFull", Time since last: 764419000 ns, Reaching safepoint: 84200 ns, Cleanup: 179600 ns, At safepoint: 6000 ns, Total: 269800 ns
[2025-06-17T23:19:26.730+0300][7692][9664][debug][safepoint] Safepoint synchronization initiated using striped semaphore wait barrier. (34 threads)
[2025-06-17T23:19:26.730+0300][7692][9664][info ][safepoint] Safepoint "ICBufferFull", Time since last: 360111200 ns, Reaching safepoint: 79700 ns, Cleanup: 113600 ns, At safepoint: 11000 ns, Total: 204300 ns
[2025-06-17T23:19:27.241+0300][7692][9664][debug][safepoint] Safepoint synchronization initiated using striped semaphore wait barrier. (34 threads)
[2025-06-17T23:19:27.242+0300][7692][9664][info ][safepoint] Safepoint "ICBufferFull", Time since last: 511450000 ns, Reaching safepoint: 51900 ns, Cleanup: 118700 ns, At safepoint: 2000 ns, Total: 172600 ns
[2025-06-17T23:19:27.915+0300][7692][9664][debug][safepoint] Safepoint synchronization initiated using striped semaphore wait barrier. (34 threads)
[2025-06-17T23:19:27.915+0300][7692][9664][info ][safepoint] Safepoint "ICBufferFull", Time since last: 674175900 ns, Reaching safepoint: 82900 ns, Cleanup: 104100 ns, At safepoint: 4400 ns, Total: 191400 ns
[2025-06-17T23:19:28.867+0300][7692][9664][debug][safepoint] Safepoint synchronization initiated using striped semaphore wait barrier. (34 threads)
[2025-06-17T23:19:28.867+0300][7692][9664][info ][safepoint] Safepoint "ICBufferFull", Time since last: 951173800 ns, Reaching safepoint: 82100 ns, Cleanup: 113800 ns, At safepoint: 13800 ns, Total: 209700 ns
[2025-06-17T23:19:29.538+0300][7692][9664][debug][safepoint] Safepoint synchronization initiated using striped semaphore wait barrier. (34 threads)
[2025-06-17T23:19:29.538+0300][7692][9664][info ][safepoint] Safepoint "ICBufferFull", Time since last: 671545000 ns, Reaching safepoint: 70400 ns, Cleanup: 114800 ns, At safepoint: 4900 ns, Total: 190100 ns
[2025-06-17T23:19:30.176+0300][7692][9664][debug][safepoint] Safepoint synchronization initiated using striped semaphore wait barrier. (34 threads)
[2025-06-17T23:19:30.176+0300][7692][9664][info ][safepoint] Safepoint "ICBufferFull", Time since last: 636279600 ns, Reaching safepoint: 123300 ns, Cleanup: 137100 ns, At safepoint: 18400 ns, Total: 278800 ns
[2025-06-17T23:19:30.176+0300][7692][9664][debug][safepoint] Safepoint synchronization initiated using striped semaphore wait barrier. (34 threads)
[2025-06-17T23:19:30.176+0300][7692][9664][info ][safepoint] Safepoint "ICBufferFull", Time since last: 74700 ns, Reaching safepoint: 84400 ns, Cleanup: 4000 ns, At safepoint: 21600 ns, Total: 110000 ns
[2025-06-17T23:19:30.177+0300][7692][9664][debug][safepoint] Safepoint synchronization initiated using striped semaphore wait barrier. (34 threads)
[2025-06-17T23:19:30.177+0300][7692][9664][info ][safepoint] Safepoint "ICBufferFull", Time since last: 1664900 ns, Reaching safepoint: 76500 ns, Cleanup: 6400 ns, At safepoint: 22900 ns, Total: 105800 ns
[2025-06-17T23:19:31.185+0300][7692][9664][debug][safepoint] Safepoint synchronization initiated using striped semaphore wait barrier. (33 threads)
[2025-06-17T23:19:31.185+0300][7692][9664][info ][safepoint] Safepoint "Cleanup", Time since last: 1007478900 ns, Reaching safepoint: 108900 ns, Cleanup: 120700 ns, At safepoint: 25300 ns, Total: 254900 ns
[2025-06-17T23:19:32.197+0300][7692][9664][debug][safepoint] Safepoint synchronization initiated using striped semaphore wait barrier. (32 threads)
[2025-06-17T23:19:32.197+0300][7692][9664][info ][safepoint] Safepoint "Cleanup", Time since last: 1011705700 ns, Reaching safepoint: 81000 ns, Cleanup: 52900 ns, At safepoint: 16100 ns, Total: 150000 ns
[2025-06-17T23:19:33.204+0300][7692][9664][debug][safepoint] Safepoint synchronization initiated using striped semaphore wait barrier. (32 threads)
[2025-06-17T23:19:33.204+0300][7692][9664][info ][safepoint] Safepoint "Cleanup", Time since last: 1006413900 ns, Reaching safepoint: 85300 ns, Cleanup: 95300 ns, At safepoint: 23600 ns, Total: 204200 ns
[2025-06-17T23:19:34.214+0300][7692][9664][debug][safepoint] Safepoint synchronization initiated using striped semaphore wait barrier. (32 threads)
[2025-06-17T23:19:34.214+0300][7692][9664][info ][safepoint] Safepoint "Cleanup", Time since last: 1010140600 ns, Reaching safepoint: 99400 ns, Cleanup: 55700 ns, At safepoint: 5900 ns, Total: 161000 ns
[2025-06-17T23:19:35.227+0300][7692][9664][debug][safepoint] Safepoint synchronization initiated using striped semaphore wait barrier. (32 threads)
[2025-06-17T23:19:35.227+0300][7692][9664][info ][safepoint] Safepoint "Cleanup", Time since last: 1012715400 ns, Reaching safepoint: 94300 ns, Cleanup: 50600 ns, At safepoint: 13100 ns, Total: 158000 ns
[2025-06-17T23:19:36.228+0300][7692][9664][debug][safepoint] Safepoint synchronization initiated using striped semaphore wait barrier. (32 threads)
[2025-06-17T23:19:36.228+0300][7692][9664][info ][safepoint] Safepoint "Cleanup", Time since last: 1001172100 ns, Reaching safepoint: 101900 ns, Cleanup: 56400 ns, At safepoint: 7400 ns, Total: 165700 ns
[2025-06-17T23:19:36.729+0300][7692][9664][debug][safepoint] Safepoint synchronization initiated using striped semaphore wait barrier. (32 threads)
[2025-06-17T23:19:36.729+0300][7692][9664][debug][gc,heap  ] GC(4) Heap before GC invocations=5 (full 2):
[2025-06-17T23:19:36.729+0300][7692][9664][debug][gc,heap  ] GC(4)  PSYoungGen      total 611840K, used 524800K [0x00000000d5580000, 0x0000000100000000, 0x0000000100000000)
[2025-06-17T23:19:36.729+0300][7692][9664][debug][gc,heap  ] GC(4)   eden space 524800K, 100% used [0x00000000d5580000,0x00000000f5600000,0x00000000f5600000)
[2025-06-17T23:19:36.729+0300][7692][9664][debug][gc,heap  ] GC(4)   from space 87040K, 0% used [0x00000000fab00000,0x00000000fab00000,0x0000000100000000)
[2025-06-17T23:19:36.729+0300][7692][9664][debug][gc,heap  ] GC(4)   to   space 87040K, 0% used [0x00000000f5600000,0x00000000f5600000,0x00000000fab00000)
[2025-06-17T23:19:36.729+0300][7692][9664][debug][gc,heap  ] GC(4)  ParOldGen       total 1398272K, used 13726K [0x0000000080000000, 0x00000000d5580000, 0x00000000d5580000)
[2025-06-17T23:19:36.729+0300][7692][9664][debug][gc,heap  ] GC(4)   object space 1398272K, 0% used [0x0000000080000000,0x0000000080d67998,0x00000000d5580000)
[2025-06-17T23:19:36.729+0300][7692][9664][debug][gc,heap  ] GC(4)  Metaspace       used 33604K, committed 34560K, reserved 1114112K
[2025-06-17T23:19:36.729+0300][7692][9664][debug][gc,heap  ] GC(4)   class space    used 2927K, committed 3328K, reserved 1048576K
[2025-06-17T23:19:36.732+0300][7692][9664][debug][gc,phases] GC(4) Scavenge 5.150ms
[2025-06-17T23:19:36.732+0300][7692][9664][debug][gc,phases] GC(4) Reference Processing 0.228ms
[2025-06-17T23:19:36.732+0300][7692][9664][debug][gc,phases] GC(4)   VM Weak                        Min:  0.0, Avg:  0.0, Max:  0.0, Diff:  0.0, Sum:  0.0, Workers: 8
[2025-06-17T23:19:36.732+0300][7692][9664][debug][gc,phases] GC(4)     Dead                           Min: 0, Avg:  0.0, Max: 0, Diff: 0, Sum: 0, Workers: 8
[2025-06-17T23:19:36.732+0300][7692][9664][debug][gc,phases] GC(4)     Total                          Min: 0, Avg: 66.2, Max: 384, Diff: 384, Sum: 530, Workers: 8
[2025-06-17T23:19:36.732+0300][7692][9664][debug][gc,phases] GC(4)   ObjectSynchronizer Weak        Min:  0.0, Avg:  0.0, Max:  0.0, Diff:  0.0, Sum:  0.0, Workers: 8
[2025-06-17T23:19:36.732+0300][7692][9664][debug][gc,phases] GC(4)     Dead                           Min: 0, Avg: 12.2, Max: 49, Diff: 49, Sum: 98, Workers: 8
[2025-06-17T23:19:36.732+0300][7692][9664][debug][gc,phases] GC(4)     Total                          Min: 0, Avg: 48.0, Max: 192, Diff: 192, Sum: 384, Workers: 8
[2025-06-17T23:19:36.732+0300][7692][9664][debug][gc,phases] GC(4)   JVMTI Tag Weak OopStorage      Min:  0.0, Avg:  0.0, Max:  0.0, Diff:  0.0, Sum:  0.0, Workers: 8
[2025-06-17T23:19:36.732+0300][7692][9664][debug][gc,phases] GC(4)     Dead                           Min: 0, Avg:  0.0, Max: 0, Diff: 0, Sum: 0, Workers: 8
[2025-06-17T23:19:36.732+0300][7692][9664][debug][gc,phases] GC(4)     Total                          Min: 0, Avg:  0.0, Max: 0, Diff: 0, Sum: 0, Workers: 8
[2025-06-17T23:19:36.732+0300][7692][9664][debug][gc,phases] GC(4)   StringTable Weak               Min:  0.0, Avg:  0.0, Max:  0.1, Diff:  0.1, Sum:  0.3, Workers: 8
[2025-06-17T23:19:36.732+0300][7692][9664][debug][gc,phases] GC(4)     Dead                           Min: 0, Avg:  3.2, Max: 11, Diff: 11, Sum: 26, Workers: 8
[2025-06-17T23:19:36.732+0300][7692][9664][debug][gc,phases] GC(4)     Total                          Min: 0, Avg: 3349.4, Max: 8171, Diff: 8171, Sum: 26795, Workers: 8
[2025-06-17T23:19:36.732+0300][7692][9664][debug][gc,phases] GC(4)   ResolvedMethodTable Weak       Min:  0.0, Avg:  0.0, Max:  0.0, Diff:  0.0, Sum:  0.1, Workers: 8
[2025-06-17T23:19:36.732+0300][7692][9664][debug][gc,phases] GC(4)     Dead                           Min: 0, Avg: 17.4, Max: 44, Diff: 44, Sum: 139, Workers: 8
[2025-06-17T23:19:36.732+0300][7692][9664][debug][gc,phases] GC(4)     Total                          Min: 0, Avg: 211.1, Max: 448, Diff: 448, Sum: 1689, Workers: 8
[2025-06-17T23:19:36.732+0300][7692][9664][debug][gc,phases] GC(4)   JNI Weak                       Min:  0.0, Avg:  0.0, Max:  0.0, Diff:  0.0, Sum:  0.0, Workers: 8
[2025-06-17T23:19:36.732+0300][7692][9664][debug][gc,phases] GC(4)     Dead                           Min: 0, Avg:  0.0, Max: 0, Diff: 0, Sum: 0, Workers: 8
[2025-06-17T23:19:36.732+0300][7692][9664][debug][gc,phases] GC(4)     Total                          Min: 0, Avg:  0.0, Max: 0, Diff: 0, Sum: 0, Workers: 8
[2025-06-17T23:19:36.732+0300][7692][9664][debug][gc,phases] GC(4)   StringDedup Table Weak         Min:  0.0, Avg:  0.0, Max:  0.0, Diff:  0.0, Sum:  0.0, Workers: 8
[2025-06-17T23:19:36.732+0300][7692][9664][debug][gc,phases] GC(4)     Dead                           Min: 0, Avg:  0.0, Max: 0, Diff: 0, Sum: 0, Workers: 8
[2025-06-17T23:19:36.732+0300][7692][9664][debug][gc,phases] GC(4)     Total                          Min: 0, Avg:  0.0, Max: 0, Diff: 0, Sum: 0, Workers: 8
[2025-06-17T23:19:36.732+0300][7692][9664][debug][gc,phases] GC(4)   StringDedup Requests0 Weak     Min:  0.0, Avg:  0.0, Max:  0.0, Diff:  0.0, Sum:  0.0, Workers: 8
[2025-06-17T23:19:36.732+0300][7692][9664][debug][gc,phases] GC(4)     Dead                           Min: 0, Avg:  0.0, Max: 0, Diff: 0, Sum: 0, Workers: 8
[2025-06-17T23:19:36.732+0300][7692][9664][debug][gc,phases] GC(4)     Total                          Min: 0, Avg:  0.0, Max: 0, Diff: 0, Sum: 0, Workers: 8
[2025-06-17T23:19:36.732+0300][7692][9664][debug][gc,phases] GC(4)   StringDedup Requests1 Weak     Min:  0.0, Avg:  0.0, Max:  0.0, Diff:  0.0, Sum:  0.0, Workers: 8
[2025-06-17T23:19:36.732+0300][7692][9664][debug][gc,phases] GC(4)     Dead                           Min: 0, Avg:  0.0, Max: 0, Diff: 0, Sum: 0, Workers: 8
[2025-06-17T23:19:36.732+0300][7692][9664][debug][gc,phases] GC(4)     Total                          Min: 0, Avg:  0.0, Max: 0, Diff: 0, Sum: 0, Workers: 8
[2025-06-17T23:19:36.732+0300][7692][9664][debug][gc,phases] GC(4)   Weak JFR Old Object Samples    Min:  0.0, Avg:  0.0, Max:  0.0, Diff:  0.0, Sum:  0.0, Workers: 8
[2025-06-17T23:19:36.732+0300][7692][9664][debug][gc,phases] GC(4)     Dead                           Min: 0, Avg:  0.0, Max: 0, Diff: 0, Sum: 0, Workers: 8
[2025-06-17T23:19:36.732+0300][7692][9664][debug][gc,phases] GC(4)     Total                          Min: 0, Avg:  0.0, Max: 0, Diff: 0, Sum: 0, Workers: 8
[2025-06-17T23:19:36.732+0300][7692][9664][debug][gc,phases] GC(4) Weak Processing 0.544ms
[2025-06-17T23:19:36.732+0300][7692][9664][info ][gc,heap  ] GC(4) PSYoungGen: 524800K(611840K)->3040K(611840K) Eden: 524800K(524800K)->0K(524800K) From: 0K(87040K)->3040K(87040K)
[2025-06-17T23:19:36.732+0300][7692][9664][info ][gc,heap  ] GC(4) ParOldGen: 13726K(1398272K)->13744K(1398272K)
[2025-06-17T23:19:36.732+0300][7692][9664][info ][gc       ] GC(4) Pause Young (Allocation Failure) 525M->16M(1963M) 6.067ms
[2025-06-17T23:19:36.732+0300][7692][9664][debug][gc,heap  ] GC(4) Heap after GC invocations=5 (full 2):
[2025-06-17T23:19:36.732+0300][7692][9664][debug][gc,heap  ] GC(4)  PSYoungGen      total 611840K, used 3040K [0x00000000d5580000, 0x0000000100000000, 0x0000000100000000)
[2025-06-17T23:19:36.732+0300][7692][9664][debug][gc,heap  ] GC(4)   eden space 524800K, 0% used [0x00000000d5580000,0x00000000d5580000,0x00000000f5600000)
[2025-06-17T23:19:36.732+0300][7692][9664][debug][gc,heap  ] GC(4)   from space 87040K, 3% used [0x00000000f5600000,0x00000000f58f80c0,0x00000000fab00000)
[2025-06-17T23:19:36.732+0300][7692][9664][debug][gc,heap  ] GC(4)   to   space 87040K, 0% used [0x00000000fab00000,0x00000000fab00000,0x0000000100000000)
[2025-06-17T23:19:36.732+0300][7692][9664][debug][gc,heap  ] GC(4)  ParOldGen       total 1398272K, used 13744K [0x0000000080000000, 0x00000000d5580000, 0x00000000d5580000)
[2025-06-17T23:19:36.732+0300][7692][9664][debug][gc,heap  ] GC(4)   object space 1398272K, 0% used [0x0000000080000000,0x0000000080d6c038,0x00000000d5580000)
[2025-06-17T23:19:36.732+0300][7692][9664][debug][gc,heap  ] GC(4)  Metaspace       used 33604K, committed 34560K, reserved 1114112K
[2025-06-17T23:19:36.732+0300][7692][9664][debug][gc,heap  ] GC(4)   class space    used 2927K, committed 3328K, reserved 1048576K
[2025-06-17T23:19:36.732+0300][7692][9664][info ][safepoint] Safepoint "ParallelGCFailedAllocation", Time since last: 501369900 ns, Reaching safepoint: 139900 ns, Cleanup: 33500 ns, At safepoint: 6469100 ns, Total: 6642500 ns
[2025-06-17T23:19:37.741+0300][7692][9664][debug][safepoint] Safepoint synchronization initiated using striped semaphore wait barrier. (32 threads)
[2025-06-17T23:19:37.741+0300][7692][9664][info ][safepoint] Safepoint "Cleanup", Time since last: 1004967100 ns, Reaching safepoint: 136900 ns, Cleanup: 66300 ns, At safepoint: 27800 ns, Total: 231000 ns
[2025-06-17T23:19:38.754+0300][7692][9664][debug][safepoint] Safepoint synchronization initiated using striped semaphore wait barrier. (32 threads)
[2025-06-17T23:19:38.754+0300][7692][9664][info ][safepoint] Safepoint "Cleanup", Time since last: 1012205000 ns, Reaching safepoint: 97700 ns, Cleanup: 39300 ns, At safepoint: 6800 ns, Total: 143800 ns
[2025-06-17T23:19:39.765+0300][7692][9664][debug][safepoint] Safepoint synchronization initiated using striped semaphore wait barrier. (32 threads)
[2025-06-17T23:19:39.765+0300][7692][9664][info ][safepoint] Safepoint "Cleanup", Time since last: 1010863100 ns, Reaching safepoint: 113900 ns, Cleanup: 30400 ns, At safepoint: 8500 ns, Total: 152800 ns
[2025-06-17T23:19:40.769+0300][7692][9664][debug][safepoint] Safepoint synchronization initiated using striped semaphore wait barrier. (32 threads)
[2025-06-17T23:19:40.769+0300][7692][9664][info ][safepoint] Safepoint "Cleanup", Time since last: 1004036000 ns, Reaching safepoint: 97600 ns, Cleanup: 29500 ns, At safepoint: 6700 ns, Total: 133800 ns
[2025-06-17T23:19:41.780+0300][7692][9664][debug][safepoint] Safepoint synchronization initiated using striped semaphore wait barrier. (32 threads)
[2025-06-17T23:19:41.780+0300][7692][9664][info ][safepoint] Safepoint "Cleanup", Time since last: 1011060200 ns, Reaching safepoint: 97700 ns, Cleanup: 32500 ns, At safepoint: 2300 ns, Total: 132500 ns
[2025-06-17T23:19:42.792+0300][7692][9664][debug][safepoint] Safepoint synchronization initiated using striped semaphore wait barrier. (32 threads)
[2025-06-17T23:19:42.792+0300][7692][19208][debug][safepoint] ... found polling page loop exception at pc = 0x000001dbac2b7806, stub =0x000001dbab7e5600
[2025-06-17T23:19:42.792+0300][7692][15236][debug][safepoint] ... found polling page loop exception at pc = 0x000001dbac2b7806, stub =0x000001dbab7e5600
[2025-06-17T23:19:42.792+0300][7692][9664 ][info ][safepoint] Safepoint "Cleanup", Time since last: 1011898100 ns, Reaching safepoint: 399400 ns, Cleanup: 31500 ns, At safepoint: 10500 ns, Total: 441400 ns
[2025-06-17T23:19:43.806+0300][7692][9664 ][debug][safepoint] Safepoint synchronization initiated using striped semaphore wait barrier. (32 threads)
[2025-06-17T23:19:43.806+0300][7692][9664 ][info ][safepoint] Safepoint "Cleanup", Time since last: 1013118600 ns, Reaching safepoint: 96400 ns, Cleanup: 31500 ns, At safepoint: 3200 ns, Total: 131100 ns
[2025-06-17T23:19:44.816+0300][7692][9664 ][debug][safepoint] Safepoint synchronization initiated using striped semaphore wait barrier. (32 threads)
[2025-06-17T23:19:44.816+0300][7692][9664 ][info ][safepoint] Safepoint "Cleanup", Time since last: 1010841400 ns, Reaching safepoint: 78300 ns, Cleanup: 20200 ns, At safepoint: 3000 ns, Total: 101500 ns
[2025-06-17T23:19:45.824+0300][7692][9664 ][debug][safepoint] Safepoint synchronization initiated using striped semaphore wait barrier. (32 threads)
[2025-06-17T23:19:45.824+0300][7692][9664 ][info ][safepoint] Safepoint "Cleanup", Time since last: 1007351300 ns, Reaching safepoint: 101600 ns, Cleanup: 29000 ns, At safepoint: 4900 ns, Total: 135500 ns
[2025-06-17T23:19:46.833+0300][7692][9664 ][debug][safepoint] Safepoint synchronization initiated using striped semaphore wait barrier. (32 threads)
[2025-06-17T23:19:46.833+0300][7692][9664 ][info ][safepoint] Safepoint "Cleanup", Time since last: 1008704400 ns, Reaching safepoint: 143300 ns, Cleanup: 39200 ns, At safepoint: 14500 ns, Total: 197000 ns
[2025-06-17T23:19:47.845+0300][7692][9664 ][debug][safepoint] Safepoint synchronization initiated using striped semaphore wait barrier. (32 threads)
[2025-06-17T23:19:47.845+0300][7692][9664 ][info ][safepoint] Safepoint "Cleanup", Time since last: 1011614700 ns, Reaching safepoint: 170300 ns, Cleanup: 45200 ns, At safepoint: 18100 ns, Total: 233600 ns
[2025-06-17T23:19:48.853+0300][7692][9664 ][debug][safepoint] Safepoint synchronization initiated using striped semaphore wait barrier. (32 threads)
[2025-06-17T23:19:48.853+0300][7692][2188 ][debug][safepoint] ... found polling page loop exception at pc = 0x000001dbac2a184a, stub =0x000001dbab7e5600
[2025-06-17T23:19:48.853+0300][7692][9664 ][info ][safepoint] Safepoint "Cleanup", Time since last: 1007875300 ns, Reaching safepoint: 160800 ns, Cleanup: 21300 ns, At safepoint: 10200 ns, Total: 192300 ns
[2025-06-17T23:19:49.858+0300][7692][9664 ][debug][safepoint] Safepoint synchronization initiated using striped semaphore wait barrier. (32 threads)
[2025-06-17T23:19:49.858+0300][7692][9664 ][info ][safepoint] Safepoint "Cleanup", Time since last: 1005207000 ns, Reaching safepoint: 73100 ns, Cleanup: 51300 ns, At safepoint: 4100 ns, Total: 128500 ns
[2025-06-17T23:19:50.861+0300][7692][9664 ][debug][safepoint] Safepoint synchronization initiated using striped semaphore wait barrier. (32 threads)
[2025-06-17T23:19:50.861+0300][7692][9664 ][info ][safepoint] Safepoint "Cleanup", Time since last: 1002431100 ns, Reaching safepoint: 140600 ns, Cleanup: 50100 ns, At safepoint: 11900 ns, Total: 202600 ns
[2025-06-17T23:19:51.872+0300][7692][9664 ][debug][safepoint] Safepoint synchronization initiated using striped semaphore wait barrier. (32 threads)
[2025-06-17T23:19:51.872+0300][7692][10772][debug][safepoint] ... found polling page loop exception at pc = 0x000001dbac1de647, stub =0x000001dbab7e5600
[2025-06-17T23:19:51.872+0300][7692][9664 ][info ][safepoint] Safepoint "Cleanup", Time since last: 1011498000 ns, Reaching safepoint: 212600 ns, Cleanup: 36100 ns, At safepoint: 16100 ns, Total: 264800 ns
[2025-06-17T23:19:52.887+0300][7692][9664 ][debug][safepoint] Safepoint synchronization initiated using striped semaphore wait barrier. (32 threads)
[2025-06-17T23:19:52.887+0300][7692][2492 ][debug][safepoint] ... found polling page loop exception at pc = 0x000001dbac1de647, stub =0x000001dbab7e5600
[2025-06-17T23:19:52.887+0300][7692][20816][debug][safepoint] ... found polling page loop exception at pc = 0x000001dbac4cd60a, stub =0x000001dbab7e5600
[2025-06-17T23:19:52.887+0300][7692][15236][debug][safepoint] ... found polling page loop exception at pc = 0x000001dbac05425a, stub =0x000001dbab7e5600
[2025-06-17T23:19:52.887+0300][7692][9664 ][info ][safepoint] Safepoint "Cleanup", Time since last: 1014029500 ns, Reaching safepoint: 303600 ns, Cleanup: 25400 ns, At safepoint: 20500 ns, Total: 349500 ns
[2025-06-17T23:19:53.103+0300][7692][9664 ][debug][safepoint] Safepoint synchronization initiated using striped semaphore wait barrier. (32 threads)
[2025-06-17T23:19:53.103+0300][7692][15236][debug][safepoint] ... found polling page loop exception at pc = 0x000001dbac166dfc, stub =0x000001dbab7e4d80
[2025-06-17T23:19:53.103+0300][7692][9664 ][debug][gc,heap  ] GC(5) Heap before GC invocations=6 (full 2):
[2025-06-17T23:19:53.103+0300][7692][9664 ][debug][gc,heap  ] GC(5)  PSYoungGen      total 611840K, used 527840K [0x00000000d5580000, 0x0000000100000000, 0x0000000100000000)
[2025-06-17T23:19:53.103+0300][7692][9664 ][debug][gc,heap  ] GC(5)   eden space 524800K, 100% used [0x00000000d5580000,0x00000000f5600000,0x00000000f5600000)
[2025-06-17T23:19:53.103+0300][7692][9664 ][debug][gc,heap  ] GC(5)   from space 87040K, 3% used [0x00000000f5600000,0x00000000f58f80c0,0x00000000fab00000)
[2025-06-17T23:19:53.103+0300][7692][9664 ][debug][gc,heap  ] GC(5)   to   space 87040K, 0% used [0x00000000fab00000,0x00000000fab00000,0x0000000100000000)
[2025-06-17T23:19:53.103+0300][7692][9664 ][debug][gc,heap  ] GC(5)  ParOldGen       total 1398272K, used 13744K [0x0000000080000000, 0x00000000d5580000, 0x00000000d5580000)
[2025-06-17T23:19:53.103+0300][7692][9664 ][debug][gc,heap  ] GC(5)   object space 1398272K, 0% used [0x0000000080000000,0x0000000080d6c038,0x00000000d5580000)
[2025-06-17T23:19:53.103+0300][7692][9664 ][debug][gc,heap  ] GC(5)  Metaspace       used 34085K, committed 35008K, reserved 1114112K
[2025-06-17T23:19:53.103+0300][7692][9664 ][debug][gc,heap  ] GC(5)   class space    used 2931K, committed 3328K, reserved 1048576K
[2025-06-17T23:19:53.103+0300][7692][9664 ][debug][gc,phases] GC(5) Scavenge 4.861ms
[2025-06-17T23:19:53.103+0300][7692][9664 ][debug][gc,phases] GC(5) Reference Processing 0.050ms
[2025-06-17T23:19:53.103+0300][7692][9664 ][debug][gc,phases] GC(5)   VM Weak                        Min:  0.0, Avg:  0.0, Max:  0.0, Diff:  0.0, Sum:  0.0, Workers: 8
[2025-06-17T23:19:53.103+0300][7692][9664 ][debug][gc,phases] GC(5)     Dead                           Min: 0, Avg:  0.0, Max: 0, Diff: 0, Sum: 0, Workers: 8
[2025-06-17T23:19:53.103+0300][7692][9664 ][debug][gc,phases] GC(5)     Total                          Min: 0, Avg: 67.1, Max: 409, Diff: 409, Sum: 537, Workers: 8
[2025-06-17T23:19:53.103+0300][7692][9664 ][debug][gc,phases] GC(5)   ObjectSynchronizer Weak        Min:  0.0, Avg:  0.0, Max:  0.0, Diff:  0.0, Sum:  0.0, Workers: 8
[2025-06-17T23:19:53.103+0300][7692][9664 ][debug][gc,phases] GC(5)     Dead                           Min: 0, Avg:  0.0, Max: 0, Diff: 0, Sum: 0, Workers: 8
[2025-06-17T23:19:53.103+0300][7692][9664 ][debug][gc,phases] GC(5)     Total                          Min: 0, Avg: 48.2, Max: 194, Diff: 194, Sum: 386, Workers: 8
[2025-06-17T23:19:53.103+0300][7692][9664 ][debug][gc,phases] GC(5)   JVMTI Tag Weak OopStorage      Min:  0.0, Avg:  0.0, Max:  0.0, Diff:  0.0, Sum:  0.0, Workers: 8
[2025-06-17T23:19:53.103+0300][7692][9664 ][debug][gc,phases] GC(5)     Dead                           Min: 0, Avg:  0.0, Max: 0, Diff: 0, Sum: 0, Workers: 8
[2025-06-17T23:19:53.103+0300][7692][9664 ][debug][gc,phases] GC(5)     Total                          Min: 0, Avg:  0.0, Max: 0, Diff: 0, Sum: 0, Workers: 8
[2025-06-17T23:19:53.103+0300][7692][9664 ][debug][gc,phases] GC(5)   StringTable Weak               Min:  0.0, Avg:  0.0, Max:  0.1, Diff:  0.1, Sum:  0.3, Workers: 8
[2025-06-17T23:19:53.103+0300][7692][9664 ][debug][gc,phases] GC(5)     Dead                           Min: 0, Avg:  0.1, Max: 1, Diff: 1, Sum: 1, Workers: 8
[2025-06-17T23:19:53.103+0300][7692][9664 ][debug][gc,phases] GC(5)     Total                          Min: 0, Avg: 3397.1, Max: 13824, Diff: 13824, Sum: 27177, Workers: 8
[2025-06-17T23:19:53.103+0300][7692][9664 ][debug][gc,phases] GC(5)   ResolvedMethodTable Weak       Min:  0.0, Avg:  0.0, Max:  0.0, Diff:  0.0, Sum:  0.0, Workers: 8
[2025-06-17T23:19:53.103+0300][7692][9664 ][debug][gc,phases] GC(5)     Dead                           Min: 0, Avg:  0.0, Max: 0, Diff: 0, Sum: 0, Workers: 8
[2025-06-17T23:19:53.103+0300][7692][9664 ][debug][gc,phases] GC(5)     Total                          Min: 0, Avg: 212.0, Max: 896, Diff: 896, Sum: 1696, Workers: 8
[2025-06-17T23:19:53.103+0300][7692][9664 ][debug][gc,phases] GC(5)   JNI Weak                       Min:  0.0, Avg:  0.0, Max:  0.0, Diff:  0.0, Sum:  0.0, Workers: 8
[2025-06-17T23:19:53.103+0300][7692][9664 ][debug][gc,phases] GC(5)     Dead                           Min: 0, Avg:  0.0, Max: 0, Diff: 0, Sum: 0, Workers: 8
[2025-06-17T23:19:53.103+0300][7692][9664 ][debug][gc,phases] GC(5)     Total                          Min: 0, Avg:  0.1, Max: 1, Diff: 1, Sum: 1, Workers: 8
[2025-06-17T23:19:53.103+0300][7692][9664 ][debug][gc,phases] GC(5)   StringDedup Table Weak         Min:  0.0, Avg:  0.0, Max:  0.0, Diff:  0.0, Sum:  0.0, Workers: 8
[2025-06-17T23:19:53.103+0300][7692][9664 ][debug][gc,phases] GC(5)     Dead                           Min: 0, Avg:  0.0, Max: 0, Diff: 0, Sum: 0, Workers: 8
[2025-06-17T23:19:53.103+0300][7692][9664 ][debug][gc,phases] GC(5)     Total                          Min: 0, Avg:  0.0, Max: 0, Diff: 0, Sum: 0, Workers: 8
[2025-06-17T23:19:53.103+0300][7692][9664 ][debug][gc,phases] GC(5)   StringDedup Requests0 Weak     Min:  0.0, Avg:  0.0, Max:  0.0, Diff:  0.0, Sum:  0.0, Workers: 8
[2025-06-17T23:19:53.103+0300][7692][9664 ][debug][gc,phases] GC(5)     Dead                           Min: 0, Avg:  0.0, Max: 0, Diff: 0, Sum: 0, Workers: 8
[2025-06-17T23:19:53.103+0300][7692][9664 ][debug][gc,phases] GC(5)     Total                          Min: 0, Avg:  0.0, Max: 0, Diff: 0, Sum: 0, Workers: 8
[2025-06-17T23:19:53.103+0300][7692][9664 ][debug][gc,phases] GC(5)   StringDedup Requests1 Weak     Min:  0.0, Avg:  0.0, Max:  0.0, Diff:  0.0, Sum:  0.0, Workers: 8
[2025-06-17T23:19:53.103+0300][7692][9664 ][debug][gc,phases] GC(5)     Dead                           Min: 0, Avg:  0.0, Max: 0, Diff: 0, Sum: 0, Workers: 8
[2025-06-17T23:19:53.103+0300][7692][9664 ][debug][gc,phases] GC(5)     Total                          Min: 0, Avg:  0.0, Max: 0, Diff: 0, Sum: 0, Workers: 8
[2025-06-17T23:19:53.103+0300][7692][9664 ][debug][gc,phases] GC(5)   Weak JFR Old Object Samples    Min:  0.0, Avg:  0.0, Max:  0.0, Diff:  0.0, Sum:  0.0, Workers: 8
[2025-06-17T23:19:53.103+0300][7692][9664 ][debug][gc,phases] GC(5)     Dead                           Min: 0, Avg:  0.0, Max: 0, Diff: 0, Sum: 0, Workers: 8
[2025-06-17T23:19:53.103+0300][7692][9664 ][debug][gc,phases] GC(5)     Total                          Min: 0, Avg:  0.0, Max: 0, Diff: 0, Sum: 0, Workers: 8
[2025-06-17T23:19:53.103+0300][7692][9664 ][debug][gc,phases] GC(5) Weak Processing 0.623ms
[2025-06-17T23:19:53.103+0300][7692][9664 ][info ][gc,heap  ] GC(5) PSYoungGen: 527840K(611840K)->3008K(611840K) Eden: 524800K(524800K)->0K(524800K) From: 3040K(87040K)->3008K(87040K)
[2025-06-17T23:19:53.103+0300][7692][9664 ][info ][gc,heap  ] GC(5) ParOldGen: 13744K(1398272K)->13752K(1398272K)
[2025-06-17T23:19:53.103+0300][7692][9664 ][info ][gc       ] GC(5) Pause Young (Allocation Failure) 528M->16M(1963M) 5.657ms
[2025-06-17T23:19:53.103+0300][7692][9664 ][debug][gc,heap  ] GC(5) Heap after GC invocations=6 (full 2):
[2025-06-17T23:19:53.103+0300][7692][9664 ][debug][gc,heap  ] GC(5)  PSYoungGen      total 611840K, used 3008K [0x00000000d5580000, 0x0000000100000000, 0x0000000100000000)
[2025-06-17T23:19:53.103+0300][7692][9664 ][debug][gc,heap  ] GC(5)   eden space 524800K, 0% used [0x00000000d5580000,0x00000000d5580000,0x00000000f5600000)
[2025-06-17T23:19:53.103+0300][7692][9664 ][debug][gc,heap  ] GC(5)   from space 87040K, 3% used [0x00000000fab00000,0x00000000fadf00e0,0x0000000100000000)
[2025-06-17T23:19:53.103+0300][7692][9664 ][debug][gc,heap  ] GC(5)   to   space 87040K, 0% used [0x00000000f5600000,0x00000000f5600000,0x00000000fab00000)
[2025-06-17T23:19:53.103+0300][7692][9664 ][debug][gc,heap  ] GC(5)  ParOldGen       total 1398272K, used 13752K [0x0000000080000000, 0x00000000d5580000, 0x00000000d5580000)
[2025-06-17T23:19:53.103+0300][7692][9664 ][debug][gc,heap  ] GC(5)   object space 1398272K, 0% used [0x0000000080000000,0x0000000080d6e038,0x00000000d5580000)
[2025-06-17T23:19:53.103+0300][7692][9664 ][debug][gc,heap  ] GC(5)  Metaspace       used 34085K, committed 35008K, reserved 1114112K
[2025-06-17T23:19:53.103+0300][7692][9664 ][debug][gc,heap  ] GC(5)   class space    used 2931K, committed 3328K, reserved 1048576K
[2025-06-17T23:19:53.103+0300][7692][9664 ][info ][safepoint] Safepoint "ParallelGCFailedAllocation", Time since last: 216748500 ns, Reaching safepoint: 171300 ns, Cleanup: 19000 ns, At safepoint: 5972000 ns, Total: 6162300 ns
[2025-06-17T23:19:54.111+0300][7692][9664 ][debug][safepoint] Safepoint synchronization initiated using striped semaphore wait barrier. (32 threads)
[2025-06-17T23:19:54.111+0300][7692][9664 ][info ][safepoint] Safepoint "Cleanup", Time since last: 1001379400 ns, Reaching safepoint: 133300 ns, Cleanup: 87100 ns, At safepoint: 16800 ns, Total: 237200 ns
[2025-06-17T23:19:55.119+0300][7692][9664 ][debug][safepoint] Safepoint synchronization initiated using striped semaphore wait barrier. (32 threads)
[2025-06-17T23:19:55.119+0300][7692][9664 ][info ][safepoint] Safepoint "Cleanup", Time since last: 1007627200 ns, Reaching safepoint: 93500 ns, Cleanup: 27200 ns, At safepoint: 7200 ns, Total: 127900 ns
[2025-06-17T23:19:56.134+0300][7692][9664 ][debug][safepoint] Safepoint synchronization initiated using striped semaphore wait barrier. (32 threads)
[2025-06-17T23:19:56.134+0300][7692][9664 ][info ][safepoint] Safepoint "Cleanup", Time since last: 1014596200 ns, Reaching safepoint: 151300 ns, Cleanup: 43700 ns, At safepoint: 65200 ns, Total: 260200 ns
[2025-06-17T23:19:57.138+0300][7692][9664 ][debug][safepoint] Safepoint synchronization initiated using striped semaphore wait barrier. (32 threads)
[2025-06-17T23:19:57.138+0300][7692][9664 ][info ][safepoint] Safepoint "Cleanup", Time since last: 1003808600 ns, Reaching safepoint: 125600 ns, Cleanup: 45800 ns, At safepoint: 13400 ns, Total: 184800 ns
[2025-06-17T23:19:58.150+0300][7692][9664 ][debug][safepoint] Safepoint synchronization initiated using striped semaphore wait barrier. (32 threads)
[2025-06-17T23:19:58.150+0300][7692][9664 ][info ][safepoint] Safepoint "Cleanup", Time since last: 1011369000 ns, Reaching safepoint: 158300 ns, Cleanup: 49300 ns, At safepoint: 26900 ns, Total: 234500 ns
[2025-06-17T23:19:59.162+0300][7692][9664 ][debug][safepoint] Safepoint synchronization initiated using striped semaphore wait barrier. (32 threads)
[2025-06-17T23:19:59.162+0300][7692][9664 ][info ][safepoint] Safepoint "Cleanup", Time since last: 1012687000 ns, Reaching safepoint: 104900 ns, Cleanup: 16400 ns, At safepoint: 15800 ns, Total: 137100 ns
[2025-06-17T23:20:00.172+0300][7692][9664 ][debug][safepoint] Safepoint synchronization initiated using striped semaphore wait barrier. (32 threads)
[2025-06-17T23:20:00.173+0300][7692][9664 ][info ][safepoint] Safepoint "Cleanup", Time since last: 1009482700 ns, Reaching safepoint: 177400 ns, Cleanup: 48400 ns, At safepoint: 24100 ns, Total: 249900 ns
[2025-06-17T23:20:01.175+0300][7692][9664 ][debug][safepoint] Safepoint synchronization initiated using striped semaphore wait barrier. (32 threads)
[2025-06-17T23:20:01.175+0300][7692][9664 ][info ][safepoint] Safepoint "Cleanup", Time since last: 1003239500 ns, Reaching safepoint: 150600 ns, Cleanup: 42500 ns, At safepoint: 25100 ns, Total: 218200 ns
[2025-06-17T23:20:04.199+0300][7692][9664 ][debug][safepoint] Safepoint synchronization initiated using striped semaphore wait barrier. (32 threads)
[2025-06-17T23:20:04.199+0300][7692][9664 ][info ][safepoint] Safepoint "Cleanup", Time since last: 3023060400 ns, Reaching safepoint: 99500 ns, Cleanup: 30500 ns, At safepoint: 28900 ns, Total: 158900 ns
[2025-06-17T23:20:05.203+0300][7692][9664 ][debug][safepoint] Safepoint synchronization initiated using striped semaphore wait barrier. (32 threads)
[2025-06-17T23:20:05.203+0300][7692][9664 ][info ][safepoint] Safepoint "Cleanup", Time since last: 1003848300 ns, Reaching safepoint: 152100 ns, Cleanup: 79900 ns, At safepoint: 16700 ns, Total: 248700 ns
[2025-06-17T23:20:06.210+0300][7692][9664 ][debug][safepoint] Safepoint synchronization initiated using striped semaphore wait barrier. (32 threads)
[2025-06-17T23:20:06.210+0300][7692][20720][debug][safepoint] ... found polling page loop exception at pc = 0x000001dbac41ac05, stub =0x000001dbab7e5600
[2025-06-17T23:20:06.210+0300][7692][9664 ][info ][safepoint] Safepoint "Cleanup", Time since last: 1006821500 ns, Reaching safepoint: 358800 ns, Cleanup: 51500 ns, At safepoint: 33700 ns, Total: 444000 ns
[2025-06-17T23:20:08.221+0300][7692][9664 ][debug][safepoint] Safepoint synchronization initiated using striped semaphore wait barrier. (32 threads)
[2025-06-17T23:20:08.221+0300][7692][9664 ][info ][safepoint] Safepoint "Cleanup", Time since last: 2010655300 ns, Reaching safepoint: 205500 ns, Cleanup: 48000 ns, At safepoint: 50300 ns, Total: 303800 ns
[2025-06-17T23:20:09.227+0300][7692][9664 ][debug][safepoint] Safepoint synchronization initiated using striped semaphore wait barrier. (32 threads)
[2025-06-17T23:20:09.227+0300][7692][9664 ][info ][safepoint] Safepoint "Cleanup", Time since last: 1005367200 ns, Reaching safepoint: 132400 ns, Cleanup: 49300 ns, At safepoint: 17000 ns, Total: 198700 ns
[2025-06-17T23:20:09.975+0300][7692][9664 ][debug][safepoint] Safepoint synchronization initiated using striped semaphore wait barrier. (32 threads)
[2025-06-17T23:20:09.976+0300][7692][15236][debug][safepoint] ... found polling page loop exception at pc = 0x000001dbac2c3c0b, stub =0x000001dbab7e4d80
[2025-06-17T23:20:09.976+0300][7692][17756][debug][safepoint] ... found polling page loop exception at pc = 0x000001dbac166dfc, stub =0x000001dbab7e4d80
[2025-06-17T23:20:09.976+0300][7692][9664 ][debug][gc,heap  ] GC(6) Heap before GC invocations=7 (full 2):
[2025-06-17T23:20:09.976+0300][7692][9664 ][debug][gc,heap  ] GC(6)  PSYoungGen      total 611840K, used 527808K [0x00000000d5580000, 0x0000000100000000, 0x0000000100000000)
[2025-06-17T23:20:09.976+0300][7692][9664 ][debug][gc,heap  ] GC(6)   eden space 524800K, 100% used [0x00000000d5580000,0x00000000f5600000,0x00000000f5600000)
[2025-06-17T23:20:09.976+0300][7692][9664 ][debug][gc,heap  ] GC(6)   from space 87040K, 3% used [0x00000000fab00000,0x00000000fadf00e0,0x0000000100000000)
[2025-06-17T23:20:09.976+0300][7692][9664 ][debug][gc,heap  ] GC(6)   to   space 87040K, 0% used [0x00000000f5600000,0x00000000f5600000,0x00000000fab00000)
[2025-06-17T23:20:09.976+0300][7692][9664 ][debug][gc,heap  ] GC(6)  ParOldGen       total 1398272K, used 13752K [0x0000000080000000, 0x00000000d5580000, 0x00000000d5580000)
[2025-06-17T23:20:09.976+0300][7692][9664 ][debug][gc,heap  ] GC(6)   object space 1398272K, 0% used [0x0000000080000000,0x0000000080d6e038,0x00000000d5580000)
[2025-06-17T23:20:09.976+0300][7692][9664 ][debug][gc,heap  ] GC(6)  Metaspace       used 34368K, committed 35264K, reserved 1114112K
[2025-06-17T23:20:09.976+0300][7692][9664 ][debug][gc,heap  ] GC(6)   class space    used 2931K, committed 3328K, reserved 1048576K
[2025-06-17T23:20:09.980+0300][7692][9664 ][debug][gc,phases] GC(6) Scavenge 6.090ms
[2025-06-17T23:20:09.980+0300][7692][9664 ][debug][gc,phases] GC(6) Reference Processing 0.038ms
[2025-06-17T23:20:09.980+0300][7692][9664 ][debug][gc,phases] GC(6)   VM Weak                        Min:  0.0, Avg:  0.0, Max:  0.0, Diff:  0.0, Sum:  0.0, Workers: 8
[2025-06-17T23:20:09.980+0300][7692][9664 ][debug][gc,phases] GC(6)     Dead                           Min: 0, Avg:  0.0, Max: 0, Diff: 0, Sum: 0, Workers: 8
[2025-06-17T23:20:09.980+0300][7692][9664 ][debug][gc,phases] GC(6)     Total                          Min: 0, Avg: 67.1, Max: 384, Diff: 384, Sum: 537, Workers: 8
[2025-06-17T23:20:09.980+0300][7692][9664 ][debug][gc,phases] GC(6)   ObjectSynchronizer Weak        Min:  0.0, Avg:  0.0, Max:  0.0, Diff:  0.0, Sum:  0.0, Workers: 8
[2025-06-17T23:20:09.980+0300][7692][9664 ][debug][gc,phases] GC(6)     Dead                           Min: 0, Avg:  0.0, Max: 0, Diff: 0, Sum: 0, Workers: 8
[2025-06-17T23:20:09.980+0300][7692][9664 ][debug][gc,phases] GC(6)     Total                          Min: 0, Avg: 48.2, Max: 194, Diff: 194, Sum: 386, Workers: 8
[2025-06-17T23:20:09.980+0300][7692][9664 ][debug][gc,phases] GC(6)   JVMTI Tag Weak OopStorage      Min:  0.0, Avg:  0.0, Max:  0.0, Diff:  0.0, Sum:  0.0, Workers: 8
[2025-06-17T23:20:09.980+0300][7692][9664 ][debug][gc,phases] GC(6)     Dead                           Min: 0, Avg:  0.0, Max: 0, Diff: 0, Sum: 0, Workers: 8
[2025-06-17T23:20:09.980+0300][7692][9664 ][debug][gc,phases] GC(6)     Total                          Min: 0, Avg:  0.0, Max: 0, Diff: 0, Sum: 0, Workers: 8
[2025-06-17T23:20:09.980+0300][7692][9664 ][debug][gc,phases] GC(6)   StringTable Weak               Min:  0.0, Avg:  0.0, Max:  0.1, Diff:  0.1, Sum:  0.3, Workers: 8
[2025-06-17T23:20:09.980+0300][7692][9664 ][debug][gc,phases] GC(6)     Dead                           Min: 0, Avg:  0.0, Max: 0, Diff: 0, Sum: 0, Workers: 8
[2025-06-17T23:20:09.980+0300][7692][9664 ][debug][gc,phases] GC(6)     Total                          Min: 0, Avg: 3416.9, Max: 9024, Diff: 9024, Sum: 27335, Workers: 8
[2025-06-17T23:20:09.980+0300][7692][9664 ][debug][gc,phases] GC(6)   ResolvedMethodTable Weak       Min:  0.0, Avg:  0.0, Max:  0.0, Diff:  0.0, Sum:  0.0, Workers: 8
[2025-06-17T23:20:09.980+0300][7692][9664 ][debug][gc,phases] GC(6)     Dead                           Min: 0, Avg:  0.1, Max: 1, Diff: 1, Sum: 1, Workers: 8
[2025-06-17T23:20:09.980+0300][7692][9664 ][debug][gc,phases] GC(6)     Total                          Min: 0, Avg: 212.0, Max: 448, Diff: 448, Sum: 1696, Workers: 8
[2025-06-17T23:20:09.980+0300][7692][9664 ][debug][gc,phases] GC(6)   JNI Weak                       Min:  0.0, Avg:  0.0, Max:  0.0, Diff:  0.0, Sum:  0.0, Workers: 8
[2025-06-17T23:20:09.980+0300][7692][9664 ][debug][gc,phases] GC(6)     Dead                           Min: 0, Avg:  0.0, Max: 0, Diff: 0, Sum: 0, Workers: 8
[2025-06-17T23:20:09.980+0300][7692][9664 ][debug][gc,phases] GC(6)     Total                          Min: 0, Avg:  0.0, Max: 0, Diff: 0, Sum: 0, Workers: 8
[2025-06-17T23:20:09.980+0300][7692][9664 ][debug][gc,phases] GC(6)   StringDedup Table Weak         Min:  0.0, Avg:  0.0, Max:  0.0, Diff:  0.0, Sum:  0.0, Workers: 8
[2025-06-17T23:20:09.980+0300][7692][9664 ][debug][gc,phases] GC(6)     Dead                           Min: 0, Avg:  0.0, Max: 0, Diff: 0, Sum: 0, Workers: 8
[2025-06-17T23:20:09.980+0300][7692][9664 ][debug][gc,phases] GC(6)     Total                          Min: 0, Avg:  0.0, Max: 0, Diff: 0, Sum: 0, Workers: 8
[2025-06-17T23:20:09.980+0300][7692][9664 ][debug][gc,phases] GC(6)   StringDedup Requests0 Weak     Min:  0.0, Avg:  0.0, Max:  0.0, Diff:  0.0, Sum:  0.0, Workers: 8
[2025-06-17T23:20:09.980+0300][7692][9664 ][debug][gc,phases] GC(6)     Dead                           Min: 0, Avg:  0.0, Max: 0, Diff: 0, Sum: 0, Workers: 8
[2025-06-17T23:20:09.980+0300][7692][9664 ][debug][gc,phases] GC(6)     Total                          Min: 0, Avg:  0.0, Max: 0, Diff: 0, Sum: 0, Workers: 8
[2025-06-17T23:20:09.980+0300][7692][9664 ][debug][gc,phases] GC(6)   StringDedup Requests1 Weak     Min:  0.0, Avg:  0.0, Max:  0.0, Diff:  0.0, Sum:  0.0, Workers: 8
[2025-06-17T23:20:09.980+0300][7692][9664 ][debug][gc,phases] GC(6)     Dead                           Min: 0, Avg:  0.0, Max: 0, Diff: 0, Sum: 0, Workers: 8
[2025-06-17T23:20:09.980+0300][7692][9664 ][debug][gc,phases] GC(6)     Total                          Min: 0, Avg:  0.0, Max: 0, Diff: 0, Sum: 0, Workers: 8
[2025-06-17T23:20:09.980+0300][7692][9664 ][debug][gc,phases] GC(6)   Weak JFR Old Object Samples    Min:  0.0, Avg:  0.0, Max:  0.0, Diff:  0.0, Sum:  0.0, Workers: 8
[2025-06-17T23:20:09.980+0300][7692][9664 ][debug][gc,phases] GC(6)     Dead                           Min: 0, Avg:  0.0, Max: 0, Diff: 0, Sum: 0, Workers: 8
[2025-06-17T23:20:09.980+0300][7692][9664 ][debug][gc,phases] GC(6)     Total                          Min: 0, Avg:  0.0, Max: 0, Diff: 0, Sum: 0, Workers: 8
[2025-06-17T23:20:09.980+0300][7692][9664 ][debug][gc,phases] GC(6) Weak Processing 0.500ms
[2025-06-17T23:20:09.980+0300][7692][9664 ][info ][gc,heap  ] GC(6) PSYoungGen: 527808K(611840K)->3072K(611840K) Eden: 524800K(524800K)->0K(524800K) From: 3008K(87040K)->3072K(87040K)
[2025-06-17T23:20:09.980+0300][7692][9664 ][info ][gc,heap  ] GC(6) ParOldGen: 13752K(1398272K)->13760K(1398272K)
[2025-06-17T23:20:09.980+0300][7692][9664 ][info ][gc       ] GC(6) Pause Young (Allocation Failure) 528M->16M(1963M) 6.733ms
[2025-06-17T23:20:09.980+0300][7692][9664 ][debug][gc,heap  ] GC(6) Heap after GC invocations=7 (full 2):
[2025-06-17T23:20:09.980+0300][7692][9664 ][debug][gc,heap  ] GC(6)  PSYoungGen      total 611840K, used 3072K [0x00000000d5580000, 0x0000000100000000, 0x0000000100000000)
[2025-06-17T23:20:09.980+0300][7692][9664 ][debug][gc,heap  ] GC(6)   eden space 524800K, 0% used [0x00000000d5580000,0x00000000d5580000,0x00000000f5600000)
[2025-06-17T23:20:09.980+0300][7692][9664 ][debug][gc,heap  ] GC(6)   from space 87040K, 3% used [0x00000000f5600000,0x00000000f59000a0,0x00000000fab00000)
[2025-06-17T23:20:09.980+0300][7692][9664 ][debug][gc,heap  ] GC(6)   to   space 87040K, 0% used [0x00000000fab00000,0x00000000fab00000,0x0000000100000000)
[2025-06-17T23:20:09.980+0300][7692][9664 ][debug][gc,heap  ] GC(6)  ParOldGen       total 1398272K, used 13760K [0x0000000080000000, 0x00000000d5580000, 0x00000000d5580000)
[2025-06-17T23:20:09.980+0300][7692][9664 ][debug][gc,heap  ] GC(6)   object space 1398272K, 0% used [0x0000000080000000,0x0000000080d70038,0x00000000d5580000)
[2025-06-17T23:20:09.980+0300][7692][9664 ][debug][gc,heap  ] GC(6)  Metaspace       used 34368K, committed 35264K, reserved 1114112K
[2025-06-17T23:20:09.980+0300][7692][9664 ][debug][gc,heap  ] GC(6)   class space    used 2931K, committed 3328K, reserved 1048576K
[2025-06-17T23:20:09.980+0300][7692][9664 ][info ][safepoint] Safepoint "ParallelGCFailedAllocation", Time since last: 748595800 ns, Reaching safepoint: 315900 ns, Cleanup: 6500 ns, At safepoint: 7066400 ns, Total: 7388800 ns
[2025-06-17T23:20:10.987+0300][7692][9664 ][debug][safepoint] Safepoint synchronization initiated using striped semaphore wait barrier. (32 threads)
[2025-06-17T23:20:10.987+0300][7692][9664 ][info ][safepoint] Safepoint "Cleanup", Time since last: 1003465300 ns, Reaching safepoint: 83600 ns, Cleanup: 35100 ns, At safepoint: 7800 ns, Total: 126500 ns
[2025-06-17T23:20:11.996+0300][7692][9664 ][debug][safepoint] Safepoint synchronization initiated using striped semaphore wait barrier. (32 threads)
[2025-06-17T23:20:11.996+0300][7692][9664 ][info ][safepoint] Safepoint "Cleanup", Time since last: 1009618400 ns, Reaching safepoint: 152800 ns, Cleanup: 30600 ns, At safepoint: 35700 ns, Total: 219100 ns
[2025-06-17T23:20:14.017+0300][7692][9664 ][debug][safepoint] Safepoint synchronization initiated using striped semaphore wait barrier. (32 threads)
[2025-06-17T23:20:14.017+0300][7692][9664 ][info ][safepoint] Safepoint "Cleanup", Time since last: 2020380700 ns, Reaching safepoint: 89300 ns, Cleanup: 25000 ns, At safepoint: 10200 ns, Total: 124500 ns
[2025-06-17T23:20:16.029+0300][7692][9664 ][debug][safepoint] Safepoint synchronization initiated using striped semaphore wait barrier. (32 threads)
[2025-06-17T23:20:16.029+0300][7692][9664 ][info ][safepoint] Safepoint "Cleanup", Time since last: 2012190600 ns, Reaching safepoint: 149400 ns, Cleanup: 45400 ns, At safepoint: 26300 ns, Total: 221100 ns
[2025-06-17T23:20:17.034+0300][7692][9664 ][debug][safepoint] Safepoint synchronization initiated using striped semaphore wait barrier. (32 threads)
[2025-06-17T23:20:17.034+0300][7692][9664 ][info ][safepoint] Safepoint "Cleanup", Time since last: 1004295600 ns, Reaching safepoint: 81500 ns, Cleanup: 21700 ns, At safepoint: 8800 ns, Total: 112000 ns
[2025-06-17T23:20:19.054+0300][7692][9664 ][debug][safepoint] Safepoint synchronization initiated using striped semaphore wait barrier. (32 threads)
[2025-06-17T23:20:19.054+0300][7692][9664 ][info ][safepoint] Safepoint "Cleanup", Time since last: 2020051000 ns, Reaching safepoint: 74800 ns, Cleanup: 25100 ns, At safepoint: 2200 ns, Total: 102100 ns
[2025-06-17T23:20:20.060+0300][7692][9664 ][debug][safepoint] Safepoint synchronization initiated using striped semaphore wait barrier. (32 threads)
[2025-06-17T23:20:20.061+0300][7692][9664 ][info ][safepoint] Safepoint "Cleanup", Time since last: 1006427000 ns, Reaching safepoint: 143500 ns, Cleanup: 32300 ns, At safepoint: 12600 ns, Total: 188400 ns
[2025-06-17T23:20:20.242+0300][7692][2492 ][debug][safepoint] ... found polling page loop exception at pc = 0x000001dbac41ac05, stub =0x000001dbab7e5600
[2025-06-17T23:20:21.246+0300][7692][9664 ][debug][safepoint] Safepoint synchronization initiated using striped semaphore wait barrier. (32 threads)
[2025-06-17T23:20:21.246+0300][7692][9664 ][info ][safepoint] Safepoint "Cleanup", Time since last: 1185109700 ns, Reaching safepoint: 148700 ns, Cleanup: 25300 ns, At safepoint: 46600 ns, Total: 220600 ns
[2025-06-17T23:20:23.253+0300][7692][9664 ][debug][safepoint] Safepoint synchronization initiated using striped semaphore wait barrier. (32 threads)
[2025-06-17T23:20:23.253+0300][7692][20264][debug][safepoint] ... found polling page loop exception at pc = 0x000001dbac4d0000, stub =0x000001dbab7e5600
[2025-06-17T23:20:23.253+0300][7692][1312 ][debug][safepoint] ... found polling page loop exception at pc = 0x000001dbac525a21, stub =0x000001dbab7e5600
[2025-06-17T23:20:23.253+0300][7692][9664 ][info ][safepoint] Safepoint "Cleanup", Time since last: 2007434300 ns, Reaching safepoint: 317700 ns, Cleanup: 23100 ns, At safepoint: 12500 ns, Total: 353300 ns
[2025-06-17T23:20:24.268+0300][7692][9664 ][debug][safepoint] Safepoint synchronization initiated using striped semaphore wait barrier. (32 threads)
[2025-06-17T23:20:24.268+0300][7692][9664 ][info ][safepoint] Safepoint "Cleanup", Time since last: 1013920900 ns, Reaching safepoint: 138100 ns, Cleanup: 47000 ns, At safepoint: 38700 ns, Total: 223800 ns
[2025-06-17T23:20:25.269+0300][7692][9664 ][debug][safepoint] Safepoint synchronization initiated using striped semaphore wait barrier. (32 threads)
[2025-06-17T23:20:25.269+0300][7692][9664 ][info ][safepoint] Safepoint "Cleanup", Time since last: 1001368200 ns, Reaching safepoint: 112700 ns, Cleanup: 367100 ns, At safepoint: 14400 ns, Total: 494200 ns
[2025-06-17T23:20:26.993+0300][7692][9664 ][debug][safepoint] Safepoint synchronization initiated using striped semaphore wait barrier. (32 threads)
[2025-06-17T23:20:26.995+0300][7692][20512][debug][safepoint] ... found polling page loop exception at pc = 0x000001dbac3a5514, stub =0x000001dbab7e5600
[2025-06-17T23:20:26.995+0300][7692][15776][debug][safepoint] ... found polling page loop exception at pc = 0x000001dbac3e27bd, stub =0x000001dbab7e4d80
[2025-06-17T23:20:26.995+0300][7692][9664 ][debug][gc,heap  ] GC(7) Heap before GC invocations=8 (full 2):
[2025-06-17T23:20:26.995+0300][7692][9664 ][debug][gc,heap  ] GC(7)  PSYoungGen      total 611840K, used 527872K [0x00000000d5580000, 0x0000000100000000, 0x0000000100000000)
[2025-06-17T23:20:26.995+0300][7692][9664 ][debug][gc,heap  ] GC(7)   eden space 524800K, 100% used [0x00000000d5580000,0x00000000f5600000,0x00000000f5600000)
[2025-06-17T23:20:26.995+0300][7692][9664 ][debug][gc,heap  ] GC(7)   from space 87040K, 3% used [0x00000000f5600000,0x00000000f59000a0,0x00000000fab00000)
[2025-06-17T23:20:26.995+0300][7692][9664 ][debug][gc,heap  ] GC(7)   to   space 87040K, 0% used [0x00000000fab00000,0x00000000fab00000,0x0000000100000000)
[2025-06-17T23:20:26.995+0300][7692][9664 ][debug][gc,heap  ] GC(7)  ParOldGen       total 1398272K, used 13760K [0x0000000080000000, 0x00000000d5580000, 0x00000000d5580000)
[2025-06-17T23:20:26.995+0300][7692][9664 ][debug][gc,heap  ] GC(7)   object space 1398272K, 0% used [0x0000000080000000,0x0000000080d70038,0x00000000d5580000)
[2025-06-17T23:20:26.995+0300][7692][9664 ][debug][gc,heap  ] GC(7)  Metaspace       used 34412K, committed 35328K, reserved 1114112K
[2025-06-17T23:20:26.995+0300][7692][9664 ][debug][gc,heap  ] GC(7)   class space    used 2931K, committed 3328K, reserved 1048576K
[2025-06-17T23:20:27.001+0300][7692][9664 ][debug][gc,phases] GC(7) Scavenge 6.421ms
[2025-06-17T23:20:27.001+0300][7692][9664 ][debug][gc,phases] GC(7) Reference Processing 0.045ms
[2025-06-17T23:20:27.001+0300][7692][9664 ][debug][gc,phases] GC(7)   VM Weak                        Min:  0.0, Avg:  0.0, Max:  0.0, Diff:  0.0, Sum:  0.0, Workers: 8
[2025-06-17T23:20:27.001+0300][7692][9664 ][debug][gc,phases] GC(7)     Dead                           Min: 0, Avg:  0.0, Max: 0, Diff: 0, Sum: 0, Workers: 8
[2025-06-17T23:20:27.001+0300][7692][9664 ][debug][gc,phases] GC(7)     Total                          Min: 0, Avg: 67.1, Max: 448, Diff: 448, Sum: 537, Workers: 8
[2025-06-17T23:20:27.001+0300][7692][9664 ][debug][gc,phases] GC(7)   ObjectSynchronizer Weak        Min:  0.0, Avg:  0.0, Max:  0.0, Diff:  0.0, Sum:  0.0, Workers: 8
[2025-06-17T23:20:27.001+0300][7692][9664 ][debug][gc,phases] GC(7)     Dead                           Min: 0, Avg:  0.0, Max: 0, Diff: 0, Sum: 0, Workers: 8
[2025-06-17T23:20:27.001+0300][7692][9664 ][debug][gc,phases] GC(7)     Total                          Min: 0, Avg:  2.9, Max: 17, Diff: 17, Sum: 23, Workers: 8
[2025-06-17T23:20:27.001+0300][7692][9664 ][debug][gc,phases] GC(7)   JVMTI Tag Weak OopStorage      Min:  0.0, Avg:  0.0, Max:  0.0, Diff:  0.0, Sum:  0.0, Workers: 8
[2025-06-17T23:20:27.001+0300][7692][9664 ][debug][gc,phases] GC(7)     Dead                           Min: 0, Avg:  0.0, Max: 0, Diff: 0, Sum: 0, Workers: 8
[2025-06-17T23:20:27.002+0300][7692][9664 ][debug][gc,phases] GC(7)     Total                          Min: 0, Avg:  0.0, Max: 0, Diff: 0, Sum: 0, Workers: 8
[2025-06-17T23:20:27.002+0300][7692][9664 ][debug][gc,phases] GC(7)   StringTable Weak               Min:  0.0, Avg:  0.0, Max:  0.1, Diff:  0.1, Sum:  0.3, Workers: 8
[2025-06-17T23:20:27.002+0300][7692][9664 ][debug][gc,phases] GC(7)     Dead                           Min: 0, Avg:  0.0, Max: 0, Diff: 0, Sum: 0, Workers: 8
[2025-06-17T23:20:27.002+0300][7692][9664 ][debug][gc,phases] GC(7)     Total                          Min: 0, Avg: 3434.2, Max: 11072, Diff: 11072, Sum: 27474, Workers: 8
[2025-06-17T23:20:27.002+0300][7692][9664 ][debug][gc,phases] GC(7)   ResolvedMethodTable Weak       Min:  0.0, Avg:  0.0, Max:  0.0, Diff:  0.0, Sum:  0.0, Workers: 8
[2025-06-17T23:20:27.002+0300][7692][9664 ][debug][gc,phases] GC(7)     Dead                           Min: 0, Avg:  0.0, Max: 0, Diff: 0, Sum: 0, Workers: 8
[2025-06-17T23:20:27.002+0300][7692][9664 ][debug][gc,phases] GC(7)     Total                          Min: 0, Avg: 212.0, Max: 417, Diff: 417, Sum: 1696, Workers: 8
[2025-06-17T23:20:27.002+0300][7692][9664 ][debug][gc,phases] GC(7)   JNI Weak                       Min:  0.0, Avg:  0.0, Max:  0.0, Diff:  0.0, Sum:  0.0, Workers: 8
[2025-06-17T23:20:27.002+0300][7692][9664 ][debug][gc,phases] GC(7)     Dead                           Min: 0, Avg:  0.0, Max: 0, Diff: 0, Sum: 0, Workers: 8
[2025-06-17T23:20:27.002+0300][7692][9664 ][debug][gc,phases] GC(7)     Total                          Min: 0, Avg:  0.0, Max: 0, Diff: 0, Sum: 0, Workers: 8
[2025-06-17T23:20:27.002+0300][7692][9664 ][debug][gc,phases] GC(7)   StringDedup Table Weak         Min:  0.0, Avg:  0.0, Max:  0.0, Diff:  0.0, Sum:  0.0, Workers: 8
[2025-06-17T23:20:27.002+0300][7692][9664 ][debug][gc,phases] GC(7)     Dead                           Min: 0, Avg:  0.0, Max: 0, Diff: 0, Sum: 0, Workers: 8
[2025-06-17T23:20:27.002+0300][7692][9664 ][debug][gc,phases] GC(7)     Total                          Min: 0, Avg:  0.0, Max: 0, Diff: 0, Sum: 0, Workers: 8
[2025-06-17T23:20:27.002+0300][7692][9664 ][debug][gc,phases] GC(7)   StringDedup Requests0 Weak     Min:  0.0, Avg:  0.0, Max:  0.0, Diff:  0.0, Sum:  0.0, Workers: 8
[2025-06-17T23:20:27.002+0300][7692][9664 ][debug][gc,phases] GC(7)     Dead                           Min: 0, Avg:  0.0, Max: 0, Diff: 0, Sum: 0, Workers: 8
[2025-06-17T23:20:27.002+0300][7692][9664 ][debug][gc,phases] GC(7)     Total                          Min: 0, Avg:  0.0, Max: 0, Diff: 0, Sum: 0, Workers: 8
[2025-06-17T23:20:27.002+0300][7692][9664 ][debug][gc,phases] GC(7)   StringDedup Requests1 Weak     Min:  0.0, Avg:  0.0, Max:  0.0, Diff:  0.0, Sum:  0.0, Workers: 8
[2025-06-17T23:20:27.002+0300][7692][9664 ][debug][gc,phases] GC(7)     Dead                           Min: 0, Avg:  0.0, Max: 0, Diff: 0, Sum: 0, Workers: 8
[2025-06-17T23:20:27.002+0300][7692][9664 ][debug][gc,phases] GC(7)     Total                          Min: 0, Avg:  0.0, Max: 0, Diff: 0, Sum: 0, Workers: 8
[2025-06-17T23:20:27.002+0300][7692][9664 ][debug][gc,phases] GC(7)   Weak JFR Old Object Samples    Min:  0.0, Avg:  0.0, Max:  0.0, Diff:  0.0, Sum:  0.0, Workers: 8
[2025-06-17T23:20:27.002+0300][7692][9664 ][debug][gc,phases] GC(7)     Dead                           Min: 0, Avg:  0.0, Max: 0, Diff: 0, Sum: 0, Workers: 8
[2025-06-17T23:20:27.002+0300][7692][9664 ][debug][gc,phases] GC(7)     Total                          Min: 0, Avg:  0.0, Max: 0, Diff: 0, Sum: 0, Workers: 8
[2025-06-17T23:20:27.002+0300][7692][9664 ][debug][gc,phases] GC(7) Weak Processing 0.437ms
[2025-06-17T23:20:27.002+0300][7692][9664 ][info ][gc,heap  ] GC(7) PSYoungGen: 527872K(611840K)->3056K(689152K) Eden: 524800K(524800K)->0K(602112K) From: 3072K(87040K)->3056K(87040K)
[2025-06-17T23:20:27.002+0300][7692][9664 ][info ][gc,heap  ] GC(7) ParOldGen: 13760K(1398272K)->13768K(1398272K)
[2025-06-17T23:20:27.002+0300][7692][9664 ][info ][gc       ] GC(7) Pause Young (Allocation Failure) 528M->16M(2038M) 7.019ms
[2025-06-17T23:20:27.002+0300][7692][9664 ][debug][gc,heap  ] GC(7) Heap after GC invocations=8 (full 2):
[2025-06-17T23:20:27.002+0300][7692][9664 ][debug][gc,heap  ] GC(7)  PSYoungGen      total 689152K, used 3056K [0x00000000d5580000, 0x0000000100000000, 0x0000000100000000)
[2025-06-17T23:20:27.002+0300][7692][9664 ][debug][gc,heap  ] GC(7)   eden space 602112K, 0% used [0x00000000d5580000,0x00000000d5580000,0x00000000fa180000)
[2025-06-17T23:20:27.002+0300][7692][9664 ][debug][gc,heap  ] GC(7)   from space 87040K, 3% used [0x00000000fab00000,0x00000000fadfc0d0,0x0000000100000000)
[2025-06-17T23:20:27.002+0300][7692][9664 ][debug][gc,heap  ] GC(7)   to   space 9728K, 0% used [0x00000000fa180000,0x00000000fa180000,0x00000000fab00000)
[2025-06-17T23:20:27.002+0300][7692][9664 ][debug][gc,heap  ] GC(7)  ParOldGen       total 1398272K, used 13768K [0x0000000080000000, 0x00000000d5580000, 0x00000000d5580000)
[2025-06-17T23:20:27.002+0300][7692][9664 ][debug][gc,heap  ] GC(7)   object space 1398272K, 0% used [0x0000000080000000,0x0000000080d72038,0x00000000d5580000)
[2025-06-17T23:20:27.002+0300][7692][9664 ][debug][gc,heap  ] GC(7)  Metaspace       used 34412K, committed 35328K, reserved 1114112K
[2025-06-17T23:20:27.002+0300][7692][9664 ][debug][gc,heap  ] GC(7)   class space    used 2931K, committed 3328K, reserved 1048576K
[2025-06-17T23:20:27.002+0300][7692][9664 ][info ][safepoint] Safepoint "ParallelGCFailedAllocation", Time since last: 1724586700 ns, Reaching safepoint: 397800 ns, Cleanup: 17600 ns, At safepoint: 7509000 ns, Total: 7924400 ns
[2025-06-17T23:20:28.009+0300][7692][9664 ][debug][safepoint] Safepoint synchronization initiated using striped semaphore wait barrier. (32 threads)
[2025-06-17T23:20:28.009+0300][7692][20396][debug][safepoint] ... found polling page loop exception at pc = 0x000001dbac2b7806, stub =0x000001dbab7e5600
[2025-06-17T23:20:28.010+0300][7692][9664 ][info ][safepoint] Safepoint "Cleanup", Time since last: 1006849300 ns, Reaching safepoint: 322800 ns, Cleanup: 36900 ns, At safepoint: 48200 ns, Total: 407900 ns
[2025-06-17T23:20:30.027+0300][7692][9664 ][debug][safepoint] Safepoint synchronization initiated using striped semaphore wait barrier. (32 threads)
[2025-06-17T23:20:30.027+0300][7692][9664 ][info ][safepoint] Safepoint "Cleanup", Time since last: 2017703200 ns, Reaching safepoint: 155500 ns, Cleanup: 10300 ns, At safepoint: 11500 ns, Total: 177300 ns
[2025-06-17T23:20:31.030+0300][7692][9664 ][debug][safepoint] Safepoint synchronization initiated using striped semaphore wait barrier. (32 threads)
[2025-06-17T23:20:31.030+0300][7692][9664 ][info ][safepoint] Safepoint "Cleanup", Time since last: 1002481400 ns, Reaching safepoint: 149900 ns, Cleanup: 32800 ns, At safepoint: 41200 ns, Total: 223900 ns
[2025-06-17T23:20:32.036+0300][7692][9664 ][debug][safepoint] Safepoint synchronization initiated using striped semaphore wait barrier. (32 threads)
[2025-06-17T23:20:32.036+0300][7692][9664 ][info ][safepoint] Safepoint "Cleanup", Time since last: 1005744600 ns, Reaching safepoint: 218700 ns, Cleanup: 38900 ns, At safepoint: 47400 ns, Total: 305000 ns
[2025-06-17T23:20:33.048+0300][7692][9664 ][debug][safepoint] Safepoint synchronization initiated using striped semaphore wait barrier. (32 threads)
[2025-06-17T23:20:33.048+0300][7692][9664 ][info ][safepoint] Safepoint "Cleanup", Time since last: 1011639300 ns, Reaching safepoint: 478500 ns, Cleanup: 38800 ns, At safepoint: 30500 ns, Total: 547800 ns
[2025-06-17T23:20:34.055+0300][7692][9664 ][debug][safepoint] Safepoint synchronization initiated using striped semaphore wait barrier. (32 threads)
[2025-06-17T23:20:34.055+0300][7692][9664 ][info ][safepoint] Safepoint "Cleanup", Time since last: 1006449500 ns, Reaching safepoint: 155500 ns, Cleanup: 46300 ns, At safepoint: 3800 ns, Total: 205600 ns
[2025-06-17T23:20:35.068+0300][7692][9664 ][debug][safepoint] Safepoint synchronization initiated using striped semaphore wait barrier. (32 threads)
[2025-06-17T23:20:35.068+0300][7692][9664 ][info ][safepoint] Safepoint "Cleanup", Time since last: 1012700800 ns, Reaching safepoint: 150300 ns, Cleanup: 51600 ns, At safepoint: 24900 ns, Total: 226800 ns
[2025-06-17T23:20:37.076+0300][7692][9664 ][debug][safepoint] Safepoint synchronization initiated using striped semaphore wait barrier. (32 threads)
[2025-06-17T23:20:37.076+0300][7692][10772][debug][safepoint] ... found polling page loop exception at pc = 0x000001dbac373321, stub =0x000001dbab7e5600
[2025-06-17T23:20:37.076+0300][7692][9664 ][info ][safepoint] Safepoint "Cleanup", Time since last: 2008033600 ns, Reaching safepoint: 292200 ns, Cleanup: 38500 ns, At safepoint: 25600 ns, Total: 356300 ns
[2025-06-17T23:20:40.100+0300][7692][9664 ][debug][safepoint] Safepoint synchronization initiated using striped semaphore wait barrier. (32 threads)
[2025-06-17T23:20:40.100+0300][7692][9664 ][info ][safepoint] Safepoint "Cleanup", Time since last: 3023803100 ns, Reaching safepoint: 160400 ns, Cleanup: 37800 ns, At safepoint: 16200 ns, Total: 214400 ns
[2025-06-17T23:20:41.110+0300][7692][9664 ][debug][safepoint] Safepoint synchronization initiated using striped semaphore wait barrier. (32 threads)
[2025-06-17T23:20:41.110+0300][7692][9664 ][info ][safepoint] Safepoint "Cleanup", Time since last: 1010328900 ns, Reaching safepoint: 147200 ns, Cleanup: 48700 ns, At safepoint: 24000 ns, Total: 219900 ns
[2025-06-17T23:20:43.138+0300][7692][9664 ][debug][safepoint] Safepoint synchronization initiated using striped semaphore wait barrier. (32 threads)
[2025-06-17T23:20:43.138+0300][7692][9664 ][info ][safepoint] Safepoint "Cleanup", Time since last: 2026770800 ns, Reaching safepoint: 155100 ns, Cleanup: 41100 ns, At safepoint: 18800 ns, Total: 215000 ns
[2025-06-17T23:20:44.140+0300][7692][9664 ][debug][safepoint] Safepoint synchronization initiated using striped semaphore wait barrier. (32 threads)
[2025-06-17T23:20:44.140+0300][7692][9664 ][info ][safepoint] Safepoint "Cleanup", Time since last: 1001743700 ns, Reaching safepoint: 110400 ns, Cleanup: 25100 ns, At safepoint: 16000 ns, Total: 151500 ns
[2025-06-17T23:20:45.144+0300][7692][9664 ][debug][safepoint] Safepoint synchronization initiated using striped semaphore wait barrier. (32 threads)
[2025-06-17T23:20:45.144+0300][7692][9664 ][info ][safepoint] Safepoint "Cleanup", Time since last: 1004190200 ns, Reaching safepoint: 117000 ns, Cleanup: 26000 ns, At safepoint: 16700 ns, Total: 159700 ns
[2025-06-17T23:20:46.865+0300][7692][9664 ][debug][safepoint] Safepoint synchronization initiated using striped semaphore wait barrier. (32 threads)
[2025-06-17T23:20:46.866+0300][7692][9664 ][debug][gc,heap  ] GC(8) Heap before GC invocations=9 (full 2):
[2025-06-17T23:20:46.866+0300][7692][9664 ][debug][gc,heap  ] GC(8)  PSYoungGen      total 689152K, used 605168K [0x00000000d5580000, 0x0000000100000000, 0x0000000100000000)
[2025-06-17T23:20:46.866+0300][7692][9664 ][debug][gc,heap  ] GC(8)   eden space 602112K, 100% used [0x00000000d5580000,0x00000000fa180000,0x00000000fa180000)
[2025-06-17T23:20:46.866+0300][7692][9664 ][debug][gc,heap  ] GC(8)   from space 87040K, 3% used [0x00000000fab00000,0x00000000fadfc0d0,0x0000000100000000)
[2025-06-17T23:20:46.866+0300][7692][9664 ][debug][gc,heap  ] GC(8)   to   space 9728K, 0% used [0x00000000fa180000,0x00000000fa180000,0x00000000fab00000)
[2025-06-17T23:20:46.866+0300][7692][9664 ][debug][gc,heap  ] GC(8)  ParOldGen       total 1398272K, used 13768K [0x0000000080000000, 0x00000000d5580000, 0x00000000d5580000)
[2025-06-17T23:20:46.866+0300][7692][9664 ][debug][gc,heap  ] GC(8)   object space 1398272K, 0% used [0x0000000080000000,0x0000000080d72038,0x00000000d5580000)
[2025-06-17T23:20:46.866+0300][7692][9664 ][debug][gc,heap  ] GC(8)  Metaspace       used 34437K, committed 35328K, reserved 1114112K
[2025-06-17T23:20:46.866+0300][7692][9664 ][debug][gc,heap  ] GC(8)   class space    used 2932K, committed 3328K, reserved 1048576K
[2025-06-17T23:20:46.866+0300][7692][9664 ][debug][gc,phases] GC(8) Scavenge 4.238ms
[2025-06-17T23:20:46.866+0300][7692][9664 ][debug][gc,phases] GC(8) Reference Processing 0.048ms
[2025-06-17T23:20:46.866+0300][7692][9664 ][debug][gc,phases] GC(8)   VM Weak                        Min:  0.0, Avg:  0.0, Max:  0.0, Diff:  0.0, Sum:  0.0, Workers: 8
[2025-06-17T23:20:46.866+0300][7692][9664 ][debug][gc,phases] GC(8)     Dead                           Min: 0, Avg:  0.0, Max: 0, Diff: 0, Sum: 0, Workers: 8
[2025-06-17T23:20:46.866+0300][7692][9664 ][debug][gc,phases] GC(8)     Total                          Min: 0, Avg: 67.1, Max: 320, Diff: 320, Sum: 537, Workers: 8
[2025-06-17T23:20:46.866+0300][7692][9664 ][debug][gc,phases] GC(8)   ObjectSynchronizer Weak        Min:  0.0, Avg:  0.0, Max:  0.0, Diff:  0.0, Sum:  0.0, Workers: 8
[2025-06-17T23:20:46.866+0300][7692][9664 ][debug][gc,phases] GC(8)     Dead                           Min: 0, Avg:  0.0, Max: 0, Diff: 0, Sum: 0, Workers: 8
[2025-06-17T23:20:46.866+0300][7692][9664 ][debug][gc,phases] GC(8)     Total                          Min: 0, Avg:  5.6, Max: 28, Diff: 28, Sum: 45, Workers: 8
[2025-06-17T23:20:46.866+0300][7692][9664 ][debug][gc,phases] GC(8)   JVMTI Tag Weak OopStorage      Min:  0.0, Avg:  0.0, Max:  0.0, Diff:  0.0, Sum:  0.0, Workers: 8
[2025-06-17T23:20:46.866+0300][7692][9664 ][debug][gc,phases] GC(8)     Dead                           Min: 0, Avg:  0.0, Max: 0, Diff: 0, Sum: 0, Workers: 8
[2025-06-17T23:20:46.866+0300][7692][9664 ][debug][gc,phases] GC(8)     Total                          Min: 0, Avg:  0.0, Max: 0, Diff: 0, Sum: 0, Workers: 8
[2025-06-17T23:20:46.866+0300][7692][9664 ][debug][gc,phases] GC(8)   StringTable Weak               Min:  0.0, Avg:  0.0, Max:  0.1, Diff:  0.1, Sum:  0.3, Workers: 8
[2025-06-17T23:20:46.866+0300][7692][9664 ][debug][gc,phases] GC(8)     Dead                           Min: 0, Avg:  0.0, Max: 0, Diff: 0, Sum: 0, Workers: 8
[2025-06-17T23:20:46.866+0300][7692][9664 ][debug][gc,phases] GC(8)     Total                          Min: 0, Avg: 3435.8, Max: 11456, Diff: 11456, Sum: 27486, Workers: 8
[2025-06-17T23:20:46.866+0300][7692][9664 ][debug][gc,phases] GC(8)   ResolvedMethodTable Weak       Min:  0.0, Avg:  0.0, Max:  0.0, Diff:  0.0, Sum:  0.0, Workers: 8
[2025-06-17T23:20:46.866+0300][7692][9664 ][debug][gc,phases] GC(8)     Dead                           Min: 0, Avg:  0.0, Max: 0, Diff: 0, Sum: 0, Workers: 8
[2025-06-17T23:20:46.866+0300][7692][9664 ][debug][gc,phases] GC(8)     Total                          Min: 0, Avg: 212.0, Max: 417, Diff: 417, Sum: 1696, Workers: 8
[2025-06-17T23:20:46.866+0300][7692][9664 ][debug][gc,phases] GC(8)   JNI Weak                       Min:  0.0, Avg:  0.0, Max:  0.0, Diff:  0.0, Sum:  0.0, Workers: 8
[2025-06-17T23:20:46.866+0300][7692][9664 ][debug][gc,phases] GC(8)     Dead                           Min: 0, Avg:  0.0, Max: 0, Diff: 0, Sum: 0, Workers: 8
[2025-06-17T23:20:46.866+0300][7692][9664 ][debug][gc,phases] GC(8)     Total                          Min: 0, Avg:  0.0, Max: 0, Diff: 0, Sum: 0, Workers: 8
[2025-06-17T23:20:46.866+0300][7692][9664 ][debug][gc,phases] GC(8)   StringDedup Table Weak         Min:  0.0, Avg:  0.0, Max:  0.0, Diff:  0.0, Sum:  0.0, Workers: 8
[2025-06-17T23:20:46.866+0300][7692][9664 ][debug][gc,phases] GC(8)     Dead                           Min: 0, Avg:  0.0, Max: 0, Diff: 0, Sum: 0, Workers: 8
[2025-06-17T23:20:46.866+0300][7692][9664 ][debug][gc,phases] GC(8)     Total                          Min: 0, Avg:  0.0, Max: 0, Diff: 0, Sum: 0, Workers: 8
[2025-06-17T23:20:46.866+0300][7692][9664 ][debug][gc,phases] GC(8)   StringDedup Requests0 Weak     Min:  0.0, Avg:  0.0, Max:  0.0, Diff:  0.0, Sum:  0.0, Workers: 8
[2025-06-17T23:20:46.866+0300][7692][9664 ][debug][gc,phases] GC(8)     Dead                           Min: 0, Avg:  0.0, Max: 0, Diff: 0, Sum: 0, Workers: 8
[2025-06-17T23:20:46.866+0300][7692][9664 ][debug][gc,phases] GC(8)     Total                          Min: 0, Avg:  0.0, Max: 0, Diff: 0, Sum: 0, Workers: 8
[2025-06-17T23:20:46.866+0300][7692][9664 ][debug][gc,phases] GC(8)   StringDedup Requests1 Weak     Min:  0.0, Avg:  0.0, Max:  0.0, Diff:  0.0, Sum:  0.0, Workers: 8
[2025-06-17T23:20:46.866+0300][7692][9664 ][debug][gc,phases] GC(8)     Dead                           Min: 0, Avg:  0.0, Max: 0, Diff: 0, Sum: 0, Workers: 8
[2025-06-17T23:20:46.866+0300][7692][9664 ][debug][gc,phases] GC(8)     Total                          Min: 0, Avg:  0.0, Max: 0, Diff: 0, Sum: 0, Workers: 8
[2025-06-17T23:20:46.866+0300][7692][9664 ][debug][gc,phases] GC(8)   Weak JFR Old Object Samples    Min:  0.0, Avg:  0.0, Max:  0.0, Diff:  0.0, Sum:  0.0, Workers: 8
[2025-06-17T23:20:46.866+0300][7692][9664 ][debug][gc,phases] GC(8)     Dead                           Min: 0, Avg:  0.0, Max: 0, Diff: 0, Sum: 0, Workers: 8
[2025-06-17T23:20:46.866+0300][7692][9664 ][debug][gc,phases] GC(8)     Total                          Min: 0, Avg:  0.0, Max: 0, Diff: 0, Sum: 0, Workers: 8
[2025-06-17T23:20:46.866+0300][7692][9664 ][debug][gc,phases] GC(8) Weak Processing 0.478ms
[2025-06-17T23:20:46.866+0300][7692][9664 ][info ][gc,heap  ] GC(8) PSYoungGen: 605168K(689152K)->3152K(611840K) Eden: 602112K(602112K)->0K(602112K) From: 3056K(87040K)->3152K(9728K)
[2025-06-17T23:20:46.866+0300][7692][9664 ][info ][gc,heap  ] GC(8) ParOldGen: 13768K(1398272K)->13776K(1398272K)
[2025-06-17T23:20:46.866+0300][7692][9664 ][info ][gc       ] GC(8) Pause Young (Allocation Failure) 604M->16M(1963M) 4.901ms
[2025-06-17T23:20:46.866+0300][7692][9664 ][debug][gc,heap  ] GC(8) Heap after GC invocations=9 (full 2):
[2025-06-17T23:20:46.866+0300][7692][9664 ][debug][gc,heap  ] GC(8)  PSYoungGen      total 611840K, used 3152K [0x00000000d5580000, 0x0000000100000000, 0x0000000100000000)
[2025-06-17T23:20:46.866+0300][7692][9664 ][debug][gc,heap  ] GC(8)   eden space 602112K, 0% used [0x00000000d5580000,0x00000000d5580000,0x00000000fa180000)
[2025-06-17T23:20:46.866+0300][7692][9664 ][debug][gc,heap  ] GC(8)   from space 9728K, 32% used [0x00000000fa180000,0x00000000fa4940b0,0x00000000fab00000)
[2025-06-17T23:20:46.866+0300][7692][9664 ][debug][gc,heap  ] GC(8)   to   space 9216K, 0% used [0x00000000ff700000,0x00000000ff700000,0x0000000100000000)
[2025-06-17T23:20:46.866+0300][7692][9664 ][debug][gc,heap  ] GC(8)  ParOldGen       total 1398272K, used 13776K [0x0000000080000000, 0x00000000d5580000, 0x00000000d5580000)
[2025-06-17T23:20:46.866+0300][7692][9664 ][debug][gc,heap  ] GC(8)   object space 1398272K, 0% used [0x0000000080000000,0x0000000080d74038,0x00000000d5580000)
[2025-06-17T23:20:46.866+0300][7692][9664 ][debug][gc,heap  ] GC(8)  Metaspace       used 34437K, committed 35328K, reserved 1114112K
[2025-06-17T23:20:46.866+0300][7692][9664 ][debug][gc,heap  ] GC(8)   class space    used 2932K, committed 3328K, reserved 1048576K
[2025-06-17T23:20:46.866+0300][7692][9664 ][info ][safepoint] Safepoint "ParallelGCFailedAllocation", Time since last: 1721645300 ns, Reaching safepoint: 71000 ns, Cleanup: 13500 ns, At safepoint: 5165600 ns, Total: 5250100 ns
[2025-06-17T23:20:47.878+0300][7692][9664 ][debug][safepoint] Safepoint synchronization initiated using striped semaphore wait barrier. (32 threads)
[2025-06-17T23:20:47.878+0300][7692][9664 ][info ][safepoint] Safepoint "Cleanup", Time since last: 1007163400 ns, Reaching safepoint: 134200 ns, Cleanup: 13200 ns, At safepoint: 22400 ns, Total: 169800 ns
[2025-06-17T23:20:52.929+0300][7692][9664 ][debug][safepoint] Safepoint synchronization initiated using striped semaphore wait barrier. (32 threads)
[2025-06-17T23:20:52.929+0300][7692][9664 ][info ][safepoint] Safepoint "Cleanup", Time since last: 5050498000 ns, Reaching safepoint: 227700 ns, Cleanup: 40900 ns, At safepoint: 27700 ns, Total: 296300 ns
[2025-06-17T23:20:53.937+0300][7692][9664 ][debug][safepoint] Safepoint synchronization initiated using striped semaphore wait barrier. (32 threads)
[2025-06-17T23:20:53.937+0300][7692][9664 ][info ][safepoint] Safepoint "Cleanup", Time since last: 1008372200 ns, Reaching safepoint: 137300 ns, Cleanup: 30700 ns, At safepoint: 12500 ns, Total: 180500 ns
[2025-06-17T23:20:54.949+0300][7692][9664 ][debug][safepoint] Safepoint synchronization initiated using striped semaphore wait barrier. (32 threads)
[2025-06-17T23:20:54.949+0300][7692][9664 ][info ][safepoint] Safepoint "Cleanup", Time since last: 1011681200 ns, Reaching safepoint: 173600 ns, Cleanup: 47500 ns, At safepoint: 41200 ns, Total: 262300 ns
[2025-06-17T23:20:59.978+0300][7692][9664 ][debug][safepoint] Safepoint synchronization initiated using striped semaphore wait barrier. (32 threads)
[2025-06-17T23:20:59.978+0300][7692][9664 ][info ][safepoint] Safepoint "Cleanup", Time since last: 5028801100 ns, Reaching safepoint: 225400 ns, Cleanup: 44600 ns, At safepoint: 51200 ns, Total: 321200 ns
[2025-06-17T23:21:00.984+0300][7692][9664 ][debug][safepoint] Safepoint synchronization initiated using striped semaphore wait barrier. (32 threads)
[2025-06-17T23:21:00.984+0300][7692][15776][debug][safepoint] ... found polling page loop exception at pc = 0x000001dbac45418b, stub =0x000001dbab7e4d80
[2025-06-17T23:21:00.984+0300][7692][9664 ][info ][safepoint] Safepoint "Cleanup", Time since last: 1005090800 ns, Reaching safepoint: 288100 ns, Cleanup: 37900 ns, At safepoint: 54300 ns, Total: 380300 ns
[2025-06-17T23:21:04.009+0300][7692][9664 ][debug][safepoint] Safepoint synchronization initiated using striped semaphore wait barrier. (32 threads)
[2025-06-17T23:21:04.009+0300][7692][9664 ][info ][safepoint] Safepoint "Cleanup", Time since last: 3024718300 ns, Reaching safepoint: 179300 ns, Cleanup: 49300 ns, At safepoint: 116100 ns, Total: 344700 ns
[2025-06-17T23:21:06.970+0300][7692][9664 ][debug][safepoint] Safepoint synchronization initiated using striped semaphore wait barrier. (32 threads)
[2025-06-17T23:21:06.970+0300][7692][9664 ][debug][gc,heap  ] GC(9) Heap before GC invocations=10 (full 2):
[2025-06-17T23:21:06.970+0300][7692][9664 ][debug][gc,heap  ] GC(9)  PSYoungGen      total 611840K, used 605264K [0x00000000d5580000, 0x0000000100000000, 0x0000000100000000)
[2025-06-17T23:21:06.970+0300][7692][9664 ][debug][gc,heap  ] GC(9)   eden space 602112K, 100% used [0x00000000d5580000,0x00000000fa180000,0x00000000fa180000)
[2025-06-17T23:21:06.970+0300][7692][9664 ][debug][gc,heap  ] GC(9)   from space 9728K, 32% used [0x00000000fa180000,0x00000000fa4940b0,0x00000000fab00000)
[2025-06-17T23:21:06.970+0300][7692][9664 ][debug][gc,heap  ] GC(9)   to   space 9216K, 0% used [0x00000000ff700000,0x00000000ff700000,0x0000000100000000)
[2025-06-17T23:21:06.970+0300][7692][9664 ][debug][gc,heap  ] GC(9)  ParOldGen       total 1398272K, used 13776K [0x0000000080000000, 0x00000000d5580000, 0x00000000d5580000)
[2025-06-17T23:21:06.970+0300][7692][9664 ][debug][gc,heap  ] GC(9)   object space 1398272K, 0% used [0x0000000080000000,0x0000000080d74038,0x00000000d5580000)
[2025-06-17T23:21:06.970+0300][7692][9664 ][debug][gc,heap  ] GC(9)  Metaspace       used 34467K, committed 35328K, reserved 1114112K
[2025-06-17T23:21:06.970+0300][7692][9664 ][debug][gc,heap  ] GC(9)   class space    used 2932K, committed 3328K, reserved 1048576K
[2025-06-17T23:21:06.970+0300][7692][9664 ][debug][gc,phases] GC(9) Scavenge 5.556ms
[2025-06-17T23:21:06.970+0300][7692][9664 ][debug][gc,phases] GC(9) Reference Processing 0.035ms
[2025-06-17T23:21:06.970+0300][7692][9664 ][debug][gc,phases] GC(9)   VM Weak                        Min:  0.0, Avg:  0.0, Max:  0.0, Diff:  0.0, Sum:  0.0, Workers: 8
[2025-06-17T23:21:06.970+0300][7692][9664 ][debug][gc,phases] GC(9)     Dead                           Min: 0, Avg:  0.0, Max: 0, Diff: 0, Sum: 0, Workers: 8
[2025-06-17T23:21:06.970+0300][7692][9664 ][debug][gc,phases] GC(9)     Total                          Min: 0, Avg: 67.1, Max: 384, Diff: 384, Sum: 537, Workers: 8
[2025-06-17T23:21:06.970+0300][7692][9664 ][debug][gc,phases] GC(9)   ObjectSynchronizer Weak        Min:  0.0, Avg:  0.0, Max:  0.0, Diff:  0.0, Sum:  0.0, Workers: 8
[2025-06-17T23:21:06.970+0300][7692][9664 ][debug][gc,phases] GC(9)     Dead                           Min: 0, Avg:  0.0, Max: 0, Diff: 0, Sum: 0, Workers: 8
[2025-06-17T23:21:06.970+0300][7692][9664 ][debug][gc,phases] GC(9)     Total                          Min: 0, Avg:  5.6, Max: 28, Diff: 28, Sum: 45, Workers: 8
[2025-06-17T23:21:06.970+0300][7692][9664 ][debug][gc,phases] GC(9)   JVMTI Tag Weak OopStorage      Min:  0.0, Avg:  0.0, Max:  0.0, Diff:  0.0, Sum:  0.0, Workers: 8
[2025-06-17T23:21:06.970+0300][7692][9664 ][debug][gc,phases] GC(9)     Dead                           Min: 0, Avg:  0.0, Max: 0, Diff: 0, Sum: 0, Workers: 8
[2025-06-17T23:21:06.970+0300][7692][9664 ][debug][gc,phases] GC(9)     Total                          Min: 0, Avg:  0.0, Max: 0, Diff: 0, Sum: 0, Workers: 8
[2025-06-17T23:21:06.970+0300][7692][9664 ][debug][gc,phases] GC(9)   StringTable Weak               Min:  0.0, Avg:  0.0, Max:  0.1, Diff:  0.1, Sum:  0.3, Workers: 8
[2025-06-17T23:21:06.970+0300][7692][9664 ][debug][gc,phases] GC(9)     Dead                           Min: 0, Avg:  0.0, Max: 0, Diff: 0, Sum: 0, Workers: 8
[2025-06-17T23:21:06.970+0300][7692][9664 ][debug][gc,phases] GC(9)     Total                          Min: 0, Avg: 3440.2, Max: 10880, Diff: 10880, Sum: 27522, Workers: 8
[2025-06-17T23:21:06.970+0300][7692][9664 ][debug][gc,phases] GC(9)   ResolvedMethodTable Weak       Min:  0.0, Avg:  0.0, Max:  0.0, Diff:  0.0, Sum:  0.0, Workers: 8
[2025-06-17T23:21:06.970+0300][7692][9664 ][debug][gc,phases] GC(9)     Dead                           Min: 0, Avg:  0.0, Max: 0, Diff: 0, Sum: 0, Workers: 8
[2025-06-17T23:21:06.970+0300][7692][9664 ][debug][gc,phases] GC(9)     Total                          Min: 0, Avg: 212.0, Max: 512, Diff: 512, Sum: 1696, Workers: 8
[2025-06-17T23:21:06.970+0300][7692][9664 ][debug][gc,phases] GC(9)   JNI Weak                       Min:  0.0, Avg:  0.0, Max:  0.0, Diff:  0.0, Sum:  0.0, Workers: 8
[2025-06-17T23:21:06.970+0300][7692][9664 ][debug][gc,phases] GC(9)     Dead                           Min: 0, Avg:  0.0, Max: 0, Diff: 0, Sum: 0, Workers: 8
[2025-06-17T23:21:06.970+0300][7692][9664 ][debug][gc,phases] GC(9)     Total                          Min: 0, Avg:  0.0, Max: 0, Diff: 0, Sum: 0, Workers: 8
[2025-06-17T23:21:06.970+0300][7692][9664 ][debug][gc,phases] GC(9)   StringDedup Table Weak         Min:  0.0, Avg:  0.0, Max:  0.0, Diff:  0.0, Sum:  0.0, Workers: 8
[2025-06-17T23:21:06.970+0300][7692][9664 ][debug][gc,phases] GC(9)     Dead                           Min: 0, Avg:  0.0, Max: 0, Diff: 0, Sum: 0, Workers: 8
[2025-06-17T23:21:06.970+0300][7692][9664 ][debug][gc,phases] GC(9)     Total                          Min: 0, Avg:  0.0, Max: 0, Diff: 0, Sum: 0, Workers: 8
[2025-06-17T23:21:06.970+0300][7692][9664 ][debug][gc,phases] GC(9)   StringDedup Requests0 Weak     Min:  0.0, Avg:  0.0, Max:  0.0, Diff:  0.0, Sum:  0.0, Workers: 8
[2025-06-17T23:21:06.970+0300][7692][9664 ][debug][gc,phases] GC(9)     Dead                           Min: 0, Avg:  0.0, Max: 0, Diff: 0, Sum: 0, Workers: 8
[2025-06-17T23:21:06.970+0300][7692][9664 ][debug][gc,phases] GC(9)     Total                          Min: 0, Avg:  0.0, Max: 0, Diff: 0, Sum: 0, Workers: 8
[2025-06-17T23:21:06.970+0300][7692][9664 ][debug][gc,phases] GC(9)   StringDedup Requests1 Weak     Min:  0.0, Avg:  0.0, Max:  0.0, Diff:  0.0, Sum:  0.0, Workers: 8
[2025-06-17T23:21:06.970+0300][7692][9664 ][debug][gc,phases] GC(9)     Dead                           Min: 0, Avg:  0.0, Max: 0, Diff: 0, Sum: 0, Workers: 8
[2025-06-17T23:21:06.970+0300][7692][9664 ][debug][gc,phases] GC(9)     Total                          Min: 0, Avg:  0.0, Max: 0, Diff: 0, Sum: 0, Workers: 8
[2025-06-17T23:21:06.970+0300][7692][9664 ][debug][gc,phases] GC(9)   Weak JFR Old Object Samples    Min:  0.0, Avg:  0.0, Max:  0.0, Diff:  0.0, Sum:  0.0, Workers: 8
[2025-06-17T23:21:06.970+0300][7692][9664 ][debug][gc,phases] GC(9)     Dead                           Min: 0, Avg:  0.0, Max: 0, Diff: 0, Sum: 0, Workers: 8
[2025-06-17T23:21:06.970+0300][7692][9664 ][debug][gc,phases] GC(9)     Total                          Min: 0, Avg:  0.0, Max: 0, Diff: 0, Sum: 0, Workers: 8
[2025-06-17T23:21:06.970+0300][7692][9664 ][debug][gc,phases] GC(9) Weak Processing 0.438ms
[2025-06-17T23:21:06.970+0300][7692][9664 ][info ][gc,heap  ] GC(9) PSYoungGen: 605264K(611840K)->464K(688640K) Eden: 602112K(602112K)->0K(679424K) From: 3152K(9728K)->464K(9216K)
[2025-06-17T23:21:06.970+0300][7692][9664 ][info ][gc,heap  ] GC(9) ParOldGen: 13776K(1398272K)->16439K(1398272K)
[2025-06-17T23:21:06.970+0300][7692][9664 ][info ][gc       ] GC(9) Pause Young (Allocation Failure) 604M->16M(2038M) 6.147ms
[2025-06-17T23:21:06.970+0300][7692][9664 ][debug][gc,heap  ] GC(9) Heap after GC invocations=10 (full 2):
[2025-06-17T23:21:06.970+0300][7692][9664 ][debug][gc,heap  ] GC(9)  PSYoungGen      total 688640K, used 464K [0x00000000d5580000, 0x0000000100000000, 0x0000000100000000)
[2025-06-17T23:21:06.970+0300][7692][9664 ][debug][gc,heap  ] GC(9)   eden space 679424K, 0% used [0x00000000d5580000,0x00000000d5580000,0x00000000fed00000)
[2025-06-17T23:21:06.970+0300][7692][9664 ][debug][gc,heap  ] GC(9)   from space 9216K, 5% used [0x00000000ff700000,0x00000000ff774010,0x0000000100000000)
[2025-06-17T23:21:06.970+0300][7692][9664 ][debug][gc,heap  ] GC(9)   to   space 9728K, 0% used [0x00000000fed00000,0x00000000fed00000,0x00000000ff680000)
[2025-06-17T23:21:06.970+0300][7692][9664 ][debug][gc,heap  ] GC(9)  ParOldGen       total 1398272K, used 16439K [0x0000000080000000, 0x00000000d5580000, 0x00000000d5580000)
[2025-06-17T23:21:06.970+0300][7692][9664 ][debug][gc,heap  ] GC(9)   object space 1398272K, 1% used [0x0000000080000000,0x000000008100dc60,0x00000000d5580000)
[2025-06-17T23:21:06.970+0300][7692][9664 ][debug][gc,heap  ] GC(9)  Metaspace       used 34467K, committed 35328K, reserved 1114112K
[2025-06-17T23:21:06.970+0300][7692][9664 ][debug][gc,heap  ] GC(9)   class space    used 2932K, committed 3328K, reserved 1048576K
[2025-06-17T23:21:06.970+0300][7692][9664 ][info ][safepoint] Safepoint "ParallelGCFailedAllocation", Time since last: 2960997300 ns, Reaching safepoint: 123600 ns, Cleanup: 16000 ns, At safepoint: 6420800 ns, Total: 6560400 ns
[2025-06-17T23:21:08.984+0300][7692][9664 ][debug][safepoint] Safepoint synchronization initiated using striped semaphore wait barrier. (32 threads)
[2025-06-17T23:21:08.984+0300][7692][9664 ][info ][safepoint] Safepoint "Cleanup", Time since last: 2007029300 ns, Reaching safepoint: 116900 ns, Cleanup: 87800 ns, At safepoint: 12200 ns, Total: 216900 ns
[2025-06-17T23:21:17.053+0300][7692][9664 ][debug][safepoint] Safepoint synchronization initiated using striped semaphore wait barrier. (32 threads)
[2025-06-17T23:21:17.053+0300][7692][9664 ][info ][safepoint] Safepoint "Cleanup", Time since last: 8069489500 ns, Reaching safepoint: 172100 ns, Cleanup: 39100 ns, At safepoint: 19700 ns, Total: 230900 ns
[2025-06-17T23:21:19.073+0300][7692][9664 ][debug][safepoint] Safepoint synchronization initiated using striped semaphore wait barrier. (32 threads)
[2025-06-17T23:21:19.073+0300][7692][9664 ][info ][safepoint] Safepoint "Cleanup", Time since last: 2019939200 ns, Reaching safepoint: 168500 ns, Cleanup: 37500 ns, At safepoint: 20200 ns, Total: 226200 ns
[2025-06-17T23:21:25.399+0300][7692][9664 ][debug][safepoint] Safepoint synchronization initiated using striped semaphore wait barrier. (32 threads)
[2025-06-17T23:21:25.399+0300][7692][9664 ][info ][safepoint] Safepoint "Cleanup", Time since last: 6325084500 ns, Reaching safepoint: 152500 ns, Cleanup: 47700 ns, At safepoint: 32200 ns, Total: 232400 ns
[2025-06-17T23:21:29.573+0300][7692][9664 ][debug][safepoint] Safepoint synchronization initiated using striped semaphore wait barrier. (32 threads)
[2025-06-17T23:21:29.573+0300][7692][9664 ][debug][gc,heap  ] GC(10) Heap before GC invocations=11 (full 2):
[2025-06-17T23:21:29.573+0300][7692][9664 ][debug][gc,heap  ] GC(10)  PSYoungGen      total 688640K, used 679888K [0x00000000d5580000, 0x0000000100000000, 0x0000000100000000)
[2025-06-17T23:21:29.573+0300][7692][9664 ][debug][gc,heap  ] GC(10)   eden space 679424K, 100% used [0x00000000d5580000,0x00000000fed00000,0x00000000fed00000)
[2025-06-17T23:21:29.573+0300][7692][9664 ][debug][gc,heap  ] GC(10)   from space 9216K, 5% used [0x00000000ff700000,0x00000000ff774010,0x0000000100000000)
[2025-06-17T23:21:29.573+0300][7692][9664 ][debug][gc,heap  ] GC(10)   to   space 9728K, 0% used [0x00000000fed00000,0x00000000fed00000,0x00000000ff680000)
[2025-06-17T23:21:29.573+0300][7692][9664 ][debug][gc,heap  ] GC(10)  ParOldGen       total 1398272K, used 16439K [0x0000000080000000, 0x00000000d5580000, 0x00000000d5580000)
[2025-06-17T23:21:29.573+0300][7692][9664 ][debug][gc,heap  ] GC(10)   object space 1398272K, 1% used [0x0000000080000000,0x000000008100dc60,0x00000000d5580000)
[2025-06-17T23:21:29.573+0300][7692][9664 ][debug][gc,heap  ] GC(10)  Metaspace       used 34494K, committed 35392K, reserved 1114112K
[2025-06-17T23:21:29.573+0300][7692][9664 ][debug][gc,heap  ] GC(10)   class space    used 2932K, committed 3328K, reserved 1048576K
[2025-06-17T23:21:29.573+0300][7692][9664 ][debug][gc,phases] GC(10) Scavenge 1.313ms
[2025-06-17T23:21:29.573+0300][7692][9664 ][debug][gc,phases] GC(10) Reference Processing 0.075ms
[2025-06-17T23:21:29.573+0300][7692][9664 ][debug][gc,phases] GC(10)   VM Weak                        Min:  0.0, Avg:  0.0, Max:  0.0, Diff:  0.0, Sum:  0.0, Workers: 8
[2025-06-17T23:21:29.573+0300][7692][9664 ][debug][gc,phases] GC(10)     Dead                           Min: 0, Avg:  0.0, Max: 0, Diff: 0, Sum: 0, Workers: 8
[2025-06-17T23:21:29.573+0300][7692][9664 ][debug][gc,phases] GC(10)     Total                          Min: 0, Avg: 67.1, Max: 512, Diff: 512, Sum: 537, Workers: 8
[2025-06-17T23:21:29.573+0300][7692][9664 ][debug][gc,phases] GC(10)   ObjectSynchronizer Weak        Min:  0.0, Avg:  0.0, Max:  0.0, Diff:  0.0, Sum:  0.0, Workers: 8
[2025-06-17T23:21:29.573+0300][7692][9664 ][debug][gc,phases] GC(10)     Dead                           Min: 0, Avg:  0.0, Max: 0, Diff: 0, Sum: 0, Workers: 8
[2025-06-17T23:21:29.573+0300][7692][9664 ][debug][gc,phases] GC(10)     Total                          Min: 0, Avg:  3.1, Max: 25, Diff: 25, Sum: 25, Workers: 8
[2025-06-17T23:21:29.573+0300][7692][9664 ][debug][gc,phases] GC(10)   JVMTI Tag Weak OopStorage      Min:  0.0, Avg:  0.0, Max:  0.0, Diff:  0.0, Sum:  0.0, Workers: 8
[2025-06-17T23:21:29.573+0300][7692][9664 ][debug][gc,phases] GC(10)     Dead                           Min: 0, Avg:  0.0, Max: 0, Diff: 0, Sum: 0, Workers: 8
[2025-06-17T23:21:29.573+0300][7692][9664 ][debug][gc,phases] GC(10)     Total                          Min: 0, Avg:  0.0, Max: 0, Diff: 0, Sum: 0, Workers: 8
[2025-06-17T23:21:29.573+0300][7692][9664 ][debug][gc,phases] GC(10)   StringTable Weak               Min:  0.0, Avg:  0.1, Max:  0.1, Diff:  0.1, Sum:  0.5, Workers: 8
[2025-06-17T23:21:29.573+0300][7692][9664 ][debug][gc,phases] GC(10)     Dead                           Min: 0, Avg:  0.0, Max: 0, Diff: 0, Sum: 0, Workers: 8
[2025-06-17T23:21:29.573+0300][7692][9664 ][debug][gc,phases] GC(10)     Total                          Min: 960, Avg: 3443.0, Max: 8832, Diff: 7872, Sum: 27544, Workers: 8
[2025-06-17T23:21:29.573+0300][7692][9664 ][debug][gc,phases] GC(10)   ResolvedMethodTable Weak       Min:  0.0, Avg:  0.0, Max:  0.0, Diff:  0.0, Sum:  0.0, Workers: 8
[2025-06-17T23:21:29.573+0300][7692][9664 ][debug][gc,phases] GC(10)     Dead                           Min: 0, Avg:  0.0, Max: 0, Diff: 0, Sum: 0, Workers: 8
[2025-06-17T23:21:29.573+0300][7692][9664 ][debug][gc,phases] GC(10)     Total                          Min: 128, Avg: 212.0, Max: 320, Diff: 192, Sum: 1696, Workers: 8
[2025-06-17T23:21:29.573+0300][7692][9664 ][debug][gc,phases] GC(10)   JNI Weak                       Min:  0.0, Avg:  0.0, Max:  0.0, Diff:  0.0, Sum:  0.0, Workers: 8
[2025-06-17T23:21:29.573+0300][7692][9664 ][debug][gc,phases] GC(10)     Dead                           Min: 0, Avg:  0.0, Max: 0, Diff: 0, Sum: 0, Workers: 8
[2025-06-17T23:21:29.573+0300][7692][9664 ][debug][gc,phases] GC(10)     Total                          Min: 0, Avg:  0.0, Max: 0, Diff: 0, Sum: 0, Workers: 8
[2025-06-17T23:21:29.573+0300][7692][9664 ][debug][gc,phases] GC(10)   StringDedup Table Weak         Min:  0.0, Avg:  0.0, Max:  0.0, Diff:  0.0, Sum:  0.0, Workers: 8
[2025-06-17T23:21:29.573+0300][7692][9664 ][debug][gc,phases] GC(10)     Dead                           Min: 0, Avg:  0.0, Max: 0, Diff: 0, Sum: 0, Workers: 8
[2025-06-17T23:21:29.573+0300][7692][9664 ][debug][gc,phases] GC(10)     Total                          Min: 0, Avg:  0.0, Max: 0, Diff: 0, Sum: 0, Workers: 8
[2025-06-17T23:21:29.573+0300][7692][9664 ][debug][gc,phases] GC(10)   StringDedup Requests0 Weak     Min:  0.0, Avg:  0.0, Max:  0.0, Diff:  0.0, Sum:  0.0, Workers: 8
[2025-06-17T23:21:29.573+0300][7692][9664 ][debug][gc,phases] GC(10)     Dead                           Min: 0, Avg:  0.0, Max: 0, Diff: 0, Sum: 0, Workers: 8
[2025-06-17T23:21:29.573+0300][7692][9664 ][debug][gc,phases] GC(10)     Total                          Min: 0, Avg:  0.0, Max: 0, Diff: 0, Sum: 0, Workers: 8
[2025-06-17T23:21:29.573+0300][7692][9664 ][debug][gc,phases] GC(10)   StringDedup Requests1 Weak     Min:  0.0, Avg:  0.0, Max:  0.0, Diff:  0.0, Sum:  0.0, Workers: 8
[2025-06-17T23:21:29.573+0300][7692][9664 ][debug][gc,phases] GC(10)     Dead                           Min: 0, Avg:  0.0, Max: 0, Diff: 0, Sum: 0, Workers: 8
[2025-06-17T23:21:29.573+0300][7692][9664 ][debug][gc,phases] GC(10)     Total                          Min: 0, Avg:  0.0, Max: 0, Diff: 0, Sum: 0, Workers: 8
[2025-06-17T23:21:29.573+0300][7692][9664 ][debug][gc,phases] GC(10)   Weak JFR Old Object Samples    Min:  0.0, Avg:  0.0, Max:  0.0, Diff:  0.0, Sum:  0.0, Workers: 8
[2025-06-17T23:21:29.573+0300][7692][9664 ][debug][gc,phases] GC(10)     Dead                           Min: 0, Avg:  0.0, Max: 0, Diff: 0, Sum: 0, Workers: 8
[2025-06-17T23:21:29.573+0300][7692][9664 ][debug][gc,phases] GC(10)     Total                          Min: 0, Avg:  0.0, Max: 0, Diff: 0, Sum: 0, Workers: 8
[2025-06-17T23:21:29.573+0300][7692][9664 ][debug][gc,phases] GC(10) Weak Processing 1.101ms
[2025-06-17T23:21:29.573+0300][7692][9664 ][info ][gc,heap  ] GC(10) PSYoungGen: 679888K(688640K)->416K(689152K) Eden: 679424K(679424K)->0K(679424K) From: 464K(9216K)->416K(9728K)
[2025-06-17T23:21:29.573+0300][7692][9664 ][info ][gc,heap  ] GC(10) ParOldGen: 16439K(1398272K)->16511K(1398272K)
[2025-06-17T23:21:29.573+0300][7692][9664 ][info ][gc       ] GC(10) Pause Young (Allocation Failure) 680M->16M(2038M) 2.726ms
[2025-06-17T23:21:29.573+0300][7692][9664 ][debug][gc,heap  ] GC(10) Heap after GC invocations=11 (full 2):
[2025-06-17T23:21:29.573+0300][7692][9664 ][debug][gc,heap  ] GC(10)  PSYoungGen      total 689152K, used 416K [0x00000000d5580000, 0x0000000100000000, 0x0000000100000000)
[2025-06-17T23:21:29.573+0300][7692][9664 ][debug][gc,heap  ] GC(10)   eden space 679424K, 0% used [0x00000000d5580000,0x00000000d5580000,0x00000000fed00000)
[2025-06-17T23:21:29.573+0300][7692][9664 ][debug][gc,heap  ] GC(10)   from space 9728K, 4% used [0x00000000fed00000,0x00000000fed68000,0x00000000ff680000)
[2025-06-17T23:21:29.573+0300][7692][9664 ][debug][gc,heap  ] GC(10)   to   space 9728K, 0% used [0x00000000ff680000,0x00000000ff680000,0x0000000100000000)
[2025-06-17T23:21:29.573+0300][7692][9664 ][debug][gc,heap  ] GC(10)  ParOldGen       total 1398272K, used 16511K [0x0000000080000000, 0x00000000d5580000, 0x00000000d5580000)
[2025-06-17T23:21:29.573+0300][7692][9664 ][debug][gc,heap  ] GC(10)   object space 1398272K, 1% used [0x0000000080000000,0x000000008101fc60,0x00000000d5580000)
[2025-06-17T23:21:29.573+0300][7692][9664 ][debug][gc,heap  ] GC(10)  Metaspace       used 34494K, committed 35392K, reserved 1114112K
[2025-06-17T23:21:29.573+0300][7692][9664 ][debug][gc,heap  ] GC(10)   class space    used 2932K, committed 3328K, reserved 1048576K
[2025-06-17T23:21:29.573+0300][7692][9664 ][info ][safepoint] Safepoint "ParallelGCFailedAllocation", Time since last: 4175208800 ns, Reaching safepoint: 121500 ns, Cleanup: 22200 ns, At safepoint: 3483400 ns, Total: 3627100 ns
[2025-06-17T23:21:30.582+0300][7692][9664 ][debug][safepoint] Safepoint synchronization initiated using striped semaphore wait barrier. (32 threads)
[2025-06-17T23:21:30.582+0300][7692][9664 ][info ][safepoint] Safepoint "Cleanup", Time since last: 1003783000 ns, Reaching safepoint: 183200 ns, Cleanup: 25500 ns, At safepoint: 44800 ns, Total: 253500 ns
[2025-06-17T23:21:34.608+0300][7692][9664 ][debug][safepoint] Safepoint synchronization initiated using striped semaphore wait barrier. (32 threads)
[2025-06-17T23:21:34.608+0300][7692][9664 ][info ][safepoint] Safepoint "Cleanup", Time since last: 4026494900 ns, Reaching safepoint: 162500 ns, Cleanup: 36200 ns, At safepoint: 25400 ns, Total: 224100 ns
[2025-06-17T23:21:36.625+0300][7692][9664 ][debug][safepoint] Safepoint synchronization initiated using striped semaphore wait barrier. (32 threads)
[2025-06-17T23:21:36.625+0300][7692][9664 ][info ][safepoint] Safepoint "Cleanup", Time since last: 2015912700 ns, Reaching safepoint: 161000 ns, Cleanup: 35800 ns, At safepoint: 22400 ns, Total: 219200 ns
[2025-06-17T23:21:40.666+0300][7692][9664 ][debug][safepoint] Safepoint synchronization initiated using striped semaphore wait barrier. (32 threads)
[2025-06-17T23:21:40.666+0300][7692][9664 ][info ][safepoint] Safepoint "Cleanup", Time since last: 4040957000 ns, Reaching safepoint: 128100 ns, Cleanup: 31300 ns, At safepoint: 38500 ns, Total: 197900 ns
[2025-06-17T23:21:47.752+0300][7692][9664 ][debug][safepoint] Safepoint synchronization initiated using striped semaphore wait barrier. (32 threads)
[2025-06-17T23:21:47.752+0300][7692][9664 ][info ][safepoint] Safepoint "Cleanup", Time since last: 7086073300 ns, Reaching safepoint: 129500 ns, Cleanup: 26900 ns, At safepoint: 24500 ns, Total: 180900 ns
[2025-06-17T23:21:52.432+0300][7692][9664 ][debug][safepoint] Safepoint synchronization initiated using striped semaphore wait barrier. (32 threads)
[2025-06-17T23:21:52.432+0300][7692][9664 ][debug][gc,heap  ] GC(11) Heap before GC invocations=12 (full 2):
[2025-06-17T23:21:52.432+0300][7692][9664 ][debug][gc,heap  ] GC(11)  PSYoungGen      total 689152K, used 679840K [0x00000000d5580000, 0x0000000100000000, 0x0000000100000000)
[2025-06-17T23:21:52.432+0300][7692][9664 ][debug][gc,heap  ] GC(11)   eden space 679424K, 100% used [0x00000000d5580000,0x00000000fed00000,0x00000000fed00000)
[2025-06-17T23:21:52.432+0300][7692][9664 ][debug][gc,heap  ] GC(11)   from space 9728K, 4% used [0x00000000fed00000,0x00000000fed68000,0x00000000ff680000)
[2025-06-17T23:21:52.432+0300][7692][9664 ][debug][gc,heap  ] GC(11)   to   space 9728K, 0% used [0x00000000ff680000,0x00000000ff680000,0x0000000100000000)
[2025-06-17T23:21:52.432+0300][7692][9664 ][debug][gc,heap  ] GC(11)  ParOldGen       total 1398272K, used 16511K [0x0000000080000000, 0x00000000d5580000, 0x00000000d5580000)
[2025-06-17T23:21:52.432+0300][7692][9664 ][debug][gc,heap  ] GC(11)   object space 1398272K, 1% used [0x0000000080000000,0x000000008101fc60,0x00000000d5580000)
[2025-06-17T23:21:52.432+0300][7692][9664 ][debug][gc,heap  ] GC(11)  Metaspace       used 34516K, committed 35456K, reserved 1114112K
[2025-06-17T23:21:52.432+0300][7692][9664 ][debug][gc,heap  ] GC(11)   class space    used 2933K, committed 3328K, reserved 1048576K
[2025-06-17T23:21:52.432+0300][7692][9664 ][debug][gc,phases] GC(11) Scavenge 0.366ms
[2025-06-17T23:21:52.432+0300][7692][9664 ][debug][gc,phases] GC(11) Reference Processing 0.044ms
[2025-06-17T23:21:52.432+0300][7692][9664 ][debug][gc,phases] GC(11)   VM Weak                        Min:  0.0, Avg:  0.0, Max:  0.0, Diff:  0.0, Sum:  0.0, Workers: 8
[2025-06-17T23:21:52.432+0300][7692][9664 ][debug][gc,phases] GC(11)     Dead                           Min: 0, Avg:  0.0, Max: 0, Diff: 0, Sum: 0, Workers: 8
[2025-06-17T23:21:52.432+0300][7692][9664 ][debug][gc,phases] GC(11)     Total                          Min: 0, Avg: 67.1, Max: 537, Diff: 537, Sum: 537, Workers: 8
[2025-06-17T23:21:52.432+0300][7692][9664 ][debug][gc,phases] GC(11)   ObjectSynchronizer Weak        Min:  0.0, Avg:  0.0, Max:  0.0, Diff:  0.0, Sum:  0.0, Workers: 8
[2025-06-17T23:21:52.432+0300][7692][9664 ][debug][gc,phases] GC(11)     Dead                           Min: 0, Avg:  0.0, Max: 0, Diff: 0, Sum: 0, Workers: 8
[2025-06-17T23:21:52.432+0300][7692][9664 ][debug][gc,phases] GC(11)     Total                          Min: 0, Avg:  6.2, Max: 50, Diff: 50, Sum: 50, Workers: 8
[2025-06-17T23:21:52.432+0300][7692][9664 ][debug][gc,phases] GC(11)   JVMTI Tag Weak OopStorage      Min:  0.0, Avg:  0.0, Max:  0.0, Diff:  0.0, Sum:  0.0, Workers: 8
[2025-06-17T23:21:52.432+0300][7692][9664 ][debug][gc,phases] GC(11)     Dead                           Min: 0, Avg:  0.0, Max: 0, Diff: 0, Sum: 0, Workers: 8
[2025-06-17T23:21:52.432+0300][7692][9664 ][debug][gc,phases] GC(11)     Total                          Min: 0, Avg:  0.0, Max: 0, Diff: 0, Sum: 0, Workers: 8
[2025-06-17T23:21:52.432+0300][7692][9664 ][debug][gc,phases] GC(11)   StringTable Weak               Min:  0.0, Avg:  0.0, Max:  0.1, Diff:  0.1, Sum:  0.3, Workers: 8
[2025-06-17T23:21:52.432+0300][7692][9664 ][debug][gc,phases] GC(11)     Dead                           Min: 0, Avg:  0.0, Max: 0, Diff: 0, Sum: 0, Workers: 8
[2025-06-17T23:21:52.432+0300][7692][9664 ][debug][gc,phases] GC(11)     Total                          Min: 2176, Avg: 3444.5, Max: 8356, Diff: 6180, Sum: 27556, Workers: 8
[2025-06-17T23:21:52.432+0300][7692][9664 ][debug][gc,phases] GC(11)   ResolvedMethodTable Weak       Min:  0.0, Avg:  0.0, Max:  0.0, Diff:  0.0, Sum:  0.0, Workers: 8
[2025-06-17T23:21:52.432+0300][7692][9664 ][debug][gc,phases] GC(11)     Dead                           Min: 0, Avg:  0.0, Max: 0, Diff: 0, Sum: 0, Workers: 8
[2025-06-17T23:21:52.432+0300][7692][9664 ][debug][gc,phases] GC(11)     Total                          Min: 97, Avg: 212.0, Max: 320, Diff: 223, Sum: 1696, Workers: 8
[2025-06-17T23:21:52.432+0300][7692][9664 ][debug][gc,phases] GC(11)   JNI Weak                       Min:  0.0, Avg:  0.0, Max:  0.0, Diff:  0.0, Sum:  0.0, Workers: 8
[2025-06-17T23:21:52.432+0300][7692][9664 ][debug][gc,phases] GC(11)     Dead                           Min: 0, Avg:  0.0, Max: 0, Diff: 0, Sum: 0, Workers: 8
[2025-06-17T23:21:52.432+0300][7692][9664 ][debug][gc,phases] GC(11)     Total                          Min: 0, Avg:  0.0, Max: 0, Diff: 0, Sum: 0, Workers: 8
[2025-06-17T23:21:52.432+0300][7692][9664 ][debug][gc,phases] GC(11)   StringDedup Table Weak         Min:  0.0, Avg:  0.0, Max:  0.0, Diff:  0.0, Sum:  0.0, Workers: 8
[2025-06-17T23:21:52.432+0300][7692][9664 ][debug][gc,phases] GC(11)     Dead                           Min: 0, Avg:  0.0, Max: 0, Diff: 0, Sum: 0, Workers: 8
[2025-06-17T23:21:52.432+0300][7692][9664 ][debug][gc,phases] GC(11)     Total                          Min: 0, Avg:  0.0, Max: 0, Diff: 0, Sum: 0, Workers: 8
[2025-06-17T23:21:52.432+0300][7692][9664 ][debug][gc,phases] GC(11)   StringDedup Requests0 Weak     Min:  0.0, Avg:  0.0, Max:  0.0, Diff:  0.0, Sum:  0.0, Workers: 8
[2025-06-17T23:21:52.432+0300][7692][9664 ][debug][gc,phases] GC(11)     Dead                           Min: 0, Avg:  0.0, Max: 0, Diff: 0, Sum: 0, Workers: 8
[2025-06-17T23:21:52.432+0300][7692][9664 ][debug][gc,phases] GC(11)     Total                          Min: 0, Avg:  0.0, Max: 0, Diff: 0, Sum: 0, Workers: 8
[2025-06-17T23:21:52.432+0300][7692][9664 ][debug][gc,phases] GC(11)   StringDedup Requests1 Weak     Min:  0.0, Avg:  0.0, Max:  0.0, Diff:  0.0, Sum:  0.0, Workers: 8
[2025-06-17T23:21:52.432+0300][7692][9664 ][debug][gc,phases] GC(11)     Dead                           Min: 0, Avg:  0.0, Max: 0, Diff: 0, Sum: 0, Workers: 8
[2025-06-17T23:21:52.432+0300][7692][9664 ][debug][gc,phases] GC(11)     Total                          Min: 0, Avg:  0.0, Max: 0, Diff: 0, Sum: 0, Workers: 8
[2025-06-17T23:21:52.432+0300][7692][9664 ][debug][gc,phases] GC(11)   Weak JFR Old Object Samples    Min:  0.0, Avg:  0.0, Max:  0.0, Diff:  0.0, Sum:  0.0, Workers: 8
[2025-06-17T23:21:52.432+0300][7692][9664 ][debug][gc,phases] GC(11)     Dead                           Min: 0, Avg:  0.0, Max: 0, Diff: 0, Sum: 0, Workers: 8
[2025-06-17T23:21:52.432+0300][7692][9664 ][debug][gc,phases] GC(11)     Total                          Min: 0, Avg:  0.0, Max: 0, Diff: 0, Sum: 0, Workers: 8
[2025-06-17T23:21:52.432+0300][7692][9664 ][debug][gc,phases] GC(11) Weak Processing 0.624ms
[2025-06-17T23:21:52.432+0300][7692][9664 ][info ][gc,heap  ] GC(11) PSYoungGen: 679840K(689152K)->416K(689152K) Eden: 679424K(679424K)->0K(679424K) From: 416K(9728K)->416K(9728K)
[2025-06-17T23:21:52.432+0300][7692][9664 ][info ][gc,heap  ] GC(11) ParOldGen: 16511K(1398272K)->16575K(1398272K)
[2025-06-17T23:21:52.432+0300][7692][9664 ][info ][gc       ] GC(11) Pause Young (Allocation Failure) 680M->16M(2038M) 1.198ms
[2025-06-17T23:21:52.432+0300][7692][9664 ][debug][gc,heap  ] GC(11) Heap after GC invocations=12 (full 2):
[2025-06-17T23:21:52.432+0300][7692][9664 ][debug][gc,heap  ] GC(11)  PSYoungGen      total 689152K, used 416K [0x00000000d5580000, 0x0000000100000000, 0x0000000100000000)
[2025-06-17T23:21:52.432+0300][7692][9664 ][debug][gc,heap  ] GC(11)   eden space 679424K, 0% used [0x00000000d5580000,0x00000000d5580000,0x00000000fed00000)
[2025-06-17T23:21:52.432+0300][7692][9664 ][debug][gc,heap  ] GC(11)   from space 9728K, 4% used [0x00000000ff680000,0x00000000ff6e8000,0x0000000100000000)
[2025-06-17T23:21:52.432+0300][7692][9664 ][debug][gc,heap  ] GC(11)   to   space 9728K, 0% used [0x00000000fed00000,0x00000000fed00000,0x00000000ff680000)
[2025-06-17T23:21:52.432+0300][7692][9664 ][debug][gc,heap  ] GC(11)  ParOldGen       total 1398272K, used 16575K [0x0000000080000000, 0x00000000d5580000, 0x00000000d5580000)
[2025-06-17T23:21:52.432+0300][7692][9664 ][debug][gc,heap  ] GC(11)   object space 1398272K, 1% used [0x0000000080000000,0x000000008102fc60,0x00000000d5580000)
[2025-06-17T23:21:52.432+0300][7692][9664 ][debug][gc,heap  ] GC(11)  Metaspace       used 34516K, committed 35456K, reserved 1114112K
[2025-06-17T23:21:52.432+0300][7692][9664 ][debug][gc,heap  ] GC(11)   class space    used 2933K, committed 3328K, reserved 1048576K
[2025-06-17T23:21:52.432+0300][7692][9664 ][info ][safepoint] Safepoint "ParallelGCFailedAllocation", Time since last: 4679660000 ns, Reaching safepoint: 81000 ns, Cleanup: 23600 ns, At safepoint: 1517900 ns, Total: 1622500 ns
[2025-06-17T23:21:57.473+0300][7692][9664 ][debug][safepoint] Safepoint synchronization initiated using striped semaphore wait barrier. (32 threads)
[2025-06-17T23:21:57.473+0300][7692][20396][debug][safepoint] ... found polling page loop exception at pc = 0x000001dbac3e27bd, stub =0x000001dbab7e4d80
[2025-06-17T23:21:57.473+0300][7692][2188 ][debug][safepoint] ... found polling page loop exception at pc = 0x000001dbac440546, stub =0x000001dbab7e5600
[2025-06-17T23:21:57.473+0300][7692][9664 ][info ][safepoint] Safepoint "Cleanup", Time since last: 5039444400 ns, Reaching safepoint: 293300 ns, Cleanup: 16700 ns, At safepoint: 18500 ns, Total: 328500 ns
[2025-06-17T23:22:04.538+0300][7692][9664 ][debug][safepoint] Safepoint synchronization initiated using striped semaphore wait barrier. (32 threads)
[2025-06-17T23:22:04.539+0300][7692][9664 ][info ][safepoint] Safepoint "Cleanup", Time since last: 7064692900 ns, Reaching safepoint: 154300 ns, Cleanup: 51700 ns, At safepoint: 36900 ns, Total: 242900 ns
[2025-06-17T23:22:05.550+0300][7692][9664 ][debug][safepoint] Safepoint synchronization initiated using striped semaphore wait barrier. (32 threads)
[2025-06-17T23:22:05.550+0300][7692][20720][debug][safepoint] ... found polling page loop exception at pc = 0x000001dbac3a5514, stub =0x000001dbab7e5600
[2025-06-17T23:22:05.550+0300][7692][2492 ][debug][safepoint] ... found polling page loop exception at pc = 0x000001dbac3a5514, stub =0x000001dbab7e5600
[2025-06-17T23:22:05.550+0300][7692][9664 ][info ][safepoint] Safepoint "Cleanup", Time since last: 1012099600 ns, Reaching safepoint: 464200 ns, Cleanup: 24500 ns, At safepoint: 48500 ns, Total: 537200 ns
[2025-06-17T23:22:14.613+0300][7692][9664 ][debug][safepoint] Safepoint synchronization initiated using striped semaphore wait barrier. (32 threads)
[2025-06-17T23:22:14.613+0300][7692][9664 ][info ][safepoint] Safepoint "Cleanup", Time since last: 9061970500 ns, Reaching safepoint: 138600 ns, Cleanup: 17500 ns, At safepoint: 10200 ns, Total: 166300 ns
[2025-06-17T23:22:14.863+0300][7692][9664 ][debug][safepoint] Safepoint synchronization initiated using striped semaphore wait barrier. (32 threads)
[2025-06-17T23:22:14.863+0300][7692][9664 ][debug][gc,heap  ] GC(12) Heap before GC invocations=13 (full 2):
[2025-06-17T23:22:14.863+0300][7692][9664 ][debug][gc,heap  ] GC(12)  PSYoungGen      total 689152K, used 679840K [0x00000000d5580000, 0x0000000100000000, 0x0000000100000000)
[2025-06-17T23:22:14.863+0300][7692][9664 ][debug][gc,heap  ] GC(12)   eden space 679424K, 100% used [0x00000000d5580000,0x00000000fed00000,0x00000000fed00000)
[2025-06-17T23:22:14.863+0300][7692][9664 ][debug][gc,heap  ] GC(12)   from space 9728K, 4% used [0x00000000ff680000,0x00000000ff6e8000,0x0000000100000000)
[2025-06-17T23:22:14.863+0300][7692][9664 ][debug][gc,heap  ] GC(12)   to   space 9728K, 0% used [0x00000000fed00000,0x00000000fed00000,0x00000000ff680000)
[2025-06-17T23:22:14.863+0300][7692][9664 ][debug][gc,heap  ] GC(12)  ParOldGen       total 1398272K, used 16575K [0x0000000080000000, 0x00000000d5580000, 0x00000000d5580000)
[2025-06-17T23:22:14.863+0300][7692][9664 ][debug][gc,heap  ] GC(12)   object space 1398272K, 1% used [0x0000000080000000,0x000000008102fc60,0x00000000d5580000)
[2025-06-17T23:22:14.863+0300][7692][9664 ][debug][gc,heap  ] GC(12)  Metaspace       used 34517K, committed 35456K, reserved 1114112K
[2025-06-17T23:22:14.863+0300][7692][9664 ][debug][gc,heap  ] GC(12)   class space    used 2933K, committed 3328K, reserved 1048576K
[2025-06-17T23:22:14.863+0300][7692][9664 ][debug][gc,phases] GC(12) Scavenge 0.527ms
[2025-06-17T23:22:14.863+0300][7692][9664 ][debug][gc,phases] GC(12) Reference Processing 0.103ms
[2025-06-17T23:22:14.863+0300][7692][9664 ][debug][gc,phases] GC(12)   VM Weak                        Min:  0.0, Avg:  0.0, Max:  0.0, Diff:  0.0, Sum:  0.0, Workers: 8
[2025-06-17T23:22:14.863+0300][7692][9664 ][debug][gc,phases] GC(12)     Dead                           Min: 0, Avg:  0.0, Max: 0, Diff: 0, Sum: 0, Workers: 8
[2025-06-17T23:22:14.863+0300][7692][9664 ][debug][gc,phases] GC(12)     Total                          Min: 0, Avg: 67.1, Max: 537, Diff: 537, Sum: 537, Workers: 8
[2025-06-17T23:22:14.863+0300][7692][9664 ][debug][gc,phases] GC(12)   ObjectSynchronizer Weak        Min:  0.0, Avg:  0.0, Max:  0.0, Diff:  0.0, Sum:  0.0, Workers: 8
[2025-06-17T23:22:14.863+0300][7692][9664 ][debug][gc,phases] GC(12)     Dead                           Min: 0, Avg:  0.0, Max: 0, Diff: 0, Sum: 0, Workers: 8
[2025-06-17T23:22:14.863+0300][7692][9664 ][debug][gc,phases] GC(12)     Total                          Min: 0, Avg:  7.4, Max: 59, Diff: 59, Sum: 59, Workers: 8
[2025-06-17T23:22:14.863+0300][7692][9664 ][debug][gc,phases] GC(12)   JVMTI Tag Weak OopStorage      Min:  0.0, Avg:  0.0, Max:  0.0, Diff:  0.0, Sum:  0.0, Workers: 8
[2025-06-17T23:22:14.863+0300][7692][9664 ][debug][gc,phases] GC(12)     Dead                           Min: 0, Avg:  0.0, Max: 0, Diff: 0, Sum: 0, Workers: 8
[2025-06-17T23:22:14.863+0300][7692][9664 ][debug][gc,phases] GC(12)     Total                          Min: 0, Avg:  0.0, Max: 0, Diff: 0, Sum: 0, Workers: 8
[2025-06-17T23:22:14.863+0300][7692][9664 ][debug][gc,phases] GC(12)   StringTable Weak               Min:  0.0, Avg:  0.1, Max:  0.1, Diff:  0.1, Sum:  0.5, Workers: 8
[2025-06-17T23:22:14.863+0300][7692][9664 ][debug][gc,phases] GC(12)     Dead                           Min: 0, Avg:  0.0, Max: 0, Diff: 0, Sum: 0, Workers: 8
[2025-06-17T23:22:14.863+0300][7692][9664 ][debug][gc,phases] GC(12)     Total                          Min: 1728, Avg: 3447.8, Max: 8512, Diff: 6784, Sum: 27582, Workers: 8
[2025-06-17T23:22:14.863+0300][7692][9664 ][debug][gc,phases] GC(12)   ResolvedMethodTable Weak       Min:  0.0, Avg:  0.0, Max:  0.0, Diff:  0.0, Sum:  0.0, Workers: 8
[2025-06-17T23:22:14.863+0300][7692][9664 ][debug][gc,phases] GC(12)     Dead                           Min: 0, Avg:  0.0, Max: 0, Diff: 0, Sum: 0, Workers: 8
[2025-06-17T23:22:14.863+0300][7692][9664 ][debug][gc,phases] GC(12)     Total                          Min: 0, Avg: 212.0, Max: 320, Diff: 320, Sum: 1696, Workers: 8
[2025-06-17T23:22:14.863+0300][7692][9664 ][debug][gc,phases] GC(12)   JNI Weak                       Min:  0.0, Avg:  0.0, Max:  0.0, Diff:  0.0, Sum:  0.0, Workers: 8
[2025-06-17T23:22:14.863+0300][7692][9664 ][debug][gc,phases] GC(12)     Dead                           Min: 0, Avg:  0.0, Max: 0, Diff: 0, Sum: 0, Workers: 8
[2025-06-17T23:22:14.863+0300][7692][9664 ][debug][gc,phases] GC(12)     Total                          Min: 0, Avg:  0.0, Max: 0, Diff: 0, Sum: 0, Workers: 8
[2025-06-17T23:22:14.863+0300][7692][9664 ][debug][gc,phases] GC(12)   StringDedup Table Weak         Min:  0.0, Avg:  0.0, Max:  0.0, Diff:  0.0, Sum:  0.0, Workers: 8
[2025-06-17T23:22:14.863+0300][7692][9664 ][debug][gc,phases] GC(12)     Dead                           Min: 0, Avg:  0.0, Max: 0, Diff: 0, Sum: 0, Workers: 8
[2025-06-17T23:22:14.863+0300][7692][9664 ][debug][gc,phases] GC(12)     Total                          Min: 0, Avg:  0.0, Max: 0, Diff: 0, Sum: 0, Workers: 8
[2025-06-17T23:22:14.863+0300][7692][9664 ][debug][gc,phases] GC(12)   StringDedup Requests0 Weak     Min:  0.0, Avg:  0.0, Max:  0.0, Diff:  0.0, Sum:  0.0, Workers: 8
[2025-06-17T23:22:14.863+0300][7692][9664 ][debug][gc,phases] GC(12)     Dead                           Min: 0, Avg:  0.0, Max: 0, Diff: 0, Sum: 0, Workers: 8
[2025-06-17T23:22:14.863+0300][7692][9664 ][debug][gc,phases] GC(12)     Total                          Min: 0, Avg:  0.0, Max: 0, Diff: 0, Sum: 0, Workers: 8
[2025-06-17T23:22:14.863+0300][7692][9664 ][debug][gc,phases] GC(12)   StringDedup Requests1 Weak     Min:  0.0, Avg:  0.0, Max:  0.0, Diff:  0.0, Sum:  0.0, Workers: 8
[2025-06-17T23:22:14.863+0300][7692][9664 ][debug][gc,phases] GC(12)     Dead                           Min: 0, Avg:  0.0, Max: 0, Diff: 0, Sum: 0, Workers: 8
[2025-06-17T23:22:14.863+0300][7692][9664 ][debug][gc,phases] GC(12)     Total                          Min: 0, Avg:  0.0, Max: 0, Diff: 0, Sum: 0, Workers: 8
[2025-06-17T23:22:14.863+0300][7692][9664 ][debug][gc,phases] GC(12)   Weak JFR Old Object Samples    Min:  0.0, Avg:  0.0, Max:  0.0, Diff:  0.0, Sum:  0.0, Workers: 8
[2025-06-17T23:22:14.863+0300][7692][9664 ][debug][gc,phases] GC(12)     Dead                           Min: 0, Avg:  0.0, Max: 0, Diff: 0, Sum: 0, Workers: 8
[2025-06-17T23:22:14.863+0300][7692][9664 ][debug][gc,phases] GC(12)     Total                          Min: 0, Avg:  0.0, Max: 0, Diff: 0, Sum: 0, Workers: 8
[2025-06-17T23:22:14.863+0300][7692][9664 ][debug][gc,phases] GC(12) Weak Processing 1.270ms
[2025-06-17T23:22:14.863+0300][7692][9664 ][info ][gc,heap  ] GC(12) PSYoungGen: 679840K(689152K)->448K(689152K) Eden: 679424K(679424K)->0K(679424K) From: 416K(9728K)->448K(9728K)
[2025-06-17T23:22:14.863+0300][7692][9664 ][info ][gc,heap  ] GC(12) ParOldGen: 16575K(1398272K)->16639K(1398272K)
[2025-06-17T23:22:14.863+0300][7692][9664 ][info ][gc       ] GC(12) Pause Young (Allocation Failure) 680M->16M(2038M) 2.152ms
[2025-06-17T23:22:14.863+0300][7692][9664 ][debug][gc,heap  ] GC(12) Heap after GC invocations=13 (full 2):
[2025-06-17T23:22:14.863+0300][7692][9664 ][debug][gc,heap  ] GC(12)  PSYoungGen      total 689152K, used 448K [0x00000000d5580000, 0x0000000100000000, 0x0000000100000000)
[2025-06-17T23:22:14.863+0300][7692][9664 ][debug][gc,heap  ] GC(12)   eden space 679424K, 0% used [0x00000000d5580000,0x00000000d5580000,0x00000000fed00000)
[2025-06-17T23:22:14.863+0300][7692][9664 ][debug][gc,heap  ] GC(12)   from space 9728K, 4% used [0x00000000fed00000,0x00000000fed70000,0x00000000ff680000)
[2025-06-17T23:22:14.863+0300][7692][9664 ][debug][gc,heap  ] GC(12)   to   space 9216K, 0% used [0x00000000ff700000,0x00000000ff700000,0x0000000100000000)
[2025-06-17T23:22:14.863+0300][7692][9664 ][debug][gc,heap  ] GC(12)  ParOldGen       total 1398272K, used 16639K [0x0000000080000000, 0x00000000d5580000, 0x00000000d5580000)
[2025-06-17T23:22:14.863+0300][7692][9664 ][debug][gc,heap  ] GC(12)   object space 1398272K, 1% used [0x0000000080000000,0x000000008103fc60,0x00000000d5580000)
[2025-06-17T23:22:14.863+0300][7692][9664 ][debug][gc,heap  ] GC(12)  Metaspace       used 34517K, committed 35456K, reserved 1114112K
[2025-06-17T23:22:14.863+0300][7692][9664 ][debug][gc,heap  ] GC(12)   class space    used 2933K, committed 3328K, reserved 1048576K
[2025-06-17T23:22:14.863+0300][7692][9664 ][info ][safepoint] Safepoint "ParallelGCFailedAllocation", Time since last: 250349500 ns, Reaching safepoint: 130400 ns, Cleanup: 9400 ns, At safepoint: 2733000 ns, Total: 2872800 ns
[2025-06-17T23:22:15.878+0300][7692][9664 ][debug][safepoint] Safepoint synchronization initiated using striped semaphore wait barrier. (32 threads)
[2025-06-17T23:22:15.878+0300][7692][9664 ][info ][safepoint] Safepoint "Cleanup", Time since last: 1011694100 ns, Reaching safepoint: 125000 ns, Cleanup: 29500 ns, At safepoint: 25000 ns, Total: 179500 ns
[2025-06-17T23:22:16.892+0300][7692][9664 ][debug][safepoint] Safepoint synchronization initiated using striped semaphore wait barrier. (32 threads)
[2025-06-17T23:22:16.893+0300][7692][9664 ][info ][safepoint] Safepoint "Cleanup", Time since last: 1014041500 ns, Reaching safepoint: 160300 ns, Cleanup: 45500 ns, At safepoint: 30900 ns, Total: 236700 ns
[2025-06-17T23:22:33.361+0300][7692][9664 ][debug][safepoint] Safepoint synchronization initiated using striped semaphore wait barrier. (25 threads)
[2025-06-17T23:22:33.361+0300][7692][9664 ][debug][gc,heap  ] GC(13) Heap before GC invocations=14 (full 2):
[2025-06-17T23:22:33.361+0300][7692][9664 ][debug][gc,heap  ] GC(13)  PSYoungGen      total 689152K, used 556560K [0x00000000d5580000, 0x0000000100000000, 0x0000000100000000)
[2025-06-17T23:22:33.361+0300][7692][9664 ][debug][gc,heap  ] GC(13)   eden space 679424K, 81% used [0x00000000d5580000,0x00000000f7494090,0x00000000fed00000)
[2025-06-17T23:22:33.361+0300][7692][9664 ][debug][gc,heap  ] GC(13)   from space 9728K, 4% used [0x00000000fed00000,0x00000000fed70000,0x00000000ff680000)
[2025-06-17T23:22:33.361+0300][7692][9664 ][debug][gc,heap  ] GC(13)   to   space 9216K, 0% used [0x00000000ff700000,0x00000000ff700000,0x0000000100000000)
[2025-06-17T23:22:33.361+0300][7692][9664 ][debug][gc,heap  ] GC(13)  ParOldGen       total 1398272K, used 16639K [0x0000000080000000, 0x00000000d5580000, 0x00000000d5580000)
[2025-06-17T23:22:33.361+0300][7692][9664 ][debug][gc,heap  ] GC(13)   object space 1398272K, 1% used [0x0000000080000000,0x000000008103fc60,0x00000000d5580000)
[2025-06-17T23:22:33.361+0300][7692][9664 ][debug][gc,heap  ] GC(13)  Metaspace       used 34629K, committed 35520K, reserved 1114112K
[2025-06-17T23:22:33.361+0300][7692][9664 ][debug][gc,heap  ] GC(13)   class space    used 2941K, committed 3328K, reserved 1048576K
[2025-06-17T23:22:33.361+0300][7692][9664 ][debug][gc,phases] GC(13) Scavenge 0.426ms
[2025-06-17T23:22:33.361+0300][7692][9664 ][debug][gc,phases] GC(13) Reference Processing 0.038ms
[2025-06-17T23:22:33.361+0300][7692][9664 ][debug][gc,phases] GC(13)   VM Weak                        Min:  0.0, Avg:  0.0, Max:  0.0, Diff:  0.0, Sum:  0.0, Workers: 8
[2025-06-17T23:22:33.361+0300][7692][9664 ][debug][gc,phases] GC(13)     Dead                           Min: 0, Avg:  0.0, Max: 0, Diff: 0, Sum: 0, Workers: 8
[2025-06-17T23:22:33.361+0300][7692][9664 ][debug][gc,phases] GC(13)     Total                          Min: 0, Avg: 67.4, Max: 539, Diff: 539, Sum: 539, Workers: 8
[2025-06-17T23:22:33.361+0300][7692][9664 ][debug][gc,phases] GC(13)   ObjectSynchronizer Weak        Min:  0.0, Avg:  0.0, Max:  0.0, Diff:  0.0, Sum:  0.0, Workers: 8
[2025-06-17T23:22:33.361+0300][7692][9664 ][debug][gc,phases] GC(13)     Dead                           Min: 0, Avg:  0.1, Max: 1, Diff: 1, Sum: 1, Workers: 8
[2025-06-17T23:22:33.361+0300][7692][9664 ][debug][gc,phases] GC(13)     Total                          Min: 0, Avg:  5.4, Max: 43, Diff: 43, Sum: 43, Workers: 8
[2025-06-17T23:22:33.361+0300][7692][9664 ][debug][gc,phases] GC(13)   JVMTI Tag Weak OopStorage      Min:  0.0, Avg:  0.0, Max:  0.0, Diff:  0.0, Sum:  0.0, Workers: 8
[2025-06-17T23:22:33.361+0300][7692][9664 ][debug][gc,phases] GC(13)     Dead                           Min: 0, Avg:  0.0, Max: 0, Diff: 0, Sum: 0, Workers: 8
[2025-06-17T23:22:33.361+0300][7692][9664 ][debug][gc,phases] GC(13)     Total                          Min: 0, Avg:  0.0, Max: 0, Diff: 0, Sum: 0, Workers: 8
[2025-06-17T23:22:33.361+0300][7692][9664 ][debug][gc,phases] GC(13)   StringTable Weak               Min:  0.0, Avg:  0.0, Max:  0.1, Diff:  0.1, Sum:  0.2, Workers: 8
[2025-06-17T23:22:33.361+0300][7692][9664 ][debug][gc,phases] GC(13)     Dead                           Min: 0, Avg:  0.1, Max: 1, Diff: 1, Sum: 1, Workers: 8
[2025-06-17T23:22:33.361+0300][7692][9664 ][debug][gc,phases] GC(13)     Total                          Min: 0, Avg: 3459.9, Max: 10304, Diff: 10304, Sum: 27679, Workers: 8
[2025-06-17T23:22:33.361+0300][7692][9664 ][debug][gc,phases] GC(13)   ResolvedMethodTable Weak       Min:  0.0, Avg:  0.0, Max:  0.0, Diff:  0.0, Sum:  0.0, Workers: 8
[2025-06-17T23:22:33.361+0300][7692][9664 ][debug][gc,phases] GC(13)     Dead                           Min: 0, Avg:  0.1, Max: 1, Diff: 1, Sum: 1, Workers: 8
[2025-06-17T23:22:33.361+0300][7692][9664 ][debug][gc,phases] GC(13)     Total                          Min: 0, Avg: 212.8, Max: 319, Diff: 319, Sum: 1702, Workers: 8
[2025-06-17T23:22:33.361+0300][7692][9664 ][debug][gc,phases] GC(13)   JNI Weak                       Min:  0.0, Avg:  0.0, Max:  0.0, Diff:  0.0, Sum:  0.0, Workers: 8
[2025-06-17T23:22:33.361+0300][7692][9664 ][debug][gc,phases] GC(13)     Dead                           Min: 0, Avg:  0.0, Max: 0, Diff: 0, Sum: 0, Workers: 8
[2025-06-17T23:22:33.361+0300][7692][9664 ][debug][gc,phases] GC(13)     Total                          Min: 0, Avg:  0.1, Max: 1, Diff: 1, Sum: 1, Workers: 8
[2025-06-17T23:22:33.361+0300][7692][9664 ][debug][gc,phases] GC(13)   StringDedup Table Weak         Min:  0.0, Avg:  0.0, Max:  0.0, Diff:  0.0, Sum:  0.0, Workers: 8
[2025-06-17T23:22:33.361+0300][7692][9664 ][debug][gc,phases] GC(13)     Dead                           Min: 0, Avg:  0.0, Max: 0, Diff: 0, Sum: 0, Workers: 8
[2025-06-17T23:22:33.361+0300][7692][9664 ][debug][gc,phases] GC(13)     Total                          Min: 0, Avg:  0.0, Max: 0, Diff: 0, Sum: 0, Workers: 8
[2025-06-17T23:22:33.361+0300][7692][9664 ][debug][gc,phases] GC(13)   StringDedup Requests0 Weak     Min:  0.0, Avg:  0.0, Max:  0.0, Diff:  0.0, Sum:  0.0, Workers: 8
[2025-06-17T23:22:33.361+0300][7692][9664 ][debug][gc,phases] GC(13)     Dead                           Min: 0, Avg:  0.0, Max: 0, Diff: 0, Sum: 0, Workers: 8
[2025-06-17T23:22:33.361+0300][7692][9664 ][debug][gc,phases] GC(13)     Total                          Min: 0, Avg:  0.0, Max: 0, Diff: 0, Sum: 0, Workers: 8
[2025-06-17T23:22:33.361+0300][7692][9664 ][debug][gc,phases] GC(13)   StringDedup Requests1 Weak     Min:  0.0, Avg:  0.0, Max:  0.0, Diff:  0.0, Sum:  0.0, Workers: 8
[2025-06-17T23:22:33.361+0300][7692][9664 ][debug][gc,phases] GC(13)     Dead                           Min: 0, Avg:  0.0, Max: 0, Diff: 0, Sum: 0, Workers: 8
[2025-06-17T23:22:33.361+0300][7692][9664 ][debug][gc,phases] GC(13)     Total                          Min: 0, Avg:  0.0, Max: 0, Diff: 0, Sum: 0, Workers: 8
[2025-06-17T23:22:33.361+0300][7692][9664 ][debug][gc,phases] GC(13)   Weak JFR Old Object Samples    Min:  0.0, Avg:  0.0, Max:  0.0, Diff:  0.0, Sum:  0.0, Workers: 8
[2025-06-17T23:22:33.361+0300][7692][9664 ][debug][gc,phases] GC(13)     Dead                           Min: 0, Avg:  0.0, Max: 0, Diff: 0, Sum: 0, Workers: 8
[2025-06-17T23:22:33.361+0300][7692][9664 ][debug][gc,phases] GC(13)     Total                          Min: 0, Avg:  0.0, Max: 0, Diff: 0, Sum: 0, Workers: 8
[2025-06-17T23:22:33.361+0300][7692][9664 ][debug][gc,phases] GC(13) Weak Processing 0.469ms
[2025-06-17T23:22:33.361+0300][7692][9664 ][info ][gc,heap  ] GC(13) PSYoungGen: 556560K(689152K)->256K(689664K) Eden: 556112K(679424K)->0K(680448K) From: 448K(9728K)->256K(9216K)
[2025-06-17T23:22:33.361+0300][7692][9664 ][info ][gc,heap  ] GC(13) ParOldGen: 16639K(1398272K)->16703K(1398272K)
[2025-06-17T23:22:33.361+0300][7692][9664 ][info ][gc       ] GC(13) Pause Young (System.gc()) 559M->16M(2039M) 1.034ms
[2025-06-17T23:22:33.361+0300][7692][9664 ][debug][gc,heap  ] GC(13) Heap after GC invocations=14 (full 2):
[2025-06-17T23:22:33.361+0300][7692][9664 ][debug][gc,heap  ] GC(13)  PSYoungGen      total 689664K, used 256K [0x00000000d5580000, 0x0000000100000000, 0x0000000100000000)
[2025-06-17T23:22:33.361+0300][7692][9664 ][debug][gc,heap  ] GC(13)   eden space 680448K, 0% used [0x00000000d5580000,0x00000000d5580000,0x00000000fee00000)
[2025-06-17T23:22:33.361+0300][7692][9664 ][debug][gc,heap  ] GC(13)   from space 9216K, 2% used [0x00000000ff700000,0x00000000ff740000,0x0000000100000000)
[2025-06-17T23:22:33.361+0300][7692][9664 ][debug][gc,heap  ] GC(13)   to   space 9216K, 0% used [0x00000000fee00000,0x00000000fee00000,0x00000000ff700000)
[2025-06-17T23:22:33.361+0300][7692][9664 ][debug][gc,heap  ] GC(13)  ParOldGen       total 1398272K, used 16703K [0x0000000080000000, 0x00000000d5580000, 0x00000000d5580000)
[2025-06-17T23:22:33.361+0300][7692][9664 ][debug][gc,heap  ] GC(13)   object space 1398272K, 1% used [0x0000000080000000,0x000000008104fc60,0x00000000d5580000)
[2025-06-17T23:22:33.361+0300][7692][9664 ][debug][gc,heap  ] GC(13)  Metaspace       used 34629K, committed 35520K, reserved 1114112K
[2025-06-17T23:22:33.361+0300][7692][9664 ][debug][gc,heap  ] GC(13)   class space    used 2941K, committed 3328K, reserved 1048576K
[2025-06-17T23:22:33.361+0300][7692][9664 ][debug][gc,heap  ] GC(14) Heap before GC invocations=15 (full 3):
[2025-06-17T23:22:33.361+0300][7692][9664 ][debug][gc,heap  ] GC(14)  PSYoungGen      total 689664K, used 256K [0x00000000d5580000, 0x0000000100000000, 0x0000000100000000)
[2025-06-17T23:22:33.361+0300][7692][9664 ][debug][gc,heap  ] GC(14)   eden space 680448K, 0% used [0x00000000d5580000,0x00000000d5580000,0x00000000fee00000)
[2025-06-17T23:22:33.361+0300][7692][9664 ][debug][gc,heap  ] GC(14)   from space 9216K, 2% used [0x00000000ff700000,0x00000000ff740000,0x0000000100000000)
[2025-06-17T23:22:33.361+0300][7692][9664 ][debug][gc,heap  ] GC(14)   to   space 9216K, 0% used [0x00000000fee00000,0x00000000fee00000,0x00000000ff700000)
[2025-06-17T23:22:33.361+0300][7692][9664 ][debug][gc,heap  ] GC(14)  ParOldGen       total 1398272K, used 16703K [0x0000000080000000, 0x00000000d5580000, 0x00000000d5580000)
[2025-06-17T23:22:33.361+0300][7692][9664 ][debug][gc,heap  ] GC(14)   object space 1398272K, 1% used [0x0000000080000000,0x000000008104fc60,0x00000000d5580000)
[2025-06-17T23:22:33.361+0300][7692][9664 ][debug][gc,heap  ] GC(14)  Metaspace       used 34629K, committed 35520K, reserved 1114112K
[2025-06-17T23:22:33.361+0300][7692][9664 ][debug][gc,heap  ] GC(14)   class space    used 2941K, committed 3328K, reserved 1048576K
[2025-06-17T23:22:33.361+0300][7692][9664 ][debug][gc,phases] GC(14) Pre Compact 0.083ms
[2025-06-17T23:22:33.372+0300][7692][9664 ][debug][gc,phases] GC(14) Par Mark 3.671ms
[2025-06-17T23:22:33.374+0300][7692][9664 ][debug][gc,phases] GC(14) Reference Processing 0.448ms
[2025-06-17T23:22:33.374+0300][7692][9664 ][debug][gc,phases] GC(14)   VM Weak                        Min:  0.0, Avg:  0.0, Max:  0.0, Diff:  0.0, Sum:  0.0, Workers: 8
[2025-06-17T23:22:33.374+0300][7692][9664 ][debug][gc,phases] GC(14)     Dead                           Min: 0, Avg: 24.4, Max: 175, Diff: 175, Sum: 195, Workers: 8
[2025-06-17T23:22:33.374+0300][7692][9664 ][debug][gc,phases] GC(14)     Total                          Min: 0, Avg: 67.4, Max: 512, Diff: 512, Sum: 539, Workers: 8
[2025-06-17T23:22:33.374+0300][7692][9664 ][debug][gc,phases] GC(14)   ObjectSynchronizer Weak        Min:  0.0, Avg:  0.0, Max:  0.0, Diff:  0.0, Sum:  0.0, Workers: 8
[2025-06-17T23:22:33.374+0300][7692][9664 ][debug][gc,phases] GC(14)     Dead                           Min: 0, Avg:  3.1, Max: 25, Diff: 25, Sum: 25, Workers: 8
[2025-06-17T23:22:33.374+0300][7692][9664 ][debug][gc,phases] GC(14)     Total                          Min: 0, Avg:  5.4, Max: 43, Diff: 43, Sum: 43, Workers: 8
[2025-06-17T23:22:33.374+0300][7692][9664 ][debug][gc,phases] GC(14)   JVMTI Tag Weak OopStorage      Min:  0.0, Avg:  0.0, Max:  0.0, Diff:  0.0, Sum:  0.0, Workers: 8
[2025-06-17T23:22:33.374+0300][7692][9664 ][debug][gc,phases] GC(14)     Dead                           Min: 0, Avg:  0.0, Max: 0, Diff: 0, Sum: 0, Workers: 8
[2025-06-17T23:22:33.374+0300][7692][9664 ][debug][gc,phases] GC(14)     Total                          Min: 0, Avg:  0.0, Max: 0, Diff: 0, Sum: 0, Workers: 8
[2025-06-17T23:22:33.374+0300][7692][9664 ][debug][gc,phases] GC(14)   StringTable Weak               Min:  0.0, Avg:  0.0, Max:  0.1, Diff:  0.1, Sum:  0.3, Workers: 8
[2025-06-17T23:22:33.374+0300][7692][9664 ][debug][gc,phases] GC(14)     Dead                           Min: 11, Avg: 169.4, Max: 487, Diff: 476, Sum: 1355, Workers: 8
[2025-06-17T23:22:33.374+0300][7692][9664 ][debug][gc,phases] GC(14)     Total                          Min: 1600, Avg: 3459.9, Max: 6272, Diff: 4672, Sum: 27679, Workers: 8
[2025-06-17T23:22:33.374+0300][7692][9664 ][debug][gc,phases] GC(14)   ResolvedMethodTable Weak       Min:  0.0, Avg:  0.0, Max:  0.0, Diff:  0.0, Sum:  0.0, Workers: 8
[2025-06-17T23:22:33.374+0300][7692][9664 ][debug][gc,phases] GC(14)     Dead                           Min: 1, Avg: 13.5, Max: 34, Diff: 33, Sum: 108, Workers: 8
[2025-06-17T23:22:33.374+0300][7692][9664 ][debug][gc,phases] GC(14)     Total                          Min: 192, Avg: 212.8, Max: 256, Diff: 64, Sum: 1702, Workers: 8
[2025-06-17T23:22:33.374+0300][7692][9664 ][debug][gc,phases] GC(14)   JNI Weak                       Min:  0.0, Avg:  0.0, Max:  0.0, Diff:  0.0, Sum:  0.0, Workers: 8
[2025-06-17T23:22:33.374+0300][7692][9664 ][debug][gc,phases] GC(14)     Dead                           Min: 0, Avg:  0.0, Max: 0, Diff: 0, Sum: 0, Workers: 8
[2025-06-17T23:22:33.374+0300][7692][9664 ][debug][gc,phases] GC(14)     Total                          Min: 0, Avg:  0.1, Max: 1, Diff: 1, Sum: 1, Workers: 8
[2025-06-17T23:22:33.374+0300][7692][9664 ][debug][gc,phases] GC(14)   StringDedup Table Weak         Min:  0.0, Avg:  0.0, Max:  0.0, Diff:  0.0, Sum:  0.0, Workers: 8
[2025-06-17T23:22:33.374+0300][7692][9664 ][debug][gc,phases] GC(14)     Dead                           Min: 0, Avg:  0.0, Max: 0, Diff: 0, Sum: 0, Workers: 8
[2025-06-17T23:22:33.374+0300][7692][9664 ][debug][gc,phases] GC(14)     Total                          Min: 0, Avg:  0.0, Max: 0, Diff: 0, Sum: 0, Workers: 8
[2025-06-17T23:22:33.374+0300][7692][9664 ][debug][gc,phases] GC(14)   StringDedup Requests0 Weak     Min:  0.0, Avg:  0.0, Max:  0.0, Diff:  0.0, Sum:  0.0, Workers: 8
[2025-06-17T23:22:33.374+0300][7692][9664 ][debug][gc,phases] GC(14)     Dead                           Min: 0, Avg:  0.0, Max: 0, Diff: 0, Sum: 0, Workers: 8
[2025-06-17T23:22:33.374+0300][7692][9664 ][debug][gc,phases] GC(14)     Total                          Min: 0, Avg:  0.0, Max: 0, Diff: 0, Sum: 0, Workers: 8
[2025-06-17T23:22:33.374+0300][7692][9664 ][debug][gc,phases] GC(14)   StringDedup Requests1 Weak     Min:  0.0, Avg:  0.0, Max:  0.0, Diff:  0.0, Sum:  0.0, Workers: 8
[2025-06-17T23:22:33.374+0300][7692][9664 ][debug][gc,phases] GC(14)     Dead                           Min: 0, Avg:  0.0, Max: 0, Diff: 0, Sum: 0, Workers: 8
[2025-06-17T23:22:33.374+0300][7692][9664 ][debug][gc,phases] GC(14)     Total                          Min: 0, Avg:  0.0, Max: 0, Diff: 0, Sum: 0, Workers: 8
[2025-06-17T23:22:33.374+0300][7692][9664 ][debug][gc,phases] GC(14)   Weak JFR Old Object Samples    Min:  0.0, Avg:  0.0, Max:  0.0, Diff:  0.0, Sum:  0.0, Workers: 8
[2025-06-17T23:22:33.374+0300][7692][9664 ][debug][gc,phases] GC(14)     Dead                           Min: 0, Avg:  0.0, Max: 0, Diff: 0, Sum: 0, Workers: 8
[2025-06-17T23:22:33.374+0300][7692][9664 ][debug][gc,phases] GC(14)     Total                          Min: 0, Avg:  0.0, Max: 0, Diff: 0, Sum: 0, Workers: 8
[2025-06-17T23:22:33.374+0300][7692][9664 ][debug][gc,phases] GC(14) Weak Processing 0.408ms
[2025-06-17T23:22:33.374+0300][7692][9664 ][debug][gc,phases] GC(14) ClassLoaderData 0.363ms
[2025-06-17T23:22:33.374+0300][7692][9664 ][debug][gc,phases] GC(14) Trigger cleanups 0.005ms
[2025-06-17T23:22:33.374+0300][7692][9664 ][debug][gc,phases] GC(14) Purge Unlinked NMethods 0.431ms
[2025-06-17T23:22:33.374+0300][7692][9664 ][debug][gc,phases] GC(14) Unregister NMethods 0.001ms
[2025-06-17T23:22:33.374+0300][7692][9664 ][debug][gc,phases] GC(14) Free Code Blobs 0.079ms
[2025-06-17T23:22:33.390+0300][7692][9664 ][debug][gc,phases] GC(14) Class Unloading 18.833ms
[2025-06-17T23:22:33.390+0300][7692][9664 ][debug][gc,phases] GC(14) Report Object Count 0.001ms
[2025-06-17T23:22:33.390+0300][7692][9664 ][info ][gc,phases] GC(14) Marking Phase 23.544ms
[2025-06-17T23:22:33.390+0300][7692][9664 ][info ][gc,phases] GC(14) Summary Phase 0.002ms
[2025-06-17T23:22:33.390+0300][7692][9664 ][info ][gc,phases] GC(14) Adjust Roots 9.085ms
[2025-06-17T23:22:33.408+0300][7692][9664 ][info ][gc,phases] GC(14) Compaction Phase 8.001ms
[2025-06-17T23:22:33.408+0300][7692][9664 ][debug][gc,phases] GC(14) Purge Class Loader Data 0.765ms
[2025-06-17T23:22:33.408+0300][7692][9664 ][info ][gc,phases] GC(14) Post Compact 0.907ms
[2025-06-17T23:22:33.408+0300][7692][9664 ][info ][gc,heap  ] GC(14) PSYoungGen: 256K(689664K)->0K(689664K) Eden: 0K(680448K)->0K(680448K) From: 256K(9216K)->0K(9216K)
[2025-06-17T23:22:33.408+0300][7692][9664 ][info ][gc,heap  ] GC(14) ParOldGen: 16703K(1398272K)->13969K(1398272K)
[2025-06-17T23:22:33.408+0300][7692][9664 ][info ][gc       ] GC(14) Pause Full (System.gc()) 16M->13M(2039M) 41.707ms
[2025-06-17T23:22:33.408+0300][7692][9664 ][debug][gc,heap  ] GC(14) Heap after GC invocations=15 (full 3):
[2025-06-17T23:22:33.408+0300][7692][9664 ][debug][gc,heap  ] GC(14)  PSYoungGen      total 689664K, used 0K [0x00000000d5580000, 0x0000000100000000, 0x0000000100000000)
[2025-06-17T23:22:33.408+0300][7692][9664 ][debug][gc,heap  ] GC(14)   eden space 680448K, 0% used [0x00000000d5580000,0x00000000d5580000,0x00000000fee00000)
[2025-06-17T23:22:33.408+0300][7692][9664 ][debug][gc,heap  ] GC(14)   from space 9216K, 0% used [0x00000000ff700000,0x00000000ff700000,0x0000000100000000)
[2025-06-17T23:22:33.408+0300][7692][9664 ][debug][gc,heap  ] GC(14)   to   space 9216K, 0% used [0x00000000fee00000,0x00000000fee00000,0x00000000ff700000)
[2025-06-17T23:22:33.408+0300][7692][9664 ][debug][gc,heap  ] GC(14)  ParOldGen       total 1398272K, used 13969K [0x0000000080000000, 0x00000000d5580000, 0x00000000d5580000)
[2025-06-17T23:22:33.408+0300][7692][9664 ][debug][gc,heap  ] GC(14)   object space 1398272K, 0% used [0x0000000080000000,0x0000000080da4548,0x00000000d5580000)
[2025-06-17T23:22:33.408+0300][7692][9664 ][debug][gc,heap  ] GC(14)  Metaspace       used 33212K, committed 35456K, reserved 1114112K
[2025-06-17T23:22:33.408+0300][7692][9664 ][debug][gc,heap  ] GC(14)   class space    used 2784K, committed 3328K, reserved 1048576K
[2025-06-17T23:22:33.408+0300][7692][9664 ][info ][safepoint] Safepoint "ParallelGCSystemGC", Time since last: 16475537800 ns, Reaching safepoint: 56900 ns, Cleanup: 47000 ns, At safepoint: 43201100 ns, Total: 43305000 ns
[2025-06-17T23:22:34.418+0300][7692][9664 ][debug][safepoint] Safepoint synchronization initiated using striped semaphore wait barrier. (34 threads)
[2025-06-17T23:22:34.418+0300][7692][9664 ][info ][safepoint] Safepoint "Cleanup", Time since last: 1007019900 ns, Reaching safepoint: 111100 ns, Cleanup: 129400 ns, At safepoint: 10600 ns, Total: 251100 ns
[2025-06-17T23:22:35.428+0300][7692][9664 ][debug][safepoint] Safepoint synchronization initiated using striped semaphore wait barrier. (32 threads)
[2025-06-17T23:22:35.428+0300][7692][20264][debug][safepoint] ... found polling page loop exception at pc = 0x000001dba59f27dc, stub =0x000001dbab7e5600
[2025-06-17T23:22:35.428+0300][7692][9664 ][info ][safepoint] Safepoint "Cleanup", Time since last: 1009916100 ns, Reaching safepoint: 124500 ns, Cleanup: 23000 ns, At safepoint: 15100 ns, Total: 162600 ns
[2025-06-17T23:22:36.429+0300][7692][9664 ][debug][safepoint] Safepoint synchronization initiated using striped semaphore wait barrier. (32 threads)
[2025-06-17T23:22:36.429+0300][7692][9664 ][info ][safepoint] Safepoint "Cleanup", Time since last: 1000255200 ns, Reaching safepoint: 169200 ns, Cleanup: 107300 ns, At safepoint: 34100 ns, Total: 310600 ns
[2025-06-17T23:22:37.439+0300][7692][9664 ][debug][safepoint] Safepoint synchronization initiated using striped semaphore wait barrier. (32 threads)
[2025-06-17T23:22:37.439+0300][7692][9664 ][info ][safepoint] Safepoint "Cleanup", Time since last: 1010065200 ns, Reaching safepoint: 92300 ns, Cleanup: 14400 ns, At safepoint: 15500 ns, Total: 122200 ns
[2025-06-17T23:22:39.454+0300][7692][9664 ][debug][safepoint] Safepoint synchronization initiated using striped semaphore wait barrier. (32 threads)
[2025-06-17T23:22:39.454+0300][7692][5596 ][debug][safepoint] ... found polling page loop exception at pc = 0x000001dbac1de96d, stub =0x000001dbab7e5600
[2025-06-17T23:22:39.454+0300][7692][9664 ][info ][safepoint] Safepoint "Cleanup", Time since last: 2014114500 ns, Reaching safepoint: 393700 ns, Cleanup: 69900 ns, At safepoint: 26400 ns, Total: 490000 ns
[2025-06-17T23:22:43.476+0300][7692][9664 ][debug][safepoint] Safepoint synchronization initiated using striped semaphore wait barrier. (32 threads)
[2025-06-17T23:22:43.477+0300][7692][9664 ][info ][safepoint] Safepoint "Cleanup", Time since last: 4022000300 ns, Reaching safepoint: 177100 ns, Cleanup: 41600 ns, At safepoint: 24800 ns, Total: 243500 ns
[2025-06-17T23:22:46.494+0300][7692][9664 ][debug][safepoint] Safepoint synchronization initiated using striped semaphore wait barrier. (32 threads)
[2025-06-17T23:22:46.494+0300][7692][9664 ][info ][safepoint] Safepoint "Cleanup", Time since last: 3017930900 ns, Reaching safepoint: 169200 ns, Cleanup: 54200 ns, At safepoint: 14200 ns, Total: 237600 ns
[2025-06-17T23:22:47.495+0300][7692][9664 ][debug][safepoint] Safepoint synchronization initiated using striped semaphore wait barrier. (32 threads)
[2025-06-17T23:22:47.495+0300][7692][9664 ][info ][safepoint] Safepoint "Cleanup", Time since last: 1000520000 ns, Reaching safepoint: 152700 ns, Cleanup: 40300 ns, At safepoint: 4000 ns, Total: 197000 ns
[2025-06-17T23:22:48.501+0300][7692][9664 ][debug][safepoint] Safepoint synchronization initiated using striped semaphore wait barrier. (32 threads)
[2025-06-17T23:22:48.501+0300][7692][9664 ][info ][safepoint] Safepoint "Cleanup", Time since last: 1005843400 ns, Reaching safepoint: 113300 ns, Cleanup: 32400 ns, At safepoint: 33900 ns, Total: 179600 ns
[2025-06-17T23:22:53.560+0300][7692][9664 ][debug][safepoint] Safepoint synchronization initiated using striped semaphore wait barrier. (32 threads)
[2025-06-17T23:22:53.560+0300][7692][9664 ][info ][safepoint] Safepoint "Cleanup", Time since last: 5058891100 ns, Reaching safepoint: 148900 ns, Cleanup: 76900 ns, At safepoint: 34400 ns, Total: 260200 ns
[2025-06-17T23:22:54.563+0300][7692][9664 ][debug][safepoint] Safepoint synchronization initiated using striped semaphore wait barrier. (32 threads)
[2025-06-17T23:22:54.564+0300][7692][9664 ][info ][safepoint] Safepoint "Cleanup", Time since last: 1002977800 ns, Reaching safepoint: 196300 ns, Cleanup: 52600 ns, At safepoint: 32700 ns, Total: 281600 ns
[2025-06-17T23:22:54.679+0300][7692][9664 ][debug][safepoint] Safepoint synchronization initiated using striped semaphore wait barrier. (32 threads)
[2025-06-17T23:22:54.679+0300][7692][5424 ][debug][safepoint] ... found polling page loop exception at pc = 0x000001dbac3e27bd, stub =0x000001dbab7e4d80
[2025-06-17T23:22:54.679+0300][7692][9664 ][debug][gc,heap  ] GC(15) Heap before GC invocations=16 (full 3):
[2025-06-17T23:22:54.679+0300][7692][9664 ][debug][gc,heap  ] GC(15)  PSYoungGen      total 689664K, used 680448K [0x00000000d5580000, 0x0000000100000000, 0x0000000100000000)
[2025-06-17T23:22:54.679+0300][7692][9664 ][debug][gc,heap  ] GC(15)   eden space 680448K, 100% used [0x00000000d5580000,0x00000000fee00000,0x00000000fee00000)
[2025-06-17T23:22:54.679+0300][7692][9664 ][debug][gc,heap  ] GC(15)   from space 9216K, 0% used [0x00000000ff700000,0x00000000ff700000,0x0000000100000000)
[2025-06-17T23:22:54.679+0300][7692][9664 ][debug][gc,heap  ] GC(15)   to   space 9216K, 0% used [0x00000000fee00000,0x00000000fee00000,0x00000000ff700000)
[2025-06-17T23:22:54.679+0300][7692][9664 ][debug][gc,heap  ] GC(15)  ParOldGen       total 1398272K, used 13969K [0x0000000080000000, 0x00000000d5580000, 0x00000000d5580000)
[2025-06-17T23:22:54.679+0300][7692][9664 ][debug][gc,heap  ] GC(15)   object space 1398272K, 0% used [0x0000000080000000,0x0000000080da4548,0x00000000d5580000)
[2025-06-17T23:22:54.679+0300][7692][9664 ][debug][gc,heap  ] GC(15)  Metaspace       used 34165K, committed 35520K, reserved 1114112K
[2025-06-17T23:22:54.679+0300][7692][9664 ][debug][gc,heap  ] GC(15)   class space    used 2863K, committed 3328K, reserved 1048576K
[2025-06-17T23:22:54.681+0300][7692][9664 ][debug][gc,phases] GC(15) Scavenge 2.281ms
[2025-06-17T23:22:54.681+0300][7692][9664 ][debug][gc,phases] GC(15) Reference Processing 0.104ms
[2025-06-17T23:22:54.681+0300][7692][9664 ][debug][gc,phases] GC(15)   VM Weak                        Min:  0.0, Avg:  0.0, Max:  0.0, Diff:  0.0, Sum:  0.0, Workers: 8
[2025-06-17T23:22:54.681+0300][7692][9664 ][debug][gc,phases] GC(15)     Dead                           Min: 0, Avg:  0.0, Max: 0, Diff: 0, Sum: 0, Workers: 8
[2025-06-17T23:22:54.681+0300][7692][9664 ][debug][gc,phases] GC(15)     Total                          Min: 0, Avg: 49.4, Max: 265, Diff: 265, Sum: 395, Workers: 8
[2025-06-17T23:22:54.681+0300][7692][9664 ][debug][gc,phases] GC(15)   ObjectSynchronizer Weak        Min:  0.0, Avg:  0.0, Max:  0.0, Diff:  0.0, Sum:  0.0, Workers: 8
[2025-06-17T23:22:54.681+0300][7692][9664 ][debug][gc,phases] GC(15)     Dead                           Min: 0, Avg:  5.1, Max: 14, Diff: 14, Sum: 41, Workers: 8
[2025-06-17T23:22:54.681+0300][7692][9664 ][debug][gc,phases] GC(15)     Total                          Min: 0, Avg: 34.2, Max: 128, Diff: 128, Sum: 274, Workers: 8
[2025-06-17T23:22:54.681+0300][7692][9664 ][debug][gc,phases] GC(15)   JVMTI Tag Weak OopStorage      Min:  0.0, Avg:  0.0, Max:  0.0, Diff:  0.0, Sum:  0.0, Workers: 8
[2025-06-17T23:22:54.681+0300][7692][9664 ][debug][gc,phases] GC(15)     Dead                           Min: 0, Avg:  0.0, Max: 0, Diff: 0, Sum: 0, Workers: 8
[2025-06-17T23:22:54.681+0300][7692][9664 ][debug][gc,phases] GC(15)     Total                          Min: 0, Avg:  0.0, Max: 0, Diff: 0, Sum: 0, Workers: 8
[2025-06-17T23:22:54.681+0300][7692][9664 ][debug][gc,phases] GC(15)   StringTable Weak               Min:  0.0, Avg:  0.1, Max:  0.2, Diff:  0.2, Sum:  0.7, Workers: 8
[2025-06-17T23:22:54.681+0300][7692][9664 ][debug][gc,phases] GC(15)     Dead                           Min: 0, Avg: 37.5, Max: 169, Diff: 169, Sum: 300, Workers: 8
[2025-06-17T23:22:54.681+0300][7692][9664 ][debug][gc,phases] GC(15)     Total                          Min: 576, Avg: 3479.5, Max: 6334, Diff: 5758, Sum: 27836, Workers: 8
[2025-06-17T23:22:54.681+0300][7692][9664 ][debug][gc,phases] GC(15)   ResolvedMethodTable Weak       Min:  0.0, Avg:  0.0, Max:  0.0, Diff:  0.0, Sum:  0.1, Workers: 8
[2025-06-17T23:22:54.681+0300][7692][9664 ][debug][gc,phases] GC(15)     Dead                           Min: 0, Avg:  0.0, Max: 0, Diff: 0, Sum: 0, Workers: 8
[2025-06-17T23:22:54.681+0300][7692][9664 ][debug][gc,phases] GC(15)     Total                          Min: 0, Avg: 219.9, Max: 512, Diff: 512, Sum: 1759, Workers: 8
[2025-06-17T23:22:54.681+0300][7692][9664 ][debug][gc,phases] GC(15)   JNI Weak                       Min:  0.0, Avg:  0.0, Max:  0.0, Diff:  0.0, Sum:  0.0, Workers: 8
[2025-06-17T23:22:54.681+0300][7692][9664 ][debug][gc,phases] GC(15)     Dead                           Min: 0, Avg:  0.0, Max: 0, Diff: 0, Sum: 0, Workers: 8
[2025-06-17T23:22:54.681+0300][7692][9664 ][debug][gc,phases] GC(15)     Total                          Min: 0, Avg:  0.0, Max: 0, Diff: 0, Sum: 0, Workers: 8
[2025-06-17T23:22:54.681+0300][7692][9664 ][debug][gc,phases] GC(15)   StringDedup Table Weak         Min:  0.0, Avg:  0.0, Max:  0.0, Diff:  0.0, Sum:  0.0, Workers: 8
[2025-06-17T23:22:54.681+0300][7692][9664 ][debug][gc,phases] GC(15)     Dead                           Min: 0, Avg:  0.0, Max: 0, Diff: 0, Sum: 0, Workers: 8
[2025-06-17T23:22:54.681+0300][7692][9664 ][debug][gc,phases] GC(15)     Total                          Min: 0, Avg:  0.0, Max: 0, Diff: 0, Sum: 0, Workers: 8
[2025-06-17T23:22:54.681+0300][7692][9664 ][debug][gc,phases] GC(15)   StringDedup Requests0 Weak     Min:  0.0, Avg:  0.0, Max:  0.0, Diff:  0.0, Sum:  0.0, Workers: 8
[2025-06-17T23:22:54.681+0300][7692][9664 ][debug][gc,phases] GC(15)     Dead                           Min: 0, Avg:  0.0, Max: 0, Diff: 0, Sum: 0, Workers: 8
[2025-06-17T23:22:54.681+0300][7692][9664 ][debug][gc,phases] GC(15)     Total                          Min: 0, Avg:  0.0, Max: 0, Diff: 0, Sum: 0, Workers: 8
[2025-06-17T23:22:54.681+0300][7692][9664 ][debug][gc,phases] GC(15)   StringDedup Requests1 Weak     Min:  0.0, Avg:  0.0, Max:  0.0, Diff:  0.0, Sum:  0.0, Workers: 8
[2025-06-17T23:22:54.681+0300][7692][9664 ][debug][gc,phases] GC(15)     Dead                           Min: 0, Avg:  0.0, Max: 0, Diff: 0, Sum: 0, Workers: 8
[2025-06-17T23:22:54.681+0300][7692][9664 ][debug][gc,phases] GC(15)     Total                          Min: 0, Avg:  0.0, Max: 0, Diff: 0, Sum: 0, Workers: 8
[2025-06-17T23:22:54.681+0300][7692][9664 ][debug][gc,phases] GC(15)   Weak JFR Old Object Samples    Min:  0.0, Avg:  0.0, Max:  0.0, Diff:  0.0, Sum:  0.0, Workers: 8
[2025-06-17T23:22:54.681+0300][7692][9664 ][debug][gc,phases] GC(15)     Dead                           Min: 0, Avg:  0.0, Max: 0, Diff: 0, Sum: 0, Workers: 8
[2025-06-17T23:22:54.681+0300][7692][9664 ][debug][gc,phases] GC(15)     Total                          Min: 0, Avg:  0.0, Max: 0, Diff: 0, Sum: 0, Workers: 8
[2025-06-17T23:22:54.681+0300][7692][9664 ][debug][gc,phases] GC(15) Weak Processing 1.556ms
[2025-06-17T23:22:54.681+0300][7692][9664 ][info ][gc,heap  ] GC(15) PSYoungGen: 680448K(689664K)->2601K(689664K) Eden: 680448K(680448K)->0K(680448K) From: 0K(9216K)->2601K(9216K)
[2025-06-17T23:22:54.681+0300][7692][9664 ][info ][gc,heap  ] GC(15) ParOldGen: 13969K(1398272K)->13977K(1398272K)
[2025-06-17T23:22:54.681+0300][7692][9664 ][info ][gc       ] GC(15) Pause Young (Allocation Failure) 678M->16M(2039M) 4.208ms
[2025-06-17T23:22:54.681+0300][7692][9664 ][debug][gc,heap  ] GC(15) Heap after GC invocations=16 (full 3):
[2025-06-17T23:22:54.681+0300][7692][9664 ][debug][gc,heap  ] GC(15)  PSYoungGen      total 689664K, used 2601K [0x00000000d5580000, 0x0000000100000000, 0x0000000100000000)
[2025-06-17T23:22:54.681+0300][7692][9664 ][debug][gc,heap  ] GC(15)   eden space 680448K, 0% used [0x00000000d5580000,0x00000000d5580000,0x00000000fee00000)
[2025-06-17T23:22:54.681+0300][7692][9664 ][debug][gc,heap  ] GC(15)   from space 9216K, 28% used [0x00000000fee00000,0x00000000ff08a710,0x00000000ff700000)
[2025-06-17T23:22:54.681+0300][7692][9664 ][debug][gc,heap  ] GC(15)   to   space 8704K, 0% used [0x00000000ff780000,0x00000000ff780000,0x0000000100000000)
[2025-06-17T23:22:54.681+0300][7692][9664 ][debug][gc,heap  ] GC(15)  ParOldGen       total 1398272K, used 13977K [0x0000000080000000, 0x00000000d5580000, 0x00000000d5580000)
[2025-06-17T23:22:54.681+0300][7692][9664 ][debug][gc,heap  ] GC(15)   object space 1398272K, 0% used [0x0000000080000000,0x0000000080da6548,0x00000000d5580000)
[2025-06-17T23:22:54.681+0300][7692][9664 ][debug][gc,heap  ] GC(15)  Metaspace       used 34165K, committed 35520K, reserved 1114112K
[2025-06-17T23:22:54.681+0300][7692][9664 ][debug][gc,heap  ] GC(15)   class space    used 2863K, committed 3328K, reserved 1048576K
[2025-06-17T23:22:54.681+0300][7692][9664 ][info ][safepoint] Safepoint "ParallelGCFailedAllocation", Time since last: 115308800 ns, Reaching safepoint: 302800 ns, Cleanup: 9000 ns, At safepoint: 4756100 ns, Total: 5067900 ns
[2025-06-17T23:22:55.688+0300][7692][9664 ][debug][safepoint] Safepoint synchronization initiated using striped semaphore wait barrier. (32 threads)
[2025-06-17T23:22:55.688+0300][7692][6868 ][debug][safepoint] ... found polling page loop exception at pc = 0x000001dbac2a184a, stub =0x000001dbab7e5600
[2025-06-17T23:22:55.688+0300][7692][5596 ][debug][safepoint] ... found polling page loop exception at pc = 0x000001dbac76a9c6, stub =0x000001dbab7e5600
[2025-06-17T23:22:55.688+0300][7692][9664 ][info ][safepoint] Safepoint "Cleanup", Time since last: 1003695200 ns, Reaching safepoint: 443600 ns, Cleanup: 39100 ns, At safepoint: 25700 ns, Total: 508400 ns
[2025-06-17T23:22:56.696+0300][7692][9664 ][debug][safepoint] Safepoint synchronization initiated using striped semaphore wait barrier. (32 threads)
[2025-06-17T23:22:56.696+0300][7692][9664 ][info ][safepoint] Safepoint "Cleanup", Time since last: 1007763800 ns, Reaching safepoint: 165700 ns, Cleanup: 35200 ns, At safepoint: 18600 ns, Total: 219500 ns
[2025-06-17T23:22:58.704+0300][7692][9664 ][debug][safepoint] Safepoint synchronization initiated using striped semaphore wait barrier. (32 threads)
[2025-06-17T23:22:58.704+0300][7692][9664 ][info ][safepoint] Safepoint "Cleanup", Time since last: 2007787200 ns, Reaching safepoint: 198300 ns, Cleanup: 43200 ns, At safepoint: 46600 ns, Total: 288100 ns
[2025-06-17T23:22:59.720+0300][7692][9664 ][debug][safepoint] Safepoint synchronization initiated using striped semaphore wait barrier. (32 threads)
[2025-06-17T23:22:59.720+0300][7692][5424 ][debug][safepoint] ... found polling page loop exception at pc = 0x000001dbac5a9915, stub =0x000001dbab7e4d80
[2025-06-17T23:22:59.720+0300][7692][21332][debug][safepoint] ... found polling page loop exception at pc = 0x000001dbac5a9915, stub =0x000001dbab7e4d80
[2025-06-17T23:22:59.720+0300][7692][9664 ][info ][safepoint] Safepoint "Cleanup", Time since last: 1015267700 ns, Reaching safepoint: 445000 ns, Cleanup: 28700 ns, At safepoint: 39700 ns, Total: 513400 ns
[2025-06-17T23:23:02.743+0300][7692][9664 ][debug][safepoint] Safepoint synchronization initiated using striped semaphore wait barrier. (32 threads)
[2025-06-17T23:23:02.743+0300][7692][9664 ][info ][safepoint] Safepoint "Cleanup", Time since last: 3023456100 ns, Reaching safepoint: 152300 ns, Cleanup: 38600 ns, At safepoint: 27100 ns, Total: 218000 ns
[2025-06-17T23:23:15.836+0300][7692][9664 ][debug][safepoint] Safepoint synchronization initiated using striped semaphore wait barrier. (32 threads)
[2025-06-17T23:23:15.836+0300][7692][9664 ][info ][safepoint] Safepoint "Cleanup", Time since last: 13092709200 ns, Reaching safepoint: 131100 ns, Cleanup: 44000 ns, At safepoint: 18500 ns, Total: 193600 ns
[2025-06-17T23:23:16.846+0300][7692][9664 ][debug][safepoint] Safepoint synchronization initiated using striped semaphore wait barrier. (32 threads)
[2025-06-17T23:23:16.847+0300][7692][11880][debug][safepoint] ... found polling page loop exception at pc = 0x000001dbac1de647, stub =0x000001dbab7e5600
[2025-06-17T23:23:16.847+0300][7692][9664 ][info ][safepoint] Safepoint "Cleanup", Time since last: 1009758900 ns, Reaching safepoint: 363800 ns, Cleanup: 24400 ns, At safepoint: 36800 ns, Total: 425000 ns
[2025-06-17T23:23:17.516+0300][7692][9664 ][debug][safepoint] Safepoint synchronization initiated using striped semaphore wait barrier. (32 threads)
[2025-06-17T23:23:17.516+0300][7692][9664 ][debug][gc,heap  ] GC(16) Heap before GC invocations=17 (full 3):
[2025-06-17T23:23:17.516+0300][7692][9664 ][debug][gc,heap  ] GC(16)  PSYoungGen      total 689664K, used 683049K [0x00000000d5580000, 0x0000000100000000, 0x0000000100000000)
[2025-06-17T23:23:17.516+0300][7692][9664 ][debug][gc,heap  ] GC(16)   eden space 680448K, 100% used [0x00000000d5580000,0x00000000fee00000,0x00000000fee00000)
[2025-06-17T23:23:17.516+0300][7692][9664 ][debug][gc,heap  ] GC(16)   from space 9216K, 28% used [0x00000000fee00000,0x00000000ff08a710,0x00000000ff700000)
[2025-06-17T23:23:17.516+0300][7692][9664 ][debug][gc,heap  ] GC(16)   to   space 8704K, 0% used [0x00000000ff780000,0x00000000ff780000,0x0000000100000000)
[2025-06-17T23:23:17.516+0300][7692][9664 ][debug][gc,heap  ] GC(16)  ParOldGen       total 1398272K, used 13977K [0x0000000080000000, 0x00000000d5580000, 0x00000000d5580000)
[2025-06-17T23:23:17.516+0300][7692][9664 ][debug][gc,heap  ] GC(16)   object space 1398272K, 0% used [0x0000000080000000,0x0000000080da6548,0x00000000d5580000)
[2025-06-17T23:23:17.516+0300][7692][9664 ][debug][gc,heap  ] GC(16)  Metaspace       used 34378K, committed 35520K, reserved 1114112K
[2025-06-17T23:23:17.516+0300][7692][9664 ][debug][gc,heap  ] GC(16)   class space    used 2863K, committed 3328K, reserved 1048576K
[2025-06-17T23:23:17.516+0300][7692][9664 ][debug][gc,phases] GC(16) Scavenge 2.579ms
[2025-06-17T23:23:17.516+0300][7692][9664 ][debug][gc,phases] GC(16) Reference Processing 0.049ms
[2025-06-17T23:23:17.516+0300][7692][9664 ][debug][gc,phases] GC(16)   VM Weak                        Min:  0.0, Avg:  0.0, Max:  0.0, Diff:  0.0, Sum:  0.0, Workers: 8
[2025-06-17T23:23:17.516+0300][7692][9664 ][debug][gc,phases] GC(16)     Dead                           Min: 0, Avg:  0.0, Max: 0, Diff: 0, Sum: 0, Workers: 8
[2025-06-17T23:23:17.516+0300][7692][9664 ][debug][gc,phases] GC(16)     Total                          Min: 0, Avg: 49.4, Max: 336, Diff: 336, Sum: 395, Workers: 8
[2025-06-17T23:23:17.516+0300][7692][9664 ][debug][gc,phases] GC(16)   ObjectSynchronizer Weak        Min:  0.0, Avg:  0.0, Max:  0.0, Diff:  0.0, Sum:  0.0, Workers: 8
[2025-06-17T23:23:17.516+0300][7692][9664 ][debug][gc,phases] GC(16)     Dead                           Min: 0, Avg:  0.1, Max: 1, Diff: 1, Sum: 1, Workers: 8
[2025-06-17T23:23:17.516+0300][7692][9664 ][debug][gc,phases] GC(16)     Total                          Min: 0, Avg: 34.2, Max: 146, Diff: 146, Sum: 274, Workers: 8
[2025-06-17T23:23:17.516+0300][7692][9664 ][debug][gc,phases] GC(16)   JVMTI Tag Weak OopStorage      Min:  0.0, Avg:  0.0, Max:  0.0, Diff:  0.0, Sum:  0.0, Workers: 8
[2025-06-17T23:23:17.516+0300][7692][9664 ][debug][gc,phases] GC(16)     Dead                           Min: 0, Avg:  0.0, Max: 0, Diff: 0, Sum: 0, Workers: 8
[2025-06-17T23:23:17.516+0300][7692][9664 ][debug][gc,phases] GC(16)     Total                          Min: 0, Avg:  0.0, Max: 0, Diff: 0, Sum: 0, Workers: 8
[2025-06-17T23:23:17.516+0300][7692][9664 ][debug][gc,phases] GC(16)   StringTable Weak               Min:  0.0, Avg:  0.0, Max:  0.1, Diff:  0.1, Sum:  0.3, Workers: 8
[2025-06-17T23:23:17.516+0300][7692][9664 ][debug][gc,phases] GC(16)     Dead                           Min: 0, Avg:  0.0, Max: 0, Diff: 0, Sum: 0, Workers: 8
[2025-06-17T23:23:17.516+0300][7692][9664 ][debug][gc,phases] GC(16)     Total                          Min: 0, Avg: 3480.9, Max: 9280, Diff: 9280, Sum: 27847, Workers: 8
[2025-06-17T23:23:17.516+0300][7692][9664 ][debug][gc,phases] GC(16)   ResolvedMethodTable Weak       Min:  0.0, Avg:  0.0, Max:  0.0, Diff:  0.0, Sum:  0.0, Workers: 8
[2025-06-17T23:23:17.516+0300][7692][9664 ][debug][gc,phases] GC(16)     Dead                           Min: 0, Avg:  0.1, Max: 1, Diff: 1, Sum: 1, Workers: 8
[2025-06-17T23:23:17.516+0300][7692][9664 ][debug][gc,phases] GC(16)     Total                          Min: 0, Avg: 219.9, Max: 448, Diff: 448, Sum: 1759, Workers: 8
[2025-06-17T23:23:17.516+0300][7692][9664 ][debug][gc,phases] GC(16)   JNI Weak                       Min:  0.0, Avg:  0.0, Max:  0.0, Diff:  0.0, Sum:  0.0, Workers: 8
[2025-06-17T23:23:17.516+0300][7692][9664 ][debug][gc,phases] GC(16)     Dead                           Min: 0, Avg:  0.0, Max: 0, Diff: 0, Sum: 0, Workers: 8
[2025-06-17T23:23:17.516+0300][7692][9664 ][debug][gc,phases] GC(16)     Total                          Min: 0, Avg:  0.0, Max: 0, Diff: 0, Sum: 0, Workers: 8
[2025-06-17T23:23:17.516+0300][7692][9664 ][debug][gc,phases] GC(16)   StringDedup Table Weak         Min:  0.0, Avg:  0.0, Max:  0.0, Diff:  0.0, Sum:  0.0, Workers: 8
[2025-06-17T23:23:17.516+0300][7692][9664 ][debug][gc,phases] GC(16)     Dead                           Min: 0, Avg:  0.0, Max: 0, Diff: 0, Sum: 0, Workers: 8
[2025-06-17T23:23:17.516+0300][7692][9664 ][debug][gc,phases] GC(16)     Total                          Min: 0, Avg:  0.0, Max: 0, Diff: 0, Sum: 0, Workers: 8
[2025-06-17T23:23:17.516+0300][7692][9664 ][debug][gc,phases] GC(16)   StringDedup Requests0 Weak     Min:  0.0, Avg:  0.0, Max:  0.0, Diff:  0.0, Sum:  0.0, Workers: 8
[2025-06-17T23:23:17.516+0300][7692][9664 ][debug][gc,phases] GC(16)     Dead                           Min: 0, Avg:  0.0, Max: 0, Diff: 0, Sum: 0, Workers: 8
[2025-06-17T23:23:17.516+0300][7692][9664 ][debug][gc,phases] GC(16)     Total                          Min: 0, Avg:  0.0, Max: 0, Diff: 0, Sum: 0, Workers: 8
[2025-06-17T23:23:17.516+0300][7692][9664 ][debug][gc,phases] GC(16)   StringDedup Requests1 Weak     Min:  0.0, Avg:  0.0, Max:  0.0, Diff:  0.0, Sum:  0.0, Workers: 8
[2025-06-17T23:23:17.516+0300][7692][9664 ][debug][gc,phases] GC(16)     Dead                           Min: 0, Avg:  0.0, Max: 0, Diff: 0, Sum: 0, Workers: 8
[2025-06-17T23:23:17.516+0300][7692][9664 ][debug][gc,phases] GC(16)     Total                          Min: 0, Avg:  0.0, Max: 0, Diff: 0, Sum: 0, Workers: 8
[2025-06-17T23:23:17.516+0300][7692][9664 ][debug][gc,phases] GC(16)   Weak JFR Old Object Samples    Min:  0.0, Avg:  0.0, Max:  0.0, Diff:  0.0, Sum:  0.0, Workers: 8
[2025-06-17T23:23:17.516+0300][7692][9664 ][debug][gc,phases] GC(16)     Dead                           Min: 0, Avg:  0.0, Max: 0, Diff: 0, Sum: 0, Workers: 8
[2025-06-17T23:23:17.516+0300][7692][9664 ][debug][gc,phases] GC(16)     Total                          Min: 0, Avg:  0.0, Max: 0, Diff: 0, Sum: 0, Workers: 8
[2025-06-17T23:23:17.516+0300][7692][9664 ][debug][gc,phases] GC(16) Weak Processing 0.707ms
[2025-06-17T23:23:17.516+0300][7692][9664 ][info ][gc,heap  ] GC(16) PSYoungGen: 683049K(689664K)->416K(690688K) Eden: 680448K(680448K)->0K(681984K) From: 2601K(9216K)->416K(8704K)
[2025-06-17T23:23:17.516+0300][7692][9664 ][info ][gc,heap  ] GC(16) ParOldGen: 13977K(1398272K)->16174K(1398272K)
[2025-06-17T23:23:17.516+0300][7692][9664 ][info ][gc       ] GC(16) Pause Young (Allocation Failure) 680M->16M(2040M) 3.499ms
[2025-06-17T23:23:17.516+0300][7692][9664 ][debug][gc,heap  ] GC(16) Heap after GC invocations=17 (full 3):
[2025-06-17T23:23:17.516+0300][7692][9664 ][debug][gc,heap  ] GC(16)  PSYoungGen      total 690688K, used 416K [0x00000000d5580000, 0x0000000100000000, 0x0000000100000000)
[2025-06-17T23:23:17.516+0300][7692][9664 ][debug][gc,heap  ] GC(16)   eden space 681984K, 0% used [0x00000000d5580000,0x00000000d5580000,0x00000000fef80000)
[2025-06-17T23:23:17.516+0300][7692][9664 ][debug][gc,heap  ] GC(16)   from space 8704K, 4% used [0x00000000ff780000,0x00000000ff7e8000,0x0000000100000000)
[2025-06-17T23:23:17.516+0300][7692][9664 ][debug][gc,heap  ] GC(16)   to   space 8192K, 0% used [0x00000000fef80000,0x00000000fef80000,0x00000000ff780000)
[2025-06-17T23:23:17.516+0300][7692][9664 ][debug][gc,heap  ] GC(16)  ParOldGen       total 1398272K, used 16174K [0x0000000080000000, 0x00000000d5580000, 0x00000000d5580000)
[2025-06-17T23:23:17.516+0300][7692][9664 ][debug][gc,heap  ] GC(16)   object space 1398272K, 1% used [0x0000000080000000,0x0000000080fcbb28,0x00000000d5580000)
[2025-06-17T23:23:17.516+0300][7692][9664 ][debug][gc,heap  ] GC(16)  Metaspace       used 34378K, committed 35520K, reserved 1114112K
[2025-06-17T23:23:17.516+0300][7692][9664 ][debug][gc,heap  ] GC(16)   class space    used 2863K, committed 3328K, reserved 1048576K
[2025-06-17T23:23:17.516+0300][7692][9664 ][info ][safepoint] Safepoint "ParallelGCFailedAllocation", Time since last: 669443600 ns, Reaching safepoint: 69300 ns, Cleanup: 6700 ns, At safepoint: 4016000 ns, Total: 4092000 ns
[2025-06-17T23:23:19.531+0300][7692][9664 ][debug][safepoint] Safepoint synchronization initiated using striped semaphore wait barrier. (32 threads)
[2025-06-17T23:23:19.531+0300][7692][9664 ][info ][safepoint] Safepoint "Cleanup", Time since last: 2010699300 ns, Reaching safepoint: 154200 ns, Cleanup: 23000 ns, At safepoint: 15000 ns, Total: 192200 ns
[2025-06-17T23:23:21.739+0300][7692][9664 ][debug][safepoint] Safepoint synchronization initiated using striped semaphore wait barrier. (32 threads)
[2025-06-17T23:23:21.739+0300][7692][9664 ][info ][safepoint] Safepoint "Cleanup", Time since last: 2207942200 ns, Reaching safepoint: 157600 ns, Cleanup: 57600 ns, At safepoint: 40700 ns, Total: 255900 ns
[2025-06-17T23:23:23.756+0300][7692][9664 ][debug][safepoint] Safepoint synchronization initiated using striped semaphore wait barrier. (32 threads)
[2025-06-17T23:23:23.756+0300][7692][9664 ][info ][safepoint] Safepoint "Cleanup", Time since last: 2016707500 ns, Reaching safepoint: 161500 ns, Cleanup: 68400 ns, At safepoint: 48600 ns, Total: 278500 ns
[2025-06-17T23:23:24.759+0300][7692][9664 ][debug][safepoint] Safepoint synchronization initiated using striped semaphore wait barrier. (32 threads)
[2025-06-17T23:23:24.759+0300][7692][2820 ][debug][safepoint] ... found polling page loop exception at pc = 0x000001dbac2a184a, stub =0x000001dbab7e5600
[2025-06-17T23:23:24.759+0300][7692][20488][debug][safepoint] ... found polling page loop exception at pc = 0x000001dbac76a9c6, stub =0x000001dbab7e5600
[2025-06-17T23:23:24.759+0300][7692][9664 ][info ][safepoint] Safepoint "Cleanup", Time since last: 1003094900 ns, Reaching safepoint: 380900 ns, Cleanup: 31700 ns, At safepoint: 20000 ns, Total: 432600 ns
[2025-06-17T23:23:32.818+0300][7692][9664 ][debug][safepoint] Safepoint synchronization initiated using striped semaphore wait barrier. (32 threads)
[2025-06-17T23:23:32.819+0300][7692][9664 ][info ][safepoint] Safepoint "Cleanup", Time since last: 8058481600 ns, Reaching safepoint: 150600 ns, Cleanup: 39000 ns, At safepoint: 24300 ns, Total: 213900 ns
[2025-06-17T23:23:33.819+0300][7692][9664 ][debug][safepoint] Safepoint synchronization initiated using striped semaphore wait barrier. (32 threads)
[2025-06-17T23:23:33.819+0300][7692][9664 ][info ][safepoint] Safepoint "Cleanup", Time since last: 1000446500 ns, Reaching safepoint: 142500 ns, Cleanup: 20000 ns, At safepoint: 34100 ns, Total: 196600 ns
[2025-06-17T23:23:34.830+0300][7692][9664 ][debug][safepoint] Safepoint synchronization initiated using striped semaphore wait barrier. (32 threads)
[2025-06-17T23:23:34.830+0300][7692][21052][debug][safepoint] ... found polling page loop exception at pc = 0x000001dbabec4ec6, stub =0x000001dbab7e5600
[2025-06-17T23:23:34.830+0300][7692][9664 ][info ][safepoint] Safepoint "Cleanup", Time since last: 1010370300 ns, Reaching safepoint: 137200 ns, Cleanup: 16600 ns, At safepoint: 10800 ns, Total: 164600 ns
[2025-06-17T23:23:38.855+0300][7692][9664 ][debug][safepoint] Safepoint synchronization initiated using striped semaphore wait barrier. (32 threads)
[2025-06-17T23:23:38.855+0300][7692][9664 ][info ][safepoint] Safepoint "Cleanup", Time since last: 4025009900 ns, Reaching safepoint: 193300 ns, Cleanup: 34100 ns, At safepoint: 12300 ns, Total: 239700 ns
[2025-06-17T23:23:39.859+0300][7692][9664 ][debug][safepoint] Safepoint synchronization initiated using striped semaphore wait barrier. (32 threads)
[2025-06-17T23:23:39.859+0300][7692][9664 ][info ][safepoint] Safepoint "Cleanup", Time since last: 1003912700 ns, Reaching safepoint: 187800 ns, Cleanup: 39000 ns, At safepoint: 25900 ns, Total: 252700 ns
[2025-06-17T23:23:40.508+0300][7692][9664 ][debug][safepoint] Safepoint synchronization initiated using striped semaphore wait barrier. (32 threads)
[2025-06-17T23:23:40.508+0300][7692][2312 ][debug][safepoint] ... found polling page loop exception at pc = 0x000001dbac166dfc, stub =0x000001dbab7e4d80
[2025-06-17T23:23:40.508+0300][7692][9664 ][debug][gc,heap  ] GC(17) Heap before GC invocations=18 (full 3):
[2025-06-17T23:23:40.508+0300][7692][9664 ][debug][gc,heap  ] GC(17)  PSYoungGen      total 690688K, used 682400K [0x00000000d5580000, 0x0000000100000000, 0x0000000100000000)
[2025-06-17T23:23:40.508+0300][7692][9664 ][debug][gc,heap  ] GC(17)   eden space 681984K, 100% used [0x00000000d5580000,0x00000000fef80000,0x00000000fef80000)
[2025-06-17T23:23:40.508+0300][7692][9664 ][debug][gc,heap  ] GC(17)   from space 8704K, 4% used [0x00000000ff780000,0x00000000ff7e8000,0x0000000100000000)
[2025-06-17T23:23:40.508+0300][7692][9664 ][debug][gc,heap  ] GC(17)   to   space 8192K, 0% used [0x00000000fef80000,0x00000000fef80000,0x00000000ff780000)
[2025-06-17T23:23:40.508+0300][7692][9664 ][debug][gc,heap  ] GC(17)  ParOldGen       total 1398272K, used 16174K [0x0000000080000000, 0x00000000d5580000, 0x00000000d5580000)
[2025-06-17T23:23:40.508+0300][7692][9664 ][debug][gc,heap  ] GC(17)   object space 1398272K, 1% used [0x0000000080000000,0x0000000080fcbb28,0x00000000d5580000)
[2025-06-17T23:23:40.508+0300][7692][9664 ][debug][gc,heap  ] GC(17)  Metaspace       used 34380K, committed 35520K, reserved 1114112K
[2025-06-17T23:23:40.508+0300][7692][9664 ][debug][gc,heap  ] GC(17)   class space    used 2863K, committed 3328K, reserved 1048576K
[2025-06-17T23:23:40.508+0300][7692][9664 ][debug][gc,phases] GC(17) Scavenge 0.656ms
[2025-06-17T23:23:40.508+0300][7692][9664 ][debug][gc,phases] GC(17) Reference Processing 0.076ms
[2025-06-17T23:23:40.508+0300][7692][9664 ][debug][gc,phases] GC(17)   VM Weak                        Min:  0.0, Avg:  0.0, Max:  0.0, Diff:  0.0, Sum:  0.0, Workers: 8
[2025-06-17T23:23:40.508+0300][7692][9664 ][debug][gc,phases] GC(17)     Dead                           Min: 0, Avg:  0.0, Max: 0, Diff: 0, Sum: 0, Workers: 8
[2025-06-17T23:23:40.508+0300][7692][9664 ][debug][gc,phases] GC(17)     Total                          Min: 0, Avg: 49.4, Max: 395, Diff: 395, Sum: 395, Workers: 8
[2025-06-17T23:23:40.508+0300][7692][9664 ][debug][gc,phases] GC(17)   ObjectSynchronizer Weak        Min:  0.0, Avg:  0.0, Max:  0.0, Diff:  0.0, Sum:  0.0, Workers: 8
[2025-06-17T23:23:40.508+0300][7692][9664 ][debug][gc,phases] GC(17)     Dead                           Min: 0, Avg:  0.0, Max: 0, Diff: 0, Sum: 0, Workers: 8
[2025-06-17T23:23:40.508+0300][7692][9664 ][debug][gc,phases] GC(17)     Total                          Min: 0, Avg:  4.0, Max: 32, Diff: 32, Sum: 32, Workers: 8
[2025-06-17T23:23:40.508+0300][7692][9664 ][debug][gc,phases] GC(17)   JVMTI Tag Weak OopStorage      Min:  0.0, Avg:  0.0, Max:  0.0, Diff:  0.0, Sum:  0.0, Workers: 8
[2025-06-17T23:23:40.508+0300][7692][9664 ][debug][gc,phases] GC(17)     Dead                           Min: 0, Avg:  0.0, Max: 0, Diff: 0, Sum: 0, Workers: 8
[2025-06-17T23:23:40.508+0300][7692][9664 ][debug][gc,phases] GC(17)     Total                          Min: 0, Avg:  0.0, Max: 0, Diff: 0, Sum: 0, Workers: 8
[2025-06-17T23:23:40.508+0300][7692][9664 ][debug][gc,phases] GC(17)   StringTable Weak               Min:  0.0, Avg:  0.1, Max:  0.1, Diff:  0.1, Sum:  0.4, Workers: 8
[2025-06-17T23:23:40.508+0300][7692][9664 ][debug][gc,phases] GC(17)     Dead                           Min: 0, Avg:  0.0, Max: 0, Diff: 0, Sum: 0, Workers: 8
[2025-06-17T23:23:40.508+0300][7692][9664 ][debug][gc,phases] GC(17)     Total                          Min: 1792, Avg: 3481.0, Max: 8576, Diff: 6784, Sum: 27848, Workers: 8
[2025-06-17T23:23:40.508+0300][7692][9664 ][debug][gc,phases] GC(17)   ResolvedMethodTable Weak       Min:  0.0, Avg:  0.0, Max:  0.0, Diff:  0.0, Sum:  0.0, Workers: 8
[2025-06-17T23:23:40.508+0300][7692][9664 ][debug][gc,phases] GC(17)     Dead                           Min: 0, Avg:  0.1, Max: 1, Diff: 1, Sum: 1, Workers: 8
[2025-06-17T23:23:40.508+0300][7692][9664 ][debug][gc,phases] GC(17)     Total                          Min: 128, Avg: 219.9, Max: 256, Diff: 128, Sum: 1759, Workers: 8
[2025-06-17T23:23:40.508+0300][7692][9664 ][debug][gc,phases] GC(17)   JNI Weak                       Min:  0.0, Avg:  0.0, Max:  0.0, Diff:  0.0, Sum:  0.0, Workers: 8
[2025-06-17T23:23:40.508+0300][7692][9664 ][debug][gc,phases] GC(17)     Dead                           Min: 0, Avg:  0.0, Max: 0, Diff: 0, Sum: 0, Workers: 8
[2025-06-17T23:23:40.508+0300][7692][9664 ][debug][gc,phases] GC(17)     Total                          Min: 0, Avg:  0.0, Max: 0, Diff: 0, Sum: 0, Workers: 8
[2025-06-17T23:23:40.508+0300][7692][9664 ][debug][gc,phases] GC(17)   StringDedup Table Weak         Min:  0.0, Avg:  0.0, Max:  0.0, Diff:  0.0, Sum:  0.0, Workers: 8
[2025-06-17T23:23:40.508+0300][7692][9664 ][debug][gc,phases] GC(17)     Dead                           Min: 0, Avg:  0.0, Max: 0, Diff: 0, Sum: 0, Workers: 8
[2025-06-17T23:23:40.508+0300][7692][9664 ][debug][gc,phases] GC(17)     Total                          Min: 0, Avg:  0.0, Max: 0, Diff: 0, Sum: 0, Workers: 8
[2025-06-17T23:23:40.508+0300][7692][9664 ][debug][gc,phases] GC(17)   StringDedup Requests0 Weak     Min:  0.0, Avg:  0.0, Max:  0.0, Diff:  0.0, Sum:  0.0, Workers: 8
[2025-06-17T23:23:40.508+0300][7692][9664 ][debug][gc,phases] GC(17)     Dead                           Min: 0, Avg:  0.0, Max: 0, Diff: 0, Sum: 0, Workers: 8
[2025-06-17T23:23:40.508+0300][7692][9664 ][debug][gc,phases] GC(17)     Total                          Min: 0, Avg:  0.0, Max: 0, Diff: 0, Sum: 0, Workers: 8
[2025-06-17T23:23:40.508+0300][7692][9664 ][debug][gc,phases] GC(17)   StringDedup Requests1 Weak     Min:  0.0, Avg:  0.0, Max:  0.0, Diff:  0.0, Sum:  0.0, Workers: 8
[2025-06-17T23:23:40.508+0300][7692][9664 ][debug][gc,phases] GC(17)     Dead                           Min: 0, Avg:  0.0, Max: 0, Diff: 0, Sum: 0, Workers: 8
[2025-06-17T23:23:40.508+0300][7692][9664 ][debug][gc,phases] GC(17)     Total                          Min: 0, Avg:  0.0, Max: 0, Diff: 0, Sum: 0, Workers: 8
[2025-06-17T23:23:40.508+0300][7692][9664 ][debug][gc,phases] GC(17)   Weak JFR Old Object Samples    Min:  0.0, Avg:  0.0, Max:  0.0, Diff:  0.0, Sum:  0.0, Workers: 8
[2025-06-17T23:23:40.508+0300][7692][9664 ][debug][gc,phases] GC(17)     Dead                           Min: 0, Avg:  0.0, Max: 0, Diff: 0, Sum: 0, Workers: 8
[2025-06-17T23:23:40.508+0300][7692][9664 ][debug][gc,phases] GC(17)     Total                          Min: 0, Avg:  0.0, Max: 0, Diff: 0, Sum: 0, Workers: 8
[2025-06-17T23:23:40.508+0300][7692][9664 ][debug][gc,phases] GC(17) Weak Processing 1.118ms
[2025-06-17T23:23:40.508+0300][7692][9664 ][info ][gc,heap  ] GC(17) PSYoungGen: 682400K(690688K)->448K(690176K) Eden: 681984K(681984K)->0K(681984K) From: 416K(8704K)->448K(8192K)
[2025-06-17T23:23:40.508+0300][7692][9664 ][info ][gc,heap  ] GC(17) ParOldGen: 16174K(1398272K)->16238K(1398272K)
[2025-06-17T23:23:40.508+0300][7692][9664 ][info ][gc       ] GC(17) Pause Young (Allocation Failure) 682M->16M(2039M) 2.085ms
[2025-06-17T23:23:40.508+0300][7692][9664 ][debug][gc,heap  ] GC(17) Heap after GC invocations=18 (full 3):
[2025-06-17T23:23:40.508+0300][7692][9664 ][debug][gc,heap  ] GC(17)  PSYoungGen      total 690176K, used 448K [0x00000000d5580000, 0x0000000100000000, 0x0000000100000000)
[2025-06-17T23:23:40.508+0300][7692][9664 ][debug][gc,heap  ] GC(17)   eden space 681984K, 0% used [0x00000000d5580000,0x00000000d5580000,0x00000000fef80000)
[2025-06-17T23:23:40.508+0300][7692][9664 ][debug][gc,heap  ] GC(17)   from space 8192K, 5% used [0x00000000fef80000,0x00000000feff0000,0x00000000ff780000)
[2025-06-17T23:23:40.508+0300][7692][9664 ][debug][gc,heap  ] GC(17)   to   space 8192K, 0% used [0x00000000ff800000,0x00000000ff800000,0x0000000100000000)
[2025-06-17T23:23:40.508+0300][7692][9664 ][debug][gc,heap  ] GC(17)  ParOldGen       total 1398272K, used 16238K [0x0000000080000000, 0x00000000d5580000, 0x00000000d5580000)
[2025-06-17T23:23:40.508+0300][7692][9664 ][debug][gc,heap  ] GC(17)   object space 1398272K, 1% used [0x0000000080000000,0x0000000080fdbb28,0x00000000d5580000)
[2025-06-17T23:23:40.508+0300][7692][9664 ][debug][gc,heap  ] GC(17)  Metaspace       used 34380K, committed 35520K, reserved 1114112K
[2025-06-17T23:23:40.508+0300][7692][9664 ][debug][gc,heap  ] GC(17)   class space    used 2863K, committed 3328K, reserved 1048576K
[2025-06-17T23:23:40.508+0300][7692][9664 ][info ][safepoint] Safepoint "ParallelGCFailedAllocation", Time since last: 649609600 ns, Reaching safepoint: 287900 ns, Cleanup: 21700 ns, At safepoint: 2768700 ns, Total: 3078300 ns
[2025-06-17T23:23:41.520+0300][7692][9664 ][debug][safepoint] Safepoint synchronization initiated using striped semaphore wait barrier. (32 threads)
[2025-06-17T23:23:41.521+0300][7692][9664 ][info ][safepoint] Safepoint "Cleanup", Time since last: 1008243100 ns, Reaching safepoint: 150000 ns, Cleanup: 56100 ns, At safepoint: 41500 ns, Total: 247600 ns
[2025-06-17T23:23:42.533+0300][7692][9664 ][debug][safepoint] Safepoint synchronization initiated using striped semaphore wait barrier. (32 threads)
[2025-06-17T23:23:42.533+0300][7692][11848][debug][safepoint] ... found polling page loop exception at pc = 0x000001dbac05425a, stub =0x000001dbab7e5600
[2025-06-17T23:23:42.533+0300][7692][9664 ][info ][safepoint] Safepoint "Cleanup", Time since last: 1012305400 ns, Reaching safepoint: 342500 ns, Cleanup: 39300 ns, At safepoint: 53900 ns, Total: 435700 ns
[2025-06-17T23:23:45.550+0300][7692][9664 ][debug][safepoint] Safepoint synchronization initiated using striped semaphore wait barrier. (32 threads)
[2025-06-17T23:23:45.550+0300][7692][9664 ][info ][safepoint] Safepoint "Cleanup", Time since last: 3016651700 ns, Reaching safepoint: 175200 ns, Cleanup: 36700 ns, At safepoint: 37200 ns, Total: 249100 ns
[2025-06-17T23:23:55.641+0300][7692][9664 ][debug][safepoint] Safepoint synchronization initiated using striped semaphore wait barrier. (32 threads)
[2025-06-17T23:23:55.641+0300][7692][5424 ][debug][safepoint] ... found polling page loop exception at pc = 0x000001dbac05425a, stub =0x000001dbab7e5600
[2025-06-17T23:23:55.641+0300][7692][9664 ][info ][safepoint] Safepoint "Cleanup", Time since last: 10090606500 ns, Reaching safepoint: 298800 ns, Cleanup: 35100 ns, At safepoint: 56800 ns, Total: 390700 ns
[2025-06-17T23:23:58.670+0300][7692][9664 ][debug][safepoint] Safepoint synchronization initiated using striped semaphore wait barrier. (32 threads)
[2025-06-17T23:23:58.670+0300][7692][9664 ][info ][safepoint] Safepoint "Cleanup", Time since last: 3028834900 ns, Reaching safepoint: 163100 ns, Cleanup: 36000 ns, At safepoint: 23000 ns, Total: 222100 ns
[2025-06-17T23:24:03.313+0300][7692][9664 ][debug][safepoint] Safepoint synchronization initiated using striped semaphore wait barrier. (32 threads)
[2025-06-17T23:24:03.313+0300][7692][11880][debug][safepoint] ... found polling page loop exception at pc = 0x000001dbac7075bb, stub =0x000001dbab7e5600
[2025-06-17T23:24:03.313+0300][7692][9664 ][debug][gc,heap  ] GC(18) Heap before GC invocations=19 (full 3):
[2025-06-17T23:24:03.313+0300][7692][9664 ][debug][gc,heap  ] GC(18)  PSYoungGen      total 690176K, used 682432K [0x00000000d5580000, 0x0000000100000000, 0x0000000100000000)
[2025-06-17T23:24:03.313+0300][7692][9664 ][debug][gc,heap  ] GC(18)   eden space 681984K, 100% used [0x00000000d5580000,0x00000000fef80000,0x00000000fef80000)
[2025-06-17T23:24:03.313+0300][7692][9664 ][debug][gc,heap  ] GC(18)   from space 8192K, 5% used [0x00000000fef80000,0x00000000feff0000,0x00000000ff780000)
[2025-06-17T23:24:03.313+0300][7692][9664 ][debug][gc,heap  ] GC(18)   to   space 8192K, 0% used [0x00000000ff800000,0x00000000ff800000,0x0000000100000000)
[2025-06-17T23:24:03.313+0300][7692][9664 ][debug][gc,heap  ] GC(18)  ParOldGen       total 1398272K, used 16238K [0x0000000080000000, 0x00000000d5580000, 0x00000000d5580000)
[2025-06-17T23:24:03.313+0300][7692][9664 ][debug][gc,heap  ] GC(18)   object space 1398272K, 1% used [0x0000000080000000,0x0000000080fdbb28,0x00000000d5580000)
[2025-06-17T23:24:03.313+0300][7692][9664 ][debug][gc,heap  ] GC(18)  Metaspace       used 34380K, committed 35520K, reserved 1114112K
[2025-06-17T23:24:03.313+0300][7692][9664 ][debug][gc,heap  ] GC(18)   class space    used 2863K, committed 3328K, reserved 1048576K
[2025-06-17T23:24:03.313+0300][7692][9664 ][debug][gc,phases] GC(18) Scavenge 0.756ms
[2025-06-17T23:24:03.313+0300][7692][9664 ][debug][gc,phases] GC(18) Reference Processing 0.073ms
[2025-06-17T23:24:03.313+0300][7692][9664 ][debug][gc,phases] GC(18)   VM Weak                        Min:  0.0, Avg:  0.0, Max:  0.0, Diff:  0.0, Sum:  0.0, Workers: 8
[2025-06-17T23:24:03.313+0300][7692][9664 ][debug][gc,phases] GC(18)     Dead                           Min: 0, Avg:  0.0, Max: 0, Diff: 0, Sum: 0, Workers: 8
[2025-06-17T23:24:03.313+0300][7692][9664 ][debug][gc,phases] GC(18)     Total                          Min: 0, Avg: 49.4, Max: 395, Diff: 395, Sum: 395, Workers: 8
[2025-06-17T23:24:03.313+0300][7692][9664 ][debug][gc,phases] GC(18)   ObjectSynchronizer Weak        Min:  0.0, Avg:  0.0, Max:  0.0, Diff:  0.0, Sum:  0.0, Workers: 8
[2025-06-17T23:24:03.313+0300][7692][9664 ][debug][gc,phases] GC(18)     Dead                           Min: 0, Avg:  0.0, Max: 0, Diff: 0, Sum: 0, Workers: 8
[2025-06-17T23:24:03.313+0300][7692][9664 ][debug][gc,phases] GC(18)     Total                          Min: 0, Avg:  5.8, Max: 46, Diff: 46, Sum: 46, Workers: 8
[2025-06-17T23:24:03.313+0300][7692][9664 ][debug][gc,phases] GC(18)   JVMTI Tag Weak OopStorage      Min:  0.0, Avg:  0.0, Max:  0.0, Diff:  0.0, Sum:  0.0, Workers: 8
[2025-06-17T23:24:03.313+0300][7692][9664 ][debug][gc,phases] GC(18)     Dead                           Min: 0, Avg:  0.0, Max: 0, Diff: 0, Sum: 0, Workers: 8
[2025-06-17T23:24:03.313+0300][7692][9664 ][debug][gc,phases] GC(18)     Total                          Min: 0, Avg:  0.0, Max: 0, Diff: 0, Sum: 0, Workers: 8
[2025-06-17T23:24:03.313+0300][7692][9664 ][debug][gc,phases] GC(18)   StringTable Weak               Min:  0.0, Avg:  0.1, Max:  0.1, Diff:  0.1, Sum:  0.5, Workers: 8
[2025-06-17T23:24:03.313+0300][7692][9664 ][debug][gc,phases] GC(18)     Dead                           Min: 0, Avg:  0.0, Max: 0, Diff: 0, Sum: 0, Workers: 8
[2025-06-17T23:24:03.313+0300][7692][9664 ][debug][gc,phases] GC(18)     Total                          Min: 896, Avg: 3483.1, Max: 8640, Diff: 7744, Sum: 27865, Workers: 8
[2025-06-17T23:24:03.313+0300][7692][9664 ][debug][gc,phases] GC(18)   ResolvedMethodTable Weak       Min:  0.0, Avg:  0.0, Max:  0.0, Diff:  0.0, Sum:  0.0, Workers: 8
[2025-06-17T23:24:03.313+0300][7692][9664 ][debug][gc,phases] GC(18)     Dead                           Min: 0, Avg:  0.1, Max: 1, Diff: 1, Sum: 1, Workers: 8
[2025-06-17T23:24:03.313+0300][7692][9664 ][debug][gc,phases] GC(18)     Total                          Min: 128, Avg: 219.9, Max: 320, Diff: 192, Sum: 1759, Workers: 8
[2025-06-17T23:24:03.313+0300][7692][9664 ][debug][gc,phases] GC(18)   JNI Weak                       Min:  0.0, Avg:  0.0, Max:  0.0, Diff:  0.0, Sum:  0.0, Workers: 8
[2025-06-17T23:24:03.313+0300][7692][9664 ][debug][gc,phases] GC(18)     Dead                           Min: 0, Avg:  0.0, Max: 0, Diff: 0, Sum: 0, Workers: 8
[2025-06-17T23:24:03.313+0300][7692][9664 ][debug][gc,phases] GC(18)     Total                          Min: 0, Avg:  0.0, Max: 0, Diff: 0, Sum: 0, Workers: 8
[2025-06-17T23:24:03.313+0300][7692][9664 ][debug][gc,phases] GC(18)   StringDedup Table Weak         Min:  0.0, Avg:  0.0, Max:  0.0, Diff:  0.0, Sum:  0.0, Workers: 8
[2025-06-17T23:24:03.313+0300][7692][9664 ][debug][gc,phases] GC(18)     Dead                           Min: 0, Avg:  0.0, Max: 0, Diff: 0, Sum: 0, Workers: 8
[2025-06-17T23:24:03.313+0300][7692][9664 ][debug][gc,phases] GC(18)     Total                          Min: 0, Avg:  0.0, Max: 0, Diff: 0, Sum: 0, Workers: 8
[2025-06-17T23:24:03.313+0300][7692][9664 ][debug][gc,phases] GC(18)   StringDedup Requests0 Weak     Min:  0.0, Avg:  0.0, Max:  0.0, Diff:  0.0, Sum:  0.0, Workers: 8
[2025-06-17T23:24:03.313+0300][7692][9664 ][debug][gc,phases] GC(18)     Dead                           Min: 0, Avg:  0.0, Max: 0, Diff: 0, Sum: 0, Workers: 8
[2025-06-17T23:24:03.313+0300][7692][9664 ][debug][gc,phases] GC(18)     Total                          Min: 0, Avg:  0.0, Max: 0, Diff: 0, Sum: 0, Workers: 8
[2025-06-17T23:24:03.313+0300][7692][9664 ][debug][gc,phases] GC(18)   StringDedup Requests1 Weak     Min:  0.0, Avg:  0.0, Max:  0.0, Diff:  0.0, Sum:  0.0, Workers: 8
[2025-06-17T23:24:03.313+0300][7692][9664 ][debug][gc,phases] GC(18)     Dead                           Min: 0, Avg:  0.0, Max: 0, Diff: 0, Sum: 0, Workers: 8
[2025-06-17T23:24:03.313+0300][7692][9664 ][debug][gc,phases] GC(18)     Total                          Min: 0, Avg:  0.0, Max: 0, Diff: 0, Sum: 0, Workers: 8
[2025-06-17T23:24:03.313+0300][7692][9664 ][debug][gc,phases] GC(18)   Weak JFR Old Object Samples    Min:  0.0, Avg:  0.0, Max:  0.0, Diff:  0.0, Sum:  0.0, Workers: 8
[2025-06-17T23:24:03.313+0300][7692][9664 ][debug][gc,phases] GC(18)     Dead                           Min: 0, Avg:  0.0, Max: 0, Diff: 0, Sum: 0, Workers: 8
[2025-06-17T23:24:03.313+0300][7692][9664 ][debug][gc,phases] GC(18)     Total                          Min: 0, Avg:  0.0, Max: 0, Diff: 0, Sum: 0, Workers: 8
[2025-06-17T23:24:03.313+0300][7692][9664 ][debug][gc,phases] GC(18) Weak Processing 1.088ms
[2025-06-17T23:24:03.313+0300][7692][9664 ][info ][gc,heap  ] GC(18) PSYoungGen: 682432K(690176K)->320K(691200K) Eden: 681984K(681984K)->0K(683008K) From: 448K(8192K)->320K(8192K)
[2025-06-17T23:24:03.313+0300][7692][9664 ][info ][gc,heap  ] GC(18) ParOldGen: 16238K(1398272K)->16270K(1398272K)
[2025-06-17T23:24:03.313+0300][7692][9664 ][info ][gc       ] GC(18) Pause Young (Allocation Failure) 682M->16M(2040M) 2.136ms
[2025-06-17T23:24:03.313+0300][7692][9664 ][debug][gc,heap  ] GC(18) Heap after GC invocations=19 (full 3):
[2025-06-17T23:24:03.313+0300][7692][9664 ][debug][gc,heap  ] GC(18)  PSYoungGen      total 691200K, used 320K [0x00000000d5580000, 0x0000000100000000, 0x0000000100000000)
[2025-06-17T23:24:03.313+0300][7692][9664 ][debug][gc,heap  ] GC(18)   eden space 683008K, 0% used [0x00000000d5580000,0x00000000d5580000,0x00000000ff080000)
[2025-06-17T23:24:03.313+0300][7692][9664 ][debug][gc,heap  ] GC(18)   from space 8192K, 3% used [0x00000000ff800000,0x00000000ff850000,0x0000000100000000)
[2025-06-17T23:24:03.313+0300][7692][9664 ][debug][gc,heap  ] GC(18)   to   space 7680K, 0% used [0x00000000ff080000,0x00000000ff080000,0x00000000ff800000)
[2025-06-17T23:24:03.313+0300][7692][9664 ][debug][gc,heap  ] GC(18)  ParOldGen       total 1398272K, used 16270K [0x0000000080000000, 0x00000000d5580000, 0x00000000d5580000)
[2025-06-17T23:24:03.313+0300][7692][9664 ][debug][gc,heap  ] GC(18)   object space 1398272K, 1% used [0x0000000080000000,0x0000000080fe3b28,0x00000000d5580000)
[2025-06-17T23:24:03.313+0300][7692][9664 ][debug][gc,heap  ] GC(18)  Metaspace       used 34380K, committed 35520K, reserved 1114112K
[2025-06-17T23:24:03.313+0300][7692][9664 ][debug][gc,heap  ] GC(18)   class space    used 2863K, committed 3328K, reserved 1048576K
[2025-06-17T23:24:03.313+0300][7692][9664 ][info ][safepoint] Safepoint "ParallelGCFailedAllocation", Time since last: 4643419300 ns, Reaching safepoint: 356100 ns, Cleanup: 24600 ns, At safepoint: 2611500 ns, Total: 2992200 ns
[2025-06-17T23:24:13.416+0300][7692][9664 ][debug][safepoint] Safepoint synchronization initiated using striped semaphore wait barrier. (32 threads)
[2025-06-17T23:24:13.417+0300][7692][9664 ][info ][safepoint] Safepoint "Cleanup", Time since last: 10099622000 ns, Reaching safepoint: 160200 ns, Cleanup: 42800 ns, At safepoint: 53700 ns, Total: 256700 ns
[2025-06-17T23:24:14.429+0300][7692][9664 ][debug][safepoint] Safepoint synchronization initiated using striped semaphore wait barrier. (32 threads)
[2025-06-17T23:24:14.429+0300][7692][9664 ][info ][safepoint] Safepoint "Cleanup", Time since last: 1012981600 ns, Reaching safepoint: 183600 ns, Cleanup: 24900 ns, At safepoint: 57400 ns, Total: 265900 ns
[2025-06-17T23:24:25.880+0300][7692][9664 ][debug][safepoint] Safepoint synchronization initiated using striped semaphore wait barrier. (32 threads)
[2025-06-17T23:24:25.880+0300][7692][9664 ][debug][gc,heap  ] GC(19) Heap before GC invocations=20 (full 3):
[2025-06-17T23:24:25.880+0300][7692][9664 ][debug][gc,heap  ] GC(19)  PSYoungGen      total 691200K, used 683328K [0x00000000d5580000, 0x0000000100000000, 0x0000000100000000)
[2025-06-17T23:24:25.880+0300][7692][9664 ][debug][gc,heap  ] GC(19)   eden space 683008K, 100% used [0x00000000d5580000,0x00000000ff080000,0x00000000ff080000)
[2025-06-17T23:24:25.880+0300][7692][9664 ][debug][gc,heap  ] GC(19)   from space 8192K, 3% used [0x00000000ff800000,0x00000000ff850000,0x0000000100000000)
[2025-06-17T23:24:25.880+0300][7692][9664 ][debug][gc,heap  ] GC(19)   to   space 7680K, 0% used [0x00000000ff080000,0x00000000ff080000,0x00000000ff800000)
[2025-06-17T23:24:25.880+0300][7692][9664 ][debug][gc,heap  ] GC(19)  ParOldGen       total 1398272K, used 16270K [0x0000000080000000, 0x00000000d5580000, 0x00000000d5580000)
[2025-06-17T23:24:25.880+0300][7692][9664 ][debug][gc,heap  ] GC(19)   object space 1398272K, 1% used [0x0000000080000000,0x0000000080fe3b28,0x00000000d5580000)
[2025-06-17T23:24:25.880+0300][7692][9664 ][debug][gc,heap  ] GC(19)  Metaspace       used 34380K, committed 35520K, reserved 1114112K
[2025-06-17T23:24:25.880+0300][7692][9664 ][debug][gc,heap  ] GC(19)   class space    used 2863K, committed 3328K, reserved 1048576K
[2025-06-17T23:24:25.880+0300][7692][9664 ][debug][gc,phases] GC(19) Scavenge 1.182ms
[2025-06-17T23:24:25.880+0300][7692][9664 ][debug][gc,phases] GC(19) Reference Processing 0.082ms
[2025-06-17T23:24:25.880+0300][7692][9664 ][debug][gc,phases] GC(19)   VM Weak                        Min:  0.0, Avg:  0.0, Max:  0.0, Diff:  0.0, Sum:  0.0, Workers: 8
[2025-06-17T23:24:25.880+0300][7692][9664 ][debug][gc,phases] GC(19)     Dead                           Min: 0, Avg:  0.0, Max: 0, Diff: 0, Sum: 0, Workers: 8
[2025-06-17T23:24:25.880+0300][7692][9664 ][debug][gc,phases] GC(19)     Total                          Min: 0, Avg: 49.4, Max: 395, Diff: 395, Sum: 395, Workers: 8
[2025-06-17T23:24:25.880+0300][7692][9664 ][debug][gc,phases] GC(19)   ObjectSynchronizer Weak        Min:  0.0, Avg:  0.0, Max:  0.0, Diff:  0.0, Sum:  0.0, Workers: 8
[2025-06-17T23:24:25.880+0300][7692][9664 ][debug][gc,phases] GC(19)     Dead                           Min: 0, Avg:  0.0, Max: 0, Diff: 0, Sum: 0, Workers: 8
[2025-06-17T23:24:25.880+0300][7692][9664 ][debug][gc,phases] GC(19)     Total                          Min: 0, Avg:  2.2, Max: 18, Diff: 18, Sum: 18, Workers: 8
[2025-06-17T23:24:25.880+0300][7692][9664 ][debug][gc,phases] GC(19)   JVMTI Tag Weak OopStorage      Min:  0.0, Avg:  0.0, Max:  0.0, Diff:  0.0, Sum:  0.0, Workers: 8
[2025-06-17T23:24:25.880+0300][7692][9664 ][debug][gc,phases] GC(19)     Dead                           Min: 0, Avg:  0.0, Max: 0, Diff: 0, Sum: 0, Workers: 8
[2025-06-17T23:24:25.880+0300][7692][9664 ][debug][gc,phases] GC(19)     Total                          Min: 0, Avg:  0.0, Max: 0, Diff: 0, Sum: 0, Workers: 8
[2025-06-17T23:24:25.880+0300][7692][9664 ][debug][gc,phases] GC(19)   StringTable Weak               Min:  0.0, Avg:  0.1, Max:  0.1, Diff:  0.1, Sum:  0.5, Workers: 8
[2025-06-17T23:24:25.880+0300][7692][9664 ][debug][gc,phases] GC(19)     Dead                           Min: 0, Avg:  0.0, Max: 0, Diff: 0, Sum: 0, Workers: 8
[2025-06-17T23:24:25.880+0300][7692][9664 ][debug][gc,phases] GC(19)     Total                          Min: 1280, Avg: 3483.1, Max: 8576, Diff: 7296, Sum: 27865, Workers: 8
[2025-06-17T23:24:25.880+0300][7692][9664 ][debug][gc,phases] GC(19)   ResolvedMethodTable Weak       Min:  0.0, Avg:  0.0, Max:  0.0, Diff:  0.0, Sum:  0.0, Workers: 8
[2025-06-17T23:24:25.880+0300][7692][9664 ][debug][gc,phases] GC(19)     Dead                           Min: 0, Avg:  0.0, Max: 0, Diff: 0, Sum: 0, Workers: 8
[2025-06-17T23:24:25.880+0300][7692][9664 ][debug][gc,phases] GC(19)     Total                          Min: 191, Avg: 219.9, Max: 256, Diff: 65, Sum: 1759, Workers: 8
[2025-06-17T23:24:25.880+0300][7692][9664 ][debug][gc,phases] GC(19)   JNI Weak                       Min:  0.0, Avg:  0.0, Max:  0.0, Diff:  0.0, Sum:  0.0, Workers: 8
[2025-06-17T23:24:25.880+0300][7692][9664 ][debug][gc,phases] GC(19)     Dead                           Min: 0, Avg:  0.0, Max: 0, Diff: 0, Sum: 0, Workers: 8
[2025-06-17T23:24:25.880+0300][7692][9664 ][debug][gc,phases] GC(19)     Total                          Min: 0, Avg:  0.0, Max: 0, Diff: 0, Sum: 0, Workers: 8
[2025-06-17T23:24:25.880+0300][7692][9664 ][debug][gc,phases] GC(19)   StringDedup Table Weak         Min:  0.0, Avg:  0.0, Max:  0.0, Diff:  0.0, Sum:  0.0, Workers: 8
[2025-06-17T23:24:25.880+0300][7692][9664 ][debug][gc,phases] GC(19)     Dead                           Min: 0, Avg:  0.0, Max: 0, Diff: 0, Sum: 0, Workers: 8
[2025-06-17T23:24:25.880+0300][7692][9664 ][debug][gc,phases] GC(19)     Total                          Min: 0, Avg:  0.0, Max: 0, Diff: 0, Sum: 0, Workers: 8
[2025-06-17T23:24:25.880+0300][7692][9664 ][debug][gc,phases] GC(19)   StringDedup Requests0 Weak     Min:  0.0, Avg:  0.0, Max:  0.0, Diff:  0.0, Sum:  0.0, Workers: 8
[2025-06-17T23:24:25.880+0300][7692][9664 ][debug][gc,phases] GC(19)     Dead                           Min: 0, Avg:  0.0, Max: 0, Diff: 0, Sum: 0, Workers: 8
[2025-06-17T23:24:25.880+0300][7692][9664 ][debug][gc,phases] GC(19)     Total                          Min: 0, Avg:  0.0, Max: 0, Diff: 0, Sum: 0, Workers: 8
[2025-06-17T23:24:25.880+0300][7692][9664 ][debug][gc,phases] GC(19)   StringDedup Requests1 Weak     Min:  0.0, Avg:  0.0, Max:  0.0, Diff:  0.0, Sum:  0.0, Workers: 8
[2025-06-17T23:24:25.880+0300][7692][9664 ][debug][gc,phases] GC(19)     Dead                           Min: 0, Avg:  0.0, Max: 0, Diff: 0, Sum: 0, Workers: 8
[2025-06-17T23:24:25.880+0300][7692][9664 ][debug][gc,phases] GC(19)     Total                          Min: 0, Avg:  0.0, Max: 0, Diff: 0, Sum: 0, Workers: 8
[2025-06-17T23:24:25.880+0300][7692][9664 ][debug][gc,phases] GC(19)   Weak JFR Old Object Samples    Min:  0.0, Avg:  0.0, Max:  0.0, Diff:  0.0, Sum:  0.0, Workers: 8
[2025-06-17T23:24:25.880+0300][7692][9664 ][debug][gc,phases] GC(19)     Dead                           Min: 0, Avg:  0.0, Max: 0, Diff: 0, Sum: 0, Workers: 8
[2025-06-17T23:24:25.880+0300][7692][9664 ][debug][gc,phases] GC(19)     Total                          Min: 0, Avg:  0.0, Max: 0, Diff: 0, Sum: 0, Workers: 8
[2025-06-17T23:24:25.880+0300][7692][9664 ][debug][gc,phases] GC(19) Weak Processing 1.103ms
[2025-06-17T23:24:25.880+0300][7692][9664 ][info ][gc,heap  ] GC(19) PSYoungGen: 683328K(691200K)->352K(690688K) Eden: 683008K(683008K)->0K(683008K) From: 320K(8192K)->352K(7680K)
[2025-06-17T23:24:25.880+0300][7692][9664 ][info ][gc,heap  ] GC(19) ParOldGen: 16270K(1398272K)->16294K(1398272K)
[2025-06-17T23:24:25.880+0300][7692][9664 ][info ][gc       ] GC(19) Pause Young (Allocation Failure) 683M->16M(2040M) 2.614ms
[2025-06-17T23:24:25.880+0300][7692][9664 ][debug][gc,heap  ] GC(19) Heap after GC invocations=20 (full 3):
[2025-06-17T23:24:25.880+0300][7692][9664 ][debug][gc,heap  ] GC(19)  PSYoungGen      total 690688K, used 352K [0x00000000d5580000, 0x0000000100000000, 0x0000000100000000)
[2025-06-17T23:24:25.880+0300][7692][9664 ][debug][gc,heap  ] GC(19)   eden space 683008K, 0% used [0x00000000d5580000,0x00000000d5580000,0x00000000ff080000)
[2025-06-17T23:24:25.880+0300][7692][9664 ][debug][gc,heap  ] GC(19)   from space 7680K, 4% used [0x00000000ff080000,0x00000000ff0d8000,0x00000000ff800000)
[2025-06-17T23:24:25.880+0300][7692][9664 ][debug][gc,heap  ] GC(19)   to   space 7680K, 0% used [0x00000000ff880000,0x00000000ff880000,0x0000000100000000)
[2025-06-17T23:24:25.880+0300][7692][9664 ][debug][gc,heap  ] GC(19)  ParOldGen       total 1398272K, used 16294K [0x0000000080000000, 0x00000000d5580000, 0x00000000d5580000)
[2025-06-17T23:24:25.880+0300][7692][9664 ][debug][gc,heap  ] GC(19)   object space 1398272K, 1% used [0x0000000080000000,0x0000000080fe9b28,0x00000000d5580000)
[2025-06-17T23:24:25.880+0300][7692][9664 ][debug][gc,heap  ] GC(19)  Metaspace       used 34380K, committed 35520K, reserved 1114112K
[2025-06-17T23:24:25.880+0300][7692][9664 ][debug][gc,heap  ] GC(19)   class space    used 2863K, committed 3328K, reserved 1048576K
[2025-06-17T23:24:25.880+0300][7692][9664 ][info ][safepoint] Safepoint "ParallelGCFailedAllocation", Time since last: 11450960500 ns, Reaching safepoint: 107400 ns, Cleanup: 15400 ns, At safepoint: 3243000 ns, Total: 3365800 ns
[2025-06-17T23:24:30.926+0300][7692][9664 ][debug][safepoint] Safepoint synchronization initiated using striped semaphore wait barrier. (32 threads)
[2025-06-17T23:24:30.926+0300][7692][9664 ][info ][safepoint] Safepoint "Cleanup", Time since last: 5041983600 ns, Reaching safepoint: 88300 ns, Cleanup: 22400 ns, At safepoint: 18900 ns, Total: 129600 ns
[2025-06-17T23:24:39.024+0300][7692][9664 ][debug][safepoint] Safepoint synchronization initiated using striped semaphore wait barrier. (32 threads)
[2025-06-17T23:24:39.024+0300][7692][9664 ][info ][safepoint] Safepoint "Cleanup", Time since last: 8098332300 ns, Reaching safepoint: 99100 ns, Cleanup: 19600 ns, At safepoint: 12700 ns, Total: 131400 ns
[2025-06-17T23:24:48.777+0300][7692][9664 ][debug][safepoint] Safepoint synchronization initiated using striped semaphore wait barrier. (32 threads)
[2025-06-17T23:24:48.777+0300][7692][2820 ][debug][safepoint] ... found polling page loop exception at pc = 0x000001dbac3a5514, stub =0x000001dbab7e5600
[2025-06-17T23:24:48.777+0300][7692][9664 ][debug][gc,heap  ] GC(20) Heap before GC invocations=21 (full 3):
[2025-06-17T23:24:48.777+0300][7692][9664 ][debug][gc,heap  ] GC(20)  PSYoungGen      total 690688K, used 683360K [0x00000000d5580000, 0x0000000100000000, 0x0000000100000000)
[2025-06-17T23:24:48.777+0300][7692][9664 ][debug][gc,heap  ] GC(20)   eden space 683008K, 100% used [0x00000000d5580000,0x00000000ff080000,0x00000000ff080000)
[2025-06-17T23:24:48.777+0300][7692][9664 ][debug][gc,heap  ] GC(20)   from space 7680K, 4% used [0x00000000ff080000,0x00000000ff0d8000,0x00000000ff800000)
[2025-06-17T23:24:48.777+0300][7692][9664 ][debug][gc,heap  ] GC(20)   to   space 7680K, 0% used [0x00000000ff880000,0x00000000ff880000,0x0000000100000000)
[2025-06-17T23:24:48.777+0300][7692][9664 ][debug][gc,heap  ] GC(20)  ParOldGen       total 1398272K, used 16294K [0x0000000080000000, 0x00000000d5580000, 0x00000000d5580000)
[2025-06-17T23:24:48.777+0300][7692][9664 ][debug][gc,heap  ] GC(20)   object space 1398272K, 1% used [0x0000000080000000,0x0000000080fe9b28,0x00000000d5580000)
[2025-06-17T23:24:48.777+0300][7692][9664 ][debug][gc,heap  ] GC(20)  Metaspace       used 34394K, committed 35520K, reserved 1114112K
[2025-06-17T23:24:48.777+0300][7692][9664 ][debug][gc,heap  ] GC(20)   class space    used 2863K, committed 3328K, reserved 1048576K
[2025-06-17T23:24:48.778+0300][7692][9664 ][debug][gc,phases] GC(20) Scavenge 0.446ms
[2025-06-17T23:24:48.778+0300][7692][9664 ][debug][gc,phases] GC(20) Reference Processing 0.037ms
[2025-06-17T23:24:48.778+0300][7692][9664 ][debug][gc,phases] GC(20)   VM Weak                        Min:  0.0, Avg:  0.0, Max:  0.0, Diff:  0.0, Sum:  0.0, Workers: 8
[2025-06-17T23:24:48.778+0300][7692][9664 ][debug][gc,phases] GC(20)     Dead                           Min: 0, Avg:  0.0, Max: 0, Diff: 0, Sum: 0, Workers: 8
[2025-06-17T23:24:48.778+0300][7692][9664 ][debug][gc,phases] GC(20)     Total                          Min: 0, Avg: 49.4, Max: 315, Diff: 315, Sum: 395, Workers: 8
[2025-06-17T23:24:48.778+0300][7692][9664 ][debug][gc,phases] GC(20)   ObjectSynchronizer Weak        Min:  0.0, Avg:  0.0, Max:  0.0, Diff:  0.0, Sum:  0.0, Workers: 8
[2025-06-17T23:24:48.778+0300][7692][9664 ][debug][gc,phases] GC(20)     Dead                           Min: 0, Avg:  0.0, Max: 0, Diff: 0, Sum: 0, Workers: 8
[2025-06-17T23:24:48.778+0300][7692][9664 ][debug][gc,phases] GC(20)     Total                          Min: 0, Avg:  6.0, Max: 48, Diff: 48, Sum: 48, Workers: 8
[2025-06-17T23:24:48.778+0300][7692][9664 ][debug][gc,phases] GC(20)   JVMTI Tag Weak OopStorage      Min:  0.0, Avg:  0.0, Max:  0.0, Diff:  0.0, Sum:  0.0, Workers: 8
[2025-06-17T23:24:48.778+0300][7692][9664 ][debug][gc,phases] GC(20)     Dead                           Min: 0, Avg:  0.0, Max: 0, Diff: 0, Sum: 0, Workers: 8
[2025-06-17T23:24:48.778+0300][7692][9664 ][debug][gc,phases] GC(20)     Total                          Min: 0, Avg:  0.0, Max: 0, Diff: 0, Sum: 0, Workers: 8
[2025-06-17T23:24:48.778+0300][7692][9664 ][debug][gc,phases] GC(20)   StringTable Weak               Min:  0.0, Avg:  0.0, Max:  0.1, Diff:  0.1, Sum:  0.2, Workers: 8
[2025-06-17T23:24:48.778+0300][7692][9664 ][debug][gc,phases] GC(20)     Dead                           Min: 0, Avg:  0.0, Max: 0, Diff: 0, Sum: 0, Workers: 8
[2025-06-17T23:24:48.778+0300][7692][9664 ][debug][gc,phases] GC(20)     Total                          Min: 1344, Avg: 3483.5, Max: 9564, Diff: 8220, Sum: 27868, Workers: 8
[2025-06-17T23:24:48.778+0300][7692][9664 ][debug][gc,phases] GC(20)   ResolvedMethodTable Weak       Min:  0.0, Avg:  0.0, Max:  0.0, Diff:  0.0, Sum:  0.0, Workers: 8
[2025-06-17T23:24:48.778+0300][7692][9664 ][debug][gc,phases] GC(20)     Dead                           Min: 0, Avg:  0.0, Max: 0, Diff: 0, Sum: 0, Workers: 8
[2025-06-17T23:24:48.778+0300][7692][9664 ][debug][gc,phases] GC(20)     Total                          Min: 128, Avg: 219.9, Max: 256, Diff: 128, Sum: 1759, Workers: 8
[2025-06-17T23:24:48.778+0300][7692][9664 ][debug][gc,phases] GC(20)   JNI Weak                       Min:  0.0, Avg:  0.0, Max:  0.0, Diff:  0.0, Sum:  0.0, Workers: 8
[2025-06-17T23:24:48.778+0300][7692][9664 ][debug][gc,phases] GC(20)     Dead                           Min: 0, Avg:  0.0, Max: 0, Diff: 0, Sum: 0, Workers: 8
[2025-06-17T23:24:48.778+0300][7692][9664 ][debug][gc,phases] GC(20)     Total                          Min: 0, Avg:  0.0, Max: 0, Diff: 0, Sum: 0, Workers: 8
[2025-06-17T23:24:48.778+0300][7692][9664 ][debug][gc,phases] GC(20)   StringDedup Table Weak         Min:  0.0, Avg:  0.0, Max:  0.0, Diff:  0.0, Sum:  0.0, Workers: 8
[2025-06-17T23:24:48.778+0300][7692][9664 ][debug][gc,phases] GC(20)     Dead                           Min: 0, Avg:  0.0, Max: 0, Diff: 0, Sum: 0, Workers: 8
[2025-06-17T23:24:48.778+0300][7692][9664 ][debug][gc,phases] GC(20)     Total                          Min: 0, Avg:  0.0, Max: 0, Diff: 0, Sum: 0, Workers: 8
[2025-06-17T23:24:48.778+0300][7692][9664 ][debug][gc,phases] GC(20)   StringDedup Requests0 Weak     Min:  0.0, Avg:  0.0, Max:  0.0, Diff:  0.0, Sum:  0.0, Workers: 8
[2025-06-17T23:24:48.778+0300][7692][9664 ][debug][gc,phases] GC(20)     Dead                           Min: 0, Avg:  0.0, Max: 0, Diff: 0, Sum: 0, Workers: 8
[2025-06-17T23:24:48.778+0300][7692][9664 ][debug][gc,phases] GC(20)     Total                          Min: 0, Avg:  0.0, Max: 0, Diff: 0, Sum: 0, Workers: 8
[2025-06-17T23:24:48.778+0300][7692][9664 ][debug][gc,phases] GC(20)   StringDedup Requests1 Weak     Min:  0.0, Avg:  0.0, Max:  0.0, Diff:  0.0, Sum:  0.0, Workers: 8
[2025-06-17T23:24:48.778+0300][7692][9664 ][debug][gc,phases] GC(20)     Dead                           Min: 0, Avg:  0.0, Max: 0, Diff: 0, Sum: 0, Workers: 8
[2025-06-17T23:24:48.778+0300][7692][9664 ][debug][gc,phases] GC(20)     Total                          Min: 0, Avg:  0.0, Max: 0, Diff: 0, Sum: 0, Workers: 8
[2025-06-17T23:24:48.778+0300][7692][9664 ][debug][gc,phases] GC(20)   Weak JFR Old Object Samples    Min:  0.0, Avg:  0.0, Max:  0.0, Diff:  0.0, Sum:  0.0, Workers: 8
[2025-06-17T23:24:48.778+0300][7692][9664 ][debug][gc,phases] GC(20)     Dead                           Min: 0, Avg:  0.0, Max: 0, Diff: 0, Sum: 0, Workers: 8
[2025-06-17T23:24:48.778+0300][7692][9664 ][debug][gc,phases] GC(20)     Total                          Min: 0, Avg:  0.0, Max: 0, Diff: 0, Sum: 0, Workers: 8
[2025-06-17T23:24:48.778+0300][7692][9664 ][debug][gc,phases] GC(20) Weak Processing 0.504ms
[2025-06-17T23:24:48.778+0300][7692][9664 ][info ][gc,heap  ] GC(20) PSYoungGen: 683360K(690688K)->288K(691712K) Eden: 683008K(683008K)->0K(684032K) From: 352K(7680K)->288K(7680K)
[2025-06-17T23:24:48.778+0300][7692][9664 ][info ][gc,heap  ] GC(20) ParOldGen: 16294K(1398272K)->16326K(1398272K)
[2025-06-17T23:24:48.778+0300][7692][9664 ][info ][gc       ] GC(20) Pause Young (Allocation Failure) 683M->16M(2041M) 1.106ms
[2025-06-17T23:24:48.778+0300][7692][9664 ][debug][gc,heap  ] GC(20) Heap after GC invocations=21 (full 3):
[2025-06-17T23:24:48.778+0300][7692][9664 ][debug][gc,heap  ] GC(20)  PSYoungGen      total 691712K, used 288K [0x00000000d5580000, 0x0000000100000000, 0x0000000100000000)
[2025-06-17T23:24:48.778+0300][7692][9664 ][debug][gc,heap  ] GC(20)   eden space 684032K, 0% used [0x00000000d5580000,0x00000000d5580000,0x00000000ff180000)
[2025-06-17T23:24:48.778+0300][7692][9664 ][debug][gc,heap  ] GC(20)   from space 7680K, 3% used [0x00000000ff880000,0x00000000ff8c8000,0x0000000100000000)
[2025-06-17T23:24:48.778+0300][7692][9664 ][debug][gc,heap  ] GC(20)   to   space 7168K, 0% used [0x00000000ff180000,0x00000000ff180000,0x00000000ff880000)
[2025-06-17T23:24:48.778+0300][7692][9664 ][debug][gc,heap  ] GC(20)  ParOldGen       total 1398272K, used 16326K [0x0000000080000000, 0x00000000d5580000, 0x00000000d5580000)
[2025-06-17T23:24:48.778+0300][7692][9664 ][debug][gc,heap  ] GC(20)   object space 1398272K, 1% used [0x0000000080000000,0x0000000080ff1b28,0x00000000d5580000)
[2025-06-17T23:24:48.778+0300][7692][9664 ][debug][gc,heap  ] GC(20)  Metaspace       used 34394K, committed 35520K, reserved 1114112K
[2025-06-17T23:24:48.778+0300][7692][9664 ][debug][gc,heap  ] GC(20)   class space    used 2863K, committed 3328K, reserved 1048576K
[2025-06-17T23:24:48.778+0300][7692][9664 ][info ][safepoint] Safepoint "ParallelGCFailedAllocation", Time since last: 9752657000 ns, Reaching safepoint: 177000 ns, Cleanup: 16100 ns, At safepoint: 1535100 ns, Total: 1728200 ns
[2025-06-17T23:25:11.712+0300][7692][9664 ][debug][safepoint] Safepoint synchronization initiated using striped semaphore wait barrier. (32 threads)
[2025-06-17T23:25:11.712+0300][7692][9664 ][debug][gc,heap  ] GC(21) Heap before GC invocations=22 (full 3):
[2025-06-17T23:25:11.712+0300][7692][9664 ][debug][gc,heap  ] GC(21)  PSYoungGen      total 691712K, used 684320K [0x00000000d5580000, 0x0000000100000000, 0x0000000100000000)
[2025-06-17T23:25:11.712+0300][7692][9664 ][debug][gc,heap  ] GC(21)   eden space 684032K, 100% used [0x00000000d5580000,0x00000000ff180000,0x00000000ff180000)
[2025-06-17T23:25:11.712+0300][7692][9664 ][debug][gc,heap  ] GC(21)   from space 7680K, 3% used [0x00000000ff880000,0x00000000ff8c8000,0x0000000100000000)
[2025-06-17T23:25:11.712+0300][7692][9664 ][debug][gc,heap  ] GC(21)   to   space 7168K, 0% used [0x00000000ff180000,0x00000000ff180000,0x00000000ff880000)
[2025-06-17T23:25:11.712+0300][7692][9664 ][debug][gc,heap  ] GC(21)  ParOldGen       total 1398272K, used 16326K [0x0000000080000000, 0x00000000d5580000, 0x00000000d5580000)
[2025-06-17T23:25:11.712+0300][7692][9664 ][debug][gc,heap  ] GC(21)   object space 1398272K, 1% used [0x0000000080000000,0x0000000080ff1b28,0x00000000d5580000)
[2025-06-17T23:25:11.712+0300][7692][9664 ][debug][gc,heap  ] GC(21)  Metaspace       used 34394K, committed 35520K, reserved 1114112K
[2025-06-17T23:25:11.712+0300][7692][9664 ][debug][gc,heap  ] GC(21)   class space    used 2863K, committed 3328K, reserved 1048576K
[2025-06-17T23:25:11.712+0300][7692][9664 ][debug][gc,phases] GC(21) Scavenge 0.636ms
[2025-06-17T23:25:11.712+0300][7692][9664 ][debug][gc,phases] GC(21) Reference Processing 0.076ms
[2025-06-17T23:25:11.712+0300][7692][9664 ][debug][gc,phases] GC(21)   VM Weak                        Min:  0.0, Avg:  0.0, Max:  0.0, Diff:  0.0, Sum:  0.0, Workers: 8
[2025-06-17T23:25:11.712+0300][7692][9664 ][debug][gc,phases] GC(21)     Dead                           Min: 0, Avg:  0.0, Max: 0, Diff: 0, Sum: 0, Workers: 8
[2025-06-17T23:25:11.712+0300][7692][9664 ][debug][gc,phases] GC(21)     Total                          Min: 0, Avg: 49.4, Max: 395, Diff: 395, Sum: 395, Workers: 8
[2025-06-17T23:25:11.712+0300][7692][9664 ][debug][gc,phases] GC(21)   ObjectSynchronizer Weak        Min:  0.0, Avg:  0.0, Max:  0.0, Diff:  0.0, Sum:  0.0, Workers: 8
[2025-06-17T23:25:11.712+0300][7692][9664 ][debug][gc,phases] GC(21)     Dead                           Min: 0, Avg:  0.1, Max: 1, Diff: 1, Sum: 1, Workers: 8
[2025-06-17T23:25:11.712+0300][7692][9664 ][debug][gc,phases] GC(21)     Total                          Min: 0, Avg:  7.2, Max: 58, Diff: 58, Sum: 58, Workers: 8
[2025-06-17T23:25:11.712+0300][7692][9664 ][debug][gc,phases] GC(21)   JVMTI Tag Weak OopStorage      Min:  0.0, Avg:  0.0, Max:  0.0, Diff:  0.0, Sum:  0.0, Workers: 8
[2025-06-17T23:25:11.712+0300][7692][9664 ][debug][gc,phases] GC(21)     Dead                           Min: 0, Avg:  0.0, Max: 0, Diff: 0, Sum: 0, Workers: 8
[2025-06-17T23:25:11.712+0300][7692][9664 ][debug][gc,phases] GC(21)     Total                          Min: 0, Avg:  0.0, Max: 0, Diff: 0, Sum: 0, Workers: 8
[2025-06-17T23:25:11.712+0300][7692][9664 ][debug][gc,phases] GC(21)   StringTable Weak               Min:  0.0, Avg:  0.1, Max:  0.1, Diff:  0.1, Sum:  0.4, Workers: 8
[2025-06-17T23:25:11.712+0300][7692][9664 ][debug][gc,phases] GC(21)     Dead                           Min: 0, Avg:  0.0, Max: 0, Diff: 0, Sum: 0, Workers: 8
[2025-06-17T23:25:11.712+0300][7692][9664 ][debug][gc,phases] GC(21)     Total                          Min: 1254, Avg: 3484.8, Max: 9984, Diff: 8730, Sum: 27878, Workers: 8
[2025-06-17T23:25:11.712+0300][7692][9664 ][debug][gc,phases] GC(21)   ResolvedMethodTable Weak       Min:  0.0, Avg:  0.0, Max:  0.0, Diff:  0.0, Sum:  0.0, Workers: 8
[2025-06-17T23:25:11.712+0300][7692][9664 ][debug][gc,phases] GC(21)     Dead                           Min: 0, Avg:  0.0, Max: 0, Diff: 0, Sum: 0, Workers: 8
[2025-06-17T23:25:11.712+0300][7692][9664 ][debug][gc,phases] GC(21)     Total                          Min: 128, Avg: 219.9, Max: 288, Diff: 160, Sum: 1759, Workers: 8
[2025-06-17T23:25:11.712+0300][7692][9664 ][debug][gc,phases] GC(21)   JNI Weak                       Min:  0.0, Avg:  0.0, Max:  0.0, Diff:  0.0, Sum:  0.0, Workers: 8
[2025-06-17T23:25:11.712+0300][7692][9664 ][debug][gc,phases] GC(21)     Dead                           Min: 0, Avg:  0.0, Max: 0, Diff: 0, Sum: 0, Workers: 8
[2025-06-17T23:25:11.712+0300][7692][9664 ][debug][gc,phases] GC(21)     Total                          Min: 0, Avg:  0.0, Max: 0, Diff: 0, Sum: 0, Workers: 8
[2025-06-17T23:25:11.712+0300][7692][9664 ][debug][gc,phases] GC(21)   StringDedup Table Weak         Min:  0.0, Avg:  0.0, Max:  0.0, Diff:  0.0, Sum:  0.0, Workers: 8
[2025-06-17T23:25:11.712+0300][7692][9664 ][debug][gc,phases] GC(21)     Dead                           Min: 0, Avg:  0.0, Max: 0, Diff: 0, Sum: 0, Workers: 8
[2025-06-17T23:25:11.712+0300][7692][9664 ][debug][gc,phases] GC(21)     Total                          Min: 0, Avg:  0.0, Max: 0, Diff: 0, Sum: 0, Workers: 8
[2025-06-17T23:25:11.712+0300][7692][9664 ][debug][gc,phases] GC(21)   StringDedup Requests0 Weak     Min:  0.0, Avg:  0.0, Max:  0.0, Diff:  0.0, Sum:  0.0, Workers: 8
[2025-06-17T23:25:11.712+0300][7692][9664 ][debug][gc,phases] GC(21)     Dead                           Min: 0, Avg:  0.0, Max: 0, Diff: 0, Sum: 0, Workers: 8
[2025-06-17T23:25:11.712+0300][7692][9664 ][debug][gc,phases] GC(21)     Total                          Min: 0, Avg:  0.0, Max: 0, Diff: 0, Sum: 0, Workers: 8
[2025-06-17T23:25:11.712+0300][7692][9664 ][debug][gc,phases] GC(21)   StringDedup Requests1 Weak     Min:  0.0, Avg:  0.0, Max:  0.0, Diff:  0.0, Sum:  0.0, Workers: 8
[2025-06-17T23:25:11.712+0300][7692][9664 ][debug][gc,phases] GC(21)     Dead                           Min: 0, Avg:  0.0, Max: 0, Diff: 0, Sum: 0, Workers: 8
[2025-06-17T23:25:11.712+0300][7692][9664 ][debug][gc,phases] GC(21)     Total                          Min: 0, Avg:  0.0, Max: 0, Diff: 0, Sum: 0, Workers: 8
[2025-06-17T23:25:11.712+0300][7692][9664 ][debug][gc,phases] GC(21)   Weak JFR Old Object Samples    Min:  0.0, Avg:  0.0, Max:  0.0, Diff:  0.0, Sum:  0.0, Workers: 8
[2025-06-17T23:25:11.712+0300][7692][9664 ][debug][gc,phases] GC(21)     Dead                           Min: 0, Avg:  0.0, Max: 0, Diff: 0, Sum: 0, Workers: 8
[2025-06-17T23:25:11.712+0300][7692][9664 ][debug][gc,phases] GC(21)     Total                          Min: 0, Avg:  0.0, Max: 0, Diff: 0, Sum: 0, Workers: 8
[2025-06-17T23:25:11.712+0300][7692][9664 ][debug][gc,phases] GC(21) Weak Processing 1.284ms
[2025-06-17T23:25:11.712+0300][7692][9664 ][info ][gc,heap  ] GC(21) PSYoungGen: 684320K(691712K)->320K(691200K) Eden: 684032K(684032K)->0K(684032K) From: 288K(7680K)->320K(7168K)
[2025-06-17T23:25:11.712+0300][7692][9664 ][info ][gc,heap  ] GC(21) ParOldGen: 16326K(1398272K)->16382K(1398272K)
[2025-06-17T23:25:11.712+0300][7692][9664 ][info ][gc       ] GC(21) Pause Young (Allocation Failure) 684M->16M(2040M) 2.278ms
[2025-06-17T23:25:11.712+0300][7692][9664 ][debug][gc,heap  ] GC(21) Heap after GC invocations=22 (full 3):
[2025-06-17T23:25:11.712+0300][7692][9664 ][debug][gc,heap  ] GC(21)  PSYoungGen      total 691200K, used 320K [0x00000000d5580000, 0x0000000100000000, 0x0000000100000000)
[2025-06-17T23:25:11.712+0300][7692][9664 ][debug][gc,heap  ] GC(21)   eden space 684032K, 0% used [0x00000000d5580000,0x00000000d5580000,0x00000000ff180000)
[2025-06-17T23:25:11.712+0300][7692][9664 ][debug][gc,heap  ] GC(21)   from space 7168K, 4% used [0x00000000ff180000,0x00000000ff1d0000,0x00000000ff880000)
[2025-06-17T23:25:11.712+0300][7692][9664 ][debug][gc,heap  ] GC(21)   to   space 7168K, 0% used [0x00000000ff900000,0x00000000ff900000,0x0000000100000000)
[2025-06-17T23:25:11.712+0300][7692][9664 ][debug][gc,heap  ] GC(21)  ParOldGen       total 1398272K, used 16382K [0x0000000080000000, 0x00000000d5580000, 0x00000000d5580000)
[2025-06-17T23:25:11.712+0300][7692][9664 ][debug][gc,heap  ] GC(21)   object space 1398272K, 1% used [0x0000000080000000,0x0000000080fffb28,0x00000000d5580000)
[2025-06-17T23:25:11.712+0300][7692][9664 ][debug][gc,heap  ] GC(21)  Metaspace       used 34394K, committed 35520K, reserved 1114112K
[2025-06-17T23:25:11.712+0300][7692][9664 ][debug][gc,heap  ] GC(21)   class space    used 2863K, committed 3328K, reserved 1048576K
[2025-06-17T23:25:11.712+0300][7692][9664 ][info ][safepoint] Safepoint "ParallelGCFailedAllocation", Time since last: 22933050600 ns, Reaching safepoint: 174800 ns, Cleanup: 32800 ns, At safepoint: 2971800 ns, Total: 3179400 ns
[2025-06-17T23:25:26.963+0300][7692][9664 ][debug][safepoint] Safepoint synchronization initiated using striped semaphore wait barrier. (32 threads)
[2025-06-17T23:25:26.963+0300][7692][9664 ][info ][safepoint] Safepoint "Cleanup", Time since last: 15247901100 ns, Reaching safepoint: 184700 ns, Cleanup: 35600 ns, At safepoint: 62100 ns, Total: 282400 ns
[2025-06-17T23:25:34.663+0300][7692][9664 ][debug][safepoint] Safepoint synchronization initiated using striped semaphore wait barrier. (32 threads)
[2025-06-17T23:25:34.663+0300][7692][9664 ][debug][gc,heap  ] GC(22) Heap before GC invocations=23 (full 3):
[2025-06-17T23:25:34.663+0300][7692][9664 ][debug][gc,heap  ] GC(22)  PSYoungGen      total 691200K, used 684352K [0x00000000d5580000, 0x0000000100000000, 0x0000000100000000)
[2025-06-17T23:25:34.663+0300][7692][9664 ][debug][gc,heap  ] GC(22)   eden space 684032K, 100% used [0x00000000d5580000,0x00000000ff180000,0x00000000ff180000)
[2025-06-17T23:25:34.663+0300][7692][9664 ][debug][gc,heap  ] GC(22)   from space 7168K, 4% used [0x00000000ff180000,0x00000000ff1d0000,0x00000000ff880000)
[2025-06-17T23:25:34.663+0300][7692][9664 ][debug][gc,heap  ] GC(22)   to   space 7168K, 0% used [0x00000000ff900000,0x00000000ff900000,0x0000000100000000)
[2025-06-17T23:25:34.663+0300][7692][9664 ][debug][gc,heap  ] GC(22)  ParOldGen       total 1398272K, used 16382K [0x0000000080000000, 0x00000000d5580000, 0x00000000d5580000)
[2025-06-17T23:25:34.663+0300][7692][9664 ][debug][gc,heap  ] GC(22)   object space 1398272K, 1% used [0x0000000080000000,0x0000000080fffb28,0x00000000d5580000)
[2025-06-17T23:25:34.663+0300][7692][9664 ][debug][gc,heap  ] GC(22)  Metaspace       used 34394K, committed 35520K, reserved 1114112K
[2025-06-17T23:25:34.663+0300][7692][9664 ][debug][gc,heap  ] GC(22)   class space    used 2863K, committed 3328K, reserved 1048576K
[2025-06-17T23:25:34.663+0300][7692][9664 ][debug][gc,phases] GC(22) Scavenge 0.902ms
[2025-06-17T23:25:34.663+0300][7692][9664 ][debug][gc,phases] GC(22) Reference Processing 0.075ms
[2025-06-17T23:25:34.663+0300][7692][9664 ][debug][gc,phases] GC(22)   VM Weak                        Min:  0.0, Avg:  0.0, Max:  0.0, Diff:  0.0, Sum:  0.0, Workers: 8
[2025-06-17T23:25:34.663+0300][7692][9664 ][debug][gc,phases] GC(22)     Dead                           Min: 0, Avg:  0.0, Max: 0, Diff: 0, Sum: 0, Workers: 8
[2025-06-17T23:25:34.663+0300][7692][9664 ][debug][gc,phases] GC(22)     Total                          Min: 0, Avg: 49.4, Max: 395, Diff: 395, Sum: 395, Workers: 8
[2025-06-17T23:25:34.663+0300][7692][9664 ][debug][gc,phases] GC(22)   ObjectSynchronizer Weak        Min:  0.0, Avg:  0.0, Max:  0.0, Diff:  0.0, Sum:  0.0, Workers: 8
[2025-06-17T23:25:34.663+0300][7692][9664 ][debug][gc,phases] GC(22)     Dead                           Min: 0, Avg:  0.0, Max: 0, Diff: 0, Sum: 0, Workers: 8
[2025-06-17T23:25:34.663+0300][7692][9664 ][debug][gc,phases] GC(22)     Total                          Min: 0, Avg:  5.4, Max: 43, Diff: 43, Sum: 43, Workers: 8
[2025-06-17T23:25:34.663+0300][7692][9664 ][debug][gc,phases] GC(22)   JVMTI Tag Weak OopStorage      Min:  0.0, Avg:  0.0, Max:  0.0, Diff:  0.0, Sum:  0.0, Workers: 8
[2025-06-17T23:25:34.663+0300][7692][9664 ][debug][gc,phases] GC(22)     Dead                           Min: 0, Avg:  0.0, Max: 0, Diff: 0, Sum: 0, Workers: 8
[2025-06-17T23:25:34.663+0300][7692][9664 ][debug][gc,phases] GC(22)     Total                          Min: 0, Avg:  0.0, Max: 0, Diff: 0, Sum: 0, Workers: 8
[2025-06-17T23:25:34.663+0300][7692][9664 ][debug][gc,phases] GC(22)   StringTable Weak               Min:  0.0, Avg:  0.1, Max:  0.1, Diff:  0.1, Sum:  0.4, Workers: 8
[2025-06-17T23:25:34.663+0300][7692][9664 ][debug][gc,phases] GC(22)     Dead                           Min: 0, Avg:  0.0, Max: 0, Diff: 0, Sum: 0, Workers: 8
[2025-06-17T23:25:34.663+0300][7692][9664 ][debug][gc,phases] GC(22)     Total                          Min: 1088, Avg: 3484.8, Max: 8960, Diff: 7872, Sum: 27878, Workers: 8
[2025-06-17T23:25:34.663+0300][7692][9664 ][debug][gc,phases] GC(22)   ResolvedMethodTable Weak       Min:  0.0, Avg:  0.0, Max:  0.0, Diff:  0.0, Sum:  0.0, Workers: 8
[2025-06-17T23:25:34.663+0300][7692][9664 ][debug][gc,phases] GC(22)     Dead                           Min: 0, Avg:  0.0, Max: 0, Diff: 0, Sum: 0, Workers: 8
[2025-06-17T23:25:34.663+0300][7692][9664 ][debug][gc,phases] GC(22)     Total                          Min: 160, Avg: 219.9, Max: 256, Diff: 96, Sum: 1759, Workers: 8
[2025-06-17T23:25:34.663+0300][7692][9664 ][debug][gc,phases] GC(22)   JNI Weak                       Min:  0.0, Avg:  0.0, Max:  0.0, Diff:  0.0, Sum:  0.0, Workers: 8
[2025-06-17T23:25:34.663+0300][7692][9664 ][debug][gc,phases] GC(22)     Dead                           Min: 0, Avg:  0.0, Max: 0, Diff: 0, Sum: 0, Workers: 8
[2025-06-17T23:25:34.663+0300][7692][9664 ][debug][gc,phases] GC(22)     Total                          Min: 0, Avg:  0.0, Max: 0, Diff: 0, Sum: 0, Workers: 8
[2025-06-17T23:25:34.663+0300][7692][9664 ][debug][gc,phases] GC(22)   StringDedup Table Weak         Min:  0.0, Avg:  0.0, Max:  0.0, Diff:  0.0, Sum:  0.0, Workers: 8
[2025-06-17T23:25:34.663+0300][7692][9664 ][debug][gc,phases] GC(22)     Dead                           Min: 0, Avg:  0.0, Max: 0, Diff: 0, Sum: 0, Workers: 8
[2025-06-17T23:25:34.663+0300][7692][9664 ][debug][gc,phases] GC(22)     Total                          Min: 0, Avg:  0.0, Max: 0, Diff: 0, Sum: 0, Workers: 8
[2025-06-17T23:25:34.663+0300][7692][9664 ][debug][gc,phases] GC(22)   StringDedup Requests0 Weak     Min:  0.0, Avg:  0.0, Max:  0.0, Diff:  0.0, Sum:  0.0, Workers: 8
[2025-06-17T23:25:34.663+0300][7692][9664 ][debug][gc,phases] GC(22)     Dead                           Min: 0, Avg:  0.0, Max: 0, Diff: 0, Sum: 0, Workers: 8
[2025-06-17T23:25:34.663+0300][7692][9664 ][debug][gc,phases] GC(22)     Total                          Min: 0, Avg:  0.0, Max: 0, Diff: 0, Sum: 0, Workers: 8
[2025-06-17T23:25:34.663+0300][7692][9664 ][debug][gc,phases] GC(22)   StringDedup Requests1 Weak     Min:  0.0, Avg:  0.0, Max:  0.0, Diff:  0.0, Sum:  0.0, Workers: 8
[2025-06-17T23:25:34.663+0300][7692][9664 ][debug][gc,phases] GC(22)     Dead                           Min: 0, Avg:  0.0, Max: 0, Diff: 0, Sum: 0, Workers: 8
[2025-06-17T23:25:34.663+0300][7692][9664 ][debug][gc,phases] GC(22)     Total                          Min: 0, Avg:  0.0, Max: 0, Diff: 0, Sum: 0, Workers: 8
[2025-06-17T23:25:34.663+0300][7692][9664 ][debug][gc,phases] GC(22)   Weak JFR Old Object Samples    Min:  0.0, Avg:  0.0, Max:  0.0, Diff:  0.0, Sum:  0.0, Workers: 8
[2025-06-17T23:25:34.663+0300][7692][9664 ][debug][gc,phases] GC(22)     Dead                           Min: 0, Avg:  0.0, Max: 0, Diff: 0, Sum: 0, Workers: 8
[2025-06-17T23:25:34.663+0300][7692][9664 ][debug][gc,phases] GC(22)     Total                          Min: 0, Avg:  0.0, Max: 0, Diff: 0, Sum: 0, Workers: 8
[2025-06-17T23:25:34.663+0300][7692][9664 ][debug][gc,phases] GC(22) Weak Processing 1.236ms
[2025-06-17T23:25:34.663+0300][7692][9664 ][info ][gc,heap  ] GC(22) PSYoungGen: 684352K(691200K)->320K(692224K) Eden: 684032K(684032K)->0K(685056K) From: 320K(7168K)->320K(7168K)
[2025-06-17T23:25:34.663+0300][7692][9664 ][info ][gc,heap  ] GC(22) ParOldGen: 16382K(1398272K)->16430K(1398272K)
[2025-06-17T23:25:34.663+0300][7692][9664 ][info ][gc       ] GC(22) Pause Young (Allocation Failure) 684M->16M(2041M) 2.468ms
[2025-06-17T23:25:34.663+0300][7692][9664 ][debug][gc,heap  ] GC(22) Heap after GC invocations=23 (full 3):
[2025-06-17T23:25:34.663+0300][7692][9664 ][debug][gc,heap  ] GC(22)  PSYoungGen      total 692224K, used 320K [0x00000000d5580000, 0x0000000100000000, 0x0000000100000000)
[2025-06-17T23:25:34.663+0300][7692][9664 ][debug][gc,heap  ] GC(22)   eden space 685056K, 0% used [0x00000000d5580000,0x00000000d5580000,0x00000000ff280000)
[2025-06-17T23:25:34.663+0300][7692][9664 ][debug][gc,heap  ] GC(22)   from space 7168K, 4% used [0x00000000ff900000,0x00000000ff950000,0x0000000100000000)
[2025-06-17T23:25:34.663+0300][7692][9664 ][debug][gc,heap  ] GC(22)   to   space 6656K, 0% used [0x00000000ff280000,0x00000000ff280000,0x00000000ff900000)
[2025-06-17T23:25:34.663+0300][7692][9664 ][debug][gc,heap  ] GC(22)  ParOldGen       total 1398272K, used 16430K [0x0000000080000000, 0x00000000d5580000, 0x00000000d5580000)
[2025-06-17T23:25:34.663+0300][7692][9664 ][debug][gc,heap  ] GC(22)   object space 1398272K, 1% used [0x0000000080000000,0x000000008100bb28,0x00000000d5580000)
[2025-06-17T23:25:34.663+0300][7692][9664 ][debug][gc,heap  ] GC(22)  Metaspace       used 34394K, committed 35520K, reserved 1114112K
[2025-06-17T23:25:34.663+0300][7692][9664 ][debug][gc,heap  ] GC(22)   class space    used 2863K, committed 3328K, reserved 1048576K
[2025-06-17T23:25:34.663+0300][7692][9664 ][info ][safepoint] Safepoint "ParallelGCFailedAllocation", Time since last: 7700278500 ns, Reaching safepoint: 154400 ns, Cleanup: 32300 ns, At safepoint: 3248000 ns, Total: 3434700 ns
[2025-06-17T23:25:38.210+0300][7692][9664 ][debug][safepoint] Safepoint synchronization initiated using striped semaphore wait barrier. (24 threads)
[2025-06-17T23:25:38.210+0300][7692][9664 ][debug][gc,heap  ] GC(23) Heap before GC invocations=24 (full 3):
[2025-06-17T23:25:38.210+0300][7692][9664 ][debug][gc,heap  ] GC(23)  PSYoungGen      total 692224K, used 107861K [0x00000000d5580000, 0x0000000100000000, 0x0000000100000000)
[2025-06-17T23:25:38.210+0300][7692][9664 ][debug][gc,heap  ] GC(23)   eden space 685056K, 15% used [0x00000000d5580000,0x00000000dbe856b0,0x00000000ff280000)
[2025-06-17T23:25:38.210+0300][7692][9664 ][debug][gc,heap  ] GC(23)   from space 7168K, 4% used [0x00000000ff900000,0x00000000ff950000,0x0000000100000000)
[2025-06-17T23:25:38.210+0300][7692][9664 ][debug][gc,heap  ] GC(23)   to   space 6656K, 0% used [0x00000000ff280000,0x00000000ff280000,0x00000000ff900000)
[2025-06-17T23:25:38.210+0300][7692][9664 ][debug][gc,heap  ] GC(23)  ParOldGen       total 1398272K, used 16430K [0x0000000080000000, 0x00000000d5580000, 0x00000000d5580000)
[2025-06-17T23:25:38.210+0300][7692][9664 ][debug][gc,heap  ] GC(23)   object space 1398272K, 1% used [0x0000000080000000,0x000000008100bb28,0x00000000d5580000)
[2025-06-17T23:25:38.210+0300][7692][9664 ][debug][gc,heap  ] GC(23)  Metaspace       used 34412K, committed 35520K, reserved 1114112K
[2025-06-17T23:25:38.210+0300][7692][9664 ][debug][gc,heap  ] GC(23)   class space    used 2864K, committed 3328K, reserved 1048576K
[2025-06-17T23:25:38.212+0300][7692][9664 ][debug][gc,phases] GC(23) Scavenge 0.373ms
[2025-06-17T23:25:38.212+0300][7692][9664 ][debug][gc,phases] GC(23) Reference Processing 0.035ms
[2025-06-17T23:25:38.212+0300][7692][9664 ][debug][gc,phases] GC(23)   VM Weak                        Min:  0.0, Avg:  0.0, Max:  0.0, Diff:  0.0, Sum:  0.0, Workers: 8
[2025-06-17T23:25:38.212+0300][7692][9664 ][debug][gc,phases] GC(23)     Dead                           Min: 0, Avg:  0.0, Max: 0, Diff: 0, Sum: 0, Workers: 8
[2025-06-17T23:25:38.212+0300][7692][9664 ][debug][gc,phases] GC(23)     Total                          Min: 0, Avg: 49.5, Max: 208, Diff: 208, Sum: 396, Workers: 8
[2025-06-17T23:25:38.212+0300][7692][9664 ][debug][gc,phases] GC(23)   ObjectSynchronizer Weak        Min:  0.0, Avg:  0.0, Max:  0.0, Diff:  0.0, Sum:  0.0, Workers: 8
[2025-06-17T23:25:38.212+0300][7692][9664 ][debug][gc,phases] GC(23)     Dead                           Min: 0, Avg:  0.0, Max: 0, Diff: 0, Sum: 0, Workers: 8
[2025-06-17T23:25:38.212+0300][7692][9664 ][debug][gc,phases] GC(23)     Total                          Min: 0, Avg:  6.2, Max: 50, Diff: 50, Sum: 50, Workers: 8
[2025-06-17T23:25:38.212+0300][7692][9664 ][debug][gc,phases] GC(23)   JVMTI Tag Weak OopStorage      Min:  0.0, Avg:  0.0, Max:  0.0, Diff:  0.0, Sum:  0.0, Workers: 8
[2025-06-17T23:25:38.212+0300][7692][9664 ][debug][gc,phases] GC(23)     Dead                           Min: 0, Avg:  0.0, Max: 0, Diff: 0, Sum: 0, Workers: 8
[2025-06-17T23:25:38.212+0300][7692][9664 ][debug][gc,phases] GC(23)     Total                          Min: 0, Avg:  0.0, Max: 0, Diff: 0, Sum: 0, Workers: 8
[2025-06-17T23:25:38.212+0300][7692][9664 ][debug][gc,phases] GC(23)   StringTable Weak               Min:  0.0, Avg:  0.0, Max:  0.1, Diff:  0.1, Sum:  0.2, Workers: 8
[2025-06-17T23:25:38.212+0300][7692][9664 ][debug][gc,phases] GC(23)     Dead                           Min: 0, Avg:  0.1, Max: 1, Diff: 1, Sum: 1, Workers: 8
[2025-06-17T23:25:38.212+0300][7692][9664 ][debug][gc,phases] GC(23)     Total                          Min: 0, Avg: 3484.8, Max: 8064, Diff: 8064, Sum: 27878, Workers: 8
[2025-06-17T23:25:38.212+0300][7692][9664 ][debug][gc,phases] GC(23)   ResolvedMethodTable Weak       Min:  0.0, Avg:  0.0, Max:  0.0, Diff:  0.0, Sum:  0.0, Workers: 8
[2025-06-17T23:25:38.212+0300][7692][9664 ][debug][gc,phases] GC(23)     Dead                           Min: 0, Avg:  0.0, Max: 0, Diff: 0, Sum: 0, Workers: 8
[2025-06-17T23:25:38.212+0300][7692][9664 ][debug][gc,phases] GC(23)     Total                          Min: 0, Avg: 220.1, Max: 354, Diff: 354, Sum: 1761, Workers: 8
[2025-06-17T23:25:38.212+0300][7692][9664 ][debug][gc,phases] GC(23)   JNI Weak                       Min:  0.0, Avg:  0.0, Max:  0.0, Diff:  0.0, Sum:  0.0, Workers: 8
[2025-06-17T23:25:38.212+0300][7692][9664 ][debug][gc,phases] GC(23)     Dead                           Min: 0, Avg:  0.0, Max: 0, Diff: 0, Sum: 0, Workers: 8
[2025-06-17T23:25:38.212+0300][7692][9664 ][debug][gc,phases] GC(23)     Total                          Min: 0, Avg:  0.2, Max: 2, Diff: 2, Sum: 2, Workers: 8
[2025-06-17T23:25:38.212+0300][7692][9664 ][debug][gc,phases] GC(23)   StringDedup Table Weak         Min:  0.0, Avg:  0.0, Max:  0.0, Diff:  0.0, Sum:  0.0, Workers: 8
[2025-06-17T23:25:38.212+0300][7692][9664 ][debug][gc,phases] GC(23)     Dead                           Min: 0, Avg:  0.0, Max: 0, Diff: 0, Sum: 0, Workers: 8
[2025-06-17T23:25:38.212+0300][7692][9664 ][debug][gc,phases] GC(23)     Total                          Min: 0, Avg:  0.0, Max: 0, Diff: 0, Sum: 0, Workers: 8
[2025-06-17T23:25:38.212+0300][7692][9664 ][debug][gc,phases] GC(23)   StringDedup Requests0 Weak     Min:  0.0, Avg:  0.0, Max:  0.0, Diff:  0.0, Sum:  0.0, Workers: 8
[2025-06-17T23:25:38.212+0300][7692][9664 ][debug][gc,phases] GC(23)     Dead                           Min: 0, Avg:  0.0, Max: 0, Diff: 0, Sum: 0, Workers: 8
[2025-06-17T23:25:38.212+0300][7692][9664 ][debug][gc,phases] GC(23)     Total                          Min: 0, Avg:  0.0, Max: 0, Diff: 0, Sum: 0, Workers: 8
[2025-06-17T23:25:38.212+0300][7692][9664 ][debug][gc,phases] GC(23)   StringDedup Requests1 Weak     Min:  0.0, Avg:  0.0, Max:  0.0, Diff:  0.0, Sum:  0.0, Workers: 8
[2025-06-17T23:25:38.212+0300][7692][9664 ][debug][gc,phases] GC(23)     Dead                           Min: 0, Avg:  0.0, Max: 0, Diff: 0, Sum: 0, Workers: 8
[2025-06-17T23:25:38.212+0300][7692][9664 ][debug][gc,phases] GC(23)     Total                          Min: 0, Avg:  0.0, Max: 0, Diff: 0, Sum: 0, Workers: 8
[2025-06-17T23:25:38.212+0300][7692][9664 ][debug][gc,phases] GC(23)   Weak JFR Old Object Samples    Min:  0.0, Avg:  0.0, Max:  0.0, Diff:  0.0, Sum:  0.0, Workers: 8
[2025-06-17T23:25:38.212+0300][7692][9664 ][debug][gc,phases] GC(23)     Dead                           Min: 0, Avg:  0.0, Max: 0, Diff: 0, Sum: 0, Workers: 8
[2025-06-17T23:25:38.212+0300][7692][9664 ][debug][gc,phases] GC(23)     Total                          Min: 0, Avg:  0.0, Max: 0, Diff: 0, Sum: 0, Workers: 8
[2025-06-17T23:25:38.212+0300][7692][9664 ][debug][gc,phases] GC(23) Weak Processing 0.552ms
[2025-06-17T23:25:38.212+0300][7692][9664 ][info ][gc,heap  ] GC(23) PSYoungGen: 107861K(692224K)->224K(691712K) Eden: 107541K(685056K)->0K(685056K) From: 320K(7168K)->224K(6656K)
[2025-06-17T23:25:38.212+0300][7692][9664 ][info ][gc,heap  ] GC(23) ParOldGen: 16430K(1398272K)->16454K(1398272K)
[2025-06-17T23:25:38.212+0300][7692][9664 ][info ][gc       ] GC(23) Pause Young (System.gc()) 121M->16M(2041M) 1.081ms
[2025-06-17T23:25:38.212+0300][7692][9664 ][debug][gc,heap  ] GC(23) Heap after GC invocations=24 (full 3):
[2025-06-17T23:25:38.212+0300][7692][9664 ][debug][gc,heap  ] GC(23)  PSYoungGen      total 691712K, used 224K [0x00000000d5580000, 0x0000000100000000, 0x0000000100000000)
[2025-06-17T23:25:38.212+0300][7692][9664 ][debug][gc,heap  ] GC(23)   eden space 685056K, 0% used [0x00000000d5580000,0x00000000d5580000,0x00000000ff280000)
[2025-06-17T23:25:38.212+0300][7692][9664 ][debug][gc,heap  ] GC(23)   from space 6656K, 3% used [0x00000000ff280000,0x00000000ff2b8000,0x00000000ff900000)
[2025-06-17T23:25:38.212+0300][7692][9664 ][debug][gc,heap  ] GC(23)   to   space 6144K, 0% used [0x00000000ffa00000,0x00000000ffa00000,0x0000000100000000)
[2025-06-17T23:25:38.212+0300][7692][9664 ][debug][gc,heap  ] GC(23)  ParOldGen       total 1398272K, used 16454K [0x0000000080000000, 0x00000000d5580000, 0x00000000d5580000)
[2025-06-17T23:25:38.212+0300][7692][9664 ][debug][gc,heap  ] GC(23)   object space 1398272K, 1% used [0x0000000080000000,0x0000000081011b28,0x00000000d5580000)
[2025-06-17T23:25:38.212+0300][7692][9664 ][debug][gc,heap  ] GC(23)  Metaspace       used 34412K, committed 35520K, reserved 1114112K
[2025-06-17T23:25:38.212+0300][7692][9664 ][debug][gc,heap  ] GC(23)   class space    used 2864K, committed 3328K, reserved 1048576K
[2025-06-17T23:25:38.212+0300][7692][9664 ][debug][gc,heap  ] GC(24) Heap before GC invocations=25 (full 4):
[2025-06-17T23:25:38.212+0300][7692][9664 ][debug][gc,heap  ] GC(24)  PSYoungGen      total 691712K, used 224K [0x00000000d5580000, 0x0000000100000000, 0x0000000100000000)
[2025-06-17T23:25:38.212+0300][7692][9664 ][debug][gc,heap  ] GC(24)   eden space 685056K, 0% used [0x00000000d5580000,0x00000000d5580000,0x00000000ff280000)
[2025-06-17T23:25:38.212+0300][7692][9664 ][debug][gc,heap  ] GC(24)   from space 6656K, 3% used [0x00000000ff280000,0x00000000ff2b8000,0x00000000ff900000)
[2025-06-17T23:25:38.212+0300][7692][9664 ][debug][gc,heap  ] GC(24)   to   space 6144K, 0% used [0x00000000ffa00000,0x00000000ffa00000,0x0000000100000000)
[2025-06-17T23:25:38.212+0300][7692][9664 ][debug][gc,heap  ] GC(24)  ParOldGen       total 1398272K, used 16454K [0x0000000080000000, 0x00000000d5580000, 0x00000000d5580000)
[2025-06-17T23:25:38.212+0300][7692][9664 ][debug][gc,heap  ] GC(24)   object space 1398272K, 1% used [0x0000000080000000,0x0000000081011b28,0x00000000d5580000)
[2025-06-17T23:25:38.212+0300][7692][9664 ][debug][gc,heap  ] GC(24)  Metaspace       used 34412K, committed 35520K, reserved 1114112K
[2025-06-17T23:25:38.212+0300][7692][9664 ][debug][gc,heap  ] GC(24)   class space    used 2864K, committed 3328K, reserved 1048576K
[2025-06-17T23:25:38.212+0300][7692][9664 ][debug][gc,phases] GC(24) Pre Compact 0.092ms
[2025-06-17T23:25:38.217+0300][7692][9664 ][debug][gc,phases] GC(24) Par Mark 4.173ms
[2025-06-17T23:25:38.217+0300][7692][9664 ][debug][gc,phases] GC(24) Reference Processing 0.442ms
[2025-06-17T23:25:38.217+0300][7692][9664 ][debug][gc,phases] GC(24)   VM Weak                        Min:  0.0, Avg:  0.0, Max:  0.0, Diff:  0.0, Sum:  0.0, Workers: 8
[2025-06-17T23:25:38.217+0300][7692][9664 ][debug][gc,phases] GC(24)     Dead                           Min: 0, Avg:  5.6, Max: 35, Diff: 35, Sum: 45, Workers: 8
[2025-06-17T23:25:38.217+0300][7692][9664 ][debug][gc,phases] GC(24)     Total                          Min: 0, Avg: 49.5, Max: 336, Diff: 336, Sum: 396, Workers: 8
[2025-06-17T23:25:38.217+0300][7692][9664 ][debug][gc,phases] GC(24)   ObjectSynchronizer Weak        Min:  0.0, Avg:  0.0, Max:  0.0, Diff:  0.0, Sum:  0.0, Workers: 8
[2025-06-17T23:25:38.217+0300][7692][9664 ][debug][gc,phases] GC(24)     Dead                           Min: 0, Avg:  4.1, Max: 33, Diff: 33, Sum: 33, Workers: 8
[2025-06-17T23:25:38.217+0300][7692][9664 ][debug][gc,phases] GC(24)     Total                          Min: 0, Avg:  6.2, Max: 50, Diff: 50, Sum: 50, Workers: 8
[2025-06-17T23:25:38.217+0300][7692][9664 ][debug][gc,phases] GC(24)   JVMTI Tag Weak OopStorage      Min:  0.0, Avg:  0.0, Max:  0.0, Diff:  0.0, Sum:  0.0, Workers: 8
[2025-06-17T23:25:38.217+0300][7692][9664 ][debug][gc,phases] GC(24)     Dead                           Min: 0, Avg:  0.0, Max: 0, Diff: 0, Sum: 0, Workers: 8
[2025-06-17T23:25:38.217+0300][7692][9664 ][debug][gc,phases] GC(24)     Total                          Min: 0, Avg:  0.0, Max: 0, Diff: 0, Sum: 0, Workers: 8
[2025-06-17T23:25:38.217+0300][7692][9664 ][debug][gc,phases] GC(24)   StringTable Weak               Min:  0.0, Avg:  0.0, Max:  0.1, Diff:  0.1, Sum:  0.3, Workers: 8
[2025-06-17T23:25:38.217+0300][7692][9664 ][debug][gc,phases] GC(24)     Dead                           Min: 0, Avg: 160.9, Max: 294, Diff: 294, Sum: 1287, Workers: 8
[2025-06-17T23:25:38.217+0300][7692][9664 ][debug][gc,phases] GC(24)     Total                          Min: 0, Avg: 3484.8, Max: 6784, Diff: 6784, Sum: 27878, Workers: 8
[2025-06-17T23:25:38.217+0300][7692][9664 ][debug][gc,phases] GC(24)   ResolvedMethodTable Weak       Min:  0.0, Avg:  0.0, Max:  0.0, Diff:  0.0, Sum:  0.0, Workers: 8
[2025-06-17T23:25:38.217+0300][7692][9664 ][debug][gc,phases] GC(24)     Dead                           Min: 0, Avg:  9.1, Max: 32, Diff: 32, Sum: 73, Workers: 8
[2025-06-17T23:25:38.217+0300][7692][9664 ][debug][gc,phases] GC(24)     Total                          Min: 0, Avg: 220.1, Max: 320, Diff: 320, Sum: 1761, Workers: 8
[2025-06-17T23:25:38.217+0300][7692][9664 ][debug][gc,phases] GC(24)   JNI Weak                       Min:  0.0, Avg:  0.0, Max:  0.0, Diff:  0.0, Sum:  0.0, Workers: 8
[2025-06-17T23:25:38.217+0300][7692][9664 ][debug][gc,phases] GC(24)     Dead                           Min: 0, Avg:  0.0, Max: 0, Diff: 0, Sum: 0, Workers: 8
[2025-06-17T23:25:38.217+0300][7692][9664 ][debug][gc,phases] GC(24)     Total                          Min: 0, Avg:  0.2, Max: 2, Diff: 2, Sum: 2, Workers: 8
[2025-06-17T23:25:38.217+0300][7692][9664 ][debug][gc,phases] GC(24)   StringDedup Table Weak         Min:  0.0, Avg:  0.0, Max:  0.0, Diff:  0.0, Sum:  0.0, Workers: 8
[2025-06-17T23:25:38.217+0300][7692][9664 ][debug][gc,phases] GC(24)     Dead                           Min: 0, Avg:  0.0, Max: 0, Diff: 0, Sum: 0, Workers: 8
[2025-06-17T23:25:38.217+0300][7692][9664 ][debug][gc,phases] GC(24)     Total                          Min: 0, Avg:  0.0, Max: 0, Diff: 0, Sum: 0, Workers: 8
[2025-06-17T23:25:38.217+0300][7692][9664 ][debug][gc,phases] GC(24)   StringDedup Requests0 Weak     Min:  0.0, Avg:  0.0, Max:  0.0, Diff:  0.0, Sum:  0.0, Workers: 8
[2025-06-17T23:25:38.217+0300][7692][9664 ][debug][gc,phases] GC(24)     Dead                           Min: 0, Avg:  0.0, Max: 0, Diff: 0, Sum: 0, Workers: 8
[2025-06-17T23:25:38.217+0300][7692][9664 ][debug][gc,phases] GC(24)     Total                          Min: 0, Avg:  0.0, Max: 0, Diff: 0, Sum: 0, Workers: 8
[2025-06-17T23:25:38.217+0300][7692][9664 ][debug][gc,phases] GC(24)   StringDedup Requests1 Weak     Min:  0.0, Avg:  0.0, Max:  0.0, Diff:  0.0, Sum:  0.0, Workers: 8
[2025-06-17T23:25:38.217+0300][7692][9664 ][debug][gc,phases] GC(24)     Dead                           Min: 0, Avg:  0.0, Max: 0, Diff: 0, Sum: 0, Workers: 8
[2025-06-17T23:25:38.217+0300][7692][9664 ][debug][gc,phases] GC(24)     Total                          Min: 0, Avg:  0.0, Max: 0, Diff: 0, Sum: 0, Workers: 8
[2025-06-17T23:25:38.217+0300][7692][9664 ][debug][gc,phases] GC(24)   Weak JFR Old Object Samples    Min:  0.0, Avg:  0.0, Max:  0.0, Diff:  0.0, Sum:  0.0, Workers: 8
[2025-06-17T23:25:38.217+0300][7692][9664 ][debug][gc,phases] GC(24)     Dead                           Min: 0, Avg:  0.0, Max: 0, Diff: 0, Sum: 0, Workers: 8
[2025-06-17T23:25:38.217+0300][7692][9664 ][debug][gc,phases] GC(24)     Total                          Min: 0, Avg:  0.0, Max: 0, Diff: 0, Sum: 0, Workers: 8
[2025-06-17T23:25:38.217+0300][7692][9664 ][debug][gc,phases] GC(24) Weak Processing 0.520ms
[2025-06-17T23:25:38.217+0300][7692][9664 ][debug][gc,phases] GC(24) ClassLoaderData 0.221ms
[2025-06-17T23:25:38.217+0300][7692][9664 ][debug][gc,phases] GC(24) Trigger cleanups 0.006ms
[2025-06-17T23:25:38.226+0300][7692][9664 ][debug][gc,phases] GC(24) Purge Unlinked NMethods 1.105ms
[2025-06-17T23:25:38.226+0300][7692][9664 ][debug][gc,phases] GC(24) Unregister NMethods 0.001ms
[2025-06-17T23:25:38.226+0300][7692][9664 ][debug][gc,phases] GC(24) Free Code Blobs 0.178ms
[2025-06-17T23:25:38.226+0300][7692][9664 ][debug][gc,phases] GC(24) Class Unloading 21.287ms
[2025-06-17T23:25:38.226+0300][7692][9664 ][debug][gc,phases] GC(24) Report Object Count 0.001ms
[2025-06-17T23:25:38.226+0300][7692][9664 ][info ][gc,phases] GC(24) Marking Phase 26.641ms
[2025-06-17T23:25:38.226+0300][7692][9664 ][info ][gc,phases] GC(24) Summary Phase 0.002ms
[2025-06-17T23:25:38.241+0300][7692][9664 ][info ][gc,phases] GC(24) Adjust Roots 7.714ms
[2025-06-17T23:25:38.252+0300][7692][9664 ][info ][gc,phases] GC(24) Compaction Phase 5.434ms
[2025-06-17T23:25:38.252+0300][7692][9664 ][debug][gc,phases] GC(24) Purge Class Loader Data 0.653ms
[2025-06-17T23:25:38.252+0300][7692][9664 ][info ][gc,phases] GC(24) Post Compact 0.776ms
[2025-06-17T23:25:38.252+0300][7692][9664 ][info ][gc,heap  ] GC(24) PSYoungGen: 224K(691712K)->0K(691712K) Eden: 0K(685056K)->0K(685056K) From: 224K(6656K)->0K(6656K)
[2025-06-17T23:25:38.252+0300][7692][9664 ][info ][gc,heap  ] GC(24) ParOldGen: 16454K(1398272K)->13888K(1398272K)
[2025-06-17T23:25:38.252+0300][7692][9664 ][info ][gc       ] GC(24) Pause Full (System.gc()) 16M->13M(2041M) 40.755ms
[2025-06-17T23:25:38.252+0300][7692][9664 ][debug][gc,heap  ] GC(24) Heap after GC invocations=25 (full 4):
[2025-06-17T23:25:38.252+0300][7692][9664 ][debug][gc,heap  ] GC(24)  PSYoungGen      total 691712K, used 0K [0x00000000d5580000, 0x0000000100000000, 0x0000000100000000)
[2025-06-17T23:25:38.252+0300][7692][9664 ][debug][gc,heap  ] GC(24)   eden space 685056K, 0% used [0x00000000d5580000,0x00000000d5580000,0x00000000ff280000)
[2025-06-17T23:25:38.252+0300][7692][9664 ][debug][gc,heap  ] GC(24)   from space 6656K, 0% used [0x00000000ff280000,0x00000000ff280000,0x00000000ff900000)
[2025-06-17T23:25:38.252+0300][7692][9664 ][debug][gc,heap  ] GC(24)   to   space 6144K, 0% used [0x00000000ffa00000,0x00000000ffa00000,0x0000000100000000)
[2025-06-17T23:25:38.252+0300][7692][9664 ][debug][gc,heap  ] GC(24)  ParOldGen       total 1398272K, used 13888K [0x0000000080000000, 0x00000000d5580000, 0x00000000d5580000)
[2025-06-17T23:25:38.252+0300][7692][9664 ][debug][gc,heap  ] GC(24)   object space 1398272K, 0% used [0x0000000080000000,0x0000000080d901c0,0x00000000d5580000)
[2025-06-17T23:25:38.252+0300][7692][9664 ][debug][gc,heap  ] GC(24)  Metaspace       used 33343K, committed 35520K, reserved 1114112K
[2025-06-17T23:25:38.252+0300][7692][9664 ][debug][gc,heap  ] GC(24)   class space    used 2787K, committed 3328K, reserved 1048576K
[2025-06-17T23:25:38.252+0300][7692][9664 ][info ][safepoint] Safepoint "ParallelGCSystemGC", Time since last: 3544322900 ns, Reaching safepoint: 50300 ns, Cleanup: 15700 ns, At safepoint: 42340300 ns, Total: 42406300 ns
[2025-06-17T23:25:39.259+0300][7692][9664 ][debug][safepoint] Safepoint synchronization initiated using striped semaphore wait barrier. (32 threads)
[2025-06-17T23:25:39.259+0300][7692][9664 ][info ][safepoint] Safepoint "Cleanup", Time since last: 1004891700 ns, Reaching safepoint: 135600 ns, Cleanup: 131200 ns, At safepoint: 49000 ns, Total: 315800 ns
[2025-06-17T23:25:40.263+0300][7692][9664 ][debug][safepoint] Safepoint synchronization initiated using striped semaphore wait barrier. (32 threads)
[2025-06-17T23:25:40.264+0300][7692][9664 ][info ][safepoint] Safepoint "Cleanup", Time since last: 1004347200 ns, Reaching safepoint: 147600 ns, Cleanup: 30300 ns, At safepoint: 31600 ns, Total: 209500 ns
[2025-06-17T23:25:41.274+0300][7692][9664 ][debug][safepoint] Safepoint synchronization initiated using striped semaphore wait barrier. (32 threads)
[2025-06-17T23:25:41.274+0300][7692][9664 ][info ][safepoint] Safepoint "Cleanup", Time since last: 1010431900 ns, Reaching safepoint: 215600 ns, Cleanup: 23100 ns, At safepoint: 47300 ns, Total: 286000 ns
[2025-06-17T23:25:43.285+0300][7692][9664 ][debug][safepoint] Safepoint synchronization initiated using striped semaphore wait barrier. (32 threads)
[2025-06-17T23:25:43.285+0300][7692][9664 ][info ][safepoint] Safepoint "Cleanup", Time since last: 2011430100 ns, Reaching safepoint: 184600 ns, Cleanup: 21000 ns, At safepoint: 27900 ns, Total: 233500 ns
[2025-06-17T23:25:44.301+0300][7692][9664 ][debug][safepoint] Safepoint synchronization initiated using striped semaphore wait barrier. (32 threads)
[2025-06-17T23:25:44.301+0300][7692][9664 ][info ][safepoint] Safepoint "Cleanup", Time since last: 1014601600 ns, Reaching safepoint: 146000 ns, Cleanup: 23100 ns, At safepoint: 3500 ns, Total: 172600 ns
[2025-06-17T23:25:46.321+0300][7692][9664 ][debug][safepoint] Safepoint synchronization initiated using striped semaphore wait barrier. (32 threads)
[2025-06-17T23:25:46.321+0300][7692][9664 ][info ][safepoint] Safepoint "Cleanup", Time since last: 2020357400 ns, Reaching safepoint: 149000 ns, Cleanup: 40700 ns, At safepoint: 21900 ns, Total: 211600 ns
[2025-06-17T23:25:47.335+0300][7692][9664 ][debug][safepoint] Safepoint synchronization initiated using striped semaphore wait barrier. (32 threads)
[2025-06-17T23:25:47.335+0300][7692][21064][debug][safepoint] ... found polling page loop exception at pc = 0x000001dbac7d7beb, stub =0x000001dbab7e5600
[2025-06-17T23:25:47.335+0300][7692][9664 ][info ][safepoint] Safepoint "Cleanup", Time since last: 1014142900 ns, Reaching safepoint: 292100 ns, Cleanup: 33200 ns, At safepoint: 19800 ns, Total: 345100 ns
[2025-06-17T23:25:48.344+0300][7692][9664 ][debug][safepoint] Safepoint synchronization initiated using striped semaphore wait barrier. (32 threads)
[2025-06-17T23:25:48.344+0300][7692][9664 ][info ][safepoint] Safepoint "Cleanup", Time since last: 1008724400 ns, Reaching safepoint: 104300 ns, Cleanup: 20500 ns, At safepoint: 11500 ns, Total: 136300 ns
[2025-06-17T23:25:51.373+0300][7692][9664 ][debug][safepoint] Safepoint synchronization initiated using striped semaphore wait barrier. (32 threads)
[2025-06-17T23:25:51.373+0300][7692][9664 ][info ][safepoint] Safepoint "Cleanup", Time since last: 3028307400 ns, Reaching safepoint: 146300 ns, Cleanup: 40000 ns, At safepoint: 20100 ns, Total: 206400 ns
[2025-06-17T23:25:56.416+0300][7692][9664 ][debug][safepoint] Safepoint synchronization initiated using striped semaphore wait barrier. (32 threads)
[2025-06-17T23:25:56.416+0300][7692][9664 ][info ][safepoint] Safepoint "Cleanup", Time since last: 5042747500 ns, Reaching safepoint: 106800 ns, Cleanup: 23400 ns, At safepoint: 10900 ns, Total: 141100 ns
[2025-06-17T23:25:59.815+0300][7692][9664 ][debug][safepoint] Safepoint synchronization initiated using striped semaphore wait barrier. (32 threads)
[2025-06-17T23:25:59.815+0300][7692][9664 ][debug][gc,heap  ] GC(25) Heap before GC invocations=26 (full 4):
[2025-06-17T23:25:59.815+0300][7692][9664 ][debug][gc,heap  ] GC(25)  PSYoungGen      total 691712K, used 685056K [0x00000000d5580000, 0x0000000100000000, 0x0000000100000000)
[2025-06-17T23:25:59.815+0300][7692][9664 ][debug][gc,heap  ] GC(25)   eden space 685056K, 100% used [0x00000000d5580000,0x00000000ff280000,0x00000000ff280000)
[2025-06-17T23:25:59.815+0300][7692][9664 ][debug][gc,heap  ] GC(25)   from space 6656K, 0% used [0x00000000ff280000,0x00000000ff280000,0x00000000ff900000)
[2025-06-17T23:25:59.815+0300][7692][9664 ][debug][gc,heap  ] GC(25)   to   space 6144K, 0% used [0x00000000ffa00000,0x00000000ffa00000,0x0000000100000000)
[2025-06-17T23:25:59.815+0300][7692][9664 ][debug][gc,heap  ] GC(25)  ParOldGen       total 1398272K, used 13888K [0x0000000080000000, 0x00000000d5580000, 0x00000000d5580000)
[2025-06-17T23:25:59.815+0300][7692][9664 ][debug][gc,heap  ] GC(25)   object space 1398272K, 0% used [0x0000000080000000,0x0000000080d901c0,0x00000000d5580000)
[2025-06-17T23:25:59.815+0300][7692][9664 ][debug][gc,heap  ] GC(25)  Metaspace       used 34201K, committed 35584K, reserved 1114112K
[2025-06-17T23:25:59.815+0300][7692][9664 ][debug][gc,heap  ] GC(25)   class space    used 2864K, committed 3328K, reserved 1048576K
[2025-06-17T23:25:59.815+0300][7692][9664 ][debug][gc,phases] GC(25) Scavenge 1.764ms
[2025-06-17T23:25:59.815+0300][7692][9664 ][debug][gc,phases] GC(25) Reference Processing 0.095ms
[2025-06-17T23:25:59.815+0300][7692][9664 ][debug][gc,phases] GC(25)   VM Weak                        Min:  0.0, Avg:  0.0, Max:  0.0, Diff:  0.0, Sum:  0.0, Workers: 8
[2025-06-17T23:25:59.815+0300][7692][9664 ][debug][gc,phases] GC(25)     Dead                           Min: 0, Avg:  0.0, Max: 0, Diff: 0, Sum: 0, Workers: 8
[2025-06-17T23:25:59.815+0300][7692][9664 ][debug][gc,phases] GC(25)     Total                          Min: 0, Avg: 49.6, Max: 329, Diff: 329, Sum: 397, Workers: 8
[2025-06-17T23:25:59.815+0300][7692][9664 ][debug][gc,phases] GC(25)   ObjectSynchronizer Weak        Min:  0.0, Avg:  0.0, Max:  0.0, Diff:  0.0, Sum:  0.0, Workers: 8
[2025-06-17T23:25:59.815+0300][7692][9664 ][debug][gc,phases] GC(25)     Dead                           Min: 0, Avg:  4.4, Max: 24, Diff: 24, Sum: 35, Workers: 8
[2025-06-17T23:25:59.815+0300][7692][9664 ][debug][gc,phases] GC(25)     Total                          Min: 0, Avg: 29.8, Max: 128, Diff: 128, Sum: 238, Workers: 8
[2025-06-17T23:25:59.815+0300][7692][9664 ][debug][gc,phases] GC(25)   JVMTI Tag Weak OopStorage      Min:  0.0, Avg:  0.0, Max:  0.0, Diff:  0.0, Sum:  0.0, Workers: 8
[2025-06-17T23:25:59.815+0300][7692][9664 ][debug][gc,phases] GC(25)     Dead                           Min: 0, Avg:  0.0, Max: 0, Diff: 0, Sum: 0, Workers: 8
[2025-06-17T23:25:59.815+0300][7692][9664 ][debug][gc,phases] GC(25)     Total                          Min: 0, Avg:  0.0, Max: 0, Diff: 0, Sum: 0, Workers: 8
[2025-06-17T23:25:59.815+0300][7692][9664 ][debug][gc,phases] GC(25)   StringTable Weak               Min:  0.0, Avg:  0.1, Max:  0.2, Diff:  0.1, Sum:  0.5, Workers: 8
[2025-06-17T23:25:59.815+0300][7692][9664 ][debug][gc,phases] GC(25)     Dead                           Min: 0, Avg: 37.5, Max: 165, Diff: 165, Sum: 300, Workers: 8
[2025-06-17T23:25:59.815+0300][7692][9664 ][debug][gc,phases] GC(25)     Total                          Min: 1216, Avg: 3484.8, Max: 8890, Diff: 7674, Sum: 27878, Workers: 8
[2025-06-17T23:25:59.815+0300][7692][9664 ][debug][gc,phases] GC(25)   ResolvedMethodTable Weak       Min:  0.0, Avg:  0.0, Max:  0.0, Diff:  0.0, Sum:  0.0, Workers: 8
[2025-06-17T23:25:59.815+0300][7692][9664 ][debug][gc,phases] GC(25)     Dead                           Min: 0, Avg:  0.0, Max: 0, Diff: 0, Sum: 0, Workers: 8
[2025-06-17T23:25:59.815+0300][7692][9664 ][debug][gc,phases] GC(25)     Total                          Min: 0, Avg: 226.1, Max: 448, Diff: 448, Sum: 1809, Workers: 8
[2025-06-17T23:25:59.815+0300][7692][9664 ][debug][gc,phases] GC(25)   JNI Weak                       Min:  0.0, Avg:  0.0, Max:  0.0, Diff:  0.0, Sum:  0.0, Workers: 8
[2025-06-17T23:25:59.815+0300][7692][9664 ][debug][gc,phases] GC(25)     Dead                           Min: 0, Avg:  0.0, Max: 0, Diff: 0, Sum: 0, Workers: 8
[2025-06-17T23:25:59.815+0300][7692][9664 ][debug][gc,phases] GC(25)     Total                          Min: 0, Avg:  0.0, Max: 0, Diff: 0, Sum: 0, Workers: 8
[2025-06-17T23:25:59.815+0300][7692][9664 ][debug][gc,phases] GC(25)   StringDedup Table Weak         Min:  0.0, Avg:  0.0, Max:  0.0, Diff:  0.0, Sum:  0.0, Workers: 8
[2025-06-17T23:25:59.815+0300][7692][9664 ][debug][gc,phases] GC(25)     Dead                           Min: 0, Avg:  0.0, Max: 0, Diff: 0, Sum: 0, Workers: 8
[2025-06-17T23:25:59.815+0300][7692][9664 ][debug][gc,phases] GC(25)     Total                          Min: 0, Avg:  0.0, Max: 0, Diff: 0, Sum: 0, Workers: 8
[2025-06-17T23:25:59.815+0300][7692][9664 ][debug][gc,phases] GC(25)   StringDedup Requests0 Weak     Min:  0.0, Avg:  0.0, Max:  0.0, Diff:  0.0, Sum:  0.0, Workers: 8
[2025-06-17T23:25:59.815+0300][7692][9664 ][debug][gc,phases] GC(25)     Dead                           Min: 0, Avg:  0.0, Max: 0, Diff: 0, Sum: 0, Workers: 8
[2025-06-17T23:25:59.815+0300][7692][9664 ][debug][gc,phases] GC(25)     Total                          Min: 0, Avg:  0.0, Max: 0, Diff: 0, Sum: 0, Workers: 8
[2025-06-17T23:25:59.815+0300][7692][9664 ][debug][gc,phases] GC(25)   StringDedup Requests1 Weak     Min:  0.0, Avg:  0.0, Max:  0.0, Diff:  0.0, Sum:  0.0, Workers: 8
[2025-06-17T23:25:59.815+0300][7692][9664 ][debug][gc,phases] GC(25)     Dead                           Min: 0, Avg:  0.0, Max: 0, Diff: 0, Sum: 0, Workers: 8
[2025-06-17T23:25:59.815+0300][7692][9664 ][debug][gc,phases] GC(25)     Total                          Min: 0, Avg:  0.0, Max: 0, Diff: 0, Sum: 0, Workers: 8
[2025-06-17T23:25:59.815+0300][7692][9664 ][debug][gc,phases] GC(25)   Weak JFR Old Object Samples    Min:  0.0, Avg:  0.0, Max:  0.0, Diff:  0.0, Sum:  0.0, Workers: 8
[2025-06-17T23:25:59.815+0300][7692][9664 ][debug][gc,phases] GC(25)     Dead                           Min: 0, Avg:  0.0, Max: 0, Diff: 0, Sum: 0, Workers: 8
[2025-06-17T23:25:59.815+0300][7692][9664 ][debug][gc,phases] GC(25)     Total                          Min: 0, Avg:  0.0, Max: 0, Diff: 0, Sum: 0, Workers: 8
[2025-06-17T23:25:59.815+0300][7692][9664 ][debug][gc,phases] GC(25) Weak Processing 0.899ms
[2025-06-17T23:25:59.815+0300][7692][9664 ][info ][gc,heap  ] GC(25) PSYoungGen: 685056K(691712K)->2553K(692736K) Eden: 685056K(685056K)->0K(686592K) From: 0K(6656K)->2553K(6144K)
[2025-06-17T23:25:59.815+0300][7692][9664 ][info ][gc,heap  ] GC(25) ParOldGen: 13888K(1398272K)->13896K(1398272K)
[2025-06-17T23:25:59.815+0300][7692][9664 ][info ][gc       ] GC(25) Pause Young (Allocation Failure) 682M->16M(2042M) 2.952ms
[2025-06-17T23:25:59.815+0300][7692][9664 ][debug][gc,heap  ] GC(25) Heap after GC invocations=26 (full 4):
[2025-06-17T23:25:59.815+0300][7692][9664 ][debug][gc,heap  ] GC(25)  PSYoungGen      total 692736K, used 2553K [0x00000000d5580000, 0x0000000100000000, 0x0000000100000000)
[2025-06-17T23:25:59.815+0300][7692][9664 ][debug][gc,heap  ] GC(25)   eden space 686592K, 0% used [0x00000000d5580000,0x00000000d5580000,0x00000000ff400000)
[2025-06-17T23:25:59.815+0300][7692][9664 ][debug][gc,heap  ] GC(25)   from space 6144K, 41% used [0x00000000ffa00000,0x00000000ffc7e700,0x0000000100000000)
[2025-06-17T23:25:59.815+0300][7692][9664 ][debug][gc,heap  ] GC(25)   to   space 6144K, 0% used [0x00000000ff400000,0x00000000ff400000,0x00000000ffa00000)
[2025-06-17T23:25:59.815+0300][7692][9664 ][debug][gc,heap  ] GC(25)  ParOldGen       total 1398272K, used 13896K [0x0000000080000000, 0x00000000d5580000, 0x00000000d5580000)
[2025-06-17T23:25:59.815+0300][7692][9664 ][debug][gc,heap  ] GC(25)   object space 1398272K, 0% used [0x0000000080000000,0x0000000080d921c0,0x00000000d5580000)
[2025-06-17T23:25:59.815+0300][7692][9664 ][debug][gc,heap  ] GC(25)  Metaspace       used 34201K, committed 35584K, reserved 1114112K
[2025-06-17T23:25:59.815+0300][7692][9664 ][debug][gc,heap  ] GC(25)   class space    used 2864K, committed 3328K, reserved 1048576K
[2025-06-17T23:25:59.815+0300][7692][9664 ][info ][safepoint] Safepoint "ParallelGCFailedAllocation", Time since last: 3399396700 ns, Reaching safepoint: 81600 ns, Cleanup: 11100 ns, At safepoint: 3321100 ns, Total: 3413800 ns
[2025-06-17T23:26:20.988+0300][7692][9664 ][debug][safepoint] Safepoint synchronization initiated using striped semaphore wait barrier. (32 threads)
[2025-06-17T23:26:20.988+0300][7692][9664 ][info ][safepoint] Safepoint "Cleanup", Time since last: 21169087400 ns, Reaching safepoint: 92500 ns, Cleanup: 31900 ns, At safepoint: 19000 ns, Total: 143400 ns
[2025-06-17T23:26:22.777+0300][7692][9664 ][debug][safepoint] Safepoint synchronization initiated using striped semaphore wait barrier. (32 threads)
[2025-06-17T23:26:22.777+0300][7692][15544][debug][safepoint] ... found polling page loop exception at pc = 0x000001dbac1deaba, stub =0x000001dbab7e5600
[2025-06-17T23:26:22.777+0300][7692][9664 ][debug][gc,heap  ] GC(26) Heap before GC invocations=27 (full 4):
[2025-06-17T23:26:22.777+0300][7692][9664 ][debug][gc,heap  ] GC(26)  PSYoungGen      total 692736K, used 689145K [0x00000000d5580000, 0x0000000100000000, 0x0000000100000000)
[2025-06-17T23:26:22.777+0300][7692][9664 ][debug][gc,heap  ] GC(26)   eden space 686592K, 100% used [0x00000000d5580000,0x00000000ff400000,0x00000000ff400000)
[2025-06-17T23:26:22.777+0300][7692][9664 ][debug][gc,heap  ] GC(26)   from space 6144K, 41% used [0x00000000ffa00000,0x00000000ffc7e700,0x0000000100000000)
[2025-06-17T23:26:22.777+0300][7692][9664 ][debug][gc,heap  ] GC(26)   to   space 6144K, 0% used [0x00000000ff400000,0x00000000ff400000,0x00000000ffa00000)
[2025-06-17T23:26:22.777+0300][7692][9664 ][debug][gc,heap  ] GC(26)  ParOldGen       total 1398272K, used 13896K [0x0000000080000000, 0x00000000d5580000, 0x00000000d5580000)
[2025-06-17T23:26:22.777+0300][7692][9664 ][debug][gc,heap  ] GC(26)   object space 1398272K, 0% used [0x0000000080000000,0x0000000080d921c0,0x00000000d5580000)
[2025-06-17T23:26:22.777+0300][7692][9664 ][debug][gc,heap  ] GC(26)  Metaspace       used 34412K, committed 35584K, reserved 1114112K
[2025-06-17T23:26:22.777+0300][7692][9664 ][debug][gc,heap  ] GC(26)   class space    used 2864K, committed 3328K, reserved 1048576K
[2025-06-17T23:26:22.777+0300][7692][9664 ][debug][gc,phases] GC(26) Scavenge 2.953ms
[2025-06-17T23:26:22.777+0300][7692][9664 ][debug][gc,phases] GC(26) Reference Processing 0.077ms
[2025-06-17T23:26:22.777+0300][7692][9664 ][debug][gc,phases] GC(26)   VM Weak                        Min:  0.0, Avg:  0.0, Max:  0.0, Diff:  0.0, Sum:  0.0, Workers: 8
[2025-06-17T23:26:22.777+0300][7692][9664 ][debug][gc,phases] GC(26)     Dead                           Min: 0, Avg:  0.0, Max: 0, Diff: 0, Sum: 0, Workers: 8
[2025-06-17T23:26:22.777+0300][7692][9664 ][debug][gc,phases] GC(26)     Total                          Min: 0, Avg: 49.6, Max: 397, Diff: 397, Sum: 397, Workers: 8
[2025-06-17T23:26:22.777+0300][7692][9664 ][debug][gc,phases] GC(26)   ObjectSynchronizer Weak        Min:  0.0, Avg:  0.0, Max:  0.0, Diff:  0.0, Sum:  0.0, Workers: 8
[2025-06-17T23:26:22.777+0300][7692][9664 ][debug][gc,phases] GC(26)     Dead                           Min: 0, Avg:  0.0, Max: 0, Diff: 0, Sum: 0, Workers: 8
[2025-06-17T23:26:22.777+0300][7692][9664 ][debug][gc,phases] GC(26)     Total                          Min: 0, Avg:  1.9, Max: 15, Diff: 15, Sum: 15, Workers: 8
[2025-06-17T23:26:22.777+0300][7692][9664 ][debug][gc,phases] GC(26)   JVMTI Tag Weak OopStorage      Min:  0.0, Avg:  0.0, Max:  0.0, Diff:  0.0, Sum:  0.0, Workers: 8
[2025-06-17T23:26:22.777+0300][7692][9664 ][debug][gc,phases] GC(26)     Dead                           Min: 0, Avg:  0.0, Max: 0, Diff: 0, Sum: 0, Workers: 8
[2025-06-17T23:26:22.777+0300][7692][9664 ][debug][gc,phases] GC(26)     Total                          Min: 0, Avg:  0.0, Max: 0, Diff: 0, Sum: 0, Workers: 8
[2025-06-17T23:26:22.777+0300][7692][9664 ][debug][gc,phases] GC(26)   StringTable Weak               Min:  0.0, Avg:  0.1, Max:  0.1, Diff:  0.1, Sum:  0.6, Workers: 8
[2025-06-17T23:26:22.777+0300][7692][9664 ][debug][gc,phases] GC(26)     Dead                           Min: 0, Avg:  0.0, Max: 0, Diff: 0, Sum: 0, Workers: 8
[2025-06-17T23:26:22.777+0300][7692][9664 ][debug][gc,phases] GC(26)     Total                          Min: 1536, Avg: 3485.1, Max: 8896, Diff: 7360, Sum: 27881, Workers: 8
[2025-06-17T23:26:22.777+0300][7692][9664 ][debug][gc,phases] GC(26)   ResolvedMethodTable Weak       Min:  0.0, Avg:  0.0, Max:  0.0, Diff:  0.0, Sum:  0.0, Workers: 8
[2025-06-17T23:26:22.777+0300][7692][9664 ][debug][gc,phases] GC(26)     Dead                           Min: 0, Avg:  0.0, Max: 0, Diff: 0, Sum: 0, Workers: 8
[2025-06-17T23:26:22.777+0300][7692][9664 ][debug][gc,phases] GC(26)     Total                          Min: 64, Avg: 226.1, Max: 320, Diff: 256, Sum: 1809, Workers: 8
[2025-06-17T23:26:22.777+0300][7692][9664 ][debug][gc,phases] GC(26)   JNI Weak                       Min:  0.0, Avg:  0.0, Max:  0.0, Diff:  0.0, Sum:  0.0, Workers: 8
[2025-06-17T23:26:22.777+0300][7692][9664 ][debug][gc,phases] GC(26)     Dead                           Min: 0, Avg:  0.0, Max: 0, Diff: 0, Sum: 0, Workers: 8
[2025-06-17T23:26:22.777+0300][7692][9664 ][debug][gc,phases] GC(26)     Total                          Min: 0, Avg:  0.0, Max: 0, Diff: 0, Sum: 0, Workers: 8
[2025-06-17T23:26:22.777+0300][7692][9664 ][debug][gc,phases] GC(26)   StringDedup Table Weak         Min:  0.0, Avg:  0.0, Max:  0.0, Diff:  0.0, Sum:  0.0, Workers: 8
[2025-06-17T23:26:22.777+0300][7692][9664 ][debug][gc,phases] GC(26)     Dead                           Min: 0, Avg:  0.0, Max: 0, Diff: 0, Sum: 0, Workers: 8
[2025-06-17T23:26:22.777+0300][7692][9664 ][debug][gc,phases] GC(26)     Total                          Min: 0, Avg:  0.0, Max: 0, Diff: 0, Sum: 0, Workers: 8
[2025-06-17T23:26:22.777+0300][7692][9664 ][debug][gc,phases] GC(26)   StringDedup Requests0 Weak     Min:  0.0, Avg:  0.0, Max:  0.0, Diff:  0.0, Sum:  0.0, Workers: 8
[2025-06-17T23:26:22.777+0300][7692][9664 ][debug][gc,phases] GC(26)     Dead                           Min: 0, Avg:  0.0, Max: 0, Diff: 0, Sum: 0, Workers: 8
[2025-06-17T23:26:22.777+0300][7692][9664 ][debug][gc,phases] GC(26)     Total                          Min: 0, Avg:  0.0, Max: 0, Diff: 0, Sum: 0, Workers: 8
[2025-06-17T23:26:22.777+0300][7692][9664 ][debug][gc,phases] GC(26)   StringDedup Requests1 Weak     Min:  0.0, Avg:  0.0, Max:  0.0, Diff:  0.0, Sum:  0.0, Workers: 8
[2025-06-17T23:26:22.777+0300][7692][9664 ][debug][gc,phases] GC(26)     Dead                           Min: 0, Avg:  0.0, Max: 0, Diff: 0, Sum: 0, Workers: 8
[2025-06-17T23:26:22.777+0300][7692][9664 ][debug][gc,phases] GC(26)     Total                          Min: 0, Avg:  0.0, Max: 0, Diff: 0, Sum: 0, Workers: 8
[2025-06-17T23:26:22.777+0300][7692][9664 ][debug][gc,phases] GC(26)   Weak JFR Old Object Samples    Min:  0.0, Avg:  0.0, Max:  0.0, Diff:  0.0, Sum:  0.0, Workers: 8
[2025-06-17T23:26:22.777+0300][7692][9664 ][debug][gc,phases] GC(26)     Dead                           Min: 0, Avg:  0.0, Max: 0, Diff: 0, Sum: 0, Workers: 8
[2025-06-17T23:26:22.777+0300][7692][9664 ][debug][gc,phases] GC(26)     Total                          Min: 0, Avg:  0.0, Max: 0, Diff: 0, Sum: 0, Workers: 8
[2025-06-17T23:26:22.777+0300][7692][9664 ][debug][gc,phases] GC(26) Weak Processing 1.087ms
[2025-06-17T23:26:22.777+0300][7692][9664 ][info ][gc,heap  ] GC(26) PSYoungGen: 689145K(692736K)->432K(692736K) Eden: 686592K(686592K)->0K(686592K) From: 2553K(6144K)->432K(6144K)
[2025-06-17T23:26:22.777+0300][7692][9664 ][info ][gc,heap  ] GC(26) ParOldGen: 13896K(1398272K)->16102K(1398272K)
[2025-06-17T23:26:22.777+0300][7692][9664 ][info ][gc       ] GC(26) Pause Young (Allocation Failure) 686M->16M(2042M) 4.371ms
[2025-06-17T23:26:22.777+0300][7692][9664 ][debug][gc,heap  ] GC(26) Heap after GC invocations=27 (full 4):
[2025-06-17T23:26:22.777+0300][7692][9664 ][debug][gc,heap  ] GC(26)  PSYoungGen      total 692736K, used 432K [0x00000000d5580000, 0x0000000100000000, 0x0000000100000000)
[2025-06-17T23:26:22.777+0300][7692][9664 ][debug][gc,heap  ] GC(26)   eden space 686592K, 0% used [0x00000000d5580000,0x00000000d5580000,0x00000000ff400000)
[2025-06-17T23:26:22.777+0300][7692][9664 ][debug][gc,heap  ] GC(26)   from space 6144K, 7% used [0x00000000ff400000,0x00000000ff46c010,0x00000000ffa00000)
[2025-06-17T23:26:22.777+0300][7692][9664 ][debug][gc,heap  ] GC(26)   to   space 6144K, 0% used [0x00000000ffa00000,0x00000000ffa00000,0x0000000100000000)
[2025-06-17T23:26:22.777+0300][7692][9664 ][debug][gc,heap  ] GC(26)  ParOldGen       total 1398272K, used 16102K [0x0000000080000000, 0x00000000d5580000, 0x00000000d5580000)
[2025-06-17T23:26:22.777+0300][7692][9664 ][debug][gc,heap  ] GC(26)   object space 1398272K, 1% used [0x0000000080000000,0x0000000080fb9848,0x00000000d5580000)
[2025-06-17T23:26:22.777+0300][7692][9664 ][debug][gc,heap  ] GC(26)  Metaspace       used 34412K, committed 35584K, reserved 1114112K
[2025-06-17T23:26:22.777+0300][7692][9664 ][debug][gc,heap  ] GC(26)   class space    used 2864K, committed 3328K, reserved 1048576K
[2025-06-17T23:26:22.777+0300][7692][9664 ][info ][safepoint] Safepoint "ParallelGCFailedAllocation", Time since last: 1789859300 ns, Reaching safepoint: 312400 ns, Cleanup: 12500 ns, At safepoint: 4906700 ns, Total: 5231600 ns
[2025-06-17T23:26:28.804+0300][7692][9664 ][debug][safepoint] Safepoint synchronization initiated using striped semaphore wait barrier. (32 threads)
[2025-06-17T23:26:28.804+0300][7692][9664 ][info ][safepoint] Safepoint "Cleanup", Time since last: 6021256700 ns, Reaching safepoint: 205300 ns, Cleanup: 72000 ns, At safepoint: 42700 ns, Total: 320000 ns
[2025-06-17T23:26:45.663+0300][7692][9664 ][debug][safepoint] Safepoint synchronization initiated using striped semaphore wait barrier. (32 threads)
[2025-06-17T23:26:45.663+0300][7692][9664 ][debug][gc,heap  ] GC(27) Heap before GC invocations=28 (full 4):
[2025-06-17T23:26:45.663+0300][7692][9664 ][debug][gc,heap  ] GC(27)  PSYoungGen      total 692736K, used 687024K [0x00000000d5580000, 0x0000000100000000, 0x0000000100000000)
[2025-06-17T23:26:45.663+0300][7692][9664 ][debug][gc,heap  ] GC(27)   eden space 686592K, 100% used [0x00000000d5580000,0x00000000ff400000,0x00000000ff400000)
[2025-06-17T23:26:45.663+0300][7692][9664 ][debug][gc,heap  ] GC(27)   from space 6144K, 7% used [0x00000000ff400000,0x00000000ff46c010,0x00000000ffa00000)
[2025-06-17T23:26:45.663+0300][7692][9664 ][debug][gc,heap  ] GC(27)   to   space 6144K, 0% used [0x00000000ffa00000,0x00000000ffa00000,0x0000000100000000)
[2025-06-17T23:26:45.663+0300][7692][9664 ][debug][gc,heap  ] GC(27)  ParOldGen       total 1398272K, used 16102K [0x0000000080000000, 0x00000000d5580000, 0x00000000d5580000)
[2025-06-17T23:26:45.663+0300][7692][9664 ][debug][gc,heap  ] GC(27)   object space 1398272K, 1% used [0x0000000080000000,0x0000000080fb9848,0x00000000d5580000)
[2025-06-17T23:26:45.663+0300][7692][9664 ][debug][gc,heap  ] GC(27)  Metaspace       used 34413K, committed 35584K, reserved 1114112K
[2025-06-17T23:26:45.663+0300][7692][9664 ][debug][gc,heap  ] GC(27)   class space    used 2864K, committed 3328K, reserved 1048576K
[2025-06-17T23:26:45.663+0300][7692][9664 ][debug][gc,phases] GC(27) Scavenge 0.657ms
[2025-06-17T23:26:45.663+0300][7692][9664 ][debug][gc,phases] GC(27) Reference Processing 0.068ms
[2025-06-17T23:26:45.663+0300][7692][9664 ][debug][gc,phases] GC(27)   VM Weak                        Min:  0.0, Avg:  0.0, Max:  0.0, Diff:  0.0, Sum:  0.0, Workers: 8
[2025-06-17T23:26:45.663+0300][7692][9664 ][debug][gc,phases] GC(27)     Dead                           Min: 0, Avg:  0.0, Max: 0, Diff: 0, Sum: 0, Workers: 8
[2025-06-17T23:26:45.663+0300][7692][9664 ][debug][gc,phases] GC(27)     Total                          Min: 0, Avg: 49.6, Max: 388, Diff: 388, Sum: 397, Workers: 8
[2025-06-17T23:26:45.663+0300][7692][9664 ][debug][gc,phases] GC(27)   ObjectSynchronizer Weak        Min:  0.0, Avg:  0.0, Max:  0.0, Diff:  0.0, Sum:  0.0, Workers: 8
[2025-06-17T23:26:45.663+0300][7692][9664 ][debug][gc,phases] GC(27)     Dead                           Min: 0, Avg:  0.0, Max: 0, Diff: 0, Sum: 0, Workers: 8
[2025-06-17T23:26:45.663+0300][7692][9664 ][debug][gc,phases] GC(27)     Total                          Min: 0, Avg:  6.6, Max: 35, Diff: 35, Sum: 53, Workers: 8
[2025-06-17T23:26:45.663+0300][7692][9664 ][debug][gc,phases] GC(27)   JVMTI Tag Weak OopStorage      Min:  0.0, Avg:  0.0, Max:  0.0, Diff:  0.0, Sum:  0.0, Workers: 8
[2025-06-17T23:26:45.663+0300][7692][9664 ][debug][gc,phases] GC(27)     Dead                           Min: 0, Avg:  0.0, Max: 0, Diff: 0, Sum: 0, Workers: 8
[2025-06-17T23:26:45.663+0300][7692][9664 ][debug][gc,phases] GC(27)     Total                          Min: 0, Avg:  0.0, Max: 0, Diff: 0, Sum: 0, Workers: 8
[2025-06-17T23:26:45.663+0300][7692][9664 ][debug][gc,phases] GC(27)   StringTable Weak               Min:  0.0, Avg:  0.1, Max:  0.1, Diff:  0.1, Sum:  0.5, Workers: 8
[2025-06-17T23:26:45.663+0300][7692][9664 ][debug][gc,phases] GC(27)     Dead                           Min: 0, Avg:  0.0, Max: 0, Diff: 0, Sum: 0, Workers: 8
[2025-06-17T23:26:45.663+0300][7692][9664 ][debug][gc,phases] GC(27)     Total                          Min: 1600, Avg: 3485.1, Max: 8128, Diff: 6528, Sum: 27881, Workers: 8
[2025-06-17T23:26:45.663+0300][7692][9664 ][debug][gc,phases] GC(27)   ResolvedMethodTable Weak       Min:  0.0, Avg:  0.0, Max:  0.0, Diff:  0.0, Sum:  0.0, Workers: 8
[2025-06-17T23:26:45.663+0300][7692][9664 ][debug][gc,phases] GC(27)     Dead                           Min: 0, Avg:  0.0, Max: 0, Diff: 0, Sum: 0, Workers: 8
[2025-06-17T23:26:45.663+0300][7692][9664 ][debug][gc,phases] GC(27)     Total                          Min: 146, Avg: 226.1, Max: 256, Diff: 110, Sum: 1809, Workers: 8
[2025-06-17T23:26:45.663+0300][7692][9664 ][debug][gc,phases] GC(27)   JNI Weak                       Min:  0.0, Avg:  0.0, Max:  0.0, Diff:  0.0, Sum:  0.0, Workers: 8
[2025-06-17T23:26:45.663+0300][7692][9664 ][debug][gc,phases] GC(27)     Dead                           Min: 0, Avg:  0.0, Max: 0, Diff: 0, Sum: 0, Workers: 8
[2025-06-17T23:26:45.663+0300][7692][9664 ][debug][gc,phases] GC(27)     Total                          Min: 0, Avg:  0.0, Max: 0, Diff: 0, Sum: 0, Workers: 8
[2025-06-17T23:26:45.663+0300][7692][9664 ][debug][gc,phases] GC(27)   StringDedup Table Weak         Min:  0.0, Avg:  0.0, Max:  0.0, Diff:  0.0, Sum:  0.0, Workers: 8
[2025-06-17T23:26:45.663+0300][7692][9664 ][debug][gc,phases] GC(27)     Dead                           Min: 0, Avg:  0.0, Max: 0, Diff: 0, Sum: 0, Workers: 8
[2025-06-17T23:26:45.663+0300][7692][9664 ][debug][gc,phases] GC(27)     Total                          Min: 0, Avg:  0.0, Max: 0, Diff: 0, Sum: 0, Workers: 8
[2025-06-17T23:26:45.663+0300][7692][9664 ][debug][gc,phases] GC(27)   StringDedup Requests0 Weak     Min:  0.0, Avg:  0.0, Max:  0.0, Diff:  0.0, Sum:  0.0, Workers: 8
[2025-06-17T23:26:45.663+0300][7692][9664 ][debug][gc,phases] GC(27)     Dead                           Min: 0, Avg:  0.0, Max: 0, Diff: 0, Sum: 0, Workers: 8
[2025-06-17T23:26:45.663+0300][7692][9664 ][debug][gc,phases] GC(27)     Total                          Min: 0, Avg:  0.0, Max: 0, Diff: 0, Sum: 0, Workers: 8
[2025-06-17T23:26:45.663+0300][7692][9664 ][debug][gc,phases] GC(27)   StringDedup Requests1 Weak     Min:  0.0, Avg:  0.0, Max:  0.0, Diff:  0.0, Sum:  0.0, Workers: 8
[2025-06-17T23:26:45.663+0300][7692][9664 ][debug][gc,phases] GC(27)     Dead                           Min: 0, Avg:  0.0, Max: 0, Diff: 0, Sum: 0, Workers: 8
[2025-06-17T23:26:45.663+0300][7692][9664 ][debug][gc,phases] GC(27)     Total                          Min: 0, Avg:  0.0, Max: 0, Diff: 0, Sum: 0, Workers: 8
[2025-06-17T23:26:45.663+0300][7692][9664 ][debug][gc,phases] GC(27)   Weak JFR Old Object Samples    Min:  0.0, Avg:  0.0, Max:  0.0, Diff:  0.0, Sum:  0.0, Workers: 8
[2025-06-17T23:26:45.663+0300][7692][9664 ][debug][gc,phases] GC(27)     Dead                           Min: 0, Avg:  0.0, Max: 0, Diff: 0, Sum: 0, Workers: 8
[2025-06-17T23:26:45.663+0300][7692][9664 ][debug][gc,phases] GC(27)     Total                          Min: 0, Avg:  0.0, Max: 0, Diff: 0, Sum: 0, Workers: 8
[2025-06-17T23:26:45.663+0300][7692][9664 ][debug][gc,phases] GC(27) Weak Processing 1.211ms
[2025-06-17T23:26:45.663+0300][7692][9664 ][info ][gc,heap  ] GC(27) PSYoungGen: 687024K(692736K)->352K(693248K) Eden: 686592K(686592K)->0K(687104K) From: 432K(6144K)->352K(6144K)
[2025-06-17T23:26:45.663+0300][7692][9664 ][info ][gc,heap  ] GC(27) ParOldGen: 16102K(1398272K)->16142K(1398272K)
[2025-06-17T23:26:45.663+0300][7692][9664 ][info ][gc       ] GC(27) Pause Young (Allocation Failure) 686M->16M(2042M) 2.164ms
[2025-06-17T23:26:45.663+0300][7692][9664 ][debug][gc,heap  ] GC(27) Heap after GC invocations=28 (full 4):
[2025-06-17T23:26:45.663+0300][7692][9664 ][debug][gc,heap  ] GC(27)  PSYoungGen      total 693248K, used 352K [0x00000000d5580000, 0x0000000100000000, 0x0000000100000000)
[2025-06-17T23:26:45.663+0300][7692][9664 ][debug][gc,heap  ] GC(27)   eden space 687104K, 0% used [0x00000000d5580000,0x00000000d5580000,0x00000000ff480000)
[2025-06-17T23:26:45.663+0300][7692][9664 ][debug][gc,heap  ] GC(27)   from space 6144K, 5% used [0x00000000ffa00000,0x00000000ffa58000,0x0000000100000000)
[2025-06-17T23:26:45.663+0300][7692][9664 ][debug][gc,heap  ] GC(27)   to   space 5632K, 0% used [0x00000000ff480000,0x00000000ff480000,0x00000000ffa00000)
[2025-06-17T23:26:45.663+0300][7692][9664 ][debug][gc,heap  ] GC(27)  ParOldGen       total 1398272K, used 16142K [0x0000000080000000, 0x00000000d5580000, 0x00000000d5580000)
[2025-06-17T23:26:45.663+0300][7692][9664 ][debug][gc,heap  ] GC(27)   object space 1398272K, 1% used [0x0000000080000000,0x0000000080fc3848,0x00000000d5580000)
[2025-06-17T23:26:45.663+0300][7692][9664 ][debug][gc,heap  ] GC(27)  Metaspace       used 34413K, committed 35584K, reserved 1114112K
[2025-06-17T23:26:45.663+0300][7692][9664 ][debug][gc,heap  ] GC(27)   class space    used 2864K, committed 3328K, reserved 1048576K
[2025-06-17T23:26:45.663+0300][7692][9664 ][info ][safepoint] Safepoint "ParallelGCFailedAllocation", Time since last: 16860715600 ns, Reaching safepoint: 142000 ns, Cleanup: 32200 ns, At safepoint: 2901700 ns, Total: 3075900 ns
[2025-06-17T23:27:08.696+0300][7692][9664 ][debug][safepoint] Safepoint synchronization initiated using striped semaphore wait barrier. (32 threads)
[2025-06-17T23:27:08.696+0300][7692][9664 ][debug][gc,heap  ] GC(28) Heap before GC invocations=29 (full 4):
[2025-06-17T23:27:08.696+0300][7692][9664 ][debug][gc,heap  ] GC(28)  PSYoungGen      total 693248K, used 687456K [0x00000000d5580000, 0x0000000100000000, 0x0000000100000000)
[2025-06-17T23:27:08.696+0300][7692][9664 ][debug][gc,heap  ] GC(28)   eden space 687104K, 100% used [0x00000000d5580000,0x00000000ff480000,0x00000000ff480000)
[2025-06-17T23:27:08.696+0300][7692][9664 ][debug][gc,heap  ] GC(28)   from space 6144K, 5% used [0x00000000ffa00000,0x00000000ffa58000,0x0000000100000000)
[2025-06-17T23:27:08.696+0300][7692][9664 ][debug][gc,heap  ] GC(28)   to   space 5632K, 0% used [0x00000000ff480000,0x00000000ff480000,0x00000000ffa00000)
[2025-06-17T23:27:08.696+0300][7692][9664 ][debug][gc,heap  ] GC(28)  ParOldGen       total 1398272K, used 16142K [0x0000000080000000, 0x00000000d5580000, 0x00000000d5580000)
[2025-06-17T23:27:08.696+0300][7692][9664 ][debug][gc,heap  ] GC(28)   object space 1398272K, 1% used [0x0000000080000000,0x0000000080fc3848,0x00000000d5580000)
[2025-06-17T23:27:08.696+0300][7692][9664 ][debug][gc,heap  ] GC(28)  Metaspace       used 34413K, committed 35584K, reserved 1114112K
[2025-06-17T23:27:08.696+0300][7692][9664 ][debug][gc,heap  ] GC(28)   class space    used 2864K, committed 3328K, reserved 1048576K
[2025-06-17T23:27:08.696+0300][7692][9664 ][debug][gc,phases] GC(28) Scavenge 0.435ms
[2025-06-17T23:27:08.696+0300][7692][9664 ][debug][gc,phases] GC(28) Reference Processing 0.051ms
[2025-06-17T23:27:08.696+0300][7692][9664 ][debug][gc,phases] GC(28)   VM Weak                        Min:  0.0, Avg:  0.0, Max:  0.0, Diff:  0.0, Sum:  0.0, Workers: 8
[2025-06-17T23:27:08.696+0300][7692][9664 ][debug][gc,phases] GC(28)     Dead                           Min: 0, Avg:  0.0, Max: 0, Diff: 0, Sum: 0, Workers: 8
[2025-06-17T23:27:08.696+0300][7692][9664 ][debug][gc,phases] GC(28)     Total                          Min: 0, Avg: 49.6, Max: 388, Diff: 388, Sum: 397, Workers: 8
[2025-06-17T23:27:08.696+0300][7692][9664 ][debug][gc,phases] GC(28)   ObjectSynchronizer Weak        Min:  0.0, Avg:  0.0, Max:  0.0, Diff:  0.0, Sum:  0.0, Workers: 8
[2025-06-17T23:27:08.696+0300][7692][9664 ][debug][gc,phases] GC(28)     Dead                           Min: 0, Avg:  0.0, Max: 0, Diff: 0, Sum: 0, Workers: 8
[2025-06-17T23:27:08.696+0300][7692][9664 ][debug][gc,phases] GC(28)     Total                          Min: 0, Avg:  7.0, Max: 35, Diff: 35, Sum: 56, Workers: 8
[2025-06-17T23:27:08.696+0300][7692][9664 ][debug][gc,phases] GC(28)   JVMTI Tag Weak OopStorage      Min:  0.0, Avg:  0.0, Max:  0.0, Diff:  0.0, Sum:  0.0, Workers: 8
[2025-06-17T23:27:08.696+0300][7692][9664 ][debug][gc,phases] GC(28)     Dead                           Min: 0, Avg:  0.0, Max: 0, Diff: 0, Sum: 0, Workers: 8
[2025-06-17T23:27:08.696+0300][7692][9664 ][debug][gc,phases] GC(28)     Total                          Min: 0, Avg:  0.0, Max: 0, Diff: 0, Sum: 0, Workers: 8
[2025-06-17T23:27:08.696+0300][7692][9664 ][debug][gc,phases] GC(28)   StringTable Weak               Min:  0.0, Avg:  0.0, Max:  0.1, Diff:  0.1, Sum:  0.3, Workers: 8
[2025-06-17T23:27:08.696+0300][7692][9664 ][debug][gc,phases] GC(28)     Dead                           Min: 0, Avg:  0.0, Max: 0, Diff: 0, Sum: 0, Workers: 8
[2025-06-17T23:27:08.696+0300][7692][9664 ][debug][gc,phases] GC(28)     Total                          Min: 1856, Avg: 3485.1, Max: 8177, Diff: 6321, Sum: 27881, Workers: 8
[2025-06-17T23:27:08.696+0300][7692][9664 ][debug][gc,phases] GC(28)   ResolvedMethodTable Weak       Min:  0.0, Avg:  0.0, Max:  0.0, Diff:  0.0, Sum:  0.0, Workers: 8
[2025-06-17T23:27:08.696+0300][7692][9664 ][debug][gc,phases] GC(28)     Dead                           Min: 0, Avg:  0.0, Max: 0, Diff: 0, Sum: 0, Workers: 8
[2025-06-17T23:27:08.696+0300][7692][9664 ][debug][gc,phases] GC(28)     Total                          Min: 146, Avg: 226.1, Max: 320, Diff: 174, Sum: 1809, Workers: 8
[2025-06-17T23:27:08.696+0300][7692][9664 ][debug][gc,phases] GC(28)   JNI Weak                       Min:  0.0, Avg:  0.0, Max:  0.0, Diff:  0.0, Sum:  0.0, Workers: 8
[2025-06-17T23:27:08.696+0300][7692][9664 ][debug][gc,phases] GC(28)     Dead                           Min: 0, Avg:  0.0, Max: 0, Diff: 0, Sum: 0, Workers: 8
[2025-06-17T23:27:08.696+0300][7692][9664 ][debug][gc,phases] GC(28)     Total                          Min: 0, Avg:  0.0, Max: 0, Diff: 0, Sum: 0, Workers: 8
[2025-06-17T23:27:08.696+0300][7692][9664 ][debug][gc,phases] GC(28)   StringDedup Table Weak         Min:  0.0, Avg:  0.0, Max:  0.0, Diff:  0.0, Sum:  0.0, Workers: 8
[2025-06-17T23:27:08.696+0300][7692][9664 ][debug][gc,phases] GC(28)     Dead                           Min: 0, Avg:  0.0, Max: 0, Diff: 0, Sum: 0, Workers: 8
[2025-06-17T23:27:08.696+0300][7692][9664 ][debug][gc,phases] GC(28)     Total                          Min: 0, Avg:  0.0, Max: 0, Diff: 0, Sum: 0, Workers: 8
[2025-06-17T23:27:08.696+0300][7692][9664 ][debug][gc,phases] GC(28)   StringDedup Requests0 Weak     Min:  0.0, Avg:  0.0, Max:  0.0, Diff:  0.0, Sum:  0.0, Workers: 8
[2025-06-17T23:27:08.696+0300][7692][9664 ][debug][gc,phases] GC(28)     Dead                           Min: 0, Avg:  0.0, Max: 0, Diff: 0, Sum: 0, Workers: 8
[2025-06-17T23:27:08.696+0300][7692][9664 ][debug][gc,phases] GC(28)     Total                          Min: 0, Avg:  0.0, Max: 0, Diff: 0, Sum: 0, Workers: 8
[2025-06-17T23:27:08.696+0300][7692][9664 ][debug][gc,phases] GC(28)   StringDedup Requests1 Weak     Min:  0.0, Avg:  0.0, Max:  0.0, Diff:  0.0, Sum:  0.0, Workers: 8
[2025-06-17T23:27:08.696+0300][7692][9664 ][debug][gc,phases] GC(28)     Dead                           Min: 0, Avg:  0.0, Max: 0, Diff: 0, Sum: 0, Workers: 8
[2025-06-17T23:27:08.696+0300][7692][9664 ][debug][gc,phases] GC(28)     Total                          Min: 0, Avg:  0.0, Max: 0, Diff: 0, Sum: 0, Workers: 8
[2025-06-17T23:27:08.696+0300][7692][9664 ][debug][gc,phases] GC(28)   Weak JFR Old Object Samples    Min:  0.0, Avg:  0.0, Max:  0.0, Diff:  0.0, Sum:  0.0, Workers: 8
[2025-06-17T23:27:08.696+0300][7692][9664 ][debug][gc,phases] GC(28)     Dead                           Min: 0, Avg:  0.0, Max: 0, Diff: 0, Sum: 0, Workers: 8
[2025-06-17T23:27:08.696+0300][7692][9664 ][debug][gc,phases] GC(28)     Total                          Min: 0, Avg:  0.0, Max: 0, Diff: 0, Sum: 0, Workers: 8
[2025-06-17T23:27:08.696+0300][7692][9664 ][debug][gc,phases] GC(28) Weak Processing 0.691ms
[2025-06-17T23:27:08.696+0300][7692][9664 ][info ][gc,heap  ] GC(28) PSYoungGen: 687456K(693248K)->352K(692736K) Eden: 687104K(687104K)->0K(687104K) From: 352K(6144K)->352K(5632K)
[2025-06-17T23:27:08.696+0300][7692][9664 ][info ][gc,heap  ] GC(28) ParOldGen: 16142K(1398272K)->16190K(1398272K)
[2025-06-17T23:27:08.696+0300][7692][9664 ][info ][gc       ] GC(28) Pause Young (Allocation Failure) 687M->16M(2042M) 1.331ms
[2025-06-17T23:27:08.696+0300][7692][9664 ][debug][gc,heap  ] GC(28) Heap after GC invocations=29 (full 4):
[2025-06-17T23:27:08.696+0300][7692][9664 ][debug][gc,heap  ] GC(28)  PSYoungGen      total 692736K, used 352K [0x00000000d5580000, 0x0000000100000000, 0x0000000100000000)
[2025-06-17T23:27:08.696+0300][7692][9664 ][debug][gc,heap  ] GC(28)   eden space 687104K, 0% used [0x00000000d5580000,0x00000000d5580000,0x00000000ff480000)
[2025-06-17T23:27:08.696+0300][7692][9664 ][debug][gc,heap  ] GC(28)   from space 5632K, 6% used [0x00000000ff480000,0x00000000ff4d8000,0x00000000ffa00000)
[2025-06-17T23:27:08.696+0300][7692][9664 ][debug][gc,heap  ] GC(28)   to   space 5632K, 0% used [0x00000000ffa80000,0x00000000ffa80000,0x0000000100000000)
[2025-06-17T23:27:08.696+0300][7692][9664 ][debug][gc,heap  ] GC(28)  ParOldGen       total 1398272K, used 16190K [0x0000000080000000, 0x00000000d5580000, 0x00000000d5580000)
[2025-06-17T23:27:08.696+0300][7692][9664 ][debug][gc,heap  ] GC(28)   object space 1398272K, 1% used [0x0000000080000000,0x0000000080fcf848,0x00000000d5580000)
[2025-06-17T23:27:08.696+0300][7692][9664 ][debug][gc,heap  ] GC(28)  Metaspace       used 34413K, committed 35584K, reserved 1114112K
[2025-06-17T23:27:08.696+0300][7692][9664 ][debug][gc,heap  ] GC(28)   class space    used 2864K, committed 3328K, reserved 1048576K
[2025-06-17T23:27:08.696+0300][7692][9664 ][info ][safepoint] Safepoint "ParallelGCFailedAllocation", Time since last: 23027663100 ns, Reaching safepoint: 154600 ns, Cleanup: 19500 ns, At safepoint: 1749600 ns, Total: 1923700 ns
[2025-06-17T23:27:14.744+0300][7692][9664 ][debug][safepoint] Safepoint synchronization initiated using striped semaphore wait barrier. (32 threads)
[2025-06-17T23:27:14.744+0300][7692][9664 ][info ][safepoint] Safepoint "Cleanup", Time since last: 6046137600 ns, Reaching safepoint: 119600 ns, Cleanup: 26000 ns, At safepoint: 13600 ns, Total: 159200 ns
[2025-06-17T23:27:24.300+0300][7692][9664 ][debug][safepoint] Safepoint synchronization initiated using striped semaphore wait barrier. (32 threads)
[2025-06-17T23:27:24.300+0300][7692][9664 ][info ][safepoint] Safepoint "Cleanup", Time since last: 9555521100 ns, Reaching safepoint: 145400 ns, Cleanup: 38100 ns, At safepoint: 47400 ns, Total: 230900 ns
[2025-06-17T23:27:26.307+0300][7692][9664 ][debug][safepoint] Safepoint synchronization initiated using striped semaphore wait barrier. (32 threads)
[2025-06-17T23:27:26.307+0300][7692][9664 ][info ][safepoint] Safepoint "Cleanup", Time since last: 2006616200 ns, Reaching safepoint: 156200 ns, Cleanup: 32200 ns, At safepoint: 25800 ns, Total: 214200 ns
[2025-06-17T23:27:29.339+0300][7692][9664 ][debug][safepoint] Safepoint synchronization initiated using striped semaphore wait barrier. (32 threads)
[2025-06-17T23:27:29.340+0300][7692][9664 ][info ][safepoint] Safepoint "Cleanup", Time since last: 3032357400 ns, Reaching safepoint: 159500 ns, Cleanup: 38000 ns, At safepoint: 20400 ns, Total: 217900 ns
[2025-06-17T23:27:31.440+0300][7692][9664 ][debug][safepoint] Safepoint synchronization initiated using striped semaphore wait barrier. (32 threads)
[2025-06-17T23:27:31.440+0300][7692][9664 ][debug][gc,heap  ] GC(29) Heap before GC invocations=30 (full 4):
[2025-06-17T23:27:31.440+0300][7692][9664 ][debug][gc,heap  ] GC(29)  PSYoungGen      total 692736K, used 687456K [0x00000000d5580000, 0x0000000100000000, 0x0000000100000000)
[2025-06-17T23:27:31.440+0300][7692][9664 ][debug][gc,heap  ] GC(29)   eden space 687104K, 100% used [0x00000000d5580000,0x00000000ff480000,0x00000000ff480000)
[2025-06-17T23:27:31.440+0300][7692][9664 ][debug][gc,heap  ] GC(29)   from space 5632K, 6% used [0x00000000ff480000,0x00000000ff4d8000,0x00000000ffa00000)
[2025-06-17T23:27:31.440+0300][7692][9664 ][debug][gc,heap  ] GC(29)   to   space 5632K, 0% used [0x00000000ffa80000,0x00000000ffa80000,0x0000000100000000)
[2025-06-17T23:27:31.440+0300][7692][9664 ][debug][gc,heap  ] GC(29)  ParOldGen       total 1398272K, used 16190K [0x0000000080000000, 0x00000000d5580000, 0x00000000d5580000)
[2025-06-17T23:27:31.440+0300][7692][9664 ][debug][gc,heap  ] GC(29)   object space 1398272K, 1% used [0x0000000080000000,0x0000000080fcf848,0x00000000d5580000)
[2025-06-17T23:27:31.440+0300][7692][9664 ][debug][gc,heap  ] GC(29)  Metaspace       used 34414K, committed 35584K, reserved 1114112K
[2025-06-17T23:27:31.440+0300][7692][9664 ][debug][gc,heap  ] GC(29)   class space    used 2864K, committed 3328K, reserved 1048576K
[2025-06-17T23:27:31.440+0300][7692][9664 ][debug][gc,phases] GC(29) Scavenge 0.527ms
[2025-06-17T23:27:31.440+0300][7692][9664 ][debug][gc,phases] GC(29) Reference Processing 0.072ms
[2025-06-17T23:27:31.440+0300][7692][9664 ][debug][gc,phases] GC(29)   VM Weak                        Min:  0.0, Avg:  0.0, Max:  0.0, Diff:  0.0, Sum:  0.0, Workers: 8
[2025-06-17T23:27:31.440+0300][7692][9664 ][debug][gc,phases] GC(29)     Dead                           Min: 0, Avg:  0.0, Max: 0, Diff: 0, Sum: 0, Workers: 8
[2025-06-17T23:27:31.440+0300][7692][9664 ][debug][gc,phases] GC(29)     Total                          Min: 0, Avg: 49.6, Max: 397, Diff: 397, Sum: 397, Workers: 8
[2025-06-17T23:27:31.440+0300][7692][9664 ][debug][gc,phases] GC(29)   ObjectSynchronizer Weak        Min:  0.0, Avg:  0.0, Max:  0.0, Diff:  0.0, Sum:  0.0, Workers: 8
[2025-06-17T23:27:31.440+0300][7692][9664 ][debug][gc,phases] GC(29)     Dead                           Min: 0, Avg:  0.0, Max: 0, Diff: 0, Sum: 0, Workers: 8
[2025-06-17T23:27:31.440+0300][7692][9664 ][debug][gc,phases] GC(29)     Total                          Min: 0, Avg:  4.6, Max: 37, Diff: 37, Sum: 37, Workers: 8
[2025-06-17T23:27:31.440+0300][7692][9664 ][debug][gc,phases] GC(29)   JVMTI Tag Weak OopStorage      Min:  0.0, Avg:  0.0, Max:  0.0, Diff:  0.0, Sum:  0.0, Workers: 8
[2025-06-17T23:27:31.440+0300][7692][9664 ][debug][gc,phases] GC(29)     Dead                           Min: 0, Avg:  0.0, Max: 0, Diff: 0, Sum: 0, Workers: 8
[2025-06-17T23:27:31.440+0300][7692][9664 ][debug][gc,phases] GC(29)     Total                          Min: 0, Avg:  0.0, Max: 0, Diff: 0, Sum: 0, Workers: 8
[2025-06-17T23:27:31.440+0300][7692][9664 ][debug][gc,phases] GC(29)   StringTable Weak               Min:  0.0, Avg:  0.1, Max:  0.1, Diff:  0.1, Sum:  0.5, Workers: 8
[2025-06-17T23:27:31.440+0300][7692][9664 ][debug][gc,phases] GC(29)     Dead                           Min: 0, Avg:  0.0, Max: 0, Diff: 0, Sum: 0, Workers: 8
[2025-06-17T23:27:31.440+0300][7692][9664 ][debug][gc,phases] GC(29)     Total                          Min: 1920, Avg: 3486.8, Max: 7552, Diff: 5632, Sum: 27894, Workers: 8
[2025-06-17T23:27:31.440+0300][7692][9664 ][debug][gc,phases] GC(29)   ResolvedMethodTable Weak       Min:  0.0, Avg:  0.0, Max:  0.0, Diff:  0.0, Sum:  0.0, Workers: 8
[2025-06-17T23:27:31.440+0300][7692][9664 ][debug][gc,phases] GC(29)     Dead                           Min: 0, Avg:  0.0, Max: 0, Diff: 0, Sum: 0, Workers: 8
[2025-06-17T23:27:31.440+0300][7692][9664 ][debug][gc,phases] GC(29)     Total                          Min: 191, Avg: 226.1, Max: 320, Diff: 129, Sum: 1809, Workers: 8
[2025-06-17T23:27:31.440+0300][7692][9664 ][debug][gc,phases] GC(29)   JNI Weak                       Min:  0.0, Avg:  0.0, Max:  0.0, Diff:  0.0, Sum:  0.0, Workers: 8
[2025-06-17T23:27:31.440+0300][7692][9664 ][debug][gc,phases] GC(29)     Dead                           Min: 0, Avg:  0.0, Max: 0, Diff: 0, Sum: 0, Workers: 8
[2025-06-17T23:27:31.440+0300][7692][9664 ][debug][gc,phases] GC(29)     Total                          Min: 0, Avg:  0.0, Max: 0, Diff: 0, Sum: 0, Workers: 8
[2025-06-17T23:27:31.440+0300][7692][9664 ][debug][gc,phases] GC(29)   StringDedup Table Weak         Min:  0.0, Avg:  0.0, Max:  0.0, Diff:  0.0, Sum:  0.0, Workers: 8
[2025-06-17T23:27:31.440+0300][7692][9664 ][debug][gc,phases] GC(29)     Dead                           Min: 0, Avg:  0.0, Max: 0, Diff: 0, Sum: 0, Workers: 8
[2025-06-17T23:27:31.440+0300][7692][9664 ][debug][gc,phases] GC(29)     Total                          Min: 0, Avg:  0.0, Max: 0, Diff: 0, Sum: 0, Workers: 8
[2025-06-17T23:27:31.440+0300][7692][9664 ][debug][gc,phases] GC(29)   StringDedup Requests0 Weak     Min:  0.0, Avg:  0.0, Max:  0.0, Diff:  0.0, Sum:  0.0, Workers: 8
[2025-06-17T23:27:31.440+0300][7692][9664 ][debug][gc,phases] GC(29)     Dead                           Min: 0, Avg:  0.0, Max: 0, Diff: 0, Sum: 0, Workers: 8
[2025-06-17T23:27:31.440+0300][7692][9664 ][debug][gc,phases] GC(29)     Total                          Min: 0, Avg:  0.0, Max: 0, Diff: 0, Sum: 0, Workers: 8
[2025-06-17T23:27:31.440+0300][7692][9664 ][debug][gc,phases] GC(29)   StringDedup Requests1 Weak     Min:  0.0, Avg:  0.0, Max:  0.0, Diff:  0.0, Sum:  0.0, Workers: 8
[2025-06-17T23:27:31.440+0300][7692][9664 ][debug][gc,phases] GC(29)     Dead                           Min: 0, Avg:  0.0, Max: 0, Diff: 0, Sum: 0, Workers: 8
[2025-06-17T23:27:31.440+0300][7692][9664 ][debug][gc,phases] GC(29)     Total                          Min: 0, Avg:  0.0, Max: 0, Diff: 0, Sum: 0, Workers: 8
[2025-06-17T23:27:31.440+0300][7692][9664 ][debug][gc,phases] GC(29)   Weak JFR Old Object Samples    Min:  0.0, Avg:  0.0, Max:  0.0, Diff:  0.0, Sum:  0.0, Workers: 8
[2025-06-17T23:27:31.440+0300][7692][9664 ][debug][gc,phases] GC(29)     Dead                           Min: 0, Avg:  0.0, Max: 0, Diff: 0, Sum: 0, Workers: 8
[2025-06-17T23:27:31.440+0300][7692][9664 ][debug][gc,phases] GC(29)     Total                          Min: 0, Avg:  0.0, Max: 0, Diff: 0, Sum: 0, Workers: 8
[2025-06-17T23:27:31.440+0300][7692][9664 ][debug][gc,phases] GC(29) Weak Processing 1.091ms
[2025-06-17T23:27:31.440+0300][7692][9664 ][info ][gc,heap  ] GC(29) PSYoungGen: 687456K(692736K)->320K(693760K) Eden: 687104K(687104K)->0K(688128K) From: 352K(5632K)->320K(5632K)
[2025-06-17T23:27:31.440+0300][7692][9664 ][info ][gc,heap  ] GC(29) ParOldGen: 16190K(1398272K)->16206K(1398272K)
[2025-06-17T23:27:31.440+0300][7692][9664 ][info ][gc       ] GC(29) Pause Young (Allocation Failure) 687M->16M(2043M) 1.902ms
[2025-06-17T23:27:31.440+0300][7692][9664 ][debug][gc,heap  ] GC(29) Heap after GC invocations=30 (full 4):
[2025-06-17T23:27:31.440+0300][7692][9664 ][debug][gc,heap  ] GC(29)  PSYoungGen      total 693760K, used 320K [0x00000000d5580000, 0x0000000100000000, 0x0000000100000000)
[2025-06-17T23:27:31.440+0300][7692][9664 ][debug][gc,heap  ] GC(29)   eden space 688128K, 0% used [0x00000000d5580000,0x00000000d5580000,0x00000000ff580000)
[2025-06-17T23:27:31.440+0300][7692][9664 ][debug][gc,heap  ] GC(29)   from space 5632K, 5% used [0x00000000ffa80000,0x00000000ffad0000,0x0000000100000000)
[2025-06-17T23:27:31.440+0300][7692][9664 ][debug][gc,heap  ] GC(29)   to   space 5120K, 0% used [0x00000000ff580000,0x00000000ff580000,0x00000000ffa80000)
[2025-06-17T23:27:31.440+0300][7692][9664 ][debug][gc,heap  ] GC(29)  ParOldGen       total 1398272K, used 16206K [0x0000000080000000, 0x00000000d5580000, 0x00000000d5580000)
[2025-06-17T23:27:31.440+0300][7692][9664 ][debug][gc,heap  ] GC(29)   object space 1398272K, 1% used [0x0000000080000000,0x0000000080fd3848,0x00000000d5580000)
[2025-06-17T23:27:31.440+0300][7692][9664 ][debug][gc,heap  ] GC(29)  Metaspace       used 34414K, committed 35584K, reserved 1114112K
[2025-06-17T23:27:31.440+0300][7692][9664 ][debug][gc,heap  ] GC(29)   class space    used 2864K, committed 3328K, reserved 1048576K
[2025-06-17T23:27:31.440+0300][7692][9664 ][info ][safepoint] Safepoint "ParallelGCFailedAllocation", Time since last: 2101336100 ns, Reaching safepoint: 103400 ns, Cleanup: 23600 ns, At safepoint: 2488600 ns, Total: 2615600 ns
[2025-06-17T23:27:36.469+0300][7692][9664 ][debug][safepoint] Safepoint synchronization initiated using striped semaphore wait barrier. (32 threads)
[2025-06-17T23:27:36.469+0300][7692][9664 ][info ][safepoint] Safepoint "Cleanup", Time since last: 5024953500 ns, Reaching safepoint: 120200 ns, Cleanup: 50500 ns, At safepoint: 55300 ns, Total: 226000 ns
[2025-06-17T23:27:42.500+0300][7692][9664 ][debug][safepoint] Safepoint synchronization initiated using striped semaphore wait barrier. (32 threads)
[2025-06-17T23:27:42.500+0300][7692][9664 ][info ][safepoint] Safepoint "Cleanup", Time since last: 6030884600 ns, Reaching safepoint: 153200 ns, Cleanup: 36900 ns, At safepoint: 12200 ns, Total: 202300 ns
[2025-06-17T23:27:43.513+0300][7692][9664 ][debug][safepoint] Safepoint synchronization initiated using striped semaphore wait barrier. (32 threads)
[2025-06-17T23:27:43.514+0300][7692][9664 ][info ][safepoint] Safepoint "Cleanup", Time since last: 1013798300 ns, Reaching safepoint: 149100 ns, Cleanup: 39700 ns, At safepoint: 20400 ns, Total: 209200 ns
[2025-06-17T23:27:44.521+0300][7692][9664 ][debug][safepoint] Safepoint synchronization initiated using striped semaphore wait barrier. (32 threads)
[2025-06-17T23:27:44.521+0300][7692][9664 ][info ][safepoint] Safepoint "Cleanup", Time since last: 1007086900 ns, Reaching safepoint: 169400 ns, Cleanup: 38200 ns, At safepoint: 16000 ns, Total: 223600 ns
[2025-06-17T23:27:47.536+0300][7692][9664 ][debug][safepoint] Safepoint synchronization initiated using striped semaphore wait barrier. (32 threads)
[2025-06-17T23:27:47.536+0300][7692][9664 ][info ][safepoint] Safepoint "Cleanup", Time since last: 3014590500 ns, Reaching safepoint: 77500 ns, Cleanup: 31000 ns, At safepoint: 2300 ns, Total: 110800 ns
[2025-06-17T23:27:48.549+0300][7692][9664 ][debug][safepoint] Safepoint synchronization initiated using striped semaphore wait barrier. (32 threads)
[2025-06-17T23:27:48.549+0300][7692][15544][debug][safepoint] ... found polling page loop exception at pc = 0x000001dbac7b17df, stub =0x000001dbab7e5600
[2025-06-17T23:27:48.549+0300][7692][9664 ][info ][safepoint] Safepoint "Cleanup", Time since last: 1013259400 ns, Reaching safepoint: 141500 ns, Cleanup: 19300 ns, At safepoint: 7300 ns, Total: 168100 ns
[2025-06-17T23:27:49.559+0300][7692][9664 ][debug][safepoint] Safepoint synchronization initiated using striped semaphore wait barrier. (32 threads)
[2025-06-17T23:27:49.559+0300][7692][9664 ][info ][safepoint] Safepoint "Cleanup", Time since last: 1009642600 ns, Reaching safepoint: 109600 ns, Cleanup: 30300 ns, At safepoint: 8500 ns, Total: 148400 ns
[2025-06-17T23:27:50.565+0300][7692][9664 ][debug][safepoint] Safepoint synchronization initiated using striped semaphore wait barrier. (32 threads)
[2025-06-17T23:27:50.565+0300][7692][17392][debug][safepoint] ... found polling page loop exception at pc = 0x000001dbac2a1cac, stub =0x000001dbab7e5600
[2025-06-17T23:27:50.565+0300][7692][9664 ][info ][safepoint] Safepoint "Cleanup", Time since last: 1005913600 ns, Reaching safepoint: 305700 ns, Cleanup: 36900 ns, At safepoint: 15200 ns, Total: 357800 ns
[2025-06-17T23:27:52.585+0300][7692][9664 ][debug][safepoint] Safepoint synchronization initiated using striped semaphore wait barrier. (32 threads)
[2025-06-17T23:27:52.585+0300][7692][9664 ][info ][safepoint] Safepoint "Cleanup", Time since last: 2019807400 ns, Reaching safepoint: 108100 ns, Cleanup: 24600 ns, At safepoint: 10600 ns, Total: 143300 ns
[2025-06-17T23:27:54.449+0300][7692][9664 ][debug][safepoint] Safepoint synchronization initiated using striped semaphore wait barrier. (32 threads)
[2025-06-17T23:27:54.449+0300][7692][9664 ][debug][gc,heap  ] GC(30) Heap before GC invocations=31 (full 4):
[2025-06-17T23:27:54.449+0300][7692][9664 ][debug][gc,heap  ] GC(30)  PSYoungGen      total 693760K, used 688448K [0x00000000d5580000, 0x0000000100000000, 0x0000000100000000)
[2025-06-17T23:27:54.449+0300][7692][9664 ][debug][gc,heap  ] GC(30)   eden space 688128K, 100% used [0x00000000d5580000,0x00000000ff580000,0x00000000ff580000)
[2025-06-17T23:27:54.449+0300][7692][9664 ][debug][gc,heap  ] GC(30)   from space 5632K, 5% used [0x00000000ffa80000,0x00000000ffad0000,0x0000000100000000)
[2025-06-17T23:27:54.449+0300][7692][9664 ][debug][gc,heap  ] GC(30)   to   space 5120K, 0% used [0x00000000ff580000,0x00000000ff580000,0x00000000ffa80000)
[2025-06-17T23:27:54.449+0300][7692][9664 ][debug][gc,heap  ] GC(30)  ParOldGen       total 1398272K, used 16206K [0x0000000080000000, 0x00000000d5580000, 0x00000000d5580000)
[2025-06-17T23:27:54.449+0300][7692][9664 ][debug][gc,heap  ] GC(30)   object space 1398272K, 1% used [0x0000000080000000,0x0000000080fd3848,0x00000000d5580000)
[2025-06-17T23:27:54.449+0300][7692][9664 ][debug][gc,heap  ] GC(30)  Metaspace       used 34414K, committed 35584K, reserved 1114112K
[2025-06-17T23:27:54.449+0300][7692][9664 ][debug][gc,heap  ] GC(30)   class space    used 2864K, committed 3328K, reserved 1048576K
[2025-06-17T23:27:54.449+0300][7692][9664 ][debug][gc,phases] GC(30) Scavenge 0.595ms
[2025-06-17T23:27:54.449+0300][7692][9664 ][debug][gc,phases] GC(30) Reference Processing 0.033ms
[2025-06-17T23:27:54.449+0300][7692][9664 ][debug][gc,phases] GC(30)   VM Weak                        Min:  0.0, Avg:  0.0, Max:  0.0, Diff:  0.0, Sum:  0.0, Workers: 8
[2025-06-17T23:27:54.449+0300][7692][9664 ][debug][gc,phases] GC(30)     Dead                           Min: 0, Avg:  0.0, Max: 0, Diff: 0, Sum: 0, Workers: 8
[2025-06-17T23:27:54.449+0300][7692][9664 ][debug][gc,phases] GC(30)     Total                          Min: 0, Avg: 49.6, Max: 397, Diff: 397, Sum: 397, Workers: 8
[2025-06-17T23:27:54.449+0300][7692][9664 ][debug][gc,phases] GC(30)   ObjectSynchronizer Weak        Min:  0.0, Avg:  0.0, Max:  0.0, Diff:  0.0, Sum:  0.0, Workers: 8
[2025-06-17T23:27:54.449+0300][7692][9664 ][debug][gc,phases] GC(30)     Dead                           Min: 0, Avg:  0.0, Max: 0, Diff: 0, Sum: 0, Workers: 8
[2025-06-17T23:27:54.449+0300][7692][9664 ][debug][gc,phases] GC(30)     Total                          Min: 0, Avg:  6.6, Max: 53, Diff: 53, Sum: 53, Workers: 8
[2025-06-17T23:27:54.449+0300][7692][9664 ][debug][gc,phases] GC(30)   JVMTI Tag Weak OopStorage      Min:  0.0, Avg:  0.0, Max:  0.0, Diff:  0.0, Sum:  0.0, Workers: 8
[2025-06-17T23:27:54.449+0300][7692][9664 ][debug][gc,phases] GC(30)     Dead                           Min: 0, Avg:  0.0, Max: 0, Diff: 0, Sum: 0, Workers: 8
[2025-06-17T23:27:54.449+0300][7692][9664 ][debug][gc,phases] GC(30)     Total                          Min: 0, Avg:  0.0, Max: 0, Diff: 0, Sum: 0, Workers: 8
[2025-06-17T23:27:54.449+0300][7692][9664 ][debug][gc,phases] GC(30)   StringTable Weak               Min:  0.0, Avg:  0.0, Max:  0.1, Diff:  0.1, Sum:  0.2, Workers: 8
[2025-06-17T23:27:54.449+0300][7692][9664 ][debug][gc,phases] GC(30)     Dead                           Min: 0, Avg:  0.0, Max: 0, Diff: 0, Sum: 0, Workers: 8
[2025-06-17T23:27:54.449+0300][7692][9664 ][debug][gc,phases] GC(30)     Total                          Min: 0, Avg: 3489.4, Max: 7360, Diff: 7360, Sum: 27915, Workers: 8
[2025-06-17T23:27:54.449+0300][7692][9664 ][debug][gc,phases] GC(30)   ResolvedMethodTable Weak       Min:  0.0, Avg:  0.0, Max:  0.0, Diff:  0.0, Sum:  0.0, Workers: 8
[2025-06-17T23:27:54.449+0300][7692][9664 ][debug][gc,phases] GC(30)     Dead                           Min: 0, Avg:  0.0, Max: 0, Diff: 0, Sum: 0, Workers: 8
[2025-06-17T23:27:54.449+0300][7692][9664 ][debug][gc,phases] GC(30)     Total                          Min: 0, Avg: 226.1, Max: 512, Diff: 512, Sum: 1809, Workers: 8
[2025-06-17T23:27:54.449+0300][7692][9664 ][debug][gc,phases] GC(30)   JNI Weak                       Min:  0.0, Avg:  0.0, Max:  0.0, Diff:  0.0, Sum:  0.0, Workers: 8
[2025-06-17T23:27:54.449+0300][7692][9664 ][debug][gc,phases] GC(30)     Dead                           Min: 0, Avg:  0.0, Max: 0, Diff: 0, Sum: 0, Workers: 8
[2025-06-17T23:27:54.449+0300][7692][9664 ][debug][gc,phases] GC(30)     Total                          Min: 0, Avg:  0.0, Max: 0, Diff: 0, Sum: 0, Workers: 8
[2025-06-17T23:27:54.449+0300][7692][9664 ][debug][gc,phases] GC(30)   StringDedup Table Weak         Min:  0.0, Avg:  0.0, Max:  0.0, Diff:  0.0, Sum:  0.0, Workers: 8
[2025-06-17T23:27:54.449+0300][7692][9664 ][debug][gc,phases] GC(30)     Dead                           Min: 0, Avg:  0.0, Max: 0, Diff: 0, Sum: 0, Workers: 8
[2025-06-17T23:27:54.449+0300][7692][9664 ][debug][gc,phases] GC(30)     Total                          Min: 0, Avg:  0.0, Max: 0, Diff: 0, Sum: 0, Workers: 8
[2025-06-17T23:27:54.449+0300][7692][9664 ][debug][gc,phases] GC(30)   StringDedup Requests0 Weak     Min:  0.0, Avg:  0.0, Max:  0.0, Diff:  0.0, Sum:  0.0, Workers: 8
[2025-06-17T23:27:54.449+0300][7692][9664 ][debug][gc,phases] GC(30)     Dead                           Min: 0, Avg:  0.0, Max: 0, Diff: 0, Sum: 0, Workers: 8
[2025-06-17T23:27:54.449+0300][7692][9664 ][debug][gc,phases] GC(30)     Total                          Min: 0, Avg:  0.0, Max: 0, Diff: 0, Sum: 0, Workers: 8
[2025-06-17T23:27:54.449+0300][7692][9664 ][debug][gc,phases] GC(30)   StringDedup Requests1 Weak     Min:  0.0, Avg:  0.0, Max:  0.0, Diff:  0.0, Sum:  0.0, Workers: 8
[2025-06-17T23:27:54.449+0300][7692][9664 ][debug][gc,phases] GC(30)     Dead                           Min: 0, Avg:  0.0, Max: 0, Diff: 0, Sum: 0, Workers: 8
[2025-06-17T23:27:54.449+0300][7692][9664 ][debug][gc,phases] GC(30)     Total                          Min: 0, Avg:  0.0, Max: 0, Diff: 0, Sum: 0, Workers: 8
[2025-06-17T23:27:54.449+0300][7692][9664 ][debug][gc,phases] GC(30)   Weak JFR Old Object Samples    Min:  0.0, Avg:  0.0, Max:  0.0, Diff:  0.0, Sum:  0.0, Workers: 8
[2025-06-17T23:27:54.449+0300][7692][9664 ][debug][gc,phases] GC(30)     Dead                           Min: 0, Avg:  0.0, Max: 0, Diff: 0, Sum: 0, Workers: 8
[2025-06-17T23:27:54.449+0300][7692][9664 ][debug][gc,phases] GC(30)     Total                          Min: 0, Avg:  0.0, Max: 0, Diff: 0, Sum: 0, Workers: 8
[2025-06-17T23:27:54.449+0300][7692][9664 ][debug][gc,phases] GC(30) Weak Processing 0.488ms
[2025-06-17T23:27:54.449+0300][7692][9664 ][info ][gc,heap  ] GC(30) PSYoungGen: 688448K(693760K)->416K(693248K) Eden: 688128K(688128K)->0K(688128K) From: 320K(5632K)->416K(5120K)
[2025-06-17T23:27:54.449+0300][7692][9664 ][info ][gc,heap  ] GC(30) ParOldGen: 16206K(1398272K)->16238K(1398272K)
[2025-06-17T23:27:54.449+0300][7692][9664 ][info ][gc       ] GC(30) Pause Young (Allocation Failure) 688M->16M(2042M) 1.215ms
[2025-06-17T23:27:54.449+0300][7692][9664 ][debug][gc,heap  ] GC(30) Heap after GC invocations=31 (full 4):
[2025-06-17T23:27:54.449+0300][7692][9664 ][debug][gc,heap  ] GC(30)  PSYoungGen      total 693248K, used 416K [0x00000000d5580000, 0x0000000100000000, 0x0000000100000000)
[2025-06-17T23:27:54.449+0300][7692][9664 ][debug][gc,heap  ] GC(30)   eden space 688128K, 0% used [0x00000000d5580000,0x00000000d5580000,0x00000000ff580000)
[2025-06-17T23:27:54.449+0300][7692][9664 ][debug][gc,heap  ] GC(30)   from space 5120K, 8% used [0x00000000ff580000,0x00000000ff5e8000,0x00000000ffa80000)
[2025-06-17T23:27:54.449+0300][7692][9664 ][debug][gc,heap  ] GC(30)   to   space 5120K, 0% used [0x00000000ffb00000,0x00000000ffb00000,0x0000000100000000)
[2025-06-17T23:27:54.449+0300][7692][9664 ][debug][gc,heap  ] GC(30)  ParOldGen       total 1398272K, used 16238K [0x0000000080000000, 0x00000000d5580000, 0x00000000d5580000)
[2025-06-17T23:27:54.449+0300][7692][9664 ][debug][gc,heap  ] GC(30)   object space 1398272K, 1% used [0x0000000080000000,0x0000000080fdb848,0x00000000d5580000)
[2025-06-17T23:27:54.449+0300][7692][9664 ][debug][gc,heap  ] GC(30)  Metaspace       used 34414K, committed 35584K, reserved 1114112K
[2025-06-17T23:27:54.449+0300][7692][9664 ][debug][gc,heap  ] GC(30)   class space    used 2864K, committed 3328K, reserved 1048576K
[2025-06-17T23:27:54.449+0300][7692][9664 ][info ][safepoint] Safepoint "ParallelGCFailedAllocation", Time since last: 1864008200 ns, Reaching safepoint: 172900 ns, Cleanup: 33700 ns, At safepoint: 1444000 ns, Total: 1650600 ns
[2025-06-17T23:27:59.494+0300][7692][9664 ][debug][safepoint] Safepoint synchronization initiated using striped semaphore wait barrier. (32 threads)
[2025-06-17T23:27:59.494+0300][7692][9664 ][info ][safepoint] Safepoint "Cleanup", Time since last: 5043141300 ns, Reaching safepoint: 214100 ns, Cleanup: 29900 ns, At safepoint: 13600 ns, Total: 257600 ns
[2025-06-17T23:28:00.506+0300][7692][9664 ][debug][safepoint] Safepoint synchronization initiated using striped semaphore wait barrier. (32 threads)
[2025-06-17T23:28:00.506+0300][7692][17392][debug][safepoint] ... found polling page loop exception at pc = 0x000001dbac1deaba, stub =0x000001dbab7e5600
[2025-06-17T23:28:00.506+0300][7692][9664 ][info ][safepoint] Safepoint "Cleanup", Time since last: 1012236200 ns, Reaching safepoint: 327400 ns, Cleanup: 30600 ns, At safepoint: 23200 ns, Total: 381200 ns
[2025-06-17T23:28:01.513+0300][7692][9664 ][debug][safepoint] Safepoint synchronization initiated using striped semaphore wait barrier. (32 threads)
[2025-06-17T23:28:01.513+0300][7692][9664 ][info ][safepoint] Safepoint "Cleanup", Time since last: 1006166900 ns, Reaching safepoint: 153700 ns, Cleanup: 63600 ns, At safepoint: 15600 ns, Total: 232900 ns
[2025-06-17T23:28:02.515+0300][7692][9664 ][debug][safepoint] Safepoint synchronization initiated using striped semaphore wait barrier. (32 threads)
[2025-06-17T23:28:02.515+0300][7692][15544][debug][safepoint] ... found polling page loop exception at pc = 0x000001dbac1de647, stub =0x000001dbab7e5600
[2025-06-17T23:28:02.515+0300][7692][9664 ][info ][safepoint] Safepoint "Cleanup", Time since last: 1001655300 ns, Reaching safepoint: 300600 ns, Cleanup: 19200 ns, At safepoint: 15200 ns, Total: 335000 ns
[2025-06-17T23:28:03.525+0300][7692][9664 ][debug][safepoint] Safepoint synchronization initiated using striped semaphore wait barrier. (32 threads)
[2025-06-17T23:28:03.525+0300][7692][17392][debug][safepoint] ... found polling page loop exception at pc = 0x000001dbac3a5514, stub =0x000001dbab7e5600
[2025-06-17T23:28:03.525+0300][7692][22000][debug][safepoint] ... found polling page loop exception at pc = 0x000001dbac8145b7, stub =0x000001dbab7e5600
[2025-06-17T23:28:03.525+0300][7692][9664 ][info ][safepoint] Safepoint "Cleanup", Time since last: 1010078600 ns, Reaching safepoint: 364600 ns, Cleanup: 28100 ns, At safepoint: 15800 ns, Total: 408500 ns
[2025-06-17T23:28:05.532+0300][7692][9664 ][debug][safepoint] Safepoint synchronization initiated using striped semaphore wait barrier. (32 threads)
[2025-06-17T23:28:05.532+0300][7692][9664 ][info ][safepoint] Safepoint "Cleanup", Time since last: 2006509300 ns, Reaching safepoint: 155000 ns, Cleanup: 48600 ns, At safepoint: 47300 ns, Total: 250900 ns
[2025-06-17T23:28:06.546+0300][7692][9664 ][debug][safepoint] Safepoint synchronization initiated using striped semaphore wait barrier. (32 threads)
[2025-06-17T23:28:06.546+0300][7692][9664 ][info ][safepoint] Safepoint "Cleanup", Time since last: 1013153400 ns, Reaching safepoint: 87700 ns, Cleanup: 18100 ns, At safepoint: 14900 ns, Total: 120700 ns
[2025-06-17T23:28:08.565+0300][7692][9664 ][debug][safepoint] Safepoint synchronization initiated using striped semaphore wait barrier. (32 threads)
[2025-06-17T23:28:08.565+0300][7692][9664 ][info ][safepoint] Safepoint "Cleanup", Time since last: 2019211900 ns, Reaching safepoint: 88700 ns, Cleanup: 13200 ns, At safepoint: 1400 ns, Total: 103300 ns
[2025-06-17T23:28:17.487+0300][7692][9664 ][debug][safepoint] Safepoint synchronization initiated using striped semaphore wait barrier. (32 threads)
[2025-06-17T23:28:17.487+0300][7692][9664 ][debug][gc,heap  ] GC(31) Heap before GC invocations=32 (full 4):
[2025-06-17T23:28:17.487+0300][7692][9664 ][debug][gc,heap  ] GC(31)  PSYoungGen      total 693248K, used 688544K [0x00000000d5580000, 0x0000000100000000, 0x0000000100000000)
[2025-06-17T23:28:17.487+0300][7692][9664 ][debug][gc,heap  ] GC(31)   eden space 688128K, 100% used [0x00000000d5580000,0x00000000ff580000,0x00000000ff580000)
[2025-06-17T23:28:17.487+0300][7692][9664 ][debug][gc,heap  ] GC(31)   from space 5120K, 8% used [0x00000000ff580000,0x00000000ff5e8000,0x00000000ffa80000)
[2025-06-17T23:28:17.487+0300][7692][9664 ][debug][gc,heap  ] GC(31)   to   space 5120K, 0% used [0x00000000ffb00000,0x00000000ffb00000,0x0000000100000000)
[2025-06-17T23:28:17.487+0300][7692][9664 ][debug][gc,heap  ] GC(31)  ParOldGen       total 1398272K, used 16238K [0x0000000080000000, 0x00000000d5580000, 0x00000000d5580000)
[2025-06-17T23:28:17.487+0300][7692][9664 ][debug][gc,heap  ] GC(31)   object space 1398272K, 1% used [0x0000000080000000,0x0000000080fdb848,0x00000000d5580000)
[2025-06-17T23:28:17.487+0300][7692][9664 ][debug][gc,heap  ] GC(31)  Metaspace       used 34415K, committed 35584K, reserved 1114112K
[2025-06-17T23:28:17.487+0300][7692][9664 ][debug][gc,heap  ] GC(31)   class space    used 2864K, committed 3328K, reserved 1048576K
[2025-06-17T23:28:17.487+0300][7692][9664 ][debug][gc,phases] GC(31) Scavenge 0.922ms
[2025-06-17T23:28:17.487+0300][7692][9664 ][debug][gc,phases] GC(31) Reference Processing 0.071ms
[2025-06-17T23:28:17.487+0300][7692][9664 ][debug][gc,phases] GC(31)   VM Weak                        Min:  0.0, Avg:  0.0, Max:  0.0, Diff:  0.0, Sum:  0.0, Workers: 8
[2025-06-17T23:28:17.487+0300][7692][9664 ][debug][gc,phases] GC(31)     Dead                           Min: 0, Avg:  0.0, Max: 0, Diff: 0, Sum: 0, Workers: 8
[2025-06-17T23:28:17.487+0300][7692][9664 ][debug][gc,phases] GC(31)     Total                          Min: 0, Avg: 49.6, Max: 397, Diff: 397, Sum: 397, Workers: 8
[2025-06-17T23:28:17.487+0300][7692][9664 ][debug][gc,phases] GC(31)   ObjectSynchronizer Weak        Min:  0.0, Avg:  0.0, Max:  0.0, Diff:  0.0, Sum:  0.0, Workers: 8
[2025-06-17T23:28:17.487+0300][7692][9664 ][debug][gc,phases] GC(31)     Dead                           Min: 0, Avg:  0.0, Max: 0, Diff: 0, Sum: 0, Workers: 8
[2025-06-17T23:28:17.487+0300][7692][9664 ][debug][gc,phases] GC(31)     Total                          Min: 0, Avg:  7.1, Max: 57, Diff: 57, Sum: 57, Workers: 8
[2025-06-17T23:28:17.487+0300][7692][9664 ][debug][gc,phases] GC(31)   JVMTI Tag Weak OopStorage      Min:  0.0, Avg:  0.0, Max:  0.0, Diff:  0.0, Sum:  0.0, Workers: 8
[2025-06-17T23:28:17.487+0300][7692][9664 ][debug][gc,phases] GC(31)     Dead                           Min: 0, Avg:  0.0, Max: 0, Diff: 0, Sum: 0, Workers: 8
[2025-06-17T23:28:17.487+0300][7692][9664 ][debug][gc,phases] GC(31)     Total                          Min: 0, Avg:  0.0, Max: 0, Diff: 0, Sum: 0, Workers: 8
[2025-06-17T23:28:17.487+0300][7692][9664 ][debug][gc,phases] GC(31)   StringTable Weak               Min:  0.0, Avg:  0.1, Max:  0.1, Diff:  0.1, Sum:  0.5, Workers: 8
[2025-06-17T23:28:17.487+0300][7692][9664 ][debug][gc,phases] GC(31)     Dead                           Min: 0, Avg:  0.0, Max: 0, Diff: 0, Sum: 0, Workers: 8
[2025-06-17T23:28:17.487+0300][7692][9664 ][debug][gc,phases] GC(31)     Total                          Min: 1536, Avg: 3490.6, Max: 8213, Diff: 6677, Sum: 27925, Workers: 8
[2025-06-17T23:28:17.487+0300][7692][9664 ][debug][gc,phases] GC(31)   ResolvedMethodTable Weak       Min:  0.0, Avg:  0.0, Max:  0.0, Diff:  0.0, Sum:  0.0, Workers: 8
[2025-06-17T23:28:17.487+0300][7692][9664 ][debug][gc,phases] GC(31)     Dead                           Min: 0, Avg:  0.0, Max: 0, Diff: 0, Sum: 0, Workers: 8
[2025-06-17T23:28:17.487+0300][7692][9664 ][debug][gc,phases] GC(31)     Total                          Min: 191, Avg: 226.1, Max: 256, Diff: 65, Sum: 1809, Workers: 8
[2025-06-17T23:28:17.487+0300][7692][9664 ][debug][gc,phases] GC(31)   JNI Weak                       Min:  0.0, Avg:  0.0, Max:  0.0, Diff:  0.0, Sum:  0.0, Workers: 8
[2025-06-17T23:28:17.487+0300][7692][9664 ][debug][gc,phases] GC(31)     Dead                           Min: 0, Avg:  0.0, Max: 0, Diff: 0, Sum: 0, Workers: 8
[2025-06-17T23:28:17.487+0300][7692][9664 ][debug][gc,phases] GC(31)     Total                          Min: 0, Avg:  0.0, Max: 0, Diff: 0, Sum: 0, Workers: 8
[2025-06-17T23:28:17.487+0300][7692][9664 ][debug][gc,phases] GC(31)   StringDedup Table Weak         Min:  0.0, Avg:  0.0, Max:  0.0, Diff:  0.0, Sum:  0.0, Workers: 8
[2025-06-17T23:28:17.487+0300][7692][9664 ][debug][gc,phases] GC(31)     Dead                           Min: 0, Avg:  0.0, Max: 0, Diff: 0, Sum: 0, Workers: 8
[2025-06-17T23:28:17.487+0300][7692][9664 ][debug][gc,phases] GC(31)     Total                          Min: 0, Avg:  0.0, Max: 0, Diff: 0, Sum: 0, Workers: 8
[2025-06-17T23:28:17.487+0300][7692][9664 ][debug][gc,phases] GC(31)   StringDedup Requests0 Weak     Min:  0.0, Avg:  0.0, Max:  0.0, Diff:  0.0, Sum:  0.0, Workers: 8
[2025-06-17T23:28:17.487+0300][7692][9664 ][debug][gc,phases] GC(31)     Dead                           Min: 0, Avg:  0.0, Max: 0, Diff: 0, Sum: 0, Workers: 8
[2025-06-17T23:28:17.487+0300][7692][9664 ][debug][gc,phases] GC(31)     Total                          Min: 0, Avg:  0.0, Max: 0, Diff: 0, Sum: 0, Workers: 8
[2025-06-17T23:28:17.487+0300][7692][9664 ][debug][gc,phases] GC(31)   StringDedup Requests1 Weak     Min:  0.0, Avg:  0.0, Max:  0.0, Diff:  0.0, Sum:  0.0, Workers: 8
[2025-06-17T23:28:17.487+0300][7692][9664 ][debug][gc,phases] GC(31)     Dead                           Min: 0, Avg:  0.0, Max: 0, Diff: 0, Sum: 0, Workers: 8
[2025-06-17T23:28:17.487+0300][7692][9664 ][debug][gc,phases] GC(31)     Total                          Min: 0, Avg:  0.0, Max: 0, Diff: 0, Sum: 0, Workers: 8
[2025-06-17T23:28:17.487+0300][7692][9664 ][debug][gc,phases] GC(31)   Weak JFR Old Object Samples    Min:  0.0, Avg:  0.0, Max:  0.0, Diff:  0.0, Sum:  0.0, Workers: 8
[2025-06-17T23:28:17.487+0300][7692][9664 ][debug][gc,phases] GC(31)     Dead                           Min: 0, Avg:  0.0, Max: 0, Diff: 0, Sum: 0, Workers: 8
[2025-06-17T23:28:17.487+0300][7692][9664 ][debug][gc,phases] GC(31)     Total                          Min: 0, Avg:  0.0, Max: 0, Diff: 0, Sum: 0, Workers: 8
[2025-06-17T23:28:17.487+0300][7692][9664 ][debug][gc,phases] GC(31) Weak Processing 1.090ms
[2025-06-17T23:28:17.487+0300][7692][9664 ][info ][gc,heap  ] GC(31) PSYoungGen: 688544K(693248K)->416K(694272K) Eden: 688128K(688128K)->0K(689152K) From: 416K(5120K)->416K(5120K)
[2025-06-17T23:28:17.487+0300][7692][9664 ][info ][gc,heap  ] GC(31) ParOldGen: 16238K(1398272K)->16294K(1398272K)
[2025-06-17T23:28:17.487+0300][7692][9664 ][info ][gc       ] GC(31) Pause Young (Allocation Failure) 688M->16M(2043M) 2.301ms
[2025-06-17T23:28:17.487+0300][7692][9664 ][debug][gc,heap  ] GC(31) Heap after GC invocations=32 (full 4):
[2025-06-17T23:28:17.487+0300][7692][9664 ][debug][gc,heap  ] GC(31)  PSYoungGen      total 694272K, used 416K [0x00000000d5580000, 0x0000000100000000, 0x0000000100000000)
[2025-06-17T23:28:17.487+0300][7692][9664 ][debug][gc,heap  ] GC(31)   eden space 689152K, 0% used [0x00000000d5580000,0x00000000d5580000,0x00000000ff680000)
[2025-06-17T23:28:17.487+0300][7692][9664 ][debug][gc,heap  ] GC(31)   from space 5120K, 8% used [0x00000000ffb00000,0x00000000ffb68000,0x0000000100000000)
[2025-06-17T23:28:17.487+0300][7692][9664 ][debug][gc,heap  ] GC(31)   to   space 4608K, 0% used [0x00000000ff680000,0x00000000ff680000,0x00000000ffb00000)
[2025-06-17T23:28:17.487+0300][7692][9664 ][debug][gc,heap  ] GC(31)  ParOldGen       total 1398272K, used 16294K [0x0000000080000000, 0x00000000d5580000, 0x00000000d5580000)
[2025-06-17T23:28:17.487+0300][7692][9664 ][debug][gc,heap  ] GC(31)   object space 1398272K, 1% used [0x0000000080000000,0x0000000080fe9848,0x00000000d5580000)
[2025-06-17T23:28:17.487+0300][7692][9664 ][debug][gc,heap  ] GC(31)  Metaspace       used 34415K, committed 35584K, reserved 1114112K
[2025-06-17T23:28:17.487+0300][7692][9664 ][debug][gc,heap  ] GC(31)   class space    used 2864K, committed 3328K, reserved 1048576K
[2025-06-17T23:28:17.487+0300][7692][9664 ][info ][safepoint] Safepoint "ParallelGCFailedAllocation", Time since last: 8922064500 ns, Reaching safepoint: 117300 ns, Cleanup: 21900 ns, At safepoint: 2987600 ns, Total: 3126800 ns
[2025-06-17T23:28:40.539+0300][7692][9664 ][debug][safepoint] Safepoint synchronization initiated using striped semaphore wait barrier. (32 threads)
[2025-06-17T23:28:40.539+0300][7692][9664 ][debug][gc,heap  ] GC(32) Heap before GC invocations=33 (full 4):
[2025-06-17T23:28:40.539+0300][7692][9664 ][debug][gc,heap  ] GC(32)  PSYoungGen      total 694272K, used 689568K [0x00000000d5580000, 0x0000000100000000, 0x0000000100000000)
[2025-06-17T23:28:40.539+0300][7692][9664 ][debug][gc,heap  ] GC(32)   eden space 689152K, 100% used [0x00000000d5580000,0x00000000ff680000,0x00000000ff680000)
[2025-06-17T23:28:40.539+0300][7692][9664 ][debug][gc,heap  ] GC(32)   from space 5120K, 8% used [0x00000000ffb00000,0x00000000ffb68000,0x0000000100000000)
[2025-06-17T23:28:40.539+0300][7692][9664 ][debug][gc,heap  ] GC(32)   to   space 4608K, 0% used [0x00000000ff680000,0x00000000ff680000,0x00000000ffb00000)
[2025-06-17T23:28:40.539+0300][7692][9664 ][debug][gc,heap  ] GC(32)  ParOldGen       total 1398272K, used 16294K [0x0000000080000000, 0x00000000d5580000, 0x00000000d5580000)
[2025-06-17T23:28:40.539+0300][7692][9664 ][debug][gc,heap  ] GC(32)   object space 1398272K, 1% used [0x0000000080000000,0x0000000080fe9848,0x00000000d5580000)
[2025-06-17T23:28:40.539+0300][7692][9664 ][debug][gc,heap  ] GC(32)  Metaspace       used 34415K, committed 35584K, reserved 1114112K
[2025-06-17T23:28:40.539+0300][7692][9664 ][debug][gc,heap  ] GC(32)   class space    used 2864K, committed 3328K, reserved 1048576K
[2025-06-17T23:28:40.539+0300][7692][9664 ][debug][gc,phases] GC(32) Scavenge 0.669ms
[2025-06-17T23:28:40.539+0300][7692][9664 ][debug][gc,phases] GC(32) Reference Processing 0.071ms
[2025-06-17T23:28:40.539+0300][7692][9664 ][debug][gc,phases] GC(32)   VM Weak                        Min:  0.0, Avg:  0.0, Max:  0.0, Diff:  0.0, Sum:  0.0, Workers: 8
[2025-06-17T23:28:40.539+0300][7692][9664 ][debug][gc,phases] GC(32)     Dead                           Min: 0, Avg:  0.0, Max: 0, Diff: 0, Sum: 0, Workers: 8
[2025-06-17T23:28:40.539+0300][7692][9664 ][debug][gc,phases] GC(32)     Total                          Min: 0, Avg: 49.6, Max: 397, Diff: 397, Sum: 397, Workers: 8
[2025-06-17T23:28:40.539+0300][7692][9664 ][debug][gc,phases] GC(32)   ObjectSynchronizer Weak        Min:  0.0, Avg:  0.0, Max:  0.0, Diff:  0.0, Sum:  0.0, Workers: 8
[2025-06-17T23:28:40.539+0300][7692][9664 ][debug][gc,phases] GC(32)     Dead                           Min: 0, Avg:  0.0, Max: 0, Diff: 0, Sum: 0, Workers: 8
[2025-06-17T23:28:40.539+0300][7692][9664 ][debug][gc,phases] GC(32)     Total                          Min: 0, Avg:  4.2, Max: 34, Diff: 34, Sum: 34, Workers: 8
[2025-06-17T23:28:40.539+0300][7692][9664 ][debug][gc,phases] GC(32)   JVMTI Tag Weak OopStorage      Min:  0.0, Avg:  0.0, Max:  0.0, Diff:  0.0, Sum:  0.0, Workers: 8
[2025-06-17T23:28:40.539+0300][7692][9664 ][debug][gc,phases] GC(32)     Dead                           Min: 0, Avg:  0.0, Max: 0, Diff: 0, Sum: 0, Workers: 8
[2025-06-17T23:28:40.539+0300][7692][9664 ][debug][gc,phases] GC(32)     Total                          Min: 0, Avg:  0.0, Max: 0, Diff: 0, Sum: 0, Workers: 8
[2025-06-17T23:28:40.539+0300][7692][9664 ][debug][gc,phases] GC(32)   StringTable Weak               Min:  0.0, Avg:  0.1, Max:  0.1, Diff:  0.1, Sum:  0.5, Workers: 8
[2025-06-17T23:28:40.539+0300][7692][9664 ][debug][gc,phases] GC(32)     Dead                           Min: 0, Avg:  0.0, Max: 0, Diff: 0, Sum: 0, Workers: 8
[2025-06-17T23:28:40.539+0300][7692][9664 ][debug][gc,phases] GC(32)     Total                          Min: 1152, Avg: 3490.6, Max: 8768, Diff: 7616, Sum: 27925, Workers: 8
[2025-06-17T23:28:40.539+0300][7692][9664 ][debug][gc,phases] GC(32)   ResolvedMethodTable Weak       Min:  0.0, Avg:  0.0, Max:  0.0, Diff:  0.0, Sum:  0.0, Workers: 8
[2025-06-17T23:28:40.539+0300][7692][9664 ][debug][gc,phases] GC(32)     Dead                           Min: 0, Avg:  0.0, Max: 0, Diff: 0, Sum: 0, Workers: 8
[2025-06-17T23:28:40.539+0300][7692][9664 ][debug][gc,phases] GC(32)     Total                          Min: 128, Avg: 226.1, Max: 320, Diff: 192, Sum: 1809, Workers: 8
[2025-06-17T23:28:40.539+0300][7692][9664 ][debug][gc,phases] GC(32)   JNI Weak                       Min:  0.0, Avg:  0.0, Max:  0.0, Diff:  0.0, Sum:  0.0, Workers: 8
[2025-06-17T23:28:40.539+0300][7692][9664 ][debug][gc,phases] GC(32)     Dead                           Min: 0, Avg:  0.0, Max: 0, Diff: 0, Sum: 0, Workers: 8
[2025-06-17T23:28:40.539+0300][7692][9664 ][debug][gc,phases] GC(32)     Total                          Min: 0, Avg:  0.0, Max: 0, Diff: 0, Sum: 0, Workers: 8
[2025-06-17T23:28:40.539+0300][7692][9664 ][debug][gc,phases] GC(32)   StringDedup Table Weak         Min:  0.0, Avg:  0.0, Max:  0.0, Diff:  0.0, Sum:  0.0, Workers: 8
[2025-06-17T23:28:40.539+0300][7692][9664 ][debug][gc,phases] GC(32)     Dead                           Min: 0, Avg:  0.0, Max: 0, Diff: 0, Sum: 0, Workers: 8
[2025-06-17T23:28:40.539+0300][7692][9664 ][debug][gc,phases] GC(32)     Total                          Min: 0, Avg:  0.0, Max: 0, Diff: 0, Sum: 0, Workers: 8
[2025-06-17T23:28:40.539+0300][7692][9664 ][debug][gc,phases] GC(32)   StringDedup Requests0 Weak     Min:  0.0, Avg:  0.0, Max:  0.0, Diff:  0.0, Sum:  0.0, Workers: 8
[2025-06-17T23:28:40.539+0300][7692][9664 ][debug][gc,phases] GC(32)     Dead                           Min: 0, Avg:  0.0, Max: 0, Diff: 0, Sum: 0, Workers: 8
[2025-06-17T23:28:40.539+0300][7692][9664 ][debug][gc,phases] GC(32)     Total                          Min: 0, Avg:  0.0, Max: 0, Diff: 0, Sum: 0, Workers: 8
[2025-06-17T23:28:40.539+0300][7692][9664 ][debug][gc,phases] GC(32)   StringDedup Requests1 Weak     Min:  0.0, Avg:  0.0, Max:  0.0, Diff:  0.0, Sum:  0.0, Workers: 8
[2025-06-17T23:28:40.539+0300][7692][9664 ][debug][gc,phases] GC(32)     Dead                           Min: 0, Avg:  0.0, Max: 0, Diff: 0, Sum: 0, Workers: 8
[2025-06-17T23:28:40.539+0300][7692][9664 ][debug][gc,phases] GC(32)     Total                          Min: 0, Avg:  0.0, Max: 0, Diff: 0, Sum: 0, Workers: 8
[2025-06-17T23:28:40.539+0300][7692][9664 ][debug][gc,phases] GC(32)   Weak JFR Old Object Samples    Min:  0.0, Avg:  0.0, Max:  0.0, Diff:  0.0, Sum:  0.0, Workers: 8
[2025-06-17T23:28:40.539+0300][7692][9664 ][debug][gc,phases] GC(32)     Dead                           Min: 0, Avg:  0.0, Max: 0, Diff: 0, Sum: 0, Workers: 8
[2025-06-17T23:28:40.539+0300][7692][9664 ][debug][gc,phases] GC(32)     Total                          Min: 0, Avg:  0.0, Max: 0, Diff: 0, Sum: 0, Workers: 8
[2025-06-17T23:28:40.539+0300][7692][9664 ][debug][gc,phases] GC(32) Weak Processing 1.123ms
[2025-06-17T23:28:40.539+0300][7692][9664 ][info ][gc,heap  ] GC(32) PSYoungGen: 689568K(694272K)->464K(693760K) Eden: 689152K(689152K)->0K(689152K) From: 416K(5120K)->464K(4608K)
[2025-06-17T23:28:40.539+0300][7692][9664 ][info ][gc,heap  ] GC(32) ParOldGen: 16294K(1398272K)->16326K(1398272K)
[2025-06-17T23:28:40.539+0300][7692][9664 ][info ][gc       ] GC(32) Pause Young (Allocation Failure) 689M->16M(2043M) 2.105ms
[2025-06-17T23:28:40.539+0300][7692][9664 ][debug][gc,heap  ] GC(32) Heap after GC invocations=33 (full 4):
[2025-06-17T23:28:40.539+0300][7692][9664 ][debug][gc,heap  ] GC(32)  PSYoungGen      total 693760K, used 464K [0x00000000d5580000, 0x0000000100000000, 0x0000000100000000)
[2025-06-17T23:28:40.539+0300][7692][9664 ][debug][gc,heap  ] GC(32)   eden space 689152K, 0% used [0x00000000d5580000,0x00000000d5580000,0x00000000ff680000)
[2025-06-17T23:28:40.539+0300][7692][9664 ][debug][gc,heap  ] GC(32)   from space 4608K, 10% used [0x00000000ff680000,0x00000000ff6f4010,0x00000000ffb00000)
[2025-06-17T23:28:40.539+0300][7692][9664 ][debug][gc,heap  ] GC(32)   to   space 4608K, 0% used [0x00000000ffb80000,0x00000000ffb80000,0x0000000100000000)
[2025-06-17T23:28:40.539+0300][7692][9664 ][debug][gc,heap  ] GC(32)  ParOldGen       total 1398272K, used 16326K [0x0000000080000000, 0x00000000d5580000, 0x00000000d5580000)
[2025-06-17T23:28:40.539+0300][7692][9664 ][debug][gc,heap  ] GC(32)   object space 1398272K, 1% used [0x0000000080000000,0x0000000080ff1848,0x00000000d5580000)
[2025-06-17T23:28:40.539+0300][7692][9664 ][debug][gc,heap  ] GC(32)  Metaspace       used 34415K, committed 35584K, reserved 1114112K
[2025-06-17T23:28:40.539+0300][7692][9664 ][debug][gc,heap  ] GC(32)   class space    used 2864K, committed 3328K, reserved 1048576K
[2025-06-17T23:28:40.539+0300][7692][9664 ][info ][safepoint] Safepoint "ParallelGCFailedAllocation", Time since last: 23049750200 ns, Reaching safepoint: 391000 ns, Cleanup: 16000 ns, At safepoint: 2734300 ns, Total: 3141300 ns
[2025-06-17T23:28:42.539+0300][7692][9664 ][debug][safepoint] Safepoint synchronization initiated using striped semaphore wait barrier. (12 threads)
