[2025-06-17T23:29:27.507+0300][16496][22340][debug][gc,heap] Minimum heap 12884901888  Initial heap 12884901888  Maximum heap 12884901888
[2025-06-17T23:29:27.507+0300][16496][22340][info ][gc     ] Using Parallel
[2025-06-17T23:29:28.932+0300][16496][17012][debug][safepoint] Safepoint synchronization initiated using striped semaphore wait barrier. (11 threads)
[2025-06-17T23:29:28.932+0300][16496][17012][info ][safepoint] Safepoint "Cleanup", Time since last: 1399728800 ns, Reaching safepoint: 134500 ns, Cleanup: 72900 ns, At safepoint: 8700 ns, Total: 216100 ns
[2025-06-17T23:29:29.388+0300][16496][17012][debug][safepoint] Safepoint synchronization initiated using striped semaphore wait barrier. (12 threads)
[2025-06-17T23:29:29.388+0300][16496][17012][info ][safepoint] Safepoint "ICBufferFull", Time since last: 445776600 ns, Reaching safepoint: 419200 ns, Cleanup: 91900 ns, At safepoint: 7100 ns, Total: 518200 ns
[2025-06-17T23:29:29.833+0300][16496][17012][debug][safepoint] Safepoint synchronization initiated using striped semaphore wait barrier. (13 threads)
[2025-06-17T23:29:29.833+0300][16496][17012][info ][safepoint] Safepoint "ICBufferFull", Time since last: 457247000 ns, Reaching safepoint: 76200 ns, Cleanup: 123000 ns, At safepoint: 11500 ns, Total: 210700 ns
[2025-06-17T23:29:30.372+0300][16496][17012][debug][safepoint] Safepoint synchronization initiated using striped semaphore wait barrier. (13 threads)
[2025-06-17T23:29:30.372+0300][16496][17012][info ][safepoint] Safepoint "ICBufferFull", Time since last: 527104500 ns, Reaching safepoint: 54800 ns, Cleanup: 76500 ns, At safepoint: 1100 ns, Total: 132400 ns
[2025-06-17T23:29:30.800+0300][16496][17012][debug][safepoint] Safepoint synchronization initiated using striped semaphore wait barrier. (13 threads)
[2025-06-17T23:29:30.800+0300][16496][17012][info ][safepoint] Safepoint "ICBufferFull", Time since last: 438636000 ns, Reaching safepoint: 44800 ns, Cleanup: 85200 ns, At safepoint: 900 ns, Total: 130900 ns
[2025-06-17T23:29:30.865+0300][16496][17012][debug][safepoint] Safepoint synchronization initiated using striped semaphore wait barrier. (25 threads)
[2025-06-17T23:29:30.865+0300][16496][17012][debug][gc,heap  ] GC(0) Heap before GC invocations=1 (full 0):
[2025-06-17T23:29:30.865+0300][16496][17012][debug][gc,heap  ] GC(0)  PSYoungGen      total 3670016K, used 1321206K [0x0000000400000000, 0x0000000500000000, 0x0000000500000000)
[2025-06-17T23:29:30.865+0300][16496][17012][debug][gc,heap  ] GC(0)   eden space 3145728K, 42% used [0x0000000400000000,0x0000000450a3dab8,0x00000004c0000000)
[2025-06-17T23:29:30.865+0300][16496][17012][debug][gc,heap  ] GC(0)   from space 524288K, 0% used [0x00000004e0000000,0x00000004e0000000,0x0000000500000000)
[2025-06-17T23:29:30.865+0300][16496][17012][debug][gc,heap  ] GC(0)   to   space 524288K, 0% used [0x00000004c0000000,0x00000004c0000000,0x00000004e0000000)
[2025-06-17T23:29:30.865+0300][16496][17012][debug][gc,heap  ] GC(0)  ParOldGen       total 8388608K, used 0K [0x0000000200000000, 0x0000000400000000, 0x0000000400000000)
[2025-06-17T23:29:30.865+0300][16496][17012][debug][gc,heap  ] GC(0)   object space 8388608K, 0% used [0x0000000200000000,0x0000000200000000,0x0000000400000000)
[2025-06-17T23:29:30.865+0300][16496][17012][debug][gc,heap  ] GC(0)  Metaspace       used 15328K, committed 15744K, reserved 1114112K
[2025-06-17T23:29:30.865+0300][16496][17012][debug][gc,heap  ] GC(0)   class space    used 1510K, committed 1728K, reserved 1048576K
[2025-06-17T23:29:30.879+0300][16496][17012][debug][gc,phases] GC(0) Scavenge 7.965ms
[2025-06-17T23:29:30.879+0300][16496][17012][debug][gc,phases] GC(0) Reference Processing 0.350ms
[2025-06-17T23:29:30.879+0300][16496][17012][debug][gc,phases] GC(0)   VM Weak                        Min:  0.0, Avg:  0.0, Max:  0.0, Diff:  0.0, Sum:  0.0, Workers: 8
[2025-06-17T23:29:30.879+0300][16496][17012][debug][gc,phases] GC(0)     Dead                           Min: 0, Avg:  0.0, Max: 0, Diff: 0, Sum: 0, Workers: 8
[2025-06-17T23:29:30.879+0300][16496][17012][debug][gc,phases] GC(0)     Total                          Min: 0, Avg: 23.2, Max: 64, Diff: 64, Sum: 186, Workers: 8
[2025-06-17T23:29:30.879+0300][16496][17012][debug][gc,phases] GC(0)   ObjectSynchronizer Weak        Min:  0.0, Avg:  0.0, Max:  0.0, Diff:  0.0, Sum:  0.0, Workers: 8
[2025-06-17T23:29:30.879+0300][16496][17012][debug][gc,phases] GC(0)     Dead                           Min: 0, Avg:  0.2, Max: 2, Diff: 2, Sum: 2, Workers: 8
[2025-06-17T23:29:30.879+0300][16496][17012][debug][gc,phases] GC(0)     Total                          Min: 0, Avg:  0.8, Max: 6, Diff: 6, Sum: 6, Workers: 8
[2025-06-17T23:29:30.879+0300][16496][17012][debug][gc,phases] GC(0)   JVMTI Tag Weak OopStorage      Min:  0.0, Avg:  0.0, Max:  0.0, Diff:  0.0, Sum:  0.0, Workers: 8
[2025-06-17T23:29:30.879+0300][16496][17012][debug][gc,phases] GC(0)     Dead                           Min: 0, Avg:  0.0, Max: 0, Diff: 0, Sum: 0, Workers: 8
[2025-06-17T23:29:30.879+0300][16496][17012][debug][gc,phases] GC(0)     Total                          Min: 0, Avg:  0.0, Max: 0, Diff: 0, Sum: 0, Workers: 8
[2025-06-17T23:29:30.879+0300][16496][17012][debug][gc,phases] GC(0)   StringTable Weak               Min:  0.0, Avg:  0.2, Max:  0.2, Diff:  0.2, Sum:  1.3, Workers: 8
[2025-06-17T23:29:30.879+0300][16496][17012][debug][gc,phases] GC(0)     Dead                           Min: 0, Avg: 46.2, Max: 158, Diff: 158, Sum: 370, Workers: 8
[2025-06-17T23:29:30.879+0300][16496][17012][debug][gc,phases] GC(0)     Total                          Min: 0, Avg: 2578.5, Max: 3840, Diff: 3840, Sum: 20628, Workers: 8
[2025-06-17T23:29:30.879+0300][16496][17012][debug][gc,phases] GC(0)   ResolvedMethodTable Weak       Min:  0.0, Avg:  0.0, Max:  0.0, Diff:  0.0, Sum:  0.1, Workers: 8
[2025-06-17T23:29:30.879+0300][16496][17012][debug][gc,phases] GC(0)     Dead                           Min: 0, Avg: 12.9, Max: 22, Diff: 22, Sum: 103, Workers: 8
[2025-06-17T23:29:30.879+0300][16496][17012][debug][gc,phases] GC(0)     Total                          Min: 0, Avg: 140.4, Max: 192, Diff: 192, Sum: 1123, Workers: 8
[2025-06-17T23:29:30.879+0300][16496][17012][debug][gc,phases] GC(0)   JNI Weak                       Min:  0.0, Avg:  0.0, Max:  0.0, Diff:  0.0, Sum:  0.0, Workers: 8
[2025-06-17T23:29:30.879+0300][16496][17012][debug][gc,phases] GC(0)     Dead                           Min: 0, Avg:  0.0, Max: 0, Diff: 0, Sum: 0, Workers: 8
[2025-06-17T23:29:30.879+0300][16496][17012][debug][gc,phases] GC(0)     Total                          Min: 0, Avg:  0.0, Max: 0, Diff: 0, Sum: 0, Workers: 8
[2025-06-17T23:29:30.879+0300][16496][17012][debug][gc,phases] GC(0)   StringDedup Table Weak         Min:  0.0, Avg:  0.0, Max:  0.0, Diff:  0.0, Sum:  0.0, Workers: 8
[2025-06-17T23:29:30.879+0300][16496][17012][debug][gc,phases] GC(0)     Dead                           Min: 0, Avg:  0.0, Max: 0, Diff: 0, Sum: 0, Workers: 8
[2025-06-17T23:29:30.879+0300][16496][17012][debug][gc,phases] GC(0)     Total                          Min: 0, Avg:  0.0, Max: 0, Diff: 0, Sum: 0, Workers: 8
[2025-06-17T23:29:30.879+0300][16496][17012][debug][gc,phases] GC(0)   StringDedup Requests0 Weak     Min:  0.0, Avg:  0.0, Max:  0.0, Diff:  0.0, Sum:  0.0, Workers: 8
[2025-06-17T23:29:30.879+0300][16496][17012][debug][gc,phases] GC(0)     Dead                           Min: 0, Avg:  0.0, Max: 0, Diff: 0, Sum: 0, Workers: 8
[2025-06-17T23:29:30.879+0300][16496][17012][debug][gc,phases] GC(0)     Total                          Min: 0, Avg:  0.0, Max: 0, Diff: 0, Sum: 0, Workers: 8
[2025-06-17T23:29:30.879+0300][16496][17012][debug][gc,phases] GC(0)   StringDedup Requests1 Weak     Min:  0.0, Avg:  0.0, Max:  0.0, Diff:  0.0, Sum:  0.0, Workers: 8
[2025-06-17T23:29:30.879+0300][16496][17012][debug][gc,phases] GC(0)     Dead                           Min: 0, Avg:  0.0, Max: 0, Diff: 0, Sum: 0, Workers: 8
[2025-06-17T23:29:30.879+0300][16496][17012][debug][gc,phases] GC(0)     Total                          Min: 0, Avg:  0.0, Max: 0, Diff: 0, Sum: 0, Workers: 8
[2025-06-17T23:29:30.879+0300][16496][17012][debug][gc,phases] GC(0)   Weak JFR Old Object Samples    Min:  0.0, Avg:  0.0, Max:  0.0, Diff:  0.0, Sum:  0.0, Workers: 8
[2025-06-17T23:29:30.879+0300][16496][17012][debug][gc,phases] GC(0)     Dead                           Min: 0, Avg:  0.0, Max: 0, Diff: 0, Sum: 0, Workers: 8
[2025-06-17T23:29:30.879+0300][16496][17012][debug][gc,phases] GC(0)     Total                          Min: 0, Avg:  0.0, Max: 0, Diff: 0, Sum: 0, Workers: 8
[2025-06-17T23:29:30.879+0300][16496][17012][debug][gc,phases] GC(0) Weak Processing 0.754ms
[2025-06-17T23:29:30.879+0300][16496][17012][info ][gc,heap  ] GC(0) PSYoungGen: 1321206K(3670016K)->9596K(3670016K) Eden: 1321206K(3145728K)->0K(3145728K) From: 0K(524288K)->9596K(524288K)
[2025-06-17T23:29:30.879+0300][16496][17012][info ][gc,heap  ] GC(0) ParOldGen: 0K(8388608K)->96K(8388608K)
[2025-06-17T23:29:30.879+0300][16496][17012][info ][gc       ] GC(0) Pause Young (System.gc()) 1290M->9M(11776M) 9.490ms
[2025-06-17T23:29:30.879+0300][16496][17012][debug][gc,heap  ] GC(0) Heap after GC invocations=1 (full 0):
[2025-06-17T23:29:30.879+0300][16496][17012][debug][gc,heap  ] GC(0)  PSYoungGen      total 3670016K, used 9596K [0x0000000400000000, 0x0000000500000000, 0x0000000500000000)
[2025-06-17T23:29:30.879+0300][16496][17012][debug][gc,heap  ] GC(0)   eden space 3145728K, 0% used [0x0000000400000000,0x0000000400000000,0x00000004c0000000)
[2025-06-17T23:29:30.879+0300][16496][17012][debug][gc,heap  ] GC(0)   from space 524288K, 1% used [0x00000004c0000000,0x00000004c095f390,0x00000004e0000000)
[2025-06-17T23:29:30.879+0300][16496][17012][debug][gc,heap  ] GC(0)   to   space 524288K, 0% used [0x00000004e0000000,0x00000004e0000000,0x0000000500000000)
[2025-06-17T23:29:30.879+0300][16496][17012][debug][gc,heap  ] GC(0)  ParOldGen       total 8388608K, used 96K [0x0000000200000000, 0x0000000400000000, 0x0000000400000000)
[2025-06-17T23:29:30.879+0300][16496][17012][debug][gc,heap  ] GC(0)   object space 8388608K, 0% used [0x0000000200000000,0x0000000200018010,0x0000000400000000)
[2025-06-17T23:29:30.879+0300][16496][17012][debug][gc,heap  ] GC(0)  Metaspace       used 15328K, committed 15744K, reserved 1114112K
[2025-06-17T23:29:30.879+0300][16496][17012][debug][gc,heap  ] GC(0)   class space    used 1510K, committed 1728K, reserved 1048576K
[2025-06-17T23:29:30.879+0300][16496][17012][debug][gc,heap  ] GC(1) Heap before GC invocations=2 (full 1):
[2025-06-17T23:29:30.879+0300][16496][17012][debug][gc,heap  ] GC(1)  PSYoungGen      total 3670016K, used 9596K [0x0000000400000000, 0x0000000500000000, 0x0000000500000000)
[2025-06-17T23:29:30.879+0300][16496][17012][debug][gc,heap  ] GC(1)   eden space 3145728K, 0% used [0x0000000400000000,0x0000000400000000,0x00000004c0000000)
[2025-06-17T23:29:30.879+0300][16496][17012][debug][gc,heap  ] GC(1)   from space 524288K, 1% used [0x00000004c0000000,0x00000004c095f390,0x00000004e0000000)
[2025-06-17T23:29:30.879+0300][16496][17012][debug][gc,heap  ] GC(1)   to   space 524288K, 0% used [0x00000004e0000000,0x00000004e0000000,0x0000000500000000)
[2025-06-17T23:29:30.879+0300][16496][17012][debug][gc,heap  ] GC(1)  ParOldGen       total 8388608K, used 96K [0x0000000200000000, 0x0000000400000000, 0x0000000400000000)
[2025-06-17T23:29:30.879+0300][16496][17012][debug][gc,heap  ] GC(1)   object space 8388608K, 0% used [0x0000000200000000,0x0000000200018010,0x0000000400000000)
[2025-06-17T23:29:30.879+0300][16496][17012][debug][gc,heap  ] GC(1)  Metaspace       used 15328K, committed 15744K, reserved 1114112K
[2025-06-17T23:29:30.879+0300][16496][17012][debug][gc,heap  ] GC(1)   class space    used 1510K, committed 1728K, reserved 1048576K
[2025-06-17T23:29:30.879+0300][16496][17012][debug][gc,phases] GC(1) Pre Compact 0.105ms
[2025-06-17T23:29:30.885+0300][16496][17012][debug][gc,phases] GC(1) Par Mark 4.066ms
[2025-06-17T23:29:30.885+0300][16496][17012][debug][gc,phases] GC(1) Reference Processing 0.302ms
[2025-06-17T23:29:30.885+0300][16496][17012][debug][gc,phases] GC(1)   VM Weak                        Min:  0.0, Avg:  0.0, Max:  0.0, Diff:  0.0, Sum:  0.0, Workers: 8
[2025-06-17T23:29:30.885+0300][16496][17012][debug][gc,phases] GC(1)     Dead                           Min: 0, Avg:  0.0, Max: 0, Diff: 0, Sum: 0, Workers: 8
[2025-06-17T23:29:30.885+0300][16496][17012][debug][gc,phases] GC(1)     Total                          Min: 0, Avg: 23.2, Max: 64, Diff: 64, Sum: 186, Workers: 8
[2025-06-17T23:29:30.885+0300][16496][17012][debug][gc,phases] GC(1)   ObjectSynchronizer Weak        Min:  0.0, Avg:  0.0, Max:  0.0, Diff:  0.0, Sum:  0.0, Workers: 8
[2025-06-17T23:29:30.885+0300][16496][17012][debug][gc,phases] GC(1)     Dead                           Min: 0, Avg:  0.0, Max: 0, Diff: 0, Sum: 0, Workers: 8
[2025-06-17T23:29:30.885+0300][16496][17012][debug][gc,phases] GC(1)     Total                          Min: 0, Avg:  0.8, Max: 6, Diff: 6, Sum: 6, Workers: 8
[2025-06-17T23:29:30.885+0300][16496][17012][debug][gc,phases] GC(1)   JVMTI Tag Weak OopStorage      Min:  0.0, Avg:  0.0, Max:  0.0, Diff:  0.0, Sum:  0.0, Workers: 8
[2025-06-17T23:29:30.885+0300][16496][17012][debug][gc,phases] GC(1)     Dead                           Min: 0, Avg:  0.0, Max: 0, Diff: 0, Sum: 0, Workers: 8
[2025-06-17T23:29:30.885+0300][16496][17012][debug][gc,phases] GC(1)     Total                          Min: 0, Avg:  0.0, Max: 0, Diff: 0, Sum: 0, Workers: 8
[2025-06-17T23:29:30.885+0300][16496][17012][debug][gc,phases] GC(1)   StringTable Weak               Min:  0.0, Avg:  0.0, Max:  0.1, Diff:  0.1, Sum:  0.2, Workers: 8
[2025-06-17T23:29:30.885+0300][16496][17012][debug][gc,phases] GC(1)     Dead                           Min: 0, Avg:  0.0, Max: 0, Diff: 0, Sum: 0, Workers: 8
[2025-06-17T23:29:30.885+0300][16496][17012][debug][gc,phases] GC(1)     Total                          Min: 0, Avg: 2578.5, Max: 5440, Diff: 5440, Sum: 20628, Workers: 8
[2025-06-17T23:29:30.885+0300][16496][17012][debug][gc,phases] GC(1)   ResolvedMethodTable Weak       Min:  0.0, Avg:  0.0, Max:  0.0, Diff:  0.0, Sum:  0.0, Workers: 8
[2025-06-17T23:29:30.885+0300][16496][17012][debug][gc,phases] GC(1)     Dead                           Min: 0, Avg:  0.0, Max: 0, Diff: 0, Sum: 0, Workers: 8
[2025-06-17T23:29:30.885+0300][16496][17012][debug][gc,phases] GC(1)     Total                          Min: 64, Avg: 140.4, Max: 192, Diff: 128, Sum: 1123, Workers: 8
[2025-06-17T23:29:30.885+0300][16496][17012][debug][gc,phases] GC(1)   JNI Weak                       Min:  0.0, Avg:  0.0, Max:  0.0, Diff:  0.0, Sum:  0.0, Workers: 8
[2025-06-17T23:29:30.885+0300][16496][17012][debug][gc,phases] GC(1)     Dead                           Min: 0, Avg:  0.0, Max: 0, Diff: 0, Sum: 0, Workers: 8
[2025-06-17T23:29:30.885+0300][16496][17012][debug][gc,phases] GC(1)     Total                          Min: 0, Avg:  0.0, Max: 0, Diff: 0, Sum: 0, Workers: 8
[2025-06-17T23:29:30.885+0300][16496][17012][debug][gc,phases] GC(1)   StringDedup Table Weak         Min:  0.0, Avg:  0.0, Max:  0.0, Diff:  0.0, Sum:  0.0, Workers: 8
[2025-06-17T23:29:30.885+0300][16496][17012][debug][gc,phases] GC(1)     Dead                           Min: 0, Avg:  0.0, Max: 0, Diff: 0, Sum: 0, Workers: 8
[2025-06-17T23:29:30.885+0300][16496][17012][debug][gc,phases] GC(1)     Total                          Min: 0, Avg:  0.0, Max: 0, Diff: 0, Sum: 0, Workers: 8
[2025-06-17T23:29:30.885+0300][16496][17012][debug][gc,phases] GC(1)   StringDedup Requests0 Weak     Min:  0.0, Avg:  0.0, Max:  0.0, Diff:  0.0, Sum:  0.0, Workers: 8
[2025-06-17T23:29:30.885+0300][16496][17012][debug][gc,phases] GC(1)     Dead                           Min: 0, Avg:  0.0, Max: 0, Diff: 0, Sum: 0, Workers: 8
[2025-06-17T23:29:30.885+0300][16496][17012][debug][gc,phases] GC(1)     Total                          Min: 0, Avg:  0.0, Max: 0, Diff: 0, Sum: 0, Workers: 8
[2025-06-17T23:29:30.885+0300][16496][17012][debug][gc,phases] GC(1)   StringDedup Requests1 Weak     Min:  0.0, Avg:  0.0, Max:  0.0, Diff:  0.0, Sum:  0.0, Workers: 8
[2025-06-17T23:29:30.885+0300][16496][17012][debug][gc,phases] GC(1)     Dead                           Min: 0, Avg:  0.0, Max: 0, Diff: 0, Sum: 0, Workers: 8
[2025-06-17T23:29:30.885+0300][16496][17012][debug][gc,phases] GC(1)     Total                          Min: 0, Avg:  0.0, Max: 0, Diff: 0, Sum: 0, Workers: 8
[2025-06-17T23:29:30.885+0300][16496][17012][debug][gc,phases] GC(1)   Weak JFR Old Object Samples    Min:  0.0, Avg:  0.0, Max:  0.0, Diff:  0.0, Sum:  0.0, Workers: 8
[2025-06-17T23:29:30.885+0300][16496][17012][debug][gc,phases] GC(1)     Dead                           Min: 0, Avg:  0.0, Max: 0, Diff: 0, Sum: 0, Workers: 8
[2025-06-17T23:29:30.885+0300][16496][17012][debug][gc,phases] GC(1)     Total                          Min: 0, Avg:  0.0, Max: 0, Diff: 0, Sum: 0, Workers: 8
[2025-06-17T23:29:30.885+0300][16496][17012][debug][gc,phases] GC(1) Weak Processing 0.533ms
[2025-06-17T23:29:30.885+0300][16496][17012][debug][gc,phases] GC(1) ClassLoaderData 0.005ms
[2025-06-17T23:29:30.885+0300][16496][17012][debug][gc,phases] GC(1) Trigger cleanups 0.000ms
[2025-06-17T23:29:30.885+0300][16496][17012][debug][gc,phases] GC(1) Purge Unlinked NMethods 0.002ms
[2025-06-17T23:29:30.885+0300][16496][17012][debug][gc,phases] GC(1) Unregister NMethods 0.021ms
[2025-06-17T23:29:30.885+0300][16496][17012][debug][gc,phases] GC(1) Free Code Blobs 0.001ms
[2025-06-17T23:29:30.885+0300][16496][17012][debug][gc,phases] GC(1) Class Unloading 4.239ms
[2025-06-17T23:29:30.885+0300][16496][17012][debug][gc,phases] GC(1) Report Object Count 0.004ms
[2025-06-17T23:29:30.885+0300][16496][17012][info ][gc,phases] GC(1) Marking Phase 9.259ms
[2025-06-17T23:29:30.885+0300][16496][17012][info ][gc,phases] GC(1) Summary Phase 0.001ms
[2025-06-17T23:29:30.895+0300][16496][17012][info ][gc,phases] GC(1) Adjust Roots 4.290ms
[2025-06-17T23:29:30.906+0300][16496][17012][info ][gc,phases] GC(1) Compaction Phase 9.483ms
[2025-06-17T23:29:30.906+0300][16496][17012][debug][gc,phases] GC(1) Purge Class Loader Data 0.221ms
[2025-06-17T23:29:30.906+0300][16496][17012][info ][gc,phases] GC(1) Post Compact 1.131ms
[2025-06-17T23:29:30.906+0300][16496][17012][info ][gc,heap  ] GC(1) PSYoungGen: 9596K(3670016K)->0K(3670016K) Eden: 0K(3145728K)->0K(3145728K) From: 9596K(524288K)->0K(524288K)
[2025-06-17T23:29:30.906+0300][16496][17012][info ][gc,heap  ] GC(1) ParOldGen: 96K(8388608K)->9483K(8388608K)
[2025-06-17T23:29:30.906+0300][16496][17012][info ][gc       ] GC(1) Pause Full (System.gc()) 9M->9M(11776M) 24.369ms
[2025-06-17T23:29:30.906+0300][16496][17012][debug][gc,heap  ] GC(1) Heap after GC invocations=2 (full 1):
[2025-06-17T23:29:30.906+0300][16496][17012][debug][gc,heap  ] GC(1)  PSYoungGen      total 3670016K, used 0K [0x0000000400000000, 0x0000000500000000, 0x0000000500000000)
[2025-06-17T23:29:30.906+0300][16496][17012][debug][gc,heap  ] GC(1)   eden space 3145728K, 0% used [0x0000000400000000,0x0000000400000000,0x00000004c0000000)
[2025-06-17T23:29:30.906+0300][16496][17012][debug][gc,heap  ] GC(1)   from space 524288K, 0% used [0x00000004c0000000,0x00000004c0000000,0x00000004e0000000)
[2025-06-17T23:29:30.906+0300][16496][17012][debug][gc,heap  ] GC(1)   to   space 524288K, 0% used [0x00000004e0000000,0x00000004e0000000,0x0000000500000000)
[2025-06-17T23:29:30.906+0300][16496][17012][debug][gc,heap  ] GC(1)  ParOldGen       total 8388608K, used 9483K [0x0000000200000000, 0x0000000400000000, 0x0000000400000000)
[2025-06-17T23:29:30.906+0300][16496][17012][debug][gc,heap  ] GC(1)   object space 8388608K, 0% used [0x0000000200000000,0x0000000200942e98,0x0000000400000000)
[2025-06-17T23:29:30.906+0300][16496][17012][debug][gc,heap  ] GC(1)  Metaspace       used 15328K, committed 15744K, reserved 1114112K
[2025-06-17T23:29:30.906+0300][16496][17012][debug][gc,heap  ] GC(1)   class space    used 1510K, committed 1728K, reserved 1048576K
[2025-06-17T23:29:30.906+0300][16496][17012][info ][safepoint] Safepoint "ParallelGCSystemGC", Time since last: 59617500 ns, Reaching safepoint: 43800 ns, Cleanup: 19300 ns, At safepoint: 34372200 ns, Total: 34435300 ns
[2025-06-17T23:29:31.474+0300][16496][17012][debug][safepoint] Safepoint synchronization initiated using striped semaphore wait barrier. (34 threads)
[2025-06-17T23:29:31.474+0300][16496][17012][info ][safepoint] Safepoint "ICBufferFull", Time since last: 567684300 ns, Reaching safepoint: 58600 ns, Cleanup: 93500 ns, At safepoint: 4000 ns, Total: 156100 ns
[2025-06-17T23:29:31.730+0300][16496][17012][debug][safepoint] Safepoint synchronization initiated using striped semaphore wait barrier. (34 threads)
[2025-06-17T23:29:31.730+0300][16496][17012][debug][gc,heap  ] GC(2) Heap before GC invocations=3 (full 1):
[2025-06-17T23:29:31.730+0300][16496][17012][debug][gc,heap  ] GC(2)  PSYoungGen      total 3670016K, used 1063257K [0x0000000400000000, 0x0000000500000000, 0x0000000500000000)
[2025-06-17T23:29:31.730+0300][16496][17012][debug][gc,heap  ] GC(2)   eden space 3145728K, 33% used [0x0000000400000000,0x0000000440e56428,0x00000004c0000000)
[2025-06-17T23:29:31.730+0300][16496][17012][debug][gc,heap  ] GC(2)   from space 524288K, 0% used [0x00000004c0000000,0x00000004c0000000,0x00000004e0000000)
[2025-06-17T23:29:31.730+0300][16496][17012][debug][gc,heap  ] GC(2)   to   space 524288K, 0% used [0x00000004e0000000,0x00000004e0000000,0x0000000500000000)
[2025-06-17T23:29:31.730+0300][16496][17012][debug][gc,heap  ] GC(2)  ParOldGen       total 8388608K, used 9483K [0x0000000200000000, 0x0000000400000000, 0x0000000400000000)
[2025-06-17T23:29:31.730+0300][16496][17012][debug][gc,heap  ] GC(2)   object space 8388608K, 0% used [0x0000000200000000,0x0000000200942e98,0x0000000400000000)
[2025-06-17T23:29:31.730+0300][16496][17012][debug][gc,heap  ] GC(2)  Metaspace       used 25768K, committed 26240K, reserved 1114112K
[2025-06-17T23:29:31.730+0300][16496][17012][debug][gc,heap  ] GC(2)   class space    used 2446K, committed 2688K, reserved 1048576K
[2025-06-17T23:29:31.730+0300][16496][17012][debug][gc,phases] GC(2) Scavenge 3.621ms
[2025-06-17T23:29:31.730+0300][16496][17012][debug][gc,phases] GC(2) Reference Processing 0.059ms
[2025-06-17T23:29:31.730+0300][16496][17012][debug][gc,phases] GC(2)   VM Weak                        Min:  0.0, Avg:  0.0, Max:  0.0, Diff:  0.0, Sum:  0.0, Workers: 8
[2025-06-17T23:29:31.730+0300][16496][17012][debug][gc,phases] GC(2)     Dead                           Min: 0, Avg:  0.0, Max: 0, Diff: 0, Sum: 0, Workers: 8
[2025-06-17T23:29:31.730+0300][16496][17012][debug][gc,phases] GC(2)     Total                          Min: 0, Avg: 31.5, Max: 192, Diff: 192, Sum: 252, Workers: 8
[2025-06-17T23:29:31.730+0300][16496][17012][debug][gc,phases] GC(2)   ObjectSynchronizer Weak        Min:  0.0, Avg:  0.0, Max:  0.0, Diff:  0.0, Sum:  0.0, Workers: 8
[2025-06-17T23:29:31.730+0300][16496][17012][debug][gc,phases] GC(2)     Dead                           Min: 0, Avg:  0.1, Max: 1, Diff: 1, Sum: 1, Workers: 8
[2025-06-17T23:29:31.730+0300][16496][17012][debug][gc,phases] GC(2)     Total                          Min: 0, Avg:  2.9, Max: 23, Diff: 23, Sum: 23, Workers: 8
[2025-06-17T23:29:31.730+0300][16496][17012][debug][gc,phases] GC(2)   JVMTI Tag Weak OopStorage      Min:  0.0, Avg:  0.0, Max:  0.0, Diff:  0.0, Sum:  0.0, Workers: 8
[2025-06-17T23:29:31.730+0300][16496][17012][debug][gc,phases] GC(2)     Dead                           Min: 0, Avg:  0.0, Max: 0, Diff: 0, Sum: 0, Workers: 8
[2025-06-17T23:29:31.730+0300][16496][17012][debug][gc,phases] GC(2)     Total                          Min: 0, Avg:  0.0, Max: 0, Diff: 0, Sum: 0, Workers: 8
[2025-06-17T23:29:31.730+0300][16496][17012][debug][gc,phases] GC(2)   StringTable Weak               Min:  0.0, Avg:  0.0, Max:  0.1, Diff:  0.0, Sum:  0.4, Workers: 8
[2025-06-17T23:29:31.730+0300][16496][17012][debug][gc,phases] GC(2)     Dead                           Min: 0, Avg:  1.2, Max: 5, Diff: 5, Sum: 10, Workers: 8
[2025-06-17T23:29:31.730+0300][16496][17012][debug][gc,phases] GC(2)     Total                          Min: 1088, Avg: 2945.9, Max: 8128, Diff: 7040, Sum: 23567, Workers: 8
[2025-06-17T23:29:31.730+0300][16496][17012][debug][gc,phases] GC(2)   ResolvedMethodTable Weak       Min:  0.0, Avg:  0.0, Max:  0.0, Diff:  0.0, Sum:  0.0, Workers: 8
[2025-06-17T23:29:31.730+0300][16496][17012][debug][gc,phases] GC(2)     Dead                           Min: 0, Avg:  2.4, Max: 10, Diff: 10, Sum: 19, Workers: 8
[2025-06-17T23:29:31.730+0300][16496][17012][debug][gc,phases] GC(2)     Total                          Min: 0, Avg: 162.6, Max: 384, Diff: 384, Sum: 1301, Workers: 8
[2025-06-17T23:29:31.730+0300][16496][17012][debug][gc,phases] GC(2)   JNI Weak                       Min:  0.0, Avg:  0.0, Max:  0.0, Diff:  0.0, Sum:  0.0, Workers: 8
[2025-06-17T23:29:31.730+0300][16496][17012][debug][gc,phases] GC(2)     Dead                           Min: 0, Avg:  0.0, Max: 0, Diff: 0, Sum: 0, Workers: 8
[2025-06-17T23:29:31.730+0300][16496][17012][debug][gc,phases] GC(2)     Total                          Min: 0, Avg:  0.2, Max: 2, Diff: 2, Sum: 2, Workers: 8
[2025-06-17T23:29:31.730+0300][16496][17012][debug][gc,phases] GC(2)   StringDedup Table Weak         Min:  0.0, Avg:  0.0, Max:  0.0, Diff:  0.0, Sum:  0.0, Workers: 8
[2025-06-17T23:29:31.730+0300][16496][17012][debug][gc,phases] GC(2)     Dead                           Min: 0, Avg:  0.0, Max: 0, Diff: 0, Sum: 0, Workers: 8
[2025-06-17T23:29:31.730+0300][16496][17012][debug][gc,phases] GC(2)     Total                          Min: 0, Avg:  0.0, Max: 0, Diff: 0, Sum: 0, Workers: 8
[2025-06-17T23:29:31.730+0300][16496][17012][debug][gc,phases] GC(2)   StringDedup Requests0 Weak     Min:  0.0, Avg:  0.0, Max:  0.0, Diff:  0.0, Sum:  0.0, Workers: 8
[2025-06-17T23:29:31.730+0300][16496][17012][debug][gc,phases] GC(2)     Dead                           Min: 0, Avg:  0.0, Max: 0, Diff: 0, Sum: 0, Workers: 8
[2025-06-17T23:29:31.730+0300][16496][17012][debug][gc,phases] GC(2)     Total                          Min: 0, Avg:  0.0, Max: 0, Diff: 0, Sum: 0, Workers: 8
[2025-06-17T23:29:31.730+0300][16496][17012][debug][gc,phases] GC(2)   StringDedup Requests1 Weak     Min:  0.0, Avg:  0.0, Max:  0.0, Diff:  0.0, Sum:  0.0, Workers: 8
[2025-06-17T23:29:31.730+0300][16496][17012][debug][gc,phases] GC(2)     Dead                           Min: 0, Avg:  0.0, Max: 0, Diff: 0, Sum: 0, Workers: 8
[2025-06-17T23:29:31.730+0300][16496][17012][debug][gc,phases] GC(2)     Total                          Min: 0, Avg:  0.0, Max: 0, Diff: 0, Sum: 0, Workers: 8
[2025-06-17T23:29:31.730+0300][16496][17012][debug][gc,phases] GC(2)   Weak JFR Old Object Samples    Min:  0.0, Avg:  0.0, Max:  0.0, Diff:  0.0, Sum:  0.0, Workers: 8
[2025-06-17T23:29:31.730+0300][16496][17012][debug][gc,phases] GC(2)     Dead                           Min: 0, Avg:  0.0, Max: 0, Diff: 0, Sum: 0, Workers: 8
[2025-06-17T23:29:31.730+0300][16496][17012][debug][gc,phases] GC(2)     Total                          Min: 0, Avg:  0.0, Max: 0, Diff: 0, Sum: 0, Workers: 8
[2025-06-17T23:29:31.730+0300][16496][17012][debug][gc,phases] GC(2) Weak Processing 0.487ms
[2025-06-17T23:29:31.730+0300][16496][17012][info ][gc,heap  ] GC(2) PSYoungGen: 1063257K(3670016K)->4679K(3670016K) Eden: 1063257K(3145728K)->0K(3145728K) From: 0K(524288K)->4679K(524288K)
[2025-06-17T23:29:31.730+0300][16496][17012][info ][gc,heap  ] GC(2) ParOldGen: 9483K(8388608K)->9491K(8388608K)
[2025-06-17T23:29:31.730+0300][16496][17012][info ][gc       ] GC(2) Pause Young (Metadata GC Threshold) 1047M->13M(11776M) 4.296ms
[2025-06-17T23:29:31.730+0300][16496][17012][debug][gc,heap  ] GC(2) Heap after GC invocations=3 (full 1):
[2025-06-17T23:29:31.730+0300][16496][17012][debug][gc,heap  ] GC(2)  PSYoungGen      total 3670016K, used 4679K [0x0000000400000000, 0x0000000500000000, 0x0000000500000000)
[2025-06-17T23:29:31.730+0300][16496][17012][debug][gc,heap  ] GC(2)   eden space 3145728K, 0% used [0x0000000400000000,0x0000000400000000,0x00000004c0000000)
[2025-06-17T23:29:31.730+0300][16496][17012][debug][gc,heap  ] GC(2)   from space 524288K, 0% used [0x00000004e0000000,0x00000004e0491d70,0x0000000500000000)
[2025-06-17T23:29:31.730+0300][16496][17012][debug][gc,heap  ] GC(2)   to   space 524288K, 0% used [0x00000004c0000000,0x00000004c0000000,0x00000004e0000000)
[2025-06-17T23:29:31.730+0300][16496][17012][debug][gc,heap  ] GC(2)  ParOldGen       total 8388608K, used 9491K [0x0000000200000000, 0x0000000400000000, 0x0000000400000000)
[2025-06-17T23:29:31.730+0300][16496][17012][debug][gc,heap  ] GC(2)   object space 8388608K, 0% used [0x0000000200000000,0x0000000200944e98,0x0000000400000000)
[2025-06-17T23:29:31.730+0300][16496][17012][debug][gc,heap  ] GC(2)  Metaspace       used 25768K, committed 26240K, reserved 1114112K
[2025-06-17T23:29:31.730+0300][16496][17012][debug][gc,heap  ] GC(2)   class space    used 2446K, committed 2688K, reserved 1048576K
[2025-06-17T23:29:31.730+0300][16496][17012][debug][gc,heap  ] GC(3) Heap before GC invocations=4 (full 2):
[2025-06-17T23:29:31.730+0300][16496][17012][debug][gc,heap  ] GC(3)  PSYoungGen      total 3670016K, used 4679K [0x0000000400000000, 0x0000000500000000, 0x0000000500000000)
[2025-06-17T23:29:31.730+0300][16496][17012][debug][gc,heap  ] GC(3)   eden space 3145728K, 0% used [0x0000000400000000,0x0000000400000000,0x00000004c0000000)
[2025-06-17T23:29:31.730+0300][16496][17012][debug][gc,heap  ] GC(3)   from space 524288K, 0% used [0x00000004e0000000,0x00000004e0491d70,0x0000000500000000)
[2025-06-17T23:29:31.730+0300][16496][17012][debug][gc,heap  ] GC(3)   to   space 524288K, 0% used [0x00000004c0000000,0x00000004c0000000,0x00000004e0000000)
[2025-06-17T23:29:31.730+0300][16496][17012][debug][gc,heap  ] GC(3)  ParOldGen       total 8388608K, used 9491K [0x0000000200000000, 0x0000000400000000, 0x0000000400000000)
[2025-06-17T23:29:31.730+0300][16496][17012][debug][gc,heap  ] GC(3)   object space 8388608K, 0% used [0x0000000200000000,0x0000000200944e98,0x0000000400000000)
[2025-06-17T23:29:31.730+0300][16496][17012][debug][gc,heap  ] GC(3)  Metaspace       used 25768K, committed 26240K, reserved 1114112K
[2025-06-17T23:29:31.730+0300][16496][17012][debug][gc,heap  ] GC(3)   class space    used 2446K, committed 2688K, reserved 1048576K
[2025-06-17T23:29:31.730+0300][16496][17012][debug][gc,phases] GC(3) Pre Compact 0.100ms
[2025-06-17T23:29:31.739+0300][16496][17012][debug][gc,phases] GC(3) Par Mark 4.561ms
[2025-06-17T23:29:31.739+0300][16496][17012][debug][gc,phases] GC(3) Reference Processing 0.335ms
[2025-06-17T23:29:31.739+0300][16496][17012][debug][gc,phases] GC(3)   VM Weak                        Min:  0.0, Avg:  0.0, Max:  0.0, Diff:  0.0, Sum:  0.0, Workers: 8
[2025-06-17T23:29:31.739+0300][16496][17012][debug][gc,phases] GC(3)     Dead                           Min: 0, Avg:  0.0, Max: 0, Diff: 0, Sum: 0, Workers: 8
[2025-06-17T23:29:31.739+0300][16496][17012][debug][gc,phases] GC(3)     Total                          Min: 0, Avg: 31.5, Max: 252, Diff: 252, Sum: 252, Workers: 8
[2025-06-17T23:29:31.739+0300][16496][17012][debug][gc,phases] GC(3)   ObjectSynchronizer Weak        Min:  0.0, Avg:  0.0, Max:  0.0, Diff:  0.0, Sum:  0.0, Workers: 8
[2025-06-17T23:29:31.739+0300][16496][17012][debug][gc,phases] GC(3)     Dead                           Min: 0, Avg:  0.0, Max: 0, Diff: 0, Sum: 0, Workers: 8
[2025-06-17T23:29:31.739+0300][16496][17012][debug][gc,phases] GC(3)     Total                          Min: 0, Avg:  2.9, Max: 23, Diff: 23, Sum: 23, Workers: 8
[2025-06-17T23:29:31.739+0300][16496][17012][debug][gc,phases] GC(3)   JVMTI Tag Weak OopStorage      Min:  0.0, Avg:  0.0, Max:  0.0, Diff:  0.0, Sum:  0.0, Workers: 8
[2025-06-17T23:29:31.739+0300][16496][17012][debug][gc,phases] GC(3)     Dead                           Min: 0, Avg:  0.0, Max: 0, Diff: 0, Sum: 0, Workers: 8
[2025-06-17T23:29:31.739+0300][16496][17012][debug][gc,phases] GC(3)     Total                          Min: 0, Avg:  0.0, Max: 0, Diff: 0, Sum: 0, Workers: 8
[2025-06-17T23:29:31.739+0300][16496][17012][debug][gc,phases] GC(3)   StringTable Weak               Min:  0.0, Avg:  0.0, Max:  0.1, Diff:  0.1, Sum:  0.2, Workers: 8
[2025-06-17T23:29:31.739+0300][16496][17012][debug][gc,phases] GC(3)     Dead                           Min: 0, Avg:  0.0, Max: 0, Diff: 0, Sum: 0, Workers: 8
[2025-06-17T23:29:31.739+0300][16496][17012][debug][gc,phases] GC(3)     Total                          Min: 0, Avg: 2945.9, Max: 6528, Diff: 6528, Sum: 23567, Workers: 8
[2025-06-17T23:29:31.739+0300][16496][17012][debug][gc,phases] GC(3)   ResolvedMethodTable Weak       Min:  0.0, Avg:  0.0, Max:  0.0, Diff:  0.0, Sum:  0.0, Workers: 8
[2025-06-17T23:29:31.739+0300][16496][17012][debug][gc,phases] GC(3)     Dead                           Min: 0, Avg:  0.0, Max: 0, Diff: 0, Sum: 0, Workers: 8
[2025-06-17T23:29:31.739+0300][16496][17012][debug][gc,phases] GC(3)     Total                          Min: 0, Avg: 162.6, Max: 320, Diff: 320, Sum: 1301, Workers: 8
[2025-06-17T23:29:31.739+0300][16496][17012][debug][gc,phases] GC(3)   JNI Weak                       Min:  0.0, Avg:  0.0, Max:  0.0, Diff:  0.0, Sum:  0.0, Workers: 8
[2025-06-17T23:29:31.739+0300][16496][17012][debug][gc,phases] GC(3)     Dead                           Min: 0, Avg:  0.0, Max: 0, Diff: 0, Sum: 0, Workers: 8
[2025-06-17T23:29:31.739+0300][16496][17012][debug][gc,phases] GC(3)     Total                          Min: 0, Avg:  0.2, Max: 2, Diff: 2, Sum: 2, Workers: 8
[2025-06-17T23:29:31.739+0300][16496][17012][debug][gc,phases] GC(3)   StringDedup Table Weak         Min:  0.0, Avg:  0.0, Max:  0.0, Diff:  0.0, Sum:  0.0, Workers: 8
[2025-06-17T23:29:31.739+0300][16496][17012][debug][gc,phases] GC(3)     Dead                           Min: 0, Avg:  0.0, Max: 0, Diff: 0, Sum: 0, Workers: 8
[2025-06-17T23:29:31.739+0300][16496][17012][debug][gc,phases] GC(3)     Total                          Min: 0, Avg:  0.0, Max: 0, Diff: 0, Sum: 0, Workers: 8
[2025-06-17T23:29:31.739+0300][16496][17012][debug][gc,phases] GC(3)   StringDedup Requests0 Weak     Min:  0.0, Avg:  0.0, Max:  0.0, Diff:  0.0, Sum:  0.0, Workers: 8
[2025-06-17T23:29:31.739+0300][16496][17012][debug][gc,phases] GC(3)     Dead                           Min: 0, Avg:  0.0, Max: 0, Diff: 0, Sum: 0, Workers: 8
[2025-06-17T23:29:31.739+0300][16496][17012][debug][gc,phases] GC(3)     Total                          Min: 0, Avg:  0.0, Max: 0, Diff: 0, Sum: 0, Workers: 8
[2025-06-17T23:29:31.739+0300][16496][17012][debug][gc,phases] GC(3)   StringDedup Requests1 Weak     Min:  0.0, Avg:  0.0, Max:  0.0, Diff:  0.0, Sum:  0.0, Workers: 8
[2025-06-17T23:29:31.739+0300][16496][17012][debug][gc,phases] GC(3)     Dead                           Min: 0, Avg:  0.0, Max: 0, Diff: 0, Sum: 0, Workers: 8
[2025-06-17T23:29:31.739+0300][16496][17012][debug][gc,phases] GC(3)     Total                          Min: 0, Avg:  0.0, Max: 0, Diff: 0, Sum: 0, Workers: 8
[2025-06-17T23:29:31.739+0300][16496][17012][debug][gc,phases] GC(3)   Weak JFR Old Object Samples    Min:  0.0, Avg:  0.0, Max:  0.0, Diff:  0.0, Sum:  0.0, Workers: 8
[2025-06-17T23:29:31.739+0300][16496][17012][debug][gc,phases] GC(3)     Dead                           Min: 0, Avg:  0.0, Max: 0, Diff: 0, Sum: 0, Workers: 8
[2025-06-17T23:29:31.739+0300][16496][17012][debug][gc,phases] GC(3)     Total                          Min: 0, Avg:  0.0, Max: 0, Diff: 0, Sum: 0, Workers: 8
[2025-06-17T23:29:31.739+0300][16496][17012][debug][gc,phases] GC(3) Weak Processing 0.563ms
[2025-06-17T23:29:31.739+0300][16496][17012][debug][gc,phases] GC(3) ClassLoaderData 0.017ms
[2025-06-17T23:29:31.739+0300][16496][17012][debug][gc,phases] GC(3) Trigger cleanups 0.000ms
[2025-06-17T23:29:31.746+0300][16496][17012][debug][gc,phases] GC(3) Purge Unlinked NMethods 0.500ms
[2025-06-17T23:29:31.746+0300][16496][17012][debug][gc,phases] GC(3) Unregister NMethods 0.001ms
[2025-06-17T23:29:31.746+0300][16496][17012][debug][gc,phases] GC(3) Free Code Blobs 0.087ms
[2025-06-17T23:29:31.746+0300][16496][17012][debug][gc,phases] GC(3) Class Unloading 5.729ms
[2025-06-17T23:29:31.746+0300][16496][17012][debug][gc,phases] GC(3) Report Object Count 0.001ms
[2025-06-17T23:29:31.746+0300][16496][17012][info ][gc,phases] GC(3) Marking Phase 11.343ms
[2025-06-17T23:29:31.746+0300][16496][17012][info ][gc,phases] GC(3) Summary Phase 0.003ms
[2025-06-17T23:29:31.746+0300][16496][17012][info ][gc,phases] GC(3) Adjust Roots 4.520ms
[2025-06-17T23:29:31.757+0300][16496][17012][info ][gc,phases] GC(3) Compaction Phase 10.130ms
[2025-06-17T23:29:31.762+0300][16496][17012][debug][gc,phases] GC(3) Purge Class Loader Data 0.131ms
[2025-06-17T23:29:31.762+0300][16496][17012][info ][gc,phases] GC(3) Post Compact 0.770ms
[2025-06-17T23:29:31.762+0300][16496][17012][info ][gc,heap  ] GC(3) PSYoungGen: 4679K(3670016K)->0K(3670016K) Eden: 0K(3145728K)->0K(3145728K) From: 4679K(524288K)->0K(524288K)
[2025-06-17T23:29:31.762+0300][16496][17012][info ][gc,heap  ] GC(3) ParOldGen: 9491K(8388608K)->13747K(8388608K)
[2025-06-17T23:29:31.762+0300][16496][17012][info ][gc       ] GC(3) Pause Full (Metadata GC Threshold) 13M->13M(11776M) 26.946ms
[2025-06-17T23:29:31.762+0300][16496][17012][debug][gc,heap  ] GC(3) Heap after GC invocations=4 (full 2):
[2025-06-17T23:29:31.762+0300][16496][17012][debug][gc,heap  ] GC(3)  PSYoungGen      total 3670016K, used 0K [0x0000000400000000, 0x0000000500000000, 0x0000000500000000)
[2025-06-17T23:29:31.762+0300][16496][17012][debug][gc,heap  ] GC(3)   eden space 3145728K, 0% used [0x0000000400000000,0x0000000400000000,0x00000004c0000000)
[2025-06-17T23:29:31.762+0300][16496][17012][debug][gc,heap  ] GC(3)   from space 524288K, 0% used [0x00000004e0000000,0x00000004e0000000,0x0000000500000000)
[2025-06-17T23:29:31.762+0300][16496][17012][debug][gc,heap  ] GC(3)   to   space 524288K, 0% used [0x00000004c0000000,0x00000004c0000000,0x00000004e0000000)
[2025-06-17T23:29:31.762+0300][16496][17012][debug][gc,heap  ] GC(3)  ParOldGen       total 8388608K, used 13747K [0x0000000200000000, 0x0000000400000000, 0x0000000400000000)
[2025-06-17T23:29:31.762+0300][16496][17012][debug][gc,heap  ] GC(3)   object space 8388608K, 0% used [0x0000000200000000,0x0000000200d6cec0,0x0000000400000000)
[2025-06-17T23:29:31.762+0300][16496][17012][debug][gc,heap  ] GC(3)  Metaspace       used 25768K, committed 26240K, reserved 1114112K
[2025-06-17T23:29:31.762+0300][16496][17012][debug][gc,heap  ] GC(3)   class space    used 2446K, committed 2688K, reserved 1048576K
[2025-06-17T23:29:31.762+0300][16496][17012][info ][safepoint] Safepoint "CollectForMetadataAllocation", Time since last: 255215800 ns, Reaching safepoint: 50000 ns, Cleanup: 25400 ns, At safepoint: 31770600 ns, Total: 31846000 ns
[2025-06-17T23:29:32.079+0300][16496][17012][debug][safepoint] Safepoint synchronization initiated using striped semaphore wait barrier. (34 threads)
[2025-06-17T23:29:32.079+0300][16496][17012][info ][safepoint] Safepoint "ICBufferFull", Time since last: 316692600 ns, Reaching safepoint: 83200 ns, Cleanup: 99600 ns, At safepoint: 6300 ns, Total: 189100 ns
[2025-06-17T23:29:32.289+0300][16496][17012][debug][safepoint] Safepoint synchronization initiated using striped semaphore wait barrier. (34 threads)
[2025-06-17T23:29:32.289+0300][16496][16920][debug][safepoint] ... found polling page loop exception at pc = 0x00000110ca3c99e0, stub =0x00000110d1615600
[2025-06-17T23:29:32.289+0300][16496][17012][info ][safepoint] Safepoint "ICBufferFull", Time since last: 210917300 ns, Reaching safepoint: 187400 ns, Cleanup: 111700 ns, At safepoint: 22200 ns, Total: 321300 ns
[2025-06-17T23:29:32.575+0300][16496][17012][debug][safepoint] Safepoint synchronization initiated using striped semaphore wait barrier. (34 threads)
[2025-06-17T23:29:32.575+0300][16496][17012][info ][safepoint] Safepoint "ICBufferFull", Time since last: 285311400 ns, Reaching safepoint: 68600 ns, Cleanup: 149500 ns, At safepoint: 2000 ns, Total: 220100 ns
[2025-06-17T23:29:32.955+0300][16496][17012][debug][safepoint] Safepoint synchronization initiated using striped semaphore wait barrier. (34 threads)
[2025-06-17T23:29:32.955+0300][16496][17012][info ][safepoint] Safepoint "ICBufferFull", Time since last: 379729000 ns, Reaching safepoint: 89900 ns, Cleanup: 164800 ns, At safepoint: 2600 ns, Total: 257300 ns
[2025-06-17T23:29:33.567+0300][16496][17012][debug][safepoint] Safepoint synchronization initiated using striped semaphore wait barrier. (34 threads)
[2025-06-17T23:29:33.567+0300][16496][17012][info ][safepoint] Safepoint "ICBufferFull", Time since last: 611662100 ns, Reaching safepoint: 57600 ns, Cleanup: 114100 ns, At safepoint: 1200 ns, Total: 172900 ns
[2025-06-17T23:29:33.879+0300][16496][17012][debug][safepoint] Safepoint synchronization initiated using striped semaphore wait barrier. (34 threads)
[2025-06-17T23:29:33.879+0300][16496][17012][info ][safepoint] Safepoint "ICBufferFull", Time since last: 312050900 ns, Reaching safepoint: 59400 ns, Cleanup: 116300 ns, At safepoint: 5700 ns, Total: 181400 ns
[2025-06-17T23:29:34.550+0300][16496][17012][debug][safepoint] Safepoint synchronization initiated using striped semaphore wait barrier. (34 threads)
[2025-06-17T23:29:34.550+0300][16496][17012][info ][safepoint] Safepoint "ICBufferFull", Time since last: 670784900 ns, Reaching safepoint: 57600 ns, Cleanup: 127600 ns, At safepoint: 1400 ns, Total: 186600 ns
[2025-06-17T23:29:35.102+0300][16496][17012][debug][safepoint] Safepoint synchronization initiated using striped semaphore wait barrier. (34 threads)
[2025-06-17T23:29:35.102+0300][16496][17012][info ][safepoint] Safepoint "ICBufferFull", Time since last: 551230100 ns, Reaching safepoint: 51400 ns, Cleanup: 121900 ns, At safepoint: 6000 ns, Total: 179300 ns
[2025-06-17T23:29:35.886+0300][16496][17012][debug][safepoint] Safepoint synchronization initiated using striped semaphore wait barrier. (34 threads)
[2025-06-17T23:29:35.886+0300][16496][17012][info ][safepoint] Safepoint "ICBufferFull", Time since last: 784583800 ns, Reaching safepoint: 57800 ns, Cleanup: 94900 ns, At safepoint: 4500 ns, Total: 157200 ns
[2025-06-17T23:29:36.594+0300][16496][17012][debug][safepoint] Safepoint synchronization initiated using striped semaphore wait barrier. (34 threads)
[2025-06-17T23:29:36.594+0300][16496][17012][info ][safepoint] Safepoint "ICBufferFull", Time since last: 707452900 ns, Reaching safepoint: 90500 ns, Cleanup: 119800 ns, At safepoint: 15200 ns, Total: 225500 ns
[2025-06-17T23:29:36.594+0300][16496][17012][debug][safepoint] Safepoint synchronization initiated using striped semaphore wait barrier. (34 threads)
[2025-06-17T23:29:36.594+0300][16496][17012][info ][safepoint] Safepoint "ICBufferFull", Time since last: 40600 ns, Reaching safepoint: 31700 ns, Cleanup: 6100 ns, At safepoint: 22900 ns, Total: 60700 ns
[2025-06-17T23:29:36.594+0300][16496][17012][debug][safepoint] Safepoint synchronization initiated using striped semaphore wait barrier. (34 threads)
[2025-06-17T23:29:36.594+0300][16496][17012][info ][safepoint] Safepoint "ICBufferFull", Time since last: 67500 ns, Reaching safepoint: 43400 ns, Cleanup: 2600 ns, At safepoint: 13300 ns, Total: 59300 ns
[2025-06-17T23:29:36.594+0300][16496][17012][debug][safepoint] Safepoint synchronization initiated using striped semaphore wait barrier. (34 threads)
[2025-06-17T23:29:36.594+0300][16496][17012][info ][safepoint] Safepoint "ICBufferFull", Time since last: 107100 ns, Reaching safepoint: 61900 ns, Cleanup: 2900 ns, At safepoint: 18000 ns, Total: 82800 ns
[2025-06-17T23:29:37.374+0300][16496][17012][debug][safepoint] Safepoint synchronization initiated using striped semaphore wait barrier. (33 threads)
[2025-06-17T23:29:37.374+0300][16496][17012][info ][safepoint] Safepoint "ICBufferFull", Time since last: 779369000 ns, Reaching safepoint: 68100 ns, Cleanup: 133200 ns, At safepoint: 26200 ns, Total: 227500 ns
[2025-06-17T23:29:38.387+0300][16496][17012][debug][safepoint] Safepoint synchronization initiated using striped semaphore wait barrier. (33 threads)
[2025-06-17T23:29:38.388+0300][16496][17012][info ][safepoint] Safepoint "Cleanup", Time since last: 1012822300 ns, Reaching safepoint: 95400 ns, Cleanup: 89300 ns, At safepoint: 30500 ns, Total: 215200 ns
[2025-06-17T23:29:39.403+0300][16496][17012][debug][safepoint] Safepoint synchronization initiated using striped semaphore wait barrier. (32 threads)
[2025-06-17T23:29:39.403+0300][16496][17012][info ][safepoint] Safepoint "Cleanup", Time since last: 1015056100 ns, Reaching safepoint: 94800 ns, Cleanup: 110700 ns, At safepoint: 26300 ns, Total: 231800 ns
[2025-06-17T23:29:40.408+0300][16496][17012][debug][safepoint] Safepoint synchronization initiated using striped semaphore wait barrier. (32 threads)
[2025-06-17T23:29:40.408+0300][16496][17012][info ][safepoint] Safepoint "Cleanup", Time since last: 1005837100 ns, Reaching safepoint: 117300 ns, Cleanup: 90700 ns, At safepoint: 15400 ns, Total: 223400 ns
[2025-06-17T23:29:41.412+0300][16496][17012][debug][safepoint] Safepoint synchronization initiated using striped semaphore wait barrier. (32 threads)
[2025-06-17T23:29:41.412+0300][16496][17012][info ][safepoint] Safepoint "Cleanup", Time since last: 1003550800 ns, Reaching safepoint: 80400 ns, Cleanup: 45500 ns, At safepoint: 4800 ns, Total: 130700 ns
[2025-06-17T23:29:42.414+0300][16496][17012][debug][safepoint] Safepoint synchronization initiated using striped semaphore wait barrier. (32 threads)
[2025-06-17T23:29:42.414+0300][16496][17012][info ][safepoint] Safepoint "Cleanup", Time since last: 1001966100 ns, Reaching safepoint: 80600 ns, Cleanup: 38200 ns, At safepoint: 8000 ns, Total: 126800 ns
[2025-06-17T23:29:43.419+0300][16496][17012][debug][safepoint] Safepoint synchronization initiated using striped semaphore wait barrier. (32 threads)
[2025-06-17T23:29:43.419+0300][16496][17012][info ][safepoint] Safepoint "Cleanup", Time since last: 1004326800 ns, Reaching safepoint: 141000 ns, Cleanup: 36700 ns, At safepoint: 5900 ns, Total: 183600 ns
[2025-06-17T23:29:44.419+0300][16496][17012][debug][safepoint] Safepoint synchronization initiated using striped semaphore wait barrier. (32 threads)
[2025-06-17T23:29:44.419+0300][16496][17012][info ][safepoint] Safepoint "Cleanup", Time since last: 1000450200 ns, Reaching safepoint: 122200 ns, Cleanup: 67400 ns, At safepoint: 10900 ns, Total: 200500 ns
[2025-06-17T23:29:45.420+0300][16496][17012][debug][safepoint] Safepoint synchronization initiated using striped semaphore wait barrier. (32 threads)
[2025-06-17T23:29:45.420+0300][16496][17012][info ][safepoint] Safepoint "Cleanup", Time since last: 1000213900 ns, Reaching safepoint: 102400 ns, Cleanup: 40200 ns, At safepoint: 18100 ns, Total: 160700 ns
[2025-06-17T23:29:46.428+0300][16496][17012][debug][safepoint] Safepoint synchronization initiated using striped semaphore wait barrier. (32 threads)
[2025-06-17T23:29:46.428+0300][16496][17012][info ][safepoint] Safepoint "Cleanup", Time since last: 1008365300 ns, Reaching safepoint: 177400 ns, Cleanup: 50200 ns, At safepoint: 10400 ns, Total: 238000 ns
[2025-06-17T23:29:47.433+0300][16496][17012][debug][safepoint] Safepoint synchronization initiated using striped semaphore wait barrier. (32 threads)
[2025-06-17T23:29:47.433+0300][16496][17012][info ][safepoint] Safepoint "Cleanup", Time since last: 1003993100 ns, Reaching safepoint: 312200 ns, Cleanup: 118500 ns, At safepoint: 37600 ns, Total: 468300 ns
[2025-06-17T23:29:48.433+0300][16496][17012][debug][safepoint] Safepoint synchronization initiated using striped semaphore wait barrier. (32 threads)
[2025-06-17T23:29:48.433+0300][16496][17012][info ][safepoint] Safepoint "Cleanup", Time since last: 1000188900 ns, Reaching safepoint: 74300 ns, Cleanup: 42700 ns, At safepoint: 5900 ns, Total: 122900 ns
[2025-06-17T23:29:49.434+0300][16496][17012][debug][safepoint] Safepoint synchronization initiated using striped semaphore wait barrier. (33 threads)
[2025-06-17T23:29:49.434+0300][16496][17012][info ][safepoint] Safepoint "Cleanup", Time since last: 1000437000 ns, Reaching safepoint: 106800 ns, Cleanup: 39600 ns, At safepoint: 9400 ns, Total: 155800 ns
[2025-06-17T23:29:50.439+0300][16496][17012][debug][safepoint] Safepoint synchronization initiated using striped semaphore wait barrier. (32 threads)
[2025-06-17T23:29:50.439+0300][16496][17012][info ][safepoint] Safepoint "Cleanup", Time since last: 1004641200 ns, Reaching safepoint: 119700 ns, Cleanup: 20700 ns, At safepoint: 14500 ns, Total: 154900 ns
[2025-06-17T23:29:51.439+0300][16496][17012][debug][safepoint] Safepoint synchronization initiated using striped semaphore wait barrier. (32 threads)
[2025-06-17T23:29:51.439+0300][16496][17012][info ][safepoint] Safepoint "Cleanup", Time since last: 1000027100 ns, Reaching safepoint: 210400 ns, Cleanup: 42500 ns, At safepoint: 37400 ns, Total: 290300 ns
[2025-06-17T23:29:52.449+0300][16496][17012][debug][safepoint] Safepoint synchronization initiated using striped semaphore wait barrier. (32 threads)
[2025-06-17T23:29:52.449+0300][16496][17012][info ][safepoint] Safepoint "Cleanup", Time since last: 1010475500 ns, Reaching safepoint: 132000 ns, Cleanup: 47400 ns, At safepoint: 13800 ns, Total: 193200 ns
[2025-06-17T23:29:53.462+0300][16496][17012][debug][safepoint] Safepoint synchronization initiated using striped semaphore wait barrier. (32 threads)
[2025-06-17T23:29:53.462+0300][16496][17012][info ][safepoint] Safepoint "Cleanup", Time since last: 1012403400 ns, Reaching safepoint: 126800 ns, Cleanup: 27000 ns, At safepoint: 12100 ns, Total: 165900 ns
[2025-06-17T23:29:54.464+0300][16496][17012][debug][safepoint] Safepoint synchronization initiated using striped semaphore wait barrier. (32 threads)
[2025-06-17T23:29:54.464+0300][16496][7180 ][debug][safepoint] ... found polling page loop exception at pc = 0x00000110d20c5ea5, stub =0x00000110d1615600
[2025-06-17T23:29:54.464+0300][16496][17012][info ][safepoint] Safepoint "Cleanup", Time since last: 1001441600 ns, Reaching safepoint: 285200 ns, Cleanup: 45600 ns, At safepoint: 42100 ns, Total: 372900 ns
[2025-06-17T23:29:55.476+0300][16496][17012][debug][safepoint] Safepoint synchronization initiated using striped semaphore wait barrier. (32 threads)
[2025-06-17T23:29:55.476+0300][16496][7180 ][debug][safepoint] ... found polling page loop exception at pc = 0x00000110d22eea83, stub =0x00000110d1614d80
[2025-06-17T23:29:55.476+0300][16496][17012][info ][safepoint] Safepoint "Cleanup", Time since last: 1011956200 ns, Reaching safepoint: 286200 ns, Cleanup: 32800 ns, At safepoint: 36400 ns, Total: 355400 ns
[2025-06-17T23:29:56.489+0300][16496][17012][debug][safepoint] Safepoint synchronization initiated using striped semaphore wait barrier. (32 threads)
[2025-06-17T23:29:56.489+0300][16496][15144][debug][safepoint] ... found polling page loop exception at pc = 0x00000110d227d69f, stub =0x00000110d1614d80
[2025-06-17T23:29:56.489+0300][16496][17012][info ][safepoint] Safepoint "Cleanup", Time since last: 1011945600 ns, Reaching safepoint: 171700 ns, Cleanup: 26000 ns, At safepoint: 5900 ns, Total: 203600 ns
[2025-06-17T23:29:57.498+0300][16496][17012][debug][safepoint] Safepoint synchronization initiated using striped semaphore wait barrier. (32 threads)
[2025-06-17T23:29:57.498+0300][16496][17012][info ][safepoint] Safepoint "Cleanup", Time since last: 1009033100 ns, Reaching safepoint: 141100 ns, Cleanup: 51900 ns, At safepoint: 20200 ns, Total: 213200 ns
[2025-06-17T23:29:58.508+0300][16496][17012][debug][safepoint] Safepoint synchronization initiated using striped semaphore wait barrier. (32 threads)
[2025-06-17T23:29:58.508+0300][16496][17012][info ][safepoint] Safepoint "Cleanup", Time since last: 1010046000 ns, Reaching safepoint: 119300 ns, Cleanup: 31200 ns, At safepoint: 36400 ns, Total: 186900 ns
[2025-06-17T23:29:59.511+0300][16496][17012][debug][safepoint] Safepoint synchronization initiated using striped semaphore wait barrier. (32 threads)
[2025-06-17T23:29:59.511+0300][16496][17012][info ][safepoint] Safepoint "Cleanup", Time since last: 1003091300 ns, Reaching safepoint: 102100 ns, Cleanup: 65000 ns, At safepoint: 6300 ns, Total: 173400 ns
[2025-06-17T23:30:00.524+0300][16496][17012][debug][safepoint] Safepoint synchronization initiated using striped semaphore wait barrier. (32 threads)
[2025-06-17T23:30:00.524+0300][16496][3548 ][debug][safepoint] ... found polling page loop exception at pc = 0x00000110d20bacb1, stub =0x00000110d1615600
[2025-06-17T23:30:00.524+0300][16496][17012][info ][safepoint] Safepoint "Cleanup", Time since last: 1012509500 ns, Reaching safepoint: 347100 ns, Cleanup: 71000 ns, At safepoint: 23400 ns, Total: 441500 ns
[2025-06-17T23:30:01.540+0300][16496][17012][debug][safepoint] Safepoint synchronization initiated using striped semaphore wait barrier. (32 threads)
[2025-06-17T23:30:01.540+0300][16496][17012][info ][safepoint] Safepoint "Cleanup", Time since last: 1015418000 ns, Reaching safepoint: 112400 ns, Cleanup: 44800 ns, At safepoint: 19200 ns, Total: 176400 ns
[2025-06-17T23:30:02.551+0300][16496][17012][debug][safepoint] Safepoint synchronization initiated using striped semaphore wait barrier. (32 threads)
[2025-06-17T23:30:02.551+0300][16496][22056][debug][safepoint] ... found polling page loop exception at pc = 0x00000110d2244e20, stub =0x00000110d1615600
[2025-06-17T23:30:02.551+0300][16496][17012][info ][safepoint] Safepoint "Cleanup", Time since last: 1011616400 ns, Reaching safepoint: 186500 ns, Cleanup: 28000 ns, At safepoint: 10500 ns, Total: 225000 ns
[2025-06-17T23:30:03.565+0300][16496][17012][debug][safepoint] Safepoint synchronization initiated using striped semaphore wait barrier. (32 threads)
[2025-06-17T23:30:03.565+0300][16496][17012][info ][safepoint] Safepoint "Cleanup", Time since last: 1013634100 ns, Reaching safepoint: 96100 ns, Cleanup: 25100 ns, At safepoint: 5100 ns, Total: 126300 ns
[2025-06-17T23:30:04.566+0300][16496][17012][debug][safepoint] Safepoint synchronization initiated using striped semaphore wait barrier. (32 threads)
[2025-06-17T23:30:04.566+0300][16496][17012][info ][safepoint] Safepoint "Cleanup", Time since last: 1000984600 ns, Reaching safepoint: 130500 ns, Cleanup: 37200 ns, At safepoint: 2700 ns, Total: 170400 ns
[2025-06-17T23:30:05.579+0300][16496][17012][debug][safepoint] Safepoint synchronization initiated using striped semaphore wait barrier. (32 threads)
[2025-06-17T23:30:05.579+0300][16496][17012][info ][safepoint] Safepoint "Cleanup", Time since last: 1011809100 ns, Reaching safepoint: 112300 ns, Cleanup: 29200 ns, At safepoint: 30900 ns, Total: 172400 ns
[2025-06-17T23:30:07.596+0300][16496][17012][debug][safepoint] Safepoint synchronization initiated using striped semaphore wait barrier. (32 threads)
[2025-06-17T23:30:07.596+0300][16496][17012][info ][safepoint] Safepoint "Cleanup", Time since last: 2017352200 ns, Reaching safepoint: 189300 ns, Cleanup: 41500 ns, At safepoint: 16600 ns, Total: 247400 ns
[2025-06-17T23:30:08.608+0300][16496][17012][debug][safepoint] Safepoint synchronization initiated using striped semaphore wait barrier. (32 threads)
[2025-06-17T23:30:08.608+0300][16496][17012][info ][safepoint] Safepoint "Cleanup", Time since last: 1011892700 ns, Reaching safepoint: 157900 ns, Cleanup: 20800 ns, At safepoint: 17400 ns, Total: 196100 ns
[2025-06-17T23:30:09.612+0300][16496][17012][debug][safepoint] Safepoint synchronization initiated using striped semaphore wait barrier. (32 threads)
[2025-06-17T23:30:09.612+0300][16496][9760 ][debug][safepoint] ... found polling page loop exception at pc = 0x00000110d20c5ea5, stub =0x00000110d1615600
[2025-06-17T23:30:09.612+0300][16496][17012][info ][safepoint] Safepoint "Cleanup", Time since last: 1004056900 ns, Reaching safepoint: 338400 ns, Cleanup: 34900 ns, At safepoint: 28500 ns, Total: 401800 ns
[2025-06-17T23:30:10.626+0300][16496][17012][debug][safepoint] Safepoint synchronization initiated using striped semaphore wait barrier. (32 threads)
[2025-06-17T23:30:10.626+0300][16496][17012][info ][safepoint] Safepoint "Cleanup", Time since last: 1013505700 ns, Reaching safepoint: 106700 ns, Cleanup: 30500 ns, At safepoint: 11400 ns, Total: 148600 ns
[2025-06-17T23:30:11.638+0300][16496][17012][debug][safepoint] Safepoint synchronization initiated using striped semaphore wait barrier. (32 threads)
[2025-06-17T23:30:11.638+0300][16496][17012][info ][safepoint] Safepoint "Cleanup", Time since last: 1011080200 ns, Reaching safepoint: 86000 ns, Cleanup: 26800 ns, At safepoint: 7200 ns, Total: 120000 ns
[2025-06-17T23:30:12.650+0300][16496][17012][debug][safepoint] Safepoint synchronization initiated using striped semaphore wait barrier. (32 threads)
[2025-06-17T23:30:12.650+0300][16496][17012][info ][safepoint] Safepoint "Cleanup", Time since last: 1012147300 ns, Reaching safepoint: 89900 ns, Cleanup: 34100 ns, At safepoint: 6100 ns, Total: 130100 ns
[2025-06-17T23:30:13.651+0300][16496][17012][debug][safepoint] Safepoint synchronization initiated using striped semaphore wait barrier. (32 threads)
[2025-06-17T23:30:13.651+0300][16496][16920][debug][safepoint] ... found polling page loop exception at pc = 0x00000110d2106a17, stub =0x00000110d1615600
[2025-06-17T23:30:13.651+0300][16496][17012][info ][safepoint] Safepoint "Cleanup", Time since last: 1001148300 ns, Reaching safepoint: 162300 ns, Cleanup: 19900 ns, At safepoint: 14500 ns, Total: 196700 ns
[2025-06-17T23:30:14.661+0300][16496][17012][debug][safepoint] Safepoint synchronization initiated using striped semaphore wait barrier. (32 threads)
[2025-06-17T23:30:14.661+0300][16496][17012][info ][safepoint] Safepoint "Cleanup", Time since last: 1010156500 ns, Reaching safepoint: 142200 ns, Cleanup: 42500 ns, At safepoint: 14800 ns, Total: 199500 ns
[2025-06-17T23:30:15.675+0300][16496][17012][debug][safepoint] Safepoint synchronization initiated using striped semaphore wait barrier. (32 threads)
[2025-06-17T23:30:15.675+0300][16496][17012][info ][safepoint] Safepoint "Cleanup", Time since last: 1013066300 ns, Reaching safepoint: 156700 ns, Cleanup: 41400 ns, At safepoint: 4200 ns, Total: 202300 ns
[2025-06-17T23:30:16.687+0300][16496][17012][debug][safepoint] Safepoint synchronization initiated using striped semaphore wait barrier. (32 threads)
[2025-06-17T23:30:16.687+0300][16496][17012][info ][safepoint] Safepoint "Cleanup", Time since last: 1012760000 ns, Reaching safepoint: 123900 ns, Cleanup: 32900 ns, At safepoint: 2900 ns, Total: 159700 ns
[2025-06-17T23:30:18.702+0300][16496][17012][debug][safepoint] Safepoint synchronization initiated using striped semaphore wait barrier. (32 threads)
[2025-06-17T23:30:18.702+0300][16496][17012][info ][safepoint] Safepoint "Cleanup", Time since last: 2014266900 ns, Reaching safepoint: 147100 ns, Cleanup: 78100 ns, At safepoint: 10800 ns, Total: 236000 ns
[2025-06-17T23:30:20.732+0300][16496][17012][debug][safepoint] Safepoint synchronization initiated using striped semaphore wait barrier. (32 threads)
[2025-06-17T23:30:20.732+0300][16496][22056][debug][safepoint] ... found polling page loop exception at pc = 0x00000110d2111fc5, stub =0x00000110d1614d80
[2025-06-17T23:30:20.732+0300][16496][17012][info ][safepoint] Safepoint "Cleanup", Time since last: 2030091200 ns, Reaching safepoint: 296100 ns, Cleanup: 34700 ns, At safepoint: 19300 ns, Total: 350100 ns
[2025-06-17T23:30:21.745+0300][16496][17012][debug][safepoint] Safepoint synchronization initiated using striped semaphore wait barrier. (32 threads)
[2025-06-17T23:30:21.745+0300][16496][17012][info ][safepoint] Safepoint "Cleanup", Time since last: 1012533100 ns, Reaching safepoint: 103600 ns, Cleanup: 29300 ns, At safepoint: 11100 ns, Total: 144000 ns
[2025-06-17T23:30:22.757+0300][16496][17012][debug][safepoint] Safepoint synchronization initiated using striped semaphore wait barrier. (32 threads)
[2025-06-17T23:30:22.757+0300][16496][17012][info ][safepoint] Safepoint "Cleanup", Time since last: 1010945600 ns, Reaching safepoint: 123700 ns, Cleanup: 36000 ns, At safepoint: 40300 ns, Total: 200000 ns
[2025-06-17T23:30:23.759+0300][16496][17012][debug][safepoint] Safepoint synchronization initiated using striped semaphore wait barrier. (32 threads)
[2025-06-17T23:30:23.759+0300][16496][17012][info ][safepoint] Safepoint "Cleanup", Time since last: 1002473500 ns, Reaching safepoint: 147200 ns, Cleanup: 34100 ns, At safepoint: 9000 ns, Total: 190300 ns
[2025-06-17T23:30:25.763+0300][16496][17012][debug][safepoint] Safepoint synchronization initiated using striped semaphore wait barrier. (32 threads)
[2025-06-17T23:30:25.763+0300][16496][17012][info ][safepoint] Safepoint "Cleanup", Time since last: 2003327700 ns, Reaching safepoint: 221900 ns, Cleanup: 54000 ns, At safepoint: 20900 ns, Total: 296800 ns
[2025-06-17T23:30:26.768+0300][16496][17012][debug][safepoint] Safepoint synchronization initiated using striped semaphore wait barrier. (32 threads)
[2025-06-17T23:30:26.768+0300][16496][17012][info ][safepoint] Safepoint "Cleanup", Time since last: 1005265200 ns, Reaching safepoint: 154300 ns, Cleanup: 42300 ns, At safepoint: 21200 ns, Total: 217800 ns
[2025-06-17T23:30:29.744+0300][16496][17012][debug][safepoint] Safepoint synchronization initiated using striped semaphore wait barrier. (32 threads)
[2025-06-17T23:30:29.744+0300][16496][17012][info ][safepoint] Safepoint "Cleanup", Time since last: 2975126500 ns, Reaching safepoint: 156100 ns, Cleanup: 35600 ns, At safepoint: 4500 ns, Total: 196200 ns
[2025-06-17T23:30:30.750+0300][16496][17012][debug][safepoint] Safepoint synchronization initiated using striped semaphore wait barrier. (32 threads)
[2025-06-17T23:30:30.750+0300][16496][2532 ][debug][safepoint] ... found polling page loop exception at pc = 0x00000110d23ac357, stub =0x00000110d1615600
[2025-06-17T23:30:30.750+0300][16496][17012][info ][safepoint] Safepoint "Cleanup", Time since last: 1006199500 ns, Reaching safepoint: 277200 ns, Cleanup: 43500 ns, At safepoint: 13300 ns, Total: 334000 ns
[2025-06-17T23:30:31.764+0300][16496][17012][debug][safepoint] Safepoint synchronization initiated using striped semaphore wait barrier. (32 threads)
[2025-06-17T23:30:31.764+0300][16496][1772 ][debug][safepoint] ... found polling page loop exception at pc = 0x00000110d2244e20, stub =0x00000110d1615600
[2025-06-17T23:30:31.764+0300][16496][17012][info ][safepoint] Safepoint "Cleanup", Time since last: 1013555900 ns, Reaching safepoint: 187100 ns, Cleanup: 24700 ns, At safepoint: 13600 ns, Total: 225400 ns
[2025-06-17T23:30:33.776+0300][16496][17012][debug][safepoint] Safepoint synchronization initiated using striped semaphore wait barrier. (32 threads)
[2025-06-17T23:30:33.776+0300][16496][17012][info ][safepoint] Safepoint "Cleanup", Time since last: 2012326600 ns, Reaching safepoint: 185100 ns, Cleanup: 34400 ns, At safepoint: 9000 ns, Total: 228500 ns
[2025-06-17T23:30:35.791+0300][16496][17012][debug][safepoint] Safepoint synchronization initiated using striped semaphore wait barrier. (32 threads)
[2025-06-17T23:30:35.791+0300][16496][3548 ][debug][safepoint] ... found polling page loop exception at pc = 0x00000110d22079cd, stub =0x00000110d1615600
[2025-06-17T23:30:35.791+0300][16496][17012][info ][safepoint] Safepoint "Cleanup", Time since last: 2013966400 ns, Reaching safepoint: 244500 ns, Cleanup: 29700 ns, At safepoint: 21400 ns, Total: 295600 ns
[2025-06-17T23:30:37.808+0300][16496][17012][debug][safepoint] Safepoint synchronization initiated using striped semaphore wait barrier. (32 threads)
[2025-06-17T23:30:37.808+0300][16496][17012][info ][safepoint] Safepoint "Cleanup", Time since last: 2016890100 ns, Reaching safepoint: 225400 ns, Cleanup: 36000 ns, At safepoint: 26300 ns, Total: 287700 ns
[2025-06-17T23:30:38.808+0300][16496][17012][debug][safepoint] Safepoint synchronization initiated using striped semaphore wait barrier. (32 threads)
[2025-06-17T23:30:38.808+0300][16496][6068 ][debug][safepoint] ... found polling page loop exception at pc = 0x00000110d218c8ca, stub =0x00000110d1615600
[2025-06-17T23:30:38.808+0300][16496][17012][info ][safepoint] Safepoint "Cleanup", Time since last: 1000209600 ns, Reaching safepoint: 166600 ns, Cleanup: 17300 ns, At safepoint: 6700 ns, Total: 190600 ns
[2025-06-17T23:30:40.825+0300][16496][17012][debug][safepoint] Safepoint synchronization initiated using striped semaphore wait barrier. (32 threads)
[2025-06-17T23:30:40.825+0300][16496][17012][info ][safepoint] Safepoint "Cleanup", Time since last: 2016925500 ns, Reaching safepoint: 111200 ns, Cleanup: 33600 ns, At safepoint: 17900 ns, Total: 162700 ns
[2025-06-17T23:30:42.849+0300][16496][17012][debug][safepoint] Safepoint synchronization initiated using striped semaphore wait barrier. (32 threads)
[2025-06-17T23:30:42.849+0300][16496][17012][info ][safepoint] Safepoint "Cleanup", Time since last: 2024102700 ns, Reaching safepoint: 148400 ns, Cleanup: 43200 ns, At safepoint: 10800 ns, Total: 202400 ns
[2025-06-17T23:30:43.852+0300][16496][17012][debug][safepoint] Safepoint synchronization initiated using striped semaphore wait barrier. (32 threads)
[2025-06-17T23:30:43.852+0300][16496][17012][info ][safepoint] Safepoint "Cleanup", Time since last: 1002113900 ns, Reaching safepoint: 92400 ns, Cleanup: 17000 ns, At safepoint: 5800 ns, Total: 115200 ns
[2025-06-17T23:30:46.891+0300][16496][17012][debug][safepoint] Safepoint synchronization initiated using striped semaphore wait barrier. (32 threads)
[2025-06-17T23:30:46.891+0300][16496][12740][debug][safepoint] ... found polling page loop exception at pc = 0x00000110d218caae, stub =0x00000110d1615600
[2025-06-17T23:30:46.891+0300][16496][22056][debug][safepoint] ... found polling page loop exception at pc = 0x00000110d22053d3, stub =0x00000110d1615600
[2025-06-17T23:30:46.891+0300][16496][17012][info ][safepoint] Safepoint "Cleanup", Time since last: 3039316800 ns, Reaching safepoint: 290500 ns, Cleanup: 26500 ns, At safepoint: 13300 ns, Total: 330300 ns
[2025-06-17T23:30:47.892+0300][16496][17012][debug][safepoint] Safepoint synchronization initiated using striped semaphore wait barrier. (32 threads)
[2025-06-17T23:30:47.893+0300][16496][17012][info ][safepoint] Safepoint "Cleanup", Time since last: 1000695300 ns, Reaching safepoint: 150900 ns, Cleanup: 40300 ns, At safepoint: 18600 ns, Total: 209800 ns
[2025-06-17T23:30:48.895+0300][16496][17012][debug][safepoint] Safepoint synchronization initiated using striped semaphore wait barrier. (32 threads)
[2025-06-17T23:30:48.895+0300][16496][3548 ][debug][safepoint] ... found polling page loop exception at pc = 0x00000110d218ce47, stub =0x00000110d1615600
[2025-06-17T23:30:48.895+0300][16496][17012][info ][safepoint] Safepoint "Cleanup", Time since last: 1002934600 ns, Reaching safepoint: 289600 ns, Cleanup: 38800 ns, At safepoint: 13000 ns, Total: 341400 ns
[2025-06-17T23:30:50.922+0300][16496][17012][debug][safepoint] Safepoint synchronization initiated using striped semaphore wait barrier. (32 threads)
[2025-06-17T23:30:50.922+0300][16496][17012][info ][safepoint] Safepoint "Cleanup", Time since last: 2025729700 ns, Reaching safepoint: 145200 ns, Cleanup: 64500 ns, At safepoint: 25600 ns, Total: 235300 ns
[2025-06-17T23:30:51.325+0300][16496][17012][debug][safepoint] Safepoint synchronization initiated using striped semaphore wait barrier. (32 threads)
[2025-06-17T23:30:51.325+0300][16496][6068 ][debug][safepoint] ... found polling page loop exception at pc = 0x00000110d243e8ed, stub =0x00000110d1615600
[2025-06-17T23:30:51.325+0300][16496][22056][debug][safepoint] ... found polling page loop exception at pc = 0x00000110d21a9684, stub =0x00000110d1614d80
[2025-06-17T23:30:51.325+0300][16496][17012][debug][gc,heap  ] GC(4) Heap before GC invocations=5 (full 2):
[2025-06-17T23:30:51.325+0300][16496][17012][debug][gc,heap  ] GC(4)  PSYoungGen      total 3670016K, used 3145728K [0x0000000400000000, 0x0000000500000000, 0x0000000500000000)
[2025-06-17T23:30:51.325+0300][16496][17012][debug][gc,heap  ] GC(4)   eden space 3145728K, 100% used [0x0000000400000000,0x00000004c0000000,0x00000004c0000000)
[2025-06-17T23:30:51.325+0300][16496][17012][debug][gc,heap  ] GC(4)   from space 524288K, 0% used [0x00000004e0000000,0x00000004e0000000,0x0000000500000000)
[2025-06-17T23:30:51.325+0300][16496][17012][debug][gc,heap  ] GC(4)   to   space 524288K, 0% used [0x00000004c0000000,0x00000004c0000000,0x00000004e0000000)
[2025-06-17T23:30:51.325+0300][16496][17012][debug][gc,heap  ] GC(4)  ParOldGen       total 8388608K, used 13747K [0x0000000200000000, 0x0000000400000000, 0x0000000400000000)
[2025-06-17T23:30:51.325+0300][16496][17012][debug][gc,heap  ] GC(4)   object space 8388608K, 0% used [0x0000000200000000,0x0000000200d6cec0,0x0000000400000000)
[2025-06-17T23:30:51.325+0300][16496][17012][debug][gc,heap  ] GC(4)  Metaspace       used 34499K, committed 35392K, reserved 1114112K
[2025-06-17T23:30:51.325+0300][16496][17012][debug][gc,heap  ] GC(4)   class space    used 2943K, committed 3328K, reserved 1048576K
[2025-06-17T23:30:51.332+0300][16496][17012][debug][gc,phases] GC(4) Scavenge 7.927ms
[2025-06-17T23:30:51.332+0300][16496][17012][debug][gc,phases] GC(4) Reference Processing 0.295ms
[2025-06-17T23:30:51.332+0300][16496][17012][debug][gc,phases] GC(4)   VM Weak                        Min:  0.0, Avg:  0.0, Max:  0.0, Diff:  0.0, Sum:  0.1, Workers: 8
[2025-06-17T23:30:51.332+0300][16496][17012][debug][gc,phases] GC(4)     Dead                           Min: 0, Avg:  0.0, Max: 0, Diff: 0, Sum: 0, Workers: 8
[2025-06-17T23:30:51.332+0300][16496][17012][debug][gc,phases] GC(4)     Total                          Min: 0, Avg: 69.4, Max: 427, Diff: 427, Sum: 555, Workers: 8
[2025-06-17T23:30:51.332+0300][16496][17012][debug][gc,phases] GC(4)   ObjectSynchronizer Weak        Min:  0.0, Avg:  0.0, Max:  0.0, Diff:  0.0, Sum:  0.0, Workers: 8
[2025-06-17T23:30:51.332+0300][16496][17012][debug][gc,phases] GC(4)     Dead                           Min: 0, Avg:  0.0, Max: 0, Diff: 0, Sum: 0, Workers: 8
[2025-06-17T23:30:51.332+0300][16496][17012][debug][gc,phases] GC(4)     Total                          Min: 0, Avg:  6.4, Max: 51, Diff: 51, Sum: 51, Workers: 8
[2025-06-17T23:30:51.332+0300][16496][17012][debug][gc,phases] GC(4)   JVMTI Tag Weak OopStorage      Min:  0.0, Avg:  0.0, Max:  0.0, Diff:  0.0, Sum:  0.0, Workers: 8
[2025-06-17T23:30:51.332+0300][16496][17012][debug][gc,phases] GC(4)     Dead                           Min: 0, Avg:  0.0, Max: 0, Diff: 0, Sum: 0, Workers: 8
[2025-06-17T23:30:51.332+0300][16496][17012][debug][gc,phases] GC(4)     Total                          Min: 0, Avg:  0.0, Max: 0, Diff: 0, Sum: 0, Workers: 8
[2025-06-17T23:30:51.332+0300][16496][17012][debug][gc,phases] GC(4)   StringTable Weak               Min:  0.0, Avg:  0.0, Max:  0.1, Diff:  0.1, Sum:  0.3, Workers: 8
[2025-06-17T23:30:51.332+0300][16496][17012][debug][gc,phases] GC(4)     Dead                           Min: 0, Avg:  3.2, Max: 14, Diff: 14, Sum: 26, Workers: 8
[2025-06-17T23:30:51.332+0300][16496][17012][debug][gc,phases] GC(4)     Total                          Min: 0, Avg: 3448.1, Max: 6400, Diff: 6400, Sum: 27585, Workers: 8
[2025-06-17T23:30:51.332+0300][16496][17012][debug][gc,phases] GC(4)   ResolvedMethodTable Weak       Min:  0.0, Avg:  0.0, Max:  0.0, Diff:  0.0, Sum:  0.1, Workers: 8
[2025-06-17T23:30:51.332+0300][16496][17012][debug][gc,phases] GC(4)     Dead                           Min: 0, Avg: 20.2, Max: 45, Diff: 45, Sum: 162, Workers: 8
[2025-06-17T23:30:51.332+0300][16496][17012][debug][gc,phases] GC(4)     Total                          Min: 0, Avg: 213.6, Max: 448, Diff: 448, Sum: 1709, Workers: 8
[2025-06-17T23:30:51.332+0300][16496][17012][debug][gc,phases] GC(4)   JNI Weak                       Min:  0.0, Avg:  0.0, Max:  0.0, Diff:  0.0, Sum:  0.0, Workers: 8
[2025-06-17T23:30:51.332+0300][16496][17012][debug][gc,phases] GC(4)     Dead                           Min: 0, Avg:  0.0, Max: 0, Diff: 0, Sum: 0, Workers: 8
[2025-06-17T23:30:51.332+0300][16496][17012][debug][gc,phases] GC(4)     Total                          Min: 0, Avg:  0.0, Max: 0, Diff: 0, Sum: 0, Workers: 8
[2025-06-17T23:30:51.332+0300][16496][17012][debug][gc,phases] GC(4)   StringDedup Table Weak         Min:  0.0, Avg:  0.0, Max:  0.0, Diff:  0.0, Sum:  0.0, Workers: 8
[2025-06-17T23:30:51.332+0300][16496][17012][debug][gc,phases] GC(4)     Dead                           Min: 0, Avg:  0.0, Max: 0, Diff: 0, Sum: 0, Workers: 8
[2025-06-17T23:30:51.332+0300][16496][17012][debug][gc,phases] GC(4)     Total                          Min: 0, Avg:  0.0, Max: 0, Diff: 0, Sum: 0, Workers: 8
[2025-06-17T23:30:51.332+0300][16496][17012][debug][gc,phases] GC(4)   StringDedup Requests0 Weak     Min:  0.0, Avg:  0.0, Max:  0.0, Diff:  0.0, Sum:  0.0, Workers: 8
[2025-06-17T23:30:51.332+0300][16496][17012][debug][gc,phases] GC(4)     Dead                           Min: 0, Avg:  0.0, Max: 0, Diff: 0, Sum: 0, Workers: 8
[2025-06-17T23:30:51.332+0300][16496][17012][debug][gc,phases] GC(4)     Total                          Min: 0, Avg:  0.0, Max: 0, Diff: 0, Sum: 0, Workers: 8
[2025-06-17T23:30:51.332+0300][16496][17012][debug][gc,phases] GC(4)   StringDedup Requests1 Weak     Min:  0.0, Avg:  0.0, Max:  0.0, Diff:  0.0, Sum:  0.0, Workers: 8
[2025-06-17T23:30:51.332+0300][16496][17012][debug][gc,phases] GC(4)     Dead                           Min: 0, Avg:  0.0, Max: 0, Diff: 0, Sum: 0, Workers: 8
[2025-06-17T23:30:51.332+0300][16496][17012][debug][gc,phases] GC(4)     Total                          Min: 0, Avg:  0.0, Max: 0, Diff: 0, Sum: 0, Workers: 8
[2025-06-17T23:30:51.332+0300][16496][17012][debug][gc,phases] GC(4)   Weak JFR Old Object Samples    Min:  0.0, Avg:  0.0, Max:  0.0, Diff:  0.0, Sum:  0.0, Workers: 8
[2025-06-17T23:30:51.332+0300][16496][17012][debug][gc,phases] GC(4)     Dead                           Min: 0, Avg:  0.0, Max: 0, Diff: 0, Sum: 0, Workers: 8
[2025-06-17T23:30:51.332+0300][16496][17012][debug][gc,phases] GC(4)     Total                          Min: 0, Avg:  0.0, Max: 0, Diff: 0, Sum: 0, Workers: 8
[2025-06-17T23:30:51.332+0300][16496][17012][debug][gc,phases] GC(4) Weak Processing 0.463ms
[2025-06-17T23:30:51.332+0300][16496][17012][info ][gc,heap  ] GC(4) PSYoungGen: 3145728K(3670016K)->3024K(3670016K) Eden: 3145728K(3145728K)->0K(3145728K) From: 0K(524288K)->3024K(524288K)
[2025-06-17T23:30:51.332+0300][16496][17012][info ][gc,heap  ] GC(4) ParOldGen: 13747K(8388608K)->13763K(8388608K)
[2025-06-17T23:30:51.332+0300][16496][17012][info ][gc       ] GC(4) Pause Young (Allocation Failure) 3085M->16M(11776M) 8.819ms
[2025-06-17T23:30:51.332+0300][16496][17012][debug][gc,heap  ] GC(4) Heap after GC invocations=5 (full 2):
[2025-06-17T23:30:51.332+0300][16496][17012][debug][gc,heap  ] GC(4)  PSYoungGen      total 3670016K, used 3024K [0x0000000400000000, 0x0000000500000000, 0x0000000500000000)
[2025-06-17T23:30:51.332+0300][16496][17012][debug][gc,heap  ] GC(4)   eden space 3145728K, 0% used [0x0000000400000000,0x0000000400000000,0x00000004c0000000)
[2025-06-17T23:30:51.332+0300][16496][17012][debug][gc,heap  ] GC(4)   from space 524288K, 0% used [0x00000004c0000000,0x00000004c02f40f0,0x00000004e0000000)
[2025-06-17T23:30:51.332+0300][16496][17012][debug][gc,heap  ] GC(4)   to   space 524288K, 0% used [0x00000004e0000000,0x00000004e0000000,0x0000000500000000)
[2025-06-17T23:30:51.332+0300][16496][17012][debug][gc,heap  ] GC(4)  ParOldGen       total 8388608K, used 13763K [0x0000000200000000, 0x0000000400000000, 0x0000000400000000)
[2025-06-17T23:30:51.332+0300][16496][17012][debug][gc,heap  ] GC(4)   object space 8388608K, 0% used [0x0000000200000000,0x0000000200d70ec0,0x0000000400000000)
[2025-06-17T23:30:51.332+0300][16496][17012][debug][gc,heap  ] GC(4)  Metaspace       used 34499K, committed 35392K, reserved 1114112K
[2025-06-17T23:30:51.332+0300][16496][17012][debug][gc,heap  ] GC(4)   class space    used 2943K, committed 3328K, reserved 1048576K
[2025-06-17T23:30:51.332+0300][16496][17012][info ][safepoint] Safepoint "ParallelGCFailedAllocation", Time since last: 403087800 ns, Reaching safepoint: 471700 ns, Cleanup: 11000 ns, At safepoint: 9309600 ns, Total: 9792300 ns
[2025-06-17T23:30:52.335+0300][16496][17012][debug][safepoint] Safepoint synchronization initiated using striped semaphore wait barrier. (32 threads)
[2025-06-17T23:30:52.335+0300][16496][17012][info ][safepoint] Safepoint "Cleanup", Time since last: 1000240200 ns, Reaching safepoint: 119600 ns, Cleanup: 37100 ns, At safepoint: 10500 ns, Total: 167200 ns
[2025-06-17T23:30:59.405+0300][16496][17012][debug][safepoint] Safepoint synchronization initiated using striped semaphore wait barrier. (32 threads)
[2025-06-17T23:30:59.405+0300][16496][17012][info ][safepoint] Safepoint "Cleanup", Time since last: 7069549700 ns, Reaching safepoint: 82900 ns, Cleanup: 17100 ns, At safepoint: 13300 ns, Total: 113300 ns
[2025-06-17T23:31:00.409+0300][16496][17012][debug][safepoint] Safepoint synchronization initiated using striped semaphore wait barrier. (32 threads)
[2025-06-17T23:31:00.409+0300][16496][17012][info ][safepoint] Safepoint "Cleanup", Time since last: 1004336600 ns, Reaching safepoint: 139400 ns, Cleanup: 31500 ns, At safepoint: 9900 ns, Total: 180800 ns
[2025-06-17T23:31:01.425+0300][16496][17012][debug][safepoint] Safepoint synchronization initiated using striped semaphore wait barrier. (32 threads)
[2025-06-17T23:31:01.425+0300][16496][17012][info ][safepoint] Safepoint "Cleanup", Time since last: 1015432200 ns, Reaching safepoint: 86000 ns, Cleanup: 18400 ns, At safepoint: 4100 ns, Total: 108500 ns
[2025-06-17T23:31:02.436+0300][16496][17012][debug][safepoint] Safepoint synchronization initiated using striped semaphore wait barrier. (32 threads)
[2025-06-17T23:31:02.436+0300][16496][17012][info ][safepoint] Safepoint "Cleanup", Time since last: 1011786700 ns, Reaching safepoint: 131500 ns, Cleanup: 29100 ns, At safepoint: 3500 ns, Total: 164100 ns
[2025-06-17T23:31:03.448+0300][16496][17012][debug][safepoint] Safepoint synchronization initiated using striped semaphore wait barrier. (32 threads)
[2025-06-17T23:31:03.448+0300][16496][17012][info ][safepoint] Safepoint "Cleanup", Time since last: 1011457200 ns, Reaching safepoint: 146900 ns, Cleanup: 36200 ns, At safepoint: 4000 ns, Total: 187100 ns
[2025-06-17T23:31:05.470+0300][16496][17012][debug][safepoint] Safepoint synchronization initiated using striped semaphore wait barrier. (32 threads)
[2025-06-17T23:31:05.470+0300][16496][17012][info ][safepoint] Safepoint "Cleanup", Time since last: 2022189900 ns, Reaching safepoint: 173400 ns, Cleanup: 33100 ns, At safepoint: 21600 ns, Total: 228100 ns
[2025-06-17T23:31:11.511+0300][16496][17012][debug][safepoint] Safepoint synchronization initiated using striped semaphore wait barrier. (32 threads)
[2025-06-17T23:31:11.511+0300][16496][17012][info ][safepoint] Safepoint "Cleanup", Time since last: 6040011500 ns, Reaching safepoint: 132000 ns, Cleanup: 39000 ns, At safepoint: 15900 ns, Total: 186900 ns
[2025-06-17T23:31:14.536+0300][16496][17012][debug][safepoint] Safepoint synchronization initiated using striped semaphore wait barrier. (32 threads)
[2025-06-17T23:31:14.536+0300][16496][17012][info ][safepoint] Safepoint "Cleanup", Time since last: 3024503700 ns, Reaching safepoint: 86800 ns, Cleanup: 21500 ns, At safepoint: 25900 ns, Total: 134200 ns
[2025-06-17T23:31:15.548+0300][16496][17012][debug][safepoint] Safepoint synchronization initiated using striped semaphore wait barrier. (32 threads)
[2025-06-17T23:31:15.548+0300][16496][17012][info ][safepoint] Safepoint "Cleanup", Time since last: 1012484800 ns, Reaching safepoint: 85600 ns, Cleanup: 31300 ns, At safepoint: 16400 ns, Total: 133300 ns
[2025-06-17T23:31:17.561+0300][16496][17012][debug][safepoint] Safepoint synchronization initiated using striped semaphore wait barrier. (32 threads)
[2025-06-17T23:31:17.561+0300][16496][17012][info ][safepoint] Safepoint "Cleanup", Time since last: 2012278900 ns, Reaching safepoint: 155500 ns, Cleanup: 44000 ns, At safepoint: 36500 ns, Total: 236000 ns
[2025-06-17T23:31:22.605+0300][16496][17012][debug][safepoint] Safepoint synchronization initiated using striped semaphore wait barrier. (32 threads)
[2025-06-17T23:31:22.605+0300][16496][22056][debug][safepoint] ... found polling page loop exception at pc = 0x00000110d221ecba, stub =0x00000110d1615600
[2025-06-17T23:31:22.605+0300][16496][3548 ][debug][safepoint] ... found polling page loop exception at pc = 0x00000110d2106a17, stub =0x00000110d1615600
[2025-06-17T23:31:22.605+0300][16496][1772 ][debug][safepoint] ... found polling page loop exception at pc = 0x00000110d221ecba, stub =0x00000110d1615600
[2025-06-17T23:31:22.605+0300][16496][17012][info ][safepoint] Safepoint "Cleanup", Time since last: 5044685400 ns, Reaching safepoint: 251500 ns, Cleanup: 26900 ns, At safepoint: 21000 ns, Total: 299400 ns
[2025-06-17T23:31:23.615+0300][16496][17012][debug][safepoint] Safepoint synchronization initiated using striped semaphore wait barrier. (32 threads)
[2025-06-17T23:31:23.615+0300][16496][17012][info ][safepoint] Safepoint "Cleanup", Time since last: 1008639700 ns, Reaching safepoint: 204900 ns, Cleanup: 23700 ns, At safepoint: 45000 ns, Total: 273600 ns
[2025-06-17T23:31:26.643+0300][16496][17012][debug][safepoint] Safepoint synchronization initiated using striped semaphore wait barrier. (32 threads)
[2025-06-17T23:31:26.644+0300][16496][17012][info ][safepoint] Safepoint "Cleanup", Time since last: 3028430500 ns, Reaching safepoint: 189300 ns, Cleanup: 35200 ns, At safepoint: 33300 ns, Total: 257800 ns
[2025-06-17T23:31:27.646+0300][16496][17012][debug][safepoint] Safepoint synchronization initiated using striped semaphore wait barrier. (32 threads)
[2025-06-17T23:31:27.646+0300][16496][20824][debug][safepoint] ... found polling page loop exception at pc = 0x00000110d2111fc5, stub =0x00000110d1614d80
[2025-06-17T23:31:27.646+0300][16496][17012][info ][safepoint] Safepoint "Cleanup", Time since last: 1002830100 ns, Reaching safepoint: 327400 ns, Cleanup: 22700 ns, At safepoint: 41700 ns, Total: 391800 ns
[2025-06-17T23:31:33.924+0300][16496][17012][debug][safepoint] Safepoint synchronization initiated using striped semaphore wait barrier. (32 threads)
[2025-06-17T23:31:33.924+0300][16496][17012][info ][safepoint] Safepoint "Cleanup", Time since last: 6277149600 ns, Reaching safepoint: 166500 ns, Cleanup: 31900 ns, At safepoint: 14500 ns, Total: 212900 ns
[2025-06-17T23:31:39.983+0300][16496][17012][debug][safepoint] Safepoint synchronization initiated using striped semaphore wait barrier. (32 threads)
[2025-06-17T23:31:39.983+0300][16496][17012][info ][safepoint] Safepoint "Cleanup", Time since last: 6058856500 ns, Reaching safepoint: 412700 ns, Cleanup: 98600 ns, At safepoint: 86800 ns, Total: 598100 ns
[2025-06-17T23:31:40.991+0300][16496][17012][debug][safepoint] Safepoint synchronization initiated using striped semaphore wait barrier. (32 threads)
[2025-06-17T23:31:40.991+0300][16496][1772 ][debug][safepoint] ... found polling page loop exception at pc = 0x00000110d1fded17, stub =0x00000110d1615600
[2025-06-17T23:31:40.991+0300][16496][17012][info ][safepoint] Safepoint "Cleanup", Time since last: 1007340300 ns, Reaching safepoint: 287000 ns, Cleanup: 40000 ns, At safepoint: 19300 ns, Total: 346300 ns
[2025-06-17T23:31:41.994+0300][16496][17012][debug][safepoint] Safepoint synchronization initiated using striped semaphore wait barrier. (32 threads)
[2025-06-17T23:31:41.994+0300][16496][17012][info ][safepoint] Safepoint "Cleanup", Time since last: 1002703400 ns, Reaching safepoint: 151300 ns, Cleanup: 36700 ns, At safepoint: 4800 ns, Total: 192800 ns
[2025-06-17T23:31:48.040+0300][16496][17012][debug][safepoint] Safepoint synchronization initiated using striped semaphore wait barrier. (32 threads)
[2025-06-17T23:31:48.040+0300][16496][20824][debug][safepoint] ... found polling page loop exception at pc = 0x00000110d1fdf1e0, stub =0x00000110d1615600
[2025-06-17T23:31:48.040+0300][16496][17012][info ][safepoint] Safepoint "Cleanup", Time since last: 6045715800 ns, Reaching safepoint: 162600 ns, Cleanup: 17500 ns, At safepoint: 8800 ns, Total: 188900 ns
[2025-06-17T23:31:54.101+0300][16496][17012][debug][safepoint] Safepoint synchronization initiated using striped semaphore wait barrier. (32 threads)
[2025-06-17T23:31:54.101+0300][16496][11216][debug][safepoint] ... found polling page loop exception at pc = 0x00000110d1fded17, stub =0x00000110d1615600
[2025-06-17T23:31:54.101+0300][16496][22056][debug][safepoint] ... found polling page loop exception at pc = 0x00000110d218caae, stub =0x00000110d1615600
[2025-06-17T23:31:54.101+0300][16496][17012][info ][safepoint] Safepoint "Cleanup", Time since last: 6060547000 ns, Reaching safepoint: 175700 ns, Cleanup: 15400 ns, At safepoint: 8900 ns, Total: 200000 ns
[2025-06-17T23:31:59.144+0300][16496][17012][debug][safepoint] Safepoint synchronization initiated using striped semaphore wait barrier. (32 threads)
[2025-06-17T23:31:59.144+0300][16496][17012][info ][safepoint] Safepoint "Cleanup", Time since last: 5043749200 ns, Reaching safepoint: 155700 ns, Cleanup: 42100 ns, At safepoint: 13200 ns, Total: 211000 ns
[2025-06-17T23:32:11.249+0300][16496][17012][debug][safepoint] Safepoint synchronization initiated using striped semaphore wait barrier. (32 threads)
[2025-06-17T23:32:11.249+0300][16496][17012][info ][safepoint] Safepoint "Cleanup", Time since last: 12104079800 ns, Reaching safepoint: 134400 ns, Cleanup: 33900 ns, At safepoint: 3700 ns, Total: 172000 ns
[2025-06-17T23:32:12.262+0300][16496][17012][debug][safepoint] Safepoint synchronization initiated using striped semaphore wait barrier. (32 threads)
[2025-06-17T23:32:12.262+0300][16496][17012][info ][safepoint] Safepoint "Cleanup", Time since last: 1012839200 ns, Reaching safepoint: 157200 ns, Cleanup: 24900 ns, At safepoint: 4400 ns, Total: 186500 ns
[2025-06-17T23:32:21.343+0300][16496][17012][debug][safepoint] Safepoint synchronization initiated using striped semaphore wait barrier. (32 threads)
[2025-06-17T23:32:21.343+0300][16496][17012][info ][safepoint] Safepoint "Cleanup", Time since last: 9081409600 ns, Reaching safepoint: 144000 ns, Cleanup: 30100 ns, At safepoint: 13900 ns, Total: 188000 ns
[2025-06-17T23:32:22.349+0300][16496][17012][debug][safepoint] Safepoint synchronization initiated using striped semaphore wait barrier. (32 threads)
[2025-06-17T23:32:22.349+0300][16496][17012][info ][safepoint] Safepoint "Cleanup", Time since last: 1005349700 ns, Reaching safepoint: 217000 ns, Cleanup: 50300 ns, At safepoint: 41500 ns, Total: 308800 ns
[2025-06-17T23:32:24.192+0300][16496][17012][debug][safepoint] Safepoint synchronization initiated using striped semaphore wait barrier. (32 threads)
[2025-06-17T23:32:24.192+0300][16496][7040 ][debug][safepoint] ... found polling page loop exception at pc = 0x00000110d1f76aa0, stub =0x00000110d1614d80
[2025-06-17T23:32:24.192+0300][16496][17012][debug][gc,heap  ] GC(5) Heap before GC invocations=6 (full 2):
[2025-06-17T23:32:24.192+0300][16496][17012][debug][gc,heap  ] GC(5)  PSYoungGen      total 3670016K, used 3148752K [0x0000000400000000, 0x0000000500000000, 0x0000000500000000)
[2025-06-17T23:32:24.192+0300][16496][17012][debug][gc,heap  ] GC(5)   eden space 3145728K, 100% used [0x0000000400000000,0x00000004c0000000,0x00000004c0000000)
[2025-06-17T23:32:24.192+0300][16496][17012][debug][gc,heap  ] GC(5)   from space 524288K, 0% used [0x00000004c0000000,0x00000004c02f40f0,0x00000004e0000000)
[2025-06-17T23:32:24.192+0300][16496][17012][debug][gc,heap  ] GC(5)   to   space 524288K, 0% used [0x00000004e0000000,0x00000004e0000000,0x0000000500000000)
[2025-06-17T23:32:24.192+0300][16496][17012][debug][gc,heap  ] GC(5)  ParOldGen       total 8388608K, used 13763K [0x0000000200000000, 0x0000000400000000, 0x0000000400000000)
[2025-06-17T23:32:24.192+0300][16496][17012][debug][gc,heap  ] GC(5)   object space 8388608K, 0% used [0x0000000200000000,0x0000000200d70ec0,0x0000000400000000)
[2025-06-17T23:32:24.192+0300][16496][17012][debug][gc,heap  ] GC(5)  Metaspace       used 34577K, committed 35456K, reserved 1114112K
[2025-06-17T23:32:24.192+0300][16496][17012][debug][gc,heap  ] GC(5)   class space    used 2943K, committed 3328K, reserved 1048576K
[2025-06-17T23:32:24.192+0300][16496][17012][debug][gc,phases] GC(5) Scavenge 4.582ms
[2025-06-17T23:32:24.192+0300][16496][17012][debug][gc,phases] GC(5) Reference Processing 0.042ms
[2025-06-17T23:32:24.192+0300][16496][17012][debug][gc,phases] GC(5)   VM Weak                        Min:  0.0, Avg:  0.0, Max:  0.0, Diff:  0.0, Sum:  0.0, Workers: 8
[2025-06-17T23:32:24.192+0300][16496][17012][debug][gc,phases] GC(5)     Dead                           Min: 0, Avg:  0.0, Max: 0, Diff: 0, Sum: 0, Workers: 8
[2025-06-17T23:32:24.192+0300][16496][17012][debug][gc,phases] GC(5)     Total                          Min: 0, Avg: 69.4, Max: 448, Diff: 448, Sum: 555, Workers: 8
[2025-06-17T23:32:24.192+0300][16496][17012][debug][gc,phases] GC(5)   ObjectSynchronizer Weak        Min:  0.0, Avg:  0.0, Max:  0.0, Diff:  0.0, Sum:  0.0, Workers: 8
[2025-06-17T23:32:24.192+0300][16496][17012][debug][gc,phases] GC(5)     Dead                           Min: 0, Avg:  0.0, Max: 0, Diff: 0, Sum: 0, Workers: 8
[2025-06-17T23:32:24.192+0300][16496][17012][debug][gc,phases] GC(5)     Total                          Min: 0, Avg:  6.1, Max: 47, Diff: 47, Sum: 49, Workers: 8
[2025-06-17T23:32:24.192+0300][16496][17012][debug][gc,phases] GC(5)   JVMTI Tag Weak OopStorage      Min:  0.0, Avg:  0.0, Max:  0.0, Diff:  0.0, Sum:  0.0, Workers: 8
[2025-06-17T23:32:24.192+0300][16496][17012][debug][gc,phases] GC(5)     Dead                           Min: 0, Avg:  0.0, Max: 0, Diff: 0, Sum: 0, Workers: 8
[2025-06-17T23:32:24.192+0300][16496][17012][debug][gc,phases] GC(5)     Total                          Min: 0, Avg:  0.0, Max: 0, Diff: 0, Sum: 0, Workers: 8
[2025-06-17T23:32:24.192+0300][16496][17012][debug][gc,phases] GC(5)   StringTable Weak               Min:  0.0, Avg:  0.0, Max:  0.1, Diff:  0.1, Sum:  0.3, Workers: 8
[2025-06-17T23:32:24.192+0300][16496][17012][debug][gc,phases] GC(5)     Dead                           Min: 0, Avg:  0.0, Max: 0, Diff: 0, Sum: 0, Workers: 8
[2025-06-17T23:32:24.192+0300][16496][17012][debug][gc,phases] GC(5)     Total                          Min: 0, Avg: 3460.0, Max: 11712, Diff: 11712, Sum: 27680, Workers: 8
[2025-06-17T23:32:24.192+0300][16496][17012][debug][gc,phases] GC(5)   ResolvedMethodTable Weak       Min:  0.0, Avg:  0.0, Max:  0.0, Diff:  0.0, Sum:  0.0, Workers: 8
[2025-06-17T23:32:24.192+0300][16496][17012][debug][gc,phases] GC(5)     Dead                           Min: 0, Avg:  0.0, Max: 0, Diff: 0, Sum: 0, Workers: 8
[2025-06-17T23:32:24.192+0300][16496][17012][debug][gc,phases] GC(5)     Total                          Min: 64, Avg: 213.6, Max: 320, Diff: 256, Sum: 1709, Workers: 8
[2025-06-17T23:32:24.192+0300][16496][17012][debug][gc,phases] GC(5)   JNI Weak                       Min:  0.0, Avg:  0.0, Max:  0.0, Diff:  0.0, Sum:  0.0, Workers: 8
[2025-06-17T23:32:24.192+0300][16496][17012][debug][gc,phases] GC(5)     Dead                           Min: 0, Avg:  0.0, Max: 0, Diff: 0, Sum: 0, Workers: 8
[2025-06-17T23:32:24.192+0300][16496][17012][debug][gc,phases] GC(5)     Total                          Min: 0, Avg:  0.0, Max: 0, Diff: 0, Sum: 0, Workers: 8
[2025-06-17T23:32:24.192+0300][16496][17012][debug][gc,phases] GC(5)   StringDedup Table Weak         Min:  0.0, Avg:  0.0, Max:  0.0, Diff:  0.0, Sum:  0.0, Workers: 8
[2025-06-17T23:32:24.192+0300][16496][17012][debug][gc,phases] GC(5)     Dead                           Min: 0, Avg:  0.0, Max: 0, Diff: 0, Sum: 0, Workers: 8
[2025-06-17T23:32:24.192+0300][16496][17012][debug][gc,phases] GC(5)     Total                          Min: 0, Avg:  0.0, Max: 0, Diff: 0, Sum: 0, Workers: 8
[2025-06-17T23:32:24.192+0300][16496][17012][debug][gc,phases] GC(5)   StringDedup Requests0 Weak     Min:  0.0, Avg:  0.0, Max:  0.0, Diff:  0.0, Sum:  0.0, Workers: 8
[2025-06-17T23:32:24.192+0300][16496][17012][debug][gc,phases] GC(5)     Dead                           Min: 0, Avg:  0.0, Max: 0, Diff: 0, Sum: 0, Workers: 8
[2025-06-17T23:32:24.192+0300][16496][17012][debug][gc,phases] GC(5)     Total                          Min: 0, Avg:  0.0, Max: 0, Diff: 0, Sum: 0, Workers: 8
[2025-06-17T23:32:24.192+0300][16496][17012][debug][gc,phases] GC(5)   StringDedup Requests1 Weak     Min:  0.0, Avg:  0.0, Max:  0.0, Diff:  0.0, Sum:  0.0, Workers: 8
[2025-06-17T23:32:24.192+0300][16496][17012][debug][gc,phases] GC(5)     Dead                           Min: 0, Avg:  0.0, Max: 0, Diff: 0, Sum: 0, Workers: 8
[2025-06-17T23:32:24.192+0300][16496][17012][debug][gc,phases] GC(5)     Total                          Min: 0, Avg:  0.0, Max: 0, Diff: 0, Sum: 0, Workers: 8
[2025-06-17T23:32:24.192+0300][16496][17012][debug][gc,phases] GC(5)   Weak JFR Old Object Samples    Min:  0.0, Avg:  0.0, Max:  0.0, Diff:  0.0, Sum:  0.0, Workers: 8
[2025-06-17T23:32:24.192+0300][16496][17012][debug][gc,phases] GC(5)     Dead                           Min: 0, Avg:  0.0, Max: 0, Diff: 0, Sum: 0, Workers: 8
[2025-06-17T23:32:24.192+0300][16496][17012][debug][gc,phases] GC(5)     Total                          Min: 0, Avg:  0.0, Max: 0, Diff: 0, Sum: 0, Workers: 8
[2025-06-17T23:32:24.192+0300][16496][17012][debug][gc,phases] GC(5) Weak Processing 0.441ms
[2025-06-17T23:32:24.192+0300][16496][17012][info ][gc,heap  ] GC(5) PSYoungGen: 3148752K(3670016K)->3008K(3670016K) Eden: 3145728K(3145728K)->0K(3145728K) From: 3024K(524288K)->3008K(524288K)
[2025-06-17T23:32:24.192+0300][16496][17012][info ][gc,heap  ] GC(5) ParOldGen: 13763K(8388608K)->13781K(8388608K)
[2025-06-17T23:32:24.192+0300][16496][17012][info ][gc       ] GC(5) Pause Young (Allocation Failure) 3088M->16M(11776M) 5.183ms
[2025-06-17T23:32:24.192+0300][16496][17012][debug][gc,heap  ] GC(5) Heap after GC invocations=6 (full 2):
[2025-06-17T23:32:24.192+0300][16496][17012][debug][gc,heap  ] GC(5)  PSYoungGen      total 3670016K, used 3008K [0x0000000400000000, 0x0000000500000000, 0x0000000500000000)
[2025-06-17T23:32:24.192+0300][16496][17012][debug][gc,heap  ] GC(5)   eden space 3145728K, 0% used [0x0000000400000000,0x0000000400000000,0x00000004c0000000)
[2025-06-17T23:32:24.192+0300][16496][17012][debug][gc,heap  ] GC(5)   from space 524288K, 0% used [0x00000004e0000000,0x00000004e02f00e0,0x0000000500000000)
[2025-06-17T23:32:24.192+0300][16496][17012][debug][gc,heap  ] GC(5)   to   space 524288K, 0% used [0x00000004c0000000,0x00000004c0000000,0x00000004e0000000)
[2025-06-17T23:32:24.192+0300][16496][17012][debug][gc,heap  ] GC(5)  ParOldGen       total 8388608K, used 13781K [0x0000000200000000, 0x0000000400000000, 0x0000000400000000)
[2025-06-17T23:32:24.192+0300][16496][17012][debug][gc,heap  ] GC(5)   object space 8388608K, 0% used [0x0000000200000000,0x0000000200d75560,0x0000000400000000)
[2025-06-17T23:32:24.192+0300][16496][17012][debug][gc,heap  ] GC(5)  Metaspace       used 34577K, committed 35456K, reserved 1114112K
[2025-06-17T23:32:24.192+0300][16496][17012][debug][gc,heap  ] GC(5)   class space    used 2943K, committed 3328K, reserved 1048576K
[2025-06-17T23:32:24.192+0300][16496][17012][info ][safepoint] Safepoint "ParallelGCFailedAllocation", Time since last: 1843123800 ns, Reaching safepoint: 171600 ns, Cleanup: 6800 ns, At safepoint: 5494700 ns, Total: 5673100 ns
[2025-06-17T23:32:29.977+0300][16496][17012][debug][safepoint] Safepoint synchronization initiated using striped semaphore wait barrier. (32 threads)
[2025-06-17T23:32:29.977+0300][16496][17012][info ][safepoint] Safepoint "Cleanup", Time since last: 5779150300 ns, Reaching safepoint: 145000 ns, Cleanup: 33000 ns, At safepoint: 4000 ns, Total: 182000 ns
[2025-06-17T23:32:30.978+0300][16496][17012][debug][safepoint] Safepoint synchronization initiated using striped semaphore wait barrier. (32 threads)
[2025-06-17T23:32:30.978+0300][16496][7040 ][debug][safepoint] ... found polling page loop exception at pc = 0x00000110d1f76aa0, stub =0x00000110d1614d80
[2025-06-17T23:32:30.978+0300][16496][17012][info ][safepoint] Safepoint "Cleanup", Time since last: 1000825000 ns, Reaching safepoint: 293100 ns, Cleanup: 17300 ns, At safepoint: 50900 ns, Total: 361300 ns
[2025-06-17T23:32:40.045+0300][16496][17012][debug][safepoint] Safepoint synchronization initiated using striped semaphore wait barrier. (26 threads)
[2025-06-17T23:32:40.045+0300][16496][17012][info ][safepoint] Safepoint "Cleanup", Time since last: 9066231800 ns, Reaching safepoint: 131400 ns, Cleanup: 26000 ns, At safepoint: 2900 ns, Total: 160300 ns
[2025-06-17T23:32:40.285+0300][16496][17012][debug][safepoint] Safepoint synchronization initiated using striped semaphore wait barrier. (24 threads)
[2025-06-17T23:32:40.285+0300][16496][17012][debug][gc,heap  ] GC(6) Heap before GC invocations=7 (full 2):
[2025-06-17T23:32:40.285+0300][16496][17012][debug][gc,heap  ] GC(6)  PSYoungGen      total 3670016K, used 740469K [0x0000000400000000, 0x0000000500000000, 0x0000000500000000)
[2025-06-17T23:32:40.285+0300][16496][17012][debug][gc,heap  ] GC(6)   eden space 3145728K, 23% used [0x0000000400000000,0x000000042d02d668,0x00000004c0000000)
[2025-06-17T23:32:40.285+0300][16496][17012][debug][gc,heap  ] GC(6)   from space 524288K, 0% used [0x00000004e0000000,0x00000004e02f00e0,0x0000000500000000)
[2025-06-17T23:32:40.285+0300][16496][17012][debug][gc,heap  ] GC(6)   to   space 524288K, 0% used [0x00000004c0000000,0x00000004c0000000,0x00000004e0000000)
[2025-06-17T23:32:40.285+0300][16496][17012][debug][gc,heap  ] GC(6)  ParOldGen       total 8388608K, used 13781K [0x0000000200000000, 0x0000000400000000, 0x0000000400000000)
[2025-06-17T23:32:40.285+0300][16496][17012][debug][gc,heap  ] GC(6)   object space 8388608K, 0% used [0x0000000200000000,0x0000000200d75560,0x0000000400000000)
[2025-06-17T23:32:40.285+0300][16496][17012][debug][gc,heap  ] GC(6)  Metaspace       used 34687K, committed 35584K, reserved 1114112K
[2025-06-17T23:32:40.285+0300][16496][17012][debug][gc,heap  ] GC(6)   class space    used 2952K, committed 3328K, reserved 1048576K
[2025-06-17T23:32:40.294+0300][16496][17012][debug][gc,phases] GC(6) Scavenge 5.352ms
[2025-06-17T23:32:40.294+0300][16496][17012][debug][gc,phases] GC(6) Reference Processing 0.043ms
[2025-06-17T23:32:40.294+0300][16496][17012][debug][gc,phases] GC(6)   VM Weak                        Min:  0.0, Avg:  0.0, Max:  0.0, Diff:  0.0, Sum:  0.1, Workers: 8
[2025-06-17T23:32:40.294+0300][16496][17012][debug][gc,phases] GC(6)     Dead                           Min: 0, Avg:  0.0, Max: 0, Diff: 0, Sum: 0, Workers: 8
[2025-06-17T23:32:40.294+0300][16496][17012][debug][gc,phases] GC(6)     Total                          Min: 0, Avg: 69.6, Max: 512, Diff: 512, Sum: 557, Workers: 8
[2025-06-17T23:32:40.294+0300][16496][17012][debug][gc,phases] GC(6)   ObjectSynchronizer Weak        Min:  0.0, Avg:  0.0, Max:  0.0, Diff:  0.0, Sum:  0.0, Workers: 8
[2025-06-17T23:32:40.294+0300][16496][17012][debug][gc,phases] GC(6)     Dead                           Min: 0, Avg:  0.4, Max: 3, Diff: 3, Sum: 3, Workers: 8
[2025-06-17T23:32:40.294+0300][16496][17012][debug][gc,phases] GC(6)     Total                          Min: 0, Avg:  3.5, Max: 28, Diff: 28, Sum: 28, Workers: 8
[2025-06-17T23:32:40.294+0300][16496][17012][debug][gc,phases] GC(6)   JVMTI Tag Weak OopStorage      Min:  0.0, Avg:  0.0, Max:  0.0, Diff:  0.0, Sum:  0.0, Workers: 8
[2025-06-17T23:32:40.294+0300][16496][17012][debug][gc,phases] GC(6)     Dead                           Min: 0, Avg:  0.0, Max: 0, Diff: 0, Sum: 0, Workers: 8
[2025-06-17T23:32:40.294+0300][16496][17012][debug][gc,phases] GC(6)     Total                          Min: 0, Avg:  0.0, Max: 0, Diff: 0, Sum: 0, Workers: 8
[2025-06-17T23:32:40.294+0300][16496][17012][debug][gc,phases] GC(6)   StringTable Weak               Min:  0.0, Avg:  0.0, Max:  0.1, Diff:  0.1, Sum:  0.4, Workers: 8
[2025-06-17T23:32:40.294+0300][16496][17012][debug][gc,phases] GC(6)     Dead                           Min: 0, Avg:  0.1, Max: 1, Diff: 1, Sum: 1, Workers: 8
[2025-06-17T23:32:40.294+0300][16496][17012][debug][gc,phases] GC(6)     Total                          Min: 128, Avg: 3469.4, Max: 9664, Diff: 9536, Sum: 27755, Workers: 8
[2025-06-17T23:32:40.294+0300][16496][17012][debug][gc,phases] GC(6)   ResolvedMethodTable Weak       Min:  0.0, Avg:  0.0, Max:  0.0, Diff:  0.0, Sum:  0.1, Workers: 8
[2025-06-17T23:32:40.294+0300][16496][17012][debug][gc,phases] GC(6)     Dead                           Min: 0, Avg:  0.1, Max: 1, Diff: 1, Sum: 1, Workers: 8
[2025-06-17T23:32:40.294+0300][16496][17012][debug][gc,phases] GC(6)     Total                          Min: 0, Avg: 214.4, Max: 384, Diff: 384, Sum: 1715, Workers: 8
[2025-06-17T23:32:40.294+0300][16496][17012][debug][gc,phases] GC(6)   JNI Weak                       Min:  0.0, Avg:  0.0, Max:  0.0, Diff:  0.0, Sum:  0.0, Workers: 8
[2025-06-17T23:32:40.294+0300][16496][17012][debug][gc,phases] GC(6)     Dead                           Min: 0, Avg:  0.0, Max: 0, Diff: 0, Sum: 0, Workers: 8
[2025-06-17T23:32:40.294+0300][16496][17012][debug][gc,phases] GC(6)     Total                          Min: 0, Avg:  0.2, Max: 2, Diff: 2, Sum: 2, Workers: 8
[2025-06-17T23:32:40.294+0300][16496][17012][debug][gc,phases] GC(6)   StringDedup Table Weak         Min:  0.0, Avg:  0.0, Max:  0.0, Diff:  0.0, Sum:  0.0, Workers: 8
[2025-06-17T23:32:40.294+0300][16496][17012][debug][gc,phases] GC(6)     Dead                           Min: 0, Avg:  0.0, Max: 0, Diff: 0, Sum: 0, Workers: 8
[2025-06-17T23:32:40.294+0300][16496][17012][debug][gc,phases] GC(6)     Total                          Min: 0, Avg:  0.0, Max: 0, Diff: 0, Sum: 0, Workers: 8
[2025-06-17T23:32:40.294+0300][16496][17012][debug][gc,phases] GC(6)   StringDedup Requests0 Weak     Min:  0.0, Avg:  0.0, Max:  0.0, Diff:  0.0, Sum:  0.0, Workers: 8
[2025-06-17T23:32:40.294+0300][16496][17012][debug][gc,phases] GC(6)     Dead                           Min: 0, Avg:  0.0, Max: 0, Diff: 0, Sum: 0, Workers: 8
[2025-06-17T23:32:40.294+0300][16496][17012][debug][gc,phases] GC(6)     Total                          Min: 0, Avg:  0.0, Max: 0, Diff: 0, Sum: 0, Workers: 8
[2025-06-17T23:32:40.294+0300][16496][17012][debug][gc,phases] GC(6)   StringDedup Requests1 Weak     Min:  0.0, Avg:  0.0, Max:  0.0, Diff:  0.0, Sum:  0.0, Workers: 8
[2025-06-17T23:32:40.294+0300][16496][17012][debug][gc,phases] GC(6)     Dead                           Min: 0, Avg:  0.0, Max: 0, Diff: 0, Sum: 0, Workers: 8
[2025-06-17T23:32:40.294+0300][16496][17012][debug][gc,phases] GC(6)     Total                          Min: 0, Avg:  0.0, Max: 0, Diff: 0, Sum: 0, Workers: 8
[2025-06-17T23:32:40.294+0300][16496][17012][debug][gc,phases] GC(6)   Weak JFR Old Object Samples    Min:  0.0, Avg:  0.0, Max:  0.0, Diff:  0.0, Sum:  0.0, Workers: 8
[2025-06-17T23:32:40.294+0300][16496][17012][debug][gc,phases] GC(6)     Dead                           Min: 0, Avg:  0.0, Max: 0, Diff: 0, Sum: 0, Workers: 8
[2025-06-17T23:32:40.294+0300][16496][17012][debug][gc,phases] GC(6)     Total                          Min: 0, Avg:  0.0, Max: 0, Diff: 0, Sum: 0, Workers: 8
[2025-06-17T23:32:40.294+0300][16496][17012][debug][gc,phases] GC(6) Weak Processing 0.564ms
[2025-06-17T23:32:40.294+0300][16496][17012][info ][gc,heap  ] GC(6) PSYoungGen: 740469K(3670016K)->2608K(3670016K) Eden: 737461K(3145728K)->0K(3145728K) From: 3008K(524288K)->2608K(524288K)
[2025-06-17T23:32:40.294+0300][16496][17012][info ][gc,heap  ] GC(6) ParOldGen: 13781K(8388608K)->13789K(8388608K)
[2025-06-17T23:32:40.294+0300][16496][17012][info ][gc       ] GC(6) Pause Young (System.gc()) 736M->16M(11776M) 6.064ms
[2025-06-17T23:32:40.294+0300][16496][17012][debug][gc,heap  ] GC(6) Heap after GC invocations=7 (full 2):
[2025-06-17T23:32:40.294+0300][16496][17012][debug][gc,heap  ] GC(6)  PSYoungGen      total 3670016K, used 2608K [0x0000000400000000, 0x0000000500000000, 0x0000000500000000)
[2025-06-17T23:32:40.294+0300][16496][17012][debug][gc,heap  ] GC(6)   eden space 3145728K, 0% used [0x0000000400000000,0x0000000400000000,0x00000004c0000000)
[2025-06-17T23:32:40.294+0300][16496][17012][debug][gc,heap  ] GC(6)   from space 524288K, 0% used [0x00000004c0000000,0x00000004c028c110,0x00000004e0000000)
[2025-06-17T23:32:40.294+0300][16496][17012][debug][gc,heap  ] GC(6)   to   space 524288K, 0% used [0x00000004e0000000,0x00000004e0000000,0x0000000500000000)
[2025-06-17T23:32:40.294+0300][16496][17012][debug][gc,heap  ] GC(6)  ParOldGen       total 8388608K, used 13789K [0x0000000200000000, 0x0000000400000000, 0x0000000400000000)
[2025-06-17T23:32:40.294+0300][16496][17012][debug][gc,heap  ] GC(6)   object space 8388608K, 0% used [0x0000000200000000,0x0000000200d77560,0x0000000400000000)
[2025-06-17T23:32:40.294+0300][16496][17012][debug][gc,heap  ] GC(6)  Metaspace       used 34687K, committed 35584K, reserved 1114112K
[2025-06-17T23:32:40.294+0300][16496][17012][debug][gc,heap  ] GC(6)   class space    used 2952K, committed 3328K, reserved 1048576K
[2025-06-17T23:32:40.294+0300][16496][17012][debug][gc,heap  ] GC(7) Heap before GC invocations=8 (full 3):
[2025-06-17T23:32:40.294+0300][16496][17012][debug][gc,heap  ] GC(7)  PSYoungGen      total 3670016K, used 2608K [0x0000000400000000, 0x0000000500000000, 0x0000000500000000)
[2025-06-17T23:32:40.294+0300][16496][17012][debug][gc,heap  ] GC(7)   eden space 3145728K, 0% used [0x0000000400000000,0x0000000400000000,0x00000004c0000000)
[2025-06-17T23:32:40.294+0300][16496][17012][debug][gc,heap  ] GC(7)   from space 524288K, 0% used [0x00000004c0000000,0x00000004c028c110,0x00000004e0000000)
[2025-06-17T23:32:40.294+0300][16496][17012][debug][gc,heap  ] GC(7)   to   space 524288K, 0% used [0x00000004e0000000,0x00000004e0000000,0x0000000500000000)
[2025-06-17T23:32:40.294+0300][16496][17012][debug][gc,heap  ] GC(7)  ParOldGen       total 8388608K, used 13789K [0x0000000200000000, 0x0000000400000000, 0x0000000400000000)
[2025-06-17T23:32:40.294+0300][16496][17012][debug][gc,heap  ] GC(7)   object space 8388608K, 0% used [0x0000000200000000,0x0000000200d77560,0x0000000400000000)
[2025-06-17T23:32:40.294+0300][16496][17012][debug][gc,heap  ] GC(7)  Metaspace       used 34687K, committed 35584K, reserved 1114112K
[2025-06-17T23:32:40.294+0300][16496][17012][debug][gc,heap  ] GC(7)   class space    used 2952K, committed 3328K, reserved 1048576K
[2025-06-17T23:32:40.294+0300][16496][17012][debug][gc,phases] GC(7) Pre Compact 0.078ms
[2025-06-17T23:32:40.299+0300][16496][17012][debug][gc,phases] GC(7) Par Mark 3.627ms
[2025-06-17T23:32:40.301+0300][16496][17012][debug][gc,phases] GC(7) Reference Processing 0.469ms
[2025-06-17T23:32:40.301+0300][16496][17012][debug][gc,phases] GC(7)   VM Weak                        Min:  0.0, Avg:  0.0, Max:  0.0, Diff:  0.0, Sum:  0.0, Workers: 8
[2025-06-17T23:32:40.301+0300][16496][17012][debug][gc,phases] GC(7)     Dead                           Min: 0, Avg: 26.9, Max: 128, Diff: 128, Sum: 215, Workers: 8
[2025-06-17T23:32:40.301+0300][16496][17012][debug][gc,phases] GC(7)     Total                          Min: 0, Avg: 69.6, Max: 365, Diff: 365, Sum: 557, Workers: 8
[2025-06-17T23:32:40.301+0300][16496][17012][debug][gc,phases] GC(7)   ObjectSynchronizer Weak        Min:  0.0, Avg:  0.0, Max:  0.0, Diff:  0.0, Sum:  0.0, Workers: 8
[2025-06-17T23:32:40.301+0300][16496][17012][debug][gc,phases] GC(7)     Dead                           Min: 0, Avg:  0.9, Max: 7, Diff: 7, Sum: 7, Workers: 8
[2025-06-17T23:32:40.301+0300][16496][17012][debug][gc,phases] GC(7)     Total                          Min: 0, Avg:  3.5, Max: 26, Diff: 26, Sum: 28, Workers: 8
[2025-06-17T23:32:40.301+0300][16496][17012][debug][gc,phases] GC(7)   JVMTI Tag Weak OopStorage      Min:  0.0, Avg:  0.0, Max:  0.0, Diff:  0.0, Sum:  0.0, Workers: 8
[2025-06-17T23:32:40.301+0300][16496][17012][debug][gc,phases] GC(7)     Dead                           Min: 0, Avg:  0.0, Max: 0, Diff: 0, Sum: 0, Workers: 8
[2025-06-17T23:32:40.301+0300][16496][17012][debug][gc,phases] GC(7)     Total                          Min: 0, Avg:  0.0, Max: 0, Diff: 0, Sum: 0, Workers: 8
[2025-06-17T23:32:40.301+0300][16496][17012][debug][gc,phases] GC(7)   StringTable Weak               Min:  0.0, Avg:  0.0, Max:  0.1, Diff:  0.1, Sum:  0.3, Workers: 8
[2025-06-17T23:32:40.301+0300][16496][17012][debug][gc,phases] GC(7)     Dead                           Min: 0, Avg: 169.4, Max: 462, Diff: 462, Sum: 1355, Workers: 8
[2025-06-17T23:32:40.301+0300][16496][17012][debug][gc,phases] GC(7)     Total                          Min: 640, Avg: 3469.4, Max: 7360, Diff: 6720, Sum: 27755, Workers: 8
[2025-06-17T23:32:40.301+0300][16496][17012][debug][gc,phases] GC(7)   ResolvedMethodTable Weak       Min:  0.0, Avg:  0.0, Max:  0.0, Diff:  0.0, Sum:  0.0, Workers: 8
[2025-06-17T23:32:40.301+0300][16496][17012][debug][gc,phases] GC(7)     Dead                           Min: 0, Avg: 13.5, Max: 34, Diff: 34, Sum: 108, Workers: 8
[2025-06-17T23:32:40.301+0300][16496][17012][debug][gc,phases] GC(7)     Total                          Min: 0, Avg: 214.4, Max: 256, Diff: 256, Sum: 1715, Workers: 8
[2025-06-17T23:32:40.301+0300][16496][17012][debug][gc,phases] GC(7)   JNI Weak                       Min:  0.0, Avg:  0.0, Max:  0.0, Diff:  0.0, Sum:  0.0, Workers: 8
[2025-06-17T23:32:40.301+0300][16496][17012][debug][gc,phases] GC(7)     Dead                           Min: 0, Avg:  0.0, Max: 0, Diff: 0, Sum: 0, Workers: 8
[2025-06-17T23:32:40.301+0300][16496][17012][debug][gc,phases] GC(7)     Total                          Min: 0, Avg:  0.2, Max: 2, Diff: 2, Sum: 2, Workers: 8
[2025-06-17T23:32:40.301+0300][16496][17012][debug][gc,phases] GC(7)   StringDedup Table Weak         Min:  0.0, Avg:  0.0, Max:  0.0, Diff:  0.0, Sum:  0.0, Workers: 8
[2025-06-17T23:32:40.301+0300][16496][17012][debug][gc,phases] GC(7)     Dead                           Min: 0, Avg:  0.0, Max: 0, Diff: 0, Sum: 0, Workers: 8
[2025-06-17T23:32:40.301+0300][16496][17012][debug][gc,phases] GC(7)     Total                          Min: 0, Avg:  0.0, Max: 0, Diff: 0, Sum: 0, Workers: 8
[2025-06-17T23:32:40.301+0300][16496][17012][debug][gc,phases] GC(7)   StringDedup Requests0 Weak     Min:  0.0, Avg:  0.0, Max:  0.0, Diff:  0.0, Sum:  0.0, Workers: 8
[2025-06-17T23:32:40.301+0300][16496][17012][debug][gc,phases] GC(7)     Dead                           Min: 0, Avg:  0.0, Max: 0, Diff: 0, Sum: 0, Workers: 8
[2025-06-17T23:32:40.301+0300][16496][17012][debug][gc,phases] GC(7)     Total                          Min: 0, Avg:  0.0, Max: 0, Diff: 0, Sum: 0, Workers: 8
[2025-06-17T23:32:40.301+0300][16496][17012][debug][gc,phases] GC(7)   StringDedup Requests1 Weak     Min:  0.0, Avg:  0.0, Max:  0.0, Diff:  0.0, Sum:  0.0, Workers: 8
[2025-06-17T23:32:40.301+0300][16496][17012][debug][gc,phases] GC(7)     Dead                           Min: 0, Avg:  0.0, Max: 0, Diff: 0, Sum: 0, Workers: 8
[2025-06-17T23:32:40.301+0300][16496][17012][debug][gc,phases] GC(7)     Total                          Min: 0, Avg:  0.0, Max: 0, Diff: 0, Sum: 0, Workers: 8
[2025-06-17T23:32:40.301+0300][16496][17012][debug][gc,phases] GC(7)   Weak JFR Old Object Samples    Min:  0.0, Avg:  0.0, Max:  0.0, Diff:  0.0, Sum:  0.0, Workers: 8
[2025-06-17T23:32:40.301+0300][16496][17012][debug][gc,phases] GC(7)     Dead                           Min: 0, Avg:  0.0, Max: 0, Diff: 0, Sum: 0, Workers: 8
[2025-06-17T23:32:40.301+0300][16496][17012][debug][gc,phases] GC(7)     Total                          Min: 0, Avg:  0.0, Max: 0, Diff: 0, Sum: 0, Workers: 8
[2025-06-17T23:32:40.301+0300][16496][17012][debug][gc,phases] GC(7) Weak Processing 0.395ms
[2025-06-17T23:32:40.302+0300][16496][17012][debug][gc,phases] GC(7) ClassLoaderData 0.316ms
[2025-06-17T23:32:40.302+0300][16496][17012][debug][gc,phases] GC(7) Trigger cleanups 0.005ms
[2025-06-17T23:32:40.317+0300][16496][17012][debug][gc,phases] GC(7) Purge Unlinked NMethods 0.409ms
[2025-06-17T23:32:40.317+0300][16496][17012][debug][gc,phases] GC(7) Unregister NMethods 0.067ms
[2025-06-17T23:32:40.317+0300][16496][17012][debug][gc,phases] GC(7) Free Code Blobs 0.077ms
[2025-06-17T23:32:40.321+0300][16496][17012][debug][gc,phases] GC(7) Class Unloading 20.419ms
[2025-06-17T23:32:40.321+0300][16496][17012][debug][gc,phases] GC(7) Report Object Count 0.001ms
[2025-06-17T23:32:40.321+0300][16496][17012][info ][gc,phases] GC(7) Marking Phase 25.064ms
[2025-06-17T23:32:40.321+0300][16496][17012][info ][gc,phases] GC(7) Summary Phase 0.002ms
[2025-06-17T23:32:40.331+0300][16496][17012][info ][gc,phases] GC(7) Adjust Roots 9.421ms
[2025-06-17T23:32:40.337+0300][16496][17012][info ][gc,phases] GC(7) Compaction Phase 7.900ms
[2025-06-17T23:32:40.337+0300][16496][17012][debug][gc,phases] GC(7) Purge Class Loader Data 0.696ms
[2025-06-17T23:32:40.337+0300][16496][17012][info ][gc,phases] GC(7) Post Compact 1.872ms
[2025-06-17T23:32:40.337+0300][16496][17012][info ][gc,heap  ] GC(7) PSYoungGen: 2608K(3670016K)->0K(3670016K) Eden: 0K(3145728K)->0K(3145728K) From: 2608K(524288K)->0K(524288K)
[2025-06-17T23:32:40.337+0300][16496][17012][info ][gc,heap  ] GC(7) ParOldGen: 13789K(8388608K)->14209K(8388608K)
[2025-06-17T23:32:40.337+0300][16496][17012][info ][gc       ] GC(7) Pause Full (System.gc()) 16M->13M(11776M) 44.455ms
[2025-06-17T23:32:40.337+0300][16496][17012][debug][gc,heap  ] GC(7) Heap after GC invocations=8 (full 3):
[2025-06-17T23:32:40.337+0300][16496][17012][debug][gc,heap  ] GC(7)  PSYoungGen      total 3670016K, used 0K [0x0000000400000000, 0x0000000500000000, 0x0000000500000000)
[2025-06-17T23:32:40.337+0300][16496][17012][debug][gc,heap  ] GC(7)   eden space 3145728K, 0% used [0x0000000400000000,0x0000000400000000,0x00000004c0000000)
[2025-06-17T23:32:40.337+0300][16496][17012][debug][gc,heap  ] GC(7)   from space 524288K, 0% used [0x00000004c0000000,0x00000004c0000000,0x00000004e0000000)
[2025-06-17T23:32:40.337+0300][16496][17012][debug][gc,heap  ] GC(7)   to   space 524288K, 0% used [0x00000004e0000000,0x00000004e0000000,0x0000000500000000)
[2025-06-17T23:32:40.337+0300][16496][17012][debug][gc,heap  ] GC(7)  ParOldGen       total 8388608K, used 14209K [0x0000000200000000, 0x0000000400000000, 0x0000000400000000)
[2025-06-17T23:32:40.337+0300][16496][17012][debug][gc,heap  ] GC(7)   object space 8388608K, 0% used [0x0000000200000000,0x0000000200de0650,0x0000000400000000)
[2025-06-17T23:32:40.337+0300][16496][17012][debug][gc,heap  ] GC(7)  Metaspace       used 33227K, committed 35456K, reserved 1114112K
[2025-06-17T23:32:40.337+0300][16496][17012][debug][gc,heap  ] GC(7)   class space    used 2783K, committed 3328K, reserved 1048576K
[2025-06-17T23:32:40.337+0300][16496][17012][info ][safepoint] Safepoint "ParallelGCSystemGC", Time since last: 245298800 ns, Reaching safepoint: 38700 ns, Cleanup: 23900 ns, At safepoint: 50918500 ns, Total: 50981100 ns
[2025-06-17T23:32:42.339+0300][16496][17012][debug][safepoint] Safepoint synchronization initiated using striped semaphore wait barrier. (32 threads)
[2025-06-17T23:32:42.339+0300][16496][1772 ][debug][safepoint] ... found polling page loop exception at pc = 0x00000110d1fdf1e0, stub =0x00000110d1615600
[2025-06-17T23:32:42.339+0300][16496][3548 ][debug][safepoint] ... found polling page loop exception at pc = 0x00000110d20bacb1, stub =0x00000110d1615600
[2025-06-17T23:32:42.339+0300][16496][17012][info ][safepoint] Safepoint "Cleanup", Time since last: 1998056000 ns, Reaching safepoint: 315000 ns, Cleanup: 247100 ns, At safepoint: 25900 ns, Total: 588000 ns
[2025-06-17T23:32:43.351+0300][16496][17012][debug][safepoint] Safepoint synchronization initiated using striped semaphore wait barrier. (32 threads)
[2025-06-17T23:32:43.351+0300][16496][17012][info ][safepoint] Safepoint "Cleanup", Time since last: 1011689200 ns, Reaching safepoint: 209500 ns, Cleanup: 44700 ns, At safepoint: 28800 ns, Total: 283000 ns
[2025-06-17T23:32:46.362+0300][16496][17012][debug][safepoint] Safepoint synchronization initiated using striped semaphore wait barrier. (32 threads)
[2025-06-17T23:32:46.362+0300][16496][4436 ][debug][safepoint] ... found polling page loop exception at pc = 0x00000110d20bacb1, stub =0x00000110d1615600
[2025-06-17T23:32:46.362+0300][16496][17012][info ][safepoint] Safepoint "Cleanup", Time since last: 3010625300 ns, Reaching safepoint: 335500 ns, Cleanup: 25400 ns, At safepoint: 36100 ns, Total: 397000 ns
[2025-06-17T23:32:49.398+0300][16496][17012][debug][safepoint] Safepoint synchronization initiated using striped semaphore wait barrier. (32 threads)
[2025-06-17T23:32:49.398+0300][16496][17012][info ][safepoint] Safepoint "Cleanup", Time since last: 3034710000 ns, Reaching safepoint: 156100 ns, Cleanup: 37100 ns, At safepoint: 5100 ns, Total: 198300 ns
[2025-06-17T23:32:50.405+0300][16496][17012][debug][safepoint] Safepoint synchronization initiated using striped semaphore wait barrier. (32 threads)
[2025-06-17T23:32:50.405+0300][16496][17856][debug][safepoint] ... found polling page loop exception at pc = 0x00000110d1d078d7, stub =0x00000110d1615600
[2025-06-17T23:32:50.405+0300][16496][17012][info ][safepoint] Safepoint "Cleanup", Time since last: 1007966400 ns, Reaching safepoint: 316500 ns, Cleanup: 30400 ns, At safepoint: 20400 ns, Total: 367300 ns
[2025-06-17T23:32:51.415+0300][16496][17012][debug][safepoint] Safepoint synchronization initiated using striped semaphore wait barrier. (32 threads)
[2025-06-17T23:32:51.415+0300][16496][17012][info ][safepoint] Safepoint "Cleanup", Time since last: 1008655700 ns, Reaching safepoint: 116800 ns, Cleanup: 20900 ns, At safepoint: 10000 ns, Total: 147700 ns
[2025-06-17T23:32:52.420+0300][16496][17012][debug][safepoint] Safepoint synchronization initiated using striped semaphore wait barrier. (32 threads)
[2025-06-17T23:32:52.420+0300][16496][17012][info ][safepoint] Safepoint "Cleanup", Time since last: 1005620800 ns, Reaching safepoint: 145400 ns, Cleanup: 27200 ns, At safepoint: 16700 ns, Total: 189300 ns
[2025-06-17T23:32:53.432+0300][16496][17012][debug][safepoint] Safepoint synchronization initiated using striped semaphore wait barrier. (32 threads)
[2025-06-17T23:32:53.432+0300][16496][4436 ][debug][safepoint] ... found polling page loop exception at pc = 0x00000110d218c8ca, stub =0x00000110d1615600
[2025-06-17T23:32:53.432+0300][16496][17012][info ][safepoint] Safepoint "Cleanup", Time since last: 1011048500 ns, Reaching safepoint: 384100 ns, Cleanup: 39700 ns, At safepoint: 38600 ns, Total: 462400 ns
[2025-06-17T23:32:54.439+0300][16496][17012][debug][safepoint] Safepoint synchronization initiated using striped semaphore wait barrier. (32 threads)
[2025-06-17T23:32:54.439+0300][16496][17012][info ][safepoint] Safepoint "Cleanup", Time since last: 1006811700 ns, Reaching safepoint: 173300 ns, Cleanup: 23800 ns, At safepoint: 44900 ns, Total: 242000 ns
[2025-06-17T23:33:00.497+0300][16496][17012][debug][safepoint] Safepoint synchronization initiated using striped semaphore wait barrier. (32 threads)
[2025-06-17T23:33:00.497+0300][16496][3088 ][debug][safepoint] ... found polling page loop exception at pc = 0x00000110d24f3b6b, stub =0x00000110d1615600
[2025-06-17T23:33:00.497+0300][16496][17012][info ][safepoint] Safepoint "Cleanup", Time since last: 6057391000 ns, Reaching safepoint: 220900 ns, Cleanup: 48600 ns, At safepoint: 13300 ns, Total: 282800 ns
[2025-06-17T23:33:01.510+0300][16496][17012][debug][safepoint] Safepoint synchronization initiated using striped semaphore wait barrier. (32 threads)
[2025-06-17T23:33:01.511+0300][16496][17012][info ][safepoint] Safepoint "Cleanup", Time since last: 1013158700 ns, Reaching safepoint: 210700 ns, Cleanup: 40900 ns, At safepoint: 23800 ns, Total: 275400 ns
[2025-06-17T23:33:02.511+0300][16496][17012][debug][safepoint] Safepoint synchronization initiated using striped semaphore wait barrier. (32 threads)
[2025-06-17T23:33:02.511+0300][16496][17012][info ][safepoint] Safepoint "Cleanup", Time since last: 1001110200 ns, Reaching safepoint: 168600 ns, Cleanup: 34000 ns, At safepoint: 21500 ns, Total: 224100 ns
[2025-06-17T23:33:03.526+0300][16496][17012][debug][safepoint] Safepoint synchronization initiated using striped semaphore wait barrier. (32 threads)
[2025-06-17T23:33:03.526+0300][16496][17012][info ][safepoint] Safepoint "Cleanup", Time since last: 1014015000 ns, Reaching safepoint: 143000 ns, Cleanup: 37500 ns, At safepoint: 18700 ns, Total: 199200 ns
[2025-06-17T23:33:04.532+0300][16496][17012][debug][safepoint] Safepoint synchronization initiated using striped semaphore wait barrier. (32 threads)
[2025-06-17T23:33:04.532+0300][16496][17012][info ][safepoint] Safepoint "Cleanup", Time since last: 1006490500 ns, Reaching safepoint: 148200 ns, Cleanup: 33000 ns, At safepoint: 3600 ns, Total: 184800 ns
[2025-06-17T23:33:05.539+0300][16496][17012][debug][safepoint] Safepoint synchronization initiated using striped semaphore wait barrier. (32 threads)
[2025-06-17T23:33:05.539+0300][16496][17012][info ][safepoint] Safepoint "Cleanup", Time since last: 1006554000 ns, Reaching safepoint: 151500 ns, Cleanup: 40600 ns, At safepoint: 3600 ns, Total: 195700 ns
[2025-06-17T23:33:08.568+0300][16496][17012][debug][safepoint] Safepoint synchronization initiated using striped semaphore wait barrier. (32 threads)
[2025-06-17T23:33:08.569+0300][16496][17012][info ][safepoint] Safepoint "Cleanup", Time since last: 3028783400 ns, Reaching safepoint: 222400 ns, Cleanup: 32500 ns, At safepoint: 45400 ns, Total: 300300 ns
[2025-06-17T23:33:22.668+0300][16496][17012][debug][safepoint] Safepoint synchronization initiated using striped semaphore wait barrier. (32 threads)
[2025-06-17T23:33:22.668+0300][16496][692  ][debug][safepoint] ... found polling page loop exception at pc = 0x00000110d22f9ebd, stub =0x00000110d1615600
[2025-06-17T23:33:22.668+0300][16496][17012][info ][safepoint] Safepoint "Cleanup", Time since last: 14100213600 ns, Reaching safepoint: 303600 ns, Cleanup: 47700 ns, At safepoint: 13600 ns, Total: 364900 ns
[2025-06-17T23:33:23.682+0300][16496][17012][debug][safepoint] Safepoint synchronization initiated using striped semaphore wait barrier. (32 threads)
[2025-06-17T23:33:23.682+0300][16496][17012][info ][safepoint] Safepoint "Cleanup", Time since last: 1012898000 ns, Reaching safepoint: 161300 ns, Cleanup: 21300 ns, At safepoint: 18000 ns, Total: 200600 ns
[2025-06-17T23:33:24.686+0300][16496][17012][debug][safepoint] Safepoint synchronization initiated using striped semaphore wait barrier. (32 threads)
[2025-06-17T23:33:24.686+0300][16496][17012][info ][safepoint] Safepoint "Cleanup", Time since last: 1004592700 ns, Reaching safepoint: 169300 ns, Cleanup: 22100 ns, At safepoint: 30800 ns, Total: 222200 ns
[2025-06-17T23:33:27.711+0300][16496][17012][debug][safepoint] Safepoint synchronization initiated using striped semaphore wait barrier. (32 threads)
[2025-06-17T23:33:27.712+0300][16496][17012][info ][safepoint] Safepoint "Cleanup", Time since last: 3024429100 ns, Reaching safepoint: 176100 ns, Cleanup: 53700 ns, At safepoint: 15900 ns, Total: 245700 ns
[2025-06-17T23:33:31.246+0300][16496][17012][debug][safepoint] Safepoint synchronization initiated using striped semaphore wait barrier. (32 threads)
[2025-06-17T23:33:31.246+0300][16496][17012][info ][safepoint] Safepoint "Cleanup", Time since last: 3534453000 ns, Reaching safepoint: 146200 ns, Cleanup: 59800 ns, At safepoint: 27100 ns, Total: 233100 ns
[2025-06-17T23:33:38.318+0300][16496][17012][debug][safepoint] Safepoint synchronization initiated using striped semaphore wait barrier. (32 threads)
[2025-06-17T23:33:38.318+0300][16496][17012][info ][safepoint] Safepoint "Cleanup", Time since last: 7072136200 ns, Reaching safepoint: 148300 ns, Cleanup: 32000 ns, At safepoint: 13100 ns, Total: 193400 ns
[2025-06-17T23:33:39.331+0300][16496][17012][debug][safepoint] Safepoint synchronization initiated using striped semaphore wait barrier. (32 threads)
[2025-06-17T23:33:39.332+0300][16496][17012][info ][safepoint] Safepoint "Cleanup", Time since last: 1012936700 ns, Reaching safepoint: 152000 ns, Cleanup: 23000 ns, At safepoint: 47200 ns, Total: 222200 ns
[2025-06-17T23:33:41.352+0300][16496][17012][debug][safepoint] Safepoint synchronization initiated using striped semaphore wait barrier. (32 threads)
[2025-06-17T23:33:41.352+0300][16496][3088 ][debug][safepoint] ... found polling page loop exception at pc = 0x00000110d218c8ca, stub =0x00000110d1615600
[2025-06-17T23:33:41.352+0300][16496][17012][info ][safepoint] Safepoint "Cleanup", Time since last: 2020098800 ns, Reaching safepoint: 285200 ns, Cleanup: 33600 ns, At safepoint: 19200 ns, Total: 338000 ns
[2025-06-17T23:33:44.358+0300][16496][17012][debug][safepoint] Safepoint synchronization initiated using striped semaphore wait barrier. (32 threads)
[2025-06-17T23:33:44.358+0300][16496][17012][info ][safepoint] Safepoint "Cleanup", Time since last: 3005607300 ns, Reaching safepoint: 170700 ns, Cleanup: 43600 ns, At safepoint: 29100 ns, Total: 243400 ns
[2025-06-17T23:33:46.374+0300][16496][17012][debug][safepoint] Safepoint synchronization initiated using striped semaphore wait barrier. (32 threads)
[2025-06-17T23:33:46.374+0300][16496][17012][info ][safepoint] Safepoint "Cleanup", Time since last: 2016071100 ns, Reaching safepoint: 102800 ns, Cleanup: 26600 ns, At safepoint: 6800 ns, Total: 136200 ns
[2025-06-17T23:33:47.382+0300][16496][17012][debug][safepoint] Safepoint synchronization initiated using striped semaphore wait barrier. (32 threads)
[2025-06-17T23:33:47.382+0300][16496][17012][info ][safepoint] Safepoint "Cleanup", Time since last: 1007729300 ns, Reaching safepoint: 125400 ns, Cleanup: 42900 ns, At safepoint: 14400 ns, Total: 182700 ns
[2025-06-17T23:34:03.523+0300][16496][17012][debug][safepoint] Safepoint synchronization initiated using striped semaphore wait barrier. (32 threads)
[2025-06-17T23:34:03.523+0300][16496][17012][info ][safepoint] Safepoint "Cleanup", Time since last: 16140771500 ns, Reaching safepoint: 98700 ns, Cleanup: 18600 ns, At safepoint: 15200 ns, Total: 132500 ns
[2025-06-17T23:34:10.573+0300][16496][17012][debug][safepoint] Safepoint synchronization initiated using striped semaphore wait barrier. (32 threads)
[2025-06-17T23:34:10.574+0300][16496][17012][info ][safepoint] Safepoint "Cleanup", Time since last: 7050140400 ns, Reaching safepoint: 149400 ns, Cleanup: 40000 ns, At safepoint: 25500 ns, Total: 214900 ns
[2025-06-17T23:34:12.593+0300][16496][17012][debug][safepoint] Safepoint synchronization initiated using striped semaphore wait barrier. (32 threads)
[2025-06-17T23:34:12.593+0300][16496][17012][info ][safepoint] Safepoint "Cleanup", Time since last: 2019684400 ns, Reaching safepoint: 96900 ns, Cleanup: 32000 ns, At safepoint: 14700 ns, Total: 143600 ns
[2025-06-17T23:34:13.213+0300][16496][17012][debug][safepoint] Safepoint synchronization initiated using striped semaphore wait barrier. (32 threads)
[2025-06-17T23:34:13.213+0300][16496][4436 ][debug][safepoint] ... found polling page loop exception at pc = 0x00000110d24f34f0, stub =0x00000110d1615600
[2025-06-17T23:34:13.213+0300][16496][17856][debug][safepoint] ... found polling page loop exception at pc = 0x00000110d20da1f7, stub =0x00000110d1615600
[2025-06-17T23:34:13.213+0300][16496][17012][debug][gc,heap  ] GC(8) Heap before GC invocations=9 (full 3):
[2025-06-17T23:34:13.213+0300][16496][17012][debug][gc,heap  ] GC(8)  PSYoungGen      total 3670016K, used 3145728K [0x0000000400000000, 0x0000000500000000, 0x0000000500000000)
[2025-06-17T23:34:13.213+0300][16496][17012][debug][gc,heap  ] GC(8)   eden space 3145728K, 100% used [0x0000000400000000,0x00000004c0000000,0x00000004c0000000)
[2025-06-17T23:34:13.213+0300][16496][17012][debug][gc,heap  ] GC(8)   from space 524288K, 0% used [0x00000004c0000000,0x00000004c0000000,0x00000004e0000000)
[2025-06-17T23:34:13.213+0300][16496][17012][debug][gc,heap  ] GC(8)   to   space 524288K, 0% used [0x00000004e0000000,0x00000004e0000000,0x0000000500000000)
[2025-06-17T23:34:13.213+0300][16496][17012][debug][gc,heap  ] GC(8)  ParOldGen       total 8388608K, used 14209K [0x0000000200000000, 0x0000000400000000, 0x0000000400000000)
[2025-06-17T23:34:13.213+0300][16496][17012][debug][gc,heap  ] GC(8)   object space 8388608K, 0% used [0x0000000200000000,0x0000000200de0650,0x0000000400000000)
[2025-06-17T23:34:13.213+0300][16496][17012][debug][gc,heap  ] GC(8)  Metaspace       used 34340K, committed 35520K, reserved 1114112K
[2025-06-17T23:34:13.213+0300][16496][17012][debug][gc,heap  ] GC(8)   class space    used 2862K, committed 3328K, reserved 1048576K
[2025-06-17T23:34:13.215+0300][16496][17012][debug][gc,phases] GC(8) Scavenge 3.197ms
[2025-06-17T23:34:13.215+0300][16496][17012][debug][gc,phases] GC(8) Reference Processing 0.103ms
[2025-06-17T23:34:13.215+0300][16496][17012][debug][gc,phases] GC(8)   VM Weak                        Min:  0.0, Avg:  0.0, Max:  0.0, Diff:  0.0, Sum:  0.0, Workers: 8
[2025-06-17T23:34:13.215+0300][16496][17012][debug][gc,phases] GC(8)     Dead                           Min: 0, Avg:  0.0, Max: 0, Diff: 0, Sum: 0, Workers: 8
[2025-06-17T23:34:13.215+0300][16496][17012][debug][gc,phases] GC(8)     Total                          Min: 0, Avg: 49.1, Max: 376, Diff: 376, Sum: 393, Workers: 8
[2025-06-17T23:34:13.215+0300][16496][17012][debug][gc,phases] GC(8)   ObjectSynchronizer Weak        Min:  0.0, Avg:  0.0, Max:  0.0, Diff:  0.0, Sum:  0.0, Workers: 8
[2025-06-17T23:34:13.215+0300][16496][17012][debug][gc,phases] GC(8)     Dead                           Min: 0, Avg:  0.0, Max: 0, Diff: 0, Sum: 0, Workers: 8
[2025-06-17T23:34:13.215+0300][16496][17012][debug][gc,phases] GC(8)     Total                          Min: 0, Avg:  3.2, Max: 13, Diff: 13, Sum: 26, Workers: 8
[2025-06-17T23:34:13.215+0300][16496][17012][debug][gc,phases] GC(8)   JVMTI Tag Weak OopStorage      Min:  0.0, Avg:  0.0, Max:  0.0, Diff:  0.0, Sum:  0.0, Workers: 8
[2025-06-17T23:34:13.215+0300][16496][17012][debug][gc,phases] GC(8)     Dead                           Min: 0, Avg:  0.0, Max: 0, Diff: 0, Sum: 0, Workers: 8
[2025-06-17T23:34:13.215+0300][16496][17012][debug][gc,phases] GC(8)     Total                          Min: 0, Avg:  0.0, Max: 0, Diff: 0, Sum: 0, Workers: 8
[2025-06-17T23:34:13.215+0300][16496][17012][debug][gc,phases] GC(8)   StringTable Weak               Min:  0.0, Avg:  0.1, Max:  0.1, Diff:  0.1, Sum:  0.6, Workers: 8
[2025-06-17T23:34:13.215+0300][16496][17012][debug][gc,phases] GC(8)     Dead                           Min: 0, Avg: 37.5, Max: 167, Diff: 167, Sum: 300, Workers: 8
[2025-06-17T23:34:13.215+0300][16496][17012][debug][gc,phases] GC(8)     Total                          Min: 640, Avg: 3497.2, Max: 9984, Diff: 9344, Sum: 27978, Workers: 8
[2025-06-17T23:34:13.215+0300][16496][17012][debug][gc,phases] GC(8)   ResolvedMethodTable Weak       Min:  0.0, Avg:  0.0, Max:  0.0, Diff:  0.0, Sum:  0.0, Workers: 8
[2025-06-17T23:34:13.215+0300][16496][17012][debug][gc,phases] GC(8)     Dead                           Min: 0, Avg:  0.1, Max: 1, Diff: 1, Sum: 1, Workers: 8
[2025-06-17T23:34:13.215+0300][16496][17012][debug][gc,phases] GC(8)     Total                          Min: 0, Avg: 220.5, Max: 384, Diff: 384, Sum: 1764, Workers: 8
[2025-06-17T23:34:13.215+0300][16496][17012][debug][gc,phases] GC(8)   JNI Weak                       Min:  0.0, Avg:  0.0, Max:  0.0, Diff:  0.0, Sum:  0.0, Workers: 8
[2025-06-17T23:34:13.215+0300][16496][17012][debug][gc,phases] GC(8)     Dead                           Min: 0, Avg:  0.0, Max: 0, Diff: 0, Sum: 0, Workers: 8
[2025-06-17T23:34:13.215+0300][16496][17012][debug][gc,phases] GC(8)     Total                          Min: 0, Avg:  0.0, Max: 0, Diff: 0, Sum: 0, Workers: 8
[2025-06-17T23:34:13.215+0300][16496][17012][debug][gc,phases] GC(8)   StringDedup Table Weak         Min:  0.0, Avg:  0.0, Max:  0.0, Diff:  0.0, Sum:  0.0, Workers: 8
[2025-06-17T23:34:13.215+0300][16496][17012][debug][gc,phases] GC(8)     Dead                           Min: 0, Avg:  0.0, Max: 0, Diff: 0, Sum: 0, Workers: 8
[2025-06-17T23:34:13.215+0300][16496][17012][debug][gc,phases] GC(8)     Total                          Min: 0, Avg:  0.0, Max: 0, Diff: 0, Sum: 0, Workers: 8
[2025-06-17T23:34:13.215+0300][16496][17012][debug][gc,phases] GC(8)   StringDedup Requests0 Weak     Min:  0.0, Avg:  0.0, Max:  0.0, Diff:  0.0, Sum:  0.0, Workers: 8
[2025-06-17T23:34:13.215+0300][16496][17012][debug][gc,phases] GC(8)     Dead                           Min: 0, Avg:  0.0, Max: 0, Diff: 0, Sum: 0, Workers: 8
[2025-06-17T23:34:13.215+0300][16496][17012][debug][gc,phases] GC(8)     Total                          Min: 0, Avg:  0.0, Max: 0, Diff: 0, Sum: 0, Workers: 8
[2025-06-17T23:34:13.215+0300][16496][17012][debug][gc,phases] GC(8)   StringDedup Requests1 Weak     Min:  0.0, Avg:  0.0, Max:  0.0, Diff:  0.0, Sum:  0.0, Workers: 8
[2025-06-17T23:34:13.215+0300][16496][17012][debug][gc,phases] GC(8)     Dead                           Min: 0, Avg:  0.0, Max: 0, Diff: 0, Sum: 0, Workers: 8
[2025-06-17T23:34:13.215+0300][16496][17012][debug][gc,phases] GC(8)     Total                          Min: 0, Avg:  0.0, Max: 0, Diff: 0, Sum: 0, Workers: 8
[2025-06-17T23:34:13.215+0300][16496][17012][debug][gc,phases] GC(8)   Weak JFR Old Object Samples    Min:  0.0, Avg:  0.0, Max:  0.0, Diff:  0.0, Sum:  0.0, Workers: 8
[2025-06-17T23:34:13.215+0300][16496][17012][debug][gc,phases] GC(8)     Dead                           Min: 0, Avg:  0.0, Max: 0, Diff: 0, Sum: 0, Workers: 8
[2025-06-17T23:34:13.215+0300][16496][17012][debug][gc,phases] GC(8)     Total                          Min: 0, Avg:  0.0, Max: 0, Diff: 0, Sum: 0, Workers: 8
[2025-06-17T23:34:13.215+0300][16496][17012][debug][gc,phases] GC(8) Weak Processing 1.359ms
[2025-06-17T23:34:13.215+0300][16496][17012][info ][gc,heap  ] GC(8) PSYoungGen: 3145728K(3670016K)->2393K(3670016K) Eden: 3145728K(3145728K)->0K(3145728K) From: 0K(524288K)->2393K(524288K)
[2025-06-17T23:34:13.215+0300][16496][17012][info ][gc,heap  ] GC(8) ParOldGen: 14209K(8388608K)->14217K(8388608K)
[2025-06-17T23:34:13.215+0300][16496][17012][info ][gc       ] GC(8) Pause Young (Allocation Failure) 3085M->16M(11776M) 4.901ms
[2025-06-17T23:34:13.215+0300][16496][17012][debug][gc,heap  ] GC(8) Heap after GC invocations=9 (full 3):
[2025-06-17T23:34:13.215+0300][16496][17012][debug][gc,heap  ] GC(8)  PSYoungGen      total 3670016K, used 2393K [0x0000000400000000, 0x0000000500000000, 0x0000000500000000)
[2025-06-17T23:34:13.215+0300][16496][17012][debug][gc,heap  ] GC(8)   eden space 3145728K, 0% used [0x0000000400000000,0x0000000400000000,0x00000004c0000000)
[2025-06-17T23:34:13.215+0300][16496][17012][debug][gc,heap  ] GC(8)   from space 524288K, 0% used [0x00000004e0000000,0x00000004e02566e0,0x0000000500000000)
[2025-06-17T23:34:13.215+0300][16496][17012][debug][gc,heap  ] GC(8)   to   space 524288K, 0% used [0x00000004c0000000,0x00000004c0000000,0x00000004e0000000)
[2025-06-17T23:34:13.215+0300][16496][17012][debug][gc,heap  ] GC(8)  ParOldGen       total 8388608K, used 14217K [0x0000000200000000, 0x0000000400000000, 0x0000000400000000)
[2025-06-17T23:34:13.215+0300][16496][17012][debug][gc,heap  ] GC(8)   object space 8388608K, 0% used [0x0000000200000000,0x0000000200de2650,0x0000000400000000)
[2025-06-17T23:34:13.215+0300][16496][17012][debug][gc,heap  ] GC(8)  Metaspace       used 34340K, committed 35520K, reserved 1114112K
[2025-06-17T23:34:13.215+0300][16496][17012][debug][gc,heap  ] GC(8)   class space    used 2862K, committed 3328K, reserved 1048576K
[2025-06-17T23:34:13.215+0300][16496][17012][info ][safepoint] Safepoint "ParallelGCFailedAllocation", Time since last: 620198100 ns, Reaching safepoint: 446800 ns, Cleanup: 10600 ns, At safepoint: 5513400 ns, Total: 5970800 ns
[2025-06-17T23:34:20.273+0300][16496][17012][debug][safepoint] Safepoint synchronization initiated using striped semaphore wait barrier. (32 threads)
[2025-06-17T23:34:20.273+0300][16496][19780][debug][safepoint] ... found polling page loop exception at pc = 0x00000110d1fdf1e0, stub =0x00000110d1615600
[2025-06-17T23:34:20.273+0300][16496][692  ][debug][safepoint] ... found polling page loop exception at pc = 0x00000110d22f9e4b, stub =0x00000110d1615600
[2025-06-17T23:34:20.273+0300][16496][17012][info ][safepoint] Safepoint "Cleanup", Time since last: 7054131500 ns, Reaching safepoint: 484300 ns, Cleanup: 33000 ns, At safepoint: 20300 ns, Total: 537600 ns
[2025-06-17T23:34:28.252+0300][16496][692  ][debug][safepoint] ... found polling page loop exception at pc = 0x00000110d22053d3, stub =0x00000110d1615600
[2025-06-17T23:34:28.252+0300][16496][3088 ][debug][safepoint] ... found polling page loop exception at pc = 0x00000110d24abfff, stub =0x00000110d1615600
[2025-06-17T23:34:45.377+0300][16496][17012][debug][safepoint] Safepoint synchronization initiated using striped semaphore wait barrier. (32 threads)
[2025-06-17T23:34:45.377+0300][16496][4436 ][debug][safepoint] ... found polling page loop exception at pc = 0x00000110d24f3b6b, stub =0x00000110d1615600
[2025-06-17T23:34:45.377+0300][16496][17012][info ][safepoint] Safepoint "Cleanup", Time since last: 25102672000 ns, Reaching safepoint: 161500 ns, Cleanup: 21400 ns, At safepoint: 7300 ns, Total: 190200 ns
[2025-06-17T23:35:18.635+0300][16496][17012][debug][safepoint] Safepoint synchronization initiated using striped semaphore wait barrier. (32 threads)
[2025-06-17T23:35:18.635+0300][16496][17012][info ][safepoint] Safepoint "Cleanup", Time since last: 33258224300 ns, Reaching safepoint: 188000 ns, Cleanup: 37200 ns, At safepoint: 25200 ns, Total: 250400 ns
[2025-06-17T23:35:43.587+0300][16496][17012][debug][safepoint] Safepoint synchronization initiated using striped semaphore wait barrier. (32 threads)
[2025-06-17T23:35:43.587+0300][16496][17012][info ][safepoint] Safepoint "Cleanup", Time since last: 24951858300 ns, Reaching safepoint: 102700 ns, Cleanup: 16500 ns, At safepoint: 11400 ns, Total: 130600 ns
[2025-06-17T23:35:45.615+0300][16496][17012][debug][safepoint] Safepoint synchronization initiated using striped semaphore wait barrier. (24 threads)
[2025-06-17T23:35:45.615+0300][16496][17012][debug][gc,heap  ] GC(9) Heap before GC invocations=10 (full 3):
[2025-06-17T23:35:45.615+0300][16496][17012][debug][gc,heap  ] GC(9)  PSYoungGen      total 3670016K, used 2817620K [0x0000000400000000, 0x0000000500000000, 0x0000000500000000)
[2025-06-17T23:35:45.615+0300][16496][17012][debug][gc,heap  ] GC(9)   eden space 3145728K, 89% used [0x0000000400000000,0x00000004abd3ed00,0x00000004c0000000)
[2025-06-17T23:35:45.615+0300][16496][17012][debug][gc,heap  ] GC(9)   from space 524288K, 0% used [0x00000004e0000000,0x00000004e02566e0,0x0000000500000000)
[2025-06-17T23:35:45.615+0300][16496][17012][debug][gc,heap  ] GC(9)   to   space 524288K, 0% used [0x00000004c0000000,0x00000004c0000000,0x00000004e0000000)
[2025-06-17T23:35:45.615+0300][16496][17012][debug][gc,heap  ] GC(9)  ParOldGen       total 8388608K, used 14217K [0x0000000200000000, 0x0000000400000000, 0x0000000400000000)
[2025-06-17T23:35:45.615+0300][16496][17012][debug][gc,heap  ] GC(9)   object space 8388608K, 0% used [0x0000000200000000,0x0000000200de2650,0x0000000400000000)
[2025-06-17T23:35:45.615+0300][16496][17012][debug][gc,heap  ] GC(9)  Metaspace       used 34376K, committed 35520K, reserved 1114112K
[2025-06-17T23:35:45.615+0300][16496][17012][debug][gc,heap  ] GC(9)   class space    used 2864K, committed 3328K, reserved 1048576K
[2025-06-17T23:35:45.631+0300][16496][17012][debug][gc,phases] GC(9) Scavenge 1.841ms
[2025-06-17T23:35:45.631+0300][16496][17012][debug][gc,phases] GC(9) Reference Processing 0.040ms
[2025-06-17T23:35:45.631+0300][16496][17012][debug][gc,phases] GC(9)   VM Weak                        Min:  0.0, Avg:  0.0, Max:  0.0, Diff:  0.0, Sum:  0.0, Workers: 8
[2025-06-17T23:35:45.631+0300][16496][17012][debug][gc,phases] GC(9)     Dead                           Min: 0, Avg:  0.0, Max: 0, Diff: 0, Sum: 0, Workers: 8
[2025-06-17T23:35:45.631+0300][16496][17012][debug][gc,phases] GC(9)     Total                          Min: 0, Avg: 49.2, Max: 328, Diff: 328, Sum: 394, Workers: 8
[2025-06-17T23:35:45.631+0300][16496][17012][debug][gc,phases] GC(9)   ObjectSynchronizer Weak        Min:  0.0, Avg:  0.0, Max:  0.0, Diff:  0.0, Sum:  0.0, Workers: 8
[2025-06-17T23:35:45.631+0300][16496][17012][debug][gc,phases] GC(9)     Dead                           Min: 0, Avg:  1.8, Max: 14, Diff: 14, Sum: 14, Workers: 8
[2025-06-17T23:35:45.631+0300][16496][17012][debug][gc,phases] GC(9)     Total                          Min: 0, Avg:  3.6, Max: 29, Diff: 29, Sum: 29, Workers: 8
[2025-06-17T23:35:45.631+0300][16496][17012][debug][gc,phases] GC(9)   JVMTI Tag Weak OopStorage      Min:  0.0, Avg:  0.0, Max:  0.0, Diff:  0.0, Sum:  0.0, Workers: 8
[2025-06-17T23:35:45.631+0300][16496][17012][debug][gc,phases] GC(9)     Dead                           Min: 0, Avg:  0.0, Max: 0, Diff: 0, Sum: 0, Workers: 8
[2025-06-17T23:35:45.631+0300][16496][17012][debug][gc,phases] GC(9)     Total                          Min: 0, Avg:  0.0, Max: 0, Diff: 0, Sum: 0, Workers: 8
[2025-06-17T23:35:45.631+0300][16496][17012][debug][gc,phases] GC(9)   StringTable Weak               Min:  0.0, Avg:  0.0, Max:  0.1, Diff:  0.1, Sum:  0.3, Workers: 8
[2025-06-17T23:35:45.631+0300][16496][17012][debug][gc,phases] GC(9)     Dead                           Min: 0, Avg: 54.9, Max: 298, Diff: 298, Sum: 439, Workers: 8
[2025-06-17T23:35:45.631+0300][16496][17012][debug][gc,phases] GC(9)     Total                          Min: 0, Avg: 3499.9, Max: 9187, Diff: 9187, Sum: 27999, Workers: 8
[2025-06-17T23:35:45.631+0300][16496][17012][debug][gc,phases] GC(9)   ResolvedMethodTable Weak       Min:  0.0, Avg:  0.0, Max:  0.0, Diff:  0.0, Sum:  0.0, Workers: 8
[2025-06-17T23:35:45.631+0300][16496][17012][debug][gc,phases] GC(9)     Dead                           Min: 0, Avg:  0.0, Max: 0, Diff: 0, Sum: 0, Workers: 8
[2025-06-17T23:35:45.631+0300][16496][17012][debug][gc,phases] GC(9)     Total                          Min: 0, Avg: 220.8, Max: 640, Diff: 640, Sum: 1766, Workers: 8
[2025-06-17T23:35:45.631+0300][16496][17012][debug][gc,phases] GC(9)   JNI Weak                       Min:  0.0, Avg:  0.0, Max:  0.0, Diff:  0.0, Sum:  0.0, Workers: 8
[2025-06-17T23:35:45.631+0300][16496][17012][debug][gc,phases] GC(9)     Dead                           Min: 0, Avg:  0.0, Max: 0, Diff: 0, Sum: 0, Workers: 8
[2025-06-17T23:35:45.631+0300][16496][17012][debug][gc,phases] GC(9)     Total                          Min: 0, Avg:  0.2, Max: 2, Diff: 2, Sum: 2, Workers: 8
[2025-06-17T23:35:45.631+0300][16496][17012][debug][gc,phases] GC(9)   StringDedup Table Weak         Min:  0.0, Avg:  0.0, Max:  0.0, Diff:  0.0, Sum:  0.0, Workers: 8
[2025-06-17T23:35:45.631+0300][16496][17012][debug][gc,phases] GC(9)     Dead                           Min: 0, Avg:  0.0, Max: 0, Diff: 0, Sum: 0, Workers: 8
[2025-06-17T23:35:45.631+0300][16496][17012][debug][gc,phases] GC(9)     Total                          Min: 0, Avg:  0.0, Max: 0, Diff: 0, Sum: 0, Workers: 8
[2025-06-17T23:35:45.631+0300][16496][17012][debug][gc,phases] GC(9)   StringDedup Requests0 Weak     Min:  0.0, Avg:  0.0, Max:  0.0, Diff:  0.0, Sum:  0.0, Workers: 8
[2025-06-17T23:35:45.631+0300][16496][17012][debug][gc,phases] GC(9)     Dead                           Min: 0, Avg:  0.0, Max: 0, Diff: 0, Sum: 0, Workers: 8
[2025-06-17T23:35:45.631+0300][16496][17012][debug][gc,phases] GC(9)     Total                          Min: 0, Avg:  0.0, Max: 0, Diff: 0, Sum: 0, Workers: 8
[2025-06-17T23:35:45.631+0300][16496][17012][debug][gc,phases] GC(9)   StringDedup Requests1 Weak     Min:  0.0, Avg:  0.0, Max:  0.0, Diff:  0.0, Sum:  0.0, Workers: 8
[2025-06-17T23:35:45.631+0300][16496][17012][debug][gc,phases] GC(9)     Dead                           Min: 0, Avg:  0.0, Max: 0, Diff: 0, Sum: 0, Workers: 8
[2025-06-17T23:35:45.631+0300][16496][17012][debug][gc,phases] GC(9)     Total                          Min: 0, Avg:  0.0, Max: 0, Diff: 0, Sum: 0, Workers: 8
[2025-06-17T23:35:45.631+0300][16496][17012][debug][gc,phases] GC(9)   Weak JFR Old Object Samples    Min:  0.0, Avg:  0.0, Max:  0.0, Diff:  0.0, Sum:  0.0, Workers: 8
[2025-06-17T23:35:45.631+0300][16496][17012][debug][gc,phases] GC(9)     Dead                           Min: 0, Avg:  0.0, Max: 0, Diff: 0, Sum: 0, Workers: 8
[2025-06-17T23:35:45.631+0300][16496][17012][debug][gc,phases] GC(9)     Total                          Min: 0, Avg:  0.0, Max: 0, Diff: 0, Sum: 0, Workers: 8
[2025-06-17T23:35:45.631+0300][16496][17012][debug][gc,phases] GC(9) Weak Processing 0.423ms
[2025-06-17T23:35:45.631+0300][16496][17012][info ][gc,heap  ] GC(9) PSYoungGen: 2817620K(3670016K)->1737K(3670016K) Eden: 2815227K(3145728K)->0K(3145728K) From: 2393K(524288K)->1737K(524288K)
[2025-06-17T23:35:45.631+0300][16496][17012][info ][gc,heap  ] GC(9) ParOldGen: 14217K(8388608K)->14225K(8388608K)
[2025-06-17T23:35:45.631+0300][16496][17012][info ][gc       ] GC(9) Pause Young (System.gc()) 2765M->15M(11776M) 2.409ms
[2025-06-17T23:35:45.631+0300][16496][17012][debug][gc,heap  ] GC(9) Heap after GC invocations=10 (full 3):
[2025-06-17T23:35:45.631+0300][16496][17012][debug][gc,heap  ] GC(9)  PSYoungGen      total 3670016K, used 1737K [0x0000000400000000, 0x0000000500000000, 0x0000000500000000)
[2025-06-17T23:35:45.631+0300][16496][17012][debug][gc,heap  ] GC(9)   eden space 3145728K, 0% used [0x0000000400000000,0x0000000400000000,0x00000004c0000000)
[2025-06-17T23:35:45.631+0300][16496][17012][debug][gc,heap  ] GC(9)   from space 524288K, 0% used [0x00000004c0000000,0x00000004c01b26f0,0x00000004e0000000)
[2025-06-17T23:35:45.631+0300][16496][17012][debug][gc,heap  ] GC(9)   to   space 524288K, 0% used [0x00000004e0000000,0x00000004e0000000,0x0000000500000000)
[2025-06-17T23:35:45.631+0300][16496][17012][debug][gc,heap  ] GC(9)  ParOldGen       total 8388608K, used 14225K [0x0000000200000000, 0x0000000400000000, 0x0000000400000000)
[2025-06-17T23:35:45.631+0300][16496][17012][debug][gc,heap  ] GC(9)   object space 8388608K, 0% used [0x0000000200000000,0x0000000200de4650,0x0000000400000000)
[2025-06-17T23:35:45.631+0300][16496][17012][debug][gc,heap  ] GC(9)  Metaspace       used 34376K, committed 35520K, reserved 1114112K
[2025-06-17T23:35:45.631+0300][16496][17012][debug][gc,heap  ] GC(9)   class space    used 2864K, committed 3328K, reserved 1048576K
[2025-06-17T23:35:45.631+0300][16496][17012][debug][gc,heap  ] GC(10) Heap before GC invocations=11 (full 4):
[2025-06-17T23:35:45.631+0300][16496][17012][debug][gc,heap  ] GC(10)  PSYoungGen      total 3670016K, used 1737K [0x0000000400000000, 0x0000000500000000, 0x0000000500000000)
[2025-06-17T23:35:45.631+0300][16496][17012][debug][gc,heap  ] GC(10)   eden space 3145728K, 0% used [0x0000000400000000,0x0000000400000000,0x00000004c0000000)
[2025-06-17T23:35:45.631+0300][16496][17012][debug][gc,heap  ] GC(10)   from space 524288K, 0% used [0x00000004c0000000,0x00000004c01b26f0,0x00000004e0000000)
[2025-06-17T23:35:45.631+0300][16496][17012][debug][gc,heap  ] GC(10)   to   space 524288K, 0% used [0x00000004e0000000,0x00000004e0000000,0x0000000500000000)
[2025-06-17T23:35:45.631+0300][16496][17012][debug][gc,heap  ] GC(10)  ParOldGen       total 8388608K, used 14225K [0x0000000200000000, 0x0000000400000000, 0x0000000400000000)
[2025-06-17T23:35:45.631+0300][16496][17012][debug][gc,heap  ] GC(10)   object space 8388608K, 0% used [0x0000000200000000,0x0000000200de4650,0x0000000400000000)
[2025-06-17T23:35:45.631+0300][16496][17012][debug][gc,heap  ] GC(10)  Metaspace       used 34376K, committed 35520K, reserved 1114112K
[2025-06-17T23:35:45.631+0300][16496][17012][debug][gc,heap  ] GC(10)   class space    used 2864K, committed 3328K, reserved 1048576K
[2025-06-17T23:35:45.631+0300][16496][17012][debug][gc,phases] GC(10) Pre Compact 0.077ms
[2025-06-17T23:35:45.635+0300][16496][17012][debug][gc,phases] GC(10) Par Mark 3.809ms
[2025-06-17T23:35:45.635+0300][16496][17012][debug][gc,phases] GC(10) Reference Processing 0.512ms
[2025-06-17T23:35:45.635+0300][16496][17012][debug][gc,phases] GC(10)   VM Weak                        Min:  0.0, Avg:  0.0, Max:  0.0, Diff:  0.0, Sum:  0.0, Workers: 8
[2025-06-17T23:35:45.635+0300][16496][17012][debug][gc,phases] GC(10)     Dead                           Min: 0, Avg:  5.6, Max: 34, Diff: 34, Sum: 45, Workers: 8
[2025-06-17T23:35:45.635+0300][16496][17012][debug][gc,phases] GC(10)     Total                          Min: 0, Avg: 49.2, Max: 337, Diff: 337, Sum: 394, Workers: 8
[2025-06-17T23:35:45.635+0300][16496][17012][debug][gc,phases] GC(10)   ObjectSynchronizer Weak        Min:  0.0, Avg:  0.0, Max:  0.0, Diff:  0.0, Sum:  0.0, Workers: 8
[2025-06-17T23:35:45.635+0300][16496][17012][debug][gc,phases] GC(10)     Dead                           Min: 0, Avg:  0.0, Max: 0, Diff: 0, Sum: 0, Workers: 8
[2025-06-17T23:35:45.635+0300][16496][17012][debug][gc,phases] GC(10)     Total                          Min: 0, Avg:  3.6, Max: 29, Diff: 29, Sum: 29, Workers: 8
[2025-06-17T23:35:45.635+0300][16496][17012][debug][gc,phases] GC(10)   JVMTI Tag Weak OopStorage      Min:  0.0, Avg:  0.0, Max:  0.0, Diff:  0.0, Sum:  0.0, Workers: 8
[2025-06-17T23:35:45.635+0300][16496][17012][debug][gc,phases] GC(10)     Dead                           Min: 0, Avg:  0.0, Max: 0, Diff: 0, Sum: 0, Workers: 8
[2025-06-17T23:35:45.635+0300][16496][17012][debug][gc,phases] GC(10)     Total                          Min: 0, Avg:  0.0, Max: 0, Diff: 0, Sum: 0, Workers: 8
[2025-06-17T23:35:45.635+0300][16496][17012][debug][gc,phases] GC(10)   StringTable Weak               Min:  0.0, Avg:  0.0, Max:  0.1, Diff:  0.1, Sum:  0.3, Workers: 8
[2025-06-17T23:35:45.635+0300][16496][17012][debug][gc,phases] GC(10)     Dead                           Min: 11, Avg: 106.0, Max: 178, Diff: 167, Sum: 848, Workers: 8
[2025-06-17T23:35:45.635+0300][16496][17012][debug][gc,phases] GC(10)     Total                          Min: 2304, Avg: 3499.9, Max: 7075, Diff: 4771, Sum: 27999, Workers: 8
[2025-06-17T23:35:45.635+0300][16496][17012][debug][gc,phases] GC(10)   ResolvedMethodTable Weak       Min:  0.0, Avg:  0.0, Max:  0.0, Diff:  0.0, Sum:  0.0, Workers: 8
[2025-06-17T23:35:45.635+0300][16496][17012][debug][gc,phases] GC(10)     Dead                           Min: 1, Avg:  9.1, Max: 45, Diff: 44, Sum: 73, Workers: 8
[2025-06-17T23:35:45.635+0300][16496][17012][debug][gc,phases] GC(10)     Total                          Min: 167, Avg: 220.8, Max: 256, Diff: 89, Sum: 1766, Workers: 8
[2025-06-17T23:35:45.635+0300][16496][17012][debug][gc,phases] GC(10)   JNI Weak                       Min:  0.0, Avg:  0.0, Max:  0.0, Diff:  0.0, Sum:  0.0, Workers: 8
[2025-06-17T23:35:45.635+0300][16496][17012][debug][gc,phases] GC(10)     Dead                           Min: 0, Avg:  0.0, Max: 0, Diff: 0, Sum: 0, Workers: 8
[2025-06-17T23:35:45.635+0300][16496][17012][debug][gc,phases] GC(10)     Total                          Min: 0, Avg:  0.2, Max: 2, Diff: 2, Sum: 2, Workers: 8
[2025-06-17T23:35:45.635+0300][16496][17012][debug][gc,phases] GC(10)   StringDedup Table Weak         Min:  0.0, Avg:  0.0, Max:  0.0, Diff:  0.0, Sum:  0.0, Workers: 8
[2025-06-17T23:35:45.635+0300][16496][17012][debug][gc,phases] GC(10)     Dead                           Min: 0, Avg:  0.0, Max: 0, Diff: 0, Sum: 0, Workers: 8
[2025-06-17T23:35:45.635+0300][16496][17012][debug][gc,phases] GC(10)     Total                          Min: 0, Avg:  0.0, Max: 0, Diff: 0, Sum: 0, Workers: 8
[2025-06-17T23:35:45.635+0300][16496][17012][debug][gc,phases] GC(10)   StringDedup Requests0 Weak     Min:  0.0, Avg:  0.0, Max:  0.0, Diff:  0.0, Sum:  0.0, Workers: 8
[2025-06-17T23:35:45.635+0300][16496][17012][debug][gc,phases] GC(10)     Dead                           Min: 0, Avg:  0.0, Max: 0, Diff: 0, Sum: 0, Workers: 8
[2025-06-17T23:35:45.635+0300][16496][17012][debug][gc,phases] GC(10)     Total                          Min: 0, Avg:  0.0, Max: 0, Diff: 0, Sum: 0, Workers: 8
[2025-06-17T23:35:45.635+0300][16496][17012][debug][gc,phases] GC(10)   StringDedup Requests1 Weak     Min:  0.0, Avg:  0.0, Max:  0.0, Diff:  0.0, Sum:  0.0, Workers: 8
[2025-06-17T23:35:45.635+0300][16496][17012][debug][gc,phases] GC(10)     Dead                           Min: 0, Avg:  0.0, Max: 0, Diff: 0, Sum: 0, Workers: 8
[2025-06-17T23:35:45.635+0300][16496][17012][debug][gc,phases] GC(10)     Total                          Min: 0, Avg:  0.0, Max: 0, Diff: 0, Sum: 0, Workers: 8
[2025-06-17T23:35:45.635+0300][16496][17012][debug][gc,phases] GC(10)   Weak JFR Old Object Samples    Min:  0.0, Avg:  0.0, Max:  0.0, Diff:  0.0, Sum:  0.0, Workers: 8
[2025-06-17T23:35:45.635+0300][16496][17012][debug][gc,phases] GC(10)     Dead                           Min: 0, Avg:  0.0, Max: 0, Diff: 0, Sum: 0, Workers: 8
[2025-06-17T23:35:45.635+0300][16496][17012][debug][gc,phases] GC(10)     Total                          Min: 0, Avg:  0.0, Max: 0, Diff: 0, Sum: 0, Workers: 8
[2025-06-17T23:35:45.635+0300][16496][17012][debug][gc,phases] GC(10) Weak Processing 0.391ms
[2025-06-17T23:35:45.635+0300][16496][17012][debug][gc,phases] GC(10) ClassLoaderData 0.231ms
[2025-06-17T23:35:45.635+0300][16496][17012][debug][gc,phases] GC(10) Trigger cleanups 0.005ms
[2025-06-17T23:35:45.647+0300][16496][17012][debug][gc,phases] GC(10) Purge Unlinked NMethods 1.564ms
[2025-06-17T23:35:45.647+0300][16496][17012][debug][gc,phases] GC(10) Unregister NMethods 0.014ms
[2025-06-17T23:35:45.647+0300][16496][17012][debug][gc,phases] GC(10) Free Code Blobs 0.235ms
[2025-06-17T23:35:45.647+0300][16496][17012][debug][gc,phases] GC(10) Class Unloading 23.234ms
[2025-06-17T23:35:45.647+0300][16496][17012][debug][gc,phases] GC(10) Report Object Count 0.001ms
[2025-06-17T23:35:45.647+0300][16496][17012][info ][gc,phases] GC(10) Marking Phase 28.080ms
[2025-06-17T23:35:45.647+0300][16496][17012][info ][gc,phases] GC(10) Summary Phase 0.002ms
[2025-06-17T23:35:45.663+0300][16496][17012][info ][gc,phases] GC(10) Adjust Roots 7.263ms
[2025-06-17T23:35:45.674+0300][16496][17012][info ][gc,phases] GC(10) Compaction Phase 6.884ms
[2025-06-17T23:35:45.674+0300][16496][17012][debug][gc,phases] GC(10) Purge Class Loader Data 0.629ms
[2025-06-17T23:35:45.674+0300][16496][17012][info ][gc,phases] GC(10) Post Compact 1.991ms
[2025-06-17T23:35:45.674+0300][16496][17012][info ][gc,heap  ] GC(10) PSYoungGen: 1737K(3670016K)->0K(3670016K) Eden: 0K(3145728K)->0K(3145728K) From: 1737K(524288K)->0K(524288K)
[2025-06-17T23:35:45.674+0300][16496][17012][info ][gc,heap  ] GC(10) ParOldGen: 14225K(8388608K)->14114K(8388608K)
[2025-06-17T23:35:45.674+0300][16496][17012][info ][gc       ] GC(10) Pause Full (System.gc()) 15M->13M(11776M) 44.392ms
[2025-06-17T23:35:45.674+0300][16496][17012][debug][gc,heap  ] GC(10) Heap after GC invocations=11 (full 4):
[2025-06-17T23:35:45.674+0300][16496][17012][debug][gc,heap  ] GC(10)  PSYoungGen      total 3670016K, used 0K [0x0000000400000000, 0x0000000500000000, 0x0000000500000000)
[2025-06-17T23:35:45.674+0300][16496][17012][debug][gc,heap  ] GC(10)   eden space 3145728K, 0% used [0x0000000400000000,0x0000000400000000,0x00000004c0000000)
[2025-06-17T23:35:45.674+0300][16496][17012][debug][gc,heap  ] GC(10)   from space 524288K, 0% used [0x00000004c0000000,0x00000004c0000000,0x00000004e0000000)
[2025-06-17T23:35:45.674+0300][16496][17012][debug][gc,heap  ] GC(10)   to   space 524288K, 0% used [0x00000004e0000000,0x00000004e0000000,0x0000000500000000)
[2025-06-17T23:35:45.674+0300][16496][17012][debug][gc,heap  ] GC(10)  ParOldGen       total 8388608K, used 14114K [0x0000000200000000, 0x0000000400000000, 0x0000000400000000)
[2025-06-17T23:35:45.674+0300][16496][17012][debug][gc,heap  ] GC(10)   object space 8388608K, 0% used [0x0000000200000000,0x0000000200dc8838,0x0000000400000000)
[2025-06-17T23:35:45.674+0300][16496][17012][debug][gc,heap  ] GC(10)  Metaspace       used 33336K, committed 35520K, reserved 1114112K
[2025-06-17T23:35:45.674+0300][16496][17012][debug][gc,heap  ] GC(10)   class space    used 2787K, committed 3328K, reserved 1048576K
[2025-06-17T23:35:45.674+0300][16496][17012][info ][safepoint] Safepoint "ParallelGCSystemGC", Time since last: 2042772000 ns, Reaching safepoint: 77100 ns, Cleanup: 17800 ns, At safepoint: 47248500 ns, Total: 47343400 ns
[2025-06-17T23:35:46.689+0300][16496][17012][debug][safepoint] Safepoint synchronization initiated using striped semaphore wait barrier. (32 threads)
[2025-06-17T23:35:46.689+0300][16496][17012][info ][safepoint] Safepoint "Cleanup", Time since last: 1011901700 ns, Reaching safepoint: 88300 ns, Cleanup: 82300 ns, At safepoint: 14900 ns, Total: 185500 ns
[2025-06-17T23:35:47.694+0300][16496][17012][debug][safepoint] Safepoint synchronization initiated using striped semaphore wait barrier. (32 threads)
[2025-06-17T23:35:47.694+0300][16496][17012][info ][safepoint] Safepoint "Cleanup", Time since last: 1004722300 ns, Reaching safepoint: 119600 ns, Cleanup: 16600 ns, At safepoint: 9500 ns, Total: 145700 ns
[2025-06-17T23:35:48.697+0300][16496][17012][debug][safepoint] Safepoint synchronization initiated using striped semaphore wait barrier. (32 threads)
[2025-06-17T23:35:48.697+0300][16496][4116 ][debug][safepoint] ... found polling page loop exception at pc = 0x00000110d2111fc5, stub =0x00000110d1614d80
[2025-06-17T23:35:48.697+0300][16496][17012][info ][safepoint] Safepoint "Cleanup", Time since last: 1002317600 ns, Reaching safepoint: 321800 ns, Cleanup: 19700 ns, At safepoint: 41500 ns, Total: 383000 ns
[2025-06-17T23:35:51.723+0300][16496][17012][debug][safepoint] Safepoint synchronization initiated using striped semaphore wait barrier. (32 threads)
[2025-06-17T23:35:51.723+0300][16496][17012][info ][safepoint] Safepoint "Cleanup", Time since last: 3026140800 ns, Reaching safepoint: 99800 ns, Cleanup: 12700 ns, At safepoint: 12000 ns, Total: 124500 ns
[2025-06-17T23:35:52.738+0300][16496][17012][debug][safepoint] Safepoint synchronization initiated using striped semaphore wait barrier. (32 threads)
[2025-06-17T23:35:52.738+0300][16496][17012][info ][safepoint] Safepoint "Cleanup", Time since last: 1014364500 ns, Reaching safepoint: 123100 ns, Cleanup: 14700 ns, At safepoint: 14100 ns, Total: 151900 ns
[2025-06-17T23:35:53.745+0300][16496][17012][debug][safepoint] Safepoint synchronization initiated using striped semaphore wait barrier. (32 threads)
[2025-06-17T23:35:53.745+0300][16496][6356 ][debug][safepoint] ... found polling page loop exception at pc = 0x00000110d24f34f0, stub =0x00000110d1615600
[2025-06-17T23:35:53.745+0300][16496][17012][info ][safepoint] Safepoint "Cleanup", Time since last: 1006584500 ns, Reaching safepoint: 123600 ns, Cleanup: 13300 ns, At safepoint: 11000 ns, Total: 147900 ns
[2025-06-17T23:35:54.750+0300][16496][17012][debug][safepoint] Safepoint synchronization initiated using striped semaphore wait barrier. (32 threads)
[2025-06-17T23:35:54.750+0300][16496][17012][info ][safepoint] Safepoint "Cleanup", Time since last: 1005347000 ns, Reaching safepoint: 99900 ns, Cleanup: 21200 ns, At safepoint: 7600 ns, Total: 128700 ns
[2025-06-17T23:35:55.753+0300][16496][17012][debug][safepoint] Safepoint synchronization initiated using striped semaphore wait barrier. (32 threads)
[2025-06-17T23:35:55.753+0300][16496][17012][info ][safepoint] Safepoint "Cleanup", Time since last: 1003115500 ns, Reaching safepoint: 144000 ns, Cleanup: 31400 ns, At safepoint: 12900 ns, Total: 188300 ns
[2025-06-17T23:35:56.758+0300][16496][17012][debug][safepoint] Safepoint synchronization initiated using striped semaphore wait barrier. (32 threads)
[2025-06-17T23:35:56.758+0300][16496][17012][info ][safepoint] Safepoint "Cleanup", Time since last: 1004449600 ns, Reaching safepoint: 93000 ns, Cleanup: 9500 ns, At safepoint: 1600 ns, Total: 104100 ns
[2025-06-17T23:35:58.777+0300][16496][17012][debug][safepoint] Safepoint synchronization initiated using striped semaphore wait barrier. (32 threads)
[2025-06-17T23:35:58.777+0300][16496][17012][info ][safepoint] Safepoint "Cleanup", Time since last: 2018506400 ns, Reaching safepoint: 148700 ns, Cleanup: 21900 ns, At safepoint: 10600 ns, Total: 181200 ns
[2025-06-17T23:35:59.788+0300][16496][17012][debug][safepoint] Safepoint synchronization initiated using striped semaphore wait barrier. (32 threads)
[2025-06-17T23:35:59.788+0300][16496][17012][info ][safepoint] Safepoint "Cleanup", Time since last: 1011573300 ns, Reaching safepoint: 97100 ns, Cleanup: 19800 ns, At safepoint: 11700 ns, Total: 128600 ns
[2025-06-17T23:36:28.023+0300][16496][17012][debug][safepoint] Safepoint synchronization initiated using striped semaphore wait barrier. (32 threads)
[2025-06-17T23:36:28.023+0300][16496][17012][info ][safepoint] Safepoint "Cleanup", Time since last: 28234557700 ns, Reaching safepoint: 149800 ns, Cleanup: 68100 ns, At safepoint: 44400 ns, Total: 262300 ns
[2025-06-17T23:36:28.458+0300][16496][9772 ][debug][safepoint] ... found polling page loop exception at pc = 0x00000110d24f3b6b, stub =0x00000110d1615600
[2025-06-17T23:36:36.530+0300][16496][17012][debug][safepoint] Safepoint synchronization initiated using striped semaphore wait barrier. (32 threads)
[2025-06-17T23:36:36.530+0300][16496][17012][info ][safepoint] Safepoint "Cleanup", Time since last: 8506665400 ns, Reaching safepoint: 127800 ns, Cleanup: 65400 ns, At safepoint: 52200 ns, Total: 245400 ns
[2025-06-17T23:37:19.956+0300][16496][17012][debug][safepoint] Safepoint synchronization initiated using striped semaphore wait barrier. (32 threads)
[2025-06-17T23:37:19.956+0300][16496][17012][info ][safepoint] Safepoint "Cleanup", Time since last: 43426148000 ns, Reaching safepoint: 151500 ns, Cleanup: 34100 ns, At safepoint: 36000 ns, Total: 221600 ns
[2025-06-17T23:37:21.981+0300][16496][17012][debug][safepoint] Safepoint synchronization initiated using striped semaphore wait barrier. (32 threads)
[2025-06-17T23:37:21.981+0300][16496][17012][info ][safepoint] Safepoint "Cleanup", Time since last: 2024521200 ns, Reaching safepoint: 212200 ns, Cleanup: 23900 ns, At safepoint: 17300 ns, Total: 253400 ns
[2025-06-17T23:37:25.983+0300][16496][17012][debug][safepoint] Safepoint synchronization initiated using striped semaphore wait barrier. (32 threads)
[2025-06-17T23:37:25.983+0300][16496][17012][info ][safepoint] Safepoint "Cleanup", Time since last: 4001933100 ns, Reaching safepoint: 152800 ns, Cleanup: 27600 ns, At safepoint: 4100 ns, Total: 184500 ns
[2025-06-17T23:37:27.499+0300][16496][17012][debug][safepoint] Safepoint synchronization initiated using striped semaphore wait barrier. (32 threads)
[2025-06-17T23:37:27.499+0300][16496][17012][debug][gc,heap  ] GC(11) Heap before GC invocations=12 (full 4):
[2025-06-17T23:37:27.499+0300][16496][17012][debug][gc,heap  ] GC(11)  PSYoungGen      total 3670016K, used 3145728K [0x0000000400000000, 0x0000000500000000, 0x0000000500000000)
[2025-06-17T23:37:27.499+0300][16496][17012][debug][gc,heap  ] GC(11)   eden space 3145728K, 100% used [0x0000000400000000,0x00000004c0000000,0x00000004c0000000)
[2025-06-17T23:37:27.499+0300][16496][17012][debug][gc,heap  ] GC(11)   from space 524288K, 0% used [0x00000004c0000000,0x00000004c0000000,0x00000004e0000000)
[2025-06-17T23:37:27.499+0300][16496][17012][debug][gc,heap  ] GC(11)   to   space 524288K, 0% used [0x00000004e0000000,0x00000004e0000000,0x0000000500000000)
[2025-06-17T23:37:27.499+0300][16496][17012][debug][gc,heap  ] GC(11)  ParOldGen       total 8388608K, used 14114K [0x0000000200000000, 0x0000000400000000, 0x0000000400000000)
[2025-06-17T23:37:27.499+0300][16496][17012][debug][gc,heap  ] GC(11)   object space 8388608K, 0% used [0x0000000200000000,0x0000000200dc8838,0x0000000400000000)
[2025-06-17T23:37:27.499+0300][16496][17012][debug][gc,heap  ] GC(11)  Metaspace       used 34416K, committed 35584K, reserved 1114112K
[2025-06-17T23:37:27.499+0300][16496][17012][debug][gc,heap  ] GC(11)   class space    used 2863K, committed 3328K, reserved 1048576K
[2025-06-17T23:37:27.499+0300][16496][17012][debug][gc,phases] GC(11) Scavenge 3.200ms
[2025-06-17T23:37:27.499+0300][16496][17012][debug][gc,phases] GC(11) Reference Processing 0.112ms
[2025-06-17T23:37:27.499+0300][16496][17012][debug][gc,phases] GC(11)   VM Weak                        Min:  0.0, Avg:  0.0, Max:  0.0, Diff:  0.0, Sum:  0.0, Workers: 8
[2025-06-17T23:37:27.499+0300][16496][17012][debug][gc,phases] GC(11)     Dead                           Min: 0, Avg:  0.0, Max: 0, Diff: 0, Sum: 0, Workers: 8
[2025-06-17T23:37:27.499+0300][16496][17012][debug][gc,phases] GC(11)     Total                          Min: 0, Avg: 49.4, Max: 337, Diff: 337, Sum: 395, Workers: 8
[2025-06-17T23:37:27.499+0300][16496][17012][debug][gc,phases] GC(11)   ObjectSynchronizer Weak        Min:  0.0, Avg:  0.0, Max:  0.0, Diff:  0.0, Sum:  0.0, Workers: 8
[2025-06-17T23:37:27.499+0300][16496][17012][debug][gc,phases] GC(11)     Dead                           Min: 0, Avg:  0.0, Max: 0, Diff: 0, Sum: 0, Workers: 8
[2025-06-17T23:37:27.499+0300][16496][17012][debug][gc,phases] GC(11)     Total                          Min: 0, Avg:  6.6, Max: 40, Diff: 40, Sum: 53, Workers: 8
[2025-06-17T23:37:27.499+0300][16496][17012][debug][gc,phases] GC(11)   JVMTI Tag Weak OopStorage      Min:  0.0, Avg:  0.0, Max:  0.0, Diff:  0.0, Sum:  0.0, Workers: 8
[2025-06-17T23:37:27.499+0300][16496][17012][debug][gc,phases] GC(11)     Dead                           Min: 0, Avg:  0.0, Max: 0, Diff: 0, Sum: 0, Workers: 8
[2025-06-17T23:37:27.499+0300][16496][17012][debug][gc,phases] GC(11)     Total                          Min: 0, Avg:  0.0, Max: 0, Diff: 0, Sum: 0, Workers: 8
[2025-06-17T23:37:27.499+0300][16496][17012][debug][gc,phases] GC(11)   StringTable Weak               Min:  0.0, Avg:  0.1, Max:  0.2, Diff:  0.1, Sum:  0.6, Workers: 8
[2025-06-17T23:37:27.499+0300][16496][17012][debug][gc,phases] GC(11)     Dead                           Min: 1, Avg: 37.5, Max: 157, Diff: 156, Sum: 300, Workers: 8
[2025-06-17T23:37:27.499+0300][16496][17012][debug][gc,phases] GC(11)     Total                          Min: 1661, Avg: 3500.2, Max: 8810, Diff: 7149, Sum: 28002, Workers: 8
[2025-06-17T23:37:27.499+0300][16496][17012][debug][gc,phases] GC(11)   ResolvedMethodTable Weak       Min:  0.0, Avg:  0.0, Max:  0.0, Diff:  0.0, Sum:  0.0, Workers: 8
[2025-06-17T23:37:27.499+0300][16496][17012][debug][gc,phases] GC(11)     Dead                           Min: 0, Avg:  0.0, Max: 0, Diff: 0, Sum: 0, Workers: 8
[2025-06-17T23:37:27.499+0300][16496][17012][debug][gc,phases] GC(11)     Total                          Min: 0, Avg: 226.6, Max: 384, Diff: 384, Sum: 1813, Workers: 8
[2025-06-17T23:37:27.499+0300][16496][17012][debug][gc,phases] GC(11)   JNI Weak                       Min:  0.0, Avg:  0.0, Max:  0.0, Diff:  0.0, Sum:  0.0, Workers: 8
[2025-06-17T23:37:27.499+0300][16496][17012][debug][gc,phases] GC(11)     Dead                           Min: 0, Avg:  0.0, Max: 0, Diff: 0, Sum: 0, Workers: 8
[2025-06-17T23:37:27.499+0300][16496][17012][debug][gc,phases] GC(11)     Total                          Min: 0, Avg:  0.0, Max: 0, Diff: 0, Sum: 0, Workers: 8
[2025-06-17T23:37:27.499+0300][16496][17012][debug][gc,phases] GC(11)   StringDedup Table Weak         Min:  0.0, Avg:  0.0, Max:  0.0, Diff:  0.0, Sum:  0.0, Workers: 8
[2025-06-17T23:37:27.499+0300][16496][17012][debug][gc,phases] GC(11)     Dead                           Min: 0, Avg:  0.0, Max: 0, Diff: 0, Sum: 0, Workers: 8
[2025-06-17T23:37:27.499+0300][16496][17012][debug][gc,phases] GC(11)     Total                          Min: 0, Avg:  0.0, Max: 0, Diff: 0, Sum: 0, Workers: 8
[2025-06-17T23:37:27.499+0300][16496][17012][debug][gc,phases] GC(11)   StringDedup Requests0 Weak     Min:  0.0, Avg:  0.0, Max:  0.0, Diff:  0.0, Sum:  0.0, Workers: 8
[2025-06-17T23:37:27.499+0300][16496][17012][debug][gc,phases] GC(11)     Dead                           Min: 0, Avg:  0.0, Max: 0, Diff: 0, Sum: 0, Workers: 8
[2025-06-17T23:37:27.499+0300][16496][17012][debug][gc,phases] GC(11)     Total                          Min: 0, Avg:  0.0, Max: 0, Diff: 0, Sum: 0, Workers: 8
[2025-06-17T23:37:27.499+0300][16496][17012][debug][gc,phases] GC(11)   StringDedup Requests1 Weak     Min:  0.0, Avg:  0.0, Max:  0.0, Diff:  0.0, Sum:  0.0, Workers: 8
[2025-06-17T23:37:27.499+0300][16496][17012][debug][gc,phases] GC(11)     Dead                           Min: 0, Avg:  0.0, Max: 0, Diff: 0, Sum: 0, Workers: 8
[2025-06-17T23:37:27.499+0300][16496][17012][debug][gc,phases] GC(11)     Total                          Min: 0, Avg:  0.0, Max: 0, Diff: 0, Sum: 0, Workers: 8
[2025-06-17T23:37:27.499+0300][16496][17012][debug][gc,phases] GC(11)   Weak JFR Old Object Samples    Min:  0.0, Avg:  0.0, Max:  0.0, Diff:  0.0, Sum:  0.0, Workers: 8
[2025-06-17T23:37:27.499+0300][16496][17012][debug][gc,phases] GC(11)     Dead                           Min: 0, Avg:  0.0, Max: 0, Diff: 0, Sum: 0, Workers: 8
[2025-06-17T23:37:27.499+0300][16496][17012][debug][gc,phases] GC(11)     Total                          Min: 0, Avg:  0.0, Max: 0, Diff: 0, Sum: 0, Workers: 8
[2025-06-17T23:37:27.499+0300][16496][17012][debug][gc,phases] GC(11) Weak Processing 1.144ms
[2025-06-17T23:37:27.499+0300][16496][17012][info ][gc,heap  ] GC(11) PSYoungGen: 3145728K(3670016K)->2489K(4185088K) Eden: 3145728K(3145728K)->0K(3660800K) From: 0K(524288K)->2489K(524288K)
[2025-06-17T23:37:27.499+0300][16496][17012][info ][gc,heap  ] GC(11) ParOldGen: 14114K(8388608K)->14122K(8388608K)
[2025-06-17T23:37:27.499+0300][16496][17012][info ][gc       ] GC(11) Pause Young (Allocation Failure) 3085M->16M(12279M) 4.698ms
[2025-06-17T23:37:27.499+0300][16496][17012][debug][gc,heap  ] GC(11) Heap after GC invocations=12 (full 4):
[2025-06-17T23:37:27.499+0300][16496][17012][debug][gc,heap  ] GC(11)  PSYoungGen      total 4185088K, used 2489K [0x0000000400000000, 0x0000000500000000, 0x0000000500000000)
[2025-06-17T23:37:27.499+0300][16496][17012][debug][gc,heap  ] GC(11)   eden space 3660800K, 0% used [0x0000000400000000,0x0000000400000000,0x00000004df700000)
[2025-06-17T23:37:27.499+0300][16496][17012][debug][gc,heap  ] GC(11)   from space 524288K, 0% used [0x00000004e0000000,0x00000004e026e6c0,0x0000000500000000)
[2025-06-17T23:37:27.499+0300][16496][17012][debug][gc,heap  ] GC(11)   to   space 9216K, 0% used [0x00000004df700000,0x00000004df700000,0x00000004e0000000)
[2025-06-17T23:37:27.499+0300][16496][17012][debug][gc,heap  ] GC(11)  ParOldGen       total 8388608K, used 14122K [0x0000000200000000, 0x0000000400000000, 0x0000000400000000)
[2025-06-17T23:37:27.499+0300][16496][17012][debug][gc,heap  ] GC(11)   object space 8388608K, 0% used [0x0000000200000000,0x0000000200dca838,0x0000000400000000)
[2025-06-17T23:37:27.499+0300][16496][17012][debug][gc,heap  ] GC(11)  Metaspace       used 34416K, committed 35584K, reserved 1114112K
[2025-06-17T23:37:27.499+0300][16496][17012][debug][gc,heap  ] GC(11)   class space    used 2863K, committed 3328K, reserved 1048576K
[2025-06-17T23:37:27.499+0300][16496][17012][info ][safepoint] Safepoint "ParallelGCFailedAllocation", Time since last: 1516793500 ns, Reaching safepoint: 156200 ns, Cleanup: 9300 ns, At safepoint: 5293700 ns, Total: 5459200 ns
[2025-06-17T23:37:32.532+0300][16496][17012][debug][safepoint] Safepoint synchronization initiated using striped semaphore wait barrier. (32 threads)
[2025-06-17T23:37:32.532+0300][16496][17012][info ][safepoint] Safepoint "Cleanup", Time since last: 5026588400 ns, Reaching safepoint: 405200 ns, Cleanup: 42500 ns, At safepoint: 38400 ns, Total: 486100 ns
[2025-06-17T23:37:33.533+0300][16496][17012][debug][safepoint] Safepoint synchronization initiated using striped semaphore wait barrier. (32 threads)
[2025-06-17T23:37:33.533+0300][16496][9772 ][debug][safepoint] ... found polling page loop exception at pc = 0x00000110d24abfff, stub =0x00000110d1615600
[2025-06-17T23:37:33.533+0300][16496][6356 ][debug][safepoint] ... found polling page loop exception at pc = 0x00000110d218c8ca, stub =0x00000110d1615600
[2025-06-17T23:37:33.533+0300][16496][17012][info ][safepoint] Safepoint "Cleanup", Time since last: 1000569100 ns, Reaching safepoint: 515400 ns, Cleanup: 31500 ns, At safepoint: 19600 ns, Total: 566500 ns
[2025-06-17T23:37:51.667+0300][16496][17012][debug][safepoint] Safepoint synchronization initiated using striped semaphore wait barrier. (32 threads)
[2025-06-17T23:37:51.667+0300][16496][17012][info ][safepoint] Safepoint "Cleanup", Time since last: 18133490600 ns, Reaching safepoint: 185100 ns, Cleanup: 33500 ns, At safepoint: 21400 ns, Total: 240000 ns
[2025-06-17T23:37:52.673+0300][16496][17012][debug][safepoint] Safepoint synchronization initiated using striped semaphore wait barrier. (32 threads)
[2025-06-17T23:37:52.673+0300][16496][17012][info ][safepoint] Safepoint "Cleanup", Time since last: 1005799700 ns, Reaching safepoint: 131800 ns, Cleanup: 15800 ns, At safepoint: 12100 ns, Total: 159700 ns
[2025-06-17T23:37:54.693+0300][16496][17012][debug][safepoint] Safepoint synchronization initiated using striped semaphore wait barrier. (32 threads)
[2025-06-17T23:37:54.693+0300][16496][17012][info ][safepoint] Safepoint "Cleanup", Time since last: 2019437200 ns, Reaching safepoint: 150800 ns, Cleanup: 40199 ns, At safepoint: 11201 ns, Total: 202200 ns
[2025-06-17T23:37:55.696+0300][16496][17012][debug][safepoint] Safepoint synchronization initiated using striped semaphore wait barrier. (32 threads)
[2025-06-17T23:37:55.696+0300][16496][17012][info ][safepoint] Safepoint "Cleanup", Time since last: 1002698799 ns, Reaching safepoint: 133101 ns, Cleanup: 45700 ns, At safepoint: 7100 ns, Total: 185901 ns
[2025-06-17T23:37:56.711+0300][16496][17012][debug][safepoint] Safepoint synchronization initiated using striped semaphore wait barrier. (32 threads)
[2025-06-17T23:37:56.711+0300][16496][17012][info ][safepoint] Safepoint "Cleanup", Time since last: 1014817100 ns, Reaching safepoint: 285200 ns, Cleanup: 32800 ns, At safepoint: 25100 ns, Total: 343100 ns
[2025-06-17T23:37:57.719+0300][16496][17012][debug][safepoint] Safepoint synchronization initiated using striped semaphore wait barrier. (32 threads)
[2025-06-17T23:37:57.719+0300][16496][17012][info ][safepoint] Safepoint "Cleanup", Time since last: 1007668099 ns, Reaching safepoint: 158901 ns, Cleanup: 18200 ns, At safepoint: 25399 ns, Total: 202500 ns
[2025-06-17T23:37:58.723+0300][16496][17012][debug][safepoint] Safepoint synchronization initiated using striped semaphore wait barrier. (32 threads)
[2025-06-17T23:37:58.723+0300][16496][6356 ][debug][safepoint] ... found polling page loop exception at pc = 0x00000110d24abfff, stub =0x00000110d1615600
[2025-06-17T23:37:58.723+0300][16496][17012][info ][safepoint] Safepoint "Cleanup", Time since last: 1004150701 ns, Reaching safepoint: 290699 ns, Cleanup: 19701 ns, At safepoint: 31100 ns, Total: 341500 ns
[2025-06-17T23:37:59.737+0300][16496][17012][debug][safepoint] Safepoint synchronization initiated using striped semaphore wait barrier. (32 threads)
[2025-06-17T23:37:59.737+0300][16496][17012][info ][safepoint] Safepoint "Cleanup", Time since last: 1013450600 ns, Reaching safepoint: 171300 ns, Cleanup: 42500 ns, At safepoint: 19600 ns, Total: 233400 ns
[2025-06-17T23:38:01.750+0300][16496][17012][debug][safepoint] Safepoint synchronization initiated using striped semaphore wait barrier. (32 threads)
[2025-06-17T23:38:01.750+0300][16496][16604][debug][safepoint] ... found polling page loop exception at pc = 0x00000110d1fded17, stub =0x00000110d1615600
[2025-06-17T23:38:01.750+0300][16496][17012][info ][safepoint] Safepoint "Cleanup", Time since last: 2012751900 ns, Reaching safepoint: 331499 ns, Cleanup: 34301 ns, At safepoint: 24100 ns, Total: 389900 ns
[2025-06-17T23:38:06.803+0300][16496][17012][debug][safepoint] Safepoint synchronization initiated using striped semaphore wait barrier. (32 threads)
[2025-06-17T23:38:06.803+0300][16496][4200 ][debug][safepoint] ... found polling page loop exception at pc = 0x00000110d25d6a5c, stub =0x00000110d1615600
[2025-06-17T23:38:06.803+0300][16496][17012][info ][safepoint] Safepoint "Cleanup", Time since last: 5052916400 ns, Reaching safepoint: 228800 ns, Cleanup: 36400 ns, At safepoint: 8200 ns, Total: 273400 ns
[2025-06-17T23:38:07.806+0300][16496][17012][debug][safepoint] Safepoint synchronization initiated using striped semaphore wait barrier. (32 threads)
[2025-06-17T23:38:07.806+0300][16496][17708][debug][safepoint] ... found polling page loop exception at pc = 0x00000110d22053d3, stub =0x00000110d1615600
[2025-06-17T23:38:07.806+0300][16496][17012][info ][safepoint] Safepoint "Cleanup", Time since last: 1002995899 ns, Reaching safepoint: 163001 ns, Cleanup: 25400 ns, At safepoint: 6200 ns, Total: 194601 ns
[2025-06-17T23:38:10.835+0300][16496][17012][debug][safepoint] Safepoint synchronization initiated using striped semaphore wait barrier. (32 threads)
[2025-06-17T23:38:10.835+0300][16496][17012][info ][safepoint] Safepoint "Cleanup", Time since last: 3028426199 ns, Reaching safepoint: 152701 ns, Cleanup: 41100 ns, At safepoint: 12800 ns, Total: 206601 ns
[2025-06-17T23:38:14.889+0300][16496][17012][debug][safepoint] Safepoint synchronization initiated using striped semaphore wait barrier. (32 threads)
[2025-06-17T23:38:14.889+0300][16496][17012][info ][safepoint] Safepoint "Cleanup", Time since last: 4053947100 ns, Reaching safepoint: 166000 ns, Cleanup: 40800 ns, At safepoint: 22600 ns, Total: 229400 ns
[2025-06-17T23:38:50.733+0300][16496][17012][debug][safepoint] Safepoint synchronization initiated using striped semaphore wait barrier. (12 threads)
