[2025-05-20T21:02:33.654+0300][17432][2468][debug][gc,heap] Minimum heap 4294967296  Initial heap 4294967296  Maximum heap 4294967296
[2025-05-20T21:02:33.654+0300][17432][2468][info ][gc     ] Using Parallel
[2025-05-20T21:02:33.971+0300][17432][11748][debug][safepoint] Safepoint synchronization initiated using striped semaphore wait barrier. (12 threads)
[2025-05-20T21:02:33.971+0300][17432][11748][debug][gc,heap  ] GC(0) Heap before GC invocations=1 (full 0):
[2025-05-20T21:02:33.971+0300][17432][11748][debug][gc,heap  ] GC(0)  PSYoungGen      total 1223168K, used 146865K [0x00000007aab00000, 0x0000000800000000, 0x0000000800000000)
[2025-05-20T21:02:33.971+0300][17432][11748][debug][gc,heap  ] GC(0)   eden space 1048576K, 14% used [0x00000007aab00000,0x00000007b3a6c480,0x00000007eab00000)
[2025-05-20T21:02:33.971+0300][17432][11748][debug][gc,heap  ] GC(0)   from space 174592K, 0% used [0x00000007f5580000,0x00000007f5580000,0x0000000800000000)
[2025-05-20T21:02:33.971+0300][17432][11748][debug][gc,heap  ] GC(0)   to   space 174592K, 0% used [0x00000007eab00000,0x00000007eab00000,0x00000007f5580000)
[2025-05-20T21:02:33.971+0300][17432][11748][debug][gc,heap  ] GC(0)  ParOldGen       total 2796544K, used 0K [0x0000000700000000, 0x00000007aab00000, 0x00000007aab00000)
[2025-05-20T21:02:33.971+0300][17432][11748][debug][gc,heap  ] GC(0)   object space 2796544K, 0% used [0x0000000700000000,0x0000000700000000,0x00000007aab00000)
[2025-05-20T21:02:33.971+0300][17432][11748][debug][gc,heap  ] GC(0)  Metaspace       used 2842K, committed 3072K, reserved 1114112K
[2025-05-20T21:02:33.971+0300][17432][11748][debug][gc,heap  ] GC(0)   class space    used 257K, committed 384K, reserved 1048576K
[2025-05-20T21:02:33.971+0300][17432][11748][debug][gc,phases] GC(0) Scavenge 1.672ms
[2025-05-20T21:02:33.971+0300][17432][11748][debug][gc,phases] GC(0) Reference Processing 0.173ms
[2025-05-20T21:02:33.971+0300][17432][11748][debug][gc,phases] GC(0)   VM Weak                        Min:  0.0, Avg:  0.0, Max:  0.0, Diff:  0.0, Sum:  0.0, Workers: 5
[2025-05-20T21:02:33.971+0300][17432][11748][debug][gc,phases] GC(0)     Dead                           Min: 0, Avg:  0.0, Max: 0, Diff: 0, Sum: 0, Workers: 5
[2025-05-20T21:02:33.971+0300][17432][11748][debug][gc,phases] GC(0)     Total                          Min: 0, Avg:  4.0, Max: 20, Diff: 20, Sum: 20, Workers: 5
[2025-05-20T21:02:33.971+0300][17432][11748][debug][gc,phases] GC(0)   ObjectSynchronizer Weak        Min:  0.0, Avg:  0.0, Max:  0.0, Diff:  0.0, Sum:  0.0, Workers: 5
[2025-05-20T21:02:33.971+0300][17432][11748][debug][gc,phases] GC(0)     Dead                           Min: 0, Avg:  0.0, Max: 0, Diff: 0, Sum: 0, Workers: 5
[2025-05-20T21:02:33.971+0300][17432][11748][debug][gc,phases] GC(0)     Total                          Min: 0, Avg:  0.2, Max: 1, Diff: 1, Sum: 1, Workers: 5
[2025-05-20T21:02:33.971+0300][17432][11748][debug][gc,phases] GC(0)   JVMTI Tag Weak OopStorage      Min:  0.0, Avg:  0.0, Max:  0.0, Diff:  0.0, Sum:  0.0, Workers: 5
[2025-05-20T21:02:33.971+0300][17432][11748][debug][gc,phases] GC(0)     Dead                           Min: 0, Avg:  0.0, Max: 0, Diff: 0, Sum: 0, Workers: 5
[2025-05-20T21:02:33.971+0300][17432][11748][debug][gc,phases] GC(0)     Total                          Min: 0, Avg:  0.0, Max: 0, Diff: 0, Sum: 0, Workers: 5
[2025-05-20T21:02:33.971+0300][17432][11748][debug][gc,phases] GC(0)   StringTable Weak               Min:  0.0, Avg:  0.0, Max:  0.0, Diff:  0.0, Sum:  0.1, Workers: 5
[2025-05-20T21:02:33.971+0300][17432][11748][debug][gc,phases] GC(0)     Dead                           Min: 0, Avg:  1.0, Max: 3, Diff: 3, Sum: 5, Workers: 5
[2025-05-20T21:02:33.971+0300][17432][11748][debug][gc,phases] GC(0)     Total                          Min: 704, Avg: 838.4, Max: 1056, Diff: 352, Sum: 4192, Workers: 5
[2025-05-20T21:02:33.971+0300][17432][11748][debug][gc,phases] GC(0)   ResolvedMethodTable Weak       Min:  0.0, Avg:  0.0, Max:  0.0, Diff:  0.0, Sum:  0.0, Workers: 5
[2025-05-20T21:02:33.971+0300][17432][11748][debug][gc,phases] GC(0)     Dead                           Min: 0, Avg:  4.2, Max: 13, Diff: 13, Sum: 21, Workers: 5
[2025-05-20T21:02:33.971+0300][17432][11748][debug][gc,phases] GC(0)     Total                          Min: 0, Avg: 40.2, Max: 64, Diff: 64, Sum: 201, Workers: 5
[2025-05-20T21:02:33.971+0300][17432][11748][debug][gc,phases] GC(0)   JNI Weak                       Min:  0.0, Avg:  0.0, Max:  0.0, Diff:  0.0, Sum:  0.0, Workers: 5
[2025-05-20T21:02:33.971+0300][17432][11748][debug][gc,phases] GC(0)     Dead                           Min: 0, Avg:  0.0, Max: 0, Diff: 0, Sum: 0, Workers: 5
[2025-05-20T21:02:33.971+0300][17432][11748][debug][gc,phases] GC(0)     Total                          Min: 0, Avg:  0.0, Max: 0, Diff: 0, Sum: 0, Workers: 5
[2025-05-20T21:02:33.971+0300][17432][11748][debug][gc,phases] GC(0)   StringDedup Table Weak         Min:  0.0, Avg:  0.0, Max:  0.0, Diff:  0.0, Sum:  0.0, Workers: 5
[2025-05-20T21:02:33.971+0300][17432][11748][debug][gc,phases] GC(0)     Dead                           Min: 0, Avg:  0.0, Max: 0, Diff: 0, Sum: 0, Workers: 5
[2025-05-20T21:02:33.971+0300][17432][11748][debug][gc,phases] GC(0)     Total                          Min: 0, Avg:  0.0, Max: 0, Diff: 0, Sum: 0, Workers: 5
[2025-05-20T21:02:33.971+0300][17432][11748][debug][gc,phases] GC(0)   StringDedup Requests0 Weak     Min:  0.0, Avg:  0.0, Max:  0.0, Diff:  0.0, Sum:  0.0, Workers: 5
[2025-05-20T21:02:33.971+0300][17432][11748][debug][gc,phases] GC(0)     Dead                           Min: 0, Avg:  0.0, Max: 0, Diff: 0, Sum: 0, Workers: 5
[2025-05-20T21:02:33.971+0300][17432][11748][debug][gc,phases] GC(0)     Total                          Min: 0, Avg:  0.0, Max: 0, Diff: 0, Sum: 0, Workers: 5
[2025-05-20T21:02:33.971+0300][17432][11748][debug][gc,phases] GC(0)   StringDedup Requests1 Weak     Min:  0.0, Avg:  0.0, Max:  0.0, Diff:  0.0, Sum:  0.0, Workers: 5
[2025-05-20T21:02:33.971+0300][17432][11748][debug][gc,phases] GC(0)     Dead                           Min: 0, Avg:  0.0, Max: 0, Diff: 0, Sum: 0, Workers: 5
[2025-05-20T21:02:33.971+0300][17432][11748][debug][gc,phases] GC(0)     Total                          Min: 0, Avg:  0.0, Max: 0, Diff: 0, Sum: 0, Workers: 5
[2025-05-20T21:02:33.971+0300][17432][11748][debug][gc,phases] GC(0)   Weak JFR Old Object Samples    Min:  0.0, Avg:  0.0, Max:  0.0, Diff:  0.0, Sum:  0.0, Workers: 5
[2025-05-20T21:02:33.971+0300][17432][11748][debug][gc,phases] GC(0)     Dead                           Min: 0, Avg:  0.0, Max: 0, Diff: 0, Sum: 0, Workers: 5
[2025-05-20T21:02:33.971+0300][17432][11748][debug][gc,phases] GC(0)     Total                          Min: 0, Avg:  0.0, Max: 0, Diff: 0, Sum: 0, Workers: 5
[2025-05-20T21:02:33.971+0300][17432][11748][debug][gc,phases] GC(0) Weak Processing 0.473ms
[2025-05-20T21:02:33.971+0300][17432][11748][info ][gc,heap  ] GC(0) PSYoungGen: 146865K(1223168K)->2523K(1223168K) Eden: 146865K(1048576K)->0K(1048576K) From: 0K(174592K)->2523K(174592K)
[2025-05-20T21:02:33.971+0300][17432][11748][info ][gc,heap  ] GC(0) ParOldGen: 0K(2796544K)->8K(2796544K)
[2025-05-20T21:02:33.971+0300][17432][11748][info ][gc       ] GC(0) Pause Young (System.gc()) 143M->2M(3925M) 2.655ms
[2025-05-20T21:02:33.971+0300][17432][11748][debug][gc,heap  ] GC(0) Heap after GC invocations=1 (full 0):
[2025-05-20T21:02:33.971+0300][17432][11748][debug][gc,heap  ] GC(0)  PSYoungGen      total 1223168K, used 2523K [0x00000007aab00000, 0x0000000800000000, 0x0000000800000000)
[2025-05-20T21:02:33.971+0300][17432][11748][debug][gc,heap  ] GC(0)   eden space 1048576K, 0% used [0x00000007aab00000,0x00000007aab00000,0x00000007eab00000)
[2025-05-20T21:02:33.971+0300][17432][11748][debug][gc,heap  ] GC(0)   from space 174592K, 1% used [0x00000007eab00000,0x00000007ead76ef8,0x00000007f5580000)
[2025-05-20T21:02:33.971+0300][17432][11748][debug][gc,heap  ] GC(0)   to   space 174592K, 0% used [0x00000007f5580000,0x00000007f5580000,0x0000000800000000)
[2025-05-20T21:02:33.971+0300][17432][11748][debug][gc,heap  ] GC(0)  ParOldGen       total 2796544K, used 8K [0x0000000700000000, 0x00000007aab00000, 0x00000007aab00000)
[2025-05-20T21:02:33.971+0300][17432][11748][debug][gc,heap  ] GC(0)   object space 2796544K, 0% used [0x0000000700000000,0x0000000700002000,0x00000007aab00000)
[2025-05-20T21:02:33.971+0300][17432][11748][debug][gc,heap  ] GC(0)  Metaspace       used 2842K, committed 3072K, reserved 1114112K
[2025-05-20T21:02:33.971+0300][17432][11748][debug][gc,heap  ] GC(0)   class space    used 257K, committed 384K, reserved 1048576K
[2025-05-20T21:02:33.971+0300][17432][11748][debug][gc,heap  ] GC(1) Heap before GC invocations=2 (full 1):
[2025-05-20T21:02:33.971+0300][17432][11748][debug][gc,heap  ] GC(1)  PSYoungGen      total 1223168K, used 2523K [0x00000007aab00000, 0x0000000800000000, 0x0000000800000000)
[2025-05-20T21:02:33.971+0300][17432][11748][debug][gc,heap  ] GC(1)   eden space 1048576K, 0% used [0x00000007aab00000,0x00000007aab00000,0x00000007eab00000)
[2025-05-20T21:02:33.971+0300][17432][11748][debug][gc,heap  ] GC(1)   from space 174592K, 1% used [0x00000007eab00000,0x00000007ead76ef8,0x00000007f5580000)
[2025-05-20T21:02:33.971+0300][17432][11748][debug][gc,heap  ] GC(1)   to   space 174592K, 0% used [0x00000007f5580000,0x00000007f5580000,0x0000000800000000)
[2025-05-20T21:02:33.971+0300][17432][11748][debug][gc,heap  ] GC(1)  ParOldGen       total 2796544K, used 8K [0x0000000700000000, 0x00000007aab00000, 0x00000007aab00000)
[2025-05-20T21:02:33.971+0300][17432][11748][debug][gc,heap  ] GC(1)   object space 2796544K, 0% used [0x0000000700000000,0x0000000700002000,0x00000007aab00000)
[2025-05-20T21:02:33.971+0300][17432][11748][debug][gc,heap  ] GC(1)  Metaspace       used 2842K, committed 3072K, reserved 1114112K
[2025-05-20T21:02:33.971+0300][17432][11748][debug][gc,heap  ] GC(1)   class space    used 257K, committed 384K, reserved 1048576K
[2025-05-20T21:02:33.971+0300][17432][11748][debug][gc,phases] GC(1) Pre Compact 0.075ms
[2025-05-20T21:02:33.971+0300][17432][11748][debug][gc,phases] GC(1) Par Mark 1.120ms
[2025-05-20T21:02:33.971+0300][17432][11748][debug][gc,phases] GC(1) Reference Processing 0.286ms
[2025-05-20T21:02:33.971+0300][17432][11748][debug][gc,phases] GC(1)   VM Weak                        Min:  0.0, Avg:  0.0, Max:  0.0, Diff:  0.0, Sum:  0.0, Workers: 5
[2025-05-20T21:02:33.971+0300][17432][11748][debug][gc,phases] GC(1)     Dead                           Min: 0, Avg:  0.0, Max: 0, Diff: 0, Sum: 0, Workers: 5
[2025-05-20T21:02:33.971+0300][17432][11748][debug][gc,phases] GC(1)     Total                          Min: 0, Avg:  4.0, Max: 20, Diff: 20, Sum: 20, Workers: 5
[2025-05-20T21:02:33.971+0300][17432][11748][debug][gc,phases] GC(1)   ObjectSynchronizer Weak        Min:  0.0, Avg:  0.0, Max:  0.0, Diff:  0.0, Sum:  0.0, Workers: 5
[2025-05-20T21:02:33.971+0300][17432][11748][debug][gc,phases] GC(1)     Dead                           Min: 0, Avg:  0.0, Max: 0, Diff: 0, Sum: 0, Workers: 5
[2025-05-20T21:02:33.971+0300][17432][11748][debug][gc,phases] GC(1)     Total                          Min: 0, Avg:  0.2, Max: 1, Diff: 1, Sum: 1, Workers: 5
[2025-05-20T21:02:33.971+0300][17432][11748][debug][gc,phases] GC(1)   JVMTI Tag Weak OopStorage      Min:  0.0, Avg:  0.0, Max:  0.0, Diff:  0.0, Sum:  0.0, Workers: 5
[2025-05-20T21:02:33.971+0300][17432][11748][debug][gc,phases] GC(1)     Dead                           Min: 0, Avg:  0.0, Max: 0, Diff: 0, Sum: 0, Workers: 5
[2025-05-20T21:02:33.971+0300][17432][11748][debug][gc,phases] GC(1)     Total                          Min: 0, Avg:  0.0, Max: 0, Diff: 0, Sum: 0, Workers: 5
[2025-05-20T21:02:33.971+0300][17432][11748][debug][gc,phases] GC(1)   StringTable Weak               Min:  0.0, Avg:  0.0, Max:  0.0, Diff:  0.0, Sum:  0.0, Workers: 5
[2025-05-20T21:02:33.971+0300][17432][11748][debug][gc,phases] GC(1)     Dead                           Min: 0, Avg:  0.0, Max: 0, Diff: 0, Sum: 0, Workers: 5
[2025-05-20T21:02:33.971+0300][17432][11748][debug][gc,phases] GC(1)     Total                          Min: 0, Avg: 838.4, Max: 4192, Diff: 4192, Sum: 4192, Workers: 5
[2025-05-20T21:02:33.971+0300][17432][11748][debug][gc,phases] GC(1)   ResolvedMethodTable Weak       Min:  0.0, Avg:  0.0, Max:  0.0, Diff:  0.0, Sum:  0.0, Workers: 5
[2025-05-20T21:02:33.971+0300][17432][11748][debug][gc,phases] GC(1)     Dead                           Min: 0, Avg:  0.0, Max: 0, Diff: 0, Sum: 0, Workers: 5
[2025-05-20T21:02:33.971+0300][17432][11748][debug][gc,phases] GC(1)     Total                          Min: 0, Avg: 40.2, Max: 201, Diff: 201, Sum: 201, Workers: 5
[2025-05-20T21:02:33.971+0300][17432][11748][debug][gc,phases] GC(1)   JNI Weak                       Min:  0.0, Avg:  0.0, Max:  0.0, Diff:  0.0, Sum:  0.0, Workers: 5
[2025-05-20T21:02:33.971+0300][17432][11748][debug][gc,phases] GC(1)     Dead                           Min: 0, Avg:  0.0, Max: 0, Diff: 0, Sum: 0, Workers: 5
[2025-05-20T21:02:33.971+0300][17432][11748][debug][gc,phases] GC(1)     Total                          Min: 0, Avg:  0.0, Max: 0, Diff: 0, Sum: 0, Workers: 5
[2025-05-20T21:02:33.971+0300][17432][11748][debug][gc,phases] GC(1)   StringDedup Table Weak         Min:  0.0, Avg:  0.0, Max:  0.0, Diff:  0.0, Sum:  0.0, Workers: 5
[2025-05-20T21:02:33.971+0300][17432][11748][debug][gc,phases] GC(1)     Dead                           Min: 0, Avg:  0.0, Max: 0, Diff: 0, Sum: 0, Workers: 5
[2025-05-20T21:02:33.971+0300][17432][11748][debug][gc,phases] GC(1)     Total                          Min: 0, Avg:  0.0, Max: 0, Diff: 0, Sum: 0, Workers: 5
[2025-05-20T21:02:33.971+0300][17432][11748][debug][gc,phases] GC(1)   StringDedup Requests0 Weak     Min:  0.0, Avg:  0.0, Max:  0.0, Diff:  0.0, Sum:  0.0, Workers: 5
[2025-05-20T21:02:33.971+0300][17432][11748][debug][gc,phases] GC(1)     Dead                           Min: 0, Avg:  0.0, Max: 0, Diff: 0, Sum: 0, Workers: 5
[2025-05-20T21:02:33.971+0300][17432][11748][debug][gc,phases] GC(1)     Total                          Min: 0, Avg:  0.0, Max: 0, Diff: 0, Sum: 0, Workers: 5
[2025-05-20T21:02:33.971+0300][17432][11748][debug][gc,phases] GC(1)   StringDedup Requests1 Weak     Min:  0.0, Avg:  0.0, Max:  0.0, Diff:  0.0, Sum:  0.0, Workers: 5
[2025-05-20T21:02:33.971+0300][17432][11748][debug][gc,phases] GC(1)     Dead                           Min: 0, Avg:  0.0, Max: 0, Diff: 0, Sum: 0, Workers: 5
[2025-05-20T21:02:33.971+0300][17432][11748][debug][gc,phases] GC(1)     Total                          Min: 0, Avg:  0.0, Max: 0, Diff: 0, Sum: 0, Workers: 5
[2025-05-20T21:02:33.971+0300][17432][11748][debug][gc,phases] GC(1)   Weak JFR Old Object Samples    Min:  0.0, Avg:  0.0, Max:  0.0, Diff:  0.0, Sum:  0.0, Workers: 5
[2025-05-20T21:02:33.971+0300][17432][11748][debug][gc,phases] GC(1)     Dead                           Min: 0, Avg:  0.0, Max: 0, Diff: 0, Sum: 0, Workers: 5
[2025-05-20T21:02:33.971+0300][17432][11748][debug][gc,phases] GC(1)     Total                          Min: 0, Avg:  0.0, Max: 0, Diff: 0, Sum: 0, Workers: 5
[2025-05-20T21:02:33.971+0300][17432][11748][debug][gc,phases] GC(1) Weak Processing 0.378ms
[2025-05-20T21:02:33.971+0300][17432][11748][debug][gc,phases] GC(1) ClassLoaderData 0.006ms
[2025-05-20T21:02:33.971+0300][17432][11748][debug][gc,phases] GC(1) Trigger cleanups 0.000ms
[2025-05-20T21:02:33.971+0300][17432][11748][debug][gc,phases] GC(1) Purge Unlinked NMethods 0.001ms
[2025-05-20T21:02:33.971+0300][17432][11748][debug][gc,phases] GC(1) Unregister NMethods 0.001ms
[2025-05-20T21:02:33.971+0300][17432][11748][debug][gc,phases] GC(1) Free Code Blobs 0.000ms
[2025-05-20T21:02:33.971+0300][17432][11748][debug][gc,phases] GC(1) Class Unloading 0.653ms
[2025-05-20T21:02:33.971+0300][17432][11748][debug][gc,phases] GC(1) Report Object Count 0.001ms
[2025-05-20T21:02:33.971+0300][17432][11748][info ][gc,phases] GC(1) Marking Phase 2.500ms
[2025-05-20T21:02:33.971+0300][17432][11748][info ][gc,phases] GC(1) Summary Phase 0.001ms
[2025-05-20T21:02:33.971+0300][17432][11748][info ][gc,phases] GC(1) Adjust Roots 0.840ms
[2025-05-20T21:02:33.983+0300][17432][11748][info ][gc,phases] GC(1) Compaction Phase 2.661ms
[2025-05-20T21:02:33.983+0300][17432][11748][debug][gc,phases] GC(1) Purge Class Loader Data 0.032ms
[2025-05-20T21:02:33.983+0300][17432][11748][info ][gc,phases] GC(1) Post Compact 0.238ms
[2025-05-20T21:02:33.983+0300][17432][11748][info ][gc,heap  ] GC(1) PSYoungGen: 2523K(1223168K)->0K(1223168K) Eden: 0K(1048576K)->0K(1048576K) From: 2523K(174592K)->0K(174592K)
[2025-05-20T21:02:33.983+0300][17432][11748][info ][gc,heap  ] GC(1) ParOldGen: 8K(2796544K)->2422K(2796544K)
[2025-05-20T21:02:33.983+0300][17432][11748][info ][gc       ] GC(1) Pause Full (System.gc()) 2M->2M(3925M) 6.402ms
[2025-05-20T21:02:33.983+0300][17432][11748][debug][gc,heap  ] GC(1) Heap after GC invocations=2 (full 1):
[2025-05-20T21:02:33.983+0300][17432][11748][debug][gc,heap  ] GC(1)  PSYoungGen      total 1223168K, used 0K [0x00000007aab00000, 0x0000000800000000, 0x0000000800000000)
[2025-05-20T21:02:33.983+0300][17432][11748][debug][gc,heap  ] GC(1)   eden space 1048576K, 0% used [0x00000007aab00000,0x00000007aab00000,0x00000007eab00000)
[2025-05-20T21:02:33.983+0300][17432][11748][debug][gc,heap  ] GC(1)   from space 174592K, 0% used [0x00000007eab00000,0x00000007eab00000,0x00000007f5580000)
[2025-05-20T21:02:33.983+0300][17432][11748][debug][gc,heap  ] GC(1)   to   space 174592K, 0% used [0x00000007f5580000,0x00000007f5580000,0x0000000800000000)
[2025-05-20T21:02:33.983+0300][17432][11748][debug][gc,heap  ] GC(1)  ParOldGen       total 2796544K, used 2422K [0x0000000700000000, 0x00000007aab00000, 0x00000007aab00000)
[2025-05-20T21:02:33.983+0300][17432][11748][debug][gc,heap  ] GC(1)   object space 2796544K, 0% used [0x0000000700000000,0x000000070025d980,0x00000007aab00000)
[2025-05-20T21:02:33.983+0300][17432][11748][debug][gc,heap  ] GC(1)  Metaspace       used 2842K, committed 3072K, reserved 1114112K
[2025-05-20T21:02:33.983+0300][17432][11748][debug][gc,heap  ] GC(1)   class space    used 257K, committed 384K, reserved 1048576K
[2025-05-20T21:02:33.983+0300][17432][11748][info ][safepoint] Safepoint "ParallelGCSystemGC", Time since last: 299038100 ns, Reaching safepoint: 74600 ns, Cleanup: 38600 ns, At safepoint: 10175000 ns, Total: 10288200 ns
[2025-05-20T21:02:34.226+0300][17432][11748][debug][safepoint] Safepoint synchronization initiated using striped semaphore wait barrier. (22 threads)
[2025-05-20T21:02:34.226+0300][17432][11748][info ][safepoint] Safepoint "ICBufferFull", Time since last: 241610600 ns, Reaching safepoint: 49500 ns, Cleanup: 52800 ns, At safepoint: 3100 ns, Total: 105400 ns
[2025-05-20T21:02:35.233+0300][17432][11748][debug][safepoint] Safepoint synchronization initiated using striped semaphore wait barrier. (20 threads)
[2025-05-20T21:02:35.233+0300][17432][11748][info ][safepoint] Safepoint "Cleanup", Time since last: 1006523600 ns, Reaching safepoint: 51600 ns, Cleanup: 48200 ns, At safepoint: 4400 ns, Total: 104200 ns
[2025-05-20T21:02:36.243+0300][17432][11748][debug][safepoint] Safepoint synchronization initiated using striped semaphore wait barrier. (20 threads)
[2025-05-20T21:02:36.243+0300][17432][11748][info ][safepoint] Safepoint "Cleanup", Time since last: 1010210800 ns, Reaching safepoint: 49300 ns, Cleanup: 13600 ns, At safepoint: 3400 ns, Total: 66300 ns
[2025-05-20T21:02:37.244+0300][17432][11748][debug][safepoint] Safepoint synchronization initiated using striped semaphore wait barrier. (20 threads)
[2025-05-20T21:02:37.244+0300][17432][11748][info ][safepoint] Safepoint "Cleanup", Time since last: 1000477800 ns, Reaching safepoint: 55600 ns, Cleanup: 13600 ns, At safepoint: 3500 ns, Total: 72700 ns
[2025-05-20T21:02:40.251+0300][17432][11748][debug][safepoint] Safepoint synchronization initiated using striped semaphore wait barrier. (20 threads)
[2025-05-20T21:02:40.251+0300][17432][11748][info ][safepoint] Safepoint "Cleanup", Time since last: 3007009400 ns, Reaching safepoint: 50100 ns, Cleanup: 11000 ns, At safepoint: 3200 ns, Total: 64300 ns
[2025-05-20T21:02:40.522+0300][17432][11748][debug][safepoint] Safepoint synchronization initiated using striped semaphore wait barrier. (11 threads)
[2025-05-20T21:02:40.522+0300][17432][11748][debug][gc,heap  ] GC(2) Heap before GC invocations=3 (full 1):
[2025-05-20T21:02:40.522+0300][17432][11748][debug][gc,heap  ] GC(2)  PSYoungGen      total 1223168K, used 209715K [0x00000007aab00000, 0x0000000800000000, 0x0000000800000000)
[2025-05-20T21:02:40.522+0300][17432][11748][debug][gc,heap  ] GC(2)   eden space 1048576K, 20% used [0x00000007aab00000,0x00000007b77ccea0,0x00000007eab00000)
[2025-05-20T21:02:40.522+0300][17432][11748][debug][gc,heap  ] GC(2)   from space 174592K, 0% used [0x00000007eab00000,0x00000007eab00000,0x00000007f5580000)
[2025-05-20T21:02:40.522+0300][17432][11748][debug][gc,heap  ] GC(2)   to   space 174592K, 0% used [0x00000007f5580000,0x00000007f5580000,0x0000000800000000)
[2025-05-20T21:02:40.522+0300][17432][11748][debug][gc,heap  ] GC(2)  ParOldGen       total 2796544K, used 2422K [0x0000000700000000, 0x00000007aab00000, 0x00000007aab00000)
[2025-05-20T21:02:40.522+0300][17432][11748][debug][gc,heap  ] GC(2)   object space 2796544K, 0% used [0x0000000700000000,0x000000070025d980,0x00000007aab00000)
[2025-05-20T21:02:40.522+0300][17432][11748][debug][gc,heap  ] GC(2)  Metaspace       used 5356K, committed 5568K, reserved 1114112K
[2025-05-20T21:02:40.522+0300][17432][11748][debug][gc,heap  ] GC(2)   class space    used 582K, committed 704K, reserved 1048576K
[2025-05-20T21:02:40.522+0300][17432][11748][debug][gc,phases] GC(2) Scavenge 0.436ms
[2025-05-20T21:02:40.522+0300][17432][11748][debug][gc,phases] GC(2) Reference Processing 0.027ms
[2025-05-20T21:02:40.522+0300][17432][11748][debug][gc,phases] GC(2)   VM Weak                        Min:  0.0, Avg:  0.0, Max:  0.0, Diff:  0.0, Sum:  0.0, Workers: 6
[2025-05-20T21:02:40.522+0300][17432][11748][debug][gc,phases] GC(2)     Dead                           Min: 0, Avg:  0.0, Max: 0, Diff: 0, Sum: 0, Workers: 6
[2025-05-20T21:02:40.522+0300][17432][11748][debug][gc,phases] GC(2)     Total                          Min: 0, Avg:  3.3, Max: 20, Diff: 20, Sum: 20, Workers: 6
[2025-05-20T21:02:40.522+0300][17432][11748][debug][gc,phases] GC(2)   ObjectSynchronizer Weak        Min:  0.0, Avg:  0.0, Max:  0.0, Diff:  0.0, Sum:  0.0, Workers: 6
[2025-05-20T21:02:40.522+0300][17432][11748][debug][gc,phases] GC(2)     Dead                           Min: 0, Avg:  0.7, Max: 4, Diff: 4, Sum: 4, Workers: 6
[2025-05-20T21:02:40.522+0300][17432][11748][debug][gc,phases] GC(2)     Total                          Min: 0, Avg:  1.0, Max: 6, Diff: 6, Sum: 6, Workers: 6
[2025-05-20T21:02:40.522+0300][17432][11748][debug][gc,phases] GC(2)   JVMTI Tag Weak OopStorage      Min:  0.0, Avg:  0.0, Max:  0.0, Diff:  0.0, Sum:  0.0, Workers: 6
[2025-05-20T21:02:40.522+0300][17432][11748][debug][gc,phases] GC(2)     Dead                           Min: 0, Avg:  0.0, Max: 0, Diff: 0, Sum: 0, Workers: 6
[2025-05-20T21:02:40.522+0300][17432][11748][debug][gc,phases] GC(2)     Total                          Min: 0, Avg:  0.0, Max: 0, Diff: 0, Sum: 0, Workers: 6
[2025-05-20T21:02:40.522+0300][17432][11748][debug][gc,phases] GC(2)   StringTable Weak               Min:  0.0, Avg:  0.0, Max:  0.0, Diff:  0.0, Sum:  0.1, Workers: 6
[2025-05-20T21:02:40.522+0300][17432][11748][debug][gc,phases] GC(2)     Dead                           Min: 0, Avg:  0.0, Max: 0, Diff: 0, Sum: 0, Workers: 6
[2025-05-20T21:02:40.522+0300][17432][11748][debug][gc,phases] GC(2)     Total                          Min: 704, Avg: 954.8, Max: 1121, Diff: 417, Sum: 5729, Workers: 6
[2025-05-20T21:02:40.522+0300][17432][11748][debug][gc,phases] GC(2)   ResolvedMethodTable Weak       Min:  0.0, Avg:  0.0, Max:  0.0, Diff:  0.0, Sum:  0.0, Workers: 6
[2025-05-20T21:02:40.522+0300][17432][11748][debug][gc,phases] GC(2)     Dead                           Min: 0, Avg:  0.2, Max: 1, Diff: 1, Sum: 1, Workers: 6
[2025-05-20T21:02:40.522+0300][17432][11748][debug][gc,phases] GC(2)     Total                          Min: 0, Avg: 34.7, Max: 127, Diff: 127, Sum: 208, Workers: 6
[2025-05-20T21:02:40.522+0300][17432][11748][debug][gc,phases] GC(2)   JNI Weak                       Min:  0.0, Avg:  0.0, Max:  0.0, Diff:  0.0, Sum:  0.0, Workers: 6
[2025-05-20T21:02:40.522+0300][17432][11748][debug][gc,phases] GC(2)     Dead                           Min: 0, Avg:  0.0, Max: 0, Diff: 0, Sum: 0, Workers: 6
[2025-05-20T21:02:40.522+0300][17432][11748][debug][gc,phases] GC(2)     Total                          Min: 0, Avg:  0.0, Max: 0, Diff: 0, Sum: 0, Workers: 6
[2025-05-20T21:02:40.522+0300][17432][11748][debug][gc,phases] GC(2)   StringDedup Table Weak         Min:  0.0, Avg:  0.0, Max:  0.0, Diff:  0.0, Sum:  0.0, Workers: 6
[2025-05-20T21:02:40.522+0300][17432][11748][debug][gc,phases] GC(2)     Dead                           Min: 0, Avg:  0.0, Max: 0, Diff: 0, Sum: 0, Workers: 6
[2025-05-20T21:02:40.522+0300][17432][11748][debug][gc,phases] GC(2)     Total                          Min: 0, Avg:  0.0, Max: 0, Diff: 0, Sum: 0, Workers: 6
[2025-05-20T21:02:40.522+0300][17432][11748][debug][gc,phases] GC(2)   StringDedup Requests0 Weak     Min:  0.0, Avg:  0.0, Max:  0.0, Diff:  0.0, Sum:  0.0, Workers: 6
[2025-05-20T21:02:40.522+0300][17432][11748][debug][gc,phases] GC(2)     Dead                           Min: 0, Avg:  0.0, Max: 0, Diff: 0, Sum: 0, Workers: 6
[2025-05-20T21:02:40.522+0300][17432][11748][debug][gc,phases] GC(2)     Total                          Min: 0, Avg:  0.0, Max: 0, Diff: 0, Sum: 0, Workers: 6
[2025-05-20T21:02:40.522+0300][17432][11748][debug][gc,phases] GC(2)   StringDedup Requests1 Weak     Min:  0.0, Avg:  0.0, Max:  0.0, Diff:  0.0, Sum:  0.0, Workers: 6
[2025-05-20T21:02:40.522+0300][17432][11748][debug][gc,phases] GC(2)     Dead                           Min: 0, Avg:  0.0, Max: 0, Diff: 0, Sum: 0, Workers: 6
[2025-05-20T21:02:40.522+0300][17432][11748][debug][gc,phases] GC(2)     Total                          Min: 0, Avg:  0.0, Max: 0, Diff: 0, Sum: 0, Workers: 6
[2025-05-20T21:02:40.522+0300][17432][11748][debug][gc,phases] GC(2)   Weak JFR Old Object Samples    Min:  0.0, Avg:  0.0, Max:  0.0, Diff:  0.0, Sum:  0.0, Workers: 6
[2025-05-20T21:02:40.522+0300][17432][11748][debug][gc,phases] GC(2)     Dead                           Min: 0, Avg:  0.0, Max: 0, Diff: 0, Sum: 0, Workers: 6
[2025-05-20T21:02:40.522+0300][17432][11748][debug][gc,phases] GC(2)     Total                          Min: 0, Avg:  0.0, Max: 0, Diff: 0, Sum: 0, Workers: 6
[2025-05-20T21:02:40.522+0300][17432][11748][debug][gc,phases] GC(2) Weak Processing 0.369ms
[2025-05-20T21:02:40.522+0300][17432][11748][info ][gc,heap  ] GC(2) PSYoungGen: 209715K(1223168K)->480K(1223168K) Eden: 209715K(1048576K)->0K(1048576K) From: 0K(174592K)->480K(174592K)
[2025-05-20T21:02:40.522+0300][17432][11748][info ][gc,heap  ] GC(2) ParOldGen: 2422K(2796544K)->2430K(2796544K)
[2025-05-20T21:02:40.522+0300][17432][11748][info ][gc       ] GC(2) Pause Young (System.gc()) 207M->2M(3925M) 0.917ms
[2025-05-20T21:02:40.522+0300][17432][11748][debug][gc,heap  ] GC(2) Heap after GC invocations=3 (full 1):
[2025-05-20T21:02:40.522+0300][17432][11748][debug][gc,heap  ] GC(2)  PSYoungGen      total 1223168K, used 480K [0x00000007aab00000, 0x0000000800000000, 0x0000000800000000)
[2025-05-20T21:02:40.522+0300][17432][11748][debug][gc,heap  ] GC(2)   eden space 1048576K, 0% used [0x00000007aab00000,0x00000007aab00000,0x00000007eab00000)
[2025-05-20T21:02:40.522+0300][17432][11748][debug][gc,heap  ] GC(2)   from space 174592K, 0% used [0x00000007f5580000,0x00000007f55f8000,0x0000000800000000)
[2025-05-20T21:02:40.522+0300][17432][11748][debug][gc,heap  ] GC(2)   to   space 174592K, 0% used [0x00000007eab00000,0x00000007eab00000,0x00000007f5580000)
[2025-05-20T21:02:40.522+0300][17432][11748][debug][gc,heap  ] GC(2)  ParOldGen       total 2796544K, used 2430K [0x0000000700000000, 0x00000007aab00000, 0x00000007aab00000)
[2025-05-20T21:02:40.522+0300][17432][11748][debug][gc,heap  ] GC(2)   object space 2796544K, 0% used [0x0000000700000000,0x000000070025f980,0x00000007aab00000)
[2025-05-20T21:02:40.522+0300][17432][11748][debug][gc,heap  ] GC(2)  Metaspace       used 5356K, committed 5568K, reserved 1114112K
[2025-05-20T21:02:40.522+0300][17432][11748][debug][gc,heap  ] GC(2)   class space    used 582K, committed 704K, reserved 1048576K
[2025-05-20T21:02:40.522+0300][17432][11748][debug][gc,heap  ] GC(3) Heap before GC invocations=4 (full 2):
[2025-05-20T21:02:40.522+0300][17432][11748][debug][gc,heap  ] GC(3)  PSYoungGen      total 1223168K, used 480K [0x00000007aab00000, 0x0000000800000000, 0x0000000800000000)
[2025-05-20T21:02:40.522+0300][17432][11748][debug][gc,heap  ] GC(3)   eden space 1048576K, 0% used [0x00000007aab00000,0x00000007aab00000,0x00000007eab00000)
[2025-05-20T21:02:40.522+0300][17432][11748][debug][gc,heap  ] GC(3)   from space 174592K, 0% used [0x00000007f5580000,0x00000007f55f8000,0x0000000800000000)
[2025-05-20T21:02:40.522+0300][17432][11748][debug][gc,heap  ] GC(3)   to   space 174592K, 0% used [0x00000007eab00000,0x00000007eab00000,0x00000007f5580000)
[2025-05-20T21:02:40.522+0300][17432][11748][debug][gc,heap  ] GC(3)  ParOldGen       total 2796544K, used 2430K [0x0000000700000000, 0x00000007aab00000, 0x00000007aab00000)
[2025-05-20T21:02:40.522+0300][17432][11748][debug][gc,heap  ] GC(3)   object space 2796544K, 0% used [0x0000000700000000,0x000000070025f980,0x00000007aab00000)
[2025-05-20T21:02:40.522+0300][17432][11748][debug][gc,heap  ] GC(3)  Metaspace       used 5356K, committed 5568K, reserved 1114112K
[2025-05-20T21:02:40.522+0300][17432][11748][debug][gc,heap  ] GC(3)   class space    used 582K, committed 704K, reserved 1048576K
[2025-05-20T21:02:40.522+0300][17432][11748][debug][gc,phases] GC(3) Pre Compact 0.106ms
[2025-05-20T21:02:40.522+0300][17432][11748][debug][gc,phases] GC(3) Par Mark 1.192ms
[2025-05-20T21:02:40.522+0300][17432][11748][debug][gc,phases] GC(3) Reference Processing 0.076ms
[2025-05-20T21:02:40.522+0300][17432][11748][debug][gc,phases] GC(3)   VM Weak                        Min:  0.0, Avg:  0.0, Max:  0.0, Diff:  0.0, Sum:  0.0, Workers: 6
[2025-05-20T21:02:40.522+0300][17432][11748][debug][gc,phases] GC(3)     Dead                           Min: 0, Avg:  0.0, Max: 0, Diff: 0, Sum: 0, Workers: 6
[2025-05-20T21:02:40.522+0300][17432][11748][debug][gc,phases] GC(3)     Total                          Min: 0, Avg:  3.3, Max: 20, Diff: 20, Sum: 20, Workers: 6
[2025-05-20T21:02:40.522+0300][17432][11748][debug][gc,phases] GC(3)   ObjectSynchronizer Weak        Min:  0.0, Avg:  0.0, Max:  0.0, Diff:  0.0, Sum:  0.0, Workers: 6
[2025-05-20T21:02:40.522+0300][17432][11748][debug][gc,phases] GC(3)     Dead                           Min: 0, Avg:  0.0, Max: 0, Diff: 0, Sum: 0, Workers: 6
[2025-05-20T21:02:40.522+0300][17432][11748][debug][gc,phases] GC(3)     Total                          Min: 0, Avg:  1.0, Max: 6, Diff: 6, Sum: 6, Workers: 6
[2025-05-20T21:02:40.522+0300][17432][11748][debug][gc,phases] GC(3)   JVMTI Tag Weak OopStorage      Min:  0.0, Avg:  0.0, Max:  0.0, Diff:  0.0, Sum:  0.0, Workers: 6
[2025-05-20T21:02:40.522+0300][17432][11748][debug][gc,phases] GC(3)     Dead                           Min: 0, Avg:  0.0, Max: 0, Diff: 0, Sum: 0, Workers: 6
[2025-05-20T21:02:40.522+0300][17432][11748][debug][gc,phases] GC(3)     Total                          Min: 0, Avg:  0.0, Max: 0, Diff: 0, Sum: 0, Workers: 6
[2025-05-20T21:02:40.522+0300][17432][11748][debug][gc,phases] GC(3)   StringTable Weak               Min:  0.0, Avg:  0.0, Max:  0.0, Diff:  0.0, Sum:  0.0, Workers: 6
[2025-05-20T21:02:40.522+0300][17432][11748][debug][gc,phases] GC(3)     Dead                           Min: 0, Avg:  0.0, Max: 0, Diff: 0, Sum: 0, Workers: 6
[2025-05-20T21:02:40.522+0300][17432][11748][debug][gc,phases] GC(3)     Total                          Min: 832, Avg: 954.8, Max: 1280, Diff: 448, Sum: 5729, Workers: 6
[2025-05-20T21:02:40.522+0300][17432][11748][debug][gc,phases] GC(3)   ResolvedMethodTable Weak       Min:  0.0, Avg:  0.0, Max:  0.0, Diff:  0.0, Sum:  0.0, Workers: 6
[2025-05-20T21:02:40.522+0300][17432][11748][debug][gc,phases] GC(3)     Dead                           Min: 0, Avg:  0.0, Max: 0, Diff: 0, Sum: 0, Workers: 6
[2025-05-20T21:02:40.522+0300][17432][11748][debug][gc,phases] GC(3)     Total                          Min: 0, Avg: 34.7, Max: 64, Diff: 64, Sum: 208, Workers: 6
[2025-05-20T21:02:40.522+0300][17432][11748][debug][gc,phases] GC(3)   JNI Weak                       Min:  0.0, Avg:  0.0, Max:  0.0, Diff:  0.0, Sum:  0.0, Workers: 6
[2025-05-20T21:02:40.522+0300][17432][11748][debug][gc,phases] GC(3)     Dead                           Min: 0, Avg:  0.0, Max: 0, Diff: 0, Sum: 0, Workers: 6
[2025-05-20T21:02:40.522+0300][17432][11748][debug][gc,phases] GC(3)     Total                          Min: 0, Avg:  0.0, Max: 0, Diff: 0, Sum: 0, Workers: 6
[2025-05-20T21:02:40.522+0300][17432][11748][debug][gc,phases] GC(3)   StringDedup Table Weak         Min:  0.0, Avg:  0.0, Max:  0.0, Diff:  0.0, Sum:  0.0, Workers: 6
[2025-05-20T21:02:40.522+0300][17432][11748][debug][gc,phases] GC(3)     Dead                           Min: 0, Avg:  0.0, Max: 0, Diff: 0, Sum: 0, Workers: 6
[2025-05-20T21:02:40.522+0300][17432][11748][debug][gc,phases] GC(3)     Total                          Min: 0, Avg:  0.0, Max: 0, Diff: 0, Sum: 0, Workers: 6
[2025-05-20T21:02:40.522+0300][17432][11748][debug][gc,phases] GC(3)   StringDedup Requests0 Weak     Min:  0.0, Avg:  0.0, Max:  0.0, Diff:  0.0, Sum:  0.0, Workers: 6
[2025-05-20T21:02:40.522+0300][17432][11748][debug][gc,phases] GC(3)     Dead                           Min: 0, Avg:  0.0, Max: 0, Diff: 0, Sum: 0, Workers: 6
[2025-05-20T21:02:40.522+0300][17432][11748][debug][gc,phases] GC(3)     Total                          Min: 0, Avg:  0.0, Max: 0, Diff: 0, Sum: 0, Workers: 6
[2025-05-20T21:02:40.522+0300][17432][11748][debug][gc,phases] GC(3)   StringDedup Requests1 Weak     Min:  0.0, Avg:  0.0, Max:  0.0, Diff:  0.0, Sum:  0.0, Workers: 6
[2025-05-20T21:02:40.522+0300][17432][11748][debug][gc,phases] GC(3)     Dead                           Min: 0, Avg:  0.0, Max: 0, Diff: 0, Sum: 0, Workers: 6
[2025-05-20T21:02:40.522+0300][17432][11748][debug][gc,phases] GC(3)     Total                          Min: 0, Avg:  0.0, Max: 0, Diff: 0, Sum: 0, Workers: 6
[2025-05-20T21:02:40.522+0300][17432][11748][debug][gc,phases] GC(3)   Weak JFR Old Object Samples    Min:  0.0, Avg:  0.0, Max:  0.0, Diff:  0.0, Sum:  0.0, Workers: 6
[2025-05-20T21:02:40.522+0300][17432][11748][debug][gc,phases] GC(3)     Dead                           Min: 0, Avg:  0.0, Max: 0, Diff: 0, Sum: 0, Workers: 6
[2025-05-20T21:02:40.522+0300][17432][11748][debug][gc,phases] GC(3)     Total                          Min: 0, Avg:  0.0, Max: 0, Diff: 0, Sum: 0, Workers: 6
[2025-05-20T21:02:40.522+0300][17432][11748][debug][gc,phases] GC(3) Weak Processing 0.384ms
[2025-05-20T21:02:40.522+0300][17432][11748][debug][gc,phases] GC(3) ClassLoaderData 0.001ms
[2025-05-20T21:02:40.522+0300][17432][11748][debug][gc,phases] GC(3) Trigger cleanups 0.000ms
[2025-05-20T21:02:40.522+0300][17432][11748][debug][gc,phases] GC(3) Purge Unlinked NMethods 0.071ms
[2025-05-20T21:02:40.522+0300][17432][11748][debug][gc,phases] GC(3) Unregister NMethods 0.004ms
[2025-05-20T21:02:40.522+0300][17432][11748][debug][gc,phases] GC(3) Free Code Blobs 0.009ms
[2025-05-20T21:02:40.522+0300][17432][11748][debug][gc,phases] GC(3) Class Unloading 1.807ms
[2025-05-20T21:02:40.522+0300][17432][11748][debug][gc,phases] GC(3) Report Object Count 0.000ms
[2025-05-20T21:02:40.522+0300][17432][11748][info ][gc,phases] GC(3) Marking Phase 3.521ms
[2025-05-20T21:02:40.522+0300][17432][11748][info ][gc,phases] GC(3) Summary Phase 0.001ms
[2025-05-20T21:02:40.538+0300][17432][11748][info ][gc,phases] GC(3) Adjust Roots 1.500ms
[2025-05-20T21:02:40.541+0300][17432][11748][info ][gc,phases] GC(3) Compaction Phase 2.930ms
[2025-05-20T21:02:40.541+0300][17432][11748][debug][gc,phases] GC(3) Purge Class Loader Data 0.006ms
[2025-05-20T21:02:40.541+0300][17432][11748][info ][gc,phases] GC(3) Post Compact 0.250ms
[2025-05-20T21:02:40.541+0300][17432][11748][info ][gc,heap  ] GC(3) PSYoungGen: 480K(1223168K)->0K(1223168K) Eden: 0K(1048576K)->0K(1048576K) From: 480K(174592K)->0K(174592K)
[2025-05-20T21:02:40.541+0300][17432][11748][info ][gc,heap  ] GC(3) ParOldGen: 2430K(2796544K)->2757K(2796544K)
[2025-05-20T21:02:40.541+0300][17432][11748][info ][gc       ] GC(3) Pause Full (System.gc()) 2M->2M(3925M) 8.337ms
[2025-05-20T21:02:40.541+0300][17432][11748][debug][gc,heap  ] GC(3) Heap after GC invocations=4 (full 2):
[2025-05-20T21:02:40.541+0300][17432][11748][debug][gc,heap  ] GC(3)  PSYoungGen      total 1223168K, used 0K [0x00000007aab00000, 0x0000000800000000, 0x0000000800000000)
[2025-05-20T21:02:40.541+0300][17432][11748][debug][gc,heap  ] GC(3)   eden space 1048576K, 0% used [0x00000007aab00000,0x00000007aab00000,0x00000007eab00000)
[2025-05-20T21:02:40.541+0300][17432][11748][debug][gc,heap  ] GC(3)   from space 174592K, 0% used [0x00000007f5580000,0x00000007f5580000,0x0000000800000000)
[2025-05-20T21:02:40.541+0300][17432][11748][debug][gc,heap  ] GC(3)   to   space 174592K, 0% used [0x00000007eab00000,0x00000007eab00000,0x00000007f5580000)
[2025-05-20T21:02:40.541+0300][17432][11748][debug][gc,heap  ] GC(3)  ParOldGen       total 2796544K, used 2757K [0x0000000700000000, 0x00000007aab00000, 0x00000007aab00000)
[2025-05-20T21:02:40.541+0300][17432][11748][debug][gc,heap  ] GC(3)   object space 2796544K, 0% used [0x0000000700000000,0x00000007002b1648,0x00000007aab00000)
[2025-05-20T21:02:40.541+0300][17432][11748][debug][gc,heap  ] GC(3)  Metaspace       used 5356K, committed 5568K, reserved 1114112K
[2025-05-20T21:02:40.541+0300][17432][11748][debug][gc,heap  ] GC(3)   class space    used 582K, committed 704K, reserved 1048576K
[2025-05-20T21:02:40.541+0300][17432][11748][info ][safepoint] Safepoint "ParallelGCSystemGC", Time since last: 282349500 ns, Reaching safepoint: 35600 ns, Cleanup: 13800 ns, At safepoint: 9690200 ns, Total: 9739600 ns
[2025-05-20T21:02:41.544+0300][17432][11748][debug][safepoint] Safepoint synchronization initiated using striped semaphore wait barrier. (20 threads)
[2025-05-20T21:02:41.544+0300][17432][11748][info ][safepoint] Safepoint "Cleanup", Time since last: 1001412900 ns, Reaching safepoint: 46300 ns, Cleanup: 26800 ns, At safepoint: 3800 ns, Total: 76900 ns
[2025-05-20T21:02:46.548+0300][17432][11748][debug][safepoint] Safepoint synchronization initiated using striped semaphore wait barrier. (20 threads)
[2025-05-20T21:02:46.548+0300][17432][11748][info ][safepoint] Safepoint "Cleanup", Time since last: 5003970300 ns, Reaching safepoint: 40200 ns, Cleanup: 11900 ns, At safepoint: 3300 ns, Total: 55400 ns
[2025-05-20T21:02:46.752+0300][17432][11748][debug][safepoint] Safepoint synchronization initiated using striped semaphore wait barrier. (11 threads)
[2025-05-20T21:02:46.752+0300][17432][11748][debug][gc,heap  ] GC(4) Heap before GC invocations=5 (full 2):
[2025-05-20T21:02:46.752+0300][17432][11748][debug][gc,heap  ] GC(4)  PSYoungGen      total 1223168K, used 195734K [0x00000007aab00000, 0x0000000800000000, 0x0000000800000000)
[2025-05-20T21:02:46.752+0300][17432][11748][debug][gc,heap  ] GC(4)   eden space 1048576K, 18% used [0x00000007aab00000,0x00000007b6a25b30,0x00000007eab00000)
[2025-05-20T21:02:46.752+0300][17432][11748][debug][gc,heap  ] GC(4)   from space 174592K, 0% used [0x00000007f5580000,0x00000007f5580000,0x0000000800000000)
[2025-05-20T21:02:46.752+0300][17432][11748][debug][gc,heap  ] GC(4)   to   space 174592K, 0% used [0x00000007eab00000,0x00000007eab00000,0x00000007f5580000)
[2025-05-20T21:02:46.752+0300][17432][11748][debug][gc,heap  ] GC(4)  ParOldGen       total 2796544K, used 2757K [0x0000000700000000, 0x00000007aab00000, 0x00000007aab00000)
[2025-05-20T21:02:46.752+0300][17432][11748][debug][gc,heap  ] GC(4)   object space 2796544K, 0% used [0x0000000700000000,0x00000007002b1648,0x00000007aab00000)
[2025-05-20T21:02:46.752+0300][17432][11748][debug][gc,heap  ] GC(4)  Metaspace       used 5401K, committed 5632K, reserved 1114112K
[2025-05-20T21:02:46.752+0300][17432][11748][debug][gc,heap  ] GC(4)   class space    used 582K, committed 704K, reserved 1048576K
[2025-05-20T21:02:46.752+0300][17432][11748][debug][gc,phases] GC(4) Scavenge 0.070ms
[2025-05-20T21:02:46.752+0300][17432][11748][debug][gc,phases] GC(4) Reference Processing 0.024ms
[2025-05-20T21:02:46.752+0300][17432][11748][debug][gc,phases] GC(4)   VM Weak                        Min:  0.0, Avg:  0.0, Max:  0.0, Diff:  0.0, Sum:  0.0, Workers: 6
[2025-05-20T21:02:46.752+0300][17432][11748][debug][gc,phases] GC(4)     Dead                           Min: 0, Avg:  0.0, Max: 0, Diff: 0, Sum: 0, Workers: 6
[2025-05-20T21:02:46.752+0300][17432][11748][debug][gc,phases] GC(4)     Total                          Min: 0, Avg:  3.3, Max: 20, Diff: 20, Sum: 20, Workers: 6
[2025-05-20T21:02:46.752+0300][17432][11748][debug][gc,phases] GC(4)   ObjectSynchronizer Weak        Min:  0.0, Avg:  0.0, Max:  0.0, Diff:  0.0, Sum:  0.0, Workers: 6
[2025-05-20T21:02:46.752+0300][17432][11748][debug][gc,phases] GC(4)     Dead                           Min: 0, Avg:  0.7, Max: 4, Diff: 4, Sum: 4, Workers: 6
[2025-05-20T21:02:46.752+0300][17432][11748][debug][gc,phases] GC(4)     Total                          Min: 0, Avg:  1.7, Max: 10, Diff: 10, Sum: 10, Workers: 6
[2025-05-20T21:02:46.752+0300][17432][11748][debug][gc,phases] GC(4)   JVMTI Tag Weak OopStorage      Min:  0.0, Avg:  0.0, Max:  0.0, Diff:  0.0, Sum:  0.0, Workers: 6
[2025-05-20T21:02:46.752+0300][17432][11748][debug][gc,phases] GC(4)     Dead                           Min: 0, Avg:  0.0, Max: 0, Diff: 0, Sum: 0, Workers: 6
[2025-05-20T21:02:46.752+0300][17432][11748][debug][gc,phases] GC(4)     Total                          Min: 0, Avg:  0.0, Max: 0, Diff: 0, Sum: 0, Workers: 6
[2025-05-20T21:02:46.752+0300][17432][11748][debug][gc,phases] GC(4)   StringTable Weak               Min:  0.0, Avg:  0.0, Max:  0.0, Diff:  0.0, Sum:  0.0, Workers: 6
[2025-05-20T21:02:46.752+0300][17432][11748][debug][gc,phases] GC(4)     Dead                           Min: 0, Avg:  0.0, Max: 0, Diff: 0, Sum: 0, Workers: 6
[2025-05-20T21:02:46.752+0300][17432][11748][debug][gc,phases] GC(4)     Total                          Min: 832, Avg: 955.7, Max: 1216, Diff: 384, Sum: 5734, Workers: 6
[2025-05-20T21:02:46.752+0300][17432][11748][debug][gc,phases] GC(4)   ResolvedMethodTable Weak       Min:  0.0, Avg:  0.0, Max:  0.0, Diff:  0.0, Sum:  0.0, Workers: 6
[2025-05-20T21:02:46.752+0300][17432][11748][debug][gc,phases] GC(4)     Dead                           Min: 0, Avg:  0.0, Max: 0, Diff: 0, Sum: 0, Workers: 6
[2025-05-20T21:02:46.752+0300][17432][11748][debug][gc,phases] GC(4)     Total                          Min: 0, Avg: 34.7, Max: 64, Diff: 64, Sum: 208, Workers: 6
[2025-05-20T21:02:46.752+0300][17432][11748][debug][gc,phases] GC(4)   JNI Weak                       Min:  0.0, Avg:  0.0, Max:  0.0, Diff:  0.0, Sum:  0.0, Workers: 6
[2025-05-20T21:02:46.752+0300][17432][11748][debug][gc,phases] GC(4)     Dead                           Min: 0, Avg:  0.0, Max: 0, Diff: 0, Sum: 0, Workers: 6
[2025-05-20T21:02:46.752+0300][17432][11748][debug][gc,phases] GC(4)     Total                          Min: 0, Avg:  0.0, Max: 0, Diff: 0, Sum: 0, Workers: 6
[2025-05-20T21:02:46.752+0300][17432][11748][debug][gc,phases] GC(4)   StringDedup Table Weak         Min:  0.0, Avg:  0.0, Max:  0.0, Diff:  0.0, Sum:  0.0, Workers: 6
[2025-05-20T21:02:46.752+0300][17432][11748][debug][gc,phases] GC(4)     Dead                           Min: 0, Avg:  0.0, Max: 0, Diff: 0, Sum: 0, Workers: 6
[2025-05-20T21:02:46.752+0300][17432][11748][debug][gc,phases] GC(4)     Total                          Min: 0, Avg:  0.0, Max: 0, Diff: 0, Sum: 0, Workers: 6
[2025-05-20T21:02:46.752+0300][17432][11748][debug][gc,phases] GC(4)   StringDedup Requests0 Weak     Min:  0.0, Avg:  0.0, Max:  0.0, Diff:  0.0, Sum:  0.0, Workers: 6
[2025-05-20T21:02:46.752+0300][17432][11748][debug][gc,phases] GC(4)     Dead                           Min: 0, Avg:  0.0, Max: 0, Diff: 0, Sum: 0, Workers: 6
[2025-05-20T21:02:46.752+0300][17432][11748][debug][gc,phases] GC(4)     Total                          Min: 0, Avg:  0.0, Max: 0, Diff: 0, Sum: 0, Workers: 6
[2025-05-20T21:02:46.752+0300][17432][11748][debug][gc,phases] GC(4)   StringDedup Requests1 Weak     Min:  0.0, Avg:  0.0, Max:  0.0, Diff:  0.0, Sum:  0.0, Workers: 6
[2025-05-20T21:02:46.752+0300][17432][11748][debug][gc,phases] GC(4)     Dead                           Min: 0, Avg:  0.0, Max: 0, Diff: 0, Sum: 0, Workers: 6
[2025-05-20T21:02:46.752+0300][17432][11748][debug][gc,phases] GC(4)     Total                          Min: 0, Avg:  0.0, Max: 0, Diff: 0, Sum: 0, Workers: 6
[2025-05-20T21:02:46.752+0300][17432][11748][debug][gc,phases] GC(4)   Weak JFR Old Object Samples    Min:  0.0, Avg:  0.0, Max:  0.0, Diff:  0.0, Sum:  0.0, Workers: 6
[2025-05-20T21:02:46.752+0300][17432][11748][debug][gc,phases] GC(4)     Dead                           Min: 0, Avg:  0.0, Max: 0, Diff: 0, Sum: 0, Workers: 6
[2025-05-20T21:02:46.752+0300][17432][11748][debug][gc,phases] GC(4)     Total                          Min: 0, Avg:  0.0, Max: 0, Diff: 0, Sum: 0, Workers: 6
[2025-05-20T21:02:46.752+0300][17432][11748][debug][gc,phases] GC(4) Weak Processing 0.342ms
[2025-05-20T21:02:46.752+0300][17432][11748][info ][gc,heap  ] GC(4) PSYoungGen: 195734K(1223168K)->160K(1223168K) Eden: 195734K(1048576K)->0K(1048576K) From: 0K(174592K)->160K(174592K)
[2025-05-20T21:02:46.752+0300][17432][11748][info ][gc,heap  ] GC(4) ParOldGen: 2757K(2796544K)->2765K(2796544K)
[2025-05-20T21:02:46.752+0300][17432][11748][info ][gc       ] GC(4) Pause Young (System.gc()) 193M->2M(3925M) 0.511ms
[2025-05-20T21:02:46.752+0300][17432][11748][debug][gc,heap  ] GC(4) Heap after GC invocations=5 (full 2):
[2025-05-20T21:02:46.752+0300][17432][11748][debug][gc,heap  ] GC(4)  PSYoungGen      total 1223168K, used 160K [0x00000007aab00000, 0x0000000800000000, 0x0000000800000000)
[2025-05-20T21:02:46.752+0300][17432][11748][debug][gc,heap  ] GC(4)   eden space 1048576K, 0% used [0x00000007aab00000,0x00000007aab00000,0x00000007eab00000)
[2025-05-20T21:02:46.752+0300][17432][11748][debug][gc,heap  ] GC(4)   from space 174592K, 0% used [0x00000007eab00000,0x00000007eab28000,0x00000007f5580000)
[2025-05-20T21:02:46.752+0300][17432][11748][debug][gc,heap  ] GC(4)   to   space 174592K, 0% used [0x00000007f5580000,0x00000007f5580000,0x0000000800000000)
[2025-05-20T21:02:46.752+0300][17432][11748][debug][gc,heap  ] GC(4)  ParOldGen       total 2796544K, used 2765K [0x0000000700000000, 0x00000007aab00000, 0x00000007aab00000)
[2025-05-20T21:02:46.752+0300][17432][11748][debug][gc,heap  ] GC(4)   object space 2796544K, 0% used [0x0000000700000000,0x00000007002b3648,0x00000007aab00000)
[2025-05-20T21:02:46.752+0300][17432][11748][debug][gc,heap  ] GC(4)  Metaspace       used 5401K, committed 5632K, reserved 1114112K
[2025-05-20T21:02:46.752+0300][17432][11748][debug][gc,heap  ] GC(4)   class space    used 582K, committed 704K, reserved 1048576K
[2025-05-20T21:02:46.752+0300][17432][11748][debug][gc,heap  ] GC(5) Heap before GC invocations=6 (full 3):
[2025-05-20T21:02:46.752+0300][17432][11748][debug][gc,heap  ] GC(5)  PSYoungGen      total 1223168K, used 160K [0x00000007aab00000, 0x0000000800000000, 0x0000000800000000)
[2025-05-20T21:02:46.752+0300][17432][11748][debug][gc,heap  ] GC(5)   eden space 1048576K, 0% used [0x00000007aab00000,0x00000007aab00000,0x00000007eab00000)
[2025-05-20T21:02:46.752+0300][17432][11748][debug][gc,heap  ] GC(5)   from space 174592K, 0% used [0x00000007eab00000,0x00000007eab28000,0x00000007f5580000)
[2025-05-20T21:02:46.752+0300][17432][11748][debug][gc,heap  ] GC(5)   to   space 174592K, 0% used [0x00000007f5580000,0x00000007f5580000,0x0000000800000000)
[2025-05-20T21:02:46.752+0300][17432][11748][debug][gc,heap  ] GC(5)  ParOldGen       total 2796544K, used 2765K [0x0000000700000000, 0x00000007aab00000, 0x00000007aab00000)
[2025-05-20T21:02:46.752+0300][17432][11748][debug][gc,heap  ] GC(5)   object space 2796544K, 0% used [0x0000000700000000,0x00000007002b3648,0x00000007aab00000)
[2025-05-20T21:02:46.752+0300][17432][11748][debug][gc,heap  ] GC(5)  Metaspace       used 5401K, committed 5632K, reserved 1114112K
[2025-05-20T21:02:46.752+0300][17432][11748][debug][gc,heap  ] GC(5)   class space    used 582K, committed 704K, reserved 1048576K
[2025-05-20T21:02:46.752+0300][17432][11748][debug][gc,phases] GC(5) Pre Compact 0.086ms
[2025-05-20T21:02:46.752+0300][17432][11748][debug][gc,phases] GC(5) Par Mark 1.220ms
[2025-05-20T21:02:46.752+0300][17432][11748][debug][gc,phases] GC(5) Reference Processing 0.061ms
[2025-05-20T21:02:46.752+0300][17432][11748][debug][gc,phases] GC(5)   VM Weak                        Min:  0.0, Avg:  0.0, Max:  0.0, Diff:  0.0, Sum:  0.0, Workers: 6
[2025-05-20T21:02:46.752+0300][17432][11748][debug][gc,phases] GC(5)     Dead                           Min: 0, Avg:  0.0, Max: 0, Diff: 0, Sum: 0, Workers: 6
[2025-05-20T21:02:46.752+0300][17432][11748][debug][gc,phases] GC(5)     Total                          Min: 0, Avg:  3.3, Max: 20, Diff: 20, Sum: 20, Workers: 6
[2025-05-20T21:02:46.752+0300][17432][11748][debug][gc,phases] GC(5)   ObjectSynchronizer Weak        Min:  0.0, Avg:  0.0, Max:  0.0, Diff:  0.0, Sum:  0.0, Workers: 6
[2025-05-20T21:02:46.752+0300][17432][11748][debug][gc,phases] GC(5)     Dead                           Min: 0, Avg:  0.0, Max: 0, Diff: 0, Sum: 0, Workers: 6
[2025-05-20T21:02:46.752+0300][17432][11748][debug][gc,phases] GC(5)     Total                          Min: 0, Avg:  1.7, Max: 10, Diff: 10, Sum: 10, Workers: 6
[2025-05-20T21:02:46.752+0300][17432][11748][debug][gc,phases] GC(5)   JVMTI Tag Weak OopStorage      Min:  0.0, Avg:  0.0, Max:  0.0, Diff:  0.0, Sum:  0.0, Workers: 6
[2025-05-20T21:02:46.752+0300][17432][11748][debug][gc,phases] GC(5)     Dead                           Min: 0, Avg:  0.0, Max: 0, Diff: 0, Sum: 0, Workers: 6
[2025-05-20T21:02:46.752+0300][17432][11748][debug][gc,phases] GC(5)     Total                          Min: 0, Avg:  0.0, Max: 0, Diff: 0, Sum: 0, Workers: 6
[2025-05-20T21:02:46.752+0300][17432][11748][debug][gc,phases] GC(5)   StringTable Weak               Min:  0.0, Avg:  0.0, Max:  0.0, Diff:  0.0, Sum:  0.0, Workers: 6
[2025-05-20T21:02:46.752+0300][17432][11748][debug][gc,phases] GC(5)     Dead                           Min: 0, Avg:  0.0, Max: 0, Diff: 0, Sum: 0, Workers: 6
[2025-05-20T21:02:46.752+0300][17432][11748][debug][gc,phases] GC(5)     Total                          Min: 742, Avg: 955.7, Max: 1280, Diff: 538, Sum: 5734, Workers: 6
[2025-05-20T21:02:46.752+0300][17432][11748][debug][gc,phases] GC(5)   ResolvedMethodTable Weak       Min:  0.0, Avg:  0.0, Max:  0.0, Diff:  0.0, Sum:  0.0, Workers: 6
[2025-05-20T21:02:46.752+0300][17432][11748][debug][gc,phases] GC(5)     Dead                           Min: 0, Avg:  0.0, Max: 0, Diff: 0, Sum: 0, Workers: 6
[2025-05-20T21:02:46.752+0300][17432][11748][debug][gc,phases] GC(5)     Total                          Min: 0, Avg: 34.7, Max: 128, Diff: 128, Sum: 208, Workers: 6
[2025-05-20T21:02:46.752+0300][17432][11748][debug][gc,phases] GC(5)   JNI Weak                       Min:  0.0, Avg:  0.0, Max:  0.0, Diff:  0.0, Sum:  0.0, Workers: 6
[2025-05-20T21:02:46.752+0300][17432][11748][debug][gc,phases] GC(5)     Dead                           Min: 0, Avg:  0.0, Max: 0, Diff: 0, Sum: 0, Workers: 6
[2025-05-20T21:02:46.752+0300][17432][11748][debug][gc,phases] GC(5)     Total                          Min: 0, Avg:  0.0, Max: 0, Diff: 0, Sum: 0, Workers: 6
[2025-05-20T21:02:46.752+0300][17432][11748][debug][gc,phases] GC(5)   StringDedup Table Weak         Min:  0.0, Avg:  0.0, Max:  0.0, Diff:  0.0, Sum:  0.0, Workers: 6
[2025-05-20T21:02:46.752+0300][17432][11748][debug][gc,phases] GC(5)     Dead                           Min: 0, Avg:  0.0, Max: 0, Diff: 0, Sum: 0, Workers: 6
[2025-05-20T21:02:46.752+0300][17432][11748][debug][gc,phases] GC(5)     Total                          Min: 0, Avg:  0.0, Max: 0, Diff: 0, Sum: 0, Workers: 6
[2025-05-20T21:02:46.752+0300][17432][11748][debug][gc,phases] GC(5)   StringDedup Requests0 Weak     Min:  0.0, Avg:  0.0, Max:  0.0, Diff:  0.0, Sum:  0.0, Workers: 6
[2025-05-20T21:02:46.752+0300][17432][11748][debug][gc,phases] GC(5)     Dead                           Min: 0, Avg:  0.0, Max: 0, Diff: 0, Sum: 0, Workers: 6
[2025-05-20T21:02:46.752+0300][17432][11748][debug][gc,phases] GC(5)     Total                          Min: 0, Avg:  0.0, Max: 0, Diff: 0, Sum: 0, Workers: 6
[2025-05-20T21:02:46.752+0300][17432][11748][debug][gc,phases] GC(5)   StringDedup Requests1 Weak     Min:  0.0, Avg:  0.0, Max:  0.0, Diff:  0.0, Sum:  0.0, Workers: 6
[2025-05-20T21:02:46.752+0300][17432][11748][debug][gc,phases] GC(5)     Dead                           Min: 0, Avg:  0.0, Max: 0, Diff: 0, Sum: 0, Workers: 6
[2025-05-20T21:02:46.752+0300][17432][11748][debug][gc,phases] GC(5)     Total                          Min: 0, Avg:  0.0, Max: 0, Diff: 0, Sum: 0, Workers: 6
[2025-05-20T21:02:46.752+0300][17432][11748][debug][gc,phases] GC(5)   Weak JFR Old Object Samples    Min:  0.0, Avg:  0.0, Max:  0.0, Diff:  0.0, Sum:  0.0, Workers: 6
[2025-05-20T21:02:46.752+0300][17432][11748][debug][gc,phases] GC(5)     Dead                           Min: 0, Avg:  0.0, Max: 0, Diff: 0, Sum: 0, Workers: 6
[2025-05-20T21:02:46.752+0300][17432][11748][debug][gc,phases] GC(5)     Total                          Min: 0, Avg:  0.0, Max: 0, Diff: 0, Sum: 0, Workers: 6
[2025-05-20T21:02:46.752+0300][17432][11748][debug][gc,phases] GC(5) Weak Processing 0.342ms
[2025-05-20T21:02:46.752+0300][17432][11748][debug][gc,phases] GC(5) ClassLoaderData 0.001ms
[2025-05-20T21:02:46.752+0300][17432][11748][debug][gc,phases] GC(5) Trigger cleanups 0.000ms
[2025-05-20T21:02:46.752+0300][17432][11748][debug][gc,phases] GC(5) Purge Unlinked NMethods 0.269ms
[2025-05-20T21:02:46.752+0300][17432][11748][debug][gc,phases] GC(5) Unregister NMethods 0.001ms
[2025-05-20T21:02:46.752+0300][17432][11748][debug][gc,phases] GC(5) Free Code Blobs 0.071ms
[2025-05-20T21:02:46.752+0300][17432][11748][debug][gc,phases] GC(5) Class Unloading 2.224ms
[2025-05-20T21:02:46.752+0300][17432][11748][debug][gc,phases] GC(5) Report Object Count 0.000ms
[2025-05-20T21:02:46.752+0300][17432][11748][info ][gc,phases] GC(5) Marking Phase 3.913ms
[2025-05-20T21:02:46.752+0300][17432][11748][info ][gc,phases] GC(5) Summary Phase 0.001ms
[2025-05-20T21:02:46.752+0300][17432][11748][info ][gc,phases] GC(5) Adjust Roots 1.140ms
[2025-05-20T21:02:46.767+0300][17432][11748][info ][gc,phases] GC(5) Compaction Phase 2.127ms
[2025-05-20T21:02:46.767+0300][17432][11748][debug][gc,phases] GC(5) Purge Class Loader Data 0.035ms
[2025-05-20T21:02:46.767+0300][17432][11748][info ][gc,phases] GC(5) Post Compact 0.214ms
[2025-05-20T21:02:46.767+0300][17432][11748][info ][gc,heap  ] GC(5) PSYoungGen: 160K(1223168K)->0K(1223168K) Eden: 0K(1048576K)->0K(1048576K) From: 160K(174592K)->0K(174592K)
[2025-05-20T21:02:46.767+0300][17432][11748][info ][gc,heap  ] GC(5) ParOldGen: 2765K(2796544K)->2758K(2796544K)
[2025-05-20T21:02:46.767+0300][17432][11748][info ][gc       ] GC(5) Pause Full (System.gc()) 2M->2M(3925M) 7.502ms
[2025-05-20T21:02:46.767+0300][17432][11748][debug][gc,heap  ] GC(5) Heap after GC invocations=6 (full 3):
[2025-05-20T21:02:46.767+0300][17432][11748][debug][gc,heap  ] GC(5)  PSYoungGen      total 1223168K, used 0K [0x00000007aab00000, 0x0000000800000000, 0x0000000800000000)
[2025-05-20T21:02:46.767+0300][17432][11748][debug][gc,heap  ] GC(5)   eden space 1048576K, 0% used [0x00000007aab00000,0x00000007aab00000,0x00000007eab00000)
[2025-05-20T21:02:46.767+0300][17432][11748][debug][gc,heap  ] GC(5)   from space 174592K, 0% used [0x00000007eab00000,0x00000007eab00000,0x00000007f5580000)
[2025-05-20T21:02:46.767+0300][17432][11748][debug][gc,heap  ] GC(5)   to   space 174592K, 0% used [0x00000007f5580000,0x00000007f5580000,0x0000000800000000)
[2025-05-20T21:02:46.767+0300][17432][11748][debug][gc,heap  ] GC(5)  ParOldGen       total 2796544K, used 2758K [0x0000000700000000, 0x00000007aab00000, 0x00000007aab00000)
[2025-05-20T21:02:46.767+0300][17432][11748][debug][gc,heap  ] GC(5)   object space 2796544K, 0% used [0x0000000700000000,0x00000007002b1848,0x00000007aab00000)
[2025-05-20T21:02:46.767+0300][17432][11748][debug][gc,heap  ] GC(5)  Metaspace       used 5401K, committed 5632K, reserved 1114112K
[2025-05-20T21:02:46.767+0300][17432][11748][debug][gc,heap  ] GC(5)   class space    used 582K, committed 704K, reserved 1048576K
[2025-05-20T21:02:46.767+0300][17432][11748][info ][safepoint] Safepoint "ParallelGCSystemGC", Time since last: 210491200 ns, Reaching safepoint: 31000 ns, Cleanup: 2900 ns, At safepoint: 8425100 ns, Total: 8459000 ns
[2025-05-20T21:02:47.773+0300][17432][11748][debug][safepoint] Safepoint synchronization initiated using striped semaphore wait barrier. (20 threads)
[2025-05-20T21:02:47.773+0300][17432][11748][info ][safepoint] Safepoint "Cleanup", Time since last: 1005695200 ns, Reaching safepoint: 59400 ns, Cleanup: 18200 ns, At safepoint: 5800 ns, Total: 83400 ns
[2025-05-20T21:02:52.902+0300][17432][11748][debug][safepoint] Safepoint synchronization initiated using striped semaphore wait barrier. (11 threads)
