[2025-05-20T21:02:53.077+0300][16140][13356][debug][gc,heap] Minimum heap 4294967296  Initial heap 4294967296  Maximum heap 4294967296
[2025-05-20T21:02:53.077+0300][16140][13356][info ][gc     ] Using Parallel
[2025-05-20T21:02:54.159+0300][16140][14288][debug][safepoint] Safepoint synchronization initiated using striped semaphore wait barrier. (11 threads)
[2025-05-20T21:02:54.159+0300][16140][14288][info ][safepoint] Safepoint "Cleanup", Time since last: 1063589900 ns, Reaching safepoint: 118300 ns, Cleanup: 47500 ns, At safepoint: 4800 ns, Total: 170600 ns
[2025-05-20T21:02:54.919+0300][16140][14288][debug][safepoint] Safepoint synchronization initiated using striped semaphore wait barrier. (11 threads)
[2025-05-20T21:02:54.919+0300][16140][14288][debug][gc,heap  ] GC(0) Heap before GC invocations=1 (full 0):
[2025-05-20T21:02:54.919+0300][16140][14288][debug][gc,heap  ] GC(0)  PSYoungGen      total 1223168K, used 230943K [0x00000007aab00000, 0x0000000800000000, 0x0000000800000000)
[2025-05-20T21:02:54.919+0300][16140][14288][debug][gc,heap  ] GC(0)   eden space 1048576K, 22% used [0x00000007aab00000,0x00000007b8c87d10,0x00000007eab00000)
[2025-05-20T21:02:54.919+0300][16140][14288][debug][gc,heap  ] GC(0)   from space 174592K, 0% used [0x00000007f5580000,0x00000007f5580000,0x0000000800000000)
[2025-05-20T21:02:54.919+0300][16140][14288][debug][gc,heap  ] GC(0)   to   space 174592K, 0% used [0x00000007eab00000,0x00000007eab00000,0x00000007f5580000)
[2025-05-20T21:02:54.919+0300][16140][14288][debug][gc,heap  ] GC(0)  ParOldGen       total 2796544K, used 0K [0x0000000700000000, 0x00000007aab00000, 0x00000007aab00000)
[2025-05-20T21:02:54.919+0300][16140][14288][debug][gc,heap  ] GC(0)   object space 2796544K, 0% used [0x0000000700000000,0x0000000700000000,0x00000007aab00000)
[2025-05-20T21:02:54.919+0300][16140][14288][debug][gc,heap  ] GC(0)  Metaspace       used 2836K, committed 3072K, reserved 1114112K
[2025-05-20T21:02:54.919+0300][16140][14288][debug][gc,heap  ] GC(0)   class space    used 256K, committed 384K, reserved 1048576K
[2025-05-20T21:02:54.919+0300][16140][14288][debug][gc,phases] GC(0) Scavenge 1.585ms
[2025-05-20T21:02:54.919+0300][16140][14288][debug][gc,phases] GC(0) Reference Processing 0.170ms
[2025-05-20T21:02:54.919+0300][16140][14288][debug][gc,phases] GC(0)   VM Weak                        Min:  0.0, Avg:  0.0, Max:  0.0, Diff:  0.0, Sum:  0.0, Workers: 5
[2025-05-20T21:02:54.919+0300][16140][14288][debug][gc,phases] GC(0)     Dead                           Min: 0, Avg:  0.0, Max: 0, Diff: 0, Sum: 0, Workers: 5
[2025-05-20T21:02:54.919+0300][16140][14288][debug][gc,phases] GC(0)     Total                          Min: 0, Avg:  4.0, Max: 20, Diff: 20, Sum: 20, Workers: 5
[2025-05-20T21:02:54.919+0300][16140][14288][debug][gc,phases] GC(0)   ObjectSynchronizer Weak        Min:  0.0, Avg:  0.0, Max:  0.0, Diff:  0.0, Sum:  0.0, Workers: 5
[2025-05-20T21:02:54.919+0300][16140][14288][debug][gc,phases] GC(0)     Dead                           Min: 0, Avg:  0.0, Max: 0, Diff: 0, Sum: 0, Workers: 5
[2025-05-20T21:02:54.919+0300][16140][14288][debug][gc,phases] GC(0)     Total                          Min: 0, Avg:  0.2, Max: 1, Diff: 1, Sum: 1, Workers: 5
[2025-05-20T21:02:54.919+0300][16140][14288][debug][gc,phases] GC(0)   JVMTI Tag Weak OopStorage      Min:  0.0, Avg:  0.0, Max:  0.0, Diff:  0.0, Sum:  0.0, Workers: 5
[2025-05-20T21:02:54.919+0300][16140][14288][debug][gc,phases] GC(0)     Dead                           Min: 0, Avg:  0.0, Max: 0, Diff: 0, Sum: 0, Workers: 5
[2025-05-20T21:02:54.919+0300][16140][14288][debug][gc,phases] GC(0)     Total                          Min: 0, Avg:  0.0, Max: 0, Diff: 0, Sum: 0, Workers: 5
[2025-05-20T21:02:54.919+0300][16140][14288][debug][gc,phases] GC(0)   StringTable Weak               Min:  0.0, Avg:  0.0, Max:  0.1, Diff:  0.1, Sum:  0.1, Workers: 5
[2025-05-20T21:02:54.919+0300][16140][14288][debug][gc,phases] GC(0)     Dead                           Min: 0, Avg:  1.0, Max: 5, Diff: 5, Sum: 5, Workers: 5
[2025-05-20T21:02:54.919+0300][16140][14288][debug][gc,phases] GC(0)     Total                          Min: 192, Avg: 851.2, Max: 3200, Diff: 3008, Sum: 4256, Workers: 5
[2025-05-20T21:02:54.919+0300][16140][14288][debug][gc,phases] GC(0)   ResolvedMethodTable Weak       Min:  0.0, Avg:  0.0, Max:  0.0, Diff:  0.0, Sum:  0.0, Workers: 5
[2025-05-20T21:02:54.919+0300][16140][14288][debug][gc,phases] GC(0)     Dead                           Min: 0, Avg:  4.2, Max: 13, Diff: 13, Sum: 21, Workers: 5
[2025-05-20T21:02:54.919+0300][16140][14288][debug][gc,phases] GC(0)     Total                          Min: 0, Avg: 40.4, Max: 64, Diff: 64, Sum: 202, Workers: 5
[2025-05-20T21:02:54.919+0300][16140][14288][debug][gc,phases] GC(0)   JNI Weak                       Min:  0.0, Avg:  0.0, Max:  0.0, Diff:  0.0, Sum:  0.0, Workers: 5
[2025-05-20T21:02:54.919+0300][16140][14288][debug][gc,phases] GC(0)     Dead                           Min: 0, Avg:  0.0, Max: 0, Diff: 0, Sum: 0, Workers: 5
[2025-05-20T21:02:54.919+0300][16140][14288][debug][gc,phases] GC(0)     Total                          Min: 0, Avg:  0.0, Max: 0, Diff: 0, Sum: 0, Workers: 5
[2025-05-20T21:02:54.919+0300][16140][14288][debug][gc,phases] GC(0)   StringDedup Table Weak         Min:  0.0, Avg:  0.0, Max:  0.0, Diff:  0.0, Sum:  0.0, Workers: 5
[2025-05-20T21:02:54.919+0300][16140][14288][debug][gc,phases] GC(0)     Dead                           Min: 0, Avg:  0.0, Max: 0, Diff: 0, Sum: 0, Workers: 5
[2025-05-20T21:02:54.919+0300][16140][14288][debug][gc,phases] GC(0)     Total                          Min: 0, Avg:  0.0, Max: 0, Diff: 0, Sum: 0, Workers: 5
[2025-05-20T21:02:54.919+0300][16140][14288][debug][gc,phases] GC(0)   StringDedup Requests0 Weak     Min:  0.0, Avg:  0.0, Max:  0.0, Diff:  0.0, Sum:  0.0, Workers: 5
[2025-05-20T21:02:54.919+0300][16140][14288][debug][gc,phases] GC(0)     Dead                           Min: 0, Avg:  0.0, Max: 0, Diff: 0, Sum: 0, Workers: 5
[2025-05-20T21:02:54.919+0300][16140][14288][debug][gc,phases] GC(0)     Total                          Min: 0, Avg:  0.0, Max: 0, Diff: 0, Sum: 0, Workers: 5
[2025-05-20T21:02:54.919+0300][16140][14288][debug][gc,phases] GC(0)   StringDedup Requests1 Weak     Min:  0.0, Avg:  0.0, Max:  0.0, Diff:  0.0, Sum:  0.0, Workers: 5
[2025-05-20T21:02:54.919+0300][16140][14288][debug][gc,phases] GC(0)     Dead                           Min: 0, Avg:  0.0, Max: 0, Diff: 0, Sum: 0, Workers: 5
[2025-05-20T21:02:54.919+0300][16140][14288][debug][gc,phases] GC(0)     Total                          Min: 0, Avg:  0.0, Max: 0, Diff: 0, Sum: 0, Workers: 5
[2025-05-20T21:02:54.919+0300][16140][14288][debug][gc,phases] GC(0)   Weak JFR Old Object Samples    Min:  0.0, Avg:  0.0, Max:  0.0, Diff:  0.0, Sum:  0.0, Workers: 5
[2025-05-20T21:02:54.919+0300][16140][14288][debug][gc,phases] GC(0)     Dead                           Min: 0, Avg:  0.0, Max: 0, Diff: 0, Sum: 0, Workers: 5
[2025-05-20T21:02:54.919+0300][16140][14288][debug][gc,phases] GC(0)     Total                          Min: 0, Avg:  0.0, Max: 0, Diff: 0, Sum: 0, Workers: 5
[2025-05-20T21:02:54.919+0300][16140][14288][debug][gc,phases] GC(0) Weak Processing 0.435ms
[2025-05-20T21:02:54.919+0300][16140][14288][info ][gc,heap  ] GC(0) PSYoungGen: 230943K(1223168K)->3060K(1223168K) Eden: 230943K(1048576K)->0K(1048576K) From: 0K(174592K)->3060K(174592K)
[2025-05-20T21:02:54.919+0300][16140][14288][info ][gc,heap  ] GC(0) ParOldGen: 0K(2796544K)->16K(2796544K)
[2025-05-20T21:02:54.919+0300][16140][14288][info ][gc       ] GC(0) Pause Young (System.gc()) 225M->3M(3925M) 2.552ms
[2025-05-20T21:02:54.919+0300][16140][14288][debug][gc,heap  ] GC(0) Heap after GC invocations=1 (full 0):
[2025-05-20T21:02:54.919+0300][16140][14288][debug][gc,heap  ] GC(0)  PSYoungGen      total 1223168K, used 3060K [0x00000007aab00000, 0x0000000800000000, 0x0000000800000000)
[2025-05-20T21:02:54.919+0300][16140][14288][debug][gc,heap  ] GC(0)   eden space 1048576K, 0% used [0x00000007aab00000,0x00000007aab00000,0x00000007eab00000)
[2025-05-20T21:02:54.919+0300][16140][14288][debug][gc,heap  ] GC(0)   from space 174592K, 1% used [0x00000007eab00000,0x00000007eadfd190,0x00000007f5580000)
[2025-05-20T21:02:54.919+0300][16140][14288][debug][gc,heap  ] GC(0)   to   space 174592K, 0% used [0x00000007f5580000,0x00000007f5580000,0x0000000800000000)
[2025-05-20T21:02:54.919+0300][16140][14288][debug][gc,heap  ] GC(0)  ParOldGen       total 2796544K, used 16K [0x0000000700000000, 0x00000007aab00000, 0x00000007aab00000)
[2025-05-20T21:02:54.919+0300][16140][14288][debug][gc,heap  ] GC(0)   object space 2796544K, 0% used [0x0000000700000000,0x0000000700004000,0x00000007aab00000)
[2025-05-20T21:02:54.919+0300][16140][14288][debug][gc,heap  ] GC(0)  Metaspace       used 2836K, committed 3072K, reserved 1114112K
[2025-05-20T21:02:54.919+0300][16140][14288][debug][gc,heap  ] GC(0)   class space    used 256K, committed 384K, reserved 1048576K
[2025-05-20T21:02:54.919+0300][16140][14288][debug][gc,heap  ] GC(1) Heap before GC invocations=2 (full 1):
[2025-05-20T21:02:54.919+0300][16140][14288][debug][gc,heap  ] GC(1)  PSYoungGen      total 1223168K, used 3060K [0x00000007aab00000, 0x0000000800000000, 0x0000000800000000)
[2025-05-20T21:02:54.919+0300][16140][14288][debug][gc,heap  ] GC(1)   eden space 1048576K, 0% used [0x00000007aab00000,0x00000007aab00000,0x00000007eab00000)
[2025-05-20T21:02:54.919+0300][16140][14288][debug][gc,heap  ] GC(1)   from space 174592K, 1% used [0x00000007eab00000,0x00000007eadfd190,0x00000007f5580000)
[2025-05-20T21:02:54.919+0300][16140][14288][debug][gc,heap  ] GC(1)   to   space 174592K, 0% used [0x00000007f5580000,0x00000007f5580000,0x0000000800000000)
[2025-05-20T21:02:54.919+0300][16140][14288][debug][gc,heap  ] GC(1)  ParOldGen       total 2796544K, used 16K [0x0000000700000000, 0x00000007aab00000, 0x00000007aab00000)
[2025-05-20T21:02:54.919+0300][16140][14288][debug][gc,heap  ] GC(1)   object space 2796544K, 0% used [0x0000000700000000,0x0000000700004000,0x00000007aab00000)
[2025-05-20T21:02:54.919+0300][16140][14288][debug][gc,heap  ] GC(1)  Metaspace       used 2836K, committed 3072K, reserved 1114112K
[2025-05-20T21:02:54.919+0300][16140][14288][debug][gc,heap  ] GC(1)   class space    used 256K, committed 384K, reserved 1048576K
[2025-05-20T21:02:54.919+0300][16140][14288][debug][gc,phases] GC(1) Pre Compact 0.074ms
[2025-05-20T21:02:54.919+0300][16140][14288][debug][gc,phases] GC(1) Par Mark 1.155ms
[2025-05-20T21:02:54.919+0300][16140][14288][debug][gc,phases] GC(1) Reference Processing 0.131ms
[2025-05-20T21:02:54.919+0300][16140][14288][debug][gc,phases] GC(1)   VM Weak                        Min:  0.0, Avg:  0.0, Max:  0.0, Diff:  0.0, Sum:  0.0, Workers: 5
[2025-05-20T21:02:54.919+0300][16140][14288][debug][gc,phases] GC(1)     Dead                           Min: 0, Avg:  0.0, Max: 0, Diff: 0, Sum: 0, Workers: 5
[2025-05-20T21:02:54.919+0300][16140][14288][debug][gc,phases] GC(1)     Total                          Min: 0, Avg:  4.0, Max: 20, Diff: 20, Sum: 20, Workers: 5
[2025-05-20T21:02:54.919+0300][16140][14288][debug][gc,phases] GC(1)   ObjectSynchronizer Weak        Min:  0.0, Avg:  0.0, Max:  0.0, Diff:  0.0, Sum:  0.0, Workers: 5
[2025-05-20T21:02:54.919+0300][16140][14288][debug][gc,phases] GC(1)     Dead                           Min: 0, Avg:  0.0, Max: 0, Diff: 0, Sum: 0, Workers: 5
[2025-05-20T21:02:54.919+0300][16140][14288][debug][gc,phases] GC(1)     Total                          Min: 0, Avg:  0.2, Max: 1, Diff: 1, Sum: 1, Workers: 5
[2025-05-20T21:02:54.919+0300][16140][14288][debug][gc,phases] GC(1)   JVMTI Tag Weak OopStorage      Min:  0.0, Avg:  0.0, Max:  0.0, Diff:  0.0, Sum:  0.0, Workers: 5
[2025-05-20T21:02:54.919+0300][16140][14288][debug][gc,phases] GC(1)     Dead                           Min: 0, Avg:  0.0, Max: 0, Diff: 0, Sum: 0, Workers: 5
[2025-05-20T21:02:54.919+0300][16140][14288][debug][gc,phases] GC(1)     Total                          Min: 0, Avg:  0.0, Max: 0, Diff: 0, Sum: 0, Workers: 5
[2025-05-20T21:02:54.919+0300][16140][14288][debug][gc,phases] GC(1)   StringTable Weak               Min:  0.0, Avg:  0.0, Max:  0.0, Diff:  0.0, Sum:  0.0, Workers: 5
[2025-05-20T21:02:54.919+0300][16140][14288][debug][gc,phases] GC(1)     Dead                           Min: 0, Avg:  0.0, Max: 0, Diff: 0, Sum: 0, Workers: 5
[2025-05-20T21:02:54.919+0300][16140][14288][debug][gc,phases] GC(1)     Total                          Min: 800, Avg: 851.2, Max: 896, Diff: 96, Sum: 4256, Workers: 5
[2025-05-20T21:02:54.919+0300][16140][14288][debug][gc,phases] GC(1)   ResolvedMethodTable Weak       Min:  0.0, Avg:  0.0, Max:  0.0, Diff:  0.0, Sum:  0.0, Workers: 5
[2025-05-20T21:02:54.919+0300][16140][14288][debug][gc,phases] GC(1)     Dead                           Min: 0, Avg:  0.0, Max: 0, Diff: 0, Sum: 0, Workers: 5
[2025-05-20T21:02:54.919+0300][16140][14288][debug][gc,phases] GC(1)     Total                          Min: 0, Avg: 40.4, Max: 64, Diff: 64, Sum: 202, Workers: 5
[2025-05-20T21:02:54.919+0300][16140][14288][debug][gc,phases] GC(1)   JNI Weak                       Min:  0.0, Avg:  0.0, Max:  0.0, Diff:  0.0, Sum:  0.0, Workers: 5
[2025-05-20T21:02:54.919+0300][16140][14288][debug][gc,phases] GC(1)     Dead                           Min: 0, Avg:  0.0, Max: 0, Diff: 0, Sum: 0, Workers: 5
[2025-05-20T21:02:54.919+0300][16140][14288][debug][gc,phases] GC(1)     Total                          Min: 0, Avg:  0.0, Max: 0, Diff: 0, Sum: 0, Workers: 5
[2025-05-20T21:02:54.919+0300][16140][14288][debug][gc,phases] GC(1)   StringDedup Table Weak         Min:  0.0, Avg:  0.0, Max:  0.0, Diff:  0.0, Sum:  0.0, Workers: 5
[2025-05-20T21:02:54.919+0300][16140][14288][debug][gc,phases] GC(1)     Dead                           Min: 0, Avg:  0.0, Max: 0, Diff: 0, Sum: 0, Workers: 5
[2025-05-20T21:02:54.919+0300][16140][14288][debug][gc,phases] GC(1)     Total                          Min: 0, Avg:  0.0, Max: 0, Diff: 0, Sum: 0, Workers: 5
[2025-05-20T21:02:54.919+0300][16140][14288][debug][gc,phases] GC(1)   StringDedup Requests0 Weak     Min:  0.0, Avg:  0.0, Max:  0.0, Diff:  0.0, Sum:  0.0, Workers: 5
[2025-05-20T21:02:54.919+0300][16140][14288][debug][gc,phases] GC(1)     Dead                           Min: 0, Avg:  0.0, Max: 0, Diff: 0, Sum: 0, Workers: 5
[2025-05-20T21:02:54.919+0300][16140][14288][debug][gc,phases] GC(1)     Total                          Min: 0, Avg:  0.0, Max: 0, Diff: 0, Sum: 0, Workers: 5
[2025-05-20T21:02:54.919+0300][16140][14288][debug][gc,phases] GC(1)   StringDedup Requests1 Weak     Min:  0.0, Avg:  0.0, Max:  0.0, Diff:  0.0, Sum:  0.0, Workers: 5
[2025-05-20T21:02:54.919+0300][16140][14288][debug][gc,phases] GC(1)     Dead                           Min: 0, Avg:  0.0, Max: 0, Diff: 0, Sum: 0, Workers: 5
[2025-05-20T21:02:54.919+0300][16140][14288][debug][gc,phases] GC(1)     Total                          Min: 0, Avg:  0.0, Max: 0, Diff: 0, Sum: 0, Workers: 5
[2025-05-20T21:02:54.919+0300][16140][14288][debug][gc,phases] GC(1)   Weak JFR Old Object Samples    Min:  0.0, Avg:  0.0, Max:  0.0, Diff:  0.0, Sum:  0.0, Workers: 5
[2025-05-20T21:02:54.919+0300][16140][14288][debug][gc,phases] GC(1)     Dead                           Min: 0, Avg:  0.0, Max: 0, Diff: 0, Sum: 0, Workers: 5
[2025-05-20T21:02:54.919+0300][16140][14288][debug][gc,phases] GC(1)     Total                          Min: 0, Avg:  0.0, Max: 0, Diff: 0, Sum: 0, Workers: 5
[2025-05-20T21:02:54.919+0300][16140][14288][debug][gc,phases] GC(1) Weak Processing 0.424ms
[2025-05-20T21:02:54.919+0300][16140][14288][debug][gc,phases] GC(1) ClassLoaderData 0.005ms
[2025-05-20T21:02:54.919+0300][16140][14288][debug][gc,phases] GC(1) Trigger cleanups 0.000ms
[2025-05-20T21:02:54.919+0300][16140][14288][debug][gc,phases] GC(1) Purge Unlinked NMethods 0.001ms
[2025-05-20T21:02:54.919+0300][16140][14288][debug][gc,phases] GC(1) Unregister NMethods 0.002ms
[2025-05-20T21:02:54.919+0300][16140][14288][debug][gc,phases] GC(1) Free Code Blobs 0.001ms
[2025-05-20T21:02:54.919+0300][16140][14288][debug][gc,phases] GC(1) Class Unloading 0.826ms
[2025-05-20T21:02:54.919+0300][16140][14288][debug][gc,phases] GC(1) Report Object Count 0.002ms
[2025-05-20T21:02:54.919+0300][16140][14288][info ][gc,phases] GC(1) Marking Phase 2.640ms
[2025-05-20T21:02:54.919+0300][16140][14288][info ][gc,phases] GC(1) Summary Phase 0.001ms
[2025-05-20T21:02:54.919+0300][16140][14288][info ][gc,phases] GC(1) Adjust Roots 0.974ms
[2025-05-20T21:02:54.931+0300][16140][14288][info ][gc,phases] GC(1) Compaction Phase 2.734ms
[2025-05-20T21:02:54.931+0300][16140][14288][debug][gc,phases] GC(1) Purge Class Loader Data 0.032ms
[2025-05-20T21:02:54.931+0300][16140][14288][info ][gc,phases] GC(1) Post Compact 0.248ms
[2025-05-20T21:02:54.931+0300][16140][14288][info ][gc,heap  ] GC(1) PSYoungGen: 3060K(1223168K)->0K(1223168K) Eden: 0K(1048576K)->0K(1048576K) From: 3060K(174592K)->0K(174592K)
[2025-05-20T21:02:54.931+0300][16140][14288][info ][gc,heap  ] GC(1) ParOldGen: 16K(2796544K)->2947K(2796544K)
[2025-05-20T21:02:54.931+0300][16140][14288][info ][gc       ] GC(1) Pause Full (System.gc()) 3M->2M(3925M) 6.713ms
[2025-05-20T21:02:54.931+0300][16140][14288][debug][gc,heap  ] GC(1) Heap after GC invocations=2 (full 1):
[2025-05-20T21:02:54.931+0300][16140][14288][debug][gc,heap  ] GC(1)  PSYoungGen      total 1223168K, used 0K [0x00000007aab00000, 0x0000000800000000, 0x0000000800000000)
[2025-05-20T21:02:54.931+0300][16140][14288][debug][gc,heap  ] GC(1)   eden space 1048576K, 0% used [0x00000007aab00000,0x00000007aab00000,0x00000007eab00000)
[2025-05-20T21:02:54.931+0300][16140][14288][debug][gc,heap  ] GC(1)   from space 174592K, 0% used [0x00000007eab00000,0x00000007eab00000,0x00000007f5580000)
[2025-05-20T21:02:54.931+0300][16140][14288][debug][gc,heap  ] GC(1)   to   space 174592K, 0% used [0x00000007f5580000,0x00000007f5580000,0x0000000800000000)
[2025-05-20T21:02:54.931+0300][16140][14288][debug][gc,heap  ] GC(1)  ParOldGen       total 2796544K, used 2947K [0x0000000700000000, 0x00000007aab00000, 0x00000007aab00000)
[2025-05-20T21:02:54.931+0300][16140][14288][debug][gc,heap  ] GC(1)   object space 2796544K, 0% used [0x0000000700000000,0x00000007002e0e88,0x00000007aab00000)
[2025-05-20T21:02:54.931+0300][16140][14288][debug][gc,heap  ] GC(1)  Metaspace       used 2836K, committed 3072K, reserved 1114112K
[2025-05-20T21:02:54.931+0300][16140][14288][debug][gc,heap  ] GC(1)   class space    used 256K, committed 384K, reserved 1048576K
[2025-05-20T21:02:54.931+0300][16140][14288][info ][safepoint] Safepoint "ParallelGCSystemGC", Time since last: 762553600 ns, Reaching safepoint: 984400 ns, Cleanup: 33300 ns, At safepoint: 9682300 ns, Total: 10700000 ns
[2025-05-20T21:02:55.245+0300][16140][14288][debug][safepoint] Safepoint synchronization initiated using striped semaphore wait barrier. (21 threads)
[2025-05-20T21:02:55.245+0300][16140][11488][debug][safepoint] ... found polling page loop exception at pc = 0x00000229131a5158, stub =0x000002291a435600
[2025-05-20T21:02:55.245+0300][16140][14604][debug][safepoint] ... found polling page loop exception at pc = 0x00000229131a5158, stub =0x000002291a435600
[2025-05-20T21:02:55.245+0300][16140][9312 ][debug][safepoint] ... found polling page loop exception at pc = 0x00000229131a5158, stub =0x000002291a435600
[2025-05-20T21:02:55.245+0300][16140][14288][info ][safepoint] Safepoint "ICBufferFull", Time since last: 313609800 ns, Reaching safepoint: 223800 ns, Cleanup: 91000 ns, At safepoint: 39500 ns, Total: 354300 ns
[2025-05-20T21:02:55.409+0300][16140][14288][debug][safepoint] Safepoint synchronization initiated using striped semaphore wait barrier. (21 threads)
[2025-05-20T21:02:55.409+0300][16140][13308][debug][safepoint] ... found polling page loop exception at pc = 0x000002291aa34de0, stub =0x000002291a434d80
[2025-05-20T21:02:55.409+0300][16140][14288][info ][safepoint] Safepoint "ICBufferFull", Time since last: 163420100 ns, Reaching safepoint: 133900 ns, Cleanup: 101100 ns, At safepoint: 13100 ns, Total: 248100 ns
[2025-05-20T21:02:55.409+0300][16140][14288][debug][safepoint] Safepoint synchronization initiated using striped semaphore wait barrier. (21 threads)
[2025-05-20T21:02:55.409+0300][16140][14288][info ][safepoint] Safepoint "ICBufferFull", Time since last: 73800 ns, Reaching safepoint: 34600 ns, Cleanup: 5400 ns, At safepoint: 12200 ns, Total: 52200 ns
[2025-05-20T21:02:55.409+0300][16140][14288][debug][safepoint] Safepoint synchronization initiated using striped semaphore wait barrier. (21 threads)
[2025-05-20T21:02:55.409+0300][16140][14304][debug][safepoint] ... found polling page loop exception at pc = 0x000002291aa34de0, stub =0x000002291a434d80
[2025-05-20T21:02:55.409+0300][16140][14288][info ][safepoint] Safepoint "ICBufferFull", Time since last: 119600 ns, Reaching safepoint: 79600 ns, Cleanup: 4800 ns, At safepoint: 17800 ns, Total: 102200 ns
[2025-05-20T21:02:55.409+0300][16140][14288][debug][safepoint] Safepoint synchronization initiated using striped semaphore wait barrier. (21 threads)
[2025-05-20T21:02:55.409+0300][16140][14304][debug][safepoint] ... found polling page loop exception at pc = 0x000002291aa34de0, stub =0x000002291a434d80
[2025-05-20T21:02:55.409+0300][16140][1112 ][debug][safepoint] ... found polling page loop exception at pc = 0x000002291320e7cb, stub =0x000002291a435600
[2025-05-20T21:02:55.409+0300][16140][14288][info ][safepoint] Safepoint "ICBufferFull", Time since last: 765200 ns, Reaching safepoint: 124800 ns, Cleanup: 2400 ns, At safepoint: 16100 ns, Total: 143300 ns
[2025-05-20T21:02:55.409+0300][16140][14288][debug][safepoint] Safepoint synchronization initiated using striped semaphore wait barrier. (21 threads)
[2025-05-20T21:02:55.409+0300][16140][14304][debug][safepoint] ... found polling page loop exception at pc = 0x000002291aa34de0, stub =0x000002291a434d80
[2025-05-20T21:02:55.409+0300][16140][14288][info ][safepoint] Safepoint "ICBufferFull", Time since last: 47600 ns, Reaching safepoint: 78200 ns, Cleanup: 3300 ns, At safepoint: 12900 ns, Total: 94400 ns
[2025-05-20T21:02:56.060+0300][16140][14288][debug][safepoint] Safepoint synchronization initiated using striped semaphore wait barrier. (21 threads)
[2025-05-20T21:02:56.060+0300][16140][1492 ][debug][safepoint] ... found polling page loop exception at pc = 0x000002291aa34de0, stub =0x000002291a434d80
[2025-05-20T21:02:56.060+0300][16140][14304][debug][safepoint] ... found polling page loop exception at pc = 0x000002291aa34de0, stub =0x000002291a434d80
[2025-05-20T21:02:56.062+0300][16140][14288][debug][gc,heap  ] GC(2) Heap before GC invocations=3 (full 1):
[2025-05-20T21:02:56.062+0300][16140][14288][debug][gc,heap  ] GC(2)  PSYoungGen      total 1223168K, used 1048576K [0x00000007aab00000, 0x0000000800000000, 0x0000000800000000)
[2025-05-20T21:02:56.062+0300][16140][14288][debug][gc,heap  ] GC(2)   eden space 1048576K, 100% used [0x00000007aab00000,0x00000007eab00000,0x00000007eab00000)
[2025-05-20T21:02:56.062+0300][16140][14288][debug][gc,heap  ] GC(2)   from space 174592K, 0% used [0x00000007eab00000,0x00000007eab00000,0x00000007f5580000)
[2025-05-20T21:02:56.062+0300][16140][14288][debug][gc,heap  ] GC(2)   to   space 174592K, 0% used [0x00000007f5580000,0x00000007f5580000,0x0000000800000000)
[2025-05-20T21:02:56.062+0300][16140][14288][debug][gc,heap  ] GC(2)  ParOldGen       total 2796544K, used 2947K [0x0000000700000000, 0x00000007aab00000, 0x00000007aab00000)
[2025-05-20T21:02:56.062+0300][16140][14288][debug][gc,heap  ] GC(2)   object space 2796544K, 0% used [0x0000000700000000,0x00000007002e0e88,0x00000007aab00000)
[2025-05-20T21:02:56.062+0300][16140][14288][debug][gc,heap  ] GC(2)  Metaspace       used 8873K, committed 9408K, reserved 1114112K
[2025-05-20T21:02:56.062+0300][16140][14288][debug][gc,heap  ] GC(2)   class space    used 977K, committed 1216K, reserved 1048576K
[2025-05-20T21:02:56.064+0300][16140][14288][debug][gc,phases] GC(2) Scavenge 2.201ms
[2025-05-20T21:02:56.064+0300][16140][14288][debug][gc,phases] GC(2) Reference Processing 0.159ms
[2025-05-20T21:02:56.064+0300][16140][14288][debug][gc,phases] GC(2)   VM Weak                        Min:  0.0, Avg:  0.0, Max:  0.0, Diff:  0.0, Sum:  0.1, Workers: 8
[2025-05-20T21:02:56.064+0300][16140][14288][debug][gc,phases] GC(2)     Dead                           Min: 0, Avg:  0.0, Max: 0, Diff: 0, Sum: 0, Workers: 8
[2025-05-20T21:02:56.064+0300][16140][14288][debug][gc,phases] GC(2)     Total                          Min: 0, Avg: 46.2, Max: 64, Diff: 64, Sum: 370, Workers: 8
[2025-05-20T21:02:56.064+0300][16140][14288][debug][gc,phases] GC(2)   ObjectSynchronizer Weak        Min:  0.0, Avg:  0.0, Max:  0.0, Diff:  0.0, Sum:  0.0, Workers: 8
[2025-05-20T21:02:56.064+0300][16140][14288][debug][gc,phases] GC(2)     Dead                           Min: 0, Avg: 14.0, Max: 58, Diff: 58, Sum: 112, Workers: 8
[2025-05-20T21:02:56.064+0300][16140][14288][debug][gc,phases] GC(2)     Total                          Min: 0, Avg: 18.6, Max: 85, Diff: 85, Sum: 149, Workers: 8
[2025-05-20T21:02:56.064+0300][16140][14288][debug][gc,phases] GC(2)   JVMTI Tag Weak OopStorage      Min:  0.0, Avg:  0.0, Max:  0.0, Diff:  0.0, Sum:  0.0, Workers: 8
[2025-05-20T21:02:56.064+0300][16140][14288][debug][gc,phases] GC(2)     Dead                           Min: 0, Avg:  0.0, Max: 0, Diff: 0, Sum: 0, Workers: 8
[2025-05-20T21:02:56.064+0300][16140][14288][debug][gc,phases] GC(2)     Total                          Min: 0, Avg:  0.0, Max: 0, Diff: 0, Sum: 0, Workers: 8
[2025-05-20T21:02:56.064+0300][16140][14288][debug][gc,phases] GC(2)   StringTable Weak               Min:  0.0, Avg:  0.0, Max:  0.0, Diff:  0.0, Sum:  0.2, Workers: 8
[2025-05-20T21:02:56.064+0300][16140][14288][debug][gc,phases] GC(2)     Dead                           Min: 0, Avg:  1.0, Max: 4, Diff: 4, Sum: 8, Workers: 8
[2025-05-20T21:02:56.064+0300][16140][14288][debug][gc,phases] GC(2)     Total                          Min: 0, Avg: 769.8, Max: 1230, Diff: 1230, Sum: 6158, Workers: 8
[2025-05-20T21:02:56.064+0300][16140][14288][debug][gc,phases] GC(2)   ResolvedMethodTable Weak       Min:  0.0, Avg:  0.0, Max:  0.0, Diff:  0.0, Sum:  0.1, Workers: 8
[2025-05-20T21:02:56.064+0300][16140][14288][debug][gc,phases] GC(2)     Dead                           Min: 0, Avg: 36.2, Max: 79, Diff: 79, Sum: 290, Workers: 8
[2025-05-20T21:02:56.064+0300][16140][14288][debug][gc,phases] GC(2)     Total                          Min: 0, Avg: 109.2, Max: 192, Diff: 192, Sum: 874, Workers: 8
[2025-05-20T21:02:56.064+0300][16140][14288][debug][gc,phases] GC(2)   JNI Weak                       Min:  0.0, Avg:  0.0, Max:  0.0, Diff:  0.0, Sum:  0.0, Workers: 8
[2025-05-20T21:02:56.064+0300][16140][14288][debug][gc,phases] GC(2)     Dead                           Min: 0, Avg:  0.0, Max: 0, Diff: 0, Sum: 0, Workers: 8
[2025-05-20T21:02:56.064+0300][16140][14288][debug][gc,phases] GC(2)     Total                          Min: 0, Avg:  5.2, Max: 42, Diff: 42, Sum: 42, Workers: 8
[2025-05-20T21:02:56.064+0300][16140][14288][debug][gc,phases] GC(2)   StringDedup Table Weak         Min:  0.0, Avg:  0.0, Max:  0.0, Diff:  0.0, Sum:  0.0, Workers: 8
[2025-05-20T21:02:56.064+0300][16140][14288][debug][gc,phases] GC(2)     Dead                           Min: 0, Avg:  0.0, Max: 0, Diff: 0, Sum: 0, Workers: 8
[2025-05-20T21:02:56.064+0300][16140][14288][debug][gc,phases] GC(2)     Total                          Min: 0, Avg:  0.0, Max: 0, Diff: 0, Sum: 0, Workers: 8
[2025-05-20T21:02:56.064+0300][16140][14288][debug][gc,phases] GC(2)   StringDedup Requests0 Weak     Min:  0.0, Avg:  0.0, Max:  0.0, Diff:  0.0, Sum:  0.0, Workers: 8
[2025-05-20T21:02:56.064+0300][16140][14288][debug][gc,phases] GC(2)     Dead                           Min: 0, Avg:  0.0, Max: 0, Diff: 0, Sum: 0, Workers: 8
[2025-05-20T21:02:56.064+0300][16140][14288][debug][gc,phases] GC(2)     Total                          Min: 0, Avg:  0.0, Max: 0, Diff: 0, Sum: 0, Workers: 8
[2025-05-20T21:02:56.064+0300][16140][14288][debug][gc,phases] GC(2)   StringDedup Requests1 Weak     Min:  0.0, Avg:  0.0, Max:  0.0, Diff:  0.0, Sum:  0.0, Workers: 8
[2025-05-20T21:02:56.064+0300][16140][14288][debug][gc,phases] GC(2)     Dead                           Min: 0, Avg:  0.0, Max: 0, Diff: 0, Sum: 0, Workers: 8
[2025-05-20T21:02:56.064+0300][16140][14288][debug][gc,phases] GC(2)     Total                          Min: 0, Avg:  0.0, Max: 0, Diff: 0, Sum: 0, Workers: 8
[2025-05-20T21:02:56.064+0300][16140][14288][debug][gc,phases] GC(2)   Weak JFR Old Object Samples    Min:  0.0, Avg:  0.0, Max:  0.0, Diff:  0.0, Sum:  0.0, Workers: 8
[2025-05-20T21:02:56.064+0300][16140][14288][debug][gc,phases] GC(2)     Dead                           Min: 0, Avg:  0.0, Max: 0, Diff: 0, Sum: 0, Workers: 8
[2025-05-20T21:02:56.064+0300][16140][14288][debug][gc,phases] GC(2)     Total                          Min: 0, Avg:  0.0, Max: 0, Diff: 0, Sum: 0, Workers: 8
[2025-05-20T21:02:56.064+0300][16140][14288][debug][gc,phases] GC(2) Weak Processing 0.595ms
[2025-05-20T21:02:56.064+0300][16140][14288][info ][gc,heap  ] GC(2) PSYoungGen: 1048576K(1223168K)->7713K(1223168K) Eden: 1048576K(1048576K)->0K(1048576K) From: 0K(174592K)->7713K(174592K)
[2025-05-20T21:02:56.064+0300][16140][14288][info ][gc,heap  ] GC(2) ParOldGen: 2947K(2796544K)->3107K(2796544K)
[2025-05-20T21:02:56.064+0300][16140][14288][info ][gc       ] GC(2) Pause Young (Allocation Failure) 1026M->10M(3925M) 3.163ms
[2025-05-20T21:02:56.064+0300][16140][14288][debug][gc,heap  ] GC(2) Heap after GC invocations=3 (full 1):
[2025-05-20T21:02:56.064+0300][16140][14288][debug][gc,heap  ] GC(2)  PSYoungGen      total 1223168K, used 7713K [0x00000007aab00000, 0x0000000800000000, 0x0000000800000000)
[2025-05-20T21:02:56.064+0300][16140][14288][debug][gc,heap  ] GC(2)   eden space 1048576K, 0% used [0x00000007aab00000,0x00000007aab00000,0x00000007eab00000)
[2025-05-20T21:02:56.064+0300][16140][14288][debug][gc,heap  ] GC(2)   from space 174592K, 4% used [0x00000007f5580000,0x00000007f5d08490,0x0000000800000000)
[2025-05-20T21:02:56.064+0300][16140][14288][debug][gc,heap  ] GC(2)   to   space 174592K, 0% used [0x00000007eab00000,0x00000007eab00000,0x00000007f5580000)
[2025-05-20T21:02:56.064+0300][16140][14288][debug][gc,heap  ] GC(2)  ParOldGen       total 2796544K, used 3107K [0x0000000700000000, 0x00000007aab00000, 0x00000007aab00000)
[2025-05-20T21:02:56.064+0300][16140][14288][debug][gc,heap  ] GC(2)   object space 2796544K, 0% used [0x0000000700000000,0x0000000700308eb0,0x00000007aab00000)
[2025-05-20T21:02:56.064+0300][16140][14288][debug][gc,heap  ] GC(2)  Metaspace       used 8873K, committed 9408K, reserved 1114112K
[2025-05-20T21:02:56.064+0300][16140][14288][debug][gc,heap  ] GC(2)   class space    used 977K, committed 1216K, reserved 1048576K
[2025-05-20T21:02:56.064+0300][16140][14288][info ][safepoint] Safepoint "ParallelGCFailedAllocation", Time since last: 650973000 ns, Reaching safepoint: 382100 ns, Cleanup: 80200 ns, At safepoint: 3550000 ns, Total: 4012300 ns
[2025-05-20T21:02:56.493+0300][16140][14288][debug][safepoint] Safepoint synchronization initiated using striped semaphore wait barrier. (21 threads)
[2025-05-20T21:02:56.493+0300][16140][14304][debug][safepoint] ... found polling page loop exception at pc = 0x000002291aa6ea70, stub =0x000002291a434d80
[2025-05-20T21:02:56.493+0300][16140][11488][debug][safepoint] ... found polling page loop exception at pc = 0x000002291aa34de0, stub =0x000002291a434d80
[2025-05-20T21:02:56.493+0300][16140][1492 ][debug][safepoint] ... found polling page loop exception at pc = 0x000002291aa34de0, stub =0x000002291a434d80
[2025-05-20T21:02:56.495+0300][16140][13308][debug][safepoint] ... found polling page loop exception at pc = 0x000002291aa34de0, stub =0x000002291a434d80
[2025-05-20T21:02:56.495+0300][16140][14288][debug][gc,heap  ] GC(3) Heap before GC invocations=4 (full 1):
[2025-05-20T21:02:56.495+0300][16140][14288][debug][gc,heap  ] GC(3)  PSYoungGen      total 1223168K, used 1056289K [0x00000007aab00000, 0x0000000800000000, 0x0000000800000000)
[2025-05-20T21:02:56.495+0300][16140][14288][debug][gc,heap  ] GC(3)   eden space 1048576K, 100% used [0x00000007aab00000,0x00000007eab00000,0x00000007eab00000)
[2025-05-20T21:02:56.495+0300][16140][14288][debug][gc,heap  ] GC(3)   from space 174592K, 4% used [0x00000007f5580000,0x00000007f5d08490,0x0000000800000000)
[2025-05-20T21:02:56.495+0300][16140][14288][debug][gc,heap  ] GC(3)   to   space 174592K, 0% used [0x00000007eab00000,0x00000007eab00000,0x00000007f5580000)
[2025-05-20T21:02:56.495+0300][16140][14288][debug][gc,heap  ] GC(3)  ParOldGen       total 2796544K, used 3107K [0x0000000700000000, 0x00000007aab00000, 0x00000007aab00000)
[2025-05-20T21:02:56.495+0300][16140][14288][debug][gc,heap  ] GC(3)   object space 2796544K, 0% used [0x0000000700000000,0x0000000700308eb0,0x00000007aab00000)
[2025-05-20T21:02:56.495+0300][16140][14288][debug][gc,heap  ] GC(3)  Metaspace       used 8925K, committed 9472K, reserved 1114112K
[2025-05-20T21:02:56.495+0300][16140][14288][debug][gc,heap  ] GC(3)   class space    used 978K, committed 1216K, reserved 1048576K
[2025-05-20T21:02:56.496+0300][16140][14288][debug][gc,phases] GC(3) Scavenge 1.401ms
[2025-05-20T21:02:56.496+0300][16140][14288][debug][gc,phases] GC(3) Reference Processing 0.078ms
[2025-05-20T21:02:56.496+0300][16140][14288][debug][gc,phases] GC(3)   VM Weak                        Min:  0.0, Avg:  0.0, Max:  0.0, Diff:  0.0, Sum:  0.0, Workers: 8
[2025-05-20T21:02:56.496+0300][16140][14288][debug][gc,phases] GC(3)     Dead                           Min: 0, Avg:  0.0, Max: 0, Diff: 0, Sum: 0, Workers: 8
[2025-05-20T21:02:56.496+0300][16140][14288][debug][gc,phases] GC(3)     Total                          Min: 0, Avg: 46.5, Max: 64, Diff: 64, Sum: 372, Workers: 8
[2025-05-20T21:02:56.496+0300][16140][14288][debug][gc,phases] GC(3)   ObjectSynchronizer Weak        Min:  0.0, Avg:  0.0, Max:  0.0, Diff:  0.0, Sum:  0.0, Workers: 8
[2025-05-20T21:02:56.496+0300][16140][14288][debug][gc,phases] GC(3)     Dead                           Min: 0, Avg:  0.0, Max: 0, Diff: 0, Sum: 0, Workers: 8
[2025-05-20T21:02:56.496+0300][16140][14288][debug][gc,phases] GC(3)     Total                          Min: 0, Avg: 18.6, Max: 85, Diff: 85, Sum: 149, Workers: 8
[2025-05-20T21:02:56.496+0300][16140][14288][debug][gc,phases] GC(3)   JVMTI Tag Weak OopStorage      Min:  0.0, Avg:  0.0, Max:  0.0, Diff:  0.0, Sum:  0.0, Workers: 8
[2025-05-20T21:02:56.496+0300][16140][14288][debug][gc,phases] GC(3)     Dead                           Min: 0, Avg:  0.0, Max: 0, Diff: 0, Sum: 0, Workers: 8
[2025-05-20T21:02:56.496+0300][16140][14288][debug][gc,phases] GC(3)     Total                          Min: 0, Avg:  0.0, Max: 0, Diff: 0, Sum: 0, Workers: 8
[2025-05-20T21:02:56.496+0300][16140][14288][debug][gc,phases] GC(3)   StringTable Weak               Min:  0.0, Avg:  0.0, Max:  0.0, Diff:  0.0, Sum:  0.1, Workers: 8
[2025-05-20T21:02:56.496+0300][16140][14288][debug][gc,phases] GC(3)     Dead                           Min: 0, Avg:  0.1, Max: 1, Diff: 1, Sum: 1, Workers: 8
[2025-05-20T21:02:56.496+0300][16140][14288][debug][gc,phases] GC(3)     Total                          Min: 0, Avg: 775.9, Max: 1088, Diff: 1088, Sum: 6207, Workers: 8
[2025-05-20T21:02:56.496+0300][16140][14288][debug][gc,phases] GC(3)   ResolvedMethodTable Weak       Min:  0.0, Avg:  0.0, Max:  0.0, Diff:  0.0, Sum:  0.0, Workers: 8
[2025-05-20T21:02:56.496+0300][16140][14288][debug][gc,phases] GC(3)     Dead                           Min: 0, Avg:  0.0, Max: 0, Diff: 0, Sum: 0, Workers: 8
[2025-05-20T21:02:56.496+0300][16140][14288][debug][gc,phases] GC(3)     Total                          Min: 0, Avg: 109.5, Max: 256, Diff: 256, Sum: 876, Workers: 8
[2025-05-20T21:02:56.496+0300][16140][14288][debug][gc,phases] GC(3)   JNI Weak                       Min:  0.0, Avg:  0.0, Max:  0.0, Diff:  0.0, Sum:  0.0, Workers: 8
[2025-05-20T21:02:56.496+0300][16140][14288][debug][gc,phases] GC(3)     Dead                           Min: 0, Avg:  0.0, Max: 0, Diff: 0, Sum: 0, Workers: 8
[2025-05-20T21:02:56.496+0300][16140][14288][debug][gc,phases] GC(3)     Total                          Min: 0, Avg:  5.2, Max: 42, Diff: 42, Sum: 42, Workers: 8
[2025-05-20T21:02:56.496+0300][16140][14288][debug][gc,phases] GC(3)   StringDedup Table Weak         Min:  0.0, Avg:  0.0, Max:  0.0, Diff:  0.0, Sum:  0.0, Workers: 8
[2025-05-20T21:02:56.496+0300][16140][14288][debug][gc,phases] GC(3)     Dead                           Min: 0, Avg:  0.0, Max: 0, Diff: 0, Sum: 0, Workers: 8
[2025-05-20T21:02:56.496+0300][16140][14288][debug][gc,phases] GC(3)     Total                          Min: 0, Avg:  0.0, Max: 0, Diff: 0, Sum: 0, Workers: 8
[2025-05-20T21:02:56.496+0300][16140][14288][debug][gc,phases] GC(3)   StringDedup Requests0 Weak     Min:  0.0, Avg:  0.0, Max:  0.0, Diff:  0.0, Sum:  0.0, Workers: 8
[2025-05-20T21:02:56.496+0300][16140][14288][debug][gc,phases] GC(3)     Dead                           Min: 0, Avg:  0.0, Max: 0, Diff: 0, Sum: 0, Workers: 8
[2025-05-20T21:02:56.496+0300][16140][14288][debug][gc,phases] GC(3)     Total                          Min: 0, Avg:  0.0, Max: 0, Diff: 0, Sum: 0, Workers: 8
[2025-05-20T21:02:56.496+0300][16140][14288][debug][gc,phases] GC(3)   StringDedup Requests1 Weak     Min:  0.0, Avg:  0.0, Max:  0.0, Diff:  0.0, Sum:  0.0, Workers: 8
[2025-05-20T21:02:56.496+0300][16140][14288][debug][gc,phases] GC(3)     Dead                           Min: 0, Avg:  0.0, Max: 0, Diff: 0, Sum: 0, Workers: 8
[2025-05-20T21:02:56.496+0300][16140][14288][debug][gc,phases] GC(3)     Total                          Min: 0, Avg:  0.0, Max: 0, Diff: 0, Sum: 0, Workers: 8
[2025-05-20T21:02:56.496+0300][16140][14288][debug][gc,phases] GC(3)   Weak JFR Old Object Samples    Min:  0.0, Avg:  0.0, Max:  0.0, Diff:  0.0, Sum:  0.0, Workers: 8
[2025-05-20T21:02:56.496+0300][16140][14288][debug][gc,phases] GC(3)     Dead                           Min: 0, Avg:  0.0, Max: 0, Diff: 0, Sum: 0, Workers: 8
[2025-05-20T21:02:56.496+0300][16140][14288][debug][gc,phases] GC(3)     Total                          Min: 0, Avg:  0.0, Max: 0, Diff: 0, Sum: 0, Workers: 8
[2025-05-20T21:02:56.496+0300][16140][14288][debug][gc,phases] GC(3) Weak Processing 0.535ms
[2025-05-20T21:02:56.496+0300][16140][14288][info ][gc,heap  ] GC(3) PSYoungGen: 1056289K(1223168K)->7760K(1223168K) Eden: 1048576K(1048576K)->0K(1048576K) From: 7713K(174592K)->7760K(174592K)
[2025-05-20T21:02:56.496+0300][16140][14288][info ][gc,heap  ] GC(3) ParOldGen: 3107K(2796544K)->3132K(2796544K)
[2025-05-20T21:02:56.496+0300][16140][14288][info ][gc       ] GC(3) Pause Young (Allocation Failure) 1034M->10M(3925M) 2.143ms
[2025-05-20T21:02:56.496+0300][16140][14288][debug][gc,heap  ] GC(3) Heap after GC invocations=4 (full 1):
[2025-05-20T21:02:56.496+0300][16140][14288][debug][gc,heap  ] GC(3)  PSYoungGen      total 1223168K, used 7760K [0x00000007aab00000, 0x0000000800000000, 0x0000000800000000)
[2025-05-20T21:02:56.496+0300][16140][14288][debug][gc,heap  ] GC(3)   eden space 1048576K, 0% used [0x00000007aab00000,0x00000007aab00000,0x00000007eab00000)
[2025-05-20T21:02:56.496+0300][16140][14288][debug][gc,heap  ] GC(3)   from space 174592K, 4% used [0x00000007eab00000,0x00000007eb294060,0x00000007f5580000)
[2025-05-20T21:02:56.496+0300][16140][14288][debug][gc,heap  ] GC(3)   to   space 174592K, 0% used [0x00000007f5580000,0x00000007f5580000,0x0000000800000000)
[2025-05-20T21:02:56.496+0300][16140][14288][debug][gc,heap  ] GC(3)  ParOldGen       total 2796544K, used 3132K [0x0000000700000000, 0x00000007aab00000, 0x00000007aab00000)
[2025-05-20T21:02:56.496+0300][16140][14288][debug][gc,heap  ] GC(3)   object space 2796544K, 0% used [0x0000000700000000,0x000000070030f2c0,0x00000007aab00000)
[2025-05-20T21:02:56.496+0300][16140][14288][debug][gc,heap  ] GC(3)  Metaspace       used 8925K, committed 9472K, reserved 1114112K
[2025-05-20T21:02:56.496+0300][16140][14288][debug][gc,heap  ] GC(3)   class space    used 978K, committed 1216K, reserved 1048576K
[2025-05-20T21:02:56.498+0300][16140][14288][info ][safepoint] Safepoint "ParallelGCFailedAllocation", Time since last: 428545700 ns, Reaching safepoint: 732200 ns, Cleanup: 27800 ns, At safepoint: 2527100 ns, Total: 3287100 ns
[2025-05-20T21:02:56.861+0300][16140][14288][debug][safepoint] Safepoint synchronization initiated using striped semaphore wait barrier. (21 threads)
[2025-05-20T21:02:56.861+0300][16140][1112 ][debug][safepoint] ... found polling page loop exception at pc = 0x000002291aa34de0, stub =0x000002291a434d80
[2025-05-20T21:02:56.861+0300][16140][1492 ][debug][safepoint] ... found polling page loop exception at pc = 0x000002291aa6e452, stub =0x000002291a434d80
[2025-05-20T21:02:56.861+0300][16140][14288][debug][gc,heap  ] GC(4) Heap before GC invocations=5 (full 1):
[2025-05-20T21:02:56.861+0300][16140][14288][debug][gc,heap  ] GC(4)  PSYoungGen      total 1223168K, used 1056336K [0x00000007aab00000, 0x0000000800000000, 0x0000000800000000)
[2025-05-20T21:02:56.861+0300][16140][14288][debug][gc,heap  ] GC(4)   eden space 1048576K, 100% used [0x00000007aab00000,0x00000007eab00000,0x00000007eab00000)
[2025-05-20T21:02:56.861+0300][16140][14288][debug][gc,heap  ] GC(4)   from space 174592K, 4% used [0x00000007eab00000,0x00000007eb294060,0x00000007f5580000)
[2025-05-20T21:02:56.861+0300][16140][14288][debug][gc,heap  ] GC(4)   to   space 174592K, 0% used [0x00000007f5580000,0x00000007f5580000,0x0000000800000000)
[2025-05-20T21:02:56.861+0300][16140][14288][debug][gc,heap  ] GC(4)  ParOldGen       total 2796544K, used 3132K [0x0000000700000000, 0x00000007aab00000, 0x00000007aab00000)
[2025-05-20T21:02:56.861+0300][16140][14288][debug][gc,heap  ] GC(4)   object space 2796544K, 0% used [0x0000000700000000,0x000000070030f2c0,0x00000007aab00000)
[2025-05-20T21:02:56.861+0300][16140][14288][debug][gc,heap  ] GC(4)  Metaspace       used 8968K, committed 9536K, reserved 1114112K
[2025-05-20T21:02:56.861+0300][16140][14288][debug][gc,heap  ] GC(4)   class space    used 978K, committed 1216K, reserved 1048576K
[2025-05-20T21:02:56.863+0300][16140][14288][debug][gc,phases] GC(4) Scavenge 1.155ms
[2025-05-20T21:02:56.863+0300][16140][14288][debug][gc,phases] GC(4) Reference Processing 0.088ms
[2025-05-20T21:02:56.863+0300][16140][14288][debug][gc,phases] GC(4)   VM Weak                        Min:  0.0, Avg:  0.0, Max:  0.0, Diff:  0.0, Sum:  0.0, Workers: 8
[2025-05-20T21:02:56.863+0300][16140][14288][debug][gc,phases] GC(4)     Dead                           Min: 0, Avg:  0.0, Max: 0, Diff: 0, Sum: 0, Workers: 8
[2025-05-20T21:02:56.863+0300][16140][14288][debug][gc,phases] GC(4)     Total                          Min: 0, Avg: 46.5, Max: 192, Diff: 192, Sum: 372, Workers: 8
[2025-05-20T21:02:56.863+0300][16140][14288][debug][gc,phases] GC(4)   ObjectSynchronizer Weak        Min:  0.0, Avg:  0.0, Max:  0.0, Diff:  0.0, Sum:  0.0, Workers: 8
[2025-05-20T21:02:56.863+0300][16140][14288][debug][gc,phases] GC(4)     Dead                           Min: 0, Avg:  0.0, Max: 0, Diff: 0, Sum: 0, Workers: 8
[2025-05-20T21:02:56.863+0300][16140][14288][debug][gc,phases] GC(4)     Total                          Min: 0, Avg: 18.6, Max: 64, Diff: 64, Sum: 149, Workers: 8
[2025-05-20T21:02:56.863+0300][16140][14288][debug][gc,phases] GC(4)   JVMTI Tag Weak OopStorage      Min:  0.0, Avg:  0.0, Max:  0.0, Diff:  0.0, Sum:  0.0, Workers: 8
[2025-05-20T21:02:56.863+0300][16140][14288][debug][gc,phases] GC(4)     Dead                           Min: 0, Avg:  0.0, Max: 0, Diff: 0, Sum: 0, Workers: 8
[2025-05-20T21:02:56.863+0300][16140][14288][debug][gc,phases] GC(4)     Total                          Min: 0, Avg:  0.0, Max: 0, Diff: 0, Sum: 0, Workers: 8
[2025-05-20T21:02:56.863+0300][16140][14288][debug][gc,phases] GC(4)   StringTable Weak               Min:  0.0, Avg:  0.0, Max:  0.0, Diff:  0.0, Sum:  0.1, Workers: 8
[2025-05-20T21:02:56.863+0300][16140][14288][debug][gc,phases] GC(4)     Dead                           Min: 0, Avg:  0.0, Max: 0, Diff: 0, Sum: 0, Workers: 8
[2025-05-20T21:02:56.863+0300][16140][14288][debug][gc,phases] GC(4)     Total                          Min: 576, Avg: 780.0, Max: 960, Diff: 384, Sum: 6240, Workers: 8
[2025-05-20T21:02:56.863+0300][16140][14288][debug][gc,phases] GC(4)   ResolvedMethodTable Weak       Min:  0.0, Avg:  0.0, Max:  0.0, Diff:  0.0, Sum:  0.0, Workers: 8
[2025-05-20T21:02:56.863+0300][16140][14288][debug][gc,phases] GC(4)     Dead                           Min: 0, Avg:  0.0, Max: 0, Diff: 0, Sum: 0, Workers: 8
[2025-05-20T21:02:56.863+0300][16140][14288][debug][gc,phases] GC(4)     Total                          Min: 64, Avg: 109.5, Max: 192, Diff: 128, Sum: 876, Workers: 8
[2025-05-20T21:02:56.863+0300][16140][14288][debug][gc,phases] GC(4)   JNI Weak                       Min:  0.0, Avg:  0.0, Max:  0.0, Diff:  0.0, Sum:  0.0, Workers: 8
[2025-05-20T21:02:56.863+0300][16140][14288][debug][gc,phases] GC(4)     Dead                           Min: 0, Avg:  0.0, Max: 0, Diff: 0, Sum: 0, Workers: 8
[2025-05-20T21:02:56.863+0300][16140][14288][debug][gc,phases] GC(4)     Total                          Min: 0, Avg:  0.0, Max: 0, Diff: 0, Sum: 0, Workers: 8
[2025-05-20T21:02:56.863+0300][16140][14288][debug][gc,phases] GC(4)   StringDedup Table Weak         Min:  0.0, Avg:  0.0, Max:  0.0, Diff:  0.0, Sum:  0.0, Workers: 8
[2025-05-20T21:02:56.863+0300][16140][14288][debug][gc,phases] GC(4)     Dead                           Min: 0, Avg:  0.0, Max: 0, Diff: 0, Sum: 0, Workers: 8
[2025-05-20T21:02:56.863+0300][16140][14288][debug][gc,phases] GC(4)     Total                          Min: 0, Avg:  0.0, Max: 0, Diff: 0, Sum: 0, Workers: 8
[2025-05-20T21:02:56.863+0300][16140][14288][debug][gc,phases] GC(4)   StringDedup Requests0 Weak     Min:  0.0, Avg:  0.0, Max:  0.0, Diff:  0.0, Sum:  0.0, Workers: 8
[2025-05-20T21:02:56.863+0300][16140][14288][debug][gc,phases] GC(4)     Dead                           Min: 0, Avg:  0.0, Max: 0, Diff: 0, Sum: 0, Workers: 8
[2025-05-20T21:02:56.863+0300][16140][14288][debug][gc,phases] GC(4)     Total                          Min: 0, Avg:  0.0, Max: 0, Diff: 0, Sum: 0, Workers: 8
[2025-05-20T21:02:56.863+0300][16140][14288][debug][gc,phases] GC(4)   StringDedup Requests1 Weak     Min:  0.0, Avg:  0.0, Max:  0.0, Diff:  0.0, Sum:  0.0, Workers: 8
[2025-05-20T21:02:56.863+0300][16140][14288][debug][gc,phases] GC(4)     Dead                           Min: 0, Avg:  0.0, Max: 0, Diff: 0, Sum: 0, Workers: 8
[2025-05-20T21:02:56.863+0300][16140][14288][debug][gc,phases] GC(4)     Total                          Min: 0, Avg:  0.0, Max: 0, Diff: 0, Sum: 0, Workers: 8
[2025-05-20T21:02:56.863+0300][16140][14288][debug][gc,phases] GC(4)   Weak JFR Old Object Samples    Min:  0.0, Avg:  0.0, Max:  0.0, Diff:  0.0, Sum:  0.0, Workers: 8
[2025-05-20T21:02:56.863+0300][16140][14288][debug][gc,phases] GC(4)     Dead                           Min: 0, Avg:  0.0, Max: 0, Diff: 0, Sum: 0, Workers: 8
[2025-05-20T21:02:56.863+0300][16140][14288][debug][gc,phases] GC(4)     Total                          Min: 0, Avg:  0.0, Max: 0, Diff: 0, Sum: 0, Workers: 8
[2025-05-20T21:02:56.863+0300][16140][14288][debug][gc,phases] GC(4) Weak Processing 0.526ms
[2025-05-20T21:02:56.863+0300][16140][14288][info ][gc,heap  ] GC(4) PSYoungGen: 1056336K(1223168K)->7744K(1223168K) Eden: 1048576K(1048576K)->0K(1048576K) From: 7760K(174592K)->7744K(174592K)
[2025-05-20T21:02:56.863+0300][16140][14288][info ][gc,heap  ] GC(4) ParOldGen: 3132K(2796544K)->3140K(2796544K)
[2025-05-20T21:02:56.863+0300][16140][14288][info ][gc       ] GC(4) Pause Young (Allocation Failure) 1034M->10M(3925M) 1.923ms
[2025-05-20T21:02:56.863+0300][16140][14288][debug][gc,heap  ] GC(4) Heap after GC invocations=5 (full 1):
[2025-05-20T21:02:56.863+0300][16140][14288][debug][gc,heap  ] GC(4)  PSYoungGen      total 1223168K, used 7744K [0x00000007aab00000, 0x0000000800000000, 0x0000000800000000)
[2025-05-20T21:02:56.863+0300][16140][14288][debug][gc,heap  ] GC(4)   eden space 1048576K, 0% used [0x00000007aab00000,0x00000007aab00000,0x00000007eab00000)
[2025-05-20T21:02:56.863+0300][16140][14288][debug][gc,heap  ] GC(4)   from space 174592K, 4% used [0x00000007f5580000,0x00000007f5d100d0,0x0000000800000000)
[2025-05-20T21:02:56.863+0300][16140][14288][debug][gc,heap  ] GC(4)   to   space 174592K, 0% used [0x00000007eab00000,0x00000007eab00000,0x00000007f5580000)
[2025-05-20T21:02:56.863+0300][16140][14288][debug][gc,heap  ] GC(4)  ParOldGen       total 2796544K, used 3140K [0x0000000700000000, 0x00000007aab00000, 0x00000007aab00000)
[2025-05-20T21:02:56.863+0300][16140][14288][debug][gc,heap  ] GC(4)   object space 2796544K, 0% used [0x0000000700000000,0x00000007003112c0,0x00000007aab00000)
[2025-05-20T21:02:56.863+0300][16140][14288][debug][gc,heap  ] GC(4)  Metaspace       used 8968K, committed 9536K, reserved 1114112K
[2025-05-20T21:02:56.863+0300][16140][14288][debug][gc,heap  ] GC(4)   class space    used 978K, committed 1216K, reserved 1048576K
[2025-05-20T21:02:56.863+0300][16140][14288][info ][safepoint] Safepoint "ParallelGCFailedAllocation", Time since last: 364758500 ns, Reaching safepoint: 209800 ns, Cleanup: 50500 ns, At safepoint: 2270700 ns, Total: 2531000 ns
[2025-05-20T21:02:57.096+0300][16140][14288][debug][safepoint] Safepoint synchronization initiated using striped semaphore wait barrier. (20 threads)
[2025-05-20T21:02:57.096+0300][16140][14604][debug][safepoint] ... found polling page loop exception at pc = 0x000002291aaa302b, stub =0x000002291a435600
[2025-05-20T21:02:57.096+0300][16140][1492 ][debug][safepoint] ... found polling page loop exception at pc = 0x000002291aa34de0, stub =0x000002291a434d80
[2025-05-20T21:02:57.096+0300][16140][9312 ][debug][safepoint] ... found polling page loop exception at pc = 0x000002291aa34de0, stub =0x000002291a434d80
[2025-05-20T21:02:57.096+0300][16140][1112 ][debug][safepoint] ... found polling page loop exception at pc = 0x000002291aa34de0, stub =0x000002291a434d80
[2025-05-20T21:02:57.096+0300][16140][14288][debug][gc,heap  ] GC(5) Heap before GC invocations=6 (full 1):
[2025-05-20T21:02:57.096+0300][16140][14288][debug][gc,heap  ] GC(5)  PSYoungGen      total 1223168K, used 1056320K [0x00000007aab00000, 0x0000000800000000, 0x0000000800000000)
[2025-05-20T21:02:57.096+0300][16140][14288][debug][gc,heap  ] GC(5)   eden space 1048576K, 100% used [0x00000007aab00000,0x00000007eab00000,0x00000007eab00000)
[2025-05-20T21:02:57.096+0300][16140][14288][debug][gc,heap  ] GC(5)   from space 174592K, 4% used [0x00000007f5580000,0x00000007f5d100d0,0x0000000800000000)
[2025-05-20T21:02:57.096+0300][16140][14288][debug][gc,heap  ] GC(5)   to   space 174592K, 0% used [0x00000007eab00000,0x00000007eab00000,0x00000007f5580000)
[2025-05-20T21:02:57.096+0300][16140][14288][debug][gc,heap  ] GC(5)  ParOldGen       total 2796544K, used 3140K [0x0000000700000000, 0x00000007aab00000, 0x00000007aab00000)
[2025-05-20T21:02:57.098+0300][16140][14288][debug][gc,heap  ] GC(5)   object space 2796544K, 0% used [0x0000000700000000,0x00000007003112c0,0x00000007aab00000)
[2025-05-20T21:02:57.098+0300][16140][14288][debug][gc,heap  ] GC(5)  Metaspace       used 8976K, committed 9536K, reserved 1114112K
[2025-05-20T21:02:57.098+0300][16140][14288][debug][gc,heap  ] GC(5)   class space    used 978K, committed 1216K, reserved 1048576K
[2025-05-20T21:02:57.098+0300][16140][14288][debug][gc,phases] GC(5) Scavenge 0.967ms
[2025-05-20T21:02:57.098+0300][16140][14288][debug][gc,phases] GC(5) Reference Processing 0.074ms
[2025-05-20T21:02:57.098+0300][16140][14288][debug][gc,phases] GC(5)   VM Weak                        Min:  0.0, Avg:  0.0, Max:  0.0, Diff:  0.0, Sum:  0.0, Workers: 8
[2025-05-20T21:02:57.098+0300][16140][14288][debug][gc,phases] GC(5)     Dead                           Min: 0, Avg:  0.0, Max: 0, Diff: 0, Sum: 0, Workers: 8
[2025-05-20T21:02:57.098+0300][16140][14288][debug][gc,phases] GC(5)     Total                          Min: 0, Avg: 46.5, Max: 128, Diff: 128, Sum: 372, Workers: 8
[2025-05-20T21:02:57.098+0300][16140][14288][debug][gc,phases] GC(5)   ObjectSynchronizer Weak        Min:  0.0, Avg:  0.0, Max:  0.0, Diff:  0.0, Sum:  0.0, Workers: 8
[2025-05-20T21:02:57.098+0300][16140][14288][debug][gc,phases] GC(5)     Dead                           Min: 0, Avg:  0.0, Max: 0, Diff: 0, Sum: 0, Workers: 8
[2025-05-20T21:02:57.098+0300][16140][14288][debug][gc,phases] GC(5)     Total                          Min: 0, Avg: 18.6, Max: 64, Diff: 64, Sum: 149, Workers: 8
[2025-05-20T21:02:57.098+0300][16140][14288][debug][gc,phases] GC(5)   JVMTI Tag Weak OopStorage      Min:  0.0, Avg:  0.0, Max:  0.0, Diff:  0.0, Sum:  0.0, Workers: 8
[2025-05-20T21:02:57.098+0300][16140][14288][debug][gc,phases] GC(5)     Dead                           Min: 0, Avg:  0.0, Max: 0, Diff: 0, Sum: 0, Workers: 8
[2025-05-20T21:02:57.098+0300][16140][14288][debug][gc,phases] GC(5)     Total                          Min: 0, Avg:  0.0, Max: 0, Diff: 0, Sum: 0, Workers: 8
[2025-05-20T21:02:57.098+0300][16140][14288][debug][gc,phases] GC(5)   StringTable Weak               Min:  0.0, Avg:  0.0, Max:  0.0, Diff:  0.0, Sum:  0.1, Workers: 8
[2025-05-20T21:02:57.098+0300][16140][14288][debug][gc,phases] GC(5)     Dead                           Min: 0, Avg:  0.0, Max: 0, Diff: 0, Sum: 0, Workers: 8
[2025-05-20T21:02:57.098+0300][16140][14288][debug][gc,phases] GC(5)     Total                          Min: 512, Avg: 780.0, Max: 960, Diff: 448, Sum: 6240, Workers: 8
[2025-05-20T21:02:57.098+0300][16140][14288][debug][gc,phases] GC(5)   ResolvedMethodTable Weak       Min:  0.0, Avg:  0.0, Max:  0.0, Diff:  0.0, Sum:  0.0, Workers: 8
[2025-05-20T21:02:57.098+0300][16140][14288][debug][gc,phases] GC(5)     Dead                           Min: 0, Avg:  0.0, Max: 0, Diff: 0, Sum: 0, Workers: 8
[2025-05-20T21:02:57.098+0300][16140][14288][debug][gc,phases] GC(5)     Total                          Min: 0, Avg: 109.5, Max: 236, Diff: 236, Sum: 876, Workers: 8
[2025-05-20T21:02:57.098+0300][16140][14288][debug][gc,phases] GC(5)   JNI Weak                       Min:  0.0, Avg:  0.0, Max:  0.0, Diff:  0.0, Sum:  0.0, Workers: 8
[2025-05-20T21:02:57.098+0300][16140][14288][debug][gc,phases] GC(5)     Dead                           Min: 0, Avg:  0.0, Max: 0, Diff: 0, Sum: 0, Workers: 8
[2025-05-20T21:02:57.098+0300][16140][14288][debug][gc,phases] GC(5)     Total                          Min: 0, Avg:  0.0, Max: 0, Diff: 0, Sum: 0, Workers: 8
[2025-05-20T21:02:57.098+0300][16140][14288][debug][gc,phases] GC(5)   StringDedup Table Weak         Min:  0.0, Avg:  0.0, Max:  0.0, Diff:  0.0, Sum:  0.0, Workers: 8
[2025-05-20T21:02:57.098+0300][16140][14288][debug][gc,phases] GC(5)     Dead                           Min: 0, Avg:  0.0, Max: 0, Diff: 0, Sum: 0, Workers: 8
[2025-05-20T21:02:57.098+0300][16140][14288][debug][gc,phases] GC(5)     Total                          Min: 0, Avg:  0.0, Max: 0, Diff: 0, Sum: 0, Workers: 8
[2025-05-20T21:02:57.098+0300][16140][14288][debug][gc,phases] GC(5)   StringDedup Requests0 Weak     Min:  0.0, Avg:  0.0, Max:  0.0, Diff:  0.0, Sum:  0.0, Workers: 8
[2025-05-20T21:02:57.098+0300][16140][14288][debug][gc,phases] GC(5)     Dead                           Min: 0, Avg:  0.0, Max: 0, Diff: 0, Sum: 0, Workers: 8
[2025-05-20T21:02:57.098+0300][16140][14288][debug][gc,phases] GC(5)     Total                          Min: 0, Avg:  0.0, Max: 0, Diff: 0, Sum: 0, Workers: 8
[2025-05-20T21:02:57.098+0300][16140][14288][debug][gc,phases] GC(5)   StringDedup Requests1 Weak     Min:  0.0, Avg:  0.0, Max:  0.0, Diff:  0.0, Sum:  0.0, Workers: 8
[2025-05-20T21:02:57.098+0300][16140][14288][debug][gc,phases] GC(5)     Dead                           Min: 0, Avg:  0.0, Max: 0, Diff: 0, Sum: 0, Workers: 8
[2025-05-20T21:02:57.098+0300][16140][14288][debug][gc,phases] GC(5)     Total                          Min: 0, Avg:  0.0, Max: 0, Diff: 0, Sum: 0, Workers: 8
[2025-05-20T21:02:57.098+0300][16140][14288][debug][gc,phases] GC(5)   Weak JFR Old Object Samples    Min:  0.0, Avg:  0.0, Max:  0.0, Diff:  0.0, Sum:  0.0, Workers: 8
[2025-05-20T21:02:57.098+0300][16140][14288][debug][gc,phases] GC(5)     Dead                           Min: 0, Avg:  0.0, Max: 0, Diff: 0, Sum: 0, Workers: 8
[2025-05-20T21:02:57.098+0300][16140][14288][debug][gc,phases] GC(5)     Total                          Min: 0, Avg:  0.0, Max: 0, Diff: 0, Sum: 0, Workers: 8
[2025-05-20T21:02:57.098+0300][16140][14288][debug][gc,phases] GC(5) Weak Processing 0.461ms
[2025-05-20T21:02:57.098+0300][16140][14288][info ][gc,heap  ] GC(5) PSYoungGen: 1056320K(1223168K)->7744K(1223168K) Eden: 1048576K(1048576K)->0K(1048576K) From: 7744K(174592K)->7744K(174592K)
[2025-05-20T21:02:57.098+0300][16140][14288][info ][gc,heap  ] GC(5) ParOldGen: 3140K(2796544K)->3148K(2796544K)
[2025-05-20T21:02:57.098+0300][16140][14288][info ][gc       ] GC(5) Pause Young (Allocation Failure) 1034M->10M(3925M) 1.653ms
[2025-05-20T21:02:57.098+0300][16140][14288][debug][gc,heap  ] GC(5) Heap after GC invocations=6 (full 1):
[2025-05-20T21:02:57.098+0300][16140][14288][debug][gc,heap  ] GC(5)  PSYoungGen      total 1223168K, used 7744K [0x00000007aab00000, 0x0000000800000000, 0x0000000800000000)
[2025-05-20T21:02:57.098+0300][16140][14288][debug][gc,heap  ] GC(5)   eden space 1048576K, 0% used [0x00000007aab00000,0x00000007aab00000,0x00000007eab00000)
[2025-05-20T21:02:57.098+0300][16140][14288][debug][gc,heap  ] GC(5)   from space 174592K, 4% used [0x00000007eab00000,0x00000007eb2900b0,0x00000007f5580000)
[2025-05-20T21:02:57.098+0300][16140][14288][debug][gc,heap  ] GC(5)   to   space 174592K, 0% used [0x00000007f5580000,0x00000007f5580000,0x0000000800000000)
[2025-05-20T21:02:57.098+0300][16140][14288][debug][gc,heap  ] GC(5)  ParOldGen       total 2796544K, used 3148K [0x0000000700000000, 0x00000007aab00000, 0x00000007aab00000)
[2025-05-20T21:02:57.098+0300][16140][14288][debug][gc,heap  ] GC(5)   object space 2796544K, 0% used [0x0000000700000000,0x00000007003132c0,0x00000007aab00000)
[2025-05-20T21:02:57.098+0300][16140][14288][debug][gc,heap  ] GC(5)  Metaspace       used 8976K, committed 9536K, reserved 1114112K
[2025-05-20T21:02:57.098+0300][16140][14288][debug][gc,heap  ] GC(5)   class space    used 978K, committed 1216K, reserved 1048576K
[2025-05-20T21:02:57.098+0300][16140][14288][info ][safepoint] Safepoint "ParallelGCFailedAllocation", Time since last: 232456800 ns, Reaching safepoint: 262300 ns, Cleanup: 18600 ns, At safepoint: 2015600 ns, Total: 2296500 ns
[2025-05-20T21:02:57.347+0300][16140][14288][debug][safepoint] Safepoint synchronization initiated using striped semaphore wait barrier. (20 threads)
[2025-05-20T21:02:57.347+0300][16140][1492 ][debug][safepoint] ... found polling page loop exception at pc = 0x000002291aa34de0, stub =0x000002291a434d80
[2025-05-20T21:02:57.347+0300][16140][14304][debug][safepoint] ... found polling page loop exception at pc = 0x000002291aa34de0, stub =0x000002291a434d80
[2025-05-20T21:02:57.347+0300][16140][11488][debug][safepoint] ... found polling page loop exception at pc = 0x000002291aa34de0, stub =0x000002291a434d80
[2025-05-20T21:02:57.347+0300][16140][14604][debug][safepoint] ... found polling page loop exception at pc = 0x000002291aa34de0, stub =0x000002291a434d80
[2025-05-20T21:02:57.347+0300][16140][14288][debug][gc,heap  ] GC(6) Heap before GC invocations=7 (full 1):
[2025-05-20T21:02:57.347+0300][16140][14288][debug][gc,heap  ] GC(6)  PSYoungGen      total 1223168K, used 1056320K [0x00000007aab00000, 0x0000000800000000, 0x0000000800000000)
[2025-05-20T21:02:57.347+0300][16140][14288][debug][gc,heap  ] GC(6)   eden space 1048576K, 100% used [0x00000007aab00000,0x00000007eab00000,0x00000007eab00000)
[2025-05-20T21:02:57.347+0300][16140][14288][debug][gc,heap  ] GC(6)   from space 174592K, 4% used [0x00000007eab00000,0x00000007eb2900b0,0x00000007f5580000)
[2025-05-20T21:02:57.347+0300][16140][14288][debug][gc,heap  ] GC(6)   to   space 174592K, 0% used [0x00000007f5580000,0x00000007f5580000,0x0000000800000000)
[2025-05-20T21:02:57.347+0300][16140][14288][debug][gc,heap  ] GC(6)  ParOldGen       total 2796544K, used 3148K [0x0000000700000000, 0x00000007aab00000, 0x00000007aab00000)
[2025-05-20T21:02:57.347+0300][16140][14288][debug][gc,heap  ] GC(6)   object space 2796544K, 0% used [0x0000000700000000,0x00000007003132c0,0x00000007aab00000)
[2025-05-20T21:02:57.347+0300][16140][14288][debug][gc,heap  ] GC(6)  Metaspace       used 8990K, committed 9536K, reserved 1114112K
[2025-05-20T21:02:57.347+0300][16140][14288][debug][gc,heap  ] GC(6)   class space    used 978K, committed 1216K, reserved 1048576K
[2025-05-20T21:02:57.347+0300][16140][14288][debug][gc,phases] GC(6) Scavenge 0.838ms
[2025-05-20T21:02:57.347+0300][16140][14288][debug][gc,phases] GC(6) Reference Processing 0.059ms
[2025-05-20T21:02:57.347+0300][16140][14288][debug][gc,phases] GC(6)   VM Weak                        Min:  0.0, Avg:  0.0, Max:  0.0, Diff:  0.0, Sum:  0.0, Workers: 8
[2025-05-20T21:02:57.347+0300][16140][14288][debug][gc,phases] GC(6)     Dead                           Min: 0, Avg:  0.0, Max: 0, Diff: 0, Sum: 0, Workers: 8
[2025-05-20T21:02:57.347+0300][16140][14288][debug][gc,phases] GC(6)     Total                          Min: 0, Avg: 46.5, Max: 128, Diff: 128, Sum: 372, Workers: 8
[2025-05-20T21:02:57.347+0300][16140][14288][debug][gc,phases] GC(6)   ObjectSynchronizer Weak        Min:  0.0, Avg:  0.0, Max:  0.0, Diff:  0.0, Sum:  0.0, Workers: 8
[2025-05-20T21:02:57.347+0300][16140][14288][debug][gc,phases] GC(6)     Dead                           Min: 0, Avg:  0.0, Max: 0, Diff: 0, Sum: 0, Workers: 8
[2025-05-20T21:02:57.347+0300][16140][14288][debug][gc,phases] GC(6)     Total                          Min: 0, Avg: 18.6, Max: 85, Diff: 85, Sum: 149, Workers: 8
[2025-05-20T21:02:57.347+0300][16140][14288][debug][gc,phases] GC(6)   JVMTI Tag Weak OopStorage      Min:  0.0, Avg:  0.0, Max:  0.0, Diff:  0.0, Sum:  0.0, Workers: 8
[2025-05-20T21:02:57.347+0300][16140][14288][debug][gc,phases] GC(6)     Dead                           Min: 0, Avg:  0.0, Max: 0, Diff: 0, Sum: 0, Workers: 8
[2025-05-20T21:02:57.347+0300][16140][14288][debug][gc,phases] GC(6)     Total                          Min: 0, Avg:  0.0, Max: 0, Diff: 0, Sum: 0, Workers: 8
[2025-05-20T21:02:57.347+0300][16140][14288][debug][gc,phases] GC(6)   StringTable Weak               Min:  0.0, Avg:  0.0, Max:  0.0, Diff:  0.0, Sum:  0.1, Workers: 8
[2025-05-20T21:02:57.347+0300][16140][14288][debug][gc,phases] GC(6)     Dead                           Min: 0, Avg:  0.0, Max: 0, Diff: 0, Sum: 0, Workers: 8
[2025-05-20T21:02:57.347+0300][16140][14288][debug][gc,phases] GC(6)     Total                          Min: 0, Avg: 780.2, Max: 960, Diff: 960, Sum: 6242, Workers: 8
[2025-05-20T21:02:57.347+0300][16140][14288][debug][gc,phases] GC(6)   ResolvedMethodTable Weak       Min:  0.0, Avg:  0.0, Max:  0.0, Diff:  0.0, Sum:  0.0, Workers: 8
[2025-05-20T21:02:57.347+0300][16140][14288][debug][gc,phases] GC(6)     Dead                           Min: 0, Avg:  0.0, Max: 0, Diff: 0, Sum: 0, Workers: 8
[2025-05-20T21:02:57.347+0300][16140][14288][debug][gc,phases] GC(6)     Total                          Min: 0, Avg: 109.5, Max: 236, Diff: 236, Sum: 876, Workers: 8
[2025-05-20T21:02:57.347+0300][16140][14288][debug][gc,phases] GC(6)   JNI Weak                       Min:  0.0, Avg:  0.0, Max:  0.0, Diff:  0.0, Sum:  0.0, Workers: 8
[2025-05-20T21:02:57.347+0300][16140][14288][debug][gc,phases] GC(6)     Dead                           Min: 0, Avg:  0.0, Max: 0, Diff: 0, Sum: 0, Workers: 8
[2025-05-20T21:02:57.347+0300][16140][14288][debug][gc,phases] GC(6)     Total                          Min: 0, Avg:  0.0, Max: 0, Diff: 0, Sum: 0, Workers: 8
[2025-05-20T21:02:57.347+0300][16140][14288][debug][gc,phases] GC(6)   StringDedup Table Weak         Min:  0.0, Avg:  0.0, Max:  0.0, Diff:  0.0, Sum:  0.0, Workers: 8
[2025-05-20T21:02:57.347+0300][16140][14288][debug][gc,phases] GC(6)     Dead                           Min: 0, Avg:  0.0, Max: 0, Diff: 0, Sum: 0, Workers: 8
[2025-05-20T21:02:57.347+0300][16140][14288][debug][gc,phases] GC(6)     Total                          Min: 0, Avg:  0.0, Max: 0, Diff: 0, Sum: 0, Workers: 8
[2025-05-20T21:02:57.347+0300][16140][14288][debug][gc,phases] GC(6)   StringDedup Requests0 Weak     Min:  0.0, Avg:  0.0, Max:  0.0, Diff:  0.0, Sum:  0.0, Workers: 8
[2025-05-20T21:02:57.347+0300][16140][14288][debug][gc,phases] GC(6)     Dead                           Min: 0, Avg:  0.0, Max: 0, Diff: 0, Sum: 0, Workers: 8
[2025-05-20T21:02:57.347+0300][16140][14288][debug][gc,phases] GC(6)     Total                          Min: 0, Avg:  0.0, Max: 0, Diff: 0, Sum: 0, Workers: 8
[2025-05-20T21:02:57.347+0300][16140][14288][debug][gc,phases] GC(6)   StringDedup Requests1 Weak     Min:  0.0, Avg:  0.0, Max:  0.0, Diff:  0.0, Sum:  0.0, Workers: 8
[2025-05-20T21:02:57.347+0300][16140][14288][debug][gc,phases] GC(6)     Dead                           Min: 0, Avg:  0.0, Max: 0, Diff: 0, Sum: 0, Workers: 8
[2025-05-20T21:02:57.347+0300][16140][14288][debug][gc,phases] GC(6)     Total                          Min: 0, Avg:  0.0, Max: 0, Diff: 0, Sum: 0, Workers: 8
[2025-05-20T21:02:57.347+0300][16140][14288][debug][gc,phases] GC(6)   Weak JFR Old Object Samples    Min:  0.0, Avg:  0.0, Max:  0.0, Diff:  0.0, Sum:  0.0, Workers: 8
[2025-05-20T21:02:57.347+0300][16140][14288][debug][gc,phases] GC(6)     Dead                           Min: 0, Avg:  0.0, Max: 0, Diff: 0, Sum: 0, Workers: 8
[2025-05-20T21:02:57.347+0300][16140][14288][debug][gc,phases] GC(6)     Total                          Min: 0, Avg:  0.0, Max: 0, Diff: 0, Sum: 0, Workers: 8
[2025-05-20T21:02:57.347+0300][16140][14288][debug][gc,phases] GC(6) Weak Processing 0.460ms
[2025-05-20T21:02:57.347+0300][16140][14288][info ][gc,heap  ] GC(6) PSYoungGen: 1056320K(1223168K)->7728K(1387008K) Eden: 1048576K(1048576K)->0K(1212416K) From: 7744K(174592K)->7728K(174592K)
[2025-05-20T21:02:57.347+0300][16140][14288][info ][gc,heap  ] GC(6) ParOldGen: 3148K(2796544K)->3156K(2796544K)
[2025-05-20T21:02:57.347+0300][16140][14288][info ][gc       ] GC(6) Pause Young (Allocation Failure) 1034M->10M(4085M) 1.484ms
[2025-05-20T21:02:57.347+0300][16140][14288][debug][gc,heap  ] GC(6) Heap after GC invocations=7 (full 1):
[2025-05-20T21:02:57.347+0300][16140][14288][debug][gc,heap  ] GC(6)  PSYoungGen      total 1387008K, used 7728K [0x00000007aab00000, 0x0000000800000000, 0x0000000800000000)
[2025-05-20T21:02:57.347+0300][16140][14288][debug][gc,heap  ] GC(6)   eden space 1212416K, 0% used [0x00000007aab00000,0x00000007aab00000,0x00000007f4b00000)
[2025-05-20T21:02:57.347+0300][16140][14288][debug][gc,heap  ] GC(6)   from space 174592K, 4% used [0x00000007f5580000,0x00000007f5d0c060,0x0000000800000000)
[2025-05-20T21:02:57.347+0300][16140][14288][debug][gc,heap  ] GC(6)   to   space 10752K, 0% used [0x00000007f4b00000,0x00000007f4b00000,0x00000007f5580000)
[2025-05-20T21:02:57.347+0300][16140][14288][debug][gc,heap  ] GC(6)  ParOldGen       total 2796544K, used 3156K [0x0000000700000000, 0x00000007aab00000, 0x00000007aab00000)
[2025-05-20T21:02:57.347+0300][16140][14288][debug][gc,heap  ] GC(6)   object space 2796544K, 0% used [0x0000000700000000,0x00000007003152c0,0x00000007aab00000)
[2025-05-20T21:02:57.347+0300][16140][14288][debug][gc,heap  ] GC(6)  Metaspace       used 8990K, committed 9536K, reserved 1114112K
[2025-05-20T21:02:57.347+0300][16140][14288][debug][gc,heap  ] GC(6)   class space    used 978K, committed 1216K, reserved 1048576K
[2025-05-20T21:02:57.347+0300][16140][14288][info ][safepoint] Safepoint "ParallelGCFailedAllocation", Time since last: 246776700 ns, Reaching safepoint: 272700 ns, Cleanup: 20500 ns, At safepoint: 1760600 ns, Total: 2053800 ns
[2025-05-20T21:02:57.596+0300][16140][14288][debug][safepoint] Safepoint synchronization initiated using striped semaphore wait barrier. (20 threads)
[2025-05-20T21:02:57.596+0300][16140][14604][debug][safepoint] ... found polling page loop exception at pc = 0x000002291aa34de0, stub =0x000002291a434d80
[2025-05-20T21:02:57.596+0300][16140][9312 ][debug][safepoint] ... found polling page loop exception at pc = 0x000002291aa6ea70, stub =0x000002291a434d80
[2025-05-20T21:02:57.596+0300][16140][13308][debug][safepoint] ... found polling page loop exception at pc = 0x000002291aa34de0, stub =0x000002291a434d80
[2025-05-20T21:02:57.596+0300][16140][1492 ][debug][safepoint] ... found polling page loop exception at pc = 0x000002291aa7b229, stub =0x000002291a435600
[2025-05-20T21:02:57.596+0300][16140][1112 ][debug][safepoint] ... found polling page loop exception at pc = 0x000002291aa34de0, stub =0x000002291a434d80
[2025-05-20T21:02:57.598+0300][16140][14288][debug][gc,heap  ] GC(7) Heap before GC invocations=8 (full 1):
[2025-05-20T21:02:57.598+0300][16140][14288][debug][gc,heap  ] GC(7)  PSYoungGen      total 1387008K, used 1220144K [0x00000007aab00000, 0x0000000800000000, 0x0000000800000000)
[2025-05-20T21:02:57.598+0300][16140][14288][debug][gc,heap  ] GC(7)   eden space 1212416K, 100% used [0x00000007aab00000,0x00000007f4b00000,0x00000007f4b00000)
[2025-05-20T21:02:57.598+0300][16140][14288][debug][gc,heap  ] GC(7)   from space 174592K, 4% used [0x00000007f5580000,0x00000007f5d0c060,0x0000000800000000)
[2025-05-20T21:02:57.598+0300][16140][14288][debug][gc,heap  ] GC(7)   to   space 10752K, 0% used [0x00000007f4b00000,0x00000007f4b00000,0x00000007f5580000)
[2025-05-20T21:02:57.598+0300][16140][14288][debug][gc,heap  ] GC(7)  ParOldGen       total 2796544K, used 3156K [0x0000000700000000, 0x00000007aab00000, 0x00000007aab00000)
[2025-05-20T21:02:57.598+0300][16140][14288][debug][gc,heap  ] GC(7)   object space 2796544K, 0% used [0x0000000700000000,0x00000007003152c0,0x00000007aab00000)
[2025-05-20T21:02:57.598+0300][16140][14288][debug][gc,heap  ] GC(7)  Metaspace       used 8994K, committed 9536K, reserved 1114112K
[2025-05-20T21:02:57.598+0300][16140][14288][debug][gc,heap  ] GC(7)   class space    used 978K, committed 1216K, reserved 1048576K
[2025-05-20T21:02:57.598+0300][16140][14288][debug][gc,phases] GC(7) Scavenge 1.303ms
[2025-05-20T21:02:57.598+0300][16140][14288][debug][gc,phases] GC(7) Reference Processing 0.085ms
[2025-05-20T21:02:57.598+0300][16140][14288][debug][gc,phases] GC(7)   VM Weak                        Min:  0.0, Avg:  0.0, Max:  0.0, Diff:  0.0, Sum:  0.0, Workers: 8
[2025-05-20T21:02:57.598+0300][16140][14288][debug][gc,phases] GC(7)     Dead                           Min: 0, Avg:  0.0, Max: 0, Diff: 0, Sum: 0, Workers: 8
[2025-05-20T21:02:57.598+0300][16140][14288][debug][gc,phases] GC(7)     Total                          Min: 0, Avg: 46.5, Max: 192, Diff: 192, Sum: 372, Workers: 8
[2025-05-20T21:02:57.598+0300][16140][14288][debug][gc,phases] GC(7)   ObjectSynchronizer Weak        Min:  0.0, Avg:  0.0, Max:  0.0, Diff:  0.0, Sum:  0.0, Workers: 8
[2025-05-20T21:02:57.598+0300][16140][14288][debug][gc,phases] GC(7)     Dead                           Min: 0, Avg:  0.0, Max: 0, Diff: 0, Sum: 0, Workers: 8
[2025-05-20T21:02:57.598+0300][16140][14288][debug][gc,phases] GC(7)     Total                          Min: 0, Avg: 18.6, Max: 85, Diff: 85, Sum: 149, Workers: 8
[2025-05-20T21:02:57.598+0300][16140][14288][debug][gc,phases] GC(7)   JVMTI Tag Weak OopStorage      Min:  0.0, Avg:  0.0, Max:  0.0, Diff:  0.0, Sum:  0.0, Workers: 8
[2025-05-20T21:02:57.598+0300][16140][14288][debug][gc,phases] GC(7)     Dead                           Min: 0, Avg:  0.0, Max: 0, Diff: 0, Sum: 0, Workers: 8
[2025-05-20T21:02:57.598+0300][16140][14288][debug][gc,phases] GC(7)     Total                          Min: 0, Avg:  0.0, Max: 0, Diff: 0, Sum: 0, Workers: 8
[2025-05-20T21:02:57.598+0300][16140][14288][debug][gc,phases] GC(7)   StringTable Weak               Min:  0.0, Avg:  0.0, Max:  0.0, Diff:  0.0, Sum:  0.1, Workers: 8
[2025-05-20T21:02:57.598+0300][16140][14288][debug][gc,phases] GC(7)     Dead                           Min: 0, Avg:  0.0, Max: 0, Diff: 0, Sum: 0, Workers: 8
[2025-05-20T21:02:57.598+0300][16140][14288][debug][gc,phases] GC(7)     Total                          Min: 576, Avg: 780.4, Max: 1024, Diff: 448, Sum: 6243, Workers: 8
[2025-05-20T21:02:57.598+0300][16140][14288][debug][gc,phases] GC(7)   ResolvedMethodTable Weak       Min:  0.0, Avg:  0.0, Max:  0.0, Diff:  0.0, Sum:  0.0, Workers: 8
[2025-05-20T21:02:57.598+0300][16140][14288][debug][gc,phases] GC(7)     Dead                           Min: 0, Avg:  0.0, Max: 0, Diff: 0, Sum: 0, Workers: 8
[2025-05-20T21:02:57.598+0300][16140][14288][debug][gc,phases] GC(7)     Total                          Min: 0, Avg: 109.5, Max: 256, Diff: 256, Sum: 876, Workers: 8
[2025-05-20T21:02:57.598+0300][16140][14288][debug][gc,phases] GC(7)   JNI Weak                       Min:  0.0, Avg:  0.0, Max:  0.0, Diff:  0.0, Sum:  0.0, Workers: 8
[2025-05-20T21:02:57.598+0300][16140][14288][debug][gc,phases] GC(7)     Dead                           Min: 0, Avg:  0.0, Max: 0, Diff: 0, Sum: 0, Workers: 8
[2025-05-20T21:02:57.598+0300][16140][14288][debug][gc,phases] GC(7)     Total                          Min: 0, Avg:  0.0, Max: 0, Diff: 0, Sum: 0, Workers: 8
[2025-05-20T21:02:57.598+0300][16140][14288][debug][gc,phases] GC(7)   StringDedup Table Weak         Min:  0.0, Avg:  0.0, Max:  0.0, Diff:  0.0, Sum:  0.0, Workers: 8
[2025-05-20T21:02:57.598+0300][16140][14288][debug][gc,phases] GC(7)     Dead                           Min: 0, Avg:  0.0, Max: 0, Diff: 0, Sum: 0, Workers: 8
[2025-05-20T21:02:57.598+0300][16140][14288][debug][gc,phases] GC(7)     Total                          Min: 0, Avg:  0.0, Max: 0, Diff: 0, Sum: 0, Workers: 8
[2025-05-20T21:02:57.598+0300][16140][14288][debug][gc,phases] GC(7)   StringDedup Requests0 Weak     Min:  0.0, Avg:  0.0, Max:  0.0, Diff:  0.0, Sum:  0.0, Workers: 8
[2025-05-20T21:02:57.598+0300][16140][14288][debug][gc,phases] GC(7)     Dead                           Min: 0, Avg:  0.0, Max: 0, Diff: 0, Sum: 0, Workers: 8
[2025-05-20T21:02:57.598+0300][16140][14288][debug][gc,phases] GC(7)     Total                          Min: 0, Avg:  0.0, Max: 0, Diff: 0, Sum: 0, Workers: 8
[2025-05-20T21:02:57.598+0300][16140][14288][debug][gc,phases] GC(7)   StringDedup Requests1 Weak     Min:  0.0, Avg:  0.0, Max:  0.0, Diff:  0.0, Sum:  0.0, Workers: 8
[2025-05-20T21:02:57.598+0300][16140][14288][debug][gc,phases] GC(7)     Dead                           Min: 0, Avg:  0.0, Max: 0, Diff: 0, Sum: 0, Workers: 8
[2025-05-20T21:02:57.598+0300][16140][14288][debug][gc,phases] GC(7)     Total                          Min: 0, Avg:  0.0, Max: 0, Diff: 0, Sum: 0, Workers: 8
[2025-05-20T21:02:57.598+0300][16140][14288][debug][gc,phases] GC(7)   Weak JFR Old Object Samples    Min:  0.0, Avg:  0.0, Max:  0.0, Diff:  0.0, Sum:  0.0, Workers: 8
[2025-05-20T21:02:57.598+0300][16140][14288][debug][gc,phases] GC(7)     Dead                           Min: 0, Avg:  0.0, Max: 0, Diff: 0, Sum: 0, Workers: 8
[2025-05-20T21:02:57.598+0300][16140][14288][debug][gc,phases] GC(7)     Total                          Min: 0, Avg:  0.0, Max: 0, Diff: 0, Sum: 0, Workers: 8
[2025-05-20T21:02:57.598+0300][16140][14288][debug][gc,phases] GC(7) Weak Processing 0.452ms
[2025-05-20T21:02:57.598+0300][16140][14288][info ][gc,heap  ] GC(7) PSYoungGen: 1220144K(1387008K)->7696K(1223168K) Eden: 1212416K(1212416K)->0K(1212416K) From: 7728K(174592K)->7696K(10752K)
[2025-05-20T21:02:57.598+0300][16140][14288][info ][gc,heap  ] GC(7) ParOldGen: 3156K(2796544K)->3164K(2796544K)
[2025-05-20T21:02:57.598+0300][16140][14288][info ][gc       ] GC(7) Pause Young (Allocation Failure) 1194M->10M(3925M) 1.955ms
[2025-05-20T21:02:57.598+0300][16140][14288][debug][gc,heap  ] GC(7) Heap after GC invocations=8 (full 1):
[2025-05-20T21:02:57.598+0300][16140][14288][debug][gc,heap  ] GC(7)  PSYoungGen      total 1223168K, used 7696K [0x00000007aab00000, 0x0000000800000000, 0x0000000800000000)
[2025-05-20T21:02:57.598+0300][16140][14288][debug][gc,heap  ] GC(7)   eden space 1212416K, 0% used [0x00000007aab00000,0x00000007aab00000,0x00000007f4b00000)
[2025-05-20T21:02:57.598+0300][16140][14288][debug][gc,heap  ] GC(7)   from space 10752K, 71% used [0x00000007f4b00000,0x00000007f52840c0,0x00000007f5580000)
[2025-05-20T21:02:57.598+0300][16140][14288][debug][gc,heap  ] GC(7)   to   space 10752K, 0% used [0x00000007ff580000,0x00000007ff580000,0x0000000800000000)
[2025-05-20T21:02:57.598+0300][16140][14288][debug][gc,heap  ] GC(7)  ParOldGen       total 2796544K, used 3164K [0x0000000700000000, 0x00000007aab00000, 0x00000007aab00000)
[2025-05-20T21:02:57.598+0300][16140][14288][debug][gc,heap  ] GC(7)   object space 2796544K, 0% used [0x0000000700000000,0x00000007003172c0,0x00000007aab00000)
[2025-05-20T21:02:57.598+0300][16140][14288][debug][gc,heap  ] GC(7)  Metaspace       used 8994K, committed 9536K, reserved 1114112K
[2025-05-20T21:02:57.598+0300][16140][14288][debug][gc,heap  ] GC(7)   class space    used 978K, committed 1216K, reserved 1048576K
[2025-05-20T21:02:57.598+0300][16140][14288][info ][safepoint] Safepoint "ParallelGCFailedAllocation", Time since last: 248705000 ns, Reaching safepoint: 254800 ns, Cleanup: 18300 ns, At safepoint: 2268600 ns, Total: 2541700 ns
[2025-05-20T21:02:57.856+0300][16140][14288][debug][safepoint] Safepoint synchronization initiated using striped semaphore wait barrier. (19 threads)
[2025-05-20T21:02:57.856+0300][16140][14304][debug][safepoint] ... found polling page loop exception at pc = 0x000002291aa34de0, stub =0x000002291a434d80
[2025-05-20T21:02:57.856+0300][16140][13308][debug][safepoint] ... found polling page loop exception at pc = 0x000002291aa34de0, stub =0x000002291a434d80
[2025-05-20T21:02:57.856+0300][16140][1112 ][debug][safepoint] ... found polling page loop exception at pc = 0x000002291aa34de0, stub =0x000002291a434d80
[2025-05-20T21:02:57.856+0300][16140][11488][debug][safepoint] ... found polling page loop exception at pc = 0x000002291aa34de0, stub =0x000002291a434d80
[2025-05-20T21:02:57.856+0300][16140][14356][debug][safepoint] ... found polling page loop exception at pc = 0x000002291aa3e5af, stub =0x000002291a435600
[2025-05-20T21:02:57.856+0300][16140][14288][debug][gc,heap  ] GC(8) Heap before GC invocations=9 (full 1):
[2025-05-20T21:02:57.856+0300][16140][14288][debug][gc,heap  ] GC(8)  PSYoungGen      total 1223168K, used 1220112K [0x00000007aab00000, 0x0000000800000000, 0x0000000800000000)
[2025-05-20T21:02:57.856+0300][16140][14288][debug][gc,heap  ] GC(8)   eden space 1212416K, 100% used [0x00000007aab00000,0x00000007f4b00000,0x00000007f4b00000)
[2025-05-20T21:02:57.856+0300][16140][14288][debug][gc,heap  ] GC(8)   from space 10752K, 71% used [0x00000007f4b00000,0x00000007f52840c0,0x00000007f5580000)
[2025-05-20T21:02:57.856+0300][16140][14288][debug][gc,heap  ] GC(8)   to   space 10752K, 0% used [0x00000007ff580000,0x00000007ff580000,0x0000000800000000)
[2025-05-20T21:02:57.856+0300][16140][14288][debug][gc,heap  ] GC(8)  ParOldGen       total 2796544K, used 3164K [0x0000000700000000, 0x00000007aab00000, 0x00000007aab00000)
[2025-05-20T21:02:57.856+0300][16140][14288][debug][gc,heap  ] GC(8)   object space 2796544K, 0% used [0x0000000700000000,0x00000007003172c0,0x00000007aab00000)
[2025-05-20T21:02:57.856+0300][16140][14288][debug][gc,heap  ] GC(8)  Metaspace       used 8994K, committed 9536K, reserved 1114112K
[2025-05-20T21:02:57.856+0300][16140][14288][debug][gc,heap  ] GC(8)   class space    used 978K, committed 1216K, reserved 1048576K
[2025-05-20T21:02:57.858+0300][16140][14288][debug][gc,phases] GC(8) Scavenge 1.243ms
[2025-05-20T21:02:57.858+0300][16140][14288][debug][gc,phases] GC(8) Reference Processing 0.059ms
[2025-05-20T21:02:57.858+0300][16140][14288][debug][gc,phases] GC(8)   VM Weak                        Min:  0.0, Avg:  0.0, Max:  0.0, Diff:  0.0, Sum:  0.0, Workers: 8
[2025-05-20T21:02:57.858+0300][16140][14288][debug][gc,phases] GC(8)     Dead                           Min: 0, Avg:  0.0, Max: 0, Diff: 0, Sum: 0, Workers: 8
[2025-05-20T21:02:57.858+0300][16140][14288][debug][gc,phases] GC(8)     Total                          Min: 0, Avg: 46.5, Max: 128, Diff: 128, Sum: 372, Workers: 8
[2025-05-20T21:02:57.858+0300][16140][14288][debug][gc,phases] GC(8)   ObjectSynchronizer Weak        Min:  0.0, Avg:  0.0, Max:  0.0, Diff:  0.0, Sum:  0.0, Workers: 8
[2025-05-20T21:02:57.858+0300][16140][14288][debug][gc,phases] GC(8)     Dead                           Min: 0, Avg:  0.0, Max: 0, Diff: 0, Sum: 0, Workers: 8
[2025-05-20T21:02:57.858+0300][16140][14288][debug][gc,phases] GC(8)     Total                          Min: 0, Avg: 18.6, Max: 64, Diff: 64, Sum: 149, Workers: 8
[2025-05-20T21:02:57.858+0300][16140][14288][debug][gc,phases] GC(8)   JVMTI Tag Weak OopStorage      Min:  0.0, Avg:  0.0, Max:  0.0, Diff:  0.0, Sum:  0.0, Workers: 8
[2025-05-20T21:02:57.858+0300][16140][14288][debug][gc,phases] GC(8)     Dead                           Min: 0, Avg:  0.0, Max: 0, Diff: 0, Sum: 0, Workers: 8
[2025-05-20T21:02:57.858+0300][16140][14288][debug][gc,phases] GC(8)     Total                          Min: 0, Avg:  0.0, Max: 0, Diff: 0, Sum: 0, Workers: 8
[2025-05-20T21:02:57.858+0300][16140][14288][debug][gc,phases] GC(8)   StringTable Weak               Min:  0.0, Avg:  0.0, Max:  0.0, Diff:  0.0, Sum:  0.1, Workers: 8
[2025-05-20T21:02:57.858+0300][16140][14288][debug][gc,phases] GC(8)     Dead                           Min: 0, Avg:  0.0, Max: 0, Diff: 0, Sum: 0, Workers: 8
[2025-05-20T21:02:57.858+0300][16140][14288][debug][gc,phases] GC(8)     Total                          Min: 0, Avg: 782.0, Max: 1024, Diff: 1024, Sum: 6256, Workers: 8
[2025-05-20T21:02:57.858+0300][16140][14288][debug][gc,phases] GC(8)   ResolvedMethodTable Weak       Min:  0.0, Avg:  0.0, Max:  0.0, Diff:  0.0, Sum:  0.0, Workers: 8
[2025-05-20T21:02:57.858+0300][16140][14288][debug][gc,phases] GC(8)     Dead                           Min: 0, Avg:  0.0, Max: 0, Diff: 0, Sum: 0, Workers: 8
[2025-05-20T21:02:57.858+0300][16140][14288][debug][gc,phases] GC(8)     Total                          Min: 0, Avg: 109.5, Max: 256, Diff: 256, Sum: 876, Workers: 8
[2025-05-20T21:02:57.858+0300][16140][14288][debug][gc,phases] GC(8)   JNI Weak                       Min:  0.0, Avg:  0.0, Max:  0.0, Diff:  0.0, Sum:  0.0, Workers: 8
[2025-05-20T21:02:57.858+0300][16140][14288][debug][gc,phases] GC(8)     Dead                           Min: 0, Avg:  0.0, Max: 0, Diff: 0, Sum: 0, Workers: 8
[2025-05-20T21:02:57.858+0300][16140][14288][debug][gc,phases] GC(8)     Total                          Min: 0, Avg:  0.0, Max: 0, Diff: 0, Sum: 0, Workers: 8
[2025-05-20T21:02:57.858+0300][16140][14288][debug][gc,phases] GC(8)   StringDedup Table Weak         Min:  0.0, Avg:  0.0, Max:  0.0, Diff:  0.0, Sum:  0.0, Workers: 8
[2025-05-20T21:02:57.858+0300][16140][14288][debug][gc,phases] GC(8)     Dead                           Min: 0, Avg:  0.0, Max: 0, Diff: 0, Sum: 0, Workers: 8
[2025-05-20T21:02:57.858+0300][16140][14288][debug][gc,phases] GC(8)     Total                          Min: 0, Avg:  0.0, Max: 0, Diff: 0, Sum: 0, Workers: 8
[2025-05-20T21:02:57.858+0300][16140][14288][debug][gc,phases] GC(8)   StringDedup Requests0 Weak     Min:  0.0, Avg:  0.0, Max:  0.0, Diff:  0.0, Sum:  0.0, Workers: 8
[2025-05-20T21:02:57.858+0300][16140][14288][debug][gc,phases] GC(8)     Dead                           Min: 0, Avg:  0.0, Max: 0, Diff: 0, Sum: 0, Workers: 8
[2025-05-20T21:02:57.858+0300][16140][14288][debug][gc,phases] GC(8)     Total                          Min: 0, Avg:  0.0, Max: 0, Diff: 0, Sum: 0, Workers: 8
[2025-05-20T21:02:57.858+0300][16140][14288][debug][gc,phases] GC(8)   StringDedup Requests1 Weak     Min:  0.0, Avg:  0.0, Max:  0.0, Diff:  0.0, Sum:  0.0, Workers: 8
[2025-05-20T21:02:57.858+0300][16140][14288][debug][gc,phases] GC(8)     Dead                           Min: 0, Avg:  0.0, Max: 0, Diff: 0, Sum: 0, Workers: 8
[2025-05-20T21:02:57.858+0300][16140][14288][debug][gc,phases] GC(8)     Total                          Min: 0, Avg:  0.0, Max: 0, Diff: 0, Sum: 0, Workers: 8
[2025-05-20T21:02:57.858+0300][16140][14288][debug][gc,phases] GC(8)   Weak JFR Old Object Samples    Min:  0.0, Avg:  0.0, Max:  0.0, Diff:  0.0, Sum:  0.0, Workers: 8
[2025-05-20T21:02:57.858+0300][16140][14288][debug][gc,phases] GC(8)     Dead                           Min: 0, Avg:  0.0, Max: 0, Diff: 0, Sum: 0, Workers: 8
[2025-05-20T21:02:57.858+0300][16140][14288][debug][gc,phases] GC(8)     Total                          Min: 0, Avg:  0.0, Max: 0, Diff: 0, Sum: 0, Workers: 8
[2025-05-20T21:02:57.858+0300][16140][14288][debug][gc,phases] GC(8) Weak Processing 0.424ms
[2025-05-20T21:02:57.858+0300][16140][14288][info ][gc,heap  ] GC(8) PSYoungGen: 1220112K(1223168K)->608K(1385984K) Eden: 1212416K(1212416K)->0K(1375232K) From: 7696K(10752K)->608K(10752K)
[2025-05-20T21:02:57.858+0300][16140][14288][info ][gc,heap  ] GC(8) ParOldGen: 3164K(2796544K)->10246K(2796544K)
[2025-05-20T21:02:57.858+0300][16140][14288][info ][gc       ] GC(8) Pause Young (Allocation Failure) 1194M->10M(4084M) 1.843ms
[2025-05-20T21:02:57.858+0300][16140][14288][debug][gc,heap  ] GC(8) Heap after GC invocations=9 (full 1):
[2025-05-20T21:02:57.858+0300][16140][14288][debug][gc,heap  ] GC(8)  PSYoungGen      total 1385984K, used 608K [0x00000007aab00000, 0x0000000800000000, 0x0000000800000000)
[2025-05-20T21:02:57.858+0300][16140][14288][debug][gc,heap  ] GC(8)   eden space 1375232K, 0% used [0x00000007aab00000,0x00000007aab00000,0x00000007fea00000)
[2025-05-20T21:02:57.858+0300][16140][14288][debug][gc,heap  ] GC(8)   from space 10752K, 5% used [0x00000007ff580000,0x00000007ff618080,0x0000000800000000)
[2025-05-20T21:02:57.858+0300][16140][14288][debug][gc,heap  ] GC(8)   to   space 11264K, 0% used [0x00000007fea00000,0x00000007fea00000,0x00000007ff500000)
[2025-05-20T21:02:57.858+0300][16140][14288][debug][gc,heap  ] GC(8)  ParOldGen       total 2796544K, used 10246K [0x0000000700000000, 0x00000007aab00000, 0x00000007aab00000)
[2025-05-20T21:02:57.858+0300][16140][14288][debug][gc,heap  ] GC(8)   object space 2796544K, 0% used [0x0000000700000000,0x0000000700a019f8,0x00000007aab00000)
[2025-05-20T21:02:57.858+0300][16140][14288][debug][gc,heap  ] GC(8)  Metaspace       used 8994K, committed 9536K, reserved 1114112K
[2025-05-20T21:02:57.858+0300][16140][14288][debug][gc,heap  ] GC(8)   class space    used 978K, committed 1216K, reserved 1048576K
[2025-05-20T21:02:57.858+0300][16140][14288][info ][safepoint] Safepoint "ParallelGCFailedAllocation", Time since last: 256126300 ns, Reaching safepoint: 266600 ns, Cleanup: 7000 ns, At safepoint: 2188400 ns, Total: 2462000 ns
[2025-05-20T21:02:58.140+0300][16140][14288][debug][safepoint] Safepoint synchronization initiated using striped semaphore wait barrier. (19 threads)
[2025-05-20T21:02:58.140+0300][16140][9312 ][debug][safepoint] ... found polling page loop exception at pc = 0x000002291aa34de0, stub =0x000002291a434d80
[2025-05-20T21:02:58.140+0300][16140][14304][debug][safepoint] ... found polling page loop exception at pc = 0x000002291aa34de0, stub =0x000002291a434d80
[2025-05-20T21:02:58.140+0300][16140][1112 ][debug][safepoint] ... found polling page loop exception at pc = 0x000002291aa34de0, stub =0x000002291a434d80
[2025-05-20T21:02:58.140+0300][16140][14288][debug][gc,heap  ] GC(9) Heap before GC invocations=10 (full 1):
[2025-05-20T21:02:58.140+0300][16140][14288][debug][gc,heap  ] GC(9)  PSYoungGen      total 1385984K, used 1375840K [0x00000007aab00000, 0x0000000800000000, 0x0000000800000000)
[2025-05-20T21:02:58.140+0300][16140][14288][debug][gc,heap  ] GC(9)   eden space 1375232K, 100% used [0x00000007aab00000,0x00000007fea00000,0x00000007fea00000)
[2025-05-20T21:02:58.140+0300][16140][14288][debug][gc,heap  ] GC(9)   from space 10752K, 5% used [0x00000007ff580000,0x00000007ff618080,0x0000000800000000)
[2025-05-20T21:02:58.140+0300][16140][14288][debug][gc,heap  ] GC(9)   to   space 11264K, 0% used [0x00000007fea00000,0x00000007fea00000,0x00000007ff500000)
[2025-05-20T21:02:58.140+0300][16140][14288][debug][gc,heap  ] GC(9)  ParOldGen       total 2796544K, used 10246K [0x0000000700000000, 0x00000007aab00000, 0x00000007aab00000)
[2025-05-20T21:02:58.140+0300][16140][14288][debug][gc,heap  ] GC(9)   object space 2796544K, 0% used [0x0000000700000000,0x0000000700a019f8,0x00000007aab00000)
[2025-05-20T21:02:58.140+0300][16140][14288][debug][gc,heap  ] GC(9)  Metaspace       used 8994K, committed 9536K, reserved 1114112K
[2025-05-20T21:02:58.140+0300][16140][14288][debug][gc,heap  ] GC(9)   class space    used 978K, committed 1216K, reserved 1048576K
[2025-05-20T21:02:58.140+0300][16140][14288][debug][gc,phases] GC(9) Scavenge 0.396ms
[2025-05-20T21:02:58.140+0300][16140][14288][debug][gc,phases] GC(9) Reference Processing 0.069ms
[2025-05-20T21:02:58.140+0300][16140][14288][debug][gc,phases] GC(9)   VM Weak                        Min:  0.0, Avg:  0.0, Max:  0.0, Diff:  0.0, Sum:  0.0, Workers: 8
[2025-05-20T21:02:58.140+0300][16140][14288][debug][gc,phases] GC(9)     Dead                           Min: 0, Avg:  0.0, Max: 0, Diff: 0, Sum: 0, Workers: 8
[2025-05-20T21:02:58.140+0300][16140][14288][debug][gc,phases] GC(9)     Total                          Min: 0, Avg: 46.5, Max: 192, Diff: 192, Sum: 372, Workers: 8
[2025-05-20T21:02:58.140+0300][16140][14288][debug][gc,phases] GC(9)   ObjectSynchronizer Weak        Min:  0.0, Avg:  0.0, Max:  0.0, Diff:  0.0, Sum:  0.0, Workers: 8
[2025-05-20T21:02:58.140+0300][16140][14288][debug][gc,phases] GC(9)     Dead                           Min: 0, Avg:  0.0, Max: 0, Diff: 0, Sum: 0, Workers: 8
[2025-05-20T21:02:58.140+0300][16140][14288][debug][gc,phases] GC(9)     Total                          Min: 0, Avg: 18.6, Max: 64, Diff: 64, Sum: 149, Workers: 8
[2025-05-20T21:02:58.140+0300][16140][14288][debug][gc,phases] GC(9)   JVMTI Tag Weak OopStorage      Min:  0.0, Avg:  0.0, Max:  0.0, Diff:  0.0, Sum:  0.0, Workers: 8
[2025-05-20T21:02:58.140+0300][16140][14288][debug][gc,phases] GC(9)     Dead                           Min: 0, Avg:  0.0, Max: 0, Diff: 0, Sum: 0, Workers: 8
[2025-05-20T21:02:58.140+0300][16140][14288][debug][gc,phases] GC(9)     Total                          Min: 0, Avg:  0.0, Max: 0, Diff: 0, Sum: 0, Workers: 8
[2025-05-20T21:02:58.140+0300][16140][14288][debug][gc,phases] GC(9)   StringTable Weak               Min:  0.0, Avg:  0.0, Max:  0.0, Diff:  0.0, Sum:  0.1, Workers: 8
[2025-05-20T21:02:58.140+0300][16140][14288][debug][gc,phases] GC(9)     Dead                           Min: 0, Avg:  0.0, Max: 0, Diff: 0, Sum: 0, Workers: 8
[2025-05-20T21:02:58.140+0300][16140][14288][debug][gc,phases] GC(9)     Total                          Min: 640, Avg: 782.0, Max: 896, Diff: 256, Sum: 6256, Workers: 8
[2025-05-20T21:02:58.140+0300][16140][14288][debug][gc,phases] GC(9)   ResolvedMethodTable Weak       Min:  0.0, Avg:  0.0, Max:  0.0, Diff:  0.0, Sum:  0.0, Workers: 8
[2025-05-20T21:02:58.140+0300][16140][14288][debug][gc,phases] GC(9)     Dead                           Min: 0, Avg:  0.0, Max: 0, Diff: 0, Sum: 0, Workers: 8
[2025-05-20T21:02:58.140+0300][16140][14288][debug][gc,phases] GC(9)     Total                          Min: 0, Avg: 109.5, Max: 172, Diff: 172, Sum: 876, Workers: 8
[2025-05-20T21:02:58.140+0300][16140][14288][debug][gc,phases] GC(9)   JNI Weak                       Min:  0.0, Avg:  0.0, Max:  0.0, Diff:  0.0, Sum:  0.0, Workers: 8
[2025-05-20T21:02:58.140+0300][16140][14288][debug][gc,phases] GC(9)     Dead                           Min: 0, Avg:  0.0, Max: 0, Diff: 0, Sum: 0, Workers: 8
[2025-05-20T21:02:58.140+0300][16140][14288][debug][gc,phases] GC(9)     Total                          Min: 0, Avg:  0.0, Max: 0, Diff: 0, Sum: 0, Workers: 8
[2025-05-20T21:02:58.140+0300][16140][14288][debug][gc,phases] GC(9)   StringDedup Table Weak         Min:  0.0, Avg:  0.0, Max:  0.0, Diff:  0.0, Sum:  0.0, Workers: 8
[2025-05-20T21:02:58.140+0300][16140][14288][debug][gc,phases] GC(9)     Dead                           Min: 0, Avg:  0.0, Max: 0, Diff: 0, Sum: 0, Workers: 8
[2025-05-20T21:02:58.140+0300][16140][14288][debug][gc,phases] GC(9)     Total                          Min: 0, Avg:  0.0, Max: 0, Diff: 0, Sum: 0, Workers: 8
[2025-05-20T21:02:58.140+0300][16140][14288][debug][gc,phases] GC(9)   StringDedup Requests0 Weak     Min:  0.0, Avg:  0.0, Max:  0.0, Diff:  0.0, Sum:  0.0, Workers: 8
[2025-05-20T21:02:58.140+0300][16140][14288][debug][gc,phases] GC(9)     Dead                           Min: 0, Avg:  0.0, Max: 0, Diff: 0, Sum: 0, Workers: 8
[2025-05-20T21:02:58.140+0300][16140][14288][debug][gc,phases] GC(9)     Total                          Min: 0, Avg:  0.0, Max: 0, Diff: 0, Sum: 0, Workers: 8
[2025-05-20T21:02:58.140+0300][16140][14288][debug][gc,phases] GC(9)   StringDedup Requests1 Weak     Min:  0.0, Avg:  0.0, Max:  0.0, Diff:  0.0, Sum:  0.0, Workers: 8
[2025-05-20T21:02:58.140+0300][16140][14288][debug][gc,phases] GC(9)     Dead                           Min: 0, Avg:  0.0, Max: 0, Diff: 0, Sum: 0, Workers: 8
[2025-05-20T21:02:58.140+0300][16140][14288][debug][gc,phases] GC(9)     Total                          Min: 0, Avg:  0.0, Max: 0, Diff: 0, Sum: 0, Workers: 8
[2025-05-20T21:02:58.140+0300][16140][14288][debug][gc,phases] GC(9)   Weak JFR Old Object Samples    Min:  0.0, Avg:  0.0, Max:  0.0, Diff:  0.0, Sum:  0.0, Workers: 8
[2025-05-20T21:02:58.140+0300][16140][14288][debug][gc,phases] GC(9)     Dead                           Min: 0, Avg:  0.0, Max: 0, Diff: 0, Sum: 0, Workers: 8
[2025-05-20T21:02:58.140+0300][16140][14288][debug][gc,phases] GC(9)     Total                          Min: 0, Avg:  0.0, Max: 0, Diff: 0, Sum: 0, Workers: 8
[2025-05-20T21:02:58.140+0300][16140][14288][debug][gc,phases] GC(9) Weak Processing 0.462ms
[2025-05-20T21:02:58.140+0300][16140][14288][info ][gc,heap  ] GC(9) PSYoungGen: 1375840K(1385984K)->608K(1376256K) Eden: 1375232K(1375232K)->0K(1375232K) From: 608K(10752K)->608K(1024K)
[2025-05-20T21:02:58.140+0300][16140][14288][info ][gc,heap  ] GC(9) ParOldGen: 10246K(2796544K)->10262K(2796544K)
[2025-05-20T21:02:58.140+0300][16140][14288][info ][gc       ] GC(9) Pause Young (Allocation Failure) 1353M->10M(4075M) 1.066ms
[2025-05-20T21:02:58.140+0300][16140][14288][debug][gc,heap  ] GC(9) Heap after GC invocations=10 (full 1):
[2025-05-20T21:02:58.140+0300][16140][14288][debug][gc,heap  ] GC(9)  PSYoungGen      total 1376256K, used 608K [0x00000007aab00000, 0x0000000800000000, 0x0000000800000000)
[2025-05-20T21:02:58.140+0300][16140][14288][debug][gc,heap  ] GC(9)   eden space 1375232K, 0% used [0x00000007aab00000,0x00000007aab00000,0x00000007fea00000)
[2025-05-20T21:02:58.140+0300][16140][14288][debug][gc,heap  ] GC(9)   from space 1024K, 59% used [0x00000007fea00000,0x00000007fea980c0,0x00000007feb00000)
[2025-05-20T21:02:58.140+0300][16140][14288][debug][gc,heap  ] GC(9)   to   space 11776K, 0% used [0x00000007ff480000,0x00000007ff480000,0x0000000800000000)
[2025-05-20T21:02:58.140+0300][16140][14288][debug][gc,heap  ] GC(9)  ParOldGen       total 2796544K, used 10262K [0x0000000700000000, 0x00000007aab00000, 0x00000007aab00000)
[2025-05-20T21:02:58.140+0300][16140][14288][debug][gc,heap  ] GC(9)   object space 2796544K, 0% used [0x0000000700000000,0x0000000700a059f8,0x00000007aab00000)
[2025-05-20T21:02:58.140+0300][16140][14288][debug][gc,heap  ] GC(9)  Metaspace       used 8994K, committed 9536K, reserved 1114112K
[2025-05-20T21:02:58.140+0300][16140][14288][debug][gc,heap  ] GC(9)   class space    used 978K, committed 1216K, reserved 1048576K
[2025-05-20T21:02:58.140+0300][16140][14288][info ][safepoint] Safepoint "ParallelGCFailedAllocation", Time since last: 282703600 ns, Reaching safepoint: 325200 ns, Cleanup: 18100 ns, At safepoint: 1398500 ns, Total: 1741800 ns
[2025-05-20T21:02:58.411+0300][16140][14288][debug][safepoint] Safepoint synchronization initiated using striped semaphore wait barrier. (19 threads)
[2025-05-20T21:02:58.411+0300][16140][13308][debug][safepoint] ... found polling page loop exception at pc = 0x000002291aa34de0, stub =0x000002291a434d80
[2025-05-20T21:02:58.411+0300][16140][14604][debug][safepoint] ... found polling page loop exception at pc = 0x000002291aa34de0, stub =0x000002291a434d80
[2025-05-20T21:02:58.411+0300][16140][1492 ][debug][safepoint] ... found polling page loop exception at pc = 0x000002291aa34de0, stub =0x000002291a434d80
[2025-05-20T21:02:58.411+0300][16140][14356][debug][safepoint] ... found polling page loop exception at pc = 0x000002291aa34de0, stub =0x000002291a434d80
[2025-05-20T21:02:58.411+0300][16140][14304][debug][safepoint] ... found polling page loop exception at pc = 0x000002291aa7b229, stub =0x000002291a435600
[2025-05-20T21:02:58.411+0300][16140][14288][debug][gc,heap  ] GC(10) Heap before GC invocations=11 (full 1):
[2025-05-20T21:02:58.411+0300][16140][14288][debug][gc,heap  ] GC(10)  PSYoungGen      total 1376256K, used 1375840K [0x00000007aab00000, 0x0000000800000000, 0x0000000800000000)
[2025-05-20T21:02:58.411+0300][16140][14288][debug][gc,heap  ] GC(10)   eden space 1375232K, 100% used [0x00000007aab00000,0x00000007fea00000,0x00000007fea00000)
[2025-05-20T21:02:58.411+0300][16140][14288][debug][gc,heap  ] GC(10)   from space 1024K, 59% used [0x00000007fea00000,0x00000007fea980c0,0x00000007feb00000)
[2025-05-20T21:02:58.411+0300][16140][14288][debug][gc,heap  ] GC(10)   to   space 11776K, 0% used [0x00000007ff480000,0x00000007ff480000,0x0000000800000000)
[2025-05-20T21:02:58.411+0300][16140][14288][debug][gc,heap  ] GC(10)  ParOldGen       total 2796544K, used 10262K [0x0000000700000000, 0x00000007aab00000, 0x00000007aab00000)
[2025-05-20T21:02:58.411+0300][16140][14288][debug][gc,heap  ] GC(10)   object space 2796544K, 0% used [0x0000000700000000,0x0000000700a059f8,0x00000007aab00000)
[2025-05-20T21:02:58.411+0300][16140][14288][debug][gc,heap  ] GC(10)  Metaspace       used 8997K, committed 9536K, reserved 1114112K
[2025-05-20T21:02:58.411+0300][16140][14288][debug][gc,heap  ] GC(10)   class space    used 978K, committed 1216K, reserved 1048576K
[2025-05-20T21:02:58.411+0300][16140][14288][debug][gc,phases] GC(10) Scavenge 0.199ms
[2025-05-20T21:02:58.411+0300][16140][14288][debug][gc,phases] GC(10) Reference Processing 0.057ms
[2025-05-20T21:02:58.411+0300][16140][14288][debug][gc,phases] GC(10)   VM Weak                        Min:  0.0, Avg:  0.0, Max:  0.0, Diff:  0.0, Sum:  0.0, Workers: 8
[2025-05-20T21:02:58.411+0300][16140][14288][debug][gc,phases] GC(10)     Dead                           Min: 0, Avg:  0.0, Max: 0, Diff: 0, Sum: 0, Workers: 8
[2025-05-20T21:02:58.411+0300][16140][14288][debug][gc,phases] GC(10)     Total                          Min: 0, Avg: 46.5, Max: 320, Diff: 320, Sum: 372, Workers: 8
[2025-05-20T21:02:58.411+0300][16140][14288][debug][gc,phases] GC(10)   ObjectSynchronizer Weak        Min:  0.0, Avg:  0.0, Max:  0.0, Diff:  0.0, Sum:  0.0, Workers: 8
[2025-05-20T21:02:58.411+0300][16140][14288][debug][gc,phases] GC(10)     Dead                           Min: 0, Avg:  0.0, Max: 0, Diff: 0, Sum: 0, Workers: 8
[2025-05-20T21:02:58.411+0300][16140][14288][debug][gc,phases] GC(10)     Total                          Min: 0, Avg: 18.6, Max: 64, Diff: 64, Sum: 149, Workers: 8
[2025-05-20T21:02:58.411+0300][16140][14288][debug][gc,phases] GC(10)   JVMTI Tag Weak OopStorage      Min:  0.0, Avg:  0.0, Max:  0.0, Diff:  0.0, Sum:  0.0, Workers: 8
[2025-05-20T21:02:58.411+0300][16140][14288][debug][gc,phases] GC(10)     Dead                           Min: 0, Avg:  0.0, Max: 0, Diff: 0, Sum: 0, Workers: 8
[2025-05-20T21:02:58.411+0300][16140][14288][debug][gc,phases] GC(10)     Total                          Min: 0, Avg:  0.0, Max: 0, Diff: 0, Sum: 0, Workers: 8
[2025-05-20T21:02:58.411+0300][16140][14288][debug][gc,phases] GC(10)   StringTable Weak               Min:  0.0, Avg:  0.0, Max:  0.0, Diff:  0.0, Sum:  0.0, Workers: 8
[2025-05-20T21:02:58.411+0300][16140][14288][debug][gc,phases] GC(10)     Dead                           Min: 0, Avg:  0.0, Max: 0, Diff: 0, Sum: 0, Workers: 8
[2025-05-20T21:02:58.411+0300][16140][14288][debug][gc,phases] GC(10)     Total                          Min: 704, Avg: 782.1, Max: 832, Diff: 128, Sum: 6257, Workers: 8
[2025-05-20T21:02:58.411+0300][16140][14288][debug][gc,phases] GC(10)   ResolvedMethodTable Weak       Min:  0.0, Avg:  0.0, Max:  0.0, Diff:  0.0, Sum:  0.0, Workers: 8
[2025-05-20T21:02:58.411+0300][16140][14288][debug][gc,phases] GC(10)     Dead                           Min: 0, Avg:  0.0, Max: 0, Diff: 0, Sum: 0, Workers: 8
[2025-05-20T21:02:58.411+0300][16140][14288][debug][gc,phases] GC(10)     Total                          Min: 0, Avg: 109.5, Max: 128, Diff: 128, Sum: 876, Workers: 8
[2025-05-20T21:02:58.411+0300][16140][14288][debug][gc,phases] GC(10)   JNI Weak                       Min:  0.0, Avg:  0.0, Max:  0.0, Diff:  0.0, Sum:  0.0, Workers: 8
[2025-05-20T21:02:58.411+0300][16140][14288][debug][gc,phases] GC(10)     Dead                           Min: 0, Avg:  0.0, Max: 0, Diff: 0, Sum: 0, Workers: 8
[2025-05-20T21:02:58.411+0300][16140][14288][debug][gc,phases] GC(10)     Total                          Min: 0, Avg:  0.0, Max: 0, Diff: 0, Sum: 0, Workers: 8
[2025-05-20T21:02:58.411+0300][16140][14288][debug][gc,phases] GC(10)   StringDedup Table Weak         Min:  0.0, Avg:  0.0, Max:  0.0, Diff:  0.0, Sum:  0.0, Workers: 8
[2025-05-20T21:02:58.411+0300][16140][14288][debug][gc,phases] GC(10)     Dead                           Min: 0, Avg:  0.0, Max: 0, Diff: 0, Sum: 0, Workers: 8
[2025-05-20T21:02:58.411+0300][16140][14288][debug][gc,phases] GC(10)     Total                          Min: 0, Avg:  0.0, Max: 0, Diff: 0, Sum: 0, Workers: 8
[2025-05-20T21:02:58.411+0300][16140][14288][debug][gc,phases] GC(10)   StringDedup Requests0 Weak     Min:  0.0, Avg:  0.0, Max:  0.0, Diff:  0.0, Sum:  0.0, Workers: 8
[2025-05-20T21:02:58.411+0300][16140][14288][debug][gc,phases] GC(10)     Dead                           Min: 0, Avg:  0.0, Max: 0, Diff: 0, Sum: 0, Workers: 8
[2025-05-20T21:02:58.411+0300][16140][14288][debug][gc,phases] GC(10)     Total                          Min: 0, Avg:  0.0, Max: 0, Diff: 0, Sum: 0, Workers: 8
[2025-05-20T21:02:58.411+0300][16140][14288][debug][gc,phases] GC(10)   StringDedup Requests1 Weak     Min:  0.0, Avg:  0.0, Max:  0.0, Diff:  0.0, Sum:  0.0, Workers: 8
[2025-05-20T21:02:58.411+0300][16140][14288][debug][gc,phases] GC(10)     Dead                           Min: 0, Avg:  0.0, Max: 0, Diff: 0, Sum: 0, Workers: 8
[2025-05-20T21:02:58.411+0300][16140][14288][debug][gc,phases] GC(10)     Total                          Min: 0, Avg:  0.0, Max: 0, Diff: 0, Sum: 0, Workers: 8
[2025-05-20T21:02:58.411+0300][16140][14288][debug][gc,phases] GC(10)   Weak JFR Old Object Samples    Min:  0.0, Avg:  0.0, Max:  0.0, Diff:  0.0, Sum:  0.0, Workers: 8
[2025-05-20T21:02:58.411+0300][16140][14288][debug][gc,phases] GC(10)     Dead                           Min: 0, Avg:  0.0, Max: 0, Diff: 0, Sum: 0, Workers: 8
[2025-05-20T21:02:58.411+0300][16140][14288][debug][gc,phases] GC(10)     Total                          Min: 0, Avg:  0.0, Max: 0, Diff: 0, Sum: 0, Workers: 8
[2025-05-20T21:02:58.411+0300][16140][14288][debug][gc,phases] GC(10) Weak Processing 0.379ms
[2025-05-20T21:02:58.411+0300][16140][14288][info ][gc,heap  ] GC(10) PSYoungGen: 1375840K(1376256K)->544K(1384960K) Eden: 1375232K(1375232K)->0K(1373184K) From: 608K(1024K)->544K(11776K)
[2025-05-20T21:02:58.411+0300][16140][14288][info ][gc,heap  ] GC(10) ParOldGen: 10262K(2796544K)->10278K(2796544K)
[2025-05-20T21:02:58.411+0300][16140][14288][info ][gc       ] GC(10) Pause Young (Allocation Failure) 1353M->10M(4083M) 0.726ms
[2025-05-20T21:02:58.411+0300][16140][14288][debug][gc,heap  ] GC(10) Heap after GC invocations=11 (full 1):
[2025-05-20T21:02:58.411+0300][16140][14288][debug][gc,heap  ] GC(10)  PSYoungGen      total 1384960K, used 544K [0x00000007aab00000, 0x0000000800000000, 0x0000000800000000)
[2025-05-20T21:02:58.411+0300][16140][14288][debug][gc,heap  ] GC(10)   eden space 1373184K, 0% used [0x00000007aab00000,0x00000007aab00000,0x00000007fe800000)
[2025-05-20T21:02:58.411+0300][16140][14288][debug][gc,heap  ] GC(10)   from space 11776K, 4% used [0x00000007ff480000,0x00000007ff5080e0,0x0000000800000000)
[2025-05-20T21:02:58.411+0300][16140][14288][debug][gc,heap  ] GC(10)   to   space 12288K, 0% used [0x00000007fe800000,0x00000007fe800000,0x00000007ff400000)
[2025-05-20T21:02:58.411+0300][16140][14288][debug][gc,heap  ] GC(10)  ParOldGen       total 2796544K, used 10278K [0x0000000700000000, 0x00000007aab00000, 0x00000007aab00000)
[2025-05-20T21:02:58.411+0300][16140][14288][debug][gc,heap  ] GC(10)   object space 2796544K, 0% used [0x0000000700000000,0x0000000700a099f8,0x00000007aab00000)
[2025-05-20T21:02:58.411+0300][16140][14288][debug][gc,heap  ] GC(10)  Metaspace       used 8997K, committed 9536K, reserved 1114112K
[2025-05-20T21:02:58.411+0300][16140][14288][debug][gc,heap  ] GC(10)   class space    used 978K, committed 1216K, reserved 1048576K
[2025-05-20T21:02:58.411+0300][16140][14288][info ][safepoint] Safepoint "ParallelGCFailedAllocation", Time since last: 268625100 ns, Reaching safepoint: 262700 ns, Cleanup: 9400 ns, At safepoint: 978200 ns, Total: 1250300 ns
[2025-05-20T21:02:58.677+0300][16140][14288][debug][safepoint] Safepoint synchronization initiated using striped semaphore wait barrier. (19 threads)
[2025-05-20T21:02:58.677+0300][16140][1112 ][debug][safepoint] ... found polling page loop exception at pc = 0x000002291aa34de0, stub =0x000002291a434d80
[2025-05-20T21:02:58.677+0300][16140][1492 ][debug][safepoint] ... found polling page loop exception at pc = 0x000002291aa34de0, stub =0x000002291a434d80
[2025-05-20T21:02:58.677+0300][16140][9312 ][debug][safepoint] ... found polling page loop exception at pc = 0x000002291aa34de0, stub =0x000002291a434d80
[2025-05-20T21:02:58.677+0300][16140][14356][debug][safepoint] ... found polling page loop exception at pc = 0x000002291aa34de0, stub =0x000002291a434d80
[2025-05-20T21:02:58.677+0300][16140][14288][debug][gc,heap  ] GC(11) Heap before GC invocations=12 (full 1):
[2025-05-20T21:02:58.677+0300][16140][14288][debug][gc,heap  ] GC(11)  PSYoungGen      total 1384960K, used 1373728K [0x00000007aab00000, 0x0000000800000000, 0x0000000800000000)
[2025-05-20T21:02:58.677+0300][16140][14288][debug][gc,heap  ] GC(11)   eden space 1373184K, 100% used [0x00000007aab00000,0x00000007fe800000,0x00000007fe800000)
[2025-05-20T21:02:58.677+0300][16140][14288][debug][gc,heap  ] GC(11)   from space 11776K, 4% used [0x00000007ff480000,0x00000007ff5080e0,0x0000000800000000)
[2025-05-20T21:02:58.677+0300][16140][14288][debug][gc,heap  ] GC(11)   to   space 12288K, 0% used [0x00000007fe800000,0x00000007fe800000,0x00000007ff400000)
[2025-05-20T21:02:58.677+0300][16140][14288][debug][gc,heap  ] GC(11)  ParOldGen       total 2796544K, used 10278K [0x0000000700000000, 0x00000007aab00000, 0x00000007aab00000)
[2025-05-20T21:02:58.677+0300][16140][14288][debug][gc,heap  ] GC(11)   object space 2796544K, 0% used [0x0000000700000000,0x0000000700a099f8,0x00000007aab00000)
[2025-05-20T21:02:58.677+0300][16140][14288][debug][gc,heap  ] GC(11)  Metaspace       used 8997K, committed 9536K, reserved 1114112K
[2025-05-20T21:02:58.677+0300][16140][14288][debug][gc,heap  ] GC(11)   class space    used 978K, committed 1216K, reserved 1048576K
[2025-05-20T21:02:58.677+0300][16140][14288][debug][gc,phases] GC(11) Scavenge 0.163ms
[2025-05-20T21:02:58.677+0300][16140][14288][debug][gc,phases] GC(11) Reference Processing 0.042ms
[2025-05-20T21:02:58.677+0300][16140][14288][debug][gc,phases] GC(11)   VM Weak                        Min:  0.0, Avg:  0.0, Max:  0.0, Diff:  0.0, Sum:  0.0, Workers: 8
[2025-05-20T21:02:58.677+0300][16140][14288][debug][gc,phases] GC(11)     Dead                           Min: 0, Avg:  0.0, Max: 0, Diff: 0, Sum: 0, Workers: 8
[2025-05-20T21:02:58.677+0300][16140][14288][debug][gc,phases] GC(11)     Total                          Min: 0, Avg: 46.5, Max: 372, Diff: 372, Sum: 372, Workers: 8
[2025-05-20T21:02:58.677+0300][16140][14288][debug][gc,phases] GC(11)   ObjectSynchronizer Weak        Min:  0.0, Avg:  0.0, Max:  0.0, Diff:  0.0, Sum:  0.0, Workers: 8
[2025-05-20T21:02:58.677+0300][16140][14288][debug][gc,phases] GC(11)     Dead                           Min: 0, Avg:  0.0, Max: 0, Diff: 0, Sum: 0, Workers: 8
[2025-05-20T21:02:58.677+0300][16140][14288][debug][gc,phases] GC(11)     Total                          Min: 0, Avg: 18.6, Max: 64, Diff: 64, Sum: 149, Workers: 8
[2025-05-20T21:02:58.677+0300][16140][14288][debug][gc,phases] GC(11)   JVMTI Tag Weak OopStorage      Min:  0.0, Avg:  0.0, Max:  0.0, Diff:  0.0, Sum:  0.0, Workers: 8
[2025-05-20T21:02:58.677+0300][16140][14288][debug][gc,phases] GC(11)     Dead                           Min: 0, Avg:  0.0, Max: 0, Diff: 0, Sum: 0, Workers: 8
[2025-05-20T21:02:58.677+0300][16140][14288][debug][gc,phases] GC(11)     Total                          Min: 0, Avg:  0.0, Max: 0, Diff: 0, Sum: 0, Workers: 8
[2025-05-20T21:02:58.677+0300][16140][14288][debug][gc,phases] GC(11)   StringTable Weak               Min:  0.0, Avg:  0.0, Max:  0.0, Diff:  0.0, Sum:  0.1, Workers: 8
[2025-05-20T21:02:58.677+0300][16140][14288][debug][gc,phases] GC(11)     Dead                           Min: 0, Avg:  0.0, Max: 0, Diff: 0, Sum: 0, Workers: 8
[2025-05-20T21:02:58.677+0300][16140][14288][debug][gc,phases] GC(11)     Total                          Min: 0, Avg: 782.1, Max: 1265, Diff: 1265, Sum: 6257, Workers: 8
[2025-05-20T21:02:58.677+0300][16140][14288][debug][gc,phases] GC(11)   ResolvedMethodTable Weak       Min:  0.0, Avg:  0.0, Max:  0.0, Diff:  0.0, Sum:  0.0, Workers: 8
[2025-05-20T21:02:58.677+0300][16140][14288][debug][gc,phases] GC(11)     Dead                           Min: 0, Avg:  0.0, Max: 0, Diff: 0, Sum: 0, Workers: 8
[2025-05-20T21:02:58.677+0300][16140][14288][debug][gc,phases] GC(11)     Total                          Min: 0, Avg: 109.5, Max: 192, Diff: 192, Sum: 876, Workers: 8
[2025-05-20T21:02:58.677+0300][16140][14288][debug][gc,phases] GC(11)   JNI Weak                       Min:  0.0, Avg:  0.0, Max:  0.0, Diff:  0.0, Sum:  0.0, Workers: 8
[2025-05-20T21:02:58.677+0300][16140][14288][debug][gc,phases] GC(11)     Dead                           Min: 0, Avg:  0.0, Max: 0, Diff: 0, Sum: 0, Workers: 8
[2025-05-20T21:02:58.677+0300][16140][14288][debug][gc,phases] GC(11)     Total                          Min: 0, Avg:  0.0, Max: 0, Diff: 0, Sum: 0, Workers: 8
[2025-05-20T21:02:58.677+0300][16140][14288][debug][gc,phases] GC(11)   StringDedup Table Weak         Min:  0.0, Avg:  0.0, Max:  0.0, Diff:  0.0, Sum:  0.0, Workers: 8
[2025-05-20T21:02:58.677+0300][16140][14288][debug][gc,phases] GC(11)     Dead                           Min: 0, Avg:  0.0, Max: 0, Diff: 0, Sum: 0, Workers: 8
[2025-05-20T21:02:58.677+0300][16140][14288][debug][gc,phases] GC(11)     Total                          Min: 0, Avg:  0.0, Max: 0, Diff: 0, Sum: 0, Workers: 8
[2025-05-20T21:02:58.677+0300][16140][14288][debug][gc,phases] GC(11)   StringDedup Requests0 Weak     Min:  0.0, Avg:  0.0, Max:  0.0, Diff:  0.0, Sum:  0.0, Workers: 8
[2025-05-20T21:02:58.677+0300][16140][14288][debug][gc,phases] GC(11)     Dead                           Min: 0, Avg:  0.0, Max: 0, Diff: 0, Sum: 0, Workers: 8
[2025-05-20T21:02:58.677+0300][16140][14288][debug][gc,phases] GC(11)     Total                          Min: 0, Avg:  0.0, Max: 0, Diff: 0, Sum: 0, Workers: 8
[2025-05-20T21:02:58.677+0300][16140][14288][debug][gc,phases] GC(11)   StringDedup Requests1 Weak     Min:  0.0, Avg:  0.0, Max:  0.0, Diff:  0.0, Sum:  0.0, Workers: 8
[2025-05-20T21:02:58.677+0300][16140][14288][debug][gc,phases] GC(11)     Dead                           Min: 0, Avg:  0.0, Max: 0, Diff: 0, Sum: 0, Workers: 8
[2025-05-20T21:02:58.677+0300][16140][14288][debug][gc,phases] GC(11)     Total                          Min: 0, Avg:  0.0, Max: 0, Diff: 0, Sum: 0, Workers: 8
[2025-05-20T21:02:58.677+0300][16140][14288][debug][gc,phases] GC(11)   Weak JFR Old Object Samples    Min:  0.0, Avg:  0.0, Max:  0.0, Diff:  0.0, Sum:  0.0, Workers: 8
[2025-05-20T21:02:58.677+0300][16140][14288][debug][gc,phases] GC(11)     Dead                           Min: 0, Avg:  0.0, Max: 0, Diff: 0, Sum: 0, Workers: 8
[2025-05-20T21:02:58.677+0300][16140][14288][debug][gc,phases] GC(11)     Total                          Min: 0, Avg:  0.0, Max: 0, Diff: 0, Sum: 0, Workers: 8
[2025-05-20T21:02:58.677+0300][16140][14288][debug][gc,phases] GC(11) Weak Processing 0.376ms
[2025-05-20T21:02:58.677+0300][16140][14288][info ][gc,heap  ] GC(11) PSYoungGen: 1373728K(1384960K)->512K(1385472K) Eden: 1373184K(1373184K)->0K(1373184K) From: 544K(11776K)->512K(12288K)
[2025-05-20T21:02:58.677+0300][16140][14288][info ][gc,heap  ] GC(11) ParOldGen: 10278K(2796544K)->10310K(2796544K)
[2025-05-20T21:02:58.677+0300][16140][14288][info ][gc       ] GC(11) Pause Young (Allocation Failure) 1351M->10M(4084M) 0.671ms
[2025-05-20T21:02:58.677+0300][16140][14288][debug][gc,heap  ] GC(11) Heap after GC invocations=12 (full 1):
[2025-05-20T21:02:58.677+0300][16140][14288][debug][gc,heap  ] GC(11)  PSYoungGen      total 1385472K, used 512K [0x00000007aab00000, 0x0000000800000000, 0x0000000800000000)
[2025-05-20T21:02:58.677+0300][16140][14288][debug][gc,heap  ] GC(11)   eden space 1373184K, 0% used [0x00000007aab00000,0x00000007aab00000,0x00000007fe800000)
[2025-05-20T21:02:58.677+0300][16140][14288][debug][gc,heap  ] GC(11)   from space 12288K, 4% used [0x00000007fe800000,0x00000007fe8800e0,0x00000007ff400000)
[2025-05-20T21:02:58.677+0300][16140][14288][debug][gc,heap  ] GC(11)   to   space 12288K, 0% used [0x00000007ff400000,0x00000007ff400000,0x0000000800000000)
[2025-05-20T21:02:58.677+0300][16140][14288][debug][gc,heap  ] GC(11)  ParOldGen       total 2796544K, used 10310K [0x0000000700000000, 0x00000007aab00000, 0x00000007aab00000)
[2025-05-20T21:02:58.677+0300][16140][14288][debug][gc,heap  ] GC(11)   object space 2796544K, 0% used [0x0000000700000000,0x0000000700a119f8,0x00000007aab00000)
[2025-05-20T21:02:58.677+0300][16140][14288][debug][gc,heap  ] GC(11)  Metaspace       used 8997K, committed 9536K, reserved 1114112K
[2025-05-20T21:02:58.677+0300][16140][14288][debug][gc,heap  ] GC(11)   class space    used 978K, committed 1216K, reserved 1048576K
[2025-05-20T21:02:58.677+0300][16140][14288][info ][safepoint] Safepoint "ParallelGCFailedAllocation", Time since last: 265684000 ns, Reaching safepoint: 236100 ns, Cleanup: 14700 ns, At safepoint: 958700 ns, Total: 1209500 ns
[2025-05-20T21:02:58.976+0300][16140][14288][debug][safepoint] Safepoint synchronization initiated using striped semaphore wait barrier. (19 threads)
[2025-05-20T21:02:58.976+0300][16140][14604][debug][safepoint] ... found polling page loop exception at pc = 0x000002291aa34de0, stub =0x000002291a434d80
[2025-05-20T21:02:58.976+0300][16140][11488][debug][safepoint] ... found polling page loop exception at pc = 0x000002291aa6e452, stub =0x000002291a434d80
[2025-05-20T21:02:58.976+0300][16140][14304][debug][safepoint] ... found polling page loop exception at pc = 0x000002291aa34de0, stub =0x000002291a434d80
[2025-05-20T21:02:58.976+0300][16140][1492 ][debug][safepoint] ... found polling page loop exception at pc = 0x000002291aa34de0, stub =0x000002291a434d80
[2025-05-20T21:02:58.976+0300][16140][9312 ][debug][safepoint] ... found polling page loop exception at pc = 0x000002291aa34de0, stub =0x000002291a434d80
[2025-05-20T21:02:58.976+0300][16140][14288][debug][gc,heap  ] GC(12) Heap before GC invocations=13 (full 1):
[2025-05-20T21:02:58.976+0300][16140][14288][debug][gc,heap  ] GC(12)  PSYoungGen      total 1385472K, used 1373696K [0x00000007aab00000, 0x0000000800000000, 0x0000000800000000)
[2025-05-20T21:02:58.976+0300][16140][14288][debug][gc,heap  ] GC(12)   eden space 1373184K, 100% used [0x00000007aab00000,0x00000007fe800000,0x00000007fe800000)
[2025-05-20T21:02:58.978+0300][16140][14288][debug][gc,heap  ] GC(12)   from space 12288K, 4% used [0x00000007fe800000,0x00000007fe8800e0,0x00000007ff400000)
[2025-05-20T21:02:58.978+0300][16140][14288][debug][gc,heap  ] GC(12)   to   space 12288K, 0% used [0x00000007ff400000,0x00000007ff400000,0x0000000800000000)
[2025-05-20T21:02:58.978+0300][16140][14288][debug][gc,heap  ] GC(12)  ParOldGen       total 2796544K, used 10310K [0x0000000700000000, 0x00000007aab00000, 0x00000007aab00000)
[2025-05-20T21:02:58.978+0300][16140][14288][debug][gc,heap  ] GC(12)   object space 2796544K, 0% used [0x0000000700000000,0x0000000700a119f8,0x00000007aab00000)
[2025-05-20T21:02:58.978+0300][16140][14288][debug][gc,heap  ] GC(12)  Metaspace       used 8997K, committed 9536K, reserved 1114112K
[2025-05-20T21:02:58.978+0300][16140][14288][debug][gc,heap  ] GC(12)   class space    used 978K, committed 1216K, reserved 1048576K
[2025-05-20T21:02:58.978+0300][16140][14288][debug][gc,phases] GC(12) Scavenge 0.289ms
[2025-05-20T21:02:58.978+0300][16140][14288][debug][gc,phases] GC(12) Reference Processing 0.058ms
[2025-05-20T21:02:58.978+0300][16140][14288][debug][gc,phases] GC(12)   VM Weak                        Min:  0.0, Avg:  0.0, Max:  0.0, Diff:  0.0, Sum:  0.0, Workers: 8
[2025-05-20T21:02:58.978+0300][16140][14288][debug][gc,phases] GC(12)     Dead                           Min: 0, Avg:  0.0, Max: 0, Diff: 0, Sum: 0, Workers: 8
[2025-05-20T21:02:58.978+0300][16140][14288][debug][gc,phases] GC(12)     Total                          Min: 0, Avg: 46.5, Max: 244, Diff: 244, Sum: 372, Workers: 8
[2025-05-20T21:02:58.978+0300][16140][14288][debug][gc,phases] GC(12)   ObjectSynchronizer Weak        Min:  0.0, Avg:  0.0, Max:  0.0, Diff:  0.0, Sum:  0.0, Workers: 8
[2025-05-20T21:02:58.978+0300][16140][14288][debug][gc,phases] GC(12)     Dead                           Min: 0, Avg:  0.0, Max: 0, Diff: 0, Sum: 0, Workers: 8
[2025-05-20T21:02:58.978+0300][16140][14288][debug][gc,phases] GC(12)     Total                          Min: 0, Avg: 18.6, Max: 85, Diff: 85, Sum: 149, Workers: 8
[2025-05-20T21:02:58.978+0300][16140][14288][debug][gc,phases] GC(12)   JVMTI Tag Weak OopStorage      Min:  0.0, Avg:  0.0, Max:  0.0, Diff:  0.0, Sum:  0.0, Workers: 8
[2025-05-20T21:02:58.978+0300][16140][14288][debug][gc,phases] GC(12)     Dead                           Min: 0, Avg:  0.0, Max: 0, Diff: 0, Sum: 0, Workers: 8
[2025-05-20T21:02:58.978+0300][16140][14288][debug][gc,phases] GC(12)     Total                          Min: 0, Avg:  0.0, Max: 0, Diff: 0, Sum: 0, Workers: 8
[2025-05-20T21:02:58.978+0300][16140][14288][debug][gc,phases] GC(12)   StringTable Weak               Min:  0.0, Avg:  0.0, Max:  0.0, Diff:  0.0, Sum:  0.0, Workers: 8
[2025-05-20T21:02:58.978+0300][16140][14288][debug][gc,phases] GC(12)     Dead                           Min: 0, Avg:  0.0, Max: 0, Diff: 0, Sum: 0, Workers: 8
[2025-05-20T21:02:58.978+0300][16140][14288][debug][gc,phases] GC(12)     Total                          Min: 128, Avg: 782.1, Max: 1152, Diff: 1024, Sum: 6257, Workers: 8
[2025-05-20T21:02:58.978+0300][16140][14288][debug][gc,phases] GC(12)   ResolvedMethodTable Weak       Min:  0.0, Avg:  0.0, Max:  0.0, Diff:  0.0, Sum:  0.0, Workers: 8
[2025-05-20T21:02:58.978+0300][16140][14288][debug][gc,phases] GC(12)     Dead                           Min: 0, Avg:  0.0, Max: 0, Diff: 0, Sum: 0, Workers: 8
[2025-05-20T21:02:58.978+0300][16140][14288][debug][gc,phases] GC(12)     Total                          Min: 64, Avg: 109.5, Max: 172, Diff: 108, Sum: 876, Workers: 8
[2025-05-20T21:02:58.978+0300][16140][14288][debug][gc,phases] GC(12)   JNI Weak                       Min:  0.0, Avg:  0.0, Max:  0.0, Diff:  0.0, Sum:  0.0, Workers: 8
[2025-05-20T21:02:58.978+0300][16140][14288][debug][gc,phases] GC(12)     Dead                           Min: 0, Avg:  0.0, Max: 0, Diff: 0, Sum: 0, Workers: 8
[2025-05-20T21:02:58.978+0300][16140][14288][debug][gc,phases] GC(12)     Total                          Min: 0, Avg:  0.0, Max: 0, Diff: 0, Sum: 0, Workers: 8
[2025-05-20T21:02:58.978+0300][16140][14288][debug][gc,phases] GC(12)   StringDedup Table Weak         Min:  0.0, Avg:  0.0, Max:  0.0, Diff:  0.0, Sum:  0.0, Workers: 8
[2025-05-20T21:02:58.978+0300][16140][14288][debug][gc,phases] GC(12)     Dead                           Min: 0, Avg:  0.0, Max: 0, Diff: 0, Sum: 0, Workers: 8
[2025-05-20T21:02:58.978+0300][16140][14288][debug][gc,phases] GC(12)     Total                          Min: 0, Avg:  0.0, Max: 0, Diff: 0, Sum: 0, Workers: 8
[2025-05-20T21:02:58.978+0300][16140][14288][debug][gc,phases] GC(12)   StringDedup Requests0 Weak     Min:  0.0, Avg:  0.0, Max:  0.0, Diff:  0.0, Sum:  0.0, Workers: 8
[2025-05-20T21:02:58.978+0300][16140][14288][debug][gc,phases] GC(12)     Dead                           Min: 0, Avg:  0.0, Max: 0, Diff: 0, Sum: 0, Workers: 8
[2025-05-20T21:02:58.978+0300][16140][14288][debug][gc,phases] GC(12)     Total                          Min: 0, Avg:  0.0, Max: 0, Diff: 0, Sum: 0, Workers: 8
[2025-05-20T21:02:58.978+0300][16140][14288][debug][gc,phases] GC(12)   StringDedup Requests1 Weak     Min:  0.0, Avg:  0.0, Max:  0.0, Diff:  0.0, Sum:  0.0, Workers: 8
[2025-05-20T21:02:58.978+0300][16140][14288][debug][gc,phases] GC(12)     Dead                           Min: 0, Avg:  0.0, Max: 0, Diff: 0, Sum: 0, Workers: 8
[2025-05-20T21:02:58.978+0300][16140][14288][debug][gc,phases] GC(12)     Total                          Min: 0, Avg:  0.0, Max: 0, Diff: 0, Sum: 0, Workers: 8
[2025-05-20T21:02:58.978+0300][16140][14288][debug][gc,phases] GC(12)   Weak JFR Old Object Samples    Min:  0.0, Avg:  0.0, Max:  0.0, Diff:  0.0, Sum:  0.0, Workers: 8
[2025-05-20T21:02:58.978+0300][16140][14288][debug][gc,phases] GC(12)     Dead                           Min: 0, Avg:  0.0, Max: 0, Diff: 0, Sum: 0, Workers: 8
[2025-05-20T21:02:58.978+0300][16140][14288][debug][gc,phases] GC(12)     Total                          Min: 0, Avg:  0.0, Max: 0, Diff: 0, Sum: 0, Workers: 8
[2025-05-20T21:02:58.978+0300][16140][14288][debug][gc,phases] GC(12) Weak Processing 0.505ms
[2025-05-20T21:02:58.978+0300][16140][14288][info ][gc,heap  ] GC(12) PSYoungGen: 1373696K(1385472K)->544K(1385472K) Eden: 1373184K(1373184K)->0K(1373184K) From: 512K(12288K)->544K(12288K)
[2025-05-20T21:02:58.978+0300][16140][14288][info ][gc,heap  ] GC(12) ParOldGen: 10310K(2796544K)->10366K(2796544K)
[2025-05-20T21:02:58.978+0300][16140][14288][info ][gc       ] GC(12) Pause Young (Allocation Failure) 1351M->10M(4084M) 0.967ms
[2025-05-20T21:02:58.978+0300][16140][14288][debug][gc,heap  ] GC(12) Heap after GC invocations=13 (full 1):
[2025-05-20T21:02:58.978+0300][16140][14288][debug][gc,heap  ] GC(12)  PSYoungGen      total 1385472K, used 544K [0x00000007aab00000, 0x0000000800000000, 0x0000000800000000)
[2025-05-20T21:02:58.978+0300][16140][14288][debug][gc,heap  ] GC(12)   eden space 1373184K, 0% used [0x00000007aab00000,0x00000007aab00000,0x00000007fe800000)
[2025-05-20T21:02:58.978+0300][16140][14288][debug][gc,heap  ] GC(12)   from space 12288K, 4% used [0x00000007ff400000,0x00000007ff4880e0,0x0000000800000000)
[2025-05-20T21:02:58.978+0300][16140][14288][debug][gc,heap  ] GC(12)   to   space 12288K, 0% used [0x00000007fe800000,0x00000007fe800000,0x00000007ff400000)
[2025-05-20T21:02:58.978+0300][16140][14288][debug][gc,heap  ] GC(12)  ParOldGen       total 2796544K, used 10366K [0x0000000700000000, 0x00000007aab00000, 0x00000007aab00000)
[2025-05-20T21:02:58.978+0300][16140][14288][debug][gc,heap  ] GC(12)   object space 2796544K, 0% used [0x0000000700000000,0x0000000700a1f9f8,0x00000007aab00000)
[2025-05-20T21:02:58.978+0300][16140][14288][debug][gc,heap  ] GC(12)  Metaspace       used 8997K, committed 9536K, reserved 1114112K
[2025-05-20T21:02:58.978+0300][16140][14288][debug][gc,heap  ] GC(12)   class space    used 978K, committed 1216K, reserved 1048576K
[2025-05-20T21:02:58.978+0300][16140][14288][info ][safepoint] Safepoint "ParallelGCFailedAllocation", Time since last: 297809000 ns, Reaching safepoint: 249200 ns, Cleanup: 14700 ns, At safepoint: 1302200 ns, Total: 1566100 ns
[2025-05-20T21:02:59.259+0300][16140][14288][debug][safepoint] Safepoint synchronization initiated using striped semaphore wait barrier. (19 threads)
[2025-05-20T21:02:59.261+0300][16140][14304][debug][safepoint] ... found polling page loop exception at pc = 0x000002291aa34de0, stub =0x000002291a434d80
[2025-05-20T21:02:59.261+0300][16140][11488][debug][safepoint] ... found polling page loop exception at pc = 0x000002291aa34de0, stub =0x000002291a434d80
[2025-05-20T21:02:59.261+0300][16140][1492 ][debug][safepoint] ... found polling page loop exception at pc = 0x000002291aa34de0, stub =0x000002291a434d80
[2025-05-20T21:02:59.261+0300][16140][1112 ][debug][safepoint] ... found polling page loop exception at pc = 0x000002291aa823d0, stub =0x000002291a434d80
[2025-05-20T21:02:59.261+0300][16140][14288][debug][gc,heap  ] GC(13) Heap before GC invocations=14 (full 1):
[2025-05-20T21:02:59.261+0300][16140][14288][debug][gc,heap  ] GC(13)  PSYoungGen      total 1385472K, used 1373728K [0x00000007aab00000, 0x0000000800000000, 0x0000000800000000)
[2025-05-20T21:02:59.261+0300][16140][14288][debug][gc,heap  ] GC(13)   eden space 1373184K, 100% used [0x00000007aab00000,0x00000007fe800000,0x00000007fe800000)
[2025-05-20T21:02:59.261+0300][16140][14288][debug][gc,heap  ] GC(13)   from space 12288K, 4% used [0x00000007ff400000,0x00000007ff4880e0,0x0000000800000000)
[2025-05-20T21:02:59.261+0300][16140][14288][debug][gc,heap  ] GC(13)   to   space 12288K, 0% used [0x00000007fe800000,0x00000007fe800000,0x00000007ff400000)
[2025-05-20T21:02:59.261+0300][16140][14288][debug][gc,heap  ] GC(13)  ParOldGen       total 2796544K, used 10366K [0x0000000700000000, 0x00000007aab00000, 0x00000007aab00000)
[2025-05-20T21:02:59.261+0300][16140][14288][debug][gc,heap  ] GC(13)   object space 2796544K, 0% used [0x0000000700000000,0x0000000700a1f9f8,0x00000007aab00000)
[2025-05-20T21:02:59.261+0300][16140][14288][debug][gc,heap  ] GC(13)  Metaspace       used 9000K, committed 9536K, reserved 1114112K
[2025-05-20T21:02:59.261+0300][16140][14288][debug][gc,heap  ] GC(13)   class space    used 978K, committed 1216K, reserved 1048576K
[2025-05-20T21:02:59.261+0300][16140][14288][debug][gc,phases] GC(13) Scavenge 0.382ms
[2025-05-20T21:02:59.261+0300][16140][14288][debug][gc,phases] GC(13) Reference Processing 0.068ms
[2025-05-20T21:02:59.261+0300][16140][14288][debug][gc,phases] GC(13)   VM Weak                        Min:  0.0, Avg:  0.0, Max:  0.0, Diff:  0.0, Sum:  0.0, Workers: 8
[2025-05-20T21:02:59.261+0300][16140][14288][debug][gc,phases] GC(13)     Dead                           Min: 0, Avg:  0.0, Max: 0, Diff: 0, Sum: 0, Workers: 8
[2025-05-20T21:02:59.261+0300][16140][14288][debug][gc,phases] GC(13)     Total                          Min: 0, Avg: 46.5, Max: 244, Diff: 244, Sum: 372, Workers: 8
[2025-05-20T21:02:59.261+0300][16140][14288][debug][gc,phases] GC(13)   ObjectSynchronizer Weak        Min:  0.0, Avg:  0.0, Max:  0.0, Diff:  0.0, Sum:  0.0, Workers: 8
[2025-05-20T21:02:59.261+0300][16140][14288][debug][gc,phases] GC(13)     Dead                           Min: 0, Avg:  0.0, Max: 0, Diff: 0, Sum: 0, Workers: 8
[2025-05-20T21:02:59.261+0300][16140][14288][debug][gc,phases] GC(13)     Total                          Min: 0, Avg: 18.6, Max: 85, Diff: 85, Sum: 149, Workers: 8
[2025-05-20T21:02:59.261+0300][16140][14288][debug][gc,phases] GC(13)   JVMTI Tag Weak OopStorage      Min:  0.0, Avg:  0.0, Max:  0.0, Diff:  0.0, Sum:  0.0, Workers: 8
[2025-05-20T21:02:59.261+0300][16140][14288][debug][gc,phases] GC(13)     Dead                           Min: 0, Avg:  0.0, Max: 0, Diff: 0, Sum: 0, Workers: 8
[2025-05-20T21:02:59.261+0300][16140][14288][debug][gc,phases] GC(13)     Total                          Min: 0, Avg:  0.0, Max: 0, Diff: 0, Sum: 0, Workers: 8
[2025-05-20T21:02:59.261+0300][16140][14288][debug][gc,phases] GC(13)   StringTable Weak               Min:  0.0, Avg:  0.0, Max:  0.0, Diff:  0.0, Sum:  0.0, Workers: 8
[2025-05-20T21:02:59.261+0300][16140][14288][debug][gc,phases] GC(13)     Dead                           Min: 0, Avg:  0.0, Max: 0, Diff: 0, Sum: 0, Workers: 8
[2025-05-20T21:02:59.261+0300][16140][14288][debug][gc,phases] GC(13)     Total                          Min: 0, Avg: 782.1, Max: 1265, Diff: 1265, Sum: 6257, Workers: 8
[2025-05-20T21:02:59.261+0300][16140][14288][debug][gc,phases] GC(13)   ResolvedMethodTable Weak       Min:  0.0, Avg:  0.0, Max:  0.0, Diff:  0.0, Sum:  0.0, Workers: 8
[2025-05-20T21:02:59.261+0300][16140][14288][debug][gc,phases] GC(13)     Dead                           Min: 0, Avg:  0.0, Max: 0, Diff: 0, Sum: 0, Workers: 8
[2025-05-20T21:02:59.261+0300][16140][14288][debug][gc,phases] GC(13)     Total                          Min: 0, Avg: 109.5, Max: 172, Diff: 172, Sum: 876, Workers: 8
[2025-05-20T21:02:59.261+0300][16140][14288][debug][gc,phases] GC(13)   JNI Weak                       Min:  0.0, Avg:  0.0, Max:  0.0, Diff:  0.0, Sum:  0.0, Workers: 8
[2025-05-20T21:02:59.261+0300][16140][14288][debug][gc,phases] GC(13)     Dead                           Min: 0, Avg:  0.0, Max: 0, Diff: 0, Sum: 0, Workers: 8
[2025-05-20T21:02:59.261+0300][16140][14288][debug][gc,phases] GC(13)     Total                          Min: 0, Avg:  0.0, Max: 0, Diff: 0, Sum: 0, Workers: 8
[2025-05-20T21:02:59.261+0300][16140][14288][debug][gc,phases] GC(13)   StringDedup Table Weak         Min:  0.0, Avg:  0.0, Max:  0.0, Diff:  0.0, Sum:  0.0, Workers: 8
[2025-05-20T21:02:59.261+0300][16140][14288][debug][gc,phases] GC(13)     Dead                           Min: 0, Avg:  0.0, Max: 0, Diff: 0, Sum: 0, Workers: 8
[2025-05-20T21:02:59.261+0300][16140][14288][debug][gc,phases] GC(13)     Total                          Min: 0, Avg:  0.0, Max: 0, Diff: 0, Sum: 0, Workers: 8
[2025-05-20T21:02:59.261+0300][16140][14288][debug][gc,phases] GC(13)   StringDedup Requests0 Weak     Min:  0.0, Avg:  0.0, Max:  0.0, Diff:  0.0, Sum:  0.0, Workers: 8
[2025-05-20T21:02:59.261+0300][16140][14288][debug][gc,phases] GC(13)     Dead                           Min: 0, Avg:  0.0, Max: 0, Diff: 0, Sum: 0, Workers: 8
[2025-05-20T21:02:59.261+0300][16140][14288][debug][gc,phases] GC(13)     Total                          Min: 0, Avg:  0.0, Max: 0, Diff: 0, Sum: 0, Workers: 8
[2025-05-20T21:02:59.261+0300][16140][14288][debug][gc,phases] GC(13)   StringDedup Requests1 Weak     Min:  0.0, Avg:  0.0, Max:  0.0, Diff:  0.0, Sum:  0.0, Workers: 8
[2025-05-20T21:02:59.261+0300][16140][14288][debug][gc,phases] GC(13)     Dead                           Min: 0, Avg:  0.0, Max: 0, Diff: 0, Sum: 0, Workers: 8
[2025-05-20T21:02:59.261+0300][16140][14288][debug][gc,phases] GC(13)     Total                          Min: 0, Avg:  0.0, Max: 0, Diff: 0, Sum: 0, Workers: 8
[2025-05-20T21:02:59.261+0300][16140][14288][debug][gc,phases] GC(13)   Weak JFR Old Object Samples    Min:  0.0, Avg:  0.0, Max:  0.0, Diff:  0.0, Sum:  0.0, Workers: 8
[2025-05-20T21:02:59.261+0300][16140][14288][debug][gc,phases] GC(13)     Dead                           Min: 0, Avg:  0.0, Max: 0, Diff: 0, Sum: 0, Workers: 8
[2025-05-20T21:02:59.261+0300][16140][14288][debug][gc,phases] GC(13)     Total                          Min: 0, Avg:  0.0, Max: 0, Diff: 0, Sum: 0, Workers: 8
[2025-05-20T21:02:59.261+0300][16140][14288][debug][gc,phases] GC(13) Weak Processing 0.629ms
[2025-05-20T21:02:59.261+0300][16140][14288][info ][gc,heap  ] GC(13) PSYoungGen: 1373728K(1385472K)->608K(1385472K) Eden: 1373184K(1373184K)->0K(1373184K) From: 544K(12288K)->608K(12288K)
[2025-05-20T21:02:59.261+0300][16140][14288][info ][gc,heap  ] GC(13) ParOldGen: 10366K(2796544K)->10430K(2796544K)
[2025-05-20T21:02:59.261+0300][16140][14288][info ][gc       ] GC(13) Pause Young (Allocation Failure) 1351M->10M(4084M) 1.271ms
[2025-05-20T21:02:59.261+0300][16140][14288][debug][gc,heap  ] GC(13) Heap after GC invocations=14 (full 1):
[2025-05-20T21:02:59.261+0300][16140][14288][debug][gc,heap  ] GC(13)  PSYoungGen      total 1385472K, used 608K [0x00000007aab00000, 0x0000000800000000, 0x0000000800000000)
[2025-05-20T21:02:59.261+0300][16140][14288][debug][gc,heap  ] GC(13)   eden space 1373184K, 0% used [0x00000007aab00000,0x00000007aab00000,0x00000007fe800000)
[2025-05-20T21:02:59.261+0300][16140][14288][debug][gc,heap  ] GC(13)   from space 12288K, 4% used [0x00000007fe800000,0x00000007fe8980a0,0x00000007ff400000)
[2025-05-20T21:02:59.261+0300][16140][14288][debug][gc,heap  ] GC(13)   to   space 12288K, 0% used [0x00000007ff400000,0x00000007ff400000,0x0000000800000000)
[2025-05-20T21:02:59.261+0300][16140][14288][debug][gc,heap  ] GC(13)  ParOldGen       total 2796544K, used 10430K [0x0000000700000000, 0x00000007aab00000, 0x00000007aab00000)
[2025-05-20T21:02:59.261+0300][16140][14288][debug][gc,heap  ] GC(13)   object space 2796544K, 0% used [0x0000000700000000,0x0000000700a2f9f8,0x00000007aab00000)
[2025-05-20T21:02:59.261+0300][16140][14288][debug][gc,heap  ] GC(13)  Metaspace       used 9000K, committed 9536K, reserved 1114112K
[2025-05-20T21:02:59.261+0300][16140][14288][debug][gc,heap  ] GC(13)   class space    used 978K, committed 1216K, reserved 1048576K
[2025-05-20T21:02:59.261+0300][16140][14288][info ][safepoint] Safepoint "ParallelGCFailedAllocation", Time since last: 281360900 ns, Reaching safepoint: 460700 ns, Cleanup: 40900 ns, At safepoint: 1744200 ns, Total: 2245800 ns
[2025-05-20T21:02:59.548+0300][16140][14288][debug][safepoint] Safepoint synchronization initiated using striped semaphore wait barrier. (19 threads)
[2025-05-20T21:02:59.548+0300][16140][13308][debug][safepoint] ... found polling page loop exception at pc = 0x000002291aa34de0, stub =0x000002291a434d80
[2025-05-20T21:02:59.548+0300][16140][14356][debug][safepoint] ... found polling page loop exception at pc = 0x000002291aa34de0, stub =0x000002291a434d80
[2025-05-20T21:02:59.548+0300][16140][1492 ][debug][safepoint] ... found polling page loop exception at pc = 0x000002291aa34de0, stub =0x000002291a434d80
[2025-05-20T21:02:59.548+0300][16140][1112 ][debug][safepoint] ... found polling page loop exception at pc = 0x000002291aa34de0, stub =0x000002291a434d80
[2025-05-20T21:02:59.548+0300][16140][14288][debug][gc,heap  ] GC(14) Heap before GC invocations=15 (full 1):
[2025-05-20T21:02:59.548+0300][16140][14288][debug][gc,heap  ] GC(14)  PSYoungGen      total 1385472K, used 1373792K [0x00000007aab00000, 0x0000000800000000, 0x0000000800000000)
[2025-05-20T21:02:59.548+0300][16140][14288][debug][gc,heap  ] GC(14)   eden space 1373184K, 100% used [0x00000007aab00000,0x00000007fe800000,0x00000007fe800000)
[2025-05-20T21:02:59.548+0300][16140][14288][debug][gc,heap  ] GC(14)   from space 12288K, 4% used [0x00000007fe800000,0x00000007fe8980a0,0x00000007ff400000)
[2025-05-20T21:02:59.548+0300][16140][14288][debug][gc,heap  ] GC(14)   to   space 12288K, 0% used [0x00000007ff400000,0x00000007ff400000,0x0000000800000000)
[2025-05-20T21:02:59.548+0300][16140][14288][debug][gc,heap  ] GC(14)  ParOldGen       total 2796544K, used 10430K [0x0000000700000000, 0x00000007aab00000, 0x00000007aab00000)
[2025-05-20T21:02:59.548+0300][16140][14288][debug][gc,heap  ] GC(14)   object space 2796544K, 0% used [0x0000000700000000,0x0000000700a2f9f8,0x00000007aab00000)
[2025-05-20T21:02:59.548+0300][16140][14288][debug][gc,heap  ] GC(14)  Metaspace       used 9000K, committed 9536K, reserved 1114112K
[2025-05-20T21:02:59.548+0300][16140][14288][debug][gc,heap  ] GC(14)   class space    used 978K, committed 1216K, reserved 1048576K
[2025-05-20T21:02:59.548+0300][16140][14288][debug][gc,phases] GC(14) Scavenge 0.260ms
[2025-05-20T21:02:59.548+0300][16140][14288][debug][gc,phases] GC(14) Reference Processing 0.038ms
[2025-05-20T21:02:59.548+0300][16140][14288][debug][gc,phases] GC(14)   VM Weak                        Min:  0.0, Avg:  0.0, Max:  0.0, Diff:  0.0, Sum:  0.0, Workers: 8
[2025-05-20T21:02:59.548+0300][16140][14288][debug][gc,phases] GC(14)     Dead                           Min: 0, Avg:  0.0, Max: 0, Diff: 0, Sum: 0, Workers: 8
[2025-05-20T21:02:59.548+0300][16140][14288][debug][gc,phases] GC(14)     Total                          Min: 0, Avg: 46.5, Max: 372, Diff: 372, Sum: 372, Workers: 8
[2025-05-20T21:02:59.548+0300][16140][14288][debug][gc,phases] GC(14)   ObjectSynchronizer Weak        Min:  0.0, Avg:  0.0, Max:  0.0, Diff:  0.0, Sum:  0.0, Workers: 8
[2025-05-20T21:02:59.548+0300][16140][14288][debug][gc,phases] GC(14)     Dead                           Min: 0, Avg:  0.0, Max: 0, Diff: 0, Sum: 0, Workers: 8
[2025-05-20T21:02:59.548+0300][16140][14288][debug][gc,phases] GC(14)     Total                          Min: 0, Avg: 18.6, Max: 85, Diff: 85, Sum: 149, Workers: 8
[2025-05-20T21:02:59.548+0300][16140][14288][debug][gc,phases] GC(14)   JVMTI Tag Weak OopStorage      Min:  0.0, Avg:  0.0, Max:  0.0, Diff:  0.0, Sum:  0.0, Workers: 8
[2025-05-20T21:02:59.548+0300][16140][14288][debug][gc,phases] GC(14)     Dead                           Min: 0, Avg:  0.0, Max: 0, Diff: 0, Sum: 0, Workers: 8
[2025-05-20T21:02:59.548+0300][16140][14288][debug][gc,phases] GC(14)     Total                          Min: 0, Avg:  0.0, Max: 0, Diff: 0, Sum: 0, Workers: 8
[2025-05-20T21:02:59.548+0300][16140][14288][debug][gc,phases] GC(14)   StringTable Weak               Min:  0.0, Avg:  0.0, Max:  0.0, Diff:  0.0, Sum:  0.0, Workers: 8
[2025-05-20T21:02:59.548+0300][16140][14288][debug][gc,phases] GC(14)     Dead                           Min: 0, Avg:  0.0, Max: 0, Diff: 0, Sum: 0, Workers: 8
[2025-05-20T21:02:59.548+0300][16140][14288][debug][gc,phases] GC(14)     Total                          Min: 0, Avg: 782.1, Max: 1137, Diff: 1137, Sum: 6257, Workers: 8
[2025-05-20T21:02:59.548+0300][16140][14288][debug][gc,phases] GC(14)   ResolvedMethodTable Weak       Min:  0.0, Avg:  0.0, Max:  0.0, Diff:  0.0, Sum:  0.0, Workers: 8
[2025-05-20T21:02:59.548+0300][16140][14288][debug][gc,phases] GC(14)     Dead                           Min: 0, Avg:  0.0, Max: 0, Diff: 0, Sum: 0, Workers: 8
[2025-05-20T21:02:59.548+0300][16140][14288][debug][gc,phases] GC(14)     Total                          Min: 0, Avg: 109.5, Max: 172, Diff: 172, Sum: 876, Workers: 8
[2025-05-20T21:02:59.548+0300][16140][14288][debug][gc,phases] GC(14)   JNI Weak                       Min:  0.0, Avg:  0.0, Max:  0.0, Diff:  0.0, Sum:  0.0, Workers: 8
[2025-05-20T21:02:59.548+0300][16140][14288][debug][gc,phases] GC(14)     Dead                           Min: 0, Avg:  0.0, Max: 0, Diff: 0, Sum: 0, Workers: 8
[2025-05-20T21:02:59.548+0300][16140][14288][debug][gc,phases] GC(14)     Total                          Min: 0, Avg:  0.0, Max: 0, Diff: 0, Sum: 0, Workers: 8
[2025-05-20T21:02:59.548+0300][16140][14288][debug][gc,phases] GC(14)   StringDedup Table Weak         Min:  0.0, Avg:  0.0, Max:  0.0, Diff:  0.0, Sum:  0.0, Workers: 8
[2025-05-20T21:02:59.548+0300][16140][14288][debug][gc,phases] GC(14)     Dead                           Min: 0, Avg:  0.0, Max: 0, Diff: 0, Sum: 0, Workers: 8
[2025-05-20T21:02:59.548+0300][16140][14288][debug][gc,phases] GC(14)     Total                          Min: 0, Avg:  0.0, Max: 0, Diff: 0, Sum: 0, Workers: 8
[2025-05-20T21:02:59.548+0300][16140][14288][debug][gc,phases] GC(14)   StringDedup Requests0 Weak     Min:  0.0, Avg:  0.0, Max:  0.0, Diff:  0.0, Sum:  0.0, Workers: 8
[2025-05-20T21:02:59.548+0300][16140][14288][debug][gc,phases] GC(14)     Dead                           Min: 0, Avg:  0.0, Max: 0, Diff: 0, Sum: 0, Workers: 8
[2025-05-20T21:02:59.548+0300][16140][14288][debug][gc,phases] GC(14)     Total                          Min: 0, Avg:  0.0, Max: 0, Diff: 0, Sum: 0, Workers: 8
[2025-05-20T21:02:59.548+0300][16140][14288][debug][gc,phases] GC(14)   StringDedup Requests1 Weak     Min:  0.0, Avg:  0.0, Max:  0.0, Diff:  0.0, Sum:  0.0, Workers: 8
[2025-05-20T21:02:59.548+0300][16140][14288][debug][gc,phases] GC(14)     Dead                           Min: 0, Avg:  0.0, Max: 0, Diff: 0, Sum: 0, Workers: 8
[2025-05-20T21:02:59.548+0300][16140][14288][debug][gc,phases] GC(14)     Total                          Min: 0, Avg:  0.0, Max: 0, Diff: 0, Sum: 0, Workers: 8
[2025-05-20T21:02:59.548+0300][16140][14288][debug][gc,phases] GC(14)   Weak JFR Old Object Samples    Min:  0.0, Avg:  0.0, Max:  0.0, Diff:  0.0, Sum:  0.0, Workers: 8
[2025-05-20T21:02:59.548+0300][16140][14288][debug][gc,phases] GC(14)     Dead                           Min: 0, Avg:  0.0, Max: 0, Diff: 0, Sum: 0, Workers: 8
[2025-05-20T21:02:59.548+0300][16140][14288][debug][gc,phases] GC(14)     Total                          Min: 0, Avg:  0.0, Max: 0, Diff: 0, Sum: 0, Workers: 8
[2025-05-20T21:02:59.548+0300][16140][14288][debug][gc,phases] GC(14) Weak Processing 0.399ms
[2025-05-20T21:02:59.548+0300][16140][14288][info ][gc,heap  ] GC(14) PSYoungGen: 1373792K(1385472K)->544K(1385984K) Eden: 1373184K(1373184K)->0K(1373696K) From: 608K(12288K)->544K(12288K)
[2025-05-20T21:02:59.548+0300][16140][14288][info ][gc,heap  ] GC(14) ParOldGen: 10430K(2796544K)->10494K(2796544K)
[2025-05-20T21:02:59.548+0300][16140][14288][info ][gc       ] GC(14) Pause Young (Allocation Failure) 1351M->10M(4084M) 0.789ms
[2025-05-20T21:02:59.548+0300][16140][14288][debug][gc,heap  ] GC(14) Heap after GC invocations=15 (full 1):
[2025-05-20T21:02:59.548+0300][16140][14288][debug][gc,heap  ] GC(14)  PSYoungGen      total 1385984K, used 544K [0x00000007aab00000, 0x0000000800000000, 0x0000000800000000)
[2025-05-20T21:02:59.548+0300][16140][14288][debug][gc,heap  ] GC(14)   eden space 1373696K, 0% used [0x00000007aab00000,0x00000007aab00000,0x00000007fe880000)
[2025-05-20T21:02:59.548+0300][16140][14288][debug][gc,heap  ] GC(14)   from space 12288K, 4% used [0x00000007ff400000,0x00000007ff4880a0,0x0000000800000000)
[2025-05-20T21:02:59.548+0300][16140][14288][debug][gc,heap  ] GC(14)   to   space 11776K, 0% used [0x00000007fe880000,0x00000007fe880000,0x00000007ff400000)
[2025-05-20T21:02:59.548+0300][16140][14288][debug][gc,heap  ] GC(14)  ParOldGen       total 2796544K, used 10494K [0x0000000700000000, 0x00000007aab00000, 0x00000007aab00000)
[2025-05-20T21:02:59.548+0300][16140][14288][debug][gc,heap  ] GC(14)   object space 2796544K, 0% used [0x0000000700000000,0x0000000700a3f9f8,0x00000007aab00000)
[2025-05-20T21:02:59.548+0300][16140][14288][debug][gc,heap  ] GC(14)  Metaspace       used 9000K, committed 9536K, reserved 1114112K
[2025-05-20T21:02:59.548+0300][16140][14288][debug][gc,heap  ] GC(14)   class space    used 978K, committed 1216K, reserved 1048576K
[2025-05-20T21:02:59.548+0300][16140][14288][info ][safepoint] Safepoint "ParallelGCFailedAllocation", Time since last: 286728300 ns, Reaching safepoint: 246200 ns, Cleanup: 17200 ns, At safepoint: 1088800 ns, Total: 1352200 ns
[2025-05-20T21:02:59.852+0300][16140][14288][debug][safepoint] Safepoint synchronization initiated using striped semaphore wait barrier. (19 threads)
[2025-05-20T21:02:59.852+0300][16140][1112 ][debug][safepoint] ... found polling page loop exception at pc = 0x000002291aa34de0, stub =0x000002291a434d80
[2025-05-20T21:02:59.852+0300][16140][11488][debug][safepoint] ... found polling page loop exception at pc = 0x000002291aa34de0, stub =0x000002291a434d80
[2025-05-20T21:02:59.852+0300][16140][14288][debug][gc,heap  ] GC(15) Heap before GC invocations=16 (full 1):
[2025-05-20T21:02:59.852+0300][16140][14288][debug][gc,heap  ] GC(15)  PSYoungGen      total 1385984K, used 1374240K [0x00000007aab00000, 0x0000000800000000, 0x0000000800000000)
[2025-05-20T21:02:59.852+0300][16140][14288][debug][gc,heap  ] GC(15)   eden space 1373696K, 100% used [0x00000007aab00000,0x00000007fe880000,0x00000007fe880000)
[2025-05-20T21:02:59.852+0300][16140][14288][debug][gc,heap  ] GC(15)   from space 12288K, 4% used [0x00000007ff400000,0x00000007ff4880a0,0x0000000800000000)
[2025-05-20T21:02:59.852+0300][16140][14288][debug][gc,heap  ] GC(15)   to   space 11776K, 0% used [0x00000007fe880000,0x00000007fe880000,0x00000007ff400000)
[2025-05-20T21:02:59.852+0300][16140][14288][debug][gc,heap  ] GC(15)  ParOldGen       total 2796544K, used 10494K [0x0000000700000000, 0x00000007aab00000, 0x00000007aab00000)
[2025-05-20T21:02:59.852+0300][16140][14288][debug][gc,heap  ] GC(15)   object space 2796544K, 0% used [0x0000000700000000,0x0000000700a3f9f8,0x00000007aab00000)
[2025-05-20T21:02:59.852+0300][16140][14288][debug][gc,heap  ] GC(15)  Metaspace       used 9000K, committed 9536K, reserved 1114112K
[2025-05-20T21:02:59.852+0300][16140][14288][debug][gc,heap  ] GC(15)   class space    used 978K, committed 1216K, reserved 1048576K
[2025-05-20T21:02:59.852+0300][16140][14288][debug][gc,phases] GC(15) Scavenge 0.275ms
[2025-05-20T21:02:59.852+0300][16140][14288][debug][gc,phases] GC(15) Reference Processing 0.044ms
[2025-05-20T21:02:59.852+0300][16140][14288][debug][gc,phases] GC(15)   VM Weak                        Min:  0.0, Avg:  0.0, Max:  0.0, Diff:  0.0, Sum:  0.0, Workers: 8
[2025-05-20T21:02:59.852+0300][16140][14288][debug][gc,phases] GC(15)     Dead                           Min: 0, Avg:  0.0, Max: 0, Diff: 0, Sum: 0, Workers: 8
[2025-05-20T21:02:59.852+0300][16140][14288][debug][gc,phases] GC(15)     Total                          Min: 0, Avg: 46.5, Max: 244, Diff: 244, Sum: 372, Workers: 8
[2025-05-20T21:02:59.852+0300][16140][14288][debug][gc,phases] GC(15)   ObjectSynchronizer Weak        Min:  0.0, Avg:  0.0, Max:  0.0, Diff:  0.0, Sum:  0.0, Workers: 8
[2025-05-20T21:02:59.852+0300][16140][14288][debug][gc,phases] GC(15)     Dead                           Min: 0, Avg:  0.0, Max: 0, Diff: 0, Sum: 0, Workers: 8
[2025-05-20T21:02:59.852+0300][16140][14288][debug][gc,phases] GC(15)     Total                          Min: 0, Avg: 18.6, Max: 64, Diff: 64, Sum: 149, Workers: 8
[2025-05-20T21:02:59.852+0300][16140][14288][debug][gc,phases] GC(15)   JVMTI Tag Weak OopStorage      Min:  0.0, Avg:  0.0, Max:  0.0, Diff:  0.0, Sum:  0.0, Workers: 8
[2025-05-20T21:02:59.852+0300][16140][14288][debug][gc,phases] GC(15)     Dead                           Min: 0, Avg:  0.0, Max: 0, Diff: 0, Sum: 0, Workers: 8
[2025-05-20T21:02:59.852+0300][16140][14288][debug][gc,phases] GC(15)     Total                          Min: 0, Avg:  0.0, Max: 0, Diff: 0, Sum: 0, Workers: 8
[2025-05-20T21:02:59.852+0300][16140][14288][debug][gc,phases] GC(15)   StringTable Weak               Min:  0.0, Avg:  0.0, Max:  0.0, Diff:  0.0, Sum:  0.0, Workers: 8
[2025-05-20T21:02:59.852+0300][16140][14288][debug][gc,phases] GC(15)     Dead                           Min: 0, Avg:  0.0, Max: 0, Diff: 0, Sum: 0, Workers: 8
[2025-05-20T21:02:59.852+0300][16140][14288][debug][gc,phases] GC(15)     Total                          Min: 704, Avg: 782.1, Max: 896, Diff: 192, Sum: 6257, Workers: 8
[2025-05-20T21:02:59.852+0300][16140][14288][debug][gc,phases] GC(15)   ResolvedMethodTable Weak       Min:  0.0, Avg:  0.0, Max:  0.0, Diff:  0.0, Sum:  0.0, Workers: 8
[2025-05-20T21:02:59.852+0300][16140][14288][debug][gc,phases] GC(15)     Dead                           Min: 0, Avg:  0.0, Max: 0, Diff: 0, Sum: 0, Workers: 8
[2025-05-20T21:02:59.852+0300][16140][14288][debug][gc,phases] GC(15)     Total                          Min: 64, Avg: 109.5, Max: 128, Diff: 64, Sum: 876, Workers: 8
[2025-05-20T21:02:59.852+0300][16140][14288][debug][gc,phases] GC(15)   JNI Weak                       Min:  0.0, Avg:  0.0, Max:  0.0, Diff:  0.0, Sum:  0.0, Workers: 8
[2025-05-20T21:02:59.852+0300][16140][14288][debug][gc,phases] GC(15)     Dead                           Min: 0, Avg:  0.0, Max: 0, Diff: 0, Sum: 0, Workers: 8
[2025-05-20T21:02:59.852+0300][16140][14288][debug][gc,phases] GC(15)     Total                          Min: 0, Avg:  0.0, Max: 0, Diff: 0, Sum: 0, Workers: 8
[2025-05-20T21:02:59.852+0300][16140][14288][debug][gc,phases] GC(15)   StringDedup Table Weak         Min:  0.0, Avg:  0.0, Max:  0.0, Diff:  0.0, Sum:  0.0, Workers: 8
[2025-05-20T21:02:59.852+0300][16140][14288][debug][gc,phases] GC(15)     Dead                           Min: 0, Avg:  0.0, Max: 0, Diff: 0, Sum: 0, Workers: 8
[2025-05-20T21:02:59.852+0300][16140][14288][debug][gc,phases] GC(15)     Total                          Min: 0, Avg:  0.0, Max: 0, Diff: 0, Sum: 0, Workers: 8
[2025-05-20T21:02:59.852+0300][16140][14288][debug][gc,phases] GC(15)   StringDedup Requests0 Weak     Min:  0.0, Avg:  0.0, Max:  0.0, Diff:  0.0, Sum:  0.0, Workers: 8
[2025-05-20T21:02:59.852+0300][16140][14288][debug][gc,phases] GC(15)     Dead                           Min: 0, Avg:  0.0, Max: 0, Diff: 0, Sum: 0, Workers: 8
[2025-05-20T21:02:59.852+0300][16140][14288][debug][gc,phases] GC(15)     Total                          Min: 0, Avg:  0.0, Max: 0, Diff: 0, Sum: 0, Workers: 8
[2025-05-20T21:02:59.852+0300][16140][14288][debug][gc,phases] GC(15)   StringDedup Requests1 Weak     Min:  0.0, Avg:  0.0, Max:  0.0, Diff:  0.0, Sum:  0.0, Workers: 8
[2025-05-20T21:02:59.852+0300][16140][14288][debug][gc,phases] GC(15)     Dead                           Min: 0, Avg:  0.0, Max: 0, Diff: 0, Sum: 0, Workers: 8
[2025-05-20T21:02:59.852+0300][16140][14288][debug][gc,phases] GC(15)     Total                          Min: 0, Avg:  0.0, Max: 0, Diff: 0, Sum: 0, Workers: 8
[2025-05-20T21:02:59.852+0300][16140][14288][debug][gc,phases] GC(15)   Weak JFR Old Object Samples    Min:  0.0, Avg:  0.0, Max:  0.0, Diff:  0.0, Sum:  0.0, Workers: 8
[2025-05-20T21:02:59.852+0300][16140][14288][debug][gc,phases] GC(15)     Dead                           Min: 0, Avg:  0.0, Max: 0, Diff: 0, Sum: 0, Workers: 8
[2025-05-20T21:02:59.852+0300][16140][14288][debug][gc,phases] GC(15)     Total                          Min: 0, Avg:  0.0, Max: 0, Diff: 0, Sum: 0, Workers: 8
[2025-05-20T21:02:59.852+0300][16140][14288][debug][gc,phases] GC(15) Weak Processing 0.350ms
[2025-05-20T21:02:59.852+0300][16140][14288][info ][gc,heap  ] GC(15) PSYoungGen: 1374240K(1385984K)->592K(1385472K) Eden: 1373696K(1373696K)->0K(1373696K) From: 544K(12288K)->592K(11776K)
[2025-05-20T21:02:59.852+0300][16140][14288][info ][gc,heap  ] GC(15) ParOldGen: 10494K(2796544K)->10542K(2796544K)
[2025-05-20T21:02:59.852+0300][16140][14288][info ][gc       ] GC(15) Pause Young (Allocation Failure) 1352M->10M(4084M) 0.758ms
[2025-05-20T21:02:59.852+0300][16140][14288][debug][gc,heap  ] GC(15) Heap after GC invocations=16 (full 1):
[2025-05-20T21:02:59.852+0300][16140][14288][debug][gc,heap  ] GC(15)  PSYoungGen      total 1385472K, used 592K [0x00000007aab00000, 0x0000000800000000, 0x0000000800000000)
[2025-05-20T21:02:59.852+0300][16140][14288][debug][gc,heap  ] GC(15)   eden space 1373696K, 0% used [0x00000007aab00000,0x00000007aab00000,0x00000007fe880000)
[2025-05-20T21:02:59.852+0300][16140][14288][debug][gc,heap  ] GC(15)   from space 11776K, 5% used [0x00000007fe880000,0x00000007fe9140d0,0x00000007ff400000)
[2025-05-20T21:02:59.852+0300][16140][14288][debug][gc,heap  ] GC(15)   to   space 11776K, 0% used [0x00000007ff480000,0x00000007ff480000,0x0000000800000000)
[2025-05-20T21:02:59.852+0300][16140][14288][debug][gc,heap  ] GC(15)  ParOldGen       total 2796544K, used 10542K [0x0000000700000000, 0x00000007aab00000, 0x00000007aab00000)
[2025-05-20T21:02:59.852+0300][16140][14288][debug][gc,heap  ] GC(15)   object space 2796544K, 0% used [0x0000000700000000,0x0000000700a4b9f8,0x00000007aab00000)
[2025-05-20T21:02:59.852+0300][16140][14288][debug][gc,heap  ] GC(15)  Metaspace       used 9000K, committed 9536K, reserved 1114112K
[2025-05-20T21:02:59.852+0300][16140][14288][debug][gc,heap  ] GC(15)   class space    used 978K, committed 1216K, reserved 1048576K
[2025-05-20T21:02:59.852+0300][16140][14288][info ][safepoint] Safepoint "ParallelGCFailedAllocation", Time since last: 301556900 ns, Reaching safepoint: 171900 ns, Cleanup: 11500 ns, At safepoint: 1060000 ns, Total: 1243400 ns
[2025-05-20T21:03:00.140+0300][16140][14288][debug][safepoint] Safepoint synchronization initiated using striped semaphore wait barrier. (19 threads)
[2025-05-20T21:03:00.140+0300][16140][14356][debug][safepoint] ... found polling page loop exception at pc = 0x000002291aa34de0, stub =0x000002291a434d80
[2025-05-20T21:03:00.140+0300][16140][1112 ][debug][safepoint] ... found polling page loop exception at pc = 0x000002291aa34de0, stub =0x000002291a434d80
[2025-05-20T21:03:00.140+0300][16140][14304][debug][safepoint] ... found polling page loop exception at pc = 0x000002291aa34de0, stub =0x000002291a434d80
[2025-05-20T21:03:00.140+0300][16140][11488][debug][safepoint] ... found polling page loop exception at pc = 0x000002291aa34de0, stub =0x000002291a434d80
[2025-05-20T21:03:00.140+0300][16140][9312 ][debug][safepoint] ... found polling page loop exception at pc = 0x000002291aa34de0, stub =0x000002291a434d80
[2025-05-20T21:03:00.140+0300][16140][14288][debug][gc,heap  ] GC(16) Heap before GC invocations=17 (full 1):
[2025-05-20T21:03:00.140+0300][16140][14288][debug][gc,heap  ] GC(16)  PSYoungGen      total 1385472K, used 1374288K [0x00000007aab00000, 0x0000000800000000, 0x0000000800000000)
[2025-05-20T21:03:00.140+0300][16140][14288][debug][gc,heap  ] GC(16)   eden space 1373696K, 100% used [0x00000007aab00000,0x00000007fe880000,0x00000007fe880000)
[2025-05-20T21:03:00.140+0300][16140][14288][debug][gc,heap  ] GC(16)   from space 11776K, 5% used [0x00000007fe880000,0x00000007fe9140d0,0x00000007ff400000)
[2025-05-20T21:03:00.140+0300][16140][14288][debug][gc,heap  ] GC(16)   to   space 11776K, 0% used [0x00000007ff480000,0x00000007ff480000,0x0000000800000000)
[2025-05-20T21:03:00.140+0300][16140][14288][debug][gc,heap  ] GC(16)  ParOldGen       total 2796544K, used 10542K [0x0000000700000000, 0x00000007aab00000, 0x00000007aab00000)
[2025-05-20T21:03:00.140+0300][16140][14288][debug][gc,heap  ] GC(16)   object space 2796544K, 0% used [0x0000000700000000,0x0000000700a4b9f8,0x00000007aab00000)
[2025-05-20T21:03:00.140+0300][16140][14288][debug][gc,heap  ] GC(16)  Metaspace       used 9000K, committed 9536K, reserved 1114112K
[2025-05-20T21:03:00.140+0300][16140][14288][debug][gc,heap  ] GC(16)   class space    used 978K, committed 1216K, reserved 1048576K
[2025-05-20T21:03:00.140+0300][16140][14288][debug][gc,phases] GC(16) Scavenge 0.145ms
[2025-05-20T21:03:00.140+0300][16140][14288][debug][gc,phases] GC(16) Reference Processing 0.067ms
[2025-05-20T21:03:00.140+0300][16140][14288][debug][gc,phases] GC(16)   VM Weak                        Min:  0.0, Avg:  0.0, Max:  0.0, Diff:  0.0, Sum:  0.0, Workers: 8
[2025-05-20T21:03:00.140+0300][16140][14288][debug][gc,phases] GC(16)     Dead                           Min: 0, Avg:  0.0, Max: 0, Diff: 0, Sum: 0, Workers: 8
[2025-05-20T21:03:00.140+0300][16140][14288][debug][gc,phases] GC(16)     Total                          Min: 0, Avg: 46.5, Max: 244, Diff: 244, Sum: 372, Workers: 8
[2025-05-20T21:03:00.140+0300][16140][14288][debug][gc,phases] GC(16)   ObjectSynchronizer Weak        Min:  0.0, Avg:  0.0, Max:  0.0, Diff:  0.0, Sum:  0.0, Workers: 8
[2025-05-20T21:03:00.140+0300][16140][14288][debug][gc,phases] GC(16)     Dead                           Min: 0, Avg:  0.0, Max: 0, Diff: 0, Sum: 0, Workers: 8
[2025-05-20T21:03:00.140+0300][16140][14288][debug][gc,phases] GC(16)     Total                          Min: 0, Avg: 18.6, Max: 85, Diff: 85, Sum: 149, Workers: 8
[2025-05-20T21:03:00.140+0300][16140][14288][debug][gc,phases] GC(16)   JVMTI Tag Weak OopStorage      Min:  0.0, Avg:  0.0, Max:  0.0, Diff:  0.0, Sum:  0.0, Workers: 8
[2025-05-20T21:03:00.140+0300][16140][14288][debug][gc,phases] GC(16)     Dead                           Min: 0, Avg:  0.0, Max: 0, Diff: 0, Sum: 0, Workers: 8
[2025-05-20T21:03:00.140+0300][16140][14288][debug][gc,phases] GC(16)     Total                          Min: 0, Avg:  0.0, Max: 0, Diff: 0, Sum: 0, Workers: 8
[2025-05-20T21:03:00.140+0300][16140][14288][debug][gc,phases] GC(16)   StringTable Weak               Min:  0.0, Avg:  0.0, Max:  0.0, Diff:  0.0, Sum:  0.0, Workers: 8
[2025-05-20T21:03:00.140+0300][16140][14288][debug][gc,phases] GC(16)     Dead                           Min: 0, Avg:  0.0, Max: 0, Diff: 0, Sum: 0, Workers: 8
[2025-05-20T21:03:00.140+0300][16140][14288][debug][gc,phases] GC(16)     Total                          Min: 576, Avg: 782.1, Max: 1073, Diff: 497, Sum: 6257, Workers: 8
[2025-05-20T21:03:00.140+0300][16140][14288][debug][gc,phases] GC(16)   ResolvedMethodTable Weak       Min:  0.0, Avg:  0.0, Max:  0.0, Diff:  0.0, Sum:  0.0, Workers: 8
[2025-05-20T21:03:00.140+0300][16140][14288][debug][gc,phases] GC(16)     Dead                           Min: 0, Avg:  0.0, Max: 0, Diff: 0, Sum: 0, Workers: 8
[2025-05-20T21:03:00.140+0300][16140][14288][debug][gc,phases] GC(16)     Total                          Min: 44, Avg: 109.5, Max: 128, Diff: 84, Sum: 876, Workers: 8
[2025-05-20T21:03:00.140+0300][16140][14288][debug][gc,phases] GC(16)   JNI Weak                       Min:  0.0, Avg:  0.0, Max:  0.0, Diff:  0.0, Sum:  0.0, Workers: 8
[2025-05-20T21:03:00.140+0300][16140][14288][debug][gc,phases] GC(16)     Dead                           Min: 0, Avg:  0.0, Max: 0, Diff: 0, Sum: 0, Workers: 8
[2025-05-20T21:03:00.140+0300][16140][14288][debug][gc,phases] GC(16)     Total                          Min: 0, Avg:  0.0, Max: 0, Diff: 0, Sum: 0, Workers: 8
[2025-05-20T21:03:00.140+0300][16140][14288][debug][gc,phases] GC(16)   StringDedup Table Weak         Min:  0.0, Avg:  0.0, Max:  0.0, Diff:  0.0, Sum:  0.0, Workers: 8
[2025-05-20T21:03:00.140+0300][16140][14288][debug][gc,phases] GC(16)     Dead                           Min: 0, Avg:  0.0, Max: 0, Diff: 0, Sum: 0, Workers: 8
[2025-05-20T21:03:00.140+0300][16140][14288][debug][gc,phases] GC(16)     Total                          Min: 0, Avg:  0.0, Max: 0, Diff: 0, Sum: 0, Workers: 8
[2025-05-20T21:03:00.140+0300][16140][14288][debug][gc,phases] GC(16)   StringDedup Requests0 Weak     Min:  0.0, Avg:  0.0, Max:  0.0, Diff:  0.0, Sum:  0.0, Workers: 8
[2025-05-20T21:03:00.140+0300][16140][14288][debug][gc,phases] GC(16)     Dead                           Min: 0, Avg:  0.0, Max: 0, Diff: 0, Sum: 0, Workers: 8
[2025-05-20T21:03:00.140+0300][16140][14288][debug][gc,phases] GC(16)     Total                          Min: 0, Avg:  0.0, Max: 0, Diff: 0, Sum: 0, Workers: 8
[2025-05-20T21:03:00.140+0300][16140][14288][debug][gc,phases] GC(16)   StringDedup Requests1 Weak     Min:  0.0, Avg:  0.0, Max:  0.0, Diff:  0.0, Sum:  0.0, Workers: 8
[2025-05-20T21:03:00.140+0300][16140][14288][debug][gc,phases] GC(16)     Dead                           Min: 0, Avg:  0.0, Max: 0, Diff: 0, Sum: 0, Workers: 8
[2025-05-20T21:03:00.140+0300][16140][14288][debug][gc,phases] GC(16)     Total                          Min: 0, Avg:  0.0, Max: 0, Diff: 0, Sum: 0, Workers: 8
[2025-05-20T21:03:00.140+0300][16140][14288][debug][gc,phases] GC(16)   Weak JFR Old Object Samples    Min:  0.0, Avg:  0.0, Max:  0.0, Diff:  0.0, Sum:  0.0, Workers: 8
[2025-05-20T21:03:00.140+0300][16140][14288][debug][gc,phases] GC(16)     Dead                           Min: 0, Avg:  0.0, Max: 0, Diff: 0, Sum: 0, Workers: 8
[2025-05-20T21:03:00.140+0300][16140][14288][debug][gc,phases] GC(16)     Total                          Min: 0, Avg:  0.0, Max: 0, Diff: 0, Sum: 0, Workers: 8
[2025-05-20T21:03:00.140+0300][16140][14288][debug][gc,phases] GC(16) Weak Processing 0.407ms
[2025-05-20T21:03:00.140+0300][16140][14288][info ][gc,heap  ] GC(16) PSYoungGen: 1374288K(1385472K)->512K(1386496K) Eden: 1373696K(1373696K)->0K(1374720K) From: 592K(11776K)->512K(11776K)
[2025-05-20T21:03:00.140+0300][16140][14288][info ][gc,heap  ] GC(16) ParOldGen: 10542K(2796544K)->10606K(2796544K)
[2025-05-20T21:03:00.140+0300][16140][14288][info ][gc       ] GC(16) Pause Young (Allocation Failure) 1352M->10M(4085M) 0.718ms
[2025-05-20T21:03:00.140+0300][16140][14288][debug][gc,heap  ] GC(16) Heap after GC invocations=17 (full 1):
[2025-05-20T21:03:00.140+0300][16140][14288][debug][gc,heap  ] GC(16)  PSYoungGen      total 1386496K, used 512K [0x00000007aab00000, 0x0000000800000000, 0x0000000800000000)
[2025-05-20T21:03:00.140+0300][16140][14288][debug][gc,heap  ] GC(16)   eden space 1374720K, 0% used [0x00000007aab00000,0x00000007aab00000,0x00000007fe980000)
[2025-05-20T21:03:00.140+0300][16140][14288][debug][gc,heap  ] GC(16)   from space 11776K, 4% used [0x00000007ff480000,0x00000007ff5000e0,0x0000000800000000)
[2025-05-20T21:03:00.140+0300][16140][14288][debug][gc,heap  ] GC(16)   to   space 11264K, 0% used [0x00000007fe980000,0x00000007fe980000,0x00000007ff480000)
[2025-05-20T21:03:00.140+0300][16140][14288][debug][gc,heap  ] GC(16)  ParOldGen       total 2796544K, used 10606K [0x0000000700000000, 0x00000007aab00000, 0x00000007aab00000)
[2025-05-20T21:03:00.140+0300][16140][14288][debug][gc,heap  ] GC(16)   object space 2796544K, 0% used [0x0000000700000000,0x0000000700a5b9f8,0x00000007aab00000)
[2025-05-20T21:03:00.140+0300][16140][14288][debug][gc,heap  ] GC(16)  Metaspace       used 9000K, committed 9536K, reserved 1114112K
[2025-05-20T21:03:00.140+0300][16140][14288][debug][gc,heap  ] GC(16)   class space    used 978K, committed 1216K, reserved 1048576K
[2025-05-20T21:03:00.140+0300][16140][14288][info ][safepoint] Safepoint "ParallelGCFailedAllocation", Time since last: 286566400 ns, Reaching safepoint: 263800 ns, Cleanup: 9900 ns, At safepoint: 980400 ns, Total: 1254100 ns
[2025-05-20T21:03:00.428+0300][16140][14288][debug][safepoint] Safepoint synchronization initiated using striped semaphore wait barrier. (19 threads)
[2025-05-20T21:03:00.428+0300][16140][9312 ][debug][safepoint] ... found polling page loop exception at pc = 0x000002291aa34de0, stub =0x000002291a434d80
[2025-05-20T21:03:00.428+0300][16140][1492 ][debug][safepoint] ... found polling page loop exception at pc = 0x000002291aa3e5af, stub =0x000002291a435600
[2025-05-20T21:03:00.428+0300][16140][11488][debug][safepoint] ... found polling page loop exception at pc = 0x000002291aa3e5af, stub =0x000002291a435600
[2025-05-20T21:03:00.428+0300][16140][13308][debug][safepoint] ... found polling page loop exception at pc = 0x000002291aa34de0, stub =0x000002291a434d80
[2025-05-20T21:03:00.428+0300][16140][14304][debug][safepoint] ... found polling page loop exception at pc = 0x000002291aa34de0, stub =0x000002291a434d80
[2025-05-20T21:03:00.428+0300][16140][1112 ][debug][safepoint] ... found polling page loop exception at pc = 0x000002291aa34de0, stub =0x000002291a434d80
[2025-05-20T21:03:00.428+0300][16140][14288][debug][gc,heap  ] GC(17) Heap before GC invocations=18 (full 1):
[2025-05-20T21:03:00.428+0300][16140][14288][debug][gc,heap  ] GC(17)  PSYoungGen      total 1386496K, used 1375232K [0x00000007aab00000, 0x0000000800000000, 0x0000000800000000)
[2025-05-20T21:03:00.428+0300][16140][14288][debug][gc,heap  ] GC(17)   eden space 1374720K, 100% used [0x00000007aab00000,0x00000007fe980000,0x00000007fe980000)
[2025-05-20T21:03:00.428+0300][16140][14288][debug][gc,heap  ] GC(17)   from space 11776K, 4% used [0x00000007ff480000,0x00000007ff5000e0,0x0000000800000000)
[2025-05-20T21:03:00.428+0300][16140][14288][debug][gc,heap  ] GC(17)   to   space 11264K, 0% used [0x00000007fe980000,0x00000007fe980000,0x00000007ff480000)
[2025-05-20T21:03:00.428+0300][16140][14288][debug][gc,heap  ] GC(17)  ParOldGen       total 2796544K, used 10606K [0x0000000700000000, 0x00000007aab00000, 0x00000007aab00000)
[2025-05-20T21:03:00.428+0300][16140][14288][debug][gc,heap  ] GC(17)   object space 2796544K, 0% used [0x0000000700000000,0x0000000700a5b9f8,0x00000007aab00000)
[2025-05-20T21:03:00.428+0300][16140][14288][debug][gc,heap  ] GC(17)  Metaspace       used 9000K, committed 9536K, reserved 1114112K
[2025-05-20T21:03:00.428+0300][16140][14288][debug][gc,heap  ] GC(17)   class space    used 978K, committed 1216K, reserved 1048576K
[2025-05-20T21:03:00.428+0300][16140][14288][debug][gc,phases] GC(17) Scavenge 0.369ms
[2025-05-20T21:03:00.428+0300][16140][14288][debug][gc,phases] GC(17) Reference Processing 0.053ms
[2025-05-20T21:03:00.428+0300][16140][14288][debug][gc,phases] GC(17)   VM Weak                        Min:  0.0, Avg:  0.0, Max:  0.0, Diff:  0.0, Sum:  0.0, Workers: 8
[2025-05-20T21:03:00.428+0300][16140][14288][debug][gc,phases] GC(17)     Dead                           Min: 0, Avg:  0.0, Max: 0, Diff: 0, Sum: 0, Workers: 8
[2025-05-20T21:03:00.428+0300][16140][14288][debug][gc,phases] GC(17)     Total                          Min: 0, Avg: 46.5, Max: 128, Diff: 128, Sum: 372, Workers: 8
[2025-05-20T21:03:00.428+0300][16140][14288][debug][gc,phases] GC(17)   ObjectSynchronizer Weak        Min:  0.0, Avg:  0.0, Max:  0.0, Diff:  0.0, Sum:  0.0, Workers: 8
[2025-05-20T21:03:00.428+0300][16140][14288][debug][gc,phases] GC(17)     Dead                           Min: 0, Avg:  0.0, Max: 0, Diff: 0, Sum: 0, Workers: 8
[2025-05-20T21:03:00.428+0300][16140][14288][debug][gc,phases] GC(17)     Total                          Min: 0, Avg: 18.6, Max: 64, Diff: 64, Sum: 149, Workers: 8
[2025-05-20T21:03:00.428+0300][16140][14288][debug][gc,phases] GC(17)   JVMTI Tag Weak OopStorage      Min:  0.0, Avg:  0.0, Max:  0.0, Diff:  0.0, Sum:  0.0, Workers: 8
[2025-05-20T21:03:00.428+0300][16140][14288][debug][gc,phases] GC(17)     Dead                           Min: 0, Avg:  0.0, Max: 0, Diff: 0, Sum: 0, Workers: 8
[2025-05-20T21:03:00.428+0300][16140][14288][debug][gc,phases] GC(17)     Total                          Min: 0, Avg:  0.0, Max: 0, Diff: 0, Sum: 0, Workers: 8
[2025-05-20T21:03:00.428+0300][16140][14288][debug][gc,phases] GC(17)   StringTable Weak               Min:  0.0, Avg:  0.0, Max:  0.0, Diff:  0.0, Sum:  0.1, Workers: 8
[2025-05-20T21:03:00.428+0300][16140][14288][debug][gc,phases] GC(17)     Dead                           Min: 0, Avg:  0.0, Max: 0, Diff: 0, Sum: 0, Workers: 8
[2025-05-20T21:03:00.428+0300][16140][14288][debug][gc,phases] GC(17)     Total                          Min: 512, Avg: 782.1, Max: 960, Diff: 448, Sum: 6257, Workers: 8
[2025-05-20T21:03:00.428+0300][16140][14288][debug][gc,phases] GC(17)   ResolvedMethodTable Weak       Min:  0.0, Avg:  0.0, Max:  0.0, Diff:  0.0, Sum:  0.0, Workers: 8
[2025-05-20T21:03:00.428+0300][16140][14288][debug][gc,phases] GC(17)     Dead                           Min: 0, Avg:  0.0, Max: 0, Diff: 0, Sum: 0, Workers: 8
[2025-05-20T21:03:00.428+0300][16140][14288][debug][gc,phases] GC(17)     Total                          Min: 44, Avg: 109.5, Max: 128, Diff: 84, Sum: 876, Workers: 8
[2025-05-20T21:03:00.428+0300][16140][14288][debug][gc,phases] GC(17)   JNI Weak                       Min:  0.0, Avg:  0.0, Max:  0.0, Diff:  0.0, Sum:  0.0, Workers: 8
[2025-05-20T21:03:00.428+0300][16140][14288][debug][gc,phases] GC(17)     Dead                           Min: 0, Avg:  0.0, Max: 0, Diff: 0, Sum: 0, Workers: 8
[2025-05-20T21:03:00.428+0300][16140][14288][debug][gc,phases] GC(17)     Total                          Min: 0, Avg:  0.0, Max: 0, Diff: 0, Sum: 0, Workers: 8
[2025-05-20T21:03:00.428+0300][16140][14288][debug][gc,phases] GC(17)   StringDedup Table Weak         Min:  0.0, Avg:  0.0, Max:  0.0, Diff:  0.0, Sum:  0.0, Workers: 8
[2025-05-20T21:03:00.428+0300][16140][14288][debug][gc,phases] GC(17)     Dead                           Min: 0, Avg:  0.0, Max: 0, Diff: 0, Sum: 0, Workers: 8
[2025-05-20T21:03:00.428+0300][16140][14288][debug][gc,phases] GC(17)     Total                          Min: 0, Avg:  0.0, Max: 0, Diff: 0, Sum: 0, Workers: 8
[2025-05-20T21:03:00.428+0300][16140][14288][debug][gc,phases] GC(17)   StringDedup Requests0 Weak     Min:  0.0, Avg:  0.0, Max:  0.0, Diff:  0.0, Sum:  0.0, Workers: 8
[2025-05-20T21:03:00.428+0300][16140][14288][debug][gc,phases] GC(17)     Dead                           Min: 0, Avg:  0.0, Max: 0, Diff: 0, Sum: 0, Workers: 8
[2025-05-20T21:03:00.428+0300][16140][14288][debug][gc,phases] GC(17)     Total                          Min: 0, Avg:  0.0, Max: 0, Diff: 0, Sum: 0, Workers: 8
[2025-05-20T21:03:00.428+0300][16140][14288][debug][gc,phases] GC(17)   StringDedup Requests1 Weak     Min:  0.0, Avg:  0.0, Max:  0.0, Diff:  0.0, Sum:  0.0, Workers: 8
[2025-05-20T21:03:00.428+0300][16140][14288][debug][gc,phases] GC(17)     Dead                           Min: 0, Avg:  0.0, Max: 0, Diff: 0, Sum: 0, Workers: 8
[2025-05-20T21:03:00.428+0300][16140][14288][debug][gc,phases] GC(17)     Total                          Min: 0, Avg:  0.0, Max: 0, Diff: 0, Sum: 0, Workers: 8
[2025-05-20T21:03:00.428+0300][16140][14288][debug][gc,phases] GC(17)   Weak JFR Old Object Samples    Min:  0.0, Avg:  0.0, Max:  0.0, Diff:  0.0, Sum:  0.0, Workers: 8
[2025-05-20T21:03:00.428+0300][16140][14288][debug][gc,phases] GC(17)     Dead                           Min: 0, Avg:  0.0, Max: 0, Diff: 0, Sum: 0, Workers: 8
[2025-05-20T21:03:00.428+0300][16140][14288][debug][gc,phases] GC(17)     Total                          Min: 0, Avg:  0.0, Max: 0, Diff: 0, Sum: 0, Workers: 8
[2025-05-20T21:03:00.428+0300][16140][14288][debug][gc,phases] GC(17) Weak Processing 0.447ms
[2025-05-20T21:03:00.428+0300][16140][14288][info ][gc,heap  ] GC(17) PSYoungGen: 1375232K(1386496K)->528K(1385984K) Eden: 1374720K(1374720K)->0K(1374720K) From: 512K(11776K)->528K(11264K)
[2025-05-20T21:03:00.428+0300][16140][14288][info ][gc,heap  ] GC(17) ParOldGen: 10606K(2796544K)->10662K(2796544K)
[2025-05-20T21:03:00.428+0300][16140][14288][info ][gc       ] GC(17) Pause Young (Allocation Failure) 1353M->10M(4084M) 0.989ms
[2025-05-20T21:03:00.428+0300][16140][14288][debug][gc,heap  ] GC(17) Heap after GC invocations=18 (full 1):
[2025-05-20T21:03:00.428+0300][16140][14288][debug][gc,heap  ] GC(17)  PSYoungGen      total 1385984K, used 528K [0x00000007aab00000, 0x0000000800000000, 0x0000000800000000)
[2025-05-20T21:03:00.428+0300][16140][14288][debug][gc,heap  ] GC(17)   eden space 1374720K, 0% used [0x00000007aab00000,0x00000007aab00000,0x00000007fe980000)
[2025-05-20T21:03:00.428+0300][16140][14288][debug][gc,heap  ] GC(17)   from space 11264K, 4% used [0x00000007fe980000,0x00000007fea040f0,0x00000007ff480000)
[2025-05-20T21:03:00.428+0300][16140][14288][debug][gc,heap  ] GC(17)   to   space 10752K, 0% used [0x00000007ff580000,0x00000007ff580000,0x0000000800000000)
[2025-05-20T21:03:00.428+0300][16140][14288][debug][gc,heap  ] GC(17)  ParOldGen       total 2796544K, used 10662K [0x0000000700000000, 0x00000007aab00000, 0x00000007aab00000)
[2025-05-20T21:03:00.428+0300][16140][14288][debug][gc,heap  ] GC(17)   object space 2796544K, 0% used [0x0000000700000000,0x0000000700a699f8,0x00000007aab00000)
[2025-05-20T21:03:00.428+0300][16140][14288][debug][gc,heap  ] GC(17)  Metaspace       used 9000K, committed 9536K, reserved 1114112K
[2025-05-20T21:03:00.428+0300][16140][14288][debug][gc,heap  ] GC(17)   class space    used 978K, committed 1216K, reserved 1048576K
[2025-05-20T21:03:00.428+0300][16140][14288][info ][safepoint] Safepoint "ParallelGCFailedAllocation", Time since last: 287366200 ns, Reaching safepoint: 323800 ns, Cleanup: 18700 ns, At safepoint: 1339200 ns, Total: 1681700 ns
[2025-05-20T21:03:00.803+0300][16140][14288][debug][safepoint] Safepoint synchronization initiated using striped semaphore wait barrier. (19 threads)
[2025-05-20T21:03:00.803+0300][16140][13308][debug][safepoint] ... found polling page loop exception at pc = 0x000002291aa34de0, stub =0x000002291a434d80
[2025-05-20T21:03:00.803+0300][16140][1112 ][debug][safepoint] ... found polling page loop exception at pc = 0x000002291aa34de0, stub =0x000002291a434d80
[2025-05-20T21:03:00.803+0300][16140][9312 ][debug][safepoint] ... found polling page loop exception at pc = 0x000002291aa34de0, stub =0x000002291a434d80
[2025-05-20T21:03:00.803+0300][16140][14356][debug][safepoint] ... found polling page loop exception at pc = 0x000002291aa34de0, stub =0x000002291a434d80
[2025-05-20T21:03:00.803+0300][16140][11488][debug][safepoint] ... found polling page loop exception at pc = 0x000002291aa34de0, stub =0x000002291a434d80
[2025-05-20T21:03:00.803+0300][16140][14304][debug][safepoint] ... found polling page loop exception at pc = 0x000002291aa34de0, stub =0x000002291a434d80
[2025-05-20T21:03:00.803+0300][16140][14288][debug][gc,heap  ] GC(18) Heap before GC invocations=19 (full 1):
[2025-05-20T21:03:00.803+0300][16140][14288][debug][gc,heap  ] GC(18)  PSYoungGen      total 1385984K, used 1375248K [0x00000007aab00000, 0x0000000800000000, 0x0000000800000000)
[2025-05-20T21:03:00.803+0300][16140][14288][debug][gc,heap  ] GC(18)   eden space 1374720K, 100% used [0x00000007aab00000,0x00000007fe980000,0x00000007fe980000)
[2025-05-20T21:03:00.803+0300][16140][14288][debug][gc,heap  ] GC(18)   from space 11264K, 4% used [0x00000007fe980000,0x00000007fea040f0,0x00000007ff480000)
[2025-05-20T21:03:00.803+0300][16140][14288][debug][gc,heap  ] GC(18)   to   space 10752K, 0% used [0x00000007ff580000,0x00000007ff580000,0x0000000800000000)
[2025-05-20T21:03:00.803+0300][16140][14288][debug][gc,heap  ] GC(18)  ParOldGen       total 2796544K, used 10662K [0x0000000700000000, 0x00000007aab00000, 0x00000007aab00000)
[2025-05-20T21:03:00.803+0300][16140][14288][debug][gc,heap  ] GC(18)   object space 2796544K, 0% used [0x0000000700000000,0x0000000700a699f8,0x00000007aab00000)
[2025-05-20T21:03:00.803+0300][16140][14288][debug][gc,heap  ] GC(18)  Metaspace       used 9002K, committed 9536K, reserved 1114112K
[2025-05-20T21:03:00.803+0300][16140][14288][debug][gc,heap  ] GC(18)   class space    used 978K, committed 1216K, reserved 1048576K
[2025-05-20T21:03:00.803+0300][16140][14288][debug][gc,phases] GC(18) Scavenge 0.260ms
[2025-05-20T21:03:00.803+0300][16140][14288][debug][gc,phases] GC(18) Reference Processing 0.057ms
[2025-05-20T21:03:00.803+0300][16140][14288][debug][gc,phases] GC(18)   VM Weak                        Min:  0.0, Avg:  0.0, Max:  0.0, Diff:  0.0, Sum:  0.0, Workers: 8
[2025-05-20T21:03:00.803+0300][16140][14288][debug][gc,phases] GC(18)     Dead                           Min: 0, Avg:  0.0, Max: 0, Diff: 0, Sum: 0, Workers: 8
[2025-05-20T21:03:00.803+0300][16140][14288][debug][gc,phases] GC(18)     Total                          Min: 0, Avg: 46.5, Max: 320, Diff: 320, Sum: 372, Workers: 8
[2025-05-20T21:03:00.803+0300][16140][14288][debug][gc,phases] GC(18)   ObjectSynchronizer Weak        Min:  0.0, Avg:  0.0, Max:  0.0, Diff:  0.0, Sum:  0.0, Workers: 8
[2025-05-20T21:03:00.803+0300][16140][14288][debug][gc,phases] GC(18)     Dead                           Min: 0, Avg:  0.0, Max: 0, Diff: 0, Sum: 0, Workers: 8
[2025-05-20T21:03:00.803+0300][16140][14288][debug][gc,phases] GC(18)     Total                          Min: 0, Avg: 18.6, Max: 64, Diff: 64, Sum: 149, Workers: 8
[2025-05-20T21:03:00.803+0300][16140][14288][debug][gc,phases] GC(18)   JVMTI Tag Weak OopStorage      Min:  0.0, Avg:  0.0, Max:  0.0, Diff:  0.0, Sum:  0.0, Workers: 8
[2025-05-20T21:03:00.803+0300][16140][14288][debug][gc,phases] GC(18)     Dead                           Min: 0, Avg:  0.0, Max: 0, Diff: 0, Sum: 0, Workers: 8
[2025-05-20T21:03:00.803+0300][16140][14288][debug][gc,phases] GC(18)     Total                          Min: 0, Avg:  0.0, Max: 0, Diff: 0, Sum: 0, Workers: 8
[2025-05-20T21:03:00.803+0300][16140][14288][debug][gc,phases] GC(18)   StringTable Weak               Min:  0.0, Avg:  0.0, Max:  0.0, Diff:  0.0, Sum:  0.1, Workers: 8
[2025-05-20T21:03:00.803+0300][16140][14288][debug][gc,phases] GC(18)     Dead                           Min: 0, Avg:  0.0, Max: 0, Diff: 0, Sum: 0, Workers: 8
[2025-05-20T21:03:00.803+0300][16140][14288][debug][gc,phases] GC(18)     Total                          Min: 640, Avg: 782.1, Max: 960, Diff: 320, Sum: 6257, Workers: 8
[2025-05-20T21:03:00.803+0300][16140][14288][debug][gc,phases] GC(18)   ResolvedMethodTable Weak       Min:  0.0, Avg:  0.0, Max:  0.0, Diff:  0.0, Sum:  0.0, Workers: 8
[2025-05-20T21:03:00.803+0300][16140][14288][debug][gc,phases] GC(18)     Dead                           Min: 0, Avg:  0.0, Max: 0, Diff: 0, Sum: 0, Workers: 8
[2025-05-20T21:03:00.803+0300][16140][14288][debug][gc,phases] GC(18)     Total                          Min: 0, Avg: 109.5, Max: 128, Diff: 128, Sum: 876, Workers: 8
[2025-05-20T21:03:00.803+0300][16140][14288][debug][gc,phases] GC(18)   JNI Weak                       Min:  0.0, Avg:  0.0, Max:  0.0, Diff:  0.0, Sum:  0.0, Workers: 8
[2025-05-20T21:03:00.803+0300][16140][14288][debug][gc,phases] GC(18)     Dead                           Min: 0, Avg:  0.0, Max: 0, Diff: 0, Sum: 0, Workers: 8
[2025-05-20T21:03:00.803+0300][16140][14288][debug][gc,phases] GC(18)     Total                          Min: 0, Avg:  0.0, Max: 0, Diff: 0, Sum: 0, Workers: 8
[2025-05-20T21:03:00.803+0300][16140][14288][debug][gc,phases] GC(18)   StringDedup Table Weak         Min:  0.0, Avg:  0.0, Max:  0.0, Diff:  0.0, Sum:  0.0, Workers: 8
[2025-05-20T21:03:00.803+0300][16140][14288][debug][gc,phases] GC(18)     Dead                           Min: 0, Avg:  0.0, Max: 0, Diff: 0, Sum: 0, Workers: 8
[2025-05-20T21:03:00.803+0300][16140][14288][debug][gc,phases] GC(18)     Total                          Min: 0, Avg:  0.0, Max: 0, Diff: 0, Sum: 0, Workers: 8
[2025-05-20T21:03:00.803+0300][16140][14288][debug][gc,phases] GC(18)   StringDedup Requests0 Weak     Min:  0.0, Avg:  0.0, Max:  0.0, Diff:  0.0, Sum:  0.0, Workers: 8
[2025-05-20T21:03:00.803+0300][16140][14288][debug][gc,phases] GC(18)     Dead                           Min: 0, Avg:  0.0, Max: 0, Diff: 0, Sum: 0, Workers: 8
[2025-05-20T21:03:00.803+0300][16140][14288][debug][gc,phases] GC(18)     Total                          Min: 0, Avg:  0.0, Max: 0, Diff: 0, Sum: 0, Workers: 8
[2025-05-20T21:03:00.803+0300][16140][14288][debug][gc,phases] GC(18)   StringDedup Requests1 Weak     Min:  0.0, Avg:  0.0, Max:  0.0, Diff:  0.0, Sum:  0.0, Workers: 8
[2025-05-20T21:03:00.803+0300][16140][14288][debug][gc,phases] GC(18)     Dead                           Min: 0, Avg:  0.0, Max: 0, Diff: 0, Sum: 0, Workers: 8
[2025-05-20T21:03:00.803+0300][16140][14288][debug][gc,phases] GC(18)     Total                          Min: 0, Avg:  0.0, Max: 0, Diff: 0, Sum: 0, Workers: 8
[2025-05-20T21:03:00.803+0300][16140][14288][debug][gc,phases] GC(18)   Weak JFR Old Object Samples    Min:  0.0, Avg:  0.0, Max:  0.0, Diff:  0.0, Sum:  0.0, Workers: 8
[2025-05-20T21:03:00.803+0300][16140][14288][debug][gc,phases] GC(18)     Dead                           Min: 0, Avg:  0.0, Max: 0, Diff: 0, Sum: 0, Workers: 8
[2025-05-20T21:03:00.803+0300][16140][14288][debug][gc,phases] GC(18)     Total                          Min: 0, Avg:  0.0, Max: 0, Diff: 0, Sum: 0, Workers: 8
[2025-05-20T21:03:00.803+0300][16140][14288][debug][gc,phases] GC(18) Weak Processing 0.603ms
[2025-05-20T21:03:00.803+0300][16140][14288][info ][gc,heap  ] GC(18) PSYoungGen: 1375248K(1385984K)->592K(1387520K) Eden: 1374720K(1374720K)->0K(1376768K) From: 528K(11264K)->592K(10752K)
[2025-05-20T21:03:00.803+0300][16140][14288][info ][gc,heap  ] GC(18) ParOldGen: 10662K(2796544K)->10718K(2796544K)
[2025-05-20T21:03:00.803+0300][16140][14288][info ][gc       ] GC(18) Pause Young (Allocation Failure) 1353M->11M(4086M) 1.051ms
[2025-05-20T21:03:00.803+0300][16140][14288][debug][gc,heap  ] GC(18) Heap after GC invocations=19 (full 1):
[2025-05-20T21:03:00.803+0300][16140][14288][debug][gc,heap  ] GC(18)  PSYoungGen      total 1387520K, used 592K [0x00000007aab00000, 0x0000000800000000, 0x0000000800000000)
[2025-05-20T21:03:00.803+0300][16140][14288][debug][gc,heap  ] GC(18)   eden space 1376768K, 0% used [0x00000007aab00000,0x00000007aab00000,0x00000007feb80000)
[2025-05-20T21:03:00.803+0300][16140][14288][debug][gc,heap  ] GC(18)   from space 10752K, 5% used [0x00000007ff580000,0x00000007ff6140d0,0x0000000800000000)
[2025-05-20T21:03:00.803+0300][16140][14288][debug][gc,heap  ] GC(18)   to   space 10240K, 0% used [0x00000007feb80000,0x00000007feb80000,0x00000007ff580000)
[2025-05-20T21:03:00.803+0300][16140][14288][debug][gc,heap  ] GC(18)  ParOldGen       total 2796544K, used 10718K [0x0000000700000000, 0x00000007aab00000, 0x00000007aab00000)
[2025-05-20T21:03:00.803+0300][16140][14288][debug][gc,heap  ] GC(18)   object space 2796544K, 0% used [0x0000000700000000,0x0000000700a779f8,0x00000007aab00000)
[2025-05-20T21:03:00.803+0300][16140][14288][debug][gc,heap  ] GC(18)  Metaspace       used 9002K, committed 9536K, reserved 1114112K
[2025-05-20T21:03:00.803+0300][16140][14288][debug][gc,heap  ] GC(18)   class space    used 978K, committed 1216K, reserved 1048576K
[2025-05-20T21:03:00.803+0300][16140][14288][info ][safepoint] Safepoint "ParallelGCFailedAllocation", Time since last: 374589000 ns, Reaching safepoint: 439400 ns, Cleanup: 13400 ns, At safepoint: 1445100 ns, Total: 1897900 ns
[2025-05-20T21:03:01.248+0300][16140][14288][debug][safepoint] Safepoint synchronization initiated using striped semaphore wait barrier. (19 threads)
[2025-05-20T21:03:01.250+0300][16140][14304][debug][safepoint] ... found polling page loop exception at pc = 0x000002291aa34de0, stub =0x000002291a434d80
[2025-05-20T21:03:01.250+0300][16140][14356][debug][safepoint] ... found polling page loop exception at pc = 0x000002291aa34de0, stub =0x000002291a434d80
[2025-05-20T21:03:01.250+0300][16140][9312 ][debug][safepoint] ... found polling page loop exception at pc = 0x000002291aa34de0, stub =0x000002291a434d80
[2025-05-20T21:03:01.250+0300][16140][14604][debug][safepoint] ... found polling page loop exception at pc = 0x000002291aa34de0, stub =0x000002291a434d80
[2025-05-20T21:03:01.250+0300][16140][14288][debug][gc,heap  ] GC(19) Heap before GC invocations=20 (full 1):
[2025-05-20T21:03:01.250+0300][16140][14288][debug][gc,heap  ] GC(19)  PSYoungGen      total 1387520K, used 1377360K [0x00000007aab00000, 0x0000000800000000, 0x0000000800000000)
[2025-05-20T21:03:01.250+0300][16140][14288][debug][gc,heap  ] GC(19)   eden space 1376768K, 100% used [0x00000007aab00000,0x00000007feb80000,0x00000007feb80000)
[2025-05-20T21:03:01.250+0300][16140][14288][debug][gc,heap  ] GC(19)   from space 10752K, 5% used [0x00000007ff580000,0x00000007ff6140d0,0x0000000800000000)
[2025-05-20T21:03:01.250+0300][16140][14288][debug][gc,heap  ] GC(19)   to   space 10240K, 0% used [0x00000007feb80000,0x00000007feb80000,0x00000007ff580000)
[2025-05-20T21:03:01.250+0300][16140][14288][debug][gc,heap  ] GC(19)  ParOldGen       total 2796544K, used 10718K [0x0000000700000000, 0x00000007aab00000, 0x00000007aab00000)
[2025-05-20T21:03:01.250+0300][16140][14288][debug][gc,heap  ] GC(19)   object space 2796544K, 0% used [0x0000000700000000,0x0000000700a779f8,0x00000007aab00000)
[2025-05-20T21:03:01.250+0300][16140][14288][debug][gc,heap  ] GC(19)  Metaspace       used 9002K, committed 9536K, reserved 1114112K
[2025-05-20T21:03:01.250+0300][16140][14288][debug][gc,heap  ] GC(19)   class space    used 978K, committed 1216K, reserved 1048576K
[2025-05-20T21:03:01.250+0300][16140][14288][debug][gc,phases] GC(19) Scavenge 0.304ms
[2025-05-20T21:03:01.250+0300][16140][14288][debug][gc,phases] GC(19) Reference Processing 0.055ms
[2025-05-20T21:03:01.250+0300][16140][14288][debug][gc,phases] GC(19)   VM Weak                        Min:  0.0, Avg:  0.0, Max:  0.0, Diff:  0.0, Sum:  0.0, Workers: 8
[2025-05-20T21:03:01.250+0300][16140][14288][debug][gc,phases] GC(19)     Dead                           Min: 0, Avg:  0.0, Max: 0, Diff: 0, Sum: 0, Workers: 8
[2025-05-20T21:03:01.250+0300][16140][14288][debug][gc,phases] GC(19)     Total                          Min: 0, Avg: 46.5, Max: 320, Diff: 320, Sum: 372, Workers: 8
[2025-05-20T21:03:01.250+0300][16140][14288][debug][gc,phases] GC(19)   ObjectSynchronizer Weak        Min:  0.0, Avg:  0.0, Max:  0.0, Diff:  0.0, Sum:  0.0, Workers: 8
[2025-05-20T21:03:01.250+0300][16140][14288][debug][gc,phases] GC(19)     Dead                           Min: 0, Avg:  0.0, Max: 0, Diff: 0, Sum: 0, Workers: 8
[2025-05-20T21:03:01.250+0300][16140][14288][debug][gc,phases] GC(19)     Total                          Min: 0, Avg: 18.6, Max: 85, Diff: 85, Sum: 149, Workers: 8
[2025-05-20T21:03:01.250+0300][16140][14288][debug][gc,phases] GC(19)   JVMTI Tag Weak OopStorage      Min:  0.0, Avg:  0.0, Max:  0.0, Diff:  0.0, Sum:  0.0, Workers: 8
[2025-05-20T21:03:01.250+0300][16140][14288][debug][gc,phases] GC(19)     Dead                           Min: 0, Avg:  0.0, Max: 0, Diff: 0, Sum: 0, Workers: 8
[2025-05-20T21:03:01.250+0300][16140][14288][debug][gc,phases] GC(19)     Total                          Min: 0, Avg:  0.0, Max: 0, Diff: 0, Sum: 0, Workers: 8
[2025-05-20T21:03:01.250+0300][16140][14288][debug][gc,phases] GC(19)   StringTable Weak               Min:  0.0, Avg:  0.0, Max:  0.0, Diff:  0.0, Sum:  0.1, Workers: 8
[2025-05-20T21:03:01.250+0300][16140][14288][debug][gc,phases] GC(19)     Dead                           Min: 0, Avg:  0.0, Max: 0, Diff: 0, Sum: 0, Workers: 8
[2025-05-20T21:03:01.250+0300][16140][14288][debug][gc,phases] GC(19)     Total                          Min: 704, Avg: 782.1, Max: 832, Diff: 128, Sum: 6257, Workers: 8
[2025-05-20T21:03:01.250+0300][16140][14288][debug][gc,phases] GC(19)   ResolvedMethodTable Weak       Min:  0.0, Avg:  0.0, Max:  0.0, Diff:  0.0, Sum:  0.0, Workers: 8
[2025-05-20T21:03:01.250+0300][16140][14288][debug][gc,phases] GC(19)     Dead                           Min: 0, Avg:  0.0, Max: 0, Diff: 0, Sum: 0, Workers: 8
[2025-05-20T21:03:01.250+0300][16140][14288][debug][gc,phases] GC(19)     Total                          Min: 44, Avg: 109.5, Max: 128, Diff: 84, Sum: 876, Workers: 8
[2025-05-20T21:03:01.250+0300][16140][14288][debug][gc,phases] GC(19)   JNI Weak                       Min:  0.0, Avg:  0.0, Max:  0.0, Diff:  0.0, Sum:  0.0, Workers: 8
[2025-05-20T21:03:01.250+0300][16140][14288][debug][gc,phases] GC(19)     Dead                           Min: 0, Avg:  0.0, Max: 0, Diff: 0, Sum: 0, Workers: 8
[2025-05-20T21:03:01.250+0300][16140][14288][debug][gc,phases] GC(19)     Total                          Min: 0, Avg:  0.0, Max: 0, Diff: 0, Sum: 0, Workers: 8
[2025-05-20T21:03:01.250+0300][16140][14288][debug][gc,phases] GC(19)   StringDedup Table Weak         Min:  0.0, Avg:  0.0, Max:  0.0, Diff:  0.0, Sum:  0.0, Workers: 8
[2025-05-20T21:03:01.250+0300][16140][14288][debug][gc,phases] GC(19)     Dead                           Min: 0, Avg:  0.0, Max: 0, Diff: 0, Sum: 0, Workers: 8
[2025-05-20T21:03:01.250+0300][16140][14288][debug][gc,phases] GC(19)     Total                          Min: 0, Avg:  0.0, Max: 0, Diff: 0, Sum: 0, Workers: 8
[2025-05-20T21:03:01.250+0300][16140][14288][debug][gc,phases] GC(19)   StringDedup Requests0 Weak     Min:  0.0, Avg:  0.0, Max:  0.0, Diff:  0.0, Sum:  0.0, Workers: 8
[2025-05-20T21:03:01.250+0300][16140][14288][debug][gc,phases] GC(19)     Dead                           Min: 0, Avg:  0.0, Max: 0, Diff: 0, Sum: 0, Workers: 8
[2025-05-20T21:03:01.250+0300][16140][14288][debug][gc,phases] GC(19)     Total                          Min: 0, Avg:  0.0, Max: 0, Diff: 0, Sum: 0, Workers: 8
[2025-05-20T21:03:01.250+0300][16140][14288][debug][gc,phases] GC(19)   StringDedup Requests1 Weak     Min:  0.0, Avg:  0.0, Max:  0.0, Diff:  0.0, Sum:  0.0, Workers: 8
[2025-05-20T21:03:01.250+0300][16140][14288][debug][gc,phases] GC(19)     Dead                           Min: 0, Avg:  0.0, Max: 0, Diff: 0, Sum: 0, Workers: 8
[2025-05-20T21:03:01.250+0300][16140][14288][debug][gc,phases] GC(19)     Total                          Min: 0, Avg:  0.0, Max: 0, Diff: 0, Sum: 0, Workers: 8
[2025-05-20T21:03:01.250+0300][16140][14288][debug][gc,phases] GC(19)   Weak JFR Old Object Samples    Min:  0.0, Avg:  0.0, Max:  0.0, Diff:  0.0, Sum:  0.0, Workers: 8
[2025-05-20T21:03:01.250+0300][16140][14288][debug][gc,phases] GC(19)     Dead                           Min: 0, Avg:  0.0, Max: 0, Diff: 0, Sum: 0, Workers: 8
[2025-05-20T21:03:01.250+0300][16140][14288][debug][gc,phases] GC(19)     Total                          Min: 0, Avg:  0.0, Max: 0, Diff: 0, Sum: 0, Workers: 8
[2025-05-20T21:03:01.250+0300][16140][14288][debug][gc,phases] GC(19) Weak Processing 0.594ms
[2025-05-20T21:03:01.250+0300][16140][14288][info ][gc,heap  ] GC(19) PSYoungGen: 1377360K(1387520K)->560K(1387008K) Eden: 1376768K(1376768K)->0K(1376768K) From: 592K(10752K)->560K(10240K)
[2025-05-20T21:03:01.250+0300][16140][14288][info ][gc,heap  ] GC(19) ParOldGen: 10718K(2796544K)->10782K(2796544K)
[2025-05-20T21:03:01.250+0300][16140][14288][info ][gc       ] GC(19) Pause Young (Allocation Failure) 1355M->11M(4085M) 1.078ms
[2025-05-20T21:03:01.250+0300][16140][14288][debug][gc,heap  ] GC(19) Heap after GC invocations=20 (full 1):
[2025-05-20T21:03:01.250+0300][16140][14288][debug][gc,heap  ] GC(19)  PSYoungGen      total 1387008K, used 560K [0x00000007aab00000, 0x0000000800000000, 0x0000000800000000)
[2025-05-20T21:03:01.250+0300][16140][14288][debug][gc,heap  ] GC(19)   eden space 1376768K, 0% used [0x00000007aab00000,0x00000007aab00000,0x00000007feb80000)
[2025-05-20T21:03:01.250+0300][16140][14288][debug][gc,heap  ] GC(19)   from space 10240K, 5% used [0x00000007feb80000,0x00000007fec0c0f0,0x00000007ff580000)
[2025-05-20T21:03:01.250+0300][16140][14288][debug][gc,heap  ] GC(19)   to   space 10240K, 0% used [0x00000007ff600000,0x00000007ff600000,0x0000000800000000)
[2025-05-20T21:03:01.250+0300][16140][14288][debug][gc,heap  ] GC(19)  ParOldGen       total 2796544K, used 10782K [0x0000000700000000, 0x00000007aab00000, 0x00000007aab00000)
[2025-05-20T21:03:01.250+0300][16140][14288][debug][gc,heap  ] GC(19)   object space 2796544K, 0% used [0x0000000700000000,0x0000000700a879f8,0x00000007aab00000)
[2025-05-20T21:03:01.250+0300][16140][14288][debug][gc,heap  ] GC(19)  Metaspace       used 9002K, committed 9536K, reserved 1114112K
[2025-05-20T21:03:01.250+0300][16140][14288][debug][gc,heap  ] GC(19)   class space    used 978K, committed 1216K, reserved 1048576K
[2025-05-20T21:03:01.250+0300][16140][14288][info ][safepoint] Safepoint "ParallelGCFailedAllocation", Time since last: 443134200 ns, Reaching safepoint: 351800 ns, Cleanup: 19100 ns, At safepoint: 1465900 ns, Total: 1836800 ns
[2025-05-20T21:03:01.922+0300][16140][14288][debug][safepoint] Safepoint synchronization initiated using striped semaphore wait barrier. (13 threads)
[2025-05-20T21:03:01.922+0300][16140][14288][debug][gc,heap  ] GC(20) Heap before GC invocations=21 (full 1):
[2025-05-20T21:03:01.922+0300][16140][14288][debug][gc,heap  ] GC(20)  PSYoungGen      total 1387008K, used 1001508K [0x00000007aab00000, 0x0000000800000000, 0x0000000800000000)
[2025-05-20T21:03:01.922+0300][16140][14288][debug][gc,heap  ] GC(20)   eden space 1376768K, 72% used [0x00000007aab00000,0x00000007e7c7d130,0x00000007feb80000)
[2025-05-20T21:03:01.922+0300][16140][14288][debug][gc,heap  ] GC(20)   from space 10240K, 5% used [0x00000007feb80000,0x00000007fec0c0f0,0x00000007ff580000)
[2025-05-20T21:03:01.922+0300][16140][14288][debug][gc,heap  ] GC(20)   to   space 10240K, 0% used [0x00000007ff600000,0x00000007ff600000,0x0000000800000000)
[2025-05-20T21:03:01.922+0300][16140][14288][debug][gc,heap  ] GC(20)  ParOldGen       total 2796544K, used 10782K [0x0000000700000000, 0x00000007aab00000, 0x00000007aab00000)
[2025-05-20T21:03:01.922+0300][16140][14288][debug][gc,heap  ] GC(20)   object space 2796544K, 0% used [0x0000000700000000,0x0000000700a879f8,0x00000007aab00000)
[2025-05-20T21:03:01.922+0300][16140][14288][debug][gc,heap  ] GC(20)  Metaspace       used 9190K, committed 9792K, reserved 1114112K
[2025-05-20T21:03:01.922+0300][16140][14288][debug][gc,heap  ] GC(20)   class space    used 996K, committed 1280K, reserved 1048576K
[2025-05-20T21:03:01.922+0300][16140][14288][debug][gc,phases] GC(20) Scavenge 0.240ms
[2025-05-20T21:03:01.922+0300][16140][14288][debug][gc,phases] GC(20) Reference Processing 0.044ms
[2025-05-20T21:03:01.922+0300][16140][14288][debug][gc,phases] GC(20)   VM Weak                        Min:  0.0, Avg:  0.0, Max:  0.0, Diff:  0.0, Sum:  0.0, Workers: 8
[2025-05-20T21:03:01.922+0300][16140][14288][debug][gc,phases] GC(20)     Dead                           Min: 0, Avg:  0.0, Max: 0, Diff: 0, Sum: 0, Workers: 8
[2025-05-20T21:03:01.922+0300][16140][14288][debug][gc,phases] GC(20)     Total                          Min: 0, Avg: 46.6, Max: 373, Diff: 373, Sum: 373, Workers: 8
[2025-05-20T21:03:01.922+0300][16140][14288][debug][gc,phases] GC(20)   ObjectSynchronizer Weak        Min:  0.0, Avg:  0.0, Max:  0.0, Diff:  0.0, Sum:  0.0, Workers: 8
[2025-05-20T21:03:01.922+0300][16140][14288][debug][gc,phases] GC(20)     Dead                           Min: 0, Avg:  0.0, Max: 0, Diff: 0, Sum: 0, Workers: 8
[2025-05-20T21:03:01.922+0300][16140][14288][debug][gc,phases] GC(20)     Total                          Min: 0, Avg: 18.6, Max: 64, Diff: 64, Sum: 149, Workers: 8
[2025-05-20T21:03:01.922+0300][16140][14288][debug][gc,phases] GC(20)   JVMTI Tag Weak OopStorage      Min:  0.0, Avg:  0.0, Max:  0.0, Diff:  0.0, Sum:  0.0, Workers: 8
[2025-05-20T21:03:01.922+0300][16140][14288][debug][gc,phases] GC(20)     Dead                           Min: 0, Avg:  0.0, Max: 0, Diff: 0, Sum: 0, Workers: 8
[2025-05-20T21:03:01.922+0300][16140][14288][debug][gc,phases] GC(20)     Total                          Min: 0, Avg:  0.0, Max: 0, Diff: 0, Sum: 0, Workers: 8
[2025-05-20T21:03:01.922+0300][16140][14288][debug][gc,phases] GC(20)   StringTable Weak               Min:  0.0, Avg:  0.0, Max:  0.0, Diff:  0.0, Sum:  0.1, Workers: 8
[2025-05-20T21:03:01.922+0300][16140][14288][debug][gc,phases] GC(20)     Dead                           Min: 0, Avg:  0.5, Max: 3, Diff: 3, Sum: 4, Workers: 8
[2025-05-20T21:03:01.922+0300][16140][14288][debug][gc,phases] GC(20)     Total                          Min: 0, Avg: 788.5, Max: 1728, Diff: 1728, Sum: 6308, Workers: 8
[2025-05-20T21:03:01.922+0300][16140][14288][debug][gc,phases] GC(20)   ResolvedMethodTable Weak       Min:  0.0, Avg:  0.0, Max:  0.0, Diff:  0.0, Sum:  0.0, Workers: 8
[2025-05-20T21:03:01.922+0300][16140][14288][debug][gc,phases] GC(20)     Dead                           Min: 0, Avg:  0.4, Max: 2, Diff: 2, Sum: 3, Workers: 8
[2025-05-20T21:03:01.922+0300][16140][14288][debug][gc,phases] GC(20)     Total                          Min: 0, Avg: 112.9, Max: 319, Diff: 319, Sum: 903, Workers: 8
[2025-05-20T21:03:01.922+0300][16140][14288][debug][gc,phases] GC(20)   JNI Weak                       Min:  0.0, Avg:  0.0, Max:  0.0, Diff:  0.0, Sum:  0.0, Workers: 8
[2025-05-20T21:03:01.922+0300][16140][14288][debug][gc,phases] GC(20)     Dead                           Min: 0, Avg:  0.0, Max: 0, Diff: 0, Sum: 0, Workers: 8
[2025-05-20T21:03:01.922+0300][16140][14288][debug][gc,phases] GC(20)     Total                          Min: 0, Avg:  0.0, Max: 0, Diff: 0, Sum: 0, Workers: 8
[2025-05-20T21:03:01.922+0300][16140][14288][debug][gc,phases] GC(20)   StringDedup Table Weak         Min:  0.0, Avg:  0.0, Max:  0.0, Diff:  0.0, Sum:  0.0, Workers: 8
[2025-05-20T21:03:01.922+0300][16140][14288][debug][gc,phases] GC(20)     Dead                           Min: 0, Avg:  0.0, Max: 0, Diff: 0, Sum: 0, Workers: 8
[2025-05-20T21:03:01.922+0300][16140][14288][debug][gc,phases] GC(20)     Total                          Min: 0, Avg:  0.0, Max: 0, Diff: 0, Sum: 0, Workers: 8
[2025-05-20T21:03:01.922+0300][16140][14288][debug][gc,phases] GC(20)   StringDedup Requests0 Weak     Min:  0.0, Avg:  0.0, Max:  0.0, Diff:  0.0, Sum:  0.0, Workers: 8
[2025-05-20T21:03:01.922+0300][16140][14288][debug][gc,phases] GC(20)     Dead                           Min: 0, Avg:  0.0, Max: 0, Diff: 0, Sum: 0, Workers: 8
[2025-05-20T21:03:01.922+0300][16140][14288][debug][gc,phases] GC(20)     Total                          Min: 0, Avg:  0.0, Max: 0, Diff: 0, Sum: 0, Workers: 8
[2025-05-20T21:03:01.922+0300][16140][14288][debug][gc,phases] GC(20)   StringDedup Requests1 Weak     Min:  0.0, Avg:  0.0, Max:  0.0, Diff:  0.0, Sum:  0.0, Workers: 8
[2025-05-20T21:03:01.922+0300][16140][14288][debug][gc,phases] GC(20)     Dead                           Min: 0, Avg:  0.0, Max: 0, Diff: 0, Sum: 0, Workers: 8
[2025-05-20T21:03:01.922+0300][16140][14288][debug][gc,phases] GC(20)     Total                          Min: 0, Avg:  0.0, Max: 0, Diff: 0, Sum: 0, Workers: 8
[2025-05-20T21:03:01.922+0300][16140][14288][debug][gc,phases] GC(20)   Weak JFR Old Object Samples    Min:  0.0, Avg:  0.0, Max:  0.0, Diff:  0.0, Sum:  0.0, Workers: 8
[2025-05-20T21:03:01.922+0300][16140][14288][debug][gc,phases] GC(20)     Dead                           Min: 0, Avg:  0.0, Max: 0, Diff: 0, Sum: 0, Workers: 8
[2025-05-20T21:03:01.922+0300][16140][14288][debug][gc,phases] GC(20)     Total                          Min: 0, Avg:  0.0, Max: 0, Diff: 0, Sum: 0, Workers: 8
[2025-05-20T21:03:01.922+0300][16140][14288][debug][gc,phases] GC(20) Weak Processing 0.547ms
[2025-05-20T21:03:01.922+0300][16140][14288][info ][gc,heap  ] GC(20) PSYoungGen: 1001508K(1387008K)->256K(1388032K) Eden: 1000948K(1376768K)->0K(1377792K) From: 560K(10240K)->256K(10240K)
[2025-05-20T21:03:01.922+0300][16140][14288][info ][gc,heap  ] GC(20) ParOldGen: 10782K(2796544K)->10830K(2796544K)
[2025-05-20T21:03:01.922+0300][16140][14288][info ][gc       ] GC(20) Pause Young (System.gc()) 988M->10M(4086M) 0.955ms
[2025-05-20T21:03:01.922+0300][16140][14288][debug][gc,heap  ] GC(20) Heap after GC invocations=21 (full 1):
[2025-05-20T21:03:01.922+0300][16140][14288][debug][gc,heap  ] GC(20)  PSYoungGen      total 1388032K, used 256K [0x00000007aab00000, 0x0000000800000000, 0x0000000800000000)
[2025-05-20T21:03:01.922+0300][16140][14288][debug][gc,heap  ] GC(20)   eden space 1377792K, 0% used [0x00000007aab00000,0x00000007aab00000,0x00000007fec80000)
[2025-05-20T21:03:01.922+0300][16140][14288][debug][gc,heap  ] GC(20)   from space 10240K, 2% used [0x00000007ff600000,0x00000007ff640000,0x0000000800000000)
[2025-05-20T21:03:01.922+0300][16140][14288][debug][gc,heap  ] GC(20)   to   space 9728K, 0% used [0x00000007fec80000,0x00000007fec80000,0x00000007ff600000)
[2025-05-20T21:03:01.922+0300][16140][14288][debug][gc,heap  ] GC(20)  ParOldGen       total 2796544K, used 10830K [0x0000000700000000, 0x00000007aab00000, 0x00000007aab00000)
[2025-05-20T21:03:01.922+0300][16140][14288][debug][gc,heap  ] GC(20)   object space 2796544K, 0% used [0x0000000700000000,0x0000000700a939f8,0x00000007aab00000)
[2025-05-20T21:03:01.922+0300][16140][14288][debug][gc,heap  ] GC(20)  Metaspace       used 9190K, committed 9792K, reserved 1114112K
[2025-05-20T21:03:01.922+0300][16140][14288][debug][gc,heap  ] GC(20)   class space    used 996K, committed 1280K, reserved 1048576K
[2025-05-20T21:03:01.922+0300][16140][14288][debug][gc,heap  ] GC(21) Heap before GC invocations=22 (full 2):
[2025-05-20T21:03:01.922+0300][16140][14288][debug][gc,heap  ] GC(21)  PSYoungGen      total 1388032K, used 256K [0x00000007aab00000, 0x0000000800000000, 0x0000000800000000)
[2025-05-20T21:03:01.922+0300][16140][14288][debug][gc,heap  ] GC(21)   eden space 1377792K, 0% used [0x00000007aab00000,0x00000007aab00000,0x00000007fec80000)
[2025-05-20T21:03:01.922+0300][16140][14288][debug][gc,heap  ] GC(21)   from space 10240K, 2% used [0x00000007ff600000,0x00000007ff640000,0x0000000800000000)
[2025-05-20T21:03:01.922+0300][16140][14288][debug][gc,heap  ] GC(21)   to   space 9728K, 0% used [0x00000007fec80000,0x00000007fec80000,0x00000007ff600000)
[2025-05-20T21:03:01.922+0300][16140][14288][debug][gc,heap  ] GC(21)  ParOldGen       total 2796544K, used 10830K [0x0000000700000000, 0x00000007aab00000, 0x00000007aab00000)
[2025-05-20T21:03:01.922+0300][16140][14288][debug][gc,heap  ] GC(21)   object space 2796544K, 0% used [0x0000000700000000,0x0000000700a939f8,0x00000007aab00000)
[2025-05-20T21:03:01.922+0300][16140][14288][debug][gc,heap  ] GC(21)  Metaspace       used 9190K, committed 9792K, reserved 1114112K
[2025-05-20T21:03:01.922+0300][16140][14288][debug][gc,heap  ] GC(21)   class space    used 996K, committed 1280K, reserved 1048576K
[2025-05-20T21:03:01.922+0300][16140][14288][debug][gc,phases] GC(21) Pre Compact 0.139ms
[2025-05-20T21:03:01.931+0300][16140][14288][debug][gc,phases] GC(21) Par Mark 1.835ms
[2025-05-20T21:03:01.931+0300][16140][14288][debug][gc,phases] GC(21) Reference Processing 0.161ms
[2025-05-20T21:03:01.931+0300][16140][14288][debug][gc,phases] GC(21)   VM Weak                        Min:  0.0, Avg:  0.0, Max:  0.0, Diff:  0.0, Sum:  0.0, Workers: 8
[2025-05-20T21:03:01.931+0300][16140][14288][debug][gc,phases] GC(21)     Dead                           Min: 0, Avg: 31.2, Max: 100, Diff: 100, Sum: 250, Workers: 8
[2025-05-20T21:03:01.931+0300][16140][14288][debug][gc,phases] GC(21)     Total                          Min: 0, Avg: 46.6, Max: 192, Diff: 192, Sum: 373, Workers: 8
[2025-05-20T21:03:01.931+0300][16140][14288][debug][gc,phases] GC(21)   ObjectSynchronizer Weak        Min:  0.0, Avg:  0.0, Max:  0.0, Diff:  0.0, Sum:  0.0, Workers: 8
[2025-05-20T21:03:01.931+0300][16140][14288][debug][gc,phases] GC(21)     Dead                           Min: 0, Avg:  0.4, Max: 2, Diff: 2, Sum: 3, Workers: 8
[2025-05-20T21:03:01.931+0300][16140][14288][debug][gc,phases] GC(21)     Total                          Min: 0, Avg: 18.6, Max: 64, Diff: 64, Sum: 149, Workers: 8
[2025-05-20T21:03:01.931+0300][16140][14288][debug][gc,phases] GC(21)   JVMTI Tag Weak OopStorage      Min:  0.0, Avg:  0.0, Max:  0.0, Diff:  0.0, Sum:  0.0, Workers: 8
[2025-05-20T21:03:01.931+0300][16140][14288][debug][gc,phases] GC(21)     Dead                           Min: 0, Avg:  0.0, Max: 0, Diff: 0, Sum: 0, Workers: 8
[2025-05-20T21:03:01.931+0300][16140][14288][debug][gc,phases] GC(21)     Total                          Min: 0, Avg:  0.0, Max: 0, Diff: 0, Sum: 0, Workers: 8
[2025-05-20T21:03:01.931+0300][16140][14288][debug][gc,phases] GC(21)   StringTable Weak               Min:  0.0, Avg:  0.0, Max:  0.0, Diff:  0.0, Sum:  0.1, Workers: 8
[2025-05-20T21:03:01.931+0300][16140][14288][debug][gc,phases] GC(21)     Dead                           Min: 0, Avg:  0.0, Max: 0, Diff: 0, Sum: 0, Workers: 8
[2025-05-20T21:03:01.931+0300][16140][14288][debug][gc,phases] GC(21)     Total                          Min: 0, Avg: 788.5, Max: 1152, Diff: 1152, Sum: 6308, Workers: 8
[2025-05-20T21:03:01.931+0300][16140][14288][debug][gc,phases] GC(21)   ResolvedMethodTable Weak       Min:  0.0, Avg:  0.0, Max:  0.0, Diff:  0.0, Sum:  0.0, Workers: 8
[2025-05-20T21:03:01.931+0300][16140][14288][debug][gc,phases] GC(21)     Dead                           Min: 0, Avg:  3.5, Max: 14, Diff: 14, Sum: 28, Workers: 8
[2025-05-20T21:03:01.931+0300][16140][14288][debug][gc,phases] GC(21)     Total                          Min: 0, Avg: 112.9, Max: 192, Diff: 192, Sum: 903, Workers: 8
[2025-05-20T21:03:01.931+0300][16140][14288][debug][gc,phases] GC(21)   JNI Weak                       Min:  0.0, Avg:  0.0, Max:  0.0, Diff:  0.0, Sum:  0.0, Workers: 8
[2025-05-20T21:03:01.931+0300][16140][14288][debug][gc,phases] GC(21)     Dead                           Min: 0, Avg:  0.0, Max: 0, Diff: 0, Sum: 0, Workers: 8
[2025-05-20T21:03:01.931+0300][16140][14288][debug][gc,phases] GC(21)     Total                          Min: 0, Avg:  0.0, Max: 0, Diff: 0, Sum: 0, Workers: 8
[2025-05-20T21:03:01.931+0300][16140][14288][debug][gc,phases] GC(21)   StringDedup Table Weak         Min:  0.0, Avg:  0.0, Max:  0.0, Diff:  0.0, Sum:  0.0, Workers: 8
[2025-05-20T21:03:01.931+0300][16140][14288][debug][gc,phases] GC(21)     Dead                           Min: 0, Avg:  0.0, Max: 0, Diff: 0, Sum: 0, Workers: 8
[2025-05-20T21:03:01.931+0300][16140][14288][debug][gc,phases] GC(21)     Total                          Min: 0, Avg:  0.0, Max: 0, Diff: 0, Sum: 0, Workers: 8
[2025-05-20T21:03:01.931+0300][16140][14288][debug][gc,phases] GC(21)   StringDedup Requests0 Weak     Min:  0.0, Avg:  0.0, Max:  0.0, Diff:  0.0, Sum:  0.0, Workers: 8
[2025-05-20T21:03:01.931+0300][16140][14288][debug][gc,phases] GC(21)     Dead                           Min: 0, Avg:  0.0, Max: 0, Diff: 0, Sum: 0, Workers: 8
[2025-05-20T21:03:01.931+0300][16140][14288][debug][gc,phases] GC(21)     Total                          Min: 0, Avg:  0.0, Max: 0, Diff: 0, Sum: 0, Workers: 8
[2025-05-20T21:03:01.931+0300][16140][14288][debug][gc,phases] GC(21)   StringDedup Requests1 Weak     Min:  0.0, Avg:  0.0, Max:  0.0, Diff:  0.0, Sum:  0.0, Workers: 8
[2025-05-20T21:03:01.931+0300][16140][14288][debug][gc,phases] GC(21)     Dead                           Min: 0, Avg:  0.0, Max: 0, Diff: 0, Sum: 0, Workers: 8
[2025-05-20T21:03:01.931+0300][16140][14288][debug][gc,phases] GC(21)     Total                          Min: 0, Avg:  0.0, Max: 0, Diff: 0, Sum: 0, Workers: 8
[2025-05-20T21:03:01.931+0300][16140][14288][debug][gc,phases] GC(21)   Weak JFR Old Object Samples    Min:  0.0, Avg:  0.0, Max:  0.0, Diff:  0.0, Sum:  0.0, Workers: 8
[2025-05-20T21:03:01.931+0300][16140][14288][debug][gc,phases] GC(21)     Dead                           Min: 0, Avg:  0.0, Max: 0, Diff: 0, Sum: 0, Workers: 8
[2025-05-20T21:03:01.931+0300][16140][14288][debug][gc,phases] GC(21)     Total                          Min: 0, Avg:  0.0, Max: 0, Diff: 0, Sum: 0, Workers: 8
[2025-05-20T21:03:01.931+0300][16140][14288][debug][gc,phases] GC(21) Weak Processing 0.582ms
[2025-05-20T21:03:01.931+0300][16140][14288][debug][gc,phases] GC(21) ClassLoaderData 0.234ms
[2025-05-20T21:03:01.931+0300][16140][14288][debug][gc,phases] GC(21) Trigger cleanups 0.008ms
[2025-05-20T21:03:01.931+0300][16140][14288][debug][gc,phases] GC(21) Purge Unlinked NMethods 0.108ms
[2025-05-20T21:03:01.931+0300][16140][14288][debug][gc,phases] GC(21) Unregister NMethods 0.001ms
[2025-05-20T21:03:01.931+0300][16140][14288][debug][gc,phases] GC(21) Free Code Blobs 0.024ms
[2025-05-20T21:03:01.938+0300][16140][14288][debug][gc,phases] GC(21) Class Unloading 6.034ms
[2025-05-20T21:03:01.938+0300][16140][14288][debug][gc,phases] GC(21) Report Object Count 0.001ms
[2025-05-20T21:03:01.938+0300][16140][14288][info ][gc,phases] GC(21) Marking Phase 8.763ms
[2025-05-20T21:03:01.938+0300][16140][14288][info ][gc,phases] GC(21) Summary Phase 0.002ms
[2025-05-20T21:03:01.941+0300][16140][14288][info ][gc,phases] GC(21) Adjust Roots 3.470ms
[2025-05-20T21:03:01.944+0300][16140][14288][info ][gc,phases] GC(21) Compaction Phase 3.737ms
[2025-05-20T21:03:01.944+0300][16140][14288][debug][gc,phases] GC(21) Purge Class Loader Data 0.372ms
[2025-05-20T21:03:01.944+0300][16140][14288][info ][gc,phases] GC(21) Post Compact 0.672ms
[2025-05-20T21:03:01.944+0300][16140][14288][info ][gc,heap  ] GC(21) PSYoungGen: 256K(1388032K)->0K(1388032K) Eden: 0K(1377792K)->0K(1377792K) From: 256K(10240K)->0K(10240K)
[2025-05-20T21:03:01.944+0300][16140][14288][info ][gc,heap  ] GC(21) ParOldGen: 10830K(2796544K)->9916K(2796544K)
[2025-05-20T21:03:01.944+0300][16140][14288][info ][gc       ] GC(21) Pause Full (System.gc()) 10M->9M(4086M) 16.833ms
[2025-05-20T21:03:01.944+0300][16140][14288][debug][gc,heap  ] GC(21) Heap after GC invocations=22 (full 2):
[2025-05-20T21:03:01.944+0300][16140][14288][debug][gc,heap  ] GC(21)  PSYoungGen      total 1388032K, used 0K [0x00000007aab00000, 0x0000000800000000, 0x0000000800000000)
[2025-05-20T21:03:01.944+0300][16140][14288][debug][gc,heap  ] GC(21)   eden space 1377792K, 0% used [0x00000007aab00000,0x00000007aab00000,0x00000007fec80000)
[2025-05-20T21:03:01.944+0300][16140][14288][debug][gc,heap  ] GC(21)   from space 10240K, 0% used [0x00000007ff600000,0x00000007ff600000,0x0000000800000000)
[2025-05-20T21:03:01.944+0300][16140][14288][debug][gc,heap  ] GC(21)   to   space 9728K, 0% used [0x00000007fec80000,0x00000007fec80000,0x00000007ff600000)
[2025-05-20T21:03:01.944+0300][16140][14288][debug][gc,heap  ] GC(21)  ParOldGen       total 2796544K, used 9916K [0x0000000700000000, 0x00000007aab00000, 0x00000007aab00000)
[2025-05-20T21:03:01.944+0300][16140][14288][debug][gc,heap  ] GC(21)   object space 2796544K, 0% used [0x0000000700000000,0x00000007009af3b8,0x00000007aab00000)
[2025-05-20T21:03:01.944+0300][16140][14288][debug][gc,heap  ] GC(21)  Metaspace       used 8746K, committed 9792K, reserved 1114112K
[2025-05-20T21:03:01.944+0300][16140][14288][debug][gc,heap  ] GC(21)   class space    used 873K, committed 1280K, reserved 1048576K
[2025-05-20T21:03:01.944+0300][16140][14288][info ][safepoint] Safepoint "ParallelGCSystemGC", Time since last: 675996500 ns, Reaching safepoint: 45200 ns, Cleanup: 16800 ns, At safepoint: 18454000 ns, Total: 18516000 ns
[2025-05-20T21:03:02.578+0300][16140][14288][debug][safepoint] Safepoint synchronization initiated using striped semaphore wait barrier. (21 threads)
[2025-05-20T21:03:02.578+0300][16140][18172][debug][safepoint] ... found polling page loop exception at pc = 0x000002291aa34de0, stub =0x000002291a434d80
[2025-05-20T21:03:02.578+0300][16140][12276][debug][safepoint] ... found polling page loop exception at pc = 0x000002291aa34de0, stub =0x000002291a434d80
[2025-05-20T21:03:02.578+0300][16140][21412][debug][safepoint] ... found polling page loop exception at pc = 0x000002291aa34de0, stub =0x000002291a434d80
[2025-05-20T21:03:02.578+0300][16140][14288][debug][gc,heap  ] GC(22) Heap before GC invocations=23 (full 2):
[2025-05-20T21:03:02.578+0300][16140][14288][debug][gc,heap  ] GC(22)  PSYoungGen      total 1388032K, used 1377792K [0x00000007aab00000, 0x0000000800000000, 0x0000000800000000)
[2025-05-20T21:03:02.578+0300][16140][14288][debug][gc,heap  ] GC(22)   eden space 1377792K, 100% used [0x00000007aab00000,0x00000007fec80000,0x00000007fec80000)
[2025-05-20T21:03:02.578+0300][16140][14288][debug][gc,heap  ] GC(22)   from space 10240K, 0% used [0x00000007ff600000,0x00000007ff600000,0x0000000800000000)
[2025-05-20T21:03:02.578+0300][16140][14288][debug][gc,heap  ] GC(22)   to   space 9728K, 0% used [0x00000007fec80000,0x00000007fec80000,0x00000007ff600000)
[2025-05-20T21:03:02.578+0300][16140][14288][debug][gc,heap  ] GC(22)  ParOldGen       total 2796544K, used 9916K [0x0000000700000000, 0x00000007aab00000, 0x00000007aab00000)
[2025-05-20T21:03:02.578+0300][16140][14288][debug][gc,heap  ] GC(22)   object space 2796544K, 0% used [0x0000000700000000,0x00000007009af3b8,0x00000007aab00000)
[2025-05-20T21:03:02.578+0300][16140][14288][debug][gc,heap  ] GC(22)  Metaspace       used 8746K, committed 9792K, reserved 1114112K
[2025-05-20T21:03:02.578+0300][16140][14288][debug][gc,heap  ] GC(22)   class space    used 873K, committed 1280K, reserved 1048576K
[2025-05-20T21:03:02.578+0300][16140][14288][debug][gc,phases] GC(22) Scavenge 1.102ms
[2025-05-20T21:03:02.578+0300][16140][14288][debug][gc,phases] GC(22) Reference Processing 0.058ms
[2025-05-20T21:03:02.578+0300][16140][14288][debug][gc,phases] GC(22)   VM Weak                        Min:  0.0, Avg:  0.0, Max:  0.0, Diff:  0.0, Sum:  0.0, Workers: 8
[2025-05-20T21:03:02.578+0300][16140][14288][debug][gc,phases] GC(22)     Dead                           Min: 0, Avg:  0.0, Max: 0, Diff: 0, Sum: 0, Workers: 8
[2025-05-20T21:03:02.578+0300][16140][14288][debug][gc,phases] GC(22)     Total                          Min: 0, Avg: 15.4, Max: 123, Diff: 123, Sum: 123, Workers: 8
[2025-05-20T21:03:02.578+0300][16140][14288][debug][gc,phases] GC(22)   ObjectSynchronizer Weak        Min:  0.0, Avg:  0.0, Max:  0.0, Diff:  0.0, Sum:  0.0, Workers: 8
[2025-05-20T21:03:02.578+0300][16140][14288][debug][gc,phases] GC(22)     Dead                           Min: 0, Avg:  0.0, Max: 0, Diff: 0, Sum: 0, Workers: 8
[2025-05-20T21:03:02.578+0300][16140][14288][debug][gc,phases] GC(22)     Total                          Min: 0, Avg: 18.6, Max: 128, Diff: 128, Sum: 149, Workers: 8
[2025-05-20T21:03:02.578+0300][16140][14288][debug][gc,phases] GC(22)   JVMTI Tag Weak OopStorage      Min:  0.0, Avg:  0.0, Max:  0.0, Diff:  0.0, Sum:  0.0, Workers: 8
[2025-05-20T21:03:02.578+0300][16140][14288][debug][gc,phases] GC(22)     Dead                           Min: 0, Avg:  0.0, Max: 0, Diff: 0, Sum: 0, Workers: 8
[2025-05-20T21:03:02.578+0300][16140][14288][debug][gc,phases] GC(22)     Total                          Min: 0, Avg:  0.0, Max: 0, Diff: 0, Sum: 0, Workers: 8
[2025-05-20T21:03:02.578+0300][16140][14288][debug][gc,phases] GC(22)   StringTable Weak               Min:  0.0, Avg:  0.0, Max:  0.0, Diff:  0.0, Sum:  0.1, Workers: 8
[2025-05-20T21:03:02.578+0300][16140][14288][debug][gc,phases] GC(22)     Dead                           Min: 0, Avg:  0.0, Max: 0, Diff: 0, Sum: 0, Workers: 8
[2025-05-20T21:03:02.578+0300][16140][14288][debug][gc,phases] GC(22)     Total                          Min: 704, Avg: 788.5, Max: 832, Diff: 128, Sum: 6308, Workers: 8
[2025-05-20T21:03:02.578+0300][16140][14288][debug][gc,phases] GC(22)   ResolvedMethodTable Weak       Min:  0.0, Avg:  0.0, Max:  0.0, Diff:  0.0, Sum:  0.0, Workers: 8
[2025-05-20T21:03:02.578+0300][16140][14288][debug][gc,phases] GC(22)     Dead                           Min: 0, Avg:  0.0, Max: 0, Diff: 0, Sum: 0, Workers: 8
[2025-05-20T21:03:02.578+0300][16140][14288][debug][gc,phases] GC(22)     Total                          Min: 64, Avg: 112.9, Max: 128, Diff: 64, Sum: 903, Workers: 8
[2025-05-20T21:03:02.578+0300][16140][14288][debug][gc,phases] GC(22)   JNI Weak                       Min:  0.0, Avg:  0.0, Max:  0.0, Diff:  0.0, Sum:  0.0, Workers: 8
[2025-05-20T21:03:02.578+0300][16140][14288][debug][gc,phases] GC(22)     Dead                           Min: 0, Avg:  0.0, Max: 0, Diff: 0, Sum: 0, Workers: 8
[2025-05-20T21:03:02.578+0300][16140][14288][debug][gc,phases] GC(22)     Total                          Min: 0, Avg:  0.0, Max: 0, Diff: 0, Sum: 0, Workers: 8
[2025-05-20T21:03:02.578+0300][16140][14288][debug][gc,phases] GC(22)   StringDedup Table Weak         Min:  0.0, Avg:  0.0, Max:  0.0, Diff:  0.0, Sum:  0.0, Workers: 8
[2025-05-20T21:03:02.578+0300][16140][14288][debug][gc,phases] GC(22)     Dead                           Min: 0, Avg:  0.0, Max: 0, Diff: 0, Sum: 0, Workers: 8
[2025-05-20T21:03:02.578+0300][16140][14288][debug][gc,phases] GC(22)     Total                          Min: 0, Avg:  0.0, Max: 0, Diff: 0, Sum: 0, Workers: 8
[2025-05-20T21:03:02.578+0300][16140][14288][debug][gc,phases] GC(22)   StringDedup Requests0 Weak     Min:  0.0, Avg:  0.0, Max:  0.0, Diff:  0.0, Sum:  0.0, Workers: 8
[2025-05-20T21:03:02.578+0300][16140][14288][debug][gc,phases] GC(22)     Dead                           Min: 0, Avg:  0.0, Max: 0, Diff: 0, Sum: 0, Workers: 8
[2025-05-20T21:03:02.578+0300][16140][14288][debug][gc,phases] GC(22)     Total                          Min: 0, Avg:  0.0, Max: 0, Diff: 0, Sum: 0, Workers: 8
[2025-05-20T21:03:02.578+0300][16140][14288][debug][gc,phases] GC(22)   StringDedup Requests1 Weak     Min:  0.0, Avg:  0.0, Max:  0.0, Diff:  0.0, Sum:  0.0, Workers: 8
[2025-05-20T21:03:02.578+0300][16140][14288][debug][gc,phases] GC(22)     Dead                           Min: 0, Avg:  0.0, Max: 0, Diff: 0, Sum: 0, Workers: 8
[2025-05-20T21:03:02.578+0300][16140][14288][debug][gc,phases] GC(22)     Total                          Min: 0, Avg:  0.0, Max: 0, Diff: 0, Sum: 0, Workers: 8
[2025-05-20T21:03:02.578+0300][16140][14288][debug][gc,phases] GC(22)   Weak JFR Old Object Samples    Min:  0.0, Avg:  0.0, Max:  0.0, Diff:  0.0, Sum:  0.0, Workers: 8
[2025-05-20T21:03:02.578+0300][16140][14288][debug][gc,phases] GC(22)     Dead                           Min: 0, Avg:  0.0, Max: 0, Diff: 0, Sum: 0, Workers: 8
[2025-05-20T21:03:02.578+0300][16140][14288][debug][gc,phases] GC(22)     Total                          Min: 0, Avg:  0.0, Max: 0, Diff: 0, Sum: 0, Workers: 8
[2025-05-20T21:03:02.578+0300][16140][14288][debug][gc,phases] GC(22) Weak Processing 0.505ms
[2025-05-20T21:03:02.578+0300][16140][14288][info ][gc,heap  ] GC(22) PSYoungGen: 1377792K(1388032K)->6992K(1384960K) Eden: 1377792K(1377792K)->0K(1377792K) From: 0K(10240K)->6992K(7168K)
[2025-05-20T21:03:02.578+0300][16140][14288][info ][gc,heap  ] GC(22) ParOldGen: 9916K(2796544K)->9916K(2796544K)
[2025-05-20T21:03:02.578+0300][16140][14288][info ][gc       ] GC(22) Pause Young (Allocation Failure) 1355M->16M(4083M) 1.795ms
[2025-05-20T21:03:02.578+0300][16140][14288][debug][gc,heap  ] GC(22) Heap after GC invocations=23 (full 2):
[2025-05-20T21:03:02.578+0300][16140][14288][debug][gc,heap  ] GC(22)  PSYoungGen      total 1384960K, used 6992K [0x00000007aab00000, 0x0000000800000000, 0x0000000800000000)
[2025-05-20T21:03:02.578+0300][16140][14288][debug][gc,heap  ] GC(22)   eden space 1377792K, 0% used [0x00000007aab00000,0x00000007aab00000,0x00000007fec80000)
[2025-05-20T21:03:02.578+0300][16140][14288][debug][gc,heap  ] GC(22)   from space 7168K, 97% used [0x00000007fec80000,0x00000007ff3540c0,0x00000007ff380000)
[2025-05-20T21:03:02.578+0300][16140][14288][debug][gc,heap  ] GC(22)   to   space 10752K, 0% used [0x00000007ff580000,0x00000007ff580000,0x0000000800000000)
[2025-05-20T21:03:02.578+0300][16140][14288][debug][gc,heap  ] GC(22)  ParOldGen       total 2796544K, used 9916K [0x0000000700000000, 0x00000007aab00000, 0x00000007aab00000)
[2025-05-20T21:03:02.578+0300][16140][14288][debug][gc,heap  ] GC(22)   object space 2796544K, 0% used [0x0000000700000000,0x00000007009af3b8,0x00000007aab00000)
[2025-05-20T21:03:02.578+0300][16140][14288][debug][gc,heap  ] GC(22)  Metaspace       used 8746K, committed 9792K, reserved 1114112K
[2025-05-20T21:03:02.578+0300][16140][14288][debug][gc,heap  ] GC(22)   class space    used 873K, committed 1280K, reserved 1048576K
[2025-05-20T21:03:02.578+0300][16140][14288][info ][safepoint] Safepoint "ParallelGCFailedAllocation", Time since last: 632015000 ns, Reaching safepoint: 313700 ns, Cleanup: 31600 ns, At safepoint: 2157400 ns, Total: 2502700 ns
[2025-05-20T21:03:03.002+0300][16140][14288][debug][safepoint] Safepoint synchronization initiated using striped semaphore wait barrier. (20 threads)
[2025-05-20T21:03:03.002+0300][16140][10388][debug][safepoint] ... found polling page loop exception at pc = 0x000002291aa34de0, stub =0x000002291a434d80
[2025-05-20T21:03:03.002+0300][16140][18172][debug][safepoint] ... found polling page loop exception at pc = 0x000002291aa34de0, stub =0x000002291a434d80
[2025-05-20T21:03:03.002+0300][16140][20976][debug][safepoint] ... found polling page loop exception at pc = 0x000002291aa34de0, stub =0x000002291a434d80
[2025-05-20T21:03:03.002+0300][16140][14288][debug][gc,heap  ] GC(23) Heap before GC invocations=24 (full 2):
[2025-05-20T21:03:03.002+0300][16140][14288][debug][gc,heap  ] GC(23)  PSYoungGen      total 1384960K, used 1384784K [0x00000007aab00000, 0x0000000800000000, 0x0000000800000000)
[2025-05-20T21:03:03.002+0300][16140][14288][debug][gc,heap  ] GC(23)   eden space 1377792K, 100% used [0x00000007aab00000,0x00000007fec80000,0x00000007fec80000)
[2025-05-20T21:03:03.002+0300][16140][14288][debug][gc,heap  ] GC(23)   from space 7168K, 97% used [0x00000007fec80000,0x00000007ff3540c0,0x00000007ff380000)
[2025-05-20T21:03:03.002+0300][16140][14288][debug][gc,heap  ] GC(23)   to   space 10752K, 0% used [0x00000007ff580000,0x00000007ff580000,0x0000000800000000)
[2025-05-20T21:03:03.002+0300][16140][14288][debug][gc,heap  ] GC(23)  ParOldGen       total 2796544K, used 9916K [0x0000000700000000, 0x00000007aab00000, 0x00000007aab00000)
[2025-05-20T21:03:03.002+0300][16140][14288][debug][gc,heap  ] GC(23)   object space 2796544K, 0% used [0x0000000700000000,0x00000007009af3b8,0x00000007aab00000)
[2025-05-20T21:03:03.002+0300][16140][14288][debug][gc,heap  ] GC(23)  Metaspace       used 8746K, committed 9792K, reserved 1114112K
[2025-05-20T21:03:03.002+0300][16140][14288][debug][gc,heap  ] GC(23)   class space    used 873K, committed 1280K, reserved 1048576K
[2025-05-20T21:03:03.002+0300][16140][14288][debug][gc,phases] GC(23) Scavenge 1.205ms
[2025-05-20T21:03:03.002+0300][16140][14288][debug][gc,phases] GC(23) Reference Processing 0.066ms
[2025-05-20T21:03:03.002+0300][16140][14288][debug][gc,phases] GC(23)   VM Weak                        Min:  0.0, Avg:  0.0, Max:  0.0, Diff:  0.0, Sum:  0.0, Workers: 8
[2025-05-20T21:03:03.002+0300][16140][14288][debug][gc,phases] GC(23)     Dead                           Min: 0, Avg:  0.0, Max: 0, Diff: 0, Sum: 0, Workers: 8
[2025-05-20T21:03:03.002+0300][16140][14288][debug][gc,phases] GC(23)     Total                          Min: 0, Avg: 15.4, Max: 76, Diff: 76, Sum: 123, Workers: 8
[2025-05-20T21:03:03.002+0300][16140][14288][debug][gc,phases] GC(23)   ObjectSynchronizer Weak        Min:  0.0, Avg:  0.0, Max:  0.0, Diff:  0.0, Sum:  0.0, Workers: 8
[2025-05-20T21:03:03.002+0300][16140][14288][debug][gc,phases] GC(23)     Dead                           Min: 0, Avg:  0.0, Max: 0, Diff: 0, Sum: 0, Workers: 8
[2025-05-20T21:03:03.002+0300][16140][14288][debug][gc,phases] GC(23)     Total                          Min: 0, Avg: 18.6, Max: 64, Diff: 64, Sum: 149, Workers: 8
[2025-05-20T21:03:03.002+0300][16140][14288][debug][gc,phases] GC(23)   JVMTI Tag Weak OopStorage      Min:  0.0, Avg:  0.0, Max:  0.0, Diff:  0.0, Sum:  0.0, Workers: 8
[2025-05-20T21:03:03.002+0300][16140][14288][debug][gc,phases] GC(23)     Dead                           Min: 0, Avg:  0.0, Max: 0, Diff: 0, Sum: 0, Workers: 8
[2025-05-20T21:03:03.002+0300][16140][14288][debug][gc,phases] GC(23)     Total                          Min: 0, Avg:  0.0, Max: 0, Diff: 0, Sum: 0, Workers: 8
[2025-05-20T21:03:03.002+0300][16140][14288][debug][gc,phases] GC(23)   StringTable Weak               Min:  0.0, Avg:  0.0, Max:  0.0, Diff:  0.0, Sum:  0.1, Workers: 8
[2025-05-20T21:03:03.002+0300][16140][14288][debug][gc,phases] GC(23)     Dead                           Min: 0, Avg:  0.0, Max: 0, Diff: 0, Sum: 0, Workers: 8
[2025-05-20T21:03:03.002+0300][16140][14288][debug][gc,phases] GC(23)     Total                          Min: 512, Avg: 788.5, Max: 1024, Diff: 512, Sum: 6308, Workers: 8
[2025-05-20T21:03:03.002+0300][16140][14288][debug][gc,phases] GC(23)   ResolvedMethodTable Weak       Min:  0.0, Avg:  0.0, Max:  0.0, Diff:  0.0, Sum:  0.0, Workers: 8
[2025-05-20T21:03:03.002+0300][16140][14288][debug][gc,phases] GC(23)     Dead                           Min: 0, Avg:  0.0, Max: 0, Diff: 0, Sum: 0, Workers: 8
[2025-05-20T21:03:03.002+0300][16140][14288][debug][gc,phases] GC(23)     Total                          Min: 64, Avg: 112.9, Max: 191, Diff: 127, Sum: 903, Workers: 8
[2025-05-20T21:03:03.002+0300][16140][14288][debug][gc,phases] GC(23)   JNI Weak                       Min:  0.0, Avg:  0.0, Max:  0.0, Diff:  0.0, Sum:  0.0, Workers: 8
[2025-05-20T21:03:03.002+0300][16140][14288][debug][gc,phases] GC(23)     Dead                           Min: 0, Avg:  0.0, Max: 0, Diff: 0, Sum: 0, Workers: 8
[2025-05-20T21:03:03.002+0300][16140][14288][debug][gc,phases] GC(23)     Total                          Min: 0, Avg:  0.0, Max: 0, Diff: 0, Sum: 0, Workers: 8
[2025-05-20T21:03:03.002+0300][16140][14288][debug][gc,phases] GC(23)   StringDedup Table Weak         Min:  0.0, Avg:  0.0, Max:  0.0, Diff:  0.0, Sum:  0.0, Workers: 8
[2025-05-20T21:03:03.002+0300][16140][14288][debug][gc,phases] GC(23)     Dead                           Min: 0, Avg:  0.0, Max: 0, Diff: 0, Sum: 0, Workers: 8
[2025-05-20T21:03:03.002+0300][16140][14288][debug][gc,phases] GC(23)     Total                          Min: 0, Avg:  0.0, Max: 0, Diff: 0, Sum: 0, Workers: 8
[2025-05-20T21:03:03.002+0300][16140][14288][debug][gc,phases] GC(23)   StringDedup Requests0 Weak     Min:  0.0, Avg:  0.0, Max:  0.0, Diff:  0.0, Sum:  0.0, Workers: 8
[2025-05-20T21:03:03.002+0300][16140][14288][debug][gc,phases] GC(23)     Dead                           Min: 0, Avg:  0.0, Max: 0, Diff: 0, Sum: 0, Workers: 8
[2025-05-20T21:03:03.002+0300][16140][14288][debug][gc,phases] GC(23)     Total                          Min: 0, Avg:  0.0, Max: 0, Diff: 0, Sum: 0, Workers: 8
[2025-05-20T21:03:03.002+0300][16140][14288][debug][gc,phases] GC(23)   StringDedup Requests1 Weak     Min:  0.0, Avg:  0.0, Max:  0.0, Diff:  0.0, Sum:  0.0, Workers: 8
[2025-05-20T21:03:03.002+0300][16140][14288][debug][gc,phases] GC(23)     Dead                           Min: 0, Avg:  0.0, Max: 0, Diff: 0, Sum: 0, Workers: 8
[2025-05-20T21:03:03.002+0300][16140][14288][debug][gc,phases] GC(23)     Total                          Min: 0, Avg:  0.0, Max: 0, Diff: 0, Sum: 0, Workers: 8
[2025-05-20T21:03:03.002+0300][16140][14288][debug][gc,phases] GC(23)   Weak JFR Old Object Samples    Min:  0.0, Avg:  0.0, Max:  0.0, Diff:  0.0, Sum:  0.0, Workers: 8
[2025-05-20T21:03:03.002+0300][16140][14288][debug][gc,phases] GC(23)     Dead                           Min: 0, Avg:  0.0, Max: 0, Diff: 0, Sum: 0, Workers: 8
[2025-05-20T21:03:03.002+0300][16140][14288][debug][gc,phases] GC(23)     Total                          Min: 0, Avg:  0.0, Max: 0, Diff: 0, Sum: 0, Workers: 8
[2025-05-20T21:03:03.002+0300][16140][14288][debug][gc,phases] GC(23) Weak Processing 0.899ms
[2025-05-20T21:03:03.002+0300][16140][14288][info ][gc,heap  ] GC(23) PSYoungGen: 1384784K(1384960K)->544K(1387520K) Eden: 1377792K(1377792K)->0K(1376768K) From: 6992K(7168K)->544K(10752K)
[2025-05-20T21:03:03.002+0300][16140][14288][info ][gc,heap  ] GC(23) ParOldGen: 9916K(2796544K)->16337K(2796544K)
[2025-05-20T21:03:03.002+0300][16140][14288][info ][gc       ] GC(23) Pause Young (Allocation Failure) 1362M->16M(4086M) 2.357ms
[2025-05-20T21:03:03.002+0300][16140][14288][debug][gc,heap  ] GC(23) Heap after GC invocations=24 (full 2):
[2025-05-20T21:03:03.002+0300][16140][14288][debug][gc,heap  ] GC(23)  PSYoungGen      total 1387520K, used 544K [0x00000007aab00000, 0x0000000800000000, 0x0000000800000000)
[2025-05-20T21:03:03.002+0300][16140][14288][debug][gc,heap  ] GC(23)   eden space 1376768K, 0% used [0x00000007aab00000,0x00000007aab00000,0x00000007feb80000)
[2025-05-20T21:03:03.002+0300][16140][14288][debug][gc,heap  ] GC(23)   from space 10752K, 5% used [0x00000007ff580000,0x00000007ff6080c0,0x0000000800000000)
[2025-05-20T21:03:03.002+0300][16140][14288][debug][gc,heap  ] GC(23)   to   space 10240K, 0% used [0x00000007feb80000,0x00000007feb80000,0x00000007ff580000)
[2025-05-20T21:03:03.002+0300][16140][14288][debug][gc,heap  ] GC(23)  ParOldGen       total 2796544K, used 16337K [0x0000000700000000, 0x00000007aab00000, 0x00000007aab00000)
[2025-05-20T21:03:03.002+0300][16140][14288][debug][gc,heap  ] GC(23)   object space 2796544K, 0% used [0x0000000700000000,0x0000000700ff4430,0x00000007aab00000)
[2025-05-20T21:03:03.002+0300][16140][14288][debug][gc,heap  ] GC(23)  Metaspace       used 8746K, committed 9792K, reserved 1114112K
[2025-05-20T21:03:03.002+0300][16140][14288][debug][gc,heap  ] GC(23)   class space    used 873K, committed 1280K, reserved 1048576K
[2025-05-20T21:03:03.002+0300][16140][14288][info ][safepoint] Safepoint "ParallelGCFailedAllocation", Time since last: 421686800 ns, Reaching safepoint: 230900 ns, Cleanup: 16900 ns, At safepoint: 2852400 ns, Total: 3100200 ns
[2025-05-20T21:03:03.460+0300][16140][14288][debug][safepoint] Safepoint synchronization initiated using striped semaphore wait barrier. (20 threads)
[2025-05-20T21:03:03.460+0300][16140][21412][debug][safepoint] ... found polling page loop exception at pc = 0x000002291aa34de0, stub =0x000002291a434d80
[2025-05-20T21:03:03.460+0300][16140][10388][debug][safepoint] ... found polling page loop exception at pc = 0x000002291aade1bb, stub =0x000002291a434d80
[2025-05-20T21:03:03.460+0300][16140][21784][debug][safepoint] ... found polling page loop exception at pc = 0x000002291aa34de0, stub =0x000002291a434d80
[2025-05-20T21:03:03.460+0300][16140][7520 ][debug][safepoint] ... found polling page loop exception at pc = 0x000002291aa34de0, stub =0x000002291a434d80
[2025-05-20T21:03:03.460+0300][16140][12276][debug][safepoint] ... found polling page loop exception at pc = 0x000002291aa34de0, stub =0x000002291a434d80
[2025-05-20T21:03:03.460+0300][16140][14288][debug][gc,heap  ] GC(24) Heap before GC invocations=25 (full 2):
[2025-05-20T21:03:03.460+0300][16140][14288][debug][gc,heap  ] GC(24)  PSYoungGen      total 1387520K, used 1377312K [0x00000007aab00000, 0x0000000800000000, 0x0000000800000000)
[2025-05-20T21:03:03.460+0300][16140][14288][debug][gc,heap  ] GC(24)   eden space 1376768K, 100% used [0x00000007aab00000,0x00000007feb80000,0x00000007feb80000)
[2025-05-20T21:03:03.460+0300][16140][14288][debug][gc,heap  ] GC(24)   from space 10752K, 5% used [0x00000007ff580000,0x00000007ff6080c0,0x0000000800000000)
[2025-05-20T21:03:03.460+0300][16140][14288][debug][gc,heap  ] GC(24)   to   space 10240K, 0% used [0x00000007feb80000,0x00000007feb80000,0x00000007ff580000)
[2025-05-20T21:03:03.460+0300][16140][14288][debug][gc,heap  ] GC(24)  ParOldGen       total 2796544K, used 16337K [0x0000000700000000, 0x00000007aab00000, 0x00000007aab00000)
[2025-05-20T21:03:03.460+0300][16140][14288][debug][gc,heap  ] GC(24)   object space 2796544K, 0% used [0x0000000700000000,0x0000000700ff4430,0x00000007aab00000)
[2025-05-20T21:03:03.460+0300][16140][14288][debug][gc,heap  ] GC(24)  Metaspace       used 8746K, committed 9792K, reserved 1114112K
[2025-05-20T21:03:03.460+0300][16140][14288][debug][gc,heap  ] GC(24)   class space    used 873K, committed 1280K, reserved 1048576K
[2025-05-20T21:03:03.460+0300][16140][14288][debug][gc,phases] GC(24) Scavenge 0.246ms
[2025-05-20T21:03:03.460+0300][16140][14288][debug][gc,phases] GC(24) Reference Processing 0.065ms
[2025-05-20T21:03:03.460+0300][16140][14288][debug][gc,phases] GC(24)   VM Weak                        Min:  0.0, Avg:  0.0, Max:  0.0, Diff:  0.0, Sum:  0.0, Workers: 8
[2025-05-20T21:03:03.460+0300][16140][14288][debug][gc,phases] GC(24)     Dead                           Min: 0, Avg:  0.0, Max: 0, Diff: 0, Sum: 0, Workers: 8
[2025-05-20T21:03:03.460+0300][16140][14288][debug][gc,phases] GC(24)     Total                          Min: 0, Avg: 15.4, Max: 103, Diff: 103, Sum: 123, Workers: 8
[2025-05-20T21:03:03.460+0300][16140][14288][debug][gc,phases] GC(24)   ObjectSynchronizer Weak        Min:  0.0, Avg:  0.0, Max:  0.0, Diff:  0.0, Sum:  0.0, Workers: 8
[2025-05-20T21:03:03.460+0300][16140][14288][debug][gc,phases] GC(24)     Dead                           Min: 0, Avg:  0.0, Max: 0, Diff: 0, Sum: 0, Workers: 8
[2025-05-20T21:03:03.460+0300][16140][14288][debug][gc,phases] GC(24)     Total                          Min: 0, Avg: 18.6, Max: 85, Diff: 85, Sum: 149, Workers: 8
[2025-05-20T21:03:03.460+0300][16140][14288][debug][gc,phases] GC(24)   JVMTI Tag Weak OopStorage      Min:  0.0, Avg:  0.0, Max:  0.0, Diff:  0.0, Sum:  0.0, Workers: 8
[2025-05-20T21:03:03.460+0300][16140][14288][debug][gc,phases] GC(24)     Dead                           Min: 0, Avg:  0.0, Max: 0, Diff: 0, Sum: 0, Workers: 8
[2025-05-20T21:03:03.460+0300][16140][14288][debug][gc,phases] GC(24)     Total                          Min: 0, Avg:  0.0, Max: 0, Diff: 0, Sum: 0, Workers: 8
[2025-05-20T21:03:03.460+0300][16140][14288][debug][gc,phases] GC(24)   StringTable Weak               Min:  0.0, Avg:  0.0, Max:  0.0, Diff:  0.0, Sum:  0.1, Workers: 8
[2025-05-20T21:03:03.460+0300][16140][14288][debug][gc,phases] GC(24)     Dead                           Min: 0, Avg:  0.0, Max: 0, Diff: 0, Sum: 0, Workers: 8
[2025-05-20T21:03:03.460+0300][16140][14288][debug][gc,phases] GC(24)     Total                          Min: 640, Avg: 788.5, Max: 960, Diff: 320, Sum: 6308, Workers: 8
[2025-05-20T21:03:03.460+0300][16140][14288][debug][gc,phases] GC(24)   ResolvedMethodTable Weak       Min:  0.0, Avg:  0.0, Max:  0.0, Diff:  0.0, Sum:  0.0, Workers: 8
[2025-05-20T21:03:03.460+0300][16140][14288][debug][gc,phases] GC(24)     Dead                           Min: 0, Avg:  0.0, Max: 0, Diff: 0, Sum: 0, Workers: 8
[2025-05-20T21:03:03.460+0300][16140][14288][debug][gc,phases] GC(24)     Total                          Min: 64, Avg: 112.9, Max: 128, Diff: 64, Sum: 903, Workers: 8
[2025-05-20T21:03:03.460+0300][16140][14288][debug][gc,phases] GC(24)   JNI Weak                       Min:  0.0, Avg:  0.0, Max:  0.0, Diff:  0.0, Sum:  0.0, Workers: 8
[2025-05-20T21:03:03.460+0300][16140][14288][debug][gc,phases] GC(24)     Dead                           Min: 0, Avg:  0.0, Max: 0, Diff: 0, Sum: 0, Workers: 8
[2025-05-20T21:03:03.460+0300][16140][14288][debug][gc,phases] GC(24)     Total                          Min: 0, Avg:  0.0, Max: 0, Diff: 0, Sum: 0, Workers: 8
[2025-05-20T21:03:03.460+0300][16140][14288][debug][gc,phases] GC(24)   StringDedup Table Weak         Min:  0.0, Avg:  0.0, Max:  0.0, Diff:  0.0, Sum:  0.0, Workers: 8
[2025-05-20T21:03:03.460+0300][16140][14288][debug][gc,phases] GC(24)     Dead                           Min: 0, Avg:  0.0, Max: 0, Diff: 0, Sum: 0, Workers: 8
[2025-05-20T21:03:03.460+0300][16140][14288][debug][gc,phases] GC(24)     Total                          Min: 0, Avg:  0.0, Max: 0, Diff: 0, Sum: 0, Workers: 8
[2025-05-20T21:03:03.460+0300][16140][14288][debug][gc,phases] GC(24)   StringDedup Requests0 Weak     Min:  0.0, Avg:  0.0, Max:  0.0, Diff:  0.0, Sum:  0.0, Workers: 8
[2025-05-20T21:03:03.460+0300][16140][14288][debug][gc,phases] GC(24)     Dead                           Min: 0, Avg:  0.0, Max: 0, Diff: 0, Sum: 0, Workers: 8
[2025-05-20T21:03:03.460+0300][16140][14288][debug][gc,phases] GC(24)     Total                          Min: 0, Avg:  0.0, Max: 0, Diff: 0, Sum: 0, Workers: 8
[2025-05-20T21:03:03.460+0300][16140][14288][debug][gc,phases] GC(24)   StringDedup Requests1 Weak     Min:  0.0, Avg:  0.0, Max:  0.0, Diff:  0.0, Sum:  0.0, Workers: 8
[2025-05-20T21:03:03.460+0300][16140][14288][debug][gc,phases] GC(24)     Dead                           Min: 0, Avg:  0.0, Max: 0, Diff: 0, Sum: 0, Workers: 8
[2025-05-20T21:03:03.460+0300][16140][14288][debug][gc,phases] GC(24)     Total                          Min: 0, Avg:  0.0, Max: 0, Diff: 0, Sum: 0, Workers: 8
[2025-05-20T21:03:03.460+0300][16140][14288][debug][gc,phases] GC(24)   Weak JFR Old Object Samples    Min:  0.0, Avg:  0.0, Max:  0.0, Diff:  0.0, Sum:  0.0, Workers: 8
[2025-05-20T21:03:03.460+0300][16140][14288][debug][gc,phases] GC(24)     Dead                           Min: 0, Avg:  0.0, Max: 0, Diff: 0, Sum: 0, Workers: 8
[2025-05-20T21:03:03.460+0300][16140][14288][debug][gc,phases] GC(24)     Total                          Min: 0, Avg:  0.0, Max: 0, Diff: 0, Sum: 0, Workers: 8
[2025-05-20T21:03:03.460+0300][16140][14288][debug][gc,phases] GC(24) Weak Processing 0.603ms
[2025-05-20T21:03:03.460+0300][16140][14288][info ][gc,heap  ] GC(24) PSYoungGen: 1377312K(1387520K)->592K(1387008K) Eden: 1376768K(1376768K)->0K(1376768K) From: 544K(10752K)->592K(10240K)
[2025-05-20T21:03:03.460+0300][16140][14288][info ][gc,heap  ] GC(24) ParOldGen: 16337K(2796544K)->16401K(2796544K)
[2025-05-20T21:03:03.460+0300][16140][14288][info ][gc       ] GC(24) Pause Young (Allocation Failure) 1360M->16M(4085M) 1.044ms
[2025-05-20T21:03:03.460+0300][16140][14288][debug][gc,heap  ] GC(24) Heap after GC invocations=25 (full 2):
[2025-05-20T21:03:03.460+0300][16140][14288][debug][gc,heap  ] GC(24)  PSYoungGen      total 1387008K, used 592K [0x00000007aab00000, 0x0000000800000000, 0x0000000800000000)
[2025-05-20T21:03:03.460+0300][16140][14288][debug][gc,heap  ] GC(24)   eden space 1376768K, 0% used [0x00000007aab00000,0x00000007aab00000,0x00000007feb80000)
[2025-05-20T21:03:03.460+0300][16140][14288][debug][gc,heap  ] GC(24)   from space 10240K, 5% used [0x00000007feb80000,0x00000007fec140d0,0x00000007ff580000)
[2025-05-20T21:03:03.460+0300][16140][14288][debug][gc,heap  ] GC(24)   to   space 9728K, 0% used [0x00000007ff680000,0x00000007ff680000,0x0000000800000000)
[2025-05-20T21:03:03.460+0300][16140][14288][debug][gc,heap  ] GC(24)  ParOldGen       total 2796544K, used 16401K [0x0000000700000000, 0x00000007aab00000, 0x00000007aab00000)
[2025-05-20T21:03:03.460+0300][16140][14288][debug][gc,heap  ] GC(24)   object space 2796544K, 0% used [0x0000000700000000,0x0000000701004430,0x00000007aab00000)
[2025-05-20T21:03:03.460+0300][16140][14288][debug][gc,heap  ] GC(24)  Metaspace       used 8746K, committed 9792K, reserved 1114112K
[2025-05-20T21:03:03.460+0300][16140][14288][debug][gc,heap  ] GC(24)   class space    used 873K, committed 1280K, reserved 1048576K
[2025-05-20T21:03:03.460+0300][16140][14288][info ][safepoint] Safepoint "ParallelGCFailedAllocation", Time since last: 454336100 ns, Reaching safepoint: 414200 ns, Cleanup: 8600 ns, At safepoint: 1451100 ns, Total: 1873900 ns
[2025-05-20T21:03:03.919+0300][16140][14288][debug][safepoint] Safepoint synchronization initiated using striped semaphore wait barrier. (20 threads)
[2025-05-20T21:03:03.919+0300][16140][21784][debug][safepoint] ... found polling page loop exception at pc = 0x000002291aa34de0, stub =0x000002291a434d80
[2025-05-20T21:03:03.919+0300][16140][6556 ][debug][safepoint] ... found polling page loop exception at pc = 0x000002291aa34de0, stub =0x000002291a434d80
[2025-05-20T21:03:03.919+0300][16140][12276][debug][safepoint] ... found polling page loop exception at pc = 0x000002291aa34de0, stub =0x000002291a434d80
[2025-05-20T21:03:03.919+0300][16140][7520 ][debug][safepoint] ... found polling page loop exception at pc = 0x000002291aa34de0, stub =0x000002291a434d80
[2025-05-20T21:03:03.919+0300][16140][20976][debug][safepoint] ... found polling page loop exception at pc = 0x000002291aa34de0, stub =0x000002291a434d80
[2025-05-20T21:03:03.919+0300][16140][14288][debug][gc,heap  ] GC(25) Heap before GC invocations=26 (full 2):
[2025-05-20T21:03:03.919+0300][16140][14288][debug][gc,heap  ] GC(25)  PSYoungGen      total 1387008K, used 1377360K [0x00000007aab00000, 0x0000000800000000, 0x0000000800000000)
[2025-05-20T21:03:03.919+0300][16140][14288][debug][gc,heap  ] GC(25)   eden space 1376768K, 100% used [0x00000007aab00000,0x00000007feb80000,0x00000007feb80000)
[2025-05-20T21:03:03.919+0300][16140][14288][debug][gc,heap  ] GC(25)   from space 10240K, 5% used [0x00000007feb80000,0x00000007fec140d0,0x00000007ff580000)
[2025-05-20T21:03:03.919+0300][16140][14288][debug][gc,heap  ] GC(25)   to   space 9728K, 0% used [0x00000007ff680000,0x00000007ff680000,0x0000000800000000)
[2025-05-20T21:03:03.919+0300][16140][14288][debug][gc,heap  ] GC(25)  ParOldGen       total 2796544K, used 16401K [0x0000000700000000, 0x00000007aab00000, 0x00000007aab00000)
[2025-05-20T21:03:03.919+0300][16140][14288][debug][gc,heap  ] GC(25)   object space 2796544K, 0% used [0x0000000700000000,0x0000000701004430,0x00000007aab00000)
[2025-05-20T21:03:03.919+0300][16140][14288][debug][gc,heap  ] GC(25)  Metaspace       used 8746K, committed 9792K, reserved 1114112K
[2025-05-20T21:03:03.919+0300][16140][14288][debug][gc,heap  ] GC(25)   class space    used 873K, committed 1280K, reserved 1048576K
[2025-05-20T21:03:03.919+0300][16140][14288][debug][gc,phases] GC(25) Scavenge 0.454ms
[2025-05-20T21:03:03.919+0300][16140][14288][debug][gc,phases] GC(25) Reference Processing 0.063ms
[2025-05-20T21:03:03.919+0300][16140][14288][debug][gc,phases] GC(25)   VM Weak                        Min:  0.0, Avg:  0.0, Max:  0.0, Diff:  0.0, Sum:  0.0, Workers: 8
[2025-05-20T21:03:03.919+0300][16140][14288][debug][gc,phases] GC(25)     Dead                           Min: 0, Avg:  0.0, Max: 0, Diff: 0, Sum: 0, Workers: 8
[2025-05-20T21:03:03.919+0300][16140][14288][debug][gc,phases] GC(25)     Total                          Min: 0, Avg: 15.4, Max: 113, Diff: 113, Sum: 123, Workers: 8
[2025-05-20T21:03:03.919+0300][16140][14288][debug][gc,phases] GC(25)   ObjectSynchronizer Weak        Min:  0.0, Avg:  0.0, Max:  0.0, Diff:  0.0, Sum:  0.0, Workers: 8
[2025-05-20T21:03:03.919+0300][16140][14288][debug][gc,phases] GC(25)     Dead                           Min: 0, Avg:  0.0, Max: 0, Diff: 0, Sum: 0, Workers: 8
[2025-05-20T21:03:03.919+0300][16140][14288][debug][gc,phases] GC(25)     Total                          Min: 0, Avg: 18.6, Max: 85, Diff: 85, Sum: 149, Workers: 8
[2025-05-20T21:03:03.919+0300][16140][14288][debug][gc,phases] GC(25)   JVMTI Tag Weak OopStorage      Min:  0.0, Avg:  0.0, Max:  0.0, Diff:  0.0, Sum:  0.0, Workers: 8
[2025-05-20T21:03:03.919+0300][16140][14288][debug][gc,phases] GC(25)     Dead                           Min: 0, Avg:  0.0, Max: 0, Diff: 0, Sum: 0, Workers: 8
[2025-05-20T21:03:03.919+0300][16140][14288][debug][gc,phases] GC(25)     Total                          Min: 0, Avg:  0.0, Max: 0, Diff: 0, Sum: 0, Workers: 8
[2025-05-20T21:03:03.919+0300][16140][14288][debug][gc,phases] GC(25)   StringTable Weak               Min:  0.0, Avg:  0.0, Max:  0.0, Diff:  0.0, Sum:  0.1, Workers: 8
[2025-05-20T21:03:03.919+0300][16140][14288][debug][gc,phases] GC(25)     Dead                           Min: 0, Avg:  0.0, Max: 0, Diff: 0, Sum: 0, Workers: 8
[2025-05-20T21:03:03.919+0300][16140][14288][debug][gc,phases] GC(25)     Total                          Min: 640, Avg: 788.5, Max: 896, Diff: 256, Sum: 6308, Workers: 8
[2025-05-20T21:03:03.919+0300][16140][14288][debug][gc,phases] GC(25)   ResolvedMethodTable Weak       Min:  0.0, Avg:  0.0, Max:  0.0, Diff:  0.0, Sum:  0.0, Workers: 8
[2025-05-20T21:03:03.919+0300][16140][14288][debug][gc,phases] GC(25)     Dead                           Min: 0, Avg:  0.0, Max: 0, Diff: 0, Sum: 0, Workers: 8
[2025-05-20T21:03:03.919+0300][16140][14288][debug][gc,phases] GC(25)     Total                          Min: 64, Avg: 112.9, Max: 128, Diff: 64, Sum: 903, Workers: 8
[2025-05-20T21:03:03.919+0300][16140][14288][debug][gc,phases] GC(25)   JNI Weak                       Min:  0.0, Avg:  0.0, Max:  0.0, Diff:  0.0, Sum:  0.0, Workers: 8
[2025-05-20T21:03:03.919+0300][16140][14288][debug][gc,phases] GC(25)     Dead                           Min: 0, Avg:  0.0, Max: 0, Diff: 0, Sum: 0, Workers: 8
[2025-05-20T21:03:03.919+0300][16140][14288][debug][gc,phases] GC(25)     Total                          Min: 0, Avg:  0.0, Max: 0, Diff: 0, Sum: 0, Workers: 8
[2025-05-20T21:03:03.919+0300][16140][14288][debug][gc,phases] GC(25)   StringDedup Table Weak         Min:  0.0, Avg:  0.0, Max:  0.0, Diff:  0.0, Sum:  0.0, Workers: 8
[2025-05-20T21:03:03.919+0300][16140][14288][debug][gc,phases] GC(25)     Dead                           Min: 0, Avg:  0.0, Max: 0, Diff: 0, Sum: 0, Workers: 8
[2025-05-20T21:03:03.919+0300][16140][14288][debug][gc,phases] GC(25)     Total                          Min: 0, Avg:  0.0, Max: 0, Diff: 0, Sum: 0, Workers: 8
[2025-05-20T21:03:03.919+0300][16140][14288][debug][gc,phases] GC(25)   StringDedup Requests0 Weak     Min:  0.0, Avg:  0.0, Max:  0.0, Diff:  0.0, Sum:  0.0, Workers: 8
[2025-05-20T21:03:03.919+0300][16140][14288][debug][gc,phases] GC(25)     Dead                           Min: 0, Avg:  0.0, Max: 0, Diff: 0, Sum: 0, Workers: 8
[2025-05-20T21:03:03.919+0300][16140][14288][debug][gc,phases] GC(25)     Total                          Min: 0, Avg:  0.0, Max: 0, Diff: 0, Sum: 0, Workers: 8
[2025-05-20T21:03:03.919+0300][16140][14288][debug][gc,phases] GC(25)   StringDedup Requests1 Weak     Min:  0.0, Avg:  0.0, Max:  0.0, Diff:  0.0, Sum:  0.0, Workers: 8
[2025-05-20T21:03:03.919+0300][16140][14288][debug][gc,phases] GC(25)     Dead                           Min: 0, Avg:  0.0, Max: 0, Diff: 0, Sum: 0, Workers: 8
[2025-05-20T21:03:03.919+0300][16140][14288][debug][gc,phases] GC(25)     Total                          Min: 0, Avg:  0.0, Max: 0, Diff: 0, Sum: 0, Workers: 8
[2025-05-20T21:03:03.919+0300][16140][14288][debug][gc,phases] GC(25)   Weak JFR Old Object Samples    Min:  0.0, Avg:  0.0, Max:  0.0, Diff:  0.0, Sum:  0.0, Workers: 8
[2025-05-20T21:03:03.919+0300][16140][14288][debug][gc,phases] GC(25)     Dead                           Min: 0, Avg:  0.0, Max: 0, Diff: 0, Sum: 0, Workers: 8
[2025-05-20T21:03:03.919+0300][16140][14288][debug][gc,phases] GC(25)     Total                          Min: 0, Avg:  0.0, Max: 0, Diff: 0, Sum: 0, Workers: 8
[2025-05-20T21:03:03.919+0300][16140][14288][debug][gc,phases] GC(25) Weak Processing 0.572ms
[2025-05-20T21:03:03.919+0300][16140][14288][info ][gc,heap  ] GC(25) PSYoungGen: 1377360K(1387008K)->544K(1388544K) Eden: 1376768K(1376768K)->0K(1378816K) From: 592K(10240K)->544K(9728K)
[2025-05-20T21:03:03.919+0300][16140][14288][info ][gc,heap  ] GC(25) ParOldGen: 16401K(2796544K)->16433K(2796544K)
[2025-05-20T21:03:03.919+0300][16140][14288][info ][gc       ] GC(25) Pause Young (Allocation Failure) 1361M->16M(4087M) 1.224ms
[2025-05-20T21:03:03.919+0300][16140][14288][debug][gc,heap  ] GC(25) Heap after GC invocations=26 (full 2):
[2025-05-20T21:03:03.919+0300][16140][14288][debug][gc,heap  ] GC(25)  PSYoungGen      total 1388544K, used 544K [0x00000007aab00000, 0x0000000800000000, 0x0000000800000000)
[2025-05-20T21:03:03.919+0300][16140][14288][debug][gc,heap  ] GC(25)   eden space 1378816K, 0% used [0x00000007aab00000,0x00000007aab00000,0x00000007fed80000)
[2025-05-20T21:03:03.919+0300][16140][14288][debug][gc,heap  ] GC(25)   from space 9728K, 5% used [0x00000007ff680000,0x00000007ff7080c0,0x0000000800000000)
[2025-05-20T21:03:03.919+0300][16140][14288][debug][gc,heap  ] GC(25)   to   space 9216K, 0% used [0x00000007fed80000,0x00000007fed80000,0x00000007ff680000)
[2025-05-20T21:03:03.919+0300][16140][14288][debug][gc,heap  ] GC(25)  ParOldGen       total 2796544K, used 16433K [0x0000000700000000, 0x00000007aab00000, 0x00000007aab00000)
[2025-05-20T21:03:03.919+0300][16140][14288][debug][gc,heap  ] GC(25)   object space 2796544K, 0% used [0x0000000700000000,0x000000070100c430,0x00000007aab00000)
[2025-05-20T21:03:03.919+0300][16140][14288][debug][gc,heap  ] GC(25)  Metaspace       used 8746K, committed 9792K, reserved 1114112K
[2025-05-20T21:03:03.919+0300][16140][14288][debug][gc,heap  ] GC(25)   class space    used 873K, committed 1280K, reserved 1048576K
[2025-05-20T21:03:03.919+0300][16140][14288][info ][safepoint] Safepoint "ParallelGCFailedAllocation", Time since last: 457599400 ns, Reaching safepoint: 368900 ns, Cleanup: 8400 ns, At safepoint: 1710600 ns, Total: 2087900 ns
[2025-05-20T21:03:04.353+0300][16140][14288][debug][safepoint] Safepoint synchronization initiated using striped semaphore wait barrier. (19 threads)
[2025-05-20T21:03:04.353+0300][16140][12276][debug][safepoint] ... found polling page loop exception at pc = 0x000002291aa34de0, stub =0x000002291a434d80
[2025-05-20T21:03:04.353+0300][16140][18172][debug][safepoint] ... found polling page loop exception at pc = 0x000002291aa34de0, stub =0x000002291a434d80
[2025-05-20T21:03:04.353+0300][16140][7520 ][debug][safepoint] ... found polling page loop exception at pc = 0x000002291aa34de0, stub =0x000002291a434d80
[2025-05-20T21:03:04.353+0300][16140][10388][debug][safepoint] ... found polling page loop exception at pc = 0x000002291aa34de0, stub =0x000002291a434d80
[2025-05-20T21:03:04.353+0300][16140][14288][debug][gc,heap  ] GC(26) Heap before GC invocations=27 (full 2):
[2025-05-20T21:03:04.353+0300][16140][14288][debug][gc,heap  ] GC(26)  PSYoungGen      total 1388544K, used 1379360K [0x00000007aab00000, 0x0000000800000000, 0x0000000800000000)
[2025-05-20T21:03:04.353+0300][16140][14288][debug][gc,heap  ] GC(26)   eden space 1378816K, 100% used [0x00000007aab00000,0x00000007fed80000,0x00000007fed80000)
[2025-05-20T21:03:04.353+0300][16140][14288][debug][gc,heap  ] GC(26)   from space 9728K, 5% used [0x00000007ff680000,0x00000007ff7080c0,0x0000000800000000)
[2025-05-20T21:03:04.353+0300][16140][14288][debug][gc,heap  ] GC(26)   to   space 9216K, 0% used [0x00000007fed80000,0x00000007fed80000,0x00000007ff680000)
[2025-05-20T21:03:04.353+0300][16140][14288][debug][gc,heap  ] GC(26)  ParOldGen       total 2796544K, used 16433K [0x0000000700000000, 0x00000007aab00000, 0x00000007aab00000)
[2025-05-20T21:03:04.353+0300][16140][14288][debug][gc,heap  ] GC(26)   object space 2796544K, 0% used [0x0000000700000000,0x000000070100c430,0x00000007aab00000)
[2025-05-20T21:03:04.353+0300][16140][14288][debug][gc,heap  ] GC(26)  Metaspace       used 8746K, committed 9792K, reserved 1114112K
[2025-05-20T21:03:04.353+0300][16140][14288][debug][gc,heap  ] GC(26)   class space    used 873K, committed 1280K, reserved 1048576K
[2025-05-20T21:03:04.353+0300][16140][14288][debug][gc,phases] GC(26) Scavenge 0.204ms
[2025-05-20T21:03:04.353+0300][16140][14288][debug][gc,phases] GC(26) Reference Processing 0.063ms
[2025-05-20T21:03:04.353+0300][16140][14288][debug][gc,phases] GC(26)   VM Weak                        Min:  0.0, Avg:  0.0, Max:  0.0, Diff:  0.0, Sum:  0.0, Workers: 8
[2025-05-20T21:03:04.353+0300][16140][14288][debug][gc,phases] GC(26)     Dead                           Min: 0, Avg:  0.0, Max: 0, Diff: 0, Sum: 0, Workers: 8
[2025-05-20T21:03:04.353+0300][16140][14288][debug][gc,phases] GC(26)     Total                          Min: 0, Avg: 15.4, Max: 76, Diff: 76, Sum: 123, Workers: 8
[2025-05-20T21:03:04.353+0300][16140][14288][debug][gc,phases] GC(26)   ObjectSynchronizer Weak        Min:  0.0, Avg:  0.0, Max:  0.0, Diff:  0.0, Sum:  0.0, Workers: 8
[2025-05-20T21:03:04.353+0300][16140][14288][debug][gc,phases] GC(26)     Dead                           Min: 0, Avg:  0.0, Max: 0, Diff: 0, Sum: 0, Workers: 8
[2025-05-20T21:03:04.353+0300][16140][14288][debug][gc,phases] GC(26)     Total                          Min: 0, Avg: 18.6, Max: 64, Diff: 64, Sum: 149, Workers: 8
[2025-05-20T21:03:04.353+0300][16140][14288][debug][gc,phases] GC(26)   JVMTI Tag Weak OopStorage      Min:  0.0, Avg:  0.0, Max:  0.0, Diff:  0.0, Sum:  0.0, Workers: 8
[2025-05-20T21:03:04.353+0300][16140][14288][debug][gc,phases] GC(26)     Dead                           Min: 0, Avg:  0.0, Max: 0, Diff: 0, Sum: 0, Workers: 8
[2025-05-20T21:03:04.353+0300][16140][14288][debug][gc,phases] GC(26)     Total                          Min: 0, Avg:  0.0, Max: 0, Diff: 0, Sum: 0, Workers: 8
[2025-05-20T21:03:04.353+0300][16140][14288][debug][gc,phases] GC(26)   StringTable Weak               Min:  0.0, Avg:  0.0, Max:  0.0, Diff:  0.0, Sum:  0.1, Workers: 8
[2025-05-20T21:03:04.353+0300][16140][14288][debug][gc,phases] GC(26)     Dead                           Min: 0, Avg:  0.0, Max: 0, Diff: 0, Sum: 0, Workers: 8
[2025-05-20T21:03:04.353+0300][16140][14288][debug][gc,phases] GC(26)     Total                          Min: 384, Avg: 788.5, Max: 1380, Diff: 996, Sum: 6308, Workers: 8
[2025-05-20T21:03:04.353+0300][16140][14288][debug][gc,phases] GC(26)   ResolvedMethodTable Weak       Min:  0.0, Avg:  0.0, Max:  0.0, Diff:  0.0, Sum:  0.0, Workers: 8
[2025-05-20T21:03:04.353+0300][16140][14288][debug][gc,phases] GC(26)     Dead                           Min: 0, Avg:  0.0, Max: 0, Diff: 0, Sum: 0, Workers: 8
[2025-05-20T21:03:04.353+0300][16140][14288][debug][gc,phases] GC(26)     Total                          Min: 64, Avg: 112.9, Max: 128, Diff: 64, Sum: 903, Workers: 8
[2025-05-20T21:03:04.353+0300][16140][14288][debug][gc,phases] GC(26)   JNI Weak                       Min:  0.0, Avg:  0.0, Max:  0.0, Diff:  0.0, Sum:  0.0, Workers: 8
[2025-05-20T21:03:04.353+0300][16140][14288][debug][gc,phases] GC(26)     Dead                           Min: 0, Avg:  0.0, Max: 0, Diff: 0, Sum: 0, Workers: 8
[2025-05-20T21:03:04.353+0300][16140][14288][debug][gc,phases] GC(26)     Total                          Min: 0, Avg:  0.0, Max: 0, Diff: 0, Sum: 0, Workers: 8
[2025-05-20T21:03:04.353+0300][16140][14288][debug][gc,phases] GC(26)   StringDedup Table Weak         Min:  0.0, Avg:  0.0, Max:  0.0, Diff:  0.0, Sum:  0.0, Workers: 8
[2025-05-20T21:03:04.353+0300][16140][14288][debug][gc,phases] GC(26)     Dead                           Min: 0, Avg:  0.0, Max: 0, Diff: 0, Sum: 0, Workers: 8
[2025-05-20T21:03:04.353+0300][16140][14288][debug][gc,phases] GC(26)     Total                          Min: 0, Avg:  0.0, Max: 0, Diff: 0, Sum: 0, Workers: 8
[2025-05-20T21:03:04.353+0300][16140][14288][debug][gc,phases] GC(26)   StringDedup Requests0 Weak     Min:  0.0, Avg:  0.0, Max:  0.0, Diff:  0.0, Sum:  0.0, Workers: 8
[2025-05-20T21:03:04.353+0300][16140][14288][debug][gc,phases] GC(26)     Dead                           Min: 0, Avg:  0.0, Max: 0, Diff: 0, Sum: 0, Workers: 8
[2025-05-20T21:03:04.353+0300][16140][14288][debug][gc,phases] GC(26)     Total                          Min: 0, Avg:  0.0, Max: 0, Diff: 0, Sum: 0, Workers: 8
[2025-05-20T21:03:04.353+0300][16140][14288][debug][gc,phases] GC(26)   StringDedup Requests1 Weak     Min:  0.0, Avg:  0.0, Max:  0.0, Diff:  0.0, Sum:  0.0, Workers: 8
[2025-05-20T21:03:04.353+0300][16140][14288][debug][gc,phases] GC(26)     Dead                           Min: 0, Avg:  0.0, Max: 0, Diff: 0, Sum: 0, Workers: 8
[2025-05-20T21:03:04.353+0300][16140][14288][debug][gc,phases] GC(26)     Total                          Min: 0, Avg:  0.0, Max: 0, Diff: 0, Sum: 0, Workers: 8
[2025-05-20T21:03:04.353+0300][16140][14288][debug][gc,phases] GC(26)   Weak JFR Old Object Samples    Min:  0.0, Avg:  0.0, Max:  0.0, Diff:  0.0, Sum:  0.0, Workers: 8
[2025-05-20T21:03:04.353+0300][16140][14288][debug][gc,phases] GC(26)     Dead                           Min: 0, Avg:  0.0, Max: 0, Diff: 0, Sum: 0, Workers: 8
[2025-05-20T21:03:04.353+0300][16140][14288][debug][gc,phases] GC(26)     Total                          Min: 0, Avg:  0.0, Max: 0, Diff: 0, Sum: 0, Workers: 8
[2025-05-20T21:03:04.353+0300][16140][14288][debug][gc,phases] GC(26) Weak Processing 0.614ms
[2025-05-20T21:03:04.353+0300][16140][14288][info ][gc,heap  ] GC(26) PSYoungGen: 1379360K(1388544K)->560K(1388032K) Eden: 1378816K(1378816K)->0K(1378816K) From: 544K(9728K)->560K(9216K)
[2025-05-20T21:03:04.353+0300][16140][14288][info ][gc,heap  ] GC(26) ParOldGen: 16433K(2796544K)->16505K(2796544K)
[2025-05-20T21:03:04.353+0300][16140][14288][info ][gc       ] GC(26) Pause Young (Allocation Failure) 1363M->16M(4086M) 1.039ms
[2025-05-20T21:03:04.353+0300][16140][14288][debug][gc,heap  ] GC(26) Heap after GC invocations=27 (full 2):
[2025-05-20T21:03:04.353+0300][16140][14288][debug][gc,heap  ] GC(26)  PSYoungGen      total 1388032K, used 560K [0x00000007aab00000, 0x0000000800000000, 0x0000000800000000)
[2025-05-20T21:03:04.353+0300][16140][14288][debug][gc,heap  ] GC(26)   eden space 1378816K, 0% used [0x00000007aab00000,0x00000007aab00000,0x00000007fed80000)
[2025-05-20T21:03:04.353+0300][16140][14288][debug][gc,heap  ] GC(26)   from space 9216K, 6% used [0x00000007fed80000,0x00000007fee0c0f0,0x00000007ff680000)
[2025-05-20T21:03:04.353+0300][16140][14288][debug][gc,heap  ] GC(26)   to   space 8704K, 0% used [0x00000007ff780000,0x00000007ff780000,0x0000000800000000)
[2025-05-20T21:03:04.353+0300][16140][14288][debug][gc,heap  ] GC(26)  ParOldGen       total 2796544K, used 16505K [0x0000000700000000, 0x00000007aab00000, 0x00000007aab00000)
[2025-05-20T21:03:04.353+0300][16140][14288][debug][gc,heap  ] GC(26)   object space 2796544K, 0% used [0x0000000700000000,0x000000070101e430,0x00000007aab00000)
[2025-05-20T21:03:04.353+0300][16140][14288][debug][gc,heap  ] GC(26)  Metaspace       used 8746K, committed 9792K, reserved 1114112K
[2025-05-20T21:03:04.353+0300][16140][14288][debug][gc,heap  ] GC(26)   class space    used 873K, committed 1280K, reserved 1048576K
[2025-05-20T21:03:04.353+0300][16140][14288][info ][safepoint] Safepoint "ParallelGCFailedAllocation", Time since last: 431656300 ns, Reaching safepoint: 368100 ns, Cleanup: 7900 ns, At safepoint: 1443400 ns, Total: 1819400 ns
[2025-05-20T21:03:04.768+0300][16140][14288][debug][safepoint] Safepoint synchronization initiated using striped semaphore wait barrier. (19 threads)
[2025-05-20T21:03:04.768+0300][16140][6556 ][debug][safepoint] ... found polling page loop exception at pc = 0x000002291ac02f64, stub =0x000002291a434d80
[2025-05-20T21:03:04.768+0300][16140][20976][debug][safepoint] ... found polling page loop exception at pc = 0x000002291aa34de0, stub =0x000002291a434d80
[2025-05-20T21:03:04.768+0300][16140][10388][debug][safepoint] ... found polling page loop exception at pc = 0x000002291aa34de0, stub =0x000002291a434d80
[2025-05-20T21:03:04.768+0300][16140][7520 ][debug][safepoint] ... found polling page loop exception at pc = 0x000002291aa34de0, stub =0x000002291a434d80
[2025-05-20T21:03:04.768+0300][16140][14288][debug][gc,heap  ] GC(27) Heap before GC invocations=28 (full 2):
[2025-05-20T21:03:04.768+0300][16140][14288][debug][gc,heap  ] GC(27)  PSYoungGen      total 1388032K, used 1379376K [0x00000007aab00000, 0x0000000800000000, 0x0000000800000000)
[2025-05-20T21:03:04.768+0300][16140][14288][debug][gc,heap  ] GC(27)   eden space 1378816K, 100% used [0x00000007aab00000,0x00000007fed80000,0x00000007fed80000)
[2025-05-20T21:03:04.768+0300][16140][14288][debug][gc,heap  ] GC(27)   from space 9216K, 6% used [0x00000007fed80000,0x00000007fee0c0f0,0x00000007ff680000)
[2025-05-20T21:03:04.768+0300][16140][14288][debug][gc,heap  ] GC(27)   to   space 8704K, 0% used [0x00000007ff780000,0x00000007ff780000,0x0000000800000000)
[2025-05-20T21:03:04.768+0300][16140][14288][debug][gc,heap  ] GC(27)  ParOldGen       total 2796544K, used 16505K [0x0000000700000000, 0x00000007aab00000, 0x00000007aab00000)
[2025-05-20T21:03:04.768+0300][16140][14288][debug][gc,heap  ] GC(27)   object space 2796544K, 0% used [0x0000000700000000,0x000000070101e430,0x00000007aab00000)
[2025-05-20T21:03:04.768+0300][16140][14288][debug][gc,heap  ] GC(27)  Metaspace       used 8746K, committed 9792K, reserved 1114112K
[2025-05-20T21:03:04.768+0300][16140][14288][debug][gc,heap  ] GC(27)   class space    used 873K, committed 1280K, reserved 1048576K
[2025-05-20T21:03:04.768+0300][16140][14288][debug][gc,phases] GC(27) Scavenge 0.371ms
[2025-05-20T21:03:04.768+0300][16140][14288][debug][gc,phases] GC(27) Reference Processing 0.071ms
[2025-05-20T21:03:04.768+0300][16140][14288][debug][gc,phases] GC(27)   VM Weak                        Min:  0.0, Avg:  0.0, Max:  0.0, Diff:  0.0, Sum:  0.0, Workers: 8
[2025-05-20T21:03:04.768+0300][16140][14288][debug][gc,phases] GC(27)     Dead                           Min: 0, Avg:  0.0, Max: 0, Diff: 0, Sum: 0, Workers: 8
[2025-05-20T21:03:04.768+0300][16140][14288][debug][gc,phases] GC(27)     Total                          Min: 0, Avg: 15.4, Max: 123, Diff: 123, Sum: 123, Workers: 8
[2025-05-20T21:03:04.768+0300][16140][14288][debug][gc,phases] GC(27)   ObjectSynchronizer Weak        Min:  0.0, Avg:  0.0, Max:  0.0, Diff:  0.0, Sum:  0.0, Workers: 8
[2025-05-20T21:03:04.768+0300][16140][14288][debug][gc,phases] GC(27)     Dead                           Min: 0, Avg:  0.0, Max: 0, Diff: 0, Sum: 0, Workers: 8
[2025-05-20T21:03:04.768+0300][16140][14288][debug][gc,phases] GC(27)     Total                          Min: 0, Avg: 18.6, Max: 128, Diff: 128, Sum: 149, Workers: 8
[2025-05-20T21:03:04.768+0300][16140][14288][debug][gc,phases] GC(27)   JVMTI Tag Weak OopStorage      Min:  0.0, Avg:  0.0, Max:  0.0, Diff:  0.0, Sum:  0.0, Workers: 8
[2025-05-20T21:03:04.768+0300][16140][14288][debug][gc,phases] GC(27)     Dead                           Min: 0, Avg:  0.0, Max: 0, Diff: 0, Sum: 0, Workers: 8
[2025-05-20T21:03:04.768+0300][16140][14288][debug][gc,phases] GC(27)     Total                          Min: 0, Avg:  0.0, Max: 0, Diff: 0, Sum: 0, Workers: 8
[2025-05-20T21:03:04.768+0300][16140][14288][debug][gc,phases] GC(27)   StringTable Weak               Min:  0.0, Avg:  0.0, Max:  0.0, Diff:  0.0, Sum:  0.1, Workers: 8
[2025-05-20T21:03:04.768+0300][16140][14288][debug][gc,phases] GC(27)     Dead                           Min: 0, Avg:  0.0, Max: 0, Diff: 0, Sum: 0, Workers: 8
[2025-05-20T21:03:04.768+0300][16140][14288][debug][gc,phases] GC(27)     Total                          Min: 0, Avg: 788.5, Max: 960, Diff: 960, Sum: 6308, Workers: 8
[2025-05-20T21:03:04.768+0300][16140][14288][debug][gc,phases] GC(27)   ResolvedMethodTable Weak       Min:  0.0, Avg:  0.0, Max:  0.0, Diff:  0.0, Sum:  0.0, Workers: 8
[2025-05-20T21:03:04.768+0300][16140][14288][debug][gc,phases] GC(27)     Dead                           Min: 0, Avg:  0.0, Max: 0, Diff: 0, Sum: 0, Workers: 8
[2025-05-20T21:03:04.768+0300][16140][14288][debug][gc,phases] GC(27)     Total                          Min: 0, Avg: 112.9, Max: 191, Diff: 191, Sum: 903, Workers: 8
[2025-05-20T21:03:04.768+0300][16140][14288][debug][gc,phases] GC(27)   JNI Weak                       Min:  0.0, Avg:  0.0, Max:  0.0, Diff:  0.0, Sum:  0.0, Workers: 8
[2025-05-20T21:03:04.768+0300][16140][14288][debug][gc,phases] GC(27)     Dead                           Min: 0, Avg:  0.0, Max: 0, Diff: 0, Sum: 0, Workers: 8
[2025-05-20T21:03:04.768+0300][16140][14288][debug][gc,phases] GC(27)     Total                          Min: 0, Avg:  0.0, Max: 0, Diff: 0, Sum: 0, Workers: 8
[2025-05-20T21:03:04.768+0300][16140][14288][debug][gc,phases] GC(27)   StringDedup Table Weak         Min:  0.0, Avg:  0.0, Max:  0.0, Diff:  0.0, Sum:  0.0, Workers: 8
[2025-05-20T21:03:04.768+0300][16140][14288][debug][gc,phases] GC(27)     Dead                           Min: 0, Avg:  0.0, Max: 0, Diff: 0, Sum: 0, Workers: 8
[2025-05-20T21:03:04.768+0300][16140][14288][debug][gc,phases] GC(27)     Total                          Min: 0, Avg:  0.0, Max: 0, Diff: 0, Sum: 0, Workers: 8
[2025-05-20T21:03:04.768+0300][16140][14288][debug][gc,phases] GC(27)   StringDedup Requests0 Weak     Min:  0.0, Avg:  0.0, Max:  0.0, Diff:  0.0, Sum:  0.0, Workers: 8
[2025-05-20T21:03:04.768+0300][16140][14288][debug][gc,phases] GC(27)     Dead                           Min: 0, Avg:  0.0, Max: 0, Diff: 0, Sum: 0, Workers: 8
[2025-05-20T21:03:04.768+0300][16140][14288][debug][gc,phases] GC(27)     Total                          Min: 0, Avg:  0.0, Max: 0, Diff: 0, Sum: 0, Workers: 8
[2025-05-20T21:03:04.768+0300][16140][14288][debug][gc,phases] GC(27)   StringDedup Requests1 Weak     Min:  0.0, Avg:  0.0, Max:  0.0, Diff:  0.0, Sum:  0.0, Workers: 8
[2025-05-20T21:03:04.768+0300][16140][14288][debug][gc,phases] GC(27)     Dead                           Min: 0, Avg:  0.0, Max: 0, Diff: 0, Sum: 0, Workers: 8
[2025-05-20T21:03:04.768+0300][16140][14288][debug][gc,phases] GC(27)     Total                          Min: 0, Avg:  0.0, Max: 0, Diff: 0, Sum: 0, Workers: 8
[2025-05-20T21:03:04.768+0300][16140][14288][debug][gc,phases] GC(27)   Weak JFR Old Object Samples    Min:  0.0, Avg:  0.0, Max:  0.0, Diff:  0.0, Sum:  0.0, Workers: 8
[2025-05-20T21:03:04.768+0300][16140][14288][debug][gc,phases] GC(27)     Dead                           Min: 0, Avg:  0.0, Max: 0, Diff: 0, Sum: 0, Workers: 8
[2025-05-20T21:03:04.768+0300][16140][14288][debug][gc,phases] GC(27)     Total                          Min: 0, Avg:  0.0, Max: 0, Diff: 0, Sum: 0, Workers: 8
[2025-05-20T21:03:04.768+0300][16140][14288][debug][gc,phases] GC(27) Weak Processing 0.706ms
[2025-05-20T21:03:04.768+0300][16140][14288][info ][gc,heap  ] GC(27) PSYoungGen: 1379376K(1388032K)->576K(1389056K) Eden: 1378816K(1378816K)->0K(1380352K) From: 560K(9216K)->576K(8704K)
[2025-05-20T21:03:04.768+0300][16140][14288][info ][gc,heap  ] GC(27) ParOldGen: 16505K(2796544K)->16561K(2796544K)
[2025-05-20T21:03:04.768+0300][16140][14288][info ][gc       ] GC(27) Pause Young (Allocation Failure) 1363M->16M(4087M) 1.293ms
[2025-05-20T21:03:04.768+0300][16140][14288][debug][gc,heap  ] GC(27) Heap after GC invocations=28 (full 2):
[2025-05-20T21:03:04.768+0300][16140][14288][debug][gc,heap  ] GC(27)  PSYoungGen      total 1389056K, used 576K [0x00000007aab00000, 0x0000000800000000, 0x0000000800000000)
[2025-05-20T21:03:04.768+0300][16140][14288][debug][gc,heap  ] GC(27)   eden space 1380352K, 0% used [0x00000007aab00000,0x00000007aab00000,0x00000007fef00000)
[2025-05-20T21:03:04.768+0300][16140][14288][debug][gc,heap  ] GC(27)   from space 8704K, 6% used [0x00000007ff780000,0x00000007ff8100e0,0x0000000800000000)
[2025-05-20T21:03:04.768+0300][16140][14288][debug][gc,heap  ] GC(27)   to   space 8704K, 0% used [0x00000007fef00000,0x00000007fef00000,0x00000007ff780000)
[2025-05-20T21:03:04.768+0300][16140][14288][debug][gc,heap  ] GC(27)  ParOldGen       total 2796544K, used 16561K [0x0000000700000000, 0x00000007aab00000, 0x00000007aab00000)
[2025-05-20T21:03:04.768+0300][16140][14288][debug][gc,heap  ] GC(27)   object space 2796544K, 0% used [0x0000000700000000,0x000000070102c430,0x00000007aab00000)
[2025-05-20T21:03:04.768+0300][16140][14288][debug][gc,heap  ] GC(27)  Metaspace       used 8746K, committed 9792K, reserved 1114112K
[2025-05-20T21:03:04.768+0300][16140][14288][debug][gc,heap  ] GC(27)   class space    used 873K, committed 1280K, reserved 1048576K
[2025-05-20T21:03:04.768+0300][16140][14288][info ][safepoint] Safepoint "ParallelGCFailedAllocation", Time since last: 413847200 ns, Reaching safepoint: 305700 ns, Cleanup: 6900 ns, At safepoint: 1759900 ns, Total: 2072500 ns
[2025-05-20T21:03:05.181+0300][16140][14288][debug][safepoint] Safepoint synchronization initiated using striped semaphore wait barrier. (19 threads)
[2025-05-20T21:03:05.181+0300][16140][6556 ][debug][safepoint] ... found polling page loop exception at pc = 0x000002291aa34de0, stub =0x000002291a434d80
[2025-05-20T21:03:05.181+0300][16140][20976][debug][safepoint] ... found polling page loop exception at pc = 0x000002291aab6db4, stub =0x000002291a434d80
[2025-05-20T21:03:05.181+0300][16140][18172][debug][safepoint] ... found polling page loop exception at pc = 0x000002291aa34de0, stub =0x000002291a434d80
[2025-05-20T21:03:05.181+0300][16140][7520 ][debug][safepoint] ... found polling page loop exception at pc = 0x000002291aa34de0, stub =0x000002291a434d80
[2025-05-20T21:03:05.181+0300][16140][14288][debug][gc,heap  ] GC(28) Heap before GC invocations=29 (full 2):
[2025-05-20T21:03:05.181+0300][16140][14288][debug][gc,heap  ] GC(28)  PSYoungGen      total 1389056K, used 1380928K [0x00000007aab00000, 0x0000000800000000, 0x0000000800000000)
[2025-05-20T21:03:05.181+0300][16140][14288][debug][gc,heap  ] GC(28)   eden space 1380352K, 100% used [0x00000007aab00000,0x00000007fef00000,0x00000007fef00000)
[2025-05-20T21:03:05.181+0300][16140][14288][debug][gc,heap  ] GC(28)   from space 8704K, 6% used [0x00000007ff780000,0x00000007ff8100e0,0x0000000800000000)
[2025-05-20T21:03:05.181+0300][16140][14288][debug][gc,heap  ] GC(28)   to   space 8704K, 0% used [0x00000007fef00000,0x00000007fef00000,0x00000007ff780000)
[2025-05-20T21:03:05.181+0300][16140][14288][debug][gc,heap  ] GC(28)  ParOldGen       total 2796544K, used 16561K [0x0000000700000000, 0x00000007aab00000, 0x00000007aab00000)
[2025-05-20T21:03:05.181+0300][16140][14288][debug][gc,heap  ] GC(28)   object space 2796544K, 0% used [0x0000000700000000,0x000000070102c430,0x00000007aab00000)
[2025-05-20T21:03:05.181+0300][16140][14288][debug][gc,heap  ] GC(28)  Metaspace       used 8746K, committed 9792K, reserved 1114112K
[2025-05-20T21:03:05.181+0300][16140][14288][debug][gc,heap  ] GC(28)   class space    used 873K, committed 1280K, reserved 1048576K
[2025-05-20T21:03:05.182+0300][16140][14288][debug][gc,phases] GC(28) Scavenge 0.338ms
[2025-05-20T21:03:05.182+0300][16140][14288][debug][gc,phases] GC(28) Reference Processing 0.055ms
[2025-05-20T21:03:05.182+0300][16140][14288][debug][gc,phases] GC(28)   VM Weak                        Min:  0.0, Avg:  0.0, Max:  0.0, Diff:  0.0, Sum:  0.0, Workers: 8
[2025-05-20T21:03:05.182+0300][16140][14288][debug][gc,phases] GC(28)     Dead                           Min: 0, Avg:  0.0, Max: 0, Diff: 0, Sum: 0, Workers: 8
[2025-05-20T21:03:05.182+0300][16140][14288][debug][gc,phases] GC(28)     Total                          Min: 0, Avg: 15.4, Max: 105, Diff: 105, Sum: 123, Workers: 8
[2025-05-20T21:03:05.182+0300][16140][14288][debug][gc,phases] GC(28)   ObjectSynchronizer Weak        Min:  0.0, Avg:  0.0, Max:  0.0, Diff:  0.0, Sum:  0.0, Workers: 8
[2025-05-20T21:03:05.182+0300][16140][14288][debug][gc,phases] GC(28)     Dead                           Min: 0, Avg:  0.0, Max: 0, Diff: 0, Sum: 0, Workers: 8
[2025-05-20T21:03:05.182+0300][16140][14288][debug][gc,phases] GC(28)     Total                          Min: 0, Avg: 18.6, Max: 85, Diff: 85, Sum: 149, Workers: 8
[2025-05-20T21:03:05.182+0300][16140][14288][debug][gc,phases] GC(28)   JVMTI Tag Weak OopStorage      Min:  0.0, Avg:  0.0, Max:  0.0, Diff:  0.0, Sum:  0.0, Workers: 8
[2025-05-20T21:03:05.182+0300][16140][14288][debug][gc,phases] GC(28)     Dead                           Min: 0, Avg:  0.0, Max: 0, Diff: 0, Sum: 0, Workers: 8
[2025-05-20T21:03:05.182+0300][16140][14288][debug][gc,phases] GC(28)     Total                          Min: 0, Avg:  0.0, Max: 0, Diff: 0, Sum: 0, Workers: 8
[2025-05-20T21:03:05.182+0300][16140][14288][debug][gc,phases] GC(28)   StringTable Weak               Min:  0.0, Avg:  0.0, Max:  0.0, Diff:  0.0, Sum:  0.1, Workers: 8
[2025-05-20T21:03:05.182+0300][16140][14288][debug][gc,phases] GC(28)     Dead                           Min: 0, Avg:  0.0, Max: 0, Diff: 0, Sum: 0, Workers: 8
[2025-05-20T21:03:05.182+0300][16140][14288][debug][gc,phases] GC(28)     Total                          Min: 0, Avg: 788.5, Max: 1024, Diff: 1024, Sum: 6308, Workers: 8
[2025-05-20T21:03:05.182+0300][16140][14288][debug][gc,phases] GC(28)   ResolvedMethodTable Weak       Min:  0.0, Avg:  0.0, Max:  0.0, Diff:  0.0, Sum:  0.0, Workers: 8
[2025-05-20T21:03:05.182+0300][16140][14288][debug][gc,phases] GC(28)     Dead                           Min: 0, Avg:  0.0, Max: 0, Diff: 0, Sum: 0, Workers: 8
[2025-05-20T21:03:05.182+0300][16140][14288][debug][gc,phases] GC(28)     Total                          Min: 0, Avg: 112.9, Max: 136, Diff: 136, Sum: 903, Workers: 8
[2025-05-20T21:03:05.182+0300][16140][14288][debug][gc,phases] GC(28)   JNI Weak                       Min:  0.0, Avg:  0.0, Max:  0.0, Diff:  0.0, Sum:  0.0, Workers: 8
[2025-05-20T21:03:05.182+0300][16140][14288][debug][gc,phases] GC(28)     Dead                           Min: 0, Avg:  0.0, Max: 0, Diff: 0, Sum: 0, Workers: 8
[2025-05-20T21:03:05.182+0300][16140][14288][debug][gc,phases] GC(28)     Total                          Min: 0, Avg:  0.0, Max: 0, Diff: 0, Sum: 0, Workers: 8
[2025-05-20T21:03:05.182+0300][16140][14288][debug][gc,phases] GC(28)   StringDedup Table Weak         Min:  0.0, Avg:  0.0, Max:  0.0, Diff:  0.0, Sum:  0.0, Workers: 8
[2025-05-20T21:03:05.182+0300][16140][14288][debug][gc,phases] GC(28)     Dead                           Min: 0, Avg:  0.0, Max: 0, Diff: 0, Sum: 0, Workers: 8
[2025-05-20T21:03:05.182+0300][16140][14288][debug][gc,phases] GC(28)     Total                          Min: 0, Avg:  0.0, Max: 0, Diff: 0, Sum: 0, Workers: 8
[2025-05-20T21:03:05.182+0300][16140][14288][debug][gc,phases] GC(28)   StringDedup Requests0 Weak     Min:  0.0, Avg:  0.0, Max:  0.0, Diff:  0.0, Sum:  0.0, Workers: 8
[2025-05-20T21:03:05.182+0300][16140][14288][debug][gc,phases] GC(28)     Dead                           Min: 0, Avg:  0.0, Max: 0, Diff: 0, Sum: 0, Workers: 8
[2025-05-20T21:03:05.182+0300][16140][14288][debug][gc,phases] GC(28)     Total                          Min: 0, Avg:  0.0, Max: 0, Diff: 0, Sum: 0, Workers: 8
[2025-05-20T21:03:05.182+0300][16140][14288][debug][gc,phases] GC(28)   StringDedup Requests1 Weak     Min:  0.0, Avg:  0.0, Max:  0.0, Diff:  0.0, Sum:  0.0, Workers: 8
[2025-05-20T21:03:05.182+0300][16140][14288][debug][gc,phases] GC(28)     Dead                           Min: 0, Avg:  0.0, Max: 0, Diff: 0, Sum: 0, Workers: 8
[2025-05-20T21:03:05.182+0300][16140][14288][debug][gc,phases] GC(28)     Total                          Min: 0, Avg:  0.0, Max: 0, Diff: 0, Sum: 0, Workers: 8
[2025-05-20T21:03:05.182+0300][16140][14288][debug][gc,phases] GC(28)   Weak JFR Old Object Samples    Min:  0.0, Avg:  0.0, Max:  0.0, Diff:  0.0, Sum:  0.0, Workers: 8
[2025-05-20T21:03:05.182+0300][16140][14288][debug][gc,phases] GC(28)     Dead                           Min: 0, Avg:  0.0, Max: 0, Diff: 0, Sum: 0, Workers: 8
[2025-05-20T21:03:05.182+0300][16140][14288][debug][gc,phases] GC(28)     Total                          Min: 0, Avg:  0.0, Max: 0, Diff: 0, Sum: 0, Workers: 8
[2025-05-20T21:03:05.182+0300][16140][14288][debug][gc,phases] GC(28) Weak Processing 0.633ms
[2025-05-20T21:03:05.182+0300][16140][14288][info ][gc,heap  ] GC(28) PSYoungGen: 1380928K(1389056K)->624K(1389056K) Eden: 1380352K(1380352K)->0K(1380352K) From: 576K(8704K)->624K(8704K)
[2025-05-20T21:03:05.182+0300][16140][14288][info ][gc,heap  ] GC(28) ParOldGen: 16561K(2796544K)->16625K(2796544K)
[2025-05-20T21:03:05.182+0300][16140][14288][info ][gc       ] GC(28) Pause Young (Allocation Failure) 1364M->16M(4087M) 1.181ms
[2025-05-20T21:03:05.182+0300][16140][14288][debug][gc,heap  ] GC(28) Heap after GC invocations=29 (full 2):
[2025-05-20T21:03:05.182+0300][16140][14288][debug][gc,heap  ] GC(28)  PSYoungGen      total 1389056K, used 624K [0x00000007aab00000, 0x0000000800000000, 0x0000000800000000)
[2025-05-20T21:03:05.182+0300][16140][14288][debug][gc,heap  ] GC(28)   eden space 1380352K, 0% used [0x00000007aab00000,0x00000007aab00000,0x00000007fef00000)
[2025-05-20T21:03:05.182+0300][16140][14288][debug][gc,heap  ] GC(28)   from space 8704K, 7% used [0x00000007fef00000,0x00000007fef9c0b0,0x00000007ff780000)
[2025-05-20T21:03:05.182+0300][16140][14288][debug][gc,heap  ] GC(28)   to   space 8192K, 0% used [0x00000007ff800000,0x00000007ff800000,0x0000000800000000)
[2025-05-20T21:03:05.182+0300][16140][14288][debug][gc,heap  ] GC(28)  ParOldGen       total 2796544K, used 16625K [0x0000000700000000, 0x00000007aab00000, 0x00000007aab00000)
[2025-05-20T21:03:05.182+0300][16140][14288][debug][gc,heap  ] GC(28)   object space 2796544K, 0% used [0x0000000700000000,0x000000070103c430,0x00000007aab00000)
[2025-05-20T21:03:05.182+0300][16140][14288][debug][gc,heap  ] GC(28)  Metaspace       used 8746K, committed 9792K, reserved 1114112K
[2025-05-20T21:03:05.182+0300][16140][14288][debug][gc,heap  ] GC(28)   class space    used 873K, committed 1280K, reserved 1048576K
[2025-05-20T21:03:05.182+0300][16140][14288][info ][safepoint] Safepoint "ParallelGCFailedAllocation", Time since last: 410177400 ns, Reaching safepoint: 331200 ns, Cleanup: 11000 ns, At safepoint: 1680800 ns, Total: 2023000 ns
[2025-05-20T21:03:05.601+0300][16140][14288][debug][safepoint] Safepoint synchronization initiated using striped semaphore wait barrier. (19 threads)
[2025-05-20T21:03:05.601+0300][16140][21412][debug][safepoint] ... found polling page loop exception at pc = 0x000002291ac02f64, stub =0x000002291a434d80
[2025-05-20T21:03:05.601+0300][16140][12276][debug][safepoint] ... found polling page loop exception at pc = 0x000002291aa3e5af, stub =0x000002291a435600
[2025-05-20T21:03:05.601+0300][16140][20976][debug][safepoint] ... found polling page loop exception at pc = 0x000002291aa34de0, stub =0x000002291a434d80
[2025-05-20T21:03:05.601+0300][16140][21784][debug][safepoint] ... found polling page loop exception at pc = 0x000002291aa34de0, stub =0x000002291a434d80
[2025-05-20T21:03:05.601+0300][16140][10388][debug][safepoint] ... found polling page loop exception at pc = 0x000002291aa34de0, stub =0x000002291a434d80
[2025-05-20T21:03:05.601+0300][16140][18172][debug][safepoint] ... found polling page loop exception at pc = 0x000002291aa34de0, stub =0x000002291a434d80
[2025-05-20T21:03:05.601+0300][16140][14288][debug][gc,heap  ] GC(29) Heap before GC invocations=30 (full 2):
[2025-05-20T21:03:05.602+0300][16140][14288][debug][gc,heap  ] GC(29)  PSYoungGen      total 1389056K, used 1380976K [0x00000007aab00000, 0x0000000800000000, 0x0000000800000000)
[2025-05-20T21:03:05.602+0300][16140][14288][debug][gc,heap  ] GC(29)   eden space 1380352K, 100% used [0x00000007aab00000,0x00000007fef00000,0x00000007fef00000)
[2025-05-20T21:03:05.602+0300][16140][14288][debug][gc,heap  ] GC(29)   from space 8704K, 7% used [0x00000007fef00000,0x00000007fef9c0b0,0x00000007ff780000)
[2025-05-20T21:03:05.602+0300][16140][14288][debug][gc,heap  ] GC(29)   to   space 8192K, 0% used [0x00000007ff800000,0x00000007ff800000,0x0000000800000000)
[2025-05-20T21:03:05.602+0300][16140][14288][debug][gc,heap  ] GC(29)  ParOldGen       total 2796544K, used 16625K [0x0000000700000000, 0x00000007aab00000, 0x00000007aab00000)
[2025-05-20T21:03:05.602+0300][16140][14288][debug][gc,heap  ] GC(29)   object space 2796544K, 0% used [0x0000000700000000,0x000000070103c430,0x00000007aab00000)
[2025-05-20T21:03:05.602+0300][16140][14288][debug][gc,heap  ] GC(29)  Metaspace       used 8746K, committed 9792K, reserved 1114112K
[2025-05-20T21:03:05.602+0300][16140][14288][debug][gc,heap  ] GC(29)   class space    used 873K, committed 1280K, reserved 1048576K
[2025-05-20T21:03:05.602+0300][16140][14288][debug][gc,phases] GC(29) Scavenge 0.375ms
[2025-05-20T21:03:05.602+0300][16140][14288][debug][gc,phases] GC(29) Reference Processing 0.078ms
[2025-05-20T21:03:05.602+0300][16140][14288][debug][gc,phases] GC(29)   VM Weak                        Min:  0.0, Avg:  0.0, Max:  0.0, Diff:  0.0, Sum:  0.0, Workers: 8
[2025-05-20T21:03:05.602+0300][16140][14288][debug][gc,phases] GC(29)     Dead                           Min: 0, Avg:  0.0, Max: 0, Diff: 0, Sum: 0, Workers: 8
[2025-05-20T21:03:05.602+0300][16140][14288][debug][gc,phases] GC(29)     Total                          Min: 0, Avg: 15.4, Max: 74, Diff: 74, Sum: 123, Workers: 8
[2025-05-20T21:03:05.602+0300][16140][14288][debug][gc,phases] GC(29)   ObjectSynchronizer Weak        Min:  0.0, Avg:  0.0, Max:  0.0, Diff:  0.0, Sum:  0.0, Workers: 8
[2025-05-20T21:03:05.602+0300][16140][14288][debug][gc,phases] GC(29)     Dead                           Min: 0, Avg:  0.0, Max: 0, Diff: 0, Sum: 0, Workers: 8
[2025-05-20T21:03:05.602+0300][16140][14288][debug][gc,phases] GC(29)     Total                          Min: 0, Avg: 18.6, Max: 64, Diff: 64, Sum: 149, Workers: 8
[2025-05-20T21:03:05.602+0300][16140][14288][debug][gc,phases] GC(29)   JVMTI Tag Weak OopStorage      Min:  0.0, Avg:  0.0, Max:  0.0, Diff:  0.0, Sum:  0.0, Workers: 8
[2025-05-20T21:03:05.602+0300][16140][14288][debug][gc,phases] GC(29)     Dead                           Min: 0, Avg:  0.0, Max: 0, Diff: 0, Sum: 0, Workers: 8
[2025-05-20T21:03:05.602+0300][16140][14288][debug][gc,phases] GC(29)     Total                          Min: 0, Avg:  0.0, Max: 0, Diff: 0, Sum: 0, Workers: 8
[2025-05-20T21:03:05.602+0300][16140][14288][debug][gc,phases] GC(29)   StringTable Weak               Min:  0.0, Avg:  0.0, Max:  0.0, Diff:  0.0, Sum:  0.1, Workers: 8
[2025-05-20T21:03:05.602+0300][16140][14288][debug][gc,phases] GC(29)     Dead                           Min: 0, Avg:  0.0, Max: 0, Diff: 0, Sum: 0, Workers: 8
[2025-05-20T21:03:05.602+0300][16140][14288][debug][gc,phases] GC(29)     Total                          Min: 512, Avg: 788.5, Max: 960, Diff: 448, Sum: 6308, Workers: 8
[2025-05-20T21:03:05.602+0300][16140][14288][debug][gc,phases] GC(29)   ResolvedMethodTable Weak       Min:  0.0, Avg:  0.0, Max:  0.0, Diff:  0.0, Sum:  0.0, Workers: 8
[2025-05-20T21:03:05.602+0300][16140][14288][debug][gc,phases] GC(29)     Dead                           Min: 0, Avg:  0.0, Max: 0, Diff: 0, Sum: 0, Workers: 8
[2025-05-20T21:03:05.602+0300][16140][14288][debug][gc,phases] GC(29)     Total                          Min: 64, Avg: 112.9, Max: 128, Diff: 64, Sum: 903, Workers: 8
[2025-05-20T21:03:05.602+0300][16140][14288][debug][gc,phases] GC(29)   JNI Weak                       Min:  0.0, Avg:  0.0, Max:  0.0, Diff:  0.0, Sum:  0.0, Workers: 8
[2025-05-20T21:03:05.602+0300][16140][14288][debug][gc,phases] GC(29)     Dead                           Min: 0, Avg:  0.0, Max: 0, Diff: 0, Sum: 0, Workers: 8
[2025-05-20T21:03:05.602+0300][16140][14288][debug][gc,phases] GC(29)     Total                          Min: 0, Avg:  0.0, Max: 0, Diff: 0, Sum: 0, Workers: 8
[2025-05-20T21:03:05.602+0300][16140][14288][debug][gc,phases] GC(29)   StringDedup Table Weak         Min:  0.0, Avg:  0.0, Max:  0.0, Diff:  0.0, Sum:  0.0, Workers: 8
[2025-05-20T21:03:05.602+0300][16140][14288][debug][gc,phases] GC(29)     Dead                           Min: 0, Avg:  0.0, Max: 0, Diff: 0, Sum: 0, Workers: 8
[2025-05-20T21:03:05.602+0300][16140][14288][debug][gc,phases] GC(29)     Total                          Min: 0, Avg:  0.0, Max: 0, Diff: 0, Sum: 0, Workers: 8
[2025-05-20T21:03:05.602+0300][16140][14288][debug][gc,phases] GC(29)   StringDedup Requests0 Weak     Min:  0.0, Avg:  0.0, Max:  0.0, Diff:  0.0, Sum:  0.0, Workers: 8
[2025-05-20T21:03:05.602+0300][16140][14288][debug][gc,phases] GC(29)     Dead                           Min: 0, Avg:  0.0, Max: 0, Diff: 0, Sum: 0, Workers: 8
[2025-05-20T21:03:05.602+0300][16140][14288][debug][gc,phases] GC(29)     Total                          Min: 0, Avg:  0.0, Max: 0, Diff: 0, Sum: 0, Workers: 8
[2025-05-20T21:03:05.602+0300][16140][14288][debug][gc,phases] GC(29)   StringDedup Requests1 Weak     Min:  0.0, Avg:  0.0, Max:  0.0, Diff:  0.0, Sum:  0.0, Workers: 8
[2025-05-20T21:03:05.602+0300][16140][14288][debug][gc,phases] GC(29)     Dead                           Min: 0, Avg:  0.0, Max: 0, Diff: 0, Sum: 0, Workers: 8
[2025-05-20T21:03:05.602+0300][16140][14288][debug][gc,phases] GC(29)     Total                          Min: 0, Avg:  0.0, Max: 0, Diff: 0, Sum: 0, Workers: 8
[2025-05-20T21:03:05.602+0300][16140][14288][debug][gc,phases] GC(29)   Weak JFR Old Object Samples    Min:  0.0, Avg:  0.0, Max:  0.0, Diff:  0.0, Sum:  0.0, Workers: 8
[2025-05-20T21:03:05.602+0300][16140][14288][debug][gc,phases] GC(29)     Dead                           Min: 0, Avg:  0.0, Max: 0, Diff: 0, Sum: 0, Workers: 8
[2025-05-20T21:03:05.602+0300][16140][14288][debug][gc,phases] GC(29)     Total                          Min: 0, Avg:  0.0, Max: 0, Diff: 0, Sum: 0, Workers: 8
[2025-05-20T21:03:05.602+0300][16140][14288][debug][gc,phases] GC(29) Weak Processing 0.606ms
[2025-05-20T21:03:05.602+0300][16140][14288][info ][gc,heap  ] GC(29) PSYoungGen: 1380976K(1389056K)->544K(1390080K) Eden: 1380352K(1380352K)->0K(1381888K) From: 624K(8704K)->544K(8192K)
[2025-05-20T21:03:05.602+0300][16140][14288][info ][gc,heap  ] GC(29) ParOldGen: 16625K(2796544K)->16681K(2796544K)
[2025-05-20T21:03:05.602+0300][16140][14288][info ][gc       ] GC(29) Pause Young (Allocation Failure) 1364M->16M(4088M) 1.228ms
[2025-05-20T21:03:05.602+0300][16140][14288][debug][gc,heap  ] GC(29) Heap after GC invocations=30 (full 2):
[2025-05-20T21:03:05.602+0300][16140][14288][debug][gc,heap  ] GC(29)  PSYoungGen      total 1390080K, used 544K [0x00000007aab00000, 0x0000000800000000, 0x0000000800000000)
[2025-05-20T21:03:05.602+0300][16140][14288][debug][gc,heap  ] GC(29)   eden space 1381888K, 0% used [0x00000007aab00000,0x00000007aab00000,0x00000007ff080000)
[2025-05-20T21:03:05.602+0300][16140][14288][debug][gc,heap  ] GC(29)   from space 8192K, 6% used [0x00000007ff800000,0x00000007ff8880e0,0x0000000800000000)
[2025-05-20T21:03:05.602+0300][16140][14288][debug][gc,heap  ] GC(29)   to   space 7680K, 0% used [0x00000007ff080000,0x00000007ff080000,0x00000007ff800000)
[2025-05-20T21:03:05.602+0300][16140][14288][debug][gc,heap  ] GC(29)  ParOldGen       total 2796544K, used 16681K [0x0000000700000000, 0x00000007aab00000, 0x00000007aab00000)
[2025-05-20T21:03:05.602+0300][16140][14288][debug][gc,heap  ] GC(29)   object space 2796544K, 0% used [0x0000000700000000,0x000000070104a430,0x00000007aab00000)
[2025-05-20T21:03:05.602+0300][16140][14288][debug][gc,heap  ] GC(29)  Metaspace       used 8746K, committed 9792K, reserved 1114112K
[2025-05-20T21:03:05.602+0300][16140][14288][debug][gc,heap  ] GC(29)   class space    used 873K, committed 1280K, reserved 1048576K
[2025-05-20T21:03:05.602+0300][16140][14288][info ][safepoint] Safepoint "ParallelGCFailedAllocation", Time since last: 418539100 ns, Reaching safepoint: 443700 ns, Cleanup: 8000 ns, At safepoint: 1714000 ns, Total: 2165700 ns
[2025-05-20T21:03:06.021+0300][16140][14288][debug][safepoint] Safepoint synchronization initiated using striped semaphore wait barrier. (19 threads)
[2025-05-20T21:03:06.021+0300][16140][18172][debug][safepoint] ... found polling page loop exception at pc = 0x000002291aa34de0, stub =0x000002291a434d80
[2025-05-20T21:03:06.021+0300][16140][6556 ][debug][safepoint] ... found polling page loop exception at pc = 0x000002291aa34de0, stub =0x000002291a434d80
[2025-05-20T21:03:06.023+0300][16140][14288][debug][gc,heap  ] GC(30) Heap before GC invocations=31 (full 2):
[2025-05-20T21:03:06.023+0300][16140][14288][debug][gc,heap  ] GC(30)  PSYoungGen      total 1390080K, used 1382432K [0x00000007aab00000, 0x0000000800000000, 0x0000000800000000)
[2025-05-20T21:03:06.023+0300][16140][14288][debug][gc,heap  ] GC(30)   eden space 1381888K, 100% used [0x00000007aab00000,0x00000007ff080000,0x00000007ff080000)
[2025-05-20T21:03:06.023+0300][16140][14288][debug][gc,heap  ] GC(30)   from space 8192K, 6% used [0x00000007ff800000,0x00000007ff8880e0,0x0000000800000000)
[2025-05-20T21:03:06.023+0300][16140][14288][debug][gc,heap  ] GC(30)   to   space 7680K, 0% used [0x00000007ff080000,0x00000007ff080000,0x00000007ff800000)
[2025-05-20T21:03:06.023+0300][16140][14288][debug][gc,heap  ] GC(30)  ParOldGen       total 2796544K, used 16681K [0x0000000700000000, 0x00000007aab00000, 0x00000007aab00000)
[2025-05-20T21:03:06.023+0300][16140][14288][debug][gc,heap  ] GC(30)   object space 2796544K, 0% used [0x0000000700000000,0x000000070104a430,0x00000007aab00000)
[2025-05-20T21:03:06.023+0300][16140][14288][debug][gc,heap  ] GC(30)  Metaspace       used 8746K, committed 9792K, reserved 1114112K
[2025-05-20T21:03:06.023+0300][16140][14288][debug][gc,heap  ] GC(30)   class space    used 873K, committed 1280K, reserved 1048576K
[2025-05-20T21:03:06.023+0300][16140][14288][debug][gc,phases] GC(30) Scavenge 0.226ms
[2025-05-20T21:03:06.023+0300][16140][14288][debug][gc,phases] GC(30) Reference Processing 0.095ms
[2025-05-20T21:03:06.023+0300][16140][14288][debug][gc,phases] GC(30)   VM Weak                        Min:  0.0, Avg:  0.0, Max:  0.0, Diff:  0.0, Sum:  0.0, Workers: 8
[2025-05-20T21:03:06.023+0300][16140][14288][debug][gc,phases] GC(30)     Dead                           Min: 0, Avg:  0.0, Max: 0, Diff: 0, Sum: 0, Workers: 8
[2025-05-20T21:03:06.023+0300][16140][14288][debug][gc,phases] GC(30)     Total                          Min: 0, Avg: 15.4, Max: 104, Diff: 104, Sum: 123, Workers: 8
[2025-05-20T21:03:06.023+0300][16140][14288][debug][gc,phases] GC(30)   ObjectSynchronizer Weak        Min:  0.0, Avg:  0.0, Max:  0.0, Diff:  0.0, Sum:  0.0, Workers: 8
[2025-05-20T21:03:06.023+0300][16140][14288][debug][gc,phases] GC(30)     Dead                           Min: 0, Avg:  0.0, Max: 0, Diff: 0, Sum: 0, Workers: 8
[2025-05-20T21:03:06.023+0300][16140][14288][debug][gc,phases] GC(30)     Total                          Min: 0, Avg: 18.6, Max: 85, Diff: 85, Sum: 149, Workers: 8
[2025-05-20T21:03:06.023+0300][16140][14288][debug][gc,phases] GC(30)   JVMTI Tag Weak OopStorage      Min:  0.0, Avg:  0.0, Max:  0.0, Diff:  0.0, Sum:  0.0, Workers: 8
[2025-05-20T21:03:06.023+0300][16140][14288][debug][gc,phases] GC(30)     Dead                           Min: 0, Avg:  0.0, Max: 0, Diff: 0, Sum: 0, Workers: 8
[2025-05-20T21:03:06.023+0300][16140][14288][debug][gc,phases] GC(30)     Total                          Min: 0, Avg:  0.0, Max: 0, Diff: 0, Sum: 0, Workers: 8
[2025-05-20T21:03:06.023+0300][16140][14288][debug][gc,phases] GC(30)   StringTable Weak               Min:  0.0, Avg:  0.0, Max:  0.0, Diff:  0.0, Sum:  0.1, Workers: 8
[2025-05-20T21:03:06.023+0300][16140][14288][debug][gc,phases] GC(30)     Dead                           Min: 0, Avg:  0.0, Max: 0, Diff: 0, Sum: 0, Workers: 8
[2025-05-20T21:03:06.023+0300][16140][14288][debug][gc,phases] GC(30)     Total                          Min: 420, Avg: 788.5, Max: 1216, Diff: 796, Sum: 6308, Workers: 8
[2025-05-20T21:03:06.023+0300][16140][14288][debug][gc,phases] GC(30)   ResolvedMethodTable Weak       Min:  0.0, Avg:  0.0, Max:  0.0, Diff:  0.0, Sum:  0.0, Workers: 8
[2025-05-20T21:03:06.023+0300][16140][14288][debug][gc,phases] GC(30)     Dead                           Min: 0, Avg:  0.0, Max: 0, Diff: 0, Sum: 0, Workers: 8
[2025-05-20T21:03:06.023+0300][16140][14288][debug][gc,phases] GC(30)     Total                          Min: 64, Avg: 112.9, Max: 136, Diff: 72, Sum: 903, Workers: 8
[2025-05-20T21:03:06.023+0300][16140][14288][debug][gc,phases] GC(30)   JNI Weak                       Min:  0.0, Avg:  0.0, Max:  0.0, Diff:  0.0, Sum:  0.0, Workers: 8
[2025-05-20T21:03:06.023+0300][16140][14288][debug][gc,phases] GC(30)     Dead                           Min: 0, Avg:  0.0, Max: 0, Diff: 0, Sum: 0, Workers: 8
[2025-05-20T21:03:06.023+0300][16140][14288][debug][gc,phases] GC(30)     Total                          Min: 0, Avg:  0.0, Max: 0, Diff: 0, Sum: 0, Workers: 8
[2025-05-20T21:03:06.023+0300][16140][14288][debug][gc,phases] GC(30)   StringDedup Table Weak         Min:  0.0, Avg:  0.0, Max:  0.0, Diff:  0.0, Sum:  0.0, Workers: 8
[2025-05-20T21:03:06.023+0300][16140][14288][debug][gc,phases] GC(30)     Dead                           Min: 0, Avg:  0.0, Max: 0, Diff: 0, Sum: 0, Workers: 8
[2025-05-20T21:03:06.023+0300][16140][14288][debug][gc,phases] GC(30)     Total                          Min: 0, Avg:  0.0, Max: 0, Diff: 0, Sum: 0, Workers: 8
[2025-05-20T21:03:06.023+0300][16140][14288][debug][gc,phases] GC(30)   StringDedup Requests0 Weak     Min:  0.0, Avg:  0.0, Max:  0.0, Diff:  0.0, Sum:  0.0, Workers: 8
[2025-05-20T21:03:06.023+0300][16140][14288][debug][gc,phases] GC(30)     Dead                           Min: 0, Avg:  0.0, Max: 0, Diff: 0, Sum: 0, Workers: 8
[2025-05-20T21:03:06.023+0300][16140][14288][debug][gc,phases] GC(30)     Total                          Min: 0, Avg:  0.0, Max: 0, Diff: 0, Sum: 0, Workers: 8
[2025-05-20T21:03:06.023+0300][16140][14288][debug][gc,phases] GC(30)   StringDedup Requests1 Weak     Min:  0.0, Avg:  0.0, Max:  0.0, Diff:  0.0, Sum:  0.0, Workers: 8
[2025-05-20T21:03:06.023+0300][16140][14288][debug][gc,phases] GC(30)     Dead                           Min: 0, Avg:  0.0, Max: 0, Diff: 0, Sum: 0, Workers: 8
[2025-05-20T21:03:06.023+0300][16140][14288][debug][gc,phases] GC(30)     Total                          Min: 0, Avg:  0.0, Max: 0, Diff: 0, Sum: 0, Workers: 8
[2025-05-20T21:03:06.023+0300][16140][14288][debug][gc,phases] GC(30)   Weak JFR Old Object Samples    Min:  0.0, Avg:  0.0, Max:  0.0, Diff:  0.0, Sum:  0.0, Workers: 8
[2025-05-20T21:03:06.023+0300][16140][14288][debug][gc,phases] GC(30)     Dead                           Min: 0, Avg:  0.0, Max: 0, Diff: 0, Sum: 0, Workers: 8
[2025-05-20T21:03:06.023+0300][16140][14288][debug][gc,phases] GC(30)     Total                          Min: 0, Avg:  0.0, Max: 0, Diff: 0, Sum: 0, Workers: 8
[2025-05-20T21:03:06.023+0300][16140][14288][debug][gc,phases] GC(30) Weak Processing 0.601ms
[2025-05-20T21:03:06.023+0300][16140][14288][info ][gc,heap  ] GC(30) PSYoungGen: 1382432K(1390080K)->608K(1389568K) Eden: 1381888K(1381888K)->0K(1381888K) From: 544K(8192K)->608K(7680K)
[2025-05-20T21:03:06.023+0300][16140][14288][info ][gc,heap  ] GC(30) ParOldGen: 16681K(2796544K)->16745K(2796544K)
[2025-05-20T21:03:06.023+0300][16140][14288][info ][gc       ] GC(30) Pause Young (Allocation Failure) 1366M->16M(4088M) 1.072ms
[2025-05-20T21:03:06.023+0300][16140][14288][debug][gc,heap  ] GC(30) Heap after GC invocations=31 (full 2):
[2025-05-20T21:03:06.023+0300][16140][14288][debug][gc,heap  ] GC(30)  PSYoungGen      total 1389568K, used 608K [0x00000007aab00000, 0x0000000800000000, 0x0000000800000000)
[2025-05-20T21:03:06.023+0300][16140][14288][debug][gc,heap  ] GC(30)   eden space 1381888K, 0% used [0x00000007aab00000,0x00000007aab00000,0x00000007ff080000)
[2025-05-20T21:03:06.023+0300][16140][14288][debug][gc,heap  ] GC(30)   from space 7680K, 7% used [0x00000007ff080000,0x00000007ff1180c0,0x00000007ff800000)
[2025-05-20T21:03:06.023+0300][16140][14288][debug][gc,heap  ] GC(30)   to   space 7168K, 0% used [0x00000007ff900000,0x00000007ff900000,0x0000000800000000)
[2025-05-20T21:03:06.023+0300][16140][14288][debug][gc,heap  ] GC(30)  ParOldGen       total 2796544K, used 16745K [0x0000000700000000, 0x00000007aab00000, 0x00000007aab00000)
[2025-05-20T21:03:06.023+0300][16140][14288][debug][gc,heap  ] GC(30)   object space 2796544K, 0% used [0x0000000700000000,0x000000070105a430,0x00000007aab00000)
[2025-05-20T21:03:06.023+0300][16140][14288][debug][gc,heap  ] GC(30)  Metaspace       used 8746K, committed 9792K, reserved 1114112K
[2025-05-20T21:03:06.023+0300][16140][14288][debug][gc,heap  ] GC(30)   class space    used 873K, committed 1280K, reserved 1048576K
[2025-05-20T21:03:06.023+0300][16140][14288][info ][safepoint] Safepoint "ParallelGCFailedAllocation", Time since last: 419010800 ns, Reaching safepoint: 256000 ns, Cleanup: 11400 ns, At safepoint: 1511600 ns, Total: 1779000 ns
[2025-05-20T21:03:06.442+0300][16140][14288][debug][safepoint] Safepoint synchronization initiated using striped semaphore wait barrier. (19 threads)
[2025-05-20T21:03:06.442+0300][16140][7520 ][debug][safepoint] ... found polling page loop exception at pc = 0x000002291aa34de0, stub =0x000002291a434d80
[2025-05-20T21:03:06.442+0300][16140][10388][debug][safepoint] ... found polling page loop exception at pc = 0x000002291aa34de0, stub =0x000002291a434d80
[2025-05-20T21:03:06.442+0300][16140][21784][debug][safepoint] ... found polling page loop exception at pc = 0x000002291aa34de0, stub =0x000002291a434d80
[2025-05-20T21:03:06.444+0300][16140][14288][debug][gc,heap  ] GC(31) Heap before GC invocations=32 (full 2):
[2025-05-20T21:03:06.444+0300][16140][14288][debug][gc,heap  ] GC(31)  PSYoungGen      total 1389568K, used 1382496K [0x00000007aab00000, 0x0000000800000000, 0x0000000800000000)
[2025-05-20T21:03:06.444+0300][16140][14288][debug][gc,heap  ] GC(31)   eden space 1381888K, 100% used [0x00000007aab00000,0x00000007ff080000,0x00000007ff080000)
[2025-05-20T21:03:06.444+0300][16140][14288][debug][gc,heap  ] GC(31)   from space 7680K, 7% used [0x00000007ff080000,0x00000007ff1180c0,0x00000007ff800000)
[2025-05-20T21:03:06.444+0300][16140][14288][debug][gc,heap  ] GC(31)   to   space 7168K, 0% used [0x00000007ff900000,0x00000007ff900000,0x0000000800000000)
[2025-05-20T21:03:06.444+0300][16140][14288][debug][gc,heap  ] GC(31)  ParOldGen       total 2796544K, used 16745K [0x0000000700000000, 0x00000007aab00000, 0x00000007aab00000)
[2025-05-20T21:03:06.444+0300][16140][14288][debug][gc,heap  ] GC(31)   object space 2796544K, 0% used [0x0000000700000000,0x000000070105a430,0x00000007aab00000)
[2025-05-20T21:03:06.444+0300][16140][14288][debug][gc,heap  ] GC(31)  Metaspace       used 8746K, committed 9792K, reserved 1114112K
[2025-05-20T21:03:06.444+0300][16140][14288][debug][gc,heap  ] GC(31)   class space    used 873K, committed 1280K, reserved 1048576K
[2025-05-20T21:03:06.444+0300][16140][14288][debug][gc,phases] GC(31) Scavenge 0.367ms
[2025-05-20T21:03:06.444+0300][16140][14288][debug][gc,phases] GC(31) Reference Processing 0.067ms
[2025-05-20T21:03:06.444+0300][16140][14288][debug][gc,phases] GC(31)   VM Weak                        Min:  0.0, Avg:  0.0, Max:  0.0, Diff:  0.0, Sum:  0.0, Workers: 8
[2025-05-20T21:03:06.444+0300][16140][14288][debug][gc,phases] GC(31)     Dead                           Min: 0, Avg:  0.0, Max: 0, Diff: 0, Sum: 0, Workers: 8
[2025-05-20T21:03:06.444+0300][16140][14288][debug][gc,phases] GC(31)     Total                          Min: 0, Avg: 15.4, Max: 123, Diff: 123, Sum: 123, Workers: 8
[2025-05-20T21:03:06.444+0300][16140][14288][debug][gc,phases] GC(31)   ObjectSynchronizer Weak        Min:  0.0, Avg:  0.0, Max:  0.0, Diff:  0.0, Sum:  0.0, Workers: 8
[2025-05-20T21:03:06.444+0300][16140][14288][debug][gc,phases] GC(31)     Dead                           Min: 0, Avg:  0.0, Max: 0, Diff: 0, Sum: 0, Workers: 8
[2025-05-20T21:03:06.444+0300][16140][14288][debug][gc,phases] GC(31)     Total                          Min: 0, Avg: 18.6, Max: 85, Diff: 85, Sum: 149, Workers: 8
[2025-05-20T21:03:06.444+0300][16140][14288][debug][gc,phases] GC(31)   JVMTI Tag Weak OopStorage      Min:  0.0, Avg:  0.0, Max:  0.0, Diff:  0.0, Sum:  0.0, Workers: 8
[2025-05-20T21:03:06.444+0300][16140][14288][debug][gc,phases] GC(31)     Dead                           Min: 0, Avg:  0.0, Max: 0, Diff: 0, Sum: 0, Workers: 8
[2025-05-20T21:03:06.444+0300][16140][14288][debug][gc,phases] GC(31)     Total                          Min: 0, Avg:  0.0, Max: 0, Diff: 0, Sum: 0, Workers: 8
[2025-05-20T21:03:06.444+0300][16140][14288][debug][gc,phases] GC(31)   StringTable Weak               Min:  0.0, Avg:  0.0, Max:  0.0, Diff:  0.0, Sum:  0.1, Workers: 8
[2025-05-20T21:03:06.444+0300][16140][14288][debug][gc,phases] GC(31)     Dead                           Min: 0, Avg:  0.0, Max: 0, Diff: 0, Sum: 0, Workers: 8
[2025-05-20T21:03:06.444+0300][16140][14288][debug][gc,phases] GC(31)     Total                          Min: 0, Avg: 788.5, Max: 1472, Diff: 1472, Sum: 6308, Workers: 8
[2025-05-20T21:03:06.444+0300][16140][14288][debug][gc,phases] GC(31)   ResolvedMethodTable Weak       Min:  0.0, Avg:  0.0, Max:  0.0, Diff:  0.0, Sum:  0.0, Workers: 8
[2025-05-20T21:03:06.444+0300][16140][14288][debug][gc,phases] GC(31)     Dead                           Min: 0, Avg:  0.0, Max: 0, Diff: 0, Sum: 0, Workers: 8
[2025-05-20T21:03:06.444+0300][16140][14288][debug][gc,phases] GC(31)     Total                          Min: 0, Avg: 112.9, Max: 192, Diff: 192, Sum: 903, Workers: 8
[2025-05-20T21:03:06.444+0300][16140][14288][debug][gc,phases] GC(31)   JNI Weak                       Min:  0.0, Avg:  0.0, Max:  0.0, Diff:  0.0, Sum:  0.0, Workers: 8
[2025-05-20T21:03:06.444+0300][16140][14288][debug][gc,phases] GC(31)     Dead                           Min: 0, Avg:  0.0, Max: 0, Diff: 0, Sum: 0, Workers: 8
[2025-05-20T21:03:06.444+0300][16140][14288][debug][gc,phases] GC(31)     Total                          Min: 0, Avg:  0.0, Max: 0, Diff: 0, Sum: 0, Workers: 8
[2025-05-20T21:03:06.444+0300][16140][14288][debug][gc,phases] GC(31)   StringDedup Table Weak         Min:  0.0, Avg:  0.0, Max:  0.0, Diff:  0.0, Sum:  0.0, Workers: 8
[2025-05-20T21:03:06.444+0300][16140][14288][debug][gc,phases] GC(31)     Dead                           Min: 0, Avg:  0.0, Max: 0, Diff: 0, Sum: 0, Workers: 8
[2025-05-20T21:03:06.444+0300][16140][14288][debug][gc,phases] GC(31)     Total                          Min: 0, Avg:  0.0, Max: 0, Diff: 0, Sum: 0, Workers: 8
[2025-05-20T21:03:06.444+0300][16140][14288][debug][gc,phases] GC(31)   StringDedup Requests0 Weak     Min:  0.0, Avg:  0.0, Max:  0.0, Diff:  0.0, Sum:  0.0, Workers: 8
[2025-05-20T21:03:06.444+0300][16140][14288][debug][gc,phases] GC(31)     Dead                           Min: 0, Avg:  0.0, Max: 0, Diff: 0, Sum: 0, Workers: 8
[2025-05-20T21:03:06.444+0300][16140][14288][debug][gc,phases] GC(31)     Total                          Min: 0, Avg:  0.0, Max: 0, Diff: 0, Sum: 0, Workers: 8
[2025-05-20T21:03:06.444+0300][16140][14288][debug][gc,phases] GC(31)   StringDedup Requests1 Weak     Min:  0.0, Avg:  0.0, Max:  0.0, Diff:  0.0, Sum:  0.0, Workers: 8
[2025-05-20T21:03:06.444+0300][16140][14288][debug][gc,phases] GC(31)     Dead                           Min: 0, Avg:  0.0, Max: 0, Diff: 0, Sum: 0, Workers: 8
[2025-05-20T21:03:06.444+0300][16140][14288][debug][gc,phases] GC(31)     Total                          Min: 0, Avg:  0.0, Max: 0, Diff: 0, Sum: 0, Workers: 8
[2025-05-20T21:03:06.444+0300][16140][14288][debug][gc,phases] GC(31)   Weak JFR Old Object Samples    Min:  0.0, Avg:  0.0, Max:  0.0, Diff:  0.0, Sum:  0.0, Workers: 8
[2025-05-20T21:03:06.444+0300][16140][14288][debug][gc,phases] GC(31)     Dead                           Min: 0, Avg:  0.0, Max: 0, Diff: 0, Sum: 0, Workers: 8
[2025-05-20T21:03:06.444+0300][16140][14288][debug][gc,phases] GC(31)     Total                          Min: 0, Avg:  0.0, Max: 0, Diff: 0, Sum: 0, Workers: 8
[2025-05-20T21:03:06.444+0300][16140][14288][debug][gc,phases] GC(31) Weak Processing 0.572ms
[2025-05-20T21:03:06.444+0300][16140][14288][info ][gc,heap  ] GC(31) PSYoungGen: 1382496K(1389568K)->560K(1391104K) Eden: 1381888K(1381888K)->0K(1383936K) From: 608K(7680K)->560K(7168K)
[2025-05-20T21:03:06.444+0300][16140][14288][info ][gc,heap  ] GC(31) ParOldGen: 16745K(2796544K)->16785K(2796544K)
[2025-05-20T21:03:06.444+0300][16140][14288][info ][gc       ] GC(31) Pause Young (Allocation Failure) 1366M->16M(4089M) 1.154ms
[2025-05-20T21:03:06.444+0300][16140][14288][debug][gc,heap  ] GC(31) Heap after GC invocations=32 (full 2):
[2025-05-20T21:03:06.444+0300][16140][14288][debug][gc,heap  ] GC(31)  PSYoungGen      total 1391104K, used 560K [0x00000007aab00000, 0x0000000800000000, 0x0000000800000000)
[2025-05-20T21:03:06.444+0300][16140][14288][debug][gc,heap  ] GC(31)   eden space 1383936K, 0% used [0x00000007aab00000,0x00000007aab00000,0x00000007ff280000)
[2025-05-20T21:03:06.444+0300][16140][14288][debug][gc,heap  ] GC(31)   from space 7168K, 7% used [0x00000007ff900000,0x00000007ff98c0f0,0x0000000800000000)
[2025-05-20T21:03:06.444+0300][16140][14288][debug][gc,heap  ] GC(31)   to   space 6656K, 0% used [0x00000007ff280000,0x00000007ff280000,0x00000007ff900000)
[2025-05-20T21:03:06.444+0300][16140][14288][debug][gc,heap  ] GC(31)  ParOldGen       total 2796544K, used 16785K [0x0000000700000000, 0x00000007aab00000, 0x00000007aab00000)
[2025-05-20T21:03:06.444+0300][16140][14288][debug][gc,heap  ] GC(31)   object space 2796544K, 0% used [0x0000000700000000,0x0000000701064430,0x00000007aab00000)
[2025-05-20T21:03:06.444+0300][16140][14288][debug][gc,heap  ] GC(31)  Metaspace       used 8746K, committed 9792K, reserved 1114112K
[2025-05-20T21:03:06.444+0300][16140][14288][debug][gc,heap  ] GC(31)   class space    used 873K, committed 1280K, reserved 1048576K
[2025-05-20T21:03:06.444+0300][16140][14288][info ][safepoint] Safepoint "ParallelGCFailedAllocation", Time since last: 419104600 ns, Reaching safepoint: 276000 ns, Cleanup: 7700 ns, At safepoint: 1595300 ns, Total: 1879000 ns
[2025-05-20T21:03:06.907+0300][16140][14288][debug][safepoint] Safepoint synchronization initiated using striped semaphore wait barrier. (19 threads)
[2025-05-20T21:03:06.907+0300][16140][18172][debug][safepoint] ... found polling page loop exception at pc = 0x000002291aa34de0, stub =0x000002291a434d80
[2025-05-20T21:03:06.907+0300][16140][21784][debug][safepoint] ... found polling page loop exception at pc = 0x000002291aa34de0, stub =0x000002291a434d80
[2025-05-20T21:03:06.907+0300][16140][14288][debug][gc,heap  ] GC(32) Heap before GC invocations=33 (full 2):
[2025-05-20T21:03:06.907+0300][16140][14288][debug][gc,heap  ] GC(32)  PSYoungGen      total 1391104K, used 1384496K [0x00000007aab00000, 0x0000000800000000, 0x0000000800000000)
[2025-05-20T21:03:06.907+0300][16140][14288][debug][gc,heap  ] GC(32)   eden space 1383936K, 100% used [0x00000007aab00000,0x00000007ff280000,0x00000007ff280000)
[2025-05-20T21:03:06.907+0300][16140][14288][debug][gc,heap  ] GC(32)   from space 7168K, 7% used [0x00000007ff900000,0x00000007ff98c0f0,0x0000000800000000)
[2025-05-20T21:03:06.907+0300][16140][14288][debug][gc,heap  ] GC(32)   to   space 6656K, 0% used [0x00000007ff280000,0x00000007ff280000,0x00000007ff900000)
[2025-05-20T21:03:06.907+0300][16140][14288][debug][gc,heap  ] GC(32)  ParOldGen       total 2796544K, used 16785K [0x0000000700000000, 0x00000007aab00000, 0x00000007aab00000)
[2025-05-20T21:03:06.907+0300][16140][14288][debug][gc,heap  ] GC(32)   object space 2796544K, 0% used [0x0000000700000000,0x0000000701064430,0x00000007aab00000)
[2025-05-20T21:03:06.907+0300][16140][14288][debug][gc,heap  ] GC(32)  Metaspace       used 8746K, committed 9792K, reserved 1114112K
[2025-05-20T21:03:06.907+0300][16140][14288][debug][gc,heap  ] GC(32)   class space    used 873K, committed 1280K, reserved 1048576K
[2025-05-20T21:03:06.907+0300][16140][14288][debug][gc,phases] GC(32) Scavenge 0.260ms
[2025-05-20T21:03:06.907+0300][16140][14288][debug][gc,phases] GC(32) Reference Processing 0.058ms
[2025-05-20T21:03:06.907+0300][16140][14288][debug][gc,phases] GC(32)   VM Weak                        Min:  0.0, Avg:  0.0, Max:  0.0, Diff:  0.0, Sum:  0.0, Workers: 8
[2025-05-20T21:03:06.907+0300][16140][14288][debug][gc,phases] GC(32)     Dead                           Min: 0, Avg:  0.0, Max: 0, Diff: 0, Sum: 0, Workers: 8
[2025-05-20T21:03:06.907+0300][16140][14288][debug][gc,phases] GC(32)     Total                          Min: 0, Avg: 15.4, Max: 111, Diff: 111, Sum: 123, Workers: 8
[2025-05-20T21:03:06.907+0300][16140][14288][debug][gc,phases] GC(32)   ObjectSynchronizer Weak        Min:  0.0, Avg:  0.0, Max:  0.0, Diff:  0.0, Sum:  0.0, Workers: 8
[2025-05-20T21:03:06.907+0300][16140][14288][debug][gc,phases] GC(32)     Dead                           Min: 0, Avg:  0.0, Max: 0, Diff: 0, Sum: 0, Workers: 8
[2025-05-20T21:03:06.907+0300][16140][14288][debug][gc,phases] GC(32)     Total                          Min: 0, Avg: 18.6, Max: 85, Diff: 85, Sum: 149, Workers: 8
[2025-05-20T21:03:06.907+0300][16140][14288][debug][gc,phases] GC(32)   JVMTI Tag Weak OopStorage      Min:  0.0, Avg:  0.0, Max:  0.0, Diff:  0.0, Sum:  0.0, Workers: 8
[2025-05-20T21:03:06.907+0300][16140][14288][debug][gc,phases] GC(32)     Dead                           Min: 0, Avg:  0.0, Max: 0, Diff: 0, Sum: 0, Workers: 8
[2025-05-20T21:03:06.907+0300][16140][14288][debug][gc,phases] GC(32)     Total                          Min: 0, Avg:  0.0, Max: 0, Diff: 0, Sum: 0, Workers: 8
[2025-05-20T21:03:06.907+0300][16140][14288][debug][gc,phases] GC(32)   StringTable Weak               Min:  0.0, Avg:  0.0, Max:  0.0, Diff:  0.0, Sum:  0.1, Workers: 8
[2025-05-20T21:03:06.907+0300][16140][14288][debug][gc,phases] GC(32)     Dead                           Min: 0, Avg:  0.0, Max: 0, Diff: 0, Sum: 0, Workers: 8
[2025-05-20T21:03:06.907+0300][16140][14288][debug][gc,phases] GC(32)     Total                          Min: 576, Avg: 788.5, Max: 1024, Diff: 448, Sum: 6308, Workers: 8
[2025-05-20T21:03:06.907+0300][16140][14288][debug][gc,phases] GC(32)   ResolvedMethodTable Weak       Min:  0.0, Avg:  0.0, Max:  0.0, Diff:  0.0, Sum:  0.0, Workers: 8
[2025-05-20T21:03:06.907+0300][16140][14288][debug][gc,phases] GC(32)     Dead                           Min: 0, Avg:  0.0, Max: 0, Diff: 0, Sum: 0, Workers: 8
[2025-05-20T21:03:06.907+0300][16140][14288][debug][gc,phases] GC(32)     Total                          Min: 64, Avg: 112.9, Max: 135, Diff: 71, Sum: 903, Workers: 8
[2025-05-20T21:03:06.907+0300][16140][14288][debug][gc,phases] GC(32)   JNI Weak                       Min:  0.0, Avg:  0.0, Max:  0.0, Diff:  0.0, Sum:  0.0, Workers: 8
[2025-05-20T21:03:06.907+0300][16140][14288][debug][gc,phases] GC(32)     Dead                           Min: 0, Avg:  0.0, Max: 0, Diff: 0, Sum: 0, Workers: 8
[2025-05-20T21:03:06.907+0300][16140][14288][debug][gc,phases] GC(32)     Total                          Min: 0, Avg:  0.0, Max: 0, Diff: 0, Sum: 0, Workers: 8
[2025-05-20T21:03:06.907+0300][16140][14288][debug][gc,phases] GC(32)   StringDedup Table Weak         Min:  0.0, Avg:  0.0, Max:  0.0, Diff:  0.0, Sum:  0.0, Workers: 8
[2025-05-20T21:03:06.907+0300][16140][14288][debug][gc,phases] GC(32)     Dead                           Min: 0, Avg:  0.0, Max: 0, Diff: 0, Sum: 0, Workers: 8
[2025-05-20T21:03:06.907+0300][16140][14288][debug][gc,phases] GC(32)     Total                          Min: 0, Avg:  0.0, Max: 0, Diff: 0, Sum: 0, Workers: 8
[2025-05-20T21:03:06.907+0300][16140][14288][debug][gc,phases] GC(32)   StringDedup Requests0 Weak     Min:  0.0, Avg:  0.0, Max:  0.0, Diff:  0.0, Sum:  0.0, Workers: 8
[2025-05-20T21:03:06.907+0300][16140][14288][debug][gc,phases] GC(32)     Dead                           Min: 0, Avg:  0.0, Max: 0, Diff: 0, Sum: 0, Workers: 8
[2025-05-20T21:03:06.907+0300][16140][14288][debug][gc,phases] GC(32)     Total                          Min: 0, Avg:  0.0, Max: 0, Diff: 0, Sum: 0, Workers: 8
[2025-05-20T21:03:06.907+0300][16140][14288][debug][gc,phases] GC(32)   StringDedup Requests1 Weak     Min:  0.0, Avg:  0.0, Max:  0.0, Diff:  0.0, Sum:  0.0, Workers: 8
[2025-05-20T21:03:06.907+0300][16140][14288][debug][gc,phases] GC(32)     Dead                           Min: 0, Avg:  0.0, Max: 0, Diff: 0, Sum: 0, Workers: 8
[2025-05-20T21:03:06.907+0300][16140][14288][debug][gc,phases] GC(32)     Total                          Min: 0, Avg:  0.0, Max: 0, Diff: 0, Sum: 0, Workers: 8
[2025-05-20T21:03:06.907+0300][16140][14288][debug][gc,phases] GC(32)   Weak JFR Old Object Samples    Min:  0.0, Avg:  0.0, Max:  0.0, Diff:  0.0, Sum:  0.0, Workers: 8
[2025-05-20T21:03:06.907+0300][16140][14288][debug][gc,phases] GC(32)     Dead                           Min: 0, Avg:  0.0, Max: 0, Diff: 0, Sum: 0, Workers: 8
[2025-05-20T21:03:06.907+0300][16140][14288][debug][gc,phases] GC(32)     Total                          Min: 0, Avg:  0.0, Max: 0, Diff: 0, Sum: 0, Workers: 8
[2025-05-20T21:03:06.907+0300][16140][14288][debug][gc,phases] GC(32) Weak Processing 0.621ms
[2025-05-20T21:03:06.907+0300][16140][14288][info ][gc,heap  ] GC(32) PSYoungGen: 1384496K(1391104K)->624K(1390592K) Eden: 1383936K(1383936K)->0K(1383936K) From: 560K(7168K)->624K(6656K)
[2025-05-20T21:03:06.907+0300][16140][14288][info ][gc,heap  ] GC(32) ParOldGen: 16785K(2796544K)->16849K(2796544K)
[2025-05-20T21:03:06.907+0300][16140][14288][info ][gc       ] GC(32) Pause Young (Allocation Failure) 1368M->17M(4089M) 1.079ms
[2025-05-20T21:03:06.907+0300][16140][14288][debug][gc,heap  ] GC(32) Heap after GC invocations=33 (full 2):
[2025-05-20T21:03:06.907+0300][16140][14288][debug][gc,heap  ] GC(32)  PSYoungGen      total 1390592K, used 624K [0x00000007aab00000, 0x0000000800000000, 0x0000000800000000)
[2025-05-20T21:03:06.907+0300][16140][14288][debug][gc,heap  ] GC(32)   eden space 1383936K, 0% used [0x00000007aab00000,0x00000007aab00000,0x00000007ff280000)
[2025-05-20T21:03:06.907+0300][16140][14288][debug][gc,heap  ] GC(32)   from space 6656K, 9% used [0x00000007ff280000,0x00000007ff31c090,0x00000007ff900000)
[2025-05-20T21:03:06.907+0300][16140][14288][debug][gc,heap  ] GC(32)   to   space 6144K, 0% used [0x00000007ffa00000,0x00000007ffa00000,0x0000000800000000)
[2025-05-20T21:03:06.907+0300][16140][14288][debug][gc,heap  ] GC(32)  ParOldGen       total 2796544K, used 16849K [0x0000000700000000, 0x00000007aab00000, 0x00000007aab00000)
[2025-05-20T21:03:06.907+0300][16140][14288][debug][gc,heap  ] GC(32)   object space 2796544K, 0% used [0x0000000700000000,0x0000000701074430,0x00000007aab00000)
[2025-05-20T21:03:06.907+0300][16140][14288][debug][gc,heap  ] GC(32)  Metaspace       used 8746K, committed 9792K, reserved 1114112K
[2025-05-20T21:03:06.907+0300][16140][14288][debug][gc,heap  ] GC(32)   class space    used 873K, committed 1280K, reserved 1048576K
[2025-05-20T21:03:06.907+0300][16140][14288][info ][safepoint] Safepoint "ParallelGCFailedAllocation", Time since last: 462670200 ns, Reaching safepoint: 254900 ns, Cleanup: 9200 ns, At safepoint: 1481600 ns, Total: 1745700 ns
[2025-05-20T21:03:07.381+0300][16140][14288][debug][safepoint] Safepoint synchronization initiated using striped semaphore wait barrier. (19 threads)
[2025-05-20T21:03:07.381+0300][16140][6556 ][debug][safepoint] ... found polling page loop exception at pc = 0x000002291aa8ad9e, stub =0x000002291a435600
[2025-05-20T21:03:07.381+0300][16140][18172][debug][safepoint] ... found polling page loop exception at pc = 0x000002291aa34de0, stub =0x000002291a434d80
[2025-05-20T21:03:07.381+0300][16140][10388][debug][safepoint] ... found polling page loop exception at pc = 0x000002291aa34de0, stub =0x000002291a434d80
[2025-05-20T21:03:07.381+0300][16140][7520 ][debug][safepoint] ... found polling page loop exception at pc = 0x000002291aa34de0, stub =0x000002291a434d80
[2025-05-20T21:03:07.381+0300][16140][12276][debug][safepoint] ... found polling page loop exception at pc = 0x000002291aa34de0, stub =0x000002291a434d80
[2025-05-20T21:03:07.381+0300][16140][14288][debug][gc,heap  ] GC(33) Heap before GC invocations=34 (full 2):
[2025-05-20T21:03:07.381+0300][16140][14288][debug][gc,heap  ] GC(33)  PSYoungGen      total 1390592K, used 1384560K [0x00000007aab00000, 0x0000000800000000, 0x0000000800000000)
[2025-05-20T21:03:07.381+0300][16140][14288][debug][gc,heap  ] GC(33)   eden space 1383936K, 100% used [0x00000007aab00000,0x00000007ff280000,0x00000007ff280000)
[2025-05-20T21:03:07.381+0300][16140][14288][debug][gc,heap  ] GC(33)   from space 6656K, 9% used [0x00000007ff280000,0x00000007ff31c090,0x00000007ff900000)
[2025-05-20T21:03:07.381+0300][16140][14288][debug][gc,heap  ] GC(33)   to   space 6144K, 0% used [0x00000007ffa00000,0x00000007ffa00000,0x0000000800000000)
[2025-05-20T21:03:07.381+0300][16140][14288][debug][gc,heap  ] GC(33)  ParOldGen       total 2796544K, used 16849K [0x0000000700000000, 0x00000007aab00000, 0x00000007aab00000)
[2025-05-20T21:03:07.381+0300][16140][14288][debug][gc,heap  ] GC(33)   object space 2796544K, 0% used [0x0000000700000000,0x0000000701074430,0x00000007aab00000)
[2025-05-20T21:03:07.381+0300][16140][14288][debug][gc,heap  ] GC(33)  Metaspace       used 8746K, committed 9792K, reserved 1114112K
[2025-05-20T21:03:07.381+0300][16140][14288][debug][gc,heap  ] GC(33)   class space    used 873K, committed 1280K, reserved 1048576K
[2025-05-20T21:03:07.381+0300][16140][14288][debug][gc,phases] GC(33) Scavenge 0.431ms
[2025-05-20T21:03:07.381+0300][16140][14288][debug][gc,phases] GC(33) Reference Processing 0.063ms
[2025-05-20T21:03:07.381+0300][16140][14288][debug][gc,phases] GC(33)   VM Weak                        Min:  0.0, Avg:  0.0, Max:  0.0, Diff:  0.0, Sum:  0.0, Workers: 8
[2025-05-20T21:03:07.381+0300][16140][14288][debug][gc,phases] GC(33)     Dead                           Min: 0, Avg:  0.0, Max: 0, Diff: 0, Sum: 0, Workers: 8
[2025-05-20T21:03:07.381+0300][16140][14288][debug][gc,phases] GC(33)     Total                          Min: 0, Avg: 15.4, Max: 113, Diff: 113, Sum: 123, Workers: 8
[2025-05-20T21:03:07.381+0300][16140][14288][debug][gc,phases] GC(33)   ObjectSynchronizer Weak        Min:  0.0, Avg:  0.0, Max:  0.0, Diff:  0.0, Sum:  0.0, Workers: 8
[2025-05-20T21:03:07.381+0300][16140][14288][debug][gc,phases] GC(33)     Dead                           Min: 0, Avg:  0.0, Max: 0, Diff: 0, Sum: 0, Workers: 8
[2025-05-20T21:03:07.381+0300][16140][14288][debug][gc,phases] GC(33)     Total                          Min: 0, Avg: 18.6, Max: 64, Diff: 64, Sum: 149, Workers: 8
[2025-05-20T21:03:07.381+0300][16140][14288][debug][gc,phases] GC(33)   JVMTI Tag Weak OopStorage      Min:  0.0, Avg:  0.0, Max:  0.0, Diff:  0.0, Sum:  0.0, Workers: 8
[2025-05-20T21:03:07.381+0300][16140][14288][debug][gc,phases] GC(33)     Dead                           Min: 0, Avg:  0.0, Max: 0, Diff: 0, Sum: 0, Workers: 8
[2025-05-20T21:03:07.381+0300][16140][14288][debug][gc,phases] GC(33)     Total                          Min: 0, Avg:  0.0, Max: 0, Diff: 0, Sum: 0, Workers: 8
[2025-05-20T21:03:07.381+0300][16140][14288][debug][gc,phases] GC(33)   StringTable Weak               Min:  0.0, Avg:  0.0, Max:  0.0, Diff:  0.0, Sum:  0.1, Workers: 8
[2025-05-20T21:03:07.381+0300][16140][14288][debug][gc,phases] GC(33)     Dead                           Min: 0, Avg:  0.0, Max: 0, Diff: 0, Sum: 0, Workers: 8
[2025-05-20T21:03:07.381+0300][16140][14288][debug][gc,phases] GC(33)     Total                          Min: 0, Avg: 788.5, Max: 1024, Diff: 1024, Sum: 6308, Workers: 8
[2025-05-20T21:03:07.381+0300][16140][14288][debug][gc,phases] GC(33)   ResolvedMethodTable Weak       Min:  0.0, Avg:  0.0, Max:  0.0, Diff:  0.0, Sum:  0.0, Workers: 8
[2025-05-20T21:03:07.381+0300][16140][14288][debug][gc,phases] GC(33)     Dead                           Min: 0, Avg:  0.0, Max: 0, Diff: 0, Sum: 0, Workers: 8
[2025-05-20T21:03:07.381+0300][16140][14288][debug][gc,phases] GC(33)     Total                          Min: 64, Avg: 112.9, Max: 128, Diff: 64, Sum: 903, Workers: 8
[2025-05-20T21:03:07.381+0300][16140][14288][debug][gc,phases] GC(33)   JNI Weak                       Min:  0.0, Avg:  0.0, Max:  0.0, Diff:  0.0, Sum:  0.0, Workers: 8
[2025-05-20T21:03:07.381+0300][16140][14288][debug][gc,phases] GC(33)     Dead                           Min: 0, Avg:  0.0, Max: 0, Diff: 0, Sum: 0, Workers: 8
[2025-05-20T21:03:07.381+0300][16140][14288][debug][gc,phases] GC(33)     Total                          Min: 0, Avg:  0.0, Max: 0, Diff: 0, Sum: 0, Workers: 8
[2025-05-20T21:03:07.381+0300][16140][14288][debug][gc,phases] GC(33)   StringDedup Table Weak         Min:  0.0, Avg:  0.0, Max:  0.0, Diff:  0.0, Sum:  0.0, Workers: 8
[2025-05-20T21:03:07.381+0300][16140][14288][debug][gc,phases] GC(33)     Dead                           Min: 0, Avg:  0.0, Max: 0, Diff: 0, Sum: 0, Workers: 8
[2025-05-20T21:03:07.381+0300][16140][14288][debug][gc,phases] GC(33)     Total                          Min: 0, Avg:  0.0, Max: 0, Diff: 0, Sum: 0, Workers: 8
[2025-05-20T21:03:07.381+0300][16140][14288][debug][gc,phases] GC(33)   StringDedup Requests0 Weak     Min:  0.0, Avg:  0.0, Max:  0.0, Diff:  0.0, Sum:  0.0, Workers: 8
[2025-05-20T21:03:07.381+0300][16140][14288][debug][gc,phases] GC(33)     Dead                           Min: 0, Avg:  0.0, Max: 0, Diff: 0, Sum: 0, Workers: 8
[2025-05-20T21:03:07.381+0300][16140][14288][debug][gc,phases] GC(33)     Total                          Min: 0, Avg:  0.0, Max: 0, Diff: 0, Sum: 0, Workers: 8
[2025-05-20T21:03:07.381+0300][16140][14288][debug][gc,phases] GC(33)   StringDedup Requests1 Weak     Min:  0.0, Avg:  0.0, Max:  0.0, Diff:  0.0, Sum:  0.0, Workers: 8
[2025-05-20T21:03:07.381+0300][16140][14288][debug][gc,phases] GC(33)     Dead                           Min: 0, Avg:  0.0, Max: 0, Diff: 0, Sum: 0, Workers: 8
[2025-05-20T21:03:07.381+0300][16140][14288][debug][gc,phases] GC(33)     Total                          Min: 0, Avg:  0.0, Max: 0, Diff: 0, Sum: 0, Workers: 8
[2025-05-20T21:03:07.381+0300][16140][14288][debug][gc,phases] GC(33)   Weak JFR Old Object Samples    Min:  0.0, Avg:  0.0, Max:  0.0, Diff:  0.0, Sum:  0.0, Workers: 8
[2025-05-20T21:03:07.381+0300][16140][14288][debug][gc,phases] GC(33)     Dead                           Min: 0, Avg:  0.0, Max: 0, Diff: 0, Sum: 0, Workers: 8
[2025-05-20T21:03:07.381+0300][16140][14288][debug][gc,phases] GC(33)     Total                          Min: 0, Avg:  0.0, Max: 0, Diff: 0, Sum: 0, Workers: 8
[2025-05-20T21:03:07.381+0300][16140][14288][debug][gc,phases] GC(33) Weak Processing 0.660ms
[2025-05-20T21:03:07.381+0300][16140][14288][info ][gc,heap  ] GC(33) PSYoungGen: 1384560K(1390592K)->560K(1391616K) Eden: 1383936K(1383936K)->0K(1385472K) From: 624K(6656K)->560K(6144K)
[2025-05-20T21:03:07.381+0300][16140][14288][info ][gc,heap  ] GC(33) ParOldGen: 16849K(2796544K)->16897K(2796544K)
[2025-05-20T21:03:07.381+0300][16140][14288][info ][gc       ] GC(33) Pause Young (Allocation Failure) 1368M->17M(4090M) 1.305ms
[2025-05-20T21:03:07.381+0300][16140][14288][debug][gc,heap  ] GC(33) Heap after GC invocations=34 (full 2):
[2025-05-20T21:03:07.381+0300][16140][14288][debug][gc,heap  ] GC(33)  PSYoungGen      total 1391616K, used 560K [0x00000007aab00000, 0x0000000800000000, 0x0000000800000000)
[2025-05-20T21:03:07.381+0300][16140][14288][debug][gc,heap  ] GC(33)   eden space 1385472K, 0% used [0x00000007aab00000,0x00000007aab00000,0x00000007ff400000)
[2025-05-20T21:03:07.381+0300][16140][14288][debug][gc,heap  ] GC(33)   from space 6144K, 9% used [0x00000007ffa00000,0x00000007ffa8c0f0,0x0000000800000000)
[2025-05-20T21:03:07.381+0300][16140][14288][debug][gc,heap  ] GC(33)   to   space 6144K, 0% used [0x00000007ff400000,0x00000007ff400000,0x00000007ffa00000)
[2025-05-20T21:03:07.381+0300][16140][14288][debug][gc,heap  ] GC(33)  ParOldGen       total 2796544K, used 16897K [0x0000000700000000, 0x00000007aab00000, 0x00000007aab00000)
[2025-05-20T21:03:07.381+0300][16140][14288][debug][gc,heap  ] GC(33)   object space 2796544K, 0% used [0x0000000700000000,0x0000000701080430,0x00000007aab00000)
[2025-05-20T21:03:07.381+0300][16140][14288][debug][gc,heap  ] GC(33)  Metaspace       used 8746K, committed 9792K, reserved 1114112K
[2025-05-20T21:03:07.381+0300][16140][14288][debug][gc,heap  ] GC(33)   class space    used 873K, committed 1280K, reserved 1048576K
[2025-05-20T21:03:07.381+0300][16140][14288][info ][safepoint] Safepoint "ParallelGCFailedAllocation", Time since last: 471041100 ns, Reaching safepoint: 457600 ns, Cleanup: 13900 ns, At safepoint: 1742400 ns, Total: 2213900 ns
[2025-05-20T21:03:07.826+0300][16140][14288][debug][safepoint] Safepoint synchronization initiated using striped semaphore wait barrier. (19 threads)
[2025-05-20T21:03:07.826+0300][16140][18172][debug][safepoint] ... found polling page loop exception at pc = 0x000002291aa34de0, stub =0x000002291a434d80
[2025-05-20T21:03:07.826+0300][16140][20976][debug][safepoint] ... found polling page loop exception at pc = 0x000002291ac02752, stub =0x000002291a434d80
[2025-05-20T21:03:07.826+0300][16140][7520 ][debug][safepoint] ... found polling page loop exception at pc = 0x000002291aa34de0, stub =0x000002291a434d80
[2025-05-20T21:03:07.826+0300][16140][21412][debug][safepoint] ... found polling page loop exception at pc = 0x000002291aa34de0, stub =0x000002291a434d80
[2025-05-20T21:03:07.826+0300][16140][10388][debug][safepoint] ... found polling page loop exception at pc = 0x000002291aa34de0, stub =0x000002291a434d80
[2025-05-20T21:03:07.826+0300][16140][21784][debug][safepoint] ... found polling page loop exception at pc = 0x000002291aa34de0, stub =0x000002291a434d80
[2025-05-20T21:03:07.826+0300][16140][12276][debug][safepoint] ... found polling page loop exception at pc = 0x000002291ac02f64, stub =0x000002291a434d80
[2025-05-20T21:03:07.828+0300][16140][14288][debug][gc,heap  ] GC(34) Heap before GC invocations=35 (full 2):
[2025-05-20T21:03:07.828+0300][16140][14288][debug][gc,heap  ] GC(34)  PSYoungGen      total 1391616K, used 1386032K [0x00000007aab00000, 0x0000000800000000, 0x0000000800000000)
[2025-05-20T21:03:07.828+0300][16140][14288][debug][gc,heap  ] GC(34)   eden space 1385472K, 100% used [0x00000007aab00000,0x00000007ff400000,0x00000007ff400000)
[2025-05-20T21:03:07.828+0300][16140][14288][debug][gc,heap  ] GC(34)   from space 6144K, 9% used [0x00000007ffa00000,0x00000007ffa8c0f0,0x0000000800000000)
[2025-05-20T21:03:07.828+0300][16140][14288][debug][gc,heap  ] GC(34)   to   space 6144K, 0% used [0x00000007ff400000,0x00000007ff400000,0x00000007ffa00000)
[2025-05-20T21:03:07.828+0300][16140][14288][debug][gc,heap  ] GC(34)  ParOldGen       total 2796544K, used 16897K [0x0000000700000000, 0x00000007aab00000, 0x00000007aab00000)
[2025-05-20T21:03:07.828+0300][16140][14288][debug][gc,heap  ] GC(34)   object space 2796544K, 0% used [0x0000000700000000,0x0000000701080430,0x00000007aab00000)
[2025-05-20T21:03:07.828+0300][16140][14288][debug][gc,heap  ] GC(34)  Metaspace       used 8746K, committed 9792K, reserved 1114112K
[2025-05-20T21:03:07.828+0300][16140][14288][debug][gc,heap  ] GC(34)   class space    used 873K, committed 1280K, reserved 1048576K
[2025-05-20T21:03:07.828+0300][16140][14288][debug][gc,phases] GC(34) Scavenge 0.367ms
[2025-05-20T21:03:07.828+0300][16140][14288][debug][gc,phases] GC(34) Reference Processing 0.058ms
[2025-05-20T21:03:07.828+0300][16140][14288][debug][gc,phases] GC(34)   VM Weak                        Min:  0.0, Avg:  0.0, Max:  0.0, Diff:  0.0, Sum:  0.0, Workers: 8
[2025-05-20T21:03:07.828+0300][16140][14288][debug][gc,phases] GC(34)     Dead                           Min: 0, Avg:  0.0, Max: 0, Diff: 0, Sum: 0, Workers: 8
[2025-05-20T21:03:07.828+0300][16140][14288][debug][gc,phases] GC(34)     Total                          Min: 0, Avg: 15.4, Max: 113, Diff: 113, Sum: 123, Workers: 8
[2025-05-20T21:03:07.828+0300][16140][14288][debug][gc,phases] GC(34)   ObjectSynchronizer Weak        Min:  0.0, Avg:  0.0, Max:  0.0, Diff:  0.0, Sum:  0.0, Workers: 8
[2025-05-20T21:03:07.828+0300][16140][14288][debug][gc,phases] GC(34)     Dead                           Min: 0, Avg:  0.0, Max: 0, Diff: 0, Sum: 0, Workers: 8
[2025-05-20T21:03:07.828+0300][16140][14288][debug][gc,phases] GC(34)     Total                          Min: 0, Avg: 18.6, Max: 64, Diff: 64, Sum: 149, Workers: 8
[2025-05-20T21:03:07.828+0300][16140][14288][debug][gc,phases] GC(34)   JVMTI Tag Weak OopStorage      Min:  0.0, Avg:  0.0, Max:  0.0, Diff:  0.0, Sum:  0.0, Workers: 8
[2025-05-20T21:03:07.828+0300][16140][14288][debug][gc,phases] GC(34)     Dead                           Min: 0, Avg:  0.0, Max: 0, Diff: 0, Sum: 0, Workers: 8
[2025-05-20T21:03:07.828+0300][16140][14288][debug][gc,phases] GC(34)     Total                          Min: 0, Avg:  0.0, Max: 0, Diff: 0, Sum: 0, Workers: 8
[2025-05-20T21:03:07.828+0300][16140][14288][debug][gc,phases] GC(34)   StringTable Weak               Min:  0.0, Avg:  0.0, Max:  0.0, Diff:  0.0, Sum:  0.1, Workers: 8
[2025-05-20T21:03:07.828+0300][16140][14288][debug][gc,phases] GC(34)     Dead                           Min: 0, Avg:  0.0, Max: 0, Diff: 0, Sum: 0, Workers: 8
[2025-05-20T21:03:07.828+0300][16140][14288][debug][gc,phases] GC(34)     Total                          Min: 0, Avg: 788.6, Max: 1024, Diff: 1024, Sum: 6309, Workers: 8
[2025-05-20T21:03:07.828+0300][16140][14288][debug][gc,phases] GC(34)   ResolvedMethodTable Weak       Min:  0.0, Avg:  0.0, Max:  0.0, Diff:  0.0, Sum:  0.0, Workers: 8
[2025-05-20T21:03:07.828+0300][16140][14288][debug][gc,phases] GC(34)     Dead                           Min: 0, Avg:  0.0, Max: 0, Diff: 0, Sum: 0, Workers: 8
[2025-05-20T21:03:07.828+0300][16140][14288][debug][gc,phases] GC(34)     Total                          Min: 8, Avg: 112.9, Max: 191, Diff: 183, Sum: 903, Workers: 8
[2025-05-20T21:03:07.828+0300][16140][14288][debug][gc,phases] GC(34)   JNI Weak                       Min:  0.0, Avg:  0.0, Max:  0.0, Diff:  0.0, Sum:  0.0, Workers: 8
[2025-05-20T21:03:07.828+0300][16140][14288][debug][gc,phases] GC(34)     Dead                           Min: 0, Avg:  0.0, Max: 0, Diff: 0, Sum: 0, Workers: 8
[2025-05-20T21:03:07.828+0300][16140][14288][debug][gc,phases] GC(34)     Total                          Min: 0, Avg:  0.0, Max: 0, Diff: 0, Sum: 0, Workers: 8
[2025-05-20T21:03:07.828+0300][16140][14288][debug][gc,phases] GC(34)   StringDedup Table Weak         Min:  0.0, Avg:  0.0, Max:  0.0, Diff:  0.0, Sum:  0.0, Workers: 8
[2025-05-20T21:03:07.828+0300][16140][14288][debug][gc,phases] GC(34)     Dead                           Min: 0, Avg:  0.0, Max: 0, Diff: 0, Sum: 0, Workers: 8
[2025-05-20T21:03:07.828+0300][16140][14288][debug][gc,phases] GC(34)     Total                          Min: 0, Avg:  0.0, Max: 0, Diff: 0, Sum: 0, Workers: 8
[2025-05-20T21:03:07.828+0300][16140][14288][debug][gc,phases] GC(34)   StringDedup Requests0 Weak     Min:  0.0, Avg:  0.0, Max:  0.0, Diff:  0.0, Sum:  0.0, Workers: 8
[2025-05-20T21:03:07.828+0300][16140][14288][debug][gc,phases] GC(34)     Dead                           Min: 0, Avg:  0.0, Max: 0, Diff: 0, Sum: 0, Workers: 8
[2025-05-20T21:03:07.828+0300][16140][14288][debug][gc,phases] GC(34)     Total                          Min: 0, Avg:  0.0, Max: 0, Diff: 0, Sum: 0, Workers: 8
[2025-05-20T21:03:07.828+0300][16140][14288][debug][gc,phases] GC(34)   StringDedup Requests1 Weak     Min:  0.0, Avg:  0.0, Max:  0.0, Diff:  0.0, Sum:  0.0, Workers: 8
[2025-05-20T21:03:07.828+0300][16140][14288][debug][gc,phases] GC(34)     Dead                           Min: 0, Avg:  0.0, Max: 0, Diff: 0, Sum: 0, Workers: 8
[2025-05-20T21:03:07.828+0300][16140][14288][debug][gc,phases] GC(34)     Total                          Min: 0, Avg:  0.0, Max: 0, Diff: 0, Sum: 0, Workers: 8
[2025-05-20T21:03:07.828+0300][16140][14288][debug][gc,phases] GC(34)   Weak JFR Old Object Samples    Min:  0.0, Avg:  0.0, Max:  0.0, Diff:  0.0, Sum:  0.0, Workers: 8
[2025-05-20T21:03:07.828+0300][16140][14288][debug][gc,phases] GC(34)     Dead                           Min: 0, Avg:  0.0, Max: 0, Diff: 0, Sum: 0, Workers: 8
[2025-05-20T21:03:07.828+0300][16140][14288][debug][gc,phases] GC(34)     Total                          Min: 0, Avg:  0.0, Max: 0, Diff: 0, Sum: 0, Workers: 8
[2025-05-20T21:03:07.828+0300][16140][14288][debug][gc,phases] GC(34) Weak Processing 0.672ms
[2025-05-20T21:03:07.828+0300][16140][14288][info ][gc,heap  ] GC(34) PSYoungGen: 1386032K(1391616K)->576K(1391616K) Eden: 1385472K(1385472K)->0K(1385472K) From: 560K(6144K)->576K(6144K)
[2025-05-20T21:03:07.828+0300][16140][14288][info ][gc,heap  ] GC(34) ParOldGen: 16897K(2796544K)->16969K(2796544K)
[2025-05-20T21:03:07.828+0300][16140][14288][info ][gc       ] GC(34) Pause Young (Allocation Failure) 1370M->17M(4090M) 1.237ms
[2025-05-20T21:03:07.828+0300][16140][14288][debug][gc,heap  ] GC(34) Heap after GC invocations=35 (full 2):
[2025-05-20T21:03:07.828+0300][16140][14288][debug][gc,heap  ] GC(34)  PSYoungGen      total 1391616K, used 576K [0x00000007aab00000, 0x0000000800000000, 0x0000000800000000)
[2025-05-20T21:03:07.828+0300][16140][14288][debug][gc,heap  ] GC(34)   eden space 1385472K, 0% used [0x00000007aab00000,0x00000007aab00000,0x00000007ff400000)
[2025-05-20T21:03:07.828+0300][16140][14288][debug][gc,heap  ] GC(34)   from space 6144K, 9% used [0x00000007ff400000,0x00000007ff4900a0,0x00000007ffa00000)
[2025-05-20T21:03:07.828+0300][16140][14288][debug][gc,heap  ] GC(34)   to   space 5632K, 0% used [0x00000007ffa80000,0x00000007ffa80000,0x0000000800000000)
[2025-05-20T21:03:07.828+0300][16140][14288][debug][gc,heap  ] GC(34)  ParOldGen       total 2796544K, used 16969K [0x0000000700000000, 0x00000007aab00000, 0x00000007aab00000)
[2025-05-20T21:03:07.828+0300][16140][14288][debug][gc,heap  ] GC(34)   object space 2796544K, 0% used [0x0000000700000000,0x0000000701092430,0x00000007aab00000)
[2025-05-20T21:03:07.828+0300][16140][14288][debug][gc,heap  ] GC(34)  Metaspace       used 8746K, committed 9792K, reserved 1114112K
[2025-05-20T21:03:07.828+0300][16140][14288][debug][gc,heap  ] GC(34)   class space    used 873K, committed 1280K, reserved 1048576K
[2025-05-20T21:03:07.828+0300][16140][14288][info ][safepoint] Safepoint "ParallelGCFailedAllocation", Time since last: 443915800 ns, Reaching safepoint: 515100 ns, Cleanup: 20900 ns, At safepoint: 1669500 ns, Total: 2205500 ns
[2025-05-20T21:03:08.231+0300][16140][14288][debug][safepoint] Safepoint synchronization initiated using striped semaphore wait barrier. (19 threads)
[2025-05-20T21:03:08.231+0300][16140][18172][debug][safepoint] ... found polling page loop exception at pc = 0x000002291aa34de0, stub =0x000002291a434d80
[2025-05-20T21:03:08.231+0300][16140][20976][debug][safepoint] ... found polling page loop exception at pc = 0x000002291aa34de0, stub =0x000002291a434d80
[2025-05-20T21:03:08.231+0300][16140][7520 ][debug][safepoint] ... found polling page loop exception at pc = 0x000002291aa34de0, stub =0x000002291a434d80
[2025-05-20T21:03:08.231+0300][16140][14288][debug][gc,heap  ] GC(35) Heap before GC invocations=36 (full 2):
[2025-05-20T21:03:08.231+0300][16140][14288][debug][gc,heap  ] GC(35)  PSYoungGen      total 1391616K, used 1386048K [0x00000007aab00000, 0x0000000800000000, 0x0000000800000000)
[2025-05-20T21:03:08.231+0300][16140][14288][debug][gc,heap  ] GC(35)   eden space 1385472K, 100% used [0x00000007aab00000,0x00000007ff400000,0x00000007ff400000)
[2025-05-20T21:03:08.231+0300][16140][14288][debug][gc,heap  ] GC(35)   from space 6144K, 9% used [0x00000007ff400000,0x00000007ff4900a0,0x00000007ffa00000)
[2025-05-20T21:03:08.231+0300][16140][14288][debug][gc,heap  ] GC(35)   to   space 5632K, 0% used [0x00000007ffa80000,0x00000007ffa80000,0x0000000800000000)
[2025-05-20T21:03:08.231+0300][16140][14288][debug][gc,heap  ] GC(35)  ParOldGen       total 2796544K, used 16969K [0x0000000700000000, 0x00000007aab00000, 0x00000007aab00000)
[2025-05-20T21:03:08.231+0300][16140][14288][debug][gc,heap  ] GC(35)   object space 2796544K, 0% used [0x0000000700000000,0x0000000701092430,0x00000007aab00000)
[2025-05-20T21:03:08.231+0300][16140][14288][debug][gc,heap  ] GC(35)  Metaspace       used 8746K, committed 9792K, reserved 1114112K
[2025-05-20T21:03:08.231+0300][16140][14288][debug][gc,heap  ] GC(35)   class space    used 873K, committed 1280K, reserved 1048576K
[2025-05-20T21:03:08.232+0300][16140][14288][debug][gc,phases] GC(35) Scavenge 0.734ms
[2025-05-20T21:03:08.232+0300][16140][14288][debug][gc,phases] GC(35) Reference Processing 0.056ms
[2025-05-20T21:03:08.232+0300][16140][14288][debug][gc,phases] GC(35)   VM Weak                        Min:  0.0, Avg:  0.0, Max:  0.0, Diff:  0.0, Sum:  0.0, Workers: 8
[2025-05-20T21:03:08.232+0300][16140][14288][debug][gc,phases] GC(35)     Dead                           Min: 0, Avg:  0.0, Max: 0, Diff: 0, Sum: 0, Workers: 8
[2025-05-20T21:03:08.232+0300][16140][14288][debug][gc,phases] GC(35)     Total                          Min: 0, Avg: 15.4, Max: 94, Diff: 94, Sum: 123, Workers: 8
[2025-05-20T21:03:08.232+0300][16140][14288][debug][gc,phases] GC(35)   ObjectSynchronizer Weak        Min:  0.0, Avg:  0.0, Max:  0.0, Diff:  0.0, Sum:  0.0, Workers: 8
[2025-05-20T21:03:08.232+0300][16140][14288][debug][gc,phases] GC(35)     Dead                           Min: 0, Avg:  0.0, Max: 0, Diff: 0, Sum: 0, Workers: 8
[2025-05-20T21:03:08.232+0300][16140][14288][debug][gc,phases] GC(35)     Total                          Min: 0, Avg: 18.6, Max: 85, Diff: 85, Sum: 149, Workers: 8
[2025-05-20T21:03:08.232+0300][16140][14288][debug][gc,phases] GC(35)   JVMTI Tag Weak OopStorage      Min:  0.0, Avg:  0.0, Max:  0.0, Diff:  0.0, Sum:  0.0, Workers: 8
[2025-05-20T21:03:08.232+0300][16140][14288][debug][gc,phases] GC(35)     Dead                           Min: 0, Avg:  0.0, Max: 0, Diff: 0, Sum: 0, Workers: 8
[2025-05-20T21:03:08.232+0300][16140][14288][debug][gc,phases] GC(35)     Total                          Min: 0, Avg:  0.0, Max: 0, Diff: 0, Sum: 0, Workers: 8
[2025-05-20T21:03:08.232+0300][16140][14288][debug][gc,phases] GC(35)   StringTable Weak               Min:  0.0, Avg:  0.0, Max:  0.0, Diff:  0.0, Sum:  0.1, Workers: 8
[2025-05-20T21:03:08.232+0300][16140][14288][debug][gc,phases] GC(35)     Dead                           Min: 0, Avg:  0.0, Max: 0, Diff: 0, Sum: 0, Workers: 8
[2025-05-20T21:03:08.232+0300][16140][14288][debug][gc,phases] GC(35)     Total                          Min: 0, Avg: 788.6, Max: 1216, Diff: 1216, Sum: 6309, Workers: 8
[2025-05-20T21:03:08.232+0300][16140][14288][debug][gc,phases] GC(35)   ResolvedMethodTable Weak       Min:  0.0, Avg:  0.0, Max:  0.0, Diff:  0.0, Sum:  0.0, Workers: 8
[2025-05-20T21:03:08.232+0300][16140][14288][debug][gc,phases] GC(35)     Dead                           Min: 0, Avg:  0.0, Max: 0, Diff: 0, Sum: 0, Workers: 8
[2025-05-20T21:03:08.232+0300][16140][14288][debug][gc,phases] GC(35)     Total                          Min: 0, Avg: 112.9, Max: 192, Diff: 192, Sum: 903, Workers: 8
[2025-05-20T21:03:08.232+0300][16140][14288][debug][gc,phases] GC(35)   JNI Weak                       Min:  0.0, Avg:  0.0, Max:  0.0, Diff:  0.0, Sum:  0.0, Workers: 8
[2025-05-20T21:03:08.232+0300][16140][14288][debug][gc,phases] GC(35)     Dead                           Min: 0, Avg:  0.0, Max: 0, Diff: 0, Sum: 0, Workers: 8
[2025-05-20T21:03:08.232+0300][16140][14288][debug][gc,phases] GC(35)     Total                          Min: 0, Avg:  0.0, Max: 0, Diff: 0, Sum: 0, Workers: 8
[2025-05-20T21:03:08.232+0300][16140][14288][debug][gc,phases] GC(35)   StringDedup Table Weak         Min:  0.0, Avg:  0.0, Max:  0.0, Diff:  0.0, Sum:  0.0, Workers: 8
[2025-05-20T21:03:08.232+0300][16140][14288][debug][gc,phases] GC(35)     Dead                           Min: 0, Avg:  0.0, Max: 0, Diff: 0, Sum: 0, Workers: 8
[2025-05-20T21:03:08.232+0300][16140][14288][debug][gc,phases] GC(35)     Total                          Min: 0, Avg:  0.0, Max: 0, Diff: 0, Sum: 0, Workers: 8
[2025-05-20T21:03:08.232+0300][16140][14288][debug][gc,phases] GC(35)   StringDedup Requests0 Weak     Min:  0.0, Avg:  0.0, Max:  0.0, Diff:  0.0, Sum:  0.0, Workers: 8
[2025-05-20T21:03:08.232+0300][16140][14288][debug][gc,phases] GC(35)     Dead                           Min: 0, Avg:  0.0, Max: 0, Diff: 0, Sum: 0, Workers: 8
[2025-05-20T21:03:08.232+0300][16140][14288][debug][gc,phases] GC(35)     Total                          Min: 0, Avg:  0.0, Max: 0, Diff: 0, Sum: 0, Workers: 8
[2025-05-20T21:03:08.232+0300][16140][14288][debug][gc,phases] GC(35)   StringDedup Requests1 Weak     Min:  0.0, Avg:  0.0, Max:  0.0, Diff:  0.0, Sum:  0.0, Workers: 8
[2025-05-20T21:03:08.232+0300][16140][14288][debug][gc,phases] GC(35)     Dead                           Min: 0, Avg:  0.0, Max: 0, Diff: 0, Sum: 0, Workers: 8
[2025-05-20T21:03:08.232+0300][16140][14288][debug][gc,phases] GC(35)     Total                          Min: 0, Avg:  0.0, Max: 0, Diff: 0, Sum: 0, Workers: 8
[2025-05-20T21:03:08.232+0300][16140][14288][debug][gc,phases] GC(35)   Weak JFR Old Object Samples    Min:  0.0, Avg:  0.0, Max:  0.0, Diff:  0.0, Sum:  0.0, Workers: 8
[2025-05-20T21:03:08.232+0300][16140][14288][debug][gc,phases] GC(35)     Dead                           Min: 0, Avg:  0.0, Max: 0, Diff: 0, Sum: 0, Workers: 8
[2025-05-20T21:03:08.232+0300][16140][14288][debug][gc,phases] GC(35)     Total                          Min: 0, Avg:  0.0, Max: 0, Diff: 0, Sum: 0, Workers: 8
[2025-05-20T21:03:08.232+0300][16140][14288][debug][gc,phases] GC(35) Weak Processing 0.591ms
[2025-05-20T21:03:08.232+0300][16140][14288][info ][gc,heap  ] GC(35) PSYoungGen: 1386048K(1391616K)->624K(1392640K) Eden: 1385472K(1385472K)->0K(1387008K) From: 576K(6144K)->624K(5632K)
[2025-05-20T21:03:08.232+0300][16140][14288][info ][gc,heap  ] GC(35) ParOldGen: 16969K(2796544K)->17017K(2796544K)
[2025-05-20T21:03:08.232+0300][16140][14288][info ][gc       ] GC(35) Pause Young (Allocation Failure) 1370M->17M(4091M) 1.526ms
[2025-05-20T21:03:08.232+0300][16140][14288][debug][gc,heap  ] GC(35) Heap after GC invocations=36 (full 2):
[2025-05-20T21:03:08.232+0300][16140][14288][debug][gc,heap  ] GC(35)  PSYoungGen      total 1392640K, used 624K [0x00000007aab00000, 0x0000000800000000, 0x0000000800000000)
[2025-05-20T21:03:08.232+0300][16140][14288][debug][gc,heap  ] GC(35)   eden space 1387008K, 0% used [0x00000007aab00000,0x00000007aab00000,0x00000007ff580000)
[2025-05-20T21:03:08.232+0300][16140][14288][debug][gc,heap  ] GC(35)   from space 5632K, 11% used [0x00000007ffa80000,0x00000007ffb1c0d0,0x0000000800000000)
[2025-05-20T21:03:08.232+0300][16140][14288][debug][gc,heap  ] GC(35)   to   space 5120K, 0% used [0x00000007ff580000,0x00000007ff580000,0x00000007ffa80000)
[2025-05-20T21:03:08.232+0300][16140][14288][debug][gc,heap  ] GC(35)  ParOldGen       total 2796544K, used 17017K [0x0000000700000000, 0x00000007aab00000, 0x00000007aab00000)
[2025-05-20T21:03:08.232+0300][16140][14288][debug][gc,heap  ] GC(35)   object space 2796544K, 0% used [0x0000000700000000,0x000000070109e430,0x00000007aab00000)
[2025-05-20T21:03:08.232+0300][16140][14288][debug][gc,heap  ] GC(35)  Metaspace       used 8746K, committed 9792K, reserved 1114112K
[2025-05-20T21:03:08.232+0300][16140][14288][debug][gc,heap  ] GC(35)   class space    used 873K, committed 1280K, reserved 1048576K
[2025-05-20T21:03:08.232+0300][16140][14288][info ][safepoint] Safepoint "ParallelGCFailedAllocation", Time since last: 401259500 ns, Reaching safepoint: 371000 ns, Cleanup: 8400 ns, At safepoint: 1983300 ns, Total: 2362700 ns
[2025-05-20T21:03:08.636+0300][16140][14288][debug][safepoint] Safepoint synchronization initiated using striped semaphore wait barrier. (19 threads)
[2025-05-20T21:03:08.636+0300][16140][6556 ][debug][safepoint] ... found polling page loop exception at pc = 0x000002291aa8e2d2, stub =0x000002291a435600
[2025-05-20T21:03:08.636+0300][16140][10388][debug][safepoint] ... found polling page loop exception at pc = 0x000002291aa34de0, stub =0x000002291a434d80
[2025-05-20T21:03:08.636+0300][16140][20976][debug][safepoint] ... found polling page loop exception at pc = 0x000002291aa34de0, stub =0x000002291a434d80
[2025-05-20T21:03:08.636+0300][16140][21784][debug][safepoint] ... found polling page loop exception at pc = 0x000002291aa34de0, stub =0x000002291a434d80
[2025-05-20T21:03:08.636+0300][16140][14288][debug][gc,heap  ] GC(36) Heap before GC invocations=37 (full 2):
[2025-05-20T21:03:08.636+0300][16140][14288][debug][gc,heap  ] GC(36)  PSYoungGen      total 1392640K, used 1387632K [0x00000007aab00000, 0x0000000800000000, 0x0000000800000000)
[2025-05-20T21:03:08.636+0300][16140][14288][debug][gc,heap  ] GC(36)   eden space 1387008K, 100% used [0x00000007aab00000,0x00000007ff580000,0x00000007ff580000)
[2025-05-20T21:03:08.636+0300][16140][14288][debug][gc,heap  ] GC(36)   from space 5632K, 11% used [0x00000007ffa80000,0x00000007ffb1c0d0,0x0000000800000000)
[2025-05-20T21:03:08.636+0300][16140][14288][debug][gc,heap  ] GC(36)   to   space 5120K, 0% used [0x00000007ff580000,0x00000007ff580000,0x00000007ffa80000)
[2025-05-20T21:03:08.636+0300][16140][14288][debug][gc,heap  ] GC(36)  ParOldGen       total 2796544K, used 17017K [0x0000000700000000, 0x00000007aab00000, 0x00000007aab00000)
[2025-05-20T21:03:08.636+0300][16140][14288][debug][gc,heap  ] GC(36)   object space 2796544K, 0% used [0x0000000700000000,0x000000070109e430,0x00000007aab00000)
[2025-05-20T21:03:08.636+0300][16140][14288][debug][gc,heap  ] GC(36)  Metaspace       used 8746K, committed 9792K, reserved 1114112K
[2025-05-20T21:03:08.636+0300][16140][14288][debug][gc,heap  ] GC(36)   class space    used 873K, committed 1280K, reserved 1048576K
[2025-05-20T21:03:08.636+0300][16140][14288][debug][gc,phases] GC(36) Scavenge 0.346ms
[2025-05-20T21:03:08.636+0300][16140][14288][debug][gc,phases] GC(36) Reference Processing 0.058ms
[2025-05-20T21:03:08.636+0300][16140][14288][debug][gc,phases] GC(36)   VM Weak                        Min:  0.0, Avg:  0.0, Max:  0.0, Diff:  0.0, Sum:  0.0, Workers: 8
[2025-05-20T21:03:08.636+0300][16140][14288][debug][gc,phases] GC(36)     Dead                           Min: 0, Avg:  0.0, Max: 0, Diff: 0, Sum: 0, Workers: 8
[2025-05-20T21:03:08.636+0300][16140][14288][debug][gc,phases] GC(36)     Total                          Min: 0, Avg: 15.4, Max: 82, Diff: 82, Sum: 123, Workers: 8
[2025-05-20T21:03:08.636+0300][16140][14288][debug][gc,phases] GC(36)   ObjectSynchronizer Weak        Min:  0.0, Avg:  0.0, Max:  0.0, Diff:  0.0, Sum:  0.0, Workers: 8
[2025-05-20T21:03:08.636+0300][16140][14288][debug][gc,phases] GC(36)     Dead                           Min: 0, Avg:  0.0, Max: 0, Diff: 0, Sum: 0, Workers: 8
[2025-05-20T21:03:08.636+0300][16140][14288][debug][gc,phases] GC(36)     Total                          Min: 0, Avg: 18.6, Max: 64, Diff: 64, Sum: 149, Workers: 8
[2025-05-20T21:03:08.636+0300][16140][14288][debug][gc,phases] GC(36)   JVMTI Tag Weak OopStorage      Min:  0.0, Avg:  0.0, Max:  0.0, Diff:  0.0, Sum:  0.0, Workers: 8
[2025-05-20T21:03:08.636+0300][16140][14288][debug][gc,phases] GC(36)     Dead                           Min: 0, Avg:  0.0, Max: 0, Diff: 0, Sum: 0, Workers: 8
[2025-05-20T21:03:08.636+0300][16140][14288][debug][gc,phases] GC(36)     Total                          Min: 0, Avg:  0.0, Max: 0, Diff: 0, Sum: 0, Workers: 8
[2025-05-20T21:03:08.636+0300][16140][14288][debug][gc,phases] GC(36)   StringTable Weak               Min:  0.0, Avg:  0.0, Max:  0.0, Diff:  0.0, Sum:  0.1, Workers: 8
[2025-05-20T21:03:08.636+0300][16140][14288][debug][gc,phases] GC(36)     Dead                           Min: 0, Avg:  0.0, Max: 0, Diff: 0, Sum: 0, Workers: 8
[2025-05-20T21:03:08.636+0300][16140][14288][debug][gc,phases] GC(36)     Total                          Min: 0, Avg: 788.6, Max: 1024, Diff: 1024, Sum: 6309, Workers: 8
[2025-05-20T21:03:08.636+0300][16140][14288][debug][gc,phases] GC(36)   ResolvedMethodTable Weak       Min:  0.0, Avg:  0.0, Max:  0.0, Diff:  0.0, Sum:  0.0, Workers: 8
[2025-05-20T21:03:08.636+0300][16140][14288][debug][gc,phases] GC(36)     Dead                           Min: 0, Avg:  0.0, Max: 0, Diff: 0, Sum: 0, Workers: 8
[2025-05-20T21:03:08.636+0300][16140][14288][debug][gc,phases] GC(36)     Total                          Min: 0, Avg: 112.9, Max: 192, Diff: 192, Sum: 903, Workers: 8
[2025-05-20T21:03:08.636+0300][16140][14288][debug][gc,phases] GC(36)   JNI Weak                       Min:  0.0, Avg:  0.0, Max:  0.0, Diff:  0.0, Sum:  0.0, Workers: 8
[2025-05-20T21:03:08.636+0300][16140][14288][debug][gc,phases] GC(36)     Dead                           Min: 0, Avg:  0.0, Max: 0, Diff: 0, Sum: 0, Workers: 8
[2025-05-20T21:03:08.636+0300][16140][14288][debug][gc,phases] GC(36)     Total                          Min: 0, Avg:  0.0, Max: 0, Diff: 0, Sum: 0, Workers: 8
[2025-05-20T21:03:08.636+0300][16140][14288][debug][gc,phases] GC(36)   StringDedup Table Weak         Min:  0.0, Avg:  0.0, Max:  0.0, Diff:  0.0, Sum:  0.0, Workers: 8
[2025-05-20T21:03:08.636+0300][16140][14288][debug][gc,phases] GC(36)     Dead                           Min: 0, Avg:  0.0, Max: 0, Diff: 0, Sum: 0, Workers: 8
[2025-05-20T21:03:08.636+0300][16140][14288][debug][gc,phases] GC(36)     Total                          Min: 0, Avg:  0.0, Max: 0, Diff: 0, Sum: 0, Workers: 8
[2025-05-20T21:03:08.636+0300][16140][14288][debug][gc,phases] GC(36)   StringDedup Requests0 Weak     Min:  0.0, Avg:  0.0, Max:  0.0, Diff:  0.0, Sum:  0.0, Workers: 8
[2025-05-20T21:03:08.636+0300][16140][14288][debug][gc,phases] GC(36)     Dead                           Min: 0, Avg:  0.0, Max: 0, Diff: 0, Sum: 0, Workers: 8
[2025-05-20T21:03:08.636+0300][16140][14288][debug][gc,phases] GC(36)     Total                          Min: 0, Avg:  0.0, Max: 0, Diff: 0, Sum: 0, Workers: 8
[2025-05-20T21:03:08.636+0300][16140][14288][debug][gc,phases] GC(36)   StringDedup Requests1 Weak     Min:  0.0, Avg:  0.0, Max:  0.0, Diff:  0.0, Sum:  0.0, Workers: 8
[2025-05-20T21:03:08.636+0300][16140][14288][debug][gc,phases] GC(36)     Dead                           Min: 0, Avg:  0.0, Max: 0, Diff: 0, Sum: 0, Workers: 8
[2025-05-20T21:03:08.636+0300][16140][14288][debug][gc,phases] GC(36)     Total                          Min: 0, Avg:  0.0, Max: 0, Diff: 0, Sum: 0, Workers: 8
[2025-05-20T21:03:08.636+0300][16140][14288][debug][gc,phases] GC(36)   Weak JFR Old Object Samples    Min:  0.0, Avg:  0.0, Max:  0.0, Diff:  0.0, Sum:  0.0, Workers: 8
[2025-05-20T21:03:08.636+0300][16140][14288][debug][gc,phases] GC(36)     Dead                           Min: 0, Avg:  0.0, Max: 0, Diff: 0, Sum: 0, Workers: 8
[2025-05-20T21:03:08.636+0300][16140][14288][debug][gc,phases] GC(36)     Total                          Min: 0, Avg:  0.0, Max: 0, Diff: 0, Sum: 0, Workers: 8
[2025-05-20T21:03:08.638+0300][16140][14288][debug][gc,phases] GC(36) Weak Processing 0.546ms
[2025-05-20T21:03:08.638+0300][16140][14288][info ][gc,heap  ] GC(36) PSYoungGen: 1387632K(1392640K)->608K(1392128K) Eden: 1387008K(1387008K)->0K(1387008K) From: 624K(5632K)->608K(5120K)
[2025-05-20T21:03:08.638+0300][16140][14288][info ][gc,heap  ] GC(36) ParOldGen: 17017K(2796544K)->17089K(2796544K)
[2025-05-20T21:03:08.638+0300][16140][14288][info ][gc       ] GC(36) Pause Young (Allocation Failure) 1371M->17M(4090M) 1.083ms
[2025-05-20T21:03:08.638+0300][16140][14288][debug][gc,heap  ] GC(36) Heap after GC invocations=37 (full 2):
[2025-05-20T21:03:08.638+0300][16140][14288][debug][gc,heap  ] GC(36)  PSYoungGen      total 1392128K, used 608K [0x00000007aab00000, 0x0000000800000000, 0x0000000800000000)
[2025-05-20T21:03:08.638+0300][16140][14288][debug][gc,heap  ] GC(36)   eden space 1387008K, 0% used [0x00000007aab00000,0x00000007aab00000,0x00000007ff580000)
[2025-05-20T21:03:08.638+0300][16140][14288][debug][gc,heap  ] GC(36)   from space 5120K, 11% used [0x00000007ff580000,0x00000007ff6180e0,0x00000007ffa80000)
[2025-05-20T21:03:08.638+0300][16140][14288][debug][gc,heap  ] GC(36)   to   space 5120K, 0% used [0x00000007ffb00000,0x00000007ffb00000,0x0000000800000000)
[2025-05-20T21:03:08.638+0300][16140][14288][debug][gc,heap  ] GC(36)  ParOldGen       total 2796544K, used 17089K [0x0000000700000000, 0x00000007aab00000, 0x00000007aab00000)
[2025-05-20T21:03:08.638+0300][16140][14288][debug][gc,heap  ] GC(36)   object space 2796544K, 0% used [0x0000000700000000,0x00000007010b0430,0x00000007aab00000)
[2025-05-20T21:03:08.638+0300][16140][14288][debug][gc,heap  ] GC(36)  Metaspace       used 8746K, committed 9792K, reserved 1114112K
[2025-05-20T21:03:08.638+0300][16140][14288][debug][gc,heap  ] GC(36)   class space    used 873K, committed 1280K, reserved 1048576K
[2025-05-20T21:03:08.638+0300][16140][14288][info ][safepoint] Safepoint "ParallelGCFailedAllocation", Time since last: 403050600 ns, Reaching safepoint: 336500 ns, Cleanup: 13300 ns, At safepoint: 1467300 ns, Total: 1817100 ns
[2025-05-20T21:03:09.069+0300][16140][14288][debug][safepoint] Safepoint synchronization initiated using striped semaphore wait barrier. (19 threads)
[2025-05-20T21:03:09.069+0300][16140][18172][debug][safepoint] ... found polling page loop exception at pc = 0x000002291aa34de0, stub =0x000002291a434d80
[2025-05-20T21:03:09.069+0300][16140][21784][debug][safepoint] ... found polling page loop exception at pc = 0x000002291aa34de0, stub =0x000002291a434d80
[2025-05-20T21:03:09.069+0300][16140][20976][debug][safepoint] ... found polling page loop exception at pc = 0x000002291aa34de0, stub =0x000002291a434d80
[2025-05-20T21:03:09.069+0300][16140][10388][debug][safepoint] ... found polling page loop exception at pc = 0x000002291aa34de0, stub =0x000002291a434d80
[2025-05-20T21:03:09.069+0300][16140][7520 ][debug][safepoint] ... found polling page loop exception at pc = 0x000002291aa34de0, stub =0x000002291a434d80
[2025-05-20T21:03:09.069+0300][16140][14288][debug][gc,heap  ] GC(37) Heap before GC invocations=38 (full 2):
[2025-05-20T21:03:09.069+0300][16140][14288][debug][gc,heap  ] GC(37)  PSYoungGen      total 1392128K, used 1387616K [0x00000007aab00000, 0x0000000800000000, 0x0000000800000000)
[2025-05-20T21:03:09.069+0300][16140][14288][debug][gc,heap  ] GC(37)   eden space 1387008K, 100% used [0x00000007aab00000,0x00000007ff580000,0x00000007ff580000)
[2025-05-20T21:03:09.069+0300][16140][14288][debug][gc,heap  ] GC(37)   from space 5120K, 11% used [0x00000007ff580000,0x00000007ff6180e0,0x00000007ffa80000)
[2025-05-20T21:03:09.069+0300][16140][14288][debug][gc,heap  ] GC(37)   to   space 5120K, 0% used [0x00000007ffb00000,0x00000007ffb00000,0x0000000800000000)
[2025-05-20T21:03:09.069+0300][16140][14288][debug][gc,heap  ] GC(37)  ParOldGen       total 2796544K, used 17089K [0x0000000700000000, 0x00000007aab00000, 0x00000007aab00000)
[2025-05-20T21:03:09.069+0300][16140][14288][debug][gc,heap  ] GC(37)   object space 2796544K, 0% used [0x0000000700000000,0x00000007010b0430,0x00000007aab00000)
[2025-05-20T21:03:09.069+0300][16140][14288][debug][gc,heap  ] GC(37)  Metaspace       used 8746K, committed 9792K, reserved 1114112K
[2025-05-20T21:03:09.069+0300][16140][14288][debug][gc,heap  ] GC(37)   class space    used 873K, committed 1280K, reserved 1048576K
[2025-05-20T21:03:09.069+0300][16140][14288][debug][gc,phases] GC(37) Scavenge 0.458ms
[2025-05-20T21:03:09.069+0300][16140][14288][debug][gc,phases] GC(37) Reference Processing 0.082ms
[2025-05-20T21:03:09.069+0300][16140][14288][debug][gc,phases] GC(37)   VM Weak                        Min:  0.0, Avg:  0.0, Max:  0.0, Diff:  0.0, Sum:  0.0, Workers: 8
[2025-05-20T21:03:09.069+0300][16140][14288][debug][gc,phases] GC(37)     Dead                           Min: 0, Avg:  0.0, Max: 0, Diff: 0, Sum: 0, Workers: 8
[2025-05-20T21:03:09.069+0300][16140][14288][debug][gc,phases] GC(37)     Total                          Min: 0, Avg: 15.4, Max: 111, Diff: 111, Sum: 123, Workers: 8
[2025-05-20T21:03:09.069+0300][16140][14288][debug][gc,phases] GC(37)   ObjectSynchronizer Weak        Min:  0.0, Avg:  0.0, Max:  0.0, Diff:  0.0, Sum:  0.0, Workers: 8
[2025-05-20T21:03:09.069+0300][16140][14288][debug][gc,phases] GC(37)     Dead                           Min: 0, Avg:  0.0, Max: 0, Diff: 0, Sum: 0, Workers: 8
[2025-05-20T21:03:09.069+0300][16140][14288][debug][gc,phases] GC(37)     Total                          Min: 0, Avg: 18.6, Max: 85, Diff: 85, Sum: 149, Workers: 8
[2025-05-20T21:03:09.069+0300][16140][14288][debug][gc,phases] GC(37)   JVMTI Tag Weak OopStorage      Min:  0.0, Avg:  0.0, Max:  0.0, Diff:  0.0, Sum:  0.0, Workers: 8
[2025-05-20T21:03:09.069+0300][16140][14288][debug][gc,phases] GC(37)     Dead                           Min: 0, Avg:  0.0, Max: 0, Diff: 0, Sum: 0, Workers: 8
[2025-05-20T21:03:09.069+0300][16140][14288][debug][gc,phases] GC(37)     Total                          Min: 0, Avg:  0.0, Max: 0, Diff: 0, Sum: 0, Workers: 8
[2025-05-20T21:03:09.069+0300][16140][14288][debug][gc,phases] GC(37)   StringTable Weak               Min:  0.0, Avg:  0.0, Max:  0.0, Diff:  0.0, Sum:  0.1, Workers: 8
[2025-05-20T21:03:09.069+0300][16140][14288][debug][gc,phases] GC(37)     Dead                           Min: 0, Avg:  0.0, Max: 0, Diff: 0, Sum: 0, Workers: 8
[2025-05-20T21:03:09.069+0300][16140][14288][debug][gc,phases] GC(37)     Total                          Min: 0, Avg: 788.6, Max: 1152, Diff: 1152, Sum: 6309, Workers: 8
[2025-05-20T21:03:09.069+0300][16140][14288][debug][gc,phases] GC(37)   ResolvedMethodTable Weak       Min:  0.0, Avg:  0.0, Max:  0.0, Diff:  0.0, Sum:  0.0, Workers: 8
[2025-05-20T21:03:09.069+0300][16140][14288][debug][gc,phases] GC(37)     Dead                           Min: 0, Avg:  0.0, Max: 0, Diff: 0, Sum: 0, Workers: 8
[2025-05-20T21:03:09.069+0300][16140][14288][debug][gc,phases] GC(37)     Total                          Min: 64, Avg: 112.9, Max: 191, Diff: 127, Sum: 903, Workers: 8
[2025-05-20T21:03:09.069+0300][16140][14288][debug][gc,phases] GC(37)   JNI Weak                       Min:  0.0, Avg:  0.0, Max:  0.0, Diff:  0.0, Sum:  0.0, Workers: 8
[2025-05-20T21:03:09.069+0300][16140][14288][debug][gc,phases] GC(37)     Dead                           Min: 0, Avg:  0.0, Max: 0, Diff: 0, Sum: 0, Workers: 8
[2025-05-20T21:03:09.069+0300][16140][14288][debug][gc,phases] GC(37)     Total                          Min: 0, Avg:  0.0, Max: 0, Diff: 0, Sum: 0, Workers: 8
[2025-05-20T21:03:09.069+0300][16140][14288][debug][gc,phases] GC(37)   StringDedup Table Weak         Min:  0.0, Avg:  0.0, Max:  0.0, Diff:  0.0, Sum:  0.0, Workers: 8
[2025-05-20T21:03:09.069+0300][16140][14288][debug][gc,phases] GC(37)     Dead                           Min: 0, Avg:  0.0, Max: 0, Diff: 0, Sum: 0, Workers: 8
[2025-05-20T21:03:09.069+0300][16140][14288][debug][gc,phases] GC(37)     Total                          Min: 0, Avg:  0.0, Max: 0, Diff: 0, Sum: 0, Workers: 8
[2025-05-20T21:03:09.069+0300][16140][14288][debug][gc,phases] GC(37)   StringDedup Requests0 Weak     Min:  0.0, Avg:  0.0, Max:  0.0, Diff:  0.0, Sum:  0.0, Workers: 8
[2025-05-20T21:03:09.069+0300][16140][14288][debug][gc,phases] GC(37)     Dead                           Min: 0, Avg:  0.0, Max: 0, Diff: 0, Sum: 0, Workers: 8
[2025-05-20T21:03:09.069+0300][16140][14288][debug][gc,phases] GC(37)     Total                          Min: 0, Avg:  0.0, Max: 0, Diff: 0, Sum: 0, Workers: 8
[2025-05-20T21:03:09.069+0300][16140][14288][debug][gc,phases] GC(37)   StringDedup Requests1 Weak     Min:  0.0, Avg:  0.0, Max:  0.0, Diff:  0.0, Sum:  0.0, Workers: 8
[2025-05-20T21:03:09.069+0300][16140][14288][debug][gc,phases] GC(37)     Dead                           Min: 0, Avg:  0.0, Max: 0, Diff: 0, Sum: 0, Workers: 8
[2025-05-20T21:03:09.069+0300][16140][14288][debug][gc,phases] GC(37)     Total                          Min: 0, Avg:  0.0, Max: 0, Diff: 0, Sum: 0, Workers: 8
[2025-05-20T21:03:09.069+0300][16140][14288][debug][gc,phases] GC(37)   Weak JFR Old Object Samples    Min:  0.0, Avg:  0.0, Max:  0.0, Diff:  0.0, Sum:  0.0, Workers: 8
[2025-05-20T21:03:09.069+0300][16140][14288][debug][gc,phases] GC(37)     Dead                           Min: 0, Avg:  0.0, Max: 0, Diff: 0, Sum: 0, Workers: 8
[2025-05-20T21:03:09.069+0300][16140][14288][debug][gc,phases] GC(37)     Total                          Min: 0, Avg:  0.0, Max: 0, Diff: 0, Sum: 0, Workers: 8
[2025-05-20T21:03:09.069+0300][16140][14288][debug][gc,phases] GC(37) Weak Processing 0.740ms
[2025-05-20T21:03:09.069+0300][16140][14288][info ][gc,heap  ] GC(37) PSYoungGen: 1387616K(1392128K)->560K(1393152K) Eden: 1387008K(1387008K)->0K(1388032K) From: 608K(5120K)->560K(5120K)
[2025-05-20T21:03:09.069+0300][16140][14288][info ][gc,heap  ] GC(37) ParOldGen: 17089K(2796544K)->17121K(2796544K)
[2025-05-20T21:03:09.069+0300][16140][14288][info ][gc       ] GC(37) Pause Young (Allocation Failure) 1371M->17M(4091M) 1.443ms
[2025-05-20T21:03:09.069+0300][16140][14288][debug][gc,heap  ] GC(37) Heap after GC invocations=38 (full 2):
[2025-05-20T21:03:09.069+0300][16140][14288][debug][gc,heap  ] GC(37)  PSYoungGen      total 1393152K, used 560K [0x00000007aab00000, 0x0000000800000000, 0x0000000800000000)
[2025-05-20T21:03:09.069+0300][16140][14288][debug][gc,heap  ] GC(37)   eden space 1388032K, 0% used [0x00000007aab00000,0x00000007aab00000,0x00000007ff680000)
[2025-05-20T21:03:09.069+0300][16140][14288][debug][gc,heap  ] GC(37)   from space 5120K, 10% used [0x00000007ffb00000,0x00000007ffb8c0b0,0x0000000800000000)
[2025-05-20T21:03:09.069+0300][16140][14288][debug][gc,heap  ] GC(37)   to   space 4608K, 0% used [0x00000007ff680000,0x00000007ff680000,0x00000007ffb00000)
[2025-05-20T21:03:09.069+0300][16140][14288][debug][gc,heap  ] GC(37)  ParOldGen       total 2796544K, used 17121K [0x0000000700000000, 0x00000007aab00000, 0x00000007aab00000)
[2025-05-20T21:03:09.069+0300][16140][14288][debug][gc,heap  ] GC(37)   object space 2796544K, 0% used [0x0000000700000000,0x00000007010b8430,0x00000007aab00000)
[2025-05-20T21:03:09.069+0300][16140][14288][debug][gc,heap  ] GC(37)  Metaspace       used 8746K, committed 9792K, reserved 1114112K
[2025-05-20T21:03:09.069+0300][16140][14288][debug][gc,heap  ] GC(37)   class space    used 873K, committed 1280K, reserved 1048576K
[2025-05-20T21:03:09.069+0300][16140][14288][info ][safepoint] Safepoint "ParallelGCFailedAllocation", Time since last: 431723500 ns, Reaching safepoint: 371600 ns, Cleanup: 7000 ns, At safepoint: 1897100 ns, Total: 2275700 ns
[2025-05-20T21:03:09.561+0300][16140][14288][debug][safepoint] Safepoint synchronization initiated using striped semaphore wait barrier. (13 threads)
[2025-05-20T21:03:09.561+0300][16140][14288][debug][gc,heap  ] GC(38) Heap before GC invocations=39 (full 2):
[2025-05-20T21:03:09.561+0300][16140][14288][debug][gc,heap  ] GC(38)  PSYoungGen      total 1393152K, used 1388592K [0x00000007aab00000, 0x0000000800000000, 0x0000000800000000)
[2025-05-20T21:03:09.561+0300][16140][14288][debug][gc,heap  ] GC(38)   eden space 1388032K, 100% used [0x00000007aab00000,0x00000007ff680000,0x00000007ff680000)
[2025-05-20T21:03:09.561+0300][16140][14288][debug][gc,heap  ] GC(38)   from space 5120K, 10% used [0x00000007ffb00000,0x00000007ffb8c0b0,0x0000000800000000)
[2025-05-20T21:03:09.561+0300][16140][14288][debug][gc,heap  ] GC(38)   to   space 4608K, 0% used [0x00000007ff680000,0x00000007ff680000,0x00000007ffb00000)
[2025-05-20T21:03:09.561+0300][16140][14288][debug][gc,heap  ] GC(38)  ParOldGen       total 2796544K, used 17121K [0x0000000700000000, 0x00000007aab00000, 0x00000007aab00000)
[2025-05-20T21:03:09.561+0300][16140][14288][debug][gc,heap  ] GC(38)   object space 2796544K, 0% used [0x0000000700000000,0x00000007010b8430,0x00000007aab00000)
[2025-05-20T21:03:09.561+0300][16140][14288][debug][gc,heap  ] GC(38)  Metaspace       used 8746K, committed 9792K, reserved 1114112K
[2025-05-20T21:03:09.561+0300][16140][14288][debug][gc,heap  ] GC(38)   class space    used 873K, committed 1280K, reserved 1048576K
[2025-05-20T21:03:09.561+0300][16140][14288][debug][gc,phases] GC(38) Scavenge 0.214ms
[2025-05-20T21:03:09.561+0300][16140][14288][debug][gc,phases] GC(38) Reference Processing 0.051ms
[2025-05-20T21:03:09.561+0300][16140][14288][debug][gc,phases] GC(38)   VM Weak                        Min:  0.0, Avg:  0.0, Max:  0.0, Diff:  0.0, Sum:  0.0, Workers: 8
[2025-05-20T21:03:09.561+0300][16140][14288][debug][gc,phases] GC(38)     Dead                           Min: 0, Avg:  0.0, Max: 0, Diff: 0, Sum: 0, Workers: 8
[2025-05-20T21:03:09.561+0300][16140][14288][debug][gc,phases] GC(38)     Total                          Min: 0, Avg: 15.4, Max: 113, Diff: 113, Sum: 123, Workers: 8
[2025-05-20T21:03:09.561+0300][16140][14288][debug][gc,phases] GC(38)   ObjectSynchronizer Weak        Min:  0.0, Avg:  0.0, Max:  0.0, Diff:  0.0, Sum:  0.0, Workers: 8
[2025-05-20T21:03:09.561+0300][16140][14288][debug][gc,phases] GC(38)     Dead                           Min: 0, Avg:  0.0, Max: 0, Diff: 0, Sum: 0, Workers: 8
[2025-05-20T21:03:09.561+0300][16140][14288][debug][gc,phases] GC(38)     Total                          Min: 0, Avg: 18.6, Max: 64, Diff: 64, Sum: 149, Workers: 8
[2025-05-20T21:03:09.561+0300][16140][14288][debug][gc,phases] GC(38)   JVMTI Tag Weak OopStorage      Min:  0.0, Avg:  0.0, Max:  0.0, Diff:  0.0, Sum:  0.0, Workers: 8
[2025-05-20T21:03:09.561+0300][16140][14288][debug][gc,phases] GC(38)     Dead                           Min: 0, Avg:  0.0, Max: 0, Diff: 0, Sum: 0, Workers: 8
[2025-05-20T21:03:09.561+0300][16140][14288][debug][gc,phases] GC(38)     Total                          Min: 0, Avg:  0.0, Max: 0, Diff: 0, Sum: 0, Workers: 8
[2025-05-20T21:03:09.561+0300][16140][14288][debug][gc,phases] GC(38)   StringTable Weak               Min:  0.0, Avg:  0.0, Max:  0.0, Diff:  0.0, Sum:  0.1, Workers: 8
[2025-05-20T21:03:09.561+0300][16140][14288][debug][gc,phases] GC(38)     Dead                           Min: 0, Avg:  0.0, Max: 0, Diff: 0, Sum: 0, Workers: 8
[2025-05-20T21:03:09.561+0300][16140][14288][debug][gc,phases] GC(38)     Total                          Min: 0, Avg: 788.6, Max: 1701, Diff: 1701, Sum: 6309, Workers: 8
[2025-05-20T21:03:09.561+0300][16140][14288][debug][gc,phases] GC(38)   ResolvedMethodTable Weak       Min:  0.0, Avg:  0.0, Max:  0.0, Diff:  0.0, Sum:  0.0, Workers: 8
[2025-05-20T21:03:09.561+0300][16140][14288][debug][gc,phases] GC(38)     Dead                           Min: 0, Avg:  0.0, Max: 0, Diff: 0, Sum: 0, Workers: 8
[2025-05-20T21:03:09.561+0300][16140][14288][debug][gc,phases] GC(38)     Total                          Min: 0, Avg: 112.9, Max: 256, Diff: 256, Sum: 903, Workers: 8
[2025-05-20T21:03:09.561+0300][16140][14288][debug][gc,phases] GC(38)   JNI Weak                       Min:  0.0, Avg:  0.0, Max:  0.0, Diff:  0.0, Sum:  0.0, Workers: 8
[2025-05-20T21:03:09.561+0300][16140][14288][debug][gc,phases] GC(38)     Dead                           Min: 0, Avg:  0.0, Max: 0, Diff: 0, Sum: 0, Workers: 8
[2025-05-20T21:03:09.561+0300][16140][14288][debug][gc,phases] GC(38)     Total                          Min: 0, Avg:  0.0, Max: 0, Diff: 0, Sum: 0, Workers: 8
[2025-05-20T21:03:09.561+0300][16140][14288][debug][gc,phases] GC(38)   StringDedup Table Weak         Min:  0.0, Avg:  0.0, Max:  0.0, Diff:  0.0, Sum:  0.0, Workers: 8
[2025-05-20T21:03:09.561+0300][16140][14288][debug][gc,phases] GC(38)     Dead                           Min: 0, Avg:  0.0, Max: 0, Diff: 0, Sum: 0, Workers: 8
[2025-05-20T21:03:09.561+0300][16140][14288][debug][gc,phases] GC(38)     Total                          Min: 0, Avg:  0.0, Max: 0, Diff: 0, Sum: 0, Workers: 8
[2025-05-20T21:03:09.561+0300][16140][14288][debug][gc,phases] GC(38)   StringDedup Requests0 Weak     Min:  0.0, Avg:  0.0, Max:  0.0, Diff:  0.0, Sum:  0.0, Workers: 8
[2025-05-20T21:03:09.561+0300][16140][14288][debug][gc,phases] GC(38)     Dead                           Min: 0, Avg:  0.0, Max: 0, Diff: 0, Sum: 0, Workers: 8
[2025-05-20T21:03:09.561+0300][16140][14288][debug][gc,phases] GC(38)     Total                          Min: 0, Avg:  0.0, Max: 0, Diff: 0, Sum: 0, Workers: 8
[2025-05-20T21:03:09.561+0300][16140][14288][debug][gc,phases] GC(38)   StringDedup Requests1 Weak     Min:  0.0, Avg:  0.0, Max:  0.0, Diff:  0.0, Sum:  0.0, Workers: 8
[2025-05-20T21:03:09.561+0300][16140][14288][debug][gc,phases] GC(38)     Dead                           Min: 0, Avg:  0.0, Max: 0, Diff: 0, Sum: 0, Workers: 8
[2025-05-20T21:03:09.561+0300][16140][14288][debug][gc,phases] GC(38)     Total                          Min: 0, Avg:  0.0, Max: 0, Diff: 0, Sum: 0, Workers: 8
[2025-05-20T21:03:09.561+0300][16140][14288][debug][gc,phases] GC(38)   Weak JFR Old Object Samples    Min:  0.0, Avg:  0.0, Max:  0.0, Diff:  0.0, Sum:  0.0, Workers: 8
[2025-05-20T21:03:09.561+0300][16140][14288][debug][gc,phases] GC(38)     Dead                           Min: 0, Avg:  0.0, Max: 0, Diff: 0, Sum: 0, Workers: 8
[2025-05-20T21:03:09.561+0300][16140][14288][debug][gc,phases] GC(38)     Total                          Min: 0, Avg:  0.0, Max: 0, Diff: 0, Sum: 0, Workers: 8
[2025-05-20T21:03:09.561+0300][16140][14288][debug][gc,phases] GC(38) Weak Processing 0.532ms
[2025-05-20T21:03:09.561+0300][16140][14288][info ][gc,heap  ] GC(38) PSYoungGen: 1388592K(1393152K)->320K(1392640K) Eden: 1388032K(1388032K)->0K(1388032K) From: 560K(5120K)->320K(4608K)
[2025-05-20T21:03:09.561+0300][16140][14288][info ][gc,heap  ] GC(38) ParOldGen: 17121K(2796544K)->17169K(2796544K)
[2025-05-20T21:03:09.561+0300][16140][14288][info ][gc       ] GC(38) Pause Young (Allocation Failure) 1372M->17M(4091M) 0.922ms
[2025-05-20T21:03:09.561+0300][16140][14288][debug][gc,heap  ] GC(38) Heap after GC invocations=39 (full 2):
[2025-05-20T21:03:09.561+0300][16140][14288][debug][gc,heap  ] GC(38)  PSYoungGen      total 1392640K, used 320K [0x00000007aab00000, 0x0000000800000000, 0x0000000800000000)
[2025-05-20T21:03:09.561+0300][16140][14288][debug][gc,heap  ] GC(38)   eden space 1388032K, 0% used [0x00000007aab00000,0x00000007aab00000,0x00000007ff680000)
[2025-05-20T21:03:09.561+0300][16140][14288][debug][gc,heap  ] GC(38)   from space 4608K, 6% used [0x00000007ff680000,0x00000007ff6d0020,0x00000007ffb00000)
[2025-05-20T21:03:09.561+0300][16140][14288][debug][gc,heap  ] GC(38)   to   space 4608K, 0% used [0x00000007ffb80000,0x00000007ffb80000,0x0000000800000000)
[2025-05-20T21:03:09.561+0300][16140][14288][debug][gc,heap  ] GC(38)  ParOldGen       total 2796544K, used 17169K [0x0000000700000000, 0x00000007aab00000, 0x00000007aab00000)
[2025-05-20T21:03:09.561+0300][16140][14288][debug][gc,heap  ] GC(38)   object space 2796544K, 0% used [0x0000000700000000,0x00000007010c4430,0x00000007aab00000)
[2025-05-20T21:03:09.561+0300][16140][14288][debug][gc,heap  ] GC(38)  Metaspace       used 8746K, committed 9792K, reserved 1114112K
[2025-05-20T21:03:09.561+0300][16140][14288][debug][gc,heap  ] GC(38)   class space    used 873K, committed 1280K, reserved 1048576K
[2025-05-20T21:03:09.561+0300][16140][14288][info ][safepoint] Safepoint "ParallelGCFailedAllocation", Time since last: 498326700 ns, Reaching safepoint: 67900 ns, Cleanup: 7000 ns, At safepoint: 1244500 ns, Total: 1319400 ns
[2025-05-20T21:03:09.815+0300][16140][14288][debug][safepoint] Safepoint synchronization initiated using striped semaphore wait barrier. (12 threads)
[2025-05-20T21:03:09.815+0300][16140][14288][debug][gc,heap  ] GC(39) Heap before GC invocations=40 (full 2):
[2025-05-20T21:03:09.815+0300][16140][14288][debug][gc,heap  ] GC(39)  PSYoungGen      total 1392640K, used 48066K [0x00000007aab00000, 0x0000000800000000, 0x0000000800000000)
[2025-05-20T21:03:09.815+0300][16140][14288][debug][gc,heap  ] GC(39)   eden space 1388032K, 3% used [0x00000007aab00000,0x00000007ad9a0938,0x00000007ff680000)
[2025-05-20T21:03:09.815+0300][16140][14288][debug][gc,heap  ] GC(39)   from space 4608K, 6% used [0x00000007ff680000,0x00000007ff6d0020,0x00000007ffb00000)
[2025-05-20T21:03:09.815+0300][16140][14288][debug][gc,heap  ] GC(39)   to   space 4608K, 0% used [0x00000007ffb80000,0x00000007ffb80000,0x0000000800000000)
[2025-05-20T21:03:09.815+0300][16140][14288][debug][gc,heap  ] GC(39)  ParOldGen       total 2796544K, used 17169K [0x0000000700000000, 0x00000007aab00000, 0x00000007aab00000)
[2025-05-20T21:03:09.815+0300][16140][14288][debug][gc,heap  ] GC(39)   object space 2796544K, 0% used [0x0000000700000000,0x00000007010c4430,0x00000007aab00000)
[2025-05-20T21:03:09.815+0300][16140][14288][debug][gc,heap  ] GC(39)  Metaspace       used 8746K, committed 9792K, reserved 1114112K
[2025-05-20T21:03:09.815+0300][16140][14288][debug][gc,heap  ] GC(39)   class space    used 873K, committed 1280K, reserved 1048576K
[2025-05-20T21:03:09.815+0300][16140][14288][debug][gc,phases] GC(39) Scavenge 0.147ms
[2025-05-20T21:03:09.815+0300][16140][14288][debug][gc,phases] GC(39) Reference Processing 0.030ms
[2025-05-20T21:03:09.815+0300][16140][14288][debug][gc,phases] GC(39)   VM Weak                        Min:  0.0, Avg:  0.0, Max:  0.0, Diff:  0.0, Sum:  0.0, Workers: 8
[2025-05-20T21:03:09.815+0300][16140][14288][debug][gc,phases] GC(39)     Dead                           Min: 0, Avg:  0.0, Max: 0, Diff: 0, Sum: 0, Workers: 8
[2025-05-20T21:03:09.815+0300][16140][14288][debug][gc,phases] GC(39)     Total                          Min: 0, Avg: 15.4, Max: 123, Diff: 123, Sum: 123, Workers: 8
[2025-05-20T21:03:09.815+0300][16140][14288][debug][gc,phases] GC(39)   ObjectSynchronizer Weak        Min:  0.0, Avg:  0.0, Max:  0.0, Diff:  0.0, Sum:  0.0, Workers: 8
[2025-05-20T21:03:09.815+0300][16140][14288][debug][gc,phases] GC(39)     Dead                           Min: 0, Avg:  0.0, Max: 0, Diff: 0, Sum: 0, Workers: 8
[2025-05-20T21:03:09.815+0300][16140][14288][debug][gc,phases] GC(39)     Total                          Min: 0, Avg: 18.6, Max: 128, Diff: 128, Sum: 149, Workers: 8
[2025-05-20T21:03:09.815+0300][16140][14288][debug][gc,phases] GC(39)   JVMTI Tag Weak OopStorage      Min:  0.0, Avg:  0.0, Max:  0.0, Diff:  0.0, Sum:  0.0, Workers: 8
[2025-05-20T21:03:09.815+0300][16140][14288][debug][gc,phases] GC(39)     Dead                           Min: 0, Avg:  0.0, Max: 0, Diff: 0, Sum: 0, Workers: 8
[2025-05-20T21:03:09.815+0300][16140][14288][debug][gc,phases] GC(39)     Total                          Min: 0, Avg:  0.0, Max: 0, Diff: 0, Sum: 0, Workers: 8
[2025-05-20T21:03:09.815+0300][16140][14288][debug][gc,phases] GC(39)   StringTable Weak               Min:  0.0, Avg:  0.0, Max:  0.0, Diff:  0.0, Sum:  0.0, Workers: 8
[2025-05-20T21:03:09.815+0300][16140][14288][debug][gc,phases] GC(39)     Dead                           Min: 0, Avg:  0.0, Max: 0, Diff: 0, Sum: 0, Workers: 8
[2025-05-20T21:03:09.815+0300][16140][14288][debug][gc,phases] GC(39)     Total                          Min: 0, Avg: 788.9, Max: 1728, Diff: 1728, Sum: 6311, Workers: 8
[2025-05-20T21:03:09.815+0300][16140][14288][debug][gc,phases] GC(39)   ResolvedMethodTable Weak       Min:  0.0, Avg:  0.0, Max:  0.0, Diff:  0.0, Sum:  0.0, Workers: 8
[2025-05-20T21:03:09.815+0300][16140][14288][debug][gc,phases] GC(39)     Dead                           Min: 0, Avg:  0.0, Max: 0, Diff: 0, Sum: 0, Workers: 8
[2025-05-20T21:03:09.815+0300][16140][14288][debug][gc,phases] GC(39)     Total                          Min: 0, Avg: 112.9, Max: 256, Diff: 256, Sum: 903, Workers: 8
[2025-05-20T21:03:09.815+0300][16140][14288][debug][gc,phases] GC(39)   JNI Weak                       Min:  0.0, Avg:  0.0, Max:  0.0, Diff:  0.0, Sum:  0.0, Workers: 8
[2025-05-20T21:03:09.815+0300][16140][14288][debug][gc,phases] GC(39)     Dead                           Min: 0, Avg:  0.0, Max: 0, Diff: 0, Sum: 0, Workers: 8
[2025-05-20T21:03:09.815+0300][16140][14288][debug][gc,phases] GC(39)     Total                          Min: 0, Avg:  0.0, Max: 0, Diff: 0, Sum: 0, Workers: 8
[2025-05-20T21:03:09.815+0300][16140][14288][debug][gc,phases] GC(39)   StringDedup Table Weak         Min:  0.0, Avg:  0.0, Max:  0.0, Diff:  0.0, Sum:  0.0, Workers: 8
[2025-05-20T21:03:09.815+0300][16140][14288][debug][gc,phases] GC(39)     Dead                           Min: 0, Avg:  0.0, Max: 0, Diff: 0, Sum: 0, Workers: 8
[2025-05-20T21:03:09.815+0300][16140][14288][debug][gc,phases] GC(39)     Total                          Min: 0, Avg:  0.0, Max: 0, Diff: 0, Sum: 0, Workers: 8
[2025-05-20T21:03:09.815+0300][16140][14288][debug][gc,phases] GC(39)   StringDedup Requests0 Weak     Min:  0.0, Avg:  0.0, Max:  0.0, Diff:  0.0, Sum:  0.0, Workers: 8
[2025-05-20T21:03:09.815+0300][16140][14288][debug][gc,phases] GC(39)     Dead                           Min: 0, Avg:  0.0, Max: 0, Diff: 0, Sum: 0, Workers: 8
[2025-05-20T21:03:09.815+0300][16140][14288][debug][gc,phases] GC(39)     Total                          Min: 0, Avg:  0.0, Max: 0, Diff: 0, Sum: 0, Workers: 8
[2025-05-20T21:03:09.815+0300][16140][14288][debug][gc,phases] GC(39)   StringDedup Requests1 Weak     Min:  0.0, Avg:  0.0, Max:  0.0, Diff:  0.0, Sum:  0.0, Workers: 8
[2025-05-20T21:03:09.815+0300][16140][14288][debug][gc,phases] GC(39)     Dead                           Min: 0, Avg:  0.0, Max: 0, Diff: 0, Sum: 0, Workers: 8
[2025-05-20T21:03:09.815+0300][16140][14288][debug][gc,phases] GC(39)     Total                          Min: 0, Avg:  0.0, Max: 0, Diff: 0, Sum: 0, Workers: 8
[2025-05-20T21:03:09.815+0300][16140][14288][debug][gc,phases] GC(39)   Weak JFR Old Object Samples    Min:  0.0, Avg:  0.0, Max:  0.0, Diff:  0.0, Sum:  0.0, Workers: 8
[2025-05-20T21:03:09.815+0300][16140][14288][debug][gc,phases] GC(39)     Dead                           Min: 0, Avg:  0.0, Max: 0, Diff: 0, Sum: 0, Workers: 8
[2025-05-20T21:03:09.815+0300][16140][14288][debug][gc,phases] GC(39)     Total                          Min: 0, Avg:  0.0, Max: 0, Diff: 0, Sum: 0, Workers: 8
[2025-05-20T21:03:09.815+0300][16140][14288][debug][gc,phases] GC(39) Weak Processing 0.509ms
[2025-05-20T21:03:09.815+0300][16140][14288][info ][gc,heap  ] GC(39) PSYoungGen: 48066K(1392640K)->160K(1393664K) Eden: 47746K(1388032K)->0K(1389056K) From: 320K(4608K)->160K(4608K)
[2025-05-20T21:03:09.815+0300][16140][14288][info ][gc,heap  ] GC(39) ParOldGen: 17169K(2796544K)->17233K(2796544K)
[2025-05-20T21:03:09.815+0300][16140][14288][info ][gc       ] GC(39) Pause Young (System.gc()) 63M->16M(4092M) 0.767ms
[2025-05-20T21:03:09.815+0300][16140][14288][debug][gc,heap  ] GC(39) Heap after GC invocations=40 (full 2):
[2025-05-20T21:03:09.815+0300][16140][14288][debug][gc,heap  ] GC(39)  PSYoungGen      total 1393664K, used 160K [0x00000007aab00000, 0x0000000800000000, 0x0000000800000000)
[2025-05-20T21:03:09.815+0300][16140][14288][debug][gc,heap  ] GC(39)   eden space 1389056K, 0% used [0x00000007aab00000,0x00000007aab00000,0x00000007ff780000)
[2025-05-20T21:03:09.815+0300][16140][14288][debug][gc,heap  ] GC(39)   from space 4608K, 3% used [0x00000007ffb80000,0x00000007ffba8000,0x0000000800000000)
[2025-05-20T21:03:09.815+0300][16140][14288][debug][gc,heap  ] GC(39)   to   space 4096K, 0% used [0x00000007ff780000,0x00000007ff780000,0x00000007ffb80000)
[2025-05-20T21:03:09.815+0300][16140][14288][debug][gc,heap  ] GC(39)  ParOldGen       total 2796544K, used 17233K [0x0000000700000000, 0x00000007aab00000, 0x00000007aab00000)
[2025-05-20T21:03:09.815+0300][16140][14288][debug][gc,heap  ] GC(39)   object space 2796544K, 0% used [0x0000000700000000,0x00000007010d4430,0x00000007aab00000)
[2025-05-20T21:03:09.815+0300][16140][14288][debug][gc,heap  ] GC(39)  Metaspace       used 8746K, committed 9792K, reserved 1114112K
[2025-05-20T21:03:09.815+0300][16140][14288][debug][gc,heap  ] GC(39)   class space    used 873K, committed 1280K, reserved 1048576K
[2025-05-20T21:03:09.815+0300][16140][14288][debug][gc,heap  ] GC(40) Heap before GC invocations=41 (full 3):
[2025-05-20T21:03:09.815+0300][16140][14288][debug][gc,heap  ] GC(40)  PSYoungGen      total 1393664K, used 160K [0x00000007aab00000, 0x0000000800000000, 0x0000000800000000)
[2025-05-20T21:03:09.815+0300][16140][14288][debug][gc,heap  ] GC(40)   eden space 1389056K, 0% used [0x00000007aab00000,0x00000007aab00000,0x00000007ff780000)
[2025-05-20T21:03:09.815+0300][16140][14288][debug][gc,heap  ] GC(40)   from space 4608K, 3% used [0x00000007ffb80000,0x00000007ffba8000,0x0000000800000000)
[2025-05-20T21:03:09.815+0300][16140][14288][debug][gc,heap  ] GC(40)   to   space 4096K, 0% used [0x00000007ff780000,0x00000007ff780000,0x00000007ffb80000)
[2025-05-20T21:03:09.815+0300][16140][14288][debug][gc,heap  ] GC(40)  ParOldGen       total 2796544K, used 17233K [0x0000000700000000, 0x00000007aab00000, 0x00000007aab00000)
[2025-05-20T21:03:09.815+0300][16140][14288][debug][gc,heap  ] GC(40)   object space 2796544K, 0% used [0x0000000700000000,0x00000007010d4430,0x00000007aab00000)
[2025-05-20T21:03:09.815+0300][16140][14288][debug][gc,heap  ] GC(40)  Metaspace       used 8746K, committed 9792K, reserved 1114112K
[2025-05-20T21:03:09.815+0300][16140][14288][debug][gc,heap  ] GC(40)   class space    used 873K, committed 1280K, reserved 1048576K
[2025-05-20T21:03:09.815+0300][16140][14288][debug][gc,phases] GC(40) Pre Compact 0.101ms
[2025-05-20T21:03:09.815+0300][16140][14288][debug][gc,phases] GC(40) Par Mark 1.709ms
[2025-05-20T21:03:09.815+0300][16140][14288][debug][gc,phases] GC(40) Reference Processing 0.150ms
[2025-05-20T21:03:09.815+0300][16140][14288][debug][gc,phases] GC(40)   VM Weak                        Min:  0.0, Avg:  0.0, Max:  0.0, Diff:  0.0, Sum:  0.0, Workers: 8
[2025-05-20T21:03:09.815+0300][16140][14288][debug][gc,phases] GC(40)     Dead                           Min: 0, Avg:  0.0, Max: 0, Diff: 0, Sum: 0, Workers: 8
[2025-05-20T21:03:09.815+0300][16140][14288][debug][gc,phases] GC(40)     Total                          Min: 0, Avg: 15.4, Max: 123, Diff: 123, Sum: 123, Workers: 8
[2025-05-20T21:03:09.815+0300][16140][14288][debug][gc,phases] GC(40)   ObjectSynchronizer Weak        Min:  0.0, Avg:  0.0, Max:  0.0, Diff:  0.0, Sum:  0.0, Workers: 8
[2025-05-20T21:03:09.815+0300][16140][14288][debug][gc,phases] GC(40)     Dead                           Min: 0, Avg:  0.0, Max: 0, Diff: 0, Sum: 0, Workers: 8
[2025-05-20T21:03:09.815+0300][16140][14288][debug][gc,phases] GC(40)     Total                          Min: 0, Avg: 18.6, Max: 128, Diff: 128, Sum: 149, Workers: 8
[2025-05-20T21:03:09.815+0300][16140][14288][debug][gc,phases] GC(40)   JVMTI Tag Weak OopStorage      Min:  0.0, Avg:  0.0, Max:  0.0, Diff:  0.0, Sum:  0.0, Workers: 8
[2025-05-20T21:03:09.815+0300][16140][14288][debug][gc,phases] GC(40)     Dead                           Min: 0, Avg:  0.0, Max: 0, Diff: 0, Sum: 0, Workers: 8
[2025-05-20T21:03:09.815+0300][16140][14288][debug][gc,phases] GC(40)     Total                          Min: 0, Avg:  0.0, Max: 0, Diff: 0, Sum: 0, Workers: 8
[2025-05-20T21:03:09.815+0300][16140][14288][debug][gc,phases] GC(40)   StringTable Weak               Min:  0.0, Avg:  0.0, Max:  0.0, Diff:  0.0, Sum:  0.1, Workers: 8
[2025-05-20T21:03:09.815+0300][16140][14288][debug][gc,phases] GC(40)     Dead                           Min: 0, Avg:  0.0, Max: 0, Diff: 0, Sum: 0, Workers: 8
[2025-05-20T21:03:09.815+0300][16140][14288][debug][gc,phases] GC(40)     Total                          Min: 0, Avg: 788.9, Max: 3175, Diff: 3175, Sum: 6311, Workers: 8
[2025-05-20T21:03:09.815+0300][16140][14288][debug][gc,phases] GC(40)   ResolvedMethodTable Weak       Min:  0.0, Avg:  0.0, Max:  0.0, Diff:  0.0, Sum:  0.0, Workers: 8
[2025-05-20T21:03:09.815+0300][16140][14288][debug][gc,phases] GC(40)     Dead                           Min: 0, Avg:  0.0, Max: 0, Diff: 0, Sum: 0, Workers: 8
[2025-05-20T21:03:09.815+0300][16140][14288][debug][gc,phases] GC(40)     Total                          Min: 0, Avg: 112.9, Max: 455, Diff: 455, Sum: 903, Workers: 8
[2025-05-20T21:03:09.815+0300][16140][14288][debug][gc,phases] GC(40)   JNI Weak                       Min:  0.0, Avg:  0.0, Max:  0.0, Diff:  0.0, Sum:  0.0, Workers: 8
[2025-05-20T21:03:09.815+0300][16140][14288][debug][gc,phases] GC(40)     Dead                           Min: 0, Avg:  0.0, Max: 0, Diff: 0, Sum: 0, Workers: 8
[2025-05-20T21:03:09.815+0300][16140][14288][debug][gc,phases] GC(40)     Total                          Min: 0, Avg:  0.0, Max: 0, Diff: 0, Sum: 0, Workers: 8
[2025-05-20T21:03:09.815+0300][16140][14288][debug][gc,phases] GC(40)   StringDedup Table Weak         Min:  0.0, Avg:  0.0, Max:  0.0, Diff:  0.0, Sum:  0.0, Workers: 8
[2025-05-20T21:03:09.815+0300][16140][14288][debug][gc,phases] GC(40)     Dead                           Min: 0, Avg:  0.0, Max: 0, Diff: 0, Sum: 0, Workers: 8
[2025-05-20T21:03:09.815+0300][16140][14288][debug][gc,phases] GC(40)     Total                          Min: 0, Avg:  0.0, Max: 0, Diff: 0, Sum: 0, Workers: 8
[2025-05-20T21:03:09.815+0300][16140][14288][debug][gc,phases] GC(40)   StringDedup Requests0 Weak     Min:  0.0, Avg:  0.0, Max:  0.0, Diff:  0.0, Sum:  0.0, Workers: 8
[2025-05-20T21:03:09.815+0300][16140][14288][debug][gc,phases] GC(40)     Dead                           Min: 0, Avg:  0.0, Max: 0, Diff: 0, Sum: 0, Workers: 8
[2025-05-20T21:03:09.815+0300][16140][14288][debug][gc,phases] GC(40)     Total                          Min: 0, Avg:  0.0, Max: 0, Diff: 0, Sum: 0, Workers: 8
[2025-05-20T21:03:09.815+0300][16140][14288][debug][gc,phases] GC(40)   StringDedup Requests1 Weak     Min:  0.0, Avg:  0.0, Max:  0.0, Diff:  0.0, Sum:  0.0, Workers: 8
[2025-05-20T21:03:09.815+0300][16140][14288][debug][gc,phases] GC(40)     Dead                           Min: 0, Avg:  0.0, Max: 0, Diff: 0, Sum: 0, Workers: 8
[2025-05-20T21:03:09.815+0300][16140][14288][debug][gc,phases] GC(40)     Total                          Min: 0, Avg:  0.0, Max: 0, Diff: 0, Sum: 0, Workers: 8
[2025-05-20T21:03:09.815+0300][16140][14288][debug][gc,phases] GC(40)   Weak JFR Old Object Samples    Min:  0.0, Avg:  0.0, Max:  0.0, Diff:  0.0, Sum:  0.0, Workers: 8
[2025-05-20T21:03:09.815+0300][16140][14288][debug][gc,phases] GC(40)     Dead                           Min: 0, Avg:  0.0, Max: 0, Diff: 0, Sum: 0, Workers: 8
[2025-05-20T21:03:09.815+0300][16140][14288][debug][gc,phases] GC(40)     Total                          Min: 0, Avg:  0.0, Max: 0, Diff: 0, Sum: 0, Workers: 8
[2025-05-20T21:03:09.815+0300][16140][14288][debug][gc,phases] GC(40) Weak Processing 0.533ms
[2025-05-20T21:03:09.815+0300][16140][14288][debug][gc,phases] GC(40) ClassLoaderData 0.005ms
[2025-05-20T21:03:09.815+0300][16140][14288][debug][gc,phases] GC(40) Trigger cleanups 0.000ms
[2025-05-20T21:03:09.815+0300][16140][14288][debug][gc,phases] GC(40) Purge Unlinked NMethods 0.459ms
[2025-05-20T21:03:09.815+0300][16140][14288][debug][gc,phases] GC(40) Unregister NMethods 0.001ms
[2025-05-20T21:03:09.815+0300][16140][14288][debug][gc,phases] GC(40) Free Code Blobs 0.073ms
[2025-05-20T21:03:09.815+0300][16140][14288][debug][gc,phases] GC(40) Class Unloading 4.321ms
[2025-05-20T21:03:09.815+0300][16140][14288][debug][gc,phases] GC(40) Report Object Count 0.001ms
[2025-05-20T21:03:09.815+0300][16140][14288][info ][gc,phases] GC(40) Marking Phase 6.803ms
[2025-05-20T21:03:09.815+0300][16140][14288][info ][gc,phases] GC(40) Summary Phase 0.001ms
[2025-05-20T21:03:09.815+0300][16140][14288][info ][gc,phases] GC(40) Adjust Roots 2.113ms
[2025-05-20T21:03:09.815+0300][16140][14288][info ][gc,phases] GC(40) Compaction Phase 3.134ms
[2025-05-20T21:03:09.815+0300][16140][14288][debug][gc,phases] GC(40) Purge Class Loader Data 0.047ms
[2025-05-20T21:03:09.815+0300][16140][14288][info ][gc,phases] GC(40) Post Compact 0.309ms
[2025-05-20T21:03:09.815+0300][16140][14288][info ][gc,heap  ] GC(40) PSYoungGen: 160K(1393664K)->0K(1393664K) Eden: 0K(1389056K)->0K(1389056K) From: 160K(4608K)->0K(4608K)
[2025-05-20T21:03:09.815+0300][16140][14288][info ][gc,heap  ] GC(40) ParOldGen: 17233K(2796544K)->9910K(2796544K)
[2025-05-20T21:03:09.815+0300][16140][14288][info ][gc       ] GC(40) Pause Full (System.gc()) 16M->9M(4092M) 12.519ms
[2025-05-20T21:03:09.815+0300][16140][14288][debug][gc,heap  ] GC(40) Heap after GC invocations=41 (full 3):
[2025-05-20T21:03:09.815+0300][16140][14288][debug][gc,heap  ] GC(40)  PSYoungGen      total 1393664K, used 0K [0x00000007aab00000, 0x0000000800000000, 0x0000000800000000)
[2025-05-20T21:03:09.815+0300][16140][14288][debug][gc,heap  ] GC(40)   eden space 1389056K, 0% used [0x00000007aab00000,0x00000007aab00000,0x00000007ff780000)
[2025-05-20T21:03:09.815+0300][16140][14288][debug][gc,heap  ] GC(40)   from space 4608K, 0% used [0x00000007ffb80000,0x00000007ffb80000,0x0000000800000000)
[2025-05-20T21:03:09.815+0300][16140][14288][debug][gc,heap  ] GC(40)   to   space 4096K, 0% used [0x00000007ff780000,0x00000007ff780000,0x00000007ffb80000)
[2025-05-20T21:03:09.815+0300][16140][14288][debug][gc,heap  ] GC(40)  ParOldGen       total 2796544K, used 9910K [0x0000000700000000, 0x00000007aab00000, 0x00000007aab00000)
[2025-05-20T21:03:09.815+0300][16140][14288][debug][gc,heap  ] GC(40)   object space 2796544K, 0% used [0x0000000700000000,0x00000007009adbc0,0x00000007aab00000)
[2025-05-20T21:03:09.815+0300][16140][14288][debug][gc,heap  ] GC(40)  Metaspace       used 8746K, committed 9792K, reserved 1114112K
[2025-05-20T21:03:09.815+0300][16140][14288][debug][gc,heap  ] GC(40)   class space    used 873K, committed 1280K, reserved 1048576K
[2025-05-20T21:03:09.815+0300][16140][14288][info ][safepoint] Safepoint "ParallelGCSystemGC", Time since last: 244165400 ns, Reaching safepoint: 43400 ns, Cleanup: 10900 ns, At safepoint: 13759600 ns, Total: 13813900 ns
[2025-05-20T21:03:10.254+0300][16140][14288][debug][safepoint] Safepoint synchronization initiated using striped semaphore wait barrier. (20 threads)
[2025-05-20T21:03:10.254+0300][16140][10680][debug][safepoint] ... found polling page loop exception at pc = 0x000002291aa34de0, stub =0x000002291a434d80
[2025-05-20T21:03:10.254+0300][16140][13892][debug][safepoint] ... found polling page loop exception at pc = 0x000002291aa65ea8, stub =0x000002291a434d80
[2025-05-20T21:03:10.254+0300][16140][23060][debug][safepoint] ... found polling page loop exception at pc = 0x000002291aa34de0, stub =0x000002291a434d80
[2025-05-20T21:03:10.254+0300][16140][18808][debug][safepoint] ... found polling page loop exception at pc = 0x000002291aa34de0, stub =0x000002291a434d80
[2025-05-20T21:03:10.254+0300][16140][16692][debug][safepoint] ... found polling page loop exception at pc = 0x000002291ab947ca, stub =0x000002291a435600
[2025-05-20T21:03:10.254+0300][16140][14288][debug][gc,heap  ] GC(41) Heap before GC invocations=42 (full 3):
[2025-05-20T21:03:10.254+0300][16140][14288][debug][gc,heap  ] GC(41)  PSYoungGen      total 1393664K, used 1389056K [0x00000007aab00000, 0x0000000800000000, 0x0000000800000000)
[2025-05-20T21:03:10.254+0300][16140][14288][debug][gc,heap  ] GC(41)   eden space 1389056K, 100% used [0x00000007aab00000,0x00000007ff780000,0x00000007ff780000)
[2025-05-20T21:03:10.254+0300][16140][14288][debug][gc,heap  ] GC(41)   from space 4608K, 0% used [0x00000007ffb80000,0x00000007ffb80000,0x0000000800000000)
[2025-05-20T21:03:10.254+0300][16140][14288][debug][gc,heap  ] GC(41)   to   space 4096K, 0% used [0x00000007ff780000,0x00000007ff780000,0x00000007ffb80000)
[2025-05-20T21:03:10.254+0300][16140][14288][debug][gc,heap  ] GC(41)  ParOldGen       total 2796544K, used 9910K [0x0000000700000000, 0x00000007aab00000, 0x00000007aab00000)
[2025-05-20T21:03:10.254+0300][16140][14288][debug][gc,heap  ] GC(41)   object space 2796544K, 0% used [0x0000000700000000,0x00000007009adbc0,0x00000007aab00000)
[2025-05-20T21:03:10.254+0300][16140][14288][debug][gc,heap  ] GC(41)  Metaspace       used 8746K, committed 9792K, reserved 1114112K
[2025-05-20T21:03:10.254+0300][16140][14288][debug][gc,heap  ] GC(41)   class space    used 873K, committed 1280K, reserved 1048576K
[2025-05-20T21:03:10.254+0300][16140][14288][debug][gc,phases] GC(41) Scavenge 0.785ms
[2025-05-20T21:03:10.254+0300][16140][14288][debug][gc,phases] GC(41) Reference Processing 0.062ms
[2025-05-20T21:03:10.254+0300][16140][14288][debug][gc,phases] GC(41)   VM Weak                        Min:  0.0, Avg:  0.0, Max:  0.0, Diff:  0.0, Sum:  0.0, Workers: 8
[2025-05-20T21:03:10.254+0300][16140][14288][debug][gc,phases] GC(41)     Dead                           Min: 0, Avg:  0.0, Max: 0, Diff: 0, Sum: 0, Workers: 8
[2025-05-20T21:03:10.254+0300][16140][14288][debug][gc,phases] GC(41)     Total                          Min: 0, Avg: 15.4, Max: 83, Diff: 83, Sum: 123, Workers: 8
[2025-05-20T21:03:10.254+0300][16140][14288][debug][gc,phases] GC(41)   ObjectSynchronizer Weak        Min:  0.0, Avg:  0.0, Max:  0.0, Diff:  0.0, Sum:  0.0, Workers: 8
[2025-05-20T21:03:10.254+0300][16140][14288][debug][gc,phases] GC(41)     Dead                           Min: 0, Avg:  0.0, Max: 0, Diff: 0, Sum: 0, Workers: 8
[2025-05-20T21:03:10.254+0300][16140][14288][debug][gc,phases] GC(41)     Total                          Min: 0, Avg: 18.6, Max: 85, Diff: 85, Sum: 149, Workers: 8
[2025-05-20T21:03:10.254+0300][16140][14288][debug][gc,phases] GC(41)   JVMTI Tag Weak OopStorage      Min:  0.0, Avg:  0.0, Max:  0.0, Diff:  0.0, Sum:  0.0, Workers: 8
[2025-05-20T21:03:10.254+0300][16140][14288][debug][gc,phases] GC(41)     Dead                           Min: 0, Avg:  0.0, Max: 0, Diff: 0, Sum: 0, Workers: 8
[2025-05-20T21:03:10.254+0300][16140][14288][debug][gc,phases] GC(41)     Total                          Min: 0, Avg:  0.0, Max: 0, Diff: 0, Sum: 0, Workers: 8
[2025-05-20T21:03:10.254+0300][16140][14288][debug][gc,phases] GC(41)   StringTable Weak               Min:  0.0, Avg:  0.0, Max:  0.0, Diff:  0.0, Sum:  0.1, Workers: 8
[2025-05-20T21:03:10.254+0300][16140][14288][debug][gc,phases] GC(41)     Dead                           Min: 0, Avg:  0.0, Max: 0, Diff: 0, Sum: 0, Workers: 8
[2025-05-20T21:03:10.254+0300][16140][14288][debug][gc,phases] GC(41)     Total                          Min: 0, Avg: 788.9, Max: 1152, Diff: 1152, Sum: 6311, Workers: 8
[2025-05-20T21:03:10.254+0300][16140][14288][debug][gc,phases] GC(41)   ResolvedMethodTable Weak       Min:  0.0, Avg:  0.0, Max:  0.0, Diff:  0.0, Sum:  0.0, Workers: 8
[2025-05-20T21:03:10.254+0300][16140][14288][debug][gc,phases] GC(41)     Dead                           Min: 0, Avg:  0.0, Max: 0, Diff: 0, Sum: 0, Workers: 8
[2025-05-20T21:03:10.254+0300][16140][14288][debug][gc,phases] GC(41)     Total                          Min: 0, Avg: 112.9, Max: 136, Diff: 136, Sum: 903, Workers: 8
[2025-05-20T21:03:10.254+0300][16140][14288][debug][gc,phases] GC(41)   JNI Weak                       Min:  0.0, Avg:  0.0, Max:  0.0, Diff:  0.0, Sum:  0.0, Workers: 8
[2025-05-20T21:03:10.254+0300][16140][14288][debug][gc,phases] GC(41)     Dead                           Min: 0, Avg:  0.0, Max: 0, Diff: 0, Sum: 0, Workers: 8
[2025-05-20T21:03:10.254+0300][16140][14288][debug][gc,phases] GC(41)     Total                          Min: 0, Avg:  0.0, Max: 0, Diff: 0, Sum: 0, Workers: 8
[2025-05-20T21:03:10.254+0300][16140][14288][debug][gc,phases] GC(41)   StringDedup Table Weak         Min:  0.0, Avg:  0.0, Max:  0.0, Diff:  0.0, Sum:  0.0, Workers: 8
[2025-05-20T21:03:10.254+0300][16140][14288][debug][gc,phases] GC(41)     Dead                           Min: 0, Avg:  0.0, Max: 0, Diff: 0, Sum: 0, Workers: 8
[2025-05-20T21:03:10.254+0300][16140][14288][debug][gc,phases] GC(41)     Total                          Min: 0, Avg:  0.0, Max: 0, Diff: 0, Sum: 0, Workers: 8
[2025-05-20T21:03:10.254+0300][16140][14288][debug][gc,phases] GC(41)   StringDedup Requests0 Weak     Min:  0.0, Avg:  0.0, Max:  0.0, Diff:  0.0, Sum:  0.0, Workers: 8
[2025-05-20T21:03:10.254+0300][16140][14288][debug][gc,phases] GC(41)     Dead                           Min: 0, Avg:  0.0, Max: 0, Diff: 0, Sum: 0, Workers: 8
[2025-05-20T21:03:10.254+0300][16140][14288][debug][gc,phases] GC(41)     Total                          Min: 0, Avg:  0.0, Max: 0, Diff: 0, Sum: 0, Workers: 8
[2025-05-20T21:03:10.254+0300][16140][14288][debug][gc,phases] GC(41)   StringDedup Requests1 Weak     Min:  0.0, Avg:  0.0, Max:  0.0, Diff:  0.0, Sum:  0.0, Workers: 8
[2025-05-20T21:03:10.254+0300][16140][14288][debug][gc,phases] GC(41)     Dead                           Min: 0, Avg:  0.0, Max: 0, Diff: 0, Sum: 0, Workers: 8
[2025-05-20T21:03:10.254+0300][16140][14288][debug][gc,phases] GC(41)     Total                          Min: 0, Avg:  0.0, Max: 0, Diff: 0, Sum: 0, Workers: 8
[2025-05-20T21:03:10.254+0300][16140][14288][debug][gc,phases] GC(41)   Weak JFR Old Object Samples    Min:  0.0, Avg:  0.0, Max:  0.0, Diff:  0.0, Sum:  0.0, Workers: 8
[2025-05-20T21:03:10.254+0300][16140][14288][debug][gc,phases] GC(41)     Dead                           Min: 0, Avg:  0.0, Max: 0, Diff: 0, Sum: 0, Workers: 8
[2025-05-20T21:03:10.254+0300][16140][14288][debug][gc,phases] GC(41)     Total                          Min: 0, Avg:  0.0, Max: 0, Diff: 0, Sum: 0, Workers: 8
[2025-05-20T21:03:10.254+0300][16140][14288][debug][gc,phases] GC(41) Weak Processing 0.602ms
[2025-05-20T21:03:10.254+0300][16140][14288][info ][gc,heap  ] GC(41) PSYoungGen: 1389056K(1393664K)->2880K(1393152K) Eden: 1389056K(1389056K)->0K(1389056K) From: 0K(4608K)->2880K(4096K)
[2025-05-20T21:03:10.254+0300][16140][14288][info ][gc,heap  ] GC(41) ParOldGen: 9910K(2796544K)->14006K(2796544K)
[2025-05-20T21:03:10.254+0300][16140][14288][info ][gc       ] GC(41) Pause Young (Allocation Failure) 1366M->16M(4091M) 1.594ms
[2025-05-20T21:03:10.254+0300][16140][14288][debug][gc,heap  ] GC(41) Heap after GC invocations=42 (full 3):
[2025-05-20T21:03:10.254+0300][16140][14288][debug][gc,heap  ] GC(41)  PSYoungGen      total 1393152K, used 2880K [0x00000007aab00000, 0x0000000800000000, 0x0000000800000000)
[2025-05-20T21:03:10.254+0300][16140][14288][debug][gc,heap  ] GC(41)   eden space 1389056K, 0% used [0x00000007aab00000,0x00000007aab00000,0x00000007ff780000)
[2025-05-20T21:03:10.254+0300][16140][14288][debug][gc,heap  ] GC(41)   from space 4096K, 70% used [0x00000007ff780000,0x00000007ffa500d0,0x00000007ffb80000)
[2025-05-20T21:03:10.254+0300][16140][14288][debug][gc,heap  ] GC(41)   to   space 4608K, 0% used [0x00000007ffb80000,0x00000007ffb80000,0x0000000800000000)
[2025-05-20T21:03:10.254+0300][16140][14288][debug][gc,heap  ] GC(41)  ParOldGen       total 2796544K, used 14006K [0x0000000700000000, 0x00000007aab00000, 0x00000007aab00000)
[2025-05-20T21:03:10.254+0300][16140][14288][debug][gc,heap  ] GC(41)   object space 2796544K, 0% used [0x0000000700000000,0x0000000700dadbe0,0x00000007aab00000)
[2025-05-20T21:03:10.254+0300][16140][14288][debug][gc,heap  ] GC(41)  Metaspace       used 8746K, committed 9792K, reserved 1114112K
[2025-05-20T21:03:10.254+0300][16140][14288][debug][gc,heap  ] GC(41)   class space    used 873K, committed 1280K, reserved 1048576K
[2025-05-20T21:03:10.254+0300][16140][14288][info ][safepoint] Safepoint "ParallelGCFailedAllocation", Time since last: 424821800 ns, Reaching safepoint: 414500 ns, Cleanup: 35600 ns, At safepoint: 1992500 ns, Total: 2442600 ns
[2025-05-20T21:03:10.666+0300][16140][14288][debug][safepoint] Safepoint synchronization initiated using striped semaphore wait barrier. (20 threads)
[2025-05-20T21:03:10.666+0300][16140][15492][debug][safepoint] ... found polling page loop exception at pc = 0x000002291aa8e2d2, stub =0x000002291a435600
[2025-05-20T21:03:10.666+0300][16140][16692][debug][safepoint] ... found polling page loop exception at pc = 0x000002291aa34de0, stub =0x000002291a434d80
[2025-05-20T21:03:10.666+0300][16140][18808][debug][safepoint] ... found polling page loop exception at pc = 0x000002291ac02f64, stub =0x000002291a434d80
[2025-05-20T21:03:10.666+0300][16140][23060][debug][safepoint] ... found polling page loop exception at pc = 0x000002291aa34de0, stub =0x000002291a434d80
[2025-05-20T21:03:10.666+0300][16140][14288][debug][gc,heap  ] GC(42) Heap before GC invocations=43 (full 3):
[2025-05-20T21:03:10.666+0300][16140][14288][debug][gc,heap  ] GC(42)  PSYoungGen      total 1393152K, used 1391936K [0x00000007aab00000, 0x0000000800000000, 0x0000000800000000)
[2025-05-20T21:03:10.666+0300][16140][14288][debug][gc,heap  ] GC(42)   eden space 1389056K, 100% used [0x00000007aab00000,0x00000007ff780000,0x00000007ff780000)
[2025-05-20T21:03:10.666+0300][16140][14288][debug][gc,heap  ] GC(42)   from space 4096K, 70% used [0x00000007ff780000,0x00000007ffa500d0,0x00000007ffb80000)
[2025-05-20T21:03:10.666+0300][16140][14288][debug][gc,heap  ] GC(42)   to   space 4608K, 0% used [0x00000007ffb80000,0x00000007ffb80000,0x0000000800000000)
[2025-05-20T21:03:10.666+0300][16140][14288][debug][gc,heap  ] GC(42)  ParOldGen       total 2796544K, used 14006K [0x0000000700000000, 0x00000007aab00000, 0x00000007aab00000)
[2025-05-20T21:03:10.666+0300][16140][14288][debug][gc,heap  ] GC(42)   object space 2796544K, 0% used [0x0000000700000000,0x0000000700dadbe0,0x00000007aab00000)
[2025-05-20T21:03:10.666+0300][16140][14288][debug][gc,heap  ] GC(42)  Metaspace       used 8746K, committed 9792K, reserved 1114112K
[2025-05-20T21:03:10.666+0300][16140][14288][debug][gc,heap  ] GC(42)   class space    used 873K, committed 1280K, reserved 1048576K
[2025-05-20T21:03:10.666+0300][16140][14288][debug][gc,phases] GC(42) Scavenge 0.612ms
[2025-05-20T21:03:10.666+0300][16140][14288][debug][gc,phases] GC(42) Reference Processing 0.060ms
[2025-05-20T21:03:10.666+0300][16140][14288][debug][gc,phases] GC(42)   VM Weak                        Min:  0.0, Avg:  0.0, Max:  0.0, Diff:  0.0, Sum:  0.0, Workers: 8
[2025-05-20T21:03:10.666+0300][16140][14288][debug][gc,phases] GC(42)     Dead                           Min: 0, Avg:  0.0, Max: 0, Diff: 0, Sum: 0, Workers: 8
[2025-05-20T21:03:10.666+0300][16140][14288][debug][gc,phases] GC(42)     Total                          Min: 0, Avg: 15.4, Max: 91, Diff: 91, Sum: 123, Workers: 8
[2025-05-20T21:03:10.666+0300][16140][14288][debug][gc,phases] GC(42)   ObjectSynchronizer Weak        Min:  0.0, Avg:  0.0, Max:  0.0, Diff:  0.0, Sum:  0.0, Workers: 8
[2025-05-20T21:03:10.666+0300][16140][14288][debug][gc,phases] GC(42)     Dead                           Min: 0, Avg:  0.0, Max: 0, Diff: 0, Sum: 0, Workers: 8
[2025-05-20T21:03:10.666+0300][16140][14288][debug][gc,phases] GC(42)     Total                          Min: 0, Avg: 18.6, Max: 85, Diff: 85, Sum: 149, Workers: 8
[2025-05-20T21:03:10.666+0300][16140][14288][debug][gc,phases] GC(42)   JVMTI Tag Weak OopStorage      Min:  0.0, Avg:  0.0, Max:  0.0, Diff:  0.0, Sum:  0.0, Workers: 8
[2025-05-20T21:03:10.666+0300][16140][14288][debug][gc,phases] GC(42)     Dead                           Min: 0, Avg:  0.0, Max: 0, Diff: 0, Sum: 0, Workers: 8
[2025-05-20T21:03:10.666+0300][16140][14288][debug][gc,phases] GC(42)     Total                          Min: 0, Avg:  0.0, Max: 0, Diff: 0, Sum: 0, Workers: 8
[2025-05-20T21:03:10.666+0300][16140][14288][debug][gc,phases] GC(42)   StringTable Weak               Min:  0.0, Avg:  0.0, Max:  0.0, Diff:  0.0, Sum:  0.1, Workers: 8
[2025-05-20T21:03:10.666+0300][16140][14288][debug][gc,phases] GC(42)     Dead                           Min: 0, Avg:  0.0, Max: 0, Diff: 0, Sum: 0, Workers: 8
[2025-05-20T21:03:10.666+0300][16140][14288][debug][gc,phases] GC(42)     Total                          Min: 0, Avg: 788.9, Max: 1255, Diff: 1255, Sum: 6311, Workers: 8
[2025-05-20T21:03:10.666+0300][16140][14288][debug][gc,phases] GC(42)   ResolvedMethodTable Weak       Min:  0.0, Avg:  0.0, Max:  0.0, Diff:  0.0, Sum:  0.0, Workers: 8
[2025-05-20T21:03:10.666+0300][16140][14288][debug][gc,phases] GC(42)     Dead                           Min: 0, Avg:  0.0, Max: 0, Diff: 0, Sum: 0, Workers: 8
[2025-05-20T21:03:10.666+0300][16140][14288][debug][gc,phases] GC(42)     Total                          Min: 0, Avg: 112.9, Max: 136, Diff: 136, Sum: 903, Workers: 8
[2025-05-20T21:03:10.666+0300][16140][14288][debug][gc,phases] GC(42)   JNI Weak                       Min:  0.0, Avg:  0.0, Max:  0.0, Diff:  0.0, Sum:  0.0, Workers: 8
[2025-05-20T21:03:10.666+0300][16140][14288][debug][gc,phases] GC(42)     Dead                           Min: 0, Avg:  0.0, Max: 0, Diff: 0, Sum: 0, Workers: 8
[2025-05-20T21:03:10.666+0300][16140][14288][debug][gc,phases] GC(42)     Total                          Min: 0, Avg:  0.0, Max: 0, Diff: 0, Sum: 0, Workers: 8
[2025-05-20T21:03:10.666+0300][16140][14288][debug][gc,phases] GC(42)   StringDedup Table Weak         Min:  0.0, Avg:  0.0, Max:  0.0, Diff:  0.0, Sum:  0.0, Workers: 8
[2025-05-20T21:03:10.666+0300][16140][14288][debug][gc,phases] GC(42)     Dead                           Min: 0, Avg:  0.0, Max: 0, Diff: 0, Sum: 0, Workers: 8
[2025-05-20T21:03:10.666+0300][16140][14288][debug][gc,phases] GC(42)     Total                          Min: 0, Avg:  0.0, Max: 0, Diff: 0, Sum: 0, Workers: 8
[2025-05-20T21:03:10.666+0300][16140][14288][debug][gc,phases] GC(42)   StringDedup Requests0 Weak     Min:  0.0, Avg:  0.0, Max:  0.0, Diff:  0.0, Sum:  0.0, Workers: 8
[2025-05-20T21:03:10.666+0300][16140][14288][debug][gc,phases] GC(42)     Dead                           Min: 0, Avg:  0.0, Max: 0, Diff: 0, Sum: 0, Workers: 8
[2025-05-20T21:03:10.666+0300][16140][14288][debug][gc,phases] GC(42)     Total                          Min: 0, Avg:  0.0, Max: 0, Diff: 0, Sum: 0, Workers: 8
[2025-05-20T21:03:10.666+0300][16140][14288][debug][gc,phases] GC(42)   StringDedup Requests1 Weak     Min:  0.0, Avg:  0.0, Max:  0.0, Diff:  0.0, Sum:  0.0, Workers: 8
[2025-05-20T21:03:10.666+0300][16140][14288][debug][gc,phases] GC(42)     Dead                           Min: 0, Avg:  0.0, Max: 0, Diff: 0, Sum: 0, Workers: 8
[2025-05-20T21:03:10.666+0300][16140][14288][debug][gc,phases] GC(42)     Total                          Min: 0, Avg:  0.0, Max: 0, Diff: 0, Sum: 0, Workers: 8
[2025-05-20T21:03:10.666+0300][16140][14288][debug][gc,phases] GC(42)   Weak JFR Old Object Samples    Min:  0.0, Avg:  0.0, Max:  0.0, Diff:  0.0, Sum:  0.0, Workers: 8
[2025-05-20T21:03:10.666+0300][16140][14288][debug][gc,phases] GC(42)     Dead                           Min: 0, Avg:  0.0, Max: 0, Diff: 0, Sum: 0, Workers: 8
[2025-05-20T21:03:10.666+0300][16140][14288][debug][gc,phases] GC(42)     Total                          Min: 0, Avg:  0.0, Max: 0, Diff: 0, Sum: 0, Workers: 8
[2025-05-20T21:03:10.666+0300][16140][14288][debug][gc,phases] GC(42) Weak Processing 0.623ms
[2025-05-20T21:03:10.666+0300][16140][14288][info ][gc,heap  ] GC(42) PSYoungGen: 1391936K(1393152K)->512K(1393152K) Eden: 1389056K(1389056K)->0K(1388544K) From: 2880K(4096K)->512K(4608K)
[2025-05-20T21:03:10.666+0300][16140][14288][info ][gc,heap  ] GC(42) ParOldGen: 14006K(2796544K)->16338K(2796544K)
[2025-05-20T21:03:10.666+0300][16140][14288][info ][gc       ] GC(42) Pause Young (Allocation Failure) 1372M->16M(4091M) 1.443ms
[2025-05-20T21:03:10.666+0300][16140][14288][debug][gc,heap  ] GC(42) Heap after GC invocations=43 (full 3):
[2025-05-20T21:03:10.666+0300][16140][14288][debug][gc,heap  ] GC(42)  PSYoungGen      total 1393152K, used 512K [0x00000007aab00000, 0x0000000800000000, 0x0000000800000000)
[2025-05-20T21:03:10.666+0300][16140][14288][debug][gc,heap  ] GC(42)   eden space 1388544K, 0% used [0x00000007aab00000,0x00000007aab00000,0x00000007ff700000)
[2025-05-20T21:03:10.666+0300][16140][14288][debug][gc,heap  ] GC(42)   from space 4608K, 11% used [0x00000007ffb80000,0x00000007ffc000e0,0x0000000800000000)
[2025-05-20T21:03:10.666+0300][16140][14288][debug][gc,heap  ] GC(42)   to   space 4608K, 0% used [0x00000007ff700000,0x00000007ff700000,0x00000007ffb80000)
[2025-05-20T21:03:10.666+0300][16140][14288][debug][gc,heap  ] GC(42)  ParOldGen       total 2796544K, used 16338K [0x0000000700000000, 0x00000007aab00000, 0x00000007aab00000)
[2025-05-20T21:03:10.666+0300][16140][14288][debug][gc,heap  ] GC(42)   object space 2796544K, 0% used [0x0000000700000000,0x0000000700ff4b30,0x00000007aab00000)
[2025-05-20T21:03:10.666+0300][16140][14288][debug][gc,heap  ] GC(42)  Metaspace       used 8746K, committed 9792K, reserved 1114112K
[2025-05-20T21:03:10.666+0300][16140][14288][debug][gc,heap  ] GC(42)   class space    used 873K, committed 1280K, reserved 1048576K
[2025-05-20T21:03:10.666+0300][16140][14288][info ][safepoint] Safepoint "ParallelGCFailedAllocation", Time since last: 410077000 ns, Reaching safepoint: 304300 ns, Cleanup: 7400 ns, At safepoint: 1906000 ns, Total: 2217700 ns
[2025-05-20T21:03:11.101+0300][16140][14288][debug][safepoint] Safepoint synchronization initiated using striped semaphore wait barrier. (19 threads)
[2025-05-20T21:03:11.101+0300][16140][6880 ][debug][safepoint] ... found polling page loop exception at pc = 0x000002291aa34de0, stub =0x000002291a434d80
[2025-05-20T21:03:11.101+0300][16140][13892][debug][safepoint] ... found polling page loop exception at pc = 0x000002291aa34de0, stub =0x000002291a434d80
[2025-05-20T21:03:11.101+0300][16140][10436][debug][safepoint] ... found polling page loop exception at pc = 0x000002291aa34de0, stub =0x000002291a434d80
[2025-05-20T21:03:11.101+0300][16140][16692][debug][safepoint] ... found polling page loop exception at pc = 0x000002291aa34de0, stub =0x000002291a434d80
[2025-05-20T21:03:11.101+0300][16140][14288][debug][gc,heap  ] GC(43) Heap before GC invocations=44 (full 3):
[2025-05-20T21:03:11.101+0300][16140][14288][debug][gc,heap  ] GC(43)  PSYoungGen      total 1393152K, used 1389056K [0x00000007aab00000, 0x0000000800000000, 0x0000000800000000)
[2025-05-20T21:03:11.101+0300][16140][14288][debug][gc,heap  ] GC(43)   eden space 1388544K, 100% used [0x00000007aab00000,0x00000007ff700000,0x00000007ff700000)
[2025-05-20T21:03:11.101+0300][16140][14288][debug][gc,heap  ] GC(43)   from space 4608K, 11% used [0x00000007ffb80000,0x00000007ffc000e0,0x0000000800000000)
[2025-05-20T21:03:11.101+0300][16140][14288][debug][gc,heap  ] GC(43)   to   space 4608K, 0% used [0x00000007ff700000,0x00000007ff700000,0x00000007ffb80000)
[2025-05-20T21:03:11.101+0300][16140][14288][debug][gc,heap  ] GC(43)  ParOldGen       total 2796544K, used 16338K [0x0000000700000000, 0x00000007aab00000, 0x00000007aab00000)
[2025-05-20T21:03:11.101+0300][16140][14288][debug][gc,heap  ] GC(43)   object space 2796544K, 0% used [0x0000000700000000,0x0000000700ff4b30,0x00000007aab00000)
[2025-05-20T21:03:11.101+0300][16140][14288][debug][gc,heap  ] GC(43)  Metaspace       used 8746K, committed 9792K, reserved 1114112K
[2025-05-20T21:03:11.101+0300][16140][14288][debug][gc,heap  ] GC(43)   class space    used 873K, committed 1280K, reserved 1048576K
[2025-05-20T21:03:11.101+0300][16140][14288][debug][gc,phases] GC(43) Scavenge 0.305ms
[2025-05-20T21:03:11.101+0300][16140][14288][debug][gc,phases] GC(43) Reference Processing 0.052ms
[2025-05-20T21:03:11.103+0300][16140][14288][debug][gc,phases] GC(43)   VM Weak                        Min:  0.0, Avg:  0.0, Max:  0.0, Diff:  0.0, Sum:  0.0, Workers: 8
[2025-05-20T21:03:11.103+0300][16140][14288][debug][gc,phases] GC(43)     Dead                           Min: 0, Avg:  0.0, Max: 0, Diff: 0, Sum: 0, Workers: 8
[2025-05-20T21:03:11.103+0300][16140][14288][debug][gc,phases] GC(43)     Total                          Min: 0, Avg: 15.4, Max: 103, Diff: 103, Sum: 123, Workers: 8
[2025-05-20T21:03:11.103+0300][16140][14288][debug][gc,phases] GC(43)   ObjectSynchronizer Weak        Min:  0.0, Avg:  0.0, Max:  0.0, Diff:  0.0, Sum:  0.0, Workers: 8
[2025-05-20T21:03:11.103+0300][16140][14288][debug][gc,phases] GC(43)     Dead                           Min: 0, Avg:  0.0, Max: 0, Diff: 0, Sum: 0, Workers: 8
[2025-05-20T21:03:11.103+0300][16140][14288][debug][gc,phases] GC(43)     Total                          Min: 0, Avg: 18.6, Max: 85, Diff: 85, Sum: 149, Workers: 8
[2025-05-20T21:03:11.103+0300][16140][14288][debug][gc,phases] GC(43)   JVMTI Tag Weak OopStorage      Min:  0.0, Avg:  0.0, Max:  0.0, Diff:  0.0, Sum:  0.0, Workers: 8
[2025-05-20T21:03:11.103+0300][16140][14288][debug][gc,phases] GC(43)     Dead                           Min: 0, Avg:  0.0, Max: 0, Diff: 0, Sum: 0, Workers: 8
[2025-05-20T21:03:11.103+0300][16140][14288][debug][gc,phases] GC(43)     Total                          Min: 0, Avg:  0.0, Max: 0, Diff: 0, Sum: 0, Workers: 8
[2025-05-20T21:03:11.103+0300][16140][14288][debug][gc,phases] GC(43)   StringTable Weak               Min:  0.0, Avg:  0.0, Max:  0.0, Diff:  0.0, Sum:  0.1, Workers: 8
[2025-05-20T21:03:11.103+0300][16140][14288][debug][gc,phases] GC(43)     Dead                           Min: 0, Avg:  0.0, Max: 0, Diff: 0, Sum: 0, Workers: 8
[2025-05-20T21:03:11.103+0300][16140][14288][debug][gc,phases] GC(43)     Total                          Min: 0, Avg: 788.9, Max: 1280, Diff: 1280, Sum: 6311, Workers: 8
[2025-05-20T21:03:11.103+0300][16140][14288][debug][gc,phases] GC(43)   ResolvedMethodTable Weak       Min:  0.0, Avg:  0.0, Max:  0.0, Diff:  0.0, Sum:  0.0, Workers: 8
[2025-05-20T21:03:11.103+0300][16140][14288][debug][gc,phases] GC(43)     Dead                           Min: 0, Avg:  0.0, Max: 0, Diff: 0, Sum: 0, Workers: 8
[2025-05-20T21:03:11.103+0300][16140][14288][debug][gc,phases] GC(43)     Total                          Min: 0, Avg: 112.9, Max: 191, Diff: 191, Sum: 903, Workers: 8
[2025-05-20T21:03:11.103+0300][16140][14288][debug][gc,phases] GC(43)   JNI Weak                       Min:  0.0, Avg:  0.0, Max:  0.0, Diff:  0.0, Sum:  0.0, Workers: 8
[2025-05-20T21:03:11.103+0300][16140][14288][debug][gc,phases] GC(43)     Dead                           Min: 0, Avg:  0.0, Max: 0, Diff: 0, Sum: 0, Workers: 8
[2025-05-20T21:03:11.103+0300][16140][14288][debug][gc,phases] GC(43)     Total                          Min: 0, Avg:  0.0, Max: 0, Diff: 0, Sum: 0, Workers: 8
[2025-05-20T21:03:11.103+0300][16140][14288][debug][gc,phases] GC(43)   StringDedup Table Weak         Min:  0.0, Avg:  0.0, Max:  0.0, Diff:  0.0, Sum:  0.0, Workers: 8
[2025-05-20T21:03:11.103+0300][16140][14288][debug][gc,phases] GC(43)     Dead                           Min: 0, Avg:  0.0, Max: 0, Diff: 0, Sum: 0, Workers: 8
[2025-05-20T21:03:11.103+0300][16140][14288][debug][gc,phases] GC(43)     Total                          Min: 0, Avg:  0.0, Max: 0, Diff: 0, Sum: 0, Workers: 8
[2025-05-20T21:03:11.103+0300][16140][14288][debug][gc,phases] GC(43)   StringDedup Requests0 Weak     Min:  0.0, Avg:  0.0, Max:  0.0, Diff:  0.0, Sum:  0.0, Workers: 8
[2025-05-20T21:03:11.103+0300][16140][14288][debug][gc,phases] GC(43)     Dead                           Min: 0, Avg:  0.0, Max: 0, Diff: 0, Sum: 0, Workers: 8
[2025-05-20T21:03:11.103+0300][16140][14288][debug][gc,phases] GC(43)     Total                          Min: 0, Avg:  0.0, Max: 0, Diff: 0, Sum: 0, Workers: 8
[2025-05-20T21:03:11.103+0300][16140][14288][debug][gc,phases] GC(43)   StringDedup Requests1 Weak     Min:  0.0, Avg:  0.0, Max:  0.0, Diff:  0.0, Sum:  0.0, Workers: 8
[2025-05-20T21:03:11.103+0300][16140][14288][debug][gc,phases] GC(43)     Dead                           Min: 0, Avg:  0.0, Max: 0, Diff: 0, Sum: 0, Workers: 8
[2025-05-20T21:03:11.103+0300][16140][14288][debug][gc,phases] GC(43)     Total                          Min: 0, Avg:  0.0, Max: 0, Diff: 0, Sum: 0, Workers: 8
[2025-05-20T21:03:11.103+0300][16140][14288][debug][gc,phases] GC(43)   Weak JFR Old Object Samples    Min:  0.0, Avg:  0.0, Max:  0.0, Diff:  0.0, Sum:  0.0, Workers: 8
[2025-05-20T21:03:11.103+0300][16140][14288][debug][gc,phases] GC(43)     Dead                           Min: 0, Avg:  0.0, Max: 0, Diff: 0, Sum: 0, Workers: 8
[2025-05-20T21:03:11.103+0300][16140][14288][debug][gc,phases] GC(43)     Total                          Min: 0, Avg:  0.0, Max: 0, Diff: 0, Sum: 0, Workers: 8
[2025-05-20T21:03:11.103+0300][16140][14288][debug][gc,phases] GC(43) Weak Processing 0.667ms
[2025-05-20T21:03:11.103+0300][16140][14288][info ][gc,heap  ] GC(43) PSYoungGen: 1389056K(1393152K)->512K(1393152K) Eden: 1388544K(1388544K)->0K(1388544K) From: 512K(4608K)->512K(4608K)
[2025-05-20T21:03:11.103+0300][16140][14288][info ][gc,heap  ] GC(43) ParOldGen: 16338K(2796544K)->16402K(2796544K)
[2025-05-20T21:03:11.103+0300][16140][14288][info ][gc       ] GC(43) Pause Young (Allocation Failure) 1372M->16M(4091M) 1.153ms
[2025-05-20T21:03:11.103+0300][16140][14288][debug][gc,heap  ] GC(43) Heap after GC invocations=44 (full 3):
[2025-05-20T21:03:11.103+0300][16140][14288][debug][gc,heap  ] GC(43)  PSYoungGen      total 1393152K, used 512K [0x00000007aab00000, 0x0000000800000000, 0x0000000800000000)
[2025-05-20T21:03:11.103+0300][16140][14288][debug][gc,heap  ] GC(43)   eden space 1388544K, 0% used [0x00000007aab00000,0x00000007aab00000,0x00000007ff700000)
[2025-05-20T21:03:11.103+0300][16140][14288][debug][gc,heap  ] GC(43)   from space 4608K, 11% used [0x00000007ff700000,0x00000007ff780100,0x00000007ffb80000)
[2025-05-20T21:03:11.103+0300][16140][14288][debug][gc,heap  ] GC(43)   to   space 4096K, 0% used [0x00000007ffc00000,0x00000007ffc00000,0x0000000800000000)
[2025-05-20T21:03:11.103+0300][16140][14288][debug][gc,heap  ] GC(43)  ParOldGen       total 2796544K, used 16402K [0x0000000700000000, 0x00000007aab00000, 0x00000007aab00000)
[2025-05-20T21:03:11.103+0300][16140][14288][debug][gc,heap  ] GC(43)   object space 2796544K, 0% used [0x0000000700000000,0x0000000701004b30,0x00000007aab00000)
[2025-05-20T21:03:11.103+0300][16140][14288][debug][gc,heap  ] GC(43)  Metaspace       used 8746K, committed 9792K, reserved 1114112K
[2025-05-20T21:03:11.103+0300][16140][14288][debug][gc,heap  ] GC(43)   class space    used 873K, committed 1280K, reserved 1048576K
[2025-05-20T21:03:11.103+0300][16140][14288][info ][safepoint] Safepoint "ParallelGCFailedAllocation", Time since last: 432470800 ns, Reaching safepoint: 386600 ns, Cleanup: 8100 ns, At safepoint: 1547400 ns, Total: 1942100 ns
[2025-05-20T21:03:11.500+0300][16140][14288][debug][safepoint] Safepoint synchronization initiated using striped semaphore wait barrier. (19 threads)
[2025-05-20T21:03:11.500+0300][16140][13892][debug][safepoint] ... found polling page loop exception at pc = 0x000002291aa34de0, stub =0x000002291a434d80
[2025-05-20T21:03:11.500+0300][16140][10680][debug][safepoint] ... found polling page loop exception at pc = 0x000002291aa34de0, stub =0x000002291a434d80
[2025-05-20T21:03:11.500+0300][16140][18808][debug][safepoint] ... found polling page loop exception at pc = 0x000002291aa34de0, stub =0x000002291a434d80
[2025-05-20T21:03:11.500+0300][16140][16692][debug][safepoint] ... found polling page loop exception at pc = 0x000002291aa34de0, stub =0x000002291a434d80
[2025-05-20T21:03:11.500+0300][16140][6880 ][debug][safepoint] ... found polling page loop exception at pc = 0x000002291aa34de0, stub =0x000002291a434d80
[2025-05-20T21:03:11.500+0300][16140][15492][debug][safepoint] ... found polling page loop exception at pc = 0x000002291aa34de0, stub =0x000002291a434d80
[2025-05-20T21:03:11.500+0300][16140][14288][debug][gc,heap  ] GC(44) Heap before GC invocations=45 (full 3):
[2025-05-20T21:03:11.500+0300][16140][14288][debug][gc,heap  ] GC(44)  PSYoungGen      total 1393152K, used 1389056K [0x00000007aab00000, 0x0000000800000000, 0x0000000800000000)
[2025-05-20T21:03:11.500+0300][16140][14288][debug][gc,heap  ] GC(44)   eden space 1388544K, 100% used [0x00000007aab00000,0x00000007ff700000,0x00000007ff700000)
[2025-05-20T21:03:11.500+0300][16140][14288][debug][gc,heap  ] GC(44)   from space 4608K, 11% used [0x00000007ff700000,0x00000007ff780100,0x00000007ffb80000)
[2025-05-20T21:03:11.500+0300][16140][14288][debug][gc,heap  ] GC(44)   to   space 4096K, 0% used [0x00000007ffc00000,0x00000007ffc00000,0x0000000800000000)
[2025-05-20T21:03:11.500+0300][16140][14288][debug][gc,heap  ] GC(44)  ParOldGen       total 2796544K, used 16402K [0x0000000700000000, 0x00000007aab00000, 0x00000007aab00000)
[2025-05-20T21:03:11.500+0300][16140][14288][debug][gc,heap  ] GC(44)   object space 2796544K, 0% used [0x0000000700000000,0x0000000701004b30,0x00000007aab00000)
[2025-05-20T21:03:11.500+0300][16140][14288][debug][gc,heap  ] GC(44)  Metaspace       used 8746K, committed 9792K, reserved 1114112K
[2025-05-20T21:03:11.500+0300][16140][14288][debug][gc,heap  ] GC(44)   class space    used 873K, committed 1280K, reserved 1048576K
[2025-05-20T21:03:11.500+0300][16140][14288][debug][gc,phases] GC(44) Scavenge 0.355ms
[2025-05-20T21:03:11.500+0300][16140][14288][debug][gc,phases] GC(44) Reference Processing 0.060ms
[2025-05-20T21:03:11.500+0300][16140][14288][debug][gc,phases] GC(44)   VM Weak                        Min:  0.0, Avg:  0.0, Max:  0.0, Diff:  0.0, Sum:  0.0, Workers: 8
[2025-05-20T21:03:11.500+0300][16140][14288][debug][gc,phases] GC(44)     Dead                           Min: 0, Avg:  0.0, Max: 0, Diff: 0, Sum: 0, Workers: 8
[2025-05-20T21:03:11.500+0300][16140][14288][debug][gc,phases] GC(44)     Total                          Min: 0, Avg: 15.4, Max: 123, Diff: 123, Sum: 123, Workers: 8
[2025-05-20T21:03:11.500+0300][16140][14288][debug][gc,phases] GC(44)   ObjectSynchronizer Weak        Min:  0.0, Avg:  0.0, Max:  0.0, Diff:  0.0, Sum:  0.0, Workers: 8
[2025-05-20T21:03:11.500+0300][16140][14288][debug][gc,phases] GC(44)     Dead                           Min: 0, Avg:  0.0, Max: 0, Diff: 0, Sum: 0, Workers: 8
[2025-05-20T21:03:11.500+0300][16140][14288][debug][gc,phases] GC(44)     Total                          Min: 0, Avg: 18.6, Max: 85, Diff: 85, Sum: 149, Workers: 8
[2025-05-20T21:03:11.500+0300][16140][14288][debug][gc,phases] GC(44)   JVMTI Tag Weak OopStorage      Min:  0.0, Avg:  0.0, Max:  0.0, Diff:  0.0, Sum:  0.0, Workers: 8
[2025-05-20T21:03:11.500+0300][16140][14288][debug][gc,phases] GC(44)     Dead                           Min: 0, Avg:  0.0, Max: 0, Diff: 0, Sum: 0, Workers: 8
[2025-05-20T21:03:11.500+0300][16140][14288][debug][gc,phases] GC(44)     Total                          Min: 0, Avg:  0.0, Max: 0, Diff: 0, Sum: 0, Workers: 8
[2025-05-20T21:03:11.500+0300][16140][14288][debug][gc,phases] GC(44)   StringTable Weak               Min:  0.0, Avg:  0.0, Max:  0.0, Diff:  0.0, Sum:  0.1, Workers: 8
[2025-05-20T21:03:11.500+0300][16140][14288][debug][gc,phases] GC(44)     Dead                           Min: 0, Avg:  0.0, Max: 0, Diff: 0, Sum: 0, Workers: 8
[2025-05-20T21:03:11.500+0300][16140][14288][debug][gc,phases] GC(44)     Total                          Min: 704, Avg: 788.9, Max: 896, Diff: 192, Sum: 6311, Workers: 8
[2025-05-20T21:03:11.500+0300][16140][14288][debug][gc,phases] GC(44)   ResolvedMethodTable Weak       Min:  0.0, Avg:  0.0, Max:  0.0, Diff:  0.0, Sum:  0.0, Workers: 8
[2025-05-20T21:03:11.500+0300][16140][14288][debug][gc,phases] GC(44)     Dead                           Min: 0, Avg:  0.0, Max: 0, Diff: 0, Sum: 0, Workers: 8
[2025-05-20T21:03:11.500+0300][16140][14288][debug][gc,phases] GC(44)     Total                          Min: 64, Avg: 112.9, Max: 128, Diff: 64, Sum: 903, Workers: 8
[2025-05-20T21:03:11.500+0300][16140][14288][debug][gc,phases] GC(44)   JNI Weak                       Min:  0.0, Avg:  0.0, Max:  0.0, Diff:  0.0, Sum:  0.0, Workers: 8
[2025-05-20T21:03:11.500+0300][16140][14288][debug][gc,phases] GC(44)     Dead                           Min: 0, Avg:  0.0, Max: 0, Diff: 0, Sum: 0, Workers: 8
[2025-05-20T21:03:11.500+0300][16140][14288][debug][gc,phases] GC(44)     Total                          Min: 0, Avg:  0.0, Max: 0, Diff: 0, Sum: 0, Workers: 8
[2025-05-20T21:03:11.500+0300][16140][14288][debug][gc,phases] GC(44)   StringDedup Table Weak         Min:  0.0, Avg:  0.0, Max:  0.0, Diff:  0.0, Sum:  0.0, Workers: 8
[2025-05-20T21:03:11.500+0300][16140][14288][debug][gc,phases] GC(44)     Dead                           Min: 0, Avg:  0.0, Max: 0, Diff: 0, Sum: 0, Workers: 8
[2025-05-20T21:03:11.500+0300][16140][14288][debug][gc,phases] GC(44)     Total                          Min: 0, Avg:  0.0, Max: 0, Diff: 0, Sum: 0, Workers: 8
[2025-05-20T21:03:11.500+0300][16140][14288][debug][gc,phases] GC(44)   StringDedup Requests0 Weak     Min:  0.0, Avg:  0.0, Max:  0.0, Diff:  0.0, Sum:  0.0, Workers: 8
[2025-05-20T21:03:11.500+0300][16140][14288][debug][gc,phases] GC(44)     Dead                           Min: 0, Avg:  0.0, Max: 0, Diff: 0, Sum: 0, Workers: 8
[2025-05-20T21:03:11.500+0300][16140][14288][debug][gc,phases] GC(44)     Total                          Min: 0, Avg:  0.0, Max: 0, Diff: 0, Sum: 0, Workers: 8
[2025-05-20T21:03:11.500+0300][16140][14288][debug][gc,phases] GC(44)   StringDedup Requests1 Weak     Min:  0.0, Avg:  0.0, Max:  0.0, Diff:  0.0, Sum:  0.0, Workers: 8
[2025-05-20T21:03:11.500+0300][16140][14288][debug][gc,phases] GC(44)     Dead                           Min: 0, Avg:  0.0, Max: 0, Diff: 0, Sum: 0, Workers: 8
[2025-05-20T21:03:11.500+0300][16140][14288][debug][gc,phases] GC(44)     Total                          Min: 0, Avg:  0.0, Max: 0, Diff: 0, Sum: 0, Workers: 8
[2025-05-20T21:03:11.500+0300][16140][14288][debug][gc,phases] GC(44)   Weak JFR Old Object Samples    Min:  0.0, Avg:  0.0, Max:  0.0, Diff:  0.0, Sum:  0.0, Workers: 8
[2025-05-20T21:03:11.500+0300][16140][14288][debug][gc,phases] GC(44)     Dead                           Min: 0, Avg:  0.0, Max: 0, Diff: 0, Sum: 0, Workers: 8
[2025-05-20T21:03:11.500+0300][16140][14288][debug][gc,phases] GC(44)     Total                          Min: 0, Avg:  0.0, Max: 0, Diff: 0, Sum: 0, Workers: 8
[2025-05-20T21:03:11.500+0300][16140][14288][debug][gc,phases] GC(44) Weak Processing 0.638ms
[2025-05-20T21:03:11.500+0300][16140][14288][info ][gc,heap  ] GC(44) PSYoungGen: 1389056K(1393152K)->512K(1393664K) Eden: 1388544K(1388544K)->0K(1389568K) From: 512K(4608K)->512K(4096K)
[2025-05-20T21:03:11.500+0300][16140][14288][info ][gc,heap  ] GC(44) ParOldGen: 16402K(2796544K)->16458K(2796544K)
[2025-05-20T21:03:11.500+0300][16140][14288][info ][gc       ] GC(44) Pause Young (Allocation Failure) 1372M->16M(4092M) 1.198ms
[2025-05-20T21:03:11.500+0300][16140][14288][debug][gc,heap  ] GC(44) Heap after GC invocations=45 (full 3):
[2025-05-20T21:03:11.500+0300][16140][14288][debug][gc,heap  ] GC(44)  PSYoungGen      total 1393664K, used 512K [0x00000007aab00000, 0x0000000800000000, 0x0000000800000000)
[2025-05-20T21:03:11.500+0300][16140][14288][debug][gc,heap  ] GC(44)   eden space 1389568K, 0% used [0x00000007aab00000,0x00000007aab00000,0x00000007ff800000)
[2025-05-20T21:03:11.500+0300][16140][14288][debug][gc,heap  ] GC(44)   from space 4096K, 12% used [0x00000007ffc00000,0x00000007ffc80100,0x0000000800000000)
[2025-05-20T21:03:11.500+0300][16140][14288][debug][gc,heap  ] GC(44)   to   space 4096K, 0% used [0x00000007ff800000,0x00000007ff800000,0x00000007ffc00000)
[2025-05-20T21:03:11.500+0300][16140][14288][debug][gc,heap  ] GC(44)  ParOldGen       total 2796544K, used 16458K [0x0000000700000000, 0x00000007aab00000, 0x00000007aab00000)
[2025-05-20T21:03:11.500+0300][16140][14288][debug][gc,heap  ] GC(44)   object space 2796544K, 0% used [0x0000000700000000,0x0000000701012b30,0x00000007aab00000)
[2025-05-20T21:03:11.500+0300][16140][14288][debug][gc,heap  ] GC(44)  Metaspace       used 8746K, committed 9792K, reserved 1114112K
[2025-05-20T21:03:11.500+0300][16140][14288][debug][gc,heap  ] GC(44)   class space    used 873K, committed 1280K, reserved 1048576K
[2025-05-20T21:03:11.500+0300][16140][14288][info ][safepoint] Safepoint "ParallelGCFailedAllocation", Time since last: 398281000 ns, Reaching safepoint: 464300 ns, Cleanup: 13300 ns, At safepoint: 1615000 ns, Total: 2092600 ns
[2025-05-20T21:03:11.908+0300][16140][14288][debug][safepoint] Safepoint synchronization initiated using striped semaphore wait barrier. (19 threads)
[2025-05-20T21:03:11.908+0300][16140][13892][debug][safepoint] ... found polling page loop exception at pc = 0x000002291aa34de0, stub =0x000002291a434d80
[2025-05-20T21:03:11.908+0300][16140][15492][debug][safepoint] ... found polling page loop exception at pc = 0x000002291aa34de0, stub =0x000002291a434d80
[2025-05-20T21:03:11.908+0300][16140][16692][debug][safepoint] ... found polling page loop exception at pc = 0x000002291aa34de0, stub =0x000002291a434d80
[2025-05-20T21:03:11.908+0300][16140][23060][debug][safepoint] ... found polling page loop exception at pc = 0x000002291aa34de0, stub =0x000002291a434d80
[2025-05-20T21:03:11.909+0300][16140][14288][debug][gc,heap  ] GC(45) Heap before GC invocations=46 (full 3):
[2025-05-20T21:03:11.909+0300][16140][14288][debug][gc,heap  ] GC(45)  PSYoungGen      total 1393664K, used 1390080K [0x00000007aab00000, 0x0000000800000000, 0x0000000800000000)
[2025-05-20T21:03:11.909+0300][16140][14288][debug][gc,heap  ] GC(45)   eden space 1389568K, 100% used [0x00000007aab00000,0x00000007ff800000,0x00000007ff800000)
[2025-05-20T21:03:11.909+0300][16140][14288][debug][gc,heap  ] GC(45)   from space 4096K, 12% used [0x00000007ffc00000,0x00000007ffc80100,0x0000000800000000)
[2025-05-20T21:03:11.909+0300][16140][14288][debug][gc,heap  ] GC(45)   to   space 4096K, 0% used [0x00000007ff800000,0x00000007ff800000,0x00000007ffc00000)
[2025-05-20T21:03:11.909+0300][16140][14288][debug][gc,heap  ] GC(45)  ParOldGen       total 2796544K, used 16458K [0x0000000700000000, 0x00000007aab00000, 0x00000007aab00000)
[2025-05-20T21:03:11.909+0300][16140][14288][debug][gc,heap  ] GC(45)   object space 2796544K, 0% used [0x0000000700000000,0x0000000701012b30,0x00000007aab00000)
[2025-05-20T21:03:11.909+0300][16140][14288][debug][gc,heap  ] GC(45)  Metaspace       used 8746K, committed 9792K, reserved 1114112K
[2025-05-20T21:03:11.909+0300][16140][14288][debug][gc,heap  ] GC(45)   class space    used 873K, committed 1280K, reserved 1048576K
[2025-05-20T21:03:11.909+0300][16140][14288][debug][gc,phases] GC(45) Scavenge 0.259ms
[2025-05-20T21:03:11.909+0300][16140][14288][debug][gc,phases] GC(45) Reference Processing 0.060ms
[2025-05-20T21:03:11.909+0300][16140][14288][debug][gc,phases] GC(45)   VM Weak                        Min:  0.0, Avg:  0.0, Max:  0.0, Diff:  0.0, Sum:  0.0, Workers: 8
[2025-05-20T21:03:11.909+0300][16140][14288][debug][gc,phases] GC(45)     Dead                           Min: 0, Avg:  0.0, Max: 0, Diff: 0, Sum: 0, Workers: 8
[2025-05-20T21:03:11.909+0300][16140][14288][debug][gc,phases] GC(45)     Total                          Min: 0, Avg: 15.4, Max: 123, Diff: 123, Sum: 123, Workers: 8
[2025-05-20T21:03:11.909+0300][16140][14288][debug][gc,phases] GC(45)   ObjectSynchronizer Weak        Min:  0.0, Avg:  0.0, Max:  0.0, Diff:  0.0, Sum:  0.0, Workers: 8
[2025-05-20T21:03:11.909+0300][16140][14288][debug][gc,phases] GC(45)     Dead                           Min: 0, Avg:  0.0, Max: 0, Diff: 0, Sum: 0, Workers: 8
[2025-05-20T21:03:11.909+0300][16140][14288][debug][gc,phases] GC(45)     Total                          Min: 0, Avg: 18.6, Max: 128, Diff: 128, Sum: 149, Workers: 8
[2025-05-20T21:03:11.909+0300][16140][14288][debug][gc,phases] GC(45)   JVMTI Tag Weak OopStorage      Min:  0.0, Avg:  0.0, Max:  0.0, Diff:  0.0, Sum:  0.0, Workers: 8
[2025-05-20T21:03:11.909+0300][16140][14288][debug][gc,phases] GC(45)     Dead                           Min: 0, Avg:  0.0, Max: 0, Diff: 0, Sum: 0, Workers: 8
[2025-05-20T21:03:11.909+0300][16140][14288][debug][gc,phases] GC(45)     Total                          Min: 0, Avg:  0.0, Max: 0, Diff: 0, Sum: 0, Workers: 8
[2025-05-20T21:03:11.909+0300][16140][14288][debug][gc,phases] GC(45)   StringTable Weak               Min:  0.0, Avg:  0.0, Max:  0.0, Diff:  0.0, Sum:  0.1, Workers: 8
[2025-05-20T21:03:11.909+0300][16140][14288][debug][gc,phases] GC(45)     Dead                           Min: 0, Avg:  0.0, Max: 0, Diff: 0, Sum: 0, Workers: 8
[2025-05-20T21:03:11.909+0300][16140][14288][debug][gc,phases] GC(45)     Total                          Min: 640, Avg: 788.9, Max: 896, Diff: 256, Sum: 6311, Workers: 8
[2025-05-20T21:03:11.909+0300][16140][14288][debug][gc,phases] GC(45)   ResolvedMethodTable Weak       Min:  0.0, Avg:  0.0, Max:  0.0, Diff:  0.0, Sum:  0.0, Workers: 8
[2025-05-20T21:03:11.909+0300][16140][14288][debug][gc,phases] GC(45)     Dead                           Min: 0, Avg:  0.0, Max: 0, Diff: 0, Sum: 0, Workers: 8
[2025-05-20T21:03:11.909+0300][16140][14288][debug][gc,phases] GC(45)     Total                          Min: 64, Avg: 112.9, Max: 128, Diff: 64, Sum: 903, Workers: 8
[2025-05-20T21:03:11.909+0300][16140][14288][debug][gc,phases] GC(45)   JNI Weak                       Min:  0.0, Avg:  0.0, Max:  0.0, Diff:  0.0, Sum:  0.0, Workers: 8
[2025-05-20T21:03:11.909+0300][16140][14288][debug][gc,phases] GC(45)     Dead                           Min: 0, Avg:  0.0, Max: 0, Diff: 0, Sum: 0, Workers: 8
[2025-05-20T21:03:11.909+0300][16140][14288][debug][gc,phases] GC(45)     Total                          Min: 0, Avg:  0.0, Max: 0, Diff: 0, Sum: 0, Workers: 8
[2025-05-20T21:03:11.909+0300][16140][14288][debug][gc,phases] GC(45)   StringDedup Table Weak         Min:  0.0, Avg:  0.0, Max:  0.0, Diff:  0.0, Sum:  0.0, Workers: 8
[2025-05-20T21:03:11.909+0300][16140][14288][debug][gc,phases] GC(45)     Dead                           Min: 0, Avg:  0.0, Max: 0, Diff: 0, Sum: 0, Workers: 8
[2025-05-20T21:03:11.909+0300][16140][14288][debug][gc,phases] GC(45)     Total                          Min: 0, Avg:  0.0, Max: 0, Diff: 0, Sum: 0, Workers: 8
[2025-05-20T21:03:11.909+0300][16140][14288][debug][gc,phases] GC(45)   StringDedup Requests0 Weak     Min:  0.0, Avg:  0.0, Max:  0.0, Diff:  0.0, Sum:  0.0, Workers: 8
[2025-05-20T21:03:11.909+0300][16140][14288][debug][gc,phases] GC(45)     Dead                           Min: 0, Avg:  0.0, Max: 0, Diff: 0, Sum: 0, Workers: 8
[2025-05-20T21:03:11.909+0300][16140][14288][debug][gc,phases] GC(45)     Total                          Min: 0, Avg:  0.0, Max: 0, Diff: 0, Sum: 0, Workers: 8
[2025-05-20T21:03:11.909+0300][16140][14288][debug][gc,phases] GC(45)   StringDedup Requests1 Weak     Min:  0.0, Avg:  0.0, Max:  0.0, Diff:  0.0, Sum:  0.0, Workers: 8
[2025-05-20T21:03:11.909+0300][16140][14288][debug][gc,phases] GC(45)     Dead                           Min: 0, Avg:  0.0, Max: 0, Diff: 0, Sum: 0, Workers: 8
[2025-05-20T21:03:11.909+0300][16140][14288][debug][gc,phases] GC(45)     Total                          Min: 0, Avg:  0.0, Max: 0, Diff: 0, Sum: 0, Workers: 8
[2025-05-20T21:03:11.909+0300][16140][14288][debug][gc,phases] GC(45)   Weak JFR Old Object Samples    Min:  0.0, Avg:  0.0, Max:  0.0, Diff:  0.0, Sum:  0.0, Workers: 8
[2025-05-20T21:03:11.909+0300][16140][14288][debug][gc,phases] GC(45)     Dead                           Min: 0, Avg:  0.0, Max: 0, Diff: 0, Sum: 0, Workers: 8
[2025-05-20T21:03:11.909+0300][16140][14288][debug][gc,phases] GC(45)     Total                          Min: 0, Avg:  0.0, Max: 0, Diff: 0, Sum: 0, Workers: 8
[2025-05-20T21:03:11.909+0300][16140][14288][debug][gc,phases] GC(45) Weak Processing 0.620ms
[2025-05-20T21:03:11.909+0300][16140][14288][info ][gc,heap  ] GC(45) PSYoungGen: 1390080K(1393664K)->576K(1393664K) Eden: 1389568K(1389568K)->0K(1389568K) From: 512K(4096K)->576K(4096K)
[2025-05-20T21:03:11.909+0300][16140][14288][info ][gc,heap  ] GC(45) ParOldGen: 16458K(2796544K)->16522K(2796544K)
[2025-05-20T21:03:11.909+0300][16140][14288][info ][gc       ] GC(45) Pause Young (Allocation Failure) 1373M->16M(4092M) 1.083ms
[2025-05-20T21:03:11.909+0300][16140][14288][debug][gc,heap  ] GC(45) Heap after GC invocations=46 (full 3):
[2025-05-20T21:03:11.909+0300][16140][14288][debug][gc,heap  ] GC(45)  PSYoungGen      total 1393664K, used 576K [0x00000007aab00000, 0x0000000800000000, 0x0000000800000000)
[2025-05-20T21:03:11.909+0300][16140][14288][debug][gc,heap  ] GC(45)   eden space 1389568K, 0% used [0x00000007aab00000,0x00000007aab00000,0x00000007ff800000)
[2025-05-20T21:03:11.909+0300][16140][14288][debug][gc,heap  ] GC(45)   from space 4096K, 14% used [0x00000007ff800000,0x00000007ff8900e0,0x00000007ffc00000)
[2025-05-20T21:03:11.909+0300][16140][14288][debug][gc,heap  ] GC(45)   to   space 3584K, 0% used [0x00000007ffc80000,0x00000007ffc80000,0x0000000800000000)
[2025-05-20T21:03:11.909+0300][16140][14288][debug][gc,heap  ] GC(45)  ParOldGen       total 2796544K, used 16522K [0x0000000700000000, 0x00000007aab00000, 0x00000007aab00000)
[2025-05-20T21:03:11.909+0300][16140][14288][debug][gc,heap  ] GC(45)   object space 2796544K, 0% used [0x0000000700000000,0x0000000701022b30,0x00000007aab00000)
[2025-05-20T21:03:11.909+0300][16140][14288][debug][gc,heap  ] GC(45)  Metaspace       used 8746K, committed 9792K, reserved 1114112K
[2025-05-20T21:03:11.909+0300][16140][14288][debug][gc,heap  ] GC(45)   class space    used 873K, committed 1280K, reserved 1048576K
[2025-05-20T21:03:11.909+0300][16140][14288][info ][safepoint] Safepoint "ParallelGCFailedAllocation", Time since last: 405112200 ns, Reaching safepoint: 360700 ns, Cleanup: 14100 ns, At safepoint: 1495500 ns, Total: 1870300 ns
[2025-05-20T21:03:12.326+0300][16140][14288][debug][safepoint] Safepoint synchronization initiated using striped semaphore wait barrier. (19 threads)
[2025-05-20T21:03:12.328+0300][16140][13892][debug][safepoint] ... found polling page loop exception at pc = 0x000002291aa34de0, stub =0x000002291a434d80
[2025-05-20T21:03:12.328+0300][16140][18808][debug][safepoint] ... found polling page loop exception at pc = 0x000002291aa34de0, stub =0x000002291a434d80
[2025-05-20T21:03:12.328+0300][16140][6880 ][debug][safepoint] ... found polling page loop exception at pc = 0x000002291aa34de0, stub =0x000002291a434d80
[2025-05-20T21:03:12.328+0300][16140][16692][debug][safepoint] ... found polling page loop exception at pc = 0x000002291aa34de0, stub =0x000002291a434d80
[2025-05-20T21:03:12.328+0300][16140][10680][debug][safepoint] ... found polling page loop exception at pc = 0x000002291aa3e5af, stub =0x000002291a435600
[2025-05-20T21:03:12.328+0300][16140][14288][debug][gc,heap  ] GC(46) Heap before GC invocations=47 (full 3):
[2025-05-20T21:03:12.328+0300][16140][14288][debug][gc,heap  ] GC(46)  PSYoungGen      total 1393664K, used 1390144K [0x00000007aab00000, 0x0000000800000000, 0x0000000800000000)
[2025-05-20T21:03:12.328+0300][16140][14288][debug][gc,heap  ] GC(46)   eden space 1389568K, 100% used [0x00000007aab00000,0x00000007ff800000,0x00000007ff800000)
[2025-05-20T21:03:12.328+0300][16140][14288][debug][gc,heap  ] GC(46)   from space 4096K, 14% used [0x00000007ff800000,0x00000007ff8900e0,0x00000007ffc00000)
[2025-05-20T21:03:12.328+0300][16140][14288][debug][gc,heap  ] GC(46)   to   space 3584K, 0% used [0x00000007ffc80000,0x00000007ffc80000,0x0000000800000000)
[2025-05-20T21:03:12.328+0300][16140][14288][debug][gc,heap  ] GC(46)  ParOldGen       total 2796544K, used 16522K [0x0000000700000000, 0x00000007aab00000, 0x00000007aab00000)
[2025-05-20T21:03:12.328+0300][16140][14288][debug][gc,heap  ] GC(46)   object space 2796544K, 0% used [0x0000000700000000,0x0000000701022b30,0x00000007aab00000)
[2025-05-20T21:03:12.328+0300][16140][14288][debug][gc,heap  ] GC(46)  Metaspace       used 8746K, committed 9792K, reserved 1114112K
[2025-05-20T21:03:12.328+0300][16140][14288][debug][gc,heap  ] GC(46)   class space    used 873K, committed 1280K, reserved 1048576K
[2025-05-20T21:03:12.328+0300][16140][14288][debug][gc,phases] GC(46) Scavenge 0.440ms
[2025-05-20T21:03:12.328+0300][16140][14288][debug][gc,phases] GC(46) Reference Processing 0.054ms
[2025-05-20T21:03:12.328+0300][16140][14288][debug][gc,phases] GC(46)   VM Weak                        Min:  0.0, Avg:  0.0, Max:  0.0, Diff:  0.0, Sum:  0.0, Workers: 8
[2025-05-20T21:03:12.328+0300][16140][14288][debug][gc,phases] GC(46)     Dead                           Min: 0, Avg:  0.0, Max: 0, Diff: 0, Sum: 0, Workers: 8
[2025-05-20T21:03:12.328+0300][16140][14288][debug][gc,phases] GC(46)     Total                          Min: 0, Avg: 15.4, Max: 123, Diff: 123, Sum: 123, Workers: 8
[2025-05-20T21:03:12.328+0300][16140][14288][debug][gc,phases] GC(46)   ObjectSynchronizer Weak        Min:  0.0, Avg:  0.0, Max:  0.0, Diff:  0.0, Sum:  0.0, Workers: 8
[2025-05-20T21:03:12.328+0300][16140][14288][debug][gc,phases] GC(46)     Dead                           Min: 0, Avg:  0.0, Max: 0, Diff: 0, Sum: 0, Workers: 8
[2025-05-20T21:03:12.328+0300][16140][14288][debug][gc,phases] GC(46)     Total                          Min: 0, Avg: 18.6, Max: 149, Diff: 149, Sum: 149, Workers: 8
[2025-05-20T21:03:12.328+0300][16140][14288][debug][gc,phases] GC(46)   JVMTI Tag Weak OopStorage      Min:  0.0, Avg:  0.0, Max:  0.0, Diff:  0.0, Sum:  0.0, Workers: 8
[2025-05-20T21:03:12.328+0300][16140][14288][debug][gc,phases] GC(46)     Dead                           Min: 0, Avg:  0.0, Max: 0, Diff: 0, Sum: 0, Workers: 8
[2025-05-20T21:03:12.328+0300][16140][14288][debug][gc,phases] GC(46)     Total                          Min: 0, Avg:  0.0, Max: 0, Diff: 0, Sum: 0, Workers: 8
[2025-05-20T21:03:12.328+0300][16140][14288][debug][gc,phases] GC(46)   StringTable Weak               Min:  0.0, Avg:  0.0, Max:  0.0, Diff:  0.0, Sum:  0.1, Workers: 8
[2025-05-20T21:03:12.328+0300][16140][14288][debug][gc,phases] GC(46)     Dead                           Min: 0, Avg:  0.0, Max: 0, Diff: 0, Sum: 0, Workers: 8
[2025-05-20T21:03:12.328+0300][16140][14288][debug][gc,phases] GC(46)     Total                          Min: 0, Avg: 788.9, Max: 1024, Diff: 1024, Sum: 6311, Workers: 8
[2025-05-20T21:03:12.328+0300][16140][14288][debug][gc,phases] GC(46)   ResolvedMethodTable Weak       Min:  0.0, Avg:  0.0, Max:  0.0, Diff:  0.0, Sum:  0.0, Workers: 8
[2025-05-20T21:03:12.328+0300][16140][14288][debug][gc,phases] GC(46)     Dead                           Min: 0, Avg:  0.0, Max: 0, Diff: 0, Sum: 0, Workers: 8
[2025-05-20T21:03:12.328+0300][16140][14288][debug][gc,phases] GC(46)     Total                          Min: 0, Avg: 112.9, Max: 191, Diff: 191, Sum: 903, Workers: 8
[2025-05-20T21:03:12.328+0300][16140][14288][debug][gc,phases] GC(46)   JNI Weak                       Min:  0.0, Avg:  0.0, Max:  0.0, Diff:  0.0, Sum:  0.0, Workers: 8
[2025-05-20T21:03:12.328+0300][16140][14288][debug][gc,phases] GC(46)     Dead                           Min: 0, Avg:  0.0, Max: 0, Diff: 0, Sum: 0, Workers: 8
[2025-05-20T21:03:12.328+0300][16140][14288][debug][gc,phases] GC(46)     Total                          Min: 0, Avg:  0.0, Max: 0, Diff: 0, Sum: 0, Workers: 8
[2025-05-20T21:03:12.328+0300][16140][14288][debug][gc,phases] GC(46)   StringDedup Table Weak         Min:  0.0, Avg:  0.0, Max:  0.0, Diff:  0.0, Sum:  0.0, Workers: 8
[2025-05-20T21:03:12.328+0300][16140][14288][debug][gc,phases] GC(46)     Dead                           Min: 0, Avg:  0.0, Max: 0, Diff: 0, Sum: 0, Workers: 8
[2025-05-20T21:03:12.328+0300][16140][14288][debug][gc,phases] GC(46)     Total                          Min: 0, Avg:  0.0, Max: 0, Diff: 0, Sum: 0, Workers: 8
[2025-05-20T21:03:12.328+0300][16140][14288][debug][gc,phases] GC(46)   StringDedup Requests0 Weak     Min:  0.0, Avg:  0.0, Max:  0.0, Diff:  0.0, Sum:  0.0, Workers: 8
[2025-05-20T21:03:12.328+0300][16140][14288][debug][gc,phases] GC(46)     Dead                           Min: 0, Avg:  0.0, Max: 0, Diff: 0, Sum: 0, Workers: 8
[2025-05-20T21:03:12.328+0300][16140][14288][debug][gc,phases] GC(46)     Total                          Min: 0, Avg:  0.0, Max: 0, Diff: 0, Sum: 0, Workers: 8
[2025-05-20T21:03:12.328+0300][16140][14288][debug][gc,phases] GC(46)   StringDedup Requests1 Weak     Min:  0.0, Avg:  0.0, Max:  0.0, Diff:  0.0, Sum:  0.0, Workers: 8
[2025-05-20T21:03:12.328+0300][16140][14288][debug][gc,phases] GC(46)     Dead                           Min: 0, Avg:  0.0, Max: 0, Diff: 0, Sum: 0, Workers: 8
[2025-05-20T21:03:12.328+0300][16140][14288][debug][gc,phases] GC(46)     Total                          Min: 0, Avg:  0.0, Max: 0, Diff: 0, Sum: 0, Workers: 8
[2025-05-20T21:03:12.328+0300][16140][14288][debug][gc,phases] GC(46)   Weak JFR Old Object Samples    Min:  0.0, Avg:  0.0, Max:  0.0, Diff:  0.0, Sum:  0.0, Workers: 8
[2025-05-20T21:03:12.328+0300][16140][14288][debug][gc,phases] GC(46)     Dead                           Min: 0, Avg:  0.0, Max: 0, Diff: 0, Sum: 0, Workers: 8
[2025-05-20T21:03:12.328+0300][16140][14288][debug][gc,phases] GC(46)     Total                          Min: 0, Avg:  0.0, Max: 0, Diff: 0, Sum: 0, Workers: 8
[2025-05-20T21:03:12.328+0300][16140][14288][debug][gc,phases] GC(46) Weak Processing 0.595ms
[2025-05-20T21:03:12.328+0300][16140][14288][info ][gc,heap  ] GC(46) PSYoungGen: 1390144K(1393664K)->560K(1394176K) Eden: 1389568K(1389568K)->0K(1390592K) From: 576K(4096K)->560K(3584K)
[2025-05-20T21:03:12.328+0300][16140][14288][info ][gc,heap  ] GC(46) ParOldGen: 16522K(2796544K)->16586K(2796544K)
[2025-05-20T21:03:12.328+0300][16140][14288][info ][gc       ] GC(46) Pause Young (Allocation Failure) 1373M->16M(4092M) 1.228ms
[2025-05-20T21:03:12.328+0300][16140][14288][debug][gc,heap  ] GC(46) Heap after GC invocations=47 (full 3):
[2025-05-20T21:03:12.328+0300][16140][14288][debug][gc,heap  ] GC(46)  PSYoungGen      total 1394176K, used 560K [0x00000007aab00000, 0x0000000800000000, 0x0000000800000000)
[2025-05-20T21:03:12.328+0300][16140][14288][debug][gc,heap  ] GC(46)   eden space 1390592K, 0% used [0x00000007aab00000,0x00000007aab00000,0x00000007ff900000)
[2025-05-20T21:03:12.328+0300][16140][14288][debug][gc,heap  ] GC(46)   from space 3584K, 15% used [0x00000007ffc80000,0x00000007ffd0c0f0,0x0000000800000000)
[2025-05-20T21:03:12.328+0300][16140][14288][debug][gc,heap  ] GC(46)   to   space 3584K, 0% used [0x00000007ff900000,0x00000007ff900000,0x00000007ffc80000)
[2025-05-20T21:03:12.328+0300][16140][14288][debug][gc,heap  ] GC(46)  ParOldGen       total 2796544K, used 16586K [0x0000000700000000, 0x00000007aab00000, 0x00000007aab00000)
[2025-05-20T21:03:12.328+0300][16140][14288][debug][gc,heap  ] GC(46)   object space 2796544K, 0% used [0x0000000700000000,0x0000000701032b30,0x00000007aab00000)
[2025-05-20T21:03:12.328+0300][16140][14288][debug][gc,heap  ] GC(46)  Metaspace       used 8746K, committed 9792K, reserved 1114112K
[2025-05-20T21:03:12.328+0300][16140][14288][debug][gc,heap  ] GC(46)   class space    used 873K, committed 1280K, reserved 1048576K
[2025-05-20T21:03:12.328+0300][16140][14288][info ][safepoint] Safepoint "ParallelGCFailedAllocation", Time since last: 416891700 ns, Reaching safepoint: 362800 ns, Cleanup: 6600 ns, At safepoint: 1649900 ns, Total: 2019300 ns
[2025-05-20T21:03:12.756+0300][16140][14288][debug][safepoint] Safepoint synchronization initiated using striped semaphore wait barrier. (19 threads)
[2025-05-20T21:03:12.756+0300][16140][6880 ][debug][safepoint] ... found polling page loop exception at pc = 0x000002291aa823d0, stub =0x000002291a434d80
[2025-05-20T21:03:12.756+0300][16140][16692][debug][safepoint] ... found polling page loop exception at pc = 0x000002291aa68113, stub =0x000002291a435600
[2025-05-20T21:03:12.756+0300][16140][18808][debug][safepoint] ... found polling page loop exception at pc = 0x000002291aa34de0, stub =0x000002291a434d80
[2025-05-20T21:03:12.756+0300][16140][23060][debug][safepoint] ... found polling page loop exception at pc = 0x000002291aa34de0, stub =0x000002291a434d80
[2025-05-20T21:03:12.756+0300][16140][14288][debug][gc,heap  ] GC(47) Heap before GC invocations=48 (full 3):
[2025-05-20T21:03:12.756+0300][16140][14288][debug][gc,heap  ] GC(47)  PSYoungGen      total 1394176K, used 1391152K [0x00000007aab00000, 0x0000000800000000, 0x0000000800000000)
[2025-05-20T21:03:12.756+0300][16140][14288][debug][gc,heap  ] GC(47)   eden space 1390592K, 100% used [0x00000007aab00000,0x00000007ff900000,0x00000007ff900000)
[2025-05-20T21:03:12.756+0300][16140][14288][debug][gc,heap  ] GC(47)   from space 3584K, 15% used [0x00000007ffc80000,0x00000007ffd0c0f0,0x0000000800000000)
[2025-05-20T21:03:12.756+0300][16140][14288][debug][gc,heap  ] GC(47)   to   space 3584K, 0% used [0x00000007ff900000,0x00000007ff900000,0x00000007ffc80000)
[2025-05-20T21:03:12.756+0300][16140][14288][debug][gc,heap  ] GC(47)  ParOldGen       total 2796544K, used 16586K [0x0000000700000000, 0x00000007aab00000, 0x00000007aab00000)
[2025-05-20T21:03:12.756+0300][16140][14288][debug][gc,heap  ] GC(47)   object space 2796544K, 0% used [0x0000000700000000,0x0000000701032b30,0x00000007aab00000)
[2025-05-20T21:03:12.756+0300][16140][14288][debug][gc,heap  ] GC(47)  Metaspace       used 8746K, committed 9792K, reserved 1114112K
[2025-05-20T21:03:12.756+0300][16140][14288][debug][gc,heap  ] GC(47)   class space    used 873K, committed 1280K, reserved 1048576K
[2025-05-20T21:03:12.756+0300][16140][14288][debug][gc,phases] GC(47) Scavenge 0.256ms
[2025-05-20T21:03:12.756+0300][16140][14288][debug][gc,phases] GC(47) Reference Processing 0.070ms
[2025-05-20T21:03:12.756+0300][16140][14288][debug][gc,phases] GC(47)   VM Weak                        Min:  0.0, Avg:  0.0, Max:  0.0, Diff:  0.0, Sum:  0.0, Workers: 8
[2025-05-20T21:03:12.756+0300][16140][14288][debug][gc,phases] GC(47)     Dead                           Min: 0, Avg:  0.0, Max: 0, Diff: 0, Sum: 0, Workers: 8
[2025-05-20T21:03:12.756+0300][16140][14288][debug][gc,phases] GC(47)     Total                          Min: 0, Avg: 15.4, Max: 123, Diff: 123, Sum: 123, Workers: 8
[2025-05-20T21:03:12.756+0300][16140][14288][debug][gc,phases] GC(47)   ObjectSynchronizer Weak        Min:  0.0, Avg:  0.0, Max:  0.0, Diff:  0.0, Sum:  0.0, Workers: 8
[2025-05-20T21:03:12.756+0300][16140][14288][debug][gc,phases] GC(47)     Dead                           Min: 0, Avg:  0.0, Max: 0, Diff: 0, Sum: 0, Workers: 8
[2025-05-20T21:03:12.756+0300][16140][14288][debug][gc,phases] GC(47)     Total                          Min: 0, Avg: 18.6, Max: 149, Diff: 149, Sum: 149, Workers: 8
[2025-05-20T21:03:12.756+0300][16140][14288][debug][gc,phases] GC(47)   JVMTI Tag Weak OopStorage      Min:  0.0, Avg:  0.0, Max:  0.0, Diff:  0.0, Sum:  0.0, Workers: 8
[2025-05-20T21:03:12.756+0300][16140][14288][debug][gc,phases] GC(47)     Dead                           Min: 0, Avg:  0.0, Max: 0, Diff: 0, Sum: 0, Workers: 8
[2025-05-20T21:03:12.756+0300][16140][14288][debug][gc,phases] GC(47)     Total                          Min: 0, Avg:  0.0, Max: 0, Diff: 0, Sum: 0, Workers: 8
[2025-05-20T21:03:12.756+0300][16140][14288][debug][gc,phases] GC(47)   StringTable Weak               Min:  0.0, Avg:  0.0, Max:  0.0, Diff:  0.0, Sum:  0.1, Workers: 8
[2025-05-20T21:03:12.756+0300][16140][14288][debug][gc,phases] GC(47)     Dead                           Min: 0, Avg:  0.0, Max: 0, Diff: 0, Sum: 0, Workers: 8
[2025-05-20T21:03:12.756+0300][16140][14288][debug][gc,phases] GC(47)     Total                          Min: 640, Avg: 788.9, Max: 960, Diff: 320, Sum: 6311, Workers: 8
[2025-05-20T21:03:12.756+0300][16140][14288][debug][gc,phases] GC(47)   ResolvedMethodTable Weak       Min:  0.0, Avg:  0.0, Max:  0.0, Diff:  0.0, Sum:  0.0, Workers: 8
[2025-05-20T21:03:12.756+0300][16140][14288][debug][gc,phases] GC(47)     Dead                           Min: 0, Avg:  0.0, Max: 0, Diff: 0, Sum: 0, Workers: 8
[2025-05-20T21:03:12.756+0300][16140][14288][debug][gc,phases] GC(47)     Total                          Min: 64, Avg: 112.9, Max: 128, Diff: 64, Sum: 903, Workers: 8
[2025-05-20T21:03:12.756+0300][16140][14288][debug][gc,phases] GC(47)   JNI Weak                       Min:  0.0, Avg:  0.0, Max:  0.0, Diff:  0.0, Sum:  0.0, Workers: 8
[2025-05-20T21:03:12.756+0300][16140][14288][debug][gc,phases] GC(47)     Dead                           Min: 0, Avg:  0.0, Max: 0, Diff: 0, Sum: 0, Workers: 8
[2025-05-20T21:03:12.756+0300][16140][14288][debug][gc,phases] GC(47)     Total                          Min: 0, Avg:  0.0, Max: 0, Diff: 0, Sum: 0, Workers: 8
[2025-05-20T21:03:12.756+0300][16140][14288][debug][gc,phases] GC(47)   StringDedup Table Weak         Min:  0.0, Avg:  0.0, Max:  0.0, Diff:  0.0, Sum:  0.0, Workers: 8
[2025-05-20T21:03:12.756+0300][16140][14288][debug][gc,phases] GC(47)     Dead                           Min: 0, Avg:  0.0, Max: 0, Diff: 0, Sum: 0, Workers: 8
[2025-05-20T21:03:12.756+0300][16140][14288][debug][gc,phases] GC(47)     Total                          Min: 0, Avg:  0.0, Max: 0, Diff: 0, Sum: 0, Workers: 8
[2025-05-20T21:03:12.756+0300][16140][14288][debug][gc,phases] GC(47)   StringDedup Requests0 Weak     Min:  0.0, Avg:  0.0, Max:  0.0, Diff:  0.0, Sum:  0.0, Workers: 8
[2025-05-20T21:03:12.756+0300][16140][14288][debug][gc,phases] GC(47)     Dead                           Min: 0, Avg:  0.0, Max: 0, Diff: 0, Sum: 0, Workers: 8
[2025-05-20T21:03:12.756+0300][16140][14288][debug][gc,phases] GC(47)     Total                          Min: 0, Avg:  0.0, Max: 0, Diff: 0, Sum: 0, Workers: 8
[2025-05-20T21:03:12.756+0300][16140][14288][debug][gc,phases] GC(47)   StringDedup Requests1 Weak     Min:  0.0, Avg:  0.0, Max:  0.0, Diff:  0.0, Sum:  0.0, Workers: 8
[2025-05-20T21:03:12.756+0300][16140][14288][debug][gc,phases] GC(47)     Dead                           Min: 0, Avg:  0.0, Max: 0, Diff: 0, Sum: 0, Workers: 8
[2025-05-20T21:03:12.756+0300][16140][14288][debug][gc,phases] GC(47)     Total                          Min: 0, Avg:  0.0, Max: 0, Diff: 0, Sum: 0, Workers: 8
[2025-05-20T21:03:12.756+0300][16140][14288][debug][gc,phases] GC(47)   Weak JFR Old Object Samples    Min:  0.0, Avg:  0.0, Max:  0.0, Diff:  0.0, Sum:  0.0, Workers: 8
[2025-05-20T21:03:12.756+0300][16140][14288][debug][gc,phases] GC(47)     Dead                           Min: 0, Avg:  0.0, Max: 0, Diff: 0, Sum: 0, Workers: 8
[2025-05-20T21:03:12.756+0300][16140][14288][debug][gc,phases] GC(47)     Total                          Min: 0, Avg:  0.0, Max: 0, Diff: 0, Sum: 0, Workers: 8
[2025-05-20T21:03:12.756+0300][16140][14288][debug][gc,phases] GC(47) Weak Processing 0.598ms
[2025-05-20T21:03:12.756+0300][16140][14288][info ][gc,heap  ] GC(47) PSYoungGen: 1391152K(1394176K)->576K(1394176K) Eden: 1390592K(1390592K)->0K(1390592K) From: 560K(3584K)->576K(3584K)
[2025-05-20T21:03:12.756+0300][16140][14288][info ][gc,heap  ] GC(47) ParOldGen: 16586K(2796544K)->16650K(2796544K)
[2025-05-20T21:03:12.756+0300][16140][14288][info ][gc       ] GC(47) Pause Young (Allocation Failure) 1374M->16M(4092M) 1.073ms
[2025-05-20T21:03:12.756+0300][16140][14288][debug][gc,heap  ] GC(47) Heap after GC invocations=48 (full 3):
[2025-05-20T21:03:12.756+0300][16140][14288][debug][gc,heap  ] GC(47)  PSYoungGen      total 1394176K, used 576K [0x00000007aab00000, 0x0000000800000000, 0x0000000800000000)
[2025-05-20T21:03:12.756+0300][16140][14288][debug][gc,heap  ] GC(47)   eden space 1390592K, 0% used [0x00000007aab00000,0x00000007aab00000,0x00000007ff900000)
[2025-05-20T21:03:12.756+0300][16140][14288][debug][gc,heap  ] GC(47)   from space 3584K, 16% used [0x00000007ff900000,0x00000007ff9900e0,0x00000007ffc80000)
[2025-05-20T21:03:12.756+0300][16140][14288][debug][gc,heap  ] GC(47)   to   space 3584K, 0% used [0x00000007ffc80000,0x00000007ffc80000,0x0000000800000000)
[2025-05-20T21:03:12.756+0300][16140][14288][debug][gc,heap  ] GC(47)  ParOldGen       total 2796544K, used 16650K [0x0000000700000000, 0x00000007aab00000, 0x00000007aab00000)
[2025-05-20T21:03:12.756+0300][16140][14288][debug][gc,heap  ] GC(47)   object space 2796544K, 0% used [0x0000000700000000,0x0000000701042b30,0x00000007aab00000)
[2025-05-20T21:03:12.756+0300][16140][14288][debug][gc,heap  ] GC(47)  Metaspace       used 8746K, committed 9792K, reserved 1114112K
[2025-05-20T21:03:12.756+0300][16140][14288][debug][gc,heap  ] GC(47)   class space    used 873K, committed 1280K, reserved 1048576K
[2025-05-20T21:03:12.756+0300][16140][14288][info ][safepoint] Safepoint "ParallelGCFailedAllocation", Time since last: 427342300 ns, Reaching safepoint: 344900 ns, Cleanup: 7500 ns, At safepoint: 1503400 ns, Total: 1855800 ns
[2025-05-20T21:03:13.249+0300][16140][14288][debug][safepoint] Safepoint synchronization initiated using striped semaphore wait barrier. (19 threads)
[2025-05-20T21:03:13.249+0300][16140][18808][debug][safepoint] ... found polling page loop exception at pc = 0x000002291aa34de0, stub =0x000002291a434d80
[2025-05-20T21:03:13.249+0300][16140][16692][debug][safepoint] ... found polling page loop exception at pc = 0x000002291aa34de0, stub =0x000002291a434d80
[2025-05-20T21:03:13.249+0300][16140][23060][debug][safepoint] ... found polling page loop exception at pc = 0x000002291aa34de0, stub =0x000002291a434d80
[2025-05-20T21:03:13.249+0300][16140][6880 ][debug][safepoint] ... found polling page loop exception at pc = 0x000002291aa34de0, stub =0x000002291a434d80
[2025-05-20T21:03:13.249+0300][16140][10680][debug][safepoint] ... found polling page loop exception at pc = 0x000002291aade357, stub =0x000002291a434d80
[2025-05-20T21:03:13.249+0300][16140][14288][debug][gc,heap  ] GC(48) Heap before GC invocations=49 (full 3):
[2025-05-20T21:03:13.249+0300][16140][14288][debug][gc,heap  ] GC(48)  PSYoungGen      total 1394176K, used 1391168K [0x00000007aab00000, 0x0000000800000000, 0x0000000800000000)
[2025-05-20T21:03:13.249+0300][16140][14288][debug][gc,heap  ] GC(48)   eden space 1390592K, 100% used [0x00000007aab00000,0x00000007ff900000,0x00000007ff900000)
[2025-05-20T21:03:13.249+0300][16140][14288][debug][gc,heap  ] GC(48)   from space 3584K, 16% used [0x00000007ff900000,0x00000007ff9900e0,0x00000007ffc80000)
[2025-05-20T21:03:13.249+0300][16140][14288][debug][gc,heap  ] GC(48)   to   space 3584K, 0% used [0x00000007ffc80000,0x00000007ffc80000,0x0000000800000000)
[2025-05-20T21:03:13.249+0300][16140][14288][debug][gc,heap  ] GC(48)  ParOldGen       total 2796544K, used 16650K [0x0000000700000000, 0x00000007aab00000, 0x00000007aab00000)
[2025-05-20T21:03:13.249+0300][16140][14288][debug][gc,heap  ] GC(48)   object space 2796544K, 0% used [0x0000000700000000,0x0000000701042b30,0x00000007aab00000)
[2025-05-20T21:03:13.249+0300][16140][14288][debug][gc,heap  ] GC(48)  Metaspace       used 8746K, committed 9792K, reserved 1114112K
[2025-05-20T21:03:13.249+0300][16140][14288][debug][gc,heap  ] GC(48)   class space    used 873K, committed 1280K, reserved 1048576K
[2025-05-20T21:03:13.249+0300][16140][14288][debug][gc,phases] GC(48) Scavenge 0.297ms
[2025-05-20T21:03:13.249+0300][16140][14288][debug][gc,phases] GC(48) Reference Processing 0.055ms
[2025-05-20T21:03:13.249+0300][16140][14288][debug][gc,phases] GC(48)   VM Weak                        Min:  0.0, Avg:  0.0, Max:  0.0, Diff:  0.0, Sum:  0.0, Workers: 8
[2025-05-20T21:03:13.249+0300][16140][14288][debug][gc,phases] GC(48)     Dead                           Min: 0, Avg:  0.0, Max: 0, Diff: 0, Sum: 0, Workers: 8
[2025-05-20T21:03:13.249+0300][16140][14288][debug][gc,phases] GC(48)     Total                          Min: 0, Avg: 15.4, Max: 123, Diff: 123, Sum: 123, Workers: 8
[2025-05-20T21:03:13.249+0300][16140][14288][debug][gc,phases] GC(48)   ObjectSynchronizer Weak        Min:  0.0, Avg:  0.0, Max:  0.0, Diff:  0.0, Sum:  0.0, Workers: 8
[2025-05-20T21:03:13.249+0300][16140][14288][debug][gc,phases] GC(48)     Dead                           Min: 0, Avg:  0.0, Max: 0, Diff: 0, Sum: 0, Workers: 8
[2025-05-20T21:03:13.249+0300][16140][14288][debug][gc,phases] GC(48)     Total                          Min: 0, Avg: 18.6, Max: 85, Diff: 85, Sum: 149, Workers: 8
[2025-05-20T21:03:13.249+0300][16140][14288][debug][gc,phases] GC(48)   JVMTI Tag Weak OopStorage      Min:  0.0, Avg:  0.0, Max:  0.0, Diff:  0.0, Sum:  0.0, Workers: 8
[2025-05-20T21:03:13.249+0300][16140][14288][debug][gc,phases] GC(48)     Dead                           Min: 0, Avg:  0.0, Max: 0, Diff: 0, Sum: 0, Workers: 8
[2025-05-20T21:03:13.249+0300][16140][14288][debug][gc,phases] GC(48)     Total                          Min: 0, Avg:  0.0, Max: 0, Diff: 0, Sum: 0, Workers: 8
[2025-05-20T21:03:13.249+0300][16140][14288][debug][gc,phases] GC(48)   StringTable Weak               Min:  0.0, Avg:  0.0, Max:  0.0, Diff:  0.0, Sum:  0.1, Workers: 8
[2025-05-20T21:03:13.249+0300][16140][14288][debug][gc,phases] GC(48)     Dead                           Min: 0, Avg:  0.0, Max: 0, Diff: 0, Sum: 0, Workers: 8
[2025-05-20T21:03:13.249+0300][16140][14288][debug][gc,phases] GC(48)     Total                          Min: 0, Avg: 788.9, Max: 1152, Diff: 1152, Sum: 6311, Workers: 8
[2025-05-20T21:03:13.249+0300][16140][14288][debug][gc,phases] GC(48)   ResolvedMethodTable Weak       Min:  0.0, Avg:  0.0, Max:  0.0, Diff:  0.0, Sum:  0.0, Workers: 8
[2025-05-20T21:03:13.249+0300][16140][14288][debug][gc,phases] GC(48)     Dead                           Min: 0, Avg:  0.0, Max: 0, Diff: 0, Sum: 0, Workers: 8
[2025-05-20T21:03:13.249+0300][16140][14288][debug][gc,phases] GC(48)     Total                          Min: 0, Avg: 112.9, Max: 192, Diff: 192, Sum: 903, Workers: 8
[2025-05-20T21:03:13.249+0300][16140][14288][debug][gc,phases] GC(48)   JNI Weak                       Min:  0.0, Avg:  0.0, Max:  0.0, Diff:  0.0, Sum:  0.0, Workers: 8
[2025-05-20T21:03:13.249+0300][16140][14288][debug][gc,phases] GC(48)     Dead                           Min: 0, Avg:  0.0, Max: 0, Diff: 0, Sum: 0, Workers: 8
[2025-05-20T21:03:13.249+0300][16140][14288][debug][gc,phases] GC(48)     Total                          Min: 0, Avg:  0.0, Max: 0, Diff: 0, Sum: 0, Workers: 8
[2025-05-20T21:03:13.249+0300][16140][14288][debug][gc,phases] GC(48)   StringDedup Table Weak         Min:  0.0, Avg:  0.0, Max:  0.0, Diff:  0.0, Sum:  0.0, Workers: 8
[2025-05-20T21:03:13.249+0300][16140][14288][debug][gc,phases] GC(48)     Dead                           Min: 0, Avg:  0.0, Max: 0, Diff: 0, Sum: 0, Workers: 8
[2025-05-20T21:03:13.249+0300][16140][14288][debug][gc,phases] GC(48)     Total                          Min: 0, Avg:  0.0, Max: 0, Diff: 0, Sum: 0, Workers: 8
[2025-05-20T21:03:13.249+0300][16140][14288][debug][gc,phases] GC(48)   StringDedup Requests0 Weak     Min:  0.0, Avg:  0.0, Max:  0.0, Diff:  0.0, Sum:  0.0, Workers: 8
[2025-05-20T21:03:13.249+0300][16140][14288][debug][gc,phases] GC(48)     Dead                           Min: 0, Avg:  0.0, Max: 0, Diff: 0, Sum: 0, Workers: 8
[2025-05-20T21:03:13.249+0300][16140][14288][debug][gc,phases] GC(48)     Total                          Min: 0, Avg:  0.0, Max: 0, Diff: 0, Sum: 0, Workers: 8
[2025-05-20T21:03:13.249+0300][16140][14288][debug][gc,phases] GC(48)   StringDedup Requests1 Weak     Min:  0.0, Avg:  0.0, Max:  0.0, Diff:  0.0, Sum:  0.0, Workers: 8
[2025-05-20T21:03:13.249+0300][16140][14288][debug][gc,phases] GC(48)     Dead                           Min: 0, Avg:  0.0, Max: 0, Diff: 0, Sum: 0, Workers: 8
[2025-05-20T21:03:13.249+0300][16140][14288][debug][gc,phases] GC(48)     Total                          Min: 0, Avg:  0.0, Max: 0, Diff: 0, Sum: 0, Workers: 8
[2025-05-20T21:03:13.249+0300][16140][14288][debug][gc,phases] GC(48)   Weak JFR Old Object Samples    Min:  0.0, Avg:  0.0, Max:  0.0, Diff:  0.0, Sum:  0.0, Workers: 8
[2025-05-20T21:03:13.249+0300][16140][14288][debug][gc,phases] GC(48)     Dead                           Min: 0, Avg:  0.0, Max: 0, Diff: 0, Sum: 0, Workers: 8
[2025-05-20T21:03:13.249+0300][16140][14288][debug][gc,phases] GC(48)     Total                          Min: 0, Avg:  0.0, Max: 0, Diff: 0, Sum: 0, Workers: 8
[2025-05-20T21:03:13.249+0300][16140][14288][debug][gc,phases] GC(48) Weak Processing 0.650ms
[2025-05-20T21:03:13.249+0300][16140][14288][info ][gc,heap  ] GC(48) PSYoungGen: 1391168K(1394176K)->608K(1394688K) Eden: 1390592K(1390592K)->0K(1391104K) From: 576K(3584K)->608K(3584K)
[2025-05-20T21:03:13.249+0300][16140][14288][info ][gc,heap  ] GC(48) ParOldGen: 16650K(2796544K)->16706K(2796544K)
[2025-05-20T21:03:13.249+0300][16140][14288][info ][gc       ] GC(48) Pause Young (Allocation Failure) 1374M->16M(4093M) 1.135ms
[2025-05-20T21:03:13.249+0300][16140][14288][debug][gc,heap  ] GC(48) Heap after GC invocations=49 (full 3):
[2025-05-20T21:03:13.249+0300][16140][14288][debug][gc,heap  ] GC(48)  PSYoungGen      total 1394688K, used 608K [0x00000007aab00000, 0x0000000800000000, 0x0000000800000000)
[2025-05-20T21:03:13.249+0300][16140][14288][debug][gc,heap  ] GC(48)   eden space 1391104K, 0% used [0x00000007aab00000,0x00000007aab00000,0x00000007ff980000)
[2025-05-20T21:03:13.249+0300][16140][14288][debug][gc,heap  ] GC(48)   from space 3584K, 16% used [0x00000007ffc80000,0x00000007ffd180c0,0x0000000800000000)
[2025-05-20T21:03:13.249+0300][16140][14288][debug][gc,heap  ] GC(48)   to   space 3072K, 0% used [0x00000007ff980000,0x00000007ff980000,0x00000007ffc80000)
[2025-05-20T21:03:13.249+0300][16140][14288][debug][gc,heap  ] GC(48)  ParOldGen       total 2796544K, used 16706K [0x0000000700000000, 0x00000007aab00000, 0x00000007aab00000)
[2025-05-20T21:03:13.249+0300][16140][14288][debug][gc,heap  ] GC(48)   object space 2796544K, 0% used [0x0000000700000000,0x0000000701050b30,0x00000007aab00000)
[2025-05-20T21:03:13.249+0300][16140][14288][debug][gc,heap  ] GC(48)  Metaspace       used 8746K, committed 9792K, reserved 1114112K
[2025-05-20T21:03:13.249+0300][16140][14288][debug][gc,heap  ] GC(48)   class space    used 873K, committed 1280K, reserved 1048576K
[2025-05-20T21:03:13.249+0300][16140][14288][info ][safepoint] Safepoint "ParallelGCFailedAllocation", Time since last: 490020100 ns, Reaching safepoint: 324300 ns, Cleanup: 6800 ns, At safepoint: 1522500 ns, Total: 1853600 ns
[2025-05-20T21:03:13.700+0300][16140][14288][debug][safepoint] Safepoint synchronization initiated using striped semaphore wait barrier. (19 threads)
[2025-05-20T21:03:13.700+0300][16140][10680][debug][safepoint] ... found polling page loop exception at pc = 0x000002291aad3f36, stub =0x000002291a435600
[2025-05-20T21:03:13.700+0300][16140][13892][debug][safepoint] ... found polling page loop exception at pc = 0x000002291aa34de0, stub =0x000002291a434d80
[2025-05-20T21:03:13.700+0300][16140][16692][debug][safepoint] ... found polling page loop exception at pc = 0x000002291aa34de0, stub =0x000002291a434d80
[2025-05-20T21:03:13.700+0300][16140][10436][debug][safepoint] ... found polling page loop exception at pc = 0x000002291aa34de0, stub =0x000002291a434d80
[2025-05-20T21:03:13.700+0300][16140][15492][debug][safepoint] ... found polling page loop exception at pc = 0x000002291aa34de0, stub =0x000002291a434d80
[2025-05-20T21:03:13.700+0300][16140][18808][debug][safepoint] ... found polling page loop exception at pc = 0x000002291aa34de0, stub =0x000002291a434d80
[2025-05-20T21:03:13.700+0300][16140][6880 ][debug][safepoint] ... found polling page loop exception at pc = 0x000002291aa34de0, stub =0x000002291a434d80
[2025-05-20T21:03:13.700+0300][16140][14288][debug][gc,heap  ] GC(49) Heap before GC invocations=50 (full 3):
[2025-05-20T21:03:13.700+0300][16140][14288][debug][gc,heap  ] GC(49)  PSYoungGen      total 1394688K, used 1391712K [0x00000007aab00000, 0x0000000800000000, 0x0000000800000000)
[2025-05-20T21:03:13.700+0300][16140][14288][debug][gc,heap  ] GC(49)   eden space 1391104K, 100% used [0x00000007aab00000,0x00000007ff980000,0x00000007ff980000)
[2025-05-20T21:03:13.700+0300][16140][14288][debug][gc,heap  ] GC(49)   from space 3584K, 16% used [0x00000007ffc80000,0x00000007ffd180c0,0x0000000800000000)
[2025-05-20T21:03:13.700+0300][16140][14288][debug][gc,heap  ] GC(49)   to   space 3072K, 0% used [0x00000007ff980000,0x00000007ff980000,0x00000007ffc80000)
[2025-05-20T21:03:13.700+0300][16140][14288][debug][gc,heap  ] GC(49)  ParOldGen       total 2796544K, used 16706K [0x0000000700000000, 0x00000007aab00000, 0x00000007aab00000)
[2025-05-20T21:03:13.700+0300][16140][14288][debug][gc,heap  ] GC(49)   object space 2796544K, 0% used [0x0000000700000000,0x0000000701050b30,0x00000007aab00000)
[2025-05-20T21:03:13.700+0300][16140][14288][debug][gc,heap  ] GC(49)  Metaspace       used 8746K, committed 9792K, reserved 1114112K
[2025-05-20T21:03:13.700+0300][16140][14288][debug][gc,heap  ] GC(49)   class space    used 873K, committed 1280K, reserved 1048576K
[2025-05-20T21:03:13.700+0300][16140][14288][debug][gc,phases] GC(49) Scavenge 0.306ms
[2025-05-20T21:03:13.700+0300][16140][14288][debug][gc,phases] GC(49) Reference Processing 0.055ms
[2025-05-20T21:03:13.700+0300][16140][14288][debug][gc,phases] GC(49)   VM Weak                        Min:  0.0, Avg:  0.0, Max:  0.0, Diff:  0.0, Sum:  0.0, Workers: 8
[2025-05-20T21:03:13.700+0300][16140][14288][debug][gc,phases] GC(49)     Dead                           Min: 0, Avg:  0.0, Max: 0, Diff: 0, Sum: 0, Workers: 8
[2025-05-20T21:03:13.700+0300][16140][14288][debug][gc,phases] GC(49)     Total                          Min: 0, Avg: 15.4, Max: 123, Diff: 123, Sum: 123, Workers: 8
[2025-05-20T21:03:13.700+0300][16140][14288][debug][gc,phases] GC(49)   ObjectSynchronizer Weak        Min:  0.0, Avg:  0.0, Max:  0.0, Diff:  0.0, Sum:  0.0, Workers: 8
[2025-05-20T21:03:13.700+0300][16140][14288][debug][gc,phases] GC(49)     Dead                           Min: 0, Avg:  0.0, Max: 0, Diff: 0, Sum: 0, Workers: 8
[2025-05-20T21:03:13.700+0300][16140][14288][debug][gc,phases] GC(49)     Total                          Min: 0, Avg: 18.6, Max: 85, Diff: 85, Sum: 149, Workers: 8
[2025-05-20T21:03:13.700+0300][16140][14288][debug][gc,phases] GC(49)   JVMTI Tag Weak OopStorage      Min:  0.0, Avg:  0.0, Max:  0.0, Diff:  0.0, Sum:  0.0, Workers: 8
[2025-05-20T21:03:13.700+0300][16140][14288][debug][gc,phases] GC(49)     Dead                           Min: 0, Avg:  0.0, Max: 0, Diff: 0, Sum: 0, Workers: 8
[2025-05-20T21:03:13.700+0300][16140][14288][debug][gc,phases] GC(49)     Total                          Min: 0, Avg:  0.0, Max: 0, Diff: 0, Sum: 0, Workers: 8
[2025-05-20T21:03:13.700+0300][16140][14288][debug][gc,phases] GC(49)   StringTable Weak               Min:  0.0, Avg:  0.0, Max:  0.0, Diff:  0.0, Sum:  0.1, Workers: 8
[2025-05-20T21:03:13.700+0300][16140][14288][debug][gc,phases] GC(49)     Dead                           Min: 0, Avg:  0.0, Max: 0, Diff: 0, Sum: 0, Workers: 8
[2025-05-20T21:03:13.700+0300][16140][14288][debug][gc,phases] GC(49)     Total                          Min: 0, Avg: 788.9, Max: 1024, Diff: 1024, Sum: 6311, Workers: 8
[2025-05-20T21:03:13.700+0300][16140][14288][debug][gc,phases] GC(49)   ResolvedMethodTable Weak       Min:  0.0, Avg:  0.0, Max:  0.0, Diff:  0.0, Sum:  0.0, Workers: 8
[2025-05-20T21:03:13.700+0300][16140][14288][debug][gc,phases] GC(49)     Dead                           Min: 0, Avg:  0.0, Max: 0, Diff: 0, Sum: 0, Workers: 8
[2025-05-20T21:03:13.700+0300][16140][14288][debug][gc,phases] GC(49)     Total                          Min: 0, Avg: 112.9, Max: 191, Diff: 191, Sum: 903, Workers: 8
[2025-05-20T21:03:13.700+0300][16140][14288][debug][gc,phases] GC(49)   JNI Weak                       Min:  0.0, Avg:  0.0, Max:  0.0, Diff:  0.0, Sum:  0.0, Workers: 8
[2025-05-20T21:03:13.700+0300][16140][14288][debug][gc,phases] GC(49)     Dead                           Min: 0, Avg:  0.0, Max: 0, Diff: 0, Sum: 0, Workers: 8
[2025-05-20T21:03:13.700+0300][16140][14288][debug][gc,phases] GC(49)     Total                          Min: 0, Avg:  0.0, Max: 0, Diff: 0, Sum: 0, Workers: 8
[2025-05-20T21:03:13.700+0300][16140][14288][debug][gc,phases] GC(49)   StringDedup Table Weak         Min:  0.0, Avg:  0.0, Max:  0.0, Diff:  0.0, Sum:  0.0, Workers: 8
[2025-05-20T21:03:13.700+0300][16140][14288][debug][gc,phases] GC(49)     Dead                           Min: 0, Avg:  0.0, Max: 0, Diff: 0, Sum: 0, Workers: 8
[2025-05-20T21:03:13.700+0300][16140][14288][debug][gc,phases] GC(49)     Total                          Min: 0, Avg:  0.0, Max: 0, Diff: 0, Sum: 0, Workers: 8
[2025-05-20T21:03:13.700+0300][16140][14288][debug][gc,phases] GC(49)   StringDedup Requests0 Weak     Min:  0.0, Avg:  0.0, Max:  0.0, Diff:  0.0, Sum:  0.0, Workers: 8
[2025-05-20T21:03:13.700+0300][16140][14288][debug][gc,phases] GC(49)     Dead                           Min: 0, Avg:  0.0, Max: 0, Diff: 0, Sum: 0, Workers: 8
[2025-05-20T21:03:13.700+0300][16140][14288][debug][gc,phases] GC(49)     Total                          Min: 0, Avg:  0.0, Max: 0, Diff: 0, Sum: 0, Workers: 8
[2025-05-20T21:03:13.700+0300][16140][14288][debug][gc,phases] GC(49)   StringDedup Requests1 Weak     Min:  0.0, Avg:  0.0, Max:  0.0, Diff:  0.0, Sum:  0.0, Workers: 8
[2025-05-20T21:03:13.700+0300][16140][14288][debug][gc,phases] GC(49)     Dead                           Min: 0, Avg:  0.0, Max: 0, Diff: 0, Sum: 0, Workers: 8
[2025-05-20T21:03:13.700+0300][16140][14288][debug][gc,phases] GC(49)     Total                          Min: 0, Avg:  0.0, Max: 0, Diff: 0, Sum: 0, Workers: 8
[2025-05-20T21:03:13.701+0300][16140][14288][debug][gc,phases] GC(49)   Weak JFR Old Object Samples    Min:  0.0, Avg:  0.0, Max:  0.0, Diff:  0.0, Sum:  0.0, Workers: 8
[2025-05-20T21:03:13.701+0300][16140][14288][debug][gc,phases] GC(49)     Dead                           Min: 0, Avg:  0.0, Max: 0, Diff: 0, Sum: 0, Workers: 8
[2025-05-20T21:03:13.701+0300][16140][14288][debug][gc,phases] GC(49)     Total                          Min: 0, Avg:  0.0, Max: 0, Diff: 0, Sum: 0, Workers: 8
[2025-05-20T21:03:13.701+0300][16140][14288][debug][gc,phases] GC(49) Weak Processing 0.639ms
[2025-05-20T21:03:13.701+0300][16140][14288][info ][gc,heap  ] GC(49) PSYoungGen: 1391712K(1394688K)->528K(1394176K) Eden: 1391104K(1391104K)->0K(1391104K) From: 608K(3584K)->528K(3072K)
[2025-05-20T21:03:13.701+0300][16140][14288][info ][gc,heap  ] GC(49) ParOldGen: 16706K(2796544K)->16770K(2796544K)
[2025-05-20T21:03:13.701+0300][16140][14288][info ][gc       ] GC(49) Pause Young (Allocation Failure) 1375M->16M(4092M) 1.138ms
[2025-05-20T21:03:13.701+0300][16140][14288][debug][gc,heap  ] GC(49) Heap after GC invocations=50 (full 3):
[2025-05-20T21:03:13.701+0300][16140][14288][debug][gc,heap  ] GC(49)  PSYoungGen      total 1394176K, used 528K [0x00000007aab00000, 0x0000000800000000, 0x0000000800000000)
[2025-05-20T21:03:13.701+0300][16140][14288][debug][gc,heap  ] GC(49)   eden space 1391104K, 0% used [0x00000007aab00000,0x00000007aab00000,0x00000007ff980000)
[2025-05-20T21:03:13.701+0300][16140][14288][debug][gc,heap  ] GC(49)   from space 3072K, 17% used [0x00000007ff980000,0x00000007ffa040d0,0x00000007ffc80000)
[2025-05-20T21:03:13.701+0300][16140][14288][debug][gc,heap  ] GC(49)   to   space 3072K, 0% used [0x00000007ffd00000,0x00000007ffd00000,0x0000000800000000)
[2025-05-20T21:03:13.701+0300][16140][14288][debug][gc,heap  ] GC(49)  ParOldGen       total 2796544K, used 16770K [0x0000000700000000, 0x00000007aab00000, 0x00000007aab00000)
[2025-05-20T21:03:13.701+0300][16140][14288][debug][gc,heap  ] GC(49)   object space 2796544K, 0% used [0x0000000700000000,0x0000000701060b30,0x00000007aab00000)
[2025-05-20T21:03:13.701+0300][16140][14288][debug][gc,heap  ] GC(49)  Metaspace       used 8746K, committed 9792K, reserved 1114112K
[2025-05-20T21:03:13.701+0300][16140][14288][debug][gc,heap  ] GC(49)   class space    used 873K, committed 1280K, reserved 1048576K
[2025-05-20T21:03:13.701+0300][16140][14288][info ][safepoint] Safepoint "ParallelGCFailedAllocation", Time since last: 448690400 ns, Reaching safepoint: 483000 ns, Cleanup: 16300 ns, At safepoint: 1605900 ns, Total: 2105200 ns
[2025-05-20T21:03:14.138+0300][16140][14288][debug][safepoint] Safepoint synchronization initiated using striped semaphore wait barrier. (19 threads)
[2025-05-20T21:03:14.138+0300][16140][10680][debug][safepoint] ... found polling page loop exception at pc = 0x000002291aa34de0, stub =0x000002291a434d80
[2025-05-20T21:03:14.138+0300][16140][6880 ][debug][safepoint] ... found polling page loop exception at pc = 0x000002291aa34de0, stub =0x000002291a434d80
[2025-05-20T21:03:14.138+0300][16140][18808][debug][safepoint] ... found polling page loop exception at pc = 0x000002291aa34de0, stub =0x000002291a434d80
[2025-05-20T21:03:14.138+0300][16140][16692][debug][safepoint] ... found polling page loop exception at pc = 0x000002291aa34de0, stub =0x000002291a434d80
[2025-05-20T21:03:14.138+0300][16140][14288][debug][gc,heap  ] GC(50) Heap before GC invocations=51 (full 3):
[2025-05-20T21:03:14.138+0300][16140][14288][debug][gc,heap  ] GC(50)  PSYoungGen      total 1394176K, used 1391632K [0x00000007aab00000, 0x0000000800000000, 0x0000000800000000)
[2025-05-20T21:03:14.138+0300][16140][14288][debug][gc,heap  ] GC(50)   eden space 1391104K, 100% used [0x00000007aab00000,0x00000007ff980000,0x00000007ff980000)
[2025-05-20T21:03:14.138+0300][16140][14288][debug][gc,heap  ] GC(50)   from space 3072K, 17% used [0x00000007ff980000,0x00000007ffa040d0,0x00000007ffc80000)
[2025-05-20T21:03:14.138+0300][16140][14288][debug][gc,heap  ] GC(50)   to   space 3072K, 0% used [0x00000007ffd00000,0x00000007ffd00000,0x0000000800000000)
[2025-05-20T21:03:14.140+0300][16140][14288][debug][gc,heap  ] GC(50)  ParOldGen       total 2796544K, used 16770K [0x0000000700000000, 0x00000007aab00000, 0x00000007aab00000)
[2025-05-20T21:03:14.140+0300][16140][14288][debug][gc,heap  ] GC(50)   object space 2796544K, 0% used [0x0000000700000000,0x0000000701060b30,0x00000007aab00000)
[2025-05-20T21:03:14.140+0300][16140][14288][debug][gc,heap  ] GC(50)  Metaspace       used 8746K, committed 9792K, reserved 1114112K
[2025-05-20T21:03:14.140+0300][16140][14288][debug][gc,heap  ] GC(50)   class space    used 873K, committed 1280K, reserved 1048576K
[2025-05-20T21:03:14.140+0300][16140][14288][debug][gc,phases] GC(50) Scavenge 0.308ms
[2025-05-20T21:03:14.140+0300][16140][14288][debug][gc,phases] GC(50) Reference Processing 0.055ms
[2025-05-20T21:03:14.140+0300][16140][14288][debug][gc,phases] GC(50)   VM Weak                        Min:  0.0, Avg:  0.0, Max:  0.0, Diff:  0.0, Sum:  0.0, Workers: 8
[2025-05-20T21:03:14.140+0300][16140][14288][debug][gc,phases] GC(50)     Dead                           Min: 0, Avg:  0.0, Max: 0, Diff: 0, Sum: 0, Workers: 8
[2025-05-20T21:03:14.140+0300][16140][14288][debug][gc,phases] GC(50)     Total                          Min: 0, Avg: 15.4, Max: 84, Diff: 84, Sum: 123, Workers: 8
[2025-05-20T21:03:14.140+0300][16140][14288][debug][gc,phases] GC(50)   ObjectSynchronizer Weak        Min:  0.0, Avg:  0.0, Max:  0.0, Diff:  0.0, Sum:  0.0, Workers: 8
[2025-05-20T21:03:14.140+0300][16140][14288][debug][gc,phases] GC(50)     Dead                           Min: 0, Avg:  0.0, Max: 0, Diff: 0, Sum: 0, Workers: 8
[2025-05-20T21:03:14.140+0300][16140][14288][debug][gc,phases] GC(50)     Total                          Min: 0, Avg: 18.6, Max: 85, Diff: 85, Sum: 149, Workers: 8
[2025-05-20T21:03:14.140+0300][16140][14288][debug][gc,phases] GC(50)   JVMTI Tag Weak OopStorage      Min:  0.0, Avg:  0.0, Max:  0.0, Diff:  0.0, Sum:  0.0, Workers: 8
[2025-05-20T21:03:14.140+0300][16140][14288][debug][gc,phases] GC(50)     Dead                           Min: 0, Avg:  0.0, Max: 0, Diff: 0, Sum: 0, Workers: 8
[2025-05-20T21:03:14.140+0300][16140][14288][debug][gc,phases] GC(50)     Total                          Min: 0, Avg:  0.0, Max: 0, Diff: 0, Sum: 0, Workers: 8
[2025-05-20T21:03:14.140+0300][16140][14288][debug][gc,phases] GC(50)   StringTable Weak               Min:  0.0, Avg:  0.0, Max:  0.0, Diff:  0.0, Sum:  0.1, Workers: 8
[2025-05-20T21:03:14.140+0300][16140][14288][debug][gc,phases] GC(50)     Dead                           Min: 0, Avg:  0.0, Max: 0, Diff: 0, Sum: 0, Workers: 8
[2025-05-20T21:03:14.140+0300][16140][14288][debug][gc,phases] GC(50)     Total                          Min: 512, Avg: 788.9, Max: 1024, Diff: 512, Sum: 6311, Workers: 8
[2025-05-20T21:03:14.140+0300][16140][14288][debug][gc,phases] GC(50)   ResolvedMethodTable Weak       Min:  0.0, Avg:  0.0, Max:  0.0, Diff:  0.0, Sum:  0.0, Workers: 8
[2025-05-20T21:03:14.140+0300][16140][14288][debug][gc,phases] GC(50)     Dead                           Min: 0, Avg:  0.0, Max: 0, Diff: 0, Sum: 0, Workers: 8
[2025-05-20T21:03:14.140+0300][16140][14288][debug][gc,phases] GC(50)     Total                          Min: 64, Avg: 112.9, Max: 128, Diff: 64, Sum: 903, Workers: 8
[2025-05-20T21:03:14.140+0300][16140][14288][debug][gc,phases] GC(50)   JNI Weak                       Min:  0.0, Avg:  0.0, Max:  0.0, Diff:  0.0, Sum:  0.0, Workers: 8
[2025-05-20T21:03:14.140+0300][16140][14288][debug][gc,phases] GC(50)     Dead                           Min: 0, Avg:  0.0, Max: 0, Diff: 0, Sum: 0, Workers: 8
[2025-05-20T21:03:14.140+0300][16140][14288][debug][gc,phases] GC(50)     Total                          Min: 0, Avg:  0.0, Max: 0, Diff: 0, Sum: 0, Workers: 8
[2025-05-20T21:03:14.140+0300][16140][14288][debug][gc,phases] GC(50)   StringDedup Table Weak         Min:  0.0, Avg:  0.0, Max:  0.0, Diff:  0.0, Sum:  0.0, Workers: 8
[2025-05-20T21:03:14.140+0300][16140][14288][debug][gc,phases] GC(50)     Dead                           Min: 0, Avg:  0.0, Max: 0, Diff: 0, Sum: 0, Workers: 8
[2025-05-20T21:03:14.140+0300][16140][14288][debug][gc,phases] GC(50)     Total                          Min: 0, Avg:  0.0, Max: 0, Diff: 0, Sum: 0, Workers: 8
[2025-05-20T21:03:14.140+0300][16140][14288][debug][gc,phases] GC(50)   StringDedup Requests0 Weak     Min:  0.0, Avg:  0.0, Max:  0.0, Diff:  0.0, Sum:  0.0, Workers: 8
[2025-05-20T21:03:14.140+0300][16140][14288][debug][gc,phases] GC(50)     Dead                           Min: 0, Avg:  0.0, Max: 0, Diff: 0, Sum: 0, Workers: 8
[2025-05-20T21:03:14.140+0300][16140][14288][debug][gc,phases] GC(50)     Total                          Min: 0, Avg:  0.0, Max: 0, Diff: 0, Sum: 0, Workers: 8
[2025-05-20T21:03:14.140+0300][16140][14288][debug][gc,phases] GC(50)   StringDedup Requests1 Weak     Min:  0.0, Avg:  0.0, Max:  0.0, Diff:  0.0, Sum:  0.0, Workers: 8
[2025-05-20T21:03:14.140+0300][16140][14288][debug][gc,phases] GC(50)     Dead                           Min: 0, Avg:  0.0, Max: 0, Diff: 0, Sum: 0, Workers: 8
[2025-05-20T21:03:14.140+0300][16140][14288][debug][gc,phases] GC(50)     Total                          Min: 0, Avg:  0.0, Max: 0, Diff: 0, Sum: 0, Workers: 8
[2025-05-20T21:03:14.140+0300][16140][14288][debug][gc,phases] GC(50)   Weak JFR Old Object Samples    Min:  0.0, Avg:  0.0, Max:  0.0, Diff:  0.0, Sum:  0.0, Workers: 8
[2025-05-20T21:03:14.140+0300][16140][14288][debug][gc,phases] GC(50)     Dead                           Min: 0, Avg:  0.0, Max: 0, Diff: 0, Sum: 0, Workers: 8
[2025-05-20T21:03:14.140+0300][16140][14288][debug][gc,phases] GC(50)     Total                          Min: 0, Avg:  0.0, Max: 0, Diff: 0, Sum: 0, Workers: 8
[2025-05-20T21:03:14.140+0300][16140][14288][debug][gc,phases] GC(50) Weak Processing 0.566ms
[2025-05-20T21:03:14.140+0300][16140][14288][info ][gc,heap  ] GC(50) PSYoungGen: 1391632K(1394176K)->592K(1394688K) Eden: 1391104K(1391104K)->0K(1391616K) From: 528K(3072K)->592K(3072K)
[2025-05-20T21:03:14.140+0300][16140][14288][info ][gc,heap  ] GC(50) ParOldGen: 16770K(2796544K)->16810K(2796544K)
[2025-05-20T21:03:14.140+0300][16140][14288][info ][gc       ] GC(50) Pause Young (Allocation Failure) 1375M->16M(4093M) 1.060ms
[2025-05-20T21:03:14.140+0300][16140][14288][debug][gc,heap  ] GC(50) Heap after GC invocations=51 (full 3):
[2025-05-20T21:03:14.140+0300][16140][14288][debug][gc,heap  ] GC(50)  PSYoungGen      total 1394688K, used 592K [0x00000007aab00000, 0x0000000800000000, 0x0000000800000000)
[2025-05-20T21:03:14.140+0300][16140][14288][debug][gc,heap  ] GC(50)   eden space 1391616K, 0% used [0x00000007aab00000,0x00000007aab00000,0x00000007ffa00000)
[2025-05-20T21:03:14.140+0300][16140][14288][debug][gc,heap  ] GC(50)   from space 3072K, 19% used [0x00000007ffd00000,0x00000007ffd940f0,0x0000000800000000)
[2025-05-20T21:03:14.140+0300][16140][14288][debug][gc,heap  ] GC(50)   to   space 3072K, 0% used [0x00000007ffa00000,0x00000007ffa00000,0x00000007ffd00000)
[2025-05-20T21:03:14.140+0300][16140][14288][debug][gc,heap  ] GC(50)  ParOldGen       total 2796544K, used 16810K [0x0000000700000000, 0x00000007aab00000, 0x00000007aab00000)
[2025-05-20T21:03:14.140+0300][16140][14288][debug][gc,heap  ] GC(50)   object space 2796544K, 0% used [0x0000000700000000,0x000000070106ab30,0x00000007aab00000)
[2025-05-20T21:03:14.140+0300][16140][14288][debug][gc,heap  ] GC(50)  Metaspace       used 8746K, committed 9792K, reserved 1114112K
[2025-05-20T21:03:14.140+0300][16140][14288][debug][gc,heap  ] GC(50)   class space    used 873K, committed 1280K, reserved 1048576K
[2025-05-20T21:03:14.140+0300][16140][14288][info ][safepoint] Safepoint "ParallelGCFailedAllocation", Time since last: 438148800 ns, Reaching safepoint: 318000 ns, Cleanup: 7700 ns, At safepoint: 1460700 ns, Total: 1786400 ns
[2025-05-20T21:03:14.613+0300][16140][14288][debug][safepoint] Safepoint synchronization initiated using striped semaphore wait barrier. (19 threads)
[2025-05-20T21:03:14.613+0300][16140][6880 ][debug][safepoint] ... found polling page loop exception at pc = 0x000002291aa34de0, stub =0x000002291a434d80
[2025-05-20T21:03:14.613+0300][16140][10436][debug][safepoint] ... found polling page loop exception at pc = 0x000002291aa8e2d2, stub =0x000002291a435600
[2025-05-20T21:03:14.613+0300][16140][14288][debug][gc,heap  ] GC(51) Heap before GC invocations=52 (full 3):
[2025-05-20T21:03:14.613+0300][16140][14288][debug][gc,heap  ] GC(51)  PSYoungGen      total 1394688K, used 1392208K [0x00000007aab00000, 0x0000000800000000, 0x0000000800000000)
[2025-05-20T21:03:14.613+0300][16140][14288][debug][gc,heap  ] GC(51)   eden space 1391616K, 100% used [0x00000007aab00000,0x00000007ffa00000,0x00000007ffa00000)
[2025-05-20T21:03:14.613+0300][16140][14288][debug][gc,heap  ] GC(51)   from space 3072K, 19% used [0x00000007ffd00000,0x00000007ffd940f0,0x0000000800000000)
[2025-05-20T21:03:14.613+0300][16140][14288][debug][gc,heap  ] GC(51)   to   space 3072K, 0% used [0x00000007ffa00000,0x00000007ffa00000,0x00000007ffd00000)
[2025-05-20T21:03:14.613+0300][16140][14288][debug][gc,heap  ] GC(51)  ParOldGen       total 2796544K, used 16810K [0x0000000700000000, 0x00000007aab00000, 0x00000007aab00000)
[2025-05-20T21:03:14.613+0300][16140][14288][debug][gc,heap  ] GC(51)   object space 2796544K, 0% used [0x0000000700000000,0x000000070106ab30,0x00000007aab00000)
[2025-05-20T21:03:14.613+0300][16140][14288][debug][gc,heap  ] GC(51)  Metaspace       used 8746K, committed 9792K, reserved 1114112K
[2025-05-20T21:03:14.613+0300][16140][14288][debug][gc,heap  ] GC(51)   class space    used 873K, committed 1280K, reserved 1048576K
[2025-05-20T21:03:14.613+0300][16140][14288][debug][gc,phases] GC(51) Scavenge 0.303ms
[2025-05-20T21:03:14.613+0300][16140][14288][debug][gc,phases] GC(51) Reference Processing 0.052ms
[2025-05-20T21:03:14.613+0300][16140][14288][debug][gc,phases] GC(51)   VM Weak                        Min:  0.0, Avg:  0.0, Max:  0.0, Diff:  0.0, Sum:  0.0, Workers: 8
[2025-05-20T21:03:14.613+0300][16140][14288][debug][gc,phases] GC(51)     Dead                           Min: 0, Avg:  0.0, Max: 0, Diff: 0, Sum: 0, Workers: 8
[2025-05-20T21:03:14.613+0300][16140][14288][debug][gc,phases] GC(51)     Total                          Min: 0, Avg: 15.4, Max: 74, Diff: 74, Sum: 123, Workers: 8
[2025-05-20T21:03:14.613+0300][16140][14288][debug][gc,phases] GC(51)   ObjectSynchronizer Weak        Min:  0.0, Avg:  0.0, Max:  0.0, Diff:  0.0, Sum:  0.0, Workers: 8
[2025-05-20T21:03:14.613+0300][16140][14288][debug][gc,phases] GC(51)     Dead                           Min: 0, Avg:  0.0, Max: 0, Diff: 0, Sum: 0, Workers: 8
[2025-05-20T21:03:14.613+0300][16140][14288][debug][gc,phases] GC(51)     Total                          Min: 0, Avg: 18.6, Max: 64, Diff: 64, Sum: 149, Workers: 8
[2025-05-20T21:03:14.613+0300][16140][14288][debug][gc,phases] GC(51)   JVMTI Tag Weak OopStorage      Min:  0.0, Avg:  0.0, Max:  0.0, Diff:  0.0, Sum:  0.0, Workers: 8
[2025-05-20T21:03:14.613+0300][16140][14288][debug][gc,phases] GC(51)     Dead                           Min: 0, Avg:  0.0, Max: 0, Diff: 0, Sum: 0, Workers: 8
[2025-05-20T21:03:14.613+0300][16140][14288][debug][gc,phases] GC(51)     Total                          Min: 0, Avg:  0.0, Max: 0, Diff: 0, Sum: 0, Workers: 8
[2025-05-20T21:03:14.613+0300][16140][14288][debug][gc,phases] GC(51)   StringTable Weak               Min:  0.0, Avg:  0.0, Max:  0.0, Diff:  0.0, Sum:  0.1, Workers: 8
[2025-05-20T21:03:14.613+0300][16140][14288][debug][gc,phases] GC(51)     Dead                           Min: 0, Avg:  0.0, Max: 0, Diff: 0, Sum: 0, Workers: 8
[2025-05-20T21:03:14.613+0300][16140][14288][debug][gc,phases] GC(51)     Total                          Min: 576, Avg: 789.4, Max: 1088, Diff: 512, Sum: 6315, Workers: 8
[2025-05-20T21:03:14.613+0300][16140][14288][debug][gc,phases] GC(51)   ResolvedMethodTable Weak       Min:  0.0, Avg:  0.0, Max:  0.0, Diff:  0.0, Sum:  0.0, Workers: 8
[2025-05-20T21:03:14.613+0300][16140][14288][debug][gc,phases] GC(51)     Dead                           Min: 0, Avg:  0.0, Max: 0, Diff: 0, Sum: 0, Workers: 8
[2025-05-20T21:03:14.613+0300][16140][14288][debug][gc,phases] GC(51)     Total                          Min: 64, Avg: 112.9, Max: 128, Diff: 64, Sum: 903, Workers: 8
[2025-05-20T21:03:14.613+0300][16140][14288][debug][gc,phases] GC(51)   JNI Weak                       Min:  0.0, Avg:  0.0, Max:  0.0, Diff:  0.0, Sum:  0.0, Workers: 8
[2025-05-20T21:03:14.613+0300][16140][14288][debug][gc,phases] GC(51)     Dead                           Min: 0, Avg:  0.0, Max: 0, Diff: 0, Sum: 0, Workers: 8
[2025-05-20T21:03:14.613+0300][16140][14288][debug][gc,phases] GC(51)     Total                          Min: 0, Avg:  0.0, Max: 0, Diff: 0, Sum: 0, Workers: 8
[2025-05-20T21:03:14.613+0300][16140][14288][debug][gc,phases] GC(51)   StringDedup Table Weak         Min:  0.0, Avg:  0.0, Max:  0.0, Diff:  0.0, Sum:  0.0, Workers: 8
[2025-05-20T21:03:14.613+0300][16140][14288][debug][gc,phases] GC(51)     Dead                           Min: 0, Avg:  0.0, Max: 0, Diff: 0, Sum: 0, Workers: 8
[2025-05-20T21:03:14.613+0300][16140][14288][debug][gc,phases] GC(51)     Total                          Min: 0, Avg:  0.0, Max: 0, Diff: 0, Sum: 0, Workers: 8
[2025-05-20T21:03:14.613+0300][16140][14288][debug][gc,phases] GC(51)   StringDedup Requests0 Weak     Min:  0.0, Avg:  0.0, Max:  0.0, Diff:  0.0, Sum:  0.0, Workers: 8
[2025-05-20T21:03:14.613+0300][16140][14288][debug][gc,phases] GC(51)     Dead                           Min: 0, Avg:  0.0, Max: 0, Diff: 0, Sum: 0, Workers: 8
[2025-05-20T21:03:14.613+0300][16140][14288][debug][gc,phases] GC(51)     Total                          Min: 0, Avg:  0.0, Max: 0, Diff: 0, Sum: 0, Workers: 8
[2025-05-20T21:03:14.613+0300][16140][14288][debug][gc,phases] GC(51)   StringDedup Requests1 Weak     Min:  0.0, Avg:  0.0, Max:  0.0, Diff:  0.0, Sum:  0.0, Workers: 8
[2025-05-20T21:03:14.613+0300][16140][14288][debug][gc,phases] GC(51)     Dead                           Min: 0, Avg:  0.0, Max: 0, Diff: 0, Sum: 0, Workers: 8
[2025-05-20T21:03:14.613+0300][16140][14288][debug][gc,phases] GC(51)     Total                          Min: 0, Avg:  0.0, Max: 0, Diff: 0, Sum: 0, Workers: 8
[2025-05-20T21:03:14.613+0300][16140][14288][debug][gc,phases] GC(51)   Weak JFR Old Object Samples    Min:  0.0, Avg:  0.0, Max:  0.0, Diff:  0.0, Sum:  0.0, Workers: 8
[2025-05-20T21:03:14.613+0300][16140][14288][debug][gc,phases] GC(51)     Dead                           Min: 0, Avg:  0.0, Max: 0, Diff: 0, Sum: 0, Workers: 8
[2025-05-20T21:03:14.613+0300][16140][14288][debug][gc,phases] GC(51)     Total                          Min: 0, Avg:  0.0, Max: 0, Diff: 0, Sum: 0, Workers: 8
[2025-05-20T21:03:14.613+0300][16140][14288][debug][gc,phases] GC(51) Weak Processing 0.522ms
[2025-05-20T21:03:14.613+0300][16140][14288][info ][gc,heap  ] GC(51) PSYoungGen: 1392208K(1394688K)->512K(1394688K) Eden: 1391616K(1391616K)->0K(1391616K) From: 592K(3072K)->512K(3072K)
[2025-05-20T21:03:14.613+0300][16140][14288][info ][gc,heap  ] GC(51) ParOldGen: 16810K(2796544K)->16858K(2796544K)
[2025-05-20T21:03:14.613+0300][16140][14288][info ][gc       ] GC(51) Pause Young (Allocation Failure) 1375M->16M(4093M) 0.999ms
[2025-05-20T21:03:14.613+0300][16140][14288][debug][gc,heap  ] GC(51) Heap after GC invocations=52 (full 3):
[2025-05-20T21:03:14.613+0300][16140][14288][debug][gc,heap  ] GC(51)  PSYoungGen      total 1394688K, used 512K [0x00000007aab00000, 0x0000000800000000, 0x0000000800000000)
[2025-05-20T21:03:14.613+0300][16140][14288][debug][gc,heap  ] GC(51)   eden space 1391616K, 0% used [0x00000007aab00000,0x00000007aab00000,0x00000007ffa00000)
[2025-05-20T21:03:14.613+0300][16140][14288][debug][gc,heap  ] GC(51)   from space 3072K, 16% used [0x00000007ffa00000,0x00000007ffa80080,0x00000007ffd00000)
[2025-05-20T21:03:14.613+0300][16140][14288][debug][gc,heap  ] GC(51)   to   space 2560K, 0% used [0x00000007ffd80000,0x00000007ffd80000,0x0000000800000000)
[2025-05-20T21:03:14.613+0300][16140][14288][debug][gc,heap  ] GC(51)  ParOldGen       total 2796544K, used 16858K [0x0000000700000000, 0x00000007aab00000, 0x00000007aab00000)
[2025-05-20T21:03:14.613+0300][16140][14288][debug][gc,heap  ] GC(51)   object space 2796544K, 0% used [0x0000000700000000,0x0000000701076b30,0x00000007aab00000)
[2025-05-20T21:03:14.613+0300][16140][14288][debug][gc,heap  ] GC(51)  Metaspace       used 8746K, committed 9792K, reserved 1114112K
[2025-05-20T21:03:14.613+0300][16140][14288][debug][gc,heap  ] GC(51)   class space    used 873K, committed 1280K, reserved 1048576K
[2025-05-20T21:03:14.615+0300][16140][14288][info ][safepoint] Safepoint "ParallelGCFailedAllocation", Time since last: 471700900 ns, Reaching safepoint: 203600 ns, Cleanup: 14900 ns, At safepoint: 1431100 ns, Total: 1649600 ns
[2025-05-20T21:03:15.044+0300][16140][14288][debug][safepoint] Safepoint synchronization initiated using striped semaphore wait barrier. (19 threads)
[2025-05-20T21:03:15.044+0300][16140][18808][debug][safepoint] ... found polling page loop exception at pc = 0x000002291aa34de0, stub =0x000002291a434d80
[2025-05-20T21:03:15.044+0300][16140][16692][debug][safepoint] ... found polling page loop exception at pc = 0x000002291aa34de0, stub =0x000002291a434d80
[2025-05-20T21:03:15.044+0300][16140][10680][debug][safepoint] ... found polling page loop exception at pc = 0x000002291aa34de0, stub =0x000002291a434d80
[2025-05-20T21:03:15.044+0300][16140][6880 ][debug][safepoint] ... found polling page loop exception at pc = 0x000002291aa34de0, stub =0x000002291a434d80
[2025-05-20T21:03:15.044+0300][16140][14288][debug][gc,heap  ] GC(52) Heap before GC invocations=53 (full 3):
[2025-05-20T21:03:15.044+0300][16140][14288][debug][gc,heap  ] GC(52)  PSYoungGen      total 1394688K, used 1392128K [0x00000007aab00000, 0x0000000800000000, 0x0000000800000000)
[2025-05-20T21:03:15.044+0300][16140][14288][debug][gc,heap  ] GC(52)   eden space 1391616K, 100% used [0x00000007aab00000,0x00000007ffa00000,0x00000007ffa00000)
[2025-05-20T21:03:15.044+0300][16140][14288][debug][gc,heap  ] GC(52)   from space 3072K, 16% used [0x00000007ffa00000,0x00000007ffa80080,0x00000007ffd00000)
[2025-05-20T21:03:15.044+0300][16140][14288][debug][gc,heap  ] GC(52)   to   space 2560K, 0% used [0x00000007ffd80000,0x00000007ffd80000,0x0000000800000000)
[2025-05-20T21:03:15.044+0300][16140][14288][debug][gc,heap  ] GC(52)  ParOldGen       total 2796544K, used 16858K [0x0000000700000000, 0x00000007aab00000, 0x00000007aab00000)
[2025-05-20T21:03:15.044+0300][16140][14288][debug][gc,heap  ] GC(52)   object space 2796544K, 0% used [0x0000000700000000,0x0000000701076b30,0x00000007aab00000)
[2025-05-20T21:03:15.044+0300][16140][14288][debug][gc,heap  ] GC(52)  Metaspace       used 8746K, committed 9792K, reserved 1114112K
[2025-05-20T21:03:15.044+0300][16140][14288][debug][gc,heap  ] GC(52)   class space    used 873K, committed 1280K, reserved 1048576K
[2025-05-20T21:03:15.044+0300][16140][14288][debug][gc,phases] GC(52) Scavenge 0.350ms
[2025-05-20T21:03:15.044+0300][16140][14288][debug][gc,phases] GC(52) Reference Processing 0.057ms
[2025-05-20T21:03:15.044+0300][16140][14288][debug][gc,phases] GC(52)   VM Weak                        Min:  0.0, Avg:  0.0, Max:  0.0, Diff:  0.0, Sum:  0.0, Workers: 8
[2025-05-20T21:03:15.044+0300][16140][14288][debug][gc,phases] GC(52)     Dead                           Min: 0, Avg:  0.0, Max: 0, Diff: 0, Sum: 0, Workers: 8
[2025-05-20T21:03:15.044+0300][16140][14288][debug][gc,phases] GC(52)     Total                          Min: 0, Avg: 15.4, Max: 91, Diff: 91, Sum: 123, Workers: 8
[2025-05-20T21:03:15.044+0300][16140][14288][debug][gc,phases] GC(52)   ObjectSynchronizer Weak        Min:  0.0, Avg:  0.0, Max:  0.0, Diff:  0.0, Sum:  0.0, Workers: 8
[2025-05-20T21:03:15.044+0300][16140][14288][debug][gc,phases] GC(52)     Dead                           Min: 0, Avg:  0.0, Max: 0, Diff: 0, Sum: 0, Workers: 8
[2025-05-20T21:03:15.044+0300][16140][14288][debug][gc,phases] GC(52)     Total                          Min: 0, Avg: 18.6, Max: 85, Diff: 85, Sum: 149, Workers: 8
[2025-05-20T21:03:15.044+0300][16140][14288][debug][gc,phases] GC(52)   JVMTI Tag Weak OopStorage      Min:  0.0, Avg:  0.0, Max:  0.0, Diff:  0.0, Sum:  0.0, Workers: 8
[2025-05-20T21:03:15.044+0300][16140][14288][debug][gc,phases] GC(52)     Dead                           Min: 0, Avg:  0.0, Max: 0, Diff: 0, Sum: 0, Workers: 8
[2025-05-20T21:03:15.044+0300][16140][14288][debug][gc,phases] GC(52)     Total                          Min: 0, Avg:  0.0, Max: 0, Diff: 0, Sum: 0, Workers: 8
[2025-05-20T21:03:15.044+0300][16140][14288][debug][gc,phases] GC(52)   StringTable Weak               Min:  0.0, Avg:  0.0, Max:  0.0, Diff:  0.0, Sum:  0.1, Workers: 8
[2025-05-20T21:03:15.044+0300][16140][14288][debug][gc,phases] GC(52)     Dead                           Min: 0, Avg:  0.0, Max: 0, Diff: 0, Sum: 0, Workers: 8
[2025-05-20T21:03:15.044+0300][16140][14288][debug][gc,phases] GC(52)     Total                          Min: 0, Avg: 789.4, Max: 1707, Diff: 1707, Sum: 6315, Workers: 8
[2025-05-20T21:03:15.044+0300][16140][14288][debug][gc,phases] GC(52)   ResolvedMethodTable Weak       Min:  0.0, Avg:  0.0, Max:  0.0, Diff:  0.0, Sum:  0.0, Workers: 8
[2025-05-20T21:03:15.044+0300][16140][14288][debug][gc,phases] GC(52)     Dead                           Min: 0, Avg:  0.0, Max: 0, Diff: 0, Sum: 0, Workers: 8
[2025-05-20T21:03:15.044+0300][16140][14288][debug][gc,phases] GC(52)     Total                          Min: 0, Avg: 112.9, Max: 192, Diff: 192, Sum: 903, Workers: 8
[2025-05-20T21:03:15.044+0300][16140][14288][debug][gc,phases] GC(52)   JNI Weak                       Min:  0.0, Avg:  0.0, Max:  0.0, Diff:  0.0, Sum:  0.0, Workers: 8
[2025-05-20T21:03:15.044+0300][16140][14288][debug][gc,phases] GC(52)     Dead                           Min: 0, Avg:  0.0, Max: 0, Diff: 0, Sum: 0, Workers: 8
[2025-05-20T21:03:15.044+0300][16140][14288][debug][gc,phases] GC(52)     Total                          Min: 0, Avg:  0.0, Max: 0, Diff: 0, Sum: 0, Workers: 8
[2025-05-20T21:03:15.044+0300][16140][14288][debug][gc,phases] GC(52)   StringDedup Table Weak         Min:  0.0, Avg:  0.0, Max:  0.0, Diff:  0.0, Sum:  0.0, Workers: 8
[2025-05-20T21:03:15.044+0300][16140][14288][debug][gc,phases] GC(52)     Dead                           Min: 0, Avg:  0.0, Max: 0, Diff: 0, Sum: 0, Workers: 8
[2025-05-20T21:03:15.044+0300][16140][14288][debug][gc,phases] GC(52)     Total                          Min: 0, Avg:  0.0, Max: 0, Diff: 0, Sum: 0, Workers: 8
[2025-05-20T21:03:15.044+0300][16140][14288][debug][gc,phases] GC(52)   StringDedup Requests0 Weak     Min:  0.0, Avg:  0.0, Max:  0.0, Diff:  0.0, Sum:  0.0, Workers: 8
[2025-05-20T21:03:15.044+0300][16140][14288][debug][gc,phases] GC(52)     Dead                           Min: 0, Avg:  0.0, Max: 0, Diff: 0, Sum: 0, Workers: 8
[2025-05-20T21:03:15.044+0300][16140][14288][debug][gc,phases] GC(52)     Total                          Min: 0, Avg:  0.0, Max: 0, Diff: 0, Sum: 0, Workers: 8
[2025-05-20T21:03:15.044+0300][16140][14288][debug][gc,phases] GC(52)   StringDedup Requests1 Weak     Min:  0.0, Avg:  0.0, Max:  0.0, Diff:  0.0, Sum:  0.0, Workers: 8
[2025-05-20T21:03:15.044+0300][16140][14288][debug][gc,phases] GC(52)     Dead                           Min: 0, Avg:  0.0, Max: 0, Diff: 0, Sum: 0, Workers: 8
[2025-05-20T21:03:15.044+0300][16140][14288][debug][gc,phases] GC(52)     Total                          Min: 0, Avg:  0.0, Max: 0, Diff: 0, Sum: 0, Workers: 8
[2025-05-20T21:03:15.044+0300][16140][14288][debug][gc,phases] GC(52)   Weak JFR Old Object Samples    Min:  0.0, Avg:  0.0, Max:  0.0, Diff:  0.0, Sum:  0.0, Workers: 8
[2025-05-20T21:03:15.044+0300][16140][14288][debug][gc,phases] GC(52)     Dead                           Min: 0, Avg:  0.0, Max: 0, Diff: 0, Sum: 0, Workers: 8
[2025-05-20T21:03:15.044+0300][16140][14288][debug][gc,phases] GC(52)     Total                          Min: 0, Avg:  0.0, Max: 0, Diff: 0, Sum: 0, Workers: 8
[2025-05-20T21:03:15.044+0300][16140][14288][debug][gc,phases] GC(52) Weak Processing 0.598ms
[2025-05-20T21:03:15.044+0300][16140][14288][info ][gc,heap  ] GC(52) PSYoungGen: 1392128K(1394688K)->608K(1395200K) Eden: 1391616K(1391616K)->0K(1392640K) From: 512K(3072K)->608K(2560K)
[2025-05-20T21:03:15.044+0300][16140][14288][info ][gc,heap  ] GC(52) ParOldGen: 16858K(2796544K)->16898K(2796544K)
[2025-05-20T21:03:15.044+0300][16140][14288][info ][gc       ] GC(52) Pause Young (Allocation Failure) 1375M->17M(4093M) 1.179ms
[2025-05-20T21:03:15.044+0300][16140][14288][debug][gc,heap  ] GC(52) Heap after GC invocations=53 (full 3):
[2025-05-20T21:03:15.044+0300][16140][14288][debug][gc,heap  ] GC(52)  PSYoungGen      total 1395200K, used 608K [0x00000007aab00000, 0x0000000800000000, 0x0000000800000000)
[2025-05-20T21:03:15.044+0300][16140][14288][debug][gc,heap  ] GC(52)   eden space 1392640K, 0% used [0x00000007aab00000,0x00000007aab00000,0x00000007ffb00000)
[2025-05-20T21:03:15.044+0300][16140][14288][debug][gc,heap  ] GC(52)   from space 2560K, 23% used [0x00000007ffd80000,0x00000007ffe180e0,0x0000000800000000)
[2025-05-20T21:03:15.044+0300][16140][14288][debug][gc,heap  ] GC(52)   to   space 2560K, 0% used [0x00000007ffb00000,0x00000007ffb00000,0x00000007ffd80000)
[2025-05-20T21:03:15.044+0300][16140][14288][debug][gc,heap  ] GC(52)  ParOldGen       total 2796544K, used 16898K [0x0000000700000000, 0x00000007aab00000, 0x00000007aab00000)
[2025-05-20T21:03:15.044+0300][16140][14288][debug][gc,heap  ] GC(52)   object space 2796544K, 0% used [0x0000000700000000,0x0000000701080b30,0x00000007aab00000)
[2025-05-20T21:03:15.044+0300][16140][14288][debug][gc,heap  ] GC(52)  Metaspace       used 8746K, committed 9792K, reserved 1114112K
[2025-05-20T21:03:15.044+0300][16140][14288][debug][gc,heap  ] GC(52)   class space    used 873K, committed 1280K, reserved 1048576K
[2025-05-20T21:03:15.044+0300][16140][14288][info ][safepoint] Safepoint "ParallelGCFailedAllocation", Time since last: 429680800 ns, Reaching safepoint: 359600 ns, Cleanup: 14900 ns, At safepoint: 1612700 ns, Total: 1987200 ns
[2025-05-20T21:03:15.446+0300][16140][14288][debug][safepoint] Safepoint synchronization initiated using striped semaphore wait barrier. (19 threads)
[2025-05-20T21:03:15.446+0300][16140][15492][debug][safepoint] ... found polling page loop exception at pc = 0x000002291aa34de0, stub =0x000002291a434d80
[2025-05-20T21:03:15.446+0300][16140][18808][debug][safepoint] ... found polling page loop exception at pc = 0x000002291aa34de0, stub =0x000002291a434d80
[2025-05-20T21:03:15.446+0300][16140][13892][debug][safepoint] ... found polling page loop exception at pc = 0x000002291aa34de0, stub =0x000002291a434d80
[2025-05-20T21:03:15.446+0300][16140][16692][debug][safepoint] ... found polling page loop exception at pc = 0x000002291aa34de0, stub =0x000002291a434d80
[2025-05-20T21:03:15.446+0300][16140][10680][debug][safepoint] ... found polling page loop exception at pc = 0x000002291aa34de0, stub =0x000002291a434d80
[2025-05-20T21:03:15.446+0300][16140][14288][debug][gc,heap  ] GC(53) Heap before GC invocations=54 (full 3):
[2025-05-20T21:03:15.446+0300][16140][14288][debug][gc,heap  ] GC(53)  PSYoungGen      total 1395200K, used 1393248K [0x00000007aab00000, 0x0000000800000000, 0x0000000800000000)
[2025-05-20T21:03:15.446+0300][16140][14288][debug][gc,heap  ] GC(53)   eden space 1392640K, 100% used [0x00000007aab00000,0x00000007ffb00000,0x00000007ffb00000)
[2025-05-20T21:03:15.446+0300][16140][14288][debug][gc,heap  ] GC(53)   from space 2560K, 23% used [0x00000007ffd80000,0x00000007ffe180e0,0x0000000800000000)
[2025-05-20T21:03:15.446+0300][16140][14288][debug][gc,heap  ] GC(53)   to   space 2560K, 0% used [0x00000007ffb00000,0x00000007ffb00000,0x00000007ffd80000)
[2025-05-20T21:03:15.446+0300][16140][14288][debug][gc,heap  ] GC(53)  ParOldGen       total 2796544K, used 16898K [0x0000000700000000, 0x00000007aab00000, 0x00000007aab00000)
[2025-05-20T21:03:15.446+0300][16140][14288][debug][gc,heap  ] GC(53)   object space 2796544K, 0% used [0x0000000700000000,0x0000000701080b30,0x00000007aab00000)
[2025-05-20T21:03:15.446+0300][16140][14288][debug][gc,heap  ] GC(53)  Metaspace       used 8746K, committed 9792K, reserved 1114112K
[2025-05-20T21:03:15.446+0300][16140][14288][debug][gc,heap  ] GC(53)   class space    used 873K, committed 1280K, reserved 1048576K
[2025-05-20T21:03:15.446+0300][16140][14288][debug][gc,phases] GC(53) Scavenge 0.387ms
[2025-05-20T21:03:15.446+0300][16140][14288][debug][gc,phases] GC(53) Reference Processing 0.070ms
[2025-05-20T21:03:15.446+0300][16140][14288][debug][gc,phases] GC(53)   VM Weak                        Min:  0.0, Avg:  0.0, Max:  0.0, Diff:  0.0, Sum:  0.0, Workers: 8
[2025-05-20T21:03:15.446+0300][16140][14288][debug][gc,phases] GC(53)     Dead                           Min: 0, Avg:  0.0, Max: 0, Diff: 0, Sum: 0, Workers: 8
[2025-05-20T21:03:15.446+0300][16140][14288][debug][gc,phases] GC(53)     Total                          Min: 0, Avg: 15.4, Max: 123, Diff: 123, Sum: 123, Workers: 8
[2025-05-20T21:03:15.446+0300][16140][14288][debug][gc,phases] GC(53)   ObjectSynchronizer Weak        Min:  0.0, Avg:  0.0, Max:  0.0, Diff:  0.0, Sum:  0.0, Workers: 8
[2025-05-20T21:03:15.446+0300][16140][14288][debug][gc,phases] GC(53)     Dead                           Min: 0, Avg:  0.0, Max: 0, Diff: 0, Sum: 0, Workers: 8
[2025-05-20T21:03:15.446+0300][16140][14288][debug][gc,phases] GC(53)     Total                          Min: 0, Avg: 18.6, Max: 85, Diff: 85, Sum: 149, Workers: 8
[2025-05-20T21:03:15.446+0300][16140][14288][debug][gc,phases] GC(53)   JVMTI Tag Weak OopStorage      Min:  0.0, Avg:  0.0, Max:  0.0, Diff:  0.0, Sum:  0.0, Workers: 8
[2025-05-20T21:03:15.446+0300][16140][14288][debug][gc,phases] GC(53)     Dead                           Min: 0, Avg:  0.0, Max: 0, Diff: 0, Sum: 0, Workers: 8
[2025-05-20T21:03:15.446+0300][16140][14288][debug][gc,phases] GC(53)     Total                          Min: 0, Avg:  0.0, Max: 0, Diff: 0, Sum: 0, Workers: 8
[2025-05-20T21:03:15.446+0300][16140][14288][debug][gc,phases] GC(53)   StringTable Weak               Min:  0.0, Avg:  0.0, Max:  0.0, Diff:  0.0, Sum:  0.1, Workers: 8
[2025-05-20T21:03:15.446+0300][16140][14288][debug][gc,phases] GC(53)     Dead                           Min: 0, Avg:  0.0, Max: 0, Diff: 0, Sum: 0, Workers: 8
[2025-05-20T21:03:15.446+0300][16140][14288][debug][gc,phases] GC(53)     Total                          Min: 0, Avg: 789.4, Max: 1024, Diff: 1024, Sum: 6315, Workers: 8
[2025-05-20T21:03:15.446+0300][16140][14288][debug][gc,phases] GC(53)   ResolvedMethodTable Weak       Min:  0.0, Avg:  0.0, Max:  0.0, Diff:  0.0, Sum:  0.0, Workers: 8
[2025-05-20T21:03:15.446+0300][16140][14288][debug][gc,phases] GC(53)     Dead                           Min: 0, Avg:  0.0, Max: 0, Diff: 0, Sum: 0, Workers: 8
[2025-05-20T21:03:15.446+0300][16140][14288][debug][gc,phases] GC(53)     Total                          Min: 0, Avg: 112.9, Max: 192, Diff: 192, Sum: 903, Workers: 8
[2025-05-20T21:03:15.446+0300][16140][14288][debug][gc,phases] GC(53)   JNI Weak                       Min:  0.0, Avg:  0.0, Max:  0.0, Diff:  0.0, Sum:  0.0, Workers: 8
[2025-05-20T21:03:15.446+0300][16140][14288][debug][gc,phases] GC(53)     Dead                           Min: 0, Avg:  0.0, Max: 0, Diff: 0, Sum: 0, Workers: 8
[2025-05-20T21:03:15.446+0300][16140][14288][debug][gc,phases] GC(53)     Total                          Min: 0, Avg:  0.0, Max: 0, Diff: 0, Sum: 0, Workers: 8
[2025-05-20T21:03:15.446+0300][16140][14288][debug][gc,phases] GC(53)   StringDedup Table Weak         Min:  0.0, Avg:  0.0, Max:  0.0, Diff:  0.0, Sum:  0.0, Workers: 8
[2025-05-20T21:03:15.446+0300][16140][14288][debug][gc,phases] GC(53)     Dead                           Min: 0, Avg:  0.0, Max: 0, Diff: 0, Sum: 0, Workers: 8
[2025-05-20T21:03:15.446+0300][16140][14288][debug][gc,phases] GC(53)     Total                          Min: 0, Avg:  0.0, Max: 0, Diff: 0, Sum: 0, Workers: 8
[2025-05-20T21:03:15.446+0300][16140][14288][debug][gc,phases] GC(53)   StringDedup Requests0 Weak     Min:  0.0, Avg:  0.0, Max:  0.0, Diff:  0.0, Sum:  0.0, Workers: 8
[2025-05-20T21:03:15.446+0300][16140][14288][debug][gc,phases] GC(53)     Dead                           Min: 0, Avg:  0.0, Max: 0, Diff: 0, Sum: 0, Workers: 8
[2025-05-20T21:03:15.446+0300][16140][14288][debug][gc,phases] GC(53)     Total                          Min: 0, Avg:  0.0, Max: 0, Diff: 0, Sum: 0, Workers: 8
[2025-05-20T21:03:15.446+0300][16140][14288][debug][gc,phases] GC(53)   StringDedup Requests1 Weak     Min:  0.0, Avg:  0.0, Max:  0.0, Diff:  0.0, Sum:  0.0, Workers: 8
[2025-05-20T21:03:15.446+0300][16140][14288][debug][gc,phases] GC(53)     Dead                           Min: 0, Avg:  0.0, Max: 0, Diff: 0, Sum: 0, Workers: 8
[2025-05-20T21:03:15.446+0300][16140][14288][debug][gc,phases] GC(53)     Total                          Min: 0, Avg:  0.0, Max: 0, Diff: 0, Sum: 0, Workers: 8
[2025-05-20T21:03:15.446+0300][16140][14288][debug][gc,phases] GC(53)   Weak JFR Old Object Samples    Min:  0.0, Avg:  0.0, Max:  0.0, Diff:  0.0, Sum:  0.0, Workers: 8
[2025-05-20T21:03:15.446+0300][16140][14288][debug][gc,phases] GC(53)     Dead                           Min: 0, Avg:  0.0, Max: 0, Diff: 0, Sum: 0, Workers: 8
[2025-05-20T21:03:15.446+0300][16140][14288][debug][gc,phases] GC(53)     Total                          Min: 0, Avg:  0.0, Max: 0, Diff: 0, Sum: 0, Workers: 8
[2025-05-20T21:03:15.446+0300][16140][14288][debug][gc,phases] GC(53) Weak Processing 0.615ms
[2025-05-20T21:03:15.446+0300][16140][14288][info ][gc,heap  ] GC(53) PSYoungGen: 1393248K(1395200K)->592K(1395200K) Eden: 1392640K(1392640K)->0K(1392640K) From: 608K(2560K)->592K(2560K)
[2025-05-20T21:03:15.446+0300][16140][14288][info ][gc,heap  ] GC(53) ParOldGen: 16898K(2796544K)->16970K(2796544K)
[2025-05-20T21:03:15.446+0300][16140][14288][info ][gc       ] GC(53) Pause Young (Allocation Failure) 1377M->17M(4093M) 1.217ms
[2025-05-20T21:03:15.446+0300][16140][14288][debug][gc,heap  ] GC(53) Heap after GC invocations=54 (full 3):
[2025-05-20T21:03:15.446+0300][16140][14288][debug][gc,heap  ] GC(53)  PSYoungGen      total 1395200K, used 592K [0x00000007aab00000, 0x0000000800000000, 0x0000000800000000)
[2025-05-20T21:03:15.446+0300][16140][14288][debug][gc,heap  ] GC(53)   eden space 1392640K, 0% used [0x00000007aab00000,0x00000007aab00000,0x00000007ffb00000)
[2025-05-20T21:03:15.446+0300][16140][14288][debug][gc,heap  ] GC(53)   from space 2560K, 23% used [0x00000007ffb00000,0x00000007ffb940d0,0x00000007ffd80000)
[2025-05-20T21:03:15.446+0300][16140][14288][debug][gc,heap  ] GC(53)   to   space 2560K, 0% used [0x00000007ffd80000,0x00000007ffd80000,0x0000000800000000)
[2025-05-20T21:03:15.446+0300][16140][14288][debug][gc,heap  ] GC(53)  ParOldGen       total 2796544K, used 16970K [0x0000000700000000, 0x00000007aab00000, 0x00000007aab00000)
[2025-05-20T21:03:15.446+0300][16140][14288][debug][gc,heap  ] GC(53)   object space 2796544K, 0% used [0x0000000700000000,0x0000000701092b30,0x00000007aab00000)
[2025-05-20T21:03:15.446+0300][16140][14288][debug][gc,heap  ] GC(53)  Metaspace       used 8746K, committed 9792K, reserved 1114112K
[2025-05-20T21:03:15.446+0300][16140][14288][debug][gc,heap  ] GC(53)   class space    used 873K, committed 1280K, reserved 1048576K
[2025-05-20T21:03:15.446+0300][16140][14288][info ][safepoint] Safepoint "ParallelGCFailedAllocation", Time since last: 400064900 ns, Reaching safepoint: 366900 ns, Cleanup: 13900 ns, At safepoint: 1609700 ns, Total: 1990500 ns
[2025-05-20T21:03:15.871+0300][16140][14288][debug][safepoint] Safepoint synchronization initiated using striped semaphore wait barrier. (19 threads)
[2025-05-20T21:03:15.871+0300][16140][23060][debug][safepoint] ... found polling page loop exception at pc = 0x000002291aa3e5af, stub =0x000002291a435600
[2025-05-20T21:03:15.871+0300][16140][18808][debug][safepoint] ... found polling page loop exception at pc = 0x000002291aa34de0, stub =0x000002291a434d80
[2025-05-20T21:03:15.871+0300][16140][10436][debug][safepoint] ... found polling page loop exception at pc = 0x000002291aa34de0, stub =0x000002291a434d80
[2025-05-20T21:03:15.871+0300][16140][13892][debug][safepoint] ... found polling page loop exception at pc = 0x000002291aa34de0, stub =0x000002291a434d80
[2025-05-20T21:03:15.871+0300][16140][15492][debug][safepoint] ... found polling page loop exception at pc = 0x000002291aa34de0, stub =0x000002291a434d80
[2025-05-20T21:03:15.871+0300][16140][16692][debug][safepoint] ... found polling page loop exception at pc = 0x000002291aa34de0, stub =0x000002291a434d80
[2025-05-20T21:03:15.871+0300][16140][6880 ][debug][safepoint] ... found polling page loop exception at pc = 0x000002291aa34de0, stub =0x000002291a434d80
[2025-05-20T21:03:15.871+0300][16140][14288][debug][gc,heap  ] GC(54) Heap before GC invocations=55 (full 3):
[2025-05-20T21:03:15.871+0300][16140][14288][debug][gc,heap  ] GC(54)  PSYoungGen      total 1395200K, used 1393232K [0x00000007aab00000, 0x0000000800000000, 0x0000000800000000)
[2025-05-20T21:03:15.871+0300][16140][14288][debug][gc,heap  ] GC(54)   eden space 1392640K, 100% used [0x00000007aab00000,0x00000007ffb00000,0x00000007ffb00000)
[2025-05-20T21:03:15.871+0300][16140][14288][debug][gc,heap  ] GC(54)   from space 2560K, 23% used [0x00000007ffb00000,0x00000007ffb940d0,0x00000007ffd80000)
[2025-05-20T21:03:15.871+0300][16140][14288][debug][gc,heap  ] GC(54)   to   space 2560K, 0% used [0x00000007ffd80000,0x00000007ffd80000,0x0000000800000000)
[2025-05-20T21:03:15.871+0300][16140][14288][debug][gc,heap  ] GC(54)  ParOldGen       total 2796544K, used 16970K [0x0000000700000000, 0x00000007aab00000, 0x00000007aab00000)
[2025-05-20T21:03:15.871+0300][16140][14288][debug][gc,heap  ] GC(54)   object space 2796544K, 0% used [0x0000000700000000,0x0000000701092b30,0x00000007aab00000)
[2025-05-20T21:03:15.871+0300][16140][14288][debug][gc,heap  ] GC(54)  Metaspace       used 8746K, committed 9792K, reserved 1114112K
[2025-05-20T21:03:15.871+0300][16140][14288][debug][gc,heap  ] GC(54)   class space    used 873K, committed 1280K, reserved 1048576K
[2025-05-20T21:03:15.873+0300][16140][14288][debug][gc,phases] GC(54) Scavenge 0.289ms
[2025-05-20T21:03:15.873+0300][16140][14288][debug][gc,phases] GC(54) Reference Processing 0.057ms
[2025-05-20T21:03:15.873+0300][16140][14288][debug][gc,phases] GC(54)   VM Weak                        Min:  0.0, Avg:  0.0, Max:  0.0, Diff:  0.0, Sum:  0.0, Workers: 8
[2025-05-20T21:03:15.873+0300][16140][14288][debug][gc,phases] GC(54)     Dead                           Min: 0, Avg:  0.0, Max: 0, Diff: 0, Sum: 0, Workers: 8
[2025-05-20T21:03:15.873+0300][16140][14288][debug][gc,phases] GC(54)     Total                          Min: 0, Avg: 15.4, Max: 123, Diff: 123, Sum: 123, Workers: 8
[2025-05-20T21:03:15.873+0300][16140][14288][debug][gc,phases] GC(54)   ObjectSynchronizer Weak        Min:  0.0, Avg:  0.0, Max:  0.0, Diff:  0.0, Sum:  0.0, Workers: 8
[2025-05-20T21:03:15.873+0300][16140][14288][debug][gc,phases] GC(54)     Dead                           Min: 0, Avg:  0.0, Max: 0, Diff: 0, Sum: 0, Workers: 8
[2025-05-20T21:03:15.873+0300][16140][14288][debug][gc,phases] GC(54)     Total                          Min: 0, Avg: 18.6, Max: 149, Diff: 149, Sum: 149, Workers: 8
[2025-05-20T21:03:15.873+0300][16140][14288][debug][gc,phases] GC(54)   JVMTI Tag Weak OopStorage      Min:  0.0, Avg:  0.0, Max:  0.0, Diff:  0.0, Sum:  0.0, Workers: 8
[2025-05-20T21:03:15.873+0300][16140][14288][debug][gc,phases] GC(54)     Dead                           Min: 0, Avg:  0.0, Max: 0, Diff: 0, Sum: 0, Workers: 8
[2025-05-20T21:03:15.873+0300][16140][14288][debug][gc,phases] GC(54)     Total                          Min: 0, Avg:  0.0, Max: 0, Diff: 0, Sum: 0, Workers: 8
[2025-05-20T21:03:15.873+0300][16140][14288][debug][gc,phases] GC(54)   StringTable Weak               Min:  0.0, Avg:  0.0, Max:  0.0, Diff:  0.0, Sum:  0.1, Workers: 8
[2025-05-20T21:03:15.873+0300][16140][14288][debug][gc,phases] GC(54)     Dead                           Min: 0, Avg:  0.0, Max: 0, Diff: 0, Sum: 0, Workers: 8
[2025-05-20T21:03:15.873+0300][16140][14288][debug][gc,phases] GC(54)     Total                          Min: 0, Avg: 789.4, Max: 1387, Diff: 1387, Sum: 6315, Workers: 8
[2025-05-20T21:03:15.873+0300][16140][14288][debug][gc,phases] GC(54)   ResolvedMethodTable Weak       Min:  0.0, Avg:  0.0, Max:  0.0, Diff:  0.0, Sum:  0.0, Workers: 8
[2025-05-20T21:03:15.873+0300][16140][14288][debug][gc,phases] GC(54)     Dead                           Min: 0, Avg:  0.0, Max: 0, Diff: 0, Sum: 0, Workers: 8
[2025-05-20T21:03:15.873+0300][16140][14288][debug][gc,phases] GC(54)     Total                          Min: 0, Avg: 112.9, Max: 191, Diff: 191, Sum: 903, Workers: 8
[2025-05-20T21:03:15.873+0300][16140][14288][debug][gc,phases] GC(54)   JNI Weak                       Min:  0.0, Avg:  0.0, Max:  0.0, Diff:  0.0, Sum:  0.0, Workers: 8
[2025-05-20T21:03:15.873+0300][16140][14288][debug][gc,phases] GC(54)     Dead                           Min: 0, Avg:  0.0, Max: 0, Diff: 0, Sum: 0, Workers: 8
[2025-05-20T21:03:15.873+0300][16140][14288][debug][gc,phases] GC(54)     Total                          Min: 0, Avg:  0.0, Max: 0, Diff: 0, Sum: 0, Workers: 8
[2025-05-20T21:03:15.873+0300][16140][14288][debug][gc,phases] GC(54)   StringDedup Table Weak         Min:  0.0, Avg:  0.0, Max:  0.0, Diff:  0.0, Sum:  0.0, Workers: 8
[2025-05-20T21:03:15.873+0300][16140][14288][debug][gc,phases] GC(54)     Dead                           Min: 0, Avg:  0.0, Max: 0, Diff: 0, Sum: 0, Workers: 8
[2025-05-20T21:03:15.873+0300][16140][14288][debug][gc,phases] GC(54)     Total                          Min: 0, Avg:  0.0, Max: 0, Diff: 0, Sum: 0, Workers: 8
[2025-05-20T21:03:15.873+0300][16140][14288][debug][gc,phases] GC(54)   StringDedup Requests0 Weak     Min:  0.0, Avg:  0.0, Max:  0.0, Diff:  0.0, Sum:  0.0, Workers: 8
[2025-05-20T21:03:15.873+0300][16140][14288][debug][gc,phases] GC(54)     Dead                           Min: 0, Avg:  0.0, Max: 0, Diff: 0, Sum: 0, Workers: 8
[2025-05-20T21:03:15.873+0300][16140][14288][debug][gc,phases] GC(54)     Total                          Min: 0, Avg:  0.0, Max: 0, Diff: 0, Sum: 0, Workers: 8
[2025-05-20T21:03:15.873+0300][16140][14288][debug][gc,phases] GC(54)   StringDedup Requests1 Weak     Min:  0.0, Avg:  0.0, Max:  0.0, Diff:  0.0, Sum:  0.0, Workers: 8
[2025-05-20T21:03:15.873+0300][16140][14288][debug][gc,phases] GC(54)     Dead                           Min: 0, Avg:  0.0, Max: 0, Diff: 0, Sum: 0, Workers: 8
[2025-05-20T21:03:15.873+0300][16140][14288][debug][gc,phases] GC(54)     Total                          Min: 0, Avg:  0.0, Max: 0, Diff: 0, Sum: 0, Workers: 8
[2025-05-20T21:03:15.873+0300][16140][14288][debug][gc,phases] GC(54)   Weak JFR Old Object Samples    Min:  0.0, Avg:  0.0, Max:  0.0, Diff:  0.0, Sum:  0.0, Workers: 8
[2025-05-20T21:03:15.873+0300][16140][14288][debug][gc,phases] GC(54)     Dead                           Min: 0, Avg:  0.0, Max: 0, Diff: 0, Sum: 0, Workers: 8
[2025-05-20T21:03:15.873+0300][16140][14288][debug][gc,phases] GC(54)     Total                          Min: 0, Avg:  0.0, Max: 0, Diff: 0, Sum: 0, Workers: 8
[2025-05-20T21:03:15.873+0300][16140][14288][debug][gc,phases] GC(54) Weak Processing 0.564ms
[2025-05-20T21:03:15.873+0300][16140][14288][info ][gc,heap  ] GC(54) PSYoungGen: 1393232K(1395200K)->544K(1395712K) Eden: 1392640K(1392640K)->0K(1393152K) From: 592K(2560K)->544K(2560K)
[2025-05-20T21:03:15.873+0300][16140][14288][info ][gc,heap  ] GC(54) ParOldGen: 16970K(2796544K)->17034K(2796544K)
[2025-05-20T21:03:15.873+0300][16140][14288][info ][gc       ] GC(54) Pause Young (Allocation Failure) 1377M->17M(4094M) 1.051ms
[2025-05-20T21:03:15.873+0300][16140][14288][debug][gc,heap  ] GC(54) Heap after GC invocations=55 (full 3):
[2025-05-20T21:03:15.873+0300][16140][14288][debug][gc,heap  ] GC(54)  PSYoungGen      total 1395712K, used 544K [0x00000007aab00000, 0x0000000800000000, 0x0000000800000000)
[2025-05-20T21:03:15.873+0300][16140][14288][debug][gc,heap  ] GC(54)   eden space 1393152K, 0% used [0x00000007aab00000,0x00000007aab00000,0x00000007ffb80000)
[2025-05-20T21:03:15.873+0300][16140][14288][debug][gc,heap  ] GC(54)   from space 2560K, 21% used [0x00000007ffd80000,0x00000007ffe080e0,0x0000000800000000)
[2025-05-20T21:03:15.873+0300][16140][14288][debug][gc,heap  ] GC(54)   to   space 2048K, 0% used [0x00000007ffb80000,0x00000007ffb80000,0x00000007ffd80000)
[2025-05-20T21:03:15.873+0300][16140][14288][debug][gc,heap  ] GC(54)  ParOldGen       total 2796544K, used 17034K [0x0000000700000000, 0x00000007aab00000, 0x00000007aab00000)
[2025-05-20T21:03:15.873+0300][16140][14288][debug][gc,heap  ] GC(54)   object space 2796544K, 0% used [0x0000000700000000,0x00000007010a2b30,0x00000007aab00000)
[2025-05-20T21:03:15.873+0300][16140][14288][debug][gc,heap  ] GC(54)  Metaspace       used 8746K, committed 9792K, reserved 1114112K
[2025-05-20T21:03:15.873+0300][16140][14288][debug][gc,heap  ] GC(54)   class space    used 873K, committed 1280K, reserved 1048576K
[2025-05-20T21:03:15.873+0300][16140][14288][info ][safepoint] Safepoint "ParallelGCFailedAllocation", Time since last: 423361100 ns, Reaching safepoint: 409700 ns, Cleanup: 6600 ns, At safepoint: 1413200 ns, Total: 1829500 ns
[2025-05-20T21:03:16.268+0300][16140][14288][debug][safepoint] Safepoint synchronization initiated using striped semaphore wait barrier. (19 threads)
[2025-05-20T21:03:16.268+0300][16140][23060][debug][safepoint] ... found polling page loop exception at pc = 0x000002291aa34de0, stub =0x000002291a434d80
[2025-05-20T21:03:16.268+0300][16140][13892][debug][safepoint] ... found polling page loop exception at pc = 0x000002291aa3e5af, stub =0x000002291a435600
[2025-05-20T21:03:16.268+0300][16140][10680][debug][safepoint] ... found polling page loop exception at pc = 0x000002291aa34de0, stub =0x000002291a434d80
[2025-05-20T21:03:16.268+0300][16140][18808][debug][safepoint] ... found polling page loop exception at pc = 0x000002291aa34de0, stub =0x000002291a434d80
[2025-05-20T21:03:16.268+0300][16140][16692][debug][safepoint] ... found polling page loop exception at pc = 0x000002291aa34de0, stub =0x000002291a434d80
[2025-05-20T21:03:16.268+0300][16140][14288][debug][gc,heap  ] GC(55) Heap before GC invocations=56 (full 3):
[2025-05-20T21:03:16.268+0300][16140][14288][debug][gc,heap  ] GC(55)  PSYoungGen      total 1395712K, used 1393696K [0x00000007aab00000, 0x0000000800000000, 0x0000000800000000)
[2025-05-20T21:03:16.268+0300][16140][14288][debug][gc,heap  ] GC(55)   eden space 1393152K, 100% used [0x00000007aab00000,0x00000007ffb80000,0x00000007ffb80000)
[2025-05-20T21:03:16.268+0300][16140][14288][debug][gc,heap  ] GC(55)   from space 2560K, 21% used [0x00000007ffd80000,0x00000007ffe080e0,0x0000000800000000)
[2025-05-20T21:03:16.270+0300][16140][14288][debug][gc,heap  ] GC(55)   to   space 2048K, 0% used [0x00000007ffb80000,0x00000007ffb80000,0x00000007ffd80000)
[2025-05-20T21:03:16.270+0300][16140][14288][debug][gc,heap  ] GC(55)  ParOldGen       total 2796544K, used 17034K [0x0000000700000000, 0x00000007aab00000, 0x00000007aab00000)
[2025-05-20T21:03:16.270+0300][16140][14288][debug][gc,heap  ] GC(55)   object space 2796544K, 0% used [0x0000000700000000,0x00000007010a2b30,0x00000007aab00000)
[2025-05-20T21:03:16.270+0300][16140][14288][debug][gc,heap  ] GC(55)  Metaspace       used 8746K, committed 9792K, reserved 1114112K
[2025-05-20T21:03:16.270+0300][16140][14288][debug][gc,heap  ] GC(55)   class space    used 873K, committed 1280K, reserved 1048576K
[2025-05-20T21:03:16.270+0300][16140][14288][debug][gc,phases] GC(55) Scavenge 0.251ms
[2025-05-20T21:03:16.270+0300][16140][14288][debug][gc,phases] GC(55) Reference Processing 0.053ms
[2025-05-20T21:03:16.270+0300][16140][14288][debug][gc,phases] GC(55)   VM Weak                        Min:  0.0, Avg:  0.0, Max:  0.0, Diff:  0.0, Sum:  0.0, Workers: 8
[2025-05-20T21:03:16.270+0300][16140][14288][debug][gc,phases] GC(55)     Dead                           Min: 0, Avg:  0.0, Max: 0, Diff: 0, Sum: 0, Workers: 8
[2025-05-20T21:03:16.270+0300][16140][14288][debug][gc,phases] GC(55)     Total                          Min: 0, Avg: 15.4, Max: 96, Diff: 96, Sum: 123, Workers: 8
[2025-05-20T21:03:16.270+0300][16140][14288][debug][gc,phases] GC(55)   ObjectSynchronizer Weak        Min:  0.0, Avg:  0.0, Max:  0.0, Diff:  0.0, Sum:  0.0, Workers: 8
[2025-05-20T21:03:16.270+0300][16140][14288][debug][gc,phases] GC(55)     Dead                           Min: 0, Avg:  0.0, Max: 0, Diff: 0, Sum: 0, Workers: 8
[2025-05-20T21:03:16.270+0300][16140][14288][debug][gc,phases] GC(55)     Total                          Min: 0, Avg: 18.6, Max: 85, Diff: 85, Sum: 149, Workers: 8
[2025-05-20T21:03:16.270+0300][16140][14288][debug][gc,phases] GC(55)   JVMTI Tag Weak OopStorage      Min:  0.0, Avg:  0.0, Max:  0.0, Diff:  0.0, Sum:  0.0, Workers: 8
[2025-05-20T21:03:16.270+0300][16140][14288][debug][gc,phases] GC(55)     Dead                           Min: 0, Avg:  0.0, Max: 0, Diff: 0, Sum: 0, Workers: 8
[2025-05-20T21:03:16.270+0300][16140][14288][debug][gc,phases] GC(55)     Total                          Min: 0, Avg:  0.0, Max: 0, Diff: 0, Sum: 0, Workers: 8
[2025-05-20T21:03:16.270+0300][16140][14288][debug][gc,phases] GC(55)   StringTable Weak               Min:  0.0, Avg:  0.0, Max:  0.0, Diff:  0.0, Sum:  0.1, Workers: 8
[2025-05-20T21:03:16.270+0300][16140][14288][debug][gc,phases] GC(55)     Dead                           Min: 0, Avg:  0.0, Max: 0, Diff: 0, Sum: 0, Workers: 8
[2025-05-20T21:03:16.270+0300][16140][14288][debug][gc,phases] GC(55)     Total                          Min: 576, Avg: 789.4, Max: 1024, Diff: 448, Sum: 6315, Workers: 8
[2025-05-20T21:03:16.270+0300][16140][14288][debug][gc,phases] GC(55)   ResolvedMethodTable Weak       Min:  0.0, Avg:  0.0, Max:  0.0, Diff:  0.0, Sum:  0.0, Workers: 8
[2025-05-20T21:03:16.270+0300][16140][14288][debug][gc,phases] GC(55)     Dead                           Min: 0, Avg:  0.0, Max: 0, Diff: 0, Sum: 0, Workers: 8
[2025-05-20T21:03:16.270+0300][16140][14288][debug][gc,phases] GC(55)     Total                          Min: 64, Avg: 112.9, Max: 191, Diff: 127, Sum: 903, Workers: 8
[2025-05-20T21:03:16.270+0300][16140][14288][debug][gc,phases] GC(55)   JNI Weak                       Min:  0.0, Avg:  0.0, Max:  0.0, Diff:  0.0, Sum:  0.0, Workers: 8
[2025-05-20T21:03:16.270+0300][16140][14288][debug][gc,phases] GC(55)     Dead                           Min: 0, Avg:  0.0, Max: 0, Diff: 0, Sum: 0, Workers: 8
[2025-05-20T21:03:16.270+0300][16140][14288][debug][gc,phases] GC(55)     Total                          Min: 0, Avg:  0.0, Max: 0, Diff: 0, Sum: 0, Workers: 8
[2025-05-20T21:03:16.270+0300][16140][14288][debug][gc,phases] GC(55)   StringDedup Table Weak         Min:  0.0, Avg:  0.0, Max:  0.0, Diff:  0.0, Sum:  0.0, Workers: 8
[2025-05-20T21:03:16.270+0300][16140][14288][debug][gc,phases] GC(55)     Dead                           Min: 0, Avg:  0.0, Max: 0, Diff: 0, Sum: 0, Workers: 8
[2025-05-20T21:03:16.270+0300][16140][14288][debug][gc,phases] GC(55)     Total                          Min: 0, Avg:  0.0, Max: 0, Diff: 0, Sum: 0, Workers: 8
[2025-05-20T21:03:16.270+0300][16140][14288][debug][gc,phases] GC(55)   StringDedup Requests0 Weak     Min:  0.0, Avg:  0.0, Max:  0.0, Diff:  0.0, Sum:  0.0, Workers: 8
[2025-05-20T21:03:16.270+0300][16140][14288][debug][gc,phases] GC(55)     Dead                           Min: 0, Avg:  0.0, Max: 0, Diff: 0, Sum: 0, Workers: 8
[2025-05-20T21:03:16.270+0300][16140][14288][debug][gc,phases] GC(55)     Total                          Min: 0, Avg:  0.0, Max: 0, Diff: 0, Sum: 0, Workers: 8
[2025-05-20T21:03:16.270+0300][16140][14288][debug][gc,phases] GC(55)   StringDedup Requests1 Weak     Min:  0.0, Avg:  0.0, Max:  0.0, Diff:  0.0, Sum:  0.0, Workers: 8
[2025-05-20T21:03:16.270+0300][16140][14288][debug][gc,phases] GC(55)     Dead                           Min: 0, Avg:  0.0, Max: 0, Diff: 0, Sum: 0, Workers: 8
[2025-05-20T21:03:16.270+0300][16140][14288][debug][gc,phases] GC(55)     Total                          Min: 0, Avg:  0.0, Max: 0, Diff: 0, Sum: 0, Workers: 8
[2025-05-20T21:03:16.270+0300][16140][14288][debug][gc,phases] GC(55)   Weak JFR Old Object Samples    Min:  0.0, Avg:  0.0, Max:  0.0, Diff:  0.0, Sum:  0.0, Workers: 8
[2025-05-20T21:03:16.270+0300][16140][14288][debug][gc,phases] GC(55)     Dead                           Min: 0, Avg:  0.0, Max: 0, Diff: 0, Sum: 0, Workers: 8
[2025-05-20T21:03:16.270+0300][16140][14288][debug][gc,phases] GC(55)     Total                          Min: 0, Avg:  0.0, Max: 0, Diff: 0, Sum: 0, Workers: 8
[2025-05-20T21:03:16.270+0300][16140][14288][debug][gc,phases] GC(55) Weak Processing 0.580ms
[2025-05-20T21:03:16.270+0300][16140][14288][info ][gc,heap  ] GC(55) PSYoungGen: 1393696K(1395712K)->608K(1395200K) Eden: 1393152K(1393152K)->0K(1393152K) From: 544K(2560K)->608K(2048K)
[2025-05-20T21:03:16.270+0300][16140][14288][info ][gc,heap  ] GC(55) ParOldGen: 17034K(2796544K)->17106K(2796544K)
[2025-05-20T21:03:16.270+0300][16140][14288][info ][gc       ] GC(55) Pause Young (Allocation Failure) 1377M->17M(4093M) 1.015ms
[2025-05-20T21:03:16.270+0300][16140][14288][debug][gc,heap  ] GC(55) Heap after GC invocations=56 (full 3):
[2025-05-20T21:03:16.270+0300][16140][14288][debug][gc,heap  ] GC(55)  PSYoungGen      total 1395200K, used 608K [0x00000007aab00000, 0x0000000800000000, 0x0000000800000000)
[2025-05-20T21:03:16.270+0300][16140][14288][debug][gc,heap  ] GC(55)   eden space 1393152K, 0% used [0x00000007aab00000,0x00000007aab00000,0x00000007ffb80000)
[2025-05-20T21:03:16.270+0300][16140][14288][debug][gc,heap  ] GC(55)   from space 2048K, 29% used [0x00000007ffb80000,0x00000007ffc180e0,0x00000007ffd80000)
[2025-05-20T21:03:16.270+0300][16140][14288][debug][gc,heap  ] GC(55)   to   space 2048K, 0% used [0x00000007ffe00000,0x00000007ffe00000,0x0000000800000000)
[2025-05-20T21:03:16.270+0300][16140][14288][debug][gc,heap  ] GC(55)  ParOldGen       total 2796544K, used 17106K [0x0000000700000000, 0x00000007aab00000, 0x00000007aab00000)
[2025-05-20T21:03:16.270+0300][16140][14288][debug][gc,heap  ] GC(55)   object space 2796544K, 0% used [0x0000000700000000,0x00000007010b4b30,0x00000007aab00000)
[2025-05-20T21:03:16.270+0300][16140][14288][debug][gc,heap  ] GC(55)  Metaspace       used 8746K, committed 9792K, reserved 1114112K
[2025-05-20T21:03:16.270+0300][16140][14288][debug][gc,heap  ] GC(55)   class space    used 873K, committed 1280K, reserved 1048576K
[2025-05-20T21:03:16.270+0300][16140][14288][info ][safepoint] Safepoint "ParallelGCFailedAllocation", Time since last: 395706800 ns, Reaching safepoint: 359800 ns, Cleanup: 7800 ns, At safepoint: 1552600 ns, Total: 1920200 ns
[2025-05-20T21:03:16.692+0300][16140][14288][debug][safepoint] Safepoint synchronization initiated using striped semaphore wait barrier. (19 threads)
[2025-05-20T21:03:16.692+0300][16140][10680][debug][safepoint] ... found polling page loop exception at pc = 0x000002291aa34de0, stub =0x000002291a434d80
[2025-05-20T21:03:16.692+0300][16140][18808][debug][safepoint] ... found polling page loop exception at pc = 0x000002291aa34de0, stub =0x000002291a434d80
[2025-05-20T21:03:16.692+0300][16140][14288][debug][gc,heap  ] GC(56) Heap before GC invocations=57 (full 3):
[2025-05-20T21:03:16.692+0300][16140][14288][debug][gc,heap  ] GC(56)  PSYoungGen      total 1395200K, used 1393760K [0x00000007aab00000, 0x0000000800000000, 0x0000000800000000)
[2025-05-20T21:03:16.692+0300][16140][14288][debug][gc,heap  ] GC(56)   eden space 1393152K, 100% used [0x00000007aab00000,0x00000007ffb80000,0x00000007ffb80000)
[2025-05-20T21:03:16.692+0300][16140][14288][debug][gc,heap  ] GC(56)   from space 2048K, 29% used [0x00000007ffb80000,0x00000007ffc180e0,0x00000007ffd80000)
[2025-05-20T21:03:16.692+0300][16140][14288][debug][gc,heap  ] GC(56)   to   space 2048K, 0% used [0x00000007ffe00000,0x00000007ffe00000,0x0000000800000000)
[2025-05-20T21:03:16.692+0300][16140][14288][debug][gc,heap  ] GC(56)  ParOldGen       total 2796544K, used 17106K [0x0000000700000000, 0x00000007aab00000, 0x00000007aab00000)
[2025-05-20T21:03:16.692+0300][16140][14288][debug][gc,heap  ] GC(56)   object space 2796544K, 0% used [0x0000000700000000,0x00000007010b4b30,0x00000007aab00000)
[2025-05-20T21:03:16.692+0300][16140][14288][debug][gc,heap  ] GC(56)  Metaspace       used 8746K, committed 9792K, reserved 1114112K
[2025-05-20T21:03:16.692+0300][16140][14288][debug][gc,heap  ] GC(56)   class space    used 873K, committed 1280K, reserved 1048576K
[2025-05-20T21:03:16.692+0300][16140][14288][debug][gc,phases] GC(56) Scavenge 0.378ms
[2025-05-20T21:03:16.692+0300][16140][14288][debug][gc,phases] GC(56) Reference Processing 0.057ms
[2025-05-20T21:03:16.692+0300][16140][14288][debug][gc,phases] GC(56)   VM Weak                        Min:  0.0, Avg:  0.0, Max:  0.0, Diff:  0.0, Sum:  0.0, Workers: 8
[2025-05-20T21:03:16.692+0300][16140][14288][debug][gc,phases] GC(56)     Dead                           Min: 0, Avg:  0.0, Max: 0, Diff: 0, Sum: 0, Workers: 8
[2025-05-20T21:03:16.692+0300][16140][14288][debug][gc,phases] GC(56)     Total                          Min: 0, Avg: 15.4, Max: 113, Diff: 113, Sum: 123, Workers: 8
[2025-05-20T21:03:16.692+0300][16140][14288][debug][gc,phases] GC(56)   ObjectSynchronizer Weak        Min:  0.0, Avg:  0.0, Max:  0.0, Diff:  0.0, Sum:  0.0, Workers: 8
[2025-05-20T21:03:16.692+0300][16140][14288][debug][gc,phases] GC(56)     Dead                           Min: 0, Avg:  0.0, Max: 0, Diff: 0, Sum: 0, Workers: 8
[2025-05-20T21:03:16.692+0300][16140][14288][debug][gc,phases] GC(56)     Total                          Min: 0, Avg: 18.6, Max: 64, Diff: 64, Sum: 149, Workers: 8
[2025-05-20T21:03:16.692+0300][16140][14288][debug][gc,phases] GC(56)   JVMTI Tag Weak OopStorage      Min:  0.0, Avg:  0.0, Max:  0.0, Diff:  0.0, Sum:  0.0, Workers: 8
[2025-05-20T21:03:16.692+0300][16140][14288][debug][gc,phases] GC(56)     Dead                           Min: 0, Avg:  0.0, Max: 0, Diff: 0, Sum: 0, Workers: 8
[2025-05-20T21:03:16.692+0300][16140][14288][debug][gc,phases] GC(56)     Total                          Min: 0, Avg:  0.0, Max: 0, Diff: 0, Sum: 0, Workers: 8
[2025-05-20T21:03:16.692+0300][16140][14288][debug][gc,phases] GC(56)   StringTable Weak               Min:  0.0, Avg:  0.0, Max:  0.0, Diff:  0.0, Sum:  0.1, Workers: 8
[2025-05-20T21:03:16.692+0300][16140][14288][debug][gc,phases] GC(56)     Dead                           Min: 0, Avg:  0.0, Max: 0, Diff: 0, Sum: 0, Workers: 8
[2025-05-20T21:03:16.692+0300][16140][14288][debug][gc,phases] GC(56)     Total                          Min: 0, Avg: 789.4, Max: 1088, Diff: 1088, Sum: 6315, Workers: 8
[2025-05-20T21:03:16.692+0300][16140][14288][debug][gc,phases] GC(56)   ResolvedMethodTable Weak       Min:  0.0, Avg:  0.0, Max:  0.0, Diff:  0.0, Sum:  0.0, Workers: 8
[2025-05-20T21:03:16.692+0300][16140][14288][debug][gc,phases] GC(56)     Dead                           Min: 0, Avg:  0.0, Max: 0, Diff: 0, Sum: 0, Workers: 8
[2025-05-20T21:03:16.692+0300][16140][14288][debug][gc,phases] GC(56)     Total                          Min: 0, Avg: 112.9, Max: 135, Diff: 135, Sum: 903, Workers: 8
[2025-05-20T21:03:16.692+0300][16140][14288][debug][gc,phases] GC(56)   JNI Weak                       Min:  0.0, Avg:  0.0, Max:  0.0, Diff:  0.0, Sum:  0.0, Workers: 8
[2025-05-20T21:03:16.692+0300][16140][14288][debug][gc,phases] GC(56)     Dead                           Min: 0, Avg:  0.0, Max: 0, Diff: 0, Sum: 0, Workers: 8
[2025-05-20T21:03:16.692+0300][16140][14288][debug][gc,phases] GC(56)     Total                          Min: 0, Avg:  0.0, Max: 0, Diff: 0, Sum: 0, Workers: 8
[2025-05-20T21:03:16.692+0300][16140][14288][debug][gc,phases] GC(56)   StringDedup Table Weak         Min:  0.0, Avg:  0.0, Max:  0.0, Diff:  0.0, Sum:  0.0, Workers: 8
[2025-05-20T21:03:16.692+0300][16140][14288][debug][gc,phases] GC(56)     Dead                           Min: 0, Avg:  0.0, Max: 0, Diff: 0, Sum: 0, Workers: 8
[2025-05-20T21:03:16.692+0300][16140][14288][debug][gc,phases] GC(56)     Total                          Min: 0, Avg:  0.0, Max: 0, Diff: 0, Sum: 0, Workers: 8
[2025-05-20T21:03:16.692+0300][16140][14288][debug][gc,phases] GC(56)   StringDedup Requests0 Weak     Min:  0.0, Avg:  0.0, Max:  0.0, Diff:  0.0, Sum:  0.0, Workers: 8
[2025-05-20T21:03:16.692+0300][16140][14288][debug][gc,phases] GC(56)     Dead                           Min: 0, Avg:  0.0, Max: 0, Diff: 0, Sum: 0, Workers: 8
[2025-05-20T21:03:16.692+0300][16140][14288][debug][gc,phases] GC(56)     Total                          Min: 0, Avg:  0.0, Max: 0, Diff: 0, Sum: 0, Workers: 8
[2025-05-20T21:03:16.692+0300][16140][14288][debug][gc,phases] GC(56)   StringDedup Requests1 Weak     Min:  0.0, Avg:  0.0, Max:  0.0, Diff:  0.0, Sum:  0.0, Workers: 8
[2025-05-20T21:03:16.692+0300][16140][14288][debug][gc,phases] GC(56)     Dead                           Min: 0, Avg:  0.0, Max: 0, Diff: 0, Sum: 0, Workers: 8
[2025-05-20T21:03:16.692+0300][16140][14288][debug][gc,phases] GC(56)     Total                          Min: 0, Avg:  0.0, Max: 0, Diff: 0, Sum: 0, Workers: 8
[2025-05-20T21:03:16.692+0300][16140][14288][debug][gc,phases] GC(56)   Weak JFR Old Object Samples    Min:  0.0, Avg:  0.0, Max:  0.0, Diff:  0.0, Sum:  0.0, Workers: 8
[2025-05-20T21:03:16.692+0300][16140][14288][debug][gc,phases] GC(56)     Dead                           Min: 0, Avg:  0.0, Max: 0, Diff: 0, Sum: 0, Workers: 8
[2025-05-20T21:03:16.692+0300][16140][14288][debug][gc,phases] GC(56)     Total                          Min: 0, Avg:  0.0, Max: 0, Diff: 0, Sum: 0, Workers: 8
[2025-05-20T21:03:16.692+0300][16140][14288][debug][gc,phases] GC(56) Weak Processing 0.600ms
[2025-05-20T21:03:16.692+0300][16140][14288][info ][gc,heap  ] GC(56) PSYoungGen: 1393760K(1395200K)->592K(1395712K) Eden: 1393152K(1393152K)->0K(1393664K) From: 608K(2048K)->592K(2048K)
[2025-05-20T21:03:16.692+0300][16140][14288][info ][gc,heap  ] GC(56) ParOldGen: 17106K(2796544K)->17154K(2796544K)
[2025-05-20T21:03:16.692+0300][16140][14288][info ][gc       ] GC(56) Pause Young (Allocation Failure) 1377M->17M(4094M) 1.161ms
[2025-05-20T21:03:16.692+0300][16140][14288][debug][gc,heap  ] GC(56) Heap after GC invocations=57 (full 3):
[2025-05-20T21:03:16.692+0300][16140][14288][debug][gc,heap  ] GC(56)  PSYoungGen      total 1395712K, used 592K [0x00000007aab00000, 0x0000000800000000, 0x0000000800000000)
[2025-05-20T21:03:16.692+0300][16140][14288][debug][gc,heap  ] GC(56)   eden space 1393664K, 0% used [0x00000007aab00000,0x00000007aab00000,0x00000007ffc00000)
[2025-05-20T21:03:16.692+0300][16140][14288][debug][gc,heap  ] GC(56)   from space 2048K, 28% used [0x00000007ffe00000,0x00000007ffe940b0,0x0000000800000000)
[2025-05-20T21:03:16.692+0300][16140][14288][debug][gc,heap  ] GC(56)   to   space 2048K, 0% used [0x00000007ffc00000,0x00000007ffc00000,0x00000007ffe00000)
[2025-05-20T21:03:16.692+0300][16140][14288][debug][gc,heap  ] GC(56)  ParOldGen       total 2796544K, used 17154K [0x0000000700000000, 0x00000007aab00000, 0x00000007aab00000)
[2025-05-20T21:03:16.692+0300][16140][14288][debug][gc,heap  ] GC(56)   object space 2796544K, 0% used [0x0000000700000000,0x00000007010c0b30,0x00000007aab00000)
[2025-05-20T21:03:16.692+0300][16140][14288][debug][gc,heap  ] GC(56)  Metaspace       used 8746K, committed 9792K, reserved 1114112K
[2025-05-20T21:03:16.692+0300][16140][14288][debug][gc,heap  ] GC(56)   class space    used 873K, committed 1280K, reserved 1048576K
[2025-05-20T21:03:16.692+0300][16140][14288][info ][safepoint] Safepoint "ParallelGCFailedAllocation", Time since last: 421191800 ns, Reaching safepoint: 190800 ns, Cleanup: 6800 ns, At safepoint: 1564900 ns, Total: 1762500 ns
[2025-05-20T21:03:17.354+0300][16140][14288][debug][safepoint] Safepoint synchronization initiated using striped semaphore wait barrier. (11 threads)
