[2025-05-20T21:03:17.609+0300][19660][16984][debug][gc,heap] Minimum heap 4294967296  Initial heap 4294967296  Maximum heap 4294967296
[2025-05-20T21:03:17.609+0300][19660][16984][info ][gc     ] Using Parallel
[2025-05-20T21:03:19.324+0300][19660][19092][debug][safepoint] Safepoint synchronization initiated using striped semaphore wait barrier. (11 threads)
[2025-05-20T21:03:19.324+0300][19660][19092][info ][safepoint] Safepoint "Cleanup", Time since last: 1697467200 ns, Reaching safepoint: 115800 ns, Cleanup: 51000 ns, At safepoint: 2800 ns, Total: 169600 ns
[2025-05-20T21:03:19.647+0300][19660][19092][debug][safepoint] Safepoint synchronization initiated using striped semaphore wait barrier. (13 threads)
[2025-05-20T21:03:19.647+0300][19660][19092][info ][safepoint] Safepoint "ICBufferFull", Time since last: 327009400 ns, Reaching safepoint: 2176700 ns, Cleanup: 87600 ns, At safepoint: 1100 ns, Total: 2265400 ns
[2025-05-20T21:03:20.007+0300][19660][19092][debug][safepoint] Safepoint synchronization initiated using striped semaphore wait barrier. (13 threads)
[2025-05-20T21:03:20.007+0300][19660][19092][info ][safepoint] Safepoint "ICBufferFull", Time since last: 357098900 ns, Reaching safepoint: 138000 ns, Cleanup: 238600 ns, At safepoint: 14500 ns, Total: 391100 ns
[2025-05-20T21:03:20.528+0300][19660][19092][debug][safepoint] Safepoint synchronization initiated using striped semaphore wait barrier. (13 threads)
[2025-05-20T21:03:20.528+0300][19660][19092][info ][safepoint] Safepoint "ICBufferFull", Time since last: 515233900 ns, Reaching safepoint: 39800 ns, Cleanup: 72700 ns, At safepoint: 1800 ns, Total: 114300 ns
[2025-05-20T21:03:20.830+0300][19660][19092][debug][safepoint] Safepoint synchronization initiated using striped semaphore wait barrier. (13 threads)
[2025-05-20T21:03:20.830+0300][19660][19092][info ][safepoint] Safepoint "ICBufferFull", Time since last: 303322000 ns, Reaching safepoint: 49000 ns, Cleanup: 94900 ns, At safepoint: 1400 ns, Total: 145300 ns
[2025-05-20T21:03:21.035+0300][19660][19092][debug][safepoint] Safepoint synchronization initiated using striped semaphore wait barrier. (25 threads)
[2025-05-20T21:03:21.035+0300][19660][19092][debug][gc,heap  ] GC(0) Heap before GC invocations=1 (full 0):
[2025-05-20T21:03:21.035+0300][19660][19092][debug][gc,heap  ] GC(0)  PSYoungGen      total 1223168K, used 545396K [0x00000007aab00000, 0x0000000800000000, 0x0000000800000000)
[2025-05-20T21:03:21.035+0300][19660][19092][debug][gc,heap  ] GC(0)   eden space 1048576K, 52% used [0x00000007aab00000,0x00000007cbf9d3d8,0x00000007eab00000)
[2025-05-20T21:03:21.035+0300][19660][19092][debug][gc,heap  ] GC(0)   from space 174592K, 0% used [0x00000007f5580000,0x00000007f5580000,0x0000000800000000)
[2025-05-20T21:03:21.035+0300][19660][19092][debug][gc,heap  ] GC(0)   to   space 174592K, 0% used [0x00000007eab00000,0x00000007eab00000,0x00000007f5580000)
[2025-05-20T21:03:21.035+0300][19660][19092][debug][gc,heap  ] GC(0)  ParOldGen       total 2796544K, used 0K [0x0000000700000000, 0x00000007aab00000, 0x00000007aab00000)
[2025-05-20T21:03:21.035+0300][19660][19092][debug][gc,heap  ] GC(0)   object space 2796544K, 0% used [0x0000000700000000,0x0000000700000000,0x00000007aab00000)
[2025-05-20T21:03:21.035+0300][19660][19092][debug][gc,heap  ] GC(0)  Metaspace       used 15326K, committed 15680K, reserved 1114112K
[2025-05-20T21:03:21.035+0300][19660][19092][debug][gc,heap  ] GC(0)   class space    used 1510K, committed 1728K, reserved 1048576K
[2025-05-20T21:03:21.047+0300][19660][19092][debug][gc,phases] GC(0) Scavenge 6.098ms
[2025-05-20T21:03:21.047+0300][19660][19092][debug][gc,phases] GC(0) Reference Processing 0.611ms
[2025-05-20T21:03:21.047+0300][19660][19092][debug][gc,phases] GC(0)   VM Weak                        Min:  0.0, Avg:  0.0, Max:  0.0, Diff:  0.0, Sum:  0.0, Workers: 8
[2025-05-20T21:03:21.047+0300][19660][19092][debug][gc,phases] GC(0)     Dead                           Min: 0, Avg:  0.0, Max: 0, Diff: 0, Sum: 0, Workers: 8
[2025-05-20T21:03:21.047+0300][19660][19092][debug][gc,phases] GC(0)     Total                          Min: 0, Avg: 23.2, Max: 122, Diff: 122, Sum: 186, Workers: 8
[2025-05-20T21:03:21.047+0300][19660][19092][debug][gc,phases] GC(0)   ObjectSynchronizer Weak        Min:  0.0, Avg:  0.0, Max:  0.0, Diff:  0.0, Sum:  0.0, Workers: 8
[2025-05-20T21:03:21.047+0300][19660][19092][debug][gc,phases] GC(0)     Dead                           Min: 0, Avg:  0.2, Max: 2, Diff: 2, Sum: 2, Workers: 8
[2025-05-20T21:03:21.047+0300][19660][19092][debug][gc,phases] GC(0)     Total                          Min: 0, Avg:  0.8, Max: 6, Diff: 6, Sum: 6, Workers: 8
[2025-05-20T21:03:21.047+0300][19660][19092][debug][gc,phases] GC(0)   JVMTI Tag Weak OopStorage      Min:  0.0, Avg:  0.0, Max:  0.0, Diff:  0.0, Sum:  0.0, Workers: 8
[2025-05-20T21:03:21.047+0300][19660][19092][debug][gc,phases] GC(0)     Dead                           Min: 0, Avg:  0.0, Max: 0, Diff: 0, Sum: 0, Workers: 8
[2025-05-20T21:03:21.047+0300][19660][19092][debug][gc,phases] GC(0)     Total                          Min: 0, Avg:  0.0, Max: 0, Diff: 0, Sum: 0, Workers: 8
[2025-05-20T21:03:21.047+0300][19660][19092][debug][gc,phases] GC(0)   StringTable Weak               Min:  0.1, Avg:  0.2, Max:  0.2, Diff:  0.1, Sum:  1.3, Workers: 8
[2025-05-20T21:03:21.047+0300][19660][19092][debug][gc,phases] GC(0)     Dead                           Min: 1, Avg: 46.2, Max: 87, Diff: 86, Sum: 370, Workers: 8
[2025-05-20T21:03:21.047+0300][19660][19092][debug][gc,phases] GC(0)     Total                          Min: 1792, Avg: 2578.0, Max: 4480, Diff: 2688, Sum: 20624, Workers: 8
[2025-05-20T21:03:21.047+0300][19660][19092][debug][gc,phases] GC(0)   ResolvedMethodTable Weak       Min:  0.0, Avg:  0.0, Max:  0.0, Diff:  0.0, Sum:  0.1, Workers: 8
[2025-05-20T21:03:21.047+0300][19660][19092][debug][gc,phases] GC(0)     Dead                           Min: 0, Avg: 12.9, Max: 22, Diff: 22, Sum: 103, Workers: 8
[2025-05-20T21:03:21.047+0300][19660][19092][debug][gc,phases] GC(0)     Total                          Min: 64, Avg: 140.4, Max: 192, Diff: 128, Sum: 1123, Workers: 8
[2025-05-20T21:03:21.047+0300][19660][19092][debug][gc,phases] GC(0)   JNI Weak                       Min:  0.0, Avg:  0.0, Max:  0.0, Diff:  0.0, Sum:  0.0, Workers: 8
[2025-05-20T21:03:21.047+0300][19660][19092][debug][gc,phases] GC(0)     Dead                           Min: 0, Avg:  0.0, Max: 0, Diff: 0, Sum: 0, Workers: 8
[2025-05-20T21:03:21.047+0300][19660][19092][debug][gc,phases] GC(0)     Total                          Min: 0, Avg:  0.0, Max: 0, Diff: 0, Sum: 0, Workers: 8
[2025-05-20T21:03:21.047+0300][19660][19092][debug][gc,phases] GC(0)   StringDedup Table Weak         Min:  0.0, Avg:  0.0, Max:  0.0, Diff:  0.0, Sum:  0.0, Workers: 8
[2025-05-20T21:03:21.047+0300][19660][19092][debug][gc,phases] GC(0)     Dead                           Min: 0, Avg:  0.0, Max: 0, Diff: 0, Sum: 0, Workers: 8
[2025-05-20T21:03:21.047+0300][19660][19092][debug][gc,phases] GC(0)     Total                          Min: 0, Avg:  0.0, Max: 0, Diff: 0, Sum: 0, Workers: 8
[2025-05-20T21:03:21.047+0300][19660][19092][debug][gc,phases] GC(0)   StringDedup Requests0 Weak     Min:  0.0, Avg:  0.0, Max:  0.0, Diff:  0.0, Sum:  0.0, Workers: 8
[2025-05-20T21:03:21.047+0300][19660][19092][debug][gc,phases] GC(0)     Dead                           Min: 0, Avg:  0.0, Max: 0, Diff: 0, Sum: 0, Workers: 8
[2025-05-20T21:03:21.047+0300][19660][19092][debug][gc,phases] GC(0)     Total                          Min: 0, Avg:  0.0, Max: 0, Diff: 0, Sum: 0, Workers: 8
[2025-05-20T21:03:21.047+0300][19660][19092][debug][gc,phases] GC(0)   StringDedup Requests1 Weak     Min:  0.0, Avg:  0.0, Max:  0.0, Diff:  0.0, Sum:  0.0, Workers: 8
[2025-05-20T21:03:21.047+0300][19660][19092][debug][gc,phases] GC(0)     Dead                           Min: 0, Avg:  0.0, Max: 0, Diff: 0, Sum: 0, Workers: 8
[2025-05-20T21:03:21.047+0300][19660][19092][debug][gc,phases] GC(0)     Total                          Min: 0, Avg:  0.0, Max: 0, Diff: 0, Sum: 0, Workers: 8
[2025-05-20T21:03:21.047+0300][19660][19092][debug][gc,phases] GC(0)   Weak JFR Old Object Samples    Min:  0.0, Avg:  0.0, Max:  0.0, Diff:  0.0, Sum:  0.0, Workers: 8
[2025-05-20T21:03:21.047+0300][19660][19092][debug][gc,phases] GC(0)     Dead                           Min: 0, Avg:  0.0, Max: 0, Diff: 0, Sum: 0, Workers: 8
[2025-05-20T21:03:21.047+0300][19660][19092][debug][gc,phases] GC(0)     Total                          Min: 0, Avg:  0.0, Max: 0, Diff: 0, Sum: 0, Workers: 8
[2025-05-20T21:03:21.047+0300][19660][19092][debug][gc,phases] GC(0) Weak Processing 0.761ms
[2025-05-20T21:03:21.047+0300][19660][19092][info ][gc,heap  ] GC(0) PSYoungGen: 545396K(1223168K)->9590K(1223168K) Eden: 545396K(1048576K)->0K(1048576K) From: 0K(174592K)->9590K(174592K)
[2025-05-20T21:03:21.047+0300][19660][19092][info ][gc,heap  ] GC(0) ParOldGen: 0K(2796544K)->96K(2796544K)
[2025-05-20T21:03:21.047+0300][19660][19092][info ][gc       ] GC(0) Pause Young (System.gc()) 532M->9M(3925M) 7.895ms
[2025-05-20T21:03:21.047+0300][19660][19092][debug][gc,heap  ] GC(0) Heap after GC invocations=1 (full 0):
[2025-05-20T21:03:21.047+0300][19660][19092][debug][gc,heap  ] GC(0)  PSYoungGen      total 1223168K, used 9590K [0x00000007aab00000, 0x0000000800000000, 0x0000000800000000)
[2025-05-20T21:03:21.047+0300][19660][19092][debug][gc,heap  ] GC(0)   eden space 1048576K, 0% used [0x00000007aab00000,0x00000007aab00000,0x00000007eab00000)
[2025-05-20T21:03:21.047+0300][19660][19092][debug][gc,heap  ] GC(0)   from space 174592K, 5% used [0x00000007eab00000,0x00000007eb45db58,0x00000007f5580000)
[2025-05-20T21:03:21.047+0300][19660][19092][debug][gc,heap  ] GC(0)   to   space 174592K, 0% used [0x00000007f5580000,0x00000007f5580000,0x0000000800000000)
[2025-05-20T21:03:21.047+0300][19660][19092][debug][gc,heap  ] GC(0)  ParOldGen       total 2796544K, used 96K [0x0000000700000000, 0x00000007aab00000, 0x00000007aab00000)
[2025-05-20T21:03:21.047+0300][19660][19092][debug][gc,heap  ] GC(0)   object space 2796544K, 0% used [0x0000000700000000,0x0000000700018010,0x00000007aab00000)
[2025-05-20T21:03:21.047+0300][19660][19092][debug][gc,heap  ] GC(0)  Metaspace       used 15326K, committed 15680K, reserved 1114112K
[2025-05-20T21:03:21.047+0300][19660][19092][debug][gc,heap  ] GC(0)   class space    used 1510K, committed 1728K, reserved 1048576K
[2025-05-20T21:03:21.047+0300][19660][19092][debug][gc,heap  ] GC(1) Heap before GC invocations=2 (full 1):
[2025-05-20T21:03:21.047+0300][19660][19092][debug][gc,heap  ] GC(1)  PSYoungGen      total 1223168K, used 9590K [0x00000007aab00000, 0x0000000800000000, 0x0000000800000000)
[2025-05-20T21:03:21.047+0300][19660][19092][debug][gc,heap  ] GC(1)   eden space 1048576K, 0% used [0x00000007aab00000,0x00000007aab00000,0x00000007eab00000)
[2025-05-20T21:03:21.047+0300][19660][19092][debug][gc,heap  ] GC(1)   from space 174592K, 5% used [0x00000007eab00000,0x00000007eb45db58,0x00000007f5580000)
[2025-05-20T21:03:21.047+0300][19660][19092][debug][gc,heap  ] GC(1)   to   space 174592K, 0% used [0x00000007f5580000,0x00000007f5580000,0x0000000800000000)
[2025-05-20T21:03:21.047+0300][19660][19092][debug][gc,heap  ] GC(1)  ParOldGen       total 2796544K, used 96K [0x0000000700000000, 0x00000007aab00000, 0x00000007aab00000)
[2025-05-20T21:03:21.047+0300][19660][19092][debug][gc,heap  ] GC(1)   object space 2796544K, 0% used [0x0000000700000000,0x0000000700018010,0x00000007aab00000)
[2025-05-20T21:03:21.047+0300][19660][19092][debug][gc,heap  ] GC(1)  Metaspace       used 15326K, committed 15680K, reserved 1114112K
[2025-05-20T21:03:21.047+0300][19660][19092][debug][gc,heap  ] GC(1)   class space    used 1510K, committed 1728K, reserved 1048576K
[2025-05-20T21:03:21.047+0300][19660][19092][debug][gc,phases] GC(1) Pre Compact 0.122ms
[2025-05-20T21:03:21.052+0300][19660][19092][debug][gc,phases] GC(1) Par Mark 3.734ms
[2025-05-20T21:03:21.052+0300][19660][19092][debug][gc,phases] GC(1) Reference Processing 0.271ms
[2025-05-20T21:03:21.052+0300][19660][19092][debug][gc,phases] GC(1)   VM Weak                        Min:  0.0, Avg:  0.0, Max:  0.0, Diff:  0.0, Sum:  0.0, Workers: 8
[2025-05-20T21:03:21.052+0300][19660][19092][debug][gc,phases] GC(1)     Dead                           Min: 0, Avg:  0.0, Max: 0, Diff: 0, Sum: 0, Workers: 8
[2025-05-20T21:03:21.052+0300][19660][19092][debug][gc,phases] GC(1)     Total                          Min: 0, Avg: 23.2, Max: 122, Diff: 122, Sum: 186, Workers: 8
[2025-05-20T21:03:21.052+0300][19660][19092][debug][gc,phases] GC(1)   ObjectSynchronizer Weak        Min:  0.0, Avg:  0.0, Max:  0.0, Diff:  0.0, Sum:  0.0, Workers: 8
[2025-05-20T21:03:21.052+0300][19660][19092][debug][gc,phases] GC(1)     Dead                           Min: 0, Avg:  0.0, Max: 0, Diff: 0, Sum: 0, Workers: 8
[2025-05-20T21:03:21.052+0300][19660][19092][debug][gc,phases] GC(1)     Total                          Min: 0, Avg:  0.8, Max: 6, Diff: 6, Sum: 6, Workers: 8
[2025-05-20T21:03:21.052+0300][19660][19092][debug][gc,phases] GC(1)   JVMTI Tag Weak OopStorage      Min:  0.0, Avg:  0.0, Max:  0.0, Diff:  0.0, Sum:  0.0, Workers: 8
[2025-05-20T21:03:21.052+0300][19660][19092][debug][gc,phases] GC(1)     Dead                           Min: 0, Avg:  0.0, Max: 0, Diff: 0, Sum: 0, Workers: 8
[2025-05-20T21:03:21.052+0300][19660][19092][debug][gc,phases] GC(1)     Total                          Min: 0, Avg:  0.0, Max: 0, Diff: 0, Sum: 0, Workers: 8
[2025-05-20T21:03:21.052+0300][19660][19092][debug][gc,phases] GC(1)   StringTable Weak               Min:  0.0, Avg:  0.0, Max:  0.1, Diff:  0.0, Sum:  0.2, Workers: 8
[2025-05-20T21:03:21.052+0300][19660][19092][debug][gc,phases] GC(1)     Dead                           Min: 0, Avg:  0.0, Max: 0, Diff: 0, Sum: 0, Workers: 8
[2025-05-20T21:03:21.052+0300][19660][19092][debug][gc,phases] GC(1)     Total                          Min: 1360, Avg: 2578.0, Max: 5952, Diff: 4592, Sum: 20624, Workers: 8
[2025-05-20T21:03:21.052+0300][19660][19092][debug][gc,phases] GC(1)   ResolvedMethodTable Weak       Min:  0.0, Avg:  0.0, Max:  0.0, Diff:  0.0, Sum:  0.0, Workers: 8
[2025-05-20T21:03:21.052+0300][19660][19092][debug][gc,phases] GC(1)     Dead                           Min: 0, Avg:  0.0, Max: 0, Diff: 0, Sum: 0, Workers: 8
[2025-05-20T21:03:21.052+0300][19660][19092][debug][gc,phases] GC(1)     Total                          Min: 128, Avg: 140.4, Max: 192, Diff: 64, Sum: 1123, Workers: 8
[2025-05-20T21:03:21.052+0300][19660][19092][debug][gc,phases] GC(1)   JNI Weak                       Min:  0.0, Avg:  0.0, Max:  0.0, Diff:  0.0, Sum:  0.0, Workers: 8
[2025-05-20T21:03:21.052+0300][19660][19092][debug][gc,phases] GC(1)     Dead                           Min: 0, Avg:  0.0, Max: 0, Diff: 0, Sum: 0, Workers: 8
[2025-05-20T21:03:21.052+0300][19660][19092][debug][gc,phases] GC(1)     Total                          Min: 0, Avg:  0.0, Max: 0, Diff: 0, Sum: 0, Workers: 8
[2025-05-20T21:03:21.052+0300][19660][19092][debug][gc,phases] GC(1)   StringDedup Table Weak         Min:  0.0, Avg:  0.0, Max:  0.0, Diff:  0.0, Sum:  0.0, Workers: 8
[2025-05-20T21:03:21.052+0300][19660][19092][debug][gc,phases] GC(1)     Dead                           Min: 0, Avg:  0.0, Max: 0, Diff: 0, Sum: 0, Workers: 8
[2025-05-20T21:03:21.052+0300][19660][19092][debug][gc,phases] GC(1)     Total                          Min: 0, Avg:  0.0, Max: 0, Diff: 0, Sum: 0, Workers: 8
[2025-05-20T21:03:21.052+0300][19660][19092][debug][gc,phases] GC(1)   StringDedup Requests0 Weak     Min:  0.0, Avg:  0.0, Max:  0.0, Diff:  0.0, Sum:  0.0, Workers: 8
[2025-05-20T21:03:21.052+0300][19660][19092][debug][gc,phases] GC(1)     Dead                           Min: 0, Avg:  0.0, Max: 0, Diff: 0, Sum: 0, Workers: 8
[2025-05-20T21:03:21.052+0300][19660][19092][debug][gc,phases] GC(1)     Total                          Min: 0, Avg:  0.0, Max: 0, Diff: 0, Sum: 0, Workers: 8
[2025-05-20T21:03:21.052+0300][19660][19092][debug][gc,phases] GC(1)   StringDedup Requests1 Weak     Min:  0.0, Avg:  0.0, Max:  0.0, Diff:  0.0, Sum:  0.0, Workers: 8
[2025-05-20T21:03:21.052+0300][19660][19092][debug][gc,phases] GC(1)     Dead                           Min: 0, Avg:  0.0, Max: 0, Diff: 0, Sum: 0, Workers: 8
[2025-05-20T21:03:21.052+0300][19660][19092][debug][gc,phases] GC(1)     Total                          Min: 0, Avg:  0.0, Max: 0, Diff: 0, Sum: 0, Workers: 8
[2025-05-20T21:03:21.052+0300][19660][19092][debug][gc,phases] GC(1)   Weak JFR Old Object Samples    Min:  0.0, Avg:  0.0, Max:  0.0, Diff:  0.0, Sum:  0.0, Workers: 8
[2025-05-20T21:03:21.052+0300][19660][19092][debug][gc,phases] GC(1)     Dead                           Min: 0, Avg:  0.0, Max: 0, Diff: 0, Sum: 0, Workers: 8
[2025-05-20T21:03:21.052+0300][19660][19092][debug][gc,phases] GC(1)     Total                          Min: 0, Avg:  0.0, Max: 0, Diff: 0, Sum: 0, Workers: 8
[2025-05-20T21:03:21.052+0300][19660][19092][debug][gc,phases] GC(1) Weak Processing 0.521ms
[2025-05-20T21:03:21.052+0300][19660][19092][debug][gc,phases] GC(1) ClassLoaderData 0.010ms
[2025-05-20T21:03:21.052+0300][19660][19092][debug][gc,phases] GC(1) Trigger cleanups 0.000ms
[2025-05-20T21:03:21.052+0300][19660][19092][debug][gc,phases] GC(1) Purge Unlinked NMethods 0.002ms
[2025-05-20T21:03:21.052+0300][19660][19092][debug][gc,phases] GC(1) Unregister NMethods 0.019ms
[2025-05-20T21:03:21.052+0300][19660][19092][debug][gc,phases] GC(1) Free Code Blobs 0.004ms
[2025-05-20T21:03:21.052+0300][19660][19092][debug][gc,phases] GC(1) Class Unloading 4.112ms
[2025-05-20T21:03:21.052+0300][19660][19092][debug][gc,phases] GC(1) Report Object Count 0.000ms
[2025-05-20T21:03:21.052+0300][19660][19092][info ][gc,phases] GC(1) Marking Phase 8.745ms
[2025-05-20T21:03:21.052+0300][19660][19092][info ][gc,phases] GC(1) Summary Phase 0.002ms
[2025-05-20T21:03:21.052+0300][19660][19092][info ][gc,phases] GC(1) Adjust Roots 4.095ms
[2025-05-20T21:03:21.068+0300][19660][19092][info ][gc,phases] GC(1) Compaction Phase 8.520ms
[2025-05-20T21:03:21.068+0300][19660][19092][debug][gc,phases] GC(1) Purge Class Loader Data 0.272ms
[2025-05-20T21:03:21.068+0300][19660][19092][info ][gc,phases] GC(1) Post Compact 0.810ms
[2025-05-20T21:03:21.068+0300][19660][19092][info ][gc,heap  ] GC(1) PSYoungGen: 9590K(1223168K)->0K(1223168K) Eden: 0K(1048576K)->0K(1048576K) From: 9590K(174592K)->0K(174592K)
[2025-05-20T21:03:21.068+0300][19660][19092][info ][gc,heap  ] GC(1) ParOldGen: 96K(2796544K)->9482K(2796544K)
[2025-05-20T21:03:21.068+0300][19660][19092][info ][gc       ] GC(1) Pause Full (System.gc()) 9M->9M(3925M) 22.395ms
[2025-05-20T21:03:21.068+0300][19660][19092][debug][gc,heap  ] GC(1) Heap after GC invocations=2 (full 1):
[2025-05-20T21:03:21.068+0300][19660][19092][debug][gc,heap  ] GC(1)  PSYoungGen      total 1223168K, used 0K [0x00000007aab00000, 0x0000000800000000, 0x0000000800000000)
[2025-05-20T21:03:21.068+0300][19660][19092][debug][gc,heap  ] GC(1)   eden space 1048576K, 0% used [0x00000007aab00000,0x00000007aab00000,0x00000007eab00000)
[2025-05-20T21:03:21.068+0300][19660][19092][debug][gc,heap  ] GC(1)   from space 174592K, 0% used [0x00000007eab00000,0x00000007eab00000,0x00000007f5580000)
[2025-05-20T21:03:21.068+0300][19660][19092][debug][gc,heap  ] GC(1)   to   space 174592K, 0% used [0x00000007f5580000,0x00000007f5580000,0x0000000800000000)
[2025-05-20T21:03:21.068+0300][19660][19092][debug][gc,heap  ] GC(1)  ParOldGen       total 2796544K, used 9482K [0x0000000700000000, 0x00000007aab00000, 0x00000007aab00000)
[2025-05-20T21:03:21.068+0300][19660][19092][debug][gc,heap  ] GC(1)   object space 2796544K, 0% used [0x0000000700000000,0x0000000700942988,0x00000007aab00000)
[2025-05-20T21:03:21.068+0300][19660][19092][debug][gc,heap  ] GC(1)  Metaspace       used 15326K, committed 15680K, reserved 1114112K
[2025-05-20T21:03:21.068+0300][19660][19092][debug][gc,heap  ] GC(1)   class space    used 1510K, committed 1728K, reserved 1048576K
[2025-05-20T21:03:21.068+0300][19660][19092][info ][safepoint] Safepoint "ParallelGCSystemGC", Time since last: 209370400 ns, Reaching safepoint: 50100 ns, Cleanup: 39300 ns, At safepoint: 30826800 ns, Total: 30916200 ns
[2025-05-20T21:03:21.665+0300][19660][19092][debug][safepoint] Safepoint synchronization initiated using striped semaphore wait barrier. (34 threads)
[2025-05-20T21:03:21.665+0300][19660][19092][info ][safepoint] Safepoint "ICBufferFull", Time since last: 593358500 ns, Reaching safepoint: 65200 ns, Cleanup: 87400 ns, At safepoint: 1100 ns, Total: 153700 ns
[2025-05-20T21:03:21.901+0300][19660][19092][debug][safepoint] Safepoint synchronization initiated using striped semaphore wait barrier. (34 threads)
[2025-05-20T21:03:21.901+0300][19660][19092][debug][gc,heap  ] GC(2) Heap before GC invocations=3 (full 1):
[2025-05-20T21:03:21.901+0300][19660][19092][debug][gc,heap  ] GC(2)  PSYoungGen      total 1223168K, used 294336K [0x00000007aab00000, 0x0000000800000000, 0x0000000800000000)
[2025-05-20T21:03:21.901+0300][19660][19092][debug][gc,heap  ] GC(2)   eden space 1048576K, 28% used [0x00000007aab00000,0x00000007bca70188,0x00000007eab00000)
[2025-05-20T21:03:21.901+0300][19660][19092][debug][gc,heap  ] GC(2)   from space 174592K, 0% used [0x00000007eab00000,0x00000007eab00000,0x00000007f5580000)
[2025-05-20T21:03:21.901+0300][19660][19092][debug][gc,heap  ] GC(2)   to   space 174592K, 0% used [0x00000007f5580000,0x00000007f5580000,0x0000000800000000)
[2025-05-20T21:03:21.901+0300][19660][19092][debug][gc,heap  ] GC(2)  ParOldGen       total 2796544K, used 9482K [0x0000000700000000, 0x00000007aab00000, 0x00000007aab00000)
[2025-05-20T21:03:21.901+0300][19660][19092][debug][gc,heap  ] GC(2)   object space 2796544K, 0% used [0x0000000700000000,0x0000000700942988,0x00000007aab00000)
[2025-05-20T21:03:21.901+0300][19660][19092][debug][gc,heap  ] GC(2)  Metaspace       used 25680K, committed 26176K, reserved 1114112K
[2025-05-20T21:03:21.901+0300][19660][19092][debug][gc,heap  ] GC(2)   class space    used 2442K, committed 2688K, reserved 1048576K
[2025-05-20T21:03:21.901+0300][19660][19092][debug][gc,phases] GC(2) Scavenge 6.212ms
[2025-05-20T21:03:21.901+0300][19660][19092][debug][gc,phases] GC(2) Reference Processing 0.065ms
[2025-05-20T21:03:21.901+0300][19660][19092][debug][gc,phases] GC(2)   VM Weak                        Min:  0.0, Avg:  0.0, Max:  0.0, Diff:  0.0, Sum:  0.0, Workers: 8
[2025-05-20T21:03:21.901+0300][19660][19092][debug][gc,phases] GC(2)     Dead                           Min: 0, Avg:  0.0, Max: 0, Diff: 0, Sum: 0, Workers: 8
[2025-05-20T21:03:21.901+0300][19660][19092][debug][gc,phases] GC(2)     Total                          Min: 0, Avg: 31.5, Max: 192, Diff: 192, Sum: 252, Workers: 8
[2025-05-20T21:03:21.901+0300][19660][19092][debug][gc,phases] GC(2)   ObjectSynchronizer Weak        Min:  0.0, Avg:  0.0, Max:  0.0, Diff:  0.0, Sum:  0.0, Workers: 8
[2025-05-20T21:03:21.901+0300][19660][19092][debug][gc,phases] GC(2)     Dead                           Min: 0, Avg:  0.2, Max: 2, Diff: 2, Sum: 2, Workers: 8
[2025-05-20T21:03:21.901+0300][19660][19092][debug][gc,phases] GC(2)     Total                          Min: 0, Avg:  2.2, Max: 18, Diff: 18, Sum: 18, Workers: 8
[2025-05-20T21:03:21.901+0300][19660][19092][debug][gc,phases] GC(2)   JVMTI Tag Weak OopStorage      Min:  0.0, Avg:  0.0, Max:  0.0, Diff:  0.0, Sum:  0.0, Workers: 8
[2025-05-20T21:03:21.901+0300][19660][19092][debug][gc,phases] GC(2)     Dead                           Min: 0, Avg:  0.0, Max: 0, Diff: 0, Sum: 0, Workers: 8
[2025-05-20T21:03:21.901+0300][19660][19092][debug][gc,phases] GC(2)     Total                          Min: 0, Avg:  0.0, Max: 0, Diff: 0, Sum: 0, Workers: 8
[2025-05-20T21:03:21.901+0300][19660][19092][debug][gc,phases] GC(2)   StringTable Weak               Min:  0.0, Avg:  0.0, Max:  0.0, Diff:  0.0, Sum:  0.3, Workers: 8
[2025-05-20T21:03:21.901+0300][19660][19092][debug][gc,phases] GC(2)     Dead                           Min: 0, Avg:  1.2, Max: 5, Diff: 5, Sum: 10, Workers: 8
[2025-05-20T21:03:21.901+0300][19660][19092][debug][gc,phases] GC(2)     Total                          Min: 2302, Avg: 2935.6, Max: 3456, Diff: 1154, Sum: 23485, Workers: 8
[2025-05-20T21:03:21.901+0300][19660][19092][debug][gc,phases] GC(2)   ResolvedMethodTable Weak       Min:  0.0, Avg:  0.0, Max:  0.0, Diff:  0.0, Sum:  0.0, Workers: 8
[2025-05-20T21:03:21.901+0300][19660][19092][debug][gc,phases] GC(2)     Dead                           Min: 0, Avg:  2.4, Max: 9, Diff: 9, Sum: 19, Workers: 8
[2025-05-20T21:03:21.901+0300][19660][19092][debug][gc,phases] GC(2)     Total                          Min: 0, Avg: 162.4, Max: 383, Diff: 383, Sum: 1299, Workers: 8
[2025-05-20T21:03:21.901+0300][19660][19092][debug][gc,phases] GC(2)   JNI Weak                       Min:  0.0, Avg:  0.0, Max:  0.0, Diff:  0.0, Sum:  0.0, Workers: 8
[2025-05-20T21:03:21.901+0300][19660][19092][debug][gc,phases] GC(2)     Dead                           Min: 0, Avg:  0.0, Max: 0, Diff: 0, Sum: 0, Workers: 8
[2025-05-20T21:03:21.901+0300][19660][19092][debug][gc,phases] GC(2)     Total                          Min: 0, Avg:  0.8, Max: 6, Diff: 6, Sum: 6, Workers: 8
[2025-05-20T21:03:21.901+0300][19660][19092][debug][gc,phases] GC(2)   StringDedup Table Weak         Min:  0.0, Avg:  0.0, Max:  0.0, Diff:  0.0, Sum:  0.0, Workers: 8
[2025-05-20T21:03:21.901+0300][19660][19092][debug][gc,phases] GC(2)     Dead                           Min: 0, Avg:  0.0, Max: 0, Diff: 0, Sum: 0, Workers: 8
[2025-05-20T21:03:21.901+0300][19660][19092][debug][gc,phases] GC(2)     Total                          Min: 0, Avg:  0.0, Max: 0, Diff: 0, Sum: 0, Workers: 8
[2025-05-20T21:03:21.901+0300][19660][19092][debug][gc,phases] GC(2)   StringDedup Requests0 Weak     Min:  0.0, Avg:  0.0, Max:  0.0, Diff:  0.0, Sum:  0.0, Workers: 8
[2025-05-20T21:03:21.901+0300][19660][19092][debug][gc,phases] GC(2)     Dead                           Min: 0, Avg:  0.0, Max: 0, Diff: 0, Sum: 0, Workers: 8
[2025-05-20T21:03:21.901+0300][19660][19092][debug][gc,phases] GC(2)     Total                          Min: 0, Avg:  0.0, Max: 0, Diff: 0, Sum: 0, Workers: 8
[2025-05-20T21:03:21.901+0300][19660][19092][debug][gc,phases] GC(2)   StringDedup Requests1 Weak     Min:  0.0, Avg:  0.0, Max:  0.0, Diff:  0.0, Sum:  0.0, Workers: 8
[2025-05-20T21:03:21.901+0300][19660][19092][debug][gc,phases] GC(2)     Dead                           Min: 0, Avg:  0.0, Max: 0, Diff: 0, Sum: 0, Workers: 8
[2025-05-20T21:03:21.901+0300][19660][19092][debug][gc,phases] GC(2)     Total                          Min: 0, Avg:  0.0, Max: 0, Diff: 0, Sum: 0, Workers: 8
[2025-05-20T21:03:21.901+0300][19660][19092][debug][gc,phases] GC(2)   Weak JFR Old Object Samples    Min:  0.0, Avg:  0.0, Max:  0.0, Diff:  0.0, Sum:  0.0, Workers: 8
[2025-05-20T21:03:21.901+0300][19660][19092][debug][gc,phases] GC(2)     Dead                           Min: 0, Avg:  0.0, Max: 0, Diff: 0, Sum: 0, Workers: 8
[2025-05-20T21:03:21.901+0300][19660][19092][debug][gc,phases] GC(2)     Total                          Min: 0, Avg:  0.0, Max: 0, Diff: 0, Sum: 0, Workers: 8
[2025-05-20T21:03:21.901+0300][19660][19092][debug][gc,phases] GC(2) Weak Processing 0.416ms
[2025-05-20T21:03:21.901+0300][19660][19092][info ][gc,heap  ] GC(2) PSYoungGen: 294336K(1223168K)->4641K(1223168K) Eden: 294336K(1048576K)->0K(1048576K) From: 0K(174592K)->4641K(174592K)
[2025-05-20T21:03:21.901+0300][19660][19092][info ][gc,heap  ] GC(2) ParOldGen: 9482K(2796544K)->9490K(2796544K)
[2025-05-20T21:03:21.901+0300][19660][19092][info ][gc       ] GC(2) Pause Young (Metadata GC Threshold) 296M->13M(3925M) 6.806ms
[2025-05-20T21:03:21.901+0300][19660][19092][debug][gc,heap  ] GC(2) Heap after GC invocations=3 (full 1):
[2025-05-20T21:03:21.901+0300][19660][19092][debug][gc,heap  ] GC(2)  PSYoungGen      total 1223168K, used 4641K [0x00000007aab00000, 0x0000000800000000, 0x0000000800000000)
[2025-05-20T21:03:21.901+0300][19660][19092][debug][gc,heap  ] GC(2)   eden space 1048576K, 0% used [0x00000007aab00000,0x00000007aab00000,0x00000007eab00000)
[2025-05-20T21:03:21.901+0300][19660][19092][debug][gc,heap  ] GC(2)   from space 174592K, 2% used [0x00000007f5580000,0x00000007f5a08748,0x0000000800000000)
[2025-05-20T21:03:21.901+0300][19660][19092][debug][gc,heap  ] GC(2)   to   space 174592K, 0% used [0x00000007eab00000,0x00000007eab00000,0x00000007f5580000)
[2025-05-20T21:03:21.901+0300][19660][19092][debug][gc,heap  ] GC(2)  ParOldGen       total 2796544K, used 9490K [0x0000000700000000, 0x00000007aab00000, 0x00000007aab00000)
[2025-05-20T21:03:21.901+0300][19660][19092][debug][gc,heap  ] GC(2)   object space 2796544K, 0% used [0x0000000700000000,0x0000000700944988,0x00000007aab00000)
[2025-05-20T21:03:21.901+0300][19660][19092][debug][gc,heap  ] GC(2)  Metaspace       used 25680K, committed 26176K, reserved 1114112K
[2025-05-20T21:03:21.901+0300][19660][19092][debug][gc,heap  ] GC(2)   class space    used 2442K, committed 2688K, reserved 1048576K
[2025-05-20T21:03:21.901+0300][19660][19092][debug][gc,heap  ] GC(3) Heap before GC invocations=4 (full 2):
[2025-05-20T21:03:21.901+0300][19660][19092][debug][gc,heap  ] GC(3)  PSYoungGen      total 1223168K, used 4641K [0x00000007aab00000, 0x0000000800000000, 0x0000000800000000)
[2025-05-20T21:03:21.901+0300][19660][19092][debug][gc,heap  ] GC(3)   eden space 1048576K, 0% used [0x00000007aab00000,0x00000007aab00000,0x00000007eab00000)
[2025-05-20T21:03:21.901+0300][19660][19092][debug][gc,heap  ] GC(3)   from space 174592K, 2% used [0x00000007f5580000,0x00000007f5a08748,0x0000000800000000)
[2025-05-20T21:03:21.901+0300][19660][19092][debug][gc,heap  ] GC(3)   to   space 174592K, 0% used [0x00000007eab00000,0x00000007eab00000,0x00000007f5580000)
[2025-05-20T21:03:21.901+0300][19660][19092][debug][gc,heap  ] GC(3)  ParOldGen       total 2796544K, used 9490K [0x0000000700000000, 0x00000007aab00000, 0x00000007aab00000)
[2025-05-20T21:03:21.901+0300][19660][19092][debug][gc,heap  ] GC(3)   object space 2796544K, 0% used [0x0000000700000000,0x0000000700944988,0x00000007aab00000)
[2025-05-20T21:03:21.901+0300][19660][19092][debug][gc,heap  ] GC(3)  Metaspace       used 25680K, committed 26176K, reserved 1114112K
[2025-05-20T21:03:21.901+0300][19660][19092][debug][gc,heap  ] GC(3)   class space    used 2442K, committed 2688K, reserved 1048576K
[2025-05-20T21:03:21.901+0300][19660][19092][debug][gc,phases] GC(3) Pre Compact 0.102ms
[2025-05-20T21:03:21.916+0300][19660][19092][debug][gc,phases] GC(3) Par Mark 4.365ms
[2025-05-20T21:03:21.917+0300][19660][19092][debug][gc,phases] GC(3) Reference Processing 0.386ms
[2025-05-20T21:03:21.917+0300][19660][19092][debug][gc,phases] GC(3)   VM Weak                        Min:  0.0, Avg:  0.0, Max:  0.0, Diff:  0.0, Sum:  0.0, Workers: 8
[2025-05-20T21:03:21.917+0300][19660][19092][debug][gc,phases] GC(3)     Dead                           Min: 0, Avg:  0.0, Max: 0, Diff: 0, Sum: 0, Workers: 8
[2025-05-20T21:03:21.917+0300][19660][19092][debug][gc,phases] GC(3)     Total                          Min: 0, Avg: 31.5, Max: 128, Diff: 128, Sum: 252, Workers: 8
[2025-05-20T21:03:21.917+0300][19660][19092][debug][gc,phases] GC(3)   ObjectSynchronizer Weak        Min:  0.0, Avg:  0.0, Max:  0.0, Diff:  0.0, Sum:  0.0, Workers: 8
[2025-05-20T21:03:21.917+0300][19660][19092][debug][gc,phases] GC(3)     Dead                           Min: 0, Avg:  0.0, Max: 0, Diff: 0, Sum: 0, Workers: 8
[2025-05-20T21:03:21.917+0300][19660][19092][debug][gc,phases] GC(3)     Total                          Min: 0, Avg:  2.2, Max: 18, Diff: 18, Sum: 18, Workers: 8
[2025-05-20T21:03:21.917+0300][19660][19092][debug][gc,phases] GC(3)   JVMTI Tag Weak OopStorage      Min:  0.0, Avg:  0.0, Max:  0.0, Diff:  0.0, Sum:  0.0, Workers: 8
[2025-05-20T21:03:21.917+0300][19660][19092][debug][gc,phases] GC(3)     Dead                           Min: 0, Avg:  0.0, Max: 0, Diff: 0, Sum: 0, Workers: 8
[2025-05-20T21:03:21.917+0300][19660][19092][debug][gc,phases] GC(3)     Total                          Min: 0, Avg:  0.0, Max: 0, Diff: 0, Sum: 0, Workers: 8
[2025-05-20T21:03:21.917+0300][19660][19092][debug][gc,phases] GC(3)   StringTable Weak               Min:  0.0, Avg:  0.0, Max:  0.0, Diff:  0.0, Sum:  0.2, Workers: 8
[2025-05-20T21:03:21.917+0300][19660][19092][debug][gc,phases] GC(3)     Dead                           Min: 0, Avg:  0.0, Max: 0, Diff: 0, Sum: 0, Workers: 8
[2025-05-20T21:03:21.917+0300][19660][19092][debug][gc,phases] GC(3)     Total                          Min: 2047, Avg: 2935.6, Max: 3520, Diff: 1473, Sum: 23485, Workers: 8
[2025-05-20T21:03:21.917+0300][19660][19092][debug][gc,phases] GC(3)   ResolvedMethodTable Weak       Min:  0.0, Avg:  0.0, Max:  0.0, Diff:  0.0, Sum:  0.0, Workers: 8
[2025-05-20T21:03:21.917+0300][19660][19092][debug][gc,phases] GC(3)     Dead                           Min: 0, Avg:  0.0, Max: 0, Diff: 0, Sum: 0, Workers: 8
[2025-05-20T21:03:21.917+0300][19660][19092][debug][gc,phases] GC(3)     Total                          Min: 127, Avg: 162.4, Max: 192, Diff: 65, Sum: 1299, Workers: 8
[2025-05-20T21:03:21.917+0300][19660][19092][debug][gc,phases] GC(3)   JNI Weak                       Min:  0.0, Avg:  0.0, Max:  0.0, Diff:  0.0, Sum:  0.0, Workers: 8
[2025-05-20T21:03:21.917+0300][19660][19092][debug][gc,phases] GC(3)     Dead                           Min: 0, Avg:  0.0, Max: 0, Diff: 0, Sum: 0, Workers: 8
[2025-05-20T21:03:21.917+0300][19660][19092][debug][gc,phases] GC(3)     Total                          Min: 0, Avg:  0.8, Max: 6, Diff: 6, Sum: 6, Workers: 8
[2025-05-20T21:03:21.917+0300][19660][19092][debug][gc,phases] GC(3)   StringDedup Table Weak         Min:  0.0, Avg:  0.0, Max:  0.0, Diff:  0.0, Sum:  0.0, Workers: 8
[2025-05-20T21:03:21.917+0300][19660][19092][debug][gc,phases] GC(3)     Dead                           Min: 0, Avg:  0.0, Max: 0, Diff: 0, Sum: 0, Workers: 8
[2025-05-20T21:03:21.917+0300][19660][19092][debug][gc,phases] GC(3)     Total                          Min: 0, Avg:  0.0, Max: 0, Diff: 0, Sum: 0, Workers: 8
[2025-05-20T21:03:21.917+0300][19660][19092][debug][gc,phases] GC(3)   StringDedup Requests0 Weak     Min:  0.0, Avg:  0.0, Max:  0.0, Diff:  0.0, Sum:  0.0, Workers: 8
[2025-05-20T21:03:21.917+0300][19660][19092][debug][gc,phases] GC(3)     Dead                           Min: 0, Avg:  0.0, Max: 0, Diff: 0, Sum: 0, Workers: 8
[2025-05-20T21:03:21.917+0300][19660][19092][debug][gc,phases] GC(3)     Total                          Min: 0, Avg:  0.0, Max: 0, Diff: 0, Sum: 0, Workers: 8
[2025-05-20T21:03:21.917+0300][19660][19092][debug][gc,phases] GC(3)   StringDedup Requests1 Weak     Min:  0.0, Avg:  0.0, Max:  0.0, Diff:  0.0, Sum:  0.0, Workers: 8
[2025-05-20T21:03:21.917+0300][19660][19092][debug][gc,phases] GC(3)     Dead                           Min: 0, Avg:  0.0, Max: 0, Diff: 0, Sum: 0, Workers: 8
[2025-05-20T21:03:21.917+0300][19660][19092][debug][gc,phases] GC(3)     Total                          Min: 0, Avg:  0.0, Max: 0, Diff: 0, Sum: 0, Workers: 8
[2025-05-20T21:03:21.917+0300][19660][19092][debug][gc,phases] GC(3)   Weak JFR Old Object Samples    Min:  0.0, Avg:  0.0, Max:  0.0, Diff:  0.0, Sum:  0.0, Workers: 8
[2025-05-20T21:03:21.917+0300][19660][19092][debug][gc,phases] GC(3)     Dead                           Min: 0, Avg:  0.0, Max: 0, Diff: 0, Sum: 0, Workers: 8
[2025-05-20T21:03:21.917+0300][19660][19092][debug][gc,phases] GC(3)     Total                          Min: 0, Avg:  0.0, Max: 0, Diff: 0, Sum: 0, Workers: 8
[2025-05-20T21:03:21.917+0300][19660][19092][debug][gc,phases] GC(3) Weak Processing 0.507ms
[2025-05-20T21:03:21.917+0300][19660][19092][debug][gc,phases] GC(3) ClassLoaderData 0.017ms
[2025-05-20T21:03:21.917+0300][19660][19092][debug][gc,phases] GC(3) Trigger cleanups 0.000ms
[2025-05-20T21:03:21.917+0300][19660][19092][debug][gc,phases] GC(3) Purge Unlinked NMethods 0.455ms
[2025-05-20T21:03:21.917+0300][19660][19092][debug][gc,phases] GC(3) Unregister NMethods 0.003ms
[2025-05-20T21:03:21.917+0300][19660][19092][debug][gc,phases] GC(3) Free Code Blobs 0.072ms
[2025-05-20T21:03:21.917+0300][19660][19092][debug][gc,phases] GC(3) Class Unloading 5.419ms
[2025-05-20T21:03:21.917+0300][19660][19092][debug][gc,phases] GC(3) Report Object Count 0.001ms
[2025-05-20T21:03:21.917+0300][19660][19092][info ][gc,phases] GC(3) Marking Phase 10.810ms
[2025-05-20T21:03:21.917+0300][19660][19092][info ][gc,phases] GC(3) Summary Phase 0.003ms
[2025-05-20T21:03:21.917+0300][19660][19092][info ][gc,phases] GC(3) Adjust Roots 4.195ms
[2025-05-20T21:03:21.935+0300][19660][19092][info ][gc,phases] GC(3) Compaction Phase 9.010ms
[2025-05-20T21:03:21.935+0300][19660][19092][debug][gc,phases] GC(3) Purge Class Loader Data 0.141ms
[2025-05-20T21:03:21.935+0300][19660][19092][info ][gc,phases] GC(3) Post Compact 0.414ms
[2025-05-20T21:03:21.935+0300][19660][19092][info ][gc,heap  ] GC(3) PSYoungGen: 4641K(1223168K)->0K(1223168K) Eden: 0K(1048576K)->0K(1048576K) From: 4641K(174592K)->0K(174592K)
[2025-05-20T21:03:21.935+0300][19660][19092][info ][gc,heap  ] GC(3) ParOldGen: 9490K(2796544K)->13728K(2796544K)
[2025-05-20T21:03:21.935+0300][19660][19092][info ][gc       ] GC(3) Pause Full (Metadata GC Threshold) 13M->13M(3925M) 24.621ms
[2025-05-20T21:03:21.935+0300][19660][19092][debug][gc,heap  ] GC(3) Heap after GC invocations=4 (full 2):
[2025-05-20T21:03:21.935+0300][19660][19092][debug][gc,heap  ] GC(3)  PSYoungGen      total 1223168K, used 0K [0x00000007aab00000, 0x0000000800000000, 0x0000000800000000)
[2025-05-20T21:03:21.935+0300][19660][19092][debug][gc,heap  ] GC(3)   eden space 1048576K, 0% used [0x00000007aab00000,0x00000007aab00000,0x00000007eab00000)
[2025-05-20T21:03:21.935+0300][19660][19092][debug][gc,heap  ] GC(3)   from space 174592K, 0% used [0x00000007f5580000,0x00000007f5580000,0x0000000800000000)
[2025-05-20T21:03:21.935+0300][19660][19092][debug][gc,heap  ] GC(3)   to   space 174592K, 0% used [0x00000007eab00000,0x00000007eab00000,0x00000007f5580000)
[2025-05-20T21:03:21.935+0300][19660][19092][debug][gc,heap  ] GC(3)  ParOldGen       total 2796544K, used 13728K [0x0000000700000000, 0x00000007aab00000, 0x00000007aab00000)
[2025-05-20T21:03:21.935+0300][19660][19092][debug][gc,heap  ] GC(3)   object space 2796544K, 0% used [0x0000000700000000,0x0000000700d680f8,0x00000007aab00000)
[2025-05-20T21:03:21.935+0300][19660][19092][debug][gc,heap  ] GC(3)  Metaspace       used 25680K, committed 26176K, reserved 1114112K
[2025-05-20T21:03:21.935+0300][19660][19092][debug][gc,heap  ] GC(3)   class space    used 2442K, committed 2688K, reserved 1048576K
[2025-05-20T21:03:21.935+0300][19660][19092][info ][safepoint] Safepoint "CollectForMetadataAllocation", Time since last: 238506700 ns, Reaching safepoint: 45200 ns, Cleanup: 23600 ns, At safepoint: 31909400 ns, Total: 31978200 ns
[2025-05-20T21:03:22.222+0300][19660][19092][debug][safepoint] Safepoint synchronization initiated using striped semaphore wait barrier. (34 threads)
[2025-05-20T21:03:22.222+0300][19660][19092][info ][safepoint] Safepoint "ICBufferFull", Time since last: 285218100 ns, Reaching safepoint: 64100 ns, Cleanup: 101100 ns, At safepoint: 5400 ns, Total: 170600 ns
[2025-05-20T21:03:22.571+0300][19660][19092][debug][safepoint] Safepoint synchronization initiated using striped semaphore wait barrier. (34 threads)
[2025-05-20T21:03:22.571+0300][19660][19092][info ][safepoint] Safepoint "ICBufferFull", Time since last: 349421100 ns, Reaching safepoint: 82700 ns, Cleanup: 148300 ns, At safepoint: 9400 ns, Total: 240400 ns
[2025-05-20T21:03:22.859+0300][19660][19092][debug][safepoint] Safepoint synchronization initiated using striped semaphore wait barrier. (34 threads)
[2025-05-20T21:03:22.860+0300][19660][19092][info ][safepoint] Safepoint "ICBufferFull", Time since last: 288479700 ns, Reaching safepoint: 66700 ns, Cleanup: 145200 ns, At safepoint: 3600 ns, Total: 215500 ns
[2025-05-20T21:03:23.406+0300][19660][19092][debug][safepoint] Safepoint synchronization initiated using striped semaphore wait barrier. (34 threads)
[2025-05-20T21:03:23.408+0300][19660][19092][info ][safepoint] Safepoint "ICBufferFull", Time since last: 547536200 ns, Reaching safepoint: 122200 ns, Cleanup: 119300 ns, At safepoint: 15500 ns, Total: 257000 ns
[2025-05-20T21:03:23.408+0300][19660][19092][debug][safepoint] Safepoint synchronization initiated using striped semaphore wait barrier. (34 threads)
[2025-05-20T21:03:23.408+0300][19660][19092][info ][safepoint] Safepoint "ICBufferFull", Time since last: 85800 ns, Reaching safepoint: 70900 ns, Cleanup: 6400 ns, At safepoint: 19000 ns, Total: 96300 ns
[2025-05-20T21:03:23.882+0300][19660][19092][debug][safepoint] Safepoint synchronization initiated using striped semaphore wait barrier. (34 threads)
[2025-05-20T21:03:23.883+0300][19660][19092][info ][safepoint] Safepoint "ICBufferFull", Time since last: 474248900 ns, Reaching safepoint: 88800 ns, Cleanup: 175000 ns, At safepoint: 3200 ns, Total: 267000 ns
[2025-05-20T21:03:24.358+0300][19660][19092][debug][safepoint] Safepoint synchronization initiated using striped semaphore wait barrier. (34 threads)
[2025-05-20T21:03:24.359+0300][19660][19092][info ][safepoint] Safepoint "ICBufferFull", Time since last: 476345200 ns, Reaching safepoint: 53000 ns, Cleanup: 130500 ns, At safepoint: 1600 ns, Total: 185100 ns
[2025-05-20T21:03:25.010+0300][19660][19092][debug][safepoint] Safepoint synchronization initiated using striped semaphore wait barrier. (34 threads)
[2025-05-20T21:03:25.010+0300][19660][19092][info ][safepoint] Safepoint "ICBufferFull", Time since last: 651005800 ns, Reaching safepoint: 50600 ns, Cleanup: 115100 ns, At safepoint: 2400 ns, Total: 168100 ns
[2025-05-20T21:03:25.848+0300][19660][19092][debug][safepoint] Safepoint synchronization initiated using striped semaphore wait barrier. (34 threads)
[2025-05-20T21:03:25.848+0300][19660][19092][info ][safepoint] Safepoint "ICBufferFull", Time since last: 837652800 ns, Reaching safepoint: 55600 ns, Cleanup: 120500 ns, At safepoint: 1600 ns, Total: 177700 ns
[2025-05-20T21:03:26.415+0300][19660][19092][debug][safepoint] Safepoint synchronization initiated using striped semaphore wait barrier. (34 threads)
[2025-05-20T21:03:26.415+0300][19660][19092][info ][safepoint] Safepoint "ICBufferFull", Time since last: 567255800 ns, Reaching safepoint: 90600 ns, Cleanup: 107300 ns, At safepoint: 9600 ns, Total: 207500 ns
[2025-05-20T21:03:26.415+0300][19660][19092][debug][safepoint] Safepoint synchronization initiated using striped semaphore wait barrier. (34 threads)
[2025-05-20T21:03:26.415+0300][19660][19092][info ][safepoint] Safepoint "ICBufferFull", Time since last: 47300 ns, Reaching safepoint: 30700 ns, Cleanup: 2500 ns, At safepoint: 9300 ns, Total: 42500 ns
[2025-05-20T21:03:26.415+0300][19660][19092][debug][safepoint] Safepoint synchronization initiated using striped semaphore wait barrier. (34 threads)
[2025-05-20T21:03:26.415+0300][19660][19092][info ][safepoint] Safepoint "ICBufferFull", Time since last: 31100 ns, Reaching safepoint: 28500 ns, Cleanup: 3200 ns, At safepoint: 18000 ns, Total: 49700 ns
[2025-05-20T21:03:26.415+0300][19660][19092][debug][safepoint] Safepoint synchronization initiated using striped semaphore wait barrier. (34 threads)
[2025-05-20T21:03:26.415+0300][19660][19092][info ][safepoint] Safepoint "ICBufferFull", Time since last: 81000 ns, Reaching safepoint: 37900 ns, Cleanup: 1800 ns, At safepoint: 15200 ns, Total: 54900 ns
[2025-05-20T21:03:26.415+0300][19660][19092][debug][safepoint] Safepoint synchronization initiated using striped semaphore wait barrier. (34 threads)
[2025-05-20T21:03:26.415+0300][19660][19092][info ][safepoint] Safepoint "ICBufferFull", Time since last: 122800 ns, Reaching safepoint: 51800 ns, Cleanup: 2600 ns, At safepoint: 16400 ns, Total: 70800 ns
[2025-05-20T21:03:26.415+0300][19660][19092][debug][safepoint] Safepoint synchronization initiated using striped semaphore wait barrier. (34 threads)
[2025-05-20T21:03:26.416+0300][19660][19092][info ][safepoint] Safepoint "ICBufferFull", Time since last: 64000 ns, Reaching safepoint: 45600 ns, Cleanup: 2000 ns, At safepoint: 14300 ns, Total: 61900 ns
[2025-05-20T21:03:26.416+0300][19660][19092][debug][safepoint] Safepoint synchronization initiated using striped semaphore wait barrier. (34 threads)
[2025-05-20T21:03:26.416+0300][19660][19092][info ][safepoint] Safepoint "ICBufferFull", Time since last: 108800 ns, Reaching safepoint: 35500 ns, Cleanup: 2300 ns, At safepoint: 17900 ns, Total: 55700 ns
[2025-05-20T21:03:27.144+0300][19660][19092][debug][safepoint] Safepoint synchronization initiated using striped semaphore wait barrier. (34 threads)
[2025-05-20T21:03:27.144+0300][19660][19092][info ][safepoint] Safepoint "ICBufferFull", Time since last: 729080000 ns, Reaching safepoint: 106200 ns, Cleanup: 97700 ns, At safepoint: 16900 ns, Total: 220800 ns
[2025-05-20T21:03:27.144+0300][19660][19092][debug][safepoint] Safepoint synchronization initiated using striped semaphore wait barrier. (34 threads)
[2025-05-20T21:03:27.146+0300][19660][19092][info ][safepoint] Safepoint "ICBufferFull", Time since last: 68800 ns, Reaching safepoint: 39600 ns, Cleanup: 2000 ns, At safepoint: 14800 ns, Total: 56400 ns
[2025-05-20T21:03:27.146+0300][19660][19092][debug][safepoint] Safepoint synchronization initiated using striped semaphore wait barrier. (34 threads)
[2025-05-20T21:03:27.146+0300][19660][21168][debug][safepoint] ... found polling page loop exception at pc = 0x0000020700640804, stub =0x0000020707585600
[2025-05-20T21:03:27.146+0300][19660][2388 ][debug][safepoint] ... found polling page loop exception at pc = 0x00000207011618cc, stub =0x0000020707585600
[2025-05-20T21:03:27.146+0300][19660][19092][info ][safepoint] Safepoint "ICBufferFull", Time since last: 69200 ns, Reaching safepoint: 204500 ns, Cleanup: 1700 ns, At safepoint: 16400 ns, Total: 222600 ns
[2025-05-20T21:03:27.146+0300][19660][19092][debug][safepoint] Safepoint synchronization initiated using striped semaphore wait barrier. (34 threads)
[2025-05-20T21:03:27.146+0300][19660][19092][info ][safepoint] Safepoint "ICBufferFull", Time since last: 124800 ns, Reaching safepoint: 52600 ns, Cleanup: 1600 ns, At safepoint: 18300 ns, Total: 72500 ns
[2025-05-20T21:03:28.147+0300][19660][19092][debug][safepoint] Safepoint synchronization initiated using striped semaphore wait barrier. (33 threads)
[2025-05-20T21:03:28.147+0300][19660][19092][info ][safepoint] Safepoint "Cleanup", Time since last: 1001057700 ns, Reaching safepoint: 101800 ns, Cleanup: 100800 ns, At safepoint: 19800 ns, Total: 222400 ns
[2025-05-20T21:03:29.150+0300][19660][19092][debug][safepoint] Safepoint synchronization initiated using striped semaphore wait barrier. (32 threads)
[2025-05-20T21:03:29.150+0300][19660][19092][info ][safepoint] Safepoint "Cleanup", Time since last: 1002350800 ns, Reaching safepoint: 110600 ns, Cleanup: 91000 ns, At safepoint: 7100 ns, Total: 208700 ns
[2025-05-20T21:03:30.150+0300][19660][19092][debug][safepoint] Safepoint synchronization initiated using striped semaphore wait barrier. (32 threads)
[2025-05-20T21:03:30.150+0300][19660][19092][info ][safepoint] Safepoint "Cleanup", Time since last: 1000012700 ns, Reaching safepoint: 112700 ns, Cleanup: 111400 ns, At safepoint: 20400 ns, Total: 244500 ns
[2025-05-20T21:03:31.165+0300][19660][19092][debug][safepoint] Safepoint synchronization initiated using striped semaphore wait barrier. (32 threads)
[2025-05-20T21:03:31.165+0300][19660][19092][info ][safepoint] Safepoint "Cleanup", Time since last: 1014165800 ns, Reaching safepoint: 109300 ns, Cleanup: 62000 ns, At safepoint: 15700 ns, Total: 187000 ns
[2025-05-20T21:03:32.170+0300][19660][19092][debug][safepoint] Safepoint synchronization initiated using striped semaphore wait barrier. (32 threads)
[2025-05-20T21:03:32.170+0300][19660][19092][info ][safepoint] Safepoint "Cleanup", Time since last: 1005344700 ns, Reaching safepoint: 128700 ns, Cleanup: 59500 ns, At safepoint: 12800 ns, Total: 201000 ns
[2025-05-20T21:03:33.179+0300][19660][19092][debug][safepoint] Safepoint synchronization initiated using striped semaphore wait barrier. (32 threads)
[2025-05-20T21:03:33.179+0300][19660][7844 ][debug][safepoint] ... found polling page loop exception at pc = 0x0000020701226bc5, stub =0x0000020707585600
[2025-05-20T21:03:33.179+0300][19660][19092][info ][safepoint] Safepoint "Cleanup", Time since last: 1009119700 ns, Reaching safepoint: 188900 ns, Cleanup: 55000 ns, At safepoint: 11700 ns, Total: 255600 ns
[2025-05-20T21:03:34.194+0300][19660][19092][debug][safepoint] Safepoint synchronization initiated using striped semaphore wait barrier. (32 threads)
[2025-05-20T21:03:34.194+0300][19660][19092][info ][safepoint] Safepoint "Cleanup", Time since last: 1014120400 ns, Reaching safepoint: 169400 ns, Cleanup: 37700 ns, At safepoint: 7300 ns, Total: 214400 ns
[2025-05-20T21:03:35.194+0300][19660][19092][debug][safepoint] Safepoint synchronization initiated using striped semaphore wait barrier. (32 threads)
[2025-05-20T21:03:35.194+0300][19660][19092][info ][safepoint] Safepoint "Cleanup", Time since last: 1000293500 ns, Reaching safepoint: 90600 ns, Cleanup: 31900 ns, At safepoint: 5700 ns, Total: 128200 ns
[2025-05-20T21:03:36.207+0300][19660][19092][debug][safepoint] Safepoint synchronization initiated using striped semaphore wait barrier. (32 threads)
[2025-05-20T21:03:36.207+0300][19660][19092][info ][safepoint] Safepoint "Cleanup", Time since last: 1013072200 ns, Reaching safepoint: 69000 ns, Cleanup: 31200 ns, At safepoint: 4000 ns, Total: 104200 ns
[2025-05-20T21:03:37.209+0300][19660][19092][debug][safepoint] Safepoint synchronization initiated using striped semaphore wait barrier. (32 threads)
[2025-05-20T21:03:37.209+0300][19660][19092][info ][safepoint] Safepoint "Cleanup", Time since last: 1001475300 ns, Reaching safepoint: 124600 ns, Cleanup: 47100 ns, At safepoint: 22500 ns, Total: 194200 ns
[2025-05-20T21:03:38.215+0300][19660][19092][debug][safepoint] Safepoint synchronization initiated using striped semaphore wait barrier. (32 threads)
[2025-05-20T21:03:38.215+0300][19660][19092][info ][safepoint] Safepoint "Cleanup", Time since last: 1005643000 ns, Reaching safepoint: 93200 ns, Cleanup: 31600 ns, At safepoint: 7400 ns, Total: 132200 ns
[2025-05-20T21:03:39.221+0300][19660][19092][debug][safepoint] Safepoint synchronization initiated using striped semaphore wait barrier. (32 threads)
[2025-05-20T21:03:39.221+0300][19660][19092][info ][safepoint] Safepoint "Cleanup", Time since last: 1005932700 ns, Reaching safepoint: 89900 ns, Cleanup: 34500 ns, At safepoint: 8300 ns, Total: 132700 ns
[2025-05-20T21:03:40.234+0300][19660][19092][debug][safepoint] Safepoint synchronization initiated using striped semaphore wait barrier. (32 threads)
[2025-05-20T21:03:40.234+0300][19660][19092][info ][safepoint] Safepoint "Cleanup", Time since last: 1013125700 ns, Reaching safepoint: 100800 ns, Cleanup: 31200 ns, At safepoint: 6100 ns, Total: 138100 ns
[2025-05-20T21:03:41.239+0300][19660][19092][debug][safepoint] Safepoint synchronization initiated using striped semaphore wait barrier. (32 threads)
[2025-05-20T21:03:41.239+0300][19660][19092][info ][safepoint] Safepoint "Cleanup", Time since last: 1004973200 ns, Reaching safepoint: 205400 ns, Cleanup: 24300 ns, At safepoint: 8700 ns, Total: 238400 ns
[2025-05-20T21:03:42.240+0300][19660][19092][debug][safepoint] Safepoint synchronization initiated using striped semaphore wait barrier. (32 threads)
[2025-05-20T21:03:42.240+0300][19660][19092][info ][safepoint] Safepoint "Cleanup", Time since last: 1000558400 ns, Reaching safepoint: 98500 ns, Cleanup: 29800 ns, At safepoint: 5800 ns, Total: 134100 ns
[2025-05-20T21:03:43.250+0300][19660][19092][debug][safepoint] Safepoint synchronization initiated using striped semaphore wait barrier. (32 threads)
[2025-05-20T21:03:43.250+0300][19660][19092][info ][safepoint] Safepoint "Cleanup", Time since last: 1009852500 ns, Reaching safepoint: 75200 ns, Cleanup: 26300 ns, At safepoint: 4700 ns, Total: 106200 ns
[2025-05-20T21:03:44.258+0300][19660][19092][debug][safepoint] Safepoint synchronization initiated using striped semaphore wait barrier. (32 threads)
[2025-05-20T21:03:44.258+0300][19660][19092][info ][safepoint] Safepoint "Cleanup", Time since last: 1008096900 ns, Reaching safepoint: 107300 ns, Cleanup: 27500 ns, At safepoint: 11300 ns, Total: 146100 ns
[2025-05-20T21:03:45.259+0300][19660][19092][debug][safepoint] Safepoint synchronization initiated using striped semaphore wait barrier. (32 threads)
[2025-05-20T21:03:45.259+0300][19660][19092][info ][safepoint] Safepoint "Cleanup", Time since last: 1000647900 ns, Reaching safepoint: 101600 ns, Cleanup: 23400 ns, At safepoint: 8100 ns, Total: 133100 ns
[2025-05-20T21:03:46.269+0300][19660][19092][debug][safepoint] Safepoint synchronization initiated using striped semaphore wait barrier. (32 threads)
[2025-05-20T21:03:46.269+0300][19660][19092][info ][safepoint] Safepoint "Cleanup", Time since last: 1009823500 ns, Reaching safepoint: 114600 ns, Cleanup: 25600 ns, At safepoint: 9100 ns, Total: 149300 ns
[2025-05-20T21:03:47.270+0300][19660][19092][debug][safepoint] Safepoint synchronization initiated using striped semaphore wait barrier. (32 threads)
[2025-05-20T21:03:47.270+0300][19660][19092][info ][safepoint] Safepoint "Cleanup", Time since last: 1000586800 ns, Reaching safepoint: 117800 ns, Cleanup: 45400 ns, At safepoint: 17300 ns, Total: 180500 ns
[2025-05-20T21:03:48.277+0300][19660][19092][debug][safepoint] Safepoint synchronization initiated using striped semaphore wait barrier. (32 threads)
[2025-05-20T21:03:48.277+0300][19660][19092][info ][safepoint] Safepoint "Cleanup", Time since last: 1007649400 ns, Reaching safepoint: 121800 ns, Cleanup: 28600 ns, At safepoint: 19200 ns, Total: 169600 ns
[2025-05-20T21:03:49.200+0300][19660][19092][debug][safepoint] Safepoint synchronization initiated using striped semaphore wait barrier. (32 threads)
[2025-05-20T21:03:49.200+0300][19660][19092][debug][gc,heap  ] GC(4) Heap before GC invocations=5 (full 2):
[2025-05-20T21:03:49.200+0300][19660][19092][debug][gc,heap  ] GC(4)  PSYoungGen      total 1223168K, used 1048576K [0x00000007aab00000, 0x0000000800000000, 0x0000000800000000)
[2025-05-20T21:03:49.200+0300][19660][19092][debug][gc,heap  ] GC(4)   eden space 1048576K, 100% used [0x00000007aab00000,0x00000007eab00000,0x00000007eab00000)
[2025-05-20T21:03:49.200+0300][19660][19092][debug][gc,heap  ] GC(4)   from space 174592K, 0% used [0x00000007f5580000,0x00000007f5580000,0x0000000800000000)
[2025-05-20T21:03:49.200+0300][19660][19092][debug][gc,heap  ] GC(4)   to   space 174592K, 0% used [0x00000007eab00000,0x00000007eab00000,0x00000007f5580000)
[2025-05-20T21:03:49.200+0300][19660][19092][debug][gc,heap  ] GC(4)  ParOldGen       total 2796544K, used 13728K [0x0000000700000000, 0x00000007aab00000, 0x00000007aab00000)
[2025-05-20T21:03:49.200+0300][19660][19092][debug][gc,heap  ] GC(4)   object space 2796544K, 0% used [0x0000000700000000,0x0000000700d680f8,0x00000007aab00000)
[2025-05-20T21:03:49.200+0300][19660][19092][debug][gc,heap  ] GC(4)  Metaspace       used 33940K, committed 34880K, reserved 1114112K
[2025-05-20T21:03:49.200+0300][19660][19092][debug][gc,heap  ] GC(4)   class space    used 2941K, committed 3328K, reserved 1048576K
[2025-05-20T21:03:49.203+0300][19660][19092][debug][gc,phases] GC(4) Scavenge 4.378ms
[2025-05-20T21:03:49.203+0300][19660][19092][debug][gc,phases] GC(4) Reference Processing 0.268ms
[2025-05-20T21:03:49.203+0300][19660][19092][debug][gc,phases] GC(4)   VM Weak                        Min:  0.0, Avg:  0.0, Max:  0.0, Diff:  0.0, Sum:  0.0, Workers: 8
[2025-05-20T21:03:49.203+0300][19660][19092][debug][gc,phases] GC(4)     Dead                           Min: 0, Avg:  0.0, Max: 0, Diff: 0, Sum: 0, Workers: 8
[2025-05-20T21:03:49.203+0300][19660][19092][debug][gc,phases] GC(4)     Total                          Min: 0, Avg: 69.4, Max: 427, Diff: 427, Sum: 555, Workers: 8
[2025-05-20T21:03:49.203+0300][19660][19092][debug][gc,phases] GC(4)   ObjectSynchronizer Weak        Min:  0.0, Avg:  0.0, Max:  0.0, Diff:  0.0, Sum:  0.0, Workers: 8
[2025-05-20T21:03:49.203+0300][19660][19092][debug][gc,phases] GC(4)     Dead                           Min: 0, Avg: 11.9, Max: 58, Diff: 58, Sum: 95, Workers: 8
[2025-05-20T21:03:49.203+0300][19660][19092][debug][gc,phases] GC(4)     Total                          Min: 0, Avg: 46.1, Max: 241, Diff: 241, Sum: 369, Workers: 8
[2025-05-20T21:03:49.203+0300][19660][19092][debug][gc,phases] GC(4)   JVMTI Tag Weak OopStorage      Min:  0.0, Avg:  0.0, Max:  0.0, Diff:  0.0, Sum:  0.0, Workers: 8
[2025-05-20T21:03:49.203+0300][19660][19092][debug][gc,phases] GC(4)     Dead                           Min: 0, Avg:  0.0, Max: 0, Diff: 0, Sum: 0, Workers: 8
[2025-05-20T21:03:49.203+0300][19660][19092][debug][gc,phases] GC(4)     Total                          Min: 0, Avg:  0.0, Max: 0, Diff: 0, Sum: 0, Workers: 8
[2025-05-20T21:03:49.203+0300][19660][19092][debug][gc,phases] GC(4)   StringTable Weak               Min:  0.0, Avg:  0.0, Max:  0.1, Diff:  0.1, Sum:  0.3, Workers: 8
[2025-05-20T21:03:49.203+0300][19660][19092][debug][gc,phases] GC(4)     Dead                           Min: 0, Avg:  3.2, Max: 14, Diff: 14, Sum: 26, Workers: 8
[2025-05-20T21:03:49.203+0300][19660][19092][debug][gc,phases] GC(4)     Total                          Min: 0, Avg: 3407.8, Max: 7872, Diff: 7872, Sum: 27262, Workers: 8
[2025-05-20T21:03:49.203+0300][19660][19092][debug][gc,phases] GC(4)   ResolvedMethodTable Weak       Min:  0.0, Avg:  0.0, Max:  0.0, Diff:  0.0, Sum:  0.1, Workers: 8
[2025-05-20T21:03:49.203+0300][19660][19092][debug][gc,phases] GC(4)     Dead                           Min: 0, Avg: 20.1, Max: 44, Diff: 44, Sum: 161, Workers: 8
[2025-05-20T21:03:49.203+0300][19660][19092][debug][gc,phases] GC(4)     Total                          Min: 0, Avg: 212.8, Max: 422, Diff: 422, Sum: 1702, Workers: 8
[2025-05-20T21:03:49.203+0300][19660][19092][debug][gc,phases] GC(4)   JNI Weak                       Min:  0.0, Avg:  0.0, Max:  0.0, Diff:  0.0, Sum:  0.0, Workers: 8
[2025-05-20T21:03:49.203+0300][19660][19092][debug][gc,phases] GC(4)     Dead                           Min: 0, Avg:  0.0, Max: 0, Diff: 0, Sum: 0, Workers: 8
[2025-05-20T21:03:49.203+0300][19660][19092][debug][gc,phases] GC(4)     Total                          Min: 0, Avg:  0.0, Max: 0, Diff: 0, Sum: 0, Workers: 8
[2025-05-20T21:03:49.203+0300][19660][19092][debug][gc,phases] GC(4)   StringDedup Table Weak         Min:  0.0, Avg:  0.0, Max:  0.0, Diff:  0.0, Sum:  0.0, Workers: 8
[2025-05-20T21:03:49.203+0300][19660][19092][debug][gc,phases] GC(4)     Dead                           Min: 0, Avg:  0.0, Max: 0, Diff: 0, Sum: 0, Workers: 8
[2025-05-20T21:03:49.203+0300][19660][19092][debug][gc,phases] GC(4)     Total                          Min: 0, Avg:  0.0, Max: 0, Diff: 0, Sum: 0, Workers: 8
[2025-05-20T21:03:49.203+0300][19660][19092][debug][gc,phases] GC(4)   StringDedup Requests0 Weak     Min:  0.0, Avg:  0.0, Max:  0.0, Diff:  0.0, Sum:  0.0, Workers: 8
[2025-05-20T21:03:49.203+0300][19660][19092][debug][gc,phases] GC(4)     Dead                           Min: 0, Avg:  0.0, Max: 0, Diff: 0, Sum: 0, Workers: 8
[2025-05-20T21:03:49.203+0300][19660][19092][debug][gc,phases] GC(4)     Total                          Min: 0, Avg:  0.0, Max: 0, Diff: 0, Sum: 0, Workers: 8
[2025-05-20T21:03:49.203+0300][19660][19092][debug][gc,phases] GC(4)   StringDedup Requests1 Weak     Min:  0.0, Avg:  0.0, Max:  0.0, Diff:  0.0, Sum:  0.0, Workers: 8
[2025-05-20T21:03:49.203+0300][19660][19092][debug][gc,phases] GC(4)     Dead                           Min: 0, Avg:  0.0, Max: 0, Diff: 0, Sum: 0, Workers: 8
[2025-05-20T21:03:49.203+0300][19660][19092][debug][gc,phases] GC(4)     Total                          Min: 0, Avg:  0.0, Max: 0, Diff: 0, Sum: 0, Workers: 8
[2025-05-20T21:03:49.203+0300][19660][19092][debug][gc,phases] GC(4)   Weak JFR Old Object Samples    Min:  0.0, Avg:  0.0, Max:  0.0, Diff:  0.0, Sum:  0.0, Workers: 8
[2025-05-20T21:03:49.203+0300][19660][19092][debug][gc,phases] GC(4)     Dead                           Min: 0, Avg:  0.0, Max: 0, Diff: 0, Sum: 0, Workers: 8
[2025-05-20T21:03:49.203+0300][19660][19092][debug][gc,phases] GC(4)     Total                          Min: 0, Avg:  0.0, Max: 0, Diff: 0, Sum: 0, Workers: 8
[2025-05-20T21:03:49.203+0300][19660][19092][debug][gc,phases] GC(4) Weak Processing 0.432ms
[2025-05-20T21:03:49.203+0300][19660][19092][info ][gc,heap  ] GC(4) PSYoungGen: 1048576K(1223168K)->3040K(1223168K) Eden: 1048576K(1048576K)->0K(1048576K) From: 0K(174592K)->3040K(174592K)
[2025-05-20T21:03:49.203+0300][19660][19092][info ][gc,heap  ] GC(4) ParOldGen: 13728K(2796544K)->13736K(2796544K)
[2025-05-20T21:03:49.203+0300][19660][19092][info ][gc       ] GC(4) Pause Young (Allocation Failure) 1037M->16M(3925M) 5.206ms
[2025-05-20T21:03:49.203+0300][19660][19092][debug][gc,heap  ] GC(4) Heap after GC invocations=5 (full 2):
[2025-05-20T21:03:49.203+0300][19660][19092][debug][gc,heap  ] GC(4)  PSYoungGen      total 1223168K, used 3040K [0x00000007aab00000, 0x0000000800000000, 0x0000000800000000)
[2025-05-20T21:03:49.203+0300][19660][19092][debug][gc,heap  ] GC(4)   eden space 1048576K, 0% used [0x00000007aab00000,0x00000007aab00000,0x00000007eab00000)
[2025-05-20T21:03:49.203+0300][19660][19092][debug][gc,heap  ] GC(4)   from space 174592K, 1% used [0x00000007eab00000,0x00000007eadf8100,0x00000007f5580000)
[2025-05-20T21:03:49.203+0300][19660][19092][debug][gc,heap  ] GC(4)   to   space 174592K, 0% used [0x00000007f5580000,0x00000007f5580000,0x0000000800000000)
[2025-05-20T21:03:49.203+0300][19660][19092][debug][gc,heap  ] GC(4)  ParOldGen       total 2796544K, used 13736K [0x0000000700000000, 0x00000007aab00000, 0x00000007aab00000)
[2025-05-20T21:03:49.203+0300][19660][19092][debug][gc,heap  ] GC(4)   object space 2796544K, 0% used [0x0000000700000000,0x0000000700d6a0f8,0x00000007aab00000)
[2025-05-20T21:03:49.203+0300][19660][19092][debug][gc,heap  ] GC(4)  Metaspace       used 33940K, committed 34880K, reserved 1114112K
[2025-05-20T21:03:49.203+0300][19660][19092][debug][gc,heap  ] GC(4)   class space    used 2941K, committed 3328K, reserved 1048576K
[2025-05-20T21:03:49.203+0300][19660][19092][info ][safepoint] Safepoint "ParallelGCFailedAllocation", Time since last: 922158500 ns, Reaching safepoint: 158000 ns, Cleanup: 55600 ns, At safepoint: 5680500 ns, Total: 5894100 ns
[2025-05-20T21:03:50.216+0300][19660][19092][debug][safepoint] Safepoint synchronization initiated using striped semaphore wait barrier. (32 threads)
[2025-05-20T21:03:50.216+0300][19660][19092][info ][safepoint] Safepoint "Cleanup", Time since last: 1010338700 ns, Reaching safepoint: 95300 ns, Cleanup: 38700 ns, At safepoint: 10600 ns, Total: 144600 ns
[2025-05-20T21:03:51.228+0300][19660][19092][debug][safepoint] Safepoint synchronization initiated using striped semaphore wait barrier. (32 threads)
[2025-05-20T21:03:51.228+0300][19660][19092][info ][safepoint] Safepoint "Cleanup", Time since last: 1011455700 ns, Reaching safepoint: 105900 ns, Cleanup: 66000 ns, At safepoint: 6500 ns, Total: 178400 ns
[2025-05-20T21:03:52.229+0300][19660][19092][debug][safepoint] Safepoint synchronization initiated using striped semaphore wait barrier. (32 threads)
[2025-05-20T21:03:52.229+0300][19660][21168][debug][safepoint] ... found polling page loop exception at pc = 0x0000020708254bdd, stub =0x0000020707584d80
[2025-05-20T21:03:52.229+0300][19660][2696 ][debug][safepoint] ... found polling page loop exception at pc = 0x0000020708254bdd, stub =0x0000020707584d80
[2025-05-20T21:03:52.229+0300][19660][19208][debug][safepoint] ... found polling page loop exception at pc = 0x0000020708254bdd, stub =0x0000020707584d80
[2025-05-20T21:03:52.229+0300][19660][4316 ][debug][safepoint] ... found polling page loop exception at pc = 0x0000020707e7db1f, stub =0x0000020707585600
[2025-05-20T21:03:52.229+0300][19660][19092][info ][safepoint] Safepoint "Cleanup", Time since last: 1001262700 ns, Reaching safepoint: 779600 ns, Cleanup: 42500 ns, At safepoint: 43100 ns, Total: 865200 ns
[2025-05-20T21:03:53.232+0300][19660][19092][debug][safepoint] Safepoint synchronization initiated using striped semaphore wait barrier. (32 threads)
[2025-05-20T21:03:53.232+0300][19660][19092][info ][safepoint] Safepoint "Cleanup", Time since last: 1002457500 ns, Reaching safepoint: 93900 ns, Cleanup: 32700 ns, At safepoint: 3900 ns, Total: 130500 ns
[2025-05-20T21:03:54.235+0300][19660][19092][debug][safepoint] Safepoint synchronization initiated using striped semaphore wait barrier. (32 threads)
[2025-05-20T21:03:54.235+0300][19660][19092][info ][safepoint] Safepoint "Cleanup", Time since last: 1002420200 ns, Reaching safepoint: 142000 ns, Cleanup: 60800 ns, At safepoint: 47700 ns, Total: 250500 ns
[2025-05-20T21:03:55.236+0300][19660][19092][debug][safepoint] Safepoint synchronization initiated using striped semaphore wait barrier. (32 threads)
[2025-05-20T21:03:55.236+0300][19660][19092][info ][safepoint] Safepoint "Cleanup", Time since last: 1000548400 ns, Reaching safepoint: 163500 ns, Cleanup: 45100 ns, At safepoint: 44300 ns, Total: 252900 ns
[2025-05-20T21:03:56.250+0300][19660][19092][debug][safepoint] Safepoint synchronization initiated using striped semaphore wait barrier. (32 threads)
[2025-05-20T21:03:56.250+0300][19660][19092][info ][safepoint] Safepoint "Cleanup", Time since last: 1014553700 ns, Reaching safepoint: 121600 ns, Cleanup: 46800 ns, At safepoint: 16400 ns, Total: 184800 ns
[2025-05-20T21:03:57.260+0300][19660][19092][debug][safepoint] Safepoint synchronization initiated using striped semaphore wait barrier. (32 threads)
[2025-05-20T21:03:57.260+0300][19660][19092][info ][safepoint] Safepoint "Cleanup", Time since last: 1009448600 ns, Reaching safepoint: 128900 ns, Cleanup: 45400 ns, At safepoint: 12800 ns, Total: 187100 ns
[2025-05-20T21:03:59.273+0300][19660][19092][debug][safepoint] Safepoint synchronization initiated using striped semaphore wait barrier. (32 threads)
[2025-05-20T21:03:59.273+0300][19660][19092][info ][safepoint] Safepoint "Cleanup", Time since last: 2012227900 ns, Reaching safepoint: 122300 ns, Cleanup: 34600 ns, At safepoint: 3800 ns, Total: 160700 ns
[2025-05-20T21:04:00.286+0300][19660][19092][debug][safepoint] Safepoint synchronization initiated using striped semaphore wait barrier. (32 threads)
[2025-05-20T21:04:00.286+0300][19660][19092][info ][safepoint] Safepoint "Cleanup", Time since last: 1012761300 ns, Reaching safepoint: 141700 ns, Cleanup: 27700 ns, At safepoint: 13600 ns, Total: 183000 ns
[2025-05-20T21:04:01.296+0300][19660][19092][debug][safepoint] Safepoint synchronization initiated using striped semaphore wait barrier. (32 threads)
[2025-05-20T21:04:01.296+0300][19660][19092][info ][safepoint] Safepoint "Cleanup", Time since last: 1010458400 ns, Reaching safepoint: 139000 ns, Cleanup: 41200 ns, At safepoint: 27800 ns, Total: 208000 ns
[2025-05-20T21:04:02.305+0300][19660][19092][debug][safepoint] Safepoint synchronization initiated using striped semaphore wait barrier. (32 threads)
[2025-05-20T21:04:02.305+0300][19660][19092][info ][safepoint] Safepoint "Cleanup", Time since last: 1008033300 ns, Reaching safepoint: 110700 ns, Cleanup: 57300 ns, At safepoint: 20000 ns, Total: 188000 ns
[2025-05-20T21:04:03.312+0300][19660][19092][debug][safepoint] Safepoint synchronization initiated using striped semaphore wait barrier. (32 threads)
[2025-05-20T21:04:03.312+0300][19660][19092][info ][safepoint] Safepoint "Cleanup", Time since last: 1007012200 ns, Reaching safepoint: 164800 ns, Cleanup: 43900 ns, At safepoint: 9700 ns, Total: 218400 ns
[2025-05-20T21:04:05.336+0300][19660][19092][debug][safepoint] Safepoint synchronization initiated using striped semaphore wait barrier. (32 threads)
[2025-05-20T21:04:05.336+0300][19660][19092][info ][safepoint] Safepoint "Cleanup", Time since last: 2023916100 ns, Reaching safepoint: 133600 ns, Cleanup: 28300 ns, At safepoint: 9600 ns, Total: 171500 ns
[2025-05-20T21:04:06.339+0300][19660][19092][debug][safepoint] Safepoint synchronization initiated using striped semaphore wait barrier. (32 threads)
[2025-05-20T21:04:06.339+0300][19660][19092][info ][safepoint] Safepoint "Cleanup", Time since last: 1003094600 ns, Reaching safepoint: 149600 ns, Cleanup: 43700 ns, At safepoint: 40000 ns, Total: 233300 ns
[2025-05-20T21:04:08.350+0300][19660][19092][debug][safepoint] Safepoint synchronization initiated using striped semaphore wait barrier. (32 threads)
[2025-05-20T21:04:08.350+0300][19660][19092][info ][safepoint] Safepoint "Cleanup", Time since last: 2010583800 ns, Reaching safepoint: 212000 ns, Cleanup: 77200 ns, At safepoint: 48400 ns, Total: 337600 ns
[2025-05-20T21:04:10.371+0300][19660][19092][debug][safepoint] Safepoint synchronization initiated using striped semaphore wait barrier. (32 threads)
[2025-05-20T21:04:10.371+0300][19660][19092][info ][safepoint] Safepoint "Cleanup", Time since last: 2020758000 ns, Reaching safepoint: 171800 ns, Cleanup: 27800 ns, At safepoint: 17400 ns, Total: 217000 ns
[2025-05-20T21:04:11.383+0300][19660][19092][debug][safepoint] Safepoint synchronization initiated using striped semaphore wait barrier. (32 threads)
[2025-05-20T21:04:11.383+0300][19660][19092][info ][safepoint] Safepoint "Cleanup", Time since last: 1011940200 ns, Reaching safepoint: 180400 ns, Cleanup: 39900 ns, At safepoint: 42200 ns, Total: 262500 ns
[2025-05-20T21:04:13.405+0300][19660][19092][debug][safepoint] Safepoint synchronization initiated using striped semaphore wait barrier. (32 threads)
[2025-05-20T21:04:13.405+0300][19660][19092][info ][safepoint] Safepoint "Cleanup", Time since last: 2021641200 ns, Reaching safepoint: 155800 ns, Cleanup: 42300 ns, At safepoint: 26200 ns, Total: 224300 ns
[2025-05-20T21:04:14.422+0300][19660][19092][debug][safepoint] Safepoint synchronization initiated using striped semaphore wait barrier. (32 threads)
[2025-05-20T21:04:14.423+0300][19660][19092][info ][safepoint] Safepoint "Cleanup", Time since last: 1016980400 ns, Reaching safepoint: 152700 ns, Cleanup: 30200 ns, At safepoint: 58000 ns, Total: 240900 ns
[2025-05-20T21:04:15.434+0300][19660][19092][debug][safepoint] Safepoint synchronization initiated using striped semaphore wait barrier. (32 threads)
[2025-05-20T21:04:15.434+0300][19660][2288 ][debug][safepoint] ... found polling page loop exception at pc = 0x0000020708068eea, stub =0x0000020707585600
[2025-05-20T21:04:15.434+0300][19660][19092][info ][safepoint] Safepoint "Cleanup", Time since last: 1011452300 ns, Reaching safepoint: 323300 ns, Cleanup: 41000 ns, At safepoint: 25100 ns, Total: 389400 ns
[2025-05-20T21:04:16.442+0300][19660][19092][debug][safepoint] Safepoint synchronization initiated using striped semaphore wait barrier. (32 threads)
[2025-05-20T21:04:16.442+0300][19660][19092][info ][safepoint] Safepoint "Cleanup", Time since last: 1007815200 ns, Reaching safepoint: 183800 ns, Cleanup: 71200 ns, At safepoint: 46200 ns, Total: 301200 ns
[2025-05-20T21:04:17.444+0300][19660][19092][debug][safepoint] Safepoint synchronization initiated using striped semaphore wait barrier. (32 threads)
[2025-05-20T21:04:17.444+0300][19660][19092][info ][safepoint] Safepoint "Cleanup", Time since last: 1000985900 ns, Reaching safepoint: 142000 ns, Cleanup: 36800 ns, At safepoint: 14400 ns, Total: 193200 ns
[2025-05-20T21:04:19.869+0300][19660][19092][debug][safepoint] Safepoint synchronization initiated using striped semaphore wait barrier. (32 threads)
[2025-05-20T21:04:19.869+0300][19660][19092][info ][safepoint] Safepoint "Cleanup", Time since last: 2425583200 ns, Reaching safepoint: 122800 ns, Cleanup: 36600 ns, At safepoint: 12100 ns, Total: 171500 ns
[2025-05-20T21:04:21.877+0300][19660][19092][debug][safepoint] Safepoint synchronization initiated using striped semaphore wait barrier. (32 threads)
[2025-05-20T21:04:21.877+0300][19660][19092][info ][safepoint] Safepoint "Cleanup", Time since last: 2007170200 ns, Reaching safepoint: 181100 ns, Cleanup: 85900 ns, At safepoint: 48100 ns, Total: 315100 ns
[2025-05-20T21:04:22.668+0300][19660][19092][debug][safepoint] Safepoint synchronization initiated using striped semaphore wait barrier. (32 threads)
[2025-05-20T21:04:22.668+0300][19660][4316 ][debug][safepoint] ... found polling page loop exception at pc = 0x0000020707ea2acd, stub =0x0000020707585600
[2025-05-20T21:04:22.668+0300][19660][8488 ][debug][safepoint] ... found polling page loop exception at pc = 0x0000020707f469a0, stub =0x0000020707584d80
[2025-05-20T21:04:22.668+0300][19660][19092][debug][gc,heap  ] GC(5) Heap before GC invocations=6 (full 2):
[2025-05-20T21:04:22.668+0300][19660][19092][debug][gc,heap  ] GC(5)  PSYoungGen      total 1223168K, used 1051616K [0x00000007aab00000, 0x0000000800000000, 0x0000000800000000)
[2025-05-20T21:04:22.668+0300][19660][19092][debug][gc,heap  ] GC(5)   eden space 1048576K, 100% used [0x00000007aab00000,0x00000007eab00000,0x00000007eab00000)
[2025-05-20T21:04:22.668+0300][19660][19092][debug][gc,heap  ] GC(5)   from space 174592K, 1% used [0x00000007eab00000,0x00000007eadf8100,0x00000007f5580000)
[2025-05-20T21:04:22.668+0300][19660][19092][debug][gc,heap  ] GC(5)   to   space 174592K, 0% used [0x00000007f5580000,0x00000007f5580000,0x0000000800000000)
[2025-05-20T21:04:22.668+0300][19660][19092][debug][gc,heap  ] GC(5)  ParOldGen       total 2796544K, used 13736K [0x0000000700000000, 0x00000007aab00000, 0x00000007aab00000)
[2025-05-20T21:04:22.668+0300][19660][19092][debug][gc,heap  ] GC(5)   object space 2796544K, 0% used [0x0000000700000000,0x0000000700d6a0f8,0x00000007aab00000)
[2025-05-20T21:04:22.668+0300][19660][19092][debug][gc,heap  ] GC(5)  Metaspace       used 34441K, committed 35392K, reserved 1114112K
[2025-05-20T21:04:22.668+0300][19660][19092][debug][gc,heap  ] GC(5)   class space    used 2942K, committed 3328K, reserved 1048576K
[2025-05-20T21:04:22.672+0300][19660][19092][debug][gc,phases] GC(5) Scavenge 4.337ms
[2025-05-20T21:04:22.672+0300][19660][19092][debug][gc,phases] GC(5) Reference Processing 0.044ms
[2025-05-20T21:04:22.672+0300][19660][19092][debug][gc,phases] GC(5)   VM Weak                        Min:  0.0, Avg:  0.0, Max:  0.0, Diff:  0.0, Sum:  0.0, Workers: 8
[2025-05-20T21:04:22.672+0300][19660][19092][debug][gc,phases] GC(5)     Dead                           Min: 0, Avg:  0.0, Max: 0, Diff: 0, Sum: 0, Workers: 8
[2025-05-20T21:04:22.672+0300][19660][19092][debug][gc,phases] GC(5)     Total                          Min: 0, Avg: 69.4, Max: 448, Diff: 448, Sum: 555, Workers: 8
[2025-05-20T21:04:22.672+0300][19660][19092][debug][gc,phases] GC(5)   ObjectSynchronizer Weak        Min:  0.0, Avg:  0.0, Max:  0.0, Diff:  0.0, Sum:  0.0, Workers: 8
[2025-05-20T21:04:22.672+0300][19660][19092][debug][gc,phases] GC(5)     Dead                           Min: 0, Avg:  0.0, Max: 0, Diff: 0, Sum: 0, Workers: 8
[2025-05-20T21:04:22.672+0300][19660][19092][debug][gc,phases] GC(5)     Total                          Min: 0, Avg:  2.4, Max: 11, Diff: 11, Sum: 19, Workers: 8
[2025-05-20T21:04:22.672+0300][19660][19092][debug][gc,phases] GC(5)   JVMTI Tag Weak OopStorage      Min:  0.0, Avg:  0.0, Max:  0.0, Diff:  0.0, Sum:  0.0, Workers: 8
[2025-05-20T21:04:22.672+0300][19660][19092][debug][gc,phases] GC(5)     Dead                           Min: 0, Avg:  0.0, Max: 0, Diff: 0, Sum: 0, Workers: 8
[2025-05-20T21:04:22.672+0300][19660][19092][debug][gc,phases] GC(5)     Total                          Min: 0, Avg:  0.0, Max: 0, Diff: 0, Sum: 0, Workers: 8
[2025-05-20T21:04:22.672+0300][19660][19092][debug][gc,phases] GC(5)   StringTable Weak               Min:  0.0, Avg:  0.0, Max:  0.1, Diff:  0.1, Sum:  0.3, Workers: 8
[2025-05-20T21:04:22.672+0300][19660][19092][debug][gc,phases] GC(5)     Dead                           Min: 0, Avg:  0.0, Max: 0, Diff: 0, Sum: 0, Workers: 8
[2025-05-20T21:04:22.672+0300][19660][19092][debug][gc,phases] GC(5)     Total                          Min: 0, Avg: 3429.9, Max: 9071, Diff: 9071, Sum: 27439, Workers: 8
[2025-05-20T21:04:22.672+0300][19660][19092][debug][gc,phases] GC(5)   ResolvedMethodTable Weak       Min:  0.0, Avg:  0.0, Max:  0.0, Diff:  0.0, Sum:  0.0, Workers: 8
[2025-05-20T21:04:22.672+0300][19660][19092][debug][gc,phases] GC(5)     Dead                           Min: 0, Avg:  0.1, Max: 1, Diff: 1, Sum: 1, Workers: 8
[2025-05-20T21:04:22.672+0300][19660][19092][debug][gc,phases] GC(5)     Total                          Min: 0, Avg: 212.8, Max: 448, Diff: 448, Sum: 1702, Workers: 8
[2025-05-20T21:04:22.672+0300][19660][19092][debug][gc,phases] GC(5)   JNI Weak                       Min:  0.0, Avg:  0.0, Max:  0.0, Diff:  0.0, Sum:  0.0, Workers: 8
[2025-05-20T21:04:22.672+0300][19660][19092][debug][gc,phases] GC(5)     Dead                           Min: 0, Avg:  0.0, Max: 0, Diff: 0, Sum: 0, Workers: 8
[2025-05-20T21:04:22.672+0300][19660][19092][debug][gc,phases] GC(5)     Total                          Min: 0, Avg:  0.0, Max: 0, Diff: 0, Sum: 0, Workers: 8
[2025-05-20T21:04:22.672+0300][19660][19092][debug][gc,phases] GC(5)   StringDedup Table Weak         Min:  0.0, Avg:  0.0, Max:  0.0, Diff:  0.0, Sum:  0.0, Workers: 8
[2025-05-20T21:04:22.672+0300][19660][19092][debug][gc,phases] GC(5)     Dead                           Min: 0, Avg:  0.0, Max: 0, Diff: 0, Sum: 0, Workers: 8
[2025-05-20T21:04:22.672+0300][19660][19092][debug][gc,phases] GC(5)     Total                          Min: 0, Avg:  0.0, Max: 0, Diff: 0, Sum: 0, Workers: 8
[2025-05-20T21:04:22.672+0300][19660][19092][debug][gc,phases] GC(5)   StringDedup Requests0 Weak     Min:  0.0, Avg:  0.0, Max:  0.0, Diff:  0.0, Sum:  0.0, Workers: 8
[2025-05-20T21:04:22.672+0300][19660][19092][debug][gc,phases] GC(5)     Dead                           Min: 0, Avg:  0.0, Max: 0, Diff: 0, Sum: 0, Workers: 8
[2025-05-20T21:04:22.672+0300][19660][19092][debug][gc,phases] GC(5)     Total                          Min: 0, Avg:  0.0, Max: 0, Diff: 0, Sum: 0, Workers: 8
[2025-05-20T21:04:22.672+0300][19660][19092][debug][gc,phases] GC(5)   StringDedup Requests1 Weak     Min:  0.0, Avg:  0.0, Max:  0.0, Diff:  0.0, Sum:  0.0, Workers: 8
[2025-05-20T21:04:22.672+0300][19660][19092][debug][gc,phases] GC(5)     Dead                           Min: 0, Avg:  0.0, Max: 0, Diff: 0, Sum: 0, Workers: 8
[2025-05-20T21:04:22.672+0300][19660][19092][debug][gc,phases] GC(5)     Total                          Min: 0, Avg:  0.0, Max: 0, Diff: 0, Sum: 0, Workers: 8
[2025-05-20T21:04:22.672+0300][19660][19092][debug][gc,phases] GC(5)   Weak JFR Old Object Samples    Min:  0.0, Avg:  0.0, Max:  0.0, Diff:  0.0, Sum:  0.0, Workers: 8
[2025-05-20T21:04:22.672+0300][19660][19092][debug][gc,phases] GC(5)     Dead                           Min: 0, Avg:  0.0, Max: 0, Diff: 0, Sum: 0, Workers: 8
[2025-05-20T21:04:22.672+0300][19660][19092][debug][gc,phases] GC(5)     Total                          Min: 0, Avg:  0.0, Max: 0, Diff: 0, Sum: 0, Workers: 8
[2025-05-20T21:04:22.672+0300][19660][19092][debug][gc,phases] GC(5) Weak Processing 0.500ms
[2025-05-20T21:04:22.672+0300][19660][19092][info ][gc,heap  ] GC(5) PSYoungGen: 1051616K(1223168K)->3008K(1223168K) Eden: 1048576K(1048576K)->0K(1048576K) From: 3040K(174592K)->3008K(174592K)
[2025-05-20T21:04:22.672+0300][19660][19092][info ][gc,heap  ] GC(5) ParOldGen: 13736K(2796544K)->13744K(2796544K)
[2025-05-20T21:04:22.672+0300][19660][19092][info ][gc       ] GC(5) Pause Young (Allocation Failure) 1040M->16M(3925M) 4.997ms
[2025-05-20T21:04:22.672+0300][19660][19092][debug][gc,heap  ] GC(5) Heap after GC invocations=6 (full 2):
[2025-05-20T21:04:22.672+0300][19660][19092][debug][gc,heap  ] GC(5)  PSYoungGen      total 1223168K, used 3008K [0x00000007aab00000, 0x0000000800000000, 0x0000000800000000)
[2025-05-20T21:04:22.672+0300][19660][19092][debug][gc,heap  ] GC(5)   eden space 1048576K, 0% used [0x00000007aab00000,0x00000007aab00000,0x00000007eab00000)
[2025-05-20T21:04:22.672+0300][19660][19092][debug][gc,heap  ] GC(5)   from space 174592K, 1% used [0x00000007f5580000,0x00000007f58700e0,0x0000000800000000)
[2025-05-20T21:04:22.672+0300][19660][19092][debug][gc,heap  ] GC(5)   to   space 174592K, 0% used [0x00000007eab00000,0x00000007eab00000,0x00000007f5580000)
[2025-05-20T21:04:22.672+0300][19660][19092][debug][gc,heap  ] GC(5)  ParOldGen       total 2796544K, used 13744K [0x0000000700000000, 0x00000007aab00000, 0x00000007aab00000)
[2025-05-20T21:04:22.672+0300][19660][19092][debug][gc,heap  ] GC(5)   object space 2796544K, 0% used [0x0000000700000000,0x0000000700d6c0f8,0x00000007aab00000)
[2025-05-20T21:04:22.672+0300][19660][19092][debug][gc,heap  ] GC(5)  Metaspace       used 34441K, committed 35392K, reserved 1114112K
[2025-05-20T21:04:22.672+0300][19660][19092][debug][gc,heap  ] GC(5)   class space    used 2942K, committed 3328K, reserved 1048576K
[2025-05-20T21:04:22.672+0300][19660][19092][info ][safepoint] Safepoint "ParallelGCFailedAllocation", Time since last: 791653800 ns, Reaching safepoint: 439600 ns, Cleanup: 37600 ns, At safepoint: 5473600 ns, Total: 5950800 ns
[2025-05-20T21:04:24.693+0300][19660][19092][debug][safepoint] Safepoint synchronization initiated using striped semaphore wait barrier. (32 threads)
[2025-05-20T21:04:24.693+0300][19660][19092][info ][safepoint] Safepoint "Cleanup", Time since last: 2018929900 ns, Reaching safepoint: 154400 ns, Cleanup: 37600 ns, At safepoint: 46300 ns, Total: 238300 ns
[2025-05-20T21:04:27.715+0300][19660][19092][debug][safepoint] Safepoint synchronization initiated using striped semaphore wait barrier. (32 threads)
[2025-05-20T21:04:27.715+0300][19660][19092][info ][safepoint] Safepoint "Cleanup", Time since last: 3021419400 ns, Reaching safepoint: 171100 ns, Cleanup: 17700 ns, At safepoint: 16900 ns, Total: 205700 ns
[2025-05-20T21:04:28.727+0300][19660][19092][debug][safepoint] Safepoint synchronization initiated using striped semaphore wait barrier. (32 threads)
[2025-05-20T21:04:28.727+0300][19660][7844 ][debug][safepoint] ... found polling page loop exception at pc = 0x00000207083e0d4a, stub =0x0000020707585600
[2025-05-20T21:04:28.727+0300][19660][19092][info ][safepoint] Safepoint "Cleanup", Time since last: 1012029300 ns, Reaching safepoint: 297400 ns, Cleanup: 39000 ns, At safepoint: 20400 ns, Total: 356800 ns
[2025-05-20T21:04:29.736+0300][19660][19092][debug][safepoint] Safepoint synchronization initiated using striped semaphore wait barrier. (32 threads)
[2025-05-20T21:04:29.736+0300][19660][19092][info ][safepoint] Safepoint "Cleanup", Time since last: 1008100800 ns, Reaching safepoint: 90200 ns, Cleanup: 23700 ns, At safepoint: 10200 ns, Total: 124100 ns
[2025-05-20T21:04:30.746+0300][19660][19092][debug][safepoint] Safepoint synchronization initiated using striped semaphore wait barrier. (32 threads)
[2025-05-20T21:04:30.746+0300][19660][19092][info ][safepoint] Safepoint "Cleanup", Time since last: 1010585400 ns, Reaching safepoint: 157400 ns, Cleanup: 40700 ns, At safepoint: 52000 ns, Total: 250100 ns
[2025-05-20T21:04:31.756+0300][19660][19092][debug][safepoint] Safepoint synchronization initiated using striped semaphore wait barrier. (32 threads)
[2025-05-20T21:04:31.756+0300][19660][19092][info ][safepoint] Safepoint "Cleanup", Time since last: 1009668800 ns, Reaching safepoint: 142700 ns, Cleanup: 41600 ns, At safepoint: 48500 ns, Total: 232800 ns
[2025-05-20T21:04:33.765+0300][19660][19092][debug][safepoint] Safepoint synchronization initiated using striped semaphore wait barrier. (32 threads)
[2025-05-20T21:04:33.765+0300][19660][19092][info ][safepoint] Safepoint "Cleanup", Time since last: 2008246100 ns, Reaching safepoint: 139900 ns, Cleanup: 37500 ns, At safepoint: 14100 ns, Total: 191500 ns
[2025-05-20T21:04:36.797+0300][19660][19092][debug][safepoint] Safepoint synchronization initiated using striped semaphore wait barrier. (32 threads)
[2025-05-20T21:04:36.797+0300][19660][19092][info ][safepoint] Safepoint "Cleanup", Time since last: 3032105700 ns, Reaching safepoint: 156100 ns, Cleanup: 41300 ns, At safepoint: 13900 ns, Total: 211300 ns
[2025-05-20T21:04:39.813+0300][19660][19092][debug][safepoint] Safepoint synchronization initiated using striped semaphore wait barrier. (32 threads)
[2025-05-20T21:04:39.813+0300][19660][19092][info ][safepoint] Safepoint "Cleanup", Time since last: 3015545000 ns, Reaching safepoint: 155100 ns, Cleanup: 44400 ns, At safepoint: 38400 ns, Total: 237900 ns
[2025-05-20T21:04:41.822+0300][19660][19092][debug][safepoint] Safepoint synchronization initiated using striped semaphore wait barrier. (32 threads)
[2025-05-20T21:04:41.822+0300][19660][7844 ][debug][safepoint] ... found polling page loop exception at pc = 0x00000207080c0317, stub =0x0000020707585600
[2025-05-20T21:04:41.822+0300][19660][19092][info ][safepoint] Safepoint "Cleanup", Time since last: 2008941800 ns, Reaching safepoint: 158900 ns, Cleanup: 16200 ns, At safepoint: 5000 ns, Total: 180100 ns
[2025-05-20T21:04:44.850+0300][19660][19092][debug][safepoint] Safepoint synchronization initiated using striped semaphore wait barrier. (32 threads)
[2025-05-20T21:04:44.850+0300][19660][19092][info ][safepoint] Safepoint "Cleanup", Time since last: 3028019100 ns, Reaching safepoint: 168400 ns, Cleanup: 38600 ns, At safepoint: 14800 ns, Total: 221800 ns
[2025-05-20T21:04:45.855+0300][19660][19092][debug][safepoint] Safepoint synchronization initiated using striped semaphore wait barrier. (32 threads)
[2025-05-20T21:04:45.855+0300][19660][2388 ][debug][safepoint] ... found polling page loop exception at pc = 0x000002070806b0af, stub =0x0000020707585600
[2025-05-20T21:04:45.855+0300][19660][19092][info ][safepoint] Safepoint "Cleanup", Time since last: 1004804300 ns, Reaching safepoint: 268200 ns, Cleanup: 33200 ns, At safepoint: 15400 ns, Total: 316800 ns
[2025-05-20T21:04:47.879+0300][19660][19092][debug][safepoint] Safepoint synchronization initiated using striped semaphore wait barrier. (32 threads)
[2025-05-20T21:04:47.879+0300][19660][19092][info ][safepoint] Safepoint "Cleanup", Time since last: 2023491100 ns, Reaching safepoint: 187100 ns, Cleanup: 25700 ns, At safepoint: 19800 ns, Total: 232600 ns
[2025-05-20T21:04:49.891+0300][19660][19092][debug][safepoint] Safepoint synchronization initiated using striped semaphore wait barrier. (32 threads)
[2025-05-20T21:04:49.891+0300][19660][19092][info ][safepoint] Safepoint "Cleanup", Time since last: 2012061000 ns, Reaching safepoint: 109700 ns, Cleanup: 32400 ns, At safepoint: 9600 ns, Total: 151700 ns
[2025-05-20T21:04:50.898+0300][19660][19092][debug][safepoint] Safepoint synchronization initiated using striped semaphore wait barrier. (32 threads)
[2025-05-20T21:04:50.899+0300][19660][19092][info ][safepoint] Safepoint "Cleanup", Time since last: 1006750600 ns, Reaching safepoint: 145300 ns, Cleanup: 33200 ns, At safepoint: 90200 ns, Total: 268700 ns
[2025-05-20T21:04:51.900+0300][19660][19092][debug][safepoint] Safepoint synchronization initiated using striped semaphore wait barrier. (32 threads)
[2025-05-20T21:04:51.900+0300][19660][19092][info ][safepoint] Safepoint "Cleanup", Time since last: 1001207200 ns, Reaching safepoint: 161000 ns, Cleanup: 39200 ns, At safepoint: 11500 ns, Total: 211700 ns
[2025-05-20T21:04:52.904+0300][19660][19092][debug][safepoint] Safepoint synchronization initiated using striped semaphore wait barrier. (32 threads)
[2025-05-20T21:04:52.904+0300][19660][20104][debug][safepoint] ... found polling page loop exception at pc = 0x000002070806b0af, stub =0x0000020707585600
[2025-05-20T21:04:52.904+0300][19660][19092][info ][safepoint] Safepoint "Cleanup", Time since last: 1003992100 ns, Reaching safepoint: 140300 ns, Cleanup: 22700 ns, At safepoint: 5200 ns, Total: 168200 ns
[2025-05-20T21:04:55.928+0300][19660][19092][debug][safepoint] Safepoint synchronization initiated using striped semaphore wait barrier. (32 threads)
[2025-05-20T21:04:55.928+0300][19660][17308][debug][safepoint] ... found polling page loop exception at pc = 0x00000207080d08e8, stub =0x0000020707584d80
[2025-05-20T21:04:55.928+0300][19660][19092][info ][safepoint] Safepoint "Cleanup", Time since last: 3024103400 ns, Reaching safepoint: 246000 ns, Cleanup: 17600 ns, At safepoint: 12500 ns, Total: 276100 ns
[2025-05-20T21:04:57.057+0300][19660][19092][debug][safepoint] Safepoint synchronization initiated using striped semaphore wait barrier. (32 threads)
[2025-05-20T21:04:57.057+0300][19660][19092][debug][gc,heap  ] GC(6) Heap before GC invocations=7 (full 2):
[2025-05-20T21:04:57.057+0300][19660][19092][debug][gc,heap  ] GC(6)  PSYoungGen      total 1223168K, used 1051584K [0x00000007aab00000, 0x0000000800000000, 0x0000000800000000)
[2025-05-20T21:04:57.057+0300][19660][19092][debug][gc,heap  ] GC(6)   eden space 1048576K, 100% used [0x00000007aab00000,0x00000007eab00000,0x00000007eab00000)
[2025-05-20T21:04:57.057+0300][19660][19092][debug][gc,heap  ] GC(6)   from space 174592K, 1% used [0x00000007f5580000,0x00000007f58700e0,0x0000000800000000)
[2025-05-20T21:04:57.057+0300][19660][19092][debug][gc,heap  ] GC(6)   to   space 174592K, 0% used [0x00000007eab00000,0x00000007eab00000,0x00000007f5580000)
[2025-05-20T21:04:57.057+0300][19660][19092][debug][gc,heap  ] GC(6)  ParOldGen       total 2796544K, used 13744K [0x0000000700000000, 0x00000007aab00000, 0x00000007aab00000)
[2025-05-20T21:04:57.057+0300][19660][19092][debug][gc,heap  ] GC(6)   object space 2796544K, 0% used [0x0000000700000000,0x0000000700d6c0f8,0x00000007aab00000)
[2025-05-20T21:04:57.057+0300][19660][19092][debug][gc,heap  ] GC(6)  Metaspace       used 34490K, committed 35392K, reserved 1114112K
[2025-05-20T21:04:57.057+0300][19660][19092][debug][gc,heap  ] GC(6)   class space    used 2942K, committed 3328K, reserved 1048576K
[2025-05-20T21:04:57.060+0300][19660][19092][debug][gc,phases] GC(6) Scavenge 3.381ms
[2025-05-20T21:04:57.060+0300][19660][19092][debug][gc,phases] GC(6) Reference Processing 0.066ms
[2025-05-20T21:04:57.060+0300][19660][19092][debug][gc,phases] GC(6)   VM Weak                        Min:  0.0, Avg:  0.0, Max:  0.0, Diff:  0.0, Sum:  0.0, Workers: 8
[2025-05-20T21:04:57.060+0300][19660][19092][debug][gc,phases] GC(6)     Dead                           Min: 0, Avg:  0.0, Max: 0, Diff: 0, Sum: 0, Workers: 8
[2025-05-20T21:04:57.060+0300][19660][19092][debug][gc,phases] GC(6)     Total                          Min: 0, Avg: 69.4, Max: 256, Diff: 256, Sum: 555, Workers: 8
[2025-05-20T21:04:57.060+0300][19660][19092][debug][gc,phases] GC(6)   ObjectSynchronizer Weak        Min:  0.0, Avg:  0.0, Max:  0.0, Diff:  0.0, Sum:  0.0, Workers: 8
[2025-05-20T21:04:57.060+0300][19660][19092][debug][gc,phases] GC(6)     Dead                           Min: 0, Avg:  0.0, Max: 0, Diff: 0, Sum: 0, Workers: 8
[2025-05-20T21:04:57.060+0300][19660][19092][debug][gc,phases] GC(6)     Total                          Min: 0, Avg:  5.5, Max: 33, Diff: 33, Sum: 44, Workers: 8
[2025-05-20T21:04:57.060+0300][19660][19092][debug][gc,phases] GC(6)   JVMTI Tag Weak OopStorage      Min:  0.0, Avg:  0.0, Max:  0.0, Diff:  0.0, Sum:  0.0, Workers: 8
[2025-05-20T21:04:57.060+0300][19660][19092][debug][gc,phases] GC(6)     Dead                           Min: 0, Avg:  0.0, Max: 0, Diff: 0, Sum: 0, Workers: 8
[2025-05-20T21:04:57.060+0300][19660][19092][debug][gc,phases] GC(6)     Total                          Min: 0, Avg:  0.0, Max: 0, Diff: 0, Sum: 0, Workers: 8
[2025-05-20T21:04:57.060+0300][19660][19092][debug][gc,phases] GC(6)   StringTable Weak               Min:  0.0, Avg:  0.1, Max:  0.1, Diff:  0.1, Sum:  0.4, Workers: 8
[2025-05-20T21:04:57.060+0300][19660][19092][debug][gc,phases] GC(6)     Dead                           Min: 0, Avg:  0.0, Max: 0, Diff: 0, Sum: 0, Workers: 8
[2025-05-20T21:04:57.060+0300][19660][19092][debug][gc,phases] GC(6)     Total                          Min: 0, Avg: 3446.8, Max: 11446, Diff: 11446, Sum: 27574, Workers: 8
[2025-05-20T21:04:57.060+0300][19660][19092][debug][gc,phases] GC(6)   ResolvedMethodTable Weak       Min:  0.0, Avg:  0.0, Max:  0.0, Diff:  0.0, Sum:  0.0, Workers: 8
[2025-05-20T21:04:57.060+0300][19660][19092][debug][gc,phases] GC(6)     Dead                           Min: 0, Avg:  0.0, Max: 0, Diff: 0, Sum: 0, Workers: 8
[2025-05-20T21:04:57.060+0300][19660][19092][debug][gc,phases] GC(6)     Total                          Min: 0, Avg: 212.8, Max: 448, Diff: 448, Sum: 1702, Workers: 8
[2025-05-20T21:04:57.060+0300][19660][19092][debug][gc,phases] GC(6)   JNI Weak                       Min:  0.0, Avg:  0.0, Max:  0.0, Diff:  0.0, Sum:  0.0, Workers: 8
[2025-05-20T21:04:57.060+0300][19660][19092][debug][gc,phases] GC(6)     Dead                           Min: 0, Avg:  0.0, Max: 0, Diff: 0, Sum: 0, Workers: 8
[2025-05-20T21:04:57.060+0300][19660][19092][debug][gc,phases] GC(6)     Total                          Min: 0, Avg:  0.0, Max: 0, Diff: 0, Sum: 0, Workers: 8
[2025-05-20T21:04:57.060+0300][19660][19092][debug][gc,phases] GC(6)   StringDedup Table Weak         Min:  0.0, Avg:  0.0, Max:  0.0, Diff:  0.0, Sum:  0.0, Workers: 8
[2025-05-20T21:04:57.060+0300][19660][19092][debug][gc,phases] GC(6)     Dead                           Min: 0, Avg:  0.0, Max: 0, Diff: 0, Sum: 0, Workers: 8
[2025-05-20T21:04:57.060+0300][19660][19092][debug][gc,phases] GC(6)     Total                          Min: 0, Avg:  0.0, Max: 0, Diff: 0, Sum: 0, Workers: 8
[2025-05-20T21:04:57.060+0300][19660][19092][debug][gc,phases] GC(6)   StringDedup Requests0 Weak     Min:  0.0, Avg:  0.0, Max:  0.0, Diff:  0.0, Sum:  0.0, Workers: 8
[2025-05-20T21:04:57.060+0300][19660][19092][debug][gc,phases] GC(6)     Dead                           Min: 0, Avg:  0.0, Max: 0, Diff: 0, Sum: 0, Workers: 8
[2025-05-20T21:04:57.060+0300][19660][19092][debug][gc,phases] GC(6)     Total                          Min: 0, Avg:  0.0, Max: 0, Diff: 0, Sum: 0, Workers: 8
[2025-05-20T21:04:57.060+0300][19660][19092][debug][gc,phases] GC(6)   StringDedup Requests1 Weak     Min:  0.0, Avg:  0.0, Max:  0.0, Diff:  0.0, Sum:  0.0, Workers: 8
[2025-05-20T21:04:57.060+0300][19660][19092][debug][gc,phases] GC(6)     Dead                           Min: 0, Avg:  0.0, Max: 0, Diff: 0, Sum: 0, Workers: 8
[2025-05-20T21:04:57.060+0300][19660][19092][debug][gc,phases] GC(6)     Total                          Min: 0, Avg:  0.0, Max: 0, Diff: 0, Sum: 0, Workers: 8
[2025-05-20T21:04:57.060+0300][19660][19092][debug][gc,phases] GC(6)   Weak JFR Old Object Samples    Min:  0.0, Avg:  0.0, Max:  0.0, Diff:  0.0, Sum:  0.0, Workers: 8
[2025-05-20T21:04:57.060+0300][19660][19092][debug][gc,phases] GC(6)     Dead                           Min: 0, Avg:  0.0, Max: 0, Diff: 0, Sum: 0, Workers: 8
[2025-05-20T21:04:57.060+0300][19660][19092][debug][gc,phases] GC(6)     Total                          Min: 0, Avg:  0.0, Max: 0, Diff: 0, Sum: 0, Workers: 8
[2025-05-20T21:04:57.060+0300][19660][19092][debug][gc,phases] GC(6) Weak Processing 0.545ms
[2025-05-20T21:04:57.060+0300][19660][19092][info ][gc,heap  ] GC(6) PSYoungGen: 1051584K(1223168K)->3040K(1223168K) Eden: 1048576K(1048576K)->0K(1048576K) From: 3008K(174592K)->3040K(174592K)
[2025-05-20T21:04:57.060+0300][19660][19092][info ][gc,heap  ] GC(6) ParOldGen: 13744K(2796544K)->13752K(2796544K)
[2025-05-20T21:04:57.060+0300][19660][19092][info ][gc       ] GC(6) Pause Young (Allocation Failure) 1040M->16M(3925M) 4.160ms
[2025-05-20T21:04:57.060+0300][19660][19092][debug][gc,heap  ] GC(6) Heap after GC invocations=7 (full 2):
[2025-05-20T21:04:57.060+0300][19660][19092][debug][gc,heap  ] GC(6)  PSYoungGen      total 1223168K, used 3040K [0x00000007aab00000, 0x0000000800000000, 0x0000000800000000)
[2025-05-20T21:04:57.060+0300][19660][19092][debug][gc,heap  ] GC(6)   eden space 1048576K, 0% used [0x00000007aab00000,0x00000007aab00000,0x00000007eab00000)
[2025-05-20T21:04:57.060+0300][19660][19092][debug][gc,heap  ] GC(6)   from space 174592K, 1% used [0x00000007eab00000,0x00000007eadf80e0,0x00000007f5580000)
[2025-05-20T21:04:57.060+0300][19660][19092][debug][gc,heap  ] GC(6)   to   space 174592K, 0% used [0x00000007f5580000,0x00000007f5580000,0x0000000800000000)
[2025-05-20T21:04:57.060+0300][19660][19092][debug][gc,heap  ] GC(6)  ParOldGen       total 2796544K, used 13752K [0x0000000700000000, 0x00000007aab00000, 0x00000007aab00000)
[2025-05-20T21:04:57.060+0300][19660][19092][debug][gc,heap  ] GC(6)   object space 2796544K, 0% used [0x0000000700000000,0x0000000700d6e0f8,0x00000007aab00000)
[2025-05-20T21:04:57.060+0300][19660][19092][debug][gc,heap  ] GC(6)  Metaspace       used 34490K, committed 35392K, reserved 1114112K
[2025-05-20T21:04:57.060+0300][19660][19092][debug][gc,heap  ] GC(6)   class space    used 2942K, committed 3328K, reserved 1048576K
[2025-05-20T21:04:57.060+0300][19660][19092][info ][safepoint] Safepoint "ParallelGCFailedAllocation", Time since last: 1128588600 ns, Reaching safepoint: 45500 ns, Cleanup: 8400 ns, At safepoint: 4386700 ns, Total: 4440600 ns
[2025-05-20T21:05:02.090+0300][19660][19092][debug][safepoint] Safepoint synchronization initiated using striped semaphore wait barrier. (32 threads)
[2025-05-20T21:05:02.090+0300][19660][19092][info ][safepoint] Safepoint "Cleanup", Time since last: 5028067000 ns, Reaching safepoint: 147900 ns, Cleanup: 37600 ns, At safepoint: 24000 ns, Total: 209500 ns
[2025-05-20T21:05:06.125+0300][19660][19092][debug][safepoint] Safepoint synchronization initiated using striped semaphore wait barrier. (32 threads)
[2025-05-20T21:05:06.125+0300][19660][19092][info ][safepoint] Safepoint "Cleanup", Time since last: 4034959200 ns, Reaching safepoint: 175000 ns, Cleanup: 56200 ns, At safepoint: 39000 ns, Total: 270200 ns
[2025-05-20T21:05:14.200+0300][19660][19092][debug][safepoint] Safepoint synchronization initiated using striped semaphore wait barrier. (32 threads)
[2025-05-20T21:05:14.200+0300][19660][18748][debug][safepoint] ... found polling page loop exception at pc = 0x0000020708215569, stub =0x0000020707585600
[2025-05-20T21:05:14.200+0300][19660][19092][info ][safepoint] Safepoint "Cleanup", Time since last: 8075129400 ns, Reaching safepoint: 242000 ns, Cleanup: 30300 ns, At safepoint: 21200 ns, Total: 293500 ns
[2025-05-20T21:05:16.218+0300][19660][19092][debug][safepoint] Safepoint synchronization initiated using striped semaphore wait barrier. (32 threads)
[2025-05-20T21:05:16.218+0300][19660][19092][info ][safepoint] Safepoint "Cleanup", Time since last: 2017204600 ns, Reaching safepoint: 180100 ns, Cleanup: 37900 ns, At safepoint: 20900 ns, Total: 238900 ns
[2025-05-20T21:05:21.955+0300][19660][19092][debug][safepoint] Safepoint synchronization initiated using striped semaphore wait barrier. (32 threads)
[2025-05-20T21:05:21.955+0300][19660][17308][debug][safepoint] ... found polling page loop exception at pc = 0x000002070806b0af, stub =0x0000020707585600
[2025-05-20T21:05:21.955+0300][19660][19092][info ][safepoint] Safepoint "Cleanup", Time since last: 5737402600 ns, Reaching safepoint: 323600 ns, Cleanup: 37700 ns, At safepoint: 31500 ns, Total: 392800 ns
[2025-05-20T21:05:24.981+0300][19660][19092][debug][safepoint] Safepoint synchronization initiated using striped semaphore wait barrier. (32 threads)
[2025-05-20T21:05:24.981+0300][19660][19092][info ][safepoint] Safepoint "Cleanup", Time since last: 3025718500 ns, Reaching safepoint: 225400 ns, Cleanup: 37500 ns, At safepoint: 27500 ns, Total: 290400 ns
[2025-05-20T21:05:26.986+0300][19660][19092][debug][safepoint] Safepoint synchronization initiated using striped semaphore wait barrier. (32 threads)
[2025-05-20T21:05:26.986+0300][19660][19092][info ][safepoint] Safepoint "Cleanup", Time since last: 2004634000 ns, Reaching safepoint: 116400 ns, Cleanup: 33800 ns, At safepoint: 3900 ns, Total: 154100 ns
[2025-05-20T21:05:31.014+0300][19660][19092][debug][safepoint] Safepoint synchronization initiated using striped semaphore wait barrier. (32 threads)
[2025-05-20T21:05:31.014+0300][19660][19092][info ][safepoint] Safepoint "Cleanup", Time since last: 4027204900 ns, Reaching safepoint: 168800 ns, Cleanup: 39600 ns, At safepoint: 15800 ns, Total: 224200 ns
[2025-05-20T21:05:31.971+0300][19660][19092][debug][safepoint] Safepoint synchronization initiated using striped semaphore wait barrier. (32 threads)
[2025-05-20T21:05:31.971+0300][19660][19092][debug][gc,heap  ] GC(7) Heap before GC invocations=8 (full 2):
[2025-05-20T21:05:31.971+0300][19660][19092][debug][gc,heap  ] GC(7)  PSYoungGen      total 1223168K, used 1051616K [0x00000007aab00000, 0x0000000800000000, 0x0000000800000000)
[2025-05-20T21:05:31.971+0300][19660][19092][debug][gc,heap  ] GC(7)   eden space 1048576K, 100% used [0x00000007aab00000,0x00000007eab00000,0x00000007eab00000)
[2025-05-20T21:05:31.971+0300][19660][19092][debug][gc,heap  ] GC(7)   from space 174592K, 1% used [0x00000007eab00000,0x00000007eadf80e0,0x00000007f5580000)
[2025-05-20T21:05:31.971+0300][19660][19092][debug][gc,heap  ] GC(7)   to   space 174592K, 0% used [0x00000007f5580000,0x00000007f5580000,0x0000000800000000)
[2025-05-20T21:05:31.971+0300][19660][19092][debug][gc,heap  ] GC(7)  ParOldGen       total 2796544K, used 13752K [0x0000000700000000, 0x00000007aab00000, 0x00000007aab00000)
[2025-05-20T21:05:31.971+0300][19660][19092][debug][gc,heap  ] GC(7)   object space 2796544K, 0% used [0x0000000700000000,0x0000000700d6e0f8,0x00000007aab00000)
[2025-05-20T21:05:31.971+0300][19660][19092][debug][gc,heap  ] GC(7)  Metaspace       used 34521K, committed 35456K, reserved 1114112K
[2025-05-20T21:05:31.971+0300][19660][19092][debug][gc,heap  ] GC(7)   class space    used 2943K, committed 3328K, reserved 1048576K
[2025-05-20T21:05:31.975+0300][19660][19092][debug][gc,phases] GC(7) Scavenge 6.219ms
[2025-05-20T21:05:31.975+0300][19660][19092][debug][gc,phases] GC(7) Reference Processing 0.049ms
[2025-05-20T21:05:31.975+0300][19660][19092][debug][gc,phases] GC(7)   VM Weak                        Min:  0.0, Avg:  0.0, Max:  0.0, Diff:  0.0, Sum:  0.0, Workers: 8
[2025-05-20T21:05:31.975+0300][19660][19092][debug][gc,phases] GC(7)     Dead                           Min: 0, Avg:  0.0, Max: 0, Diff: 0, Sum: 0, Workers: 8
[2025-05-20T21:05:31.975+0300][19660][19092][debug][gc,phases] GC(7)     Total                          Min: 0, Avg: 69.4, Max: 427, Diff: 427, Sum: 555, Workers: 8
[2025-05-20T21:05:31.975+0300][19660][19092][debug][gc,phases] GC(7)   ObjectSynchronizer Weak        Min:  0.0, Avg:  0.0, Max:  0.0, Diff:  0.0, Sum:  0.0, Workers: 8
[2025-05-20T21:05:31.975+0300][19660][19092][debug][gc,phases] GC(7)     Dead                           Min: 0, Avg:  0.0, Max: 0, Diff: 0, Sum: 0, Workers: 8
[2025-05-20T21:05:31.975+0300][19660][19092][debug][gc,phases] GC(7)     Total                          Min: 0, Avg:  4.2, Max: 33, Diff: 33, Sum: 34, Workers: 8
[2025-05-20T21:05:31.975+0300][19660][19092][debug][gc,phases] GC(7)   JVMTI Tag Weak OopStorage      Min:  0.0, Avg:  0.0, Max:  0.0, Diff:  0.0, Sum:  0.0, Workers: 8
[2025-05-20T21:05:31.975+0300][19660][19092][debug][gc,phases] GC(7)     Dead                           Min: 0, Avg:  0.0, Max: 0, Diff: 0, Sum: 0, Workers: 8
[2025-05-20T21:05:31.975+0300][19660][19092][debug][gc,phases] GC(7)     Total                          Min: 0, Avg:  0.0, Max: 0, Diff: 0, Sum: 0, Workers: 8
[2025-05-20T21:05:31.975+0300][19660][19092][debug][gc,phases] GC(7)   StringTable Weak               Min:  0.0, Avg:  0.0, Max:  0.1, Diff:  0.1, Sum:  0.3, Workers: 8
[2025-05-20T21:05:31.975+0300][19660][19092][debug][gc,phases] GC(7)     Dead                           Min: 0, Avg:  0.0, Max: 0, Diff: 0, Sum: 0, Workers: 8
[2025-05-20T21:05:31.975+0300][19660][19092][debug][gc,phases] GC(7)     Total                          Min: 0, Avg: 3451.0, Max: 8384, Diff: 8384, Sum: 27608, Workers: 8
[2025-05-20T21:05:31.975+0300][19660][19092][debug][gc,phases] GC(7)   ResolvedMethodTable Weak       Min:  0.0, Avg:  0.0, Max:  0.0, Diff:  0.0, Sum:  0.0, Workers: 8
[2025-05-20T21:05:31.975+0300][19660][19092][debug][gc,phases] GC(7)     Dead                           Min: 0, Avg:  0.0, Max: 0, Diff: 0, Sum: 0, Workers: 8
[2025-05-20T21:05:31.975+0300][19660][19092][debug][gc,phases] GC(7)     Total                          Min: 0, Avg: 212.8, Max: 448, Diff: 448, Sum: 1702, Workers: 8
[2025-05-20T21:05:31.975+0300][19660][19092][debug][gc,phases] GC(7)   JNI Weak                       Min:  0.0, Avg:  0.0, Max:  0.0, Diff:  0.0, Sum:  0.0, Workers: 8
[2025-05-20T21:05:31.975+0300][19660][19092][debug][gc,phases] GC(7)     Dead                           Min: 0, Avg:  0.0, Max: 0, Diff: 0, Sum: 0, Workers: 8
[2025-05-20T21:05:31.975+0300][19660][19092][debug][gc,phases] GC(7)     Total                          Min: 0, Avg:  0.0, Max: 0, Diff: 0, Sum: 0, Workers: 8
[2025-05-20T21:05:31.975+0300][19660][19092][debug][gc,phases] GC(7)   StringDedup Table Weak         Min:  0.0, Avg:  0.0, Max:  0.0, Diff:  0.0, Sum:  0.0, Workers: 8
[2025-05-20T21:05:31.975+0300][19660][19092][debug][gc,phases] GC(7)     Dead                           Min: 0, Avg:  0.0, Max: 0, Diff: 0, Sum: 0, Workers: 8
[2025-05-20T21:05:31.975+0300][19660][19092][debug][gc,phases] GC(7)     Total                          Min: 0, Avg:  0.0, Max: 0, Diff: 0, Sum: 0, Workers: 8
[2025-05-20T21:05:31.975+0300][19660][19092][debug][gc,phases] GC(7)   StringDedup Requests0 Weak     Min:  0.0, Avg:  0.0, Max:  0.0, Diff:  0.0, Sum:  0.0, Workers: 8
[2025-05-20T21:05:31.975+0300][19660][19092][debug][gc,phases] GC(7)     Dead                           Min: 0, Avg:  0.0, Max: 0, Diff: 0, Sum: 0, Workers: 8
[2025-05-20T21:05:31.975+0300][19660][19092][debug][gc,phases] GC(7)     Total                          Min: 0, Avg:  0.0, Max: 0, Diff: 0, Sum: 0, Workers: 8
[2025-05-20T21:05:31.975+0300][19660][19092][debug][gc,phases] GC(7)   StringDedup Requests1 Weak     Min:  0.0, Avg:  0.0, Max:  0.0, Diff:  0.0, Sum:  0.0, Workers: 8
[2025-05-20T21:05:31.975+0300][19660][19092][debug][gc,phases] GC(7)     Dead                           Min: 0, Avg:  0.0, Max: 0, Diff: 0, Sum: 0, Workers: 8
[2025-05-20T21:05:31.975+0300][19660][19092][debug][gc,phases] GC(7)     Total                          Min: 0, Avg:  0.0, Max: 0, Diff: 0, Sum: 0, Workers: 8
[2025-05-20T21:05:31.975+0300][19660][19092][debug][gc,phases] GC(7)   Weak JFR Old Object Samples    Min:  0.0, Avg:  0.0, Max:  0.0, Diff:  0.0, Sum:  0.0, Workers: 8
[2025-05-20T21:05:31.975+0300][19660][19092][debug][gc,phases] GC(7)     Dead                           Min: 0, Avg:  0.0, Max: 0, Diff: 0, Sum: 0, Workers: 8
[2025-05-20T21:05:31.975+0300][19660][19092][debug][gc,phases] GC(7)     Total                          Min: 0, Avg:  0.0, Max: 0, Diff: 0, Sum: 0, Workers: 8
[2025-05-20T21:05:31.975+0300][19660][19092][debug][gc,phases] GC(7) Weak Processing 0.443ms
[2025-05-20T21:05:31.975+0300][19660][19092][info ][gc,heap  ] GC(7) PSYoungGen: 1051616K(1223168K)->3008K(1388032K) Eden: 1048576K(1048576K)->0K(1213440K) From: 3040K(174592K)->3008K(174592K)
[2025-05-20T21:05:31.975+0300][19660][19092][info ][gc,heap  ] GC(7) ParOldGen: 13752K(2796544K)->13769K(2796544K)
[2025-05-20T21:05:31.975+0300][19660][19092][info ][gc       ] GC(7) Pause Young (Allocation Failure) 1040M->16M(4086M) 6.833ms
[2025-05-20T21:05:31.975+0300][19660][19092][debug][gc,heap  ] GC(7) Heap after GC invocations=8 (full 2):
[2025-05-20T21:05:31.975+0300][19660][19092][debug][gc,heap  ] GC(7)  PSYoungGen      total 1388032K, used 3008K [0x00000007aab00000, 0x0000000800000000, 0x0000000800000000)
[2025-05-20T21:05:31.975+0300][19660][19092][debug][gc,heap  ] GC(7)   eden space 1213440K, 0% used [0x00000007aab00000,0x00000007aab00000,0x00000007f4c00000)
[2025-05-20T21:05:31.975+0300][19660][19092][debug][gc,heap  ] GC(7)   from space 174592K, 1% used [0x00000007f5580000,0x00000007f5870100,0x0000000800000000)
[2025-05-20T21:05:31.975+0300][19660][19092][debug][gc,heap  ] GC(7)   to   space 9728K, 0% used [0x00000007f4c00000,0x00000007f4c00000,0x00000007f5580000)
[2025-05-20T21:05:31.975+0300][19660][19092][debug][gc,heap  ] GC(7)  ParOldGen       total 2796544K, used 13769K [0x0000000700000000, 0x00000007aab00000, 0x00000007aab00000)
[2025-05-20T21:05:31.975+0300][19660][19092][debug][gc,heap  ] GC(7)   object space 2796544K, 0% used [0x0000000700000000,0x0000000700d72798,0x00000007aab00000)
[2025-05-20T21:05:31.975+0300][19660][19092][debug][gc,heap  ] GC(7)  Metaspace       used 34521K, committed 35456K, reserved 1114112K
[2025-05-20T21:05:31.975+0300][19660][19092][debug][gc,heap  ] GC(7)   class space    used 2943K, committed 3328K, reserved 1048576K
[2025-05-20T21:05:31.975+0300][19660][19092][info ][safepoint] Safepoint "ParallelGCFailedAllocation", Time since last: 957823100 ns, Reaching safepoint: 328300 ns, Cleanup: 24900 ns, At safepoint: 7367000 ns, Total: 7720200 ns
[2025-05-20T21:05:38.024+0300][19660][19092][debug][safepoint] Safepoint synchronization initiated using striped semaphore wait barrier. (32 threads)
[2025-05-20T21:05:38.024+0300][19660][2288 ][debug][safepoint] ... found polling page loop exception at pc = 0x0000020707fb2b50, stub =0x0000020707585600
[2025-05-20T21:05:38.024+0300][19660][19092][info ][safepoint] Safepoint "Cleanup", Time since last: 6044854600 ns, Reaching safepoint: 296600 ns, Cleanup: 41000 ns, At safepoint: 21300 ns, Total: 358900 ns
[2025-05-20T21:05:39.026+0300][19660][19092][debug][safepoint] Safepoint synchronization initiated using striped semaphore wait barrier. (32 threads)
[2025-05-20T21:05:39.026+0300][19660][19092][info ][safepoint] Safepoint "Cleanup", Time since last: 1000738800 ns, Reaching safepoint: 94800 ns, Cleanup: 22300 ns, At safepoint: 8300 ns, Total: 125400 ns
[2025-05-20T21:05:45.069+0300][19660][19092][debug][safepoint] Safepoint synchronization initiated using striped semaphore wait barrier. (32 threads)
[2025-05-20T21:05:45.069+0300][19660][19092][info ][safepoint] Safepoint "Cleanup", Time since last: 6043186200 ns, Reaching safepoint: 157200 ns, Cleanup: 20000 ns, At safepoint: 10100 ns, Total: 187300 ns
[2025-05-20T21:05:50.119+0300][19660][19092][debug][safepoint] Safepoint synchronization initiated using striped semaphore wait barrier. (32 threads)
[2025-05-20T21:05:50.119+0300][19660][19092][info ][safepoint] Safepoint "Cleanup", Time since last: 5049581000 ns, Reaching safepoint: 147000 ns, Cleanup: 35400 ns, At safepoint: 45100 ns, Total: 227500 ns
[2025-05-20T21:06:02.191+0300][19660][19092][debug][safepoint] Safepoint synchronization initiated using striped semaphore wait barrier. (32 threads)
[2025-05-20T21:06:02.191+0300][19660][19092][info ][safepoint] Safepoint "Cleanup", Time since last: 12072417800 ns, Reaching safepoint: 140300 ns, Cleanup: 30200 ns, At safepoint: 3800 ns, Total: 174300 ns
[2025-05-20T21:06:12.257+0300][19660][19092][debug][safepoint] Safepoint synchronization initiated using striped semaphore wait barrier. (32 threads)
[2025-05-20T21:06:12.257+0300][19660][19092][info ][safepoint] Safepoint "Cleanup", Time since last: 10065499300 ns, Reaching safepoint: 104400 ns, Cleanup: 18800 ns, At safepoint: 16400 ns, Total: 139600 ns
[2025-05-20T21:06:12.650+0300][19660][19092][debug][safepoint] Safepoint synchronization initiated using striped semaphore wait barrier. (32 threads)
[2025-05-20T21:06:12.651+0300][19660][18748][debug][safepoint] ... found polling page loop exception at pc = 0x00000207082cf0d8, stub =0x0000020707585600
[2025-05-20T21:06:12.651+0300][19660][19092][debug][gc,heap  ] GC(8) Heap before GC invocations=9 (full 2):
[2025-05-20T21:06:12.651+0300][19660][19092][debug][gc,heap  ] GC(8)  PSYoungGen      total 1388032K, used 1216448K [0x00000007aab00000, 0x0000000800000000, 0x0000000800000000)
[2025-05-20T21:06:12.651+0300][19660][19092][debug][gc,heap  ] GC(8)   eden space 1213440K, 100% used [0x00000007aab00000,0x00000007f4c00000,0x00000007f4c00000)
[2025-05-20T21:06:12.651+0300][19660][19092][debug][gc,heap  ] GC(8)   from space 174592K, 1% used [0x00000007f5580000,0x00000007f5870100,0x0000000800000000)
[2025-05-20T21:06:12.651+0300][19660][19092][debug][gc,heap  ] GC(8)   to   space 9728K, 0% used [0x00000007f4c00000,0x00000007f4c00000,0x00000007f5580000)
[2025-05-20T21:06:12.651+0300][19660][19092][debug][gc,heap  ] GC(8)  ParOldGen       total 2796544K, used 13769K [0x0000000700000000, 0x00000007aab00000, 0x00000007aab00000)
[2025-05-20T21:06:12.651+0300][19660][19092][debug][gc,heap  ] GC(8)   object space 2796544K, 0% used [0x0000000700000000,0x0000000700d72798,0x00000007aab00000)
[2025-05-20T21:06:12.651+0300][19660][19092][debug][gc,heap  ] GC(8)  Metaspace       used 34542K, committed 35456K, reserved 1114112K
[2025-05-20T21:06:12.651+0300][19660][19092][debug][gc,heap  ] GC(8)   class space    used 2943K, committed 3328K, reserved 1048576K
[2025-05-20T21:06:12.654+0300][19660][19092][debug][gc,phases] GC(8) Scavenge 5.567ms
[2025-05-20T21:06:12.654+0300][19660][19092][debug][gc,phases] GC(8) Reference Processing 0.044ms
[2025-05-20T21:06:12.654+0300][19660][19092][debug][gc,phases] GC(8)   VM Weak                        Min:  0.0, Avg:  0.0, Max:  0.0, Diff:  0.0, Sum:  0.0, Workers: 8
[2025-05-20T21:06:12.654+0300][19660][19092][debug][gc,phases] GC(8)     Dead                           Min: 0, Avg:  0.0, Max: 0, Diff: 0, Sum: 0, Workers: 8
[2025-05-20T21:06:12.654+0300][19660][19092][debug][gc,phases] GC(8)     Total                          Min: 0, Avg: 69.4, Max: 427, Diff: 427, Sum: 555, Workers: 8
[2025-05-20T21:06:12.654+0300][19660][19092][debug][gc,phases] GC(8)   ObjectSynchronizer Weak        Min:  0.0, Avg:  0.0, Max:  0.0, Diff:  0.0, Sum:  0.0, Workers: 8
[2025-05-20T21:06:12.654+0300][19660][19092][debug][gc,phases] GC(8)     Dead                           Min: 0, Avg:  0.0, Max: 0, Diff: 0, Sum: 0, Workers: 8
[2025-05-20T21:06:12.654+0300][19660][19092][debug][gc,phases] GC(8)     Total                          Min: 0, Avg:  7.6, Max: 60, Diff: 60, Sum: 61, Workers: 8
[2025-05-20T21:06:12.654+0300][19660][19092][debug][gc,phases] GC(8)   JVMTI Tag Weak OopStorage      Min:  0.0, Avg:  0.0, Max:  0.0, Diff:  0.0, Sum:  0.0, Workers: 8
[2025-05-20T21:06:12.654+0300][19660][19092][debug][gc,phases] GC(8)     Dead                           Min: 0, Avg:  0.0, Max: 0, Diff: 0, Sum: 0, Workers: 8
[2025-05-20T21:06:12.654+0300][19660][19092][debug][gc,phases] GC(8)     Total                          Min: 0, Avg:  0.0, Max: 0, Diff: 0, Sum: 0, Workers: 8
[2025-05-20T21:06:12.654+0300][19660][19092][debug][gc,phases] GC(8)   StringTable Weak               Min:  0.0, Avg:  0.0, Max:  0.1, Diff:  0.1, Sum:  0.3, Workers: 8
[2025-05-20T21:06:12.654+0300][19660][19092][debug][gc,phases] GC(8)     Dead                           Min: 0, Avg:  0.0, Max: 0, Diff: 0, Sum: 0, Workers: 8
[2025-05-20T21:06:12.654+0300][19660][19092][debug][gc,phases] GC(8)     Total                          Min: 0, Avg: 3453.6, Max: 12224, Diff: 12224, Sum: 27629, Workers: 8
[2025-05-20T21:06:12.654+0300][19660][19092][debug][gc,phases] GC(8)   ResolvedMethodTable Weak       Min:  0.0, Avg:  0.0, Max:  0.0, Diff:  0.0, Sum:  0.0, Workers: 8
[2025-05-20T21:06:12.654+0300][19660][19092][debug][gc,phases] GC(8)     Dead                           Min: 0, Avg:  0.0, Max: 0, Diff: 0, Sum: 0, Workers: 8
[2025-05-20T21:06:12.654+0300][19660][19092][debug][gc,phases] GC(8)     Total                          Min: 0, Avg: 212.8, Max: 448, Diff: 448, Sum: 1702, Workers: 8
[2025-05-20T21:06:12.654+0300][19660][19092][debug][gc,phases] GC(8)   JNI Weak                       Min:  0.0, Avg:  0.0, Max:  0.0, Diff:  0.0, Sum:  0.0, Workers: 8
[2025-05-20T21:06:12.654+0300][19660][19092][debug][gc,phases] GC(8)     Dead                           Min: 0, Avg:  0.0, Max: 0, Diff: 0, Sum: 0, Workers: 8
[2025-05-20T21:06:12.654+0300][19660][19092][debug][gc,phases] GC(8)     Total                          Min: 0, Avg:  0.0, Max: 0, Diff: 0, Sum: 0, Workers: 8
[2025-05-20T21:06:12.654+0300][19660][19092][debug][gc,phases] GC(8)   StringDedup Table Weak         Min:  0.0, Avg:  0.0, Max:  0.0, Diff:  0.0, Sum:  0.0, Workers: 8
[2025-05-20T21:06:12.654+0300][19660][19092][debug][gc,phases] GC(8)     Dead                           Min: 0, Avg:  0.0, Max: 0, Diff: 0, Sum: 0, Workers: 8
[2025-05-20T21:06:12.654+0300][19660][19092][debug][gc,phases] GC(8)     Total                          Min: 0, Avg:  0.0, Max: 0, Diff: 0, Sum: 0, Workers: 8
[2025-05-20T21:06:12.654+0300][19660][19092][debug][gc,phases] GC(8)   StringDedup Requests0 Weak     Min:  0.0, Avg:  0.0, Max:  0.0, Diff:  0.0, Sum:  0.0, Workers: 8
[2025-05-20T21:06:12.654+0300][19660][19092][debug][gc,phases] GC(8)     Dead                           Min: 0, Avg:  0.0, Max: 0, Diff: 0, Sum: 0, Workers: 8
[2025-05-20T21:06:12.654+0300][19660][19092][debug][gc,phases] GC(8)     Total                          Min: 0, Avg:  0.0, Max: 0, Diff: 0, Sum: 0, Workers: 8
[2025-05-20T21:06:12.654+0300][19660][19092][debug][gc,phases] GC(8)   StringDedup Requests1 Weak     Min:  0.0, Avg:  0.0, Max:  0.0, Diff:  0.0, Sum:  0.0, Workers: 8
[2025-05-20T21:06:12.654+0300][19660][19092][debug][gc,phases] GC(8)     Dead                           Min: 0, Avg:  0.0, Max: 0, Diff: 0, Sum: 0, Workers: 8
[2025-05-20T21:06:12.654+0300][19660][19092][debug][gc,phases] GC(8)     Total                          Min: 0, Avg:  0.0, Max: 0, Diff: 0, Sum: 0, Workers: 8
[2025-05-20T21:06:12.654+0300][19660][19092][debug][gc,phases] GC(8)   Weak JFR Old Object Samples    Min:  0.0, Avg:  0.0, Max:  0.0, Diff:  0.0, Sum:  0.0, Workers: 8
[2025-05-20T21:06:12.654+0300][19660][19092][debug][gc,phases] GC(8)     Dead                           Min: 0, Avg:  0.0, Max: 0, Diff: 0, Sum: 0, Workers: 8
[2025-05-20T21:06:12.654+0300][19660][19092][debug][gc,phases] GC(8)     Total                          Min: 0, Avg:  0.0, Max: 0, Diff: 0, Sum: 0, Workers: 8
[2025-05-20T21:06:12.654+0300][19660][19092][debug][gc,phases] GC(8) Weak Processing 0.434ms
[2025-05-20T21:06:12.654+0300][19660][19092][info ][gc,heap  ] GC(8) PSYoungGen: 1216448K(1388032K)->3056K(1223168K) Eden: 1213440K(1213440K)->0K(1213440K) From: 3008K(174592K)->3056K(9728K)
[2025-05-20T21:06:12.654+0300][19660][19092][info ][gc,heap  ] GC(8) ParOldGen: 13769K(2796544K)->13777K(2796544K)
[2025-05-20T21:06:12.654+0300][19660][19092][info ][gc       ] GC(8) Pause Young (Allocation Failure) 1201M->16M(3925M) 6.165ms
[2025-05-20T21:06:12.654+0300][19660][19092][debug][gc,heap  ] GC(8) Heap after GC invocations=9 (full 2):
[2025-05-20T21:06:12.654+0300][19660][19092][debug][gc,heap  ] GC(8)  PSYoungGen      total 1223168K, used 3056K [0x00000007aab00000, 0x0000000800000000, 0x0000000800000000)
[2025-05-20T21:06:12.654+0300][19660][19092][debug][gc,heap  ] GC(8)   eden space 1213440K, 0% used [0x00000007aab00000,0x00000007aab00000,0x00000007f4c00000)
[2025-05-20T21:06:12.654+0300][19660][19092][debug][gc,heap  ] GC(8)   from space 9728K, 31% used [0x00000007f4c00000,0x00000007f4efc130,0x00000007f5580000)
[2025-05-20T21:06:12.654+0300][19660][19092][debug][gc,heap  ] GC(8)   to   space 9216K, 0% used [0x00000007ff700000,0x00000007ff700000,0x0000000800000000)
[2025-05-20T21:06:12.654+0300][19660][19092][debug][gc,heap  ] GC(8)  ParOldGen       total 2796544K, used 13777K [0x0000000700000000, 0x00000007aab00000, 0x00000007aab00000)
[2025-05-20T21:06:12.654+0300][19660][19092][debug][gc,heap  ] GC(8)   object space 2796544K, 0% used [0x0000000700000000,0x0000000700d74798,0x00000007aab00000)
[2025-05-20T21:06:12.654+0300][19660][19092][debug][gc,heap  ] GC(8)  Metaspace       used 34542K, committed 35456K, reserved 1114112K
[2025-05-20T21:06:12.654+0300][19660][19092][debug][gc,heap  ] GC(8)   class space    used 2943K, committed 3328K, reserved 1048576K
[2025-05-20T21:06:12.654+0300][19660][19092][info ][safepoint] Safepoint "ParallelGCFailedAllocation", Time since last: 393918100 ns, Reaching safepoint: 368200 ns, Cleanup: 27800 ns, At safepoint: 6644600 ns, Total: 7040600 ns
[2025-05-20T21:06:13.658+0300][19660][19092][debug][safepoint] Safepoint synchronization initiated using striped semaphore wait barrier. (32 threads)
[2025-05-20T21:06:13.658+0300][19660][19092][info ][safepoint] Safepoint "Cleanup", Time since last: 1000543600 ns, Reaching safepoint: 170200 ns, Cleanup: 42100 ns, At safepoint: 38200 ns, Total: 250500 ns
[2025-05-20T21:06:16.690+0300][19660][19092][debug][safepoint] Safepoint synchronization initiated using striped semaphore wait barrier. (32 threads)
[2025-05-20T21:06:16.691+0300][19660][17284][debug][safepoint] ... found polling page loop exception at pc = 0x00000207084b1098, stub =0x0000020707585600
[2025-05-20T21:06:16.691+0300][19660][19092][info ][safepoint] Safepoint "Cleanup", Time since last: 3031448000 ns, Reaching safepoint: 306900 ns, Cleanup: 18300 ns, At safepoint: 29500 ns, Total: 354700 ns
[2025-05-20T21:06:18.107+0300][19660][2288 ][debug][safepoint] ... found polling page loop exception at pc = 0x000002070809992d, stub =0x0000020707585600
[2025-05-20T21:06:31.135+0300][19660][19092][debug][safepoint] Safepoint synchronization initiated using striped semaphore wait barrier. (24 threads)
[2025-05-20T21:06:31.135+0300][19660][19092][debug][gc,heap  ] GC(9) Heap before GC invocations=10 (full 2):
[2025-05-20T21:06:31.135+0300][19660][19092][debug][gc,heap  ] GC(9)  PSYoungGen      total 1223168K, used 571450K [0x00000007aab00000, 0x0000000800000000, 0x0000000800000000)
[2025-05-20T21:06:31.135+0300][19660][19092][debug][gc,heap  ] GC(9)   eden space 1213440K, 46% used [0x00000007aab00000,0x00000007cd612960,0x00000007f4c00000)
[2025-05-20T21:06:31.135+0300][19660][19092][debug][gc,heap  ] GC(9)   from space 9728K, 31% used [0x00000007f4c00000,0x00000007f4efc130,0x00000007f5580000)
[2025-05-20T21:06:31.135+0300][19660][19092][debug][gc,heap  ] GC(9)   to   space 9216K, 0% used [0x00000007ff700000,0x00000007ff700000,0x0000000800000000)
[2025-05-20T21:06:31.135+0300][19660][19092][debug][gc,heap  ] GC(9)  ParOldGen       total 2796544K, used 13777K [0x0000000700000000, 0x00000007aab00000, 0x00000007aab00000)
[2025-05-20T21:06:31.135+0300][19660][19092][debug][gc,heap  ] GC(9)   object space 2796544K, 0% used [0x0000000700000000,0x0000000700d74798,0x00000007aab00000)
[2025-05-20T21:06:31.135+0300][19660][19092][debug][gc,heap  ] GC(9)  Metaspace       used 34650K, committed 35584K, reserved 1114112K
[2025-05-20T21:06:31.135+0300][19660][19092][debug][gc,heap  ] GC(9)   class space    used 2951K, committed 3328K, reserved 1048576K
[2025-05-20T21:06:31.135+0300][19660][19092][debug][gc,phases] GC(9) Scavenge 3.157ms
[2025-05-20T21:06:31.135+0300][19660][19092][debug][gc,phases] GC(9) Reference Processing 0.035ms
[2025-05-20T21:06:31.135+0300][19660][19092][debug][gc,phases] GC(9)   VM Weak                        Min:  0.0, Avg:  0.0, Max:  0.0, Diff:  0.0, Sum:  0.0, Workers: 8
[2025-05-20T21:06:31.135+0300][19660][19092][debug][gc,phases] GC(9)     Dead                           Min: 0, Avg:  0.0, Max: 0, Diff: 0, Sum: 0, Workers: 8
[2025-05-20T21:06:31.135+0300][19660][19092][debug][gc,phases] GC(9)     Total                          Min: 0, Avg: 69.6, Max: 384, Diff: 384, Sum: 557, Workers: 8
[2025-05-20T21:06:31.135+0300][19660][19092][debug][gc,phases] GC(9)   ObjectSynchronizer Weak        Min:  0.0, Avg:  0.0, Max:  0.0, Diff:  0.0, Sum:  0.0, Workers: 8
[2025-05-20T21:06:31.135+0300][19660][19092][debug][gc,phases] GC(9)     Dead                           Min: 0, Avg:  0.2, Max: 2, Diff: 2, Sum: 2, Workers: 8
[2025-05-20T21:06:31.135+0300][19660][19092][debug][gc,phases] GC(9)     Total                          Min: 0, Avg:  3.5, Max: 28, Diff: 28, Sum: 28, Workers: 8
[2025-05-20T21:06:31.135+0300][19660][19092][debug][gc,phases] GC(9)   JVMTI Tag Weak OopStorage      Min:  0.0, Avg:  0.0, Max:  0.0, Diff:  0.0, Sum:  0.0, Workers: 8
[2025-05-20T21:06:31.135+0300][19660][19092][debug][gc,phases] GC(9)     Dead                           Min: 0, Avg:  0.0, Max: 0, Diff: 0, Sum: 0, Workers: 8
[2025-05-20T21:06:31.135+0300][19660][19092][debug][gc,phases] GC(9)     Total                          Min: 0, Avg:  0.0, Max: 0, Diff: 0, Sum: 0, Workers: 8
[2025-05-20T21:06:31.135+0300][19660][19092][debug][gc,phases] GC(9)   StringTable Weak               Min:  0.0, Avg:  0.0, Max:  0.1, Diff:  0.1, Sum:  0.3, Workers: 8
[2025-05-20T21:06:31.135+0300][19660][19092][debug][gc,phases] GC(9)     Dead                           Min: 0, Avg:  0.1, Max: 1, Diff: 1, Sum: 1, Workers: 8
[2025-05-20T21:06:31.135+0300][19660][19092][debug][gc,phases] GC(9)     Total                          Min: 0, Avg: 3466.2, Max: 8832, Diff: 8832, Sum: 27730, Workers: 8
[2025-05-20T21:06:31.135+0300][19660][19092][debug][gc,phases] GC(9)   ResolvedMethodTable Weak       Min:  0.0, Avg:  0.0, Max:  0.0, Diff:  0.0, Sum:  0.0, Workers: 8
[2025-05-20T21:06:31.135+0300][19660][19092][debug][gc,phases] GC(9)     Dead                           Min: 0, Avg:  0.1, Max: 1, Diff: 1, Sum: 1, Workers: 8
[2025-05-20T21:06:31.135+0300][19660][19092][debug][gc,phases] GC(9)     Total                          Min: 0, Avg: 213.5, Max: 622, Diff: 622, Sum: 1708, Workers: 8
[2025-05-20T21:06:31.135+0300][19660][19092][debug][gc,phases] GC(9)   JNI Weak                       Min:  0.0, Avg:  0.0, Max:  0.0, Diff:  0.0, Sum:  0.0, Workers: 8
[2025-05-20T21:06:31.135+0300][19660][19092][debug][gc,phases] GC(9)     Dead                           Min: 0, Avg:  0.0, Max: 0, Diff: 0, Sum: 0, Workers: 8
[2025-05-20T21:06:31.135+0300][19660][19092][debug][gc,phases] GC(9)     Total                          Min: 0, Avg:  0.2, Max: 2, Diff: 2, Sum: 2, Workers: 8
[2025-05-20T21:06:31.135+0300][19660][19092][debug][gc,phases] GC(9)   StringDedup Table Weak         Min:  0.0, Avg:  0.0, Max:  0.0, Diff:  0.0, Sum:  0.0, Workers: 8
[2025-05-20T21:06:31.135+0300][19660][19092][debug][gc,phases] GC(9)     Dead                           Min: 0, Avg:  0.0, Max: 0, Diff: 0, Sum: 0, Workers: 8
[2025-05-20T21:06:31.135+0300][19660][19092][debug][gc,phases] GC(9)     Total                          Min: 0, Avg:  0.0, Max: 0, Diff: 0, Sum: 0, Workers: 8
[2025-05-20T21:06:31.135+0300][19660][19092][debug][gc,phases] GC(9)   StringDedup Requests0 Weak     Min:  0.0, Avg:  0.0, Max:  0.0, Diff:  0.0, Sum:  0.0, Workers: 8
[2025-05-20T21:06:31.135+0300][19660][19092][debug][gc,phases] GC(9)     Dead                           Min: 0, Avg:  0.0, Max: 0, Diff: 0, Sum: 0, Workers: 8
[2025-05-20T21:06:31.135+0300][19660][19092][debug][gc,phases] GC(9)     Total                          Min: 0, Avg:  0.0, Max: 0, Diff: 0, Sum: 0, Workers: 8
[2025-05-20T21:06:31.135+0300][19660][19092][debug][gc,phases] GC(9)   StringDedup Requests1 Weak     Min:  0.0, Avg:  0.0, Max:  0.0, Diff:  0.0, Sum:  0.0, Workers: 8
[2025-05-20T21:06:31.135+0300][19660][19092][debug][gc,phases] GC(9)     Dead                           Min: 0, Avg:  0.0, Max: 0, Diff: 0, Sum: 0, Workers: 8
[2025-05-20T21:06:31.135+0300][19660][19092][debug][gc,phases] GC(9)     Total                          Min: 0, Avg:  0.0, Max: 0, Diff: 0, Sum: 0, Workers: 8
[2025-05-20T21:06:31.135+0300][19660][19092][debug][gc,phases] GC(9)   Weak JFR Old Object Samples    Min:  0.0, Avg:  0.0, Max:  0.0, Diff:  0.0, Sum:  0.0, Workers: 8
[2025-05-20T21:06:31.135+0300][19660][19092][debug][gc,phases] GC(9)     Dead                           Min: 0, Avg:  0.0, Max: 0, Diff: 0, Sum: 0, Workers: 8
[2025-05-20T21:06:31.135+0300][19660][19092][debug][gc,phases] GC(9)     Total                          Min: 0, Avg:  0.0, Max: 0, Diff: 0, Sum: 0, Workers: 8
[2025-05-20T21:06:31.135+0300][19660][19092][debug][gc,phases] GC(9) Weak Processing 0.436ms
[2025-05-20T21:06:31.135+0300][19660][19092][info ][gc,heap  ] GC(9) PSYoungGen: 571450K(1223168K)->256K(1387520K) Eden: 568394K(1213440K)->0K(1378304K) From: 3056K(9728K)->256K(9216K)
[2025-05-20T21:06:31.135+0300][19660][19092][info ][gc,heap  ] GC(9) ParOldGen: 13777K(2796544K)->16264K(2796544K)
[2025-05-20T21:06:31.135+0300][19660][19092][info ][gc       ] GC(9) Pause Young (System.gc()) 571M->16M(4086M) 3.733ms
[2025-05-20T21:06:31.135+0300][19660][19092][debug][gc,heap  ] GC(9) Heap after GC invocations=10 (full 2):
[2025-05-20T21:06:31.135+0300][19660][19092][debug][gc,heap  ] GC(9)  PSYoungGen      total 1387520K, used 256K [0x00000007aab00000, 0x0000000800000000, 0x0000000800000000)
[2025-05-20T21:06:31.135+0300][19660][19092][debug][gc,heap  ] GC(9)   eden space 1378304K, 0% used [0x00000007aab00000,0x00000007aab00000,0x00000007fed00000)
[2025-05-20T21:06:31.135+0300][19660][19092][debug][gc,heap  ] GC(9)   from space 9216K, 2% used [0x00000007ff700000,0x00000007ff740000,0x0000000800000000)
[2025-05-20T21:06:31.135+0300][19660][19092][debug][gc,heap  ] GC(9)   to   space 9728K, 0% used [0x00000007fed00000,0x00000007fed00000,0x00000007ff680000)
[2025-05-20T21:06:31.135+0300][19660][19092][debug][gc,heap  ] GC(9)  ParOldGen       total 2796544K, used 16264K [0x0000000700000000, 0x00000007aab00000, 0x00000007aab00000)
[2025-05-20T21:06:31.135+0300][19660][19092][debug][gc,heap  ] GC(9)   object space 2796544K, 0% used [0x0000000700000000,0x0000000700fe23d8,0x00000007aab00000)
[2025-05-20T21:06:31.135+0300][19660][19092][debug][gc,heap  ] GC(9)  Metaspace       used 34650K, committed 35584K, reserved 1114112K
[2025-05-20T21:06:31.135+0300][19660][19092][debug][gc,heap  ] GC(9)   class space    used 2951K, committed 3328K, reserved 1048576K
[2025-05-20T21:06:31.135+0300][19660][19092][debug][gc,heap  ] GC(10) Heap before GC invocations=11 (full 3):
[2025-05-20T21:06:31.135+0300][19660][19092][debug][gc,heap  ] GC(10)  PSYoungGen      total 1387520K, used 256K [0x00000007aab00000, 0x0000000800000000, 0x0000000800000000)
[2025-05-20T21:06:31.135+0300][19660][19092][debug][gc,heap  ] GC(10)   eden space 1378304K, 0% used [0x00000007aab00000,0x00000007aab00000,0x00000007fed00000)
[2025-05-20T21:06:31.135+0300][19660][19092][debug][gc,heap  ] GC(10)   from space 9216K, 2% used [0x00000007ff700000,0x00000007ff740000,0x0000000800000000)
[2025-05-20T21:06:31.135+0300][19660][19092][debug][gc,heap  ] GC(10)   to   space 9728K, 0% used [0x00000007fed00000,0x00000007fed00000,0x00000007ff680000)
[2025-05-20T21:06:31.135+0300][19660][19092][debug][gc,heap  ] GC(10)  ParOldGen       total 2796544K, used 16264K [0x0000000700000000, 0x00000007aab00000, 0x00000007aab00000)
[2025-05-20T21:06:31.135+0300][19660][19092][debug][gc,heap  ] GC(10)   object space 2796544K, 0% used [0x0000000700000000,0x0000000700fe23d8,0x00000007aab00000)
[2025-05-20T21:06:31.135+0300][19660][19092][debug][gc,heap  ] GC(10)  Metaspace       used 34650K, committed 35584K, reserved 1114112K
[2025-05-20T21:06:31.135+0300][19660][19092][debug][gc,heap  ] GC(10)   class space    used 2951K, committed 3328K, reserved 1048576K
[2025-05-20T21:06:31.135+0300][19660][19092][debug][gc,phases] GC(10) Pre Compact 0.160ms
[2025-05-20T21:06:31.143+0300][19660][19092][debug][gc,phases] GC(10) Par Mark 3.813ms
[2025-05-20T21:06:31.143+0300][19660][19092][debug][gc,phases] GC(10) Reference Processing 0.536ms
[2025-05-20T21:06:31.143+0300][19660][19092][debug][gc,phases] GC(10)   VM Weak                        Min:  0.0, Avg:  0.0, Max:  0.0, Diff:  0.0, Sum:  0.0, Workers: 8
[2025-05-20T21:06:31.143+0300][19660][19092][debug][gc,phases] GC(10)     Dead                           Min: 0, Avg: 26.9, Max: 129, Diff: 129, Sum: 215, Workers: 8
[2025-05-20T21:06:31.143+0300][19660][19092][debug][gc,phases] GC(10)     Total                          Min: 0, Avg: 69.6, Max: 365, Diff: 365, Sum: 557, Workers: 8
[2025-05-20T21:06:31.143+0300][19660][19092][debug][gc,phases] GC(10)   ObjectSynchronizer Weak        Min:  0.0, Avg:  0.0, Max:  0.0, Diff:  0.0, Sum:  0.0, Workers: 8
[2025-05-20T21:06:31.143+0300][19660][19092][debug][gc,phases] GC(10)     Dead                           Min: 0, Avg:  1.2, Max: 10, Diff: 10, Sum: 10, Workers: 8
[2025-05-20T21:06:31.143+0300][19660][19092][debug][gc,phases] GC(10)     Total                          Min: 0, Avg:  3.5, Max: 28, Diff: 28, Sum: 28, Workers: 8
[2025-05-20T21:06:31.143+0300][19660][19092][debug][gc,phases] GC(10)   JVMTI Tag Weak OopStorage      Min:  0.0, Avg:  0.0, Max:  0.0, Diff:  0.0, Sum:  0.0, Workers: 8
[2025-05-20T21:06:31.143+0300][19660][19092][debug][gc,phases] GC(10)     Dead                           Min: 0, Avg:  0.0, Max: 0, Diff: 0, Sum: 0, Workers: 8
[2025-05-20T21:06:31.143+0300][19660][19092][debug][gc,phases] GC(10)     Total                          Min: 0, Avg:  0.0, Max: 0, Diff: 0, Sum: 0, Workers: 8
[2025-05-20T21:06:31.143+0300][19660][19092][debug][gc,phases] GC(10)   StringTable Weak               Min:  0.0, Avg:  0.0, Max:  0.1, Diff:  0.0, Sum:  0.3, Workers: 8
[2025-05-20T21:06:31.143+0300][19660][19092][debug][gc,phases] GC(10)     Dead                           Min: 14, Avg: 169.5, Max: 401, Diff: 387, Sum: 1356, Workers: 8
[2025-05-20T21:06:31.143+0300][19660][19092][debug][gc,phases] GC(10)     Total                          Min: 2368, Avg: 3466.2, Max: 6720, Diff: 4352, Sum: 27730, Workers: 8
[2025-05-20T21:06:31.143+0300][19660][19092][debug][gc,phases] GC(10)   ResolvedMethodTable Weak       Min:  0.0, Avg:  0.0, Max:  0.0, Diff:  0.0, Sum:  0.0, Workers: 8
[2025-05-20T21:06:31.143+0300][19660][19092][debug][gc,phases] GC(10)     Dead                           Min: 2, Avg: 13.5, Max: 37, Diff: 35, Sum: 108, Workers: 8
[2025-05-20T21:06:31.143+0300][19660][19092][debug][gc,phases] GC(10)     Total                          Min: 174, Avg: 213.5, Max: 256, Diff: 82, Sum: 1708, Workers: 8
[2025-05-20T21:06:31.143+0300][19660][19092][debug][gc,phases] GC(10)   JNI Weak                       Min:  0.0, Avg:  0.0, Max:  0.0, Diff:  0.0, Sum:  0.0, Workers: 8
[2025-05-20T21:06:31.143+0300][19660][19092][debug][gc,phases] GC(10)     Dead                           Min: 0, Avg:  0.0, Max: 0, Diff: 0, Sum: 0, Workers: 8
[2025-05-20T21:06:31.143+0300][19660][19092][debug][gc,phases] GC(10)     Total                          Min: 0, Avg:  0.2, Max: 2, Diff: 2, Sum: 2, Workers: 8
[2025-05-20T21:06:31.143+0300][19660][19092][debug][gc,phases] GC(10)   StringDedup Table Weak         Min:  0.0, Avg:  0.0, Max:  0.0, Diff:  0.0, Sum:  0.0, Workers: 8
[2025-05-20T21:06:31.143+0300][19660][19092][debug][gc,phases] GC(10)     Dead                           Min: 0, Avg:  0.0, Max: 0, Diff: 0, Sum: 0, Workers: 8
[2025-05-20T21:06:31.143+0300][19660][19092][debug][gc,phases] GC(10)     Total                          Min: 0, Avg:  0.0, Max: 0, Diff: 0, Sum: 0, Workers: 8
[2025-05-20T21:06:31.143+0300][19660][19092][debug][gc,phases] GC(10)   StringDedup Requests0 Weak     Min:  0.0, Avg:  0.0, Max:  0.0, Diff:  0.0, Sum:  0.0, Workers: 8
[2025-05-20T21:06:31.143+0300][19660][19092][debug][gc,phases] GC(10)     Dead                           Min: 0, Avg:  0.0, Max: 0, Diff: 0, Sum: 0, Workers: 8
[2025-05-20T21:06:31.143+0300][19660][19092][debug][gc,phases] GC(10)     Total                          Min: 0, Avg:  0.0, Max: 0, Diff: 0, Sum: 0, Workers: 8
[2025-05-20T21:06:31.143+0300][19660][19092][debug][gc,phases] GC(10)   StringDedup Requests1 Weak     Min:  0.0, Avg:  0.0, Max:  0.0, Diff:  0.0, Sum:  0.0, Workers: 8
[2025-05-20T21:06:31.143+0300][19660][19092][debug][gc,phases] GC(10)     Dead                           Min: 0, Avg:  0.0, Max: 0, Diff: 0, Sum: 0, Workers: 8
[2025-05-20T21:06:31.143+0300][19660][19092][debug][gc,phases] GC(10)     Total                          Min: 0, Avg:  0.0, Max: 0, Diff: 0, Sum: 0, Workers: 8
[2025-05-20T21:06:31.143+0300][19660][19092][debug][gc,phases] GC(10)   Weak JFR Old Object Samples    Min:  0.0, Avg:  0.0, Max:  0.0, Diff:  0.0, Sum:  0.0, Workers: 8
[2025-05-20T21:06:31.143+0300][19660][19092][debug][gc,phases] GC(10)     Dead                           Min: 0, Avg:  0.0, Max: 0, Diff: 0, Sum: 0, Workers: 8
[2025-05-20T21:06:31.143+0300][19660][19092][debug][gc,phases] GC(10)     Total                          Min: 0, Avg:  0.0, Max: 0, Diff: 0, Sum: 0, Workers: 8
[2025-05-20T21:06:31.143+0300][19660][19092][debug][gc,phases] GC(10) Weak Processing 0.395ms
[2025-05-20T21:06:31.143+0300][19660][19092][debug][gc,phases] GC(10) ClassLoaderData 0.320ms
[2025-05-20T21:06:31.143+0300][19660][19092][debug][gc,phases] GC(10) Trigger cleanups 0.006ms
[2025-05-20T21:06:31.157+0300][19660][19092][debug][gc,phases] GC(10) Purge Unlinked NMethods 0.351ms
[2025-05-20T21:06:31.157+0300][19660][19092][debug][gc,phases] GC(10) Unregister NMethods 0.001ms
[2025-05-20T21:06:31.157+0300][19660][19092][debug][gc,phases] GC(10) Free Code Blobs 0.072ms
[2025-05-20T21:06:31.161+0300][19660][19092][debug][gc,phases] GC(10) Class Unloading 18.291ms
[2025-05-20T21:06:31.161+0300][19660][19092][debug][gc,phases] GC(10) Report Object Count 0.001ms
[2025-05-20T21:06:31.161+0300][19660][19092][info ][gc,phases] GC(10) Marking Phase 23.168ms
[2025-05-20T21:06:31.161+0300][19660][19092][info ][gc,phases] GC(10) Summary Phase 0.001ms
[2025-05-20T21:06:31.167+0300][19660][19092][info ][gc,phases] GC(10) Adjust Roots 9.498ms
[2025-05-20T21:06:31.176+0300][19660][19092][info ][gc,phases] GC(10) Compaction Phase 7.617ms
[2025-05-20T21:06:31.176+0300][19660][19092][debug][gc,phases] GC(10) Purge Class Loader Data 0.709ms
[2025-05-20T21:06:31.176+0300][19660][19092][info ][gc,phases] GC(10) Post Compact 0.929ms
[2025-05-20T21:06:31.176+0300][19660][19092][info ][gc,heap  ] GC(10) PSYoungGen: 256K(1387520K)->0K(1387520K) Eden: 0K(1378304K)->0K(1378304K) From: 256K(9216K)->0K(9216K)
[2025-05-20T21:06:31.176+0300][19660][19092][info ][gc,heap  ] GC(10) ParOldGen: 16264K(2796544K)->14223K(2796544K)
[2025-05-20T21:06:31.176+0300][19660][19092][info ][gc       ] GC(10) Pause Full (System.gc()) 16M->13M(4086M) 41.377ms
[2025-05-20T21:06:31.176+0300][19660][19092][debug][gc,heap  ] GC(10) Heap after GC invocations=11 (full 3):
[2025-05-20T21:06:31.176+0300][19660][19092][debug][gc,heap  ] GC(10)  PSYoungGen      total 1387520K, used 0K [0x00000007aab00000, 0x0000000800000000, 0x0000000800000000)
[2025-05-20T21:06:31.176+0300][19660][19092][debug][gc,heap  ] GC(10)   eden space 1378304K, 0% used [0x00000007aab00000,0x00000007aab00000,0x00000007fed00000)
[2025-05-20T21:06:31.176+0300][19660][19092][debug][gc,heap  ] GC(10)   from space 9216K, 0% used [0x00000007ff700000,0x00000007ff700000,0x0000000800000000)
[2025-05-20T21:06:31.176+0300][19660][19092][debug][gc,heap  ] GC(10)   to   space 9728K, 0% used [0x00000007fed00000,0x00000007fed00000,0x00000007ff680000)
[2025-05-20T21:06:31.176+0300][19660][19092][debug][gc,heap  ] GC(10)  ParOldGen       total 2796544K, used 14223K [0x0000000700000000, 0x00000007aab00000, 0x00000007aab00000)
[2025-05-20T21:06:31.176+0300][19660][19092][debug][gc,heap  ] GC(10)   object space 2796544K, 0% used [0x0000000700000000,0x0000000700de3ef8,0x00000007aab00000)
[2025-05-20T21:06:31.176+0300][19660][19092][debug][gc,heap  ] GC(10)  Metaspace       used 33190K, committed 35456K, reserved 1114112K
[2025-05-20T21:06:31.176+0300][19660][19092][debug][gc,heap  ] GC(10)   class space    used 2783K, committed 3328K, reserved 1048576K
[2025-05-20T21:06:31.176+0300][19660][19092][info ][safepoint] Safepoint "ParallelGCSystemGC", Time since last: 14444549400 ns, Reaching safepoint: 45300 ns, Cleanup: 39500 ns, At safepoint: 45586400 ns, Total: 45671200 ns
[2025-05-20T21:06:33.181+0300][19660][19092][debug][safepoint] Safepoint synchronization initiated using striped semaphore wait barrier. (32 threads)
[2025-05-20T21:06:33.181+0300][19660][19092][info ][safepoint] Safepoint "Cleanup", Time since last: 1999739100 ns, Reaching safepoint: 157700 ns, Cleanup: 256500 ns, At safepoint: 18300 ns, Total: 432500 ns
[2025-05-20T21:06:34.186+0300][19660][19092][debug][safepoint] Safepoint synchronization initiated using striped semaphore wait barrier. (32 threads)
[2025-05-20T21:06:34.186+0300][19660][18224][debug][safepoint] ... found polling page loop exception at pc = 0x0000020708210c07, stub =0x0000020707585600
[2025-05-20T21:06:34.186+0300][19660][19092][info ][safepoint] Safepoint "Cleanup", Time since last: 1005277400 ns, Reaching safepoint: 250100 ns, Cleanup: 28900 ns, At safepoint: 11400 ns, Total: 290400 ns
[2025-05-20T21:06:35.199+0300][19660][19092][debug][safepoint] Safepoint synchronization initiated using striped semaphore wait barrier. (32 threads)
[2025-05-20T21:06:35.199+0300][19660][19092][info ][safepoint] Safepoint "Cleanup", Time since last: 1012005200 ns, Reaching safepoint: 141500 ns, Cleanup: 17500 ns, At safepoint: 31300 ns, Total: 190300 ns
[2025-05-20T21:06:37.225+0300][19660][19092][debug][safepoint] Safepoint synchronization initiated using striped semaphore wait barrier. (32 threads)
[2025-05-20T21:06:37.225+0300][19660][19092][info ][safepoint] Safepoint "Cleanup", Time since last: 2026103500 ns, Reaching safepoint: 171400 ns, Cleanup: 22000 ns, At safepoint: 30100 ns, Total: 223500 ns
[2025-05-20T21:06:40.260+0300][19660][19092][debug][safepoint] Safepoint synchronization initiated using striped semaphore wait barrier. (32 threads)
[2025-05-20T21:06:40.260+0300][19660][19092][info ][safepoint] Safepoint "Cleanup", Time since last: 3035205700 ns, Reaching safepoint: 138700 ns, Cleanup: 30800 ns, At safepoint: 3200 ns, Total: 172700 ns
[2025-05-20T21:06:41.270+0300][19660][19092][debug][safepoint] Safepoint synchronization initiated using striped semaphore wait barrier. (32 threads)
[2025-05-20T21:06:41.270+0300][19660][19092][info ][safepoint] Safepoint "Cleanup", Time since last: 1009483600 ns, Reaching safepoint: 104500 ns, Cleanup: 25200 ns, At safepoint: 2900 ns, Total: 132600 ns
[2025-05-20T21:06:42.276+0300][19660][19092][debug][safepoint] Safepoint synchronization initiated using striped semaphore wait barrier. (32 threads)
[2025-05-20T21:06:42.276+0300][19660][19092][info ][safepoint] Safepoint "Cleanup", Time since last: 1006090000 ns, Reaching safepoint: 146600 ns, Cleanup: 30700 ns, At safepoint: 29700 ns, Total: 207000 ns
[2025-05-20T21:06:44.304+0300][19660][19092][debug][safepoint] Safepoint synchronization initiated using striped semaphore wait barrier. (32 threads)
[2025-05-20T21:06:44.304+0300][19660][19092][info ][safepoint] Safepoint "Cleanup", Time since last: 2027541400 ns, Reaching safepoint: 101300 ns, Cleanup: 22300 ns, At safepoint: 6200 ns, Total: 129800 ns
[2025-05-20T21:06:45.307+0300][19660][19092][debug][safepoint] Safepoint synchronization initiated using striped semaphore wait barrier. (32 threads)
[2025-05-20T21:06:45.307+0300][19660][19092][info ][safepoint] Safepoint "Cleanup", Time since last: 1003586500 ns, Reaching safepoint: 124700 ns, Cleanup: 26700 ns, At safepoint: 14400 ns, Total: 165800 ns
[2025-05-20T21:06:51.364+0300][19660][19092][debug][safepoint] Safepoint synchronization initiated using striped semaphore wait barrier. (32 threads)
[2025-05-20T21:06:51.364+0300][19660][19092][info ][safepoint] Safepoint "Cleanup", Time since last: 6056035000 ns, Reaching safepoint: 169600 ns, Cleanup: 36000 ns, At safepoint: 20700 ns, Total: 226300 ns
[2025-05-20T21:06:52.369+0300][19660][19092][debug][safepoint] Safepoint synchronization initiated using striped semaphore wait barrier. (32 threads)
[2025-05-20T21:06:52.369+0300][19660][19092][info ][safepoint] Safepoint "Cleanup", Time since last: 1004975300 ns, Reaching safepoint: 164100 ns, Cleanup: 40900 ns, At safepoint: 17000 ns, Total: 222000 ns
[2025-05-20T21:06:53.373+0300][19660][19092][debug][safepoint] Safepoint synchronization initiated using striped semaphore wait barrier. (32 threads)
[2025-05-20T21:06:53.373+0300][19660][19092][info ][safepoint] Safepoint "Cleanup", Time since last: 1003937900 ns, Reaching safepoint: 155000 ns, Cleanup: 30600 ns, At safepoint: 20500 ns, Total: 206100 ns
[2025-05-20T21:06:56.407+0300][19660][19092][debug][safepoint] Safepoint synchronization initiated using striped semaphore wait barrier. (32 threads)
[2025-05-20T21:06:56.407+0300][19660][6648 ][debug][safepoint] ... found polling page loop exception at pc = 0x00000207081c2fd3, stub =0x0000020707585600
[2025-05-20T21:06:56.407+0300][19660][19092][info ][safepoint] Safepoint "Cleanup", Time since last: 3034310400 ns, Reaching safepoint: 313000 ns, Cleanup: 36900 ns, At safepoint: 20600 ns, Total: 370500 ns
[2025-05-20T21:06:58.432+0300][19660][19092][debug][safepoint] Safepoint synchronization initiated using striped semaphore wait barrier. (32 threads)
[2025-05-20T21:06:58.432+0300][19660][19092][info ][safepoint] Safepoint "Cleanup", Time since last: 2023808100 ns, Reaching safepoint: 177600 ns, Cleanup: 39000 ns, At safepoint: 48500 ns, Total: 265100 ns
[2025-05-20T21:07:01.465+0300][19660][19092][debug][safepoint] Safepoint synchronization initiated using striped semaphore wait barrier. (32 threads)
[2025-05-20T21:07:01.466+0300][19660][19092][info ][safepoint] Safepoint "Cleanup", Time since last: 3033341700 ns, Reaching safepoint: 219400 ns, Cleanup: 38400 ns, At safepoint: 41200 ns, Total: 299000 ns
[2025-05-20T21:07:13.560+0300][19660][19092][debug][safepoint] Safepoint synchronization initiated using striped semaphore wait barrier. (32 threads)
[2025-05-20T21:07:13.560+0300][19660][19092][info ][safepoint] Safepoint "Cleanup", Time since last: 12094213700 ns, Reaching safepoint: 144800 ns, Cleanup: 58100 ns, At safepoint: 49400 ns, Total: 252300 ns
[2025-05-20T21:07:14.563+0300][19660][19092][debug][safepoint] Safepoint synchronization initiated using striped semaphore wait barrier. (32 threads)
[2025-05-20T21:07:14.563+0300][19660][19092][info ][safepoint] Safepoint "Cleanup", Time since last: 1002151200 ns, Reaching safepoint: 148900 ns, Cleanup: 54800 ns, At safepoint: 32200 ns, Total: 235900 ns
[2025-05-20T21:07:15.541+0300][19660][19092][debug][safepoint] Safepoint synchronization initiated using striped semaphore wait barrier. (32 threads)
[2025-05-20T21:07:15.541+0300][19660][19092][debug][gc,heap  ] GC(11) Heap before GC invocations=12 (full 3):
[2025-05-20T21:07:15.541+0300][19660][19092][debug][gc,heap  ] GC(11)  PSYoungGen      total 1387520K, used 1378304K [0x00000007aab00000, 0x0000000800000000, 0x0000000800000000)
[2025-05-20T21:07:15.541+0300][19660][19092][debug][gc,heap  ] GC(11)   eden space 1378304K, 100% used [0x00000007aab00000,0x00000007fed00000,0x00000007fed00000)
[2025-05-20T21:07:15.541+0300][19660][19092][debug][gc,heap  ] GC(11)   from space 9216K, 0% used [0x00000007ff700000,0x00000007ff700000,0x0000000800000000)
[2025-05-20T21:07:15.541+0300][19660][19092][debug][gc,heap  ] GC(11)   to   space 9728K, 0% used [0x00000007fed00000,0x00000007fed00000,0x00000007ff680000)
[2025-05-20T21:07:15.541+0300][19660][19092][debug][gc,heap  ] GC(11)  ParOldGen       total 2796544K, used 14223K [0x0000000700000000, 0x00000007aab00000, 0x00000007aab00000)
[2025-05-20T21:07:15.541+0300][19660][19092][debug][gc,heap  ] GC(11)   object space 2796544K, 0% used [0x0000000700000000,0x0000000700de3ef8,0x00000007aab00000)
[2025-05-20T21:07:15.541+0300][19660][19092][debug][gc,heap  ] GC(11)  Metaspace       used 34323K, committed 35520K, reserved 1114112K
[2025-05-20T21:07:15.541+0300][19660][19092][debug][gc,heap  ] GC(11)   class space    used 2862K, committed 3328K, reserved 1048576K
[2025-05-20T21:07:15.541+0300][19660][19092][debug][gc,phases] GC(11) Scavenge 1.337ms
[2025-05-20T21:07:15.541+0300][19660][19092][debug][gc,phases] GC(11) Reference Processing 0.044ms
[2025-05-20T21:07:15.541+0300][19660][19092][debug][gc,phases] GC(11)   VM Weak                        Min:  0.0, Avg:  0.0, Max:  0.0, Diff:  0.0, Sum:  0.0, Workers: 8
[2025-05-20T21:07:15.541+0300][19660][19092][debug][gc,phases] GC(11)     Dead                           Min: 0, Avg:  0.0, Max: 0, Diff: 0, Sum: 0, Workers: 8
[2025-05-20T21:07:15.541+0300][19660][19092][debug][gc,phases] GC(11)     Total                          Min: 0, Avg: 49.1, Max: 375, Diff: 375, Sum: 393, Workers: 8
[2025-05-20T21:07:15.541+0300][19660][19092][debug][gc,phases] GC(11)   ObjectSynchronizer Weak        Min:  0.0, Avg:  0.0, Max:  0.0, Diff:  0.0, Sum:  0.0, Workers: 8
[2025-05-20T21:07:15.541+0300][19660][19092][debug][gc,phases] GC(11)     Dead                           Min: 0, Avg:  3.2, Max: 19, Diff: 19, Sum: 26, Workers: 8
[2025-05-20T21:07:15.541+0300][19660][19092][debug][gc,phases] GC(11)     Total                          Min: 0, Avg: 20.8, Max: 102, Diff: 102, Sum: 166, Workers: 8
[2025-05-20T21:07:15.541+0300][19660][19092][debug][gc,phases] GC(11)   JVMTI Tag Weak OopStorage      Min:  0.0, Avg:  0.0, Max:  0.0, Diff:  0.0, Sum:  0.0, Workers: 8
[2025-05-20T21:07:15.541+0300][19660][19092][debug][gc,phases] GC(11)     Dead                           Min: 0, Avg:  0.0, Max: 0, Diff: 0, Sum: 0, Workers: 8
[2025-05-20T21:07:15.541+0300][19660][19092][debug][gc,phases] GC(11)     Total                          Min: 0, Avg:  0.0, Max: 0, Diff: 0, Sum: 0, Workers: 8
[2025-05-20T21:07:15.541+0300][19660][19092][debug][gc,phases] GC(11)   StringTable Weak               Min:  0.0, Avg:  0.0, Max:  0.1, Diff:  0.1, Sum:  0.3, Workers: 8
[2025-05-20T21:07:15.541+0300][19660][19092][debug][gc,phases] GC(11)     Dead                           Min: 0, Avg: 37.5, Max: 174, Diff: 174, Sum: 300, Workers: 8
[2025-05-20T21:07:15.541+0300][19660][19092][debug][gc,phases] GC(11)     Total                          Min: 0, Avg: 3490.9, Max: 9816, Diff: 9816, Sum: 27927, Workers: 8
[2025-05-20T21:07:15.541+0300][19660][19092][debug][gc,phases] GC(11)   ResolvedMethodTable Weak       Min:  0.0, Avg:  0.0, Max:  0.0, Diff:  0.0, Sum:  0.0, Workers: 8
[2025-05-20T21:07:15.541+0300][19660][19092][debug][gc,phases] GC(11)     Dead                           Min: 0, Avg:  0.0, Max: 0, Diff: 0, Sum: 0, Workers: 8
[2025-05-20T21:07:15.541+0300][19660][19092][debug][gc,phases] GC(11)     Total                          Min: 0, Avg: 220.2, Max: 576, Diff: 576, Sum: 1762, Workers: 8
[2025-05-20T21:07:15.541+0300][19660][19092][debug][gc,phases] GC(11)   JNI Weak                       Min:  0.0, Avg:  0.0, Max:  0.0, Diff:  0.0, Sum:  0.0, Workers: 8
[2025-05-20T21:07:15.541+0300][19660][19092][debug][gc,phases] GC(11)     Dead                           Min: 0, Avg:  0.0, Max: 0, Diff: 0, Sum: 0, Workers: 8
[2025-05-20T21:07:15.541+0300][19660][19092][debug][gc,phases] GC(11)     Total                          Min: 0, Avg:  0.0, Max: 0, Diff: 0, Sum: 0, Workers: 8
[2025-05-20T21:07:15.541+0300][19660][19092][debug][gc,phases] GC(11)   StringDedup Table Weak         Min:  0.0, Avg:  0.0, Max:  0.0, Diff:  0.0, Sum:  0.0, Workers: 8
[2025-05-20T21:07:15.541+0300][19660][19092][debug][gc,phases] GC(11)     Dead                           Min: 0, Avg:  0.0, Max: 0, Diff: 0, Sum: 0, Workers: 8
[2025-05-20T21:07:15.541+0300][19660][19092][debug][gc,phases] GC(11)     Total                          Min: 0, Avg:  0.0, Max: 0, Diff: 0, Sum: 0, Workers: 8
[2025-05-20T21:07:15.541+0300][19660][19092][debug][gc,phases] GC(11)   StringDedup Requests0 Weak     Min:  0.0, Avg:  0.0, Max:  0.0, Diff:  0.0, Sum:  0.0, Workers: 8
[2025-05-20T21:07:15.541+0300][19660][19092][debug][gc,phases] GC(11)     Dead                           Min: 0, Avg:  0.0, Max: 0, Diff: 0, Sum: 0, Workers: 8
[2025-05-20T21:07:15.541+0300][19660][19092][debug][gc,phases] GC(11)     Total                          Min: 0, Avg:  0.0, Max: 0, Diff: 0, Sum: 0, Workers: 8
[2025-05-20T21:07:15.541+0300][19660][19092][debug][gc,phases] GC(11)   StringDedup Requests1 Weak     Min:  0.0, Avg:  0.0, Max:  0.0, Diff:  0.0, Sum:  0.0, Workers: 8
[2025-05-20T21:07:15.541+0300][19660][19092][debug][gc,phases] GC(11)     Dead                           Min: 0, Avg:  0.0, Max: 0, Diff: 0, Sum: 0, Workers: 8
[2025-05-20T21:07:15.541+0300][19660][19092][debug][gc,phases] GC(11)     Total                          Min: 0, Avg:  0.0, Max: 0, Diff: 0, Sum: 0, Workers: 8
[2025-05-20T21:07:15.541+0300][19660][19092][debug][gc,phases] GC(11)   Weak JFR Old Object Samples    Min:  0.0, Avg:  0.0, Max:  0.0, Diff:  0.0, Sum:  0.0, Workers: 8
[2025-05-20T21:07:15.541+0300][19660][19092][debug][gc,phases] GC(11)     Dead                           Min: 0, Avg:  0.0, Max: 0, Diff: 0, Sum: 0, Workers: 8
[2025-05-20T21:07:15.541+0300][19660][19092][debug][gc,phases] GC(11)     Total                          Min: 0, Avg:  0.0, Max: 0, Diff: 0, Sum: 0, Workers: 8
[2025-05-20T21:07:15.541+0300][19660][19092][debug][gc,phases] GC(11) Weak Processing 0.428ms
[2025-05-20T21:07:15.541+0300][19660][19092][info ][gc,heap  ] GC(11) PSYoungGen: 1378304K(1387520K)->2393K(1388032K) Eden: 1378304K(1378304K)->0K(1378304K) From: 0K(9216K)->2393K(9728K)
[2025-05-20T21:07:15.541+0300][19660][19092][info ][gc,heap  ] GC(11) ParOldGen: 14223K(2796544K)->14239K(2796544K)
[2025-05-20T21:07:15.541+0300][19660][19092][info ][gc       ] GC(11) Pause Young (Allocation Failure) 1359M->16M(4086M) 1.914ms
[2025-05-20T21:07:15.541+0300][19660][19092][debug][gc,heap  ] GC(11) Heap after GC invocations=12 (full 3):
[2025-05-20T21:07:15.541+0300][19660][19092][debug][gc,heap  ] GC(11)  PSYoungGen      total 1388032K, used 2393K [0x00000007aab00000, 0x0000000800000000, 0x0000000800000000)
[2025-05-20T21:07:15.541+0300][19660][19092][debug][gc,heap  ] GC(11)   eden space 1378304K, 0% used [0x00000007aab00000,0x00000007aab00000,0x00000007fed00000)
[2025-05-20T21:07:15.541+0300][19660][19092][debug][gc,heap  ] GC(11)   from space 9728K, 24% used [0x00000007fed00000,0x00000007fef566e0,0x00000007ff680000)
[2025-05-20T21:07:15.541+0300][19660][19092][debug][gc,heap  ] GC(11)   to   space 9216K, 0% used [0x00000007ff700000,0x00000007ff700000,0x0000000800000000)
[2025-05-20T21:07:15.541+0300][19660][19092][debug][gc,heap  ] GC(11)  ParOldGen       total 2796544K, used 14239K [0x0000000700000000, 0x00000007aab00000, 0x00000007aab00000)
[2025-05-20T21:07:15.541+0300][19660][19092][debug][gc,heap  ] GC(11)   object space 2796544K, 0% used [0x0000000700000000,0x0000000700de7ef8,0x00000007aab00000)
[2025-05-20T21:07:15.541+0300][19660][19092][debug][gc,heap  ] GC(11)  Metaspace       used 34323K, committed 35520K, reserved 1114112K
[2025-05-20T21:07:15.541+0300][19660][19092][debug][gc,heap  ] GC(11)   class space    used 2862K, committed 3328K, reserved 1048576K
[2025-05-20T21:07:15.541+0300][19660][19092][info ][safepoint] Safepoint "ParallelGCFailedAllocation", Time since last: 978334300 ns, Reaching safepoint: 57300 ns, Cleanup: 4100 ns, At safepoint: 2117400 ns, Total: 2178800 ns
[2025-05-20T21:07:16.546+0300][19660][19092][debug][safepoint] Safepoint synchronization initiated using striped semaphore wait barrier. (32 threads)
[2025-05-20T21:07:16.546+0300][19660][19092][info ][safepoint] Safepoint "Cleanup", Time since last: 1003439700 ns, Reaching safepoint: 158500 ns, Cleanup: 18900 ns, At safepoint: 29900 ns, Total: 207300 ns
[2025-05-20T21:07:17.559+0300][19660][19092][debug][safepoint] Safepoint synchronization initiated using striped semaphore wait barrier. (32 threads)
[2025-05-20T21:07:17.559+0300][19660][19092][info ][safepoint] Safepoint "Cleanup", Time since last: 1012071200 ns, Reaching safepoint: 162300 ns, Cleanup: 19900 ns, At safepoint: 38700 ns, Total: 220900 ns
[2025-05-20T21:07:22.159+0300][19660][19092][debug][safepoint] Safepoint synchronization initiated using striped semaphore wait barrier. (32 threads)
[2025-05-20T21:07:22.159+0300][19660][19092][info ][safepoint] Safepoint "Cleanup", Time since last: 4599602100 ns, Reaching safepoint: 179700 ns, Cleanup: 67500 ns, At safepoint: 44700 ns, Total: 291900 ns
[2025-05-20T21:07:30.224+0300][19660][19092][debug][safepoint] Safepoint synchronization initiated using striped semaphore wait barrier. (32 threads)
[2025-05-20T21:07:30.224+0300][19660][19092][info ][safepoint] Safepoint "Cleanup", Time since last: 8065149700 ns, Reaching safepoint: 169500 ns, Cleanup: 32300 ns, At safepoint: 18800 ns, Total: 220600 ns
[2025-05-20T21:07:32.248+0300][19660][19092][debug][safepoint] Safepoint synchronization initiated using striped semaphore wait barrier. (32 threads)
[2025-05-20T21:07:32.248+0300][19660][19092][info ][safepoint] Safepoint "Cleanup", Time since last: 2023269000 ns, Reaching safepoint: 147800 ns, Cleanup: 28300 ns, At safepoint: 3800 ns, Total: 179900 ns
[2025-05-20T21:07:36.267+0300][19660][19092][debug][safepoint] Safepoint synchronization initiated using striped semaphore wait barrier. (32 threads)
[2025-05-20T21:07:36.267+0300][19660][20440][debug][safepoint] ... found polling page loop exception at pc = 0x00000207084950aa, stub =0x0000020707585600
[2025-05-20T21:07:36.267+0300][19660][19092][info ][safepoint] Safepoint "Cleanup", Time since last: 4019598100 ns, Reaching safepoint: 316400 ns, Cleanup: 36300 ns, At safepoint: 20500 ns, Total: 373200 ns
[2025-05-20T21:07:37.283+0300][19660][19092][debug][safepoint] Safepoint synchronization initiated using striped semaphore wait barrier. (32 threads)
[2025-05-20T21:07:37.283+0300][19660][19092][info ][safepoint] Safepoint "Cleanup", Time since last: 1014687500 ns, Reaching safepoint: 145800 ns, Cleanup: 32900 ns, At safepoint: 21200 ns, Total: 199900 ns
[2025-05-20T21:07:38.294+0300][19660][19092][debug][safepoint] Safepoint synchronization initiated using striped semaphore wait barrier. (32 threads)
[2025-05-20T21:07:38.294+0300][19660][18340][debug][safepoint] ... found polling page loop exception at pc = 0x000002070816f0ed, stub =0x0000020707585600
[2025-05-20T21:07:38.294+0300][19660][14496][debug][safepoint] ... found polling page loop exception at pc = 0x00000207083e0f2e, stub =0x0000020707585600
[2025-05-20T21:07:38.294+0300][19660][17284][debug][safepoint] ... found polling page loop exception at pc = 0x00000207084b1098, stub =0x0000020707585600
[2025-05-20T21:07:38.294+0300][19660][19092][info ][safepoint] Safepoint "Cleanup", Time since last: 1011714300 ns, Reaching safepoint: 698800 ns, Cleanup: 43600 ns, At safepoint: 25900 ns, Total: 768300 ns
[2025-05-20T21:07:44.327+0300][19660][19092][debug][safepoint] Safepoint synchronization initiated using striped semaphore wait barrier. (32 threads)
[2025-05-20T21:07:44.327+0300][19660][19092][info ][safepoint] Safepoint "Cleanup", Time since last: 6031586500 ns, Reaching safepoint: 138900 ns, Cleanup: 33000 ns, At safepoint: 14900 ns, Total: 186800 ns
[2025-05-20T21:07:48.359+0300][19660][19092][debug][safepoint] Safepoint synchronization initiated using striped semaphore wait barrier. (32 threads)
[2025-05-20T21:07:48.359+0300][19660][18340][debug][safepoint] ... found polling page loop exception at pc = 0x0000020707fb2b50, stub =0x0000020707585600
[2025-05-20T21:07:48.359+0300][19660][19092][info ][safepoint] Safepoint "Cleanup", Time since last: 4032149900 ns, Reaching safepoint: 293900 ns, Cleanup: 34300 ns, At safepoint: 13500 ns, Total: 341700 ns
[2025-05-20T21:07:54.395+0300][19660][19092][debug][safepoint] Safepoint synchronization initiated using striped semaphore wait barrier. (32 threads)
[2025-05-20T21:07:54.395+0300][19660][14496][debug][safepoint] ... found polling page loop exception at pc = 0x000002070855b6d7, stub =0x0000020707585600
[2025-05-20T21:07:54.395+0300][19660][20440][debug][safepoint] ... found polling page loop exception at pc = 0x000002070854a60a, stub =0x0000020707585600
[2025-05-20T21:07:54.395+0300][19660][18224][debug][safepoint] ... found polling page loop exception at pc = 0x0000020708549396, stub =0x0000020707585600
[2025-05-20T21:07:54.395+0300][19660][19092][info ][safepoint] Safepoint "Cleanup", Time since last: 6036271100 ns, Reaching safepoint: 608200 ns, Cleanup: 34600 ns, At safepoint: 19500 ns, Total: 662300 ns
[2025-05-20T21:08:02.100+0300][19660][19092][debug][safepoint] Safepoint synchronization initiated using striped semaphore wait barrier. (32 threads)
[2025-05-20T21:08:02.100+0300][19660][19092][debug][gc,heap  ] GC(12) Heap before GC invocations=13 (full 3):
[2025-05-20T21:08:02.100+0300][19660][19092][debug][gc,heap  ] GC(12)  PSYoungGen      total 1388032K, used 1380697K [0x00000007aab00000, 0x0000000800000000, 0x0000000800000000)
[2025-05-20T21:08:02.100+0300][19660][19092][debug][gc,heap  ] GC(12)   eden space 1378304K, 100% used [0x00000007aab00000,0x00000007fed00000,0x00000007fed00000)
[2025-05-20T21:08:02.100+0300][19660][19092][debug][gc,heap  ] GC(12)   from space 9728K, 24% used [0x00000007fed00000,0x00000007fef566e0,0x00000007ff680000)
[2025-05-20T21:08:02.100+0300][19660][19092][debug][gc,heap  ] GC(12)   to   space 9216K, 0% used [0x00000007ff700000,0x00000007ff700000,0x0000000800000000)
[2025-05-20T21:08:02.100+0300][19660][19092][debug][gc,heap  ] GC(12)  ParOldGen       total 2796544K, used 14239K [0x0000000700000000, 0x00000007aab00000, 0x00000007aab00000)
[2025-05-20T21:08:02.100+0300][19660][19092][debug][gc,heap  ] GC(12)   object space 2796544K, 0% used [0x0000000700000000,0x0000000700de7ef8,0x00000007aab00000)
[2025-05-20T21:08:02.100+0300][19660][19092][debug][gc,heap  ] GC(12)  Metaspace       used 34325K, committed 35520K, reserved 1114112K
[2025-05-20T21:08:02.100+0300][19660][19092][debug][gc,heap  ] GC(12)   class space    used 2862K, committed 3328K, reserved 1048576K
[2025-05-20T21:08:02.100+0300][19660][19092][debug][gc,phases] GC(12) Scavenge 2.916ms
[2025-05-20T21:08:02.100+0300][19660][19092][debug][gc,phases] GC(12) Reference Processing 0.036ms
[2025-05-20T21:08:02.100+0300][19660][19092][debug][gc,phases] GC(12)   VM Weak                        Min:  0.0, Avg:  0.0, Max:  0.0, Diff:  0.0, Sum:  0.0, Workers: 8
[2025-05-20T21:08:02.100+0300][19660][19092][debug][gc,phases] GC(12)     Dead                           Min: 0, Avg:  0.0, Max: 0, Diff: 0, Sum: 0, Workers: 8
[2025-05-20T21:08:02.100+0300][19660][19092][debug][gc,phases] GC(12)     Total                          Min: 0, Avg: 49.1, Max: 383, Diff: 383, Sum: 393, Workers: 8
[2025-05-20T21:08:02.100+0300][19660][19092][debug][gc,phases] GC(12)   ObjectSynchronizer Weak        Min:  0.0, Avg:  0.0, Max:  0.0, Diff:  0.0, Sum:  0.0, Workers: 8
[2025-05-20T21:08:02.100+0300][19660][19092][debug][gc,phases] GC(12)     Dead                           Min: 0, Avg:  0.0, Max: 0, Diff: 0, Sum: 0, Workers: 8
[2025-05-20T21:08:02.100+0300][19660][19092][debug][gc,phases] GC(12)     Total                          Min: 0, Avg:  5.1, Max: 27, Diff: 27, Sum: 41, Workers: 8
[2025-05-20T21:08:02.100+0300][19660][19092][debug][gc,phases] GC(12)   JVMTI Tag Weak OopStorage      Min:  0.0, Avg:  0.0, Max:  0.0, Diff:  0.0, Sum:  0.0, Workers: 8
[2025-05-20T21:08:02.100+0300][19660][19092][debug][gc,phases] GC(12)     Dead                           Min: 0, Avg:  0.0, Max: 0, Diff: 0, Sum: 0, Workers: 8
[2025-05-20T21:08:02.100+0300][19660][19092][debug][gc,phases] GC(12)     Total                          Min: 0, Avg:  0.0, Max: 0, Diff: 0, Sum: 0, Workers: 8
[2025-05-20T21:08:02.100+0300][19660][19092][debug][gc,phases] GC(12)   StringTable Weak               Min:  0.0, Avg:  0.0, Max:  0.1, Diff:  0.1, Sum:  0.2, Workers: 8
[2025-05-20T21:08:02.100+0300][19660][19092][debug][gc,phases] GC(12)     Dead                           Min: 0, Avg:  0.0, Max: 0, Diff: 0, Sum: 0, Workers: 8
[2025-05-20T21:08:02.100+0300][19660][19092][debug][gc,phases] GC(12)     Total                          Min: 0, Avg: 3493.2, Max: 9152, Diff: 9152, Sum: 27946, Workers: 8
[2025-05-20T21:08:02.100+0300][19660][19092][debug][gc,phases] GC(12)   ResolvedMethodTable Weak       Min:  0.0, Avg:  0.0, Max:  0.0, Diff:  0.0, Sum:  0.0, Workers: 8
[2025-05-20T21:08:02.100+0300][19660][19092][debug][gc,phases] GC(12)     Dead                           Min: 0, Avg:  0.0, Max: 0, Diff: 0, Sum: 0, Workers: 8
[2025-05-20T21:08:02.100+0300][19660][19092][debug][gc,phases] GC(12)     Total                          Min: 0, Avg: 220.2, Max: 482, Diff: 482, Sum: 1762, Workers: 8
[2025-05-20T21:08:02.100+0300][19660][19092][debug][gc,phases] GC(12)   JNI Weak                       Min:  0.0, Avg:  0.0, Max:  0.0, Diff:  0.0, Sum:  0.0, Workers: 8
[2025-05-20T21:08:02.100+0300][19660][19092][debug][gc,phases] GC(12)     Dead                           Min: 0, Avg:  0.0, Max: 0, Diff: 0, Sum: 0, Workers: 8
[2025-05-20T21:08:02.100+0300][19660][19092][debug][gc,phases] GC(12)     Total                          Min: 0, Avg:  0.0, Max: 0, Diff: 0, Sum: 0, Workers: 8
[2025-05-20T21:08:02.100+0300][19660][19092][debug][gc,phases] GC(12)   StringDedup Table Weak         Min:  0.0, Avg:  0.0, Max:  0.0, Diff:  0.0, Sum:  0.0, Workers: 8
[2025-05-20T21:08:02.100+0300][19660][19092][debug][gc,phases] GC(12)     Dead                           Min: 0, Avg:  0.0, Max: 0, Diff: 0, Sum: 0, Workers: 8
[2025-05-20T21:08:02.100+0300][19660][19092][debug][gc,phases] GC(12)     Total                          Min: 0, Avg:  0.0, Max: 0, Diff: 0, Sum: 0, Workers: 8
[2025-05-20T21:08:02.100+0300][19660][19092][debug][gc,phases] GC(12)   StringDedup Requests0 Weak     Min:  0.0, Avg:  0.0, Max:  0.0, Diff:  0.0, Sum:  0.0, Workers: 8
[2025-05-20T21:08:02.100+0300][19660][19092][debug][gc,phases] GC(12)     Dead                           Min: 0, Avg:  0.0, Max: 0, Diff: 0, Sum: 0, Workers: 8
[2025-05-20T21:08:02.100+0300][19660][19092][debug][gc,phases] GC(12)     Total                          Min: 0, Avg:  0.0, Max: 0, Diff: 0, Sum: 0, Workers: 8
[2025-05-20T21:08:02.100+0300][19660][19092][debug][gc,phases] GC(12)   StringDedup Requests1 Weak     Min:  0.0, Avg:  0.0, Max:  0.0, Diff:  0.0, Sum:  0.0, Workers: 8
[2025-05-20T21:08:02.100+0300][19660][19092][debug][gc,phases] GC(12)     Dead                           Min: 0, Avg:  0.0, Max: 0, Diff: 0, Sum: 0, Workers: 8
[2025-05-20T21:08:02.100+0300][19660][19092][debug][gc,phases] GC(12)     Total                          Min: 0, Avg:  0.0, Max: 0, Diff: 0, Sum: 0, Workers: 8
[2025-05-20T21:08:02.100+0300][19660][19092][debug][gc,phases] GC(12)   Weak JFR Old Object Samples    Min:  0.0, Avg:  0.0, Max:  0.0, Diff:  0.0, Sum:  0.0, Workers: 8
[2025-05-20T21:08:02.100+0300][19660][19092][debug][gc,phases] GC(12)     Dead                           Min: 0, Avg:  0.0, Max: 0, Diff: 0, Sum: 0, Workers: 8
[2025-05-20T21:08:02.100+0300][19660][19092][debug][gc,phases] GC(12)     Total                          Min: 0, Avg:  0.0, Max: 0, Diff: 0, Sum: 0, Workers: 8
[2025-05-20T21:08:02.100+0300][19660][19092][debug][gc,phases] GC(12) Weak Processing 0.493ms
[2025-05-20T21:08:02.100+0300][19660][19092][info ][gc,heap  ] GC(12) PSYoungGen: 1380697K(1388032K)->2377K(1389056K) Eden: 1378304K(1378304K)->0K(1379840K) From: 2393K(9728K)->2377K(9216K)
[2025-05-20T21:08:02.100+0300][19660][19092][info ][gc,heap  ] GC(12) ParOldGen: 14239K(2796544K)->14247K(2796544K)
[2025-05-20T21:08:02.100+0300][19660][19092][info ][gc       ] GC(12) Pause Young (Allocation Failure) 1362M->16M(4087M) 3.551ms
[2025-05-20T21:08:02.100+0300][19660][19092][debug][gc,heap  ] GC(12) Heap after GC invocations=13 (full 3):
[2025-05-20T21:08:02.100+0300][19660][19092][debug][gc,heap  ] GC(12)  PSYoungGen      total 1389056K, used 2377K [0x00000007aab00000, 0x0000000800000000, 0x0000000800000000)
[2025-05-20T21:08:02.100+0300][19660][19092][debug][gc,heap  ] GC(12)   eden space 1379840K, 0% used [0x00000007aab00000,0x00000007aab00000,0x00000007fee80000)
[2025-05-20T21:08:02.100+0300][19660][19092][debug][gc,heap  ] GC(12)   from space 9216K, 25% used [0x00000007ff700000,0x00000007ff9526f0,0x0000000800000000)
[2025-05-20T21:08:02.100+0300][19660][19092][debug][gc,heap  ] GC(12)   to   space 8704K, 0% used [0x00000007fee80000,0x00000007fee80000,0x00000007ff700000)
[2025-05-20T21:08:02.100+0300][19660][19092][debug][gc,heap  ] GC(12)  ParOldGen       total 2796544K, used 14247K [0x0000000700000000, 0x00000007aab00000, 0x00000007aab00000)
[2025-05-20T21:08:02.100+0300][19660][19092][debug][gc,heap  ] GC(12)   object space 2796544K, 0% used [0x0000000700000000,0x0000000700de9ef8,0x00000007aab00000)
[2025-05-20T21:08:02.100+0300][19660][19092][debug][gc,heap  ] GC(12)  Metaspace       used 34325K, committed 35520K, reserved 1114112K
[2025-05-20T21:08:02.100+0300][19660][19092][debug][gc,heap  ] GC(12)   class space    used 2862K, committed 3328K, reserved 1048576K
[2025-05-20T21:08:02.100+0300][19660][19092][info ][safepoint] Safepoint "ParallelGCFailedAllocation", Time since last: 7703392300 ns, Reaching safepoint: 112200 ns, Cleanup: 25400 ns, At safepoint: 3976400 ns, Total: 4114000 ns
[2025-05-20T21:08:11.182+0300][19660][19092][debug][safepoint] Safepoint synchronization initiated using striped semaphore wait barrier. (32 threads)
[2025-05-20T21:08:11.182+0300][19660][19092][info ][safepoint] Safepoint "Cleanup", Time since last: 9078094700 ns, Reaching safepoint: 151600 ns, Cleanup: 31200 ns, At safepoint: 36600 ns, Total: 219400 ns
[2025-05-20T21:08:14.204+0300][19660][19092][debug][safepoint] Safepoint synchronization initiated using striped semaphore wait barrier. (32 threads)
[2025-05-20T21:08:14.204+0300][19660][19092][info ][safepoint] Safepoint "Cleanup", Time since last: 3022049400 ns, Reaching safepoint: 125500 ns, Cleanup: 23700 ns, At safepoint: 6800 ns, Total: 156000 ns
[2025-05-20T21:08:26.304+0300][19660][19092][debug][safepoint] Safepoint synchronization initiated using striped semaphore wait barrier. (32 threads)
[2025-05-20T21:08:26.304+0300][19660][19092][info ][safepoint] Safepoint "Cleanup", Time since last: 12099489500 ns, Reaching safepoint: 141300 ns, Cleanup: 21400 ns, At safepoint: 19100 ns, Total: 181800 ns
[2025-05-20T21:08:29.328+0300][19660][19092][debug][safepoint] Safepoint synchronization initiated using striped semaphore wait barrier. (32 threads)
[2025-05-20T21:08:29.328+0300][19660][19092][info ][safepoint] Safepoint "Cleanup", Time since last: 3024632600 ns, Reaching safepoint: 199600 ns, Cleanup: 29200 ns, At safepoint: 24700 ns, Total: 253500 ns
[2025-05-20T21:08:36.405+0300][19660][19092][debug][safepoint] Safepoint synchronization initiated using striped semaphore wait barrier. (32 threads)
[2025-05-20T21:08:36.406+0300][19660][19092][info ][safepoint] Safepoint "Cleanup", Time since last: 7076285200 ns, Reaching safepoint: 138900 ns, Cleanup: 37100 ns, At safepoint: 19400 ns, Total: 195400 ns
[2025-05-20T21:08:48.793+0300][19660][19092][debug][safepoint] Safepoint synchronization initiated using striped semaphore wait barrier. (32 threads)
[2025-05-20T21:08:48.793+0300][19660][3200 ][debug][safepoint] ... found polling page loop exception at pc = 0x0000020707f469a0, stub =0x0000020707584d80
[2025-05-20T21:08:48.793+0300][19660][19092][debug][gc,heap  ] GC(13) Heap before GC invocations=14 (full 3):
[2025-05-20T21:08:48.793+0300][19660][19092][debug][gc,heap  ] GC(13)  PSYoungGen      total 1389056K, used 1382217K [0x00000007aab00000, 0x0000000800000000, 0x0000000800000000)
[2025-05-20T21:08:48.793+0300][19660][19092][debug][gc,heap  ] GC(13)   eden space 1379840K, 100% used [0x00000007aab00000,0x00000007fee80000,0x00000007fee80000)
[2025-05-20T21:08:48.793+0300][19660][19092][debug][gc,heap  ] GC(13)   from space 9216K, 25% used [0x00000007ff700000,0x00000007ff9526f0,0x0000000800000000)
[2025-05-20T21:08:48.793+0300][19660][19092][debug][gc,heap  ] GC(13)   to   space 8704K, 0% used [0x00000007fee80000,0x00000007fee80000,0x00000007ff700000)
[2025-05-20T21:08:48.793+0300][19660][19092][debug][gc,heap  ] GC(13)  ParOldGen       total 2796544K, used 14247K [0x0000000700000000, 0x00000007aab00000, 0x00000007aab00000)
[2025-05-20T21:08:48.793+0300][19660][19092][debug][gc,heap  ] GC(13)   object space 2796544K, 0% used [0x0000000700000000,0x0000000700de9ef8,0x00000007aab00000)
[2025-05-20T21:08:48.793+0300][19660][19092][debug][gc,heap  ] GC(13)  Metaspace       used 34343K, committed 35520K, reserved 1114112K
[2025-05-20T21:08:48.793+0300][19660][19092][debug][gc,heap  ] GC(13)   class space    used 2862K, committed 3328K, reserved 1048576K
[2025-05-20T21:08:48.793+0300][19660][19092][debug][gc,phases] GC(13) Scavenge 2.874ms
[2025-05-20T21:08:48.793+0300][19660][19092][debug][gc,phases] GC(13) Reference Processing 0.072ms
[2025-05-20T21:08:48.793+0300][19660][19092][debug][gc,phases] GC(13)   VM Weak                        Min:  0.0, Avg:  0.0, Max:  0.0, Diff:  0.0, Sum:  0.0, Workers: 8
[2025-05-20T21:08:48.793+0300][19660][19092][debug][gc,phases] GC(13)     Dead                           Min: 0, Avg:  0.0, Max: 0, Diff: 0, Sum: 0, Workers: 8
[2025-05-20T21:08:48.793+0300][19660][19092][debug][gc,phases] GC(13)     Total                          Min: 0, Avg: 49.1, Max: 393, Diff: 393, Sum: 393, Workers: 8
[2025-05-20T21:08:48.793+0300][19660][19092][debug][gc,phases] GC(13)   ObjectSynchronizer Weak        Min:  0.0, Avg:  0.0, Max:  0.0, Diff:  0.0, Sum:  0.0, Workers: 8
[2025-05-20T21:08:48.793+0300][19660][19092][debug][gc,phases] GC(13)     Dead                           Min: 0, Avg:  0.0, Max: 0, Diff: 0, Sum: 0, Workers: 8
[2025-05-20T21:08:48.793+0300][19660][19092][debug][gc,phases] GC(13)     Total                          Min: 0, Avg:  6.6, Max: 53, Diff: 53, Sum: 53, Workers: 8
[2025-05-20T21:08:48.793+0300][19660][19092][debug][gc,phases] GC(13)   JVMTI Tag Weak OopStorage      Min:  0.0, Avg:  0.0, Max:  0.0, Diff:  0.0, Sum:  0.0, Workers: 8
[2025-05-20T21:08:48.793+0300][19660][19092][debug][gc,phases] GC(13)     Dead                           Min: 0, Avg:  0.0, Max: 0, Diff: 0, Sum: 0, Workers: 8
[2025-05-20T21:08:48.793+0300][19660][19092][debug][gc,phases] GC(13)     Total                          Min: 0, Avg:  0.0, Max: 0, Diff: 0, Sum: 0, Workers: 8
[2025-05-20T21:08:48.793+0300][19660][19092][debug][gc,phases] GC(13)   StringTable Weak               Min:  0.0, Avg:  0.1, Max:  0.1, Diff:  0.1, Sum:  0.5, Workers: 8
[2025-05-20T21:08:48.793+0300][19660][19092][debug][gc,phases] GC(13)     Dead                           Min: 0, Avg:  0.0, Max: 0, Diff: 0, Sum: 0, Workers: 8
[2025-05-20T21:08:48.793+0300][19660][19092][debug][gc,phases] GC(13)     Total                          Min: 960, Avg: 3493.6, Max: 9536, Diff: 8576, Sum: 27949, Workers: 8
[2025-05-20T21:08:48.793+0300][19660][19092][debug][gc,phases] GC(13)   ResolvedMethodTable Weak       Min:  0.0, Avg:  0.0, Max:  0.0, Diff:  0.0, Sum:  0.0, Workers: 8
[2025-05-20T21:08:48.793+0300][19660][19092][debug][gc,phases] GC(13)     Dead                           Min: 0, Avg:  0.0, Max: 0, Diff: 0, Sum: 0, Workers: 8
[2025-05-20T21:08:48.793+0300][19660][19092][debug][gc,phases] GC(13)     Total                          Min: 128, Avg: 220.2, Max: 320, Diff: 192, Sum: 1762, Workers: 8
[2025-05-20T21:08:48.793+0300][19660][19092][debug][gc,phases] GC(13)   JNI Weak                       Min:  0.0, Avg:  0.0, Max:  0.0, Diff:  0.0, Sum:  0.0, Workers: 8
[2025-05-20T21:08:48.793+0300][19660][19092][debug][gc,phases] GC(13)     Dead                           Min: 0, Avg:  0.0, Max: 0, Diff: 0, Sum: 0, Workers: 8
[2025-05-20T21:08:48.793+0300][19660][19092][debug][gc,phases] GC(13)     Total                          Min: 0, Avg:  0.0, Max: 0, Diff: 0, Sum: 0, Workers: 8
[2025-05-20T21:08:48.793+0300][19660][19092][debug][gc,phases] GC(13)   StringDedup Table Weak         Min:  0.0, Avg:  0.0, Max:  0.0, Diff:  0.0, Sum:  0.0, Workers: 8
[2025-05-20T21:08:48.793+0300][19660][19092][debug][gc,phases] GC(13)     Dead                           Min: 0, Avg:  0.0, Max: 0, Diff: 0, Sum: 0, Workers: 8
[2025-05-20T21:08:48.793+0300][19660][19092][debug][gc,phases] GC(13)     Total                          Min: 0, Avg:  0.0, Max: 0, Diff: 0, Sum: 0, Workers: 8
[2025-05-20T21:08:48.793+0300][19660][19092][debug][gc,phases] GC(13)   StringDedup Requests0 Weak     Min:  0.0, Avg:  0.0, Max:  0.0, Diff:  0.0, Sum:  0.0, Workers: 8
[2025-05-20T21:08:48.793+0300][19660][19092][debug][gc,phases] GC(13)     Dead                           Min: 0, Avg:  0.0, Max: 0, Diff: 0, Sum: 0, Workers: 8
[2025-05-20T21:08:48.793+0300][19660][19092][debug][gc,phases] GC(13)     Total                          Min: 0, Avg:  0.0, Max: 0, Diff: 0, Sum: 0, Workers: 8
[2025-05-20T21:08:48.793+0300][19660][19092][debug][gc,phases] GC(13)   StringDedup Requests1 Weak     Min:  0.0, Avg:  0.0, Max:  0.0, Diff:  0.0, Sum:  0.0, Workers: 8
[2025-05-20T21:08:48.793+0300][19660][19092][debug][gc,phases] GC(13)     Dead                           Min: 0, Avg:  0.0, Max: 0, Diff: 0, Sum: 0, Workers: 8
[2025-05-20T21:08:48.793+0300][19660][19092][debug][gc,phases] GC(13)     Total                          Min: 0, Avg:  0.0, Max: 0, Diff: 0, Sum: 0, Workers: 8
[2025-05-20T21:08:48.793+0300][19660][19092][debug][gc,phases] GC(13)   Weak JFR Old Object Samples    Min:  0.0, Avg:  0.0, Max:  0.0, Diff:  0.0, Sum:  0.0, Workers: 8
[2025-05-20T21:08:48.793+0300][19660][19092][debug][gc,phases] GC(13)     Dead                           Min: 0, Avg:  0.0, Max: 0, Diff: 0, Sum: 0, Workers: 8
[2025-05-20T21:08:48.793+0300][19660][19092][debug][gc,phases] GC(13)     Total                          Min: 0, Avg:  0.0, Max: 0, Diff: 0, Sum: 0, Workers: 8
[2025-05-20T21:08:48.793+0300][19660][19092][debug][gc,phases] GC(13) Weak Processing 0.814ms
[2025-05-20T21:08:48.793+0300][19660][19092][info ][gc,heap  ] GC(13) PSYoungGen: 1382217K(1389056K)->288K(1388544K) Eden: 1379840K(1379840K)->0K(1379840K) From: 2377K(9216K)->288K(8704K)
[2025-05-20T21:08:48.793+0300][19660][19092][info ][gc,heap  ] GC(13) ParOldGen: 14247K(2796544K)->16457K(2796544K)
[2025-05-20T21:08:48.793+0300][19660][19092][info ][gc       ] GC(13) Pause Young (Allocation Failure) 1363M->16M(4087M) 3.932ms
[2025-05-20T21:08:48.793+0300][19660][19092][debug][gc,heap  ] GC(13) Heap after GC invocations=14 (full 3):
[2025-05-20T21:08:48.793+0300][19660][19092][debug][gc,heap  ] GC(13)  PSYoungGen      total 1388544K, used 288K [0x00000007aab00000, 0x0000000800000000, 0x0000000800000000)
[2025-05-20T21:08:48.793+0300][19660][19092][debug][gc,heap  ] GC(13)   eden space 1379840K, 0% used [0x00000007aab00000,0x00000007aab00000,0x00000007fee80000)
[2025-05-20T21:08:48.793+0300][19660][19092][debug][gc,heap  ] GC(13)   from space 8704K, 3% used [0x00000007fee80000,0x00000007feec8000,0x00000007ff700000)
[2025-05-20T21:08:48.793+0300][19660][19092][debug][gc,heap  ] GC(13)   to   space 8704K, 0% used [0x00000007ff780000,0x00000007ff780000,0x0000000800000000)
[2025-05-20T21:08:48.793+0300][19660][19092][debug][gc,heap  ] GC(13)  ParOldGen       total 2796544K, used 16457K [0x0000000700000000, 0x00000007aab00000, 0x00000007aab00000)
[2025-05-20T21:08:48.793+0300][19660][19092][debug][gc,heap  ] GC(13)   object space 2796544K, 0% used [0x0000000700000000,0x00000007010125a0,0x00000007aab00000)
[2025-05-20T21:08:48.793+0300][19660][19092][debug][gc,heap  ] GC(13)  Metaspace       used 34343K, committed 35520K, reserved 1114112K
[2025-05-20T21:08:48.793+0300][19660][19092][debug][gc,heap  ] GC(13)   class space    used 2862K, committed 3328K, reserved 1048576K
[2025-05-20T21:08:48.793+0300][19660][19092][info ][safepoint] Safepoint "ParallelGCFailedAllocation", Time since last: 12387043900 ns, Reaching safepoint: 334000 ns, Cleanup: 24100 ns, At safepoint: 4412800 ns, Total: 4770900 ns
[2025-05-20T21:09:09.939+0300][19660][19092][debug][safepoint] Safepoint synchronization initiated using striped semaphore wait barrier. (32 threads)
[2025-05-20T21:09:09.939+0300][19660][19092][info ][safepoint] Safepoint "Cleanup", Time since last: 21141821600 ns, Reaching safepoint: 209800 ns, Cleanup: 39500 ns, At safepoint: 31100 ns, Total: 280400 ns
[2025-05-20T21:09:23.514+0300][19660][19092][debug][safepoint] Safepoint synchronization initiated using striped semaphore wait barrier. (32 threads)
[2025-05-20T21:09:23.514+0300][19660][19092][info ][safepoint] Safepoint "Cleanup", Time since last: 13575171100 ns, Reaching safepoint: 139600 ns, Cleanup: 31000 ns, At safepoint: 13000 ns, Total: 183600 ns
[2025-05-20T21:09:35.535+0300][19660][19092][debug][safepoint] Safepoint synchronization initiated using striped semaphore wait barrier. (32 threads)
[2025-05-20T21:09:35.535+0300][19660][20440][debug][safepoint] ... found polling page loop exception at pc = 0x0000020708588d3d, stub =0x0000020707585600
[2025-05-20T21:09:35.535+0300][19660][19092][debug][gc,heap  ] GC(14) Heap before GC invocations=15 (full 3):
[2025-05-20T21:09:35.535+0300][19660][19092][debug][gc,heap  ] GC(14)  PSYoungGen      total 1388544K, used 1380128K [0x00000007aab00000, 0x0000000800000000, 0x0000000800000000)
[2025-05-20T21:09:35.535+0300][19660][19092][debug][gc,heap  ] GC(14)   eden space 1379840K, 100% used [0x00000007aab00000,0x00000007fee80000,0x00000007fee80000)
[2025-05-20T21:09:35.535+0300][19660][19092][debug][gc,heap  ] GC(14)   from space 8704K, 3% used [0x00000007fee80000,0x00000007feec8000,0x00000007ff700000)
[2025-05-20T21:09:35.535+0300][19660][19092][debug][gc,heap  ] GC(14)   to   space 8704K, 0% used [0x00000007ff780000,0x00000007ff780000,0x0000000800000000)
[2025-05-20T21:09:35.535+0300][19660][19092][debug][gc,heap  ] GC(14)  ParOldGen       total 2796544K, used 16457K [0x0000000700000000, 0x00000007aab00000, 0x00000007aab00000)
[2025-05-20T21:09:35.535+0300][19660][19092][debug][gc,heap  ] GC(14)   object space 2796544K, 0% used [0x0000000700000000,0x00000007010125a0,0x00000007aab00000)
[2025-05-20T21:09:35.535+0300][19660][19092][debug][gc,heap  ] GC(14)  Metaspace       used 34343K, committed 35520K, reserved 1114112K
[2025-05-20T21:09:35.535+0300][19660][19092][debug][gc,heap  ] GC(14)   class space    used 2862K, committed 3328K, reserved 1048576K
[2025-05-20T21:09:35.535+0300][19660][19092][debug][gc,phases] GC(14) Scavenge 0.373ms
[2025-05-20T21:09:35.535+0300][19660][19092][debug][gc,phases] GC(14) Reference Processing 0.028ms
[2025-05-20T21:09:35.535+0300][19660][19092][debug][gc,phases] GC(14)   VM Weak                        Min:  0.0, Avg:  0.0, Max:  0.0, Diff:  0.0, Sum:  0.0, Workers: 8
[2025-05-20T21:09:35.535+0300][19660][19092][debug][gc,phases] GC(14)     Dead                           Min: 0, Avg:  0.0, Max: 0, Diff: 0, Sum: 0, Workers: 8
[2025-05-20T21:09:35.535+0300][19660][19092][debug][gc,phases] GC(14)     Total                          Min: 0, Avg: 49.1, Max: 383, Diff: 383, Sum: 393, Workers: 8
[2025-05-20T21:09:35.535+0300][19660][19092][debug][gc,phases] GC(14)   ObjectSynchronizer Weak        Min:  0.0, Avg:  0.0, Max:  0.0, Diff:  0.0, Sum:  0.0, Workers: 8
[2025-05-20T21:09:35.535+0300][19660][19092][debug][gc,phases] GC(14)     Dead                           Min: 0, Avg:  0.0, Max: 0, Diff: 0, Sum: 0, Workers: 8
[2025-05-20T21:09:35.535+0300][19660][19092][debug][gc,phases] GC(14)     Total                          Min: 0, Avg:  2.9, Max: 23, Diff: 23, Sum: 23, Workers: 8
[2025-05-20T21:09:35.535+0300][19660][19092][debug][gc,phases] GC(14)   JVMTI Tag Weak OopStorage      Min:  0.0, Avg:  0.0, Max:  0.0, Diff:  0.0, Sum:  0.0, Workers: 8
[2025-05-20T21:09:35.535+0300][19660][19092][debug][gc,phases] GC(14)     Dead                           Min: 0, Avg:  0.0, Max: 0, Diff: 0, Sum: 0, Workers: 8
[2025-05-20T21:09:35.535+0300][19660][19092][debug][gc,phases] GC(14)     Total                          Min: 0, Avg:  0.0, Max: 0, Diff: 0, Sum: 0, Workers: 8
[2025-05-20T21:09:35.535+0300][19660][19092][debug][gc,phases] GC(14)   StringTable Weak               Min:  0.0, Avg:  0.0, Max:  0.1, Diff:  0.1, Sum:  0.2, Workers: 8
[2025-05-20T21:09:35.535+0300][19660][19092][debug][gc,phases] GC(14)     Dead                           Min: 0, Avg:  0.0, Max: 0, Diff: 0, Sum: 0, Workers: 8
[2025-05-20T21:09:35.535+0300][19660][19092][debug][gc,phases] GC(14)     Total                          Min: 1536, Avg: 3494.9, Max: 8960, Diff: 7424, Sum: 27959, Workers: 8
[2025-05-20T21:09:35.535+0300][19660][19092][debug][gc,phases] GC(14)   ResolvedMethodTable Weak       Min:  0.0, Avg:  0.0, Max:  0.0, Diff:  0.0, Sum:  0.0, Workers: 8
[2025-05-20T21:09:35.535+0300][19660][19092][debug][gc,phases] GC(14)     Dead                           Min: 0, Avg:  0.0, Max: 0, Diff: 0, Sum: 0, Workers: 8
[2025-05-20T21:09:35.535+0300][19660][19092][debug][gc,phases] GC(14)     Total                          Min: 128, Avg: 220.2, Max: 290, Diff: 162, Sum: 1762, Workers: 8
[2025-05-20T21:09:35.535+0300][19660][19092][debug][gc,phases] GC(14)   JNI Weak                       Min:  0.0, Avg:  0.0, Max:  0.0, Diff:  0.0, Sum:  0.0, Workers: 8
[2025-05-20T21:09:35.535+0300][19660][19092][debug][gc,phases] GC(14)     Dead                           Min: 0, Avg:  0.0, Max: 0, Diff: 0, Sum: 0, Workers: 8
[2025-05-20T21:09:35.535+0300][19660][19092][debug][gc,phases] GC(14)     Total                          Min: 0, Avg:  0.0, Max: 0, Diff: 0, Sum: 0, Workers: 8
[2025-05-20T21:09:35.535+0300][19660][19092][debug][gc,phases] GC(14)   StringDedup Table Weak         Min:  0.0, Avg:  0.0, Max:  0.0, Diff:  0.0, Sum:  0.0, Workers: 8
[2025-05-20T21:09:35.535+0300][19660][19092][debug][gc,phases] GC(14)     Dead                           Min: 0, Avg:  0.0, Max: 0, Diff: 0, Sum: 0, Workers: 8
[2025-05-20T21:09:35.535+0300][19660][19092][debug][gc,phases] GC(14)     Total                          Min: 0, Avg:  0.0, Max: 0, Diff: 0, Sum: 0, Workers: 8
[2025-05-20T21:09:35.535+0300][19660][19092][debug][gc,phases] GC(14)   StringDedup Requests0 Weak     Min:  0.0, Avg:  0.0, Max:  0.0, Diff:  0.0, Sum:  0.0, Workers: 8
[2025-05-20T21:09:35.535+0300][19660][19092][debug][gc,phases] GC(14)     Dead                           Min: 0, Avg:  0.0, Max: 0, Diff: 0, Sum: 0, Workers: 8
[2025-05-20T21:09:35.535+0300][19660][19092][debug][gc,phases] GC(14)     Total                          Min: 0, Avg:  0.0, Max: 0, Diff: 0, Sum: 0, Workers: 8
[2025-05-20T21:09:35.535+0300][19660][19092][debug][gc,phases] GC(14)   StringDedup Requests1 Weak     Min:  0.0, Avg:  0.0, Max:  0.0, Diff:  0.0, Sum:  0.0, Workers: 8
[2025-05-20T21:09:35.535+0300][19660][19092][debug][gc,phases] GC(14)     Dead                           Min: 0, Avg:  0.0, Max: 0, Diff: 0, Sum: 0, Workers: 8
[2025-05-20T21:09:35.535+0300][19660][19092][debug][gc,phases] GC(14)     Total                          Min: 0, Avg:  0.0, Max: 0, Diff: 0, Sum: 0, Workers: 8
[2025-05-20T21:09:35.535+0300][19660][19092][debug][gc,phases] GC(14)   Weak JFR Old Object Samples    Min:  0.0, Avg:  0.0, Max:  0.0, Diff:  0.0, Sum:  0.0, Workers: 8
[2025-05-20T21:09:35.535+0300][19660][19092][debug][gc,phases] GC(14)     Dead                           Min: 0, Avg:  0.0, Max: 0, Diff: 0, Sum: 0, Workers: 8
[2025-05-20T21:09:35.535+0300][19660][19092][debug][gc,phases] GC(14)     Total                          Min: 0, Avg:  0.0, Max: 0, Diff: 0, Sum: 0, Workers: 8
[2025-05-20T21:09:35.535+0300][19660][19092][debug][gc,phases] GC(14) Weak Processing 0.412ms
[2025-05-20T21:09:35.535+0300][19660][19092][info ][gc,heap  ] GC(14) PSYoungGen: 1380128K(1388544K)->288K(1389056K) Eden: 1379840K(1379840K)->0K(1380352K) From: 288K(8704K)->288K(8704K)
[2025-05-20T21:09:35.535+0300][19660][19092][info ][gc,heap  ] GC(14) ParOldGen: 16457K(2796544K)->16513K(2796544K)
[2025-05-20T21:09:35.535+0300][19660][19092][info ][gc       ] GC(14) Pause Young (Allocation Failure) 1363M->16M(4087M) 0.895ms
[2025-05-20T21:09:35.535+0300][19660][19092][debug][gc,heap  ] GC(14) Heap after GC invocations=15 (full 3):
[2025-05-20T21:09:35.535+0300][19660][19092][debug][gc,heap  ] GC(14)  PSYoungGen      total 1389056K, used 288K [0x00000007aab00000, 0x0000000800000000, 0x0000000800000000)
[2025-05-20T21:09:35.535+0300][19660][19092][debug][gc,heap  ] GC(14)   eden space 1380352K, 0% used [0x00000007aab00000,0x00000007aab00000,0x00000007fef00000)
[2025-05-20T21:09:35.535+0300][19660][19092][debug][gc,heap  ] GC(14)   from space 8704K, 3% used [0x00000007ff780000,0x00000007ff7c8000,0x0000000800000000)
[2025-05-20T21:09:35.535+0300][19660][19092][debug][gc,heap  ] GC(14)   to   space 8704K, 0% used [0x00000007fef00000,0x00000007fef00000,0x00000007ff780000)
[2025-05-20T21:09:35.535+0300][19660][19092][debug][gc,heap  ] GC(14)  ParOldGen       total 2796544K, used 16513K [0x0000000700000000, 0x00000007aab00000, 0x00000007aab00000)
[2025-05-20T21:09:35.535+0300][19660][19092][debug][gc,heap  ] GC(14)   object space 2796544K, 0% used [0x0000000700000000,0x00000007010205a0,0x00000007aab00000)
[2025-05-20T21:09:35.535+0300][19660][19092][debug][gc,heap  ] GC(14)  Metaspace       used 34343K, committed 35520K, reserved 1114112K
[2025-05-20T21:09:35.535+0300][19660][19092][debug][gc,heap  ] GC(14)   class space    used 2862K, committed 3328K, reserved 1048576K
[2025-05-20T21:09:35.535+0300][19660][19092][info ][safepoint] Safepoint "ParallelGCFailedAllocation", Time since last: 12020825300 ns, Reaching safepoint: 133000 ns, Cleanup: 8100 ns, At safepoint: 1102300 ns, Total: 1243400 ns
[2025-05-20T21:09:36.548+0300][19660][19092][debug][safepoint] Safepoint synchronization initiated using striped semaphore wait barrier. (27 threads)
[2025-05-20T21:09:36.548+0300][19660][19092][info ][safepoint] Safepoint "Cleanup", Time since last: 1011553600 ns, Reaching safepoint: 142700 ns, Cleanup: 22300 ns, At safepoint: 3800 ns, Total: 168800 ns
[2025-05-20T21:09:36.901+0300][19660][19092][debug][safepoint] Safepoint synchronization initiated using striped semaphore wait barrier. (24 threads)
[2025-05-20T21:09:36.901+0300][19660][19092][debug][gc,heap  ] GC(15) Heap before GC invocations=16 (full 3):
[2025-05-20T21:09:36.901+0300][19660][19092][debug][gc,heap  ] GC(15)  PSYoungGen      total 1389056K, used 60850K [0x00000007aab00000, 0x0000000800000000, 0x0000000800000000)
[2025-05-20T21:09:36.901+0300][19660][19092][debug][gc,heap  ] GC(15)   eden space 1380352K, 4% used [0x00000007aab00000,0x00000007ae624a48,0x00000007fef00000)
[2025-05-20T21:09:36.901+0300][19660][19092][debug][gc,heap  ] GC(15)   from space 8704K, 3% used [0x00000007ff780000,0x00000007ff7c8000,0x0000000800000000)
[2025-05-20T21:09:36.901+0300][19660][19092][debug][gc,heap  ] GC(15)   to   space 8704K, 0% used [0x00000007fef00000,0x00000007fef00000,0x00000007ff780000)
[2025-05-20T21:09:36.901+0300][19660][19092][debug][gc,heap  ] GC(15)  ParOldGen       total 2796544K, used 16513K [0x0000000700000000, 0x00000007aab00000, 0x00000007aab00000)
[2025-05-20T21:09:36.901+0300][19660][19092][debug][gc,heap  ] GC(15)   object space 2796544K, 0% used [0x0000000700000000,0x00000007010205a0,0x00000007aab00000)
[2025-05-20T21:09:36.901+0300][19660][19092][debug][gc,heap  ] GC(15)  Metaspace       used 34358K, committed 35520K, reserved 1114112K
[2025-05-20T21:09:36.901+0300][19660][19092][debug][gc,heap  ] GC(15)   class space    used 2863K, committed 3328K, reserved 1048576K
[2025-05-20T21:09:36.901+0300][19660][19092][debug][gc,phases] GC(15) Scavenge 0.342ms
[2025-05-20T21:09:36.901+0300][19660][19092][debug][gc,phases] GC(15) Reference Processing 0.039ms
[2025-05-20T21:09:36.901+0300][19660][19092][debug][gc,phases] GC(15)   VM Weak                        Min:  0.0, Avg:  0.0, Max:  0.0, Diff:  0.0, Sum:  0.0, Workers: 8
[2025-05-20T21:09:36.901+0300][19660][19092][debug][gc,phases] GC(15)     Dead                           Min: 0, Avg:  0.0, Max: 0, Diff: 0, Sum: 0, Workers: 8
[2025-05-20T21:09:36.901+0300][19660][19092][debug][gc,phases] GC(15)     Total                          Min: 0, Avg: 49.2, Max: 394, Diff: 394, Sum: 394, Workers: 8
[2025-05-20T21:09:36.901+0300][19660][19092][debug][gc,phases] GC(15)   ObjectSynchronizer Weak        Min:  0.0, Avg:  0.0, Max:  0.0, Diff:  0.0, Sum:  0.0, Workers: 8
[2025-05-20T21:09:36.901+0300][19660][19092][debug][gc,phases] GC(15)     Dead                           Min: 0, Avg:  0.0, Max: 0, Diff: 0, Sum: 0, Workers: 8
[2025-05-20T21:09:36.901+0300][19660][19092][debug][gc,phases] GC(15)     Total                          Min: 0, Avg:  3.1, Max: 25, Diff: 25, Sum: 25, Workers: 8
[2025-05-20T21:09:36.901+0300][19660][19092][debug][gc,phases] GC(15)   JVMTI Tag Weak OopStorage      Min:  0.0, Avg:  0.0, Max:  0.0, Diff:  0.0, Sum:  0.0, Workers: 8
[2025-05-20T21:09:36.901+0300][19660][19092][debug][gc,phases] GC(15)     Dead                           Min: 0, Avg:  0.0, Max: 0, Diff: 0, Sum: 0, Workers: 8
[2025-05-20T21:09:36.901+0300][19660][19092][debug][gc,phases] GC(15)     Total                          Min: 0, Avg:  0.0, Max: 0, Diff: 0, Sum: 0, Workers: 8
[2025-05-20T21:09:36.901+0300][19660][19092][debug][gc,phases] GC(15)   StringTable Weak               Min:  0.0, Avg:  0.0, Max:  0.1, Diff:  0.1, Sum:  0.2, Workers: 8
[2025-05-20T21:09:36.901+0300][19660][19092][debug][gc,phases] GC(15)     Dead                           Min: 0, Avg:  0.1, Max: 1, Diff: 1, Sum: 1, Workers: 8
[2025-05-20T21:09:36.901+0300][19660][19092][debug][gc,phases] GC(15)     Total                          Min: 1728, Avg: 3494.9, Max: 8640, Diff: 6912, Sum: 27959, Workers: 8
[2025-05-20T21:09:36.901+0300][19660][19092][debug][gc,phases] GC(15)   ResolvedMethodTable Weak       Min:  0.0, Avg:  0.0, Max:  0.0, Diff:  0.0, Sum:  0.0, Workers: 8
[2025-05-20T21:09:36.901+0300][19660][19092][debug][gc,phases] GC(15)     Dead                           Min: 0, Avg:  0.0, Max: 0, Diff: 0, Sum: 0, Workers: 8
[2025-05-20T21:09:36.901+0300][19660][19092][debug][gc,phases] GC(15)     Total                          Min: 192, Avg: 220.6, Max: 256, Diff: 64, Sum: 1765, Workers: 8
[2025-05-20T21:09:36.901+0300][19660][19092][debug][gc,phases] GC(15)   JNI Weak                       Min:  0.0, Avg:  0.0, Max:  0.0, Diff:  0.0, Sum:  0.0, Workers: 8
[2025-05-20T21:09:36.901+0300][19660][19092][debug][gc,phases] GC(15)     Dead                           Min: 0, Avg:  0.0, Max: 0, Diff: 0, Sum: 0, Workers: 8
[2025-05-20T21:09:36.901+0300][19660][19092][debug][gc,phases] GC(15)     Total                          Min: 0, Avg:  0.1, Max: 1, Diff: 1, Sum: 1, Workers: 8
[2025-05-20T21:09:36.901+0300][19660][19092][debug][gc,phases] GC(15)   StringDedup Table Weak         Min:  0.0, Avg:  0.0, Max:  0.0, Diff:  0.0, Sum:  0.0, Workers: 8
[2025-05-20T21:09:36.901+0300][19660][19092][debug][gc,phases] GC(15)     Dead                           Min: 0, Avg:  0.0, Max: 0, Diff: 0, Sum: 0, Workers: 8
[2025-05-20T21:09:36.901+0300][19660][19092][debug][gc,phases] GC(15)     Total                          Min: 0, Avg:  0.0, Max: 0, Diff: 0, Sum: 0, Workers: 8
[2025-05-20T21:09:36.901+0300][19660][19092][debug][gc,phases] GC(15)   StringDedup Requests0 Weak     Min:  0.0, Avg:  0.0, Max:  0.0, Diff:  0.0, Sum:  0.0, Workers: 8
[2025-05-20T21:09:36.901+0300][19660][19092][debug][gc,phases] GC(15)     Dead                           Min: 0, Avg:  0.0, Max: 0, Diff: 0, Sum: 0, Workers: 8
[2025-05-20T21:09:36.901+0300][19660][19092][debug][gc,phases] GC(15)     Total                          Min: 0, Avg:  0.0, Max: 0, Diff: 0, Sum: 0, Workers: 8
[2025-05-20T21:09:36.901+0300][19660][19092][debug][gc,phases] GC(15)   StringDedup Requests1 Weak     Min:  0.0, Avg:  0.0, Max:  0.0, Diff:  0.0, Sum:  0.0, Workers: 8
[2025-05-20T21:09:36.901+0300][19660][19092][debug][gc,phases] GC(15)     Dead                           Min: 0, Avg:  0.0, Max: 0, Diff: 0, Sum: 0, Workers: 8
[2025-05-20T21:09:36.901+0300][19660][19092][debug][gc,phases] GC(15)     Total                          Min: 0, Avg:  0.0, Max: 0, Diff: 0, Sum: 0, Workers: 8
[2025-05-20T21:09:36.901+0300][19660][19092][debug][gc,phases] GC(15)   Weak JFR Old Object Samples    Min:  0.0, Avg:  0.0, Max:  0.0, Diff:  0.0, Sum:  0.0, Workers: 8
[2025-05-20T21:09:36.901+0300][19660][19092][debug][gc,phases] GC(15)     Dead                           Min: 0, Avg:  0.0, Max: 0, Diff: 0, Sum: 0, Workers: 8
[2025-05-20T21:09:36.901+0300][19660][19092][debug][gc,phases] GC(15)     Total                          Min: 0, Avg:  0.0, Max: 0, Diff: 0, Sum: 0, Workers: 8
[2025-05-20T21:09:36.901+0300][19660][19092][debug][gc,phases] GC(15) Weak Processing 0.428ms
[2025-05-20T21:09:36.901+0300][19660][19092][info ][gc,heap  ] GC(15) PSYoungGen: 60850K(1389056K)->256K(1389056K) Eden: 60562K(1380352K)->0K(1380352K) From: 288K(8704K)->256K(8704K)
[2025-05-20T21:09:36.901+0300][19660][19092][info ][gc,heap  ] GC(15) ParOldGen: 16513K(2796544K)->16569K(2796544K)
[2025-05-20T21:09:36.901+0300][19660][19092][info ][gc       ] GC(15) Pause Young (System.gc()) 75M->16M(4087M) 0.886ms
[2025-05-20T21:09:36.901+0300][19660][19092][debug][gc,heap  ] GC(15) Heap after GC invocations=16 (full 3):
[2025-05-20T21:09:36.901+0300][19660][19092][debug][gc,heap  ] GC(15)  PSYoungGen      total 1389056K, used 256K [0x00000007aab00000, 0x0000000800000000, 0x0000000800000000)
[2025-05-20T21:09:36.901+0300][19660][19092][debug][gc,heap  ] GC(15)   eden space 1380352K, 0% used [0x00000007aab00000,0x00000007aab00000,0x00000007fef00000)
[2025-05-20T21:09:36.901+0300][19660][19092][debug][gc,heap  ] GC(15)   from space 8704K, 2% used [0x00000007fef00000,0x00000007fef40000,0x00000007ff780000)
[2025-05-20T21:09:36.901+0300][19660][19092][debug][gc,heap  ] GC(15)   to   space 8704K, 0% used [0x00000007ff780000,0x00000007ff780000,0x0000000800000000)
[2025-05-20T21:09:36.901+0300][19660][19092][debug][gc,heap  ] GC(15)  ParOldGen       total 2796544K, used 16569K [0x0000000700000000, 0x00000007aab00000, 0x00000007aab00000)
[2025-05-20T21:09:36.901+0300][19660][19092][debug][gc,heap  ] GC(15)   object space 2796544K, 0% used [0x0000000700000000,0x000000070102e5a0,0x00000007aab00000)
[2025-05-20T21:09:36.901+0300][19660][19092][debug][gc,heap  ] GC(15)  Metaspace       used 34358K, committed 35520K, reserved 1114112K
[2025-05-20T21:09:36.901+0300][19660][19092][debug][gc,heap  ] GC(15)   class space    used 2863K, committed 3328K, reserved 1048576K
[2025-05-20T21:09:36.901+0300][19660][19092][debug][gc,heap  ] GC(16) Heap before GC invocations=17 (full 4):
[2025-05-20T21:09:36.901+0300][19660][19092][debug][gc,heap  ] GC(16)  PSYoungGen      total 1389056K, used 256K [0x00000007aab00000, 0x0000000800000000, 0x0000000800000000)
[2025-05-20T21:09:36.901+0300][19660][19092][debug][gc,heap  ] GC(16)   eden space 1380352K, 0% used [0x00000007aab00000,0x00000007aab00000,0x00000007fef00000)
[2025-05-20T21:09:36.901+0300][19660][19092][debug][gc,heap  ] GC(16)   from space 8704K, 2% used [0x00000007fef00000,0x00000007fef40000,0x00000007ff780000)
[2025-05-20T21:09:36.901+0300][19660][19092][debug][gc,heap  ] GC(16)   to   space 8704K, 0% used [0x00000007ff780000,0x00000007ff780000,0x0000000800000000)
[2025-05-20T21:09:36.901+0300][19660][19092][debug][gc,heap  ] GC(16)  ParOldGen       total 2796544K, used 16569K [0x0000000700000000, 0x00000007aab00000, 0x00000007aab00000)
[2025-05-20T21:09:36.901+0300][19660][19092][debug][gc,heap  ] GC(16)   object space 2796544K, 0% used [0x0000000700000000,0x000000070102e5a0,0x00000007aab00000)
[2025-05-20T21:09:36.901+0300][19660][19092][debug][gc,heap  ] GC(16)  Metaspace       used 34358K, committed 35520K, reserved 1114112K
[2025-05-20T21:09:36.901+0300][19660][19092][debug][gc,heap  ] GC(16)   class space    used 2863K, committed 3328K, reserved 1048576K
[2025-05-20T21:09:36.901+0300][19660][19092][debug][gc,phases] GC(16) Pre Compact 0.086ms
[2025-05-20T21:09:36.907+0300][19660][19092][debug][gc,phases] GC(16) Par Mark 3.793ms
[2025-05-20T21:09:36.907+0300][19660][19092][debug][gc,phases] GC(16) Reference Processing 0.344ms
[2025-05-20T21:09:36.907+0300][19660][19092][debug][gc,phases] GC(16)   VM Weak                        Min:  0.0, Avg:  0.0, Max:  0.0, Diff:  0.0, Sum:  0.0, Workers: 8
[2025-05-20T21:09:36.907+0300][19660][19092][debug][gc,phases] GC(16)     Dead                           Min: 0, Avg:  5.6, Max: 34, Diff: 34, Sum: 45, Workers: 8
[2025-05-20T21:09:36.907+0300][19660][19092][debug][gc,phases] GC(16)     Total                          Min: 0, Avg: 49.2, Max: 336, Diff: 336, Sum: 394, Workers: 8
[2025-05-20T21:09:36.907+0300][19660][19092][debug][gc,phases] GC(16)   ObjectSynchronizer Weak        Min:  0.0, Avg:  0.0, Max:  0.0, Diff:  0.0, Sum:  0.0, Workers: 8
[2025-05-20T21:09:36.907+0300][19660][19092][debug][gc,phases] GC(16)     Dead                           Min: 0, Avg:  1.2, Max: 10, Diff: 10, Sum: 10, Workers: 8
[2025-05-20T21:09:36.907+0300][19660][19092][debug][gc,phases] GC(16)     Total                          Min: 0, Avg:  3.1, Max: 25, Diff: 25, Sum: 25, Workers: 8
[2025-05-20T21:09:36.907+0300][19660][19092][debug][gc,phases] GC(16)   JVMTI Tag Weak OopStorage      Min:  0.0, Avg:  0.0, Max:  0.0, Diff:  0.0, Sum:  0.0, Workers: 8
[2025-05-20T21:09:36.907+0300][19660][19092][debug][gc,phases] GC(16)     Dead                           Min: 0, Avg:  0.0, Max: 0, Diff: 0, Sum: 0, Workers: 8
[2025-05-20T21:09:36.907+0300][19660][19092][debug][gc,phases] GC(16)     Total                          Min: 0, Avg:  0.0, Max: 0, Diff: 0, Sum: 0, Workers: 8
[2025-05-20T21:09:36.907+0300][19660][19092][debug][gc,phases] GC(16)   StringTable Weak               Min:  0.0, Avg:  0.0, Max:  0.1, Diff:  0.1, Sum:  0.3, Workers: 8
[2025-05-20T21:09:36.907+0300][19660][19092][debug][gc,phases] GC(16)     Dead                           Min: 1, Avg: 161.0, Max: 438, Diff: 437, Sum: 1288, Workers: 8
[2025-05-20T21:09:36.907+0300][19660][19092][debug][gc,phases] GC(16)     Total                          Min: 2176, Avg: 3494.9, Max: 7040, Diff: 4864, Sum: 27959, Workers: 8
[2025-05-20T21:09:36.907+0300][19660][19092][debug][gc,phases] GC(16)   ResolvedMethodTable Weak       Min:  0.0, Avg:  0.0, Max:  0.0, Diff:  0.0, Sum:  0.0, Workers: 8
[2025-05-20T21:09:36.907+0300][19660][19092][debug][gc,phases] GC(16)     Dead                           Min: 0, Avg:  9.1, Max: 39, Diff: 39, Sum: 73, Workers: 8
[2025-05-20T21:09:36.907+0300][19660][19092][debug][gc,phases] GC(16)     Total                          Min: 128, Avg: 220.6, Max: 256, Diff: 128, Sum: 1765, Workers: 8
[2025-05-20T21:09:36.907+0300][19660][19092][debug][gc,phases] GC(16)   JNI Weak                       Min:  0.0, Avg:  0.0, Max:  0.0, Diff:  0.0, Sum:  0.0, Workers: 8
[2025-05-20T21:09:36.907+0300][19660][19092][debug][gc,phases] GC(16)     Dead                           Min: 0, Avg:  0.0, Max: 0, Diff: 0, Sum: 0, Workers: 8
[2025-05-20T21:09:36.907+0300][19660][19092][debug][gc,phases] GC(16)     Total                          Min: 0, Avg:  0.1, Max: 1, Diff: 1, Sum: 1, Workers: 8
[2025-05-20T21:09:36.907+0300][19660][19092][debug][gc,phases] GC(16)   StringDedup Table Weak         Min:  0.0, Avg:  0.0, Max:  0.0, Diff:  0.0, Sum:  0.0, Workers: 8
[2025-05-20T21:09:36.907+0300][19660][19092][debug][gc,phases] GC(16)     Dead                           Min: 0, Avg:  0.0, Max: 0, Diff: 0, Sum: 0, Workers: 8
[2025-05-20T21:09:36.907+0300][19660][19092][debug][gc,phases] GC(16)     Total                          Min: 0, Avg:  0.0, Max: 0, Diff: 0, Sum: 0, Workers: 8
[2025-05-20T21:09:36.907+0300][19660][19092][debug][gc,phases] GC(16)   StringDedup Requests0 Weak     Min:  0.0, Avg:  0.0, Max:  0.0, Diff:  0.0, Sum:  0.0, Workers: 8
[2025-05-20T21:09:36.907+0300][19660][19092][debug][gc,phases] GC(16)     Dead                           Min: 0, Avg:  0.0, Max: 0, Diff: 0, Sum: 0, Workers: 8
[2025-05-20T21:09:36.907+0300][19660][19092][debug][gc,phases] GC(16)     Total                          Min: 0, Avg:  0.0, Max: 0, Diff: 0, Sum: 0, Workers: 8
[2025-05-20T21:09:36.907+0300][19660][19092][debug][gc,phases] GC(16)   StringDedup Requests1 Weak     Min:  0.0, Avg:  0.0, Max:  0.0, Diff:  0.0, Sum:  0.0, Workers: 8
[2025-05-20T21:09:36.907+0300][19660][19092][debug][gc,phases] GC(16)     Dead                           Min: 0, Avg:  0.0, Max: 0, Diff: 0, Sum: 0, Workers: 8
[2025-05-20T21:09:36.907+0300][19660][19092][debug][gc,phases] GC(16)     Total                          Min: 0, Avg:  0.0, Max: 0, Diff: 0, Sum: 0, Workers: 8
[2025-05-20T21:09:36.907+0300][19660][19092][debug][gc,phases] GC(16)   Weak JFR Old Object Samples    Min:  0.0, Avg:  0.0, Max:  0.0, Diff:  0.0, Sum:  0.0, Workers: 8
[2025-05-20T21:09:36.907+0300][19660][19092][debug][gc,phases] GC(16)     Dead                           Min: 0, Avg:  0.0, Max: 0, Diff: 0, Sum: 0, Workers: 8
[2025-05-20T21:09:36.907+0300][19660][19092][debug][gc,phases] GC(16)     Total                          Min: 0, Avg:  0.0, Max: 0, Diff: 0, Sum: 0, Workers: 8
[2025-05-20T21:09:36.907+0300][19660][19092][debug][gc,phases] GC(16) Weak Processing 0.461ms
[2025-05-20T21:09:36.907+0300][19660][19092][debug][gc,phases] GC(16) ClassLoaderData 0.215ms
[2025-05-20T21:09:36.907+0300][19660][19092][debug][gc,phases] GC(16) Trigger cleanups 0.005ms
[2025-05-20T21:09:36.917+0300][19660][19092][debug][gc,phases] GC(16) Purge Unlinked NMethods 1.436ms
[2025-05-20T21:09:36.917+0300][19660][19092][debug][gc,phases] GC(16) Unregister NMethods 0.001ms
[2025-05-20T21:09:36.917+0300][19660][19092][debug][gc,phases] GC(16) Free Code Blobs 0.164ms
[2025-05-20T21:09:36.917+0300][19660][19092][debug][gc,phases] GC(16) Class Unloading 20.183ms
[2025-05-20T21:09:36.917+0300][19660][19092][debug][gc,phases] GC(16) Report Object Count 0.001ms
[2025-05-20T21:09:36.917+0300][19660][19092][info ][gc,phases] GC(16) Marking Phase 24.930ms
[2025-05-20T21:09:36.917+0300][19660][19092][info ][gc,phases] GC(16) Summary Phase 0.002ms
[2025-05-20T21:09:36.933+0300][19660][19092][info ][gc,phases] GC(16) Adjust Roots 7.671ms
[2025-05-20T21:09:36.942+0300][19660][19092][info ][gc,phases] GC(16) Compaction Phase 6.808ms
[2025-05-20T21:09:36.942+0300][19660][19092][debug][gc,phases] GC(16) Purge Class Loader Data 0.555ms
[2025-05-20T21:09:36.942+0300][19660][19092][info ][gc,phases] GC(16) Post Compact 0.747ms
[2025-05-20T21:09:36.942+0300][19660][19092][info ][gc,heap  ] GC(16) PSYoungGen: 256K(1389056K)->0K(1389056K) Eden: 0K(1380352K)->0K(1380352K) From: 256K(8704K)->0K(8704K)
[2025-05-20T21:09:36.942+0300][19660][19092][info ][gc,heap  ] GC(16) ParOldGen: 16569K(2796544K)->14103K(2796544K)
[2025-05-20T21:09:36.942+0300][19660][19092][info ][gc       ] GC(16) Pause Full (System.gc()) 16M->13M(4087M) 40.320ms
[2025-05-20T21:09:36.942+0300][19660][19092][debug][gc,heap  ] GC(16) Heap after GC invocations=17 (full 4):
[2025-05-20T21:09:36.942+0300][19660][19092][debug][gc,heap  ] GC(16)  PSYoungGen      total 1389056K, used 0K [0x00000007aab00000, 0x0000000800000000, 0x0000000800000000)
[2025-05-20T21:09:36.942+0300][19660][19092][debug][gc,heap  ] GC(16)   eden space 1380352K, 0% used [0x00000007aab00000,0x00000007aab00000,0x00000007fef00000)
[2025-05-20T21:09:36.942+0300][19660][19092][debug][gc,heap  ] GC(16)   from space 8704K, 0% used [0x00000007fef00000,0x00000007fef00000,0x00000007ff780000)
[2025-05-20T21:09:36.942+0300][19660][19092][debug][gc,heap  ] GC(16)   to   space 8704K, 0% used [0x00000007ff780000,0x00000007ff780000,0x0000000800000000)
[2025-05-20T21:09:36.942+0300][19660][19092][debug][gc,heap  ] GC(16)  ParOldGen       total 2796544K, used 14103K [0x0000000700000000, 0x00000007aab00000, 0x00000007aab00000)
[2025-05-20T21:09:36.942+0300][19660][19092][debug][gc,heap  ] GC(16)   object space 2796544K, 0% used [0x0000000700000000,0x0000000700dc5ec8,0x00000007aab00000)
[2025-05-20T21:09:36.942+0300][19660][19092][debug][gc,heap  ] GC(16)  Metaspace       used 33319K, committed 35520K, reserved 1114112K
[2025-05-20T21:09:36.942+0300][19660][19092][debug][gc,heap  ] GC(16)   class space    used 2787K, committed 3328K, reserved 1048576K
[2025-05-20T21:09:36.942+0300][19660][19092][info ][safepoint] Safepoint "ParallelGCSystemGC", Time since last: 355352400 ns, Reaching safepoint: 49900 ns, Cleanup: 14000 ns, At safepoint: 41594700 ns, Total: 41658600 ns
[2025-05-20T21:09:38.953+0300][19660][19092][debug][safepoint] Safepoint synchronization initiated using striped semaphore wait barrier. (32 threads)
[2025-05-20T21:09:38.953+0300][19660][19092][info ][safepoint] Safepoint "Cleanup", Time since last: 2007423900 ns, Reaching safepoint: 163300 ns, Cleanup: 124200 ns, At safepoint: 18500 ns, Total: 306000 ns
[2025-05-20T21:09:42.993+0300][19660][19092][debug][safepoint] Safepoint synchronization initiated using striped semaphore wait barrier. (32 threads)
[2025-05-20T21:09:42.993+0300][19660][21792][debug][safepoint] ... found polling page loop exception at pc = 0x000002070853f0b4, stub =0x0000020707585600
[2025-05-20T21:09:42.993+0300][19660][19092][info ][safepoint] Safepoint "Cleanup", Time since last: 4040079400 ns, Reaching safepoint: 221000 ns, Cleanup: 17000 ns, At safepoint: 19100 ns, Total: 257100 ns
[2025-05-20T21:09:44.006+0300][19660][19092][debug][safepoint] Safepoint synchronization initiated using striped semaphore wait barrier. (32 threads)
[2025-05-20T21:09:44.006+0300][19660][19092][info ][safepoint] Safepoint "Cleanup", Time since last: 1012206300 ns, Reaching safepoint: 158700 ns, Cleanup: 18800 ns, At safepoint: 18200 ns, Total: 195700 ns
[2025-05-20T21:09:46.027+0300][19660][19092][debug][safepoint] Safepoint synchronization initiated using striped semaphore wait barrier. (32 threads)
[2025-05-20T21:09:46.027+0300][19660][11568][debug][safepoint] ... found polling page loop exception at pc = 0x000002070816f0ed, stub =0x0000020707585600
[2025-05-20T21:09:46.027+0300][19660][19092][info ][safepoint] Safepoint "Cleanup", Time since last: 2021148500 ns, Reaching safepoint: 220200 ns, Cleanup: 26000 ns, At safepoint: 26700 ns, Total: 272900 ns
[2025-05-20T21:09:47.035+0300][19660][19092][debug][safepoint] Safepoint synchronization initiated using striped semaphore wait barrier. (32 threads)
[2025-05-20T21:09:47.035+0300][19660][19092][info ][safepoint] Safepoint "Cleanup", Time since last: 1007370400 ns, Reaching safepoint: 152600 ns, Cleanup: 45100 ns, At safepoint: 57200 ns, Total: 254900 ns
[2025-05-20T21:09:50.064+0300][19660][19092][debug][safepoint] Safepoint synchronization initiated using striped semaphore wait barrier. (32 threads)
[2025-05-20T21:09:50.064+0300][19660][19776][debug][safepoint] ... found polling page loop exception at pc = 0x0000020708588d3d, stub =0x0000020707585600
[2025-05-20T21:09:50.064+0300][19660][19092][info ][safepoint] Safepoint "Cleanup", Time since last: 3029210500 ns, Reaching safepoint: 244600 ns, Cleanup: 29500 ns, At safepoint: 19800 ns, Total: 293900 ns
[2025-05-20T21:10:04.180+0300][19660][19092][debug][safepoint] Safepoint synchronization initiated using striped semaphore wait barrier. (32 threads)
[2025-05-20T21:10:04.180+0300][19660][19092][info ][safepoint] Safepoint "Cleanup", Time since last: 14115442100 ns, Reaching safepoint: 165300 ns, Cleanup: 37700 ns, At safepoint: 19700 ns, Total: 222700 ns
[2025-05-20T21:10:19.678+0300][19660][19092][debug][safepoint] Safepoint synchronization initiated using striped semaphore wait barrier. (32 threads)
[2025-05-20T21:10:19.678+0300][19660][19092][info ][safepoint] Safepoint "Cleanup", Time since last: 15497684300 ns, Reaching safepoint: 158200 ns, Cleanup: 51100 ns, At safepoint: 14900 ns, Total: 224200 ns
[2025-05-20T21:10:21.785+0300][19660][19092][debug][safepoint] Safepoint synchronization initiated using striped semaphore wait barrier. (32 threads)
[2025-05-20T21:10:21.785+0300][19660][19092][debug][gc,heap  ] GC(17) Heap before GC invocations=18 (full 4):
[2025-05-20T21:10:21.785+0300][19660][19092][debug][gc,heap  ] GC(17)  PSYoungGen      total 1389056K, used 1380352K [0x00000007aab00000, 0x0000000800000000, 0x0000000800000000)
[2025-05-20T21:10:21.785+0300][19660][19092][debug][gc,heap  ] GC(17)   eden space 1380352K, 100% used [0x00000007aab00000,0x00000007fef00000,0x00000007fef00000)
[2025-05-20T21:10:21.785+0300][19660][19092][debug][gc,heap  ] GC(17)   from space 8704K, 0% used [0x00000007fef00000,0x00000007fef00000,0x00000007ff780000)
[2025-05-20T21:10:21.785+0300][19660][19092][debug][gc,heap  ] GC(17)   to   space 8704K, 0% used [0x00000007ff780000,0x00000007ff780000,0x0000000800000000)
[2025-05-20T21:10:21.785+0300][19660][19092][debug][gc,heap  ] GC(17)  ParOldGen       total 2796544K, used 14103K [0x0000000700000000, 0x00000007aab00000, 0x00000007aab00000)
[2025-05-20T21:10:21.785+0300][19660][19092][debug][gc,heap  ] GC(17)   object space 2796544K, 0% used [0x0000000700000000,0x0000000700dc5ec8,0x00000007aab00000)
[2025-05-20T21:10:21.785+0300][19660][19092][debug][gc,heap  ] GC(17)  Metaspace       used 34390K, committed 35520K, reserved 1114112K
[2025-05-20T21:10:21.785+0300][19660][19092][debug][gc,heap  ] GC(17)   class space    used 2863K, committed 3328K, reserved 1048576K
[2025-05-20T21:10:21.785+0300][19660][19092][debug][gc,phases] GC(17) Scavenge 1.465ms
[2025-05-20T21:10:21.785+0300][19660][19092][debug][gc,phases] GC(17) Reference Processing 0.050ms
[2025-05-20T21:10:21.785+0300][19660][19092][debug][gc,phases] GC(17)   VM Weak                        Min:  0.0, Avg:  0.0, Max:  0.0, Diff:  0.0, Sum:  0.0, Workers: 8
[2025-05-20T21:10:21.785+0300][19660][19092][debug][gc,phases] GC(17)     Dead                           Min: 0, Avg:  0.0, Max: 0, Diff: 0, Sum: 0, Workers: 8
[2025-05-20T21:10:21.785+0300][19660][19092][debug][gc,phases] GC(17)     Total                          Min: 0, Avg: 49.4, Max: 395, Diff: 395, Sum: 395, Workers: 8
[2025-05-20T21:10:21.785+0300][19660][19092][debug][gc,phases] GC(17)   ObjectSynchronizer Weak        Min:  0.0, Avg:  0.0, Max:  0.0, Diff:  0.0, Sum:  0.0, Workers: 8
[2025-05-20T21:10:21.785+0300][19660][19092][debug][gc,phases] GC(17)     Dead                           Min: 0, Avg:  0.0, Max: 0, Diff: 0, Sum: 0, Workers: 8
[2025-05-20T21:10:21.785+0300][19660][19092][debug][gc,phases] GC(17)     Total                          Min: 0, Avg:  1.5, Max: 12, Diff: 12, Sum: 12, Workers: 8
[2025-05-20T21:10:21.785+0300][19660][19092][debug][gc,phases] GC(17)   JVMTI Tag Weak OopStorage      Min:  0.0, Avg:  0.0, Max:  0.0, Diff:  0.0, Sum:  0.0, Workers: 8
[2025-05-20T21:10:21.785+0300][19660][19092][debug][gc,phases] GC(17)     Dead                           Min: 0, Avg:  0.0, Max: 0, Diff: 0, Sum: 0, Workers: 8
[2025-05-20T21:10:21.785+0300][19660][19092][debug][gc,phases] GC(17)     Total                          Min: 0, Avg:  0.0, Max: 0, Diff: 0, Sum: 0, Workers: 8
[2025-05-20T21:10:21.785+0300][19660][19092][debug][gc,phases] GC(17)   StringTable Weak               Min:  0.0, Avg:  0.0, Max:  0.1, Diff:  0.1, Sum:  0.3, Workers: 8
[2025-05-20T21:10:21.785+0300][19660][19092][debug][gc,phases] GC(17)     Dead                           Min: 0, Avg: 37.5, Max: 183, Diff: 183, Sum: 300, Workers: 8
[2025-05-20T21:10:21.785+0300][19660][19092][debug][gc,phases] GC(17)     Total                          Min: 0, Avg: 3497.6, Max: 8192, Diff: 8192, Sum: 27981, Workers: 8
[2025-05-20T21:10:21.785+0300][19660][19092][debug][gc,phases] GC(17)   ResolvedMethodTable Weak       Min:  0.0, Avg:  0.0, Max:  0.0, Diff:  0.0, Sum:  0.0, Workers: 8
[2025-05-20T21:10:21.785+0300][19660][19092][debug][gc,phases] GC(17)     Dead                           Min: 0, Avg:  0.0, Max: 0, Diff: 0, Sum: 0, Workers: 8
[2025-05-20T21:10:21.785+0300][19660][19092][debug][gc,phases] GC(17)     Total                          Min: 0, Avg: 225.5, Max: 640, Diff: 640, Sum: 1804, Workers: 8
[2025-05-20T21:10:21.785+0300][19660][19092][debug][gc,phases] GC(17)   JNI Weak                       Min:  0.0, Avg:  0.0, Max:  0.0, Diff:  0.0, Sum:  0.0, Workers: 8
[2025-05-20T21:10:21.785+0300][19660][19092][debug][gc,phases] GC(17)     Dead                           Min: 0, Avg:  0.0, Max: 0, Diff: 0, Sum: 0, Workers: 8
[2025-05-20T21:10:21.785+0300][19660][19092][debug][gc,phases] GC(17)     Total                          Min: 0, Avg:  0.0, Max: 0, Diff: 0, Sum: 0, Workers: 8
[2025-05-20T21:10:21.785+0300][19660][19092][debug][gc,phases] GC(17)   StringDedup Table Weak         Min:  0.0, Avg:  0.0, Max:  0.0, Diff:  0.0, Sum:  0.0, Workers: 8
[2025-05-20T21:10:21.785+0300][19660][19092][debug][gc,phases] GC(17)     Dead                           Min: 0, Avg:  0.0, Max: 0, Diff: 0, Sum: 0, Workers: 8
[2025-05-20T21:10:21.785+0300][19660][19092][debug][gc,phases] GC(17)     Total                          Min: 0, Avg:  0.0, Max: 0, Diff: 0, Sum: 0, Workers: 8
[2025-05-20T21:10:21.785+0300][19660][19092][debug][gc,phases] GC(17)   StringDedup Requests0 Weak     Min:  0.0, Avg:  0.0, Max:  0.0, Diff:  0.0, Sum:  0.0, Workers: 8
[2025-05-20T21:10:21.785+0300][19660][19092][debug][gc,phases] GC(17)     Dead                           Min: 0, Avg:  0.0, Max: 0, Diff: 0, Sum: 0, Workers: 8
[2025-05-20T21:10:21.785+0300][19660][19092][debug][gc,phases] GC(17)     Total                          Min: 0, Avg:  0.0, Max: 0, Diff: 0, Sum: 0, Workers: 8
[2025-05-20T21:10:21.785+0300][19660][19092][debug][gc,phases] GC(17)   StringDedup Requests1 Weak     Min:  0.0, Avg:  0.0, Max:  0.0, Diff:  0.0, Sum:  0.0, Workers: 8
[2025-05-20T21:10:21.785+0300][19660][19092][debug][gc,phases] GC(17)     Dead                           Min: 0, Avg:  0.0, Max: 0, Diff: 0, Sum: 0, Workers: 8
[2025-05-20T21:10:21.785+0300][19660][19092][debug][gc,phases] GC(17)     Total                          Min: 0, Avg:  0.0, Max: 0, Diff: 0, Sum: 0, Workers: 8
[2025-05-20T21:10:21.785+0300][19660][19092][debug][gc,phases] GC(17)   Weak JFR Old Object Samples    Min:  0.0, Avg:  0.0, Max:  0.0, Diff:  0.0, Sum:  0.0, Workers: 8
[2025-05-20T21:10:21.785+0300][19660][19092][debug][gc,phases] GC(17)     Dead                           Min: 0, Avg:  0.0, Max: 0, Diff: 0, Sum: 0, Workers: 8
[2025-05-20T21:10:21.785+0300][19660][19092][debug][gc,phases] GC(17)     Total                          Min: 0, Avg:  0.0, Max: 0, Diff: 0, Sum: 0, Workers: 8
[2025-05-20T21:10:21.785+0300][19660][19092][debug][gc,phases] GC(17) Weak Processing 0.518ms
[2025-05-20T21:10:21.785+0300][19660][19092][info ][gc,heap  ] GC(17) PSYoungGen: 1380352K(1389056K)->2473K(1389568K) Eden: 1380352K(1380352K)->0K(1380864K) From: 0K(8704K)->2473K(8704K)
[2025-05-20T21:10:21.785+0300][19660][19092][info ][gc,heap  ] GC(17) ParOldGen: 14103K(2796544K)->14111K(2796544K)
[2025-05-20T21:10:21.785+0300][19660][19092][info ][gc       ] GC(17) Pause Young (Allocation Failure) 1361M->16M(4088M) 2.141ms
[2025-05-20T21:10:21.785+0300][19660][19092][debug][gc,heap  ] GC(17) Heap after GC invocations=18 (full 4):
[2025-05-20T21:10:21.785+0300][19660][19092][debug][gc,heap  ] GC(17)  PSYoungGen      total 1389568K, used 2473K [0x00000007aab00000, 0x0000000800000000, 0x0000000800000000)
[2025-05-20T21:10:21.785+0300][19660][19092][debug][gc,heap  ] GC(17)   eden space 1380864K, 0% used [0x00000007aab00000,0x00000007aab00000,0x00000007fef80000)
[2025-05-20T21:10:21.785+0300][19660][19092][debug][gc,heap  ] GC(17)   from space 8704K, 28% used [0x00000007ff780000,0x00000007ff9ea6d0,0x0000000800000000)
[2025-05-20T21:10:21.785+0300][19660][19092][debug][gc,heap  ] GC(17)   to   space 8192K, 0% used [0x00000007fef80000,0x00000007fef80000,0x00000007ff780000)
[2025-05-20T21:10:21.785+0300][19660][19092][debug][gc,heap  ] GC(17)  ParOldGen       total 2796544K, used 14111K [0x0000000700000000, 0x00000007aab00000, 0x00000007aab00000)
[2025-05-20T21:10:21.785+0300][19660][19092][debug][gc,heap  ] GC(17)   object space 2796544K, 0% used [0x0000000700000000,0x0000000700dc7ec8,0x00000007aab00000)
[2025-05-20T21:10:21.785+0300][19660][19092][debug][gc,heap  ] GC(17)  Metaspace       used 34390K, committed 35520K, reserved 1114112K
[2025-05-20T21:10:21.785+0300][19660][19092][debug][gc,heap  ] GC(17)   class space    used 2863K, committed 3328K, reserved 1048576K
[2025-05-20T21:10:21.785+0300][19660][19092][info ][safepoint] Safepoint "ParallelGCFailedAllocation", Time since last: 2107327300 ns, Reaching safepoint: 134900 ns, Cleanup: 17000 ns, At safepoint: 2444800 ns, Total: 2596700 ns
[2025-05-20T21:10:27.826+0300][19660][19092][debug][safepoint] Safepoint synchronization initiated using striped semaphore wait barrier. (32 threads)
[2025-05-20T21:10:27.826+0300][19660][19092][info ][safepoint] Safepoint "Cleanup", Time since last: 6038620600 ns, Reaching safepoint: 159100 ns, Cleanup: 70900 ns, At safepoint: 28400 ns, Total: 258400 ns
[2025-05-20T21:11:08.137+0300][19660][19092][debug][safepoint] Safepoint synchronization initiated using striped semaphore wait barrier. (32 threads)
[2025-05-20T21:11:08.137+0300][19660][19092][info ][safepoint] Safepoint "Cleanup", Time since last: 40310607800 ns, Reaching safepoint: 123800 ns, Cleanup: 25400 ns, At safepoint: 18000 ns, Total: 167200 ns
[2025-05-20T21:11:08.777+0300][19660][19092][debug][safepoint] Safepoint synchronization initiated using striped semaphore wait barrier. (32 threads)
[2025-05-20T21:11:08.777+0300][19660][12736][debug][safepoint] ... found polling page loop exception at pc = 0x00000207082440b3, stub =0x0000020707584d80
[2025-05-20T21:11:08.777+0300][19660][19092][debug][gc,heap  ] GC(18) Heap before GC invocations=19 (full 4):
[2025-05-20T21:11:08.777+0300][19660][19092][debug][gc,heap  ] GC(18)  PSYoungGen      total 1389568K, used 1383337K [0x00000007aab00000, 0x0000000800000000, 0x0000000800000000)
[2025-05-20T21:11:08.777+0300][19660][19092][debug][gc,heap  ] GC(18)   eden space 1380864K, 100% used [0x00000007aab00000,0x00000007fef80000,0x00000007fef80000)
[2025-05-20T21:11:08.777+0300][19660][19092][debug][gc,heap  ] GC(18)   from space 8704K, 28% used [0x00000007ff780000,0x00000007ff9ea6d0,0x0000000800000000)
[2025-05-20T21:11:08.777+0300][19660][19092][debug][gc,heap  ] GC(18)   to   space 8192K, 0% used [0x00000007fef80000,0x00000007fef80000,0x00000007ff780000)
[2025-05-20T21:11:08.777+0300][19660][19092][debug][gc,heap  ] GC(18)  ParOldGen       total 2796544K, used 14111K [0x0000000700000000, 0x00000007aab00000, 0x00000007aab00000)
[2025-05-20T21:11:08.777+0300][19660][19092][debug][gc,heap  ] GC(18)   object space 2796544K, 0% used [0x0000000700000000,0x0000000700dc7ec8,0x00000007aab00000)
[2025-05-20T21:11:08.777+0300][19660][19092][debug][gc,heap  ] GC(18)  Metaspace       used 34392K, committed 35520K, reserved 1114112K
[2025-05-20T21:11:08.777+0300][19660][19092][debug][gc,heap  ] GC(18)   class space    used 2863K, committed 3328K, reserved 1048576K
[2025-05-20T21:11:08.780+0300][19660][19092][debug][gc,phases] GC(18) Scavenge 3.280ms
[2025-05-20T21:11:08.780+0300][19660][19092][debug][gc,phases] GC(18) Reference Processing 0.068ms
[2025-05-20T21:11:08.780+0300][19660][19092][debug][gc,phases] GC(18)   VM Weak                        Min:  0.0, Avg:  0.0, Max:  0.0, Diff:  0.0, Sum:  0.0, Workers: 8
[2025-05-20T21:11:08.780+0300][19660][19092][debug][gc,phases] GC(18)     Dead                           Min: 0, Avg:  0.0, Max: 0, Diff: 0, Sum: 0, Workers: 8
[2025-05-20T21:11:08.780+0300][19660][19092][debug][gc,phases] GC(18)     Total                          Min: 0, Avg: 49.4, Max: 395, Diff: 395, Sum: 395, Workers: 8
[2025-05-20T21:11:08.780+0300][19660][19092][debug][gc,phases] GC(18)   ObjectSynchronizer Weak        Min:  0.0, Avg:  0.0, Max:  0.0, Diff:  0.0, Sum:  0.0, Workers: 8
[2025-05-20T21:11:08.780+0300][19660][19092][debug][gc,phases] GC(18)     Dead                           Min: 0, Avg:  0.0, Max: 0, Diff: 0, Sum: 0, Workers: 8
[2025-05-20T21:11:08.780+0300][19660][19092][debug][gc,phases] GC(18)     Total                          Min: 0, Avg:  6.6, Max: 53, Diff: 53, Sum: 53, Workers: 8
[2025-05-20T21:11:08.780+0300][19660][19092][debug][gc,phases] GC(18)   JVMTI Tag Weak OopStorage      Min:  0.0, Avg:  0.0, Max:  0.0, Diff:  0.0, Sum:  0.0, Workers: 8
[2025-05-20T21:11:08.780+0300][19660][19092][debug][gc,phases] GC(18)     Dead                           Min: 0, Avg:  0.0, Max: 0, Diff: 0, Sum: 0, Workers: 8
[2025-05-20T21:11:08.780+0300][19660][19092][debug][gc,phases] GC(18)     Total                          Min: 0, Avg:  0.0, Max: 0, Diff: 0, Sum: 0, Workers: 8
[2025-05-20T21:11:08.780+0300][19660][19092][debug][gc,phases] GC(18)   StringTable Weak               Min:  0.0, Avg:  0.1, Max:  0.1, Diff:  0.1, Sum:  0.5, Workers: 8
[2025-05-20T21:11:08.780+0300][19660][19092][debug][gc,phases] GC(18)     Dead                           Min: 0, Avg:  0.0, Max: 0, Diff: 0, Sum: 0, Workers: 8
[2025-05-20T21:11:08.780+0300][19660][19092][debug][gc,phases] GC(18)     Total                          Min: 640, Avg: 3497.6, Max: 10111, Diff: 9471, Sum: 27981, Workers: 8
[2025-05-20T21:11:08.780+0300][19660][19092][debug][gc,phases] GC(18)   ResolvedMethodTable Weak       Min:  0.0, Avg:  0.0, Max:  0.0, Diff:  0.0, Sum:  0.0, Workers: 8
[2025-05-20T21:11:08.780+0300][19660][19092][debug][gc,phases] GC(18)     Dead                           Min: 0, Avg:  0.0, Max: 0, Diff: 0, Sum: 0, Workers: 8
[2025-05-20T21:11:08.780+0300][19660][19092][debug][gc,phases] GC(18)     Total                          Min: 128, Avg: 225.5, Max: 320, Diff: 192, Sum: 1804, Workers: 8
[2025-05-20T21:11:08.780+0300][19660][19092][debug][gc,phases] GC(18)   JNI Weak                       Min:  0.0, Avg:  0.0, Max:  0.0, Diff:  0.0, Sum:  0.0, Workers: 8
[2025-05-20T21:11:08.780+0300][19660][19092][debug][gc,phases] GC(18)     Dead                           Min: 0, Avg:  0.0, Max: 0, Diff: 0, Sum: 0, Workers: 8
[2025-05-20T21:11:08.780+0300][19660][19092][debug][gc,phases] GC(18)     Total                          Min: 0, Avg:  0.0, Max: 0, Diff: 0, Sum: 0, Workers: 8
[2025-05-20T21:11:08.780+0300][19660][19092][debug][gc,phases] GC(18)   StringDedup Table Weak         Min:  0.0, Avg:  0.0, Max:  0.0, Diff:  0.0, Sum:  0.0, Workers: 8
[2025-05-20T21:11:08.780+0300][19660][19092][debug][gc,phases] GC(18)     Dead                           Min: 0, Avg:  0.0, Max: 0, Diff: 0, Sum: 0, Workers: 8
[2025-05-20T21:11:08.780+0300][19660][19092][debug][gc,phases] GC(18)     Total                          Min: 0, Avg:  0.0, Max: 0, Diff: 0, Sum: 0, Workers: 8
[2025-05-20T21:11:08.780+0300][19660][19092][debug][gc,phases] GC(18)   StringDedup Requests0 Weak     Min:  0.0, Avg:  0.0, Max:  0.0, Diff:  0.0, Sum:  0.0, Workers: 8
[2025-05-20T21:11:08.780+0300][19660][19092][debug][gc,phases] GC(18)     Dead                           Min: 0, Avg:  0.0, Max: 0, Diff: 0, Sum: 0, Workers: 8
[2025-05-20T21:11:08.780+0300][19660][19092][debug][gc,phases] GC(18)     Total                          Min: 0, Avg:  0.0, Max: 0, Diff: 0, Sum: 0, Workers: 8
[2025-05-20T21:11:08.780+0300][19660][19092][debug][gc,phases] GC(18)   StringDedup Requests1 Weak     Min:  0.0, Avg:  0.0, Max:  0.0, Diff:  0.0, Sum:  0.0, Workers: 8
[2025-05-20T21:11:08.780+0300][19660][19092][debug][gc,phases] GC(18)     Dead                           Min: 0, Avg:  0.0, Max: 0, Diff: 0, Sum: 0, Workers: 8
[2025-05-20T21:11:08.780+0300][19660][19092][debug][gc,phases] GC(18)     Total                          Min: 0, Avg:  0.0, Max: 0, Diff: 0, Sum: 0, Workers: 8
[2025-05-20T21:11:08.780+0300][19660][19092][debug][gc,phases] GC(18)   Weak JFR Old Object Samples    Min:  0.0, Avg:  0.0, Max:  0.0, Diff:  0.0, Sum:  0.0, Workers: 8
[2025-05-20T21:11:08.780+0300][19660][19092][debug][gc,phases] GC(18)     Dead                           Min: 0, Avg:  0.0, Max: 0, Diff: 0, Sum: 0, Workers: 8
[2025-05-20T21:11:08.780+0300][19660][19092][debug][gc,phases] GC(18)     Total                          Min: 0, Avg:  0.0, Max: 0, Diff: 0, Sum: 0, Workers: 8
[2025-05-20T21:11:08.780+0300][19660][19092][debug][gc,phases] GC(18) Weak Processing 1.040ms
[2025-05-20T21:11:08.780+0300][19660][19092][info ][gc,heap  ] GC(18) PSYoungGen: 1383337K(1389568K)->288K(1389056K) Eden: 1380864K(1380864K)->0K(1380864K) From: 2473K(8704K)->288K(8192K)
[2025-05-20T21:11:08.780+0300][19660][19092][info ][gc,heap  ] GC(18) ParOldGen: 14111K(2796544K)->16309K(2796544K)
[2025-05-20T21:11:08.780+0300][19660][19092][info ][gc       ] GC(18) Pause Young (Allocation Failure) 1364M->16M(4087M) 4.619ms
[2025-05-20T21:11:08.780+0300][19660][19092][debug][gc,heap  ] GC(18) Heap after GC invocations=19 (full 4):
[2025-05-20T21:11:08.780+0300][19660][19092][debug][gc,heap  ] GC(18)  PSYoungGen      total 1389056K, used 288K [0x00000007aab00000, 0x0000000800000000, 0x0000000800000000)
[2025-05-20T21:11:08.780+0300][19660][19092][debug][gc,heap  ] GC(18)   eden space 1380864K, 0% used [0x00000007aab00000,0x00000007aab00000,0x00000007fef80000)
[2025-05-20T21:11:08.780+0300][19660][19092][debug][gc,heap  ] GC(18)   from space 8192K, 3% used [0x00000007fef80000,0x00000007fefc8000,0x00000007ff780000)
[2025-05-20T21:11:08.780+0300][19660][19092][debug][gc,heap  ] GC(18)   to   space 8192K, 0% used [0x00000007ff800000,0x00000007ff800000,0x0000000800000000)
[2025-05-20T21:11:08.780+0300][19660][19092][debug][gc,heap  ] GC(18)  ParOldGen       total 2796544K, used 16309K [0x0000000700000000, 0x00000007aab00000, 0x00000007aab00000)
[2025-05-20T21:11:08.780+0300][19660][19092][debug][gc,heap  ] GC(18)   object space 2796544K, 0% used [0x0000000700000000,0x0000000700fed4a8,0x00000007aab00000)
[2025-05-20T21:11:08.780+0300][19660][19092][debug][gc,heap  ] GC(18)  Metaspace       used 34392K, committed 35520K, reserved 1114112K
[2025-05-20T21:11:08.780+0300][19660][19092][debug][gc,heap  ] GC(18)   class space    used 2863K, committed 3328K, reserved 1048576K
[2025-05-20T21:11:08.780+0300][19660][19092][info ][safepoint] Safepoint "ParallelGCFailedAllocation", Time since last: 639845200 ns, Reaching safepoint: 316300 ns, Cleanup: 10900 ns, At safepoint: 5232900 ns, Total: 5560100 ns
[2025-05-20T21:11:17.849+0300][19660][19092][debug][safepoint] Safepoint synchronization initiated using striped semaphore wait barrier. (32 threads)
[2025-05-20T21:11:17.849+0300][19660][7044 ][debug][safepoint] ... found polling page loop exception at pc = 0x0000020708588d3d, stub =0x0000020707585600
[2025-05-20T21:11:17.849+0300][19660][19092][info ][safepoint] Safepoint "Cleanup", Time since last: 9066018400 ns, Reaching safepoint: 239400 ns, Cleanup: 27700 ns, At safepoint: 14900 ns, Total: 282000 ns
[2025-05-20T21:11:18.698+0300][19660][21312][debug][safepoint] ... found polling page loop exception at pc = 0x00000207083e0d4a, stub =0x0000020707585600
[2025-05-20T21:11:18.698+0300][19660][20720][debug][safepoint] ... found polling page loop exception at pc = 0x0000020708588d3d, stub =0x0000020707585600
[2025-05-20T21:11:24.738+0300][19660][19092][debug][safepoint] Safepoint synchronization initiated using striped semaphore wait barrier. (32 threads)
[2025-05-20T21:11:24.738+0300][19660][19092][info ][safepoint] Safepoint "Cleanup", Time since last: 6888827600 ns, Reaching safepoint: 78800 ns, Cleanup: 29200 ns, At safepoint: 3600 ns, Total: 111600 ns
[2025-05-20T21:11:25.751+0300][19660][19092][debug][safepoint] Safepoint synchronization initiated using striped semaphore wait barrier. (32 threads)
[2025-05-20T21:11:25.751+0300][19660][19092][info ][safepoint] Safepoint "Cleanup", Time since last: 1012315300 ns, Reaching safepoint: 160100 ns, Cleanup: 18600 ns, At safepoint: 27900 ns, Total: 206600 ns
[2025-05-20T21:11:43.890+0300][19660][19092][debug][safepoint] Safepoint synchronization initiated using striped semaphore wait barrier. (32 threads)
[2025-05-20T21:11:43.890+0300][19660][19092][info ][safepoint] Safepoint "Cleanup", Time since last: 18139260600 ns, Reaching safepoint: 187800 ns, Cleanup: 37500 ns, At safepoint: 14300 ns, Total: 239600 ns
[2025-05-20T21:11:44.896+0300][19660][19092][debug][safepoint] Safepoint synchronization initiated using striped semaphore wait barrier. (32 threads)
[2025-05-20T21:11:44.896+0300][19660][19092][info ][safepoint] Safepoint "Cleanup", Time since last: 1005461900 ns, Reaching safepoint: 152700 ns, Cleanup: 39600 ns, At safepoint: 37600 ns, Total: 229900 ns
[2025-05-20T21:11:46.919+0300][19660][19092][debug][safepoint] Safepoint synchronization initiated using striped semaphore wait barrier. (32 threads)
[2025-05-20T21:11:46.919+0300][19660][19092][info ][safepoint] Safepoint "Cleanup", Time since last: 2023167400 ns, Reaching safepoint: 189600 ns, Cleanup: 98300 ns, At safepoint: 36200 ns, Total: 324100 ns
[2025-05-20T21:11:47.932+0300][19660][19092][debug][safepoint] Safepoint synchronization initiated using striped semaphore wait barrier. (32 threads)
[2025-05-20T21:11:47.932+0300][19660][7044 ][debug][safepoint] ... found polling page loop exception at pc = 0x000002070845b5a0, stub =0x0000020707585600
[2025-05-20T21:11:47.932+0300][19660][19092][info ][safepoint] Safepoint "Cleanup", Time since last: 1012254700 ns, Reaching safepoint: 142400 ns, Cleanup: 22600 ns, At safepoint: 10500 ns, Total: 175500 ns
[2025-05-20T21:11:48.933+0300][19660][19092][debug][safepoint] Safepoint synchronization initiated using striped semaphore wait barrier. (32 threads)
[2025-05-20T21:11:48.933+0300][19660][7044 ][debug][safepoint] ... found polling page loop exception at pc = 0x00000207083e0d4a, stub =0x0000020707585600
[2025-05-20T21:11:48.933+0300][19660][19092][info ][safepoint] Safepoint "Cleanup", Time since last: 1001557600 ns, Reaching safepoint: 293700 ns, Cleanup: 35800 ns, At safepoint: 18200 ns, Total: 347700 ns
[2025-05-20T21:11:49.944+0300][19660][19092][debug][safepoint] Safepoint synchronization initiated using striped semaphore wait barrier. (32 threads)
[2025-05-20T21:11:49.944+0300][19660][19092][info ][safepoint] Safepoint "Cleanup", Time since last: 1010393500 ns, Reaching safepoint: 94400 ns, Cleanup: 15600 ns, At safepoint: 5500 ns, Total: 115500 ns
[2025-05-20T21:11:51.956+0300][19660][19092][debug][safepoint] Safepoint synchronization initiated using striped semaphore wait barrier. (32 threads)
[2025-05-20T21:11:51.956+0300][19660][19092][info ][safepoint] Safepoint "Cleanup", Time since last: 2011435100 ns, Reaching safepoint: 116300 ns, Cleanup: 25000 ns, At safepoint: 10000 ns, Total: 151300 ns
[2025-05-20T21:11:55.763+0300][19660][19092][debug][safepoint] Safepoint synchronization initiated using striped semaphore wait barrier. (32 threads)
[2025-05-20T21:11:55.763+0300][19660][19032][debug][safepoint] ... found polling page loop exception at pc = 0x000002070816a00c, stub =0x0000020707584d80
[2025-05-20T21:11:55.764+0300][19660][19092][debug][gc,heap  ] GC(19) Heap before GC invocations=20 (full 4):
[2025-05-20T21:11:55.764+0300][19660][19092][debug][gc,heap  ] GC(19)  PSYoungGen      total 1389056K, used 1381152K [0x00000007aab00000, 0x0000000800000000, 0x0000000800000000)
[2025-05-20T21:11:55.764+0300][19660][19092][debug][gc,heap  ] GC(19)   eden space 1380864K, 100% used [0x00000007aab00000,0x00000007fef80000,0x00000007fef80000)
[2025-05-20T21:11:55.764+0300][19660][19092][debug][gc,heap  ] GC(19)   from space 8192K, 3% used [0x00000007fef80000,0x00000007fefc8000,0x00000007ff780000)
[2025-05-20T21:11:55.764+0300][19660][19092][debug][gc,heap  ] GC(19)   to   space 8192K, 0% used [0x00000007ff800000,0x00000007ff800000,0x0000000800000000)
[2025-05-20T21:11:55.764+0300][19660][19092][debug][gc,heap  ] GC(19)  ParOldGen       total 2796544K, used 16309K [0x0000000700000000, 0x00000007aab00000, 0x00000007aab00000)
[2025-05-20T21:11:55.764+0300][19660][19092][debug][gc,heap  ] GC(19)   object space 2796544K, 0% used [0x0000000700000000,0x0000000700fed4a8,0x00000007aab00000)
[2025-05-20T21:11:55.764+0300][19660][19092][debug][gc,heap  ] GC(19)  Metaspace       used 34396K, committed 35584K, reserved 1114112K
[2025-05-20T21:11:55.764+0300][19660][19092][debug][gc,heap  ] GC(19)   class space    used 2863K, committed 3328K, reserved 1048576K
[2025-05-20T21:11:55.764+0300][19660][19092][debug][gc,phases] GC(19) Scavenge 0.866ms
[2025-05-20T21:11:55.764+0300][19660][19092][debug][gc,phases] GC(19) Reference Processing 0.075ms
[2025-05-20T21:11:55.764+0300][19660][19092][debug][gc,phases] GC(19)   VM Weak                        Min:  0.0, Avg:  0.0, Max:  0.0, Diff:  0.0, Sum:  0.0, Workers: 8
[2025-05-20T21:11:55.764+0300][19660][19092][debug][gc,phases] GC(19)     Dead                           Min: 0, Avg:  0.0, Max: 0, Diff: 0, Sum: 0, Workers: 8
[2025-05-20T21:11:55.764+0300][19660][19092][debug][gc,phases] GC(19)     Total                          Min: 0, Avg: 49.4, Max: 395, Diff: 395, Sum: 395, Workers: 8
[2025-05-20T21:11:55.764+0300][19660][19092][debug][gc,phases] GC(19)   ObjectSynchronizer Weak        Min:  0.0, Avg:  0.0, Max:  0.0, Diff:  0.0, Sum:  0.0, Workers: 8
[2025-05-20T21:11:55.764+0300][19660][19092][debug][gc,phases] GC(19)     Dead                           Min: 0, Avg:  0.0, Max: 0, Diff: 0, Sum: 0, Workers: 8
[2025-05-20T21:11:55.764+0300][19660][19092][debug][gc,phases] GC(19)     Total                          Min: 0, Avg:  3.0, Max: 24, Diff: 24, Sum: 24, Workers: 8
[2025-05-20T21:11:55.764+0300][19660][19092][debug][gc,phases] GC(19)   JVMTI Tag Weak OopStorage      Min:  0.0, Avg:  0.0, Max:  0.0, Diff:  0.0, Sum:  0.0, Workers: 8
[2025-05-20T21:11:55.764+0300][19660][19092][debug][gc,phases] GC(19)     Dead                           Min: 0, Avg:  0.0, Max: 0, Diff: 0, Sum: 0, Workers: 8
[2025-05-20T21:11:55.764+0300][19660][19092][debug][gc,phases] GC(19)     Total                          Min: 0, Avg:  0.0, Max: 0, Diff: 0, Sum: 0, Workers: 8
[2025-05-20T21:11:55.764+0300][19660][19092][debug][gc,phases] GC(19)   StringTable Weak               Min:  0.0, Avg:  0.1, Max:  0.1, Diff:  0.1, Sum:  0.5, Workers: 8
[2025-05-20T21:11:55.764+0300][19660][19092][debug][gc,phases] GC(19)     Dead                           Min: 0, Avg:  0.0, Max: 0, Diff: 0, Sum: 0, Workers: 8
[2025-05-20T21:11:55.764+0300][19660][19092][debug][gc,phases] GC(19)     Total                          Min: 1877, Avg: 3503.4, Max: 9024, Diff: 7147, Sum: 28027, Workers: 8
[2025-05-20T21:11:55.764+0300][19660][19092][debug][gc,phases] GC(19)   ResolvedMethodTable Weak       Min:  0.0, Avg:  0.0, Max:  0.0, Diff:  0.0, Sum:  0.0, Workers: 8
[2025-05-20T21:11:55.764+0300][19660][19092][debug][gc,phases] GC(19)     Dead                           Min: 0, Avg:  0.0, Max: 0, Diff: 0, Sum: 0, Workers: 8
[2025-05-20T21:11:55.764+0300][19660][19092][debug][gc,phases] GC(19)     Total                          Min: 127, Avg: 225.5, Max: 256, Diff: 129, Sum: 1804, Workers: 8
[2025-05-20T21:11:55.764+0300][19660][19092][debug][gc,phases] GC(19)   JNI Weak                       Min:  0.0, Avg:  0.0, Max:  0.0, Diff:  0.0, Sum:  0.0, Workers: 8
[2025-05-20T21:11:55.764+0300][19660][19092][debug][gc,phases] GC(19)     Dead                           Min: 0, Avg:  0.0, Max: 0, Diff: 0, Sum: 0, Workers: 8
[2025-05-20T21:11:55.764+0300][19660][19092][debug][gc,phases] GC(19)     Total                          Min: 0, Avg:  0.0, Max: 0, Diff: 0, Sum: 0, Workers: 8
[2025-05-20T21:11:55.764+0300][19660][19092][debug][gc,phases] GC(19)   StringDedup Table Weak         Min:  0.0, Avg:  0.0, Max:  0.0, Diff:  0.0, Sum:  0.0, Workers: 8
[2025-05-20T21:11:55.764+0300][19660][19092][debug][gc,phases] GC(19)     Dead                           Min: 0, Avg:  0.0, Max: 0, Diff: 0, Sum: 0, Workers: 8
[2025-05-20T21:11:55.764+0300][19660][19092][debug][gc,phases] GC(19)     Total                          Min: 0, Avg:  0.0, Max: 0, Diff: 0, Sum: 0, Workers: 8
[2025-05-20T21:11:55.764+0300][19660][19092][debug][gc,phases] GC(19)   StringDedup Requests0 Weak     Min:  0.0, Avg:  0.0, Max:  0.0, Diff:  0.0, Sum:  0.0, Workers: 8
[2025-05-20T21:11:55.764+0300][19660][19092][debug][gc,phases] GC(19)     Dead                           Min: 0, Avg:  0.0, Max: 0, Diff: 0, Sum: 0, Workers: 8
[2025-05-20T21:11:55.764+0300][19660][19092][debug][gc,phases] GC(19)     Total                          Min: 0, Avg:  0.0, Max: 0, Diff: 0, Sum: 0, Workers: 8
[2025-05-20T21:11:55.764+0300][19660][19092][debug][gc,phases] GC(19)   StringDedup Requests1 Weak     Min:  0.0, Avg:  0.0, Max:  0.0, Diff:  0.0, Sum:  0.0, Workers: 8
[2025-05-20T21:11:55.764+0300][19660][19092][debug][gc,phases] GC(19)     Dead                           Min: 0, Avg:  0.0, Max: 0, Diff: 0, Sum: 0, Workers: 8
[2025-05-20T21:11:55.764+0300][19660][19092][debug][gc,phases] GC(19)     Total                          Min: 0, Avg:  0.0, Max: 0, Diff: 0, Sum: 0, Workers: 8
[2025-05-20T21:11:55.764+0300][19660][19092][debug][gc,phases] GC(19)   Weak JFR Old Object Samples    Min:  0.0, Avg:  0.0, Max:  0.0, Diff:  0.0, Sum:  0.0, Workers: 8
[2025-05-20T21:11:55.764+0300][19660][19092][debug][gc,phases] GC(19)     Dead                           Min: 0, Avg:  0.0, Max: 0, Diff: 0, Sum: 0, Workers: 8
[2025-05-20T21:11:55.764+0300][19660][19092][debug][gc,phases] GC(19)     Total                          Min: 0, Avg:  0.0, Max: 0, Diff: 0, Sum: 0, Workers: 8
[2025-05-20T21:11:55.764+0300][19660][19092][debug][gc,phases] GC(19) Weak Processing 1.153ms
[2025-05-20T21:11:55.764+0300][19660][19092][info ][gc,heap  ] GC(19) PSYoungGen: 1381152K(1389056K)->256K(1390080K) Eden: 1380864K(1380864K)->0K(1381888K) From: 288K(8192K)->256K(8192K)
[2025-05-20T21:11:55.764+0300][19660][19092][info ][gc,heap  ] GC(19) ParOldGen: 16309K(2796544K)->16341K(2796544K)
[2025-05-20T21:11:55.764+0300][19660][19092][info ][gc       ] GC(19) Pause Young (Allocation Failure) 1364M->16M(4088M) 2.325ms
[2025-05-20T21:11:55.764+0300][19660][19092][debug][gc,heap  ] GC(19) Heap after GC invocations=20 (full 4):
[2025-05-20T21:11:55.764+0300][19660][19092][debug][gc,heap  ] GC(19)  PSYoungGen      total 1390080K, used 256K [0x00000007aab00000, 0x0000000800000000, 0x0000000800000000)
[2025-05-20T21:11:55.764+0300][19660][19092][debug][gc,heap  ] GC(19)   eden space 1381888K, 0% used [0x00000007aab00000,0x00000007aab00000,0x00000007ff080000)
[2025-05-20T21:11:55.764+0300][19660][19092][debug][gc,heap  ] GC(19)   from space 8192K, 3% used [0x00000007ff800000,0x00000007ff840000,0x0000000800000000)
[2025-05-20T21:11:55.764+0300][19660][19092][debug][gc,heap  ] GC(19)   to   space 7680K, 0% used [0x00000007ff080000,0x00000007ff080000,0x00000007ff800000)
[2025-05-20T21:11:55.764+0300][19660][19092][debug][gc,heap  ] GC(19)  ParOldGen       total 2796544K, used 16341K [0x0000000700000000, 0x00000007aab00000, 0x00000007aab00000)
[2025-05-20T21:11:55.764+0300][19660][19092][debug][gc,heap  ] GC(19)   object space 2796544K, 0% used [0x0000000700000000,0x0000000700ff54a8,0x00000007aab00000)
[2025-05-20T21:11:55.764+0300][19660][19092][debug][gc,heap  ] GC(19)  Metaspace       used 34396K, committed 35584K, reserved 1114112K
[2025-05-20T21:11:55.764+0300][19660][19092][debug][gc,heap  ] GC(19)   class space    used 2863K, committed 3328K, reserved 1048576K
[2025-05-20T21:11:55.764+0300][19660][19092][info ][safepoint] Safepoint "ParallelGCFailedAllocation", Time since last: 3807623700 ns, Reaching safepoint: 291600 ns, Cleanup: 23900 ns, At safepoint: 3045500 ns, Total: 3361000 ns
[2025-05-20T21:11:58.785+0300][19660][19092][debug][safepoint] Safepoint synchronization initiated using striped semaphore wait barrier. (32 threads)
[2025-05-20T21:11:58.785+0300][19660][20864][debug][safepoint] ... found polling page loop exception at pc = 0x00000207083e0d4a, stub =0x0000020707585600
[2025-05-20T21:11:58.785+0300][19660][19092][info ][safepoint] Safepoint "Cleanup", Time since last: 3017895500 ns, Reaching safepoint: 145800 ns, Cleanup: 19400 ns, At safepoint: 9000 ns, Total: 174200 ns
[2025-05-20T21:11:59.799+0300][19660][19092][debug][safepoint] Safepoint synchronization initiated using striped semaphore wait barrier. (32 threads)
[2025-05-20T21:11:59.799+0300][19660][19776][debug][safepoint] ... found polling page loop exception at pc = 0x000002070855b6d7, stub =0x0000020707585600
[2025-05-20T21:11:59.799+0300][19660][19092][info ][safepoint] Safepoint "Cleanup", Time since last: 1014159000 ns, Reaching safepoint: 296500 ns, Cleanup: 41600 ns, At safepoint: 24400 ns, Total: 362500 ns
[2025-05-20T21:12:02.820+0300][19660][19092][debug][safepoint] Safepoint synchronization initiated using striped semaphore wait barrier. (32 threads)
[2025-05-20T21:12:02.820+0300][19660][19092][info ][safepoint] Safepoint "Cleanup", Time since last: 3020112300 ns, Reaching safepoint: 186700 ns, Cleanup: 40300 ns, At safepoint: 15700 ns, Total: 242700 ns
[2025-05-20T21:12:36.969+0300][19660][19092][debug][safepoint] Safepoint synchronization initiated using striped semaphore wait barrier. (32 threads)
[2025-05-20T21:12:36.969+0300][19660][19776][debug][safepoint] ... found polling page loop exception at pc = 0x000002070855b2b4, stub =0x0000020707585600
[2025-05-20T21:12:36.969+0300][19660][19092][info ][safepoint] Safepoint "Cleanup", Time since last: 34148654900 ns, Reaching safepoint: 175000 ns, Cleanup: 16200 ns, At safepoint: 11200 ns, Total: 202400 ns
[2025-05-20T21:12:42.367+0300][19660][19092][debug][safepoint] Safepoint synchronization initiated using striped semaphore wait barrier. (12 threads)
