[2025-05-18T20:37:57.965+0300][10704][9424][info][gc,init] CardTable entry size: 512
[2025-05-18T20:37:57.965+0300][10704][9424][info][gc     ] Using Parallel
[2025-05-18T20:37:57.989+0300][10704][9424][info][gc,init] Version: 21.0.6+8-LTS-188 (release)
[2025-05-18T20:37:57.989+0300][10704][9424][info][gc,init] CPUs: 8 total, 8 available
[2025-05-18T20:37:57.989+0300][10704][9424][info][gc,init] Memory: 16183M
[2025-05-18T20:37:57.989+0300][10704][9424][info][gc,init] Large Page Support: Disabled
[2025-05-18T20:37:57.989+0300][10704][9424][info][gc,init] NUMA Support: Disabled
[2025-05-18T20:37:57.990+0300][10704][9424][info][gc,init] Compressed Oops: Enabled (Zero based)
[2025-05-18T20:37:57.990+0300][10704][9424][info][gc,init] Alignments: Space 512K, Generation 512K, Heap 2M
[2025-05-18T20:37:57.990+0300][10704][9424][info][gc,init] Heap Min Capacity: 12G
[2025-05-18T20:37:57.990+0300][10704][9424][info][gc,init] Heap Initial Capacity: 12G
[2025-05-18T20:37:57.990+0300][10704][9424][info][gc,init] Heap Max Capacity: 12G
[2025-05-18T20:37:57.990+0300][10704][9424][info][gc,init] Pre-touch: Disabled
[2025-05-18T20:37:57.990+0300][10704][9424][info][gc,init] Parallel Workers: 8
[2025-05-18T20:37:57.997+0300][10704][9424][info][gc,metaspace] CDS archive(s) mapped at: [0x0000027f6d000000-0x0000027f6dc90000-0x0000027f6dc90000), size 13172736, SharedBaseAddress: 0x0000027f6d000000, ArchiveRelocationMode: 1.
[2025-05-18T20:37:57.997+0300][10704][9424][info][gc,metaspace] Compressed class space mapped at: 0x0000027f6e000000-0x0000027fae000000, reserved size: 1073741824
[2025-05-18T20:37:57.997+0300][10704][9424][info][gc,metaspace] Narrow klass base: 0x0000027f6d000000, Narrow klass shift: 0, Narrow klass range: 0x100000000
[2025-05-18T20:37:59.858+0300][10704][19388][info][gc,start    ] GC(0) Pause Young (System.gc())
[2025-05-18T20:37:59.860+0300][10704][19388][info][gc,heap     ] GC(0) PSYoungGen: 440530K(3670016K)->3044K(3670016K) Eden: 440530K(3145728K)->0K(3145728K) From: 0K(524288K)->3044K(524288K)
[2025-05-18T20:37:59.860+0300][10704][19388][info][gc,heap     ] GC(0) ParOldGen: 0K(8388608K)->8K(8388608K)
[2025-05-18T20:37:59.860+0300][10704][19388][info][gc,metaspace] GC(0) Metaspace: 2850K(3008K)->2850K(3008K) NonClass: 2596K(2688K)->2596K(2688K) Class: 254K(320K)->254K(320K)
[2025-05-18T20:37:59.860+0300][10704][19388][info][gc          ] GC(0) Pause Young (System.gc()) 430M->2M(11776M) 2.261ms
[2025-05-18T20:37:59.860+0300][10704][19388][info][gc,cpu      ] GC(0) User=0.00s Sys=0.00s Real=0.00s
[2025-05-18T20:37:59.860+0300][10704][19388][info][gc,start    ] GC(1) Pause Full (System.gc())
[2025-05-18T20:37:59.860+0300][10704][19388][info][gc,phases,start] GC(1) Marking Phase
[2025-05-18T20:37:59.863+0300][10704][19388][info][gc,phases      ] GC(1) Marking Phase 2.363ms
[2025-05-18T20:37:59.863+0300][10704][19388][info][gc,phases,start] GC(1) Summary Phase
[2025-05-18T20:37:59.863+0300][10704][19388][info][gc,phases      ] GC(1) Summary Phase 0.010ms
[2025-05-18T20:37:59.863+0300][10704][19388][info][gc,phases,start] GC(1) Adjust Roots
[2025-05-18T20:37:59.864+0300][10704][19388][info][gc,phases      ] GC(1) Adjust Roots 0.996ms
[2025-05-18T20:37:59.864+0300][10704][19388][info][gc,phases,start] GC(1) Compaction Phase
[2025-05-18T20:37:59.867+0300][10704][19388][info][gc,phases      ] GC(1) Compaction Phase 3.100ms
[2025-05-18T20:37:59.867+0300][10704][19388][info][gc,phases,start] GC(1) Post Compact
[2025-05-18T20:37:59.868+0300][10704][19388][info][gc,phases      ] GC(1) Post Compact 0.575ms
[2025-05-18T20:37:59.868+0300][10704][19388][info][gc,heap        ] GC(1) PSYoungGen: 3044K(3670016K)->0K(3670016K) Eden: 0K(3145728K)->0K(3145728K) From: 3044K(524288K)->0K(524288K)
[2025-05-18T20:37:59.868+0300][10704][19388][info][gc,heap        ] GC(1) ParOldGen: 8K(8388608K)->2947K(8388608K)
[2025-05-18T20:37:59.868+0300][10704][19388][info][gc,metaspace   ] GC(1) Metaspace: 2850K(3008K)->2850K(3008K) NonClass: 2596K(2688K)->2596K(2688K) Class: 254K(320K)->254K(320K)
[2025-05-18T20:37:59.868+0300][10704][19388][info][gc             ] GC(1) Pause Full (System.gc()) 2M->2M(11776M) 7.232ms
[2025-05-18T20:37:59.868+0300][10704][19388][info][gc,cpu         ] GC(1) User=0.00s Sys=0.00s Real=0.01s
[2025-05-18T20:38:02.280+0300][10704][19388][info][gc,start       ] GC(2) Pause Young (Allocation Failure)
[2025-05-18T20:38:02.286+0300][10704][19388][info][gc,heap        ] GC(2) PSYoungGen: 3145728K(3670016K)->7728K(3670016K) Eden: 3145728K(3145728K)->0K(3145728K) From: 0K(524288K)->7728K(524288K)
[2025-05-18T20:38:02.286+0300][10704][19388][info][gc,heap        ] GC(2) ParOldGen: 2947K(8388608K)->3124K(8388608K)
[2025-05-18T20:38:02.286+0300][10704][19388][info][gc,metaspace   ] GC(2) Metaspace: 8878K(9472K)->8878K(9472K) NonClass: 7903K(8256K)->7903K(8256K) Class: 974K(1216K)->974K(1216K)
[2025-05-18T20:38:02.286+0300][10704][19388][info][gc             ] GC(2) Pause Young (Allocation Failure) 3074M->10M(11776M) 6.213ms
[2025-05-18T20:38:02.286+0300][10704][19388][info][gc,cpu         ] GC(2) User=0.00s Sys=0.00s Real=0.01s
[2025-05-18T20:38:03.794+0300][10704][19388][info][gc,start       ] GC(3) Pause Young (Allocation Failure)
[2025-05-18T20:38:03.797+0300][10704][19388][info][gc,heap        ] GC(3) PSYoungGen: 3153456K(3670016K)->7776K(3670016K) Eden: 3145728K(3145728K)->0K(3145728K) From: 7728K(524288K)->7776K(524288K)
[2025-05-18T20:38:03.797+0300][10704][19388][info][gc,heap        ] GC(3) ParOldGen: 3124K(8388608K)->3132K(8388608K)
[2025-05-18T20:38:03.797+0300][10704][19388][info][gc,metaspace   ] GC(3) Metaspace: 8928K(9472K)->8928K(9472K) NonClass: 7953K(8256K)->7953K(8256K) Class: 974K(1216K)->974K(1216K)
[2025-05-18T20:38:03.797+0300][10704][19388][info][gc             ] GC(3) Pause Young (Allocation Failure) 3082M->10M(11776M) 2.503ms
[2025-05-18T20:38:03.797+0300][10704][19388][info][gc,cpu         ] GC(3) User=0.00s Sys=0.00s Real=0.00s
[2025-05-18T20:38:05.350+0300][10704][19388][info][gc,start       ] GC(4) Pause Young (Allocation Failure)
[2025-05-18T20:38:05.352+0300][10704][19388][info][gc,heap        ] GC(4) PSYoungGen: 3153504K(3670016K)->7808K(3670016K) Eden: 3145728K(3145728K)->0K(3145728K) From: 7776K(524288K)->7808K(524288K)
[2025-05-18T20:38:05.352+0300][10704][19388][info][gc,heap        ] GC(4) ParOldGen: 3132K(8388608K)->3140K(8388608K)
[2025-05-18T20:38:05.352+0300][10704][19388][info][gc,metaspace   ] GC(4) Metaspace: 8939K(9472K)->8939K(9472K) NonClass: 7964K(8256K)->7964K(8256K) Class: 974K(1216K)->974K(1216K)
[2025-05-18T20:38:05.352+0300][10704][19388][info][gc             ] GC(4) Pause Young (Allocation Failure) 3082M->10M(11776M) 2.132ms
[2025-05-18T20:38:05.352+0300][10704][19388][info][gc,cpu         ] GC(4) User=0.00s Sys=0.00s Real=0.00s
[2025-05-18T20:38:06.997+0300][10704][19388][info][gc,start       ] GC(5) Pause Young (Allocation Failure)
[2025-05-18T20:38:06.999+0300][10704][19388][info][gc,heap        ] GC(5) PSYoungGen: 3153536K(3670016K)->7776K(3670016K) Eden: 3145728K(3145728K)->0K(3145728K) From: 7808K(524288K)->7776K(524288K)
[2025-05-18T20:38:06.999+0300][10704][19388][info][gc,heap        ] GC(5) ParOldGen: 3140K(8388608K)->3148K(8388608K)
[2025-05-18T20:38:06.999+0300][10704][19388][info][gc,metaspace   ] GC(5) Metaspace: 8941K(9472K)->8941K(9472K) NonClass: 7966K(8256K)->7966K(8256K) Class: 974K(1216K)->974K(1216K)
[2025-05-18T20:38:06.999+0300][10704][19388][info][gc             ] GC(5) Pause Young (Allocation Failure) 3082M->10M(11776M) 2.612ms
[2025-05-18T20:38:06.999+0300][10704][19388][info][gc,cpu         ] GC(5) User=0.06s Sys=0.05s Real=0.00s
[2025-05-18T20:38:08.613+0300][10704][19388][info][gc,start       ] GC(6) Pause Young (Allocation Failure)
[2025-05-18T20:38:08.616+0300][10704][19388][info][gc,heap        ] GC(6) PSYoungGen: 3153504K(3670016K)->7792K(4183552K) Eden: 3145728K(3145728K)->0K(3659264K) From: 7776K(524288K)->7792K(524288K)
[2025-05-18T20:38:08.616+0300][10704][19388][info][gc,heap        ] GC(6) ParOldGen: 3148K(8388608K)->3156K(8388608K)
[2025-05-18T20:38:08.616+0300][10704][19388][info][gc,metaspace   ] GC(6) Metaspace: 8945K(9472K)->8945K(9472K) NonClass: 7970K(8256K)->7970K(8256K) Class: 974K(1216K)->974K(1216K)
[2025-05-18T20:38:08.616+0300][10704][19388][info][gc             ] GC(6) Pause Young (Allocation Failure) 3082M->10M(12277M) 1.991ms
[2025-05-18T20:38:08.616+0300][10704][19388][info][gc,cpu         ] GC(6) User=0.00s Sys=0.00s Real=0.00s
[2025-05-18T20:38:09.950+0300][10704][19388][info][gc,start       ] GC(7) Pause Young (Allocation Failure)
[2025-05-18T20:38:09.954+0300][10704][19388][info][gc,heap        ] GC(7) PSYoungGen: 3667056K(4183552K)->7728K(3670016K) Eden: 3659264K(3659264K)->0K(3659264K) From: 7792K(524288K)->7728K(10752K)
[2025-05-18T20:38:09.955+0300][10704][19388][info][gc,heap        ] GC(7) ParOldGen: 3156K(8388608K)->3164K(8388608K)
[2025-05-18T20:38:09.955+0300][10704][19388][info][gc,metaspace   ] GC(7) Metaspace: 8945K(9472K)->8945K(9472K) NonClass: 7970K(8256K)->7970K(8256K) Class: 974K(1216K)->974K(1216K)
[2025-05-18T20:38:09.955+0300][10704][19388][info][gc             ] GC(7) Pause Young (Allocation Failure) 3584M->10M(11776M) 4.772ms
[2025-05-18T20:38:09.955+0300][10704][19388][info][gc,cpu         ] GC(7) User=0.02s Sys=0.06s Real=0.00s
[2025-05-18T20:38:11.692+0300][10704][19388][info][gc,start       ] GC(8) Pause Young (Allocation Failure)
[2025-05-18T20:38:11.694+0300][10704][19388][info][gc,heap        ] GC(8) PSYoungGen: 3666992K(3670016K)->272K(4181504K) Eden: 3659264K(3659264K)->0K(4170752K) From: 7728K(10752K)->272K(10752K)
[2025-05-18T20:38:11.694+0300][10704][19388][info][gc,heap        ] GC(8) ParOldGen: 3164K(8388608K)->10146K(8388608K)
[2025-05-18T20:38:11.694+0300][10704][19388][info][gc,metaspace   ] GC(8) Metaspace: 8947K(9472K)->8947K(9472K) NonClass: 7972K(8256K)->7972K(8256K) Class: 974K(1216K)->974K(1216K)
[2025-05-18T20:38:11.694+0300][10704][19388][info][gc             ] GC(8) Pause Young (Allocation Failure) 3584M->10M(12275M) 2.624ms
[2025-05-18T20:38:11.694+0300][10704][19388][info][gc,cpu         ] GC(8) User=0.00s Sys=0.00s Real=0.00s
[2025-05-18T20:38:13.156+0300][10704][19388][info][gc,start       ] GC(9) Pause Young (System.gc())
[2025-05-18T20:38:13.156+0300][10704][19388][info][gc,heap        ] GC(9) PSYoungGen: 1181930K(4181504K)->256K(4171264K) Eden: 1181658K(4170752K)->0K(4170752K) From: 272K(10752K)->256K(512K)
[2025-05-18T20:38:13.156+0300][10704][19388][info][gc,heap        ] GC(9) ParOldGen: 10146K(8388608K)->10170K(8388608K)
[2025-05-18T20:38:13.156+0300][10704][19388][info][gc,metaspace   ] GC(9) Metaspace: 9139K(9664K)->9139K(9664K) NonClass: 8146K(8448K)->8146K(8448K) Class: 992K(1216K)->992K(1216K)
[2025-05-18T20:38:13.156+0300][10704][19388][info][gc             ] GC(9) Pause Young (System.gc()) 1164M->10M(12265M) 0.705ms
[2025-05-18T20:38:13.156+0300][10704][19388][info][gc,cpu         ] GC(9) User=0.00s Sys=0.00s Real=0.00s
[2025-05-18T20:38:13.157+0300][10704][19388][info][gc,start       ] GC(10) Pause Full (System.gc())
[2025-05-18T20:38:13.157+0300][10704][19388][info][gc,phases,start] GC(10) Marking Phase
[2025-05-18T20:38:13.171+0300][10704][19388][info][gc,phases      ] GC(10) Marking Phase 13.922ms
[2025-05-18T20:38:13.171+0300][10704][19388][info][gc,phases,start] GC(10) Summary Phase
[2025-05-18T20:38:13.171+0300][10704][19388][info][gc,phases      ] GC(10) Summary Phase 0.032ms
[2025-05-18T20:38:13.171+0300][10704][19388][info][gc,phases,start] GC(10) Adjust Roots
[2025-05-18T20:38:13.176+0300][10704][19388][info][gc,phases      ] GC(10) Adjust Roots 5.110ms
[2025-05-18T20:38:13.176+0300][10704][19388][info][gc,phases,start] GC(10) Compaction Phase
[2025-05-18T20:38:13.183+0300][10704][19388][info][gc,phases      ] GC(10) Compaction Phase 6.890ms
[2025-05-18T20:38:13.183+0300][10704][19388][info][gc,phases,start] GC(10) Post Compact
[2025-05-18T20:38:13.186+0300][10704][19388][info][gc,phases      ] GC(10) Post Compact 3.106ms
[2025-05-18T20:38:13.186+0300][10704][19388][info][gc,heap        ] GC(10) PSYoungGen: 256K(4171264K)->0K(4171264K) Eden: 0K(4170752K)->0K(4170752K) From: 256K(512K)->0K(512K)
[2025-05-18T20:38:13.186+0300][10704][19388][info][gc,heap        ] GC(10) ParOldGen: 10170K(8388608K)->9913K(8388608K)
[2025-05-18T20:38:13.186+0300][10704][19388][info][gc,metaspace   ] GC(10) Metaspace: 9139K(9664K)->8690K(9664K) NonClass: 8146K(8448K)->7821K(8448K) Class: 992K(1216K)->868K(1216K)
[2025-05-18T20:38:13.186+0300][10704][19388][info][gc             ] GC(10) Pause Full (System.gc()) 10M->9M(12265M) 29.777ms
[2025-05-18T20:38:13.186+0300][10704][19388][info][gc,cpu         ] GC(10) User=0.03s Sys=0.00s Real=0.03s
[2025-05-18T20:38:14.817+0300][10704][19388][info][gc,start       ] GC(11) Pause Young (Allocation Failure)
[2025-05-18T20:38:14.820+0300][10704][19388][info][gc,heap        ] GC(11) PSYoungGen: 4170752K(4171264K)->7104K(4182528K) Eden: 4170752K(4170752K)->0K(4170240K) From: 0K(512K)->7104K(12288K)
[2025-05-18T20:38:14.820+0300][10704][19388][info][gc,heap        ] GC(11) ParOldGen: 9913K(8388608K)->9913K(8388608K)
[2025-05-18T20:38:14.820+0300][10704][19388][info][gc,metaspace   ] GC(11) Metaspace: 8690K(9664K)->8690K(9664K) NonClass: 7821K(8448K)->7821K(8448K) Class: 868K(1216K)->868K(1216K)
[2025-05-18T20:38:14.820+0300][10704][19388][info][gc             ] GC(11) Pause Young (Allocation Failure) 4082M->16M(12276M) 3.643ms
[2025-05-18T20:38:14.820+0300][10704][19388][info][gc,cpu         ] GC(11) User=0.00s Sys=0.00s Real=0.00s
[2025-05-18T20:38:16.308+0300][10704][19388][info][gc,start       ] GC(12) Pause Young (Allocation Failure)
[2025-05-18T20:38:16.310+0300][10704][19388][info][gc,heap        ] GC(12) PSYoungGen: 4177344K(4182528K)->7040K(4182016K) Eden: 4170240K(4170240K)->0K(4170240K) From: 7104K(12288K)->7040K(11776K)
[2025-05-18T20:38:16.310+0300][10704][19388][info][gc,heap        ] GC(12) ParOldGen: 9913K(8388608K)->9913K(8388608K)
[2025-05-18T20:38:16.310+0300][10704][19388][info][gc,metaspace   ] GC(12) Metaspace: 8690K(9664K)->8690K(9664K) NonClass: 7821K(8448K)->7821K(8448K) Class: 868K(1216K)->868K(1216K)
[2025-05-18T20:38:16.310+0300][10704][19388][info][gc             ] GC(12) Pause Young (Allocation Failure) 4089M->16M(12276M) 2.294ms
[2025-05-18T20:38:16.310+0300][10704][19388][info][gc,cpu         ] GC(12) User=0.00s Sys=0.03s Real=0.00s
[2025-05-18T20:38:17.635+0300][10704][19388][info][gc,start       ] GC(13) Pause Young (Allocation Failure)
[2025-05-18T20:38:17.637+0300][10704][19388][info][gc,heap        ] GC(13) PSYoungGen: 4177280K(4182016K)->512K(4181504K) Eden: 4170240K(4170240K)->0K(4169728K) From: 7040K(11776K)->512K(11776K)
[2025-05-18T20:38:17.637+0300][10704][19388][info][gc,heap        ] GC(13) ParOldGen: 9913K(8388608K)->16327K(8388608K)
[2025-05-18T20:38:17.637+0300][10704][19388][info][gc,metaspace   ] GC(13) Metaspace: 8690K(9664K)->8690K(9664K) NonClass: 7821K(8448K)->7821K(8448K) Class: 868K(1216K)->868K(1216K)
[2025-05-18T20:38:17.637+0300][10704][19388][info][gc             ] GC(13) Pause Young (Allocation Failure) 4089M->16M(12275M) 2.038ms
[2025-05-18T20:38:17.637+0300][10704][19388][info][gc,cpu         ] GC(13) User=0.00s Sys=0.00s Real=0.00s
[2025-05-18T20:38:18.970+0300][10704][19388][info][gc,start       ] GC(14) Pause Young (Allocation Failure)
[2025-05-18T20:38:18.971+0300][10704][19388][info][gc,heap        ] GC(14) PSYoungGen: 4170240K(4181504K)->592K(4182016K) Eden: 4169728K(4169728K)->0K(4169728K) From: 512K(11776K)->592K(12288K)
[2025-05-18T20:38:18.971+0300][10704][19388][info][gc,heap        ] GC(14) ParOldGen: 16327K(8388608K)->16383K(8388608K)
[2025-05-18T20:38:18.971+0300][10704][19388][info][gc,metaspace   ] GC(14) Metaspace: 8690K(9664K)->8690K(9664K) NonClass: 7821K(8448K)->7821K(8448K) Class: 868K(1216K)->868K(1216K)
[2025-05-18T20:38:18.972+0300][10704][19388][info][gc             ] GC(14) Pause Young (Allocation Failure) 4088M->16M(12276M) 1.252ms
[2025-05-18T20:38:18.972+0300][10704][19388][info][gc,cpu         ] GC(14) User=0.00s Sys=0.00s Real=0.00s
[2025-05-18T20:38:20.371+0300][10704][19388][info][gc,start       ] GC(15) Pause Young (Allocation Failure)
[2025-05-18T20:38:20.371+0300][10704][19388][info][gc,heap        ] GC(15) PSYoungGen: 4170320K(4182016K)->640K(4182016K) Eden: 4169728K(4169728K)->0K(4169728K) From: 592K(12288K)->640K(12288K)
[2025-05-18T20:38:20.372+0300][10704][19388][info][gc,heap        ] GC(15) ParOldGen: 16383K(8388608K)->16447K(8388608K)
[2025-05-18T20:38:20.372+0300][10704][19388][info][gc,metaspace   ] GC(15) Metaspace: 8690K(9664K)->8690K(9664K) NonClass: 7821K(8448K)->7821K(8448K) Class: 868K(1216K)->868K(1216K)
[2025-05-18T20:38:20.372+0300][10704][19388][info][gc             ] GC(15) Pause Young (Allocation Failure) 4088M->16M(12276M) 1.236ms
[2025-05-18T20:38:20.372+0300][10704][19388][info][gc,cpu         ] GC(15) User=0.00s Sys=0.00s Real=0.00s
[2025-05-18T20:38:21.593+0300][10704][19388][info][gc,start       ] GC(16) Pause Young (System.gc())
[2025-05-18T20:38:21.594+0300][10704][19388][info][gc,heap        ] GC(16) PSYoungGen: 2964348K(4182016K)->256K(4182016K) Eden: 2963707K(4169728K)->0K(4169728K) From: 640K(12288K)->256K(12288K)
[2025-05-18T20:38:21.594+0300][10704][19388][info][gc,heap        ] GC(16) ParOldGen: 16447K(8388608K)->16511K(8388608K)
[2025-05-18T20:38:21.594+0300][10704][19388][info][gc,metaspace   ] GC(16) Metaspace: 8690K(9664K)->8690K(9664K) NonClass: 7821K(8448K)->7821K(8448K) Class: 868K(1216K)->868K(1216K)
[2025-05-18T20:38:21.594+0300][10704][19388][info][gc             ] GC(16) Pause Young (System.gc()) 2910M->16M(12276M) 0.631ms
[2025-05-18T20:38:21.594+0300][10704][19388][info][gc,cpu         ] GC(16) User=0.00s Sys=0.00s Real=0.00s
[2025-05-18T20:38:21.594+0300][10704][19388][info][gc,start       ] GC(17) Pause Full (System.gc())
[2025-05-18T20:38:21.594+0300][10704][19388][info][gc,phases,start] GC(17) Marking Phase
[2025-05-18T20:38:21.603+0300][10704][19388][info][gc,phases      ] GC(17) Marking Phase 9.476ms
[2025-05-18T20:38:21.603+0300][10704][19388][info][gc,phases,start] GC(17) Summary Phase
[2025-05-18T20:38:21.603+0300][10704][19388][info][gc,phases      ] GC(17) Summary Phase 0.024ms
[2025-05-18T20:38:21.603+0300][10704][19388][info][gc,phases,start] GC(17) Adjust Roots
[2025-05-18T20:38:21.606+0300][10704][19388][info][gc,phases      ] GC(17) Adjust Roots 3.095ms
[2025-05-18T20:38:21.606+0300][10704][19388][info][gc,phases,start] GC(17) Compaction Phase
[2025-05-18T20:38:21.611+0300][10704][19388][info][gc,phases      ] GC(17) Compaction Phase 4.947ms
[2025-05-18T20:38:21.611+0300][10704][19388][info][gc,phases,start] GC(17) Post Compact
[2025-05-18T20:38:21.612+0300][10704][19388][info][gc,phases      ] GC(17) Post Compact 1.124ms
[2025-05-18T20:38:21.612+0300][10704][19388][info][gc,heap        ] GC(17) PSYoungGen: 256K(4182016K)->0K(4182016K) Eden: 0K(4169728K)->0K(4169728K) From: 256K(12288K)->0K(12288K)
[2025-05-18T20:38:21.612+0300][10704][19388][info][gc,heap        ] GC(17) ParOldGen: 16511K(8388608K)->9921K(8388608K)
[2025-05-18T20:38:21.612+0300][10704][19388][info][gc,metaspace   ] GC(17) Metaspace: 8690K(9664K)->8690K(9664K) NonClass: 7821K(8448K)->7821K(8448K) Class: 868K(1216K)->868K(1216K)
[2025-05-18T20:38:21.613+0300][10704][19388][info][gc             ] GC(17) Pause Full (System.gc()) 16M->9M(12276M) 19.750ms
[2025-05-18T20:38:21.613+0300][10704][19388][info][gc,cpu         ] GC(17) User=0.02s Sys=0.00s Real=0.02s
[2025-05-18T20:38:22.925+0300][10704][19388][info][gc,start       ] GC(18) Pause Young (Allocation Failure)
[2025-05-18T20:38:22.926+0300][10704][19388][info][gc,heap        ] GC(18) PSYoungGen: 4169728K(4182016K)->7024K(4180992K) Eden: 4169728K(4169728K)->0K(4168704K) From: 0K(12288K)->7024K(12288K)
[2025-05-18T20:38:22.926+0300][10704][19388][info][gc,heap        ] GC(18) ParOldGen: 9921K(8388608K)->9921K(8388608K)
[2025-05-18T20:38:22.926+0300][10704][19388][info][gc,metaspace   ] GC(18) Metaspace: 8690K(9664K)->8690K(9664K) NonClass: 7821K(8448K)->7821K(8448K) Class: 868K(1216K)->868K(1216K)
[2025-05-18T20:38:22.926+0300][10704][19388][info][gc             ] GC(18) Pause Young (Allocation Failure) 4081M->16M(12275M) 1.347ms
[2025-05-18T20:38:22.926+0300][10704][19388][info][gc,cpu         ] GC(18) User=0.00s Sys=0.00s Real=0.00s
[2025-05-18T20:38:24.378+0300][10704][19388][info][gc,start       ] GC(19) Pause Young (Allocation Failure)
[2025-05-18T20:38:24.379+0300][10704][19388][info][gc,heap        ] GC(19) PSYoungGen: 4175728K(4180992K)->528K(4181504K) Eden: 4168704K(4168704K)->0K(4168704K) From: 7024K(12288K)->528K(12800K)
[2025-05-18T20:38:24.379+0300][10704][19388][info][gc,heap        ] GC(19) ParOldGen: 9921K(8388608K)->16358K(8388608K)
[2025-05-18T20:38:24.379+0300][10704][19388][info][gc,metaspace   ] GC(19) Metaspace: 8690K(9664K)->8690K(9664K) NonClass: 7821K(8448K)->7821K(8448K) Class: 868K(1216K)->868K(1216K)
[2025-05-18T20:38:24.379+0300][10704][19388][info][gc             ] GC(19) Pause Young (Allocation Failure) 4087M->16M(12275M) 1.543ms
[2025-05-18T20:38:24.379+0300][10704][19388][info][gc,cpu         ] GC(19) User=0.00s Sys=0.00s Real=0.00s
[2025-05-18T20:38:26.013+0300][10704][19388][info][gc,start       ] GC(20) Pause Young (Allocation Failure)
[2025-05-18T20:38:26.014+0300][10704][19388][info][gc,heap        ] GC(20) PSYoungGen: 4169232K(4181504K)->640K(4182016K) Eden: 4168704K(4168704K)->0K(4169728K) From: 528K(12800K)->640K(12288K)
[2025-05-18T20:38:26.014+0300][10704][19388][info][gc,heap        ] GC(20) ParOldGen: 16358K(8388608K)->16406K(8388608K)
[2025-05-18T20:38:26.014+0300][10704][19388][info][gc,metaspace   ] GC(20) Metaspace: 8690K(9664K)->8690K(9664K) NonClass: 7821K(8448K)->7821K(8448K) Class: 868K(1216K)->868K(1216K)
[2025-05-18T20:38:26.014+0300][10704][19388][info][gc             ] GC(20) Pause Young (Allocation Failure) 4087M->16M(12276M) 1.132ms
[2025-05-18T20:38:26.014+0300][10704][19388][info][gc,cpu         ] GC(20) User=0.02s Sys=0.02s Real=0.00s
[2025-05-18T20:38:27.518+0300][10704][19388][info][gc,start       ] GC(21) Pause Young (Allocation Failure)
[2025-05-18T20:38:27.520+0300][10704][19388][info][gc,heap        ] GC(21) PSYoungGen: 4170368K(4182016K)->640K(4182016K) Eden: 4169728K(4169728K)->0K(4169728K) From: 640K(12288K)->640K(12288K)
[2025-05-18T20:38:27.520+0300][10704][19388][info][gc,heap        ] GC(21) ParOldGen: 16406K(8388608K)->16470K(8388608K)
[2025-05-18T20:38:27.520+0300][10704][19388][info][gc,metaspace   ] GC(21) Metaspace: 8690K(9664K)->8690K(9664K) NonClass: 7821K(8448K)->7821K(8448K) Class: 868K(1216K)->868K(1216K)
[2025-05-18T20:38:27.520+0300][10704][19388][info][gc             ] GC(21) Pause Young (Allocation Failure) 4088M->16M(12276M) 1.343ms
[2025-05-18T20:38:27.520+0300][10704][19388][info][gc,cpu         ] GC(21) User=0.00s Sys=0.00s Real=0.00s
[2025-05-18T20:38:29.161+0300][10704][19388][info][gc,start       ] GC(22) Pause Young (Allocation Failure)
[2025-05-18T20:38:29.161+0300][10704][19388][info][gc,heap        ] GC(22) PSYoungGen: 4170368K(4182016K)->560K(4183040K) Eden: 4169728K(4169728K)->0K(4171264K) From: 640K(12288K)->560K(11776K)
[2025-05-18T20:38:29.161+0300][10704][19388][info][gc,heap        ] GC(22) ParOldGen: 16470K(8388608K)->16518K(8388608K)
[2025-05-18T20:38:29.161+0300][10704][19388][info][gc,metaspace   ] GC(22) Metaspace: 8690K(9664K)->8690K(9664K) NonClass: 7821K(8448K)->7821K(8448K) Class: 868K(1216K)->868K(1216K)
[2025-05-18T20:38:29.161+0300][10704][19388][info][gc             ] GC(22) Pause Young (Allocation Failure) 4088M->16M(12277M) 0.867ms
[2025-05-18T20:38:29.161+0300][10704][19388][info][gc,cpu         ] GC(22) User=0.00s Sys=0.00s Real=0.00s
[2025-05-18T20:38:30.980+0300][10704][9424 ][info][gc,heap,exit   ] Heap
[2025-05-18T20:38:30.980+0300][10704][9424 ][info][gc,heap,exit   ]  PSYoungGen      total 4183040K, used 2849889K [0x0000000700000000, 0x0000000800000000, 0x0000000800000000)
[2025-05-18T20:38:30.980+0300][10704][9424 ][info][gc,heap,exit   ]   eden space 4171264K, 68% used [0x0000000700000000,0x00000007ade8c6b0,0x00000007fe980000)
[2025-05-18T20:38:30.980+0300][10704][9424 ][info][gc,heap,exit   ]   from space 11776K, 4% used [0x00000007ff480000,0x00000007ff50c0b0,0x0000000800000000)
[2025-05-18T20:38:30.980+0300][10704][9424 ][info][gc,heap,exit   ]   to   space 11264K, 0% used [0x00000007fe980000,0x00000007fe980000,0x00000007ff480000)
[2025-05-18T20:38:30.980+0300][10704][9424 ][info][gc,heap,exit   ]  ParOldGen       total 8388608K, used 16518K [0x0000000500000000, 0x0000000700000000, 0x0000000700000000)
[2025-05-18T20:38:30.980+0300][10704][9424 ][info][gc,heap,exit   ]   object space 8388608K, 0% used [0x0000000500000000,0x0000000501021848,0x0000000700000000)
[2025-05-18T20:38:30.980+0300][10704][9424 ][info][gc,heap,exit   ]  Metaspace       used 8715K, committed 9792K, reserved 1114112K
[2025-05-18T20:38:30.980+0300][10704][9424 ][info][gc,heap,exit   ]   class space    used 873K, committed 1280K, reserved 1048576K
