[2025-05-18T22:58:29.535+0300][7324][3544][info][gc] Min heap equals to max heap, disabling ShenandoahUncommit
[2025-05-18T22:58:29.538+0300][7324][3544][info][gc] Heuristics ergonomically sets -XX:+ExplicitGCInvokesConcurrent
[2025-05-18T22:58:29.538+0300][7324][3544][info][gc] Heuristics ergonomically sets -XX:+ShenandoahImplicitGCInvokesConcurrent
[2025-05-18T22:58:29.538+0300][7324][3544][info][gc] Using Shenandoah
[2025-05-18T22:58:29.543+0300][7324][3544][info][gc,ergo] Pacer for Idle. Initial: 83886K, Alloc Tax Rate: 1.0x
[2025-05-18T22:58:29.543+0300][7324][3544][info][gc,init] Version: 21.0.7+6-LTS (release)
[2025-05-18T22:58:29.543+0300][7324][3544][info][gc,init] CPUs: 8 total, 8 available
[2025-05-18T22:58:29.543+0300][7324][3544][info][gc,init] Memory: 16183M
[2025-05-18T22:58:29.543+0300][7324][3544][info][gc,init] Large Page Support: Disabled
[2025-05-18T22:58:29.543+0300][7324][3544][info][gc,init] NUMA Support: Disabled
[2025-05-18T22:58:29.543+0300][7324][3544][info][gc,init] Compressed Oops: Enabled (Zero based)
[2025-05-18T22:58:29.543+0300][7324][3544][info][gc,init] Heap Min Capacity: 4G
[2025-05-18T22:58:29.543+0300][7324][3544][info][gc,init] Heap Initial Capacity: 4G
[2025-05-18T22:58:29.543+0300][7324][3544][info][gc,init] Heap Max Capacity: 4G
[2025-05-18T22:58:29.543+0300][7324][3544][info][gc,init] Pre-touch: Disabled
[2025-05-18T22:58:29.543+0300][7324][3544][info][gc,init] Mode: Snapshot-At-The-Beginning (SATB)
[2025-05-18T22:58:29.543+0300][7324][3544][info][gc,init] Heuristics: Adaptive
[2025-05-18T22:58:29.543+0300][7324][3544][info][gc,init] Heap Region Count: 2048
[2025-05-18T22:58:29.543+0300][7324][3544][info][gc,init] Heap Region Size: 2M
[2025-05-18T22:58:29.543+0300][7324][3544][info][gc,init] TLAB Size Max: 2M
[2025-05-18T22:58:29.543+0300][7324][3544][info][gc,init] Humongous Object Threshold: 2M
[2025-05-18T22:58:29.543+0300][7324][3544][info][gc,init] Parallel Workers: 4
[2025-05-18T22:58:29.543+0300][7324][3544][info][gc,init] Concurrent Workers: 2
[2025-05-18T22:58:29.550+0300][7324][3544][info][gc,metaspace] CDS archive(s) mapped at: [0x000001b432000000-0x000001b432c80000-0x000001b432c80000), size 13107200, SharedBaseAddress: 0x000001b432000000, ArchiveRelocationMode: 1.
[2025-05-18T22:58:29.550+0300][7324][3544][info][gc,metaspace] Compressed class space mapped at: 0x000001b433000000-0x000001b473000000, reserved size: 1073741824
[2025-05-18T22:58:29.550+0300][7324][3544][info][gc,metaspace] Narrow klass base: 0x000001b432000000, Narrow klass shift: 0, Narrow klass range: 0x100000000
[2025-05-18T22:58:34.721+0300][7324][16848][info][gc          ] Trigger: Explicit GC request (System.gc())
[2025-05-18T22:58:34.721+0300][7324][16848][info][gc,ergo     ] Free: 3738M, Max: 2048K regular, 3738M humongous, Frag: 0% external, 0% internal; Reserve: 206M, Max: 2048K
[2025-05-18T22:58:34.721+0300][7324][16848][info][gc,start    ] GC(0) Concurrent reset
[2025-05-18T22:58:34.721+0300][7324][16848][info][gc,task     ] GC(0) Using 2 of 4 workers for concurrent reset
[2025-05-18T22:58:34.721+0300][7324][16848][info][gc,ergo     ] GC(0) Pacer for Reset. Non-Taxable: 4096M
[2025-05-18T22:58:34.721+0300][7324][16848][info][gc          ] GC(0) Concurrent reset 0.293ms
[2025-05-18T22:58:34.721+0300][7324][8028 ][info][gc,start    ] GC(0) Pause Init Mark (unload classes)
[2025-05-18T22:58:34.722+0300][7324][8028 ][info][gc,task     ] GC(0) Using 4 of 4 workers for init marking
[2025-05-18T22:58:34.722+0300][7324][8028 ][info][gc,ref      ] GC(0) Clearing All SoftReferences
[2025-05-18T22:58:34.722+0300][7324][8028 ][info][gc,ergo     ] GC(0) Pacer for Mark. Expected Live: 409M, Free: 3738M, Non-Taxable: 373M, Alloc Tax Rate: 0.1x
[2025-05-18T22:58:34.722+0300][7324][8028 ][info][gc          ] GC(0) Pause Init Mark (unload classes) 0.173ms
[2025-05-18T22:58:34.722+0300][7324][16848][info][gc,start    ] GC(0) Concurrent marking roots
[2025-05-18T22:58:34.722+0300][7324][16848][info][gc,task     ] GC(0) Using 2 of 4 workers for concurrent marking roots
[2025-05-18T22:58:34.722+0300][7324][16848][info][gc          ] GC(0) Concurrent marking roots 0.473ms
[2025-05-18T22:58:34.722+0300][7324][16848][info][gc,start    ] GC(0) Concurrent marking (unload classes)
[2025-05-18T22:58:34.722+0300][7324][16848][info][gc,task     ] GC(0) Using 2 of 4 workers for concurrent marking
[2025-05-18T22:58:34.725+0300][7324][16848][info][gc          ] GC(0) Concurrent marking (unload classes) 2.541ms
[2025-05-18T22:58:34.725+0300][7324][8028 ][info][gc,start    ] GC(0) Pause Final Mark (unload classes)
[2025-05-18T22:58:34.725+0300][7324][8028 ][info][gc,task     ] GC(0) Using 4 of 4 workers for final marking
[2025-05-18T22:58:34.725+0300][7324][8028 ][info][gc,ergo     ] GC(0) Adaptive CSet Selection. Target Free: 580M, Actual Free: 3944M, Max CSet: 170M, Min Garbage: 0B
[2025-05-18T22:58:34.725+0300][7324][8028 ][info][gc,ergo     ] GC(0) Collectable Garbage: 149M (100%), Immediate: 0B (0%), CSet: 149M (100%)
[2025-05-18T22:58:34.725+0300][7324][8028 ][info][gc,ergo     ] GC(0) Pacer for Evacuation. Used CSet: 152M, Free: 3738M, Non-Taxable: 373M, Alloc Tax Rate: 1.1x
[2025-05-18T22:58:34.725+0300][7324][8028 ][info][gc          ] GC(0) Pause Final Mark (unload classes) 0.408ms
[2025-05-18T22:58:34.725+0300][7324][16848][info][gc,start    ] GC(0) Concurrent thread roots
[2025-05-18T22:58:34.725+0300][7324][16848][info][gc,task     ] GC(0) Using 2 of 4 workers for Concurrent thread roots
[2025-05-18T22:58:34.726+0300][7324][16848][info][gc          ] GC(0) Concurrent thread roots 0.223ms
[2025-05-18T22:58:34.726+0300][7324][16848][info][gc,start    ] GC(0) Concurrent weak references
[2025-05-18T22:58:34.726+0300][7324][16848][info][gc,task     ] GC(0) Using 2 of 4 workers for concurrent weak references
[2025-05-18T22:58:34.726+0300][7324][16848][info][gc,ref      ] GC(0) Encountered references: Soft: 76, Weak: 320, Final: 3, Phantom: 64
[2025-05-18T22:58:34.726+0300][7324][16848][info][gc,ref      ] GC(0) Discovered  references: Soft: 62, Weak: 211, Final: 3, Phantom: 60
[2025-05-18T22:58:34.726+0300][7324][16848][info][gc,ref      ] GC(0) Enqueued    references: Soft: 31, Weak: 82, Final: 0, Phantom: 34
[2025-05-18T22:58:34.726+0300][7324][16848][info][gc          ] GC(0) Concurrent weak references 0.264ms
[2025-05-18T22:58:34.726+0300][7324][16848][info][gc,start    ] GC(0) Concurrent weak roots
[2025-05-18T22:58:34.726+0300][7324][16848][info][gc,task     ] GC(0) Using 2 of 4 workers for concurrent weak root
[2025-05-18T22:58:34.726+0300][7324][16848][info][gc          ] GC(0) Concurrent weak roots 0.455ms
[2025-05-18T22:58:34.726+0300][7324][16848][info][gc,start    ] GC(0) Concurrent cleanup
[2025-05-18T22:58:34.726+0300][7324][16848][info][gc          ] GC(0) Concurrent cleanup 154M->154M(4096M) 0.034ms
[2025-05-18T22:58:34.726+0300][7324][16848][info][gc,ergo     ] GC(0) Free: 3736M, Max: 2048K regular, 3736M humongous, Frag: 0% external, 0% internal; Reserve: 205M, Max: 2048K
[2025-05-18T22:58:34.726+0300][7324][16848][info][gc,start    ] GC(0) Concurrent class unloading
[2025-05-18T22:58:34.726+0300][7324][16848][info][gc,task     ] GC(0) Using 2 of 4 workers for concurrent class unloading
[2025-05-18T22:58:34.728+0300][7324][16848][info][gc          ] GC(0) Concurrent class unloading 1.504ms
[2025-05-18T22:58:34.728+0300][7324][16848][info][gc,start    ] GC(0) Concurrent strong roots
[2025-05-18T22:58:34.728+0300][7324][16848][info][gc,task     ] GC(0) Using 2 of 4 workers for concurrent strong root
[2025-05-18T22:58:34.728+0300][7324][16848][info][gc          ] GC(0) Concurrent strong roots 0.287ms
[2025-05-18T22:58:34.728+0300][7324][16848][info][gc,start    ] GC(0) Concurrent evacuation
[2025-05-18T22:58:34.728+0300][7324][16848][info][gc,task     ] GC(0) Using 2 of 4 workers for concurrent evacuation
[2025-05-18T22:58:34.730+0300][7324][16848][info][gc          ] GC(0) Concurrent evacuation 1.433ms
[2025-05-18T22:58:34.730+0300][7324][8028 ][info][gc,start    ] GC(0) Pause Init Update Refs
[2025-05-18T22:58:34.730+0300][7324][8028 ][info][gc,ergo     ] GC(0) Pacer for Update Refs. Used: 157M, Free: 3736M, Non-Taxable: 373M, Alloc Tax Rate: 1.1x
[2025-05-18T22:58:34.730+0300][7324][8028 ][info][gc          ] GC(0) Pause Init Update Refs 0.088ms
[2025-05-18T22:58:34.730+0300][7324][16848][info][gc,start    ] GC(0) Concurrent update references
[2025-05-18T22:58:34.730+0300][7324][16848][info][gc,task     ] GC(0) Using 2 of 4 workers for concurrent reference update
[2025-05-18T22:58:34.731+0300][7324][16848][info][gc          ] GC(0) Concurrent update references 1.305ms
[2025-05-18T22:58:34.731+0300][7324][16848][info][gc,start    ] GC(0) Concurrent update thread roots
[2025-05-18T22:58:34.732+0300][7324][16848][info][gc          ] GC(0) Concurrent update thread roots 0.244ms
[2025-05-18T22:58:34.732+0300][7324][8028 ][info][gc,start    ] GC(0) Pause Final Update Refs
[2025-05-18T22:58:34.732+0300][7324][8028 ][info][gc,task     ] GC(0) Using 4 of 4 workers for final reference update
[2025-05-18T22:58:34.732+0300][7324][8028 ][info][gc          ] GC(0) Pause Final Update Refs 0.065ms
[2025-05-18T22:58:34.732+0300][7324][16848][info][gc,start    ] GC(0) Concurrent cleanup
[2025-05-18T22:58:34.732+0300][7324][16848][info][gc          ] GC(0) Concurrent cleanup 157M->5M(4096M) 0.034ms
[2025-05-18T22:58:34.732+0300][7324][16848][info][gc,ergo     ] Free: 3884M, Max: 2048K regular, 3732M humongous, Frag: 4% external, 0% internal; Reserve: 206M, Max: 2048K
[2025-05-18T22:58:34.732+0300][7324][16848][info][gc,stats    ] 
[2025-05-18T22:58:34.732+0300][7324][16848][info][gc,stats    ] All times are wall-clock times, except per-root-class counters, that are sum over
[2025-05-18T22:58:34.732+0300][7324][16848][info][gc,stats    ] all workers. Dividing the <total> over the root stage time estimates parallelism.
[2025-05-18T22:58:34.732+0300][7324][16848][info][gc,stats    ] 
[2025-05-18T22:58:34.732+0300][7324][16848][info][gc,stats    ] Concurrent Reset                    329 us
[2025-05-18T22:58:34.732+0300][7324][16848][info][gc,stats    ] Pause Init Mark (G)                 309 us
[2025-05-18T22:58:34.732+0300][7324][16848][info][gc,stats    ] Pause Init Mark (N)                 188 us
[2025-05-18T22:58:34.732+0300][7324][16848][info][gc,stats    ]   Update Region States                8 us
[2025-05-18T22:58:34.732+0300][7324][16848][info][gc,stats    ] Concurrent Mark Roots               536 us, parallelism: 0.87x
[2025-05-18T22:58:34.732+0300][7324][16848][info][gc,stats    ]   CMR: <total>                      465 us
[2025-05-18T22:58:34.732+0300][7324][16848][info][gc,stats    ]   CMR: Thread Roots                 373 us, workers (us): 157, 217, ---, ---, 
[2025-05-18T22:58:34.732+0300][7324][16848][info][gc,stats    ]   CMR: VM Strong Roots               25 us, workers (us):  23,   2, ---, ---, 
[2025-05-18T22:58:34.732+0300][7324][16848][info][gc,stats    ]   CMR: CLDG Roots                    66 us, workers (us):  66, ---, ---, ---, 
[2025-05-18T22:58:34.732+0300][7324][16848][info][gc,stats    ] Concurrent Marking                 2579 us
[2025-05-18T22:58:34.732+0300][7324][16848][info][gc,stats    ] Pause Final Mark (G)                650 us
[2025-05-18T22:58:34.732+0300][7324][16848][info][gc,stats    ] Pause Final Mark (N)                457 us
[2025-05-18T22:58:34.732+0300][7324][16848][info][gc,stats    ]   Finish Mark                       193 us
[2025-05-18T22:58:34.732+0300][7324][16848][info][gc,stats    ]   Update Region States               13 us
[2025-05-18T22:58:34.732+0300][7324][16848][info][gc,stats    ]   Choose Collection Set              99 us
[2025-05-18T22:58:34.732+0300][7324][16848][info][gc,stats    ]   Rebuild Free Set                   26 us
[2025-05-18T22:58:34.732+0300][7324][16848][info][gc,stats    ] Concurrent Thread Roots             252 us, parallelism: 0.24x
[2025-05-18T22:58:34.732+0300][7324][16848][info][gc,stats    ]   CTR: <total>                       61 us
[2025-05-18T22:58:34.732+0300][7324][16848][info][gc,stats    ]   CTR: Thread Roots                  61 us, workers (us):  47,  14, ---, ---, 
[2025-05-18T22:58:34.732+0300][7324][16848][info][gc,stats    ] Concurrent Weak References          274 us, parallelism: 0.14x
[2025-05-18T22:58:34.732+0300][7324][16848][info][gc,stats    ]   CWRF: <total>                      38 us
[2025-05-18T22:58:34.732+0300][7324][16848][info][gc,stats    ]   CWRF: Weak References              38 us, workers (us):  33,   6, ---, ---, 
[2025-05-18T22:58:34.732+0300][7324][16848][info][gc,stats    ] Concurrent Weak Roots               481 us
[2025-05-18T22:58:34.732+0300][7324][16848][info][gc,stats    ]   Roots                             306 us, parallelism: 1.43x
[2025-05-18T22:58:34.732+0300][7324][16848][info][gc,stats    ]     CWR: <total>                    436 us
[2025-05-18T22:58:34.732+0300][7324][16848][info][gc,stats    ]     CWR: Code Cache Roots           194 us, workers (us):  94, 100, ---, ---, 
[2025-05-18T22:58:34.732+0300][7324][16848][info][gc,stats    ]     CWR: VM Weak Roots              240 us, workers (us): 118, 122, ---, ---, 
[2025-05-18T22:58:34.732+0300][7324][16848][info][gc,stats    ]     CWR: CLDG Roots                   1 us, workers (us):   1, ---, ---, ---, 
[2025-05-18T22:58:34.732+0300][7324][16848][info][gc,stats    ]   Rendezvous                        132 us
[2025-05-18T22:58:34.732+0300][7324][16848][info][gc,stats    ] Concurrent Cleanup                   44 us
[2025-05-18T22:58:34.732+0300][7324][16848][info][gc,stats    ] Concurrent Class Unloading         1534 us
[2025-05-18T22:58:34.732+0300][7324][16848][info][gc,stats    ]   Unlink Stale                     1134 us
[2025-05-18T22:58:34.732+0300][7324][16848][info][gc,stats    ]     System Dictionary                45 us
[2025-05-18T22:58:34.732+0300][7324][16848][info][gc,stats    ]     Weak Class Links                524 us
[2025-05-18T22:58:34.732+0300][7324][16848][info][gc,stats    ]     Code Roots                      564 us
[2025-05-18T22:58:34.732+0300][7324][16848][info][gc,stats    ]   Rendezvous                        158 us
[2025-05-18T22:58:34.732+0300][7324][16848][info][gc,stats    ]   Purge Unlinked                    190 us
[2025-05-18T22:58:34.732+0300][7324][16848][info][gc,stats    ]     Code Roots                      172 us
[2025-05-18T22:58:34.732+0300][7324][16848][info][gc,stats    ]     CLDG                             18 us
[2025-05-18T22:58:34.732+0300][7324][16848][info][gc,stats    ]     Exception Caches                  0 us
[2025-05-18T22:58:34.732+0300][7324][16848][info][gc,stats    ] Concurrent Strong Roots             320 us, parallelism: 0.57x
[2025-05-18T22:58:34.732+0300][7324][16848][info][gc,stats    ]   CSR: <total>                      182 us
[2025-05-18T22:58:34.732+0300][7324][16848][info][gc,stats    ]   CSR: VM Strong Roots                7 us, workers (us):   6,   1, ---, ---, 
[2025-05-18T22:58:34.732+0300][7324][16848][info][gc,stats    ]   CSR: CLDG Roots                   174 us, workers (us): 174, ---, ---, ---, 
[2025-05-18T22:58:34.732+0300][7324][16848][info][gc,stats    ] Concurrent Evacuation              1471 us
[2025-05-18T22:58:34.732+0300][7324][16848][info][gc,stats    ] Pause Init Update Refs (G)          298 us
[2025-05-18T22:58:34.732+0300][7324][16848][info][gc,stats    ] Pause Init Update Refs (N)          103 us
[2025-05-18T22:58:34.732+0300][7324][16848][info][gc,stats    ]   Manage GCLABs                       2 us
[2025-05-18T22:58:34.732+0300][7324][16848][info][gc,stats    ] Concurrent Update Refs             1339 us
[2025-05-18T22:58:34.732+0300][7324][16848][info][gc,stats    ] Concurrent Update Thread Roots      269 us
[2025-05-18T22:58:34.732+0300][7324][16848][info][gc,stats    ] Pause Final Update Refs (G)         212 us
[2025-05-18T22:58:34.732+0300][7324][16848][info][gc,stats    ] Pause Final Update Refs (N)          75 us
[2025-05-18T22:58:34.732+0300][7324][16848][info][gc,stats    ]   Update Region States               13 us
[2025-05-18T22:58:34.732+0300][7324][16848][info][gc,stats    ]   Trash Collection Set                2 us
[2025-05-18T22:58:34.732+0300][7324][16848][info][gc,stats    ]   Rebuild Free Set                    8 us
[2025-05-18T22:58:34.733+0300][7324][16848][info][gc,stats    ] Concurrent Cleanup                   52 us
[2025-05-18T22:58:34.733+0300][7324][16848][info][gc,stats    ] 
[2025-05-18T22:58:34.733+0300][7324][16848][info][gc,stats    ] Allocation pacing accrued:
[2025-05-18T22:58:34.733+0300][7324][16848][info][gc,stats    ]       0 of  5190 ms (  0.0%): <total>
[2025-05-18T22:58:34.733+0300][7324][16848][info][gc,stats    ]       0 of  5190 ms (  0.0%): <average total>
[2025-05-18T22:58:34.733+0300][7324][16848][info][gc,stats    ] 
[2025-05-18T22:58:34.733+0300][7324][16848][info][gc,metaspace] Metaspace: 2834K(3072K)->2829K(3072K) NonClass: 2578K(2688K)->2574K(2688K) Class: 256K(384K)->254K(384K)
[2025-05-18T22:58:34.733+0300][7324][16848][info][gc,ergo     ] Pacer for Idle. Initial: 83886K, Alloc Tax Rate: 1.0x
[2025-05-18T22:58:35.847+0300][7324][16848][info][gc          ] Trigger: Learning 2 of 5. Free (2858M) is below initial threshold (2867M)
[2025-05-18T22:58:35.847+0300][7324][16848][info][gc,ergo     ] Free: 2858M, Max: 2048K regular, 2858M humongous, Frag: 0% external, 0% internal; Reserve: 206M, Max: 2048K
[2025-05-18T22:58:35.847+0300][7324][16848][info][gc,start    ] GC(1) Concurrent reset
[2025-05-18T22:58:35.847+0300][7324][16848][info][gc,task     ] GC(1) Using 2 of 4 workers for concurrent reset
[2025-05-18T22:58:35.847+0300][7324][16848][info][gc,ergo     ] GC(1) Pacer for Reset. Non-Taxable: 4096M
[2025-05-18T22:58:35.847+0300][7324][16848][info][gc          ] GC(1) Concurrent reset 0.461ms
[2025-05-18T22:58:35.848+0300][7324][8028 ][info][gc,start    ] GC(1) Pause Init Mark (unload classes)
[2025-05-18T22:58:35.848+0300][7324][8028 ][info][gc,task     ] GC(1) Using 4 of 4 workers for init marking
[2025-05-18T22:58:35.848+0300][7324][8028 ][info][gc,ergo     ] GC(1) Pacer for Mark. Expected Live: 2919K, Free: 2856M, Non-Taxable: 285M, Alloc Tax Rate: 0.0x
[2025-05-18T22:58:35.848+0300][7324][8028 ][info][gc          ] GC(1) Pause Init Mark (unload classes) 0.114ms
[2025-05-18T22:58:35.848+0300][7324][16848][info][gc,start    ] GC(1) Concurrent marking roots
[2025-05-18T22:58:35.848+0300][7324][16848][info][gc,task     ] GC(1) Using 2 of 4 workers for concurrent marking roots
[2025-05-18T22:58:35.848+0300][7324][16848][info][gc          ] GC(1) Concurrent marking roots 0.363ms
[2025-05-18T22:58:35.848+0300][7324][16848][info][gc,start    ] GC(1) Concurrent marking (unload classes)
[2025-05-18T22:58:35.848+0300][7324][16848][info][gc,task     ] GC(1) Using 2 of 4 workers for concurrent marking
[2025-05-18T22:58:35.911+0300][7324][16848][info][gc          ] GC(1) Concurrent marking (unload classes) 62.368ms
[2025-05-18T22:58:35.911+0300][7324][8028 ][info][gc,start    ] GC(1) Pause Final Mark (unload classes)
[2025-05-18T22:58:35.911+0300][7324][8028 ][info][gc,task     ] GC(1) Using 4 of 4 workers for final marking
[2025-05-18T22:58:35.911+0300][7324][8028 ][info][gc,ergo     ] GC(1) Adaptive CSet Selection. Target Free: 580M, Actual Free: 3662M, Max CSet: 170M, Min Garbage: 0B
[2025-05-18T22:58:35.911+0300][7324][8028 ][info][gc,ergo     ] GC(1) Collectable Garbage: 1017M (99%), Immediate: 704M (69%), CSet: 313M (30%)
[2025-05-18T22:58:35.911+0300][7324][8028 ][info][gc,ergo     ] GC(1) Pacer for Evacuation. Used CSet: 316M, Free: 3456M, Non-Taxable: 345M, Alloc Tax Rate: 1.1x
[2025-05-18T22:58:35.911+0300][7324][8028 ][info][gc          ] GC(1) Pause Final Mark (unload classes) 0.227ms
[2025-05-18T22:58:35.911+0300][7324][16848][info][gc,start    ] GC(1) Concurrent thread roots
[2025-05-18T22:58:35.911+0300][7324][16848][info][gc,task     ] GC(1) Using 2 of 4 workers for Concurrent thread roots
[2025-05-18T22:58:35.911+0300][7324][16848][info][gc          ] GC(1) Concurrent thread roots 0.248ms
[2025-05-18T22:58:35.911+0300][7324][16848][info][gc,start    ] GC(1) Concurrent weak references
[2025-05-18T22:58:35.911+0300][7324][16848][info][gc,task     ] GC(1) Using 2 of 4 workers for concurrent weak references
[2025-05-18T22:58:35.912+0300][7324][16848][info][gc,ref      ] GC(1) Encountered references: Soft: 301, Weak: 1037, Final: 3, Phantom: 192
[2025-05-18T22:58:35.912+0300][7324][16848][info][gc,ref      ] GC(1) Discovered  references: Soft: 0, Weak: 538, Final: 1, Phantom: 178
[2025-05-18T22:58:35.912+0300][7324][16848][info][gc,ref      ] GC(1) Enqueued    references: Soft: 0, Weak: 342, Final: 0, Phantom: 142
[2025-05-18T22:58:35.912+0300][7324][16848][info][gc          ] GC(1) Concurrent weak references 0.254ms
[2025-05-18T22:58:35.912+0300][7324][16848][info][gc,start    ] GC(1) Concurrent weak roots
[2025-05-18T22:58:35.912+0300][7324][16848][info][gc,task     ] GC(1) Using 2 of 4 workers for concurrent weak root
[2025-05-18T22:58:35.943+0300][7324][16848][info][gc          ] GC(1) Concurrent weak roots 30.803ms
[2025-05-18T22:58:35.943+0300][7324][16848][info][gc,start    ] GC(1) Concurrent cleanup
[2025-05-18T22:58:35.943+0300][7324][16848][info][gc          ] GC(1) Concurrent cleanup 1188M->484M(4096M) 0.060ms
[2025-05-18T22:58:35.943+0300][7324][16848][info][gc,ergo     ] GC(1) Free: 3400M, Max: 2048K regular, 2696M humongous, Frag: 21% external, 0% internal; Reserve: 205M, Max: 2048K
[2025-05-18T22:58:35.943+0300][7324][16848][info][gc,start    ] GC(1) Concurrent class unloading
[2025-05-18T22:58:35.943+0300][7324][16848][info][gc,task     ] GC(1) Using 2 of 4 workers for concurrent class unloading
[2025-05-18T22:58:35.977+0300][7324][16848][info][gc          ] GC(1) Concurrent class unloading 33.804ms
[2025-05-18T22:58:35.977+0300][7324][16848][info][gc,start    ] GC(1) Concurrent strong roots
[2025-05-18T22:58:35.977+0300][7324][16848][info][gc,task     ] GC(1) Using 2 of 4 workers for concurrent strong root
[2025-05-18T22:58:35.977+0300][7324][16848][info][gc          ] GC(1) Concurrent strong roots 0.425ms
[2025-05-18T22:58:35.977+0300][7324][16848][info][gc,start    ] GC(1) Concurrent evacuation
[2025-05-18T22:58:35.977+0300][7324][16848][info][gc,task     ] GC(1) Using 2 of 4 workers for concurrent evacuation
[2025-05-18T22:58:35.981+0300][7324][16848][info][gc          ] GC(1) Concurrent evacuation 4.043ms
[2025-05-18T22:58:35.991+0300][7324][8028 ][info][gc,start    ] GC(1) Pause Init Update Refs
[2025-05-18T22:58:35.991+0300][7324][8028 ][info][gc,ergo     ] GC(1) Pacer for Update Refs. Used: 542M, Free: 3346M, Non-Taxable: 334M, Alloc Tax Rate: 1.1x
[2025-05-18T22:58:35.991+0300][7324][8028 ][info][gc          ] GC(1) Pause Init Update Refs 0.107ms
[2025-05-18T22:58:35.991+0300][7324][16848][info][gc,start    ] GC(1) Concurrent update references
[2025-05-18T22:58:35.991+0300][7324][16848][info][gc,task     ] GC(1) Using 2 of 4 workers for concurrent reference update
[2025-05-18T22:58:36.009+0300][7324][16848][info][gc          ] GC(1) Concurrent update references 18.049ms
[2025-05-18T22:58:36.009+0300][7324][16848][info][gc,start    ] GC(1) Concurrent update thread roots
[2025-05-18T22:58:36.055+0300][7324][16848][info][gc          ] GC(1) Concurrent update thread roots 45.795ms
[2025-05-18T22:58:36.055+0300][7324][8028 ][info][gc,start    ] GC(1) Pause Final Update Refs
[2025-05-18T22:58:36.055+0300][7324][8028 ][info][gc,task     ] GC(1) Using 4 of 4 workers for final reference update
[2025-05-18T22:58:36.055+0300][7324][8028 ][info][gc          ] GC(1) Pause Final Update Refs 0.113ms
[2025-05-18T22:58:36.055+0300][7324][16848][info][gc,start    ] GC(1) Concurrent cleanup
[2025-05-18T22:58:36.055+0300][7324][16848][info][gc          ] GC(1) Concurrent cleanup 637M->321M(4096M) 0.056ms
[2025-05-18T22:58:36.055+0300][7324][16848][info][gc,ergo     ] Free: 3562M, Max: 2048K regular, 2694M humongous, Frag: 25% external, 0% internal; Reserve: 206M, Max: 2048K
[2025-05-18T22:58:36.056+0300][7324][16848][info][gc,stats    ] 
[2025-05-18T22:58:36.056+0300][7324][16848][info][gc,stats    ] All times are wall-clock times, except per-root-class counters, that are sum over
[2025-05-18T22:58:36.056+0300][7324][16848][info][gc,stats    ] all workers. Dividing the <total> over the root stage time estimates parallelism.
[2025-05-18T22:58:36.056+0300][7324][16848][info][gc,stats    ] 
[2025-05-18T22:58:36.056+0300][7324][16848][info][gc,stats    ] Concurrent Reset                    516 us
[2025-05-18T22:58:36.056+0300][7324][16848][info][gc,stats    ] Pause Init Mark (G)                 638 us
[2025-05-18T22:58:36.056+0300][7324][16848][info][gc,stats    ] Pause Init Mark (N)                 130 us
[2025-05-18T22:58:36.056+0300][7324][16848][info][gc,stats    ]   Update Region States               18 us
[2025-05-18T22:58:36.056+0300][7324][16848][info][gc,stats    ] Concurrent Mark Roots               389 us, parallelism: 1.30x
[2025-05-18T22:58:36.056+0300][7324][16848][info][gc,stats    ]   CMR: <total>                      505 us
[2025-05-18T22:58:36.056+0300][7324][16848][info][gc,stats    ]   CMR: Thread Roots                 417 us, workers (us): 246, 172, ---, ---, 
[2025-05-18T22:58:36.056+0300][7324][16848][info][gc,stats    ]   CMR: VM Strong Roots               24 us, workers (us):  14,   9, ---, ---, 
[2025-05-18T22:58:36.056+0300][7324][16848][info][gc,stats    ]   CMR: CLDG Roots                    64 us, workers (us): ---,  64, ---, ---, 
[2025-05-18T22:58:36.056+0300][7324][16848][info][gc,stats    ] Concurrent Marking                62429 us
[2025-05-18T22:58:36.056+0300][7324][16848][info][gc,stats    ] Pause Final Mark (G)                508 us
[2025-05-18T22:58:36.056+0300][7324][16848][info][gc,stats    ] Pause Final Mark (N)                242 us
[2025-05-18T22:58:36.056+0300][7324][16848][info][gc,stats    ]   Finish Mark                        35 us
[2025-05-18T22:58:36.056+0300][7324][16848][info][gc,stats    ]   Update Region States               31 us
[2025-05-18T22:58:36.056+0300][7324][16848][info][gc,stats    ]   Choose Collection Set              61 us
[2025-05-18T22:58:36.056+0300][7324][16848][info][gc,stats    ]   Rebuild Free Set                   13 us
[2025-05-18T22:58:36.056+0300][7324][16848][info][gc,stats    ] Concurrent Thread Roots             271 us, parallelism: 1.15x
[2025-05-18T22:58:36.056+0300][7324][16848][info][gc,stats    ]   CTR: <total>                      311 us
[2025-05-18T22:58:36.056+0300][7324][16848][info][gc,stats    ]   CTR: Thread Roots                 311 us, workers (us): 180, 131, ---, ---, 
[2025-05-18T22:58:36.056+0300][7324][16848][info][gc,stats    ] Concurrent Weak References          270 us, parallelism: 0.74x
[2025-05-18T22:58:36.056+0300][7324][16848][info][gc,stats    ]   CWRF: <total>                     201 us
[2025-05-18T22:58:36.056+0300][7324][16848][info][gc,stats    ]   CWRF: Weak References             201 us, workers (us):  65, 136, ---, ---, 
[2025-05-18T22:58:36.056+0300][7324][16848][info][gc,stats    ] Concurrent Weak Roots             30866 us
[2025-05-18T22:58:36.056+0300][7324][16848][info][gc,stats    ]   Roots                             851 us, parallelism: 1.86x
[2025-05-18T22:58:36.056+0300][7324][16848][info][gc,stats    ]     CWR: <total>                   1584 us
[2025-05-18T22:58:36.056+0300][7324][16848][info][gc,stats    ]     CWR: Code Cache Roots           990 us, workers (us): 491, 499, ---, ---, 
[2025-05-18T22:58:36.056+0300][7324][16848][info][gc,stats    ]     CWR: VM Weak Roots              570 us, workers (us): 276, 294, ---, ---, 
[2025-05-18T22:58:36.056+0300][7324][16848][info][gc,stats    ]     CWR: CLDG Roots                  24 us, workers (us):  24, ---, ---, ---, 
[2025-05-18T22:58:36.056+0300][7324][16848][info][gc,stats    ]   Rendezvous                      29920 us
[2025-05-18T22:58:36.056+0300][7324][16848][info][gc,stats    ] Concurrent Cleanup                   77 us
[2025-05-18T22:58:36.056+0300][7324][16848][info][gc,stats    ] Concurrent Class Unloading        33889 us
[2025-05-18T22:58:36.056+0300][7324][16848][info][gc,stats    ]   Unlink Stale                     4016 us
[2025-05-18T22:58:36.056+0300][7324][16848][info][gc,stats    ]     System Dictionary               384 us
[2025-05-18T22:58:36.056+0300][7324][16848][info][gc,stats    ]     Weak Class Links               1916 us
[2025-05-18T22:58:36.056+0300][7324][16848][info][gc,stats    ]     Code Roots                     1715 us
[2025-05-18T22:58:36.056+0300][7324][16848][info][gc,stats    ]   Rendezvous                      27871 us
[2025-05-18T22:58:36.056+0300][7324][16848][info][gc,stats    ]   Purge Unlinked                   1878 us
[2025-05-18T22:58:36.056+0300][7324][16848][info][gc,stats    ]     Code Roots                     1420 us
[2025-05-18T22:58:36.056+0300][7324][16848][info][gc,stats    ]     CLDG                            458 us
[2025-05-18T22:58:36.056+0300][7324][16848][info][gc,stats    ]     Exception Caches                  0 us
[2025-05-18T22:58:36.056+0300][7324][16848][info][gc,stats    ] Concurrent Strong Roots             479 us, parallelism: 0.70x
[2025-05-18T22:58:36.056+0300][7324][16848][info][gc,stats    ]   CSR: <total>                      337 us
[2025-05-18T22:58:36.056+0300][7324][16848][info][gc,stats    ]   CSR: VM Strong Roots               13 us, workers (us):   9,   5, ---, ---, 
[2025-05-18T22:58:36.056+0300][7324][16848][info][gc,stats    ]   CSR: CLDG Roots                   324 us, workers (us): ---, 324, ---, ---, 
[2025-05-18T22:58:36.056+0300][7324][16848][info][gc,stats    ] Concurrent Evacuation              4112 us
[2025-05-18T22:58:36.056+0300][7324][16848][info][gc,stats    ] Pause Init Update Refs (G)         9502 us
[2025-05-18T22:58:36.056+0300][7324][16848][info][gc,stats    ] Pause Init Update Refs (N)          122 us
[2025-05-18T22:58:36.056+0300][7324][16848][info][gc,stats    ]   Manage GCLABs                       7 us
[2025-05-18T22:58:36.056+0300][7324][16848][info][gc,stats    ] Concurrent Update Refs            18127 us
[2025-05-18T22:58:36.056+0300][7324][16848][info][gc,stats    ] Concurrent Update Thread Roots    45867 us
[2025-05-18T22:58:36.056+0300][7324][16848][info][gc,stats    ] Pause Final Update Refs (G)         673 us
[2025-05-18T22:58:36.056+0300][7324][16848][info][gc,stats    ] Pause Final Update Refs (N)         130 us
[2025-05-18T22:58:36.056+0300][7324][16848][info][gc,stats    ]   Update Region States               28 us
[2025-05-18T22:58:36.056+0300][7324][16848][info][gc,stats    ]   Trash Collection Set                5 us
[2025-05-18T22:58:36.056+0300][7324][16848][info][gc,stats    ]   Rebuild Free Set                   15 us
[2025-05-18T22:58:36.056+0300][7324][16848][info][gc,stats    ] Concurrent Cleanup                   74 us
[2025-05-18T22:58:36.056+0300][7324][16848][info][gc,stats    ] 
[2025-05-18T22:58:36.056+0300][7324][16848][info][gc,stats    ] Allocation pacing accrued:
[2025-05-18T22:58:36.056+0300][7324][16848][info][gc,stats    ]       0 of  1324 ms (  0.0%): <total>
[2025-05-18T22:58:36.056+0300][7324][16848][info][gc,stats    ]       0 of  1324 ms (  0.0%): <average total>
[2025-05-18T22:58:36.056+0300][7324][16848][info][gc,stats    ] 
[2025-05-18T22:58:36.056+0300][7324][16848][info][gc,metaspace] Metaspace: 8871K(9408K)->8433K(9408K) NonClass: 7892K(8192K)->7578K(8192K) Class: 978K(1216K)->854K(1216K)
[2025-05-18T22:58:36.056+0300][7324][16848][info][gc,ergo     ] Pacer for Idle. Initial: 83886K, Alloc Tax Rate: 1.0x
[2025-05-18T22:58:36.423+0300][7324][16848][info][gc          ] Trigger: Learning 3 of 5. Free (2862M) is below initial threshold (2867M)
[2025-05-18T22:58:36.423+0300][7324][16848][info][gc,ergo     ] Free: 2862M, Max: 2048K regular, 2694M humongous, Frag: 6% external, 0% internal; Reserve: 206M, Max: 2048K
[2025-05-18T22:58:36.423+0300][7324][16848][info][gc,start    ] GC(2) Concurrent reset
[2025-05-18T22:58:36.423+0300][7324][16848][info][gc,task     ] GC(2) Using 2 of 4 workers for concurrent reset
[2025-05-18T22:58:36.423+0300][7324][16848][info][gc,ergo     ] GC(2) Pacer for Reset. Non-Taxable: 4096M
[2025-05-18T22:58:36.424+0300][7324][16848][info][gc          ] GC(2) Concurrent reset 0.908ms
[2025-05-18T22:58:36.424+0300][7324][8028 ][info][gc,start    ] GC(2) Pause Init Mark (unload classes)
[2025-05-18T22:58:36.424+0300][7324][8028 ][info][gc,task     ] GC(2) Using 4 of 4 workers for init marking
[2025-05-18T22:58:36.424+0300][7324][8028 ][info][gc,ergo     ] GC(2) Pacer for Mark. Expected Live: 6749K, Free: 2860M, Non-Taxable: 286M, Alloc Tax Rate: 0.0x
[2025-05-18T22:58:36.424+0300][7324][8028 ][info][gc          ] GC(2) Pause Init Mark (unload classes) 0.161ms
[2025-05-18T22:58:36.424+0300][7324][16848][info][gc,start    ] GC(2) Concurrent marking roots
[2025-05-18T22:58:36.424+0300][7324][16848][info][gc,task     ] GC(2) Using 2 of 4 workers for concurrent marking roots
[2025-05-18T22:58:36.424+0300][7324][16848][info][gc          ] GC(2) Concurrent marking roots 0.198ms
[2025-05-18T22:58:36.424+0300][7324][16848][info][gc,start    ] GC(2) Concurrent marking (unload classes)
[2025-05-18T22:58:36.424+0300][7324][16848][info][gc,task     ] GC(2) Using 2 of 4 workers for concurrent marking
[2025-05-18T22:58:36.502+0300][7324][16848][info][gc          ] GC(2) Concurrent marking (unload classes) 76.605ms
[2025-05-18T22:58:36.502+0300][7324][8028 ][info][gc,start    ] GC(2) Pause Final Mark (unload classes)
[2025-05-18T22:58:36.502+0300][7324][8028 ][info][gc,task     ] GC(2) Using 4 of 4 workers for final marking
[2025-05-18T22:58:36.503+0300][7324][8028 ][info][gc,ergo     ] GC(2) Adaptive CSet Selection. Target Free: 580M, Actual Free: 3728M, Max CSet: 170M, Min Garbage: 0B
[2025-05-18T22:58:36.503+0300][7324][8028 ][info][gc,ergo     ] GC(2) Collectable Garbage: 1013M (99%), Immediate: 788M (77%), CSet: 225M (22%)
[2025-05-18T22:58:36.503+0300][7324][8028 ][info][gc,ergo     ] GC(2) Pacer for Evacuation. Used CSet: 228M, Free: 3522M, Non-Taxable: 352M, Alloc Tax Rate: 1.1x
[2025-05-18T22:58:36.503+0300][7324][8028 ][info][gc          ] GC(2) Pause Final Mark (unload classes) 0.275ms
[2025-05-18T22:58:36.503+0300][7324][16848][info][gc,start    ] GC(2) Concurrent thread roots
[2025-05-18T22:58:36.503+0300][7324][16848][info][gc,task     ] GC(2) Using 2 of 4 workers for Concurrent thread roots
[2025-05-18T22:58:36.503+0300][7324][16848][info][gc          ] GC(2) Concurrent thread roots 0.144ms
[2025-05-18T22:58:36.503+0300][7324][16848][info][gc,start    ] GC(2) Concurrent weak references
[2025-05-18T22:58:36.503+0300][7324][16848][info][gc,task     ] GC(2) Using 2 of 4 workers for concurrent weak references
[2025-05-18T22:58:36.503+0300][7324][16848][info][gc,ref      ] GC(2) Encountered references: Soft: 301, Weak: 871, Final: 3, Phantom: 51
[2025-05-18T22:58:36.503+0300][7324][16848][info][gc,ref      ] GC(2) Discovered  references: Soft: 0, Weak: 375, Final: 1, Phantom: 37
[2025-05-18T22:58:36.503+0300][7324][16848][info][gc,ref      ] GC(2) Enqueued    references: Soft: 0, Weak: 193, Final: 0, Phantom: 1
[2025-05-18T22:58:36.503+0300][7324][16848][info][gc          ] GC(2) Concurrent weak references 0.146ms
[2025-05-18T22:58:36.503+0300][7324][16848][info][gc,start    ] GC(2) Concurrent weak roots
[2025-05-18T22:58:36.503+0300][7324][16848][info][gc,task     ] GC(2) Using 2 of 4 workers for concurrent weak root
[2025-05-18T22:58:36.518+0300][7324][16848][info][gc          ] GC(2) Concurrent weak roots 14.523ms
[2025-05-18T22:58:36.518+0300][7324][16848][info][gc,start    ] GC(2) Concurrent cleanup
[2025-05-18T22:58:36.518+0300][7324][16848][info][gc          ] GC(2) Concurrent cleanup 1186M->398M(4096M) 0.067ms
[2025-05-18T22:58:36.518+0300][7324][16848][info][gc,ergo     ] GC(2) Free: 3486M, Max: 2048K regular, 2730M humongous, Frag: 22% external, 0% internal; Reserve: 205M, Max: 2048K
[2025-05-18T22:58:36.518+0300][7324][16848][info][gc,start    ] GC(2) Concurrent class unloading
[2025-05-18T22:58:36.518+0300][7324][16848][info][gc,task     ] GC(2) Using 2 of 4 workers for concurrent class unloading
[2025-05-18T22:58:36.550+0300][7324][16848][info][gc          ] GC(2) Concurrent class unloading 32.078ms
[2025-05-18T22:58:36.550+0300][7324][16848][info][gc,start    ] GC(2) Concurrent strong roots
[2025-05-18T22:58:36.550+0300][7324][16848][info][gc,task     ] GC(2) Using 2 of 4 workers for concurrent strong root
[2025-05-18T22:58:36.550+0300][7324][16848][info][gc          ] GC(2) Concurrent strong roots 0.218ms
[2025-05-18T22:58:36.550+0300][7324][16848][info][gc,start    ] GC(2) Concurrent evacuation
[2025-05-18T22:58:36.550+0300][7324][16848][info][gc,task     ] GC(2) Using 2 of 4 workers for concurrent evacuation
[2025-05-18T22:58:36.553+0300][7324][16848][info][gc          ] GC(2) Concurrent evacuation 2.703ms
[2025-05-18T22:58:36.553+0300][7324][8028 ][info][gc,start    ] GC(2) Pause Init Update Refs
[2025-05-18T22:58:36.553+0300][7324][8028 ][info][gc,ergo     ] GC(2) Pacer for Update Refs. Used: 457M, Free: 3430M, Non-Taxable: 343M, Alloc Tax Rate: 1.1x
[2025-05-18T22:58:36.553+0300][7324][8028 ][info][gc          ] GC(2) Pause Init Update Refs 0.070ms
[2025-05-18T22:58:36.553+0300][7324][16848][info][gc,start    ] GC(2) Concurrent update references
[2025-05-18T22:58:36.553+0300][7324][16848][info][gc,task     ] GC(2) Using 2 of 4 workers for concurrent reference update
[2025-05-18T22:58:36.575+0300][7324][16848][info][gc          ] GC(2) Concurrent update references 21.525ms
[2025-05-18T22:58:36.575+0300][7324][16848][info][gc,start    ] GC(2) Concurrent update thread roots
[2025-05-18T22:58:36.598+0300][7324][16848][info][gc          ] GC(2) Concurrent update thread roots 22.524ms
[2025-05-18T22:58:36.598+0300][7324][8028 ][info][gc,start    ] GC(2) Pause Final Update Refs
[2025-05-18T22:58:36.598+0300][7324][8028 ][info][gc,task     ] GC(2) Using 4 of 4 workers for final reference update
[2025-05-18T22:58:36.598+0300][7324][8028 ][info][gc          ] GC(2) Pause Final Update Refs 0.132ms
[2025-05-18T22:58:36.598+0300][7324][16848][info][gc,start    ] GC(2) Concurrent cleanup
[2025-05-18T22:58:36.598+0300][7324][16848][info][gc          ] GC(2) Concurrent cleanup 527M->299M(4096M) 0.059ms
[2025-05-18T22:58:36.598+0300][7324][16848][info][gc,ergo     ] Free: 3584M, Max: 2048K regular, 2858M humongous, Frag: 21% external, 0% internal; Reserve: 206M, Max: 2048K
[2025-05-18T22:58:36.598+0300][7324][16848][info][gc,stats    ] 
[2025-05-18T22:58:36.598+0300][7324][16848][info][gc,stats    ] All times are wall-clock times, except per-root-class counters, that are sum over
[2025-05-18T22:58:36.598+0300][7324][16848][info][gc,stats    ] all workers. Dividing the <total> over the root stage time estimates parallelism.
[2025-05-18T22:58:36.598+0300][7324][16848][info][gc,stats    ] 
[2025-05-18T22:58:36.598+0300][7324][16848][info][gc,stats    ] Concurrent Reset                    957 us
[2025-05-18T22:58:36.598+0300][7324][16848][info][gc,stats    ] Pause Init Mark (G)                 508 us
[2025-05-18T22:58:36.598+0300][7324][16848][info][gc,stats    ] Pause Init Mark (N)                 176 us
[2025-05-18T22:58:36.598+0300][7324][16848][info][gc,stats    ]   Update Region States               15 us
[2025-05-18T22:58:36.598+0300][7324][16848][info][gc,stats    ] Concurrent Mark Roots               217 us, parallelism: 0.96x
[2025-05-18T22:58:36.598+0300][7324][16848][info][gc,stats    ]   CMR: <total>                      208 us
[2025-05-18T22:58:36.598+0300][7324][16848][info][gc,stats    ]   CMR: Thread Roots                 139 us, workers (us):  40,  99, ---, ---, 
[2025-05-18T22:58:36.598+0300][7324][16848][info][gc,stats    ]   CMR: VM Strong Roots               13 us, workers (us):   6,   6, ---, ---, 
[2025-05-18T22:58:36.598+0300][7324][16848][info][gc,stats    ]   CMR: CLDG Roots                    57 us, workers (us):  57, ---, ---, ---, 
[2025-05-18T22:58:36.598+0300][7324][16848][info][gc,stats    ] Concurrent Marking                76672 us
[2025-05-18T22:58:36.598+0300][7324][16848][info][gc,stats    ] Pause Final Mark (G)               1073 us
[2025-05-18T22:58:36.598+0300][7324][16848][info][gc,stats    ] Pause Final Mark (N)                289 us
[2025-05-18T22:58:36.598+0300][7324][16848][info][gc,stats    ]   Finish Mark                        71 us
[2025-05-18T22:58:36.598+0300][7324][16848][info][gc,stats    ]   Update Region States               28 us
[2025-05-18T22:58:36.599+0300][7324][16848][info][gc,stats    ]   Choose Collection Set              73 us
[2025-05-18T22:58:36.599+0300][7324][16848][info][gc,stats    ]   Rebuild Free Set                   15 us
[2025-05-18T22:58:36.599+0300][7324][16848][info][gc,stats    ] Concurrent Thread Roots             172 us, parallelism: 0.85x
[2025-05-18T22:58:36.599+0300][7324][16848][info][gc,stats    ]   CTR: <total>                      146 us
[2025-05-18T22:58:36.599+0300][7324][16848][info][gc,stats    ]   CTR: Thread Roots                 146 us, workers (us):  76,  70, ---, ---, 
[2025-05-18T22:58:36.599+0300][7324][16848][info][gc,stats    ] Concurrent Weak References          159 us, parallelism: 0.55x
[2025-05-18T22:58:36.599+0300][7324][16848][info][gc,stats    ]   CWRF: <total>                      87 us
[2025-05-18T22:58:36.599+0300][7324][16848][info][gc,stats    ]   CWRF: Weak References              87 us, workers (us):  28,  59, ---, ---, 
[2025-05-18T22:58:36.599+0300][7324][16848][info][gc,stats    ] Concurrent Weak Roots             14581 us
[2025-05-18T22:58:36.599+0300][7324][16848][info][gc,stats    ]   Roots                             990 us, parallelism: 1.67x
[2025-05-18T22:58:36.599+0300][7324][16848][info][gc,stats    ]     CWR: <total>                   1652 us
[2025-05-18T22:58:36.599+0300][7324][16848][info][gc,stats    ]     CWR: Code Cache Roots          1378 us, workers (us): 718, 660, ---, ---, 
[2025-05-18T22:58:36.599+0300][7324][16848][info][gc,stats    ]     CWR: VM Weak Roots              262 us, workers (us): 163,  98, ---, ---, 
[2025-05-18T22:58:36.599+0300][7324][16848][info][gc,stats    ]     CWR: CLDG Roots                  12 us, workers (us):  12, ---, ---, ---, 
[2025-05-18T22:58:36.599+0300][7324][16848][info][gc,stats    ]   Rendezvous                      13503 us
[2025-05-18T22:58:36.599+0300][7324][16848][info][gc,stats    ] Concurrent Cleanup                   82 us
[2025-05-18T22:58:36.599+0300][7324][16848][info][gc,stats    ] Concurrent Class Unloading        32137 us
[2025-05-18T22:58:36.599+0300][7324][16848][info][gc,stats    ]   Unlink Stale                     1632 us
[2025-05-18T22:58:36.599+0300][7324][16848][info][gc,stats    ]     System Dictionary                19 us
[2025-05-18T22:58:36.599+0300][7324][16848][info][gc,stats    ]     Weak Class Links                  0 us
[2025-05-18T22:58:36.599+0300][7324][16848][info][gc,stats    ]     Code Roots                     1611 us
[2025-05-18T22:58:36.599+0300][7324][16848][info][gc,stats    ]   Rendezvous                      30149 us
[2025-05-18T22:58:36.599+0300][7324][16848][info][gc,stats    ]   Purge Unlinked                    262 us
[2025-05-18T22:58:36.599+0300][7324][16848][info][gc,stats    ]     Code Roots                      249 us
[2025-05-18T22:58:36.599+0300][7324][16848][info][gc,stats    ]     CLDG                             13 us
[2025-05-18T22:58:36.599+0300][7324][16848][info][gc,stats    ]     Exception Caches                  0 us
[2025-05-18T22:58:36.599+0300][7324][16848][info][gc,stats    ] Concurrent Strong Roots             255 us, parallelism: 0.54x
[2025-05-18T22:58:36.599+0300][7324][16848][info][gc,stats    ]   CSR: <total>                      139 us
[2025-05-18T22:58:36.599+0300][7324][16848][info][gc,stats    ]   CSR: VM Strong Roots                9 us, workers (us):   4,   4, ---, ---, 
[2025-05-18T22:58:36.599+0300][7324][16848][info][gc,stats    ]   CSR: CLDG Roots                   130 us, workers (us): 130, ---, ---, ---, 
[2025-05-18T22:58:36.599+0300][7324][16848][info][gc,stats    ] Concurrent Evacuation              2766 us
[2025-05-18T22:58:36.599+0300][7324][16848][info][gc,stats    ] Pause Init Update Refs (G)          563 us
[2025-05-18T22:58:36.599+0300][7324][16848][info][gc,stats    ] Pause Init Update Refs (N)           85 us
[2025-05-18T22:58:36.599+0300][7324][16848][info][gc,stats    ]   Manage GCLABs                       5 us
[2025-05-18T22:58:36.599+0300][7324][16848][info][gc,stats    ] Concurrent Update Refs            21578 us
[2025-05-18T22:58:36.599+0300][7324][16848][info][gc,stats    ] Concurrent Update Thread Roots    22601 us
[2025-05-18T22:58:36.599+0300][7324][16848][info][gc,stats    ] Pause Final Update Refs (G)         453 us
[2025-05-18T22:58:36.599+0300][7324][16848][info][gc,stats    ] Pause Final Update Refs (N)         151 us
[2025-05-18T22:58:36.599+0300][7324][16848][info][gc,stats    ]   Update Region States               45 us
[2025-05-18T22:58:36.599+0300][7324][16848][info][gc,stats    ]   Trash Collection Set                4 us
[2025-05-18T22:58:36.599+0300][7324][16848][info][gc,stats    ]   Rebuild Free Set                   13 us
[2025-05-18T22:58:36.599+0300][7324][16848][info][gc,stats    ] Concurrent Cleanup                   79 us
[2025-05-18T22:58:36.599+0300][7324][16848][info][gc,stats    ] 
[2025-05-18T22:58:36.599+0300][7324][16848][info][gc,stats    ] Allocation pacing accrued:
[2025-05-18T22:58:36.599+0300][7324][16848][info][gc,stats    ]       0 of   542 ms (  0.0%): <total>
[2025-05-18T22:58:36.599+0300][7324][16848][info][gc,stats    ]       0 of   542 ms (  0.0%): <average total>
[2025-05-18T22:58:36.599+0300][7324][16848][info][gc,stats    ] 
[2025-05-18T22:58:36.599+0300][7324][16848][info][gc,metaspace] Metaspace: 8456K(9408K)->8456K(9408K) NonClass: 7600K(8192K)->7600K(8192K) Class: 856K(1216K)->856K(1216K)
[2025-05-18T22:58:36.599+0300][7324][16848][info][gc,ergo     ] Pacer for Idle. Initial: 83886K, Alloc Tax Rate: 1.0x
[2025-05-18T22:58:36.947+0300][7324][16848][info][gc          ] Trigger: Learning 4 of 5. Free (2848M) is below initial threshold (2867M)
[2025-05-18T22:58:36.947+0300][7324][16848][info][gc,ergo     ] Free: 2848M, Max: 2048K regular, 2848M humongous, Frag: 0% external, 0% internal; Reserve: 206M, Max: 2048K
[2025-05-18T22:58:36.947+0300][7324][16848][info][gc,start    ] GC(3) Concurrent reset
[2025-05-18T22:58:36.947+0300][7324][16848][info][gc,task     ] GC(3) Using 2 of 4 workers for concurrent reset
[2025-05-18T22:58:36.947+0300][7324][16848][info][gc,ergo     ] GC(3) Pacer for Reset. Non-Taxable: 4096M
[2025-05-18T22:58:36.947+0300][7324][16848][info][gc          ] GC(3) Concurrent reset 0.669ms
[2025-05-18T22:58:36.947+0300][7324][8028 ][info][gc,start    ] GC(3) Pause Init Mark (unload classes)
[2025-05-18T22:58:36.947+0300][7324][8028 ][info][gc,task     ] GC(3) Using 4 of 4 workers for init marking
[2025-05-18T22:58:36.948+0300][7324][8028 ][info][gc,ergo     ] GC(3) Pacer for Mark. Expected Live: 8020K, Free: 2848M, Non-Taxable: 284M, Alloc Tax Rate: 0.0x
[2025-05-18T22:58:36.948+0300][7324][8028 ][info][gc          ] GC(3) Pause Init Mark (unload classes) 0.097ms
[2025-05-18T22:58:36.948+0300][7324][16848][info][gc,start    ] GC(3) Concurrent marking roots
[2025-05-18T22:58:36.948+0300][7324][16848][info][gc,task     ] GC(3) Using 2 of 4 workers for concurrent marking roots
[2025-05-18T22:58:36.948+0300][7324][16848][info][gc          ] GC(3) Concurrent marking roots 0.210ms
[2025-05-18T22:58:36.948+0300][7324][16848][info][gc,start    ] GC(3) Concurrent marking (unload classes)
[2025-05-18T22:58:36.948+0300][7324][16848][info][gc,task     ] GC(3) Using 2 of 4 workers for concurrent marking
[2025-05-18T22:58:37.011+0300][7324][16848][info][gc          ] GC(3) Concurrent marking (unload classes) 62.735ms
[2025-05-18T22:58:37.011+0300][7324][8028 ][info][gc,start    ] GC(3) Pause Final Mark (unload classes)
[2025-05-18T22:58:37.011+0300][7324][8028 ][info][gc,task     ] GC(3) Using 4 of 4 workers for final marking
[2025-05-18T22:58:37.011+0300][7324][8028 ][info][gc,ergo     ] GC(3) Adaptive CSet Selection. Target Free: 580M, Actual Free: 3712M, Max CSet: 170M, Min Garbage: 0B
[2025-05-18T22:58:37.011+0300][7324][8028 ][info][gc,ergo     ] GC(3) Collectable Garbage: 1025M (99%), Immediate: 802M (78%), CSet: 223M (21%)
[2025-05-18T22:58:37.011+0300][7324][8028 ][info][gc,ergo     ] GC(3) Pacer for Evacuation. Used CSet: 226M, Free: 3506M, Non-Taxable: 350M, Alloc Tax Rate: 1.1x
[2025-05-18T22:58:37.011+0300][7324][8028 ][info][gc          ] GC(3) Pause Final Mark (unload classes) 0.282ms
[2025-05-18T22:58:37.011+0300][7324][16848][info][gc,start    ] GC(3) Concurrent thread roots
[2025-05-18T22:58:37.011+0300][7324][16848][info][gc,task     ] GC(3) Using 2 of 4 workers for Concurrent thread roots
[2025-05-18T22:58:37.011+0300][7324][16848][info][gc          ] GC(3) Concurrent thread roots 0.408ms
[2025-05-18T22:58:37.011+0300][7324][16848][info][gc,start    ] GC(3) Concurrent weak references
[2025-05-18T22:58:37.012+0300][7324][16848][info][gc,task     ] GC(3) Using 2 of 4 workers for concurrent weak references
[2025-05-18T22:58:37.012+0300][7324][16848][info][gc,ref      ] GC(3) Encountered references: Soft: 301, Weak: 859, Final: 3, Phantom: 50
[2025-05-18T22:58:37.012+0300][7324][16848][info][gc,ref      ] GC(3) Discovered  references: Soft: 0, Weak: 359, Final: 1, Phantom: 34
[2025-05-18T22:58:37.012+0300][7324][16848][info][gc,ref      ] GC(3) Enqueued    references: Soft: 0, Weak: 180, Final: 0, Phantom: 0
[2025-05-18T22:58:37.012+0300][7324][16848][info][gc          ] GC(3) Concurrent weak references 0.187ms
[2025-05-18T22:58:37.012+0300][7324][16848][info][gc,start    ] GC(3) Concurrent weak roots
[2025-05-18T22:58:37.012+0300][7324][16848][info][gc,task     ] GC(3) Using 2 of 4 workers for concurrent weak root
[2025-05-18T22:58:37.027+0300][7324][16848][info][gc          ] GC(3) Concurrent weak roots 14.863ms
[2025-05-18T22:58:37.027+0300][7324][16848][info][gc,start    ] GC(3) Concurrent cleanup
[2025-05-18T22:58:37.027+0300][7324][16848][info][gc          ] GC(3) Concurrent cleanup 1220M->418M(4096M) 0.059ms
[2025-05-18T22:58:37.027+0300][7324][16848][info][gc,ergo     ] GC(3) Free: 3466M, Max: 2048K regular, 2664M humongous, Frag: 24% external, 0% internal; Reserve: 205M, Max: 2048K
[2025-05-18T22:58:37.027+0300][7324][16848][info][gc,start    ] GC(3) Concurrent class unloading
[2025-05-18T22:58:37.027+0300][7324][16848][info][gc,task     ] GC(3) Using 2 of 4 workers for concurrent class unloading
[2025-05-18T22:58:37.029+0300][7324][16848][info][gc          ] GC(3) Concurrent class unloading 2.335ms
[2025-05-18T22:58:37.029+0300][7324][16848][info][gc,start    ] GC(3) Concurrent strong roots
[2025-05-18T22:58:37.029+0300][7324][16848][info][gc,task     ] GC(3) Using 2 of 4 workers for concurrent strong root
[2025-05-18T22:58:37.029+0300][7324][16848][info][gc          ] GC(3) Concurrent strong roots 0.237ms
[2025-05-18T22:58:37.029+0300][7324][16848][info][gc,start    ] GC(3) Concurrent evacuation
[2025-05-18T22:58:37.029+0300][7324][16848][info][gc,task     ] GC(3) Using 2 of 4 workers for concurrent evacuation
[2025-05-18T22:58:37.032+0300][7324][16848][info][gc          ] GC(3) Concurrent evacuation 2.300ms
[2025-05-18T22:58:37.032+0300][7324][8028 ][info][gc,start    ] GC(3) Pause Init Update Refs
[2025-05-18T22:58:37.032+0300][7324][8028 ][info][gc,ergo     ] GC(3) Pacer for Update Refs. Used: 438M, Free: 3450M, Non-Taxable: 345M, Alloc Tax Rate: 1.1x
[2025-05-18T22:58:37.032+0300][7324][8028 ][info][gc          ] GC(3) Pause Init Update Refs 0.088ms
[2025-05-18T22:58:37.032+0300][7324][16848][info][gc,start    ] GC(3) Concurrent update references
[2025-05-18T22:58:37.032+0300][7324][16848][info][gc,task     ] GC(3) Using 2 of 4 workers for concurrent reference update
[2025-05-18T22:58:37.055+0300][7324][16848][info][gc          ] GC(3) Concurrent update references 23.057ms
[2025-05-18T22:58:37.055+0300][7324][16848][info][gc,start    ] GC(3) Concurrent update thread roots
[2025-05-18T22:58:37.075+0300][7324][16848][info][gc          ] GC(3) Concurrent update thread roots 19.456ms
[2025-05-18T22:58:37.075+0300][7324][8028 ][info][gc,start    ] GC(3) Pause Final Update Refs
[2025-05-18T22:58:37.075+0300][7324][8028 ][info][gc,task     ] GC(3) Using 4 of 4 workers for final reference update
[2025-05-18T22:58:37.075+0300][7324][8028 ][info][gc          ] GC(3) Pause Final Update Refs 0.115ms
[2025-05-18T22:58:37.075+0300][7324][16848][info][gc,start    ] GC(3) Concurrent cleanup
[2025-05-18T22:58:37.075+0300][7324][16848][info][gc          ] GC(3) Concurrent cleanup 533M->307M(4096M) 0.051ms
[2025-05-18T22:58:37.075+0300][7324][16848][info][gc,ergo     ] Free: 3576M, Max: 2048K regular, 2664M humongous, Frag: 26% external, 0% internal; Reserve: 206M, Max: 2048K
[2025-05-18T22:58:37.075+0300][7324][16848][info][gc,stats    ] 
[2025-05-18T22:58:37.075+0300][7324][16848][info][gc,stats    ] All times are wall-clock times, except per-root-class counters, that are sum over
[2025-05-18T22:58:37.075+0300][7324][16848][info][gc,stats    ] all workers. Dividing the <total> over the root stage time estimates parallelism.
[2025-05-18T22:58:37.075+0300][7324][16848][info][gc,stats    ] 
[2025-05-18T22:58:37.075+0300][7324][16848][info][gc,stats    ] Concurrent Reset                    716 us
[2025-05-18T22:58:37.075+0300][7324][16848][info][gc,stats    ] Pause Init Mark (G)                 216 us
[2025-05-18T22:58:37.075+0300][7324][16848][info][gc,stats    ] Pause Init Mark (N)                 111 us
[2025-05-18T22:58:37.075+0300][7324][16848][info][gc,stats    ]   Update Region States               11 us
[2025-05-18T22:58:37.075+0300][7324][16848][info][gc,stats    ] Concurrent Mark Roots               230 us, parallelism: 0.96x
[2025-05-18T22:58:37.075+0300][7324][16848][info][gc,stats    ]   CMR: <total>                      222 us
[2025-05-18T22:58:37.075+0300][7324][16848][info][gc,stats    ]   CMR: Thread Roots                 159 us, workers (us): 120,  39, ---, ---, 
[2025-05-18T22:58:37.075+0300][7324][16848][info][gc,stats    ]   CMR: VM Strong Roots                8 us, workers (us):   4,   4, ---, ---, 
[2025-05-18T22:58:37.075+0300][7324][16848][info][gc,stats    ]   CMR: CLDG Roots                    55 us, workers (us): ---,  55, ---, ---, 
[2025-05-18T22:58:37.075+0300][7324][16848][info][gc,stats    ] Concurrent Marking                62803 us
[2025-05-18T22:58:37.075+0300][7324][16848][info][gc,stats    ] Pause Final Mark (G)                431 us
[2025-05-18T22:58:37.075+0300][7324][16848][info][gc,stats    ] Pause Final Mark (N)                307 us
[2025-05-18T22:58:37.075+0300][7324][16848][info][gc,stats    ]   Finish Mark                        44 us
[2025-05-18T22:58:37.075+0300][7324][16848][info][gc,stats    ]   Update Region States               46 us
[2025-05-18T22:58:37.075+0300][7324][16848][info][gc,stats    ]   Choose Collection Set              76 us
[2025-05-18T22:58:37.075+0300][7324][16848][info][gc,stats    ]   Rebuild Free Set                   15 us
[2025-05-18T22:58:37.075+0300][7324][16848][info][gc,stats    ] Concurrent Thread Roots             439 us, parallelism: 1.43x
[2025-05-18T22:58:37.075+0300][7324][16848][info][gc,stats    ]   CTR: <total>                      627 us
[2025-05-18T22:58:37.075+0300][7324][16848][info][gc,stats    ]   CTR: Thread Roots                 627 us, workers (us): 326, 300, ---, ---, 
[2025-05-18T22:58:37.075+0300][7324][16848][info][gc,stats    ] Concurrent Weak References          203 us, parallelism: 0.47x
[2025-05-18T22:58:37.075+0300][7324][16848][info][gc,stats    ]   CWRF: <total>                      94 us
[2025-05-18T22:58:37.075+0300][7324][16848][info][gc,stats    ]   CWRF: Weak References              94 us, workers (us):  71,  23, ---, ---, 
[2025-05-18T22:58:37.075+0300][7324][16848][info][gc,stats    ] Concurrent Weak Roots             14918 us
[2025-05-18T22:58:37.075+0300][7324][16848][info][gc,stats    ]   Roots                             638 us, parallelism: 1.85x
[2025-05-18T22:58:37.075+0300][7324][16848][info][gc,stats    ]     CWR: <total>                   1178 us
[2025-05-18T22:58:37.075+0300][7324][16848][info][gc,stats    ]     CWR: Code Cache Roots           885 us, workers (us): 454, 431, ---, ---, 
[2025-05-18T22:58:37.075+0300][7324][16848][info][gc,stats    ]     CWR: VM Weak Roots              283 us, workers (us): 131, 152, ---, ---, 
[2025-05-18T22:58:37.075+0300][7324][16848][info][gc,stats    ]     CWR: CLDG Roots                  10 us, workers (us):  10, ---, ---, ---, 
[2025-05-18T22:58:37.075+0300][7324][16848][info][gc,stats    ]   Rendezvous                      14194 us
[2025-05-18T22:58:37.075+0300][7324][16848][info][gc,stats    ] Concurrent Cleanup                   78 us
[2025-05-18T22:58:37.075+0300][7324][16848][info][gc,stats    ] Concurrent Class Unloading         2384 us
[2025-05-18T22:58:37.075+0300][7324][16848][info][gc,stats    ]   Unlink Stale                     1664 us
[2025-05-18T22:58:37.075+0300][7324][16848][info][gc,stats    ]     System Dictionary                19 us
[2025-05-18T22:58:37.075+0300][7324][16848][info][gc,stats    ]     Weak Class Links                  0 us
[2025-05-18T22:58:37.076+0300][7324][16848][info][gc,stats    ]     Code Roots                     1642 us
[2025-05-18T22:58:37.076+0300][7324][16848][info][gc,stats    ]   Rendezvous                         80 us
[2025-05-18T22:58:37.076+0300][7324][16848][info][gc,stats    ]   Purge Unlinked                    559 us
[2025-05-18T22:58:37.076+0300][7324][16848][info][gc,stats    ]     Code Roots                      544 us
[2025-05-18T22:58:37.076+0300][7324][16848][info][gc,stats    ]     CLDG                             14 us
[2025-05-18T22:58:37.076+0300][7324][16848][info][gc,stats    ]     Exception Caches                  0 us
[2025-05-18T22:58:37.076+0300][7324][16848][info][gc,stats    ] Concurrent Strong Roots             261 us, parallelism: 0.63x
[2025-05-18T22:58:37.076+0300][7324][16848][info][gc,stats    ]   CSR: <total>                      166 us
[2025-05-18T22:58:37.076+0300][7324][16848][info][gc,stats    ]   CSR: VM Strong Roots                8 us, workers (us):   4,   4, ---, ---, 
[2025-05-18T22:58:37.076+0300][7324][16848][info][gc,stats    ]   CSR: CLDG Roots                   158 us, workers (us): 158, ---, ---, ---, 
[2025-05-18T22:58:37.076+0300][7324][16848][info][gc,stats    ] Concurrent Evacuation              2353 us
[2025-05-18T22:58:37.076+0300][7324][16848][info][gc,stats    ] Pause Init Update Refs (G)          270 us
[2025-05-18T22:58:37.076+0300][7324][16848][info][gc,stats    ] Pause Init Update Refs (N)          104 us
[2025-05-18T22:58:37.076+0300][7324][16848][info][gc,stats    ]   Manage GCLABs                       9 us
[2025-05-18T22:58:37.076+0300][7324][16848][info][gc,stats    ] Concurrent Update Refs            23102 us
[2025-05-18T22:58:37.076+0300][7324][16848][info][gc,stats    ] Concurrent Update Thread Roots    19516 us
[2025-05-18T22:58:37.076+0300][7324][16848][info][gc,stats    ] Pause Final Update Refs (G)         264 us
[2025-05-18T22:58:37.076+0300][7324][16848][info][gc,stats    ] Pause Final Update Refs (N)         129 us
[2025-05-18T22:58:37.076+0300][7324][16848][info][gc,stats    ]   Update Region States               36 us
[2025-05-18T22:58:37.076+0300][7324][16848][info][gc,stats    ]   Trash Collection Set                4 us
[2025-05-18T22:58:37.076+0300][7324][16848][info][gc,stats    ]   Rebuild Free Set                   11 us
[2025-05-18T22:58:37.076+0300][7324][16848][info][gc,stats    ] Concurrent Cleanup                   71 us
[2025-05-18T22:58:37.076+0300][7324][16848][info][gc,stats    ] 
[2025-05-18T22:58:37.076+0300][7324][16848][info][gc,stats    ] Allocation pacing accrued:
[2025-05-18T22:58:37.076+0300][7324][16848][info][gc,stats    ]       0 of   477 ms (  0.0%): <total>
[2025-05-18T22:58:37.076+0300][7324][16848][info][gc,stats    ]       0 of   477 ms (  0.0%): <average total>
[2025-05-18T22:58:37.076+0300][7324][16848][info][gc,stats    ] 
[2025-05-18T22:58:37.076+0300][7324][16848][info][gc,metaspace] Metaspace: 8497K(9472K)->8497K(9472K) NonClass: 7641K(8256K)->7641K(8256K) Class: 856K(1216K)->856K(1216K)
[2025-05-18T22:58:37.076+0300][7324][16848][info][gc,ergo     ] Pacer for Idle. Initial: 83886K, Alloc Tax Rate: 1.0x
[2025-05-18T22:58:37.315+0300][7324][16848][info][gc          ] Trigger: Learning 5 of 5. Free (2842M) is below initial threshold (2867M)
[2025-05-18T22:58:37.315+0300][7324][16848][info][gc,ergo     ] Free: 2842M, Max: 2048K regular, 2664M humongous, Frag: 7% external, 0% internal; Reserve: 206M, Max: 2048K
[2025-05-18T22:58:37.315+0300][7324][16848][info][gc,start    ] GC(4) Concurrent reset
[2025-05-18T22:58:37.315+0300][7324][16848][info][gc,task     ] GC(4) Using 2 of 4 workers for concurrent reset
[2025-05-18T22:58:37.315+0300][7324][16848][info][gc,ergo     ] GC(4) Pacer for Reset. Non-Taxable: 4096M
[2025-05-18T22:58:37.315+0300][7324][16848][info][gc          ] GC(4) Concurrent reset 0.681ms
[2025-05-18T22:58:37.316+0300][7324][8028 ][info][gc,start    ] GC(4) Pause Init Mark (unload classes)
[2025-05-18T22:58:37.316+0300][7324][8028 ][info][gc,task     ] GC(4) Using 4 of 4 workers for init marking
[2025-05-18T22:58:37.316+0300][7324][8028 ][info][gc,ergo     ] GC(4) Pacer for Mark. Expected Live: 8655K, Free: 2840M, Non-Taxable: 284M, Alloc Tax Rate: 0.0x
[2025-05-18T22:58:37.316+0300][7324][8028 ][info][gc          ] GC(4) Pause Init Mark (unload classes) 0.087ms
[2025-05-18T22:58:37.316+0300][7324][16848][info][gc,start    ] GC(4) Concurrent marking roots
[2025-05-18T22:58:37.316+0300][7324][16848][info][gc,task     ] GC(4) Using 2 of 4 workers for concurrent marking roots
[2025-05-18T22:58:37.316+0300][7324][16848][info][gc          ] GC(4) Concurrent marking roots 0.155ms
[2025-05-18T22:58:37.316+0300][7324][16848][info][gc,start    ] GC(4) Concurrent marking (unload classes)
[2025-05-18T22:58:37.316+0300][7324][16848][info][gc,task     ] GC(4) Using 2 of 4 workers for concurrent marking
[2025-05-18T22:58:37.378+0300][7324][16848][info][gc          ] GC(4) Concurrent marking (unload classes) 61.674ms
[2025-05-18T22:58:37.378+0300][7324][8028 ][info][gc,start    ] GC(4) Pause Final Mark (unload classes)
[2025-05-18T22:58:37.378+0300][7324][8028 ][info][gc,task     ] GC(4) Using 4 of 4 workers for final marking
[2025-05-18T22:58:37.378+0300][7324][8028 ][info][gc,ergo     ] GC(4) Adaptive CSet Selection. Target Free: 580M, Actual Free: 3700M, Max CSet: 170M, Min Garbage: 0B
[2025-05-18T22:58:37.378+0300][7324][8028 ][info][gc,ergo     ] GC(4) Collectable Garbage: 1033M (99%), Immediate: 822M (79%), CSet: 211M (20%)
[2025-05-18T22:58:37.378+0300][7324][8028 ][info][gc,ergo     ] GC(4) Pacer for Evacuation. Used CSet: 214M, Free: 3494M, Non-Taxable: 349M, Alloc Tax Rate: 1.1x
[2025-05-18T22:58:37.378+0300][7324][8028 ][info][gc          ] GC(4) Pause Final Mark (unload classes) 0.256ms
[2025-05-18T22:58:37.378+0300][7324][16848][info][gc,start    ] GC(4) Concurrent thread roots
[2025-05-18T22:58:37.378+0300][7324][16848][info][gc,task     ] GC(4) Using 2 of 4 workers for Concurrent thread roots
[2025-05-18T22:58:37.378+0300][7324][16848][info][gc          ] GC(4) Concurrent thread roots 0.250ms
[2025-05-18T22:58:37.378+0300][7324][16848][info][gc,start    ] GC(4) Concurrent weak references
[2025-05-18T22:58:37.378+0300][7324][16848][info][gc,task     ] GC(4) Using 2 of 4 workers for concurrent weak references
[2025-05-18T22:58:37.378+0300][7324][16848][info][gc,ref      ] GC(4) Encountered references: Soft: 301, Weak: 859, Final: 3, Phantom: 49
[2025-05-18T22:58:37.378+0300][7324][16848][info][gc,ref      ] GC(4) Discovered  references: Soft: 0, Weak: 364, Final: 1, Phantom: 34
[2025-05-18T22:58:37.378+0300][7324][16848][info][gc,ref      ] GC(4) Enqueued    references: Soft: 0, Weak: 178, Final: 0, Phantom: 0
[2025-05-18T22:58:37.378+0300][7324][16848][info][gc          ] GC(4) Concurrent weak references 0.158ms
[2025-05-18T22:58:37.378+0300][7324][16848][info][gc,start    ] GC(4) Concurrent weak roots
[2025-05-18T22:58:37.378+0300][7324][16848][info][gc,task     ] GC(4) Using 2 of 4 workers for concurrent weak root
[2025-05-18T22:58:37.382+0300][7324][16848][info][gc          ] GC(4) Concurrent weak roots 3.330ms
[2025-05-18T22:58:37.382+0300][7324][16848][info][gc,start    ] GC(4) Concurrent cleanup
[2025-05-18T22:58:37.382+0300][7324][16848][info][gc          ] GC(4) Concurrent cleanup 1228M->406M(4096M) 0.062ms
[2025-05-18T22:58:37.382+0300][7324][16848][info][gc,ergo     ] GC(4) Free: 3478M, Max: 2048K regular, 2656M humongous, Frag: 24% external, 0% internal; Reserve: 205M, Max: 2048K
[2025-05-18T22:58:37.382+0300][7324][16848][info][gc,start    ] GC(4) Concurrent class unloading
[2025-05-18T22:58:37.382+0300][7324][16848][info][gc,task     ] GC(4) Using 2 of 4 workers for concurrent class unloading
[2025-05-18T22:58:37.385+0300][7324][16848][info][gc          ] GC(4) Concurrent class unloading 2.796ms
[2025-05-18T22:58:37.385+0300][7324][16848][info][gc,start    ] GC(4) Concurrent strong roots
[2025-05-18T22:58:37.385+0300][7324][16848][info][gc,task     ] GC(4) Using 2 of 4 workers for concurrent strong root
[2025-05-18T22:58:37.385+0300][7324][16848][info][gc          ] GC(4) Concurrent strong roots 0.189ms
[2025-05-18T22:58:37.385+0300][7324][16848][info][gc,start    ] GC(4) Concurrent evacuation
[2025-05-18T22:58:37.385+0300][7324][16848][info][gc,task     ] GC(4) Using 2 of 4 workers for concurrent evacuation
[2025-05-18T22:58:37.387+0300][7324][16848][info][gc          ] GC(4) Concurrent evacuation 2.121ms
[2025-05-18T22:58:37.387+0300][7324][8028 ][info][gc,start    ] GC(4) Pause Init Update Refs
[2025-05-18T22:58:37.387+0300][7324][8028 ][info][gc,ergo     ] GC(4) Pacer for Update Refs. Used: 425M, Free: 3462M, Non-Taxable: 346M, Alloc Tax Rate: 1.1x
[2025-05-18T22:58:37.387+0300][7324][8028 ][info][gc          ] GC(4) Pause Init Update Refs 0.092ms
[2025-05-18T22:58:37.388+0300][7324][16848][info][gc,start    ] GC(4) Concurrent update references
[2025-05-18T22:58:37.388+0300][7324][16848][info][gc,task     ] GC(4) Using 2 of 4 workers for concurrent reference update
[2025-05-18T22:58:37.415+0300][7324][16848][info][gc          ] GC(4) Concurrent update references 27.341ms
[2025-05-18T22:58:37.415+0300][7324][16848][info][gc,start    ] GC(4) Concurrent update thread roots
[2025-05-18T22:58:37.426+0300][7324][16848][info][gc          ] GC(4) Concurrent update thread roots 10.584ms
[2025-05-18T22:58:37.426+0300][7324][8028 ][info][gc,start    ] GC(4) Pause Final Update Refs
[2025-05-18T22:58:37.426+0300][7324][8028 ][info][gc,task     ] GC(4) Using 4 of 4 workers for final reference update
[2025-05-18T22:58:37.426+0300][7324][8028 ][info][gc          ] GC(4) Pause Final Update Refs 0.149ms
[2025-05-18T22:58:37.426+0300][7324][16848][info][gc,start    ] GC(4) Concurrent cleanup
[2025-05-18T22:58:37.426+0300][7324][16848][info][gc          ] GC(4) Concurrent cleanup 529M->315M(4096M) 0.045ms
[2025-05-18T22:58:37.426+0300][7324][16848][info][gc,ergo     ] Free: 3568M, Max: 2048K regular, 2656M humongous, Frag: 26% external, 0% internal; Reserve: 206M, Max: 2048K
[2025-05-18T22:58:37.426+0300][7324][16848][info][gc,stats    ] 
[2025-05-18T22:58:37.426+0300][7324][16848][info][gc,stats    ] All times are wall-clock times, except per-root-class counters, that are sum over
[2025-05-18T22:58:37.426+0300][7324][16848][info][gc,stats    ] all workers. Dividing the <total> over the root stage time estimates parallelism.
[2025-05-18T22:58:37.426+0300][7324][16848][info][gc,stats    ] 
[2025-05-18T22:58:37.426+0300][7324][16848][info][gc,stats    ] Concurrent Reset                    720 us
[2025-05-18T22:58:37.426+0300][7324][16848][info][gc,stats    ] Pause Init Mark (G)                 320 us
[2025-05-18T22:58:37.426+0300][7324][16848][info][gc,stats    ] Pause Init Mark (N)                 102 us
[2025-05-18T22:58:37.426+0300][7324][16848][info][gc,stats    ]   Update Region States               16 us
[2025-05-18T22:58:37.426+0300][7324][16848][info][gc,stats    ] Concurrent Mark Roots               197 us, parallelism: 0.78x
[2025-05-18T22:58:37.426+0300][7324][16848][info][gc,stats    ]   CMR: <total>                      154 us
[2025-05-18T22:58:37.426+0300][7324][16848][info][gc,stats    ]   CMR: Thread Roots                  91 us, workers (us):  18,  73, ---, ---, 
[2025-05-18T22:58:37.426+0300][7324][16848][info][gc,stats    ]   CMR: VM Strong Roots                8 us, workers (us):   4,   4, ---, ---, 
[2025-05-18T22:58:37.426+0300][7324][16848][info][gc,stats    ]   CMR: CLDG Roots                    55 us, workers (us):  55, ---, ---, ---, 
[2025-05-18T22:58:37.426+0300][7324][16848][info][gc,stats    ] Concurrent Marking                61728 us
[2025-05-18T22:58:37.426+0300][7324][16848][info][gc,stats    ] Pause Final Mark (G)                379 us
[2025-05-18T22:58:37.426+0300][7324][16848][info][gc,stats    ] Pause Final Mark (N)                268 us
[2025-05-18T22:58:37.426+0300][7324][16848][info][gc,stats    ]   Finish Mark                        47 us
[2025-05-18T22:58:37.426+0300][7324][16848][info][gc,stats    ]   Update Region States               49 us
[2025-05-18T22:58:37.426+0300][7324][16848][info][gc,stats    ]   Choose Collection Set              71 us
[2025-05-18T22:58:37.426+0300][7324][16848][info][gc,stats    ]   Rebuild Free Set                   11 us
[2025-05-18T22:58:37.426+0300][7324][16848][info][gc,stats    ] Concurrent Thread Roots             280 us, parallelism: 0.93x
[2025-05-18T22:58:37.426+0300][7324][16848][info][gc,stats    ]   CTR: <total>                      260 us
[2025-05-18T22:58:37.426+0300][7324][16848][info][gc,stats    ]   CTR: Thread Roots                 260 us, workers (us):  80, 180, ---, ---, 
[2025-05-18T22:58:37.426+0300][7324][16848][info][gc,stats    ] Concurrent Weak References          174 us, parallelism: 0.45x
[2025-05-18T22:58:37.426+0300][7324][16848][info][gc,stats    ]   CWRF: <total>                      78 us
[2025-05-18T22:58:37.426+0300][7324][16848][info][gc,stats    ]   CWRF: Weak References              78 us, workers (us):  26,  52, ---, ---, 
[2025-05-18T22:58:37.426+0300][7324][16848][info][gc,stats    ] Concurrent Weak Roots              3366 us
[2025-05-18T22:58:37.426+0300][7324][16848][info][gc,stats    ]   Roots                             647 us, parallelism: 1.79x
[2025-05-18T22:58:37.426+0300][7324][16848][info][gc,stats    ]     CWR: <total>                   1159 us
[2025-05-18T22:58:37.426+0300][7324][16848][info][gc,stats    ]     CWR: Code Cache Roots           894 us, workers (us): 470, 424, ---, ---, 
[2025-05-18T22:58:37.426+0300][7324][16848][info][gc,stats    ]     CWR: VM Weak Roots              257 us, workers (us): 124, 133, ---, ---, 
[2025-05-18T22:58:37.426+0300][7324][16848][info][gc,stats    ]     CWR: CLDG Roots                   8 us, workers (us):   8, ---, ---, ---, 
[2025-05-18T22:58:37.426+0300][7324][16848][info][gc,stats    ]   Rendezvous                       2654 us
[2025-05-18T22:58:37.427+0300][7324][16848][info][gc,stats    ] Concurrent Cleanup                   78 us
[2025-05-18T22:58:37.427+0300][7324][16848][info][gc,stats    ] Concurrent Class Unloading         2845 us
[2025-05-18T22:58:37.427+0300][7324][16848][info][gc,stats    ]   Unlink Stale                     1593 us
[2025-05-18T22:58:37.427+0300][7324][16848][info][gc,stats    ]     System Dictionary                10 us
[2025-05-18T22:58:37.427+0300][7324][16848][info][gc,stats    ]     Weak Class Links                  0 us
[2025-05-18T22:58:37.427+0300][7324][16848][info][gc,stats    ]     Code Roots                     1581 us
[2025-05-18T22:58:37.427+0300][7324][16848][info][gc,stats    ]   Rendezvous                       1008 us
[2025-05-18T22:58:37.427+0300][7324][16848][info][gc,stats    ]   Purge Unlinked                    159 us
[2025-05-18T22:58:37.427+0300][7324][16848][info][gc,stats    ]     Code Roots                      145 us
[2025-05-18T22:58:37.427+0300][7324][16848][info][gc,stats    ]     CLDG                             13 us
[2025-05-18T22:58:37.427+0300][7324][16848][info][gc,stats    ] Concurrent Strong Roots             216 us, parallelism: 0.58x
[2025-05-18T22:58:37.427+0300][7324][16848][info][gc,stats    ]   CSR: <total>                      124 us
[2025-05-18T22:58:37.427+0300][7324][16848][info][gc,stats    ]   CSR: VM Strong Roots                8 us, workers (us):   4,   4, ---, ---, 
[2025-05-18T22:58:37.427+0300][7324][16848][info][gc,stats    ]   CSR: CLDG Roots                   117 us, workers (us): 117, ---, ---, ---, 
[2025-05-18T22:58:37.427+0300][7324][16848][info][gc,stats    ] Concurrent Evacuation              2161 us
[2025-05-18T22:58:37.427+0300][7324][16848][info][gc,stats    ] Pause Init Update Refs (G)          363 us
[2025-05-18T22:58:37.427+0300][7324][16848][info][gc,stats    ] Pause Init Update Refs (N)          107 us
[2025-05-18T22:58:37.427+0300][7324][16848][info][gc,stats    ]   Manage GCLABs                       8 us
[2025-05-18T22:58:37.427+0300][7324][16848][info][gc,stats    ] Concurrent Update Refs            27402 us
[2025-05-18T22:58:37.427+0300][7324][16848][info][gc,stats    ] Concurrent Update Thread Roots    10645 us
[2025-05-18T22:58:37.427+0300][7324][16848][info][gc,stats    ] Pause Final Update Refs (G)         308 us
[2025-05-18T22:58:37.427+0300][7324][16848][info][gc,stats    ] Pause Final Update Refs (N)         166 us
[2025-05-18T22:58:37.427+0300][7324][16848][info][gc,stats    ]   Update Region States               72 us
[2025-05-18T22:58:37.427+0300][7324][16848][info][gc,stats    ]   Trash Collection Set                4 us
[2025-05-18T22:58:37.427+0300][7324][16848][info][gc,stats    ]   Rebuild Free Set                   15 us
[2025-05-18T22:58:37.427+0300][7324][16848][info][gc,stats    ] Concurrent Cleanup                   65 us
[2025-05-18T22:58:37.427+0300][7324][16848][info][gc,stats    ] 
[2025-05-18T22:58:37.427+0300][7324][16848][info][gc,stats    ] Allocation pacing accrued:
[2025-05-18T22:58:37.427+0300][7324][16848][info][gc,stats    ]       0 of   351 ms (  0.0%): <total>
[2025-05-18T22:58:37.427+0300][7324][16848][info][gc,stats    ]       0 of   351 ms (  0.0%): <average total>
[2025-05-18T22:58:37.427+0300][7324][16848][info][gc,stats    ] 
[2025-05-18T22:58:37.427+0300][7324][16848][info][gc,metaspace] Metaspace: 8498K(9472K)->8507K(9472K) NonClass: 7642K(8256K)->7651K(8256K) Class: 856K(1216K)->856K(1216K)
[2025-05-18T22:58:37.427+0300][7324][16848][info][gc,ergo     ] Pacer for Idle. Initial: 83886K, Alloc Tax Rate: 1.0x
[2025-05-18T22:58:38.097+0300][7324][16848][info][gc          ] Trigger: Average GC time (196.58 ms) is above the time for average allocation rate (4000 MB/s) to deplete free headroom (775M) (margin of error = 1.80)
[2025-05-18T22:58:38.097+0300][7324][16848][info][gc,ergo     ] Free headroom: 980M (free) - 204M (spike) - 0B (penalties) = 775M
[2025-05-18T22:58:38.097+0300][7324][16848][info][gc,ergo     ] Free: 980M, Max: 2048K regular, 980M humongous, Frag: 0% external, 0% internal; Reserve: 206M, Max: 2048K
[2025-05-18T22:58:38.097+0300][7324][16848][info][gc,start    ] GC(5) Concurrent reset
[2025-05-18T22:58:38.097+0300][7324][16848][info][gc,task     ] GC(5) Using 2 of 4 workers for concurrent reset
[2025-05-18T22:58:38.097+0300][7324][16848][info][gc,ergo     ] GC(5) Pacer for Reset. Non-Taxable: 4096M
[2025-05-18T22:58:38.097+0300][7324][16848][info][gc          ] GC(5) Concurrent reset 0.742ms
[2025-05-18T22:58:38.098+0300][7324][8028 ][info][gc,start    ] GC(5) Pause Init Mark (unload classes)
[2025-05-18T22:58:38.098+0300][7324][8028 ][info][gc,task     ] GC(5) Using 4 of 4 workers for init marking
[2025-05-18T22:58:38.098+0300][7324][8028 ][info][gc,ergo     ] GC(5) Pacer for Mark. Expected Live: 9039K, Free: 978M, Non-Taxable: 100217K, Alloc Tax Rate: 0.0x
[2025-05-18T22:58:38.098+0300][7324][8028 ][info][gc          ] GC(5) Pause Init Mark (unload classes) 0.118ms
[2025-05-18T22:58:38.098+0300][7324][16848][info][gc,start    ] GC(5) Concurrent marking roots
[2025-05-18T22:58:38.098+0300][7324][16848][info][gc,task     ] GC(5) Using 2 of 4 workers for concurrent marking roots
[2025-05-18T22:58:38.098+0300][7324][16848][info][gc          ] GC(5) Concurrent marking roots 0.178ms
[2025-05-18T22:58:38.098+0300][7324][16848][info][gc,start    ] GC(5) Concurrent marking (unload classes)
[2025-05-18T22:58:38.098+0300][7324][16848][info][gc,task     ] GC(5) Using 2 of 4 workers for concurrent marking
[2025-05-18T22:58:38.102+0300][7324][16848][info][gc          ] GC(5) Concurrent marking (unload classes) 3.747ms
[2025-05-18T22:58:38.102+0300][7324][8028 ][info][gc,start    ] GC(5) Pause Final Mark (unload classes)
[2025-05-18T22:58:38.102+0300][7324][8028 ][info][gc,task     ] GC(5) Using 4 of 4 workers for final marking
[2025-05-18T22:58:38.102+0300][7324][8028 ][info][gc,ergo     ] GC(5) Adaptive CSet Selection. Target Free: 580M, Actual Free: 3518M, Max CSet: 170M, Min Garbage: 0B
[2025-05-18T22:58:38.102+0300][7324][8028 ][info][gc,ergo     ] GC(5) Collectable Garbage: 2894M (99%), Immediate: 2352M (81%), CSet: 542M (18%)
[2025-05-18T22:58:38.102+0300][7324][8028 ][info][gc,ergo     ] GC(5) Pacer for Evacuation. Used CSet: 544M, Free: 3312M, Non-Taxable: 331M, Alloc Tax Rate: 1.1x
[2025-05-18T22:58:38.102+0300][7324][8028 ][info][gc          ] GC(5) Pause Final Mark (unload classes) 0.227ms
[2025-05-18T22:58:38.102+0300][7324][16848][info][gc,start    ] GC(5) Concurrent thread roots
[2025-05-18T22:58:38.102+0300][7324][16848][info][gc,task     ] GC(5) Using 2 of 4 workers for Concurrent thread roots
[2025-05-18T22:58:38.102+0300][7324][16848][info][gc          ] GC(5) Concurrent thread roots 0.132ms
[2025-05-18T22:58:38.102+0300][7324][16848][info][gc,start    ] GC(5) Concurrent weak references
[2025-05-18T22:58:38.102+0300][7324][16848][info][gc,task     ] GC(5) Using 2 of 4 workers for concurrent weak references
[2025-05-18T22:58:38.102+0300][7324][16848][info][gc,ref      ] GC(5) Encountered references: Soft: 301, Weak: 1194, Final: 3, Phantom: 49
[2025-05-18T22:58:38.102+0300][7324][16848][info][gc,ref      ] GC(5) Discovered  references: Soft: 0, Weak: 698, Final: 1, Phantom: 36
[2025-05-18T22:58:38.102+0300][7324][16848][info][gc,ref      ] GC(5) Enqueued    references: Soft: 0, Weak: 516, Final: 0, Phantom: 0
[2025-05-18T22:58:38.102+0300][7324][16848][info][gc          ] GC(5) Concurrent weak references 0.277ms
[2025-05-18T22:58:38.102+0300][7324][16848][info][gc,start    ] GC(5) Concurrent weak roots
[2025-05-18T22:58:38.102+0300][7324][16848][info][gc,task     ] GC(5) Using 2 of 4 workers for concurrent weak root
[2025-05-18T22:58:38.104+0300][7324][16848][info][gc          ] GC(5) Concurrent weak roots 1.411ms
[2025-05-18T22:58:38.104+0300][7324][16848][info][gc,start    ] GC(5) Concurrent cleanup
[2025-05-18T22:58:38.104+0300][7324][16848][info][gc          ] GC(5) Concurrent cleanup 2940M->588M(4096M) 0.093ms
[2025-05-18T22:58:38.104+0300][7324][16848][info][gc,ergo     ] GC(5) Free: 3296M, Max: 2048K regular, 944M humongous, Frag: 72% external, 0% internal; Reserve: 204M, Max: 2048K
[2025-05-18T22:58:38.104+0300][7324][16848][info][gc,start    ] GC(5) Concurrent class unloading
[2025-05-18T22:58:38.104+0300][7324][16848][info][gc,task     ] GC(5) Using 2 of 4 workers for concurrent class unloading
[2025-05-18T22:58:38.113+0300][7324][16848][info][gc          ] GC(5) Concurrent class unloading 8.683ms
[2025-05-18T22:58:38.113+0300][7324][16848][info][gc,start    ] GC(5) Concurrent strong roots
[2025-05-18T22:58:38.113+0300][7324][16848][info][gc,task     ] GC(5) Using 2 of 4 workers for concurrent strong root
[2025-05-18T22:58:38.113+0300][7324][16848][info][gc          ] GC(5) Concurrent strong roots 0.213ms
[2025-05-18T22:58:38.113+0300][7324][16848][info][gc,start    ] GC(5) Concurrent evacuation
[2025-05-18T22:58:38.113+0300][7324][16848][info][gc,task     ] GC(5) Using 2 of 4 workers for concurrent evacuation
[2025-05-18T22:58:38.118+0300][7324][16848][info][gc          ] GC(5) Concurrent evacuation 5.025ms
[2025-05-18T22:58:38.118+0300][7324][8028 ][info][gc,start    ] GC(5) Pause Init Update Refs
[2025-05-18T22:58:38.118+0300][7324][8028 ][info][gc,ergo     ] GC(5) Pacer for Update Refs. Used: 632M, Free: 3254M, Non-Taxable: 325M, Alloc Tax Rate: 1.1x
[2025-05-18T22:58:38.118+0300][7324][8028 ][info][gc          ] GC(5) Pause Init Update Refs 0.106ms
[2025-05-18T22:58:38.118+0300][7324][16848][info][gc,start    ] GC(5) Concurrent update references
[2025-05-18T22:58:38.118+0300][7324][16848][info][gc,task     ] GC(5) Using 2 of 4 workers for concurrent reference update
[2025-05-18T22:58:38.122+0300][7324][16848][info][gc          ] GC(5) Concurrent update references 3.878ms
[2025-05-18T22:58:38.122+0300][7324][16848][info][gc,start    ] GC(5) Concurrent update thread roots
[2025-05-18T22:58:38.124+0300][7324][16848][info][gc          ] GC(5) Concurrent update thread roots 1.434ms
[2025-05-18T22:58:38.124+0300][7324][8028 ][info][gc,start    ] GC(5) Pause Final Update Refs
[2025-05-18T22:58:38.124+0300][7324][8028 ][info][gc,task     ] GC(5) Using 4 of 4 workers for final reference update
[2025-05-18T22:58:38.124+0300][7324][8028 ][info][gc          ] GC(5) Pause Final Update Refs 0.147ms
[2025-05-18T22:58:38.124+0300][7324][16848][info][gc,start    ] GC(5) Concurrent cleanup
[2025-05-18T22:58:38.124+0300][7324][16848][info][gc          ] GC(5) Concurrent cleanup 646M->102M(4096M) 0.057ms
[2025-05-18T22:58:38.124+0300][7324][16848][info][gc,ergo     ] Free: 3781M, Max: 2048K regular, 2826M humongous, Frag: 26% external, 0% internal; Reserve: 206M, Max: 2048K
[2025-05-18T22:58:38.124+0300][7324][16848][info][gc,stats    ] 
[2025-05-18T22:58:38.124+0300][7324][16848][info][gc,stats    ] All times are wall-clock times, except per-root-class counters, that are sum over
[2025-05-18T22:58:38.124+0300][7324][16848][info][gc,stats    ] all workers. Dividing the <total> over the root stage time estimates parallelism.
[2025-05-18T22:58:38.124+0300][7324][16848][info][gc,stats    ] 
[2025-05-18T22:58:38.124+0300][7324][16848][info][gc,stats    ] Concurrent Reset                    777 us
[2025-05-18T22:58:38.124+0300][7324][16848][info][gc,stats    ] Pause Init Mark (G)                 275 us
[2025-05-18T22:58:38.124+0300][7324][16848][info][gc,stats    ] Pause Init Mark (N)                 134 us
[2025-05-18T22:58:38.124+0300][7324][16848][info][gc,stats    ]   Update Region States               20 us
[2025-05-18T22:58:38.124+0300][7324][16848][info][gc,stats    ] Concurrent Mark Roots               200 us, parallelism: 0.89x
[2025-05-18T22:58:38.124+0300][7324][16848][info][gc,stats    ]   CMR: <total>                      179 us
[2025-05-18T22:58:38.124+0300][7324][16848][info][gc,stats    ]   CMR: Thread Roots                 108 us, workers (us):  32,  76, ---, ---, 
[2025-05-18T22:58:38.124+0300][7324][16848][info][gc,stats    ]   CMR: VM Strong Roots               10 us, workers (us):   4,   6, ---, ---, 
[2025-05-18T22:58:38.124+0300][7324][16848][info][gc,stats    ]   CMR: CLDG Roots                    61 us, workers (us):  61, ---, ---, ---, 
[2025-05-18T22:58:38.124+0300][7324][16848][info][gc,stats    ] Concurrent Marking                 3791 us
[2025-05-18T22:58:38.124+0300][7324][16848][info][gc,stats    ] Pause Final Mark (G)                315 us
[2025-05-18T22:58:38.124+0300][7324][16848][info][gc,stats    ] Pause Final Mark (N)                238 us
[2025-05-18T22:58:38.124+0300][7324][16848][info][gc,stats    ]   Finish Mark                        46 us
[2025-05-18T22:58:38.124+0300][7324][16848][info][gc,stats    ]   Update Region States               27 us
[2025-05-18T22:58:38.124+0300][7324][16848][info][gc,stats    ]   Choose Collection Set              61 us
[2025-05-18T22:58:38.124+0300][7324][16848][info][gc,stats    ]   Rebuild Free Set                   13 us
[2025-05-18T22:58:38.124+0300][7324][16848][info][gc,stats    ] Concurrent Thread Roots             152 us, parallelism: 0.99x
[2025-05-18T22:58:38.124+0300][7324][16848][info][gc,stats    ]   CTR: <total>                      150 us
[2025-05-18T22:58:38.124+0300][7324][16848][info][gc,stats    ]   CTR: Thread Roots                 150 us, workers (us):  71,  80, ---, ---, 
[2025-05-18T22:58:38.124+0300][7324][16848][info][gc,stats    ] Concurrent Weak References          292 us, parallelism: 0.65x
[2025-05-18T22:58:38.124+0300][7324][16848][info][gc,stats    ]   CWRF: <total>                     189 us
[2025-05-18T22:58:38.124+0300][7324][16848][info][gc,stats    ]   CWRF: Weak References             189 us, workers (us):  13, 176, ---, ---, 
[2025-05-18T22:58:38.124+0300][7324][16848][info][gc,stats    ] Concurrent Weak Roots              1444 us
[2025-05-18T22:58:38.125+0300][7324][16848][info][gc,stats    ]   Roots                             649 us, parallelism: 1.82x
[2025-05-18T22:58:38.125+0300][7324][16848][info][gc,stats    ]     CWR: <total>                   1180 us
[2025-05-18T22:58:38.125+0300][7324][16848][info][gc,stats    ]     CWR: Code Cache Roots           906 us, workers (us): 476, 430, ---, ---, 
[2025-05-18T22:58:38.125+0300][7324][16848][info][gc,stats    ]     CWR: VM Weak Roots              266 us, workers (us): 138, 128, ---, ---, 
[2025-05-18T22:58:38.125+0300][7324][16848][info][gc,stats    ]     CWR: CLDG Roots                   9 us, workers (us): ---,   9, ---, ---, 
[2025-05-18T22:58:38.125+0300][7324][16848][info][gc,stats    ]   Rendezvous                        732 us
[2025-05-18T22:58:38.125+0300][7324][16848][info][gc,stats    ] Concurrent Cleanup                  109 us
[2025-05-18T22:58:38.125+0300][7324][16848][info][gc,stats    ] Concurrent Class Unloading         8734 us
[2025-05-18T22:58:38.125+0300][7324][16848][info][gc,stats    ]   Unlink Stale                     1517 us
[2025-05-18T22:58:38.125+0300][7324][16848][info][gc,stats    ]     System Dictionary                11 us
[2025-05-18T22:58:38.125+0300][7324][16848][info][gc,stats    ]     Weak Class Links                  0 us
[2025-05-18T22:58:38.125+0300][7324][16848][info][gc,stats    ]     Code Roots                     1505 us
[2025-05-18T22:58:38.125+0300][7324][16848][info][gc,stats    ]   Rendezvous                       6949 us
[2025-05-18T22:58:38.125+0300][7324][16848][info][gc,stats    ]   Purge Unlinked                    181 us
[2025-05-18T22:58:38.125+0300][7324][16848][info][gc,stats    ]     Code Roots                      170 us
[2025-05-18T22:58:38.125+0300][7324][16848][info][gc,stats    ]     CLDG                             11 us
[2025-05-18T22:58:38.125+0300][7324][16848][info][gc,stats    ]     Exception Caches                  0 us
[2025-05-18T22:58:38.125+0300][7324][16848][info][gc,stats    ] Concurrent Strong Roots             233 us, parallelism: 0.61x
[2025-05-18T22:58:38.125+0300][7324][16848][info][gc,stats    ]   CSR: <total>                      142 us
[2025-05-18T22:58:38.125+0300][7324][16848][info][gc,stats    ]   CSR: VM Strong Roots               11 us, workers (us):   5,   6, ---, ---, 
[2025-05-18T22:58:38.125+0300][7324][16848][info][gc,stats    ]   CSR: CLDG Roots                   130 us, workers (us): 130, ---, ---, ---, 
[2025-05-18T22:58:38.125+0300][7324][16848][info][gc,stats    ] Concurrent Evacuation              5073 us
[2025-05-18T22:58:38.125+0300][7324][16848][info][gc,stats    ] Pause Init Update Refs (G)          252 us
[2025-05-18T22:58:38.125+0300][7324][16848][info][gc,stats    ] Pause Init Update Refs (N)          123 us
[2025-05-18T22:58:38.125+0300][7324][16848][info][gc,stats    ]   Manage GCLABs                       6 us
[2025-05-18T22:58:38.125+0300][7324][16848][info][gc,stats    ] Concurrent Update Refs             3929 us
[2025-05-18T22:58:38.125+0300][7324][16848][info][gc,stats    ] Concurrent Update Thread Roots     1467 us
[2025-05-18T22:58:38.125+0300][7324][16848][info][gc,stats    ] Pause Final Update Refs (G)         247 us
[2025-05-18T22:58:38.125+0300][7324][16848][info][gc,stats    ] Pause Final Update Refs (N)         168 us
[2025-05-18T22:58:38.125+0300][7324][16848][info][gc,stats    ]   Update Region States               63 us
[2025-05-18T22:58:38.125+0300][7324][16848][info][gc,stats    ]   Trash Collection Set                6 us
[2025-05-18T22:58:38.125+0300][7324][16848][info][gc,stats    ]   Rebuild Free Set                   14 us
[2025-05-18T22:58:38.125+0300][7324][16848][info][gc,stats    ] Concurrent Cleanup                   78 us
[2025-05-18T22:58:38.125+0300][7324][16848][info][gc,stats    ] 
[2025-05-18T22:58:38.125+0300][7324][16848][info][gc,stats    ] Allocation pacing accrued:
[2025-05-18T22:58:38.125+0300][7324][16848][info][gc,stats    ]       0 of   698 ms (  0.0%): <total>
[2025-05-18T22:58:38.125+0300][7324][16848][info][gc,stats    ]       0 of   698 ms (  0.0%): <average total>
[2025-05-18T22:58:38.125+0300][7324][16848][info][gc,stats    ] 
[2025-05-18T22:58:38.125+0300][7324][16848][info][gc,metaspace] Metaspace: 8516K(9472K)->8516K(9472K) NonClass: 7660K(8256K)->7660K(8256K) Class: 856K(1216K)->856K(1216K)
[2025-05-18T22:58:38.125+0300][7324][16848][info][gc,ergo     ] Pacer for Idle. Initial: 83886K, Alloc Tax Rate: 1.0x
[2025-05-18T22:58:38.815+0300][7324][16848][info][gc          ] Trigger: Average GC time (175.51 ms) is above the time for average allocation rate (4210 MB/s) to deplete free headroom (721M) (margin of error = 1.79)
[2025-05-18T22:58:38.815+0300][7324][16848][info][gc,ergo     ] Free headroom: 925M (free) - 204M (spike) - 0B (penalties) = 721M
[2025-05-18T22:58:38.815+0300][7324][16848][info][gc,ergo     ] Free: 925M, Max: 2048K regular, 924M humongous, Frag: 0% external, 0% internal; Reserve: 206M, Max: 2048K
[2025-05-18T22:58:38.815+0300][7324][16848][info][gc,start    ] GC(6) Concurrent reset
[2025-05-18T22:58:38.815+0300][7324][16848][info][gc,task     ] GC(6) Using 2 of 4 workers for concurrent reset
[2025-05-18T22:58:38.815+0300][7324][16848][info][gc,ergo     ] GC(6) Pacer for Reset. Non-Taxable: 4096M
[2025-05-18T22:58:38.816+0300][7324][16848][info][gc          ] GC(6) Concurrent reset 1.606ms
[2025-05-18T22:58:38.816+0300][7324][8028 ][info][gc,start    ] GC(6) Pause Init Mark (unload classes)
[2025-05-18T22:58:38.817+0300][7324][8028 ][info][gc,task     ] GC(6) Using 4 of 4 workers for init marking
[2025-05-18T22:58:38.817+0300][7324][8028 ][info][gc,ergo     ] GC(6) Pacer for Mark. Expected Live: 10564K, Free: 917M, Non-Taxable: 94001K, Alloc Tax Rate: 0.0x
[2025-05-18T22:58:38.817+0300][7324][8028 ][info][gc          ] GC(6) Pause Init Mark (unload classes) 0.130ms
[2025-05-18T22:58:38.817+0300][7324][16848][info][gc,start    ] GC(6) Concurrent marking roots
[2025-05-18T22:58:38.817+0300][7324][16848][info][gc,task     ] GC(6) Using 2 of 4 workers for concurrent marking roots
[2025-05-18T22:58:38.817+0300][7324][16848][info][gc          ] GC(6) Concurrent marking roots 0.162ms
[2025-05-18T22:58:38.817+0300][7324][16848][info][gc,start    ] GC(6) Concurrent marking (unload classes)
[2025-05-18T22:58:38.817+0300][7324][16848][info][gc,task     ] GC(6) Using 2 of 4 workers for concurrent marking
[2025-05-18T22:58:38.820+0300][7324][16848][info][gc          ] GC(6) Concurrent marking (unload classes) 3.482ms
[2025-05-18T22:58:38.820+0300][7324][8028 ][info][gc,start    ] GC(6) Pause Final Mark (unload classes)
[2025-05-18T22:58:38.820+0300][7324][8028 ][info][gc,task     ] GC(6) Using 4 of 4 workers for final marking
[2025-05-18T22:58:38.821+0300][7324][8028 ][info][gc,ergo     ] GC(6) Adaptive CSet Selection. Target Free: 580M, Actual Free: 3496M, Max CSet: 170M, Min Garbage: 0B
[2025-05-18T22:58:38.821+0300][7324][8028 ][info][gc,ergo     ] GC(6) Collectable Garbage: 2954M (99%), Immediate: 2392M (80%), CSet: 562M (19%)
[2025-05-18T22:58:38.821+0300][7324][8028 ][info][gc,ergo     ] GC(6) Pacer for Evacuation. Used CSet: 564M, Free: 3291M, Non-Taxable: 329M, Alloc Tax Rate: 1.1x
[2025-05-18T22:58:38.821+0300][7324][8028 ][info][gc          ] GC(6) Pause Final Mark (unload classes) 0.209ms
[2025-05-18T22:58:38.821+0300][7324][16848][info][gc,start    ] GC(6) Concurrent thread roots
[2025-05-18T22:58:38.821+0300][7324][16848][info][gc,task     ] GC(6) Using 2 of 4 workers for Concurrent thread roots
[2025-05-18T22:58:38.821+0300][7324][16848][info][gc          ] GC(6) Concurrent thread roots 0.221ms
[2025-05-18T22:58:38.821+0300][7324][16848][info][gc,start    ] GC(6) Concurrent weak references
[2025-05-18T22:58:38.821+0300][7324][16848][info][gc,task     ] GC(6) Using 2 of 4 workers for concurrent weak references
[2025-05-18T22:58:38.821+0300][7324][16848][info][gc,ref      ] GC(6) Encountered references: Soft: 301, Weak: 1209, Final: 3, Phantom: 50
[2025-05-18T22:58:38.821+0300][7324][16848][info][gc,ref      ] GC(6) Discovered  references: Soft: 0, Weak: 711, Final: 1, Phantom: 34
[2025-05-18T22:58:38.821+0300][7324][16848][info][gc,ref      ] GC(6) Enqueued    references: Soft: 0, Weak: 528, Final: 0, Phantom: 0
[2025-05-18T22:58:38.821+0300][7324][16848][info][gc          ] GC(6) Concurrent weak references 0.274ms
[2025-05-18T22:58:38.821+0300][7324][16848][info][gc,start    ] GC(6) Concurrent weak roots
[2025-05-18T22:58:38.821+0300][7324][16848][info][gc,task     ] GC(6) Using 2 of 4 workers for concurrent weak root
[2025-05-18T22:58:38.824+0300][7324][16848][info][gc          ] GC(6) Concurrent weak roots 3.061ms
[2025-05-18T22:58:38.824+0300][7324][16848][info][gc,start    ] GC(6) Concurrent cleanup
[2025-05-18T22:58:38.824+0300][7324][16848][info][gc          ] GC(6) Concurrent cleanup 3001M->609M(4096M) 0.097ms
[2025-05-18T22:58:38.824+0300][7324][16848][info][gc,ergo     ] GC(6) Free: 3275M, Max: 2048K regular, 882M humongous, Frag: 74% external, 0% internal; Reserve: 204M, Max: 2048K
[2025-05-18T22:58:38.824+0300][7324][16848][info][gc,start    ] GC(6) Concurrent class unloading
[2025-05-18T22:58:38.825+0300][7324][16848][info][gc,task     ] GC(6) Using 2 of 4 workers for concurrent class unloading
[2025-05-18T22:58:38.827+0300][7324][16848][info][gc          ] GC(6) Concurrent class unloading 2.128ms
[2025-05-18T22:58:38.827+0300][7324][16848][info][gc,start    ] GC(6) Concurrent strong roots
[2025-05-18T22:58:38.827+0300][7324][16848][info][gc,task     ] GC(6) Using 2 of 4 workers for concurrent strong root
[2025-05-18T22:58:38.827+0300][7324][16848][info][gc          ] GC(6) Concurrent strong roots 0.183ms
[2025-05-18T22:58:38.827+0300][7324][16848][info][gc,start    ] GC(6) Concurrent evacuation
[2025-05-18T22:58:38.827+0300][7324][16848][info][gc,task     ] GC(6) Using 2 of 4 workers for concurrent evacuation
[2025-05-18T22:58:38.831+0300][7324][16848][info][gc          ] GC(6) Concurrent evacuation 4.239ms
[2025-05-18T22:58:38.831+0300][7324][8028 ][info][gc,start    ] GC(6) Pause Init Update Refs
[2025-05-18T22:58:38.831+0300][7324][8028 ][info][gc,ergo     ] GC(6) Pacer for Update Refs. Used: 633M, Free: 3251M, Non-Taxable: 325M, Alloc Tax Rate: 1.1x
[2025-05-18T22:58:38.831+0300][7324][8028 ][info][gc          ] GC(6) Pause Init Update Refs 0.063ms
[2025-05-18T22:58:38.831+0300][7324][16848][info][gc,start    ] GC(6) Concurrent update references
[2025-05-18T22:58:38.831+0300][7324][16848][info][gc,task     ] GC(6) Using 2 of 4 workers for concurrent reference update
[2025-05-18T22:58:38.835+0300][7324][16848][info][gc          ] GC(6) Concurrent update references 3.806ms
[2025-05-18T22:58:38.835+0300][7324][16848][info][gc,start    ] GC(6) Concurrent update thread roots
[2025-05-18T22:58:38.841+0300][7324][16848][info][gc          ] GC(6) Concurrent update thread roots 5.979ms
[2025-05-18T22:58:38.841+0300][7324][8028 ][info][gc,start    ] GC(6) Pause Final Update Refs
[2025-05-18T22:58:38.841+0300][7324][8028 ][info][gc,task     ] GC(6) Using 4 of 4 workers for final reference update
[2025-05-18T22:58:38.841+0300][7324][8028 ][info][gc          ] GC(6) Pause Final Update Refs 0.133ms
[2025-05-18T22:58:38.841+0300][7324][16848][info][gc,start    ] GC(6) Concurrent cleanup
[2025-05-18T22:58:38.841+0300][7324][16848][info][gc          ] GC(6) Concurrent cleanup 667M->105M(4096M) 0.050ms
[2025-05-18T22:58:38.842+0300][7324][16848][info][gc,ergo     ] Free: 3778M, Max: 2048K regular, 2882M humongous, Frag: 24% external, 0% internal; Reserve: 206M, Max: 2048K
[2025-05-18T22:58:38.842+0300][7324][16848][info][gc,stats    ] 
[2025-05-18T22:58:38.842+0300][7324][16848][info][gc,stats    ] All times are wall-clock times, except per-root-class counters, that are sum over
[2025-05-18T22:58:38.842+0300][7324][16848][info][gc,stats    ] all workers. Dividing the <total> over the root stage time estimates parallelism.
[2025-05-18T22:58:38.842+0300][7324][16848][info][gc,stats    ] 
[2025-05-18T22:58:38.842+0300][7324][16848][info][gc,stats    ] Concurrent Reset                   1651 us
[2025-05-18T22:58:38.842+0300][7324][16848][info][gc,stats    ] Pause Init Mark (G)                 280 us
[2025-05-18T22:58:38.842+0300][7324][16848][info][gc,stats    ] Pause Init Mark (N)                 145 us
[2025-05-18T22:58:38.842+0300][7324][16848][info][gc,stats    ]   Update Region States               32 us
[2025-05-18T22:58:38.842+0300][7324][16848][info][gc,stats    ] Concurrent Mark Roots               181 us, parallelism: 0.82x
[2025-05-18T22:58:38.842+0300][7324][16848][info][gc,stats    ]   CMR: <total>                      148 us
[2025-05-18T22:58:38.842+0300][7324][16848][info][gc,stats    ]   CMR: Thread Roots                  77 us, workers (us):  75,   1, ---, ---, 
[2025-05-18T22:58:38.842+0300][7324][16848][info][gc,stats    ]   CMR: VM Strong Roots                8 us, workers (us):   4,   3, ---, ---, 
[2025-05-18T22:58:38.842+0300][7324][16848][info][gc,stats    ]   CMR: CLDG Roots                    64 us, workers (us): ---,  64, ---, ---, 
[2025-05-18T22:58:38.842+0300][7324][16848][info][gc,stats    ] Concurrent Marking                 3525 us
[2025-05-18T22:58:38.842+0300][7324][16848][info][gc,stats    ] Pause Final Mark (G)                357 us
[2025-05-18T22:58:38.842+0300][7324][16848][info][gc,stats    ] Pause Final Mark (N)                219 us
[2025-05-18T22:58:38.842+0300][7324][16848][info][gc,stats    ]   Finish Mark                        38 us
[2025-05-18T22:58:38.842+0300][7324][16848][info][gc,stats    ]   Update Region States               21 us
[2025-05-18T22:58:38.842+0300][7324][16848][info][gc,stats    ]   Choose Collection Set              68 us
[2025-05-18T22:58:38.842+0300][7324][16848][info][gc,stats    ]   Rebuild Free Set                   14 us
[2025-05-18T22:58:38.842+0300][7324][16848][info][gc,stats    ] Concurrent Thread Roots             251 us, parallelism: 1.22x
[2025-05-18T22:58:38.842+0300][7324][16848][info][gc,stats    ]   CTR: <total>                      307 us
[2025-05-18T22:58:38.842+0300][7324][16848][info][gc,stats    ]   CTR: Thread Roots                 307 us, workers (us): 167, 140, ---, ---, 
[2025-05-18T22:58:38.842+0300][7324][16848][info][gc,stats    ] Concurrent Weak References          291 us, parallelism: 0.62x
[2025-05-18T22:58:38.842+0300][7324][16848][info][gc,stats    ]   CWRF: <total>                     180 us
[2025-05-18T22:58:38.842+0300][7324][16848][info][gc,stats    ]   CWRF: Weak References             180 us, workers (us): 160,  20, ---, ---, 
[2025-05-18T22:58:38.842+0300][7324][16848][info][gc,stats    ] Concurrent Weak Roots              3099 us
[2025-05-18T22:58:38.842+0300][7324][16848][info][gc,stats    ]   Roots                             651 us, parallelism: 1.79x
[2025-05-18T22:58:38.842+0300][7324][16848][info][gc,stats    ]     CWR: <total>                   1164 us
[2025-05-18T22:58:38.842+0300][7324][16848][info][gc,stats    ]     CWR: Code Cache Roots           891 us, workers (us): 475, 416, ---, ---, 
[2025-05-18T22:58:38.842+0300][7324][16848][info][gc,stats    ]     CWR: VM Weak Roots              261 us, workers (us): 136, 125, ---, ---, 
[2025-05-18T22:58:38.842+0300][7324][16848][info][gc,stats    ]     CWR: CLDG Roots                  12 us, workers (us): ---,  12, ---, ---, 
[2025-05-18T22:58:38.842+0300][7324][16848][info][gc,stats    ]   Rendezvous                       2377 us
[2025-05-18T22:58:38.842+0300][7324][16848][info][gc,stats    ] Concurrent Cleanup                  116 us
[2025-05-18T22:58:38.842+0300][7324][16848][info][gc,stats    ] Concurrent Class Unloading         2160 us
[2025-05-18T22:58:38.842+0300][7324][16848][info][gc,stats    ]   Unlink Stale                     1551 us
[2025-05-18T22:58:38.842+0300][7324][16848][info][gc,stats    ]     System Dictionary                13 us
[2025-05-18T22:58:38.842+0300][7324][16848][info][gc,stats    ]     Weak Class Links                  0 us
[2025-05-18T22:58:38.842+0300][7324][16848][info][gc,stats    ]     Code Roots                     1537 us
[2025-05-18T22:58:38.842+0300][7324][16848][info][gc,stats    ]   Rendezvous                        440 us
[2025-05-18T22:58:38.842+0300][7324][16848][info][gc,stats    ]   Purge Unlinked                    104 us
[2025-05-18T22:58:38.842+0300][7324][16848][info][gc,stats    ]     Code Roots                       95 us
[2025-05-18T22:58:38.842+0300][7324][16848][info][gc,stats    ]     CLDG                              9 us
[2025-05-18T22:58:38.842+0300][7324][16848][info][gc,stats    ] Concurrent Strong Roots             205 us, parallelism: 0.62x
[2025-05-18T22:58:38.842+0300][7324][16848][info][gc,stats    ]   CSR: <total>                      128 us
[2025-05-18T22:58:38.842+0300][7324][16848][info][gc,stats    ]   CSR: VM Strong Roots                8 us, workers (us):   4,   4, ---, ---, 
[2025-05-18T22:58:38.842+0300][7324][16848][info][gc,stats    ]   CSR: CLDG Roots                   120 us, workers (us): 120, ---, ---, ---, 
[2025-05-18T22:58:38.842+0300][7324][16848][info][gc,stats    ] Concurrent Evacuation              4286 us
[2025-05-18T22:58:38.842+0300][7324][16848][info][gc,stats    ] Pause Init Update Refs (G)          182 us
[2025-05-18T22:58:38.842+0300][7324][16848][info][gc,stats    ] Pause Init Update Refs (N)           77 us
[2025-05-18T22:58:38.842+0300][7324][16848][info][gc,stats    ]   Manage GCLABs                       4 us
[2025-05-18T22:58:38.842+0300][7324][16848][info][gc,stats    ] Concurrent Update Refs             3849 us
[2025-05-18T22:58:38.842+0300][7324][16848][info][gc,stats    ] Concurrent Update Thread Roots     6013 us
[2025-05-18T22:58:38.842+0300][7324][16848][info][gc,stats    ] Pause Final Update Refs (G)         237 us
[2025-05-18T22:58:38.842+0300][7324][16848][info][gc,stats    ] Pause Final Update Refs (N)         150 us
[2025-05-18T22:58:38.842+0300][7324][16848][info][gc,stats    ]   Update Region States               58 us
[2025-05-18T22:58:38.842+0300][7324][16848][info][gc,stats    ]   Trash Collection Set                7 us
[2025-05-18T22:58:38.842+0300][7324][16848][info][gc,stats    ]   Rebuild Free Set                   17 us
[2025-05-18T22:58:38.842+0300][7324][16848][info][gc,stats    ] Concurrent Cleanup                   77 us
[2025-05-18T22:58:38.842+0300][7324][16848][info][gc,stats    ] 
[2025-05-18T22:58:38.842+0300][7324][16848][info][gc,stats    ] Allocation pacing accrued:
[2025-05-18T22:58:38.842+0300][7324][16848][info][gc,stats    ]       0 of   718 ms (  0.0%): <total>
[2025-05-18T22:58:38.842+0300][7324][16848][info][gc,stats    ]       0 of   718 ms (  0.0%): <average total>
[2025-05-18T22:58:38.842+0300][7324][16848][info][gc,stats    ] 
[2025-05-18T22:58:38.842+0300][7324][16848][info][gc,metaspace] Metaspace: 8518K(9472K)->8518K(9472K) NonClass: 7662K(8256K)->7662K(8256K) Class: 856K(1216K)->856K(1216K)
[2025-05-18T22:58:38.843+0300][7324][16848][info][gc,ergo     ] Pacer for Idle. Initial: 83886K, Alloc Tax Rate: 1.0x
[2025-05-18T22:58:39.613+0300][7324][16848][info][gc          ] Trigger: Average GC time (133.80 ms) is above the time for average allocation rate (4096 MB/s) to deplete free headroom (517M) (margin of error = 1.78)
[2025-05-18T22:58:39.613+0300][7324][16848][info][gc,ergo     ] Free headroom: 722M (free) - 204M (spike) - 0B (penalties) = 517M
[2025-05-18T22:58:39.613+0300][7324][16848][info][gc,ergo     ] Free: 722M, Max: 2048K regular, 720M humongous, Frag: 0% external, 0% internal; Reserve: 206M, Max: 2048K
[2025-05-18T22:58:39.613+0300][7324][16848][info][gc,start    ] GC(7) Concurrent reset
[2025-05-18T22:58:39.613+0300][7324][16848][info][gc,task     ] GC(7) Using 2 of 4 workers for concurrent reset
[2025-05-18T22:58:39.613+0300][7324][16848][info][gc,ergo     ] GC(7) Pacer for Reset. Non-Taxable: 4096M
[2025-05-18T22:58:39.614+0300][7324][16848][info][gc          ] GC(7) Concurrent reset 1.423ms
[2025-05-18T22:58:39.614+0300][7324][8028 ][info][gc,start    ] GC(7) Pause Init Mark (unload classes)
[2025-05-18T22:58:39.614+0300][7324][8028 ][info][gc,task     ] GC(7) Using 4 of 4 workers for init marking
[2025-05-18T22:58:39.614+0300][7324][8028 ][info][gc,ergo     ] GC(7) Pacer for Mark. Expected Live: 10566K, Free: 720M, Non-Taxable: 73735K, Alloc Tax Rate: 0.0x
[2025-05-18T22:58:39.614+0300][7324][8028 ][info][gc          ] GC(7) Pause Init Mark (unload classes) 0.102ms
[2025-05-18T22:58:39.614+0300][7324][16848][info][gc,start    ] GC(7) Concurrent marking roots
[2025-05-18T22:58:39.614+0300][7324][16848][info][gc,task     ] GC(7) Using 2 of 4 workers for concurrent marking roots
[2025-05-18T22:58:39.615+0300][7324][16848][info][gc          ] GC(7) Concurrent marking roots 0.193ms
[2025-05-18T22:58:39.615+0300][7324][16848][info][gc,start    ] GC(7) Concurrent marking (unload classes)
[2025-05-18T22:58:39.615+0300][7324][16848][info][gc,task     ] GC(7) Using 2 of 4 workers for concurrent marking
[2025-05-18T22:58:39.618+0300][7324][16848][info][gc          ] GC(7) Concurrent marking (unload classes) 3.638ms
[2025-05-18T22:58:39.618+0300][7324][8028 ][info][gc,start    ] GC(7) Pause Final Mark (unload classes)
[2025-05-18T22:58:39.618+0300][7324][8028 ][info][gc,task     ] GC(7) Using 4 of 4 workers for final marking
[2025-05-18T22:58:39.618+0300][7324][8028 ][info][gc,ergo     ] GC(7) Adaptive CSet Selection. Target Free: 580M, Actual Free: 3470M, Max CSet: 170M, Min Garbage: 0B
[2025-05-18T22:58:39.619+0300][7324][8028 ][info][gc,ergo     ] GC(7) Collectable Garbage: 3152M (99%), Immediate: 2564M (81%), CSet: 588M (18%)
[2025-05-18T22:58:39.619+0300][7324][8028 ][info][gc,ergo     ] GC(7) Pacer for Evacuation. Used CSet: 589M, Free: 3265M, Non-Taxable: 326M, Alloc Tax Rate: 1.1x
[2025-05-18T22:58:39.619+0300][7324][8028 ][info][gc          ] GC(7) Pause Final Mark (unload classes) 0.214ms
[2025-05-18T22:58:39.619+0300][7324][16848][info][gc,start    ] GC(7) Concurrent thread roots
[2025-05-18T22:58:39.619+0300][7324][16848][info][gc,task     ] GC(7) Using 2 of 4 workers for Concurrent thread roots
[2025-05-18T22:58:39.619+0300][7324][16848][info][gc          ] GC(7) Concurrent thread roots 0.148ms
[2025-05-18T22:58:39.619+0300][7324][16848][info][gc,start    ] GC(7) Concurrent weak references
[2025-05-18T22:58:39.619+0300][7324][16848][info][gc,task     ] GC(7) Using 2 of 4 workers for concurrent weak references
[2025-05-18T22:58:39.619+0300][7324][16848][info][gc,ref      ] GC(7) Encountered references: Soft: 301, Weak: 1241, Final: 3, Phantom: 50
[2025-05-18T22:58:39.619+0300][7324][16848][info][gc,ref      ] GC(7) Discovered  references: Soft: 0, Weak: 744, Final: 1, Phantom: 39
[2025-05-18T22:58:39.619+0300][7324][16848][info][gc,ref      ] GC(7) Enqueued    references: Soft: 0, Weak: 560, Final: 0, Phantom: 0
[2025-05-18T22:58:39.619+0300][7324][16848][info][gc          ] GC(7) Concurrent weak references 0.266ms
[2025-05-18T22:58:39.619+0300][7324][16848][info][gc,start    ] GC(7) Concurrent weak roots
[2025-05-18T22:58:39.619+0300][7324][16848][info][gc,task     ] GC(7) Using 2 of 4 workers for concurrent weak root
[2025-05-18T22:58:39.623+0300][7324][16848][info][gc          ] GC(7) Concurrent weak roots 4.428ms
[2025-05-18T22:58:39.624+0300][7324][16848][info][gc,start    ] GC(7) Concurrent cleanup
[2025-05-18T22:58:39.624+0300][7324][16848][info][gc          ] GC(7) Concurrent cleanup 3208M->644M(4096M) 0.101ms
[2025-05-18T22:58:39.624+0300][7324][16848][info][gc,ergo     ] GC(7) Free: 3239M, Max: 2048K regular, 674M humongous, Frag: 80% external, 0% internal; Reserve: 204M, Max: 2048K
[2025-05-18T22:58:39.624+0300][7324][16848][info][gc,start    ] GC(7) Concurrent class unloading
[2025-05-18T22:58:39.624+0300][7324][16848][info][gc,task     ] GC(7) Using 2 of 4 workers for concurrent class unloading
[2025-05-18T22:58:39.625+0300][7324][16848][info][gc          ] GC(7) Concurrent class unloading 1.800ms
[2025-05-18T22:58:39.626+0300][7324][16848][info][gc,start    ] GC(7) Concurrent strong roots
[2025-05-18T22:58:39.626+0300][7324][16848][info][gc,task     ] GC(7) Using 2 of 4 workers for concurrent strong root
[2025-05-18T22:58:39.626+0300][7324][16848][info][gc          ] GC(7) Concurrent strong roots 0.173ms
[2025-05-18T22:58:39.626+0300][7324][16848][info][gc,start    ] GC(7) Concurrent evacuation
[2025-05-18T22:58:39.626+0300][7324][16848][info][gc,task     ] GC(7) Using 2 of 4 workers for concurrent evacuation
[2025-05-18T22:58:39.630+0300][7324][16848][info][gc          ] GC(7) Concurrent evacuation 4.102ms
[2025-05-18T22:58:39.630+0300][7324][8028 ][info][gc,start    ] GC(7) Pause Init Update Refs
[2025-05-18T22:58:39.630+0300][7324][8028 ][info][gc,ergo     ] GC(7) Pacer for Update Refs. Used: 659M, Free: 3225M, Non-Taxable: 322M, Alloc Tax Rate: 1.1x
[2025-05-18T22:58:39.630+0300][7324][8028 ][info][gc          ] GC(7) Pause Init Update Refs 0.059ms
[2025-05-18T22:58:39.630+0300][7324][16848][info][gc,start    ] GC(7) Concurrent update references
[2025-05-18T22:58:39.630+0300][7324][16848][info][gc,task     ] GC(7) Using 2 of 4 workers for concurrent reference update
[2025-05-18T22:58:39.634+0300][7324][16848][info][gc          ] GC(7) Concurrent update references 4.057ms
[2025-05-18T22:58:39.634+0300][7324][16848][info][gc,start    ] GC(7) Concurrent update thread roots
[2025-05-18T22:58:39.640+0300][7324][16848][info][gc          ] GC(7) Concurrent update thread roots 5.981ms
[2025-05-18T22:58:39.640+0300][7324][8028 ][info][gc,start    ] GC(7) Pause Final Update Refs
[2025-05-18T22:58:39.640+0300][7324][8028 ][info][gc,task     ] GC(7) Using 4 of 4 workers for final reference update
[2025-05-18T22:58:39.640+0300][7324][8028 ][info][gc          ] GC(7) Pause Final Update Refs 0.112ms
[2025-05-18T22:58:39.640+0300][7324][16848][info][gc,start    ] GC(7) Concurrent cleanup
[2025-05-18T22:58:39.640+0300][7324][16848][info][gc          ] GC(7) Concurrent cleanup 697M->107M(4096M) 0.057ms
[2025-05-18T22:58:39.640+0300][7324][16848][info][gc,ergo     ] Free: 3776M, Max: 2048K regular, 3088M humongous, Frag: 19% external, 0% internal; Reserve: 206M, Max: 2048K
[2025-05-18T22:58:39.641+0300][7324][16848][info][gc,stats    ] 
[2025-05-18T22:58:39.641+0300][7324][16848][info][gc,stats    ] All times are wall-clock times, except per-root-class counters, that are sum over
[2025-05-18T22:58:39.641+0300][7324][16848][info][gc,stats    ] all workers. Dividing the <total> over the root stage time estimates parallelism.
[2025-05-18T22:58:39.641+0300][7324][16848][info][gc,stats    ] 
[2025-05-18T22:58:39.641+0300][7324][16848][info][gc,stats    ] Concurrent Reset                   1469 us
[2025-05-18T22:58:39.641+0300][7324][16848][info][gc,stats    ] Pause Init Mark (G)                 266 us
[2025-05-18T22:58:39.641+0300][7324][16848][info][gc,stats    ] Pause Init Mark (N)                 117 us
[2025-05-18T22:58:39.641+0300][7324][16848][info][gc,stats    ]   Update Region States               22 us
[2025-05-18T22:58:39.641+0300][7324][16848][info][gc,stats    ] Concurrent Mark Roots               223 us, parallelism: 0.95x
[2025-05-18T22:58:39.641+0300][7324][16848][info][gc,stats    ]   CMR: <total>                      211 us
[2025-05-18T22:58:39.641+0300][7324][16848][info][gc,stats    ]   CMR: Thread Roots                 144 us, workers (us):  37, 107, ---, ---, 
[2025-05-18T22:58:39.641+0300][7324][16848][info][gc,stats    ]   CMR: VM Strong Roots                8 us, workers (us):   4,   4, ---, ---, 
[2025-05-18T22:58:39.641+0300][7324][16848][info][gc,stats    ]   CMR: CLDG Roots                    58 us, workers (us):  58, ---, ---, ---, 
[2025-05-18T22:58:39.641+0300][7324][16848][info][gc,stats    ] Concurrent Marking                 3678 us
[2025-05-18T22:58:39.641+0300][7324][16848][info][gc,stats    ] Pause Final Mark (G)                282 us
[2025-05-18T22:58:39.641+0300][7324][16848][info][gc,stats    ] Pause Final Mark (N)                225 us
[2025-05-18T22:58:39.641+0300][7324][16848][info][gc,stats    ]   Finish Mark                        42 us
[2025-05-18T22:58:39.641+0300][7324][16848][info][gc,stats    ]   Update Region States               19 us
[2025-05-18T22:58:39.641+0300][7324][16848][info][gc,stats    ]   Choose Collection Set              73 us
[2025-05-18T22:58:39.641+0300][7324][16848][info][gc,stats    ]   Rebuild Free Set                   13 us
[2025-05-18T22:58:39.641+0300][7324][16848][info][gc,stats    ] Concurrent Thread Roots             171 us, parallelism: 1.06x
[2025-05-18T22:58:39.641+0300][7324][16848][info][gc,stats    ]   CTR: <total>                      182 us
[2025-05-18T22:58:39.641+0300][7324][16848][info][gc,stats    ]   CTR: Thread Roots                 182 us, workers (us):  92,  89, ---, ---, 
[2025-05-18T22:58:39.641+0300][7324][16848][info][gc,stats    ] Concurrent Weak References          282 us, parallelism: 0.62x
[2025-05-18T22:58:39.641+0300][7324][16848][info][gc,stats    ]   CWRF: <total>                     176 us
[2025-05-18T22:58:39.641+0300][7324][16848][info][gc,stats    ]   CWRF: Weak References             176 us, workers (us):  14, 162, ---, ---, 
[2025-05-18T22:58:39.641+0300][7324][16848][info][gc,stats    ] Concurrent Weak Roots              4474 us
[2025-05-18T22:58:39.641+0300][7324][16848][info][gc,stats    ]   Roots                             621 us, parallelism: 1.80x
[2025-05-18T22:58:39.641+0300][7324][16848][info][gc,stats    ]     CWR: <total>                   1115 us
[2025-05-18T22:58:39.641+0300][7324][16848][info][gc,stats    ]     CWR: Code Cache Roots           841 us, workers (us): 393, 448, ---, ---, 
[2025-05-18T22:58:39.641+0300][7324][16848][info][gc,stats    ]     CWR: VM Weak Roots              265 us, workers (us): 128, 137, ---, ---, 
[2025-05-18T22:58:39.641+0300][7324][16848][info][gc,stats    ]     CWR: CLDG Roots                   9 us, workers (us):   9, ---, ---, ---, 
[2025-05-18T22:58:39.641+0300][7324][16848][info][gc,stats    ]   Rendezvous                       3773 us
[2025-05-18T22:58:39.641+0300][7324][16848][info][gc,stats    ] Concurrent Cleanup                  120 us
[2025-05-18T22:58:39.641+0300][7324][16848][info][gc,stats    ] Concurrent Class Unloading         1838 us
[2025-05-18T22:58:39.641+0300][7324][16848][info][gc,stats    ]   Unlink Stale                     1592 us
[2025-05-18T22:58:39.641+0300][7324][16848][info][gc,stats    ]     System Dictionary                12 us
[2025-05-18T22:58:39.641+0300][7324][16848][info][gc,stats    ]     Weak Class Links                  0 us
[2025-05-18T22:58:39.641+0300][7324][16848][info][gc,stats    ]     Code Roots                     1578 us
[2025-05-18T22:58:39.641+0300][7324][16848][info][gc,stats    ]   Rendezvous                         55 us
[2025-05-18T22:58:39.641+0300][7324][16848][info][gc,stats    ]   Purge Unlinked                    121 us
[2025-05-18T22:58:39.641+0300][7324][16848][info][gc,stats    ]     Code Roots                      114 us
[2025-05-18T22:58:39.641+0300][7324][16848][info][gc,stats    ]     CLDG                              7 us
[2025-05-18T22:58:39.641+0300][7324][16848][info][gc,stats    ]     Exception Caches                  0 us
[2025-05-18T22:58:39.641+0300][7324][16848][info][gc,stats    ] Concurrent Strong Roots             195 us, parallelism: 0.62x
[2025-05-18T22:58:39.641+0300][7324][16848][info][gc,stats    ]   CSR: <total>                      120 us
[2025-05-18T22:58:39.641+0300][7324][16848][info][gc,stats    ]   CSR: VM Strong Roots                7 us, workers (us):   3,   3, ---, ---, 
[2025-05-18T22:58:39.641+0300][7324][16848][info][gc,stats    ]   CSR: CLDG Roots                   113 us, workers (us): 113, ---, ---, ---, 
[2025-05-18T22:58:39.641+0300][7324][16848][info][gc,stats    ] Concurrent Evacuation              4146 us
[2025-05-18T22:58:39.641+0300][7324][16848][info][gc,stats    ] Pause Init Update Refs (G)          189 us
[2025-05-18T22:58:39.641+0300][7324][16848][info][gc,stats    ] Pause Init Update Refs (N)           74 us
[2025-05-18T22:58:39.641+0300][7324][16848][info][gc,stats    ]   Manage GCLABs                       4 us
[2025-05-18T22:58:39.641+0300][7324][16848][info][gc,stats    ] Concurrent Update Refs             4105 us
[2025-05-18T22:58:39.641+0300][7324][16848][info][gc,stats    ] Concurrent Update Thread Roots     6014 us
[2025-05-18T22:58:39.641+0300][7324][16848][info][gc,stats    ] Pause Final Update Refs (G)         217 us
[2025-05-18T22:58:39.641+0300][7324][16848][info][gc,stats    ] Pause Final Update Refs (N)         125 us
[2025-05-18T22:58:39.641+0300][7324][16848][info][gc,stats    ]   Update Region States               29 us
[2025-05-18T22:58:39.641+0300][7324][16848][info][gc,stats    ]   Trash Collection Set                6 us
[2025-05-18T22:58:39.641+0300][7324][16848][info][gc,stats    ]   Rebuild Free Set                   14 us
[2025-05-18T22:58:39.641+0300][7324][16848][info][gc,stats    ] Concurrent Cleanup                   77 us
[2025-05-18T22:58:39.641+0300][7324][16848][info][gc,stats    ] 
[2025-05-18T22:58:39.641+0300][7324][16848][info][gc,stats    ] Allocation pacing accrued:
[2025-05-18T22:58:39.641+0300][7324][16848][info][gc,stats    ]       0 of   799 ms (  0.0%): <total>
[2025-05-18T22:58:39.641+0300][7324][16848][info][gc,stats    ]       0 of   799 ms (  0.0%): <average total>
[2025-05-18T22:58:39.641+0300][7324][16848][info][gc,stats    ] 
[2025-05-18T22:58:39.641+0300][7324][16848][info][gc,metaspace] Metaspace: 8518K(9472K)->8518K(9472K) NonClass: 7662K(8256K)->7662K(8256K) Class: 856K(1216K)->856K(1216K)
[2025-05-18T22:58:39.641+0300][7324][16848][info][gc,ergo     ] Pacer for Idle. Initial: 83886K, Alloc Tax Rate: 1.0x
[2025-05-18T22:58:40.666+0300][7324][16848][info][gc          ] Trigger: Average GC time (101.26 ms) is above the time for average allocation rate (2928 MB/s) to deplete free headroom (273M) (margin of error = 1.77)
[2025-05-18T22:58:40.666+0300][7324][16848][info][gc,ergo     ] Free headroom: 478M (free) - 204M (spike) - 0B (penalties) = 273M
[2025-05-18T22:58:40.666+0300][7324][16848][info][gc,ergo     ] Free: 478M, Max: 2048K regular, 476M humongous, Frag: 0% external, 0% internal; Reserve: 206M, Max: 2048K
[2025-05-18T22:58:40.666+0300][7324][16848][info][gc,start    ] GC(8) Concurrent reset
[2025-05-18T22:58:40.666+0300][7324][16848][info][gc,task     ] GC(8) Using 2 of 4 workers for concurrent reset
[2025-05-18T22:58:40.666+0300][7324][16848][info][gc,ergo     ] GC(8) Pacer for Reset. Non-Taxable: 4096M
[2025-05-18T22:58:40.667+0300][7324][16848][info][gc          ] GC(8) Concurrent reset 1.709ms
[2025-05-18T22:58:40.668+0300][7324][8028 ][info][gc,start    ] GC(8) Pause Init Mark (unload classes)
[2025-05-18T22:58:40.668+0300][7324][8028 ][info][gc,task     ] GC(8) Using 4 of 4 workers for init marking
[2025-05-18T22:58:40.668+0300][7324][8028 ][info][gc,ergo     ] GC(8) Pacer for Mark. Expected Live: 10570K, Free: 476M, Non-Taxable: 48769K, Alloc Tax Rate: 0.0x
[2025-05-18T22:58:40.668+0300][7324][8028 ][info][gc          ] GC(8) Pause Init Mark (unload classes) 0.150ms
[2025-05-18T22:58:40.668+0300][7324][16848][info][gc,start    ] GC(8) Concurrent marking roots
[2025-05-18T22:58:40.668+0300][7324][16848][info][gc,task     ] GC(8) Using 2 of 4 workers for concurrent marking roots
[2025-05-18T22:58:40.668+0300][7324][16848][info][gc          ] GC(8) Concurrent marking roots 0.216ms
[2025-05-18T22:58:40.668+0300][7324][16848][info][gc,start    ] GC(8) Concurrent marking (unload classes)
[2025-05-18T22:58:40.668+0300][7324][16848][info][gc,task     ] GC(8) Using 2 of 4 workers for concurrent marking
[2025-05-18T22:58:40.682+0300][7324][16848][info][gc          ] GC(8) Concurrent marking (unload classes) 13.491ms
[2025-05-18T22:58:40.682+0300][7324][8028 ][info][gc,start    ] GC(8) Pause Final Mark (unload classes)
[2025-05-18T22:58:40.682+0300][7324][8028 ][info][gc,task     ] GC(8) Using 4 of 4 workers for final marking
[2025-05-18T22:58:40.682+0300][7324][8028 ][info][gc,ergo     ] GC(8) Adaptive CSet Selection. Target Free: 580M, Actual Free: 3408M, Max CSet: 170M, Min Garbage: 0B
[2025-05-18T22:58:40.682+0300][7324][8028 ][info][gc,ergo     ] GC(8) Collectable Garbage: 3396M (99%), Immediate: 2768M (81%), CSet: 628M (18%)
[2025-05-18T22:58:40.682+0300][7324][8028 ][info][gc,ergo     ] GC(8) Pacer for Evacuation. Used CSet: 629M, Free: 3203M, Non-Taxable: 320M, Alloc Tax Rate: 1.1x
[2025-05-18T22:58:40.682+0300][7324][8028 ][info][gc          ] GC(8) Pause Final Mark (unload classes) 0.303ms
[2025-05-18T22:58:40.682+0300][7324][16848][info][gc,start    ] GC(8) Concurrent thread roots
[2025-05-18T22:58:40.682+0300][7324][16848][info][gc,task     ] GC(8) Using 2 of 4 workers for Concurrent thread roots
[2025-05-18T22:58:40.682+0300][7324][16848][info][gc          ] GC(8) Concurrent thread roots 0.243ms
[2025-05-18T22:58:40.682+0300][7324][16848][info][gc,start    ] GC(8) Concurrent weak references
[2025-05-18T22:58:40.682+0300][7324][16848][info][gc,task     ] GC(8) Using 2 of 4 workers for concurrent weak references
[2025-05-18T22:58:40.683+0300][7324][16848][info][gc,ref      ] GC(8) Encountered references: Soft: 301, Weak: 1287, Final: 3, Phantom: 50
[2025-05-18T22:58:40.683+0300][7324][16848][info][gc,ref      ] GC(8) Discovered  references: Soft: 0, Weak: 865, Final: 1, Phantom: 40
[2025-05-18T22:58:40.683+0300][7324][16848][info][gc,ref      ] GC(8) Enqueued    references: Soft: 0, Weak: 606, Final: 0, Phantom: 0
[2025-05-18T22:58:40.683+0300][7324][16848][info][gc          ] GC(8) Concurrent weak references 0.355ms
[2025-05-18T22:58:40.683+0300][7324][16848][info][gc,start    ] GC(8) Concurrent weak roots
[2025-05-18T22:58:40.683+0300][7324][16848][info][gc,task     ] GC(8) Using 2 of 4 workers for concurrent weak root
[2025-05-18T22:58:40.685+0300][7324][16848][info][gc          ] GC(8) Concurrent weak roots 2.019ms
[2025-05-18T22:58:40.685+0300][7324][16848][info][gc,start    ] GC(8) Concurrent cleanup
[2025-05-18T22:58:40.685+0300][7324][16848][info][gc          ] GC(8) Concurrent cleanup 3464M->696M(4096M) 0.159ms
[2025-05-18T22:58:40.685+0300][7324][16848][info][gc,ergo     ] GC(8) Free: 3187M, Max: 2048K regular, 418M humongous, Frag: 87% external, 0% internal; Reserve: 204M, Max: 2048K
[2025-05-18T22:58:40.685+0300][7324][16848][info][gc,start    ] GC(8) Concurrent class unloading
[2025-05-18T22:58:40.685+0300][7324][16848][info][gc,task     ] GC(8) Using 2 of 4 workers for concurrent class unloading
[2025-05-18T22:58:40.688+0300][7324][16848][info][gc          ] GC(8) Concurrent class unloading 3.133ms
[2025-05-18T22:58:40.688+0300][7324][16848][info][gc,start    ] GC(8) Concurrent strong roots
[2025-05-18T22:58:40.688+0300][7324][16848][info][gc,task     ] GC(8) Using 2 of 4 workers for concurrent strong root
[2025-05-18T22:58:40.689+0300][7324][16848][info][gc          ] GC(8) Concurrent strong roots 0.239ms
[2025-05-18T22:58:40.689+0300][7324][16848][info][gc,start    ] GC(8) Concurrent evacuation
[2025-05-18T22:58:40.689+0300][7324][16848][info][gc,task     ] GC(8) Using 2 of 4 workers for concurrent evacuation
[2025-05-18T22:58:40.694+0300][7324][16848][info][gc          ] GC(8) Concurrent evacuation 4.987ms
[2025-05-18T22:58:40.694+0300][7324][8028 ][info][gc,start    ] GC(8) Pause Init Update Refs
[2025-05-18T22:58:40.694+0300][7324][8028 ][info][gc,ergo     ] GC(8) Pacer for Update Refs. Used: 709M, Free: 3175M, Non-Taxable: 317M, Alloc Tax Rate: 1.1x
[2025-05-18T22:58:40.694+0300][7324][8028 ][info][gc          ] GC(8) Pause Init Update Refs 0.079ms
[2025-05-18T22:58:40.694+0300][7324][16848][info][gc,start    ] GC(8) Concurrent update references
[2025-05-18T22:58:40.694+0300][7324][16848][info][gc,task     ] GC(8) Using 2 of 4 workers for concurrent reference update
[2025-05-18T22:58:40.704+0300][7324][16848][info][gc          ] GC(8) Concurrent update references 10.075ms
[2025-05-18T22:58:40.704+0300][7324][16848][info][gc,start    ] GC(8) Concurrent update thread roots
[2025-05-18T22:58:40.714+0300][7324][16848][info][gc          ] GC(8) Concurrent update thread roots 9.674ms
[2025-05-18T22:58:40.714+0300][7324][8028 ][info][gc,start    ] GC(8) Pause Final Update Refs
[2025-05-18T22:58:40.714+0300][7324][8028 ][info][gc,task     ] GC(8) Using 4 of 4 workers for final reference update
[2025-05-18T22:58:40.714+0300][7324][8028 ][info][gc          ] GC(8) Pause Final Update Refs 0.179ms
[2025-05-18T22:58:40.714+0300][7324][16848][info][gc,start    ] GC(8) Concurrent cleanup
[2025-05-18T22:58:40.714+0300][7324][16848][info][gc          ] GC(8) Concurrent cleanup 751M->121M(4096M) 0.100ms
[2025-05-18T22:58:40.714+0300][7324][16848][info][gc,ergo     ] Free: 3762M, Max: 2048K regular, 3332M humongous, Frag: 12% external, 0% internal; Reserve: 206M, Max: 2048K
[2025-05-18T22:58:40.714+0300][7324][16848][info][gc,stats    ] 
[2025-05-18T22:58:40.714+0300][7324][16848][info][gc,stats    ] All times are wall-clock times, except per-root-class counters, that are sum over
[2025-05-18T22:58:40.714+0300][7324][16848][info][gc,stats    ] all workers. Dividing the <total> over the root stage time estimates parallelism.
[2025-05-18T22:58:40.714+0300][7324][16848][info][gc,stats    ] 
[2025-05-18T22:58:40.714+0300][7324][16848][info][gc,stats    ] Concurrent Reset                   1759 us
[2025-05-18T22:58:40.714+0300][7324][16848][info][gc,stats    ] Pause Init Mark (G)                 305 us
[2025-05-18T22:58:40.714+0300][7324][16848][info][gc,stats    ] Pause Init Mark (N)                 172 us
[2025-05-18T22:58:40.714+0300][7324][16848][info][gc,stats    ]   Update Region States               30 us
[2025-05-18T22:58:40.714+0300][7324][16848][info][gc,stats    ] Concurrent Mark Roots               245 us, parallelism: 0.80x
[2025-05-18T22:58:40.714+0300][7324][16848][info][gc,stats    ]   CMR: <total>                      197 us
[2025-05-18T22:58:40.714+0300][7324][16848][info][gc,stats    ]   CMR: Thread Roots                 103 us, workers (us):  97,   5, ---, ---, 
[2025-05-18T22:58:40.714+0300][7324][16848][info][gc,stats    ]   CMR: VM Strong Roots               10 us, workers (us):   5,   5, ---, ---, 
[2025-05-18T22:58:40.714+0300][7324][16848][info][gc,stats    ]   CMR: CLDG Roots                    84 us, workers (us): ---,  84, ---, ---, 
[2025-05-18T22:58:40.715+0300][7324][16848][info][gc,stats    ] Concurrent Marking                13572 us
[2025-05-18T22:58:40.715+0300][7324][16848][info][gc,stats    ] Pause Final Mark (G)                458 us
[2025-05-18T22:58:40.715+0300][7324][16848][info][gc,stats    ] Pause Final Mark (N)                322 us
[2025-05-18T22:58:40.715+0300][7324][16848][info][gc,stats    ]   Finish Mark                        68 us
[2025-05-18T22:58:40.715+0300][7324][16848][info][gc,stats    ]   Update Region States               28 us
[2025-05-18T22:58:40.715+0300][7324][16848][info][gc,stats    ]   Choose Collection Set              77 us
[2025-05-18T22:58:40.715+0300][7324][16848][info][gc,stats    ]   Rebuild Free Set                   18 us
[2025-05-18T22:58:40.715+0300][7324][16848][info][gc,stats    ] Concurrent Thread Roots             297 us, parallelism: 0.97x
[2025-05-18T22:58:40.715+0300][7324][16848][info][gc,stats    ]   CTR: <total>                      288 us
[2025-05-18T22:58:40.715+0300][7324][16848][info][gc,stats    ]   CTR: Thread Roots                 288 us, workers (us): 149, 139, ---, ---, 
[2025-05-18T22:58:40.715+0300][7324][16848][info][gc,stats    ] Concurrent Weak References          381 us, parallelism: 0.59x
[2025-05-18T22:58:40.715+0300][7324][16848][info][gc,stats    ]   CWRF: <total>                     225 us
[2025-05-18T22:58:40.715+0300][7324][16848][info][gc,stats    ]   CWRF: Weak References             225 us, workers (us):  36, 190, ---, ---, 
[2025-05-18T22:58:40.715+0300][7324][16848][info][gc,stats    ] Concurrent Weak Roots              2066 us
[2025-05-18T22:58:40.715+0300][7324][16848][info][gc,stats    ]   Roots                             799 us, parallelism: 1.82x
[2025-05-18T22:58:40.715+0300][7324][16848][info][gc,stats    ]     CWR: <total>                   1454 us
[2025-05-18T22:58:40.715+0300][7324][16848][info][gc,stats    ]     CWR: Code Cache Roots          1044 us, workers (us): 544, 500, ---, ---, 
[2025-05-18T22:58:40.715+0300][7324][16848][info][gc,stats    ]     CWR: VM Weak Roots              399 us, workers (us): 193, 205, ---, ---, 
[2025-05-18T22:58:40.715+0300][7324][16848][info][gc,stats    ]     CWR: CLDG Roots                  12 us, workers (us):  12, ---, ---, ---, 
[2025-05-18T22:58:40.715+0300][7324][16848][info][gc,stats    ]   Rendezvous                       1169 us
[2025-05-18T22:58:40.715+0300][7324][16848][info][gc,stats    ] Concurrent Cleanup                  184 us
[2025-05-18T22:58:40.715+0300][7324][16848][info][gc,stats    ] Concurrent Class Unloading         3187 us
[2025-05-18T22:58:40.715+0300][7324][16848][info][gc,stats    ]   Unlink Stale                     2219 us
[2025-05-18T22:58:40.715+0300][7324][16848][info][gc,stats    ]     System Dictionary                13 us
[2025-05-18T22:58:40.715+0300][7324][16848][info][gc,stats    ]     Weak Class Links                  1 us
[2025-05-18T22:58:40.715+0300][7324][16848][info][gc,stats    ]     Code Roots                     2204 us
[2025-05-18T22:58:40.715+0300][7324][16848][info][gc,stats    ]   Rendezvous                        743 us
[2025-05-18T22:58:40.715+0300][7324][16848][info][gc,stats    ]   Purge Unlinked                    122 us
[2025-05-18T22:58:40.715+0300][7324][16848][info][gc,stats    ]     Code Roots                      109 us
[2025-05-18T22:58:40.715+0300][7324][16848][info][gc,stats    ]     CLDG                             13 us
[2025-05-18T22:58:40.715+0300][7324][16848][info][gc,stats    ]     Exception Caches                  0 us
[2025-05-18T22:58:40.715+0300][7324][16848][info][gc,stats    ] Concurrent Strong Roots             271 us, parallelism: 0.57x
[2025-05-18T22:58:40.715+0300][7324][16848][info][gc,stats    ]   CSR: <total>                      154 us
[2025-05-18T22:58:40.715+0300][7324][16848][info][gc,stats    ]   CSR: VM Strong Roots               10 us, workers (us):   6,   4, ---, ---, 
[2025-05-18T22:58:40.715+0300][7324][16848][info][gc,stats    ]   CSR: CLDG Roots                   144 us, workers (us): ---, 144, ---, ---, 
[2025-05-18T22:58:40.715+0300][7324][16848][info][gc,stats    ] Concurrent Evacuation              5038 us
[2025-05-18T22:58:40.715+0300][7324][16848][info][gc,stats    ] Pause Init Update Refs (G)          190 us
[2025-05-18T22:58:40.715+0300][7324][16848][info][gc,stats    ] Pause Init Update Refs (N)           95 us
[2025-05-18T22:58:40.715+0300][7324][16848][info][gc,stats    ]   Manage GCLABs                       4 us
[2025-05-18T22:58:40.715+0300][7324][16848][info][gc,stats    ] Concurrent Update Refs            10138 us
[2025-05-18T22:58:40.715+0300][7324][16848][info][gc,stats    ] Concurrent Update Thread Roots     9733 us
[2025-05-18T22:58:40.715+0300][7324][16848][info][gc,stats    ] Pause Final Update Refs (G)         371 us
[2025-05-18T22:58:40.715+0300][7324][16848][info][gc,stats    ] Pause Final Update Refs (N)         217 us
[2025-05-18T22:58:40.715+0300][7324][16848][info][gc,stats    ]   Update Region States               55 us
[2025-05-18T22:58:40.716+0300][7324][16848][info][gc,stats    ]   Trash Collection Set               12 us
[2025-05-18T22:58:40.716+0300][7324][16848][info][gc,stats    ]   Rebuild Free Set                   26 us
[2025-05-18T22:58:40.716+0300][7324][16848][info][gc,stats    ] Concurrent Cleanup                  133 us
[2025-05-18T22:58:40.716+0300][7324][16848][info][gc,stats    ] 
[2025-05-18T22:58:40.716+0300][7324][16848][info][gc,stats    ] Allocation pacing accrued:
[2025-05-18T22:58:40.716+0300][7324][16848][info][gc,stats    ]       0 of  1075 ms (  0.0%): <total>
[2025-05-18T22:58:40.716+0300][7324][16848][info][gc,stats    ]       0 of  1075 ms (  0.0%): <average total>
[2025-05-18T22:58:40.716+0300][7324][16848][info][gc,stats    ] 
[2025-05-18T22:58:40.716+0300][7324][16848][info][gc,metaspace] Metaspace: 8522K(9472K)->8522K(9472K) NonClass: 7666K(8256K)->7666K(8256K) Class: 856K(1216K)->856K(1216K)
[2025-05-18T22:58:40.716+0300][7324][16848][info][gc,ergo     ] Pacer for Idle. Initial: 83886K, Alloc Tax Rate: 1.0x
[2025-05-18T22:58:41.960+0300][7324][16848][info][gc          ] Trigger: Average GC time (88.21 ms) is above the time for average allocation rate (2801 MB/s) to deplete free headroom (215M) (margin of error = 1.77)
[2025-05-18T22:58:41.960+0300][7324][16848][info][gc,ergo     ] Free headroom: 420M (free) - 204M (spike) - 0B (penalties) = 215M
[2025-05-18T22:58:41.960+0300][7324][16848][info][gc,ergo     ] Free: 420M, Max: 2048K regular, 418M humongous, Frag: 0% external, 0% internal; Reserve: 206M, Max: 2048K
[2025-05-18T22:58:41.960+0300][7324][16848][info][gc,start    ] GC(9) Concurrent reset
[2025-05-18T22:58:41.960+0300][7324][16848][info][gc,task     ] GC(9) Using 2 of 4 workers for concurrent reset
[2025-05-18T22:58:41.960+0300][7324][16848][info][gc,ergo     ] GC(9) Pacer for Reset. Non-Taxable: 4096M
[2025-05-18T22:58:41.962+0300][7324][16848][info][gc          ] GC(9) Concurrent reset 1.873ms
[2025-05-18T22:58:41.962+0300][7324][8028 ][info][gc,start    ] GC(9) Pause Init Mark (unload classes)
[2025-05-18T22:58:41.962+0300][7324][8028 ][info][gc,task     ] GC(9) Using 4 of 4 workers for init marking
[2025-05-18T22:58:41.962+0300][7324][8028 ][info][gc,ergo     ] GC(9) Pacer for Mark. Expected Live: 10574K, Free: 418M, Non-Taxable: 42825K, Alloc Tax Rate: 0.0x
[2025-05-18T22:58:41.962+0300][7324][8028 ][info][gc          ] GC(9) Pause Init Mark (unload classes) 0.141ms
[2025-05-18T22:58:41.962+0300][7324][16848][info][gc,start    ] GC(9) Concurrent marking roots
[2025-05-18T22:58:41.962+0300][7324][16848][info][gc,task     ] GC(9) Using 2 of 4 workers for concurrent marking roots
[2025-05-18T22:58:41.962+0300][7324][16848][info][gc          ] GC(9) Concurrent marking roots 0.215ms
[2025-05-18T22:58:41.962+0300][7324][16848][info][gc,start    ] GC(9) Concurrent marking (unload classes)
[2025-05-18T22:58:41.962+0300][7324][16848][info][gc,task     ] GC(9) Using 2 of 4 workers for concurrent marking
[2025-05-18T22:58:41.975+0300][7324][16848][info][gc          ] GC(9) Concurrent marking (unload classes) 12.781ms
[2025-05-18T22:58:41.975+0300][7324][8028 ][info][gc,start    ] GC(9) Pause Final Mark (unload classes)
[2025-05-18T22:58:41.975+0300][7324][8028 ][info][gc,task     ] GC(9) Using 4 of 4 workers for final marking
[2025-05-18T22:58:41.976+0300][7324][8028 ][info][gc,ergo     ] GC(9) Adaptive CSet Selection. Target Free: 580M, Actual Free: 3400M, Max CSet: 170M, Min Garbage: 0B
[2025-05-18T22:58:41.976+0300][7324][8028 ][info][gc,ergo     ] GC(9) Collectable Garbage: 3454M (99%), Immediate: 2816M (81%), CSet: 638M (18%)
[2025-05-18T22:58:41.976+0300][7324][8028 ][info][gc,ergo     ] GC(9) Pacer for Evacuation. Used CSet: 639M, Free: 3195M, Non-Taxable: 319M, Alloc Tax Rate: 1.1x
[2025-05-18T22:58:41.976+0300][7324][8028 ][info][gc          ] GC(9) Pause Final Mark (unload classes) 0.381ms
[2025-05-18T22:58:41.976+0300][7324][16848][info][gc,start    ] GC(9) Concurrent thread roots
[2025-05-18T22:58:41.976+0300][7324][16848][info][gc,task     ] GC(9) Using 2 of 4 workers for Concurrent thread roots
[2025-05-18T22:58:41.976+0300][7324][16848][info][gc          ] GC(9) Concurrent thread roots 0.257ms
[2025-05-18T22:58:41.976+0300][7324][16848][info][gc,start    ] GC(9) Concurrent weak references
[2025-05-18T22:58:41.976+0300][7324][16848][info][gc,task     ] GC(9) Using 2 of 4 workers for concurrent weak references
[2025-05-18T22:58:41.978+0300][7324][16848][info][gc,ref      ] GC(9) Encountered references: Soft: 301, Weak: 1294, Final: 3, Phantom: 49
[2025-05-18T22:58:41.978+0300][7324][16848][info][gc,ref      ] GC(9) Discovered  references: Soft: 0, Weak: 803, Final: 1, Phantom: 36
[2025-05-18T22:58:41.978+0300][7324][16848][info][gc,ref      ] GC(9) Enqueued    references: Soft: 0, Weak: 616, Final: 0, Phantom: 0
[2025-05-18T22:58:41.978+0300][7324][16848][info][gc          ] GC(9) Concurrent weak references 1.882ms
[2025-05-18T22:58:41.978+0300][7324][16848][info][gc,start    ] GC(9) Concurrent weak roots
[2025-05-18T22:58:41.978+0300][7324][16848][info][gc,task     ] GC(9) Using 2 of 4 workers for concurrent weak root
[2025-05-18T22:58:42.023+0300][7324][16848][info][gc          ] GC(9) Concurrent weak roots 44.626ms
[2025-05-18T22:58:42.023+0300][7324][16848][info][gc,start    ] GC(9) Concurrent cleanup
[2025-05-18T22:58:42.023+0300][7324][16848][info][gc          ] GC(9) Concurrent cleanup 3596M->780M(4096M) 0.167ms
[2025-05-18T22:58:42.023+0300][7324][16848][info][gc,ergo     ] GC(9) Free: 3103M, Max: 2048K regular, 286M humongous, Frag: 91% external, 0% internal; Reserve: 204M, Max: 2048K
[2025-05-18T22:58:42.023+0300][7324][16848][info][gc,start    ] GC(9) Concurrent class unloading
[2025-05-18T22:58:42.023+0300][7324][16848][info][gc,task     ] GC(9) Using 2 of 4 workers for concurrent class unloading
[2025-05-18T22:58:42.026+0300][7324][16848][info][gc          ] GC(9) Concurrent class unloading 2.945ms
[2025-05-18T22:58:42.026+0300][7324][16848][info][gc,start    ] GC(9) Concurrent strong roots
[2025-05-18T22:58:42.026+0300][7324][16848][info][gc,task     ] GC(9) Using 2 of 4 workers for concurrent strong root
[2025-05-18T22:58:42.026+0300][7324][16848][info][gc          ] GC(9) Concurrent strong roots 0.268ms
[2025-05-18T22:58:42.026+0300][7324][16848][info][gc,start    ] GC(9) Concurrent evacuation
[2025-05-18T22:58:42.026+0300][7324][16848][info][gc,task     ] GC(9) Using 2 of 4 workers for concurrent evacuation
[2025-05-18T22:58:42.030+0300][7324][16848][info][gc          ] GC(9) Concurrent evacuation 3.710ms
[2025-05-18T22:58:42.030+0300][7324][8028 ][info][gc,start    ] GC(9) Pause Init Update Refs
[2025-05-18T22:58:42.030+0300][7324][8028 ][info][gc,ergo     ] GC(9) Pacer for Update Refs. Used: 793M, Free: 3091M, Non-Taxable: 309M, Alloc Tax Rate: 1.1x
[2025-05-18T22:58:42.030+0300][7324][8028 ][info][gc          ] GC(9) Pause Init Update Refs 0.084ms
[2025-05-18T22:58:42.030+0300][7324][16848][info][gc,start    ] GC(9) Concurrent update references
[2025-05-18T22:58:42.030+0300][7324][16848][info][gc,task     ] GC(9) Using 2 of 4 workers for concurrent reference update
[2025-05-18T22:58:42.040+0300][7324][16848][info][gc          ] GC(9) Concurrent update references 9.633ms
[2025-05-18T22:58:42.040+0300][7324][16848][info][gc,start    ] GC(9) Concurrent update thread roots
[2025-05-18T22:58:42.044+0300][7324][16848][info][gc          ] GC(9) Concurrent update thread roots 4.122ms
[2025-05-18T22:58:42.044+0300][7324][8028 ][info][gc,start    ] GC(9) Pause Final Update Refs
[2025-05-18T22:58:42.044+0300][7324][8028 ][info][gc,task     ] GC(9) Using 4 of 4 workers for final reference update
[2025-05-18T22:58:42.044+0300][7324][8028 ][info][gc          ] GC(9) Pause Final Update Refs 0.159ms
[2025-05-18T22:58:42.044+0300][7324][16848][info][gc,start    ] GC(9) Concurrent cleanup
[2025-05-18T22:58:42.044+0300][7324][16848][info][gc          ] GC(9) Concurrent cleanup 825M->185M(4096M) 0.099ms
[2025-05-18T22:58:42.044+0300][7324][16848][info][gc,ergo     ] Free: 3698M, Max: 2048K regular, 3400M humongous, Frag: 9% external, 0% internal; Reserve: 206M, Max: 2048K
[2025-05-18T22:58:42.044+0300][7324][16848][info][gc,stats    ] 
[2025-05-18T22:58:42.044+0300][7324][16848][info][gc,stats    ] All times are wall-clock times, except per-root-class counters, that are sum over
[2025-05-18T22:58:42.044+0300][7324][16848][info][gc,stats    ] all workers. Dividing the <total> over the root stage time estimates parallelism.
[2025-05-18T22:58:42.044+0300][7324][16848][info][gc,stats    ] 
[2025-05-18T22:58:42.044+0300][7324][16848][info][gc,stats    ] Concurrent Reset                   1930 us
[2025-05-18T22:58:42.044+0300][7324][16848][info][gc,stats    ] Pause Init Mark (G)                 375 us
[2025-05-18T22:58:42.044+0300][7324][16848][info][gc,stats    ] Pause Init Mark (N)                 176 us
[2025-05-18T22:58:42.044+0300][7324][16848][info][gc,stats    ]   Update Region States               25 us
[2025-05-18T22:58:42.044+0300][7324][16848][info][gc,stats    ] Concurrent Mark Roots               245 us, parallelism: 0.81x
[2025-05-18T22:58:42.044+0300][7324][16848][info][gc,stats    ]   CMR: <total>                      198 us
[2025-05-18T22:58:42.045+0300][7324][16848][info][gc,stats    ]   CMR: Thread Roots                 103 us, workers (us):  97,   6, ---, ---, 
[2025-05-18T22:58:42.045+0300][7324][16848][info][gc,stats    ]   CMR: VM Strong Roots               10 us, workers (us):   5,   5, ---, ---, 
[2025-05-18T22:58:42.045+0300][7324][16848][info][gc,stats    ]   CMR: CLDG Roots                    85 us, workers (us): ---,  85, ---, ---, 
[2025-05-18T22:58:42.045+0300][7324][16848][info][gc,stats    ] Concurrent Marking                12850 us
[2025-05-18T22:58:42.045+0300][7324][16848][info][gc,stats    ] Pause Final Mark (G)                627 us
[2025-05-18T22:58:42.045+0300][7324][16848][info][gc,stats    ] Pause Final Mark (N)                398 us
[2025-05-18T22:58:42.045+0300][7324][16848][info][gc,stats    ]   Finish Mark                        83 us
[2025-05-18T22:58:42.045+0300][7324][16848][info][gc,stats    ]   Update Region States               34 us
[2025-05-18T22:58:42.045+0300][7324][16848][info][gc,stats    ]   Choose Collection Set             118 us
[2025-05-18T22:58:42.045+0300][7324][16848][info][gc,stats    ]   Rebuild Free Set                   23 us
[2025-05-18T22:58:42.045+0300][7324][16848][info][gc,stats    ] Concurrent Thread Roots             293 us, parallelism: 0.73x
[2025-05-18T22:58:42.045+0300][7324][16848][info][gc,stats    ]   CTR: <total>                      213 us
[2025-05-18T22:58:42.045+0300][7324][16848][info][gc,stats    ]   CTR: Thread Roots                 213 us, workers (us): 146,  68, ---, ---, 
[2025-05-18T22:58:42.045+0300][7324][16848][info][gc,stats    ] Concurrent Weak References         1911 us, parallelism: 1.74x
[2025-05-18T22:58:42.045+0300][7324][16848][info][gc,stats    ]   CWRF: <total>                    3326 us
[2025-05-18T22:58:42.045+0300][7324][16848][info][gc,stats    ]   CWRF: Weak References            3326 us, workers (us): 1683, 1644, ---, ---, 
[2025-05-18T22:58:42.045+0300][7324][16848][info][gc,stats    ] Concurrent Weak Roots             44701 us
[2025-05-18T22:58:42.045+0300][7324][16848][info][gc,stats    ]   Roots                             828 us, parallelism: 1.77x
[2025-05-18T22:58:42.045+0300][7324][16848][info][gc,stats    ]     CWR: <total>                   1468 us
[2025-05-18T22:58:42.045+0300][7324][16848][info][gc,stats    ]     CWR: Code Cache Roots          1060 us, workers (us): 563, 498, ---, ---, 
[2025-05-18T22:58:42.045+0300][7324][16848][info][gc,stats    ]     CWR: VM Weak Roots              393 us, workers (us): 191, 203, ---, ---, 
[2025-05-18T22:58:42.045+0300][7324][16848][info][gc,stats    ]     CWR: CLDG Roots                  14 us, workers (us):  14, ---, ---, ---, 
[2025-05-18T22:58:42.045+0300][7324][16848][info][gc,stats    ]   Rendezvous                      43743 us
[2025-05-18T22:58:42.045+0300][7324][16848][info][gc,stats    ] Concurrent Cleanup                  202 us
[2025-05-18T22:58:42.045+0300][7324][16848][info][gc,stats    ] Concurrent Class Unloading         3006 us
[2025-05-18T22:58:42.045+0300][7324][16848][info][gc,stats    ]   Unlink Stale                     2454 us
[2025-05-18T22:58:42.045+0300][7324][16848][info][gc,stats    ]     System Dictionary                25 us
[2025-05-18T22:58:42.045+0300][7324][16848][info][gc,stats    ]     Weak Class Links                  0 us
[2025-05-18T22:58:42.045+0300][7324][16848][info][gc,stats    ]     Code Roots                     2426 us
[2025-05-18T22:58:42.045+0300][7324][16848][info][gc,stats    ]   Rendezvous                        343 us
[2025-05-18T22:58:42.045+0300][7324][16848][info][gc,stats    ]   Purge Unlinked                     94 us
[2025-05-18T22:58:42.045+0300][7324][16848][info][gc,stats    ]     Code Roots                       83 us
[2025-05-18T22:58:42.045+0300][7324][16848][info][gc,stats    ]     CLDG                             10 us
[2025-05-18T22:58:42.045+0300][7324][16848][info][gc,stats    ]     Exception Caches                  0 us
[2025-05-18T22:58:42.045+0300][7324][16848][info][gc,stats    ] Concurrent Strong Roots             318 us, parallelism: 0.53x
[2025-05-18T22:58:42.045+0300][7324][16848][info][gc,stats    ]   CSR: <total>                      168 us
[2025-05-18T22:58:42.045+0300][7324][16848][info][gc,stats    ]   CSR: VM Strong Roots               10 us, workers (us):   5,   5, ---, ---, 
[2025-05-18T22:58:42.045+0300][7324][16848][info][gc,stats    ]   CSR: CLDG Roots                   158 us, workers (us): 158, ---, ---, ---, 
[2025-05-18T22:58:42.045+0300][7324][16848][info][gc,stats    ] Concurrent Evacuation              3771 us
[2025-05-18T22:58:42.045+0300][7324][16848][info][gc,stats    ] Pause Init Update Refs (G)          243 us
[2025-05-18T22:58:42.045+0300][7324][16848][info][gc,stats    ] Pause Init Update Refs (N)          102 us
[2025-05-18T22:58:42.045+0300][7324][16848][info][gc,stats    ]   Manage GCLABs                       6 us
[2025-05-18T22:58:42.045+0300][7324][16848][info][gc,stats    ] Concurrent Update Refs             9699 us
[2025-05-18T22:58:42.045+0300][7324][16848][info][gc,stats    ] Concurrent Update Thread Roots     4179 us
[2025-05-18T22:58:42.045+0300][7324][16848][info][gc,stats    ] Pause Final Update Refs (G)         319 us
[2025-05-18T22:58:42.045+0300][7324][16848][info][gc,stats    ] Pause Final Update Refs (N)         187 us
[2025-05-18T22:58:42.046+0300][7324][16848][info][gc,stats    ]   Update Region States               43 us
[2025-05-18T22:58:42.046+0300][7324][16848][info][gc,stats    ]   Trash Collection Set               12 us
[2025-05-18T22:58:42.046+0300][7324][16848][info][gc,stats    ]   Rebuild Free Set                   27 us
[2025-05-18T22:58:42.046+0300][7324][16848][info][gc,stats    ] Concurrent Cleanup                  129 us
[2025-05-18T22:58:42.046+0300][7324][16848][info][gc,stats    ] 
[2025-05-18T22:58:42.046+0300][7324][16848][info][gc,stats    ] Allocation pacing accrued:
[2025-05-18T22:58:42.046+0300][7324][16848][info][gc,stats    ]       0 of  1330 ms (  0.0%): <total>
[2025-05-18T22:58:42.046+0300][7324][16848][info][gc,stats    ]       0 of  1330 ms (  0.0%): <average total>
[2025-05-18T22:58:42.046+0300][7324][16848][info][gc,stats    ] 
[2025-05-18T22:58:42.046+0300][7324][16848][info][gc,metaspace] Metaspace: 8524K(9472K)->8524K(9472K) NonClass: 7667K(8256K)->7667K(8256K) Class: 856K(1216K)->856K(1216K)
[2025-05-18T22:58:42.046+0300][7324][16848][info][gc,ergo     ] Pacer for Idle. Initial: 83886K, Alloc Tax Rate: 1.0x
[2025-05-18T22:58:43.795+0300][7324][16848][info][gc          ] Trigger: Explicit GC request (System.gc())
[2025-05-18T22:58:43.795+0300][7324][16848][info][gc,ergo     ] Free: 668M, Max: 2048K regular, 380M humongous, Frag: 43% external, 0% internal; Reserve: 206M, Max: 2048K
[2025-05-18T22:58:43.795+0300][7324][16848][info][gc,start    ] GC(10) Concurrent reset
[2025-05-18T22:58:43.795+0300][7324][16848][info][gc,task     ] GC(10) Using 2 of 4 workers for concurrent reset
[2025-05-18T22:58:43.795+0300][7324][16848][info][gc,ergo     ] GC(10) Pacer for Reset. Non-Taxable: 4096M
[2025-05-18T22:58:43.796+0300][7324][16848][info][gc          ] GC(10) Concurrent reset 0.971ms
[2025-05-18T22:58:43.796+0300][7324][8028 ][info][gc,start    ] GC(10) Pause Init Mark (unload classes)
[2025-05-18T22:58:43.796+0300][7324][8028 ][info][gc,task     ] GC(10) Using 4 of 4 workers for init marking
[2025-05-18T22:58:43.796+0300][7324][8028 ][info][gc,ref      ] GC(10) Clearing All SoftReferences
[2025-05-18T22:58:43.796+0300][7324][8028 ][info][gc,ergo     ] GC(10) Pacer for Mark. Expected Live: 10568K, Free: 668M, Non-Taxable: 68465K, Alloc Tax Rate: 0.0x
[2025-05-18T22:58:43.796+0300][7324][8028 ][info][gc          ] GC(10) Pause Init Mark (unload classes) 0.090ms
[2025-05-18T22:58:43.796+0300][7324][16848][info][gc,start    ] GC(10) Concurrent marking roots
[2025-05-18T22:58:43.796+0300][7324][16848][info][gc,task     ] GC(10) Using 2 of 4 workers for concurrent marking roots
[2025-05-18T22:58:43.796+0300][7324][16848][info][gc          ] GC(10) Concurrent marking roots 0.236ms
[2025-05-18T22:58:43.796+0300][7324][16848][info][gc,start    ] GC(10) Concurrent marking (unload classes)
[2025-05-18T22:58:43.796+0300][7324][16848][info][gc,task     ] GC(10) Using 2 of 4 workers for concurrent marking
[2025-05-18T22:58:43.798+0300][7324][16848][info][gc          ] GC(10) Concurrent marking (unload classes) 2.156ms
[2025-05-18T22:58:43.798+0300][7324][8028 ][info][gc,start    ] GC(10) Pause Final Mark (unload classes)
[2025-05-18T22:58:43.798+0300][7324][8028 ][info][gc,task     ] GC(10) Using 4 of 4 workers for final marking
[2025-05-18T22:58:43.799+0300][7324][8028 ][info][gc,ergo     ] GC(10) Collectable Garbage: 3192M (99%), Immediate: 3192M (99%), CSet: 0B (0%)
[2025-05-18T22:58:43.799+0300][7324][8028 ][info][gc          ] GC(10) Pause Final Mark (unload classes) 0.228ms
[2025-05-18T22:58:43.799+0300][7324][16848][info][gc,start    ] GC(10) Concurrent weak references
[2025-05-18T22:58:43.799+0300][7324][16848][info][gc,task     ] GC(10) Using 2 of 4 workers for concurrent weak references
[2025-05-18T22:58:43.799+0300][7324][16848][info][gc,ref      ] GC(10) Encountered references: Soft: 250, Weak: 687, Final: 3, Phantom: 41
[2025-05-18T22:58:43.799+0300][7324][16848][info][gc,ref      ] GC(10) Discovered  references: Soft: 209, Weak: 75, Final: 1, Phantom: 38
[2025-05-18T22:58:43.799+0300][7324][16848][info][gc,ref      ] GC(10) Enqueued    references: Soft: 98, Weak: 36, Final: 0, Phantom: 15
[2025-05-18T22:58:43.799+0300][7324][16848][info][gc          ] GC(10) Concurrent weak references 0.201ms
[2025-05-18T22:58:43.799+0300][7324][16848][info][gc,start    ] GC(10) Concurrent weak roots
[2025-05-18T22:58:43.799+0300][7324][16848][info][gc,task     ] GC(10) Using 2 of 4 workers for concurrent weak root
[2025-05-18T22:58:43.799+0300][7324][16848][info][gc          ] GC(10) Concurrent weak roots 0.575ms
[2025-05-18T22:58:43.800+0300][7324][16848][info][gc,start    ] GC(10) Concurrent cleanup
[2025-05-18T22:58:43.800+0300][7324][16848][info][gc          ] GC(10) Concurrent cleanup 3209M->17M(4096M) 0.097ms
[2025-05-18T22:58:43.800+0300][7324][16848][info][gc,ergo     ] GC(10) Free: 3866M, Max: 2048K regular, 2750M humongous, Frag: 29% external, 0% internal; Reserve: 206M, Max: 2048K
[2025-05-18T22:58:43.800+0300][7324][16848][info][gc,start    ] GC(10) Concurrent class unloading
[2025-05-18T22:58:43.800+0300][7324][16848][info][gc,task     ] GC(10) Using 2 of 4 workers for concurrent class unloading
[2025-05-18T22:58:43.803+0300][7324][16848][info][gc          ] GC(10) Concurrent class unloading 3.260ms
[2025-05-18T22:58:43.803+0300][7324][8028 ][info][gc,start    ] GC(10) Pause Final Roots
[2025-05-18T22:58:43.803+0300][7324][8028 ][info][gc          ] GC(10) Pause Final Roots 0.024ms
[2025-05-18T22:58:43.803+0300][7324][16848][info][gc,ergo     ] Free: 3866M, Max: 2048K regular, 2750M humongous, Frag: 29% external, 0% internal; Reserve: 206M, Max: 2048K
[2025-05-18T22:58:43.803+0300][7324][16848][info][gc,stats    ] 
[2025-05-18T22:58:43.803+0300][7324][16848][info][gc,stats    ] All times are wall-clock times, except per-root-class counters, that are sum over
[2025-05-18T22:58:43.803+0300][7324][16848][info][gc,stats    ] all workers. Dividing the <total> over the root stage time estimates parallelism.
[2025-05-18T22:58:43.803+0300][7324][16848][info][gc,stats    ] 
[2025-05-18T22:58:43.803+0300][7324][16848][info][gc,stats    ] Concurrent Reset                   1046 us
[2025-05-18T22:58:43.803+0300][7324][16848][info][gc,stats    ] Pause Init Mark (G)                 207 us
[2025-05-18T22:58:43.803+0300][7324][16848][info][gc,stats    ] Pause Init Mark (N)                 102 us
[2025-05-18T22:58:43.803+0300][7324][16848][info][gc,stats    ]   Update Region States               15 us
[2025-05-18T22:58:43.803+0300][7324][16848][info][gc,stats    ] Concurrent Mark Roots               267 us, parallelism: 0.42x
[2025-05-18T22:58:43.803+0300][7324][16848][info][gc,stats    ]   CMR: <total>                      112 us
[2025-05-18T22:58:43.803+0300][7324][16848][info][gc,stats    ]   CMR: Thread Roots                  53 us, workers (us):  38,  15, ---, ---, 
[2025-05-18T22:58:43.803+0300][7324][16848][info][gc,stats    ]   CMR: VM Strong Roots                5 us, workers (us):   5,   1, ---, ---, 
[2025-05-18T22:58:43.803+0300][7324][16848][info][gc,stats    ]   CMR: CLDG Roots                    53 us, workers (us):  53, ---, ---, ---, 
[2025-05-18T22:58:43.803+0300][7324][16848][info][gc,stats    ] Concurrent Marking                 2189 us
[2025-05-18T22:58:43.803+0300][7324][16848][info][gc,stats    ] Pause Final Mark (G)                313 us
[2025-05-18T22:58:43.803+0300][7324][16848][info][gc,stats    ] Pause Final Mark (N)                240 us
[2025-05-18T22:58:43.803+0300][7324][16848][info][gc,stats    ]   Finish Mark                       138 us
[2025-05-18T22:58:43.803+0300][7324][16848][info][gc,stats    ]   Update Region States               16 us
[2025-05-18T22:58:43.803+0300][7324][16848][info][gc,stats    ]   Choose Collection Set              26 us
[2025-05-18T22:58:43.803+0300][7324][16848][info][gc,stats    ]   Rebuild Free Set                    9 us
[2025-05-18T22:58:43.803+0300][7324][16848][info][gc,stats    ] Concurrent Weak References          215 us, parallelism: 0.10x
[2025-05-18T22:58:43.803+0300][7324][16848][info][gc,stats    ]   CWRF: <total>                      21 us
[2025-05-18T22:58:43.803+0300][7324][16848][info][gc,stats    ]   CWRF: Weak References              21 us, workers (us):  15,   6, ---, ---, 
[2025-05-18T22:58:43.803+0300][7324][16848][info][gc,stats    ] Concurrent Weak Roots               612 us
[2025-05-18T22:58:43.803+0300][7324][16848][info][gc,stats    ]   Roots                             504 us, parallelism: 1.65x
[2025-05-18T22:58:43.804+0300][7324][16848][info][gc,stats    ]     CWR: <total>                    835 us
[2025-05-18T22:58:43.804+0300][7324][16848][info][gc,stats    ]     CWR: Code Cache Roots           711 us, workers (us): 349, 362, ---, ---, 
[2025-05-18T22:58:43.804+0300][7324][16848][info][gc,stats    ]     CWR: VM Weak Roots              118 us, workers (us):  60,  58, ---, ---, 
[2025-05-18T22:58:43.804+0300][7324][16848][info][gc,stats    ]     CWR: CLDG Roots                   5 us, workers (us): ---,   5, ---, ---, 
[2025-05-18T22:58:43.804+0300][7324][16848][info][gc,stats    ]   Rendezvous                         45 us
[2025-05-18T22:58:43.804+0300][7324][16848][info][gc,stats    ] Concurrent Cleanup                  110 us
[2025-05-18T22:58:43.804+0300][7324][16848][info][gc,stats    ] Concurrent Class Unloading         3316 us
[2025-05-18T22:58:43.804+0300][7324][16848][info][gc,stats    ]   Unlink Stale                     2827 us
[2025-05-18T22:58:43.804+0300][7324][16848][info][gc,stats    ]     System Dictionary                95 us
[2025-05-18T22:58:43.804+0300][7324][16848][info][gc,stats    ]     Weak Class Links               1361 us
[2025-05-18T22:58:43.804+0300][7324][16848][info][gc,stats    ]     Code Roots                     1369 us
[2025-05-18T22:58:43.804+0300][7324][16848][info][gc,stats    ]   Rendezvous                         96 us
[2025-05-18T22:58:43.804+0300][7324][16848][info][gc,stats    ]   Purge Unlinked                    311 us
[2025-05-18T22:58:43.804+0300][7324][16848][info][gc,stats    ]     Code Roots                      203 us
[2025-05-18T22:58:43.804+0300][7324][16848][info][gc,stats    ]     CLDG                            108 us
[2025-05-18T22:58:43.804+0300][7324][16848][info][gc,stats    ]     Exception Caches                  0 us
[2025-05-18T22:58:43.804+0300][7324][16848][info][gc,stats    ] Pause Final Roots (G)               156 us
[2025-05-18T22:58:43.804+0300][7324][16848][info][gc,stats    ] Pause Final Roots (N)                36 us
[2025-05-18T22:58:43.804+0300][7324][16848][info][gc,stats    ] 
[2025-05-18T22:58:43.804+0300][7324][16848][info][gc,stats    ] Allocation pacing accrued:
[2025-05-18T22:58:43.804+0300][7324][16848][info][gc,stats    ]       0 of  1758 ms (  0.0%): <total>
[2025-05-18T22:58:43.804+0300][7324][16848][info][gc,stats    ]       0 of  1758 ms (  0.0%): <average total>
[2025-05-18T22:58:43.804+0300][7324][16848][info][gc,stats    ] 
[2025-05-18T22:58:43.804+0300][7324][16848][info][gc,metaspace] Metaspace: 8703K(9664K)->8622K(9664K) NonClass: 7829K(8384K)->7770K(8384K) Class: 874K(1280K)->851K(1280K)
[2025-05-18T22:58:43.804+0300][7324][16848][info][gc,ergo     ] Pacer for Idle. Initial: 83886K, Alloc Tax Rate: 1.0x
[2025-05-18T22:58:44.210+0300][7324][16848][info][gc          ] Trigger: Learning 2 of 5. Free (2842M) is below initial threshold (2867M)
[2025-05-18T22:58:44.210+0300][7324][16848][info][gc,ergo     ] Free: 2842M, Max: 2048K regular, 2032M humongous, Frag: 29% external, 0% internal; Reserve: 206M, Max: 2048K
[2025-05-18T22:58:44.210+0300][7324][16848][info][gc,start    ] GC(11) Concurrent reset
[2025-05-18T22:58:44.210+0300][7324][16848][info][gc,task     ] GC(11) Using 2 of 4 workers for concurrent reset
[2025-05-18T22:58:44.210+0300][7324][16848][info][gc,ergo     ] GC(11) Pacer for Reset. Non-Taxable: 4096M
[2025-05-18T22:58:44.210+0300][7324][16848][info][gc          ] GC(11) Concurrent reset 0.252ms
[2025-05-18T22:58:44.210+0300][7324][8028 ][info][gc,start    ] GC(11) Pause Init Mark (unload classes)
[2025-05-18T22:58:44.210+0300][7324][8028 ][info][gc,task     ] GC(11) Using 4 of 4 workers for init marking
[2025-05-18T22:58:44.210+0300][7324][8028 ][info][gc,ergo     ] GC(11) Pacer for Mark. Expected Live: 10419K, Free: 2840M, Non-Taxable: 284M, Alloc Tax Rate: 0.0x
[2025-05-18T22:58:44.210+0300][7324][8028 ][info][gc          ] GC(11) Pause Init Mark (unload classes) 0.138ms
[2025-05-18T22:58:44.210+0300][7324][16848][info][gc,start    ] GC(11) Concurrent marking roots
[2025-05-18T22:58:44.210+0300][7324][16848][info][gc,task     ] GC(11) Using 2 of 4 workers for concurrent marking roots
[2025-05-18T22:58:44.211+0300][7324][16848][info][gc          ] GC(11) Concurrent marking roots 0.247ms
[2025-05-18T22:58:44.211+0300][7324][16848][info][gc,start    ] GC(11) Concurrent marking (unload classes)
[2025-05-18T22:58:44.211+0300][7324][16848][info][gc,task     ] GC(11) Using 2 of 4 workers for concurrent marking
[2025-05-18T22:58:44.274+0300][7324][16848][info][gc          ] GC(11) Concurrent marking (unload classes) 62.963ms
[2025-05-18T22:58:44.274+0300][7324][8028 ][info][gc,start    ] GC(11) Pause Final Mark (unload classes)
[2025-05-18T22:58:44.274+0300][7324][8028 ][info][gc,task     ] GC(11) Using 4 of 4 workers for final marking
[2025-05-18T22:58:44.274+0300][7324][8028 ][info][gc,ergo     ] GC(11) Adaptive CSet Selection. Target Free: 580M, Actual Free: 3690M, Max CSet: 170M, Min Garbage: 0B
[2025-05-18T22:58:44.274+0300][7324][8028 ][info][gc,ergo     ] GC(11) Collectable Garbage: 1026M (99%), Immediate: 800M (77%), CSet: 226M (22%)
[2025-05-18T22:58:44.274+0300][7324][8028 ][info][gc,ergo     ] GC(11) Pacer for Evacuation. Used CSet: 227M, Free: 3491M, Non-Taxable: 349M, Alloc Tax Rate: 1.1x
[2025-05-18T22:58:44.274+0300][7324][8028 ][info][gc          ] GC(11) Pause Final Mark (unload classes) 0.307ms
[2025-05-18T22:58:44.274+0300][7324][16848][info][gc,start    ] GC(11) Concurrent thread roots
[2025-05-18T22:58:44.274+0300][7324][16848][info][gc,task     ] GC(11) Using 2 of 4 workers for Concurrent thread roots
[2025-05-18T22:58:44.274+0300][7324][16848][info][gc          ] GC(11) Concurrent thread roots 0.203ms
[2025-05-18T22:58:44.274+0300][7324][16848][info][gc,start    ] GC(11) Concurrent weak references
[2025-05-18T22:58:44.274+0300][7324][16848][info][gc,task     ] GC(11) Using 2 of 4 workers for concurrent weak references
[2025-05-18T22:58:44.274+0300][7324][16848][info][gc,ref      ] GC(11) Encountered references: Soft: 152, Weak: 872, Final: 3, Phantom: 50
[2025-05-18T22:58:44.274+0300][7324][16848][info][gc,ref      ] GC(11) Discovered  references: Soft: 0, Weak: 366, Final: 1, Phantom: 35
[2025-05-18T22:58:44.274+0300][7324][16848][info][gc,ref      ] GC(11) Enqueued    references: Soft: 0, Weak: 172, Final: 0, Phantom: 0
[2025-05-18T22:58:44.274+0300][7324][16848][info][gc          ] GC(11) Concurrent weak references 0.215ms
[2025-05-18T22:58:44.274+0300][7324][16848][info][gc,start    ] GC(11) Concurrent weak roots
[2025-05-18T22:58:44.274+0300][7324][16848][info][gc,task     ] GC(11) Using 2 of 4 workers for concurrent weak root
[2025-05-18T22:58:44.321+0300][7324][16848][info][gc          ] GC(11) Concurrent weak roots 46.239ms
[2025-05-18T22:58:44.321+0300][7324][16848][info][gc,start    ] GC(11) Concurrent cleanup
[2025-05-18T22:58:44.321+0300][7324][16848][info][gc          ] GC(11) Concurrent cleanup 1270M->470M(4096M) 0.095ms
[2025-05-18T22:58:44.321+0300][7324][16848][info][gc,ergo     ] GC(11) Free: 3413M, Max: 2048K regular, 1798M humongous, Frag: 48% external, 0% internal; Reserve: 205M, Max: 2048K
[2025-05-18T22:58:44.321+0300][7324][16848][info][gc,start    ] GC(11) Concurrent class unloading
[2025-05-18T22:58:44.321+0300][7324][16848][info][gc,task     ] GC(11) Using 2 of 4 workers for concurrent class unloading
[2025-05-18T22:58:44.333+0300][7324][16848][info][gc          ] GC(11) Concurrent class unloading 11.611ms
[2025-05-18T22:58:44.333+0300][7324][16848][info][gc,start    ] GC(11) Concurrent strong roots
[2025-05-18T22:58:44.333+0300][7324][16848][info][gc,task     ] GC(11) Using 2 of 4 workers for concurrent strong root
[2025-05-18T22:58:44.333+0300][7324][16848][info][gc          ] GC(11) Concurrent strong roots 0.323ms
[2025-05-18T22:58:44.333+0300][7324][16848][info][gc,start    ] GC(11) Concurrent evacuation
[2025-05-18T22:58:44.333+0300][7324][16848][info][gc,task     ] GC(11) Using 2 of 4 workers for concurrent evacuation
[2025-05-18T22:58:44.335+0300][7324][16848][info][gc          ] GC(11) Concurrent evacuation 1.949ms
[2025-05-18T22:58:44.335+0300][7324][8028 ][info][gc,start    ] GC(11) Pause Init Update Refs
[2025-05-18T22:58:44.335+0300][7324][8028 ][info][gc,ergo     ] GC(11) Pacer for Update Refs. Used: 493M, Free: 3391M, Non-Taxable: 339M, Alloc Tax Rate: 1.1x
[2025-05-18T22:58:44.335+0300][7324][8028 ][info][gc          ] GC(11) Pause Init Update Refs 0.098ms
[2025-05-18T22:58:44.335+0300][7324][16848][info][gc,start    ] GC(11) Concurrent update references
[2025-05-18T22:58:44.335+0300][7324][16848][info][gc,task     ] GC(11) Using 2 of 4 workers for concurrent reference update
[2025-05-18T22:58:44.372+0300][7324][16848][info][gc          ] GC(11) Concurrent update references 36.605ms
[2025-05-18T22:58:44.372+0300][7324][16848][info][gc,start    ] GC(11) Concurrent update thread roots
[2025-05-18T22:58:44.372+0300][7324][16848][info][gc          ] GC(11) Concurrent update thread roots 0.321ms
[2025-05-18T22:58:44.372+0300][7324][8028 ][info][gc,start    ] GC(11) Pause Final Update Refs
[2025-05-18T22:58:44.372+0300][7324][8028 ][info][gc,task     ] GC(11) Using 4 of 4 workers for final reference update
[2025-05-18T22:58:44.372+0300][7324][8028 ][info][gc          ] GC(11) Pause Final Update Refs 0.145ms
[2025-05-18T22:58:44.373+0300][7324][16848][info][gc,start    ] GC(11) Concurrent cleanup
[2025-05-18T22:58:44.373+0300][7324][16848][info][gc          ] GC(11) Concurrent cleanup 559M->333M(4096M) 0.071ms
[2025-05-18T22:58:44.373+0300][7324][16848][info][gc,ergo     ] Free: 3548M, Max: 2048K regular, 2610M humongous, Frag: 27% external, 0% internal; Reserve: 206M, Max: 2048K
[2025-05-18T22:58:44.373+0300][7324][16848][info][gc,stats    ] 
[2025-05-18T22:58:44.373+0300][7324][16848][info][gc,stats    ] All times are wall-clock times, except per-root-class counters, that are sum over
[2025-05-18T22:58:44.373+0300][7324][16848][info][gc,stats    ] all workers. Dividing the <total> over the root stage time estimates parallelism.
[2025-05-18T22:58:44.373+0300][7324][16848][info][gc,stats    ] 
[2025-05-18T22:58:44.373+0300][7324][16848][info][gc,stats    ] Concurrent Reset                    287 us
[2025-05-18T22:58:44.373+0300][7324][16848][info][gc,stats    ] Pause Init Mark (G)                 319 us
[2025-05-18T22:58:44.373+0300][7324][16848][info][gc,stats    ] Pause Init Mark (N)                 154 us
[2025-05-18T22:58:44.373+0300][7324][16848][info][gc,stats    ]   Update Region States               17 us
[2025-05-18T22:58:44.373+0300][7324][16848][info][gc,stats    ] Concurrent Mark Roots               282 us, parallelism: 0.79x
[2025-05-18T22:58:44.373+0300][7324][16848][info][gc,stats    ]   CMR: <total>                      224 us
[2025-05-18T22:58:44.373+0300][7324][16848][info][gc,stats    ]   CMR: Thread Roots                 125 us, workers (us):  21, 103, ---, ---, 
[2025-05-18T22:58:44.373+0300][7324][16848][info][gc,stats    ]   CMR: VM Strong Roots               10 us, workers (us):   6,   4, ---, ---, 
[2025-05-18T22:58:44.373+0300][7324][16848][info][gc,stats    ]   CMR: CLDG Roots                    89 us, workers (us):  89, ---, ---, ---, 
[2025-05-18T22:58:44.373+0300][7324][16848][info][gc,stats    ] Concurrent Marking                63038 us
[2025-05-18T22:58:44.373+0300][7324][16848][info][gc,stats    ] Pause Final Mark (G)                529 us
[2025-05-18T22:58:44.373+0300][7324][16848][info][gc,stats    ] Pause Final Mark (N)                324 us
[2025-05-18T22:58:44.373+0300][7324][16848][info][gc,stats    ]   Finish Mark                        60 us
[2025-05-18T22:58:44.373+0300][7324][16848][info][gc,stats    ]   Update Region States               27 us
[2025-05-18T22:58:44.373+0300][7324][16848][info][gc,stats    ]   Choose Collection Set              91 us
[2025-05-18T22:58:44.373+0300][7324][16848][info][gc,stats    ]   Rebuild Free Set                   17 us
[2025-05-18T22:58:44.373+0300][7324][16848][info][gc,stats    ] Concurrent Thread Roots             239 us, parallelism: 0.73x
[2025-05-18T22:58:44.373+0300][7324][16848][info][gc,stats    ]   CTR: <total>                      174 us
[2025-05-18T22:58:44.373+0300][7324][16848][info][gc,stats    ]   CTR: Thread Roots                 174 us, workers (us):  94,  80, ---, ---, 
[2025-05-18T22:58:44.373+0300][7324][16848][info][gc,stats    ] Concurrent Weak References          246 us, parallelism: 0.39x
[2025-05-18T22:58:44.373+0300][7324][16848][info][gc,stats    ]   CWRF: <total>                      96 us
[2025-05-18T22:58:44.373+0300][7324][16848][info][gc,stats    ]   CWRF: Weak References              96 us, workers (us):  35,  61, ---, ---, 
[2025-05-18T22:58:44.373+0300][7324][16848][info][gc,stats    ] Concurrent Weak Roots             46318 us
[2025-05-18T22:58:44.373+0300][7324][16848][info][gc,stats    ]   Roots                             800 us, parallelism: 1.85x
[2025-05-18T22:58:44.373+0300][7324][16848][info][gc,stats    ]     CWR: <total>                   1482 us
[2025-05-18T22:58:44.373+0300][7324][16848][info][gc,stats    ]     CWR: Code Cache Roots          1050 us, workers (us): 536, 514, ---, ---, 
[2025-05-18T22:58:44.373+0300][7324][16848][info][gc,stats    ]     CWR: VM Weak Roots              420 us, workers (us): 215, 205, ---, ---, 
[2025-05-18T22:58:44.373+0300][7324][16848][info][gc,stats    ]     CWR: CLDG Roots                  12 us, workers (us): ---,  12, ---, ---, 
[2025-05-18T22:58:44.373+0300][7324][16848][info][gc,stats    ]   Rendezvous                      45386 us
[2025-05-18T22:58:44.373+0300][7324][16848][info][gc,stats    ] Concurrent Cleanup                  124 us
[2025-05-18T22:58:44.373+0300][7324][16848][info][gc,stats    ] Concurrent Class Unloading        11690 us
[2025-05-18T22:58:44.374+0300][7324][16848][info][gc,stats    ]   Unlink Stale                     2343 us
[2025-05-18T22:58:44.374+0300][7324][16848][info][gc,stats    ]     System Dictionary                18 us
[2025-05-18T22:58:44.374+0300][7324][16848][info][gc,stats    ]     Weak Class Links                  1 us
[2025-05-18T22:58:44.374+0300][7324][16848][info][gc,stats    ]     Code Roots                     2322 us
[2025-05-18T22:58:44.374+0300][7324][16848][info][gc,stats    ]   Rendezvous                       8936 us
[2025-05-18T22:58:44.374+0300][7324][16848][info][gc,stats    ]   Purge Unlinked                    271 us
[2025-05-18T22:58:44.374+0300][7324][16848][info][gc,stats    ]     Code Roots                      253 us
[2025-05-18T22:58:44.374+0300][7324][16848][info][gc,stats    ]     CLDG                             18 us
[2025-05-18T22:58:44.374+0300][7324][16848][info][gc,stats    ]     Exception Caches                  0 us
[2025-05-18T22:58:44.374+0300][7324][16848][info][gc,stats    ] Concurrent Strong Roots             363 us, parallelism: 0.58x
[2025-05-18T22:58:44.374+0300][7324][16848][info][gc,stats    ]   CSR: <total>                      209 us
[2025-05-18T22:58:44.374+0300][7324][16848][info][gc,stats    ]   CSR: VM Strong Roots               14 us, workers (us):   7,   7, ---, ---, 
[2025-05-18T22:58:44.374+0300][7324][16848][info][gc,stats    ]   CSR: CLDG Roots                   195 us, workers (us): 195, ---, ---, ---, 
[2025-05-18T22:58:44.374+0300][7324][16848][info][gc,stats    ] Concurrent Evacuation              2010 us
[2025-05-18T22:58:44.374+0300][7324][16848][info][gc,stats    ] Pause Init Update Refs (G)          251 us
[2025-05-18T22:58:44.374+0300][7324][16848][info][gc,stats    ] Pause Init Update Refs (N)          123 us
[2025-05-18T22:58:44.374+0300][7324][16848][info][gc,stats    ]   Manage GCLABs                       8 us
[2025-05-18T22:58:44.374+0300][7324][16848][info][gc,stats    ] Concurrent Update Refs            36667 us
[2025-05-18T22:58:44.374+0300][7324][16848][info][gc,stats    ] Concurrent Update Thread Roots      363 us
[2025-05-18T22:58:44.374+0300][7324][16848][info][gc,stats    ] Pause Final Update Refs (G)         267 us
[2025-05-18T22:58:44.374+0300][7324][16848][info][gc,stats    ] Pause Final Update Refs (N)         172 us
[2025-05-18T22:58:44.374+0300][7324][16848][info][gc,stats    ]   Update Region States               36 us
[2025-05-18T22:58:44.374+0300][7324][16848][info][gc,stats    ]   Trash Collection Set                6 us
[2025-05-18T22:58:44.374+0300][7324][16848][info][gc,stats    ]   Rebuild Free Set                   22 us
[2025-05-18T22:58:44.374+0300][7324][16848][info][gc,stats    ] Concurrent Cleanup                  100 us
[2025-05-18T22:58:44.374+0300][7324][16848][info][gc,stats    ] 
[2025-05-18T22:58:44.374+0300][7324][16848][info][gc,stats    ] Allocation pacing accrued:
[2025-05-18T22:58:44.374+0300][7324][16848][info][gc,stats    ]       0 of   570 ms (  0.0%): <total>
[2025-05-18T22:58:44.374+0300][7324][16848][info][gc,stats    ]       0 of   570 ms (  0.0%): <average total>
[2025-05-18T22:58:44.374+0300][7324][16848][info][gc,stats    ] 
[2025-05-18T22:58:44.374+0300][7324][16848][info][gc,metaspace] Metaspace: 8622K(9664K)->8622K(9664K) NonClass: 7770K(8384K)->7770K(8384K) Class: 851K(1280K)->851K(1280K)
[2025-05-18T22:58:44.374+0300][7324][16848][info][gc,ergo     ] Pacer for Idle. Initial: 83886K, Alloc Tax Rate: 1.0x
[2025-05-18T22:58:44.609+0300][7324][16848][info][gc          ] Trigger: Learning 3 of 5. Free (2840M) is below initial threshold (2867M)
[2025-05-18T22:58:44.609+0300][7324][16848][info][gc,ergo     ] Free: 2840M, Max: 2048K regular, 2610M humongous, Frag: 9% external, 0% internal; Reserve: 206M, Max: 2048K
[2025-05-18T22:58:44.609+0300][7324][16848][info][gc,start    ] GC(12) Concurrent reset
[2025-05-18T22:58:44.609+0300][7324][16848][info][gc,task     ] GC(12) Using 2 of 4 workers for concurrent reset
[2025-05-18T22:58:44.609+0300][7324][16848][info][gc,ergo     ] GC(12) Pacer for Reset. Non-Taxable: 4096M
[2025-05-18T22:58:44.609+0300][7324][16848][info][gc          ] GC(12) Concurrent reset 0.648ms
[2025-05-18T22:58:44.610+0300][7324][8028 ][info][gc,start    ] GC(12) Pause Init Mark (unload classes)
[2025-05-18T22:58:44.610+0300][7324][8028 ][info][gc,task     ] GC(12) Using 4 of 4 workers for init marking
[2025-05-18T22:58:44.610+0300][7324][8028 ][info][gc,ergo     ] GC(12) Pacer for Mark. Expected Live: 10399K, Free: 2838M, Non-Taxable: 283M, Alloc Tax Rate: 0.0x
[2025-05-18T22:58:44.610+0300][7324][8028 ][info][gc          ] GC(12) Pause Init Mark (unload classes) 0.148ms
[2025-05-18T22:58:44.610+0300][7324][16848][info][gc,start    ] GC(12) Concurrent marking roots
[2025-05-18T22:58:44.610+0300][7324][16848][info][gc,task     ] GC(12) Using 2 of 4 workers for concurrent marking roots
[2025-05-18T22:58:44.610+0300][7324][16848][info][gc          ] GC(12) Concurrent marking roots 0.215ms
[2025-05-18T22:58:44.610+0300][7324][16848][info][gc,start    ] GC(12) Concurrent marking (unload classes)
[2025-05-18T22:58:44.610+0300][7324][16848][info][gc,task     ] GC(12) Using 2 of 4 workers for concurrent marking
[2025-05-18T22:58:44.617+0300][7324][16848][info][gc          ] GC(12) Concurrent marking (unload classes) 6.600ms
[2025-05-18T22:58:44.617+0300][7324][8028 ][info][gc,start    ] GC(12) Pause Final Mark (unload classes)
[2025-05-18T22:58:44.617+0300][7324][8028 ][info][gc,task     ] GC(12) Using 4 of 4 workers for final marking
[2025-05-18T22:58:44.617+0300][7324][8028 ][info][gc,ergo     ] GC(12) Adaptive CSet Selection. Target Free: 580M, Actual Free: 3844M, Max CSet: 170M, Min Garbage: 0B
[2025-05-18T22:58:44.617+0300][7324][8028 ][info][gc,ergo     ] GC(12) Collectable Garbage: 1034M (99%), Immediate: 824M (79%), CSet: 210M (20%)
[2025-05-18T22:58:44.617+0300][7324][8028 ][info][gc,ergo     ] GC(12) Pacer for Evacuation. Used CSet: 211M, Free: 3640M, Non-Taxable: 364M, Alloc Tax Rate: 1.1x
[2025-05-18T22:58:44.617+0300][7324][8028 ][info][gc          ] GC(12) Pause Final Mark (unload classes) 0.291ms
[2025-05-18T22:58:44.617+0300][7324][16848][info][gc,start    ] GC(12) Concurrent thread roots
[2025-05-18T22:58:44.617+0300][7324][16848][info][gc,task     ] GC(12) Using 2 of 4 workers for Concurrent thread roots
[2025-05-18T22:58:44.617+0300][7324][16848][info][gc          ] GC(12) Concurrent thread roots 0.280ms
[2025-05-18T22:58:44.617+0300][7324][16848][info][gc,start    ] GC(12) Concurrent weak references
[2025-05-18T22:58:44.617+0300][7324][16848][info][gc,task     ] GC(12) Using 2 of 4 workers for concurrent weak references
[2025-05-18T22:58:44.618+0300][7324][16848][info][gc,ref      ] GC(12) Encountered references: Soft: 152, Weak: 882, Final: 3, Phantom: 50
[2025-05-18T22:58:44.618+0300][7324][16848][info][gc,ref      ] GC(12) Discovered  references: Soft: 0, Weak: 376, Final: 1, Phantom: 39
[2025-05-18T22:58:44.618+0300][7324][16848][info][gc,ref      ] GC(12) Enqueued    references: Soft: 0, Weak: 179, Final: 0, Phantom: 0
[2025-05-18T22:58:44.618+0300][7324][16848][info][gc          ] GC(12) Concurrent weak references 0.221ms
[2025-05-18T22:58:44.618+0300][7324][16848][info][gc,start    ] GC(12) Concurrent weak roots
[2025-05-18T22:58:44.618+0300][7324][16848][info][gc,task     ] GC(12) Using 2 of 4 workers for concurrent weak root
[2025-05-18T22:58:44.620+0300][7324][16848][info][gc          ] GC(12) Concurrent weak roots 2.848ms
[2025-05-18T22:58:44.621+0300][7324][16848][info][gc,start    ] GC(12) Concurrent cleanup
[2025-05-18T22:58:44.621+0300][7324][16848][info][gc          ] GC(12) Concurrent cleanup 1084M->260M(4096M) 0.078ms
[2025-05-18T22:58:44.621+0300][7324][16848][info][gc,ergo     ] GC(12) Free: 3624M, Max: 2048K regular, 2616M humongous, Frag: 28% external, 0% internal; Reserve: 205M, Max: 2048K
[2025-05-18T22:58:44.621+0300][7324][16848][info][gc,start    ] GC(12) Concurrent class unloading
[2025-05-18T22:58:44.621+0300][7324][16848][info][gc,task     ] GC(12) Using 2 of 4 workers for concurrent class unloading
[2025-05-18T22:58:44.625+0300][7324][16848][info][gc          ] GC(12) Concurrent class unloading 3.967ms
[2025-05-18T22:58:44.625+0300][7324][16848][info][gc,start    ] GC(12) Concurrent strong roots
[2025-05-18T22:58:44.625+0300][7324][16848][info][gc,task     ] GC(12) Using 2 of 4 workers for concurrent strong root
[2025-05-18T22:58:44.625+0300][7324][16848][info][gc          ] GC(12) Concurrent strong roots 0.267ms
[2025-05-18T22:58:44.625+0300][7324][16848][info][gc,start    ] GC(12) Concurrent evacuation
[2025-05-18T22:58:44.625+0300][7324][16848][info][gc,task     ] GC(12) Using 2 of 4 workers for concurrent evacuation
[2025-05-18T22:58:44.627+0300][7324][16848][info][gc          ] GC(12) Concurrent evacuation 1.655ms
[2025-05-18T22:58:44.627+0300][7324][8028 ][info][gc,start    ] GC(12) Pause Init Update Refs
[2025-05-18T22:58:44.627+0300][7324][8028 ][info][gc,ergo     ] GC(12) Pacer for Update Refs. Used: 271M, Free: 3614M, Non-Taxable: 361M, Alloc Tax Rate: 1.1x
[2025-05-18T22:58:44.627+0300][7324][8028 ][info][gc          ] GC(12) Pause Init Update Refs 0.076ms
[2025-05-18T22:58:44.627+0300][7324][16848][info][gc,start    ] GC(12) Concurrent update references
[2025-05-18T22:58:44.627+0300][7324][16848][info][gc,task     ] GC(12) Using 2 of 4 workers for concurrent reference update
[2025-05-18T22:58:44.634+0300][7324][16848][info][gc          ] GC(12) Concurrent update references 6.640ms
[2025-05-18T22:58:44.634+0300][7324][16848][info][gc,start    ] GC(12) Concurrent update thread roots
[2025-05-18T22:58:44.641+0300][7324][16848][info][gc          ] GC(12) Concurrent update thread roots 6.886ms
[2025-05-18T22:58:44.641+0300][7324][8028 ][info][gc,start    ] GC(12) Pause Final Update Refs
[2025-05-18T22:58:44.641+0300][7324][8028 ][info][gc,task     ] GC(12) Using 4 of 4 workers for final reference update
[2025-05-18T22:58:44.641+0300][7324][8028 ][info][gc          ] GC(12) Pause Final Update Refs 0.138ms
[2025-05-18T22:58:44.641+0300][7324][16848][info][gc,start    ] GC(12) Concurrent cleanup
[2025-05-18T22:58:44.641+0300][7324][16848][info][gc          ] GC(12) Concurrent cleanup 303M->91M(4096M) 0.069ms
[2025-05-18T22:58:44.641+0300][7324][16848][info][gc,ergo     ] Free: 3792M, Max: 2048K regular, 3030M humongous, Frag: 21% external, 0% internal; Reserve: 206M, Max: 2048K
[2025-05-18T22:58:44.641+0300][7324][16848][info][gc,stats    ] 
[2025-05-18T22:58:44.641+0300][7324][16848][info][gc,stats    ] All times are wall-clock times, except per-root-class counters, that are sum over
[2025-05-18T22:58:44.641+0300][7324][16848][info][gc,stats    ] all workers. Dividing the <total> over the root stage time estimates parallelism.
[2025-05-18T22:58:44.641+0300][7324][16848][info][gc,stats    ] 
[2025-05-18T22:58:44.641+0300][7324][16848][info][gc,stats    ] Concurrent Reset                    709 us
[2025-05-18T22:58:44.641+0300][7324][16848][info][gc,stats    ] Pause Init Mark (G)                 301 us
[2025-05-18T22:58:44.641+0300][7324][16848][info][gc,stats    ] Pause Init Mark (N)                 170 us
[2025-05-18T22:58:44.641+0300][7324][16848][info][gc,stats    ]   Update Region States               17 us
[2025-05-18T22:58:44.641+0300][7324][16848][info][gc,stats    ] Concurrent Mark Roots               249 us, parallelism: 0.80x
[2025-05-18T22:58:44.641+0300][7324][16848][info][gc,stats    ]   CMR: <total>                      199 us
[2025-05-18T22:58:44.641+0300][7324][16848][info][gc,stats    ]   CMR: Thread Roots                 100 us, workers (us):  94,   6, ---, ---, 
[2025-05-18T22:58:44.641+0300][7324][16848][info][gc,stats    ]   CMR: VM Strong Roots               11 us, workers (us):   6,   5, ---, ---, 
[2025-05-18T22:58:44.641+0300][7324][16848][info][gc,stats    ]   CMR: CLDG Roots                    88 us, workers (us): ---,  88, ---, ---, 
[2025-05-18T22:58:44.641+0300][7324][16848][info][gc,stats    ] Concurrent Marking                 6659 us
[2025-05-18T22:58:44.641+0300][7324][16848][info][gc,stats    ] Pause Final Mark (G)                412 us
[2025-05-18T22:58:44.641+0300][7324][16848][info][gc,stats    ] Pause Final Mark (N)                307 us
[2025-05-18T22:58:44.641+0300][7324][16848][info][gc,stats    ]   Finish Mark                        63 us
[2025-05-18T22:58:44.642+0300][7324][16848][info][gc,stats    ]   Update Region States               28 us
[2025-05-18T22:58:44.642+0300][7324][16848][info][gc,stats    ]   Choose Collection Set              75 us
[2025-05-18T22:58:44.642+0300][7324][16848][info][gc,stats    ]   Rebuild Free Set                   17 us
[2025-05-18T22:58:44.642+0300][7324][16848][info][gc,stats    ] Concurrent Thread Roots             341 us, parallelism: 0.70x
[2025-05-18T22:58:44.642+0300][7324][16848][info][gc,stats    ]   CTR: <total>                      240 us
[2025-05-18T22:58:44.642+0300][7324][16848][info][gc,stats    ]   CTR: Thread Roots                 240 us, workers (us): 177,  62, ---, ---, 
[2025-05-18T22:58:44.642+0300][7324][16848][info][gc,stats    ] Concurrent Weak References          244 us, parallelism: 0.41x
[2025-05-18T22:58:44.642+0300][7324][16848][info][gc,stats    ]   CWRF: <total>                     101 us
[2025-05-18T22:58:44.642+0300][7324][16848][info][gc,stats    ]   CWRF: Weak References             101 us, workers (us):  65,  36, ---, ---, 
[2025-05-18T22:58:44.642+0300][7324][16848][info][gc,stats    ] Concurrent Weak Roots              2910 us
[2025-05-18T22:58:44.642+0300][7324][16848][info][gc,stats    ]   Roots                            1262 us, parallelism: 1.92x
[2025-05-18T22:58:44.642+0300][7324][16848][info][gc,stats    ]     CWR: <total>                   2428 us
[2025-05-18T22:58:44.642+0300][7324][16848][info][gc,stats    ]     CWR: Code Cache Roots          1531 us, workers (us): 518, 1013, ---, ---, 
[2025-05-18T22:58:44.642+0300][7324][16848][info][gc,stats    ]     CWR: VM Weak Roots              890 us, workers (us): 686, 204, ---, ---, 
[2025-05-18T22:58:44.642+0300][7324][16848][info][gc,stats    ]     CWR: CLDG Roots                   7 us, workers (us): ---,   7, ---, ---, 
[2025-05-18T22:58:44.642+0300][7324][16848][info][gc,stats    ]   Rendezvous                       1537 us
[2025-05-18T22:58:44.642+0300][7324][16848][info][gc,stats    ] Concurrent Cleanup                  107 us
[2025-05-18T22:58:44.642+0300][7324][16848][info][gc,stats    ] Concurrent Class Unloading         4026 us
[2025-05-18T22:58:44.642+0300][7324][16848][info][gc,stats    ]   Unlink Stale                     2171 us
[2025-05-18T22:58:44.642+0300][7324][16848][info][gc,stats    ]     System Dictionary                11 us
[2025-05-18T22:58:44.642+0300][7324][16848][info][gc,stats    ]     Weak Class Links                  0 us
[2025-05-18T22:58:44.642+0300][7324][16848][info][gc,stats    ]     Code Roots                     2158 us
[2025-05-18T22:58:44.642+0300][7324][16848][info][gc,stats    ]   Rendezvous                       1630 us
[2025-05-18T22:58:44.642+0300][7324][16848][info][gc,stats    ]   Purge Unlinked                    103 us
[2025-05-18T22:58:44.642+0300][7324][16848][info][gc,stats    ]     Code Roots                       91 us
[2025-05-18T22:58:44.642+0300][7324][16848][info][gc,stats    ]     CLDG                             11 us
[2025-05-18T22:58:44.642+0300][7324][16848][info][gc,stats    ] Concurrent Strong Roots             296 us, parallelism: 0.61x
[2025-05-18T22:58:44.642+0300][7324][16848][info][gc,stats    ]   CSR: <total>                      181 us
[2025-05-18T22:58:44.642+0300][7324][16848][info][gc,stats    ]   CSR: VM Strong Roots                9 us, workers (us):   5,   4, ---, ---, 
[2025-05-18T22:58:44.642+0300][7324][16848][info][gc,stats    ]   CSR: CLDG Roots                   172 us, workers (us): ---, 172, ---, ---, 
[2025-05-18T22:58:44.642+0300][7324][16848][info][gc,stats    ] Concurrent Evacuation              1699 us
[2025-05-18T22:58:44.642+0300][7324][16848][info][gc,stats    ] Pause Init Update Refs (G)          230 us
[2025-05-18T22:58:44.642+0300][7324][16848][info][gc,stats    ] Pause Init Update Refs (N)           92 us
[2025-05-18T22:58:44.642+0300][7324][16848][info][gc,stats    ]   Manage GCLABs                       4 us
[2025-05-18T22:58:44.642+0300][7324][16848][info][gc,stats    ] Concurrent Update Refs             6711 us
[2025-05-18T22:58:44.642+0300][7324][16848][info][gc,stats    ] Concurrent Update Thread Roots     6946 us
[2025-05-18T22:58:44.642+0300][7324][16848][info][gc,stats    ] Pause Final Update Refs (G)         290 us
[2025-05-18T22:58:44.642+0300][7324][16848][info][gc,stats    ] Pause Final Update Refs (N)         172 us
[2025-05-18T22:58:44.642+0300][7324][16848][info][gc,stats    ]   Update Region States               43 us
[2025-05-18T22:58:44.642+0300][7324][16848][info][gc,stats    ]   Trash Collection Set                6 us
[2025-05-18T22:58:44.642+0300][7324][16848][info][gc,stats    ]   Rebuild Free Set                   22 us
[2025-05-18T22:58:44.642+0300][7324][16848][info][gc,stats    ] Concurrent Cleanup                  101 us
[2025-05-18T22:58:44.642+0300][7324][16848][info][gc,stats    ] 
[2025-05-18T22:58:44.642+0300][7324][16848][info][gc,stats    ] Allocation pacing accrued:
[2025-05-18T22:58:44.642+0300][7324][16848][info][gc,stats    ]       0 of   268 ms (  0.0%): <total>
[2025-05-18T22:58:44.642+0300][7324][16848][info][gc,stats    ]       0 of   268 ms (  0.0%): <average total>
[2025-05-18T22:58:44.643+0300][7324][16848][info][gc,stats    ] 
[2025-05-18T22:58:44.643+0300][7324][16848][info][gc,metaspace] Metaspace: 8622K(9664K)->8622K(9664K) NonClass: 7770K(8384K)->7770K(8384K) Class: 851K(1280K)->851K(1280K)
[2025-05-18T22:58:44.643+0300][7324][16848][info][gc,ergo     ] Pacer for Idle. Initial: 83886K, Alloc Tax Rate: 1.0x
[2025-05-18T22:58:44.976+0300][7324][16848][info][gc          ] Trigger: Learning 4 of 5. Free (2826M) is below initial threshold (2867M)
[2025-05-18T22:58:44.976+0300][7324][16848][info][gc,ergo     ] Free: 2826M, Max: 2048K regular, 2824M humongous, Frag: 0% external, 0% internal; Reserve: 206M, Max: 2048K
[2025-05-18T22:58:44.976+0300][7324][16848][info][gc,start    ] GC(13) Concurrent reset
[2025-05-18T22:58:44.976+0300][7324][16848][info][gc,task     ] GC(13) Using 2 of 4 workers for concurrent reset
[2025-05-18T22:58:44.976+0300][7324][16848][info][gc,ergo     ] GC(13) Pacer for Reset. Non-Taxable: 4096M
[2025-05-18T22:58:44.976+0300][7324][16848][info][gc          ] GC(13) Concurrent reset 0.741ms
[2025-05-18T22:58:44.977+0300][7324][8028 ][info][gc,start    ] GC(13) Pause Init Mark (unload classes)
[2025-05-18T22:58:44.977+0300][7324][8028 ][info][gc,task     ] GC(13) Using 4 of 4 workers for init marking
[2025-05-18T22:58:44.977+0300][7324][8028 ][info][gc,ergo     ] GC(13) Pacer for Mark. Expected Live: 10379K, Free: 2826M, Non-Taxable: 282M, Alloc Tax Rate: 0.0x
[2025-05-18T22:58:44.977+0300][7324][8028 ][info][gc          ] GC(13) Pause Init Mark (unload classes) 0.136ms
[2025-05-18T22:58:44.977+0300][7324][16848][info][gc,start    ] GC(13) Concurrent marking roots
[2025-05-18T22:58:44.977+0300][7324][16848][info][gc,task     ] GC(13) Using 2 of 4 workers for concurrent marking roots
[2025-05-18T22:58:44.977+0300][7324][16848][info][gc          ] GC(13) Concurrent marking roots 0.208ms
[2025-05-18T22:58:44.977+0300][7324][16848][info][gc,start    ] GC(13) Concurrent marking (unload classes)
[2025-05-18T22:58:44.977+0300][7324][16848][info][gc,task     ] GC(13) Using 2 of 4 workers for concurrent marking
[2025-05-18T22:58:44.982+0300][7324][16848][info][gc          ] GC(13) Concurrent marking (unload classes) 5.326ms
[2025-05-18T22:58:44.982+0300][7324][8028 ][info][gc,start    ] GC(13) Pause Final Mark (unload classes)
[2025-05-18T22:58:44.983+0300][7324][8028 ][info][gc,task     ] GC(13) Using 4 of 4 workers for final marking
[2025-05-18T22:58:44.983+0300][7324][8028 ][info][gc,ergo     ] GC(13) Adaptive CSet Selection. Target Free: 580M, Actual Free: 3846M, Max CSet: 170M, Min Garbage: 0B
[2025-05-18T22:58:44.983+0300][7324][8028 ][info][gc,ergo     ] GC(13) Collectable Garbage: 1046M (99%), Immediate: 834M (79%), CSet: 212M (20%)
[2025-05-18T22:58:44.983+0300][7324][8028 ][info][gc,ergo     ] GC(13) Pacer for Evacuation. Used CSet: 213M, Free: 3642M, Non-Taxable: 364M, Alloc Tax Rate: 1.1x
[2025-05-18T22:58:44.983+0300][7324][8028 ][info][gc          ] GC(13) Pause Final Mark (unload classes) 0.286ms
[2025-05-18T22:58:44.983+0300][7324][16848][info][gc,start    ] GC(13) Concurrent thread roots
[2025-05-18T22:58:44.983+0300][7324][16848][info][gc,task     ] GC(13) Using 2 of 4 workers for Concurrent thread roots
[2025-05-18T22:58:44.983+0300][7324][16848][info][gc          ] GC(13) Concurrent thread roots 0.243ms
[2025-05-18T22:58:44.983+0300][7324][16848][info][gc,start    ] GC(13) Concurrent weak references
[2025-05-18T22:58:44.983+0300][7324][16848][info][gc,task     ] GC(13) Using 2 of 4 workers for concurrent weak references
[2025-05-18T22:58:44.983+0300][7324][16848][info][gc,ref      ] GC(13) Encountered references: Soft: 152, Weak: 887, Final: 3, Phantom: 50
[2025-05-18T22:58:44.983+0300][7324][16848][info][gc,ref      ] GC(13) Discovered  references: Soft: 0, Weak: 381, Final: 1, Phantom: 39
[2025-05-18T22:58:44.983+0300][7324][16848][info][gc,ref      ] GC(13) Enqueued    references: Soft: 0, Weak: 187, Final: 0, Phantom: 0
[2025-05-18T22:58:44.983+0300][7324][16848][info][gc          ] GC(13) Concurrent weak references 0.250ms
[2025-05-18T22:58:44.983+0300][7324][16848][info][gc,start    ] GC(13) Concurrent weak roots
[2025-05-18T22:58:44.983+0300][7324][16848][info][gc,task     ] GC(13) Using 2 of 4 workers for concurrent weak root
[2025-05-18T22:58:44.987+0300][7324][16848][info][gc          ] GC(13) Concurrent weak roots 3.394ms
[2025-05-18T22:58:44.987+0300][7324][16848][info][gc,start    ] GC(13) Concurrent cleanup
[2025-05-18T22:58:44.987+0300][7324][16848][info][gc          ] GC(13) Concurrent cleanup 1092M->258M(4096M) 0.081ms
[2025-05-18T22:58:44.987+0300][7324][16848][info][gc,ergo     ] GC(13) Free: 3626M, Max: 2048K regular, 2790M humongous, Frag: 24% external, 0% internal; Reserve: 204M, Max: 2048K
[2025-05-18T22:58:44.987+0300][7324][16848][info][gc,start    ] GC(13) Concurrent class unloading
[2025-05-18T22:58:44.987+0300][7324][16848][info][gc,task     ] GC(13) Using 2 of 4 workers for concurrent class unloading
[2025-05-18T22:58:44.992+0300][7324][16848][info][gc          ] GC(13) Concurrent class unloading 4.685ms
[2025-05-18T22:58:44.992+0300][7324][16848][info][gc,start    ] GC(13) Concurrent strong roots
[2025-05-18T22:58:44.992+0300][7324][16848][info][gc,task     ] GC(13) Using 2 of 4 workers for concurrent strong root
[2025-05-18T22:58:44.992+0300][7324][16848][info][gc          ] GC(13) Concurrent strong roots 0.257ms
[2025-05-18T22:58:44.992+0300][7324][16848][info][gc,start    ] GC(13) Concurrent evacuation
[2025-05-18T22:58:44.992+0300][7324][16848][info][gc,task     ] GC(13) Using 2 of 4 workers for concurrent evacuation
[2025-05-18T22:58:44.993+0300][7324][16848][info][gc          ] GC(13) Concurrent evacuation 1.452ms
[2025-05-18T22:58:44.994+0300][7324][8028 ][info][gc,start    ] GC(13) Pause Init Update Refs
[2025-05-18T22:58:44.994+0300][7324][8028 ][info][gc,ergo     ] GC(13) Pacer for Update Refs. Used: 271M, Free: 3614M, Non-Taxable: 361M, Alloc Tax Rate: 1.1x
[2025-05-18T22:58:44.994+0300][7324][8028 ][info][gc          ] GC(13) Pause Init Update Refs 0.090ms
[2025-05-18T22:58:44.994+0300][7324][16848][info][gc,start    ] GC(13) Concurrent update references
[2025-05-18T22:58:44.994+0300][7324][16848][info][gc,task     ] GC(13) Using 2 of 4 workers for concurrent reference update
[2025-05-18T22:58:44.999+0300][7324][16848][info][gc          ] GC(13) Concurrent update references 5.725ms
[2025-05-18T22:58:45.000+0300][7324][16848][info][gc,start    ] GC(13) Concurrent update thread roots
[2025-05-18T22:58:45.002+0300][7324][16848][info][gc          ] GC(13) Concurrent update thread roots 2.001ms
[2025-05-18T22:58:45.002+0300][7324][8028 ][info][gc,start    ] GC(13) Pause Final Update Refs
[2025-05-18T22:58:45.002+0300][7324][8028 ][info][gc,task     ] GC(13) Using 4 of 4 workers for final reference update
[2025-05-18T22:58:45.002+0300][7324][8028 ][info][gc          ] GC(13) Pause Final Update Refs 0.156ms
[2025-05-18T22:58:45.002+0300][7324][16848][info][gc,start    ] GC(13) Concurrent cleanup
[2025-05-18T22:58:45.002+0300][7324][16848][info][gc          ] GC(13) Concurrent cleanup 291M->77M(4096M) 0.070ms
[2025-05-18T22:58:45.002+0300][7324][16848][info][gc,ergo     ] Free: 3806M, Max: 2048K regular, 2790M humongous, Frag: 27% external, 0% internal; Reserve: 206M, Max: 2048K
[2025-05-18T22:58:45.002+0300][7324][16848][info][gc,stats    ] 
[2025-05-18T22:58:45.002+0300][7324][16848][info][gc,stats    ] All times are wall-clock times, except per-root-class counters, that are sum over
[2025-05-18T22:58:45.002+0300][7324][16848][info][gc,stats    ] all workers. Dividing the <total> over the root stage time estimates parallelism.
[2025-05-18T22:58:45.002+0300][7324][16848][info][gc,stats    ] 
[2025-05-18T22:58:45.002+0300][7324][16848][info][gc,stats    ] Concurrent Reset                    785 us
[2025-05-18T22:58:45.002+0300][7324][16848][info][gc,stats    ] Pause Init Mark (G)                 319 us
[2025-05-18T22:58:45.002+0300][7324][16848][info][gc,stats    ] Pause Init Mark (N)                 159 us
[2025-05-18T22:58:45.002+0300][7324][16848][info][gc,stats    ]   Update Region States               21 us
[2025-05-18T22:58:45.002+0300][7324][16848][info][gc,stats    ] Concurrent Mark Roots               235 us, parallelism: 0.80x
[2025-05-18T22:58:45.002+0300][7324][16848][info][gc,stats    ]   CMR: <total>                      187 us
[2025-05-18T22:58:45.002+0300][7324][16848][info][gc,stats    ]   CMR: Thread Roots                  97 us, workers (us):   0,  97, ---, ---, 
[2025-05-18T22:58:45.002+0300][7324][16848][info][gc,stats    ]   CMR: VM Strong Roots               10 us, workers (us):   4,   5, ---, ---, 
[2025-05-18T22:58:45.002+0300][7324][16848][info][gc,stats    ]   CMR: CLDG Roots                    80 us, workers (us):  80, ---, ---, ---, 
[2025-05-18T22:58:45.002+0300][7324][16848][info][gc,stats    ] Concurrent Marking                 5376 us
[2025-05-18T22:58:45.002+0300][7324][16848][info][gc,stats    ] Pause Final Mark (G)                398 us
[2025-05-18T22:58:45.003+0300][7324][16848][info][gc,stats    ] Pause Final Mark (N)                302 us
[2025-05-18T22:58:45.003+0300][7324][16848][info][gc,stats    ]   Finish Mark                        60 us
[2025-05-18T22:58:45.003+0300][7324][16848][info][gc,stats    ]   Update Region States               22 us
[2025-05-18T22:58:45.003+0300][7324][16848][info][gc,stats    ]   Choose Collection Set              64 us
[2025-05-18T22:58:45.003+0300][7324][16848][info][gc,stats    ]   Rebuild Free Set                   17 us
[2025-05-18T22:58:45.003+0300][7324][16848][info][gc,stats    ] Concurrent Thread Roots             280 us, parallelism: 1.10x
[2025-05-18T22:58:45.003+0300][7324][16848][info][gc,stats    ]   CTR: <total>                      306 us
[2025-05-18T22:58:45.003+0300][7324][16848][info][gc,stats    ]   CTR: Thread Roots                 306 us, workers (us): 150, 156, ---, ---, 
[2025-05-18T22:58:45.003+0300][7324][16848][info][gc,stats    ] Concurrent Weak References          276 us, parallelism: 0.37x
[2025-05-18T22:58:45.003+0300][7324][16848][info][gc,stats    ]   CWRF: <total>                     102 us
[2025-05-18T22:58:45.003+0300][7324][16848][info][gc,stats    ]   CWRF: Weak References             102 us, workers (us):  23,  79, ---, ---, 
[2025-05-18T22:58:45.003+0300][7324][16848][info][gc,stats    ] Concurrent Weak Roots              3448 us
[2025-05-18T22:58:45.003+0300][7324][16848][info][gc,stats    ]   Roots                             785 us, parallelism: 1.82x
[2025-05-18T22:58:45.003+0300][7324][16848][info][gc,stats    ]     CWR: <total>                   1429 us
[2025-05-18T22:58:45.003+0300][7324][16848][info][gc,stats    ]     CWR: Code Cache Roots           979 us, workers (us): 514, 465, ---, ---, 
[2025-05-18T22:58:45.003+0300][7324][16848][info][gc,stats    ]     CWR: VM Weak Roots              442 us, workers (us): 215, 227, ---, ---, 
[2025-05-18T22:58:45.003+0300][7324][16848][info][gc,stats    ]     CWR: CLDG Roots                   8 us, workers (us):   8, ---, ---, ---, 
[2025-05-18T22:58:45.003+0300][7324][16848][info][gc,stats    ]   Rendezvous                       2561 us
[2025-05-18T22:58:45.003+0300][7324][16848][info][gc,stats    ] Concurrent Cleanup                  107 us
[2025-05-18T22:58:45.003+0300][7324][16848][info][gc,stats    ] Concurrent Class Unloading         4744 us
[2025-05-18T22:58:45.003+0300][7324][16848][info][gc,stats    ]   Unlink Stale                     2215 us
[2025-05-18T22:58:45.003+0300][7324][16848][info][gc,stats    ]     System Dictionary                11 us
[2025-05-18T22:58:45.003+0300][7324][16848][info][gc,stats    ]     Weak Class Links                  0 us
[2025-05-18T22:58:45.003+0300][7324][16848][info][gc,stats    ]     Code Roots                     2201 us
[2025-05-18T22:58:45.003+0300][7324][16848][info][gc,stats    ]   Rendezvous                       2332 us
[2025-05-18T22:58:45.003+0300][7324][16848][info][gc,stats    ]   Purge Unlinked                     89 us
[2025-05-18T22:58:45.003+0300][7324][16848][info][gc,stats    ]     Code Roots                       78 us
[2025-05-18T22:58:45.003+0300][7324][16848][info][gc,stats    ]     CLDG                             11 us
[2025-05-18T22:58:45.003+0300][7324][16848][info][gc,stats    ] Concurrent Strong Roots             291 us, parallelism: 0.63x
[2025-05-18T22:58:45.003+0300][7324][16848][info][gc,stats    ]   CSR: <total>                      182 us
[2025-05-18T22:58:45.003+0300][7324][16848][info][gc,stats    ]   CSR: VM Strong Roots               12 us, workers (us):   6,   6, ---, ---, 
[2025-05-18T22:58:45.003+0300][7324][16848][info][gc,stats    ]   CSR: CLDG Roots                   170 us, workers (us): 170, ---, ---, ---, 
[2025-05-18T22:58:45.003+0300][7324][16848][info][gc,stats    ] Concurrent Evacuation              1508 us
[2025-05-18T22:58:45.003+0300][7324][16848][info][gc,stats    ] Pause Init Update Refs (G)          220 us
[2025-05-18T22:58:45.003+0300][7324][16848][info][gc,stats    ] Pause Init Update Refs (N)          111 us
[2025-05-18T22:58:45.003+0300][7324][16848][info][gc,stats    ]   Manage GCLABs                       6 us
[2025-05-18T22:58:45.003+0300][7324][16848][info][gc,stats    ] Concurrent Update Refs             5790 us
[2025-05-18T22:58:45.003+0300][7324][16848][info][gc,stats    ] Concurrent Update Thread Roots     2050 us
[2025-05-18T22:58:45.003+0300][7324][16848][info][gc,stats    ] Pause Final Update Refs (G)         289 us
[2025-05-18T22:58:45.003+0300][7324][16848][info][gc,stats    ] Pause Final Update Refs (N)         180 us
[2025-05-18T22:58:45.003+0300][7324][16848][info][gc,stats    ]   Update Region States               45 us
[2025-05-18T22:58:45.003+0300][7324][16848][info][gc,stats    ]   Trash Collection Set                6 us
[2025-05-18T22:58:45.003+0300][7324][16848][info][gc,stats    ]   Rebuild Free Set                   21 us
[2025-05-18T22:58:45.003+0300][7324][16848][info][gc,stats    ] Concurrent Cleanup                  101 us
[2025-05-18T22:58:45.003+0300][7324][16848][info][gc,stats    ] 
[2025-05-18T22:58:45.003+0300][7324][16848][info][gc,stats    ] Allocation pacing accrued:
[2025-05-18T22:58:45.004+0300][7324][16848][info][gc,stats    ]       0 of   361 ms (  0.0%): <total>
[2025-05-18T22:58:45.004+0300][7324][16848][info][gc,stats    ]       0 of   361 ms (  0.0%): <average total>
[2025-05-18T22:58:45.004+0300][7324][16848][info][gc,stats    ] 
[2025-05-18T22:58:45.004+0300][7324][16848][info][gc,metaspace] Metaspace: 8622K(9664K)->8622K(9664K) NonClass: 7770K(8384K)->7770K(8384K) Class: 851K(1280K)->851K(1280K)
[2025-05-18T22:58:45.004+0300][7324][16848][info][gc,ergo     ] Pacer for Idle. Initial: 83886K, Alloc Tax Rate: 1.0x
[2025-05-18T22:58:45.341+0300][7324][16848][info][gc          ] Trigger: Learning 5 of 5. Free (2846M) is below initial threshold (2867M)
[2025-05-18T22:58:45.341+0300][7324][16848][info][gc,ergo     ] Free: 2846M, Max: 2048K regular, 2790M humongous, Frag: 2% external, 0% internal; Reserve: 206M, Max: 2048K
[2025-05-18T22:58:45.341+0300][7324][16848][info][gc,start    ] GC(14) Concurrent reset
[2025-05-18T22:58:45.341+0300][7324][16848][info][gc,task     ] GC(14) Using 2 of 4 workers for concurrent reset
[2025-05-18T22:58:45.341+0300][7324][16848][info][gc,ergo     ] GC(14) Pacer for Reset. Non-Taxable: 4096M
[2025-05-18T22:58:45.342+0300][7324][16848][info][gc          ] GC(14) Concurrent reset 0.731ms
[2025-05-18T22:58:45.342+0300][7324][8028 ][info][gc,start    ] GC(14) Pause Init Mark (unload classes)
[2025-05-18T22:58:45.342+0300][7324][8028 ][info][gc,task     ] GC(14) Using 4 of 4 workers for init marking
[2025-05-18T22:58:45.342+0300][7324][8028 ][info][gc,ergo     ] GC(14) Pacer for Mark. Expected Live: 10362K, Free: 2846M, Non-Taxable: 284M, Alloc Tax Rate: 0.0x
[2025-05-18T22:58:45.342+0300][7324][8028 ][info][gc          ] GC(14) Pause Init Mark (unload classes) 0.157ms
[2025-05-18T22:58:45.342+0300][7324][16848][info][gc,start    ] GC(14) Concurrent marking roots
[2025-05-18T22:58:45.342+0300][7324][16848][info][gc,task     ] GC(14) Using 2 of 4 workers for concurrent marking roots
[2025-05-18T22:58:45.342+0300][7324][16848][info][gc          ] GC(14) Concurrent marking roots 0.294ms
[2025-05-18T22:58:45.342+0300][7324][16848][info][gc,start    ] GC(14) Concurrent marking (unload classes)
[2025-05-18T22:58:45.342+0300][7324][16848][info][gc,task     ] GC(14) Using 2 of 4 workers for concurrent marking
[2025-05-18T22:58:45.362+0300][7324][16848][info][gc          ] GC(14) Concurrent marking (unload classes) 19.601ms
[2025-05-18T22:58:45.362+0300][7324][8028 ][info][gc,start    ] GC(14) Pause Final Mark (unload classes)
[2025-05-18T22:58:45.362+0300][7324][8028 ][info][gc,task     ] GC(14) Using 4 of 4 workers for final marking
[2025-05-18T22:58:45.362+0300][7324][8028 ][info][gc,ergo     ] GC(14) Adaptive CSet Selection. Target Free: 580M, Actual Free: 3802M, Max CSet: 170M, Min Garbage: 0B
[2025-05-18T22:58:45.362+0300][7324][8028 ][info][gc,ergo     ] GC(14) Collectable Garbage: 1026M (99%), Immediate: 810M (78%), CSet: 216M (21%)
[2025-05-18T22:58:45.362+0300][7324][8028 ][info][gc,ergo     ] GC(14) Pacer for Evacuation. Used CSet: 217M, Free: 3598M, Non-Taxable: 359M, Alloc Tax Rate: 1.1x
[2025-05-18T22:58:45.362+0300][7324][8028 ][info][gc          ] GC(14) Pause Final Mark (unload classes) 0.298ms
[2025-05-18T22:58:45.362+0300][7324][16848][info][gc,start    ] GC(14) Concurrent thread roots
[2025-05-18T22:58:45.362+0300][7324][16848][info][gc,task     ] GC(14) Using 2 of 4 workers for Concurrent thread roots
[2025-05-18T22:58:45.363+0300][7324][16848][info][gc          ] GC(14) Concurrent thread roots 0.154ms
[2025-05-18T22:58:45.363+0300][7324][16848][info][gc,start    ] GC(14) Concurrent weak references
[2025-05-18T22:58:45.363+0300][7324][16848][info][gc,task     ] GC(14) Using 2 of 4 workers for concurrent weak references
[2025-05-18T22:58:45.363+0300][7324][16848][info][gc,ref      ] GC(14) Encountered references: Soft: 152, Weak: 882, Final: 3, Phantom: 50
[2025-05-18T22:58:45.363+0300][7324][16848][info][gc,ref      ] GC(14) Discovered  references: Soft: 0, Weak: 367, Final: 1, Phantom: 48
[2025-05-18T22:58:45.363+0300][7324][16848][info][gc,ref      ] GC(14) Enqueued    references: Soft: 0, Weak: 182, Final: 0, Phantom: 0
[2025-05-18T22:58:45.363+0300][7324][16848][info][gc          ] GC(14) Concurrent weak references 0.205ms
[2025-05-18T22:58:45.363+0300][7324][16848][info][gc,start    ] GC(14) Concurrent weak roots
[2025-05-18T22:58:45.363+0300][7324][16848][info][gc,task     ] GC(14) Using 2 of 4 workers for concurrent weak root
[2025-05-18T22:58:45.368+0300][7324][16848][info][gc          ] GC(14) Concurrent weak roots 5.112ms
[2025-05-18T22:58:45.368+0300][7324][16848][info][gc,start    ] GC(14) Concurrent cleanup
[2025-05-18T22:58:45.368+0300][7324][16848][info][gc          ] GC(14) Concurrent cleanup 1112M->302M(4096M) 0.083ms
[2025-05-18T22:58:45.368+0300][7324][16848][info][gc,ergo     ] GC(14) Free: 3582M, Max: 2048K regular, 2770M humongous, Frag: 23% external, 0% internal; Reserve: 205M, Max: 2048K
[2025-05-18T22:58:45.368+0300][7324][16848][info][gc,start    ] GC(14) Concurrent class unloading
[2025-05-18T22:58:45.368+0300][7324][16848][info][gc,task     ] GC(14) Using 2 of 4 workers for concurrent class unloading
[2025-05-18T22:58:45.388+0300][7324][16848][info][gc          ] GC(14) Concurrent class unloading 19.495ms
[2025-05-18T22:58:45.388+0300][7324][16848][info][gc,start    ] GC(14) Concurrent strong roots
[2025-05-18T22:58:45.388+0300][7324][16848][info][gc,task     ] GC(14) Using 2 of 4 workers for concurrent strong root
[2025-05-18T22:58:45.388+0300][7324][16848][info][gc          ] GC(14) Concurrent strong roots 0.253ms
[2025-05-18T22:58:45.388+0300][7324][16848][info][gc,start    ] GC(14) Concurrent evacuation
[2025-05-18T22:58:45.388+0300][7324][16848][info][gc,task     ] GC(14) Using 2 of 4 workers for concurrent evacuation
[2025-05-18T22:58:45.389+0300][7324][16848][info][gc          ] GC(14) Concurrent evacuation 1.431ms
[2025-05-18T22:58:45.390+0300][7324][8028 ][info][gc,start    ] GC(14) Pause Init Update Refs
[2025-05-18T22:58:45.390+0300][7324][8028 ][info][gc,ergo     ] GC(14) Pacer for Update Refs. Used: 357M, Free: 3528M, Non-Taxable: 352M, Alloc Tax Rate: 1.1x
[2025-05-18T22:58:45.390+0300][7324][8028 ][info][gc          ] GC(14) Pause Init Update Refs 0.086ms
[2025-05-18T22:58:45.390+0300][7324][16848][info][gc,start    ] GC(14) Concurrent update references
[2025-05-18T22:58:45.390+0300][7324][16848][info][gc,task     ] GC(14) Using 2 of 4 workers for concurrent reference update
[2025-05-18T22:58:45.404+0300][7324][16848][info][gc          ] GC(14) Concurrent update references 13.826ms
[2025-05-18T22:58:45.404+0300][7324][16848][info][gc,start    ] GC(14) Concurrent update thread roots
[2025-05-18T22:58:45.420+0300][7324][16848][info][gc          ] GC(14) Concurrent update thread roots 15.960ms
[2025-05-18T22:58:45.420+0300][7324][8028 ][info][gc,start    ] GC(14) Pause Final Update Refs
[2025-05-18T22:58:45.420+0300][7324][8028 ][info][gc,task     ] GC(14) Using 4 of 4 workers for final reference update
[2025-05-18T22:58:45.420+0300][7324][8028 ][info][gc          ] GC(14) Pause Final Update Refs 0.132ms
[2025-05-18T22:58:45.420+0300][7324][16848][info][gc,start    ] GC(14) Concurrent cleanup
[2025-05-18T22:58:45.420+0300][7324][16848][info][gc          ] GC(14) Concurrent cleanup 415M->197M(4096M) 0.086ms
[2025-05-18T22:58:45.420+0300][7324][16848][info][gc,ergo     ] Free: 3686M, Max: 2048K regular, 2770M humongous, Frag: 25% external, 0% internal; Reserve: 206M, Max: 2048K
[2025-05-18T22:58:45.420+0300][7324][16848][info][gc,stats    ] 
[2025-05-18T22:58:45.420+0300][7324][16848][info][gc,stats    ] All times are wall-clock times, except per-root-class counters, that are sum over
[2025-05-18T22:58:45.420+0300][7324][16848][info][gc,stats    ] all workers. Dividing the <total> over the root stage time estimates parallelism.
[2025-05-18T22:58:45.420+0300][7324][16848][info][gc,stats    ] 
[2025-05-18T22:58:45.420+0300][7324][16848][info][gc,stats    ] Concurrent Reset                    801 us
[2025-05-18T22:58:45.420+0300][7324][16848][info][gc,stats    ] Pause Init Mark (G)                 342 us
[2025-05-18T22:58:45.420+0300][7324][16848][info][gc,stats    ] Pause Init Mark (N)                 180 us
[2025-05-18T22:58:45.420+0300][7324][16848][info][gc,stats    ]   Update Region States               19 us
[2025-05-18T22:58:45.420+0300][7324][16848][info][gc,stats    ] Concurrent Mark Roots               328 us, parallelism: 0.90x
[2025-05-18T22:58:45.420+0300][7324][16848][info][gc,stats    ]   CMR: <total>                      295 us
[2025-05-18T22:58:45.420+0300][7324][16848][info][gc,stats    ]   CMR: Thread Roots                 192 us, workers (us): 144,  48, ---, ---, 
[2025-05-18T22:58:45.420+0300][7324][16848][info][gc,stats    ]   CMR: VM Strong Roots               12 us, workers (us):   7,   6, ---, ---, 
[2025-05-18T22:58:45.420+0300][7324][16848][info][gc,stats    ]   CMR: CLDG Roots                    90 us, workers (us): ---,  90, ---, ---, 
[2025-05-18T22:58:45.420+0300][7324][16848][info][gc,stats    ] Concurrent Marking                19668 us
[2025-05-18T22:58:45.420+0300][7324][16848][info][gc,stats    ] Pause Final Mark (G)                429 us
[2025-05-18T22:58:45.420+0300][7324][16848][info][gc,stats    ] Pause Final Mark (N)                314 us
[2025-05-18T22:58:45.420+0300][7324][16848][info][gc,stats    ]   Finish Mark                        70 us
[2025-05-18T22:58:45.421+0300][7324][16848][info][gc,stats    ]   Update Region States               31 us
[2025-05-18T22:58:45.421+0300][7324][16848][info][gc,stats    ]   Choose Collection Set              81 us
[2025-05-18T22:58:45.421+0300][7324][16848][info][gc,stats    ]   Rebuild Free Set                   17 us
[2025-05-18T22:58:45.421+0300][7324][16848][info][gc,stats    ] Concurrent Thread Roots             184 us, parallelism: 0.64x
[2025-05-18T22:58:45.421+0300][7324][16848][info][gc,stats    ]   CTR: <total>                      118 us
[2025-05-18T22:58:45.421+0300][7324][16848][info][gc,stats    ]   CTR: Thread Roots                 118 us, workers (us):  59,  58, ---, ---, 
[2025-05-18T22:58:45.421+0300][7324][16848][info][gc,stats    ] Concurrent Weak References          227 us, parallelism: 0.45x
[2025-05-18T22:58:45.421+0300][7324][16848][info][gc,stats    ]   CWRF: <total>                     103 us
[2025-05-18T22:58:45.421+0300][7324][16848][info][gc,stats    ]   CWRF: Weak References             103 us, workers (us):  68,  34, ---, ---, 
[2025-05-18T22:58:45.421+0300][7324][16848][info][gc,stats    ] Concurrent Weak Roots              5167 us
[2025-05-18T22:58:45.421+0300][7324][16848][info][gc,stats    ]   Roots                             969 us, parallelism: 1.87x
[2025-05-18T22:58:45.421+0300][7324][16848][info][gc,stats    ]     CWR: <total>                   1811 us
[2025-05-18T22:58:45.421+0300][7324][16848][info][gc,stats    ]     CWR: Code Cache Roots          1380 us, workers (us): 669, 712, ---, ---, 
[2025-05-18T22:58:45.421+0300][7324][16848][info][gc,stats    ]     CWR: VM Weak Roots              410 us, workers (us): 201, 209, ---, ---, 
[2025-05-18T22:58:45.421+0300][7324][16848][info][gc,stats    ]     CWR: CLDG Roots                  21 us, workers (us):  21, ---, ---, ---, 
[2025-05-18T22:58:45.421+0300][7324][16848][info][gc,stats    ]   Rendezvous                       4097 us
[2025-05-18T22:58:45.421+0300][7324][16848][info][gc,stats    ] Concurrent Cleanup                  108 us
[2025-05-18T22:58:45.421+0300][7324][16848][info][gc,stats    ] Concurrent Class Unloading        19564 us
[2025-05-18T22:58:45.421+0300][7324][16848][info][gc,stats    ]   Unlink Stale                     2359 us
[2025-05-18T22:58:45.421+0300][7324][16848][info][gc,stats    ]     System Dictionary                12 us
[2025-05-18T22:58:45.421+0300][7324][16848][info][gc,stats    ]     Weak Class Links                  0 us
[2025-05-18T22:58:45.421+0300][7324][16848][info][gc,stats    ]     Code Roots                     2346 us
[2025-05-18T22:58:45.421+0300][7324][16848][info][gc,stats    ]   Rendezvous                      16990 us
[2025-05-18T22:58:45.421+0300][7324][16848][info][gc,stats    ]   Purge Unlinked                     91 us
[2025-05-18T22:58:45.421+0300][7324][16848][info][gc,stats    ]     Code Roots                       79 us
[2025-05-18T22:58:45.421+0300][7324][16848][info][gc,stats    ]     CLDG                             11 us
[2025-05-18T22:58:45.421+0300][7324][16848][info][gc,stats    ]     Exception Caches                  0 us
[2025-05-18T22:58:45.421+0300][7324][16848][info][gc,stats    ] Concurrent Strong Roots             289 us, parallelism: 0.52x
[2025-05-18T22:58:45.421+0300][7324][16848][info][gc,stats    ]   CSR: <total>                      150 us
[2025-05-18T22:58:45.421+0300][7324][16848][info][gc,stats    ]   CSR: VM Strong Roots               11 us, workers (us):   5,   5, ---, ---, 
[2025-05-18T22:58:45.421+0300][7324][16848][info][gc,stats    ]   CSR: CLDG Roots                   139 us, workers (us): 139, ---, ---, ---, 
[2025-05-18T22:58:45.421+0300][7324][16848][info][gc,stats    ] Concurrent Evacuation              1482 us
[2025-05-18T22:58:45.421+0300][7324][16848][info][gc,stats    ] Pause Init Update Refs (G)          219 us
[2025-05-18T22:58:45.421+0300][7324][16848][info][gc,stats    ] Pause Init Update Refs (N)          109 us
[2025-05-18T22:58:45.421+0300][7324][16848][info][gc,stats    ]   Manage GCLABs                       5 us
[2025-05-18T22:58:45.421+0300][7324][16848][info][gc,stats    ] Concurrent Update Refs            13895 us
[2025-05-18T22:58:45.421+0300][7324][16848][info][gc,stats    ] Concurrent Update Thread Roots    16039 us
[2025-05-18T22:58:45.421+0300][7324][16848][info][gc,stats    ] Pause Final Update Refs (G)         270 us
[2025-05-18T22:58:45.421+0300][7324][16848][info][gc,stats    ] Pause Final Update Refs (N)         151 us
[2025-05-18T22:58:45.421+0300][7324][16848][info][gc,stats    ]   Update Region States               30 us
[2025-05-18T22:58:45.421+0300][7324][16848][info][gc,stats    ]   Trash Collection Set                5 us
[2025-05-18T22:58:45.421+0300][7324][16848][info][gc,stats    ]   Rebuild Free Set                   17 us
[2025-05-18T22:58:45.421+0300][7324][16848][info][gc,stats    ] Concurrent Cleanup                  120 us
[2025-05-18T22:58:45.421+0300][7324][16848][info][gc,stats    ] 
[2025-05-18T22:58:45.421+0300][7324][16848][info][gc,stats    ] Allocation pacing accrued:
[2025-05-18T22:58:45.421+0300][7324][16848][info][gc,stats    ]       0 of   418 ms (  0.0%): <total>
[2025-05-18T22:58:45.422+0300][7324][16848][info][gc,stats    ]       0 of   418 ms (  0.0%): <average total>
[2025-05-18T22:58:45.422+0300][7324][16848][info][gc,stats    ] 
[2025-05-18T22:58:45.422+0300][7324][16848][info][gc,metaspace] Metaspace: 8622K(9664K)->8622K(9664K) NonClass: 7770K(8384K)->7770K(8384K) Class: 851K(1280K)->851K(1280K)
[2025-05-18T22:58:45.422+0300][7324][16848][info][gc,ergo     ] Pacer for Idle. Initial: 83886K, Alloc Tax Rate: 1.0x
[2025-05-18T22:58:46.647+0300][7324][16848][info][gc          ] Trigger: Average GC time (127.22 ms) is above the time for average allocation rate (2557 MB/s) to deplete free headroom (301M) (margin of error = 1.77)
[2025-05-18T22:58:46.647+0300][7324][16848][info][gc,ergo     ] Free headroom: 505M (free) - 204M (spike) - 0B (penalties) = 301M
[2025-05-18T22:58:46.647+0300][7324][16848][info][gc,ergo     ] Free: 505M, Max: 2048K regular, 504M humongous, Frag: 0% external, 0% internal; Reserve: 206M, Max: 2048K
[2025-05-18T22:58:46.647+0300][7324][16848][info][gc,start    ] GC(15) Concurrent reset
[2025-05-18T22:58:46.647+0300][7324][16848][info][gc,task     ] GC(15) Using 2 of 4 workers for concurrent reset
[2025-05-18T22:58:46.647+0300][7324][16848][info][gc,ergo     ] GC(15) Pacer for Reset. Non-Taxable: 4096M
[2025-05-18T22:58:46.648+0300][7324][16848][info][gc          ] GC(15) Concurrent reset 0.784ms
[2025-05-18T22:58:46.648+0300][7324][8028 ][info][gc,start    ] GC(15) Pause Init Mark (unload classes)
[2025-05-18T22:58:46.648+0300][7324][8028 ][info][gc,task     ] GC(15) Using 4 of 4 workers for init marking
[2025-05-18T22:58:46.648+0300][7324][8028 ][info][gc,ergo     ] GC(15) Pacer for Mark. Expected Live: 10352K, Free: 503M, Non-Taxable: 51608K, Alloc Tax Rate: 0.0x
[2025-05-18T22:58:46.648+0300][7324][8028 ][info][gc          ] GC(15) Pause Init Mark (unload classes) 0.148ms
[2025-05-18T22:58:46.648+0300][7324][16848][info][gc,start    ] GC(15) Concurrent marking roots
[2025-05-18T22:58:46.648+0300][7324][16848][info][gc,task     ] GC(15) Using 2 of 4 workers for concurrent marking roots
[2025-05-18T22:58:46.648+0300][7324][16848][info][gc          ] GC(15) Concurrent marking roots 0.272ms
[2025-05-18T22:58:46.648+0300][7324][16848][info][gc,start    ] GC(15) Concurrent marking (unload classes)
[2025-05-18T22:58:46.648+0300][7324][16848][info][gc,task     ] GC(15) Using 2 of 4 workers for concurrent marking
[2025-05-18T22:58:46.665+0300][7324][16848][info][gc          ] GC(15) Concurrent marking (unload classes) 16.778ms
[2025-05-18T22:58:46.665+0300][7324][8028 ][info][gc,start    ] GC(15) Pause Final Mark (unload classes)
[2025-05-18T22:58:46.665+0300][7324][8028 ][info][gc,task     ] GC(15) Using 4 of 4 workers for final marking
[2025-05-18T22:58:46.665+0300][7324][8028 ][info][gc,ergo     ] GC(15) Adaptive CSet Selection. Target Free: 580M, Actual Free: 3416M, Max CSet: 170M, Min Garbage: 0B
[2025-05-18T22:58:46.665+0300][7324][8028 ][info][gc,ergo     ] GC(15) Collectable Garbage: 3368M (99%), Immediate: 2756M (81%), CSet: 612M (18%)
[2025-05-18T22:58:46.665+0300][7324][8028 ][info][gc,ergo     ] GC(15) Pacer for Evacuation. Used CSet: 614M, Free: 3211M, Non-Taxable: 321M, Alloc Tax Rate: 1.1x
[2025-05-18T22:58:46.665+0300][7324][8028 ][info][gc          ] GC(15) Pause Final Mark (unload classes) 0.333ms
[2025-05-18T22:58:46.666+0300][7324][16848][info][gc,start    ] GC(15) Concurrent thread roots
[2025-05-18T22:58:46.666+0300][7324][16848][info][gc,task     ] GC(15) Using 2 of 4 workers for Concurrent thread roots
[2025-05-18T22:58:46.666+0300][7324][16848][info][gc          ] GC(15) Concurrent thread roots 0.260ms
[2025-05-18T22:58:46.666+0300][7324][16848][info][gc,start    ] GC(15) Concurrent weak references
[2025-05-18T22:58:46.666+0300][7324][16848][info][gc,task     ] GC(15) Using 2 of 4 workers for concurrent weak references
[2025-05-18T22:58:46.666+0300][7324][16848][info][gc,ref      ] GC(15) Encountered references: Soft: 152, Weak: 1302, Final: 3, Phantom: 50
[2025-05-18T22:58:46.666+0300][7324][16848][info][gc,ref      ] GC(15) Discovered  references: Soft: 0, Weak: 903, Final: 1, Phantom: 36
[2025-05-18T22:58:46.666+0300][7324][16848][info][gc,ref      ] GC(15) Enqueued    references: Soft: 0, Weak: 602, Final: 0, Phantom: 0
[2025-05-18T22:58:46.666+0300][7324][16848][info][gc          ] GC(15) Concurrent weak references 0.357ms
[2025-05-18T22:58:46.666+0300][7324][16848][info][gc,start    ] GC(15) Concurrent weak roots
[2025-05-18T22:58:46.666+0300][7324][16848][info][gc,task     ] GC(15) Using 2 of 4 workers for concurrent weak root
[2025-05-18T22:58:46.668+0300][7324][16848][info][gc          ] GC(15) Concurrent weak roots 1.418ms
[2025-05-18T22:58:46.668+0300][7324][16848][info][gc,start    ] GC(15) Concurrent cleanup
[2025-05-18T22:58:46.668+0300][7324][16848][info][gc          ] GC(15) Concurrent cleanup 3445M->689M(4096M) 0.147ms
[2025-05-18T22:58:46.668+0300][7324][16848][info][gc,ergo     ] GC(15) Free: 3195M, Max: 2048K regular, 438M humongous, Frag: 87% external, 0% internal; Reserve: 204M, Max: 2048K
[2025-05-18T22:58:46.668+0300][7324][16848][info][gc,start    ] GC(15) Concurrent class unloading
[2025-05-18T22:58:46.668+0300][7324][16848][info][gc,task     ] GC(15) Using 2 of 4 workers for concurrent class unloading
[2025-05-18T22:58:46.675+0300][7324][16848][info][gc          ] GC(15) Concurrent class unloading 6.730ms
[2025-05-18T22:58:46.675+0300][7324][16848][info][gc,start    ] GC(15) Concurrent strong roots
[2025-05-18T22:58:46.675+0300][7324][16848][info][gc,task     ] GC(15) Using 2 of 4 workers for concurrent strong root
[2025-05-18T22:58:46.675+0300][7324][16848][info][gc          ] GC(15) Concurrent strong roots 0.265ms
[2025-05-18T22:58:46.675+0300][7324][16848][info][gc,start    ] GC(15) Concurrent evacuation
[2025-05-18T22:58:46.675+0300][7324][16848][info][gc,task     ] GC(15) Using 2 of 4 workers for concurrent evacuation
[2025-05-18T22:58:46.679+0300][7324][16848][info][gc          ] GC(15) Concurrent evacuation 3.986ms
[2025-05-18T22:58:46.679+0300][7324][8028 ][info][gc,start    ] GC(15) Pause Init Update Refs
[2025-05-18T22:58:46.679+0300][7324][8028 ][info][gc,ergo     ] GC(15) Pacer for Update Refs. Used: 710M, Free: 3175M, Non-Taxable: 317M, Alloc Tax Rate: 1.1x
[2025-05-18T22:58:46.679+0300][7324][8028 ][info][gc          ] GC(15) Pause Init Update Refs 0.081ms
[2025-05-18T22:58:46.679+0300][7324][16848][info][gc,start    ] GC(15) Concurrent update references
[2025-05-18T22:58:46.679+0300][7324][16848][info][gc,task     ] GC(15) Using 2 of 4 workers for concurrent reference update
[2025-05-18T22:58:46.691+0300][7324][16848][info][gc          ] GC(15) Concurrent update references 11.892ms
[2025-05-18T22:58:46.691+0300][7324][16848][info][gc,start    ] GC(15) Concurrent update thread roots
[2025-05-18T22:58:46.692+0300][7324][16848][info][gc          ] GC(15) Concurrent update thread roots 0.504ms
[2025-05-18T22:58:46.692+0300][7324][8028 ][info][gc,start    ] GC(15) Pause Final Update Refs
[2025-05-18T22:58:46.692+0300][7324][8028 ][info][gc,task     ] GC(15) Using 4 of 4 workers for final reference update
[2025-05-18T22:58:46.692+0300][7324][8028 ][info][gc          ] GC(15) Pause Final Update Refs 0.168ms
[2025-05-18T22:58:46.692+0300][7324][16848][info][gc,start    ] GC(15) Concurrent cleanup
[2025-05-18T22:58:46.692+0300][7324][16848][info][gc          ] GC(15) Concurrent cleanup 734M->120M(4096M) 0.085ms
[2025-05-18T22:58:46.692+0300][7324][16848][info][gc,ergo     ] Free: 3763M, Max: 2048K regular, 3320M humongous, Frag: 12% external, 0% internal; Reserve: 206M, Max: 2048K
[2025-05-18T22:58:46.692+0300][7324][16848][info][gc,stats    ] 
[2025-05-18T22:58:46.692+0300][7324][16848][info][gc,stats    ] All times are wall-clock times, except per-root-class counters, that are sum over
[2025-05-18T22:58:46.692+0300][7324][16848][info][gc,stats    ] all workers. Dividing the <total> over the root stage time estimates parallelism.
[2025-05-18T22:58:46.692+0300][7324][16848][info][gc,stats    ] 
[2025-05-18T22:58:46.692+0300][7324][16848][info][gc,stats    ] Concurrent Reset                    836 us
[2025-05-18T22:58:46.692+0300][7324][16848][info][gc,stats    ] Pause Init Mark (G)                 385 us
[2025-05-18T22:58:46.692+0300][7324][16848][info][gc,stats    ] Pause Init Mark (N)                 185 us
[2025-05-18T22:58:46.692+0300][7324][16848][info][gc,stats    ]   Update Region States               23 us
[2025-05-18T22:58:46.692+0300][7324][16848][info][gc,stats    ] Concurrent Mark Roots               306 us, parallelism: 0.64x
[2025-05-18T22:58:46.692+0300][7324][16848][info][gc,stats    ]   CMR: <total>                      195 us
[2025-05-18T22:58:46.692+0300][7324][16848][info][gc,stats    ]   CMR: Thread Roots                 100 us, workers (us):   3,  97, ---, ---, 
[2025-05-18T22:58:46.692+0300][7324][16848][info][gc,stats    ]   CMR: VM Strong Roots                9 us, workers (us):   6,   3, ---, ---, 
[2025-05-18T22:58:46.693+0300][7324][16848][info][gc,stats    ]   CMR: CLDG Roots                    86 us, workers (us):  86, ---, ---, ---, 
[2025-05-18T22:58:46.693+0300][7324][16848][info][gc,stats    ] Concurrent Marking                16839 us
[2025-05-18T22:58:46.693+0300][7324][16848][info][gc,stats    ] Pause Final Mark (G)                444 us
[2025-05-18T22:58:46.693+0300][7324][16848][info][gc,stats    ] Pause Final Mark (N)                349 us
[2025-05-18T22:58:46.693+0300][7324][16848][info][gc,stats    ]   Finish Mark                        64 us
[2025-05-18T22:58:46.693+0300][7324][16848][info][gc,stats    ]   Update Region States               34 us
[2025-05-18T22:58:46.693+0300][7324][16848][info][gc,stats    ]   Choose Collection Set             112 us
[2025-05-18T22:58:46.693+0300][7324][16848][info][gc,stats    ]   Rebuild Free Set                   21 us
[2025-05-18T22:58:46.693+0300][7324][16848][info][gc,stats    ] Concurrent Thread Roots             292 us, parallelism: 1.21x
[2025-05-18T22:58:46.693+0300][7324][16848][info][gc,stats    ]   CTR: <total>                      352 us
[2025-05-18T22:58:46.693+0300][7324][16848][info][gc,stats    ]   CTR: Thread Roots                 352 us, workers (us): 176, 176, ---, ---, 
[2025-05-18T22:58:46.693+0300][7324][16848][info][gc,stats    ] Concurrent Weak References          382 us, parallelism: 0.65x
[2025-05-18T22:58:46.693+0300][7324][16848][info][gc,stats    ]   CWRF: <total>                     246 us
[2025-05-18T22:58:46.693+0300][7324][16848][info][gc,stats    ]   CWRF: Weak References             246 us, workers (us):  42, 205, ---, ---, 
[2025-05-18T22:58:46.693+0300][7324][16848][info][gc,stats    ] Concurrent Weak Roots              1465 us
[2025-05-18T22:58:46.693+0300][7324][16848][info][gc,stats    ]   Roots                             788 us, parallelism: 1.81x
[2025-05-18T22:58:46.693+0300][7324][16848][info][gc,stats    ]     CWR: <total>                   1424 us
[2025-05-18T22:58:46.693+0300][7324][16848][info][gc,stats    ]     CWR: Code Cache Roots          1005 us, workers (us): 527, 478, ---, ---, 
[2025-05-18T22:58:46.693+0300][7324][16848][info][gc,stats    ]     CWR: VM Weak Roots              410 us, workers (us): 208, 202, ---, ---, 
[2025-05-18T22:58:46.693+0300][7324][16848][info][gc,stats    ]     CWR: CLDG Roots                   9 us, workers (us): ---,   9, ---, ---, 
[2025-05-18T22:58:46.693+0300][7324][16848][info][gc,stats    ]   Rendezvous                        582 us
[2025-05-18T22:58:46.693+0300][7324][16848][info][gc,stats    ] Concurrent Cleanup                  176 us
[2025-05-18T22:58:46.693+0300][7324][16848][info][gc,stats    ] Concurrent Class Unloading         6789 us
[2025-05-18T22:58:46.693+0300][7324][16848][info][gc,stats    ]   Unlink Stale                     2028 us
[2025-05-18T22:58:46.693+0300][7324][16848][info][gc,stats    ]     System Dictionary                10 us
[2025-05-18T22:58:46.693+0300][7324][16848][info][gc,stats    ]     Weak Class Links                  0 us
[2025-05-18T22:58:46.693+0300][7324][16848][info][gc,stats    ]     Code Roots                     2017 us
[2025-05-18T22:58:46.693+0300][7324][16848][info][gc,stats    ]   Rendezvous                       4552 us
[2025-05-18T22:58:46.693+0300][7324][16848][info][gc,stats    ]   Purge Unlinked                    100 us
[2025-05-18T22:58:46.693+0300][7324][16848][info][gc,stats    ]     Code Roots                       86 us
[2025-05-18T22:58:46.693+0300][7324][16848][info][gc,stats    ]     CLDG                             13 us
[2025-05-18T22:58:46.693+0300][7324][16848][info][gc,stats    ]     Exception Caches                  0 us
[2025-05-18T22:58:46.693+0300][7324][16848][info][gc,stats    ] Concurrent Strong Roots             296 us, parallelism: 0.59x
[2025-05-18T22:58:46.693+0300][7324][16848][info][gc,stats    ]   CSR: <total>                      174 us
[2025-05-18T22:58:46.693+0300][7324][16848][info][gc,stats    ]   CSR: VM Strong Roots               12 us, workers (us):   6,   6, ---, ---, 
[2025-05-18T22:58:46.693+0300][7324][16848][info][gc,stats    ]   CSR: CLDG Roots                   162 us, workers (us): ---, 162, ---, ---, 
[2025-05-18T22:58:46.693+0300][7324][16848][info][gc,stats    ] Concurrent Evacuation              4043 us
[2025-05-18T22:58:46.693+0300][7324][16848][info][gc,stats    ] Pause Init Update Refs (G)          214 us
[2025-05-18T22:58:46.693+0300][7324][16848][info][gc,stats    ] Pause Init Update Refs (N)          103 us
[2025-05-18T22:58:46.693+0300][7324][16848][info][gc,stats    ]   Manage GCLABs                       5 us
[2025-05-18T22:58:46.693+0300][7324][16848][info][gc,stats    ] Concurrent Update Refs            11957 us
[2025-05-18T22:58:46.693+0300][7324][16848][info][gc,stats    ] Concurrent Update Thread Roots      544 us
[2025-05-18T22:58:46.693+0300][7324][16848][info][gc,stats    ] Pause Final Update Refs (G)         288 us
[2025-05-18T22:58:46.693+0300][7324][16848][info][gc,stats    ] Pause Final Update Refs (N)         193 us
[2025-05-18T22:58:46.693+0300][7324][16848][info][gc,stats    ]   Update Region States               47 us
[2025-05-18T22:58:46.693+0300][7324][16848][info][gc,stats    ]   Trash Collection Set               12 us
[2025-05-18T22:58:46.694+0300][7324][16848][info][gc,stats    ]   Rebuild Free Set                   26 us
[2025-05-18T22:58:46.694+0300][7324][16848][info][gc,stats    ] Concurrent Cleanup                  116 us
[2025-05-18T22:58:46.694+0300][7324][16848][info][gc,stats    ] 
[2025-05-18T22:58:46.694+0300][7324][16848][info][gc,stats    ] Allocation pacing accrued:
[2025-05-18T22:58:46.694+0300][7324][16848][info][gc,stats    ]       0 of  1272 ms (  0.0%): <total>
[2025-05-18T22:58:46.694+0300][7324][16848][info][gc,stats    ]       0 of  1272 ms (  0.0%): <average total>
[2025-05-18T22:58:46.694+0300][7324][16848][info][gc,stats    ] 
[2025-05-18T22:58:46.694+0300][7324][16848][info][gc,metaspace] Metaspace: 8622K(9664K)->8622K(9664K) NonClass: 7770K(8384K)->7770K(8384K) Class: 851K(1280K)->851K(1280K)
[2025-05-18T22:58:46.694+0300][7324][16848][info][gc,ergo     ] Pacer for Idle. Initial: 83886K, Alloc Tax Rate: 1.0x
[2025-05-18T22:58:47.857+0300][7324][16848][info][gc          ] Trigger: Average GC time (102.18 ms) is above the time for average allocation rate (2856 MB/s) to deplete free headroom (253M) (margin of error = 1.77)
[2025-05-18T22:58:47.857+0300][7324][16848][info][gc,ergo     ] Free headroom: 457M (free) - 204M (spike) - 0B (penalties) = 253M
[2025-05-18T22:58:47.857+0300][7324][16848][info][gc,ergo     ] Free: 457M, Max: 2048K regular, 438M humongous, Frag: 4% external, 0% internal; Reserve: 206M, Max: 2048K
[2025-05-18T22:58:47.857+0300][7324][16848][info][gc,start    ] GC(16) Concurrent reset
[2025-05-18T22:58:47.857+0300][7324][16848][info][gc,task     ] GC(16) Using 2 of 4 workers for concurrent reset
[2025-05-18T22:58:47.857+0300][7324][16848][info][gc,ergo     ] GC(16) Pacer for Reset. Non-Taxable: 4096M
[2025-05-18T22:58:47.858+0300][7324][16848][info][gc          ] GC(16) Concurrent reset 1.287ms
[2025-05-18T22:58:47.858+0300][7324][8028 ][info][gc,start    ] GC(16) Pause Init Mark (unload classes)
[2025-05-18T22:58:47.858+0300][7324][8028 ][info][gc,task     ] GC(16) Using 4 of 4 workers for init marking
[2025-05-18T22:58:47.858+0300][7324][8028 ][info][gc,ergo     ] GC(16) Pacer for Mark. Expected Live: 10493K, Free: 451M, Non-Taxable: 46283K, Alloc Tax Rate: 0.0x
[2025-05-18T22:58:47.858+0300][7324][8028 ][info][gc          ] GC(16) Pause Init Mark (unload classes) 0.135ms
[2025-05-18T22:58:47.858+0300][7324][16848][info][gc,start    ] GC(16) Concurrent marking roots
[2025-05-18T22:58:47.858+0300][7324][16848][info][gc,task     ] GC(16) Using 2 of 4 workers for concurrent marking roots
[2025-05-18T22:58:47.859+0300][7324][16848][info][gc          ] GC(16) Concurrent marking roots 0.204ms
[2025-05-18T22:58:47.859+0300][7324][16848][info][gc,start    ] GC(16) Concurrent marking (unload classes)
[2025-05-18T22:58:47.859+0300][7324][16848][info][gc,task     ] GC(16) Using 2 of 4 workers for concurrent marking
[2025-05-18T22:58:47.867+0300][7324][16848][info][gc          ] GC(16) Concurrent marking (unload classes) 7.908ms
[2025-05-18T22:58:47.867+0300][7324][8028 ][info][gc,start    ] GC(16) Pause Final Mark (unload classes)
[2025-05-18T22:58:47.867+0300][7324][8028 ][info][gc,task     ] GC(16) Using 4 of 4 workers for final marking
[2025-05-18T22:58:47.867+0300][7324][8028 ][info][gc,ergo     ] GC(16) Adaptive CSet Selection. Target Free: 580M, Actual Free: 3410M, Max CSet: 170M, Min Garbage: 0B
[2025-05-18T22:58:47.867+0300][7324][8028 ][info][gc,ergo     ] GC(16) Collectable Garbage: 3420M (99%), Immediate: 2782M (81%), CSet: 638M (18%)
[2025-05-18T22:58:47.867+0300][7324][8028 ][info][gc,ergo     ] GC(16) Pacer for Evacuation. Used CSet: 640M, Free: 3205M, Non-Taxable: 320M, Alloc Tax Rate: 1.1x
[2025-05-18T22:58:47.867+0300][7324][8028 ][info][gc          ] GC(16) Pause Final Mark (unload classes) 0.320ms
[2025-05-18T22:58:47.867+0300][7324][16848][info][gc,start    ] GC(16) Concurrent thread roots
[2025-05-18T22:58:47.867+0300][7324][16848][info][gc,task     ] GC(16) Using 2 of 4 workers for Concurrent thread roots
[2025-05-18T22:58:47.867+0300][7324][16848][info][gc          ] GC(16) Concurrent thread roots 0.243ms
[2025-05-18T22:58:47.867+0300][7324][16848][info][gc,start    ] GC(16) Concurrent weak references
[2025-05-18T22:58:47.867+0300][7324][16848][info][gc,task     ] GC(16) Using 2 of 4 workers for concurrent weak references
[2025-05-18T22:58:47.868+0300][7324][16848][info][gc,ref      ] GC(16) Encountered references: Soft: 152, Weak: 1304, Final: 3, Phantom: 50
[2025-05-18T22:58:47.868+0300][7324][16848][info][gc,ref      ] GC(16) Discovered  references: Soft: 0, Weak: 798, Final: 1, Phantom: 39
[2025-05-18T22:58:47.868+0300][7324][16848][info][gc,ref      ] GC(16) Enqueued    references: Soft: 0, Weak: 604, Final: 0, Phantom: 0
[2025-05-18T22:58:47.868+0300][7324][16848][info][gc          ] GC(16) Concurrent weak references 0.345ms
[2025-05-18T22:58:47.868+0300][7324][16848][info][gc,start    ] GC(16) Concurrent weak roots
[2025-05-18T22:58:47.868+0300][7324][16848][info][gc,task     ] GC(16) Using 2 of 4 workers for concurrent weak root
[2025-05-18T22:58:47.869+0300][7324][16848][info][gc          ] GC(16) Concurrent weak roots 1.603ms
[2025-05-18T22:58:47.869+0300][7324][16848][info][gc,start    ] GC(16) Concurrent cleanup
[2025-05-18T22:58:47.870+0300][7324][16848][info][gc          ] GC(16) Concurrent cleanup 3477M->695M(4096M) 0.158ms
[2025-05-18T22:58:47.870+0300][7324][16848][info][gc,ergo     ] GC(16) Free: 3189M, Max: 2048K regular, 406M humongous, Frag: 88% external, 0% internal; Reserve: 204M, Max: 2048K
[2025-05-18T22:58:47.870+0300][7324][16848][info][gc,start    ] GC(16) Concurrent class unloading
[2025-05-18T22:58:47.870+0300][7324][16848][info][gc,task     ] GC(16) Using 2 of 4 workers for concurrent class unloading
[2025-05-18T22:58:47.873+0300][7324][16848][info][gc          ] GC(16) Concurrent class unloading 2.887ms
[2025-05-18T22:58:47.873+0300][7324][16848][info][gc,start    ] GC(16) Concurrent strong roots
[2025-05-18T22:58:47.873+0300][7324][16848][info][gc,task     ] GC(16) Using 2 of 4 workers for concurrent strong root
[2025-05-18T22:58:47.873+0300][7324][16848][info][gc          ] GC(16) Concurrent strong roots 0.246ms
[2025-05-18T22:58:47.873+0300][7324][16848][info][gc,start    ] GC(16) Concurrent evacuation
[2025-05-18T22:58:47.873+0300][7324][16848][info][gc,task     ] GC(16) Using 2 of 4 workers for concurrent evacuation
[2025-05-18T22:58:47.877+0300][7324][16848][info][gc          ] GC(16) Concurrent evacuation 3.935ms
[2025-05-18T22:58:47.877+0300][7324][8028 ][info][gc,start    ] GC(16) Pause Init Update Refs
[2025-05-18T22:58:47.877+0300][7324][8028 ][info][gc,ergo     ] GC(16) Pacer for Update Refs. Used: 705M, Free: 3179M, Non-Taxable: 317M, Alloc Tax Rate: 1.1x
[2025-05-18T22:58:47.877+0300][7324][8028 ][info][gc          ] GC(16) Pause Init Update Refs 0.068ms
[2025-05-18T22:58:47.877+0300][7324][16848][info][gc,start    ] GC(16) Concurrent update references
[2025-05-18T22:58:47.877+0300][7324][16848][info][gc,task     ] GC(16) Using 2 of 4 workers for concurrent reference update
[2025-05-18T22:58:47.884+0300][7324][16848][info][gc          ] GC(16) Concurrent update references 7.205ms
[2025-05-18T22:58:47.884+0300][7324][16848][info][gc,start    ] GC(16) Concurrent update thread roots
[2025-05-18T22:58:47.885+0300][7324][16848][info][gc          ] GC(16) Concurrent update thread roots 0.298ms
[2025-05-18T22:58:47.885+0300][7324][8028 ][info][gc,start    ] GC(16) Pause Final Update Refs
[2025-05-18T22:58:47.885+0300][7324][8028 ][info][gc,task     ] GC(16) Using 4 of 4 workers for final reference update
[2025-05-18T22:58:47.885+0300][7324][8028 ][info][gc          ] GC(16) Pause Final Update Refs 0.166ms
[2025-05-18T22:58:47.885+0300][7324][16848][info][gc,start    ] GC(16) Concurrent cleanup
[2025-05-18T22:58:47.885+0300][7324][16848][info][gc          ] GC(16) Concurrent cleanup 717M->79M(4096M) 0.081ms
[2025-05-18T22:58:47.885+0300][7324][16848][info][gc,ergo     ] Free: 3802M, Max: 2048K regular, 3330M humongous, Frag: 13% external, 0% internal; Reserve: 206M, Max: 2048K
[2025-05-18T22:58:47.885+0300][7324][16848][info][gc,stats    ] 
[2025-05-18T22:58:47.885+0300][7324][16848][info][gc,stats    ] All times are wall-clock times, except per-root-class counters, that are sum over
[2025-05-18T22:58:47.885+0300][7324][16848][info][gc,stats    ] all workers. Dividing the <total> over the root stage time estimates parallelism.
[2025-05-18T22:58:47.885+0300][7324][16848][info][gc,stats    ] 
[2025-05-18T22:58:47.885+0300][7324][16848][info][gc,stats    ] Concurrent Reset                   1352 us
[2025-05-18T22:58:47.885+0300][7324][16848][info][gc,stats    ] Pause Init Mark (G)                 334 us
[2025-05-18T22:58:47.885+0300][7324][16848][info][gc,stats    ] Pause Init Mark (N)                 152 us
[2025-05-18T22:58:47.885+0300][7324][16848][info][gc,stats    ]   Update Region States               23 us
[2025-05-18T22:58:47.885+0300][7324][16848][info][gc,stats    ] Concurrent Mark Roots               237 us, parallelism: 0.83x
[2025-05-18T22:58:47.885+0300][7324][16848][info][gc,stats    ]   CMR: <total>                      196 us
[2025-05-18T22:58:47.885+0300][7324][16848][info][gc,stats    ]   CMR: Thread Roots                 101 us, workers (us):  93,   8, ---, ---, 
[2025-05-18T22:58:47.885+0300][7324][16848][info][gc,stats    ]   CMR: VM Strong Roots               10 us, workers (us):   5,   5, ---, ---, 
[2025-05-18T22:58:47.885+0300][7324][16848][info][gc,stats    ]   CMR: CLDG Roots                    85 us, workers (us): ---,  85, ---, ---, 
[2025-05-18T22:58:47.885+0300][7324][16848][info][gc,stats    ] Concurrent Marking                 7973 us
[2025-05-18T22:58:47.885+0300][7324][16848][info][gc,stats    ] Pause Final Mark (G)                464 us
[2025-05-18T22:58:47.885+0300][7324][16848][info][gc,stats    ] Pause Final Mark (N)                336 us
[2025-05-18T22:58:47.886+0300][7324][16848][info][gc,stats    ]   Finish Mark                        59 us
[2025-05-18T22:58:47.886+0300][7324][16848][info][gc,stats    ]   Update Region States               23 us
[2025-05-18T22:58:47.886+0300][7324][16848][info][gc,stats    ]   Choose Collection Set             117 us
[2025-05-18T22:58:47.886+0300][7324][16848][info][gc,stats    ]   Rebuild Free Set                   21 us
[2025-05-18T22:58:47.886+0300][7324][16848][info][gc,stats    ] Concurrent Thread Roots             278 us, parallelism: 1.07x
[2025-05-18T22:58:47.886+0300][7324][16848][info][gc,stats    ]   CTR: <total>                      297 us
[2025-05-18T22:58:47.886+0300][7324][16848][info][gc,stats    ]   CTR: Thread Roots                 297 us, workers (us): 158, 140, ---, ---, 
[2025-05-18T22:58:47.886+0300][7324][16848][info][gc,stats    ] Concurrent Weak References          370 us, parallelism: 0.59x
[2025-05-18T22:58:47.886+0300][7324][16848][info][gc,stats    ]   CWRF: <total>                     220 us
[2025-05-18T22:58:47.886+0300][7324][16848][info][gc,stats    ]   CWRF: Weak References             220 us, workers (us): 191,  30, ---, ---, 
[2025-05-18T22:58:47.886+0300][7324][16848][info][gc,stats    ] Concurrent Weak Roots              1651 us
[2025-05-18T22:58:47.886+0300][7324][16848][info][gc,stats    ]   Roots                             791 us, parallelism: 1.82x
[2025-05-18T22:58:47.886+0300][7324][16848][info][gc,stats    ]     CWR: <total>                   1443 us
[2025-05-18T22:58:47.886+0300][7324][16848][info][gc,stats    ]     CWR: Code Cache Roots          1038 us, workers (us): 489, 548, ---, ---, 
[2025-05-18T22:58:47.886+0300][7324][16848][info][gc,stats    ]     CWR: VM Weak Roots              399 us, workers (us): 198, 202, ---, ---, 
[2025-05-18T22:58:47.886+0300][7324][16848][info][gc,stats    ]     CWR: CLDG Roots                   6 us, workers (us):   6, ---, ---, ---, 
[2025-05-18T22:58:47.886+0300][7324][16848][info][gc,stats    ]   Rendezvous                        755 us
[2025-05-18T22:58:47.886+0300][7324][16848][info][gc,stats    ] Concurrent Cleanup                  186 us
[2025-05-18T22:58:47.886+0300][7324][16848][info][gc,stats    ] Concurrent Class Unloading         2940 us
[2025-05-18T22:58:47.886+0300][7324][16848][info][gc,stats    ]   Unlink Stale                     2165 us
[2025-05-18T22:58:47.886+0300][7324][16848][info][gc,stats    ]     System Dictionary                12 us
[2025-05-18T22:58:47.886+0300][7324][16848][info][gc,stats    ]     Weak Class Links                  0 us
[2025-05-18T22:58:47.886+0300][7324][16848][info][gc,stats    ]     Code Roots                     2151 us
[2025-05-18T22:58:47.886+0300][7324][16848][info][gc,stats    ]   Rendezvous                        635 us
[2025-05-18T22:58:47.886+0300][7324][16848][info][gc,stats    ]   Purge Unlinked                     38 us
[2025-05-18T22:58:47.886+0300][7324][16848][info][gc,stats    ]     Code Roots                       29 us
[2025-05-18T22:58:47.886+0300][7324][16848][info][gc,stats    ]     CLDG                              8 us
[2025-05-18T22:58:47.886+0300][7324][16848][info][gc,stats    ]     Exception Caches                  0 us
[2025-05-18T22:58:47.886+0300][7324][16848][info][gc,stats    ] Concurrent Strong Roots             307 us, parallelism: 0.53x
[2025-05-18T22:58:47.886+0300][7324][16848][info][gc,stats    ]   CSR: <total>                      162 us
[2025-05-18T22:58:47.886+0300][7324][16848][info][gc,stats    ]   CSR: VM Strong Roots               10 us, workers (us):   7,   3, ---, ---, 
[2025-05-18T22:58:47.886+0300][7324][16848][info][gc,stats    ]   CSR: CLDG Roots                   151 us, workers (us): 151, ---, ---, ---, 
[2025-05-18T22:58:47.886+0300][7324][16848][info][gc,stats    ] Concurrent Evacuation              3997 us
[2025-05-18T22:58:47.886+0300][7324][16848][info][gc,stats    ] Pause Init Update Refs (G)          186 us
[2025-05-18T22:58:47.886+0300][7324][16848][info][gc,stats    ] Pause Init Update Refs (N)           84 us
[2025-05-18T22:58:47.886+0300][7324][16848][info][gc,stats    ]   Manage GCLABs                       4 us
[2025-05-18T22:58:47.886+0300][7324][16848][info][gc,stats    ] Concurrent Update Refs             7269 us
[2025-05-18T22:58:47.886+0300][7324][16848][info][gc,stats    ] Concurrent Update Thread Roots      329 us
[2025-05-18T22:58:47.886+0300][7324][16848][info][gc,stats    ] Pause Final Update Refs (G)         304 us
[2025-05-18T22:58:47.886+0300][7324][16848][info][gc,stats    ] Pause Final Update Refs (N)         212 us
[2025-05-18T22:58:47.886+0300][7324][16848][info][gc,stats    ]   Update Region States               56 us
[2025-05-18T22:58:47.886+0300][7324][16848][info][gc,stats    ]   Trash Collection Set               11 us
[2025-05-18T22:58:47.886+0300][7324][16848][info][gc,stats    ]   Rebuild Free Set                   39 us
[2025-05-18T22:58:47.886+0300][7324][16848][info][gc,stats    ] Concurrent Cleanup                  108 us
[2025-05-18T22:58:47.886+0300][7324][16848][info][gc,stats    ] 
[2025-05-18T22:58:47.886+0300][7324][16848][info][gc,stats    ] Allocation pacing accrued:
[2025-05-18T22:58:47.886+0300][7324][16848][info][gc,stats    ]       0 of  1193 ms (  0.0%): <total>
[2025-05-18T22:58:47.886+0300][7324][16848][info][gc,stats    ]       0 of  1193 ms (  0.0%): <average total>
[2025-05-18T22:58:47.887+0300][7324][16848][info][gc,stats    ] 
[2025-05-18T22:58:47.887+0300][7324][16848][info][gc,metaspace] Metaspace: 8622K(9664K)->8622K(9664K) NonClass: 7770K(8384K)->7770K(8384K) Class: 851K(1280K)->851K(1280K)
[2025-05-18T22:58:47.887+0300][7324][16848][info][gc,ergo     ] Pacer for Idle. Initial: 83886K, Alloc Tax Rate: 1.0x
[2025-05-18T22:58:49.053+0300][7324][16848][info][gc          ] Trigger: Average GC time (81.99 ms) is above the time for average allocation rate (2903 MB/s) to deplete free headroom (215M) (margin of error = 1.76)
[2025-05-18T22:58:49.053+0300][7324][16848][info][gc,ergo     ] Free headroom: 420M (free) - 204M (spike) - 0B (penalties) = 215M
[2025-05-18T22:58:49.053+0300][7324][16848][info][gc,ergo     ] Free: 418M, Max: 2048K regular, 406M humongous, Frag: 3% external, 0% internal; Reserve: 206M, Max: 2048K
[2025-05-18T22:58:49.053+0300][7324][16848][info][gc,start    ] GC(17) Concurrent reset
[2025-05-18T22:58:49.053+0300][7324][16848][info][gc,task     ] GC(17) Using 2 of 4 workers for concurrent reset
[2025-05-18T22:58:49.053+0300][7324][16848][info][gc,ergo     ] GC(17) Pacer for Reset. Non-Taxable: 4096M
[2025-05-18T22:58:49.055+0300][7324][16848][info][gc          ] GC(17) Concurrent reset 1.850ms
[2025-05-18T22:58:49.055+0300][7324][8028 ][info][gc,start    ] GC(17) Pause Init Mark (unload classes)
[2025-05-18T22:58:49.055+0300][7324][8028 ][info][gc,task     ] GC(17) Using 4 of 4 workers for init marking
[2025-05-18T22:58:49.055+0300][7324][8028 ][info][gc,ergo     ] GC(17) Pacer for Mark. Expected Live: 10499K, Free: 414M, Non-Taxable: 42398K, Alloc Tax Rate: 0.0x
[2025-05-18T22:58:49.055+0300][7324][8028 ][info][gc          ] GC(17) Pause Init Mark (unload classes) 0.114ms
[2025-05-18T22:58:49.055+0300][7324][16848][info][gc,start    ] GC(17) Concurrent marking roots
[2025-05-18T22:58:49.055+0300][7324][16848][info][gc,task     ] GC(17) Using 2 of 4 workers for concurrent marking roots
[2025-05-18T22:58:49.055+0300][7324][16848][info][gc          ] GC(17) Concurrent marking roots 0.237ms
[2025-05-18T22:58:49.055+0300][7324][16848][info][gc,start    ] GC(17) Concurrent marking (unload classes)
[2025-05-18T22:58:49.055+0300][7324][16848][info][gc,task     ] GC(17) Using 2 of 4 workers for concurrent marking
[2025-05-18T22:58:49.068+0300][7324][16848][info][gc          ] GC(17) Concurrent marking (unload classes) 12.694ms
[2025-05-18T22:58:49.068+0300][7324][8028 ][info][gc,start    ] GC(17) Pause Final Mark (unload classes)
[2025-05-18T22:58:49.068+0300][7324][8028 ][info][gc,task     ] GC(17) Using 4 of 4 workers for final marking
[2025-05-18T22:58:49.068+0300][7324][8028 ][info][gc,ergo     ] GC(17) Adaptive CSet Selection. Target Free: 580M, Actual Free: 3380M, Max CSet: 170M, Min Garbage: 0B
[2025-05-18T22:58:49.068+0300][7324][8028 ][info][gc,ergo     ] GC(17) Collectable Garbage: 3458M (99%), Immediate: 2802M (80%), CSet: 656M (18%)
[2025-05-18T22:58:49.068+0300][7324][8028 ][info][gc,ergo     ] GC(17) Pacer for Evacuation. Used CSet: 657M, Free: 3175M, Non-Taxable: 317M, Alloc Tax Rate: 1.1x
[2025-05-18T22:58:49.068+0300][7324][8028 ][info][gc          ] GC(17) Pause Final Mark (unload classes) 0.327ms
[2025-05-18T22:58:49.068+0300][7324][16848][info][gc,start    ] GC(17) Concurrent thread roots
[2025-05-18T22:58:49.068+0300][7324][16848][info][gc,task     ] GC(17) Using 2 of 4 workers for Concurrent thread roots
[2025-05-18T22:58:49.069+0300][7324][16848][info][gc          ] GC(17) Concurrent thread roots 0.232ms
[2025-05-18T22:58:49.069+0300][7324][16848][info][gc,start    ] GC(17) Concurrent weak references
[2025-05-18T22:58:49.069+0300][7324][16848][info][gc,task     ] GC(17) Using 2 of 4 workers for concurrent weak references
[2025-05-18T22:58:49.069+0300][7324][16848][info][gc,ref      ] GC(17) Encountered references: Soft: 152, Weak: 1316, Final: 3, Phantom: 50
[2025-05-18T22:58:49.069+0300][7324][16848][info][gc,ref      ] GC(17) Discovered  references: Soft: 0, Weak: 814, Final: 3, Phantom: 36
[2025-05-18T22:58:49.069+0300][7324][16848][info][gc,ref      ] GC(17) Enqueued    references: Soft: 0, Weak: 620, Final: 0, Phantom: 0
[2025-05-18T22:58:49.069+0300][7324][16848][info][gc          ] GC(17) Concurrent weak references 0.428ms
[2025-05-18T22:58:49.069+0300][7324][16848][info][gc,start    ] GC(17) Concurrent weak roots
[2025-05-18T22:58:49.069+0300][7324][16848][info][gc,task     ] GC(17) Using 2 of 4 workers for concurrent weak root
[2025-05-18T22:58:49.071+0300][7324][16848][info][gc          ] GC(17) Concurrent weak roots 1.393ms
[2025-05-18T22:58:49.071+0300][7324][16848][info][gc,start    ] GC(17) Concurrent cleanup
[2025-05-18T22:58:49.071+0300][7324][16848][info][gc          ] GC(17) Concurrent cleanup 3527M->725M(4096M) 0.152ms
[2025-05-18T22:58:49.071+0300][7324][16848][info][gc,ergo     ] GC(17) Free: 3159M, Max: 2048K regular, 356M humongous, Frag: 89% external, 0% internal; Reserve: 204M, Max: 2048K
[2025-05-18T22:58:49.071+0300][7324][16848][info][gc,start    ] GC(17) Concurrent class unloading
[2025-05-18T22:58:49.071+0300][7324][16848][info][gc,task     ] GC(17) Using 2 of 4 workers for concurrent class unloading
[2025-05-18T22:58:49.073+0300][7324][16848][info][gc          ] GC(17) Concurrent class unloading 2.283ms
[2025-05-18T22:58:49.073+0300][7324][16848][info][gc,start    ] GC(17) Concurrent strong roots
[2025-05-18T22:58:49.073+0300][7324][16848][info][gc,task     ] GC(17) Using 2 of 4 workers for concurrent strong root
[2025-05-18T22:58:49.073+0300][7324][16848][info][gc          ] GC(17) Concurrent strong roots 0.238ms
[2025-05-18T22:58:49.073+0300][7324][16848][info][gc,start    ] GC(17) Concurrent evacuation
[2025-05-18T22:58:49.073+0300][7324][16848][info][gc,task     ] GC(17) Using 2 of 4 workers for concurrent evacuation
[2025-05-18T22:58:49.077+0300][7324][16848][info][gc          ] GC(17) Concurrent evacuation 3.744ms
[2025-05-18T22:58:49.077+0300][7324][8028 ][info][gc,start    ] GC(17) Pause Init Update Refs
[2025-05-18T22:58:49.077+0300][7324][8028 ][info][gc,ergo     ] GC(17) Pacer for Update Refs. Used: 733M, Free: 3151M, Non-Taxable: 315M, Alloc Tax Rate: 1.1x
[2025-05-18T22:58:49.077+0300][7324][8028 ][info][gc          ] GC(17) Pause Init Update Refs 0.071ms
[2025-05-18T22:58:49.077+0300][7324][16848][info][gc,start    ] GC(17) Concurrent update references
[2025-05-18T22:58:49.077+0300][7324][16848][info][gc,task     ] GC(17) Using 2 of 4 workers for concurrent reference update
[2025-05-18T22:58:49.088+0300][7324][16848][info][gc          ] GC(17) Concurrent update references 10.092ms
[2025-05-18T22:58:49.088+0300][7324][16848][info][gc,start    ] GC(17) Concurrent update thread roots
[2025-05-18T22:58:49.089+0300][7324][16848][info][gc          ] GC(17) Concurrent update thread roots 1.510ms
[2025-05-18T22:58:49.089+0300][7324][8028 ][info][gc,start    ] GC(17) Pause Final Update Refs
[2025-05-18T22:58:49.089+0300][7324][8028 ][info][gc,task     ] GC(17) Using 4 of 4 workers for final reference update
[2025-05-18T22:58:49.089+0300][7324][8028 ][info][gc          ] GC(17) Pause Final Update Refs 0.182ms
[2025-05-18T22:58:49.089+0300][7324][16848][info][gc,start    ] GC(17) Concurrent cleanup
[2025-05-18T22:58:49.090+0300][7324][16848][info][gc          ] GC(17) Concurrent cleanup 759M->101M(4096M) 0.096ms
[2025-05-18T22:58:49.090+0300][7324][16848][info][gc,ergo     ] Free: 3782M, Max: 2048K regular, 3384M humongous, Frag: 11% external, 0% internal; Reserve: 206M, Max: 2048K
[2025-05-18T22:58:49.090+0300][7324][16848][info][gc,stats    ] 
[2025-05-18T22:58:49.090+0300][7324][16848][info][gc,stats    ] All times are wall-clock times, except per-root-class counters, that are sum over
[2025-05-18T22:58:49.090+0300][7324][16848][info][gc,stats    ] all workers. Dividing the <total> over the root stage time estimates parallelism.
[2025-05-18T22:58:49.090+0300][7324][16848][info][gc,stats    ] 
[2025-05-18T22:58:49.090+0300][7324][16848][info][gc,stats    ] Concurrent Reset                   1912 us
[2025-05-18T22:58:49.090+0300][7324][16848][info][gc,stats    ] Pause Init Mark (G)                 296 us
[2025-05-18T22:58:49.090+0300][7324][16848][info][gc,stats    ] Pause Init Mark (N)                 135 us
[2025-05-18T22:58:49.090+0300][7324][16848][info][gc,stats    ]   Update Region States               22 us
[2025-05-18T22:58:49.090+0300][7324][16848][info][gc,stats    ] Concurrent Mark Roots               267 us, parallelism: 0.81x
[2025-05-18T22:58:49.090+0300][7324][16848][info][gc,stats    ]   CMR: <total>                      216 us
[2025-05-18T22:58:49.090+0300][7324][16848][info][gc,stats    ]   CMR: Thread Roots                 127 us, workers (us):   7, 120, ---, ---, 
[2025-05-18T22:58:49.090+0300][7324][16848][info][gc,stats    ]   CMR: VM Strong Roots               11 us, workers (us):   5,   6, ---, ---, 
[2025-05-18T22:58:49.090+0300][7324][16848][info][gc,stats    ]   CMR: CLDG Roots                    79 us, workers (us):  79, ---, ---, ---, 
[2025-05-18T22:58:49.090+0300][7324][16848][info][gc,stats    ] Concurrent Marking                12762 us
[2025-05-18T22:58:49.090+0300][7324][16848][info][gc,stats    ] Pause Final Mark (G)                437 us
[2025-05-18T22:58:49.090+0300][7324][16848][info][gc,stats    ] Pause Final Mark (N)                343 us
[2025-05-18T22:58:49.090+0300][7324][16848][info][gc,stats    ]   Finish Mark                        72 us
[2025-05-18T22:58:49.090+0300][7324][16848][info][gc,stats    ]   Update Region States               32 us
[2025-05-18T22:58:49.090+0300][7324][16848][info][gc,stats    ]   Choose Collection Set             100 us
[2025-05-18T22:58:49.090+0300][7324][16848][info][gc,stats    ]   Rebuild Free Set                   19 us
[2025-05-18T22:58:49.090+0300][7324][16848][info][gc,stats    ] Concurrent Thread Roots             268 us, parallelism: 0.95x
[2025-05-18T22:58:49.090+0300][7324][16848][info][gc,stats    ]   CTR: <total>                      254 us
[2025-05-18T22:58:49.090+0300][7324][16848][info][gc,stats    ]   CTR: Thread Roots                 254 us, workers (us): 144, 111, ---, ---, 
[2025-05-18T22:58:49.090+0300][7324][16848][info][gc,stats    ] Concurrent Weak References          453 us, parallelism: 0.57x
[2025-05-18T22:58:49.090+0300][7324][16848][info][gc,stats    ]   CWRF: <total>                     260 us
[2025-05-18T22:58:49.090+0300][7324][16848][info][gc,stats    ]   CWRF: Weak References             260 us, workers (us):  28, 232, ---, ---, 
[2025-05-18T22:58:49.090+0300][7324][16848][info][gc,stats    ] Concurrent Weak Roots              1443 us
[2025-05-18T22:58:49.090+0300][7324][16848][info][gc,stats    ]   Roots                             760 us, parallelism: 1.83x
[2025-05-18T22:58:49.090+0300][7324][16848][info][gc,stats    ]     CWR: <total>                   1393 us
[2025-05-18T22:58:49.090+0300][7324][16848][info][gc,stats    ]     CWR: Code Cache Roots           993 us, workers (us): 477, 516, ---, ---, 
[2025-05-18T22:58:49.090+0300][7324][16848][info][gc,stats    ]     CWR: VM Weak Roots              394 us, workers (us): 197, 197, ---, ---, 
[2025-05-18T22:58:49.090+0300][7324][16848][info][gc,stats    ]     CWR: CLDG Roots                   6 us, workers (us):   6, ---, ---, ---, 
[2025-05-18T22:58:49.090+0300][7324][16848][info][gc,stats    ]   Rendezvous                        585 us
[2025-05-18T22:58:49.090+0300][7324][16848][info][gc,stats    ] Concurrent Cleanup                  179 us
[2025-05-18T22:58:49.090+0300][7324][16848][info][gc,stats    ] Concurrent Class Unloading         2338 us
[2025-05-18T22:58:49.090+0300][7324][16848][info][gc,stats    ]   Unlink Stale                     1978 us
[2025-05-18T22:58:49.090+0300][7324][16848][info][gc,stats    ]     System Dictionary                14 us
[2025-05-18T22:58:49.090+0300][7324][16848][info][gc,stats    ]     Weak Class Links                  0 us
[2025-05-18T22:58:49.090+0300][7324][16848][info][gc,stats    ]     Code Roots                     1963 us
[2025-05-18T22:58:49.091+0300][7324][16848][info][gc,stats    ]   Rendezvous                        203 us
[2025-05-18T22:58:49.091+0300][7324][16848][info][gc,stats    ]   Purge Unlinked                     59 us
[2025-05-18T22:58:49.091+0300][7324][16848][info][gc,stats    ]     Code Roots                       51 us
[2025-05-18T22:58:49.091+0300][7324][16848][info][gc,stats    ]     CLDG                              8 us
[2025-05-18T22:58:49.091+0300][7324][16848][info][gc,stats    ]     Exception Caches                  0 us
[2025-05-18T22:58:49.091+0300][7324][16848][info][gc,stats    ] Concurrent Strong Roots             279 us, parallelism: 0.54x
[2025-05-18T22:58:49.091+0300][7324][16848][info][gc,stats    ]   CSR: <total>                      151 us
[2025-05-18T22:58:49.091+0300][7324][16848][info][gc,stats    ]   CSR: VM Strong Roots               10 us, workers (us):   5,   6, ---, ---, 
[2025-05-18T22:58:49.091+0300][7324][16848][info][gc,stats    ]   CSR: CLDG Roots                   141 us, workers (us): 141, ---, ---, ---, 
[2025-05-18T22:58:49.091+0300][7324][16848][info][gc,stats    ] Concurrent Evacuation              3797 us
[2025-05-18T22:58:49.091+0300][7324][16848][info][gc,stats    ] Pause Init Update Refs (G)          189 us
[2025-05-18T22:58:49.091+0300][7324][16848][info][gc,stats    ] Pause Init Update Refs (N)           87 us
[2025-05-18T22:58:49.091+0300][7324][16848][info][gc,stats    ]   Manage GCLABs                       4 us
[2025-05-18T22:58:49.091+0300][7324][16848][info][gc,stats    ] Concurrent Update Refs            10150 us
[2025-05-18T22:58:49.091+0300][7324][16848][info][gc,stats    ] Concurrent Update Thread Roots     1560 us
[2025-05-18T22:58:49.091+0300][7324][16848][info][gc,stats    ] Pause Final Update Refs (G)         343 us
[2025-05-18T22:58:49.091+0300][7324][16848][info][gc,stats    ] Pause Final Update Refs (N)         209 us
[2025-05-18T22:58:49.091+0300][7324][16848][info][gc,stats    ]   Update Region States               33 us
[2025-05-18T22:58:49.091+0300][7324][16848][info][gc,stats    ]   Trash Collection Set               13 us
[2025-05-18T22:58:49.091+0300][7324][16848][info][gc,stats    ]   Rebuild Free Set                   27 us
[2025-05-18T22:58:49.091+0300][7324][16848][info][gc,stats    ] Concurrent Cleanup                  127 us
[2025-05-18T22:58:49.091+0300][7324][16848][info][gc,stats    ] 
[2025-05-18T22:58:49.091+0300][7324][16848][info][gc,stats    ] Allocation pacing accrued:
[2025-05-18T22:58:49.091+0300][7324][16848][info][gc,stats    ]       0 of  1205 ms (  0.0%): <total>
[2025-05-18T22:58:49.091+0300][7324][16848][info][gc,stats    ]       0 of  1205 ms (  0.0%): <average total>
[2025-05-18T22:58:49.091+0300][7324][16848][info][gc,stats    ] 
[2025-05-18T22:58:49.091+0300][7324][16848][info][gc,metaspace] Metaspace: 8622K(9664K)->8622K(9664K) NonClass: 7770K(8384K)->7770K(8384K) Class: 851K(1280K)->851K(1280K)
[2025-05-18T22:58:49.091+0300][7324][16848][info][gc,ergo     ] Pacer for Idle. Initial: 83886K, Alloc Tax Rate: 1.0x
[2025-05-18T22:58:50.347+0300][7324][16848][info][gc          ] Trigger: Free (402M) is below minimum threshold (409M)
[2025-05-18T22:58:50.347+0300][7324][16848][info][gc,ergo     ] Free: 402M, Max: 2048K regular, 356M humongous, Frag: 11% external, 0% internal; Reserve: 206M, Max: 2048K
[2025-05-18T22:58:50.347+0300][7324][16848][info][gc,start    ] GC(18) Concurrent reset
[2025-05-18T22:58:50.347+0300][7324][16848][info][gc,task     ] GC(18) Using 2 of 4 workers for concurrent reset
[2025-05-18T22:58:50.347+0300][7324][16848][info][gc,ergo     ] GC(18) Pacer for Reset. Non-Taxable: 4096M
[2025-05-18T22:58:50.348+0300][7324][16848][info][gc          ] GC(18) Concurrent reset 1.635ms
[2025-05-18T22:58:50.349+0300][7324][8028 ][info][gc,start    ] GC(18) Pause Init Mark (unload classes)
[2025-05-18T22:58:50.349+0300][7324][8028 ][info][gc,task     ] GC(18) Using 4 of 4 workers for init marking
[2025-05-18T22:58:50.349+0300][7324][8028 ][info][gc,ergo     ] GC(18) Pacer for Mark. Expected Live: 10506K, Free: 392M, Non-Taxable: 40150K, Alloc Tax Rate: 0.0x
[2025-05-18T22:58:50.349+0300][7324][8028 ][info][gc          ] GC(18) Pause Init Mark (unload classes) 0.105ms
[2025-05-18T22:58:50.349+0300][7324][16848][info][gc,start    ] GC(18) Concurrent marking roots
[2025-05-18T22:58:50.349+0300][7324][16848][info][gc,task     ] GC(18) Using 2 of 4 workers for concurrent marking roots
[2025-05-18T22:58:50.349+0300][7324][16848][info][gc          ] GC(18) Concurrent marking roots 0.206ms
[2025-05-18T22:58:50.349+0300][7324][16848][info][gc,start    ] GC(18) Concurrent marking (unload classes)
[2025-05-18T22:58:50.349+0300][7324][16848][info][gc,task     ] GC(18) Using 2 of 4 workers for concurrent marking
[2025-05-18T22:58:50.369+0300][7324][16848][info][gc          ] GC(18) Concurrent marking (unload classes) 19.710ms
[2025-05-18T22:58:50.369+0300][7324][8028 ][info][gc,start    ] GC(18) Pause Final Mark (unload classes)
[2025-05-18T22:58:50.369+0300][7324][8028 ][info][gc,task     ] GC(18) Using 4 of 4 workers for final marking
[2025-05-18T22:58:50.369+0300][7324][8028 ][info][gc,ergo     ] GC(18) Adaptive CSet Selection. Target Free: 580M, Actual Free: 3362M, Max CSet: 170M, Min Garbage: 0B
[2025-05-18T22:58:50.369+0300][7324][8028 ][info][gc,ergo     ] GC(18) Collectable Garbage: 3480M (99%), Immediate: 2826M (81%), CSet: 654M (18%)
[2025-05-18T22:58:50.369+0300][7324][8028 ][info][gc,ergo     ] GC(18) Pacer for Evacuation. Used CSet: 655M, Free: 3157M, Non-Taxable: 315M, Alloc Tax Rate: 1.1x
[2025-05-18T22:58:50.369+0300][7324][8028 ][info][gc          ] GC(18) Pause Final Mark (unload classes) 0.323ms
[2025-05-18T22:58:50.369+0300][7324][16848][info][gc,start    ] GC(18) Concurrent thread roots
[2025-05-18T22:58:50.369+0300][7324][16848][info][gc,task     ] GC(18) Using 2 of 4 workers for Concurrent thread roots
[2025-05-18T22:58:50.369+0300][7324][16848][info][gc          ] GC(18) Concurrent thread roots 0.276ms
[2025-05-18T22:58:50.369+0300][7324][16848][info][gc,start    ] GC(18) Concurrent weak references
[2025-05-18T22:58:50.370+0300][7324][16848][info][gc,task     ] GC(18) Using 2 of 4 workers for concurrent weak references
[2025-05-18T22:58:50.370+0300][7324][16848][info][gc,ref      ] GC(18) Encountered references: Soft: 152, Weak: 1313, Final: 3, Phantom: 49
[2025-05-18T22:58:50.370+0300][7324][16848][info][gc,ref      ] GC(18) Discovered  references: Soft: 0, Weak: 811, Final: 1, Phantom: 36
[2025-05-18T22:58:50.370+0300][7324][16848][info][gc,ref      ] GC(18) Enqueued    references: Soft: 0, Weak: 542, Final: 0, Phantom: 0
[2025-05-18T22:58:50.370+0300][7324][16848][info][gc          ] GC(18) Concurrent weak references 0.368ms
[2025-05-18T22:58:50.370+0300][7324][16848][info][gc,start    ] GC(18) Concurrent weak roots
[2025-05-18T22:58:50.370+0300][7324][16848][info][gc,task     ] GC(18) Using 2 of 4 workers for concurrent weak root
[2025-05-18T22:58:50.371+0300][7324][16848][info][gc          ] GC(18) Concurrent weak roots 0.959ms
[2025-05-18T22:58:50.371+0300][7324][16848][info][gc,start    ] GC(18) Concurrent cleanup
[2025-05-18T22:58:50.371+0300][7324][16848][info][gc          ] GC(18) Concurrent cleanup 3568M->742M(4096M) 0.167ms
[2025-05-18T22:58:50.371+0300][7324][16848][info][gc,ergo     ] GC(18) Free: 3141M, Max: 2048K regular, 314M humongous, Frag: 90% external, 0% internal; Reserve: 205M, Max: 2048K
[2025-05-18T22:58:50.371+0300][7324][16848][info][gc,start    ] GC(18) Concurrent class unloading
[2025-05-18T22:58:50.371+0300][7324][16848][info][gc,task     ] GC(18) Using 2 of 4 workers for concurrent class unloading
[2025-05-18T22:58:50.379+0300][7324][16848][info][gc          ] GC(18) Concurrent class unloading 7.550ms
[2025-05-18T22:58:50.379+0300][7324][16848][info][gc,start    ] GC(18) Concurrent strong roots
[2025-05-18T22:58:50.379+0300][7324][16848][info][gc,task     ] GC(18) Using 2 of 4 workers for concurrent strong root
[2025-05-18T22:58:50.379+0300][7324][16848][info][gc          ] GC(18) Concurrent strong roots 0.264ms
[2025-05-18T22:58:50.379+0300][7324][16848][info][gc,start    ] GC(18) Concurrent evacuation
[2025-05-18T22:58:50.379+0300][7324][16848][info][gc,task     ] GC(18) Using 2 of 4 workers for concurrent evacuation
[2025-05-18T22:58:50.382+0300][7324][16848][info][gc          ] GC(18) Concurrent evacuation 3.302ms
[2025-05-18T22:58:50.383+0300][7324][8028 ][info][gc,start    ] GC(18) Pause Init Update Refs
[2025-05-18T22:58:50.383+0300][7324][8028 ][info][gc,ergo     ] GC(18) Pacer for Update Refs. Used: 757M, Free: 3127M, Non-Taxable: 312M, Alloc Tax Rate: 1.1x
[2025-05-18T22:58:50.383+0300][7324][8028 ][info][gc          ] GC(18) Pause Init Update Refs 0.086ms
[2025-05-18T22:58:50.383+0300][7324][16848][info][gc,start    ] GC(18) Concurrent update references
[2025-05-18T22:58:50.383+0300][7324][16848][info][gc,task     ] GC(18) Using 2 of 4 workers for concurrent reference update
[2025-05-18T22:58:50.397+0300][7324][16848][info][gc          ] GC(18) Concurrent update references 14.361ms
[2025-05-18T22:58:50.397+0300][7324][16848][info][gc,start    ] GC(18) Concurrent update thread roots
[2025-05-18T22:58:50.397+0300][7324][16848][info][gc          ] GC(18) Concurrent update thread roots 0.213ms
[2025-05-18T22:58:50.397+0300][7324][8028 ][info][gc,start    ] GC(18) Pause Final Update Refs
[2025-05-18T22:58:50.397+0300][7324][8028 ][info][gc,task     ] GC(18) Using 4 of 4 workers for final reference update
[2025-05-18T22:58:50.398+0300][7324][8028 ][info][gc          ] GC(18) Pause Final Update Refs 0.132ms
[2025-05-18T22:58:50.398+0300][7324][16848][info][gc,start    ] GC(18) Concurrent cleanup
[2025-05-18T22:58:50.398+0300][7324][16848][info][gc          ] GC(18) Concurrent cleanup 779M->123M(4096M) 0.081ms
[2025-05-18T22:58:50.398+0300][7324][16848][info][gc,ergo     ] Free: 3760M, Max: 2048K regular, 3384M humongous, Frag: 10% external, 0% internal; Reserve: 206M, Max: 2048K
[2025-05-18T22:58:50.398+0300][7324][16848][info][gc,stats    ] 
[2025-05-18T22:58:50.398+0300][7324][16848][info][gc,stats    ] All times are wall-clock times, except per-root-class counters, that are sum over
[2025-05-18T22:58:50.398+0300][7324][16848][info][gc,stats    ] all workers. Dividing the <total> over the root stage time estimates parallelism.
[2025-05-18T22:58:50.398+0300][7324][16848][info][gc,stats    ] 
[2025-05-18T22:58:50.398+0300][7324][16848][info][gc,stats    ] Concurrent Reset                   1696 us
[2025-05-18T22:58:50.398+0300][7324][16848][info][gc,stats    ] Pause Init Mark (G)                 276 us
[2025-05-18T22:58:50.398+0300][7324][16848][info][gc,stats    ] Pause Init Mark (N)                 121 us
[2025-05-18T22:58:50.398+0300][7324][16848][info][gc,stats    ]   Update Region States               18 us
[2025-05-18T22:58:50.398+0300][7324][16848][info][gc,stats    ] Concurrent Mark Roots               237 us, parallelism: 0.78x
[2025-05-18T22:58:50.398+0300][7324][16848][info][gc,stats    ]   CMR: <total>                      186 us
[2025-05-18T22:58:50.398+0300][7324][16848][info][gc,stats    ]   CMR: Thread Roots                  99 us, workers (us):   5,  94, ---, ---, 
[2025-05-18T22:58:50.398+0300][7324][16848][info][gc,stats    ]   CMR: VM Strong Roots               10 us, workers (us):   5,   5, ---, ---, 
[2025-05-18T22:58:50.398+0300][7324][16848][info][gc,stats    ]   CMR: CLDG Roots                    77 us, workers (us):  77, ---, ---, ---, 
[2025-05-18T22:58:50.398+0300][7324][16848][info][gc,stats    ] Concurrent Marking                19779 us
[2025-05-18T22:58:50.398+0300][7324][16848][info][gc,stats    ] Pause Final Mark (G)                467 us
[2025-05-18T22:58:50.398+0300][7324][16848][info][gc,stats    ] Pause Final Mark (N)                340 us
[2025-05-18T22:58:50.398+0300][7324][16848][info][gc,stats    ]   Finish Mark                        65 us
[2025-05-18T22:58:50.398+0300][7324][16848][info][gc,stats    ]   Update Region States               34 us
[2025-05-18T22:58:50.398+0300][7324][16848][info][gc,stats    ]   Choose Collection Set              99 us
[2025-05-18T22:58:50.398+0300][7324][16848][info][gc,stats    ]   Rebuild Free Set                   21 us
[2025-05-18T22:58:50.398+0300][7324][16848][info][gc,stats    ] Concurrent Thread Roots             325 us, parallelism: 0.86x
[2025-05-18T22:58:50.398+0300][7324][16848][info][gc,stats    ]   CTR: <total>                      279 us
[2025-05-18T22:58:50.398+0300][7324][16848][info][gc,stats    ]   CTR: Thread Roots                 279 us, workers (us): 131, 148, ---, ---, 
[2025-05-18T22:58:50.398+0300][7324][16848][info][gc,stats    ] Concurrent Weak References          394 us, parallelism: 0.58x
[2025-05-18T22:58:50.398+0300][7324][16848][info][gc,stats    ]   CWRF: <total>                     230 us
[2025-05-18T22:58:50.398+0300][7324][16848][info][gc,stats    ]   CWRF: Weak References             230 us, workers (us):  24, 207, ---, ---, 
[2025-05-18T22:58:50.398+0300][7324][16848][info][gc,stats    ] Concurrent Weak Roots              1008 us
[2025-05-18T22:58:50.398+0300][7324][16848][info][gc,stats    ]   Roots                             795 us, parallelism: 1.88x
[2025-05-18T22:58:50.398+0300][7324][16848][info][gc,stats    ]     CWR: <total>                   1493 us
[2025-05-18T22:58:50.398+0300][7324][16848][info][gc,stats    ]     CWR: Code Cache Roots          1094 us, workers (us): 542, 552, ---, ---, 
[2025-05-18T22:58:50.398+0300][7324][16848][info][gc,stats    ]     CWR: VM Weak Roots              390 us, workers (us): 199, 191, ---, ---, 
[2025-05-18T22:58:50.398+0300][7324][16848][info][gc,stats    ]     CWR: CLDG Roots                   9 us, workers (us): ---,   9, ---, ---, 
[2025-05-18T22:58:50.398+0300][7324][16848][info][gc,stats    ]   Rendezvous                        114 us
[2025-05-18T22:58:50.399+0300][7324][16848][info][gc,stats    ] Concurrent Cleanup                  190 us
[2025-05-18T22:58:50.399+0300][7324][16848][info][gc,stats    ] Concurrent Class Unloading         7605 us
[2025-05-18T22:58:50.399+0300][7324][16848][info][gc,stats    ]   Unlink Stale                     2074 us
[2025-05-18T22:58:50.399+0300][7324][16848][info][gc,stats    ]     System Dictionary                10 us
[2025-05-18T22:58:50.399+0300][7324][16848][info][gc,stats    ]     Weak Class Links                  0 us
[2025-05-18T22:58:50.399+0300][7324][16848][info][gc,stats    ]     Code Roots                     2063 us
[2025-05-18T22:58:50.399+0300][7324][16848][info][gc,stats    ]   Rendezvous                       5301 us
[2025-05-18T22:58:50.399+0300][7324][16848][info][gc,stats    ]   Purge Unlinked                    120 us
[2025-05-18T22:58:50.399+0300][7324][16848][info][gc,stats    ]     Code Roots                      110 us
[2025-05-18T22:58:50.399+0300][7324][16848][info][gc,stats    ]     CLDG                             10 us
[2025-05-18T22:58:50.399+0300][7324][16848][info][gc,stats    ]     Exception Caches                  0 us
[2025-05-18T22:58:50.399+0300][7324][16848][info][gc,stats    ] Concurrent Strong Roots             313 us, parallelism: 0.58x
[2025-05-18T22:58:50.399+0300][7324][16848][info][gc,stats    ]   CSR: <total>                      181 us
[2025-05-18T22:58:50.399+0300][7324][16848][info][gc,stats    ]   CSR: VM Strong Roots               10 us, workers (us):   6,   5, ---, ---, 
[2025-05-18T22:58:50.399+0300][7324][16848][info][gc,stats    ]   CSR: CLDG Roots                   171 us, workers (us): ---, 171, ---, ---, 
[2025-05-18T22:58:50.399+0300][7324][16848][info][gc,stats    ] Concurrent Evacuation              3351 us
[2025-05-18T22:58:50.399+0300][7324][16848][info][gc,stats    ] Pause Init Update Refs (G)          234 us
[2025-05-18T22:58:50.399+0300][7324][16848][info][gc,stats    ] Pause Init Update Refs (N)          108 us
[2025-05-18T22:58:50.399+0300][7324][16848][info][gc,stats    ]   Manage GCLABs                       6 us
[2025-05-18T22:58:50.399+0300][7324][16848][info][gc,stats    ] Concurrent Update Refs            14431 us
[2025-05-18T22:58:50.399+0300][7324][16848][info][gc,stats    ] Concurrent Update Thread Roots      250 us
[2025-05-18T22:58:50.399+0300][7324][16848][info][gc,stats    ] Pause Final Update Refs (G)         246 us
[2025-05-18T22:58:50.399+0300][7324][16848][info][gc,stats    ] Pause Final Update Refs (N)         155 us
[2025-05-18T22:58:50.399+0300][7324][16848][info][gc,stats    ]   Update Region States               44 us
[2025-05-18T22:58:50.399+0300][7324][16848][info][gc,stats    ]   Trash Collection Set               11 us
[2025-05-18T22:58:50.399+0300][7324][16848][info][gc,stats    ]   Rebuild Free Set                   24 us
[2025-05-18T22:58:50.399+0300][7324][16848][info][gc,stats    ] Concurrent Cleanup                  108 us
[2025-05-18T22:58:50.399+0300][7324][16848][info][gc,stats    ] 
[2025-05-18T22:58:50.399+0300][7324][16848][info][gc,stats    ] Allocation pacing accrued:
[2025-05-18T22:58:50.399+0300][7324][16848][info][gc,stats    ]       0 of  1308 ms (  0.0%): <total>
[2025-05-18T22:58:50.399+0300][7324][16848][info][gc,stats    ]       0 of  1308 ms (  0.0%): <average total>
[2025-05-18T22:58:50.399+0300][7324][16848][info][gc,stats    ] 
[2025-05-18T22:58:50.399+0300][7324][16848][info][gc,metaspace] Metaspace: 8622K(9664K)->8622K(9664K) NonClass: 7770K(8384K)->7770K(8384K) Class: 851K(1280K)->851K(1280K)
[2025-05-18T22:58:50.399+0300][7324][16848][info][gc,ergo     ] Pacer for Idle. Initial: 83886K, Alloc Tax Rate: 1.0x
[2025-05-18T22:58:52.072+0300][7324][16848][info][gc          ] Trigger: Free (392M) is below minimum threshold (409M)
[2025-05-18T22:58:52.072+0300][7324][16848][info][gc,ergo     ] Free: 392M, Max: 2048K regular, 314M humongous, Frag: 20% external, 1% internal; Reserve: 206M, Max: 2048K
[2025-05-18T22:58:52.072+0300][7324][16848][info][gc,start    ] GC(19) Concurrent reset
[2025-05-18T22:58:52.072+0300][7324][16848][info][gc,task     ] GC(19) Using 2 of 4 workers for concurrent reset
[2025-05-18T22:58:52.072+0300][7324][16848][info][gc,ergo     ] GC(19) Pacer for Reset. Non-Taxable: 4096M
[2025-05-18T22:58:52.073+0300][7324][16848][info][gc          ] GC(19) Concurrent reset 1.582ms
[2025-05-18T22:58:52.073+0300][7324][8028 ][info][gc,start    ] GC(19) Pause Init Mark (unload classes)
[2025-05-18T22:58:52.073+0300][7324][8028 ][info][gc,task     ] GC(19) Using 4 of 4 workers for init marking
[2025-05-18T22:58:52.074+0300][7324][8028 ][info][gc,ergo     ] GC(19) Pacer for Mark. Expected Live: 10507K, Free: 390M, Non-Taxable: 39936K, Alloc Tax Rate: 0.0x
[2025-05-18T22:58:52.074+0300][7324][8028 ][info][gc          ] GC(19) Pause Init Mark (unload classes) 0.126ms
[2025-05-18T22:58:52.074+0300][7324][16848][info][gc,start    ] GC(19) Concurrent marking roots
[2025-05-18T22:58:52.074+0300][7324][16848][info][gc,task     ] GC(19) Using 2 of 4 workers for concurrent marking roots
[2025-05-18T22:58:52.074+0300][7324][16848][info][gc          ] GC(19) Concurrent marking roots 0.204ms
[2025-05-18T22:58:52.074+0300][7324][16848][info][gc,start    ] GC(19) Concurrent marking (unload classes)
[2025-05-18T22:58:52.074+0300][7324][16848][info][gc,task     ] GC(19) Using 2 of 4 workers for concurrent marking
[2025-05-18T22:58:52.083+0300][7324][16848][info][gc          ] GC(19) Concurrent marking (unload classes) 9.470ms
[2025-05-18T22:58:52.083+0300][7324][8028 ][info][gc,start    ] GC(19) Pause Final Mark (unload classes)
[2025-05-18T22:58:52.083+0300][7324][8028 ][info][gc,task     ] GC(19) Using 4 of 4 workers for final marking
[2025-05-18T22:58:52.084+0300][7324][8028 ][info][gc,ergo     ] GC(19) Adaptive CSet Selection. Target Free: 580M, Actual Free: 3396M, Max CSet: 170M, Min Garbage: 0B
[2025-05-18T22:58:52.084+0300][7324][8028 ][info][gc,ergo     ] GC(19) Collectable Garbage: 3482M (99%), Immediate: 2830M (81%), CSet: 652M (18%)
[2025-05-18T22:58:52.084+0300][7324][8028 ][info][gc,ergo     ] GC(19) Pacer for Evacuation. Used CSet: 653M, Free: 3191M, Non-Taxable: 319M, Alloc Tax Rate: 1.1x
[2025-05-18T22:58:52.084+0300][7324][8028 ][info][gc          ] GC(19) Pause Final Mark (unload classes) 0.319ms
[2025-05-18T22:58:52.084+0300][7324][16848][info][gc,start    ] GC(19) Concurrent thread roots
[2025-05-18T22:58:52.084+0300][7324][16848][info][gc,task     ] GC(19) Using 2 of 4 workers for Concurrent thread roots
[2025-05-18T22:58:52.084+0300][7324][16848][info][gc          ] GC(19) Concurrent thread roots 0.239ms
[2025-05-18T22:58:52.084+0300][7324][16848][info][gc,start    ] GC(19) Concurrent weak references
[2025-05-18T22:58:52.084+0300][7324][16848][info][gc,task     ] GC(19) Using 2 of 4 workers for concurrent weak references
[2025-05-18T22:58:52.084+0300][7324][16848][info][gc,ref      ] GC(19) Encountered references: Soft: 152, Weak: 1392, Final: 3, Phantom: 50
[2025-05-18T22:58:52.084+0300][7324][16848][info][gc,ref      ] GC(19) Discovered  references: Soft: 0, Weak: 928, Final: 1, Phantom: 38
[2025-05-18T22:58:52.084+0300][7324][16848][info][gc,ref      ] GC(19) Enqueued    references: Soft: 0, Weak: 696, Final: 0, Phantom: 0
[2025-05-18T22:58:52.085+0300][7324][16848][info][gc          ] GC(19) Concurrent weak references 0.413ms
[2025-05-18T22:58:52.085+0300][7324][16848][info][gc,start    ] GC(19) Concurrent weak roots
[2025-05-18T22:58:52.085+0300][7324][16848][info][gc,task     ] GC(19) Using 2 of 4 workers for concurrent weak root
[2025-05-18T22:58:52.103+0300][7324][16848][info][gc          ] GC(19) Concurrent weak roots 18.041ms
[2025-05-18T22:58:52.103+0300][7324][16848][info][gc,start    ] GC(19) Concurrent cleanup
[2025-05-18T22:58:52.103+0300][7324][16848][info][gc          ] GC(19) Concurrent cleanup 3573M->743M(4096M) 0.143ms
[2025-05-18T22:58:52.103+0300][7324][16848][info][gc,ergo     ] GC(19) Free: 3141M, Max: 2048K regular, 310M humongous, Frag: 91% external, 0% internal; Reserve: 204M, Max: 2048K
[2025-05-18T22:58:52.103+0300][7324][16848][info][gc,start    ] GC(19) Concurrent class unloading
[2025-05-18T22:58:52.103+0300][7324][16848][info][gc,task     ] GC(19) Using 2 of 4 workers for concurrent class unloading
[2025-05-18T22:58:52.106+0300][7324][16848][info][gc          ] GC(19) Concurrent class unloading 2.967ms
[2025-05-18T22:58:52.106+0300][7324][16848][info][gc,start    ] GC(19) Concurrent strong roots
[2025-05-18T22:58:52.106+0300][7324][16848][info][gc,task     ] GC(19) Using 2 of 4 workers for concurrent strong root
[2025-05-18T22:58:52.106+0300][7324][16848][info][gc          ] GC(19) Concurrent strong roots 0.228ms
[2025-05-18T22:58:52.106+0300][7324][16848][info][gc,start    ] GC(19) Concurrent evacuation
[2025-05-18T22:58:52.106+0300][7324][16848][info][gc,task     ] GC(19) Using 2 of 4 workers for concurrent evacuation
[2025-05-18T22:58:52.109+0300][7324][16848][info][gc          ] GC(19) Concurrent evacuation 3.235ms
[2025-05-18T22:58:52.110+0300][7324][8028 ][info][gc,start    ] GC(19) Pause Init Update Refs
[2025-05-18T22:58:52.110+0300][7324][8028 ][info][gc,ergo     ] GC(19) Pacer for Update Refs. Used: 761M, Free: 3123M, Non-Taxable: 312M, Alloc Tax Rate: 1.1x
[2025-05-18T22:58:52.110+0300][7324][8028 ][info][gc          ] GC(19) Pause Init Update Refs 0.087ms
[2025-05-18T22:58:52.110+0300][7324][16848][info][gc,start    ] GC(19) Concurrent update references
[2025-05-18T22:58:52.110+0300][7324][16848][info][gc,task     ] GC(19) Using 2 of 4 workers for concurrent reference update
[2025-05-18T22:58:52.117+0300][7324][16848][info][gc          ] GC(19) Concurrent update references 7.291ms
[2025-05-18T22:58:52.117+0300][7324][16848][info][gc,start    ] GC(19) Concurrent update thread roots
[2025-05-18T22:58:52.118+0300][7324][16848][info][gc          ] GC(19) Concurrent update thread roots 0.833ms
[2025-05-18T22:58:52.118+0300][7324][8028 ][info][gc,start    ] GC(19) Pause Final Update Refs
[2025-05-18T22:58:52.118+0300][7324][8028 ][info][gc,task     ] GC(19) Using 4 of 4 workers for final reference update
[2025-05-18T22:58:52.118+0300][7324][8028 ][info][gc          ] GC(19) Pause Final Update Refs 0.146ms
[2025-05-18T22:58:52.118+0300][7324][16848][info][gc,start    ] GC(19) Concurrent cleanup
[2025-05-18T22:58:52.118+0300][7324][16848][info][gc          ] GC(19) Concurrent cleanup 777M->123M(4096M) 0.093ms
[2025-05-18T22:58:52.118+0300][7324][16848][info][gc,ergo     ] Free: 3760M, Max: 2048K regular, 3362M humongous, Frag: 11% external, 0% internal; Reserve: 206M, Max: 2048K
[2025-05-18T22:58:52.119+0300][7324][16848][info][gc,stats    ] 
[2025-05-18T22:58:52.119+0300][7324][16848][info][gc,stats    ] All times are wall-clock times, except per-root-class counters, that are sum over
[2025-05-18T22:58:52.119+0300][7324][16848][info][gc,stats    ] all workers. Dividing the <total> over the root stage time estimates parallelism.
[2025-05-18T22:58:52.119+0300][7324][16848][info][gc,stats    ] 
[2025-05-18T22:58:52.119+0300][7324][16848][info][gc,stats    ] Concurrent Reset                   1646 us
[2025-05-18T22:58:52.119+0300][7324][16848][info][gc,stats    ] Pause Init Mark (G)                 293 us
[2025-05-18T22:58:52.119+0300][7324][16848][info][gc,stats    ] Pause Init Mark (N)                 140 us
[2025-05-18T22:58:52.119+0300][7324][16848][info][gc,stats    ]   Update Region States               26 us
[2025-05-18T22:58:52.119+0300][7324][16848][info][gc,stats    ] Concurrent Mark Roots               231 us, parallelism: 0.82x
[2025-05-18T22:58:52.119+0300][7324][16848][info][gc,stats    ]   CMR: <total>                      188 us
[2025-05-18T22:58:52.119+0300][7324][16848][info][gc,stats    ]   CMR: Thread Roots                  98 us, workers (us):  92,   6, ---, ---, 
[2025-05-18T22:58:52.119+0300][7324][16848][info][gc,stats    ]   CMR: VM Strong Roots                9 us, workers (us):   6,   3, ---, ---, 
[2025-05-18T22:58:52.119+0300][7324][16848][info][gc,stats    ]   CMR: CLDG Roots                    81 us, workers (us): ---,  81, ---, ---, 
[2025-05-18T22:58:52.119+0300][7324][16848][info][gc,stats    ] Concurrent Marking                 9541 us
[2025-05-18T22:58:52.119+0300][7324][16848][info][gc,stats    ] Pause Final Mark (G)                432 us
[2025-05-18T22:58:52.119+0300][7324][16848][info][gc,stats    ] Pause Final Mark (N)                334 us
[2025-05-18T22:58:52.119+0300][7324][16848][info][gc,stats    ]   Finish Mark                        65 us
[2025-05-18T22:58:52.119+0300][7324][16848][info][gc,stats    ]   Update Region States               32 us
[2025-05-18T22:58:52.119+0300][7324][16848][info][gc,stats    ]   Choose Collection Set             107 us
[2025-05-18T22:58:52.119+0300][7324][16848][info][gc,stats    ]   Rebuild Free Set                   21 us
[2025-05-18T22:58:52.119+0300][7324][16848][info][gc,stats    ] Concurrent Thread Roots             275 us, parallelism: 1.15x
[2025-05-18T22:58:52.119+0300][7324][16848][info][gc,stats    ]   CTR: <total>                      315 us
[2025-05-18T22:58:52.119+0300][7324][16848][info][gc,stats    ]   CTR: Thread Roots                 315 us, workers (us): 156, 159, ---, ---, 
[2025-05-18T22:58:52.119+0300][7324][16848][info][gc,stats    ] Concurrent Weak References          437 us, parallelism: 0.65x
[2025-05-18T22:58:52.119+0300][7324][16848][info][gc,stats    ]   CWRF: <total>                     283 us
[2025-05-18T22:58:52.119+0300][7324][16848][info][gc,stats    ]   CWRF: Weak References             283 us, workers (us): 252,  31, ---, ---, 
[2025-05-18T22:58:52.119+0300][7324][16848][info][gc,stats    ] Concurrent Weak Roots             18112 us
[2025-05-18T22:58:52.119+0300][7324][16848][info][gc,stats    ]   Roots                             733 us, parallelism: 1.84x
[2025-05-18T22:58:52.119+0300][7324][16848][info][gc,stats    ]     CWR: <total>                   1347 us
[2025-05-18T22:58:52.119+0300][7324][16848][info][gc,stats    ]     CWR: Code Cache Roots           981 us, workers (us): 511, 471, ---, ---, 
[2025-05-18T22:58:52.119+0300][7324][16848][info][gc,stats    ]     CWR: VM Weak Roots              359 us, workers (us): 173, 186, ---, ---, 
[2025-05-18T22:58:52.119+0300][7324][16848][info][gc,stats    ]     CWR: CLDG Roots                   7 us, workers (us):   7, ---, ---, ---, 
[2025-05-18T22:58:52.119+0300][7324][16848][info][gc,stats    ]   Rendezvous                      17260 us
[2025-05-18T22:58:52.119+0300][7324][16848][info][gc,stats    ] Concurrent Cleanup                  172 us
[2025-05-18T22:58:52.119+0300][7324][16848][info][gc,stats    ] Concurrent Class Unloading         3021 us
[2025-05-18T22:58:52.119+0300][7324][16848][info][gc,stats    ]   Unlink Stale                     2330 us
[2025-05-18T22:58:52.119+0300][7324][16848][info][gc,stats    ]     System Dictionary                18 us
[2025-05-18T22:58:52.119+0300][7324][16848][info][gc,stats    ]     Weak Class Links                  0 us
[2025-05-18T22:58:52.119+0300][7324][16848][info][gc,stats    ]     Code Roots                     2309 us
[2025-05-18T22:58:52.119+0300][7324][16848][info][gc,stats    ]   Rendezvous                        560 us
[2025-05-18T22:58:52.119+0300][7324][16848][info][gc,stats    ]   Purge Unlinked                     19 us
[2025-05-18T22:58:52.119+0300][7324][16848][info][gc,stats    ]     Code Roots                        3 us
[2025-05-18T22:58:52.119+0300][7324][16848][info][gc,stats    ]     CLDG                             15 us
[2025-05-18T22:58:52.119+0300][7324][16848][info][gc,stats    ]     Exception Caches                  0 us
[2025-05-18T22:58:52.119+0300][7324][16848][info][gc,stats    ] Concurrent Strong Roots             261 us, parallelism: 0.56x
[2025-05-18T22:58:52.119+0300][7324][16848][info][gc,stats    ]   CSR: <total>                      146 us
[2025-05-18T22:58:52.119+0300][7324][16848][info][gc,stats    ]   CSR: VM Strong Roots               10 us, workers (us):   5,   5, ---, ---, 
[2025-05-18T22:58:52.119+0300][7324][16848][info][gc,stats    ]   CSR: CLDG Roots                   136 us, workers (us): 136, ---, ---, ---, 
[2025-05-18T22:58:52.120+0300][7324][16848][info][gc,stats    ] Concurrent Evacuation              3290 us
[2025-05-18T22:58:52.120+0300][7324][16848][info][gc,stats    ] Pause Init Update Refs (G)          250 us
[2025-05-18T22:58:52.120+0300][7324][16848][info][gc,stats    ] Pause Init Update Refs (N)          135 us
[2025-05-18T22:58:52.120+0300][7324][16848][info][gc,stats    ]   Manage GCLABs                       6 us
[2025-05-18T22:58:52.120+0300][7324][16848][info][gc,stats    ] Concurrent Update Refs             7361 us
[2025-05-18T22:58:52.120+0300][7324][16848][info][gc,stats    ] Concurrent Update Thread Roots      891 us
[2025-05-18T22:58:52.120+0300][7324][16848][info][gc,stats    ] Pause Final Update Refs (G)         371 us
[2025-05-18T22:58:52.120+0300][7324][16848][info][gc,stats    ] Pause Final Update Refs (N)         168 us
[2025-05-18T22:58:52.120+0300][7324][16848][info][gc,stats    ]   Update Region States               32 us
[2025-05-18T22:58:52.120+0300][7324][16848][info][gc,stats    ]   Trash Collection Set               12 us
[2025-05-18T22:58:52.120+0300][7324][16848][info][gc,stats    ]   Rebuild Free Set                   26 us
[2025-05-18T22:58:52.120+0300][7324][16848][info][gc,stats    ] Concurrent Cleanup                  121 us
[2025-05-18T22:58:52.120+0300][7324][16848][info][gc,stats    ] 
[2025-05-18T22:58:52.120+0300][7324][16848][info][gc,stats    ] Allocation pacing accrued:
[2025-05-18T22:58:52.120+0300][7324][16848][info][gc,stats    ]       0 of  1720 ms (  0.0%): <total>
[2025-05-18T22:58:52.120+0300][7324][16848][info][gc,stats    ]       0 of  1720 ms (  0.0%): <average total>
[2025-05-18T22:58:52.120+0300][7324][16848][info][gc,stats    ] 
[2025-05-18T22:58:52.120+0300][7324][16848][info][gc,metaspace] Metaspace: 8622K(9664K)->8622K(9664K) NonClass: 7770K(8384K)->7770K(8384K) Class: 851K(1280K)->851K(1280K)
[2025-05-18T22:58:52.120+0300][7324][16848][info][gc,ergo     ] Pacer for Idle. Initial: 83886K, Alloc Tax Rate: 1.0x
[2025-05-18T22:58:52.998+0300][7324][16848][info][gc          ] Trigger: Explicit GC request (System.gc())
[2025-05-18T22:58:52.998+0300][7324][16848][info][gc,ergo     ] Free: 2118M, Max: 2048K regular, 1730M humongous, Frag: 19% external, 0% internal; Reserve: 206M, Max: 2048K
[2025-05-18T22:58:52.998+0300][7324][16848][info][gc,start    ] GC(20) Concurrent reset
[2025-05-18T22:58:52.998+0300][7324][16848][info][gc,task     ] GC(20) Using 2 of 4 workers for concurrent reset
[2025-05-18T22:58:52.998+0300][7324][16848][info][gc,ergo     ] GC(20) Pacer for Reset. Non-Taxable: 4096M
[2025-05-18T22:58:52.999+0300][7324][16848][info][gc          ] GC(20) Concurrent reset 1.156ms
[2025-05-18T22:58:52.999+0300][7324][8028 ][info][gc,start    ] GC(20) Pause Init Mark (unload classes)
[2025-05-18T22:58:52.999+0300][7324][8028 ][info][gc,task     ] GC(20) Using 4 of 4 workers for init marking
[2025-05-18T22:58:52.999+0300][7324][8028 ][info][gc,ref      ] GC(20) Clearing All SoftReferences
[2025-05-18T22:58:52.999+0300][7324][8028 ][info][gc,ergo     ] GC(20) Pacer for Mark. Expected Live: 10512K, Free: 2118M, Non-Taxable: 211M, Alloc Tax Rate: 0.0x
[2025-05-18T22:58:52.999+0300][7324][8028 ][info][gc          ] GC(20) Pause Init Mark (unload classes) 0.089ms
[2025-05-18T22:58:52.999+0300][7324][16848][info][gc,start    ] GC(20) Concurrent marking roots
[2025-05-18T22:58:52.999+0300][7324][16848][info][gc,task     ] GC(20) Using 2 of 4 workers for concurrent marking roots
[2025-05-18T22:58:52.999+0300][7324][16848][info][gc          ] GC(20) Concurrent marking roots 0.245ms
[2025-05-18T22:58:52.999+0300][7324][16848][info][gc,start    ] GC(20) Concurrent marking (unload classes)
[2025-05-18T22:58:53.000+0300][7324][16848][info][gc,task     ] GC(20) Using 2 of 4 workers for concurrent marking
[2025-05-18T22:58:53.002+0300][7324][16848][info][gc          ] GC(20) Concurrent marking (unload classes) 2.397ms
[2025-05-18T22:58:53.002+0300][7324][8028 ][info][gc,start    ] GC(20) Pause Final Mark (unload classes)
[2025-05-18T22:58:53.002+0300][7324][8028 ][info][gc,task     ] GC(20) Using 4 of 4 workers for final marking
[2025-05-18T22:58:53.002+0300][7324][8028 ][info][gc,ergo     ] GC(20) Collectable Garbage: 1746M (99%), Immediate: 1746M (99%), CSet: 0B (0%)
[2025-05-18T22:58:53.002+0300][7324][8028 ][info][gc          ] GC(20) Pause Final Mark (unload classes) 0.271ms
[2025-05-18T22:58:53.002+0300][7324][16848][info][gc,start    ] GC(20) Concurrent weak references
[2025-05-18T22:58:53.002+0300][7324][16848][info][gc,task     ] GC(20) Using 2 of 4 workers for concurrent weak references
[2025-05-18T22:58:53.003+0300][7324][16848][info][gc,ref      ] GC(20) Encountered references: Soft: 158, Weak: 647, Final: 3, Phantom: 51
[2025-05-18T22:58:53.003+0300][7324][16848][info][gc,ref      ] GC(20) Discovered  references: Soft: 103, Weak: 425, Final: 3, Phantom: 26
[2025-05-18T22:58:53.003+0300][7324][16848][info][gc,ref      ] GC(20) Enqueued    references: Soft: 0, Weak: 0, Final: 0, Phantom: 0
[2025-05-18T22:58:53.003+0300][7324][16848][info][gc          ] GC(20) Concurrent weak references 0.184ms
[2025-05-18T22:58:53.003+0300][7324][16848][info][gc,start    ] GC(20) Concurrent weak roots
[2025-05-18T22:58:53.003+0300][7324][16848][info][gc,task     ] GC(20) Using 2 of 4 workers for concurrent weak root
[2025-05-18T22:58:53.003+0300][7324][16848][info][gc          ] GC(20) Concurrent weak roots 0.758ms
[2025-05-18T22:58:53.003+0300][7324][16848][info][gc,start    ] GC(20) Concurrent cleanup
[2025-05-18T22:58:53.003+0300][7324][16848][info][gc          ] GC(20) Concurrent cleanup 1759M->13M(4096M) 0.069ms
[2025-05-18T22:58:53.003+0300][7324][16848][info][gc,ergo     ] GC(20) Free: 3870M, Max: 2048K regular, 2206M humongous, Frag: 43% external, 0% internal; Reserve: 206M, Max: 2048K
[2025-05-18T22:58:53.003+0300][7324][16848][info][gc,start    ] GC(20) Concurrent class unloading
[2025-05-18T22:58:53.003+0300][7324][16848][info][gc,task     ] GC(20) Using 2 of 4 workers for concurrent class unloading
[2025-05-18T22:58:53.005+0300][7324][16848][info][gc          ] GC(20) Concurrent class unloading 1.669ms
[2025-05-18T22:58:53.005+0300][7324][8028 ][info][gc,start    ] GC(20) Pause Final Roots
[2025-05-18T22:58:53.005+0300][7324][8028 ][info][gc          ] GC(20) Pause Final Roots 0.033ms
[2025-05-18T22:58:53.005+0300][7324][16848][info][gc,ergo     ] Free: 3870M, Max: 2048K regular, 2206M humongous, Frag: 43% external, 0% internal; Reserve: 206M, Max: 2048K
[2025-05-18T22:58:53.005+0300][7324][16848][info][gc,stats    ] 
[2025-05-18T22:58:53.005+0300][7324][16848][info][gc,stats    ] All times are wall-clock times, except per-root-class counters, that are sum over
[2025-05-18T22:58:53.005+0300][7324][16848][info][gc,stats    ] all workers. Dividing the <total> over the root stage time estimates parallelism.
[2025-05-18T22:58:53.005+0300][7324][16848][info][gc,stats    ] 
[2025-05-18T22:58:53.005+0300][7324][16848][info][gc,stats    ] Concurrent Reset                   1203 us
[2025-05-18T22:58:53.006+0300][7324][16848][info][gc,stats    ] Pause Init Mark (G)                 241 us
[2025-05-18T22:58:53.006+0300][7324][16848][info][gc,stats    ] Pause Init Mark (N)                 101 us
[2025-05-18T22:58:53.006+0300][7324][16848][info][gc,stats    ]   Update Region States               11 us
[2025-05-18T22:58:53.006+0300][7324][16848][info][gc,stats    ] Concurrent Mark Roots               279 us, parallelism: 0.51x
[2025-05-18T22:58:53.006+0300][7324][16848][info][gc,stats    ]   CMR: <total>                      143 us
[2025-05-18T22:58:53.006+0300][7324][16848][info][gc,stats    ]   CMR: Thread Roots                  67 us, workers (us):  18,  48, ---, ---, 
[2025-05-18T22:58:53.006+0300][7324][16848][info][gc,stats    ]   CMR: VM Strong Roots                7 us, workers (us):   6,   0, ---, ---, 
[2025-05-18T22:58:53.006+0300][7324][16848][info][gc,stats    ]   CMR: CLDG Roots                    69 us, workers (us):  69, ---, ---, ---, 
[2025-05-18T22:58:53.006+0300][7324][16848][info][gc,stats    ] Concurrent Marking                 2447 us
[2025-05-18T22:58:53.006+0300][7324][16848][info][gc,stats    ] Pause Final Mark (G)                413 us
[2025-05-18T22:58:53.006+0300][7324][16848][info][gc,stats    ] Pause Final Mark (N)                287 us
[2025-05-18T22:58:53.006+0300][7324][16848][info][gc,stats    ]   Finish Mark                       140 us
[2025-05-18T22:58:53.006+0300][7324][16848][info][gc,stats    ]   Update Region States               17 us
[2025-05-18T22:58:53.006+0300][7324][16848][info][gc,stats    ]   Choose Collection Set              49 us
[2025-05-18T22:58:53.006+0300][7324][16848][info][gc,stats    ]   Rebuild Free Set                   11 us
[2025-05-18T22:58:53.006+0300][7324][16848][info][gc,stats    ] Concurrent Weak References          198 us, parallelism: 0.14x
[2025-05-18T22:58:53.006+0300][7324][16848][info][gc,stats    ]   CWRF: <total>                      28 us
[2025-05-18T22:58:53.006+0300][7324][16848][info][gc,stats    ]   CWRF: Weak References              28 us, workers (us):  21,   7, ---, ---, 
[2025-05-18T22:58:53.006+0300][7324][16848][info][gc,stats    ] Concurrent Weak Roots               800 us
[2025-05-18T22:58:53.006+0300][7324][16848][info][gc,stats    ]   Roots                             601 us, parallelism: 1.40x
[2025-05-18T22:58:53.006+0300][7324][16848][info][gc,stats    ]     CWR: <total>                    843 us
[2025-05-18T22:58:53.006+0300][7324][16848][info][gc,stats    ]     CWR: Code Cache Roots           717 us, workers (us): 372, 346, ---, ---, 
[2025-05-18T22:58:53.006+0300][7324][16848][info][gc,stats    ]     CWR: VM Weak Roots              122 us, workers (us):  64,  58, ---, ---, 
[2025-05-18T22:58:53.006+0300][7324][16848][info][gc,stats    ]     CWR: CLDG Roots                   3 us, workers (us): ---,   3, ---, ---, 
[2025-05-18T22:58:53.006+0300][7324][16848][info][gc,stats    ]   Rendezvous                        130 us
[2025-05-18T22:58:53.006+0300][7324][16848][info][gc,stats    ] Concurrent Cleanup                   83 us
[2025-05-18T22:58:53.006+0300][7324][16848][info][gc,stats    ] Concurrent Class Unloading         1720 us
[2025-05-18T22:58:53.006+0300][7324][16848][info][gc,stats    ]   Unlink Stale                     1450 us
[2025-05-18T22:58:53.006+0300][7324][16848][info][gc,stats    ]     System Dictionary                 7 us
[2025-05-18T22:58:53.006+0300][7324][16848][info][gc,stats    ]     Weak Class Links                  0 us
[2025-05-18T22:58:53.006+0300][7324][16848][info][gc,stats    ]     Code Roots                     1441 us
[2025-05-18T22:58:53.006+0300][7324][16848][info][gc,stats    ]   Rendezvous                        133 us
[2025-05-18T22:58:53.006+0300][7324][16848][info][gc,stats    ]   Purge Unlinked                     57 us
[2025-05-18T22:58:53.006+0300][7324][16848][info][gc,stats    ]     Code Roots                       48 us
[2025-05-18T22:58:53.006+0300][7324][16848][info][gc,stats    ]     CLDG                              8 us
[2025-05-18T22:58:53.006+0300][7324][16848][info][gc,stats    ]     Exception Caches                  0 us
[2025-05-18T22:58:53.006+0300][7324][16848][info][gc,stats    ] Pause Final Roots (G)               176 us
[2025-05-18T22:58:53.006+0300][7324][16848][info][gc,stats    ] Pause Final Roots (N)                47 us
[2025-05-18T22:58:53.006+0300][7324][16848][info][gc,stats    ] 
[2025-05-18T22:58:53.006+0300][7324][16848][info][gc,stats    ] Allocation pacing accrued:
[2025-05-18T22:58:53.006+0300][7324][16848][info][gc,stats    ]       0 of   887 ms (  0.0%): <total>
[2025-05-18T22:58:53.006+0300][7324][16848][info][gc,stats    ]       0 of   887 ms (  0.0%): <average total>
[2025-05-18T22:58:53.006+0300][7324][16848][info][gc,stats    ] 
[2025-05-18T22:58:53.006+0300][7324][16848][info][gc,metaspace] Metaspace: 8623K(9664K)->8623K(9664K) NonClass: 7771K(8384K)->7771K(8384K) Class: 851K(1280K)->851K(1280K)
[2025-05-18T22:58:53.006+0300][7324][16848][info][gc,ergo     ] Pacer for Idle. Initial: 83886K, Alloc Tax Rate: 1.0x
[2025-05-18T22:58:53.363+0300][7324][16848][info][gc          ] Trigger: Learning 2 of 5. Free (2860M) is below initial threshold (2867M)
[2025-05-18T22:58:53.363+0300][7324][16848][info][gc,ergo     ] Free: 2858M, Max: 2048K regular, 2206M humongous, Frag: 23% external, 0% internal; Reserve: 206M, Max: 2048K
[2025-05-18T22:58:53.363+0300][7324][16848][info][gc,start    ] GC(21) Concurrent reset
[2025-05-18T22:58:53.363+0300][7324][16848][info][gc,task     ] GC(21) Using 2 of 4 workers for concurrent reset
[2025-05-18T22:58:53.363+0300][7324][16848][info][gc,ergo     ] GC(21) Pacer for Reset. Non-Taxable: 4096M
[2025-05-18T22:58:53.363+0300][7324][16848][info][gc          ] GC(21) Concurrent reset 0.203ms
[2025-05-18T22:58:53.363+0300][7324][8028 ][info][gc,start    ] GC(21) Pause Init Mark (unload classes)
[2025-05-18T22:58:53.363+0300][7324][8028 ][info][gc,task     ] GC(21) Using 4 of 4 workers for init marking
[2025-05-18T22:58:53.363+0300][7324][8028 ][info][gc,ergo     ] GC(21) Pacer for Mark. Expected Live: 10371K, Free: 2858M, Non-Taxable: 285M, Alloc Tax Rate: 0.0x
[2025-05-18T22:58:53.363+0300][7324][8028 ][info][gc          ] GC(21) Pause Init Mark (unload classes) 0.111ms
[2025-05-18T22:58:53.363+0300][7324][16848][info][gc,start    ] GC(21) Concurrent marking roots
[2025-05-18T22:58:53.363+0300][7324][16848][info][gc,task     ] GC(21) Using 2 of 4 workers for concurrent marking roots
[2025-05-18T22:58:53.363+0300][7324][16848][info][gc          ] GC(21) Concurrent marking roots 0.224ms
[2025-05-18T22:58:53.363+0300][7324][16848][info][gc,start    ] GC(21) Concurrent marking (unload classes)
[2025-05-18T22:58:53.364+0300][7324][16848][info][gc,task     ] GC(21) Using 2 of 4 workers for concurrent marking
[2025-05-18T22:58:53.368+0300][7324][16848][info][gc          ] GC(21) Concurrent marking (unload classes) 4.508ms
[2025-05-18T22:58:53.368+0300][7324][8028 ][info][gc,start    ] GC(21) Pause Final Mark (unload classes)
[2025-05-18T22:58:53.368+0300][7324][8028 ][info][gc,task     ] GC(21) Using 4 of 4 workers for final marking
[2025-05-18T22:58:53.368+0300][7324][8028 ][info][gc,ergo     ] GC(21) Adaptive CSet Selection. Target Free: 580M, Actual Free: 3828M, Max CSet: 170M, Min Garbage: 0B
[2025-05-18T22:58:53.368+0300][7324][8028 ][info][gc,ergo     ] GC(21) Collectable Garbage: 1008M (99%), Immediate: 784M (77%), CSet: 224M (22%)
[2025-05-18T22:58:53.368+0300][7324][8028 ][info][gc,ergo     ] GC(21) Pacer for Evacuation. Used CSet: 225M, Free: 3629M, Non-Taxable: 362M, Alloc Tax Rate: 1.1x
[2025-05-18T22:58:53.368+0300][7324][8028 ][info][gc          ] GC(21) Pause Final Mark (unload classes) 0.242ms
[2025-05-18T22:58:53.368+0300][7324][16848][info][gc,start    ] GC(21) Concurrent thread roots
[2025-05-18T22:58:53.368+0300][7324][16848][info][gc,task     ] GC(21) Using 2 of 4 workers for Concurrent thread roots
[2025-05-18T22:58:53.369+0300][7324][16848][info][gc          ] GC(21) Concurrent thread roots 0.143ms
[2025-05-18T22:58:53.369+0300][7324][16848][info][gc,start    ] GC(21) Concurrent weak references
[2025-05-18T22:58:53.369+0300][7324][16848][info][gc,task     ] GC(21) Using 2 of 4 workers for concurrent weak references
[2025-05-18T22:58:53.369+0300][7324][16848][info][gc,ref      ] GC(21) Encountered references: Soft: 152, Weak: 866, Final: 3, Phantom: 50
[2025-05-18T22:58:53.369+0300][7324][16848][info][gc,ref      ] GC(21) Discovered  references: Soft: 0, Weak: 363, Final: 1, Phantom: 39
[2025-05-18T22:58:53.369+0300][7324][16848][info][gc,ref      ] GC(21) Enqueued    references: Soft: 0, Weak: 170, Final: 0, Phantom: 0
[2025-05-18T22:58:53.369+0300][7324][16848][info][gc          ] GC(21) Concurrent weak references 0.208ms
[2025-05-18T22:58:53.369+0300][7324][16848][info][gc,start    ] GC(21) Concurrent weak roots
[2025-05-18T22:58:53.369+0300][7324][16848][info][gc,task     ] GC(21) Using 2 of 4 workers for concurrent weak root
[2025-05-18T22:58:53.374+0300][7324][16848][info][gc          ] GC(21) Concurrent weak roots 4.746ms
[2025-05-18T22:58:53.374+0300][7324][16848][info][gc,start    ] GC(21) Concurrent cleanup
[2025-05-18T22:58:53.374+0300][7324][16848][info][gc          ] GC(21) Concurrent cleanup 1054M->270M(4096M) 0.082ms
[2025-05-18T22:58:53.374+0300][7324][16848][info][gc,ergo     ] GC(21) Free: 3614M, Max: 2048K regular, 2206M humongous, Frag: 39% external, 0% internal; Reserve: 204M, Max: 2048K
[2025-05-18T22:58:53.374+0300][7324][16848][info][gc,start    ] GC(21) Concurrent class unloading
[2025-05-18T22:58:53.374+0300][7324][16848][info][gc,task     ] GC(21) Using 2 of 4 workers for concurrent class unloading
[2025-05-18T22:58:53.379+0300][7324][16848][info][gc          ] GC(21) Concurrent class unloading 4.951ms
[2025-05-18T22:58:53.379+0300][7324][16848][info][gc,start    ] GC(21) Concurrent strong roots
[2025-05-18T22:58:53.379+0300][7324][16848][info][gc,task     ] GC(21) Using 2 of 4 workers for concurrent strong root
[2025-05-18T22:58:53.379+0300][7324][16848][info][gc          ] GC(21) Concurrent strong roots 0.240ms
[2025-05-18T22:58:53.379+0300][7324][16848][info][gc,start    ] GC(21) Concurrent evacuation
[2025-05-18T22:58:53.379+0300][7324][16848][info][gc,task     ] GC(21) Using 2 of 4 workers for concurrent evacuation
[2025-05-18T22:58:53.381+0300][7324][16848][info][gc          ] GC(21) Concurrent evacuation 1.060ms
[2025-05-18T22:58:53.381+0300][7324][8028 ][info][gc,start    ] GC(21) Pause Init Update Refs
[2025-05-18T22:58:53.381+0300][7324][8028 ][info][gc,ergo     ] GC(21) Pacer for Update Refs. Used: 287M, Free: 3598M, Non-Taxable: 359M, Alloc Tax Rate: 1.1x
[2025-05-18T22:58:53.381+0300][7324][8028 ][info][gc          ] GC(21) Pause Init Update Refs 0.083ms
[2025-05-18T22:58:53.381+0300][7324][16848][info][gc,start    ] GC(21) Concurrent update references
[2025-05-18T22:58:53.381+0300][7324][16848][info][gc,task     ] GC(21) Using 2 of 4 workers for concurrent reference update
[2025-05-18T22:58:53.387+0300][7324][16848][info][gc          ] GC(21) Concurrent update references 5.371ms
[2025-05-18T22:58:53.387+0300][7324][16848][info][gc,start    ] GC(21) Concurrent update thread roots
[2025-05-18T22:58:53.387+0300][7324][16848][info][gc          ] GC(21) Concurrent update thread roots 0.281ms
[2025-05-18T22:58:53.387+0300][7324][8028 ][info][gc,start    ] GC(21) Pause Final Update Refs
[2025-05-18T22:58:53.387+0300][7324][8028 ][info][gc,task     ] GC(21) Using 4 of 4 workers for final reference update
[2025-05-18T22:58:53.387+0300][7324][8028 ][info][gc          ] GC(21) Pause Final Update Refs 0.152ms
[2025-05-18T22:58:53.387+0300][7324][16848][info][gc,start    ] GC(21) Concurrent cleanup
[2025-05-18T22:58:53.387+0300][7324][16848][info][gc          ] GC(21) Concurrent cleanup 297M->73M(4096M) 0.075ms
[2025-05-18T22:58:53.387+0300][7324][16848][info][gc,ergo     ] Free: 3810M, Max: 2048K regular, 2824M humongous, Frag: 26% external, 0% internal; Reserve: 206M, Max: 2048K
[2025-05-18T22:58:53.387+0300][7324][16848][info][gc,stats    ] 
[2025-05-18T22:58:53.387+0300][7324][16848][info][gc,stats    ] All times are wall-clock times, except per-root-class counters, that are sum over
[2025-05-18T22:58:53.387+0300][7324][16848][info][gc,stats    ] all workers. Dividing the <total> over the root stage time estimates parallelism.
[2025-05-18T22:58:53.387+0300][7324][16848][info][gc,stats    ] 
[2025-05-18T22:58:53.387+0300][7324][16848][info][gc,stats    ] Concurrent Reset                    236 us
[2025-05-18T22:58:53.387+0300][7324][16848][info][gc,stats    ] Pause Init Mark (G)                 267 us
[2025-05-18T22:58:53.387+0300][7324][16848][info][gc,stats    ] Pause Init Mark (N)                 127 us
[2025-05-18T22:58:53.387+0300][7324][16848][info][gc,stats    ]   Update Region States               14 us
[2025-05-18T22:58:53.387+0300][7324][16848][info][gc,stats    ] Concurrent Mark Roots               255 us, parallelism: 0.75x
[2025-05-18T22:58:53.387+0300][7324][16848][info][gc,stats    ]   CMR: <total>                      191 us
[2025-05-18T22:58:53.387+0300][7324][16848][info][gc,stats    ]   CMR: Thread Roots                  98 us, workers (us):   2,  97, ---, ---, 
[2025-05-18T22:58:53.387+0300][7324][16848][info][gc,stats    ]   CMR: VM Strong Roots               10 us, workers (us):   5,   5, ---, ---, 
[2025-05-18T22:58:53.387+0300][7324][16848][info][gc,stats    ]   CMR: CLDG Roots                    83 us, workers (us):  83, ---, ---, ---, 
[2025-05-18T22:58:53.387+0300][7324][16848][info][gc,stats    ] Concurrent Marking                 4561 us
[2025-05-18T22:58:53.387+0300][7324][16848][info][gc,stats    ] Pause Final Mark (G)                348 us
[2025-05-18T22:58:53.387+0300][7324][16848][info][gc,stats    ] Pause Final Mark (N)                258 us
[2025-05-18T22:58:53.387+0300][7324][16848][info][gc,stats    ]   Finish Mark                        62 us
[2025-05-18T22:58:53.387+0300][7324][16848][info][gc,stats    ]   Update Region States               19 us
[2025-05-18T22:58:53.387+0300][7324][16848][info][gc,stats    ]   Choose Collection Set              73 us
[2025-05-18T22:58:53.387+0300][7324][16848][info][gc,stats    ]   Rebuild Free Set                   17 us
[2025-05-18T22:58:53.387+0300][7324][16848][info][gc,stats    ] Concurrent Thread Roots             170 us, parallelism: 0.78x
[2025-05-18T22:58:53.387+0300][7324][16848][info][gc,stats    ]   CTR: <total>                      133 us
[2025-05-18T22:58:53.387+0300][7324][16848][info][gc,stats    ]   CTR: Thread Roots                 133 us, workers (us):  73,  60, ---, ---, 
[2025-05-18T22:58:53.387+0300][7324][16848][info][gc,stats    ] Concurrent Weak References          232 us, parallelism: 0.38x
[2025-05-18T22:58:53.387+0300][7324][16848][info][gc,stats    ]   CWRF: <total>                      89 us
[2025-05-18T22:58:53.387+0300][7324][16848][info][gc,stats    ]   CWRF: Weak References              89 us, workers (us):  21,  67, ---, ---, 
[2025-05-18T22:58:53.387+0300][7324][16848][info][gc,stats    ] Concurrent Weak Roots              4803 us
[2025-05-18T22:58:53.387+0300][7324][16848][info][gc,stats    ]   Roots                             816 us, parallelism: 1.87x
[2025-05-18T22:58:53.387+0300][7324][16848][info][gc,stats    ]     CWR: <total>                   1526 us
[2025-05-18T22:58:53.387+0300][7324][16848][info][gc,stats    ]     CWR: Code Cache Roots          1121 us, workers (us): 577, 543, ---, ---, 
[2025-05-18T22:58:53.387+0300][7324][16848][info][gc,stats    ]     CWR: VM Weak Roots              398 us, workers (us): 194, 205, ---, ---, 
[2025-05-18T22:58:53.387+0300][7324][16848][info][gc,stats    ]     CWR: CLDG Roots                   7 us, workers (us):   7, ---, ---, ---, 
[2025-05-18T22:58:53.387+0300][7324][16848][info][gc,stats    ]   Rendezvous                       3882 us
[2025-05-18T22:58:53.387+0300][7324][16848][info][gc,stats    ] Concurrent Cleanup                  114 us
[2025-05-18T22:58:53.387+0300][7324][16848][info][gc,stats    ] Concurrent Class Unloading         5010 us
[2025-05-18T22:58:53.387+0300][7324][16848][info][gc,stats    ]   Unlink Stale                     2392 us
[2025-05-18T22:58:53.387+0300][7324][16848][info][gc,stats    ]     System Dictionary                11 us
[2025-05-18T22:58:53.387+0300][7324][16848][info][gc,stats    ]     Weak Class Links                  0 us
[2025-05-18T22:58:53.387+0300][7324][16848][info][gc,stats    ]     Code Roots                     2379 us
[2025-05-18T22:58:53.387+0300][7324][16848][info][gc,stats    ]   Rendezvous                       2393 us
[2025-05-18T22:58:53.387+0300][7324][16848][info][gc,stats    ]   Purge Unlinked                    117 us
[2025-05-18T22:58:53.389+0300][7324][16848][info][gc,stats    ]     Code Roots                      105 us
[2025-05-18T22:58:53.389+0300][7324][16848][info][gc,stats    ]     CLDG                             12 us
[2025-05-18T22:58:53.389+0300][7324][16848][info][gc,stats    ]     Exception Caches                  0 us
[2025-05-18T22:58:53.389+0300][7324][16848][info][gc,stats    ] Concurrent Strong Roots             267 us, parallelism: 0.60x
[2025-05-18T22:58:53.389+0300][7324][16848][info][gc,stats    ]   CSR: <total>                      161 us
[2025-05-18T22:58:53.389+0300][7324][16848][info][gc,stats    ]   CSR: VM Strong Roots               14 us, workers (us):   7,   8, ---, ---, 
[2025-05-18T22:58:53.389+0300][7324][16848][info][gc,stats    ]   CSR: CLDG Roots                   147 us, workers (us): 147, ---, ---, ---, 
[2025-05-18T22:58:53.389+0300][7324][16848][info][gc,stats    ] Concurrent Evacuation              1103 us
[2025-05-18T22:58:53.389+0300][7324][16848][info][gc,stats    ] Pause Init Update Refs (G)          221 us
[2025-05-18T22:58:53.389+0300][7324][16848][info][gc,stats    ] Pause Init Update Refs (N)          107 us
[2025-05-18T22:58:53.389+0300][7324][16848][info][gc,stats    ]   Manage GCLABs                       5 us
[2025-05-18T22:58:53.389+0300][7324][16848][info][gc,stats    ] Concurrent Update Refs             5436 us
[2025-05-18T22:58:53.389+0300][7324][16848][info][gc,stats    ] Concurrent Update Thread Roots      331 us
[2025-05-18T22:58:53.389+0300][7324][16848][info][gc,stats    ] Pause Final Update Refs (G)         284 us
[2025-05-18T22:58:53.389+0300][7324][16848][info][gc,stats    ] Pause Final Update Refs (N)         178 us
[2025-05-18T22:58:53.389+0300][7324][16848][info][gc,stats    ]   Update Region States               44 us
[2025-05-18T22:58:53.389+0300][7324][16848][info][gc,stats    ]   Trash Collection Set                6 us
[2025-05-18T22:58:53.389+0300][7324][16848][info][gc,stats    ]   Rebuild Free Set                   20 us
[2025-05-18T22:58:53.389+0300][7324][16848][info][gc,stats    ] Concurrent Cleanup                  105 us
[2025-05-18T22:58:53.389+0300][7324][16848][info][gc,stats    ] 
[2025-05-18T22:58:53.389+0300][7324][16848][info][gc,stats    ] Allocation pacing accrued:
[2025-05-18T22:58:53.389+0300][7324][16848][info][gc,stats    ]       0 of   382 ms (  0.0%): <total>
[2025-05-18T22:58:53.389+0300][7324][16848][info][gc,stats    ]       0 of   382 ms (  0.0%): <average total>
[2025-05-18T22:58:53.389+0300][7324][16848][info][gc,stats    ] 
[2025-05-18T22:58:53.389+0300][7324][16848][info][gc,metaspace] Metaspace: 8626K(9664K)->8626K(9664K) NonClass: 7774K(8384K)->7774K(8384K) Class: 851K(1280K)->851K(1280K)
[2025-05-18T22:58:53.389+0300][7324][16848][info][gc,ergo     ] Pacer for Idle. Initial: 83886K, Alloc Tax Rate: 1.0x
[2025-05-18T22:58:53.730+0300][7324][16848][info][gc          ] Trigger: Learning 3 of 5. Free (2852M) is below initial threshold (2867M)
[2025-05-18T22:58:53.730+0300][7324][16848][info][gc,ergo     ] Free: 2852M, Max: 2048K regular, 2824M humongous, Frag: 1% external, 0% internal; Reserve: 206M, Max: 2048K
[2025-05-18T22:58:53.730+0300][7324][16848][info][gc,start    ] GC(22) Concurrent reset
[2025-05-18T22:58:53.730+0300][7324][16848][info][gc,task     ] GC(22) Using 2 of 4 workers for concurrent reset
[2025-05-18T22:58:53.730+0300][7324][16848][info][gc,ergo     ] GC(22) Pacer for Reset. Non-Taxable: 4096M
[2025-05-18T22:58:53.730+0300][7324][16848][info][gc          ] GC(22) Concurrent reset 0.760ms
[2025-05-18T22:58:53.731+0300][7324][8028 ][info][gc,start    ] GC(22) Pause Init Mark (unload classes)
[2025-05-18T22:58:53.731+0300][7324][8028 ][info][gc,task     ] GC(22) Using 4 of 4 workers for init marking
[2025-05-18T22:58:53.731+0300][7324][8028 ][info][gc,ergo     ] GC(22) Pacer for Mark. Expected Live: 10368K, Free: 2852M, Non-Taxable: 285M, Alloc Tax Rate: 0.0x
[2025-05-18T22:58:53.731+0300][7324][8028 ][info][gc          ] GC(22) Pause Init Mark (unload classes) 0.138ms
[2025-05-18T22:58:53.731+0300][7324][16848][info][gc,start    ] GC(22) Concurrent marking roots
[2025-05-18T22:58:53.731+0300][7324][16848][info][gc,task     ] GC(22) Using 2 of 4 workers for concurrent marking roots
[2025-05-18T22:58:53.731+0300][7324][16848][info][gc          ] GC(22) Concurrent marking roots 0.249ms
[2025-05-18T22:58:53.731+0300][7324][16848][info][gc,start    ] GC(22) Concurrent marking (unload classes)
[2025-05-18T22:58:53.731+0300][7324][16848][info][gc,task     ] GC(22) Using 2 of 4 workers for concurrent marking
[2025-05-18T22:58:53.736+0300][7324][16848][info][gc          ] GC(22) Concurrent marking (unload classes) 5.057ms
[2025-05-18T22:58:53.736+0300][7324][8028 ][info][gc,start    ] GC(22) Pause Final Mark (unload classes)
[2025-05-18T22:58:53.736+0300][7324][8028 ][info][gc,task     ] GC(22) Using 4 of 4 workers for final marking
[2025-05-18T22:58:53.736+0300][7324][8028 ][info][gc,ergo     ] GC(22) Adaptive CSet Selection. Target Free: 580M, Actual Free: 3851M, Max CSet: 170M, Min Garbage: 0B
[2025-05-18T22:58:53.737+0300][7324][8028 ][info][gc,ergo     ] GC(22) Collectable Garbage: 1020M (99%), Immediate: 811M (79%), CSet: 208M (20%)
[2025-05-18T22:58:53.737+0300][7324][8028 ][info][gc,ergo     ] GC(22) Pacer for Evacuation. Used CSet: 209M, Free: 3648M, Non-Taxable: 364M, Alloc Tax Rate: 1.1x
[2025-05-18T22:58:53.737+0300][7324][8028 ][info][gc          ] GC(22) Pause Final Mark (unload classes) 0.282ms
[2025-05-18T22:58:53.737+0300][7324][16848][info][gc,start    ] GC(22) Concurrent thread roots
[2025-05-18T22:58:53.737+0300][7324][16848][info][gc,task     ] GC(22) Using 2 of 4 workers for Concurrent thread roots
[2025-05-18T22:58:53.737+0300][7324][16848][info][gc          ] GC(22) Concurrent thread roots 0.155ms
[2025-05-18T22:58:53.737+0300][7324][16848][info][gc,start    ] GC(22) Concurrent weak references
[2025-05-18T22:58:53.737+0300][7324][16848][info][gc,task     ] GC(22) Using 2 of 4 workers for concurrent weak references
[2025-05-18T22:58:53.737+0300][7324][16848][info][gc,ref      ] GC(22) Encountered references: Soft: 152, Weak: 872, Final: 3, Phantom: 50
[2025-05-18T22:58:53.737+0300][7324][16848][info][gc,ref      ] GC(22) Discovered  references: Soft: 0, Weak: 372, Final: 3, Phantom: 36
[2025-05-18T22:58:53.737+0300][7324][16848][info][gc,ref      ] GC(22) Enqueued    references: Soft: 0, Weak: 176, Final: 0, Phantom: 0
[2025-05-18T22:58:53.737+0300][7324][16848][info][gc          ] GC(22) Concurrent weak references 0.195ms
[2025-05-18T22:58:53.737+0300][7324][16848][info][gc,start    ] GC(22) Concurrent weak roots
[2025-05-18T22:58:53.737+0300][7324][16848][info][gc,task     ] GC(22) Using 2 of 4 workers for concurrent weak root
[2025-05-18T22:58:53.746+0300][7324][16848][info][gc          ] GC(22) Concurrent weak roots 8.563ms
[2025-05-18T22:58:53.746+0300][7324][16848][info][gc,start    ] GC(22) Concurrent cleanup
[2025-05-18T22:58:53.746+0300][7324][16848][info][gc          ] GC(22) Concurrent cleanup 1076M->264M(4096M) 0.092ms
[2025-05-18T22:58:53.746+0300][7324][16848][info][gc,ergo     ] GC(22) Free: 3619M, Max: 2048K regular, 2806M humongous, Frag: 23% external, 0% internal; Reserve: 204M, Max: 2048K
[2025-05-18T22:58:53.746+0300][7324][16848][info][gc,start    ] GC(22) Concurrent class unloading
[2025-05-18T22:58:53.746+0300][7324][16848][info][gc,task     ] GC(22) Using 2 of 4 workers for concurrent class unloading
[2025-05-18T22:58:53.748+0300][7324][16848][info][gc          ] GC(22) Concurrent class unloading 2.604ms
[2025-05-18T22:58:53.748+0300][7324][16848][info][gc,start    ] GC(22) Concurrent strong roots
[2025-05-18T22:58:53.749+0300][7324][16848][info][gc,task     ] GC(22) Using 2 of 4 workers for concurrent strong root
[2025-05-18T22:58:53.749+0300][7324][16848][info][gc          ] GC(22) Concurrent strong roots 0.226ms
[2025-05-18T22:58:53.749+0300][7324][16848][info][gc,start    ] GC(22) Concurrent evacuation
[2025-05-18T22:58:53.749+0300][7324][16848][info][gc,task     ] GC(22) Using 2 of 4 workers for concurrent evacuation
[2025-05-18T22:58:53.750+0300][7324][16848][info][gc          ] GC(22) Concurrent evacuation 1.033ms
[2025-05-18T22:58:53.750+0300][7324][8028 ][info][gc,start    ] GC(22) Pause Init Update Refs
[2025-05-18T22:58:53.750+0300][7324][8028 ][info][gc,ergo     ] GC(22) Pacer for Update Refs. Used: 269M, Free: 3615M, Non-Taxable: 361M, Alloc Tax Rate: 1.1x
[2025-05-18T22:58:53.750+0300][7324][8028 ][info][gc          ] GC(22) Pause Init Update Refs 0.073ms
[2025-05-18T22:58:53.750+0300][7324][16848][info][gc,start    ] GC(22) Concurrent update references
[2025-05-18T22:58:53.750+0300][7324][16848][info][gc,task     ] GC(22) Using 2 of 4 workers for concurrent reference update
[2025-05-18T22:58:53.755+0300][7324][16848][info][gc          ] GC(22) Concurrent update references 5.463ms
[2025-05-18T22:58:53.756+0300][7324][16848][info][gc,start    ] GC(22) Concurrent update thread roots
[2025-05-18T22:58:53.756+0300][7324][16848][info][gc          ] GC(22) Concurrent update thread roots 0.831ms
[2025-05-18T22:58:53.756+0300][7324][8028 ][info][gc,start    ] GC(22) Pause Final Update Refs
[2025-05-18T22:58:53.758+0300][7324][8028 ][info][gc,task     ] GC(22) Using 4 of 4 workers for final reference update
[2025-05-18T22:58:53.758+0300][7324][8028 ][info][gc          ] GC(22) Pause Final Update Refs 0.114ms
[2025-05-18T22:58:53.758+0300][7324][16848][info][gc,start    ] GC(22) Concurrent cleanup
[2025-05-18T22:58:53.758+0300][7324][16848][info][gc          ] GC(22) Concurrent cleanup 283M->73M(4096M) 0.065ms
[2025-05-18T22:58:53.758+0300][7324][16848][info][gc,ergo     ] Free: 3810M, Max: 2048K regular, 2806M humongous, Frag: 27% external, 0% internal; Reserve: 206M, Max: 2048K
[2025-05-18T22:58:53.758+0300][7324][16848][info][gc,stats    ] 
[2025-05-18T22:58:53.758+0300][7324][16848][info][gc,stats    ] All times are wall-clock times, except per-root-class counters, that are sum over
[2025-05-18T22:58:53.758+0300][7324][16848][info][gc,stats    ] all workers. Dividing the <total> over the root stage time estimates parallelism.
[2025-05-18T22:58:53.758+0300][7324][16848][info][gc,stats    ] 
[2025-05-18T22:58:53.758+0300][7324][16848][info][gc,stats    ] Concurrent Reset                    811 us
[2025-05-18T22:58:53.758+0300][7324][16848][info][gc,stats    ] Pause Init Mark (G)                 306 us
[2025-05-18T22:58:53.758+0300][7324][16848][info][gc,stats    ] Pause Init Mark (N)                 158 us
[2025-05-18T22:58:53.758+0300][7324][16848][info][gc,stats    ]   Update Region States               18 us
[2025-05-18T22:58:53.758+0300][7324][16848][info][gc,stats    ] Concurrent Mark Roots               289 us, parallelism: 0.84x
[2025-05-18T22:58:53.758+0300][7324][16848][info][gc,stats    ]   CMR: <total>                      244 us
[2025-05-18T22:58:53.758+0300][7324][16848][info][gc,stats    ]   CMR: Thread Roots                 112 us, workers (us): 111,   0, ---, ---, 
[2025-05-18T22:58:53.758+0300][7324][16848][info][gc,stats    ]   CMR: VM Strong Roots               10 us, workers (us):   7,   3, ---, ---, 
[2025-05-18T22:58:53.758+0300][7324][16848][info][gc,stats    ]   CMR: CLDG Roots                   121 us, workers (us): ---, 121, ---, ---, 
[2025-05-18T22:58:53.758+0300][7324][16848][info][gc,stats    ] Concurrent Marking                 5118 us
[2025-05-18T22:58:53.758+0300][7324][16848][info][gc,stats    ] Pause Final Mark (G)                376 us
[2025-05-18T22:58:53.758+0300][7324][16848][info][gc,stats    ] Pause Final Mark (N)                298 us
[2025-05-18T22:58:53.758+0300][7324][16848][info][gc,stats    ]   Finish Mark                        64 us
[2025-05-18T22:58:53.758+0300][7324][16848][info][gc,stats    ]   Update Region States               22 us
[2025-05-18T22:58:53.758+0300][7324][16848][info][gc,stats    ]   Choose Collection Set              83 us
[2025-05-18T22:58:53.758+0300][7324][16848][info][gc,stats    ]   Rebuild Free Set                   16 us
[2025-05-18T22:58:53.758+0300][7324][16848][info][gc,stats    ] Concurrent Thread Roots             184 us, parallelism: 0.77x
[2025-05-18T22:58:53.758+0300][7324][16848][info][gc,stats    ]   CTR: <total>                      141 us
[2025-05-18T22:58:53.758+0300][7324][16848][info][gc,stats    ]   CTR: Thread Roots                 141 us, workers (us):  69,  72, ---, ---, 
[2025-05-18T22:58:53.758+0300][7324][16848][info][gc,stats    ] Concurrent Weak References          218 us, parallelism: 0.40x
[2025-05-18T22:58:53.758+0300][7324][16848][info][gc,stats    ]   CWRF: <total>                      86 us
[2025-05-18T22:58:53.758+0300][7324][16848][info][gc,stats    ]   CWRF: Weak References              86 us, workers (us):  58,  29, ---, ---, 
[2025-05-18T22:58:53.758+0300][7324][16848][info][gc,stats    ] Concurrent Weak Roots              8634 us
[2025-05-18T22:58:53.758+0300][7324][16848][info][gc,stats    ]   Roots                             770 us, parallelism: 1.82x
[2025-05-18T22:58:53.758+0300][7324][16848][info][gc,stats    ]     CWR: <total>                   1399 us
[2025-05-18T22:58:53.758+0300][7324][16848][info][gc,stats    ]     CWR: Code Cache Roots           996 us, workers (us): 467, 529, ---, ---, 
[2025-05-18T22:58:53.758+0300][7324][16848][info][gc,stats    ]     CWR: VM Weak Roots              396 us, workers (us): 205, 191, ---, ---, 
[2025-05-18T22:58:53.758+0300][7324][16848][info][gc,stats    ]     CWR: CLDG Roots                   8 us, workers (us): ---,   8, ---, ---, 
[2025-05-18T22:58:53.758+0300][7324][16848][info][gc,stats    ]   Rendezvous                       7743 us
[2025-05-18T22:58:53.758+0300][7324][16848][info][gc,stats    ] Concurrent Cleanup                  120 us
[2025-05-18T22:58:53.758+0300][7324][16848][info][gc,stats    ] Concurrent Class Unloading         2663 us
[2025-05-18T22:58:53.758+0300][7324][16848][info][gc,stats    ]   Unlink Stale                     2231 us
[2025-05-18T22:58:53.758+0300][7324][16848][info][gc,stats    ]     System Dictionary                14 us
[2025-05-18T22:58:53.758+0300][7324][16848][info][gc,stats    ]     Weak Class Links                  0 us
[2025-05-18T22:58:53.758+0300][7324][16848][info][gc,stats    ]     Code Roots                     2215 us
[2025-05-18T22:58:53.758+0300][7324][16848][info][gc,stats    ]   Rendezvous                        312 us
[2025-05-18T22:58:53.758+0300][7324][16848][info][gc,stats    ]   Purge Unlinked                     11 us
[2025-05-18T22:58:53.758+0300][7324][16848][info][gc,stats    ]     Code Roots                        3 us
[2025-05-18T22:58:53.758+0300][7324][16848][info][gc,stats    ]     CLDG                              7 us
[2025-05-18T22:58:53.758+0300][7324][16848][info][gc,stats    ]     Exception Caches                  0 us
[2025-05-18T22:58:53.758+0300][7324][16848][info][gc,stats    ] Concurrent Strong Roots             259 us, parallelism: 0.57x
[2025-05-18T22:58:53.758+0300][7324][16848][info][gc,stats    ]   CSR: <total>                      148 us
[2025-05-18T22:58:53.758+0300][7324][16848][info][gc,stats    ]   CSR: VM Strong Roots               11 us, workers (us):   5,   6, ---, ---, 
[2025-05-18T22:58:53.758+0300][7324][16848][info][gc,stats    ]   CSR: CLDG Roots                   137 us, workers (us): 137, ---, ---, ---, 
[2025-05-18T22:58:53.758+0300][7324][16848][info][gc,stats    ] Concurrent Evacuation              1081 us
[2025-05-18T22:58:53.758+0300][7324][16848][info][gc,stats    ] Pause Init Update Refs (G)          199 us
[2025-05-18T22:58:53.758+0300][7324][16848][info][gc,stats    ] Pause Init Update Refs (N)           89 us
[2025-05-18T22:58:53.758+0300][7324][16848][info][gc,stats    ]   Manage GCLABs                       4 us
[2025-05-18T22:58:53.758+0300][7324][16848][info][gc,stats    ] Concurrent Update Refs             5536 us
[2025-05-18T22:58:53.758+0300][7324][16848][info][gc,stats    ] Concurrent Update Thread Roots      872 us
[2025-05-18T22:58:53.758+0300][7324][16848][info][gc,stats    ] Pause Final Update Refs (G)         233 us
[2025-05-18T22:58:53.758+0300][7324][16848][info][gc,stats    ] Pause Final Update Refs (N)         131 us
[2025-05-18T22:58:53.758+0300][7324][16848][info][gc,stats    ]   Update Region States               22 us
[2025-05-18T22:58:53.758+0300][7324][16848][info][gc,stats    ]   Trash Collection Set                5 us
[2025-05-18T22:58:53.758+0300][7324][16848][info][gc,stats    ]   Rebuild Free Set                   18 us
[2025-05-18T22:58:53.758+0300][7324][16848][info][gc,stats    ] Concurrent Cleanup                   89 us
[2025-05-18T22:58:53.758+0300][7324][16848][info][gc,stats    ] 
[2025-05-18T22:58:53.758+0300][7324][16848][info][gc,stats    ] Allocation pacing accrued:
[2025-05-18T22:58:53.758+0300][7324][16848][info][gc,stats    ]       0 of   370 ms (  0.0%): <total>
[2025-05-18T22:58:53.758+0300][7324][16848][info][gc,stats    ]       0 of   370 ms (  0.0%): <average total>
[2025-05-18T22:58:53.758+0300][7324][16848][info][gc,stats    ] 
[2025-05-18T22:58:53.758+0300][7324][16848][info][gc,metaspace] Metaspace: 8626K(9664K)->8626K(9664K) NonClass: 7774K(8384K)->7774K(8384K) Class: 851K(1280K)->851K(1280K)
[2025-05-18T22:58:53.758+0300][7324][16848][info][gc,ergo     ] Pacer for Idle. Initial: 83886K, Alloc Tax Rate: 1.0x
[2025-05-18T22:58:54.098+0300][7324][16848][info][gc          ] Trigger: Learning 4 of 5. Free (2848M) is below initial threshold (2867M)
[2025-05-18T22:58:54.098+0300][7324][16848][info][gc,ergo     ] Free: 2848M, Max: 2048K regular, 2806M humongous, Frag: 2% external, 0% internal; Reserve: 206M, Max: 2048K
[2025-05-18T22:58:54.098+0300][7324][16848][info][gc,start    ] GC(23) Concurrent reset
[2025-05-18T22:58:54.098+0300][7324][16848][info][gc,task     ] GC(23) Using 2 of 4 workers for concurrent reset
[2025-05-18T22:58:54.098+0300][7324][16848][info][gc,ergo     ] GC(23) Pacer for Reset. Non-Taxable: 4096M
[2025-05-18T22:58:54.098+0300][7324][16848][info][gc          ] GC(23) Concurrent reset 0.749ms
[2025-05-18T22:58:54.099+0300][7324][8028 ][info][gc,start    ] GC(23) Pause Init Mark (unload classes)
[2025-05-18T22:58:54.099+0300][7324][8028 ][info][gc,task     ] GC(23) Using 4 of 4 workers for init marking
[2025-05-18T22:58:54.099+0300][7324][8028 ][info][gc,ergo     ] GC(23) Pacer for Mark. Expected Live: 10365K, Free: 2846M, Non-Taxable: 284M, Alloc Tax Rate: 0.0x
[2025-05-18T22:58:54.099+0300][7324][8028 ][info][gc          ] GC(23) Pause Init Mark (unload classes) 0.128ms
[2025-05-18T22:58:54.099+0300][7324][16848][info][gc,start    ] GC(23) Concurrent marking roots
[2025-05-18T22:58:54.099+0300][7324][16848][info][gc,task     ] GC(23) Using 2 of 4 workers for concurrent marking roots
[2025-05-18T22:58:54.099+0300][7324][16848][info][gc          ] GC(23) Concurrent marking roots 0.239ms
[2025-05-18T22:58:54.099+0300][7324][16848][info][gc,start    ] GC(23) Concurrent marking (unload classes)
[2025-05-18T22:58:54.099+0300][7324][16848][info][gc,task     ] GC(23) Using 2 of 4 workers for concurrent marking
[2025-05-18T22:58:54.130+0300][7324][16848][info][gc          ] GC(23) Concurrent marking (unload classes) 31.284ms
[2025-05-18T22:58:54.131+0300][7324][8028 ][info][gc,start    ] GC(23) Pause Final Mark (unload classes)
[2025-05-18T22:58:54.131+0300][7324][8028 ][info][gc,task     ] GC(23) Using 4 of 4 workers for final marking
[2025-05-18T22:58:54.131+0300][7324][8028 ][info][gc,ergo     ] GC(23) Adaptive CSet Selection. Target Free: 580M, Actual Free: 3786M, Max CSet: 170M, Min Garbage: 0B
[2025-05-18T22:58:54.131+0300][7324][8028 ][info][gc,ergo     ] GC(23) Collectable Garbage: 1026M (99%), Immediate: 816M (79%), CSet: 210M (20%)
[2025-05-18T22:58:54.131+0300][7324][8028 ][info][gc,ergo     ] GC(23) Pacer for Evacuation. Used CSet: 211M, Free: 3581M, Non-Taxable: 358M, Alloc Tax Rate: 1.1x
[2025-05-18T22:58:54.131+0300][7324][8028 ][info][gc          ] GC(23) Pause Final Mark (unload classes) 0.290ms
[2025-05-18T22:58:54.131+0300][7324][16848][info][gc,start    ] GC(23) Concurrent thread roots
[2025-05-18T22:58:54.131+0300][7324][16848][info][gc,task     ] GC(23) Using 2 of 4 workers for Concurrent thread roots
[2025-05-18T22:58:54.131+0300][7324][16848][info][gc          ] GC(23) Concurrent thread roots 0.276ms
[2025-05-18T22:58:54.131+0300][7324][16848][info][gc,start    ] GC(23) Concurrent weak references
[2025-05-18T22:58:54.131+0300][7324][16848][info][gc,task     ] GC(23) Using 2 of 4 workers for concurrent weak references
[2025-05-18T22:58:54.131+0300][7324][16848][info][gc,ref      ] GC(23) Encountered references: Soft: 152, Weak: 878, Final: 3, Phantom: 50
[2025-05-18T22:58:54.131+0300][7324][16848][info][gc,ref      ] GC(23) Discovered  references: Soft: 0, Weak: 376, Final: 1, Phantom: 36
[2025-05-18T22:58:54.131+0300][7324][16848][info][gc,ref      ] GC(23) Enqueued    references: Soft: 0, Weak: 182, Final: 0, Phantom: 0
[2025-05-18T22:58:54.132+0300][7324][16848][info][gc          ] GC(23) Concurrent weak references 0.248ms
[2025-05-18T22:58:54.132+0300][7324][16848][info][gc,start    ] GC(23) Concurrent weak roots
[2025-05-18T22:58:54.132+0300][7324][16848][info][gc,task     ] GC(23) Using 2 of 4 workers for concurrent weak root
[2025-05-18T22:58:54.146+0300][7324][16848][info][gc          ] GC(23) Concurrent weak roots 14.053ms
[2025-05-18T22:58:54.146+0300][7324][16848][info][gc,start    ] GC(23) Concurrent cleanup
[2025-05-18T22:58:54.146+0300][7324][16848][info][gc          ] GC(23) Concurrent cleanup 1154M->338M(4096M) 0.098ms
[2025-05-18T22:58:54.146+0300][7324][16848][info][gc,ergo     ] GC(23) Free: 3546M, Max: 2048K regular, 2728M humongous, Frag: 24% external, 0% internal; Reserve: 205M, Max: 2048K
[2025-05-18T22:58:54.146+0300][7324][16848][info][gc,start    ] GC(23) Concurrent class unloading
[2025-05-18T22:58:54.146+0300][7324][16848][info][gc,task     ] GC(23) Using 2 of 4 workers for concurrent class unloading
[2025-05-18T22:58:54.150+0300][7324][16848][info][gc          ] GC(23) Concurrent class unloading 4.279ms
[2025-05-18T22:58:54.150+0300][7324][16848][info][gc,start    ] GC(23) Concurrent strong roots
[2025-05-18T22:58:54.150+0300][7324][16848][info][gc,task     ] GC(23) Using 2 of 4 workers for concurrent strong root
[2025-05-18T22:58:54.150+0300][7324][16848][info][gc          ] GC(23) Concurrent strong roots 0.258ms
[2025-05-18T22:58:54.150+0300][7324][16848][info][gc,start    ] GC(23) Concurrent evacuation
[2025-05-18T22:58:54.151+0300][7324][16848][info][gc,task     ] GC(23) Using 2 of 4 workers for concurrent evacuation
[2025-05-18T22:58:54.152+0300][7324][16848][info][gc          ] GC(23) Concurrent evacuation 1.134ms
[2025-05-18T22:58:54.152+0300][7324][8028 ][info][gc,start    ] GC(23) Pause Init Update Refs
[2025-05-18T22:58:54.152+0300][7324][8028 ][info][gc,ergo     ] GC(23) Pacer for Update Refs. Used: 351M, Free: 3534M, Non-Taxable: 353M, Alloc Tax Rate: 1.1x
[2025-05-18T22:58:54.152+0300][7324][8028 ][info][gc          ] GC(23) Pause Init Update Refs 0.089ms
[2025-05-18T22:58:54.152+0300][7324][16848][info][gc,start    ] GC(23) Concurrent update references
[2025-05-18T22:58:54.152+0300][7324][16848][info][gc,task     ] GC(23) Using 2 of 4 workers for concurrent reference update
[2025-05-18T22:58:54.171+0300][7324][16848][info][gc          ] GC(23) Concurrent update references 19.010ms
[2025-05-18T22:58:54.171+0300][7324][16848][info][gc,start    ] GC(23) Concurrent update thread roots
[2025-05-18T22:58:54.176+0300][7324][16848][info][gc          ] GC(23) Concurrent update thread roots 4.800ms
[2025-05-18T22:58:54.176+0300][7324][8028 ][info][gc,start    ] GC(23) Pause Final Update Refs
[2025-05-18T22:58:54.176+0300][7324][8028 ][info][gc,task     ] GC(23) Using 4 of 4 workers for final reference update
[2025-05-18T22:58:54.176+0300][7324][8028 ][info][gc          ] GC(23) Pause Final Update Refs 0.160ms
[2025-05-18T22:58:54.176+0300][7324][16848][info][gc,start    ] GC(23) Concurrent cleanup
[2025-05-18T22:58:54.176+0300][7324][16848][info][gc          ] GC(23) Concurrent cleanup 403M->191M(4096M) 0.078ms
[2025-05-18T22:58:54.176+0300][7324][16848][info][gc,ergo     ] Free: 3692M, Max: 2048K regular, 2728M humongous, Frag: 27% external, 0% internal; Reserve: 206M, Max: 2048K
[2025-05-18T22:58:54.176+0300][7324][16848][info][gc,stats    ] 
[2025-05-18T22:58:54.176+0300][7324][16848][info][gc,stats    ] All times are wall-clock times, except per-root-class counters, that are sum over
[2025-05-18T22:58:54.176+0300][7324][16848][info][gc,stats    ] all workers. Dividing the <total> over the root stage time estimates parallelism.
[2025-05-18T22:58:54.176+0300][7324][16848][info][gc,stats    ] 
[2025-05-18T22:58:54.177+0300][7324][16848][info][gc,stats    ] Concurrent Reset                    822 us
[2025-05-18T22:58:54.177+0300][7324][16848][info][gc,stats    ] Pause Init Mark (G)                 279 us
[2025-05-18T22:58:54.177+0300][7324][16848][info][gc,stats    ] Pause Init Mark (N)                 148 us
[2025-05-18T22:58:54.177+0300][7324][16848][info][gc,stats    ]   Update Region States               19 us
[2025-05-18T22:58:54.177+0300][7324][16848][info][gc,stats    ] Concurrent Mark Roots               272 us, parallelism: 0.77x
[2025-05-18T22:58:54.177+0300][7324][16848][info][gc,stats    ]   CMR: <total>                      209 us
[2025-05-18T22:58:54.177+0300][7324][16848][info][gc,stats    ]   CMR: Thread Roots                 122 us, workers (us):  24,  99, ---, ---, 
[2025-05-18T22:58:54.177+0300][7324][16848][info][gc,stats    ]   CMR: VM Strong Roots               10 us, workers (us):   5,   5, ---, ---, 
[2025-05-18T22:58:54.177+0300][7324][16848][info][gc,stats    ]   CMR: CLDG Roots                    77 us, workers (us):  77, ---, ---, ---, 
[2025-05-18T22:58:54.177+0300][7324][16848][info][gc,stats    ] Concurrent Marking                31356 us
[2025-05-18T22:58:54.177+0300][7324][16848][info][gc,stats    ] Pause Final Mark (G)                462 us
[2025-05-18T22:58:54.177+0300][7324][16848][info][gc,stats    ] Pause Final Mark (N)                307 us
[2025-05-18T22:58:54.177+0300][7324][16848][info][gc,stats    ]   Finish Mark                        68 us
[2025-05-18T22:58:54.177+0300][7324][16848][info][gc,stats    ]   Update Region States               30 us
[2025-05-18T22:58:54.177+0300][7324][16848][info][gc,stats    ]   Choose Collection Set              75 us
[2025-05-18T22:58:54.177+0300][7324][16848][info][gc,stats    ]   Rebuild Free Set                   17 us
[2025-05-18T22:58:54.177+0300][7324][16848][info][gc,stats    ] Concurrent Thread Roots             327 us, parallelism: 1.11x
[2025-05-18T22:58:54.177+0300][7324][16848][info][gc,stats    ]   CTR: <total>                      364 us
[2025-05-18T22:58:54.177+0300][7324][16848][info][gc,stats    ]   CTR: Thread Roots                 364 us, workers (us): 180, 183, ---, ---, 
[2025-05-18T22:58:54.177+0300][7324][16848][info][gc,stats    ] Concurrent Weak References          284 us, parallelism: 0.48x
[2025-05-18T22:58:54.177+0300][7324][16848][info][gc,stats    ]   CWRF: <total>                     135 us
[2025-05-18T22:58:54.177+0300][7324][16848][info][gc,stats    ]   CWRF: Weak References             135 us, workers (us):  54,  81, ---, ---, 
[2025-05-18T22:58:54.177+0300][7324][16848][info][gc,stats    ] Concurrent Weak Roots             14133 us
[2025-05-18T22:58:54.177+0300][7324][16848][info][gc,stats    ]   Roots                             822 us, parallelism: 1.83x
[2025-05-18T22:58:54.177+0300][7324][16848][info][gc,stats    ]     CWR: <total>                   1505 us
[2025-05-18T22:58:54.177+0300][7324][16848][info][gc,stats    ]     CWR: Code Cache Roots          1089 us, workers (us): 530, 559, ---, ---, 
[2025-05-18T22:58:54.177+0300][7324][16848][info][gc,stats    ]     CWR: VM Weak Roots              408 us, workers (us): 212, 196, ---, ---, 
[2025-05-18T22:58:54.177+0300][7324][16848][info][gc,stats    ]     CWR: CLDG Roots                   8 us, workers (us): ---,   8, ---, ---, 
[2025-05-18T22:58:54.177+0300][7324][16848][info][gc,stats    ]   Rendezvous                      13178 us
[2025-05-18T22:58:54.177+0300][7324][16848][info][gc,stats    ] Concurrent Cleanup                  125 us
[2025-05-18T22:58:54.177+0300][7324][16848][info][gc,stats    ] Concurrent Class Unloading         4341 us
[2025-05-18T22:58:54.177+0300][7324][16848][info][gc,stats    ]   Unlink Stale                     2414 us
[2025-05-18T22:58:54.177+0300][7324][16848][info][gc,stats    ]     System Dictionary                19 us
[2025-05-18T22:58:54.177+0300][7324][16848][info][gc,stats    ]     Weak Class Links                  0 us
[2025-05-18T22:58:54.177+0300][7324][16848][info][gc,stats    ]     Code Roots                     2394 us
[2025-05-18T22:58:54.177+0300][7324][16848][info][gc,stats    ]   Rendezvous                       1801 us
[2025-05-18T22:58:54.177+0300][7324][16848][info][gc,stats    ]   Purge Unlinked                     11 us
[2025-05-18T22:58:54.177+0300][7324][16848][info][gc,stats    ]     Code Roots                        4 us
[2025-05-18T22:58:54.177+0300][7324][16848][info][gc,stats    ]     CLDG                              7 us
[2025-05-18T22:58:54.177+0300][7324][16848][info][gc,stats    ]     Exception Caches                  0 us
[2025-05-18T22:58:54.177+0300][7324][16848][info][gc,stats    ] Concurrent Strong Roots             286 us, parallelism: 0.59x
[2025-05-18T22:58:54.177+0300][7324][16848][info][gc,stats    ]   CSR: <total>                      167 us
[2025-05-18T22:58:54.177+0300][7324][16848][info][gc,stats    ]   CSR: VM Strong Roots               13 us, workers (us):   7,   7, ---, ---, 
[2025-05-18T22:58:54.177+0300][7324][16848][info][gc,stats    ]   CSR: CLDG Roots                   154 us, workers (us): 154, ---, ---, ---, 
[2025-05-18T22:58:54.177+0300][7324][16848][info][gc,stats    ] Concurrent Evacuation              1173 us
[2025-05-18T22:58:54.177+0300][7324][16848][info][gc,stats    ] Pause Init Update Refs (G)          238 us
[2025-05-18T22:58:54.178+0300][7324][16848][info][gc,stats    ] Pause Init Update Refs (N)          111 us
[2025-05-18T22:58:54.178+0300][7324][16848][info][gc,stats    ]   Manage GCLABs                       5 us
[2025-05-18T22:58:54.178+0300][7324][16848][info][gc,stats    ] Concurrent Update Refs            19084 us
[2025-05-18T22:58:54.178+0300][7324][16848][info][gc,stats    ] Concurrent Update Thread Roots     4863 us
[2025-05-18T22:58:54.178+0300][7324][16848][info][gc,stats    ] Pause Final Update Refs (G)         377 us
[2025-05-18T22:58:54.178+0300][7324][16848][info][gc,stats    ] Pause Final Update Refs (N)         181 us
[2025-05-18T22:58:54.178+0300][7324][16848][info][gc,stats    ]   Update Region States               38 us
[2025-05-18T22:58:54.178+0300][7324][16848][info][gc,stats    ]   Trash Collection Set                6 us
[2025-05-18T22:58:54.178+0300][7324][16848][info][gc,stats    ]   Rebuild Free Set                   27 us
[2025-05-18T22:58:54.178+0300][7324][16848][info][gc,stats    ] Concurrent Cleanup                  108 us
[2025-05-18T22:58:54.178+0300][7324][16848][info][gc,stats    ] 
[2025-05-18T22:58:54.178+0300][7324][16848][info][gc,stats    ] Allocation pacing accrued:
[2025-05-18T22:58:54.178+0300][7324][16848][info][gc,stats    ]       0 of   420 ms (  0.0%): <total>
[2025-05-18T22:58:54.178+0300][7324][16848][info][gc,stats    ]       0 of   420 ms (  0.0%): <average total>
[2025-05-18T22:58:54.178+0300][7324][16848][info][gc,stats    ] 
[2025-05-18T22:58:54.178+0300][7324][16848][info][gc,metaspace] Metaspace: 8626K(9664K)->8626K(9664K) NonClass: 7774K(8384K)->7774K(8384K) Class: 851K(1280K)->851K(1280K)
[2025-05-18T22:58:54.178+0300][7324][16848][info][gc,ergo     ] Pacer for Idle. Initial: 83886K, Alloc Tax Rate: 1.0x
[2025-05-18T22:58:54.480+0300][7324][16848][info][gc          ] Trigger: Learning 5 of 5. Free (2834M) is below initial threshold (2867M)
[2025-05-18T22:58:54.480+0300][7324][16848][info][gc,ergo     ] Free: 2834M, Max: 2048K regular, 2728M humongous, Frag: 4% external, 0% internal; Reserve: 206M, Max: 2048K
[2025-05-18T22:58:54.480+0300][7324][16848][info][gc,start    ] GC(24) Concurrent reset
[2025-05-18T22:58:54.480+0300][7324][16848][info][gc,task     ] GC(24) Using 2 of 4 workers for concurrent reset
[2025-05-18T22:58:54.480+0300][7324][16848][info][gc,ergo     ] GC(24) Pacer for Reset. Non-Taxable: 4096M
[2025-05-18T22:58:54.480+0300][7324][16848][info][gc          ] GC(24) Concurrent reset 0.680ms
[2025-05-18T22:58:54.481+0300][7324][8028 ][info][gc,start    ] GC(24) Pause Init Mark (unload classes)
[2025-05-18T22:58:54.481+0300][7324][8028 ][info][gc,task     ] GC(24) Using 4 of 4 workers for init marking
[2025-05-18T22:58:54.481+0300][7324][8028 ][info][gc,ergo     ] GC(24) Pacer for Mark. Expected Live: 10365K, Free: 2832M, Non-Taxable: 283M, Alloc Tax Rate: 0.0x
[2025-05-18T22:58:54.481+0300][7324][8028 ][info][gc          ] GC(24) Pause Init Mark (unload classes) 0.144ms
[2025-05-18T22:58:54.481+0300][7324][16848][info][gc,start    ] GC(24) Concurrent marking roots
[2025-05-18T22:58:54.481+0300][7324][16848][info][gc,task     ] GC(24) Using 2 of 4 workers for concurrent marking roots
[2025-05-18T22:58:54.481+0300][7324][16848][info][gc          ] GC(24) Concurrent marking roots 0.213ms
[2025-05-18T22:58:54.481+0300][7324][16848][info][gc,start    ] GC(24) Concurrent marking (unload classes)
[2025-05-18T22:58:54.481+0300][7324][16848][info][gc,task     ] GC(24) Using 2 of 4 workers for concurrent marking
[2025-05-18T22:58:54.490+0300][7324][16848][info][gc          ] GC(24) Concurrent marking (unload classes) 9.123ms
[2025-05-18T22:58:54.490+0300][7324][8028 ][info][gc,start    ] GC(24) Pause Final Mark (unload classes)
[2025-05-18T22:58:54.490+0300][7324][8028 ][info][gc,task     ] GC(24) Using 4 of 4 workers for final marking
[2025-05-18T22:58:54.490+0300][7324][8028 ][info][gc,ergo     ] GC(24) Adaptive CSet Selection. Target Free: 580M, Actual Free: 3830M, Max CSet: 170M, Min Garbage: 0B
[2025-05-18T22:58:54.491+0300][7324][8028 ][info][gc,ergo     ] GC(24) Collectable Garbage: 1040M (99%), Immediate: 822M (78%), CSet: 218M (20%)
[2025-05-18T22:58:54.491+0300][7324][8028 ][info][gc,ergo     ] GC(24) Pacer for Evacuation. Used CSet: 219M, Free: 3626M, Non-Taxable: 362M, Alloc Tax Rate: 1.1x
[2025-05-18T22:58:54.491+0300][7324][8028 ][info][gc          ] GC(24) Pause Final Mark (unload classes) 0.321ms
[2025-05-18T22:58:54.491+0300][7324][16848][info][gc,start    ] GC(24) Concurrent thread roots
[2025-05-18T22:58:54.491+0300][7324][16848][info][gc,task     ] GC(24) Using 2 of 4 workers for Concurrent thread roots
[2025-05-18T22:58:54.491+0300][7324][16848][info][gc          ] GC(24) Concurrent thread roots 0.141ms
[2025-05-18T22:58:54.491+0300][7324][16848][info][gc,start    ] GC(24) Concurrent weak references
[2025-05-18T22:58:54.491+0300][7324][16848][info][gc,task     ] GC(24) Using 2 of 4 workers for concurrent weak references
[2025-05-18T22:58:54.491+0300][7324][16848][info][gc,ref      ] GC(24) Encountered references: Soft: 152, Weak: 882, Final: 3, Phantom: 50
[2025-05-18T22:58:54.491+0300][7324][16848][info][gc,ref      ] GC(24) Discovered  references: Soft: 0, Weak: 378, Final: 1, Phantom: 39
[2025-05-18T22:58:54.491+0300][7324][16848][info][gc,ref      ] GC(24) Enqueued    references: Soft: 0, Weak: 186, Final: 0, Phantom: 0
[2025-05-18T22:58:54.491+0300][7324][16848][info][gc          ] GC(24) Concurrent weak references 0.214ms
[2025-05-18T22:58:54.491+0300][7324][16848][info][gc,start    ] GC(24) Concurrent weak roots
[2025-05-18T22:58:54.491+0300][7324][16848][info][gc,task     ] GC(24) Using 2 of 4 workers for concurrent weak root
[2025-05-18T22:58:54.494+0300][7324][16848][info][gc          ] GC(24) Concurrent weak roots 3.375ms
[2025-05-18T22:58:54.495+0300][7324][16848][info][gc,start    ] GC(24) Concurrent cleanup
[2025-05-18T22:58:54.495+0300][7324][16848][info][gc          ] GC(24) Concurrent cleanup 1096M->274M(4096M) 0.081ms
[2025-05-18T22:58:54.495+0300][7324][16848][info][gc,ergo     ] GC(24) Free: 3610M, Max: 2048K regular, 2728M humongous, Frag: 25% external, 0% internal; Reserve: 204M, Max: 2048K
[2025-05-18T22:58:54.495+0300][7324][16848][info][gc,start    ] GC(24) Concurrent class unloading
[2025-05-18T22:58:54.495+0300][7324][16848][info][gc,task     ] GC(24) Using 2 of 4 workers for concurrent class unloading
[2025-05-18T22:58:54.501+0300][7324][16848][info][gc          ] GC(24) Concurrent class unloading 6.148ms
[2025-05-18T22:58:54.501+0300][7324][16848][info][gc,start    ] GC(24) Concurrent strong roots
[2025-05-18T22:58:54.501+0300][7324][16848][info][gc,task     ] GC(24) Using 2 of 4 workers for concurrent strong root
[2025-05-18T22:58:54.501+0300][7324][16848][info][gc          ] GC(24) Concurrent strong roots 0.244ms
[2025-05-18T22:58:54.501+0300][7324][16848][info][gc,start    ] GC(24) Concurrent evacuation
[2025-05-18T22:58:54.501+0300][7324][16848][info][gc,task     ] GC(24) Using 2 of 4 workers for concurrent evacuation
[2025-05-18T22:58:54.502+0300][7324][16848][info][gc          ] GC(24) Concurrent evacuation 1.147ms
[2025-05-18T22:58:54.502+0300][7324][8028 ][info][gc,start    ] GC(24) Pause Init Update Refs
[2025-05-18T22:58:54.503+0300][7324][8028 ][info][gc,ergo     ] GC(24) Pacer for Update Refs. Used: 293M, Free: 3592M, Non-Taxable: 359M, Alloc Tax Rate: 1.1x
[2025-05-18T22:58:54.503+0300][7324][8028 ][info][gc          ] GC(24) Pause Init Update Refs 0.087ms
[2025-05-18T22:58:54.503+0300][7324][16848][info][gc,start    ] GC(24) Concurrent update references
[2025-05-18T22:58:54.503+0300][7324][16848][info][gc,task     ] GC(24) Using 2 of 4 workers for concurrent reference update
[2025-05-18T22:58:54.511+0300][7324][16848][info][gc          ] GC(24) Concurrent update references 8.086ms
[2025-05-18T22:58:54.511+0300][7324][16848][info][gc,start    ] GC(24) Concurrent update thread roots
[2025-05-18T22:58:54.512+0300][7324][16848][info][gc          ] GC(24) Concurrent update thread roots 0.853ms
[2025-05-18T22:58:54.512+0300][7324][8028 ][info][gc,start    ] GC(24) Pause Final Update Refs
[2025-05-18T22:58:54.512+0300][7324][8028 ][info][gc,task     ] GC(24) Using 4 of 4 workers for final reference update
[2025-05-18T22:58:54.512+0300][7324][8028 ][info][gc          ] GC(24) Pause Final Update Refs 0.134ms
[2025-05-18T22:58:54.512+0300][7324][16848][info][gc,start    ] GC(24) Concurrent cleanup
[2025-05-18T22:58:54.512+0300][7324][16848][info][gc          ] GC(24) Concurrent cleanup 311M->91M(4096M) 0.070ms
[2025-05-18T22:58:54.512+0300][7324][16848][info][gc,ergo     ] Free: 3792M, Max: 2048K regular, 2902M humongous, Frag: 24% external, 0% internal; Reserve: 206M, Max: 2048K
[2025-05-18T22:58:54.512+0300][7324][16848][info][gc,stats    ] 
[2025-05-18T22:58:54.512+0300][7324][16848][info][gc,stats    ] All times are wall-clock times, except per-root-class counters, that are sum over
[2025-05-18T22:58:54.512+0300][7324][16848][info][gc,stats    ] all workers. Dividing the <total> over the root stage time estimates parallelism.
[2025-05-18T22:58:54.512+0300][7324][16848][info][gc,stats    ] 
[2025-05-18T22:58:54.512+0300][7324][16848][info][gc,stats    ] Concurrent Reset                    742 us
[2025-05-18T22:58:54.512+0300][7324][16848][info][gc,stats    ] Pause Init Mark (G)                 312 us
[2025-05-18T22:58:54.512+0300][7324][16848][info][gc,stats    ] Pause Init Mark (N)                 172 us
[2025-05-18T22:58:54.512+0300][7324][16848][info][gc,stats    ]   Update Region States               24 us
[2025-05-18T22:58:54.512+0300][7324][16848][info][gc,stats    ] Concurrent Mark Roots               243 us, parallelism: 0.76x
[2025-05-18T22:58:54.512+0300][7324][16848][info][gc,stats    ]   CMR: <total>                      185 us
[2025-05-18T22:58:54.512+0300][7324][16848][info][gc,stats    ]   CMR: Thread Roots                  94 us, workers (us):  92,   2, ---, ---, 
[2025-05-18T22:58:54.512+0300][7324][16848][info][gc,stats    ]   CMR: VM Strong Roots               10 us, workers (us):   5,   5, ---, ---, 
[2025-05-18T22:58:54.512+0300][7324][16848][info][gc,stats    ]   CMR: CLDG Roots                    81 us, workers (us): ---,  81, ---, ---, 
[2025-05-18T22:58:54.512+0300][7324][16848][info][gc,stats    ] Concurrent Marking                 9183 us
[2025-05-18T22:58:54.512+0300][7324][16848][info][gc,stats    ] Pause Final Mark (G)                429 us
[2025-05-18T22:58:54.512+0300][7324][16848][info][gc,stats    ] Pause Final Mark (N)                337 us
[2025-05-18T22:58:54.512+0300][7324][16848][info][gc,stats    ]   Finish Mark                        64 us
[2025-05-18T22:58:54.512+0300][7324][16848][info][gc,stats    ]   Update Region States               25 us
[2025-05-18T22:58:54.513+0300][7324][16848][info][gc,stats    ]   Choose Collection Set             121 us
[2025-05-18T22:58:54.513+0300][7324][16848][info][gc,stats    ]   Rebuild Free Set                   16 us
[2025-05-18T22:58:54.513+0300][7324][16848][info][gc,stats    ] Concurrent Thread Roots             171 us, parallelism: 0.65x
[2025-05-18T22:58:54.513+0300][7324][16848][info][gc,stats    ]   CTR: <total>                      112 us
[2025-05-18T22:58:54.513+0300][7324][16848][info][gc,stats    ]   CTR: Thread Roots                 112 us, workers (us):  58,  53, ---, ---, 
[2025-05-18T22:58:54.513+0300][7324][16848][info][gc,stats    ] Concurrent Weak References          237 us, parallelism: 0.39x
[2025-05-18T22:58:54.513+0300][7324][16848][info][gc,stats    ]   CWRF: <total>                      93 us
[2025-05-18T22:58:54.513+0300][7324][16848][info][gc,stats    ]   CWRF: Weak References              93 us, workers (us):  70,  23, ---, ---, 
[2025-05-18T22:58:54.513+0300][7324][16848][info][gc,stats    ] Concurrent Weak Roots              3428 us
[2025-05-18T22:58:54.513+0300][7324][16848][info][gc,stats    ]   Roots                             778 us, parallelism: 1.85x
[2025-05-18T22:58:54.513+0300][7324][16848][info][gc,stats    ]     CWR: <total>                   1439 us
[2025-05-18T22:58:54.513+0300][7324][16848][info][gc,stats    ]     CWR: Code Cache Roots          1023 us, workers (us): 493, 530, ---, ---, 
[2025-05-18T22:58:54.513+0300][7324][16848][info][gc,stats    ]     CWR: VM Weak Roots              408 us, workers (us): 209, 199, ---, ---, 
[2025-05-18T22:58:54.513+0300][7324][16848][info][gc,stats    ]     CWR: CLDG Roots                   8 us, workers (us): ---,   8, ---, ---, 
[2025-05-18T22:58:54.513+0300][7324][16848][info][gc,stats    ]   Rendezvous                       2550 us
[2025-05-18T22:58:54.513+0300][7324][16848][info][gc,stats    ] Concurrent Cleanup                  106 us
[2025-05-18T22:58:54.513+0300][7324][16848][info][gc,stats    ] Concurrent Class Unloading         6206 us
[2025-05-18T22:58:54.513+0300][7324][16848][info][gc,stats    ]   Unlink Stale                     2216 us
[2025-05-18T22:58:54.513+0300][7324][16848][info][gc,stats    ]     System Dictionary                10 us
[2025-05-18T22:58:54.513+0300][7324][16848][info][gc,stats    ]     Weak Class Links                  0 us
[2025-05-18T22:58:54.513+0300][7324][16848][info][gc,stats    ]     Code Roots                     2204 us
[2025-05-18T22:58:54.513+0300][7324][16848][info][gc,stats    ]   Rendezvous                       3829 us
[2025-05-18T22:58:54.513+0300][7324][16848][info][gc,stats    ]   Purge Unlinked                     53 us
[2025-05-18T22:58:54.513+0300][7324][16848][info][gc,stats    ]     Code Roots                       44 us
[2025-05-18T22:58:54.513+0300][7324][16848][info][gc,stats    ]     CLDG                              9 us
[2025-05-18T22:58:54.513+0300][7324][16848][info][gc,stats    ]     Exception Caches                  0 us
[2025-05-18T22:58:54.513+0300][7324][16848][info][gc,stats    ] Concurrent Strong Roots             293 us, parallelism: 0.53x
[2025-05-18T22:58:54.513+0300][7324][16848][info][gc,stats    ]   CSR: <total>                      156 us
[2025-05-18T22:58:54.513+0300][7324][16848][info][gc,stats    ]   CSR: VM Strong Roots               12 us, workers (us):   7,   5, ---, ---, 
[2025-05-18T22:58:54.513+0300][7324][16848][info][gc,stats    ]   CSR: CLDG Roots                   144 us, workers (us): 144, ---, ---, ---, 
[2025-05-18T22:58:54.513+0300][7324][16848][info][gc,stats    ] Concurrent Evacuation              1197 us
[2025-05-18T22:58:54.513+0300][7324][16848][info][gc,stats    ] Pause Init Update Refs (G)          208 us
[2025-05-18T22:58:54.513+0300][7324][16848][info][gc,stats    ] Pause Init Update Refs (N)          104 us
[2025-05-18T22:58:54.513+0300][7324][16848][info][gc,stats    ]   Manage GCLABs                      11 us
[2025-05-18T22:58:54.513+0300][7324][16848][info][gc,stats    ] Concurrent Update Refs             8143 us
[2025-05-18T22:58:54.513+0300][7324][16848][info][gc,stats    ] Concurrent Update Thread Roots      903 us
[2025-05-18T22:58:54.513+0300][7324][16848][info][gc,stats    ] Pause Final Update Refs (G)         319 us
[2025-05-18T22:58:54.513+0300][7324][16848][info][gc,stats    ] Pause Final Update Refs (N)         158 us
[2025-05-18T22:58:54.513+0300][7324][16848][info][gc,stats    ]   Update Region States               31 us
[2025-05-18T22:58:54.513+0300][7324][16848][info][gc,stats    ]   Trash Collection Set                6 us
[2025-05-18T22:58:54.513+0300][7324][16848][info][gc,stats    ]   Rebuild Free Set                   22 us
[2025-05-18T22:58:54.513+0300][7324][16848][info][gc,stats    ] Concurrent Cleanup                   97 us
[2025-05-18T22:58:54.513+0300][7324][16848][info][gc,stats    ] 
[2025-05-18T22:58:54.513+0300][7324][16848][info][gc,stats    ] Allocation pacing accrued:
[2025-05-18T22:58:54.513+0300][7324][16848][info][gc,stats    ]       0 of   335 ms (  0.0%): <total>
[2025-05-18T22:58:54.513+0300][7324][16848][info][gc,stats    ]       0 of   335 ms (  0.0%): <average total>
[2025-05-18T22:58:54.513+0300][7324][16848][info][gc,stats    ] 
[2025-05-18T22:58:54.514+0300][7324][16848][info][gc,metaspace] Metaspace: 8626K(9664K)->8626K(9664K) NonClass: 7774K(8384K)->7774K(8384K) Class: 851K(1280K)->851K(1280K)
[2025-05-18T22:58:54.514+0300][7324][16848][info][gc,ergo     ] Pacer for Idle. Initial: 83886K, Alloc Tax Rate: 1.0x
[2025-05-18T22:58:55.659+0300][7324][16848][info][gc          ] Trigger: Free (406M) is below minimum threshold (409M)
[2025-05-18T22:58:55.659+0300][7324][16848][info][gc,ergo     ] Free: 404M, Max: 2048K regular, 402M humongous, Frag: 0% external, 1% internal; Reserve: 206M, Max: 2048K
[2025-05-18T22:58:55.659+0300][7324][16848][info][gc,start    ] GC(25) Concurrent reset
[2025-05-18T22:58:55.659+0300][7324][16848][info][gc,task     ] GC(25) Using 2 of 4 workers for concurrent reset
[2025-05-18T22:58:55.659+0300][7324][16848][info][gc,ergo     ] GC(25) Pacer for Reset. Non-Taxable: 4096M
[2025-05-18T22:58:55.660+0300][7324][16848][info][gc          ] GC(25) Concurrent reset 0.827ms
[2025-05-18T22:58:55.660+0300][7324][8028 ][info][gc,start    ] GC(25) Pause Init Mark (unload classes)
[2025-05-18T22:58:55.660+0300][7324][8028 ][info][gc,task     ] GC(25) Using 4 of 4 workers for init marking
[2025-05-18T22:58:55.660+0300][7324][8028 ][info][gc,ergo     ] GC(25) Pacer for Mark. Expected Live: 10359K, Free: 404M, Non-Taxable: 41382K, Alloc Tax Rate: 0.0x
[2025-05-18T22:58:55.660+0300][7324][8028 ][info][gc          ] GC(25) Pause Init Mark (unload classes) 0.148ms
[2025-05-18T22:58:55.660+0300][7324][16848][info][gc,start    ] GC(25) Concurrent marking roots
[2025-05-18T22:58:55.660+0300][7324][16848][info][gc,task     ] GC(25) Using 2 of 4 workers for concurrent marking roots
[2025-05-18T22:58:55.660+0300][7324][16848][info][gc          ] GC(25) Concurrent marking roots 0.231ms
[2025-05-18T22:58:55.660+0300][7324][16848][info][gc,start    ] GC(25) Concurrent marking (unload classes)
[2025-05-18T22:58:55.660+0300][7324][16848][info][gc,task     ] GC(25) Using 2 of 4 workers for concurrent marking
[2025-05-18T22:58:55.675+0300][7324][16848][info][gc          ] GC(25) Concurrent marking (unload classes) 14.454ms
[2025-05-18T22:58:55.675+0300][7324][8028 ][info][gc,start    ] GC(25) Pause Final Mark (unload classes)
[2025-05-18T22:58:55.675+0300][7324][8028 ][info][gc,task     ] GC(25) Using 4 of 4 workers for final marking
[2025-05-18T22:58:55.675+0300][7324][8028 ][info][gc,ergo     ] GC(25) Adaptive CSet Selection. Target Free: 580M, Actual Free: 3388M, Max CSet: 170M, Min Garbage: 0B
[2025-05-18T22:58:55.675+0300][7324][8028 ][info][gc,ergo     ] GC(25) Collectable Garbage: 3468M (99%), Immediate: 2826M (81%), CSet: 642M (18%)
[2025-05-18T22:58:55.675+0300][7324][8028 ][info][gc,ergo     ] GC(25) Pacer for Evacuation. Used CSet: 643M, Free: 3183M, Non-Taxable: 318M, Alloc Tax Rate: 1.1x
[2025-05-18T22:58:55.675+0300][7324][8028 ][info][gc          ] GC(25) Pause Final Mark (unload classes) 0.409ms
[2025-05-18T22:58:55.675+0300][7324][16848][info][gc,start    ] GC(25) Concurrent thread roots
[2025-05-18T22:58:55.675+0300][7324][16848][info][gc,task     ] GC(25) Using 2 of 4 workers for Concurrent thread roots
[2025-05-18T22:58:55.676+0300][7324][16848][info][gc          ] GC(25) Concurrent thread roots 0.274ms
[2025-05-18T22:58:55.676+0300][7324][16848][info][gc,start    ] GC(25) Concurrent weak references
[2025-05-18T22:58:55.676+0300][7324][16848][info][gc,task     ] GC(25) Using 2 of 4 workers for concurrent weak references
[2025-05-18T22:58:55.676+0300][7324][16848][info][gc,ref      ] GC(25) Encountered references: Soft: 152, Weak: 1312, Final: 3, Phantom: 50
[2025-05-18T22:58:55.676+0300][7324][16848][info][gc,ref      ] GC(25) Discovered  references: Soft: 0, Weak: 811, Final: 1, Phantom: 47
[2025-05-18T22:58:55.676+0300][7324][16848][info][gc,ref      ] GC(25) Enqueued    references: Soft: 0, Weak: 538, Final: 0, Phantom: 0
[2025-05-18T22:58:55.676+0300][7324][16848][info][gc          ] GC(25) Concurrent weak references 0.347ms
[2025-05-18T22:58:55.676+0300][7324][16848][info][gc,start    ] GC(25) Concurrent weak roots
[2025-05-18T22:58:55.676+0300][7324][16848][info][gc,task     ] GC(25) Using 2 of 4 workers for concurrent weak root
[2025-05-18T22:58:55.677+0300][7324][16848][info][gc          ] GC(25) Concurrent weak roots 1.049ms
[2025-05-18T22:58:55.677+0300][7324][16848][info][gc,start    ] GC(25) Concurrent cleanup
[2025-05-18T22:58:55.677+0300][7324][16848][info][gc          ] GC(25) Concurrent cleanup 3542M->716M(4096M) 0.149ms
[2025-05-18T22:58:55.677+0300][7324][16848][info][gc,ergo     ] GC(25) Free: 3167M, Max: 2048K regular, 340M humongous, Frag: 90% external, 0% internal; Reserve: 205M, Max: 2048K
[2025-05-18T22:58:55.677+0300][7324][16848][info][gc,start    ] GC(25) Concurrent class unloading
[2025-05-18T22:58:55.677+0300][7324][16848][info][gc,task     ] GC(25) Using 2 of 4 workers for concurrent class unloading
[2025-05-18T22:58:55.681+0300][7324][16848][info][gc          ] GC(25) Concurrent class unloading 3.326ms
[2025-05-18T22:58:55.681+0300][7324][16848][info][gc,start    ] GC(25) Concurrent strong roots
[2025-05-18T22:58:55.681+0300][7324][16848][info][gc,task     ] GC(25) Using 2 of 4 workers for concurrent strong root
[2025-05-18T22:58:55.681+0300][7324][16848][info][gc          ] GC(25) Concurrent strong roots 0.233ms
[2025-05-18T22:58:55.681+0300][7324][16848][info][gc,start    ] GC(25) Concurrent evacuation
[2025-05-18T22:58:55.681+0300][7324][16848][info][gc,task     ] GC(25) Using 2 of 4 workers for concurrent evacuation
[2025-05-18T22:58:55.684+0300][7324][16848][info][gc          ] GC(25) Concurrent evacuation 2.981ms
[2025-05-18T22:58:55.684+0300][7324][8028 ][info][gc,start    ] GC(25) Pause Init Update Refs
[2025-05-18T22:58:55.684+0300][7324][8028 ][info][gc,ergo     ] GC(25) Pacer for Update Refs. Used: 729M, Free: 3155M, Non-Taxable: 315M, Alloc Tax Rate: 1.1x
[2025-05-18T22:58:55.684+0300][7324][8028 ][info][gc          ] GC(25) Pause Init Update Refs 0.067ms
[2025-05-18T22:58:55.684+0300][7324][16848][info][gc,start    ] GC(25) Concurrent update references
[2025-05-18T22:58:55.684+0300][7324][16848][info][gc,task     ] GC(25) Using 2 of 4 workers for concurrent reference update
[2025-05-18T22:58:55.695+0300][7324][16848][info][gc          ] GC(25) Concurrent update references 11.248ms
[2025-05-18T22:58:55.695+0300][7324][16848][info][gc,start    ] GC(25) Concurrent update thread roots
[2025-05-18T22:58:55.698+0300][7324][16848][info][gc          ] GC(25) Concurrent update thread roots 2.790ms
[2025-05-18T22:58:55.698+0300][7324][8028 ][info][gc,start    ] GC(25) Pause Final Update Refs
[2025-05-18T22:58:55.698+0300][7324][8028 ][info][gc,task     ] GC(25) Using 4 of 4 workers for final reference update
[2025-05-18T22:58:55.698+0300][7324][8028 ][info][gc          ] GC(25) Pause Final Update Refs 0.156ms
[2025-05-18T22:58:55.699+0300][7324][16848][info][gc,start    ] GC(25) Concurrent cleanup
[2025-05-18T22:58:55.699+0300][7324][16848][info][gc          ] GC(25) Concurrent cleanup 757M->113M(4096M) 0.086ms
[2025-05-18T22:58:55.699+0300][7324][16848][info][gc,ergo     ] Free: 3770M, Max: 2048K regular, 3416M humongous, Frag: 10% external, 0% internal; Reserve: 206M, Max: 2048K
[2025-05-18T22:58:55.699+0300][7324][16848][info][gc,stats    ] 
[2025-05-18T22:58:55.699+0300][7324][16848][info][gc,stats    ] All times are wall-clock times, except per-root-class counters, that are sum over
[2025-05-18T22:58:55.699+0300][7324][16848][info][gc,stats    ] all workers. Dividing the <total> over the root stage time estimates parallelism.
[2025-05-18T22:58:55.699+0300][7324][16848][info][gc,stats    ] 
[2025-05-18T22:58:55.699+0300][7324][16848][info][gc,stats    ] Concurrent Reset                    874 us
[2025-05-18T22:58:55.699+0300][7324][16848][info][gc,stats    ] Pause Init Mark (G)                 315 us
[2025-05-18T22:58:55.699+0300][7324][16848][info][gc,stats    ] Pause Init Mark (N)                 169 us
[2025-05-18T22:58:55.699+0300][7324][16848][info][gc,stats    ]   Update Region States               24 us
[2025-05-18T22:58:55.699+0300][7324][16848][info][gc,stats    ] Concurrent Mark Roots               260 us, parallelism: 0.76x
[2025-05-18T22:58:55.699+0300][7324][16848][info][gc,stats    ]   CMR: <total>                      197 us
[2025-05-18T22:58:55.699+0300][7324][16848][info][gc,stats    ]   CMR: Thread Roots                 108 us, workers (us):  26,  83, ---, ---, 
[2025-05-18T22:58:55.699+0300][7324][16848][info][gc,stats    ]   CMR: VM Strong Roots               11 us, workers (us):   5,   5, ---, ---, 
[2025-05-18T22:58:55.699+0300][7324][16848][info][gc,stats    ]   CMR: CLDG Roots                    78 us, workers (us):  78, ---, ---, ---, 
[2025-05-18T22:58:55.699+0300][7324][16848][info][gc,stats    ] Concurrent Marking                14532 us
[2025-05-18T22:58:55.699+0300][7324][16848][info][gc,stats    ] Pause Final Mark (G)                553 us
[2025-05-18T22:58:55.699+0300][7324][16848][info][gc,stats    ] Pause Final Mark (N)                426 us
[2025-05-18T22:58:55.699+0300][7324][16848][info][gc,stats    ]   Finish Mark                        83 us
[2025-05-18T22:58:55.699+0300][7324][16848][info][gc,stats    ]   Update Region States               45 us
[2025-05-18T22:58:55.699+0300][7324][16848][info][gc,stats    ]   Choose Collection Set             145 us
[2025-05-18T22:58:55.699+0300][7324][16848][info][gc,stats    ]   Rebuild Free Set                   23 us
[2025-05-18T22:58:55.699+0300][7324][16848][info][gc,stats    ] Concurrent Thread Roots             318 us, parallelism: 1.07x
[2025-05-18T22:58:55.699+0300][7324][16848][info][gc,stats    ]   CTR: <total>                      342 us
[2025-05-18T22:58:55.699+0300][7324][16848][info][gc,stats    ]   CTR: Thread Roots                 342 us, workers (us): 173, 169, ---, ---, 
[2025-05-18T22:58:55.699+0300][7324][16848][info][gc,stats    ] Concurrent Weak References          371 us, parallelism: 0.58x
[2025-05-18T22:58:55.699+0300][7324][16848][info][gc,stats    ]   CWRF: <total>                     217 us
[2025-05-18T22:58:55.699+0300][7324][16848][info][gc,stats    ]   CWRF: Weak References             217 us, workers (us):  25, 191, ---, ---, 
[2025-05-18T22:58:55.699+0300][7324][16848][info][gc,stats    ] Concurrent Weak Roots              1097 us
[2025-05-18T22:58:55.699+0300][7324][16848][info][gc,stats    ]   Roots                             782 us, parallelism: 1.87x
[2025-05-18T22:58:55.699+0300][7324][16848][info][gc,stats    ]     CWR: <total>                   1459 us
[2025-05-18T22:58:55.699+0300][7324][16848][info][gc,stats    ]     CWR: Code Cache Roots          1066 us, workers (us): 522, 544, ---, ---, 
[2025-05-18T22:58:55.699+0300][7324][16848][info][gc,stats    ]     CWR: VM Weak Roots              385 us, workers (us): 198, 187, ---, ---, 
[2025-05-18T22:58:55.699+0300][7324][16848][info][gc,stats    ]     CWR: CLDG Roots                   8 us, workers (us): ---,   8, ---, ---, 
[2025-05-18T22:58:55.699+0300][7324][16848][info][gc,stats    ]   Rendezvous                        223 us
[2025-05-18T22:58:55.699+0300][7324][16848][info][gc,stats    ] Concurrent Cleanup                  173 us
[2025-05-18T22:58:55.699+0300][7324][16848][info][gc,stats    ] Concurrent Class Unloading         3379 us
[2025-05-18T22:58:55.699+0300][7324][16848][info][gc,stats    ]   Unlink Stale                     2104 us
[2025-05-18T22:58:55.700+0300][7324][16848][info][gc,stats    ]     System Dictionary                 9 us
[2025-05-18T22:58:55.700+0300][7324][16848][info][gc,stats    ]     Weak Class Links                  0 us
[2025-05-18T22:58:55.700+0300][7324][16848][info][gc,stats    ]     Code Roots                     2093 us
[2025-05-18T22:58:55.700+0300][7324][16848][info][gc,stats    ]   Rendezvous                       1136 us
[2025-05-18T22:58:55.700+0300][7324][16848][info][gc,stats    ]   Purge Unlinked                     41 us
[2025-05-18T22:58:55.700+0300][7324][16848][info][gc,stats    ]     Code Roots                       28 us
[2025-05-18T22:58:55.700+0300][7324][16848][info][gc,stats    ]     CLDG                             13 us
[2025-05-18T22:58:55.700+0300][7324][16848][info][gc,stats    ]     Exception Caches                  0 us
[2025-05-18T22:58:55.700+0300][7324][16848][info][gc,stats    ] Concurrent Strong Roots             258 us, parallelism: 0.59x
[2025-05-18T22:58:55.700+0300][7324][16848][info][gc,stats    ]   CSR: <total>                      153 us
[2025-05-18T22:58:55.700+0300][7324][16848][info][gc,stats    ]   CSR: VM Strong Roots               12 us, workers (us):   7,   5, ---, ---, 
[2025-05-18T22:58:55.700+0300][7324][16848][info][gc,stats    ]   CSR: CLDG Roots                   142 us, workers (us): ---, 142, ---, ---, 
[2025-05-18T22:58:55.700+0300][7324][16848][info][gc,stats    ] Concurrent Evacuation              3030 us
[2025-05-18T22:58:55.700+0300][7324][16848][info][gc,stats    ] Pause Init Update Refs (G)          185 us
[2025-05-18T22:58:55.700+0300][7324][16848][info][gc,stats    ] Pause Init Update Refs (N)           82 us
[2025-05-18T22:58:55.700+0300][7324][16848][info][gc,stats    ]   Manage GCLABs                       4 us
[2025-05-18T22:58:55.700+0300][7324][16848][info][gc,stats    ] Concurrent Update Refs            11313 us
[2025-05-18T22:58:55.700+0300][7324][16848][info][gc,stats    ] Concurrent Update Thread Roots     2838 us
[2025-05-18T22:58:55.700+0300][7324][16848][info][gc,stats    ] Pause Final Update Refs (G)         294 us
[2025-05-18T22:58:55.700+0300][7324][16848][info][gc,stats    ] Pause Final Update Refs (N)         185 us
[2025-05-18T22:58:55.700+0300][7324][16848][info][gc,stats    ]   Update Region States               35 us
[2025-05-18T22:58:55.700+0300][7324][16848][info][gc,stats    ]   Trash Collection Set               12 us
[2025-05-18T22:58:55.700+0300][7324][16848][info][gc,stats    ]   Rebuild Free Set                   25 us
[2025-05-18T22:58:55.700+0300][7324][16848][info][gc,stats    ] Concurrent Cleanup                  117 us
[2025-05-18T22:58:55.700+0300][7324][16848][info][gc,stats    ] 
[2025-05-18T22:58:55.700+0300][7324][16848][info][gc,stats    ] Allocation pacing accrued:
[2025-05-18T22:58:55.700+0300][7324][16848][info][gc,stats    ]       0 of  1186 ms (  0.0%): <total>
[2025-05-18T22:58:55.700+0300][7324][16848][info][gc,stats    ]       0 of  1186 ms (  0.0%): <average total>
[2025-05-18T22:58:55.700+0300][7324][16848][info][gc,stats    ] 
[2025-05-18T22:58:55.700+0300][7324][16848][info][gc,metaspace] Metaspace: 8626K(9664K)->8626K(9664K) NonClass: 7774K(8384K)->7774K(8384K) Class: 851K(1280K)->851K(1280K)
[2025-05-18T22:58:55.700+0300][7324][16848][info][gc,ergo     ] Pacer for Idle. Initial: 83886K, Alloc Tax Rate: 1.0x
[2025-05-18T22:58:56.874+0300][7324][16848][info][gc          ] Trigger: Free (378M) is below minimum threshold (409M)
[2025-05-18T22:58:56.874+0300][7324][16848][info][gc,ergo     ] Free: 378M, Max: 2048K regular, 340M humongous, Frag: 10% external, 1% internal; Reserve: 206M, Max: 2048K
[2025-05-18T22:58:56.874+0300][7324][16848][info][gc,start    ] GC(26) Concurrent reset
[2025-05-18T22:58:56.874+0300][7324][16848][info][gc,task     ] GC(26) Using 2 of 4 workers for concurrent reset
[2025-05-18T22:58:56.874+0300][7324][16848][info][gc,ergo     ] GC(26) Pacer for Reset. Non-Taxable: 4096M
[2025-05-18T22:58:56.875+0300][7324][16848][info][gc          ] GC(26) Concurrent reset 1.482ms
[2025-05-18T22:58:56.875+0300][7324][8028 ][info][gc,start    ] GC(26) Pause Init Mark (unload classes)
[2025-05-18T22:58:56.875+0300][7324][8028 ][info][gc,task     ] GC(26) Using 4 of 4 workers for init marking
[2025-05-18T22:58:56.875+0300][7324][8028 ][info][gc,ergo     ] GC(26) Pacer for Mark. Expected Live: 10502K, Free: 376M, Non-Taxable: 38513K, Alloc Tax Rate: 0.0x
[2025-05-18T22:58:56.875+0300][7324][8028 ][info][gc          ] GC(26) Pause Init Mark (unload classes) 0.133ms
[2025-05-18T22:58:56.876+0300][7324][16848][info][gc,start    ] GC(26) Concurrent marking roots
[2025-05-18T22:58:56.876+0300][7324][16848][info][gc,task     ] GC(26) Using 2 of 4 workers for concurrent marking roots
[2025-05-18T22:58:56.876+0300][7324][16848][info][gc          ] GC(26) Concurrent marking roots 0.268ms
[2025-05-18T22:58:56.876+0300][7324][16848][info][gc,start    ] GC(26) Concurrent marking (unload classes)
[2025-05-18T22:58:56.876+0300][7324][16848][info][gc,task     ] GC(26) Using 2 of 4 workers for concurrent marking
[2025-05-18T22:58:56.886+0300][7324][16848][info][gc          ] GC(26) Concurrent marking (unload classes) 9.725ms
[2025-05-18T22:58:56.886+0300][7324][8028 ][info][gc,start    ] GC(26) Pause Final Mark (unload classes)
[2025-05-18T22:58:56.886+0300][7324][8028 ][info][gc,task     ] GC(26) Using 4 of 4 workers for final marking
[2025-05-18T22:58:56.886+0300][7324][8028 ][info][gc,ergo     ] GC(26) Adaptive CSet Selection. Target Free: 580M, Actual Free: 3396M, Max CSet: 170M, Min Garbage: 0B
[2025-05-18T22:58:56.886+0300][7324][8028 ][info][gc,ergo     ] GC(26) Collectable Garbage: 3496M (99%), Immediate: 2844M (81%), CSet: 652M (18%)
[2025-05-18T22:58:56.886+0300][7324][8028 ][info][gc,ergo     ] GC(26) Pacer for Evacuation. Used CSet: 653M, Free: 3191M, Non-Taxable: 319M, Alloc Tax Rate: 1.1x
[2025-05-18T22:58:56.886+0300][7324][8028 ][info][gc          ] GC(26) Pause Final Mark (unload classes) 0.302ms
[2025-05-18T22:58:56.886+0300][7324][16848][info][gc,start    ] GC(26) Concurrent thread roots
[2025-05-18T22:58:56.886+0300][7324][16848][info][gc,task     ] GC(26) Using 2 of 4 workers for Concurrent thread roots
[2025-05-18T22:58:56.886+0300][7324][16848][info][gc          ] GC(26) Concurrent thread roots 0.185ms
[2025-05-18T22:58:56.886+0300][7324][16848][info][gc,start    ] GC(26) Concurrent weak references
[2025-05-18T22:58:56.886+0300][7324][16848][info][gc,task     ] GC(26) Using 2 of 4 workers for concurrent weak references
[2025-05-18T22:58:56.887+0300][7324][16848][info][gc,ref      ] GC(26) Encountered references: Soft: 152, Weak: 1400, Final: 3, Phantom: 50
[2025-05-18T22:58:56.887+0300][7324][16848][info][gc,ref      ] GC(26) Discovered  references: Soft: 0, Weak: 1010, Final: 3, Phantom: 39
[2025-05-18T22:58:56.887+0300][7324][16848][info][gc,ref      ] GC(26) Enqueued    references: Soft: 0, Weak: 704, Final: 0, Phantom: 0
[2025-05-18T22:58:56.887+0300][7324][16848][info][gc          ] GC(26) Concurrent weak references 0.389ms
[2025-05-18T22:58:56.887+0300][7324][16848][info][gc,start    ] GC(26) Concurrent weak roots
[2025-05-18T22:58:56.887+0300][7324][16848][info][gc,task     ] GC(26) Using 2 of 4 workers for concurrent weak root
[2025-05-18T22:58:56.889+0300][7324][16848][info][gc          ] GC(26) Concurrent weak roots 1.966ms
[2025-05-18T22:58:56.889+0300][7324][16848][info][gc,start    ] GC(26) Concurrent cleanup
[2025-05-18T22:58:56.889+0300][7324][16848][info][gc          ] GC(26) Concurrent cleanup 3550M->706M(4096M) 0.179ms
[2025-05-18T22:58:56.889+0300][7324][16848][info][gc,ergo     ] GC(26) Free: 3177M, Max: 2048K regular, 332M humongous, Frag: 90% external, 0% internal; Reserve: 205M, Max: 2048K
[2025-05-18T22:58:56.889+0300][7324][16848][info][gc,start    ] GC(26) Concurrent class unloading
[2025-05-18T22:58:56.889+0300][7324][16848][info][gc,task     ] GC(26) Using 2 of 4 workers for concurrent class unloading
[2025-05-18T22:58:56.892+0300][7324][16848][info][gc          ] GC(26) Concurrent class unloading 2.607ms
[2025-05-18T22:58:56.892+0300][7324][16848][info][gc,start    ] GC(26) Concurrent strong roots
[2025-05-18T22:58:56.892+0300][7324][16848][info][gc,task     ] GC(26) Using 2 of 4 workers for concurrent strong root
[2025-05-18T22:58:56.892+0300][7324][16848][info][gc          ] GC(26) Concurrent strong roots 0.238ms
[2025-05-18T22:58:56.892+0300][7324][16848][info][gc,start    ] GC(26) Concurrent evacuation
[2025-05-18T22:58:56.892+0300][7324][16848][info][gc,task     ] GC(26) Using 2 of 4 workers for concurrent evacuation
[2025-05-18T22:58:56.895+0300][7324][16848][info][gc          ] GC(26) Concurrent evacuation 2.734ms
[2025-05-18T22:58:56.895+0300][7324][8028 ][info][gc,start    ] GC(26) Pause Init Update Refs
[2025-05-18T22:58:56.895+0300][7324][8028 ][info][gc,ergo     ] GC(26) Pacer for Update Refs. Used: 713M, Free: 3171M, Non-Taxable: 317M, Alloc Tax Rate: 1.1x
[2025-05-18T22:58:56.895+0300][7324][8028 ][info][gc          ] GC(26) Pause Init Update Refs 0.073ms
[2025-05-18T22:58:56.895+0300][7324][16848][info][gc,start    ] GC(26) Concurrent update references
[2025-05-18T22:58:56.895+0300][7324][16848][info][gc,task     ] GC(26) Using 2 of 4 workers for concurrent reference update
[2025-05-18T22:58:56.903+0300][7324][16848][info][gc          ] GC(26) Concurrent update references 7.753ms
[2025-05-18T22:58:56.903+0300][7324][16848][info][gc,start    ] GC(26) Concurrent update thread roots
[2025-05-18T22:58:56.904+0300][7324][16848][info][gc          ] GC(26) Concurrent update thread roots 0.712ms
[2025-05-18T22:58:56.904+0300][7324][8028 ][info][gc,start    ] GC(26) Pause Final Update Refs
[2025-05-18T22:58:56.904+0300][7324][8028 ][info][gc,task     ] GC(26) Using 4 of 4 workers for final reference update
[2025-05-18T22:58:56.904+0300][7324][8028 ][info][gc          ] GC(26) Pause Final Update Refs 0.155ms
[2025-05-18T22:58:56.904+0300][7324][16848][info][gc,start    ] GC(26) Concurrent cleanup
[2025-05-18T22:58:56.904+0300][7324][16848][info][gc          ] GC(26) Concurrent cleanup 733M->79M(4096M) 0.102ms
[2025-05-18T22:58:56.904+0300][7324][16848][info][gc,ergo     ] Free: 3804M, Max: 2048K regular, 3404M humongous, Frag: 11% external, 0% internal; Reserve: 206M, Max: 2048K
[2025-05-18T22:58:56.904+0300][7324][16848][info][gc,stats    ] 
[2025-05-18T22:58:56.904+0300][7324][16848][info][gc,stats    ] All times are wall-clock times, except per-root-class counters, that are sum over
[2025-05-18T22:58:56.904+0300][7324][16848][info][gc,stats    ] all workers. Dividing the <total> over the root stage time estimates parallelism.
[2025-05-18T22:58:56.904+0300][7324][16848][info][gc,stats    ] 
[2025-05-18T22:58:56.904+0300][7324][16848][info][gc,stats    ] Concurrent Reset                   1539 us
[2025-05-18T22:58:56.904+0300][7324][16848][info][gc,stats    ] Pause Init Mark (G)                 289 us
[2025-05-18T22:58:56.904+0300][7324][16848][info][gc,stats    ] Pause Init Mark (N)                 149 us
[2025-05-18T22:58:56.904+0300][7324][16848][info][gc,stats    ]   Update Region States               26 us
[2025-05-18T22:58:56.904+0300][7324][16848][info][gc,stats    ] Concurrent Mark Roots               302 us, parallelism: 0.75x
[2025-05-18T22:58:56.904+0300][7324][16848][info][gc,stats    ]   CMR: <total>                      227 us
[2025-05-18T22:58:56.904+0300][7324][16848][info][gc,stats    ]   CMR: Thread Roots                 139 us, workers (us): 135,   4, ---, ---, 
[2025-05-18T22:58:56.904+0300][7324][16848][info][gc,stats    ]   CMR: VM Strong Roots               10 us, workers (us):   5,   5, ---, ---, 
[2025-05-18T22:58:56.904+0300][7324][16848][info][gc,stats    ]   CMR: CLDG Roots                    79 us, workers (us): ---,  79, ---, ---, 
[2025-05-18T22:58:56.904+0300][7324][16848][info][gc,stats    ] Concurrent Marking                 9795 us
[2025-05-18T22:58:56.904+0300][7324][16848][info][gc,stats    ] Pause Final Mark (G)                447 us
[2025-05-18T22:58:56.904+0300][7324][16848][info][gc,stats    ] Pause Final Mark (N)                318 us
[2025-05-18T22:58:56.904+0300][7324][16848][info][gc,stats    ]   Finish Mark                        60 us
[2025-05-18T22:58:56.904+0300][7324][16848][info][gc,stats    ]   Update Region States               26 us
[2025-05-18T22:58:56.904+0300][7324][16848][info][gc,stats    ]   Choose Collection Set             103 us
[2025-05-18T22:58:56.905+0300][7324][16848][info][gc,stats    ]   Rebuild Free Set                   27 us
[2025-05-18T22:58:56.905+0300][7324][16848][info][gc,stats    ] Concurrent Thread Roots             214 us, parallelism: 0.92x
[2025-05-18T22:58:56.905+0300][7324][16848][info][gc,stats    ]   CTR: <total>                      197 us
[2025-05-18T22:58:56.905+0300][7324][16848][info][gc,stats    ]   CTR: Thread Roots                 197 us, workers (us):  97, 100, ---, ---, 
[2025-05-18T22:58:56.905+0300][7324][16848][info][gc,stats    ] Concurrent Weak References          414 us, parallelism: 0.68x
[2025-05-18T22:58:56.905+0300][7324][16848][info][gc,stats    ]   CWRF: <total>                     280 us
[2025-05-18T22:58:56.905+0300][7324][16848][info][gc,stats    ]   CWRF: Weak References             280 us, workers (us): 238,  42, ---, ---, 
[2025-05-18T22:58:56.905+0300][7324][16848][info][gc,stats    ] Concurrent Weak Roots              2024 us
[2025-05-18T22:58:56.905+0300][7324][16848][info][gc,stats    ]   Roots                             810 us, parallelism: 1.86x
[2025-05-18T22:58:56.905+0300][7324][16848][info][gc,stats    ]     CWR: <total>                   1505 us
[2025-05-18T22:58:56.905+0300][7324][16848][info][gc,stats    ]     CWR: Code Cache Roots          1104 us, workers (us): 544, 560, ---, ---, 
[2025-05-18T22:58:56.905+0300][7324][16848][info][gc,stats    ]     CWR: VM Weak Roots              391 us, workers (us): 199, 192, ---, ---, 
[2025-05-18T22:58:56.905+0300][7324][16848][info][gc,stats    ]     CWR: CLDG Roots                  10 us, workers (us): ---,  10, ---, ---, 
[2025-05-18T22:58:56.905+0300][7324][16848][info][gc,stats    ]   Rendezvous                       1110 us
[2025-05-18T22:58:56.905+0300][7324][16848][info][gc,stats    ] Concurrent Cleanup                  209 us
[2025-05-18T22:58:56.905+0300][7324][16848][info][gc,stats    ] Concurrent Class Unloading         2670 us
[2025-05-18T22:58:56.905+0300][7324][16848][info][gc,stats    ]   Unlink Stale                     2333 us
[2025-05-18T22:58:56.905+0300][7324][16848][info][gc,stats    ]     System Dictionary                12 us
[2025-05-18T22:58:56.905+0300][7324][16848][info][gc,stats    ]     Weak Class Links                  1 us
[2025-05-18T22:58:56.905+0300][7324][16848][info][gc,stats    ]     Code Roots                     2319 us
[2025-05-18T22:58:56.905+0300][7324][16848][info][gc,stats    ]   Rendezvous                        203 us
[2025-05-18T22:58:56.905+0300][7324][16848][info][gc,stats    ]   Purge Unlinked                     11 us
[2025-05-18T22:58:56.905+0300][7324][16848][info][gc,stats    ]     Code Roots                        4 us
[2025-05-18T22:58:56.905+0300][7324][16848][info][gc,stats    ]     CLDG                              7 us
[2025-05-18T22:58:56.905+0300][7324][16848][info][gc,stats    ] Concurrent Strong Roots             273 us, parallelism: 0.59x
[2025-05-18T22:58:56.905+0300][7324][16848][info][gc,stats    ]   CSR: <total>                      161 us
[2025-05-18T22:58:56.905+0300][7324][16848][info][gc,stats    ]   CSR: VM Strong Roots               11 us, workers (us):   6,   6, ---, ---, 
[2025-05-18T22:58:56.905+0300][7324][16848][info][gc,stats    ]   CSR: CLDG Roots                   150 us, workers (us): 150, ---, ---, ---, 
[2025-05-18T22:58:56.905+0300][7324][16848][info][gc,stats    ] Concurrent Evacuation              2801 us
[2025-05-18T22:58:56.905+0300][7324][16848][info][gc,stats    ] Pause Init Update Refs (G)          203 us
[2025-05-18T22:58:56.905+0300][7324][16848][info][gc,stats    ] Pause Init Update Refs (N)           88 us
[2025-05-18T22:58:56.905+0300][7324][16848][info][gc,stats    ]   Manage GCLABs                       4 us
[2025-05-18T22:58:56.905+0300][7324][16848][info][gc,stats    ] Concurrent Update Refs             7831 us
[2025-05-18T22:58:56.905+0300][7324][16848][info][gc,stats    ] Concurrent Update Thread Roots      768 us
[2025-05-18T22:58:56.905+0300][7324][16848][info][gc,stats    ] Pause Final Update Refs (G)         313 us
[2025-05-18T22:58:56.905+0300][7324][16848][info][gc,stats    ] Pause Final Update Refs (N)         183 us
[2025-05-18T22:58:56.905+0300][7324][16848][info][gc,stats    ]   Update Region States               39 us
[2025-05-18T22:58:56.905+0300][7324][16848][info][gc,stats    ]   Trash Collection Set               12 us
[2025-05-18T22:58:56.905+0300][7324][16848][info][gc,stats    ]   Rebuild Free Set                   31 us
[2025-05-18T22:58:56.905+0300][7324][16848][info][gc,stats    ] Concurrent Cleanup                  132 us
[2025-05-18T22:58:56.905+0300][7324][16848][info][gc,stats    ] 
[2025-05-18T22:58:56.905+0300][7324][16848][info][gc,stats    ] Allocation pacing accrued:
[2025-05-18T22:58:56.905+0300][7324][16848][info][gc,stats    ]       0 of  1206 ms (  0.0%): <total>
[2025-05-18T22:58:56.905+0300][7324][16848][info][gc,stats    ]       0 of  1206 ms (  0.0%): <average total>
[2025-05-18T22:58:56.905+0300][7324][16848][info][gc,stats    ] 
[2025-05-18T22:58:56.906+0300][7324][16848][info][gc,metaspace] Metaspace: 8626K(9664K)->8626K(9664K) NonClass: 7774K(8384K)->7774K(8384K) Class: 851K(1280K)->851K(1280K)
[2025-05-18T22:58:56.906+0300][7324][16848][info][gc,ergo     ] Pacer for Idle. Initial: 83886K, Alloc Tax Rate: 1.0x
[2025-05-18T22:58:58.226+0300][7324][16848][info][gc          ] Trigger: Free (382M) is below minimum threshold (409M)
[2025-05-18T22:58:58.226+0300][7324][16848][info][gc,ergo     ] Free: 382M, Max: 2048K regular, 332M humongous, Frag: 13% external, 0% internal; Reserve: 206M, Max: 2048K
[2025-05-18T22:58:58.226+0300][7324][16848][info][gc,start    ] GC(27) Concurrent reset
[2025-05-18T22:58:58.226+0300][7324][16848][info][gc,task     ] GC(27) Using 2 of 4 workers for concurrent reset
[2025-05-18T22:58:58.226+0300][7324][16848][info][gc,ergo     ] GC(27) Pacer for Reset. Non-Taxable: 4096M
[2025-05-18T22:58:58.228+0300][7324][16848][info][gc          ] GC(27) Concurrent reset 2.039ms
[2025-05-18T22:58:58.228+0300][7324][8028 ][info][gc,start    ] GC(27) Pause Init Mark (unload classes)
[2025-05-18T22:58:58.228+0300][7324][8028 ][info][gc,task     ] GC(27) Using 4 of 4 workers for init marking
[2025-05-18T22:58:58.228+0300][7324][8028 ][info][gc,ergo     ] GC(27) Pacer for Mark. Expected Live: 10503K, Free: 378M, Non-Taxable: 38743K, Alloc Tax Rate: 0.0x
[2025-05-18T22:58:58.228+0300][7324][8028 ][info][gc          ] GC(27) Pause Init Mark (unload classes) 0.113ms
[2025-05-18T22:58:58.228+0300][7324][16848][info][gc,start    ] GC(27) Concurrent marking roots
[2025-05-18T22:58:58.228+0300][7324][16848][info][gc,task     ] GC(27) Using 2 of 4 workers for concurrent marking roots
[2025-05-18T22:58:58.228+0300][7324][16848][info][gc          ] GC(27) Concurrent marking roots 0.221ms
[2025-05-18T22:58:58.228+0300][7324][16848][info][gc,start    ] GC(27) Concurrent marking (unload classes)
[2025-05-18T22:58:58.228+0300][7324][16848][info][gc,task     ] GC(27) Using 2 of 4 workers for concurrent marking
[2025-05-18T22:58:58.257+0300][7324][16848][info][gc          ] GC(27) Concurrent marking (unload classes) 28.263ms
[2025-05-18T22:58:58.257+0300][7324][8028 ][info][gc,start    ] GC(27) Pause Final Mark (unload classes)
[2025-05-18T22:58:58.257+0300][7324][8028 ][info][gc,task     ] GC(27) Using 4 of 4 workers for final marking
[2025-05-18T22:58:58.257+0300][7324][8028 ][info][gc,ergo     ] GC(27) Adaptive CSet Selection. Target Free: 580M, Actual Free: 3340M, Max CSet: 170M, Min Garbage: 0B
[2025-05-18T22:58:58.257+0300][7324][8028 ][info][gc,ergo     ] GC(27) Collectable Garbage: 3494M (99%), Immediate: 2836M (81%), CSet: 658M (18%)
[2025-05-18T22:58:58.257+0300][7324][8028 ][info][gc,ergo     ] GC(27) Pacer for Evacuation. Used CSet: 659M, Free: 3135M, Non-Taxable: 313M, Alloc Tax Rate: 1.1x
[2025-05-18T22:58:58.257+0300][7324][8028 ][info][gc          ] GC(27) Pause Final Mark (unload classes) 0.369ms
[2025-05-18T22:58:58.257+0300][7324][16848][info][gc,start    ] GC(27) Concurrent thread roots
[2025-05-18T22:58:58.257+0300][7324][16848][info][gc,task     ] GC(27) Using 2 of 4 workers for Concurrent thread roots
[2025-05-18T22:58:58.257+0300][7324][16848][info][gc          ] GC(27) Concurrent thread roots 0.271ms
[2025-05-18T22:58:58.257+0300][7324][16848][info][gc,start    ] GC(27) Concurrent weak references
[2025-05-18T22:58:58.258+0300][7324][16848][info][gc,task     ] GC(27) Using 2 of 4 workers for concurrent weak references
[2025-05-18T22:58:58.258+0300][7324][16848][info][gc,ref      ] GC(27) Encountered references: Soft: 152, Weak: 1309, Final: 3, Phantom: 48
[2025-05-18T22:58:58.258+0300][7324][16848][info][gc,ref      ] GC(27) Discovered  references: Soft: 0, Weak: 921, Final: 3, Phantom: 34
[2025-05-18T22:58:58.258+0300][7324][16848][info][gc,ref      ] GC(27) Enqueued    references: Soft: 0, Weak: 538, Final: 0, Phantom: 0
[2025-05-18T22:58:58.258+0300][7324][16848][info][gc          ] GC(27) Concurrent weak references 0.403ms
[2025-05-18T22:58:58.258+0300][7324][16848][info][gc,start    ] GC(27) Concurrent weak roots
[2025-05-18T22:58:58.258+0300][7324][16848][info][gc,task     ] GC(27) Using 2 of 4 workers for concurrent weak root
[2025-05-18T22:58:58.264+0300][7324][16848][info][gc          ] GC(27) Concurrent weak roots 5.865ms
[2025-05-18T22:58:58.264+0300][7324][16848][info][gc,start    ] GC(27) Concurrent cleanup
[2025-05-18T22:58:58.264+0300][7324][16848][info][gc          ] GC(27) Concurrent cleanup 3606M->770M(4096M) 0.192ms
[2025-05-18T22:58:58.264+0300][7324][16848][info][gc,ergo     ] GC(27) Free: 3113M, Max: 2048K regular, 276M humongous, Frag: 92% external, 0% internal; Reserve: 205M, Max: 2048K
[2025-05-18T22:58:58.264+0300][7324][16848][info][gc,start    ] GC(27) Concurrent class unloading
[2025-05-18T22:58:58.264+0300][7324][16848][info][gc,task     ] GC(27) Using 2 of 4 workers for concurrent class unloading
[2025-05-18T22:58:58.269+0300][7324][16848][info][gc          ] GC(27) Concurrent class unloading 4.875ms
[2025-05-18T22:58:58.269+0300][7324][16848][info][gc,start    ] GC(27) Concurrent strong roots
[2025-05-18T22:58:58.269+0300][7324][16848][info][gc,task     ] GC(27) Using 2 of 4 workers for concurrent strong root
[2025-05-18T22:58:58.269+0300][7324][16848][info][gc          ] GC(27) Concurrent strong roots 0.252ms
[2025-05-18T22:58:58.269+0300][7324][16848][info][gc,start    ] GC(27) Concurrent evacuation
[2025-05-18T22:58:58.269+0300][7324][16848][info][gc,task     ] GC(27) Using 2 of 4 workers for concurrent evacuation
[2025-05-18T22:58:58.272+0300][7324][16848][info][gc          ] GC(27) Concurrent evacuation 2.782ms
[2025-05-18T22:58:58.272+0300][7324][8028 ][info][gc,start    ] GC(27) Pause Init Update Refs
[2025-05-18T22:58:58.272+0300][7324][8028 ][info][gc,ergo     ] GC(27) Pacer for Update Refs. Used: 789M, Free: 3095M, Non-Taxable: 309M, Alloc Tax Rate: 1.1x
[2025-05-18T22:58:58.272+0300][7324][8028 ][info][gc          ] GC(27) Pause Init Update Refs 0.085ms
[2025-05-18T22:58:58.272+0300][7324][16848][info][gc,start    ] GC(27) Concurrent update references
[2025-05-18T22:58:58.272+0300][7324][16848][info][gc,task     ] GC(27) Using 2 of 4 workers for concurrent reference update
[2025-05-18T22:58:58.291+0300][7324][16848][info][gc          ] GC(27) Concurrent update references 18.988ms
[2025-05-18T22:58:58.291+0300][7324][16848][info][gc,start    ] GC(27) Concurrent update thread roots
[2025-05-18T22:58:58.292+0300][7324][16848][info][gc          ] GC(27) Concurrent update thread roots 0.774ms
[2025-05-18T22:58:58.292+0300][7324][8028 ][info][gc,start    ] GC(27) Pause Final Update Refs
[2025-05-18T22:58:58.293+0300][7324][8028 ][info][gc,task     ] GC(27) Using 4 of 4 workers for final reference update
[2025-05-18T22:58:58.293+0300][7324][8028 ][info][gc          ] GC(27) Pause Final Update Refs 0.248ms
[2025-05-18T22:58:58.293+0300][7324][16848][info][gc,start    ] GC(27) Concurrent cleanup
[2025-05-18T22:58:58.293+0300][7324][16848][info][gc          ] GC(27) Concurrent cleanup 829M->169M(4096M) 0.083ms
[2025-05-18T22:58:58.293+0300][7324][16848][info][gc,ergo     ] Free: 3714M, Max: 2048K regular, 3414M humongous, Frag: 9% external, 0% internal; Reserve: 206M, Max: 2048K
[2025-05-18T22:58:58.293+0300][7324][16848][info][gc,stats    ] 
[2025-05-18T22:58:58.293+0300][7324][16848][info][gc,stats    ] All times are wall-clock times, except per-root-class counters, that are sum over
[2025-05-18T22:58:58.293+0300][7324][16848][info][gc,stats    ] all workers. Dividing the <total> over the root stage time estimates parallelism.
[2025-05-18T22:58:58.293+0300][7324][16848][info][gc,stats    ] 
[2025-05-18T22:58:58.293+0300][7324][16848][info][gc,stats    ] Concurrent Reset                   2093 us
[2025-05-18T22:58:58.293+0300][7324][16848][info][gc,stats    ] Pause Init Mark (G)                 283 us
[2025-05-18T22:58:58.293+0300][7324][16848][info][gc,stats    ] Pause Init Mark (N)                 130 us
[2025-05-18T22:58:58.293+0300][7324][16848][info][gc,stats    ]   Update Region States               21 us
[2025-05-18T22:58:58.293+0300][7324][16848][info][gc,stats    ] Concurrent Mark Roots               253 us, parallelism: 0.75x
[2025-05-18T22:58:58.293+0300][7324][16848][info][gc,stats    ]   CMR: <total>                      189 us
[2025-05-18T22:58:58.293+0300][7324][16848][info][gc,stats    ]   CMR: Thread Roots                  92 us, workers (us):   4,  88, ---, ---, 
[2025-05-18T22:58:58.293+0300][7324][16848][info][gc,stats    ]   CMR: VM Strong Roots               10 us, workers (us):   5,   5, ---, ---, 
[2025-05-18T22:58:58.293+0300][7324][16848][info][gc,stats    ]   CMR: CLDG Roots                    88 us, workers (us):  88, ---, ---, ---, 
[2025-05-18T22:58:58.293+0300][7324][16848][info][gc,stats    ] Concurrent Marking                28350 us
[2025-05-18T22:58:58.293+0300][7324][16848][info][gc,stats    ] Pause Final Mark (G)                516 us
[2025-05-18T22:58:58.293+0300][7324][16848][info][gc,stats    ] Pause Final Mark (N)                386 us
[2025-05-18T22:58:58.293+0300][7324][16848][info][gc,stats    ]   Finish Mark                        67 us
[2025-05-18T22:58:58.293+0300][7324][16848][info][gc,stats    ]   Update Region States               28 us
[2025-05-18T22:58:58.293+0300][7324][16848][info][gc,stats    ]   Choose Collection Set             156 us
[2025-05-18T22:58:58.293+0300][7324][16848][info][gc,stats    ]   Rebuild Free Set                   21 us
[2025-05-18T22:58:58.293+0300][7324][16848][info][gc,stats    ] Concurrent Thread Roots             304 us, parallelism: 1.05x
[2025-05-18T22:58:58.293+0300][7324][16848][info][gc,stats    ]   CTR: <total>                      319 us
[2025-05-18T22:58:58.293+0300][7324][16848][info][gc,stats    ]   CTR: Thread Roots                 319 us, workers (us): 144, 175, ---, ---, 
[2025-05-18T22:58:58.293+0300][7324][16848][info][gc,stats    ] Concurrent Weak References          431 us, parallelism: 0.71x
[2025-05-18T22:58:58.293+0300][7324][16848][info][gc,stats    ]   CWRF: <total>                     306 us
[2025-05-18T22:58:58.293+0300][7324][16848][info][gc,stats    ]   CWRF: Weak References             306 us, workers (us):  65, 242, ---, ---, 
[2025-05-18T22:58:58.293+0300][7324][16848][info][gc,stats    ] Concurrent Weak Roots              5936 us
[2025-05-18T22:58:58.293+0300][7324][16848][info][gc,stats    ]   Roots                             812 us, parallelism: 1.88x
[2025-05-18T22:58:58.293+0300][7324][16848][info][gc,stats    ]     CWR: <total>                   1525 us
[2025-05-18T22:58:58.293+0300][7324][16848][info][gc,stats    ]     CWR: Code Cache Roots          1103 us, workers (us): 563, 540, ---, ---, 
[2025-05-18T22:58:58.294+0300][7324][16848][info][gc,stats    ]     CWR: VM Weak Roots              416 us, workers (us): 201, 214, ---, ---, 
[2025-05-18T22:58:58.294+0300][7324][16848][info][gc,stats    ]     CWR: CLDG Roots                   6 us, workers (us):   6, ---, ---, ---, 
[2025-05-18T22:58:58.294+0300][7324][16848][info][gc,stats    ]   Rendezvous                       5002 us
[2025-05-18T22:58:58.294+0300][7324][16848][info][gc,stats    ] Concurrent Cleanup                  222 us
[2025-05-18T22:58:58.294+0300][7324][16848][info][gc,stats    ] Concurrent Class Unloading         4935 us
[2025-05-18T22:58:58.294+0300][7324][16848][info][gc,stats    ]   Unlink Stale                     2452 us
[2025-05-18T22:58:58.294+0300][7324][16848][info][gc,stats    ]     System Dictionary                15 us
[2025-05-18T22:58:58.294+0300][7324][16848][info][gc,stats    ]     Weak Class Links                  1 us
[2025-05-18T22:58:58.294+0300][7324][16848][info][gc,stats    ]     Code Roots                     2435 us
[2025-05-18T22:58:58.294+0300][7324][16848][info][gc,stats    ]   Rendezvous                       2216 us
[2025-05-18T22:58:58.294+0300][7324][16848][info][gc,stats    ]   Purge Unlinked                    152 us
[2025-05-18T22:58:58.294+0300][7324][16848][info][gc,stats    ]     Code Roots                      140 us
[2025-05-18T22:58:58.294+0300][7324][16848][info][gc,stats    ]     CLDG                             12 us
[2025-05-18T22:58:58.294+0300][7324][16848][info][gc,stats    ] Concurrent Strong Roots             287 us, parallelism: 0.54x
[2025-05-18T22:58:58.294+0300][7324][16848][info][gc,stats    ]   CSR: <total>                      154 us
[2025-05-18T22:58:58.294+0300][7324][16848][info][gc,stats    ]   CSR: VM Strong Roots               10 us, workers (us):   5,   4, ---, ---, 
[2025-05-18T22:58:58.294+0300][7324][16848][info][gc,stats    ]   CSR: CLDG Roots                   144 us, workers (us): ---, 144, ---, ---, 
[2025-05-18T22:58:58.294+0300][7324][16848][info][gc,stats    ] Concurrent Evacuation              2839 us
[2025-05-18T22:58:58.294+0300][7324][16848][info][gc,stats    ] Pause Init Update Refs (G)          212 us
[2025-05-18T22:58:58.294+0300][7324][16848][info][gc,stats    ] Pause Init Update Refs (N)          108 us
[2025-05-18T22:58:58.294+0300][7324][16848][info][gc,stats    ]   Manage GCLABs                       6 us
[2025-05-18T22:58:58.294+0300][7324][16848][info][gc,stats    ] Concurrent Update Refs            19067 us
[2025-05-18T22:58:58.294+0300][7324][16848][info][gc,stats    ] Concurrent Update Thread Roots      819 us
[2025-05-18T22:58:58.294+0300][7324][16848][info][gc,stats    ] Pause Final Update Refs (G)         366 us
[2025-05-18T22:58:58.294+0300][7324][16848][info][gc,stats    ] Pause Final Update Refs (N)         267 us
[2025-05-18T22:58:58.294+0300][7324][16848][info][gc,stats    ]   Update Region States               28 us
[2025-05-18T22:58:58.294+0300][7324][16848][info][gc,stats    ]   Trash Collection Set               11 us
[2025-05-18T22:58:58.294+0300][7324][16848][info][gc,stats    ]   Rebuild Free Set                   23 us
[2025-05-18T22:58:58.294+0300][7324][16848][info][gc,stats    ] Concurrent Cleanup                  109 us
[2025-05-18T22:58:58.294+0300][7324][16848][info][gc,stats    ] 
[2025-05-18T22:58:58.294+0300][7324][16848][info][gc,stats    ] Allocation pacing accrued:
[2025-05-18T22:58:58.294+0300][7324][16848][info][gc,stats    ]       0 of  1389 ms (  0.0%): <total>
[2025-05-18T22:58:58.294+0300][7324][16848][info][gc,stats    ]       0 of  1389 ms (  0.0%): <average total>
[2025-05-18T22:58:58.294+0300][7324][16848][info][gc,stats    ] 
[2025-05-18T22:58:58.294+0300][7324][16848][info][gc,metaspace] Metaspace: 8626K(9664K)->8626K(9664K) NonClass: 7774K(8384K)->7774K(8384K) Class: 851K(1280K)->851K(1280K)
[2025-05-18T22:58:58.294+0300][7324][16848][info][gc,ergo     ] Pacer for Idle. Initial: 83886K, Alloc Tax Rate: 1.0x
[2025-05-18T22:58:59.439+0300][7324][16848][info][gc          ] Trigger: Average GC time (82.95 ms) is above the time for average allocation rate (2850 MB/s) to deplete free headroom (229M) (margin of error = 1.76)
[2025-05-18T22:58:59.439+0300][7324][16848][info][gc,ergo     ] Free headroom: 434M (free) - 204M (spike) - 0B (penalties) = 229M
[2025-05-18T22:58:59.439+0300][7324][16848][info][gc,ergo     ] Free: 434M, Max: 2048K regular, 276M humongous, Frag: 37% external, 0% internal; Reserve: 206M, Max: 2048K
[2025-05-18T22:58:59.439+0300][7324][16848][info][gc,start    ] GC(28) Concurrent reset
[2025-05-18T22:58:59.439+0300][7324][16848][info][gc,task     ] GC(28) Using 2 of 4 workers for concurrent reset
[2025-05-18T22:58:59.439+0300][7324][16848][info][gc,ergo     ] GC(28) Pacer for Reset. Non-Taxable: 4096M
[2025-05-18T22:58:59.441+0300][7324][16848][info][gc          ] GC(28) Concurrent reset 2.034ms
[2025-05-18T22:58:59.441+0300][7324][8028 ][info][gc,start    ] GC(28) Pause Init Mark (unload classes)
[2025-05-18T22:58:59.441+0300][7324][8028 ][info][gc,task     ] GC(28) Using 4 of 4 workers for init marking
[2025-05-18T22:58:59.441+0300][7324][8028 ][info][gc,ergo     ] GC(28) Pacer for Mark. Expected Live: 10500K, Free: 432M, Non-Taxable: 44257K, Alloc Tax Rate: 0.0x
[2025-05-18T22:58:59.441+0300][7324][8028 ][info][gc          ] GC(28) Pause Init Mark (unload classes) 0.108ms
[2025-05-18T22:58:59.441+0300][7324][16848][info][gc,start    ] GC(28) Concurrent marking roots
[2025-05-18T22:58:59.441+0300][7324][16848][info][gc,task     ] GC(28) Using 2 of 4 workers for concurrent marking roots
[2025-05-18T22:58:59.441+0300][7324][16848][info][gc          ] GC(28) Concurrent marking roots 0.198ms
[2025-05-18T22:58:59.441+0300][7324][16848][info][gc,start    ] GC(28) Concurrent marking (unload classes)
[2025-05-18T22:58:59.441+0300][7324][16848][info][gc,task     ] GC(28) Using 2 of 4 workers for concurrent marking
[2025-05-18T22:58:59.450+0300][7324][16848][info][gc          ] GC(28) Concurrent marking (unload classes) 8.216ms
[2025-05-18T22:58:59.450+0300][7324][8028 ][info][gc,start    ] GC(28) Pause Final Mark (unload classes)
[2025-05-18T22:58:59.450+0300][7324][8028 ][info][gc,task     ] GC(28) Using 4 of 4 workers for final marking
[2025-05-18T22:58:59.450+0300][7324][8028 ][info][gc,ergo     ] GC(28) Adaptive CSet Selection. Target Free: 580M, Actual Free: 3396M, Max CSet: 170M, Min Garbage: 0B
[2025-05-18T22:58:59.450+0300][7324][8028 ][info][gc,ergo     ] GC(28) Collectable Garbage: 3440M (99%), Immediate: 2788M (81%), CSet: 652M (18%)
[2025-05-18T22:58:59.450+0300][7324][8028 ][info][gc,ergo     ] GC(28) Pacer for Evacuation. Used CSet: 653M, Free: 3191M, Non-Taxable: 319M, Alloc Tax Rate: 1.1x
[2025-05-18T22:58:59.450+0300][7324][8028 ][info][gc          ] GC(28) Pause Final Mark (unload classes) 0.259ms
[2025-05-18T22:58:59.450+0300][7324][16848][info][gc,start    ] GC(28) Concurrent thread roots
[2025-05-18T22:58:59.450+0300][7324][16848][info][gc,task     ] GC(28) Using 2 of 4 workers for Concurrent thread roots
[2025-05-18T22:58:59.450+0300][7324][16848][info][gc          ] GC(28) Concurrent thread roots 0.210ms
[2025-05-18T22:58:59.450+0300][7324][16848][info][gc,start    ] GC(28) Concurrent weak references
[2025-05-18T22:58:59.450+0300][7324][16848][info][gc,task     ] GC(28) Using 2 of 4 workers for concurrent weak references
[2025-05-18T22:58:59.451+0300][7324][16848][info][gc,ref      ] GC(28) Encountered references: Soft: 152, Weak: 1388, Final: 3, Phantom: 50
[2025-05-18T22:58:59.451+0300][7324][16848][info][gc,ref      ] GC(28) Discovered  references: Soft: 0, Weak: 873, Final: 1, Phantom: 35
[2025-05-18T22:58:59.451+0300][7324][16848][info][gc,ref      ] GC(28) Enqueued    references: Soft: 0, Weak: 692, Final: 0, Phantom: 0
[2025-05-18T22:58:59.451+0300][7324][16848][info][gc          ] GC(28) Concurrent weak references 0.357ms
[2025-05-18T22:58:59.451+0300][7324][16848][info][gc,start    ] GC(28) Concurrent weak roots
[2025-05-18T22:58:59.451+0300][7324][16848][info][gc,task     ] GC(28) Using 2 of 4 workers for concurrent weak root
[2025-05-18T22:58:59.452+0300][7324][16848][info][gc          ] GC(28) Concurrent weak roots 1.337ms
[2025-05-18T22:58:59.452+0300][7324][16848][info][gc,start    ] GC(28) Concurrent cleanup
[2025-05-18T22:58:59.452+0300][7324][16848][info][gc          ] GC(28) Concurrent cleanup 3496M->708M(4096M) 0.155ms
[2025-05-18T22:58:59.452+0300][7324][16848][info][gc,ergo     ] GC(28) Free: 3175M, Max: 2048K regular, 276M humongous, Frag: 92% external, 0% internal; Reserve: 204M, Max: 2048K
[2025-05-18T22:58:59.452+0300][7324][16848][info][gc,start    ] GC(28) Concurrent class unloading
[2025-05-18T22:58:59.452+0300][7324][16848][info][gc,task     ] GC(28) Using 2 of 4 workers for concurrent class unloading
[2025-05-18T22:58:59.455+0300][7324][16848][info][gc          ] GC(28) Concurrent class unloading 2.624ms
[2025-05-18T22:58:59.455+0300][7324][16848][info][gc,start    ] GC(28) Concurrent strong roots
[2025-05-18T22:58:59.455+0300][7324][16848][info][gc,task     ] GC(28) Using 2 of 4 workers for concurrent strong root
[2025-05-18T22:58:59.455+0300][7324][16848][info][gc          ] GC(28) Concurrent strong roots 0.242ms
[2025-05-18T22:58:59.455+0300][7324][16848][info][gc,start    ] GC(28) Concurrent evacuation
[2025-05-18T22:58:59.455+0300][7324][16848][info][gc,task     ] GC(28) Using 2 of 4 workers for concurrent evacuation
[2025-05-18T22:58:59.458+0300][7324][16848][info][gc          ] GC(28) Concurrent evacuation 2.756ms
[2025-05-18T22:58:59.458+0300][7324][8028 ][info][gc,start    ] GC(28) Pause Init Update Refs
[2025-05-18T22:58:59.458+0300][7324][8028 ][info][gc,ergo     ] GC(28) Pacer for Update Refs. Used: 717M, Free: 3167M, Non-Taxable: 316M, Alloc Tax Rate: 1.1x
[2025-05-18T22:58:59.458+0300][7324][8028 ][info][gc          ] GC(28) Pause Init Update Refs 0.087ms
[2025-05-18T22:58:59.458+0300][7324][16848][info][gc,start    ] GC(28) Concurrent update references
[2025-05-18T22:58:59.458+0300][7324][16848][info][gc,task     ] GC(28) Using 2 of 4 workers for concurrent reference update
[2025-05-18T22:58:59.466+0300][7324][16848][info][gc          ] GC(28) Concurrent update references 7.864ms
[2025-05-18T22:58:59.466+0300][7324][16848][info][gc,start    ] GC(28) Concurrent update thread roots
[2025-05-18T22:58:59.468+0300][7324][16848][info][gc          ] GC(28) Concurrent update thread roots 2.019ms
[2025-05-18T22:58:59.468+0300][7324][8028 ][info][gc,start    ] GC(28) Pause Final Update Refs
[2025-05-18T22:58:59.468+0300][7324][8028 ][info][gc,task     ] GC(28) Using 4 of 4 workers for final reference update
[2025-05-18T22:58:59.468+0300][7324][8028 ][info][gc          ] GC(28) Pause Final Update Refs 0.152ms
[2025-05-18T22:58:59.469+0300][7324][16848][info][gc,start    ] GC(28) Concurrent cleanup
[2025-05-18T22:58:59.469+0300][7324][16848][info][gc          ] GC(28) Concurrent cleanup 739M->86M(4096M) 0.095ms
[2025-05-18T22:58:59.469+0300][7324][16848][info][gc,ergo     ] Free: 3797M, Max: 2048K regular, 3300M humongous, Frag: 14% external, 0% internal; Reserve: 206M, Max: 2048K
[2025-05-18T22:58:59.469+0300][7324][16848][info][gc,stats    ] 
[2025-05-18T22:58:59.469+0300][7324][16848][info][gc,stats    ] All times are wall-clock times, except per-root-class counters, that are sum over
[2025-05-18T22:58:59.469+0300][7324][16848][info][gc,stats    ] all workers. Dividing the <total> over the root stage time estimates parallelism.
[2025-05-18T22:58:59.469+0300][7324][16848][info][gc,stats    ] 
[2025-05-18T22:58:59.469+0300][7324][16848][info][gc,stats    ] Concurrent Reset                   2099 us
[2025-05-18T22:58:59.469+0300][7324][16848][info][gc,stats    ] Pause Init Mark (G)                 314 us
[2025-05-18T22:58:59.469+0300][7324][16848][info][gc,stats    ] Pause Init Mark (N)                 124 us
[2025-05-18T22:58:59.469+0300][7324][16848][info][gc,stats    ]   Update Region States               18 us
[2025-05-18T22:58:59.469+0300][7324][16848][info][gc,stats    ] Concurrent Mark Roots               225 us, parallelism: 0.76x
[2025-05-18T22:58:59.469+0300][7324][16848][info][gc,stats    ]   CMR: <total>                      170 us
[2025-05-18T22:58:59.469+0300][7324][16848][info][gc,stats    ]   CMR: Thread Roots                  82 us, workers (us):  80,   2, ---, ---, 
[2025-05-18T22:58:59.469+0300][7324][16848][info][gc,stats    ]   CMR: VM Strong Roots               10 us, workers (us):   6,   4, ---, ---, 
[2025-05-18T22:58:59.469+0300][7324][16848][info][gc,stats    ]   CMR: CLDG Roots                    78 us, workers (us): ---,  78, ---, ---, 
[2025-05-18T22:58:59.469+0300][7324][16848][info][gc,stats    ] Concurrent Marking                 8271 us
[2025-05-18T22:58:59.469+0300][7324][16848][info][gc,stats    ] Pause Final Mark (G)                375 us
[2025-05-18T22:58:59.469+0300][7324][16848][info][gc,stats    ] Pause Final Mark (N)                274 us
[2025-05-18T22:58:59.469+0300][7324][16848][info][gc,stats    ]   Finish Mark                        56 us
[2025-05-18T22:58:59.469+0300][7324][16848][info][gc,stats    ]   Update Region States               24 us
[2025-05-18T22:58:59.469+0300][7324][16848][info][gc,stats    ]   Choose Collection Set              76 us
[2025-05-18T22:58:59.469+0300][7324][16848][info][gc,stats    ]   Rebuild Free Set                   19 us
[2025-05-18T22:58:59.469+0300][7324][16848][info][gc,stats    ] Concurrent Thread Roots             242 us, parallelism: 0.94x
[2025-05-18T22:58:59.469+0300][7324][16848][info][gc,stats    ]   CTR: <total>                      228 us
[2025-05-18T22:58:59.469+0300][7324][16848][info][gc,stats    ]   CTR: Thread Roots                 228 us, workers (us): 105, 124, ---, ---, 
[2025-05-18T22:58:59.469+0300][7324][16848][info][gc,stats    ] Concurrent Weak References          382 us, parallelism: 0.64x
[2025-05-18T22:58:59.469+0300][7324][16848][info][gc,stats    ]   CWRF: <total>                     244 us
[2025-05-18T22:58:59.469+0300][7324][16848][info][gc,stats    ]   CWRF: Weak References             244 us, workers (us): 207,  37, ---, ---, 
[2025-05-18T22:58:59.469+0300][7324][16848][info][gc,stats    ] Concurrent Weak Roots              1395 us
[2025-05-18T22:58:59.469+0300][7324][16848][info][gc,stats    ]   Roots                             806 us, parallelism: 1.83x
[2025-05-18T22:58:59.469+0300][7324][16848][info][gc,stats    ]     CWR: <total>                   1478 us
[2025-05-18T22:58:59.469+0300][7324][16848][info][gc,stats    ]     CWR: Code Cache Roots          1066 us, workers (us): 558, 508, ---, ---, 
[2025-05-18T22:58:59.469+0300][7324][16848][info][gc,stats    ]     CWR: VM Weak Roots              403 us, workers (us): 195, 208, ---, ---, 
[2025-05-18T22:58:59.470+0300][7324][16848][info][gc,stats    ]     CWR: CLDG Roots                   8 us, workers (us):   8, ---, ---, ---, 
[2025-05-18T22:58:59.470+0300][7324][16848][info][gc,stats    ]   Rendezvous                        413 us
[2025-05-18T22:58:59.470+0300][7324][16848][info][gc,stats    ] Concurrent Cleanup                  183 us
[2025-05-18T22:58:59.470+0300][7324][16848][info][gc,stats    ] Concurrent Class Unloading         2680 us
[2025-05-18T22:58:59.470+0300][7324][16848][info][gc,stats    ]   Unlink Stale                     2164 us
[2025-05-18T22:58:59.470+0300][7324][16848][info][gc,stats    ]     System Dictionary                 8 us
[2025-05-18T22:58:59.470+0300][7324][16848][info][gc,stats    ]     Weak Class Links                  0 us
[2025-05-18T22:58:59.470+0300][7324][16848][info][gc,stats    ]     Code Roots                     2155 us
[2025-05-18T22:58:59.470+0300][7324][16848][info][gc,stats    ]   Rendezvous                        318 us
[2025-05-18T22:58:59.470+0300][7324][16848][info][gc,stats    ]   Purge Unlinked                     93 us
[2025-05-18T22:58:59.470+0300][7324][16848][info][gc,stats    ]     Code Roots                       83 us
[2025-05-18T22:58:59.470+0300][7324][16848][info][gc,stats    ]     CLDG                              9 us
[2025-05-18T22:58:59.470+0300][7324][16848][info][gc,stats    ]     Exception Caches                  0 us
[2025-05-18T22:58:59.470+0300][7324][16848][info][gc,stats    ] Concurrent Strong Roots             271 us, parallelism: 0.59x
[2025-05-18T22:58:59.470+0300][7324][16848][info][gc,stats    ]   CSR: <total>                      161 us
[2025-05-18T22:58:59.470+0300][7324][16848][info][gc,stats    ]   CSR: VM Strong Roots               12 us, workers (us):   7,   5, ---, ---, 
[2025-05-18T22:58:59.470+0300][7324][16848][info][gc,stats    ]   CSR: CLDG Roots                   149 us, workers (us): ---, 149, ---, ---, 
[2025-05-18T22:58:59.470+0300][7324][16848][info][gc,stats    ] Concurrent Evacuation              2800 us
[2025-05-18T22:58:59.470+0300][7324][16848][info][gc,stats    ] Pause Init Update Refs (G)          211 us
[2025-05-18T22:58:59.470+0300][7324][16848][info][gc,stats    ] Pause Init Update Refs (N)          109 us
[2025-05-18T22:58:59.470+0300][7324][16848][info][gc,stats    ]   Manage GCLABs                       5 us
[2025-05-18T22:58:59.470+0300][7324][16848][info][gc,stats    ] Concurrent Update Refs             7928 us
[2025-05-18T22:58:59.470+0300][7324][16848][info][gc,stats    ] Concurrent Update Thread Roots     2071 us
[2025-05-18T22:58:59.470+0300][7324][16848][info][gc,stats    ] Pause Final Update Refs (G)         282 us
[2025-05-18T22:58:59.470+0300][7324][16848][info][gc,stats    ] Pause Final Update Refs (N)         172 us
[2025-05-18T22:58:59.470+0300][7324][16848][info][gc,stats    ]   Update Region States               45 us
[2025-05-18T22:58:59.470+0300][7324][16848][info][gc,stats    ]   Trash Collection Set               10 us
[2025-05-18T22:58:59.470+0300][7324][16848][info][gc,stats    ]   Rebuild Free Set                   21 us
[2025-05-18T22:58:59.470+0300][7324][16848][info][gc,stats    ] Concurrent Cleanup                  126 us
[2025-05-18T22:58:59.470+0300][7324][16848][info][gc,stats    ] 
[2025-05-18T22:58:59.470+0300][7324][16848][info][gc,stats    ] Allocation pacing accrued:
[2025-05-18T22:58:59.470+0300][7324][16848][info][gc,stats    ]       0 of  1176 ms (  0.0%): <total>
[2025-05-18T22:58:59.470+0300][7324][16848][info][gc,stats    ]       0 of  1176 ms (  0.0%): <average total>
[2025-05-18T22:58:59.470+0300][7324][16848][info][gc,stats    ] 
[2025-05-18T22:58:59.470+0300][7324][16848][info][gc,metaspace] Metaspace: 8626K(9664K)->8626K(9664K) NonClass: 7774K(8384K)->7774K(8384K) Class: 851K(1280K)->851K(1280K)
[2025-05-18T22:58:59.470+0300][7324][16848][info][gc,ergo     ] Pacer for Idle. Initial: 83886K, Alloc Tax Rate: 1.0x
[2025-05-18T22:59:00.679+0300][7324][16848][info][gc          ] Trigger: Free (383M) is below minimum threshold (409M)
[2025-05-18T22:59:00.679+0300][7324][16848][info][gc,ergo     ] Free: 383M, Max: 2048K regular, 382M humongous, Frag: 0% external, 0% internal; Reserve: 206M, Max: 2048K
[2025-05-18T22:59:00.679+0300][7324][16848][info][gc,start    ] GC(29) Concurrent reset
[2025-05-18T22:59:00.679+0300][7324][16848][info][gc,task     ] GC(29) Using 2 of 4 workers for concurrent reset
[2025-05-18T22:59:00.679+0300][7324][16848][info][gc,ergo     ] GC(29) Pacer for Reset. Non-Taxable: 4096M
[2025-05-18T22:59:00.681+0300][7324][16848][info][gc          ] GC(29) Concurrent reset 1.903ms
[2025-05-18T22:59:00.681+0300][7324][8028 ][info][gc,start    ] GC(29) Pause Init Mark (unload classes)
[2025-05-18T22:59:00.681+0300][7324][8028 ][info][gc,task     ] GC(29) Using 4 of 4 workers for init marking
[2025-05-18T22:59:00.681+0300][7324][8028 ][info][gc,ergo     ] GC(29) Pacer for Mark. Expected Live: 10507K, Free: 377M, Non-Taxable: 38705K, Alloc Tax Rate: 0.0x
[2025-05-18T22:59:00.681+0300][7324][8028 ][info][gc          ] GC(29) Pause Init Mark (unload classes) 0.148ms
[2025-05-18T22:59:00.681+0300][7324][16848][info][gc,start    ] GC(29) Concurrent marking roots
[2025-05-18T22:59:00.681+0300][7324][16848][info][gc,task     ] GC(29) Using 2 of 4 workers for concurrent marking roots
[2025-05-18T22:59:00.681+0300][7324][16848][info][gc          ] GC(29) Concurrent marking roots 0.231ms
[2025-05-18T22:59:00.681+0300][7324][16848][info][gc,start    ] GC(29) Concurrent marking (unload classes)
[2025-05-18T22:59:00.681+0300][7324][16848][info][gc,task     ] GC(29) Using 2 of 4 workers for concurrent marking
[2025-05-18T22:59:00.712+0300][7324][16848][info][gc          ] GC(29) Concurrent marking (unload classes) 30.194ms
[2025-05-18T22:59:00.712+0300][7324][8028 ][info][gc,start    ] GC(29) Pause Final Mark (unload classes)
[2025-05-18T22:59:00.712+0300][7324][8028 ][info][gc,task     ] GC(29) Using 4 of 4 workers for final marking
[2025-05-18T22:59:00.712+0300][7324][8028 ][info][gc,ergo     ] GC(29) Adaptive CSet Selection. Target Free: 580M, Actual Free: 3350M, Max CSet: 170M, Min Garbage: 0B
[2025-05-18T22:59:00.712+0300][7324][8028 ][info][gc,ergo     ] GC(29) Collectable Garbage: 3494M (99%), Immediate: 2842M (81%), CSet: 652M (18%)
[2025-05-18T22:59:00.712+0300][7324][8028 ][info][gc,ergo     ] GC(29) Pacer for Evacuation. Used CSet: 654M, Free: 3145M, Non-Taxable: 314M, Alloc Tax Rate: 1.1x
[2025-05-18T22:59:00.712+0300][7324][8028 ][info][gc          ] GC(29) Pause Final Mark (unload classes) 0.370ms
[2025-05-18T22:59:00.712+0300][7324][16848][info][gc,start    ] GC(29) Concurrent thread roots
[2025-05-18T22:59:00.712+0300][7324][16848][info][gc,task     ] GC(29) Using 2 of 4 workers for Concurrent thread roots
[2025-05-18T22:59:00.712+0300][7324][16848][info][gc          ] GC(29) Concurrent thread roots 0.285ms
[2025-05-18T22:59:00.712+0300][7324][16848][info][gc,start    ] GC(29) Concurrent weak references
[2025-05-18T22:59:00.712+0300][7324][16848][info][gc,task     ] GC(29) Using 2 of 4 workers for concurrent weak references
[2025-05-18T22:59:00.713+0300][7324][16848][info][gc,ref      ] GC(29) Encountered references: Soft: 152, Weak: 1318, Final: 3, Phantom: 50
[2025-05-18T22:59:00.713+0300][7324][16848][info][gc,ref      ] GC(29) Discovered  references: Soft: 0, Weak: 795, Final: 1, Phantom: 35
[2025-05-18T22:59:00.713+0300][7324][16848][info][gc,ref      ] GC(29) Enqueued    references: Soft: 0, Weak: 544, Final: 0, Phantom: 0
[2025-05-18T22:59:00.713+0300][7324][16848][info][gc          ] GC(29) Concurrent weak references 0.383ms
[2025-05-18T22:59:00.713+0300][7324][16848][info][gc,start    ] GC(29) Concurrent weak roots
[2025-05-18T22:59:00.713+0300][7324][16848][info][gc,task     ] GC(29) Using 2 of 4 workers for concurrent weak root
[2025-05-18T22:59:00.743+0300][7324][16848][info][gc          ] GC(29) Concurrent weak roots 29.821ms
[2025-05-18T22:59:00.743+0300][7324][16848][info][gc,start    ] GC(29) Concurrent cleanup
[2025-05-18T22:59:00.743+0300][7324][16848][info][gc          ] GC(29) Concurrent cleanup 3646M->804M(4096M) 0.196ms
[2025-05-18T22:59:00.743+0300][7324][16848][info][gc,ergo     ] GC(29) Free: 3079M, Max: 2048K regular, 236M humongous, Frag: 93% external, 0% internal; Reserve: 205M, Max: 2048K
[2025-05-18T22:59:00.743+0300][7324][16848][info][gc,start    ] GC(29) Concurrent class unloading
[2025-05-18T22:59:00.743+0300][7324][16848][info][gc,task     ] GC(29) Using 2 of 4 workers for concurrent class unloading
[2025-05-18T22:59:00.746+0300][7324][16848][info][gc          ] GC(29) Concurrent class unloading 3.089ms
[2025-05-18T22:59:00.746+0300][7324][16848][info][gc,start    ] GC(29) Concurrent strong roots
[2025-05-18T22:59:00.746+0300][7324][16848][info][gc,task     ] GC(29) Using 2 of 4 workers for concurrent strong root
[2025-05-18T22:59:00.746+0300][7324][16848][info][gc          ] GC(29) Concurrent strong roots 0.278ms
[2025-05-18T22:59:00.746+0300][7324][16848][info][gc,start    ] GC(29) Concurrent evacuation
[2025-05-18T22:59:00.746+0300][7324][16848][info][gc,task     ] GC(29) Using 2 of 4 workers for concurrent evacuation
[2025-05-18T22:59:00.749+0300][7324][16848][info][gc          ] GC(29) Concurrent evacuation 2.449ms
[2025-05-18T22:59:00.749+0300][7324][8028 ][info][gc,start    ] GC(29) Pause Init Update Refs
[2025-05-18T22:59:00.749+0300][7324][8028 ][info][gc,ergo     ] GC(29) Pacer for Update Refs. Used: 815M, Free: 3069M, Non-Taxable: 306M, Alloc Tax Rate: 1.1x
[2025-05-18T22:59:00.749+0300][7324][8028 ][info][gc          ] GC(29) Pause Init Update Refs 0.077ms
[2025-05-18T22:59:00.749+0300][7324][16848][info][gc,start    ] GC(29) Concurrent update references
[2025-05-18T22:59:00.749+0300][7324][16848][info][gc,task     ] GC(29) Using 2 of 4 workers for concurrent reference update
[2025-05-18T22:59:00.767+0300][7324][16848][info][gc          ] GC(29) Concurrent update references 18.117ms
[2025-05-18T22:59:00.767+0300][7324][16848][info][gc,start    ] GC(29) Concurrent update thread roots
[2025-05-18T22:59:00.791+0300][7324][16848][info][gc          ] GC(29) Concurrent update thread roots 23.266ms
[2025-05-18T22:59:00.791+0300][7324][8028 ][info][gc,start    ] GC(29) Pause Final Update Refs
[2025-05-18T22:59:00.791+0300][7324][8028 ][info][gc,task     ] GC(29) Using 4 of 4 workers for final reference update
[2025-05-18T22:59:00.791+0300][7324][8028 ][info][gc          ] GC(29) Pause Final Update Refs 0.149ms
[2025-05-18T22:59:00.791+0300][7324][16848][info][gc,start    ] GC(29) Concurrent cleanup
[2025-05-18T22:59:00.791+0300][7324][16848][info][gc          ] GC(29) Concurrent cleanup 903M->249M(4096M) 0.084ms
[2025-05-18T22:59:00.791+0300][7324][16848][info][gc,ergo     ] Free: 3634M, Max: 2048K regular, 3374M humongous, Frag: 8% external, 0% internal; Reserve: 206M, Max: 2048K
[2025-05-18T22:59:00.791+0300][7324][16848][info][gc,stats    ] 
[2025-05-18T22:59:00.791+0300][7324][16848][info][gc,stats    ] All times are wall-clock times, except per-root-class counters, that are sum over
[2025-05-18T22:59:00.791+0300][7324][16848][info][gc,stats    ] all workers. Dividing the <total> over the root stage time estimates parallelism.
[2025-05-18T22:59:00.791+0300][7324][16848][info][gc,stats    ] 
[2025-05-18T22:59:00.791+0300][7324][16848][info][gc,stats    ] Concurrent Reset                   1973 us
[2025-05-18T22:59:00.791+0300][7324][16848][info][gc,stats    ] Pause Init Mark (G)                 355 us
[2025-05-18T22:59:00.791+0300][7324][16848][info][gc,stats    ] Pause Init Mark (N)                 172 us
[2025-05-18T22:59:00.791+0300][7324][16848][info][gc,stats    ]   Update Region States               26 us
[2025-05-18T22:59:00.791+0300][7324][16848][info][gc,stats    ] Concurrent Mark Roots               276 us, parallelism: 0.84x
[2025-05-18T22:59:00.791+0300][7324][16848][info][gc,stats    ]   CMR: <total>                      231 us
[2025-05-18T22:59:00.791+0300][7324][16848][info][gc,stats    ]   CMR: Thread Roots                 141 us, workers (us):  28, 113, ---, ---, 
[2025-05-18T22:59:00.791+0300][7324][16848][info][gc,stats    ]   CMR: VM Strong Roots               11 us, workers (us):   6,   5, ---, ---, 
[2025-05-18T22:59:00.791+0300][7324][16848][info][gc,stats    ]   CMR: CLDG Roots                    79 us, workers (us):  79, ---, ---, ---, 
[2025-05-18T22:59:00.791+0300][7324][16848][info][gc,stats    ] Concurrent Marking                30255 us
[2025-05-18T22:59:00.792+0300][7324][16848][info][gc,stats    ] Pause Final Mark (G)                491 us
[2025-05-18T22:59:00.792+0300][7324][16848][info][gc,stats    ] Pause Final Mark (N)                387 us
[2025-05-18T22:59:00.792+0300][7324][16848][info][gc,stats    ]   Finish Mark                        70 us
[2025-05-18T22:59:00.792+0300][7324][16848][info][gc,stats    ]   Update Region States               27 us
[2025-05-18T22:59:00.792+0300][7324][16848][info][gc,stats    ]   Choose Collection Set             125 us
[2025-05-18T22:59:00.792+0300][7324][16848][info][gc,stats    ]   Rebuild Free Set                   22 us
[2025-05-18T22:59:00.792+0300][7324][16848][info][gc,stats    ] Concurrent Thread Roots             323 us, parallelism: 1.08x
[2025-05-18T22:59:00.792+0300][7324][16848][info][gc,stats    ]   CTR: <total>                      347 us
[2025-05-18T22:59:00.792+0300][7324][16848][info][gc,stats    ]   CTR: Thread Roots                 347 us, workers (us): 153, 194, ---, ---, 
[2025-05-18T22:59:00.792+0300][7324][16848][info][gc,stats    ] Concurrent Weak References          408 us, parallelism: 0.58x
[2025-05-18T22:59:00.792+0300][7324][16848][info][gc,stats    ]   CWRF: <total>                     238 us
[2025-05-18T22:59:00.792+0300][7324][16848][info][gc,stats    ]   CWRF: Weak References             238 us, workers (us):  25, 213, ---, ---, 
[2025-05-18T22:59:00.792+0300][7324][16848][info][gc,stats    ] Concurrent Weak Roots             29906 us
[2025-05-18T22:59:00.792+0300][7324][16848][info][gc,stats    ]   Roots                             798 us, parallelism: 1.82x
[2025-05-18T22:59:00.792+0300][7324][16848][info][gc,stats    ]     CWR: <total>                   1450 us
[2025-05-18T22:59:00.792+0300][7324][16848][info][gc,stats    ]     CWR: Code Cache Roots          1071 us, workers (us): 563, 508, ---, ---, 
[2025-05-18T22:59:00.792+0300][7324][16848][info][gc,stats    ]     CWR: VM Weak Roots              369 us, workers (us): 180, 190, ---, ---, 
[2025-05-18T22:59:00.792+0300][7324][16848][info][gc,stats    ]     CWR: CLDG Roots                   9 us, workers (us):   9, ---, ---, ---, 
[2025-05-18T22:59:00.792+0300][7324][16848][info][gc,stats    ]   Rendezvous                      28972 us
[2025-05-18T22:59:00.792+0300][7324][16848][info][gc,stats    ] Concurrent Cleanup                  228 us
[2025-05-18T22:59:00.792+0300][7324][16848][info][gc,stats    ] Concurrent Class Unloading         3150 us
[2025-05-18T22:59:00.792+0300][7324][16848][info][gc,stats    ]   Unlink Stale                     2355 us
[2025-05-18T22:59:00.792+0300][7324][16848][info][gc,stats    ]     System Dictionary                22 us
[2025-05-18T22:59:00.792+0300][7324][16848][info][gc,stats    ]     Weak Class Links                  0 us
[2025-05-18T22:59:00.792+0300][7324][16848][info][gc,stats    ]     Code Roots                     2330 us
[2025-05-18T22:59:00.792+0300][7324][16848][info][gc,stats    ]   Rendezvous                        668 us
[2025-05-18T22:59:00.792+0300][7324][16848][info][gc,stats    ]   Purge Unlinked                     12 us
[2025-05-18T22:59:00.792+0300][7324][16848][info][gc,stats    ]     Code Roots                        3 us
[2025-05-18T22:59:00.792+0300][7324][16848][info][gc,stats    ]     CLDG                              9 us
[2025-05-18T22:59:00.792+0300][7324][16848][info][gc,stats    ]     Exception Caches                  0 us
[2025-05-18T22:59:00.792+0300][7324][16848][info][gc,stats    ] Concurrent Strong Roots             307 us, parallelism: 0.48x
[2025-05-18T22:59:00.792+0300][7324][16848][info][gc,stats    ]   CSR: <total>                      147 us
[2025-05-18T22:59:00.792+0300][7324][16848][info][gc,stats    ]   CSR: VM Strong Roots               11 us, workers (us):   5,   5, ---, ---, 
[2025-05-18T22:59:00.792+0300][7324][16848][info][gc,stats    ]   CSR: CLDG Roots                   136 us, workers (us): 136, ---, ---, ---, 
[2025-05-18T22:59:00.792+0300][7324][16848][info][gc,stats    ] Concurrent Evacuation              2503 us
[2025-05-18T22:59:00.792+0300][7324][16848][info][gc,stats    ] Pause Init Update Refs (G)          203 us
[2025-05-18T22:59:00.792+0300][7324][16848][info][gc,stats    ] Pause Init Update Refs (N)           97 us
[2025-05-18T22:59:00.792+0300][7324][16848][info][gc,stats    ]   Manage GCLABs                       4 us
[2025-05-18T22:59:00.792+0300][7324][16848][info][gc,stats    ] Concurrent Update Refs            18193 us
[2025-05-18T22:59:00.792+0300][7324][16848][info][gc,stats    ] Concurrent Update Thread Roots    23339 us
[2025-05-18T22:59:00.792+0300][7324][16848][info][gc,stats    ] Pause Final Update Refs (G)         328 us
[2025-05-18T22:59:00.792+0300][7324][16848][info][gc,stats    ] Pause Final Update Refs (N)         168 us
[2025-05-18T22:59:00.792+0300][7324][16848][info][gc,stats    ]   Update Region States               41 us
[2025-05-18T22:59:00.792+0300][7324][16848][info][gc,stats    ]   Trash Collection Set               11 us
[2025-05-18T22:59:00.792+0300][7324][16848][info][gc,stats    ]   Rebuild Free Set                   23 us
[2025-05-18T22:59:00.792+0300][7324][16848][info][gc,stats    ] Concurrent Cleanup                  112 us
[2025-05-18T22:59:00.792+0300][7324][16848][info][gc,stats    ] 
[2025-05-18T22:59:00.792+0300][7324][16848][info][gc,stats    ] Allocation pacing accrued:
[2025-05-18T22:59:00.793+0300][7324][16848][info][gc,stats    ]       0 of  1322 ms (  0.0%): <total>
[2025-05-18T22:59:00.793+0300][7324][16848][info][gc,stats    ]       0 of  1322 ms (  0.0%): <average total>
[2025-05-18T22:59:00.793+0300][7324][16848][info][gc,stats    ] 
[2025-05-18T22:59:00.793+0300][7324][16848][info][gc,metaspace] Metaspace: 8626K(9664K)->8626K(9664K) NonClass: 7774K(8384K)->7774K(8384K) Class: 851K(1280K)->851K(1280K)
[2025-05-18T22:59:00.793+0300][7324][16848][info][gc,ergo     ] Pacer for Idle. Initial: 83886K, Alloc Tax Rate: 1.0x
[2025-05-18T22:59:01.525+0300][7324][3544 ][info][gc          ] Cancelling GC: Stopping VM
[2025-05-18T22:59:01.539+0300][7324][3544 ][info][gc,heap,exit] Heap
[2025-05-18T22:59:01.539+0300][7324][3544 ][info][gc,heap,exit] Shenandoah Heap
[2025-05-18T22:59:01.539+0300][7324][3544 ][info][gc,heap,exit]  4096M max, 4096M soft max, 4096M committed, 1607M used
[2025-05-18T22:59:01.539+0300][7324][3544 ][info][gc,heap,exit]  2048 x 2048K regions
[2025-05-18T22:59:01.539+0300][7324][3544 ][info][gc,heap,exit] Status: cancelled
[2025-05-18T22:59:01.539+0300][7324][3544 ][info][gc,heap,exit] Reserved region:
[2025-05-18T22:59:01.539+0300][7324][3544 ][info][gc,heap,exit]  - [0x0000000700000000, 0x0000000800000000) 
[2025-05-18T22:59:01.539+0300][7324][3544 ][info][gc,heap,exit] Collection set:
[2025-05-18T22:59:01.539+0300][7324][3544 ][info][gc,heap,exit]  - map (vanilla): 0x0000000000013800
[2025-05-18T22:59:01.539+0300][7324][3544 ][info][gc,heap,exit]  - map (biased):  0x0000000000010000
[2025-05-18T22:59:01.539+0300][7324][3544 ][info][gc,heap,exit] 
[2025-05-18T22:59:01.539+0300][7324][3544 ][info][gc,heap,exit]  Metaspace       used 8674K, committed 9664K, reserved 1114112K
[2025-05-18T22:59:01.539+0300][7324][3544 ][info][gc,heap,exit]   class space    used 857K, committed 1280K, reserved 1048576K
[2025-05-18T22:59:01.539+0300][7324][3544 ][info][gc,stats    ] 
[2025-05-18T22:59:01.539+0300][7324][3544 ][info][gc,stats    ] GC STATISTICS:
[2025-05-18T22:59:01.539+0300][7324][3544 ][info][gc,stats    ]   "(G)" (gross) pauses include VM time: time to notify and block threads, do the pre-
[2025-05-18T22:59:01.539+0300][7324][3544 ][info][gc,stats    ]         and post-safepoint housekeeping. Use -Xlog:safepoint+stats to dissect.
[2025-05-18T22:59:01.539+0300][7324][3544 ][info][gc,stats    ]   "(N)" (net) pauses are the times spent in the actual GC code.
[2025-05-18T22:59:01.539+0300][7324][3544 ][info][gc,stats    ]   "a" is average time for each phase, look at levels to see if average makes sense.
[2025-05-18T22:59:01.539+0300][7324][3544 ][info][gc,stats    ]   "lvls" are quantiles: 0% (minimum), 25%, 50% (median), 75%, 100% (maximum).
[2025-05-18T22:59:01.539+0300][7324][3544 ][info][gc,stats    ] 
[2025-05-18T22:59:01.539+0300][7324][3544 ][info][gc,stats    ]   All times are wall-clock times, except per-root-class counters, that are sum over
[2025-05-18T22:59:01.539+0300][7324][3544 ][info][gc,stats    ]   all workers. Dividing the <total> over the root stage time estimates parallelism.
[2025-05-18T22:59:01.539+0300][7324][3544 ][info][gc,stats    ] 
[2025-05-18T22:59:01.539+0300][7324][3544 ][info][gc,stats    ]   Pacing delays are measured from entering the pacing code till exiting it. Therefore,
[2025-05-18T22:59:01.539+0300][7324][3544 ][info][gc,stats    ]   observed pacing delays may be higher than the threshold when paced thread spent more
[2025-05-18T22:59:01.539+0300][7324][3544 ][info][gc,stats    ]   time in the pacing code. It usually happens when thread is de-scheduled while paced,
[2025-05-18T22:59:01.539+0300][7324][3544 ][info][gc,stats    ]   OS takes longer to unblock the thread, or JVM experiences an STW pause.
[2025-05-18T22:59:01.539+0300][7324][3544 ][info][gc,stats    ] 
[2025-05-18T22:59:01.539+0300][7324][3544 ][info][gc,stats    ]   Higher delay would prevent application outpacing the GC, but it will hide the GC latencies
[2025-05-18T22:59:01.539+0300][7324][3544 ][info][gc,stats    ]   from the STW pause times. Pacing affects the individual threads, and so it would also be
[2025-05-18T22:59:01.539+0300][7324][3544 ][info][gc,stats    ]   invisible to the usual profiling tools, but would add up to end-to-end application latency.
[2025-05-18T22:59:01.539+0300][7324][3544 ][info][gc,stats    ]   Raise max pacing delay with care.
[2025-05-18T22:59:01.539+0300][7324][3544 ][info][gc,stats    ] 
[2025-05-18T22:59:01.539+0300][7324][3544 ][info][gc,stats    ] Concurrent Reset               =    0.034 s (a =     1143 us) (n =    30) (lvls, us =      234,      719,      873,     1641,     2099)
[2025-05-18T22:59:01.539+0300][7324][3544 ][info][gc,stats    ] Pause Init Mark (G)            =    0.010 s (a =      318 us) (n =    30) (lvls, us =      205,      275,      305,      318,      638)
[2025-05-18T22:59:01.539+0300][7324][3544 ][info][gc,stats    ] Pause Init Mark (N)            =    0.004 s (a =      147 us) (n =    30) (lvls, us =      100,      123,      146,      170,      188)
[2025-05-18T22:59:01.539+0300][7324][3544 ][info][gc,stats    ]   Update Region States         =    0.001 s (a =       20 us) (n =    30) (lvls, us =        8,       16,       19,       23,       32)
[2025-05-18T22:59:01.539+0300][7324][3544 ][info][gc,stats    ] Concurrent Mark Roots          =    0.008 s (a =      265 us) (n =    30) (lvls, us =      180,      229,      248,      275,      536)
[2025-05-18T22:59:01.539+0300][7324][3544 ][info][gc,stats    ]   CMR: <total>                 =    0.006 s (a =      216 us) (n =    30) (lvls, us =      111,      184,      195,      215,      505)
[2025-05-18T22:59:01.539+0300][7324][3544 ][info][gc,stats    ]   CMR: Thread Roots            =    0.004 s (a =      129 us) (n =    30) (lvls, us =       53,       94,      102,      127,      417)
[2025-05-18T22:59:01.539+0300][7324][3544 ][info][gc,stats    ]   CMR: VM Strong Roots         =    0.000 s (a =       11 us) (n =    30) (lvls, us =        5,        9,       10,       10,       25)
[2025-05-18T22:59:01.539+0300][7324][3544 ][info][gc,stats    ]   CMR: CLDG Roots              =    0.002 s (a =       76 us) (n =    30) (lvls, us =       53,       64,       78,       84,      121)
[2025-05-18T22:59:01.539+0300][7324][3544 ][info][gc,stats    ] Concurrent Marking             =    0.611 s (a =    20377 us) (n =    30) (lvls, us =     2188,     4551,     9785,    19727,    76672)
[2025-05-18T22:59:01.539+0300][7324][3544 ][info][gc,stats    ] Pause Final Mark (G)           =    0.014 s (a =      460 us) (n =    30) (lvls, us =      281,      375,      430,      467,     1073)
[2025-05-18T22:59:01.539+0300][7324][3544 ][info][gc,stats    ] Pause Final Mark (N)           =    0.009 s (a =      314 us) (n =    30) (lvls, us =      219,      268,      307,      336,      457)
[2025-05-18T22:59:01.539+0300][7324][3544 ][info][gc,stats    ]   Finish Mark                  =    0.002 s (a =       71 us) (n =    30) (lvls, us =       35,       56,       64,       70,      193)
[2025-05-18T22:59:01.539+0300][7324][3544 ][info][gc,stats    ]   Update Region States         =    0.001 s (a =       28 us) (n =    30) (lvls, us =       13,       22,       27,       31,       49)
[2025-05-18T22:59:01.539+0300][7324][3544 ][info][gc,stats    ]   Choose Collection Set        =    0.003 s (a =       88 us) (n =    30) (lvls, us =       26,       71,       76,      102,      156)
[2025-05-18T22:59:01.539+0300][7324][3544 ][info][gc,stats    ]   Rebuild Free Set             =    0.001 s (a =       18 us) (n =    30) (lvls, us =        9,       14,       17,       21,       27)
[2025-05-18T22:59:01.539+0300][7324][3544 ][info][gc,stats    ] Concurrent Thread Roots        =    0.007 s (a =      261 us) (n =    28) (lvls, us =      150,      184,      270,      297,      439)
[2025-05-18T22:59:01.539+0300][7324][3544 ][info][gc,stats    ]   CTR: <total>                 =    0.007 s (a =      252 us) (n =    28) (lvls, us =       61,      150,      254,      311,      627)
[2025-05-18T22:59:01.539+0300][7324][3544 ][info][gc,stats    ]   CTR: Thread Roots            =    0.007 s (a =      252 us) (n =    28) (lvls, us =       61,      150,      254,      311,      627)
[2025-05-18T22:59:01.539+0300][7324][3544 ][info][gc,stats    ] Concurrent Weak References     =    0.011 s (a =      355 us) (n =    30) (lvls, us =      158,      227,      281,      381,     1911)
[2025-05-18T22:59:01.539+0300][7324][3544 ][info][gc,stats    ]   CWRF: <total>                =    0.008 s (a =      266 us) (n =    30) (lvls, us =       21,       89,      176,      229,     3326)
[2025-05-18T22:59:01.539+0300][7324][3544 ][info][gc,stats    ]   CWRF: Weak References        =    0.008 s (a =      266 us) (n =    30) (lvls, us =       21,       89,      176,      229,     3326)
[2025-05-18T22:59:01.539+0300][7324][3544 ][info][gc,stats    ] Concurrent Weak Roots          =    0.274 s (a =     9143 us) (n =    30) (lvls, us =      480,     1426,     3359,     8633,    46318)
[2025-05-18T22:59:01.539+0300][7324][3544 ][info][gc,stats    ]   Roots                        =    0.023 s (a =      765 us) (n =    30) (lvls, us =      305,      648,      787,      809,     1262)
[2025-05-18T22:59:01.539+0300][7324][3544 ][info][gc,stats    ]     CWR: <total>               =    0.042 s (a =     1387 us) (n =    30) (lvls, us =      436,     1172,     1426,     1484,     2428)
[2025-05-18T22:59:01.539+0300][7324][3544 ][info][gc,stats    ]     CWR: Code Cache Roots      =    0.030 s (a =     1007 us) (n =    30) (lvls, us =      193,      893,     1016,     1055,     1531)
[2025-05-18T22:59:01.539+0300][7324][3544 ][info][gc,stats    ]     CWR: VM Weak Roots         =    0.011 s (a =      371 us) (n =    30) (lvls, us =      117,      264,      393,      406,      890)
[2025-05-18T22:59:01.539+0300][7324][3544 ][info][gc,stats    ]     CWR: CLDG Roots            =    0.000 s (a =        9 us) (n =    30) (lvls, us =        1,        7,        8,        9,       24)
[2025-05-18T22:59:01.539+0300][7324][3544 ][info][gc,stats    ]   Rendezvous                   =    0.248 s (a =     8277 us) (n =    30) (lvls, us =       45,      582,     2539,     7734,    45386)
[2025-05-18T22:59:01.539+0300][7324][3544 ][info][gc,stats    ] Concurrent Cleanup             =    0.004 s (a =      137 us) (n =    30) (lvls, us =       44,      105,      119,      178,      228)
[2025-05-18T22:59:01.539+0300][7324][3544 ][info][gc,stats    ] Concurrent Class Unloading     =    0.195 s (a =     6483 us) (n =    30) (lvls, us =     1523,     2656,     3184,     5000,    33889)
[2025-05-18T22:59:01.539+0300][7324][3544 ][info][gc,stats    ]   Unlink Stale                 =    0.064 s (a =     2132 us) (n =    30) (lvls, us =     1133,     1621,     2168,     2324,     4016)
[2025-05-18T22:59:01.540+0300][7324][3544 ][info][gc,stats    ]     System Dictionary          =    0.001 s (a =       30 us) (n =    30) (lvls, us =        7,       10,       12,       18,      384)
[2025-05-18T22:59:01.540+0300][7324][3544 ][info][gc,stats    ]     Weak Class Links           =    0.004 s (a =      127 us) (n =    30) (lvls, us =        0,        0,        0,        0,     1916)
[2025-05-18T22:59:01.540+0300][7324][3544 ][info][gc,stats    ]     Code Roots                 =    0.059 s (a =     1974 us) (n =    30) (lvls, us =      563,     1562,     2148,     2305,     2435)
[2025-05-18T22:59:01.540+0300][7324][3544 ][info][gc,stats    ]   Rendezvous                   =    0.122 s (a =     4068 us) (n =    30) (lvls, us =       55,      203,      742,     2383,    30149)
[2025-05-18T22:59:01.540+0300][7324][3544 ][info][gc,stats    ]   Purge Unlinked               =    0.005 s (a =      181 us) (n =    30) (lvls, us =       11,       41,       99,      150,     1878)
[2025-05-18T22:59:01.540+0300][7324][3544 ][info][gc,stats    ]     Code Roots                 =    0.005 s (a =      152 us) (n =    30) (lvls, us =        3,       29,       86,      139,     1420)
[2025-05-18T22:59:01.540+0300][7324][3544 ][info][gc,stats    ]     CLDG                       =    0.001 s (a =       29 us) (n =    30) (lvls, us =        7,        8,       11,       13,      458)
[2025-05-18T22:59:01.540+0300][7324][3544 ][info][gc,stats    ]     Exception Caches           =    0.000 s (a =        0 us) (n =    30) (lvls, us =        0,        0,        0,        0,        0)
[2025-05-18T22:59:01.540+0300][7324][3544 ][info][gc,stats    ] Concurrent Strong Roots        =    0.008 s (a =      284 us) (n =    28) (lvls, us =      193,      258,      277,      295,      479)
[2025-05-18T22:59:01.540+0300][7324][3544 ][info][gc,stats    ]   CSR: <total>                 =    0.005 s (a =      164 us) (n =    28) (lvls, us =      119,      146,      154,      168,      337)
[2025-05-18T22:59:01.540+0300][7324][3544 ][info][gc,stats    ]   CSR: VM Strong Roots         =    0.000 s (a =       11 us) (n =    28) (lvls, us =        7,        9,       10,       12,       14)
[2025-05-18T22:59:01.540+0300][7324][3544 ][info][gc,stats    ]   CSR: CLDG Roots              =    0.004 s (a =      154 us) (n =    28) (lvls, us =      113,      135,      143,      158,      324)
[2025-05-18T22:59:01.540+0300][7324][3544 ][info][gc,stats    ] Concurrent Evacuation          =    0.079 s (a =     2817 us) (n =    28) (lvls, us =     1074,     1504,     2793,     3789,     5073)
[2025-05-18T22:59:01.540+0300][7324][3544 ][info][gc,stats    ] Pause Final Roots (G)          =    0.000 s (a =      166 us) (n =     2) (lvls, us =      154,      154,      154,      154,      176)
[2025-05-18T22:59:01.540+0300][7324][3544 ][info][gc,stats    ] Pause Final Roots (N)          =    0.000 s (a =       41 us) (n =     2) (lvls, us =       36,       36,       36,       36,       47)
[2025-05-18T22:59:01.540+0300][7324][3544 ][info][gc,stats    ] Pause Init Update Refs (G)     =    0.016 s (a =      569 us) (n =    28) (lvls, us =      182,      197,      219,      250,     9502)
[2025-05-18T22:59:01.540+0300][7324][3544 ][info][gc,stats    ] Pause Init Update Refs (N)     =    0.003 s (a =      101 us) (n =    28) (lvls, us =       74,       88,      102,      107,      135)
[2025-05-18T22:59:01.540+0300][7324][3544 ][info][gc,stats    ]   Manage GCLABs                =    0.000 s (a =        5 us) (n =    28) (lvls, us =        2,        4,        5,        6,       11)
[2025-05-18T22:59:01.540+0300][7324][3544 ][info][gc,stats    ] Concurrent Update Refs         =    0.340 s (a =    12144 us) (n =    28) (lvls, us =     1328,     5781,     9688,    17969,    36667)
[2025-05-18T22:59:01.540+0300][7324][3544 ][info][gc,stats    ] Concurrent Update Thread Roots =    0.192 s (a =     6860 us) (n =    28) (lvls, us =      248,      768,     2031,     6934,    45867)
[2025-05-18T22:59:01.540+0300][7324][3544 ][info][gc,stats    ] Pause Final Update Refs (G)    =    0.009 s (a =      313 us) (n =    28) (lvls, us =      211,      264,      289,      328,      673)
[2025-05-18T22:59:01.540+0300][7324][3544 ][info][gc,stats    ] Pause Final Update Refs (N)    =    0.005 s (a =      169 us) (n =    28) (lvls, us =       74,      150,      168,      182,      267)
[2025-05-18T22:59:01.540+0300][7324][3544 ][info][gc,stats    ]   Update Region States         =    0.001 s (a =       41 us) (n =    28) (lvls, us =       13,       31,       39,       45,       72)
[2025-05-18T22:59:01.540+0300][7324][3544 ][info][gc,stats    ]   Trash Collection Set         =    0.000 s (a =        8 us) (n =    28) (lvls, us =        2,        5,        6,       11,       13)
[2025-05-18T22:59:01.540+0300][7324][3544 ][info][gc,stats    ]   Rebuild Free Set             =    0.001 s (a =       21 us) (n =    28) (lvls, us =        8,       15,       22,       26,       39)
[2025-05-18T22:59:01.540+0300][7324][3544 ][info][gc,stats    ] Concurrent Cleanup             =    0.003 s (a =      101 us) (n =    28) (lvls, us =       52,       78,      104,      115,      133)
[2025-05-18T22:59:01.540+0300][7324][3544 ][info][gc,stats    ] 
[2025-05-18T22:59:01.540+0300][7324][3544 ][info][gc,stats    ] 
[2025-05-18T22:59:01.540+0300][7324][3544 ][info][gc,stats    ] Under allocation pressure, concurrent cycles may cancel, and either continue cycle
[2025-05-18T22:59:01.540+0300][7324][3544 ][info][gc,stats    ] under stop-the-world pause or result in stop-the-world Full GC. Increase heap size,
[2025-05-18T22:59:01.540+0300][7324][3544 ][info][gc,stats    ] tune GC heuristics, set more aggressive pacing delay, or lower allocation rate
[2025-05-18T22:59:01.540+0300][7324][3544 ][info][gc,stats    ] to avoid Degenerated and Full GC cycles.
[2025-05-18T22:59:01.540+0300][7324][3544 ][info][gc,stats    ] 
[2025-05-18T22:59:01.540+0300][7324][3544 ][info][gc,stats    ]    30 successful concurrent GCs
[2025-05-18T22:59:01.540+0300][7324][3544 ][info][gc,stats    ]       3 invoked explicitly
[2025-05-18T22:59:01.540+0300][7324][3544 ][info][gc,stats    ]       0 invoked implicitly
[2025-05-18T22:59:01.540+0300][7324][3544 ][info][gc,stats    ] 
[2025-05-18T22:59:01.540+0300][7324][3544 ][info][gc,stats    ]     0 Degenerated GCs
[2025-05-18T22:59:01.540+0300][7324][3544 ][info][gc,stats    ]       0 caused by allocation failure
[2025-05-18T22:59:01.540+0300][7324][3544 ][info][gc,stats    ]       0 upgraded to Full GC
[2025-05-18T22:59:01.540+0300][7324][3544 ][info][gc,stats    ] 
[2025-05-18T22:59:01.540+0300][7324][3544 ][info][gc,stats    ]     0 Full GCs
[2025-05-18T22:59:01.540+0300][7324][3544 ][info][gc,stats    ]       0 invoked explicitly
[2025-05-18T22:59:01.540+0300][7324][3544 ][info][gc,stats    ]       0 invoked implicitly
[2025-05-18T22:59:01.540+0300][7324][3544 ][info][gc,stats    ]       0 caused by allocation failure
[2025-05-18T22:59:01.540+0300][7324][3544 ][info][gc,stats    ]       0 upgraded from Degenerated GC
[2025-05-18T22:59:01.540+0300][7324][3544 ][info][gc,stats    ] 
[2025-05-18T22:59:01.540+0300][7324][3544 ][info][gc,stats    ] 
