[2025-06-17T23:39:13.131+0300][2596][19504][info][gc] Min heap equals to max heap, disabling ShenandoahUncommit
[2025-06-17T23:39:13.137+0300][2596][19504][debug][gc,heap] Minimum heap 2147483648  Initial heap 2147483648  Maximum heap 2147483648
[2025-06-17T23:39:13.137+0300][2596][19504][info ][gc     ] Heuristics ergonomically sets -XX:+ExplicitGCInvokesConcurrent
[2025-06-17T23:39:13.137+0300][2596][19504][info ][gc     ] Heuristics ergonomically sets -XX:+ShenandoahImplicitGCInvokesConcurrent
[2025-06-17T23:39:13.137+0300][2596][19504][info ][gc     ] Using Shenandoah
[2025-06-17T23:39:14.217+0300][2596][15388][debug][safepoint] Safepoint synchronization initiated using striped semaphore wait barrier. (11 threads)
[2025-06-17T23:39:14.217+0300][2596][15388][info ][safepoint] Safepoint "Cleanup", Time since last: 1065670300 ns, Reaching safepoint: 133399 ns, Cleanup: 50801 ns, At safepoint: 3600 ns, Total: 187800 ns
[2025-06-17T23:39:15.009+0300][2596][22412][info ][gc       ] Trigger: Explicit GC request (System.gc())
[2025-06-17T23:39:15.009+0300][2596][22412][info ][gc       ] GC(0) Concurrent reset 0.211ms
[2025-06-17T23:39:15.009+0300][2596][15388][debug][safepoint] Safepoint synchronization initiated using striped semaphore wait barrier. (12 threads)
[2025-06-17T23:39:15.009+0300][2596][15388][info ][gc       ] GC(0) Pause Init Mark (unload classes) 0.089ms
[2025-06-17T23:39:15.009+0300][2596][15388][info ][safepoint] Safepoint "ShenandoahInitMark", Time since last: 791806700 ns, Reaching safepoint: 34500 ns, Cleanup: 35700 ns, At safepoint: 117000 ns, Total: 187200 ns
[2025-06-17T23:39:15.009+0300][2596][22412][info ][gc       ] GC(0) Concurrent marking roots 0.318ms
[2025-06-17T23:39:15.012+0300][2596][22412][info ][gc       ] GC(0) Concurrent marking (unload classes) 2.624ms
[2025-06-17T23:39:15.012+0300][2596][15388][debug][safepoint] Safepoint synchronization initiated using striped semaphore wait barrier. (12 threads)
[2025-06-17T23:39:15.012+0300][2596][15388][info ][gc       ] GC(0) Pause Final Mark (unload classes) 0.352ms
[2025-06-17T23:39:15.012+0300][2596][15388][info ][safepoint] Safepoint "ShenandoahFinalMarkStartEvac", Time since last: 3105400 ns, Reaching safepoint: 34799 ns, Cleanup: 2801 ns, At safepoint: 381799 ns, Total: 419399 ns
[2025-06-17T23:39:15.012+0300][2596][22412][info ][gc       ] GC(0) Concurrent thread roots 0.182ms
[2025-06-17T23:39:15.012+0300][2596][22412][info ][gc       ] GC(0) Concurrent weak references 0.152ms
[2025-06-17T23:39:15.012+0300][2596][22412][info ][gc       ] GC(0) Concurrent weak roots 0.443ms
[2025-06-17T23:39:15.012+0300][2596][22412][info ][gc       ] GC(0) Concurrent cleanup 149M->149M(2048M) 0.022ms
[2025-06-17T23:39:15.012+0300][2596][22412][debug][gc,phases] GC(0) ClassLoaderData 0.043ms
[2025-06-17T23:39:15.012+0300][2596][22412][debug][gc,phases] GC(0) Trigger cleanups 0.007ms
[2025-06-17T23:39:15.012+0300][2596][22412][info ][gc       ] GC(0) Concurrent class unloading 1.812ms
[2025-06-17T23:39:15.012+0300][2596][15388][debug][safepoint] Safepoint synchronization initiated using striped semaphore wait barrier. (12 threads)
[2025-06-17T23:39:15.012+0300][2596][15388][info ][safepoint] Safepoint "CleanClassLoaderDataMetaspaces", Time since last: 2858301 ns, Reaching safepoint: 13800 ns, Cleanup: 133099 ns, At safepoint: 22000 ns, Total: 168899 ns
[2025-06-17T23:39:15.012+0300][2596][22412][info ][gc       ] GC(0) Concurrent strong roots 0.289ms
[2025-06-17T23:39:15.012+0300][2596][22412][info ][gc       ] GC(0) Concurrent evacuation 1.484ms
[2025-06-17T23:39:15.012+0300][2596][15388][debug][safepoint] Safepoint synchronization initiated using striped semaphore wait barrier. (12 threads)
[2025-06-17T23:39:15.012+0300][2596][15388][info ][gc       ] GC(0) Pause Init Update Refs 0.004ms
[2025-06-17T23:39:15.012+0300][2596][15388][info ][safepoint] Safepoint "ShenandoahInitUpdateRefs", Time since last: 1703401 ns, Reaching safepoint: 27400 ns, Cleanup: 3100 ns, At safepoint: 17599 ns, Total: 48099 ns
[2025-06-17T23:39:15.012+0300][2596][22412][info ][gc       ] GC(0) Concurrent update references 1.197ms
[2025-06-17T23:39:15.012+0300][2596][22412][info ][gc       ] GC(0) Concurrent update thread roots 0.184ms
[2025-06-17T23:39:15.012+0300][2596][15388][debug][safepoint] Safepoint synchronization initiated using striped semaphore wait barrier. (12 threads)
[2025-06-17T23:39:15.012+0300][2596][15388][info ][gc       ] GC(0) Pause Final Update Refs 0.027ms
[2025-06-17T23:39:15.012+0300][2596][15388][info ][safepoint] Safepoint "ShenandoahFinalUpdateRefs", Time since last: 1656201 ns, Reaching safepoint: 22800 ns, Cleanup: 2300 ns, At safepoint: 41200 ns, Total: 66300 ns
[2025-06-17T23:39:15.012+0300][2596][22412][info ][gc       ] GC(0) Concurrent cleanup 152M->4M(2048M) 0.021ms
[2025-06-17T23:39:15.359+0300][2596][15388][debug][safepoint] Safepoint synchronization initiated using striped semaphore wait barrier. (21 threads)
[2025-06-17T23:39:15.359+0300][2596][15388][info ][safepoint] Safepoint "ICBufferFull", Time since last: 340410000 ns, Reaching safepoint: 99700 ns, Cleanup: 97700 ns, At safepoint: 13100 ns, Total: 210500 ns
[2025-06-17T23:39:15.361+0300][2596][15388][debug][safepoint] Safepoint synchronization initiated using striped semaphore wait barrier. (21 threads)
[2025-06-17T23:39:15.361+0300][2596][3228 ][debug][safepoint] ... found polling page loop exception at pc = 0x000001803e0556ec, stub =0x000001803da55a80
[2025-06-17T23:39:15.361+0300][2596][15388][info ][safepoint] Safepoint "ICBufferFull", Time since last: 1717300 ns, Reaching safepoint: 142099 ns, Cleanup: 9100 ns, At safepoint: 22601 ns, Total: 173800 ns
[2025-06-17T23:39:15.514+0300][2596][15388][debug][safepoint] Safepoint synchronization initiated using striped semaphore wait barrier. (21 threads)
[2025-06-17T23:39:15.515+0300][2596][15388][info ][safepoint] Safepoint "ICBufferFull", Time since last: 152810100 ns, Reaching safepoint: 295499 ns, Cleanup: 108000 ns, At safepoint: 19401 ns, Total: 422900 ns
[2025-06-17T23:39:15.515+0300][2596][15388][debug][safepoint] Safepoint synchronization initiated using striped semaphore wait barrier. (21 threads)
[2025-06-17T23:39:15.515+0300][2596][15960][debug][safepoint] ... found polling page loop exception at pc = 0x000001803e0556ec, stub =0x000001803da55a80
[2025-06-17T23:39:15.515+0300][2596][15388][info ][safepoint] Safepoint "ICBufferFull", Time since last: 738200 ns, Reaching safepoint: 228999 ns, Cleanup: 11701 ns, At safepoint: 12699 ns, Total: 253399 ns
[2025-06-17T23:39:15.515+0300][2596][15388][debug][safepoint] Safepoint synchronization initiated using striped semaphore wait barrier. (21 threads)
[2025-06-17T23:39:15.515+0300][2596][5472 ][debug][safepoint] ... found polling page loop exception at pc = 0x000001803dfead7f, stub =0x000001803da56300
[2025-06-17T23:39:15.515+0300][2596][15388][info ][safepoint] Safepoint "ICBufferFull", Time since last: 547401 ns, Reaching safepoint: 106300 ns, Cleanup: 2600 ns, At safepoint: 11400 ns, Total: 120300 ns
[2025-06-17T23:39:15.832+0300][2596][22412][info ][gc       ] Trigger: Learning 2 of 5. Free (1415M) is below initial threshold (1433M)
[2025-06-17T23:39:15.832+0300][2596][22412][info ][gc       ] GC(1) Concurrent reset 0.669ms
[2025-06-17T23:39:15.832+0300][2596][15388][debug][safepoint] Safepoint synchronization initiated using striped semaphore wait barrier. (21 threads)
[2025-06-17T23:39:15.832+0300][2596][15960][debug][safepoint] ... found polling page loop exception at pc = 0x000001803e058607, stub =0x000001803da56300
[2025-06-17T23:39:15.832+0300][2596][22104][debug][safepoint] ... found polling page loop exception at pc = 0x000001803e06abce, stub =0x000001803da56300
[2025-06-17T23:39:15.832+0300][2596][16332][debug][safepoint] ... found polling page loop exception at pc = 0x000001803e0a7314, stub =0x000001803da56300
[2025-06-17T23:39:15.832+0300][2596][13048][debug][safepoint] ... found polling page loop exception at pc = 0x000001803e058607, stub =0x000001803da56300
[2025-06-17T23:39:15.832+0300][2596][15388][info ][gc       ] GC(1) Pause Init Mark (unload classes) 0.029ms
[2025-06-17T23:39:15.832+0300][2596][15388][info ][safepoint] Safepoint "ShenandoahInitMark", Time since last: 315591300 ns, Reaching safepoint: 251100 ns, Cleanup: 67700 ns, At safepoint: 159700 ns, Total: 478500 ns
[2025-06-17T23:39:15.832+0300][2596][22412][info ][gc       ] GC(1) Concurrent marking roots 0.317ms
[2025-06-17T23:39:15.836+0300][2596][13048][debug][safepoint] ... found polling page loop exception at pc = 0x000001803e0556ec, stub =0x000001803da55a80
[2025-06-17T23:39:15.836+0300][2596][15960][debug][safepoint] ... found polling page loop exception at pc = 0x000001803e0584a0, stub =0x000001803da56300
[2025-06-17T23:39:15.836+0300][2596][14224][debug][safepoint] ... found polling page loop exception at pc = 0x000001803e058607, stub =0x000001803da56300
[2025-06-17T23:39:15.836+0300][2596][22104][debug][safepoint] ... found polling page loop exception at pc = 0x000001803e05a45d, stub =0x000001803da56300
[2025-06-17T23:39:15.848+0300][2596][13048][debug][safepoint] ... found polling page loop exception at pc = 0x000001803e07ec94, stub =0x000001803da56300
[2025-06-17T23:39:15.848+0300][2596][22104][debug][safepoint] ... found polling page loop exception at pc = 0x000001803e092475, stub =0x000001803da55a80
[2025-06-17T23:39:15.848+0300][2596][3228 ][debug][safepoint] ... found polling page loop exception at pc = 0x000001803e0556ec, stub =0x000001803da55a80
[2025-06-17T23:39:15.863+0300][2596][14224][debug][safepoint] ... found polling page loop exception at pc = 0x000001803e0556ec, stub =0x000001803da55a80
[2025-06-17T23:39:15.863+0300][2596][5472 ][debug][safepoint] ... found polling page loop exception at pc = 0x000001803e0556ec, stub =0x000001803da55a80
[2025-06-17T23:39:15.863+0300][2596][22412][info ][gc       ] GC(1) Concurrent marking (unload classes) 30.881ms
[2025-06-17T23:39:15.863+0300][2596][15388][debug][safepoint] Safepoint synchronization initiated using striped semaphore wait barrier. (21 threads)
[2025-06-17T23:39:15.863+0300][2596][5472 ][debug][safepoint] ... found polling page loop exception at pc = 0x000001803e0556ec, stub =0x000001803da55a80
[2025-06-17T23:39:15.863+0300][2596][15388][info ][gc       ] GC(1) Pause Final Mark (unload classes) 0.130ms
[2025-06-17T23:39:15.863+0300][2596][15388][info ][safepoint] Safepoint "ShenandoahFinalMarkStartEvac", Time since last: 31324799 ns, Reaching safepoint: 83501 ns, Cleanup: 10199 ns, At safepoint: 172000 ns, Total: 265700 ns
[2025-06-17T23:39:15.863+0300][2596][22412][info ][gc       ] GC(1) Concurrent thread roots 0.266ms
[2025-06-17T23:39:15.863+0300][2596][22412][info ][gc       ] GC(1) Concurrent weak references 0.119ms
[2025-06-17T23:39:15.865+0300][2596][15960][debug][safepoint] ... found polling page loop exception at pc = 0x000001803e0556ec, stub =0x000001803da55a80
[2025-06-17T23:39:15.879+0300][2596][22412][info ][gc       ] GC(1) Concurrent weak roots 13.931ms
[2025-06-17T23:39:15.879+0300][2596][22412][info ][gc       ] GC(1) Concurrent cleanup 596M->207M(2048M) 0.059ms
[2025-06-17T23:39:15.879+0300][2596][22412][debug][gc,phases] GC(1) ClassLoaderData 0.423ms
[2025-06-17T23:39:15.879+0300][2596][22412][debug][gc,phases] GC(1) Trigger cleanups 0.006ms
[2025-06-17T23:39:15.883+0300][2596][14224][debug][safepoint] ... found polling page loop exception at pc = 0x000001803e06abce, stub =0x000001803da56300
[2025-06-17T23:39:15.883+0300][2596][15960][debug][safepoint] ... found polling page loop exception at pc = 0x000001803e0556ec, stub =0x000001803da55a80
[2025-06-17T23:39:15.883+0300][2596][13048][debug][safepoint] ... found polling page loop exception at pc = 0x000001803e0556ec, stub =0x000001803da55a80
[2025-06-17T23:39:15.883+0300][2596][16332][debug][safepoint] ... found polling page loop exception at pc = 0x000001803e0556ec, stub =0x000001803da55a80
[2025-06-17T23:39:15.910+0300][2596][5472 ][debug][safepoint] ... found polling page loop exception at pc = 0x000001803e0a3218, stub =0x000001803da56300
[2025-06-17T23:39:15.927+0300][2596][22412][info ][gc       ] GC(1) Concurrent class unloading 48.899ms
[2025-06-17T23:39:15.927+0300][2596][15388][debug][safepoint] Safepoint synchronization initiated using striped semaphore wait barrier. (21 threads)
[2025-06-17T23:39:15.927+0300][2596][14224][debug][safepoint] ... found polling page loop exception at pc = 0x000001803e0556ec, stub =0x000001803da55a80
[2025-06-17T23:39:15.927+0300][2596][15960][debug][safepoint] ... found polling page loop exception at pc = 0x000001803e058607, stub =0x000001803da56300
[2025-06-17T23:39:15.927+0300][2596][16332][debug][safepoint] ... found polling page loop exception at pc = 0x000001803e0556ec, stub =0x000001803da55a80
[2025-06-17T23:39:15.927+0300][2596][22104][debug][safepoint] ... found polling page loop exception at pc = 0x000001803e0556ec, stub =0x000001803da55a80
[2025-06-17T23:39:15.927+0300][2596][22412][info ][gc       ] GC(1) Concurrent strong roots 0.382ms
[2025-06-17T23:39:15.929+0300][2596][15388][info ][safepoint] Safepoint "CleanClassLoaderDataMetaspaces", Time since last: 63484700 ns, Reaching safepoint: 706401 ns, Cleanup: 66300 ns, At safepoint: 128799 ns, Total: 901500 ns
[2025-06-17T23:39:15.929+0300][2596][22412][info ][gc       ] GC(1) Concurrent evacuation 2.057ms
[2025-06-17T23:39:15.929+0300][2596][15388][debug][safepoint] Safepoint synchronization initiated using striped semaphore wait barrier. (21 threads)
[2025-06-17T23:39:15.929+0300][2596][16332][debug][safepoint] ... found polling page loop exception at pc = 0x000001803e0556ec, stub =0x000001803da55a80
[2025-06-17T23:39:15.929+0300][2596][3228 ][debug][safepoint] ... found polling page loop exception at pc = 0x0000018036943a12, stub =0x000001803da56300
[2025-06-17T23:39:15.929+0300][2596][15388][info ][gc       ] GC(1) Pause Init Update Refs 0.018ms
[2025-06-17T23:39:15.929+0300][2596][15388][info ][safepoint] Safepoint "ShenandoahInitUpdateRefs", Time since last: 1722501 ns, Reaching safepoint: 103800 ns, Cleanup: 4800 ns, At safepoint: 51500 ns, Total: 160100 ns
[2025-06-17T23:39:15.939+0300][2596][22412][info ][gc       ] GC(1) Concurrent update references 8.369ms
[2025-06-17T23:39:15.939+0300][2596][15960][debug][safepoint] ... found polling page loop exception at pc = 0x000001803692aee3, stub =0x000001803da56300
[2025-06-17T23:39:15.939+0300][2596][14224][debug][safepoint] ... found polling page loop exception at pc = 0x000001803e0556ec, stub =0x000001803da55a80
[2025-06-17T23:39:15.939+0300][2596][13048][debug][safepoint] ... found polling page loop exception at pc = 0x000001803e0556ec, stub =0x000001803da55a80
[2025-06-17T23:39:15.939+0300][2596][19892][debug][safepoint] ... found polling page loop exception at pc = 0x000001803e0556ec, stub =0x000001803da55a80
[2025-06-17T23:39:15.939+0300][2596][22104][debug][safepoint] ... found polling page loop exception at pc = 0x000001803e0556ec, stub =0x000001803da55a80
[2025-06-17T23:39:15.974+0300][2596][22412][info ][gc       ] GC(1) Concurrent update thread roots 36.193ms
[2025-06-17T23:39:15.976+0300][2596][15388][debug][safepoint] Safepoint synchronization initiated using striped semaphore wait barrier. (21 threads)
[2025-06-17T23:39:15.978+0300][2596][16332][debug][safepoint] ... found polling page loop exception at pc = 0x000001803e06abce, stub =0x000001803da56300
[2025-06-17T23:39:15.980+0300][2596][19892][debug][safepoint] ... found polling page loop exception at pc = 0x000001803e0556ec, stub =0x000001803da55a80
[2025-06-17T23:39:15.990+0300][2596][15388][info ][gc       ] GC(1) Pause Final Update Refs 0.057ms
[2025-06-17T23:39:15.990+0300][2596][15388][info ][safepoint] Safepoint "ShenandoahFinalUpdateRefs", Time since last: 45054900 ns, Reaching safepoint: 13835700 ns, Cleanup: 42500 ns, At safepoint: 125500 ns, Total: 14003700 ns
[2025-06-17T23:39:15.990+0300][2596][22412][info ][gc       ] GC(1) Concurrent cleanup 325M->195M(2048M) 0.027ms
[2025-06-17T23:39:16.164+0300][2596][22412][info ][gc       ] Trigger: Learning 3 of 5. Free (1405M) is below initial threshold (1433M)
[2025-06-17T23:39:16.164+0300][2596][22412][info ][gc       ] GC(2) Concurrent reset 0.659ms
[2025-06-17T23:39:16.164+0300][2596][15388][debug][safepoint] Safepoint synchronization initiated using striped semaphore wait barrier. (21 threads)
[2025-06-17T23:39:16.164+0300][2596][16332][debug][safepoint] ... found polling page loop exception at pc = 0x000001803e0556ec, stub =0x000001803da55a80
[2025-06-17T23:39:16.164+0300][2596][15960][debug][safepoint] ... found polling page loop exception at pc = 0x000001803e0556ec, stub =0x000001803da55a80
[2025-06-17T23:39:16.164+0300][2596][3228 ][debug][safepoint] ... found polling page loop exception at pc = 0x000001803e0556ec, stub =0x000001803da55a80
[2025-06-17T23:39:16.164+0300][2596][22104][debug][safepoint] ... found polling page loop exception at pc = 0x000001803e0584a0, stub =0x000001803da56300
[2025-06-17T23:39:16.164+0300][2596][15388][info ][gc       ] GC(2) Pause Init Mark (unload classes) 0.038ms
[2025-06-17T23:39:16.164+0300][2596][15388][info ][safepoint] Safepoint "ShenandoahInitMark", Time since last: 174474000 ns, Reaching safepoint: 263099 ns, Cleanup: 13301 ns, At safepoint: 83400 ns, Total: 359800 ns
[2025-06-17T23:39:16.164+0300][2596][22412][info ][gc       ] GC(2) Concurrent marking roots 0.177ms
[2025-06-17T23:39:16.168+0300][2596][5472 ][debug][safepoint] ... found polling page loop exception at pc = 0x000001803e0556ec, stub =0x000001803da55a80
[2025-06-17T23:39:16.168+0300][2596][14224][debug][safepoint] ... found polling page loop exception at pc = 0x000001803e0556ec, stub =0x000001803da55a80
[2025-06-17T23:39:16.179+0300][2596][16332][debug][safepoint] ... found polling page loop exception at pc = 0x000001803e0556ec, stub =0x000001803da55a80
[2025-06-17T23:39:16.179+0300][2596][13048][debug][safepoint] ... found polling page loop exception at pc = 0x000001803e0e8a02, stub =0x000001803da55a80
[2025-06-17T23:39:16.179+0300][2596][19892][debug][safepoint] ... found polling page loop exception at pc = 0x000001803e0556ec, stub =0x000001803da55a80
[2025-06-17T23:39:16.181+0300][2596][16332][debug][safepoint] ... found polling page loop exception at pc = 0x000001803e0556ec, stub =0x000001803da55a80
[2025-06-17T23:39:16.181+0300][2596][3228 ][debug][safepoint] ... found polling page loop exception at pc = 0x000001803e0556ec, stub =0x000001803da55a80
[2025-06-17T23:39:16.181+0300][2596][13048][debug][safepoint] ... found polling page loop exception at pc = 0x000001803e0a3218, stub =0x000001803da56300
[2025-06-17T23:39:16.211+0300][2596][22412][info ][gc       ] GC(2) Concurrent marking (unload classes) 45.892ms
[2025-06-17T23:39:16.211+0300][2596][15388][debug][safepoint] Safepoint synchronization initiated using striped semaphore wait barrier. (21 threads)
[2025-06-17T23:39:16.211+0300][2596][3228 ][debug][safepoint] ... found polling page loop exception at pc = 0x000001803e0556ec, stub =0x000001803da55a80
[2025-06-17T23:39:16.211+0300][2596][16332][debug][safepoint] ... found polling page loop exception at pc = 0x000001803e092475, stub =0x000001803da55a80
[2025-06-17T23:39:16.211+0300][2596][15388][info ][gc       ] GC(2) Pause Final Mark (unload classes) 0.135ms
[2025-06-17T23:39:16.211+0300][2596][15388][info ][safepoint] Safepoint "ShenandoahFinalMarkStartEvac", Time since last: 46215900 ns, Reaching safepoint: 208899 ns, Cleanup: 9401 ns, At safepoint: 188000 ns, Total: 406300 ns
[2025-06-17T23:39:16.211+0300][2596][22412][info ][gc       ] GC(2) Concurrent thread roots 0.164ms
[2025-06-17T23:39:16.211+0300][2596][22412][info ][gc       ] GC(2) Concurrent weak references 0.049ms
[2025-06-17T23:39:16.211+0300][2596][19892][debug][safepoint] ... found polling page loop exception at pc = 0x000001803e05a45d, stub =0x000001803da56300
[2025-06-17T23:39:16.227+0300][2596][22412][info ][gc       ] GC(2) Concurrent weak roots 15.046ms
[2025-06-17T23:39:16.227+0300][2596][22412][info ][gc       ] GC(2) Concurrent cleanup 647M->205M(2048M) 0.050ms
[2025-06-17T23:39:16.227+0300][2596][22412][debug][gc,phases] GC(2) ClassLoaderData 0.019ms
[2025-06-17T23:39:16.227+0300][2596][22412][debug][gc,phases] GC(2) Trigger cleanups 0.000ms
[2025-06-17T23:39:16.227+0300][2596][14224][debug][safepoint] ... found polling page loop exception at pc = 0x000001803e091e2a, stub =0x000001803da55a80
[2025-06-17T23:39:16.233+0300][2596][5472 ][debug][safepoint] ... found polling page loop exception at pc = 0x000001803e0556ec, stub =0x000001803da55a80
[2025-06-17T23:39:16.239+0300][2596][13048][debug][safepoint] ... found polling page loop exception at pc = 0x000001803e0706fb, stub =0x000001803da56300
[2025-06-17T23:39:16.243+0300][2596][22412][info ][gc       ] GC(2) Concurrent class unloading 15.953ms
[2025-06-17T23:39:16.243+0300][2596][22412][info ][gc       ] GC(2) Concurrent strong roots 0.223ms
[2025-06-17T23:39:16.243+0300][2596][22412][info ][gc       ] GC(2) Concurrent evacuation 1.293ms
[2025-06-17T23:39:16.245+0300][2596][15388][debug][safepoint] Safepoint synchronization initiated using striped semaphore wait barrier. (21 threads)
[2025-06-17T23:39:16.245+0300][2596][13048][debug][safepoint] ... found polling page loop exception at pc = 0x000001803e0706fb, stub =0x000001803da56300
[2025-06-17T23:39:16.245+0300][2596][3228 ][debug][safepoint] ... found polling page loop exception at pc = 0x000001803e055b5c, stub =0x000001803da55a80
[2025-06-17T23:39:16.245+0300][2596][19892][debug][safepoint] ... found polling page loop exception at pc = 0x000001803e0556ec, stub =0x000001803da55a80
[2025-06-17T23:39:16.245+0300][2596][14224][debug][safepoint] ... found polling page loop exception at pc = 0x000001803e0556ec, stub =0x000001803da55a80
[2025-06-17T23:39:16.245+0300][2596][16332][debug][safepoint] ... found polling page loop exception at pc = 0x000001803e0556ec, stub =0x000001803da55a80
[2025-06-17T23:39:16.245+0300][2596][15388][info ][gc       ] GC(2) Pause Init Update Refs 0.011ms
[2025-06-17T23:39:16.245+0300][2596][15388][info ][safepoint] Safepoint "ShenandoahInitUpdateRefs", Time since last: 33120100 ns, Reaching safepoint: 769100 ns, Cleanup: 14299 ns, At safepoint: 52500 ns, Total: 835899 ns
[2025-06-17T23:39:16.258+0300][2596][22412][info ][gc       ] GC(2) Concurrent update references 14.699ms
[2025-06-17T23:39:16.258+0300][2596][16332][debug][safepoint] ... found polling page loop exception at pc = 0x000001803e0556ec, stub =0x000001803da55a80
[2025-06-17T23:39:16.290+0300][2596][22412][info ][gc       ] GC(2) Concurrent update thread roots 29.588ms
[2025-06-17T23:39:16.290+0300][2596][15388][debug][safepoint] Safepoint synchronization initiated using striped semaphore wait barrier. (21 threads)
[2025-06-17T23:39:16.290+0300][2596][22104][debug][safepoint] ... found polling page loop exception at pc = 0x000001803e05bce7, stub =0x000001803da56300
[2025-06-17T23:39:16.290+0300][2596][19892][debug][safepoint] ... found polling page loop exception at pc = 0x000001803e06abce, stub =0x000001803da56300
[2025-06-17T23:39:16.290+0300][2596][15388][info ][gc       ] GC(2) Pause Final Update Refs 0.079ms
[2025-06-17T23:39:16.290+0300][2596][15388][info ][safepoint] Safepoint "ShenandoahFinalUpdateRefs", Time since last: 44464101 ns, Reaching safepoint: 126000 ns, Cleanup: 18600 ns, At safepoint: 133200 ns, Total: 277800 ns
[2025-06-17T23:39:16.290+0300][2596][22412][info ][gc       ] GC(2) Concurrent cleanup 303M->216M(2048M) 0.025ms
[2025-06-17T23:39:16.457+0300][2596][22412][info ][gc       ] Trigger: Learning 4 of 5. Free (1407M) is below initial threshold (1433M)
[2025-06-17T23:39:16.457+0300][2596][22412][info ][gc       ] GC(3) Concurrent reset 0.433ms
[2025-06-17T23:39:16.457+0300][2596][15388][debug][safepoint] Safepoint synchronization initiated using striped semaphore wait barrier. (21 threads)
[2025-06-17T23:39:16.457+0300][2596][5472 ][debug][safepoint] ... found polling page loop exception at pc = 0x000001803e0556ec, stub =0x000001803da55a80
[2025-06-17T23:39:16.457+0300][2596][15960][debug][safepoint] ... found polling page loop exception at pc = 0x000001803e0556ec, stub =0x000001803da55a80
[2025-06-17T23:39:16.457+0300][2596][14224][debug][safepoint] ... found polling page loop exception at pc = 0x000001803e0e432a, stub =0x000001803da56300
[2025-06-17T23:39:16.457+0300][2596][15388][info ][gc       ] GC(3) Pause Init Mark (unload classes) 0.032ms
[2025-06-17T23:39:16.457+0300][2596][15388][info ][safepoint] Safepoint "ShenandoahInitMark", Time since last: 167045000 ns, Reaching safepoint: 538300 ns, Cleanup: 16300 ns, At safepoint: 112300 ns, Total: 666900 ns
[2025-06-17T23:39:16.457+0300][2596][22412][info ][gc       ] GC(3) Concurrent marking roots 0.181ms
[2025-06-17T23:39:16.461+0300][2596][22104][debug][safepoint] ... found polling page loop exception at pc = 0x000001803e05a45d, stub =0x000001803da56300
[2025-06-17T23:39:16.488+0300][2596][14224][debug][safepoint] ... found polling page loop exception at pc = 0x000001803e0556ec, stub =0x000001803da55a80
[2025-06-17T23:39:16.488+0300][2596][15960][debug][safepoint] ... found polling page loop exception at pc = 0x000001803e0556ec, stub =0x000001803da55a80
[2025-06-17T23:39:16.488+0300][2596][16332][debug][safepoint] ... found polling page loop exception at pc = 0x000001803e0556ec, stub =0x000001803da55a80
[2025-06-17T23:39:16.488+0300][2596][5472 ][debug][safepoint] ... found polling page loop exception at pc = 0x000001803e092475, stub =0x000001803da55a80
[2025-06-17T23:39:16.504+0300][2596][5472 ][debug][safepoint] ... found polling page loop exception at pc = 0x000001803e0ea8fc, stub =0x000001803da56300
[2025-06-17T23:39:16.504+0300][2596][3228 ][debug][safepoint] ... found polling page loop exception at pc = 0x000001803e058607, stub =0x000001803da56300
[2025-06-17T23:39:16.520+0300][2596][22412][info ][gc       ] GC(3) Concurrent marking (unload classes) 61.713ms
[2025-06-17T23:39:16.520+0300][2596][15388][debug][safepoint] Safepoint synchronization initiated using striped semaphore wait barrier. (21 threads)
[2025-06-17T23:39:16.520+0300][2596][19892][debug][safepoint] ... found polling page loop exception at pc = 0x000001803e0556ec, stub =0x000001803da55a80
[2025-06-17T23:39:16.520+0300][2596][15960][debug][safepoint] ... found polling page loop exception at pc = 0x000001803e0556ec, stub =0x000001803da55a80
[2025-06-17T23:39:16.520+0300][2596][3228 ][debug][safepoint] ... found polling page loop exception at pc = 0x000001803e06abce, stub =0x000001803da56300
[2025-06-17T23:39:16.520+0300][2596][14224][debug][safepoint] ... found polling page loop exception at pc = 0x000001803e0556ec, stub =0x000001803da55a80
[2025-06-17T23:39:16.520+0300][2596][15388][info ][gc       ] GC(3) Pause Final Mark (unload classes) 0.171ms
[2025-06-17T23:39:16.520+0300][2596][15388][info ][safepoint] Safepoint "ShenandoahFinalMarkStartEvac", Time since last: 62038800 ns, Reaching safepoint: 260800 ns, Cleanup: 12000 ns, At safepoint: 229699 ns, Total: 502499 ns
[2025-06-17T23:39:16.522+0300][2596][22412][info ][gc       ] GC(3) Concurrent thread roots 1.393ms
[2025-06-17T23:39:16.522+0300][2596][22412][info ][gc       ] GC(3) Concurrent weak references 0.069ms
[2025-06-17T23:39:16.522+0300][2596][19892][debug][safepoint] ... found polling page loop exception at pc = 0x000001803e0e432a, stub =0x000001803da56300
[2025-06-17T23:39:16.522+0300][2596][13048][debug][safepoint] ... found polling page loop exception at pc = 0x000001803e0556ec, stub =0x000001803da55a80
[2025-06-17T23:39:16.551+0300][2596][22412][info ][gc       ] GC(3) Concurrent weak roots 29.446ms
[2025-06-17T23:39:16.551+0300][2596][22412][info ][gc       ] GC(3) Concurrent cleanup 706M->254M(2048M) 0.058ms
[2025-06-17T23:39:16.551+0300][2596][22412][debug][gc,phases] GC(3) ClassLoaderData 0.029ms
[2025-06-17T23:39:16.551+0300][2596][22412][debug][gc,phases] GC(3) Trigger cleanups 0.000ms
[2025-06-17T23:39:16.551+0300][2596][15960][debug][safepoint] ... found polling page loop exception at pc = 0x000001803e0556ec, stub =0x000001803da55a80
[2025-06-17T23:39:16.551+0300][2596][14224][debug][safepoint] ... found polling page loop exception at pc = 0x000001803e0556ec, stub =0x000001803da55a80
[2025-06-17T23:39:16.551+0300][2596][16332][debug][safepoint] ... found polling page loop exception at pc = 0x000001803e0f59c2, stub =0x000001803da55a80
[2025-06-17T23:39:16.553+0300][2596][5472 ][debug][safepoint] ... found polling page loop exception at pc = 0x000001803e0556ec, stub =0x000001803da55a80
[2025-06-17T23:39:16.566+0300][2596][22104][debug][safepoint] ... found polling page loop exception at pc = 0x000001803e05bce7, stub =0x000001803da56300
[2025-06-17T23:39:16.599+0300][2596][22412][info ][gc       ] GC(3) Concurrent class unloading 47.325ms
[2025-06-17T23:39:16.599+0300][2596][22412][info ][gc       ] GC(3) Concurrent strong roots 0.212ms
[2025-06-17T23:39:16.599+0300][2596][22412][info ][gc       ] GC(3) Concurrent evacuation 0.936ms
[2025-06-17T23:39:16.599+0300][2596][15388][debug][safepoint] Safepoint synchronization initiated using striped semaphore wait barrier. (21 threads)
[2025-06-17T23:39:16.599+0300][2596][3228 ][debug][safepoint] ... found polling page loop exception at pc = 0x000001803e092475, stub =0x000001803da55a80
[2025-06-17T23:39:16.599+0300][2596][16332][debug][safepoint] ... found polling page loop exception at pc = 0x000001803e0547fb, stub =0x000001803da55a80
[2025-06-17T23:39:16.599+0300][2596][13048][debug][safepoint] ... found polling page loop exception at pc = 0x000001803e0556ec, stub =0x000001803da55a80
[2025-06-17T23:39:16.599+0300][2596][19892][debug][safepoint] ... found polling page loop exception at pc = 0x000001803e092475, stub =0x000001803da55a80
[2025-06-17T23:39:16.599+0300][2596][15388][info ][gc       ] GC(3) Pause Init Update Refs 0.011ms
[2025-06-17T23:39:16.599+0300][2596][15388][info ][safepoint] Safepoint "ShenandoahInitUpdateRefs", Time since last: 79819501 ns, Reaching safepoint: 240500 ns, Cleanup: 16700 ns, At safepoint: 58900 ns, Total: 316100 ns
[2025-06-17T23:39:16.619+0300][2596][22412][info ][gc       ] GC(3) Concurrent update references 19.049ms
[2025-06-17T23:39:16.619+0300][2596][19892][debug][safepoint] ... found polling page loop exception at pc = 0x000001803e058607, stub =0x000001803da56300
[2025-06-17T23:39:16.619+0300][2596][15960][debug][safepoint] ... found polling page loop exception at pc = 0x000001803e0556ec, stub =0x000001803da55a80
[2025-06-17T23:39:16.619+0300][2596][3228 ][debug][safepoint] ... found polling page loop exception at pc = 0x000001803e0556ec, stub =0x000001803da55a80
[2025-06-17T23:39:16.619+0300][2596][5472 ][debug][safepoint] ... found polling page loop exception at pc = 0x000001803e0556ec, stub =0x000001803da55a80
[2025-06-17T23:39:16.627+0300][2596][14224][debug][safepoint] ... found polling page loop exception at pc = 0x000001803e0bc782, stub =0x000001803da56300
[2025-06-17T23:39:16.638+0300][2596][16332][debug][safepoint] ... found polling page loop exception at pc = 0x000001803e0556ec, stub =0x000001803da55a80
[2025-06-17T23:39:16.654+0300][2596][22104][debug][safepoint] ... found polling page loop exception at pc = 0x000001803e0556ec, stub =0x000001803da55a80
[2025-06-17T23:39:16.662+0300][2596][22412][info ][gc       ] GC(3) Concurrent update thread roots 42.231ms
[2025-06-17T23:39:16.662+0300][2596][15388][debug][safepoint] Safepoint synchronization initiated using striped semaphore wait barrier. (21 threads)
[2025-06-17T23:39:16.662+0300][2596][16332][debug][safepoint] ... found polling page loop exception at pc = 0x000001803e0556ec, stub =0x000001803da55a80
[2025-06-17T23:39:16.662+0300][2596][15960][debug][safepoint] ... found polling page loop exception at pc = 0x000001803e0556ec, stub =0x000001803da55a80
[2025-06-17T23:39:16.662+0300][2596][13048][debug][safepoint] ... found polling page loop exception at pc = 0x000001803e0556ec, stub =0x000001803da55a80
[2025-06-17T23:39:16.662+0300][2596][5472 ][debug][safepoint] ... found polling page loop exception at pc = 0x000001803e0556ec, stub =0x000001803da55a80
[2025-06-17T23:39:16.662+0300][2596][15388][info ][gc       ] GC(3) Pause Final Update Refs 0.053ms
[2025-06-17T23:39:16.662+0300][2596][15388][info ][safepoint] Safepoint "ShenandoahFinalUpdateRefs", Time since last: 61450300 ns, Reaching safepoint: 577300 ns, Cleanup: 5600 ns, At safepoint: 107500 ns, Total: 690400 ns
[2025-06-17T23:39:16.662+0300][2596][22412][info ][gc       ] GC(3) Concurrent cleanup 428M->353M(2048M) 0.027ms
[2025-06-17T23:39:16.741+0300][2596][22412][info ][gc       ] Trigger: Learning 5 of 5. Free (1432M) is below initial threshold (1433M)
[2025-06-17T23:39:16.741+0300][2596][22412][info ][gc       ] GC(4) Concurrent reset 0.438ms
[2025-06-17T23:39:16.741+0300][2596][15388][debug][safepoint] Safepoint synchronization initiated using striped semaphore wait barrier. (21 threads)
[2025-06-17T23:39:16.741+0300][2596][22104][debug][safepoint] ... found polling page loop exception at pc = 0x000001803e0556ec, stub =0x000001803da55a80
[2025-06-17T23:39:16.741+0300][2596][13048][debug][safepoint] ... found polling page loop exception at pc = 0x000001803e0556ec, stub =0x000001803da55a80
[2025-06-17T23:39:16.741+0300][2596][14224][debug][safepoint] ... found polling page loop exception at pc = 0x000001803e0d4f4d, stub =0x000001803da56300
[2025-06-17T23:39:16.741+0300][2596][16332][debug][safepoint] ... found polling page loop exception at pc = 0x000001803e0556ec, stub =0x000001803da55a80
[2025-06-17T23:39:16.741+0300][2596][15960][debug][safepoint] ... found polling page loop exception at pc = 0x000001803e0556ec, stub =0x000001803da55a80
[2025-06-17T23:39:16.741+0300][2596][5472 ][debug][safepoint] ... found polling page loop exception at pc = 0x000001803e0556ec, stub =0x000001803da55a80
[2025-06-17T23:39:16.741+0300][2596][15388][info ][gc       ] GC(4) Pause Init Mark (unload classes) 0.031ms
[2025-06-17T23:39:16.741+0300][2596][15388][info ][safepoint] Safepoint "ShenandoahInitMark", Time since last: 78789700 ns, Reaching safepoint: 334599 ns, Cleanup: 12301 ns, At safepoint: 81399 ns, Total: 428299 ns
[2025-06-17T23:39:16.741+0300][2596][22412][info ][gc       ] GC(4) Concurrent marking roots 0.180ms
[2025-06-17T23:39:16.744+0300][2596][14224][debug][safepoint] ... found polling page loop exception at pc = 0x000001803e09dd90, stub =0x000001803da56300
[2025-06-17T23:39:16.744+0300][2596][16332][debug][safepoint] ... found polling page loop exception at pc = 0x000001803e0766b0, stub =0x000001803da56300
[2025-06-17T23:39:16.744+0300][2596][22104][debug][safepoint] ... found polling page loop exception at pc = 0x000001803e0556ec, stub =0x000001803da55a80
[2025-06-17T23:39:16.744+0300][2596][13048][debug][safepoint] ... found polling page loop exception at pc = 0x000001803e0556ec, stub =0x000001803da55a80
[2025-06-17T23:39:16.757+0300][2596][19892][debug][safepoint] ... found polling page loop exception at pc = 0x000001803e0c6885, stub =0x000001803da56300
[2025-06-17T23:39:16.757+0300][2596][15960][debug][safepoint] ... found polling page loop exception at pc = 0x000001803e0584a0, stub =0x000001803da56300
[2025-06-17T23:39:16.757+0300][2596][16332][debug][safepoint] ... found polling page loop exception at pc = 0x000001803e0556ec, stub =0x000001803da55a80
[2025-06-17T23:39:16.757+0300][2596][14224][debug][safepoint] ... found polling page loop exception at pc = 0x000001803e0556ec, stub =0x000001803da55a80
[2025-06-17T23:39:16.757+0300][2596][13048][debug][safepoint] ... found polling page loop exception at pc = 0x000001803e0556ec, stub =0x000001803da55a80
[2025-06-17T23:39:16.788+0300][2596][22412][info ][gc       ] GC(4) Concurrent marking (unload classes) 46.166ms
[2025-06-17T23:39:16.788+0300][2596][15388][debug][safepoint] Safepoint synchronization initiated using striped semaphore wait barrier. (21 threads)
[2025-06-17T23:39:16.788+0300][2596][22104][debug][safepoint] ... found polling page loop exception at pc = 0x000001803e0556ec, stub =0x000001803da55a80
[2025-06-17T23:39:16.788+0300][2596][13048][debug][safepoint] ... found polling page loop exception at pc = 0x000001803e0556ec, stub =0x000001803da55a80
[2025-06-17T23:39:16.788+0300][2596][14224][debug][safepoint] ... found polling page loop exception at pc = 0x000001803e06ae9a, stub =0x000001803da56300
[2025-06-17T23:39:16.788+0300][2596][19892][debug][safepoint] ... found polling page loop exception at pc = 0x000001803e0556ec, stub =0x000001803da55a80
[2025-06-17T23:39:16.788+0300][2596][15388][info ][gc       ] GC(4) Pause Final Mark (unload classes) 0.426ms
[2025-06-17T23:39:16.788+0300][2596][15388][info ][safepoint] Safepoint "ShenandoahFinalMarkStartEvac", Time since last: 46475001 ns, Reaching safepoint: 214700 ns, Cleanup: 14000 ns, At safepoint: 517599 ns, Total: 746299 ns
[2025-06-17T23:39:16.788+0300][2596][22412][info ][gc       ] GC(4) Concurrent thread roots 0.199ms
[2025-06-17T23:39:16.788+0300][2596][22412][info ][gc       ] GC(4) Concurrent weak references 0.073ms
[2025-06-17T23:39:16.790+0300][2596][19892][debug][safepoint] ... found polling page loop exception at pc = 0x000001803e0c5b3c, stub =0x000001803da56300
[2025-06-17T23:39:16.790+0300][2596][22104][debug][safepoint] ... found polling page loop exception at pc = 0x000001803e0556ec, stub =0x000001803da55a80
[2025-06-17T23:39:16.790+0300][2596][14224][debug][safepoint] ... found polling page loop exception at pc = 0x000001803e0556ec, stub =0x000001803da55a80
[2025-06-17T23:39:16.790+0300][2596][5472 ][debug][safepoint] ... found polling page loop exception at pc = 0x000001803e0556ec, stub =0x000001803da55a80
[2025-06-17T23:39:16.804+0300][2596][22412][info ][gc       ] GC(4) Concurrent weak roots 14.602ms
[2025-06-17T23:39:16.804+0300][2596][22412][info ][gc       ] GC(4) Concurrent cleanup 630M->199M(2048M) 0.047ms
[2025-06-17T23:39:16.804+0300][2596][22412][debug][gc,phases] GC(4) ClassLoaderData 0.017ms
[2025-06-17T23:39:16.804+0300][2596][22412][debug][gc,phases] GC(4) Trigger cleanups 0.000ms
[2025-06-17T23:39:16.804+0300][2596][15960][debug][safepoint] ... found polling page loop exception at pc = 0x000001803e0556ec, stub =0x000001803da55a80
[2025-06-17T23:39:16.804+0300][2596][5472 ][debug][safepoint] ... found polling page loop exception at pc = 0x000001803e0556ec, stub =0x000001803da55a80
[2025-06-17T23:39:16.804+0300][2596][14224][debug][safepoint] ... found polling page loop exception at pc = 0x000001803e05a45d, stub =0x000001803da56300
[2025-06-17T23:39:16.804+0300][2596][13048][debug][safepoint] ... found polling page loop exception at pc = 0x000001803e05a45d, stub =0x000001803da56300
[2025-06-17T23:39:16.820+0300][2596][22412][info ][gc       ] GC(4) Concurrent class unloading 15.843ms
[2025-06-17T23:39:16.820+0300][2596][22412][info ][gc       ] GC(4) Concurrent strong roots 0.198ms
[2025-06-17T23:39:16.820+0300][2596][22412][info ][gc       ] GC(4) Concurrent evacuation 1.015ms
[2025-06-17T23:39:16.820+0300][2596][15388][debug][safepoint] Safepoint synchronization initiated using striped semaphore wait barrier. (21 threads)
[2025-06-17T23:39:16.820+0300][2596][13048][debug][safepoint] ... found polling page loop exception at pc = 0x000001803e058607, stub =0x000001803da56300
[2025-06-17T23:39:16.820+0300][2596][16332][debug][safepoint] ... found polling page loop exception at pc = 0x000001803e0a3218, stub =0x000001803da56300
[2025-06-17T23:39:16.820+0300][2596][5472 ][debug][safepoint] ... found polling page loop exception at pc = 0x000001803e0584a0, stub =0x000001803da56300
[2025-06-17T23:39:16.820+0300][2596][14224][debug][safepoint] ... found polling page loop exception at pc = 0x000001803e0556ec, stub =0x000001803da55a80
[2025-06-17T23:39:16.820+0300][2596][19892][debug][safepoint] ... found polling page loop exception at pc = 0x000001803e0556ec, stub =0x000001803da55a80
[2025-06-17T23:39:16.820+0300][2596][15960][debug][safepoint] ... found polling page loop exception at pc = 0x000001803e0556ec, stub =0x000001803da55a80
[2025-06-17T23:39:16.820+0300][2596][22104][debug][safepoint] ... found polling page loop exception at pc = 0x000001803e08181a, stub =0x000001803da55a80
[2025-06-17T23:39:16.820+0300][2596][3228 ][debug][safepoint] ... found polling page loop exception at pc = 0x000001803e0556ec, stub =0x000001803da55a80
[2025-06-17T23:39:16.820+0300][2596][15388][info ][gc       ] GC(4) Pause Init Update Refs 0.010ms
[2025-06-17T23:39:16.820+0300][2596][15388][info ][safepoint] Safepoint "ShenandoahInitUpdateRefs", Time since last: 32343901 ns, Reaching safepoint: 290100 ns, Cleanup: 13499 ns, At safepoint: 48001 ns, Total: 351600 ns
[2025-06-17T23:39:16.836+0300][2596][22412][info ][gc       ] GC(4) Concurrent update references 15.489ms
[2025-06-17T23:39:16.836+0300][2596][3228 ][debug][safepoint] ... found polling page loop exception at pc = 0x000001803e0556ec, stub =0x000001803da55a80
[2025-06-17T23:39:16.836+0300][2596][15960][debug][safepoint] ... found polling page loop exception at pc = 0x000001803e0556ec, stub =0x000001803da55a80
[2025-06-17T23:39:16.838+0300][2596][22104][debug][safepoint] ... found polling page loop exception at pc = 0x000001803e0556ec, stub =0x000001803da55a80
[2025-06-17T23:39:16.850+0300][2596][5472 ][debug][safepoint] ... found polling page loop exception at pc = 0x000001803e0556ec, stub =0x000001803da55a80
[2025-06-17T23:39:16.852+0300][2596][14224][debug][safepoint] ... found polling page loop exception at pc = 0x000001803e0556ec, stub =0x000001803da55a80
[2025-06-17T23:39:16.867+0300][2596][22412][info ][gc       ] GC(4) Concurrent update thread roots 29.857ms
[2025-06-17T23:39:16.867+0300][2596][15388][debug][safepoint] Safepoint synchronization initiated using striped semaphore wait barrier. (21 threads)
[2025-06-17T23:39:16.867+0300][2596][13048][debug][safepoint] ... found polling page loop exception at pc = 0x000001803e0556ec, stub =0x000001803da55a80
[2025-06-17T23:39:16.867+0300][2596][19892][debug][safepoint] ... found polling page loop exception at pc = 0x000001803e06abce, stub =0x000001803da56300
[2025-06-17T23:39:16.867+0300][2596][3228 ][debug][safepoint] ... found polling page loop exception at pc = 0x000001803e0584a0, stub =0x000001803da56300
[2025-06-17T23:39:16.867+0300][2596][22104][debug][safepoint] ... found polling page loop exception at pc = 0x000001803e0bc782, stub =0x000001803da56300
[2025-06-17T23:39:16.867+0300][2596][15388][info ][gc       ] GC(4) Pause Final Update Refs 0.058ms
[2025-06-17T23:39:16.867+0300][2596][15388][info ][safepoint] Safepoint "ShenandoahFinalUpdateRefs", Time since last: 45533100 ns, Reaching safepoint: 246800 ns, Cleanup: 5300 ns, At safepoint: 104399 ns, Total: 356499 ns
[2025-06-17T23:39:16.867+0300][2596][22412][info ][gc       ] GC(4) Concurrent cleanup 309M->238M(2048M) 0.022ms
[2025-06-17T23:39:17.453+0300][2596][22412][info ][gc       ] Trigger: Average GC time (227.07 ms) is above the time for average allocation rate (1991 MB/s) to deplete free headroom (448M) (margin of error = 1.80)
[2025-06-17T23:39:17.453+0300][2596][22412][info ][gc       ] GC(5) Concurrent reset 0.389ms
[2025-06-17T23:39:17.453+0300][2596][15388][debug][safepoint] Safepoint synchronization initiated using striped semaphore wait barrier. (21 threads)
[2025-06-17T23:39:17.453+0300][2596][19892][debug][safepoint] ... found polling page loop exception at pc = 0x000001803e0556ec, stub =0x000001803da55a80
[2025-06-17T23:39:17.453+0300][2596][15960][debug][safepoint] ... found polling page loop exception at pc = 0x000001803e0556ec, stub =0x000001803da55a80
[2025-06-17T23:39:17.453+0300][2596][16332][debug][safepoint] ... found polling page loop exception at pc = 0x000001803e09dd90, stub =0x000001803da56300
[2025-06-17T23:39:17.453+0300][2596][3228 ][debug][safepoint] ... found polling page loop exception at pc = 0x000001803e0556ec, stub =0x000001803da55a80
[2025-06-17T23:39:17.453+0300][2596][13048][debug][safepoint] ... found polling page loop exception at pc = 0x000001803e0706fb, stub =0x000001803da56300
[2025-06-17T23:39:17.453+0300][2596][22104][debug][safepoint] ... found polling page loop exception at pc = 0x000001803e0556ec, stub =0x000001803da55a80
[2025-06-17T23:39:17.453+0300][2596][15388][info ][gc       ] GC(5) Pause Init Mark (unload classes) 0.031ms
[2025-06-17T23:39:17.453+0300][2596][15388][info ][safepoint] Safepoint "ShenandoahInitMark", Time since last: 585415901 ns, Reaching safepoint: 636700 ns, Cleanup: 27299 ns, At safepoint: 79401 ns, Total: 743400 ns
[2025-06-17T23:39:17.453+0300][2596][22412][info ][gc       ] GC(5) Concurrent marking roots 0.150ms
[2025-06-17T23:39:17.457+0300][2596][15960][debug][safepoint] ... found polling page loop exception at pc = 0x000001803e0bc782, stub =0x000001803da56300
[2025-06-17T23:39:17.457+0300][2596][13048][debug][safepoint] ... found polling page loop exception at pc = 0x000001803e0556ec, stub =0x000001803da55a80
[2025-06-17T23:39:17.457+0300][2596][3228 ][debug][safepoint] ... found polling page loop exception at pc = 0x000001803e1753df, stub =0x000001803da56300
[2025-06-17T23:39:17.457+0300][2596][16332][debug][safepoint] ... found polling page loop exception at pc = 0x000001803e0706fb, stub =0x000001803da56300
[2025-06-17T23:39:17.457+0300][2596][22104][debug][safepoint] ... found polling page loop exception at pc = 0x000001803e0d4f4d, stub =0x000001803da56300
[2025-06-17T23:39:17.459+0300][2596][16332][debug][safepoint] ... found polling page loop exception at pc = 0x000001803e0556ec, stub =0x000001803da55a80
[2025-06-17T23:39:17.459+0300][2596][15960][debug][safepoint] ... found polling page loop exception at pc = 0x000001803e0556ec, stub =0x000001803da55a80
[2025-06-17T23:39:17.459+0300][2596][19892][debug][safepoint] ... found polling page loop exception at pc = 0x000001803e0556ec, stub =0x000001803da55a80
[2025-06-17T23:39:17.459+0300][2596][22104][debug][safepoint] ... found polling page loop exception at pc = 0x000001803e05bce7, stub =0x000001803da56300
[2025-06-17T23:39:17.459+0300][2596][14224][debug][safepoint] ... found polling page loop exception at pc = 0x000001803e0706fb, stub =0x000001803da56300
[2025-06-17T23:39:17.459+0300][2596][3228 ][debug][safepoint] ... found polling page loop exception at pc = 0x000001803e0556ec, stub =0x000001803da55a80
[2025-06-17T23:39:17.459+0300][2596][13048][debug][safepoint] ... found polling page loop exception at pc = 0x000001803e0556ec, stub =0x000001803da55a80
[2025-06-17T23:39:17.461+0300][2596][16332][debug][safepoint] ... found polling page loop exception at pc = 0x000001803e0556ec, stub =0x000001803da55a80
[2025-06-17T23:39:17.461+0300][2596][19892][debug][safepoint] ... found polling page loop exception at pc = 0x000001803e058607, stub =0x000001803da56300
[2025-06-17T23:39:17.461+0300][2596][22104][debug][safepoint] ... found polling page loop exception at pc = 0x000001803e091e2a, stub =0x000001803da55a80
[2025-06-17T23:39:17.461+0300][2596][5472 ][debug][safepoint] ... found polling page loop exception at pc = 0x000001803e091e2a, stub =0x000001803da55a80
[2025-06-17T23:39:17.461+0300][2596][13048][debug][safepoint] ... found polling page loop exception at pc = 0x000001803e0556ec, stub =0x000001803da55a80
[2025-06-17T23:39:17.461+0300][2596][15960][debug][safepoint] ... found polling page loop exception at pc = 0x000001803e0556ec, stub =0x000001803da55a80
[2025-06-17T23:39:17.463+0300][2596][22412][info ][gc       ] GC(5) Concurrent marking (unload classes) 8.551ms
[2025-06-17T23:39:17.463+0300][2596][15388][debug][safepoint] Safepoint synchronization initiated using striped semaphore wait barrier. (21 threads)
[2025-06-17T23:39:17.463+0300][2596][16332][debug][safepoint] ... found polling page loop exception at pc = 0x000001803e0556ec, stub =0x000001803da55a80
[2025-06-17T23:39:17.463+0300][2596][19892][debug][safepoint] ... found polling page loop exception at pc = 0x000001803e0706fb, stub =0x000001803da56300
[2025-06-17T23:39:17.463+0300][2596][13048][debug][safepoint] ... found polling page loop exception at pc = 0x000001803e1753df, stub =0x000001803da56300
[2025-06-17T23:39:17.463+0300][2596][14224][debug][safepoint] ... found polling page loop exception at pc = 0x000001803e0556ec, stub =0x000001803da55a80
[2025-06-17T23:39:17.463+0300][2596][22104][debug][safepoint] ... found polling page loop exception at pc = 0x000001803e0556ec, stub =0x000001803da55a80
[2025-06-17T23:39:17.463+0300][2596][15388][info ][gc       ] GC(5) Pause Final Mark (unload classes) 0.129ms
[2025-06-17T23:39:17.463+0300][2596][15388][info ][safepoint] Safepoint "ShenandoahFinalMarkStartEvac", Time since last: 8813399 ns, Reaching safepoint: 176001 ns, Cleanup: 11199 ns, At safepoint: 175701 ns, Total: 362901 ns
[2025-06-17T23:39:17.463+0300][2596][22412][info ][gc       ] GC(5) Concurrent thread roots 0.118ms
[2025-06-17T23:39:17.463+0300][2596][22412][info ][gc       ] GC(5) Concurrent weak references 0.102ms
[2025-06-17T23:39:17.465+0300][2596][22104][debug][safepoint] ... found polling page loop exception at pc = 0x000001803e0556ec, stub =0x000001803da55a80
[2025-06-17T23:39:17.465+0300][2596][19892][debug][safepoint] ... found polling page loop exception at pc = 0x000001803e05bce7, stub =0x000001803da56300
[2025-06-17T23:39:17.465+0300][2596][3228 ][debug][safepoint] ... found polling page loop exception at pc = 0x000001803e0dab13, stub =0x000001803da56300
[2025-06-17T23:39:17.465+0300][2596][16332][debug][safepoint] ... found polling page loop exception at pc = 0x000001803e0556ec, stub =0x000001803da55a80
[2025-06-17T23:39:17.465+0300][2596][15960][debug][safepoint] ... found polling page loop exception at pc = 0x000001803e0706fb, stub =0x000001803da56300
[2025-06-17T23:39:17.465+0300][2596][5472 ][debug][safepoint] ... found polling page loop exception at pc = 0x000001803e0556ec, stub =0x000001803da55a80
[2025-06-17T23:39:17.465+0300][2596][22412][info ][gc       ] GC(5) Concurrent weak roots 1.898ms
[2025-06-17T23:39:17.465+0300][2596][22412][info ][gc       ] GC(5) Concurrent cleanup 1432M->206M(2048M) 0.077ms
[2025-06-17T23:39:17.465+0300][2596][22412][debug][gc,phases] GC(5) ClassLoaderData 0.016ms
[2025-06-17T23:39:17.465+0300][2596][22412][debug][gc,phases] GC(5) Trigger cleanups 0.000ms
[2025-06-17T23:39:17.467+0300][2596][16332][debug][safepoint] ... found polling page loop exception at pc = 0x000001803e0556ec, stub =0x000001803da55a80
[2025-06-17T23:39:17.467+0300][2596][5472 ][debug][safepoint] ... found polling page loop exception at pc = 0x000001803e0556ec, stub =0x000001803da55a80
[2025-06-17T23:39:17.467+0300][2596][15960][debug][safepoint] ... found polling page loop exception at pc = 0x000001803e0556ec, stub =0x000001803da55a80
[2025-06-17T23:39:17.467+0300][2596][19892][debug][safepoint] ... found polling page loop exception at pc = 0x000001803e0556ec, stub =0x000001803da55a80
[2025-06-17T23:39:17.467+0300][2596][22104][debug][safepoint] ... found polling page loop exception at pc = 0x000001803e0556ec, stub =0x000001803da55a80
[2025-06-17T23:39:17.467+0300][2596][13048][debug][safepoint] ... found polling page loop exception at pc = 0x000001803e0556ec, stub =0x000001803da55a80
[2025-06-17T23:39:17.467+0300][2596][3228 ][debug][safepoint] ... found polling page loop exception at pc = 0x000001803e0556ec, stub =0x000001803da55a80
[2025-06-17T23:39:17.485+0300][2596][22412][info ][gc       ] GC(5) Concurrent class unloading 19.765ms
[2025-06-17T23:39:17.485+0300][2596][22412][info ][gc       ] GC(5) Concurrent strong roots 0.185ms
[2025-06-17T23:39:17.487+0300][2596][22412][info ][gc       ] GC(5) Concurrent evacuation 1.824ms
[2025-06-17T23:39:17.487+0300][2596][15388][debug][safepoint] Safepoint synchronization initiated using striped semaphore wait barrier. (21 threads)
[2025-06-17T23:39:17.487+0300][2596][3228 ][debug][safepoint] ... found polling page loop exception at pc = 0x000001803e0f528b, stub =0x000001803da55a80
[2025-06-17T23:39:17.487+0300][2596][13048][debug][safepoint] ... found polling page loop exception at pc = 0x000001803e091e2a, stub =0x000001803da55a80
[2025-06-17T23:39:17.487+0300][2596][14224][debug][safepoint] ... found polling page loop exception at pc = 0x000001803e0556ec, stub =0x000001803da55a80
[2025-06-17T23:39:17.487+0300][2596][15960][debug][safepoint] ... found polling page loop exception at pc = 0x000001803e0556ec, stub =0x000001803da55a80
[2025-06-17T23:39:17.487+0300][2596][5472 ][debug][safepoint] ... found polling page loop exception at pc = 0x000001803e0556ec, stub =0x000001803da55a80
[2025-06-17T23:39:17.487+0300][2596][15388][info ][gc       ] GC(5) Pause Init Update Refs 0.011ms
[2025-06-17T23:39:17.487+0300][2596][15388][info ][safepoint] Safepoint "ShenandoahInitUpdateRefs", Time since last: 24240100 ns, Reaching safepoint: 264200 ns, Cleanup: 15100 ns, At safepoint: 54300 ns, Total: 333600 ns
[2025-06-17T23:39:17.493+0300][2596][22412][info ][gc       ] GC(5) Concurrent update references 6.401ms
[2025-06-17T23:39:17.493+0300][2596][16332][debug][safepoint] ... found polling page loop exception at pc = 0x000001803e0556ec, stub =0x000001803da55a80
[2025-06-17T23:39:17.493+0300][2596][15960][debug][safepoint] ... found polling page loop exception at pc = 0x000001803e0556ec, stub =0x000001803da55a80
[2025-06-17T23:39:17.493+0300][2596][13048][debug][safepoint] ... found polling page loop exception at pc = 0x000001803e0556ec, stub =0x000001803da55a80
[2025-06-17T23:39:17.493+0300][2596][3228 ][debug][safepoint] ... found polling page loop exception at pc = 0x000001803e0556ec, stub =0x000001803da55a80
[2025-06-17T23:39:17.493+0300][2596][22104][debug][safepoint] ... found polling page loop exception at pc = 0x000001803e0556ec, stub =0x000001803da55a80
[2025-06-17T23:39:17.516+0300][2596][22412][info ][gc       ] GC(5) Concurrent update thread roots 21.926ms
[2025-06-17T23:39:17.516+0300][2596][15388][debug][safepoint] Safepoint synchronization initiated using striped semaphore wait barrier. (21 threads)
[2025-06-17T23:39:17.516+0300][2596][14224][debug][safepoint] ... found polling page loop exception at pc = 0x000001803e09dc92, stub =0x000001803da56300
[2025-06-17T23:39:17.516+0300][2596][13048][debug][safepoint] ... found polling page loop exception at pc = 0x000001803e05bce7, stub =0x000001803da56300
[2025-06-17T23:39:17.516+0300][2596][5472 ][debug][safepoint] ... found polling page loop exception at pc = 0x000001803e0556ec, stub =0x000001803da55a80
[2025-06-17T23:39:17.516+0300][2596][15388][info ][gc       ] GC(5) Pause Final Update Refs 0.073ms
[2025-06-17T23:39:17.516+0300][2596][15388][info ][safepoint] Safepoint "ShenandoahFinalUpdateRefs", Time since last: 28480700 ns, Reaching safepoint: 167100 ns, Cleanup: 5200 ns, At safepoint: 122400 ns, Total: 294700 ns
[2025-06-17T23:39:17.516+0300][2596][22412][info ][gc       ] GC(5) Concurrent cleanup 363M->207M(2048M) 0.031ms
[2025-06-17T23:39:17.832+0300][2596][22412][info ][gc       ] Trigger: Average GC time (195.00 ms) is above the time for average allocation rate (3285 MB/s) to deplete free headroom (593M) (margin of error = 1.80)
[2025-06-17T23:39:17.832+0300][2596][22412][info ][gc       ] GC(6) Concurrent reset 0.745ms
[2025-06-17T23:39:17.832+0300][2596][15388][debug][safepoint] Safepoint synchronization initiated using striped semaphore wait barrier. (21 threads)
[2025-06-17T23:39:17.832+0300][2596][13048][debug][safepoint] ... found polling page loop exception at pc = 0x000001803e0556ec, stub =0x000001803da55a80
[2025-06-17T23:39:17.832+0300][2596][14224][debug][safepoint] ... found polling page loop exception at pc = 0x000001803e133d2e, stub =0x000001803da56300
[2025-06-17T23:39:17.832+0300][2596][15960][debug][safepoint] ... found polling page loop exception at pc = 0x000001803e0556ec, stub =0x000001803da55a80
[2025-06-17T23:39:17.832+0300][2596][19892][debug][safepoint] ... found polling page loop exception at pc = 0x000001803e06ae9a, stub =0x000001803da56300
[2025-06-17T23:39:17.832+0300][2596][22104][debug][safepoint] ... found polling page loop exception at pc = 0x000001803e058607, stub =0x000001803da56300
[2025-06-17T23:39:17.832+0300][2596][3228 ][debug][safepoint] ... found polling page loop exception at pc = 0x000001803e0556ec, stub =0x000001803da55a80
[2025-06-17T23:39:17.832+0300][2596][15388][info ][gc       ] GC(6) Pause Init Mark (unload classes) 0.037ms
[2025-06-17T23:39:17.832+0300][2596][15388][info ][safepoint] Safepoint "ShenandoahInitMark", Time since last: 316263699 ns, Reaching safepoint: 271101 ns, Cleanup: 18399 ns, At safepoint: 81501 ns, Total: 371001 ns
[2025-06-17T23:39:17.832+0300][2596][22412][info ][gc       ] GC(6) Concurrent marking roots 0.133ms
[2025-06-17T23:39:17.835+0300][2596][13048][debug][safepoint] ... found polling page loop exception at pc = 0x000001803e05bce7, stub =0x000001803da56300
[2025-06-17T23:39:17.835+0300][2596][3228 ][debug][safepoint] ... found polling page loop exception at pc = 0x000001803e06abce, stub =0x000001803da56300
[2025-06-17T23:39:17.837+0300][2596][13048][debug][safepoint] ... found polling page loop exception at pc = 0x000001803e183d83, stub =0x000001803da56300
[2025-06-17T23:39:17.837+0300][2596][19892][debug][safepoint] ... found polling page loop exception at pc = 0x000001803e0556ec, stub =0x000001803da55a80
[2025-06-17T23:39:17.837+0300][2596][14224][debug][safepoint] ... found polling page loop exception at pc = 0x000001803e0556ec, stub =0x000001803da55a80
[2025-06-17T23:39:17.837+0300][2596][22104][debug][safepoint] ... found polling page loop exception at pc = 0x000001803e0bc782, stub =0x000001803da56300
[2025-06-17T23:39:17.837+0300][2596][3228 ][debug][safepoint] ... found polling page loop exception at pc = 0x000001803e05bce7, stub =0x000001803da56300
[2025-06-17T23:39:17.837+0300][2596][22412][info ][gc       ] GC(6) Concurrent marking (unload classes) 4.250ms
[2025-06-17T23:39:17.837+0300][2596][15388][debug][safepoint] Safepoint synchronization initiated using striped semaphore wait barrier. (21 threads)
[2025-06-17T23:39:17.837+0300][2596][15960][debug][safepoint] ... found polling page loop exception at pc = 0x000001803e06abce, stub =0x000001803da56300
[2025-06-17T23:39:17.837+0300][2596][14224][debug][safepoint] ... found polling page loop exception at pc = 0x000001803e058607, stub =0x000001803da56300
[2025-06-17T23:39:17.837+0300][2596][3228 ][debug][safepoint] ... found polling page loop exception at pc = 0x000001803e05bce7, stub =0x000001803da56300
[2025-06-17T23:39:17.837+0300][2596][15388][info ][gc       ] GC(6) Pause Final Mark (unload classes) 0.118ms
[2025-06-17T23:39:17.837+0300][2596][15388][info ][safepoint] Safepoint "ShenandoahFinalMarkStartEvac", Time since last: 4491200 ns, Reaching safepoint: 135000 ns, Cleanup: 8700 ns, At safepoint: 165200 ns, Total: 308900 ns
[2025-06-17T23:39:17.837+0300][2596][22412][info ][gc       ] GC(6) Concurrent thread roots 0.191ms
[2025-06-17T23:39:17.837+0300][2596][22412][info ][gc       ] GC(6) Concurrent weak references 0.148ms
[2025-06-17T23:39:17.839+0300][2596][22104][debug][safepoint] ... found polling page loop exception at pc = 0x000001803e0556ec, stub =0x000001803da55a80
[2025-06-17T23:39:17.839+0300][2596][14224][debug][safepoint] ... found polling page loop exception at pc = 0x000001803e0556ec, stub =0x000001803da55a80
[2025-06-17T23:39:17.839+0300][2596][19892][debug][safepoint] ... found polling page loop exception at pc = 0x000001803e0556ec, stub =0x000001803da55a80
[2025-06-17T23:39:17.839+0300][2596][3228 ][debug][safepoint] ... found polling page loop exception at pc = 0x000001803e0556ec, stub =0x000001803da55a80
[2025-06-17T23:39:17.839+0300][2596][15960][debug][safepoint] ... found polling page loop exception at pc = 0x000001803e058607, stub =0x000001803da56300
[2025-06-17T23:39:17.839+0300][2596][22412][info ][gc       ] GC(6) Concurrent weak roots 1.112ms
[2025-06-17T23:39:17.839+0300][2596][22412][info ][gc       ] GC(6) Concurrent cleanup 1274M->168M(2048M) 0.079ms
[2025-06-17T23:39:17.839+0300][2596][22412][debug][gc,phases] GC(6) ClassLoaderData 0.012ms
[2025-06-17T23:39:17.839+0300][2596][22412][debug][gc,phases] GC(6) Trigger cleanups 0.000ms
[2025-06-17T23:39:17.841+0300][2596][22104][debug][safepoint] ... found polling page loop exception at pc = 0x000001803e096f0b, stub =0x000001803da55a80
[2025-06-17T23:39:17.841+0300][2596][15960][debug][safepoint] ... found polling page loop exception at pc = 0x000001803e0556ec, stub =0x000001803da55a80
[2025-06-17T23:39:17.841+0300][2596][13048][debug][safepoint] ... found polling page loop exception at pc = 0x000001803e0556ec, stub =0x000001803da55a80
[2025-06-17T23:39:17.841+0300][2596][19892][debug][safepoint] ... found polling page loop exception at pc = 0x000001803e0556ec, stub =0x000001803da55a80
[2025-06-17T23:39:17.841+0300][2596][5472 ][debug][safepoint] ... found polling page loop exception at pc = 0x000001803e0556ec, stub =0x000001803da55a80
[2025-06-17T23:39:17.841+0300][2596][22412][info ][gc       ] GC(6) Concurrent class unloading 1.921ms
[2025-06-17T23:39:17.841+0300][2596][22412][info ][gc       ] GC(6) Concurrent strong roots 0.197ms
[2025-06-17T23:39:17.843+0300][2596][22412][info ][gc       ] GC(6) Concurrent evacuation 1.135ms
[2025-06-17T23:39:17.843+0300][2596][15388][debug][safepoint] Safepoint synchronization initiated using striped semaphore wait barrier. (21 threads)
[2025-06-17T23:39:17.843+0300][2596][16332][debug][safepoint] ... found polling page loop exception at pc = 0x000001803e0556ec, stub =0x000001803da55a80
[2025-06-17T23:39:17.843+0300][2596][13048][debug][safepoint] ... found polling page loop exception at pc = 0x000001803e0556ec, stub =0x000001803da55a80
[2025-06-17T23:39:17.843+0300][2596][14224][debug][safepoint] ... found polling page loop exception at pc = 0x000001803e0556ec, stub =0x000001803da55a80
[2025-06-17T23:39:17.843+0300][2596][5472 ][debug][safepoint] ... found polling page loop exception at pc = 0x000001803e0556ec, stub =0x000001803da55a80
[2025-06-17T23:39:17.843+0300][2596][15960][debug][safepoint] ... found polling page loop exception at pc = 0x000001803e0556ec, stub =0x000001803da55a80
[2025-06-17T23:39:17.843+0300][2596][15388][info ][gc       ] GC(6) Pause Init Update Refs 0.007ms
[2025-06-17T23:39:17.843+0300][2596][15388][info ][safepoint] Safepoint "ShenandoahInitUpdateRefs", Time since last: 5037300 ns, Reaching safepoint: 202500 ns, Cleanup: 3900 ns, At safepoint: 42199 ns, Total: 248599 ns
[2025-06-17T23:39:17.845+0300][2596][22412][info ][gc       ] GC(6) Concurrent update references 3.524ms
[2025-06-17T23:39:17.845+0300][2596][22104][debug][safepoint] ... found polling page loop exception at pc = 0x000001803e0556ec, stub =0x000001803da55a80
[2025-06-17T23:39:17.845+0300][2596][15960][debug][safepoint] ... found polling page loop exception at pc = 0x000001803e0556ec, stub =0x000001803da55a80
[2025-06-17T23:39:17.845+0300][2596][14224][debug][safepoint] ... found polling page loop exception at pc = 0x000001803e05bce7, stub =0x000001803da56300
[2025-06-17T23:39:17.845+0300][2596][19892][debug][safepoint] ... found polling page loop exception at pc = 0x000001803e0556ec, stub =0x000001803da55a80
[2025-06-17T23:39:17.845+0300][2596][3228 ][debug][safepoint] ... found polling page loop exception at pc = 0x000001803e0706fb, stub =0x000001803da56300
[2025-06-17T23:39:17.845+0300][2596][13048][debug][safepoint] ... found polling page loop exception at pc = 0x000001803e0556ec, stub =0x000001803da55a80
[2025-06-17T23:39:17.845+0300][2596][16332][debug][safepoint] ... found polling page loop exception at pc = 0x000001803e0556ec, stub =0x000001803da55a80
[2025-06-17T23:39:17.864+0300][2596][22412][info ][gc       ] GC(6) Concurrent update thread roots 16.931ms
[2025-06-17T23:39:17.864+0300][2596][15388][debug][safepoint] Safepoint synchronization initiated using striped semaphore wait barrier. (21 threads)
[2025-06-17T23:39:17.864+0300][2596][16332][debug][safepoint] ... found polling page loop exception at pc = 0x000001803e0ec70c, stub =0x000001803da55a80
[2025-06-17T23:39:17.864+0300][2596][15960][debug][safepoint] ... found polling page loop exception at pc = 0x000001803e0556ec, stub =0x000001803da55a80
[2025-06-17T23:39:17.864+0300][2596][14224][debug][safepoint] ... found polling page loop exception at pc = 0x000001803e05a45d, stub =0x000001803da56300
[2025-06-17T23:39:17.864+0300][2596][3228 ][debug][safepoint] ... found polling page loop exception at pc = 0x000001803e096f0b, stub =0x000001803da55a80
[2025-06-17T23:39:17.864+0300][2596][22104][debug][safepoint] ... found polling page loop exception at pc = 0x000001803e0556ec, stub =0x000001803da55a80
[2025-06-17T23:39:17.864+0300][2596][5472 ][debug][safepoint] ... found polling page loop exception at pc = 0x000001803e0766b0, stub =0x000001803da56300
[2025-06-17T23:39:17.864+0300][2596][19892][debug][safepoint] ... found polling page loop exception at pc = 0x000001803e0556ec, stub =0x000001803da55a80
[2025-06-17T23:39:17.864+0300][2596][13048][debug][safepoint] ... found polling page loop exception at pc = 0x000001803e06abce, stub =0x000001803da56300
[2025-06-17T23:39:17.864+0300][2596][15388][info ][gc       ] GC(6) Pause Final Update Refs 0.045ms
[2025-06-17T23:39:17.864+0300][2596][15388][info ][safepoint] Safepoint "ShenandoahFinalUpdateRefs", Time since last: 20605101 ns, Reaching safepoint: 338300 ns, Cleanup: 4100 ns, At safepoint: 80000 ns, Total: 422400 ns
[2025-06-17T23:39:17.864+0300][2596][22412][info ][gc       ] GC(6) Concurrent cleanup 226M->92M(2048M) 0.023ms
[2025-06-17T23:39:18.272+0300][2596][22412][info ][gc       ] Trigger: Average GC time (157.92 ms) is above the time for average allocation rate (3243 MB/s) to deplete free headroom (468M) (margin of error = 1.79)
[2025-06-17T23:39:18.272+0300][2596][22412][info ][gc       ] GC(7) Concurrent reset 0.894ms
[2025-06-17T23:39:18.272+0300][2596][15388][debug][safepoint] Safepoint synchronization initiated using striped semaphore wait barrier. (19 threads)
[2025-06-17T23:39:18.272+0300][2596][14224][debug][safepoint] ... found polling page loop exception at pc = 0x000001803e0556ec, stub =0x000001803da55a80
[2025-06-17T23:39:18.272+0300][2596][19892][debug][safepoint] ... found polling page loop exception at pc = 0x000001803e0556ec, stub =0x000001803da55a80
[2025-06-17T23:39:18.272+0300][2596][16332][debug][safepoint] ... found polling page loop exception at pc = 0x000001803e06abce, stub =0x000001803da56300
[2025-06-17T23:39:18.272+0300][2596][3228 ][debug][safepoint] ... found polling page loop exception at pc = 0x000001803e0556ec, stub =0x000001803da55a80
[2025-06-17T23:39:18.272+0300][2596][22104][debug][safepoint] ... found polling page loop exception at pc = 0x000001803e06abce, stub =0x000001803da56300
[2025-06-17T23:39:18.272+0300][2596][13048][debug][safepoint] ... found polling page loop exception at pc = 0x000001803e0556ec, stub =0x000001803da55a80
[2025-06-17T23:39:18.272+0300][2596][15388][info ][gc       ] GC(7) Pause Init Mark (unload classes) 0.048ms
[2025-06-17T23:39:18.272+0300][2596][15388][info ][safepoint] Safepoint "ShenandoahInitMark", Time since last: 409125700 ns, Reaching safepoint: 243200 ns, Cleanup: 6100 ns, At safepoint: 89600 ns, Total: 338900 ns
[2025-06-17T23:39:18.272+0300][2596][22412][info ][gc       ] GC(7) Concurrent marking roots 0.150ms
[2025-06-17T23:39:18.276+0300][2596][3228 ][debug][safepoint] ... found polling page loop exception at pc = 0x000001803e12c7ad, stub =0x000001803da56300
[2025-06-17T23:39:18.276+0300][2596][15960][debug][safepoint] ... found polling page loop exception at pc = 0x000001803e0556ec, stub =0x000001803da55a80
[2025-06-17T23:39:18.276+0300][2596][19892][debug][safepoint] ... found polling page loop exception at pc = 0x000001803e0556ec, stub =0x000001803da55a80
[2025-06-17T23:39:18.276+0300][2596][13048][debug][safepoint] ... found polling page loop exception at pc = 0x000001803e0556ec, stub =0x000001803da55a80
[2025-06-17T23:39:18.276+0300][2596][22104][debug][safepoint] ... found polling page loop exception at pc = 0x000001803e0556ec, stub =0x000001803da55a80
[2025-06-17T23:39:18.276+0300][2596][16332][debug][safepoint] ... found polling page loop exception at pc = 0x000001803e092475, stub =0x000001803da55a80
[2025-06-17T23:39:18.276+0300][2596][3228 ][debug][safepoint] ... found polling page loop exception at pc = 0x000001803e0556ec, stub =0x000001803da55a80
[2025-06-17T23:39:18.276+0300][2596][19892][debug][safepoint] ... found polling page loop exception at pc = 0x000001803e096f0b, stub =0x000001803da55a80
[2025-06-17T23:39:18.276+0300][2596][13048][debug][safepoint] ... found polling page loop exception at pc = 0x000001803e150617, stub =0x000001803da55a80
[2025-06-17T23:39:18.276+0300][2596][22104][debug][safepoint] ... found polling page loop exception at pc = 0x000001803e0556ec, stub =0x000001803da55a80
[2025-06-17T23:39:18.276+0300][2596][5472 ][debug][safepoint] ... found polling page loop exception at pc = 0x000001803e0ec70c, stub =0x000001803da55a80
[2025-06-17T23:39:18.276+0300][2596][22412][info ][gc       ] GC(7) Concurrent marking (unload classes) 3.875ms
[2025-06-17T23:39:18.276+0300][2596][15388][debug][safepoint] Safepoint synchronization initiated using striped semaphore wait barrier. (19 threads)
[2025-06-17T23:39:18.276+0300][2596][5472 ][debug][safepoint] ... found polling page loop exception at pc = 0x000001803e058607, stub =0x000001803da56300
[2025-06-17T23:39:18.276+0300][2596][13048][debug][safepoint] ... found polling page loop exception at pc = 0x000001803e06abce, stub =0x000001803da56300
[2025-06-17T23:39:18.276+0300][2596][22104][debug][safepoint] ... found polling page loop exception at pc = 0x000001803e0556ec, stub =0x000001803da55a80
[2025-06-17T23:39:18.276+0300][2596][3228 ][debug][safepoint] ... found polling page loop exception at pc = 0x000001803e0556ec, stub =0x000001803da55a80
[2025-06-17T23:39:18.276+0300][2596][16332][debug][safepoint] ... found polling page loop exception at pc = 0x000001803e0584a0, stub =0x000001803da56300
[2025-06-17T23:39:18.276+0300][2596][19892][debug][safepoint] ... found polling page loop exception at pc = 0x000001803e06abce, stub =0x000001803da56300
[2025-06-17T23:39:18.276+0300][2596][15388][info ][gc       ] GC(7) Pause Final Mark (unload classes) 0.124ms
[2025-06-17T23:39:18.276+0300][2596][15388][info ][safepoint] Safepoint "ShenandoahFinalMarkStartEvac", Time since last: 4129100 ns, Reaching safepoint: 215199 ns, Cleanup: 4101 ns, At safepoint: 171699 ns, Total: 390999 ns
[2025-06-17T23:39:18.276+0300][2596][22412][info ][gc       ] GC(7) Concurrent thread roots 0.160ms
[2025-06-17T23:39:18.276+0300][2596][22412][info ][gc       ] GC(7) Concurrent weak references 0.091ms
[2025-06-17T23:39:18.276+0300][2596][5472 ][debug][safepoint] ... found polling page loop exception at pc = 0x000001803e0556ec, stub =0x000001803da55a80
[2025-06-17T23:39:18.276+0300][2596][19892][debug][safepoint] ... found polling page loop exception at pc = 0x000001803e0ec70c, stub =0x000001803da55a80
[2025-06-17T23:39:18.276+0300][2596][16332][debug][safepoint] ... found polling page loop exception at pc = 0x000001803e092475, stub =0x000001803da55a80
[2025-06-17T23:39:18.276+0300][2596][3228 ][debug][safepoint] ... found polling page loop exception at pc = 0x000001803e0c6885, stub =0x000001803da56300
[2025-06-17T23:39:18.276+0300][2596][13048][debug][safepoint] ... found polling page loop exception at pc = 0x000001803e0556ec, stub =0x000001803da55a80
[2025-06-17T23:39:18.276+0300][2596][22412][info ][gc       ] GC(7) Concurrent weak roots 1.025ms
[2025-06-17T23:39:18.276+0300][2596][22412][info ][gc       ] GC(7) Concurrent cleanup 1396M->180M(2048M) 0.204ms
[2025-06-17T23:39:18.280+0300][2596][22412][debug][gc,phases] GC(7) ClassLoaderData 0.009ms
[2025-06-17T23:39:18.280+0300][2596][22412][debug][gc,phases] GC(7) Trigger cleanups 0.000ms
[2025-06-17T23:39:18.280+0300][2596][15960][debug][safepoint] ... found polling page loop exception at pc = 0x000001803e0556ec, stub =0x000001803da55a80
[2025-06-17T23:39:18.280+0300][2596][16332][debug][safepoint] ... found polling page loop exception at pc = 0x000001803e0556ec, stub =0x000001803da55a80
[2025-06-17T23:39:18.280+0300][2596][5472 ][debug][safepoint] ... found polling page loop exception at pc = 0x000001803e0556ec, stub =0x000001803da55a80
[2025-06-17T23:39:18.280+0300][2596][13048][debug][safepoint] ... found polling page loop exception at pc = 0x000001803e0556ec, stub =0x000001803da55a80
[2025-06-17T23:39:18.280+0300][2596][3228 ][debug][safepoint] ... found polling page loop exception at pc = 0x000001803e06abce, stub =0x000001803da56300
[2025-06-17T23:39:18.282+0300][2596][22412][info ][gc       ] GC(7) Concurrent class unloading 3.872ms
[2025-06-17T23:39:18.284+0300][2596][22412][info ][gc       ] GC(7) Concurrent strong roots 0.162ms
[2025-06-17T23:39:18.284+0300][2596][22412][info ][gc       ] GC(7) Concurrent evacuation 1.234ms
[2025-06-17T23:39:18.284+0300][2596][15388][debug][safepoint] Safepoint synchronization initiated using striped semaphore wait barrier. (19 threads)
[2025-06-17T23:39:18.284+0300][2596][22104][debug][safepoint] ... found polling page loop exception at pc = 0x000001803e0556ec, stub =0x000001803da55a80
[2025-06-17T23:39:18.284+0300][2596][14224][debug][safepoint] ... found polling page loop exception at pc = 0x000001803e0556ec, stub =0x000001803da55a80
[2025-06-17T23:39:18.284+0300][2596][13048][debug][safepoint] ... found polling page loop exception at pc = 0x000001803e0556ec, stub =0x000001803da55a80
[2025-06-17T23:39:18.284+0300][2596][5472 ][debug][safepoint] ... found polling page loop exception at pc = 0x000001803e0556ec, stub =0x000001803da55a80
[2025-06-17T23:39:18.284+0300][2596][19892][debug][safepoint] ... found polling page loop exception at pc = 0x000001803e0556ec, stub =0x000001803da55a80
[2025-06-17T23:39:18.284+0300][2596][3228 ][debug][safepoint] ... found polling page loop exception at pc = 0x000001803e0556ec, stub =0x000001803da55a80
[2025-06-17T23:39:18.284+0300][2596][15960][debug][safepoint] ... found polling page loop exception at pc = 0x000001803e0706fb, stub =0x000001803da56300
[2025-06-17T23:39:18.284+0300][2596][15388][info ][gc       ] GC(7) Pause Init Update Refs 0.007ms
[2025-06-17T23:39:18.284+0300][2596][15388][info ][safepoint] Safepoint "ShenandoahInitUpdateRefs", Time since last: 7096001 ns, Reaching safepoint: 238500 ns, Cleanup: 3099 ns, At safepoint: 41801 ns, Total: 283400 ns
[2025-06-17T23:39:18.288+0300][2596][22412][info ][gc       ] GC(7) Concurrent update references 3.802ms
[2025-06-17T23:39:18.288+0300][2596][5472 ][debug][safepoint] ... found polling page loop exception at pc = 0x000001803e0706fb, stub =0x000001803da56300
[2025-06-17T23:39:18.288+0300][2596][14224][debug][safepoint] ... found polling page loop exception at pc = 0x000001803e0556ec, stub =0x000001803da55a80
[2025-06-17T23:39:18.288+0300][2596][22104][debug][safepoint] ... found polling page loop exception at pc = 0x000001803e0556ec, stub =0x000001803da55a80
[2025-06-17T23:39:18.288+0300][2596][16332][debug][safepoint] ... found polling page loop exception at pc = 0x000001803e0556ec, stub =0x000001803da55a80
[2025-06-17T23:39:18.288+0300][2596][3228 ][debug][safepoint] ... found polling page loop exception at pc = 0x000001803e0556ec, stub =0x000001803da55a80
[2025-06-17T23:39:18.288+0300][2596][19892][debug][safepoint] ... found polling page loop exception at pc = 0x000001803e07ec94, stub =0x000001803da56300
[2025-06-17T23:39:18.320+0300][2596][22412][info ][gc       ] GC(7) Concurrent update thread roots 30.126ms
[2025-06-17T23:39:18.320+0300][2596][15388][debug][safepoint] Safepoint synchronization initiated using striped semaphore wait barrier. (19 threads)
[2025-06-17T23:39:18.320+0300][2596][13048][debug][safepoint] ... found polling page loop exception at pc = 0x000001803e0556ec, stub =0x000001803da55a80
[2025-06-17T23:39:18.320+0300][2596][3228 ][debug][safepoint] ... found polling page loop exception at pc = 0x000001803e0556ec, stub =0x000001803da55a80
[2025-06-17T23:39:18.320+0300][2596][16332][debug][safepoint] ... found polling page loop exception at pc = 0x000001803e0556ec, stub =0x000001803da55a80
[2025-06-17T23:39:18.320+0300][2596][14224][debug][safepoint] ... found polling page loop exception at pc = 0x000001803e096f0b, stub =0x000001803da55a80
[2025-06-17T23:39:18.320+0300][2596][5472 ][debug][safepoint] ... found polling page loop exception at pc = 0x000001803e0556ec, stub =0x000001803da55a80
[2025-06-17T23:39:18.320+0300][2596][15388][info ][gc       ] GC(7) Pause Final Update Refs 0.058ms
[2025-06-17T23:39:18.320+0300][2596][15388][info ][safepoint] Safepoint "ShenandoahFinalUpdateRefs", Time since last: 34075299 ns, Reaching safepoint: 223701 ns, Cleanup: 5400 ns, At safepoint: 107500 ns, Total: 336601 ns
[2025-06-17T23:39:18.320+0300][2596][22412][info ][gc       ] GC(7) Concurrent cleanup 283M->134M(2048M) 0.024ms
[2025-06-17T23:39:18.730+0300][2596][22412][info ][gc       ] Trigger: Average GC time (123.94 ms) is above the time for average allocation rate (3221 MB/s) to deplete free headroom (398M) (margin of error = 1.79)
[2025-06-17T23:39:18.730+0300][2596][22412][info ][gc       ] GC(8) Concurrent reset 0.851ms
[2025-06-17T23:39:18.730+0300][2596][15388][debug][safepoint] Safepoint synchronization initiated using striped semaphore wait barrier. (19 threads)
[2025-06-17T23:39:18.730+0300][2596][13048][debug][safepoint] ... found polling page loop exception at pc = 0x000001803e0556ec, stub =0x000001803da55a80
[2025-06-17T23:39:18.730+0300][2596][15960][debug][safepoint] ... found polling page loop exception at pc = 0x000001803e0556ec, stub =0x000001803da55a80
[2025-06-17T23:39:18.730+0300][2596][16332][debug][safepoint] ... found polling page loop exception at pc = 0x000001803e058607, stub =0x000001803da56300
[2025-06-17T23:39:18.730+0300][2596][22104][debug][safepoint] ... found polling page loop exception at pc = 0x000001803e0706fb, stub =0x000001803da56300
[2025-06-17T23:39:18.730+0300][2596][5472 ][debug][safepoint] ... found polling page loop exception at pc = 0x000001803e058607, stub =0x000001803da56300
[2025-06-17T23:39:18.730+0300][2596][19892][debug][safepoint] ... found polling page loop exception at pc = 0x000001803e0766b0, stub =0x000001803da56300
[2025-06-17T23:39:18.730+0300][2596][3228 ][debug][safepoint] ... found polling page loop exception at pc = 0x000001803e0556ec, stub =0x000001803da55a80
[2025-06-17T23:39:18.730+0300][2596][15388][info ][gc       ] GC(8) Pause Init Mark (unload classes) 0.033ms
[2025-06-17T23:39:18.730+0300][2596][15388][info ][safepoint] Safepoint "ShenandoahInitMark", Time since last: 411358000 ns, Reaching safepoint: 331100 ns, Cleanup: 5799 ns, At safepoint: 73100 ns, Total: 409999 ns
[2025-06-17T23:39:18.730+0300][2596][22412][info ][gc       ] GC(8) Concurrent marking roots 0.108ms
[2025-06-17T23:39:18.734+0300][2596][19892][debug][safepoint] ... found polling page loop exception at pc = 0x000001803e190eb8, stub =0x000001803da55a80
[2025-06-17T23:39:18.734+0300][2596][14224][debug][safepoint] ... found polling page loop exception at pc = 0x000001803e183b0f, stub =0x000001803da56300
[2025-06-17T23:39:18.734+0300][2596][15960][debug][safepoint] ... found polling page loop exception at pc = 0x000001803e0556ec, stub =0x000001803da55a80
[2025-06-17T23:39:18.734+0300][2596][16332][debug][safepoint] ... found polling page loop exception at pc = 0x000001803e0556ec, stub =0x000001803da55a80
[2025-06-17T23:39:18.734+0300][2596][13048][debug][safepoint] ... found polling page loop exception at pc = 0x000001803e091e2a, stub =0x000001803da55a80
[2025-06-17T23:39:18.734+0300][2596][22104][debug][safepoint] ... found polling page loop exception at pc = 0x000001803e0556ec, stub =0x000001803da55a80
[2025-06-17T23:39:18.734+0300][2596][3228 ][debug][safepoint] ... found polling page loop exception at pc = 0x000001803e0556ec, stub =0x000001803da55a80
[2025-06-17T23:39:18.734+0300][2596][14224][debug][safepoint] ... found polling page loop exception at pc = 0x000001803e0556ec, stub =0x000001803da55a80
[2025-06-17T23:39:18.734+0300][2596][15960][debug][safepoint] ... found polling page loop exception at pc = 0x000001803e0556ec, stub =0x000001803da55a80
[2025-06-17T23:39:18.734+0300][2596][16332][debug][safepoint] ... found polling page loop exception at pc = 0x000001803e1c4269, stub =0x000001803da56300
[2025-06-17T23:39:18.734+0300][2596][13048][debug][safepoint] ... found polling page loop exception at pc = 0x000001803e0556ec, stub =0x000001803da55a80
[2025-06-17T23:39:18.736+0300][2596][14224][debug][safepoint] ... found polling page loop exception at pc = 0x000001803e0556ec, stub =0x000001803da55a80
[2025-06-17T23:39:18.736+0300][2596][19892][debug][safepoint] ... found polling page loop exception at pc = 0x000001803e0556ec, stub =0x000001803da55a80
[2025-06-17T23:39:18.736+0300][2596][3228 ][debug][safepoint] ... found polling page loop exception at pc = 0x000001803e092475, stub =0x000001803da55a80
[2025-06-17T23:39:18.736+0300][2596][15960][debug][safepoint] ... found polling page loop exception at pc = 0x000001803e0706fb, stub =0x000001803da56300
[2025-06-17T23:39:18.736+0300][2596][13048][debug][safepoint] ... found polling page loop exception at pc = 0x000001803e058607, stub =0x000001803da56300
[2025-06-17T23:39:18.746+0300][2596][22412][info ][gc       ] GC(8) Concurrent marking (unload classes) 14.230ms
[2025-06-17T23:39:18.746+0300][2596][15388][debug][safepoint] Safepoint synchronization initiated using striped semaphore wait barrier. (19 threads)
[2025-06-17T23:39:18.746+0300][2596][19892][debug][safepoint] ... found polling page loop exception at pc = 0x000001803e0584a0, stub =0x000001803da56300
[2025-06-17T23:39:18.746+0300][2596][22104][debug][safepoint] ... found polling page loop exception at pc = 0x000001803e0706fb, stub =0x000001803da56300
[2025-06-17T23:39:18.746+0300][2596][13048][debug][safepoint] ... found polling page loop exception at pc = 0x000001803e0556ec, stub =0x000001803da55a80
[2025-06-17T23:39:18.746+0300][2596][16332][debug][safepoint] ... found polling page loop exception at pc = 0x000001803e0e10b1, stub =0x000001803da56300
[2025-06-17T23:39:18.746+0300][2596][15388][info ][gc       ] GC(8) Pause Final Mark (unload classes) 0.210ms
[2025-06-17T23:39:18.746+0300][2596][15388][info ][safepoint] Safepoint "ShenandoahFinalMarkStartEvac", Time since last: 14450401 ns, Reaching safepoint: 195199 ns, Cleanup: 8001 ns, At safepoint: 263700 ns, Total: 466900 ns
[2025-06-17T23:39:18.746+0300][2596][22412][info ][gc       ] GC(8) Concurrent thread roots 0.104ms
[2025-06-17T23:39:18.746+0300][2596][22412][info ][gc       ] GC(8) Concurrent weak references 0.124ms
[2025-06-17T23:39:18.746+0300][2596][15960][debug][safepoint] ... found polling page loop exception at pc = 0x000001803e0556ec, stub =0x000001803da55a80
[2025-06-17T23:39:18.746+0300][2596][22104][debug][safepoint] ... found polling page loop exception at pc = 0x000001803e06abce, stub =0x000001803da56300
[2025-06-17T23:39:18.746+0300][2596][14224][debug][safepoint] ... found polling page loop exception at pc = 0x000001803e0556ec, stub =0x000001803da55a80
[2025-06-17T23:39:18.746+0300][2596][3228 ][debug][safepoint] ... found polling page loop exception at pc = 0x000001803e0706fb, stub =0x000001803da56300
[2025-06-17T23:39:18.746+0300][2596][22412][info ][gc       ] GC(8) Concurrent weak roots 1.351ms
[2025-06-17T23:39:18.748+0300][2596][22412][info ][gc       ] GC(8) Concurrent cleanup 1498M->218M(2048M) 0.081ms
[2025-06-17T23:39:18.748+0300][2596][22412][debug][gc,phases] GC(8) ClassLoaderData 0.015ms
[2025-06-17T23:39:18.748+0300][2596][22412][debug][gc,phases] GC(8) Trigger cleanups 0.000ms
[2025-06-17T23:39:18.748+0300][2596][19892][debug][safepoint] ... found polling page loop exception at pc = 0x000001803e0556ec, stub =0x000001803da55a80
[2025-06-17T23:39:18.748+0300][2596][15960][debug][safepoint] ... found polling page loop exception at pc = 0x000001803e0584a0, stub =0x000001803da56300
[2025-06-17T23:39:18.748+0300][2596][22104][debug][safepoint] ... found polling page loop exception at pc = 0x000001803e05bce7, stub =0x000001803da56300
[2025-06-17T23:39:18.748+0300][2596][3228 ][debug][safepoint] ... found polling page loop exception at pc = 0x000001803e0556ec, stub =0x000001803da55a80
[2025-06-17T23:39:18.748+0300][2596][16332][debug][safepoint] ... found polling page loop exception at pc = 0x000001803e0556ec, stub =0x000001803da55a80
[2025-06-17T23:39:18.748+0300][2596][14224][debug][safepoint] ... found polling page loop exception at pc = 0x000001803e0706fb, stub =0x000001803da56300
[2025-06-17T23:39:18.748+0300][2596][5472 ][debug][safepoint] ... found polling page loop exception at pc = 0x000001803e0556ec, stub =0x000001803da55a80
[2025-06-17T23:39:18.750+0300][2596][22412][info ][gc       ] GC(8) Concurrent class unloading 1.936ms
[2025-06-17T23:39:18.750+0300][2596][22412][info ][gc       ] GC(8) Concurrent strong roots 0.162ms
[2025-06-17T23:39:18.750+0300][2596][22412][info ][gc       ] GC(8) Concurrent evacuation 1.201ms
[2025-06-17T23:39:18.750+0300][2596][15388][debug][safepoint] Safepoint synchronization initiated using striped semaphore wait barrier. (19 threads)
[2025-06-17T23:39:18.750+0300][2596][15960][debug][safepoint] ... found polling page loop exception at pc = 0x000001803e0556ec, stub =0x000001803da55a80
[2025-06-17T23:39:18.750+0300][2596][5472 ][debug][safepoint] ... found polling page loop exception at pc = 0x000001803e0d4f4d, stub =0x000001803da56300
[2025-06-17T23:39:18.750+0300][2596][22104][debug][safepoint] ... found polling page loop exception at pc = 0x000001803e0556ec, stub =0x000001803da55a80
[2025-06-17T23:39:18.750+0300][2596][14224][debug][safepoint] ... found polling page loop exception at pc = 0x000001803e0556ec, stub =0x000001803da55a80
[2025-06-17T23:39:18.750+0300][2596][3228 ][debug][safepoint] ... found polling page loop exception at pc = 0x000001803e0556ec, stub =0x000001803da55a80
[2025-06-17T23:39:18.750+0300][2596][16332][debug][safepoint] ... found polling page loop exception at pc = 0x000001803e0556ec, stub =0x000001803da55a80
[2025-06-17T23:39:18.750+0300][2596][13048][debug][safepoint] ... found polling page loop exception at pc = 0x000001803e0556ec, stub =0x000001803da55a80
[2025-06-17T23:39:18.750+0300][2596][19892][debug][safepoint] ... found polling page loop exception at pc = 0x000001803e0556ec, stub =0x000001803da55a80
[2025-06-17T23:39:18.750+0300][2596][15388][info ][gc       ] GC(8) Pause Init Update Refs 0.007ms
[2025-06-17T23:39:18.750+0300][2596][15388][info ][safepoint] Safepoint "ShenandoahInitUpdateRefs", Time since last: 5227800 ns, Reaching safepoint: 260499 ns, Cleanup: 4300 ns, At safepoint: 52601 ns, Total: 317400 ns
[2025-06-17T23:39:18.761+0300][2596][22412][info ][gc       ] GC(8) Concurrent update references 8.280ms
[2025-06-17T23:39:18.761+0300][2596][15960][debug][safepoint] ... found polling page loop exception at pc = 0x000001803e0556ec, stub =0x000001803da55a80
[2025-06-17T23:39:18.761+0300][2596][16332][debug][safepoint] ... found polling page loop exception at pc = 0x000001803e05bce7, stub =0x000001803da56300
[2025-06-17T23:39:18.761+0300][2596][14224][debug][safepoint] ... found polling page loop exception at pc = 0x000001803e0556ec, stub =0x000001803da55a80
[2025-06-17T23:39:18.761+0300][2596][5472 ][debug][safepoint] ... found polling page loop exception at pc = 0x000001803e07ec94, stub =0x000001803da56300
[2025-06-17T23:39:18.761+0300][2596][22104][debug][safepoint] ... found polling page loop exception at pc = 0x000001803e0556ec, stub =0x000001803da55a80
[2025-06-17T23:39:18.761+0300][2596][3228 ][debug][safepoint] ... found polling page loop exception at pc = 0x000001803e0556ec, stub =0x000001803da55a80
[2025-06-17T23:39:18.762+0300][2596][22412][info ][gc       ] GC(8) Concurrent update thread roots 1.701ms
[2025-06-17T23:39:18.762+0300][2596][15388][debug][safepoint] Safepoint synchronization initiated using striped semaphore wait barrier. (19 threads)
[2025-06-17T23:39:18.762+0300][2596][16332][debug][safepoint] ... found polling page loop exception at pc = 0x000001803e0556ec, stub =0x000001803da55a80
[2025-06-17T23:39:18.762+0300][2596][15960][debug][safepoint] ... found polling page loop exception at pc = 0x000001803e05a45d, stub =0x000001803da56300
[2025-06-17T23:39:18.762+0300][2596][5472 ][debug][safepoint] ... found polling page loop exception at pc = 0x000001803e0556ec, stub =0x000001803da55a80
[2025-06-17T23:39:18.762+0300][2596][14224][debug][safepoint] ... found polling page loop exception at pc = 0x000001803e092475, stub =0x000001803da55a80
[2025-06-17T23:39:18.762+0300][2596][19892][debug][safepoint] ... found polling page loop exception at pc = 0x000001803e06abce, stub =0x000001803da56300
[2025-06-17T23:39:18.762+0300][2596][3228 ][debug][safepoint] ... found polling page loop exception at pc = 0x000001803e0bc782, stub =0x000001803da56300
[2025-06-17T23:39:18.762+0300][2596][15388][info ][gc       ] GC(8) Pause Final Update Refs 0.062ms
[2025-06-17T23:39:18.762+0300][2596][15388][info ][safepoint] Safepoint "ShenandoahFinalUpdateRefs", Time since last: 10098300 ns, Reaching safepoint: 248000 ns, Cleanup: 4499 ns, At safepoint: 108801 ns, Total: 361300 ns
[2025-06-17T23:39:18.762+0300][2596][22412][info ][gc       ] GC(8) Concurrent cleanup 260M->108M(2048M) 0.026ms
[2025-06-17T23:39:19.094+0300][2596][22412][info ][gc       ] Trigger: Average GC time (96.85 ms) is above the time for average allocation rate (4085 MB/s) to deplete free headroom (373M) (margin of error = 1.78)
[2025-06-17T23:39:19.094+0300][2596][22412][info ][gc       ] GC(9) Concurrent reset 0.717ms
[2025-06-17T23:39:19.094+0300][2596][15388][debug][safepoint] Safepoint synchronization initiated using striped semaphore wait barrier. (19 threads)
[2025-06-17T23:39:19.094+0300][2596][14224][debug][safepoint] ... found polling page loop exception at pc = 0x000001803e0556ec, stub =0x000001803da55a80
[2025-06-17T23:39:19.094+0300][2596][19892][debug][safepoint] ... found polling page loop exception at pc = 0x000001803e0556ec, stub =0x000001803da55a80
[2025-06-17T23:39:19.094+0300][2596][13048][debug][safepoint] ... found polling page loop exception at pc = 0x000001803e0556ec, stub =0x000001803da55a80
[2025-06-17T23:39:19.094+0300][2596][16332][debug][safepoint] ... found polling page loop exception at pc = 0x000001803e0584a0, stub =0x000001803da56300
[2025-06-17T23:39:19.094+0300][2596][3228 ][debug][safepoint] ... found polling page loop exception at pc = 0x000001803e058607, stub =0x000001803da56300
[2025-06-17T23:39:19.094+0300][2596][15388][info ][gc       ] GC(9) Pause Init Mark (unload classes) 0.034ms
[2025-06-17T23:39:19.094+0300][2596][15388][info ][safepoint] Safepoint "ShenandoahInitMark", Time since last: 332495799 ns, Reaching safepoint: 258000 ns, Cleanup: 12301 ns, At safepoint: 80100 ns, Total: 350401 ns
[2025-06-17T23:39:19.094+0300][2596][22412][info ][gc       ] GC(9) Concurrent marking roots 0.136ms
[2025-06-17T23:39:19.098+0300][2596][13048][debug][safepoint] ... found polling page loop exception at pc = 0x000001803e058607, stub =0x000001803da56300
[2025-06-17T23:39:19.098+0300][2596][19892][debug][safepoint] ... found polling page loop exception at pc = 0x000001803e0556ec, stub =0x000001803da55a80
[2025-06-17T23:39:19.098+0300][2596][15960][debug][safepoint] ... found polling page loop exception at pc = 0x000001803e0556ec, stub =0x000001803da55a80
[2025-06-17T23:39:19.098+0300][2596][22104][debug][safepoint] ... found polling page loop exception at pc = 0x000001803e0584a0, stub =0x000001803da56300
[2025-06-17T23:39:19.098+0300][2596][3228 ][debug][safepoint] ... found polling page loop exception at pc = 0x000001803e0556ec, stub =0x000001803da55a80
[2025-06-17T23:39:19.098+0300][2596][5472 ][debug][safepoint] ... found polling page loop exception at pc = 0x000001803e0556ec, stub =0x000001803da55a80
[2025-06-17T23:39:19.110+0300][2596][16332][debug][safepoint] ... found polling page loop exception at pc = 0x000001803e092475, stub =0x000001803da55a80
[2025-06-17T23:39:19.110+0300][2596][5472 ][debug][safepoint] ... found polling page loop exception at pc = 0x000001803e0584a0, stub =0x000001803da56300
[2025-06-17T23:39:19.110+0300][2596][19892][debug][safepoint] ... found polling page loop exception at pc = 0x000001803e058607, stub =0x000001803da56300
[2025-06-17T23:39:19.110+0300][2596][3228 ][debug][safepoint] ... found polling page loop exception at pc = 0x000001803e0556ec, stub =0x000001803da55a80
[2025-06-17T23:39:19.110+0300][2596][13048][debug][safepoint] ... found polling page loop exception at pc = 0x000001803e0971d4, stub =0x000001803da55a80
[2025-06-17T23:39:19.110+0300][2596][14224][debug][safepoint] ... found polling page loop exception at pc = 0x000001803e0556ec, stub =0x000001803da55a80
[2025-06-17T23:39:19.110+0300][2596][22104][debug][safepoint] ... found polling page loop exception at pc = 0x000001803e0556ec, stub =0x000001803da55a80
[2025-06-17T23:39:19.116+0300][2596][22104][debug][safepoint] ... found polling page loop exception at pc = 0x000001803e0556ec, stub =0x000001803da55a80
[2025-06-17T23:39:19.116+0300][2596][15960][debug][safepoint] ... found polling page loop exception at pc = 0x000001803e0556ec, stub =0x000001803da55a80
[2025-06-17T23:39:19.116+0300][2596][22412][info ][gc       ] GC(9) Concurrent marking (unload classes) 20.887ms
[2025-06-17T23:39:19.116+0300][2596][15388][debug][safepoint] Safepoint synchronization initiated using striped semaphore wait barrier. (20 threads)
[2025-06-17T23:39:19.116+0300][2596][15960][debug][safepoint] ... found polling page loop exception at pc = 0x000001803e0556ec, stub =0x000001803da55a80
[2025-06-17T23:39:19.116+0300][2596][5472 ][debug][safepoint] ... found polling page loop exception at pc = 0x000001803e0556ec, stub =0x000001803da55a80
[2025-06-17T23:39:19.116+0300][2596][13048][debug][safepoint] ... found polling page loop exception at pc = 0x000001803e09dd90, stub =0x000001803da56300
[2025-06-17T23:39:19.116+0300][2596][15388][info ][gc       ] GC(9) Pause Final Mark (unload classes) 0.099ms
[2025-06-17T23:39:19.116+0300][2596][15388][info ][safepoint] Safepoint "ShenandoahFinalMarkStartEvac", Time since last: 21132800 ns, Reaching safepoint: 125800 ns, Cleanup: 7500 ns, At safepoint: 133499 ns, Total: 266799 ns
[2025-06-17T23:39:19.116+0300][2596][22412][info ][gc       ] GC(9) Concurrent thread roots 0.096ms
[2025-06-17T23:39:19.116+0300][2596][22412][info ][gc       ] GC(9) Concurrent weak references 0.142ms
[2025-06-17T23:39:19.116+0300][2596][16332][debug][safepoint] ... found polling page loop exception at pc = 0x000001803e0556ec, stub =0x000001803da55a80
[2025-06-17T23:39:19.116+0300][2596][22104][debug][safepoint] ... found polling page loop exception at pc = 0x000001803e0556ec, stub =0x000001803da55a80
[2025-06-17T23:39:19.116+0300][2596][5472 ][debug][safepoint] ... found polling page loop exception at pc = 0x000001803e0556ec, stub =0x000001803da55a80
[2025-06-17T23:39:19.116+0300][2596][13048][debug][safepoint] ... found polling page loop exception at pc = 0x000001803e0556ec, stub =0x000001803da55a80
[2025-06-17T23:39:19.116+0300][2596][14224][debug][safepoint] ... found polling page loop exception at pc = 0x000001803e0706fb, stub =0x000001803da56300
[2025-06-17T23:39:19.119+0300][2596][22412][info ][gc       ] GC(9) Concurrent weak roots 1.991ms
[2025-06-17T23:39:19.121+0300][2596][22412][info ][gc       ] GC(9) Concurrent cleanup 1549M->251M(2048M) 1.513ms
[2025-06-17T23:39:19.121+0300][2596][22412][debug][gc,phases] GC(9) ClassLoaderData 0.013ms
[2025-06-17T23:39:19.121+0300][2596][22412][debug][gc,phases] GC(9) Trigger cleanups 0.000ms
[2025-06-17T23:39:19.121+0300][2596][14224][debug][safepoint] ... found polling page loop exception at pc = 0x000001803e0556ec, stub =0x000001803da55a80
[2025-06-17T23:39:19.121+0300][2596][13048][debug][safepoint] ... found polling page loop exception at pc = 0x000001803e150617, stub =0x000001803da55a80
[2025-06-17T23:39:19.121+0300][2596][22104][debug][safepoint] ... found polling page loop exception at pc = 0x000001803e0706fb, stub =0x000001803da56300
[2025-06-17T23:39:19.123+0300][2596][3228 ][debug][safepoint] ... found polling page loop exception at pc = 0x000001803e0556ec, stub =0x000001803da55a80
[2025-06-17T23:39:19.126+0300][2596][22412][info ][gc       ] GC(9) Concurrent class unloading 5.482ms
[2025-06-17T23:39:19.126+0300][2596][22412][info ][gc       ] GC(9) Concurrent strong roots 0.169ms
[2025-06-17T23:39:19.126+0300][2596][22412][info ][gc       ] GC(9) Concurrent evacuation 1.333ms
[2025-06-17T23:39:19.126+0300][2596][15388][debug][safepoint] Safepoint synchronization initiated using striped semaphore wait barrier. (20 threads)
[2025-06-17T23:39:19.126+0300][2596][22104][debug][safepoint] ... found polling page loop exception at pc = 0x000001803e0a3218, stub =0x000001803da56300
[2025-06-17T23:39:19.126+0300][2596][16332][debug][safepoint] ... found polling page loop exception at pc = 0x000001803e0706fb, stub =0x000001803da56300
[2025-06-17T23:39:19.126+0300][2596][3228 ][debug][safepoint] ... found polling page loop exception at pc = 0x000001803e06abce, stub =0x000001803da56300
[2025-06-17T23:39:19.126+0300][2596][15388][info ][gc       ] GC(9) Pause Init Update Refs 0.007ms
[2025-06-17T23:39:19.126+0300][2596][15388][info ][safepoint] Safepoint "ShenandoahInitUpdateRefs", Time since last: 10979301 ns, Reaching safepoint: 156500 ns, Cleanup: 5799 ns, At safepoint: 53001 ns, Total: 215300 ns
[2025-06-17T23:39:19.140+0300][2596][22412][info ][gc       ] GC(9) Concurrent update references 12.520ms
[2025-06-17T23:39:19.140+0300][2596][14224][debug][safepoint] ... found polling page loop exception at pc = 0x000001803e0556ec, stub =0x000001803da55a80
[2025-06-17T23:39:19.140+0300][2596][15960][debug][safepoint] ... found polling page loop exception at pc = 0x000001803e058607, stub =0x000001803da56300
[2025-06-17T23:39:19.140+0300][2596][19892][debug][safepoint] ... found polling page loop exception at pc = 0x000001803e0556ec, stub =0x000001803da55a80
[2025-06-17T23:39:19.140+0300][2596][13048][debug][safepoint] ... found polling page loop exception at pc = 0x000001803e0556ec, stub =0x000001803da55a80
[2025-06-17T23:39:19.140+0300][2596][16332][debug][safepoint] ... found polling page loop exception at pc = 0x000001803e0706fb, stub =0x000001803da56300
[2025-06-17T23:39:19.140+0300][2596][5472 ][debug][safepoint] ... found polling page loop exception at pc = 0x000001803e0556ec, stub =0x000001803da55a80
[2025-06-17T23:39:19.140+0300][2596][22412][info ][gc       ] GC(9) Concurrent update thread roots 0.287ms
[2025-06-17T23:39:19.140+0300][2596][15388][debug][safepoint] Safepoint synchronization initiated using striped semaphore wait barrier. (20 threads)
[2025-06-17T23:39:19.140+0300][2596][13048][debug][safepoint] ... found polling page loop exception at pc = 0x000001803e06abce, stub =0x000001803da56300
[2025-06-17T23:39:19.140+0300][2596][14224][debug][safepoint] ... found polling page loop exception at pc = 0x000001803e1753df, stub =0x000001803da56300
[2025-06-17T23:39:19.140+0300][2596][5472 ][debug][safepoint] ... found polling page loop exception at pc = 0x000001803e0556ec, stub =0x000001803da55a80
[2025-06-17T23:39:19.140+0300][2596][3228 ][debug][safepoint] ... found polling page loop exception at pc = 0x000001803e06abce, stub =0x000001803da56300
[2025-06-17T23:39:19.140+0300][2596][16332][debug][safepoint] ... found polling page loop exception at pc = 0x000001803e0556ec, stub =0x000001803da55a80
[2025-06-17T23:39:19.140+0300][2596][22104][debug][safepoint] ... found polling page loop exception at pc = 0x000001803e0556ec, stub =0x000001803da55a80
[2025-06-17T23:39:19.140+0300][2596][15388][info ][gc       ] GC(9) Pause Final Update Refs 0.036ms
[2025-06-17T23:39:19.140+0300][2596][15388][info ][safepoint] Safepoint "ShenandoahFinalUpdateRefs", Time since last: 12946300 ns, Reaching safepoint: 182800 ns, Cleanup: 3300 ns, At safepoint: 68899 ns, Total: 254999 ns
[2025-06-17T23:39:19.140+0300][2596][22412][info ][gc       ] GC(9) Concurrent cleanup 318M->166M(2048M) 0.017ms
[2025-06-17T23:39:19.458+0300][2596][22412][info ][gc       ] Trigger: Average GC time (82.71 ms) is above the time for average allocation rate (4249 MB/s) to deplete free headroom (342M) (margin of error = 1.78)
[2025-06-17T23:39:19.458+0300][2596][22412][info ][gc       ] GC(10) Concurrent reset 0.819ms
[2025-06-17T23:39:19.458+0300][2596][15388][debug][safepoint] Safepoint synchronization initiated using striped semaphore wait barrier. (20 threads)
[2025-06-17T23:39:19.458+0300][2596][15960][debug][safepoint] ... found polling page loop exception at pc = 0x000001803e0556ec, stub =0x000001803da55a80
[2025-06-17T23:39:19.458+0300][2596][19892][debug][safepoint] ... found polling page loop exception at pc = 0x000001803e0e8a02, stub =0x000001803da55a80
[2025-06-17T23:39:19.458+0300][2596][15388][info ][gc       ] GC(10) Pause Init Mark (unload classes) 0.036ms
[2025-06-17T23:39:19.458+0300][2596][15388][info ][safepoint] Safepoint "ShenandoahInitMark", Time since last: 317374801 ns, Reaching safepoint: 138700 ns, Cleanup: 11600 ns, At safepoint: 81400 ns, Total: 231700 ns
[2025-06-17T23:39:19.458+0300][2596][22412][info ][gc       ] GC(10) Concurrent marking roots 0.153ms
[2025-06-17T23:39:19.462+0300][2596][19892][debug][safepoint] ... found polling page loop exception at pc = 0x000001803e0f19db, stub =0x000001803da56300
[2025-06-17T23:39:19.462+0300][2596][5472 ][debug][safepoint] ... found polling page loop exception at pc = 0x000001803e0e10b1, stub =0x000001803da56300
[2025-06-17T23:39:19.462+0300][2596][14224][debug][safepoint] ... found polling page loop exception at pc = 0x000001803e0556ec, stub =0x000001803da55a80
[2025-06-17T23:39:19.462+0300][2596][22104][debug][safepoint] ... found polling page loop exception at pc = 0x000001803e06abce, stub =0x000001803da56300
[2025-06-17T23:39:19.462+0300][2596][16332][debug][safepoint] ... found polling page loop exception at pc = 0x000001803e0bc782, stub =0x000001803da56300
[2025-06-17T23:39:19.462+0300][2596][3228 ][debug][safepoint] ... found polling page loop exception at pc = 0x000001803e06abce, stub =0x000001803da56300
[2025-06-17T23:39:19.462+0300][2596][15960][debug][safepoint] ... found polling page loop exception at pc = 0x000001803e0556ec, stub =0x000001803da55a80
[2025-06-17T23:39:19.462+0300][2596][19892][debug][safepoint] ... found polling page loop exception at pc = 0x000001803e06abce, stub =0x000001803da56300
[2025-06-17T23:39:19.462+0300][2596][22104][debug][safepoint] ... found polling page loop exception at pc = 0x000001803e0556ec, stub =0x000001803da55a80
[2025-06-17T23:39:19.462+0300][2596][13048][debug][safepoint] ... found polling page loop exception at pc = 0x000001803e0556ec, stub =0x000001803da55a80
[2025-06-17T23:39:19.462+0300][2596][14224][debug][safepoint] ... found polling page loop exception at pc = 0x000001803e0556ec, stub =0x000001803da55a80
[2025-06-17T23:39:19.474+0300][2596][13048][debug][safepoint] ... found polling page loop exception at pc = 0x000001803e0556ec, stub =0x000001803da55a80
[2025-06-17T23:39:19.474+0300][2596][15960][debug][safepoint] ... found polling page loop exception at pc = 0x000001803e092475, stub =0x000001803da55a80
[2025-06-17T23:39:19.474+0300][2596][16332][debug][safepoint] ... found polling page loop exception at pc = 0x000001803e0556ec, stub =0x000001803da55a80
[2025-06-17T23:39:19.474+0300][2596][3228 ][debug][safepoint] ... found polling page loop exception at pc = 0x000001803e0556ec, stub =0x000001803da55a80
[2025-06-17T23:39:19.474+0300][2596][14224][debug][safepoint] ... found polling page loop exception at pc = 0x000001803e0a3218, stub =0x000001803da56300
[2025-06-17T23:39:19.474+0300][2596][22412][info ][gc       ] GC(10) Concurrent marking (unload classes) 14.590ms
[2025-06-17T23:39:19.474+0300][2596][15388][debug][safepoint] Safepoint synchronization initiated using striped semaphore wait barrier. (20 threads)
[2025-06-17T23:39:19.474+0300][2596][13048][debug][safepoint] ... found polling page loop exception at pc = 0x000001803e0556ec, stub =0x000001803da55a80
[2025-06-17T23:39:19.474+0300][2596][14224][debug][safepoint] ... found polling page loop exception at pc = 0x000001803e092475, stub =0x000001803da55a80
[2025-06-17T23:39:19.474+0300][2596][3228 ][debug][safepoint] ... found polling page loop exception at pc = 0x000001803e0556ec, stub =0x000001803da55a80
[2025-06-17T23:39:19.474+0300][2596][19892][debug][safepoint] ... found polling page loop exception at pc = 0x000001803e0556ec, stub =0x000001803da55a80
[2025-06-17T23:39:19.474+0300][2596][22104][debug][safepoint] ... found polling page loop exception at pc = 0x000001803e0556ec, stub =0x000001803da55a80
[2025-06-17T23:39:19.474+0300][2596][5472 ][debug][safepoint] ... found polling page loop exception at pc = 0x000001803e058607, stub =0x000001803da56300
[2025-06-17T23:39:19.474+0300][2596][15960][debug][safepoint] ... found polling page loop exception at pc = 0x000001803e0556ec, stub =0x000001803da55a80
[2025-06-17T23:39:19.474+0300][2596][15388][info ][gc       ] GC(10) Pause Final Mark (unload classes) 0.099ms
[2025-06-17T23:39:19.474+0300][2596][15388][info ][safepoint] Safepoint "ShenandoahFinalMarkStartEvac", Time since last: 14837599 ns, Reaching safepoint: 196701 ns, Cleanup: 3899 ns, At safepoint: 132701 ns, Total: 333301 ns
[2025-06-17T23:39:19.474+0300][2596][22412][info ][gc       ] GC(10) Concurrent thread roots 0.111ms
[2025-06-17T23:39:19.474+0300][2596][22412][info ][gc       ] GC(10) Concurrent weak references 0.095ms
[2025-06-17T23:39:19.474+0300][2596][3228 ][debug][safepoint] ... found polling page loop exception at pc = 0x000001803e07ec94, stub =0x000001803da56300
[2025-06-17T23:39:19.474+0300][2596][15960][debug][safepoint] ... found polling page loop exception at pc = 0x000001803e0bc782, stub =0x000001803da56300
[2025-06-17T23:39:19.474+0300][2596][5472 ][debug][safepoint] ... found polling page loop exception at pc = 0x000001803e0556ec, stub =0x000001803da55a80
[2025-06-17T23:39:19.474+0300][2596][16332][debug][safepoint] ... found polling page loop exception at pc = 0x000001803e05bce7, stub =0x000001803da56300
[2025-06-17T23:39:19.474+0300][2596][14224][debug][safepoint] ... found polling page loop exception at pc = 0x000001803e0556ec, stub =0x000001803da55a80
[2025-06-17T23:39:19.474+0300][2596][13048][debug][safepoint] ... found polling page loop exception at pc = 0x000001803e0f5475, stub =0x000001803da55a80
[2025-06-17T23:39:19.474+0300][2596][22104][debug][safepoint] ... found polling page loop exception at pc = 0x000001803e0556ec, stub =0x000001803da55a80
[2025-06-17T23:39:19.474+0300][2596][22412][info ][gc       ] GC(10) Concurrent weak roots 0.986ms
[2025-06-17T23:39:19.474+0300][2596][22412][info ][gc       ] GC(10) Concurrent cleanup 1572M->234M(2048M) 0.090ms
[2025-06-17T23:39:19.474+0300][2596][22412][debug][gc,phases] GC(10) ClassLoaderData 0.009ms
[2025-06-17T23:39:19.474+0300][2596][22412][debug][gc,phases] GC(10) Trigger cleanups 0.000ms
[2025-06-17T23:39:19.477+0300][2596][13048][debug][safepoint] ... found polling page loop exception at pc = 0x000001803e0556ec, stub =0x000001803da55a80
[2025-06-17T23:39:19.477+0300][2596][22104][debug][safepoint] ... found polling page loop exception at pc = 0x000001803e0556ec, stub =0x000001803da55a80
[2025-06-17T23:39:19.477+0300][2596][3228 ][debug][safepoint] ... found polling page loop exception at pc = 0x000001803e06abce, stub =0x000001803da56300
[2025-06-17T23:39:19.477+0300][2596][22412][info ][gc       ] GC(10) Concurrent class unloading 2.062ms
[2025-06-17T23:39:19.477+0300][2596][22412][info ][gc       ] GC(10) Concurrent strong roots 0.163ms
[2025-06-17T23:39:19.477+0300][2596][22412][info ][gc       ] GC(10) Concurrent evacuation 1.053ms
[2025-06-17T23:39:19.477+0300][2596][15388][debug][safepoint] Safepoint synchronization initiated using striped semaphore wait barrier. (20 threads)
[2025-06-17T23:39:19.477+0300][2596][16332][debug][safepoint] ... found polling page loop exception at pc = 0x000001803e0556ec, stub =0x000001803da55a80
[2025-06-17T23:39:19.479+0300][2596][5472 ][debug][safepoint] ... found polling page loop exception at pc = 0x000001803e0556ec, stub =0x000001803da55a80
[2025-06-17T23:39:19.479+0300][2596][15960][debug][safepoint] ... found polling page loop exception at pc = 0x000001803e07ec94, stub =0x000001803da56300
[2025-06-17T23:39:19.479+0300][2596][15388][info ][gc       ] GC(10) Pause Init Update Refs 0.007ms
[2025-06-17T23:39:19.479+0300][2596][15388][info ][safepoint] Safepoint "ShenandoahInitUpdateRefs", Time since last: 4787300 ns, Reaching safepoint: 184900 ns, Cleanup: 3600 ns, At safepoint: 40400 ns, Total: 228900 ns
[2025-06-17T23:39:19.489+0300][2596][22412][info ][gc       ] GC(10) Concurrent update references 10.972ms
[2025-06-17T23:39:19.489+0300][2596][15960][debug][safepoint] ... found polling page loop exception at pc = 0x000001803e0556ec, stub =0x000001803da55a80
[2025-06-17T23:39:19.489+0300][2596][5472 ][debug][safepoint] ... found polling page loop exception at pc = 0x000001803e0556ec, stub =0x000001803da55a80
[2025-06-17T23:39:19.489+0300][2596][14224][debug][safepoint] ... found polling page loop exception at pc = 0x000001803e0556ec, stub =0x000001803da55a80
[2025-06-17T23:39:19.489+0300][2596][22104][debug][safepoint] ... found polling page loop exception at pc = 0x000001803e0556ec, stub =0x000001803da55a80
[2025-06-17T23:39:19.489+0300][2596][3228 ][debug][safepoint] ... found polling page loop exception at pc = 0x000001803e0556ec, stub =0x000001803da55a80
[2025-06-17T23:39:19.489+0300][2596][19892][debug][safepoint] ... found polling page loop exception at pc = 0x000001803e05bce7, stub =0x000001803da56300
[2025-06-17T23:39:19.489+0300][2596][16332][debug][safepoint] ... found polling page loop exception at pc = 0x000001803e0556ec, stub =0x000001803da55a80
[2025-06-17T23:39:19.505+0300][2596][22412][info ][gc       ] GC(10) Concurrent update thread roots 14.630ms
[2025-06-17T23:39:19.505+0300][2596][15388][debug][safepoint] Safepoint synchronization initiated using striped semaphore wait barrier. (20 threads)
[2025-06-17T23:39:19.505+0300][2596][22104][debug][safepoint] ... found polling page loop exception at pc = 0x000001803e0bc782, stub =0x000001803da56300
[2025-06-17T23:39:19.505+0300][2596][5472 ][debug][safepoint] ... found polling page loop exception at pc = 0x000001803e0556ec, stub =0x000001803da55a80
[2025-06-17T23:39:19.505+0300][2596][15388][info ][gc       ] GC(10) Pause Final Update Refs 0.049ms
[2025-06-17T23:39:19.505+0300][2596][15388][info ][safepoint] Safepoint "ShenandoahFinalUpdateRefs", Time since last: 25732900 ns, Reaching safepoint: 120799 ns, Cleanup: 4601 ns, At safepoint: 88999 ns, Total: 214399 ns
[2025-06-17T23:39:19.505+0300][2596][22412][info ][gc       ] GC(10) Concurrent cleanup 333M->182M(2048M) 0.025ms
[2025-06-17T23:39:19.837+0300][2596][22412][info ][gc       ] Trigger: Average GC time (72.66 ms) is above the time for average allocation rate (4292 MB/s) to deplete free headroom (280M) (margin of error = 1.78)
[2025-06-17T23:39:19.837+0300][2596][22412][info ][gc       ] GC(11) Concurrent reset 0.686ms
[2025-06-17T23:39:19.837+0300][2596][15388][debug][safepoint] Safepoint synchronization initiated using striped semaphore wait barrier. (19 threads)
[2025-06-17T23:39:19.837+0300][2596][3228 ][debug][safepoint] ... found polling page loop exception at pc = 0x000001803e0556ec, stub =0x000001803da55a80
[2025-06-17T23:39:19.837+0300][2596][5472 ][debug][safepoint] ... found polling page loop exception at pc = 0x000001803e0bc782, stub =0x000001803da56300
[2025-06-17T23:39:19.837+0300][2596][16332][debug][safepoint] ... found polling page loop exception at pc = 0x000001803e0706fb, stub =0x000001803da56300
[2025-06-17T23:39:19.837+0300][2596][19892][debug][safepoint] ... found polling page loop exception at pc = 0x000001803e0556ec, stub =0x000001803da55a80
[2025-06-17T23:39:19.837+0300][2596][14224][debug][safepoint] ... found polling page loop exception at pc = 0x000001803e092475, stub =0x000001803da55a80
[2025-06-17T23:39:19.837+0300][2596][15960][debug][safepoint] ... found polling page loop exception at pc = 0x000001803e06abce, stub =0x000001803da56300
[2025-06-17T23:39:19.837+0300][2596][15388][info ][gc       ] GC(11) Pause Init Mark (unload classes) 0.027ms
[2025-06-17T23:39:19.837+0300][2596][15388][info ][safepoint] Safepoint "ShenandoahInitMark", Time since last: 332427300 ns, Reaching safepoint: 362101 ns, Cleanup: 11099 ns, At safepoint: 72301 ns, Total: 445501 ns
[2025-06-17T23:39:19.837+0300][2596][22412][info ][gc       ] GC(11) Concurrent marking roots 0.141ms
[2025-06-17T23:39:19.841+0300][2596][3228 ][debug][safepoint] ... found polling page loop exception at pc = 0x000001803e06abce, stub =0x000001803da56300
[2025-06-17T23:39:19.841+0300][2596][22104][debug][safepoint] ... found polling page loop exception at pc = 0x000001803e0bc782, stub =0x000001803da56300
[2025-06-17T23:39:19.841+0300][2596][13048][debug][safepoint] ... found polling page loop exception at pc = 0x000001803e0556ec, stub =0x000001803da55a80
[2025-06-17T23:39:19.841+0300][2596][5472 ][debug][safepoint] ... found polling page loop exception at pc = 0x000001803e0556ec, stub =0x000001803da55a80
[2025-06-17T23:39:19.843+0300][2596][19892][debug][safepoint] ... found polling page loop exception at pc = 0x000001803e05bce7, stub =0x000001803da56300
[2025-06-17T23:39:19.845+0300][2596][19892][debug][safepoint] ... found polling page loop exception at pc = 0x000001803e0556ec, stub =0x000001803da55a80
[2025-06-17T23:39:19.845+0300][2596][15960][debug][safepoint] ... found polling page loop exception at pc = 0x000001803e0556ec, stub =0x000001803da55a80
[2025-06-17T23:39:19.845+0300][2596][5472 ][debug][safepoint] ... found polling page loop exception at pc = 0x000001803e058607, stub =0x000001803da56300
[2025-06-17T23:39:19.845+0300][2596][22104][debug][safepoint] ... found polling page loop exception at pc = 0x000001803e0a3218, stub =0x000001803da56300
[2025-06-17T23:39:19.845+0300][2596][13048][debug][safepoint] ... found polling page loop exception at pc = 0x000001803e058607, stub =0x000001803da56300
[2025-06-17T23:39:19.847+0300][2596][14224][debug][safepoint] ... found polling page loop exception at pc = 0x000001803e0556ec, stub =0x000001803da55a80
[2025-06-17T23:39:19.847+0300][2596][22104][debug][safepoint] ... found polling page loop exception at pc = 0x000001803e0556ec, stub =0x000001803da55a80
[2025-06-17T23:39:19.847+0300][2596][16332][debug][safepoint] ... found polling page loop exception at pc = 0x000001803e0556ec, stub =0x000001803da55a80
[2025-06-17T23:39:19.847+0300][2596][13048][debug][safepoint] ... found polling page loop exception at pc = 0x000001803e0706fb, stub =0x000001803da56300
[2025-06-17T23:39:19.847+0300][2596][3228 ][debug][safepoint] ... found polling page loop exception at pc = 0x000001803e0556ec, stub =0x000001803da55a80
[2025-06-17T23:39:19.852+0300][2596][19892][debug][safepoint] ... found polling page loop exception at pc = 0x000001803e0584a0, stub =0x000001803da56300
[2025-06-17T23:39:19.868+0300][2596][22412][info ][gc       ] GC(11) Concurrent marking (unload classes) 30.171ms
[2025-06-17T23:39:19.868+0300][2596][15388][debug][safepoint] Safepoint synchronization initiated using striped semaphore wait barrier. (19 threads)
[2025-06-17T23:39:19.868+0300][2596][14224][debug][safepoint] ... found polling page loop exception at pc = 0x000001803e06abce, stub =0x000001803da56300
[2025-06-17T23:39:19.868+0300][2596][5472 ][debug][safepoint] ... found polling page loop exception at pc = 0x000001803e0547fb, stub =0x000001803da55a80
[2025-06-17T23:39:19.868+0300][2596][22104][debug][safepoint] ... found polling page loop exception at pc = 0x000001803e0556ec, stub =0x000001803da55a80
[2025-06-17T23:39:19.868+0300][2596][3228 ][debug][safepoint] ... found polling page loop exception at pc = 0x000001803e0556ec, stub =0x000001803da55a80
[2025-06-17T23:39:19.868+0300][2596][13048][debug][safepoint] ... found polling page loop exception at pc = 0x000001803e1753df, stub =0x000001803da56300
[2025-06-17T23:39:19.868+0300][2596][15960][debug][safepoint] ... found polling page loop exception at pc = 0x000001803e19118b, stub =0x000001803da55a80
[2025-06-17T23:39:19.868+0300][2596][15388][info ][gc       ] GC(11) Pause Final Mark (unload classes) 0.133ms
[2025-06-17T23:39:19.868+0300][2596][15388][info ][safepoint] Safepoint "ShenandoahFinalMarkStartEvac", Time since last: 30443000 ns, Reaching safepoint: 260800 ns, Cleanup: 6400 ns, At safepoint: 171400 ns, Total: 438600 ns
[2025-06-17T23:39:19.868+0300][2596][22412][info ][gc       ] GC(11) Concurrent thread roots 0.131ms
[2025-06-17T23:39:19.868+0300][2596][22412][info ][gc       ] GC(11) Concurrent weak references 0.105ms
[2025-06-17T23:39:19.868+0300][2596][16332][debug][safepoint] ... found polling page loop exception at pc = 0x000001803e0556ec, stub =0x000001803da55a80
[2025-06-17T23:39:19.868+0300][2596][14224][debug][safepoint] ... found polling page loop exception at pc = 0x000001803e0556ec, stub =0x000001803da55a80
[2025-06-17T23:39:19.868+0300][2596][3228 ][debug][safepoint] ... found polling page loop exception at pc = 0x000001803e0556ec, stub =0x000001803da55a80
[2025-06-17T23:39:19.868+0300][2596][5472 ][debug][safepoint] ... found polling page loop exception at pc = 0x000001803e0556ec, stub =0x000001803da55a80
[2025-06-17T23:39:19.868+0300][2596][22104][debug][safepoint] ... found polling page loop exception at pc = 0x000001803e0556ec, stub =0x000001803da55a80
[2025-06-17T23:39:19.868+0300][2596][13048][debug][safepoint] ... found polling page loop exception at pc = 0x000001803e0e8a02, stub =0x000001803da55a80
[2025-06-17T23:39:19.868+0300][2596][22412][info ][gc       ] GC(11) Concurrent weak roots 1.127ms
[2025-06-17T23:39:19.868+0300][2596][22412][info ][gc       ] GC(11) Concurrent cleanup 1672M->276M(2048M) 0.084ms
[2025-06-17T23:39:19.868+0300][2596][22412][debug][gc,phases] GC(11) ClassLoaderData 0.015ms
[2025-06-17T23:39:19.868+0300][2596][22412][debug][gc,phases] GC(11) Trigger cleanups 0.000ms
[2025-06-17T23:39:19.871+0300][2596][22104][debug][safepoint] ... found polling page loop exception at pc = 0x000001803e0556ec, stub =0x000001803da55a80
[2025-06-17T23:39:19.871+0300][2596][16332][debug][safepoint] ... found polling page loop exception at pc = 0x000001803e0556ec, stub =0x000001803da55a80
[2025-06-17T23:39:19.871+0300][2596][14224][debug][safepoint] ... found polling page loop exception at pc = 0x000001803e0556ec, stub =0x000001803da55a80
[2025-06-17T23:39:19.871+0300][2596][15960][debug][safepoint] ... found polling page loop exception at pc = 0x000001803e0706fb, stub =0x000001803da56300
[2025-06-17T23:39:19.871+0300][2596][5472 ][debug][safepoint] ... found polling page loop exception at pc = 0x000001803e0556ec, stub =0x000001803da55a80
[2025-06-17T23:39:19.871+0300][2596][3228 ][debug][safepoint] ... found polling page loop exception at pc = 0x000001803e0766b0, stub =0x000001803da56300
[2025-06-17T23:39:19.871+0300][2596][19892][debug][safepoint] ... found polling page loop exception at pc = 0x000001803e0556ec, stub =0x000001803da55a80
[2025-06-17T23:39:19.900+0300][2596][22412][info ][gc       ] GC(11) Concurrent class unloading 29.844ms
[2025-06-17T23:39:19.900+0300][2596][22412][info ][gc       ] GC(11) Concurrent strong roots 0.196ms
[2025-06-17T23:39:19.900+0300][2596][22412][info ][gc       ] GC(11) Concurrent evacuation 0.992ms
[2025-06-17T23:39:19.900+0300][2596][15388][debug][safepoint] Safepoint synchronization initiated using striped semaphore wait barrier. (19 threads)
[2025-06-17T23:39:19.900+0300][2596][19892][debug][safepoint] ... found polling page loop exception at pc = 0x000001803e0556ec, stub =0x000001803da55a80
[2025-06-17T23:39:19.900+0300][2596][5472 ][debug][safepoint] ... found polling page loop exception at pc = 0x000001803e0556ec, stub =0x000001803da55a80
[2025-06-17T23:39:19.900+0300][2596][14224][debug][safepoint] ... found polling page loop exception at pc = 0x000001803e06abce, stub =0x000001803da56300
[2025-06-17T23:39:19.900+0300][2596][15960][debug][safepoint] ... found polling page loop exception at pc = 0x000001803e0556ec, stub =0x000001803da55a80
[2025-06-17T23:39:19.900+0300][2596][22104][debug][safepoint] ... found polling page loop exception at pc = 0x000001803e05bce7, stub =0x000001803da56300
[2025-06-17T23:39:19.900+0300][2596][16332][debug][safepoint] ... found polling page loop exception at pc = 0x000001803e0706fb, stub =0x000001803da56300
[2025-06-17T23:39:19.902+0300][2596][15388][info ][gc       ] GC(11) Pause Init Update Refs 0.023ms
[2025-06-17T23:39:19.902+0300][2596][15388][info ][safepoint] Safepoint "ShenandoahInitUpdateRefs", Time since last: 32758100 ns, Reaching safepoint: 458400 ns, Cleanup: 6499 ns, At safepoint: 59800 ns, Total: 524699 ns
[2025-06-17T23:39:19.918+0300][2596][22412][info ][gc       ] GC(11) Concurrent update references 17.047ms
[2025-06-17T23:39:19.918+0300][2596][19892][debug][safepoint] ... found polling page loop exception at pc = 0x000001803e0556ec, stub =0x000001803da55a80
[2025-06-17T23:39:19.918+0300][2596][14224][debug][safepoint] ... found polling page loop exception at pc = 0x000001803e092475, stub =0x000001803da55a80
[2025-06-17T23:39:19.918+0300][2596][15960][debug][safepoint] ... found polling page loop exception at pc = 0x000001803e0556ec, stub =0x000001803da55a80
[2025-06-17T23:39:19.918+0300][2596][3228 ][debug][safepoint] ... found polling page loop exception at pc = 0x000001803e0556ec, stub =0x000001803da55a80
[2025-06-17T23:39:19.918+0300][2596][13048][debug][safepoint] ... found polling page loop exception at pc = 0x000001803e0556ec, stub =0x000001803da55a80
[2025-06-17T23:39:19.918+0300][2596][5472 ][debug][safepoint] ... found polling page loop exception at pc = 0x000001803e0556ec, stub =0x000001803da55a80
[2025-06-17T23:39:19.932+0300][2596][22412][info ][gc       ] GC(11) Concurrent update thread roots 12.487ms
[2025-06-17T23:39:19.932+0300][2596][15388][debug][safepoint] Safepoint synchronization initiated using striped semaphore wait barrier. (19 threads)
[2025-06-17T23:39:19.932+0300][2596][22104][debug][safepoint] ... found polling page loop exception at pc = 0x000001803e05bce7, stub =0x000001803da56300
[2025-06-17T23:39:19.932+0300][2596][14224][debug][safepoint] ... found polling page loop exception at pc = 0x000001803e0556ec, stub =0x000001803da55a80
[2025-06-17T23:39:19.932+0300][2596][19892][debug][safepoint] ... found polling page loop exception at pc = 0x000001803e0706fb, stub =0x000001803da56300
[2025-06-17T23:39:19.932+0300][2596][5472 ][debug][safepoint] ... found polling page loop exception at pc = 0x000001803e0706fb, stub =0x000001803da56300
[2025-06-17T23:39:19.932+0300][2596][3228 ][debug][safepoint] ... found polling page loop exception at pc = 0x000001803e0556ec, stub =0x000001803da55a80
[2025-06-17T23:39:19.932+0300][2596][16332][debug][safepoint] ... found polling page loop exception at pc = 0x000001803e0556ec, stub =0x000001803da55a80
[2025-06-17T23:39:19.932+0300][2596][15388][info ][gc       ] GC(11) Pause Final Update Refs 0.084ms
[2025-06-17T23:39:19.932+0300][2596][15388][info ][safepoint] Safepoint "ShenandoahFinalUpdateRefs", Time since last: 29688301 ns, Reaching safepoint: 336699 ns, Cleanup: 8600 ns, At safepoint: 167001 ns, Total: 512300 ns
[2025-06-17T23:39:19.932+0300][2596][22412][info ][gc       ] GC(11) Concurrent cleanup 423M->268M(2048M) 0.034ms
[2025-06-17T23:39:20.342+0300][2596][22412][info ][gc       ] Trigger: Average GC time (118.85 ms) is above the time for average allocation rate (3116 MB/s) to deplete free headroom (354M) (margin of error = 1.79)
[2025-06-17T23:39:20.342+0300][2596][22412][info ][gc       ] GC(12) Concurrent reset 0.764ms
[2025-06-17T23:39:20.342+0300][2596][15388][debug][safepoint] Safepoint synchronization initiated using striped semaphore wait barrier. (19 threads)
[2025-06-17T23:39:20.342+0300][2596][16332][debug][safepoint] ... found polling page loop exception at pc = 0x000001803e0a3218, stub =0x000001803da56300
[2025-06-17T23:39:20.342+0300][2596][3228 ][debug][safepoint] ... found polling page loop exception at pc = 0x000001803e0556ec, stub =0x000001803da55a80
[2025-06-17T23:39:20.342+0300][2596][13048][debug][safepoint] ... found polling page loop exception at pc = 0x000001803e05bce7, stub =0x000001803da56300
[2025-06-17T23:39:20.342+0300][2596][19892][debug][safepoint] ... found polling page loop exception at pc = 0x000001803e0556ec, stub =0x000001803da55a80
[2025-06-17T23:39:20.342+0300][2596][14224][debug][safepoint] ... found polling page loop exception at pc = 0x000001803e0556ec, stub =0x000001803da55a80
[2025-06-17T23:39:20.342+0300][2596][15388][info ][gc       ] GC(12) Pause Init Mark (unload classes) 0.039ms
[2025-06-17T23:39:20.342+0300][2596][15388][info ][safepoint] Safepoint "ShenandoahInitMark", Time since last: 410984000 ns, Reaching safepoint: 335600 ns, Cleanup: 5700 ns, At safepoint: 85200 ns, Total: 426500 ns
[2025-06-17T23:39:20.342+0300][2596][22412][info ][gc       ] GC(12) Concurrent marking roots 0.148ms
[2025-06-17T23:39:20.346+0300][2596][13048][debug][safepoint] ... found polling page loop exception at pc = 0x000001803e18899e, stub =0x000001803da56300
[2025-06-17T23:39:20.346+0300][2596][3228 ][debug][safepoint] ... found polling page loop exception at pc = 0x000001803e0556ec, stub =0x000001803da55a80
[2025-06-17T23:39:20.346+0300][2596][14224][debug][safepoint] ... found polling page loop exception at pc = 0x000001803e0556ec, stub =0x000001803da55a80
[2025-06-17T23:39:20.346+0300][2596][5472 ][debug][safepoint] ... found polling page loop exception at pc = 0x000001803e0556ec, stub =0x000001803da55a80
[2025-06-17T23:39:20.346+0300][2596][22104][debug][safepoint] ... found polling page loop exception at pc = 0x000001803e0556ec, stub =0x000001803da55a80
[2025-06-17T23:39:20.346+0300][2596][19892][debug][safepoint] ... found polling page loop exception at pc = 0x000001803e06abce, stub =0x000001803da56300
[2025-06-17T23:39:20.346+0300][2596][15960][debug][safepoint] ... found polling page loop exception at pc = 0x000001803e0556ec, stub =0x000001803da55a80
[2025-06-17T23:39:20.346+0300][2596][16332][debug][safepoint] ... found polling page loop exception at pc = 0x000001803e0556ec, stub =0x000001803da55a80
[2025-06-17T23:39:20.358+0300][2596][13048][debug][safepoint] ... found polling page loop exception at pc = 0x000001803e0556ec, stub =0x000001803da55a80
[2025-06-17T23:39:20.358+0300][2596][15960][debug][safepoint] ... found polling page loop exception at pc = 0x000001803e0706fb, stub =0x000001803da56300
[2025-06-17T23:39:20.358+0300][2596][16332][debug][safepoint] ... found polling page loop exception at pc = 0x000001803e0556ec, stub =0x000001803da55a80
[2025-06-17T23:39:20.358+0300][2596][22104][debug][safepoint] ... found polling page loop exception at pc = 0x000001803e0556ec, stub =0x000001803da55a80
[2025-06-17T23:39:20.360+0300][2596][19892][debug][safepoint] ... found polling page loop exception at pc = 0x000001803e0556ec, stub =0x000001803da55a80
[2025-06-17T23:39:20.374+0300][2596][16332][debug][safepoint] ... found polling page loop exception at pc = 0x000001803e058607, stub =0x000001803da56300
[2025-06-17T23:39:20.374+0300][2596][5472 ][debug][safepoint] ... found polling page loop exception at pc = 0x000001803e0556ec, stub =0x000001803da55a80
[2025-06-17T23:39:20.374+0300][2596][14224][debug][safepoint] ... found polling page loop exception at pc = 0x000001803e0556ec, stub =0x000001803da55a80
[2025-06-17T23:39:20.374+0300][2596][15960][debug][safepoint] ... found polling page loop exception at pc = 0x000001803e0971d4, stub =0x000001803da55a80
[2025-06-17T23:39:20.374+0300][2596][19892][debug][safepoint] ... found polling page loop exception at pc = 0x000001803e0556ec, stub =0x000001803da55a80
[2025-06-17T23:39:20.374+0300][2596][3228 ][debug][safepoint] ... found polling page loop exception at pc = 0x000001803e0556ec, stub =0x000001803da55a80
[2025-06-17T23:39:20.374+0300][2596][13048][debug][safepoint] ... found polling page loop exception at pc = 0x000001803e091e2a, stub =0x000001803da55a80
[2025-06-17T23:39:20.374+0300][2596][22104][debug][safepoint] ... found polling page loop exception at pc = 0x000001803e0556ec, stub =0x000001803da55a80
[2025-06-17T23:39:20.390+0300][2596][22412][info ][gc       ] GC(12) Concurrent marking (unload classes) 45.885ms
[2025-06-17T23:39:20.390+0300][2596][15388][debug][safepoint] Safepoint synchronization initiated using striped semaphore wait barrier. (19 threads)
[2025-06-17T23:39:20.390+0300][2596][14224][debug][safepoint] ... found polling page loop exception at pc = 0x000001803e0556ec, stub =0x000001803da55a80
[2025-06-17T23:39:20.390+0300][2596][16332][debug][safepoint] ... found polling page loop exception at pc = 0x000001803e0556ec, stub =0x000001803da55a80
[2025-06-17T23:39:20.390+0300][2596][13048][debug][safepoint] ... found polling page loop exception at pc = 0x000001803e0556ec, stub =0x000001803da55a80
[2025-06-17T23:39:20.390+0300][2596][15388][info ][gc       ] GC(12) Pause Final Mark (unload classes) 0.199ms
[2025-06-17T23:39:20.390+0300][2596][15388][info ][safepoint] Safepoint "ShenandoahFinalMarkStartEvac", Time since last: 46179399 ns, Reaching safepoint: 253901 ns, Cleanup: 5500 ns, At safepoint: 258400 ns, Total: 517801 ns
[2025-06-17T23:39:20.390+0300][2596][22412][info ][gc       ] GC(12) Concurrent thread roots 0.200ms
[2025-06-17T23:39:20.390+0300][2596][22412][info ][gc       ] GC(12) Concurrent weak references 0.118ms
[2025-06-17T23:39:20.391+0300][2596][13048][debug][safepoint] ... found polling page loop exception at pc = 0x000001803e0556ec, stub =0x000001803da55a80
[2025-06-17T23:39:20.391+0300][2596][19892][debug][safepoint] ... found polling page loop exception at pc = 0x000001803e0556ec, stub =0x000001803da55a80
[2025-06-17T23:39:20.391+0300][2596][22104][debug][safepoint] ... found polling page loop exception at pc = 0x000001803e0556ec, stub =0x000001803da55a80
[2025-06-17T23:39:20.391+0300][2596][3228 ][debug][safepoint] ... found polling page loop exception at pc = 0x000001803e0556ec, stub =0x000001803da55a80
[2025-06-17T23:39:20.391+0300][2596][5472 ][debug][safepoint] ... found polling page loop exception at pc = 0x000001803e0556ec, stub =0x000001803da55a80
[2025-06-17T23:39:20.395+0300][2596][22412][info ][gc       ] GC(12) Concurrent weak roots 6.216ms
[2025-06-17T23:39:20.397+0300][2596][22412][info ][gc       ] GC(12) Concurrent cleanup 1608M->280M(2048M) 0.146ms
[2025-06-17T23:39:20.397+0300][2596][22412][debug][gc,phases] GC(12) ClassLoaderData 0.016ms
[2025-06-17T23:39:20.397+0300][2596][22412][debug][gc,phases] GC(12) Trigger cleanups 0.000ms
[2025-06-17T23:39:20.399+0300][2596][14224][debug][safepoint] ... found polling page loop exception at pc = 0x000001803e0556ec, stub =0x000001803da55a80
[2025-06-17T23:39:20.399+0300][2596][16332][debug][safepoint] ... found polling page loop exception at pc = 0x000001803e0556ec, stub =0x000001803da55a80
[2025-06-17T23:39:20.399+0300][2596][22104][debug][safepoint] ... found polling page loop exception at pc = 0x000001803e1906ec, stub =0x000001803da55a80
[2025-06-17T23:39:20.399+0300][2596][5472 ][debug][safepoint] ... found polling page loop exception at pc = 0x000001803e0584a0, stub =0x000001803da56300
[2025-06-17T23:39:20.399+0300][2596][3228 ][debug][safepoint] ... found polling page loop exception at pc = 0x000001803e0556ec, stub =0x000001803da55a80
[2025-06-17T23:39:20.399+0300][2596][19892][debug][safepoint] ... found polling page loop exception at pc = 0x000001803e0556ec, stub =0x000001803da55a80
[2025-06-17T23:39:20.399+0300][2596][22412][info ][gc       ] GC(12) Concurrent class unloading 3.326ms
[2025-06-17T23:39:20.399+0300][2596][22412][info ][gc       ] GC(12) Concurrent strong roots 0.193ms
[2025-06-17T23:39:20.401+0300][2596][22412][info ][gc       ] GC(12) Concurrent evacuation 1.278ms
[2025-06-17T23:39:20.401+0300][2596][15388][debug][safepoint] Safepoint synchronization initiated using striped semaphore wait barrier. (19 threads)
[2025-06-17T23:39:20.401+0300][2596][19892][debug][safepoint] ... found polling page loop exception at pc = 0x000001803e0556ec, stub =0x000001803da55a80
[2025-06-17T23:39:20.401+0300][2596][22104][debug][safepoint] ... found polling page loop exception at pc = 0x000001803e0556ec, stub =0x000001803da55a80
[2025-06-17T23:39:20.401+0300][2596][5472 ][debug][safepoint] ... found polling page loop exception at pc = 0x000001803e06abce, stub =0x000001803da56300
[2025-06-17T23:39:20.401+0300][2596][13048][debug][safepoint] ... found polling page loop exception at pc = 0x000001803e058607, stub =0x000001803da56300
[2025-06-17T23:39:20.401+0300][2596][15960][debug][safepoint] ... found polling page loop exception at pc = 0x000001803e0556ec, stub =0x000001803da55a80
[2025-06-17T23:39:20.401+0300][2596][15388][info ][gc       ] GC(12) Pause Init Update Refs 0.010ms
[2025-06-17T23:39:20.401+0300][2596][15388][info ][safepoint] Safepoint "ShenandoahInitUpdateRefs", Time since last: 11859500 ns, Reaching safepoint: 244600 ns, Cleanup: 5000 ns, At safepoint: 66200 ns, Total: 315800 ns
[2025-06-17T23:39:20.423+0300][2596][22412][info ][gc       ] GC(12) Concurrent update references 21.172ms
[2025-06-17T23:39:20.423+0300][2596][16332][debug][safepoint] ... found polling page loop exception at pc = 0x000001803e05a45d, stub =0x000001803da56300
[2025-06-17T23:39:20.423+0300][2596][3228 ][debug][safepoint] ... found polling page loop exception at pc = 0x000001803e0556ec, stub =0x000001803da55a80
[2025-06-17T23:39:20.423+0300][2596][14224][debug][safepoint] ... found polling page loop exception at pc = 0x000001803e0bc782, stub =0x000001803da56300
[2025-06-17T23:39:20.423+0300][2596][13048][debug][safepoint] ... found polling page loop exception at pc = 0x000001803e0556ec, stub =0x000001803da55a80
[2025-06-17T23:39:20.423+0300][2596][22412][info ][gc       ] GC(12) Concurrent update thread roots 0.755ms
[2025-06-17T23:39:20.423+0300][2596][15388][debug][safepoint] Safepoint synchronization initiated using striped semaphore wait barrier. (19 threads)
[2025-06-17T23:39:20.423+0300][2596][14224][debug][safepoint] ... found polling page loop exception at pc = 0x000001803e096f0b, stub =0x000001803da55a80
[2025-06-17T23:39:20.423+0300][2596][22104][debug][safepoint] ... found polling page loop exception at pc = 0x000001803e0556ec, stub =0x000001803da55a80
[2025-06-17T23:39:20.423+0300][2596][15960][debug][safepoint] ... found polling page loop exception at pc = 0x000001803e0556ec, stub =0x000001803da55a80
[2025-06-17T23:39:20.423+0300][2596][16332][debug][safepoint] ... found polling page loop exception at pc = 0x000001803e0556ec, stub =0x000001803da55a80
[2025-06-17T23:39:20.423+0300][2596][15388][info ][gc       ] GC(12) Pause Final Update Refs 0.069ms
[2025-06-17T23:39:20.423+0300][2596][15388][info ][safepoint] Safepoint "ShenandoahFinalUpdateRefs", Time since last: 22082399 ns, Reaching safepoint: 240300 ns, Cleanup: 5800 ns, At safepoint: 125401 ns, Total: 371501 ns
[2025-06-17T23:39:20.423+0300][2596][22412][info ][gc       ] GC(12) Concurrent cleanup 336M->187M(2048M) 0.040ms
[2025-06-17T23:39:20.880+0300][2596][22412][info ][gc       ] Trigger: Average GC time (112.21 ms) is above the time for average allocation rate (2939 MB/s) to deplete free headroom (329M) (margin of error = 1.79)
[2025-06-17T23:39:20.880+0300][2596][22412][info ][gc       ] GC(13) Concurrent reset 0.990ms
[2025-06-17T23:39:20.880+0300][2596][15388][debug][safepoint] Safepoint synchronization initiated using striped semaphore wait barrier. (19 threads)
[2025-06-17T23:39:20.880+0300][2596][22104][debug][safepoint] ... found polling page loop exception at pc = 0x000001803e0bc782, stub =0x000001803da56300
[2025-06-17T23:39:20.880+0300][2596][3228 ][debug][safepoint] ... found polling page loop exception at pc = 0x000001803e0556ec, stub =0x000001803da55a80
[2025-06-17T23:39:20.880+0300][2596][15960][debug][safepoint] ... found polling page loop exception at pc = 0x000001803e0556ec, stub =0x000001803da55a80
[2025-06-17T23:39:20.880+0300][2596][5472 ][debug][safepoint] ... found polling page loop exception at pc = 0x000001803e0547fb, stub =0x000001803da55a80
[2025-06-17T23:39:20.880+0300][2596][19892][debug][safepoint] ... found polling page loop exception at pc = 0x000001803e0bc782, stub =0x000001803da56300
[2025-06-17T23:39:20.880+0300][2596][14224][debug][safepoint] ... found polling page loop exception at pc = 0x000001803e0556ec, stub =0x000001803da55a80
[2025-06-17T23:39:20.880+0300][2596][15388][info ][gc       ] GC(13) Pause Init Mark (unload classes) 0.047ms
[2025-06-17T23:39:20.880+0300][2596][15388][info ][safepoint] Safepoint "ShenandoahInitMark", Time since last: 455723900 ns, Reaching safepoint: 447800 ns, Cleanup: 12199 ns, At safepoint: 123401 ns, Total: 583400 ns
[2025-06-17T23:39:20.882+0300][2596][22412][info ][gc       ] GC(13) Concurrent marking roots 0.221ms
[2025-06-17T23:39:20.886+0300][2596][15960][debug][safepoint] ... found polling page loop exception at pc = 0x000001803e0556ec, stub =0x000001803da55a80
[2025-06-17T23:39:20.886+0300][2596][16332][debug][safepoint] ... found polling page loop exception at pc = 0x000001803e08b018, stub =0x000001803da56300
[2025-06-17T23:39:20.886+0300][2596][22104][debug][safepoint] ... found polling page loop exception at pc = 0x000001803e09dd90, stub =0x000001803da56300
[2025-06-17T23:39:20.886+0300][2596][13048][debug][safepoint] ... found polling page loop exception at pc = 0x000001803e0556ec, stub =0x000001803da55a80
[2025-06-17T23:39:20.886+0300][2596][3228 ][debug][safepoint] ... found polling page loop exception at pc = 0x000001803e0556ec, stub =0x000001803da55a80
[2025-06-17T23:39:20.886+0300][2596][19892][debug][safepoint] ... found polling page loop exception at pc = 0x000001803e0556ec, stub =0x000001803da55a80
[2025-06-17T23:39:20.886+0300][2596][5472 ][debug][safepoint] ... found polling page loop exception at pc = 0x000001803e0556ec, stub =0x000001803da55a80
[2025-06-17T23:39:20.895+0300][2596][5472 ][debug][safepoint] ... found polling page loop exception at pc = 0x000001803e0556ec, stub =0x000001803da55a80
[2025-06-17T23:39:20.895+0300][2596][22104][debug][safepoint] ... found polling page loop exception at pc = 0x000001803e0556ec, stub =0x000001803da55a80
[2025-06-17T23:39:20.895+0300][2596][3228 ][debug][safepoint] ... found polling page loop exception at pc = 0x000001803e0971d4, stub =0x000001803da55a80
[2025-06-17T23:39:20.895+0300][2596][19892][debug][safepoint] ... found polling page loop exception at pc = 0x000001803e05bce7, stub =0x000001803da56300
[2025-06-17T23:39:20.895+0300][2596][13048][debug][safepoint] ... found polling page loop exception at pc = 0x000001803e0556ec, stub =0x000001803da55a80
[2025-06-17T23:39:20.911+0300][2596][22412][info ][gc       ] GC(13) Concurrent marking (unload classes) 29.531ms
[2025-06-17T23:39:20.911+0300][2596][15388][debug][safepoint] Safepoint synchronization initiated using striped semaphore wait barrier. (19 threads)
[2025-06-17T23:39:20.911+0300][2596][15960][debug][safepoint] ... found polling page loop exception at pc = 0x000001803e05a45d, stub =0x000001803da56300
[2025-06-17T23:39:20.911+0300][2596][13048][debug][safepoint] ... found polling page loop exception at pc = 0x000001803e0556ec, stub =0x000001803da55a80
[2025-06-17T23:39:20.911+0300][2596][5472 ][debug][safepoint] ... found polling page loop exception at pc = 0x000001803e0556ec, stub =0x000001803da55a80
[2025-06-17T23:39:20.911+0300][2596][14224][debug][safepoint] ... found polling page loop exception at pc = 0x000001803e06abce, stub =0x000001803da56300
[2025-06-17T23:39:20.911+0300][2596][22104][debug][safepoint] ... found polling page loop exception at pc = 0x000001803e0556ec, stub =0x000001803da55a80
[2025-06-17T23:39:20.911+0300][2596][3228 ][debug][safepoint] ... found polling page loop exception at pc = 0x000001803e0556ec, stub =0x000001803da55a80
[2025-06-17T23:39:20.911+0300][2596][15388][info ][gc       ] GC(13) Pause Final Mark (unload classes) 0.160ms
[2025-06-17T23:39:20.911+0300][2596][15388][info ][safepoint] Safepoint "ShenandoahFinalMarkStartEvac", Time since last: 29962500 ns, Reaching safepoint: 370999 ns, Cleanup: 13201 ns, At safepoint: 216500 ns, Total: 600700 ns
[2025-06-17T23:39:20.911+0300][2596][22412][info ][gc       ] GC(13) Concurrent thread roots 0.268ms
[2025-06-17T23:39:20.911+0300][2596][22412][info ][gc       ] GC(13) Concurrent weak references 0.144ms
[2025-06-17T23:39:20.913+0300][2596][15960][debug][safepoint] ... found polling page loop exception at pc = 0x000001803e0547fb, stub =0x000001803da55a80
[2025-06-17T23:39:20.913+0300][2596][13048][debug][safepoint] ... found polling page loop exception at pc = 0x000001803e0556ec, stub =0x000001803da55a80
[2025-06-17T23:39:20.913+0300][2596][16332][debug][safepoint] ... found polling page loop exception at pc = 0x000001803e092475, stub =0x000001803da55a80
[2025-06-17T23:39:20.913+0300][2596][5472 ][debug][safepoint] ... found polling page loop exception at pc = 0x000001803e0556ec, stub =0x000001803da55a80
[2025-06-17T23:39:20.913+0300][2596][3228 ][debug][safepoint] ... found polling page loop exception at pc = 0x000001803e0a3218, stub =0x000001803da56300
[2025-06-17T23:39:20.913+0300][2596][22412][info ][gc       ] GC(13) Concurrent weak roots 1.981ms
[2025-06-17T23:39:20.913+0300][2596][22412][info ][gc       ] GC(13) Concurrent cleanup 1589M->244M(2048M) 0.131ms
[2025-06-17T23:39:20.913+0300][2596][22412][debug][gc,phases] GC(13) ClassLoaderData 0.013ms
[2025-06-17T23:39:20.913+0300][2596][22412][debug][gc,phases] GC(13) Trigger cleanups 0.001ms
[2025-06-17T23:39:20.915+0300][2596][14224][debug][safepoint] ... found polling page loop exception at pc = 0x000001803e05a45d, stub =0x000001803da56300
[2025-06-17T23:39:20.915+0300][2596][19892][debug][safepoint] ... found polling page loop exception at pc = 0x000001803e0556ec, stub =0x000001803da55a80
[2025-06-17T23:39:20.915+0300][2596][22104][debug][safepoint] ... found polling page loop exception at pc = 0x000001803e06ae9a, stub =0x000001803da56300
[2025-06-17T23:39:20.915+0300][2596][3228 ][debug][safepoint] ... found polling page loop exception at pc = 0x000001803e06abce, stub =0x000001803da56300
[2025-06-17T23:39:20.919+0300][2596][22412][info ][gc       ] GC(13) Concurrent class unloading 5.865ms
[2025-06-17T23:39:20.919+0300][2596][22412][info ][gc       ] GC(13) Concurrent strong roots 0.367ms
[2025-06-17T23:39:20.921+0300][2596][22412][info ][gc       ] GC(13) Concurrent evacuation 1.726ms
[2025-06-17T23:39:20.921+0300][2596][15388][debug][safepoint] Safepoint synchronization initiated using striped semaphore wait barrier. (19 threads)
[2025-06-17T23:39:20.921+0300][2596][15960][debug][safepoint] ... found polling page loop exception at pc = 0x000001803e0556ec, stub =0x000001803da55a80
[2025-06-17T23:39:20.921+0300][2596][13048][debug][safepoint] ... found polling page loop exception at pc = 0x000001803e0a3218, stub =0x000001803da56300
[2025-06-17T23:39:20.921+0300][2596][3228 ][debug][safepoint] ... found polling page loop exception at pc = 0x000001803e0556ec, stub =0x000001803da55a80
[2025-06-17T23:39:20.921+0300][2596][5472 ][debug][safepoint] ... found polling page loop exception at pc = 0x000001803e09dd90, stub =0x000001803da56300
[2025-06-17T23:39:20.921+0300][2596][19892][debug][safepoint] ... found polling page loop exception at pc = 0x000001803e0556ec, stub =0x000001803da55a80
[2025-06-17T23:39:20.921+0300][2596][14224][debug][safepoint] ... found polling page loop exception at pc = 0x000001803e0556ec, stub =0x000001803da55a80
[2025-06-17T23:39:20.923+0300][2596][15388][info ][gc       ] GC(13) Pause Init Update Refs 0.019ms
[2025-06-17T23:39:20.923+0300][2596][15388][info ][safepoint] Safepoint "ShenandoahInitUpdateRefs", Time since last: 10864800 ns, Reaching safepoint: 367800 ns, Cleanup: 21700 ns, At safepoint: 102500 ns, Total: 492000 ns
[2025-06-17T23:39:20.939+0300][2596][22412][info ][gc       ] GC(13) Concurrent update references 17.314ms
[2025-06-17T23:39:20.939+0300][2596][14224][debug][safepoint] ... found polling page loop exception at pc = 0x000001803e0556ec, stub =0x000001803da55a80
[2025-06-17T23:39:20.939+0300][2596][3228 ][debug][safepoint] ... found polling page loop exception at pc = 0x000001803e0556ec, stub =0x000001803da55a80
[2025-06-17T23:39:20.939+0300][2596][13048][debug][safepoint] ... found polling page loop exception at pc = 0x000001803e0584a0, stub =0x000001803da56300
[2025-06-17T23:39:20.939+0300][2596][22104][debug][safepoint] ... found polling page loop exception at pc = 0x000001803e0556ec, stub =0x000001803da55a80
[2025-06-17T23:39:20.939+0300][2596][19892][debug][safepoint] ... found polling page loop exception at pc = 0x000001803e06abce, stub =0x000001803da56300
[2025-06-17T23:39:20.939+0300][2596][5472 ][debug][safepoint] ... found polling page loop exception at pc = 0x000001803e09dd90, stub =0x000001803da56300
[2025-06-17T23:39:20.943+0300][2596][22412][info ][gc       ] GC(13) Concurrent update thread roots 2.179ms
[2025-06-17T23:39:20.943+0300][2596][15388][debug][safepoint] Safepoint synchronization initiated using striped semaphore wait barrier. (19 threads)
[2025-06-17T23:39:20.943+0300][2596][19892][debug][safepoint] ... found polling page loop exception at pc = 0x000001803e183b0f, stub =0x000001803da56300
[2025-06-17T23:39:20.943+0300][2596][16332][debug][safepoint] ... found polling page loop exception at pc = 0x000001803e0556ec, stub =0x000001803da55a80
[2025-06-17T23:39:20.943+0300][2596][15960][debug][safepoint] ... found polling page loop exception at pc = 0x000001803e058607, stub =0x000001803da56300
[2025-06-17T23:39:20.943+0300][2596][14224][debug][safepoint] ... found polling page loop exception at pc = 0x000001803e0556ec, stub =0x000001803da55a80
[2025-06-17T23:39:20.943+0300][2596][22104][debug][safepoint] ... found polling page loop exception at pc = 0x000001803e0706fb, stub =0x000001803da56300
[2025-06-17T23:39:20.943+0300][2596][13048][debug][safepoint] ... found polling page loop exception at pc = 0x000001803e0f75c0, stub =0x000001803da55a80
[2025-06-17T23:39:20.943+0300][2596][5472 ][debug][safepoint] ... found polling page loop exception at pc = 0x000001803e0556ec, stub =0x000001803da55a80
[2025-06-17T23:39:20.943+0300][2596][15388][info ][gc       ] GC(13) Pause Final Update Refs 0.089ms
[2025-06-17T23:39:20.943+0300][2596][15388][info ][safepoint] Safepoint "ShenandoahFinalUpdateRefs", Time since last: 19670000 ns, Reaching safepoint: 443700 ns, Cleanup: 7700 ns, At safepoint: 151600 ns, Total: 603000 ns
[2025-06-17T23:39:20.943+0300][2596][22412][info ][gc       ] GC(13) Concurrent cleanup 300M->141M(2048M) 0.042ms
[2025-06-17T23:39:21.543+0300][2596][22412][info ][gc       ] Trigger: Average GC time (97.89 ms) is above the time for average allocation rate (2378 MB/s) to deplete free headroom (232M) (margin of error = 1.79)
[2025-06-17T23:39:21.543+0300][2596][22412][info ][gc       ] GC(14) Concurrent reset 0.928ms
[2025-06-17T23:39:21.543+0300][2596][15388][debug][safepoint] Safepoint synchronization initiated using striped semaphore wait barrier. (19 threads)
[2025-06-17T23:39:21.543+0300][2596][16332][debug][safepoint] ... found polling page loop exception at pc = 0x000001803e0556ec, stub =0x000001803da55a80
[2025-06-17T23:39:21.543+0300][2596][3228 ][debug][safepoint] ... found polling page loop exception at pc = 0x000001803e12c7ad, stub =0x000001803da56300
[2025-06-17T23:39:21.543+0300][2596][14224][debug][safepoint] ... found polling page loop exception at pc = 0x000001803e0556ec, stub =0x000001803da55a80
[2025-06-17T23:39:21.543+0300][2596][15960][debug][safepoint] ... found polling page loop exception at pc = 0x000001803e0556ec, stub =0x000001803da55a80
[2025-06-17T23:39:21.543+0300][2596][22104][debug][safepoint] ... found polling page loop exception at pc = 0x000001803e092475, stub =0x000001803da55a80
[2025-06-17T23:39:21.543+0300][2596][15388][info ][gc       ] GC(14) Pause Init Mark (unload classes) 0.032ms
[2025-06-17T23:39:21.543+0300][2596][15388][info ][safepoint] Safepoint "ShenandoahInitMark", Time since last: 600751899 ns, Reaching safepoint: 354701 ns, Cleanup: 13099 ns, At safepoint: 87601 ns, Total: 455401 ns
[2025-06-17T23:39:21.543+0300][2596][22412][info ][gc       ] GC(14) Concurrent marking roots 0.144ms
[2025-06-17T23:39:21.549+0300][2596][13048][debug][safepoint] ... found polling page loop exception at pc = 0x000001803e0556ec, stub =0x000001803da55a80
[2025-06-17T23:39:21.549+0300][2596][22104][debug][safepoint] ... found polling page loop exception at pc = 0x000001803e05bce7, stub =0x000001803da56300
[2025-06-17T23:39:21.549+0300][2596][3228 ][debug][safepoint] ... found polling page loop exception at pc = 0x000001803e0f528b, stub =0x000001803da55a80
[2025-06-17T23:39:21.549+0300][2596][16332][debug][safepoint] ... found polling page loop exception at pc = 0x000001803e0556ec, stub =0x000001803da55a80
[2025-06-17T23:39:21.549+0300][2596][5472 ][debug][safepoint] ... found polling page loop exception at pc = 0x000001803e0556ec, stub =0x000001803da55a80
[2025-06-17T23:39:21.551+0300][2596][19892][debug][safepoint] ... found polling page loop exception at pc = 0x000001803e05a45d, stub =0x000001803da56300
[2025-06-17T23:39:21.551+0300][2596][13048][debug][safepoint] ... found polling page loop exception at pc = 0x000001803e0556ec, stub =0x000001803da55a80
[2025-06-17T23:39:21.551+0300][2596][16332][debug][safepoint] ... found polling page loop exception at pc = 0x000001803e092475, stub =0x000001803da55a80
[2025-06-17T23:39:21.551+0300][2596][22104][debug][safepoint] ... found polling page loop exception at pc = 0x000001803e0556ec, stub =0x000001803da55a80
[2025-06-17T23:39:21.551+0300][2596][15960][debug][safepoint] ... found polling page loop exception at pc = 0x000001803e0556ec, stub =0x000001803da55a80
[2025-06-17T23:39:21.551+0300][2596][5472 ][debug][safepoint] ... found polling page loop exception at pc = 0x000001803e0556ec, stub =0x000001803da55a80
[2025-06-17T23:39:21.553+0300][2596][22412][info ][gc       ] GC(14) Concurrent marking (unload classes) 9.601ms
[2025-06-17T23:39:21.553+0300][2596][15388][debug][safepoint] Safepoint synchronization initiated using striped semaphore wait barrier. (19 threads)
[2025-06-17T23:39:21.553+0300][2596][22104][debug][safepoint] ... found polling page loop exception at pc = 0x000001803e0556ec, stub =0x000001803da55a80
[2025-06-17T23:39:21.553+0300][2596][13048][debug][safepoint] ... found polling page loop exception at pc = 0x000001803e0556ec, stub =0x000001803da55a80
[2025-06-17T23:39:21.553+0300][2596][19892][debug][safepoint] ... found polling page loop exception at pc = 0x000001803e0556ec, stub =0x000001803da55a80
[2025-06-17T23:39:21.553+0300][2596][3228 ][debug][safepoint] ... found polling page loop exception at pc = 0x000001803e06abce, stub =0x000001803da56300
[2025-06-17T23:39:21.553+0300][2596][14224][debug][safepoint] ... found polling page loop exception at pc = 0x000001803e0556ec, stub =0x000001803da55a80
[2025-06-17T23:39:21.553+0300][2596][5472 ][debug][safepoint] ... found polling page loop exception at pc = 0x000001803e0556ec, stub =0x000001803da55a80
[2025-06-17T23:39:21.553+0300][2596][15388][info ][gc       ] GC(14) Pause Final Mark (unload classes) 0.161ms
[2025-06-17T23:39:21.553+0300][2596][15388][info ][safepoint] Safepoint "ShenandoahFinalMarkStartEvac", Time since last: 9892200 ns, Reaching safepoint: 323799 ns, Cleanup: 5501 ns, At safepoint: 220700 ns, Total: 550000 ns
[2025-06-17T23:39:21.553+0300][2596][22412][info ][gc       ] GC(14) Concurrent thread roots 0.117ms
[2025-06-17T23:39:21.553+0300][2596][22412][info ][gc       ] GC(14) Concurrent weak references 0.136ms
[2025-06-17T23:39:21.553+0300][2596][19892][debug][safepoint] ... found polling page loop exception at pc = 0x000001803e058607, stub =0x000001803da56300
[2025-06-17T23:39:21.553+0300][2596][15960][debug][safepoint] ... found polling page loop exception at pc = 0x000001803e06abce, stub =0x000001803da56300
[2025-06-17T23:39:21.553+0300][2596][22104][debug][safepoint] ... found polling page loop exception at pc = 0x000001803e05bce7, stub =0x000001803da56300
[2025-06-17T23:39:21.553+0300][2596][16332][debug][safepoint] ... found polling page loop exception at pc = 0x000001803e0a3218, stub =0x000001803da56300
[2025-06-17T23:39:21.553+0300][2596][13048][debug][safepoint] ... found polling page loop exception at pc = 0x000001803e0584a0, stub =0x000001803da56300
[2025-06-17T23:39:21.553+0300][2596][14224][debug][safepoint] ... found polling page loop exception at pc = 0x000001803e0556ec, stub =0x000001803da55a80
[2025-06-17T23:39:21.553+0300][2596][5472 ][debug][safepoint] ... found polling page loop exception at pc = 0x000001803e07ec94, stub =0x000001803da56300
[2025-06-17T23:39:21.553+0300][2596][3228 ][debug][safepoint] ... found polling page loop exception at pc = 0x000001803e058607, stub =0x000001803da56300
[2025-06-17T23:39:21.575+0300][2596][22412][info ][gc       ] GC(14) Concurrent weak roots 19.111ms
[2025-06-17T23:39:21.575+0300][2596][22412][info ][gc       ] GC(14) Concurrent cleanup 1678M->240M(2048M) 0.154ms
[2025-06-17T23:39:21.575+0300][2596][22412][debug][gc,phases] GC(14) ClassLoaderData 0.023ms
[2025-06-17T23:39:21.575+0300][2596][22412][debug][gc,phases] GC(14) Trigger cleanups 0.001ms
[2025-06-17T23:39:21.577+0300][2596][16332][debug][safepoint] ... found polling page loop exception at pc = 0x000001803e0556ec, stub =0x000001803da55a80
[2025-06-17T23:39:21.577+0300][2596][13048][debug][safepoint] ... found polling page loop exception at pc = 0x000001803e0556ec, stub =0x000001803da55a80
[2025-06-17T23:39:21.577+0300][2596][22104][debug][safepoint] ... found polling page loop exception at pc = 0x000001803e092475, stub =0x000001803da55a80
[2025-06-17T23:39:21.590+0300][2596][22412][info ][gc       ] GC(14) Concurrent class unloading 15.662ms
[2025-06-17T23:39:21.590+0300][2596][22412][info ][gc       ] GC(14) Concurrent strong roots 0.230ms
[2025-06-17T23:39:21.590+0300][2596][22412][info ][gc       ] GC(14) Concurrent evacuation 1.407ms
[2025-06-17T23:39:21.590+0300][2596][15388][debug][safepoint] Safepoint synchronization initiated using striped semaphore wait barrier. (19 threads)
[2025-06-17T23:39:21.592+0300][2596][14224][debug][safepoint] ... found polling page loop exception at pc = 0x000001803e0766b0, stub =0x000001803da56300
[2025-06-17T23:39:21.592+0300][2596][19892][debug][safepoint] ... found polling page loop exception at pc = 0x000001803e0556ec, stub =0x000001803da55a80
[2025-06-17T23:39:21.592+0300][2596][5472 ][debug][safepoint] ... found polling page loop exception at pc = 0x000001803e0556ec, stub =0x000001803da55a80
[2025-06-17T23:39:21.592+0300][2596][22104][debug][safepoint] ... found polling page loop exception at pc = 0x000001803e0556ec, stub =0x000001803da55a80
[2025-06-17T23:39:21.592+0300][2596][13048][debug][safepoint] ... found polling page loop exception at pc = 0x000001803e0556ec, stub =0x000001803da55a80
[2025-06-17T23:39:21.592+0300][2596][15960][debug][safepoint] ... found polling page loop exception at pc = 0x000001803e0556ec, stub =0x000001803da55a80
[2025-06-17T23:39:21.592+0300][2596][15388][info ][gc       ] GC(14) Pause Init Update Refs 0.011ms
[2025-06-17T23:39:21.592+0300][2596][15388][info ][safepoint] Safepoint "ShenandoahInitUpdateRefs", Time since last: 37206100 ns, Reaching safepoint: 343200 ns, Cleanup: 11700 ns, At safepoint: 73900 ns, Total: 428800 ns
[2025-06-17T23:39:21.601+0300][2596][22412][info ][gc       ] GC(14) Concurrent update references 7.828ms
[2025-06-17T23:39:21.601+0300][2596][16332][debug][safepoint] ... found polling page loop exception at pc = 0x000001803e0556ec, stub =0x000001803da55a80
[2025-06-17T23:39:21.601+0300][2596][3228 ][debug][safepoint] ... found polling page loop exception at pc = 0x000001803e0556ec, stub =0x000001803da55a80
[2025-06-17T23:39:21.601+0300][2596][22104][debug][safepoint] ... found polling page loop exception at pc = 0x000001803e0556ec, stub =0x000001803da55a80
[2025-06-17T23:39:21.601+0300][2596][15960][debug][safepoint] ... found polling page loop exception at pc = 0x000001803e0556ec, stub =0x000001803da55a80
[2025-06-17T23:39:21.601+0300][2596][13048][debug][safepoint] ... found polling page loop exception at pc = 0x000001803e0556ec, stub =0x000001803da55a80
[2025-06-17T23:39:21.601+0300][2596][14224][debug][safepoint] ... found polling page loop exception at pc = 0x000001803e0556ec, stub =0x000001803da55a80
[2025-06-17T23:39:21.601+0300][2596][19892][debug][safepoint] ... found polling page loop exception at pc = 0x000001803e08181a, stub =0x000001803da55a80
[2025-06-17T23:39:21.622+0300][2596][22412][info ][gc       ] GC(14) Concurrent update thread roots 21.517ms
[2025-06-17T23:39:21.622+0300][2596][15388][debug][safepoint] Safepoint synchronization initiated using striped semaphore wait barrier. (19 threads)
[2025-06-17T23:39:21.622+0300][2596][19892][debug][safepoint] ... found polling page loop exception at pc = 0x000001803e0556ec, stub =0x000001803da55a80
[2025-06-17T23:39:21.622+0300][2596][16332][debug][safepoint] ... found polling page loop exception at pc = 0x000001803e0556ec, stub =0x000001803da55a80
[2025-06-17T23:39:21.622+0300][2596][13048][debug][safepoint] ... found polling page loop exception at pc = 0x000001803e0556ec, stub =0x000001803da55a80
[2025-06-17T23:39:21.622+0300][2596][22104][debug][safepoint] ... found polling page loop exception at pc = 0x000001803e0556ec, stub =0x000001803da55a80
[2025-06-17T23:39:21.622+0300][2596][15960][debug][safepoint] ... found polling page loop exception at pc = 0x000001803e0556ec, stub =0x000001803da55a80
[2025-06-17T23:39:21.622+0300][2596][14224][debug][safepoint] ... found polling page loop exception at pc = 0x000001803e0a3218, stub =0x000001803da56300
[2025-06-17T23:39:21.622+0300][2596][15388][info ][gc       ] GC(14) Pause Final Update Refs 0.070ms
[2025-06-17T23:39:21.622+0300][2596][15388][info ][safepoint] Safepoint "ShenandoahFinalUpdateRefs", Time since last: 29537499 ns, Reaching safepoint: 388201 ns, Cleanup: 7500 ns, At safepoint: 135099 ns, Total: 530800 ns
[2025-06-17T23:39:21.622+0300][2596][22412][info ][gc       ] GC(14) Concurrent cleanup 322M->157M(2048M) 0.040ms
[2025-06-17T23:39:22.350+0300][2596][22412][info ][gc       ] Trigger: Average GC time (96.19 ms) is above the time for average allocation rate (2145 MB/s) to deplete free headroom (204M) (margin of error = 1.79)
[2025-06-17T23:39:22.350+0300][2596][22412][info ][gc       ] GC(15) Concurrent reset 0.899ms
[2025-06-17T23:39:22.350+0300][2596][15388][debug][safepoint] Safepoint synchronization initiated using striped semaphore wait barrier. (19 threads)
[2025-06-17T23:39:22.350+0300][2596][16332][debug][safepoint] ... found polling page loop exception at pc = 0x000001803e0556ec, stub =0x000001803da55a80
[2025-06-17T23:39:22.350+0300][2596][19892][debug][safepoint] ... found polling page loop exception at pc = 0x000001803e06abce, stub =0x000001803da56300
[2025-06-17T23:39:22.350+0300][2596][15960][debug][safepoint] ... found polling page loop exception at pc = 0x000001803e0556ec, stub =0x000001803da55a80
[2025-06-17T23:39:22.350+0300][2596][3228 ][debug][safepoint] ... found polling page loop exception at pc = 0x000001803e0556ec, stub =0x000001803da55a80
[2025-06-17T23:39:22.350+0300][2596][14224][debug][safepoint] ... found polling page loop exception at pc = 0x000001803e058607, stub =0x000001803da56300
[2025-06-17T23:39:22.350+0300][2596][22104][debug][safepoint] ... found polling page loop exception at pc = 0x000001803e0556ec, stub =0x000001803da55a80
[2025-06-17T23:39:22.350+0300][2596][13048][debug][safepoint] ... found polling page loop exception at pc = 0x000001803e06abce, stub =0x000001803da56300
[2025-06-17T23:39:22.350+0300][2596][15388][info ][gc       ] GC(15) Pause Init Mark (unload classes) 0.027ms
[2025-06-17T23:39:22.350+0300][2596][15388][info ][safepoint] Safepoint "ShenandoahInitMark", Time since last: 727719200 ns, Reaching safepoint: 359101 ns, Cleanup: 13300 ns, At safepoint: 85500 ns, Total: 457901 ns
[2025-06-17T23:39:22.350+0300][2596][22412][info ][gc       ] GC(15) Concurrent marking roots 0.140ms
[2025-06-17T23:39:22.355+0300][2596][13048][debug][safepoint] ... found polling page loop exception at pc = 0x000001803e0556ec, stub =0x000001803da55a80
[2025-06-17T23:39:22.355+0300][2596][22104][debug][safepoint] ... found polling page loop exception at pc = 0x000001803e0556ec, stub =0x000001803da55a80
[2025-06-17T23:39:22.355+0300][2596][3228 ][debug][safepoint] ... found polling page loop exception at pc = 0x000001803e0556ec, stub =0x000001803da55a80
[2025-06-17T23:39:22.355+0300][2596][16332][debug][safepoint] ... found polling page loop exception at pc = 0x000001803e0556ec, stub =0x000001803da55a80
[2025-06-17T23:39:22.355+0300][2596][22104][debug][safepoint] ... found polling page loop exception at pc = 0x000001803e0556ec, stub =0x000001803da55a80
[2025-06-17T23:39:22.355+0300][2596][19892][debug][safepoint] ... found polling page loop exception at pc = 0x000001803e0556ec, stub =0x000001803da55a80
[2025-06-17T23:39:22.355+0300][2596][13048][debug][safepoint] ... found polling page loop exception at pc = 0x000001803e1753df, stub =0x000001803da56300
[2025-06-17T23:39:22.355+0300][2596][16332][debug][safepoint] ... found polling page loop exception at pc = 0x000001803e0547fb, stub =0x000001803da55a80
[2025-06-17T23:39:22.355+0300][2596][3228 ][debug][safepoint] ... found polling page loop exception at pc = 0x000001803e0556ec, stub =0x000001803da55a80
[2025-06-17T23:39:22.355+0300][2596][15960][debug][safepoint] ... found polling page loop exception at pc = 0x000001803e0556ec, stub =0x000001803da55a80
[2025-06-17T23:39:22.365+0300][2596][22412][info ][gc       ] GC(15) Concurrent marking (unload classes) 14.113ms
[2025-06-17T23:39:22.365+0300][2596][15388][debug][safepoint] Safepoint synchronization initiated using striped semaphore wait barrier. (19 threads)
[2025-06-17T23:39:22.365+0300][2596][3228 ][debug][safepoint] ... found polling page loop exception at pc = 0x000001803e0556ec, stub =0x000001803da55a80
[2025-06-17T23:39:22.365+0300][2596][14224][debug][safepoint] ... found polling page loop exception at pc = 0x000001803e0556ec, stub =0x000001803da55a80
[2025-06-17T23:39:22.365+0300][2596][15960][debug][safepoint] ... found polling page loop exception at pc = 0x000001803e0556ec, stub =0x000001803da55a80
[2025-06-17T23:39:22.365+0300][2596][16332][debug][safepoint] ... found polling page loop exception at pc = 0x000001803e0556ec, stub =0x000001803da55a80
[2025-06-17T23:39:22.365+0300][2596][5472 ][debug][safepoint] ... found polling page loop exception at pc = 0x000001803e0556ec, stub =0x000001803da55a80
[2025-06-17T23:39:22.365+0300][2596][19892][debug][safepoint] ... found polling page loop exception at pc = 0x000001803e0556ec, stub =0x000001803da55a80
[2025-06-17T23:39:22.365+0300][2596][22104][debug][safepoint] ... found polling page loop exception at pc = 0x000001803e06abce, stub =0x000001803da56300
[2025-06-17T23:39:22.365+0300][2596][15388][info ][gc       ] GC(15) Pause Final Mark (unload classes) 0.160ms
[2025-06-17T23:39:22.365+0300][2596][15388][info ][safepoint] Safepoint "ShenandoahFinalMarkStartEvac", Time since last: 14401600 ns, Reaching safepoint: 329700 ns, Cleanup: 6400 ns, At safepoint: 220900 ns, Total: 557000 ns
[2025-06-17T23:39:22.365+0300][2596][22412][info ][gc       ] GC(15) Concurrent thread roots 0.268ms
[2025-06-17T23:39:22.365+0300][2596][22412][info ][gc       ] GC(15) Concurrent weak references 0.130ms
[2025-06-17T23:39:22.365+0300][2596][14224][debug][safepoint] ... found polling page loop exception at pc = 0x000001803e0556ec, stub =0x000001803da55a80
[2025-06-17T23:39:22.365+0300][2596][15960][debug][safepoint] ... found polling page loop exception at pc = 0x000001803e0556ec, stub =0x000001803da55a80
[2025-06-17T23:39:22.365+0300][2596][19892][debug][safepoint] ... found polling page loop exception at pc = 0x000001803e06abce, stub =0x000001803da56300
[2025-06-17T23:39:22.365+0300][2596][22104][debug][safepoint] ... found polling page loop exception at pc = 0x000001803e0556ec, stub =0x000001803da55a80
[2025-06-17T23:39:22.365+0300][2596][3228 ][debug][safepoint] ... found polling page loop exception at pc = 0x000001803e0556ec, stub =0x000001803da55a80
[2025-06-17T23:39:22.365+0300][2596][16332][debug][safepoint] ... found polling page loop exception at pc = 0x000001803e0556ec, stub =0x000001803da55a80
[2025-06-17T23:39:22.365+0300][2596][5472 ][debug][safepoint] ... found polling page loop exception at pc = 0x000001803e05bce7, stub =0x000001803da56300
[2025-06-17T23:39:22.371+0300][2596][22412][info ][gc       ] GC(15) Concurrent weak roots 5.047ms
[2025-06-17T23:39:22.371+0300][2596][22412][info ][gc       ] GC(15) Concurrent cleanup 1687M->228M(2048M) 0.132ms
[2025-06-17T23:39:22.371+0300][2596][22412][debug][gc,phases] GC(15) ClassLoaderData 0.018ms
[2025-06-17T23:39:22.371+0300][2596][22412][debug][gc,phases] GC(15) Trigger cleanups 0.001ms
[2025-06-17T23:39:22.373+0300][2596][3228 ][debug][safepoint] ... found polling page loop exception at pc = 0x000001803e0556ec, stub =0x000001803da55a80
[2025-06-17T23:39:22.373+0300][2596][19892][debug][safepoint] ... found polling page loop exception at pc = 0x000001803e0556ec, stub =0x000001803da55a80
[2025-06-17T23:39:22.373+0300][2596][15960][debug][safepoint] ... found polling page loop exception at pc = 0x000001803e07ec94, stub =0x000001803da56300
[2025-06-17T23:39:22.373+0300][2596][5472 ][debug][safepoint] ... found polling page loop exception at pc = 0x000001803e0e10b1, stub =0x000001803da56300
[2025-06-17T23:39:22.373+0300][2596][22104][debug][safepoint] ... found polling page loop exception at pc = 0x000001803e09dd90, stub =0x000001803da56300
[2025-06-17T23:39:22.373+0300][2596][13048][debug][safepoint] ... found polling page loop exception at pc = 0x000001803e06abce, stub =0x000001803da56300
[2025-06-17T23:39:22.381+0300][2596][22412][info ][gc       ] GC(15) Concurrent class unloading 9.472ms
[2025-06-17T23:39:22.381+0300][2596][22412][info ][gc       ] GC(15) Concurrent strong roots 0.222ms
[2025-06-17T23:39:22.383+0300][2596][22412][info ][gc       ] GC(15) Concurrent evacuation 1.593ms
[2025-06-17T23:39:22.383+0300][2596][15388][debug][safepoint] Safepoint synchronization initiated using striped semaphore wait barrier. (19 threads)
[2025-06-17T23:39:22.383+0300][2596][16332][debug][safepoint] ... found polling page loop exception at pc = 0x000001803e06abce, stub =0x000001803da56300
[2025-06-17T23:39:22.383+0300][2596][14224][debug][safepoint] ... found polling page loop exception at pc = 0x000001803e0556ec, stub =0x000001803da55a80
[2025-06-17T23:39:22.383+0300][2596][5472 ][debug][safepoint] ... found polling page loop exception at pc = 0x000001803e0547fb, stub =0x000001803da55a80
[2025-06-17T23:39:22.383+0300][2596][13048][debug][safepoint] ... found polling page loop exception at pc = 0x000001803e0556ec, stub =0x000001803da55a80
[2025-06-17T23:39:22.383+0300][2596][22104][debug][safepoint] ... found polling page loop exception at pc = 0x000001803e0556ec, stub =0x000001803da55a80
[2025-06-17T23:39:22.383+0300][2596][3228 ][debug][safepoint] ... found polling page loop exception at pc = 0x000001803e0706fb, stub =0x000001803da56300
[2025-06-17T23:39:22.383+0300][2596][15388][info ][gc       ] GC(15) Pause Init Update Refs 0.010ms
[2025-06-17T23:39:22.383+0300][2596][15388][info ][safepoint] Safepoint "ShenandoahInitUpdateRefs", Time since last: 17253100 ns, Reaching safepoint: 308200 ns, Cleanup: 5400 ns, At safepoint: 72400 ns, Total: 386000 ns
[2025-06-17T23:39:22.392+0300][2596][22412][info ][gc       ] GC(15) Concurrent update references 8.841ms
[2025-06-17T23:39:22.392+0300][2596][16332][debug][safepoint] ... found polling page loop exception at pc = 0x000001803e0556ec, stub =0x000001803da55a80
[2025-06-17T23:39:22.392+0300][2596][15960][debug][safepoint] ... found polling page loop exception at pc = 0x000001803e0556ec, stub =0x000001803da55a80
[2025-06-17T23:39:22.392+0300][2596][14224][debug][safepoint] ... found polling page loop exception at pc = 0x000001803e0584a0, stub =0x000001803da56300
[2025-06-17T23:39:22.392+0300][2596][5472 ][debug][safepoint] ... found polling page loop exception at pc = 0x000001803e0556ec, stub =0x000001803da55a80
[2025-06-17T23:39:22.392+0300][2596][19892][debug][safepoint] ... found polling page loop exception at pc = 0x000001803e0f5475, stub =0x000001803da55a80
[2025-06-17T23:39:22.392+0300][2596][13048][debug][safepoint] ... found polling page loop exception at pc = 0x000001803e0556ec, stub =0x000001803da55a80
[2025-06-17T23:39:22.394+0300][2596][22412][info ][gc       ] GC(15) Concurrent update thread roots 1.791ms
[2025-06-17T23:39:22.394+0300][2596][15388][debug][safepoint] Safepoint synchronization initiated using striped semaphore wait barrier. (19 threads)
[2025-06-17T23:39:22.394+0300][2596][13048][debug][safepoint] ... found polling page loop exception at pc = 0x000001803e092475, stub =0x000001803da55a80
[2025-06-17T23:39:22.394+0300][2596][15960][debug][safepoint] ... found polling page loop exception at pc = 0x000001803e0f6414, stub =0x000001803da55a80
[2025-06-17T23:39:22.394+0300][2596][3228 ][debug][safepoint] ... found polling page loop exception at pc = 0x000001803e1059b3, stub =0x000001803da56300
[2025-06-17T23:39:22.394+0300][2596][15388][info ][gc       ] GC(15) Pause Final Update Refs 0.056ms
[2025-06-17T23:39:22.394+0300][2596][15388][info ][safepoint] Safepoint "ShenandoahFinalUpdateRefs", Time since last: 10803100 ns, Reaching safepoint: 210900 ns, Cleanup: 5300 ns, At safepoint: 113700 ns, Total: 329900 ns
[2025-06-17T23:39:22.394+0300][2596][22412][info ][gc       ] GC(15) Concurrent cleanup 277M->108M(2048M) 0.042ms
[2025-06-17T23:39:22.934+0300][2596][22412][info ][gc       ] Trigger: Average GC time (90.58 ms) is above the time for average allocation rate (2803 MB/s) to deplete free headroom (243M) (margin of error = 1.78)
[2025-06-17T23:39:22.934+0300][2596][22412][info ][gc       ] GC(16) Concurrent reset 1.002ms
[2025-06-17T23:39:22.934+0300][2596][15388][debug][safepoint] Safepoint synchronization initiated using striped semaphore wait barrier. (19 threads)
[2025-06-17T23:39:22.934+0300][2596][14224][debug][safepoint] ... found polling page loop exception at pc = 0x000001803e0556ec, stub =0x000001803da55a80
[2025-06-17T23:39:22.934+0300][2596][19892][debug][safepoint] ... found polling page loop exception at pc = 0x000001803e0556ec, stub =0x000001803da55a80
[2025-06-17T23:39:22.934+0300][2596][15960][debug][safepoint] ... found polling page loop exception at pc = 0x000001803e091e2a, stub =0x000001803da55a80
[2025-06-17T23:39:22.934+0300][2596][5472 ][debug][safepoint] ... found polling page loop exception at pc = 0x000001803e0d4f4d, stub =0x000001803da56300
[2025-06-17T23:39:22.934+0300][2596][22104][debug][safepoint] ... found polling page loop exception at pc = 0x000001803e0556ec, stub =0x000001803da55a80
[2025-06-17T23:39:22.934+0300][2596][13048][debug][safepoint] ... found polling page loop exception at pc = 0x000001803e0556ec, stub =0x000001803da55a80
[2025-06-17T23:39:22.934+0300][2596][15388][info ][gc       ] GC(16) Pause Init Mark (unload classes) 0.044ms
[2025-06-17T23:39:22.934+0300][2596][15388][info ][safepoint] Safepoint "ShenandoahInitMark", Time since last: 540866899 ns, Reaching safepoint: 360601 ns, Cleanup: 10100 ns, At safepoint: 104400 ns, Total: 475101 ns
[2025-06-17T23:39:22.934+0300][2596][22412][info ][gc       ] GC(16) Concurrent marking roots 0.148ms
[2025-06-17T23:39:22.941+0300][2596][5472 ][debug][safepoint] ... found polling page loop exception at pc = 0x000001803e0556ec, stub =0x000001803da55a80
[2025-06-17T23:39:22.941+0300][2596][15960][debug][safepoint] ... found polling page loop exception at pc = 0x000001803e0556ec, stub =0x000001803da55a80
[2025-06-17T23:39:22.941+0300][2596][14224][debug][safepoint] ... found polling page loop exception at pc = 0x000001803e0556ec, stub =0x000001803da55a80
[2025-06-17T23:39:22.941+0300][2596][19892][debug][safepoint] ... found polling page loop exception at pc = 0x000001803e092475, stub =0x000001803da55a80
[2025-06-17T23:39:22.941+0300][2596][19892][debug][safepoint] ... found polling page loop exception at pc = 0x000001803e0556ec, stub =0x000001803da55a80
[2025-06-17T23:39:22.941+0300][2596][14224][debug][safepoint] ... found polling page loop exception at pc = 0x000001803e0556ec, stub =0x000001803da55a80
[2025-06-17T23:39:22.941+0300][2596][5472 ][debug][safepoint] ... found polling page loop exception at pc = 0x000001803e05a45d, stub =0x000001803da56300
[2025-06-17T23:39:22.941+0300][2596][13048][debug][safepoint] ... found polling page loop exception at pc = 0x000001803e0547fb, stub =0x000001803da55a80
[2025-06-17T23:39:22.941+0300][2596][19892][debug][safepoint] ... found polling page loop exception at pc = 0x000001803e0556ec, stub =0x000001803da55a80
[2025-06-17T23:39:22.941+0300][2596][14224][debug][safepoint] ... found polling page loop exception at pc = 0x000001803e05bce7, stub =0x000001803da56300
[2025-06-17T23:39:22.941+0300][2596][13048][debug][safepoint] ... found polling page loop exception at pc = 0x000001803e0556ec, stub =0x000001803da55a80
[2025-06-17T23:39:22.941+0300][2596][5472 ][debug][safepoint] ... found polling page loop exception at pc = 0x000001803e0556ec, stub =0x000001803da55a80
[2025-06-17T23:39:22.941+0300][2596][22412][info ][gc       ] GC(16) Concurrent marking (unload classes) 5.561ms
[2025-06-17T23:39:22.941+0300][2596][15388][debug][safepoint] Safepoint synchronization initiated using striped semaphore wait barrier. (19 threads)
[2025-06-17T23:39:22.941+0300][2596][19892][debug][safepoint] ... found polling page loop exception at pc = 0x000001803e096f0b, stub =0x000001803da55a80
[2025-06-17T23:39:22.941+0300][2596][14224][debug][safepoint] ... found polling page loop exception at pc = 0x000001803e0556ec, stub =0x000001803da55a80
[2025-06-17T23:39:22.941+0300][2596][13048][debug][safepoint] ... found polling page loop exception at pc = 0x000001803e0556ec, stub =0x000001803da55a80
[2025-06-17T23:39:22.941+0300][2596][5472 ][debug][safepoint] ... found polling page loop exception at pc = 0x000001803e0556ec, stub =0x000001803da55a80
[2025-06-17T23:39:22.941+0300][2596][15388][info ][gc       ] GC(16) Pause Final Mark (unload classes) 0.145ms
[2025-06-17T23:39:22.941+0300][2596][15388][info ][safepoint] Safepoint "ShenandoahFinalMarkStartEvac", Time since last: 5853600 ns, Reaching safepoint: 249100 ns, Cleanup: 5100 ns, At safepoint: 209099 ns, Total: 463299 ns
[2025-06-17T23:39:22.941+0300][2596][22412][info ][gc       ] GC(16) Concurrent thread roots 0.152ms
[2025-06-17T23:39:22.941+0300][2596][22412][info ][gc       ] GC(16) Concurrent weak references 0.210ms
[2025-06-17T23:39:22.941+0300][2596][5472 ][debug][safepoint] ... found polling page loop exception at pc = 0x000001803e0556ec, stub =0x000001803da55a80
[2025-06-17T23:39:22.941+0300][2596][16332][debug][safepoint] ... found polling page loop exception at pc = 0x000001803e0556ec, stub =0x000001803da55a80
[2025-06-17T23:39:22.941+0300][2596][14224][debug][safepoint] ... found polling page loop exception at pc = 0x000001803e05a45d, stub =0x000001803da56300
[2025-06-17T23:39:22.941+0300][2596][13048][debug][safepoint] ... found polling page loop exception at pc = 0x000001803e06abce, stub =0x000001803da56300
[2025-06-17T23:39:22.941+0300][2596][15960][debug][safepoint] ... found polling page loop exception at pc = 0x000001803e0e10b1, stub =0x000001803da56300
[2025-06-17T23:39:22.941+0300][2596][22104][debug][safepoint] ... found polling page loop exception at pc = 0x000001803e06abce, stub =0x000001803da56300
[2025-06-17T23:39:22.941+0300][2596][22412][info ][gc       ] GC(16) Concurrent weak roots 1.180ms
[2025-06-17T23:39:22.944+0300][2596][22412][info ][gc       ] GC(16) Concurrent cleanup 1623M->199M(2048M) 0.144ms
[2025-06-17T23:39:22.944+0300][2596][22412][debug][gc,phases] GC(16) ClassLoaderData 0.016ms
[2025-06-17T23:39:22.944+0300][2596][22412][debug][gc,phases] GC(16) Trigger cleanups 0.000ms
[2025-06-17T23:39:22.946+0300][2596][19892][debug][safepoint] ... found polling page loop exception at pc = 0x000001803e06abce, stub =0x000001803da56300
[2025-06-17T23:39:22.946+0300][2596][16332][debug][safepoint] ... found polling page loop exception at pc = 0x000001803e0584a0, stub =0x000001803da56300
[2025-06-17T23:39:22.946+0300][2596][22104][debug][safepoint] ... found polling page loop exception at pc = 0x000001803e0556ec, stub =0x000001803da55a80
[2025-06-17T23:39:22.946+0300][2596][13048][debug][safepoint] ... found polling page loop exception at pc = 0x000001803e0556ec, stub =0x000001803da55a80
[2025-06-17T23:39:22.946+0300][2596][14224][debug][safepoint] ... found polling page loop exception at pc = 0x000001803e0556ec, stub =0x000001803da55a80
[2025-06-17T23:39:22.946+0300][2596][15960][debug][safepoint] ... found polling page loop exception at pc = 0x000001803e0556ec, stub =0x000001803da55a80
[2025-06-17T23:39:22.946+0300][2596][3228 ][debug][safepoint] ... found polling page loop exception at pc = 0x000001803e0584a0, stub =0x000001803da56300
[2025-06-17T23:39:22.946+0300][2596][22412][info ][gc       ] GC(16) Concurrent class unloading 3.417ms
[2025-06-17T23:39:22.946+0300][2596][22412][info ][gc       ] GC(16) Concurrent strong roots 0.208ms
[2025-06-17T23:39:22.948+0300][2596][22412][info ][gc       ] GC(16) Concurrent evacuation 1.430ms
[2025-06-17T23:39:22.948+0300][2596][15388][debug][safepoint] Safepoint synchronization initiated using striped semaphore wait barrier. (19 threads)
[2025-06-17T23:39:22.948+0300][2596][16332][debug][safepoint] ... found polling page loop exception at pc = 0x000001803e06abce, stub =0x000001803da56300
[2025-06-17T23:39:22.948+0300][2596][14224][debug][safepoint] ... found polling page loop exception at pc = 0x000001803e0556ec, stub =0x000001803da55a80
[2025-06-17T23:39:22.948+0300][2596][22104][debug][safepoint] ... found polling page loop exception at pc = 0x000001803e0556ec, stub =0x000001803da55a80
[2025-06-17T23:39:22.948+0300][2596][15960][debug][safepoint] ... found polling page loop exception at pc = 0x000001803e0556ec, stub =0x000001803da55a80
[2025-06-17T23:39:22.948+0300][2596][3228 ][debug][safepoint] ... found polling page loop exception at pc = 0x000001803e0556ec, stub =0x000001803da55a80
[2025-06-17T23:39:22.948+0300][2596][15388][info ][gc       ] GC(16) Pause Init Update Refs 0.008ms
[2025-06-17T23:39:22.948+0300][2596][15388][info ][safepoint] Safepoint "ShenandoahInitUpdateRefs", Time since last: 7093401 ns, Reaching safepoint: 250200 ns, Cleanup: 8299 ns, At safepoint: 59300 ns, Total: 317799 ns
[2025-06-17T23:39:22.954+0300][2596][22412][info ][gc       ] GC(16) Concurrent update references 5.317ms
[2025-06-17T23:39:22.954+0300][2596][5472 ][debug][safepoint] ... found polling page loop exception at pc = 0x000001803e0556ec, stub =0x000001803da55a80
[2025-06-17T23:39:22.954+0300][2596][13048][debug][safepoint] ... found polling page loop exception at pc = 0x000001803e058607, stub =0x000001803da56300
[2025-06-17T23:39:22.954+0300][2596][19892][debug][safepoint] ... found polling page loop exception at pc = 0x000001803e0556ec, stub =0x000001803da55a80
[2025-06-17T23:39:22.954+0300][2596][16332][debug][safepoint] ... found polling page loop exception at pc = 0x000001803e0e10b1, stub =0x000001803da56300
[2025-06-17T23:39:22.954+0300][2596][14224][debug][safepoint] ... found polling page loop exception at pc = 0x000001803e0556ec, stub =0x000001803da55a80
[2025-06-17T23:39:22.966+0300][2596][22412][info ][gc       ] GC(16) Concurrent update thread roots 10.794ms
[2025-06-17T23:39:22.966+0300][2596][15388][debug][safepoint] Safepoint synchronization initiated using striped semaphore wait barrier. (19 threads)
[2025-06-17T23:39:22.966+0300][2596][15960][debug][safepoint] ... found polling page loop exception at pc = 0x000001803e0bc782, stub =0x000001803da56300
[2025-06-17T23:39:22.966+0300][2596][19892][debug][safepoint] ... found polling page loop exception at pc = 0x000001803e0556ec, stub =0x000001803da55a80
[2025-06-17T23:39:22.966+0300][2596][5472 ][debug][safepoint] ... found polling page loop exception at pc = 0x000001803e0556ec, stub =0x000001803da55a80
[2025-06-17T23:39:22.966+0300][2596][13048][debug][safepoint] ... found polling page loop exception at pc = 0x000001803e0556ec, stub =0x000001803da55a80
[2025-06-17T23:39:22.966+0300][2596][14224][debug][safepoint] ... found polling page loop exception at pc = 0x000001803e07ec94, stub =0x000001803da56300
[2025-06-17T23:39:22.966+0300][2596][15388][info ][gc       ] GC(16) Pause Final Update Refs 0.056ms
[2025-06-17T23:39:22.966+0300][2596][15388][info ][safepoint] Safepoint "ShenandoahFinalUpdateRefs", Time since last: 16299401 ns, Reaching safepoint: 352799 ns, Cleanup: 5601 ns, At safepoint: 113900 ns, Total: 472300 ns
[2025-06-17T23:39:22.966+0300][2596][22412][info ][gc       ] GC(16) Concurrent cleanup 245M->78M(2048M) 0.042ms
[2025-06-17T23:39:23.535+0300][2596][22412][info ][gc       ] Trigger: Average GC time (78.81 ms) is above the time for average allocation rate (2735 MB/s) to deplete free headroom (207M) (margin of error = 1.76)
[2025-06-17T23:39:23.535+0300][2596][22412][info ][gc       ] GC(17) Concurrent reset 0.950ms
[2025-06-17T23:39:23.535+0300][2596][15388][debug][safepoint] Safepoint synchronization initiated using striped semaphore wait barrier. (19 threads)
[2025-06-17T23:39:23.535+0300][2596][5472 ][debug][safepoint] ... found polling page loop exception at pc = 0x000001803e0556ec, stub =0x000001803da55a80
[2025-06-17T23:39:23.535+0300][2596][13048][debug][safepoint] ... found polling page loop exception at pc = 0x000001803e0556ec, stub =0x000001803da55a80
[2025-06-17T23:39:23.535+0300][2596][16332][debug][safepoint] ... found polling page loop exception at pc = 0x000001803e06abce, stub =0x000001803da56300
[2025-06-17T23:39:23.535+0300][2596][14224][debug][safepoint] ... found polling page loop exception at pc = 0x000001803e08181a, stub =0x000001803da55a80
[2025-06-17T23:39:23.535+0300][2596][15960][debug][safepoint] ... found polling page loop exception at pc = 0x000001803e0556ec, stub =0x000001803da55a80
[2025-06-17T23:39:23.535+0300][2596][22104][debug][safepoint] ... found polling page loop exception at pc = 0x000001803e0556ec, stub =0x000001803da55a80
[2025-06-17T23:39:23.535+0300][2596][19892][debug][safepoint] ... found polling page loop exception at pc = 0x000001803e091e2a, stub =0x000001803da55a80
[2025-06-17T23:39:23.535+0300][2596][3228 ][debug][safepoint] ... found polling page loop exception at pc = 0x000001803e0547fb, stub =0x000001803da55a80
[2025-06-17T23:39:23.535+0300][2596][15388][info ][gc       ] GC(17) Pause Init Mark (unload classes) 0.036ms
[2025-06-17T23:39:23.535+0300][2596][15388][info ][safepoint] Safepoint "ShenandoahInitMark", Time since last: 569973400 ns, Reaching safepoint: 508599 ns, Cleanup: 23301 ns, At safepoint: 102899 ns, Total: 634799 ns
[2025-06-17T23:39:23.538+0300][2596][22412][info ][gc       ] GC(17) Concurrent marking roots 0.167ms
[2025-06-17T23:39:23.542+0300][2596][15960][debug][safepoint] ... found polling page loop exception at pc = 0x000001803e0a3218, stub =0x000001803da56300
[2025-06-17T23:39:23.542+0300][2596][19892][debug][safepoint] ... found polling page loop exception at pc = 0x000001803e0556ec, stub =0x000001803da55a80
[2025-06-17T23:39:23.542+0300][2596][13048][debug][safepoint] ... found polling page loop exception at pc = 0x000001803e0556ec, stub =0x000001803da55a80
[2025-06-17T23:39:23.542+0300][2596][16332][debug][safepoint] ... found polling page loop exception at pc = 0x000001803e0556ec, stub =0x000001803da55a80
[2025-06-17T23:39:23.542+0300][2596][22104][debug][safepoint] ... found polling page loop exception at pc = 0x000001803e0556ec, stub =0x000001803da55a80
[2025-06-17T23:39:23.550+0300][2596][3228 ][debug][safepoint] ... found polling page loop exception at pc = 0x000001803e055b5c, stub =0x000001803da55a80
[2025-06-17T23:39:23.550+0300][2596][5472 ][debug][safepoint] ... found polling page loop exception at pc = 0x000001803e0556ec, stub =0x000001803da55a80
[2025-06-17T23:39:23.550+0300][2596][14224][debug][safepoint] ... found polling page loop exception at pc = 0x000001803e0556ec, stub =0x000001803da55a80
[2025-06-17T23:39:23.550+0300][2596][19892][debug][safepoint] ... found polling page loop exception at pc = 0x000001803e058607, stub =0x000001803da56300
[2025-06-17T23:39:23.550+0300][2596][19892][debug][safepoint] ... found polling page loop exception at pc = 0x000001803e0556ec, stub =0x000001803da55a80
[2025-06-17T23:39:23.550+0300][2596][3228 ][debug][safepoint] ... found polling page loop exception at pc = 0x000001803e0556ec, stub =0x000001803da55a80
[2025-06-17T23:39:23.550+0300][2596][5472 ][debug][safepoint] ... found polling page loop exception at pc = 0x000001803e0556ec, stub =0x000001803da55a80
[2025-06-17T23:39:23.550+0300][2596][16332][debug][safepoint] ... found polling page loop exception at pc = 0x000001803e06abce, stub =0x000001803da56300
[2025-06-17T23:39:23.550+0300][2596][13048][debug][safepoint] ... found polling page loop exception at pc = 0x000001803e06abce, stub =0x000001803da56300
[2025-06-17T23:39:23.550+0300][2596][15960][debug][safepoint] ... found polling page loop exception at pc = 0x000001803e05bce7, stub =0x000001803da56300
[2025-06-17T23:39:23.567+0300][2596][22412][info ][gc       ] GC(17) Concurrent marking (unload classes) 29.627ms
[2025-06-17T23:39:23.567+0300][2596][15388][debug][safepoint] Safepoint synchronization initiated using striped semaphore wait barrier. (19 threads)
[2025-06-17T23:39:23.567+0300][2596][22104][debug][safepoint] ... found polling page loop exception at pc = 0x000001803e0556ec, stub =0x000001803da55a80
[2025-06-17T23:39:23.567+0300][2596][3228 ][debug][safepoint] ... found polling page loop exception at pc = 0x000001803e058607, stub =0x000001803da56300
[2025-06-17T23:39:23.567+0300][2596][14224][debug][safepoint] ... found polling page loop exception at pc = 0x000001803e0556ec, stub =0x000001803da55a80
[2025-06-17T23:39:23.567+0300][2596][5472 ][debug][safepoint] ... found polling page loop exception at pc = 0x000001803e0556ec, stub =0x000001803da55a80
[2025-06-17T23:39:23.567+0300][2596][19892][debug][safepoint] ... found polling page loop exception at pc = 0x000001803e0556ec, stub =0x000001803da55a80
[2025-06-17T23:39:23.567+0300][2596][15960][debug][safepoint] ... found polling page loop exception at pc = 0x000001803e092475, stub =0x000001803da55a80
[2025-06-17T23:39:23.567+0300][2596][15388][info ][gc       ] GC(17) Pause Final Mark (unload classes) 0.164ms
[2025-06-17T23:39:23.567+0300][2596][15388][info ][safepoint] Safepoint "ShenandoahFinalMarkStartEvac", Time since last: 29956700 ns, Reaching safepoint: 350001 ns, Cleanup: 7299 ns, At safepoint: 217501 ns, Total: 574801 ns
[2025-06-17T23:39:23.567+0300][2596][22412][info ][gc       ] GC(17) Concurrent thread roots 0.226ms
[2025-06-17T23:39:23.567+0300][2596][22412][info ][gc       ] GC(17) Concurrent weak references 0.148ms
[2025-06-17T23:39:23.567+0300][2596][19892][debug][safepoint] ... found polling page loop exception at pc = 0x000001803e058607, stub =0x000001803da56300
[2025-06-17T23:39:23.567+0300][2596][15960][debug][safepoint] ... found polling page loop exception at pc = 0x000001803e092475, stub =0x000001803da55a80
[2025-06-17T23:39:23.567+0300][2596][13048][debug][safepoint] ... found polling page loop exception at pc = 0x000001803e06abce, stub =0x000001803da56300
[2025-06-17T23:39:23.567+0300][2596][22104][debug][safepoint] ... found polling page loop exception at pc = 0x000001803e0556ec, stub =0x000001803da55a80
[2025-06-17T23:39:23.567+0300][2596][3228 ][debug][safepoint] ... found polling page loop exception at pc = 0x000001803e0c6885, stub =0x000001803da56300
[2025-06-17T23:39:23.567+0300][2596][16332][debug][safepoint] ... found polling page loop exception at pc = 0x000001803e05bce7, stub =0x000001803da56300
[2025-06-17T23:39:23.567+0300][2596][22412][info ][gc       ] GC(17) Concurrent weak roots 1.304ms
[2025-06-17T23:39:23.567+0300][2596][22412][info ][gc       ] GC(17) Concurrent cleanup 1718M->266M(2048M) 0.137ms
[2025-06-17T23:39:23.567+0300][2596][22412][debug][gc,phases] GC(17) ClassLoaderData 0.015ms
[2025-06-17T23:39:23.567+0300][2596][22412][debug][gc,phases] GC(17) Trigger cleanups 0.000ms
[2025-06-17T23:39:23.571+0300][2596][15960][debug][safepoint] ... found polling page loop exception at pc = 0x000001803e06abce, stub =0x000001803da56300
[2025-06-17T23:39:23.571+0300][2596][16332][debug][safepoint] ... found polling page loop exception at pc = 0x000001803e07ec94, stub =0x000001803da56300
[2025-06-17T23:39:23.571+0300][2596][22104][debug][safepoint] ... found polling page loop exception at pc = 0x000001803e05bce7, stub =0x000001803da56300
[2025-06-17T23:39:23.571+0300][2596][13048][debug][safepoint] ... found polling page loop exception at pc = 0x000001803e0556ec, stub =0x000001803da55a80
[2025-06-17T23:39:23.571+0300][2596][19892][debug][safepoint] ... found polling page loop exception at pc = 0x000001803e0556ec, stub =0x000001803da55a80
[2025-06-17T23:39:23.571+0300][2596][14224][debug][safepoint] ... found polling page loop exception at pc = 0x000001803e0556ec, stub =0x000001803da55a80
[2025-06-17T23:39:23.571+0300][2596][5472 ][debug][safepoint] ... found polling page loop exception at pc = 0x000001803e06abce, stub =0x000001803da56300
[2025-06-17T23:39:23.571+0300][2596][3228 ][debug][safepoint] ... found polling page loop exception at pc = 0x000001803e0556ec, stub =0x000001803da55a80
[2025-06-17T23:39:23.577+0300][2596][22412][info ][gc       ] GC(17) Concurrent class unloading 7.347ms
[2025-06-17T23:39:23.577+0300][2596][22412][info ][gc       ] GC(17) Concurrent strong roots 0.234ms
[2025-06-17T23:39:23.577+0300][2596][22412][info ][gc       ] GC(17) Concurrent evacuation 1.257ms
[2025-06-17T23:39:23.577+0300][2596][15388][debug][safepoint] Safepoint synchronization initiated using striped semaphore wait barrier. (19 threads)
[2025-06-17T23:39:23.577+0300][2596][16332][debug][safepoint] ... found polling page loop exception at pc = 0x000001803e0556ec, stub =0x000001803da55a80
[2025-06-17T23:39:23.577+0300][2596][5472 ][debug][safepoint] ... found polling page loop exception at pc = 0x000001803e0556ec, stub =0x000001803da55a80
[2025-06-17T23:39:23.577+0300][2596][22104][debug][safepoint] ... found polling page loop exception at pc = 0x000001803e0556ec, stub =0x000001803da55a80
[2025-06-17T23:39:23.577+0300][2596][3228 ][debug][safepoint] ... found polling page loop exception at pc = 0x000001803e0556ec, stub =0x000001803da55a80
[2025-06-17T23:39:23.577+0300][2596][15960][debug][safepoint] ... found polling page loop exception at pc = 0x000001803e0556ec, stub =0x000001803da55a80
[2025-06-17T23:39:23.577+0300][2596][14224][debug][safepoint] ... found polling page loop exception at pc = 0x000001803e0584a0, stub =0x000001803da56300
[2025-06-17T23:39:23.577+0300][2596][15388][info ][gc       ] GC(17) Pause Init Update Refs 0.010ms
[2025-06-17T23:39:23.577+0300][2596][15388][info ][safepoint] Safepoint "ShenandoahInitUpdateRefs", Time since last: 10997300 ns, Reaching safepoint: 310200 ns, Cleanup: 11000 ns, At safepoint: 74400 ns, Total: 395600 ns
[2025-06-17T23:39:23.597+0300][2596][22412][info ][gc       ] GC(17) Concurrent update references 18.785ms
[2025-06-17T23:39:23.597+0300][2596][14224][debug][safepoint] ... found polling page loop exception at pc = 0x000001803e0556ec, stub =0x000001803da55a80
[2025-06-17T23:39:23.597+0300][2596][15960][debug][safepoint] ... found polling page loop exception at pc = 0x000001803e0766b0, stub =0x000001803da56300
[2025-06-17T23:39:23.597+0300][2596][5472 ][debug][safepoint] ... found polling page loop exception at pc = 0x000001803e0556ec, stub =0x000001803da55a80
[2025-06-17T23:39:23.597+0300][2596][16332][debug][safepoint] ... found polling page loop exception at pc = 0x000001803e0556ec, stub =0x000001803da55a80
[2025-06-17T23:39:23.597+0300][2596][3228 ][debug][safepoint] ... found polling page loop exception at pc = 0x000001803e0556ec, stub =0x000001803da55a80
[2025-06-17T23:39:23.597+0300][2596][13048][debug][safepoint] ... found polling page loop exception at pc = 0x000001803e0556ec, stub =0x000001803da55a80
[2025-06-17T23:39:23.615+0300][2596][22412][info ][gc       ] GC(17) Concurrent update thread roots 16.539ms
[2025-06-17T23:39:23.615+0300][2596][15388][debug][safepoint] Safepoint synchronization initiated using striped semaphore wait barrier. (19 threads)
[2025-06-17T23:39:23.615+0300][2596][16332][debug][safepoint] ... found polling page loop exception at pc = 0x000001803e0556ec, stub =0x000001803da55a80
[2025-06-17T23:39:23.615+0300][2596][14224][debug][safepoint] ... found polling page loop exception at pc = 0x000001803e0556ec, stub =0x000001803da55a80
[2025-06-17T23:39:23.615+0300][2596][19892][debug][safepoint] ... found polling page loop exception at pc = 0x000001803e0556ec, stub =0x000001803da55a80
[2025-06-17T23:39:23.615+0300][2596][13048][debug][safepoint] ... found polling page loop exception at pc = 0x000001803e0556ec, stub =0x000001803da55a80
[2025-06-17T23:39:23.615+0300][2596][15388][info ][gc       ] GC(17) Pause Final Update Refs 0.058ms
[2025-06-17T23:39:23.615+0300][2596][15388][info ][safepoint] Safepoint "ShenandoahFinalUpdateRefs", Time since last: 35533900 ns, Reaching safepoint: 257900 ns, Cleanup: 5400 ns, At safepoint: 132899 ns, Total: 396199 ns
[2025-06-17T23:39:23.615+0300][2596][22412][info ][gc       ] GC(17) Concurrent cleanup 362M->191M(2048M) 0.031ms
[2025-06-17T23:39:24.176+0300][2596][22412][info ][gc       ] Trigger: Average GC time (100.49 ms) is above the time for average allocation rate (2568 MB/s) to deplete free headroom (256M) (margin of error = 1.77)
[2025-06-17T23:39:24.176+0300][2596][22412][info ][gc       ] GC(18) Concurrent reset 0.755ms
[2025-06-17T23:39:24.176+0300][2596][15388][debug][safepoint] Safepoint synchronization initiated using striped semaphore wait barrier. (14 threads)
[2025-06-17T23:39:24.176+0300][2596][13048][debug][safepoint] ... found polling page loop exception at pc = 0x000001803e0584a0, stub =0x000001803da56300
[2025-06-17T23:39:24.176+0300][2596][22104][debug][safepoint] ... found polling page loop exception at pc = 0x000001803e0556ec, stub =0x000001803da55a80
[2025-06-17T23:39:24.176+0300][2596][3228 ][debug][safepoint] ... found polling page loop exception at pc = 0x000001803e0556ec, stub =0x000001803da55a80
[2025-06-17T23:39:24.176+0300][2596][15388][info ][gc       ] GC(18) Pause Init Mark (unload classes) 0.025ms
[2025-06-17T23:39:24.176+0300][2596][15388][info ][safepoint] Safepoint "ShenandoahInitMark", Time since last: 561724600 ns, Reaching safepoint: 235501 ns, Cleanup: 12200 ns, At safepoint: 60700 ns, Total: 308401 ns
[2025-06-17T23:39:24.176+0300][2596][22412][info ][gc       ] GC(18) Concurrent marking roots 0.153ms
[2025-06-17T23:39:24.179+0300][2596][13048][debug][safepoint] ... found polling page loop exception at pc = 0x000001803e0556ec, stub =0x000001803da55a80
[2025-06-17T23:39:24.179+0300][2596][3228 ][debug][safepoint] ... found polling page loop exception at pc = 0x000001803e092475, stub =0x000001803da55a80
[2025-06-17T23:39:24.179+0300][2596][13048][debug][safepoint] ... found polling page loop exception at pc = 0x000001803e183b0f, stub =0x000001803da56300
[2025-06-17T23:39:24.179+0300][2596][3228 ][debug][safepoint] ... found polling page loop exception at pc = 0x000001803e0556ec, stub =0x000001803da55a80
[2025-06-17T23:39:24.179+0300][2596][22104][debug][safepoint] ... found polling page loop exception at pc = 0x000001803e096f0b, stub =0x000001803da55a80
[2025-06-17T23:39:24.179+0300][2596][22412][info ][gc       ] GC(18) Concurrent marking (unload classes) 3.703ms
[2025-06-17T23:39:24.179+0300][2596][15388][debug][safepoint] Safepoint synchronization initiated using striped semaphore wait barrier. (14 threads)
[2025-06-17T23:39:24.179+0300][2596][13048][debug][safepoint] ... found polling page loop exception at pc = 0x000001803e0556ec, stub =0x000001803da55a80
[2025-06-17T23:39:24.179+0300][2596][22104][debug][safepoint] ... found polling page loop exception at pc = 0x000001803e0556ec, stub =0x000001803da55a80
[2025-06-17T23:39:24.179+0300][2596][3228 ][debug][safepoint] ... found polling page loop exception at pc = 0x000001803e0556ec, stub =0x000001803da55a80
[2025-06-17T23:39:24.179+0300][2596][15388][info ][gc       ] GC(18) Pause Final Mark (unload classes) 0.108ms
[2025-06-17T23:39:24.179+0300][2596][15388][info ][safepoint] Safepoint "ShenandoahFinalMarkStartEvac", Time since last: 3989000 ns, Reaching safepoint: 146100 ns, Cleanup: 3200 ns, At safepoint: 149400 ns, Total: 298700 ns
[2025-06-17T23:39:24.179+0300][2596][22412][info ][gc       ] GC(18) Concurrent weak references 0.070ms
[2025-06-17T23:39:24.179+0300][2596][22104][debug][safepoint] ... found polling page loop exception at pc = 0x000001803e0556ec, stub =0x000001803da55a80
[2025-06-17T23:39:24.179+0300][2596][13048][debug][safepoint] ... found polling page loop exception at pc = 0x000001803e05bce7, stub =0x000001803da56300
[2025-06-17T23:39:24.179+0300][2596][22412][info ][gc       ] GC(18) Concurrent weak roots 0.730ms
[2025-06-17T23:39:24.179+0300][2596][22412][info ][gc       ] GC(18) Concurrent cleanup 1593M->91M(2048M) 0.123ms
[2025-06-17T23:39:24.179+0300][2596][22412][debug][gc,phases] GC(18) ClassLoaderData 0.010ms
[2025-06-17T23:39:24.179+0300][2596][22412][debug][gc,phases] GC(18) Trigger cleanups 0.000ms
[2025-06-17T23:39:24.179+0300][2596][13048][debug][safepoint] ... found polling page loop exception at pc = 0x000001803e0f5475, stub =0x000001803da55a80
[2025-06-17T23:39:24.179+0300][2596][3228 ][debug][safepoint] ... found polling page loop exception at pc = 0x000001803e0556ec, stub =0x000001803da55a80
[2025-06-17T23:39:24.179+0300][2596][22412][info ][gc       ] GC(18) Concurrent class unloading 2.007ms
[2025-06-17T23:39:24.179+0300][2596][15388][debug][safepoint] Safepoint synchronization initiated using striped semaphore wait barrier. (14 threads)
[2025-06-17T23:39:24.179+0300][2596][13048][debug][safepoint] ... found polling page loop exception at pc = 0x000001803e0556ec, stub =0x000001803da55a80
[2025-06-17T23:39:24.179+0300][2596][22104][debug][safepoint] ... found polling page loop exception at pc = 0x000001803e0547fb, stub =0x000001803da55a80
[2025-06-17T23:39:24.179+0300][2596][15388][info ][gc       ] GC(18) Pause Final Roots 0.004ms
[2025-06-17T23:39:24.179+0300][2596][15388][info ][safepoint] Safepoint "ShenandoahFinalRoots", Time since last: 3124600 ns, Reaching safepoint: 117599 ns, Cleanup: 2400 ns, At safepoint: 36601 ns, Total: 156600 ns
[2025-06-17T23:39:24.729+0300][2596][22412][info ][gc       ] Trigger: Explicit GC request (System.gc())
[2025-06-17T23:39:24.729+0300][2596][22412][info ][gc       ] GC(19) Concurrent reset 0.405ms
[2025-06-17T23:39:24.729+0300][2596][15388][debug][safepoint] Safepoint synchronization initiated using striped semaphore wait barrier. (13 threads)
[2025-06-17T23:39:24.729+0300][2596][15388][info ][gc       ] GC(19) Pause Init Mark (unload classes) 0.020ms
[2025-06-17T23:39:24.729+0300][2596][15388][info ][safepoint] Safepoint "ShenandoahInitMark", Time since last: 545438400 ns, Reaching safepoint: 37200 ns, Cleanup: 20299 ns, At safepoint: 41001 ns, Total: 98500 ns
[2025-06-17T23:39:24.729+0300][2596][22412][info ][gc       ] GC(19) Concurrent marking roots 0.214ms
[2025-06-17T23:39:24.729+0300][2596][22412][info ][gc       ] GC(19) Concurrent marking (unload classes) 2.208ms
[2025-06-17T23:39:24.729+0300][2596][15388][debug][safepoint] Safepoint synchronization initiated using striped semaphore wait barrier. (13 threads)
[2025-06-17T23:39:24.729+0300][2596][15388][info ][gc       ] GC(19) Pause Final Mark (unload classes) 0.192ms
[2025-06-17T23:39:24.729+0300][2596][15388][info ][safepoint] Safepoint "ShenandoahFinalMarkStartEvac", Time since last: 2650699 ns, Reaching safepoint: 31801 ns, Cleanup: 3099 ns, At safepoint: 229201 ns, Total: 264101 ns
[2025-06-17T23:39:24.729+0300][2596][22412][info ][gc       ] GC(19) Concurrent weak references 0.153ms
[2025-06-17T23:39:24.729+0300][2596][22412][info ][gc       ] GC(19) Concurrent weak roots 0.784ms
[2025-06-17T23:39:24.729+0300][2596][22412][info ][gc       ] GC(19) Concurrent cleanup 258M->14M(2048M) 0.025ms
[2025-06-17T23:39:24.729+0300][2596][22412][debug][gc,phases] GC(19) ClassLoaderData 0.090ms
[2025-06-17T23:39:24.729+0300][2596][22412][debug][gc,phases] GC(19) Trigger cleanups 0.007ms
[2025-06-17T23:39:24.729+0300][2596][22412][info ][gc       ] GC(19) Concurrent class unloading 3.447ms
[2025-06-17T23:39:24.729+0300][2596][15388][debug][safepoint] Safepoint synchronization initiated using striped semaphore wait barrier. (13 threads)
[2025-06-17T23:39:24.729+0300][2596][15388][info ][gc       ] GC(19) Pause Final Roots 0.003ms
[2025-06-17T23:39:24.729+0300][2596][15388][info ][safepoint] Safepoint "ShenandoahFinalRoots", Time since last: 4659000 ns, Reaching safepoint: 28900 ns, Cleanup: 7900 ns, At safepoint: 19899 ns, Total: 56699 ns
[2025-06-17T23:39:24.729+0300][2596][15388][debug][safepoint] Safepoint synchronization initiated using striped semaphore wait barrier. (13 threads)
[2025-06-17T23:39:24.729+0300][2596][15388][info ][safepoint] Safepoint "CleanClassLoaderDataMetaspaces", Time since last: 82501 ns, Reaching safepoint: 29200 ns, Cleanup: 2099 ns, At safepoint: 19001 ns, Total: 50300 ns
[2025-06-17T23:39:25.015+0300][2596][22412][info ][gc       ] Trigger: Learning 2 of 5. Free (1410M) is below initial threshold (1433M)
[2025-06-17T23:39:25.015+0300][2596][22412][info ][gc       ] GC(20) Concurrent reset 0.226ms
[2025-06-17T23:39:25.015+0300][2596][15388][debug][safepoint] Safepoint synchronization initiated using striped semaphore wait barrier. (20 threads)
[2025-06-17T23:39:25.015+0300][2596][15388][info ][gc       ] GC(20) Pause Init Mark (unload classes) 0.019ms
[2025-06-17T23:39:25.015+0300][2596][15388][info ][safepoint] Safepoint "ShenandoahInitMark", Time since last: 277260199 ns, Reaching safepoint: 25601 ns, Cleanup: 18399 ns, At safepoint: 40301 ns, Total: 84301 ns
[2025-06-17T23:39:25.015+0300][2596][22412][info ][gc       ] GC(20) Concurrent marking roots 0.227ms
[2025-06-17T23:39:25.018+0300][2596][22412][info ][gc       ] GC(20) Concurrent marking (unload classes) 2.550ms
[2025-06-17T23:39:25.018+0300][2596][15388][debug][safepoint] Safepoint synchronization initiated using striped semaphore wait barrier. (20 threads)
[2025-06-17T23:39:25.018+0300][2596][15388][info ][gc       ] GC(20) Pause Final Mark (unload classes) 0.145ms
[2025-06-17T23:39:25.018+0300][2596][15388][info ][safepoint] Safepoint "ShenandoahFinalMarkStartEvac", Time since last: 2948200 ns, Reaching safepoint: 29300 ns, Cleanup: 2300 ns, At safepoint: 166500 ns, Total: 198100 ns
[2025-06-17T23:39:25.018+0300][2596][22412][info ][gc       ] GC(20) Concurrent thread roots 0.155ms
[2025-06-17T23:39:25.018+0300][2596][22412][info ][gc       ] GC(20) Concurrent weak references 0.113ms
[2025-06-17T23:39:25.018+0300][2596][22412][info ][gc       ] GC(20) Concurrent weak roots 0.698ms
[2025-06-17T23:39:25.018+0300][2596][22412][info ][gc       ] GC(20) Concurrent cleanup 528M->88M(2048M) 0.037ms
[2025-06-17T23:39:25.018+0300][2596][22412][debug][gc,phases] GC(20) ClassLoaderData 0.005ms
[2025-06-17T23:39:25.018+0300][2596][22412][debug][gc,phases] GC(20) Trigger cleanups 0.000ms
[2025-06-17T23:39:25.018+0300][2596][22412][info ][gc       ] GC(20) Concurrent class unloading 1.722ms
[2025-06-17T23:39:25.018+0300][2596][22412][info ][gc       ] GC(20) Concurrent strong roots 0.186ms
[2025-06-17T23:39:25.018+0300][2596][22412][info ][gc       ] GC(20) Concurrent evacuation 0.638ms
[2025-06-17T23:39:25.018+0300][2596][15388][debug][safepoint] Safepoint synchronization initiated using striped semaphore wait barrier. (20 threads)
[2025-06-17T23:39:25.018+0300][2596][15388][info ][gc       ] GC(20) Pause Init Update Refs 0.005ms
[2025-06-17T23:39:25.018+0300][2596][15388][info ][safepoint] Safepoint "ShenandoahInitUpdateRefs", Time since last: 3872000 ns, Reaching safepoint: 31800 ns, Cleanup: 6300 ns, At safepoint: 24500 ns, Total: 62600 ns
[2025-06-17T23:39:25.018+0300][2596][22412][info ][gc       ] GC(20) Concurrent update references 1.705ms
[2025-06-17T23:39:25.018+0300][2596][22412][info ][gc       ] GC(20) Concurrent update thread roots 0.152ms
[2025-06-17T23:39:25.018+0300][2596][15388][debug][safepoint] Safepoint synchronization initiated using striped semaphore wait barrier. (20 threads)
[2025-06-17T23:39:25.018+0300][2596][15388][info ][gc       ] GC(20) Pause Final Update Refs 0.050ms
[2025-06-17T23:39:25.018+0300][2596][15388][info ][safepoint] Safepoint "ShenandoahFinalUpdateRefs", Time since last: 2010800 ns, Reaching safepoint: 26700 ns, Cleanup: 1400 ns, At safepoint: 66900 ns, Total: 95000 ns
[2025-06-17T23:39:25.018+0300][2596][22412][info ][gc       ] GC(20) Concurrent cleanup 90M->11M(2048M) 0.019ms
[2025-06-17T23:39:25.237+0300][2596][22412][info ][gc       ] Trigger: Learning 3 of 5. Free (1397M) is below initial threshold (1433M)
[2025-06-17T23:39:25.237+0300][2596][22412][info ][gc       ] GC(21) Concurrent reset 0.522ms
[2025-06-17T23:39:25.237+0300][2596][15388][debug][safepoint] Safepoint synchronization initiated using striped semaphore wait barrier. (19 threads)
[2025-06-17T23:39:25.237+0300][2596][4892 ][debug][safepoint] ... found polling page loop exception at pc = 0x000001803e0556ec, stub =0x000001803da55a80
[2025-06-17T23:39:25.237+0300][2596][20896][debug][safepoint] ... found polling page loop exception at pc = 0x000001803e0556ec, stub =0x000001803da55a80
[2025-06-17T23:39:25.237+0300][2596][2404 ][debug][safepoint] ... found polling page loop exception at pc = 0x000001803e0556ec, stub =0x000001803da55a80
[2025-06-17T23:39:25.237+0300][2596][10348][debug][safepoint] ... found polling page loop exception at pc = 0x000001803e06abce, stub =0x000001803da56300
[2025-06-17T23:39:25.237+0300][2596][15036][debug][safepoint] ... found polling page loop exception at pc = 0x000001803e0556ec, stub =0x000001803da55a80
[2025-06-17T23:39:25.237+0300][2596][22512][debug][safepoint] ... found polling page loop exception at pc = 0x000001803e0706fb, stub =0x000001803da56300
[2025-06-17T23:39:25.237+0300][2596][15388][info ][gc       ] GC(21) Pause Init Mark (unload classes) 0.033ms
[2025-06-17T23:39:25.237+0300][2596][15388][info ][safepoint] Safepoint "ShenandoahInitMark", Time since last: 212628999 ns, Reaching safepoint: 322000 ns, Cleanup: 5801 ns, At safepoint: 112000 ns, Total: 439801 ns
[2025-06-17T23:39:25.237+0300][2596][22412][info ][gc       ] GC(21) Concurrent marking roots 0.175ms
[2025-06-17T23:39:25.241+0300][2596][2404 ][debug][safepoint] ... found polling page loop exception at pc = 0x000001803e0556ec, stub =0x000001803da55a80
[2025-06-17T23:39:25.241+0300][2596][19412][debug][safepoint] ... found polling page loop exception at pc = 0x000001803e0556ec, stub =0x000001803da55a80
[2025-06-17T23:39:25.241+0300][2596][22396][debug][safepoint] ... found polling page loop exception at pc = 0x000001803e05a45d, stub =0x000001803da56300
[2025-06-17T23:39:25.241+0300][2596][22512][debug][safepoint] ... found polling page loop exception at pc = 0x000001803e0556ec, stub =0x000001803da55a80
[2025-06-17T23:39:25.241+0300][2596][4892 ][debug][safepoint] ... found polling page loop exception at pc = 0x000001803e0556ec, stub =0x000001803da55a80
[2025-06-17T23:39:25.245+0300][2596][4892 ][debug][safepoint] ... found polling page loop exception at pc = 0x000001803e0556ec, stub =0x000001803da55a80
[2025-06-17T23:39:25.245+0300][2596][22396][debug][safepoint] ... found polling page loop exception at pc = 0x000001803e0556ec, stub =0x000001803da55a80
[2025-06-17T23:39:25.245+0300][2596][22512][debug][safepoint] ... found polling page loop exception at pc = 0x000001803e06abce, stub =0x000001803da56300
[2025-06-17T23:39:25.245+0300][2596][15036][debug][safepoint] ... found polling page loop exception at pc = 0x000001803e0556ec, stub =0x000001803da55a80
[2025-06-17T23:39:25.245+0300][2596][22412][info ][gc       ] GC(21) Concurrent marking (unload classes) 8.793ms
[2025-06-17T23:39:25.245+0300][2596][15388][debug][safepoint] Safepoint synchronization initiated using striped semaphore wait barrier. (19 threads)
[2025-06-17T23:39:25.245+0300][2596][15036][debug][safepoint] ... found polling page loop exception at pc = 0x000001803e2191e0, stub =0x000001803da55a80
[2025-06-17T23:39:25.245+0300][2596][4892 ][debug][safepoint] ... found polling page loop exception at pc = 0x000001803e06abce, stub =0x000001803da56300
[2025-06-17T23:39:25.245+0300][2596][22512][debug][safepoint] ... found polling page loop exception at pc = 0x000001803e0a3218, stub =0x000001803da56300
[2025-06-17T23:39:25.245+0300][2596][19412][debug][safepoint] ... found polling page loop exception at pc = 0x000001803e0556ec, stub =0x000001803da55a80
[2025-06-17T23:39:25.245+0300][2596][20896][debug][safepoint] ... found polling page loop exception at pc = 0x000001803e0556ec, stub =0x000001803da55a80
[2025-06-17T23:39:25.245+0300][2596][15388][info ][gc       ] GC(21) Pause Final Mark (unload classes) 0.144ms
[2025-06-17T23:39:25.245+0300][2596][15388][info ][safepoint] Safepoint "ShenandoahFinalMarkStartEvac", Time since last: 9098500 ns, Reaching safepoint: 253000 ns, Cleanup: 5600 ns, At safepoint: 198200 ns, Total: 456800 ns
[2025-06-17T23:39:25.245+0300][2596][22412][info ][gc       ] GC(21) Concurrent thread roots 0.098ms
[2025-06-17T23:39:25.245+0300][2596][22412][info ][gc       ] GC(21) Concurrent weak references 0.065ms
[2025-06-17T23:39:25.245+0300][2596][20896][debug][safepoint] ... found polling page loop exception at pc = 0x000001803e0556ec, stub =0x000001803da55a80
[2025-06-17T23:39:25.245+0300][2596][4892 ][debug][safepoint] ... found polling page loop exception at pc = 0x000001803e0556ec, stub =0x000001803da55a80
[2025-06-17T23:39:25.245+0300][2596][10348][debug][safepoint] ... found polling page loop exception at pc = 0x000001803e0706fb, stub =0x000001803da56300
[2025-06-17T23:39:25.245+0300][2596][22412][info ][gc       ] GC(21) Concurrent weak roots 0.934ms
[2025-06-17T23:39:25.245+0300][2596][22412][info ][gc       ] GC(21) Concurrent cleanup 578M->114M(2048M) 0.061ms
[2025-06-17T23:39:25.245+0300][2596][22412][debug][gc,phases] GC(21) ClassLoaderData 0.012ms
[2025-06-17T23:39:25.245+0300][2596][22412][debug][gc,phases] GC(21) Trigger cleanups 0.000ms
[2025-06-17T23:39:25.249+0300][2596][10348][debug][safepoint] ... found polling page loop exception at pc = 0x000001803e0766b0, stub =0x000001803da56300
[2025-06-17T23:39:25.249+0300][2596][20896][debug][safepoint] ... found polling page loop exception at pc = 0x000001803e0556ec, stub =0x000001803da55a80
[2025-06-17T23:39:25.249+0300][2596][4892 ][debug][safepoint] ... found polling page loop exception at pc = 0x000001803e0706fb, stub =0x000001803da56300
[2025-06-17T23:39:25.249+0300][2596][22512][debug][safepoint] ... found polling page loop exception at pc = 0x000001803e0556ec, stub =0x000001803da55a80
[2025-06-17T23:39:25.249+0300][2596][19412][debug][safepoint] ... found polling page loop exception at pc = 0x000001803e0556ec, stub =0x000001803da55a80
[2025-06-17T23:39:25.249+0300][2596][15036][debug][safepoint] ... found polling page loop exception at pc = 0x000001803e058607, stub =0x000001803da56300
[2025-06-17T23:39:25.251+0300][2596][22412][info ][gc       ] GC(21) Concurrent class unloading 2.458ms
[2025-06-17T23:39:25.251+0300][2596][22412][info ][gc       ] GC(21) Concurrent strong roots 0.177ms
[2025-06-17T23:39:25.251+0300][2596][22412][info ][gc       ] GC(21) Concurrent evacuation 0.896ms
[2025-06-17T23:39:25.251+0300][2596][15388][debug][safepoint] Safepoint synchronization initiated using striped semaphore wait barrier. (19 threads)
[2025-06-17T23:39:25.251+0300][2596][10348][debug][safepoint] ... found polling page loop exception at pc = 0x000001803e0556ec, stub =0x000001803da55a80
[2025-06-17T23:39:25.251+0300][2596][2404 ][debug][safepoint] ... found polling page loop exception at pc = 0x000001803e0556ec, stub =0x000001803da55a80
[2025-06-17T23:39:25.251+0300][2596][19412][debug][safepoint] ... found polling page loop exception at pc = 0x000001803e0556ec, stub =0x000001803da55a80
[2025-06-17T23:39:25.251+0300][2596][22512][debug][safepoint] ... found polling page loop exception at pc = 0x000001803e0556ec, stub =0x000001803da55a80
[2025-06-17T23:39:25.251+0300][2596][20896][debug][safepoint] ... found polling page loop exception at pc = 0x000001803e07ec94, stub =0x000001803da56300
[2025-06-17T23:39:25.251+0300][2596][4892 ][debug][safepoint] ... found polling page loop exception at pc = 0x000001803e0556ec, stub =0x000001803da55a80
[2025-06-17T23:39:25.251+0300][2596][22396][debug][safepoint] ... found polling page loop exception at pc = 0x000001803e0556ec, stub =0x000001803da55a80
[2025-06-17T23:39:25.253+0300][2596][15388][info ][gc       ] GC(21) Pause Init Update Refs 0.010ms
[2025-06-17T23:39:25.253+0300][2596][15388][info ][safepoint] Safepoint "ShenandoahInitUpdateRefs", Time since last: 5004399 ns, Reaching safepoint: 351301 ns, Cleanup: 4199 ns, At safepoint: 86101 ns, Total: 441601 ns
[2025-06-17T23:39:25.259+0300][2596][22412][info ][gc       ] GC(21) Concurrent update references 6.417ms
[2025-06-17T23:39:25.259+0300][2596][22396][debug][safepoint] ... found polling page loop exception at pc = 0x000001803e0bc782, stub =0x000001803da56300
[2025-06-17T23:39:25.259+0300][2596][10348][debug][safepoint] ... found polling page loop exception at pc = 0x000001803e096f0b, stub =0x000001803da55a80
[2025-06-17T23:39:25.259+0300][2596][19412][debug][safepoint] ... found polling page loop exception at pc = 0x000001803e0556ec, stub =0x000001803da55a80
[2025-06-17T23:39:25.259+0300][2596][4892 ][debug][safepoint] ... found polling page loop exception at pc = 0x000001803e0556ec, stub =0x000001803da55a80
[2025-06-17T23:39:25.259+0300][2596][22512][debug][safepoint] ... found polling page loop exception at pc = 0x000001803e058607, stub =0x000001803da56300
[2025-06-17T23:39:25.284+0300][2596][22412][info ][gc       ] GC(21) Concurrent update thread roots 25.099ms
[2025-06-17T23:39:25.284+0300][2596][15388][debug][safepoint] Safepoint synchronization initiated using striped semaphore wait barrier. (19 threads)
[2025-06-17T23:39:25.284+0300][2596][4892 ][debug][safepoint] ... found polling page loop exception at pc = 0x000001803e0e10b1, stub =0x000001803da56300
[2025-06-17T23:39:25.284+0300][2596][22396][debug][safepoint] ... found polling page loop exception at pc = 0x000001803e12c7ad, stub =0x000001803da56300
[2025-06-17T23:39:25.284+0300][2596][10348][debug][safepoint] ... found polling page loop exception at pc = 0x000001803e0a3218, stub =0x000001803da56300
[2025-06-17T23:39:25.284+0300][2596][22512][debug][safepoint] ... found polling page loop exception at pc = 0x000001803e0d4f4d, stub =0x000001803da56300
[2025-06-17T23:39:25.284+0300][2596][19412][debug][safepoint] ... found polling page loop exception at pc = 0x000001803e0556ec, stub =0x000001803da55a80
[2025-06-17T23:39:25.284+0300][2596][15388][info ][gc       ] GC(21) Pause Final Update Refs 0.053ms
[2025-06-17T23:39:25.284+0300][2596][15388][info ][safepoint] Safepoint "ShenandoahFinalUpdateRefs", Time since last: 31702500 ns, Reaching safepoint: 345400 ns, Cleanup: 6099 ns, At safepoint: 106500 ns, Total: 457999 ns
[2025-06-17T23:39:25.284+0300][2596][22412][info ][gc       ] GC(21) Concurrent cleanup 195M->122M(2048M) 0.030ms
[2025-06-17T23:39:25.427+0300][2596][22412][info ][gc       ] Trigger: Learning 4 of 5. Free (1433M) is below initial threshold (1433M)
[2025-06-17T23:39:25.427+0300][2596][22412][info ][gc       ] GC(22) Concurrent reset 0.450ms
[2025-06-17T23:39:25.427+0300][2596][15388][debug][safepoint] Safepoint synchronization initiated using striped semaphore wait barrier. (19 threads)
[2025-06-17T23:39:25.427+0300][2596][2404 ][debug][safepoint] ... found polling page loop exception at pc = 0x000001803e07ec94, stub =0x000001803da56300
[2025-06-17T23:39:25.427+0300][2596][19412][debug][safepoint] ... found polling page loop exception at pc = 0x000001803e0556ec, stub =0x000001803da55a80
[2025-06-17T23:39:25.427+0300][2596][10348][debug][safepoint] ... found polling page loop exception at pc = 0x000001803e096f0b, stub =0x000001803da55a80
[2025-06-17T23:39:25.427+0300][2596][4892 ][debug][safepoint] ... found polling page loop exception at pc = 0x000001803e0556ec, stub =0x000001803da55a80
[2025-06-17T23:39:25.427+0300][2596][22396][debug][safepoint] ... found polling page loop exception at pc = 0x000001803e0556ec, stub =0x000001803da55a80
[2025-06-17T23:39:25.427+0300][2596][22512][debug][safepoint] ... found polling page loop exception at pc = 0x000001803e0556ec, stub =0x000001803da55a80
[2025-06-17T23:39:25.427+0300][2596][15388][info ][gc       ] GC(22) Pause Init Mark (unload classes) 0.021ms
[2025-06-17T23:39:25.427+0300][2596][15388][info ][safepoint] Safepoint "ShenandoahInitMark", Time since last: 142407201 ns, Reaching safepoint: 368000 ns, Cleanup: 5999 ns, At safepoint: 77201 ns, Total: 451200 ns
[2025-06-17T23:39:25.427+0300][2596][22412][info ][gc       ] GC(22) Concurrent marking roots 0.208ms
[2025-06-17T23:39:25.431+0300][2596][20896][debug][safepoint] ... found polling page loop exception at pc = 0x000001803e0766b0, stub =0x000001803da56300
[2025-06-17T23:39:25.431+0300][2596][4892 ][debug][safepoint] ... found polling page loop exception at pc = 0x000001803e0556ec, stub =0x000001803da55a80
[2025-06-17T23:39:25.431+0300][2596][22396][debug][safepoint] ... found polling page loop exception at pc = 0x000001803e0556ec, stub =0x000001803da55a80
[2025-06-17T23:39:25.431+0300][2596][19412][debug][safepoint] ... found polling page loop exception at pc = 0x000001803e219bbf, stub =0x000001803da55a80
[2025-06-17T23:39:25.431+0300][2596][10348][debug][safepoint] ... found polling page loop exception at pc = 0x000001803e0556ec, stub =0x000001803da55a80
[2025-06-17T23:39:25.442+0300][2596][10348][debug][safepoint] ... found polling page loop exception at pc = 0x000001803e0556ec, stub =0x000001803da55a80
[2025-06-17T23:39:25.442+0300][2596][22396][debug][safepoint] ... found polling page loop exception at pc = 0x000001803e0556ec, stub =0x000001803da55a80
[2025-06-17T23:39:25.442+0300][2596][19412][debug][safepoint] ... found polling page loop exception at pc = 0x000001803e0556ec, stub =0x000001803da55a80
[2025-06-17T23:39:25.442+0300][2596][2404 ][debug][safepoint] ... found polling page loop exception at pc = 0x000001803e058607, stub =0x000001803da56300
[2025-06-17T23:39:25.442+0300][2596][20896][debug][safepoint] ... found polling page loop exception at pc = 0x000001803e0556ec, stub =0x000001803da55a80
[2025-06-17T23:39:25.442+0300][2596][4892 ][debug][safepoint] ... found polling page loop exception at pc = 0x000001803e0556ec, stub =0x000001803da55a80
[2025-06-17T23:39:25.442+0300][2596][15036][debug][safepoint] ... found polling page loop exception at pc = 0x000001803e219bbf, stub =0x000001803da55a80
[2025-06-17T23:39:25.474+0300][2596][22396][debug][safepoint] ... found polling page loop exception at pc = 0x000001803e06abce, stub =0x000001803da56300
[2025-06-17T23:39:25.474+0300][2596][2404 ][debug][safepoint] ... found polling page loop exception at pc = 0x000001803e0556ec, stub =0x000001803da55a80
[2025-06-17T23:39:25.474+0300][2596][19412][debug][safepoint] ... found polling page loop exception at pc = 0x000001803e0556ec, stub =0x000001803da55a80
[2025-06-17T23:39:25.474+0300][2596][15036][debug][safepoint] ... found polling page loop exception at pc = 0x000001803e0556ec, stub =0x000001803da55a80
[2025-06-17T23:39:25.474+0300][2596][4892 ][debug][safepoint] ... found polling page loop exception at pc = 0x000001803e0556ec, stub =0x000001803da55a80
[2025-06-17T23:39:25.474+0300][2596][22512][debug][safepoint] ... found polling page loop exception at pc = 0x000001803e0556ec, stub =0x000001803da55a80
[2025-06-17T23:39:25.474+0300][2596][10348][debug][safepoint] ... found polling page loop exception at pc = 0x000001803e0556ec, stub =0x000001803da55a80
[2025-06-17T23:39:25.474+0300][2596][22396][debug][safepoint] ... found polling page loop exception at pc = 0x000001803e096f0b, stub =0x000001803da55a80
[2025-06-17T23:39:25.474+0300][2596][4892 ][debug][safepoint] ... found polling page loop exception at pc = 0x000001803e0556ec, stub =0x000001803da55a80
[2025-06-17T23:39:25.474+0300][2596][22512][debug][safepoint] ... found polling page loop exception at pc = 0x000001803e0556ec, stub =0x000001803da55a80
[2025-06-17T23:39:25.474+0300][2596][2404 ][debug][safepoint] ... found polling page loop exception at pc = 0x000001803e07ec94, stub =0x000001803da56300
[2025-06-17T23:39:25.474+0300][2596][15036][debug][safepoint] ... found polling page loop exception at pc = 0x000001803e219bbf, stub =0x000001803da55a80
[2025-06-17T23:39:25.474+0300][2596][19412][debug][safepoint] ... found polling page loop exception at pc = 0x000001803e0556ec, stub =0x000001803da55a80
[2025-06-17T23:39:25.476+0300][2596][22412][info ][gc       ] GC(22) Concurrent marking (unload classes) 48.520ms
[2025-06-17T23:39:25.476+0300][2596][15388][debug][safepoint] Safepoint synchronization initiated using striped semaphore wait barrier. (19 threads)
[2025-06-17T23:39:25.476+0300][2596][19412][debug][safepoint] ... found polling page loop exception at pc = 0x000001803e0556ec, stub =0x000001803da55a80
[2025-06-17T23:39:25.476+0300][2596][22396][debug][safepoint] ... found polling page loop exception at pc = 0x000001803e0706fb, stub =0x000001803da56300
[2025-06-17T23:39:25.476+0300][2596][15036][debug][safepoint] ... found polling page loop exception at pc = 0x000001803e0c9246, stub =0x000001803da56300
[2025-06-17T23:39:25.476+0300][2596][22512][debug][safepoint] ... found polling page loop exception at pc = 0x000001803e058607, stub =0x000001803da56300
[2025-06-17T23:39:25.476+0300][2596][4892 ][debug][safepoint] ... found polling page loop exception at pc = 0x000001803e0556ec, stub =0x000001803da55a80
[2025-06-17T23:39:25.476+0300][2596][15388][info ][gc       ] GC(22) Pause Final Mark (unload classes) 0.137ms
[2025-06-17T23:39:25.476+0300][2596][15388][info ][safepoint] Safepoint "ShenandoahFinalMarkStartEvac", Time since last: 48882900 ns, Reaching safepoint: 248000 ns, Cleanup: 6200 ns, At safepoint: 196100 ns, Total: 450300 ns
[2025-06-17T23:39:25.476+0300][2596][22412][info ][gc       ] GC(22) Concurrent thread roots 0.107ms
[2025-06-17T23:39:25.476+0300][2596][22412][info ][gc       ] GC(22) Concurrent weak references 0.063ms
[2025-06-17T23:39:25.490+0300][2596][10348][debug][safepoint] ... found polling page loop exception at pc = 0x000001803e0556ec, stub =0x000001803da55a80
[2025-06-17T23:39:25.490+0300][2596][19412][debug][safepoint] ... found polling page loop exception at pc = 0x000001803e0556ec, stub =0x000001803da55a80
[2025-06-17T23:39:25.490+0300][2596][4892 ][debug][safepoint] ... found polling page loop exception at pc = 0x000001803e0556ec, stub =0x000001803da55a80
[2025-06-17T23:39:25.490+0300][2596][22512][debug][safepoint] ... found polling page loop exception at pc = 0x000001803e0556ec, stub =0x000001803da55a80
[2025-06-17T23:39:25.490+0300][2596][2404 ][debug][safepoint] ... found polling page loop exception at pc = 0x000001803e0556ec, stub =0x000001803da55a80
[2025-06-17T23:39:25.496+0300][2596][22412][info ][gc       ] GC(22) Concurrent weak roots 18.889ms
[2025-06-17T23:39:25.496+0300][2596][22412][info ][gc       ] GC(22) Concurrent cleanup 685M->252M(2048M) 0.065ms
[2025-06-17T23:39:25.496+0300][2596][22412][debug][gc,phases] GC(22) ClassLoaderData 0.017ms
[2025-06-17T23:39:25.496+0300][2596][22412][debug][gc,phases] GC(22) Trigger cleanups 0.000ms
[2025-06-17T23:39:25.498+0300][2596][22512][debug][safepoint] ... found polling page loop exception at pc = 0x000001803e058607, stub =0x000001803da56300
[2025-06-17T23:39:25.498+0300][2596][4892 ][debug][safepoint] ... found polling page loop exception at pc = 0x000001803e0a3218, stub =0x000001803da56300
[2025-06-17T23:39:25.498+0300][2596][22396][debug][safepoint] ... found polling page loop exception at pc = 0x000001803e05bce7, stub =0x000001803da56300
[2025-06-17T23:39:25.498+0300][2596][2404 ][debug][safepoint] ... found polling page loop exception at pc = 0x000001803e0556ec, stub =0x000001803da55a80
[2025-06-17T23:39:25.498+0300][2596][10348][debug][safepoint] ... found polling page loop exception at pc = 0x000001803e0706fb, stub =0x000001803da56300
[2025-06-17T23:39:25.498+0300][2596][15036][debug][safepoint] ... found polling page loop exception at pc = 0x000001803e058607, stub =0x000001803da56300
[2025-06-17T23:39:25.506+0300][2596][22412][info ][gc       ] GC(22) Concurrent class unloading 9.443ms
[2025-06-17T23:39:25.506+0300][2596][22412][info ][gc       ] GC(22) Concurrent strong roots 0.264ms
[2025-06-17T23:39:25.506+0300][2596][22412][info ][gc       ] GC(22) Concurrent evacuation 1.000ms
[2025-06-17T23:39:25.506+0300][2596][15388][debug][safepoint] Safepoint synchronization initiated using striped semaphore wait barrier. (19 threads)
[2025-06-17T23:39:25.506+0300][2596][10348][debug][safepoint] ... found polling page loop exception at pc = 0x000001803e0556ec, stub =0x000001803da55a80
[2025-06-17T23:39:25.506+0300][2596][4892 ][debug][safepoint] ... found polling page loop exception at pc = 0x000001803e06abce, stub =0x000001803da56300
[2025-06-17T23:39:25.506+0300][2596][22512][debug][safepoint] ... found polling page loop exception at pc = 0x000001803e0556ec, stub =0x000001803da55a80
[2025-06-17T23:39:25.506+0300][2596][22396][debug][safepoint] ... found polling page loop exception at pc = 0x000001803e0556ec, stub =0x000001803da55a80
[2025-06-17T23:39:25.506+0300][2596][2404 ][debug][safepoint] ... found polling page loop exception at pc = 0x000001803e0556ec, stub =0x000001803da55a80
[2025-06-17T23:39:25.506+0300][2596][20896][debug][safepoint] ... found polling page loop exception at pc = 0x000001803e0556ec, stub =0x000001803da55a80
[2025-06-17T23:39:25.506+0300][2596][15388][info ][gc       ] GC(22) Pause Init Update Refs 0.012ms
[2025-06-17T23:39:25.506+0300][2596][15388][info ][safepoint] Safepoint "ShenandoahInitUpdateRefs", Time since last: 30239699 ns, Reaching safepoint: 785900 ns, Cleanup: 5901 ns, At safepoint: 72100 ns, Total: 863901 ns
[2025-06-17T23:39:25.537+0300][2596][22412][info ][gc       ] GC(22) Concurrent update references 29.642ms
[2025-06-17T23:39:25.537+0300][2596][4892 ][debug][safepoint] ... found polling page loop exception at pc = 0x000001803e219bbf, stub =0x000001803da55a80
[2025-06-17T23:39:25.537+0300][2596][10348][debug][safepoint] ... found polling page loop exception at pc = 0x000001803e0556ec, stub =0x000001803da55a80
[2025-06-17T23:39:25.537+0300][2596][20896][debug][safepoint] ... found polling page loop exception at pc = 0x000001803e05bce7, stub =0x000001803da56300
[2025-06-17T23:39:25.537+0300][2596][19412][debug][safepoint] ... found polling page loop exception at pc = 0x000001803e0556ec, stub =0x000001803da55a80
[2025-06-17T23:39:25.539+0300][2596][2404 ][debug][safepoint] ... found polling page loop exception at pc = 0x000001803e0a3218, stub =0x000001803da56300
[2025-06-17T23:39:25.553+0300][2596][22412][info ][gc       ] GC(22) Concurrent update thread roots 15.130ms
[2025-06-17T23:39:25.553+0300][2596][15388][debug][safepoint] Safepoint synchronization initiated using striped semaphore wait barrier. (19 threads)
[2025-06-17T23:39:25.553+0300][2596][22512][debug][safepoint] ... found polling page loop exception at pc = 0x000001803e0556ec, stub =0x000001803da55a80
[2025-06-17T23:39:25.553+0300][2596][4892 ][debug][safepoint] ... found polling page loop exception at pc = 0x000001803e0556ec, stub =0x000001803da55a80
[2025-06-17T23:39:25.553+0300][2596][2404 ][debug][safepoint] ... found polling page loop exception at pc = 0x000001803e0556ec, stub =0x000001803da55a80
[2025-06-17T23:39:25.553+0300][2596][19412][debug][safepoint] ... found polling page loop exception at pc = 0x000001803e0706fb, stub =0x000001803da56300
[2025-06-17T23:39:25.553+0300][2596][22396][debug][safepoint] ... found polling page loop exception at pc = 0x000001803e0556ec, stub =0x000001803da55a80
[2025-06-17T23:39:25.553+0300][2596][15036][debug][safepoint] ... found polling page loop exception at pc = 0x000001803e0556ec, stub =0x000001803da55a80
[2025-06-17T23:39:25.553+0300][2596][15388][info ][gc       ] GC(22) Pause Final Update Refs 0.053ms
[2025-06-17T23:39:25.553+0300][2596][15388][info ][safepoint] Safepoint "ShenandoahFinalUpdateRefs", Time since last: 45018500 ns, Reaching safepoint: 387800 ns, Cleanup: 6200 ns, At safepoint: 113200 ns, Total: 507200 ns
[2025-06-17T23:39:25.553+0300][2596][22412][info ][gc       ] GC(22) Concurrent cleanup 352M->285M(2048M) 0.030ms
[2025-06-17T23:39:25.648+0300][2596][22412][info ][gc       ] Trigger: Learning 5 of 5. Free (1407M) is below initial threshold (1433M)
[2025-06-17T23:39:25.648+0300][2596][22412][info ][gc       ] GC(23) Concurrent reset 0.470ms
[2025-06-17T23:39:25.648+0300][2596][15388][debug][safepoint] Safepoint synchronization initiated using striped semaphore wait barrier. (19 threads)
[2025-06-17T23:39:25.648+0300][2596][20896][debug][safepoint] ... found polling page loop exception at pc = 0x000001803e0556ec, stub =0x000001803da55a80
[2025-06-17T23:39:25.648+0300][2596][4892 ][debug][safepoint] ... found polling page loop exception at pc = 0x000001803e0706fb, stub =0x000001803da56300
[2025-06-17T23:39:25.648+0300][2596][10348][debug][safepoint] ... found polling page loop exception at pc = 0x000001803e0556ec, stub =0x000001803da55a80
[2025-06-17T23:39:25.648+0300][2596][2404 ][debug][safepoint] ... found polling page loop exception at pc = 0x000001803e0556ec, stub =0x000001803da55a80
[2025-06-17T23:39:25.648+0300][2596][22512][debug][safepoint] ... found polling page loop exception at pc = 0x000001803e0556ec, stub =0x000001803da55a80
[2025-06-17T23:39:25.648+0300][2596][19412][debug][safepoint] ... found polling page loop exception at pc = 0x000001803e0556ec, stub =0x000001803da55a80
[2025-06-17T23:39:25.648+0300][2596][15036][debug][safepoint] ... found polling page loop exception at pc = 0x000001803e058607, stub =0x000001803da56300
[2025-06-17T23:39:25.648+0300][2596][22396][debug][safepoint] ... found polling page loop exception at pc = 0x000001803dfda82a, stub =0x000001803da56300
[2025-06-17T23:39:25.648+0300][2596][15388][info ][gc       ] GC(23) Pause Init Mark (unload classes) 0.027ms
[2025-06-17T23:39:25.648+0300][2596][15388][info ][safepoint] Safepoint "ShenandoahInitMark", Time since last: 95126100 ns, Reaching safepoint: 434500 ns, Cleanup: 5600 ns, At safepoint: 82500 ns, Total: 522600 ns
[2025-06-17T23:39:25.648+0300][2596][22412][info ][gc       ] GC(23) Concurrent marking roots 0.197ms
[2025-06-17T23:39:25.653+0300][2596][15036][debug][safepoint] ... found polling page loop exception at pc = 0x000001803e0556ec, stub =0x000001803da55a80
[2025-06-17T23:39:25.653+0300][2596][2404 ][debug][safepoint] ... found polling page loop exception at pc = 0x000001803e0556ec, stub =0x000001803da55a80
[2025-06-17T23:39:25.653+0300][2596][10348][debug][safepoint] ... found polling page loop exception at pc = 0x000001803dfda82a, stub =0x000001803da56300
[2025-06-17T23:39:25.653+0300][2596][19412][debug][safepoint] ... found polling page loop exception at pc = 0x000001803e0f528b, stub =0x000001803da55a80
[2025-06-17T23:39:25.653+0300][2596][20896][debug][safepoint] ... found polling page loop exception at pc = 0x000001803e058607, stub =0x000001803da56300
[2025-06-17T23:39:25.664+0300][2596][15036][debug][safepoint] ... found polling page loop exception at pc = 0x000001803e0556ec, stub =0x000001803da55a80
[2025-06-17T23:39:25.664+0300][2596][20896][debug][safepoint] ... found polling page loop exception at pc = 0x000001803e0556ec, stub =0x000001803da55a80
[2025-06-17T23:39:25.664+0300][2596][10348][debug][safepoint] ... found polling page loop exception at pc = 0x000001803e2191e0, stub =0x000001803da55a80
[2025-06-17T23:39:25.664+0300][2596][4892 ][debug][safepoint] ... found polling page loop exception at pc = 0x000001803e0556ec, stub =0x000001803da55a80
[2025-06-17T23:39:25.664+0300][2596][22396][debug][safepoint] ... found polling page loop exception at pc = 0x000001803e06abce, stub =0x000001803da56300
[2025-06-17T23:39:25.664+0300][2596][19412][debug][safepoint] ... found polling page loop exception at pc = 0x000001803e0556ec, stub =0x000001803da55a80
[2025-06-17T23:39:25.680+0300][2596][15036][debug][safepoint] ... found polling page loop exception at pc = 0x000001803e0556ec, stub =0x000001803da55a80
[2025-06-17T23:39:25.680+0300][2596][20896][debug][safepoint] ... found polling page loop exception at pc = 0x000001803e0556ec, stub =0x000001803da55a80
[2025-06-17T23:39:25.680+0300][2596][22396][debug][safepoint] ... found polling page loop exception at pc = 0x000001803e11207f, stub =0x000001803da56300
[2025-06-17T23:39:25.680+0300][2596][4892 ][debug][safepoint] ... found polling page loop exception at pc = 0x000001803e0556ec, stub =0x000001803da55a80
[2025-06-17T23:39:25.680+0300][2596][22512][debug][safepoint] ... found polling page loop exception at pc = 0x000001803e0556ec, stub =0x000001803da55a80
[2025-06-17T23:39:25.686+0300][2596][22412][info ][gc       ] GC(23) Concurrent marking (unload classes) 36.569ms
[2025-06-17T23:39:25.686+0300][2596][15388][debug][safepoint] Safepoint synchronization initiated using striped semaphore wait barrier. (19 threads)
[2025-06-17T23:39:25.686+0300][2596][10348][debug][safepoint] ... found polling page loop exception at pc = 0x000001803e0547fb, stub =0x000001803da55a80
[2025-06-17T23:39:25.686+0300][2596][2404 ][debug][safepoint] ... found polling page loop exception at pc = 0x000001803e0556ec, stub =0x000001803da55a80
[2025-06-17T23:39:25.686+0300][2596][20896][debug][safepoint] ... found polling page loop exception at pc = 0x000001803e0556ec, stub =0x000001803da55a80
[2025-06-17T23:39:25.686+0300][2596][22396][debug][safepoint] ... found polling page loop exception at pc = 0x000001803e06abce, stub =0x000001803da56300
[2025-06-17T23:39:25.686+0300][2596][4892 ][debug][safepoint] ... found polling page loop exception at pc = 0x000001803e0556ec, stub =0x000001803da55a80
[2025-06-17T23:39:25.686+0300][2596][19412][debug][safepoint] ... found polling page loop exception at pc = 0x000001803e0556ec, stub =0x000001803da55a80
[2025-06-17T23:39:25.686+0300][2596][15036][debug][safepoint] ... found polling page loop exception at pc = 0x000001803e0556ec, stub =0x000001803da55a80
[2025-06-17T23:39:25.686+0300][2596][15388][info ][gc       ] GC(23) Pause Final Mark (unload classes) 0.159ms
[2025-06-17T23:39:25.686+0300][2596][15388][info ][safepoint] Safepoint "ShenandoahFinalMarkStartEvac", Time since last: 36946299 ns, Reaching safepoint: 421701 ns, Cleanup: 5700 ns, At safepoint: 219599 ns, Total: 647000 ns
[2025-06-17T23:39:25.686+0300][2596][22412][info ][gc       ] GC(23) Concurrent thread roots 0.101ms
[2025-06-17T23:39:25.686+0300][2596][22412][info ][gc       ] GC(23) Concurrent weak references 0.078ms
[2025-06-17T23:39:25.686+0300][2596][4892 ][debug][safepoint] ... found polling page loop exception at pc = 0x000001803e0556ec, stub =0x000001803da55a80
[2025-06-17T23:39:25.686+0300][2596][22396][debug][safepoint] ... found polling page loop exception at pc = 0x000001803e0bc782, stub =0x000001803da56300
[2025-06-17T23:39:25.686+0300][2596][2404 ][debug][safepoint] ... found polling page loop exception at pc = 0x000001803e0584a0, stub =0x000001803da56300
[2025-06-17T23:39:25.686+0300][2596][19412][debug][safepoint] ... found polling page loop exception at pc = 0x000001803e0bc782, stub =0x000001803da56300
[2025-06-17T23:39:25.686+0300][2596][15036][debug][safepoint] ... found polling page loop exception at pc = 0x000001803e0a3218, stub =0x000001803da56300
[2025-06-17T23:39:25.688+0300][2596][22412][info ][gc       ] GC(23) Concurrent weak roots 2.073ms
[2025-06-17T23:39:25.688+0300][2596][22412][info ][gc       ] GC(23) Concurrent cleanup 629M->167M(2048M) 0.060ms
[2025-06-17T23:39:25.688+0300][2596][22412][debug][gc,phases] GC(23) ClassLoaderData 0.009ms
[2025-06-17T23:39:25.688+0300][2596][22412][debug][gc,phases] GC(23) Trigger cleanups 0.000ms
[2025-06-17T23:39:25.690+0300][2596][15036][debug][safepoint] ... found polling page loop exception at pc = 0x000001803e0556ec, stub =0x000001803da55a80
[2025-06-17T23:39:25.690+0300][2596][10348][debug][safepoint] ... found polling page loop exception at pc = 0x000001803e0556ec, stub =0x000001803da55a80
[2025-06-17T23:39:25.690+0300][2596][22396][debug][safepoint] ... found polling page loop exception at pc = 0x000001803e0556ec, stub =0x000001803da55a80
[2025-06-17T23:39:25.690+0300][2596][2404 ][debug][safepoint] ... found polling page loop exception at pc = 0x000001803e0556ec, stub =0x000001803da55a80
[2025-06-17T23:39:25.690+0300][2596][19412][debug][safepoint] ... found polling page loop exception at pc = 0x000001803e0556ec, stub =0x000001803da55a80
[2025-06-17T23:39:25.690+0300][2596][22512][debug][safepoint] ... found polling page loop exception at pc = 0x000001803e0971d4, stub =0x000001803da55a80
[2025-06-17T23:39:25.696+0300][2596][22412][info ][gc       ] GC(23) Concurrent class unloading 6.709ms
[2025-06-17T23:39:25.696+0300][2596][22412][info ][gc       ] GC(23) Concurrent strong roots 0.217ms
[2025-06-17T23:39:25.696+0300][2596][22412][info ][gc       ] GC(23) Concurrent evacuation 0.933ms
[2025-06-17T23:39:25.696+0300][2596][15388][debug][safepoint] Safepoint synchronization initiated using striped semaphore wait barrier. (19 threads)
[2025-06-17T23:39:25.696+0300][2596][2404 ][debug][safepoint] ... found polling page loop exception at pc = 0x000001803e0556ec, stub =0x000001803da55a80
[2025-06-17T23:39:25.696+0300][2596][22396][debug][safepoint] ... found polling page loop exception at pc = 0x000001803e0556ec, stub =0x000001803da55a80
[2025-06-17T23:39:25.696+0300][2596][4892 ][debug][safepoint] ... found polling page loop exception at pc = 0x000001803e0766b0, stub =0x000001803da56300
[2025-06-17T23:39:25.696+0300][2596][10348][debug][safepoint] ... found polling page loop exception at pc = 0x000001803e0556ec, stub =0x000001803da55a80
[2025-06-17T23:39:25.696+0300][2596][19412][debug][safepoint] ... found polling page loop exception at pc = 0x000001803e18899e, stub =0x000001803da56300
[2025-06-17T23:39:25.696+0300][2596][20896][debug][safepoint] ... found polling page loop exception at pc = 0x000001803e0556ec, stub =0x000001803da55a80
[2025-06-17T23:39:25.696+0300][2596][15388][info ][gc       ] GC(23) Pause Init Update Refs 0.010ms
[2025-06-17T23:39:25.696+0300][2596][15388][info ][safepoint] Safepoint "ShenandoahInitUpdateRefs", Time since last: 10564701 ns, Reaching safepoint: 328200 ns, Cleanup: 9200 ns, At safepoint: 72500 ns, Total: 409900 ns
[2025-06-17T23:39:25.718+0300][2596][22412][info ][gc       ] GC(23) Concurrent update references 21.219ms
[2025-06-17T23:39:25.718+0300][2596][22396][debug][safepoint] ... found polling page loop exception at pc = 0x000001803e0556ec, stub =0x000001803da55a80
[2025-06-17T23:39:25.718+0300][2596][22512][debug][safepoint] ... found polling page loop exception at pc = 0x000001803e06abce, stub =0x000001803da56300
[2025-06-17T23:39:25.718+0300][2596][4892 ][debug][safepoint] ... found polling page loop exception at pc = 0x000001803e0556ec, stub =0x000001803da55a80
[2025-06-17T23:39:25.718+0300][2596][19412][debug][safepoint] ... found polling page loop exception at pc = 0x000001803e0d4f4d, stub =0x000001803da56300
[2025-06-17T23:39:25.722+0300][2596][22412][info ][gc       ] GC(23) Concurrent update thread roots 4.178ms
[2025-06-17T23:39:25.722+0300][2596][15388][debug][safepoint] Safepoint synchronization initiated using striped semaphore wait barrier. (19 threads)
[2025-06-17T23:39:25.722+0300][2596][22396][debug][safepoint] ... found polling page loop exception at pc = 0x000001803e0556ec, stub =0x000001803da55a80
[2025-06-17T23:39:25.722+0300][2596][10348][debug][safepoint] ... found polling page loop exception at pc = 0x000001803e0556ec, stub =0x000001803da55a80
[2025-06-17T23:39:25.722+0300][2596][19412][debug][safepoint] ... found polling page loop exception at pc = 0x000001803e058607, stub =0x000001803da56300
[2025-06-17T23:39:25.722+0300][2596][20896][debug][safepoint] ... found polling page loop exception at pc = 0x000001803e0556ec, stub =0x000001803da55a80
[2025-06-17T23:39:25.722+0300][2596][4892 ][debug][safepoint] ... found polling page loop exception at pc = 0x000001803e0556ec, stub =0x000001803da55a80
[2025-06-17T23:39:25.722+0300][2596][15036][debug][safepoint] ... found polling page loop exception at pc = 0x000001803e0556ec, stub =0x000001803da55a80
[2025-06-17T23:39:25.722+0300][2596][15388][info ][gc       ] GC(23) Pause Final Update Refs 0.071ms
[2025-06-17T23:39:25.722+0300][2596][15388][info ][safepoint] Safepoint "ShenandoahFinalUpdateRefs", Time since last: 25580700 ns, Reaching safepoint: 350800 ns, Cleanup: 11500 ns, At safepoint: 141500 ns, Total: 503800 ns
[2025-06-17T23:39:25.722+0300][2596][22412][info ][gc       ] GC(23) Concurrent cleanup 230M->165M(2048M) 0.031ms
[2025-06-17T23:39:26.202+0300][2596][22412][info ][gc       ] Trigger: Average GC time (139.71 ms) is above the time for average allocation rate (2804 MB/s) to deplete free headroom (363M) (margin of error = 1.76)
[2025-06-17T23:39:26.202+0300][2596][22412][info ][gc       ] GC(24) Concurrent reset 0.499ms
[2025-06-17T23:39:26.202+0300][2596][15388][debug][safepoint] Safepoint synchronization initiated using striped semaphore wait barrier. (19 threads)
[2025-06-17T23:39:26.202+0300][2596][20896][debug][safepoint] ... found polling page loop exception at pc = 0x000001803e0584a0, stub =0x000001803da56300
[2025-06-17T23:39:26.202+0300][2596][22512][debug][safepoint] ... found polling page loop exception at pc = 0x000001803e0556ec, stub =0x000001803da55a80
[2025-06-17T23:39:26.202+0300][2596][15036][debug][safepoint] ... found polling page loop exception at pc = 0x000001803e05a45d, stub =0x000001803da56300
[2025-06-17T23:39:26.202+0300][2596][2404 ][debug][safepoint] ... found polling page loop exception at pc = 0x000001803e0584a0, stub =0x000001803da56300
[2025-06-17T23:39:26.202+0300][2596][15388][info ][gc       ] GC(24) Pause Init Mark (unload classes) 0.040ms
[2025-06-17T23:39:26.202+0300][2596][15388][info ][safepoint] Safepoint "ShenandoahInitMark", Time since last: 478490300 ns, Reaching safepoint: 258400 ns, Cleanup: 20800 ns, At safepoint: 105800 ns, Total: 385000 ns
[2025-06-17T23:39:26.202+0300][2596][22412][info ][gc       ] GC(24) Concurrent marking roots 0.139ms
[2025-06-17T23:39:26.207+0300][2596][22512][debug][safepoint] ... found polling page loop exception at pc = 0x000001803e0556ec, stub =0x000001803da55a80
[2025-06-17T23:39:26.207+0300][2596][22396][debug][safepoint] ... found polling page loop exception at pc = 0x000001803e0556ec, stub =0x000001803da55a80
[2025-06-17T23:39:26.207+0300][2596][10348][debug][safepoint] ... found polling page loop exception at pc = 0x000001803e0584a0, stub =0x000001803da56300
[2025-06-17T23:39:26.207+0300][2596][4892 ][debug][safepoint] ... found polling page loop exception at pc = 0x000001803e1c4269, stub =0x000001803da56300
[2025-06-17T23:39:26.207+0300][2596][2404 ][debug][safepoint] ... found polling page loop exception at pc = 0x000001803e0556ec, stub =0x000001803da55a80
[2025-06-17T23:39:26.207+0300][2596][20896][debug][safepoint] ... found polling page loop exception at pc = 0x000001803e0c9246, stub =0x000001803da56300
[2025-06-17T23:39:26.218+0300][2596][20896][debug][safepoint] ... found polling page loop exception at pc = 0x000001803e0556ec, stub =0x000001803da55a80
[2025-06-17T23:39:26.218+0300][2596][2404 ][debug][safepoint] ... found polling page loop exception at pc = 0x000001803e0556ec, stub =0x000001803da55a80
[2025-06-17T23:39:26.218+0300][2596][15036][debug][safepoint] ... found polling page loop exception at pc = 0x000001803e0556ec, stub =0x000001803da55a80
[2025-06-17T23:39:26.218+0300][2596][10348][debug][safepoint] ... found polling page loop exception at pc = 0x000001803e0556ec, stub =0x000001803da55a80
[2025-06-17T23:39:26.218+0300][2596][19412][debug][safepoint] ... found polling page loop exception at pc = 0x000001803e0556ec, stub =0x000001803da55a80
[2025-06-17T23:39:26.218+0300][2596][4892 ][debug][safepoint] ... found polling page loop exception at pc = 0x000001803e0556ec, stub =0x000001803da55a80
[2025-06-17T23:39:26.233+0300][2596][22512][debug][safepoint] ... found polling page loop exception at pc = 0x000001803e0556ec, stub =0x000001803da55a80
[2025-06-17T23:39:26.233+0300][2596][10348][debug][safepoint] ... found polling page loop exception at pc = 0x000001803e1753df, stub =0x000001803da56300
[2025-06-17T23:39:26.233+0300][2596][19412][debug][safepoint] ... found polling page loop exception at pc = 0x000001803e06abce, stub =0x000001803da56300
[2025-06-17T23:39:26.233+0300][2596][22412][info ][gc       ] GC(24) Concurrent marking (unload classes) 30.904ms
[2025-06-17T23:39:26.233+0300][2596][15388][debug][safepoint] Safepoint synchronization initiated using striped semaphore wait barrier. (19 threads)
[2025-06-17T23:39:26.233+0300][2596][22512][debug][safepoint] ... found polling page loop exception at pc = 0x000001803e0556ec, stub =0x000001803da55a80
[2025-06-17T23:39:26.233+0300][2596][10348][debug][safepoint] ... found polling page loop exception at pc = 0x000001803e0556ec, stub =0x000001803da55a80
[2025-06-17T23:39:26.233+0300][2596][19412][debug][safepoint] ... found polling page loop exception at pc = 0x000001803e0556ec, stub =0x000001803da55a80
[2025-06-17T23:39:26.233+0300][2596][15036][debug][safepoint] ... found polling page loop exception at pc = 0x000001803e0556ec, stub =0x000001803da55a80
[2025-06-17T23:39:26.233+0300][2596][15388][info ][gc       ] GC(24) Pause Final Mark (unload classes) 0.207ms
[2025-06-17T23:39:26.233+0300][2596][15388][info ][safepoint] Safepoint "ShenandoahFinalMarkStartEvac", Time since last: 31185199 ns, Reaching safepoint: 218601 ns, Cleanup: 6600 ns, At safepoint: 284300 ns, Total: 509501 ns
[2025-06-17T23:39:26.233+0300][2596][22412][info ][gc       ] GC(24) Concurrent thread roots 0.174ms
[2025-06-17T23:39:26.233+0300][2596][22412][info ][gc       ] GC(24) Concurrent weak references 0.132ms
[2025-06-17T23:39:26.233+0300][2596][15036][debug][safepoint] ... found polling page loop exception at pc = 0x000001803e10277a, stub =0x000001803da56300
[2025-06-17T23:39:26.233+0300][2596][22512][debug][safepoint] ... found polling page loop exception at pc = 0x000001803e07ec94, stub =0x000001803da56300
[2025-06-17T23:39:26.233+0300][2596][4892 ][debug][safepoint] ... found polling page loop exception at pc = 0x000001803e19118b, stub =0x000001803da55a80
[2025-06-17T23:39:26.236+0300][2596][22412][info ][gc       ] GC(24) Concurrent weak roots 1.181ms
[2025-06-17T23:39:26.236+0300][2596][22412][info ][gc       ] GC(24) Concurrent cleanup 1566M->251M(2048M) 0.132ms
[2025-06-17T23:39:26.236+0300][2596][22412][debug][gc,phases] GC(24) ClassLoaderData 0.014ms
[2025-06-17T23:39:26.236+0300][2596][22412][debug][gc,phases] GC(24) Trigger cleanups 0.000ms
[2025-06-17T23:39:26.238+0300][2596][22396][debug][safepoint] ... found polling page loop exception at pc = 0x000001803e05bce7, stub =0x000001803da56300
[2025-06-17T23:39:26.238+0300][2596][4892 ][debug][safepoint] ... found polling page loop exception at pc = 0x000001803e07ec94, stub =0x000001803da56300
[2025-06-17T23:39:26.238+0300][2596][15036][debug][safepoint] ... found polling page loop exception at pc = 0x000001803e0556ec, stub =0x000001803da55a80
[2025-06-17T23:39:26.238+0300][2596][2404 ][debug][safepoint] ... found polling page loop exception at pc = 0x000001803e0556ec, stub =0x000001803da55a80
[2025-06-17T23:39:26.249+0300][2596][22412][info ][gc       ] GC(24) Concurrent class unloading 12.996ms
[2025-06-17T23:39:26.249+0300][2596][22412][info ][gc       ] GC(24) Concurrent strong roots 0.204ms
[2025-06-17T23:39:26.249+0300][2596][22412][info ][gc       ] GC(24) Concurrent evacuation 1.435ms
[2025-06-17T23:39:26.251+0300][2596][15388][debug][safepoint] Safepoint synchronization initiated using striped semaphore wait barrier. (19 threads)
[2025-06-17T23:39:26.251+0300][2596][22396][debug][safepoint] ... found polling page loop exception at pc = 0x000001803e06ae9a, stub =0x000001803da56300
[2025-06-17T23:39:26.251+0300][2596][20896][debug][safepoint] ... found polling page loop exception at pc = 0x000001803e0556ec, stub =0x000001803da55a80
[2025-06-17T23:39:26.251+0300][2596][15036][debug][safepoint] ... found polling page loop exception at pc = 0x000001803e219bbf, stub =0x000001803da55a80
[2025-06-17T23:39:26.251+0300][2596][4892 ][debug][safepoint] ... found polling page loop exception at pc = 0x000001803e0556ec, stub =0x000001803da55a80
[2025-06-17T23:39:26.251+0300][2596][19412][debug][safepoint] ... found polling page loop exception at pc = 0x000001803e0556ec, stub =0x000001803da55a80
[2025-06-17T23:39:26.251+0300][2596][15388][info ][gc       ] GC(24) Pause Init Update Refs 0.013ms
[2025-06-17T23:39:26.251+0300][2596][15388][info ][safepoint] Safepoint "ShenandoahInitUpdateRefs", Time since last: 16634200 ns, Reaching safepoint: 301099 ns, Cleanup: 7401 ns, At safepoint: 84100 ns, Total: 392600 ns
[2025-06-17T23:39:26.269+0300][2596][22412][info ][gc       ] GC(24) Concurrent update references 19.318ms
[2025-06-17T23:39:26.271+0300][2596][15036][debug][safepoint] ... found polling page loop exception at pc = 0x000001803e06abce, stub =0x000001803da56300
[2025-06-17T23:39:26.271+0300][2596][4892 ][debug][safepoint] ... found polling page loop exception at pc = 0x000001803e0556ec, stub =0x000001803da55a80
[2025-06-17T23:39:26.271+0300][2596][19412][debug][safepoint] ... found polling page loop exception at pc = 0x000001803e0556ec, stub =0x000001803da55a80
[2025-06-17T23:39:26.271+0300][2596][22396][debug][safepoint] ... found polling page loop exception at pc = 0x000001803e219bbf, stub =0x000001803da55a80
[2025-06-17T23:39:26.271+0300][2596][20896][debug][safepoint] ... found polling page loop exception at pc = 0x000001803dfda82a, stub =0x000001803da56300
[2025-06-17T23:39:26.271+0300][2596][10348][debug][safepoint] ... found polling page loop exception at pc = 0x000001803e07ec94, stub =0x000001803da56300
[2025-06-17T23:39:26.271+0300][2596][22412][info ][gc       ] GC(24) Concurrent update thread roots 1.504ms
[2025-06-17T23:39:26.271+0300][2596][15388][debug][safepoint] Safepoint synchronization initiated using striped semaphore wait barrier. (19 threads)
[2025-06-17T23:39:26.271+0300][2596][15036][debug][safepoint] ... found polling page loop exception at pc = 0x000001803e0556ec, stub =0x000001803da55a80
[2025-06-17T23:39:26.271+0300][2596][4892 ][debug][safepoint] ... found polling page loop exception at pc = 0x000001803e0556ec, stub =0x000001803da55a80
[2025-06-17T23:39:26.271+0300][2596][10348][debug][safepoint] ... found polling page loop exception at pc = 0x000001803e0556ec, stub =0x000001803da55a80
[2025-06-17T23:39:26.271+0300][2596][2404 ][debug][safepoint] ... found polling page loop exception at pc = 0x000001803e05bce7, stub =0x000001803da56300
[2025-06-17T23:39:26.271+0300][2596][22512][debug][safepoint] ... found polling page loop exception at pc = 0x000001803e06abce, stub =0x000001803da56300
[2025-06-17T23:39:26.271+0300][2596][15388][info ][gc       ] GC(24) Pause Final Update Refs 0.059ms
[2025-06-17T23:39:26.271+0300][2596][15388][info ][safepoint] Safepoint "ShenandoahFinalUpdateRefs", Time since last: 21020500 ns, Reaching safepoint: 272600 ns, Cleanup: 5300 ns, At safepoint: 113300 ns, Total: 391200 ns
[2025-06-17T23:39:26.273+0300][2596][22412][info ][gc       ] GC(24) Concurrent cleanup 327M->174M(2048M) 0.040ms
[2025-06-17T23:39:26.787+0300][2596][22412][info ][gc       ] Trigger: Average GC time (118.83 ms) is above the time for average allocation rate (2727 MB/s) to deplete free headroom (317M) (margin of error = 1.76)
[2025-06-17T23:39:26.787+0300][2596][22412][info ][gc       ] GC(25) Concurrent reset 0.952ms
[2025-06-17T23:39:26.787+0300][2596][15388][debug][safepoint] Safepoint synchronization initiated using striped semaphore wait barrier. (19 threads)
[2025-06-17T23:39:26.787+0300][2596][20896][debug][safepoint] ... found polling page loop exception at pc = 0x000001803e06abce, stub =0x000001803da56300
[2025-06-17T23:39:26.787+0300][2596][4892 ][debug][safepoint] ... found polling page loop exception at pc = 0x000001803e219bbf, stub =0x000001803da55a80
[2025-06-17T23:39:26.787+0300][2596][2404 ][debug][safepoint] ... found polling page loop exception at pc = 0x000001803e0556ec, stub =0x000001803da55a80
[2025-06-17T23:39:26.787+0300][2596][15036][debug][safepoint] ... found polling page loop exception at pc = 0x000001803e0556ec, stub =0x000001803da55a80
[2025-06-17T23:39:26.787+0300][2596][22512][debug][safepoint] ... found polling page loop exception at pc = 0x000001803e08181a, stub =0x000001803da55a80
[2025-06-17T23:39:26.787+0300][2596][19412][debug][safepoint] ... found polling page loop exception at pc = 0x000001803e0556ec, stub =0x000001803da55a80
[2025-06-17T23:39:26.787+0300][2596][22396][debug][safepoint] ... found polling page loop exception at pc = 0x000001803e0556ec, stub =0x000001803da55a80
[2025-06-17T23:39:26.787+0300][2596][15388][info ][gc       ] GC(25) Pause Init Mark (unload classes) 0.034ms
[2025-06-17T23:39:26.787+0300][2596][15388][info ][safepoint] Safepoint "ShenandoahInitMark", Time since last: 515059200 ns, Reaching safepoint: 469300 ns, Cleanup: 12199 ns, At safepoint: 92001 ns, Total: 573500 ns
[2025-06-17T23:39:26.787+0300][2596][22412][info ][gc       ] GC(25) Concurrent marking roots 0.160ms
[2025-06-17T23:39:26.793+0300][2596][15036][debug][safepoint] ... found polling page loop exception at pc = 0x000001803e0556ec, stub =0x000001803da55a80
[2025-06-17T23:39:26.793+0300][2596][22396][debug][safepoint] ... found polling page loop exception at pc = 0x000001803e0556ec, stub =0x000001803da55a80
[2025-06-17T23:39:26.793+0300][2596][4892 ][debug][safepoint] ... found polling page loop exception at pc = 0x000001803e0556ec, stub =0x000001803da55a80
[2025-06-17T23:39:26.793+0300][2596][10348][debug][safepoint] ... found polling page loop exception at pc = 0x000001803e0556ec, stub =0x000001803da55a80
[2025-06-17T23:39:26.803+0300][2596][20896][debug][safepoint] ... found polling page loop exception at pc = 0x000001803e0556ec, stub =0x000001803da55a80
[2025-06-17T23:39:26.803+0300][2596][15036][debug][safepoint] ... found polling page loop exception at pc = 0x000001803e0556ec, stub =0x000001803da55a80
[2025-06-17T23:39:26.803+0300][2596][19412][debug][safepoint] ... found polling page loop exception at pc = 0x000001803e0556ec, stub =0x000001803da55a80
[2025-06-17T23:39:26.803+0300][2596][4892 ][debug][safepoint] ... found polling page loop exception at pc = 0x000001803e05a45d, stub =0x000001803da56300
[2025-06-17T23:39:26.803+0300][2596][10348][debug][safepoint] ... found polling page loop exception at pc = 0x000001803e0556ec, stub =0x000001803da55a80
[2025-06-17T23:39:26.803+0300][2596][22512][debug][safepoint] ... found polling page loop exception at pc = 0x000001803e0556ec, stub =0x000001803da55a80
[2025-06-17T23:39:26.803+0300][2596][22396][debug][safepoint] ... found polling page loop exception at pc = 0x000001803e0584a0, stub =0x000001803da56300
[2025-06-17T23:39:26.803+0300][2596][22512][debug][safepoint] ... found polling page loop exception at pc = 0x000001803e0556ec, stub =0x000001803da55a80
[2025-06-17T23:39:26.803+0300][2596][19412][debug][safepoint] ... found polling page loop exception at pc = 0x000001803e0556ec, stub =0x000001803da55a80
[2025-06-17T23:39:26.803+0300][2596][20896][debug][safepoint] ... found polling page loop exception at pc = 0x000001803e0556ec, stub =0x000001803da55a80
[2025-06-17T23:39:26.803+0300][2596][10348][debug][safepoint] ... found polling page loop exception at pc = 0x000001803e0556ec, stub =0x000001803da55a80
[2025-06-17T23:39:26.803+0300][2596][15036][debug][safepoint] ... found polling page loop exception at pc = 0x000001803e0556ec, stub =0x000001803da55a80
[2025-06-17T23:39:26.803+0300][2596][4892 ][debug][safepoint] ... found polling page loop exception at pc = 0x000001803e0584a0, stub =0x000001803da56300
[2025-06-17T23:39:26.803+0300][2596][22396][debug][safepoint] ... found polling page loop exception at pc = 0x000001803e0556ec, stub =0x000001803da55a80
[2025-06-17T23:39:26.803+0300][2596][2404 ][debug][safepoint] ... found polling page loop exception at pc = 0x000001803e0584a0, stub =0x000001803da56300
[2025-06-17T23:39:26.818+0300][2596][22412][info ][gc       ] GC(25) Concurrent marking (unload classes) 29.707ms
[2025-06-17T23:39:26.818+0300][2596][15388][debug][safepoint] Safepoint synchronization initiated using striped semaphore wait barrier. (19 threads)
[2025-06-17T23:39:26.818+0300][2596][10348][debug][safepoint] ... found polling page loop exception at pc = 0x000001803e0556ec, stub =0x000001803da55a80
[2025-06-17T23:39:26.818+0300][2596][22512][debug][safepoint] ... found polling page loop exception at pc = 0x000001803e0556ec, stub =0x000001803da55a80
[2025-06-17T23:39:26.818+0300][2596][2404 ][debug][safepoint] ... found polling page loop exception at pc = 0x000001803e0706fb, stub =0x000001803da56300
[2025-06-17T23:39:26.818+0300][2596][19412][debug][safepoint] ... found polling page loop exception at pc = 0x000001803e0556ec, stub =0x000001803da55a80
[2025-06-17T23:39:26.818+0300][2596][15036][debug][safepoint] ... found polling page loop exception at pc = 0x000001803e0556ec, stub =0x000001803da55a80
[2025-06-17T23:39:26.818+0300][2596][4892 ][debug][safepoint] ... found polling page loop exception at pc = 0x000001803e058607, stub =0x000001803da56300
[2025-06-17T23:39:26.818+0300][2596][15388][info ][gc       ] GC(25) Pause Final Mark (unload classes) 0.161ms
[2025-06-17T23:39:26.818+0300][2596][15388][info ][safepoint] Safepoint "ShenandoahFinalMarkStartEvac", Time since last: 30060400 ns, Reaching safepoint: 346500 ns, Cleanup: 6000 ns, At safepoint: 230200 ns, Total: 582700 ns
[2025-06-17T23:39:26.818+0300][2596][22412][info ][gc       ] GC(25) Concurrent thread roots 0.140ms
[2025-06-17T23:39:26.818+0300][2596][22412][info ][gc       ] GC(25) Concurrent weak references 0.210ms
[2025-06-17T23:39:26.818+0300][2596][4892 ][debug][safepoint] ... found polling page loop exception at pc = 0x000001803e0556ec, stub =0x000001803da55a80
[2025-06-17T23:39:26.818+0300][2596][2404 ][debug][safepoint] ... found polling page loop exception at pc = 0x000001803e0556ec, stub =0x000001803da55a80
[2025-06-17T23:39:26.818+0300][2596][22396][debug][safepoint] ... found polling page loop exception at pc = 0x000001803e0556ec, stub =0x000001803da55a80
[2025-06-17T23:39:26.818+0300][2596][15036][debug][safepoint] ... found polling page loop exception at pc = 0x000001803e0584a0, stub =0x000001803da56300
[2025-06-17T23:39:26.818+0300][2596][10348][debug][safepoint] ... found polling page loop exception at pc = 0x000001803e06abce, stub =0x000001803da56300
[2025-06-17T23:39:26.818+0300][2596][22412][info ][gc       ] GC(25) Concurrent weak roots 1.432ms
[2025-06-17T23:39:26.818+0300][2596][22412][info ][gc       ] GC(25) Concurrent cleanup 1610M->258M(2048M) 0.131ms
[2025-06-17T23:39:26.818+0300][2596][22412][debug][gc,phases] GC(25) ClassLoaderData 0.013ms
[2025-06-17T23:39:26.818+0300][2596][22412][debug][gc,phases] GC(25) Trigger cleanups 0.000ms
[2025-06-17T23:39:26.822+0300][2596][22396][debug][safepoint] ... found polling page loop exception at pc = 0x000001803e0556ec, stub =0x000001803da55a80
[2025-06-17T23:39:26.822+0300][2596][20896][debug][safepoint] ... found polling page loop exception at pc = 0x000001803e0556ec, stub =0x000001803da55a80
[2025-06-17T23:39:26.822+0300][2596][10348][debug][safepoint] ... found polling page loop exception at pc = 0x000001803e05bce7, stub =0x000001803da56300
[2025-06-17T23:39:26.822+0300][2596][15036][debug][safepoint] ... found polling page loop exception at pc = 0x000001803e0766b0, stub =0x000001803da56300
[2025-06-17T23:39:26.822+0300][2596][2404 ][debug][safepoint] ... found polling page loop exception at pc = 0x000001803e05a45d, stub =0x000001803da56300
[2025-06-17T23:39:26.822+0300][2596][19412][debug][safepoint] ... found polling page loop exception at pc = 0x000001803e0556ec, stub =0x000001803da55a80
[2025-06-17T23:39:26.834+0300][2596][22412][info ][gc       ] GC(25) Concurrent class unloading 12.422ms
[2025-06-17T23:39:26.834+0300][2596][22412][info ][gc       ] GC(25) Concurrent strong roots 0.236ms
[2025-06-17T23:39:26.834+0300][2596][22412][info ][gc       ] GC(25) Concurrent evacuation 1.479ms
[2025-06-17T23:39:26.836+0300][2596][15388][debug][safepoint] Safepoint synchronization initiated using striped semaphore wait barrier. (19 threads)
[2025-06-17T23:39:26.836+0300][2596][2404 ][debug][safepoint] ... found polling page loop exception at pc = 0x000001803e0bc782, stub =0x000001803da56300
[2025-06-17T23:39:26.836+0300][2596][4892 ][debug][safepoint] ... found polling page loop exception at pc = 0x000001803e0584a0, stub =0x000001803da56300
[2025-06-17T23:39:26.836+0300][2596][15036][debug][safepoint] ... found polling page loop exception at pc = 0x000001803e096f0b, stub =0x000001803da55a80
[2025-06-17T23:39:26.836+0300][2596][10348][debug][safepoint] ... found polling page loop exception at pc = 0x000001803e0768b9, stub =0x000001803da56300
[2025-06-17T23:39:26.836+0300][2596][22512][debug][safepoint] ... found polling page loop exception at pc = 0x000001803e0556ec, stub =0x000001803da55a80
[2025-06-17T23:39:26.836+0300][2596][20896][debug][safepoint] ... found polling page loop exception at pc = 0x000001803e0556ec, stub =0x000001803da55a80
[2025-06-17T23:39:26.836+0300][2596][19412][debug][safepoint] ... found polling page loop exception at pc = 0x000001803e05a45d, stub =0x000001803da56300
[2025-06-17T23:39:26.836+0300][2596][22396][debug][safepoint] ... found polling page loop exception at pc = 0x000001803e0556ec, stub =0x000001803da55a80
[2025-06-17T23:39:26.836+0300][2596][15388][info ][gc       ] GC(25) Pause Init Update Refs 0.008ms
[2025-06-17T23:39:26.836+0300][2596][15388][info ][safepoint] Safepoint "ShenandoahInitUpdateRefs", Time since last: 16434000 ns, Reaching safepoint: 484199 ns, Cleanup: 4701 ns, At safepoint: 61600 ns, Total: 550500 ns
[2025-06-17T23:39:26.855+0300][2596][22412][info ][gc       ] GC(25) Concurrent update references 19.463ms
[2025-06-17T23:39:26.855+0300][2596][4892 ][debug][safepoint] ... found polling page loop exception at pc = 0x000001803e08b018, stub =0x000001803da56300
[2025-06-17T23:39:26.855+0300][2596][15036][debug][safepoint] ... found polling page loop exception at pc = 0x000001803e0556ec, stub =0x000001803da55a80
[2025-06-17T23:39:26.855+0300][2596][22396][debug][safepoint] ... found polling page loop exception at pc = 0x000001803e0556ec, stub =0x000001803da55a80
[2025-06-17T23:39:26.855+0300][2596][22512][debug][safepoint] ... found polling page loop exception at pc = 0x000001803e0556ec, stub =0x000001803da55a80
[2025-06-17T23:39:26.855+0300][2596][10348][debug][safepoint] ... found polling page loop exception at pc = 0x000001803e0556ec, stub =0x000001803da55a80
[2025-06-17T23:39:26.855+0300][2596][19412][debug][safepoint] ... found polling page loop exception at pc = 0x000001803e0556ec, stub =0x000001803da55a80
[2025-06-17T23:39:26.855+0300][2596][20896][debug][safepoint] ... found polling page loop exception at pc = 0x000001803e0556ec, stub =0x000001803da55a80
[2025-06-17T23:39:26.855+0300][2596][22412][info ][gc       ] GC(25) Concurrent update thread roots 1.231ms
[2025-06-17T23:39:26.855+0300][2596][15388][debug][safepoint] Safepoint synchronization initiated using striped semaphore wait barrier. (19 threads)
[2025-06-17T23:39:26.855+0300][2596][10348][debug][safepoint] ... found polling page loop exception at pc = 0x000001803e0556ec, stub =0x000001803da55a80
[2025-06-17T23:39:26.855+0300][2596][19412][debug][safepoint] ... found polling page loop exception at pc = 0x000001803e0584a0, stub =0x000001803da56300
[2025-06-17T23:39:26.855+0300][2596][20896][debug][safepoint] ... found polling page loop exception at pc = 0x000001803e0556ec, stub =0x000001803da55a80
[2025-06-17T23:39:26.855+0300][2596][15388][info ][gc       ] GC(25) Pause Final Update Refs 0.068ms
[2025-06-17T23:39:26.855+0300][2596][15388][info ][safepoint] Safepoint "ShenandoahFinalUpdateRefs", Time since last: 20867900 ns, Reaching safepoint: 212600 ns, Cleanup: 4800 ns, At safepoint: 123700 ns, Total: 341100 ns
[2025-06-17T23:39:26.855+0300][2596][22412][info ][gc       ] GC(25) Concurrent cleanup 332M->170M(2048M) 0.042ms
[2025-06-17T23:39:27.362+0300][2596][22412][info ][gc       ] Trigger: Average GC time (104.08 ms) is above the time for average allocation rate (2868 MB/s) to deplete free headroom (289M) (margin of error = 1.76)
[2025-06-17T23:39:27.362+0300][2596][22412][info ][gc       ] GC(26) Concurrent reset 0.912ms
[2025-06-17T23:39:27.362+0300][2596][15388][debug][safepoint] Safepoint synchronization initiated using striped semaphore wait barrier. (19 threads)
[2025-06-17T23:39:27.362+0300][2596][2404 ][debug][safepoint] ... found polling page loop exception at pc = 0x000001803e0f5475, stub =0x000001803da55a80
[2025-06-17T23:39:27.362+0300][2596][15036][debug][safepoint] ... found polling page loop exception at pc = 0x000001803e0556ec, stub =0x000001803da55a80
[2025-06-17T23:39:27.362+0300][2596][19412][debug][safepoint] ... found polling page loop exception at pc = 0x000001803e096f0b, stub =0x000001803da55a80
[2025-06-17T23:39:27.362+0300][2596][4892 ][debug][safepoint] ... found polling page loop exception at pc = 0x000001803e05a45d, stub =0x000001803da56300
[2025-06-17T23:39:27.362+0300][2596][22396][debug][safepoint] ... found polling page loop exception at pc = 0x000001803e0f528b, stub =0x000001803da55a80
[2025-06-17T23:39:27.362+0300][2596][10348][debug][safepoint] ... found polling page loop exception at pc = 0x000001803e0556ec, stub =0x000001803da55a80
[2025-06-17T23:39:27.362+0300][2596][22512][debug][safepoint] ... found polling page loop exception at pc = 0x000001803e0556ec, stub =0x000001803da55a80
[2025-06-17T23:39:27.362+0300][2596][20896][debug][safepoint] ... found polling page loop exception at pc = 0x000001803e0556ec, stub =0x000001803da55a80
[2025-06-17T23:39:27.362+0300][2596][15388][info ][gc       ] GC(26) Pause Init Mark (unload classes) 0.039ms
[2025-06-17T23:39:27.362+0300][2596][15388][info ][safepoint] Safepoint "ShenandoahInitMark", Time since last: 506013300 ns, Reaching safepoint: 466499 ns, Cleanup: 12301 ns, At safepoint: 115500 ns, Total: 594300 ns
[2025-06-17T23:39:27.362+0300][2596][22412][info ][gc       ] GC(26) Concurrent marking roots 0.179ms
[2025-06-17T23:39:27.368+0300][2596][19412][debug][safepoint] ... found polling page loop exception at pc = 0x000001803e058607, stub =0x000001803da56300
[2025-06-17T23:39:27.368+0300][2596][10348][debug][safepoint] ... found polling page loop exception at pc = 0x000001803e0556ec, stub =0x000001803da55a80
[2025-06-17T23:39:27.368+0300][2596][2404 ][debug][safepoint] ... found polling page loop exception at pc = 0x000001803e183b0f, stub =0x000001803da56300
[2025-06-17T23:39:27.368+0300][2596][22396][debug][safepoint] ... found polling page loop exception at pc = 0x000001803e0556ec, stub =0x000001803da55a80
[2025-06-17T23:39:27.368+0300][2596][22512][debug][safepoint] ... found polling page loop exception at pc = 0x000001803e05bce7, stub =0x000001803da56300
[2025-06-17T23:39:27.368+0300][2596][15036][debug][safepoint] ... found polling page loop exception at pc = 0x000001803e2191e0, stub =0x000001803da55a80
[2025-06-17T23:39:27.368+0300][2596][4892 ][debug][safepoint] ... found polling page loop exception at pc = 0x000001803dfda82a, stub =0x000001803da56300
[2025-06-17T23:39:27.368+0300][2596][20896][debug][safepoint] ... found polling page loop exception at pc = 0x000001803e06abce, stub =0x000001803da56300
[2025-06-17T23:39:27.378+0300][2596][2404 ][debug][safepoint] ... found polling page loop exception at pc = 0x000001803e0556ec, stub =0x000001803da55a80
[2025-06-17T23:39:27.378+0300][2596][22512][debug][safepoint] ... found polling page loop exception at pc = 0x000001803e05bce7, stub =0x000001803da56300
[2025-06-17T23:39:27.378+0300][2596][20896][debug][safepoint] ... found polling page loop exception at pc = 0x000001803e06abce, stub =0x000001803da56300
[2025-06-17T23:39:27.378+0300][2596][4892 ][debug][safepoint] ... found polling page loop exception at pc = 0x000001803e0556ec, stub =0x000001803da55a80
[2025-06-17T23:39:27.378+0300][2596][22396][debug][safepoint] ... found polling page loop exception at pc = 0x000001803e0556ec, stub =0x000001803da55a80
[2025-06-17T23:39:27.394+0300][2596][19412][debug][safepoint] ... found polling page loop exception at pc = 0x000001803e0556ec, stub =0x000001803da55a80
[2025-06-17T23:39:27.394+0300][2596][4892 ][debug][safepoint] ... found polling page loop exception at pc = 0x000001803e0556ec, stub =0x000001803da55a80
[2025-06-17T23:39:27.394+0300][2596][2404 ][debug][safepoint] ... found polling page loop exception at pc = 0x000001803e058607, stub =0x000001803da56300
[2025-06-17T23:39:27.394+0300][2596][22512][debug][safepoint] ... found polling page loop exception at pc = 0x000001803e0f5475, stub =0x000001803da55a80
[2025-06-17T23:39:27.394+0300][2596][20896][debug][safepoint] ... found polling page loop exception at pc = 0x000001803e0556ec, stub =0x000001803da55a80
[2025-06-17T23:39:27.394+0300][2596][15036][debug][safepoint] ... found polling page loop exception at pc = 0x000001803e0556ec, stub =0x000001803da55a80
[2025-06-17T23:39:27.400+0300][2596][4892 ][debug][safepoint] ... found polling page loop exception at pc = 0x000001803e0556ec, stub =0x000001803da55a80
[2025-06-17T23:39:27.400+0300][2596][10348][debug][safepoint] ... found polling page loop exception at pc = 0x000001803e0556ec, stub =0x000001803da55a80
[2025-06-17T23:39:27.400+0300][2596][22512][debug][safepoint] ... found polling page loop exception at pc = 0x000001803e0556ec, stub =0x000001803da55a80
[2025-06-17T23:39:27.400+0300][2596][20896][debug][safepoint] ... found polling page loop exception at pc = 0x000001803e0556ec, stub =0x000001803da55a80
[2025-06-17T23:39:27.400+0300][2596][15036][debug][safepoint] ... found polling page loop exception at pc = 0x000001803e058607, stub =0x000001803da56300
[2025-06-17T23:39:27.400+0300][2596][19412][debug][safepoint] ... found polling page loop exception at pc = 0x000001803e06abce, stub =0x000001803da56300
[2025-06-17T23:39:27.402+0300][2596][22412][info ][gc       ] GC(26) Concurrent marking (unload classes) 38.400ms
[2025-06-17T23:39:27.402+0300][2596][15388][debug][safepoint] Safepoint synchronization initiated using striped semaphore wait barrier. (19 threads)
[2025-06-17T23:39:27.402+0300][2596][10348][debug][safepoint] ... found polling page loop exception at pc = 0x000001803e0556ec, stub =0x000001803da55a80
[2025-06-17T23:39:27.402+0300][2596][2404 ][debug][safepoint] ... found polling page loop exception at pc = 0x000001803e06abce, stub =0x000001803da56300
[2025-06-17T23:39:27.402+0300][2596][19412][debug][safepoint] ... found polling page loop exception at pc = 0x000001803e219bbf, stub =0x000001803da55a80
[2025-06-17T23:39:27.402+0300][2596][4892 ][debug][safepoint] ... found polling page loop exception at pc = 0x000001803e0556ec, stub =0x000001803da55a80
[2025-06-17T23:39:27.402+0300][2596][15388][info ][gc       ] GC(26) Pause Final Mark (unload classes) 0.159ms
[2025-06-17T23:39:27.402+0300][2596][15388][info ][safepoint] Safepoint "ShenandoahFinalMarkStartEvac", Time since last: 38732200 ns, Reaching safepoint: 253900 ns, Cleanup: 5499 ns, At safepoint: 211501 ns, Total: 470900 ns
[2025-06-17T23:39:27.402+0300][2596][22412][info ][gc       ] GC(26) Concurrent thread roots 0.158ms
[2025-06-17T23:39:27.402+0300][2596][22412][info ][gc       ] GC(26) Concurrent weak references 0.136ms
[2025-06-17T23:39:27.402+0300][2596][19412][debug][safepoint] ... found polling page loop exception at pc = 0x000001803e0f5475, stub =0x000001803da55a80
[2025-06-17T23:39:27.402+0300][2596][2404 ][debug][safepoint] ... found polling page loop exception at pc = 0x000001803e0556ec, stub =0x000001803da55a80
[2025-06-17T23:39:27.402+0300][2596][10348][debug][safepoint] ... found polling page loop exception at pc = 0x000001803e0556ec, stub =0x000001803da55a80
[2025-06-17T23:39:27.402+0300][2596][4892 ][debug][safepoint] ... found polling page loop exception at pc = 0x000001803e0556ec, stub =0x000001803da55a80
[2025-06-17T23:39:27.402+0300][2596][15036][debug][safepoint] ... found polling page loop exception at pc = 0x000001803e0556ec, stub =0x000001803da55a80
[2025-06-17T23:39:27.402+0300][2596][20896][debug][safepoint] ... found polling page loop exception at pc = 0x000001803e0556ec, stub =0x000001803da55a80
[2025-06-17T23:39:27.409+0300][2596][22412][info ][gc       ] GC(26) Concurrent weak roots 5.300ms
[2025-06-17T23:39:27.409+0300][2596][22412][info ][gc       ] GC(26) Concurrent cleanup 1667M->285M(2048M) 0.155ms
[2025-06-17T23:39:27.409+0300][2596][22412][debug][gc,phases] GC(26) ClassLoaderData 0.012ms
[2025-06-17T23:39:27.409+0300][2596][22412][debug][gc,phases] GC(26) Trigger cleanups 0.000ms
[2025-06-17T23:39:27.411+0300][2596][20896][debug][safepoint] ... found polling page loop exception at pc = 0x000001803e0556ec, stub =0x000001803da55a80
[2025-06-17T23:39:27.411+0300][2596][22512][debug][safepoint] ... found polling page loop exception at pc = 0x000001803e0706fb, stub =0x000001803da56300
[2025-06-17T23:39:27.411+0300][2596][4892 ][debug][safepoint] ... found polling page loop exception at pc = 0x000001803e0556ec, stub =0x000001803da55a80
[2025-06-17T23:39:27.417+0300][2596][22412][info ][gc       ] GC(26) Concurrent class unloading 9.356ms
[2025-06-17T23:39:27.417+0300][2596][22412][info ][gc       ] GC(26) Concurrent strong roots 0.218ms
[2025-06-17T23:39:27.419+0300][2596][22412][info ][gc       ] GC(26) Concurrent evacuation 1.632ms
[2025-06-17T23:39:27.419+0300][2596][15388][debug][safepoint] Safepoint synchronization initiated using striped semaphore wait barrier. (19 threads)
[2025-06-17T23:39:27.419+0300][2596][22396][debug][safepoint] ... found polling page loop exception at pc = 0x000001803e0556ec, stub =0x000001803da55a80
[2025-06-17T23:39:27.419+0300][2596][4892 ][debug][safepoint] ... found polling page loop exception at pc = 0x000001803e06abce, stub =0x000001803da56300
[2025-06-17T23:39:27.419+0300][2596][2404 ][debug][safepoint] ... found polling page loop exception at pc = 0x000001803e0556ec, stub =0x000001803da55a80
[2025-06-17T23:39:27.419+0300][2596][22512][debug][safepoint] ... found polling page loop exception at pc = 0x000001803e0556ec, stub =0x000001803da55a80
[2025-06-17T23:39:27.419+0300][2596][19412][debug][safepoint] ... found polling page loop exception at pc = 0x000001803e102911, stub =0x000001803da56300
[2025-06-17T23:39:27.419+0300][2596][15388][info ][gc       ] GC(26) Pause Init Update Refs 0.007ms
[2025-06-17T23:39:27.421+0300][2596][15388][info ][safepoint] Safepoint "ShenandoahInitUpdateRefs", Time since last: 17327899 ns, Reaching safepoint: 309301 ns, Cleanup: 4300 ns, At safepoint: 59600 ns, Total: 373201 ns
[2025-06-17T23:39:27.445+0300][2596][22412][info ][gc       ] GC(26) Concurrent update references 23.812ms
[2025-06-17T23:39:27.445+0300][2596][15036][debug][safepoint] ... found polling page loop exception at pc = 0x000001803e0556ec, stub =0x000001803da55a80
[2025-06-17T23:39:27.445+0300][2596][22512][debug][safepoint] ... found polling page loop exception at pc = 0x000001803e2191e0, stub =0x000001803da55a80
[2025-06-17T23:39:27.445+0300][2596][10348][debug][safepoint] ... found polling page loop exception at pc = 0x000001803e0556ec, stub =0x000001803da55a80
[2025-06-17T23:39:27.445+0300][2596][22396][debug][safepoint] ... found polling page loop exception at pc = 0x000001803e06abce, stub =0x000001803da56300
[2025-06-17T23:39:27.445+0300][2596][19412][debug][safepoint] ... found polling page loop exception at pc = 0x000001803e0556ec, stub =0x000001803da55a80
[2025-06-17T23:39:27.445+0300][2596][20896][debug][safepoint] ... found polling page loop exception at pc = 0x000001803e0d4f4d, stub =0x000001803da56300
[2025-06-17T23:39:27.445+0300][2596][2404 ][debug][safepoint] ... found polling page loop exception at pc = 0x000001803e0556ec, stub =0x000001803da55a80
[2025-06-17T23:39:27.445+0300][2596][4892 ][debug][safepoint] ... found polling page loop exception at pc = 0x000001803e0a3218, stub =0x000001803da56300
[2025-06-17T23:39:27.447+0300][2596][22412][info ][gc       ] GC(26) Concurrent update thread roots 3.325ms
[2025-06-17T23:39:27.447+0300][2596][15388][debug][safepoint] Safepoint synchronization initiated using striped semaphore wait barrier. (19 threads)
[2025-06-17T23:39:27.447+0300][2596][15036][debug][safepoint] ... found polling page loop exception at pc = 0x000001803e0556ec, stub =0x000001803da55a80
[2025-06-17T23:39:27.447+0300][2596][4892 ][debug][safepoint] ... found polling page loop exception at pc = 0x000001803e0971d4, stub =0x000001803da55a80
[2025-06-17T23:39:27.447+0300][2596][2404 ][debug][safepoint] ... found polling page loop exception at pc = 0x000001803e0556ec, stub =0x000001803da55a80
[2025-06-17T23:39:27.447+0300][2596][22512][debug][safepoint] ... found polling page loop exception at pc = 0x000001803e0556ec, stub =0x000001803da55a80
[2025-06-17T23:39:27.447+0300][2596][20896][debug][safepoint] ... found polling page loop exception at pc = 0x000001803e0556ec, stub =0x000001803da55a80
[2025-06-17T23:39:27.447+0300][2596][19412][debug][safepoint] ... found polling page loop exception at pc = 0x000001803e0556ec, stub =0x000001803da55a80
[2025-06-17T23:39:27.447+0300][2596][10348][debug][safepoint] ... found polling page loop exception at pc = 0x000001803e0556ec, stub =0x000001803da55a80
[2025-06-17T23:39:27.447+0300][2596][15388][info ][gc       ] GC(26) Pause Final Update Refs 0.070ms
[2025-06-17T23:39:27.447+0300][2596][15388][info ][safepoint] Safepoint "ShenandoahFinalUpdateRefs", Time since last: 27309700 ns, Reaching safepoint: 341199 ns, Cleanup: 5601 ns, At safepoint: 146799 ns, Total: 493599 ns
[2025-06-17T23:39:27.447+0300][2596][22412][info ][gc       ] GC(26) Concurrent cleanup 353M->192M(2048M) 0.039ms
[2025-06-17T23:39:28.167+0300][2596][22412][info ][gc       ] Trigger: Average GC time (105.03 ms) is above the time for average allocation rate (2083 MB/s) to deplete free headroom (193M) (margin of error = 1.77)
[2025-06-17T23:39:28.167+0300][2596][22412][info ][gc       ] GC(27) Concurrent reset 0.752ms
[2025-06-17T23:39:28.167+0300][2596][15388][debug][safepoint] Safepoint synchronization initiated using striped semaphore wait barrier. (19 threads)
[2025-06-17T23:39:28.167+0300][2596][19412][debug][safepoint] ... found polling page loop exception at pc = 0x000001803e0d4f4d, stub =0x000001803da56300
[2025-06-17T23:39:28.167+0300][2596][2404 ][debug][safepoint] ... found polling page loop exception at pc = 0x000001803e0556ec, stub =0x000001803da55a80
[2025-06-17T23:39:28.167+0300][2596][10348][debug][safepoint] ... found polling page loop exception at pc = 0x000001803e0556ec, stub =0x000001803da55a80
[2025-06-17T23:39:28.167+0300][2596][20896][debug][safepoint] ... found polling page loop exception at pc = 0x000001803e058607, stub =0x000001803da56300
[2025-06-17T23:39:28.167+0300][2596][4892 ][debug][safepoint] ... found polling page loop exception at pc = 0x000001803e06abce, stub =0x000001803da56300
[2025-06-17T23:39:28.167+0300][2596][15388][info ][gc       ] GC(27) Pause Init Mark (unload classes) 0.041ms
[2025-06-17T23:39:28.167+0300][2596][15388][info ][safepoint] Safepoint "ShenandoahInitMark", Time since last: 718999001 ns, Reaching safepoint: 293900 ns, Cleanup: 13500 ns, At safepoint: 100600 ns, Total: 408000 ns
[2025-06-17T23:39:28.167+0300][2596][22412][info ][gc       ] GC(27) Concurrent marking roots 0.148ms
[2025-06-17T23:39:28.171+0300][2596][2404 ][debug][safepoint] ... found polling page loop exception at pc = 0x000001803e219bbf, stub =0x000001803da55a80
[2025-06-17T23:39:28.171+0300][2596][10348][debug][safepoint] ... found polling page loop exception at pc = 0x000001803e0556ec, stub =0x000001803da55a80
[2025-06-17T23:39:28.171+0300][2596][22512][debug][safepoint] ... found polling page loop exception at pc = 0x000001803e0f528b, stub =0x000001803da55a80
[2025-06-17T23:39:28.171+0300][2596][22396][debug][safepoint] ... found polling page loop exception at pc = 0x000001803e05a45d, stub =0x000001803da56300
[2025-06-17T23:39:28.171+0300][2596][20896][debug][safepoint] ... found polling page loop exception at pc = 0x000001803e0556ec, stub =0x000001803da55a80
[2025-06-17T23:39:28.173+0300][2596][20896][debug][safepoint] ... found polling page loop exception at pc = 0x000001803e0556ec, stub =0x000001803da55a80
[2025-06-17T23:39:28.173+0300][2596][22512][debug][safepoint] ... found polling page loop exception at pc = 0x000001803e0556ec, stub =0x000001803da55a80
[2025-06-17T23:39:28.173+0300][2596][19412][debug][safepoint] ... found polling page loop exception at pc = 0x000001803e0556ec, stub =0x000001803da55a80
[2025-06-17T23:39:28.173+0300][2596][15036][debug][safepoint] ... found polling page loop exception at pc = 0x000001803e0556ec, stub =0x000001803da55a80
[2025-06-17T23:39:28.173+0300][2596][2404 ][debug][safepoint] ... found polling page loop exception at pc = 0x000001803e0556ec, stub =0x000001803da55a80
[2025-06-17T23:39:28.187+0300][2596][4892 ][debug][safepoint] ... found polling page loop exception at pc = 0x000001803e0556ec, stub =0x000001803da55a80
[2025-06-17T23:39:28.198+0300][2596][22412][info ][gc       ] GC(27) Concurrent marking (unload classes) 30.099ms
[2025-06-17T23:39:28.198+0300][2596][15388][debug][safepoint] Safepoint synchronization initiated using striped semaphore wait barrier. (19 threads)
[2025-06-17T23:39:28.198+0300][2596][2404 ][debug][safepoint] ... found polling page loop exception at pc = 0x000001803e0f528b, stub =0x000001803da55a80
[2025-06-17T23:39:28.198+0300][2596][20896][debug][safepoint] ... found polling page loop exception at pc = 0x000001803e0556ec, stub =0x000001803da55a80
[2025-06-17T23:39:28.198+0300][2596][19412][debug][safepoint] ... found polling page loop exception at pc = 0x000001803e0556ec, stub =0x000001803da55a80
[2025-06-17T23:39:28.198+0300][2596][22512][debug][safepoint] ... found polling page loop exception at pc = 0x000001803e0556ec, stub =0x000001803da55a80
[2025-06-17T23:39:28.198+0300][2596][15036][debug][safepoint] ... found polling page loop exception at pc = 0x000001803e0584a0, stub =0x000001803da56300
[2025-06-17T23:39:28.198+0300][2596][4892 ][debug][safepoint] ... found polling page loop exception at pc = 0x000001803e06abce, stub =0x000001803da56300
[2025-06-17T23:39:28.198+0300][2596][10348][debug][safepoint] ... found polling page loop exception at pc = 0x000001803e0556ec, stub =0x000001803da55a80
[2025-06-17T23:39:28.198+0300][2596][15388][info ][gc       ] GC(27) Pause Final Mark (unload classes) 0.219ms
[2025-06-17T23:39:28.198+0300][2596][15388][info ][safepoint] Safepoint "ShenandoahFinalMarkStartEvac", Time since last: 30420900 ns, Reaching safepoint: 418099 ns, Cleanup: 6300 ns, At safepoint: 301900 ns, Total: 726299 ns
[2025-06-17T23:39:28.200+0300][2596][22412][info ][gc       ] GC(27) Concurrent thread roots 0.358ms
[2025-06-17T23:39:28.200+0300][2596][22412][info ][gc       ] GC(27) Concurrent weak references 0.147ms
[2025-06-17T23:39:28.200+0300][2596][10348][debug][safepoint] ... found polling page loop exception at pc = 0x000001803e0556ec, stub =0x000001803da55a80
[2025-06-17T23:39:28.200+0300][2596][22512][debug][safepoint] ... found polling page loop exception at pc = 0x000001803e190eb8, stub =0x000001803da55a80
[2025-06-17T23:39:28.200+0300][2596][19412][debug][safepoint] ... found polling page loop exception at pc = 0x000001803e219bbf, stub =0x000001803da55a80
[2025-06-17T23:39:28.200+0300][2596][2404 ][debug][safepoint] ... found polling page loop exception at pc = 0x000001803e0556ec, stub =0x000001803da55a80
[2025-06-17T23:39:28.200+0300][2596][20896][debug][safepoint] ... found polling page loop exception at pc = 0x000001803e0a3218, stub =0x000001803da56300
[2025-06-17T23:39:28.214+0300][2596][22412][info ][gc       ] GC(27) Concurrent weak roots 13.765ms
[2025-06-17T23:39:28.214+0300][2596][22412][info ][gc       ] GC(27) Concurrent cleanup 1740M->272M(2048M) 0.144ms
[2025-06-17T23:39:28.214+0300][2596][22412][debug][gc,phases] GC(27) ClassLoaderData 0.017ms
[2025-06-17T23:39:28.214+0300][2596][22412][debug][gc,phases] GC(27) Trigger cleanups 0.000ms
[2025-06-17T23:39:28.216+0300][2596][10348][debug][safepoint] ... found polling page loop exception at pc = 0x000001803e055b5c, stub =0x000001803da55a80
[2025-06-17T23:39:28.216+0300][2596][19412][debug][safepoint] ... found polling page loop exception at pc = 0x000001803e0766b0, stub =0x000001803da56300
[2025-06-17T23:39:28.216+0300][2596][22396][debug][safepoint] ... found polling page loop exception at pc = 0x000001803e0556ec, stub =0x000001803da55a80
[2025-06-17T23:39:28.216+0300][2596][15036][debug][safepoint] ... found polling page loop exception at pc = 0x000001803e0556ec, stub =0x000001803da55a80
[2025-06-17T23:39:28.216+0300][2596][4892 ][debug][safepoint] ... found polling page loop exception at pc = 0x000001803e096f0b, stub =0x000001803da55a80
[2025-06-17T23:39:28.216+0300][2596][22412][info ][gc       ] GC(27) Concurrent class unloading 2.650ms
[2025-06-17T23:39:28.216+0300][2596][22412][info ][gc       ] GC(27) Concurrent strong roots 0.182ms
[2025-06-17T23:39:28.218+0300][2596][22412][info ][gc       ] GC(27) Concurrent evacuation 1.162ms
[2025-06-17T23:39:28.218+0300][2596][15388][debug][safepoint] Safepoint synchronization initiated using striped semaphore wait barrier. (19 threads)
[2025-06-17T23:39:28.218+0300][2596][10348][debug][safepoint] ... found polling page loop exception at pc = 0x000001803e0bc782, stub =0x000001803da56300
[2025-06-17T23:39:28.218+0300][2596][19412][debug][safepoint] ... found polling page loop exception at pc = 0x000001803e0556ec, stub =0x000001803da55a80
[2025-06-17T23:39:28.218+0300][2596][4892 ][debug][safepoint] ... found polling page loop exception at pc = 0x000001803e0584a0, stub =0x000001803da56300
[2025-06-17T23:39:28.218+0300][2596][2404 ][debug][safepoint] ... found polling page loop exception at pc = 0x000001803e0556ec, stub =0x000001803da55a80
[2025-06-17T23:39:28.218+0300][2596][15388][info ][gc       ] GC(27) Pause Init Update Refs 0.010ms
[2025-06-17T23:39:28.218+0300][2596][15388][info ][safepoint] Safepoint "ShenandoahInitUpdateRefs", Time since last: 18776101 ns, Reaching safepoint: 222700 ns, Cleanup: 5400 ns, At safepoint: 64599 ns, Total: 292699 ns
[2025-06-17T23:39:28.232+0300][2596][22412][info ][gc       ] GC(27) Concurrent update references 13.576ms
[2025-06-17T23:39:28.232+0300][2596][4892 ][debug][safepoint] ... found polling page loop exception at pc = 0x000001803e0556ec, stub =0x000001803da55a80
[2025-06-17T23:39:28.232+0300][2596][19412][debug][safepoint] ... found polling page loop exception at pc = 0x000001803e055b5c, stub =0x000001803da55a80
[2025-06-17T23:39:28.232+0300][2596][20896][debug][safepoint] ... found polling page loop exception at pc = 0x000001803e0a3218, stub =0x000001803da56300
[2025-06-17T23:39:28.232+0300][2596][10348][debug][safepoint] ... found polling page loop exception at pc = 0x000001803e0556ec, stub =0x000001803da55a80
[2025-06-17T23:39:28.232+0300][2596][22512][debug][safepoint] ... found polling page loop exception at pc = 0x000001803e0556ec, stub =0x000001803da55a80
[2025-06-17T23:39:28.242+0300][2596][22396][debug][safepoint] ... found polling page loop exception at pc = 0x000001803e06abce, stub =0x000001803da56300
[2025-06-17T23:39:28.246+0300][2596][22412][info ][gc       ] GC(27) Concurrent update thread roots 13.596ms
[2025-06-17T23:39:28.246+0300][2596][15388][debug][safepoint] Safepoint synchronization initiated using striped semaphore wait barrier. (19 threads)
[2025-06-17T23:39:28.246+0300][2596][4892 ][debug][safepoint] ... found polling page loop exception at pc = 0x000001803e0556ec, stub =0x000001803da55a80
[2025-06-17T23:39:28.246+0300][2596][10348][debug][safepoint] ... found polling page loop exception at pc = 0x000001803e0bc782, stub =0x000001803da56300
[2025-06-17T23:39:28.246+0300][2596][15036][debug][safepoint] ... found polling page loop exception at pc = 0x000001803e06abce, stub =0x000001803da56300
[2025-06-17T23:39:28.246+0300][2596][20896][debug][safepoint] ... found polling page loop exception at pc = 0x000001803e0556ec, stub =0x000001803da55a80
[2025-06-17T23:39:28.246+0300][2596][22512][debug][safepoint] ... found polling page loop exception at pc = 0x000001803e05a45d, stub =0x000001803da56300
[2025-06-17T23:39:28.246+0300][2596][19412][debug][safepoint] ... found polling page loop exception at pc = 0x000001803e0556ec, stub =0x000001803da55a80
[2025-06-17T23:39:28.246+0300][2596][15388][info ][gc       ] GC(27) Pause Final Update Refs 0.063ms
[2025-06-17T23:39:28.246+0300][2596][15388][info ][safepoint] Safepoint "ShenandoahFinalUpdateRefs", Time since last: 27367100 ns, Reaching safepoint: 362200 ns, Cleanup: 6501 ns, At safepoint: 116400 ns, Total: 485101 ns
[2025-06-17T23:39:28.246+0300][2596][22412][info ][gc       ] GC(27) Concurrent cleanup 330M->160M(2048M) 0.047ms
[2025-06-17T23:39:28.799+0300][2596][22412][info ][gc       ] Trigger: Average GC time (97.53 ms) is above the time for average allocation rate (2607 MB/s) to deplete free headroom (210M) (margin of error = 1.77)
[2025-06-17T23:39:28.799+0300][2596][22412][info ][gc       ] GC(28) Concurrent reset 0.996ms
[2025-06-17T23:39:28.799+0300][2596][15388][debug][safepoint] Safepoint synchronization initiated using striped semaphore wait barrier. (19 threads)
[2025-06-17T23:39:28.799+0300][2596][22512][debug][safepoint] ... found polling page loop exception at pc = 0x000001803e0556ec, stub =0x000001803da55a80
[2025-06-17T23:39:28.799+0300][2596][2404 ][debug][safepoint] ... found polling page loop exception at pc = 0x000001803e05a45d, stub =0x000001803da56300
[2025-06-17T23:39:28.799+0300][2596][10348][debug][safepoint] ... found polling page loop exception at pc = 0x000001803e0556ec, stub =0x000001803da55a80
[2025-06-17T23:39:28.799+0300][2596][15036][debug][safepoint] ... found polling page loop exception at pc = 0x000001803e0556ec, stub =0x000001803da55a80
[2025-06-17T23:39:28.799+0300][2596][15388][info ][gc       ] GC(28) Pause Init Mark (unload classes) 0.044ms
[2025-06-17T23:39:28.799+0300][2596][15388][info ][safepoint] Safepoint "ShenandoahInitMark", Time since last: 554375600 ns, Reaching safepoint: 290700 ns, Cleanup: 14100 ns, At safepoint: 121599 ns, Total: 426399 ns
[2025-06-17T23:39:28.799+0300][2596][22412][info ][gc       ] GC(28) Concurrent marking roots 0.158ms
[2025-06-17T23:39:28.805+0300][2596][15036][debug][safepoint] ... found polling page loop exception at pc = 0x000001803e0556ec, stub =0x000001803da55a80
[2025-06-17T23:39:28.805+0300][2596][10348][debug][safepoint] ... found polling page loop exception at pc = 0x000001803e0556ec, stub =0x000001803da55a80
[2025-06-17T23:39:28.805+0300][2596][19412][debug][safepoint] ... found polling page loop exception at pc = 0x000001803e0556ec, stub =0x000001803da55a80
[2025-06-17T23:39:28.805+0300][2596][4892 ][debug][safepoint] ... found polling page loop exception at pc = 0x000001803e0556ec, stub =0x000001803da55a80
[2025-06-17T23:39:28.805+0300][2596][22512][debug][safepoint] ... found polling page loop exception at pc = 0x000001803e0556ec, stub =0x000001803da55a80
[2025-06-17T23:39:28.805+0300][2596][2404 ][debug][safepoint] ... found polling page loop exception at pc = 0x000001803e0556ec, stub =0x000001803da55a80
[2025-06-17T23:39:28.805+0300][2596][22396][debug][safepoint] ... found polling page loop exception at pc = 0x000001803e06abce, stub =0x000001803da56300
[2025-06-17T23:39:28.805+0300][2596][20896][debug][safepoint] ... found polling page loop exception at pc = 0x000001803e0706fb, stub =0x000001803da56300
[2025-06-17T23:39:28.815+0300][2596][4892 ][debug][safepoint] ... found polling page loop exception at pc = 0x000001803e081b9f, stub =0x000001803da55a80
[2025-06-17T23:39:28.815+0300][2596][22512][debug][safepoint] ... found polling page loop exception at pc = 0x000001803e0556ec, stub =0x000001803da55a80
[2025-06-17T23:39:28.815+0300][2596][2404 ][debug][safepoint] ... found polling page loop exception at pc = 0x000001803e0556ec, stub =0x000001803da55a80
[2025-06-17T23:39:28.815+0300][2596][10348][debug][safepoint] ... found polling page loop exception at pc = 0x000001803e0a3218, stub =0x000001803da56300
[2025-06-17T23:39:28.815+0300][2596][20896][debug][safepoint] ... found polling page loop exception at pc = 0x000001803e06abce, stub =0x000001803da56300
[2025-06-17T23:39:28.815+0300][2596][19412][debug][safepoint] ... found polling page loop exception at pc = 0x000001803e0556ec, stub =0x000001803da55a80
[2025-06-17T23:39:28.815+0300][2596][10348][debug][safepoint] ... found polling page loop exception at pc = 0x000001803e0556ec, stub =0x000001803da55a80
[2025-06-17T23:39:28.815+0300][2596][2404 ][debug][safepoint] ... found polling page loop exception at pc = 0x000001803e0556ec, stub =0x000001803da55a80
[2025-06-17T23:39:28.815+0300][2596][20896][debug][safepoint] ... found polling page loop exception at pc = 0x000001803e0ec70c, stub =0x000001803da55a80
[2025-06-17T23:39:28.815+0300][2596][4892 ][debug][safepoint] ... found polling page loop exception at pc = 0x000001803e0556ec, stub =0x000001803da55a80
[2025-06-17T23:39:28.815+0300][2596][22396][debug][safepoint] ... found polling page loop exception at pc = 0x000001803e06abce, stub =0x000001803da56300
[2025-06-17T23:39:28.815+0300][2596][22412][info ][gc       ] GC(28) Concurrent marking (unload classes) 14.772ms
[2025-06-17T23:39:28.815+0300][2596][15388][debug][safepoint] Safepoint synchronization initiated using striped semaphore wait barrier. (19 threads)
[2025-06-17T23:39:28.815+0300][2596][15036][debug][safepoint] ... found polling page loop exception at pc = 0x000001803e0556ec, stub =0x000001803da55a80
[2025-06-17T23:39:28.815+0300][2596][20896][debug][safepoint] ... found polling page loop exception at pc = 0x000001803e0556ec, stub =0x000001803da55a80
[2025-06-17T23:39:28.815+0300][2596][2404 ][debug][safepoint] ... found polling page loop exception at pc = 0x000001803e0556ec, stub =0x000001803da55a80
[2025-06-17T23:39:28.815+0300][2596][4892 ][debug][safepoint] ... found polling page loop exception at pc = 0x000001803e0556ec, stub =0x000001803da55a80
[2025-06-17T23:39:28.815+0300][2596][19412][debug][safepoint] ... found polling page loop exception at pc = 0x000001803e058607, stub =0x000001803da56300
[2025-06-17T23:39:28.815+0300][2596][10348][debug][safepoint] ... found polling page loop exception at pc = 0x000001803e0584a0, stub =0x000001803da56300
[2025-06-17T23:39:28.815+0300][2596][22396][debug][safepoint] ... found polling page loop exception at pc = 0x000001803e0556ec, stub =0x000001803da55a80
[2025-06-17T23:39:28.815+0300][2596][22512][debug][safepoint] ... found polling page loop exception at pc = 0x000001803e058607, stub =0x000001803da56300
[2025-06-17T23:39:28.815+0300][2596][15388][info ][gc       ] GC(28) Pause Final Mark (unload classes) 0.148ms
[2025-06-17T23:39:28.815+0300][2596][15388][info ][safepoint] Safepoint "ShenandoahFinalMarkStartEvac", Time since last: 15060401 ns, Reaching safepoint: 338300 ns, Cleanup: 5500 ns, At safepoint: 196200 ns, Total: 540000 ns
[2025-06-17T23:39:28.815+0300][2596][22412][info ][gc       ] GC(28) Concurrent thread roots 0.251ms
[2025-06-17T23:39:28.815+0300][2596][22412][info ][gc       ] GC(28) Concurrent weak references 0.157ms
[2025-06-17T23:39:28.815+0300][2596][2404 ][debug][safepoint] ... found polling page loop exception at pc = 0x000001803e0556ec, stub =0x000001803da55a80
[2025-06-17T23:39:28.815+0300][2596][10348][debug][safepoint] ... found polling page loop exception at pc = 0x000001803e0556ec, stub =0x000001803da55a80
[2025-06-17T23:39:28.815+0300][2596][4892 ][debug][safepoint] ... found polling page loop exception at pc = 0x000001803e0556ec, stub =0x000001803da55a80
[2025-06-17T23:39:28.830+0300][2596][22412][info ][gc       ] GC(28) Concurrent weak roots 13.195ms
[2025-06-17T23:39:28.830+0300][2596][22412][info ][gc       ] GC(28) Concurrent cleanup 1707M->254M(2048M) 0.138ms
[2025-06-17T23:39:28.830+0300][2596][22412][debug][gc,phases] GC(28) ClassLoaderData 0.015ms
[2025-06-17T23:39:28.830+0300][2596][22412][debug][gc,phases] GC(28) Trigger cleanups 0.001ms
[2025-06-17T23:39:28.832+0300][2596][22396][debug][safepoint] ... found polling page loop exception at pc = 0x000001803e058607, stub =0x000001803da56300
[2025-06-17T23:39:28.832+0300][2596][20896][debug][safepoint] ... found polling page loop exception at pc = 0x000001803e096f0b, stub =0x000001803da55a80
[2025-06-17T23:39:28.832+0300][2596][15036][debug][safepoint] ... found polling page loop exception at pc = 0x000001803e190eb8, stub =0x000001803da55a80
[2025-06-17T23:39:28.832+0300][2596][19412][debug][safepoint] ... found polling page loop exception at pc = 0x000001803e0556ec, stub =0x000001803da55a80
[2025-06-17T23:39:28.832+0300][2596][10348][debug][safepoint] ... found polling page loop exception at pc = 0x000001803e058607, stub =0x000001803da56300
[2025-06-17T23:39:28.832+0300][2596][2404 ][debug][safepoint] ... found polling page loop exception at pc = 0x000001803e0556ec, stub =0x000001803da55a80
[2025-06-17T23:39:28.832+0300][2596][22412][info ][gc       ] GC(28) Concurrent class unloading 2.934ms
[2025-06-17T23:39:28.832+0300][2596][22412][info ][gc       ] GC(28) Concurrent strong roots 0.199ms
[2025-06-17T23:39:28.835+0300][2596][22412][info ][gc       ] GC(28) Concurrent evacuation 1.369ms
[2025-06-17T23:39:28.835+0300][2596][15388][debug][safepoint] Safepoint synchronization initiated using striped semaphore wait barrier. (19 threads)
[2025-06-17T23:39:28.835+0300][2596][10348][debug][safepoint] ... found polling page loop exception at pc = 0x000001803e058607, stub =0x000001803da56300
[2025-06-17T23:39:28.835+0300][2596][2404 ][debug][safepoint] ... found polling page loop exception at pc = 0x000001803e0556ec, stub =0x000001803da55a80
[2025-06-17T23:39:28.835+0300][2596][20896][debug][safepoint] ... found polling page loop exception at pc = 0x000001803e0556ec, stub =0x000001803da55a80
[2025-06-17T23:39:28.835+0300][2596][15388][info ][gc       ] GC(28) Pause Init Update Refs 0.011ms
[2025-06-17T23:39:28.835+0300][2596][15388][info ][safepoint] Safepoint "ShenandoahInitUpdateRefs", Time since last: 18630100 ns, Reaching safepoint: 205200 ns, Cleanup: 6100 ns, At safepoint: 83700 ns, Total: 295000 ns
[2025-06-17T23:39:28.845+0300][2596][22412][info ][gc       ] GC(28) Concurrent update references 10.526ms
[2025-06-17T23:39:28.845+0300][2596][20896][debug][safepoint] ... found polling page loop exception at pc = 0x000001803e058607, stub =0x000001803da56300
[2025-06-17T23:39:28.845+0300][2596][4892 ][debug][safepoint] ... found polling page loop exception at pc = 0x000001803e0584a0, stub =0x000001803da56300
[2025-06-17T23:39:28.845+0300][2596][19412][debug][safepoint] ... found polling page loop exception at pc = 0x000001803e0556ec, stub =0x000001803da55a80
[2025-06-17T23:39:28.845+0300][2596][22512][debug][safepoint] ... found polling page loop exception at pc = 0x000001803e07ec94, stub =0x000001803da56300
[2025-06-17T23:39:28.845+0300][2596][22396][debug][safepoint] ... found polling page loop exception at pc = 0x000001803e0556ec, stub =0x000001803da55a80
[2025-06-17T23:39:28.845+0300][2596][2404 ][debug][safepoint] ... found polling page loop exception at pc = 0x000001803e0706fb, stub =0x000001803da56300
[2025-06-17T23:39:28.850+0300][2596][22412][info ][gc       ] GC(28) Concurrent update thread roots 5.640ms
[2025-06-17T23:39:28.850+0300][2596][15388][debug][safepoint] Safepoint synchronization initiated using striped semaphore wait barrier. (19 threads)
[2025-06-17T23:39:28.850+0300][2596][4892 ][debug][safepoint] ... found polling page loop exception at pc = 0x000001803e0556ec, stub =0x000001803da55a80
[2025-06-17T23:39:28.850+0300][2596][10348][debug][safepoint] ... found polling page loop exception at pc = 0x000001803e102911, stub =0x000001803da56300
[2025-06-17T23:39:28.850+0300][2596][22512][debug][safepoint] ... found polling page loop exception at pc = 0x000001803e0556ec, stub =0x000001803da55a80
[2025-06-17T23:39:28.850+0300][2596][2404 ][debug][safepoint] ... found polling page loop exception at pc = 0x000001803e0556ec, stub =0x000001803da55a80
[2025-06-17T23:39:28.850+0300][2596][22396][debug][safepoint] ... found polling page loop exception at pc = 0x000001803e058607, stub =0x000001803da56300
[2025-06-17T23:39:28.850+0300][2596][19412][debug][safepoint] ... found polling page loop exception at pc = 0x000001803e0556ec, stub =0x000001803da55a80
[2025-06-17T23:39:28.852+0300][2596][15388][info ][gc       ] GC(28) Pause Final Update Refs 0.068ms
[2025-06-17T23:39:28.852+0300][2596][15388][info ][safepoint] Safepoint "ShenandoahFinalUpdateRefs", Time since last: 16358400 ns, Reaching safepoint: 377500 ns, Cleanup: 6100 ns, At safepoint: 121999 ns, Total: 505599 ns
[2025-06-17T23:39:28.852+0300][2596][22412][info ][gc       ] GC(28) Concurrent cleanup 300M->131M(2048M) 0.040ms
[2025-06-17T23:39:29.368+0300][2596][22412][info ][gc       ] Trigger: Average GC time (92.90 ms) is above the time for average allocation rate (2799 MB/s) to deplete free headroom (245M) (margin of error = 1.77)
[2025-06-17T23:39:29.368+0300][2596][22412][info ][gc       ] GC(29) Concurrent reset 0.991ms
[2025-06-17T23:39:29.368+0300][2596][15388][debug][safepoint] Safepoint synchronization initiated using striped semaphore wait barrier. (19 threads)
[2025-06-17T23:39:29.368+0300][2596][10348][debug][safepoint] ... found polling page loop exception at pc = 0x000001803e0556ec, stub =0x000001803da55a80
[2025-06-17T23:39:29.368+0300][2596][4892 ][debug][safepoint] ... found polling page loop exception at pc = 0x000001803e0556ec, stub =0x000001803da55a80
[2025-06-17T23:39:29.368+0300][2596][19412][debug][safepoint] ... found polling page loop exception at pc = 0x000001803e219bbf, stub =0x000001803da55a80
[2025-06-17T23:39:29.368+0300][2596][15036][debug][safepoint] ... found polling page loop exception at pc = 0x000001803e0556ec, stub =0x000001803da55a80
[2025-06-17T23:39:29.368+0300][2596][22512][debug][safepoint] ... found polling page loop exception at pc = 0x000001803e0556ec, stub =0x000001803da55a80
[2025-06-17T23:39:29.368+0300][2596][20896][debug][safepoint] ... found polling page loop exception at pc = 0x000001803e0556ec, stub =0x000001803da55a80
[2025-06-17T23:39:29.368+0300][2596][15388][info ][gc       ] GC(29) Pause Init Mark (unload classes) 0.030ms
[2025-06-17T23:39:29.368+0300][2596][15388][info ][safepoint] Safepoint "ShenandoahInitMark", Time since last: 516537100 ns, Reaching safepoint: 386601 ns, Cleanup: 11700 ns, At safepoint: 88700 ns, Total: 487001 ns
[2025-06-17T23:39:29.368+0300][2596][22412][info ][gc       ] GC(29) Concurrent marking roots 0.196ms
[2025-06-17T23:39:29.373+0300][2596][15036][debug][safepoint] ... found polling page loop exception at pc = 0x000001803e0556ec, stub =0x000001803da55a80
[2025-06-17T23:39:29.373+0300][2596][2404 ][debug][safepoint] ... found polling page loop exception at pc = 0x000001803e219bbf, stub =0x000001803da55a80
[2025-06-17T23:39:29.373+0300][2596][22512][debug][safepoint] ... found polling page loop exception at pc = 0x000001803e0556ec, stub =0x000001803da55a80
[2025-06-17T23:39:29.373+0300][2596][20896][debug][safepoint] ... found polling page loop exception at pc = 0x000001803e0a3218, stub =0x000001803da56300
[2025-06-17T23:39:29.373+0300][2596][15036][debug][safepoint] ... found polling page loop exception at pc = 0x000001803e0556ec, stub =0x000001803da55a80
[2025-06-17T23:39:29.373+0300][2596][22512][debug][safepoint] ... found polling page loop exception at pc = 0x000001803e06abce, stub =0x000001803da56300
[2025-06-17T23:39:29.373+0300][2596][22396][debug][safepoint] ... found polling page loop exception at pc = 0x000001803e0556ec, stub =0x000001803da55a80
[2025-06-17T23:39:29.373+0300][2596][4892 ][debug][safepoint] ... found polling page loop exception at pc = 0x000001803e0556ec, stub =0x000001803da55a80
[2025-06-17T23:39:29.373+0300][2596][2404 ][debug][safepoint] ... found polling page loop exception at pc = 0x000001803e096f0b, stub =0x000001803da55a80
[2025-06-17T23:39:29.373+0300][2596][4892 ][debug][safepoint] ... found polling page loop exception at pc = 0x000001803e0556ec, stub =0x000001803da55a80
[2025-06-17T23:39:29.373+0300][2596][22512][debug][safepoint] ... found polling page loop exception at pc = 0x000001803e05a45d, stub =0x000001803da56300
[2025-06-17T23:39:29.373+0300][2596][19412][debug][safepoint] ... found polling page loop exception at pc = 0x000001803e0556ec, stub =0x000001803da55a80
[2025-06-17T23:39:29.373+0300][2596][22396][debug][safepoint] ... found polling page loop exception at pc = 0x000001803e0556ec, stub =0x000001803da55a80
[2025-06-17T23:39:29.373+0300][2596][15036][debug][safepoint] ... found polling page loop exception at pc = 0x000001803e0d4f4d, stub =0x000001803da56300
[2025-06-17T23:39:29.377+0300][2596][22412][info ][gc       ] GC(29) Concurrent marking (unload classes) 8.511ms
[2025-06-17T23:39:29.377+0300][2596][15388][debug][safepoint] Safepoint synchronization initiated using striped semaphore wait barrier. (19 threads)
[2025-06-17T23:39:29.377+0300][2596][20896][debug][safepoint] ... found polling page loop exception at pc = 0x000001803e0556ec, stub =0x000001803da55a80
[2025-06-17T23:39:29.377+0300][2596][22396][debug][safepoint] ... found polling page loop exception at pc = 0x000001803e0584a0, stub =0x000001803da56300
[2025-06-17T23:39:29.377+0300][2596][22512][debug][safepoint] ... found polling page loop exception at pc = 0x000001803e0c9246, stub =0x000001803da56300
[2025-06-17T23:39:29.377+0300][2596][10348][debug][safepoint] ... found polling page loop exception at pc = 0x000001803e0556ec, stub =0x000001803da55a80
[2025-06-17T23:39:29.377+0300][2596][19412][debug][safepoint] ... found polling page loop exception at pc = 0x000001803e0556ec, stub =0x000001803da55a80
[2025-06-17T23:39:29.377+0300][2596][15388][info ][gc       ] GC(29) Pause Final Mark (unload classes) 0.143ms
[2025-06-17T23:39:29.377+0300][2596][15388][info ][safepoint] Safepoint "ShenandoahFinalMarkStartEvac", Time since last: 8876900 ns, Reaching safepoint: 285200 ns, Cleanup: 4500 ns, At safepoint: 203400 ns, Total: 493100 ns
[2025-06-17T23:39:29.377+0300][2596][22412][info ][gc       ] GC(29) Concurrent thread roots 0.195ms
[2025-06-17T23:39:29.377+0300][2596][22412][info ][gc       ] GC(29) Concurrent weak references 0.126ms
[2025-06-17T23:39:29.377+0300][2596][15036][debug][safepoint] ... found polling page loop exception at pc = 0x000001803e0c6885, stub =0x000001803da56300
[2025-06-17T23:39:29.377+0300][2596][4892 ][debug][safepoint] ... found polling page loop exception at pc = 0x000001803e0556ec, stub =0x000001803da55a80
[2025-06-17T23:39:29.377+0300][2596][2404 ][debug][safepoint] ... found polling page loop exception at pc = 0x000001803e0556ec, stub =0x000001803da55a80
[2025-06-17T23:39:29.377+0300][2596][20896][debug][safepoint] ... found polling page loop exception at pc = 0x000001803e0556ec, stub =0x000001803da55a80
[2025-06-17T23:39:29.377+0300][2596][22512][debug][safepoint] ... found polling page loop exception at pc = 0x000001803e0556ec, stub =0x000001803da55a80
[2025-06-17T23:39:29.383+0300][2596][22412][info ][gc       ] GC(29) Concurrent weak roots 4.206ms
[2025-06-17T23:39:29.384+0300][2596][22412][info ][gc       ] GC(29) Concurrent cleanup 1634M->218M(2048M) 0.139ms
[2025-06-17T23:39:29.384+0300][2596][22412][debug][gc,phases] GC(29) ClassLoaderData 0.010ms
[2025-06-17T23:39:29.384+0300][2596][22412][debug][gc,phases] GC(29) Trigger cleanups 0.000ms
[2025-06-17T23:39:29.386+0300][2596][4892 ][debug][safepoint] ... found polling page loop exception at pc = 0x000001803e0706fb, stub =0x000001803da56300
[2025-06-17T23:39:29.386+0300][2596][2404 ][debug][safepoint] ... found polling page loop exception at pc = 0x000001803e0706fb, stub =0x000001803da56300
[2025-06-17T23:39:29.386+0300][2596][15036][debug][safepoint] ... found polling page loop exception at pc = 0x000001803e0556ec, stub =0x000001803da55a80
[2025-06-17T23:39:29.386+0300][2596][20896][debug][safepoint] ... found polling page loop exception at pc = 0x000001803e2191e0, stub =0x000001803da55a80
[2025-06-17T23:39:29.386+0300][2596][19412][debug][safepoint] ... found polling page loop exception at pc = 0x000001803e05bce7, stub =0x000001803da56300
[2025-06-17T23:39:29.388+0300][2596][22412][info ][gc       ] GC(29) Concurrent class unloading 5.499ms
[2025-06-17T23:39:29.388+0300][2596][22412][info ][gc       ] GC(29) Concurrent strong roots 0.209ms
[2025-06-17T23:39:29.390+0300][2596][22412][info ][gc       ] GC(29) Concurrent evacuation 1.367ms
[2025-06-17T23:39:29.390+0300][2596][15388][debug][safepoint] Safepoint synchronization initiated using striped semaphore wait barrier. (19 threads)
[2025-06-17T23:39:29.390+0300][2596][20896][debug][safepoint] ... found polling page loop exception at pc = 0x000001803e09dd90, stub =0x000001803da56300
[2025-06-17T23:39:29.390+0300][2596][15036][debug][safepoint] ... found polling page loop exception at pc = 0x000001803e0706fb, stub =0x000001803da56300
[2025-06-17T23:39:29.390+0300][2596][22396][debug][safepoint] ... found polling page loop exception at pc = 0x000001803e2191e0, stub =0x000001803da55a80
[2025-06-17T23:39:29.390+0300][2596][10348][debug][safepoint] ... found polling page loop exception at pc = 0x000001803e0bc782, stub =0x000001803da56300
[2025-06-17T23:39:29.390+0300][2596][22512][debug][safepoint] ... found polling page loop exception at pc = 0x000001803e0556ec, stub =0x000001803da55a80
[2025-06-17T23:39:29.390+0300][2596][2404 ][debug][safepoint] ... found polling page loop exception at pc = 0x000001803e0556ec, stub =0x000001803da55a80
[2025-06-17T23:39:29.390+0300][2596][4892 ][debug][safepoint] ... found polling page loop exception at pc = 0x000001803e06abce, stub =0x000001803da56300
[2025-06-17T23:39:29.390+0300][2596][19412][debug][safepoint] ... found polling page loop exception at pc = 0x000001803e219bbf, stub =0x000001803da55a80
[2025-06-17T23:39:29.390+0300][2596][15388][info ][gc       ] GC(29) Pause Init Update Refs 0.008ms
[2025-06-17T23:39:29.390+0300][2596][15388][info ][safepoint] Safepoint "ShenandoahInitUpdateRefs", Time since last: 12101200 ns, Reaching safepoint: 352100 ns, Cleanup: 4600 ns, At safepoint: 62000 ns, Total: 418700 ns
[2025-06-17T23:39:29.398+0300][2596][22412][info ][gc       ] GC(29) Concurrent update references 6.704ms
[2025-06-17T23:39:29.398+0300][2596][15036][debug][safepoint] ... found polling page loop exception at pc = 0x000001803e058607, stub =0x000001803da56300
[2025-06-17T23:39:29.398+0300][2596][22396][debug][safepoint] ... found polling page loop exception at pc = 0x000001803e0556ec, stub =0x000001803da55a80
[2025-06-17T23:39:29.398+0300][2596][10348][debug][safepoint] ... found polling page loop exception at pc = 0x000001803e0556ec, stub =0x000001803da55a80
[2025-06-17T23:39:29.398+0300][2596][20896][debug][safepoint] ... found polling page loop exception at pc = 0x000001803e0584a0, stub =0x000001803da56300
[2025-06-17T23:39:29.398+0300][2596][19412][debug][safepoint] ... found polling page loop exception at pc = 0x000001803e0584a0, stub =0x000001803da56300
[2025-06-17T23:39:29.398+0300][2596][2404 ][debug][safepoint] ... found polling page loop exception at pc = 0x000001803e0556ec, stub =0x000001803da55a80
[2025-06-17T23:39:29.398+0300][2596][22512][debug][safepoint] ... found polling page loop exception at pc = 0x000001803e0556ec, stub =0x000001803da55a80
[2025-06-17T23:39:29.400+0300][2596][22412][info ][gc       ] GC(29) Concurrent update thread roots 1.564ms
[2025-06-17T23:39:29.400+0300][2596][15388][debug][safepoint] Safepoint synchronization initiated using striped semaphore wait barrier. (19 threads)
[2025-06-17T23:39:29.400+0300][2596][20896][debug][safepoint] ... found polling page loop exception at pc = 0x000001803e06abce, stub =0x000001803da56300
[2025-06-17T23:39:29.400+0300][2596][19412][debug][safepoint] ... found polling page loop exception at pc = 0x000001803e0584a0, stub =0x000001803da56300
[2025-06-17T23:39:29.400+0300][2596][10348][debug][safepoint] ... found polling page loop exception at pc = 0x000001803e0556ec, stub =0x000001803da55a80
[2025-06-17T23:39:29.400+0300][2596][22396][debug][safepoint] ... found polling page loop exception at pc = 0x000001803e0556ec, stub =0x000001803da55a80
[2025-06-17T23:39:29.400+0300][2596][15388][info ][gc       ] GC(29) Pause Final Update Refs 0.055ms
[2025-06-17T23:39:29.400+0300][2596][15388][info ][safepoint] Safepoint "ShenandoahFinalUpdateRefs", Time since last: 8427400 ns, Reaching safepoint: 241800 ns, Cleanup: 4500 ns, At safepoint: 115200 ns, Total: 361500 ns
[2025-06-17T23:39:29.400+0300][2596][22412][info ][gc       ] GC(29) Concurrent cleanup 255M->86M(2048M) 0.041ms
[2025-06-17T23:39:29.910+0300][2596][22412][info ][gc       ] Trigger: Average GC time (84.54 ms) is above the time for average allocation rate (2978 MB/s) to deplete free headroom (237M) (margin of error = 1.76)
[2025-06-17T23:39:29.910+0300][2596][22412][info ][gc       ] GC(30) Concurrent reset 1.052ms
[2025-06-17T23:39:29.910+0300][2596][15388][debug][safepoint] Safepoint synchronization initiated using striped semaphore wait barrier. (19 threads)
[2025-06-17T23:39:29.910+0300][2596][2404 ][debug][safepoint] ... found polling page loop exception at pc = 0x000001803e0556ec, stub =0x000001803da55a80
[2025-06-17T23:39:29.910+0300][2596][15036][debug][safepoint] ... found polling page loop exception at pc = 0x000001803e0556ec, stub =0x000001803da55a80
[2025-06-17T23:39:29.910+0300][2596][10348][debug][safepoint] ... found polling page loop exception at pc = 0x000001803e0556ec, stub =0x000001803da55a80
[2025-06-17T23:39:29.910+0300][2596][22396][debug][safepoint] ... found polling page loop exception at pc = 0x000001803e06abce, stub =0x000001803da56300
[2025-06-17T23:39:29.910+0300][2596][22512][debug][safepoint] ... found polling page loop exception at pc = 0x000001803e06abce, stub =0x000001803da56300
[2025-06-17T23:39:29.910+0300][2596][19412][debug][safepoint] ... found polling page loop exception at pc = 0x000001803e058607, stub =0x000001803da56300
[2025-06-17T23:39:29.910+0300][2596][15388][info ][gc       ] GC(30) Pause Init Mark (unload classes) 0.029ms
[2025-06-17T23:39:29.910+0300][2596][15388][info ][safepoint] Safepoint "ShenandoahInitMark", Time since last: 511034199 ns, Reaching safepoint: 413200 ns, Cleanup: 6801 ns, At safepoint: 85899 ns, Total: 505900 ns
[2025-06-17T23:39:29.910+0300][2596][22412][info ][gc       ] GC(30) Concurrent marking roots 0.154ms
[2025-06-17T23:39:29.915+0300][2596][4892 ][debug][safepoint] ... found polling page loop exception at pc = 0x000001803e0556ec, stub =0x000001803da55a80
[2025-06-17T23:39:29.915+0300][2596][22396][debug][safepoint] ... found polling page loop exception at pc = 0x000001803e0556ec, stub =0x000001803da55a80
[2025-06-17T23:39:29.915+0300][2596][20896][debug][safepoint] ... found polling page loop exception at pc = 0x000001803e0556ec, stub =0x000001803da55a80
[2025-06-17T23:39:29.915+0300][2596][10348][debug][safepoint] ... found polling page loop exception at pc = 0x000001803e06abce, stub =0x000001803da56300
[2025-06-17T23:39:29.915+0300][2596][15036][debug][safepoint] ... found polling page loop exception at pc = 0x000001803e0556ec, stub =0x000001803da55a80
[2025-06-17T23:39:29.915+0300][2596][19412][debug][safepoint] ... found polling page loop exception at pc = 0x000001803e0556ec, stub =0x000001803da55a80
[2025-06-17T23:39:29.915+0300][2596][22512][debug][safepoint] ... found polling page loop exception at pc = 0x000001803e0556ec, stub =0x000001803da55a80
[2025-06-17T23:39:29.917+0300][2596][4892 ][debug][safepoint] ... found polling page loop exception at pc = 0x000001803e0556ec, stub =0x000001803da55a80
[2025-06-17T23:39:29.917+0300][2596][10348][debug][safepoint] ... found polling page loop exception at pc = 0x000001803e0556ec, stub =0x000001803da55a80
[2025-06-17T23:39:29.917+0300][2596][20896][debug][safepoint] ... found polling page loop exception at pc = 0x000001803e0556ec, stub =0x000001803da55a80
[2025-06-17T23:39:29.917+0300][2596][19412][debug][safepoint] ... found polling page loop exception at pc = 0x000001803e0584a0, stub =0x000001803da56300
[2025-06-17T23:39:29.917+0300][2596][2404 ][debug][safepoint] ... found polling page loop exception at pc = 0x000001803e0706fb, stub =0x000001803da56300
[2025-06-17T23:39:29.917+0300][2596][15036][debug][safepoint] ... found polling page loop exception at pc = 0x000001803e0556ec, stub =0x000001803da55a80
[2025-06-17T23:39:29.917+0300][2596][10348][debug][safepoint] ... found polling page loop exception at pc = 0x000001803e0556ec, stub =0x000001803da55a80
[2025-06-17T23:39:29.917+0300][2596][4892 ][debug][safepoint] ... found polling page loop exception at pc = 0x000001803e07ec94, stub =0x000001803da56300
[2025-06-17T23:39:29.917+0300][2596][22512][debug][safepoint] ... found polling page loop exception at pc = 0x000001803e0556ec, stub =0x000001803da55a80
[2025-06-17T23:39:29.917+0300][2596][2404 ][debug][safepoint] ... found polling page loop exception at pc = 0x000001803e0706fb, stub =0x000001803da56300
[2025-06-17T23:39:29.917+0300][2596][20896][debug][safepoint] ... found polling page loop exception at pc = 0x000001803e0706fb, stub =0x000001803da56300
[2025-06-17T23:39:29.919+0300][2596][22412][info ][gc       ] GC(30) Concurrent marking (unload classes) 8.524ms
[2025-06-17T23:39:29.919+0300][2596][15388][debug][safepoint] Safepoint synchronization initiated using striped semaphore wait barrier. (19 threads)
[2025-06-17T23:39:29.919+0300][2596][20896][debug][safepoint] ... found polling page loop exception at pc = 0x000001803e0556ec, stub =0x000001803da55a80
[2025-06-17T23:39:29.919+0300][2596][10348][debug][safepoint] ... found polling page loop exception at pc = 0x000001803e0556ec, stub =0x000001803da55a80
[2025-06-17T23:39:29.919+0300][2596][4892 ][debug][safepoint] ... found polling page loop exception at pc = 0x000001803e0556ec, stub =0x000001803da55a80
[2025-06-17T23:39:29.919+0300][2596][15036][debug][safepoint] ... found polling page loop exception at pc = 0x000001803e0556ec, stub =0x000001803da55a80
[2025-06-17T23:39:29.919+0300][2596][22512][debug][safepoint] ... found polling page loop exception at pc = 0x000001803e0556ec, stub =0x000001803da55a80
[2025-06-17T23:39:29.919+0300][2596][2404 ][debug][safepoint] ... found polling page loop exception at pc = 0x000001803e0556ec, stub =0x000001803da55a80
[2025-06-17T23:39:29.919+0300][2596][19412][debug][safepoint] ... found polling page loop exception at pc = 0x000001803e18899e, stub =0x000001803da56300
[2025-06-17T23:39:29.919+0300][2596][15388][info ][gc       ] GC(30) Pause Final Mark (unload classes) 0.146ms
[2025-06-17T23:39:29.919+0300][2596][15388][info ][safepoint] Safepoint "ShenandoahFinalMarkStartEvac", Time since last: 8833301 ns, Reaching safepoint: 331500 ns, Cleanup: 10799 ns, At safepoint: 195400 ns, Total: 537699 ns
[2025-06-17T23:39:29.919+0300][2596][22412][info ][gc       ] GC(30) Concurrent thread roots 0.164ms
[2025-06-17T23:39:29.919+0300][2596][22412][info ][gc       ] GC(30) Concurrent weak references 0.137ms
[2025-06-17T23:39:29.919+0300][2596][4892 ][debug][safepoint] ... found polling page loop exception at pc = 0x000001803e08181a, stub =0x000001803da55a80
[2025-06-17T23:39:29.919+0300][2596][22396][debug][safepoint] ... found polling page loop exception at pc = 0x000001803e0556ec, stub =0x000001803da55a80
[2025-06-17T23:39:29.919+0300][2596][19412][debug][safepoint] ... found polling page loop exception at pc = 0x000001803e0556ec, stub =0x000001803da55a80
[2025-06-17T23:39:29.923+0300][2596][22412][info ][gc       ] GC(30) Concurrent weak roots 2.910ms
[2025-06-17T23:39:29.923+0300][2596][22412][info ][gc       ] GC(30) Concurrent cleanup 1638M->211M(2048M) 0.160ms
[2025-06-17T23:39:29.923+0300][2596][22412][debug][gc,phases] GC(30) ClassLoaderData 0.011ms
[2025-06-17T23:39:29.923+0300][2596][22412][debug][gc,phases] GC(30) Trigger cleanups 0.000ms
[2025-06-17T23:39:29.926+0300][2596][20896][debug][safepoint] ... found polling page loop exception at pc = 0x000001803e05a45d, stub =0x000001803da56300
[2025-06-17T23:39:29.926+0300][2596][10348][debug][safepoint] ... found polling page loop exception at pc = 0x000001803e0556ec, stub =0x000001803da55a80
[2025-06-17T23:39:29.926+0300][2596][19412][debug][safepoint] ... found polling page loop exception at pc = 0x000001803e0556ec, stub =0x000001803da55a80
[2025-06-17T23:39:29.926+0300][2596][2404 ][debug][safepoint] ... found polling page loop exception at pc = 0x000001803e0556ec, stub =0x000001803da55a80
[2025-06-17T23:39:29.926+0300][2596][22512][debug][safepoint] ... found polling page loop exception at pc = 0x000001803e06abce, stub =0x000001803da56300
[2025-06-17T23:39:29.926+0300][2596][15036][debug][safepoint] ... found polling page loop exception at pc = 0x000001803e219bbf, stub =0x000001803da55a80
[2025-06-17T23:39:29.926+0300][2596][22412][info ][gc       ] GC(30) Concurrent class unloading 2.749ms
[2025-06-17T23:39:29.926+0300][2596][22412][info ][gc       ] GC(30) Concurrent strong roots 0.187ms
[2025-06-17T23:39:29.928+0300][2596][22412][info ][gc       ] GC(30) Concurrent evacuation 1.395ms
[2025-06-17T23:39:29.928+0300][2596][15388][debug][safepoint] Safepoint synchronization initiated using striped semaphore wait barrier. (19 threads)
[2025-06-17T23:39:29.928+0300][2596][19412][debug][safepoint] ... found polling page loop exception at pc = 0x000001803e0556ec, stub =0x000001803da55a80
[2025-06-17T23:39:29.928+0300][2596][22512][debug][safepoint] ... found polling page loop exception at pc = 0x000001803e0556ec, stub =0x000001803da55a80
[2025-06-17T23:39:29.928+0300][2596][4892 ][debug][safepoint] ... found polling page loop exception at pc = 0x000001803e058607, stub =0x000001803da56300
[2025-06-17T23:39:29.928+0300][2596][15036][debug][safepoint] ... found polling page loop exception at pc = 0x000001803e058607, stub =0x000001803da56300
[2025-06-17T23:39:29.928+0300][2596][2404 ][debug][safepoint] ... found polling page loop exception at pc = 0x000001803e0e8a02, stub =0x000001803da55a80
[2025-06-17T23:39:29.928+0300][2596][20896][debug][safepoint] ... found polling page loop exception at pc = 0x000001803e0556ec, stub =0x000001803da55a80
[2025-06-17T23:39:29.928+0300][2596][15388][info ][gc       ] GC(30) Pause Init Update Refs 0.009ms
[2025-06-17T23:39:29.928+0300][2596][15388][info ][safepoint] Safepoint "ShenandoahInitUpdateRefs", Time since last: 8069201 ns, Reaching safepoint: 307200 ns, Cleanup: 5599 ns, At safepoint: 69701 ns, Total: 382500 ns
[2025-06-17T23:39:29.935+0300][2596][22412][info ][gc       ] GC(30) Concurrent update references 6.606ms
[2025-06-17T23:39:29.935+0300][2596][10348][debug][safepoint] ... found polling page loop exception at pc = 0x000001803e0556ec, stub =0x000001803da55a80
[2025-06-17T23:39:29.935+0300][2596][2404 ][debug][safepoint] ... found polling page loop exception at pc = 0x000001803e0c9246, stub =0x000001803da56300
[2025-06-17T23:39:29.935+0300][2596][22396][debug][safepoint] ... found polling page loop exception at pc = 0x000001803e0e10b1, stub =0x000001803da56300
[2025-06-17T23:39:29.935+0300][2596][19412][debug][safepoint] ... found polling page loop exception at pc = 0x000001803e0556ec, stub =0x000001803da55a80
[2025-06-17T23:39:29.935+0300][2596][22512][debug][safepoint] ... found polling page loop exception at pc = 0x000001803e0556ec, stub =0x000001803da55a80
[2025-06-17T23:39:29.957+0300][2596][22412][info ][gc       ] GC(30) Concurrent update thread roots 20.983ms
[2025-06-17T23:39:29.957+0300][2596][15388][debug][safepoint] Safepoint synchronization initiated using striped semaphore wait barrier. (19 threads)
[2025-06-17T23:39:29.957+0300][2596][22512][debug][safepoint] ... found polling page loop exception at pc = 0x000001803e0706fb, stub =0x000001803da56300
[2025-06-17T23:39:29.957+0300][2596][2404 ][debug][safepoint] ... found polling page loop exception at pc = 0x000001803e0584a0, stub =0x000001803da56300
[2025-06-17T23:39:29.957+0300][2596][15036][debug][safepoint] ... found polling page loop exception at pc = 0x000001803e0556ec, stub =0x000001803da55a80
[2025-06-17T23:39:29.957+0300][2596][22396][debug][safepoint] ... found polling page loop exception at pc = 0x000001803e0556ec, stub =0x000001803da55a80
[2025-06-17T23:39:29.957+0300][2596][19412][debug][safepoint] ... found polling page loop exception at pc = 0x000001803e0f5475, stub =0x000001803da55a80
[2025-06-17T23:39:29.957+0300][2596][10348][debug][safepoint] ... found polling page loop exception at pc = 0x000001803e0556ec, stub =0x000001803da55a80
[2025-06-17T23:39:29.957+0300][2596][15388][info ][gc       ] GC(30) Pause Final Update Refs 0.068ms
[2025-06-17T23:39:29.957+0300][2596][15388][info ][safepoint] Safepoint "ShenandoahFinalUpdateRefs", Time since last: 27789099 ns, Reaching safepoint: 357101 ns, Cleanup: 6600 ns, At safepoint: 142200 ns, Total: 505901 ns
[2025-06-17T23:39:29.957+0300][2596][22412][info ][gc       ] GC(30) Concurrent cleanup 285M->116M(2048M) 0.044ms
[2025-06-17T23:39:30.558+0300][2596][22412][info ][gc       ] Trigger: Average GC time (73.43 ms) is above the time for average allocation rate (2574 MB/s) to deplete free headroom (145M) (margin of error = 1.75)
[2025-06-17T23:39:30.558+0300][2596][22412][info ][gc       ] GC(31) Concurrent reset 0.921ms
[2025-06-17T23:39:30.558+0300][2596][15388][debug][safepoint] Safepoint synchronization initiated using striped semaphore wait barrier. (19 threads)
[2025-06-17T23:39:30.558+0300][2596][19412][debug][safepoint] ... found polling page loop exception at pc = 0x000001803e0584a0, stub =0x000001803da56300
[2025-06-17T23:39:30.558+0300][2596][10348][debug][safepoint] ... found polling page loop exception at pc = 0x000001803e0556ec, stub =0x000001803da55a80
[2025-06-17T23:39:30.558+0300][2596][2404 ][debug][safepoint] ... found polling page loop exception at pc = 0x000001803e058607, stub =0x000001803da56300
[2025-06-17T23:39:30.558+0300][2596][22512][debug][safepoint] ... found polling page loop exception at pc = 0x000001803e0556ec, stub =0x000001803da55a80
[2025-06-17T23:39:30.558+0300][2596][4892 ][debug][safepoint] ... found polling page loop exception at pc = 0x000001803e1753df, stub =0x000001803da56300
[2025-06-17T23:39:30.558+0300][2596][15388][info ][gc       ] GC(31) Pause Init Mark (unload classes) 0.038ms
[2025-06-17T23:39:30.558+0300][2596][15388][info ][safepoint] Safepoint "ShenandoahInitMark", Time since last: 601841500 ns, Reaching safepoint: 323700 ns, Cleanup: 15400 ns, At safepoint: 109099 ns, Total: 448199 ns
[2025-06-17T23:39:30.558+0300][2596][22412][info ][gc       ] GC(31) Concurrent marking roots 0.169ms
[2025-06-17T23:39:30.562+0300][2596][22512][debug][safepoint] ... found polling page loop exception at pc = 0x000001803e0f528b, stub =0x000001803da55a80
[2025-06-17T23:39:30.562+0300][2596][15036][debug][safepoint] ... found polling page loop exception at pc = 0x000001803e08b018, stub =0x000001803da56300
[2025-06-17T23:39:30.562+0300][2596][19412][debug][safepoint] ... found polling page loop exception at pc = 0x000001803e058607, stub =0x000001803da56300
[2025-06-17T23:39:30.562+0300][2596][20896][debug][safepoint] ... found polling page loop exception at pc = 0x000001803e0556ec, stub =0x000001803da55a80
[2025-06-17T23:39:30.562+0300][2596][10348][debug][safepoint] ... found polling page loop exception at pc = 0x000001803e0556ec, stub =0x000001803da55a80
[2025-06-17T23:39:30.562+0300][2596][22396][debug][safepoint] ... found polling page loop exception at pc = 0x000001803e0556ec, stub =0x000001803da55a80
[2025-06-17T23:39:30.568+0300][2596][4892 ][debug][safepoint] ... found polling page loop exception at pc = 0x000001803e0556ec, stub =0x000001803da55a80
[2025-06-17T23:39:30.568+0300][2596][22512][debug][safepoint] ... found polling page loop exception at pc = 0x000001803e0556ec, stub =0x000001803da55a80
[2025-06-17T23:39:30.568+0300][2596][22396][debug][safepoint] ... found polling page loop exception at pc = 0x000001803e0556ec, stub =0x000001803da55a80
[2025-06-17T23:39:30.568+0300][2596][20896][debug][safepoint] ... found polling page loop exception at pc = 0x000001803e096f0b, stub =0x000001803da55a80
[2025-06-17T23:39:30.568+0300][2596][19412][debug][safepoint] ... found polling page loop exception at pc = 0x000001803e0556ec, stub =0x000001803da55a80
[2025-06-17T23:39:30.568+0300][2596][4892 ][debug][safepoint] ... found polling page loop exception at pc = 0x000001803e0556ec, stub =0x000001803da55a80
[2025-06-17T23:39:30.568+0300][2596][22512][debug][safepoint] ... found polling page loop exception at pc = 0x000001803e0556ec, stub =0x000001803da55a80
[2025-06-17T23:39:30.568+0300][2596][2404 ][debug][safepoint] ... found polling page loop exception at pc = 0x000001803e0556ec, stub =0x000001803da55a80
[2025-06-17T23:39:30.568+0300][2596][22396][debug][safepoint] ... found polling page loop exception at pc = 0x000001803e06abce, stub =0x000001803da56300
[2025-06-17T23:39:30.568+0300][2596][22412][info ][gc       ] GC(31) Concurrent marking (unload classes) 9.782ms
[2025-06-17T23:39:30.568+0300][2596][15388][debug][safepoint] Safepoint synchronization initiated using striped semaphore wait barrier. (19 threads)
[2025-06-17T23:39:30.568+0300][2596][4892 ][debug][safepoint] ... found polling page loop exception at pc = 0x000001803e12c7ad, stub =0x000001803da56300
[2025-06-17T23:39:30.568+0300][2596][10348][debug][safepoint] ... found polling page loop exception at pc = 0x000001803e0556ec, stub =0x000001803da55a80
[2025-06-17T23:39:30.568+0300][2596][22512][debug][safepoint] ... found polling page loop exception at pc = 0x000001803e0556ec, stub =0x000001803da55a80
[2025-06-17T23:39:30.568+0300][2596][20896][debug][safepoint] ... found polling page loop exception at pc = 0x000001803e0556ec, stub =0x000001803da55a80
[2025-06-17T23:39:30.568+0300][2596][2404 ][debug][safepoint] ... found polling page loop exception at pc = 0x000001803e06abce, stub =0x000001803da56300
[2025-06-17T23:39:30.568+0300][2596][22396][debug][safepoint] ... found polling page loop exception at pc = 0x000001803e0556ec, stub =0x000001803da55a80
[2025-06-17T23:39:30.570+0300][2596][15388][info ][gc       ] GC(31) Pause Final Mark (unload classes) 0.156ms
[2025-06-17T23:39:30.570+0300][2596][15388][info ][safepoint] Safepoint "ShenandoahFinalMarkStartEvac", Time since last: 10103701 ns, Reaching safepoint: 263200 ns, Cleanup: 5600 ns, At safepoint: 216900 ns, Total: 485700 ns
[2025-06-17T23:39:30.570+0300][2596][22412][info ][gc       ] GC(31) Concurrent thread roots 0.221ms
[2025-06-17T23:39:30.570+0300][2596][22412][info ][gc       ] GC(31) Concurrent weak references 0.153ms
[2025-06-17T23:39:30.570+0300][2596][22396][debug][safepoint] ... found polling page loop exception at pc = 0x000001803e0556ec, stub =0x000001803da55a80
[2025-06-17T23:39:30.570+0300][2596][15036][debug][safepoint] ... found polling page loop exception at pc = 0x000001803e0556ec, stub =0x000001803da55a80
[2025-06-17T23:39:30.570+0300][2596][2404 ][debug][safepoint] ... found polling page loop exception at pc = 0x000001803e0556ec, stub =0x000001803da55a80
[2025-06-17T23:39:30.570+0300][2596][4892 ][debug][safepoint] ... found polling page loop exception at pc = 0x000001803e0556ec, stub =0x000001803da55a80
[2025-06-17T23:39:30.570+0300][2596][19412][debug][safepoint] ... found polling page loop exception at pc = 0x000001803e0556ec, stub =0x000001803da55a80
[2025-06-17T23:39:30.570+0300][2596][20896][debug][safepoint] ... found polling page loop exception at pc = 0x000001803e0a3218, stub =0x000001803da56300
[2025-06-17T23:39:30.574+0300][2596][22412][info ][gc       ] GC(31) Concurrent weak roots 3.079ms
[2025-06-17T23:39:30.574+0300][2596][22412][info ][gc       ] GC(31) Concurrent cleanup 1734M->224M(2048M) 0.167ms
[2025-06-17T23:39:30.574+0300][2596][22412][debug][gc,phases] GC(31) ClassLoaderData 0.010ms
[2025-06-17T23:39:30.574+0300][2596][22412][debug][gc,phases] GC(31) Trigger cleanups 0.001ms
[2025-06-17T23:39:30.576+0300][2596][10348][debug][safepoint] ... found polling page loop exception at pc = 0x000001803e0556ec, stub =0x000001803da55a80
[2025-06-17T23:39:30.576+0300][2596][22396][debug][safepoint] ... found polling page loop exception at pc = 0x000001803e2191e0, stub =0x000001803da55a80
[2025-06-17T23:39:30.576+0300][2596][15036][debug][safepoint] ... found polling page loop exception at pc = 0x000001803e0556ec, stub =0x000001803da55a80
[2025-06-17T23:39:30.576+0300][2596][2404 ][debug][safepoint] ... found polling page loop exception at pc = 0x000001803e0556ec, stub =0x000001803da55a80
[2025-06-17T23:39:30.576+0300][2596][4892 ][debug][safepoint] ... found polling page loop exception at pc = 0x000001803e0556ec, stub =0x000001803da55a80
[2025-06-17T23:39:30.576+0300][2596][20896][debug][safepoint] ... found polling page loop exception at pc = 0x000001803e0556ec, stub =0x000001803da55a80
[2025-06-17T23:39:30.578+0300][2596][22412][info ][gc       ] GC(31) Concurrent class unloading 4.792ms
[2025-06-17T23:39:30.578+0300][2596][22412][info ][gc       ] GC(31) Concurrent strong roots 0.202ms
[2025-06-17T23:39:30.580+0300][2596][22412][info ][gc       ] GC(31) Concurrent evacuation 1.490ms
[2025-06-17T23:39:30.580+0300][2596][15388][debug][safepoint] Safepoint synchronization initiated using striped semaphore wait barrier. (19 threads)
[2025-06-17T23:39:30.580+0300][2596][2404 ][debug][safepoint] ... found polling page loop exception at pc = 0x000001803e219bbf, stub =0x000001803da55a80
[2025-06-17T23:39:30.580+0300][2596][10348][debug][safepoint] ... found polling page loop exception at pc = 0x000001803e096f0b, stub =0x000001803da55a80
[2025-06-17T23:39:30.580+0300][2596][19412][debug][safepoint] ... found polling page loop exception at pc = 0x000001803e0c6885, stub =0x000001803da56300
[2025-06-17T23:39:30.580+0300][2596][22512][debug][safepoint] ... found polling page loop exception at pc = 0x000001803e0556ec, stub =0x000001803da55a80
[2025-06-17T23:39:30.580+0300][2596][20896][debug][safepoint] ... found polling page loop exception at pc = 0x000001803e2191e0, stub =0x000001803da55a80
[2025-06-17T23:39:30.580+0300][2596][15388][info ][gc       ] GC(31) Pause Init Update Refs 0.009ms
[2025-06-17T23:39:30.580+0300][2596][15388][info ][safepoint] Safepoint "ShenandoahInitUpdateRefs", Time since last: 10445600 ns, Reaching safepoint: 290600 ns, Cleanup: 5200 ns, At safepoint: 74200 ns, Total: 370000 ns
[2025-06-17T23:39:30.589+0300][2596][22412][info ][gc       ] GC(31) Concurrent update references 7.997ms
[2025-06-17T23:39:30.589+0300][2596][10348][debug][safepoint] ... found polling page loop exception at pc = 0x000001803e06abce, stub =0x000001803da56300
[2025-06-17T23:39:30.589+0300][2596][2404 ][debug][safepoint] ... found polling page loop exception at pc = 0x000001803e0556ec, stub =0x000001803da55a80
[2025-06-17T23:39:30.589+0300][2596][19412][debug][safepoint] ... found polling page loop exception at pc = 0x000001803e058607, stub =0x000001803da56300
[2025-06-17T23:39:30.589+0300][2596][4892 ][debug][safepoint] ... found polling page loop exception at pc = 0x000001803e0556ec, stub =0x000001803da55a80
[2025-06-17T23:39:30.589+0300][2596][15036][debug][safepoint] ... found polling page loop exception at pc = 0x000001803e0556ec, stub =0x000001803da55a80
[2025-06-17T23:39:30.589+0300][2596][22396][debug][safepoint] ... found polling page loop exception at pc = 0x000001803e0547fb, stub =0x000001803da55a80
[2025-06-17T23:39:30.589+0300][2596][22512][debug][safepoint] ... found polling page loop exception at pc = 0x000001803e0556ec, stub =0x000001803da55a80
[2025-06-17T23:39:30.602+0300][2596][22412][info ][gc       ] GC(31) Concurrent update thread roots 13.924ms
[2025-06-17T23:39:30.602+0300][2596][15388][debug][safepoint] Safepoint synchronization initiated using striped semaphore wait barrier. (19 threads)
[2025-06-17T23:39:30.602+0300][2596][10348][debug][safepoint] ... found polling page loop exception at pc = 0x000001803e0556ec, stub =0x000001803da55a80
[2025-06-17T23:39:30.602+0300][2596][4892 ][debug][safepoint] ... found polling page loop exception at pc = 0x000001803e0556ec, stub =0x000001803da55a80
[2025-06-17T23:39:30.602+0300][2596][2404 ][debug][safepoint] ... found polling page loop exception at pc = 0x000001803e0706fb, stub =0x000001803da56300
[2025-06-17T23:39:30.602+0300][2596][22396][debug][safepoint] ... found polling page loop exception at pc = 0x000001803e0556ec, stub =0x000001803da55a80
[2025-06-17T23:39:30.602+0300][2596][15036][debug][safepoint] ... found polling page loop exception at pc = 0x000001803e0556ec, stub =0x000001803da55a80
[2025-06-17T23:39:30.602+0300][2596][22512][debug][safepoint] ... found polling page loop exception at pc = 0x000001803e06abce, stub =0x000001803da56300
[2025-06-17T23:39:30.602+0300][2596][19412][debug][safepoint] ... found polling page loop exception at pc = 0x000001803e0556ec, stub =0x000001803da55a80
[2025-06-17T23:39:30.602+0300][2596][15388][info ][gc       ] GC(31) Pause Final Update Refs 0.060ms
[2025-06-17T23:39:30.602+0300][2596][15388][info ][safepoint] Safepoint "ShenandoahFinalUpdateRefs", Time since last: 22112000 ns, Reaching safepoint: 419400 ns, Cleanup: 6500 ns, At safepoint: 130400 ns, Total: 556300 ns
[2025-06-17T23:39:30.602+0300][2596][22412][info ][gc       ] GC(31) Concurrent cleanup 291M->115M(2048M) 0.042ms
[2025-06-17T23:39:31.207+0300][2596][22412][info ][gc       ] Trigger: Average GC time (64.80 ms) is above the time for average allocation rate (2430 MB/s) to deplete free headroom (150M) (margin of error = 1.74)
[2025-06-17T23:39:31.207+0300][2596][22412][info ][gc       ] GC(32) Concurrent reset 0.993ms
[2025-06-17T23:39:31.207+0300][2596][15388][debug][safepoint] Safepoint synchronization initiated using striped semaphore wait barrier. (19 threads)
[2025-06-17T23:39:31.207+0300][2596][22512][debug][safepoint] ... found polling page loop exception at pc = 0x000001803e0556ec, stub =0x000001803da55a80
[2025-06-17T23:39:31.207+0300][2596][19412][debug][safepoint] ... found polling page loop exception at pc = 0x000001803e0766b0, stub =0x000001803da56300
[2025-06-17T23:39:31.207+0300][2596][15036][debug][safepoint] ... found polling page loop exception at pc = 0x000001803e219bbf, stub =0x000001803da55a80
[2025-06-17T23:39:31.207+0300][2596][4892 ][debug][safepoint] ... found polling page loop exception at pc = 0x000001803e07ec94, stub =0x000001803da56300
[2025-06-17T23:39:31.207+0300][2596][22396][debug][safepoint] ... found polling page loop exception at pc = 0x000001803e0556ec, stub =0x000001803da55a80
[2025-06-17T23:39:31.207+0300][2596][15388][info ][gc       ] GC(32) Pause Init Mark (unload classes) 0.050ms
[2025-06-17T23:39:31.207+0300][2596][15388][info ][safepoint] Safepoint "ShenandoahInitMark", Time since last: 603960900 ns, Reaching safepoint: 339299 ns, Cleanup: 16201 ns, At safepoint: 124400 ns, Total: 479900 ns
[2025-06-17T23:39:31.207+0300][2596][22412][info ][gc       ] GC(32) Concurrent marking roots 0.187ms
[2025-06-17T23:39:31.212+0300][2596][22396][debug][safepoint] ... found polling page loop exception at pc = 0x000001803e0556ec, stub =0x000001803da55a80
[2025-06-17T23:39:31.212+0300][2596][22512][debug][safepoint] ... found polling page loop exception at pc = 0x000001803e0768b9, stub =0x000001803da56300
[2025-06-17T23:39:31.212+0300][2596][2404 ][debug][safepoint] ... found polling page loop exception at pc = 0x000001803e0556ec, stub =0x000001803da55a80
[2025-06-17T23:39:31.212+0300][2596][4892 ][debug][safepoint] ... found polling page loop exception at pc = 0x000001803e08181a, stub =0x000001803da55a80
[2025-06-17T23:39:31.212+0300][2596][19412][debug][safepoint] ... found polling page loop exception at pc = 0x000001803e0556ec, stub =0x000001803da55a80
[2025-06-17T23:39:31.212+0300][2596][20896][debug][safepoint] ... found polling page loop exception at pc = 0x000001803e219bbf, stub =0x000001803da55a80
[2025-06-17T23:39:31.222+0300][2596][19412][debug][safepoint] ... found polling page loop exception at pc = 0x000001803e0556ec, stub =0x000001803da55a80
[2025-06-17T23:39:31.222+0300][2596][15036][debug][safepoint] ... found polling page loop exception at pc = 0x000001803e058607, stub =0x000001803da56300
[2025-06-17T23:39:31.222+0300][2596][10348][debug][safepoint] ... found polling page loop exception at pc = 0x000001803e0556ec, stub =0x000001803da55a80
[2025-06-17T23:39:31.222+0300][2596][4892 ][debug][safepoint] ... found polling page loop exception at pc = 0x000001803e058607, stub =0x000001803da56300
[2025-06-17T23:39:31.222+0300][2596][20896][debug][safepoint] ... found polling page loop exception at pc = 0x000001803e0556ec, stub =0x000001803da55a80
[2025-06-17T23:39:31.228+0300][2596][22412][info ][gc       ] GC(32) Concurrent marking (unload classes) 20.963ms
[2025-06-17T23:39:31.228+0300][2596][15388][debug][safepoint] Safepoint synchronization initiated using striped semaphore wait barrier. (19 threads)
[2025-06-17T23:39:31.228+0300][2596][2404 ][debug][safepoint] ... found polling page loop exception at pc = 0x000001803e0556ec, stub =0x000001803da55a80
[2025-06-17T23:39:31.228+0300][2596][4892 ][debug][safepoint] ... found polling page loop exception at pc = 0x000001803e0556ec, stub =0x000001803da55a80
[2025-06-17T23:39:31.228+0300][2596][19412][debug][safepoint] ... found polling page loop exception at pc = 0x000001803e058607, stub =0x000001803da56300
[2025-06-17T23:39:31.228+0300][2596][22396][debug][safepoint] ... found polling page loop exception at pc = 0x000001803e2191e0, stub =0x000001803da55a80
[2025-06-17T23:39:31.228+0300][2596][15036][debug][safepoint] ... found polling page loop exception at pc = 0x000001803e219bbf, stub =0x000001803da55a80
[2025-06-17T23:39:31.228+0300][2596][20896][debug][safepoint] ... found polling page loop exception at pc = 0x000001803e2191e0, stub =0x000001803da55a80
[2025-06-17T23:39:31.230+0300][2596][15388][info ][gc       ] GC(32) Pause Final Mark (unload classes) 0.180ms
[2025-06-17T23:39:31.230+0300][2596][15388][info ][safepoint] Safepoint "ShenandoahFinalMarkStartEvac", Time since last: 21324400 ns, Reaching safepoint: 372499 ns, Cleanup: 15501 ns, At safepoint: 246400 ns, Total: 634400 ns
[2025-06-17T23:39:31.230+0300][2596][22412][info ][gc       ] GC(32) Concurrent thread roots 0.214ms
[2025-06-17T23:39:31.230+0300][2596][22412][info ][gc       ] GC(32) Concurrent weak references 0.157ms
[2025-06-17T23:39:31.230+0300][2596][4892 ][debug][safepoint] ... found polling page loop exception at pc = 0x000001803e0556ec, stub =0x000001803da55a80
[2025-06-17T23:39:31.230+0300][2596][10348][debug][safepoint] ... found polling page loop exception at pc = 0x000001803e0556ec, stub =0x000001803da55a80
[2025-06-17T23:39:31.230+0300][2596][19412][debug][safepoint] ... found polling page loop exception at pc = 0x000001803e0556ec, stub =0x000001803da55a80
[2025-06-17T23:39:31.240+0300][2596][22396][debug][safepoint] ... found polling page loop exception at pc = 0x000001803e0556ec, stub =0x000001803da55a80
[2025-06-17T23:39:31.254+0300][2596][22412][info ][gc       ] GC(32) Concurrent weak roots 23.063ms
[2025-06-17T23:39:31.254+0300][2596][22412][info ][gc       ] GC(32) Concurrent cleanup 1786M->276M(2048M) 0.175ms
[2025-06-17T23:39:31.254+0300][2596][22412][debug][gc,phases] GC(32) ClassLoaderData 0.018ms
[2025-06-17T23:39:31.254+0300][2596][22412][debug][gc,phases] GC(32) Trigger cleanups 0.000ms
[2025-06-17T23:39:31.256+0300][2596][20896][debug][safepoint] ... found polling page loop exception at pc = 0x000001803e0556ec, stub =0x000001803da55a80
[2025-06-17T23:39:31.256+0300][2596][15036][debug][safepoint] ... found polling page loop exception at pc = 0x000001803e06abce, stub =0x000001803da56300
[2025-06-17T23:39:31.256+0300][2596][10348][debug][safepoint] ... found polling page loop exception at pc = 0x000001803e0556ec, stub =0x000001803da55a80
[2025-06-17T23:39:31.256+0300][2596][4892 ][debug][safepoint] ... found polling page loop exception at pc = 0x000001803e0556ec, stub =0x000001803da55a80
[2025-06-17T23:39:31.256+0300][2596][2404 ][debug][safepoint] ... found polling page loop exception at pc = 0x000001803e0556ec, stub =0x000001803da55a80
[2025-06-17T23:39:31.256+0300][2596][22512][debug][safepoint] ... found polling page loop exception at pc = 0x000001803e0556ec, stub =0x000001803da55a80
[2025-06-17T23:39:31.256+0300][2596][22412][info ][gc       ] GC(32) Concurrent class unloading 3.077ms
[2025-06-17T23:39:31.256+0300][2596][22412][info ][gc       ] GC(32) Concurrent strong roots 0.209ms
[2025-06-17T23:39:31.258+0300][2596][22412][info ][gc       ] GC(32) Concurrent evacuation 1.287ms
[2025-06-17T23:39:31.258+0300][2596][15388][debug][safepoint] Safepoint synchronization initiated using striped semaphore wait barrier. (19 threads)
[2025-06-17T23:39:31.258+0300][2596][22396][debug][safepoint] ... found polling page loop exception at pc = 0x000001803e096f0b, stub =0x000001803da55a80
[2025-06-17T23:39:31.258+0300][2596][15036][debug][safepoint] ... found polling page loop exception at pc = 0x000001803e0556ec, stub =0x000001803da55a80
[2025-06-17T23:39:31.258+0300][2596][10348][debug][safepoint] ... found polling page loop exception at pc = 0x000001803e0556ec, stub =0x000001803da55a80
[2025-06-17T23:39:31.258+0300][2596][20896][debug][safepoint] ... found polling page loop exception at pc = 0x000001803e0556ec, stub =0x000001803da55a80
[2025-06-17T23:39:31.258+0300][2596][15388][info ][gc       ] GC(32) Pause Init Update Refs 0.011ms
[2025-06-17T23:39:31.258+0300][2596][15388][info ][safepoint] Safepoint "ShenandoahInitUpdateRefs", Time since last: 28596500 ns, Reaching safepoint: 281500 ns, Cleanup: 5400 ns, At safepoint: 77300 ns, Total: 364200 ns
[2025-06-17T23:39:31.274+0300][2596][22412][info ][gc       ] GC(32) Concurrent update references 14.430ms
[2025-06-17T23:39:31.274+0300][2596][10348][debug][safepoint] ... found polling page loop exception at pc = 0x000001803e2191e0, stub =0x000001803da55a80
[2025-06-17T23:39:31.274+0300][2596][19412][debug][safepoint] ... found polling page loop exception at pc = 0x000001803e0bc782, stub =0x000001803da56300
[2025-06-17T23:39:31.274+0300][2596][22396][debug][safepoint] ... found polling page loop exception at pc = 0x000001803e07ec94, stub =0x000001803da56300
[2025-06-17T23:39:31.274+0300][2596][20896][debug][safepoint] ... found polling page loop exception at pc = 0x000001803e133ca8, stub =0x000001803da56300
[2025-06-17T23:39:31.274+0300][2596][15036][debug][safepoint] ... found polling page loop exception at pc = 0x000001803e05bce7, stub =0x000001803da56300
[2025-06-17T23:39:31.274+0300][2596][2404 ][debug][safepoint] ... found polling page loop exception at pc = 0x000001803e0556ec, stub =0x000001803da55a80
[2025-06-17T23:39:31.274+0300][2596][4892 ][debug][safepoint] ... found polling page loop exception at pc = 0x000001803e0556ec, stub =0x000001803da55a80
[2025-06-17T23:39:31.274+0300][2596][22512][debug][safepoint] ... found polling page loop exception at pc = 0x000001803e0556ec, stub =0x000001803da55a80
[2025-06-17T23:39:31.286+0300][2596][22412][info ][gc       ] GC(32) Concurrent update thread roots 11.847ms
[2025-06-17T23:39:31.286+0300][2596][15388][debug][safepoint] Safepoint synchronization initiated using striped semaphore wait barrier. (19 threads)
[2025-06-17T23:39:31.286+0300][2596][10348][debug][safepoint] ... found polling page loop exception at pc = 0x000001803e0556ec, stub =0x000001803da55a80
[2025-06-17T23:39:31.286+0300][2596][4892 ][debug][safepoint] ... found polling page loop exception at pc = 0x000001803e0556ec, stub =0x000001803da55a80
[2025-06-17T23:39:31.286+0300][2596][2404 ][debug][safepoint] ... found polling page loop exception at pc = 0x000001803e0706fb, stub =0x000001803da56300
[2025-06-17T23:39:31.286+0300][2596][22396][debug][safepoint] ... found polling page loop exception at pc = 0x000001803e06abce, stub =0x000001803da56300
[2025-06-17T23:39:31.286+0300][2596][22512][debug][safepoint] ... found polling page loop exception at pc = 0x000001803e0556ec, stub =0x000001803da55a80
[2025-06-17T23:39:31.286+0300][2596][19412][debug][safepoint] ... found polling page loop exception at pc = 0x000001803e0556ec, stub =0x000001803da55a80
[2025-06-17T23:39:31.286+0300][2596][15388][info ][gc       ] GC(32) Pause Final Update Refs 0.083ms
[2025-06-17T23:39:31.286+0300][2596][15388][info ][safepoint] Safepoint "ShenandoahFinalUpdateRefs", Time since last: 26489199 ns, Reaching safepoint: 385301 ns, Cleanup: 8300 ns, At safepoint: 168100 ns, Total: 561701 ns
[2025-06-17T23:39:31.286+0300][2596][22412][info ][gc       ] GC(32) Concurrent cleanup 337M->167M(2048M) 0.055ms
[2025-06-17T23:39:31.855+0300][2596][22412][info ][gc       ] Trigger: Average GC time (94.54 ms) is above the time for average allocation rate (2607 MB/s) to deplete free headroom (208M) (margin of error = 1.75)
[2025-06-17T23:39:31.855+0300][2596][22412][info ][gc       ] GC(33) Concurrent reset 0.956ms
[2025-06-17T23:39:31.855+0300][2596][15388][debug][safepoint] Safepoint synchronization initiated using striped semaphore wait barrier. (19 threads)
[2025-06-17T23:39:31.855+0300][2596][22396][debug][safepoint] ... found polling page loop exception at pc = 0x000001803e0556ec, stub =0x000001803da55a80
[2025-06-17T23:39:31.855+0300][2596][22512][debug][safepoint] ... found polling page loop exception at pc = 0x000001803e06abce, stub =0x000001803da56300
[2025-06-17T23:39:31.855+0300][2596][2404 ][debug][safepoint] ... found polling page loop exception at pc = 0x000001803e0556ec, stub =0x000001803da55a80
[2025-06-17T23:39:31.855+0300][2596][15036][debug][safepoint] ... found polling page loop exception at pc = 0x000001803e0556ec, stub =0x000001803da55a80
[2025-06-17T23:39:31.855+0300][2596][19412][debug][safepoint] ... found polling page loop exception at pc = 0x000001803e0556ec, stub =0x000001803da55a80
[2025-06-17T23:39:31.855+0300][2596][20896][debug][safepoint] ... found polling page loop exception at pc = 0x000001803e0556ec, stub =0x000001803da55a80
[2025-06-17T23:39:31.855+0300][2596][15388][info ][gc       ] GC(33) Pause Init Mark (unload classes) 0.031ms
[2025-06-17T23:39:31.855+0300][2596][15388][info ][safepoint] Safepoint "ShenandoahInitMark", Time since last: 569169799 ns, Reaching safepoint: 353201 ns, Cleanup: 17099 ns, At safepoint: 82401 ns, Total: 452701 ns
[2025-06-17T23:39:31.855+0300][2596][22412][info ][gc       ] GC(33) Concurrent marking roots 0.135ms
[2025-06-17T23:39:31.861+0300][2596][15036][debug][safepoint] ... found polling page loop exception at pc = 0x000001803e0556ec, stub =0x000001803da55a80
[2025-06-17T23:39:31.861+0300][2596][2404 ][debug][safepoint] ... found polling page loop exception at pc = 0x000001803e0556ec, stub =0x000001803da55a80
[2025-06-17T23:39:31.861+0300][2596][4892 ][debug][safepoint] ... found polling page loop exception at pc = 0x000001803e07ec94, stub =0x000001803da56300
[2025-06-17T23:39:31.861+0300][2596][19412][debug][safepoint] ... found polling page loop exception at pc = 0x000001803e0556ec, stub =0x000001803da55a80
[2025-06-17T23:39:31.861+0300][2596][20896][debug][safepoint] ... found polling page loop exception at pc = 0x000001803e05bce7, stub =0x000001803da56300
[2025-06-17T23:39:31.861+0300][2596][22512][debug][safepoint] ... found polling page loop exception at pc = 0x000001803e0ec70c, stub =0x000001803da55a80
[2025-06-17T23:39:31.861+0300][2596][22396][debug][safepoint] ... found polling page loop exception at pc = 0x000001803e058607, stub =0x000001803da56300
[2025-06-17T23:39:31.861+0300][2596][4892 ][debug][safepoint] ... found polling page loop exception at pc = 0x000001803e0556ec, stub =0x000001803da55a80
[2025-06-17T23:39:31.861+0300][2596][22512][debug][safepoint] ... found polling page loop exception at pc = 0x000001803e219bbf, stub =0x000001803da55a80
[2025-06-17T23:39:31.861+0300][2596][15036][debug][safepoint] ... found polling page loop exception at pc = 0x000001803e0c9246, stub =0x000001803da56300
[2025-06-17T23:39:31.861+0300][2596][15036][debug][safepoint] ... found polling page loop exception at pc = 0x000001803e0556ec, stub =0x000001803da55a80
[2025-06-17T23:39:31.861+0300][2596][22396][debug][safepoint] ... found polling page loop exception at pc = 0x000001803e07ec94, stub =0x000001803da56300
[2025-06-17T23:39:31.861+0300][2596][2404 ][debug][safepoint] ... found polling page loop exception at pc = 0x000001803e08b018, stub =0x000001803da56300
[2025-06-17T23:39:31.861+0300][2596][22412][info ][gc       ] GC(33) Concurrent marking (unload classes) 6.870ms
[2025-06-17T23:39:31.861+0300][2596][15388][debug][safepoint] Safepoint synchronization initiated using striped semaphore wait barrier. (19 threads)
[2025-06-17T23:39:31.861+0300][2596][22512][debug][safepoint] ... found polling page loop exception at pc = 0x000001803e0706fb, stub =0x000001803da56300
[2025-06-17T23:39:31.861+0300][2596][22396][debug][safepoint] ... found polling page loop exception at pc = 0x000001803e0556ec, stub =0x000001803da55a80
[2025-06-17T23:39:31.861+0300][2596][10348][debug][safepoint] ... found polling page loop exception at pc = 0x000001803e0556ec, stub =0x000001803da55a80
[2025-06-17T23:39:31.861+0300][2596][4892 ][debug][safepoint] ... found polling page loop exception at pc = 0x000001803e0556ec, stub =0x000001803da55a80
[2025-06-17T23:39:31.861+0300][2596][15036][debug][safepoint] ... found polling page loop exception at pc = 0x000001803e2191e0, stub =0x000001803da55a80
[2025-06-17T23:39:31.861+0300][2596][15388][info ][gc       ] GC(33) Pause Final Mark (unload classes) 0.144ms
[2025-06-17T23:39:31.861+0300][2596][15388][info ][safepoint] Safepoint "ShenandoahFinalMarkStartEvac", Time since last: 7150999 ns, Reaching safepoint: 239301 ns, Cleanup: 5300 ns, At safepoint: 196100 ns, Total: 440701 ns
[2025-06-17T23:39:31.861+0300][2596][22412][info ][gc       ] GC(33) Concurrent thread roots 0.230ms
[2025-06-17T23:39:31.861+0300][2596][22412][info ][gc       ] GC(33) Concurrent weak references 0.180ms
[2025-06-17T23:39:31.861+0300][2596][15036][debug][safepoint] ... found polling page loop exception at pc = 0x000001803e07ec94, stub =0x000001803da56300
[2025-06-17T23:39:31.861+0300][2596][20896][debug][safepoint] ... found polling page loop exception at pc = 0x000001803e0556ec, stub =0x000001803da55a80
[2025-06-17T23:39:31.861+0300][2596][10348][debug][safepoint] ... found polling page loop exception at pc = 0x000001803e0556ec, stub =0x000001803da55a80
[2025-06-17T23:39:31.861+0300][2596][22512][debug][safepoint] ... found polling page loop exception at pc = 0x000001803e0556ec, stub =0x000001803da55a80
[2025-06-17T23:39:31.861+0300][2596][2404 ][debug][safepoint] ... found polling page loop exception at pc = 0x000001803e0f528b, stub =0x000001803da55a80
[2025-06-17T23:39:31.861+0300][2596][22396][debug][safepoint] ... found polling page loop exception at pc = 0x000001803e0556ec, stub =0x000001803da55a80
[2025-06-17T23:39:31.861+0300][2596][22412][info ][gc       ] GC(33) Concurrent weak roots 1.168ms
[2025-06-17T23:39:31.866+0300][2596][22412][info ][gc       ] GC(33) Concurrent cleanup 1662M->210M(2048M) 0.142ms
[2025-06-17T23:39:31.866+0300][2596][22412][debug][gc,phases] GC(33) ClassLoaderData 0.008ms
[2025-06-17T23:39:31.866+0300][2596][22412][debug][gc,phases] GC(33) Trigger cleanups 0.000ms
[2025-06-17T23:39:31.868+0300][2596][22512][debug][safepoint] ... found polling page loop exception at pc = 0x000001803e0ec70c, stub =0x000001803da55a80
[2025-06-17T23:39:31.868+0300][2596][10348][debug][safepoint] ... found polling page loop exception at pc = 0x000001803e058607, stub =0x000001803da56300
[2025-06-17T23:39:31.868+0300][2596][19412][debug][safepoint] ... found polling page loop exception at pc = 0x000001803e0556ec, stub =0x000001803da55a80
[2025-06-17T23:39:31.868+0300][2596][2404 ][debug][safepoint] ... found polling page loop exception at pc = 0x000001803e0584a0, stub =0x000001803da56300
[2025-06-17T23:39:31.868+0300][2596][20896][debug][safepoint] ... found polling page loop exception at pc = 0x000001803e0556ec, stub =0x000001803da55a80
[2025-06-17T23:39:31.868+0300][2596][15036][debug][safepoint] ... found polling page loop exception at pc = 0x000001803e0556ec, stub =0x000001803da55a80
[2025-06-17T23:39:31.868+0300][2596][22396][debug][safepoint] ... found polling page loop exception at pc = 0x000001803e0556ec, stub =0x000001803da55a80
[2025-06-17T23:39:31.868+0300][2596][4892 ][debug][safepoint] ... found polling page loop exception at pc = 0x000001803e0f528b, stub =0x000001803da55a80
[2025-06-17T23:39:31.871+0300][2596][22412][info ][gc       ] GC(33) Concurrent class unloading 5.039ms
[2025-06-17T23:39:31.871+0300][2596][22412][info ][gc       ] GC(33) Concurrent strong roots 0.195ms
[2025-06-17T23:39:31.871+0300][2596][22412][info ][gc       ] GC(33) Concurrent evacuation 1.358ms
[2025-06-17T23:39:31.871+0300][2596][15388][debug][safepoint] Safepoint synchronization initiated using striped semaphore wait barrier. (19 threads)
[2025-06-17T23:39:31.871+0300][2596][19412][debug][safepoint] ... found polling page loop exception at pc = 0x000001803e06abce, stub =0x000001803da56300
[2025-06-17T23:39:31.871+0300][2596][22512][debug][safepoint] ... found polling page loop exception at pc = 0x000001803e06abce, stub =0x000001803da56300
[2025-06-17T23:39:31.871+0300][2596][15036][debug][safepoint] ... found polling page loop exception at pc = 0x000001803e0556ec, stub =0x000001803da55a80
[2025-06-17T23:39:31.871+0300][2596][22396][debug][safepoint] ... found polling page loop exception at pc = 0x000001803e0556ec, stub =0x000001803da55a80
[2025-06-17T23:39:31.871+0300][2596][20896][debug][safepoint] ... found polling page loop exception at pc = 0x000001803e0556ec, stub =0x000001803da55a80
[2025-06-17T23:39:31.871+0300][2596][4892 ][debug][safepoint] ... found polling page loop exception at pc = 0x000001803e096f0b, stub =0x000001803da55a80
[2025-06-17T23:39:31.873+0300][2596][15388][info ][gc       ] GC(33) Pause Init Update Refs 0.008ms
[2025-06-17T23:39:31.873+0300][2596][15388][info ][safepoint] Safepoint "ShenandoahInitUpdateRefs", Time since last: 8649200 ns, Reaching safepoint: 326999 ns, Cleanup: 4601 ns, At safepoint: 64500 ns, Total: 396100 ns
[2025-06-17T23:39:31.879+0300][2596][22412][info ][gc       ] GC(33) Concurrent update references 5.970ms
[2025-06-17T23:39:31.879+0300][2596][22512][debug][safepoint] ... found polling page loop exception at pc = 0x000001803e0556ec, stub =0x000001803da55a80
[2025-06-17T23:39:31.879+0300][2596][20896][debug][safepoint] ... found polling page loop exception at pc = 0x000001803e0556ec, stub =0x000001803da55a80
[2025-06-17T23:39:31.886+0300][2596][22412][info ][gc       ] GC(33) Concurrent update thread roots 7.530ms
[2025-06-17T23:39:31.886+0300][2596][15388][debug][safepoint] Safepoint synchronization initiated using striped semaphore wait barrier. (19 threads)
[2025-06-17T23:39:31.886+0300][2596][10348][debug][safepoint] ... found polling page loop exception at pc = 0x000001803e0bc782, stub =0x000001803da56300
[2025-06-17T23:39:31.886+0300][2596][2404 ][debug][safepoint] ... found polling page loop exception at pc = 0x000001803e133d2e, stub =0x000001803da56300
[2025-06-17T23:39:31.886+0300][2596][15036][debug][safepoint] ... found polling page loop exception at pc = 0x000001803e0556ec, stub =0x000001803da55a80
[2025-06-17T23:39:31.886+0300][2596][22396][debug][safepoint] ... found polling page loop exception at pc = 0x000001803e0556ec, stub =0x000001803da55a80
[2025-06-17T23:39:31.886+0300][2596][4892 ][debug][safepoint] ... found polling page loop exception at pc = 0x000001803e0556ec, stub =0x000001803da55a80
[2025-06-17T23:39:31.886+0300][2596][15388][info ][gc       ] GC(33) Pause Final Update Refs 0.065ms
[2025-06-17T23:39:31.886+0300][2596][15388][info ][safepoint] Safepoint "ShenandoahFinalUpdateRefs", Time since last: 13679000 ns, Reaching safepoint: 418500 ns, Cleanup: 5200 ns, At safepoint: 118100 ns, Total: 541800 ns
[2025-06-17T23:39:31.886+0300][2596][22412][info ][gc       ] GC(33) Concurrent cleanup 256M->84M(2048M) 0.041ms
[2025-06-17T23:39:32.471+0300][2596][22412][info ][gc       ] Trigger: Average GC time (82.53 ms) is above the time for average allocation rate (2695 MB/s) to deplete free headroom (184M) (margin of error = 1.73)
[2025-06-17T23:39:32.471+0300][2596][22412][info ][gc       ] GC(34) Concurrent reset 0.977ms
[2025-06-17T23:39:32.471+0300][2596][15388][debug][safepoint] Safepoint synchronization initiated using striped semaphore wait barrier. (19 threads)
[2025-06-17T23:39:32.471+0300][2596][10348][debug][safepoint] ... found polling page loop exception at pc = 0x000001803e0556ec, stub =0x000001803da55a80
[2025-06-17T23:39:32.471+0300][2596][22512][debug][safepoint] ... found polling page loop exception at pc = 0x000001803e0556ec, stub =0x000001803da55a80
[2025-06-17T23:39:32.471+0300][2596][20896][debug][safepoint] ... found polling page loop exception at pc = 0x000001803e0556ec, stub =0x000001803da55a80
[2025-06-17T23:39:32.471+0300][2596][2404 ][debug][safepoint] ... found polling page loop exception at pc = 0x000001803e0556ec, stub =0x000001803da55a80
[2025-06-17T23:39:32.471+0300][2596][15388][info ][gc       ] GC(34) Pause Init Mark (unload classes) 0.042ms
[2025-06-17T23:39:32.471+0300][2596][15388][info ][safepoint] Safepoint "ShenandoahInitMark", Time since last: 585466700 ns, Reaching safepoint: 267600 ns, Cleanup: 14600 ns, At safepoint: 104400 ns, Total: 386600 ns
[2025-06-17T23:39:32.471+0300][2596][22412][info ][gc       ] GC(34) Concurrent marking roots 0.156ms
[2025-06-17T23:39:32.475+0300][2596][20896][debug][safepoint] ... found polling page loop exception at pc = 0x000001803e0556ec, stub =0x000001803da55a80
[2025-06-17T23:39:32.475+0300][2596][4892 ][debug][safepoint] ... found polling page loop exception at pc = 0x000001803e06abce, stub =0x000001803da56300
[2025-06-17T23:39:32.475+0300][2596][22396][debug][safepoint] ... found polling page loop exception at pc = 0x000001803e0556ec, stub =0x000001803da55a80
[2025-06-17T23:39:32.475+0300][2596][22512][debug][safepoint] ... found polling page loop exception at pc = 0x000001803e0556ec, stub =0x000001803da55a80
[2025-06-17T23:39:32.475+0300][2596][10348][debug][safepoint] ... found polling page loop exception at pc = 0x000001803e0556ec, stub =0x000001803da55a80
[2025-06-17T23:39:32.475+0300][2596][19412][debug][safepoint] ... found polling page loop exception at pc = 0x000001803e219bbf, stub =0x000001803da55a80
[2025-06-17T23:39:32.477+0300][2596][10348][debug][safepoint] ... found polling page loop exception at pc = 0x000001803e06abce, stub =0x000001803da56300
[2025-06-17T23:39:32.477+0300][2596][20896][debug][safepoint] ... found polling page loop exception at pc = 0x000001803e0556ec, stub =0x000001803da55a80
[2025-06-17T23:39:32.477+0300][2596][19412][debug][safepoint] ... found polling page loop exception at pc = 0x000001803e0556ec, stub =0x000001803da55a80
[2025-06-17T23:39:32.477+0300][2596][22512][debug][safepoint] ... found polling page loop exception at pc = 0x000001803e0556ec, stub =0x000001803da55a80
[2025-06-17T23:39:32.477+0300][2596][20896][debug][safepoint] ... found polling page loop exception at pc = 0x000001803e0556ec, stub =0x000001803da55a80
[2025-06-17T23:39:32.477+0300][2596][4892 ][debug][safepoint] ... found polling page loop exception at pc = 0x000001803e0556ec, stub =0x000001803da55a80
[2025-06-17T23:39:32.477+0300][2596][19412][debug][safepoint] ... found polling page loop exception at pc = 0x000001803e0ec70c, stub =0x000001803da55a80
[2025-06-17T23:39:32.487+0300][2596][22412][info ][gc       ] GC(34) Concurrent marking (unload classes) 14.084ms
[2025-06-17T23:39:32.487+0300][2596][15388][debug][safepoint] Safepoint synchronization initiated using striped semaphore wait barrier. (19 threads)
[2025-06-17T23:39:32.487+0300][2596][4892 ][debug][safepoint] ... found polling page loop exception at pc = 0x000001803e0556ec, stub =0x000001803da55a80
[2025-06-17T23:39:32.487+0300][2596][2404 ][debug][safepoint] ... found polling page loop exception at pc = 0x000001803e06abce, stub =0x000001803da56300
[2025-06-17T23:39:32.487+0300][2596][22512][debug][safepoint] ... found polling page loop exception at pc = 0x000001803e0556ec, stub =0x000001803da55a80
[2025-06-17T23:39:32.487+0300][2596][15036][debug][safepoint] ... found polling page loop exception at pc = 0x000001803e0556ec, stub =0x000001803da55a80
[2025-06-17T23:39:32.487+0300][2596][19412][debug][safepoint] ... found polling page loop exception at pc = 0x000001803e219bbf, stub =0x000001803da55a80
[2025-06-17T23:39:32.487+0300][2596][22396][debug][safepoint] ... found polling page loop exception at pc = 0x000001803e08b018, stub =0x000001803da56300
[2025-06-17T23:39:32.487+0300][2596][15388][info ][gc       ] GC(34) Pause Final Mark (unload classes) 0.201ms
[2025-06-17T23:39:32.487+0300][2596][15388][info ][safepoint] Safepoint "ShenandoahFinalMarkStartEvac", Time since last: 14409399 ns, Reaching safepoint: 396701 ns, Cleanup: 7200 ns, At safepoint: 276300 ns, Total: 680201 ns
[2025-06-17T23:39:32.488+0300][2596][22412][info ][gc       ] GC(34) Concurrent thread roots 0.261ms
[2025-06-17T23:39:32.488+0300][2596][22412][info ][gc       ] GC(34) Concurrent weak references 0.148ms
[2025-06-17T23:39:32.488+0300][2596][19412][debug][safepoint] ... found polling page loop exception at pc = 0x000001803e0556ec, stub =0x000001803da55a80
[2025-06-17T23:39:32.488+0300][2596][4892 ][debug][safepoint] ... found polling page loop exception at pc = 0x000001803e06abce, stub =0x000001803da56300
[2025-06-17T23:39:32.488+0300][2596][22396][debug][safepoint] ... found polling page loop exception at pc = 0x000001803e0556ec, stub =0x000001803da55a80
[2025-06-17T23:39:32.488+0300][2596][2404 ][debug][safepoint] ... found polling page loop exception at pc = 0x000001803e0556ec, stub =0x000001803da55a80
[2025-06-17T23:39:32.488+0300][2596][15036][debug][safepoint] ... found polling page loop exception at pc = 0x000001803e0556ec, stub =0x000001803da55a80
[2025-06-17T23:39:32.490+0300][2596][22412][info ][gc       ] GC(34) Concurrent weak roots 2.160ms
[2025-06-17T23:39:32.490+0300][2596][22412][info ][gc       ] GC(34) Concurrent cleanup 1701M->226M(2048M) 0.130ms
[2025-06-17T23:39:32.490+0300][2596][22412][debug][gc,phases] GC(34) ClassLoaderData 0.011ms
[2025-06-17T23:39:32.490+0300][2596][22412][debug][gc,phases] GC(34) Trigger cleanups 0.000ms
[2025-06-17T23:39:32.492+0300][2596][22396][debug][safepoint] ... found polling page loop exception at pc = 0x000001803dfda82a, stub =0x000001803da56300
[2025-06-17T23:39:32.492+0300][2596][20896][debug][safepoint] ... found polling page loop exception at pc = 0x000001803e0556ec, stub =0x000001803da55a80
[2025-06-17T23:39:32.492+0300][2596][2404 ][debug][safepoint] ... found polling page loop exception at pc = 0x000001803e06abce, stub =0x000001803da56300
[2025-06-17T23:39:32.492+0300][2596][15036][debug][safepoint] ... found polling page loop exception at pc = 0x000001803e0556ec, stub =0x000001803da55a80
[2025-06-17T23:39:32.492+0300][2596][19412][debug][safepoint] ... found polling page loop exception at pc = 0x000001803e0556ec, stub =0x000001803da55a80
[2025-06-17T23:39:32.492+0300][2596][4892 ][debug][safepoint] ... found polling page loop exception at pc = 0x000001803e05bce7, stub =0x000001803da56300
[2025-06-17T23:39:32.492+0300][2596][22512][debug][safepoint] ... found polling page loop exception at pc = 0x000001803e0556ec, stub =0x000001803da55a80
[2025-06-17T23:39:32.492+0300][2596][10348][debug][safepoint] ... found polling page loop exception at pc = 0x000001803e0706fb, stub =0x000001803da56300
[2025-06-17T23:39:32.503+0300][2596][22412][info ][gc       ] GC(34) Concurrent class unloading 12.380ms
[2025-06-17T23:39:32.503+0300][2596][22412][info ][gc       ] GC(34) Concurrent strong roots 0.250ms
[2025-06-17T23:39:32.503+0300][2596][22412][info ][gc       ] GC(34) Concurrent evacuation 1.311ms
[2025-06-17T23:39:32.503+0300][2596][15388][debug][safepoint] Safepoint synchronization initiated using striped semaphore wait barrier. (19 threads)
[2025-06-17T23:39:32.503+0300][2596][19412][debug][safepoint] ... found polling page loop exception at pc = 0x000001803e0556ec, stub =0x000001803da55a80
[2025-06-17T23:39:32.503+0300][2596][15036][debug][safepoint] ... found polling page loop exception at pc = 0x000001803e0556ec, stub =0x000001803da55a80
[2025-06-17T23:39:32.503+0300][2596][2404 ][debug][safepoint] ... found polling page loop exception at pc = 0x000001803e0556ec, stub =0x000001803da55a80
[2025-06-17T23:39:32.503+0300][2596][10348][debug][safepoint] ... found polling page loop exception at pc = 0x000001803e0556ec, stub =0x000001803da55a80
[2025-06-17T23:39:32.503+0300][2596][4892 ][debug][safepoint] ... found polling page loop exception at pc = 0x000001803e0556ec, stub =0x000001803da55a80
[2025-06-17T23:39:32.503+0300][2596][22512][debug][safepoint] ... found polling page loop exception at pc = 0x000001803e05bce7, stub =0x000001803da56300
[2025-06-17T23:39:32.505+0300][2596][15388][info ][gc       ] GC(34) Pause Init Update Refs 0.010ms
[2025-06-17T23:39:32.505+0300][2596][15388][info ][safepoint] Safepoint "ShenandoahInitUpdateRefs", Time since last: 17035499 ns, Reaching safepoint: 374801 ns, Cleanup: 5400 ns, At safepoint: 64500 ns, Total: 444701 ns
[2025-06-17T23:39:32.513+0300][2596][22412][info ][gc       ] GC(34) Concurrent update references 9.687ms
[2025-06-17T23:39:32.515+0300][2596][22396][debug][safepoint] ... found polling page loop exception at pc = 0x000001803e0556ec, stub =0x000001803da55a80
[2025-06-17T23:39:32.515+0300][2596][4892 ][debug][safepoint] ... found polling page loop exception at pc = 0x000001803e0556ec, stub =0x000001803da55a80
[2025-06-17T23:39:32.515+0300][2596][10348][debug][safepoint] ... found polling page loop exception at pc = 0x000001803e0556ec, stub =0x000001803da55a80
[2025-06-17T23:39:32.515+0300][2596][2404 ][debug][safepoint] ... found polling page loop exception at pc = 0x000001803e0556ec, stub =0x000001803da55a80
[2025-06-17T23:39:32.519+0300][2596][22412][info ][gc       ] GC(34) Concurrent update thread roots 4.102ms
[2025-06-17T23:39:32.519+0300][2596][15388][debug][safepoint] Safepoint synchronization initiated using striped semaphore wait barrier. (19 threads)
[2025-06-17T23:39:32.519+0300][2596][22396][debug][safepoint] ... found polling page loop exception at pc = 0x000001803e0556ec, stub =0x000001803da55a80
[2025-06-17T23:39:32.519+0300][2596][4892 ][debug][safepoint] ... found polling page loop exception at pc = 0x000001803e0556ec, stub =0x000001803da55a80
[2025-06-17T23:39:32.519+0300][2596][10348][debug][safepoint] ... found polling page loop exception at pc = 0x000001803e219bbf, stub =0x000001803da55a80
[2025-06-17T23:39:32.519+0300][2596][15036][debug][safepoint] ... found polling page loop exception at pc = 0x000001803e09dd90, stub =0x000001803da56300
[2025-06-17T23:39:32.519+0300][2596][19412][debug][safepoint] ... found polling page loop exception at pc = 0x000001803e0556ec, stub =0x000001803da55a80
[2025-06-17T23:39:32.519+0300][2596][22512][debug][safepoint] ... found polling page loop exception at pc = 0x000001803e0556ec, stub =0x000001803da55a80
[2025-06-17T23:39:32.519+0300][2596][15388][info ][gc       ] GC(34) Pause Final Update Refs 0.072ms
[2025-06-17T23:39:32.519+0300][2596][15388][info ][safepoint] Safepoint "ShenandoahFinalUpdateRefs", Time since last: 13954399 ns, Reaching safepoint: 335101 ns, Cleanup: 5900 ns, At safepoint: 131300 ns, Total: 472301 ns
[2025-06-17T23:39:32.519+0300][2596][22412][info ][gc       ] GC(34) Concurrent cleanup 276M->103M(2048M) 0.042ms
[2025-06-17T23:39:33.357+0300][2596][22412][info ][gc       ] Trigger: Average GC time (72.62 ms) is above the time for average allocation rate (2131 MB/s) to deplete free headroom (131M) (margin of error = 1.73)
[2025-06-17T23:39:33.357+0300][2596][22412][info ][gc       ] GC(35) Concurrent reset 0.931ms
[2025-06-17T23:39:33.357+0300][2596][15388][debug][safepoint] Safepoint synchronization initiated using striped semaphore wait barrier. (19 threads)
[2025-06-17T23:39:33.357+0300][2596][15036][debug][safepoint] ... found polling page loop exception at pc = 0x000001803e07ec94, stub =0x000001803da56300
[2025-06-17T23:39:33.357+0300][2596][10348][debug][safepoint] ... found polling page loop exception at pc = 0x000001803e06abce, stub =0x000001803da56300
[2025-06-17T23:39:33.357+0300][2596][4892 ][debug][safepoint] ... found polling page loop exception at pc = 0x000001803e0584a0, stub =0x000001803da56300
[2025-06-17T23:39:33.357+0300][2596][22396][debug][safepoint] ... found polling page loop exception at pc = 0x000001803e058607, stub =0x000001803da56300
[2025-06-17T23:39:33.357+0300][2596][20896][debug][safepoint] ... found polling page loop exception at pc = 0x000001803e0556ec, stub =0x000001803da55a80
[2025-06-17T23:39:33.357+0300][2596][22512][debug][safepoint] ... found polling page loop exception at pc = 0x000001803e219bbf, stub =0x000001803da55a80
[2025-06-17T23:39:33.357+0300][2596][15388][info ][gc       ] GC(35) Pause Init Mark (unload classes) 0.031ms
[2025-06-17T23:39:33.357+0300][2596][15388][info ][safepoint] Safepoint "ShenandoahInitMark", Time since last: 838218400 ns, Reaching safepoint: 399700 ns, Cleanup: 6000 ns, At safepoint: 96700 ns, Total: 502400 ns
[2025-06-17T23:39:33.357+0300][2596][22412][info ][gc       ] GC(35) Concurrent marking roots 0.145ms
[2025-06-17T23:39:33.361+0300][2596][22396][debug][safepoint] ... found polling page loop exception at pc = 0x000001803e06abce, stub =0x000001803da56300
[2025-06-17T23:39:33.361+0300][2596][10348][debug][safepoint] ... found polling page loop exception at pc = 0x000001803e0556ec, stub =0x000001803da55a80
[2025-06-17T23:39:33.361+0300][2596][22512][debug][safepoint] ... found polling page loop exception at pc = 0x000001803e0a3218, stub =0x000001803da56300
[2025-06-17T23:39:33.361+0300][2596][20896][debug][safepoint] ... found polling page loop exception at pc = 0x000001803e0556ec, stub =0x000001803da55a80
[2025-06-17T23:39:33.363+0300][2596][10348][debug][safepoint] ... found polling page loop exception at pc = 0x000001803e058607, stub =0x000001803da56300
[2025-06-17T23:39:33.363+0300][2596][15036][debug][safepoint] ... found polling page loop exception at pc = 0x000001803e0556ec, stub =0x000001803da55a80
[2025-06-17T23:39:33.363+0300][2596][22396][debug][safepoint] ... found polling page loop exception at pc = 0x000001803e0766b0, stub =0x000001803da56300
[2025-06-17T23:39:33.363+0300][2596][19412][debug][safepoint] ... found polling page loop exception at pc = 0x000001803e0bc782, stub =0x000001803da56300
[2025-06-17T23:39:33.363+0300][2596][22412][info ][gc       ] GC(35) Concurrent marking (unload classes) 4.540ms
[2025-06-17T23:39:33.363+0300][2596][15388][debug][safepoint] Safepoint synchronization initiated using striped semaphore wait barrier. (19 threads)
[2025-06-17T23:39:33.363+0300][2596][22396][debug][safepoint] ... found polling page loop exception at pc = 0x000001803e0556ec, stub =0x000001803da55a80
[2025-06-17T23:39:33.363+0300][2596][19412][debug][safepoint] ... found polling page loop exception at pc = 0x000001803e0556ec, stub =0x000001803da55a80
[2025-06-17T23:39:33.363+0300][2596][10348][debug][safepoint] ... found polling page loop exception at pc = 0x000001803e0556ec, stub =0x000001803da55a80
[2025-06-17T23:39:33.363+0300][2596][20896][debug][safepoint] ... found polling page loop exception at pc = 0x000001803e0556ec, stub =0x000001803da55a80
[2025-06-17T23:39:33.363+0300][2596][15036][debug][safepoint] ... found polling page loop exception at pc = 0x000001803e0556ec, stub =0x000001803da55a80
[2025-06-17T23:39:33.363+0300][2596][22512][debug][safepoint] ... found polling page loop exception at pc = 0x000001803e0584a0, stub =0x000001803da56300
[2025-06-17T23:39:33.363+0300][2596][15388][info ][gc       ] GC(35) Pause Final Mark (unload classes) 0.181ms
[2025-06-17T23:39:33.363+0300][2596][15388][info ][safepoint] Safepoint "ShenandoahFinalMarkStartEvac", Time since last: 4813399 ns, Reaching safepoint: 295001 ns, Cleanup: 11100 ns, At safepoint: 241300 ns, Total: 547401 ns
[2025-06-17T23:39:33.363+0300][2596][22412][info ][gc       ] GC(35) Concurrent thread roots 0.176ms
[2025-06-17T23:39:33.363+0300][2596][22412][info ][gc       ] GC(35) Concurrent weak references 0.140ms
[2025-06-17T23:39:33.363+0300][2596][22512][debug][safepoint] ... found polling page loop exception at pc = 0x000001803e0556ec, stub =0x000001803da55a80
[2025-06-17T23:39:33.363+0300][2596][22396][debug][safepoint] ... found polling page loop exception at pc = 0x000001803e08181a, stub =0x000001803da55a80
[2025-06-17T23:39:33.363+0300][2596][19412][debug][safepoint] ... found polling page loop exception at pc = 0x000001803e0556ec, stub =0x000001803da55a80
[2025-06-17T23:39:33.363+0300][2596][15036][debug][safepoint] ... found polling page loop exception at pc = 0x000001803e0f5475, stub =0x000001803da55a80
[2025-06-17T23:39:33.363+0300][2596][2404 ][debug][safepoint] ... found polling page loop exception at pc = 0x000001803e0556ec, stub =0x000001803da55a80
[2025-06-17T23:39:33.363+0300][2596][20896][debug][safepoint] ... found polling page loop exception at pc = 0x000001803e0a3218, stub =0x000001803da56300
[2025-06-17T23:39:33.363+0300][2596][22412][info ][gc       ] GC(35) Concurrent weak roots 1.058ms
[2025-06-17T23:39:33.366+0300][2596][22412][info ][gc       ] GC(35) Concurrent cleanup 1729M->202M(2048M) 0.137ms
[2025-06-17T23:39:33.366+0300][2596][22412][debug][gc,phases] GC(35) ClassLoaderData 0.008ms
[2025-06-17T23:39:33.366+0300][2596][22412][debug][gc,phases] GC(35) Trigger cleanups 0.000ms
[2025-06-17T23:39:33.368+0300][2596][4892 ][debug][safepoint] ... found polling page loop exception at pc = 0x000001803e0e8a02, stub =0x000001803da55a80
[2025-06-17T23:39:33.368+0300][2596][10348][debug][safepoint] ... found polling page loop exception at pc = 0x000001803e0584a0, stub =0x000001803da56300
[2025-06-17T23:39:33.368+0300][2596][19412][debug][safepoint] ... found polling page loop exception at pc = 0x000001803e058607, stub =0x000001803da56300
[2025-06-17T23:39:33.368+0300][2596][20896][debug][safepoint] ... found polling page loop exception at pc = 0x000001803e0a3218, stub =0x000001803da56300
[2025-06-17T23:39:33.368+0300][2596][22512][debug][safepoint] ... found polling page loop exception at pc = 0x000001803e0556ec, stub =0x000001803da55a80
[2025-06-17T23:39:33.373+0300][2596][22412][info ][gc       ] GC(35) Concurrent class unloading 7.510ms
[2025-06-17T23:39:33.373+0300][2596][22412][info ][gc       ] GC(35) Concurrent strong roots 0.222ms
[2025-06-17T23:39:33.373+0300][2596][22412][info ][gc       ] GC(35) Concurrent evacuation 1.183ms
[2025-06-17T23:39:33.373+0300][2596][15388][debug][safepoint] Safepoint synchronization initiated using striped semaphore wait barrier. (19 threads)
[2025-06-17T23:39:33.373+0300][2596][4892 ][debug][safepoint] ... found polling page loop exception at pc = 0x000001803e05a45d, stub =0x000001803da56300
[2025-06-17T23:39:33.373+0300][2596][22512][debug][safepoint] ... found polling page loop exception at pc = 0x000001803e0556ec, stub =0x000001803da55a80
[2025-06-17T23:39:33.373+0300][2596][2404 ][debug][safepoint] ... found polling page loop exception at pc = 0x000001803e219bbf, stub =0x000001803da55a80
[2025-06-17T23:39:33.373+0300][2596][15036][debug][safepoint] ... found polling page loop exception at pc = 0x000001803e2191e0, stub =0x000001803da55a80
[2025-06-17T23:39:33.373+0300][2596][15388][info ][gc       ] GC(35) Pause Init Update Refs 0.010ms
[2025-06-17T23:39:33.373+0300][2596][15388][info ][safepoint] Safepoint "ShenandoahInitUpdateRefs", Time since last: 10743799 ns, Reaching safepoint: 256901 ns, Cleanup: 4700 ns, At safepoint: 71300 ns, Total: 332901 ns
[2025-06-17T23:39:33.379+0300][2596][22412][info ][gc       ] GC(35) Concurrent update references 4.314ms
[2025-06-17T23:39:33.379+0300][2596][15036][debug][safepoint] ... found polling page loop exception at pc = 0x000001803e0556ec, stub =0x000001803da55a80
[2025-06-17T23:39:33.379+0300][2596][19412][debug][safepoint] ... found polling page loop exception at pc = 0x000001803e0556ec, stub =0x000001803da55a80
[2025-06-17T23:39:33.379+0300][2596][2404 ][debug][safepoint] ... found polling page loop exception at pc = 0x000001803e0556ec, stub =0x000001803da55a80
[2025-06-17T23:39:33.379+0300][2596][20896][debug][safepoint] ... found polling page loop exception at pc = 0x000001803e0556ec, stub =0x000001803da55a80
[2025-06-17T23:39:33.379+0300][2596][4892 ][debug][safepoint] ... found polling page loop exception at pc = 0x000001803e058607, stub =0x000001803da56300
[2025-06-17T23:39:33.379+0300][2596][22512][debug][safepoint] ... found polling page loop exception at pc = 0x000001803e0556ec, stub =0x000001803da55a80
[2025-06-17T23:39:33.379+0300][2596][22412][info ][gc       ] GC(35) Concurrent update thread roots 0.917ms
[2025-06-17T23:39:33.379+0300][2596][15388][debug][safepoint] Safepoint synchronization initiated using striped semaphore wait barrier. (19 threads)
[2025-06-17T23:39:33.379+0300][2596][10348][debug][safepoint] ... found polling page loop exception at pc = 0x000001803e05a45d, stub =0x000001803da56300
[2025-06-17T23:39:33.379+0300][2596][4892 ][debug][safepoint] ... found polling page loop exception at pc = 0x000001803e0a3218, stub =0x000001803da56300
[2025-06-17T23:39:33.379+0300][2596][19412][debug][safepoint] ... found polling page loop exception at pc = 0x000001803e0556ec, stub =0x000001803da55a80
[2025-06-17T23:39:33.379+0300][2596][22512][debug][safepoint] ... found polling page loop exception at pc = 0x000001803e0556ec, stub =0x000001803da55a80
[2025-06-17T23:39:33.379+0300][2596][15388][info ][gc       ] GC(35) Pause Final Update Refs 0.054ms
[2025-06-17T23:39:33.379+0300][2596][15388][info ][safepoint] Safepoint "ShenandoahFinalUpdateRefs", Time since last: 5387000 ns, Reaching safepoint: 238500 ns, Cleanup: 5400 ns, At safepoint: 109300 ns, Total: 353200 ns
[2025-06-17T23:39:33.379+0300][2596][22412][info ][gc       ] GC(35) Concurrent cleanup 237M->65M(2048M) 0.038ms
[2025-06-17T23:39:33.959+0300][2596][22412][info ][gc       ] Trigger: Average GC time (63.05 ms) is above the time for average allocation rate (2731 MB/s) to deplete free headroom (151M) (margin of error = 1.71)
[2025-06-17T23:39:33.959+0300][2596][22412][info ][gc       ] GC(36) Concurrent reset 0.888ms
[2025-06-17T23:39:33.959+0300][2596][15388][debug][safepoint] Safepoint synchronization initiated using striped semaphore wait barrier. (14 threads)
[2025-06-17T23:39:33.959+0300][2596][4892 ][debug][safepoint] ... found polling page loop exception at pc = 0x000001803e0556ec, stub =0x000001803da55a80
[2025-06-17T23:39:33.959+0300][2596][2404 ][debug][safepoint] ... found polling page loop exception at pc = 0x000001803e0556ec, stub =0x000001803da55a80
[2025-06-17T23:39:33.959+0300][2596][15388][info ][gc       ] GC(36) Pause Init Mark (unload classes) 0.026ms
[2025-06-17T23:39:33.959+0300][2596][15388][info ][safepoint] Safepoint "ShenandoahInitMark", Time since last: 579128200 ns, Reaching safepoint: 188400 ns, Cleanup: 4599 ns, At safepoint: 64801 ns, Total: 257800 ns
[2025-06-17T23:39:33.959+0300][2596][22412][info ][gc       ] GC(36) Concurrent marking roots 0.148ms
[2025-06-17T23:39:33.962+0300][2596][4892 ][debug][safepoint] ... found polling page loop exception at pc = 0x000001803e190eb8, stub =0x000001803da55a80
[2025-06-17T23:39:33.962+0300][2596][2404 ][debug][safepoint] ... found polling page loop exception at pc = 0x000001803e0556ec, stub =0x000001803da55a80
[2025-06-17T23:39:33.962+0300][2596][2404 ][debug][safepoint] ... found polling page loop exception at pc = 0x000001803e0556ec, stub =0x000001803da55a80
[2025-06-17T23:39:33.962+0300][2596][22412][info ][gc       ] GC(36) Concurrent marking (unload classes) 3.318ms
[2025-06-17T23:39:33.962+0300][2596][15388][debug][safepoint] Safepoint synchronization initiated using striped semaphore wait barrier. (14 threads)
[2025-06-17T23:39:33.962+0300][2596][2404 ][debug][safepoint] ... found polling page loop exception at pc = 0x000001803e0766b0, stub =0x000001803da56300
[2025-06-17T23:39:33.962+0300][2596][4892 ][debug][safepoint] ... found polling page loop exception at pc = 0x000001803e058607, stub =0x000001803da56300
[2025-06-17T23:39:33.962+0300][2596][15388][info ][gc       ] GC(36) Pause Final Mark (unload classes) 0.129ms
[2025-06-17T23:39:33.962+0300][2596][15388][info ][safepoint] Safepoint "ShenandoahFinalMarkStartEvac", Time since last: 3613999 ns, Reaching safepoint: 116701 ns, Cleanup: 2800 ns, At safepoint: 170499 ns, Total: 290000 ns
[2025-06-17T23:39:33.962+0300][2596][22412][info ][gc       ] GC(36) Concurrent weak references 0.083ms
[2025-06-17T23:39:33.962+0300][2596][22396][debug][safepoint] ... found polling page loop exception at pc = 0x000001803e06abce, stub =0x000001803da56300
[2025-06-17T23:39:33.962+0300][2596][2404 ][debug][safepoint] ... found polling page loop exception at pc = 0x000001803e058607, stub =0x000001803da56300
[2025-06-17T23:39:33.962+0300][2596][22412][info ][gc       ] GC(36) Concurrent weak roots 0.910ms
[2025-06-17T23:39:33.962+0300][2596][22412][info ][gc       ] GC(36) Concurrent cleanup 1700M->95M(2048M) 0.134ms
[2025-06-17T23:39:33.962+0300][2596][22412][debug][gc,phases] GC(36) ClassLoaderData 0.008ms
[2025-06-17T23:39:33.962+0300][2596][22412][debug][gc,phases] GC(36) Trigger cleanups 0.000ms
[2025-06-17T23:39:33.962+0300][2596][2404 ][debug][safepoint] ... found polling page loop exception at pc = 0x000001803e0556ec, stub =0x000001803da55a80
[2025-06-17T23:39:33.962+0300][2596][22396][debug][safepoint] ... found polling page loop exception at pc = 0x000001803e0556ec, stub =0x000001803da55a80
[2025-06-17T23:39:33.962+0300][2596][22412][info ][gc       ] GC(36) Concurrent class unloading 2.102ms
[2025-06-17T23:39:33.962+0300][2596][15388][debug][safepoint] Safepoint synchronization initiated using striped semaphore wait barrier. (14 threads)
[2025-06-17T23:39:33.962+0300][2596][2404 ][debug][safepoint] ... found polling page loop exception at pc = 0x000001803e05bce7, stub =0x000001803da56300
[2025-06-17T23:39:33.962+0300][2596][22396][debug][safepoint] ... found polling page loop exception at pc = 0x000001803e0556ec, stub =0x000001803da55a80
[2025-06-17T23:39:33.962+0300][2596][4892 ][debug][safepoint] ... found polling page loop exception at pc = 0x000001803e08181a, stub =0x000001803da55a80
[2025-06-17T23:39:33.962+0300][2596][15388][info ][gc       ] GC(36) Pause Final Roots 0.003ms
[2025-06-17T23:39:33.962+0300][2596][15388][info ][safepoint] Safepoint "ShenandoahFinalRoots", Time since last: 3404701 ns, Reaching safepoint: 148400 ns, Cleanup: 2100 ns, At safepoint: 34500 ns, Total: 185000 ns
[2025-06-17T23:39:34.166+0300][2596][22412][info ][gc       ] Trigger: Explicit GC request (System.gc())
[2025-06-17T23:39:34.166+0300][2596][22412][info ][gc       ] GC(37) Concurrent reset 0.441ms
[2025-06-17T23:39:34.166+0300][2596][15388][debug][safepoint] Safepoint synchronization initiated using striped semaphore wait barrier. (11 threads)
[2025-06-17T23:39:34.166+0300][2596][15388][info ][gc       ] GC(37) Pause Init Mark (unload classes) 0.018ms
[2025-06-17T23:39:34.166+0300][2596][15388][info ][safepoint] Safepoint "ShenandoahInitMark", Time since last: 199022100 ns, Reaching safepoint: 36300 ns, Cleanup: 14700 ns, At safepoint: 39399 ns, Total: 90399 ns
[2025-06-17T23:39:34.166+0300][2596][22412][info ][gc       ] GC(37) Concurrent marking roots 0.193ms
[2025-06-17T23:39:34.169+0300][2596][22412][info ][gc       ] GC(37) Concurrent marking (unload classes) 2.252ms
[2025-06-17T23:39:34.169+0300][2596][15388][debug][safepoint] Safepoint synchronization initiated using striped semaphore wait barrier. (11 threads)
[2025-06-17T23:39:34.169+0300][2596][15388][info ][gc       ] GC(37) Pause Final Mark (unload classes) 0.148ms
[2025-06-17T23:39:34.169+0300][2596][15388][info ][safepoint] Safepoint "ShenandoahFinalMarkStartEvac", Time since last: 2647401 ns, Reaching safepoint: 35500 ns, Cleanup: 6100 ns, At safepoint: 176700 ns, Total: 218300 ns
[2025-06-17T23:39:34.169+0300][2596][22412][info ][gc       ] GC(37) Concurrent weak references 0.123ms
[2025-06-17T23:39:34.169+0300][2596][22412][info ][gc       ] GC(37) Concurrent weak roots 0.684ms
[2025-06-17T23:39:34.169+0300][2596][22412][info ][gc       ] GC(37) Concurrent cleanup 130M->12M(2048M) 0.019ms
[2025-06-17T23:39:34.169+0300][2596][22412][debug][gc,phases] GC(37) ClassLoaderData 0.005ms
[2025-06-17T23:39:34.169+0300][2596][22412][debug][gc,phases] GC(37) Trigger cleanups 0.000ms
[2025-06-17T23:39:34.169+0300][2596][22412][info ][gc       ] GC(37) Concurrent class unloading 1.595ms
[2025-06-17T23:39:34.169+0300][2596][15388][debug][safepoint] Safepoint synchronization initiated using striped semaphore wait barrier. (11 threads)
[2025-06-17T23:39:34.169+0300][2596][15388][info ][gc       ] GC(37) Pause Final Roots 0.002ms
[2025-06-17T23:39:34.169+0300][2596][15388][info ][safepoint] Safepoint "ShenandoahFinalRoots", Time since last: 2741100 ns, Reaching safepoint: 32500 ns, Cleanup: 3500 ns, At safepoint: 20400 ns, Total: 56400 ns
[2025-06-17T23:39:34.502+0300][2596][22412][info ][gc       ] Trigger: Learning 2 of 5. Free (1403M) is below initial threshold (1433M)
[2025-06-17T23:39:34.502+0300][2596][22412][info ][gc       ] GC(38) Concurrent reset 0.219ms
[2025-06-17T23:39:34.502+0300][2596][15388][debug][safepoint] Safepoint synchronization initiated using striped semaphore wait barrier. (19 threads)
[2025-06-17T23:39:34.502+0300][2596][15388][info ][gc       ] GC(38) Pause Init Mark (unload classes) 0.015ms
[2025-06-17T23:39:34.502+0300][2596][15388][info ][safepoint] Safepoint "ShenandoahInitMark", Time since last: 330092400 ns, Reaching safepoint: 30200 ns, Cleanup: 18700 ns, At safepoint: 32000 ns, Total: 80900 ns
[2025-06-17T23:39:34.502+0300][2596][22412][info ][gc       ] GC(38) Concurrent marking roots 0.238ms
[2025-06-17T23:39:34.502+0300][2596][22412][info ][gc       ] GC(38) Concurrent marking (unload classes) 2.010ms
[2025-06-17T23:39:34.502+0300][2596][15388][debug][safepoint] Safepoint synchronization initiated using striped semaphore wait barrier. (19 threads)
[2025-06-17T23:39:34.502+0300][2596][15388][info ][gc       ] GC(38) Pause Final Mark (unload classes) 0.295ms
[2025-06-17T23:39:34.502+0300][2596][15388][info ][safepoint] Safepoint "ShenandoahFinalMarkStartEvac", Time since last: 2431700 ns, Reaching safepoint: 27800 ns, Cleanup: 2700 ns, At safepoint: 325900 ns, Total: 356400 ns
[2025-06-17T23:39:34.502+0300][2596][22412][info ][gc       ] GC(38) Concurrent thread roots 0.198ms
[2025-06-17T23:39:34.502+0300][2596][22412][info ][gc       ] GC(38) Concurrent weak references 0.159ms
[2025-06-17T23:39:34.502+0300][2596][22412][info ][gc       ] GC(38) Concurrent weak roots 0.712ms
[2025-06-17T23:39:34.502+0300][2596][22412][info ][gc       ] GC(38) Concurrent cleanup 535M->86M(2048M) 0.030ms
[2025-06-17T23:39:34.502+0300][2596][22412][debug][gc,phases] GC(38) ClassLoaderData 0.003ms
[2025-06-17T23:39:34.502+0300][2596][22412][debug][gc,phases] GC(38) Trigger cleanups 0.000ms
[2025-06-17T23:39:34.502+0300][2596][22412][info ][gc       ] GC(38) Concurrent class unloading 1.306ms
[2025-06-17T23:39:34.502+0300][2596][22412][info ][gc       ] GC(38) Concurrent strong roots 0.176ms
[2025-06-17T23:39:34.502+0300][2596][22412][info ][gc       ] GC(38) Concurrent evacuation 0.604ms
[2025-06-17T23:39:34.502+0300][2596][15388][debug][safepoint] Safepoint synchronization initiated using striped semaphore wait barrier. (19 threads)
[2025-06-17T23:39:34.502+0300][2596][15388][info ][gc       ] GC(38) Pause Init Update Refs 0.005ms
[2025-06-17T23:39:34.502+0300][2596][15388][info ][safepoint] Safepoint "ShenandoahInitUpdateRefs", Time since last: 3478700 ns, Reaching safepoint: 34500 ns, Cleanup: 3400 ns, At safepoint: 23800 ns, Total: 61700 ns
[2025-06-17T23:39:34.502+0300][2596][22412][info ][gc       ] GC(38) Concurrent update references 1.373ms
[2025-06-17T23:39:34.502+0300][2596][22412][info ][gc       ] GC(38) Concurrent update thread roots 0.210ms
[2025-06-17T23:39:34.502+0300][2596][15388][debug][safepoint] Safepoint synchronization initiated using striped semaphore wait barrier. (19 threads)
[2025-06-17T23:39:34.502+0300][2596][15388][info ][gc       ] GC(38) Pause Final Update Refs 0.030ms
[2025-06-17T23:39:34.502+0300][2596][15388][info ][safepoint] Safepoint "ShenandoahFinalUpdateRefs", Time since last: 1746399 ns, Reaching safepoint: 26201 ns, Cleanup: 2400 ns, At safepoint: 45700 ns, Total: 74301 ns
[2025-06-17T23:39:34.502+0300][2596][22412][info ][gc       ] GC(38) Concurrent cleanup 88M->11M(2048M) 0.013ms
[2025-06-17T23:39:34.788+0300][2596][22412][info ][gc       ] Trigger: Learning 3 of 5. Free (1393M) is below initial threshold (1433M)
[2025-06-17T23:39:34.788+0300][2596][22412][info ][gc       ] GC(39) Concurrent reset 0.460ms
[2025-06-17T23:39:34.788+0300][2596][15388][debug][safepoint] Safepoint synchronization initiated using striped semaphore wait barrier. (19 threads)
[2025-06-17T23:39:34.788+0300][2596][7308 ][debug][safepoint] ... found polling page loop exception at pc = 0x000001803e06abce, stub =0x000001803da56300
[2025-06-17T23:39:34.788+0300][2596][21880][debug][safepoint] ... found polling page loop exception at pc = 0x000001803e0556ec, stub =0x000001803da55a80
[2025-06-17T23:39:34.788+0300][2596][16624][debug][safepoint] ... found polling page loop exception at pc = 0x000001803e0556ec, stub =0x000001803da55a80
[2025-06-17T23:39:34.788+0300][2596][6528 ][debug][safepoint] ... found polling page loop exception at pc = 0x000001803e2191e0, stub =0x000001803da55a80
[2025-06-17T23:39:34.788+0300][2596][14584][debug][safepoint] ... found polling page loop exception at pc = 0x000001803e06abce, stub =0x000001803da56300
[2025-06-17T23:39:34.788+0300][2596][11620][debug][safepoint] ... found polling page loop exception at pc = 0x000001803e0556ec, stub =0x000001803da55a80
[2025-06-17T23:39:34.788+0300][2596][15388][info ][gc       ] GC(39) Pause Init Mark (unload classes) 0.019ms
[2025-06-17T23:39:34.788+0300][2596][15388][info ][safepoint] Safepoint "ShenandoahInitMark", Time since last: 277648100 ns, Reaching safepoint: 417500 ns, Cleanup: 4800 ns, At safepoint: 64000 ns, Total: 486300 ns
[2025-06-17T23:39:34.788+0300][2596][22412][info ][gc       ] GC(39) Concurrent marking roots 0.135ms
[2025-06-17T23:39:34.793+0300][2596][16624][debug][safepoint] ... found polling page loop exception at pc = 0x000001803e190eb8, stub =0x000001803da55a80
[2025-06-17T23:39:34.793+0300][2596][12000][debug][safepoint] ... found polling page loop exception at pc = 0x000001803e058607, stub =0x000001803da56300
[2025-06-17T23:39:34.793+0300][2596][6528 ][debug][safepoint] ... found polling page loop exception at pc = 0x000001803e0556ec, stub =0x000001803da55a80
[2025-06-17T23:39:34.793+0300][2596][11620][debug][safepoint] ... found polling page loop exception at pc = 0x000001803e0556ec, stub =0x000001803da55a80
[2025-06-17T23:39:34.795+0300][2596][12000][debug][safepoint] ... found polling page loop exception at pc = 0x000001803e06abce, stub =0x000001803da56300
[2025-06-17T23:39:34.795+0300][2596][16624][debug][safepoint] ... found polling page loop exception at pc = 0x000001803e05a45d, stub =0x000001803da56300
[2025-06-17T23:39:34.795+0300][2596][11620][debug][safepoint] ... found polling page loop exception at pc = 0x000001803e0556ec, stub =0x000001803da55a80
[2025-06-17T23:39:34.795+0300][2596][6528 ][debug][safepoint] ... found polling page loop exception at pc = 0x000001803e0556ec, stub =0x000001803da55a80
[2025-06-17T23:39:34.795+0300][2596][7308 ][debug][safepoint] ... found polling page loop exception at pc = 0x000001803e0556ec, stub =0x000001803da55a80
[2025-06-17T23:39:34.795+0300][2596][14584][debug][safepoint] ... found polling page loop exception at pc = 0x000001803e0556ec, stub =0x000001803da55a80
[2025-06-17T23:39:34.804+0300][2596][21880][debug][safepoint] ... found polling page loop exception at pc = 0x000001803e2191e0, stub =0x000001803da55a80
[2025-06-17T23:39:34.804+0300][2596][16624][debug][safepoint] ... found polling page loop exception at pc = 0x000001803e0584a0, stub =0x000001803da56300
[2025-06-17T23:39:34.804+0300][2596][14584][debug][safepoint] ... found polling page loop exception at pc = 0x000001803e0556ec, stub =0x000001803da55a80
[2025-06-17T23:39:34.804+0300][2596][11620][debug][safepoint] ... found polling page loop exception at pc = 0x000001803e0556ec, stub =0x000001803da55a80
[2025-06-17T23:39:34.804+0300][2596][12000][debug][safepoint] ... found polling page loop exception at pc = 0x000001803e08181a, stub =0x000001803da55a80
[2025-06-17T23:39:34.804+0300][2596][7308 ][debug][safepoint] ... found polling page loop exception at pc = 0x000001803e06abce, stub =0x000001803da56300
[2025-06-17T23:39:34.804+0300][2596][22344][debug][safepoint] ... found polling page loop exception at pc = 0x000001803e0556ec, stub =0x000001803da55a80
[2025-06-17T23:39:34.804+0300][2596][22412][info ][gc       ] GC(39) Concurrent marking (unload classes) 15.651ms
[2025-06-17T23:39:34.804+0300][2596][15388][debug][safepoint] Safepoint synchronization initiated using striped semaphore wait barrier. (19 threads)
[2025-06-17T23:39:34.804+0300][2596][21880][debug][safepoint] ... found polling page loop exception at pc = 0x000001803e0556ec, stub =0x000001803da55a80
[2025-06-17T23:39:34.804+0300][2596][16624][debug][safepoint] ... found polling page loop exception at pc = 0x000001803e06abce, stub =0x000001803da56300
[2025-06-17T23:39:34.804+0300][2596][12000][debug][safepoint] ... found polling page loop exception at pc = 0x000001803e0556ec, stub =0x000001803da55a80
[2025-06-17T23:39:34.804+0300][2596][11620][debug][safepoint] ... found polling page loop exception at pc = 0x000001803e0556ec, stub =0x000001803da55a80
[2025-06-17T23:39:34.804+0300][2596][14584][debug][safepoint] ... found polling page loop exception at pc = 0x000001803e058607, stub =0x000001803da56300
[2025-06-17T23:39:34.804+0300][2596][6528 ][debug][safepoint] ... found polling page loop exception at pc = 0x000001803e0c9246, stub =0x000001803da56300
[2025-06-17T23:39:34.804+0300][2596][7308 ][debug][safepoint] ... found polling page loop exception at pc = 0x000001803e05bce7, stub =0x000001803da56300
[2025-06-17T23:39:34.804+0300][2596][15388][info ][gc       ] GC(39) Pause Final Mark (unload classes) 0.260ms
[2025-06-17T23:39:34.804+0300][2596][15388][info ][safepoint] Safepoint "ShenandoahFinalMarkStartEvac", Time since last: 15905400 ns, Reaching safepoint: 504100 ns, Cleanup: 4400 ns, At safepoint: 308100 ns, Total: 816600 ns
[2025-06-17T23:39:34.804+0300][2596][22412][info ][gc       ] GC(39) Concurrent thread roots 0.122ms
[2025-06-17T23:39:34.804+0300][2596][22412][info ][gc       ] GC(39) Concurrent weak references 0.087ms
[2025-06-17T23:39:34.804+0300][2596][21880][debug][safepoint] ... found polling page loop exception at pc = 0x000001803e0556ec, stub =0x000001803da55a80
[2025-06-17T23:39:34.804+0300][2596][16624][debug][safepoint] ... found polling page loop exception at pc = 0x000001803e0d4f4d, stub =0x000001803da56300
[2025-06-17T23:39:34.804+0300][2596][14584][debug][safepoint] ... found polling page loop exception at pc = 0x000001803e058607, stub =0x000001803da56300
[2025-06-17T23:39:34.804+0300][2596][12000][debug][safepoint] ... found polling page loop exception at pc = 0x000001803e0556ec, stub =0x000001803da55a80
[2025-06-17T23:39:34.804+0300][2596][7308 ][debug][safepoint] ... found polling page loop exception at pc = 0x000001803e0556ec, stub =0x000001803da55a80
[2025-06-17T23:39:34.804+0300][2596][11620][debug][safepoint] ... found polling page loop exception at pc = 0x000001803e07653c, stub =0x000001803da56300
[2025-06-17T23:39:34.804+0300][2596][22344][debug][safepoint] ... found polling page loop exception at pc = 0x000001803e0556ec, stub =0x000001803da55a80
[2025-06-17T23:39:34.819+0300][2596][22412][info ][gc       ] GC(39) Concurrent weak roots 13.451ms
[2025-06-17T23:39:34.819+0300][2596][22412][info ][gc       ] GC(39) Concurrent cleanup 644M->174M(2048M) 0.066ms
[2025-06-17T23:39:34.819+0300][2596][22412][debug][gc,phases] GC(39) ClassLoaderData 0.036ms
[2025-06-17T23:39:34.819+0300][2596][22412][debug][gc,phases] GC(39) Trigger cleanups 0.000ms
[2025-06-17T23:39:34.821+0300][2596][11620][debug][safepoint] ... found polling page loop exception at pc = 0x000001803e058607, stub =0x000001803da56300
[2025-06-17T23:39:34.821+0300][2596][12000][debug][safepoint] ... found polling page loop exception at pc = 0x000001803e058607, stub =0x000001803da56300
[2025-06-17T23:39:34.821+0300][2596][14584][debug][safepoint] ... found polling page loop exception at pc = 0x000001803e0556ec, stub =0x000001803da55a80
[2025-06-17T23:39:34.821+0300][2596][21880][debug][safepoint] ... found polling page loop exception at pc = 0x000001803e058607, stub =0x000001803da56300
[2025-06-17T23:39:34.821+0300][2596][22344][debug][safepoint] ... found polling page loop exception at pc = 0x000001803e09dd90, stub =0x000001803da56300
[2025-06-17T23:39:34.831+0300][2596][22412][info ][gc       ] GC(39) Concurrent class unloading 13.417ms
[2025-06-17T23:39:34.831+0300][2596][22412][info ][gc       ] GC(39) Concurrent strong roots 0.228ms
[2025-06-17T23:39:34.833+0300][2596][22412][info ][gc       ] GC(39) Concurrent evacuation 0.836ms
[2025-06-17T23:39:34.833+0300][2596][15388][debug][safepoint] Safepoint synchronization initiated using striped semaphore wait barrier. (19 threads)
[2025-06-17T23:39:34.833+0300][2596][6528 ][debug][safepoint] ... found polling page loop exception at pc = 0x000001803e0556ec, stub =0x000001803da55a80
[2025-06-17T23:39:34.833+0300][2596][14584][debug][safepoint] ... found polling page loop exception at pc = 0x000001803e0556ec, stub =0x000001803da55a80
[2025-06-17T23:39:34.833+0300][2596][12000][debug][safepoint] ... found polling page loop exception at pc = 0x000001803e2191e0, stub =0x000001803da55a80
[2025-06-17T23:39:34.833+0300][2596][22344][debug][safepoint] ... found polling page loop exception at pc = 0x000001803e2191e0, stub =0x000001803da55a80
[2025-06-17T23:39:34.833+0300][2596][15388][info ][gc       ] GC(39) Pause Init Update Refs 0.009ms
[2025-06-17T23:39:34.833+0300][2596][15388][info ][safepoint] Safepoint "ShenandoahInitUpdateRefs", Time since last: 28596500 ns, Reaching safepoint: 248800 ns, Cleanup: 5500 ns, At safepoint: 56900 ns, Total: 311200 ns
[2025-06-17T23:39:34.845+0300][2596][22412][info ][gc       ] GC(39) Concurrent update references 12.341ms
[2025-06-17T23:39:34.845+0300][2596][12000][debug][safepoint] ... found polling page loop exception at pc = 0x000001803e0556ec, stub =0x000001803da55a80
[2025-06-17T23:39:34.845+0300][2596][22344][debug][safepoint] ... found polling page loop exception at pc = 0x000001803e0556ec, stub =0x000001803da55a80
[2025-06-17T23:39:34.845+0300][2596][7308 ][debug][safepoint] ... found polling page loop exception at pc = 0x000001803e0556ec, stub =0x000001803da55a80
[2025-06-17T23:39:34.845+0300][2596][16624][debug][safepoint] ... found polling page loop exception at pc = 0x000001803e0a3218, stub =0x000001803da56300
[2025-06-17T23:39:34.847+0300][2596][22412][info ][gc       ] GC(39) Concurrent update thread roots 0.771ms
[2025-06-17T23:39:34.847+0300][2596][15388][debug][safepoint] Safepoint synchronization initiated using striped semaphore wait barrier. (19 threads)
[2025-06-17T23:39:34.847+0300][2596][16624][debug][safepoint] ... found polling page loop exception at pc = 0x000001803e0556ec, stub =0x000001803da55a80
[2025-06-17T23:39:34.847+0300][2596][7308 ][debug][safepoint] ... found polling page loop exception at pc = 0x000001803e0556ec, stub =0x000001803da55a80
[2025-06-17T23:39:34.847+0300][2596][22344][debug][safepoint] ... found polling page loop exception at pc = 0x000001803e058607, stub =0x000001803da56300
[2025-06-17T23:39:34.847+0300][2596][12000][debug][safepoint] ... found polling page loop exception at pc = 0x000001803e096f0b, stub =0x000001803da55a80
[2025-06-17T23:39:34.847+0300][2596][21880][debug][safepoint] ... found polling page loop exception at pc = 0x000001803e2191e0, stub =0x000001803da55a80
[2025-06-17T23:39:34.847+0300][2596][15388][info ][gc       ] GC(39) Pause Final Update Refs 0.060ms
[2025-06-17T23:39:34.847+0300][2596][15388][info ][safepoint] Safepoint "ShenandoahFinalUpdateRefs", Time since last: 13271200 ns, Reaching safepoint: 270400 ns, Cleanup: 5400 ns, At safepoint: 121000 ns, Total: 396800 ns
[2025-06-17T23:39:34.847+0300][2596][22412][info ][gc       ] GC(39) Concurrent cleanup 232M->157M(2048M) 0.028ms
[2025-06-17T23:39:34.984+0300][2596][22412][info ][gc       ] Trigger: Learning 4 of 5. Free (1387M) is below initial threshold (1433M)
[2025-06-17T23:39:34.984+0300][2596][22412][info ][gc       ] GC(40) Concurrent reset 0.550ms
[2025-06-17T23:39:34.984+0300][2596][15388][debug][safepoint] Safepoint synchronization initiated using striped semaphore wait barrier. (19 threads)
[2025-06-17T23:39:34.984+0300][2596][22344][debug][safepoint] ... found polling page loop exception at pc = 0x000001803e0556ec, stub =0x000001803da55a80
[2025-06-17T23:39:34.984+0300][2596][6528 ][debug][safepoint] ... found polling page loop exception at pc = 0x000001803e0556ec, stub =0x000001803da55a80
[2025-06-17T23:39:34.984+0300][2596][16624][debug][safepoint] ... found polling page loop exception at pc = 0x000001803e0556ec, stub =0x000001803da55a80
[2025-06-17T23:39:34.984+0300][2596][12000][debug][safepoint] ... found polling page loop exception at pc = 0x000001803e0556ec, stub =0x000001803da55a80
[2025-06-17T23:39:34.984+0300][2596][14584][debug][safepoint] ... found polling page loop exception at pc = 0x000001803e0584a0, stub =0x000001803da56300
[2025-06-17T23:39:34.984+0300][2596][11620][debug][safepoint] ... found polling page loop exception at pc = 0x000001803e05a45d, stub =0x000001803da56300
[2025-06-17T23:39:34.984+0300][2596][21880][debug][safepoint] ... found polling page loop exception at pc = 0x000001803e0f528b, stub =0x000001803da55a80
[2025-06-17T23:39:34.984+0300][2596][15388][info ][gc       ] GC(40) Pause Init Mark (unload classes) 0.024ms
[2025-06-17T23:39:34.984+0300][2596][15388][info ][safepoint] Safepoint "ShenandoahInitMark", Time since last: 136358800 ns, Reaching safepoint: 413599 ns, Cleanup: 5101 ns, At safepoint: 72700 ns, Total: 491400 ns
[2025-06-17T23:39:34.984+0300][2596][22412][info ][gc       ] GC(40) Concurrent marking roots 0.129ms
[2025-06-17T23:39:34.989+0300][2596][11620][debug][safepoint] ... found polling page loop exception at pc = 0x000001803e0556ec, stub =0x000001803da55a80
[2025-06-17T23:39:34.989+0300][2596][12000][debug][safepoint] ... found polling page loop exception at pc = 0x000001803e0556ec, stub =0x000001803da55a80
[2025-06-17T23:39:34.989+0300][2596][22344][debug][safepoint] ... found polling page loop exception at pc = 0x000001803e0556ec, stub =0x000001803da55a80
[2025-06-17T23:39:34.989+0300][2596][14584][debug][safepoint] ... found polling page loop exception at pc = 0x000001803e0f528b, stub =0x000001803da55a80
[2025-06-17T23:39:34.989+0300][2596][7308 ][debug][safepoint] ... found polling page loop exception at pc = 0x000001803e0556ec, stub =0x000001803da55a80
[2025-06-17T23:39:34.989+0300][2596][21880][debug][safepoint] ... found polling page loop exception at pc = 0x000001803e0556ec, stub =0x000001803da55a80
[2025-06-17T23:39:34.989+0300][2596][6528 ][debug][safepoint] ... found polling page loop exception at pc = 0x000001803e06abce, stub =0x000001803da56300
[2025-06-17T23:39:34.989+0300][2596][11620][debug][safepoint] ... found polling page loop exception at pc = 0x000001803e0556ec, stub =0x000001803da55a80
[2025-06-17T23:39:34.989+0300][2596][6528 ][debug][safepoint] ... found polling page loop exception at pc = 0x000001803dfda82a, stub =0x000001803da56300
[2025-06-17T23:39:34.989+0300][2596][21880][debug][safepoint] ... found polling page loop exception at pc = 0x000001803e06abce, stub =0x000001803da56300
[2025-06-17T23:39:34.989+0300][2596][22344][debug][safepoint] ... found polling page loop exception at pc = 0x000001803e0556ec, stub =0x000001803da55a80
[2025-06-17T23:39:34.989+0300][2596][16624][debug][safepoint] ... found polling page loop exception at pc = 0x000001803e0584a0, stub =0x000001803da56300
[2025-06-17T23:39:34.989+0300][2596][12000][debug][safepoint] ... found polling page loop exception at pc = 0x000001803e0556ec, stub =0x000001803da55a80
[2025-06-17T23:39:34.989+0300][2596][14584][debug][safepoint] ... found polling page loop exception at pc = 0x000001803e0556ec, stub =0x000001803da55a80
[2025-06-17T23:39:34.989+0300][2596][7308 ][debug][safepoint] ... found polling page loop exception at pc = 0x000001803e0584a0, stub =0x000001803da56300
[2025-06-17T23:39:34.991+0300][2596][6528 ][debug][safepoint] ... found polling page loop exception at pc = 0x000001803e06abce, stub =0x000001803da56300
[2025-06-17T23:39:34.991+0300][2596][14584][debug][safepoint] ... found polling page loop exception at pc = 0x000001803e183b0f, stub =0x000001803da56300
[2025-06-17T23:39:34.991+0300][2596][12000][debug][safepoint] ... found polling page loop exception at pc = 0x000001803e0547fb, stub =0x000001803da55a80
[2025-06-17T23:39:34.991+0300][2596][7308 ][debug][safepoint] ... found polling page loop exception at pc = 0x000001803e0556ec, stub =0x000001803da55a80
[2025-06-17T23:39:34.991+0300][2596][16624][debug][safepoint] ... found polling page loop exception at pc = 0x000001803e0556ec, stub =0x000001803da55a80
[2025-06-17T23:39:34.991+0300][2596][11620][debug][safepoint] ... found polling page loop exception at pc = 0x000001803e0556ec, stub =0x000001803da55a80
[2025-06-17T23:39:34.995+0300][2596][22412][info ][gc       ] GC(40) Concurrent marking (unload classes) 11.639ms
[2025-06-17T23:39:34.995+0300][2596][15388][debug][safepoint] Safepoint synchronization initiated using striped semaphore wait barrier. (19 threads)
[2025-06-17T23:39:34.995+0300][2596][14584][debug][safepoint] ... found polling page loop exception at pc = 0x000001803e0556ec, stub =0x000001803da55a80
[2025-06-17T23:39:34.995+0300][2596][16624][debug][safepoint] ... found polling page loop exception at pc = 0x000001803e0556ec, stub =0x000001803da55a80
[2025-06-17T23:39:34.995+0300][2596][11620][debug][safepoint] ... found polling page loop exception at pc = 0x000001803e0556ec, stub =0x000001803da55a80
[2025-06-17T23:39:34.995+0300][2596][22344][debug][safepoint] ... found polling page loop exception at pc = 0x000001803e2191e0, stub =0x000001803da55a80
[2025-06-17T23:39:34.995+0300][2596][15388][info ][gc       ] GC(40) Pause Final Mark (unload classes) 0.128ms
[2025-06-17T23:39:34.995+0300][2596][15388][info ][safepoint] Safepoint "ShenandoahFinalMarkStartEvac", Time since last: 11912900 ns, Reaching safepoint: 243700 ns, Cleanup: 6500 ns, At safepoint: 179600 ns, Total: 429800 ns
[2025-06-17T23:39:34.995+0300][2596][22412][info ][gc       ] GC(40) Concurrent thread roots 0.149ms
[2025-06-17T23:39:34.995+0300][2596][22412][info ][gc       ] GC(40) Concurrent weak references 0.079ms
[2025-06-17T23:39:34.999+0300][2596][16624][debug][safepoint] ... found polling page loop exception at pc = 0x000001803e0556ec, stub =0x000001803da55a80
[2025-06-17T23:39:34.999+0300][2596][12000][debug][safepoint] ... found polling page loop exception at pc = 0x000001803e0556ec, stub =0x000001803da55a80
[2025-06-17T23:39:34.999+0300][2596][14584][debug][safepoint] ... found polling page loop exception at pc = 0x000001803e0556ec, stub =0x000001803da55a80
[2025-06-17T23:39:34.999+0300][2596][7308 ][debug][safepoint] ... found polling page loop exception at pc = 0x000001803e0556ec, stub =0x000001803da55a80
[2025-06-17T23:39:34.999+0300][2596][21880][debug][safepoint] ... found polling page loop exception at pc = 0x000001803e0556ec, stub =0x000001803da55a80
[2025-06-17T23:39:34.999+0300][2596][11620][debug][safepoint] ... found polling page loop exception at pc = 0x000001803e0556ec, stub =0x000001803da55a80
[2025-06-17T23:39:34.999+0300][2596][22344][debug][safepoint] ... found polling page loop exception at pc = 0x000001803e0556ec, stub =0x000001803da55a80
[2025-06-17T23:39:35.005+0300][2596][22412][info ][gc       ] GC(40) Concurrent weak roots 7.477ms
[2025-06-17T23:39:35.005+0300][2596][22412][info ][gc       ] GC(40) Concurrent cleanup 614M->142M(2048M) 0.061ms
[2025-06-17T23:39:35.005+0300][2596][22412][debug][gc,phases] GC(40) ClassLoaderData 0.012ms
[2025-06-17T23:39:35.005+0300][2596][22412][debug][gc,phases] GC(40) Trigger cleanups 0.001ms
[2025-06-17T23:39:35.007+0300][2596][16624][debug][safepoint] ... found polling page loop exception at pc = 0x000001803e0556ec, stub =0x000001803da55a80
[2025-06-17T23:39:35.007+0300][2596][14584][debug][safepoint] ... found polling page loop exception at pc = 0x000001803e06abce, stub =0x000001803da56300
[2025-06-17T23:39:35.007+0300][2596][12000][debug][safepoint] ... found polling page loop exception at pc = 0x000001803e0556ec, stub =0x000001803da55a80
[2025-06-17T23:39:35.007+0300][2596][21880][debug][safepoint] ... found polling page loop exception at pc = 0x000001803e0556ec, stub =0x000001803da55a80
[2025-06-17T23:39:35.007+0300][2596][22344][debug][safepoint] ... found polling page loop exception at pc = 0x000001803e0556ec, stub =0x000001803da55a80
[2025-06-17T23:39:35.007+0300][2596][6528 ][debug][safepoint] ... found polling page loop exception at pc = 0x000001803e0556ec, stub =0x000001803da55a80
[2025-06-17T23:39:35.007+0300][2596][22412][info ][gc       ] GC(40) Concurrent class unloading 2.598ms
[2025-06-17T23:39:35.007+0300][2596][22412][info ][gc       ] GC(40) Concurrent strong roots 0.186ms
[2025-06-17T23:39:35.007+0300][2596][22412][info ][gc       ] GC(40) Concurrent evacuation 0.803ms
[2025-06-17T23:39:35.009+0300][2596][15388][debug][safepoint] Safepoint synchronization initiated using striped semaphore wait barrier. (19 threads)
[2025-06-17T23:39:35.009+0300][2596][7308 ][debug][safepoint] ... found polling page loop exception at pc = 0x000001803e0706fb, stub =0x000001803da56300
[2025-06-17T23:39:35.009+0300][2596][22344][debug][safepoint] ... found polling page loop exception at pc = 0x000001803e0ec70c, stub =0x000001803da55a80
[2025-06-17T23:39:35.009+0300][2596][14584][debug][safepoint] ... found polling page loop exception at pc = 0x000001803e058607, stub =0x000001803da56300
[2025-06-17T23:39:35.009+0300][2596][11620][debug][safepoint] ... found polling page loop exception at pc = 0x000001803e0e10b1, stub =0x000001803da56300
[2025-06-17T23:39:35.009+0300][2596][16624][debug][safepoint] ... found polling page loop exception at pc = 0x000001803e0556ec, stub =0x000001803da55a80
[2025-06-17T23:39:35.009+0300][2596][15388][info ][gc       ] GC(40) Pause Init Update Refs 0.008ms
[2025-06-17T23:39:35.009+0300][2596][15388][info ][safepoint] Safepoint "ShenandoahInitUpdateRefs", Time since last: 11680199 ns, Reaching safepoint: 272601 ns, Cleanup: 4700 ns, At safepoint: 66800 ns, Total: 344101 ns
[2025-06-17T23:39:35.017+0300][2596][22412][info ][gc       ] GC(40) Concurrent update references 8.743ms
[2025-06-17T23:39:35.017+0300][2596][16624][debug][safepoint] ... found polling page loop exception at pc = 0x000001803e0556ec, stub =0x000001803da55a80
[2025-06-17T23:39:35.017+0300][2596][11620][debug][safepoint] ... found polling page loop exception at pc = 0x000001803e0c9246, stub =0x000001803da56300
[2025-06-17T23:39:35.017+0300][2596][21880][debug][safepoint] ... found polling page loop exception at pc = 0x000001803e0556ec, stub =0x000001803da55a80
[2025-06-17T23:39:35.017+0300][2596][22344][debug][safepoint] ... found polling page loop exception at pc = 0x000001803e0556ec, stub =0x000001803da55a80
[2025-06-17T23:39:35.017+0300][2596][7308 ][debug][safepoint] ... found polling page loop exception at pc = 0x000001803e06abce, stub =0x000001803da56300
[2025-06-17T23:39:35.031+0300][2596][22412][info ][gc       ] GC(40) Concurrent update thread roots 12.554ms
[2025-06-17T23:39:35.031+0300][2596][15388][debug][safepoint] Safepoint synchronization initiated using striped semaphore wait barrier. (19 threads)
[2025-06-17T23:39:35.031+0300][2596][21880][debug][safepoint] ... found polling page loop exception at pc = 0x000001803e05bce7, stub =0x000001803da56300
[2025-06-17T23:39:35.031+0300][2596][14584][debug][safepoint] ... found polling page loop exception at pc = 0x000001803e0706fb, stub =0x000001803da56300
[2025-06-17T23:39:35.031+0300][2596][16624][debug][safepoint] ... found polling page loop exception at pc = 0x000001803e0556ec, stub =0x000001803da55a80
[2025-06-17T23:39:35.031+0300][2596][6528 ][debug][safepoint] ... found polling page loop exception at pc = 0x000001803e0556ec, stub =0x000001803da55a80
[2025-06-17T23:39:35.031+0300][2596][11620][debug][safepoint] ... found polling page loop exception at pc = 0x000001803e0556ec, stub =0x000001803da55a80
[2025-06-17T23:39:35.031+0300][2596][22344][debug][safepoint] ... found polling page loop exception at pc = 0x000001803e0556ec, stub =0x000001803da55a80
[2025-06-17T23:39:35.031+0300][2596][12000][debug][safepoint] ... found polling page loop exception at pc = 0x000001803e0f528b, stub =0x000001803da55a80
[2025-06-17T23:39:35.031+0300][2596][7308 ][debug][safepoint] ... found polling page loop exception at pc = 0x000001803e0556ec, stub =0x000001803da55a80
[2025-06-17T23:39:35.031+0300][2596][15388][info ][gc       ] GC(40) Pause Final Update Refs 0.060ms
[2025-06-17T23:39:35.031+0300][2596][15388][info ][safepoint] Safepoint "ShenandoahFinalUpdateRefs", Time since last: 21481399 ns, Reaching safepoint: 429900 ns, Cleanup: 6601 ns, At safepoint: 116400 ns, Total: 552901 ns
[2025-06-17T23:39:35.031+0300][2596][22412][info ][gc       ] GC(40) Concurrent cleanup 201M->128M(2048M) 0.030ms
[2025-06-17T23:39:35.173+0300][2596][22412][info ][gc       ] Trigger: Learning 5 of 5. Free (1404M) is below initial threshold (1433M)
[2025-06-17T23:39:35.173+0300][2596][22412][info ][gc       ] GC(41) Concurrent reset 0.547ms
[2025-06-17T23:39:35.173+0300][2596][15388][debug][safepoint] Safepoint synchronization initiated using striped semaphore wait barrier. (19 threads)
[2025-06-17T23:39:35.173+0300][2596][6528 ][debug][safepoint] ... found polling page loop exception at pc = 0x000001803e0556ec, stub =0x000001803da55a80
[2025-06-17T23:39:35.173+0300][2596][21880][debug][safepoint] ... found polling page loop exception at pc = 0x000001803e0556ec, stub =0x000001803da55a80
[2025-06-17T23:39:35.173+0300][2596][22344][debug][safepoint] ... found polling page loop exception at pc = 0x000001803e0556ec, stub =0x000001803da55a80
[2025-06-17T23:39:35.173+0300][2596][16624][debug][safepoint] ... found polling page loop exception at pc = 0x000001803e0556ec, stub =0x000001803da55a80
[2025-06-17T23:39:35.173+0300][2596][7308 ][debug][safepoint] ... found polling page loop exception at pc = 0x000001803e0556ec, stub =0x000001803da55a80
[2025-06-17T23:39:35.173+0300][2596][15388][info ][gc       ] GC(41) Pause Init Mark (unload classes) 0.023ms
[2025-06-17T23:39:35.173+0300][2596][15388][info ][safepoint] Safepoint "ShenandoahInitMark", Time since last: 142565300 ns, Reaching safepoint: 329200 ns, Cleanup: 6700 ns, At safepoint: 80100 ns, Total: 416000 ns
[2025-06-17T23:39:35.173+0300][2596][22412][info ][gc       ] GC(41) Concurrent marking roots 0.207ms
[2025-06-17T23:39:35.178+0300][2596][11620][debug][safepoint] ... found polling page loop exception at pc = 0x000001803e0556ec, stub =0x000001803da55a80
[2025-06-17T23:39:35.178+0300][2596][7308 ][debug][safepoint] ... found polling page loop exception at pc = 0x000001803e0556ec, stub =0x000001803da55a80
[2025-06-17T23:39:35.178+0300][2596][21880][debug][safepoint] ... found polling page loop exception at pc = 0x000001803e0556ec, stub =0x000001803da55a80
[2025-06-17T23:39:35.178+0300][2596][12000][debug][safepoint] ... found polling page loop exception at pc = 0x000001803e0556ec, stub =0x000001803da55a80
[2025-06-17T23:39:35.178+0300][2596][6528 ][debug][safepoint] ... found polling page loop exception at pc = 0x000001803e0556ec, stub =0x000001803da55a80
[2025-06-17T23:39:35.178+0300][2596][14584][debug][safepoint] ... found polling page loop exception at pc = 0x000001803e05bce7, stub =0x000001803da56300
[2025-06-17T23:39:35.178+0300][2596][16624][debug][safepoint] ... found polling page loop exception at pc = 0x000001803e1753df, stub =0x000001803da56300
[2025-06-17T23:39:35.189+0300][2596][12000][debug][safepoint] ... found polling page loop exception at pc = 0x000001803e05bce7, stub =0x000001803da56300
[2025-06-17T23:39:35.189+0300][2596][14584][debug][safepoint] ... found polling page loop exception at pc = 0x000001803e0556ec, stub =0x000001803da55a80
[2025-06-17T23:39:35.189+0300][2596][7308 ][debug][safepoint] ... found polling page loop exception at pc = 0x000001803e0bcb11, stub =0x000001803da56300
[2025-06-17T23:39:35.189+0300][2596][6528 ][debug][safepoint] ... found polling page loop exception at pc = 0x000001803e0a3218, stub =0x000001803da56300
[2025-06-17T23:39:35.189+0300][2596][21880][debug][safepoint] ... found polling page loop exception at pc = 0x000001803e058607, stub =0x000001803da56300
[2025-06-17T23:39:35.189+0300][2596][11620][debug][safepoint] ... found polling page loop exception at pc = 0x000001803e0556ec, stub =0x000001803da55a80
[2025-06-17T23:39:35.189+0300][2596][16624][debug][safepoint] ... found polling page loop exception at pc = 0x000001803e2191e0, stub =0x000001803da55a80
[2025-06-17T23:39:35.205+0300][2596][16624][debug][safepoint] ... found polling page loop exception at pc = 0x000001803e0556ec, stub =0x000001803da55a80
[2025-06-17T23:39:35.205+0300][2596][22344][debug][safepoint] ... found polling page loop exception at pc = 0x000001803e0556ec, stub =0x000001803da55a80
[2025-06-17T23:39:35.205+0300][2596][21880][debug][safepoint] ... found polling page loop exception at pc = 0x000001803e0556ec, stub =0x000001803da55a80
[2025-06-17T23:39:35.205+0300][2596][14584][debug][safepoint] ... found polling page loop exception at pc = 0x000001803e0556ec, stub =0x000001803da55a80
[2025-06-17T23:39:35.205+0300][2596][11620][debug][safepoint] ... found polling page loop exception at pc = 0x000001803e0a3218, stub =0x000001803da56300
[2025-06-17T23:39:35.205+0300][2596][11620][debug][safepoint] ... found polling page loop exception at pc = 0x000001803e0556ec, stub =0x000001803da55a80
[2025-06-17T23:39:35.205+0300][2596][14584][debug][safepoint] ... found polling page loop exception at pc = 0x000001803e0556ec, stub =0x000001803da55a80
[2025-06-17T23:39:35.205+0300][2596][6528 ][debug][safepoint] ... found polling page loop exception at pc = 0x000001803e06abce, stub =0x000001803da56300
[2025-06-17T23:39:35.205+0300][2596][7308 ][debug][safepoint] ... found polling page loop exception at pc = 0x000001803e0556ec, stub =0x000001803da55a80
[2025-06-17T23:39:35.221+0300][2596][22412][info ][gc       ] GC(41) Concurrent marking (unload classes) 46.208ms
[2025-06-17T23:39:35.221+0300][2596][15388][debug][safepoint] Safepoint synchronization initiated using striped semaphore wait barrier. (19 threads)
[2025-06-17T23:39:35.221+0300][2596][14584][debug][safepoint] ... found polling page loop exception at pc = 0x000001803e0556ec, stub =0x000001803da55a80
[2025-06-17T23:39:35.221+0300][2596][21880][debug][safepoint] ... found polling page loop exception at pc = 0x000001803e0584a0, stub =0x000001803da56300
[2025-06-17T23:39:35.221+0300][2596][11620][debug][safepoint] ... found polling page loop exception at pc = 0x000001803e0556ec, stub =0x000001803da55a80
[2025-06-17T23:39:35.221+0300][2596][16624][debug][safepoint] ... found polling page loop exception at pc = 0x000001803e0556ec, stub =0x000001803da55a80
[2025-06-17T23:39:35.221+0300][2596][7308 ][debug][safepoint] ... found polling page loop exception at pc = 0x000001803e05a45d, stub =0x000001803da56300
[2025-06-17T23:39:35.221+0300][2596][22344][debug][safepoint] ... found polling page loop exception at pc = 0x000001803e06abce, stub =0x000001803da56300
[2025-06-17T23:39:35.221+0300][2596][12000][debug][safepoint] ... found polling page loop exception at pc = 0x000001803e058607, stub =0x000001803da56300
[2025-06-17T23:39:35.221+0300][2596][15388][info ][gc       ] GC(41) Pause Final Mark (unload classes) 0.136ms
[2025-06-17T23:39:35.221+0300][2596][15388][info ][safepoint] Safepoint "ShenandoahFinalMarkStartEvac", Time since last: 46587200 ns, Reaching safepoint: 357899 ns, Cleanup: 5501 ns, At safepoint: 193500 ns, Total: 556900 ns
[2025-06-17T23:39:35.221+0300][2596][22412][info ][gc       ] GC(41) Concurrent thread roots 0.153ms
[2025-06-17T23:39:35.221+0300][2596][22412][info ][gc       ] GC(41) Concurrent weak references 0.070ms
[2025-06-17T23:39:35.221+0300][2596][16624][debug][safepoint] ... found polling page loop exception at pc = 0x000001803e0556ec, stub =0x000001803da55a80
[2025-06-17T23:39:35.221+0300][2596][12000][debug][safepoint] ... found polling page loop exception at pc = 0x000001803e0556ec, stub =0x000001803da55a80
[2025-06-17T23:39:35.221+0300][2596][14584][debug][safepoint] ... found polling page loop exception at pc = 0x000001803e0556ec, stub =0x000001803da55a80
[2025-06-17T23:39:35.221+0300][2596][21880][debug][safepoint] ... found polling page loop exception at pc = 0x000001803e0556ec, stub =0x000001803da55a80
[2025-06-17T23:39:35.221+0300][2596][22344][debug][safepoint] ... found polling page loop exception at pc = 0x000001803e0556ec, stub =0x000001803da55a80
[2025-06-17T23:39:35.223+0300][2596][22412][info ][gc       ] GC(41) Concurrent weak roots 1.390ms
[2025-06-17T23:39:35.223+0300][2596][22412][info ][gc       ] GC(41) Concurrent cleanup 680M->214M(2048M) 0.059ms
[2025-06-17T23:39:35.223+0300][2596][22412][debug][gc,phases] GC(41) ClassLoaderData 0.009ms
[2025-06-17T23:39:35.223+0300][2596][22412][debug][gc,phases] GC(41) Trigger cleanups 0.001ms
[2025-06-17T23:39:35.225+0300][2596][22344][debug][safepoint] ... found polling page loop exception at pc = 0x000001803e0556ec, stub =0x000001803da55a80
[2025-06-17T23:39:35.225+0300][2596][16624][debug][safepoint] ... found polling page loop exception at pc = 0x000001803e0556ec, stub =0x000001803da55a80
[2025-06-17T23:39:35.225+0300][2596][11620][debug][safepoint] ... found polling page loop exception at pc = 0x000001803e0556ec, stub =0x000001803da55a80
[2025-06-17T23:39:35.225+0300][2596][14584][debug][safepoint] ... found polling page loop exception at pc = 0x000001803e0556ec, stub =0x000001803da55a80
[2025-06-17T23:39:35.225+0300][2596][6528 ][debug][safepoint] ... found polling page loop exception at pc = 0x000001803e058607, stub =0x000001803da56300
[2025-06-17T23:39:35.227+0300][2596][22412][info ][gc       ] GC(41) Concurrent class unloading 5.248ms
[2025-06-17T23:39:35.227+0300][2596][22412][info ][gc       ] GC(41) Concurrent strong roots 0.204ms
[2025-06-17T23:39:35.229+0300][2596][22412][info ][gc       ] GC(41) Concurrent evacuation 0.808ms
[2025-06-17T23:39:35.229+0300][2596][15388][debug][safepoint] Safepoint synchronization initiated using striped semaphore wait barrier. (19 threads)
[2025-06-17T23:39:35.229+0300][2596][22344][debug][safepoint] ... found polling page loop exception at pc = 0x000001803e0556ec, stub =0x000001803da55a80
[2025-06-17T23:39:35.229+0300][2596][16624][debug][safepoint] ... found polling page loop exception at pc = 0x000001803e0556ec, stub =0x000001803da55a80
[2025-06-17T23:39:35.229+0300][2596][6528 ][debug][safepoint] ... found polling page loop exception at pc = 0x000001803e0556ec, stub =0x000001803da55a80
[2025-06-17T23:39:35.229+0300][2596][14584][debug][safepoint] ... found polling page loop exception at pc = 0x000001803e08181a, stub =0x000001803da55a80
[2025-06-17T23:39:35.229+0300][2596][12000][debug][safepoint] ... found polling page loop exception at pc = 0x000001803e0556ec, stub =0x000001803da55a80
[2025-06-17T23:39:35.229+0300][2596][7308 ][debug][safepoint] ... found polling page loop exception at pc = 0x000001803e0556ec, stub =0x000001803da55a80
[2025-06-17T23:39:35.229+0300][2596][11620][debug][safepoint] ... found polling page loop exception at pc = 0x000001803e0556ec, stub =0x000001803da55a80
[2025-06-17T23:39:35.229+0300][2596][15388][info ][gc       ] GC(41) Pause Init Update Refs 0.009ms
[2025-06-17T23:39:35.229+0300][2596][15388][info ][safepoint] Safepoint "ShenandoahInitUpdateRefs", Time since last: 8242600 ns, Reaching safepoint: 358100 ns, Cleanup: 4300 ns, At safepoint: 66900 ns, Total: 429300 ns
[2025-06-17T23:39:35.261+0300][2596][22412][info ][gc       ] GC(41) Concurrent update references 30.684ms
[2025-06-17T23:39:35.261+0300][2596][16624][debug][safepoint] ... found polling page loop exception at pc = 0x000001803e0556ec, stub =0x000001803da55a80
[2025-06-17T23:39:35.261+0300][2596][7308 ][debug][safepoint] ... found polling page loop exception at pc = 0x000001803e0556ec, stub =0x000001803da55a80
[2025-06-17T23:39:35.261+0300][2596][11620][debug][safepoint] ... found polling page loop exception at pc = 0x000001803e0c6885, stub =0x000001803da56300
[2025-06-17T23:39:35.261+0300][2596][12000][debug][safepoint] ... found polling page loop exception at pc = 0x000001803e0556ec, stub =0x000001803da55a80
[2025-06-17T23:39:35.261+0300][2596][14584][debug][safepoint] ... found polling page loop exception at pc = 0x000001803e0556ec, stub =0x000001803da55a80
[2025-06-17T23:39:35.261+0300][2596][22344][debug][safepoint] ... found polling page loop exception at pc = 0x000001803e0584a0, stub =0x000001803da56300
[2025-06-17T23:39:35.261+0300][2596][6528 ][debug][safepoint] ... found polling page loop exception at pc = 0x000001803e058607, stub =0x000001803da56300
[2025-06-17T23:39:35.268+0300][2596][22412][info ][gc       ] GC(41) Concurrent update thread roots 7.535ms
[2025-06-17T23:39:35.268+0300][2596][15388][debug][safepoint] Safepoint synchronization initiated using striped semaphore wait barrier. (19 threads)
[2025-06-17T23:39:35.268+0300][2596][6528 ][debug][safepoint] ... found polling page loop exception at pc = 0x000001803e0556ec, stub =0x000001803da55a80
[2025-06-17T23:39:35.268+0300][2596][7308 ][debug][safepoint] ... found polling page loop exception at pc = 0x000001803e0556ec, stub =0x000001803da55a80
[2025-06-17T23:39:35.268+0300][2596][12000][debug][safepoint] ... found polling page loop exception at pc = 0x000001803e0556ec, stub =0x000001803da55a80
[2025-06-17T23:39:35.268+0300][2596][22344][debug][safepoint] ... found polling page loop exception at pc = 0x000001803e1d274a, stub =0x000001803da56300
[2025-06-17T23:39:35.268+0300][2596][11620][debug][safepoint] ... found polling page loop exception at pc = 0x000001803e0556ec, stub =0x000001803da55a80
[2025-06-17T23:39:35.268+0300][2596][14584][debug][safepoint] ... found polling page loop exception at pc = 0x000001803e0f5475, stub =0x000001803da55a80
[2025-06-17T23:39:35.268+0300][2596][15388][info ][gc       ] GC(41) Pause Final Update Refs 0.049ms
[2025-06-17T23:39:35.268+0300][2596][15388][info ][safepoint] Safepoint "ShenandoahFinalUpdateRefs", Time since last: 38401599 ns, Reaching safepoint: 317901 ns, Cleanup: 17400 ns, At safepoint: 110999 ns, Total: 446300 ns
[2025-06-17T23:39:35.268+0300][2596][22412][info ][gc       ] GC(41) Concurrent cleanup 287M->224M(2048M) 0.034ms
[2025-06-17T23:39:36.043+0300][2596][22412][info ][gc       ] Trigger: Average GC time (120.49 ms) is above the time for average allocation rate (1893 MB/s) to deplete free headroom (226M) (margin of error = 1.71)
[2025-06-17T23:39:36.043+0300][2596][22412][info ][gc       ] GC(42) Concurrent reset 0.550ms
[2025-06-17T23:39:36.043+0300][2596][15388][debug][safepoint] Safepoint synchronization initiated using striped semaphore wait barrier. (19 threads)
[2025-06-17T23:39:36.043+0300][2596][6528 ][debug][safepoint] ... found polling page loop exception at pc = 0x000001803e0547fb, stub =0x000001803da55a80
[2025-06-17T23:39:36.043+0300][2596][7308 ][debug][safepoint] ... found polling page loop exception at pc = 0x000001803e05bce7, stub =0x000001803da56300
[2025-06-17T23:39:36.043+0300][2596][21880][debug][safepoint] ... found polling page loop exception at pc = 0x000001803e0556ec, stub =0x000001803da55a80
[2025-06-17T23:39:36.043+0300][2596][14584][debug][safepoint] ... found polling page loop exception at pc = 0x000001803e0584a0, stub =0x000001803da56300
[2025-06-17T23:39:36.043+0300][2596][16624][debug][safepoint] ... found polling page loop exception at pc = 0x000001803e06abce, stub =0x000001803da56300
[2025-06-17T23:39:36.043+0300][2596][12000][debug][safepoint] ... found polling page loop exception at pc = 0x000001803e0556ec, stub =0x000001803da55a80
[2025-06-17T23:39:36.043+0300][2596][22344][debug][safepoint] ... found polling page loop exception at pc = 0x000001803e0556ec, stub =0x000001803da55a80
[2025-06-17T23:39:36.043+0300][2596][15388][info ][gc       ] GC(42) Pause Init Mark (unload classes) 0.026ms
[2025-06-17T23:39:36.043+0300][2596][15388][info ][safepoint] Safepoint "ShenandoahInitMark", Time since last: 775208401 ns, Reaching safepoint: 416100 ns, Cleanup: 12599 ns, At safepoint: 88601 ns, Total: 517300 ns
[2025-06-17T23:39:36.043+0300][2596][22412][info ][gc       ] GC(42) Concurrent marking roots 0.155ms
[2025-06-17T23:39:36.048+0300][2596][14584][debug][safepoint] ... found polling page loop exception at pc = 0x000001803e06abce, stub =0x000001803da56300
[2025-06-17T23:39:36.048+0300][2596][16624][debug][safepoint] ... found polling page loop exception at pc = 0x000001803e0ec70c, stub =0x000001803da55a80
[2025-06-17T23:39:36.048+0300][2596][21880][debug][safepoint] ... found polling page loop exception at pc = 0x000001803e0556ec, stub =0x000001803da55a80
[2025-06-17T23:39:36.048+0300][2596][11620][debug][safepoint] ... found polling page loop exception at pc = 0x000001803e05bce7, stub =0x000001803da56300
[2025-06-17T23:39:36.048+0300][2596][6528 ][debug][safepoint] ... found polling page loop exception at pc = 0x000001803e0556ec, stub =0x000001803da55a80
[2025-06-17T23:39:36.048+0300][2596][7308 ][debug][safepoint] ... found polling page loop exception at pc = 0x000001803e0556ec, stub =0x000001803da55a80
[2025-06-17T23:39:36.059+0300][2596][12000][debug][safepoint] ... found polling page loop exception at pc = 0x000001803e0556ec, stub =0x000001803da55a80
[2025-06-17T23:39:36.059+0300][2596][21880][debug][safepoint] ... found polling page loop exception at pc = 0x000001803e0556ec, stub =0x000001803da55a80
[2025-06-17T23:39:36.059+0300][2596][11620][debug][safepoint] ... found polling page loop exception at pc = 0x000001803e0556ec, stub =0x000001803da55a80
[2025-06-17T23:39:36.059+0300][2596][16624][debug][safepoint] ... found polling page loop exception at pc = 0x000001803e0556ec, stub =0x000001803da55a80
[2025-06-17T23:39:36.059+0300][2596][6528 ][debug][safepoint] ... found polling page loop exception at pc = 0x000001803e0556ec, stub =0x000001803da55a80
[2025-06-17T23:39:36.059+0300][2596][14584][debug][safepoint] ... found polling page loop exception at pc = 0x000001803e0556ec, stub =0x000001803da55a80
[2025-06-17T23:39:36.065+0300][2596][11620][debug][safepoint] ... found polling page loop exception at pc = 0x000001803e06abce, stub =0x000001803da56300
[2025-06-17T23:39:36.065+0300][2596][12000][debug][safepoint] ... found polling page loop exception at pc = 0x000001803e0bc782, stub =0x000001803da56300
[2025-06-17T23:39:36.065+0300][2596][22344][debug][safepoint] ... found polling page loop exception at pc = 0x000001803e0556ec, stub =0x000001803da55a80
[2025-06-17T23:39:36.065+0300][2596][21880][debug][safepoint] ... found polling page loop exception at pc = 0x000001803e06abce, stub =0x000001803da56300
[2025-06-17T23:39:36.065+0300][2596][16624][debug][safepoint] ... found polling page loop exception at pc = 0x000001803e0971d4, stub =0x000001803da55a80
[2025-06-17T23:39:36.065+0300][2596][14584][debug][safepoint] ... found polling page loop exception at pc = 0x000001803e0556ec, stub =0x000001803da55a80
[2025-06-17T23:39:36.067+0300][2596][22412][info ][gc       ] GC(42) Concurrent marking (unload classes) 23.619ms
[2025-06-17T23:39:36.067+0300][2596][15388][debug][safepoint] Safepoint synchronization initiated using striped semaphore wait barrier. (19 threads)
[2025-06-17T23:39:36.067+0300][2596][11620][debug][safepoint] ... found polling page loop exception at pc = 0x000001803e0556ec, stub =0x000001803da55a80
[2025-06-17T23:39:36.067+0300][2596][12000][debug][safepoint] ... found polling page loop exception at pc = 0x000001803e0bc782, stub =0x000001803da56300
[2025-06-17T23:39:36.067+0300][2596][22344][debug][safepoint] ... found polling page loop exception at pc = 0x000001803e0556ec, stub =0x000001803da55a80
[2025-06-17T23:39:36.067+0300][2596][21880][debug][safepoint] ... found polling page loop exception at pc = 0x000001803e0584a0, stub =0x000001803da56300
[2025-06-17T23:39:36.067+0300][2596][6528 ][debug][safepoint] ... found polling page loop exception at pc = 0x000001803e0556ec, stub =0x000001803da55a80
[2025-06-17T23:39:36.067+0300][2596][7308 ][debug][safepoint] ... found polling page loop exception at pc = 0x000001803e06abce, stub =0x000001803da56300
[2025-06-17T23:39:36.067+0300][2596][14584][debug][safepoint] ... found polling page loop exception at pc = 0x000001803e219bbf, stub =0x000001803da55a80
[2025-06-17T23:39:36.067+0300][2596][16624][debug][safepoint] ... found polling page loop exception at pc = 0x000001803e0556ec, stub =0x000001803da55a80
[2025-06-17T23:39:36.067+0300][2596][15388][info ][gc       ] GC(42) Pause Final Mark (unload classes) 0.161ms
[2025-06-17T23:39:36.067+0300][2596][15388][info ][safepoint] Safepoint "ShenandoahFinalMarkStartEvac", Time since last: 23914700 ns, Reaching safepoint: 435599 ns, Cleanup: 5800 ns, At safepoint: 215201 ns, Total: 656600 ns
[2025-06-17T23:39:36.067+0300][2596][22412][info ][gc       ] GC(42) Concurrent thread roots 0.216ms
[2025-06-17T23:39:36.067+0300][2596][22412][info ][gc       ] GC(42) Concurrent weak references 0.153ms
[2025-06-17T23:39:36.067+0300][2596][14584][debug][safepoint] ... found polling page loop exception at pc = 0x000001803e0556ec, stub =0x000001803da55a80
[2025-06-17T23:39:36.067+0300][2596][16624][debug][safepoint] ... found polling page loop exception at pc = 0x000001803e0f528b, stub =0x000001803da55a80
[2025-06-17T23:39:36.067+0300][2596][7308 ][debug][safepoint] ... found polling page loop exception at pc = 0x000001803e0556ec, stub =0x000001803da55a80
[2025-06-17T23:39:36.067+0300][2596][22344][debug][safepoint] ... found polling page loop exception at pc = 0x000001803e0556ec, stub =0x000001803da55a80
[2025-06-17T23:39:36.067+0300][2596][11620][debug][safepoint] ... found polling page loop exception at pc = 0x000001803e0556ec, stub =0x000001803da55a80
[2025-06-17T23:39:36.067+0300][2596][6528 ][debug][safepoint] ... found polling page loop exception at pc = 0x000001803e06abce, stub =0x000001803da56300
[2025-06-17T23:39:36.067+0300][2596][21880][debug][safepoint] ... found polling page loop exception at pc = 0x000001803e0556ec, stub =0x000001803da55a80
[2025-06-17T23:39:36.091+0300][2596][22412][info ][gc       ] GC(42) Concurrent weak roots 21.166ms
[2025-06-17T23:39:36.091+0300][2596][22412][info ][gc       ] GC(42) Concurrent cleanup 1710M->270M(2048M) 0.154ms
[2025-06-17T23:39:36.091+0300][2596][22412][debug][gc,phases] GC(42) ClassLoaderData 0.014ms
[2025-06-17T23:39:36.091+0300][2596][22412][debug][gc,phases] GC(42) Trigger cleanups 0.000ms
[2025-06-17T23:39:36.093+0300][2596][21880][debug][safepoint] ... found polling page loop exception at pc = 0x000001803e0556ec, stub =0x000001803da55a80
[2025-06-17T23:39:36.093+0300][2596][14584][debug][safepoint] ... found polling page loop exception at pc = 0x000001803e0556ec, stub =0x000001803da55a80
[2025-06-17T23:39:36.093+0300][2596][11620][debug][safepoint] ... found polling page loop exception at pc = 0x000001803e0556ec, stub =0x000001803da55a80
[2025-06-17T23:39:36.093+0300][2596][6528 ][debug][safepoint] ... found polling page loop exception at pc = 0x000001803e05bce7, stub =0x000001803da56300
[2025-06-17T23:39:36.093+0300][2596][7308 ][debug][safepoint] ... found polling page loop exception at pc = 0x000001803e07ec94, stub =0x000001803da56300
[2025-06-17T23:39:36.093+0300][2596][22344][debug][safepoint] ... found polling page loop exception at pc = 0x000001803e0556ec, stub =0x000001803da55a80
[2025-06-17T23:39:36.095+0300][2596][22412][info ][gc       ] GC(42) Concurrent class unloading 3.923ms
[2025-06-17T23:39:36.095+0300][2596][22412][info ][gc       ] GC(42) Concurrent strong roots 0.182ms
[2025-06-17T23:39:36.095+0300][2596][22412][info ][gc       ] GC(42) Concurrent evacuation 1.051ms
[2025-06-17T23:39:36.095+0300][2596][15388][debug][safepoint] Safepoint synchronization initiated using striped semaphore wait barrier. (19 threads)
[2025-06-17T23:39:36.095+0300][2596][16624][debug][safepoint] ... found polling page loop exception at pc = 0x000001803e0556ec, stub =0x000001803da55a80
[2025-06-17T23:39:36.095+0300][2596][22344][debug][safepoint] ... found polling page loop exception at pc = 0x000001803e0556ec, stub =0x000001803da55a80
[2025-06-17T23:39:36.095+0300][2596][11620][debug][safepoint] ... found polling page loop exception at pc = 0x000001803e0556ec, stub =0x000001803da55a80
[2025-06-17T23:39:36.095+0300][2596][6528 ][debug][safepoint] ... found polling page loop exception at pc = 0x000001803e0556ec, stub =0x000001803da55a80
[2025-06-17T23:39:36.095+0300][2596][12000][debug][safepoint] ... found polling page loop exception at pc = 0x000001803e0556ec, stub =0x000001803da55a80
[2025-06-17T23:39:36.095+0300][2596][15388][info ][gc       ] GC(42) Pause Init Update Refs 0.008ms
[2025-06-17T23:39:36.095+0300][2596][15388][info ][safepoint] Safepoint "ShenandoahInitUpdateRefs", Time since last: 27163800 ns, Reaching safepoint: 286400 ns, Cleanup: 3900 ns, At safepoint: 58099 ns, Total: 348399 ns
[2025-06-17T23:39:36.107+0300][2596][22412][info ][gc       ] GC(42) Concurrent update references 11.494ms
[2025-06-17T23:39:36.107+0300][2596][6528 ][debug][safepoint] ... found polling page loop exception at pc = 0x000001803e0556ec, stub =0x000001803da55a80
[2025-06-17T23:39:36.107+0300][2596][12000][debug][safepoint] ... found polling page loop exception at pc = 0x000001803e0556ec, stub =0x000001803da55a80
[2025-06-17T23:39:36.107+0300][2596][16624][debug][safepoint] ... found polling page loop exception at pc = 0x000001803e0556ec, stub =0x000001803da55a80
[2025-06-17T23:39:36.107+0300][2596][21880][debug][safepoint] ... found polling page loop exception at pc = 0x000001803e0556ec, stub =0x000001803da55a80
[2025-06-17T23:39:36.107+0300][2596][7308 ][debug][safepoint] ... found polling page loop exception at pc = 0x000001803e0556ec, stub =0x000001803da55a80
[2025-06-17T23:39:36.107+0300][2596][22344][debug][safepoint] ... found polling page loop exception at pc = 0x000001803e0556ec, stub =0x000001803da55a80
[2025-06-17T23:39:36.107+0300][2596][11620][debug][safepoint] ... found polling page loop exception at pc = 0x000001803e0556ec, stub =0x000001803da55a80
[2025-06-17T23:39:36.107+0300][2596][14584][debug][safepoint] ... found polling page loop exception at pc = 0x000001803e0556ec, stub =0x000001803da55a80
[2025-06-17T23:39:36.111+0300][2596][22412][info ][gc       ] GC(42) Concurrent update thread roots 3.903ms
[2025-06-17T23:39:36.111+0300][2596][15388][debug][safepoint] Safepoint synchronization initiated using striped semaphore wait barrier. (19 threads)
[2025-06-17T23:39:36.111+0300][2596][12000][debug][safepoint] ... found polling page loop exception at pc = 0x000001803e0556ec, stub =0x000001803da55a80
[2025-06-17T23:39:36.111+0300][2596][22344][debug][safepoint] ... found polling page loop exception at pc = 0x000001803e096f0b, stub =0x000001803da55a80
[2025-06-17T23:39:36.111+0300][2596][21880][debug][safepoint] ... found polling page loop exception at pc = 0x000001803e0556ec, stub =0x000001803da55a80
[2025-06-17T23:39:36.111+0300][2596][11620][debug][safepoint] ... found polling page loop exception at pc = 0x000001803e0556ec, stub =0x000001803da55a80
[2025-06-17T23:39:36.111+0300][2596][16624][debug][safepoint] ... found polling page loop exception at pc = 0x000001803e0556ec, stub =0x000001803da55a80
[2025-06-17T23:39:36.111+0300][2596][7308 ][debug][safepoint] ... found polling page loop exception at pc = 0x000001803e0556ec, stub =0x000001803da55a80
[2025-06-17T23:39:36.111+0300][2596][14584][debug][safepoint] ... found polling page loop exception at pc = 0x000001803e0556ec, stub =0x000001803da55a80
[2025-06-17T23:39:36.111+0300][2596][6528 ][debug][safepoint] ... found polling page loop exception at pc = 0x000001803e06abce, stub =0x000001803da56300
[2025-06-17T23:39:36.111+0300][2596][15388][info ][gc       ] GC(42) Pause Final Update Refs 0.050ms
[2025-06-17T23:39:36.111+0300][2596][15388][info ][safepoint] Safepoint "ShenandoahFinalUpdateRefs", Time since last: 15559701 ns, Reaching safepoint: 380000 ns, Cleanup: 4899 ns, At safepoint: 97801 ns, Total: 482700 ns
[2025-06-17T23:39:36.111+0300][2596][22412][info ][gc       ] GC(42) Concurrent cleanup 309M->141M(2048M) 0.039ms
[2025-06-17T23:39:36.802+0300][2596][22412][info ][gc       ] Trigger: Average GC time (105.79 ms) is above the time for average allocation rate (2183 MB/s) to deplete free headroom (201M) (margin of error = 1.72)
[2025-06-17T23:39:36.802+0300][2596][22412][info ][gc       ] GC(43) Concurrent reset 0.958ms
[2025-06-17T23:39:36.802+0300][2596][15388][debug][safepoint] Safepoint synchronization initiated using striped semaphore wait barrier. (19 threads)
[2025-06-17T23:39:36.802+0300][2596][7308 ][debug][safepoint] ... found polling page loop exception at pc = 0x000001803e0d4f4d, stub =0x000001803da56300
[2025-06-17T23:39:36.802+0300][2596][16624][debug][safepoint] ... found polling page loop exception at pc = 0x000001803e05bce7, stub =0x000001803da56300
[2025-06-17T23:39:36.802+0300][2596][11620][debug][safepoint] ... found polling page loop exception at pc = 0x000001803e0556ec, stub =0x000001803da55a80
[2025-06-17T23:39:36.802+0300][2596][12000][debug][safepoint] ... found polling page loop exception at pc = 0x000001803e0556ec, stub =0x000001803da55a80
[2025-06-17T23:39:36.802+0300][2596][21880][debug][safepoint] ... found polling page loop exception at pc = 0x000001803e0556ec, stub =0x000001803da55a80
[2025-06-17T23:39:36.802+0300][2596][22344][debug][safepoint] ... found polling page loop exception at pc = 0x000001803e0556ec, stub =0x000001803da55a80
[2025-06-17T23:39:36.802+0300][2596][15388][info ][gc       ] GC(43) Pause Init Mark (unload classes) 0.036ms
[2025-06-17T23:39:36.802+0300][2596][15388][info ][safepoint] Safepoint "ShenandoahInitMark", Time since last: 690337700 ns, Reaching safepoint: 358000 ns, Cleanup: 17200 ns, At safepoint: 116500 ns, Total: 491700 ns
[2025-06-17T23:39:36.802+0300][2596][22412][info ][gc       ] GC(43) Concurrent marking roots 0.171ms
[2025-06-17T23:39:36.806+0300][2596][11620][debug][safepoint] ... found polling page loop exception at pc = 0x000001803e06abce, stub =0x000001803da56300
[2025-06-17T23:39:36.806+0300][2596][7308 ][debug][safepoint] ... found polling page loop exception at pc = 0x000001803e0556ec, stub =0x000001803da55a80
[2025-06-17T23:39:36.806+0300][2596][6528 ][debug][safepoint] ... found polling page loop exception at pc = 0x000001803e0556ec, stub =0x000001803da55a80
[2025-06-17T23:39:36.806+0300][2596][22344][debug][safepoint] ... found polling page loop exception at pc = 0x000001803e0556ec, stub =0x000001803da55a80
[2025-06-17T23:39:36.806+0300][2596][14584][debug][safepoint] ... found polling page loop exception at pc = 0x000001803e0556ec, stub =0x000001803da55a80
[2025-06-17T23:39:36.806+0300][2596][16624][debug][safepoint] ... found polling page loop exception at pc = 0x000001803e0556ec, stub =0x000001803da55a80
[2025-06-17T23:39:36.806+0300][2596][21880][debug][safepoint] ... found polling page loop exception at pc = 0x000001803e2191e0, stub =0x000001803da55a80
[2025-06-17T23:39:36.812+0300][2596][16624][debug][safepoint] ... found polling page loop exception at pc = 0x000001803e0556ec, stub =0x000001803da55a80
[2025-06-17T23:39:36.812+0300][2596][11620][debug][safepoint] ... found polling page loop exception at pc = 0x000001803e0556ec, stub =0x000001803da55a80
[2025-06-17T23:39:36.812+0300][2596][7308 ][debug][safepoint] ... found polling page loop exception at pc = 0x000001803e058607, stub =0x000001803da56300
[2025-06-17T23:39:36.812+0300][2596][14584][debug][safepoint] ... found polling page loop exception at pc = 0x000001803e0e10b1, stub =0x000001803da56300
[2025-06-17T23:39:36.812+0300][2596][6528 ][debug][safepoint] ... found polling page loop exception at pc = 0x000001803e0556ec, stub =0x000001803da55a80
[2025-06-17T23:39:36.812+0300][2596][22344][debug][safepoint] ... found polling page loop exception at pc = 0x000001803e0556ec, stub =0x000001803da55a80
[2025-06-17T23:39:36.812+0300][2596][12000][debug][safepoint] ... found polling page loop exception at pc = 0x000001803e0556ec, stub =0x000001803da55a80
[2025-06-17T23:39:36.812+0300][2596][21880][debug][safepoint] ... found polling page loop exception at pc = 0x000001803e0556ec, stub =0x000001803da55a80
[2025-06-17T23:39:36.818+0300][2596][22344][debug][safepoint] ... found polling page loop exception at pc = 0x000001803e0584a0, stub =0x000001803da56300
[2025-06-17T23:39:36.818+0300][2596][12000][debug][safepoint] ... found polling page loop exception at pc = 0x000001803e0556ec, stub =0x000001803da55a80
[2025-06-17T23:39:36.818+0300][2596][14584][debug][safepoint] ... found polling page loop exception at pc = 0x000001803e0556ec, stub =0x000001803da55a80
[2025-06-17T23:39:36.818+0300][2596][6528 ][debug][safepoint] ... found polling page loop exception at pc = 0x000001803e0556ec, stub =0x000001803da55a80
[2025-06-17T23:39:36.818+0300][2596][7308 ][debug][safepoint] ... found polling page loop exception at pc = 0x000001803e0584a0, stub =0x000001803da56300
[2025-06-17T23:39:36.818+0300][2596][11620][debug][safepoint] ... found polling page loop exception at pc = 0x000001803e0556ec, stub =0x000001803da55a80
[2025-06-17T23:39:36.818+0300][2596][16624][debug][safepoint] ... found polling page loop exception at pc = 0x000001803e0556ec, stub =0x000001803da55a80
[2025-06-17T23:39:36.818+0300][2596][21880][debug][safepoint] ... found polling page loop exception at pc = 0x000001803e0556ec, stub =0x000001803da55a80
[2025-06-17T23:39:36.822+0300][2596][22412][info ][gc       ] GC(43) Concurrent marking (unload classes) 19.674ms
[2025-06-17T23:39:36.822+0300][2596][15388][debug][safepoint] Safepoint synchronization initiated using striped semaphore wait barrier. (19 threads)
[2025-06-17T23:39:36.822+0300][2596][6528 ][debug][safepoint] ... found polling page loop exception at pc = 0x000001803e0556ec, stub =0x000001803da55a80
[2025-06-17T23:39:36.822+0300][2596][11620][debug][safepoint] ... found polling page loop exception at pc = 0x000001803e0556ec, stub =0x000001803da55a80
[2025-06-17T23:39:36.822+0300][2596][14584][debug][safepoint] ... found polling page loop exception at pc = 0x000001803e0556ec, stub =0x000001803da55a80
[2025-06-17T23:39:36.822+0300][2596][12000][debug][safepoint] ... found polling page loop exception at pc = 0x000001803e06abce, stub =0x000001803da56300
[2025-06-17T23:39:36.822+0300][2596][16624][debug][safepoint] ... found polling page loop exception at pc = 0x000001803e0556ec, stub =0x000001803da55a80
[2025-06-17T23:39:36.824+0300][2596][15388][info ][gc       ] GC(43) Pause Final Mark (unload classes) 0.153ms
[2025-06-17T23:39:36.824+0300][2596][15388][info ][safepoint] Safepoint "ShenandoahFinalMarkStartEvac", Time since last: 19997700 ns, Reaching safepoint: 343000 ns, Cleanup: 6800 ns, At safepoint: 216499 ns, Total: 566299 ns
[2025-06-17T23:39:36.824+0300][2596][22412][info ][gc       ] GC(43) Concurrent thread roots 0.179ms
[2025-06-17T23:39:36.824+0300][2596][22412][info ][gc       ] GC(43) Concurrent weak references 0.135ms
[2025-06-17T23:39:36.824+0300][2596][14584][debug][safepoint] ... found polling page loop exception at pc = 0x000001803e0556ec, stub =0x000001803da55a80
[2025-06-17T23:39:36.824+0300][2596][21880][debug][safepoint] ... found polling page loop exception at pc = 0x000001803e0c6885, stub =0x000001803da56300
[2025-06-17T23:39:36.824+0300][2596][11620][debug][safepoint] ... found polling page loop exception at pc = 0x000001803e0556ec, stub =0x000001803da55a80
[2025-06-17T23:39:36.824+0300][2596][7308 ][debug][safepoint] ... found polling page loop exception at pc = 0x000001803e0556ec, stub =0x000001803da55a80
[2025-06-17T23:39:36.824+0300][2596][12000][debug][safepoint] ... found polling page loop exception at pc = 0x000001803e0556ec, stub =0x000001803da55a80
[2025-06-17T23:39:36.824+0300][2596][6528 ][debug][safepoint] ... found polling page loop exception at pc = 0x000001803e0a3218, stub =0x000001803da56300
[2025-06-17T23:39:36.824+0300][2596][22412][info ][gc       ] GC(43) Concurrent weak roots 1.202ms
[2025-06-17T23:39:36.826+0300][2596][22412][info ][gc       ] GC(43) Concurrent cleanup 1696M->238M(2048M) 0.138ms
[2025-06-17T23:39:36.826+0300][2596][22412][debug][gc,phases] GC(43) ClassLoaderData 0.009ms
[2025-06-17T23:39:36.826+0300][2596][22412][debug][gc,phases] GC(43) Trigger cleanups 0.001ms
[2025-06-17T23:39:36.828+0300][2596][6528 ][debug][safepoint] ... found polling page loop exception at pc = 0x000001803e0556ec, stub =0x000001803da55a80
[2025-06-17T23:39:36.828+0300][2596][12000][debug][safepoint] ... found polling page loop exception at pc = 0x000001803e0556ec, stub =0x000001803da55a80
[2025-06-17T23:39:36.828+0300][2596][14584][debug][safepoint] ... found polling page loop exception at pc = 0x000001803e058607, stub =0x000001803da56300
[2025-06-17T23:39:36.828+0300][2596][21880][debug][safepoint] ... found polling page loop exception at pc = 0x000001803e0556ec, stub =0x000001803da55a80
[2025-06-17T23:39:36.828+0300][2596][22344][debug][safepoint] ... found polling page loop exception at pc = 0x000001803e2191e0, stub =0x000001803da55a80
[2025-06-17T23:39:36.828+0300][2596][11620][debug][safepoint] ... found polling page loop exception at pc = 0x000001803e0556ec, stub =0x000001803da55a80
[2025-06-17T23:39:36.830+0300][2596][22412][info ][gc       ] GC(43) Concurrent class unloading 5.522ms
[2025-06-17T23:39:36.830+0300][2596][22412][info ][gc       ] GC(43) Concurrent strong roots 0.203ms
[2025-06-17T23:39:36.832+0300][2596][22412][info ][gc       ] GC(43) Concurrent evacuation 1.211ms
[2025-06-17T23:39:36.832+0300][2596][15388][debug][safepoint] Safepoint synchronization initiated using striped semaphore wait barrier. (19 threads)
[2025-06-17T23:39:36.832+0300][2596][21880][debug][safepoint] ... found polling page loop exception at pc = 0x000001803e0584a0, stub =0x000001803da56300
[2025-06-17T23:39:36.832+0300][2596][7308 ][debug][safepoint] ... found polling page loop exception at pc = 0x000001803e0556ec, stub =0x000001803da55a80
[2025-06-17T23:39:36.832+0300][2596][12000][debug][safepoint] ... found polling page loop exception at pc = 0x000001803e0556ec, stub =0x000001803da55a80
[2025-06-17T23:39:36.832+0300][2596][22344][debug][safepoint] ... found polling page loop exception at pc = 0x000001803e0556ec, stub =0x000001803da55a80
[2025-06-17T23:39:36.832+0300][2596][15388][info ][gc       ] GC(43) Pause Init Update Refs 0.009ms
[2025-06-17T23:39:36.832+0300][2596][15388][info ][safepoint] Safepoint "ShenandoahInitUpdateRefs", Time since last: 8937700 ns, Reaching safepoint: 266401 ns, Cleanup: 4899 ns, At safepoint: 66201 ns, Total: 337501 ns
[2025-06-17T23:39:36.844+0300][2596][22412][info ][gc       ] GC(43) Concurrent update references 11.452ms
[2025-06-17T23:39:36.844+0300][2596][16624][debug][safepoint] ... found polling page loop exception at pc = 0x000001803e0556ec, stub =0x000001803da55a80
[2025-06-17T23:39:36.844+0300][2596][12000][debug][safepoint] ... found polling page loop exception at pc = 0x000001803e0556ec, stub =0x000001803da55a80
[2025-06-17T23:39:36.844+0300][2596][6528 ][debug][safepoint] ... found polling page loop exception at pc = 0x000001803e07653c, stub =0x000001803da56300
[2025-06-17T23:39:36.844+0300][2596][14584][debug][safepoint] ... found polling page loop exception at pc = 0x000001803e0556ec, stub =0x000001803da55a80
[2025-06-17T23:39:36.844+0300][2596][11620][debug][safepoint] ... found polling page loop exception at pc = 0x000001803e0556ec, stub =0x000001803da55a80
[2025-06-17T23:39:36.844+0300][2596][22344][debug][safepoint] ... found polling page loop exception at pc = 0x000001803e0556ec, stub =0x000001803da55a80
[2025-06-17T23:39:36.850+0300][2596][22412][info ][gc       ] GC(43) Concurrent update thread roots 4.575ms
[2025-06-17T23:39:36.850+0300][2596][15388][debug][safepoint] Safepoint synchronization initiated using striped semaphore wait barrier. (19 threads)
[2025-06-17T23:39:36.850+0300][2596][16624][debug][safepoint] ... found polling page loop exception at pc = 0x000001803e08b018, stub =0x000001803da56300
[2025-06-17T23:39:36.850+0300][2596][21880][debug][safepoint] ... found polling page loop exception at pc = 0x000001803e0556ec, stub =0x000001803da55a80
[2025-06-17T23:39:36.850+0300][2596][12000][debug][safepoint] ... found polling page loop exception at pc = 0x000001803e06abce, stub =0x000001803da56300
[2025-06-17T23:39:36.850+0300][2596][11620][debug][safepoint] ... found polling page loop exception at pc = 0x000001803e0556ec, stub =0x000001803da55a80
[2025-06-17T23:39:36.850+0300][2596][14584][debug][safepoint] ... found polling page loop exception at pc = 0x000001803e0556ec, stub =0x000001803da55a80
[2025-06-17T23:39:36.850+0300][2596][7308 ][debug][safepoint] ... found polling page loop exception at pc = 0x000001803e0556ec, stub =0x000001803da55a80
[2025-06-17T23:39:36.850+0300][2596][22344][debug][safepoint] ... found polling page loop exception at pc = 0x000001803e0d4f4d, stub =0x000001803da56300
[2025-06-17T23:39:36.850+0300][2596][15388][info ][gc       ] GC(43) Pause Final Update Refs 0.055ms
[2025-06-17T23:39:36.850+0300][2596][15388][info ][safepoint] Safepoint "ShenandoahFinalUpdateRefs", Time since last: 16193799 ns, Reaching safepoint: 329200 ns, Cleanup: 5101 ns, At safepoint: 112100 ns, Total: 446401 ns
[2025-06-17T23:39:36.850+0300][2596][22412][info ][gc       ] GC(43) Concurrent cleanup 291M->120M(2048M) 0.038ms
[2025-06-17T23:39:37.340+0300][2596][22412][info ][gc       ] Trigger: Average GC time (90.20 ms) is above the time for average allocation rate (2990 MB/s) to deplete free headroom (244M) (margin of error = 1.72)
[2025-06-17T23:39:37.340+0300][2596][22412][info ][gc       ] GC(44) Concurrent reset 1.013ms
[2025-06-17T23:39:37.340+0300][2596][15388][debug][safepoint] Safepoint synchronization initiated using striped semaphore wait barrier. (19 threads)
[2025-06-17T23:39:37.340+0300][2596][11620][debug][safepoint] ... found polling page loop exception at pc = 0x000001803e0556ec, stub =0x000001803da55a80
[2025-06-17T23:39:37.340+0300][2596][12000][debug][safepoint] ... found polling page loop exception at pc = 0x000001803e0556ec, stub =0x000001803da55a80
[2025-06-17T23:39:37.340+0300][2596][22344][debug][safepoint] ... found polling page loop exception at pc = 0x000001803e0556ec, stub =0x000001803da55a80
[2025-06-17T23:39:37.340+0300][2596][16624][debug][safepoint] ... found polling page loop exception at pc = 0x000001803e0556ec, stub =0x000001803da55a80
[2025-06-17T23:39:37.340+0300][2596][14584][debug][safepoint] ... found polling page loop exception at pc = 0x000001803e0556ec, stub =0x000001803da55a80
[2025-06-17T23:39:37.340+0300][2596][15388][info ][gc       ] GC(44) Pause Init Mark (unload classes) 0.029ms
[2025-06-17T23:39:37.340+0300][2596][15388][info ][safepoint] Safepoint "ShenandoahInitMark", Time since last: 490942900 ns, Reaching safepoint: 292000 ns, Cleanup: 11800 ns, At safepoint: 91900 ns, Total: 395700 ns
[2025-06-17T23:39:37.340+0300][2596][22412][info ][gc       ] GC(44) Concurrent marking roots 0.148ms
[2025-06-17T23:39:37.346+0300][2596][14584][debug][safepoint] ... found polling page loop exception at pc = 0x000001803e0556ec, stub =0x000001803da55a80
[2025-06-17T23:39:37.346+0300][2596][11620][debug][safepoint] ... found polling page loop exception at pc = 0x000001803e0556ec, stub =0x000001803da55a80
[2025-06-17T23:39:37.346+0300][2596][12000][debug][safepoint] ... found polling page loop exception at pc = 0x000001803e0556ec, stub =0x000001803da55a80
[2025-06-17T23:39:37.346+0300][2596][6528 ][debug][safepoint] ... found polling page loop exception at pc = 0x000001803e058607, stub =0x000001803da56300
[2025-06-17T23:39:37.346+0300][2596][21880][debug][safepoint] ... found polling page loop exception at pc = 0x000001803e0556ec, stub =0x000001803da55a80
[2025-06-17T23:39:37.346+0300][2596][14584][debug][safepoint] ... found polling page loop exception at pc = 0x000001803e0556ec, stub =0x000001803da55a80
[2025-06-17T23:39:37.346+0300][2596][11620][debug][safepoint] ... found polling page loop exception at pc = 0x000001803e06abce, stub =0x000001803da56300
[2025-06-17T23:39:37.346+0300][2596][12000][debug][safepoint] ... found polling page loop exception at pc = 0x000001803e219bbf, stub =0x000001803da55a80
[2025-06-17T23:39:37.346+0300][2596][6528 ][debug][safepoint] ... found polling page loop exception at pc = 0x000001803e0556ec, stub =0x000001803da55a80
[2025-06-17T23:39:37.346+0300][2596][7308 ][debug][safepoint] ... found polling page loop exception at pc = 0x000001803e0556ec, stub =0x000001803da55a80
[2025-06-17T23:39:37.356+0300][2596][22412][info ][gc       ] GC(44) Concurrent marking (unload classes) 13.980ms
[2025-06-17T23:39:37.356+0300][2596][15388][debug][safepoint] Safepoint synchronization initiated using striped semaphore wait barrier. (19 threads)
[2025-06-17T23:39:37.356+0300][2596][14584][debug][safepoint] ... found polling page loop exception at pc = 0x000001803e219bbf, stub =0x000001803da55a80
[2025-06-17T23:39:37.356+0300][2596][7308 ][debug][safepoint] ... found polling page loop exception at pc = 0x000001803e0556ec, stub =0x000001803da55a80
[2025-06-17T23:39:37.356+0300][2596][12000][debug][safepoint] ... found polling page loop exception at pc = 0x000001803e058607, stub =0x000001803da56300
[2025-06-17T23:39:37.356+0300][2596][11620][debug][safepoint] ... found polling page loop exception at pc = 0x000001803e058607, stub =0x000001803da56300
[2025-06-17T23:39:37.356+0300][2596][22344][debug][safepoint] ... found polling page loop exception at pc = 0x000001803e0556ec, stub =0x000001803da55a80
[2025-06-17T23:39:37.356+0300][2596][21880][debug][safepoint] ... found polling page loop exception at pc = 0x000001803e0e10b1, stub =0x000001803da56300
[2025-06-17T23:39:37.356+0300][2596][15388][info ][gc       ] GC(44) Pause Final Mark (unload classes) 0.147ms
[2025-06-17T23:39:37.356+0300][2596][15388][info ][safepoint] Safepoint "ShenandoahFinalMarkStartEvac", Time since last: 14289899 ns, Reaching safepoint: 325101 ns, Cleanup: 13700 ns, At safepoint: 198699 ns, Total: 537500 ns
[2025-06-17T23:39:37.356+0300][2596][22412][info ][gc       ] GC(44) Concurrent thread roots 0.131ms
[2025-06-17T23:39:37.356+0300][2596][22412][info ][gc       ] GC(44) Concurrent weak references 0.133ms
[2025-06-17T23:39:37.356+0300][2596][6528 ][debug][safepoint] ... found polling page loop exception at pc = 0x000001803e0556ec, stub =0x000001803da55a80
[2025-06-17T23:39:37.356+0300][2596][7308 ][debug][safepoint] ... found polling page loop exception at pc = 0x000001803e0556ec, stub =0x000001803da55a80
[2025-06-17T23:39:37.356+0300][2596][11620][debug][safepoint] ... found polling page loop exception at pc = 0x000001803e0547fb, stub =0x000001803da55a80
[2025-06-17T23:39:37.356+0300][2596][12000][debug][safepoint] ... found polling page loop exception at pc = 0x000001803e2191e0, stub =0x000001803da55a80
[2025-06-17T23:39:37.356+0300][2596][14584][debug][safepoint] ... found polling page loop exception at pc = 0x000001803e0556ec, stub =0x000001803da55a80
[2025-06-17T23:39:37.356+0300][2596][22412][info ][gc       ] GC(44) Concurrent weak roots 1.099ms
[2025-06-17T23:39:37.356+0300][2596][22412][info ][gc       ] GC(44) Concurrent cleanup 1650M->226M(2048M) 0.131ms
[2025-06-17T23:39:37.356+0300][2596][22412][debug][gc,phases] GC(44) ClassLoaderData 0.008ms
[2025-06-17T23:39:37.356+0300][2596][22412][debug][gc,phases] GC(44) Trigger cleanups 0.001ms
[2025-06-17T23:39:37.359+0300][2596][12000][debug][safepoint] ... found polling page loop exception at pc = 0x000001803e06abce, stub =0x000001803da56300
[2025-06-17T23:39:37.359+0300][2596][16624][debug][safepoint] ... found polling page loop exception at pc = 0x000001803e058607, stub =0x000001803da56300
[2025-06-17T23:39:37.359+0300][2596][21880][debug][safepoint] ... found polling page loop exception at pc = 0x000001803e0556ec, stub =0x000001803da55a80
[2025-06-17T23:39:37.359+0300][2596][11620][debug][safepoint] ... found polling page loop exception at pc = 0x000001803e06abce, stub =0x000001803da56300
[2025-06-17T23:39:37.359+0300][2596][7308 ][debug][safepoint] ... found polling page loop exception at pc = 0x000001803e18899e, stub =0x000001803da56300
[2025-06-17T23:39:37.359+0300][2596][14584][debug][safepoint] ... found polling page loop exception at pc = 0x000001803e06abce, stub =0x000001803da56300
[2025-06-17T23:39:37.359+0300][2596][22344][debug][safepoint] ... found polling page loop exception at pc = 0x000001803e05bce7, stub =0x000001803da56300
[2025-06-17T23:39:37.372+0300][2596][22412][info ][gc       ] GC(44) Concurrent class unloading 13.837ms
[2025-06-17T23:39:37.372+0300][2596][22412][info ][gc       ] GC(44) Concurrent strong roots 0.228ms
[2025-06-17T23:39:37.372+0300][2596][22412][info ][gc       ] GC(44) Concurrent evacuation 1.224ms
[2025-06-17T23:39:37.372+0300][2596][15388][debug][safepoint] Safepoint synchronization initiated using striped semaphore wait barrier. (19 threads)
[2025-06-17T23:39:37.372+0300][2596][14584][debug][safepoint] ... found polling page loop exception at pc = 0x000001803e0556ec, stub =0x000001803da55a80
[2025-06-17T23:39:37.372+0300][2596][11620][debug][safepoint] ... found polling page loop exception at pc = 0x000001803e0556ec, stub =0x000001803da55a80
[2025-06-17T23:39:37.372+0300][2596][7308 ][debug][safepoint] ... found polling page loop exception at pc = 0x000001803e0556ec, stub =0x000001803da55a80
[2025-06-17T23:39:37.372+0300][2596][16624][debug][safepoint] ... found polling page loop exception at pc = 0x000001803e0556ec, stub =0x000001803da55a80
[2025-06-17T23:39:37.372+0300][2596][15388][info ][gc       ] GC(44) Pause Init Update Refs 0.011ms
[2025-06-17T23:39:37.372+0300][2596][15388][info ][safepoint] Safepoint "ShenandoahInitUpdateRefs", Time since last: 17106301 ns, Reaching safepoint: 252200 ns, Cleanup: 9700 ns, At safepoint: 86000 ns, Total: 347900 ns
[2025-06-17T23:39:37.384+0300][2596][22412][info ][gc       ] GC(44) Concurrent update references 10.811ms
[2025-06-17T23:39:37.384+0300][2596][16624][debug][safepoint] ... found polling page loop exception at pc = 0x000001803e058607, stub =0x000001803da56300
[2025-06-17T23:39:37.384+0300][2596][14584][debug][safepoint] ... found polling page loop exception at pc = 0x000001803e0556ec, stub =0x000001803da55a80
[2025-06-17T23:39:37.384+0300][2596][11620][debug][safepoint] ... found polling page loop exception at pc = 0x000001803e0556ec, stub =0x000001803da55a80
[2025-06-17T23:39:37.384+0300][2596][22344][debug][safepoint] ... found polling page loop exception at pc = 0x000001803e0e8a02, stub =0x000001803da55a80
[2025-06-17T23:39:37.384+0300][2596][6528 ][debug][safepoint] ... found polling page loop exception at pc = 0x000001803e0a3218, stub =0x000001803da56300
[2025-06-17T23:39:37.384+0300][2596][7308 ][debug][safepoint] ... found polling page loop exception at pc = 0x000001803e0556ec, stub =0x000001803da55a80
[2025-06-17T23:39:37.384+0300][2596][22412][info ][gc       ] GC(44) Concurrent update thread roots 0.464ms
[2025-06-17T23:39:37.384+0300][2596][15388][debug][safepoint] Safepoint synchronization initiated using striped semaphore wait barrier. (19 threads)
[2025-06-17T23:39:37.384+0300][2596][11620][debug][safepoint] ... found polling page loop exception at pc = 0x000001803e0556ec, stub =0x000001803da55a80
[2025-06-17T23:39:37.384+0300][2596][7308 ][debug][safepoint] ... found polling page loop exception at pc = 0x000001803e0556ec, stub =0x000001803da55a80
[2025-06-17T23:39:37.384+0300][2596][22344][debug][safepoint] ... found polling page loop exception at pc = 0x000001803e0556ec, stub =0x000001803da55a80
[2025-06-17T23:39:37.384+0300][2596][16624][debug][safepoint] ... found polling page loop exception at pc = 0x000001803e0556ec, stub =0x000001803da55a80
[2025-06-17T23:39:37.384+0300][2596][6528 ][debug][safepoint] ... found polling page loop exception at pc = 0x000001803e0556ec, stub =0x000001803da55a80
[2025-06-17T23:39:37.384+0300][2596][14584][debug][safepoint] ... found polling page loop exception at pc = 0x000001803e2191e0, stub =0x000001803da55a80
[2025-06-17T23:39:37.384+0300][2596][15388][info ][gc       ] GC(44) Pause Final Update Refs 0.051ms
[2025-06-17T23:39:37.386+0300][2596][15388][info ][safepoint] Safepoint "ShenandoahFinalUpdateRefs", Time since last: 11435200 ns, Reaching safepoint: 273100 ns, Cleanup: 3300 ns, At safepoint: 114500 ns, Total: 390900 ns
[2025-06-17T23:39:37.386+0300][2596][22412][info ][gc       ] GC(44) Concurrent cleanup 284M->120M(2048M) 0.038ms
[2025-06-17T23:39:37.877+0300][2596][22412][info ][gc       ] Trigger: Average GC time (77.10 ms) is above the time for average allocation rate (3128 MB/s) to deplete free headroom (196M) (margin of error = 1.72)
[2025-06-17T23:39:37.877+0300][2596][22412][info ][gc       ] GC(45) Concurrent reset 1.064ms
[2025-06-17T23:39:37.877+0300][2596][15388][debug][safepoint] Safepoint synchronization initiated using striped semaphore wait barrier. (19 threads)
[2025-06-17T23:39:37.877+0300][2596][14584][debug][safepoint] ... found polling page loop exception at pc = 0x000001803e133d2e, stub =0x000001803da56300
[2025-06-17T23:39:37.877+0300][2596][7308 ][debug][safepoint] ... found polling page loop exception at pc = 0x000001803e0706fb, stub =0x000001803da56300
[2025-06-17T23:39:37.877+0300][2596][16624][debug][safepoint] ... found polling page loop exception at pc = 0x000001803e0556ec, stub =0x000001803da55a80
[2025-06-17T23:39:37.877+0300][2596][22344][debug][safepoint] ... found polling page loop exception at pc = 0x000001803e0556ec, stub =0x000001803da55a80
[2025-06-17T23:39:37.877+0300][2596][21880][debug][safepoint] ... found polling page loop exception at pc = 0x000001803e0584a0, stub =0x000001803da56300
[2025-06-17T23:39:37.877+0300][2596][12000][debug][safepoint] ... found polling page loop exception at pc = 0x000001803e05a45d, stub =0x000001803da56300
[2025-06-17T23:39:37.877+0300][2596][11620][debug][safepoint] ... found polling page loop exception at pc = 0x000001803e0556ec, stub =0x000001803da55a80
[2025-06-17T23:39:37.877+0300][2596][15388][info ][gc       ] GC(45) Pause Init Mark (unload classes) 0.031ms
[2025-06-17T23:39:37.877+0300][2596][15388][info ][safepoint] Safepoint "ShenandoahInitMark", Time since last: 493092400 ns, Reaching safepoint: 420500 ns, Cleanup: 5800 ns, At safepoint: 84900 ns, Total: 511200 ns
[2025-06-17T23:39:37.877+0300][2596][22412][info ][gc       ] GC(45) Concurrent marking roots 0.177ms
[2025-06-17T23:39:37.883+0300][2596][14584][debug][safepoint] ... found polling page loop exception at pc = 0x000001803e219bbf, stub =0x000001803da55a80
[2025-06-17T23:39:37.883+0300][2596][11620][debug][safepoint] ... found polling page loop exception at pc = 0x000001803e0556ec, stub =0x000001803da55a80
[2025-06-17T23:39:37.883+0300][2596][6528 ][debug][safepoint] ... found polling page loop exception at pc = 0x000001803e0d4f4d, stub =0x000001803da56300
[2025-06-17T23:39:37.883+0300][2596][7308 ][debug][safepoint] ... found polling page loop exception at pc = 0x000001803e0584a0, stub =0x000001803da56300
[2025-06-17T23:39:37.883+0300][2596][21880][debug][safepoint] ... found polling page loop exception at pc = 0x000001803e0556ec, stub =0x000001803da55a80
[2025-06-17T23:39:37.887+0300][2596][16624][debug][safepoint] ... found polling page loop exception at pc = 0x000001803e0556ec, stub =0x000001803da55a80
[2025-06-17T23:39:37.887+0300][2596][7308 ][debug][safepoint] ... found polling page loop exception at pc = 0x000001803e0556ec, stub =0x000001803da55a80
[2025-06-17T23:39:37.887+0300][2596][21880][debug][safepoint] ... found polling page loop exception at pc = 0x000001803e0556ec, stub =0x000001803da55a80
[2025-06-17T23:39:37.887+0300][2596][6528 ][debug][safepoint] ... found polling page loop exception at pc = 0x000001803e0556ec, stub =0x000001803da55a80
[2025-06-17T23:39:37.887+0300][2596][12000][debug][safepoint] ... found polling page loop exception at pc = 0x000001803e0556ec, stub =0x000001803da55a80
[2025-06-17T23:39:37.887+0300][2596][11620][debug][safepoint] ... found polling page loop exception at pc = 0x000001803e0556ec, stub =0x000001803da55a80
[2025-06-17T23:39:37.893+0300][2596][11620][debug][safepoint] ... found polling page loop exception at pc = 0x000001803e08b018, stub =0x000001803da56300
[2025-06-17T23:39:37.893+0300][2596][14584][debug][safepoint] ... found polling page loop exception at pc = 0x000001803e0584a0, stub =0x000001803da56300
[2025-06-17T23:39:37.893+0300][2596][22344][debug][safepoint] ... found polling page loop exception at pc = 0x000001803e0556ec, stub =0x000001803da55a80
[2025-06-17T23:39:37.893+0300][2596][6528 ][debug][safepoint] ... found polling page loop exception at pc = 0x000001803e096f0b, stub =0x000001803da55a80
[2025-06-17T23:39:37.895+0300][2596][22412][info ][gc       ] GC(45) Concurrent marking (unload classes) 15.741ms
[2025-06-17T23:39:37.895+0300][2596][15388][debug][safepoint] Safepoint synchronization initiated using striped semaphore wait barrier. (19 threads)
[2025-06-17T23:39:37.895+0300][2596][11620][debug][safepoint] ... found polling page loop exception at pc = 0x000001803e0556ec, stub =0x000001803da55a80
[2025-06-17T23:39:37.895+0300][2596][12000][debug][safepoint] ... found polling page loop exception at pc = 0x000001803e06abce, stub =0x000001803da56300
[2025-06-17T23:39:37.895+0300][2596][22344][debug][safepoint] ... found polling page loop exception at pc = 0x000001803e0f59c2, stub =0x000001803da55a80
[2025-06-17T23:39:37.895+0300][2596][7308 ][debug][safepoint] ... found polling page loop exception at pc = 0x000001803e0556ec, stub =0x000001803da55a80
[2025-06-17T23:39:37.895+0300][2596][16624][debug][safepoint] ... found polling page loop exception at pc = 0x000001803e0556ec, stub =0x000001803da55a80
[2025-06-17T23:39:37.895+0300][2596][21880][debug][safepoint] ... found polling page loop exception at pc = 0x000001803e058607, stub =0x000001803da56300
[2025-06-17T23:39:37.895+0300][2596][15388][info ][gc       ] GC(45) Pause Final Mark (unload classes) 0.163ms
[2025-06-17T23:39:37.895+0300][2596][15388][info ][safepoint] Safepoint "ShenandoahFinalMarkStartEvac", Time since last: 16067600 ns, Reaching safepoint: 309100 ns, Cleanup: 11800 ns, At safepoint: 227300 ns, Total: 548200 ns
[2025-06-17T23:39:37.895+0300][2596][22412][info ][gc       ] GC(45) Concurrent thread roots 0.198ms
[2025-06-17T23:39:37.895+0300][2596][22412][info ][gc       ] GC(45) Concurrent weak references 0.141ms
[2025-06-17T23:39:37.895+0300][2596][22344][debug][safepoint] ... found polling page loop exception at pc = 0x000001803e150617, stub =0x000001803da55a80
[2025-06-17T23:39:37.895+0300][2596][16624][debug][safepoint] ... found polling page loop exception at pc = 0x000001803e0ec70c, stub =0x000001803da55a80
[2025-06-17T23:39:37.895+0300][2596][7308 ][debug][safepoint] ... found polling page loop exception at pc = 0x000001803e0556ec, stub =0x000001803da55a80
[2025-06-17T23:39:37.895+0300][2596][14584][debug][safepoint] ... found polling page loop exception at pc = 0x000001803e0556ec, stub =0x000001803da55a80
[2025-06-17T23:39:37.895+0300][2596][11620][debug][safepoint] ... found polling page loop exception at pc = 0x000001803e0556ec, stub =0x000001803da55a80
[2025-06-17T23:39:37.897+0300][2596][22412][info ][gc       ] GC(45) Concurrent weak roots 1.158ms
[2025-06-17T23:39:37.897+0300][2596][22412][info ][gc       ] GC(45) Concurrent cleanup 1701M->237M(2048M) 0.139ms
[2025-06-17T23:39:37.897+0300][2596][22412][debug][gc,phases] GC(45) ClassLoaderData 0.010ms
[2025-06-17T23:39:37.897+0300][2596][22412][debug][gc,phases] GC(45) Trigger cleanups 0.000ms
[2025-06-17T23:39:37.900+0300][2596][14584][debug][safepoint] ... found polling page loop exception at pc = 0x000001803e06abce, stub =0x000001803da56300
[2025-06-17T23:39:37.900+0300][2596][11620][debug][safepoint] ... found polling page loop exception at pc = 0x000001803e0556ec, stub =0x000001803da55a80
[2025-06-17T23:39:37.900+0300][2596][21880][debug][safepoint] ... found polling page loop exception at pc = 0x000001803e0556ec, stub =0x000001803da55a80
[2025-06-17T23:39:37.900+0300][2596][12000][debug][safepoint] ... found polling page loop exception at pc = 0x000001803e0584a0, stub =0x000001803da56300
[2025-06-17T23:39:37.900+0300][2596][22412][info ][gc       ] GC(45) Concurrent class unloading 2.711ms
[2025-06-17T23:39:37.900+0300][2596][22412][info ][gc       ] GC(45) Concurrent strong roots 0.203ms
[2025-06-17T23:39:37.902+0300][2596][22412][info ][gc       ] GC(45) Concurrent evacuation 1.125ms
[2025-06-17T23:39:37.902+0300][2596][15388][debug][safepoint] Safepoint synchronization initiated using striped semaphore wait barrier. (19 threads)
[2025-06-17T23:39:37.902+0300][2596][12000][debug][safepoint] ... found polling page loop exception at pc = 0x000001803e0556ec, stub =0x000001803da55a80
[2025-06-17T23:39:37.902+0300][2596][14584][debug][safepoint] ... found polling page loop exception at pc = 0x000001803e0556ec, stub =0x000001803da55a80
[2025-06-17T23:39:37.902+0300][2596][7308 ][debug][safepoint] ... found polling page loop exception at pc = 0x000001803e0556ec, stub =0x000001803da55a80
[2025-06-17T23:39:37.902+0300][2596][22344][debug][safepoint] ... found polling page loop exception at pc = 0x000001803e0556ec, stub =0x000001803da55a80
[2025-06-17T23:39:37.902+0300][2596][16624][debug][safepoint] ... found polling page loop exception at pc = 0x000001803e0584a0, stub =0x000001803da56300
[2025-06-17T23:39:37.902+0300][2596][21880][debug][safepoint] ... found polling page loop exception at pc = 0x000001803e0556ec, stub =0x000001803da55a80
[2025-06-17T23:39:37.902+0300][2596][6528 ][debug][safepoint] ... found polling page loop exception at pc = 0x000001803e07ec94, stub =0x000001803da56300
[2025-06-17T23:39:37.902+0300][2596][11620][debug][safepoint] ... found polling page loop exception at pc = 0x000001803e0556ec, stub =0x000001803da55a80
[2025-06-17T23:39:37.902+0300][2596][15388][info ][gc       ] GC(45) Pause Init Update Refs 0.009ms
[2025-06-17T23:39:37.902+0300][2596][15388][info ][safepoint] Safepoint "ShenandoahInitUpdateRefs", Time since last: 5997000 ns, Reaching safepoint: 342100 ns, Cleanup: 4800 ns, At safepoint: 72899 ns, Total: 419799 ns
[2025-06-17T23:39:37.913+0300][2596][22412][info ][gc       ] GC(45) Concurrent update references 11.558ms
[2025-06-17T23:39:37.913+0300][2596][14584][debug][safepoint] ... found polling page loop exception at pc = 0x000001803e0584a0, stub =0x000001803da56300
[2025-06-17T23:39:37.913+0300][2596][22344][debug][safepoint] ... found polling page loop exception at pc = 0x000001803e0768b9, stub =0x000001803da56300
[2025-06-17T23:39:37.913+0300][2596][11620][debug][safepoint] ... found polling page loop exception at pc = 0x000001803e0556ec, stub =0x000001803da55a80
[2025-06-17T23:39:37.913+0300][2596][21880][debug][safepoint] ... found polling page loop exception at pc = 0x000001803e0556ec, stub =0x000001803da55a80
[2025-06-17T23:39:37.913+0300][2596][12000][debug][safepoint] ... found polling page loop exception at pc = 0x000001803e0556ec, stub =0x000001803da55a80
[2025-06-17T23:39:37.913+0300][2596][16624][debug][safepoint] ... found polling page loop exception at pc = 0x000001803e0556ec, stub =0x000001803da55a80
[2025-06-17T23:39:37.925+0300][2596][22412][info ][gc       ] GC(45) Concurrent update thread roots 11.006ms
[2025-06-17T23:39:37.925+0300][2596][15388][debug][safepoint] Safepoint synchronization initiated using striped semaphore wait barrier. (19 threads)
[2025-06-17T23:39:37.925+0300][2596][7308 ][debug][safepoint] ... found polling page loop exception at pc = 0x000001803e0556ec, stub =0x000001803da55a80
[2025-06-17T23:39:37.925+0300][2596][11620][debug][safepoint] ... found polling page loop exception at pc = 0x000001803e0556ec, stub =0x000001803da55a80
[2025-06-17T23:39:37.925+0300][2596][6528 ][debug][safepoint] ... found polling page loop exception at pc = 0x000001803e2191e0, stub =0x000001803da55a80
[2025-06-17T23:39:37.925+0300][2596][21880][debug][safepoint] ... found polling page loop exception at pc = 0x000001803e0556ec, stub =0x000001803da55a80
[2025-06-17T23:39:37.925+0300][2596][15388][info ][gc       ] GC(45) Pause Final Update Refs 0.067ms
[2025-06-17T23:39:37.925+0300][2596][15388][info ][safepoint] Safepoint "ShenandoahFinalUpdateRefs", Time since last: 22747600 ns, Reaching safepoint: 315900 ns, Cleanup: 6101 ns, At safepoint: 120899 ns, Total: 442900 ns
[2025-06-17T23:39:37.925+0300][2596][22412][info ][gc       ] GC(45) Concurrent cleanup 297M->125M(2048M) 0.042ms
[2025-06-17T23:39:38.463+0300][2596][22412][info ][gc       ] Trigger: Average GC time (68.09 ms) is above the time for average allocation rate (2900 MB/s) to deplete free headroom (181M) (margin of error = 1.72)
[2025-06-17T23:39:38.463+0300][2596][22412][info ][gc       ] GC(46) Concurrent reset 1.003ms
[2025-06-17T23:39:38.463+0300][2596][15388][debug][safepoint] Safepoint synchronization initiated using striped semaphore wait barrier. (19 threads)
[2025-06-17T23:39:38.463+0300][2596][12000][debug][safepoint] ... found polling page loop exception at pc = 0x000001803e0556ec, stub =0x000001803da55a80
[2025-06-17T23:39:38.463+0300][2596][7308 ][debug][safepoint] ... found polling page loop exception at pc = 0x000001803e0556ec, stub =0x000001803da55a80
[2025-06-17T23:39:38.463+0300][2596][21880][debug][safepoint] ... found polling page loop exception at pc = 0x000001803e0556ec, stub =0x000001803da55a80
[2025-06-17T23:39:38.463+0300][2596][6528 ][debug][safepoint] ... found polling page loop exception at pc = 0x000001803e0556ec, stub =0x000001803da55a80
[2025-06-17T23:39:38.463+0300][2596][16624][debug][safepoint] ... found polling page loop exception at pc = 0x000001803e0556ec, stub =0x000001803da55a80
[2025-06-17T23:39:38.463+0300][2596][14584][debug][safepoint] ... found polling page loop exception at pc = 0x000001803e0556ec, stub =0x000001803da55a80
[2025-06-17T23:39:38.463+0300][2596][15388][info ][gc       ] GC(46) Pause Init Mark (unload classes) 0.043ms
[2025-06-17T23:39:38.463+0300][2596][15388][info ][safepoint] Safepoint "ShenandoahInitMark", Time since last: 538300201 ns, Reaching safepoint: 356699 ns, Cleanup: 15601 ns, At safepoint: 120200 ns, Total: 492500 ns
[2025-06-17T23:39:38.463+0300][2596][22412][info ][gc       ] GC(46) Concurrent marking roots 0.166ms
[2025-06-17T23:39:38.469+0300][2596][12000][debug][safepoint] ... found polling page loop exception at pc = 0x000001803e0556ec, stub =0x000001803da55a80
[2025-06-17T23:39:38.469+0300][2596][6528 ][debug][safepoint] ... found polling page loop exception at pc = 0x000001803e096f0b, stub =0x000001803da55a80
[2025-06-17T23:39:38.469+0300][2596][7308 ][debug][safepoint] ... found polling page loop exception at pc = 0x000001803e096f0b, stub =0x000001803da55a80
[2025-06-17T23:39:38.478+0300][2596][7308 ][debug][safepoint] ... found polling page loop exception at pc = 0x000001803e0556ec, stub =0x000001803da55a80
[2025-06-17T23:39:38.478+0300][2596][22344][debug][safepoint] ... found polling page loop exception at pc = 0x000001803e0556ec, stub =0x000001803da55a80
[2025-06-17T23:39:38.478+0300][2596][11620][debug][safepoint] ... found polling page loop exception at pc = 0x000001803e0556ec, stub =0x000001803da55a80
[2025-06-17T23:39:38.478+0300][2596][12000][debug][safepoint] ... found polling page loop exception at pc = 0x000001803e133d2e, stub =0x000001803da56300
[2025-06-17T23:39:38.478+0300][2596][21880][debug][safepoint] ... found polling page loop exception at pc = 0x000001803e0556ec, stub =0x000001803da55a80
[2025-06-17T23:39:38.478+0300][2596][22412][info ][gc       ] GC(46) Concurrent marking (unload classes) 14.516ms
[2025-06-17T23:39:38.478+0300][2596][15388][debug][safepoint] Safepoint synchronization initiated using striped semaphore wait barrier. (19 threads)
[2025-06-17T23:39:38.478+0300][2596][16624][debug][safepoint] ... found polling page loop exception at pc = 0x000001803e0556ec, stub =0x000001803da55a80
[2025-06-17T23:39:38.478+0300][2596][12000][debug][safepoint] ... found polling page loop exception at pc = 0x000001803e0556ec, stub =0x000001803da55a80
[2025-06-17T23:39:38.478+0300][2596][7308 ][debug][safepoint] ... found polling page loop exception at pc = 0x000001803e0556ec, stub =0x000001803da55a80
[2025-06-17T23:39:38.478+0300][2596][11620][debug][safepoint] ... found polling page loop exception at pc = 0x000001803e0556ec, stub =0x000001803da55a80
[2025-06-17T23:39:38.478+0300][2596][21880][debug][safepoint] ... found polling page loop exception at pc = 0x000001803e0584a0, stub =0x000001803da56300
[2025-06-17T23:39:38.478+0300][2596][6528 ][debug][safepoint] ... found polling page loop exception at pc = 0x000001803e0556ec, stub =0x000001803da55a80
[2025-06-17T23:39:38.478+0300][2596][15388][info ][gc       ] GC(46) Pause Final Mark (unload classes) 0.156ms
[2025-06-17T23:39:38.478+0300][2596][15388][info ][safepoint] Safepoint "ShenandoahFinalMarkStartEvac", Time since last: 14838499 ns, Reaching safepoint: 374901 ns, Cleanup: 4800 ns, At safepoint: 207899 ns, Total: 587600 ns
[2025-06-17T23:39:38.478+0300][2596][22412][info ][gc       ] GC(46) Concurrent thread roots 0.274ms
[2025-06-17T23:39:38.478+0300][2596][22412][info ][gc       ] GC(46) Concurrent weak references 0.142ms
[2025-06-17T23:39:38.478+0300][2596][21880][debug][safepoint] ... found polling page loop exception at pc = 0x000001803e0556ec, stub =0x000001803da55a80
[2025-06-17T23:39:38.478+0300][2596][6528 ][debug][safepoint] ... found polling page loop exception at pc = 0x000001803e06abce, stub =0x000001803da56300
[2025-06-17T23:39:38.478+0300][2596][7308 ][debug][safepoint] ... found polling page loop exception at pc = 0x000001803e0556ec, stub =0x000001803da55a80
[2025-06-17T23:39:38.478+0300][2596][16624][debug][safepoint] ... found polling page loop exception at pc = 0x000001803e0556ec, stub =0x000001803da55a80
[2025-06-17T23:39:38.478+0300][2596][14584][debug][safepoint] ... found polling page loop exception at pc = 0x000001803e0556ec, stub =0x000001803da55a80
[2025-06-17T23:39:38.494+0300][2596][22412][info ][gc       ] GC(46) Concurrent weak roots 13.591ms
[2025-06-17T23:39:38.494+0300][2596][22412][info ][gc       ] GC(46) Concurrent cleanup 1735M->251M(2048M) 0.147ms
[2025-06-17T23:39:38.494+0300][2596][22412][debug][gc,phases] GC(46) ClassLoaderData 0.015ms
[2025-06-17T23:39:38.494+0300][2596][22412][debug][gc,phases] GC(46) Trigger cleanups 0.000ms
[2025-06-17T23:39:38.496+0300][2596][14584][debug][safepoint] ... found polling page loop exception at pc = 0x000001803e0556ec, stub =0x000001803da55a80
[2025-06-17T23:39:38.496+0300][2596][16624][debug][safepoint] ... found polling page loop exception at pc = 0x000001803e0556ec, stub =0x000001803da55a80
[2025-06-17T23:39:38.496+0300][2596][12000][debug][safepoint] ... found polling page loop exception at pc = 0x000001803e0556ec, stub =0x000001803da55a80
[2025-06-17T23:39:38.496+0300][2596][22344][debug][safepoint] ... found polling page loop exception at pc = 0x000001803e0556ec, stub =0x000001803da55a80
[2025-06-17T23:39:38.496+0300][2596][22412][info ][gc       ] GC(46) Concurrent class unloading 2.840ms
[2025-06-17T23:39:38.496+0300][2596][22412][info ][gc       ] GC(46) Concurrent strong roots 0.175ms
[2025-06-17T23:39:38.498+0300][2596][22412][info ][gc       ] GC(46) Concurrent evacuation 1.091ms
[2025-06-17T23:39:38.498+0300][2596][15388][debug][safepoint] Safepoint synchronization initiated using striped semaphore wait barrier. (19 threads)
[2025-06-17T23:39:38.498+0300][2596][21880][debug][safepoint] ... found polling page loop exception at pc = 0x000001803e0556ec, stub =0x000001803da55a80
[2025-06-17T23:39:38.498+0300][2596][12000][debug][safepoint] ... found polling page loop exception at pc = 0x000001803e0556ec, stub =0x000001803da55a80
[2025-06-17T23:39:38.498+0300][2596][11620][debug][safepoint] ... found polling page loop exception at pc = 0x000001803e0556ec, stub =0x000001803da55a80
[2025-06-17T23:39:38.498+0300][2596][22344][debug][safepoint] ... found polling page loop exception at pc = 0x000001803e0556ec, stub =0x000001803da55a80
[2025-06-17T23:39:38.498+0300][2596][16624][debug][safepoint] ... found polling page loop exception at pc = 0x000001803e0556ec, stub =0x000001803da55a80
[2025-06-17T23:39:38.498+0300][2596][7308 ][debug][safepoint] ... found polling page loop exception at pc = 0x000001803e0556ec, stub =0x000001803da55a80
[2025-06-17T23:39:38.498+0300][2596][14584][debug][safepoint] ... found polling page loop exception at pc = 0x000001803e0556ec, stub =0x000001803da55a80
[2025-06-17T23:39:38.498+0300][2596][15388][info ][gc       ] GC(46) Pause Init Update Refs 0.008ms
[2025-06-17T23:39:38.498+0300][2596][15388][info ][safepoint] Safepoint "ShenandoahInitUpdateRefs", Time since last: 18617201 ns, Reaching safepoint: 352800 ns, Cleanup: 4900 ns, At safepoint: 61500 ns, Total: 419200 ns
[2025-06-17T23:39:38.508+0300][2596][22412][info ][gc       ] GC(46) Concurrent update references 9.221ms
[2025-06-17T23:39:38.508+0300][2596][7308 ][debug][safepoint] ... found polling page loop exception at pc = 0x000001803e0556ec, stub =0x000001803da55a80
[2025-06-17T23:39:38.508+0300][2596][22344][debug][safepoint] ... found polling page loop exception at pc = 0x000001803e0dab13, stub =0x000001803da56300
[2025-06-17T23:39:38.508+0300][2596][21880][debug][safepoint] ... found polling page loop exception at pc = 0x000001803e0556ec, stub =0x000001803da55a80
[2025-06-17T23:39:38.508+0300][2596][12000][debug][safepoint] ... found polling page loop exception at pc = 0x000001803e058607, stub =0x000001803da56300
[2025-06-17T23:39:38.525+0300][2596][22412][info ][gc       ] GC(46) Concurrent update thread roots 17.405ms
[2025-06-17T23:39:38.525+0300][2596][15388][debug][safepoint] Safepoint synchronization initiated using striped semaphore wait barrier. (19 threads)
[2025-06-17T23:39:38.525+0300][2596][21880][debug][safepoint] ... found polling page loop exception at pc = 0x000001803e0556ec, stub =0x000001803da55a80
[2025-06-17T23:39:38.525+0300][2596][6528 ][debug][safepoint] ... found polling page loop exception at pc = 0x000001803e0556ec, stub =0x000001803da55a80
[2025-06-17T23:39:38.525+0300][2596][11620][debug][safepoint] ... found polling page loop exception at pc = 0x000001803e0556ec, stub =0x000001803da55a80
[2025-06-17T23:39:38.525+0300][2596][7308 ][debug][safepoint] ... found polling page loop exception at pc = 0x000001803e0556ec, stub =0x000001803da55a80
[2025-06-17T23:39:38.525+0300][2596][22344][debug][safepoint] ... found polling page loop exception at pc = 0x000001803e0ec70c, stub =0x000001803da55a80
[2025-06-17T23:39:38.525+0300][2596][14584][debug][safepoint] ... found polling page loop exception at pc = 0x000001803e0556ec, stub =0x000001803da55a80
[2025-06-17T23:39:38.525+0300][2596][12000][debug][safepoint] ... found polling page loop exception at pc = 0x000001803e0556ec, stub =0x000001803da55a80
[2025-06-17T23:39:38.525+0300][2596][15388][info ][gc       ] GC(46) Pause Final Update Refs 0.082ms
[2025-06-17T23:39:38.525+0300][2596][15388][info ][safepoint] Safepoint "ShenandoahFinalUpdateRefs", Time since last: 26849100 ns, Reaching safepoint: 433000 ns, Cleanup: 7200 ns, At safepoint: 163799 ns, Total: 603999 ns
[2025-06-17T23:39:38.525+0300][2596][22412][info ][gc       ] GC(46) Concurrent cleanup 317M->148M(2048M) 0.039ms
[2025-06-17T23:39:39.108+0300][2596][22412][info ][gc       ] Trigger: Average GC time (74.09 ms) is above the time for average allocation rate (2390 MB/s) to deplete free headroom (165M) (margin of error = 1.72)
[2025-06-17T23:39:39.108+0300][2596][22412][info ][gc       ] GC(47) Concurrent reset 0.910ms
[2025-06-17T23:39:39.108+0300][2596][15388][debug][safepoint] Safepoint synchronization initiated using striped semaphore wait barrier. (19 threads)
[2025-06-17T23:39:39.108+0300][2596][22344][debug][safepoint] ... found polling page loop exception at pc = 0x000001803e0556ec, stub =0x000001803da55a80
[2025-06-17T23:39:39.108+0300][2596][12000][debug][safepoint] ... found polling page loop exception at pc = 0x000001803e0556ec, stub =0x000001803da55a80
[2025-06-17T23:39:39.108+0300][2596][11620][debug][safepoint] ... found polling page loop exception at pc = 0x000001803e0556ec, stub =0x000001803da55a80
[2025-06-17T23:39:39.108+0300][2596][14584][debug][safepoint] ... found polling page loop exception at pc = 0x000001803e0556ec, stub =0x000001803da55a80
[2025-06-17T23:39:39.108+0300][2596][16624][debug][safepoint] ... found polling page loop exception at pc = 0x000001803e0556ec, stub =0x000001803da55a80
[2025-06-17T23:39:39.108+0300][2596][6528 ][debug][safepoint] ... found polling page loop exception at pc = 0x000001803e0556ec, stub =0x000001803da55a80
[2025-06-17T23:39:39.108+0300][2596][21880][debug][safepoint] ... found polling page loop exception at pc = 0x000001803e0556ec, stub =0x000001803da55a80
[2025-06-17T23:39:39.108+0300][2596][7308 ][debug][safepoint] ... found polling page loop exception at pc = 0x000001803dfda82a, stub =0x000001803da56300
[2025-06-17T23:39:39.108+0300][2596][15388][info ][gc       ] GC(47) Pause Init Mark (unload classes) 0.029ms
[2025-06-17T23:39:39.110+0300][2596][15388][info ][safepoint] Safepoint "ShenandoahInitMark", Time since last: 583460700 ns, Reaching safepoint: 449301 ns, Cleanup: 18899 ns, At safepoint: 99301 ns, Total: 567501 ns
[2025-06-17T23:39:39.110+0300][2596][22412][info ][gc       ] GC(47) Concurrent marking roots 0.159ms
[2025-06-17T23:39:39.114+0300][2596][22344][debug][safepoint] ... found polling page loop exception at pc = 0x000001803e0556ec, stub =0x000001803da55a80
[2025-06-17T23:39:39.114+0300][2596][14584][debug][safepoint] ... found polling page loop exception at pc = 0x000001803e0556ec, stub =0x000001803da55a80
[2025-06-17T23:39:39.114+0300][2596][16624][debug][safepoint] ... found polling page loop exception at pc = 0x000001803e0556ec, stub =0x000001803da55a80
[2025-06-17T23:39:39.114+0300][2596][6528 ][debug][safepoint] ... found polling page loop exception at pc = 0x000001803e05a45d, stub =0x000001803da56300
[2025-06-17T23:39:39.114+0300][2596][12000][debug][safepoint] ... found polling page loop exception at pc = 0x000001803e0556ec, stub =0x000001803da55a80
[2025-06-17T23:39:39.124+0300][2596][7308 ][debug][safepoint] ... found polling page loop exception at pc = 0x000001803e0556ec, stub =0x000001803da55a80
[2025-06-17T23:39:39.124+0300][2596][11620][debug][safepoint] ... found polling page loop exception at pc = 0x000001803e0f528b, stub =0x000001803da55a80
[2025-06-17T23:39:39.124+0300][2596][21880][debug][safepoint] ... found polling page loop exception at pc = 0x000001803e0556ec, stub =0x000001803da55a80
[2025-06-17T23:39:39.124+0300][2596][16624][debug][safepoint] ... found polling page loop exception at pc = 0x000001803e0556ec, stub =0x000001803da55a80
[2025-06-17T23:39:39.124+0300][2596][22344][debug][safepoint] ... found polling page loop exception at pc = 0x000001803e0584a0, stub =0x000001803da56300
[2025-06-17T23:39:39.128+0300][2596][7308 ][debug][safepoint] ... found polling page loop exception at pc = 0x000001803e10277a, stub =0x000001803da56300
[2025-06-17T23:39:39.128+0300][2596][16624][debug][safepoint] ... found polling page loop exception at pc = 0x000001803e2191e0, stub =0x000001803da55a80
[2025-06-17T23:39:39.128+0300][2596][12000][debug][safepoint] ... found polling page loop exception at pc = 0x000001803e0556ec, stub =0x000001803da55a80
[2025-06-17T23:39:39.128+0300][2596][11620][debug][safepoint] ... found polling page loop exception at pc = 0x000001803e0556ec, stub =0x000001803da55a80
[2025-06-17T23:39:39.128+0300][2596][14584][debug][safepoint] ... found polling page loop exception at pc = 0x000001803e0556ec, stub =0x000001803da55a80
[2025-06-17T23:39:39.134+0300][2596][22412][info ][gc       ] GC(47) Concurrent marking (unload classes) 25.546ms
[2025-06-17T23:39:39.136+0300][2596][15388][debug][safepoint] Safepoint synchronization initiated using striped semaphore wait barrier. (19 threads)
[2025-06-17T23:39:39.136+0300][2596][22344][debug][safepoint] ... found polling page loop exception at pc = 0x000001803e11207f, stub =0x000001803da56300
[2025-06-17T23:39:39.136+0300][2596][7308 ][debug][safepoint] ... found polling page loop exception at pc = 0x000001803e05bce7, stub =0x000001803da56300
[2025-06-17T23:39:39.136+0300][2596][14584][debug][safepoint] ... found polling page loop exception at pc = 0x000001803e0556ec, stub =0x000001803da55a80
[2025-06-17T23:39:39.136+0300][2596][15388][info ][gc       ] GC(47) Pause Final Mark (unload classes) 0.194ms
[2025-06-17T23:39:39.136+0300][2596][15388][info ][safepoint] Safepoint "ShenandoahFinalMarkStartEvac", Time since last: 25873200 ns, Reaching safepoint: 224700 ns, Cleanup: 7300 ns, At safepoint: 258400 ns, Total: 490400 ns
[2025-06-17T23:39:39.136+0300][2596][22412][info ][gc       ] GC(47) Concurrent thread roots 0.620ms
[2025-06-17T23:39:39.136+0300][2596][22412][info ][gc       ] GC(47) Concurrent weak references 0.233ms
[2025-06-17T23:39:39.138+0300][2596][6528 ][debug][safepoint] ... found polling page loop exception at pc = 0x000001803e0556ec, stub =0x000001803da55a80
[2025-06-17T23:39:39.138+0300][2596][16624][debug][safepoint] ... found polling page loop exception at pc = 0x000001803e0556ec, stub =0x000001803da55a80
[2025-06-17T23:39:39.138+0300][2596][14584][debug][safepoint] ... found polling page loop exception at pc = 0x000001803e0556ec, stub =0x000001803da55a80
[2025-06-17T23:39:39.138+0300][2596][21880][debug][safepoint] ... found polling page loop exception at pc = 0x000001803e05bce7, stub =0x000001803da56300
[2025-06-17T23:39:39.138+0300][2596][7308 ][debug][safepoint] ... found polling page loop exception at pc = 0x000001803e0556ec, stub =0x000001803da55a80
[2025-06-17T23:39:39.138+0300][2596][11620][debug][safepoint] ... found polling page loop exception at pc = 0x000001803e0556ec, stub =0x000001803da55a80
[2025-06-17T23:39:39.140+0300][2596][22412][info ][gc       ] GC(47) Concurrent weak roots 2.583ms
[2025-06-17T23:39:39.140+0300][2596][22412][info ][gc       ] GC(47) Concurrent cleanup 1753M->252M(2048M) 0.161ms
[2025-06-17T23:39:39.140+0300][2596][22412][debug][gc,phases] GC(47) ClassLoaderData 0.011ms
[2025-06-17T23:39:39.140+0300][2596][22412][debug][gc,phases] GC(47) Trigger cleanups 0.001ms
[2025-06-17T23:39:39.142+0300][2596][16624][debug][safepoint] ... found polling page loop exception at pc = 0x000001803e0556ec, stub =0x000001803da55a80
[2025-06-17T23:39:39.142+0300][2596][7308 ][debug][safepoint] ... found polling page loop exception at pc = 0x000001803e0584a0, stub =0x000001803da56300
[2025-06-17T23:39:39.142+0300][2596][14584][debug][safepoint] ... found polling page loop exception at pc = 0x000001803e0556ec, stub =0x000001803da55a80
[2025-06-17T23:39:39.142+0300][2596][21880][debug][safepoint] ... found polling page loop exception at pc = 0x000001803e0556ec, stub =0x000001803da55a80
[2025-06-17T23:39:39.142+0300][2596][22344][debug][safepoint] ... found polling page loop exception at pc = 0x000001803e0556ec, stub =0x000001803da55a80
[2025-06-17T23:39:39.142+0300][2596][22412][info ][gc       ] GC(47) Concurrent class unloading 3.603ms
[2025-06-17T23:39:39.144+0300][2596][22412][info ][gc       ] GC(47) Concurrent strong roots 0.201ms
[2025-06-17T23:39:39.144+0300][2596][22412][info ][gc       ] GC(47) Concurrent evacuation 1.480ms
[2025-06-17T23:39:39.144+0300][2596][15388][debug][safepoint] Safepoint synchronization initiated using striped semaphore wait barrier. (19 threads)
[2025-06-17T23:39:39.144+0300][2596][16624][debug][safepoint] ... found polling page loop exception at pc = 0x000001803e0556ec, stub =0x000001803da55a80
[2025-06-17T23:39:39.144+0300][2596][21880][debug][safepoint] ... found polling page loop exception at pc = 0x000001803e0584a0, stub =0x000001803da56300
[2025-06-17T23:39:39.144+0300][2596][22344][debug][safepoint] ... found polling page loop exception at pc = 0x000001803e0556ec, stub =0x000001803da55a80
[2025-06-17T23:39:39.144+0300][2596][14584][debug][safepoint] ... found polling page loop exception at pc = 0x000001803e0556ec, stub =0x000001803da55a80
[2025-06-17T23:39:39.144+0300][2596][15388][info ][gc       ] GC(47) Pause Init Update Refs 0.011ms
[2025-06-17T23:39:39.144+0300][2596][15388][info ][safepoint] Safepoint "ShenandoahInitUpdateRefs", Time since last: 9261600 ns, Reaching safepoint: 293600 ns, Cleanup: 6000 ns, At safepoint: 90900 ns, Total: 390500 ns
[2025-06-17T23:39:39.164+0300][2596][22412][info ][gc       ] GC(47) Concurrent update references 17.818ms
[2025-06-17T23:39:39.164+0300][2596][14584][debug][safepoint] ... found polling page loop exception at pc = 0x000001803e0bc782, stub =0x000001803da56300
[2025-06-17T23:39:39.164+0300][2596][6528 ][debug][safepoint] ... found polling page loop exception at pc = 0x000001803e0556ec, stub =0x000001803da55a80
[2025-06-17T23:39:39.164+0300][2596][11620][debug][safepoint] ... found polling page loop exception at pc = 0x000001803e0706fb, stub =0x000001803da56300
[2025-06-17T23:39:39.164+0300][2596][12000][debug][safepoint] ... found polling page loop exception at pc = 0x000001803e0556ec, stub =0x000001803da55a80
[2025-06-17T23:39:39.164+0300][2596][21880][debug][safepoint] ... found polling page loop exception at pc = 0x000001803e0556ec, stub =0x000001803da55a80
[2025-06-17T23:39:39.164+0300][2596][7308 ][debug][safepoint] ... found polling page loop exception at pc = 0x000001803e0584a0, stub =0x000001803da56300
[2025-06-17T23:39:39.164+0300][2596][22344][debug][safepoint] ... found polling page loop exception at pc = 0x000001803e06abce, stub =0x000001803da56300
[2025-06-17T23:39:39.164+0300][2596][16624][debug][safepoint] ... found polling page loop exception at pc = 0x000001803e0556ec, stub =0x000001803da55a80
[2025-06-17T23:39:39.170+0300][2596][22412][info ][gc       ] GC(47) Concurrent update thread roots 6.634ms
[2025-06-17T23:39:39.170+0300][2596][15388][debug][safepoint] Safepoint synchronization initiated using striped semaphore wait barrier. (19 threads)
[2025-06-17T23:39:39.170+0300][2596][11620][debug][safepoint] ... found polling page loop exception at pc = 0x000001803e0556ec, stub =0x000001803da55a80
[2025-06-17T23:39:39.170+0300][2596][12000][debug][safepoint] ... found polling page loop exception at pc = 0x000001803e0556ec, stub =0x000001803da55a80
[2025-06-17T23:39:39.170+0300][2596][22344][debug][safepoint] ... found polling page loop exception at pc = 0x000001803e0556ec, stub =0x000001803da55a80
[2025-06-17T23:39:39.170+0300][2596][6528 ][debug][safepoint] ... found polling page loop exception at pc = 0x000001803e0556ec, stub =0x000001803da55a80
[2025-06-17T23:39:39.170+0300][2596][7308 ][debug][safepoint] ... found polling page loop exception at pc = 0x000001803e0556ec, stub =0x000001803da55a80
[2025-06-17T23:39:39.170+0300][2596][21880][debug][safepoint] ... found polling page loop exception at pc = 0x000001803e05bce7, stub =0x000001803da56300
[2025-06-17T23:39:39.170+0300][2596][15388][info ][gc       ] GC(47) Pause Final Update Refs 0.062ms
[2025-06-17T23:39:39.170+0300][2596][15388][info ][safepoint] Safepoint "ShenandoahFinalUpdateRefs", Time since last: 24658500 ns, Reaching safepoint: 396000 ns, Cleanup: 7300 ns, At safepoint: 125400 ns, Total: 528700 ns
[2025-06-17T23:39:39.170+0300][2596][22412][info ][gc       ] GC(47) Concurrent cleanup 307M->141M(2048M) 0.044ms
[2025-06-17T23:39:39.770+0300][2596][22412][info ][gc       ] Trigger: Average GC time (73.13 ms) is above the time for average allocation rate (2655 MB/s) to deplete free headroom (156M) (margin of error = 1.72)
[2025-06-17T23:39:39.770+0300][2596][22412][info ][gc       ] GC(48) Concurrent reset 1.057ms
[2025-06-17T23:39:39.770+0300][2596][15388][debug][safepoint] Safepoint synchronization initiated using striped semaphore wait barrier. (19 threads)
[2025-06-17T23:39:39.770+0300][2596][6528 ][debug][safepoint] ... found polling page loop exception at pc = 0x000001803e07ec94, stub =0x000001803da56300
[2025-06-17T23:39:39.770+0300][2596][21880][debug][safepoint] ... found polling page loop exception at pc = 0x000001803dfda82a, stub =0x000001803da56300
[2025-06-17T23:39:39.770+0300][2596][16624][debug][safepoint] ... found polling page loop exception at pc = 0x000001803e2191e0, stub =0x000001803da55a80
[2025-06-17T23:39:39.770+0300][2596][11620][debug][safepoint] ... found polling page loop exception at pc = 0x000001803e0556ec, stub =0x000001803da55a80
[2025-06-17T23:39:39.770+0300][2596][12000][debug][safepoint] ... found polling page loop exception at pc = 0x000001803e05bce7, stub =0x000001803da56300
[2025-06-17T23:39:39.770+0300][2596][14584][debug][safepoint] ... found polling page loop exception at pc = 0x000001803e0556ec, stub =0x000001803da55a80
[2025-06-17T23:39:39.770+0300][2596][15388][info ][gc       ] GC(48) Pause Init Mark (unload classes) 0.060ms
[2025-06-17T23:39:39.770+0300][2596][15388][info ][safepoint] Safepoint "ShenandoahInitMark", Time since last: 600182200 ns, Reaching safepoint: 405400 ns, Cleanup: 13600 ns, At safepoint: 128599 ns, Total: 547599 ns
[2025-06-17T23:39:39.772+0300][2596][22412][info ][gc       ] GC(48) Concurrent marking roots 0.157ms
[2025-06-17T23:39:39.776+0300][2596][14584][debug][safepoint] ... found polling page loop exception at pc = 0x000001803e0556ec, stub =0x000001803da55a80
[2025-06-17T23:39:39.776+0300][2596][7308 ][debug][safepoint] ... found polling page loop exception at pc = 0x000001803e07ec94, stub =0x000001803da56300
[2025-06-17T23:39:39.776+0300][2596][16624][debug][safepoint] ... found polling page loop exception at pc = 0x000001803e058607, stub =0x000001803da56300
[2025-06-17T23:39:39.776+0300][2596][12000][debug][safepoint] ... found polling page loop exception at pc = 0x000001803e06abce, stub =0x000001803da56300
[2025-06-17T23:39:39.776+0300][2596][22344][debug][safepoint] ... found polling page loop exception at pc = 0x000001803e0556ec, stub =0x000001803da55a80
[2025-06-17T23:39:39.776+0300][2596][6528 ][debug][safepoint] ... found polling page loop exception at pc = 0x000001803e0556ec, stub =0x000001803da55a80
[2025-06-17T23:39:39.776+0300][2596][21880][debug][safepoint] ... found polling page loop exception at pc = 0x000001803e0556ec, stub =0x000001803da55a80
[2025-06-17T23:39:39.776+0300][2596][11620][debug][safepoint] ... found polling page loop exception at pc = 0x000001803e08181a, stub =0x000001803da55a80
[2025-06-17T23:39:39.784+0300][2596][21880][debug][safepoint] ... found polling page loop exception at pc = 0x000001803e0556ec, stub =0x000001803da55a80
[2025-06-17T23:39:39.784+0300][2596][14584][debug][safepoint] ... found polling page loop exception at pc = 0x000001803e0584a0, stub =0x000001803da56300
[2025-06-17T23:39:39.784+0300][2596][6528 ][debug][safepoint] ... found polling page loop exception at pc = 0x000001803e0556ec, stub =0x000001803da55a80
[2025-06-17T23:39:39.784+0300][2596][16624][debug][safepoint] ... found polling page loop exception at pc = 0x000001803e0556ec, stub =0x000001803da55a80
[2025-06-17T23:39:39.784+0300][2596][11620][debug][safepoint] ... found polling page loop exception at pc = 0x000001803e06abce, stub =0x000001803da56300
[2025-06-17T23:39:39.784+0300][2596][22344][debug][safepoint] ... found polling page loop exception at pc = 0x000001803e0556ec, stub =0x000001803da55a80
[2025-06-17T23:39:39.786+0300][2596][22344][debug][safepoint] ... found polling page loop exception at pc = 0x000001803e0556ec, stub =0x000001803da55a80
[2025-06-17T23:39:39.786+0300][2596][6528 ][debug][safepoint] ... found polling page loop exception at pc = 0x000001803e0556ec, stub =0x000001803da55a80
[2025-06-17T23:39:39.786+0300][2596][16624][debug][safepoint] ... found polling page loop exception at pc = 0x000001803e0556ec, stub =0x000001803da55a80
[2025-06-17T23:39:39.786+0300][2596][14584][debug][safepoint] ... found polling page loop exception at pc = 0x000001803e0d4f4d, stub =0x000001803da56300
[2025-06-17T23:39:39.786+0300][2596][7308 ][debug][safepoint] ... found polling page loop exception at pc = 0x000001803e07ec94, stub =0x000001803da56300
[2025-06-17T23:39:39.786+0300][2596][11620][debug][safepoint] ... found polling page loop exception at pc = 0x000001803e0706fb, stub =0x000001803da56300
[2025-06-17T23:39:39.786+0300][2596][21880][debug][safepoint] ... found polling page loop exception at pc = 0x000001803e06abce, stub =0x000001803da56300
[2025-06-17T23:39:39.786+0300][2596][22412][info ][gc       ] GC(48) Concurrent marking (unload classes) 15.073ms
[2025-06-17T23:39:39.786+0300][2596][15388][debug][safepoint] Safepoint synchronization initiated using striped semaphore wait barrier. (19 threads)
[2025-06-17T23:39:39.786+0300][2596][16624][debug][safepoint] ... found polling page loop exception at pc = 0x000001803e0556ec, stub =0x000001803da55a80
[2025-06-17T23:39:39.786+0300][2596][7308 ][debug][safepoint] ... found polling page loop exception at pc = 0x000001803e058607, stub =0x000001803da56300
[2025-06-17T23:39:39.786+0300][2596][22344][debug][safepoint] ... found polling page loop exception at pc = 0x000001803e0556ec, stub =0x000001803da55a80
[2025-06-17T23:39:39.786+0300][2596][11620][debug][safepoint] ... found polling page loop exception at pc = 0x000001803e0bc782, stub =0x000001803da56300
[2025-06-17T23:39:39.786+0300][2596][21880][debug][safepoint] ... found polling page loop exception at pc = 0x000001803e09dd90, stub =0x000001803da56300
[2025-06-17T23:39:39.786+0300][2596][12000][debug][safepoint] ... found polling page loop exception at pc = 0x000001803e0556ec, stub =0x000001803da55a80
[2025-06-17T23:39:39.786+0300][2596][15388][info ][gc       ] GC(48) Pause Final Mark (unload classes) 0.165ms
[2025-06-17T23:39:39.786+0300][2596][15388][info ][safepoint] Safepoint "ShenandoahFinalMarkStartEvac", Time since last: 15396600 ns, Reaching safepoint: 333401 ns, Cleanup: 6299 ns, At safepoint: 221101 ns, Total: 560801 ns
[2025-06-17T23:39:39.786+0300][2596][22412][info ][gc       ] GC(48) Concurrent thread roots 0.115ms
[2025-06-17T23:39:39.786+0300][2596][22412][info ][gc       ] GC(48) Concurrent weak references 0.149ms
[2025-06-17T23:39:39.786+0300][2596][12000][debug][safepoint] ... found polling page loop exception at pc = 0x000001803e0556ec, stub =0x000001803da55a80
[2025-06-17T23:39:39.786+0300][2596][11620][debug][safepoint] ... found polling page loop exception at pc = 0x000001803e183b0f, stub =0x000001803da56300
[2025-06-17T23:39:39.786+0300][2596][21880][debug][safepoint] ... found polling page loop exception at pc = 0x000001803e0556ec, stub =0x000001803da55a80
[2025-06-17T23:39:39.786+0300][2596][14584][debug][safepoint] ... found polling page loop exception at pc = 0x000001803e0556ec, stub =0x000001803da55a80
[2025-06-17T23:39:39.786+0300][2596][7308 ][debug][safepoint] ... found polling page loop exception at pc = 0x000001803e0556ec, stub =0x000001803da55a80
[2025-06-17T23:39:39.786+0300][2596][22412][info ][gc       ] GC(48) Concurrent weak roots 1.103ms
[2025-06-17T23:39:39.786+0300][2596][22412][info ][gc       ] GC(48) Concurrent cleanup 1738M->236M(2048M) 0.154ms
[2025-06-17T23:39:39.786+0300][2596][22412][debug][gc,phases] GC(48) ClassLoaderData 0.008ms
[2025-06-17T23:39:39.790+0300][2596][22412][debug][gc,phases] GC(48) Trigger cleanups 0.001ms
[2025-06-17T23:39:39.792+0300][2596][14584][debug][safepoint] ... found polling page loop exception at pc = 0x000001803e2191e0, stub =0x000001803da55a80
[2025-06-17T23:39:39.792+0300][2596][6528 ][debug][safepoint] ... found polling page loop exception at pc = 0x000001803e2191e0, stub =0x000001803da55a80
[2025-06-17T23:39:39.792+0300][2596][7308 ][debug][safepoint] ... found polling page loop exception at pc = 0x000001803e0556ec, stub =0x000001803da55a80
[2025-06-17T23:39:39.792+0300][2596][22344][debug][safepoint] ... found polling page loop exception at pc = 0x000001803e0556ec, stub =0x000001803da55a80
[2025-06-17T23:39:39.792+0300][2596][16624][debug][safepoint] ... found polling page loop exception at pc = 0x000001803e0556ec, stub =0x000001803da55a80
[2025-06-17T23:39:39.792+0300][2596][12000][debug][safepoint] ... found polling page loop exception at pc = 0x000001803e0556ec, stub =0x000001803da55a80
[2025-06-17T23:39:39.802+0300][2596][22412][info ][gc       ] GC(48) Concurrent class unloading 12.192ms
[2025-06-17T23:39:39.802+0300][2596][22412][info ][gc       ] GC(48) Concurrent strong roots 0.207ms
[2025-06-17T23:39:39.802+0300][2596][22412][info ][gc       ] GC(48) Concurrent evacuation 1.156ms
[2025-06-17T23:39:39.802+0300][2596][15388][debug][safepoint] Safepoint synchronization initiated using striped semaphore wait barrier. (19 threads)
[2025-06-17T23:39:39.802+0300][2596][11620][debug][safepoint] ... found polling page loop exception at pc = 0x000001803e058607, stub =0x000001803da56300
[2025-06-17T23:39:39.802+0300][2596][14584][debug][safepoint] ... found polling page loop exception at pc = 0x000001803e0556ec, stub =0x000001803da55a80
[2025-06-17T23:39:39.802+0300][2596][22344][debug][safepoint] ... found polling page loop exception at pc = 0x000001803e0f528b, stub =0x000001803da55a80
[2025-06-17T23:39:39.802+0300][2596][21880][debug][safepoint] ... found polling page loop exception at pc = 0x000001803e0556ec, stub =0x000001803da55a80
[2025-06-17T23:39:39.802+0300][2596][7308 ][debug][safepoint] ... found polling page loop exception at pc = 0x000001803e058607, stub =0x000001803da56300
[2025-06-17T23:39:39.802+0300][2596][12000][debug][safepoint] ... found polling page loop exception at pc = 0x000001803e0556ec, stub =0x000001803da55a80
[2025-06-17T23:39:39.802+0300][2596][6528 ][debug][safepoint] ... found polling page loop exception at pc = 0x000001803e0556ec, stub =0x000001803da55a80
[2025-06-17T23:39:39.804+0300][2596][15388][info ][gc       ] GC(48) Pause Init Update Refs 0.009ms
[2025-06-17T23:39:39.804+0300][2596][15388][info ][safepoint] Safepoint "ShenandoahInitUpdateRefs", Time since last: 15418900 ns, Reaching safepoint: 433199 ns, Cleanup: 4300 ns, At safepoint: 61701 ns, Total: 499200 ns
[2025-06-17T23:39:39.814+0300][2596][22412][info ][gc       ] GC(48) Concurrent update references 11.208ms
[2025-06-17T23:39:39.814+0300][2596][14584][debug][safepoint] ... found polling page loop exception at pc = 0x000001803e0556ec, stub =0x000001803da55a80
[2025-06-17T23:39:39.814+0300][2596][16624][debug][safepoint] ... found polling page loop exception at pc = 0x000001803e0556ec, stub =0x000001803da55a80
[2025-06-17T23:39:39.814+0300][2596][11620][debug][safepoint] ... found polling page loop exception at pc = 0x000001803e0556ec, stub =0x000001803da55a80
[2025-06-17T23:39:39.814+0300][2596][21880][debug][safepoint] ... found polling page loop exception at pc = 0x000001803e0556ec, stub =0x000001803da55a80
[2025-06-17T23:39:39.814+0300][2596][22344][debug][safepoint] ... found polling page loop exception at pc = 0x000001803e05bce7, stub =0x000001803da56300
[2025-06-17T23:39:39.814+0300][2596][6528 ][debug][safepoint] ... found polling page loop exception at pc = 0x000001803e219bbf, stub =0x000001803da55a80
[2025-06-17T23:39:39.818+0300][2596][22412][info ][gc       ] GC(48) Concurrent update thread roots 2.464ms
[2025-06-17T23:39:39.818+0300][2596][15388][debug][safepoint] Safepoint synchronization initiated using striped semaphore wait barrier. (19 threads)
[2025-06-17T23:39:39.818+0300][2596][22344][debug][safepoint] ... found polling page loop exception at pc = 0x000001803e0e8a02, stub =0x000001803da55a80
[2025-06-17T23:39:39.818+0300][2596][14584][debug][safepoint] ... found polling page loop exception at pc = 0x000001803e0556ec, stub =0x000001803da55a80
[2025-06-17T23:39:39.818+0300][2596][21880][debug][safepoint] ... found polling page loop exception at pc = 0x000001803e0556ec, stub =0x000001803da55a80
[2025-06-17T23:39:39.818+0300][2596][6528 ][debug][safepoint] ... found polling page loop exception at pc = 0x000001803e0556ec, stub =0x000001803da55a80
[2025-06-17T23:39:39.818+0300][2596][16624][debug][safepoint] ... found polling page loop exception at pc = 0x000001803e0556ec, stub =0x000001803da55a80
[2025-06-17T23:39:39.818+0300][2596][11620][debug][safepoint] ... found polling page loop exception at pc = 0x000001803e0556ec, stub =0x000001803da55a80
[2025-06-17T23:39:39.818+0300][2596][12000][debug][safepoint] ... found polling page loop exception at pc = 0x000001803e0556ec, stub =0x000001803da55a80
[2025-06-17T23:39:39.818+0300][2596][15388][info ][gc       ] GC(48) Pause Final Update Refs 0.070ms
[2025-06-17T23:39:39.818+0300][2596][15388][info ][safepoint] Safepoint "ShenandoahFinalUpdateRefs", Time since last: 13857000 ns, Reaching safepoint: 432200 ns, Cleanup: 6099 ns, At safepoint: 144300 ns, Total: 582599 ns
[2025-06-17T23:39:39.818+0300][2596][22412][info ][gc       ] GC(48) Concurrent cleanup 297M->123M(2048M) 0.040ms
[2025-06-17T23:39:40.371+0300][2596][22412][info ][gc       ] Trigger: Average GC time (67.73 ms) is above the time for average allocation rate (2822 MB/s) to deplete free headroom (143M) (margin of error = 1.71)
[2025-06-17T23:39:40.371+0300][2596][22412][info ][gc       ] GC(49) Concurrent reset 1.016ms
[2025-06-17T23:39:40.371+0300][2596][15388][debug][safepoint] Safepoint synchronization initiated using striped semaphore wait barrier. (19 threads)
[2025-06-17T23:39:40.371+0300][2596][16624][debug][safepoint] ... found polling page loop exception at pc = 0x000001803e150617, stub =0x000001803da55a80
[2025-06-17T23:39:40.371+0300][2596][11620][debug][safepoint] ... found polling page loop exception at pc = 0x000001803e0556ec, stub =0x000001803da55a80
[2025-06-17T23:39:40.371+0300][2596][21880][debug][safepoint] ... found polling page loop exception at pc = 0x000001803e06abce, stub =0x000001803da56300
[2025-06-17T23:39:40.371+0300][2596][7308 ][debug][safepoint] ... found polling page loop exception at pc = 0x000001803e058607, stub =0x000001803da56300
[2025-06-17T23:39:40.371+0300][2596][22344][debug][safepoint] ... found polling page loop exception at pc = 0x000001803e0556ec, stub =0x000001803da55a80
[2025-06-17T23:39:40.371+0300][2596][15388][info ][gc       ] GC(49) Pause Init Mark (unload classes) 0.047ms
[2025-06-17T23:39:40.371+0300][2596][15388][info ][safepoint] Safepoint "ShenandoahInitMark", Time since last: 553919501 ns, Reaching safepoint: 338399 ns, Cleanup: 11000 ns, At safepoint: 101601 ns, Total: 451000 ns
[2025-06-17T23:39:40.371+0300][2596][22412][info ][gc       ] GC(49) Concurrent marking roots 0.160ms
[2025-06-17T23:39:40.375+0300][2596][12000][debug][safepoint] ... found polling page loop exception at pc = 0x000001803e0556ec, stub =0x000001803da55a80
[2025-06-17T23:39:40.375+0300][2596][11620][debug][safepoint] ... found polling page loop exception at pc = 0x000001803e07ec94, stub =0x000001803da56300
[2025-06-17T23:39:40.375+0300][2596][21880][debug][safepoint] ... found polling page loop exception at pc = 0x000001803e0556ec, stub =0x000001803da55a80
[2025-06-17T23:39:40.375+0300][2596][16624][debug][safepoint] ... found polling page loop exception at pc = 0x000001803e0556ec, stub =0x000001803da55a80
[2025-06-17T23:39:40.375+0300][2596][14584][debug][safepoint] ... found polling page loop exception at pc = 0x000001803e0556ec, stub =0x000001803da55a80
[2025-06-17T23:39:40.377+0300][2596][21880][debug][safepoint] ... found polling page loop exception at pc = 0x000001803e07ec94, stub =0x000001803da56300
[2025-06-17T23:39:40.377+0300][2596][6528 ][debug][safepoint] ... found polling page loop exception at pc = 0x000001803e0556ec, stub =0x000001803da55a80
[2025-06-17T23:39:40.377+0300][2596][11620][debug][safepoint] ... found polling page loop exception at pc = 0x000001803e0706fb, stub =0x000001803da56300
[2025-06-17T23:39:40.377+0300][2596][12000][debug][safepoint] ... found polling page loop exception at pc = 0x000001803e0556ec, stub =0x000001803da55a80
[2025-06-17T23:39:40.379+0300][2596][22412][info ][gc       ] GC(49) Concurrent marking (unload classes) 6.445ms
[2025-06-17T23:39:40.379+0300][2596][15388][debug][safepoint] Safepoint synchronization initiated using striped semaphore wait barrier. (19 threads)
[2025-06-17T23:39:40.379+0300][2596][14584][debug][safepoint] ... found polling page loop exception at pc = 0x000001803e0556ec, stub =0x000001803da55a80
[2025-06-17T23:39:40.379+0300][2596][11620][debug][safepoint] ... found polling page loop exception at pc = 0x000001803e0556ec, stub =0x000001803da55a80
[2025-06-17T23:39:40.379+0300][2596][6528 ][debug][safepoint] ... found polling page loop exception at pc = 0x000001803e0556ec, stub =0x000001803da55a80
[2025-06-17T23:39:40.379+0300][2596][16624][debug][safepoint] ... found polling page loop exception at pc = 0x000001803e2191e0, stub =0x000001803da55a80
[2025-06-17T23:39:40.379+0300][2596][22344][debug][safepoint] ... found polling page loop exception at pc = 0x000001803e06abce, stub =0x000001803da56300
[2025-06-17T23:39:40.379+0300][2596][15388][info ][gc       ] GC(49) Pause Final Mark (unload classes) 0.156ms
[2025-06-17T23:39:40.379+0300][2596][15388][info ][safepoint] Safepoint "ShenandoahFinalMarkStartEvac", Time since last: 6745000 ns, Reaching safepoint: 315500 ns, Cleanup: 4600 ns, At safepoint: 211999 ns, Total: 532099 ns
[2025-06-17T23:39:40.379+0300][2596][22412][info ][gc       ] GC(49) Concurrent thread roots 0.219ms
[2025-06-17T23:39:40.379+0300][2596][22412][info ][gc       ] GC(49) Concurrent weak references 0.136ms
[2025-06-17T23:39:40.379+0300][2596][12000][debug][safepoint] ... found polling page loop exception at pc = 0x000001803e06abce, stub =0x000001803da56300
[2025-06-17T23:39:40.379+0300][2596][16624][debug][safepoint] ... found polling page loop exception at pc = 0x000001803e0556ec, stub =0x000001803da55a80
[2025-06-17T23:39:40.379+0300][2596][7308 ][debug][safepoint] ... found polling page loop exception at pc = 0x000001803e0556ec, stub =0x000001803da55a80
[2025-06-17T23:39:40.379+0300][2596][11620][debug][safepoint] ... found polling page loop exception at pc = 0x000001803e0556ec, stub =0x000001803da55a80
[2025-06-17T23:39:40.379+0300][2596][22344][debug][safepoint] ... found polling page loop exception at pc = 0x000001803e096f0b, stub =0x000001803da55a80
[2025-06-17T23:39:40.382+0300][2596][22412][info ][gc       ] GC(49) Concurrent weak roots 1.304ms
[2025-06-17T23:39:40.382+0300][2596][22412][info ][gc       ] GC(49) Concurrent cleanup 1727M->215M(2048M) 0.129ms
[2025-06-17T23:39:40.382+0300][2596][22412][debug][gc,phases] GC(49) ClassLoaderData 0.010ms
[2025-06-17T23:39:40.382+0300][2596][22412][debug][gc,phases] GC(49) Trigger cleanups 0.000ms
[2025-06-17T23:39:40.384+0300][2596][6528 ][debug][safepoint] ... found polling page loop exception at pc = 0x000001803e0556ec, stub =0x000001803da55a80
[2025-06-17T23:39:40.384+0300][2596][22344][debug][safepoint] ... found polling page loop exception at pc = 0x000001803e0556ec, stub =0x000001803da55a80
[2025-06-17T23:39:40.384+0300][2596][14584][debug][safepoint] ... found polling page loop exception at pc = 0x000001803e0556ec, stub =0x000001803da55a80
[2025-06-17T23:39:40.384+0300][2596][21880][debug][safepoint] ... found polling page loop exception at pc = 0x000001803e0556ec, stub =0x000001803da55a80
[2025-06-17T23:39:40.384+0300][2596][16624][debug][safepoint] ... found polling page loop exception at pc = 0x000001803e183b0f, stub =0x000001803da56300
[2025-06-17T23:39:40.384+0300][2596][11620][debug][safepoint] ... found polling page loop exception at pc = 0x000001803e0556ec, stub =0x000001803da55a80
[2025-06-17T23:39:40.384+0300][2596][12000][debug][safepoint] ... found polling page loop exception at pc = 0x000001803e0556ec, stub =0x000001803da55a80
[2025-06-17T23:39:40.418+0300][2596][22412][info ][gc       ] GC(49) Concurrent class unloading 36.557ms
[2025-06-17T23:39:40.418+0300][2596][22412][info ][gc       ] GC(49) Concurrent strong roots 0.218ms
[2025-06-17T23:39:40.418+0300][2596][22412][info ][gc       ] GC(49) Concurrent evacuation 1.279ms
[2025-06-17T23:39:40.418+0300][2596][15388][debug][safepoint] Safepoint synchronization initiated using striped semaphore wait barrier. (19 threads)
[2025-06-17T23:39:40.418+0300][2596][12000][debug][safepoint] ... found polling page loop exception at pc = 0x000001803e0766b0, stub =0x000001803da56300
[2025-06-17T23:39:40.418+0300][2596][16624][debug][safepoint] ... found polling page loop exception at pc = 0x000001803e0556ec, stub =0x000001803da55a80
[2025-06-17T23:39:40.418+0300][2596][7308 ][debug][safepoint] ... found polling page loop exception at pc = 0x000001803e058607, stub =0x000001803da56300
[2025-06-17T23:39:40.418+0300][2596][22344][debug][safepoint] ... found polling page loop exception at pc = 0x000001803e0556ec, stub =0x000001803da55a80
[2025-06-17T23:39:40.418+0300][2596][11620][debug][safepoint] ... found polling page loop exception at pc = 0x000001803e0556ec, stub =0x000001803da55a80
[2025-06-17T23:39:40.418+0300][2596][21880][debug][safepoint] ... found polling page loop exception at pc = 0x000001803e0556ec, stub =0x000001803da55a80
[2025-06-17T23:39:40.420+0300][2596][14584][debug][safepoint] ... found polling page loop exception at pc = 0x000001803e05bce7, stub =0x000001803da56300
[2025-06-17T23:39:40.420+0300][2596][15388][info ][gc       ] GC(49) Pause Init Update Refs 0.010ms
[2025-06-17T23:39:40.420+0300][2596][15388][info ][safepoint] Safepoint "ShenandoahInitUpdateRefs", Time since last: 40234701 ns, Reaching safepoint: 366300 ns, Cleanup: 5600 ns, At safepoint: 84800 ns, Total: 456700 ns
[2025-06-17T23:39:40.424+0300][2596][22412][info ][gc       ] GC(49) Concurrent update references 5.502ms
[2025-06-17T23:39:40.426+0300][2596][12000][debug][safepoint] ... found polling page loop exception at pc = 0x000001803e0556ec, stub =0x000001803da55a80
[2025-06-17T23:39:40.426+0300][2596][16624][debug][safepoint] ... found polling page loop exception at pc = 0x000001803e0556ec, stub =0x000001803da55a80
[2025-06-17T23:39:40.426+0300][2596][6528 ][debug][safepoint] ... found polling page loop exception at pc = 0x000001803e06abce, stub =0x000001803da56300
[2025-06-17T23:39:40.426+0300][2596][7308 ][debug][safepoint] ... found polling page loop exception at pc = 0x000001803e058607, stub =0x000001803da56300
[2025-06-17T23:39:40.426+0300][2596][21880][debug][safepoint] ... found polling page loop exception at pc = 0x000001803e0556ec, stub =0x000001803da55a80
[2025-06-17T23:39:40.426+0300][2596][22344][debug][safepoint] ... found polling page loop exception at pc = 0x000001803e219bbf, stub =0x000001803da55a80
[2025-06-17T23:39:40.434+0300][2596][22412][info ][gc       ] GC(49) Concurrent update thread roots 7.911ms
[2025-06-17T23:39:40.434+0300][2596][15388][debug][safepoint] Safepoint synchronization initiated using striped semaphore wait barrier. (19 threads)
[2025-06-17T23:39:40.434+0300][2596][21880][debug][safepoint] ... found polling page loop exception at pc = 0x000001803e0556ec, stub =0x000001803da55a80
[2025-06-17T23:39:40.434+0300][2596][7308 ][debug][safepoint] ... found polling page loop exception at pc = 0x000001803e0584a0, stub =0x000001803da56300
[2025-06-17T23:39:40.434+0300][2596][6528 ][debug][safepoint] ... found polling page loop exception at pc = 0x000001803e0556ec, stub =0x000001803da55a80
[2025-06-17T23:39:40.434+0300][2596][22344][debug][safepoint] ... found polling page loop exception at pc = 0x000001803e0556ec, stub =0x000001803da55a80
[2025-06-17T23:39:40.434+0300][2596][14584][debug][safepoint] ... found polling page loop exception at pc = 0x000001803e0d4f4d, stub =0x000001803da56300
[2025-06-17T23:39:40.434+0300][2596][16624][debug][safepoint] ... found polling page loop exception at pc = 0x000001803e219bbf, stub =0x000001803da55a80
[2025-06-17T23:39:40.434+0300][2596][15388][info ][gc       ] GC(49) Pause Final Update Refs 0.059ms
[2025-06-17T23:39:40.434+0300][2596][15388][info ][safepoint] Safepoint "ShenandoahFinalUpdateRefs", Time since last: 13600499 ns, Reaching safepoint: 319301 ns, Cleanup: 5599 ns, At safepoint: 116301 ns, Total: 441201 ns
[2025-06-17T23:39:40.434+0300][2596][22412][info ][gc       ] GC(49) Concurrent cleanup 338M->159M(2048M) 0.043ms
[2025-06-17T23:39:40.924+0300][2596][22412][info ][gc       ] Trigger: Average GC time (71.64 ms) is above the time for average allocation rate (3006 MB/s) to deplete free headroom (214M) (margin of error = 1.72)
[2025-06-17T23:39:40.924+0300][2596][22412][info ][gc       ] GC(50) Concurrent reset 0.979ms
[2025-06-17T23:39:40.924+0300][2596][15388][debug][safepoint] Safepoint synchronization initiated using striped semaphore wait barrier. (19 threads)
[2025-06-17T23:39:40.924+0300][2596][14584][debug][safepoint] ... found polling page loop exception at pc = 0x000001803e0584a0, stub =0x000001803da56300
[2025-06-17T23:39:40.924+0300][2596][12000][debug][safepoint] ... found polling page loop exception at pc = 0x000001803e0556ec, stub =0x000001803da55a80
[2025-06-17T23:39:40.924+0300][2596][7308 ][debug][safepoint] ... found polling page loop exception at pc = 0x000001803e0584a0, stub =0x000001803da56300
[2025-06-17T23:39:40.924+0300][2596][6528 ][debug][safepoint] ... found polling page loop exception at pc = 0x000001803e07653c, stub =0x000001803da56300
[2025-06-17T23:39:40.924+0300][2596][11620][debug][safepoint] ... found polling page loop exception at pc = 0x000001803e0556ec, stub =0x000001803da55a80
[2025-06-17T23:39:40.924+0300][2596][16624][debug][safepoint] ... found polling page loop exception at pc = 0x000001803e05bce7, stub =0x000001803da56300
[2025-06-17T23:39:40.924+0300][2596][22344][debug][safepoint] ... found polling page loop exception at pc = 0x000001803e05bce7, stub =0x000001803da56300
[2025-06-17T23:39:40.924+0300][2596][15388][info ][gc       ] GC(50) Pause Init Mark (unload classes) 0.032ms
[2025-06-17T23:39:40.924+0300][2596][15388][info ][safepoint] Safepoint "ShenandoahInitMark", Time since last: 490685699 ns, Reaching safepoint: 364901 ns, Cleanup: 10700 ns, At safepoint: 83300 ns, Total: 458901 ns
[2025-06-17T23:39:40.924+0300][2596][22412][info ][gc       ] GC(50) Concurrent marking roots 0.147ms
[2025-06-17T23:39:40.930+0300][2596][7308 ][debug][safepoint] ... found polling page loop exception at pc = 0x000001803e1753df, stub =0x000001803da56300
[2025-06-17T23:39:40.930+0300][2596][21880][debug][safepoint] ... found polling page loop exception at pc = 0x000001803e0a3218, stub =0x000001803da56300
[2025-06-17T23:39:40.930+0300][2596][11620][debug][safepoint] ... found polling page loop exception at pc = 0x000001803e0584a0, stub =0x000001803da56300
[2025-06-17T23:39:40.930+0300][2596][16624][debug][safepoint] ... found polling page loop exception at pc = 0x000001803e0556ec, stub =0x000001803da55a80
[2025-06-17T23:39:40.930+0300][2596][14584][debug][safepoint] ... found polling page loop exception at pc = 0x000001803e0556ec, stub =0x000001803da55a80
[2025-06-17T23:39:40.930+0300][2596][6528 ][debug][safepoint] ... found polling page loop exception at pc = 0x000001803e0556ec, stub =0x000001803da55a80
[2025-06-17T23:39:40.930+0300][2596][22344][debug][safepoint] ... found polling page loop exception at pc = 0x000001803e0556ec, stub =0x000001803da55a80
[2025-06-17T23:39:40.956+0300][2596][11620][debug][safepoint] ... found polling page loop exception at pc = 0x000001803e0706fb, stub =0x000001803da56300
[2025-06-17T23:39:40.956+0300][2596][14584][debug][safepoint] ... found polling page loop exception at pc = 0x000001803e0556ec, stub =0x000001803da55a80
[2025-06-17T23:39:40.956+0300][2596][7308 ][debug][safepoint] ... found polling page loop exception at pc = 0x000001803e0556ec, stub =0x000001803da55a80
[2025-06-17T23:39:40.956+0300][2596][21880][debug][safepoint] ... found polling page loop exception at pc = 0x000001803e0556ec, stub =0x000001803da55a80
[2025-06-17T23:39:40.956+0300][2596][22344][debug][safepoint] ... found polling page loop exception at pc = 0x000001803e0556ec, stub =0x000001803da55a80
[2025-06-17T23:39:40.956+0300][2596][6528 ][debug][safepoint] ... found polling page loop exception at pc = 0x000001803e0556ec, stub =0x000001803da55a80
[2025-06-17T23:39:40.956+0300][2596][12000][debug][safepoint] ... found polling page loop exception at pc = 0x000001803e0556ec, stub =0x000001803da55a80
[2025-06-17T23:39:40.956+0300][2596][14584][debug][safepoint] ... found polling page loop exception at pc = 0x000001803e0556ec, stub =0x000001803da55a80
[2025-06-17T23:39:40.956+0300][2596][12000][debug][safepoint] ... found polling page loop exception at pc = 0x000001803e0556ec, stub =0x000001803da55a80
[2025-06-17T23:39:40.956+0300][2596][11620][debug][safepoint] ... found polling page loop exception at pc = 0x000001803e0556ec, stub =0x000001803da55a80
[2025-06-17T23:39:40.956+0300][2596][22344][debug][safepoint] ... found polling page loop exception at pc = 0x000001803e0584a0, stub =0x000001803da56300
[2025-06-17T23:39:40.956+0300][2596][6528 ][debug][safepoint] ... found polling page loop exception at pc = 0x000001803e06abce, stub =0x000001803da56300
[2025-06-17T23:39:40.956+0300][2596][16624][debug][safepoint] ... found polling page loop exception at pc = 0x000001803e0556ec, stub =0x000001803da55a80
[2025-06-17T23:39:40.960+0300][2596][22412][info ][gc       ] GC(50) Concurrent marking (unload classes) 33.642ms
[2025-06-17T23:39:40.960+0300][2596][15388][debug][safepoint] Safepoint synchronization initiated using striped semaphore wait barrier. (19 threads)
[2025-06-17T23:39:40.960+0300][2596][16624][debug][safepoint] ... found polling page loop exception at pc = 0x000001803e0556ec, stub =0x000001803da55a80
[2025-06-17T23:39:40.960+0300][2596][12000][debug][safepoint] ... found polling page loop exception at pc = 0x000001803e0556ec, stub =0x000001803da55a80
[2025-06-17T23:39:40.960+0300][2596][21880][debug][safepoint] ... found polling page loop exception at pc = 0x000001803e0766b0, stub =0x000001803da56300
[2025-06-17T23:39:40.960+0300][2596][7308 ][debug][safepoint] ... found polling page loop exception at pc = 0x000001803e058607, stub =0x000001803da56300
[2025-06-17T23:39:40.960+0300][2596][6528 ][debug][safepoint] ... found polling page loop exception at pc = 0x000001803e0556ec, stub =0x000001803da55a80
[2025-06-17T23:39:40.960+0300][2596][22344][debug][safepoint] ... found polling page loop exception at pc = 0x000001803e0556ec, stub =0x000001803da55a80
[2025-06-17T23:39:40.960+0300][2596][11620][debug][safepoint] ... found polling page loop exception at pc = 0x000001803e0556ec, stub =0x000001803da55a80
[2025-06-17T23:39:40.960+0300][2596][14584][debug][safepoint] ... found polling page loop exception at pc = 0x000001803e0556ec, stub =0x000001803da55a80
[2025-06-17T23:39:40.960+0300][2596][15388][info ][gc       ] GC(50) Pause Final Mark (unload classes) 0.138ms
[2025-06-17T23:39:40.960+0300][2596][15388][info ][safepoint] Safepoint "ShenandoahFinalMarkStartEvac", Time since last: 33901799 ns, Reaching safepoint: 304400 ns, Cleanup: 4701 ns, At safepoint: 190699 ns, Total: 499800 ns
[2025-06-17T23:39:40.960+0300][2596][22412][info ][gc       ] GC(50) Concurrent thread roots 0.171ms
[2025-06-17T23:39:40.960+0300][2596][22412][info ][gc       ] GC(50) Concurrent weak references 0.126ms
[2025-06-17T23:39:40.962+0300][2596][7308 ][debug][safepoint] ... found polling page loop exception at pc = 0x000001803e219bbf, stub =0x000001803da55a80
[2025-06-17T23:39:40.962+0300][2596][14584][debug][safepoint] ... found polling page loop exception at pc = 0x000001803e0556ec, stub =0x000001803da55a80
[2025-06-17T23:39:40.962+0300][2596][6528 ][debug][safepoint] ... found polling page loop exception at pc = 0x000001803e0556ec, stub =0x000001803da55a80
[2025-06-17T23:39:40.962+0300][2596][12000][debug][safepoint] ... found polling page loop exception at pc = 0x000001803e0556ec, stub =0x000001803da55a80
[2025-06-17T23:39:40.962+0300][2596][22412][info ][gc       ] GC(50) Concurrent weak roots 2.764ms
[2025-06-17T23:39:40.962+0300][2596][22412][info ][gc       ] GC(50) Concurrent cleanup 1732M->283M(2048M) 0.124ms
[2025-06-17T23:39:40.962+0300][2596][22412][debug][gc,phases] GC(50) ClassLoaderData 0.013ms
[2025-06-17T23:39:40.962+0300][2596][22412][debug][gc,phases] GC(50) Trigger cleanups 0.000ms
[2025-06-17T23:39:40.964+0300][2596][7308 ][debug][safepoint] ... found polling page loop exception at pc = 0x000001803e0556ec, stub =0x000001803da55a80
[2025-06-17T23:39:40.964+0300][2596][16624][debug][safepoint] ... found polling page loop exception at pc = 0x000001803e0556ec, stub =0x000001803da55a80
[2025-06-17T23:39:40.964+0300][2596][6528 ][debug][safepoint] ... found polling page loop exception at pc = 0x000001803e0556ec, stub =0x000001803da55a80
[2025-06-17T23:39:40.964+0300][2596][22344][debug][safepoint] ... found polling page loop exception at pc = 0x000001803e0584a0, stub =0x000001803da56300
[2025-06-17T23:39:40.964+0300][2596][14584][debug][safepoint] ... found polling page loop exception at pc = 0x000001803e0556ec, stub =0x000001803da55a80
[2025-06-17T23:39:40.964+0300][2596][11620][debug][safepoint] ... found polling page loop exception at pc = 0x000001803e06abce, stub =0x000001803da56300
[2025-06-17T23:39:40.972+0300][2596][22412][info ][gc       ] GC(50) Concurrent class unloading 7.936ms
[2025-06-17T23:39:40.972+0300][2596][22412][info ][gc       ] GC(50) Concurrent strong roots 0.207ms
[2025-06-17T23:39:40.972+0300][2596][22412][info ][gc       ] GC(50) Concurrent evacuation 1.191ms
[2025-06-17T23:39:40.972+0300][2596][15388][debug][safepoint] Safepoint synchronization initiated using striped semaphore wait barrier. (19 threads)
[2025-06-17T23:39:40.972+0300][2596][14584][debug][safepoint] ... found polling page loop exception at pc = 0x000001803e0556ec, stub =0x000001803da55a80
[2025-06-17T23:39:40.972+0300][2596][16624][debug][safepoint] ... found polling page loop exception at pc = 0x000001803e0c9246, stub =0x000001803da56300
[2025-06-17T23:39:40.972+0300][2596][11620][debug][safepoint] ... found polling page loop exception at pc = 0x000001803e0556ec, stub =0x000001803da55a80
[2025-06-17T23:39:40.972+0300][2596][12000][debug][safepoint] ... found polling page loop exception at pc = 0x000001803e0556ec, stub =0x000001803da55a80
[2025-06-17T23:39:40.972+0300][2596][6528 ][debug][safepoint] ... found polling page loop exception at pc = 0x000001803e0556ec, stub =0x000001803da55a80
[2025-06-17T23:39:40.972+0300][2596][22344][debug][safepoint] ... found polling page loop exception at pc = 0x000001803e08b018, stub =0x000001803da56300
[2025-06-17T23:39:40.972+0300][2596][7308 ][debug][safepoint] ... found polling page loop exception at pc = 0x000001803e0556ec, stub =0x000001803da55a80
[2025-06-17T23:39:40.972+0300][2596][15388][info ][gc       ] GC(50) Pause Init Update Refs 0.009ms
[2025-06-17T23:39:40.972+0300][2596][15388][info ][safepoint] Safepoint "ShenandoahInitUpdateRefs", Time since last: 12839901 ns, Reaching safepoint: 299299 ns, Cleanup: 5001 ns, At safepoint: 65900 ns, Total: 370200 ns
[2025-06-17T23:39:40.993+0300][2596][22412][info ][gc       ] GC(50) Concurrent update references 21.689ms
[2025-06-17T23:39:40.995+0300][2596][21880][debug][safepoint] ... found polling page loop exception at pc = 0x000001803e06abce, stub =0x000001803da56300
[2025-06-17T23:39:40.995+0300][2596][12000][debug][safepoint] ... found polling page loop exception at pc = 0x000001803e0556ec, stub =0x000001803da55a80
[2025-06-17T23:39:41.002+0300][2596][11620][debug][safepoint] ... found polling page loop exception at pc = 0x000001803e0556ec, stub =0x000001803da55a80
[2025-06-17T23:39:41.003+0300][2596][22412][info ][gc       ] GC(50) Concurrent update thread roots 7.894ms
[2025-06-17T23:39:41.003+0300][2596][15388][debug][safepoint] Safepoint synchronization initiated using striped semaphore wait barrier. (19 threads)
[2025-06-17T23:39:41.003+0300][2596][14584][debug][safepoint] ... found polling page loop exception at pc = 0x000001803e058607, stub =0x000001803da56300
[2025-06-17T23:39:41.003+0300][2596][16624][debug][safepoint] ... found polling page loop exception at pc = 0x000001803e0556ec, stub =0x000001803da55a80
[2025-06-17T23:39:41.003+0300][2596][22344][debug][safepoint] ... found polling page loop exception at pc = 0x000001803e0556ec, stub =0x000001803da55a80
[2025-06-17T23:39:41.003+0300][2596][6528 ][debug][safepoint] ... found polling page loop exception at pc = 0x000001803e058607, stub =0x000001803da56300
[2025-06-17T23:39:41.003+0300][2596][15388][info ][gc       ] GC(50) Pause Final Update Refs 0.091ms
[2025-06-17T23:39:41.003+0300][2596][15388][info ][safepoint] Safepoint "ShenandoahFinalUpdateRefs", Time since last: 29769000 ns, Reaching safepoint: 244900 ns, Cleanup: 7100 ns, At safepoint: 156800 ns, Total: 408800 ns
[2025-06-17T23:39:41.003+0300][2596][22412][info ][gc       ] GC(50) Concurrent cleanup 371M->202M(2048M) 0.042ms
[2025-06-17T23:39:41.525+0300][2596][22412][info ][gc       ] Trigger: Average GC time (89.20 ms) is above the time for average allocation rate (2799 MB/s) to deplete free headroom (216M) (margin of error = 1.73)
[2025-06-17T23:39:41.525+0300][2596][22412][info ][gc       ] GC(51) Concurrent reset 0.944ms
[2025-06-17T23:39:41.525+0300][2596][15388][debug][safepoint] Safepoint synchronization initiated using striped semaphore wait barrier. (19 threads)
[2025-06-17T23:39:41.525+0300][2596][21880][debug][safepoint] ... found polling page loop exception at pc = 0x000001803e06abce, stub =0x000001803da56300
[2025-06-17T23:39:41.525+0300][2596][16624][debug][safepoint] ... found polling page loop exception at pc = 0x000001803e0768b9, stub =0x000001803da56300
[2025-06-17T23:39:41.525+0300][2596][12000][debug][safepoint] ... found polling page loop exception at pc = 0x000001803e219bbf, stub =0x000001803da55a80
[2025-06-17T23:39:41.525+0300][2596][22344][debug][safepoint] ... found polling page loop exception at pc = 0x000001803e0556ec, stub =0x000001803da55a80
[2025-06-17T23:39:41.525+0300][2596][6528 ][debug][safepoint] ... found polling page loop exception at pc = 0x000001803e0556ec, stub =0x000001803da55a80
[2025-06-17T23:39:41.525+0300][2596][11620][debug][safepoint] ... found polling page loop exception at pc = 0x000001803e05a45d, stub =0x000001803da56300
[2025-06-17T23:39:41.525+0300][2596][15388][info ][gc       ] GC(51) Pause Init Mark (unload classes) 0.028ms
[2025-06-17T23:39:41.525+0300][2596][15388][info ][safepoint] Safepoint "ShenandoahInitMark", Time since last: 521923299 ns, Reaching safepoint: 409301 ns, Cleanup: 13200 ns, At safepoint: 86900 ns, Total: 509401 ns
[2025-06-17T23:39:41.525+0300][2596][22412][info ][gc       ] GC(51) Concurrent marking roots 0.143ms
[2025-06-17T23:39:41.530+0300][2596][6528 ][debug][safepoint] ... found polling page loop exception at pc = 0x000001803e0556ec, stub =0x000001803da55a80
[2025-06-17T23:39:41.530+0300][2596][21880][debug][safepoint] ... found polling page loop exception at pc = 0x000001803e0556ec, stub =0x000001803da55a80
[2025-06-17T23:39:41.530+0300][2596][16624][debug][safepoint] ... found polling page loop exception at pc = 0x000001803e058607, stub =0x000001803da56300
[2025-06-17T23:39:41.530+0300][2596][7308 ][debug][safepoint] ... found polling page loop exception at pc = 0x000001803e0bc782, stub =0x000001803da56300
[2025-06-17T23:39:41.530+0300][2596][14584][debug][safepoint] ... found polling page loop exception at pc = 0x000001803e0556ec, stub =0x000001803da55a80
[2025-06-17T23:39:41.530+0300][2596][22344][debug][safepoint] ... found polling page loop exception at pc = 0x000001803e0556ec, stub =0x000001803da55a80
[2025-06-17T23:39:41.530+0300][2596][11620][debug][safepoint] ... found polling page loop exception at pc = 0x000001803e0a3218, stub =0x000001803da56300
[2025-06-17T23:39:41.540+0300][2596][16624][debug][safepoint] ... found polling page loop exception at pc = 0x000001803e06abce, stub =0x000001803da56300
[2025-06-17T23:39:41.540+0300][2596][12000][debug][safepoint] ... found polling page loop exception at pc = 0x000001803e0556ec, stub =0x000001803da55a80
[2025-06-17T23:39:41.540+0300][2596][11620][debug][safepoint] ... found polling page loop exception at pc = 0x000001803e0556ec, stub =0x000001803da55a80
[2025-06-17T23:39:41.540+0300][2596][6528 ][debug][safepoint] ... found polling page loop exception at pc = 0x000001803e058607, stub =0x000001803da56300
[2025-06-17T23:39:41.540+0300][2596][7308 ][debug][safepoint] ... found polling page loop exception at pc = 0x000001803e0556ec, stub =0x000001803da55a80
[2025-06-17T23:39:41.540+0300][2596][22344][debug][safepoint] ... found polling page loop exception at pc = 0x000001803e0556ec, stub =0x000001803da55a80
[2025-06-17T23:39:41.556+0300][2596][22412][info ][gc       ] GC(51) Concurrent marking (unload classes) 29.465ms
[2025-06-17T23:39:41.556+0300][2596][15388][debug][safepoint] Safepoint synchronization initiated using striped semaphore wait barrier. (19 threads)
[2025-06-17T23:39:41.556+0300][2596][11620][debug][safepoint] ... found polling page loop exception at pc = 0x000001803e0556ec, stub =0x000001803da55a80
[2025-06-17T23:39:41.556+0300][2596][6528 ][debug][safepoint] ... found polling page loop exception at pc = 0x000001803e0ec70c, stub =0x000001803da55a80
[2025-06-17T23:39:41.556+0300][2596][16624][debug][safepoint] ... found polling page loop exception at pc = 0x000001803e1753df, stub =0x000001803da56300
[2025-06-17T23:39:41.556+0300][2596][12000][debug][safepoint] ... found polling page loop exception at pc = 0x000001803e05a45d, stub =0x000001803da56300
[2025-06-17T23:39:41.556+0300][2596][22344][debug][safepoint] ... found polling page loop exception at pc = 0x000001803e0556ec, stub =0x000001803da55a80
[2025-06-17T23:39:41.556+0300][2596][14584][debug][safepoint] ... found polling page loop exception at pc = 0x000001803e0556ec, stub =0x000001803da55a80
[2025-06-17T23:39:41.556+0300][2596][7308 ][debug][safepoint] ... found polling page loop exception at pc = 0x000001803e0556ec, stub =0x000001803da55a80
[2025-06-17T23:39:41.556+0300][2596][21880][debug][safepoint] ... found polling page loop exception at pc = 0x000001803e058607, stub =0x000001803da56300
[2025-06-17T23:39:41.556+0300][2596][15388][info ][gc       ] GC(51) Pause Final Mark (unload classes) 0.186ms
[2025-06-17T23:39:41.556+0300][2596][15388][info ][safepoint] Safepoint "ShenandoahFinalMarkStartEvac", Time since last: 29784700 ns, Reaching safepoint: 434199 ns, Cleanup: 6600 ns, At safepoint: 241401 ns, Total: 682200 ns
[2025-06-17T23:39:41.556+0300][2596][22412][info ][gc       ] GC(51) Concurrent thread roots 0.414ms
[2025-06-17T23:39:41.556+0300][2596][22412][info ][gc       ] GC(51) Concurrent weak references 0.140ms
[2025-06-17T23:39:41.556+0300][2596][14584][debug][safepoint] ... found polling page loop exception at pc = 0x000001803e0c9246, stub =0x000001803da56300
[2025-06-17T23:39:41.556+0300][2596][16624][debug][safepoint] ... found polling page loop exception at pc = 0x000001803e0556ec, stub =0x000001803da55a80
[2025-06-17T23:39:41.556+0300][2596][11620][debug][safepoint] ... found polling page loop exception at pc = 0x000001803e0556ec, stub =0x000001803da55a80
[2025-06-17T23:39:41.558+0300][2596][22344][debug][safepoint] ... found polling page loop exception at pc = 0x000001803e0556ec, stub =0x000001803da55a80
[2025-06-17T23:39:41.572+0300][2596][22412][info ][gc       ] GC(51) Concurrent weak roots 14.544ms
[2025-06-17T23:39:41.572+0300][2596][22412][info ][gc       ] GC(51) Concurrent cleanup 1733M->290M(2048M) 0.143ms
[2025-06-17T23:39:41.572+0300][2596][22412][debug][gc,phases] GC(51) ClassLoaderData 0.016ms
[2025-06-17T23:39:41.572+0300][2596][22412][debug][gc,phases] GC(51) Trigger cleanups 0.001ms
[2025-06-17T23:39:41.574+0300][2596][7308 ][debug][safepoint] ... found polling page loop exception at pc = 0x000001803e058607, stub =0x000001803da56300
[2025-06-17T23:39:41.574+0300][2596][14584][debug][safepoint] ... found polling page loop exception at pc = 0x000001803e0556ec, stub =0x000001803da55a80
[2025-06-17T23:39:41.574+0300][2596][6528 ][debug][safepoint] ... found polling page loop exception at pc = 0x000001803e0556ec, stub =0x000001803da55a80
[2025-06-17T23:39:41.574+0300][2596][16624][debug][safepoint] ... found polling page loop exception at pc = 0x000001803e0556ec, stub =0x000001803da55a80
[2025-06-17T23:39:41.574+0300][2596][21880][debug][safepoint] ... found polling page loop exception at pc = 0x000001803e05a45d, stub =0x000001803da56300
[2025-06-17T23:39:41.574+0300][2596][22412][info ][gc       ] GC(51) Concurrent class unloading 2.928ms
[2025-06-17T23:39:41.574+0300][2596][22412][info ][gc       ] GC(51) Concurrent strong roots 0.213ms
[2025-06-17T23:39:41.576+0300][2596][22412][info ][gc       ] GC(51) Concurrent evacuation 1.157ms
[2025-06-17T23:39:41.576+0300][2596][15388][debug][safepoint] Safepoint synchronization initiated using striped semaphore wait barrier. (19 threads)
[2025-06-17T23:39:41.576+0300][2596][16624][debug][safepoint] ... found polling page loop exception at pc = 0x000001803e0556ec, stub =0x000001803da55a80
[2025-06-17T23:39:41.576+0300][2596][15388][info ][gc       ] GC(51) Pause Init Update Refs 0.009ms
[2025-06-17T23:39:41.576+0300][2596][15388][info ][safepoint] Safepoint "ShenandoahInitUpdateRefs", Time since last: 19946900 ns, Reaching safepoint: 140200 ns, Cleanup: 5700 ns, At safepoint: 60899 ns, Total: 206799 ns
[2025-06-17T23:39:41.596+0300][2596][22412][info ][gc       ] GC(51) Concurrent update references 19.170ms
[2025-06-17T23:39:41.596+0300][2596][12000][debug][safepoint] ... found polling page loop exception at pc = 0x000001803e0556ec, stub =0x000001803da55a80
[2025-06-17T23:39:41.596+0300][2596][22344][debug][safepoint] ... found polling page loop exception at pc = 0x000001803e0556ec, stub =0x000001803da55a80
[2025-06-17T23:39:41.596+0300][2596][7308 ][debug][safepoint] ... found polling page loop exception at pc = 0x000001803e0d4f4d, stub =0x000001803da56300
[2025-06-17T23:39:41.596+0300][2596][22412][info ][gc       ] GC(51) Concurrent update thread roots 0.638ms
[2025-06-17T23:39:41.596+0300][2596][15388][debug][safepoint] Safepoint synchronization initiated using striped semaphore wait barrier. (19 threads)
[2025-06-17T23:39:41.596+0300][2596][22344][debug][safepoint] ... found polling page loop exception at pc = 0x000001803e0584a0, stub =0x000001803da56300
[2025-06-17T23:39:41.596+0300][2596][12000][debug][safepoint] ... found polling page loop exception at pc = 0x000001803e0f6414, stub =0x000001803da55a80
[2025-06-17T23:39:41.596+0300][2596][6528 ][debug][safepoint] ... found polling page loop exception at pc = 0x000001803e0584a0, stub =0x000001803da56300
[2025-06-17T23:39:41.596+0300][2596][15388][info ][gc       ] GC(51) Pause Final Update Refs 0.072ms
[2025-06-17T23:39:41.596+0300][2596][15388][info ][safepoint] Safepoint "ShenandoahFinalUpdateRefs", Time since last: 20009301 ns, Reaching safepoint: 208800 ns, Cleanup: 4400 ns, At safepoint: 130499 ns, Total: 343699 ns
[2025-06-17T23:39:41.596+0300][2596][22412][info ][gc       ] GC(51) Concurrent cleanup 324M->150M(2048M) 0.044ms
[2025-06-17T23:39:42.142+0300][2596][22412][info ][gc       ] Trigger: Average GC time (85.40 ms) is above the time for average allocation rate (2835 MB/s) to deplete free headroom (234M) (margin of error = 1.73)
[2025-06-17T23:39:42.142+0300][2596][22412][info ][gc       ] GC(52) Concurrent reset 1.012ms
[2025-06-17T23:39:42.142+0300][2596][15388][debug][safepoint] Safepoint synchronization initiated using striped semaphore wait barrier. (19 threads)
[2025-06-17T23:39:42.142+0300][2596][7308 ][debug][safepoint] ... found polling page loop exception at pc = 0x000001803e0584a0, stub =0x000001803da56300
[2025-06-17T23:39:42.142+0300][2596][16624][debug][safepoint] ... found polling page loop exception at pc = 0x000001803e0556ec, stub =0x000001803da55a80
[2025-06-17T23:39:42.142+0300][2596][12000][debug][safepoint] ... found polling page loop exception at pc = 0x000001803e0584a0, stub =0x000001803da56300
[2025-06-17T23:39:42.142+0300][2596][22344][debug][safepoint] ... found polling page loop exception at pc = 0x000001803e0556ec, stub =0x000001803da55a80
[2025-06-17T23:39:42.142+0300][2596][21880][debug][safepoint] ... found polling page loop exception at pc = 0x000001803e0556ec, stub =0x000001803da55a80
[2025-06-17T23:39:42.142+0300][2596][6528 ][debug][safepoint] ... found polling page loop exception at pc = 0x000001803e0556ec, stub =0x000001803da55a80
[2025-06-17T23:39:42.142+0300][2596][15388][info ][gc       ] GC(52) Pause Init Mark (unload classes) 0.040ms
[2025-06-17T23:39:42.144+0300][2596][15388][info ][safepoint] Safepoint "ShenandoahInitMark", Time since last: 545883301 ns, Reaching safepoint: 313500 ns, Cleanup: 15300 ns, At safepoint: 127600 ns, Total: 456400 ns
[2025-06-17T23:39:42.144+0300][2596][22412][info ][gc       ] GC(52) Concurrent marking roots 0.135ms
[2025-06-17T23:39:42.148+0300][2596][11620][debug][safepoint] ... found polling page loop exception at pc = 0x000001803e0556ec, stub =0x000001803da55a80
[2025-06-17T23:39:42.148+0300][2596][16624][debug][safepoint] ... found polling page loop exception at pc = 0x000001803e0556ec, stub =0x000001803da55a80
[2025-06-17T23:39:42.148+0300][2596][6528 ][debug][safepoint] ... found polling page loop exception at pc = 0x000001803e0556ec, stub =0x000001803da55a80
[2025-06-17T23:39:42.148+0300][2596][21880][debug][safepoint] ... found polling page loop exception at pc = 0x000001803e0556ec, stub =0x000001803da55a80
[2025-06-17T23:39:42.148+0300][2596][16624][debug][safepoint] ... found polling page loop exception at pc = 0x000001803e0556ec, stub =0x000001803da55a80
[2025-06-17T23:39:42.148+0300][2596][22344][debug][safepoint] ... found polling page loop exception at pc = 0x000001803e0556ec, stub =0x000001803da55a80
[2025-06-17T23:39:42.148+0300][2596][7308 ][debug][safepoint] ... found polling page loop exception at pc = 0x000001803e0556ec, stub =0x000001803da55a80
[2025-06-17T23:39:42.148+0300][2596][11620][debug][safepoint] ... found polling page loop exception at pc = 0x000001803e0556ec, stub =0x000001803da55a80
[2025-06-17T23:39:42.156+0300][2596][7308 ][debug][safepoint] ... found polling page loop exception at pc = 0x000001803e06abce, stub =0x000001803da56300
[2025-06-17T23:39:42.156+0300][2596][22344][debug][safepoint] ... found polling page loop exception at pc = 0x000001803e0556ec, stub =0x000001803da55a80
[2025-06-17T23:39:42.156+0300][2596][12000][debug][safepoint] ... found polling page loop exception at pc = 0x000001803e0556ec, stub =0x000001803da55a80
[2025-06-17T23:39:42.156+0300][2596][11620][debug][safepoint] ... found polling page loop exception at pc = 0x000001803e06abce, stub =0x000001803da56300
[2025-06-17T23:39:42.156+0300][2596][21880][debug][safepoint] ... found polling page loop exception at pc = 0x000001803e0556ec, stub =0x000001803da55a80
[2025-06-17T23:39:42.156+0300][2596][22412][info ][gc       ] GC(52) Concurrent marking (unload classes) 13.462ms
[2025-06-17T23:39:42.156+0300][2596][15388][debug][safepoint] Safepoint synchronization initiated using striped semaphore wait barrier. (19 threads)
[2025-06-17T23:39:42.156+0300][2596][7308 ][debug][safepoint] ... found polling page loop exception at pc = 0x000001803e0556ec, stub =0x000001803da55a80
[2025-06-17T23:39:42.156+0300][2596][12000][debug][safepoint] ... found polling page loop exception at pc = 0x000001803e0556ec, stub =0x000001803da55a80
[2025-06-17T23:39:42.156+0300][2596][6528 ][debug][safepoint] ... found polling page loop exception at pc = 0x000001803e05a45d, stub =0x000001803da56300
[2025-06-17T23:39:42.157+0300][2596][22344][debug][safepoint] ... found polling page loop exception at pc = 0x000001803e06abce, stub =0x000001803da56300
[2025-06-17T23:39:42.157+0300][2596][16624][debug][safepoint] ... found polling page loop exception at pc = 0x000001803e0556ec, stub =0x000001803da55a80
[2025-06-17T23:39:42.157+0300][2596][21880][debug][safepoint] ... found polling page loop exception at pc = 0x000001803e058607, stub =0x000001803da56300
[2025-06-17T23:39:42.157+0300][2596][15388][info ][gc       ] GC(52) Pause Final Mark (unload classes) 0.149ms
[2025-06-17T23:39:42.157+0300][2596][15388][info ][safepoint] Safepoint "ShenandoahFinalMarkStartEvac", Time since last: 13738999 ns, Reaching safepoint: 307801 ns, Cleanup: 6099 ns, At safepoint: 202001 ns, Total: 515901 ns
[2025-06-17T23:39:42.157+0300][2596][22412][info ][gc       ] GC(52) Concurrent thread roots 0.620ms
[2025-06-17T23:39:42.157+0300][2596][22412][info ][gc       ] GC(52) Concurrent weak references 0.149ms
[2025-06-17T23:39:42.157+0300][2596][16624][debug][safepoint] ... found polling page loop exception at pc = 0x000001803e05bce7, stub =0x000001803da56300
[2025-06-17T23:39:42.157+0300][2596][7308 ][debug][safepoint] ... found polling page loop exception at pc = 0x000001803e1753df, stub =0x000001803da56300
[2025-06-17T23:39:42.157+0300][2596][14584][debug][safepoint] ... found polling page loop exception at pc = 0x000001803e0556ec, stub =0x000001803da55a80
[2025-06-17T23:39:42.157+0300][2596][21880][debug][safepoint] ... found polling page loop exception at pc = 0x000001803e096f0b, stub =0x000001803da55a80
[2025-06-17T23:39:42.157+0300][2596][12000][debug][safepoint] ... found polling page loop exception at pc = 0x000001803e0556ec, stub =0x000001803da55a80
[2025-06-17T23:39:42.157+0300][2596][6528 ][debug][safepoint] ... found polling page loop exception at pc = 0x000001803e0556ec, stub =0x000001803da55a80
[2025-06-17T23:39:42.162+0300][2596][22412][info ][gc       ] GC(52) Concurrent weak roots 2.899ms
[2025-06-17T23:39:42.162+0300][2596][22412][info ][gc       ] GC(52) Concurrent cleanup 1656M->226M(2048M) 0.148ms
[2025-06-17T23:39:42.162+0300][2596][22412][debug][gc,phases] GC(52) ClassLoaderData 0.013ms
[2025-06-17T23:39:42.162+0300][2596][22412][debug][gc,phases] GC(52) Trigger cleanups 0.001ms
[2025-06-17T23:39:42.164+0300][2596][21880][debug][safepoint] ... found polling page loop exception at pc = 0x000001803e0556ec, stub =0x000001803da55a80
[2025-06-17T23:39:42.164+0300][2596][6528 ][debug][safepoint] ... found polling page loop exception at pc = 0x000001803e0556ec, stub =0x000001803da55a80
[2025-06-17T23:39:42.164+0300][2596][22344][debug][safepoint] ... found polling page loop exception at pc = 0x000001803e0556ec, stub =0x000001803da55a80
[2025-06-17T23:39:42.164+0300][2596][12000][debug][safepoint] ... found polling page loop exception at pc = 0x000001803e0e10b1, stub =0x000001803da56300
[2025-06-17T23:39:42.164+0300][2596][14584][debug][safepoint] ... found polling page loop exception at pc = 0x000001803e0556ec, stub =0x000001803da55a80
[2025-06-17T23:39:42.164+0300][2596][16624][debug][safepoint] ... found polling page loop exception at pc = 0x000001803e05bce7, stub =0x000001803da56300
[2025-06-17T23:39:42.164+0300][2596][11620][debug][safepoint] ... found polling page loop exception at pc = 0x000001803e0584a0, stub =0x000001803da56300
[2025-06-17T23:39:42.173+0300][2596][22412][info ][gc       ] GC(52) Concurrent class unloading 11.616ms
[2025-06-17T23:39:42.173+0300][2596][22412][info ][gc       ] GC(52) Concurrent strong roots 0.222ms
[2025-06-17T23:39:42.173+0300][2596][22412][info ][gc       ] GC(52) Concurrent evacuation 1.158ms
[2025-06-17T23:39:42.173+0300][2596][15388][debug][safepoint] Safepoint synchronization initiated using striped semaphore wait barrier. (19 threads)
[2025-06-17T23:39:42.173+0300][2596][11620][debug][safepoint] ... found polling page loop exception at pc = 0x000001803e0556ec, stub =0x000001803da55a80
[2025-06-17T23:39:42.173+0300][2596][14584][debug][safepoint] ... found polling page loop exception at pc = 0x000001803e06ae9a, stub =0x000001803da56300
[2025-06-17T23:39:42.173+0300][2596][16624][debug][safepoint] ... found polling page loop exception at pc = 0x000001803e0556ec, stub =0x000001803da55a80
[2025-06-17T23:39:42.173+0300][2596][21880][debug][safepoint] ... found polling page loop exception at pc = 0x000001803e0556ec, stub =0x000001803da55a80
[2025-06-17T23:39:42.173+0300][2596][12000][debug][safepoint] ... found polling page loop exception at pc = 0x000001803e2191e0, stub =0x000001803da55a80
[2025-06-17T23:39:42.173+0300][2596][6528 ][debug][safepoint] ... found polling page loop exception at pc = 0x000001803e0556ec, stub =0x000001803da55a80
[2025-06-17T23:39:42.173+0300][2596][7308 ][debug][safepoint] ... found polling page loop exception at pc = 0x000001803e08b018, stub =0x000001803da56300
[2025-06-17T23:39:42.173+0300][2596][22344][debug][safepoint] ... found polling page loop exception at pc = 0x000001803e0556ec, stub =0x000001803da55a80
[2025-06-17T23:39:42.175+0300][2596][15388][info ][gc       ] GC(52) Pause Init Update Refs 0.011ms
[2025-06-17T23:39:42.175+0300][2596][15388][info ][safepoint] Safepoint "ShenandoahInitUpdateRefs", Time since last: 17187500 ns, Reaching safepoint: 426900 ns, Cleanup: 5100 ns, At safepoint: 76500 ns, Total: 508500 ns
[2025-06-17T23:39:42.183+0300][2596][22412][info ][gc       ] GC(52) Concurrent update references 9.639ms
[2025-06-17T23:39:42.183+0300][2596][11620][debug][safepoint] ... found polling page loop exception at pc = 0x000001803e0556ec, stub =0x000001803da55a80
[2025-06-17T23:39:42.183+0300][2596][7308 ][debug][safepoint] ... found polling page loop exception at pc = 0x000001803e06abce, stub =0x000001803da56300
[2025-06-17T23:39:42.183+0300][2596][22344][debug][safepoint] ... found polling page loop exception at pc = 0x000001803e0556ec, stub =0x000001803da55a80
[2025-06-17T23:39:42.183+0300][2596][14584][debug][safepoint] ... found polling page loop exception at pc = 0x000001803e0556ec, stub =0x000001803da55a80
[2025-06-17T23:39:42.183+0300][2596][6528 ][debug][safepoint] ... found polling page loop exception at pc = 0x000001803e0556ec, stub =0x000001803da55a80
[2025-06-17T23:39:42.183+0300][2596][16624][debug][safepoint] ... found polling page loop exception at pc = 0x000001803e0556ec, stub =0x000001803da55a80
[2025-06-17T23:39:42.183+0300][2596][12000][debug][safepoint] ... found polling page loop exception at pc = 0x000001803e0556ec, stub =0x000001803da55a80
[2025-06-17T23:39:42.205+0300][2596][22412][info ][gc       ] GC(52) Concurrent update thread roots 19.806ms
[2025-06-17T23:39:42.205+0300][2596][15388][debug][safepoint] Safepoint synchronization initiated using striped semaphore wait barrier. (19 threads)
[2025-06-17T23:39:42.205+0300][2596][11620][debug][safepoint] ... found polling page loop exception at pc = 0x000001803e0556ec, stub =0x000001803da55a80
[2025-06-17T23:39:42.205+0300][2596][22344][debug][safepoint] ... found polling page loop exception at pc = 0x000001803e0556ec, stub =0x000001803da55a80
[2025-06-17T23:39:42.205+0300][2596][7308 ][debug][safepoint] ... found polling page loop exception at pc = 0x000001803e07ec94, stub =0x000001803da56300
[2025-06-17T23:39:42.205+0300][2596][14584][debug][safepoint] ... found polling page loop exception at pc = 0x000001803e0556ec, stub =0x000001803da55a80
[2025-06-17T23:39:42.205+0300][2596][15388][info ][gc       ] GC(52) Pause Final Update Refs 0.074ms
[2025-06-17T23:39:42.205+0300][2596][15388][info ][safepoint] Safepoint "ShenandoahFinalUpdateRefs", Time since last: 29638500 ns, Reaching safepoint: 289500 ns, Cleanup: 6600 ns, At safepoint: 146600 ns, Total: 442700 ns
[2025-06-17T23:39:42.205+0300][2596][22412][info ][gc       ] GC(52) Concurrent cleanup 303M->137M(2048M) 0.037ms
[2025-06-17T23:39:42.979+0300][2596][22412][info ][gc       ] Trigger: Average GC time (79.30 ms) is above the time for average allocation rate (2015 MB/s) to deplete free headroom (151M) (margin of error = 1.73)
[2025-06-17T23:39:42.979+0300][2596][22412][info ][gc       ] GC(53) Concurrent reset 0.936ms
[2025-06-17T23:39:42.979+0300][2596][15388][debug][safepoint] Safepoint synchronization initiated using striped semaphore wait barrier. (19 threads)
[2025-06-17T23:39:42.979+0300][2596][6528 ][debug][safepoint] ... found polling page loop exception at pc = 0x000001803e0556ec, stub =0x000001803da55a80
[2025-06-17T23:39:42.979+0300][2596][21880][debug][safepoint] ... found polling page loop exception at pc = 0x000001803e0556ec, stub =0x000001803da55a80
[2025-06-17T23:39:42.979+0300][2596][14584][debug][safepoint] ... found polling page loop exception at pc = 0x000001803e0556ec, stub =0x000001803da55a80
[2025-06-17T23:39:42.979+0300][2596][12000][debug][safepoint] ... found polling page loop exception at pc = 0x000001803e06abce, stub =0x000001803da56300
[2025-06-17T23:39:42.979+0300][2596][16624][debug][safepoint] ... found polling page loop exception at pc = 0x000001803e0556ec, stub =0x000001803da55a80
[2025-06-17T23:39:42.979+0300][2596][22344][debug][safepoint] ... found polling page loop exception at pc = 0x000001803e0556ec, stub =0x000001803da55a80
[2025-06-17T23:39:42.979+0300][2596][11620][debug][safepoint] ... found polling page loop exception at pc = 0x000001803e0556ec, stub =0x000001803da55a80
[2025-06-17T23:39:42.979+0300][2596][7308 ][debug][safepoint] ... found polling page loop exception at pc = 0x000001803e0556ec, stub =0x000001803da55a80
[2025-06-17T23:39:42.979+0300][2596][15388][info ][gc       ] GC(53) Pause Init Mark (unload classes) 0.041ms
[2025-06-17T23:39:42.979+0300][2596][15388][info ][safepoint] Safepoint "ShenandoahInitMark", Time since last: 775016700 ns, Reaching safepoint: 503700 ns, Cleanup: 6500 ns, At safepoint: 108699 ns, Total: 618899 ns
[2025-06-17T23:39:42.979+0300][2596][22412][info ][gc       ] GC(53) Concurrent marking roots 0.148ms
[2025-06-17T23:39:42.983+0300][2596][12000][debug][safepoint] ... found polling page loop exception at pc = 0x000001803e0556ec, stub =0x000001803da55a80
[2025-06-17T23:39:42.983+0300][2596][6528 ][debug][safepoint] ... found polling page loop exception at pc = 0x000001803e0556ec, stub =0x000001803da55a80
[2025-06-17T23:39:42.983+0300][2596][21880][debug][safepoint] ... found polling page loop exception at pc = 0x000001803e219bbf, stub =0x000001803da55a80
[2025-06-17T23:39:42.983+0300][2596][14584][debug][safepoint] ... found polling page loop exception at pc = 0x000001803e0556ec, stub =0x000001803da55a80
[2025-06-17T23:39:42.983+0300][2596][16624][debug][safepoint] ... found polling page loop exception at pc = 0x000001803e0556ec, stub =0x000001803da55a80
[2025-06-17T23:39:42.983+0300][2596][22344][debug][safepoint] ... found polling page loop exception at pc = 0x000001803e0556ec, stub =0x000001803da55a80
[2025-06-17T23:39:42.983+0300][2596][11620][debug][safepoint] ... found polling page loop exception at pc = 0x000001803e05a45d, stub =0x000001803da56300
[2025-06-17T23:39:42.995+0300][2596][12000][debug][safepoint] ... found polling page loop exception at pc = 0x000001803e0556ec, stub =0x000001803da55a80
[2025-06-17T23:39:42.995+0300][2596][21880][debug][safepoint] ... found polling page loop exception at pc = 0x000001803e06ae9a, stub =0x000001803da56300
[2025-06-17T23:39:42.995+0300][2596][6528 ][debug][safepoint] ... found polling page loop exception at pc = 0x000001803e058607, stub =0x000001803da56300
[2025-06-17T23:39:42.995+0300][2596][11620][debug][safepoint] ... found polling page loop exception at pc = 0x000001803e0556ec, stub =0x000001803da55a80
[2025-06-17T23:39:42.995+0300][2596][16624][debug][safepoint] ... found polling page loop exception at pc = 0x000001803e0556ec, stub =0x000001803da55a80
[2025-06-17T23:39:42.995+0300][2596][22344][debug][safepoint] ... found polling page loop exception at pc = 0x000001803e0556ec, stub =0x000001803da55a80
[2025-06-17T23:39:42.995+0300][2596][22412][info ][gc       ] GC(53) Concurrent marking (unload classes) 15.595ms
[2025-06-17T23:39:42.995+0300][2596][15388][debug][safepoint] Safepoint synchronization initiated using striped semaphore wait barrier. (19 threads)
[2025-06-17T23:39:42.995+0300][2596][7308 ][debug][safepoint] ... found polling page loop exception at pc = 0x000001803e0556ec, stub =0x000001803da55a80
[2025-06-17T23:39:42.995+0300][2596][22344][debug][safepoint] ... found polling page loop exception at pc = 0x000001803e0556ec, stub =0x000001803da55a80
[2025-06-17T23:39:42.995+0300][2596][12000][debug][safepoint] ... found polling page loop exception at pc = 0x000001803e05a45d, stub =0x000001803da56300
[2025-06-17T23:39:42.995+0300][2596][11620][debug][safepoint] ... found polling page loop exception at pc = 0x000001803e0556ec, stub =0x000001803da55a80
[2025-06-17T23:39:42.995+0300][2596][21880][debug][safepoint] ... found polling page loop exception at pc = 0x000001803e0556ec, stub =0x000001803da55a80
[2025-06-17T23:39:42.995+0300][2596][14584][debug][safepoint] ... found polling page loop exception at pc = 0x000001803e0556ec, stub =0x000001803da55a80
[2025-06-17T23:39:42.997+0300][2596][15388][info ][gc       ] GC(53) Pause Final Mark (unload classes) 0.192ms
[2025-06-17T23:39:42.997+0300][2596][15388][info ][safepoint] Safepoint "ShenandoahFinalMarkStartEvac", Time since last: 15884201 ns, Reaching safepoint: 318600 ns, Cleanup: 14000 ns, At safepoint: 252800 ns, Total: 585400 ns
[2025-06-17T23:39:42.997+0300][2596][22412][info ][gc       ] GC(53) Concurrent thread roots 0.384ms
[2025-06-17T23:39:42.997+0300][2596][22412][info ][gc       ] GC(53) Concurrent weak references 0.158ms
[2025-06-17T23:39:42.997+0300][2596][11620][debug][safepoint] ... found polling page loop exception at pc = 0x000001803e0556ec, stub =0x000001803da55a80
[2025-06-17T23:39:42.997+0300][2596][16624][debug][safepoint] ... found polling page loop exception at pc = 0x000001803e0556ec, stub =0x000001803da55a80
[2025-06-17T23:39:42.997+0300][2596][6528 ][debug][safepoint] ... found polling page loop exception at pc = 0x000001803e0556ec, stub =0x000001803da55a80
[2025-06-17T23:39:42.997+0300][2596][21880][debug][safepoint] ... found polling page loop exception at pc = 0x000001803e0706fb, stub =0x000001803da56300
[2025-06-17T23:39:42.997+0300][2596][7308 ][debug][safepoint] ... found polling page loop exception at pc = 0x000001803e1753df, stub =0x000001803da56300
[2025-06-17T23:39:43.009+0300][2596][22412][info ][gc       ] GC(53) Concurrent weak roots 11.860ms
[2025-06-17T23:39:43.009+0300][2596][22412][info ][gc       ] GC(53) Concurrent cleanup 1761M->257M(2048M) 0.160ms
[2025-06-17T23:39:43.009+0300][2596][22412][debug][gc,phases] GC(53) ClassLoaderData 0.014ms
[2025-06-17T23:39:43.009+0300][2596][22412][debug][gc,phases] GC(53) Trigger cleanups 0.000ms
[2025-06-17T23:39:43.011+0300][2596][16624][debug][safepoint] ... found polling page loop exception at pc = 0x000001803e183b0f, stub =0x000001803da56300
[2025-06-17T23:39:43.011+0300][2596][22344][debug][safepoint] ... found polling page loop exception at pc = 0x000001803e0556ec, stub =0x000001803da55a80
[2025-06-17T23:39:43.011+0300][2596][14584][debug][safepoint] ... found polling page loop exception at pc = 0x000001803e06abce, stub =0x000001803da56300
[2025-06-17T23:39:43.011+0300][2596][21880][debug][safepoint] ... found polling page loop exception at pc = 0x000001803e0556ec, stub =0x000001803da55a80
[2025-06-17T23:39:43.011+0300][2596][7308 ][debug][safepoint] ... found polling page loop exception at pc = 0x000001803e0556ec, stub =0x000001803da55a80
[2025-06-17T23:39:43.011+0300][2596][11620][debug][safepoint] ... found polling page loop exception at pc = 0x000001803e219bbf, stub =0x000001803da55a80
[2025-06-17T23:39:43.043+0300][2596][22412][info ][gc       ] GC(53) Concurrent class unloading 32.253ms
[2025-06-17T23:39:43.043+0300][2596][22412][info ][gc       ] GC(53) Concurrent strong roots 0.227ms
[2025-06-17T23:39:43.043+0300][2596][22412][info ][gc       ] GC(53) Concurrent evacuation 1.196ms
[2025-06-17T23:39:43.043+0300][2596][15388][debug][safepoint] Safepoint synchronization initiated using striped semaphore wait barrier. (19 threads)
[2025-06-17T23:39:43.043+0300][2596][16624][debug][safepoint] ... found polling page loop exception at pc = 0x000001803e0556ec, stub =0x000001803da55a80
[2025-06-17T23:39:43.043+0300][2596][7308 ][debug][safepoint] ... found polling page loop exception at pc = 0x000001803e219bbf, stub =0x000001803da55a80
[2025-06-17T23:39:43.043+0300][2596][12000][debug][safepoint] ... found polling page loop exception at pc = 0x000001803e0556ec, stub =0x000001803da55a80
[2025-06-17T23:39:43.043+0300][2596][6528 ][debug][safepoint] ... found polling page loop exception at pc = 0x000001803e0556ec, stub =0x000001803da55a80
[2025-06-17T23:39:43.043+0300][2596][11620][debug][safepoint] ... found polling page loop exception at pc = 0x000001803e0706fb, stub =0x000001803da56300
[2025-06-17T23:39:43.043+0300][2596][22344][debug][safepoint] ... found polling page loop exception at pc = 0x000001803e058607, stub =0x000001803da56300
[2025-06-17T23:39:43.045+0300][2596][15388][info ][gc       ] GC(53) Pause Init Update Refs 0.012ms
[2025-06-17T23:39:43.045+0300][2596][15388][info ][safepoint] Safepoint "ShenandoahInitUpdateRefs", Time since last: 46657400 ns, Reaching safepoint: 351300 ns, Cleanup: 6000 ns, At safepoint: 75700 ns, Total: 433000 ns
[2025-06-17T23:39:43.053+0300][2596][22412][info ][gc       ] GC(53) Concurrent update references 9.109ms
[2025-06-17T23:39:43.053+0300][2596][16624][debug][safepoint] ... found polling page loop exception at pc = 0x000001803e0c6885, stub =0x000001803da56300
[2025-06-17T23:39:43.053+0300][2596][7308 ][debug][safepoint] ... found polling page loop exception at pc = 0x000001803e0c9246, stub =0x000001803da56300
[2025-06-17T23:39:43.053+0300][2596][21880][debug][safepoint] ... found polling page loop exception at pc = 0x000001803e0556ec, stub =0x000001803da55a80
[2025-06-17T23:39:43.053+0300][2596][14584][debug][safepoint] ... found polling page loop exception at pc = 0x000001803e0556ec, stub =0x000001803da55a80
[2025-06-17T23:39:43.053+0300][2596][22344][debug][safepoint] ... found polling page loop exception at pc = 0x000001803e0556ec, stub =0x000001803da55a80
[2025-06-17T23:39:43.058+0300][2596][22412][info ][gc       ] GC(53) Concurrent update thread roots 4.558ms
[2025-06-17T23:39:43.058+0300][2596][15388][debug][safepoint] Safepoint synchronization initiated using striped semaphore wait barrier. (19 threads)
[2025-06-17T23:39:43.058+0300][2596][12000][debug][safepoint] ... found polling page loop exception at pc = 0x000001803e0547fb, stub =0x000001803da55a80
[2025-06-17T23:39:43.058+0300][2596][21880][debug][safepoint] ... found polling page loop exception at pc = 0x000001803e0c9246, stub =0x000001803da56300
[2025-06-17T23:39:43.058+0300][2596][6528 ][debug][safepoint] ... found polling page loop exception at pc = 0x000001803e0584a0, stub =0x000001803da56300
[2025-06-17T23:39:43.058+0300][2596][11620][debug][safepoint] ... found polling page loop exception at pc = 0x000001803e0556ec, stub =0x000001803da55a80
[2025-06-17T23:39:43.058+0300][2596][16624][debug][safepoint] ... found polling page loop exception at pc = 0x000001803e0556ec, stub =0x000001803da55a80
[2025-06-17T23:39:43.058+0300][2596][15388][info ][gc       ] GC(53) Pause Final Update Refs 0.072ms
[2025-06-17T23:39:43.058+0300][2596][15388][info ][safepoint] Safepoint "ShenandoahFinalUpdateRefs", Time since last: 13840900 ns, Reaching safepoint: 254300 ns, Cleanup: 6300 ns, At safepoint: 128300 ns, Total: 388900 ns
[2025-06-17T23:39:43.058+0300][2596][22412][info ][gc       ] GC(53) Concurrent cleanup 365M->189M(2048M) 0.038ms
[2025-06-17T23:39:43.728+0300][2596][19504][info ][gc       ] Cancelling GC: Stopping VM
[2025-06-17T23:39:43.738+0300][2596][15388][debug][safepoint] Safepoint synchronization initiated using striped semaphore wait barrier. (11 threads)
