[2025-05-18T23:08:34.930+0300][16120][16732][info][gc] Min heap equals to max heap, disabling ShenandoahUncommit
[2025-05-18T23:08:34.934+0300][16120][16732][info][gc] Heuristics ergonomically sets -XX:+ExplicitGCInvokesConcurrent
[2025-05-18T23:08:34.934+0300][16120][16732][info][gc] Heuristics ergonomically sets -XX:+ShenandoahImplicitGCInvokesConcurrent
[2025-05-18T23:08:34.934+0300][16120][16732][info][gc] Using Shenandoah
[2025-05-18T23:08:34.949+0300][16120][16732][info][gc,ergo] Pacer for Idle. Initial: 245M, Alloc Tax Rate: 1.0x
[2025-05-18T23:08:34.949+0300][16120][16732][info][gc,init] Version: 21.0.7+6-LTS (release)
[2025-05-18T23:08:34.949+0300][16120][16732][info][gc,init] CPUs: 8 total, 8 available
[2025-05-18T23:08:34.949+0300][16120][16732][info][gc,init] Memory: 16183M
[2025-05-18T23:08:34.949+0300][16120][16732][info][gc,init] Large Page Support: Disabled
[2025-05-18T23:08:34.949+0300][16120][16732][info][gc,init] NUMA Support: Disabled
[2025-05-18T23:08:34.949+0300][16120][16732][info][gc,init] Compressed Oops: Enabled (Zero based)
[2025-05-18T23:08:34.949+0300][16120][16732][info][gc,init] Heap Min Capacity: 12G
[2025-05-18T23:08:34.949+0300][16120][16732][info][gc,init] Heap Initial Capacity: 12G
[2025-05-18T23:08:34.949+0300][16120][16732][info][gc,init] Heap Max Capacity: 12G
[2025-05-18T23:08:34.949+0300][16120][16732][info][gc,init] Pre-touch: Disabled
[2025-05-18T23:08:34.949+0300][16120][16732][info][gc,init] Mode: Snapshot-At-The-Beginning (SATB)
[2025-05-18T23:08:34.949+0300][16120][16732][info][gc,init] Heuristics: Adaptive
[2025-05-18T23:08:34.949+0300][16120][16732][info][gc,init] Heap Region Count: 3072
[2025-05-18T23:08:34.949+0300][16120][16732][info][gc,init] Heap Region Size: 4M
[2025-05-18T23:08:34.949+0300][16120][16732][info][gc,init] TLAB Size Max: 4M
[2025-05-18T23:08:34.949+0300][16120][16732][info][gc,init] Humongous Object Threshold: 4M
[2025-05-18T23:08:34.949+0300][16120][16732][info][gc,init] Parallel Workers: 4
[2025-05-18T23:08:34.949+0300][16120][16732][info][gc,init] Concurrent Workers: 2
[2025-05-18T23:08:34.957+0300][16120][16732][info][gc,metaspace] CDS archive(s) mapped at: [0x0000015680000000-0x0000015680c80000-0x0000015680c80000), size 13107200, SharedBaseAddress: 0x0000015680000000, ArchiveRelocationMode: 1.
[2025-05-18T23:08:34.957+0300][16120][16732][info][gc,metaspace] Compressed class space mapped at: 0x0000015681000000-0x00000156c1000000, reserved size: 1073741824
[2025-05-18T23:08:34.957+0300][16120][16732][info][gc,metaspace] Narrow klass base: 0x0000015680000000, Narrow klass shift: 0, Narrow klass range: 0x100000000
[2025-05-18T23:08:39.214+0300][16120][7316 ][info][gc          ] Trigger: Explicit GC request (System.gc())
[2025-05-18T23:08:39.214+0300][16120][7316 ][info][gc,ergo     ] Free: 11432M, Max: 4096K regular, 11432M humongous, Frag: 0% external, 0% internal; Reserve: 616M, Max: 4096K
[2025-05-18T23:08:39.214+0300][16120][7316 ][info][gc,start    ] GC(0) Concurrent reset
[2025-05-18T23:08:39.214+0300][16120][7316 ][info][gc,task     ] GC(0) Using 2 of 4 workers for concurrent reset
[2025-05-18T23:08:39.214+0300][16120][7316 ][info][gc,ergo     ] GC(0) Pacer for Reset. Non-Taxable: 12288M
[2025-05-18T23:08:39.214+0300][16120][7316 ][info][gc          ] GC(0) Concurrent reset 0.355ms
[2025-05-18T23:08:39.214+0300][16120][8944 ][info][gc,start    ] GC(0) Pause Init Mark (unload classes)
[2025-05-18T23:08:39.215+0300][16120][8944 ][info][gc,task     ] GC(0) Using 4 of 4 workers for init marking
[2025-05-18T23:08:39.215+0300][16120][8944 ][info][gc,ref      ] GC(0) Clearing All SoftReferences
[2025-05-18T23:08:39.215+0300][16120][8944 ][info][gc,ergo     ] GC(0) Pacer for Mark. Expected Live: 1228M, Free: 11432M, Non-Taxable: 1143M, Alloc Tax Rate: 0.1x
[2025-05-18T23:08:39.215+0300][16120][8944 ][info][gc          ] GC(0) Pause Init Mark (unload classes) 0.173ms
[2025-05-18T23:08:39.215+0300][16120][7316 ][info][gc,start    ] GC(0) Concurrent marking roots
[2025-05-18T23:08:39.215+0300][16120][7316 ][info][gc,task     ] GC(0) Using 2 of 4 workers for concurrent marking roots
[2025-05-18T23:08:39.216+0300][16120][7316 ][info][gc          ] GC(0) Concurrent marking roots 0.912ms
[2025-05-18T23:08:39.216+0300][16120][7316 ][info][gc,start    ] GC(0) Concurrent marking (unload classes)
[2025-05-18T23:08:39.216+0300][16120][7316 ][info][gc,task     ] GC(0) Using 2 of 4 workers for concurrent marking
[2025-05-18T23:08:39.223+0300][16120][7316 ][info][gc          ] GC(0) Concurrent marking (unload classes) 7.736ms
[2025-05-18T23:08:39.223+0300][16120][8944 ][info][gc,start    ] GC(0) Pause Final Mark (unload classes)
[2025-05-18T23:08:39.223+0300][16120][8944 ][info][gc,task     ] GC(0) Using 4 of 4 workers for final marking
[2025-05-18T23:08:39.224+0300][16120][8944 ][info][gc,ergo     ] GC(0) Adaptive CSet Selection. Target Free: 1740M, Actual Free: 12048M, Max CSet: 512M, Min Garbage: 0B
[2025-05-18T23:08:39.224+0300][16120][8944 ][info][gc,ergo     ] GC(0) Collectable Garbage: 231M (100%), Immediate: 0B (0%), CSet: 231M (100%)
[2025-05-18T23:08:39.224+0300][16120][8944 ][info][gc,ergo     ] GC(0) Pacer for Evacuation. Used CSet: 240M, Free: 11432M, Non-Taxable: 1143M, Alloc Tax Rate: 1.1x
[2025-05-18T23:08:39.224+0300][16120][8944 ][info][gc          ] GC(0) Pause Final Mark (unload classes) 0.439ms
[2025-05-18T23:08:39.224+0300][16120][7316 ][info][gc,start    ] GC(0) Concurrent thread roots
[2025-05-18T23:08:39.224+0300][16120][7316 ][info][gc,task     ] GC(0) Using 2 of 4 workers for Concurrent thread roots
[2025-05-18T23:08:39.224+0300][16120][7316 ][info][gc          ] GC(0) Concurrent thread roots 0.278ms
[2025-05-18T23:08:39.224+0300][16120][7316 ][info][gc,start    ] GC(0) Concurrent weak references
[2025-05-18T23:08:39.224+0300][16120][7316 ][info][gc,task     ] GC(0) Using 2 of 4 workers for concurrent weak references
[2025-05-18T23:08:39.225+0300][16120][7316 ][info][gc,ref      ] GC(0) Encountered references: Soft: 3753, Weak: 2618, Final: 3, Phantom: 912
[2025-05-18T23:08:39.225+0300][16120][7316 ][info][gc,ref      ] GC(0) Discovered  references: Soft: 3646, Weak: 1455, Final: 3, Phantom: 773
[2025-05-18T23:08:39.225+0300][16120][7316 ][info][gc,ref      ] GC(0) Enqueued    references: Soft: 1444, Weak: 814, Final: 0, Phantom: 673
[2025-05-18T23:08:39.225+0300][16120][7316 ][info][gc          ] GC(0) Concurrent weak references 0.802ms
[2025-05-18T23:08:39.225+0300][16120][7316 ][info][gc,start    ] GC(0) Concurrent weak roots
[2025-05-18T23:08:39.225+0300][16120][7316 ][info][gc,task     ] GC(0) Using 2 of 4 workers for concurrent weak root
[2025-05-18T23:08:39.227+0300][16120][7316 ][info][gc          ] GC(0) Concurrent weak roots 1.999ms
[2025-05-18T23:08:39.227+0300][16120][7316 ][info][gc,start    ] GC(0) Concurrent cleanup
[2025-05-18T23:08:39.227+0300][16120][7316 ][info][gc          ] GC(0) Concurrent cleanup 245M->245M(12288M) 0.036ms
[2025-05-18T23:08:39.227+0300][16120][7316 ][info][gc,ergo     ] GC(0) Free: 11428M, Max: 4096K regular, 11428M humongous, Frag: 0% external, 0% internal; Reserve: 614M, Max: 4096K
[2025-05-18T23:08:39.227+0300][16120][7316 ][info][gc,start    ] GC(0) Concurrent class unloading
[2025-05-18T23:08:39.227+0300][16120][7316 ][info][gc,task     ] GC(0) Using 2 of 4 workers for concurrent class unloading
[2025-05-18T23:08:39.237+0300][16120][7316 ][info][gc          ] GC(0) Concurrent class unloading 9.115ms
[2025-05-18T23:08:39.237+0300][16120][7316 ][info][gc,start    ] GC(0) Concurrent strong roots
[2025-05-18T23:08:39.237+0300][16120][7316 ][info][gc,task     ] GC(0) Using 2 of 4 workers for concurrent strong root
[2025-05-18T23:08:39.237+0300][16120][7316 ][info][gc          ] GC(0) Concurrent strong roots 0.620ms
[2025-05-18T23:08:39.237+0300][16120][7316 ][info][gc,start    ] GC(0) Concurrent evacuation
[2025-05-18T23:08:39.237+0300][16120][7316 ][info][gc,task     ] GC(0) Using 2 of 4 workers for concurrent evacuation
[2025-05-18T23:08:39.243+0300][16120][7316 ][info][gc          ] GC(0) Concurrent evacuation 5.376ms
[2025-05-18T23:08:39.243+0300][16120][8944 ][info][gc,start    ] GC(0) Pause Init Update Refs
[2025-05-18T23:08:39.243+0300][16120][8944 ][info][gc,ergo     ] GC(0) Pacer for Update Refs. Used: 260M, Free: 11428M, Non-Taxable: 1142M, Alloc Tax Rate: 1.1x
[2025-05-18T23:08:39.243+0300][16120][8944 ][info][gc          ] GC(0) Pause Init Update Refs 0.108ms
[2025-05-18T23:08:39.243+0300][16120][7316 ][info][gc,start    ] GC(0) Concurrent update references
[2025-05-18T23:08:39.243+0300][16120][7316 ][info][gc,task     ] GC(0) Using 2 of 4 workers for concurrent reference update
[2025-05-18T23:08:39.248+0300][16120][7316 ][info][gc          ] GC(0) Concurrent update references 4.553ms
[2025-05-18T23:08:39.248+0300][16120][7316 ][info][gc,start    ] GC(0) Concurrent update thread roots
[2025-05-18T23:08:39.248+0300][16120][7316 ][info][gc          ] GC(0) Concurrent update thread roots 0.237ms
[2025-05-18T23:08:39.248+0300][16120][8944 ][info][gc,start    ] GC(0) Pause Final Update Refs
[2025-05-18T23:08:39.248+0300][16120][8944 ][info][gc,task     ] GC(0) Using 4 of 4 workers for final reference update
[2025-05-18T23:08:39.248+0300][16120][8944 ][info][gc          ] GC(0) Pause Final Update Refs 0.115ms
[2025-05-18T23:08:39.248+0300][16120][7316 ][info][gc,start    ] GC(0) Concurrent cleanup
[2025-05-18T23:08:39.248+0300][16120][7316 ][info][gc          ] GC(0) Concurrent cleanup 260M->20M(12288M) 0.046ms
[2025-05-18T23:08:39.248+0300][16120][7316 ][info][gc,ergo     ] Free: 11652M, Max: 4096K regular, 11412M humongous, Frag: 3% external, 0% internal; Reserve: 616M, Max: 4096K
[2025-05-18T23:08:39.248+0300][16120][7316 ][info][gc,stats    ] 
[2025-05-18T23:08:39.248+0300][16120][7316 ][info][gc,stats    ] All times are wall-clock times, except per-root-class counters, that are sum over
[2025-05-18T23:08:39.248+0300][16120][7316 ][info][gc,stats    ] all workers. Dividing the <total> over the root stage time estimates parallelism.
[2025-05-18T23:08:39.248+0300][16120][7316 ][info][gc,stats    ] 
[2025-05-18T23:08:39.248+0300][16120][7316 ][info][gc,stats    ] Concurrent Reset                    400 us
[2025-05-18T23:08:39.248+0300][16120][7316 ][info][gc,stats    ] Pause Init Mark (G)                 387 us
[2025-05-18T23:08:39.248+0300][16120][7316 ][info][gc,stats    ] Pause Init Mark (N)                 184 us
[2025-05-18T23:08:39.248+0300][16120][7316 ][info][gc,stats    ]   Update Region States                8 us
[2025-05-18T23:08:39.248+0300][16120][7316 ][info][gc,stats    ] Concurrent Mark Roots               945 us, parallelism: 1.33x
[2025-05-18T23:08:39.248+0300][16120][7316 ][info][gc,stats    ]   CMR: <total>                     1256 us
[2025-05-18T23:08:39.248+0300][16120][7316 ][info][gc,stats    ]   CMR: Thread Roots                 918 us, workers (us): 592, 327, ---, ---, 
[2025-05-18T23:08:39.248+0300][16120][7316 ][info][gc,stats    ]   CMR: VM Strong Roots               82 us, workers (us):  66,  17, ---, ---, 
[2025-05-18T23:08:39.248+0300][16120][7316 ][info][gc,stats    ]   CMR: CLDG Roots                   255 us, workers (us): ---, 255, ---, ---, 
[2025-05-18T23:08:39.248+0300][16120][7316 ][info][gc,stats    ] Concurrent Marking                 7792 us
[2025-05-18T23:08:39.248+0300][16120][7316 ][info][gc,stats    ] Pause Final Mark (G)                574 us
[2025-05-18T23:08:39.248+0300][16120][7316 ][info][gc,stats    ] Pause Final Mark (N)                454 us
[2025-05-18T23:08:39.248+0300][16120][7316 ][info][gc,stats    ]   Finish Mark                       248 us
[2025-05-18T23:08:39.248+0300][16120][7316 ][info][gc,stats    ]   Update Region States               20 us
[2025-05-18T23:08:39.248+0300][16120][7316 ][info][gc,stats    ]   Choose Collection Set              80 us
[2025-05-18T23:08:39.249+0300][16120][7316 ][info][gc,stats    ]   Rebuild Free Set                   18 us
[2025-05-18T23:08:39.249+0300][16120][7316 ][info][gc,stats    ] Concurrent Thread Roots             308 us, parallelism: 0.66x
[2025-05-18T23:08:39.249+0300][16120][7316 ][info][gc,stats    ]   CTR: <total>                      204 us
[2025-05-18T23:08:39.249+0300][16120][7316 ][info][gc,stats    ]   CTR: Thread Roots                 204 us, workers (us): 122,  82, ---, ---, 
[2025-05-18T23:08:39.249+0300][16120][7316 ][info][gc,stats    ] Concurrent Weak References          815 us, parallelism: 0.90x
[2025-05-18T23:08:39.249+0300][16120][7316 ][info][gc,stats    ]   CWRF: <total>                     731 us
[2025-05-18T23:08:39.249+0300][16120][7316 ][info][gc,stats    ]   CWRF: Weak References             731 us, workers (us): 201, 531, ---, ---, 
[2025-05-18T23:08:39.249+0300][16120][7316 ][info][gc,stats    ] Concurrent Weak Roots              2052 us
[2025-05-18T23:08:39.249+0300][16120][7316 ][info][gc,stats    ]   Roots                            1895 us, parallelism: 1.86x
[2025-05-18T23:08:39.249+0300][16120][7316 ][info][gc,stats    ]     CWR: <total>                   3531 us
[2025-05-18T23:08:39.249+0300][16120][7316 ][info][gc,stats    ]     CWR: Code Cache Roots          1275 us, workers (us): 673, 603, ---, ---, 
[2025-05-18T23:08:39.249+0300][16120][7316 ][info][gc,stats    ]     CWR: VM Weak Roots             2243 us, workers (us): 1123, 1120, ---, ---, 
[2025-05-18T23:08:39.249+0300][16120][7316 ][info][gc,stats    ]     CWR: CLDG Roots                  12 us, workers (us):  12, ---, ---, ---, 
[2025-05-18T23:08:39.249+0300][16120][7316 ][info][gc,stats    ]   Rendezvous                         79 us
[2025-05-18T23:08:39.249+0300][16120][7316 ][info][gc,stats    ] Concurrent Cleanup                   50 us
[2025-05-18T23:08:39.249+0300][16120][7316 ][info][gc,stats    ] Concurrent Class Unloading         9171 us
[2025-05-18T23:08:39.249+0300][16120][7316 ][info][gc,stats    ]   Unlink Stale                     7796 us
[2025-05-18T23:08:39.249+0300][16120][7316 ][info][gc,stats    ]     System Dictionary               163 us
[2025-05-18T23:08:39.249+0300][16120][7316 ][info][gc,stats    ]     Weak Class Links               5361 us
[2025-05-18T23:08:39.249+0300][16120][7316 ][info][gc,stats    ]     Code Roots                     2271 us
[2025-05-18T23:08:39.249+0300][16120][7316 ][info][gc,stats    ]   Rendezvous                        141 us
[2025-05-18T23:08:39.249+0300][16120][7316 ][info][gc,stats    ]   Purge Unlinked                   1148 us
[2025-05-18T23:08:39.249+0300][16120][7316 ][info][gc,stats    ]     Code Roots                     1015 us
[2025-05-18T23:08:39.249+0300][16120][7316 ][info][gc,stats    ]     CLDG                            132 us
[2025-05-18T23:08:39.249+0300][16120][7316 ][info][gc,stats    ]     Exception Caches                  0 us
[2025-05-18T23:08:39.249+0300][16120][7316 ][info][gc,stats    ] Concurrent Strong Roots             655 us, parallelism: 0.79x
[2025-05-18T23:08:39.249+0300][16120][7316 ][info][gc,stats    ]   CSR: <total>                      520 us
[2025-05-18T23:08:39.249+0300][16120][7316 ][info][gc,stats    ]   CSR: VM Strong Roots               23 us, workers (us):  23,   0, ---, ---, 
[2025-05-18T23:08:39.249+0300][16120][7316 ][info][gc,stats    ]   CSR: CLDG Roots                   497 us, workers (us): 497, ---, ---, ---, 
[2025-05-18T23:08:39.249+0300][16120][7316 ][info][gc,stats    ] Concurrent Evacuation              5421 us
[2025-05-18T23:08:39.249+0300][16120][7316 ][info][gc,stats    ] Pause Init Update Refs (G)          236 us
[2025-05-18T23:08:39.249+0300][16120][7316 ][info][gc,stats    ] Pause Init Update Refs (N)          120 us
[2025-05-18T23:08:39.249+0300][16120][7316 ][info][gc,stats    ]   Manage GCLABs                       3 us
[2025-05-18T23:08:39.249+0300][16120][7316 ][info][gc,stats    ] Concurrent Update Refs             4610 us
[2025-05-18T23:08:39.249+0300][16120][7316 ][info][gc,stats    ] Concurrent Update Thread Roots      271 us
[2025-05-18T23:08:39.249+0300][16120][7316 ][info][gc,stats    ] Pause Final Update Refs (G)         313 us
[2025-05-18T23:08:39.249+0300][16120][7316 ][info][gc,stats    ] Pause Final Update Refs (N)         129 us
[2025-05-18T23:08:39.249+0300][16120][7316 ][info][gc,stats    ]   Update Region States               24 us
[2025-05-18T23:08:39.249+0300][16120][7316 ][info][gc,stats    ]   Trash Collection Set                3 us
[2025-05-18T23:08:39.249+0300][16120][7316 ][info][gc,stats    ]   Rebuild Free Set                   16 us
[2025-05-18T23:08:39.249+0300][16120][7316 ][info][gc,stats    ] Concurrent Cleanup                   62 us
[2025-05-18T23:08:39.249+0300][16120][7316 ][info][gc,stats    ] 
[2025-05-18T23:08:39.249+0300][16120][7316 ][info][gc,stats    ] Allocation pacing accrued:
[2025-05-18T23:08:39.249+0300][16120][7316 ][info][gc,stats    ]       0 of  4301 ms (  0.0%): <total>
[2025-05-18T23:08:39.249+0300][16120][7316 ][info][gc,stats    ]       0 of  4301 ms (  0.0%): <average total>
[2025-05-18T23:08:39.249+0300][16120][7316 ][info][gc,stats    ] 
[2025-05-18T23:08:39.249+0300][16120][7316 ][info][gc,metaspace] Metaspace: 15343K(15744K)->15200K(15744K) NonClass: 13832K(14016K)->13730K(14016K) Class: 1510K(1728K)->1469K(1728K)
[2025-05-18T23:08:39.249+0300][16120][7316 ][info][gc,ergo     ] Pacer for Idle. Initial: 245M, Alloc Tax Rate: 1.0x
[2025-05-18T23:08:40.261+0300][16120][7316 ][info][gc          ] Trigger: Metadata GC Threshold
[2025-05-18T23:08:40.261+0300][16120][7316 ][info][gc,ergo     ] Free: 11476M, Max: 4096K regular, 11412M humongous, Frag: 1% external, 0% internal; Reserve: 616M, Max: 4096K
[2025-05-18T23:08:40.261+0300][16120][7316 ][info][gc,start    ] GC(1) Concurrent reset
[2025-05-18T23:08:40.261+0300][16120][7316 ][info][gc,task     ] GC(1) Using 2 of 4 workers for concurrent reset
[2025-05-18T23:08:40.261+0300][16120][7316 ][info][gc,ergo     ] GC(1) Pacer for Reset. Non-Taxable: 12288M
[2025-05-18T23:08:40.261+0300][16120][7316 ][info][gc          ] GC(1) Concurrent reset 0.542ms
[2025-05-18T23:08:40.261+0300][16120][8944 ][info][gc,start    ] GC(1) Pause Init Mark (unload classes)
[2025-05-18T23:08:40.261+0300][16120][8944 ][info][gc,task     ] GC(1) Using 4 of 4 workers for init marking
[2025-05-18T23:08:40.261+0300][16120][8944 ][info][gc,ergo     ] GC(1) Pacer for Mark. Expected Live: 8848K, Free: 11476M, Non-Taxable: 1147M, Alloc Tax Rate: 0.0x
[2025-05-18T23:08:40.261+0300][16120][8944 ][info][gc          ] GC(1) Pause Init Mark (unload classes) 0.072ms
[2025-05-18T23:08:40.262+0300][16120][7316 ][info][gc,start    ] GC(1) Concurrent marking roots
[2025-05-18T23:08:40.262+0300][16120][7316 ][info][gc,task     ] GC(1) Using 2 of 4 workers for concurrent marking roots
[2025-05-18T23:08:40.263+0300][16120][7316 ][info][gc          ] GC(1) Concurrent marking roots 2.331ms
[2025-05-18T23:08:40.263+0300][16120][7316 ][info][gc,start    ] GC(1) Concurrent marking (unload classes)
[2025-05-18T23:08:40.263+0300][16120][7316 ][info][gc,task     ] GC(1) Using 2 of 4 workers for concurrent marking
[2025-05-18T23:08:40.274+0300][16120][7316 ][info][gc          ] GC(1) Concurrent marking (unload classes) 10.541ms
[2025-05-18T23:08:40.274+0300][16120][8944 ][info][gc,start    ] GC(1) Pause Final Mark (unload classes)
[2025-05-18T23:08:40.274+0300][16120][8944 ][info][gc,task     ] GC(1) Using 4 of 4 workers for final marking
[2025-05-18T23:08:40.274+0300][16120][8944 ][info][gc,ergo     ] GC(1) Adaptive CSet Selection. Target Free: 1740M, Actual Free: 12088M, Max CSet: 512M, Min Garbage: 0B
[2025-05-18T23:08:40.274+0300][16120][8944 ][info][gc,ergo     ] GC(1) Collectable Garbage: 182M (99%), Immediate: 0B (0%), CSet: 182M (99%)
[2025-05-18T23:08:40.274+0300][16120][8944 ][info][gc,ergo     ] GC(1) Pacer for Evacuation. Used CSet: 187M, Free: 11472M, Non-Taxable: 1147M, Alloc Tax Rate: 1.1x
[2025-05-18T23:08:40.274+0300][16120][8944 ][info][gc          ] GC(1) Pause Final Mark (unload classes) 0.331ms
[2025-05-18T23:08:40.274+0300][16120][7316 ][info][gc,start    ] GC(1) Concurrent thread roots
[2025-05-18T23:08:40.274+0300][16120][7316 ][info][gc,task     ] GC(1) Using 2 of 4 workers for Concurrent thread roots
[2025-05-18T23:08:40.275+0300][16120][7316 ][info][gc          ] GC(1) Concurrent thread roots 0.445ms
[2025-05-18T23:08:40.275+0300][16120][7316 ][info][gc,start    ] GC(1) Concurrent weak references
[2025-05-18T23:08:40.275+0300][16120][7316 ][info][gc,task     ] GC(1) Using 2 of 4 workers for concurrent weak references
[2025-05-18T23:08:40.275+0300][16120][7316 ][info][gc,ref      ] GC(1) Encountered references: Soft: 3623, Weak: 2343, Final: 3, Phantom: 332
[2025-05-18T23:08:40.275+0300][16120][7316 ][info][gc,ref      ] GC(1) Discovered  references: Soft: 0, Weak: 718, Final: 1, Phantom: 213
[2025-05-18T23:08:40.275+0300][16120][7316 ][info][gc,ref      ] GC(1) Enqueued    references: Soft: 0, Weak: 185, Final: 0, Phantom: 61
[2025-05-18T23:08:40.275+0300][16120][7316 ][info][gc          ] GC(1) Concurrent weak references 0.262ms
[2025-05-18T23:08:40.275+0300][16120][7316 ][info][gc,start    ] GC(1) Concurrent weak roots
[2025-05-18T23:08:40.275+0300][16120][7316 ][info][gc,task     ] GC(1) Using 2 of 4 workers for concurrent weak root
[2025-05-18T23:08:40.276+0300][16120][7316 ][info][gc          ] GC(1) Concurrent weak roots 1.278ms
[2025-05-18T23:08:40.276+0300][16120][7316 ][info][gc,start    ] GC(1) Concurrent cleanup
[2025-05-18T23:08:40.276+0300][16120][7316 ][info][gc          ] GC(1) Concurrent cleanup 208M->208M(12288M) 0.033ms
[2025-05-18T23:08:40.276+0300][16120][7316 ][info][gc,ergo     ] GC(1) Free: 11464M, Max: 4096K regular, 11412M humongous, Frag: 1% external, 0% internal; Reserve: 615M, Max: 4096K
[2025-05-18T23:08:40.276+0300][16120][7316 ][info][gc,start    ] GC(1) Concurrent class unloading
[2025-05-18T23:08:40.276+0300][16120][7316 ][info][gc,task     ] GC(1) Using 2 of 4 workers for concurrent class unloading
[2025-05-18T23:08:40.280+0300][16120][7316 ][info][gc          ] GC(1) Concurrent class unloading 3.351ms
[2025-05-18T23:08:40.280+0300][16120][7316 ][info][gc,start    ] GC(1) Concurrent strong roots
[2025-05-18T23:08:40.280+0300][16120][7316 ][info][gc,task     ] GC(1) Using 2 of 4 workers for concurrent strong root
[2025-05-18T23:08:40.280+0300][16120][7316 ][info][gc          ] GC(1) Concurrent strong roots 0.502ms
[2025-05-18T23:08:40.280+0300][16120][7316 ][info][gc,start    ] GC(1) Concurrent evacuation
[2025-05-18T23:08:40.280+0300][16120][7316 ][info][gc,task     ] GC(1) Using 2 of 4 workers for concurrent evacuation
[2025-05-18T23:08:40.284+0300][16120][7316 ][info][gc          ] GC(1) Concurrent evacuation 3.169ms
[2025-05-18T23:08:40.284+0300][16120][8944 ][info][gc,start    ] GC(1) Pause Init Update Refs
[2025-05-18T23:08:40.284+0300][16120][8944 ][info][gc,ergo     ] GC(1) Pacer for Update Refs. Used: 215M, Free: 11464M, Non-Taxable: 1146M, Alloc Tax Rate: 1.1x
[2025-05-18T23:08:40.284+0300][16120][8944 ][info][gc          ] GC(1) Pause Init Update Refs 0.054ms
[2025-05-18T23:08:40.284+0300][16120][7316 ][info][gc,start    ] GC(1) Concurrent update references
[2025-05-18T23:08:40.284+0300][16120][7316 ][info][gc,task     ] GC(1) Using 2 of 4 workers for concurrent reference update
[2025-05-18T23:08:40.290+0300][16120][7316 ][info][gc          ] GC(1) Concurrent update references 6.301ms
[2025-05-18T23:08:40.290+0300][16120][7316 ][info][gc,start    ] GC(1) Concurrent update thread roots
[2025-05-18T23:08:40.291+0300][16120][7316 ][info][gc          ] GC(1) Concurrent update thread roots 1.063ms
[2025-05-18T23:08:40.291+0300][16120][8944 ][info][gc,start    ] GC(1) Pause Final Update Refs
[2025-05-18T23:08:40.291+0300][16120][8944 ][info][gc,task     ] GC(1) Using 4 of 4 workers for final reference update
[2025-05-18T23:08:40.291+0300][16120][8944 ][info][gc          ] GC(1) Pause Final Update Refs 0.093ms
[2025-05-18T23:08:40.292+0300][16120][7316 ][info][gc,start    ] GC(1) Concurrent cleanup
[2025-05-18T23:08:40.292+0300][16120][7316 ][info][gc          ] GC(1) Concurrent cleanup 215M->27M(12288M) 0.051ms
[2025-05-18T23:08:40.292+0300][16120][7316 ][info][gc,ergo     ] Free: 11644M, Max: 4096K regular, 11468M humongous, Frag: 2% external, 0% internal; Reserve: 616M, Max: 4096K
[2025-05-18T23:08:40.292+0300][16120][7316 ][info][gc,stats    ] 
[2025-05-18T23:08:40.292+0300][16120][7316 ][info][gc,stats    ] All times are wall-clock times, except per-root-class counters, that are sum over
[2025-05-18T23:08:40.292+0300][16120][7316 ][info][gc,stats    ] all workers. Dividing the <total> over the root stage time estimates parallelism.
[2025-05-18T23:08:40.292+0300][16120][7316 ][info][gc,stats    ] 
[2025-05-18T23:08:40.292+0300][16120][7316 ][info][gc,stats    ] Concurrent Reset                    576 us
[2025-05-18T23:08:40.292+0300][16120][7316 ][info][gc,stats    ] Pause Init Mark (G)                 269 us
[2025-05-18T23:08:40.292+0300][16120][7316 ][info][gc,stats    ] Pause Init Mark (N)                  83 us
[2025-05-18T23:08:40.292+0300][16120][7316 ][info][gc,stats    ]   Update Region States               13 us
[2025-05-18T23:08:40.292+0300][16120][7316 ][info][gc,stats    ] Concurrent Mark Roots              2365 us, parallelism: 1.78x
[2025-05-18T23:08:40.292+0300][16120][7316 ][info][gc,stats    ]   CMR: <total>                     4222 us
[2025-05-18T23:08:40.292+0300][16120][7316 ][info][gc,stats    ]   CMR: Thread Roots                4111 us, workers (us): 2057, 2054, ---, ---, 
[2025-05-18T23:08:40.292+0300][16120][7316 ][info][gc,stats    ]   CMR: VM Strong Roots               13 us, workers (us):  12,   0, ---, ---, 
[2025-05-18T23:08:40.292+0300][16120][7316 ][info][gc,stats    ]   CMR: CLDG Roots                    98 us, workers (us):  98, ---, ---, ---, 
[2025-05-18T23:08:40.292+0300][16120][7316 ][info][gc,stats    ] Concurrent Marking                10589 us
[2025-05-18T23:08:40.292+0300][16120][7316 ][info][gc,stats    ] Pause Final Mark (G)                475 us
[2025-05-18T23:08:40.292+0300][16120][7316 ][info][gc,stats    ] Pause Final Mark (N)                342 us
[2025-05-18T23:08:40.292+0300][16120][7316 ][info][gc,stats    ]   Finish Mark                       168 us
[2025-05-18T23:08:40.292+0300][16120][7316 ][info][gc,stats    ]   Update Region States               21 us
[2025-05-18T23:08:40.292+0300][16120][7316 ][info][gc,stats    ]   Choose Collection Set              60 us
[2025-05-18T23:08:40.292+0300][16120][7316 ][info][gc,stats    ]   Rebuild Free Set                   22 us
[2025-05-18T23:08:40.292+0300][16120][7316 ][info][gc,stats    ] Concurrent Thread Roots             478 us, parallelism: 1.43x
[2025-05-18T23:08:40.292+0300][16120][7316 ][info][gc,stats    ]   CTR: <total>                      682 us
[2025-05-18T23:08:40.292+0300][16120][7316 ][info][gc,stats    ]   CTR: Thread Roots                 682 us, workers (us): 366, 316, ---, ---, 
[2025-05-18T23:08:40.292+0300][16120][7316 ][info][gc,stats    ] Concurrent Weak References          274 us, parallelism: 0.55x
[2025-05-18T23:08:40.292+0300][16120][7316 ][info][gc,stats    ]   CWRF: <total>                     149 us
[2025-05-18T23:08:40.292+0300][16120][7316 ][info][gc,stats    ]   CWRF: Weak References             149 us, workers (us): 108,  41, ---, ---, 
[2025-05-18T23:08:40.292+0300][16120][7316 ][info][gc,stats    ] Concurrent Weak Roots              1330 us
[2025-05-18T23:08:40.292+0300][16120][7316 ][info][gc,stats    ]   Roots                            1109 us, parallelism: 1.89x
[2025-05-18T23:08:40.292+0300][16120][7316 ][info][gc,stats    ]     CWR: <total>                   2091 us
[2025-05-18T23:08:40.292+0300][16120][7316 ][info][gc,stats    ]     CWR: Code Cache Roots          1093 us, workers (us): 555, 539, ---, ---, 
[2025-05-18T23:08:40.292+0300][16120][7316 ][info][gc,stats    ]     CWR: VM Weak Roots              968 us, workers (us): 488, 480, ---, ---, 
[2025-05-18T23:08:40.292+0300][16120][7316 ][info][gc,stats    ]     CWR: CLDG Roots                  30 us, workers (us): ---,  30, ---, ---, 
[2025-05-18T23:08:40.292+0300][16120][7316 ][info][gc,stats    ]   Rendezvous                        145 us
[2025-05-18T23:08:40.292+0300][16120][7316 ][info][gc,stats    ] Concurrent Cleanup                   46 us
[2025-05-18T23:08:40.292+0300][16120][7316 ][info][gc,stats    ] Concurrent Class Unloading         3405 us
[2025-05-18T23:08:40.292+0300][16120][7316 ][info][gc,stats    ]   Unlink Stale                     2400 us
[2025-05-18T23:08:40.292+0300][16120][7316 ][info][gc,stats    ]     System Dictionary                17 us
[2025-05-18T23:08:40.292+0300][16120][7316 ][info][gc,stats    ]     Weak Class Links                  0 us
[2025-05-18T23:08:40.292+0300][16120][7316 ][info][gc,stats    ]     Code Roots                     2381 us
[2025-05-18T23:08:40.292+0300][16120][7316 ][info][gc,stats    ]   Rendezvous                        123 us
[2025-05-18T23:08:40.292+0300][16120][7316 ][info][gc,stats    ]   Purge Unlinked                    805 us
[2025-05-18T23:08:40.292+0300][16120][7316 ][info][gc,stats    ]     Code Roots                      776 us
[2025-05-18T23:08:40.292+0300][16120][7316 ][info][gc,stats    ]     CLDG                             28 us
[2025-05-18T23:08:40.292+0300][16120][7316 ][info][gc,stats    ]     Exception Caches                  0 us
[2025-05-18T23:08:40.292+0300][16120][7316 ][info][gc,stats    ] Concurrent Strong Roots             542 us, parallelism: 0.73x
[2025-05-18T23:08:40.292+0300][16120][7316 ][info][gc,stats    ]   CSR: <total>                      397 us
[2025-05-18T23:08:40.292+0300][16120][7316 ][info][gc,stats    ]   CSR: VM Strong Roots               12 us, workers (us):  12,   0, ---, ---, 
[2025-05-18T23:08:40.292+0300][16120][7316 ][info][gc,stats    ]   CSR: CLDG Roots                   385 us, workers (us): 385, ---, ---, ---, 
[2025-05-18T23:08:40.292+0300][16120][7316 ][info][gc,stats    ] Concurrent Evacuation              3231 us
[2025-05-18T23:08:40.292+0300][16120][7316 ][info][gc,stats    ] Pause Init Update Refs (G)          169 us
[2025-05-18T23:08:40.292+0300][16120][7316 ][info][gc,stats    ] Pause Init Update Refs (N)           65 us
[2025-05-18T23:08:40.292+0300][16120][7316 ][info][gc,stats    ]   Manage GCLABs                       4 us
[2025-05-18T23:08:40.292+0300][16120][7316 ][info][gc,stats    ] Concurrent Update Refs             6344 us
[2025-05-18T23:08:40.292+0300][16120][7316 ][info][gc,stats    ] Concurrent Update Thread Roots     1105 us
[2025-05-18T23:08:40.292+0300][16120][7316 ][info][gc,stats    ] Pause Final Update Refs (G)         266 us
[2025-05-18T23:08:40.292+0300][16120][7316 ][info][gc,stats    ] Pause Final Update Refs (N)         105 us
[2025-05-18T23:08:40.292+0300][16120][7316 ][info][gc,stats    ]   Update Region States               19 us
[2025-05-18T23:08:40.292+0300][16120][7316 ][info][gc,stats    ]   Trash Collection Set                3 us
[2025-05-18T23:08:40.292+0300][16120][7316 ][info][gc,stats    ]   Rebuild Free Set                   16 us
[2025-05-18T23:08:40.292+0300][16120][7316 ][info][gc,stats    ] Concurrent Cleanup                   71 us
[2025-05-18T23:08:40.292+0300][16120][7316 ][info][gc,stats    ] 
[2025-05-18T23:08:40.292+0300][16120][7316 ][info][gc,stats    ] Allocation pacing accrued:
[2025-05-18T23:08:40.293+0300][16120][7316 ][info][gc,stats    ]       0 of  1044 ms (  0.0%): <total>
[2025-05-18T23:08:40.293+0300][16120][7316 ][info][gc,stats    ]       0 of  1044 ms (  0.0%): <average total>
[2025-05-18T23:08:40.293+0300][16120][7316 ][info][gc,stats    ] 
[2025-05-18T23:08:40.293+0300][16120][7316 ][info][gc,metaspace] Metaspace: 25893K(26304K)->26018K(26432K) NonClass: 23428K(23680K)->23547K(23808K) Class: 2464K(2624K)->2470K(2624K)
[2025-05-18T23:08:40.293+0300][16120][7316 ][info][gc,ergo     ] Pacer for Idle. Initial: 245M, Alloc Tax Rate: 1.0x
[2025-05-18T23:10:14.432+0300][16120][7316 ][info][gc          ] Trigger: Learning 3 of 5. Free (8600M) is below initial threshold (8601M)
[2025-05-18T23:10:14.432+0300][16120][7316 ][info][gc,ergo     ] Free: 8600M, Max: 4096K regular, 8600M humongous, Frag: 0% external, 0% internal; Reserve: 616M, Max: 4096K
[2025-05-18T23:10:14.432+0300][16120][7316 ][info][gc,start    ] GC(2) Concurrent reset
[2025-05-18T23:10:14.432+0300][16120][7316 ][info][gc,task     ] GC(2) Using 2 of 4 workers for concurrent reset
[2025-05-18T23:10:14.432+0300][16120][7316 ][info][gc,ergo     ] GC(2) Pacer for Reset. Non-Taxable: 12288M
[2025-05-18T23:10:14.433+0300][16120][7316 ][info][gc          ] GC(2) Concurrent reset 0.972ms
[2025-05-18T23:10:14.433+0300][16120][8944 ][info][gc,start    ] GC(2) Pause Init Mark (unload classes)
[2025-05-18T23:10:14.433+0300][16120][8944 ][info][gc,task     ] GC(2) Using 4 of 4 workers for init marking
[2025-05-18T23:10:14.433+0300][16120][8944 ][info][gc,ergo     ] GC(2) Pacer for Mark. Expected Live: 11154K, Free: 8600M, Non-Taxable: 860M, Alloc Tax Rate: 0.0x
[2025-05-18T23:10:14.433+0300][16120][8944 ][info][gc          ] GC(2) Pause Init Mark (unload classes) 0.129ms
[2025-05-18T23:10:14.433+0300][16120][7316 ][info][gc,start    ] GC(2) Concurrent marking roots
[2025-05-18T23:10:14.433+0300][16120][7316 ][info][gc,task     ] GC(2) Using 2 of 4 workers for concurrent marking roots
[2025-05-18T23:10:14.433+0300][16120][7316 ][info][gc          ] GC(2) Concurrent marking roots 0.366ms
[2025-05-18T23:10:14.434+0300][16120][7316 ][info][gc,start    ] GC(2) Concurrent marking (unload classes)
[2025-05-18T23:10:14.434+0300][16120][7316 ][info][gc,task     ] GC(2) Using 2 of 4 workers for concurrent marking
[2025-05-18T23:10:14.443+0300][16120][7316 ][info][gc          ] GC(2) Concurrent marking (unload classes) 9.683ms
[2025-05-18T23:10:14.443+0300][16120][8944 ][info][gc,start    ] GC(2) Pause Final Mark (unload classes)
[2025-05-18T23:10:14.443+0300][16120][8944 ][info][gc,task     ] GC(2) Using 4 of 4 workers for final marking
[2025-05-18T23:10:14.444+0300][16120][8944 ][info][gc,ergo     ] GC(2) Adaptive CSet Selection. Target Free: 1740M, Actual Free: 11472M, Max CSet: 512M, Min Garbage: 0B
[2025-05-18T23:10:14.444+0300][16120][8944 ][info][gc,ergo     ] GC(2) Collectable Garbage: 3055M (99%), Immediate: 2268M (74%), CSet: 787M (25%)
[2025-05-18T23:10:14.444+0300][16120][8944 ][info][gc,ergo     ] GC(2) Pacer for Evacuation. Used CSet: 791M, Free: 10856M, Non-Taxable: 1085M, Alloc Tax Rate: 1.1x
[2025-05-18T23:10:14.444+0300][16120][8944 ][info][gc          ] GC(2) Pause Final Mark (unload classes) 0.418ms
[2025-05-18T23:10:14.444+0300][16120][7316 ][info][gc,start    ] GC(2) Concurrent thread roots
[2025-05-18T23:10:14.444+0300][16120][7316 ][info][gc,task     ] GC(2) Using 2 of 4 workers for Concurrent thread roots
[2025-05-18T23:10:14.444+0300][16120][7316 ][info][gc          ] GC(2) Concurrent thread roots 0.320ms
[2025-05-18T23:10:14.444+0300][16120][7316 ][info][gc,start    ] GC(2) Concurrent weak references
[2025-05-18T23:10:14.444+0300][16120][7316 ][info][gc,task     ] GC(2) Using 2 of 4 workers for concurrent weak references
[2025-05-18T23:10:14.445+0300][16120][7316 ][info][gc,ref      ] GC(2) Encountered references: Soft: 4265, Weak: 4623, Final: 3, Phantom: 459
[2025-05-18T23:10:14.445+0300][16120][7316 ][info][gc,ref      ] GC(2) Discovered  references: Soft: 0, Weak: 2126, Final: 1, Phantom: 316
[2025-05-18T23:10:14.445+0300][16120][7316 ][info][gc,ref      ] GC(2) Enqueued    references: Soft: 0, Weak: 1280, Final: 0, Phantom: 182
[2025-05-18T23:10:14.445+0300][16120][7316 ][info][gc          ] GC(2) Concurrent weak references 0.528ms
[2025-05-18T23:10:14.445+0300][16120][7316 ][info][gc,start    ] GC(2) Concurrent weak roots
[2025-05-18T23:10:14.445+0300][16120][7316 ][info][gc,task     ] GC(2) Using 2 of 4 workers for concurrent weak root
[2025-05-18T23:10:14.447+0300][16120][7316 ][info][gc          ] GC(2) Concurrent weak roots 2.199ms
[2025-05-18T23:10:14.447+0300][16120][7316 ][info][gc,start    ] GC(2) Concurrent cleanup
[2025-05-18T23:10:14.447+0300][16120][7316 ][info][gc          ] GC(2) Concurrent cleanup 3084M->816M(12288M) 0.051ms
[2025-05-18T23:10:14.447+0300][16120][7316 ][info][gc,ergo     ] GC(2) Free: 10856M, Max: 4096K regular, 8588M humongous, Frag: 21% external, 0% internal; Reserve: 615M, Max: 4096K
[2025-05-18T23:10:14.447+0300][16120][7316 ][info][gc,start    ] GC(2) Concurrent class unloading
[2025-05-18T23:10:14.447+0300][16120][7316 ][info][gc,task     ] GC(2) Using 2 of 4 workers for concurrent class unloading
[2025-05-18T23:10:14.469+0300][16120][7316 ][info][gc          ] GC(2) Concurrent class unloading 21.993ms
[2025-05-18T23:10:14.469+0300][16120][7316 ][info][gc,start    ] GC(2) Concurrent strong roots
[2025-05-18T23:10:14.469+0300][16120][7316 ][info][gc,task     ] GC(2) Using 2 of 4 workers for concurrent strong root
[2025-05-18T23:10:14.469+0300][16120][7316 ][info][gc          ] GC(2) Concurrent strong roots 0.301ms
[2025-05-18T23:10:14.469+0300][16120][7316 ][info][gc,start    ] GC(2) Concurrent evacuation
[2025-05-18T23:10:14.469+0300][16120][7316 ][info][gc,task     ] GC(2) Using 2 of 4 workers for concurrent evacuation
[2025-05-18T23:10:14.475+0300][16120][7316 ][info][gc          ] GC(2) Concurrent evacuation 6.036ms
[2025-05-18T23:10:14.476+0300][16120][8944 ][info][gc,start    ] GC(2) Pause Init Update Refs
[2025-05-18T23:10:14.476+0300][16120][8944 ][info][gc,ergo     ] GC(2) Pacer for Update Refs. Used: 859M, Free: 10820M, Non-Taxable: 1082M, Alloc Tax Rate: 1.1x
[2025-05-18T23:10:14.476+0300][16120][8944 ][info][gc          ] GC(2) Pause Init Update Refs 0.043ms
[2025-05-18T23:10:14.476+0300][16120][7316 ][info][gc,start    ] GC(2) Concurrent update references
[2025-05-18T23:10:14.476+0300][16120][7316 ][info][gc,task     ] GC(2) Using 2 of 4 workers for concurrent reference update
[2025-05-18T23:10:14.481+0300][16120][7316 ][info][gc          ] GC(2) Concurrent update references 5.343ms
[2025-05-18T23:10:14.481+0300][16120][7316 ][info][gc,start    ] GC(2) Concurrent update thread roots
[2025-05-18T23:10:14.481+0300][16120][7316 ][info][gc          ] GC(2) Concurrent update thread roots 0.308ms
[2025-05-18T23:10:14.482+0300][16120][8944 ][info][gc,start    ] GC(2) Pause Final Update Refs
[2025-05-18T23:10:14.482+0300][16120][8944 ][info][gc,task     ] GC(2) Using 4 of 4 workers for final reference update
[2025-05-18T23:10:14.482+0300][16120][8944 ][info][gc          ] GC(2) Pause Final Update Refs 0.117ms
[2025-05-18T23:10:14.482+0300][16120][7316 ][info][gc,start    ] GC(2) Concurrent cleanup
[2025-05-18T23:10:14.482+0300][16120][7316 ][info][gc          ] GC(2) Concurrent cleanup 859M->68M(12288M) 0.046ms
[2025-05-18T23:10:14.482+0300][16120][7316 ][info][gc,ergo     ] Free: 11604M, Max: 4096K regular, 8584M humongous, Frag: 27% external, 0% internal; Reserve: 616M, Max: 4096K
[2025-05-18T23:10:14.482+0300][16120][7316 ][info][gc,stats    ] 
[2025-05-18T23:10:14.482+0300][16120][7316 ][info][gc,stats    ] All times are wall-clock times, except per-root-class counters, that are sum over
[2025-05-18T23:10:14.482+0300][16120][7316 ][info][gc,stats    ] all workers. Dividing the <total> over the root stage time estimates parallelism.
[2025-05-18T23:10:14.482+0300][16120][7316 ][info][gc,stats    ] 
[2025-05-18T23:10:14.482+0300][16120][7316 ][info][gc,stats    ] Concurrent Reset                   1020 us
[2025-05-18T23:10:14.482+0300][16120][7316 ][info][gc,stats    ] Pause Init Mark (G)                 218 us
[2025-05-18T23:10:14.482+0300][16120][7316 ][info][gc,stats    ] Pause Init Mark (N)                 145 us
[2025-05-18T23:10:14.482+0300][16120][7316 ][info][gc,stats    ]   Update Region States               32 us
[2025-05-18T23:10:14.482+0300][16120][7316 ][info][gc,stats    ] Concurrent Mark Roots               393 us, parallelism: 1.12x
[2025-05-18T23:10:14.482+0300][16120][7316 ][info][gc,stats    ]   CMR: <total>                      441 us
[2025-05-18T23:10:14.482+0300][16120][7316 ][info][gc,stats    ]   CMR: Thread Roots                 309 us, workers (us):  95, 214, ---, ---, 
[2025-05-18T23:10:14.482+0300][16120][7316 ][info][gc,stats    ]   CMR: VM Strong Roots               10 us, workers (us):   5,   5, ---, ---, 
[2025-05-18T23:10:14.482+0300][16120][7316 ][info][gc,stats    ]   CMR: CLDG Roots                   123 us, workers (us): 123, ---, ---, ---, 
[2025-05-18T23:10:14.482+0300][16120][7316 ][info][gc,stats    ] Concurrent Marking                 9734 us
[2025-05-18T23:10:14.482+0300][16120][7316 ][info][gc,stats    ] Pause Final Mark (G)                559 us
[2025-05-18T23:10:14.482+0300][16120][7316 ][info][gc,stats    ] Pause Final Mark (N)                427 us
[2025-05-18T23:10:14.482+0300][16120][7316 ][info][gc,stats    ]   Finish Mark                       244 us
[2025-05-18T23:10:14.482+0300][16120][7316 ][info][gc,stats    ]   Update Region States               35 us
[2025-05-18T23:10:14.482+0300][16120][7316 ][info][gc,stats    ]   Choose Collection Set              66 us
[2025-05-18T23:10:14.482+0300][16120][7316 ][info][gc,stats    ]   Rebuild Free Set                   20 us
[2025-05-18T23:10:14.482+0300][16120][7316 ][info][gc,stats    ] Concurrent Thread Roots             347 us, parallelism: 0.77x
[2025-05-18T23:10:14.482+0300][16120][7316 ][info][gc,stats    ]   CTR: <total>                      267 us
[2025-05-18T23:10:14.482+0300][16120][7316 ][info][gc,stats    ]   CTR: Thread Roots                 267 us, workers (us): 175,  92, ---, ---, 
[2025-05-18T23:10:14.482+0300][16120][7316 ][info][gc,stats    ] Concurrent Weak References          538 us, parallelism: 0.66x
[2025-05-18T23:10:14.482+0300][16120][7316 ][info][gc,stats    ]   CWRF: <total>                     355 us
[2025-05-18T23:10:14.482+0300][16120][7316 ][info][gc,stats    ]   CWRF: Weak References             355 us, workers (us):  59, 296, ---, ---, 
[2025-05-18T23:10:14.482+0300][16120][7316 ][info][gc,stats    ] Concurrent Weak Roots              2247 us
[2025-05-18T23:10:14.482+0300][16120][7316 ][info][gc,stats    ]   Roots                            2035 us, parallelism: 1.80x
[2025-05-18T23:10:14.482+0300][16120][7316 ][info][gc,stats    ]     CWR: <total>                   3661 us
[2025-05-18T23:10:14.482+0300][16120][7316 ][info][gc,stats    ]     CWR: Code Cache Roots          2823 us, workers (us): 1403, 1420, ---, ---, 
[2025-05-18T23:10:14.482+0300][16120][7316 ][info][gc,stats    ]     CWR: VM Weak Roots              794 us, workers (us): 440, 354, ---, ---, 
[2025-05-18T23:10:14.482+0300][16120][7316 ][info][gc,stats    ]     CWR: CLDG Roots                  44 us, workers (us):  44, ---, ---, ---, 
[2025-05-18T23:10:14.482+0300][16120][7316 ][info][gc,stats    ]   Rendezvous                        141 us
[2025-05-18T23:10:14.482+0300][16120][7316 ][info][gc,stats    ] Concurrent Cleanup                   65 us
[2025-05-18T23:10:14.482+0300][16120][7316 ][info][gc,stats    ] Concurrent Class Unloading        22063 us
[2025-05-18T23:10:14.482+0300][16120][7316 ][info][gc,stats    ]   Unlink Stale                    13725 us
[2025-05-18T23:10:14.482+0300][16120][7316 ][info][gc,stats    ]     System Dictionary               219 us
[2025-05-18T23:10:14.482+0300][16120][7316 ][info][gc,stats    ]     Weak Class Links               5455 us
[2025-05-18T23:10:14.482+0300][16120][7316 ][info][gc,stats    ]     Code Roots                     8050 us
[2025-05-18T23:10:14.482+0300][16120][7316 ][info][gc,stats    ]   Rendezvous                        129 us
[2025-05-18T23:10:14.482+0300][16120][7316 ][info][gc,stats    ]   Purge Unlinked                   8109 us
[2025-05-18T23:10:14.482+0300][16120][7316 ][info][gc,stats    ]     Code Roots                     7807 us
[2025-05-18T23:10:14.482+0300][16120][7316 ][info][gc,stats    ]     CLDG                            301 us
[2025-05-18T23:10:14.482+0300][16120][7316 ][info][gc,stats    ]     Exception Caches                  0 us
[2025-05-18T23:10:14.482+0300][16120][7316 ][info][gc,stats    ] Concurrent Strong Roots             325 us, parallelism: 0.52x
[2025-05-18T23:10:14.482+0300][16120][7316 ][info][gc,stats    ]   CSR: <total>                      168 us
[2025-05-18T23:10:14.482+0300][16120][7316 ][info][gc,stats    ]   CSR: VM Strong Roots               10 us, workers (us):   4,   6, ---, ---, 
[2025-05-18T23:10:14.482+0300][16120][7316 ][info][gc,stats    ]   CSR: CLDG Roots                   158 us, workers (us): 158, ---, ---, ---, 
[2025-05-18T23:10:14.482+0300][16120][7316 ][info][gc,stats    ] Concurrent Evacuation              6077 us
[2025-05-18T23:10:14.482+0300][16120][7316 ][info][gc,stats    ] Pause Init Update Refs (G)          305 us
[2025-05-18T23:10:14.482+0300][16120][7316 ][info][gc,stats    ] Pause Init Update Refs (N)           51 us
[2025-05-18T23:10:14.482+0300][16120][7316 ][info][gc,stats    ]   Manage GCLABs                       4 us
[2025-05-18T23:10:14.482+0300][16120][7316 ][info][gc,stats    ] Concurrent Update Refs             5390 us
[2025-05-18T23:10:14.482+0300][16120][7316 ][info][gc,stats    ] Concurrent Update Thread Roots      333 us
[2025-05-18T23:10:14.482+0300][16120][7316 ][info][gc,stats    ] Pause Final Update Refs (G)         299 us
[2025-05-18T23:10:14.482+0300][16120][7316 ][info][gc,stats    ] Pause Final Update Refs (N)         135 us
[2025-05-18T23:10:14.482+0300][16120][7316 ][info][gc,stats    ]   Update Region States               26 us
[2025-05-18T23:10:14.482+0300][16120][7316 ][info][gc,stats    ]   Trash Collection Set                7 us
[2025-05-18T23:10:14.482+0300][16120][7316 ][info][gc,stats    ]   Rebuild Free Set                   24 us
[2025-05-18T23:10:14.482+0300][16120][7316 ][info][gc,stats    ] Concurrent Cleanup                   59 us
[2025-05-18T23:10:14.482+0300][16120][7316 ][info][gc,stats    ] 
[2025-05-18T23:10:14.482+0300][16120][7316 ][info][gc,stats    ] Allocation pacing accrued:
[2025-05-18T23:10:14.482+0300][16120][7316 ][info][gc,stats    ]       0 of 94189 ms (  0.0%): <total>
[2025-05-18T23:10:14.482+0300][16120][7316 ][info][gc,stats    ]       0 of 94189 ms (  0.0%): <average total>
[2025-05-18T23:10:14.482+0300][16120][7316 ][info][gc,stats    ] 
[2025-05-18T23:10:14.482+0300][16120][7316 ][info][gc,metaspace] Metaspace: 34472K(35328K)->34188K(35328K) NonClass: 31531K(32000K)->31328K(32000K) Class: 2941K(3328K)->2859K(3328K)
[2025-05-18T23:10:14.482+0300][16120][7316 ][info][gc,ergo     ] Pacer for Idle. Initial: 245M, Alloc Tax Rate: 1.0x
[2025-05-18T23:11:36.146+0300][16120][7316 ][info][gc          ] Trigger: Explicit GC request (System.gc())
[2025-05-18T23:11:36.146+0300][16120][7316 ][info][gc,ergo     ] Free: 9075M, Max: 4096K regular, 8584M humongous, Frag: 6% external, 0% internal; Reserve: 616M, Max: 4096K
[2025-05-18T23:11:36.146+0300][16120][7316 ][info][gc,start    ] GC(3) Concurrent reset
[2025-05-18T23:11:36.146+0300][16120][7316 ][info][gc,task     ] GC(3) Using 2 of 4 workers for concurrent reset
[2025-05-18T23:11:36.146+0300][16120][7316 ][info][gc,ergo     ] GC(3) Pacer for Reset. Non-Taxable: 12288M
[2025-05-18T23:11:36.147+0300][16120][7316 ][info][gc          ] GC(3) Concurrent reset 1.381ms
[2025-05-18T23:11:36.147+0300][16120][8944 ][info][gc,start    ] GC(3) Pause Init Mark (unload classes)
[2025-05-18T23:11:36.147+0300][16120][8944 ][info][gc,task     ] GC(3) Using 4 of 4 workers for init marking
[2025-05-18T23:11:36.147+0300][16120][8944 ][info][gc,ref      ] GC(3) Clearing All SoftReferences
[2025-05-18T23:11:36.147+0300][16120][8944 ][info][gc,ergo     ] GC(3) Pacer for Mark. Expected Live: 12515K, Free: 9075M, Non-Taxable: 907M, Alloc Tax Rate: 0.0x
[2025-05-18T23:11:36.147+0300][16120][8944 ][info][gc          ] GC(3) Pause Init Mark (unload classes) 0.092ms
[2025-05-18T23:11:36.148+0300][16120][7316 ][info][gc,start    ] GC(3) Concurrent marking roots
[2025-05-18T23:11:36.148+0300][16120][7316 ][info][gc,task     ] GC(3) Using 2 of 4 workers for concurrent marking roots
[2025-05-18T23:11:36.148+0300][16120][7316 ][info][gc          ] GC(3) Concurrent marking roots 0.854ms
[2025-05-18T23:11:36.148+0300][16120][7316 ][info][gc,start    ] GC(3) Concurrent marking (unload classes)
[2025-05-18T23:11:36.148+0300][16120][7316 ][info][gc,task     ] GC(3) Using 2 of 4 workers for concurrent marking
[2025-05-18T23:11:36.154+0300][16120][7316 ][info][gc          ] GC(3) Concurrent marking (unload classes) 5.635ms
[2025-05-18T23:11:36.154+0300][16120][8944 ][info][gc,start    ] GC(3) Pause Final Mark (unload classes)
[2025-05-18T23:11:36.154+0300][16120][8944 ][info][gc,task     ] GC(3) Using 4 of 4 workers for final marking
[2025-05-18T23:11:36.155+0300][16120][8944 ][info][gc,ergo     ] GC(3) Adaptive CSet Selection. Target Free: 1740M, Actual Free: 11968M, Max CSet: 512M, Min Garbage: 0B
[2025-05-18T23:11:36.155+0300][16120][8944 ][info][gc,ergo     ] GC(3) Collectable Garbage: 2583M (99%), Immediate: 2280M (88%), CSet: 302M (11%)
[2025-05-18T23:11:36.155+0300][16120][8944 ][info][gc,ergo     ] GC(3) Pacer for Evacuation. Used CSet: 308M, Free: 11356M, Non-Taxable: 1135M, Alloc Tax Rate: 1.1x
[2025-05-18T23:11:36.155+0300][16120][8944 ][info][gc          ] GC(3) Pause Final Mark (unload classes) 0.407ms
[2025-05-18T23:11:36.155+0300][16120][7316 ][info][gc,start    ] GC(3) Concurrent thread roots
[2025-05-18T23:11:36.155+0300][16120][7316 ][info][gc,task     ] GC(3) Using 2 of 4 workers for Concurrent thread roots
[2025-05-18T23:11:36.155+0300][16120][7316 ][info][gc          ] GC(3) Concurrent thread roots 0.242ms
[2025-05-18T23:11:36.155+0300][16120][7316 ][info][gc,start    ] GC(3) Concurrent weak references
[2025-05-18T23:11:36.155+0300][16120][7316 ][info][gc,task     ] GC(3) Using 2 of 4 workers for concurrent weak references
[2025-05-18T23:11:36.155+0300][16120][7316 ][info][gc,ref      ] GC(3) Encountered references: Soft: 3659, Weak: 2250, Final: 3, Phantom: 263
[2025-05-18T23:11:36.155+0300][16120][7316 ][info][gc,ref      ] GC(3) Discovered  references: Soft: 2177, Weak: 1014, Final: 2, Phantom: 125
[2025-05-18T23:11:36.155+0300][16120][7316 ][info][gc,ref      ] GC(3) Enqueued    references: Soft: 202, Weak: 285, Final: 0, Phantom: 7
[2025-05-18T23:11:36.155+0300][16120][7316 ][info][gc          ] GC(3) Concurrent weak references 0.280ms
[2025-05-18T23:11:36.155+0300][16120][7316 ][info][gc,start    ] GC(3) Concurrent weak roots
[2025-05-18T23:11:36.155+0300][16120][7316 ][info][gc,task     ] GC(3) Using 2 of 4 workers for concurrent weak root
[2025-05-18T23:11:36.157+0300][16120][7316 ][info][gc          ] GC(3) Concurrent weak roots 2.185ms
[2025-05-18T23:11:36.157+0300][16120][7316 ][info][gc,start    ] GC(3) Concurrent cleanup
[2025-05-18T23:11:36.158+0300][16120][7316 ][info][gc          ] GC(3) Concurrent cleanup 2605M->324M(12288M) 0.052ms
[2025-05-18T23:11:36.158+0300][16120][7316 ][info][gc,ergo     ] GC(3) Free: 11348M, Max: 4096K regular, 8592M humongous, Frag: 25% external, 0% internal; Reserve: 615M, Max: 4096K
[2025-05-18T23:11:36.158+0300][16120][7316 ][info][gc,start    ] GC(3) Concurrent class unloading
[2025-05-18T23:11:36.158+0300][16120][7316 ][info][gc,task     ] GC(3) Using 2 of 4 workers for concurrent class unloading
[2025-05-18T23:11:36.173+0300][16120][7316 ][info][gc          ] GC(3) Concurrent class unloading 14.562ms
[2025-05-18T23:11:36.173+0300][16120][7316 ][info][gc,start    ] GC(3) Concurrent strong roots
[2025-05-18T23:11:36.173+0300][16120][7316 ][info][gc,task     ] GC(3) Using 2 of 4 workers for concurrent strong root
[2025-05-18T23:11:36.173+0300][16120][7316 ][info][gc          ] GC(3) Concurrent strong roots 0.263ms
[2025-05-18T23:11:36.173+0300][16120][7316 ][info][gc,start    ] GC(3) Concurrent evacuation
[2025-05-18T23:11:36.173+0300][16120][7316 ][info][gc,task     ] GC(3) Using 2 of 4 workers for concurrent evacuation
[2025-05-18T23:11:36.176+0300][16120][7316 ][info][gc          ] GC(3) Concurrent evacuation 3.128ms
[2025-05-18T23:11:36.176+0300][16120][8944 ][info][gc,start    ] GC(3) Pause Init Update Refs
[2025-05-18T23:11:36.176+0300][16120][8944 ][info][gc,ergo     ] GC(3) Pacer for Update Refs. Used: 330M, Free: 11348M, Non-Taxable: 1134M, Alloc Tax Rate: 1.1x
[2025-05-18T23:11:36.176+0300][16120][8944 ][info][gc          ] GC(3) Pause Init Update Refs 0.039ms
[2025-05-18T23:11:36.176+0300][16120][7316 ][info][gc,start    ] GC(3) Concurrent update references
[2025-05-18T23:11:36.176+0300][16120][7316 ][info][gc,task     ] GC(3) Using 2 of 4 workers for concurrent reference update
[2025-05-18T23:11:36.180+0300][16120][7316 ][info][gc          ] GC(3) Concurrent update references 3.481ms
[2025-05-18T23:11:36.180+0300][16120][7316 ][info][gc,start    ] GC(3) Concurrent update thread roots
[2025-05-18T23:11:36.180+0300][16120][7316 ][info][gc          ] GC(3) Concurrent update thread roots 0.255ms
[2025-05-18T23:11:36.180+0300][16120][8944 ][info][gc,start    ] GC(3) Pause Final Update Refs
[2025-05-18T23:11:36.180+0300][16120][8944 ][info][gc,task     ] GC(3) Using 4 of 4 workers for final reference update
[2025-05-18T23:11:36.180+0300][16120][8944 ][info][gc          ] GC(3) Pause Final Update Refs 0.069ms
[2025-05-18T23:11:36.180+0300][16120][7316 ][info][gc,start    ] GC(3) Concurrent cleanup
[2025-05-18T23:11:36.180+0300][16120][7316 ][info][gc          ] GC(3) Concurrent cleanup 330M->22M(12288M) 0.039ms
[2025-05-18T23:11:36.180+0300][16120][7316 ][info][gc,ergo     ] Free: 11649M, Max: 4096K regular, 9080M humongous, Frag: 23% external, 0% internal; Reserve: 616M, Max: 4096K
[2025-05-18T23:11:36.180+0300][16120][7316 ][info][gc,stats    ] 
[2025-05-18T23:11:36.180+0300][16120][7316 ][info][gc,stats    ] All times are wall-clock times, except per-root-class counters, that are sum over
[2025-05-18T23:11:36.180+0300][16120][7316 ][info][gc,stats    ] all workers. Dividing the <total> over the root stage time estimates parallelism.
[2025-05-18T23:11:36.180+0300][16120][7316 ][info][gc,stats    ] 
[2025-05-18T23:11:36.180+0300][16120][7316 ][info][gc,stats    ] Concurrent Reset                   1464 us
[2025-05-18T23:11:36.180+0300][16120][7316 ][info][gc,stats    ] Pause Init Mark (G)                 314 us
[2025-05-18T23:11:36.180+0300][16120][7316 ][info][gc,stats    ] Pause Init Mark (N)                 102 us
[2025-05-18T23:11:36.180+0300][16120][7316 ][info][gc,stats    ]   Update Region States               27 us
[2025-05-18T23:11:36.180+0300][16120][7316 ][info][gc,stats    ] Concurrent Mark Roots               884 us, parallelism: 1.27x
[2025-05-18T23:11:36.180+0300][16120][7316 ][info][gc,stats    ]   CMR: <total>                     1120 us
[2025-05-18T23:11:36.180+0300][16120][7316 ][info][gc,stats    ]   CMR: Thread Roots                1004 us, workers (us): 470, 535, ---, ---, 
[2025-05-18T23:11:36.180+0300][16120][7316 ][info][gc,stats    ]   CMR: VM Strong Roots               18 us, workers (us):   4,  14, ---, ---, 
[2025-05-18T23:11:36.180+0300][16120][7316 ][info][gc,stats    ]   CMR: CLDG Roots                    97 us, workers (us):  97, ---, ---, ---, 
[2025-05-18T23:11:36.180+0300][16120][7316 ][info][gc,stats    ] Concurrent Marking                 5684 us
[2025-05-18T23:11:36.180+0300][16120][7316 ][info][gc,stats    ] Pause Final Mark (G)                546 us
[2025-05-18T23:11:36.180+0300][16120][7316 ][info][gc,stats    ] Pause Final Mark (N)                416 us
[2025-05-18T23:11:36.180+0300][16120][7316 ][info][gc,stats    ]   Finish Mark                       244 us
[2025-05-18T23:11:36.180+0300][16120][7316 ][info][gc,stats    ]   Update Region States               29 us
[2025-05-18T23:11:36.180+0300][16120][7316 ][info][gc,stats    ]   Choose Collection Set              59 us
[2025-05-18T23:11:36.180+0300][16120][7316 ][info][gc,stats    ]   Rebuild Free Set                   17 us
[2025-05-18T23:11:36.180+0300][16120][7316 ][info][gc,stats    ] Concurrent Thread Roots             271 us, parallelism: 0.58x
[2025-05-18T23:11:36.180+0300][16120][7316 ][info][gc,stats    ]   CTR: <total>                      158 us
[2025-05-18T23:11:36.180+0300][16120][7316 ][info][gc,stats    ]   CTR: Thread Roots                 158 us, workers (us):  91,  67, ---, ---, 
[2025-05-18T23:11:36.180+0300][16120][7316 ][info][gc,stats    ] Concurrent Weak References          289 us, parallelism: 0.46x
[2025-05-18T23:11:36.180+0300][16120][7316 ][info][gc,stats    ]   CWRF: <total>                     133 us
[2025-05-18T23:11:36.180+0300][16120][7316 ][info][gc,stats    ]   CWRF: Weak References             133 us, workers (us):  97,  36, ---, ---, 
[2025-05-18T23:11:36.180+0300][16120][7316 ][info][gc,stats    ] Concurrent Weak Roots              2235 us
[2025-05-18T23:11:36.180+0300][16120][7316 ][info][gc,stats    ]   Roots                            1987 us, parallelism: 1.78x
[2025-05-18T23:11:36.180+0300][16120][7316 ][info][gc,stats    ]     CWR: <total>                   3533 us
[2025-05-18T23:11:36.180+0300][16120][7316 ][info][gc,stats    ]     CWR: Code Cache Roots          2762 us, workers (us): 1392, 1370, ---, ---, 
[2025-05-18T23:11:36.180+0300][16120][7316 ][info][gc,stats    ]     CWR: VM Weak Roots              752 us, workers (us): 416, 336, ---, ---, 
[2025-05-18T23:11:36.180+0300][16120][7316 ][info][gc,stats    ]     CWR: CLDG Roots                  19 us, workers (us):  19, ---, ---, ---, 
[2025-05-18T23:11:36.180+0300][16120][7316 ][info][gc,stats    ]   Rendezvous                        163 us
[2025-05-18T23:11:36.180+0300][16120][7316 ][info][gc,stats    ] Concurrent Cleanup                   66 us
[2025-05-18T23:11:36.180+0300][16120][7316 ][info][gc,stats    ] Concurrent Class Unloading        14613 us
[2025-05-18T23:11:36.180+0300][16120][7316 ][info][gc,stats    ]   Unlink Stale                    12193 us
[2025-05-18T23:11:36.180+0300][16120][7316 ][info][gc,stats    ]     System Dictionary               393 us
[2025-05-18T23:11:36.180+0300][16120][7316 ][info][gc,stats    ]     Weak Class Links               4334 us
[2025-05-18T23:11:36.180+0300][16120][7316 ][info][gc,stats    ]     Code Roots                     7464 us
[2025-05-18T23:11:36.180+0300][16120][7316 ][info][gc,stats    ]   Rendezvous                         66 us
[2025-05-18T23:11:36.180+0300][16120][7316 ][info][gc,stats    ]   Purge Unlinked                   2282 us
[2025-05-18T23:11:36.180+0300][16120][7316 ][info][gc,stats    ]     Code Roots                     1619 us
[2025-05-18T23:11:36.180+0300][16120][7316 ][info][gc,stats    ]     CLDG                            663 us
[2025-05-18T23:11:36.180+0300][16120][7316 ][info][gc,stats    ]     Exception Caches                  0 us
[2025-05-18T23:11:36.180+0300][16120][7316 ][info][gc,stats    ] Concurrent Strong Roots             275 us, parallelism: 0.41x
[2025-05-18T23:11:36.180+0300][16120][7316 ][info][gc,stats    ]   CSR: <total>                      113 us
[2025-05-18T23:11:36.180+0300][16120][7316 ][info][gc,stats    ]   CSR: VM Strong Roots                6 us, workers (us):   5,   0, ---, ---, 
[2025-05-18T23:11:36.180+0300][16120][7316 ][info][gc,stats    ]   CSR: CLDG Roots                   107 us, workers (us): 107, ---, ---, ---, 
[2025-05-18T23:11:36.180+0300][16120][7316 ][info][gc,stats    ] Concurrent Evacuation              3162 us
[2025-05-18T23:11:36.180+0300][16120][7316 ][info][gc,stats    ] Pause Init Update Refs (G)          209 us
[2025-05-18T23:11:36.180+0300][16120][7316 ][info][gc,stats    ] Pause Init Update Refs (N)           48 us
[2025-05-18T23:11:36.180+0300][16120][7316 ][info][gc,stats    ]   Manage GCLABs                       2 us
[2025-05-18T23:11:36.180+0300][16120][7316 ][info][gc,stats    ] Concurrent Update Refs             3548 us
[2025-05-18T23:11:36.180+0300][16120][7316 ][info][gc,stats    ] Concurrent Update Thread Roots      279 us
[2025-05-18T23:11:36.180+0300][16120][7316 ][info][gc,stats    ] Pause Final Update Refs (G)         154 us
[2025-05-18T23:11:36.180+0300][16120][7316 ][info][gc,stats    ] Pause Final Update Refs (N)          79 us
[2025-05-18T23:11:36.180+0300][16120][7316 ][info][gc,stats    ]   Update Region States               18 us
[2025-05-18T23:11:36.180+0300][16120][7316 ][info][gc,stats    ]   Trash Collection Set                3 us
[2025-05-18T23:11:36.180+0300][16120][7316 ][info][gc,stats    ]   Rebuild Free Set                   13 us
[2025-05-18T23:11:36.180+0300][16120][7316 ][info][gc,stats    ] Concurrent Cleanup                   50 us
[2025-05-18T23:11:36.180+0300][16120][7316 ][info][gc,stats    ] 
[2025-05-18T23:11:36.180+0300][16120][7316 ][info][gc,stats    ] Allocation pacing accrued:
[2025-05-18T23:11:36.180+0300][16120][7316 ][info][gc,stats    ]       0 of 81698 ms (  0.0%): <total>
[2025-05-18T23:11:36.180+0300][16120][7316 ][info][gc,stats    ]       0 of 81698 ms (  0.0%): <average total>
[2025-05-18T23:11:36.180+0300][16120][7316 ][info][gc,stats    ] 
[2025-05-18T23:11:36.180+0300][16120][7316 ][info][gc,metaspace] Metaspace: 34354K(35456K)->32887K(35328K) NonClass: 31484K(32128K)->30177K(32000K) Class: 2869K(3328K)->2709K(3328K)
[2025-05-18T23:11:36.180+0300][16120][7316 ][info][gc,ergo     ] Pacer for Idle. Initial: 245M, Alloc Tax Rate: 1.0x
[2025-05-18T23:13:11.176+0300][16120][7316 ][info][gc          ] Trigger: Learning 2 of 5. Free (8600M) is below initial threshold (8601M)
[2025-05-18T23:13:11.176+0300][16120][7316 ][info][gc,ergo     ] Free: 8600M, Max: 4096K regular, 8600M humongous, Frag: 0% external, 0% internal; Reserve: 616M, Max: 4096K
[2025-05-18T23:13:11.176+0300][16120][7316 ][info][gc,start    ] GC(4) Concurrent reset
[2025-05-18T23:13:11.176+0300][16120][7316 ][info][gc,task     ] GC(4) Using 2 of 4 workers for concurrent reset
[2025-05-18T23:13:11.176+0300][16120][7316 ][info][gc,ergo     ] GC(4) Pacer for Reset. Non-Taxable: 12288M
[2025-05-18T23:13:11.179+0300][16120][7316 ][info][gc          ] GC(4) Concurrent reset 2.785ms
[2025-05-18T23:13:11.179+0300][16120][8944 ][info][gc,start    ] GC(4) Pause Init Mark (unload classes)
[2025-05-18T23:13:11.179+0300][16120][8944 ][info][gc,task     ] GC(4) Using 4 of 4 workers for init marking
[2025-05-18T23:13:11.179+0300][16120][8944 ][info][gc,ergo     ] GC(4) Pacer for Mark. Expected Live: 12498K, Free: 8600M, Non-Taxable: 860M, Alloc Tax Rate: 0.0x
[2025-05-18T23:13:11.179+0300][16120][8944 ][info][gc          ] GC(4) Pause Init Mark (unload classes) 0.197ms
[2025-05-18T23:13:11.180+0300][16120][7316 ][info][gc,start    ] GC(4) Concurrent marking roots
[2025-05-18T23:13:11.180+0300][16120][7316 ][info][gc,task     ] GC(4) Using 2 of 4 workers for concurrent marking roots
[2025-05-18T23:13:11.181+0300][16120][7316 ][info][gc          ] GC(4) Concurrent marking roots 0.848ms
[2025-05-18T23:13:11.181+0300][16120][7316 ][info][gc,start    ] GC(4) Concurrent marking (unload classes)
[2025-05-18T23:13:11.181+0300][16120][7316 ][info][gc,task     ] GC(4) Using 2 of 4 workers for concurrent marking
[2025-05-18T23:13:11.189+0300][16120][7316 ][info][gc          ] GC(4) Concurrent marking (unload classes) 8.445ms
[2025-05-18T23:13:11.189+0300][16120][8944 ][info][gc,start    ] GC(4) Pause Final Mark (unload classes)
[2025-05-18T23:13:11.189+0300][16120][8944 ][info][gc,task     ] GC(4) Using 4 of 4 workers for final marking
[2025-05-18T23:13:11.189+0300][16120][8944 ][info][gc,ergo     ] GC(4) Adaptive CSet Selection. Target Free: 1740M, Actual Free: 11792M, Max CSet: 512M, Min Garbage: 0B
[2025-05-18T23:13:11.189+0300][16120][8944 ][info][gc,ergo     ] GC(4) Collectable Garbage: 3056M (99%), Immediate: 2576M (84%), CSet: 480M (15%)
[2025-05-18T23:13:11.189+0300][16120][8944 ][info][gc,ergo     ] GC(4) Pacer for Evacuation. Used CSet: 486M, Free: 11176M, Non-Taxable: 1117M, Alloc Tax Rate: 1.1x
[2025-05-18T23:13:11.189+0300][16120][8944 ][info][gc          ] GC(4) Pause Final Mark (unload classes) 0.401ms
[2025-05-18T23:13:11.189+0300][16120][7316 ][info][gc,start    ] GC(4) Concurrent thread roots
[2025-05-18T23:13:11.189+0300][16120][7316 ][info][gc,task     ] GC(4) Using 2 of 4 workers for Concurrent thread roots
[2025-05-18T23:13:11.190+0300][16120][7316 ][info][gc          ] GC(4) Concurrent thread roots 0.335ms
[2025-05-18T23:13:11.190+0300][16120][7316 ][info][gc,start    ] GC(4) Concurrent weak references
[2025-05-18T23:13:11.190+0300][16120][7316 ][info][gc,task     ] GC(4) Using 2 of 4 workers for concurrent weak references
[2025-05-18T23:13:11.190+0300][16120][7316 ][info][gc,ref      ] GC(4) Encountered references: Soft: 3750, Weak: 2652, Final: 3, Phantom: 318
[2025-05-18T23:13:11.190+0300][16120][7316 ][info][gc,ref      ] GC(4) Discovered  references: Soft: 0, Weak: 1057, Final: 1, Phantom: 232
[2025-05-18T23:13:11.190+0300][16120][7316 ][info][gc,ref      ] GC(4) Enqueued    references: Soft: 0, Weak: 300, Final: 0, Phantom: 41
[2025-05-18T23:13:11.190+0300][16120][7316 ][info][gc          ] GC(4) Concurrent weak references 0.391ms
[2025-05-18T23:13:11.190+0300][16120][7316 ][info][gc,start    ] GC(4) Concurrent weak roots
[2025-05-18T23:13:11.190+0300][16120][7316 ][info][gc,task     ] GC(4) Using 2 of 4 workers for concurrent weak root
[2025-05-18T23:13:11.194+0300][16120][7316 ][info][gc          ] GC(4) Concurrent weak roots 3.900ms
[2025-05-18T23:13:11.194+0300][16120][7316 ][info][gc,start    ] GC(4) Concurrent cleanup
[2025-05-18T23:13:11.194+0300][16120][7316 ][info][gc          ] GC(4) Concurrent cleanup 3109M->533M(12288M) 0.051ms
[2025-05-18T23:13:11.194+0300][16120][7316 ][info][gc,ergo     ] GC(4) Free: 11140M, Max: 4096K regular, 8564M humongous, Frag: 24% external, 0% internal; Reserve: 613M, Max: 4096K
[2025-05-18T23:13:11.194+0300][16120][7316 ][info][gc,start    ] GC(4) Concurrent class unloading
[2025-05-18T23:13:11.194+0300][16120][7316 ][info][gc,task     ] GC(4) Using 2 of 4 workers for concurrent class unloading
[2025-05-18T23:13:11.223+0300][16120][7316 ][info][gc          ] GC(4) Concurrent class unloading 29.181ms
[2025-05-18T23:13:11.223+0300][16120][7316 ][info][gc,start    ] GC(4) Concurrent strong roots
[2025-05-18T23:13:11.223+0300][16120][7316 ][info][gc,task     ] GC(4) Using 2 of 4 workers for concurrent strong root
[2025-05-18T23:13:11.224+0300][16120][7316 ][info][gc          ] GC(4) Concurrent strong roots 0.405ms
[2025-05-18T23:13:11.224+0300][16120][7316 ][info][gc,start    ] GC(4) Concurrent evacuation
[2025-05-18T23:13:11.224+0300][16120][7316 ][info][gc,task     ] GC(4) Using 2 of 4 workers for concurrent evacuation
[2025-05-18T23:13:11.228+0300][16120][7316 ][info][gc          ] GC(4) Concurrent evacuation 3.944ms
[2025-05-18T23:13:11.228+0300][16120][8944 ][info][gc,start    ] GC(4) Pause Init Update Refs
[2025-05-18T23:13:11.228+0300][16120][8944 ][info][gc,ergo     ] GC(4) Pacer for Update Refs. Used: 546M, Free: 11132M, Non-Taxable: 1113M, Alloc Tax Rate: 1.1x
[2025-05-18T23:13:11.228+0300][16120][8944 ][info][gc          ] GC(4) Pause Init Update Refs 0.042ms
[2025-05-18T23:13:11.228+0300][16120][7316 ][info][gc,start    ] GC(4) Concurrent update references
[2025-05-18T23:13:11.228+0300][16120][7316 ][info][gc,task     ] GC(4) Using 2 of 4 workers for concurrent reference update
[2025-05-18T23:13:11.232+0300][16120][7316 ][info][gc          ] GC(4) Concurrent update references 3.911ms
[2025-05-18T23:13:11.232+0300][16120][7316 ][info][gc,start    ] GC(4) Concurrent update thread roots
[2025-05-18T23:13:11.232+0300][16120][7316 ][info][gc          ] GC(4) Concurrent update thread roots 0.352ms
[2025-05-18T23:13:11.232+0300][16120][8944 ][info][gc,start    ] GC(4) Pause Final Update Refs
[2025-05-18T23:13:11.232+0300][16120][8944 ][info][gc,task     ] GC(4) Using 4 of 4 workers for final reference update
[2025-05-18T23:13:11.233+0300][16120][8944 ][info][gc          ] GC(4) Pause Final Update Refs 0.071ms
[2025-05-18T23:13:11.233+0300][16120][7316 ][info][gc,start    ] GC(4) Concurrent cleanup
[2025-05-18T23:13:11.233+0300][16120][7316 ][info][gc          ] GC(4) Concurrent cleanup 546M->59M(12288M) 0.093ms
[2025-05-18T23:13:11.233+0300][16120][7316 ][info][gc,ergo     ] Free: 11612M, Max: 4096K regular, 8564M humongous, Frag: 27% external, 0% internal; Reserve: 616M, Max: 4096K
[2025-05-18T23:13:11.233+0300][16120][7316 ][info][gc,stats    ] 
[2025-05-18T23:13:11.233+0300][16120][7316 ][info][gc,stats    ] All times are wall-clock times, except per-root-class counters, that are sum over
[2025-05-18T23:13:11.233+0300][16120][7316 ][info][gc,stats    ] all workers. Dividing the <total> over the root stage time estimates parallelism.
[2025-05-18T23:13:11.233+0300][16120][7316 ][info][gc,stats    ] 
[2025-05-18T23:13:11.233+0300][16120][7316 ][info][gc,stats    ] Concurrent Reset                   2876 us
[2025-05-18T23:13:11.233+0300][16120][7316 ][info][gc,stats    ] Pause Init Mark (G)                 514 us
[2025-05-18T23:13:11.233+0300][16120][7316 ][info][gc,stats    ] Pause Init Mark (N)                 227 us
[2025-05-18T23:13:11.233+0300][16120][7316 ][info][gc,stats    ]   Update Region States               36 us
[2025-05-18T23:13:11.233+0300][16120][7316 ][info][gc,stats    ] Concurrent Mark Roots               901 us, parallelism: 0.90x
[2025-05-18T23:13:11.233+0300][16120][7316 ][info][gc,stats    ]   CMR: <total>                      815 us
[2025-05-18T23:13:11.233+0300][16120][7316 ][info][gc,stats    ]   CMR: Thread Roots                 525 us, workers (us): 149, 376, ---, ---, 
[2025-05-18T23:13:11.233+0300][16120][7316 ][info][gc,stats    ]   CMR: VM Strong Roots               44 us, workers (us):  17,  26, ---, ---, 
[2025-05-18T23:13:11.233+0300][16120][7316 ][info][gc,stats    ]   CMR: CLDG Roots                   247 us, workers (us): 247, ---, ---, ---, 
[2025-05-18T23:13:11.233+0300][16120][7316 ][info][gc,stats    ] Concurrent Marking                 8493 us
[2025-05-18T23:13:11.233+0300][16120][7316 ][info][gc,stats    ] Pause Final Mark (G)                525 us
[2025-05-18T23:13:11.233+0300][16120][7316 ][info][gc,stats    ] Pause Final Mark (N)                410 us
[2025-05-18T23:13:11.233+0300][16120][7316 ][info][gc,stats    ]   Finish Mark                       246 us
[2025-05-18T23:13:11.233+0300][16120][7316 ][info][gc,stats    ]   Update Region States               18 us
[2025-05-18T23:13:11.233+0300][16120][7316 ][info][gc,stats    ]   Choose Collection Set              55 us
[2025-05-18T23:13:11.233+0300][16120][7316 ][info][gc,stats    ]   Rebuild Free Set                   19 us
[2025-05-18T23:13:11.233+0300][16120][7316 ][info][gc,stats    ] Concurrent Thread Roots             357 us, parallelism: 0.69x
[2025-05-18T23:13:11.233+0300][16120][7316 ][info][gc,stats    ]   CTR: <total>                      247 us
[2025-05-18T23:13:11.233+0300][16120][7316 ][info][gc,stats    ]   CTR: Thread Roots                 247 us, workers (us): 135, 113, ---, ---, 
[2025-05-18T23:13:11.233+0300][16120][7316 ][info][gc,stats    ] Concurrent Weak References          407 us, parallelism: 0.34x
[2025-05-18T23:13:11.233+0300][16120][7316 ][info][gc,stats    ]   CWRF: <total>                     136 us
[2025-05-18T23:13:11.233+0300][16120][7316 ][info][gc,stats    ]   CWRF: Weak References             136 us, workers (us): 120,  16, ---, ---, 
[2025-05-18T23:13:11.233+0300][16120][7316 ][info][gc,stats    ] Concurrent Weak Roots              3955 us
[2025-05-18T23:13:11.233+0300][16120][7316 ][info][gc,stats    ]   Roots                            3716 us, parallelism: 1.83x
[2025-05-18T23:13:11.233+0300][16120][7316 ][info][gc,stats    ]     CWR: <total>                   6794 us
[2025-05-18T23:13:11.233+0300][16120][7316 ][info][gc,stats    ]     CWR: Code Cache Roots          5662 us, workers (us): 2775, 2887, ---, ---, 
[2025-05-18T23:13:11.233+0300][16120][7316 ][info][gc,stats    ]     CWR: VM Weak Roots             1095 us, workers (us): 565, 530, ---, ---, 
[2025-05-18T23:13:11.233+0300][16120][7316 ][info][gc,stats    ]     CWR: CLDG Roots                  36 us, workers (us): ---,  36, ---, ---, 
[2025-05-18T23:13:11.233+0300][16120][7316 ][info][gc,stats    ]   Rendezvous                        157 us
[2025-05-18T23:13:11.233+0300][16120][7316 ][info][gc,stats    ] Concurrent Cleanup                   62 us
[2025-05-18T23:13:11.233+0300][16120][7316 ][info][gc,stats    ] Concurrent Class Unloading        29250 us
[2025-05-18T23:13:11.233+0300][16120][7316 ][info][gc,stats    ]   Unlink Stale                    16793 us
[2025-05-18T23:13:11.233+0300][16120][7316 ][info][gc,stats    ]     System Dictionary               291 us
[2025-05-18T23:13:11.233+0300][16120][7316 ][info][gc,stats    ]     Weak Class Links               7742 us
[2025-05-18T23:13:11.233+0300][16120][7316 ][info][gc,stats    ]     Code Roots                     8758 us
[2025-05-18T23:13:11.233+0300][16120][7316 ][info][gc,stats    ]   Rendezvous                        186 us
[2025-05-18T23:13:11.233+0300][16120][7316 ][info][gc,stats    ]   Purge Unlinked                  12175 us
[2025-05-18T23:13:11.233+0300][16120][7316 ][info][gc,stats    ]     Code Roots                    11293 us
[2025-05-18T23:13:11.233+0300][16120][7316 ][info][gc,stats    ]     CLDG                            881 us
[2025-05-18T23:13:11.233+0300][16120][7316 ][info][gc,stats    ]     Exception Caches                  0 us
[2025-05-18T23:13:11.233+0300][16120][7316 ][info][gc,stats    ] Concurrent Strong Roots             459 us, parallelism: 0.56x
[2025-05-18T23:13:11.233+0300][16120][7316 ][info][gc,stats    ]   CSR: <total>                      257 us
[2025-05-18T23:13:11.233+0300][16120][7316 ][info][gc,stats    ]   CSR: VM Strong Roots                8 us, workers (us):   5,   2, ---, ---, 
[2025-05-18T23:13:11.233+0300][16120][7316 ][info][gc,stats    ]   CSR: CLDG Roots                   249 us, workers (us): 249, ---, ---, ---, 
[2025-05-18T23:13:11.233+0300][16120][7316 ][info][gc,stats    ] Concurrent Evacuation              3996 us
[2025-05-18T23:13:11.233+0300][16120][7316 ][info][gc,stats    ] Pause Init Update Refs (G)          208 us
[2025-05-18T23:13:11.233+0300][16120][7316 ][info][gc,stats    ] Pause Init Update Refs (N)           50 us
[2025-05-18T23:13:11.233+0300][16120][7316 ][info][gc,stats    ]   Manage GCLABs                       5 us
[2025-05-18T23:13:11.233+0300][16120][7316 ][info][gc,stats    ] Concurrent Update Refs             3967 us
[2025-05-18T23:13:11.233+0300][16120][7316 ][info][gc,stats    ] Concurrent Update Thread Roots      375 us
[2025-05-18T23:13:11.233+0300][16120][7316 ][info][gc,stats    ] Pause Final Update Refs (G)         371 us
[2025-05-18T23:13:11.233+0300][16120][7316 ][info][gc,stats    ] Pause Final Update Refs (N)          81 us
[2025-05-18T23:13:11.233+0300][16120][7316 ][info][gc,stats    ]   Update Region States               22 us
[2025-05-18T23:13:11.233+0300][16120][7316 ][info][gc,stats    ]   Trash Collection Set                3 us
[2025-05-18T23:13:11.233+0300][16120][7316 ][info][gc,stats    ]   Rebuild Free Set                   12 us
[2025-05-18T23:13:11.233+0300][16120][7316 ][info][gc,stats    ] Concurrent Cleanup                  123 us
[2025-05-18T23:13:11.233+0300][16120][7316 ][info][gc,stats    ] 
[2025-05-18T23:13:11.233+0300][16120][7316 ][info][gc,stats    ] Allocation pacing accrued:
[2025-05-18T23:13:11.233+0300][16120][7316 ][info][gc,stats    ]       0 of 95053 ms (  0.0%): <total>
[2025-05-18T23:13:11.233+0300][16120][7316 ][info][gc,stats    ]       0 of 95053 ms (  0.0%): <average total>
[2025-05-18T23:13:11.233+0300][16120][7316 ][info][gc,stats    ] 
[2025-05-18T23:13:11.233+0300][16120][7316 ][info][gc,metaspace] Metaspace: 34560K(35456K)->34186K(35456K) NonClass: 31632K(32128K)->31362K(32128K) Class: 2927K(3328K)->2824K(3328K)
[2025-05-18T23:13:11.233+0300][16120][7316 ][info][gc,ergo     ] Pacer for Idle. Initial: 245M, Alloc Tax Rate: 1.0x
[2025-05-18T23:14:27.511+0300][16120][7316 ][info][gc          ] Trigger: Explicit GC request (System.gc())
[2025-05-18T23:14:27.511+0300][16120][7316 ][info][gc,ergo     ] Free: 9252M, Max: 4096K regular, 8564M humongous, Frag: 8% external, 0% internal; Reserve: 616M, Max: 4096K
[2025-05-18T23:14:27.511+0300][16120][7316 ][info][gc,start    ] GC(5) Concurrent reset
[2025-05-18T23:14:27.511+0300][16120][7316 ][info][gc,task     ] GC(5) Using 2 of 4 workers for concurrent reset
[2025-05-18T23:14:27.511+0300][16120][7316 ][info][gc,ergo     ] GC(5) Pacer for Reset. Non-Taxable: 12288M
[2025-05-18T23:14:27.512+0300][16120][7316 ][info][gc          ] GC(5) Concurrent reset 1.116ms
[2025-05-18T23:14:27.512+0300][16120][8944 ][info][gc,start    ] GC(5) Pause Init Mark (unload classes)
[2025-05-18T23:14:27.512+0300][16120][8944 ][info][gc,task     ] GC(5) Using 4 of 4 workers for init marking
[2025-05-18T23:14:27.512+0300][16120][8944 ][info][gc,ref      ] GC(5) Clearing All SoftReferences
[2025-05-18T23:14:27.512+0300][16120][8944 ][info][gc,ergo     ] GC(5) Pacer for Mark. Expected Live: 12772K, Free: 9252M, Non-Taxable: 925M, Alloc Tax Rate: 0.0x
[2025-05-18T23:14:27.512+0300][16120][8944 ][info][gc          ] GC(5) Pause Init Mark (unload classes) 0.072ms
[2025-05-18T23:14:27.512+0300][16120][7316 ][info][gc,start    ] GC(5) Concurrent marking roots
[2025-05-18T23:14:27.512+0300][16120][7316 ][info][gc,task     ] GC(5) Using 2 of 4 workers for concurrent marking roots
[2025-05-18T23:14:27.513+0300][16120][7316 ][info][gc          ] GC(5) Concurrent marking roots 0.336ms
[2025-05-18T23:14:27.513+0300][16120][7316 ][info][gc,start    ] GC(5) Concurrent marking (unload classes)
[2025-05-18T23:14:27.513+0300][16120][7316 ][info][gc,task     ] GC(5) Using 2 of 4 workers for concurrent marking
[2025-05-18T23:14:27.518+0300][16120][7316 ][info][gc          ] GC(5) Concurrent marking (unload classes) 5.771ms
[2025-05-18T23:14:27.518+0300][16120][8944 ][info][gc,start    ] GC(5) Pause Final Mark (unload classes)
[2025-05-18T23:14:27.519+0300][16120][8944 ][info][gc,task     ] GC(5) Using 4 of 4 workers for final marking
[2025-05-18T23:14:27.519+0300][16120][8944 ][info][gc,ergo     ] GC(5) Adaptive CSet Selection. Target Free: 1740M, Actual Free: 12016M, Max CSet: 512M, Min Garbage: 0B
[2025-05-18T23:14:27.519+0300][16120][8944 ][info][gc,ergo     ] GC(5) Collectable Garbage: 2406M (99%), Immediate: 2148M (89%), CSet: 258M (10%)
[2025-05-18T23:14:27.519+0300][16120][8944 ][info][gc,ergo     ] GC(5) Pacer for Evacuation. Used CSet: 264M, Free: 11400M, Non-Taxable: 1140M, Alloc Tax Rate: 1.1x
[2025-05-18T23:14:27.519+0300][16120][8944 ][info][gc          ] GC(5) Pause Final Mark (unload classes) 0.299ms
[2025-05-18T23:14:27.519+0300][16120][7316 ][info][gc,start    ] GC(5) Concurrent thread roots
[2025-05-18T23:14:27.519+0300][16120][7316 ][info][gc,task     ] GC(5) Using 2 of 4 workers for Concurrent thread roots
[2025-05-18T23:14:27.519+0300][16120][7316 ][info][gc          ] GC(5) Concurrent thread roots 0.242ms
[2025-05-18T23:14:27.519+0300][16120][7316 ][info][gc,start    ] GC(5) Concurrent weak references
[2025-05-18T23:14:27.519+0300][16120][7316 ][info][gc,task     ] GC(5) Using 2 of 4 workers for concurrent weak references
[2025-05-18T23:14:27.519+0300][16120][7316 ][info][gc,ref      ] GC(5) Encountered references: Soft: 3568, Weak: 2118, Final: 3, Phantom: 259
[2025-05-18T23:14:27.519+0300][16120][7316 ][info][gc,ref      ] GC(5) Discovered  references: Soft: 2382, Weak: 969, Final: 3, Phantom: 182
[2025-05-18T23:14:27.519+0300][16120][7316 ][info][gc,ref      ] GC(5) Enqueued    references: Soft: 115, Weak: 166, Final: 0, Phantom: 3
[2025-05-18T23:14:27.519+0300][16120][7316 ][info][gc          ] GC(5) Concurrent weak references 0.271ms
[2025-05-18T23:14:27.519+0300][16120][7316 ][info][gc,start    ] GC(5) Concurrent weak roots
[2025-05-18T23:14:27.519+0300][16120][7316 ][info][gc,task     ] GC(5) Using 2 of 4 workers for concurrent weak root
[2025-05-18T23:14:27.522+0300][16120][7316 ][info][gc          ] GC(5) Concurrent weak roots 2.191ms
[2025-05-18T23:14:27.522+0300][16120][7316 ][info][gc,start    ] GC(5) Concurrent cleanup
[2025-05-18T23:14:27.522+0300][16120][7316 ][info][gc          ] GC(5) Concurrent cleanup 2428M->280M(12288M) 0.044ms
[2025-05-18T23:14:27.522+0300][16120][7316 ][info][gc,ergo     ] GC(5) Free: 11392M, Max: 4096K regular, 8564M humongous, Frag: 25% external, 0% internal; Reserve: 615M, Max: 4096K
[2025-05-18T23:14:27.522+0300][16120][7316 ][info][gc,start    ] GC(5) Concurrent class unloading
[2025-05-18T23:14:27.522+0300][16120][7316 ][info][gc,task     ] GC(5) Using 2 of 4 workers for concurrent class unloading
[2025-05-18T23:14:27.541+0300][16120][7316 ][info][gc          ] GC(5) Concurrent class unloading 19.694ms
[2025-05-18T23:14:27.541+0300][16120][7316 ][info][gc,start    ] GC(5) Concurrent strong roots
[2025-05-18T23:14:27.541+0300][16120][7316 ][info][gc,task     ] GC(5) Using 2 of 4 workers for concurrent strong root
[2025-05-18T23:14:27.542+0300][16120][7316 ][info][gc          ] GC(5) Concurrent strong roots 0.278ms
[2025-05-18T23:14:27.542+0300][16120][7316 ][info][gc,start    ] GC(5) Concurrent evacuation
[2025-05-18T23:14:27.542+0300][16120][7316 ][info][gc,task     ] GC(5) Using 2 of 4 workers for concurrent evacuation
[2025-05-18T23:14:27.545+0300][16120][7316 ][info][gc          ] GC(5) Concurrent evacuation 2.893ms
[2025-05-18T23:14:27.545+0300][16120][8944 ][info][gc,start    ] GC(5) Pause Init Update Refs
[2025-05-18T23:14:27.545+0300][16120][8944 ][info][gc,ergo     ] GC(5) Pacer for Update Refs. Used: 285M, Free: 11392M, Non-Taxable: 1139M, Alloc Tax Rate: 1.1x
[2025-05-18T23:14:27.545+0300][16120][8944 ][info][gc          ] GC(5) Pause Init Update Refs 0.074ms
[2025-05-18T23:14:27.545+0300][16120][7316 ][info][gc,start    ] GC(5) Concurrent update references
[2025-05-18T23:14:27.545+0300][16120][7316 ][info][gc,task     ] GC(5) Using 2 of 4 workers for concurrent reference update
[2025-05-18T23:14:27.548+0300][16120][7316 ][info][gc          ] GC(5) Concurrent update references 3.298ms
[2025-05-18T23:14:27.548+0300][16120][7316 ][info][gc,start    ] GC(5) Concurrent update thread roots
[2025-05-18T23:14:27.549+0300][16120][7316 ][info][gc          ] GC(5) Concurrent update thread roots 0.274ms
[2025-05-18T23:14:27.549+0300][16120][8944 ][info][gc,start    ] GC(5) Pause Final Update Refs
[2025-05-18T23:14:27.549+0300][16120][8944 ][info][gc,task     ] GC(5) Using 4 of 4 workers for final reference update
[2025-05-18T23:14:27.549+0300][16120][8944 ][info][gc          ] GC(5) Pause Final Update Refs 0.067ms
[2025-05-18T23:14:27.549+0300][16120][7316 ][info][gc,start    ] GC(5) Concurrent cleanup
[2025-05-18T23:14:27.549+0300][16120][7316 ][info][gc          ] GC(5) Concurrent cleanup 285M->21M(12288M) 0.037ms
[2025-05-18T23:14:27.549+0300][16120][7316 ][info][gc,ergo     ] Free: 11650M, Max: 4096K regular, 9280M humongous, Frag: 21% external, 0% internal; Reserve: 616M, Max: 4096K
[2025-05-18T23:14:27.549+0300][16120][7316 ][info][gc,stats    ] 
[2025-05-18T23:14:27.549+0300][16120][7316 ][info][gc,stats    ] All times are wall-clock times, except per-root-class counters, that are sum over
[2025-05-18T23:14:27.549+0300][16120][7316 ][info][gc,stats    ] all workers. Dividing the <total> over the root stage time estimates parallelism.
[2025-05-18T23:14:27.549+0300][16120][7316 ][info][gc,stats    ] 
[2025-05-18T23:14:27.549+0300][16120][7316 ][info][gc,stats    ] Concurrent Reset                   1156 us
[2025-05-18T23:14:27.549+0300][16120][7316 ][info][gc,stats    ] Pause Init Mark (G)                 243 us
[2025-05-18T23:14:27.549+0300][16120][7316 ][info][gc,stats    ] Pause Init Mark (N)                  83 us
[2025-05-18T23:14:27.549+0300][16120][7316 ][info][gc,stats    ]   Update Region States               12 us
[2025-05-18T23:14:27.549+0300][16120][7316 ][info][gc,stats    ] Concurrent Mark Roots               367 us, parallelism: 0.66x
[2025-05-18T23:14:27.549+0300][16120][7316 ][info][gc,stats    ]   CMR: <total>                      243 us
[2025-05-18T23:14:27.549+0300][16120][7316 ][info][gc,stats    ]   CMR: Thread Roots                 168 us, workers (us):  73,  94, ---, ---, 
[2025-05-18T23:14:27.549+0300][16120][7316 ][info][gc,stats    ]   CMR: VM Strong Roots                6 us, workers (us):   6,   0, ---, ---, 
[2025-05-18T23:14:27.549+0300][16120][7316 ][info][gc,stats    ]   CMR: CLDG Roots                    69 us, workers (us):  69, ---, ---, ---, 
[2025-05-18T23:14:27.549+0300][16120][7316 ][info][gc,stats    ] Concurrent Marking                 5818 us
[2025-05-18T23:14:27.549+0300][16120][7316 ][info][gc,stats    ] Pause Final Mark (G)                454 us
[2025-05-18T23:14:27.549+0300][16120][7316 ][info][gc,stats    ] Pause Final Mark (N)                307 us
[2025-05-18T23:14:27.549+0300][16120][7316 ][info][gc,stats    ]   Finish Mark                       149 us
[2025-05-18T23:14:27.549+0300][16120][7316 ][info][gc,stats    ]   Update Region States               18 us
[2025-05-18T23:14:27.549+0300][16120][7316 ][info][gc,stats    ]   Choose Collection Set              51 us
[2025-05-18T23:14:27.549+0300][16120][7316 ][info][gc,stats    ]   Rebuild Free Set                   27 us
[2025-05-18T23:14:27.549+0300][16120][7316 ][info][gc,stats    ] Concurrent Thread Roots             264 us, parallelism: 0.50x
[2025-05-18T23:14:27.549+0300][16120][7316 ][info][gc,stats    ]   CTR: <total>                      133 us
[2025-05-18T23:14:27.549+0300][16120][7316 ][info][gc,stats    ]   CTR: Thread Roots                 133 us, workers (us):  88,  45, ---, ---, 
[2025-05-18T23:14:27.549+0300][16120][7316 ][info][gc,stats    ] Concurrent Weak References          281 us, parallelism: 0.49x
[2025-05-18T23:14:27.549+0300][16120][7316 ][info][gc,stats    ]   CWRF: <total>                     137 us
[2025-05-18T23:14:27.549+0300][16120][7316 ][info][gc,stats    ]   CWRF: Weak References             137 us, workers (us):  83,  54, ---, ---, 
[2025-05-18T23:14:27.549+0300][16120][7316 ][info][gc,stats    ] Concurrent Weak Roots              2231 us
[2025-05-18T23:14:27.549+0300][16120][7316 ][info][gc,stats    ]   Roots                            1936 us, parallelism: 1.81x
[2025-05-18T23:14:27.549+0300][16120][7316 ][info][gc,stats    ]     CWR: <total>                   3512 us
[2025-05-18T23:14:27.549+0300][16120][7316 ][info][gc,stats    ]     CWR: Code Cache Roots          2490 us, workers (us): 1260, 1230, ---, ---, 
[2025-05-18T23:14:27.549+0300][16120][7316 ][info][gc,stats    ]     CWR: VM Weak Roots             1006 us, workers (us): 503, 503, ---, ---, 
[2025-05-18T23:14:27.549+0300][16120][7316 ][info][gc,stats    ]     CWR: CLDG Roots                  16 us, workers (us):  16, ---, ---, ---, 
[2025-05-18T23:14:27.549+0300][16120][7316 ][info][gc,stats    ]   Rendezvous                        232 us
[2025-05-18T23:14:27.549+0300][16120][7316 ][info][gc,stats    ] Concurrent Cleanup                   56 us
[2025-05-18T23:14:27.549+0300][16120][7316 ][info][gc,stats    ] Concurrent Class Unloading        19767 us
[2025-05-18T23:14:27.549+0300][16120][7316 ][info][gc,stats    ]   Unlink Stale                    17782 us
[2025-05-18T23:14:27.549+0300][16120][7316 ][info][gc,stats    ]     System Dictionary               292 us
[2025-05-18T23:14:27.549+0300][16120][7316 ][info][gc,stats    ]     Weak Class Links               9079 us
[2025-05-18T23:14:27.549+0300][16120][7316 ][info][gc,stats    ]     Code Roots                     8409 us
[2025-05-18T23:14:27.549+0300][16120][7316 ][info][gc,stats    ]   Rendezvous                        191 us
[2025-05-18T23:14:27.549+0300][16120][7316 ][info][gc,stats    ]   Purge Unlinked                   1700 us
[2025-05-18T23:14:27.549+0300][16120][7316 ][info][gc,stats    ]     Code Roots                     1137 us
[2025-05-18T23:14:27.549+0300][16120][7316 ][info][gc,stats    ]     CLDG                            563 us
[2025-05-18T23:14:27.549+0300][16120][7316 ][info][gc,stats    ]     Exception Caches                  0 us
[2025-05-18T23:14:27.549+0300][16120][7316 ][info][gc,stats    ] Concurrent Strong Roots             301 us, parallelism: 0.51x
[2025-05-18T23:14:27.549+0300][16120][7316 ][info][gc,stats    ]   CSR: <total>                      155 us
[2025-05-18T23:14:27.549+0300][16120][7316 ][info][gc,stats    ]   CSR: VM Strong Roots               14 us, workers (us):  14,   0, ---, ---, 
[2025-05-18T23:14:27.549+0300][16120][7316 ][info][gc,stats    ]   CSR: CLDG Roots                   141 us, workers (us): 141, ---, ---, ---, 
[2025-05-18T23:14:27.549+0300][16120][7316 ][info][gc,stats    ] Concurrent Evacuation              2924 us
[2025-05-18T23:14:27.549+0300][16120][7316 ][info][gc,stats    ] Pause Init Update Refs (G)          304 us
[2025-05-18T23:14:27.549+0300][16120][7316 ][info][gc,stats    ] Pause Init Update Refs (N)           87 us
[2025-05-18T23:14:27.549+0300][16120][7316 ][info][gc,stats    ]   Manage GCLABs                       3 us
[2025-05-18T23:14:27.549+0300][16120][7316 ][info][gc,stats    ] Concurrent Update Refs             3341 us
[2025-05-18T23:14:27.549+0300][16120][7316 ][info][gc,stats    ] Concurrent Update Thread Roots      299 us
[2025-05-18T23:14:27.549+0300][16120][7316 ][info][gc,stats    ] Pause Final Update Refs (G)         193 us
[2025-05-18T23:14:27.549+0300][16120][7316 ][info][gc,stats    ] Pause Final Update Refs (N)          77 us
[2025-05-18T23:14:27.549+0300][16120][7316 ][info][gc,stats    ]   Update Region States               19 us
[2025-05-18T23:14:27.549+0300][16120][7316 ][info][gc,stats    ]   Trash Collection Set                3 us
[2025-05-18T23:14:27.549+0300][16120][7316 ][info][gc,stats    ]   Rebuild Free Set                   12 us
[2025-05-18T23:14:27.549+0300][16120][7316 ][info][gc,stats    ] Concurrent Cleanup                   48 us
[2025-05-18T23:14:27.549+0300][16120][7316 ][info][gc,stats    ] 
[2025-05-18T23:14:27.550+0300][16120][7316 ][info][gc,stats    ] Allocation pacing accrued:
[2025-05-18T23:14:27.550+0300][16120][7316 ][info][gc,stats    ]       0 of 76316 ms (  0.0%): <total>
[2025-05-18T23:14:27.550+0300][16120][7316 ][info][gc,stats    ]       0 of 76316 ms (  0.0%): <average total>
[2025-05-18T23:14:27.550+0300][16120][7316 ][info][gc,stats    ] 
[2025-05-18T23:14:27.550+0300][16120][7316 ][info][gc,metaspace] Metaspace: 34215K(35456K)->33009K(35392K) NonClass: 31390K(32128K)->30299K(32064K) Class: 2825K(3328K)->2710K(3328K)
[2025-05-18T23:14:27.550+0300][16120][7316 ][info][gc,ergo     ] Pacer for Idle. Initial: 245M, Alloc Tax Rate: 1.0x
[2025-05-18T23:16:03.678+0300][16120][7316 ][info][gc          ] Trigger: Learning 2 of 5. Free (8597M) is below initial threshold (8601M)
[2025-05-18T23:16:03.678+0300][16120][7316 ][info][gc,ergo     ] Free: 8597M, Max: 4096K regular, 8596M humongous, Frag: 0% external, 0% internal; Reserve: 616M, Max: 4096K
[2025-05-18T23:16:03.678+0300][16120][7316 ][info][gc,start    ] GC(6) Concurrent reset
[2025-05-18T23:16:03.678+0300][16120][7316 ][info][gc,task     ] GC(6) Using 2 of 4 workers for concurrent reset
[2025-05-18T23:16:03.678+0300][16120][7316 ][info][gc,ergo     ] GC(6) Pacer for Reset. Non-Taxable: 12288M
[2025-05-18T23:16:03.684+0300][16120][7316 ][info][gc          ] GC(6) Concurrent reset 5.242ms
[2025-05-18T23:16:03.684+0300][16120][8944 ][info][gc,start    ] GC(6) Pause Init Mark (unload classes)
[2025-05-18T23:16:03.684+0300][16120][8944 ][info][gc,task     ] GC(6) Using 4 of 4 workers for init marking
[2025-05-18T23:16:03.684+0300][16120][8944 ][info][gc,ergo     ] GC(6) Pacer for Mark. Expected Live: 13505K, Free: 8593M, Non-Taxable: 859M, Alloc Tax Rate: 0.0x
[2025-05-18T23:16:03.684+0300][16120][8944 ][info][gc          ] GC(6) Pause Init Mark (unload classes) 0.102ms
[2025-05-18T23:16:03.684+0300][16120][7316 ][info][gc,start    ] GC(6) Concurrent marking roots
[2025-05-18T23:16:03.684+0300][16120][7316 ][info][gc,task     ] GC(6) Using 2 of 4 workers for concurrent marking roots
[2025-05-18T23:16:03.685+0300][16120][7316 ][info][gc          ] GC(6) Concurrent marking roots 0.430ms
[2025-05-18T23:16:03.685+0300][16120][7316 ][info][gc,start    ] GC(6) Concurrent marking (unload classes)
[2025-05-18T23:16:03.685+0300][16120][7316 ][info][gc,task     ] GC(6) Using 2 of 4 workers for concurrent marking
[2025-05-18T23:16:03.691+0300][16120][7316 ][info][gc          ] GC(6) Concurrent marking (unload classes) 6.489ms
[2025-05-18T23:16:03.691+0300][16120][8944 ][info][gc,start    ] GC(6) Pause Final Mark (unload classes)
[2025-05-18T23:16:03.691+0300][16120][8944 ][info][gc,task     ] GC(6) Using 4 of 4 workers for final marking
[2025-05-18T23:16:03.691+0300][16120][8944 ][info][gc,ergo     ] GC(6) Adaptive CSet Selection. Target Free: 1740M, Actual Free: 11824M, Max CSet: 512M, Min Garbage: 0B
[2025-05-18T23:16:03.691+0300][16120][8944 ][info][gc,ergo     ] GC(6) Collectable Garbage: 3063M (99%), Immediate: 2616M (85%), CSet: 447M (14%)
[2025-05-18T23:16:03.691+0300][16120][8944 ][info][gc,ergo     ] GC(6) Pacer for Evacuation. Used CSet: 452M, Free: 11209M, Non-Taxable: 1120M, Alloc Tax Rate: 1.1x
[2025-05-18T23:16:03.691+0300][16120][8944 ][info][gc          ] GC(6) Pause Final Mark (unload classes) 0.338ms
[2025-05-18T23:16:03.692+0300][16120][7316 ][info][gc,start    ] GC(6) Concurrent thread roots
[2025-05-18T23:16:03.692+0300][16120][7316 ][info][gc,task     ] GC(6) Using 2 of 4 workers for Concurrent thread roots
[2025-05-18T23:16:03.692+0300][16120][7316 ][info][gc          ] GC(6) Concurrent thread roots 0.305ms
[2025-05-18T23:16:03.692+0300][16120][7316 ][info][gc,start    ] GC(6) Concurrent weak references
[2025-05-18T23:16:03.692+0300][16120][7316 ][info][gc,task     ] GC(6) Using 2 of 4 workers for concurrent weak references
[2025-05-18T23:16:03.692+0300][16120][7316 ][info][gc,ref      ] GC(6) Encountered references: Soft: 3750, Weak: 2651, Final: 3, Phantom: 321
[2025-05-18T23:16:03.692+0300][16120][7316 ][info][gc,ref      ] GC(6) Discovered  references: Soft: 0, Weak: 1043, Final: 1, Phantom: 235
[2025-05-18T23:16:03.692+0300][16120][7316 ][info][gc,ref      ] GC(6) Enqueued    references: Soft: 0, Weak: 298, Final: 0, Phantom: 44
[2025-05-18T23:16:03.692+0300][16120][7316 ][info][gc          ] GC(6) Concurrent weak references 0.310ms
[2025-05-18T23:16:03.692+0300][16120][7316 ][info][gc,start    ] GC(6) Concurrent weak roots
[2025-05-18T23:16:03.692+0300][16120][7316 ][info][gc,task     ] GC(6) Using 2 of 4 workers for concurrent weak root
[2025-05-18T23:16:03.694+0300][16120][7316 ][info][gc          ] GC(6) Concurrent weak roots 1.699ms
[2025-05-18T23:16:03.694+0300][16120][7316 ][info][gc,start    ] GC(6) Concurrent cleanup
[2025-05-18T23:16:03.694+0300][16120][7316 ][info][gc          ] GC(6) Concurrent cleanup 3098M->482M(12288M) 0.078ms
[2025-05-18T23:16:03.694+0300][16120][7316 ][info][gc,ergo     ] GC(6) Free: 11181M, Max: 4096K regular, 8572M humongous, Frag: 24% external, 0% internal; Reserve: 615M, Max: 4096K
[2025-05-18T23:16:03.694+0300][16120][7316 ][info][gc,start    ] GC(6) Concurrent class unloading
[2025-05-18T23:16:03.694+0300][16120][7316 ][info][gc,task     ] GC(6) Using 2 of 4 workers for concurrent class unloading
[2025-05-18T23:16:03.706+0300][16120][7316 ][info][gc          ] GC(6) Concurrent class unloading 11.099ms
[2025-05-18T23:16:03.706+0300][16120][7316 ][info][gc,start    ] GC(6) Concurrent strong roots
[2025-05-18T23:16:03.706+0300][16120][7316 ][info][gc,task     ] GC(6) Using 2 of 4 workers for concurrent strong root
[2025-05-18T23:16:03.706+0300][16120][7316 ][info][gc          ] GC(6) Concurrent strong roots 0.383ms
[2025-05-18T23:16:03.706+0300][16120][7316 ][info][gc,start    ] GC(6) Concurrent evacuation
[2025-05-18T23:16:03.706+0300][16120][7316 ][info][gc,task     ] GC(6) Using 2 of 4 workers for concurrent evacuation
[2025-05-18T23:16:03.710+0300][16120][7316 ][info][gc          ] GC(6) Concurrent evacuation 3.990ms
[2025-05-18T23:16:03.710+0300][16120][8944 ][info][gc,start    ] GC(6) Pause Init Update Refs
[2025-05-18T23:16:03.710+0300][16120][8944 ][info][gc,ergo     ] GC(6) Pacer for Update Refs. Used: 507M, Free: 11173M, Non-Taxable: 1117M, Alloc Tax Rate: 1.1x
[2025-05-18T23:16:03.710+0300][16120][8944 ][info][gc          ] GC(6) Pause Init Update Refs 0.055ms
[2025-05-18T23:16:03.710+0300][16120][7316 ][info][gc,start    ] GC(6) Concurrent update references
[2025-05-18T23:16:03.710+0300][16120][7316 ][info][gc,task     ] GC(6) Using 2 of 4 workers for concurrent reference update
[2025-05-18T23:16:03.716+0300][16120][7316 ][info][gc          ] GC(6) Concurrent update references 5.619ms
[2025-05-18T23:16:03.716+0300][16120][7316 ][info][gc,start    ] GC(6) Concurrent update thread roots
[2025-05-18T23:16:03.716+0300][16120][7316 ][info][gc          ] GC(6) Concurrent update thread roots 0.252ms
[2025-05-18T23:16:03.716+0300][16120][8944 ][info][gc,start    ] GC(6) Pause Final Update Refs
[2025-05-18T23:16:03.716+0300][16120][8944 ][info][gc,task     ] GC(6) Using 4 of 4 workers for final reference update
[2025-05-18T23:16:03.717+0300][16120][8944 ][info][gc          ] GC(6) Pause Final Update Refs 0.074ms
[2025-05-18T23:16:03.717+0300][16120][7316 ][info][gc,start    ] GC(6) Concurrent cleanup
[2025-05-18T23:16:03.717+0300][16120][7316 ][info][gc          ] GC(6) Concurrent cleanup 511M->59M(12288M) 0.045ms
[2025-05-18T23:16:03.717+0300][16120][7316 ][info][gc,ergo     ] Free: 11612M, Max: 4096K regular, 8564M humongous, Frag: 27% external, 0% internal; Reserve: 616M, Max: 4096K
[2025-05-18T23:16:03.717+0300][16120][7316 ][info][gc,stats    ] 
[2025-05-18T23:16:03.717+0300][16120][7316 ][info][gc,stats    ] All times are wall-clock times, except per-root-class counters, that are sum over
[2025-05-18T23:16:03.717+0300][16120][7316 ][info][gc,stats    ] all workers. Dividing the <total> over the root stage time estimates parallelism.
[2025-05-18T23:16:03.717+0300][16120][7316 ][info][gc,stats    ] 
[2025-05-18T23:16:03.717+0300][16120][7316 ][info][gc,stats    ] Concurrent Reset                   5287 us
[2025-05-18T23:16:03.717+0300][16120][7316 ][info][gc,stats    ] Pause Init Mark (G)                 259 us
[2025-05-18T23:16:03.717+0300][16120][7316 ][info][gc,stats    ] Pause Init Mark (N)                 110 us
[2025-05-18T23:16:03.717+0300][16120][7316 ][info][gc,stats    ]   Update Region States               25 us
[2025-05-18T23:16:03.717+0300][16120][7316 ][info][gc,stats    ] Concurrent Mark Roots               462 us, parallelism: 0.81x
[2025-05-18T23:16:03.717+0300][16120][7316 ][info][gc,stats    ]   CMR: <total>                      372 us
[2025-05-18T23:16:03.717+0300][16120][7316 ][info][gc,stats    ]   CMR: Thread Roots                 252 us, workers (us):  85, 167, ---, ---, 
[2025-05-18T23:16:03.717+0300][16120][7316 ][info][gc,stats    ]   CMR: VM Strong Roots               26 us, workers (us):  25,   0, ---, ---, 
[2025-05-18T23:16:03.717+0300][16120][7316 ][info][gc,stats    ]   CMR: CLDG Roots                    94 us, workers (us):  94, ---, ---, ---, 
[2025-05-18T23:16:03.717+0300][16120][7316 ][info][gc,stats    ] Concurrent Marking                 6533 us
[2025-05-18T23:16:03.717+0300][16120][7316 ][info][gc,stats    ] Pause Final Mark (G)                485 us
[2025-05-18T23:16:03.717+0300][16120][7316 ][info][gc,stats    ] Pause Final Mark (N)                351 us
[2025-05-18T23:16:03.717+0300][16120][7316 ][info][gc,stats    ]   Finish Mark                       200 us
[2025-05-18T23:16:03.717+0300][16120][7316 ][info][gc,stats    ]   Update Region States               17 us
[2025-05-18T23:16:03.717+0300][16120][7316 ][info][gc,stats    ]   Choose Collection Set              58 us
[2025-05-18T23:16:03.717+0300][16120][7316 ][info][gc,stats    ]   Rebuild Free Set                   15 us
[2025-05-18T23:16:03.717+0300][16120][7316 ][info][gc,stats    ] Concurrent Thread Roots             331 us, parallelism: 0.78x
[2025-05-18T23:16:03.717+0300][16120][7316 ][info][gc,stats    ]   CTR: <total>                      259 us
[2025-05-18T23:16:03.717+0300][16120][7316 ][info][gc,stats    ]   CTR: Thread Roots                 259 us, workers (us): 149, 110, ---, ---, 
[2025-05-18T23:16:03.717+0300][16120][7316 ][info][gc,stats    ] Concurrent Weak References          319 us, parallelism: 0.38x
[2025-05-18T23:16:03.717+0300][16120][7316 ][info][gc,stats    ]   CWRF: <total>                     121 us
[2025-05-18T23:16:03.717+0300][16120][7316 ][info][gc,stats    ]   CWRF: Weak References             121 us, workers (us): 107,  14, ---, ---, 
[2025-05-18T23:16:03.717+0300][16120][7316 ][info][gc,stats    ] Concurrent Weak Roots              1761 us
[2025-05-18T23:16:03.717+0300][16120][7316 ][info][gc,stats    ]   Roots                            1477 us, parallelism: 1.75x
[2025-05-18T23:16:03.717+0300][16120][7316 ][info][gc,stats    ]     CWR: <total>                   2585 us
[2025-05-18T23:16:03.717+0300][16120][7316 ][info][gc,stats    ]     CWR: Code Cache Roots          1760 us, workers (us): 805, 955, ---, ---, 
[2025-05-18T23:16:03.717+0300][16120][7316 ][info][gc,stats    ]     CWR: VM Weak Roots              804 us, workers (us): 401, 402, ---, ---, 
[2025-05-18T23:16:03.717+0300][16120][7316 ][info][gc,stats    ]     CWR: CLDG Roots                  21 us, workers (us):  21, ---, ---, ---, 
[2025-05-18T23:16:03.717+0300][16120][7316 ][info][gc,stats    ]   Rendezvous                        203 us
[2025-05-18T23:16:03.717+0300][16120][7316 ][info][gc,stats    ] Concurrent Cleanup                  103 us
[2025-05-18T23:16:03.717+0300][16120][7316 ][info][gc,stats    ] Concurrent Class Unloading        11145 us
[2025-05-18T23:16:03.717+0300][16120][7316 ][info][gc,stats    ]   Unlink Stale                     9954 us
[2025-05-18T23:16:03.717+0300][16120][7316 ][info][gc,stats    ]     System Dictionary               424 us
[2025-05-18T23:16:03.717+0300][16120][7316 ][info][gc,stats    ]     Weak Class Links               5429 us
[2025-05-18T23:16:03.717+0300][16120][7316 ][info][gc,stats    ]     Code Roots                     4099 us
[2025-05-18T23:16:03.717+0300][16120][7316 ][info][gc,stats    ]   Rendezvous                        147 us
[2025-05-18T23:16:03.717+0300][16120][7316 ][info][gc,stats    ]   Purge Unlinked                    968 us
[2025-05-18T23:16:03.717+0300][16120][7316 ][info][gc,stats    ]     Code Roots                      755 us
[2025-05-18T23:16:03.717+0300][16120][7316 ][info][gc,stats    ]     CLDG                            212 us
[2025-05-18T23:16:03.717+0300][16120][7316 ][info][gc,stats    ]     Exception Caches                  0 us
[2025-05-18T23:16:03.717+0300][16120][7316 ][info][gc,stats    ] Concurrent Strong Roots             406 us, parallelism: 0.51x
[2025-05-18T23:16:03.717+0300][16120][7316 ][info][gc,stats    ]   CSR: <total>                      206 us
[2025-05-18T23:16:03.717+0300][16120][7316 ][info][gc,stats    ]   CSR: VM Strong Roots                7 us, workers (us):   6,   0, ---, ---, 
[2025-05-18T23:16:03.717+0300][16120][7316 ][info][gc,stats    ]   CSR: CLDG Roots                   199 us, workers (us): 199, ---, ---, ---, 
[2025-05-18T23:16:03.717+0300][16120][7316 ][info][gc,stats    ] Concurrent Evacuation              4050 us
[2025-05-18T23:16:03.717+0300][16120][7316 ][info][gc,stats    ] Pause Init Update Refs (G)          179 us
[2025-05-18T23:16:03.717+0300][16120][7316 ][info][gc,stats    ] Pause Init Update Refs (N)           66 us
[2025-05-18T23:16:03.717+0300][16120][7316 ][info][gc,stats    ]   Manage GCLABs                       5 us
[2025-05-18T23:16:03.717+0300][16120][7316 ][info][gc,stats    ] Concurrent Update Refs             5667 us
[2025-05-18T23:16:03.717+0300][16120][7316 ][info][gc,stats    ] Concurrent Update Thread Roots      278 us
[2025-05-18T23:16:03.717+0300][16120][7316 ][info][gc,stats    ] Pause Final Update Refs (G)         191 us
[2025-05-18T23:16:03.717+0300][16120][7316 ][info][gc,stats    ] Pause Final Update Refs (N)          86 us
[2025-05-18T23:16:03.717+0300][16120][7316 ][info][gc,stats    ]   Update Region States               20 us
[2025-05-18T23:16:03.717+0300][16120][7316 ][info][gc,stats    ]   Trash Collection Set                3 us
[2025-05-18T23:16:03.717+0300][16120][7316 ][info][gc,stats    ]   Rebuild Free Set                   18 us
[2025-05-18T23:16:03.717+0300][16120][7316 ][info][gc,stats    ] Concurrent Cleanup                   60 us
[2025-05-18T23:16:03.717+0300][16120][7316 ][info][gc,stats    ] 
[2025-05-18T23:16:03.717+0300][16120][7316 ][info][gc,stats    ] Allocation pacing accrued:
[2025-05-18T23:16:03.717+0300][16120][7316 ][info][gc,stats    ]       0 of 96167 ms (  0.0%): <total>
[2025-05-18T23:16:03.717+0300][16120][7316 ][info][gc,stats    ]       0 of 96167 ms (  0.0%): <average total>
[2025-05-18T23:16:03.717+0300][16120][7316 ][info][gc,stats    ] 
[2025-05-18T23:16:03.717+0300][16120][7316 ][info][gc,metaspace] Metaspace: 34604K(35456K)->34263K(35456K) NonClass: 31687K(32128K)->31439K(32128K) Class: 2917K(3328K)->2824K(3328K)
[2025-05-18T23:16:03.717+0300][16120][7316 ][info][gc,ergo     ] Pacer for Idle. Initial: 245M, Alloc Tax Rate: 1.0x
[2025-05-18T23:17:19.396+0300][16120][16732][info][gc          ] Cancelling GC: Stopping VM
[2025-05-18T23:17:19.397+0300][16120][16732][info][gc,heap,exit] Heap
[2025-05-18T23:17:19.397+0300][16120][16732][info][gc,heap,exit] Shenandoah Heap
[2025-05-18T23:17:19.397+0300][16120][16732][info][gc,heap,exit]  12288M max, 12288M soft max, 12288M committed, 2407M used
[2025-05-18T23:17:19.397+0300][16120][16732][info][gc,heap,exit]  3072 x 4096K regions
[2025-05-18T23:17:19.397+0300][16120][16732][info][gc,heap,exit] Status: cancelled
[2025-05-18T23:17:19.397+0300][16120][16732][info][gc,heap,exit] Reserved region:
[2025-05-18T23:17:19.397+0300][16120][16732][info][gc,heap,exit]  - [0x0000000500000000, 0x0000000800000000) 
[2025-05-18T23:17:19.397+0300][16120][16732][info][gc,heap,exit] Collection set:
[2025-05-18T23:17:19.397+0300][16120][16732][info][gc,heap,exit]  - map (vanilla): 0x0000000000011400
[2025-05-18T23:17:19.397+0300][16120][16732][info][gc,heap,exit]  - map (biased):  0x0000000000010000
[2025-05-18T23:17:19.397+0300][16120][16732][info][gc,heap,exit] 
[2025-05-18T23:17:19.397+0300][16120][16732][info][gc,heap,exit]  Metaspace       used 34310K, committed 35520K, reserved 1114112K
[2025-05-18T23:17:19.397+0300][16120][16732][info][gc,heap,exit]   class space    used 2828K, committed 3328K, reserved 1048576K
[2025-05-18T23:17:19.397+0300][16120][16732][info][gc,stats    ] 
[2025-05-18T23:17:19.397+0300][16120][16732][info][gc,stats    ] GC STATISTICS:
[2025-05-18T23:17:19.397+0300][16120][16732][info][gc,stats    ]   "(G)" (gross) pauses include VM time: time to notify and block threads, do the pre-
[2025-05-18T23:17:19.397+0300][16120][16732][info][gc,stats    ]         and post-safepoint housekeeping. Use -Xlog:safepoint+stats to dissect.
[2025-05-18T23:17:19.397+0300][16120][16732][info][gc,stats    ]   "(N)" (net) pauses are the times spent in the actual GC code.
[2025-05-18T23:17:19.397+0300][16120][16732][info][gc,stats    ]   "a" is average time for each phase, look at levels to see if average makes sense.
[2025-05-18T23:17:19.397+0300][16120][16732][info][gc,stats    ]   "lvls" are quantiles: 0% (minimum), 25%, 50% (median), 75%, 100% (maximum).
[2025-05-18T23:17:19.397+0300][16120][16732][info][gc,stats    ] 
[2025-05-18T23:17:19.397+0300][16120][16732][info][gc,stats    ]   All times are wall-clock times, except per-root-class counters, that are sum over
[2025-05-18T23:17:19.397+0300][16120][16732][info][gc,stats    ]   all workers. Dividing the <total> over the root stage time estimates parallelism.
[2025-05-18T23:17:19.397+0300][16120][16732][info][gc,stats    ] 
[2025-05-18T23:17:19.397+0300][16120][16732][info][gc,stats    ]   Pacing delays are measured from entering the pacing code till exiting it. Therefore,
[2025-05-18T23:17:19.397+0300][16120][16732][info][gc,stats    ]   observed pacing delays may be higher than the threshold when paced thread spent more
[2025-05-18T23:17:19.397+0300][16120][16732][info][gc,stats    ]   time in the pacing code. It usually happens when thread is de-scheduled while paced,
[2025-05-18T23:17:19.397+0300][16120][16732][info][gc,stats    ]   OS takes longer to unblock the thread, or JVM experiences an STW pause.
[2025-05-18T23:17:19.397+0300][16120][16732][info][gc,stats    ] 
[2025-05-18T23:17:19.397+0300][16120][16732][info][gc,stats    ]   Higher delay would prevent application outpacing the GC, but it will hide the GC latencies
[2025-05-18T23:17:19.397+0300][16120][16732][info][gc,stats    ]   from the STW pause times. Pacing affects the individual threads, and so it would also be
[2025-05-18T23:17:19.397+0300][16120][16732][info][gc,stats    ]   invisible to the usual profiling tools, but would add up to end-to-end application latency.
[2025-05-18T23:17:19.397+0300][16120][16732][info][gc,stats    ]   Raise max pacing delay with care.
[2025-05-18T23:17:19.397+0300][16120][16732][info][gc,stats    ] 
[2025-05-18T23:17:19.397+0300][16120][16732][info][gc,stats    ] Concurrent Reset               =    0.013 s (a =     1826 us) (n =     7) (lvls, us =      398,      398,     1016,     1445,     5287)
[2025-05-18T23:17:19.397+0300][16120][16732][info][gc,stats    ] Pause Init Mark (G)            =    0.002 s (a =      315 us) (n =     7) (lvls, us =      217,      217,      258,      312,      514)
[2025-05-18T23:17:19.397+0300][16120][16732][info][gc,stats    ] Pause Init Mark (N)            =    0.001 s (a =      133 us) (n =     7) (lvls, us =       82,       82,      102,      145,      227)
[2025-05-18T23:17:19.397+0300][16120][16732][info][gc,stats    ]   Update Region States         =    0.000 s (a =       22 us) (n =     7) (lvls, us =        8,        8,       13,       27,       36)
[2025-05-18T23:17:19.397+0300][16120][16732][info][gc,stats    ] Concurrent Mark Roots          =    0.006 s (a =      902 us) (n =     7) (lvls, us =      365,      365,      461,      900,     2365)
[2025-05-18T23:17:19.397+0300][16120][16732][info][gc,stats    ]   CMR: <total>                 =    0.008 s (a =     1210 us) (n =     7) (lvls, us =      242,      242,      439,     1113,     4222)
[2025-05-18T23:17:19.397+0300][16120][16732][info][gc,stats    ]   CMR: Thread Roots            =    0.007 s (a =     1041 us) (n =     7) (lvls, us =      166,      166,      307,      918,     4111)
[2025-05-18T23:17:19.397+0300][16120][16732][info][gc,stats    ]   CMR: VM Strong Roots         =    0.000 s (a =       28 us) (n =     7) (lvls, us =        6,        6,       13,       26,       82)
[2025-05-18T23:17:19.397+0300][16120][16732][info][gc,stats    ]   CMR: CLDG Roots              =    0.001 s (a =      140 us) (n =     7) (lvls, us =       69,       69,       97,      121,      255)
[2025-05-18T23:17:19.397+0300][16120][16732][info][gc,stats    ] Concurrent Marking             =    0.055 s (a =     7806 us) (n =     7) (lvls, us =     5684,     5684,     6523,     8477,    10589)
[2025-05-18T23:17:19.397+0300][16120][16732][info][gc,stats    ] Pause Final Mark (G)           =    0.004 s (a =      517 us) (n =     7) (lvls, us =      453,      453,      484,      545,      574)
[2025-05-18T23:17:19.397+0300][16120][16732][info][gc,stats    ] Pause Final Mark (N)           =    0.003 s (a =      387 us) (n =     7) (lvls, us =      307,      307,      350,      416,      454)
[2025-05-18T23:17:19.397+0300][16120][16732][info][gc,stats    ]   Finish Mark                  =    0.001 s (a =      214 us) (n =     7) (lvls, us =      148,      148,      199,      244,      248)
[2025-05-18T23:17:19.397+0300][16120][16732][info][gc,stats    ]   Update Region States         =    0.000 s (a =       23 us) (n =     7) (lvls, us =       16,       16,       18,       21,       35)
[2025-05-18T23:17:19.397+0300][16120][16732][info][gc,stats    ]   Choose Collection Set        =    0.000 s (a =       61 us) (n =     7) (lvls, us =       51,       51,       58,       60,       80)
[2025-05-18T23:17:19.397+0300][16120][16732][info][gc,stats    ]   Rebuild Free Set             =    0.000 s (a =       20 us) (n =     7) (lvls, us =       14,       14,       18,       20,       27)
[2025-05-18T23:17:19.397+0300][16120][16732][info][gc,stats    ] Concurrent Thread Roots        =    0.002 s (a =      337 us) (n =     7) (lvls, us =      264,      264,      307,      346,      478)
[2025-05-18T23:17:19.397+0300][16120][16732][info][gc,stats    ]   CTR: <total>                 =    0.002 s (a =      279 us) (n =     7) (lvls, us =      133,      133,      203,      258,      682)
[2025-05-18T23:17:19.397+0300][16120][16732][info][gc,stats    ]   CTR: Thread Roots            =    0.002 s (a =      279 us) (n =     7) (lvls, us =      133,      133,      203,      258,      682)
[2025-05-18T23:17:19.397+0300][16120][16732][info][gc,stats    ] Concurrent Weak References     =    0.003 s (a =      417 us) (n =     7) (lvls, us =      273,      273,      287,      406,      815)
[2025-05-18T23:17:19.397+0300][16120][16732][info][gc,stats    ]   CWRF: <total>                =    0.002 s (a =      252 us) (n =     7) (lvls, us =      121,      121,      135,      148,      731)
[2025-05-18T23:17:19.397+0300][16120][16732][info][gc,stats    ]   CWRF: Weak References        =    0.002 s (a =      252 us) (n =     7) (lvls, us =      121,      121,      135,      148,      731)
[2025-05-18T23:17:19.397+0300][16120][16732][info][gc,stats    ] Concurrent Weak Roots          =    0.016 s (a =     2259 us) (n =     7) (lvls, us =     1328,     1328,     2051,     2227,     3955)
[2025-05-18T23:17:19.397+0300][16120][16732][info][gc,stats    ]   Roots                        =    0.014 s (a =     2022 us) (n =     7) (lvls, us =     1094,     1094,     1895,     1973,     3716)
[2025-05-18T23:17:19.397+0300][16120][16732][info][gc,stats    ]     CWR: <total>               =    0.026 s (a =     3672 us) (n =     7) (lvls, us =     2090,     2090,     3496,     3516,     6794)
[2025-05-18T23:17:19.397+0300][16120][16732][info][gc,stats    ]     CWR: Code Cache Roots      =    0.018 s (a =     2552 us) (n =     7) (lvls, us =     1074,     1074,     1758,     2754,     5662)
[2025-05-18T23:17:19.397+0300][16120][16732][info][gc,stats    ]     CWR: VM Weak Roots         =    0.008 s (a =     1095 us) (n =     7) (lvls, us =      750,      750,      803,      996,     2243)
[2025-05-18T23:17:19.397+0300][16120][16732][info][gc,stats    ]     CWR: CLDG Roots            =    0.000 s (a =       25 us) (n =     7) (lvls, us =       12,       12,       19,       30,       44)
[2025-05-18T23:17:19.397+0300][16120][16732][info][gc,stats    ]   Rendezvous                   =    0.001 s (a =      160 us) (n =     7) (lvls, us =       79,       79,      145,      162,      232)
[2025-05-18T23:17:19.397+0300][16120][16732][info][gc,stats    ] Concurrent Cleanup             =    0.000 s (a =       64 us) (n =     7) (lvls, us =       46,       46,       55,       65,      103)
[2025-05-18T23:17:19.397+0300][16120][16732][info][gc,stats    ] Concurrent Class Unloading     =    0.109 s (a =    15631 us) (n =     7) (lvls, us =     3398,     3398,    11133,    19727,    29250)
[2025-05-18T23:17:19.397+0300][16120][16732][info][gc,stats    ]   Unlink Stale                 =    0.081 s (a =    11520 us) (n =     7) (lvls, us =     2383,     2383,     9941,    13672,    17782)
[2025-05-18T23:17:19.397+0300][16120][16732][info][gc,stats    ]     System Dictionary          =    0.002 s (a =      257 us) (n =     7) (lvls, us =       17,       17,      217,      291,      424)
[2025-05-18T23:17:19.397+0300][16120][16732][info][gc,stats    ]     Weak Class Links           =    0.037 s (a =     5343 us) (n =     7) (lvls, us =        0,        0,     5352,     5449,     9079)
[2025-05-18T23:17:19.397+0300][16120][16732][info][gc,stats    ]     Code Roots                 =    0.041 s (a =     5919 us) (n =     7) (lvls, us =     2266,     2266,     4082,     8047,     8758)
[2025-05-18T23:17:19.397+0300][16120][16732][info][gc,stats    ]   Rendezvous                   =    0.001 s (a =      140 us) (n =     7) (lvls, us =       66,       66,      129,      146,      191)
[2025-05-18T23:17:19.398+0300][16120][16732][info][gc,stats    ]   Purge Unlinked               =    0.027 s (a =     3884 us) (n =     7) (lvls, us =      805,      805,     1133,     2266,    12175)
[2025-05-18T23:17:19.398+0300][16120][16732][info][gc,stats    ]     Code Roots                 =    0.024 s (a =     3486 us) (n =     7) (lvls, us =      754,      754,      996,     1602,    11293)
[2025-05-18T23:17:19.398+0300][16120][16732][info][gc,stats    ]     CLDG                       =    0.003 s (a =      397 us) (n =     7) (lvls, us =       28,       28,      211,      563,      881)
[2025-05-18T23:17:19.398+0300][16120][16732][info][gc,stats    ]     Exception Caches           =    0.000 s (a =        0 us) (n =     7) (lvls, us =        0,        0,        0,        0,        0)
[2025-05-18T23:17:19.398+0300][16120][16732][info][gc,stats    ] Concurrent Strong Roots        =    0.003 s (a =      423 us) (n =     7) (lvls, us =      273,      273,      324,      457,      655)
[2025-05-18T23:17:19.398+0300][16120][16732][info][gc,stats    ]   CSR: <total>                 =    0.002 s (a =      259 us) (n =     7) (lvls, us =      111,      111,      168,      256,      520)
[2025-05-18T23:17:19.398+0300][16120][16732][info][gc,stats    ]   CSR: VM Strong Roots         =    0.000 s (a =       11 us) (n =     7) (lvls, us =        6,        6,        8,       12,       23)
[2025-05-18T23:17:19.398+0300][16120][16732][info][gc,stats    ]   CSR: CLDG Roots              =    0.002 s (a =      248 us) (n =     7) (lvls, us =      105,      105,      156,      248,      497)
[2025-05-18T23:17:19.398+0300][16120][16732][info][gc,stats    ] Concurrent Evacuation          =    0.029 s (a =     4123 us) (n =     7) (lvls, us =     2910,     2910,     3223,     4043,     6077)
[2025-05-18T23:17:19.398+0300][16120][16732][info][gc,stats    ] Pause Init Update Refs (G)     =    0.002 s (a =      230 us) (n =     7) (lvls, us =      168,      168,      207,      234,      305)
[2025-05-18T23:17:19.398+0300][16120][16732][info][gc,stats    ] Pause Init Update Refs (N)     =    0.000 s (a =       70 us) (n =     7) (lvls, us =       48,       48,       51,       66,      120)
[2025-05-18T23:17:19.398+0300][16120][16732][info][gc,stats    ]   Manage GCLABs                =    0.000 s (a =        4 us) (n =     7) (lvls, us =        2,        2,        3,        4,        5)
[2025-05-18T23:17:19.398+0300][16120][16732][info][gc,stats    ] Concurrent Update Refs         =    0.033 s (a =     4695 us) (n =     7) (lvls, us =     3340,     3340,     3965,     5371,     6344)
[2025-05-18T23:17:19.398+0300][16120][16732][info][gc,stats    ] Concurrent Update Thread Roots =    0.003 s (a =      420 us) (n =     7) (lvls, us =      270,      270,      277,      332,     1105)
[2025-05-18T23:17:19.398+0300][16120][16732][info][gc,stats    ] Pause Final Update Refs (G)    =    0.002 s (a =      256 us) (n =     7) (lvls, us =      152,      152,      193,      299,      371)
[2025-05-18T23:17:19.398+0300][16120][16732][info][gc,stats    ] Pause Final Update Refs (N)    =    0.001 s (a =       99 us) (n =     7) (lvls, us =       77,       77,       81,      104,      135)
[2025-05-18T23:17:19.398+0300][16120][16732][info][gc,stats    ]   Update Region States         =    0.000 s (a =       21 us) (n =     7) (lvls, us =       18,       18,       19,       21,       26)
[2025-05-18T23:17:19.398+0300][16120][16732][info][gc,stats    ]   Trash Collection Set         =    0.000 s (a =        4 us) (n =     7) (lvls, us =        3,        3,        3,        3,        7)
[2025-05-18T23:17:19.398+0300][16120][16732][info][gc,stats    ]   Rebuild Free Set             =    0.000 s (a =       16 us) (n =     7) (lvls, us =       12,       12,       13,       16,       24)
[2025-05-18T23:17:19.398+0300][16120][16732][info][gc,stats    ] Concurrent Cleanup             =    0.000 s (a =       68 us) (n =     7) (lvls, us =       48,       48,       59,       62,      123)
[2025-05-18T23:17:19.398+0300][16120][16732][info][gc,stats    ] 
[2025-05-18T23:17:19.398+0300][16120][16732][info][gc,stats    ] 
[2025-05-18T23:17:19.398+0300][16120][16732][info][gc,stats    ] Under allocation pressure, concurrent cycles may cancel, and either continue cycle
[2025-05-18T23:17:19.398+0300][16120][16732][info][gc,stats    ] under stop-the-world pause or result in stop-the-world Full GC. Increase heap size,
[2025-05-18T23:17:19.398+0300][16120][16732][info][gc,stats    ] tune GC heuristics, set more aggressive pacing delay, or lower allocation rate
[2025-05-18T23:17:19.398+0300][16120][16732][info][gc,stats    ] to avoid Degenerated and Full GC cycles.
[2025-05-18T23:17:19.398+0300][16120][16732][info][gc,stats    ] 
[2025-05-18T23:17:19.398+0300][16120][16732][info][gc,stats    ]     7 successful concurrent GCs
[2025-05-18T23:17:19.398+0300][16120][16732][info][gc,stats    ]       3 invoked explicitly
[2025-05-18T23:17:19.398+0300][16120][16732][info][gc,stats    ]       0 invoked implicitly
[2025-05-18T23:17:19.398+0300][16120][16732][info][gc,stats    ] 
[2025-05-18T23:17:19.398+0300][16120][16732][info][gc,stats    ]     0 Degenerated GCs
[2025-05-18T23:17:19.398+0300][16120][16732][info][gc,stats    ]       0 caused by allocation failure
[2025-05-18T23:17:19.398+0300][16120][16732][info][gc,stats    ]       0 upgraded to Full GC
[2025-05-18T23:17:19.398+0300][16120][16732][info][gc,stats    ] 
[2025-05-18T23:17:19.398+0300][16120][16732][info][gc,stats    ]     0 Full GCs
[2025-05-18T23:17:19.398+0300][16120][16732][info][gc,stats    ]       0 invoked explicitly
[2025-05-18T23:17:19.398+0300][16120][16732][info][gc,stats    ]       0 invoked implicitly
[2025-05-18T23:17:19.398+0300][16120][16732][info][gc,stats    ]       0 caused by allocation failure
[2025-05-18T23:17:19.398+0300][16120][16732][info][gc,stats    ]       0 upgraded from Degenerated GC
[2025-05-18T23:17:19.398+0300][16120][16732][info][gc,stats    ] 
[2025-05-18T23:17:19.398+0300][16120][16732][info][gc,stats    ] 
