[2025-05-18T21:30:48.663+0300][11376][3188][info][gc] Min heap equals to max heap, disabling ShenandoahUncommit
[2025-05-18T21:30:48.667+0300][11376][3188][info][gc] Heuristics ergonomically sets -XX:+ExplicitGCInvokesConcurrent
[2025-05-18T21:30:48.667+0300][11376][3188][info][gc] Heuristics ergonomically sets -XX:+ShenandoahImplicitGCInvokesConcurrent
[2025-05-18T21:30:48.667+0300][11376][3188][info][gc] Using Shenandoah
[2025-05-18T21:30:48.671+0300][11376][3188][info][gc,ergo] Pacer for Idle. Initial: 83886K, Alloc Tax Rate: 1.0x
[2025-05-18T21:30:48.671+0300][11376][3188][info][gc,init] Version: 21.0.7+6-LTS (release)
[2025-05-18T21:30:48.671+0300][11376][3188][info][gc,init] CPUs: 8 total, 8 available
[2025-05-18T21:30:48.671+0300][11376][3188][info][gc,init] Memory: 16183M
[2025-05-18T21:30:48.672+0300][11376][3188][info][gc,init] Large Page Support: Disabled
[2025-05-18T21:30:48.672+0300][11376][3188][info][gc,init] NUMA Support: Disabled
[2025-05-18T21:30:48.672+0300][11376][3188][info][gc,init] Compressed Oops: Enabled (Zero based)
[2025-05-18T21:30:48.672+0300][11376][3188][info][gc,init] Heap Min Capacity: 4G
[2025-05-18T21:30:48.672+0300][11376][3188][info][gc,init] Heap Initial Capacity: 4G
[2025-05-18T21:30:48.672+0300][11376][3188][info][gc,init] Heap Max Capacity: 4G
[2025-05-18T21:30:48.672+0300][11376][3188][info][gc,init] Pre-touch: Disabled
[2025-05-18T21:30:48.672+0300][11376][3188][info][gc,init] Mode: Snapshot-At-The-Beginning (SATB)
[2025-05-18T21:30:48.672+0300][11376][3188][info][gc,init] Heuristics: Adaptive
[2025-05-18T21:30:48.672+0300][11376][3188][info][gc,init] Heap Region Count: 2048
[2025-05-18T21:30:48.672+0300][11376][3188][info][gc,init] Heap Region Size: 2M
[2025-05-18T21:30:48.672+0300][11376][3188][info][gc,init] TLAB Size Max: 2M
[2025-05-18T21:30:48.672+0300][11376][3188][info][gc,init] Humongous Object Threshold: 2M
[2025-05-18T21:30:48.672+0300][11376][3188][info][gc,init] Parallel Workers: 4
[2025-05-18T21:30:48.672+0300][11376][3188][info][gc,init] Concurrent Workers: 2
[2025-05-18T21:30:48.678+0300][11376][3188][info][gc,metaspace] CDS archive(s) mapped at: [0x000001b697000000-0x000001b697c80000-0x000001b697c80000), size 13107200, SharedBaseAddress: 0x000001b697000000, ArchiveRelocationMode: 1.
[2025-05-18T21:30:48.678+0300][11376][3188][info][gc,metaspace] Compressed class space mapped at: 0x000001b698000000-0x000001b6d8000000, reserved size: 1073741824
[2025-05-18T21:30:48.678+0300][11376][3188][info][gc,metaspace] Narrow klass base: 0x000001b697000000, Narrow klass shift: 0, Narrow klass range: 0x100000000
[2025-05-18T21:30:53.872+0300][11376][20632][info][gc          ] Trigger: Explicit GC request (System.gc())
[2025-05-18T21:30:53.872+0300][11376][20632][info][gc,ergo     ] Free: 3738M, Max: 2048K regular, 3738M humongous, Frag: 0% external, 0% internal; Reserve: 206M, Max: 2048K
[2025-05-18T21:30:53.873+0300][11376][20632][info][gc,start    ] GC(0) Concurrent reset
[2025-05-18T21:30:53.873+0300][11376][20632][info][gc,task     ] GC(0) Using 2 of 4 workers for concurrent reset
[2025-05-18T21:30:53.873+0300][11376][20632][info][gc,ergo     ] GC(0) Pacer for Reset. Non-Taxable: 4096M
[2025-05-18T21:30:53.873+0300][11376][20632][info][gc          ] GC(0) Concurrent reset 0.573ms
[2025-05-18T21:30:53.873+0300][11376][5460 ][info][gc,start    ] GC(0) Pause Init Mark (unload classes)
[2025-05-18T21:30:53.874+0300][11376][5460 ][info][gc,task     ] GC(0) Using 4 of 4 workers for init marking
[2025-05-18T21:30:53.874+0300][11376][5460 ][info][gc,ref      ] GC(0) Clearing All SoftReferences
[2025-05-18T21:30:53.874+0300][11376][5460 ][info][gc,ergo     ] GC(0) Pacer for Mark. Expected Live: 409M, Free: 3738M, Non-Taxable: 373M, Alloc Tax Rate: 0.1x
[2025-05-18T21:30:53.874+0300][11376][5460 ][info][gc          ] GC(0) Pause Init Mark (unload classes) 0.153ms
[2025-05-18T21:30:53.874+0300][11376][20632][info][gc,start    ] GC(0) Concurrent marking roots
[2025-05-18T21:30:53.874+0300][11376][20632][info][gc,task     ] GC(0) Using 2 of 4 workers for concurrent marking roots
[2025-05-18T21:30:53.874+0300][11376][20632][info][gc          ] GC(0) Concurrent marking roots 0.640ms
[2025-05-18T21:30:53.874+0300][11376][20632][info][gc,start    ] GC(0) Concurrent marking (unload classes)
[2025-05-18T21:30:53.874+0300][11376][20632][info][gc,task     ] GC(0) Using 2 of 4 workers for concurrent marking
[2025-05-18T21:30:53.878+0300][11376][20632][info][gc          ] GC(0) Concurrent marking (unload classes) 2.436ms
[2025-05-18T21:30:53.878+0300][11376][5460 ][info][gc,start    ] GC(0) Pause Final Mark (unload classes)
[2025-05-18T21:30:53.878+0300][11376][5460 ][info][gc,task     ] GC(0) Using 4 of 4 workers for final marking
[2025-05-18T21:30:53.878+0300][11376][5460 ][info][gc,ergo     ] GC(0) Adaptive CSet Selection. Target Free: 580M, Actual Free: 3944M, Max CSet: 170M, Min Garbage: 0B
[2025-05-18T21:30:53.878+0300][11376][5460 ][info][gc,ergo     ] GC(0) Collectable Garbage: 149M (100%), Immediate: 0B (0%), CSet: 149M (100%)
[2025-05-18T21:30:53.878+0300][11376][5460 ][info][gc,ergo     ] GC(0) Pacer for Evacuation. Used CSet: 152M, Free: 3738M, Non-Taxable: 373M, Alloc Tax Rate: 1.1x
[2025-05-18T21:30:53.878+0300][11376][5460 ][info][gc          ] GC(0) Pause Final Mark (unload classes) 0.467ms
[2025-05-18T21:30:53.878+0300][11376][20632][info][gc,start    ] GC(0) Concurrent thread roots
[2025-05-18T21:30:53.878+0300][11376][20632][info][gc,task     ] GC(0) Using 2 of 4 workers for Concurrent thread roots
[2025-05-18T21:30:53.878+0300][11376][20632][info][gc          ] GC(0) Concurrent thread roots 0.222ms
[2025-05-18T21:30:53.878+0300][11376][20632][info][gc,start    ] GC(0) Concurrent weak references
[2025-05-18T21:30:53.878+0300][11376][20632][info][gc,task     ] GC(0) Using 2 of 4 workers for concurrent weak references
[2025-05-18T21:30:53.878+0300][11376][20632][info][gc,ref      ] GC(0) Encountered references: Soft: 80, Weak: 320, Final: 3, Phantom: 64
[2025-05-18T21:30:53.879+0300][11376][20632][info][gc,ref      ] GC(0) Discovered  references: Soft: 62, Weak: 228, Final: 3, Phantom: 60
[2025-05-18T21:30:53.879+0300][11376][20632][info][gc,ref      ] GC(0) Enqueued    references: Soft: 31, Weak: 82, Final: 0, Phantom: 34
[2025-05-18T21:30:53.879+0300][11376][20632][info][gc          ] GC(0) Concurrent weak references 0.222ms
[2025-05-18T21:30:53.879+0300][11376][20632][info][gc,start    ] GC(0) Concurrent weak roots
[2025-05-18T21:30:53.879+0300][11376][20632][info][gc,task     ] GC(0) Using 2 of 4 workers for concurrent weak root
[2025-05-18T21:30:53.879+0300][11376][20632][info][gc          ] GC(0) Concurrent weak roots 0.495ms
[2025-05-18T21:30:53.879+0300][11376][20632][info][gc,start    ] GC(0) Concurrent cleanup
[2025-05-18T21:30:53.879+0300][11376][20632][info][gc          ] GC(0) Concurrent cleanup 154M->154M(4096M) 0.026ms
[2025-05-18T21:30:53.879+0300][11376][20632][info][gc,ergo     ] GC(0) Free: 3736M, Max: 2048K regular, 3736M humongous, Frag: 0% external, 0% internal; Reserve: 205M, Max: 2048K
[2025-05-18T21:30:53.879+0300][11376][20632][info][gc,start    ] GC(0) Concurrent class unloading
[2025-05-18T21:30:53.879+0300][11376][20632][info][gc,task     ] GC(0) Using 2 of 4 workers for concurrent class unloading
[2025-05-18T21:30:53.881+0300][11376][20632][info][gc          ] GC(0) Concurrent class unloading 1.514ms
[2025-05-18T21:30:53.881+0300][11376][20632][info][gc,start    ] GC(0) Concurrent strong roots
[2025-05-18T21:30:53.881+0300][11376][20632][info][gc,task     ] GC(0) Using 2 of 4 workers for concurrent strong root
[2025-05-18T21:30:53.881+0300][11376][20632][info][gc          ] GC(0) Concurrent strong roots 0.278ms
[2025-05-18T21:30:53.881+0300][11376][20632][info][gc,start    ] GC(0) Concurrent evacuation
[2025-05-18T21:30:53.881+0300][11376][20632][info][gc,task     ] GC(0) Using 2 of 4 workers for concurrent evacuation
[2025-05-18T21:30:53.883+0300][11376][20632][info][gc          ] GC(0) Concurrent evacuation 1.513ms
[2025-05-18T21:30:53.883+0300][11376][5460 ][info][gc,start    ] GC(0) Pause Init Update Refs
[2025-05-18T21:30:53.883+0300][11376][5460 ][info][gc,ergo     ] GC(0) Pacer for Update Refs. Used: 159M, Free: 3736M, Non-Taxable: 373M, Alloc Tax Rate: 1.1x
[2025-05-18T21:30:53.883+0300][11376][5460 ][info][gc          ] GC(0) Pause Init Update Refs 0.095ms
[2025-05-18T21:30:53.883+0300][11376][20632][info][gc,start    ] GC(0) Concurrent update references
[2025-05-18T21:30:53.883+0300][11376][20632][info][gc,task     ] GC(0) Using 2 of 4 workers for concurrent reference update
[2025-05-18T21:30:53.884+0300][11376][20632][info][gc          ] GC(0) Concurrent update references 1.436ms
[2025-05-18T21:30:53.884+0300][11376][20632][info][gc,start    ] GC(0) Concurrent update thread roots
[2025-05-18T21:30:53.884+0300][11376][20632][info][gc          ] GC(0) Concurrent update thread roots 0.162ms
[2025-05-18T21:30:53.884+0300][11376][5460 ][info][gc,start    ] GC(0) Pause Final Update Refs
[2025-05-18T21:30:53.884+0300][11376][5460 ][info][gc,task     ] GC(0) Using 4 of 4 workers for final reference update
[2025-05-18T21:30:53.884+0300][11376][5460 ][info][gc          ] GC(0) Pause Final Update Refs 0.060ms
[2025-05-18T21:30:53.885+0300][11376][20632][info][gc,start    ] GC(0) Concurrent cleanup
[2025-05-18T21:30:53.885+0300][11376][20632][info][gc          ] GC(0) Concurrent cleanup 159M->7M(4096M) 0.037ms
[2025-05-18T21:30:53.885+0300][11376][20632][info][gc,ergo     ] Free: 3882M, Max: 2048K regular, 3730M humongous, Frag: 4% external, 0% internal; Reserve: 206M, Max: 2048K
[2025-05-18T21:30:53.885+0300][11376][20632][info][gc,stats    ] 
[2025-05-18T21:30:53.885+0300][11376][20632][info][gc,stats    ] All times are wall-clock times, except per-root-class counters, that are sum over
[2025-05-18T21:30:53.885+0300][11376][20632][info][gc,stats    ] all workers. Dividing the <total> over the root stage time estimates parallelism.
[2025-05-18T21:30:53.885+0300][11376][20632][info][gc,stats    ] 
[2025-05-18T21:30:53.885+0300][11376][20632][info][gc,stats    ] Concurrent Reset                    603 us
[2025-05-18T21:30:53.885+0300][11376][20632][info][gc,stats    ] Pause Init Mark (G)                 255 us
[2025-05-18T21:30:53.885+0300][11376][20632][info][gc,stats    ] Pause Init Mark (N)                 165 us
[2025-05-18T21:30:53.885+0300][11376][20632][info][gc,stats    ]   Update Region States               12 us
[2025-05-18T21:30:53.885+0300][11376][20632][info][gc,stats    ] Concurrent Mark Roots               667 us, parallelism: 1.05x
[2025-05-18T21:30:53.885+0300][11376][20632][info][gc,stats    ]   CMR: <total>                      702 us
[2025-05-18T21:30:53.885+0300][11376][20632][info][gc,stats    ]   CMR: Thread Roots                 617 us, workers (us): 394, 223, ---, ---, 
[2025-05-18T21:30:53.885+0300][11376][20632][info][gc,stats    ]   CMR: VM Strong Roots               26 us, workers (us):  26,   0, ---, ---, 
[2025-05-18T21:30:53.885+0300][11376][20632][info][gc,stats    ]   CMR: CLDG Roots                    59 us, workers (us):  59, ---, ---, ---, 
[2025-05-18T21:30:53.885+0300][11376][20632][info][gc,stats    ] Concurrent Marking                 2470 us
[2025-05-18T21:30:53.885+0300][11376][20632][info][gc,stats    ] Pause Final Mark (G)                627 us
[2025-05-18T21:30:53.885+0300][11376][20632][info][gc,stats    ] Pause Final Mark (N)                475 us
[2025-05-18T21:30:53.885+0300][11376][20632][info][gc,stats    ]   Finish Mark                       349 us
[2025-05-18T21:30:53.885+0300][11376][20632][info][gc,stats    ]   Update Region States               11 us
[2025-05-18T21:30:53.885+0300][11376][20632][info][gc,stats    ]   Choose Collection Set              45 us
[2025-05-18T21:30:53.885+0300][11376][20632][info][gc,stats    ]   Rebuild Free Set                   10 us
[2025-05-18T21:30:53.885+0300][11376][20632][info][gc,stats    ] Concurrent Thread Roots             247 us, parallelism: 0.21x
[2025-05-18T21:30:53.885+0300][11376][20632][info][gc,stats    ]   CTR: <total>                       51 us
[2025-05-18T21:30:53.885+0300][11376][20632][info][gc,stats    ]   CTR: Thread Roots                  51 us, workers (us):  48,   3, ---, ---, 
[2025-05-18T21:30:53.885+0300][11376][20632][info][gc,stats    ] Concurrent Weak References          232 us, parallelism: 0.21x
[2025-05-18T21:30:53.885+0300][11376][20632][info][gc,stats    ]   CWRF: <total>                      48 us
[2025-05-18T21:30:53.885+0300][11376][20632][info][gc,stats    ]   CWRF: Weak References              48 us, workers (us):  36,  12, ---, ---, 
[2025-05-18T21:30:53.885+0300][11376][20632][info][gc,stats    ] Concurrent Weak Roots               520 us
[2025-05-18T21:30:53.885+0300][11376][20632][info][gc,stats    ]   Roots                             375 us, parallelism: 1.28x
[2025-05-18T21:30:53.885+0300][11376][20632][info][gc,stats    ]     CWR: <total>                    479 us
[2025-05-18T21:30:53.885+0300][11376][20632][info][gc,stats    ]     CWR: Code Cache Roots           230 us, workers (us): 129, 101, ---, ---, 
[2025-05-18T21:30:53.885+0300][11376][20632][info][gc,stats    ]     CWR: VM Weak Roots              247 us, workers (us): 129, 118, ---, ---, 
[2025-05-18T21:30:53.885+0300][11376][20632][info][gc,stats    ]     CWR: CLDG Roots                   1 us, workers (us): ---,   1, ---, ---, 
[2025-05-18T21:30:53.885+0300][11376][20632][info][gc,stats    ]   Rendezvous                        103 us
[2025-05-18T21:30:53.885+0300][11376][20632][info][gc,stats    ] Concurrent Cleanup                   37 us
[2025-05-18T21:30:53.885+0300][11376][20632][info][gc,stats    ] Concurrent Class Unloading         1546 us
[2025-05-18T21:30:53.885+0300][11376][20632][info][gc,stats    ]   Unlink Stale                     1177 us
[2025-05-18T21:30:53.885+0300][11376][20632][info][gc,stats    ]     System Dictionary                52 us
[2025-05-18T21:30:53.885+0300][11376][20632][info][gc,stats    ]     Weak Class Links                523 us
[2025-05-18T21:30:53.885+0300][11376][20632][info][gc,stats    ]     Code Roots                      601 us
[2025-05-18T21:30:53.885+0300][11376][20632][info][gc,stats    ]   Rendezvous                        144 us
[2025-05-18T21:30:53.885+0300][11376][20632][info][gc,stats    ]   Purge Unlinked                    170 us
[2025-05-18T21:30:53.885+0300][11376][20632][info][gc,stats    ]     Code Roots                      151 us
[2025-05-18T21:30:53.885+0300][11376][20632][info][gc,stats    ]     CLDG                             19 us
[2025-05-18T21:30:53.885+0300][11376][20632][info][gc,stats    ]     Exception Caches                  0 us
[2025-05-18T21:30:53.885+0300][11376][20632][info][gc,stats    ] Concurrent Strong Roots             311 us, parallelism: 0.49x
[2025-05-18T21:30:53.885+0300][11376][20632][info][gc,stats    ]   CSR: <total>                      153 us
[2025-05-18T21:30:53.885+0300][11376][20632][info][gc,stats    ]   CSR: VM Strong Roots               10 us, workers (us):  10,   0, ---, ---, 
[2025-05-18T21:30:53.885+0300][11376][20632][info][gc,stats    ]   CSR: CLDG Roots                   143 us, workers (us): 143, ---, ---, ---, 
[2025-05-18T21:30:53.885+0300][11376][20632][info][gc,stats    ] Concurrent Evacuation              1555 us
[2025-05-18T21:30:53.885+0300][11376][20632][info][gc,stats    ] Pause Init Update Refs (G)          177 us
[2025-05-18T21:30:53.885+0300][11376][20632][info][gc,stats    ] Pause Init Update Refs (N)          103 us
[2025-05-18T21:30:53.885+0300][11376][20632][info][gc,stats    ]   Manage GCLABs                       2 us
[2025-05-18T21:30:53.885+0300][11376][20632][info][gc,stats    ] Concurrent Update Refs             1467 us
[2025-05-18T21:30:53.885+0300][11376][20632][info][gc,stats    ] Concurrent Update Thread Roots      188 us
[2025-05-18T21:30:53.885+0300][11376][20632][info][gc,stats    ] Pause Final Update Refs (G)         134 us
[2025-05-18T21:30:53.885+0300][11376][20632][info][gc,stats    ] Pause Final Update Refs (N)          68 us
[2025-05-18T21:30:53.885+0300][11376][20632][info][gc,stats    ]   Update Region States               21 us
[2025-05-18T21:30:53.885+0300][11376][20632][info][gc,stats    ]   Trash Collection Set                2 us
[2025-05-18T21:30:53.885+0300][11376][20632][info][gc,stats    ]   Rebuild Free Set                    7 us
[2025-05-18T21:30:53.885+0300][11376][20632][info][gc,stats    ] Concurrent Cleanup                   49 us
[2025-05-18T21:30:53.885+0300][11376][20632][info][gc,stats    ] 
[2025-05-18T21:30:53.885+0300][11376][20632][info][gc,stats    ] Allocation pacing accrued:
[2025-05-18T21:30:53.885+0300][11376][20632][info][gc,stats    ]       0 of  5214 ms (  0.0%): <total>
[2025-05-18T21:30:53.885+0300][11376][20632][info][gc,stats    ]       0 of  5214 ms (  0.0%): <average total>
[2025-05-18T21:30:53.885+0300][11376][20632][info][gc,stats    ] 
[2025-05-18T21:30:53.885+0300][11376][20632][info][gc,metaspace] Metaspace: 2840K(3072K)->2835K(3072K) NonClass: 2584K(2688K)->2580K(2688K) Class: 256K(384K)->254K(384K)
[2025-05-18T21:30:53.885+0300][11376][20632][info][gc,ergo     ] Pacer for Idle. Initial: 83886K, Alloc Tax Rate: 1.0x
[2025-05-18T21:30:55.408+0300][11376][20632][info][gc          ] Trigger: Learning 2 of 5. Free (2862M) is below initial threshold (2867M)
[2025-05-18T21:30:55.408+0300][11376][20632][info][gc,ergo     ] Free: 2862M, Max: 2048K regular, 2862M humongous, Frag: 0% external, 0% internal; Reserve: 206M, Max: 2048K
[2025-05-18T21:30:55.408+0300][11376][20632][info][gc,start    ] GC(1) Concurrent reset
[2025-05-18T21:30:55.408+0300][11376][20632][info][gc,task     ] GC(1) Using 2 of 4 workers for concurrent reset
[2025-05-18T21:30:55.408+0300][11376][20632][info][gc,ergo     ] GC(1) Pacer for Reset. Non-Taxable: 4096M
[2025-05-18T21:30:55.408+0300][11376][20632][info][gc          ] GC(1) Concurrent reset 0.518ms
[2025-05-18T21:30:55.423+0300][11376][5460 ][info][gc,start    ] GC(1) Pause Init Mark (unload classes)
[2025-05-18T21:30:55.423+0300][11376][5460 ][info][gc,task     ] GC(1) Using 4 of 4 workers for init marking
[2025-05-18T21:30:55.423+0300][11376][5460 ][info][gc,ergo     ] GC(1) Pacer for Mark. Expected Live: 2919K, Free: 2862M, Non-Taxable: 286M, Alloc Tax Rate: 0.0x
[2025-05-18T21:30:55.423+0300][11376][5460 ][info][gc          ] GC(1) Pause Init Mark (unload classes) 0.177ms
[2025-05-18T21:30:55.423+0300][11376][20632][info][gc,start    ] GC(1) Concurrent marking roots
[2025-05-18T21:30:55.423+0300][11376][20632][info][gc,task     ] GC(1) Using 2 of 4 workers for concurrent marking roots
[2025-05-18T21:30:55.423+0300][11376][20632][info][gc          ] GC(1) Concurrent marking roots 0.362ms
[2025-05-18T21:30:55.423+0300][11376][20632][info][gc,start    ] GC(1) Concurrent marking (unload classes)
[2025-05-18T21:30:55.423+0300][11376][20632][info][gc,task     ] GC(1) Using 2 of 4 workers for concurrent marking
[2025-05-18T21:30:55.516+0300][11376][20632][info][gc          ] GC(1) Concurrent marking (unload classes) 92.369ms
[2025-05-18T21:30:55.531+0300][11376][5460 ][info][gc,start    ] GC(1) Pause Final Mark (unload classes)
[2025-05-18T21:30:55.531+0300][11376][5460 ][info][gc,task     ] GC(1) Using 4 of 4 workers for final marking
[2025-05-18T21:30:55.531+0300][11376][5460 ][info][gc,ergo     ] GC(1) Adaptive CSet Selection. Target Free: 580M, Actual Free: 3646M, Max CSet: 170M, Min Garbage: 0B
[2025-05-18T21:30:55.531+0300][11376][5460 ][info][gc,ergo     ] GC(1) Collectable Garbage: 1011M (99%), Immediate: 704M (69%), CSet: 307M (30%)
[2025-05-18T21:30:55.531+0300][11376][5460 ][info][gc,ergo     ] GC(1) Pacer for Evacuation. Used CSet: 310M, Free: 3440M, Non-Taxable: 344M, Alloc Tax Rate: 1.1x
[2025-05-18T21:30:55.531+0300][11376][5460 ][info][gc          ] GC(1) Pause Final Mark (unload classes) 0.330ms
[2025-05-18T21:30:55.531+0300][11376][20632][info][gc,start    ] GC(1) Concurrent thread roots
[2025-05-18T21:30:55.531+0300][11376][20632][info][gc,task     ] GC(1) Using 2 of 4 workers for Concurrent thread roots
[2025-05-18T21:30:55.532+0300][11376][20632][info][gc          ] GC(1) Concurrent thread roots 0.568ms
[2025-05-18T21:30:55.532+0300][11376][20632][info][gc,start    ] GC(1) Concurrent weak references
[2025-05-18T21:30:55.532+0300][11376][20632][info][gc,task     ] GC(1) Using 2 of 4 workers for concurrent weak references
[2025-05-18T21:30:55.532+0300][11376][20632][info][gc,ref      ] GC(1) Encountered references: Soft: 301, Weak: 1037, Final: 3, Phantom: 193
[2025-05-18T21:30:55.532+0300][11376][20632][info][gc,ref      ] GC(1) Discovered  references: Soft: 0, Weak: 536, Final: 1, Phantom: 189
[2025-05-18T21:30:55.532+0300][11376][20632][info][gc,ref      ] GC(1) Enqueued    references: Soft: 0, Weak: 342, Final: 0, Phantom: 143
[2025-05-18T21:30:55.532+0300][11376][20632][info][gc          ] GC(1) Concurrent weak references 0.278ms
[2025-05-18T21:30:55.532+0300][11376][20632][info][gc,start    ] GC(1) Concurrent weak roots
[2025-05-18T21:30:55.532+0300][11376][20632][info][gc,task     ] GC(1) Using 2 of 4 workers for concurrent weak root
[2025-05-18T21:30:55.578+0300][11376][20632][info][gc          ] GC(1) Concurrent weak roots 45.792ms
[2025-05-18T21:30:55.578+0300][11376][20632][info][gc,start    ] GC(1) Concurrent cleanup
[2025-05-18T21:30:55.578+0300][11376][20632][info][gc          ] GC(1) Concurrent cleanup 1208M->504M(4096M) 0.056ms
[2025-05-18T21:30:55.578+0300][11376][20632][info][gc,ergo     ] GC(1) Free: 3380M, Max: 2048K regular, 2676M humongous, Frag: 21% external, 0% internal; Reserve: 205M, Max: 2048K
[2025-05-18T21:30:55.578+0300][11376][20632][info][gc,start    ] GC(1) Concurrent class unloading
[2025-05-18T21:30:55.578+0300][11376][20632][info][gc,task     ] GC(1) Using 2 of 4 workers for concurrent class unloading
[2025-05-18T21:30:55.594+0300][11376][20632][info][gc          ] GC(1) Concurrent class unloading 16.369ms
[2025-05-18T21:30:55.594+0300][11376][20632][info][gc,start    ] GC(1) Concurrent strong roots
[2025-05-18T21:30:55.594+0300][11376][20632][info][gc,task     ] GC(1) Using 2 of 4 workers for concurrent strong root
[2025-05-18T21:30:55.595+0300][11376][20632][info][gc          ] GC(1) Concurrent strong roots 0.446ms
[2025-05-18T21:30:55.595+0300][11376][20632][info][gc,start    ] GC(1) Concurrent evacuation
[2025-05-18T21:30:55.595+0300][11376][20632][info][gc,task     ] GC(1) Using 2 of 4 workers for concurrent evacuation
[2025-05-18T21:30:55.612+0300][11376][20632][info][gc          ] GC(1) Concurrent evacuation 17.769ms
[2025-05-18T21:30:55.613+0300][11376][5460 ][info][gc,start    ] GC(1) Pause Init Update Refs
[2025-05-18T21:30:55.613+0300][11376][5460 ][info][gc,ergo     ] GC(1) Pacer for Update Refs. Used: 533M, Free: 3354M, Non-Taxable: 335M, Alloc Tax Rate: 1.1x
[2025-05-18T21:30:55.613+0300][11376][5460 ][info][gc          ] GC(1) Pause Init Update Refs 0.067ms
[2025-05-18T21:30:55.613+0300][11376][20632][info][gc,start    ] GC(1) Concurrent update references
[2025-05-18T21:30:55.613+0300][11376][20632][info][gc,task     ] GC(1) Using 2 of 4 workers for concurrent reference update
[2025-05-18T21:30:55.634+0300][11376][20632][info][gc          ] GC(1) Concurrent update references 21.584ms
[2025-05-18T21:30:55.634+0300][11376][20632][info][gc,start    ] GC(1) Concurrent update thread roots
[2025-05-18T21:30:55.657+0300][11376][20632][info][gc          ] GC(1) Concurrent update thread roots 22.258ms
[2025-05-18T21:30:55.657+0300][11376][5460 ][info][gc,start    ] GC(1) Pause Final Update Refs
[2025-05-18T21:30:55.657+0300][11376][5460 ][info][gc,task     ] GC(1) Using 4 of 4 workers for final reference update
[2025-05-18T21:30:55.657+0300][11376][5460 ][info][gc          ] GC(1) Pause Final Update Refs 0.111ms
[2025-05-18T21:30:55.657+0300][11376][20632][info][gc,start    ] GC(1) Concurrent cleanup
[2025-05-18T21:30:55.657+0300][11376][20632][info][gc          ] GC(1) Concurrent cleanup 591M->281M(4096M) 0.068ms
[2025-05-18T21:30:55.657+0300][11376][20632][info][gc,ergo     ] Free: 3602M, Max: 2048K regular, 2676M humongous, Frag: 26% external, 0% internal; Reserve: 206M, Max: 2048K
[2025-05-18T21:30:55.657+0300][11376][20632][info][gc,stats    ] 
[2025-05-18T21:30:55.657+0300][11376][20632][info][gc,stats    ] All times are wall-clock times, except per-root-class counters, that are sum over
[2025-05-18T21:30:55.657+0300][11376][20632][info][gc,stats    ] all workers. Dividing the <total> over the root stage time estimates parallelism.
[2025-05-18T21:30:55.657+0300][11376][20632][info][gc,stats    ] 
[2025-05-18T21:30:55.657+0300][11376][20632][info][gc,stats    ] Concurrent Reset                    556 us
[2025-05-18T21:30:55.657+0300][11376][20632][info][gc,stats    ] Pause Init Mark (G)               14809 us
[2025-05-18T21:30:55.657+0300][11376][20632][info][gc,stats    ] Pause Init Mark (N)                 194 us
[2025-05-18T21:30:55.657+0300][11376][20632][info][gc,stats    ]   Update Region States               42 us
[2025-05-18T21:30:55.657+0300][11376][20632][info][gc,stats    ] Concurrent Mark Roots               392 us, parallelism: 1.16x
[2025-05-18T21:30:55.657+0300][11376][20632][info][gc,stats    ]   CMR: <total>                      455 us
[2025-05-18T21:30:55.657+0300][11376][20632][info][gc,stats    ]   CMR: Thread Roots                 365 us, workers (us): 144, 221, ---, ---, 
[2025-05-18T21:30:55.658+0300][11376][20632][info][gc,stats    ]   CMR: VM Strong Roots               16 us, workers (us):   5,  11, ---, ---, 
[2025-05-18T21:30:55.658+0300][11376][20632][info][gc,stats    ]   CMR: CLDG Roots                    74 us, workers (us):  74, ---, ---, ---, 
[2025-05-18T21:30:55.658+0300][11376][20632][info][gc,stats    ] Concurrent Marking                92440 us
[2025-05-18T21:30:55.658+0300][11376][20632][info][gc,stats    ] Pause Final Mark (G)              15423 us
[2025-05-18T21:30:55.658+0300][11376][20632][info][gc,stats    ] Pause Final Mark (N)                345 us
[2025-05-18T21:30:55.658+0300][11376][20632][info][gc,stats    ]   Finish Mark                        49 us
[2025-05-18T21:30:55.658+0300][11376][20632][info][gc,stats    ]   Update Region States               29 us
[2025-05-18T21:30:55.658+0300][11376][20632][info][gc,stats    ]   Choose Collection Set              92 us
[2025-05-18T21:30:55.658+0300][11376][20632][info][gc,stats    ]   Rebuild Free Set                   18 us
[2025-05-18T21:30:55.658+0300][11376][20632][info][gc,stats    ] Concurrent Thread Roots             610 us, parallelism: 0.61x
[2025-05-18T21:30:55.658+0300][11376][20632][info][gc,stats    ]   CTR: <total>                      372 us
[2025-05-18T21:30:55.658+0300][11376][20632][info][gc,stats    ]   CTR: Thread Roots                 372 us, workers (us): 372,   0, ---, ---, 
[2025-05-18T21:30:55.658+0300][11376][20632][info][gc,stats    ] Concurrent Weak References          295 us, parallelism: 0.78x
[2025-05-18T21:30:55.658+0300][11376][20632][info][gc,stats    ]   CWRF: <total>                     231 us
[2025-05-18T21:30:55.658+0300][11376][20632][info][gc,stats    ]   CWRF: Weak References             231 us, workers (us): 150,  81, ---, ---, 
[2025-05-18T21:30:55.658+0300][11376][20632][info][gc,stats    ] Concurrent Weak Roots             45846 us
[2025-05-18T21:30:55.658+0300][11376][20632][info][gc,stats    ]   Roots                            1180 us, parallelism: 1.46x
[2025-05-18T21:30:55.658+0300][11376][20632][info][gc,stats    ]     CWR: <total>                   1726 us
[2025-05-18T21:30:55.658+0300][11376][20632][info][gc,stats    ]     CWR: Code Cache Roots          1053 us, workers (us): 537, 517, ---, ---, 
[2025-05-18T21:30:55.658+0300][11376][20632][info][gc,stats    ]     CWR: VM Weak Roots              641 us, workers (us): 526, 116, ---, ---, 
[2025-05-18T21:30:55.658+0300][11376][20632][info][gc,stats    ]     CWR: CLDG Roots                  31 us, workers (us):  31, ---, ---, ---, 
[2025-05-18T21:30:55.658+0300][11376][20632][info][gc,stats    ]   Rendezvous                      44577 us
[2025-05-18T21:30:55.658+0300][11376][20632][info][gc,stats    ] Concurrent Cleanup                   72 us
[2025-05-18T21:30:55.658+0300][11376][20632][info][gc,stats    ] Concurrent Class Unloading        16462 us
[2025-05-18T21:30:55.658+0300][11376][20632][info][gc,stats    ]   Unlink Stale                     4454 us
[2025-05-18T21:30:55.658+0300][11376][20632][info][gc,stats    ]     System Dictionary               354 us
[2025-05-18T21:30:55.658+0300][11376][20632][info][gc,stats    ]     Weak Class Links               2128 us
[2025-05-18T21:30:55.658+0300][11376][20632][info][gc,stats    ]     Code Roots                     1970 us
[2025-05-18T21:30:55.658+0300][11376][20632][info][gc,stats    ]   Rendezvous                      10291 us
[2025-05-18T21:30:55.658+0300][11376][20632][info][gc,stats    ]   Purge Unlinked                   1587 us
[2025-05-18T21:30:55.658+0300][11376][20632][info][gc,stats    ]     Code Roots                     1052 us
[2025-05-18T21:30:55.658+0300][11376][20632][info][gc,stats    ]     CLDG                            533 us
[2025-05-18T21:30:55.658+0300][11376][20632][info][gc,stats    ]     Exception Caches                  0 us
[2025-05-18T21:30:55.658+0300][11376][20632][info][gc,stats    ] Concurrent Strong Roots             487 us, parallelism: 0.75x
[2025-05-18T21:30:55.658+0300][11376][20632][info][gc,stats    ]   CSR: <total>                      367 us
[2025-05-18T21:30:55.658+0300][11376][20632][info][gc,stats    ]   CSR: VM Strong Roots               12 us, workers (us):   7,   5, ---, ---, 
[2025-05-18T21:30:55.658+0300][11376][20632][info][gc,stats    ]   CSR: CLDG Roots                   355 us, workers (us): ---, 355, ---, ---, 
[2025-05-18T21:30:55.658+0300][11376][20632][info][gc,stats    ] Concurrent Evacuation             17817 us
[2025-05-18T21:30:55.658+0300][11376][20632][info][gc,stats    ] Pause Init Update Refs (G)          242 us
[2025-05-18T21:30:55.658+0300][11376][20632][info][gc,stats    ] Pause Init Update Refs (N)           82 us
[2025-05-18T21:30:55.658+0300][11376][20632][info][gc,stats    ]   Manage GCLABs                       5 us
[2025-05-18T21:30:55.658+0300][11376][20632][info][gc,stats    ] Concurrent Update Refs            21661 us
[2025-05-18T21:30:55.658+0300][11376][20632][info][gc,stats    ] Concurrent Update Thread Roots    22318 us
[2025-05-18T21:30:55.658+0300][11376][20632][info][gc,stats    ] Pause Final Update Refs (G)         413 us
[2025-05-18T21:30:55.658+0300][11376][20632][info][gc,stats    ] Pause Final Update Refs (N)         128 us
[2025-05-18T21:30:55.658+0300][11376][20632][info][gc,stats    ]   Update Region States               28 us
[2025-05-18T21:30:55.658+0300][11376][20632][info][gc,stats    ]   Trash Collection Set                5 us
[2025-05-18T21:30:55.658+0300][11376][20632][info][gc,stats    ]   Rebuild Free Set                   14 us
[2025-05-18T21:30:55.658+0300][11376][20632][info][gc,stats    ] Concurrent Cleanup                   92 us
[2025-05-18T21:30:55.658+0300][11376][20632][info][gc,stats    ] 
[2025-05-18T21:30:55.658+0300][11376][20632][info][gc,stats    ] Allocation pacing accrued:
[2025-05-18T21:30:55.658+0300][11376][20632][info][gc,stats    ]       0 of  1774 ms (  0.0%): <total>
[2025-05-18T21:30:55.658+0300][11376][20632][info][gc,stats    ]       0 of  1774 ms (  0.0%): <average total>
[2025-05-18T21:30:55.658+0300][11376][20632][info][gc,stats    ] 
[2025-05-18T21:30:55.658+0300][11376][20632][info][gc,metaspace] Metaspace: 8854K(9408K)->8429K(9408K) NonClass: 7878K(8192K)->7573K(8192K) Class: 976K(1216K)->855K(1216K)
[2025-05-18T21:30:55.658+0300][11376][20632][info][gc,ergo     ] Pacer for Idle. Initial: 83886K, Alloc Tax Rate: 1.0x
[2025-05-18T21:30:56.053+0300][11376][20632][info][gc          ] Trigger: Learning 3 of 5. Free (2854M) is below initial threshold (2867M)
[2025-05-18T21:30:56.053+0300][11376][20632][info][gc,ergo     ] Free: 2854M, Max: 2048K regular, 2676M humongous, Frag: 7% external, 0% internal; Reserve: 206M, Max: 2048K
[2025-05-18T21:30:56.053+0300][11376][20632][info][gc,start    ] GC(2) Concurrent reset
[2025-05-18T21:30:56.053+0300][11376][20632][info][gc,task     ] GC(2) Using 2 of 4 workers for concurrent reset
[2025-05-18T21:30:56.053+0300][11376][20632][info][gc,ergo     ] GC(2) Pacer for Reset. Non-Taxable: 4096M
[2025-05-18T21:30:56.054+0300][11376][20632][info][gc          ] GC(2) Concurrent reset 0.923ms
[2025-05-18T21:30:56.054+0300][11376][5460 ][info][gc,start    ] GC(2) Pause Init Mark (unload classes)
[2025-05-18T21:30:56.054+0300][11376][5460 ][info][gc,task     ] GC(2) Using 4 of 4 workers for init marking
[2025-05-18T21:30:56.055+0300][11376][5460 ][info][gc,ergo     ] GC(2) Pacer for Mark. Expected Live: 6752K, Free: 2852M, Non-Taxable: 285M, Alloc Tax Rate: 0.0x
[2025-05-18T21:30:56.055+0300][11376][5460 ][info][gc          ] GC(2) Pause Init Mark (unload classes) 0.322ms
[2025-05-18T21:30:56.055+0300][11376][20632][info][gc,start    ] GC(2) Concurrent marking roots
[2025-05-18T21:30:56.055+0300][11376][20632][info][gc,task     ] GC(2) Using 2 of 4 workers for concurrent marking roots
[2025-05-18T21:30:56.055+0300][11376][20632][info][gc          ] GC(2) Concurrent marking roots 0.296ms
[2025-05-18T21:30:56.055+0300][11376][20632][info][gc,start    ] GC(2) Concurrent marking (unload classes)
[2025-05-18T21:30:56.055+0300][11376][20632][info][gc,task     ] GC(2) Using 2 of 4 workers for concurrent marking
[2025-05-18T21:30:56.116+0300][11376][20632][info][gc          ] GC(2) Concurrent marking (unload classes) 61.041ms
[2025-05-18T21:30:56.116+0300][11376][5460 ][info][gc,start    ] GC(2) Pause Final Mark (unload classes)
[2025-05-18T21:30:56.116+0300][11376][5460 ][info][gc,task     ] GC(2) Using 4 of 4 workers for final marking
[2025-05-18T21:30:56.116+0300][11376][5460 ][info][gc,ergo     ] GC(2) Adaptive CSet Selection. Target Free: 580M, Actual Free: 3711M, Max CSet: 170M, Min Garbage: 0B
[2025-05-18T21:30:56.116+0300][11376][5460 ][info][gc,ergo     ] GC(2) Collectable Garbage: 1020M (99%), Immediate: 793M (77%), CSet: 226M (22%)
[2025-05-18T21:30:56.116+0300][11376][5460 ][info][gc,ergo     ] GC(2) Pacer for Evacuation. Used CSet: 228M, Free: 3506M, Non-Taxable: 350M, Alloc Tax Rate: 1.1x
[2025-05-18T21:30:56.116+0300][11376][5460 ][info][gc          ] GC(2) Pause Final Mark (unload classes) 0.251ms
[2025-05-18T21:30:56.116+0300][11376][20632][info][gc,start    ] GC(2) Concurrent thread roots
[2025-05-18T21:30:56.116+0300][11376][20632][info][gc,task     ] GC(2) Using 2 of 4 workers for Concurrent thread roots
[2025-05-18T21:30:56.116+0300][11376][20632][info][gc          ] GC(2) Concurrent thread roots 0.162ms
[2025-05-18T21:30:56.116+0300][11376][20632][info][gc,start    ] GC(2) Concurrent weak references
[2025-05-18T21:30:56.116+0300][11376][20632][info][gc,task     ] GC(2) Using 2 of 4 workers for concurrent weak references
[2025-05-18T21:30:56.117+0300][11376][20632][info][gc,ref      ] GC(2) Encountered references: Soft: 301, Weak: 877, Final: 3, Phantom: 50
[2025-05-18T21:30:56.117+0300][11376][20632][info][gc,ref      ] GC(2) Discovered  references: Soft: 0, Weak: 366, Final: 1, Phantom: 35
[2025-05-18T21:30:56.117+0300][11376][20632][info][gc,ref      ] GC(2) Enqueued    references: Soft: 0, Weak: 198, Final: 0, Phantom: 1
[2025-05-18T21:30:56.117+0300][11376][20632][info][gc          ] GC(2) Concurrent weak references 0.180ms
[2025-05-18T21:30:56.117+0300][11376][20632][info][gc,start    ] GC(2) Concurrent weak roots
[2025-05-18T21:30:56.117+0300][11376][20632][info][gc,task     ] GC(2) Using 2 of 4 workers for concurrent weak root
[2025-05-18T21:30:56.118+0300][11376][20632][info][gc          ] GC(2) Concurrent weak roots 1.004ms
[2025-05-18T21:30:56.118+0300][11376][20632][info][gc,start    ] GC(2) Concurrent cleanup
[2025-05-18T21:30:56.118+0300][11376][20632][info][gc          ] GC(2) Concurrent cleanup 1181M->389M(4096M) 0.060ms
[2025-05-18T21:30:56.118+0300][11376][20632][info][gc,ergo     ] GC(2) Free: 3494M, Max: 2048K regular, 2680M humongous, Frag: 24% external, 0% internal; Reserve: 205M, Max: 2048K
[2025-05-18T21:30:56.118+0300][11376][20632][info][gc,start    ] GC(2) Concurrent class unloading
[2025-05-18T21:30:56.118+0300][11376][20632][info][gc,task     ] GC(2) Using 2 of 4 workers for concurrent class unloading
[2025-05-18T21:30:56.164+0300][11376][20632][info][gc          ] GC(2) Concurrent class unloading 46.349ms
[2025-05-18T21:30:56.164+0300][11376][20632][info][gc,start    ] GC(2) Concurrent strong roots
[2025-05-18T21:30:56.164+0300][11376][20632][info][gc,task     ] GC(2) Using 2 of 4 workers for concurrent strong root
[2025-05-18T21:30:56.164+0300][11376][20632][info][gc          ] GC(2) Concurrent strong roots 0.255ms
[2025-05-18T21:30:56.164+0300][11376][20632][info][gc,start    ] GC(2) Concurrent evacuation
[2025-05-18T21:30:56.165+0300][11376][20632][info][gc,task     ] GC(2) Using 2 of 4 workers for concurrent evacuation
[2025-05-18T21:30:56.167+0300][11376][20632][info][gc          ] GC(2) Concurrent evacuation 2.904ms
[2025-05-18T21:30:56.168+0300][11376][5460 ][info][gc,start    ] GC(2) Pause Init Update Refs
[2025-05-18T21:30:56.168+0300][11376][5460 ][info][gc,ergo     ] GC(2) Pacer for Update Refs. Used: 484M, Free: 3402M, Non-Taxable: 340M, Alloc Tax Rate: 1.1x
[2025-05-18T21:30:56.168+0300][11376][5460 ][info][gc          ] GC(2) Pause Init Update Refs 0.129ms
[2025-05-18T21:30:56.168+0300][11376][20632][info][gc,start    ] GC(2) Concurrent update references
[2025-05-18T21:30:56.168+0300][11376][20632][info][gc,task     ] GC(2) Using 2 of 4 workers for concurrent reference update
[2025-05-18T21:30:56.191+0300][11376][20632][info][gc          ] GC(2) Concurrent update references 23.450ms
[2025-05-18T21:30:56.192+0300][11376][20632][info][gc,start    ] GC(2) Concurrent update thread roots
[2025-05-18T21:30:56.212+0300][11376][20632][info][gc          ] GC(2) Concurrent update thread roots 19.572ms
[2025-05-18T21:30:56.212+0300][11376][5460 ][info][gc,start    ] GC(2) Pause Final Update Refs
[2025-05-18T21:30:56.212+0300][11376][5460 ][info][gc,task     ] GC(2) Using 4 of 4 workers for final reference update
[2025-05-18T21:30:56.212+0300][11376][5460 ][info][gc          ] GC(2) Pause Final Update Refs 0.110ms
[2025-05-18T21:30:56.212+0300][11376][20632][info][gc,start    ] GC(2) Concurrent cleanup
[2025-05-18T21:30:56.212+0300][11376][20632][info][gc          ] GC(2) Concurrent cleanup 602M->374M(4096M) 0.054ms
[2025-05-18T21:30:56.212+0300][11376][20632][info][gc,ergo     ] Free: 3509M, Max: 2048K regular, 2886M humongous, Frag: 18% external, 0% internal; Reserve: 206M, Max: 2048K
[2025-05-18T21:30:56.212+0300][11376][20632][info][gc,stats    ] 
[2025-05-18T21:30:56.212+0300][11376][20632][info][gc,stats    ] All times are wall-clock times, except per-root-class counters, that are sum over
[2025-05-18T21:30:56.212+0300][11376][20632][info][gc,stats    ] all workers. Dividing the <total> over the root stage time estimates parallelism.
[2025-05-18T21:30:56.212+0300][11376][20632][info][gc,stats    ] 
[2025-05-18T21:30:56.212+0300][11376][20632][info][gc,stats    ] Concurrent Reset                    973 us
[2025-05-18T21:30:56.212+0300][11376][20632][info][gc,stats    ] Pause Init Mark (G)                1112 us
[2025-05-18T21:30:56.212+0300][11376][20632][info][gc,stats    ] Pause Init Mark (N)                 340 us
[2025-05-18T21:30:56.212+0300][11376][20632][info][gc,stats    ]   Update Region States              107 us
[2025-05-18T21:30:56.212+0300][11376][20632][info][gc,stats    ] Concurrent Mark Roots               324 us, parallelism: 1.15x
[2025-05-18T21:30:56.212+0300][11376][20632][info][gc,stats    ]   CMR: <total>                      372 us
[2025-05-18T21:30:56.212+0300][11376][20632][info][gc,stats    ]   CMR: Thread Roots                 282 us, workers (us): 187,  95, ---, ---, 
[2025-05-18T21:30:56.212+0300][11376][20632][info][gc,stats    ]   CMR: VM Strong Roots               10 us, workers (us):   7,   2, ---, ---, 
[2025-05-18T21:30:56.212+0300][11376][20632][info][gc,stats    ]   CMR: CLDG Roots                    80 us, workers (us): ---,  80, ---, ---, 
[2025-05-18T21:30:56.212+0300][11376][20632][info][gc,stats    ] Concurrent Marking                61105 us
[2025-05-18T21:30:56.212+0300][11376][20632][info][gc,stats    ] Pause Final Mark (G)                548 us
[2025-05-18T21:30:56.212+0300][11376][20632][info][gc,stats    ] Pause Final Mark (N)                268 us
[2025-05-18T21:30:56.212+0300][11376][20632][info][gc,stats    ]   Finish Mark                        36 us
[2025-05-18T21:30:56.212+0300][11376][20632][info][gc,stats    ]   Update Region States               34 us
[2025-05-18T21:30:56.212+0300][11376][20632][info][gc,stats    ]   Choose Collection Set              79 us
[2025-05-18T21:30:56.212+0300][11376][20632][info][gc,stats    ]   Rebuild Free Set                   17 us
[2025-05-18T21:30:56.212+0300][11376][20632][info][gc,stats    ] Concurrent Thread Roots             186 us, parallelism: 0.93x
[2025-05-18T21:30:56.212+0300][11376][20632][info][gc,stats    ]   CTR: <total>                      174 us
[2025-05-18T21:30:56.212+0300][11376][20632][info][gc,stats    ]   CTR: Thread Roots                 174 us, workers (us):  92,  82, ---, ---, 
[2025-05-18T21:30:56.212+0300][11376][20632][info][gc,stats    ] Concurrent Weak References          196 us, parallelism: 0.48x
[2025-05-18T21:30:56.212+0300][11376][20632][info][gc,stats    ]   CWRF: <total>                      94 us
[2025-05-18T21:30:56.212+0300][11376][20632][info][gc,stats    ]   CWRF: Weak References              94 us, workers (us):  74,  20, ---, ---, 
[2025-05-18T21:30:56.212+0300][11376][20632][info][gc,stats    ] Concurrent Weak Roots              1060 us
[2025-05-18T21:30:56.212+0300][11376][20632][info][gc,stats    ]   Roots                             637 us, parallelism: 1.82x
[2025-05-18T21:30:56.212+0300][11376][20632][info][gc,stats    ]     CWR: <total>                   1157 us
[2025-05-18T21:30:56.212+0300][11376][20632][info][gc,stats    ]     CWR: Code Cache Roots           867 us, workers (us): 448, 419, ---, ---, 
[2025-05-18T21:30:56.212+0300][11376][20632][info][gc,stats    ]     CWR: VM Weak Roots              277 us, workers (us): 146, 131, ---, ---, 
[2025-05-18T21:30:56.212+0300][11376][20632][info][gc,stats    ]     CWR: CLDG Roots                  12 us, workers (us): ---,  12, ---, ---, 
[2025-05-18T21:30:56.212+0300][11376][20632][info][gc,stats    ]   Rendezvous                        334 us
[2025-05-18T21:30:56.212+0300][11376][20632][info][gc,stats    ] Concurrent Cleanup                   77 us
[2025-05-18T21:30:56.212+0300][11376][20632][info][gc,stats    ] Concurrent Class Unloading        46421 us
[2025-05-18T21:30:56.212+0300][11376][20632][info][gc,stats    ]   Unlink Stale                     1671 us
[2025-05-18T21:30:56.212+0300][11376][20632][info][gc,stats    ]     System Dictionary                13 us
[2025-05-18T21:30:56.212+0300][11376][20632][info][gc,stats    ]     Weak Class Links                  0 us
[2025-05-18T21:30:56.212+0300][11376][20632][info][gc,stats    ]     Code Roots                     1656 us
[2025-05-18T21:30:56.212+0300][11376][20632][info][gc,stats    ]   Rendezvous                      44096 us
[2025-05-18T21:30:56.212+0300][11376][20632][info][gc,stats    ]   Purge Unlinked                    539 us
[2025-05-18T21:30:56.212+0300][11376][20632][info][gc,stats    ]     Code Roots                      518 us
[2025-05-18T21:30:56.212+0300][11376][20632][info][gc,stats    ]     CLDG                             21 us
[2025-05-18T21:30:56.212+0300][11376][20632][info][gc,stats    ]     Exception Caches                  0 us
[2025-05-18T21:30:56.212+0300][11376][20632][info][gc,stats    ] Concurrent Strong Roots             296 us, parallelism: 0.61x
[2025-05-18T21:30:56.212+0300][11376][20632][info][gc,stats    ]   CSR: <total>                      181 us
[2025-05-18T21:30:56.212+0300][11376][20632][info][gc,stats    ]   CSR: VM Strong Roots               12 us, workers (us):   4,   8, ---, ---, 
[2025-05-18T21:30:56.212+0300][11376][20632][info][gc,stats    ]   CSR: CLDG Roots                   169 us, workers (us): 169, ---, ---, ---, 
[2025-05-18T21:30:56.213+0300][11376][20632][info][gc,stats    ] Concurrent Evacuation              2954 us
[2025-05-18T21:30:56.213+0300][11376][20632][info][gc,stats    ] Pause Init Update Refs (G)          559 us
[2025-05-18T21:30:56.213+0300][11376][20632][info][gc,stats    ] Pause Init Update Refs (N)          145 us
[2025-05-18T21:30:56.213+0300][11376][20632][info][gc,stats    ]   Manage GCLABs                       6 us
[2025-05-18T21:30:56.213+0300][11376][20632][info][gc,stats    ] Concurrent Update Refs            23507 us
[2025-05-18T21:30:56.213+0300][11376][20632][info][gc,stats    ] Concurrent Update Thread Roots    19631 us
[2025-05-18T21:30:56.213+0300][11376][20632][info][gc,stats    ] Pause Final Update Refs (G)         234 us
[2025-05-18T21:30:56.213+0300][11376][20632][info][gc,stats    ] Pause Final Update Refs (N)         128 us
[2025-05-18T21:30:56.213+0300][11376][20632][info][gc,stats    ]   Update Region States               34 us
[2025-05-18T21:30:56.213+0300][11376][20632][info][gc,stats    ]   Trash Collection Set                4 us
[2025-05-18T21:30:56.213+0300][11376][20632][info][gc,stats    ]   Rebuild Free Set                   15 us
[2025-05-18T21:30:56.213+0300][11376][20632][info][gc,stats    ] Concurrent Cleanup                   75 us
[2025-05-18T21:30:56.213+0300][11376][20632][info][gc,stats    ] 
[2025-05-18T21:30:56.213+0300][11376][20632][info][gc,stats    ] Allocation pacing accrued:
[2025-05-18T21:30:56.213+0300][11376][20632][info][gc,stats    ]       0 of   554 ms (  0.0%): <total>
[2025-05-18T21:30:56.213+0300][11376][20632][info][gc,stats    ]       0 of   554 ms (  0.0%): <average total>
[2025-05-18T21:30:56.213+0300][11376][20632][info][gc,stats    ] 
[2025-05-18T21:30:56.213+0300][11376][20632][info][gc,metaspace] Metaspace: 8440K(9408K)->8440K(9408K) NonClass: 7584K(8192K)->7584K(8192K) Class: 856K(1216K)->856K(1216K)
[2025-05-18T21:30:56.213+0300][11376][20632][info][gc,ergo     ] Pacer for Idle. Initial: 83886K, Alloc Tax Rate: 1.0x
[2025-05-18T21:30:56.447+0300][11376][20632][info][gc          ] Trigger: Learning 4 of 5. Free (2865M) is below initial threshold (2867M)
[2025-05-18T21:30:56.447+0300][11376][20632][info][gc,ergo     ] Free: 2865M, Max: 2048K regular, 2864M humongous, Frag: 0% external, 0% internal; Reserve: 206M, Max: 2048K
[2025-05-18T21:30:56.447+0300][11376][20632][info][gc,start    ] GC(3) Concurrent reset
[2025-05-18T21:30:56.447+0300][11376][20632][info][gc,task     ] GC(3) Using 2 of 4 workers for concurrent reset
[2025-05-18T21:30:56.447+0300][11376][20632][info][gc,ergo     ] GC(3) Pacer for Reset. Non-Taxable: 4096M
[2025-05-18T21:30:56.447+0300][11376][20632][info][gc          ] GC(3) Concurrent reset 0.693ms
[2025-05-18T21:30:56.448+0300][11376][5460 ][info][gc,start    ] GC(3) Pause Init Mark (unload classes)
[2025-05-18T21:30:56.448+0300][11376][5460 ][info][gc,task     ] GC(3) Using 4 of 4 workers for init marking
[2025-05-18T21:30:56.448+0300][11376][5460 ][info][gc,ergo     ] GC(3) Pacer for Mark. Expected Live: 8015K, Free: 2863M, Non-Taxable: 286M, Alloc Tax Rate: 0.0x
[2025-05-18T21:30:56.448+0300][11376][5460 ][info][gc          ] GC(3) Pause Init Mark (unload classes) 0.108ms
[2025-05-18T21:30:56.448+0300][11376][20632][info][gc,start    ] GC(3) Concurrent marking roots
[2025-05-18T21:30:56.448+0300][11376][20632][info][gc,task     ] GC(3) Using 2 of 4 workers for concurrent marking roots
[2025-05-18T21:30:56.448+0300][11376][20632][info][gc          ] GC(3) Concurrent marking roots 0.191ms
[2025-05-18T21:30:56.448+0300][11376][20632][info][gc,start    ] GC(3) Concurrent marking (unload classes)
[2025-05-18T21:30:56.448+0300][11376][20632][info][gc,task     ] GC(3) Using 2 of 4 workers for concurrent marking
[2025-05-18T21:30:56.451+0300][11376][20632][info][gc          ] GC(3) Concurrent marking (unload classes) 3.444ms
[2025-05-18T21:30:56.451+0300][11376][5460 ][info][gc,start    ] GC(3) Pause Final Mark (unload classes)
[2025-05-18T21:30:56.451+0300][11376][5460 ][info][gc,task     ] GC(3) Using 4 of 4 workers for final marking
[2025-05-18T21:30:56.452+0300][11376][5460 ][info][gc,ergo     ] GC(3) Adaptive CSet Selection. Target Free: 580M, Actual Free: 3854M, Max CSet: 170M, Min Garbage: 0B
[2025-05-18T21:30:56.452+0300][11376][5460 ][info][gc,ergo     ] GC(3) Collectable Garbage: 1009M (99%), Immediate: 802M (79%), CSet: 207M (20%)
[2025-05-18T21:30:56.452+0300][11376][5460 ][info][gc,ergo     ] GC(3) Pacer for Evacuation. Used CSet: 209M, Free: 3648M, Non-Taxable: 364M, Alloc Tax Rate: 1.1x
[2025-05-18T21:30:56.452+0300][11376][5460 ][info][gc          ] GC(3) Pause Final Mark (unload classes) 0.250ms
[2025-05-18T21:30:56.452+0300][11376][20632][info][gc,start    ] GC(3) Concurrent thread roots
[2025-05-18T21:30:56.452+0300][11376][20632][info][gc,task     ] GC(3) Using 2 of 4 workers for Concurrent thread roots
[2025-05-18T21:30:56.452+0300][11376][20632][info][gc          ] GC(3) Concurrent thread roots 0.149ms
[2025-05-18T21:30:56.452+0300][11376][20632][info][gc,start    ] GC(3) Concurrent weak references
[2025-05-18T21:30:56.452+0300][11376][20632][info][gc,task     ] GC(3) Using 2 of 4 workers for concurrent weak references
[2025-05-18T21:30:56.452+0300][11376][20632][info][gc,ref      ] GC(3) Encountered references: Soft: 301, Weak: 849, Final: 3, Phantom: 45
[2025-05-18T21:30:56.452+0300][11376][20632][info][gc,ref      ] GC(3) Discovered  references: Soft: 0, Weak: 359, Final: 1, Phantom: 34
[2025-05-18T21:30:56.452+0300][11376][20632][info][gc,ref      ] GC(3) Enqueued    references: Soft: 0, Weak: 177, Final: 0, Phantom: 0
[2025-05-18T21:30:56.452+0300][11376][20632][info][gc          ] GC(3) Concurrent weak references 0.173ms
[2025-05-18T21:30:56.452+0300][11376][20632][info][gc,start    ] GC(3) Concurrent weak roots
[2025-05-18T21:30:56.452+0300][11376][20632][info][gc,task     ] GC(3) Using 2 of 4 workers for concurrent weak root
[2025-05-18T21:30:56.453+0300][11376][20632][info][gc          ] GC(3) Concurrent weak roots 0.818ms
[2025-05-18T21:30:56.453+0300][11376][20632][info][gc,start    ] GC(3) Concurrent cleanup
[2025-05-18T21:30:56.453+0300][11376][20632][info][gc          ] GC(3) Concurrent cleanup 1045M->243M(4096M) 0.061ms
[2025-05-18T21:30:56.453+0300][11376][20632][info][gc,ergo     ] GC(3) Free: 3640M, Max: 2048K regular, 2838M humongous, Frag: 23% external, 0% internal; Reserve: 205M, Max: 2048K
[2025-05-18T21:30:56.453+0300][11376][20632][info][gc,start    ] GC(3) Concurrent class unloading
[2025-05-18T21:30:56.453+0300][11376][20632][info][gc,task     ] GC(3) Using 2 of 4 workers for concurrent class unloading
[2025-05-18T21:30:56.456+0300][11376][20632][info][gc          ] GC(3) Concurrent class unloading 2.875ms
[2025-05-18T21:30:56.456+0300][11376][20632][info][gc,start    ] GC(3) Concurrent strong roots
[2025-05-18T21:30:56.456+0300][11376][20632][info][gc,task     ] GC(3) Using 2 of 4 workers for concurrent strong root
[2025-05-18T21:30:56.456+0300][11376][20632][info][gc          ] GC(3) Concurrent strong roots 0.220ms
[2025-05-18T21:30:56.456+0300][11376][20632][info][gc,start    ] GC(3) Concurrent evacuation
[2025-05-18T21:30:56.456+0300][11376][20632][info][gc,task     ] GC(3) Using 2 of 4 workers for concurrent evacuation
[2025-05-18T21:30:56.458+0300][11376][20632][info][gc          ] GC(3) Concurrent evacuation 2.162ms
[2025-05-18T21:30:56.459+0300][11376][5460 ][info][gc,start    ] GC(3) Pause Init Update Refs
[2025-05-18T21:30:56.459+0300][11376][5460 ][info][gc,ergo     ] GC(3) Pacer for Update Refs. Used: 254M, Free: 3630M, Non-Taxable: 363M, Alloc Tax Rate: 1.1x
[2025-05-18T21:30:56.459+0300][11376][5460 ][info][gc          ] GC(3) Pause Init Update Refs 0.071ms
[2025-05-18T21:30:56.459+0300][11376][20632][info][gc,start    ] GC(3) Concurrent update references
[2025-05-18T21:30:56.459+0300][11376][20632][info][gc,task     ] GC(3) Using 2 of 4 workers for concurrent reference update
[2025-05-18T21:30:56.462+0300][11376][20632][info][gc          ] GC(3) Concurrent update references 3.146ms
[2025-05-18T21:30:56.462+0300][11376][20632][info][gc,start    ] GC(3) Concurrent update thread roots
[2025-05-18T21:30:56.464+0300][11376][20632][info][gc          ] GC(3) Concurrent update thread roots 1.844ms
[2025-05-18T21:30:56.464+0300][11376][5460 ][info][gc,start    ] GC(3) Pause Final Update Refs
[2025-05-18T21:30:56.464+0300][11376][5460 ][info][gc,task     ] GC(3) Using 4 of 4 workers for final reference update
[2025-05-18T21:30:56.464+0300][11376][5460 ][info][gc          ] GC(3) Pause Final Update Refs 0.138ms
[2025-05-18T21:30:56.464+0300][11376][20632][info][gc,start    ] GC(3) Concurrent cleanup
[2025-05-18T21:30:56.464+0300][11376][20632][info][gc          ] GC(3) Concurrent cleanup 268M->59M(4096M) 0.049ms
[2025-05-18T21:30:56.464+0300][11376][20632][info][gc,ergo     ] Free: 3824M, Max: 2048K regular, 2840M humongous, Frag: 26% external, 0% internal; Reserve: 206M, Max: 2048K
[2025-05-18T21:30:56.464+0300][11376][20632][info][gc,stats    ] 
[2025-05-18T21:30:56.464+0300][11376][20632][info][gc,stats    ] All times are wall-clock times, except per-root-class counters, that are sum over
[2025-05-18T21:30:56.464+0300][11376][20632][info][gc,stats    ] all workers. Dividing the <total> over the root stage time estimates parallelism.
[2025-05-18T21:30:56.464+0300][11376][20632][info][gc,stats    ] 
[2025-05-18T21:30:56.464+0300][11376][20632][info][gc,stats    ] Concurrent Reset                    761 us
[2025-05-18T21:30:56.464+0300][11376][20632][info][gc,stats    ] Pause Init Mark (G)                 270 us
[2025-05-18T21:30:56.464+0300][11376][20632][info][gc,stats    ] Pause Init Mark (N)                 125 us
[2025-05-18T21:30:56.464+0300][11376][20632][info][gc,stats    ]   Update Region States               14 us
[2025-05-18T21:30:56.464+0300][11376][20632][info][gc,stats    ] Concurrent Mark Roots               214 us, parallelism: 0.86x
[2025-05-18T21:30:56.464+0300][11376][20632][info][gc,stats    ]   CMR: <total>                      183 us
[2025-05-18T21:30:56.464+0300][11376][20632][info][gc,stats    ]   CMR: Thread Roots                 108 us, workers (us):  17,  91, ---, ---, 
[2025-05-18T21:30:56.464+0300][11376][20632][info][gc,stats    ]   CMR: VM Strong Roots                9 us, workers (us):   5,   4, ---, ---, 
[2025-05-18T21:30:56.464+0300][11376][20632][info][gc,stats    ]   CMR: CLDG Roots                    66 us, workers (us):  66, ---, ---, ---, 
[2025-05-18T21:30:56.464+0300][11376][20632][info][gc,stats    ] Concurrent Marking                 3497 us
[2025-05-18T21:30:56.464+0300][11376][20632][info][gc,stats    ] Pause Final Mark (G)                332 us
[2025-05-18T21:30:56.464+0300][11376][20632][info][gc,stats    ] Pause Final Mark (N)                266 us
[2025-05-18T21:30:56.464+0300][11376][20632][info][gc,stats    ]   Finish Mark                        34 us
[2025-05-18T21:30:56.464+0300][11376][20632][info][gc,stats    ]   Update Region States               33 us
[2025-05-18T21:30:56.464+0300][11376][20632][info][gc,stats    ]   Choose Collection Set              81 us
[2025-05-18T21:30:56.464+0300][11376][20632][info][gc,stats    ]   Rebuild Free Set                   18 us
[2025-05-18T21:30:56.464+0300][11376][20632][info][gc,stats    ] Concurrent Thread Roots             170 us, parallelism: 0.98x
[2025-05-18T21:30:56.464+0300][11376][20632][info][gc,stats    ]   CTR: <total>                      167 us
[2025-05-18T21:30:56.464+0300][11376][20632][info][gc,stats    ]   CTR: Thread Roots                 167 us, workers (us):  83,  84, ---, ---, 
[2025-05-18T21:30:56.464+0300][11376][20632][info][gc,stats    ] Concurrent Weak References          189 us, parallelism: 0.39x
[2025-05-18T21:30:56.464+0300][11376][20632][info][gc,stats    ]   CWRF: <total>                      74 us
[2025-05-18T21:30:56.464+0300][11376][20632][info][gc,stats    ]   CWRF: Weak References              74 us, workers (us):  16,  57, ---, ---, 
[2025-05-18T21:30:56.464+0300][11376][20632][info][gc,stats    ] Concurrent Weak Roots               861 us
[2025-05-18T21:30:56.464+0300][11376][20632][info][gc,stats    ]   Roots                             682 us, parallelism: 1.84x
[2025-05-18T21:30:56.464+0300][11376][20632][info][gc,stats    ]     CWR: <total>                   1257 us
[2025-05-18T21:30:56.465+0300][11376][20632][info][gc,stats    ]     CWR: Code Cache Roots           964 us, workers (us): 489, 474, ---, ---, 
[2025-05-18T21:30:56.465+0300][11376][20632][info][gc,stats    ]     CWR: VM Weak Roots              284 us, workers (us): 136, 148, ---, ---, 
[2025-05-18T21:30:56.465+0300][11376][20632][info][gc,stats    ]     CWR: CLDG Roots                   9 us, workers (us):   9, ---, ---, ---, 
[2025-05-18T21:30:56.465+0300][11376][20632][info][gc,stats    ]   Rendezvous                        104 us
[2025-05-18T21:30:56.465+0300][11376][20632][info][gc,stats    ] Concurrent Cleanup                   77 us
[2025-05-18T21:30:56.465+0300][11376][20632][info][gc,stats    ] Concurrent Class Unloading         2928 us
[2025-05-18T21:30:56.465+0300][11376][20632][info][gc,stats    ]   Unlink Stale                     1577 us
[2025-05-18T21:30:56.465+0300][11376][20632][info][gc,stats    ]     System Dictionary                11 us
[2025-05-18T21:30:56.465+0300][11376][20632][info][gc,stats    ]     Weak Class Links                  0 us
[2025-05-18T21:30:56.465+0300][11376][20632][info][gc,stats    ]     Code Roots                     1564 us
[2025-05-18T21:30:56.465+0300][11376][20632][info][gc,stats    ]   Rendezvous                       1036 us
[2025-05-18T21:30:56.465+0300][11376][20632][info][gc,stats    ]   Purge Unlinked                    227 us
[2025-05-18T21:30:56.465+0300][11376][20632][info][gc,stats    ]     Code Roots                      212 us
[2025-05-18T21:30:56.465+0300][11376][20632][info][gc,stats    ]     CLDG                             14 us
[2025-05-18T21:30:56.465+0300][11376][20632][info][gc,stats    ]     Exception Caches                  0 us
[2025-05-18T21:30:56.465+0300][11376][20632][info][gc,stats    ] Concurrent Strong Roots             248 us, parallelism: 0.58x
[2025-05-18T21:30:56.465+0300][11376][20632][info][gc,stats    ]   CSR: <total>                      144 us
[2025-05-18T21:30:56.465+0300][11376][20632][info][gc,stats    ]   CSR: VM Strong Roots                8 us, workers (us):   4,   4, ---, ---, 
[2025-05-18T21:30:56.465+0300][11376][20632][info][gc,stats    ]   CSR: CLDG Roots                   136 us, workers (us): 136, ---, ---, ---, 
[2025-05-18T21:30:56.465+0300][11376][20632][info][gc,stats    ] Concurrent Evacuation              2214 us
[2025-05-18T21:30:56.465+0300][11376][20632][info][gc,stats    ] Pause Init Update Refs (G)          198 us
[2025-05-18T21:30:56.465+0300][11376][20632][info][gc,stats    ] Pause Init Update Refs (N)           87 us
[2025-05-18T21:30:56.465+0300][11376][20632][info][gc,stats    ]   Manage GCLABs                       6 us
[2025-05-18T21:30:56.465+0300][11376][20632][info][gc,stats    ] Concurrent Update Refs             3184 us
[2025-05-18T21:30:56.465+0300][11376][20632][info][gc,stats    ] Concurrent Update Thread Roots     1885 us
[2025-05-18T21:30:56.465+0300][11376][20632][info][gc,stats    ] Pause Final Update Refs (G)         240 us
[2025-05-18T21:30:56.465+0300][11376][20632][info][gc,stats    ] Pause Final Update Refs (N)         157 us
[2025-05-18T21:30:56.465+0300][11376][20632][info][gc,stats    ]   Update Region States               53 us
[2025-05-18T21:30:56.465+0300][11376][20632][info][gc,stats    ]   Trash Collection Set                4 us
[2025-05-18T21:30:56.465+0300][11376][20632][info][gc,stats    ]   Rebuild Free Set                   14 us
[2025-05-18T21:30:56.465+0300][11376][20632][info][gc,stats    ] Concurrent Cleanup                   66 us
[2025-05-18T21:30:56.465+0300][11376][20632][info][gc,stats    ] 
[2025-05-18T21:30:56.465+0300][11376][20632][info][gc,stats    ] Allocation pacing accrued:
[2025-05-18T21:30:56.465+0300][11376][20632][info][gc,stats    ]       0 of   252 ms (  0.0%): <total>
[2025-05-18T21:30:56.465+0300][11376][20632][info][gc,stats    ]       0 of   252 ms (  0.0%): <average total>
[2025-05-18T21:30:56.465+0300][11376][20632][info][gc,stats    ] 
[2025-05-18T21:30:56.465+0300][11376][20632][info][gc,metaspace] Metaspace: 8487K(9472K)->8487K(9472K) NonClass: 7631K(8256K)->7631K(8256K) Class: 856K(1216K)->856K(1216K)
[2025-05-18T21:30:56.465+0300][11376][20632][info][gc,ergo     ] Pacer for Idle. Initial: 83886K, Alloc Tax Rate: 1.0x
[2025-05-18T21:30:56.824+0300][11376][20632][info][gc          ] Trigger: Learning 5 of 5. Free (2832M) is below initial threshold (2867M)
[2025-05-18T21:30:56.824+0300][11376][20632][info][gc,ergo     ] Free: 2832M, Max: 2048K regular, 2832M humongous, Frag: 0% external, 0% internal; Reserve: 206M, Max: 2048K
[2025-05-18T21:30:56.824+0300][11376][20632][info][gc,start    ] GC(4) Concurrent reset
[2025-05-18T21:30:56.824+0300][11376][20632][info][gc,task     ] GC(4) Using 2 of 4 workers for concurrent reset
[2025-05-18T21:30:56.824+0300][11376][20632][info][gc,ergo     ] GC(4) Pacer for Reset. Non-Taxable: 4096M
[2025-05-18T21:30:56.824+0300][11376][20632][info][gc          ] GC(4) Concurrent reset 0.625ms
[2025-05-18T21:30:56.824+0300][11376][5460 ][info][gc,start    ] GC(4) Pause Init Mark (unload classes)
[2025-05-18T21:30:56.824+0300][11376][5460 ][info][gc,task     ] GC(4) Using 4 of 4 workers for init marking
[2025-05-18T21:30:56.825+0300][11376][5460 ][info][gc,ergo     ] GC(4) Pacer for Mark. Expected Live: 8630K, Free: 2828M, Non-Taxable: 282M, Alloc Tax Rate: 0.0x
[2025-05-18T21:30:56.825+0300][11376][5460 ][info][gc          ] GC(4) Pause Init Mark (unload classes) 0.121ms
[2025-05-18T21:30:56.825+0300][11376][20632][info][gc,start    ] GC(4) Concurrent marking roots
[2025-05-18T21:30:56.825+0300][11376][20632][info][gc,task     ] GC(4) Using 2 of 4 workers for concurrent marking roots
[2025-05-18T21:30:56.825+0300][11376][20632][info][gc          ] GC(4) Concurrent marking roots 0.156ms
[2025-05-18T21:30:56.825+0300][11376][20632][info][gc,start    ] GC(4) Concurrent marking (unload classes)
[2025-05-18T21:30:56.825+0300][11376][20632][info][gc,task     ] GC(4) Using 2 of 4 workers for concurrent marking
[2025-05-18T21:30:56.888+0300][11376][20632][info][gc          ] GC(4) Concurrent marking (unload classes) 62.810ms
[2025-05-18T21:30:56.888+0300][11376][5460 ][info][gc,start    ] GC(4) Pause Final Mark (unload classes)
[2025-05-18T21:30:56.888+0300][11376][5460 ][info][gc,task     ] GC(4) Using 4 of 4 workers for final marking
[2025-05-18T21:30:56.888+0300][11376][5460 ][info][gc,ergo     ] GC(4) Adaptive CSet Selection. Target Free: 580M, Actual Free: 3706M, Max CSet: 170M, Min Garbage: 0B
[2025-05-18T21:30:56.888+0300][11376][5460 ][info][gc,ergo     ] GC(4) Collectable Garbage: 1044M (99%), Immediate: 828M (79%), CSet: 216M (20%)
[2025-05-18T21:30:56.888+0300][11376][5460 ][info][gc,ergo     ] GC(4) Pacer for Evacuation. Used CSet: 218M, Free: 3500M, Non-Taxable: 350M, Alloc Tax Rate: 1.1x
[2025-05-18T21:30:56.888+0300][11376][5460 ][info][gc          ] GC(4) Pause Final Mark (unload classes) 0.254ms
[2025-05-18T21:30:56.888+0300][11376][20632][info][gc,start    ] GC(4) Concurrent thread roots
[2025-05-18T21:30:56.888+0300][11376][20632][info][gc,task     ] GC(4) Using 2 of 4 workers for Concurrent thread roots
[2025-05-18T21:30:56.888+0300][11376][20632][info][gc          ] GC(4) Concurrent thread roots 0.192ms
[2025-05-18T21:30:56.888+0300][11376][20632][info][gc,start    ] GC(4) Concurrent weak references
[2025-05-18T21:30:56.888+0300][11376][20632][info][gc,task     ] GC(4) Using 2 of 4 workers for concurrent weak references
[2025-05-18T21:30:56.888+0300][11376][20632][info][gc,ref      ] GC(4) Encountered references: Soft: 301, Weak: 865, Final: 3, Phantom: 50
[2025-05-18T21:30:56.888+0300][11376][20632][info][gc,ref      ] GC(4) Discovered  references: Soft: 0, Weak: 366, Final: 1, Phantom: 36
[2025-05-18T21:30:56.888+0300][11376][20632][info][gc,ref      ] GC(4) Enqueued    references: Soft: 0, Weak: 184, Final: 0, Phantom: 0
[2025-05-18T21:30:56.888+0300][11376][20632][info][gc          ] GC(4) Concurrent weak references 0.166ms
[2025-05-18T21:30:56.888+0300][11376][20632][info][gc,start    ] GC(4) Concurrent weak roots
[2025-05-18T21:30:56.889+0300][11376][20632][info][gc,task     ] GC(4) Using 2 of 4 workers for concurrent weak root
[2025-05-18T21:30:56.894+0300][11376][20632][info][gc          ] GC(4) Concurrent weak roots 5.371ms
[2025-05-18T21:30:56.894+0300][11376][20632][info][gc,start    ] GC(4) Concurrent cleanup
[2025-05-18T21:30:56.894+0300][11376][20632][info][gc          ] GC(4) Concurrent cleanup 1231M->405M(4096M) 0.062ms
[2025-05-18T21:30:56.894+0300][11376][20632][info][gc,ergo     ] GC(4) Free: 3478M, Max: 2048K regular, 2652M humongous, Frag: 24% external, 0% internal; Reserve: 205M, Max: 2048K
[2025-05-18T21:30:56.894+0300][11376][20632][info][gc,start    ] GC(4) Concurrent class unloading
[2025-05-18T21:30:56.894+0300][11376][20632][info][gc,task     ] GC(4) Using 2 of 4 workers for concurrent class unloading
[2025-05-18T21:30:56.903+0300][11376][20632][info][gc          ] GC(4) Concurrent class unloading 9.284ms
[2025-05-18T21:30:56.903+0300][11376][20632][info][gc,start    ] GC(4) Concurrent strong roots
[2025-05-18T21:30:56.903+0300][11376][20632][info][gc,task     ] GC(4) Using 2 of 4 workers for concurrent strong root
[2025-05-18T21:30:56.903+0300][11376][20632][info][gc          ] GC(4) Concurrent strong roots 0.222ms
[2025-05-18T21:30:56.903+0300][11376][20632][info][gc,start    ] GC(4) Concurrent evacuation
[2025-05-18T21:30:56.903+0300][11376][20632][info][gc,task     ] GC(4) Using 2 of 4 workers for concurrent evacuation
[2025-05-18T21:30:56.905+0300][11376][20632][info][gc          ] GC(4) Concurrent evacuation 1.843ms
[2025-05-18T21:30:56.905+0300][11376][5460 ][info][gc,start    ] GC(4) Pause Init Update Refs
[2025-05-18T21:30:56.905+0300][11376][5460 ][info][gc,ergo     ] GC(4) Pacer for Update Refs. Used: 432M, Free: 3454M, Non-Taxable: 345M, Alloc Tax Rate: 1.1x
[2025-05-18T21:30:56.905+0300][11376][5460 ][info][gc          ] GC(4) Pause Init Update Refs 0.062ms
[2025-05-18T21:30:56.905+0300][11376][20632][info][gc,start    ] GC(4) Concurrent update references
[2025-05-18T21:30:56.905+0300][11376][20632][info][gc,task     ] GC(4) Using 2 of 4 workers for concurrent reference update
[2025-05-18T21:30:56.932+0300][11376][20632][info][gc          ] GC(4) Concurrent update references 26.498ms
[2025-05-18T21:30:56.932+0300][11376][20632][info][gc,start    ] GC(4) Concurrent update thread roots
[2025-05-18T21:30:56.935+0300][11376][20632][info][gc          ] GC(4) Concurrent update thread roots 2.942ms
[2025-05-18T21:30:56.935+0300][11376][5460 ][info][gc,start    ] GC(4) Pause Final Update Refs
[2025-05-18T21:30:56.935+0300][11376][5460 ][info][gc,task     ] GC(4) Using 4 of 4 workers for final reference update
[2025-05-18T21:30:56.935+0300][11376][5460 ][info][gc          ] GC(4) Pause Final Update Refs 0.120ms
[2025-05-18T21:30:56.935+0300][11376][20632][info][gc,start    ] GC(4) Concurrent cleanup
[2025-05-18T21:30:56.935+0300][11376][20632][info][gc          ] GC(4) Concurrent cleanup 492M->274M(4096M) 0.061ms
[2025-05-18T21:30:56.935+0300][11376][20632][info][gc,ergo     ] Free: 3609M, Max: 2048K regular, 2650M humongous, Frag: 27% external, 0% internal; Reserve: 206M, Max: 2048K
[2025-05-18T21:30:56.935+0300][11376][20632][info][gc,stats    ] 
[2025-05-18T21:30:56.935+0300][11376][20632][info][gc,stats    ] All times are wall-clock times, except per-root-class counters, that are sum over
[2025-05-18T21:30:56.935+0300][11376][20632][info][gc,stats    ] all workers. Dividing the <total> over the root stage time estimates parallelism.
[2025-05-18T21:30:56.935+0300][11376][20632][info][gc,stats    ] 
[2025-05-18T21:30:56.935+0300][11376][20632][info][gc,stats    ] Concurrent Reset                    667 us
[2025-05-18T21:30:56.935+0300][11376][20632][info][gc,stats    ] Pause Init Mark (G)                 303 us
[2025-05-18T21:30:56.935+0300][11376][20632][info][gc,stats    ] Pause Init Mark (N)                 136 us
[2025-05-18T21:30:56.935+0300][11376][20632][info][gc,stats    ]   Update Region States               39 us
[2025-05-18T21:30:56.935+0300][11376][20632][info][gc,stats    ] Concurrent Mark Roots               178 us, parallelism: 0.83x
[2025-05-18T21:30:56.935+0300][11376][20632][info][gc,stats    ]   CMR: <total>                      147 us
[2025-05-18T21:30:56.935+0300][11376][20632][info][gc,stats    ]   CMR: Thread Roots                  85 us, workers (us):  15,  70, ---, ---, 
[2025-05-18T21:30:56.935+0300][11376][20632][info][gc,stats    ]   CMR: VM Strong Roots                7 us, workers (us):   4,   3, ---, ---, 
[2025-05-18T21:30:56.935+0300][11376][20632][info][gc,stats    ]   CMR: CLDG Roots                    54 us, workers (us):  54, ---, ---, ---, 
[2025-05-18T21:30:56.935+0300][11376][20632][info][gc,stats    ] Concurrent Marking                62874 us
[2025-05-18T21:30:56.935+0300][11376][20632][info][gc,stats    ] Pause Final Mark (G)                375 us
[2025-05-18T21:30:56.936+0300][11376][20632][info][gc,stats    ] Pause Final Mark (N)                268 us
[2025-05-18T21:30:56.936+0300][11376][20632][info][gc,stats    ]   Finish Mark                        41 us
[2025-05-18T21:30:56.936+0300][11376][20632][info][gc,stats    ]   Update Region States               42 us
[2025-05-18T21:30:56.936+0300][11376][20632][info][gc,stats    ]   Choose Collection Set              73 us
[2025-05-18T21:30:56.936+0300][11376][20632][info][gc,stats    ]   Rebuild Free Set                   15 us
[2025-05-18T21:30:56.936+0300][11376][20632][info][gc,stats    ] Concurrent Thread Roots             219 us, parallelism: 1.01x
[2025-05-18T21:30:56.936+0300][11376][20632][info][gc,stats    ]   CTR: <total>                      221 us
[2025-05-18T21:30:56.936+0300][11376][20632][info][gc,stats    ]   CTR: Thread Roots                 221 us, workers (us): 129,  92, ---, ---, 
[2025-05-18T21:30:56.936+0300][11376][20632][info][gc,stats    ] Concurrent Weak References          181 us, parallelism: 0.46x
[2025-05-18T21:30:56.936+0300][11376][20632][info][gc,stats    ]   CWRF: <total>                      83 us
[2025-05-18T21:30:56.936+0300][11376][20632][info][gc,stats    ]   CWRF: Weak References              83 us, workers (us):  26,  57, ---, ---, 
[2025-05-18T21:30:56.936+0300][11376][20632][info][gc,stats    ] Concurrent Weak Roots              5420 us
[2025-05-18T21:30:56.936+0300][11376][20632][info][gc,stats    ]   Roots                             652 us, parallelism: 1.80x
[2025-05-18T21:30:56.936+0300][11376][20632][info][gc,stats    ]     CWR: <total>                   1173 us
[2025-05-18T21:30:56.936+0300][11376][20632][info][gc,stats    ]     CWR: Code Cache Roots           889 us, workers (us): 466, 423, ---, ---, 
[2025-05-18T21:30:56.936+0300][11376][20632][info][gc,stats    ]     CWR: VM Weak Roots              272 us, workers (us): 143, 129, ---, ---, 
[2025-05-18T21:30:56.936+0300][11376][20632][info][gc,stats    ]     CWR: CLDG Roots                  13 us, workers (us): ---,  13, ---, ---, 
[2025-05-18T21:30:56.936+0300][11376][20632][info][gc,stats    ]   Rendezvous                       4591 us
[2025-05-18T21:30:56.936+0300][11376][20632][info][gc,stats    ] Concurrent Cleanup                   78 us
[2025-05-18T21:30:56.936+0300][11376][20632][info][gc,stats    ] Concurrent Class Unloading         9342 us
[2025-05-18T21:30:56.936+0300][11376][20632][info][gc,stats    ]   Unlink Stale                     1497 us
[2025-05-18T21:30:56.936+0300][11376][20632][info][gc,stats    ]     System Dictionary                12 us
[2025-05-18T21:30:56.936+0300][11376][20632][info][gc,stats    ]     Weak Class Links                  0 us
[2025-05-18T21:30:56.936+0300][11376][20632][info][gc,stats    ]     Code Roots                     1484 us
[2025-05-18T21:30:56.936+0300][11376][20632][info][gc,stats    ]   Rendezvous                       7608 us
[2025-05-18T21:30:56.936+0300][11376][20632][info][gc,stats    ]   Purge Unlinked                    146 us
[2025-05-18T21:30:56.936+0300][11376][20632][info][gc,stats    ]     Code Roots                      135 us
[2025-05-18T21:30:56.936+0300][11376][20632][info][gc,stats    ]     CLDG                             10 us
[2025-05-18T21:30:56.936+0300][11376][20632][info][gc,stats    ]     Exception Caches                  0 us
[2025-05-18T21:30:56.936+0300][11376][20632][info][gc,stats    ] Concurrent Strong Roots             261 us, parallelism: 0.55x
[2025-05-18T21:30:56.936+0300][11376][20632][info][gc,stats    ]   CSR: <total>                      144 us
[2025-05-18T21:30:56.936+0300][11376][20632][info][gc,stats    ]   CSR: VM Strong Roots                8 us, workers (us):   6,   3, ---, ---, 
[2025-05-18T21:30:56.936+0300][11376][20632][info][gc,stats    ]   CSR: CLDG Roots                   135 us, workers (us): ---, 135, ---, ---, 
[2025-05-18T21:30:56.936+0300][11376][20632][info][gc,stats    ] Concurrent Evacuation              1888 us
[2025-05-18T21:30:56.936+0300][11376][20632][info][gc,stats    ] Pause Init Update Refs (G)          177 us
[2025-05-18T21:30:56.936+0300][11376][20632][info][gc,stats    ] Pause Init Update Refs (N)           80 us
[2025-05-18T21:30:56.936+0300][11376][20632][info][gc,stats    ]   Manage GCLABs                       6 us
[2025-05-18T21:30:56.936+0300][11376][20632][info][gc,stats    ] Concurrent Update Refs            26562 us
[2025-05-18T21:30:56.936+0300][11376][20632][info][gc,stats    ] Concurrent Update Thread Roots     3004 us
[2025-05-18T21:30:56.936+0300][11376][20632][info][gc,stats    ] Pause Final Update Refs (G)         495 us
[2025-05-18T21:30:56.936+0300][11376][20632][info][gc,stats    ] Pause Final Update Refs (N)         142 us
[2025-05-18T21:30:56.936+0300][11376][20632][info][gc,stats    ]   Update Region States               32 us
[2025-05-18T21:30:56.936+0300][11376][20632][info][gc,stats    ]   Trash Collection Set                4 us
[2025-05-18T21:30:56.936+0300][11376][20632][info][gc,stats    ]   Rebuild Free Set                   15 us
[2025-05-18T21:30:56.936+0300][11376][20632][info][gc,stats    ] Concurrent Cleanup                   81 us
[2025-05-18T21:30:56.936+0300][11376][20632][info][gc,stats    ] 
[2025-05-18T21:30:56.936+0300][11376][20632][info][gc,stats    ] Allocation pacing accrued:
[2025-05-18T21:30:56.936+0300][11376][20632][info][gc,stats    ]       0 of   472 ms (  0.0%): <total>
[2025-05-18T21:30:56.936+0300][11376][20632][info][gc,stats    ]       0 of   472 ms (  0.0%): <average total>
[2025-05-18T21:30:56.936+0300][11376][20632][info][gc,stats    ] 
[2025-05-18T21:30:56.936+0300][11376][20632][info][gc,metaspace] Metaspace: 8488K(9472K)->8490K(9472K) NonClass: 7632K(8256K)->7634K(8256K) Class: 856K(1216K)->856K(1216K)
[2025-05-18T21:30:56.936+0300][11376][20632][info][gc,ergo     ] Pacer for Idle. Initial: 83886K, Alloc Tax Rate: 1.0x
[2025-05-18T21:30:58.672+0300][11376][20632][info][gc          ] Trigger: Average GC time (212.04 ms) is above the time for average allocation rate (1304 MB/s) to deplete free headroom (258M) (margin of error = 1.80)
[2025-05-18T21:30:58.672+0300][11376][20632][info][gc,ergo     ] Free headroom: 463M (free) - 204M (spike) - 0B (penalties) = 258M
[2025-05-18T21:30:58.672+0300][11376][20632][info][gc,ergo     ] Free: 463M, Max: 2048K regular, 462M humongous, Frag: 0% external, 0% internal; Reserve: 206M, Max: 2048K
[2025-05-18T21:30:58.672+0300][11376][20632][info][gc,start    ] GC(5) Concurrent reset
[2025-05-18T21:30:58.672+0300][11376][20632][info][gc,task     ] GC(5) Using 2 of 4 workers for concurrent reset
[2025-05-18T21:30:58.672+0300][11376][20632][info][gc,ergo     ] GC(5) Pacer for Reset. Non-Taxable: 4096M
[2025-05-18T21:30:58.673+0300][11376][20632][info][gc          ] GC(5) Concurrent reset 0.767ms
[2025-05-18T21:30:58.673+0300][11376][5460 ][info][gc,start    ] GC(5) Pause Init Mark (unload classes)
[2025-05-18T21:30:58.673+0300][11376][5460 ][info][gc,task     ] GC(5) Using 4 of 4 workers for init marking
[2025-05-18T21:30:58.673+0300][11376][5460 ][info][gc,ergo     ] GC(5) Pacer for Mark. Expected Live: 9013K, Free: 463M, Non-Taxable: 47480K, Alloc Tax Rate: 0.0x
[2025-05-18T21:30:58.673+0300][11376][5460 ][info][gc          ] GC(5) Pause Init Mark (unload classes) 0.144ms
[2025-05-18T21:30:58.673+0300][11376][20632][info][gc,start    ] GC(5) Concurrent marking roots
[2025-05-18T21:30:58.673+0300][11376][20632][info][gc,task     ] GC(5) Using 2 of 4 workers for concurrent marking roots
[2025-05-18T21:30:58.674+0300][11376][20632][info][gc          ] GC(5) Concurrent marking roots 0.300ms
[2025-05-18T21:30:58.674+0300][11376][20632][info][gc,start    ] GC(5) Concurrent marking (unload classes)
[2025-05-18T21:30:58.674+0300][11376][20632][info][gc,task     ] GC(5) Using 2 of 4 workers for concurrent marking
[2025-05-18T21:30:58.749+0300][11376][20632][info][gc          ] GC(5) Concurrent marking (unload classes) 75.606ms
[2025-05-18T21:30:58.766+0300][11376][5460 ][info][gc,start    ] GC(5) Pause Final Mark (unload classes)
[2025-05-18T21:30:58.766+0300][11376][5460 ][info][gc,task     ] GC(5) Using 4 of 4 workers for final marking
[2025-05-18T21:30:58.766+0300][11376][5460 ][info][gc,ergo     ] GC(5) Adaptive CSet Selection. Target Free: 580M, Actual Free: 3342M, Max CSet: 170M, Min Garbage: 0B
[2025-05-18T21:30:58.766+0300][11376][5460 ][info][gc,ergo     ] GC(5) Collectable Garbage: 3409M (99%), Immediate: 2782M (81%), CSet: 627M (18%)
[2025-05-18T21:30:58.766+0300][11376][5460 ][info][gc,ergo     ] GC(5) Pacer for Evacuation. Used CSet: 629M, Free: 3136M, Non-Taxable: 313M, Alloc Tax Rate: 1.1x
[2025-05-18T21:30:58.766+0300][11376][5460 ][info][gc          ] GC(5) Pause Final Mark (unload classes) 0.627ms
[2025-05-18T21:30:58.766+0300][11376][20632][info][gc,start    ] GC(5) Concurrent thread roots
[2025-05-18T21:30:58.766+0300][11376][20632][info][gc,task     ] GC(5) Using 2 of 4 workers for Concurrent thread roots
[2025-05-18T21:30:58.767+0300][11376][20632][info][gc          ] GC(5) Concurrent thread roots 0.411ms
[2025-05-18T21:30:58.767+0300][11376][20632][info][gc,start    ] GC(5) Concurrent weak references
[2025-05-18T21:30:58.767+0300][11376][20632][info][gc,task     ] GC(5) Using 2 of 4 workers for concurrent weak references
[2025-05-18T21:30:58.767+0300][11376][20632][info][gc,ref      ] GC(5) Encountered references: Soft: 301, Weak: 1285, Final: 3, Phantom: 50
[2025-05-18T21:30:58.767+0300][11376][20632][info][gc,ref      ] GC(5) Discovered  references: Soft: 0, Weak: 787, Final: 1, Phantom: 35
[2025-05-18T21:30:58.767+0300][11376][20632][info][gc,ref      ] GC(5) Enqueued    references: Soft: 0, Weak: 526, Final: 0, Phantom: 0
[2025-05-18T21:30:58.767+0300][11376][20632][info][gc          ] GC(5) Concurrent weak references 0.404ms
[2025-05-18T21:30:58.767+0300][11376][20632][info][gc,start    ] GC(5) Concurrent weak roots
[2025-05-18T21:30:58.767+0300][11376][20632][info][gc,task     ] GC(5) Using 2 of 4 workers for concurrent weak root
[2025-05-18T21:30:58.812+0300][11376][20632][info][gc          ] GC(5) Concurrent weak roots 45.615ms
[2025-05-18T21:30:58.812+0300][11376][20632][info][gc,start    ] GC(5) Concurrent cleanup
[2025-05-18T21:30:58.813+0300][11376][20632][info][gc          ] GC(5) Concurrent cleanup 3583M->801M(4096M) 0.193ms
[2025-05-18T21:30:58.813+0300][11376][20632][info][gc,ergo     ] GC(5) Free: 3082M, Max: 2048K regular, 300M humongous, Frag: 91% external, 0% internal; Reserve: 205M, Max: 2048K
[2025-05-18T21:30:58.813+0300][11376][20632][info][gc,start    ] GC(5) Concurrent class unloading
[2025-05-18T21:30:58.813+0300][11376][20632][info][gc,task     ] GC(5) Using 2 of 4 workers for concurrent class unloading
[2025-05-18T21:30:58.844+0300][11376][20632][info][gc          ] GC(5) Concurrent class unloading 31.198ms
[2025-05-18T21:30:58.844+0300][11376][20632][info][gc,start    ] GC(5) Concurrent strong roots
[2025-05-18T21:30:58.844+0300][11376][20632][info][gc,task     ] GC(5) Using 2 of 4 workers for concurrent strong root
[2025-05-18T21:30:58.844+0300][11376][20632][info][gc          ] GC(5) Concurrent strong roots 0.321ms
[2025-05-18T21:30:58.844+0300][11376][20632][info][gc,start    ] GC(5) Concurrent evacuation
[2025-05-18T21:30:58.844+0300][11376][20632][info][gc,task     ] GC(5) Using 2 of 4 workers for concurrent evacuation
[2025-05-18T21:30:58.855+0300][11376][20632][info][gc          ] GC(5) Concurrent evacuation 10.413ms
[2025-05-18T21:30:58.856+0300][11376][5460 ][info][gc,start    ] GC(5) Pause Init Update Refs
[2025-05-18T21:30:58.856+0300][11376][5460 ][info][gc,ergo     ] GC(5) Pacer for Update Refs. Used: 832M, Free: 3052M, Non-Taxable: 305M, Alloc Tax Rate: 1.1x
[2025-05-18T21:30:58.856+0300][11376][5460 ][info][gc          ] GC(5) Pause Init Update Refs 0.206ms
[2025-05-18T21:30:58.856+0300][11376][20632][info][gc,start    ] GC(5) Concurrent update references
[2025-05-18T21:30:58.856+0300][11376][20632][info][gc,task     ] GC(5) Using 2 of 4 workers for concurrent reference update
[2025-05-18T21:30:58.884+0300][11376][20632][info][gc          ] GC(5) Concurrent update references 27.456ms
[2025-05-18T21:30:58.884+0300][11376][20632][info][gc,start    ] GC(5) Concurrent update thread roots
[2025-05-18T21:30:58.884+0300][11376][20632][info][gc          ] GC(5) Concurrent update thread roots 0.856ms
[2025-05-18T21:30:58.885+0300][11376][5460 ][info][gc,start    ] GC(5) Pause Final Update Refs
[2025-05-18T21:30:58.885+0300][11376][5460 ][info][gc,task     ] GC(5) Using 4 of 4 workers for final reference update
[2025-05-18T21:30:58.885+0300][11376][5460 ][info][gc          ] GC(5) Pause Final Update Refs 0.172ms
[2025-05-18T21:30:58.885+0300][11376][20632][info][gc,start    ] GC(5) Concurrent cleanup
[2025-05-18T21:30:58.885+0300][11376][20632][info][gc          ] GC(5) Concurrent cleanup 856M->229M(4096M) 0.110ms
[2025-05-18T21:30:58.885+0300][11376][20632][info][gc,ergo     ] Free: 3654M, Max: 2048K regular, 3338M humongous, Frag: 9% external, 0% internal; Reserve: 206M, Max: 2048K
[2025-05-18T21:30:58.885+0300][11376][20632][info][gc,stats    ] 
[2025-05-18T21:30:58.885+0300][11376][20632][info][gc,stats    ] All times are wall-clock times, except per-root-class counters, that are sum over
[2025-05-18T21:30:58.885+0300][11376][20632][info][gc,stats    ] all workers. Dividing the <total> over the root stage time estimates parallelism.
[2025-05-18T21:30:58.885+0300][11376][20632][info][gc,stats    ] 
[2025-05-18T21:30:58.885+0300][11376][20632][info][gc,stats    ] Concurrent Reset                    837 us
[2025-05-18T21:30:58.885+0300][11376][20632][info][gc,stats    ] Pause Init Mark (G)                 627 us
[2025-05-18T21:30:58.885+0300][11376][20632][info][gc,stats    ] Pause Init Mark (N)                 174 us
[2025-05-18T21:30:58.885+0300][11376][20632][info][gc,stats    ]   Update Region States               25 us
[2025-05-18T21:30:58.885+0300][11376][20632][info][gc,stats    ] Concurrent Mark Roots               350 us, parallelism: 0.85x
[2025-05-18T21:30:58.885+0300][11376][20632][info][gc,stats    ]   CMR: <total>                      297 us
[2025-05-18T21:30:58.885+0300][11376][20632][info][gc,stats    ]   CMR: Thread Roots                 198 us, workers (us):  41, 157, ---, ---, 
[2025-05-18T21:30:58.885+0300][11376][20632][info][gc,stats    ]   CMR: VM Strong Roots               12 us, workers (us):   6,   6, ---, ---, 
[2025-05-18T21:30:58.886+0300][11376][20632][info][gc,stats    ]   CMR: CLDG Roots                    86 us, workers (us):  86, ---, ---, ---, 
[2025-05-18T21:30:58.886+0300][11376][20632][info][gc,stats    ] Concurrent Marking                75679 us
[2025-05-18T21:30:58.886+0300][11376][20632][info][gc,stats    ] Pause Final Mark (G)              17041 us
[2025-05-18T21:30:58.886+0300][11376][20632][info][gc,stats    ] Pause Final Mark (N)                654 us
[2025-05-18T21:30:58.886+0300][11376][20632][info][gc,stats    ]   Finish Mark                       169 us
[2025-05-18T21:30:58.886+0300][11376][20632][info][gc,stats    ]   Update Region States               38 us
[2025-05-18T21:30:58.886+0300][11376][20632][info][gc,stats    ]   Choose Collection Set             175 us
[2025-05-18T21:30:58.886+0300][11376][20632][info][gc,stats    ]   Rebuild Free Set                   28 us
[2025-05-18T21:30:58.886+0300][11376][20632][info][gc,stats    ] Concurrent Thread Roots             455 us, parallelism: 1.13x
[2025-05-18T21:30:58.886+0300][11376][20632][info][gc,stats    ]   CTR: <total>                      513 us
[2025-05-18T21:30:58.886+0300][11376][20632][info][gc,stats    ]   CTR: Thread Roots                 513 us, workers (us): 290, 223, ---, ---, 
[2025-05-18T21:30:58.886+0300][11376][20632][info][gc,stats    ] Concurrent Weak References          433 us, parallelism: 0.62x
[2025-05-18T21:30:58.886+0300][11376][20632][info][gc,stats    ]   CWRF: <total>                     267 us
[2025-05-18T21:30:58.886+0300][11376][20632][info][gc,stats    ]   CWRF: Weak References             267 us, workers (us):  37, 230, ---, ---, 
[2025-05-18T21:30:58.886+0300][11376][20632][info][gc,stats    ] Concurrent Weak Roots             45701 us
[2025-05-18T21:30:58.886+0300][11376][20632][info][gc,stats    ]   Roots                             849 us, parallelism: 1.81x
[2025-05-18T21:30:58.886+0300][11376][20632][info][gc,stats    ]     CWR: <total>                   1535 us
[2025-05-18T21:30:58.886+0300][11376][20632][info][gc,stats    ]     CWR: Code Cache Roots          1080 us, workers (us): 567, 513, ---, ---, 
[2025-05-18T21:30:58.886+0300][11376][20632][info][gc,stats    ]     CWR: VM Weak Roots              441 us, workers (us): 211, 230, ---, ---, 
[2025-05-18T21:30:58.886+0300][11376][20632][info][gc,stats    ]     CWR: CLDG Roots                  14 us, workers (us):  14, ---, ---, ---, 
[2025-05-18T21:30:58.886+0300][11376][20632][info][gc,stats    ]   Rendezvous                      44709 us
[2025-05-18T21:30:58.886+0300][11376][20632][info][gc,stats    ] Concurrent Cleanup                  241 us
[2025-05-18T21:30:58.886+0300][11376][20632][info][gc,stats    ] Concurrent Class Unloading        31280 us
[2025-05-18T21:30:58.886+0300][11376][20632][info][gc,stats    ]   Unlink Stale                     2899 us
[2025-05-18T21:30:58.886+0300][11376][20632][info][gc,stats    ]     System Dictionary                28 us
[2025-05-18T21:30:58.886+0300][11376][20632][info][gc,stats    ]     Weak Class Links                  1 us
[2025-05-18T21:30:58.886+0300][11376][20632][info][gc,stats    ]     Code Roots                     2868 us
[2025-05-18T21:30:58.886+0300][11376][20632][info][gc,stats    ]   Rendezvous                      27883 us
[2025-05-18T21:30:58.886+0300][11376][20632][info][gc,stats    ]   Purge Unlinked                    300 us
[2025-05-18T21:30:58.886+0300][11376][20632][info][gc,stats    ]     Code Roots                      283 us
[2025-05-18T21:30:58.886+0300][11376][20632][info][gc,stats    ]     CLDG                             16 us
[2025-05-18T21:30:58.886+0300][11376][20632][info][gc,stats    ]     Exception Caches                  0 us
[2025-05-18T21:30:58.886+0300][11376][20632][info][gc,stats    ] Concurrent Strong Roots             379 us, parallelism: 0.49x
[2025-05-18T21:30:58.886+0300][11376][20632][info][gc,stats    ]   CSR: <total>                      185 us
[2025-05-18T21:30:58.886+0300][11376][20632][info][gc,stats    ]   CSR: VM Strong Roots               11 us, workers (us):  10,   1, ---, ---, 
[2025-05-18T21:30:58.886+0300][11376][20632][info][gc,stats    ]   CSR: CLDG Roots                   174 us, workers (us): ---, 174, ---, ---, 
[2025-05-18T21:30:58.886+0300][11376][20632][info][gc,stats    ] Concurrent Evacuation             10555 us
[2025-05-18T21:30:58.886+0300][11376][20632][info][gc,stats    ] Pause Init Update Refs (G)         1190 us
[2025-05-18T21:30:58.886+0300][11376][20632][info][gc,stats    ] Pause Init Update Refs (N)          239 us
[2025-05-18T21:30:58.887+0300][11376][20632][info][gc,stats    ]   Manage GCLABs                      18 us
[2025-05-18T21:30:58.887+0300][11376][20632][info][gc,stats    ] Concurrent Update Refs            27538 us
[2025-05-18T21:30:58.887+0300][11376][20632][info][gc,stats    ] Concurrent Update Thread Roots      920 us
[2025-05-18T21:30:58.887+0300][11376][20632][info][gc,stats    ] Pause Final Update Refs (G)         415 us
[2025-05-18T21:30:58.887+0300][11376][20632][info][gc,stats    ] Pause Final Update Refs (N)         203 us
[2025-05-18T21:30:58.887+0300][11376][20632][info][gc,stats    ]   Update Region States               41 us
[2025-05-18T21:30:58.887+0300][11376][20632][info][gc,stats    ]   Trash Collection Set               13 us
[2025-05-18T21:30:58.887+0300][11376][20632][info][gc,stats    ]   Rebuild Free Set                   33 us
[2025-05-18T21:30:58.887+0300][11376][20632][info][gc,stats    ] Concurrent Cleanup                  145 us
[2025-05-18T21:30:58.887+0300][11376][20632][info][gc,stats    ] 
[2025-05-18T21:30:58.887+0300][11376][20632][info][gc,stats    ] Allocation pacing accrued:
[2025-05-18T21:30:58.887+0300][11376][20632][info][gc,stats    ]       0 of  1950 ms (  0.0%): <total>
[2025-05-18T21:30:58.887+0300][11376][20632][info][gc,stats    ]       0 of  1950 ms (  0.0%): <average total>
[2025-05-18T21:30:58.887+0300][11376][20632][info][gc,stats    ] 
[2025-05-18T21:30:58.887+0300][11376][20632][info][gc,metaspace] Metaspace: 8499K(9472K)->8499K(9472K) NonClass: 7643K(8256K)->7643K(8256K) Class: 856K(1216K)->856K(1216K)
[2025-05-18T21:30:58.887+0300][11376][20632][info][gc,ergo     ] Pacer for Idle. Initial: 83886K, Alloc Tax Rate: 1.0x
[2025-05-18T21:31:00.597+0300][11376][20632][info][gc          ] Trigger: Average GC time (288.65 ms) is above the time for average allocation rate (1506 MB/s) to deplete free headroom (405M) (margin of error = 1.80)
[2025-05-18T21:31:00.597+0300][11376][20632][info][gc,ergo     ] Free headroom: 610M (free) - 204M (spike) - 0B (penalties) = 405M
[2025-05-18T21:31:00.597+0300][11376][20632][info][gc,ergo     ] Free: 610M, Max: 2048K regular, 308M humongous, Frag: 50% external, 0% internal; Reserve: 206M, Max: 2048K
[2025-05-18T21:31:00.597+0300][11376][20632][info][gc,start    ] GC(6) Concurrent reset
[2025-05-18T21:31:00.597+0300][11376][20632][info][gc,task     ] GC(6) Using 2 of 4 workers for concurrent reset
[2025-05-18T21:31:00.597+0300][11376][20632][info][gc,ergo     ] GC(6) Pacer for Reset. Non-Taxable: 4096M
[2025-05-18T21:31:00.598+0300][11376][20632][info][gc          ] GC(6) Concurrent reset 1.643ms
[2025-05-18T21:31:00.599+0300][11376][5460 ][info][gc,start    ] GC(6) Pause Init Mark (unload classes)
[2025-05-18T21:31:00.599+0300][11376][5460 ][info][gc,task     ] GC(6) Using 4 of 4 workers for init marking
[2025-05-18T21:31:00.599+0300][11376][5460 ][info][gc,ergo     ] GC(6) Pacer for Mark. Expected Live: 10547K, Free: 610M, Non-Taxable: 62514K, Alloc Tax Rate: 0.0x
[2025-05-18T21:31:00.599+0300][11376][5460 ][info][gc          ] GC(6) Pause Init Mark (unload classes) 0.153ms
[2025-05-18T21:31:00.599+0300][11376][20632][info][gc,start    ] GC(6) Concurrent marking roots
[2025-05-18T21:31:00.599+0300][11376][20632][info][gc,task     ] GC(6) Using 2 of 4 workers for concurrent marking roots
[2025-05-18T21:31:00.599+0300][11376][20632][info][gc          ] GC(6) Concurrent marking roots 0.272ms
[2025-05-18T21:31:00.599+0300][11376][20632][info][gc,start    ] GC(6) Concurrent marking (unload classes)
[2025-05-18T21:31:00.599+0300][11376][20632][info][gc,task     ] GC(6) Using 2 of 4 workers for concurrent marking
[2025-05-18T21:31:00.645+0300][11376][20632][info][gc          ] GC(6) Concurrent marking (unload classes) 45.091ms
[2025-05-18T21:31:00.645+0300][11376][5460 ][info][gc,start    ] GC(6) Pause Final Mark (unload classes)
[2025-05-18T21:31:00.645+0300][11376][5460 ][info][gc,task     ] GC(6) Using 4 of 4 workers for final marking
[2025-05-18T21:31:00.645+0300][11376][5460 ][info][gc,ergo     ] GC(6) Adaptive CSet Selection. Target Free: 580M, Actual Free: 3380M, Max CSet: 170M, Min Garbage: 0B
[2025-05-18T21:31:00.645+0300][11376][5460 ][info][gc,ergo     ] GC(6) Collectable Garbage: 3262M (99%), Immediate: 2652M (81%), CSet: 610M (18%)
[2025-05-18T21:31:00.645+0300][11376][5460 ][info][gc,ergo     ] GC(6) Pacer for Evacuation. Used CSet: 612M, Free: 3174M, Non-Taxable: 317M, Alloc Tax Rate: 1.1x
[2025-05-18T21:31:00.645+0300][11376][5460 ][info][gc          ] GC(6) Pause Final Mark (unload classes) 0.378ms
[2025-05-18T21:31:00.645+0300][11376][20632][info][gc,start    ] GC(6) Concurrent thread roots
[2025-05-18T21:31:00.645+0300][11376][20632][info][gc,task     ] GC(6) Using 2 of 4 workers for Concurrent thread roots
[2025-05-18T21:31:00.646+0300][11376][20632][info][gc          ] GC(6) Concurrent thread roots 0.323ms
[2025-05-18T21:31:00.646+0300][11376][20632][info][gc,start    ] GC(6) Concurrent weak references
[2025-05-18T21:31:00.646+0300][11376][20632][info][gc,task     ] GC(6) Using 2 of 4 workers for concurrent weak references
[2025-05-18T21:31:00.646+0300][11376][20632][info][gc,ref      ] GC(6) Encountered references: Soft: 301, Weak: 1337, Final: 3, Phantom: 50
[2025-05-18T21:31:00.646+0300][11376][20632][info][gc,ref      ] GC(6) Discovered  references: Soft: 0, Weak: 838, Final: 1, Phantom: 43
[2025-05-18T21:31:00.646+0300][11376][20632][info][gc,ref      ] GC(6) Enqueued    references: Soft: 0, Weak: 656, Final: 0, Phantom: 0
[2025-05-18T21:31:00.646+0300][11376][20632][info][gc          ] GC(6) Concurrent weak references 0.414ms
[2025-05-18T21:31:00.646+0300][11376][20632][info][gc,start    ] GC(6) Concurrent weak roots
[2025-05-18T21:31:00.646+0300][11376][20632][info][gc,task     ] GC(6) Using 2 of 4 workers for concurrent weak root
[2025-05-18T21:31:00.677+0300][11376][20632][info][gc          ] GC(6) Concurrent weak roots 30.422ms
[2025-05-18T21:31:00.677+0300][11376][20632][info][gc,start    ] GC(6) Concurrent cleanup
[2025-05-18T21:31:00.677+0300][11376][20632][info][gc          ] GC(6) Concurrent cleanup 3418M->766M(4096M) 0.185ms
[2025-05-18T21:31:00.677+0300][11376][20632][info][gc,ergo     ] GC(6) Free: 3118M, Max: 2048K regular, 306M humongous, Frag: 91% external, 0% internal; Reserve: 205M, Max: 2048K
[2025-05-18T21:31:00.677+0300][11376][20632][info][gc,start    ] GC(6) Concurrent class unloading
[2025-05-18T21:31:00.677+0300][11376][20632][info][gc,task     ] GC(6) Using 2 of 4 workers for concurrent class unloading
[2025-05-18T21:31:00.693+0300][11376][20632][info][gc          ] GC(6) Concurrent class unloading 15.799ms
[2025-05-18T21:31:00.693+0300][11376][20632][info][gc,start    ] GC(6) Concurrent strong roots
[2025-05-18T21:31:00.693+0300][11376][20632][info][gc,task     ] GC(6) Using 2 of 4 workers for concurrent strong root
[2025-05-18T21:31:00.693+0300][11376][20632][info][gc          ] GC(6) Concurrent strong roots 0.258ms
[2025-05-18T21:31:00.693+0300][11376][20632][info][gc,start    ] GC(6) Concurrent evacuation
[2025-05-18T21:31:00.693+0300][11376][20632][info][gc,task     ] GC(6) Using 2 of 4 workers for concurrent evacuation
[2025-05-18T21:31:00.700+0300][11376][20632][info][gc          ] GC(6) Concurrent evacuation 7.352ms
[2025-05-18T21:31:00.700+0300][11376][5460 ][info][gc,start    ] GC(6) Pause Init Update Refs
[2025-05-18T21:31:00.700+0300][11376][5460 ][info][gc,ergo     ] GC(6) Pacer for Update Refs. Used: 802M, Free: 3084M, Non-Taxable: 308M, Alloc Tax Rate: 1.1x
[2025-05-18T21:31:00.701+0300][11376][5460 ][info][gc          ] GC(6) Pause Init Update Refs 0.099ms
[2025-05-18T21:31:00.701+0300][11376][20632][info][gc,start    ] GC(6) Concurrent update references
[2025-05-18T21:31:00.701+0300][11376][20632][info][gc,task     ] GC(6) Using 2 of 4 workers for concurrent reference update
[2025-05-18T21:31:00.721+0300][11376][20632][info][gc          ] GC(6) Concurrent update references 20.408ms
[2025-05-18T21:31:00.721+0300][11376][20632][info][gc,start    ] GC(6) Concurrent update thread roots
[2025-05-18T21:31:00.756+0300][11376][20632][info][gc          ] GC(6) Concurrent update thread roots 34.524ms
[2025-05-18T21:31:00.756+0300][11376][5460 ][info][gc,start    ] GC(6) Pause Final Update Refs
[2025-05-18T21:31:00.756+0300][11376][5460 ][info][gc,task     ] GC(6) Using 4 of 4 workers for final reference update
[2025-05-18T21:31:00.756+0300][11376][5460 ][info][gc          ] GC(6) Pause Final Update Refs 0.170ms
[2025-05-18T21:31:00.756+0300][11376][20632][info][gc,start    ] GC(6) Concurrent cleanup
[2025-05-18T21:31:00.757+0300][11376][20632][info][gc          ] GC(6) Concurrent cleanup 888M->276M(4096M) 0.110ms
[2025-05-18T21:31:00.757+0300][11376][20632][info][gc,ergo     ] Free: 3607M, Max: 2048K regular, 2952M humongous, Frag: 19% external, 0% internal; Reserve: 206M, Max: 2048K
[2025-05-18T21:31:00.757+0300][11376][20632][info][gc,stats    ] 
[2025-05-18T21:31:00.757+0300][11376][20632][info][gc,stats    ] All times are wall-clock times, except per-root-class counters, that are sum over
[2025-05-18T21:31:00.757+0300][11376][20632][info][gc,stats    ] all workers. Dividing the <total> over the root stage time estimates parallelism.
[2025-05-18T21:31:00.757+0300][11376][20632][info][gc,stats    ] 
[2025-05-18T21:31:00.757+0300][11376][20632][info][gc,stats    ] Concurrent Reset                   1706 us
[2025-05-18T21:31:00.757+0300][11376][20632][info][gc,stats    ] Pause Init Mark (G)                 336 us
[2025-05-18T21:31:00.757+0300][11376][20632][info][gc,stats    ] Pause Init Mark (N)                 177 us
[2025-05-18T21:31:00.757+0300][11376][20632][info][gc,stats    ]   Update Region States               30 us
[2025-05-18T21:31:00.757+0300][11376][20632][info][gc,stats    ] Concurrent Mark Roots               307 us, parallelism: 0.91x
[2025-05-18T21:31:00.757+0300][11376][20632][info][gc,stats    ]   CMR: <total>                      278 us
[2025-05-18T21:31:00.757+0300][11376][20632][info][gc,stats    ]   CMR: Thread Roots                 179 us, workers (us): 148,  32, ---, ---, 
[2025-05-18T21:31:00.757+0300][11376][20632][info][gc,stats    ]   CMR: VM Strong Roots               11 us, workers (us):   7,   4, ---, ---, 
[2025-05-18T21:31:00.757+0300][11376][20632][info][gc,stats    ]   CMR: CLDG Roots                    87 us, workers (us): ---,  87, ---, ---, 
[2025-05-18T21:31:00.757+0300][11376][20632][info][gc,stats    ] Concurrent Marking                45161 us
[2025-05-18T21:31:00.757+0300][11376][20632][info][gc,stats    ] Pause Final Mark (G)                678 us
[2025-05-18T21:31:00.757+0300][11376][20632][info][gc,stats    ] Pause Final Mark (N)                412 us
[2025-05-18T21:31:00.757+0300][11376][20632][info][gc,stats    ]   Finish Mark                        57 us
[2025-05-18T21:31:00.757+0300][11376][20632][info][gc,stats    ]   Update Region States               32 us
[2025-05-18T21:31:00.757+0300][11376][20632][info][gc,stats    ]   Choose Collection Set             134 us
[2025-05-18T21:31:00.757+0300][11376][20632][info][gc,stats    ]   Rebuild Free Set                   27 us
[2025-05-18T21:31:00.757+0300][11376][20632][info][gc,stats    ] Concurrent Thread Roots             362 us, parallelism: 1.18x
[2025-05-18T21:31:00.757+0300][11376][20632][info][gc,stats    ]   CTR: <total>                      429 us
[2025-05-18T21:31:00.757+0300][11376][20632][info][gc,stats    ]   CTR: Thread Roots                 429 us, workers (us): 218, 211, ---, ---, 
[2025-05-18T21:31:00.757+0300][11376][20632][info][gc,stats    ] Concurrent Weak References          442 us, parallelism: 0.58x
[2025-05-18T21:31:00.757+0300][11376][20632][info][gc,stats    ]   CWRF: <total>                     256 us
[2025-05-18T21:31:00.757+0300][11376][20632][info][gc,stats    ]   CWRF: Weak References             256 us, workers (us): 222,  34, ---, ---, 
[2025-05-18T21:31:00.757+0300][11376][20632][info][gc,stats    ] Concurrent Weak Roots             30505 us
[2025-05-18T21:31:00.757+0300][11376][20632][info][gc,stats    ]   Roots                             884 us, parallelism: 1.82x
[2025-05-18T21:31:00.757+0300][11376][20632][info][gc,stats    ]     CWR: <total>                   1604 us
[2025-05-18T21:31:00.757+0300][11376][20632][info][gc,stats    ]     CWR: Code Cache Roots          1062 us, workers (us): 561, 501, ---, ---, 
[2025-05-18T21:31:00.757+0300][11376][20632][info][gc,stats    ]     CWR: VM Weak Roots              529 us, workers (us): 255, 273, ---, ---, 
[2025-05-18T21:31:00.757+0300][11376][20632][info][gc,stats    ]     CWR: CLDG Roots                  13 us, workers (us):  13, ---, ---, ---, 
[2025-05-18T21:31:00.757+0300][11376][20632][info][gc,stats    ]   Rendezvous                      29481 us
[2025-05-18T21:31:00.757+0300][11376][20632][info][gc,stats    ] Concurrent Cleanup                  213 us
[2025-05-18T21:31:00.757+0300][11376][20632][info][gc,stats    ] Concurrent Class Unloading        15875 us
[2025-05-18T21:31:00.757+0300][11376][20632][info][gc,stats    ]   Unlink Stale                     2270 us
[2025-05-18T21:31:00.758+0300][11376][20632][info][gc,stats    ]     System Dictionary                22 us
[2025-05-18T21:31:00.758+0300][11376][20632][info][gc,stats    ]     Weak Class Links                  0 us
[2025-05-18T21:31:00.758+0300][11376][20632][info][gc,stats    ]     Code Roots                     2245 us
[2025-05-18T21:31:00.758+0300][11376][20632][info][gc,stats    ]   Rendezvous                      13318 us
[2025-05-18T21:31:00.758+0300][11376][20632][info][gc,stats    ]   Purge Unlinked                    158 us
[2025-05-18T21:31:00.758+0300][11376][20632][info][gc,stats    ]     Code Roots                      143 us
[2025-05-18T21:31:00.758+0300][11376][20632][info][gc,stats    ]     CLDG                             14 us
[2025-05-18T21:31:00.758+0300][11376][20632][info][gc,stats    ]     Exception Caches                  0 us
[2025-05-18T21:31:00.758+0300][11376][20632][info][gc,stats    ] Concurrent Strong Roots             292 us, parallelism: 0.57x
[2025-05-18T21:31:00.758+0300][11376][20632][info][gc,stats    ]   CSR: <total>                      165 us
[2025-05-18T21:31:00.758+0300][11376][20632][info][gc,stats    ]   CSR: VM Strong Roots               11 us, workers (us):   6,   6, ---, ---, 
[2025-05-18T21:31:00.758+0300][11376][20632][info][gc,stats    ]   CSR: CLDG Roots                   154 us, workers (us): 154, ---, ---, ---, 
[2025-05-18T21:31:00.758+0300][11376][20632][info][gc,stats    ] Concurrent Evacuation              7424 us
[2025-05-18T21:31:00.758+0300][11376][20632][info][gc,stats    ] Pause Init Update Refs (G)          542 us
[2025-05-18T21:31:00.758+0300][11376][20632][info][gc,stats    ] Pause Init Update Refs (N)          124 us
[2025-05-18T21:31:00.758+0300][11376][20632][info][gc,stats    ]   Manage GCLABs                       6 us
[2025-05-18T21:31:00.758+0300][11376][20632][info][gc,stats    ] Concurrent Update Refs            20491 us
[2025-05-18T21:31:00.758+0300][11376][20632][info][gc,stats    ] Concurrent Update Thread Roots    34597 us
[2025-05-18T21:31:00.758+0300][11376][20632][info][gc,stats    ] Pause Final Update Refs (G)         778 us
[2025-05-18T21:31:00.758+0300][11376][20632][info][gc,stats    ] Pause Final Update Refs (N)         203 us
[2025-05-18T21:31:00.758+0300][11376][20632][info][gc,stats    ]   Update Region States               36 us
[2025-05-18T21:31:00.758+0300][11376][20632][info][gc,stats    ]   Trash Collection Set               12 us
[2025-05-18T21:31:00.758+0300][11376][20632][info][gc,stats    ]   Rebuild Free Set                   27 us
[2025-05-18T21:31:00.758+0300][11376][20632][info][gc,stats    ] Concurrent Cleanup                  144 us
[2025-05-18T21:31:00.758+0300][11376][20632][info][gc,stats    ] 
[2025-05-18T21:31:00.758+0300][11376][20632][info][gc,stats    ] Allocation pacing accrued:
[2025-05-18T21:31:00.758+0300][11376][20632][info][gc,stats    ]       0 of  1871 ms (  0.0%): <total>
[2025-05-18T21:31:00.758+0300][11376][20632][info][gc,stats    ]       0 of  1871 ms (  0.0%): <average total>
[2025-05-18T21:31:00.758+0300][11376][20632][info][gc,stats    ] 
[2025-05-18T21:31:00.758+0300][11376][20632][info][gc,metaspace] Metaspace: 8500K(9472K)->8500K(9472K) NonClass: 7644K(8256K)->7644K(8256K) Class: 856K(1216K)->856K(1216K)
[2025-05-18T21:31:00.758+0300][11376][20632][info][gc,ergo     ] Pacer for Idle. Initial: 83886K, Alloc Tax Rate: 1.0x
[2025-05-18T21:31:02.088+0300][11376][20632][info][gc          ] Trigger: Average GC time (252.28 ms) is above the time for average allocation rate (2547 MB/s) to deplete free headroom (636M) (margin of error = 1.81)
[2025-05-18T21:31:02.088+0300][11376][20632][info][gc,ergo     ] Free headroom: 841M (free) - 204M (spike) - 0B (penalties) = 636M
[2025-05-18T21:31:02.088+0300][11376][20632][info][gc,ergo     ] Free: 841M, Max: 2048K regular, 626M humongous, Frag: 26% external, 0% internal; Reserve: 206M, Max: 2048K
[2025-05-18T21:31:02.088+0300][11376][20632][info][gc,start    ] GC(7) Concurrent reset
[2025-05-18T21:31:02.088+0300][11376][20632][info][gc,task     ] GC(7) Using 2 of 4 workers for concurrent reset
[2025-05-18T21:31:02.088+0300][11376][20632][info][gc,ergo     ] GC(7) Pacer for Reset. Non-Taxable: 4096M
[2025-05-18T21:31:02.090+0300][11376][20632][info][gc          ] GC(7) Concurrent reset 2.072ms
[2025-05-18T21:31:02.090+0300][11376][5460 ][info][gc,start    ] GC(7) Pause Init Mark (unload classes)
[2025-05-18T21:31:02.090+0300][11376][5460 ][info][gc,task     ] GC(7) Using 4 of 4 workers for init marking
[2025-05-18T21:31:02.090+0300][11376][5460 ][info][gc,ergo     ] GC(7) Pacer for Mark. Expected Live: 10550K, Free: 841M, Non-Taxable: 86167K, Alloc Tax Rate: 0.0x
[2025-05-18T21:31:02.090+0300][11376][5460 ][info][gc          ] GC(7) Pause Init Mark (unload classes) 0.176ms
[2025-05-18T21:31:02.090+0300][11376][20632][info][gc,start    ] GC(7) Concurrent marking roots
[2025-05-18T21:31:02.090+0300][11376][20632][info][gc,task     ] GC(7) Using 2 of 4 workers for concurrent marking roots
[2025-05-18T21:31:02.091+0300][11376][20632][info][gc          ] GC(7) Concurrent marking roots 0.259ms
[2025-05-18T21:31:02.091+0300][11376][20632][info][gc,start    ] GC(7) Concurrent marking (unload classes)
[2025-05-18T21:31:02.091+0300][11376][20632][info][gc,task     ] GC(7) Using 2 of 4 workers for concurrent marking
[2025-05-18T21:31:02.109+0300][11376][20632][info][gc          ] GC(7) Concurrent marking (unload classes) 17.789ms
[2025-05-18T21:31:02.109+0300][11376][5460 ][info][gc,start    ] GC(7) Pause Final Mark (unload classes)
[2025-05-18T21:31:02.109+0300][11376][5460 ][info][gc,task     ] GC(7) Using 4 of 4 workers for final marking
[2025-05-18T21:31:02.109+0300][11376][5460 ][info][gc,ergo     ] GC(7) Adaptive CSet Selection. Target Free: 580M, Actual Free: 3456M, Max CSet: 170M, Min Garbage: 0B
[2025-05-18T21:31:02.109+0300][11376][5460 ][info][gc,ergo     ] GC(7) Collectable Garbage: 3031M (99%), Immediate: 2458M (81%), CSet: 573M (18%)
[2025-05-18T21:31:02.109+0300][11376][5460 ][info][gc,ergo     ] GC(7) Pacer for Evacuation. Used CSet: 575M, Free: 3250M, Non-Taxable: 325M, Alloc Tax Rate: 1.1x
[2025-05-18T21:31:02.109+0300][11376][5460 ][info][gc          ] GC(7) Pause Final Mark (unload classes) 0.409ms
[2025-05-18T21:31:02.109+0300][11376][20632][info][gc,start    ] GC(7) Concurrent thread roots
[2025-05-18T21:31:02.110+0300][11376][20632][info][gc,task     ] GC(7) Using 2 of 4 workers for Concurrent thread roots
[2025-05-18T21:31:02.110+0300][11376][20632][info][gc          ] GC(7) Concurrent thread roots 0.455ms
[2025-05-18T21:31:02.110+0300][11376][20632][info][gc,start    ] GC(7) Concurrent weak references
[2025-05-18T21:31:02.110+0300][11376][20632][info][gc,task     ] GC(7) Using 2 of 4 workers for concurrent weak references
[2025-05-18T21:31:02.110+0300][11376][20632][info][gc,ref      ] GC(7) Encountered references: Soft: 301, Weak: 1221, Final: 3, Phantom: 50
[2025-05-18T21:31:02.110+0300][11376][20632][info][gc,ref      ] GC(7) Discovered  references: Soft: 0, Weak: 814, Final: 1, Phantom: 48
[2025-05-18T21:31:02.110+0300][11376][20632][info][gc,ref      ] GC(7) Enqueued    references: Soft: 0, Weak: 540, Final: 0, Phantom: 0
[2025-05-18T21:31:02.110+0300][11376][20632][info][gc          ] GC(7) Concurrent weak references 0.365ms
[2025-05-18T21:31:02.110+0300][11376][20632][info][gc,start    ] GC(7) Concurrent weak roots
[2025-05-18T21:31:02.110+0300][11376][20632][info][gc,task     ] GC(7) Using 2 of 4 workers for concurrent weak root
[2025-05-18T21:31:02.113+0300][11376][20632][info][gc          ] GC(7) Concurrent weak roots 2.920ms
[2025-05-18T21:31:02.113+0300][11376][20632][info][gc,start    ] GC(7) Concurrent cleanup
[2025-05-18T21:31:02.113+0300][11376][20632][info][gc          ] GC(7) Concurrent cleanup 3107M->649M(4096M) 0.141ms
[2025-05-18T21:31:02.114+0300][11376][20632][info][gc,ergo     ] GC(7) Free: 3234M, Max: 2048K regular, 648M humongous, Frag: 80% external, 0% internal; Reserve: 205M, Max: 2048K
[2025-05-18T21:31:02.114+0300][11376][20632][info][gc,start    ] GC(7) Concurrent class unloading
[2025-05-18T21:31:02.114+0300][11376][20632][info][gc,task     ] GC(7) Using 2 of 4 workers for concurrent class unloading
[2025-05-18T21:31:02.117+0300][11376][20632][info][gc          ] GC(7) Concurrent class unloading 3.312ms
[2025-05-18T21:31:02.117+0300][11376][20632][info][gc,start    ] GC(7) Concurrent strong roots
[2025-05-18T21:31:02.117+0300][11376][20632][info][gc,task     ] GC(7) Using 2 of 4 workers for concurrent strong root
[2025-05-18T21:31:02.117+0300][11376][20632][info][gc          ] GC(7) Concurrent strong roots 0.297ms
[2025-05-18T21:31:02.117+0300][11376][20632][info][gc,start    ] GC(7) Concurrent evacuation
[2025-05-18T21:31:02.117+0300][11376][20632][info][gc,task     ] GC(7) Using 2 of 4 workers for concurrent evacuation
[2025-05-18T21:31:02.125+0300][11376][20632][info][gc          ] GC(7) Concurrent evacuation 7.393ms
[2025-05-18T21:31:02.125+0300][11376][5460 ][info][gc,start    ] GC(7) Pause Init Update Refs
[2025-05-18T21:31:02.125+0300][11376][5460 ][info][gc,ergo     ] GC(7) Pacer for Update Refs. Used: 669M, Free: 3216M, Non-Taxable: 321M, Alloc Tax Rate: 1.1x
[2025-05-18T21:31:02.125+0300][11376][5460 ][info][gc          ] GC(7) Pause Init Update Refs 0.101ms
[2025-05-18T21:31:02.125+0300][11376][20632][info][gc,start    ] GC(7) Concurrent update references
[2025-05-18T21:31:02.125+0300][11376][20632][info][gc,task     ] GC(7) Using 2 of 4 workers for concurrent reference update
[2025-05-18T21:31:02.138+0300][11376][20632][info][gc          ] GC(7) Concurrent update references 12.596ms
[2025-05-18T21:31:02.138+0300][11376][20632][info][gc,start    ] GC(7) Concurrent update thread roots
[2025-05-18T21:31:02.138+0300][11376][20632][info][gc          ] GC(7) Concurrent update thread roots 0.215ms
[2025-05-18T21:31:02.138+0300][11376][5460 ][info][gc,start    ] GC(7) Pause Final Update Refs
[2025-05-18T21:31:02.138+0300][11376][5460 ][info][gc,task     ] GC(7) Using 4 of 4 workers for final reference update
[2025-05-18T21:31:02.138+0300][11376][5460 ][info][gc          ] GC(7) Pause Final Update Refs 0.182ms
[2025-05-18T21:31:02.138+0300][11376][20632][info][gc,start    ] GC(7) Concurrent cleanup
[2025-05-18T21:31:02.138+0300][11376][20632][info][gc          ] GC(7) Concurrent cleanup 685M->110M(4096M) 0.107ms
[2025-05-18T21:31:02.138+0300][11376][20632][info][gc,ergo     ] Free: 3773M, Max: 2048K regular, 2848M humongous, Frag: 25% external, 0% internal; Reserve: 206M, Max: 2048K
[2025-05-18T21:31:02.138+0300][11376][20632][info][gc,stats    ] 
[2025-05-18T21:31:02.139+0300][11376][20632][info][gc,stats    ] All times are wall-clock times, except per-root-class counters, that are sum over
[2025-05-18T21:31:02.139+0300][11376][20632][info][gc,stats    ] all workers. Dividing the <total> over the root stage time estimates parallelism.
[2025-05-18T21:31:02.139+0300][11376][20632][info][gc,stats    ] 
[2025-05-18T21:31:02.139+0300][11376][20632][info][gc,stats    ] Concurrent Reset                   2135 us
[2025-05-18T21:31:02.139+0300][11376][20632][info][gc,stats    ] Pause Init Mark (G)                 335 us
[2025-05-18T21:31:02.139+0300][11376][20632][info][gc,stats    ] Pause Init Mark (N)                 198 us
[2025-05-18T21:31:02.139+0300][11376][20632][info][gc,stats    ]   Update Region States               39 us
[2025-05-18T21:31:02.139+0300][11376][20632][info][gc,stats    ] Concurrent Mark Roots               292 us, parallelism: 0.80x
[2025-05-18T21:31:02.139+0300][11376][20632][info][gc,stats    ]   CMR: <total>                      233 us
[2025-05-18T21:31:02.139+0300][11376][20632][info][gc,stats    ]   CMR: Thread Roots                 127 us, workers (us):  25, 102, ---, ---, 
[2025-05-18T21:31:02.139+0300][11376][20632][info][gc,stats    ]   CMR: VM Strong Roots               16 us, workers (us):   8,   8, ---, ---, 
[2025-05-18T21:31:02.139+0300][11376][20632][info][gc,stats    ]   CMR: CLDG Roots                    91 us, workers (us):  91, ---, ---, ---, 
[2025-05-18T21:31:02.139+0300][11376][20632][info][gc,stats    ] Concurrent Marking                17874 us
[2025-05-18T21:31:02.139+0300][11376][20632][info][gc,stats    ] Pause Final Mark (G)                559 us
[2025-05-18T21:31:02.139+0300][11376][20632][info][gc,stats    ] Pause Final Mark (N)                434 us
[2025-05-18T21:31:02.139+0300][11376][20632][info][gc,stats    ]   Finish Mark                        58 us
[2025-05-18T21:31:02.139+0300][11376][20632][info][gc,stats    ]   Update Region States               52 us
[2025-05-18T21:31:02.139+0300][11376][20632][info][gc,stats    ]   Choose Collection Set             147 us
[2025-05-18T21:31:02.139+0300][11376][20632][info][gc,stats    ]   Rebuild Free Set                   26 us
[2025-05-18T21:31:02.139+0300][11376][20632][info][gc,stats    ] Concurrent Thread Roots             509 us, parallelism: 0.89x
[2025-05-18T21:31:02.139+0300][11376][20632][info][gc,stats    ]   CTR: <total>                      455 us
[2025-05-18T21:31:02.139+0300][11376][20632][info][gc,stats    ]   CTR: Thread Roots                 455 us, workers (us): 153, 302, ---, ---, 
[2025-05-18T21:31:02.139+0300][11376][20632][info][gc,stats    ] Concurrent Weak References          391 us, parallelism: 0.62x
[2025-05-18T21:31:02.139+0300][11376][20632][info][gc,stats    ]   CWRF: <total>                     244 us
[2025-05-18T21:31:02.139+0300][11376][20632][info][gc,stats    ]   CWRF: Weak References             244 us, workers (us):  47, 197, ---, ---, 
[2025-05-18T21:31:02.139+0300][11376][20632][info][gc,stats    ] Concurrent Weak Roots              2978 us
[2025-05-18T21:31:02.139+0300][11376][20632][info][gc,stats    ]   Roots                            1246 us, parallelism: 1.89x
[2025-05-18T21:31:02.139+0300][11376][20632][info][gc,stats    ]     CWR: <total>                   2349 us
[2025-05-18T21:31:02.139+0300][11376][20632][info][gc,stats    ]     CWR: Code Cache Roots          1902 us, workers (us): 937, 965, ---, ---, 
[2025-05-18T21:31:02.139+0300][11376][20632][info][gc,stats    ]     CWR: VM Weak Roots              435 us, workers (us): 213, 222, ---, ---, 
[2025-05-18T21:31:02.139+0300][11376][20632][info][gc,stats    ]     CWR: CLDG Roots                  13 us, workers (us):  13, ---, ---, ---, 
[2025-05-18T21:31:02.139+0300][11376][20632][info][gc,stats    ]   Rendezvous                       1616 us
[2025-05-18T21:31:02.139+0300][11376][20632][info][gc,stats    ] Concurrent Cleanup                  171 us
[2025-05-18T21:31:02.139+0300][11376][20632][info][gc,stats    ] Concurrent Class Unloading         3365 us
[2025-05-18T21:31:02.139+0300][11376][20632][info][gc,stats    ]   Unlink Stale                     2219 us
[2025-05-18T21:31:02.139+0300][11376][20632][info][gc,stats    ]     System Dictionary                13 us
[2025-05-18T21:31:02.139+0300][11376][20632][info][gc,stats    ]     Weak Class Links                  0 us
[2025-05-18T21:31:02.139+0300][11376][20632][info][gc,stats    ]     Code Roots                     2204 us
[2025-05-18T21:31:02.139+0300][11376][20632][info][gc,stats    ]   Rendezvous                        864 us
[2025-05-18T21:31:02.139+0300][11376][20632][info][gc,stats    ]   Purge Unlinked                    180 us
[2025-05-18T21:31:02.139+0300][11376][20632][info][gc,stats    ]     Code Roots                      165 us
[2025-05-18T21:31:02.139+0300][11376][20632][info][gc,stats    ]     CLDG                             14 us
[2025-05-18T21:31:02.139+0300][11376][20632][info][gc,stats    ]     Exception Caches                  0 us
[2025-05-18T21:31:02.139+0300][11376][20632][info][gc,stats    ] Concurrent Strong Roots             334 us, parallelism: 0.63x
[2025-05-18T21:31:02.139+0300][11376][20632][info][gc,stats    ]   CSR: <total>                      210 us
[2025-05-18T21:31:02.139+0300][11376][20632][info][gc,stats    ]   CSR: VM Strong Roots               10 us, workers (us):   5,   5, ---, ---, 
[2025-05-18T21:31:02.139+0300][11376][20632][info][gc,stats    ]   CSR: CLDG Roots                   200 us, workers (us): 200, ---, ---, ---, 
[2025-05-18T21:31:02.139+0300][11376][20632][info][gc,stats    ] Concurrent Evacuation              7459 us
[2025-05-18T21:31:02.139+0300][11376][20632][info][gc,stats    ] Pause Init Update Refs (G)          268 us
[2025-05-18T21:31:02.139+0300][11376][20632][info][gc,stats    ] Pause Init Update Refs (N)          123 us
[2025-05-18T21:31:02.139+0300][11376][20632][info][gc,stats    ]   Manage GCLABs                       7 us
[2025-05-18T21:31:02.139+0300][11376][20632][info][gc,stats    ] Concurrent Update Refs            12674 us
[2025-05-18T21:31:02.140+0300][11376][20632][info][gc,stats    ] Concurrent Update Thread Roots      255 us
[2025-05-18T21:31:02.140+0300][11376][20632][info][gc,stats    ] Pause Final Update Refs (G)         323 us
[2025-05-18T21:31:02.140+0300][11376][20632][info][gc,stats    ] Pause Final Update Refs (N)         209 us
[2025-05-18T21:31:02.140+0300][11376][20632][info][gc,stats    ]   Update Region States               37 us
[2025-05-18T21:31:02.140+0300][11376][20632][info][gc,stats    ]   Trash Collection Set               13 us
[2025-05-18T21:31:02.140+0300][11376][20632][info][gc,stats    ]   Rebuild Free Set                   30 us
[2025-05-18T21:31:02.140+0300][11376][20632][info][gc,stats    ] Concurrent Cleanup                  137 us
[2025-05-18T21:31:02.140+0300][11376][20632][info][gc,stats    ] 
[2025-05-18T21:31:02.140+0300][11376][20632][info][gc,stats    ] Allocation pacing accrued:
[2025-05-18T21:31:02.140+0300][11376][20632][info][gc,stats    ]       0 of  1381 ms (  0.0%): <total>
[2025-05-18T21:31:02.140+0300][11376][20632][info][gc,stats    ]       0 of  1381 ms (  0.0%): <average total>
[2025-05-18T21:31:02.140+0300][11376][20632][info][gc,stats    ] 
[2025-05-18T21:31:02.140+0300][11376][20632][info][gc,metaspace] Metaspace: 8500K(9472K)->8500K(9472K) NonClass: 7644K(8256K)->7644K(8256K) Class: 856K(1216K)->856K(1216K)
[2025-05-18T21:31:02.140+0300][11376][20632][info][gc,ergo     ] Pacer for Idle. Initial: 83886K, Alloc Tax Rate: 1.0x
[2025-05-18T21:31:03.698+0300][11376][20632][info][gc          ] Trigger: Average GC time (221.24 ms) is above the time for average allocation rate (2023 MB/s) to deplete free headroom (436M) (margin of error = 1.80)
[2025-05-18T21:31:03.698+0300][11376][20632][info][gc,ergo     ] Free headroom: 641M (free) - 204M (spike) - 0B (penalties) = 436M
[2025-05-18T21:31:03.698+0300][11376][20632][info][gc,ergo     ] Free: 641M, Max: 2048K regular, 640M humongous, Frag: 0% external, 0% internal; Reserve: 206M, Max: 2048K
[2025-05-18T21:31:03.698+0300][11376][20632][info][gc,start    ] GC(8) Concurrent reset
[2025-05-18T21:31:03.698+0300][11376][20632][info][gc,task     ] GC(8) Using 2 of 4 workers for concurrent reset
[2025-05-18T21:31:03.698+0300][11376][20632][info][gc,ergo     ] GC(8) Pacer for Reset. Non-Taxable: 4096M
[2025-05-18T21:31:03.701+0300][11376][20632][info][gc          ] GC(8) Concurrent reset 3.121ms
[2025-05-18T21:31:03.701+0300][11376][5460 ][info][gc,start    ] GC(8) Pause Init Mark (unload classes)
[2025-05-18T21:31:03.702+0300][11376][5460 ][info][gc,task     ] GC(8) Using 4 of 4 workers for init marking
[2025-05-18T21:31:03.702+0300][11376][5460 ][info][gc,ergo     ] GC(8) Pacer for Mark. Expected Live: 10558K, Free: 637M, Non-Taxable: 65278K, Alloc Tax Rate: 0.0x
[2025-05-18T21:31:03.702+0300][11376][5460 ][info][gc          ] GC(8) Pause Init Mark (unload classes) 0.185ms
[2025-05-18T21:31:03.702+0300][11376][20632][info][gc,start    ] GC(8) Concurrent marking roots
[2025-05-18T21:31:03.702+0300][11376][20632][info][gc,task     ] GC(8) Using 2 of 4 workers for concurrent marking roots
[2025-05-18T21:31:03.703+0300][11376][20632][info][gc          ] GC(8) Concurrent marking roots 0.364ms
[2025-05-18T21:31:03.703+0300][11376][20632][info][gc,start    ] GC(8) Concurrent marking (unload classes)
[2025-05-18T21:31:03.703+0300][11376][20632][info][gc,task     ] GC(8) Using 2 of 4 workers for concurrent marking
[2025-05-18T21:31:03.710+0300][11376][20632][info][gc          ] GC(8) Concurrent marking (unload classes) 7.094ms
[2025-05-18T21:31:03.710+0300][11376][5460 ][info][gc,start    ] GC(8) Pause Final Mark (unload classes)
[2025-05-18T21:31:03.710+0300][11376][5460 ][info][gc,task     ] GC(8) Using 4 of 4 workers for final marking
[2025-05-18T21:31:03.710+0300][11376][5460 ][info][gc,ergo     ] GC(8) Adaptive CSet Selection. Target Free: 580M, Actual Free: 3450M, Max CSet: 170M, Min Garbage: 0B
[2025-05-18T21:31:03.710+0300][11376][5460 ][info][gc,ergo     ] GC(8) Collectable Garbage: 3235M (99%), Immediate: 2632M (81%), CSet: 603M (18%)
[2025-05-18T21:31:03.710+0300][11376][5460 ][info][gc,ergo     ] GC(8) Pacer for Evacuation. Used CSet: 605M, Free: 3244M, Non-Taxable: 324M, Alloc Tax Rate: 1.1x
[2025-05-18T21:31:03.710+0300][11376][5460 ][info][gc          ] GC(8) Pause Final Mark (unload classes) 0.466ms
[2025-05-18T21:31:03.710+0300][11376][20632][info][gc,start    ] GC(8) Concurrent thread roots
[2025-05-18T21:31:03.710+0300][11376][20632][info][gc,task     ] GC(8) Using 2 of 4 workers for Concurrent thread roots
[2025-05-18T21:31:03.711+0300][11376][20632][info][gc          ] GC(8) Concurrent thread roots 0.593ms
[2025-05-18T21:31:03.711+0300][11376][20632][info][gc,start    ] GC(8) Concurrent weak references
[2025-05-18T21:31:03.711+0300][11376][20632][info][gc,task     ] GC(8) Using 2 of 4 workers for concurrent weak references
[2025-05-18T21:31:03.711+0300][11376][20632][info][gc,ref      ] GC(8) Encountered references: Soft: 301, Weak: 1257, Final: 3, Phantom: 50
[2025-05-18T21:31:03.711+0300][11376][20632][info][gc,ref      ] GC(8) Discovered  references: Soft: 0, Weak: 764, Final: 1, Phantom: 36
[2025-05-18T21:31:03.711+0300][11376][20632][info][gc,ref      ] GC(8) Enqueued    references: Soft: 0, Weak: 576, Final: 0, Phantom: 0
[2025-05-18T21:31:03.711+0300][11376][20632][info][gc          ] GC(8) Concurrent weak references 0.431ms
[2025-05-18T21:31:03.711+0300][11376][20632][info][gc,start    ] GC(8) Concurrent weak roots
[2025-05-18T21:31:03.712+0300][11376][20632][info][gc,task     ] GC(8) Using 2 of 4 workers for concurrent weak root
[2025-05-18T21:31:03.730+0300][11376][20632][info][gc          ] GC(8) Concurrent weak roots 18.100ms
[2025-05-18T21:31:03.730+0300][11376][20632][info][gc,start    ] GC(8) Concurrent cleanup
[2025-05-18T21:31:03.732+0300][11376][20632][info][gc          ] GC(8) Concurrent cleanup 3305M->677M(4096M) 2.341ms
[2025-05-18T21:31:03.732+0300][11376][20632][info][gc,ergo     ] GC(8) Free: 3206M, Max: 2048K regular, 574M humongous, Frag: 83% external, 0% internal; Reserve: 204M, Max: 2048K
[2025-05-18T21:31:03.732+0300][11376][20632][info][gc,start    ] GC(8) Concurrent class unloading
[2025-05-18T21:31:03.732+0300][11376][20632][info][gc,task     ] GC(8) Using 2 of 4 workers for concurrent class unloading
[2025-05-18T21:31:03.745+0300][11376][20632][info][gc          ] GC(8) Concurrent class unloading 12.479ms
[2025-05-18T21:31:03.745+0300][11376][20632][info][gc,start    ] GC(8) Concurrent strong roots
[2025-05-18T21:31:03.745+0300][11376][20632][info][gc,task     ] GC(8) Using 2 of 4 workers for concurrent strong root
[2025-05-18T21:31:03.745+0300][11376][20632][info][gc          ] GC(8) Concurrent strong roots 0.344ms
[2025-05-18T21:31:03.745+0300][11376][20632][info][gc,start    ] GC(8) Concurrent evacuation
[2025-05-18T21:31:03.745+0300][11376][20632][info][gc,task     ] GC(8) Using 2 of 4 workers for concurrent evacuation
[2025-05-18T21:31:03.755+0300][11376][20632][info][gc          ] GC(8) Concurrent evacuation 10.144ms
[2025-05-18T21:31:03.756+0300][11376][5460 ][info][gc,start    ] GC(8) Pause Init Update Refs
[2025-05-18T21:31:03.756+0300][11376][5460 ][info][gc,ergo     ] GC(8) Pacer for Update Refs. Used: 709M, Free: 3176M, Non-Taxable: 317M, Alloc Tax Rate: 1.1x
[2025-05-18T21:31:03.756+0300][11376][5460 ][info][gc          ] GC(8) Pause Init Update Refs 0.133ms
[2025-05-18T21:31:03.756+0300][11376][20632][info][gc,start    ] GC(8) Concurrent update references
[2025-05-18T21:31:03.756+0300][11376][20632][info][gc,task     ] GC(8) Using 2 of 4 workers for concurrent reference update
[2025-05-18T21:31:03.764+0300][11376][20632][info][gc          ] GC(8) Concurrent update references 7.436ms
[2025-05-18T21:31:03.764+0300][11376][20632][info][gc,start    ] GC(8) Concurrent update thread roots
[2025-05-18T21:31:03.776+0300][11376][20632][info][gc          ] GC(8) Concurrent update thread roots 12.005ms
[2025-05-18T21:31:03.776+0300][11376][5460 ][info][gc,start    ] GC(8) Pause Final Update Refs
[2025-05-18T21:31:03.776+0300][11376][5460 ][info][gc,task     ] GC(8) Using 4 of 4 workers for final reference update
[2025-05-18T21:31:03.776+0300][11376][5460 ][info][gc          ] GC(8) Pause Final Update Refs 0.204ms
[2025-05-18T21:31:03.776+0300][11376][20632][info][gc,start    ] GC(8) Concurrent cleanup
[2025-05-18T21:31:03.776+0300][11376][20632][info][gc          ] GC(8) Concurrent cleanup 739M->134M(4096M) 0.124ms
[2025-05-18T21:31:03.776+0300][11376][20632][info][gc,ergo     ] Free: 3749M, Max: 2048K regular, 3162M humongous, Frag: 16% external, 0% internal; Reserve: 206M, Max: 2048K
[2025-05-18T21:31:03.776+0300][11376][20632][info][gc,stats    ] 
[2025-05-18T21:31:03.776+0300][11376][20632][info][gc,stats    ] All times are wall-clock times, except per-root-class counters, that are sum over
[2025-05-18T21:31:03.776+0300][11376][20632][info][gc,stats    ] all workers. Dividing the <total> over the root stage time estimates parallelism.
[2025-05-18T21:31:03.776+0300][11376][20632][info][gc,stats    ] 
[2025-05-18T21:31:03.777+0300][11376][20632][info][gc,stats    ] Concurrent Reset                   3206 us
[2025-05-18T21:31:03.777+0300][11376][20632][info][gc,stats    ] Pause Init Mark (G)                 737 us
[2025-05-18T21:31:03.777+0300][11376][20632][info][gc,stats    ] Pause Init Mark (N)                 213 us
[2025-05-18T21:31:03.777+0300][11376][20632][info][gc,stats    ]   Update Region States               30 us
[2025-05-18T21:31:03.777+0300][11376][20632][info][gc,stats    ] Concurrent Mark Roots               409 us, parallelism: 0.85x
[2025-05-18T21:31:03.777+0300][11376][20632][info][gc,stats    ]   CMR: <total>                      349 us
[2025-05-18T21:31:03.777+0300][11376][20632][info][gc,stats    ]   CMR: Thread Roots                 228 us, workers (us):  62, 166, ---, ---, 
[2025-05-18T21:31:03.777+0300][11376][20632][info][gc,stats    ]   CMR: VM Strong Roots               13 us, workers (us):  12,   1, ---, ---, 
[2025-05-18T21:31:03.777+0300][11376][20632][info][gc,stats    ]   CMR: CLDG Roots                   109 us, workers (us): 109, ---, ---, ---, 
[2025-05-18T21:31:03.777+0300][11376][20632][info][gc,stats    ] Concurrent Marking                 7178 us
[2025-05-18T21:31:03.777+0300][11376][20632][info][gc,stats    ] Pause Final Mark (G)                604 us
[2025-05-18T21:31:03.777+0300][11376][20632][info][gc,stats    ] Pause Final Mark (N)                496 us
[2025-05-18T21:31:03.777+0300][11376][20632][info][gc,stats    ]   Finish Mark                        61 us
[2025-05-18T21:31:03.777+0300][11376][20632][info][gc,stats    ]   Update Region States               44 us
[2025-05-18T21:31:03.777+0300][11376][20632][info][gc,stats    ]   Choose Collection Set             178 us
[2025-05-18T21:31:03.777+0300][11376][20632][info][gc,stats    ]   Rebuild Free Set                   34 us
[2025-05-18T21:31:03.777+0300][11376][20632][info][gc,stats    ] Concurrent Thread Roots             651 us, parallelism: 1.43x
[2025-05-18T21:31:03.777+0300][11376][20632][info][gc,stats    ]   CTR: <total>                      931 us
[2025-05-18T21:31:03.777+0300][11376][20632][info][gc,stats    ]   CTR: Thread Roots                 931 us, workers (us): 460, 470, ---, ---, 
[2025-05-18T21:31:03.777+0300][11376][20632][info][gc,stats    ] Concurrent Weak References          463 us, parallelism: 0.55x
[2025-05-18T21:31:03.777+0300][11376][20632][info][gc,stats    ]   CWRF: <total>                     257 us
[2025-05-18T21:31:03.777+0300][11376][20632][info][gc,stats    ]   CWRF: Weak References             257 us, workers (us): 219,  37, ---, ---, 
[2025-05-18T21:31:03.777+0300][11376][20632][info][gc,stats    ] Concurrent Weak Roots             18189 us
[2025-05-18T21:31:03.777+0300][11376][20632][info][gc,stats    ]   Roots                            1397 us, parallelism: 1.85x
[2025-05-18T21:31:03.777+0300][11376][20632][info][gc,stats    ]     CWR: <total>                   2584 us
[2025-05-18T21:31:03.777+0300][11376][20632][info][gc,stats    ]     CWR: Code Cache Roots          2063 us, workers (us): 988, 1075, ---, ---, 
[2025-05-18T21:31:03.777+0300][11376][20632][info][gc,stats    ]     CWR: VM Weak Roots              506 us, workers (us): 244, 262, ---, ---, 
[2025-05-18T21:31:03.777+0300][11376][20632][info][gc,stats    ]     CWR: CLDG Roots                  15 us, workers (us):  15, ---, ---, ---, 
[2025-05-18T21:31:03.777+0300][11376][20632][info][gc,stats    ]   Rendezvous                      16640 us
[2025-05-18T21:31:03.777+0300][11376][20632][info][gc,stats    ] Concurrent Cleanup                 2489 us
[2025-05-18T21:31:03.777+0300][11376][20632][info][gc,stats    ] Concurrent Class Unloading        12563 us
[2025-05-18T21:31:03.777+0300][11376][20632][info][gc,stats    ]   Unlink Stale                     2801 us
[2025-05-18T21:31:03.777+0300][11376][20632][info][gc,stats    ]     System Dictionary                26 us
[2025-05-18T21:31:03.777+0300][11376][20632][info][gc,stats    ]     Weak Class Links                  0 us
[2025-05-18T21:31:03.778+0300][11376][20632][info][gc,stats    ]     Code Roots                     2772 us
[2025-05-18T21:31:03.778+0300][11376][20632][info][gc,stats    ]   Rendezvous                       9471 us
[2025-05-18T21:31:03.778+0300][11376][20632][info][gc,stats    ]   Purge Unlinked                    140 us
[2025-05-18T21:31:03.778+0300][11376][20632][info][gc,stats    ]     Code Roots                      121 us
[2025-05-18T21:31:03.778+0300][11376][20632][info][gc,stats    ]     CLDG                             19 us
[2025-05-18T21:31:03.778+0300][11376][20632][info][gc,stats    ]     Exception Caches                  0 us
[2025-05-18T21:31:03.778+0300][11376][20632][info][gc,stats    ] Concurrent Strong Roots             392 us, parallelism: 0.58x
[2025-05-18T21:31:03.778+0300][11376][20632][info][gc,stats    ]   CSR: <total>                      226 us
[2025-05-18T21:31:03.778+0300][11376][20632][info][gc,stats    ]   CSR: VM Strong Roots               15 us, workers (us):   7,   8, ---, ---, 
[2025-05-18T21:31:03.778+0300][11376][20632][info][gc,stats    ]   CSR: CLDG Roots                   211 us, workers (us): 211, ---, ---, ---, 
[2025-05-18T21:31:03.778+0300][11376][20632][info][gc,stats    ] Concurrent Evacuation             10231 us
[2025-05-18T21:31:03.778+0300][11376][20632][info][gc,stats    ] Pause Init Update Refs (G)          641 us
[2025-05-18T21:31:03.778+0300][11376][20632][info][gc,stats    ] Pause Init Update Refs (N)          163 us
[2025-05-18T21:31:03.778+0300][11376][20632][info][gc,stats    ]   Manage GCLABs                       8 us
[2025-05-18T21:31:03.778+0300][11376][20632][info][gc,stats    ] Concurrent Update Refs             7514 us
[2025-05-18T21:31:03.778+0300][11376][20632][info][gc,stats    ] Concurrent Update Thread Roots    12088 us
[2025-05-18T21:31:03.778+0300][11376][20632][info][gc,stats    ] Pause Final Update Refs (G)         391 us
[2025-05-18T21:31:03.778+0300][11376][20632][info][gc,stats    ] Pause Final Update Refs (N)         243 us
[2025-05-18T21:31:03.778+0300][11376][20632][info][gc,stats    ]   Update Region States               47 us
[2025-05-18T21:31:03.778+0300][11376][20632][info][gc,stats    ]   Trash Collection Set               15 us
[2025-05-18T21:31:03.778+0300][11376][20632][info][gc,stats    ]   Rebuild Free Set                   32 us
[2025-05-18T21:31:03.778+0300][11376][20632][info][gc,stats    ] Concurrent Cleanup                  165 us
[2025-05-18T21:31:03.778+0300][11376][20632][info][gc,stats    ] 
[2025-05-18T21:31:03.778+0300][11376][20632][info][gc,stats    ] Allocation pacing accrued:
[2025-05-18T21:31:03.778+0300][11376][20632][info][gc,stats    ]       0 of  1639 ms (  0.0%): <total>
[2025-05-18T21:31:03.778+0300][11376][20632][info][gc,stats    ]       0 of  1639 ms (  0.0%): <average total>
[2025-05-18T21:31:03.778+0300][11376][20632][info][gc,stats    ] 
[2025-05-18T21:31:03.778+0300][11376][20632][info][gc,metaspace] Metaspace: 8504K(9472K)->8504K(9472K) NonClass: 7648K(8256K)->7648K(8256K) Class: 856K(1216K)->856K(1216K)
[2025-05-18T21:31:03.778+0300][11376][20632][info][gc,ergo     ] Pacer for Idle. Initial: 83886K, Alloc Tax Rate: 1.0x
[2025-05-18T21:31:05.380+0300][11376][20632][info][gc          ] Trigger: Average GC time (176.89 ms) is above the time for average allocation rate (2149 MB/s) to deplete free headroom (347M) (margin of error = 1.79)
[2025-05-18T21:31:05.380+0300][11376][20632][info][gc,ergo     ] Free headroom: 551M (free) - 204M (spike) - 0B (penalties) = 347M
[2025-05-18T21:31:05.380+0300][11376][20632][info][gc,ergo     ] Free: 551M, Max: 2048K regular, 550M humongous, Frag: 0% external, 0% internal; Reserve: 206M, Max: 2048K
[2025-05-18T21:31:05.380+0300][11376][20632][info][gc,start    ] GC(9) Concurrent reset
[2025-05-18T21:31:05.380+0300][11376][20632][info][gc,task     ] GC(9) Using 2 of 4 workers for concurrent reset
[2025-05-18T21:31:05.380+0300][11376][20632][info][gc,ergo     ] GC(9) Pacer for Reset. Non-Taxable: 4096M
[2025-05-18T21:31:05.382+0300][11376][20632][info][gc          ] GC(9) Concurrent reset 1.704ms
[2025-05-18T21:31:05.382+0300][11376][5460 ][info][gc,start    ] GC(9) Pause Init Mark (unload classes)
[2025-05-18T21:31:05.382+0300][11376][5460 ][info][gc,task     ] GC(9) Using 4 of 4 workers for init marking
[2025-05-18T21:31:05.382+0300][11376][5460 ][info][gc,ergo     ] GC(9) Pacer for Mark. Expected Live: 10576K, Free: 549M, Non-Taxable: 56318K, Alloc Tax Rate: 0.0x
[2025-05-18T21:31:05.382+0300][11376][5460 ][info][gc          ] GC(9) Pause Init Mark (unload classes) 0.162ms
[2025-05-18T21:31:05.382+0300][11376][20632][info][gc,start    ] GC(9) Concurrent marking roots
[2025-05-18T21:31:05.382+0300][11376][20632][info][gc,task     ] GC(9) Using 2 of 4 workers for concurrent marking roots
[2025-05-18T21:31:05.382+0300][11376][20632][info][gc          ] GC(9) Concurrent marking roots 0.280ms
[2025-05-18T21:31:05.382+0300][11376][20632][info][gc,start    ] GC(9) Concurrent marking (unload classes)
[2025-05-18T21:31:05.382+0300][11376][20632][info][gc,task     ] GC(9) Using 2 of 4 workers for concurrent marking
[2025-05-18T21:31:05.428+0300][11376][20632][info][gc          ] GC(9) Concurrent marking (unload classes) 44.830ms
[2025-05-18T21:31:05.428+0300][11376][5460 ][info][gc,start    ] GC(9) Pause Final Mark (unload classes)
[2025-05-18T21:31:05.428+0300][11376][5460 ][info][gc,task     ] GC(9) Using 4 of 4 workers for final marking
[2025-05-18T21:31:05.428+0300][11376][5460 ][info][gc,ergo     ] GC(9) Adaptive CSet Selection. Target Free: 580M, Actual Free: 3352M, Max CSet: 170M, Min Garbage: 0B
[2025-05-18T21:31:05.428+0300][11376][5460 ][info][gc,ergo     ] GC(9) Collectable Garbage: 3322M (99%), Immediate: 2702M (81%), CSet: 620M (18%)
[2025-05-18T21:31:05.428+0300][11376][5460 ][info][gc,ergo     ] GC(9) Pacer for Evacuation. Used CSet: 622M, Free: 3147M, Non-Taxable: 314M, Alloc Tax Rate: 1.1x
[2025-05-18T21:31:05.428+0300][11376][5460 ][info][gc          ] GC(9) Pause Final Mark (unload classes) 0.450ms
[2025-05-18T21:31:05.428+0300][11376][20632][info][gc,start    ] GC(9) Concurrent thread roots
[2025-05-18T21:31:05.428+0300][11376][20632][info][gc,task     ] GC(9) Using 2 of 4 workers for Concurrent thread roots
[2025-05-18T21:31:05.428+0300][11376][20632][info][gc          ] GC(9) Concurrent thread roots 0.256ms
[2025-05-18T21:31:05.428+0300][11376][20632][info][gc,start    ] GC(9) Concurrent weak references
[2025-05-18T21:31:05.428+0300][11376][20632][info][gc,task     ] GC(9) Using 2 of 4 workers for concurrent weak references
[2025-05-18T21:31:05.429+0300][11376][20632][info][gc,ref      ] GC(9) Encountered references: Soft: 301, Weak: 1271, Final: 3, Phantom: 50
[2025-05-18T21:31:05.429+0300][11376][20632][info][gc,ref      ] GC(9) Discovered  references: Soft: 0, Weak: 777, Final: 1, Phantom: 39
[2025-05-18T21:31:05.429+0300][11376][20632][info][gc,ref      ] GC(9) Enqueued    references: Soft: 0, Weak: 551, Final: 0, Phantom: 0
[2025-05-18T21:31:05.429+0300][11376][20632][info][gc          ] GC(9) Concurrent weak references 0.599ms
[2025-05-18T21:31:05.429+0300][11376][20632][info][gc,start    ] GC(9) Concurrent weak roots
[2025-05-18T21:31:05.429+0300][11376][20632][info][gc,task     ] GC(9) Using 2 of 4 workers for concurrent weak root
[2025-05-18T21:31:05.443+0300][11376][20632][info][gc          ] GC(9) Concurrent weak roots 13.614ms
[2025-05-18T21:31:05.443+0300][11376][20632][info][gc,start    ] GC(9) Concurrent cleanup
[2025-05-18T21:31:05.443+0300][11376][20632][info][gc          ] GC(9) Concurrent cleanup 3472M->770M(4096M) 0.172ms
[2025-05-18T21:31:05.443+0300][11376][20632][info][gc,ergo     ] GC(9) Free: 3113M, Max: 2048K regular, 410M humongous, Frag: 87% external, 0% internal; Reserve: 205M, Max: 2048K
[2025-05-18T21:31:05.443+0300][11376][20632][info][gc,start    ] GC(9) Concurrent class unloading
[2025-05-18T21:31:05.443+0300][11376][20632][info][gc,task     ] GC(9) Using 2 of 4 workers for concurrent class unloading
[2025-05-18T21:31:05.446+0300][11376][20632][info][gc          ] GC(9) Concurrent class unloading 3.014ms
[2025-05-18T21:31:05.446+0300][11376][20632][info][gc,start    ] GC(9) Concurrent strong roots
[2025-05-18T21:31:05.446+0300][11376][20632][info][gc,task     ] GC(9) Using 2 of 4 workers for concurrent strong root
[2025-05-18T21:31:05.446+0300][11376][20632][info][gc          ] GC(9) Concurrent strong roots 0.292ms
[2025-05-18T21:31:05.446+0300][11376][20632][info][gc,start    ] GC(9) Concurrent evacuation
[2025-05-18T21:31:05.446+0300][11376][20632][info][gc,task     ] GC(9) Using 2 of 4 workers for concurrent evacuation
[2025-05-18T21:31:05.452+0300][11376][20632][info][gc          ] GC(9) Concurrent evacuation 5.183ms
[2025-05-18T21:31:05.452+0300][11376][5460 ][info][gc,start    ] GC(9) Pause Init Update Refs
[2025-05-18T21:31:05.452+0300][11376][5460 ][info][gc,ergo     ] GC(9) Pacer for Update Refs. Used: 788M, Free: 3097M, Non-Taxable: 309M, Alloc Tax Rate: 1.1x
[2025-05-18T21:31:05.452+0300][11376][5460 ][info][gc          ] GC(9) Pause Init Update Refs 0.090ms
[2025-05-18T21:31:05.452+0300][11376][20632][info][gc,start    ] GC(9) Concurrent update references
[2025-05-18T21:31:05.452+0300][11376][20632][info][gc,task     ] GC(9) Using 2 of 4 workers for concurrent reference update
[2025-05-18T21:31:05.478+0300][11376][20632][info][gc          ] GC(9) Concurrent update references 26.398ms
[2025-05-18T21:31:05.478+0300][11376][20632][info][gc,start    ] GC(9) Concurrent update thread roots
[2025-05-18T21:31:05.480+0300][11376][20632][info][gc          ] GC(9) Concurrent update thread roots 2.105ms
[2025-05-18T21:31:05.481+0300][11376][5460 ][info][gc,start    ] GC(9) Pause Final Update Refs
[2025-05-18T21:31:05.481+0300][11376][5460 ][info][gc,task     ] GC(9) Using 4 of 4 workers for final reference update
[2025-05-18T21:31:05.481+0300][11376][5460 ][info][gc          ] GC(9) Pause Final Update Refs 0.193ms
[2025-05-18T21:31:05.481+0300][11376][20632][info][gc,start    ] GC(9) Concurrent cleanup
[2025-05-18T21:31:05.481+0300][11376][20632][info][gc          ] GC(9) Concurrent cleanup 832M->210M(4096M) 0.215ms
[2025-05-18T21:31:05.481+0300][11376][20632][info][gc,ergo     ] Free: 3673M, Max: 2048K regular, 3246M humongous, Frag: 12% external, 0% internal; Reserve: 206M, Max: 2048K
[2025-05-18T21:31:05.481+0300][11376][20632][info][gc,stats    ] 
[2025-05-18T21:31:05.481+0300][11376][20632][info][gc,stats    ] All times are wall-clock times, except per-root-class counters, that are sum over
[2025-05-18T21:31:05.481+0300][11376][20632][info][gc,stats    ] all workers. Dividing the <total> over the root stage time estimates parallelism.
[2025-05-18T21:31:05.481+0300][11376][20632][info][gc,stats    ] 
[2025-05-18T21:31:05.481+0300][11376][20632][info][gc,stats    ] Concurrent Reset                   1765 us
[2025-05-18T21:31:05.481+0300][11376][20632][info][gc,stats    ] Pause Init Mark (G)                 378 us
[2025-05-18T21:31:05.481+0300][11376][20632][info][gc,stats    ] Pause Init Mark (N)                 187 us
[2025-05-18T21:31:05.481+0300][11376][20632][info][gc,stats    ]   Update Region States               29 us
[2025-05-18T21:31:05.481+0300][11376][20632][info][gc,stats    ] Concurrent Mark Roots               312 us, parallelism: 0.77x
[2025-05-18T21:31:05.481+0300][11376][20632][info][gc,stats    ]   CMR: <total>                      240 us
[2025-05-18T21:31:05.481+0300][11376][20632][info][gc,stats    ]   CMR: Thread Roots                 131 us, workers (us):  33,  98, ---, ---, 
[2025-05-18T21:31:05.481+0300][11376][20632][info][gc,stats    ]   CMR: VM Strong Roots               16 us, workers (us):   7,   9, ---, ---, 
[2025-05-18T21:31:05.481+0300][11376][20632][info][gc,stats    ]   CMR: CLDG Roots                    94 us, workers (us):  94, ---, ---, ---, 
[2025-05-18T21:31:05.482+0300][11376][20632][info][gc,stats    ] Concurrent Marking                44906 us
[2025-05-18T21:31:05.482+0300][11376][20632][info][gc,stats    ] Pause Final Mark (G)                758 us
[2025-05-18T21:31:05.482+0300][11376][20632][info][gc,stats    ] Pause Final Mark (N)                592 us
[2025-05-18T21:31:05.482+0300][11376][20632][info][gc,stats    ]   Finish Mark                        94 us
[2025-05-18T21:31:05.482+0300][11376][20632][info][gc,stats    ]   Update Region States               42 us
[2025-05-18T21:31:05.482+0300][11376][20632][info][gc,stats    ]   Choose Collection Set             157 us
[2025-05-18T21:31:05.482+0300][11376][20632][info][gc,stats    ]   Rebuild Free Set                   27 us
[2025-05-18T21:31:05.482+0300][11376][20632][info][gc,stats    ] Concurrent Thread Roots             290 us, parallelism: 0.87x
[2025-05-18T21:31:05.482+0300][11376][20632][info][gc,stats    ]   CTR: <total>                      253 us
[2025-05-18T21:31:05.482+0300][11376][20632][info][gc,stats    ]   CTR: Thread Roots                 253 us, workers (us): 140, 114, ---, ---, 
[2025-05-18T21:31:05.482+0300][11376][20632][info][gc,stats    ] Concurrent Weak References          627 us, parallelism: 1.04x
[2025-05-18T21:31:05.482+0300][11376][20632][info][gc,stats    ]   CWRF: <total>                     653 us
[2025-05-18T21:31:05.482+0300][11376][20632][info][gc,stats    ]   CWRF: Weak References             653 us, workers (us): 424, 229, ---, ---, 
[2025-05-18T21:31:05.482+0300][11376][20632][info][gc,stats    ] Concurrent Weak Roots             13686 us
[2025-05-18T21:31:05.482+0300][11376][20632][info][gc,stats    ]   Roots                             935 us, parallelism: 1.86x
[2025-05-18T21:31:05.482+0300][11376][20632][info][gc,stats    ]     CWR: <total>                   1735 us
[2025-05-18T21:31:05.482+0300][11376][20632][info][gc,stats    ]     CWR: Code Cache Roots          1229 us, workers (us): 598, 631, ---, ---, 
[2025-05-18T21:31:05.482+0300][11376][20632][info][gc,stats    ]     CWR: VM Weak Roots              492 us, workers (us): 254, 238, ---, ---, 
[2025-05-18T21:31:05.482+0300][11376][20632][info][gc,stats    ]     CWR: CLDG Roots                  14 us, workers (us): ---,  14, ---, ---, 
[2025-05-18T21:31:05.482+0300][11376][20632][info][gc,stats    ]   Rendezvous                      12622 us
[2025-05-18T21:31:05.482+0300][11376][20632][info][gc,stats    ] Concurrent Cleanup                  202 us
[2025-05-18T21:31:05.482+0300][11376][20632][info][gc,stats    ] Concurrent Class Unloading         3076 us
[2025-05-18T21:31:05.482+0300][11376][20632][info][gc,stats    ]   Unlink Stale                     2296 us
[2025-05-18T21:31:05.482+0300][11376][20632][info][gc,stats    ]     System Dictionary                22 us
[2025-05-18T21:31:05.482+0300][11376][20632][info][gc,stats    ]     Weak Class Links                  0 us
[2025-05-18T21:31:05.482+0300][11376][20632][info][gc,stats    ]     Code Roots                     2272 us
[2025-05-18T21:31:05.482+0300][11376][20632][info][gc,stats    ]   Rendezvous                        589 us
[2025-05-18T21:31:05.482+0300][11376][20632][info][gc,stats    ]   Purge Unlinked                     73 us
[2025-05-18T21:31:05.482+0300][11376][20632][info][gc,stats    ]     Code Roots                       63 us
[2025-05-18T21:31:05.482+0300][11376][20632][info][gc,stats    ]     CLDG                             10 us
[2025-05-18T21:31:05.482+0300][11376][20632][info][gc,stats    ]     Exception Caches                  0 us
[2025-05-18T21:31:05.482+0300][11376][20632][info][gc,stats    ] Concurrent Strong Roots             331 us, parallelism: 0.57x
[2025-05-18T21:31:05.482+0300][11376][20632][info][gc,stats    ]   CSR: <total>                      189 us
[2025-05-18T21:31:05.482+0300][11376][20632][info][gc,stats    ]   CSR: VM Strong Roots               11 us, workers (us):   6,   5, ---, ---, 
[2025-05-18T21:31:05.482+0300][11376][20632][info][gc,stats    ]   CSR: CLDG Roots                   178 us, workers (us): 178, ---, ---, ---, 
[2025-05-18T21:31:05.482+0300][11376][20632][info][gc,stats    ] Concurrent Evacuation              5248 us
[2025-05-18T21:31:05.482+0300][11376][20632][info][gc,stats    ] Pause Init Update Refs (G)          261 us
[2025-05-18T21:31:05.482+0300][11376][20632][info][gc,stats    ] Pause Init Update Refs (N)          114 us
[2025-05-18T21:31:05.482+0300][11376][20632][info][gc,stats    ]   Manage GCLABs                       6 us
[2025-05-18T21:31:05.482+0300][11376][20632][info][gc,stats    ] Concurrent Update Refs            26464 us
[2025-05-18T21:31:05.482+0300][11376][20632][info][gc,stats    ] Concurrent Update Thread Roots     2173 us
[2025-05-18T21:31:05.483+0300][11376][20632][info][gc,stats    ] Pause Final Update Refs (G)         349 us
[2025-05-18T21:31:05.483+0300][11376][20632][info][gc,stats    ] Pause Final Update Refs (N)         223 us
[2025-05-18T21:31:05.483+0300][11376][20632][info][gc,stats    ]   Update Region States               42 us
[2025-05-18T21:31:05.483+0300][11376][20632][info][gc,stats    ]   Trash Collection Set               14 us
[2025-05-18T21:31:05.483+0300][11376][20632][info][gc,stats    ]   Rebuild Free Set                   32 us
[2025-05-18T21:31:05.483+0300][11376][20632][info][gc,stats    ] Concurrent Cleanup                  259 us
[2025-05-18T21:31:05.483+0300][11376][20632][info][gc,stats    ] 
[2025-05-18T21:31:05.483+0300][11376][20632][info][gc,stats    ] Allocation pacing accrued:
[2025-05-18T21:31:05.483+0300][11376][20632][info][gc,stats    ]       0 of  1704 ms (  0.0%): <total>
[2025-05-18T21:31:05.483+0300][11376][20632][info][gc,stats    ]       0 of  1704 ms (  0.0%): <average total>
[2025-05-18T21:31:05.483+0300][11376][20632][info][gc,stats    ] 
[2025-05-18T21:31:05.483+0300][11376][20632][info][gc,metaspace] Metaspace: 8506K(9472K)->8506K(9472K) NonClass: 7650K(8256K)->7650K(8256K) Class: 856K(1216K)->856K(1216K)
[2025-05-18T21:31:05.483+0300][11376][20632][info][gc,ergo     ] Pacer for Idle. Initial: 83886K, Alloc Tax Rate: 1.0x
[2025-05-18T21:31:07.240+0300][11376][20632][info][gc          ] Trigger: Explicit GC request (System.gc())
[2025-05-18T21:31:07.240+0300][11376][20632][info][gc,ergo     ] Free: 1074M, Max: 2048K regular, 662M humongous, Frag: 39% external, 0% internal; Reserve: 206M, Max: 2048K
[2025-05-18T21:31:07.240+0300][11376][20632][info][gc,start    ] GC(10) Concurrent reset
[2025-05-18T21:31:07.240+0300][11376][20632][info][gc,task     ] GC(10) Using 2 of 4 workers for concurrent reset
[2025-05-18T21:31:07.240+0300][11376][20632][info][gc,ergo     ] GC(10) Pacer for Reset. Non-Taxable: 4096M
[2025-05-18T21:31:07.241+0300][11376][20632][info][gc          ] GC(10) Concurrent reset 1.026ms
[2025-05-18T21:31:07.241+0300][11376][5460 ][info][gc,start    ] GC(10) Pause Init Mark (unload classes)
[2025-05-18T21:31:07.241+0300][11376][5460 ][info][gc,task     ] GC(10) Using 4 of 4 workers for init marking
[2025-05-18T21:31:07.241+0300][11376][5460 ][info][gc,ref      ] GC(10) Clearing All SoftReferences
[2025-05-18T21:31:07.241+0300][11376][5460 ][info][gc,ergo     ] GC(10) Pacer for Mark. Expected Live: 10582K, Free: 1074M, Non-Taxable: 107M, Alloc Tax Rate: 0.0x
[2025-05-18T21:31:07.241+0300][11376][5460 ][info][gc          ] GC(10) Pause Init Mark (unload classes) 0.094ms
[2025-05-18T21:31:07.241+0300][11376][20632][info][gc,start    ] GC(10) Concurrent marking roots
[2025-05-18T21:31:07.241+0300][11376][20632][info][gc,task     ] GC(10) Using 2 of 4 workers for concurrent marking roots
[2025-05-18T21:31:07.241+0300][11376][20632][info][gc          ] GC(10) Concurrent marking roots 0.222ms
[2025-05-18T21:31:07.241+0300][11376][20632][info][gc,start    ] GC(10) Concurrent marking (unload classes)
[2025-05-18T21:31:07.241+0300][11376][20632][info][gc,task     ] GC(10) Using 2 of 4 workers for concurrent marking
[2025-05-18T21:31:07.243+0300][11376][20632][info][gc          ] GC(10) Concurrent marking (unload classes) 2.224ms
[2025-05-18T21:31:07.243+0300][11376][5460 ][info][gc,start    ] GC(10) Pause Final Mark (unload classes)
[2025-05-18T21:31:07.243+0300][11376][5460 ][info][gc,task     ] GC(10) Using 4 of 4 workers for final marking
[2025-05-18T21:31:07.243+0300][11376][5460 ][info][gc,ergo     ] GC(10) Collectable Garbage: 2788M (99%), Immediate: 2788M (99%), CSet: 0B (0%)
[2025-05-18T21:31:07.243+0300][11376][5460 ][info][gc          ] GC(10) Pause Final Mark (unload classes) 0.207ms
[2025-05-18T21:31:07.243+0300][11376][20632][info][gc,start    ] GC(10) Concurrent weak references
[2025-05-18T21:31:07.243+0300][11376][20632][info][gc,task     ] GC(10) Using 2 of 4 workers for concurrent weak references
[2025-05-18T21:31:07.243+0300][11376][20632][info][gc,ref      ] GC(10) Encountered references: Soft: 256, Weak: 687, Final: 3, Phantom: 41
[2025-05-18T21:31:07.243+0300][11376][20632][info][gc,ref      ] GC(10) Discovered  references: Soft: 201, Weak: 452, Final: 3, Phantom: 39
[2025-05-18T21:31:07.243+0300][11376][20632][info][gc,ref      ] GC(10) Enqueued    references: Soft: 98, Weak: 36, Final: 0, Phantom: 15
[2025-05-18T21:31:07.243+0300][11376][20632][info][gc          ] GC(10) Concurrent weak references 0.202ms
[2025-05-18T21:31:07.243+0300][11376][20632][info][gc,start    ] GC(10) Concurrent weak roots
[2025-05-18T21:31:07.243+0300][11376][20632][info][gc,task     ] GC(10) Using 2 of 4 workers for concurrent weak root
[2025-05-18T21:31:07.245+0300][11376][20632][info][gc          ] GC(10) Concurrent weak roots 0.832ms
[2025-05-18T21:31:07.245+0300][11376][20632][info][gc,start    ] GC(10) Concurrent cleanup
[2025-05-18T21:31:07.245+0300][11376][20632][info][gc          ] GC(10) Concurrent cleanup 2804M->16M(4096M) 0.090ms
[2025-05-18T21:31:07.245+0300][11376][20632][info][gc,ergo     ] GC(10) Free: 3867M, Max: 2048K regular, 2642M humongous, Frag: 32% external, 0% internal; Reserve: 206M, Max: 2048K
[2025-05-18T21:31:07.245+0300][11376][20632][info][gc,start    ] GC(10) Concurrent class unloading
[2025-05-18T21:31:07.245+0300][11376][20632][info][gc,task     ] GC(10) Using 2 of 4 workers for concurrent class unloading
[2025-05-18T21:31:07.248+0300][11376][20632][info][gc          ] GC(10) Concurrent class unloading 3.812ms
[2025-05-18T21:31:07.248+0300][11376][5460 ][info][gc,start    ] GC(10) Pause Final Roots
[2025-05-18T21:31:07.248+0300][11376][5460 ][info][gc          ] GC(10) Pause Final Roots 0.031ms
[2025-05-18T21:31:07.248+0300][11376][20632][info][gc,ergo     ] Free: 3867M, Max: 2048K regular, 2642M humongous, Frag: 32% external, 0% internal; Reserve: 206M, Max: 2048K
[2025-05-18T21:31:07.248+0300][11376][20632][info][gc,stats    ] 
[2025-05-18T21:31:07.248+0300][11376][20632][info][gc,stats    ] All times are wall-clock times, except per-root-class counters, that are sum over
[2025-05-18T21:31:07.248+0300][11376][20632][info][gc,stats    ] all workers. Dividing the <total> over the root stage time estimates parallelism.
[2025-05-18T21:31:07.248+0300][11376][20632][info][gc,stats    ] 
[2025-05-18T21:31:07.248+0300][11376][20632][info][gc,stats    ] Concurrent Reset                   1062 us
[2025-05-18T21:31:07.248+0300][11376][20632][info][gc,stats    ] Pause Init Mark (G)                 281 us
[2025-05-18T21:31:07.248+0300][11376][20632][info][gc,stats    ] Pause Init Mark (N)                 106 us
[2025-05-18T21:31:07.248+0300][11376][20632][info][gc,stats    ]   Update Region States               13 us
[2025-05-18T21:31:07.248+0300][11376][20632][info][gc,stats    ] Concurrent Mark Roots               253 us, parallelism: 0.41x
[2025-05-18T21:31:07.248+0300][11376][20632][info][gc,stats    ]   CMR: <total>                      105 us
[2025-05-18T21:31:07.248+0300][11376][20632][info][gc,stats    ]   CMR: Thread Roots                  51 us, workers (us):   2,  49, ---, ---, 
[2025-05-18T21:31:07.248+0300][11376][20632][info][gc,stats    ]   CMR: VM Strong Roots                6 us, workers (us):   4,   2, ---, ---, 
[2025-05-18T21:31:07.248+0300][11376][20632][info][gc,stats    ]   CMR: CLDG Roots                    48 us, workers (us):  48, ---, ---, ---, 
[2025-05-18T21:31:07.248+0300][11376][20632][info][gc,stats    ] Concurrent Marking                 2261 us
[2025-05-18T21:31:07.248+0300][11376][20632][info][gc,stats    ] Pause Final Mark (G)                299 us
[2025-05-18T21:31:07.248+0300][11376][20632][info][gc,stats    ] Pause Final Mark (N)                221 us
[2025-05-18T21:31:07.248+0300][11376][20632][info][gc,stats    ]   Finish Mark                        82 us
[2025-05-18T21:31:07.248+0300][11376][20632][info][gc,stats    ]   Update Region States               17 us
[2025-05-18T21:31:07.248+0300][11376][20632][info][gc,stats    ]   Choose Collection Set              50 us
[2025-05-18T21:31:07.248+0300][11376][20632][info][gc,stats    ]   Rebuild Free Set                   11 us
[2025-05-18T21:31:07.248+0300][11376][20632][info][gc,stats    ] Concurrent Weak References          216 us, parallelism: 0.14x
[2025-05-18T21:31:07.248+0300][11376][20632][info][gc,stats    ]   CWRF: <total>                      31 us
[2025-05-18T21:31:07.249+0300][11376][20632][info][gc,stats    ]   CWRF: Weak References              31 us, workers (us):  21,  10, ---, ---, 
[2025-05-18T21:31:07.249+0300][11376][20632][info][gc,stats    ] Concurrent Weak Roots               887 us
[2025-05-18T21:31:07.249+0300][11376][20632][info][gc,stats    ]   Roots                             708 us, parallelism: 1.66x
[2025-05-18T21:31:07.249+0300][11376][20632][info][gc,stats    ]     CWR: <total>                   1176 us
[2025-05-18T21:31:07.249+0300][11376][20632][info][gc,stats    ]     CWR: Code Cache Roots           962 us, workers (us): 480, 482, ---, ---, 
[2025-05-18T21:31:07.249+0300][11376][20632][info][gc,stats    ]     CWR: VM Weak Roots              208 us, workers (us): 107, 102, ---, ---, 
[2025-05-18T21:31:07.249+0300][11376][20632][info][gc,stats    ]     CWR: CLDG Roots                   6 us, workers (us): ---,   6, ---, ---, 
[2025-05-18T21:31:07.249+0300][11376][20632][info][gc,stats    ]   Rendezvous                         99 us
[2025-05-18T21:31:07.249+0300][11376][20632][info][gc,stats    ] Concurrent Cleanup                  103 us
[2025-05-18T21:31:07.249+0300][11376][20632][info][gc,stats    ] Concurrent Class Unloading         3868 us
[2025-05-18T21:31:07.249+0300][11376][20632][info][gc,stats    ]   Unlink Stale                     3339 us
[2025-05-18T21:31:07.249+0300][11376][20632][info][gc,stats    ]     System Dictionary               121 us
[2025-05-18T21:31:07.249+0300][11376][20632][info][gc,stats    ]     Weak Class Links               1859 us
[2025-05-18T21:31:07.249+0300][11376][20632][info][gc,stats    ]     Code Roots                     1358 us
[2025-05-18T21:31:07.249+0300][11376][20632][info][gc,stats    ]   Rendezvous                        134 us
[2025-05-18T21:31:07.249+0300][11376][20632][info][gc,stats    ]   Purge Unlinked                    314 us
[2025-05-18T21:31:07.249+0300][11376][20632][info][gc,stats    ]     Code Roots                      214 us
[2025-05-18T21:31:07.249+0300][11376][20632][info][gc,stats    ]     CLDG                            101 us
[2025-05-18T21:31:07.249+0300][11376][20632][info][gc,stats    ]     Exception Caches                  0 us
[2025-05-18T21:31:07.249+0300][11376][20632][info][gc,stats    ] Pause Final Roots (G)               228 us
[2025-05-18T21:31:07.249+0300][11376][20632][info][gc,stats    ] Pause Final Roots (N)                47 us
[2025-05-18T21:31:07.249+0300][11376][20632][info][gc,stats    ] 
[2025-05-18T21:31:07.249+0300][11376][20632][info][gc,stats    ] Allocation pacing accrued:
[2025-05-18T21:31:07.249+0300][11376][20632][info][gc,stats    ]       0 of  1766 ms (  0.0%): <total>
[2025-05-18T21:31:07.249+0300][11376][20632][info][gc,stats    ]       0 of  1766 ms (  0.0%): <average total>
[2025-05-18T21:31:07.249+0300][11376][20632][info][gc,stats    ] 
[2025-05-18T21:31:07.249+0300][11376][20632][info][gc,metaspace] Metaspace: 8689K(9664K)->8608K(9664K) NonClass: 7816K(8384K)->7757K(8384K) Class: 873K(1280K)->850K(1280K)
[2025-05-18T21:31:07.249+0300][11376][20632][info][gc,ergo     ] Pacer for Idle. Initial: 83886K, Alloc Tax Rate: 1.0x
[2025-05-18T21:31:07.790+0300][11376][20632][info][gc          ] Trigger: Learning 2 of 5. Free (2845M) is below initial threshold (2867M)
[2025-05-18T21:31:07.790+0300][11376][20632][info][gc,ergo     ] Free: 2845M, Max: 2048K regular, 1622M humongous, Frag: 43% external, 0% internal; Reserve: 206M, Max: 2048K
[2025-05-18T21:31:07.790+0300][11376][20632][info][gc,start    ] GC(11) Concurrent reset
[2025-05-18T21:31:07.790+0300][11376][20632][info][gc,task     ] GC(11) Using 2 of 4 workers for concurrent reset
[2025-05-18T21:31:07.790+0300][11376][20632][info][gc,ergo     ] GC(11) Pacer for Reset. Non-Taxable: 4096M
[2025-05-18T21:31:07.790+0300][11376][20632][info][gc          ] GC(11) Concurrent reset 0.232ms
[2025-05-18T21:31:07.790+0300][11376][5460 ][info][gc,start    ] GC(11) Pause Init Mark (unload classes)
[2025-05-18T21:31:07.790+0300][11376][5460 ][info][gc,task     ] GC(11) Using 4 of 4 workers for init marking
[2025-05-18T21:31:07.790+0300][11376][5460 ][info][gc,ergo     ] GC(11) Pacer for Mark. Expected Live: 10425K, Free: 2845M, Non-Taxable: 284M, Alloc Tax Rate: 0.0x
[2025-05-18T21:31:07.790+0300][11376][5460 ][info][gc          ] GC(11) Pause Init Mark (unload classes) 0.208ms
[2025-05-18T21:31:07.790+0300][11376][20632][info][gc,start    ] GC(11) Concurrent marking roots
[2025-05-18T21:31:07.791+0300][11376][20632][info][gc,task     ] GC(11) Using 2 of 4 workers for concurrent marking roots
[2025-05-18T21:31:07.791+0300][11376][20632][info][gc          ] GC(11) Concurrent marking roots 0.290ms
[2025-05-18T21:31:07.791+0300][11376][20632][info][gc,start    ] GC(11) Concurrent marking (unload classes)
[2025-05-18T21:31:07.791+0300][11376][20632][info][gc,task     ] GC(11) Using 2 of 4 workers for concurrent marking
[2025-05-18T21:31:07.796+0300][11376][20632][info][gc          ] GC(11) Concurrent marking (unload classes) 5.568ms
[2025-05-18T21:31:07.797+0300][11376][5460 ][info][gc,start    ] GC(11) Pause Final Mark (unload classes)
[2025-05-18T21:31:07.797+0300][11376][5460 ][info][gc,task     ] GC(11) Using 4 of 4 workers for final marking
[2025-05-18T21:31:07.797+0300][11376][5460 ][info][gc,ergo     ] GC(11) Adaptive CSet Selection. Target Free: 580M, Actual Free: 3834M, Max CSet: 170M, Min Garbage: 0B
[2025-05-18T21:31:07.797+0300][11376][5460 ][info][gc,ergo     ] GC(11) Collectable Garbage: 1020M (99%), Immediate: 800M (78%), CSet: 220M (21%)
[2025-05-18T21:31:07.797+0300][11376][5460 ][info][gc,ergo     ] GC(11) Pacer for Evacuation. Used CSet: 222M, Free: 3635M, Non-Taxable: 363M, Alloc Tax Rate: 1.1x
[2025-05-18T21:31:07.797+0300][11376][5460 ][info][gc          ] GC(11) Pause Final Mark (unload classes) 0.403ms
[2025-05-18T21:31:07.797+0300][11376][20632][info][gc,start    ] GC(11) Concurrent thread roots
[2025-05-18T21:31:07.797+0300][11376][20632][info][gc,task     ] GC(11) Using 2 of 4 workers for Concurrent thread roots
[2025-05-18T21:31:07.797+0300][11376][20632][info][gc          ] GC(11) Concurrent thread roots 0.232ms
[2025-05-18T21:31:07.797+0300][11376][20632][info][gc,start    ] GC(11) Concurrent weak references
[2025-05-18T21:31:07.797+0300][11376][20632][info][gc,task     ] GC(11) Using 2 of 4 workers for concurrent weak references
[2025-05-18T21:31:07.797+0300][11376][20632][info][gc,ref      ] GC(11) Encountered references: Soft: 152, Weak: 864, Final: 3, Phantom: 48
[2025-05-18T21:31:07.797+0300][11376][20632][info][gc,ref      ] GC(11) Discovered  references: Soft: 0, Weak: 365, Final: 3, Phantom: 44
[2025-05-18T21:31:07.797+0300][11376][20632][info][gc,ref      ] GC(11) Enqueued    references: Soft: 0, Weak: 174, Final: 0, Phantom: 0
[2025-05-18T21:31:07.798+0300][11376][20632][info][gc          ] GC(11) Concurrent weak references 0.253ms
[2025-05-18T21:31:07.798+0300][11376][20632][info][gc,start    ] GC(11) Concurrent weak roots
[2025-05-18T21:31:07.798+0300][11376][20632][info][gc,task     ] GC(11) Using 2 of 4 workers for concurrent weak root
[2025-05-18T21:31:07.821+0300][11376][20632][info][gc          ] GC(11) Concurrent weak roots 23.591ms
[2025-05-18T21:31:07.821+0300][11376][20632][info][gc,start    ] GC(11) Concurrent cleanup
[2025-05-18T21:31:07.821+0300][11376][20632][info][gc          ] GC(11) Concurrent cleanup 1099M->299M(4096M) 0.115ms
[2025-05-18T21:31:07.821+0300][11376][20632][info][gc,ergo     ] GC(11) Free: 3586M, Max: 2048K regular, 1556M humongous, Frag: 57% external, 0% internal; Reserve: 204M, Max: 2048K
[2025-05-18T21:31:07.821+0300][11376][20632][info][gc,start    ] GC(11) Concurrent class unloading
[2025-05-18T21:31:07.821+0300][11376][20632][info][gc,task     ] GC(11) Using 2 of 4 workers for concurrent class unloading
[2025-05-18T21:31:07.830+0300][11376][20632][info][gc          ] GC(11) Concurrent class unloading 8.873ms
[2025-05-18T21:31:07.830+0300][11376][20632][info][gc,start    ] GC(11) Concurrent strong roots
[2025-05-18T21:31:07.830+0300][11376][20632][info][gc,task     ] GC(11) Using 2 of 4 workers for concurrent strong root
[2025-05-18T21:31:07.830+0300][11376][20632][info][gc          ] GC(11) Concurrent strong roots 0.305ms
[2025-05-18T21:31:07.830+0300][11376][20632][info][gc,start    ] GC(11) Concurrent evacuation
[2025-05-18T21:31:07.830+0300][11376][20632][info][gc,task     ] GC(11) Using 2 of 4 workers for concurrent evacuation
[2025-05-18T21:31:07.832+0300][11376][20632][info][gc          ] GC(11) Concurrent evacuation 2.044ms
[2025-05-18T21:31:07.833+0300][11376][5460 ][info][gc,start    ] GC(11) Pause Init Update Refs
[2025-05-18T21:31:07.833+0300][11376][5460 ][info][gc,ergo     ] GC(11) Pacer for Update Refs. Used: 323M, Free: 3562M, Non-Taxable: 356M, Alloc Tax Rate: 1.1x
[2025-05-18T21:31:07.833+0300][11376][5460 ][info][gc          ] GC(11) Pause Init Update Refs 0.109ms
[2025-05-18T21:31:07.833+0300][11376][20632][info][gc,start    ] GC(11) Concurrent update references
[2025-05-18T21:31:07.833+0300][11376][20632][info][gc,task     ] GC(11) Using 2 of 4 workers for concurrent reference update
[2025-05-18T21:31:07.838+0300][11376][20632][info][gc          ] GC(11) Concurrent update references 4.894ms
[2025-05-18T21:31:07.838+0300][11376][20632][info][gc,start    ] GC(11) Concurrent update thread roots
[2025-05-18T21:31:07.838+0300][11376][20632][info][gc          ] GC(11) Concurrent update thread roots 0.514ms
[2025-05-18T21:31:07.838+0300][11376][5460 ][info][gc,start    ] GC(11) Pause Final Update Refs
[2025-05-18T21:31:07.839+0300][11376][5460 ][info][gc,task     ] GC(11) Using 4 of 4 workers for final reference update
[2025-05-18T21:31:07.839+0300][11376][5460 ][info][gc          ] GC(11) Pause Final Update Refs 0.155ms
[2025-05-18T21:31:07.839+0300][11376][20632][info][gc,start    ] GC(11) Concurrent cleanup
[2025-05-18T21:31:07.839+0300][11376][20632][info][gc          ] GC(11) Concurrent cleanup 333M->111M(4096M) 0.084ms
[2025-05-18T21:31:07.839+0300][11376][20632][info][gc,ergo     ] Free: 3772M, Max: 2048K regular, 2782M humongous, Frag: 27% external, 0% internal; Reserve: 206M, Max: 2048K
[2025-05-18T21:31:07.839+0300][11376][20632][info][gc,stats    ] 
[2025-05-18T21:31:07.839+0300][11376][20632][info][gc,stats    ] All times are wall-clock times, except per-root-class counters, that are sum over
[2025-05-18T21:31:07.839+0300][11376][20632][info][gc,stats    ] all workers. Dividing the <total> over the root stage time estimates parallelism.
[2025-05-18T21:31:07.839+0300][11376][20632][info][gc,stats    ] 
[2025-05-18T21:31:07.839+0300][11376][20632][info][gc,stats    ] Concurrent Reset                    302 us
[2025-05-18T21:31:07.839+0300][11376][20632][info][gc,stats    ] Pause Init Mark (G)                 394 us
[2025-05-18T21:31:07.839+0300][11376][20632][info][gc,stats    ] Pause Init Mark (N)                 241 us
[2025-05-18T21:31:07.839+0300][11376][20632][info][gc,stats    ]   Update Region States               34 us
[2025-05-18T21:31:07.839+0300][11376][20632][info][gc,stats    ] Concurrent Mark Roots               330 us, parallelism: 0.90x
[2025-05-18T21:31:07.839+0300][11376][20632][info][gc,stats    ]   CMR: <total>                      298 us
[2025-05-18T21:31:07.839+0300][11376][20632][info][gc,stats    ]   CMR: Thread Roots                 184 us, workers (us): 136,  48, ---, ---, 
[2025-05-18T21:31:07.839+0300][11376][20632][info][gc,stats    ]   CMR: VM Strong Roots               13 us, workers (us):   7,   6, ---, ---, 
[2025-05-18T21:31:07.839+0300][11376][20632][info][gc,stats    ]   CMR: CLDG Roots                   101 us, workers (us): ---, 101, ---, ---, 
[2025-05-18T21:31:07.839+0300][11376][20632][info][gc,stats    ] Concurrent Marking                 5643 us
[2025-05-18T21:31:07.839+0300][11376][20632][info][gc,stats    ] Pause Final Mark (G)                545 us
[2025-05-18T21:31:07.839+0300][11376][20632][info][gc,stats    ] Pause Final Mark (N)                434 us
[2025-05-18T21:31:07.839+0300][11376][20632][info][gc,stats    ]   Finish Mark                        56 us
[2025-05-18T21:31:07.839+0300][11376][20632][info][gc,stats    ]   Update Region States               37 us
[2025-05-18T21:31:07.839+0300][11376][20632][info][gc,stats    ]   Choose Collection Set             131 us
[2025-05-18T21:31:07.839+0300][11376][20632][info][gc,stats    ]   Rebuild Free Set                   27 us
[2025-05-18T21:31:07.839+0300][11376][20632][info][gc,stats    ] Concurrent Thread Roots             267 us, parallelism: 0.78x
[2025-05-18T21:31:07.839+0300][11376][20632][info][gc,stats    ]   CTR: <total>                      207 us
[2025-05-18T21:31:07.839+0300][11376][20632][info][gc,stats    ]   CTR: Thread Roots                 207 us, workers (us): 100, 108, ---, ---, 
[2025-05-18T21:31:07.839+0300][11376][20632][info][gc,stats    ] Concurrent Weak References          284 us, parallelism: 0.37x
[2025-05-18T21:31:07.839+0300][11376][20632][info][gc,stats    ]   CWRF: <total>                     106 us
[2025-05-18T21:31:07.840+0300][11376][20632][info][gc,stats    ]   CWRF: Weak References             106 us, workers (us):  66,  40, ---, ---, 
[2025-05-18T21:31:07.840+0300][11376][20632][info][gc,stats    ] Concurrent Weak Roots             23697 us
[2025-05-18T21:31:07.840+0300][11376][20632][info][gc,stats    ]   Roots                             886 us, parallelism: 1.88x
[2025-05-18T21:31:07.840+0300][11376][20632][info][gc,stats    ]     CWR: <total>                   1662 us
[2025-05-18T21:31:07.840+0300][11376][20632][info][gc,stats    ]     CWR: Code Cache Roots          1171 us, workers (us): 585, 585, ---, ---, 
[2025-05-18T21:31:07.840+0300][11376][20632][info][gc,stats    ]     CWR: VM Weak Roots              482 us, workers (us): 239, 242, ---, ---, 
[2025-05-18T21:31:07.840+0300][11376][20632][info][gc,stats    ]     CWR: CLDG Roots                  10 us, workers (us):  10, ---, ---, ---, 
[2025-05-18T21:31:07.840+0300][11376][20632][info][gc,stats    ]   Rendezvous                      22645 us
[2025-05-18T21:31:07.840+0300][11376][20632][info][gc,stats    ] Concurrent Cleanup                  151 us
[2025-05-18T21:31:07.840+0300][11376][20632][info][gc,stats    ] Concurrent Class Unloading         8953 us
[2025-05-18T21:31:07.840+0300][11376][20632][info][gc,stats    ]   Unlink Stale                     3410 us
[2025-05-18T21:31:07.840+0300][11376][20632][info][gc,stats    ]     System Dictionary                15 us
[2025-05-18T21:31:07.840+0300][11376][20632][info][gc,stats    ]     Weak Class Links                  0 us
[2025-05-18T21:31:07.840+0300][11376][20632][info][gc,stats    ]     Code Roots                     3393 us
[2025-05-18T21:31:07.840+0300][11376][20632][info][gc,stats    ]   Rendezvous                       5156 us
[2025-05-18T21:31:07.840+0300][11376][20632][info][gc,stats    ]   Purge Unlinked                    240 us
[2025-05-18T21:31:07.840+0300][11376][20632][info][gc,stats    ]     Code Roots                      222 us
[2025-05-18T21:31:07.840+0300][11376][20632][info][gc,stats    ]     CLDG                             17 us
[2025-05-18T21:31:07.840+0300][11376][20632][info][gc,stats    ]     Exception Caches                  0 us
[2025-05-18T21:31:07.840+0300][11376][20632][info][gc,stats    ] Concurrent Strong Roots             349 us, parallelism: 0.59x
[2025-05-18T21:31:07.840+0300][11376][20632][info][gc,stats    ]   CSR: <total>                      205 us
[2025-05-18T21:31:07.840+0300][11376][20632][info][gc,stats    ]   CSR: VM Strong Roots               12 us, workers (us):   6,   6, ---, ---, 
[2025-05-18T21:31:07.840+0300][11376][20632][info][gc,stats    ]   CSR: CLDG Roots                   193 us, workers (us): ---, 193, ---, ---, 
[2025-05-18T21:31:07.840+0300][11376][20632][info][gc,stats    ] Concurrent Evacuation              2103 us
[2025-05-18T21:31:07.840+0300][11376][20632][info][gc,stats    ] Pause Init Update Refs (G)          419 us
[2025-05-18T21:31:07.840+0300][11376][20632][info][gc,stats    ] Pause Init Update Refs (N)          155 us
[2025-05-18T21:31:07.840+0300][11376][20632][info][gc,stats    ]   Manage GCLABs                       6 us
[2025-05-18T21:31:07.840+0300][11376][20632][info][gc,stats    ] Concurrent Update Refs             4953 us
[2025-05-18T21:31:07.840+0300][11376][20632][info][gc,stats    ] Concurrent Update Thread Roots      562 us
[2025-05-18T21:31:07.840+0300][11376][20632][info][gc,stats    ] Pause Final Update Refs (G)         408 us
[2025-05-18T21:31:07.840+0300][11376][20632][info][gc,stats    ] Pause Final Update Refs (N)         187 us
[2025-05-18T21:31:07.840+0300][11376][20632][info][gc,stats    ]   Update Region States               37 us
[2025-05-18T21:31:07.840+0300][11376][20632][info][gc,stats    ]   Trash Collection Set                7 us
[2025-05-18T21:31:07.840+0300][11376][20632][info][gc,stats    ]   Rebuild Free Set                   24 us
[2025-05-18T21:31:07.840+0300][11376][20632][info][gc,stats    ] Concurrent Cleanup                  116 us
[2025-05-18T21:31:07.840+0300][11376][20632][info][gc,stats    ] 
[2025-05-18T21:31:07.840+0300][11376][20632][info][gc,stats    ] Allocation pacing accrued:
[2025-05-18T21:31:07.840+0300][11376][20632][info][gc,stats    ]       0 of   591 ms (  0.0%): <total>
[2025-05-18T21:31:07.840+0300][11376][20632][info][gc,stats    ]       0 of   591 ms (  0.0%): <average total>
[2025-05-18T21:31:07.840+0300][11376][20632][info][gc,stats    ] 
[2025-05-18T21:31:07.841+0300][11376][20632][info][gc,metaspace] Metaspace: 8608K(9664K)->8608K(9664K) NonClass: 7757K(8384K)->7757K(8384K) Class: 850K(1280K)->850K(1280K)
[2025-05-18T21:31:07.841+0300][11376][20632][info][gc,ergo     ] Pacer for Idle. Initial: 83886K, Alloc Tax Rate: 1.0x
[2025-05-18T21:31:08.202+0300][11376][20632][info][gc          ] Trigger: Learning 3 of 5. Free (2854M) is below initial threshold (2867M)
[2025-05-18T21:31:08.202+0300][11376][20632][info][gc,ergo     ] Free: 2854M, Max: 2048K regular, 2782M humongous, Frag: 3% external, 0% internal; Reserve: 206M, Max: 2048K
[2025-05-18T21:31:08.202+0300][11376][20632][info][gc,start    ] GC(12) Concurrent reset
[2025-05-18T21:31:08.202+0300][11376][20632][info][gc,task     ] GC(12) Using 2 of 4 workers for concurrent reset
[2025-05-18T21:31:08.202+0300][11376][20632][info][gc,ergo     ] GC(12) Pacer for Reset. Non-Taxable: 4096M
[2025-05-18T21:31:08.203+0300][11376][20632][info][gc          ] GC(12) Concurrent reset 0.770ms
[2025-05-18T21:31:08.203+0300][11376][5460 ][info][gc,start    ] GC(12) Pause Init Mark (unload classes)
[2025-05-18T21:31:08.203+0300][11376][5460 ][info][gc,task     ] GC(12) Using 4 of 4 workers for init marking
[2025-05-18T21:31:08.203+0300][11376][5460 ][info][gc,ergo     ] GC(12) Pacer for Mark. Expected Live: 10393K, Free: 2850M, Non-Taxable: 285M, Alloc Tax Rate: 0.0x
[2025-05-18T21:31:08.203+0300][11376][5460 ][info][gc          ] GC(12) Pause Init Mark (unload classes) 0.159ms
[2025-05-18T21:31:08.203+0300][11376][20632][info][gc,start    ] GC(12) Concurrent marking roots
[2025-05-18T21:31:08.203+0300][11376][20632][info][gc,task     ] GC(12) Using 2 of 4 workers for concurrent marking roots
[2025-05-18T21:31:08.203+0300][11376][20632][info][gc          ] GC(12) Concurrent marking roots 0.213ms
[2025-05-18T21:31:08.203+0300][11376][20632][info][gc,start    ] GC(12) Concurrent marking (unload classes)
[2025-05-18T21:31:08.203+0300][11376][20632][info][gc,task     ] GC(12) Using 2 of 4 workers for concurrent marking
[2025-05-18T21:31:08.207+0300][11376][20632][info][gc          ] GC(12) Concurrent marking (unload classes) 4.679ms
[2025-05-18T21:31:08.207+0300][11376][5460 ][info][gc,start    ] GC(12) Pause Final Mark (unload classes)
[2025-05-18T21:31:08.208+0300][11376][5460 ][info][gc,task     ] GC(12) Using 4 of 4 workers for final marking
[2025-05-18T21:31:08.208+0300][11376][5460 ][info][gc,ergo     ] GC(12) Adaptive CSet Selection. Target Free: 580M, Actual Free: 3853M, Max CSet: 170M, Min Garbage: 0B
[2025-05-18T21:31:08.208+0300][11376][5460 ][info][gc,ergo     ] GC(12) Collectable Garbage: 1022M (99%), Immediate: 813M (79%), CSet: 208M (20%)
[2025-05-18T21:31:08.208+0300][11376][5460 ][info][gc,ergo     ] GC(12) Pacer for Evacuation. Used CSet: 209M, Free: 3649M, Non-Taxable: 364M, Alloc Tax Rate: 1.1x
[2025-05-18T21:31:08.208+0300][11376][5460 ][info][gc          ] GC(12) Pause Final Mark (unload classes) 0.332ms
[2025-05-18T21:31:08.208+0300][11376][20632][info][gc,start    ] GC(12) Concurrent thread roots
[2025-05-18T21:31:08.208+0300][11376][20632][info][gc,task     ] GC(12) Using 2 of 4 workers for Concurrent thread roots
[2025-05-18T21:31:08.208+0300][11376][20632][info][gc          ] GC(12) Concurrent thread roots 0.277ms
[2025-05-18T21:31:08.208+0300][11376][20632][info][gc,start    ] GC(12) Concurrent weak references
[2025-05-18T21:31:08.208+0300][11376][20632][info][gc,task     ] GC(12) Using 2 of 4 workers for concurrent weak references
[2025-05-18T21:31:08.208+0300][11376][20632][info][gc,ref      ] GC(12) Encountered references: Soft: 152, Weak: 873, Final: 3, Phantom: 48
[2025-05-18T21:31:08.208+0300][11376][20632][info][gc,ref      ] GC(12) Discovered  references: Soft: 0, Weak: 487, Final: 3, Phantom: 36
[2025-05-18T21:31:08.208+0300][11376][20632][info][gc,ref      ] GC(12) Enqueued    references: Soft: 0, Weak: 180, Final: 0, Phantom: 0
[2025-05-18T21:31:08.208+0300][11376][20632][info][gc          ] GC(12) Concurrent weak references 0.232ms
[2025-05-18T21:31:08.208+0300][11376][20632][info][gc,start    ] GC(12) Concurrent weak roots
[2025-05-18T21:31:08.209+0300][11376][20632][info][gc,task     ] GC(12) Using 2 of 4 workers for concurrent weak root
[2025-05-18T21:31:08.217+0300][11376][20632][info][gc          ] GC(12) Concurrent weak roots 8.122ms
[2025-05-18T21:31:08.217+0300][11376][20632][info][gc,start    ] GC(12) Concurrent cleanup
[2025-05-18T21:31:08.217+0300][11376][20632][info][gc          ] GC(12) Concurrent cleanup 1076M->263M(4096M) 0.103ms
[2025-05-18T21:31:08.217+0300][11376][20632][info][gc,ergo     ] GC(12) Free: 3621M, Max: 2048K regular, 2790M humongous, Frag: 23% external, 0% internal; Reserve: 204M, Max: 2048K
[2025-05-18T21:31:08.217+0300][11376][20632][info][gc,start    ] GC(12) Concurrent class unloading
[2025-05-18T21:31:08.217+0300][11376][20632][info][gc,task     ] GC(12) Using 2 of 4 workers for concurrent class unloading
[2025-05-18T21:31:08.229+0300][11376][20632][info][gc          ] GC(12) Concurrent class unloading 11.977ms
[2025-05-18T21:31:08.229+0300][11376][20632][info][gc,start    ] GC(12) Concurrent strong roots
[2025-05-18T21:31:08.229+0300][11376][20632][info][gc,task     ] GC(12) Using 2 of 4 workers for concurrent strong root
[2025-05-18T21:31:08.229+0300][11376][20632][info][gc          ] GC(12) Concurrent strong roots 0.285ms
[2025-05-18T21:31:08.229+0300][11376][20632][info][gc,start    ] GC(12) Concurrent evacuation
[2025-05-18T21:31:08.229+0300][11376][20632][info][gc,task     ] GC(12) Using 2 of 4 workers for concurrent evacuation
[2025-05-18T21:31:08.231+0300][11376][20632][info][gc          ] GC(12) Concurrent evacuation 1.818ms
[2025-05-18T21:31:08.231+0300][11376][5460 ][info][gc,start    ] GC(12) Pause Init Update Refs
[2025-05-18T21:31:08.231+0300][11376][5460 ][info][gc,ergo     ] GC(12) Pacer for Update Refs. Used: 295M, Free: 3589M, Non-Taxable: 358M, Alloc Tax Rate: 1.1x
[2025-05-18T21:31:08.231+0300][11376][5460 ][info][gc          ] GC(12) Pause Init Update Refs 0.095ms
[2025-05-18T21:31:08.231+0300][11376][20632][info][gc,start    ] GC(12) Concurrent update references
[2025-05-18T21:31:08.231+0300][11376][20632][info][gc,task     ] GC(12) Using 2 of 4 workers for concurrent reference update
[2025-05-18T21:31:08.237+0300][11376][20632][info][gc          ] GC(12) Concurrent update references 5.167ms
[2025-05-18T21:31:08.237+0300][11376][20632][info][gc,start    ] GC(12) Concurrent update thread roots
[2025-05-18T21:31:08.238+0300][11376][20632][info][gc          ] GC(12) Concurrent update thread roots 0.831ms
[2025-05-18T21:31:08.238+0300][11376][5460 ][info][gc,start    ] GC(12) Pause Final Update Refs
[2025-05-18T21:31:08.238+0300][11376][5460 ][info][gc,task     ] GC(12) Using 4 of 4 workers for final reference update
[2025-05-18T21:31:08.238+0300][11376][5460 ][info][gc          ] GC(12) Pause Final Update Refs 0.152ms
[2025-05-18T21:31:08.238+0300][11376][20632][info][gc,start    ] GC(12) Concurrent cleanup
[2025-05-18T21:31:08.239+0300][11376][20632][info][gc          ] GC(12) Concurrent cleanup 305M->95M(4096M) 0.079ms
[2025-05-18T21:31:08.239+0300][11376][20632][info][gc,ergo     ] Free: 3788M, Max: 2048K regular, 2872M humongous, Frag: 25% external, 0% internal; Reserve: 206M, Max: 2048K
[2025-05-18T21:31:08.239+0300][11376][20632][info][gc,stats    ] 
[2025-05-18T21:31:08.239+0300][11376][20632][info][gc,stats    ] All times are wall-clock times, except per-root-class counters, that are sum over
[2025-05-18T21:31:08.239+0300][11376][20632][info][gc,stats    ] all workers. Dividing the <total> over the root stage time estimates parallelism.
[2025-05-18T21:31:08.239+0300][11376][20632][info][gc,stats    ] 
[2025-05-18T21:31:08.239+0300][11376][20632][info][gc,stats    ] Concurrent Reset                    834 us
[2025-05-18T21:31:08.239+0300][11376][20632][info][gc,stats    ] Pause Init Mark (G)                 333 us
[2025-05-18T21:31:08.239+0300][11376][20632][info][gc,stats    ] Pause Init Mark (N)                 181 us
[2025-05-18T21:31:08.239+0300][11376][20632][info][gc,stats    ]   Update Region States               24 us
[2025-05-18T21:31:08.239+0300][11376][20632][info][gc,stats    ] Concurrent Mark Roots               252 us, parallelism: 0.74x
[2025-05-18T21:31:08.239+0300][11376][20632][info][gc,stats    ]   CMR: <total>                      187 us
[2025-05-18T21:31:08.239+0300][11376][20632][info][gc,stats    ]   CMR: Thread Roots                  95 us, workers (us):   2,  93, ---, ---, 
[2025-05-18T21:31:08.239+0300][11376][20632][info][gc,stats    ]   CMR: VM Strong Roots               11 us, workers (us):   5,   6, ---, ---, 
[2025-05-18T21:31:08.239+0300][11376][20632][info][gc,stats    ]   CMR: CLDG Roots                    81 us, workers (us):  81, ---, ---, ---, 
[2025-05-18T21:31:08.239+0300][11376][20632][info][gc,stats    ] Concurrent Marking                 4757 us
[2025-05-18T21:31:08.239+0300][11376][20632][info][gc,stats    ] Pause Final Mark (G)                464 us
[2025-05-18T21:31:08.239+0300][11376][20632][info][gc,stats    ] Pause Final Mark (N)                355 us
[2025-05-18T21:31:08.239+0300][11376][20632][info][gc,stats    ]   Finish Mark                        59 us
[2025-05-18T21:31:08.239+0300][11376][20632][info][gc,stats    ]   Update Region States               41 us
[2025-05-18T21:31:08.239+0300][11376][20632][info][gc,stats    ]   Choose Collection Set              97 us
[2025-05-18T21:31:08.239+0300][11376][20632][info][gc,stats    ]   Rebuild Free Set                   22 us
[2025-05-18T21:31:08.239+0300][11376][20632][info][gc,stats    ] Concurrent Thread Roots             321 us, parallelism: 0.98x
[2025-05-18T21:31:08.239+0300][11376][20632][info][gc,stats    ]   CTR: <total>                      315 us
[2025-05-18T21:31:08.239+0300][11376][20632][info][gc,stats    ]   CTR: Thread Roots                 315 us, workers (us): 174, 141, ---, ---, 
[2025-05-18T21:31:08.239+0300][11376][20632][info][gc,stats    ] Concurrent Weak References          267 us, parallelism: 0.41x
[2025-05-18T21:31:08.239+0300][11376][20632][info][gc,stats    ]   CWRF: <total>                     109 us
[2025-05-18T21:31:08.239+0300][11376][20632][info][gc,stats    ]   CWRF: Weak References             109 us, workers (us):  37,  73, ---, ---, 
[2025-05-18T21:31:08.239+0300][11376][20632][info][gc,stats    ] Concurrent Weak Roots              8194 us
[2025-05-18T21:31:08.239+0300][11376][20632][info][gc,stats    ]   Roots                             790 us, parallelism: 1.83x
[2025-05-18T21:31:08.239+0300][11376][20632][info][gc,stats    ]     CWR: <total>                   1445 us
[2025-05-18T21:31:08.239+0300][11376][20632][info][gc,stats    ]     CWR: Code Cache Roots          1018 us, workers (us): 487, 531, ---, ---, 
[2025-05-18T21:31:08.239+0300][11376][20632][info][gc,stats    ]     CWR: VM Weak Roots              419 us, workers (us): 208, 211, ---, ---, 
[2025-05-18T21:31:08.239+0300][11376][20632][info][gc,stats    ]     CWR: CLDG Roots                   8 us, workers (us):   8, ---, ---, ---, 
[2025-05-18T21:31:08.239+0300][11376][20632][info][gc,stats    ]   Rendezvous                       7275 us
[2025-05-18T21:31:08.239+0300][11376][20632][info][gc,stats    ] Concurrent Cleanup                  129 us
[2025-05-18T21:31:08.239+0300][11376][20632][info][gc,stats    ] Concurrent Class Unloading        12067 us
[2025-05-18T21:31:08.239+0300][11376][20632][info][gc,stats    ]   Unlink Stale                     2278 us
[2025-05-18T21:31:08.240+0300][11376][20632][info][gc,stats    ]     System Dictionary                13 us
[2025-05-18T21:31:08.240+0300][11376][20632][info][gc,stats    ]     Weak Class Links                  1 us
[2025-05-18T21:31:08.240+0300][11376][20632][info][gc,stats    ]     Code Roots                     2262 us
[2025-05-18T21:31:08.240+0300][11376][20632][info][gc,stats    ]   Rendezvous                       9532 us
[2025-05-18T21:31:08.240+0300][11376][20632][info][gc,stats    ]   Purge Unlinked                    113 us
[2025-05-18T21:31:08.240+0300][11376][20632][info][gc,stats    ]     Code Roots                       97 us
[2025-05-18T21:31:08.240+0300][11376][20632][info][gc,stats    ]     CLDG                             16 us
[2025-05-18T21:31:08.240+0300][11376][20632][info][gc,stats    ] Concurrent Strong Roots             327 us, parallelism: 0.57x
[2025-05-18T21:31:08.240+0300][11376][20632][info][gc,stats    ]   CSR: <total>                      187 us
[2025-05-18T21:31:08.240+0300][11376][20632][info][gc,stats    ]   CSR: VM Strong Roots               13 us, workers (us):   7,   6, ---, ---, 
[2025-05-18T21:31:08.240+0300][11376][20632][info][gc,stats    ]   CSR: CLDG Roots                   175 us, workers (us): ---, 175, ---, ---, 
[2025-05-18T21:31:08.240+0300][11376][20632][info][gc,stats    ] Concurrent Evacuation              1869 us
[2025-05-18T21:31:08.240+0300][11376][20632][info][gc,stats    ] Pause Init Update Refs (G)          223 us
[2025-05-18T21:31:08.240+0300][11376][20632][info][gc,stats    ] Pause Init Update Refs (N)          120 us
[2025-05-18T21:31:08.240+0300][11376][20632][info][gc,stats    ]   Manage GCLABs                       6 us
[2025-05-18T21:31:08.240+0300][11376][20632][info][gc,stats    ] Concurrent Update Refs             5239 us
[2025-05-18T21:31:08.240+0300][11376][20632][info][gc,stats    ] Concurrent Update Thread Roots      882 us
[2025-05-18T21:31:08.240+0300][11376][20632][info][gc,stats    ] Pause Final Update Refs (G)         279 us
[2025-05-18T21:31:08.240+0300][11376][20632][info][gc,stats    ] Pause Final Update Refs (N)         182 us
[2025-05-18T21:31:08.240+0300][11376][20632][info][gc,stats    ]   Update Region States               36 us
[2025-05-18T21:31:08.240+0300][11376][20632][info][gc,stats    ]   Trash Collection Set                7 us
[2025-05-18T21:31:08.240+0300][11376][20632][info][gc,stats    ]   Rebuild Free Set                   22 us
[2025-05-18T21:31:08.240+0300][11376][20632][info][gc,stats    ] Concurrent Cleanup                  110 us
[2025-05-18T21:31:08.240+0300][11376][20632][info][gc,stats    ] 
[2025-05-18T21:31:08.240+0300][11376][20632][info][gc,stats    ] Allocation pacing accrued:
[2025-05-18T21:31:08.240+0300][11376][20632][info][gc,stats    ]       0 of   399 ms (  0.0%): <total>
[2025-05-18T21:31:08.240+0300][11376][20632][info][gc,stats    ]       0 of   399 ms (  0.0%): <average total>
[2025-05-18T21:31:08.240+0300][11376][20632][info][gc,stats    ] 
[2025-05-18T21:31:08.240+0300][11376][20632][info][gc,metaspace] Metaspace: 8608K(9664K)->8608K(9664K) NonClass: 7757K(8384K)->7757K(8384K) Class: 850K(1280K)->850K(1280K)
[2025-05-18T21:31:08.240+0300][11376][20632][info][gc,ergo     ] Pacer for Idle. Initial: 83886K, Alloc Tax Rate: 1.0x
[2025-05-18T21:31:08.582+0300][11376][20632][info][gc          ] Trigger: Learning 4 of 5. Free (2836M) is below initial threshold (2867M)
[2025-05-18T21:31:08.582+0300][11376][20632][info][gc,ergo     ] Free: 2836M, Max: 2048K regular, 2834M humongous, Frag: 0% external, 0% internal; Reserve: 206M, Max: 2048K
[2025-05-18T21:31:08.582+0300][11376][20632][info][gc,start    ] GC(13) Concurrent reset
[2025-05-18T21:31:08.582+0300][11376][20632][info][gc,task     ] GC(13) Using 2 of 4 workers for concurrent reset
[2025-05-18T21:31:08.582+0300][11376][20632][info][gc,ergo     ] GC(13) Pacer for Reset. Non-Taxable: 4096M
[2025-05-18T21:31:08.582+0300][11376][20632][info][gc          ] GC(13) Concurrent reset 0.711ms
[2025-05-18T21:31:08.583+0300][11376][5460 ][info][gc,start    ] GC(13) Pause Init Mark (unload classes)
[2025-05-18T21:31:08.583+0300][11376][5460 ][info][gc,task     ] GC(13) Using 4 of 4 workers for init marking
[2025-05-18T21:31:08.583+0300][11376][5460 ][info][gc,ergo     ] GC(13) Pacer for Mark. Expected Live: 10377K, Free: 2834M, Non-Taxable: 283M, Alloc Tax Rate: 0.0x
[2025-05-18T21:31:08.583+0300][11376][5460 ][info][gc          ] GC(13) Pause Init Mark (unload classes) 0.136ms
[2025-05-18T21:31:08.583+0300][11376][20632][info][gc,start    ] GC(13) Concurrent marking roots
[2025-05-18T21:31:08.583+0300][11376][20632][info][gc,task     ] GC(13) Using 2 of 4 workers for concurrent marking roots
[2025-05-18T21:31:08.583+0300][11376][20632][info][gc          ] GC(13) Concurrent marking roots 0.218ms
[2025-05-18T21:31:08.583+0300][11376][20632][info][gc,start    ] GC(13) Concurrent marking (unload classes)
[2025-05-18T21:31:08.583+0300][11376][20632][info][gc,task     ] GC(13) Using 2 of 4 workers for concurrent marking
[2025-05-18T21:31:08.590+0300][11376][20632][info][gc          ] GC(13) Concurrent marking (unload classes) 6.456ms
[2025-05-18T21:31:08.590+0300][11376][5460 ][info][gc,start    ] GC(13) Pause Final Mark (unload classes)
[2025-05-18T21:31:08.590+0300][11376][5460 ][info][gc,task     ] GC(13) Using 4 of 4 workers for final marking
[2025-05-18T21:31:08.590+0300][11376][5460 ][info][gc,ergo     ] GC(13) Adaptive CSet Selection. Target Free: 580M, Actual Free: 3846M, Max CSet: 170M, Min Garbage: 0B
[2025-05-18T21:31:08.590+0300][11376][5460 ][info][gc,ergo     ] GC(13) Collectable Garbage: 1038M (99%), Immediate: 832M (80%), CSet: 206M (19%)
[2025-05-18T21:31:08.590+0300][11376][5460 ][info][gc,ergo     ] GC(13) Pacer for Evacuation. Used CSet: 207M, Free: 3642M, Non-Taxable: 364M, Alloc Tax Rate: 1.1x
[2025-05-18T21:31:08.590+0300][11376][5460 ][info][gc          ] GC(13) Pause Final Mark (unload classes) 0.304ms
[2025-05-18T21:31:08.590+0300][11376][20632][info][gc,start    ] GC(13) Concurrent thread roots
[2025-05-18T21:31:08.590+0300][11376][20632][info][gc,task     ] GC(13) Using 2 of 4 workers for Concurrent thread roots
[2025-05-18T21:31:08.590+0300][11376][20632][info][gc          ] GC(13) Concurrent thread roots 0.225ms
[2025-05-18T21:31:08.590+0300][11376][20632][info][gc,start    ] GC(13) Concurrent weak references
[2025-05-18T21:31:08.590+0300][11376][20632][info][gc,task     ] GC(13) Using 2 of 4 workers for concurrent weak references
[2025-05-18T21:31:08.591+0300][11376][20632][info][gc,ref      ] GC(13) Encountered references: Soft: 152, Weak: 880, Final: 3, Phantom: 50
[2025-05-18T21:31:08.591+0300][11376][20632][info][gc,ref      ] GC(13) Discovered  references: Soft: 0, Weak: 380, Final: 1, Phantom: 39
[2025-05-18T21:31:08.591+0300][11376][20632][info][gc,ref      ] GC(13) Enqueued    references: Soft: 0, Weak: 184, Final: 0, Phantom: 0
[2025-05-18T21:31:08.591+0300][11376][20632][info][gc          ] GC(13) Concurrent weak references 0.260ms
[2025-05-18T21:31:08.591+0300][11376][20632][info][gc,start    ] GC(13) Concurrent weak roots
[2025-05-18T21:31:08.591+0300][11376][20632][info][gc,task     ] GC(13) Using 2 of 4 workers for concurrent weak root
[2025-05-18T21:31:08.594+0300][11376][20632][info][gc          ] GC(13) Concurrent weak roots 3.749ms
[2025-05-18T21:31:08.594+0300][11376][20632][info][gc,start    ] GC(13) Concurrent cleanup
[2025-05-18T21:31:08.595+0300][11376][20632][info][gc          ] GC(13) Concurrent cleanup 1090M->258M(4096M) 0.078ms
[2025-05-18T21:31:08.595+0300][11376][20632][info][gc,ergo     ] GC(13) Free: 3626M, Max: 2048K regular, 2792M humongous, Frag: 23% external, 0% internal; Reserve: 204M, Max: 2048K
[2025-05-18T21:31:08.595+0300][11376][20632][info][gc,start    ] GC(13) Concurrent class unloading
[2025-05-18T21:31:08.595+0300][11376][20632][info][gc,task     ] GC(13) Using 2 of 4 workers for concurrent class unloading
[2025-05-18T21:31:08.614+0300][11376][20632][info][gc          ] GC(13) Concurrent class unloading 18.503ms
[2025-05-18T21:31:08.614+0300][11376][20632][info][gc,start    ] GC(13) Concurrent strong roots
[2025-05-18T21:31:08.614+0300][11376][20632][info][gc,task     ] GC(13) Using 2 of 4 workers for concurrent strong root
[2025-05-18T21:31:08.614+0300][11376][20632][info][gc          ] GC(13) Concurrent strong roots 0.273ms
[2025-05-18T21:31:08.614+0300][11376][20632][info][gc,start    ] GC(13) Concurrent evacuation
[2025-05-18T21:31:08.614+0300][11376][20632][info][gc,task     ] GC(13) Using 2 of 4 workers for concurrent evacuation
[2025-05-18T21:31:08.616+0300][11376][20632][info][gc          ] GC(13) Concurrent evacuation 1.601ms
[2025-05-18T21:31:08.616+0300][11376][5460 ][info][gc,start    ] GC(13) Pause Init Update Refs
[2025-05-18T21:31:08.616+0300][11376][5460 ][info][gc,ergo     ] GC(13) Pacer for Update Refs. Used: 289M, Free: 3596M, Non-Taxable: 359M, Alloc Tax Rate: 1.1x
[2025-05-18T21:31:08.616+0300][11376][5460 ][info][gc          ] GC(13) Pause Init Update Refs 0.096ms
[2025-05-18T21:31:08.616+0300][11376][20632][info][gc,start    ] GC(13) Concurrent update references
[2025-05-18T21:31:08.616+0300][11376][20632][info][gc,task     ] GC(13) Using 2 of 4 workers for concurrent reference update
[2025-05-18T21:31:08.622+0300][11376][20632][info][gc          ] GC(13) Concurrent update references 5.664ms
[2025-05-18T21:31:08.622+0300][11376][20632][info][gc,start    ] GC(13) Concurrent update thread roots
[2025-05-18T21:31:08.628+0300][11376][20632][info][gc          ] GC(13) Concurrent update thread roots 5.899ms
[2025-05-18T21:31:08.628+0300][11376][5460 ][info][gc,start    ] GC(13) Pause Final Update Refs
[2025-05-18T21:31:08.628+0300][11376][5460 ][info][gc,task     ] GC(13) Using 4 of 4 workers for final reference update
[2025-05-18T21:31:08.628+0300][11376][5460 ][info][gc          ] GC(13) Pause Final Update Refs 0.168ms
[2025-05-18T21:31:08.628+0300][11376][20632][info][gc,start    ] GC(13) Concurrent cleanup
[2025-05-18T21:31:08.628+0300][11376][20632][info][gc          ] GC(13) Concurrent cleanup 308M->100M(4096M) 0.081ms
[2025-05-18T21:31:08.628+0300][11376][20632][info][gc,ergo     ] Free: 3783M, Max: 2048K regular, 2790M humongous, Frag: 27% external, 0% internal; Reserve: 206M, Max: 2048K
[2025-05-18T21:31:08.628+0300][11376][20632][info][gc,stats    ] 
[2025-05-18T21:31:08.628+0300][11376][20632][info][gc,stats    ] All times are wall-clock times, except per-root-class counters, that are sum over
[2025-05-18T21:31:08.628+0300][11376][20632][info][gc,stats    ] all workers. Dividing the <total> over the root stage time estimates parallelism.
[2025-05-18T21:31:08.628+0300][11376][20632][info][gc,stats    ] 
[2025-05-18T21:31:08.628+0300][11376][20632][info][gc,stats    ] Concurrent Reset                    776 us
[2025-05-18T21:31:08.628+0300][11376][20632][info][gc,stats    ] Pause Init Mark (G)                 330 us
[2025-05-18T21:31:08.628+0300][11376][20632][info][gc,stats    ] Pause Init Mark (N)                 159 us
[2025-05-18T21:31:08.628+0300][11376][20632][info][gc,stats    ]   Update Region States               18 us
[2025-05-18T21:31:08.628+0300][11376][20632][info][gc,stats    ] Concurrent Mark Roots               252 us, parallelism: 0.71x
[2025-05-18T21:31:08.628+0300][11376][20632][info][gc,stats    ]   CMR: <total>                      177 us
[2025-05-18T21:31:08.628+0300][11376][20632][info][gc,stats    ]   CMR: Thread Roots                  91 us, workers (us):   6,  85, ---, ---, 
[2025-05-18T21:31:08.628+0300][11376][20632][info][gc,stats    ]   CMR: VM Strong Roots               10 us, workers (us):   4,   6, ---, ---, 
[2025-05-18T21:31:08.628+0300][11376][20632][info][gc,stats    ]   CMR: CLDG Roots                    77 us, workers (us):  77, ---, ---, ---, 
[2025-05-18T21:31:08.628+0300][11376][20632][info][gc,stats    ] Concurrent Marking                 6520 us
[2025-05-18T21:31:08.628+0300][11376][20632][info][gc,stats    ] Pause Final Mark (G)                480 us
[2025-05-18T21:31:08.629+0300][11376][20632][info][gc,stats    ] Pause Final Mark (N)                325 us
[2025-05-18T21:31:08.629+0300][11376][20632][info][gc,stats    ]   Finish Mark                        48 us
[2025-05-18T21:31:08.629+0300][11376][20632][info][gc,stats    ]   Update Region States               32 us
[2025-05-18T21:31:08.629+0300][11376][20632][info][gc,stats    ]   Choose Collection Set              93 us
[2025-05-18T21:31:08.629+0300][11376][20632][info][gc,stats    ]   Rebuild Free Set                   21 us
[2025-05-18T21:31:08.629+0300][11376][20632][info][gc,stats    ] Concurrent Thread Roots             283 us, parallelism: 0.88x
[2025-05-18T21:31:08.629+0300][11376][20632][info][gc,stats    ]   CTR: <total>                      249 us
[2025-05-18T21:31:08.629+0300][11376][20632][info][gc,stats    ]   CTR: Thread Roots                 249 us, workers (us): 126, 123, ---, ---, 
[2025-05-18T21:31:08.629+0300][11376][20632][info][gc,stats    ] Concurrent Weak References          285 us, parallelism: 0.38x
[2025-05-18T21:31:08.629+0300][11376][20632][info][gc,stats    ]   CWRF: <total>                     108 us
[2025-05-18T21:31:08.629+0300][11376][20632][info][gc,stats    ]   CWRF: Weak References             108 us, workers (us):  38,  71, ---, ---, 
[2025-05-18T21:31:08.629+0300][11376][20632][info][gc,stats    ] Concurrent Weak Roots              3808 us
[2025-05-18T21:31:08.629+0300][11376][20632][info][gc,stats    ]   Roots                             751 us, parallelism: 1.84x
[2025-05-18T21:31:08.629+0300][11376][20632][info][gc,stats    ]     CWR: <total>                   1379 us
[2025-05-18T21:31:08.629+0300][11376][20632][info][gc,stats    ]     CWR: Code Cache Roots           982 us, workers (us): 473, 509, ---, ---, 
[2025-05-18T21:31:08.629+0300][11376][20632][info][gc,stats    ]     CWR: VM Weak Roots              388 us, workers (us): 192, 196, ---, ---, 
[2025-05-18T21:31:08.629+0300][11376][20632][info][gc,stats    ]     CWR: CLDG Roots                   8 us, workers (us):   8, ---, ---, ---, 
[2025-05-18T21:31:08.629+0300][11376][20632][info][gc,stats    ]   Rendezvous                       2949 us
[2025-05-18T21:31:08.629+0300][11376][20632][info][gc,stats    ] Concurrent Cleanup                  112 us
[2025-05-18T21:31:08.629+0300][11376][20632][info][gc,stats    ] Concurrent Class Unloading        18579 us
[2025-05-18T21:31:08.629+0300][11376][20632][info][gc,stats    ]   Unlink Stale                     2075 us
[2025-05-18T21:31:08.629+0300][11376][20632][info][gc,stats    ]     System Dictionary                10 us
[2025-05-18T21:31:08.629+0300][11376][20632][info][gc,stats    ]     Weak Class Links                  0 us
[2025-05-18T21:31:08.629+0300][11376][20632][info][gc,stats    ]     Code Roots                     2063 us
[2025-05-18T21:31:08.629+0300][11376][20632][info][gc,stats    ]   Rendezvous                      16360 us
[2025-05-18T21:31:08.629+0300][11376][20632][info][gc,stats    ]   Purge Unlinked                     15 us
[2025-05-18T21:31:08.629+0300][11376][20632][info][gc,stats    ]     Code Roots                        4 us
[2025-05-18T21:31:08.629+0300][11376][20632][info][gc,stats    ]     CLDG                             10 us
[2025-05-18T21:31:08.629+0300][11376][20632][info][gc,stats    ]     Exception Caches                  0 us
[2025-05-18T21:31:08.629+0300][11376][20632][info][gc,stats    ] Concurrent Strong Roots             306 us, parallelism: 0.59x
[2025-05-18T21:31:08.629+0300][11376][20632][info][gc,stats    ]   CSR: <total>                      179 us
[2025-05-18T21:31:08.629+0300][11376][20632][info][gc,stats    ]   CSR: VM Strong Roots               11 us, workers (us):   6,   5, ---, ---, 
[2025-05-18T21:31:08.629+0300][11376][20632][info][gc,stats    ]   CSR: CLDG Roots                   169 us, workers (us): ---, 169, ---, ---, 
[2025-05-18T21:31:08.629+0300][11376][20632][info][gc,stats    ] Concurrent Evacuation              1649 us
[2025-05-18T21:31:08.629+0300][11376][20632][info][gc,stats    ] Pause Init Update Refs (G)          269 us
[2025-05-18T21:31:08.629+0300][11376][20632][info][gc,stats    ] Pause Init Update Refs (N)          119 us
[2025-05-18T21:31:08.629+0300][11376][20632][info][gc,stats    ]   Manage GCLABs                       6 us
[2025-05-18T21:31:08.629+0300][11376][20632][info][gc,stats    ] Concurrent Update Refs             5735 us
[2025-05-18T21:31:08.629+0300][11376][20632][info][gc,stats    ] Concurrent Update Thread Roots     5960 us
[2025-05-18T21:31:08.629+0300][11376][20632][info][gc,stats    ] Pause Final Update Refs (G)         360 us
[2025-05-18T21:31:08.629+0300][11376][20632][info][gc,stats    ] Pause Final Update Refs (N)         195 us
[2025-05-18T21:31:08.629+0300][11376][20632][info][gc,stats    ]   Update Region States               46 us
[2025-05-18T21:31:08.629+0300][11376][20632][info][gc,stats    ]   Trash Collection Set                6 us
[2025-05-18T21:31:08.629+0300][11376][20632][info][gc,stats    ]   Rebuild Free Set                   22 us
[2025-05-18T21:31:08.629+0300][11376][20632][info][gc,stats    ] Concurrent Cleanup                  111 us
[2025-05-18T21:31:08.629+0300][11376][20632][info][gc,stats    ] 
[2025-05-18T21:31:08.629+0300][11376][20632][info][gc,stats    ] Allocation pacing accrued:
[2025-05-18T21:31:08.629+0300][11376][20632][info][gc,stats    ]       0 of   389 ms (  0.0%): <total>
[2025-05-18T21:31:08.629+0300][11376][20632][info][gc,stats    ]       0 of   389 ms (  0.0%): <average total>
[2025-05-18T21:31:08.629+0300][11376][20632][info][gc,stats    ] 
[2025-05-18T21:31:08.629+0300][11376][20632][info][gc,metaspace] Metaspace: 8608K(9664K)->8608K(9664K) NonClass: 7757K(8384K)->7757K(8384K) Class: 850K(1280K)->850K(1280K)
[2025-05-18T21:31:08.630+0300][11376][20632][info][gc,ergo     ] Pacer for Idle. Initial: 83886K, Alloc Tax Rate: 1.0x
[2025-05-18T21:31:09.086+0300][11376][20632][info][gc          ] Trigger: Learning 5 of 5. Free (2859M) is below initial threshold (2867M)
[2025-05-18T21:31:09.086+0300][11376][20632][info][gc,ergo     ] Free: 2859M, Max: 2048K regular, 2790M humongous, Frag: 3% external, 0% internal; Reserve: 206M, Max: 2048K
[2025-05-18T21:31:09.086+0300][11376][20632][info][gc,start    ] GC(14) Concurrent reset
[2025-05-18T21:31:09.086+0300][11376][20632][info][gc,task     ] GC(14) Using 2 of 4 workers for concurrent reset
[2025-05-18T21:31:09.086+0300][11376][20632][info][gc,ergo     ] GC(14) Pacer for Reset. Non-Taxable: 4096M
[2025-05-18T21:31:09.086+0300][11376][20632][info][gc          ] GC(14) Concurrent reset 0.721ms
[2025-05-18T21:31:09.087+0300][11376][5460 ][info][gc,start    ] GC(14) Pause Init Mark (unload classes)
[2025-05-18T21:31:09.087+0300][11376][5460 ][info][gc,task     ] GC(14) Using 4 of 4 workers for init marking
[2025-05-18T21:31:09.087+0300][11376][5460 ][info][gc,ergo     ] GC(14) Pacer for Mark. Expected Live: 10364K, Free: 2857M, Non-Taxable: 285M, Alloc Tax Rate: 0.0x
[2025-05-18T21:31:09.087+0300][11376][5460 ][info][gc          ] GC(14) Pause Init Mark (unload classes) 0.135ms
[2025-05-18T21:31:09.087+0300][11376][20632][info][gc,start    ] GC(14) Concurrent marking roots
[2025-05-18T21:31:09.087+0300][11376][20632][info][gc,task     ] GC(14) Using 2 of 4 workers for concurrent marking roots
[2025-05-18T21:31:09.087+0300][11376][20632][info][gc          ] GC(14) Concurrent marking roots 0.200ms
[2025-05-18T21:31:09.087+0300][11376][20632][info][gc,start    ] GC(14) Concurrent marking (unload classes)
[2025-05-18T21:31:09.087+0300][11376][20632][info][gc,task     ] GC(14) Using 2 of 4 workers for concurrent marking
[2025-05-18T21:31:09.094+0300][11376][20632][info][gc          ] GC(14) Concurrent marking (unload classes) 6.372ms
[2025-05-18T21:31:09.094+0300][11376][5460 ][info][gc,start    ] GC(14) Pause Final Mark (unload classes)
[2025-05-18T21:31:09.094+0300][11376][5460 ][info][gc,task     ] GC(14) Using 4 of 4 workers for final marking
[2025-05-18T21:31:09.094+0300][11376][5460 ][info][gc,ergo     ] GC(14) Adaptive CSet Selection. Target Free: 580M, Actual Free: 3846M, Max CSet: 170M, Min Garbage: 0B
[2025-05-18T21:31:09.094+0300][11376][5460 ][info][gc,ergo     ] GC(14) Collectable Garbage: 1014M (99%), Immediate: 804M (79%), CSet: 210M (20%)
[2025-05-18T21:31:09.094+0300][11376][5460 ][info][gc,ergo     ] GC(14) Pacer for Evacuation. Used CSet: 211M, Free: 3643M, Non-Taxable: 364M, Alloc Tax Rate: 1.1x
[2025-05-18T21:31:09.094+0300][11376][5460 ][info][gc          ] GC(14) Pause Final Mark (unload classes) 0.292ms
[2025-05-18T21:31:09.094+0300][11376][20632][info][gc,start    ] GC(14) Concurrent thread roots
[2025-05-18T21:31:09.094+0300][11376][20632][info][gc,task     ] GC(14) Using 2 of 4 workers for Concurrent thread roots
[2025-05-18T21:31:09.094+0300][11376][20632][info][gc          ] GC(14) Concurrent thread roots 0.216ms
[2025-05-18T21:31:09.094+0300][11376][20632][info][gc,start    ] GC(14) Concurrent weak references
[2025-05-18T21:31:09.094+0300][11376][20632][info][gc,task     ] GC(14) Using 2 of 4 workers for concurrent weak references
[2025-05-18T21:31:09.094+0300][11376][20632][info][gc,ref      ] GC(14) Encountered references: Soft: 152, Weak: 874, Final: 3, Phantom: 50
[2025-05-18T21:31:09.094+0300][11376][20632][info][gc,ref      ] GC(14) Discovered  references: Soft: 0, Weak: 387, Final: 1, Phantom: 39
[2025-05-18T21:31:09.094+0300][11376][20632][info][gc,ref      ] GC(14) Enqueued    references: Soft: 0, Weak: 178, Final: 0, Phantom: 0
[2025-05-18T21:31:09.094+0300][11376][20632][info][gc          ] GC(14) Concurrent weak references 0.238ms
[2025-05-18T21:31:09.094+0300][11376][20632][info][gc,start    ] GC(14) Concurrent weak roots
[2025-05-18T21:31:09.095+0300][11376][20632][info][gc,task     ] GC(14) Using 2 of 4 workers for concurrent weak root
[2025-05-18T21:31:09.117+0300][11376][20632][info][gc          ] GC(14) Concurrent weak roots 22.591ms
[2025-05-18T21:31:09.117+0300][11376][20632][info][gc,start    ] GC(14) Concurrent cleanup
[2025-05-18T21:31:09.117+0300][11376][20632][info][gc          ] GC(14) Concurrent cleanup 1101M->297M(4096M) 0.092ms
[2025-05-18T21:31:09.117+0300][11376][20632][info][gc,ergo     ] GC(14) Free: 3587M, Max: 2048K regular, 2780M humongous, Frag: 23% external, 0% internal; Reserve: 204M, Max: 2048K
[2025-05-18T21:31:09.117+0300][11376][20632][info][gc,start    ] GC(14) Concurrent class unloading
[2025-05-18T21:31:09.117+0300][11376][20632][info][gc,task     ] GC(14) Using 2 of 4 workers for concurrent class unloading
[2025-05-18T21:31:09.120+0300][11376][20632][info][gc          ] GC(14) Concurrent class unloading 3.345ms
[2025-05-18T21:31:09.120+0300][11376][20632][info][gc,start    ] GC(14) Concurrent strong roots
[2025-05-18T21:31:09.120+0300][11376][20632][info][gc,task     ] GC(14) Using 2 of 4 workers for concurrent strong root
[2025-05-18T21:31:09.121+0300][11376][20632][info][gc          ] GC(14) Concurrent strong roots 0.259ms
[2025-05-18T21:31:09.121+0300][11376][20632][info][gc,start    ] GC(14) Concurrent evacuation
[2025-05-18T21:31:09.121+0300][11376][20632][info][gc,task     ] GC(14) Using 2 of 4 workers for concurrent evacuation
[2025-05-18T21:31:09.122+0300][11376][20632][info][gc          ] GC(14) Concurrent evacuation 1.331ms
[2025-05-18T21:31:09.122+0300][11376][5460 ][info][gc,start    ] GC(14) Pause Init Update Refs
[2025-05-18T21:31:09.122+0300][11376][5460 ][info][gc,ergo     ] GC(14) Pacer for Update Refs. Used: 305M, Free: 3579M, Non-Taxable: 357M, Alloc Tax Rate: 1.1x
[2025-05-18T21:31:09.122+0300][11376][5460 ][info][gc          ] GC(14) Pause Init Update Refs 0.087ms
[2025-05-18T21:31:09.122+0300][11376][20632][info][gc,start    ] GC(14) Concurrent update references
[2025-05-18T21:31:09.122+0300][11376][20632][info][gc,task     ] GC(14) Using 2 of 4 workers for concurrent reference update
[2025-05-18T21:31:09.129+0300][11376][20632][info][gc          ] GC(14) Concurrent update references 6.259ms
[2025-05-18T21:31:09.129+0300][11376][20632][info][gc,start    ] GC(14) Concurrent update thread roots
[2025-05-18T21:31:09.149+0300][11376][20632][info][gc          ] GC(14) Concurrent update thread roots 20.030ms
[2025-05-18T21:31:09.149+0300][11376][5460 ][info][gc,start    ] GC(14) Pause Final Update Refs
[2025-05-18T21:31:09.149+0300][11376][5460 ][info][gc,task     ] GC(14) Using 4 of 4 workers for final reference update
[2025-05-18T21:31:09.149+0300][11376][5460 ][info][gc          ] GC(14) Pause Final Update Refs 0.149ms
[2025-05-18T21:31:09.149+0300][11376][20632][info][gc,start    ] GC(14) Concurrent cleanup
[2025-05-18T21:31:09.149+0300][11376][20632][info][gc          ] GC(14) Concurrent cleanup 363M->151M(4096M) 0.080ms
[2025-05-18T21:31:09.149+0300][11376][20632][info][gc,ergo     ] Free: 3732M, Max: 2048K regular, 2780M humongous, Frag: 26% external, 0% internal; Reserve: 206M, Max: 2048K
[2025-05-18T21:31:09.149+0300][11376][20632][info][gc,stats    ] 
[2025-05-18T21:31:09.149+0300][11376][20632][info][gc,stats    ] All times are wall-clock times, except per-root-class counters, that are sum over
[2025-05-18T21:31:09.149+0300][11376][20632][info][gc,stats    ] all workers. Dividing the <total> over the root stage time estimates parallelism.
[2025-05-18T21:31:09.149+0300][11376][20632][info][gc,stats    ] 
[2025-05-18T21:31:09.149+0300][11376][20632][info][gc,stats    ] Concurrent Reset                    780 us
[2025-05-18T21:31:09.149+0300][11376][20632][info][gc,stats    ] Pause Init Mark (G)                 410 us
[2025-05-18T21:31:09.149+0300][11376][20632][info][gc,stats    ] Pause Init Mark (N)                 156 us
[2025-05-18T21:31:09.149+0300][11376][20632][info][gc,stats    ]   Update Region States               14 us
[2025-05-18T21:31:09.149+0300][11376][20632][info][gc,stats    ] Concurrent Mark Roots               226 us, parallelism: 0.80x
[2025-05-18T21:31:09.149+0300][11376][20632][info][gc,stats    ]   CMR: <total>                      180 us
[2025-05-18T21:31:09.149+0300][11376][20632][info][gc,stats    ]   CMR: Thread Roots                  88 us, workers (us):   2,  87, ---, ---, 
[2025-05-18T21:31:09.149+0300][11376][20632][info][gc,stats    ]   CMR: VM Strong Roots               11 us, workers (us):   6,   6, ---, ---, 
[2025-05-18T21:31:09.149+0300][11376][20632][info][gc,stats    ]   CMR: CLDG Roots                    81 us, workers (us):  81, ---, ---, ---, 
[2025-05-18T21:31:09.150+0300][11376][20632][info][gc,stats    ] Concurrent Marking                 6430 us
[2025-05-18T21:31:09.150+0300][11376][20632][info][gc,stats    ] Pause Final Mark (G)                407 us
[2025-05-18T21:31:09.150+0300][11376][20632][info][gc,stats    ] Pause Final Mark (N)                315 us
[2025-05-18T21:31:09.150+0300][11376][20632][info][gc,stats    ]   Finish Mark                        42 us
[2025-05-18T21:31:09.150+0300][11376][20632][info][gc,stats    ]   Update Region States               38 us
[2025-05-18T21:31:09.150+0300][11376][20632][info][gc,stats    ]   Choose Collection Set              86 us
[2025-05-18T21:31:09.150+0300][11376][20632][info][gc,stats    ]   Rebuild Free Set                   23 us
[2025-05-18T21:31:09.150+0300][11376][20632][info][gc,stats    ] Concurrent Thread Roots             268 us, parallelism: 0.74x
[2025-05-18T21:31:09.150+0300][11376][20632][info][gc,stats    ]   CTR: <total>                      198 us
[2025-05-18T21:31:09.150+0300][11376][20632][info][gc,stats    ]   CTR: Thread Roots                 198 us, workers (us): 117,  81, ---, ---, 
[2025-05-18T21:31:09.150+0300][11376][20632][info][gc,stats    ] Concurrent Weak References          262 us, parallelism: 0.42x
[2025-05-18T21:31:09.150+0300][11376][20632][info][gc,stats    ]   CWRF: <total>                     111 us
[2025-05-18T21:31:09.150+0300][11376][20632][info][gc,stats    ]   CWRF: Weak References             111 us, workers (us):  32,  79, ---, ---, 
[2025-05-18T21:31:09.150+0300][11376][20632][info][gc,stats    ] Concurrent Weak Roots             22676 us
[2025-05-18T21:31:09.150+0300][11376][20632][info][gc,stats    ]   Roots                             750 us, parallelism: 1.84x
[2025-05-18T21:31:09.150+0300][11376][20632][info][gc,stats    ]     CWR: <total>                   1377 us
[2025-05-18T21:31:09.150+0300][11376][20632][info][gc,stats    ]     CWR: Code Cache Roots           977 us, workers (us): 503, 473, ---, ---, 
[2025-05-18T21:31:09.150+0300][11376][20632][info][gc,stats    ]     CWR: VM Weak Roots              393 us, workers (us): 201, 192, ---, ---, 
[2025-05-18T21:31:09.150+0300][11376][20632][info][gc,stats    ]     CWR: CLDG Roots                   8 us, workers (us): ---,   8, ---, ---, 
[2025-05-18T21:31:09.150+0300][11376][20632][info][gc,stats    ]   Rendezvous                      21792 us
[2025-05-18T21:31:09.150+0300][11376][20632][info][gc,stats    ] Concurrent Cleanup                  117 us
[2025-05-18T21:31:09.150+0300][11376][20632][info][gc,stats    ] Concurrent Class Unloading         3410 us
[2025-05-18T21:31:09.150+0300][11376][20632][info][gc,stats    ]   Unlink Stale                     2307 us
[2025-05-18T21:31:09.150+0300][11376][20632][info][gc,stats    ]     System Dictionary                15 us
[2025-05-18T21:31:09.150+0300][11376][20632][info][gc,stats    ]     Weak Class Links                  0 us
[2025-05-18T21:31:09.150+0300][11376][20632][info][gc,stats    ]     Code Roots                     2290 us
[2025-05-18T21:31:09.150+0300][11376][20632][info][gc,stats    ]   Rendezvous                        914 us
[2025-05-18T21:31:09.150+0300][11376][20632][info][gc,stats    ]   Purge Unlinked                     69 us
[2025-05-18T21:31:09.150+0300][11376][20632][info][gc,stats    ]     Code Roots                       54 us
[2025-05-18T21:31:09.150+0300][11376][20632][info][gc,stats    ]     CLDG                             14 us
[2025-05-18T21:31:09.150+0300][11376][20632][info][gc,stats    ]     Exception Caches                  0 us
[2025-05-18T21:31:09.150+0300][11376][20632][info][gc,stats    ] Concurrent Strong Roots             294 us, parallelism: 0.54x
[2025-05-18T21:31:09.150+0300][11376][20632][info][gc,stats    ]   CSR: <total>                      160 us
[2025-05-18T21:31:09.150+0300][11376][20632][info][gc,stats    ]   CSR: VM Strong Roots               10 us, workers (us):   7,   3, ---, ---, 
[2025-05-18T21:31:09.150+0300][11376][20632][info][gc,stats    ]   CSR: CLDG Roots                   150 us, workers (us): ---, 150, ---, ---, 
[2025-05-18T21:31:09.150+0300][11376][20632][info][gc,stats    ] Concurrent Evacuation              1378 us
[2025-05-18T21:31:09.150+0300][11376][20632][info][gc,stats    ] Pause Init Update Refs (G)          326 us
[2025-05-18T21:31:09.150+0300][11376][20632][info][gc,stats    ] Pause Init Update Refs (N)          111 us
[2025-05-18T21:31:09.150+0300][11376][20632][info][gc,stats    ]   Manage GCLABs                       6 us
[2025-05-18T21:31:09.150+0300][11376][20632][info][gc,stats    ] Concurrent Update Refs             6322 us
[2025-05-18T21:31:09.150+0300][11376][20632][info][gc,stats    ] Concurrent Update Thread Roots    20105 us
[2025-05-18T21:31:09.150+0300][11376][20632][info][gc,stats    ] Pause Final Update Refs (G)         329 us
[2025-05-18T21:31:09.150+0300][11376][20632][info][gc,stats    ] Pause Final Update Refs (N)         177 us
[2025-05-18T21:31:09.150+0300][11376][20632][info][gc,stats    ]   Update Region States               37 us
[2025-05-18T21:31:09.150+0300][11376][20632][info][gc,stats    ]   Trash Collection Set                6 us
[2025-05-18T21:31:09.150+0300][11376][20632][info][gc,stats    ]   Rebuild Free Set                   24 us
[2025-05-18T21:31:09.150+0300][11376][20632][info][gc,stats    ] Concurrent Cleanup                  122 us
[2025-05-18T21:31:09.151+0300][11376][20632][info][gc,stats    ] 
[2025-05-18T21:31:09.151+0300][11376][20632][info][gc,stats    ] Allocation pacing accrued:
[2025-05-18T21:31:09.151+0300][11376][20632][info][gc,stats    ]       0 of   522 ms (  0.0%): <total>
[2025-05-18T21:31:09.151+0300][11376][20632][info][gc,stats    ]       0 of   522 ms (  0.0%): <average total>
[2025-05-18T21:31:09.151+0300][11376][20632][info][gc,stats    ] 
[2025-05-18T21:31:09.151+0300][11376][20632][info][gc,metaspace] Metaspace: 8608K(9664K)->8608K(9664K) NonClass: 7757K(8384K)->7757K(8384K) Class: 850K(1280K)->850K(1280K)
[2025-05-18T21:31:09.151+0300][11376][20632][info][gc,ergo     ] Pacer for Idle. Initial: 83886K, Alloc Tax Rate: 1.0x
[2025-05-18T21:31:10.494+0300][11376][20632][info][gc          ] Trigger: Average GC time (83.24 ms) is above the time for average allocation rate (2545 MB/s) to deplete free headroom (209M) (margin of error = 1.79)
[2025-05-18T21:31:10.494+0300][11376][20632][info][gc,ergo     ] Free headroom: 413M (free) - 204M (spike) - 0B (penalties) = 209M
[2025-05-18T21:31:10.494+0300][11376][20632][info][gc,ergo     ] Free: 413M, Max: 2048K regular, 410M humongous, Frag: 0% external, 0% internal; Reserve: 206M, Max: 2048K
[2025-05-18T21:31:10.494+0300][11376][20632][info][gc,start    ] GC(15) Concurrent reset
[2025-05-18T21:31:10.494+0300][11376][20632][info][gc,task     ] GC(15) Using 2 of 4 workers for concurrent reset
[2025-05-18T21:31:10.494+0300][11376][20632][info][gc,ergo     ] GC(15) Pacer for Reset. Non-Taxable: 4096M
[2025-05-18T21:31:10.494+0300][11376][20632][info][gc          ] GC(15) Concurrent reset 0.739ms
[2025-05-18T21:31:10.495+0300][11376][5460 ][info][gc,start    ] GC(15) Pause Init Mark (unload classes)
[2025-05-18T21:31:10.495+0300][11376][5460 ][info][gc,task     ] GC(15) Using 4 of 4 workers for init marking
[2025-05-18T21:31:10.496+0300][11376][5460 ][info][gc,ergo     ] GC(15) Pacer for Mark. Expected Live: 10348K, Free: 412M, Non-Taxable: 42192K, Alloc Tax Rate: 0.0x
[2025-05-18T21:31:10.496+0300][11376][5460 ][info][gc          ] GC(15) Pause Init Mark (unload classes) 0.149ms
[2025-05-18T21:31:10.496+0300][11376][20632][info][gc,start    ] GC(15) Concurrent marking roots
[2025-05-18T21:31:10.496+0300][11376][20632][info][gc,task     ] GC(15) Using 2 of 4 workers for concurrent marking roots
[2025-05-18T21:31:10.496+0300][11376][20632][info][gc          ] GC(15) Concurrent marking roots 0.290ms
[2025-05-18T21:31:10.496+0300][11376][20632][info][gc,start    ] GC(15) Concurrent marking (unload classes)
[2025-05-18T21:31:10.496+0300][11376][20632][info][gc,task     ] GC(15) Using 2 of 4 workers for concurrent marking
[2025-05-18T21:31:10.542+0300][11376][20632][info][gc          ] GC(15) Concurrent marking (unload classes) 45.127ms
[2025-05-18T21:31:10.542+0300][11376][5460 ][info][gc,start    ] GC(15) Pause Final Mark (unload classes)
[2025-05-18T21:31:10.542+0300][11376][5460 ][info][gc,task     ] GC(15) Using 4 of 4 workers for final marking
[2025-05-18T21:31:10.542+0300][11376][5460 ][info][gc,ergo     ] GC(15) Adaptive CSet Selection. Target Free: 580M, Actual Free: 3336M, Max CSet: 170M, Min Garbage: 0B
[2025-05-18T21:31:10.542+0300][11376][5460 ][info][gc,ergo     ] GC(15) Collectable Garbage: 3460M (99%), Immediate: 2828M (81%), CSet: 632M (18%)
[2025-05-18T21:31:10.542+0300][11376][5460 ][info][gc,ergo     ] GC(15) Pacer for Evacuation. Used CSet: 633M, Free: 3133M, Non-Taxable: 313M, Alloc Tax Rate: 1.1x
[2025-05-18T21:31:10.542+0300][11376][5460 ][info][gc          ] GC(15) Pause Final Mark (unload classes) 0.394ms
[2025-05-18T21:31:10.542+0300][11376][20632][info][gc,start    ] GC(15) Concurrent thread roots
[2025-05-18T21:31:10.542+0300][11376][20632][info][gc,task     ] GC(15) Using 2 of 4 workers for Concurrent thread roots
[2025-05-18T21:31:10.542+0300][11376][20632][info][gc          ] GC(15) Concurrent thread roots 0.386ms
[2025-05-18T21:31:10.542+0300][11376][20632][info][gc,start    ] GC(15) Concurrent weak references
[2025-05-18T21:31:10.542+0300][11376][20632][info][gc,task     ] GC(15) Using 2 of 4 workers for concurrent weak references
[2025-05-18T21:31:10.543+0300][11376][20632][info][gc,ref      ] GC(15) Encountered references: Soft: 152, Weak: 1314, Final: 3, Phantom: 50
[2025-05-18T21:31:10.543+0300][11376][20632][info][gc,ref      ] GC(15) Discovered  references: Soft: 0, Weak: 808, Final: 1, Phantom: 35
[2025-05-18T21:31:10.543+0300][11376][20632][info][gc,ref      ] GC(15) Enqueued    references: Soft: 0, Weak: 618, Final: 0, Phantom: 0
[2025-05-18T21:31:10.543+0300][11376][20632][info][gc          ] GC(15) Concurrent weak references 0.394ms
[2025-05-18T21:31:10.543+0300][11376][20632][info][gc,start    ] GC(15) Concurrent weak roots
[2025-05-18T21:31:10.543+0300][11376][20632][info][gc,task     ] GC(15) Using 2 of 4 workers for concurrent weak root
[2025-05-18T21:31:10.573+0300][11376][20632][info][gc          ] GC(15) Concurrent weak roots 29.952ms
[2025-05-18T21:31:10.573+0300][11376][20632][info][gc,start    ] GC(15) Concurrent cleanup
[2025-05-18T21:31:10.573+0300][11376][20632][info][gc          ] GC(15) Concurrent cleanup 3618M->790M(4096M) 0.153ms
[2025-05-18T21:31:10.573+0300][11376][20632][info][gc,ergo     ] GC(15) Free: 3093M, Max: 2048K regular, 262M humongous, Frag: 92% external, 0% internal; Reserve: 205M, Max: 2048K
[2025-05-18T21:31:10.573+0300][11376][20632][info][gc,start    ] GC(15) Concurrent class unloading
[2025-05-18T21:31:10.573+0300][11376][20632][info][gc,task     ] GC(15) Using 2 of 4 workers for concurrent class unloading
[2025-05-18T21:31:10.589+0300][11376][20632][info][gc          ] GC(15) Concurrent class unloading 15.645ms
[2025-05-18T21:31:10.589+0300][11376][20632][info][gc,start    ] GC(15) Concurrent strong roots
[2025-05-18T21:31:10.589+0300][11376][20632][info][gc,task     ] GC(15) Using 2 of 4 workers for concurrent strong root
[2025-05-18T21:31:10.589+0300][11376][20632][info][gc          ] GC(15) Concurrent strong roots 0.259ms
[2025-05-18T21:31:10.589+0300][11376][20632][info][gc,start    ] GC(15) Concurrent evacuation
[2025-05-18T21:31:10.589+0300][11376][20632][info][gc,task     ] GC(15) Using 2 of 4 workers for concurrent evacuation
[2025-05-18T21:31:10.594+0300][11376][20632][info][gc          ] GC(15) Concurrent evacuation 5.111ms
[2025-05-18T21:31:10.604+0300][11376][5460 ][info][gc,start    ] GC(15) Pause Init Update Refs
[2025-05-18T21:31:10.604+0300][11376][5460 ][info][gc,ergo     ] GC(15) Pacer for Update Refs. Used: 821M, Free: 3063M, Non-Taxable: 306M, Alloc Tax Rate: 1.1x
[2025-05-18T21:31:10.604+0300][11376][5460 ][info][gc          ] GC(15) Pause Init Update Refs 0.127ms
[2025-05-18T21:31:10.604+0300][11376][20632][info][gc,start    ] GC(15) Concurrent update references
[2025-05-18T21:31:10.604+0300][11376][20632][info][gc,task     ] GC(15) Using 2 of 4 workers for concurrent reference update
[2025-05-18T21:31:10.627+0300][11376][20632][info][gc          ] GC(15) Concurrent update references 23.810ms
[2025-05-18T21:31:10.627+0300][11376][20632][info][gc,start    ] GC(15) Concurrent update thread roots
[2025-05-18T21:31:10.635+0300][11376][20632][info][gc          ] GC(15) Concurrent update thread roots 7.449ms
[2025-05-18T21:31:10.635+0300][11376][5460 ][info][gc,start    ] GC(15) Pause Final Update Refs
[2025-05-18T21:31:10.635+0300][11376][5460 ][info][gc,task     ] GC(15) Using 4 of 4 workers for final reference update
[2025-05-18T21:31:10.635+0300][11376][5460 ][info][gc          ] GC(15) Pause Final Update Refs 0.164ms
[2025-05-18T21:31:10.635+0300][11376][20632][info][gc,start    ] GC(15) Concurrent cleanup
[2025-05-18T21:31:10.635+0300][11376][20632][info][gc          ] GC(15) Concurrent cleanup 865M->232M(4096M) 0.098ms
[2025-05-18T21:31:10.635+0300][11376][20632][info][gc,ergo     ] Free: 3651M, Max: 2048K regular, 3376M humongous, Frag: 8% external, 0% internal; Reserve: 206M, Max: 2048K
[2025-05-18T21:31:10.635+0300][11376][20632][info][gc,stats    ] 
[2025-05-18T21:31:10.635+0300][11376][20632][info][gc,stats    ] All times are wall-clock times, except per-root-class counters, that are sum over
[2025-05-18T21:31:10.635+0300][11376][20632][info][gc,stats    ] all workers. Dividing the <total> over the root stage time estimates parallelism.
[2025-05-18T21:31:10.635+0300][11376][20632][info][gc,stats    ] 
[2025-05-18T21:31:10.635+0300][11376][20632][info][gc,stats    ] Concurrent Reset                    797 us
[2025-05-18T21:31:10.635+0300][11376][20632][info][gc,stats    ] Pause Init Mark (G)                1110 us
[2025-05-18T21:31:10.635+0300][11376][20632][info][gc,stats    ] Pause Init Mark (N)                 170 us
[2025-05-18T21:31:10.635+0300][11376][20632][info][gc,stats    ]   Update Region States               29 us
[2025-05-18T21:31:10.635+0300][11376][20632][info][gc,stats    ] Concurrent Mark Roots               338 us, parallelism: 0.82x
[2025-05-18T21:31:10.636+0300][11376][20632][info][gc,stats    ]   CMR: <total>                      278 us
[2025-05-18T21:31:10.636+0300][11376][20632][info][gc,stats    ]   CMR: Thread Roots                 186 us, workers (us): 117,  69, ---, ---, 
[2025-05-18T21:31:10.636+0300][11376][20632][info][gc,stats    ]   CMR: VM Strong Roots               11 us, workers (us):   6,   5, ---, ---, 
[2025-05-18T21:31:10.636+0300][11376][20632][info][gc,stats    ]   CMR: CLDG Roots                    81 us, workers (us): ---,  81, ---, ---, 
[2025-05-18T21:31:10.636+0300][11376][20632][info][gc,stats    ] Concurrent Marking                45209 us
[2025-05-18T21:31:10.636+0300][11376][20632][info][gc,stats    ] Pause Final Mark (G)                571 us
[2025-05-18T21:31:10.636+0300][11376][20632][info][gc,stats    ] Pause Final Mark (N)                418 us
[2025-05-18T21:31:10.636+0300][11376][20632][info][gc,stats    ]   Finish Mark                        65 us
[2025-05-18T21:31:10.636+0300][11376][20632][info][gc,stats    ]   Update Region States               39 us
[2025-05-18T21:31:10.636+0300][11376][20632][info][gc,stats    ]   Choose Collection Set             136 us
[2025-05-18T21:31:10.636+0300][11376][20632][info][gc,stats    ]   Rebuild Free Set                   26 us
[2025-05-18T21:31:10.636+0300][11376][20632][info][gc,stats    ] Concurrent Thread Roots             426 us, parallelism: 1.09x
[2025-05-18T21:31:10.636+0300][11376][20632][info][gc,stats    ]   CTR: <total>                      466 us
[2025-05-18T21:31:10.636+0300][11376][20632][info][gc,stats    ]   CTR: Thread Roots                 466 us, workers (us): 209, 258, ---, ---, 
[2025-05-18T21:31:10.636+0300][11376][20632][info][gc,stats    ] Concurrent Weak References          417 us, parallelism: 0.64x
[2025-05-18T21:31:10.636+0300][11376][20632][info][gc,stats    ]   CWRF: <total>                     266 us
[2025-05-18T21:31:10.636+0300][11376][20632][info][gc,stats    ]   CWRF: Weak References             266 us, workers (us): 230,  36, ---, ---, 
[2025-05-18T21:31:10.636+0300][11376][20632][info][gc,stats    ] Concurrent Weak Roots             30025 us
[2025-05-18T21:31:10.636+0300][11376][20632][info][gc,stats    ]   Roots                             835 us, parallelism: 1.81x
[2025-05-18T21:31:10.636+0300][11376][20632][info][gc,stats    ]     CWR: <total>                   1512 us
[2025-05-18T21:31:10.636+0300][11376][20632][info][gc,stats    ]     CWR: Code Cache Roots          1106 us, workers (us): 573, 533, ---, ---, 
[2025-05-18T21:31:10.636+0300][11376][20632][info][gc,stats    ]     CWR: VM Weak Roots              396 us, workers (us): 194, 203, ---, ---, 
[2025-05-18T21:31:10.636+0300][11376][20632][info][gc,stats    ]     CWR: CLDG Roots                  10 us, workers (us):  10, ---, ---, ---, 
[2025-05-18T21:31:10.636+0300][11376][20632][info][gc,stats    ]   Rendezvous                      29067 us
[2025-05-18T21:31:10.636+0300][11376][20632][info][gc,stats    ] Concurrent Cleanup                  187 us
[2025-05-18T21:31:10.636+0300][11376][20632][info][gc,stats    ] Concurrent Class Unloading        15727 us
[2025-05-18T21:31:10.636+0300][11376][20632][info][gc,stats    ]   Unlink Stale                     2182 us
[2025-05-18T21:31:10.636+0300][11376][20632][info][gc,stats    ]     System Dictionary                15 us
[2025-05-18T21:31:10.636+0300][11376][20632][info][gc,stats    ]     Weak Class Links                  0 us
[2025-05-18T21:31:10.636+0300][11376][20632][info][gc,stats    ]     Code Roots                     2164 us
[2025-05-18T21:31:10.636+0300][11376][20632][info][gc,stats    ]   Rendezvous                      13309 us
[2025-05-18T21:31:10.636+0300][11376][20632][info][gc,stats    ]   Purge Unlinked                    100 us
[2025-05-18T21:31:10.636+0300][11376][20632][info][gc,stats    ]     Code Roots                       88 us
[2025-05-18T21:31:10.636+0300][11376][20632][info][gc,stats    ]     CLDG                             11 us
[2025-05-18T21:31:10.636+0300][11376][20632][info][gc,stats    ]     Exception Caches                  0 us
[2025-05-18T21:31:10.636+0300][11376][20632][info][gc,stats    ] Concurrent Strong Roots             322 us, parallelism: 0.52x
[2025-05-18T21:31:10.636+0300][11376][20632][info][gc,stats    ]   CSR: <total>                      166 us
[2025-05-18T21:31:10.636+0300][11376][20632][info][gc,stats    ]   CSR: VM Strong Roots               12 us, workers (us):   6,   6, ---, ---, 
[2025-05-18T21:31:10.636+0300][11376][20632][info][gc,stats    ]   CSR: CLDG Roots                   155 us, workers (us): 155, ---, ---, ---, 
[2025-05-18T21:31:10.636+0300][11376][20632][info][gc,stats    ] Concurrent Evacuation              5185 us
[2025-05-18T21:31:10.636+0300][11376][20632][info][gc,stats    ] Pause Init Update Refs (G)         9618 us
[2025-05-18T21:31:10.636+0300][11376][20632][info][gc,stats    ] Pause Init Update Refs (N)          151 us
[2025-05-18T21:31:10.636+0300][11376][20632][info][gc,stats    ]   Manage GCLABs                       9 us
[2025-05-18T21:31:10.636+0300][11376][20632][info][gc,stats    ] Concurrent Update Refs            23886 us
[2025-05-18T21:31:10.636+0300][11376][20632][info][gc,stats    ] Concurrent Update Thread Roots     7526 us
[2025-05-18T21:31:10.636+0300][11376][20632][info][gc,stats    ] Pause Final Update Refs (G)         447 us
[2025-05-18T21:31:10.636+0300][11376][20632][info][gc,stats    ] Pause Final Update Refs (N)         192 us
[2025-05-18T21:31:10.637+0300][11376][20632][info][gc,stats    ]   Update Region States               36 us
[2025-05-18T21:31:10.637+0300][11376][20632][info][gc,stats    ]   Trash Collection Set               13 us
[2025-05-18T21:31:10.637+0300][11376][20632][info][gc,stats    ]   Rebuild Free Set                   29 us
[2025-05-18T21:31:10.637+0300][11376][20632][info][gc,stats    ] Concurrent Cleanup                  126 us
[2025-05-18T21:31:10.637+0300][11376][20632][info][gc,stats    ] 
[2025-05-18T21:31:10.637+0300][11376][20632][info][gc,stats    ] Allocation pacing accrued:
[2025-05-18T21:31:10.637+0300][11376][20632][info][gc,stats    ]       0 of  1486 ms (  0.0%): <total>
[2025-05-18T21:31:10.637+0300][11376][20632][info][gc,stats    ]       0 of  1486 ms (  0.0%): <average total>
[2025-05-18T21:31:10.637+0300][11376][20632][info][gc,stats    ] 
[2025-05-18T21:31:10.637+0300][11376][20632][info][gc,metaspace] Metaspace: 8608K(9664K)->8608K(9664K) NonClass: 7757K(8384K)->7757K(8384K) Class: 850K(1280K)->850K(1280K)
[2025-05-18T21:31:10.637+0300][11376][20632][info][gc,ergo     ] Pacer for Idle. Initial: 83886K, Alloc Tax Rate: 1.0x
[2025-05-18T21:31:12.307+0300][11376][20632][info][gc          ] Trigger: Average GC time (179.86 ms) is above the time for average allocation rate (1665 MB/s) to deplete free headroom (295M) (margin of error = 1.80)
[2025-05-18T21:31:12.307+0300][11376][20632][info][gc,ergo     ] Free headroom: 499M (free) - 204M (spike) - 0B (penalties) = 295M
[2025-05-18T21:31:12.307+0300][11376][20632][info][gc,ergo     ] Free: 499M, Max: 2048K regular, 262M humongous, Frag: 48% external, 0% internal; Reserve: 206M, Max: 2048K
[2025-05-18T21:31:12.307+0300][11376][20632][info][gc,start    ] GC(16) Concurrent reset
[2025-05-18T21:31:12.307+0300][11376][20632][info][gc,task     ] GC(16) Using 2 of 4 workers for concurrent reset
[2025-05-18T21:31:12.307+0300][11376][20632][info][gc,ergo     ] GC(16) Pacer for Reset. Non-Taxable: 4096M
[2025-05-18T21:31:12.308+0300][11376][20632][info][gc          ] GC(16) Concurrent reset 1.767ms
[2025-05-18T21:31:12.309+0300][11376][5460 ][info][gc,start    ] GC(16) Pause Init Mark (unload classes)
[2025-05-18T21:31:12.309+0300][11376][5460 ][info][gc,task     ] GC(16) Using 4 of 4 workers for init marking
[2025-05-18T21:31:12.309+0300][11376][5460 ][info][gc,ergo     ] GC(16) Pacer for Mark. Expected Live: 10488K, Free: 497M, Non-Taxable: 50985K, Alloc Tax Rate: 0.0x
[2025-05-18T21:31:12.309+0300][11376][5460 ][info][gc          ] GC(16) Pause Init Mark (unload classes) 0.154ms
[2025-05-18T21:31:12.309+0300][11376][20632][info][gc,start    ] GC(16) Concurrent marking roots
[2025-05-18T21:31:12.309+0300][11376][20632][info][gc,task     ] GC(16) Using 2 of 4 workers for concurrent marking roots
[2025-05-18T21:31:12.309+0300][11376][20632][info][gc          ] GC(16) Concurrent marking roots 0.257ms
[2025-05-18T21:31:12.309+0300][11376][20632][info][gc,start    ] GC(16) Concurrent marking (unload classes)
[2025-05-18T21:31:12.309+0300][11376][20632][info][gc,task     ] GC(16) Using 2 of 4 workers for concurrent marking
[2025-05-18T21:31:12.369+0300][11376][20632][info][gc          ] GC(16) Concurrent marking (unload classes) 59.407ms
[2025-05-18T21:31:12.369+0300][11376][5460 ][info][gc,start    ] GC(16) Pause Final Mark (unload classes)
[2025-05-18T21:31:12.369+0300][11376][5460 ][info][gc,task     ] GC(16) Using 4 of 4 workers for final marking
[2025-05-18T21:31:12.369+0300][11376][5460 ][info][gc,ergo     ] GC(16) Adaptive CSet Selection. Target Free: 580M, Actual Free: 3338M, Max CSet: 170M, Min Garbage: 0B
[2025-05-18T21:31:12.369+0300][11376][5460 ][info][gc,ergo     ] GC(16) Collectable Garbage: 3374M (99%), Immediate: 2744M (81%), CSet: 630M (18%)
[2025-05-18T21:31:12.369+0300][11376][5460 ][info][gc,ergo     ] GC(16) Pacer for Evacuation. Used CSet: 631M, Free: 3135M, Non-Taxable: 313M, Alloc Tax Rate: 1.1x
[2025-05-18T21:31:12.369+0300][11376][5460 ][info][gc          ] GC(16) Pause Final Mark (unload classes) 0.425ms
[2025-05-18T21:31:12.369+0300][11376][20632][info][gc,start    ] GC(16) Concurrent thread roots
[2025-05-18T21:31:12.369+0300][11376][20632][info][gc,task     ] GC(16) Using 2 of 4 workers for Concurrent thread roots
[2025-05-18T21:31:12.370+0300][11376][20632][info][gc          ] GC(16) Concurrent thread roots 0.351ms
[2025-05-18T21:31:12.370+0300][11376][20632][info][gc,start    ] GC(16) Concurrent weak references
[2025-05-18T21:31:12.370+0300][11376][20632][info][gc,task     ] GC(16) Using 2 of 4 workers for concurrent weak references
[2025-05-18T21:31:12.370+0300][11376][20632][info][gc,ref      ] GC(16) Encountered references: Soft: 152, Weak: 1291, Final: 3, Phantom: 48
[2025-05-18T21:31:12.370+0300][11376][20632][info][gc,ref      ] GC(16) Discovered  references: Soft: 0, Weak: 802, Final: 1, Phantom: 34
[2025-05-18T21:31:12.370+0300][11376][20632][info][gc,ref      ] GC(16) Enqueued    references: Soft: 0, Weak: 559, Final: 0, Phantom: 0
[2025-05-18T21:31:12.370+0300][11376][20632][info][gc          ] GC(16) Concurrent weak references 0.374ms
[2025-05-18T21:31:12.370+0300][11376][20632][info][gc,start    ] GC(16) Concurrent weak roots
[2025-05-18T21:31:12.370+0300][11376][20632][info][gc,task     ] GC(16) Using 2 of 4 workers for concurrent weak root
[2025-05-18T21:31:12.372+0300][11376][20632][info][gc          ] GC(16) Concurrent weak roots 1.545ms
[2025-05-18T21:31:12.372+0300][11376][20632][info][gc,start    ] GC(16) Concurrent cleanup
[2025-05-18T21:31:12.372+0300][11376][20632][info][gc          ] GC(16) Concurrent cleanup 3508M->764M(4096M) 0.148ms
[2025-05-18T21:31:12.372+0300][11376][20632][info][gc,ergo     ] GC(16) Free: 3119M, Max: 2048K regular, 278M humongous, Frag: 92% external, 0% internal; Reserve: 205M, Max: 2048K
[2025-05-18T21:31:12.372+0300][11376][20632][info][gc,start    ] GC(16) Concurrent class unloading
[2025-05-18T21:31:12.372+0300][11376][20632][info][gc,task     ] GC(16) Using 2 of 4 workers for concurrent class unloading
[2025-05-18T21:31:12.374+0300][11376][20632][info][gc          ] GC(16) Concurrent class unloading 2.666ms
[2025-05-18T21:31:12.375+0300][11376][20632][info][gc,start    ] GC(16) Concurrent strong roots
[2025-05-18T21:31:12.375+0300][11376][20632][info][gc,task     ] GC(16) Using 2 of 4 workers for concurrent strong root
[2025-05-18T21:31:12.375+0300][11376][20632][info][gc          ] GC(16) Concurrent strong roots 0.248ms
[2025-05-18T21:31:12.375+0300][11376][20632][info][gc,start    ] GC(16) Concurrent evacuation
[2025-05-18T21:31:12.375+0300][11376][20632][info][gc,task     ] GC(16) Using 2 of 4 workers for concurrent evacuation
[2025-05-18T21:31:12.379+0300][11376][20632][info][gc          ] GC(16) Concurrent evacuation 3.719ms
[2025-05-18T21:31:12.379+0300][11376][5460 ][info][gc,start    ] GC(16) Pause Init Update Refs
[2025-05-18T21:31:12.379+0300][11376][5460 ][info][gc,ergo     ] GC(16) Pacer for Update Refs. Used: 771M, Free: 3113M, Non-Taxable: 311M, Alloc Tax Rate: 1.1x
[2025-05-18T21:31:12.379+0300][11376][5460 ][info][gc          ] GC(16) Pause Init Update Refs 0.105ms
[2025-05-18T21:31:12.379+0300][11376][20632][info][gc,start    ] GC(16) Concurrent update references
[2025-05-18T21:31:12.379+0300][11376][20632][info][gc,task     ] GC(16) Using 2 of 4 workers for concurrent reference update
[2025-05-18T21:31:12.403+0300][11376][20632][info][gc          ] GC(16) Concurrent update references 24.534ms
[2025-05-18T21:31:12.403+0300][11376][20632][info][gc,start    ] GC(16) Concurrent update thread roots
[2025-05-18T21:31:12.404+0300][11376][20632][info][gc          ] GC(16) Concurrent update thread roots 0.593ms
[2025-05-18T21:31:12.404+0300][11376][5460 ][info][gc,start    ] GC(16) Pause Final Update Refs
[2025-05-18T21:31:12.404+0300][11376][5460 ][info][gc,task     ] GC(16) Using 4 of 4 workers for final reference update
[2025-05-18T21:31:12.404+0300][11376][5460 ][info][gc          ] GC(16) Pause Final Update Refs 0.157ms
[2025-05-18T21:31:12.404+0300][11376][20632][info][gc,start    ] GC(16) Concurrent cleanup
[2025-05-18T21:31:12.404+0300][11376][20632][info][gc          ] GC(16) Concurrent cleanup 815M->184M(4096M) 0.097ms
[2025-05-18T21:31:12.404+0300][11376][20632][info][gc,ergo     ] Free: 3699M, Max: 2048K regular, 3162M humongous, Frag: 15% external, 0% internal; Reserve: 206M, Max: 2048K
[2025-05-18T21:31:12.404+0300][11376][20632][info][gc,stats    ] 
[2025-05-18T21:31:12.404+0300][11376][20632][info][gc,stats    ] All times are wall-clock times, except per-root-class counters, that are sum over
[2025-05-18T21:31:12.404+0300][11376][20632][info][gc,stats    ] all workers. Dividing the <total> over the root stage time estimates parallelism.
[2025-05-18T21:31:12.404+0300][11376][20632][info][gc,stats    ] 
[2025-05-18T21:31:12.404+0300][11376][20632][info][gc,stats    ] Concurrent Reset                   1835 us
[2025-05-18T21:31:12.404+0300][11376][20632][info][gc,stats    ] Pause Init Mark (G)                 350 us
[2025-05-18T21:31:12.404+0300][11376][20632][info][gc,stats    ] Pause Init Mark (N)                 177 us
[2025-05-18T21:31:12.404+0300][11376][20632][info][gc,stats    ]   Update Region States               27 us
[2025-05-18T21:31:12.404+0300][11376][20632][info][gc,stats    ] Concurrent Mark Roots               303 us, parallelism: 0.80x
[2025-05-18T21:31:12.404+0300][11376][20632][info][gc,stats    ]   CMR: <total>                      243 us
[2025-05-18T21:31:12.404+0300][11376][20632][info][gc,stats    ]   CMR: Thread Roots                 149 us, workers (us):  29, 120, ---, ---, 
[2025-05-18T21:31:12.405+0300][11376][20632][info][gc,stats    ]   CMR: VM Strong Roots               12 us, workers (us):   6,   6, ---, ---, 
[2025-05-18T21:31:12.405+0300][11376][20632][info][gc,stats    ]   CMR: CLDG Roots                    83 us, workers (us):  83, ---, ---, ---, 
[2025-05-18T21:31:12.405+0300][11376][20632][info][gc,stats    ] Concurrent Marking                59502 us
[2025-05-18T21:31:12.405+0300][11376][20632][info][gc,stats    ] Pause Final Mark (G)                589 us
[2025-05-18T21:31:12.405+0300][11376][20632][info][gc,stats    ] Pause Final Mark (N)                446 us
[2025-05-18T21:31:12.405+0300][11376][20632][info][gc,stats    ]   Finish Mark                        58 us
[2025-05-18T21:31:12.405+0300][11376][20632][info][gc,stats    ]   Update Region States               48 us
[2025-05-18T21:31:12.405+0300][11376][20632][info][gc,stats    ]   Choose Collection Set             161 us
[2025-05-18T21:31:12.405+0300][11376][20632][info][gc,stats    ]   Rebuild Free Set                   27 us
[2025-05-18T21:31:12.405+0300][11376][20632][info][gc,stats    ] Concurrent Thread Roots             399 us, parallelism: 1.04x
[2025-05-18T21:31:12.405+0300][11376][20632][info][gc,stats    ]   CTR: <total>                      414 us
[2025-05-18T21:31:12.405+0300][11376][20632][info][gc,stats    ]   CTR: Thread Roots                 414 us, workers (us): 226, 188, ---, ---, 
[2025-05-18T21:31:12.405+0300][11376][20632][info][gc,stats    ] Concurrent Weak References          398 us, parallelism: 0.61x
[2025-05-18T21:31:12.405+0300][11376][20632][info][gc,stats    ]   CWRF: <total>                     245 us
[2025-05-18T21:31:12.405+0300][11376][20632][info][gc,stats    ]   CWRF: Weak References             245 us, workers (us): 213,  32, ---, ---, 
[2025-05-18T21:31:12.405+0300][11376][20632][info][gc,stats    ] Concurrent Weak Roots              1625 us
[2025-05-18T21:31:12.405+0300][11376][20632][info][gc,stats    ]   Roots                             759 us, parallelism: 1.82x
[2025-05-18T21:31:12.405+0300][11376][20632][info][gc,stats    ]     CWR: <total>                   1385 us
[2025-05-18T21:31:12.405+0300][11376][20632][info][gc,stats    ]     CWR: Code Cache Roots          1002 us, workers (us): 519, 482, ---, ---, 
[2025-05-18T21:31:12.405+0300][11376][20632][info][gc,stats    ]     CWR: VM Weak Roots              376 us, workers (us): 194, 182, ---, ---, 
[2025-05-18T21:31:12.405+0300][11376][20632][info][gc,stats    ]     CWR: CLDG Roots                   8 us, workers (us): ---,   8, ---, ---, 
[2025-05-18T21:31:12.405+0300][11376][20632][info][gc,stats    ]   Rendezvous                        739 us
[2025-05-18T21:31:12.405+0300][11376][20632][info][gc,stats    ] Concurrent Cleanup                  177 us
[2025-05-18T21:31:12.405+0300][11376][20632][info][gc,stats    ] Concurrent Class Unloading         2729 us
[2025-05-18T21:31:12.405+0300][11376][20632][info][gc,stats    ]   Unlink Stale                     2133 us
[2025-05-18T21:31:12.405+0300][11376][20632][info][gc,stats    ]     System Dictionary                12 us
[2025-05-18T21:31:12.405+0300][11376][20632][info][gc,stats    ]     Weak Class Links                  1 us
[2025-05-18T21:31:12.405+0300][11376][20632][info][gc,stats    ]     Code Roots                     2119 us
[2025-05-18T21:31:12.405+0300][11376][20632][info][gc,stats    ]   Rendezvous                        411 us
[2025-05-18T21:31:12.405+0300][11376][20632][info][gc,stats    ]   Purge Unlinked                     74 us
[2025-05-18T21:31:12.405+0300][11376][20632][info][gc,stats    ]     Code Roots                       63 us
[2025-05-18T21:31:12.405+0300][11376][20632][info][gc,stats    ]     CLDG                             11 us
[2025-05-18T21:31:12.405+0300][11376][20632][info][gc,stats    ] Concurrent Strong Roots             283 us, parallelism: 0.57x
[2025-05-18T21:31:12.405+0300][11376][20632][info][gc,stats    ]   CSR: <total>                      161 us
[2025-05-18T21:31:12.405+0300][11376][20632][info][gc,stats    ]   CSR: VM Strong Roots               10 us, workers (us):   4,   6, ---, ---, 
[2025-05-18T21:31:12.405+0300][11376][20632][info][gc,stats    ]   CSR: CLDG Roots                   151 us, workers (us): 151, ---, ---, ---, 
[2025-05-18T21:31:12.405+0300][11376][20632][info][gc,stats    ] Concurrent Evacuation              3769 us
[2025-05-18T21:31:12.405+0300][11376][20632][info][gc,stats    ] Pause Init Update Refs (G)          262 us
[2025-05-18T21:31:12.405+0300][11376][20632][info][gc,stats    ] Pause Init Update Refs (N)          131 us
[2025-05-18T21:31:12.405+0300][11376][20632][info][gc,stats    ]   Manage GCLABs                       5 us
[2025-05-18T21:31:12.405+0300][11376][20632][info][gc,stats    ] Concurrent Update Refs            24605 us
[2025-05-18T21:31:12.405+0300][11376][20632][info][gc,stats    ] Concurrent Update Thread Roots      643 us
[2025-05-18T21:31:12.405+0300][11376][20632][info][gc,stats    ] Pause Final Update Refs (G)         287 us
[2025-05-18T21:31:12.405+0300][11376][20632][info][gc,stats    ] Pause Final Update Refs (N)         184 us
[2025-05-18T21:31:12.405+0300][11376][20632][info][gc,stats    ]   Update Region States               38 us
[2025-05-18T21:31:12.405+0300][11376][20632][info][gc,stats    ]   Trash Collection Set               12 us
[2025-05-18T21:31:12.405+0300][11376][20632][info][gc,stats    ]   Rebuild Free Set                   25 us
[2025-05-18T21:31:12.405+0300][11376][20632][info][gc,stats    ] Concurrent Cleanup                  128 us
[2025-05-18T21:31:12.405+0300][11376][20632][info][gc,stats    ] 
[2025-05-18T21:31:12.405+0300][11376][20632][info][gc,stats    ] Allocation pacing accrued:
[2025-05-18T21:31:12.405+0300][11376][20632][info][gc,stats    ]       0 of  1769 ms (  0.0%): <total>
[2025-05-18T21:31:12.405+0300][11376][20632][info][gc,stats    ]       0 of  1769 ms (  0.0%): <average total>
[2025-05-18T21:31:12.405+0300][11376][20632][info][gc,stats    ] 
[2025-05-18T21:31:12.405+0300][11376][20632][info][gc,metaspace] Metaspace: 8608K(9664K)->8608K(9664K) NonClass: 7757K(8384K)->7757K(8384K) Class: 850K(1280K)->850K(1280K)
[2025-05-18T21:31:12.405+0300][11376][20632][info][gc,ergo     ] Pacer for Idle. Initial: 83886K, Alloc Tax Rate: 1.0x
[2025-05-18T21:31:13.665+0300][11376][20632][info][gc          ] Trigger: Average GC time (156.09 ms) is above the time for average allocation rate (2504 MB/s) to deplete free headroom (381M) (margin of error = 1.81)
[2025-05-18T21:31:13.665+0300][11376][20632][info][gc,ergo     ] Free headroom: 585M (free) - 204M (spike) - 0B (penalties) = 381M
[2025-05-18T21:31:13.665+0300][11376][20632][info][gc,ergo     ] Free: 585M, Max: 2048K regular, 518M humongous, Frag: 11% external, 0% internal; Reserve: 206M, Max: 2048K
[2025-05-18T21:31:13.665+0300][11376][20632][info][gc,start    ] GC(17) Concurrent reset
[2025-05-18T21:31:13.665+0300][11376][20632][info][gc,task     ] GC(17) Using 2 of 4 workers for concurrent reset
[2025-05-18T21:31:13.665+0300][11376][20632][info][gc,ergo     ] GC(17) Pacer for Reset. Non-Taxable: 4096M
[2025-05-18T21:31:13.667+0300][11376][20632][info][gc          ] GC(17) Concurrent reset 1.911ms
[2025-05-18T21:31:13.667+0300][11376][5460 ][info][gc,start    ] GC(17) Pause Init Mark (unload classes)
[2025-05-18T21:31:13.667+0300][11376][5460 ][info][gc,task     ] GC(17) Using 4 of 4 workers for init marking
[2025-05-18T21:31:13.667+0300][11376][5460 ][info][gc,ergo     ] GC(17) Pacer for Mark. Expected Live: 10493K, Free: 579M, Non-Taxable: 59382K, Alloc Tax Rate: 0.0x
[2025-05-18T21:31:13.667+0300][11376][5460 ][info][gc          ] GC(17) Pause Init Mark (unload classes) 0.172ms
[2025-05-18T21:31:13.667+0300][11376][20632][info][gc,start    ] GC(17) Concurrent marking roots
[2025-05-18T21:31:13.667+0300][11376][20632][info][gc,task     ] GC(17) Using 2 of 4 workers for concurrent marking roots
[2025-05-18T21:31:13.667+0300][11376][20632][info][gc          ] GC(17) Concurrent marking roots 0.242ms
[2025-05-18T21:31:13.667+0300][11376][20632][info][gc,start    ] GC(17) Concurrent marking (unload classes)
[2025-05-18T21:31:13.667+0300][11376][20632][info][gc,task     ] GC(17) Using 2 of 4 workers for concurrent marking
[2025-05-18T21:31:13.682+0300][11376][20632][info][gc          ] GC(17) Concurrent marking (unload classes) 14.226ms
[2025-05-18T21:31:13.682+0300][11376][5460 ][info][gc,start    ] GC(17) Pause Final Mark (unload classes)
[2025-05-18T21:31:13.682+0300][11376][5460 ][info][gc,task     ] GC(17) Using 4 of 4 workers for final marking
[2025-05-18T21:31:13.682+0300][11376][5460 ][info][gc,ergo     ] GC(17) Adaptive CSet Selection. Target Free: 580M, Actual Free: 3404M, Max CSet: 170M, Min Garbage: 0B
[2025-05-18T21:31:13.682+0300][11376][5460 ][info][gc,ergo     ] GC(17) Collectable Garbage: 3292M (99%), Immediate: 2668M (81%), CSet: 624M (18%)
[2025-05-18T21:31:13.682+0300][11376][5460 ][info][gc,ergo     ] GC(17) Pacer for Evacuation. Used CSet: 625M, Free: 3201M, Non-Taxable: 320M, Alloc Tax Rate: 1.1x
[2025-05-18T21:31:13.682+0300][11376][5460 ][info][gc          ] GC(17) Pause Final Mark (unload classes) 0.364ms
[2025-05-18T21:31:13.682+0300][11376][20632][info][gc,start    ] GC(17) Concurrent thread roots
[2025-05-18T21:31:13.682+0300][11376][20632][info][gc,task     ] GC(17) Using 2 of 4 workers for Concurrent thread roots
[2025-05-18T21:31:13.682+0300][11376][20632][info][gc          ] GC(17) Concurrent thread roots 0.186ms
[2025-05-18T21:31:13.682+0300][11376][20632][info][gc,start    ] GC(17) Concurrent weak references
[2025-05-18T21:31:13.682+0300][11376][20632][info][gc,task     ] GC(17) Using 2 of 4 workers for concurrent weak references
[2025-05-18T21:31:13.683+0300][11376][20632][info][gc,ref      ] GC(17) Encountered references: Soft: 152, Weak: 1319, Final: 3, Phantom: 50
[2025-05-18T21:31:13.683+0300][11376][20632][info][gc,ref      ] GC(17) Discovered  references: Soft: 0, Weak: 934, Final: 1, Phantom: 36
[2025-05-18T21:31:13.683+0300][11376][20632][info][gc,ref      ] GC(17) Enqueued    references: Soft: 0, Weak: 623, Final: 0, Phantom: 0
[2025-05-18T21:31:13.683+0300][11376][20632][info][gc          ] GC(17) Concurrent weak references 0.389ms
[2025-05-18T21:31:13.683+0300][11376][20632][info][gc,start    ] GC(17) Concurrent weak roots
[2025-05-18T21:31:13.683+0300][11376][20632][info][gc,task     ] GC(17) Using 2 of 4 workers for concurrent weak root
[2025-05-18T21:31:13.684+0300][11376][20632][info][gc          ] GC(17) Concurrent weak roots 1.347ms
[2025-05-18T21:31:13.684+0300][11376][20632][info][gc,start    ] GC(17) Concurrent cleanup
[2025-05-18T21:31:13.684+0300][11376][20632][info][gc          ] GC(17) Concurrent cleanup 3366M->698M(4096M) 0.143ms
[2025-05-18T21:31:13.684+0300][11376][20632][info][gc,ergo     ] GC(17) Free: 3185M, Max: 2048K regular, 514M humongous, Frag: 84% external, 0% internal; Reserve: 205M, Max: 2048K
[2025-05-18T21:31:13.684+0300][11376][20632][info][gc,start    ] GC(17) Concurrent class unloading
[2025-05-18T21:31:13.684+0300][11376][20632][info][gc,task     ] GC(17) Using 2 of 4 workers for concurrent class unloading
[2025-05-18T21:31:13.688+0300][11376][20632][info][gc          ] GC(17) Concurrent class unloading 3.356ms
[2025-05-18T21:31:13.688+0300][11376][20632][info][gc,start    ] GC(17) Concurrent strong roots
[2025-05-18T21:31:13.688+0300][11376][20632][info][gc,task     ] GC(17) Using 2 of 4 workers for concurrent strong root
[2025-05-18T21:31:13.688+0300][11376][20632][info][gc          ] GC(17) Concurrent strong roots 0.233ms
[2025-05-18T21:31:13.688+0300][11376][20632][info][gc,start    ] GC(17) Concurrent evacuation
[2025-05-18T21:31:13.688+0300][11376][20632][info][gc,task     ] GC(17) Using 2 of 4 workers for concurrent evacuation
[2025-05-18T21:31:13.692+0300][11376][20632][info][gc          ] GC(17) Concurrent evacuation 4.358ms
[2025-05-18T21:31:13.693+0300][11376][5460 ][info][gc,start    ] GC(17) Pause Init Update Refs
[2025-05-18T21:31:13.693+0300][11376][5460 ][info][gc,ergo     ] GC(17) Pacer for Update Refs. Used: 709M, Free: 3175M, Non-Taxable: 317M, Alloc Tax Rate: 1.1x
[2025-05-18T21:31:13.693+0300][11376][5460 ][info][gc          ] GC(17) Pause Init Update Refs 0.133ms
[2025-05-18T21:31:13.693+0300][11376][20632][info][gc,start    ] GC(17) Concurrent update references
[2025-05-18T21:31:13.693+0300][11376][20632][info][gc,task     ] GC(17) Using 2 of 4 workers for concurrent reference update
[2025-05-18T21:31:13.704+0300][11376][20632][info][gc          ] GC(17) Concurrent update references 11.041ms
[2025-05-18T21:31:13.704+0300][11376][20632][info][gc,start    ] GC(17) Concurrent update thread roots
[2025-05-18T21:31:13.704+0300][11376][20632][info][gc          ] GC(17) Concurrent update thread roots 0.602ms
[2025-05-18T21:31:13.705+0300][11376][5460 ][info][gc,start    ] GC(17) Pause Final Update Refs
[2025-05-18T21:31:13.705+0300][11376][5460 ][info][gc,task     ] GC(17) Using 4 of 4 workers for final reference update
[2025-05-18T21:31:13.705+0300][11376][5460 ][info][gc          ] GC(17) Pause Final Update Refs 0.164ms
[2025-05-18T21:31:13.705+0300][11376][20632][info][gc,start    ] GC(17) Concurrent cleanup
[2025-05-18T21:31:13.705+0300][11376][20632][info][gc          ] GC(17) Concurrent cleanup 729M->106M(4096M) 0.107ms
[2025-05-18T21:31:13.705+0300][11376][20632][info][gc,ergo     ] Free: 3777M, Max: 2048K regular, 3128M humongous, Frag: 18% external, 0% internal; Reserve: 206M, Max: 2048K
[2025-05-18T21:31:13.705+0300][11376][20632][info][gc,stats    ] 
[2025-05-18T21:31:13.705+0300][11376][20632][info][gc,stats    ] All times are wall-clock times, except per-root-class counters, that are sum over
[2025-05-18T21:31:13.705+0300][11376][20632][info][gc,stats    ] all workers. Dividing the <total> over the root stage time estimates parallelism.
[2025-05-18T21:31:13.705+0300][11376][20632][info][gc,stats    ] 
[2025-05-18T21:31:13.705+0300][11376][20632][info][gc,stats    ] Concurrent Reset                   1963 us
[2025-05-18T21:31:13.705+0300][11376][20632][info][gc,stats    ] Pause Init Mark (G)                 342 us
[2025-05-18T21:31:13.706+0300][11376][20632][info][gc,stats    ] Pause Init Mark (N)                 194 us
[2025-05-18T21:31:13.706+0300][11376][20632][info][gc,stats    ]   Update Region States               37 us
[2025-05-18T21:31:13.706+0300][11376][20632][info][gc,stats    ] Concurrent Mark Roots               279 us, parallelism: 0.82x
[2025-05-18T21:31:13.706+0300][11376][20632][info][gc,stats    ]   CMR: <total>                      227 us
[2025-05-18T21:31:13.706+0300][11376][20632][info][gc,stats    ]   CMR: Thread Roots                 136 us, workers (us):   6, 129, ---, ---, 
[2025-05-18T21:31:13.706+0300][11376][20632][info][gc,stats    ]   CMR: VM Strong Roots               12 us, workers (us):   6,   6, ---, ---, 
[2025-05-18T21:31:13.706+0300][11376][20632][info][gc,stats    ]   CMR: CLDG Roots                    80 us, workers (us):  80, ---, ---, ---, 
[2025-05-18T21:31:13.706+0300][11376][20632][info][gc,stats    ] Concurrent Marking                14289 us
[2025-05-18T21:31:13.706+0300][11376][20632][info][gc,stats    ] Pause Final Mark (G)                482 us
[2025-05-18T21:31:13.706+0300][11376][20632][info][gc,stats    ] Pause Final Mark (N)                387 us
[2025-05-18T21:31:13.706+0300][11376][20632][info][gc,stats    ]   Finish Mark                        50 us
[2025-05-18T21:31:13.706+0300][11376][20632][info][gc,stats    ]   Update Region States               34 us
[2025-05-18T21:31:13.706+0300][11376][20632][info][gc,stats    ]   Choose Collection Set             141 us
[2025-05-18T21:31:13.706+0300][11376][20632][info][gc,stats    ]   Rebuild Free Set                   28 us
[2025-05-18T21:31:13.706+0300][11376][20632][info][gc,stats    ] Concurrent Thread Roots             226 us, parallelism: 0.80x
[2025-05-18T21:31:13.706+0300][11376][20632][info][gc,stats    ]   CTR: <total>                      180 us
[2025-05-18T21:31:13.706+0300][11376][20632][info][gc,stats    ]   CTR: Thread Roots                 180 us, workers (us):  89,  91, ---, ---, 
[2025-05-18T21:31:13.706+0300][11376][20632][info][gc,stats    ] Concurrent Weak References          414 us, parallelism: 0.64x
[2025-05-18T21:31:13.706+0300][11376][20632][info][gc,stats    ]   CWRF: <total>                     263 us
[2025-05-18T21:31:13.706+0300][11376][20632][info][gc,stats    ]   CWRF: Weak References             263 us, workers (us):  44, 219, ---, ---, 
[2025-05-18T21:31:13.706+0300][11376][20632][info][gc,stats    ] Concurrent Weak Roots              1398 us
[2025-05-18T21:31:13.706+0300][11376][20632][info][gc,stats    ]   Roots                             774 us, parallelism: 1.84x
[2025-05-18T21:31:13.706+0300][11376][20632][info][gc,stats    ]     CWR: <total>                   1427 us
[2025-05-18T21:31:13.706+0300][11376][20632][info][gc,stats    ]     CWR: Code Cache Roots          1017 us, workers (us): 490, 527, ---, ---, 
[2025-05-18T21:31:13.706+0300][11376][20632][info][gc,stats    ]     CWR: VM Weak Roots              403 us, workers (us): 200, 203, ---, ---, 
[2025-05-18T21:31:13.706+0300][11376][20632][info][gc,stats    ]     CWR: CLDG Roots                   7 us, workers (us):   7, ---, ---, ---, 
[2025-05-18T21:31:13.706+0300][11376][20632][info][gc,stats    ]   Rendezvous                        523 us
[2025-05-18T21:31:13.706+0300][11376][20632][info][gc,stats    ] Concurrent Cleanup                  167 us
[2025-05-18T21:31:13.711+0300][11376][20632][info][gc,stats    ] Concurrent Class Unloading         3405 us
[2025-05-18T21:31:13.711+0300][11376][20632][info][gc,stats    ]   Unlink Stale                     2063 us
[2025-05-18T21:31:13.711+0300][11376][20632][info][gc,stats    ]     System Dictionary                10 us
[2025-05-18T21:31:13.711+0300][11376][20632][info][gc,stats    ]     Weak Class Links                  0 us
[2025-05-18T21:31:13.711+0300][11376][20632][info][gc,stats    ]     Code Roots                     2051 us
[2025-05-18T21:31:13.711+0300][11376][20632][info][gc,stats    ]   Rendezvous                       1197 us
[2025-05-18T21:31:13.711+0300][11376][20632][info][gc,stats    ]   Purge Unlinked                     48 us
[2025-05-18T21:31:13.711+0300][11376][20632][info][gc,stats    ]     Code Roots                       37 us
[2025-05-18T21:31:13.711+0300][11376][20632][info][gc,stats    ]     CLDG                             10 us
[2025-05-18T21:31:13.711+0300][11376][20632][info][gc,stats    ]     Exception Caches                  0 us
[2025-05-18T21:31:13.711+0300][11376][20632][info][gc,stats    ] Concurrent Strong Roots             260 us, parallelism: 0.58x
[2025-05-18T21:31:13.711+0300][11376][20632][info][gc,stats    ]   CSR: <total>                      152 us
[2025-05-18T21:31:13.712+0300][11376][20632][info][gc,stats    ]   CSR: VM Strong Roots               10 us, workers (us):   6,   4, ---, ---, 
[2025-05-18T21:31:13.712+0300][11376][20632][info][gc,stats    ]   CSR: CLDG Roots                   142 us, workers (us): ---, 142, ---, ---, 
[2025-05-18T21:31:13.712+0300][11376][20632][info][gc,stats    ] Concurrent Evacuation              4407 us
[2025-05-18T21:31:13.712+0300][11376][20632][info][gc,stats    ] Pause Init Update Refs (G)          304 us
[2025-05-18T21:31:13.712+0300][11376][20632][info][gc,stats    ] Pause Init Update Refs (N)          168 us
[2025-05-18T21:31:13.712+0300][11376][20632][info][gc,stats    ]   Manage GCLABs                       5 us
[2025-05-18T21:31:13.712+0300][11376][20632][info][gc,stats    ] Concurrent Update Refs            11116 us
[2025-05-18T21:31:13.712+0300][11376][20632][info][gc,stats    ] Concurrent Update Thread Roots      645 us
[2025-05-18T21:31:13.712+0300][11376][20632][info][gc,stats    ] Pause Final Update Refs (G)         302 us
[2025-05-18T21:31:13.712+0300][11376][20632][info][gc,stats    ] Pause Final Update Refs (N)         192 us
[2025-05-18T21:31:13.712+0300][11376][20632][info][gc,stats    ]   Update Region States               40 us
[2025-05-18T21:31:13.712+0300][11376][20632][info][gc,stats    ]   Trash Collection Set               12 us
[2025-05-18T21:31:13.712+0300][11376][20632][info][gc,stats    ]   Rebuild Free Set                   25 us
[2025-05-18T21:31:13.712+0300][11376][20632][info][gc,stats    ] Concurrent Cleanup                  145 us
[2025-05-18T21:31:13.712+0300][11376][20632][info][gc,stats    ] 
[2025-05-18T21:31:13.712+0300][11376][20632][info][gc,stats    ] Allocation pacing accrued:
[2025-05-18T21:31:13.712+0300][11376][20632][info][gc,stats    ]       0 of  1306 ms (  0.0%): <total>
[2025-05-18T21:31:13.712+0300][11376][20632][info][gc,stats    ]       0 of  1306 ms (  0.0%): <average total>
[2025-05-18T21:31:13.712+0300][11376][20632][info][gc,stats    ] 
[2025-05-18T21:31:13.712+0300][11376][20632][info][gc,metaspace] Metaspace: 8608K(9664K)->8608K(9664K) NonClass: 7757K(8384K)->7757K(8384K) Class: 850K(1280K)->850K(1280K)
[2025-05-18T21:31:13.712+0300][11376][20632][info][gc,ergo     ] Pacer for Idle. Initial: 83886K, Alloc Tax Rate: 1.0x
[2025-05-18T21:31:15.135+0300][11376][20632][info][gc          ] Trigger: Average GC time (135.73 ms) is above the time for average allocation rate (2207 MB/s) to deplete free headroom (281M) (margin of error = 1.81)
[2025-05-18T21:31:15.135+0300][11376][20632][info][gc,ergo     ] Free headroom: 485M (free) - 204M (spike) - 0B (penalties) = 281M
[2025-05-18T21:31:15.135+0300][11376][20632][info][gc,ergo     ] Free: 483M, Max: 2048K regular, 480M humongous, Frag: 0% external, 0% internal; Reserve: 206M, Max: 2048K
[2025-05-18T21:31:15.135+0300][11376][20632][info][gc,start    ] GC(18) Concurrent reset
[2025-05-18T21:31:15.135+0300][11376][20632][info][gc,task     ] GC(18) Using 2 of 4 workers for concurrent reset
[2025-05-18T21:31:15.135+0300][11376][20632][info][gc,ergo     ] GC(18) Pacer for Reset. Non-Taxable: 4096M
[2025-05-18T21:31:15.137+0300][11376][20632][info][gc          ] GC(18) Concurrent reset 1.792ms
[2025-05-18T21:31:15.137+0300][11376][5460 ][info][gc,start    ] GC(18) Pause Init Mark (unload classes)
[2025-05-18T21:31:15.137+0300][11376][5460 ][info][gc,task     ] GC(18) Using 4 of 4 workers for init marking
[2025-05-18T21:31:15.137+0300][11376][5460 ][info][gc,ergo     ] GC(18) Pacer for Mark. Expected Live: 10499K, Free: 481M, Non-Taxable: 49341K, Alloc Tax Rate: 0.0x
[2025-05-18T21:31:15.137+0300][11376][5460 ][info][gc          ] GC(18) Pause Init Mark (unload classes) 0.166ms
[2025-05-18T21:31:15.137+0300][11376][20632][info][gc,start    ] GC(18) Concurrent marking roots
[2025-05-18T21:31:15.137+0300][11376][20632][info][gc,task     ] GC(18) Using 2 of 4 workers for concurrent marking roots
[2025-05-18T21:31:15.137+0300][11376][20632][info][gc          ] GC(18) Concurrent marking roots 0.273ms
[2025-05-18T21:31:15.137+0300][11376][20632][info][gc,start    ] GC(18) Concurrent marking (unload classes)
[2025-05-18T21:31:15.137+0300][11376][20632][info][gc,task     ] GC(18) Using 2 of 4 workers for concurrent marking
[2025-05-18T21:31:15.143+0300][11376][20632][info][gc          ] GC(18) Concurrent marking (unload classes) 6.140ms
[2025-05-18T21:31:15.144+0300][11376][5460 ][info][gc,start    ] GC(18) Pause Final Mark (unload classes)
[2025-05-18T21:31:15.144+0300][11376][5460 ][info][gc,task     ] GC(18) Using 4 of 4 workers for final marking
[2025-05-18T21:31:15.144+0300][11376][5460 ][info][gc,ergo     ] GC(18) Adaptive CSet Selection. Target Free: 580M, Actual Free: 3418M, Max CSet: 170M, Min Garbage: 0B
[2025-05-18T21:31:15.144+0300][11376][5460 ][info][gc,ergo     ] GC(18) Collectable Garbage: 3390M (99%), Immediate: 2754M (81%), CSet: 636M (18%)
[2025-05-18T21:31:15.144+0300][11376][5460 ][info][gc,ergo     ] GC(18) Pacer for Evacuation. Used CSet: 637M, Free: 3215M, Non-Taxable: 321M, Alloc Tax Rate: 1.1x
[2025-05-18T21:31:15.144+0300][11376][5460 ][info][gc          ] GC(18) Pause Final Mark (unload classes) 0.400ms
[2025-05-18T21:31:15.144+0300][11376][20632][info][gc,start    ] GC(18) Concurrent thread roots
[2025-05-18T21:31:15.144+0300][11376][20632][info][gc,task     ] GC(18) Using 2 of 4 workers for Concurrent thread roots
[2025-05-18T21:31:15.144+0300][11376][20632][info][gc          ] GC(18) Concurrent thread roots 0.201ms
[2025-05-18T21:31:15.144+0300][11376][20632][info][gc,start    ] GC(18) Concurrent weak references
[2025-05-18T21:31:15.144+0300][11376][20632][info][gc,task     ] GC(18) Using 2 of 4 workers for concurrent weak references
[2025-05-18T21:31:15.145+0300][11376][20632][info][gc,ref      ] GC(18) Encountered references: Soft: 152, Weak: 1296, Final: 3, Phantom: 49
[2025-05-18T21:31:15.145+0300][11376][20632][info][gc,ref      ] GC(18) Discovered  references: Soft: 0, Weak: 784, Final: 1, Phantom: 37
[2025-05-18T21:31:15.145+0300][11376][20632][info][gc,ref      ] GC(18) Enqueued    references: Soft: 0, Weak: 600, Final: 0, Phantom: 0
[2025-05-18T21:31:15.145+0300][11376][20632][info][gc          ] GC(18) Concurrent weak references 0.543ms
[2025-05-18T21:31:15.145+0300][11376][20632][info][gc,start    ] GC(18) Concurrent weak roots
[2025-05-18T21:31:15.145+0300][11376][20632][info][gc,task     ] GC(18) Using 2 of 4 workers for concurrent weak root
[2025-05-18T21:31:15.148+0300][11376][20632][info][gc          ] GC(18) Concurrent weak roots 3.078ms
[2025-05-18T21:31:15.148+0300][11376][20632][info][gc,start    ] GC(18) Concurrent cleanup
[2025-05-18T21:31:15.148+0300][11376][20632][info][gc          ] GC(18) Concurrent cleanup 3437M->683M(4096M) 0.173ms
[2025-05-18T21:31:15.148+0300][11376][20632][info][gc,ergo     ] GC(18) Free: 3201M, Max: 2048K regular, 444M humongous, Frag: 87% external, 0% internal; Reserve: 205M, Max: 2048K
[2025-05-18T21:31:15.148+0300][11376][20632][info][gc,start    ] GC(18) Concurrent class unloading
[2025-05-18T21:31:15.148+0300][11376][20632][info][gc,task     ] GC(18) Using 2 of 4 workers for concurrent class unloading
[2025-05-18T21:31:15.151+0300][11376][20632][info][gc          ] GC(18) Concurrent class unloading 2.960ms
[2025-05-18T21:31:15.152+0300][11376][20632][info][gc,start    ] GC(18) Concurrent strong roots
[2025-05-18T21:31:15.152+0300][11376][20632][info][gc,task     ] GC(18) Using 2 of 4 workers for concurrent strong root
[2025-05-18T21:31:15.152+0300][11376][20632][info][gc          ] GC(18) Concurrent strong roots 0.251ms
[2025-05-18T21:31:15.152+0300][11376][20632][info][gc,start    ] GC(18) Concurrent evacuation
[2025-05-18T21:31:15.152+0300][11376][20632][info][gc,task     ] GC(18) Using 2 of 4 workers for concurrent evacuation
[2025-05-18T21:31:15.156+0300][11376][20632][info][gc          ] GC(18) Concurrent evacuation 4.239ms
[2025-05-18T21:31:15.156+0300][11376][5460 ][info][gc,start    ] GC(18) Pause Init Update Refs
[2025-05-18T21:31:15.156+0300][11376][5460 ][info][gc,ergo     ] GC(18) Pacer for Update Refs. Used: 696M, Free: 3189M, Non-Taxable: 318M, Alloc Tax Rate: 1.1x
[2025-05-18T21:31:15.156+0300][11376][5460 ][info][gc          ] GC(18) Pause Init Update Refs 0.099ms
[2025-05-18T21:31:15.156+0300][11376][20632][info][gc,start    ] GC(18) Concurrent update references
[2025-05-18T21:31:15.156+0300][11376][20632][info][gc,task     ] GC(18) Using 2 of 4 workers for concurrent reference update
[2025-05-18T21:31:15.163+0300][11376][20632][info][gc          ] GC(18) Concurrent update references 6.265ms
[2025-05-18T21:31:15.163+0300][11376][20632][info][gc,start    ] GC(18) Concurrent update thread roots
[2025-05-18T21:31:15.165+0300][11376][20632][info][gc          ] GC(18) Concurrent update thread roots 2.060ms
[2025-05-18T21:31:15.165+0300][11376][5460 ][info][gc,start    ] GC(18) Pause Final Update Refs
[2025-05-18T21:31:15.165+0300][11376][5460 ][info][gc,task     ] GC(18) Using 4 of 4 workers for final reference update
[2025-05-18T21:31:15.166+0300][11376][5460 ][info][gc          ] GC(18) Pause Final Update Refs 0.195ms
[2025-05-18T21:31:15.166+0300][11376][20632][info][gc,start    ] GC(18) Concurrent cleanup
[2025-05-18T21:31:15.166+0300][11376][20632][info][gc          ] GC(18) Concurrent cleanup 710M->72M(4096M) 0.104ms
[2025-05-18T21:31:15.166+0300][11376][20632][info][gc,ergo     ] Free: 3811M, Max: 2048K regular, 3356M humongous, Frag: 12% external, 0% internal; Reserve: 206M, Max: 2048K
[2025-05-18T21:31:15.166+0300][11376][20632][info][gc,stats    ] 
[2025-05-18T21:31:15.166+0300][11376][20632][info][gc,stats    ] All times are wall-clock times, except per-root-class counters, that are sum over
[2025-05-18T21:31:15.166+0300][11376][20632][info][gc,stats    ] all workers. Dividing the <total> over the root stage time estimates parallelism.
[2025-05-18T21:31:15.166+0300][11376][20632][info][gc,stats    ] 
[2025-05-18T21:31:15.166+0300][11376][20632][info][gc,stats    ] Concurrent Reset                   1848 us
[2025-05-18T21:31:15.166+0300][11376][20632][info][gc,stats    ] Pause Init Mark (G)                 341 us
[2025-05-18T21:31:15.166+0300][11376][20632][info][gc,stats    ] Pause Init Mark (N)                 192 us
[2025-05-18T21:31:15.166+0300][11376][20632][info][gc,stats    ]   Update Region States               36 us
[2025-05-18T21:31:15.166+0300][11376][20632][info][gc,stats    ] Concurrent Mark Roots               340 us, parallelism: 0.73x
[2025-05-18T21:31:15.166+0300][11376][20632][info][gc,stats    ]   CMR: <total>                      248 us
[2025-05-18T21:31:15.166+0300][11376][20632][info][gc,stats    ]   CMR: Thread Roots                 135 us, workers (us):  28, 107, ---, ---, 
[2025-05-18T21:31:15.166+0300][11376][20632][info][gc,stats    ]   CMR: VM Strong Roots               12 us, workers (us):   6,   6, ---, ---, 
[2025-05-18T21:31:15.166+0300][11376][20632][info][gc,stats    ]   CMR: CLDG Roots                   101 us, workers (us): 101, ---, ---, ---, 
[2025-05-18T21:31:15.166+0300][11376][20632][info][gc,stats    ] Concurrent Marking                 6202 us
[2025-05-18T21:31:15.166+0300][11376][20632][info][gc,stats    ] Pause Final Mark (G)                514 us
[2025-05-18T21:31:15.166+0300][11376][20632][info][gc,stats    ] Pause Final Mark (N)                424 us
[2025-05-18T21:31:15.166+0300][11376][20632][info][gc,stats    ]   Finish Mark                        51 us
[2025-05-18T21:31:15.166+0300][11376][20632][info][gc,stats    ]   Update Region States               45 us
[2025-05-18T21:31:15.166+0300][11376][20632][info][gc,stats    ]   Choose Collection Set             154 us
[2025-05-18T21:31:15.166+0300][11376][20632][info][gc,stats    ]   Rebuild Free Set                   29 us
[2025-05-18T21:31:15.166+0300][11376][20632][info][gc,stats    ] Concurrent Thread Roots             250 us, parallelism: 0.75x
[2025-05-18T21:31:15.166+0300][11376][20632][info][gc,stats    ]   CTR: <total>                      187 us
[2025-05-18T21:31:15.166+0300][11376][20632][info][gc,stats    ]   CTR: Thread Roots                 187 us, workers (us):  90,  97, ---, ---, 
[2025-05-18T21:31:15.166+0300][11376][20632][info][gc,stats    ] Concurrent Weak References          571 us, parallelism: 0.68x
[2025-05-18T21:31:15.166+0300][11376][20632][info][gc,stats    ]   CWRF: <total>                     391 us
[2025-05-18T21:31:15.166+0300][11376][20632][info][gc,stats    ]   CWRF: Weak References             391 us, workers (us):  30, 361, ---, ---, 
[2025-05-18T21:31:15.167+0300][11376][20632][info][gc,stats    ] Concurrent Weak Roots              3150 us
[2025-05-18T21:31:15.167+0300][11376][20632][info][gc,stats    ]   Roots                             823 us, parallelism: 1.86x
[2025-05-18T21:31:15.167+0300][11376][20632][info][gc,stats    ]     CWR: <total>                   1534 us
[2025-05-18T21:31:15.167+0300][11376][20632][info][gc,stats    ]     CWR: Code Cache Roots          1096 us, workers (us): 566, 531, ---, ---, 
[2025-05-18T21:31:15.167+0300][11376][20632][info][gc,stats    ]     CWR: VM Weak Roots              432 us, workers (us): 209, 223, ---, ---, 
[2025-05-18T21:31:15.167+0300][11376][20632][info][gc,stats    ]     CWR: CLDG Roots                   6 us, workers (us):   6, ---, ---, ---, 
[2025-05-18T21:31:15.167+0300][11376][20632][info][gc,stats    ]   Rendezvous                       2201 us
[2025-05-18T21:31:15.167+0300][11376][20632][info][gc,stats    ] Concurrent Cleanup                  211 us
[2025-05-18T21:31:15.167+0300][11376][20632][info][gc,stats    ] Concurrent Class Unloading         3025 us
[2025-05-18T21:31:15.167+0300][11376][20632][info][gc,stats    ]   Unlink Stale                     2645 us
[2025-05-18T21:31:15.167+0300][11376][20632][info][gc,stats    ]     System Dictionary                14 us
[2025-05-18T21:31:15.167+0300][11376][20632][info][gc,stats    ]     Weak Class Links                  0 us
[2025-05-18T21:31:15.167+0300][11376][20632][info][gc,stats    ]     Code Roots                     2629 us
[2025-05-18T21:31:15.167+0300][11376][20632][info][gc,stats    ]   Rendezvous                        164 us
[2025-05-18T21:31:15.167+0300][11376][20632][info][gc,stats    ]   Purge Unlinked                     93 us
[2025-05-18T21:31:15.167+0300][11376][20632][info][gc,stats    ]     Code Roots                       83 us
[2025-05-18T21:31:15.167+0300][11376][20632][info][gc,stats    ]     CLDG                              9 us
[2025-05-18T21:31:15.167+0300][11376][20632][info][gc,stats    ]     Exception Caches                  0 us
[2025-05-18T21:31:15.167+0300][11376][20632][info][gc,stats    ] Concurrent Strong Roots             284 us, parallelism: 0.56x
[2025-05-18T21:31:15.167+0300][11376][20632][info][gc,stats    ]   CSR: <total>                      159 us
[2025-05-18T21:31:15.167+0300][11376][20632][info][gc,stats    ]   CSR: VM Strong Roots               11 us, workers (us):   6,   5, ---, ---, 
[2025-05-18T21:31:15.167+0300][11376][20632][info][gc,stats    ]   CSR: CLDG Roots                   148 us, workers (us): 148, ---, ---, ---, 
[2025-05-18T21:31:15.167+0300][11376][20632][info][gc,stats    ] Concurrent Evacuation              4299 us
[2025-05-18T21:31:15.168+0300][11376][20632][info][gc,stats    ] Pause Init Update Refs (G)          284 us
[2025-05-18T21:31:15.168+0300][11376][20632][info][gc,stats    ] Pause Init Update Refs (N)          125 us
[2025-05-18T21:31:15.168+0300][11376][20632][info][gc,stats    ]   Manage GCLABs                       6 us
[2025-05-18T21:31:15.168+0300][11376][20632][info][gc,stats    ] Concurrent Update Refs             6338 us
[2025-05-18T21:31:15.168+0300][11376][20632][info][gc,stats    ] Concurrent Update Thread Roots     2118 us
[2025-05-18T21:31:15.168+0300][11376][20632][info][gc,stats    ] Pause Final Update Refs (G)         335 us
[2025-05-18T21:31:15.168+0300][11376][20632][info][gc,stats    ] Pause Final Update Refs (N)         225 us
[2025-05-18T21:31:15.168+0300][11376][20632][info][gc,stats    ]   Update Region States               59 us
[2025-05-18T21:31:15.168+0300][11376][20632][info][gc,stats    ]   Trash Collection Set               14 us
[2025-05-18T21:31:15.168+0300][11376][20632][info][gc,stats    ]   Rebuild Free Set                   31 us
[2025-05-18T21:31:15.168+0300][11376][20632][info][gc,stats    ] Concurrent Cleanup                  138 us
[2025-05-18T21:31:15.168+0300][11376][20632][info][gc,stats    ] 
[2025-05-18T21:31:15.168+0300][11376][20632][info][gc,stats    ] Allocation pacing accrued:
[2025-05-18T21:31:15.168+0300][11376][20632][info][gc,stats    ]       0 of  1455 ms (  0.0%): <total>
[2025-05-18T21:31:15.168+0300][11376][20632][info][gc,stats    ]       0 of  1455 ms (  0.0%): <average total>
[2025-05-18T21:31:15.168+0300][11376][20632][info][gc,stats    ] 
[2025-05-18T21:31:15.168+0300][11376][20632][info][gc,metaspace] Metaspace: 8608K(9664K)->8608K(9664K) NonClass: 7757K(8384K)->7757K(8384K) Class: 850K(1280K)->850K(1280K)
[2025-05-18T21:31:15.168+0300][11376][20632][info][gc,ergo     ] Pacer for Idle. Initial: 83886K, Alloc Tax Rate: 1.0x
[2025-05-18T21:31:16.651+0300][11376][20632][info][gc          ] Trigger: Average GC time (108.23 ms) is above the time for average allocation rate (2469 MB/s) to deplete free headroom (240M) (margin of error = 1.80)
[2025-05-18T21:31:16.651+0300][11376][20632][info][gc,ergo     ] Free headroom: 445M (free) - 204M (spike) - 0B (penalties) = 240M
[2025-05-18T21:31:16.651+0300][11376][20632][info][gc,ergo     ] Free: 443M, Max: 2048K regular, 440M humongous, Frag: 0% external, 0% internal; Reserve: 206M, Max: 2048K
[2025-05-18T21:31:16.651+0300][11376][20632][info][gc,start    ] GC(19) Concurrent reset
[2025-05-18T21:31:16.651+0300][11376][20632][info][gc,task     ] GC(19) Using 2 of 4 workers for concurrent reset
[2025-05-18T21:31:16.651+0300][11376][20632][info][gc,ergo     ] GC(19) Pacer for Reset. Non-Taxable: 4096M
[2025-05-18T21:31:16.653+0300][11376][20632][info][gc          ] GC(19) Concurrent reset 1.793ms
[2025-05-18T21:31:16.653+0300][11376][5460 ][info][gc,start    ] GC(19) Pause Init Mark (unload classes)
[2025-05-18T21:31:16.653+0300][11376][5460 ][info][gc,task     ] GC(19) Using 4 of 4 workers for init marking
[2025-05-18T21:31:16.653+0300][11376][5460 ][info][gc,ergo     ] GC(19) Pacer for Mark. Expected Live: 10503K, Free: 441M, Non-Taxable: 45233K, Alloc Tax Rate: 0.0x
[2025-05-18T21:31:16.653+0300][11376][5460 ][info][gc          ] GC(19) Pause Init Mark (unload classes) 0.154ms
[2025-05-18T21:31:16.653+0300][11376][20632][info][gc,start    ] GC(19) Concurrent marking roots
[2025-05-18T21:31:16.653+0300][11376][20632][info][gc,task     ] GC(19) Using 2 of 4 workers for concurrent marking roots
[2025-05-18T21:31:16.653+0300][11376][20632][info][gc          ] GC(19) Concurrent marking roots 0.216ms
[2025-05-18T21:31:16.653+0300][11376][20632][info][gc,start    ] GC(19) Concurrent marking (unload classes)
[2025-05-18T21:31:16.653+0300][11376][20632][info][gc,task     ] GC(19) Using 2 of 4 workers for concurrent marking
[2025-05-18T21:31:16.658+0300][11376][20632][info][gc          ] GC(19) Concurrent marking (unload classes) 5.039ms
[2025-05-18T21:31:16.658+0300][11376][5460 ][info][gc,start    ] GC(19) Pause Final Mark (unload classes)
[2025-05-18T21:31:16.658+0300][11376][5460 ][info][gc,task     ] GC(19) Using 4 of 4 workers for final marking
[2025-05-18T21:31:16.658+0300][11376][5460 ][info][gc,ergo     ] GC(19) Adaptive CSet Selection. Target Free: 580M, Actual Free: 3408M, Max CSet: 170M, Min Garbage: 0B
[2025-05-18T21:31:16.658+0300][11376][5460 ][info][gc,ergo     ] GC(19) Collectable Garbage: 3430M (99%), Immediate: 2786M (81%), CSet: 644M (18%)
[2025-05-18T21:31:16.658+0300][11376][5460 ][info][gc,ergo     ] GC(19) Pacer for Evacuation. Used CSet: 646M, Free: 3205M, Non-Taxable: 320M, Alloc Tax Rate: 1.1x
[2025-05-18T21:31:16.658+0300][11376][5460 ][info][gc          ] GC(19) Pause Final Mark (unload classes) 0.381ms
[2025-05-18T21:31:16.658+0300][11376][20632][info][gc,start    ] GC(19) Concurrent thread roots
[2025-05-18T21:31:16.658+0300][11376][20632][info][gc,task     ] GC(19) Using 2 of 4 workers for Concurrent thread roots
[2025-05-18T21:31:16.659+0300][11376][20632][info][gc          ] GC(19) Concurrent thread roots 0.301ms
[2025-05-18T21:31:16.659+0300][11376][20632][info][gc,start    ] GC(19) Concurrent weak references
[2025-05-18T21:31:16.659+0300][11376][20632][info][gc,task     ] GC(19) Using 2 of 4 workers for concurrent weak references
[2025-05-18T21:31:16.659+0300][11376][20632][info][gc,ref      ] GC(19) Encountered references: Soft: 152, Weak: 1306, Final: 3, Phantom: 50
[2025-05-18T21:31:16.659+0300][11376][20632][info][gc,ref      ] GC(19) Discovered  references: Soft: 0, Weak: 908, Final: 1, Phantom: 36
[2025-05-18T21:31:16.659+0300][11376][20632][info][gc,ref      ] GC(19) Enqueued    references: Soft: 0, Weak: 610, Final: 0, Phantom: 0
[2025-05-18T21:31:16.659+0300][11376][20632][info][gc          ] GC(19) Concurrent weak references 0.389ms
[2025-05-18T21:31:16.659+0300][11376][20632][info][gc,start    ] GC(19) Concurrent weak roots
[2025-05-18T21:31:16.659+0300][11376][20632][info][gc,task     ] GC(19) Using 2 of 4 workers for concurrent weak root
[2025-05-18T21:31:16.682+0300][11376][20632][info][gc          ] GC(19) Concurrent weak roots 22.523ms
[2025-05-18T21:31:16.682+0300][11376][20632][info][gc,start    ] GC(19) Concurrent cleanup
[2025-05-18T21:31:16.682+0300][11376][20632][info][gc          ] GC(19) Concurrent cleanup 3521M->735M(4096M) 0.184ms
[2025-05-18T21:31:16.682+0300][11376][20632][info][gc,ergo     ] GC(19) Free: 3149M, Max: 2048K regular, 360M humongous, Frag: 89% external, 0% internal; Reserve: 204M, Max: 2048K
[2025-05-18T21:31:16.682+0300][11376][20632][info][gc,start    ] GC(19) Concurrent class unloading
[2025-05-18T21:31:16.682+0300][11376][20632][info][gc,task     ] GC(19) Using 2 of 4 workers for concurrent class unloading
[2025-05-18T21:31:16.691+0300][11376][20632][info][gc          ] GC(19) Concurrent class unloading 9.163ms
[2025-05-18T21:31:16.691+0300][11376][20632][info][gc,start    ] GC(19) Concurrent strong roots
[2025-05-18T21:31:16.691+0300][11376][20632][info][gc,task     ] GC(19) Using 2 of 4 workers for concurrent strong root
[2025-05-18T21:31:16.691+0300][11376][20632][info][gc          ] GC(19) Concurrent strong roots 0.281ms
[2025-05-18T21:31:16.691+0300][11376][20632][info][gc,start    ] GC(19) Concurrent evacuation
[2025-05-18T21:31:16.692+0300][11376][20632][info][gc,task     ] GC(19) Using 2 of 4 workers for concurrent evacuation
[2025-05-18T21:31:16.695+0300][11376][20632][info][gc          ] GC(19) Concurrent evacuation 3.234ms
[2025-05-18T21:31:16.695+0300][11376][5460 ][info][gc,start    ] GC(19) Pause Init Update Refs
[2025-05-18T21:31:16.695+0300][11376][5460 ][info][gc,ergo     ] GC(19) Pacer for Update Refs. Used: 764M, Free: 3121M, Non-Taxable: 312M, Alloc Tax Rate: 1.1x
[2025-05-18T21:31:16.695+0300][11376][5460 ][info][gc          ] GC(19) Pause Init Update Refs 0.091ms
[2025-05-18T21:31:16.695+0300][11376][20632][info][gc,start    ] GC(19) Concurrent update references
[2025-05-18T21:31:16.695+0300][11376][20632][info][gc,task     ] GC(19) Using 2 of 4 workers for concurrent reference update
[2025-05-18T21:31:16.701+0300][11376][20632][info][gc          ] GC(19) Concurrent update references 5.542ms
[2025-05-18T21:31:16.701+0300][11376][20632][info][gc,start    ] GC(19) Concurrent update thread roots
[2025-05-18T21:31:16.712+0300][11376][20632][info][gc          ] GC(19) Concurrent update thread roots 10.361ms
[2025-05-18T21:31:16.712+0300][11376][5460 ][info][gc,start    ] GC(19) Pause Final Update Refs
[2025-05-18T21:31:16.712+0300][11376][5460 ][info][gc,task     ] GC(19) Using 4 of 4 workers for final reference update
[2025-05-18T21:31:16.712+0300][11376][5460 ][info][gc          ] GC(19) Pause Final Update Refs 0.168ms
[2025-05-18T21:31:16.712+0300][11376][20632][info][gc,start    ] GC(19) Concurrent cleanup
[2025-05-18T21:31:16.712+0300][11376][20632][info][gc          ] GC(19) Concurrent cleanup 798M->152M(4096M) 0.098ms
[2025-05-18T21:31:16.712+0300][11376][20632][info][gc,ergo     ] Free: 3731M, Max: 2048K regular, 3356M humongous, Frag: 10% external, 0% internal; Reserve: 206M, Max: 2048K
[2025-05-18T21:31:16.712+0300][11376][20632][info][gc,stats    ] 
[2025-05-18T21:31:16.712+0300][11376][20632][info][gc,stats    ] All times are wall-clock times, except per-root-class counters, that are sum over
[2025-05-18T21:31:16.712+0300][11376][20632][info][gc,stats    ] all workers. Dividing the <total> over the root stage time estimates parallelism.
[2025-05-18T21:31:16.712+0300][11376][20632][info][gc,stats    ] 
[2025-05-18T21:31:16.712+0300][11376][20632][info][gc,stats    ] Concurrent Reset                   1854 us
[2025-05-18T21:31:16.712+0300][11376][20632][info][gc,stats    ] Pause Init Mark (G)                 356 us
[2025-05-18T21:31:16.712+0300][11376][20632][info][gc,stats    ] Pause Init Mark (N)                 179 us
[2025-05-18T21:31:16.712+0300][11376][20632][info][gc,stats    ]   Update Region States               32 us
[2025-05-18T21:31:16.712+0300][11376][20632][info][gc,stats    ] Concurrent Mark Roots               249 us, parallelism: 0.75x
[2025-05-18T21:31:16.712+0300][11376][20632][info][gc,stats    ]   CMR: <total>                      187 us
[2025-05-18T21:31:16.712+0300][11376][20632][info][gc,stats    ]   CMR: Thread Roots                  97 us, workers (us):   5,  93, ---, ---, 
[2025-05-18T21:31:16.712+0300][11376][20632][info][gc,stats    ]   CMR: VM Strong Roots               10 us, workers (us):   5,   5, ---, ---, 
[2025-05-18T21:31:16.712+0300][11376][20632][info][gc,stats    ]   CMR: CLDG Roots                    80 us, workers (us):  80, ---, ---, ---, 
[2025-05-18T21:31:16.712+0300][11376][20632][info][gc,stats    ] Concurrent Marking                 5094 us
[2025-05-18T21:31:16.712+0300][11376][20632][info][gc,stats    ] Pause Final Mark (G)                489 us
[2025-05-18T21:31:16.712+0300][11376][20632][info][gc,stats    ] Pause Final Mark (N)                404 us
[2025-05-18T21:31:16.712+0300][11376][20632][info][gc,stats    ]   Finish Mark                        46 us
[2025-05-18T21:31:16.712+0300][11376][20632][info][gc,stats    ]   Update Region States               46 us
[2025-05-18T21:31:16.712+0300][11376][20632][info][gc,stats    ]   Choose Collection Set             135 us
[2025-05-18T21:31:16.713+0300][11376][20632][info][gc,stats    ]   Rebuild Free Set                   26 us
[2025-05-18T21:31:16.713+0300][11376][20632][info][gc,stats    ] Concurrent Thread Roots             338 us, parallelism: 1.17x
[2025-05-18T21:31:16.713+0300][11376][20632][info][gc,stats    ]   CTR: <total>                      396 us
[2025-05-18T21:31:16.713+0300][11376][20632][info][gc,stats    ]   CTR: Thread Roots                 396 us, workers (us): 198, 198, ---, ---, 
[2025-05-18T21:31:16.713+0300][11376][20632][info][gc,stats    ] Concurrent Weak References          417 us, parallelism: 0.60x
[2025-05-18T21:31:16.713+0300][11376][20632][info][gc,stats    ]   CWRF: <total>                     250 us
[2025-05-18T21:31:16.713+0300][11376][20632][info][gc,stats    ]   CWRF: Weak References             250 us, workers (us): 211,  39, ---, ---, 
[2025-05-18T21:31:16.713+0300][11376][20632][info][gc,stats    ] Concurrent Weak Roots             22602 us
[2025-05-18T21:31:16.713+0300][11376][20632][info][gc,stats    ]   Roots                             783 us, parallelism: 1.82x
[2025-05-18T21:31:16.713+0300][11376][20632][info][gc,stats    ]     CWR: <total>                   1426 us
[2025-05-18T21:31:16.713+0300][11376][20632][info][gc,stats    ]     CWR: Code Cache Roots          1031 us, workers (us): 493, 538, ---, ---, 
[2025-05-18T21:31:16.713+0300][11376][20632][info][gc,stats    ]     CWR: VM Weak Roots              388 us, workers (us): 193, 195, ---, ---, 
[2025-05-18T21:31:16.713+0300][11376][20632][info][gc,stats    ]     CWR: CLDG Roots                   7 us, workers (us):   7, ---, ---, ---, 
[2025-05-18T21:31:16.713+0300][11376][20632][info][gc,stats    ]   Rendezvous                      21686 us
[2025-05-18T21:31:16.713+0300][11376][20632][info][gc,stats    ] Concurrent Cleanup                  214 us
[2025-05-18T21:31:16.713+0300][11376][20632][info][gc,stats    ] Concurrent Class Unloading         9234 us
[2025-05-18T21:31:16.713+0300][11376][20632][info][gc,stats    ]   Unlink Stale                     2280 us
[2025-05-18T21:31:16.713+0300][11376][20632][info][gc,stats    ]     System Dictionary                18 us
[2025-05-18T21:31:16.713+0300][11376][20632][info][gc,stats    ]     Weak Class Links                  0 us
[2025-05-18T21:31:16.713+0300][11376][20632][info][gc,stats    ]     Code Roots                     2260 us
[2025-05-18T21:31:16.713+0300][11376][20632][info][gc,stats    ]   Rendezvous                       6804 us
[2025-05-18T21:31:16.713+0300][11376][20632][info][gc,stats    ]   Purge Unlinked                     22 us
[2025-05-18T21:31:16.713+0300][11376][20632][info][gc,stats    ]     Code Roots                        6 us
[2025-05-18T21:31:16.713+0300][11376][20632][info][gc,stats    ]     CLDG                             15 us
[2025-05-18T21:31:16.713+0300][11376][20632][info][gc,stats    ]     Exception Caches                  0 us
[2025-05-18T21:31:16.713+0300][11376][20632][info][gc,stats    ] Concurrent Strong Roots             321 us, parallelism: 0.57x
[2025-05-18T21:31:16.713+0300][11376][20632][info][gc,stats    ]   CSR: <total>                      183 us
[2025-05-18T21:31:16.713+0300][11376][20632][info][gc,stats    ]   CSR: VM Strong Roots               12 us, workers (us):   6,   6, ---, ---, 
[2025-05-18T21:31:16.713+0300][11376][20632][info][gc,stats    ]   CSR: CLDG Roots                   171 us, workers (us): ---, 171, ---, ---, 
[2025-05-18T21:31:16.713+0300][11376][20632][info][gc,stats    ] Concurrent Evacuation              3296 us
[2025-05-18T21:31:16.713+0300][11376][20632][info][gc,stats    ] Pause Init Update Refs (G)          256 us
[2025-05-18T21:31:16.713+0300][11376][20632][info][gc,stats    ] Pause Init Update Refs (N)          115 us
[2025-05-18T21:31:16.713+0300][11376][20632][info][gc,stats    ]   Manage GCLABs                       6 us
[2025-05-18T21:31:16.713+0300][11376][20632][info][gc,stats    ] Concurrent Update Refs             5607 us
[2025-05-18T21:31:16.713+0300][11376][20632][info][gc,stats    ] Concurrent Update Thread Roots    10423 us
[2025-05-18T21:31:16.713+0300][11376][20632][info][gc,stats    ] Pause Final Update Refs (G)         320 us
[2025-05-18T21:31:16.713+0300][11376][20632][info][gc,stats    ] Pause Final Update Refs (N)         197 us
[2025-05-18T21:31:16.713+0300][11376][20632][info][gc,stats    ]   Update Region States               44 us
[2025-05-18T21:31:16.713+0300][11376][20632][info][gc,stats    ]   Trash Collection Set               12 us
[2025-05-18T21:31:16.713+0300][11376][20632][info][gc,stats    ]   Rebuild Free Set                   29 us
[2025-05-18T21:31:16.713+0300][11376][20632][info][gc,stats    ] Concurrent Cleanup                  127 us
[2025-05-18T21:31:16.713+0300][11376][20632][info][gc,stats    ] 
[2025-05-18T21:31:16.713+0300][11376][20632][info][gc,stats    ] Allocation pacing accrued:
[2025-05-18T21:31:16.713+0300][11376][20632][info][gc,stats    ]       0 of  1546 ms (  0.0%): <total>
[2025-05-18T21:31:16.713+0300][11376][20632][info][gc,stats    ]       0 of  1546 ms (  0.0%): <average total>
[2025-05-18T21:31:16.713+0300][11376][20632][info][gc,stats    ] 
[2025-05-18T21:31:16.714+0300][11376][20632][info][gc,metaspace] Metaspace: 8608K(9664K)->8608K(9664K) NonClass: 7757K(8384K)->7757K(8384K) Class: 850K(1280K)->850K(1280K)
[2025-05-18T21:31:16.714+0300][11376][20632][info][gc,ergo     ] Pacer for Idle. Initial: 83886K, Alloc Tax Rate: 1.0x
[2025-05-18T21:31:17.928+0300][11376][20632][info][gc          ] Trigger: Explicit GC request (System.gc())
[2025-05-18T21:31:17.928+0300][11376][20632][info][gc,ergo     ] Free: 1793M, Max: 2048K regular, 1430M humongous, Frag: 21% external, 0% internal; Reserve: 206M, Max: 2048K
[2025-05-18T21:31:17.928+0300][11376][20632][info][gc,start    ] GC(20) Concurrent reset
[2025-05-18T21:31:17.928+0300][11376][20632][info][gc,task     ] GC(20) Using 2 of 4 workers for concurrent reset
[2025-05-18T21:31:17.928+0300][11376][20632][info][gc,ergo     ] GC(20) Pacer for Reset. Non-Taxable: 4096M
[2025-05-18T21:31:17.929+0300][11376][20632][info][gc          ] GC(20) Concurrent reset 1.561ms
[2025-05-18T21:31:17.929+0300][11376][5460 ][info][gc,start    ] GC(20) Pause Init Mark (unload classes)
[2025-05-18T21:31:17.929+0300][11376][5460 ][info][gc,task     ] GC(20) Using 4 of 4 workers for init marking
[2025-05-18T21:31:17.929+0300][11376][5460 ][info][gc,ref      ] GC(20) Clearing All SoftReferences
[2025-05-18T21:31:17.929+0300][11376][5460 ][info][gc,ergo     ] GC(20) Pacer for Mark. Expected Live: 10506K, Free: 1793M, Non-Taxable: 179M, Alloc Tax Rate: 0.0x
[2025-05-18T21:31:17.929+0300][11376][5460 ][info][gc          ] GC(20) Pause Init Mark (unload classes) 0.089ms
[2025-05-18T21:31:17.930+0300][11376][20632][info][gc,start    ] GC(20) Concurrent marking roots
[2025-05-18T21:31:17.930+0300][11376][20632][info][gc,task     ] GC(20) Using 2 of 4 workers for concurrent marking roots
[2025-05-18T21:31:17.930+0300][11376][20632][info][gc          ] GC(20) Concurrent marking roots 0.181ms
[2025-05-18T21:31:17.930+0300][11376][20632][info][gc,start    ] GC(20) Concurrent marking (unload classes)
[2025-05-18T21:31:17.930+0300][11376][20632][info][gc,task     ] GC(20) Using 2 of 4 workers for concurrent marking
[2025-05-18T21:31:17.933+0300][11376][20632][info][gc          ] GC(20) Concurrent marking (unload classes) 3.530ms
[2025-05-18T21:31:17.933+0300][11376][5460 ][info][gc,start    ] GC(20) Pause Final Mark (unload classes)
[2025-05-18T21:31:17.933+0300][11376][5460 ][info][gc,task     ] GC(20) Using 4 of 4 workers for final marking
[2025-05-18T21:31:17.934+0300][11376][5460 ][info][gc,ergo     ] GC(20) Collectable Garbage: 2070M (99%), Immediate: 2070M (99%), CSet: 0B (0%)
[2025-05-18T21:31:17.934+0300][11376][5460 ][info][gc          ] GC(20) Pause Final Mark (unload classes) 0.231ms
[2025-05-18T21:31:17.934+0300][11376][20632][info][gc,start    ] GC(20) Concurrent weak references
[2025-05-18T21:31:17.934+0300][11376][20632][info][gc,task     ] GC(20) Using 2 of 4 workers for concurrent weak references
[2025-05-18T21:31:17.934+0300][11376][20632][info][gc,ref      ] GC(20) Encountered references: Soft: 152, Weak: 647, Final: 3, Phantom: 26
[2025-05-18T21:31:17.934+0300][11376][20632][info][gc,ref      ] GC(20) Discovered  references: Soft: 105, Weak: 369, Final: 3, Phantom: 24
[2025-05-18T21:31:17.934+0300][11376][20632][info][gc,ref      ] GC(20) Enqueued    references: Soft: 0, Weak: 0, Final: 0, Phantom: 0
[2025-05-18T21:31:17.934+0300][11376][20632][info][gc          ] GC(20) Concurrent weak references 0.167ms
[2025-05-18T21:31:17.934+0300][11376][20632][info][gc,start    ] GC(20) Concurrent weak roots
[2025-05-18T21:31:17.934+0300][11376][20632][info][gc,task     ] GC(20) Using 2 of 4 workers for concurrent weak root
[2025-05-18T21:31:17.935+0300][11376][20632][info][gc          ] GC(20) Concurrent weak roots 0.817ms
[2025-05-18T21:31:17.935+0300][11376][20632][info][gc,start    ] GC(20) Concurrent cleanup
[2025-05-18T21:31:17.935+0300][11376][20632][info][gc          ] GC(20) Concurrent cleanup 2084M->14M(4096M) 0.085ms
[2025-05-18T21:31:17.935+0300][11376][20632][info][gc,ergo     ] GC(20) Free: 3869M, Max: 2048K regular, 1972M humongous, Frag: 49% external, 0% internal; Reserve: 206M, Max: 2048K
[2025-05-18T21:31:17.935+0300][11376][20632][info][gc,start    ] GC(20) Concurrent class unloading
[2025-05-18T21:31:17.935+0300][11376][20632][info][gc,task     ] GC(20) Using 2 of 4 workers for concurrent class unloading
[2025-05-18T21:31:17.937+0300][11376][20632][info][gc          ] GC(20) Concurrent class unloading 2.065ms
[2025-05-18T21:31:17.937+0300][11376][5460 ][info][gc,start    ] GC(20) Pause Final Roots
[2025-05-18T21:31:17.937+0300][11376][5460 ][info][gc          ] GC(20) Pause Final Roots 0.043ms
[2025-05-18T21:31:17.937+0300][11376][20632][info][gc,ergo     ] Free: 3869M, Max: 2048K regular, 1972M humongous, Frag: 49% external, 0% internal; Reserve: 206M, Max: 2048K
[2025-05-18T21:31:17.937+0300][11376][20632][info][gc,stats    ] 
[2025-05-18T21:31:17.937+0300][11376][20632][info][gc,stats    ] All times are wall-clock times, except per-root-class counters, that are sum over
[2025-05-18T21:31:17.937+0300][11376][20632][info][gc,stats    ] all workers. Dividing the <total> over the root stage time estimates parallelism.
[2025-05-18T21:31:17.937+0300][11376][20632][info][gc,stats    ] 
[2025-05-18T21:31:17.937+0300][11376][20632][info][gc,stats    ] Concurrent Reset                   1623 us
[2025-05-18T21:31:17.937+0300][11376][20632][info][gc,stats    ] Pause Init Mark (G)                 167 us
[2025-05-18T21:31:17.937+0300][11376][20632][info][gc,stats    ] Pause Init Mark (N)                 103 us
[2025-05-18T21:31:17.937+0300][11376][20632][info][gc,stats    ]   Update Region States               13 us
[2025-05-18T21:31:17.937+0300][11376][20632][info][gc,stats    ] Concurrent Mark Roots               213 us, parallelism: 0.62x
[2025-05-18T21:31:17.937+0300][11376][20632][info][gc,stats    ]   CMR: <total>                      133 us
[2025-05-18T21:31:17.937+0300][11376][20632][info][gc,stats    ]   CMR: Thread Roots                  68 us, workers (us):  66,   3, ---, ---, 
[2025-05-18T21:31:17.937+0300][11376][20632][info][gc,stats    ]   CMR: VM Strong Roots                8 us, workers (us):   4,   4, ---, ---, 
[2025-05-18T21:31:17.937+0300][11376][20632][info][gc,stats    ]   CMR: CLDG Roots                    56 us, workers (us): ---,  56, ---, ---, 
[2025-05-18T21:31:17.937+0300][11376][20632][info][gc,stats    ] Concurrent Marking                 3598 us
[2025-05-18T21:31:17.937+0300][11376][20632][info][gc,stats    ] Pause Final Mark (G)                340 us
[2025-05-18T21:31:17.937+0300][11376][20632][info][gc,stats    ] Pause Final Mark (N)                255 us
[2025-05-18T21:31:17.937+0300][11376][20632][info][gc,stats    ]   Finish Mark                        44 us
[2025-05-18T21:31:17.937+0300][11376][20632][info][gc,stats    ]   Update Region States               30 us
[2025-05-18T21:31:17.937+0300][11376][20632][info][gc,stats    ]   Choose Collection Set              55 us
[2025-05-18T21:31:17.937+0300][11376][20632][info][gc,stats    ]   Rebuild Free Set                   16 us
[2025-05-18T21:31:17.937+0300][11376][20632][info][gc,stats    ] Concurrent Weak References          185 us, parallelism: 0.15x
[2025-05-18T21:31:17.937+0300][11376][20632][info][gc,stats    ]   CWRF: <total>                      28 us
[2025-05-18T21:31:17.937+0300][11376][20632][info][gc,stats    ]   CWRF: Weak References              28 us, workers (us):  17,  11, ---, ---, 
[2025-05-18T21:31:17.937+0300][11376][20632][info][gc,stats    ] Concurrent Weak Roots               844 us
[2025-05-18T21:31:17.937+0300][11376][20632][info][gc,stats    ]   Roots                             722 us, parallelism: 1.77x
[2025-05-18T21:31:17.937+0300][11376][20632][info][gc,stats    ]     CWR: <total>                   1277 us
[2025-05-18T21:31:17.937+0300][11376][20632][info][gc,stats    ]     CWR: Code Cache Roots          1037 us, workers (us): 499, 538, ---, ---, 
[2025-05-18T21:31:17.937+0300][11376][20632][info][gc,stats    ]     CWR: VM Weak Roots              234 us, workers (us): 114, 119, ---, ---, 
[2025-05-18T21:31:17.937+0300][11376][20632][info][gc,stats    ]     CWR: CLDG Roots                   6 us, workers (us):   6, ---, ---, ---, 
[2025-05-18T21:31:17.937+0300][11376][20632][info][gc,stats    ]   Rendezvous                         64 us
[2025-05-18T21:31:17.937+0300][11376][20632][info][gc,stats    ] Concurrent Cleanup                  100 us
[2025-05-18T21:31:17.937+0300][11376][20632][info][gc,stats    ] Concurrent Class Unloading         2114 us
[2025-05-18T21:31:17.937+0300][11376][20632][info][gc,stats    ]   Unlink Stale                     1844 us
[2025-05-18T21:31:17.937+0300][11376][20632][info][gc,stats    ]     System Dictionary                 7 us
[2025-05-18T21:31:17.937+0300][11376][20632][info][gc,stats    ]     Weak Class Links                  0 us
[2025-05-18T21:31:17.937+0300][11376][20632][info][gc,stats    ]     Code Roots                     1835 us
[2025-05-18T21:31:17.937+0300][11376][20632][info][gc,stats    ]   Rendezvous                        125 us
[2025-05-18T21:31:17.937+0300][11376][20632][info][gc,stats    ]   Purge Unlinked                     61 us
[2025-05-18T21:31:17.937+0300][11376][20632][info][gc,stats    ]     Code Roots                       55 us
[2025-05-18T21:31:17.937+0300][11376][20632][info][gc,stats    ]     CLDG                              6 us
[2025-05-18T21:31:17.937+0300][11376][20632][info][gc,stats    ]     Exception Caches                  0 us
[2025-05-18T21:31:17.938+0300][11376][20632][info][gc,stats    ] Pause Final Roots (G)               115 us
[2025-05-18T21:31:17.938+0300][11376][20632][info][gc,stats    ] Pause Final Roots (N)                59 us
[2025-05-18T21:31:17.938+0300][11376][20632][info][gc,stats    ] 
[2025-05-18T21:31:17.938+0300][11376][20632][info][gc,stats    ] Allocation pacing accrued:
[2025-05-18T21:31:17.938+0300][11376][20632][info][gc,stats    ]       0 of  1225 ms (  0.0%): <total>
[2025-05-18T21:31:17.938+0300][11376][20632][info][gc,stats    ]       0 of  1225 ms (  0.0%): <average total>
[2025-05-18T21:31:17.938+0300][11376][20632][info][gc,stats    ] 
[2025-05-18T21:31:17.938+0300][11376][20632][info][gc,metaspace] Metaspace: 8609K(9664K)->8609K(9664K) NonClass: 7758K(8384K)->7758K(8384K) Class: 850K(1280K)->850K(1280K)
[2025-05-18T21:31:17.938+0300][11376][20632][info][gc,ergo     ] Pacer for Idle. Initial: 83886K, Alloc Tax Rate: 1.0x
[2025-05-18T21:31:18.304+0300][11376][20632][info][gc          ] Trigger: Learning 2 of 5. Free (2853M) is below initial threshold (2867M)
[2025-05-18T21:31:18.304+0300][11376][20632][info][gc,ergo     ] Free: 2853M, Max: 2048K regular, 1880M humongous, Frag: 35% external, 0% internal; Reserve: 206M, Max: 2048K
[2025-05-18T21:31:18.304+0300][11376][20632][info][gc,start    ] GC(21) Concurrent reset
[2025-05-18T21:31:18.304+0300][11376][20632][info][gc,task     ] GC(21) Using 2 of 4 workers for concurrent reset
[2025-05-18T21:31:18.304+0300][11376][20632][info][gc,ergo     ] GC(21) Pacer for Reset. Non-Taxable: 4096M
[2025-05-18T21:31:18.304+0300][11376][20632][info][gc          ] GC(21) Concurrent reset 0.253ms
[2025-05-18T21:31:18.304+0300][11376][5460 ][info][gc,start    ] GC(21) Pause Init Mark (unload classes)
[2025-05-18T21:31:18.304+0300][11376][5460 ][info][gc,task     ] GC(21) Using 4 of 4 workers for init marking
[2025-05-18T21:31:18.304+0300][11376][5460 ][info][gc,ergo     ] GC(21) Pacer for Mark. Expected Live: 10366K, Free: 2853M, Non-Taxable: 285M, Alloc Tax Rate: 0.0x
[2025-05-18T21:31:18.304+0300][11376][5460 ][info][gc          ] GC(21) Pause Init Mark (unload classes) 0.134ms
[2025-05-18T21:31:18.304+0300][11376][20632][info][gc,start    ] GC(21) Concurrent marking roots
[2025-05-18T21:31:18.304+0300][11376][20632][info][gc,task     ] GC(21) Using 2 of 4 workers for concurrent marking roots
[2025-05-18T21:31:18.305+0300][11376][20632][info][gc          ] GC(21) Concurrent marking roots 0.209ms
[2025-05-18T21:31:18.305+0300][11376][20632][info][gc,start    ] GC(21) Concurrent marking (unload classes)
[2025-05-18T21:31:18.305+0300][11376][20632][info][gc,task     ] GC(21) Using 2 of 4 workers for concurrent marking
[2025-05-18T21:31:18.320+0300][11376][20632][info][gc          ] GC(21) Concurrent marking (unload classes) 14.484ms
[2025-05-18T21:31:18.320+0300][11376][5460 ][info][gc,start    ] GC(21) Pause Final Mark (unload classes)
[2025-05-18T21:31:18.320+0300][11376][5460 ][info][gc,task     ] GC(21) Using 4 of 4 workers for final marking
[2025-05-18T21:31:18.320+0300][11376][5460 ][info][gc,ergo     ] GC(21) Adaptive CSet Selection. Target Free: 580M, Actual Free: 3804M, Max CSet: 170M, Min Garbage: 0B
[2025-05-18T21:31:18.320+0300][11376][5460 ][info][gc,ergo     ] GC(21) Collectable Garbage: 1012M (99%), Immediate: 794M (78%), CSet: 218M (21%)
[2025-05-18T21:31:18.320+0300][11376][5460 ][info][gc,ergo     ] GC(21) Pacer for Evacuation. Used CSet: 220M, Free: 3607M, Non-Taxable: 360M, Alloc Tax Rate: 1.1x
[2025-05-18T21:31:18.320+0300][11376][5460 ][info][gc          ] GC(21) Pause Final Mark (unload classes) 0.355ms
[2025-05-18T21:31:18.320+0300][11376][20632][info][gc,start    ] GC(21) Concurrent thread roots
[2025-05-18T21:31:18.320+0300][11376][20632][info][gc,task     ] GC(21) Using 2 of 4 workers for Concurrent thread roots
[2025-05-18T21:31:18.321+0300][11376][20632][info][gc          ] GC(21) Concurrent thread roots 1.290ms
[2025-05-18T21:31:18.321+0300][11376][20632][info][gc,start    ] GC(21) Concurrent weak references
[2025-05-18T21:31:18.321+0300][11376][20632][info][gc,task     ] GC(21) Using 2 of 4 workers for concurrent weak references
[2025-05-18T21:31:18.321+0300][11376][20632][info][gc,ref      ] GC(21) Encountered references: Soft: 152, Weak: 868, Final: 3, Phantom: 50
[2025-05-18T21:31:18.321+0300][11376][20632][info][gc,ref      ] GC(21) Discovered  references: Soft: 0, Weak: 368, Final: 1, Phantom: 36
[2025-05-18T21:31:18.321+0300][11376][20632][info][gc,ref      ] GC(21) Enqueued    references: Soft: 0, Weak: 172, Final: 0, Phantom: 0
[2025-05-18T21:31:18.321+0300][11376][20632][info][gc          ] GC(21) Concurrent weak references 0.218ms
[2025-05-18T21:31:18.322+0300][11376][20632][info][gc,start    ] GC(21) Concurrent weak roots
[2025-05-18T21:31:18.322+0300][11376][20632][info][gc,task     ] GC(21) Using 2 of 4 workers for concurrent weak root
[2025-05-18T21:31:18.367+0300][11376][20632][info][gc          ] GC(21) Concurrent weak roots 45.090ms
[2025-05-18T21:31:18.367+0300][11376][20632][info][gc,start    ] GC(21) Concurrent cleanup
[2025-05-18T21:31:18.367+0300][11376][20632][info][gc          ] GC(21) Concurrent cleanup 1157M->363M(4096M) 0.089ms
[2025-05-18T21:31:18.367+0300][11376][20632][info][gc,ergo     ] GC(21) Free: 3521M, Max: 2048K regular, 1880M humongous, Frag: 47% external, 0% internal; Reserve: 204M, Max: 2048K
[2025-05-18T21:31:18.367+0300][11376][20632][info][gc,start    ] GC(21) Concurrent class unloading
[2025-05-18T21:31:18.367+0300][11376][20632][info][gc,task     ] GC(21) Using 2 of 4 workers for concurrent class unloading
[2025-05-18T21:31:18.399+0300][11376][20632][info][gc          ] GC(21) Concurrent class unloading 31.879ms
[2025-05-18T21:31:18.399+0300][11376][20632][info][gc,start    ] GC(21) Concurrent strong roots
[2025-05-18T21:31:18.399+0300][11376][20632][info][gc,task     ] GC(21) Using 2 of 4 workers for concurrent strong root
[2025-05-18T21:31:18.399+0300][11376][20632][info][gc          ] GC(21) Concurrent strong roots 0.268ms
[2025-05-18T21:31:18.399+0300][11376][20632][info][gc,start    ] GC(21) Concurrent evacuation
[2025-05-18T21:31:18.399+0300][11376][20632][info][gc,task     ] GC(21) Using 2 of 4 workers for concurrent evacuation
[2025-05-18T21:31:18.400+0300][11376][20632][info][gc          ] GC(21) Concurrent evacuation 1.118ms
[2025-05-18T21:31:18.400+0300][11376][5460 ][info][gc,start    ] GC(21) Pause Init Update Refs
[2025-05-18T21:31:18.400+0300][11376][5460 ][info][gc,ergo     ] GC(21) Pacer for Update Refs. Used: 419M, Free: 3466M, Non-Taxable: 346M, Alloc Tax Rate: 1.1x
[2025-05-18T21:31:18.401+0300][11376][5460 ][info][gc          ] GC(21) Pause Init Update Refs 0.105ms
[2025-05-18T21:31:18.401+0300][11376][20632][info][gc,start    ] GC(21) Concurrent update references
[2025-05-18T21:31:18.401+0300][11376][20632][info][gc,task     ] GC(21) Using 2 of 4 workers for concurrent reference update
[2025-05-18T21:31:18.412+0300][11376][20632][info][gc          ] GC(21) Concurrent update references 11.521ms
[2025-05-18T21:31:18.412+0300][11376][20632][info][gc,start    ] GC(21) Concurrent update thread roots
[2025-05-18T21:31:18.415+0300][11376][20632][info][gc          ] GC(21) Concurrent update thread roots 2.516ms
[2025-05-18T21:31:18.415+0300][11376][5460 ][info][gc,start    ] GC(21) Pause Final Update Refs
[2025-05-18T21:31:18.415+0300][11376][5460 ][info][gc,task     ] GC(21) Using 4 of 4 workers for final reference update
[2025-05-18T21:31:18.415+0300][11376][5460 ][info][gc          ] GC(21) Pause Final Update Refs 0.152ms
[2025-05-18T21:31:18.415+0300][11376][20632][info][gc,start    ] GC(21) Concurrent cleanup
[2025-05-18T21:31:18.415+0300][11376][20632][info][gc          ] GC(21) Concurrent cleanup 441M->221M(4096M) 0.082ms
[2025-05-18T21:31:18.415+0300][11376][20632][info][gc,ergo     ] Free: 3662M, Max: 2048K regular, 2720M humongous, Frag: 26% external, 0% internal; Reserve: 206M, Max: 2048K
[2025-05-18T21:31:18.415+0300][11376][20632][info][gc,stats    ] 
[2025-05-18T21:31:18.415+0300][11376][20632][info][gc,stats    ] All times are wall-clock times, except per-root-class counters, that are sum over
[2025-05-18T21:31:18.415+0300][11376][20632][info][gc,stats    ] all workers. Dividing the <total> over the root stage time estimates parallelism.
[2025-05-18T21:31:18.415+0300][11376][20632][info][gc,stats    ] 
[2025-05-18T21:31:18.415+0300][11376][20632][info][gc,stats    ] Concurrent Reset                    292 us
[2025-05-18T21:31:18.415+0300][11376][20632][info][gc,stats    ] Pause Init Mark (G)                 332 us
[2025-05-18T21:31:18.415+0300][11376][20632][info][gc,stats    ] Pause Init Mark (N)                 156 us
[2025-05-18T21:31:18.415+0300][11376][20632][info][gc,stats    ]   Update Region States               15 us
[2025-05-18T21:31:18.415+0300][11376][20632][info][gc,stats    ] Concurrent Mark Roots               252 us, parallelism: 0.63x
[2025-05-18T21:31:18.415+0300][11376][20632][info][gc,stats    ]   CMR: <total>                      159 us
[2025-05-18T21:31:18.415+0300][11376][20632][info][gc,stats    ]   CMR: Thread Roots                  73 us, workers (us):  73,   0, ---, ---, 
[2025-05-18T21:31:18.415+0300][11376][20632][info][gc,stats    ]   CMR: VM Strong Roots               10 us, workers (us):   5,   5, ---, ---, 
[2025-05-18T21:31:18.415+0300][11376][20632][info][gc,stats    ]   CMR: CLDG Roots                    76 us, workers (us): ---,  76, ---, ---, 
[2025-05-18T21:31:18.415+0300][11376][20632][info][gc,stats    ] Concurrent Marking                14551 us
[2025-05-18T21:31:18.415+0300][11376][20632][info][gc,stats    ] Pause Final Mark (G)                554 us
[2025-05-18T21:31:18.415+0300][11376][20632][info][gc,stats    ] Pause Final Mark (N)                377 us
[2025-05-18T21:31:18.415+0300][11376][20632][info][gc,stats    ]   Finish Mark                        45 us
[2025-05-18T21:31:18.416+0300][11376][20632][info][gc,stats    ]   Update Region States               57 us
[2025-05-18T21:31:18.416+0300][11376][20632][info][gc,stats    ]   Choose Collection Set             123 us
[2025-05-18T21:31:18.416+0300][11376][20632][info][gc,stats    ]   Rebuild Free Set                   20 us
[2025-05-18T21:31:18.416+0300][11376][20632][info][gc,stats    ] Concurrent Thread Roots            1342 us, parallelism: 0.93x
[2025-05-18T21:31:18.416+0300][11376][20632][info][gc,stats    ]   CTR: <total>                     1252 us
[2025-05-18T21:31:18.416+0300][11376][20632][info][gc,stats    ]   CTR: Thread Roots                1252 us, workers (us): 1189,  63, ---, ---, 
[2025-05-18T21:31:18.416+0300][11376][20632][info][gc,stats    ] Concurrent Weak References          242 us, parallelism: 0.51x
[2025-05-18T21:31:18.416+0300][11376][20632][info][gc,stats    ]   CWRF: <total>                     123 us
[2025-05-18T21:31:18.416+0300][11376][20632][info][gc,stats    ]   CWRF: Weak References             123 us, workers (us):  69,  55, ---, ---, 
[2025-05-18T21:31:18.416+0300][11376][20632][info][gc,stats    ] Concurrent Weak Roots             45163 us
[2025-05-18T21:31:18.416+0300][11376][20632][info][gc,stats    ]   Roots                             813 us, parallelism: 1.84x
[2025-05-18T21:31:18.416+0300][11376][20632][info][gc,stats    ]     CWR: <total>                   1492 us
[2025-05-18T21:31:18.416+0300][11376][20632][info][gc,stats    ]     CWR: Code Cache Roots          1071 us, workers (us): 560, 511, ---, ---, 
[2025-05-18T21:31:18.416+0300][11376][20632][info][gc,stats    ]     CWR: VM Weak Roots              413 us, workers (us): 203, 210, ---, ---, 
[2025-05-18T21:31:18.416+0300][11376][20632][info][gc,stats    ]     CWR: CLDG Roots                   7 us, workers (us):   7, ---, ---, ---, 
[2025-05-18T21:31:18.416+0300][11376][20632][info][gc,stats    ]   Rendezvous                      44228 us
[2025-05-18T21:31:18.416+0300][11376][20632][info][gc,stats    ] Concurrent Cleanup                  114 us
[2025-05-18T21:31:18.416+0300][11376][20632][info][gc,stats    ] Concurrent Class Unloading        31950 us
[2025-05-18T21:31:18.416+0300][11376][20632][info][gc,stats    ]   Unlink Stale                     2114 us
[2025-05-18T21:31:18.416+0300][11376][20632][info][gc,stats    ]     System Dictionary                19 us
[2025-05-18T21:31:18.416+0300][11376][20632][info][gc,stats    ]     Weak Class Links                  1 us
[2025-05-18T21:31:18.416+0300][11376][20632][info][gc,stats    ]     Code Roots                     2093 us
[2025-05-18T21:31:18.416+0300][11376][20632][info][gc,stats    ]   Rendezvous                      29586 us
[2025-05-18T21:31:18.416+0300][11376][20632][info][gc,stats    ]   Purge Unlinked                    128 us
[2025-05-18T21:31:18.416+0300][11376][20632][info][gc,stats    ]     Code Roots                      113 us
[2025-05-18T21:31:18.416+0300][11376][20632][info][gc,stats    ]     CLDG                             15 us
[2025-05-18T21:31:18.416+0300][11376][20632][info][gc,stats    ]     Exception Caches                  0 us
[2025-05-18T21:31:18.416+0300][11376][20632][info][gc,stats    ] Concurrent Strong Roots             324 us, parallelism: 0.51x
[2025-05-18T21:31:18.416+0300][11376][20632][info][gc,stats    ]   CSR: <total>                      165 us
[2025-05-18T21:31:18.416+0300][11376][20632][info][gc,stats    ]   CSR: VM Strong Roots               11 us, workers (us):   5,   6, ---, ---, 
[2025-05-18T21:31:18.416+0300][11376][20632][info][gc,stats    ]   CSR: CLDG Roots                   154 us, workers (us): 154, ---, ---, ---, 
[2025-05-18T21:31:18.416+0300][11376][20632][info][gc,stats    ] Concurrent Evacuation              1154 us
[2025-05-18T21:31:18.416+0300][11376][20632][info][gc,stats    ] Pause Init Update Refs (G)          318 us
[2025-05-18T21:31:18.416+0300][11376][20632][info][gc,stats    ] Pause Init Update Refs (N)          126 us
[2025-05-18T21:31:18.416+0300][11376][20632][info][gc,stats    ]   Manage GCLABs                       5 us
[2025-05-18T21:31:18.416+0300][11376][20632][info][gc,stats    ] Concurrent Update Refs            11590 us
[2025-05-18T21:31:18.416+0300][11376][20632][info][gc,stats    ] Concurrent Update Thread Roots     2568 us
[2025-05-18T21:31:18.416+0300][11376][20632][info][gc,stats    ] Pause Final Update Refs (G)         301 us
[2025-05-18T21:31:18.416+0300][11376][20632][info][gc,stats    ] Pause Final Update Refs (N)         179 us
[2025-05-18T21:31:18.416+0300][11376][20632][info][gc,stats    ]   Update Region States               45 us
[2025-05-18T21:31:18.416+0300][11376][20632][info][gc,stats    ]   Trash Collection Set                6 us
[2025-05-18T21:31:18.416+0300][11376][20632][info][gc,stats    ]   Rebuild Free Set                   22 us
[2025-05-18T21:31:18.416+0300][11376][20632][info][gc,stats    ] Concurrent Cleanup                  110 us
[2025-05-18T21:31:18.416+0300][11376][20632][info][gc,stats    ] 
[2025-05-18T21:31:18.416+0300][11376][20632][info][gc,stats    ] Allocation pacing accrued:
[2025-05-18T21:31:18.416+0300][11376][20632][info][gc,stats    ]       0 of   478 ms (  0.0%): <total>
[2025-05-18T21:31:18.416+0300][11376][20632][info][gc,stats    ]       0 of   478 ms (  0.0%): <average total>
[2025-05-18T21:31:18.416+0300][11376][20632][info][gc,stats    ] 
[2025-05-18T21:31:18.416+0300][11376][20632][info][gc,metaspace] Metaspace: 8612K(9664K)->8612K(9664K) NonClass: 7761K(8384K)->7761K(8384K) Class: 850K(1280K)->850K(1280K)
[2025-05-18T21:31:18.417+0300][11376][20632][info][gc,ergo     ] Pacer for Idle. Initial: 83886K, Alloc Tax Rate: 1.0x
[2025-05-18T21:31:18.824+0300][11376][20632][info][gc          ] Trigger: Learning 3 of 5. Free (2841M) is below initial threshold (2867M)
[2025-05-18T21:31:18.824+0300][11376][20632][info][gc,ergo     ] Free: 2841M, Max: 2048K regular, 2720M humongous, Frag: 5% external, 0% internal; Reserve: 206M, Max: 2048K
[2025-05-18T21:31:18.824+0300][11376][20632][info][gc,start    ] GC(22) Concurrent reset
[2025-05-18T21:31:18.824+0300][11376][20632][info][gc,task     ] GC(22) Using 2 of 4 workers for concurrent reset
[2025-05-18T21:31:18.824+0300][11376][20632][info][gc,ergo     ] GC(22) Pacer for Reset. Non-Taxable: 4096M
[2025-05-18T21:31:18.825+0300][11376][20632][info][gc          ] GC(22) Concurrent reset 0.916ms
[2025-05-18T21:31:18.825+0300][11376][5460 ][info][gc,start    ] GC(22) Pause Init Mark (unload classes)
[2025-05-18T21:31:18.825+0300][11376][5460 ][info][gc,task     ] GC(22) Using 4 of 4 workers for init marking
[2025-05-18T21:31:18.825+0300][11376][5460 ][info][gc,ergo     ] GC(22) Pacer for Mark. Expected Live: 10370K, Free: 2838M, Non-Taxable: 283M, Alloc Tax Rate: 0.0x
[2025-05-18T21:31:18.825+0300][11376][5460 ][info][gc          ] GC(22) Pause Init Mark (unload classes) 0.135ms
[2025-05-18T21:31:18.825+0300][11376][20632][info][gc,start    ] GC(22) Concurrent marking roots
[2025-05-18T21:31:18.825+0300][11376][20632][info][gc,task     ] GC(22) Using 2 of 4 workers for concurrent marking roots
[2025-05-18T21:31:18.825+0300][11376][20632][info][gc          ] GC(22) Concurrent marking roots 0.234ms
[2025-05-18T21:31:18.825+0300][11376][20632][info][gc,start    ] GC(22) Concurrent marking (unload classes)
[2025-05-18T21:31:18.825+0300][11376][20632][info][gc,task     ] GC(22) Using 2 of 4 workers for concurrent marking
[2025-05-18T21:31:18.848+0300][11376][20632][info][gc          ] GC(22) Concurrent marking (unload classes) 22.706ms
[2025-05-18T21:31:18.848+0300][11376][5460 ][info][gc,start    ] GC(22) Pause Final Mark (unload classes)
[2025-05-18T21:31:18.848+0300][11376][5460 ][info][gc,task     ] GC(22) Using 4 of 4 workers for final marking
[2025-05-18T21:31:18.848+0300][11376][5460 ][info][gc,ergo     ] GC(22) Adaptive CSet Selection. Target Free: 580M, Actual Free: 3811M, Max CSet: 170M, Min Garbage: 0B
[2025-05-18T21:31:18.848+0300][11376][5460 ][info][gc,ergo     ] GC(22) Collectable Garbage: 1034M (99%), Immediate: 825M (79%), CSet: 208M (20%)
[2025-05-18T21:31:18.848+0300][11376][5460 ][info][gc,ergo     ] GC(22) Pacer for Evacuation. Used CSet: 209M, Free: 3609M, Non-Taxable: 360M, Alloc Tax Rate: 1.1x
[2025-05-18T21:31:18.848+0300][11376][5460 ][info][gc          ] GC(22) Pause Final Mark (unload classes) 0.326ms
[2025-05-18T21:31:18.848+0300][11376][20632][info][gc,start    ] GC(22) Concurrent thread roots
[2025-05-18T21:31:18.848+0300][11376][20632][info][gc,task     ] GC(22) Using 2 of 4 workers for Concurrent thread roots
[2025-05-18T21:31:18.848+0300][11376][20632][info][gc          ] GC(22) Concurrent thread roots 0.247ms
[2025-05-18T21:31:18.848+0300][11376][20632][info][gc,start    ] GC(22) Concurrent weak references
[2025-05-18T21:31:18.848+0300][11376][20632][info][gc,task     ] GC(22) Using 2 of 4 workers for concurrent weak references
[2025-05-18T21:31:18.850+0300][11376][20632][info][gc,ref      ] GC(22) Encountered references: Soft: 152, Weak: 873, Final: 3, Phantom: 49
[2025-05-18T21:31:18.850+0300][11376][20632][info][gc,ref      ] GC(22) Discovered  references: Soft: 0, Weak: 374, Final: 1, Phantom: 35
[2025-05-18T21:31:18.850+0300][11376][20632][info][gc,ref      ] GC(22) Enqueued    references: Soft: 0, Weak: 180, Final: 0, Phantom: 0
[2025-05-18T21:31:18.850+0300][11376][20632][info][gc          ] GC(22) Concurrent weak references 0.206ms
[2025-05-18T21:31:18.850+0300][11376][20632][info][gc,start    ] GC(22) Concurrent weak roots
[2025-05-18T21:31:18.850+0300][11376][20632][info][gc,task     ] GC(22) Using 2 of 4 workers for concurrent weak root
[2025-05-18T21:31:18.851+0300][11376][20632][info][gc          ] GC(22) Concurrent weak roots 1.020ms
[2025-05-18T21:31:18.851+0300][11376][20632][info][gc,start    ] GC(22) Concurrent cleanup
[2025-05-18T21:31:18.851+0300][11376][20632][info][gc          ] GC(22) Concurrent cleanup 1114M->288M(4096M) 0.082ms
[2025-05-18T21:31:18.851+0300][11376][20632][info][gc,ergo     ] GC(22) Free: 3595M, Max: 2048K regular, 2744M humongous, Frag: 24% external, 0% internal; Reserve: 205M, Max: 2048K
[2025-05-18T21:31:18.851+0300][11376][20632][info][gc,start    ] GC(22) Concurrent class unloading
[2025-05-18T21:31:18.851+0300][11376][20632][info][gc,task     ] GC(22) Using 2 of 4 workers for concurrent class unloading
[2025-05-18T21:31:18.856+0300][11376][20632][info][gc          ] GC(22) Concurrent class unloading 4.754ms
[2025-05-18T21:31:18.856+0300][11376][20632][info][gc,start    ] GC(22) Concurrent strong roots
[2025-05-18T21:31:18.856+0300][11376][20632][info][gc,task     ] GC(22) Using 2 of 4 workers for concurrent strong root
[2025-05-18T21:31:18.856+0300][11376][20632][info][gc          ] GC(22) Concurrent strong roots 0.238ms
[2025-05-18T21:31:18.856+0300][11376][20632][info][gc,start    ] GC(22) Concurrent evacuation
[2025-05-18T21:31:18.856+0300][11376][20632][info][gc,task     ] GC(22) Using 2 of 4 workers for concurrent evacuation
[2025-05-18T21:31:18.857+0300][11376][20632][info][gc          ] GC(22) Concurrent evacuation 1.173ms
[2025-05-18T21:31:18.857+0300][11376][5460 ][info][gc,start    ] GC(22) Pause Init Update Refs
[2025-05-18T21:31:18.857+0300][11376][5460 ][info][gc,ergo     ] GC(22) Pacer for Update Refs. Used: 301M, Free: 3584M, Non-Taxable: 358M, Alloc Tax Rate: 1.1x
[2025-05-18T21:31:18.857+0300][11376][5460 ][info][gc          ] GC(22) Pause Init Update Refs 0.088ms
[2025-05-18T21:31:18.857+0300][11376][20632][info][gc,start    ] GC(22) Concurrent update references
[2025-05-18T21:31:18.857+0300][11376][20632][info][gc,task     ] GC(22) Using 2 of 4 workers for concurrent reference update
[2025-05-18T21:31:18.870+0300][11376][20632][info][gc          ] GC(22) Concurrent update references 12.580ms
[2025-05-18T21:31:18.870+0300][11376][20632][info][gc,start    ] GC(22) Concurrent update thread roots
[2025-05-18T21:31:18.871+0300][11376][20632][info][gc          ] GC(22) Concurrent update thread roots 0.489ms
[2025-05-18T21:31:18.871+0300][11376][5460 ][info][gc,start    ] GC(22) Pause Final Update Refs
[2025-05-18T21:31:18.871+0300][11376][5460 ][info][gc,task     ] GC(22) Using 4 of 4 workers for final reference update
[2025-05-18T21:31:18.871+0300][11376][5460 ][info][gc          ] GC(22) Pause Final Update Refs 0.192ms
[2025-05-18T21:31:18.871+0300][11376][20632][info][gc,start    ] GC(22) Concurrent cleanup
[2025-05-18T21:31:18.871+0300][11376][20632][info][gc          ] GC(22) Concurrent cleanup 327M->118M(4096M) 0.071ms
[2025-05-18T21:31:18.871+0300][11376][20632][info][gc,ergo     ] Free: 3765M, Max: 2048K regular, 2898M humongous, Frag: 23% external, 0% internal; Reserve: 206M, Max: 2048K
[2025-05-18T21:31:18.871+0300][11376][20632][info][gc,stats    ] 
[2025-05-18T21:31:18.871+0300][11376][20632][info][gc,stats    ] All times are wall-clock times, except per-root-class counters, that are sum over
[2025-05-18T21:31:18.871+0300][11376][20632][info][gc,stats    ] all workers. Dividing the <total> over the root stage time estimates parallelism.
[2025-05-18T21:31:18.871+0300][11376][20632][info][gc,stats    ] 
[2025-05-18T21:31:18.871+0300][11376][20632][info][gc,stats    ] Concurrent Reset                    991 us
[2025-05-18T21:31:18.871+0300][11376][20632][info][gc,stats    ] Pause Init Mark (G)                 345 us
[2025-05-18T21:31:18.871+0300][11376][20632][info][gc,stats    ] Pause Init Mark (N)                 158 us
[2025-05-18T21:31:18.871+0300][11376][20632][info][gc,stats    ]   Update Region States               23 us
[2025-05-18T21:31:18.871+0300][11376][20632][info][gc,stats    ] Concurrent Mark Roots               261 us, parallelism: 0.84x
[2025-05-18T21:31:18.871+0300][11376][20632][info][gc,stats    ]   CMR: <total>                      220 us
[2025-05-18T21:31:18.871+0300][11376][20632][info][gc,stats    ]   CMR: Thread Roots                 125 us, workers (us): 103,  22, ---, ---, 
[2025-05-18T21:31:18.871+0300][11376][20632][info][gc,stats    ]   CMR: VM Strong Roots               10 us, workers (us):   6,   4, ---, ---, 
[2025-05-18T21:31:18.871+0300][11376][20632][info][gc,stats    ]   CMR: CLDG Roots                    85 us, workers (us): ---,  85, ---, ---, 
[2025-05-18T21:31:18.871+0300][11376][20632][info][gc,stats    ] Concurrent Marking                22769 us
[2025-05-18T21:31:18.871+0300][11376][20632][info][gc,stats    ] Pause Final Mark (G)                500 us
[2025-05-18T21:31:18.871+0300][11376][20632][info][gc,stats    ] Pause Final Mark (N)                351 us
[2025-05-18T21:31:18.871+0300][11376][20632][info][gc,stats    ]   Finish Mark                        46 us
[2025-05-18T21:31:18.871+0300][11376][20632][info][gc,stats    ]   Update Region States               54 us
[2025-05-18T21:31:18.872+0300][11376][20632][info][gc,stats    ]   Choose Collection Set              82 us
[2025-05-18T21:31:18.872+0300][11376][20632][info][gc,stats    ]   Rebuild Free Set                   20 us
[2025-05-18T21:31:18.872+0300][11376][20632][info][gc,stats    ] Concurrent Thread Roots             288 us, parallelism: 0.92x
[2025-05-18T21:31:18.872+0300][11376][20632][info][gc,stats    ]   CTR: <total>                      265 us
[2025-05-18T21:31:18.872+0300][11376][20632][info][gc,stats    ]   CTR: Thread Roots                 265 us, workers (us): 156, 109, ---, ---, 
[2025-05-18T21:31:18.872+0300][11376][20632][info][gc,stats    ] Concurrent Weak References          228 us, parallelism: 0.41x
[2025-05-18T21:31:18.872+0300][11376][20632][info][gc,stats    ]   CWRF: <total>                      93 us
[2025-05-18T21:31:18.872+0300][11376][20632][info][gc,stats    ]   CWRF: Weak References              93 us, workers (us):  32,  61, ---, ---, 
[2025-05-18T21:31:18.872+0300][11376][20632][info][gc,stats    ] Concurrent Weak Roots              1064 us
[2025-05-18T21:31:18.872+0300][11376][20632][info][gc,stats    ]   Roots                             781 us, parallelism: 1.87x
[2025-05-18T21:31:18.872+0300][11376][20632][info][gc,stats    ]     CWR: <total>                   1458 us
[2025-05-18T21:31:18.872+0300][11376][20632][info][gc,stats    ]     CWR: Code Cache Roots          1041 us, workers (us): 512, 529, ---, ---, 
[2025-05-18T21:31:18.872+0300][11376][20632][info][gc,stats    ]     CWR: VM Weak Roots              409 us, workers (us): 211, 198, ---, ---, 
[2025-05-18T21:31:18.872+0300][11376][20632][info][gc,stats    ]     CWR: CLDG Roots                   9 us, workers (us): ---,   9, ---, ---, 
[2025-05-18T21:31:18.872+0300][11376][20632][info][gc,stats    ]   Rendezvous                        196 us
[2025-05-18T21:31:18.872+0300][11376][20632][info][gc,stats    ] Concurrent Cleanup                  105 us
[2025-05-18T21:31:18.872+0300][11376][20632][info][gc,stats    ] Concurrent Class Unloading         4817 us
[2025-05-18T21:31:18.872+0300][11376][20632][info][gc,stats    ]   Unlink Stale                     1971 us
[2025-05-18T21:31:18.872+0300][11376][20632][info][gc,stats    ]     System Dictionary                10 us
[2025-05-18T21:31:18.872+0300][11376][20632][info][gc,stats    ]     Weak Class Links                  0 us
[2025-05-18T21:31:18.872+0300][11376][20632][info][gc,stats    ]     Code Roots                     1959 us
[2025-05-18T21:31:18.872+0300][11376][20632][info][gc,stats    ]   Rendezvous                       2721 us
[2025-05-18T21:31:18.872+0300][11376][20632][info][gc,stats    ]   Purge Unlinked                     14 us
[2025-05-18T21:31:18.872+0300][11376][20632][info][gc,stats    ]     Code Roots                        4 us
[2025-05-18T21:31:18.872+0300][11376][20632][info][gc,stats    ]     CLDG                              9 us
[2025-05-18T21:31:18.872+0300][11376][20632][info][gc,stats    ]     Exception Caches                  0 us
[2025-05-18T21:31:18.872+0300][11376][20632][info][gc,stats    ] Concurrent Strong Roots             288 us, parallelism: 0.52x
[2025-05-18T21:31:18.872+0300][11376][20632][info][gc,stats    ]   CSR: <total>                      149 us
[2025-05-18T21:31:18.872+0300][11376][20632][info][gc,stats    ]   CSR: VM Strong Roots                9 us, workers (us):   4,   4, ---, ---, 
[2025-05-18T21:31:18.872+0300][11376][20632][info][gc,stats    ]   CSR: CLDG Roots                   140 us, workers (us): 140, ---, ---, ---, 
[2025-05-18T21:31:18.872+0300][11376][20632][info][gc,stats    ] Concurrent Evacuation              1217 us
[2025-05-18T21:31:18.872+0300][11376][20632][info][gc,stats    ] Pause Init Update Refs (G)          220 us
[2025-05-18T21:31:18.872+0300][11376][20632][info][gc,stats    ] Pause Init Update Refs (N)          109 us
[2025-05-18T21:31:18.872+0300][11376][20632][info][gc,stats    ]   Manage GCLABs                       5 us
[2025-05-18T21:31:18.872+0300][11376][20632][info][gc,stats    ] Concurrent Update Refs            12640 us
[2025-05-18T21:31:18.872+0300][11376][20632][info][gc,stats    ] Concurrent Update Thread Roots      531 us
[2025-05-18T21:31:18.872+0300][11376][20632][info][gc,stats    ] Pause Final Update Refs (G)         374 us
[2025-05-18T21:31:18.872+0300][11376][20632][info][gc,stats    ] Pause Final Update Refs (N)         223 us
[2025-05-18T21:31:18.872+0300][11376][20632][info][gc,stats    ]   Update Region States               33 us
[2025-05-18T21:31:18.872+0300][11376][20632][info][gc,stats    ]   Trash Collection Set                6 us
[2025-05-18T21:31:18.872+0300][11376][20632][info][gc,stats    ]   Rebuild Free Set                   20 us
[2025-05-18T21:31:18.872+0300][11376][20632][info][gc,stats    ] Concurrent Cleanup                   99 us
[2025-05-18T21:31:18.872+0300][11376][20632][info][gc,stats    ] 
[2025-05-18T21:31:18.872+0300][11376][20632][info][gc,stats    ] Allocation pacing accrued:
[2025-05-18T21:31:18.872+0300][11376][20632][info][gc,stats    ]       0 of   456 ms (  0.0%): <total>
[2025-05-18T21:31:18.873+0300][11376][20632][info][gc,stats    ]       0 of   456 ms (  0.0%): <average total>
[2025-05-18T21:31:18.873+0300][11376][20632][info][gc,stats    ] 
[2025-05-18T21:31:18.873+0300][11376][20632][info][gc,metaspace] Metaspace: 8612K(9664K)->8612K(9664K) NonClass: 7761K(8384K)->7761K(8384K) Class: 850K(1280K)->850K(1280K)
[2025-05-18T21:31:18.873+0300][11376][20632][info][gc,ergo     ] Pacer for Idle. Initial: 83886K, Alloc Tax Rate: 1.0x
[2025-05-18T21:31:19.267+0300][11376][20632][info][gc          ] Trigger: Learning 4 of 5. Free (2859M) is below initial threshold (2867M)
[2025-05-18T21:31:19.267+0300][11376][20632][info][gc,ergo     ] Free: 2859M, Max: 2048K regular, 2856M humongous, Frag: 0% external, 0% internal; Reserve: 206M, Max: 2048K
[2025-05-18T21:31:19.267+0300][11376][20632][info][gc,start    ] GC(23) Concurrent reset
[2025-05-18T21:31:19.267+0300][11376][20632][info][gc,task     ] GC(23) Using 2 of 4 workers for concurrent reset
[2025-05-18T21:31:19.267+0300][11376][20632][info][gc,ergo     ] GC(23) Pacer for Reset. Non-Taxable: 4096M
[2025-05-18T21:31:19.267+0300][11376][20632][info][gc          ] GC(23) Concurrent reset 0.670ms
[2025-05-18T21:31:19.268+0300][11376][5460 ][info][gc,start    ] GC(23) Pause Init Mark (unload classes)
[2025-05-18T21:31:19.268+0300][11376][5460 ][info][gc,task     ] GC(23) Using 4 of 4 workers for init marking
[2025-05-18T21:31:19.268+0300][11376][5460 ][info][gc,ergo     ] GC(23) Pacer for Mark. Expected Live: 10359K, Free: 2859M, Non-Taxable: 285M, Alloc Tax Rate: 0.0x
[2025-05-18T21:31:19.268+0300][11376][5460 ][info][gc          ] GC(23) Pause Init Mark (unload classes) 0.145ms
[2025-05-18T21:31:19.268+0300][11376][20632][info][gc,start    ] GC(23) Concurrent marking roots
[2025-05-18T21:31:19.268+0300][11376][20632][info][gc,task     ] GC(23) Using 2 of 4 workers for concurrent marking roots
[2025-05-18T21:31:19.268+0300][11376][20632][info][gc          ] GC(23) Concurrent marking roots 0.232ms
[2025-05-18T21:31:19.268+0300][11376][20632][info][gc,start    ] GC(23) Concurrent marking (unload classes)
[2025-05-18T21:31:19.268+0300][11376][20632][info][gc,task     ] GC(23) Using 2 of 4 workers for concurrent marking
[2025-05-18T21:31:19.277+0300][11376][20632][info][gc          ] GC(23) Concurrent marking (unload classes) 9.092ms
[2025-05-18T21:31:19.278+0300][11376][5460 ][info][gc,start    ] GC(23) Pause Final Mark (unload classes)
[2025-05-18T21:31:19.280+0300][11376][5460 ][info][gc,task     ] GC(23) Using 4 of 4 workers for final marking
[2025-05-18T21:31:19.280+0300][11376][5460 ][info][gc,ergo     ] GC(23) Adaptive CSet Selection. Target Free: 580M, Actual Free: 3850M, Max CSet: 170M, Min Garbage: 0B
[2025-05-18T21:31:19.280+0300][11376][5460 ][info][gc,ergo     ] GC(23) Collectable Garbage: 1012M (99%), Immediate: 812M (80%), CSet: 200M (19%)
[2025-05-18T21:31:19.280+0300][11376][5460 ][info][gc,ergo     ] GC(23) Pacer for Evacuation. Used CSet: 202M, Free: 3647M, Non-Taxable: 364M, Alloc Tax Rate: 1.1x
[2025-05-18T21:31:19.280+0300][11376][5460 ][info][gc          ] GC(23) Pause Final Mark (unload classes) 2.149ms
[2025-05-18T21:31:19.280+0300][11376][20632][info][gc,start    ] GC(23) Concurrent thread roots
[2025-05-18T21:31:19.280+0300][11376][20632][info][gc,task     ] GC(23) Using 2 of 4 workers for Concurrent thread roots
[2025-05-18T21:31:19.280+0300][11376][20632][info][gc          ] GC(23) Concurrent thread roots 0.260ms
[2025-05-18T21:31:19.281+0300][11376][20632][info][gc,start    ] GC(23) Concurrent weak references
[2025-05-18T21:31:19.281+0300][11376][20632][info][gc,task     ] GC(23) Using 2 of 4 workers for concurrent weak references
[2025-05-18T21:31:19.281+0300][11376][20632][info][gc,ref      ] GC(23) Encountered references: Soft: 152, Weak: 876, Final: 3, Phantom: 50
[2025-05-18T21:31:19.281+0300][11376][20632][info][gc,ref      ] GC(23) Discovered  references: Soft: 0, Weak: 479, Final: 1, Phantom: 36
[2025-05-18T21:31:19.281+0300][11376][20632][info][gc,ref      ] GC(23) Enqueued    references: Soft: 0, Weak: 180, Final: 0, Phantom: 0
[2025-05-18T21:31:19.281+0300][11376][20632][info][gc          ] GC(23) Concurrent weak references 0.272ms
[2025-05-18T21:31:19.281+0300][11376][20632][info][gc,start    ] GC(23) Concurrent weak roots
[2025-05-18T21:31:19.281+0300][11376][20632][info][gc,task     ] GC(23) Using 2 of 4 workers for concurrent weak root
[2025-05-18T21:31:19.299+0300][11376][20632][info][gc          ] GC(23) Concurrent weak roots 18.111ms
[2025-05-18T21:31:19.299+0300][11376][20632][info][gc,start    ] GC(23) Concurrent cleanup
[2025-05-18T21:31:19.299+0300][11376][20632][info][gc          ] GC(23) Concurrent cleanup 1071M->259M(4096M) 0.102ms
[2025-05-18T21:31:19.299+0300][11376][20632][info][gc,ergo     ] GC(23) Free: 3625M, Max: 2048K regular, 2810M humongous, Frag: 23% external, 0% internal; Reserve: 204M, Max: 2048K
[2025-05-18T21:31:19.299+0300][11376][20632][info][gc,start    ] GC(23) Concurrent class unloading
[2025-05-18T21:31:19.299+0300][11376][20632][info][gc,task     ] GC(23) Using 2 of 4 workers for concurrent class unloading
[2025-05-18T21:31:19.315+0300][11376][20632][info][gc          ] GC(23) Concurrent class unloading 15.075ms
[2025-05-18T21:31:19.315+0300][11376][20632][info][gc,start    ] GC(23) Concurrent strong roots
[2025-05-18T21:31:19.315+0300][11376][20632][info][gc,task     ] GC(23) Using 2 of 4 workers for concurrent strong root
[2025-05-18T21:31:19.315+0300][11376][20632][info][gc          ] GC(23) Concurrent strong roots 0.457ms
[2025-05-18T21:31:19.315+0300][11376][20632][info][gc,start    ] GC(23) Concurrent evacuation
[2025-05-18T21:31:19.315+0300][11376][20632][info][gc,task     ] GC(23) Using 2 of 4 workers for concurrent evacuation
[2025-05-18T21:31:19.317+0300][11376][20632][info][gc          ] GC(23) Concurrent evacuation 1.709ms
[2025-05-18T21:31:19.317+0300][11376][5460 ][info][gc,start    ] GC(23) Pause Init Update Refs
[2025-05-18T21:31:19.317+0300][11376][5460 ][info][gc,ergo     ] GC(23) Pacer for Update Refs. Used: 277M, Free: 3607M, Non-Taxable: 360M, Alloc Tax Rate: 1.1x
[2025-05-18T21:31:19.317+0300][11376][5460 ][info][gc          ] GC(23) Pause Init Update Refs 0.108ms
[2025-05-18T21:31:19.317+0300][11376][20632][info][gc,start    ] GC(23) Concurrent update references
[2025-05-18T21:31:19.318+0300][11376][20632][info][gc,task     ] GC(23) Using 2 of 4 workers for concurrent reference update
[2025-05-18T21:31:19.324+0300][11376][20632][info][gc          ] GC(23) Concurrent update references 7.288ms
[2025-05-18T21:31:19.324+0300][11376][20632][info][gc,start    ] GC(23) Concurrent update thread roots
[2025-05-18T21:31:19.325+0300][11376][20632][info][gc          ] GC(23) Concurrent update thread roots 0.202ms
[2025-05-18T21:31:19.325+0300][11376][5460 ][info][gc,start    ] GC(23) Pause Final Update Refs
[2025-05-18T21:31:19.325+0300][11376][5460 ][info][gc,task     ] GC(23) Using 4 of 4 workers for final reference update
[2025-05-18T21:31:19.325+0300][11376][5460 ][info][gc          ] GC(23) Pause Final Update Refs 0.151ms
[2025-05-18T21:31:19.325+0300][11376][20632][info][gc,start    ] GC(23) Concurrent cleanup
[2025-05-18T21:31:19.325+0300][11376][20632][info][gc          ] GC(23) Concurrent cleanup 283M->81M(4096M) 0.087ms
[2025-05-18T21:31:19.325+0300][11376][20632][info][gc,ergo     ] Free: 3802M, Max: 2048K regular, 2810M humongous, Frag: 27% external, 0% internal; Reserve: 206M, Max: 2048K
[2025-05-18T21:31:19.325+0300][11376][20632][info][gc,stats    ] 
[2025-05-18T21:31:19.325+0300][11376][20632][info][gc,stats    ] All times are wall-clock times, except per-root-class counters, that are sum over
[2025-05-18T21:31:19.325+0300][11376][20632][info][gc,stats    ] all workers. Dividing the <total> over the root stage time estimates parallelism.
[2025-05-18T21:31:19.325+0300][11376][20632][info][gc,stats    ] 
[2025-05-18T21:31:19.325+0300][11376][20632][info][gc,stats    ] Concurrent Reset                    742 us
[2025-05-18T21:31:19.325+0300][11376][20632][info][gc,stats    ] Pause Init Mark (G)                 324 us
[2025-05-18T21:31:19.325+0300][11376][20632][info][gc,stats    ] Pause Init Mark (N)                 168 us
[2025-05-18T21:31:19.325+0300][11376][20632][info][gc,stats    ]   Update Region States               22 us
[2025-05-18T21:31:19.325+0300][11376][20632][info][gc,stats    ] Concurrent Mark Roots               265 us, parallelism: 0.80x
[2025-05-18T21:31:19.325+0300][11376][20632][info][gc,stats    ]   CMR: <total>                      213 us
[2025-05-18T21:31:19.325+0300][11376][20632][info][gc,stats    ]   CMR: Thread Roots                 123 us, workers (us):  27,  96, ---, ---, 
[2025-05-18T21:31:19.325+0300][11376][20632][info][gc,stats    ]   CMR: VM Strong Roots               11 us, workers (us):   6,   6, ---, ---, 
[2025-05-18T21:31:19.325+0300][11376][20632][info][gc,stats    ]   CMR: CLDG Roots                    79 us, workers (us):  79, ---, ---, ---, 
[2025-05-18T21:31:19.325+0300][11376][20632][info][gc,stats    ] Concurrent Marking                 9166 us
[2025-05-18T21:31:19.325+0300][11376][20632][info][gc,stats    ] Pause Final Mark (G)               3000 us
[2025-05-18T21:31:19.326+0300][11376][20632][info][gc,stats    ] Pause Final Mark (N)               2199 us
[2025-05-18T21:31:19.326+0300][11376][20632][info][gc,stats    ]   Finish Mark                        59 us
[2025-05-18T21:31:19.326+0300][11376][20632][info][gc,stats    ]   Update Region States               28 us
[2025-05-18T21:31:19.326+0300][11376][20632][info][gc,stats    ]   Choose Collection Set             105 us
[2025-05-18T21:31:19.326+0300][11376][20632][info][gc,stats    ]   Rebuild Free Set                   26 us
[2025-05-18T21:31:19.326+0300][11376][20632][info][gc,stats    ] Concurrent Thread Roots             295 us, parallelism: 0.96x
[2025-05-18T21:31:19.326+0300][11376][20632][info][gc,stats    ]   CTR: <total>                      284 us
[2025-05-18T21:31:19.326+0300][11376][20632][info][gc,stats    ]   CTR: Thread Roots                 284 us, workers (us): 138, 146, ---, ---, 
[2025-05-18T21:31:19.326+0300][11376][20632][info][gc,stats    ] Concurrent Weak References          299 us, parallelism: 0.50x
[2025-05-18T21:31:19.326+0300][11376][20632][info][gc,stats    ]   CWRF: <total>                     148 us
[2025-05-18T21:31:19.326+0300][11376][20632][info][gc,stats    ]   CWRF: Weak References             148 us, workers (us):  67,  81, ---, ---, 
[2025-05-18T21:31:19.326+0300][11376][20632][info][gc,stats    ] Concurrent Weak Roots             18195 us
[2025-05-18T21:31:19.326+0300][11376][20632][info][gc,stats    ]   Roots                             815 us, parallelism: 1.84x
[2025-05-18T21:31:19.326+0300][11376][20632][info][gc,stats    ]     CWR: <total>                   1496 us
[2025-05-18T21:31:19.326+0300][11376][20632][info][gc,stats    ]     CWR: Code Cache Roots          1051 us, workers (us): 546, 505, ---, ---, 
[2025-05-18T21:31:19.326+0300][11376][20632][info][gc,stats    ]     CWR: VM Weak Roots              437 us, workers (us): 222, 214, ---, ---, 
[2025-05-18T21:31:19.326+0300][11376][20632][info][gc,stats    ]     CWR: CLDG Roots                   9 us, workers (us): ---,   9, ---, ---, 
[2025-05-18T21:31:19.326+0300][11376][20632][info][gc,stats    ]   Rendezvous                      17244 us
[2025-05-18T21:31:19.326+0300][11376][20632][info][gc,stats    ] Concurrent Cleanup                  136 us
[2025-05-18T21:31:19.326+0300][11376][20632][info][gc,stats    ] Concurrent Class Unloading        15238 us
[2025-05-18T21:31:19.326+0300][11376][20632][info][gc,stats    ]   Unlink Stale                     4645 us
[2025-05-18T21:31:19.326+0300][11376][20632][info][gc,stats    ]     System Dictionary                15 us
[2025-05-18T21:31:19.326+0300][11376][20632][info][gc,stats    ]     Weak Class Links                  0 us
[2025-05-18T21:31:19.326+0300][11376][20632][info][gc,stats    ]     Code Roots                     4627 us
[2025-05-18T21:31:19.326+0300][11376][20632][info][gc,stats    ]   Rendezvous                      10334 us
[2025-05-18T21:31:19.326+0300][11376][20632][info][gc,stats    ]   Purge Unlinked                     25 us
[2025-05-18T21:31:19.326+0300][11376][20632][info][gc,stats    ]     Code Roots                       11 us
[2025-05-18T21:31:19.326+0300][11376][20632][info][gc,stats    ]     CLDG                             13 us
[2025-05-18T21:31:19.326+0300][11376][20632][info][gc,stats    ]     Exception Caches                  0 us
[2025-05-18T21:31:19.326+0300][11376][20632][info][gc,stats    ] Concurrent Strong Roots             536 us, parallelism: 0.60x
[2025-05-18T21:31:19.326+0300][11376][20632][info][gc,stats    ]   CSR: <total>                      323 us
[2025-05-18T21:31:19.326+0300][11376][20632][info][gc,stats    ]   CSR: VM Strong Roots               19 us, workers (us):   9,  10, ---, ---, 
[2025-05-18T21:31:19.326+0300][11376][20632][info][gc,stats    ]   CSR: CLDG Roots                   304 us, workers (us): 304, ---, ---, ---, 
[2025-05-18T21:31:19.326+0300][11376][20632][info][gc,stats    ] Concurrent Evacuation              1780 us
[2025-05-18T21:31:19.326+0300][11376][20632][info][gc,stats    ] Pause Init Update Refs (G)          274 us
[2025-05-18T21:31:19.326+0300][11376][20632][info][gc,stats    ] Pause Init Update Refs (N)          132 us
[2025-05-18T21:31:19.326+0300][11376][20632][info][gc,stats    ]   Manage GCLABs                       6 us
[2025-05-18T21:31:19.326+0300][11376][20632][info][gc,stats    ] Concurrent Update Refs             7364 us
[2025-05-18T21:31:19.326+0300][11376][20632][info][gc,stats    ] Concurrent Update Thread Roots      231 us
[2025-05-18T21:31:19.326+0300][11376][20632][info][gc,stats    ] Pause Final Update Refs (G)         284 us
[2025-05-18T21:31:19.326+0300][11376][20632][info][gc,stats    ] Pause Final Update Refs (N)         178 us
[2025-05-18T21:31:19.326+0300][11376][20632][info][gc,stats    ]   Update Region States               34 us
[2025-05-18T21:31:19.326+0300][11376][20632][info][gc,stats    ]   Trash Collection Set                6 us
[2025-05-18T21:31:19.327+0300][11376][20632][info][gc,stats    ]   Rebuild Free Set                   22 us
[2025-05-18T21:31:19.327+0300][11376][20632][info][gc,stats    ] Concurrent Cleanup                  117 us
[2025-05-18T21:31:19.327+0300][11376][20632][info][gc,stats    ] 
[2025-05-18T21:31:19.327+0300][11376][20632][info][gc,stats    ] Allocation pacing accrued:
[2025-05-18T21:31:19.327+0300][11376][20632][info][gc,stats    ]       0 of   455 ms (  0.0%): <total>
[2025-05-18T21:31:19.327+0300][11376][20632][info][gc,stats    ]       0 of   455 ms (  0.0%): <average total>
[2025-05-18T21:31:19.327+0300][11376][20632][info][gc,stats    ] 
[2025-05-18T21:31:19.327+0300][11376][20632][info][gc,metaspace] Metaspace: 8612K(9664K)->8612K(9664K) NonClass: 7761K(8384K)->7761K(8384K) Class: 850K(1280K)->850K(1280K)
[2025-05-18T21:31:19.327+0300][11376][20632][info][gc,ergo     ] Pacer for Idle. Initial: 83886K, Alloc Tax Rate: 1.0x
[2025-05-18T21:31:19.736+0300][11376][20632][info][gc          ] Trigger: Learning 5 of 5. Free (2858M) is below initial threshold (2867M)
[2025-05-18T21:31:19.736+0300][11376][20632][info][gc,ergo     ] Free: 2858M, Max: 2048K regular, 2810M humongous, Frag: 2% external, 0% internal; Reserve: 206M, Max: 2048K
[2025-05-18T21:31:19.736+0300][11376][20632][info][gc,start    ] GC(24) Concurrent reset
[2025-05-18T21:31:19.736+0300][11376][20632][info][gc,task     ] GC(24) Using 2 of 4 workers for concurrent reset
[2025-05-18T21:31:19.736+0300][11376][20632][info][gc,ergo     ] GC(24) Pacer for Reset. Non-Taxable: 4096M
[2025-05-18T21:31:19.736+0300][11376][20632][info][gc          ] GC(24) Concurrent reset 0.748ms
[2025-05-18T21:31:19.737+0300][11376][5460 ][info][gc,start    ] GC(24) Pause Init Mark (unload classes)
[2025-05-18T21:31:19.737+0300][11376][5460 ][info][gc,task     ] GC(24) Using 4 of 4 workers for init marking
[2025-05-18T21:31:19.737+0300][11376][5460 ][info][gc,ergo     ] GC(24) Pacer for Mark. Expected Live: 10353K, Free: 2856M, Non-Taxable: 285M, Alloc Tax Rate: 0.0x
[2025-05-18T21:31:19.737+0300][11376][5460 ][info][gc          ] GC(24) Pause Init Mark (unload classes) 0.142ms
[2025-05-18T21:31:19.737+0300][11376][20632][info][gc,start    ] GC(24) Concurrent marking roots
[2025-05-18T21:31:19.737+0300][11376][20632][info][gc,task     ] GC(24) Using 2 of 4 workers for concurrent marking roots
[2025-05-18T21:31:19.737+0300][11376][20632][info][gc          ] GC(24) Concurrent marking roots 0.245ms
[2025-05-18T21:31:19.737+0300][11376][20632][info][gc,start    ] GC(24) Concurrent marking (unload classes)
[2025-05-18T21:31:19.737+0300][11376][20632][info][gc,task     ] GC(24) Using 2 of 4 workers for concurrent marking
[2025-05-18T21:31:19.752+0300][11376][20632][info][gc          ] GC(24) Concurrent marking (unload classes) 14.864ms
[2025-05-18T21:31:19.752+0300][11376][5460 ][info][gc,start    ] GC(24) Pause Final Mark (unload classes)
[2025-05-18T21:31:19.752+0300][11376][5460 ][info][gc,task     ] GC(24) Using 4 of 4 workers for final marking
[2025-05-18T21:31:19.752+0300][11376][5460 ][info][gc,ergo     ] GC(24) Adaptive CSet Selection. Target Free: 580M, Actual Free: 3824M, Max CSet: 170M, Min Garbage: 0B
[2025-05-18T21:31:19.752+0300][11376][5460 ][info][gc,ergo     ] GC(24) Collectable Garbage: 1016M (99%), Immediate: 810M (79%), CSet: 206M (20%)
[2025-05-18T21:31:19.752+0300][11376][5460 ][info][gc,ergo     ] GC(24) Pacer for Evacuation. Used CSet: 207M, Free: 3621M, Non-Taxable: 362M, Alloc Tax Rate: 1.1x
[2025-05-18T21:31:19.752+0300][11376][5460 ][info][gc          ] GC(24) Pause Final Mark (unload classes) 0.302ms
[2025-05-18T21:31:19.752+0300][11376][20632][info][gc,start    ] GC(24) Concurrent thread roots
[2025-05-18T21:31:19.752+0300][11376][20632][info][gc,task     ] GC(24) Using 2 of 4 workers for Concurrent thread roots
[2025-05-18T21:31:19.753+0300][11376][20632][info][gc          ] GC(24) Concurrent thread roots 0.274ms
[2025-05-18T21:31:19.753+0300][11376][20632][info][gc,start    ] GC(24) Concurrent weak references
[2025-05-18T21:31:19.753+0300][11376][20632][info][gc,task     ] GC(24) Using 2 of 4 workers for concurrent weak references
[2025-05-18T21:31:19.753+0300][11376][20632][info][gc,ref      ] GC(24) Encountered references: Soft: 152, Weak: 871, Final: 3, Phantom: 49
[2025-05-18T21:31:19.753+0300][11376][20632][info][gc,ref      ] GC(24) Discovered  references: Soft: 0, Weak: 366, Final: 1, Phantom: 36
[2025-05-18T21:31:19.753+0300][11376][20632][info][gc,ref      ] GC(24) Enqueued    references: Soft: 0, Weak: 178, Final: 0, Phantom: 0
[2025-05-18T21:31:19.753+0300][11376][20632][info][gc          ] GC(24) Concurrent weak references 0.237ms
[2025-05-18T21:31:19.753+0300][11376][20632][info][gc,start    ] GC(24) Concurrent weak roots
[2025-05-18T21:31:19.753+0300][11376][20632][info][gc,task     ] GC(24) Using 2 of 4 workers for concurrent weak root
[2025-05-18T21:31:19.767+0300][11376][20632][info][gc          ] GC(24) Concurrent weak roots 13.783ms
[2025-05-18T21:31:19.767+0300][11376][20632][info][gc,start    ] GC(24) Concurrent cleanup
[2025-05-18T21:31:19.767+0300][11376][20632][info][gc          ] GC(24) Concurrent cleanup 1106M->296M(4096M) 0.093ms
[2025-05-18T21:31:19.767+0300][11376][20632][info][gc,ergo     ] GC(24) Free: 3587M, Max: 2048K regular, 2774M humongous, Frag: 23% external, 0% internal; Reserve: 205M, Max: 2048K
[2025-05-18T21:31:19.767+0300][11376][20632][info][gc,start    ] GC(24) Concurrent class unloading
[2025-05-18T21:31:19.767+0300][11376][20632][info][gc,task     ] GC(24) Using 2 of 4 workers for concurrent class unloading
[2025-05-18T21:31:19.772+0300][11376][20632][info][gc          ] GC(24) Concurrent class unloading 5.108ms
[2025-05-18T21:31:19.772+0300][11376][20632][info][gc,start    ] GC(24) Concurrent strong roots
[2025-05-18T21:31:19.772+0300][11376][20632][info][gc,task     ] GC(24) Using 2 of 4 workers for concurrent strong root
[2025-05-18T21:31:19.772+0300][11376][20632][info][gc          ] GC(24) Concurrent strong roots 0.274ms
[2025-05-18T21:31:19.772+0300][11376][20632][info][gc,start    ] GC(24) Concurrent evacuation
[2025-05-18T21:31:19.772+0300][11376][20632][info][gc,task     ] GC(24) Using 2 of 4 workers for concurrent evacuation
[2025-05-18T21:31:19.774+0300][11376][20632][info][gc          ] GC(24) Concurrent evacuation 1.248ms
[2025-05-18T21:31:19.774+0300][11376][5460 ][info][gc,start    ] GC(24) Pause Init Update Refs
[2025-05-18T21:31:19.774+0300][11376][5460 ][info][gc,ergo     ] GC(24) Pacer for Update Refs. Used: 311M, Free: 3573M, Non-Taxable: 357M, Alloc Tax Rate: 1.1x
[2025-05-18T21:31:19.774+0300][11376][5460 ][info][gc          ] GC(24) Pause Init Update Refs 0.076ms
[2025-05-18T21:31:19.774+0300][11376][20632][info][gc,start    ] GC(24) Concurrent update references
[2025-05-18T21:31:19.774+0300][11376][20632][info][gc,task     ] GC(24) Using 2 of 4 workers for concurrent reference update
[2025-05-18T21:31:19.785+0300][11376][20632][info][gc          ] GC(24) Concurrent update references 11.432ms
[2025-05-18T21:31:19.785+0300][11376][20632][info][gc,start    ] GC(24) Concurrent update thread roots
[2025-05-18T21:31:19.789+0300][11376][20632][info][gc          ] GC(24) Concurrent update thread roots 3.195ms
[2025-05-18T21:31:19.789+0300][11376][5460 ][info][gc,start    ] GC(24) Pause Final Update Refs
[2025-05-18T21:31:19.789+0300][11376][5460 ][info][gc,task     ] GC(24) Using 4 of 4 workers for final reference update
[2025-05-18T21:31:19.789+0300][11376][5460 ][info][gc          ] GC(24) Pause Final Update Refs 0.180ms
[2025-05-18T21:31:19.789+0300][11376][20632][info][gc,start    ] GC(24) Concurrent cleanup
[2025-05-18T21:31:19.789+0300][11376][20632][info][gc          ] GC(24) Concurrent cleanup 341M->133M(4096M) 0.081ms
[2025-05-18T21:31:19.789+0300][11376][20632][info][gc,ergo     ] Free: 3750M, Max: 2048K regular, 2774M humongous, Frag: 26% external, 0% internal; Reserve: 206M, Max: 2048K
[2025-05-18T21:31:19.789+0300][11376][20632][info][gc,stats    ] 
[2025-05-18T21:31:19.789+0300][11376][20632][info][gc,stats    ] All times are wall-clock times, except per-root-class counters, that are sum over
[2025-05-18T21:31:19.789+0300][11376][20632][info][gc,stats    ] all workers. Dividing the <total> over the root stage time estimates parallelism.
[2025-05-18T21:31:19.789+0300][11376][20632][info][gc,stats    ] 
[2025-05-18T21:31:19.789+0300][11376][20632][info][gc,stats    ] Concurrent Reset                    797 us
[2025-05-18T21:31:19.789+0300][11376][20632][info][gc,stats    ] Pause Init Mark (G)                 355 us
[2025-05-18T21:31:19.789+0300][11376][20632][info][gc,stats    ] Pause Init Mark (N)                 165 us
[2025-05-18T21:31:19.789+0300][11376][20632][info][gc,stats    ]   Update Region States               16 us
[2025-05-18T21:31:19.789+0300][11376][20632][info][gc,stats    ] Concurrent Mark Roots               282 us, parallelism: 0.83x
[2025-05-18T21:31:19.789+0300][11376][20632][info][gc,stats    ]   CMR: <total>                      234 us
[2025-05-18T21:31:19.789+0300][11376][20632][info][gc,stats    ]   CMR: Thread Roots                 138 us, workers (us):   5, 134, ---, ---, 
[2025-05-18T21:31:19.789+0300][11376][20632][info][gc,stats    ]   CMR: VM Strong Roots               11 us, workers (us):   6,   6, ---, ---, 
[2025-05-18T21:31:19.789+0300][11376][20632][info][gc,stats    ]   CMR: CLDG Roots                    84 us, workers (us):  84, ---, ---, ---, 
[2025-05-18T21:31:19.790+0300][11376][20632][info][gc,stats    ] Concurrent Marking                14922 us
[2025-05-18T21:31:19.790+0300][11376][20632][info][gc,stats    ] Pause Final Mark (G)                425 us
[2025-05-18T21:31:19.790+0300][11376][20632][info][gc,stats    ] Pause Final Mark (N)                318 us
[2025-05-18T21:31:19.790+0300][11376][20632][info][gc,stats    ]   Finish Mark                        44 us
[2025-05-18T21:31:19.790+0300][11376][20632][info][gc,stats    ]   Update Region States               38 us
[2025-05-18T21:31:19.790+0300][11376][20632][info][gc,stats    ]   Choose Collection Set              91 us
[2025-05-18T21:31:19.790+0300][11376][20632][info][gc,stats    ]   Rebuild Free Set                   22 us
[2025-05-18T21:31:19.790+0300][11376][20632][info][gc,stats    ] Concurrent Thread Roots             312 us, parallelism: 0.88x
[2025-05-18T21:31:19.790+0300][11376][20632][info][gc,stats    ]   CTR: <total>                      275 us
[2025-05-18T21:31:19.790+0300][11376][20632][info][gc,stats    ]   CTR: Thread Roots                 275 us, workers (us): 158, 117, ---, ---, 
[2025-05-18T21:31:19.790+0300][11376][20632][info][gc,stats    ] Concurrent Weak References          266 us, parallelism: 0.38x
[2025-05-18T21:31:19.790+0300][11376][20632][info][gc,stats    ]   CWRF: <total>                     102 us
[2025-05-18T21:31:19.790+0300][11376][20632][info][gc,stats    ]   CWRF: Weak References             102 us, workers (us):  27,  75, ---, ---, 
[2025-05-18T21:31:19.790+0300][11376][20632][info][gc,stats    ] Concurrent Weak Roots             13857 us
[2025-05-18T21:31:19.790+0300][11376][20632][info][gc,stats    ]   Roots                             790 us, parallelism: 1.84x
[2025-05-18T21:31:19.790+0300][11376][20632][info][gc,stats    ]     CWR: <total>                   1452 us
[2025-05-18T21:31:19.790+0300][11376][20632][info][gc,stats    ]     CWR: Code Cache Roots          1029 us, workers (us): 536, 492, ---, ---, 
[2025-05-18T21:31:19.790+0300][11376][20632][info][gc,stats    ]     CWR: VM Weak Roots              417 us, workers (us): 203, 214, ---, ---, 
[2025-05-18T21:31:19.790+0300][11376][20632][info][gc,stats    ]     CWR: CLDG Roots                   7 us, workers (us):   7, ---, ---, ---, 
[2025-05-18T21:31:19.790+0300][11376][20632][info][gc,stats    ]   Rendezvous                      12940 us
[2025-05-18T21:31:19.790+0300][11376][20632][info][gc,stats    ] Concurrent Cleanup                  122 us
[2025-05-18T21:31:19.790+0300][11376][20632][info][gc,stats    ] Concurrent Class Unloading         5168 us
[2025-05-18T21:31:19.790+0300][11376][20632][info][gc,stats    ]   Unlink Stale                     2403 us
[2025-05-18T21:31:19.790+0300][11376][20632][info][gc,stats    ]     System Dictionary                17 us
[2025-05-18T21:31:19.790+0300][11376][20632][info][gc,stats    ]     Weak Class Links                  0 us
[2025-05-18T21:31:19.790+0300][11376][20632][info][gc,stats    ]     Code Roots                     2384 us
[2025-05-18T21:31:19.790+0300][11376][20632][info][gc,stats    ]   Rendezvous                       2583 us
[2025-05-18T21:31:19.790+0300][11376][20632][info][gc,stats    ]   Purge Unlinked                     69 us
[2025-05-18T21:31:19.790+0300][11376][20632][info][gc,stats    ]     Code Roots                       61 us
[2025-05-18T21:31:19.790+0300][11376][20632][info][gc,stats    ]     CLDG                              8 us
[2025-05-18T21:31:19.790+0300][11376][20632][info][gc,stats    ]     Exception Caches                  0 us
[2025-05-18T21:31:19.790+0300][11376][20632][info][gc,stats    ] Concurrent Strong Roots             315 us, parallelism: 0.54x
[2025-05-18T21:31:19.790+0300][11376][20632][info][gc,stats    ]   CSR: <total>                      171 us
[2025-05-18T21:31:19.790+0300][11376][20632][info][gc,stats    ]   CSR: VM Strong Roots               12 us, workers (us):   7,   6, ---, ---, 
[2025-05-18T21:31:19.790+0300][11376][20632][info][gc,stats    ]   CSR: CLDG Roots                   159 us, workers (us): 159, ---, ---, ---, 
[2025-05-18T21:31:19.790+0300][11376][20632][info][gc,stats    ] Concurrent Evacuation              1298 us
[2025-05-18T21:31:19.790+0300][11376][20632][info][gc,stats    ] Pause Init Update Refs (G)          232 us
[2025-05-18T21:31:19.790+0300][11376][20632][info][gc,stats    ] Pause Init Update Refs (N)          105 us
[2025-05-18T21:31:19.790+0300][11376][20632][info][gc,stats    ]   Manage GCLABs                       6 us
[2025-05-18T21:31:19.790+0300][11376][20632][info][gc,stats    ] Concurrent Update Refs            11502 us
[2025-05-18T21:31:19.790+0300][11376][20632][info][gc,stats    ] Concurrent Update Thread Roots     3251 us
[2025-05-18T21:31:19.790+0300][11376][20632][info][gc,stats    ] Pause Final Update Refs (G)         410 us
[2025-05-18T21:31:19.790+0300][11376][20632][info][gc,stats    ] Pause Final Update Refs (N)         205 us
[2025-05-18T21:31:19.790+0300][11376][20632][info][gc,stats    ]   Update Region States               66 us
[2025-05-18T21:31:19.790+0300][11376][20632][info][gc,stats    ]   Trash Collection Set                6 us
[2025-05-18T21:31:19.791+0300][11376][20632][info][gc,stats    ]   Rebuild Free Set                   19 us
[2025-05-18T21:31:19.791+0300][11376][20632][info][gc,stats    ] Concurrent Cleanup                  112 us
[2025-05-18T21:31:19.791+0300][11376][20632][info][gc,stats    ] 
[2025-05-18T21:31:19.791+0300][11376][20632][info][gc,stats    ] Allocation pacing accrued:
[2025-05-18T21:31:19.791+0300][11376][20632][info][gc,stats    ]       0 of   464 ms (  0.0%): <total>
[2025-05-18T21:31:19.791+0300][11376][20632][info][gc,stats    ]       0 of   464 ms (  0.0%): <average total>
[2025-05-18T21:31:19.791+0300][11376][20632][info][gc,stats    ] 
[2025-05-18T21:31:19.791+0300][11376][20632][info][gc,metaspace] Metaspace: 8612K(9664K)->8612K(9664K) NonClass: 7761K(8384K)->7761K(8384K) Class: 850K(1280K)->850K(1280K)
[2025-05-18T21:31:19.791+0300][11376][20632][info][gc,ergo     ] Pacer for Idle. Initial: 83886K, Alloc Tax Rate: 1.0x
[2025-05-18T21:31:21.127+0300][11376][20632][info][gc          ] Trigger: Average GC time (87.12 ms) is above the time for average allocation rate (2798 MB/s) to deplete free headroom (215M) (margin of error = 1.81)
[2025-05-18T21:31:21.127+0300][11376][20632][info][gc,ergo     ] Free headroom: 419M (free) - 204M (spike) - 0B (penalties) = 215M
[2025-05-18T21:31:21.127+0300][11376][20632][info][gc,ergo     ] Free: 419M, Max: 2048K regular, 416M humongous, Frag: 0% external, 1% internal; Reserve: 206M, Max: 2048K
[2025-05-18T21:31:21.127+0300][11376][20632][info][gc,start    ] GC(25) Concurrent reset
[2025-05-18T21:31:21.127+0300][11376][20632][info][gc,task     ] GC(25) Using 2 of 4 workers for concurrent reset
[2025-05-18T21:31:21.127+0300][11376][20632][info][gc,ergo     ] GC(25) Pacer for Reset. Non-Taxable: 4096M
[2025-05-18T21:31:21.127+0300][11376][20632][info][gc          ] GC(25) Concurrent reset 0.635ms
[2025-05-18T21:31:21.128+0300][11376][5460 ][info][gc,start    ] GC(25) Pause Init Mark (unload classes)
[2025-05-18T21:31:21.128+0300][11376][5460 ][info][gc,task     ] GC(25) Using 4 of 4 workers for init marking
[2025-05-18T21:31:21.128+0300][11376][5460 ][info][gc,ergo     ] GC(25) Pacer for Mark. Expected Live: 10345K, Free: 419M, Non-Taxable: 42996K, Alloc Tax Rate: 0.0x
[2025-05-18T21:31:21.128+0300][11376][5460 ][info][gc          ] GC(25) Pause Init Mark (unload classes) 0.185ms
[2025-05-18T21:31:21.128+0300][11376][20632][info][gc,start    ] GC(25) Concurrent marking roots
[2025-05-18T21:31:21.128+0300][11376][20632][info][gc,task     ] GC(25) Using 2 of 4 workers for concurrent marking roots
[2025-05-18T21:31:21.128+0300][11376][20632][info][gc          ] GC(25) Concurrent marking roots 0.221ms
[2025-05-18T21:31:21.128+0300][11376][20632][info][gc,start    ] GC(25) Concurrent marking (unload classes)
[2025-05-18T21:31:21.128+0300][11376][20632][info][gc,task     ] GC(25) Using 2 of 4 workers for concurrent marking
[2025-05-18T21:31:21.139+0300][11376][20632][info][gc          ] GC(25) Concurrent marking (unload classes) 10.520ms
[2025-05-18T21:31:21.139+0300][11376][5460 ][info][gc,start    ] GC(25) Pause Final Mark (unload classes)
[2025-05-18T21:31:21.139+0300][11376][5460 ][info][gc,task     ] GC(25) Using 4 of 4 workers for final marking
[2025-05-18T21:31:21.139+0300][11376][5460 ][info][gc,ergo     ] GC(25) Adaptive CSet Selection. Target Free: 580M, Actual Free: 3398M, Max CSet: 170M, Min Garbage: 0B
[2025-05-18T21:31:21.139+0300][11376][5460 ][info][gc,ergo     ] GC(25) Collectable Garbage: 3452M (99%), Immediate: 2810M (81%), CSet: 642M (18%)
[2025-05-18T21:31:21.139+0300][11376][5460 ][info][gc,ergo     ] GC(25) Pacer for Evacuation. Used CSet: 643M, Free: 3195M, Non-Taxable: 319M, Alloc Tax Rate: 1.1x
[2025-05-18T21:31:21.139+0300][11376][5460 ][info][gc          ] GC(25) Pause Final Mark (unload classes) 0.425ms
[2025-05-18T21:31:21.139+0300][11376][20632][info][gc,start    ] GC(25) Concurrent thread roots
[2025-05-18T21:31:21.139+0300][11376][20632][info][gc,task     ] GC(25) Using 2 of 4 workers for Concurrent thread roots
[2025-05-18T21:31:21.142+0300][11376][20632][info][gc          ] GC(25) Concurrent thread roots 2.577ms
[2025-05-18T21:31:21.142+0300][11376][20632][info][gc,start    ] GC(25) Concurrent weak references
[2025-05-18T21:31:21.142+0300][11376][20632][info][gc,task     ] GC(25) Using 2 of 4 workers for concurrent weak references
[2025-05-18T21:31:21.142+0300][11376][20632][info][gc,ref      ] GC(25) Encountered references: Soft: 152, Weak: 1308, Final: 3, Phantom: 50
[2025-05-18T21:31:21.142+0300][11376][20632][info][gc,ref      ] GC(25) Discovered  references: Soft: 0, Weak: 806, Final: 1, Phantom: 39
[2025-05-18T21:31:21.142+0300][11376][20632][info][gc,ref      ] GC(25) Enqueued    references: Soft: 0, Weak: 612, Final: 0, Phantom: 0
[2025-05-18T21:31:21.142+0300][11376][20632][info][gc          ] GC(25) Concurrent weak references 0.402ms
[2025-05-18T21:31:21.142+0300][11376][20632][info][gc,start    ] GC(25) Concurrent weak roots
[2025-05-18T21:31:21.142+0300][11376][20632][info][gc,task     ] GC(25) Using 2 of 4 workers for concurrent weak root
[2025-05-18T21:31:21.145+0300][11376][20632][info][gc          ] GC(25) Concurrent weak roots 3.004ms
[2025-05-18T21:31:21.145+0300][11376][20632][info][gc,start    ] GC(25) Concurrent cleanup
[2025-05-18T21:31:21.146+0300][11376][20632][info][gc          ] GC(25) Concurrent cleanup 3515M->705M(4096M) 0.170ms
[2025-05-18T21:31:21.146+0300][11376][20632][info][gc,ergo     ] GC(25) Free: 3179M, Max: 2048K regular, 366M humongous, Frag: 89% external, 0% internal; Reserve: 204M, Max: 2048K
[2025-05-18T21:31:21.146+0300][11376][20632][info][gc,start    ] GC(25) Concurrent class unloading
[2025-05-18T21:31:21.146+0300][11376][20632][info][gc,task     ] GC(25) Using 2 of 4 workers for concurrent class unloading
[2025-05-18T21:31:21.152+0300][11376][20632][info][gc          ] GC(25) Concurrent class unloading 6.399ms
[2025-05-18T21:31:21.152+0300][11376][20632][info][gc,start    ] GC(25) Concurrent strong roots
[2025-05-18T21:31:21.152+0300][11376][20632][info][gc,task     ] GC(25) Using 2 of 4 workers for concurrent strong root
[2025-05-18T21:31:21.152+0300][11376][20632][info][gc          ] GC(25) Concurrent strong roots 0.254ms
[2025-05-18T21:31:21.152+0300][11376][20632][info][gc,start    ] GC(25) Concurrent evacuation
[2025-05-18T21:31:21.152+0300][11376][20632][info][gc,task     ] GC(25) Using 2 of 4 workers for concurrent evacuation
[2025-05-18T21:31:21.155+0300][11376][20632][info][gc          ] GC(25) Concurrent evacuation 2.815ms
[2025-05-18T21:31:21.155+0300][11376][5460 ][info][gc,start    ] GC(25) Pause Init Update Refs
[2025-05-18T21:31:21.155+0300][11376][5460 ][info][gc,ergo     ] GC(25) Pacer for Update Refs. Used: 732M, Free: 3153M, Non-Taxable: 315M, Alloc Tax Rate: 1.1x
[2025-05-18T21:31:21.155+0300][11376][5460 ][info][gc          ] GC(25) Pause Init Update Refs 0.089ms
[2025-05-18T21:31:21.156+0300][11376][20632][info][gc,start    ] GC(25) Concurrent update references
[2025-05-18T21:31:21.156+0300][11376][20632][info][gc,task     ] GC(25) Using 2 of 4 workers for concurrent reference update
[2025-05-18T21:31:21.164+0300][11376][20632][info][gc          ] GC(25) Concurrent update references 8.944ms
[2025-05-18T21:31:21.165+0300][11376][20632][info][gc,start    ] GC(25) Concurrent update thread roots
[2025-05-18T21:31:21.189+0300][11376][20632][info][gc          ] GC(25) Concurrent update thread roots 24.038ms
[2025-05-18T21:31:21.189+0300][11376][5460 ][info][gc,start    ] GC(25) Pause Final Update Refs
[2025-05-18T21:31:21.189+0300][11376][5460 ][info][gc,task     ] GC(25) Using 4 of 4 workers for final reference update
[2025-05-18T21:31:21.189+0300][11376][5460 ][info][gc          ] GC(25) Pause Final Update Refs 0.168ms
[2025-05-18T21:31:21.189+0300][11376][20632][info][gc,start    ] GC(25) Concurrent cleanup
[2025-05-18T21:31:21.189+0300][11376][20632][info][gc          ] GC(25) Concurrent cleanup 808M->164M(4096M) 0.113ms
[2025-05-18T21:31:21.189+0300][11376][20632][info][gc,ergo     ] Free: 3719M, Max: 2048K regular, 3328M humongous, Frag: 11% external, 0% internal; Reserve: 206M, Max: 2048K
[2025-05-18T21:31:21.189+0300][11376][20632][info][gc,stats    ] 
[2025-05-18T21:31:21.189+0300][11376][20632][info][gc,stats    ] All times are wall-clock times, except per-root-class counters, that are sum over
[2025-05-18T21:31:21.189+0300][11376][20632][info][gc,stats    ] all workers. Dividing the <total> over the root stage time estimates parallelism.
[2025-05-18T21:31:21.189+0300][11376][20632][info][gc,stats    ] 
[2025-05-18T21:31:21.189+0300][11376][20632][info][gc,stats    ] Concurrent Reset                    696 us
[2025-05-18T21:31:21.189+0300][11376][20632][info][gc,stats    ] Pause Init Mark (G)                 341 us
[2025-05-18T21:31:21.189+0300][11376][20632][info][gc,stats    ] Pause Init Mark (N)                 206 us
[2025-05-18T21:31:21.189+0300][11376][20632][info][gc,stats    ]   Update Region States               51 us
[2025-05-18T21:31:21.189+0300][11376][20632][info][gc,stats    ] Concurrent Mark Roots               253 us, parallelism: 0.69x
[2025-05-18T21:31:21.189+0300][11376][20632][info][gc,stats    ]   CMR: <total>                      175 us
[2025-05-18T21:31:21.189+0300][11376][20632][info][gc,stats    ]   CMR: Thread Roots                  85 us, workers (us):   4,  81, ---, ---, 
[2025-05-18T21:31:21.189+0300][11376][20632][info][gc,stats    ]   CMR: VM Strong Roots               11 us, workers (us):   5,   6, ---, ---, 
[2025-05-18T21:31:21.190+0300][11376][20632][info][gc,stats    ]   CMR: CLDG Roots                    79 us, workers (us):  79, ---, ---, ---, 
[2025-05-18T21:31:21.190+0300][11376][20632][info][gc,stats    ] Concurrent Marking                10593 us
[2025-05-18T21:31:21.190+0300][11376][20632][info][gc,stats    ] Pause Final Mark (G)                625 us
[2025-05-18T21:31:21.190+0300][11376][20632][info][gc,stats    ] Pause Final Mark (N)                450 us
[2025-05-18T21:31:21.190+0300][11376][20632][info][gc,stats    ]   Finish Mark                        59 us
[2025-05-18T21:31:21.190+0300][11376][20632][info][gc,stats    ]   Update Region States               49 us
[2025-05-18T21:31:21.190+0300][11376][20632][info][gc,stats    ]   Choose Collection Set             167 us
[2025-05-18T21:31:21.190+0300][11376][20632][info][gc,stats    ]   Rebuild Free Set                   26 us
[2025-05-18T21:31:21.190+0300][11376][20632][info][gc,stats    ] Concurrent Thread Roots            2632 us, parallelism: 0.96x
[2025-05-18T21:31:21.190+0300][11376][20632][info][gc,stats    ]   CTR: <total>                     2537 us
[2025-05-18T21:31:21.190+0300][11376][20632][info][gc,stats    ]   CTR: Thread Roots                2537 us, workers (us):  68, 2469, ---, ---, 
[2025-05-18T21:31:21.190+0300][11376][20632][info][gc,stats    ] Concurrent Weak References          429 us, parallelism: 0.59x
[2025-05-18T21:31:21.190+0300][11376][20632][info][gc,stats    ]   CWRF: <total>                     255 us
[2025-05-18T21:31:21.190+0300][11376][20632][info][gc,stats    ]   CWRF: Weak References             255 us, workers (us): 231,  23, ---, ---, 
[2025-05-18T21:31:21.190+0300][11376][20632][info][gc,stats    ] Concurrent Weak Roots              3060 us
[2025-05-18T21:31:21.190+0300][11376][20632][info][gc,stats    ]   Roots                             821 us, parallelism: 1.84x
[2025-05-18T21:31:21.190+0300][11376][20632][info][gc,stats    ]     CWR: <total>                   1507 us
[2025-05-18T21:31:21.190+0300][11376][20632][info][gc,stats    ]     CWR: Code Cache Roots          1074 us, workers (us): 509, 565, ---, ---, 
[2025-05-18T21:31:21.190+0300][11376][20632][info][gc,stats    ]     CWR: VM Weak Roots              425 us, workers (us): 224, 201, ---, ---, 
[2025-05-18T21:31:21.190+0300][11376][20632][info][gc,stats    ]     CWR: CLDG Roots                   8 us, workers (us): ---,   8, ---, ---, 
[2025-05-18T21:31:21.190+0300][11376][20632][info][gc,stats    ]   Rendezvous                       2115 us
[2025-05-18T21:31:21.190+0300][11376][20632][info][gc,stats    ] Concurrent Cleanup                  204 us
[2025-05-18T21:31:21.190+0300][11376][20632][info][gc,stats    ] Concurrent Class Unloading         6461 us
[2025-05-18T21:31:21.190+0300][11376][20632][info][gc,stats    ]   Unlink Stale                     2119 us
[2025-05-18T21:31:21.190+0300][11376][20632][info][gc,stats    ]     System Dictionary                11 us
[2025-05-18T21:31:21.190+0300][11376][20632][info][gc,stats    ]     Weak Class Links                  0 us
[2025-05-18T21:31:21.190+0300][11376][20632][info][gc,stats    ]     Code Roots                     2106 us
[2025-05-18T21:31:21.190+0300][11376][20632][info][gc,stats    ]   Rendezvous                       4185 us
[2025-05-18T21:31:21.190+0300][11376][20632][info][gc,stats    ]   Purge Unlinked                     44 us
[2025-05-18T21:31:21.190+0300][11376][20632][info][gc,stats    ]     Code Roots                       33 us
[2025-05-18T21:31:21.190+0300][11376][20632][info][gc,stats    ]     CLDG                             11 us
[2025-05-18T21:31:21.190+0300][11376][20632][info][gc,stats    ]     Exception Caches                  0 us
[2025-05-18T21:31:21.190+0300][11376][20632][info][gc,stats    ] Concurrent Strong Roots             294 us, parallelism: 0.56x
[2025-05-18T21:31:21.190+0300][11376][20632][info][gc,stats    ]   CSR: <total>                      165 us
[2025-05-18T21:31:21.190+0300][11376][20632][info][gc,stats    ]   CSR: VM Strong Roots               13 us, workers (us):   8,   5, ---, ---, 
[2025-05-18T21:31:21.190+0300][11376][20632][info][gc,stats    ]   CSR: CLDG Roots                   152 us, workers (us): ---, 152, ---, ---, 
[2025-05-18T21:31:21.190+0300][11376][20632][info][gc,stats    ] Concurrent Evacuation              2866 us
[2025-05-18T21:31:21.190+0300][11376][20632][info][gc,stats    ] Pause Init Update Refs (G)          256 us
[2025-05-18T21:31:21.190+0300][11376][20632][info][gc,stats    ] Pause Init Update Refs (N)          134 us
[2025-05-18T21:31:21.190+0300][11376][20632][info][gc,stats    ]   Manage GCLABs                       6 us
[2025-05-18T21:31:21.190+0300][11376][20632][info][gc,stats    ] Concurrent Update Refs             9026 us
[2025-05-18T21:31:21.190+0300][11376][20632][info][gc,stats    ] Concurrent Update Thread Roots    24105 us
[2025-05-18T21:31:21.190+0300][11376][20632][info][gc,stats    ] Pause Final Update Refs (G)         339 us
[2025-05-18T21:31:21.190+0300][11376][20632][info][gc,stats    ] Pause Final Update Refs (N)         194 us
[2025-05-18T21:31:21.190+0300][11376][20632][info][gc,stats    ]   Update Region States               46 us
[2025-05-18T21:31:21.190+0300][11376][20632][info][gc,stats    ]   Trash Collection Set               13 us
[2025-05-18T21:31:21.190+0300][11376][20632][info][gc,stats    ]   Rebuild Free Set                   26 us
[2025-05-18T21:31:21.190+0300][11376][20632][info][gc,stats    ] Concurrent Cleanup                  142 us
[2025-05-18T21:31:21.191+0300][11376][20632][info][gc,stats    ] 
[2025-05-18T21:31:21.191+0300][11376][20632][info][gc,stats    ] Allocation pacing accrued:
[2025-05-18T21:31:21.191+0300][11376][20632][info][gc,stats    ]       0 of  1400 ms (  0.0%): <total>
[2025-05-18T21:31:21.191+0300][11376][20632][info][gc,stats    ]       0 of  1400 ms (  0.0%): <average total>
[2025-05-18T21:31:21.191+0300][11376][20632][info][gc,stats    ] 
[2025-05-18T21:31:21.191+0300][11376][20632][info][gc,metaspace] Metaspace: 8612K(9664K)->8612K(9664K) NonClass: 7761K(8384K)->7761K(8384K) Class: 850K(1280K)->850K(1280K)
[2025-05-18T21:31:21.191+0300][11376][20632][info][gc,ergo     ] Pacer for Idle. Initial: 83886K, Alloc Tax Rate: 1.0x
[2025-05-18T21:31:22.439+0300][11376][20632][info][gc          ] Trigger: Free (399M) is below minimum threshold (409M)
[2025-05-18T21:31:22.439+0300][11376][20632][info][gc,ergo     ] Free: 399M, Max: 2048K regular, 366M humongous, Frag: 8% external, 0% internal; Reserve: 206M, Max: 2048K
[2025-05-18T21:31:22.439+0300][11376][20632][info][gc,start    ] GC(26) Concurrent reset
[2025-05-18T21:31:22.439+0300][11376][20632][info][gc,task     ] GC(26) Using 2 of 4 workers for concurrent reset
[2025-05-18T21:31:22.439+0300][11376][20632][info][gc,ergo     ] GC(26) Pacer for Reset. Non-Taxable: 4096M
[2025-05-18T21:31:22.440+0300][11376][20632][info][gc          ] GC(26) Concurrent reset 1.560ms
[2025-05-18T21:31:22.440+0300][11376][5460 ][info][gc,start    ] GC(26) Pause Init Mark (unload classes)
[2025-05-18T21:31:22.441+0300][11376][5460 ][info][gc,task     ] GC(26) Using 4 of 4 workers for init marking
[2025-05-18T21:31:22.441+0300][11376][5460 ][info][gc,ergo     ] GC(26) Pacer for Mark. Expected Live: 10490K, Free: 395M, Non-Taxable: 40523K, Alloc Tax Rate: 0.0x
[2025-05-18T21:31:22.441+0300][11376][5460 ][info][gc          ] GC(26) Pause Init Mark (unload classes) 0.142ms
[2025-05-18T21:31:22.441+0300][11376][20632][info][gc,start    ] GC(26) Concurrent marking roots
[2025-05-18T21:31:22.441+0300][11376][20632][info][gc,task     ] GC(26) Using 2 of 4 workers for concurrent marking roots
[2025-05-18T21:31:22.441+0300][11376][20632][info][gc          ] GC(26) Concurrent marking roots 0.239ms
[2025-05-18T21:31:22.441+0300][11376][20632][info][gc,start    ] GC(26) Concurrent marking (unload classes)
[2025-05-18T21:31:22.441+0300][11376][20632][info][gc,task     ] GC(26) Using 2 of 4 workers for concurrent marking
[2025-05-18T21:31:22.448+0300][11376][20632][info][gc          ] GC(26) Concurrent marking (unload classes) 7.023ms
[2025-05-18T21:31:22.448+0300][11376][5460 ][info][gc,start    ] GC(26) Pause Final Mark (unload classes)
[2025-05-18T21:31:22.448+0300][11376][5460 ][info][gc,task     ] GC(26) Using 4 of 4 workers for final marking
[2025-05-18T21:31:22.448+0300][11376][5460 ][info][gc,ergo     ] GC(26) Adaptive CSet Selection. Target Free: 580M, Actual Free: 3404M, Max CSet: 170M, Min Garbage: 0B
[2025-05-18T21:31:22.448+0300][11376][5460 ][info][gc,ergo     ] GC(26) Collectable Garbage: 3476M (99%), Immediate: 2830M (81%), CSet: 646M (18%)
[2025-05-18T21:31:22.449+0300][11376][5460 ][info][gc,ergo     ] GC(26) Pacer for Evacuation. Used CSet: 648M, Free: 3201M, Non-Taxable: 320M, Alloc Tax Rate: 1.1x
[2025-05-18T21:31:22.449+0300][11376][5460 ][info][gc          ] GC(26) Pause Final Mark (unload classes) 0.366ms
[2025-05-18T21:31:22.449+0300][11376][20632][info][gc,start    ] GC(26) Concurrent thread roots
[2025-05-18T21:31:22.449+0300][11376][20632][info][gc,task     ] GC(26) Using 2 of 4 workers for Concurrent thread roots
[2025-05-18T21:31:22.449+0300][11376][20632][info][gc          ] GC(26) Concurrent thread roots 0.194ms
[2025-05-18T21:31:22.449+0300][11376][20632][info][gc,start    ] GC(26) Concurrent weak references
[2025-05-18T21:31:22.449+0300][11376][20632][info][gc,task     ] GC(26) Using 2 of 4 workers for concurrent weak references
[2025-05-18T21:31:22.449+0300][11376][20632][info][gc,ref      ] GC(26) Encountered references: Soft: 152, Weak: 1317, Final: 3, Phantom: 49
[2025-05-18T21:31:22.449+0300][11376][20632][info][gc,ref      ] GC(26) Discovered  references: Soft: 0, Weak: 818, Final: 1, Phantom: 45
[2025-05-18T21:31:22.449+0300][11376][20632][info][gc,ref      ] GC(26) Enqueued    references: Soft: 0, Weak: 624, Final: 0, Phantom: 0
[2025-05-18T21:31:22.449+0300][11376][20632][info][gc          ] GC(26) Concurrent weak references 0.402ms
[2025-05-18T21:31:22.449+0300][11376][20632][info][gc,start    ] GC(26) Concurrent weak roots
[2025-05-18T21:31:22.449+0300][11376][20632][info][gc,task     ] GC(26) Using 2 of 4 workers for concurrent weak root
[2025-05-18T21:31:22.455+0300][11376][20632][info][gc          ] GC(26) Concurrent weak roots 5.359ms
[2025-05-18T21:31:22.455+0300][11376][20632][info][gc,start    ] GC(26) Concurrent cleanup
[2025-05-18T21:31:22.455+0300][11376][20632][info][gc          ] GC(26) Concurrent cleanup 3531M->701M(4096M) 0.190ms
[2025-05-18T21:31:22.455+0300][11376][20632][info][gc,ergo     ] GC(26) Free: 3183M, Max: 2048K regular, 350M humongous, Frag: 89% external, 0% internal; Reserve: 204M, Max: 2048K
[2025-05-18T21:31:22.455+0300][11376][20632][info][gc,start    ] GC(26) Concurrent class unloading
[2025-05-18T21:31:22.455+0300][11376][20632][info][gc,task     ] GC(26) Using 2 of 4 workers for concurrent class unloading
[2025-05-18T21:31:22.465+0300][11376][20632][info][gc          ] GC(26) Concurrent class unloading 9.710ms
[2025-05-18T21:31:22.465+0300][11376][20632][info][gc,start    ] GC(26) Concurrent strong roots
[2025-05-18T21:31:22.465+0300][11376][20632][info][gc,task     ] GC(26) Using 2 of 4 workers for concurrent strong root
[2025-05-18T21:31:22.465+0300][11376][20632][info][gc          ] GC(26) Concurrent strong roots 0.284ms
[2025-05-18T21:31:22.465+0300][11376][20632][info][gc,start    ] GC(26) Concurrent evacuation
[2025-05-18T21:31:22.465+0300][11376][20632][info][gc,task     ] GC(26) Using 2 of 4 workers for concurrent evacuation
[2025-05-18T21:31:22.468+0300][11376][20632][info][gc          ] GC(26) Concurrent evacuation 2.800ms
[2025-05-18T21:31:22.468+0300][11376][5460 ][info][gc,start    ] GC(26) Pause Init Update Refs
[2025-05-18T21:31:22.468+0300][11376][5460 ][info][gc,ergo     ] GC(26) Pacer for Update Refs. Used: 734M, Free: 3151M, Non-Taxable: 315M, Alloc Tax Rate: 1.1x
[2025-05-18T21:31:22.468+0300][11376][5460 ][info][gc          ] GC(26) Pause Init Update Refs 0.087ms
[2025-05-18T21:31:22.468+0300][11376][20632][info][gc,start    ] GC(26) Concurrent update references
[2025-05-18T21:31:22.468+0300][11376][20632][info][gc,task     ] GC(26) Using 2 of 4 workers for concurrent reference update
[2025-05-18T21:31:22.474+0300][11376][20632][info][gc          ] GC(26) Concurrent update references 6.278ms
[2025-05-18T21:31:22.474+0300][11376][20632][info][gc,start    ] GC(26) Concurrent update thread roots
[2025-05-18T21:31:22.481+0300][11376][20632][info][gc          ] GC(26) Concurrent update thread roots 6.788ms
[2025-05-18T21:31:22.482+0300][11376][5460 ][info][gc,start    ] GC(26) Pause Final Update Refs
[2025-05-18T21:31:22.482+0300][11376][5460 ][info][gc,task     ] GC(26) Using 4 of 4 workers for final reference update
[2025-05-18T21:31:22.482+0300][11376][5460 ][info][gc          ] GC(26) Pause Final Update Refs 0.185ms
[2025-05-18T21:31:22.482+0300][11376][20632][info][gc,start    ] GC(26) Concurrent cleanup
[2025-05-18T21:31:22.482+0300][11376][20632][info][gc          ] GC(26) Concurrent cleanup 766M->118M(4096M) 0.099ms
[2025-05-18T21:31:22.482+0300][11376][20632][info][gc,ergo     ] Free: 3765M, Max: 2048K regular, 3350M humongous, Frag: 11% external, 0% internal; Reserve: 206M, Max: 2048K
[2025-05-18T21:31:22.482+0300][11376][20632][info][gc,stats    ] 
[2025-05-18T21:31:22.482+0300][11376][20632][info][gc,stats    ] All times are wall-clock times, except per-root-class counters, that are sum over
[2025-05-18T21:31:22.482+0300][11376][20632][info][gc,stats    ] all workers. Dividing the <total> over the root stage time estimates parallelism.
[2025-05-18T21:31:22.482+0300][11376][20632][info][gc,stats    ] 
[2025-05-18T21:31:22.482+0300][11376][20632][info][gc,stats    ] Concurrent Reset                   1619 us
[2025-05-18T21:31:22.482+0300][11376][20632][info][gc,stats    ] Pause Init Mark (G)                 391 us
[2025-05-18T21:31:22.482+0300][11376][20632][info][gc,stats    ] Pause Init Mark (N)                 164 us
[2025-05-18T21:31:22.482+0300][11376][20632][info][gc,stats    ]   Update Region States               27 us
[2025-05-18T21:31:22.482+0300][11376][20632][info][gc,stats    ] Concurrent Mark Roots               276 us, parallelism: 0.76x
[2025-05-18T21:31:22.482+0300][11376][20632][info][gc,stats    ]   CMR: <total>                      209 us
[2025-05-18T21:31:22.482+0300][11376][20632][info][gc,stats    ]   CMR: Thread Roots                 118 us, workers (us):  90,  28, ---, ---, 
[2025-05-18T21:31:22.482+0300][11376][20632][info][gc,stats    ]   CMR: VM Strong Roots               11 us, workers (us):   6,   6, ---, ---, 
[2025-05-18T21:31:22.482+0300][11376][20632][info][gc,stats    ]   CMR: CLDG Roots                    80 us, workers (us): ---,  80, ---, ---, 
[2025-05-18T21:31:22.482+0300][11376][20632][info][gc,stats    ] Concurrent Marking                 7095 us
[2025-05-18T21:31:22.482+0300][11376][20632][info][gc,stats    ] Pause Final Mark (G)                519 us
[2025-05-18T21:31:22.482+0300][11376][20632][info][gc,stats    ] Pause Final Mark (N)                388 us
[2025-05-18T21:31:22.482+0300][11376][20632][info][gc,stats    ]   Finish Mark                        59 us
[2025-05-18T21:31:22.482+0300][11376][20632][info][gc,stats    ]   Update Region States               32 us
[2025-05-18T21:31:22.483+0300][11376][20632][info][gc,stats    ]   Choose Collection Set             120 us
[2025-05-18T21:31:22.483+0300][11376][20632][info][gc,stats    ]   Rebuild Free Set                   29 us
[2025-05-18T21:31:22.483+0300][11376][20632][info][gc,stats    ] Concurrent Thread Roots             244 us, parallelism: 0.71x
[2025-05-18T21:31:22.483+0300][11376][20632][info][gc,stats    ]   CTR: <total>                      173 us
[2025-05-18T21:31:22.483+0300][11376][20632][info][gc,stats    ]   CTR: Thread Roots                 173 us, workers (us):  91,  82, ---, ---, 
[2025-05-18T21:31:22.483+0300][11376][20632][info][gc,stats    ] Concurrent Weak References          425 us, parallelism: 0.58x
[2025-05-18T21:31:22.483+0300][11376][20632][info][gc,stats    ]   CWRF: <total>                     247 us
[2025-05-18T21:31:22.483+0300][11376][20632][info][gc,stats    ]   CWRF: Weak References             247 us, workers (us): 223,  24, ---, ---, 
[2025-05-18T21:31:22.483+0300][11376][20632][info][gc,stats    ] Concurrent Weak Roots              5431 us
[2025-05-18T21:31:22.483+0300][11376][20632][info][gc,stats    ]   Roots                             823 us, parallelism: 1.85x
[2025-05-18T21:31:22.483+0300][11376][20632][info][gc,stats    ]     CWR: <total>                   1522 us
[2025-05-18T21:31:22.483+0300][11376][20632][info][gc,stats    ]     CWR: Code Cache Roots          1086 us, workers (us): 566, 520, ---, ---, 
[2025-05-18T21:31:22.483+0300][11376][20632][info][gc,stats    ]     CWR: VM Weak Roots              426 us, workers (us): 214, 212, ---, ---, 
[2025-05-18T21:31:22.483+0300][11376][20632][info][gc,stats    ]     CWR: CLDG Roots                  10 us, workers (us): ---,  10, ---, ---, 
[2025-05-18T21:31:22.483+0300][11376][20632][info][gc,stats    ]   Rendezvous                       4490 us
[2025-05-18T21:31:22.483+0300][11376][20632][info][gc,stats    ] Concurrent Cleanup                  220 us
[2025-05-18T21:31:22.483+0300][11376][20632][info][gc,stats    ] Concurrent Class Unloading         9780 us
[2025-05-18T21:31:22.483+0300][11376][20632][info][gc,stats    ]   Unlink Stale                     2364 us
[2025-05-18T21:31:22.483+0300][11376][20632][info][gc,stats    ]     System Dictionary                13 us
[2025-05-18T21:31:22.483+0300][11376][20632][info][gc,stats    ]     Weak Class Links                  0 us
[2025-05-18T21:31:22.483+0300][11376][20632][info][gc,stats    ]     Code Roots                     2347 us
[2025-05-18T21:31:22.483+0300][11376][20632][info][gc,stats    ]   Rendezvous                       7270 us
[2025-05-18T21:31:22.483+0300][11376][20632][info][gc,stats    ]   Purge Unlinked                     15 us
[2025-05-18T21:31:22.483+0300][11376][20632][info][gc,stats    ]     Code Roots                        5 us
[2025-05-18T21:31:22.483+0300][11376][20632][info][gc,stats    ]     CLDG                              9 us
[2025-05-18T21:31:22.483+0300][11376][20632][info][gc,stats    ]     Exception Caches                  0 us
[2025-05-18T21:31:22.483+0300][11376][20632][info][gc,stats    ] Concurrent Strong Roots             319 us, parallelism: 0.62x
[2025-05-18T21:31:22.483+0300][11376][20632][info][gc,stats    ]   CSR: <total>                      198 us
[2025-05-18T21:31:22.483+0300][11376][20632][info][gc,stats    ]   CSR: VM Strong Roots               12 us, workers (us):   6,   6, ---, ---, 
[2025-05-18T21:31:22.483+0300][11376][20632][info][gc,stats    ]   CSR: CLDG Roots                   186 us, workers (us): 186, ---, ---, ---, 
[2025-05-18T21:31:22.483+0300][11376][20632][info][gc,stats    ] Concurrent Evacuation              2846 us
[2025-05-18T21:31:22.483+0300][11376][20632][info][gc,stats    ] Pause Init Update Refs (G)          212 us
[2025-05-18T21:31:22.483+0300][11376][20632][info][gc,stats    ] Pause Init Update Refs (N)          107 us
[2025-05-18T21:31:22.483+0300][11376][20632][info][gc,stats    ]   Manage GCLABs                       7 us
[2025-05-18T21:31:22.483+0300][11376][20632][info][gc,stats    ] Concurrent Update Refs             6343 us
[2025-05-18T21:31:22.483+0300][11376][20632][info][gc,stats    ] Concurrent Update Thread Roots     6846 us
[2025-05-18T21:31:22.483+0300][11376][20632][info][gc,stats    ] Pause Final Update Refs (G)         578 us
[2025-05-18T21:31:22.483+0300][11376][20632][info][gc,stats    ] Pause Final Update Refs (N)         214 us
[2025-05-18T21:31:22.483+0300][11376][20632][info][gc,stats    ]   Update Region States               42 us
[2025-05-18T21:31:22.484+0300][11376][20632][info][gc,stats    ]   Trash Collection Set               13 us
[2025-05-18T21:31:22.484+0300][11376][20632][info][gc,stats    ]   Rebuild Free Set                   31 us
[2025-05-18T21:31:22.484+0300][11376][20632][info][gc,stats    ] Concurrent Cleanup                  138 us
[2025-05-18T21:31:22.484+0300][11376][20632][info][gc,stats    ] 
[2025-05-18T21:31:22.484+0300][11376][20632][info][gc,stats    ] Allocation pacing accrued:
[2025-05-18T21:31:22.484+0300][11376][20632][info][gc,stats    ]       0 of  1293 ms (  0.0%): <total>
[2025-05-18T21:31:22.484+0300][11376][20632][info][gc,stats    ]       0 of  1293 ms (  0.0%): <average total>
[2025-05-18T21:31:22.484+0300][11376][20632][info][gc,stats    ] 
[2025-05-18T21:31:22.484+0300][11376][20632][info][gc,metaspace] Metaspace: 8612K(9664K)->8612K(9664K) NonClass: 7761K(8384K)->7761K(8384K) Class: 850K(1280K)->850K(1280K)
[2025-05-18T21:31:22.484+0300][11376][20632][info][gc,ergo     ] Pacer for Idle. Initial: 83886K, Alloc Tax Rate: 1.0x
[2025-05-18T21:31:23.871+0300][11376][20632][info][gc          ] Trigger: Free (401M) is below minimum threshold (409M)
[2025-05-18T21:31:23.871+0300][11376][20632][info][gc,ergo     ] Free: 401M, Max: 2048K regular, 350M humongous, Frag: 13% external, 0% internal; Reserve: 206M, Max: 2048K
[2025-05-18T21:31:23.871+0300][11376][20632][info][gc,start    ] GC(27) Concurrent reset
[2025-05-18T21:31:23.871+0300][11376][20632][info][gc,task     ] GC(27) Using 2 of 4 workers for concurrent reset
[2025-05-18T21:31:23.871+0300][11376][20632][info][gc,ergo     ] GC(27) Pacer for Reset. Non-Taxable: 4096M
[2025-05-18T21:31:23.873+0300][11376][20632][info][gc          ] GC(27) Concurrent reset 1.801ms
[2025-05-18T21:31:23.873+0300][11376][5460 ][info][gc,start    ] GC(27) Pause Init Mark (unload classes)
[2025-05-18T21:31:23.873+0300][11376][5460 ][info][gc,task     ] GC(27) Using 4 of 4 workers for init marking
[2025-05-18T21:31:23.873+0300][11376][5460 ][info][gc,ergo     ] GC(27) Pacer for Mark. Expected Live: 10489K, Free: 397M, Non-Taxable: 40749K, Alloc Tax Rate: 0.0x
[2025-05-18T21:31:23.873+0300][11376][5460 ][info][gc          ] GC(27) Pause Init Mark (unload classes) 0.148ms
[2025-05-18T21:31:23.873+0300][11376][20632][info][gc,start    ] GC(27) Concurrent marking roots
[2025-05-18T21:31:23.873+0300][11376][20632][info][gc,task     ] GC(27) Using 2 of 4 workers for concurrent marking roots
[2025-05-18T21:31:23.873+0300][11376][20632][info][gc          ] GC(27) Concurrent marking roots 0.230ms
[2025-05-18T21:31:23.873+0300][11376][20632][info][gc,start    ] GC(27) Concurrent marking (unload classes)
[2025-05-18T21:31:23.873+0300][11376][20632][info][gc,task     ] GC(27) Using 2 of 4 workers for concurrent marking
[2025-05-18T21:31:23.878+0300][11376][20632][info][gc          ] GC(27) Concurrent marking (unload classes) 5.206ms
[2025-05-18T21:31:23.879+0300][11376][5460 ][info][gc,start    ] GC(27) Pause Final Mark (unload classes)
[2025-05-18T21:31:23.879+0300][11376][5460 ][info][gc,task     ] GC(27) Using 4 of 4 workers for final marking
[2025-05-18T21:31:23.879+0300][11376][5460 ][info][gc,ergo     ] GC(27) Adaptive CSet Selection. Target Free: 580M, Actual Free: 3408M, Max CSet: 170M, Min Garbage: 0B
[2025-05-18T21:31:23.879+0300][11376][5460 ][info][gc,ergo     ] GC(27) Collectable Garbage: 3474M (99%), Immediate: 2824M (81%), CSet: 650M (18%)
[2025-05-18T21:31:23.879+0300][11376][5460 ][info][gc,ergo     ] GC(27) Pacer for Evacuation. Used CSet: 651M, Free: 3205M, Non-Taxable: 320M, Alloc Tax Rate: 1.1x
[2025-05-18T21:31:23.879+0300][11376][5460 ][info][gc          ] GC(27) Pause Final Mark (unload classes) 0.374ms
[2025-05-18T21:31:23.879+0300][11376][20632][info][gc,start    ] GC(27) Concurrent thread roots
[2025-05-18T21:31:23.879+0300][11376][20632][info][gc,task     ] GC(27) Using 2 of 4 workers for Concurrent thread roots
[2025-05-18T21:31:23.879+0300][11376][20632][info][gc          ] GC(27) Concurrent thread roots 0.275ms
[2025-05-18T21:31:23.879+0300][11376][20632][info][gc,start    ] GC(27) Concurrent weak references
[2025-05-18T21:31:23.879+0300][11376][20632][info][gc,task     ] GC(27) Using 2 of 4 workers for concurrent weak references
[2025-05-18T21:31:23.880+0300][11376][20632][info][gc,ref      ] GC(27) Encountered references: Soft: 152, Weak: 1308, Final: 3, Phantom: 50
[2025-05-18T21:31:23.880+0300][11376][20632][info][gc,ref      ] GC(27) Discovered  references: Soft: 0, Weak: 804, Final: 1, Phantom: 35
[2025-05-18T21:31:23.880+0300][11376][20632][info][gc,ref      ] GC(27) Enqueued    references: Soft: 0, Weak: 612, Final: 0, Phantom: 0
[2025-05-18T21:31:23.880+0300][11376][20632][info][gc          ] GC(27) Concurrent weak references 0.428ms
[2025-05-18T21:31:23.880+0300][11376][20632][info][gc,start    ] GC(27) Concurrent weak roots
[2025-05-18T21:31:23.880+0300][11376][20632][info][gc,task     ] GC(27) Using 2 of 4 workers for concurrent weak root
[2025-05-18T21:31:23.903+0300][11376][20632][info][gc          ] GC(27) Concurrent weak roots 22.800ms
[2025-05-18T21:31:23.903+0300][11376][20632][info][gc,start    ] GC(27) Concurrent cleanup
[2025-05-18T21:31:23.903+0300][11376][20632][info][gc          ] GC(27) Concurrent cleanup 3545M->721M(4096M) 0.150ms
[2025-05-18T21:31:23.903+0300][11376][20632][info][gc,ergo     ] GC(27) Free: 3163M, Max: 2048K regular, 336M humongous, Frag: 90% external, 0% internal; Reserve: 205M, Max: 2048K
[2025-05-18T21:31:23.903+0300][11376][20632][info][gc,start    ] GC(27) Concurrent class unloading
[2025-05-18T21:31:23.903+0300][11376][20632][info][gc,task     ] GC(27) Using 2 of 4 workers for concurrent class unloading
[2025-05-18T21:31:23.906+0300][11376][20632][info][gc          ] GC(27) Concurrent class unloading 2.934ms
[2025-05-18T21:31:23.906+0300][11376][20632][info][gc,start    ] GC(27) Concurrent strong roots
[2025-05-18T21:31:23.906+0300][11376][20632][info][gc,task     ] GC(27) Using 2 of 4 workers for concurrent strong root
[2025-05-18T21:31:23.906+0300][11376][20632][info][gc          ] GC(27) Concurrent strong roots 0.236ms
[2025-05-18T21:31:23.906+0300][11376][20632][info][gc,start    ] GC(27) Concurrent evacuation
[2025-05-18T21:31:23.906+0300][11376][20632][info][gc,task     ] GC(27) Using 2 of 4 workers for concurrent evacuation
[2025-05-18T21:31:23.909+0300][11376][20632][info][gc          ] GC(27) Concurrent evacuation 2.645ms
[2025-05-18T21:31:23.909+0300][11376][5460 ][info][gc,start    ] GC(27) Pause Init Update Refs
[2025-05-18T21:31:23.909+0300][11376][5460 ][info][gc,ergo     ] GC(27) Pacer for Update Refs. Used: 731M, Free: 3153M, Non-Taxable: 315M, Alloc Tax Rate: 1.1x
[2025-05-18T21:31:23.909+0300][11376][5460 ][info][gc          ] GC(27) Pause Init Update Refs 0.092ms
[2025-05-18T21:31:23.909+0300][11376][20632][info][gc,start    ] GC(27) Concurrent update references
[2025-05-18T21:31:23.909+0300][11376][20632][info][gc,task     ] GC(27) Using 2 of 4 workers for concurrent reference update
[2025-05-18T21:31:23.914+0300][11376][20632][info][gc          ] GC(27) Concurrent update references 4.950ms
[2025-05-18T21:31:23.914+0300][11376][20632][info][gc,start    ] GC(27) Concurrent update thread roots
[2025-05-18T21:31:23.915+0300][11376][20632][info][gc          ] GC(27) Concurrent update thread roots 1.832ms
[2025-05-18T21:31:23.916+0300][11376][5460 ][info][gc,start    ] GC(27) Pause Final Update Refs
[2025-05-18T21:31:23.916+0300][11376][5460 ][info][gc,task     ] GC(27) Using 4 of 4 workers for final reference update
[2025-05-18T21:31:23.916+0300][11376][5460 ][info][gc          ] GC(27) Pause Final Update Refs 0.167ms
[2025-05-18T21:31:23.916+0300][11376][20632][info][gc,start    ] GC(27) Concurrent cleanup
[2025-05-18T21:31:23.916+0300][11376][20632][info][gc          ] GC(27) Concurrent cleanup 743M->94M(4096M) 0.100ms
[2025-05-18T21:31:23.916+0300][11376][20632][info][gc,ergo     ] Free: 3789M, Max: 2048K regular, 3434M humongous, Frag: 10% external, 0% internal; Reserve: 206M, Max: 2048K
[2025-05-18T21:31:23.916+0300][11376][20632][info][gc,stats    ] 
[2025-05-18T21:31:23.916+0300][11376][20632][info][gc,stats    ] All times are wall-clock times, except per-root-class counters, that are sum over
[2025-05-18T21:31:23.916+0300][11376][20632][info][gc,stats    ] all workers. Dividing the <total> over the root stage time estimates parallelism.
[2025-05-18T21:31:23.916+0300][11376][20632][info][gc,stats    ] 
[2025-05-18T21:31:23.916+0300][11376][20632][info][gc,stats    ] Concurrent Reset                   1864 us
[2025-05-18T21:31:23.916+0300][11376][20632][info][gc,stats    ] Pause Init Mark (G)                 369 us
[2025-05-18T21:31:23.916+0300][11376][20632][info][gc,stats    ] Pause Init Mark (N)                 171 us
[2025-05-18T21:31:23.916+0300][11376][20632][info][gc,stats    ]   Update Region States               26 us
[2025-05-18T21:31:23.916+0300][11376][20632][info][gc,stats    ] Concurrent Mark Roots               261 us, parallelism: 0.86x
[2025-05-18T21:31:23.916+0300][11376][20632][info][gc,stats    ]   CMR: <total>                      225 us
[2025-05-18T21:31:23.916+0300][11376][20632][info][gc,stats    ]   CMR: Thread Roots                 136 us, workers (us): 108,  28, ---, ---, 
[2025-05-18T21:31:23.916+0300][11376][20632][info][gc,stats    ]   CMR: VM Strong Roots               11 us, workers (us):   6,   5, ---, ---, 
[2025-05-18T21:31:23.916+0300][11376][20632][info][gc,stats    ]   CMR: CLDG Roots                    78 us, workers (us): ---,  78, ---, ---, 
[2025-05-18T21:31:23.916+0300][11376][20632][info][gc,stats    ] Concurrent Marking                 5270 us
[2025-05-18T21:31:23.916+0300][11376][20632][info][gc,stats    ] Pause Final Mark (G)                504 us
[2025-05-18T21:31:23.916+0300][11376][20632][info][gc,stats    ] Pause Final Mark (N)                398 us
[2025-05-18T21:31:23.916+0300][11376][20632][info][gc,stats    ]   Finish Mark                        54 us
[2025-05-18T21:31:23.916+0300][11376][20632][info][gc,stats    ]   Update Region States               39 us
[2025-05-18T21:31:23.916+0300][11376][20632][info][gc,stats    ]   Choose Collection Set             138 us
[2025-05-18T21:31:23.916+0300][11376][20632][info][gc,stats    ]   Rebuild Free Set                   25 us
[2025-05-18T21:31:23.916+0300][11376][20632][info][gc,stats    ] Concurrent Thread Roots             329 us, parallelism: 1.07x
[2025-05-18T21:31:23.916+0300][11376][20632][info][gc,stats    ]   CTR: <total>                      354 us
[2025-05-18T21:31:23.917+0300][11376][20632][info][gc,stats    ]   CTR: Thread Roots                 354 us, workers (us): 176, 177, ---, ---, 
[2025-05-18T21:31:23.917+0300][11376][20632][info][gc,stats    ] Concurrent Weak References          454 us, parallelism: 0.66x
[2025-05-18T21:31:23.917+0300][11376][20632][info][gc,stats    ]   CWRF: <total>                     300 us
[2025-05-18T21:31:23.917+0300][11376][20632][info][gc,stats    ]   CWRF: Weak References             300 us, workers (us): 255,  45, ---, ---, 
[2025-05-18T21:31:23.917+0300][11376][20632][info][gc,stats    ] Concurrent Weak Roots             22875 us
[2025-05-18T21:31:23.917+0300][11376][20632][info][gc,stats    ]   Roots                             769 us, parallelism: 1.84x
[2025-05-18T21:31:23.917+0300][11376][20632][info][gc,stats    ]     CWR: <total>                   1414 us
[2025-05-18T21:31:23.917+0300][11376][20632][info][gc,stats    ]     CWR: Code Cache Roots          1022 us, workers (us): 527, 495, ---, ---, 
[2025-05-18T21:31:23.917+0300][11376][20632][info][gc,stats    ]     CWR: VM Weak Roots              383 us, workers (us): 196, 187, ---, ---, 
[2025-05-18T21:31:23.917+0300][11376][20632][info][gc,stats    ]     CWR: CLDG Roots                   8 us, workers (us): ---,   8, ---, ---, 
[2025-05-18T21:31:23.917+0300][11376][20632][info][gc,stats    ]   Rendezvous                      21980 us
[2025-05-18T21:31:23.917+0300][11376][20632][info][gc,stats    ] Concurrent Cleanup                  176 us
[2025-05-18T21:31:23.917+0300][11376][20632][info][gc,stats    ] Concurrent Class Unloading         3000 us
[2025-05-18T21:31:23.917+0300][11376][20632][info][gc,stats    ]   Unlink Stale                     2507 us
[2025-05-18T21:31:23.917+0300][11376][20632][info][gc,stats    ]     System Dictionary                15 us
[2025-05-18T21:31:23.917+0300][11376][20632][info][gc,stats    ]     Weak Class Links                  0 us
[2025-05-18T21:31:23.917+0300][11376][20632][info][gc,stats    ]     Code Roots                     2490 us
[2025-05-18T21:31:23.917+0300][11376][20632][info][gc,stats    ]   Rendezvous                        228 us
[2025-05-18T21:31:23.917+0300][11376][20632][info][gc,stats    ]   Purge Unlinked                    151 us
[2025-05-18T21:31:23.917+0300][11376][20632][info][gc,stats    ]     Code Roots                      140 us
[2025-05-18T21:31:23.917+0300][11376][20632][info][gc,stats    ]     CLDG                             11 us
[2025-05-18T21:31:23.917+0300][11376][20632][info][gc,stats    ]     Exception Caches                  0 us
[2025-05-18T21:31:23.917+0300][11376][20632][info][gc,stats    ] Concurrent Strong Roots             261 us, parallelism: 0.59x
[2025-05-18T21:31:23.917+0300][11376][20632][info][gc,stats    ]   CSR: <total>                      153 us
[2025-05-18T21:31:23.917+0300][11376][20632][info][gc,stats    ]   CSR: VM Strong Roots               12 us, workers (us):   6,   6, ---, ---, 
[2025-05-18T21:31:23.917+0300][11376][20632][info][gc,stats    ]   CSR: CLDG Roots                   141 us, workers (us): ---, 141, ---, ---, 
[2025-05-18T21:31:23.917+0300][11376][20632][info][gc,stats    ] Concurrent Evacuation              2698 us
[2025-05-18T21:31:23.917+0300][11376][20632][info][gc,stats    ] Pause Init Update Refs (G)          238 us
[2025-05-18T21:31:23.917+0300][11376][20632][info][gc,stats    ] Pause Init Update Refs (N)          114 us
[2025-05-18T21:31:23.917+0300][11376][20632][info][gc,stats    ]   Manage GCLABs                       6 us
[2025-05-18T21:31:23.917+0300][11376][20632][info][gc,stats    ] Concurrent Update Refs             5033 us
[2025-05-18T21:31:23.917+0300][11376][20632][info][gc,stats    ] Concurrent Update Thread Roots     1884 us
[2025-05-18T21:31:23.917+0300][11376][20632][info][gc,stats    ] Pause Final Update Refs (G)         352 us
[2025-05-18T21:31:23.917+0300][11376][20632][info][gc,stats    ] Pause Final Update Refs (N)         195 us
[2025-05-18T21:31:23.917+0300][11376][20632][info][gc,stats    ]   Update Region States               41 us
[2025-05-18T21:31:23.917+0300][11376][20632][info][gc,stats    ]   Trash Collection Set               12 us
[2025-05-18T21:31:23.917+0300][11376][20632][info][gc,stats    ]   Rebuild Free Set                   25 us
[2025-05-18T21:31:23.917+0300][11376][20632][info][gc,stats    ] Concurrent Cleanup                  131 us
[2025-05-18T21:31:23.917+0300][11376][20632][info][gc,stats    ] 
[2025-05-18T21:31:23.917+0300][11376][20632][info][gc,stats    ] Allocation pacing accrued:
[2025-05-18T21:31:23.917+0300][11376][20632][info][gc,stats    ]       0 of  1434 ms (  0.0%): <total>
[2025-05-18T21:31:23.917+0300][11376][20632][info][gc,stats    ]       0 of  1434 ms (  0.0%): <average total>
[2025-05-18T21:31:23.917+0300][11376][20632][info][gc,stats    ] 
[2025-05-18T21:31:23.917+0300][11376][20632][info][gc,metaspace] Metaspace: 8612K(9664K)->8612K(9664K) NonClass: 7761K(8384K)->7761K(8384K) Class: 850K(1280K)->850K(1280K)
[2025-05-18T21:31:23.918+0300][11376][20632][info][gc,ergo     ] Pacer for Idle. Initial: 83886K, Alloc Tax Rate: 1.0x
[2025-05-18T21:31:25.883+0300][11376][20632][info][gc          ] Trigger: Free (377M) is below minimum threshold (409M)
[2025-05-18T21:31:25.883+0300][11376][20632][info][gc,ergo     ] Free: 377M, Max: 2048K regular, 336M humongous, Frag: 11% external, 1% internal; Reserve: 206M, Max: 2048K
[2025-05-18T21:31:25.883+0300][11376][20632][info][gc,start    ] GC(28) Concurrent reset
[2025-05-18T21:31:25.883+0300][11376][20632][info][gc,task     ] GC(28) Using 2 of 4 workers for concurrent reset
[2025-05-18T21:31:25.883+0300][11376][20632][info][gc,ergo     ] GC(28) Pacer for Reset. Non-Taxable: 4096M
[2025-05-18T21:31:25.884+0300][11376][20632][info][gc          ] GC(28) Concurrent reset 1.420ms
[2025-05-18T21:31:25.884+0300][11376][5460 ][info][gc,start    ] GC(28) Pause Init Mark (unload classes)
[2025-05-18T21:31:25.884+0300][11376][5460 ][info][gc,task     ] GC(28) Using 4 of 4 workers for init marking
[2025-05-18T21:31:25.884+0300][11376][5460 ][info][gc,ergo     ] GC(28) Pacer for Mark. Expected Live: 10502K, Free: 377M, Non-Taxable: 38688K, Alloc Tax Rate: 0.0x
[2025-05-18T21:31:25.884+0300][11376][5460 ][info][gc          ] GC(28) Pause Init Mark (unload classes) 0.169ms
[2025-05-18T21:31:25.885+0300][11376][20632][info][gc,start    ] GC(28) Concurrent marking roots
[2025-05-18T21:31:25.885+0300][11376][20632][info][gc,task     ] GC(28) Using 2 of 4 workers for concurrent marking roots
[2025-05-18T21:31:25.885+0300][11376][20632][info][gc          ] GC(28) Concurrent marking roots 0.220ms
[2025-05-18T21:31:25.885+0300][11376][20632][info][gc,start    ] GC(28) Concurrent marking (unload classes)
[2025-05-18T21:31:25.885+0300][11376][20632][info][gc,task     ] GC(28) Using 2 of 4 workers for concurrent marking
[2025-05-18T21:31:25.889+0300][11376][20632][info][gc          ] GC(28) Concurrent marking (unload classes) 4.594ms
[2025-05-18T21:31:25.889+0300][11376][5460 ][info][gc,start    ] GC(28) Pause Final Mark (unload classes)
[2025-05-18T21:31:25.890+0300][11376][5460 ][info][gc,task     ] GC(28) Using 4 of 4 workers for final marking
[2025-05-18T21:31:25.890+0300][11376][5460 ][info][gc,ergo     ] GC(28) Adaptive CSet Selection. Target Free: 580M, Actual Free: 3402M, Max CSet: 170M, Min Garbage: 0B
[2025-05-18T21:31:25.890+0300][11376][5460 ][info][gc,ergo     ] GC(28) Collectable Garbage: 3494M (99%), Immediate: 2838M (81%), CSet: 656M (18%)
[2025-05-18T21:31:25.890+0300][11376][5460 ][info][gc,ergo     ] GC(28) Pacer for Evacuation. Used CSet: 657M, Free: 3199M, Non-Taxable: 319M, Alloc Tax Rate: 1.1x
[2025-05-18T21:31:25.890+0300][11376][5460 ][info][gc          ] GC(28) Pause Final Mark (unload classes) 0.334ms
[2025-05-18T21:31:25.890+0300][11376][20632][info][gc,start    ] GC(28) Concurrent thread roots
[2025-05-18T21:31:25.890+0300][11376][20632][info][gc,task     ] GC(28) Using 2 of 4 workers for Concurrent thread roots
[2025-05-18T21:31:25.890+0300][11376][20632][info][gc          ] GC(28) Concurrent thread roots 0.297ms
[2025-05-18T21:31:25.890+0300][11376][20632][info][gc,start    ] GC(28) Concurrent weak references
[2025-05-18T21:31:25.890+0300][11376][20632][info][gc,task     ] GC(28) Using 2 of 4 workers for concurrent weak references
[2025-05-18T21:31:25.891+0300][11376][20632][info][gc,ref      ] GC(28) Encountered references: Soft: 152, Weak: 1318, Final: 3, Phantom: 50
[2025-05-18T21:31:25.891+0300][11376][20632][info][gc,ref      ] GC(28) Discovered  references: Soft: 0, Weak: 816, Final: 1, Phantom: 36
[2025-05-18T21:31:25.891+0300][11376][20632][info][gc,ref      ] GC(28) Enqueued    references: Soft: 0, Weak: 622, Final: 0, Phantom: 0
[2025-05-18T21:31:25.891+0300][11376][20632][info][gc          ] GC(28) Concurrent weak references 0.440ms
[2025-05-18T21:31:25.891+0300][11376][20632][info][gc,start    ] GC(28) Concurrent weak roots
[2025-05-18T21:31:25.891+0300][11376][20632][info][gc,task     ] GC(28) Using 2 of 4 workers for concurrent weak root
[2025-05-18T21:31:25.893+0300][11376][20632][info][gc          ] GC(28) Concurrent weak roots 1.924ms
[2025-05-18T21:31:25.893+0300][11376][20632][info][gc,start    ] GC(28) Concurrent cleanup
[2025-05-18T21:31:25.893+0300][11376][20632][info][gc          ] GC(28) Concurrent cleanup 3539M->701M(4096M) 0.134ms
[2025-05-18T21:31:25.893+0300][11376][20632][info][gc,ergo     ] GC(28) Free: 3183M, Max: 2048K regular, 344M humongous, Frag: 90% external, 0% internal; Reserve: 205M, Max: 2048K
[2025-05-18T21:31:25.893+0300][11376][20632][info][gc,start    ] GC(28) Concurrent class unloading
[2025-05-18T21:31:25.893+0300][11376][20632][info][gc,task     ] GC(28) Using 2 of 4 workers for concurrent class unloading
[2025-05-18T21:31:25.897+0300][11376][20632][info][gc          ] GC(28) Concurrent class unloading 3.995ms
[2025-05-18T21:31:25.897+0300][11376][20632][info][gc,start    ] GC(28) Concurrent strong roots
[2025-05-18T21:31:25.897+0300][11376][20632][info][gc,task     ] GC(28) Using 2 of 4 workers for concurrent strong root
[2025-05-18T21:31:25.897+0300][11376][20632][info][gc          ] GC(28) Concurrent strong roots 0.210ms
[2025-05-18T21:31:25.897+0300][11376][20632][info][gc,start    ] GC(28) Concurrent evacuation
[2025-05-18T21:31:25.897+0300][11376][20632][info][gc,task     ] GC(28) Using 2 of 4 workers for concurrent evacuation
[2025-05-18T21:31:25.900+0300][11376][20632][info][gc          ] GC(28) Concurrent evacuation 2.798ms
[2025-05-18T21:31:25.900+0300][11376][5460 ][info][gc,start    ] GC(28) Pause Init Update Refs
[2025-05-18T21:31:25.900+0300][11376][5460 ][info][gc,ergo     ] GC(28) Pacer for Update Refs. Used: 712M, Free: 3173M, Non-Taxable: 317M, Alloc Tax Rate: 1.1x
[2025-05-18T21:31:25.900+0300][11376][5460 ][info][gc          ] GC(28) Pause Init Update Refs 0.091ms
[2025-05-18T21:31:25.900+0300][11376][20632][info][gc,start    ] GC(28) Concurrent update references
[2025-05-18T21:31:25.900+0300][11376][20632][info][gc,task     ] GC(28) Using 2 of 4 workers for concurrent reference update
[2025-05-18T21:31:25.905+0300][11376][20632][info][gc          ] GC(28) Concurrent update references 4.748ms
[2025-05-18T21:31:25.905+0300][11376][20632][info][gc,start    ] GC(28) Concurrent update thread roots
[2025-05-18T21:31:25.915+0300][11376][20632][info][gc          ] GC(28) Concurrent update thread roots 9.088ms
[2025-05-18T21:31:25.915+0300][11376][5460 ][info][gc,start    ] GC(28) Pause Final Update Refs
[2025-05-18T21:31:25.915+0300][11376][5460 ][info][gc,task     ] GC(28) Using 4 of 4 workers for final reference update
[2025-05-18T21:31:25.915+0300][11376][5460 ][info][gc          ] GC(28) Pause Final Update Refs 0.170ms
[2025-05-18T21:31:25.915+0300][11376][20632][info][gc,start    ] GC(28) Concurrent cleanup
[2025-05-18T21:31:25.915+0300][11376][20632][info][gc          ] GC(28) Concurrent cleanup 750M->92M(4096M) 0.104ms
[2025-05-18T21:31:25.915+0300][11376][20632][info][gc,ergo     ] Free: 3791M, Max: 2048K regular, 3376M humongous, Frag: 11% external, 0% internal; Reserve: 206M, Max: 2048K
[2025-05-18T21:31:25.915+0300][11376][20632][info][gc,stats    ] 
[2025-05-18T21:31:25.915+0300][11376][20632][info][gc,stats    ] All times are wall-clock times, except per-root-class counters, that are sum over
[2025-05-18T21:31:25.915+0300][11376][20632][info][gc,stats    ] all workers. Dividing the <total> over the root stage time estimates parallelism.
[2025-05-18T21:31:25.915+0300][11376][20632][info][gc,stats    ] 
[2025-05-18T21:31:25.915+0300][11376][20632][info][gc,stats    ] Concurrent Reset                   1480 us
[2025-05-18T21:31:25.915+0300][11376][20632][info][gc,stats    ] Pause Init Mark (G)                 327 us
[2025-05-18T21:31:25.915+0300][11376][20632][info][gc,stats    ] Pause Init Mark (N)                 189 us
[2025-05-18T21:31:25.915+0300][11376][20632][info][gc,stats    ]   Update Region States               47 us
[2025-05-18T21:31:25.915+0300][11376][20632][info][gc,stats    ] Concurrent Mark Roots               253 us, parallelism: 0.82x
[2025-05-18T21:31:25.915+0300][11376][20632][info][gc,stats    ]   CMR: <total>                      206 us
[2025-05-18T21:31:25.915+0300][11376][20632][info][gc,stats    ]   CMR: Thread Roots                 126 us, workers (us): 117,  10, ---, ---, 
[2025-05-18T21:31:25.915+0300][11376][20632][info][gc,stats    ]   CMR: VM Strong Roots               10 us, workers (us):   5,   5, ---, ---, 
[2025-05-18T21:31:25.915+0300][11376][20632][info][gc,stats    ]   CMR: CLDG Roots                    70 us, workers (us): ---,  70, ---, ---, 
[2025-05-18T21:31:25.916+0300][11376][20632][info][gc,stats    ] Concurrent Marking                 4645 us
[2025-05-18T21:31:25.916+0300][11376][20632][info][gc,stats    ] Pause Final Mark (G)                428 us
[2025-05-18T21:31:25.916+0300][11376][20632][info][gc,stats    ] Pause Final Mark (N)                354 us
[2025-05-18T21:31:25.916+0300][11376][20632][info][gc,stats    ]   Finish Mark                        45 us
[2025-05-18T21:31:25.916+0300][11376][20632][info][gc,stats    ]   Update Region States               38 us
[2025-05-18T21:31:25.916+0300][11376][20632][info][gc,stats    ]   Choose Collection Set             126 us
[2025-05-18T21:31:25.916+0300][11376][20632][info][gc,stats    ]   Rebuild Free Set                   24 us
[2025-05-18T21:31:25.916+0300][11376][20632][info][gc,stats    ] Concurrent Thread Roots             332 us, parallelism: 1.04x
[2025-05-18T21:31:25.916+0300][11376][20632][info][gc,stats    ]   CTR: <total>                      346 us
[2025-05-18T21:31:25.916+0300][11376][20632][info][gc,stats    ]   CTR: Thread Roots                 346 us, workers (us): 135, 211, ---, ---, 
[2025-05-18T21:31:25.916+0300][11376][20632][info][gc,stats    ] Concurrent Weak References          461 us, parallelism: 0.74x
[2025-05-18T21:31:25.916+0300][11376][20632][info][gc,stats    ]   CWRF: <total>                     341 us
[2025-05-18T21:31:25.916+0300][11376][20632][info][gc,stats    ]   CWRF: Weak References             341 us, workers (us):  68, 274, ---, ---, 
[2025-05-18T21:31:25.916+0300][11376][20632][info][gc,stats    ] Concurrent Weak Roots              1972 us
[2025-05-18T21:31:25.916+0300][11376][20632][info][gc,stats    ]   Roots                             738 us, parallelism: 1.82x
[2025-05-18T21:31:25.916+0300][11376][20632][info][gc,stats    ]     CWR: <total>                   1345 us
[2025-05-18T21:31:25.916+0300][11376][20632][info][gc,stats    ]     CWR: Code Cache Roots          1004 us, workers (us): 522, 481, ---, ---, 
[2025-05-18T21:31:25.916+0300][11376][20632][info][gc,stats    ]     CWR: VM Weak Roots              333 us, workers (us): 170, 163, ---, ---, 
[2025-05-18T21:31:25.916+0300][11376][20632][info][gc,stats    ]     CWR: CLDG Roots                   8 us, workers (us): ---,   8, ---, ---, 
[2025-05-18T21:31:25.916+0300][11376][20632][info][gc,stats    ]   Rendezvous                       1143 us
[2025-05-18T21:31:25.916+0300][11376][20632][info][gc,stats    ] Concurrent Cleanup                  163 us
[2025-05-18T21:31:25.916+0300][11376][20632][info][gc,stats    ] Concurrent Class Unloading         4044 us
[2025-05-18T21:31:25.916+0300][11376][20632][info][gc,stats    ]   Unlink Stale                     1962 us
[2025-05-18T21:31:25.916+0300][11376][20632][info][gc,stats    ]     System Dictionary                11 us
[2025-05-18T21:31:25.916+0300][11376][20632][info][gc,stats    ]     Weak Class Links                  0 us
[2025-05-18T21:31:25.916+0300][11376][20632][info][gc,stats    ]     Code Roots                     1949 us
[2025-05-18T21:31:25.916+0300][11376][20632][info][gc,stats    ]   Rendezvous                       1896 us
[2025-05-18T21:31:25.916+0300][11376][20632][info][gc,stats    ]   Purge Unlinked                     90 us
[2025-05-18T21:31:25.916+0300][11376][20632][info][gc,stats    ]     Code Roots                       79 us
[2025-05-18T21:31:25.916+0300][11376][20632][info][gc,stats    ]     CLDG                             11 us
[2025-05-18T21:31:25.916+0300][11376][20632][info][gc,stats    ]     Exception Caches                  0 us
[2025-05-18T21:31:25.916+0300][11376][20632][info][gc,stats    ] Concurrent Strong Roots             242 us, parallelism: 0.58x
[2025-05-18T21:31:25.916+0300][11376][20632][info][gc,stats    ]   CSR: <total>                      140 us
[2025-05-18T21:31:25.916+0300][11376][20632][info][gc,stats    ]   CSR: VM Strong Roots                9 us, workers (us):   4,   4, ---, ---, 
[2025-05-18T21:31:25.916+0300][11376][20632][info][gc,stats    ]   CSR: CLDG Roots                   132 us, workers (us): 132, ---, ---, ---, 
[2025-05-18T21:31:25.916+0300][11376][20632][info][gc,stats    ] Concurrent Evacuation              2859 us
[2025-05-18T21:31:25.916+0300][11376][20632][info][gc,stats    ] Pause Init Update Refs (G)          238 us
[2025-05-18T21:31:25.916+0300][11376][20632][info][gc,stats    ] Pause Init Update Refs (N)          111 us
[2025-05-18T21:31:25.916+0300][11376][20632][info][gc,stats    ]   Manage GCLABs                       7 us
[2025-05-18T21:31:25.916+0300][11376][20632][info][gc,stats    ] Concurrent Update Refs             4802 us
[2025-05-18T21:31:25.916+0300][11376][20632][info][gc,stats    ] Concurrent Update Thread Roots     9141 us
[2025-05-18T21:31:25.916+0300][11376][20632][info][gc,stats    ] Pause Final Update Refs (G)         335 us
[2025-05-18T21:31:25.916+0300][11376][20632][info][gc,stats    ] Pause Final Update Refs (N)         195 us
[2025-05-18T21:31:25.916+0300][11376][20632][info][gc,stats    ]   Update Region States               55 us
[2025-05-18T21:31:25.916+0300][11376][20632][info][gc,stats    ]   Trash Collection Set               12 us
[2025-05-18T21:31:25.916+0300][11376][20632][info][gc,stats    ]   Rebuild Free Set                   26 us
[2025-05-18T21:31:25.916+0300][11376][20632][info][gc,stats    ] Concurrent Cleanup                  133 us
[2025-05-18T21:31:25.916+0300][11376][20632][info][gc,stats    ] 
[2025-05-18T21:31:25.916+0300][11376][20632][info][gc,stats    ] Allocation pacing accrued:
[2025-05-18T21:31:25.916+0300][11376][20632][info][gc,stats    ]       0 of  1999 ms (  0.0%): <total>
[2025-05-18T21:31:25.917+0300][11376][20632][info][gc,stats    ]       0 of  1999 ms (  0.0%): <average total>
[2025-05-18T21:31:25.917+0300][11376][20632][info][gc,stats    ] 
[2025-05-18T21:31:25.917+0300][11376][20632][info][gc,metaspace] Metaspace: 8612K(9664K)->8612K(9664K) NonClass: 7761K(8384K)->7761K(8384K) Class: 850K(1280K)->850K(1280K)
[2025-05-18T21:31:25.917+0300][11376][20632][info][gc,ergo     ] Pacer for Idle. Initial: 83886K, Alloc Tax Rate: 1.0x
[2025-05-18T21:31:27.241+0300][11376][20632][info][gc          ] Trigger: Free (389M) is below minimum threshold (409M)
[2025-05-18T21:31:27.241+0300][11376][20632][info][gc,ergo     ] Free: 389M, Max: 2048K regular, 356M humongous, Frag: 8% external, 1% internal; Reserve: 206M, Max: 2048K
[2025-05-18T21:31:27.241+0300][11376][20632][info][gc,start    ] GC(29) Concurrent reset
[2025-05-18T21:31:27.241+0300][11376][20632][info][gc,task     ] GC(29) Using 2 of 4 workers for concurrent reset
[2025-05-18T21:31:27.241+0300][11376][20632][info][gc,ergo     ] GC(29) Pacer for Reset. Non-Taxable: 4096M
[2025-05-18T21:31:27.243+0300][11376][20632][info][gc          ] GC(29) Concurrent reset 1.818ms
[2025-05-18T21:31:27.243+0300][11376][5460 ][info][gc,start    ] GC(29) Pause Init Mark (unload classes)
[2025-05-18T21:31:27.243+0300][11376][5460 ][info][gc,task     ] GC(29) Using 4 of 4 workers for init marking
[2025-05-18T21:31:27.243+0300][11376][5460 ][info][gc,ergo     ] GC(29) Pacer for Mark. Expected Live: 10508K, Free: 389M, Non-Taxable: 39917K, Alloc Tax Rate: 0.0x
[2025-05-18T21:31:27.243+0300][11376][5460 ][info][gc          ] GC(29) Pause Init Mark (unload classes) 0.170ms
[2025-05-18T21:31:27.243+0300][11376][20632][info][gc,start    ] GC(29) Concurrent marking roots
[2025-05-18T21:31:27.244+0300][11376][20632][info][gc,task     ] GC(29) Using 2 of 4 workers for concurrent marking roots
[2025-05-18T21:31:27.244+0300][11376][20632][info][gc          ] GC(29) Concurrent marking roots 0.238ms
[2025-05-18T21:31:27.244+0300][11376][20632][info][gc,start    ] GC(29) Concurrent marking (unload classes)
[2025-05-18T21:31:27.244+0300][11376][20632][info][gc,task     ] GC(29) Using 2 of 4 workers for concurrent marking
[2025-05-18T21:31:27.320+0300][11376][20632][info][gc          ] GC(29) Concurrent marking (unload classes) 75.449ms
[2025-05-18T21:31:27.320+0300][11376][5460 ][info][gc,start    ] GC(29) Pause Final Mark (unload classes)
[2025-05-18T21:31:27.320+0300][11376][5460 ][info][gc,task     ] GC(29) Using 4 of 4 workers for final marking
[2025-05-18T21:31:27.320+0300][11376][5460 ][info][gc,ergo     ] GC(29) Adaptive CSet Selection. Target Free: 580M, Actual Free: 3258M, Max CSet: 170M, Min Garbage: 0B
[2025-05-18T21:31:27.320+0300][11376][5460 ][info][gc,ergo     ] GC(29) Collectable Garbage: 3482M (99%), Immediate: 2826M (81%), CSet: 656M (18%)
[2025-05-18T21:31:27.320+0300][11376][5460 ][info][gc,ergo     ] GC(29) Pacer for Evacuation. Used CSet: 657M, Free: 3055M, Non-Taxable: 305M, Alloc Tax Rate: 1.1x
[2025-05-18T21:31:27.320+0300][11376][5460 ][info][gc          ] GC(29) Pause Final Mark (unload classes) 0.405ms
[2025-05-18T21:31:27.320+0300][11376][20632][info][gc,start    ] GC(29) Concurrent thread roots
[2025-05-18T21:31:27.320+0300][11376][20632][info][gc,task     ] GC(29) Using 2 of 4 workers for Concurrent thread roots
[2025-05-18T21:31:27.321+0300][11376][20632][info][gc          ] GC(29) Concurrent thread roots 0.296ms
[2025-05-18T21:31:27.321+0300][11376][20632][info][gc,start    ] GC(29) Concurrent weak references
[2025-05-18T21:31:27.321+0300][11376][20632][info][gc,task     ] GC(29) Using 2 of 4 workers for concurrent weak references
[2025-05-18T21:31:27.321+0300][11376][20632][info][gc,ref      ] GC(29) Encountered references: Soft: 152, Weak: 1313, Final: 3, Phantom: 48
[2025-05-18T21:31:27.321+0300][11376][20632][info][gc,ref      ] GC(29) Discovered  references: Soft: 0, Weak: 808, Final: 1, Phantom: 34
[2025-05-18T21:31:27.321+0300][11376][20632][info][gc,ref      ] GC(29) Enqueued    references: Soft: 0, Weak: 544, Final: 0, Phantom: 0
[2025-05-18T21:31:27.321+0300][11376][20632][info][gc          ] GC(29) Concurrent weak references 0.382ms
[2025-05-18T21:31:27.321+0300][11376][20632][info][gc,start    ] GC(29) Concurrent weak roots
[2025-05-18T21:31:27.321+0300][11376][20632][info][gc,task     ] GC(29) Using 2 of 4 workers for concurrent weak root
[2025-05-18T21:31:27.326+0300][11376][20632][info][gc          ] GC(29) Concurrent weak roots 4.538ms
[2025-05-18T21:31:27.326+0300][11376][20632][info][gc,start    ] GC(29) Concurrent cleanup
[2025-05-18T21:31:27.326+0300][11376][20632][info][gc          ] GC(29) Concurrent cleanup 3668M->842M(4096M) 0.161ms
[2025-05-18T21:31:27.326+0300][11376][20632][info][gc,ergo     ] GC(29) Free: 3041M, Max: 2048K regular, 212M humongous, Frag: 94% external, 0% internal; Reserve: 205M, Max: 2048K
[2025-05-18T21:31:27.326+0300][11376][20632][info][gc,start    ] GC(29) Concurrent class unloading
[2025-05-18T21:31:27.326+0300][11376][20632][info][gc,task     ] GC(29) Using 2 of 4 workers for concurrent class unloading
[2025-05-18T21:31:27.329+0300][11376][20632][info][gc          ] GC(29) Concurrent class unloading 2.868ms
[2025-05-18T21:31:27.329+0300][11376][20632][info][gc,start    ] GC(29) Concurrent strong roots
[2025-05-18T21:31:27.329+0300][11376][20632][info][gc,task     ] GC(29) Using 2 of 4 workers for concurrent strong root
[2025-05-18T21:31:27.329+0300][11376][20632][info][gc          ] GC(29) Concurrent strong roots 0.241ms
[2025-05-18T21:31:27.329+0300][11376][20632][info][gc,start    ] GC(29) Concurrent evacuation
[2025-05-18T21:31:27.329+0300][11376][20632][info][gc,task     ] GC(29) Using 2 of 4 workers for concurrent evacuation
[2025-05-18T21:31:27.332+0300][11376][20632][info][gc          ] GC(29) Concurrent evacuation 2.593ms
[2025-05-18T21:31:27.332+0300][11376][5460 ][info][gc,start    ] GC(29) Pause Init Update Refs
[2025-05-18T21:31:27.332+0300][11376][5460 ][info][gc,ergo     ] GC(29) Pacer for Update Refs. Used: 853M, Free: 3031M, Non-Taxable: 303M, Alloc Tax Rate: 1.1x
[2025-05-18T21:31:27.332+0300][11376][5460 ][info][gc          ] GC(29) Pause Init Update Refs 0.094ms
[2025-05-18T21:31:27.332+0300][11376][20632][info][gc,start    ] GC(29) Concurrent update references
[2025-05-18T21:31:27.332+0300][11376][20632][info][gc,task     ] GC(29) Using 2 of 4 workers for concurrent reference update
[2025-05-18T21:31:27.368+0300][11376][20632][info][gc          ] GC(29) Concurrent update references 35.928ms
[2025-05-18T21:31:27.368+0300][11376][20632][info][gc,start    ] GC(29) Concurrent update thread roots
[2025-05-18T21:31:27.384+0300][11376][20632][info][gc          ] GC(29) Concurrent update thread roots 15.658ms
[2025-05-18T21:31:27.384+0300][11376][5460 ][info][gc,start    ] GC(29) Pause Final Update Refs
[2025-05-18T21:31:27.384+0300][11376][5460 ][info][gc,task     ] GC(29) Using 4 of 4 workers for final reference update
[2025-05-18T21:31:27.384+0300][11376][5460 ][info][gc          ] GC(29) Pause Final Update Refs 0.174ms
[2025-05-18T21:31:27.384+0300][11376][20632][info][gc,start    ] GC(29) Concurrent cleanup
[2025-05-18T21:31:27.384+0300][11376][20632][info][gc          ] GC(29) Concurrent cleanup 959M->301M(4096M) 0.095ms
[2025-05-18T21:31:27.384+0300][11376][20632][info][gc,ergo     ] Free: 3582M, Max: 2048K regular, 3328M humongous, Frag: 7% external, 0% internal; Reserve: 206M, Max: 2048K
[2025-05-18T21:31:27.384+0300][11376][20632][info][gc,stats    ] 
[2025-05-18T21:31:27.384+0300][11376][20632][info][gc,stats    ] All times are wall-clock times, except per-root-class counters, that are sum over
[2025-05-18T21:31:27.384+0300][11376][20632][info][gc,stats    ] all workers. Dividing the <total> over the root stage time estimates parallelism.
[2025-05-18T21:31:27.384+0300][11376][20632][info][gc,stats    ] 
[2025-05-18T21:31:27.384+0300][11376][20632][info][gc,stats    ] Concurrent Reset                   1886 us
[2025-05-18T21:31:27.384+0300][11376][20632][info][gc,stats    ] Pause Init Mark (G)                1247 us
[2025-05-18T21:31:27.384+0300][11376][20632][info][gc,stats    ] Pause Init Mark (N)                 200 us
[2025-05-18T21:31:27.384+0300][11376][20632][info][gc,stats    ]   Update Region States               25 us
[2025-05-18T21:31:27.384+0300][11376][20632][info][gc,stats    ] Concurrent Mark Roots               277 us, parallelism: 0.76x
[2025-05-18T21:31:27.384+0300][11376][20632][info][gc,stats    ]   CMR: <total>                      210 us
[2025-05-18T21:31:27.384+0300][11376][20632][info][gc,stats    ]   CMR: Thread Roots                 123 us, workers (us):  27,  96, ---, ---, 
[2025-05-18T21:31:27.384+0300][11376][20632][info][gc,stats    ]   CMR: VM Strong Roots               12 us, workers (us):   6,   6, ---, ---, 
[2025-05-18T21:31:27.384+0300][11376][20632][info][gc,stats    ]   CMR: CLDG Roots                    76 us, workers (us):  76, ---, ---, ---, 
[2025-05-18T21:31:27.385+0300][11376][20632][info][gc,stats    ] Concurrent Marking                75525 us
[2025-05-18T21:31:27.385+0300][11376][20632][info][gc,stats    ] Pause Final Mark (G)                598 us
[2025-05-18T21:31:27.385+0300][11376][20632][info][gc,stats    ] Pause Final Mark (N)                429 us
[2025-05-18T21:31:27.385+0300][11376][20632][info][gc,stats    ]   Finish Mark                        77 us
[2025-05-18T21:31:27.385+0300][11376][20632][info][gc,stats    ]   Update Region States               35 us
[2025-05-18T21:31:27.385+0300][11376][20632][info][gc,stats    ]   Choose Collection Set             150 us
[2025-05-18T21:31:27.385+0300][11376][20632][info][gc,stats    ]   Rebuild Free Set                   28 us
[2025-05-18T21:31:27.385+0300][11376][20632][info][gc,stats    ] Concurrent Thread Roots             348 us, parallelism: 0.93x
[2025-05-18T21:31:27.385+0300][11376][20632][info][gc,stats    ]   CTR: <total>                      323 us
[2025-05-18T21:31:27.385+0300][11376][20632][info][gc,stats    ]   CTR: Thread Roots                 323 us, workers (us): 200, 123, ---, ---, 
[2025-05-18T21:31:27.385+0300][11376][20632][info][gc,stats    ] Concurrent Weak References          406 us, parallelism: 0.60x
[2025-05-18T21:31:27.385+0300][11376][20632][info][gc,stats    ]   CWRF: <total>                     243 us
[2025-05-18T21:31:27.385+0300][11376][20632][info][gc,stats    ]   CWRF: Weak References             243 us, workers (us):  28, 215, ---, ---, 
[2025-05-18T21:31:27.385+0300][11376][20632][info][gc,stats    ] Concurrent Weak Roots              4606 us
[2025-05-18T21:31:27.385+0300][11376][20632][info][gc,stats    ]   Roots                             889 us, parallelism: 1.87x
[2025-05-18T21:31:27.385+0300][11376][20632][info][gc,stats    ]     CWR: <total>                   1660 us
[2025-05-18T21:31:27.385+0300][11376][20632][info][gc,stats    ]     CWR: Code Cache Roots          1239 us, workers (us): 631, 609, ---, ---, 
[2025-05-18T21:31:27.385+0300][11376][20632][info][gc,stats    ]     CWR: VM Weak Roots              411 us, workers (us): 211, 199, ---, ---, 
[2025-05-18T21:31:27.385+0300][11376][20632][info][gc,stats    ]     CWR: CLDG Roots                  10 us, workers (us): ---,  10, ---, ---, 
[2025-05-18T21:31:27.385+0300][11376][20632][info][gc,stats    ]   Rendezvous                       3605 us
[2025-05-18T21:31:27.385+0300][11376][20632][info][gc,stats    ] Concurrent Cleanup                  189 us
[2025-05-18T21:31:27.385+0300][11376][20632][info][gc,stats    ] Concurrent Class Unloading         2921 us
[2025-05-18T21:31:27.385+0300][11376][20632][info][gc,stats    ]   Unlink Stale                     2125 us
[2025-05-18T21:31:27.385+0300][11376][20632][info][gc,stats    ]     System Dictionary                12 us
[2025-05-18T21:31:27.385+0300][11376][20632][info][gc,stats    ]     Weak Class Links                  0 us
[2025-05-18T21:31:27.385+0300][11376][20632][info][gc,stats    ]     Code Roots                     2111 us
[2025-05-18T21:31:27.385+0300][11376][20632][info][gc,stats    ]   Rendezvous                        680 us
[2025-05-18T21:31:27.385+0300][11376][20632][info][gc,stats    ]   Purge Unlinked                     13 us
[2025-05-18T21:31:27.385+0300][11376][20632][info][gc,stats    ]     Code Roots                        4 us
[2025-05-18T21:31:27.385+0300][11376][20632][info][gc,stats    ]     CLDG                              9 us
[2025-05-18T21:31:27.385+0300][11376][20632][info][gc,stats    ]     Exception Caches                  0 us
[2025-05-18T21:31:27.385+0300][11376][20632][info][gc,stats    ] Concurrent Strong Roots             275 us, parallelism: 0.58x
[2025-05-18T21:31:27.385+0300][11376][20632][info][gc,stats    ]   CSR: <total>                      160 us
[2025-05-18T21:31:27.385+0300][11376][20632][info][gc,stats    ]   CSR: VM Strong Roots               10 us, workers (us):   4,   5, ---, ---, 
[2025-05-18T21:31:27.385+0300][11376][20632][info][gc,stats    ]   CSR: CLDG Roots                   150 us, workers (us): 150, ---, ---, ---, 
[2025-05-18T21:31:27.385+0300][11376][20632][info][gc,stats    ] Concurrent Evacuation              2650 us
[2025-05-18T21:31:27.385+0300][11376][20632][info][gc,stats    ] Pause Init Update Refs (G)          253 us
[2025-05-18T21:31:27.385+0300][11376][20632][info][gc,stats    ] Pause Init Update Refs (N)          117 us
[2025-05-18T21:31:27.385+0300][11376][20632][info][gc,stats    ]   Manage GCLABs                       6 us
[2025-05-18T21:31:27.385+0300][11376][20632][info][gc,stats    ] Concurrent Update Refs            36012 us
[2025-05-18T21:31:27.385+0300][11376][20632][info][gc,stats    ] Concurrent Update Thread Roots    15730 us
[2025-05-18T21:31:27.385+0300][11376][20632][info][gc,stats    ] Pause Final Update Refs (G)         349 us
[2025-05-18T21:31:27.385+0300][11376][20632][info][gc,stats    ] Pause Final Update Refs (N)         201 us
[2025-05-18T21:31:27.385+0300][11376][20632][info][gc,stats    ]   Update Region States               42 us
[2025-05-18T21:31:27.385+0300][11376][20632][info][gc,stats    ]   Trash Collection Set               13 us
[2025-05-18T21:31:27.385+0300][11376][20632][info][gc,stats    ]   Rebuild Free Set                   32 us
[2025-05-18T21:31:27.386+0300][11376][20632][info][gc,stats    ] Concurrent Cleanup                  124 us
[2025-05-18T21:31:27.386+0300][11376][20632][info][gc,stats    ] 
[2025-05-18T21:31:27.386+0300][11376][20632][info][gc,stats    ] Allocation pacing accrued:
[2025-05-18T21:31:27.386+0300][11376][20632][info][gc,stats    ]       0 of  1469 ms (  0.0%): <total>
[2025-05-18T21:31:27.386+0300][11376][20632][info][gc,stats    ]       0 of  1469 ms (  0.0%): <average total>
[2025-05-18T21:31:27.386+0300][11376][20632][info][gc,stats    ] 
[2025-05-18T21:31:27.386+0300][11376][20632][info][gc,metaspace] Metaspace: 8612K(9664K)->8612K(9664K) NonClass: 7761K(8384K)->7761K(8384K) Class: 850K(1280K)->850K(1280K)
[2025-05-18T21:31:27.386+0300][11376][20632][info][gc,ergo     ] Pacer for Idle. Initial: 83886K, Alloc Tax Rate: 1.0x
[2025-05-18T21:31:28.281+0300][11376][3188 ][info][gc          ] Cancelling GC: Stopping VM
[2025-05-18T21:31:28.286+0300][11376][3188 ][info][gc,heap,exit] Heap
[2025-05-18T21:31:28.286+0300][11376][3188 ][info][gc,heap,exit] Shenandoah Heap
[2025-05-18T21:31:28.286+0300][11376][3188 ][info][gc,heap,exit]  4096M max, 4096M soft max, 4096M committed, 1659M used
[2025-05-18T21:31:28.286+0300][11376][3188 ][info][gc,heap,exit]  2048 x 2048K regions
[2025-05-18T21:31:28.286+0300][11376][3188 ][info][gc,heap,exit] Status: cancelled
[2025-05-18T21:31:28.286+0300][11376][3188 ][info][gc,heap,exit] Reserved region:
[2025-05-18T21:31:28.286+0300][11376][3188 ][info][gc,heap,exit]  - [0x0000000700000000, 0x0000000800000000) 
[2025-05-18T21:31:28.286+0300][11376][3188 ][info][gc,heap,exit] Collection set:
[2025-05-18T21:31:28.286+0300][11376][3188 ][info][gc,heap,exit]  - map (vanilla): 0x0000000000013800
[2025-05-18T21:31:28.286+0300][11376][3188 ][info][gc,heap,exit]  - map (biased):  0x0000000000010000
[2025-05-18T21:31:28.286+0300][11376][3188 ][info][gc,heap,exit] 
[2025-05-18T21:31:28.286+0300][11376][3188 ][info][gc,heap,exit]  Metaspace       used 8657K, committed 9664K, reserved 1114112K
[2025-05-18T21:31:28.286+0300][11376][3188 ][info][gc,heap,exit]   class space    used 856K, committed 1280K, reserved 1048576K
[2025-05-18T21:31:28.286+0300][11376][3188 ][info][gc,stats    ] 
[2025-05-18T21:31:28.286+0300][11376][3188 ][info][gc,stats    ] GC STATISTICS:
[2025-05-18T21:31:28.286+0300][11376][3188 ][info][gc,stats    ]   "(G)" (gross) pauses include VM time: time to notify and block threads, do the pre-
[2025-05-18T21:31:28.286+0300][11376][3188 ][info][gc,stats    ]         and post-safepoint housekeeping. Use -Xlog:safepoint+stats to dissect.
[2025-05-18T21:31:28.286+0300][11376][3188 ][info][gc,stats    ]   "(N)" (net) pauses are the times spent in the actual GC code.
[2025-05-18T21:31:28.286+0300][11376][3188 ][info][gc,stats    ]   "a" is average time for each phase, look at levels to see if average makes sense.
[2025-05-18T21:31:28.286+0300][11376][3188 ][info][gc,stats    ]   "lvls" are quantiles: 0% (minimum), 25%, 50% (median), 75%, 100% (maximum).
[2025-05-18T21:31:28.286+0300][11376][3188 ][info][gc,stats    ] 
[2025-05-18T21:31:28.286+0300][11376][3188 ][info][gc,stats    ]   All times are wall-clock times, except per-root-class counters, that are sum over
[2025-05-18T21:31:28.286+0300][11376][3188 ][info][gc,stats    ]   all workers. Dividing the <total> over the root stage time estimates parallelism.
[2025-05-18T21:31:28.286+0300][11376][3188 ][info][gc,stats    ] 
[2025-05-18T21:31:28.286+0300][11376][3188 ][info][gc,stats    ]   Pacing delays are measured from entering the pacing code till exiting it. Therefore,
[2025-05-18T21:31:28.286+0300][11376][3188 ][info][gc,stats    ]   observed pacing delays may be higher than the threshold when paced thread spent more
[2025-05-18T21:31:28.286+0300][11376][3188 ][info][gc,stats    ]   time in the pacing code. It usually happens when thread is de-scheduled while paced,
[2025-05-18T21:31:28.286+0300][11376][3188 ][info][gc,stats    ]   OS takes longer to unblock the thread, or JVM experiences an STW pause.
[2025-05-18T21:31:28.286+0300][11376][3188 ][info][gc,stats    ] 
[2025-05-18T21:31:28.286+0300][11376][3188 ][info][gc,stats    ]   Higher delay would prevent application outpacing the GC, but it will hide the GC latencies
[2025-05-18T21:31:28.286+0300][11376][3188 ][info][gc,stats    ]   from the STW pause times. Pacing affects the individual threads, and so it would also be
[2025-05-18T21:31:28.286+0300][11376][3188 ][info][gc,stats    ]   invisible to the usual profiling tools, but would add up to end-to-end application latency.
[2025-05-18T21:31:28.286+0300][11376][3188 ][info][gc,stats    ]   Raise max pacing delay with care.
[2025-05-18T21:31:28.286+0300][11376][3188 ][info][gc,stats    ] 
[2025-05-18T21:31:28.286+0300][11376][3188 ][info][gc,stats    ] Concurrent Reset               =    0.037 s (a =     1242 us) (n =    30) (lvls, us =      291,      742,      973,     1758,     3206)
[2025-05-18T21:31:28.286+0300][11376][3188 ][info][gc,stats    ] Pause Init Mark (G)            =    0.028 s (a =      920 us) (n =    30) (lvls, us =      166,      326,      342,      391,    14809)
[2025-05-18T21:31:28.286+0300][11376][3188 ][info][gc,stats    ] Pause Init Mark (N)            =    0.005 s (a =      178 us) (n =    30) (lvls, us =      102,      156,      174,      191,      340)
[2025-05-18T21:31:28.286+0300][11376][3188 ][info][gc,stats    ]   Update Region States         =    0.001 s (a =       30 us) (n =    30) (lvls, us =       12,       16,       27,       34,      107)
[2025-05-18T21:31:28.286+0300][11376][3188 ][info][gc,stats    ] Concurrent Mark Roots          =    0.009 s (a =      295 us) (n =    30) (lvls, us =      176,      252,      275,      311,      667)
[2025-05-18T21:31:28.286+0300][11376][3188 ][info][gc,stats    ]   CMR: <total>                 =    0.007 s (a =      246 us) (n =    30) (lvls, us =      104,      180,      219,      246,      702)
[2025-05-18T21:31:28.286+0300][11376][3188 ][info][gc,stats    ]   CMR: Thread Roots            =    0.005 s (a =      155 us) (n =    30) (lvls, us =       51,       91,      125,      148,      617)
[2025-05-18T21:31:28.286+0300][11376][3188 ][info][gc,stats    ]   CMR: VM Strong Roots         =    0.000 s (a =       12 us) (n =    30) (lvls, us =        6,       10,       11,       12,       26)
[2025-05-18T21:31:28.286+0300][11376][3188 ][info][gc,stats    ]   CMR: CLDG Roots              =    0.002 s (a =       79 us) (n =    30) (lvls, us =       48,       74,       80,       84,      109)
[2025-05-18T21:31:28.286+0300][11376][3188 ][info][gc,stats    ] Concurrent Marking             =    0.737 s (a =    24574 us) (n =    30) (lvls, us =     2246,     5078,     9160,    44727,    92440)
[2025-05-18T21:31:28.286+0300][11376][3188 ][info][gc,stats    ] Pause Final Mark (G)           =    0.049 s (a =     1643 us) (n =    30) (lvls, us =      297,      426,      518,      596,    17041)
[2025-05-18T21:31:28.286+0300][11376][3188 ][info][gc,stats    ] Pause Final Mark (N)           =    0.013 s (a =      449 us) (n =    30) (lvls, us =      221,      316,      387,      434,     2199)
[2025-05-18T21:31:28.286+0300][11376][3188 ][info][gc,stats    ]   Finish Mark                  =    0.002 s (a =       68 us) (n =    30) (lvls, us =       34,       45,       54,       59,      349)
[2025-05-18T21:31:28.286+0300][11376][3188 ][info][gc,stats    ]   Update Region States         =    0.001 s (a =       38 us) (n =    30) (lvls, us =       11,       32,       38,       42,       57)
[2025-05-18T21:31:28.286+0300][11376][3188 ][info][gc,stats    ]   Choose Collection Set        =    0.004 s (a =      117 us) (n =    30) (lvls, us =       45,       82,      123,      139,      178)
[2025-05-18T21:31:28.287+0300][11376][3188 ][info][gc,stats    ]   Rebuild Free Set             =    0.001 s (a =       23 us) (n =    30) (lvls, us =       10,       18,       25,       27,       34)
[2025-05-18T21:31:28.287+0300][11376][3188 ][info][gc,stats    ] Concurrent Thread Roots        =    0.013 s (a =      450 us) (n =    28) (lvls, us =      170,      248,      311,      398,     2632)
[2025-05-18T21:31:28.287+0300][11376][3188 ][info][gc,stats    ]   CTR: <total>                 =    0.012 s (a =      428 us) (n =    28) (lvls, us =       51,      197,      283,      414,     2537)
[2025-05-18T21:31:28.287+0300][11376][3188 ][info][gc,stats    ]   CTR: Thread Roots            =    0.012 s (a =      428 us) (n =    28) (lvls, us =       51,      197,      283,      414,     2537)
[2025-05-18T21:31:28.287+0300][11376][3188 ][info][gc,stats    ] Concurrent Weak References     =    0.010 s (a =      346 us) (n =    30) (lvls, us =      180,      230,      297,      424,      627)
[2025-05-18T21:31:28.287+0300][11376][3188 ][info][gc,stats    ]   CWRF: <total>                =    0.006 s (a =      199 us) (n =    30) (lvls, us =       28,       94,      230,      256,      653)
[2025-05-18T21:31:28.287+0300][11376][3188 ][info][gc,stats    ]   CWRF: Weak References        =    0.006 s (a =      199 us) (n =    30) (lvls, us =       28,       94,      230,      256,      653)
[2025-05-18T21:31:28.287+0300][11376][3188 ][info][gc,stats    ] Concurrent Weak Roots          =    0.400 s (a =    13330 us) (n =    30) (lvls, us =      520,     1387,     5410,    22461,    45846)
[2025-05-18T21:31:28.287+0300][11376][3188 ][info][gc,stats    ]   Roots                        =    0.025 s (a =      822 us) (n =    30) (lvls, us =      375,      736,      789,      834,     1397)
[2025-05-18T21:31:28.287+0300][11376][3188 ][info][gc,stats    ]     CWR: <total>               =    0.045 s (a =     1485 us) (n =    30) (lvls, us =      479,     1328,     1445,     1523,     2584)
[2025-05-18T21:31:28.287+0300][11376][3188 ][info][gc,stats    ]     CWR: Code Cache Roots      =    0.032 s (a =     1078 us) (n =    30) (lvls, us =      229,      980,     1035,     1074,     2063)
[2025-05-18T21:31:28.287+0300][11376][3188 ][info][gc,stats    ]     CWR: VM Weak Roots         =    0.012 s (a =      397 us) (n =    30) (lvls, us =      207,      332,      408,      430,      641)
[2025-05-18T21:31:28.287+0300][11376][3188 ][info][gc,stats    ]     CWR: CLDG Roots            =    0.000 s (a =       10 us) (n =    30) (lvls, us =        1,        7,        8,       10,       31)
[2025-05-18T21:31:28.287+0300][11376][3188 ][info][gc,stats    ]   Rendezvous                   =    0.372 s (a =    12392 us) (n =    30) (lvls, us =       64,      521,     4473,    21680,    44709)
[2025-05-18T21:31:28.287+0300][11376][3188 ][info][gc,stats    ] Concurrent Cleanup             =    0.007 s (a =      225 us) (n =    30) (lvls, us =       37,      102,      150,      188,     2489)
[2025-05-18T21:31:28.287+0300][11376][3188 ][info][gc,stats    ] Concurrent Class Unloading     =    0.309 s (a =    10312 us) (n =    30) (lvls, us =     1543,     3008,     5156,    12500,    46421)
[2025-05-18T21:31:28.287+0300][11376][3188 ][info][gc,stats    ]   Unlink Stale                 =    0.072 s (a =     2388 us) (n =    30) (lvls, us =     1172,     1953,     2207,     2402,     4645)
[2025-05-18T21:31:28.287+0300][11376][3188 ][info][gc,stats    ]     System Dictionary          =    0.001 s (a =       31 us) (n =    30) (lvls, us =        7,       11,       14,       17,      354)
[2025-05-18T21:31:28.287+0300][11376][3188 ][info][gc,stats    ]     Weak Class Links           =    0.005 s (a =      151 us) (n =    30) (lvls, us =        0,        0,        0,        0,     2128)
[2025-05-18T21:31:28.287+0300][11376][3188 ][info][gc,stats    ]     Code Roots                 =    0.066 s (a =     2204 us) (n =    30) (lvls, us =      600,     1934,     2109,     2285,     4627)
[2025-05-18T21:31:28.287+0300][11376][3188 ][info][gc,stats    ]   Rendezvous                   =    0.229 s (a =     7630 us) (n =    30) (lvls, us =      125,      588,     2715,     9531,    44096)
[2025-05-18T21:31:28.287+0300][11376][3188 ][info][gc,stats    ]   Purge Unlinked               =    0.005 s (a =      174 us) (n =    30) (lvls, us =       13,       44,       93,      156,     1587)
[2025-05-18T21:31:28.287+0300][11376][3188 ][info][gc,stats    ]     Code Roots                 =    0.004 s (a =      141 us) (n =    30) (lvls, us =        4,       32,       83,      143,     1052)
[2025-05-18T21:31:28.287+0300][11376][3188 ][info][gc,stats    ]     CLDG                       =    0.001 s (a =       33 us) (n =    30) (lvls, us =        5,       10,       11,       15,      533)
[2025-05-18T21:31:28.287+0300][11376][3188 ][info][gc,stats    ]     Exception Caches           =    0.000 s (a =        0 us) (n =    30) (lvls, us =        0,        0,        0,        0,        0)
[2025-05-18T21:31:28.287+0300][11376][3188 ][info][gc,stats    ] Concurrent Strong Roots        =    0.009 s (a =      319 us) (n =    28) (lvls, us =      242,      281,      305,      326,      536)
[2025-05-18T21:31:28.287+0300][11376][3188 ][info][gc,stats    ]   CSR: <total>                 =    0.005 s (a =      184 us) (n =    28) (lvls, us =      139,      152,      164,      186,      367)
[2025-05-18T21:31:28.287+0300][11376][3188 ][info][gc,stats    ]   CSR: VM Strong Roots         =    0.000 s (a =       11 us) (n =    28) (lvls, us =        8,       10,       11,       12,       19)
[2025-05-18T21:31:28.287+0300][11376][3188 ][info][gc,stats    ]   CSR: CLDG Roots              =    0.005 s (a =      172 us) (n =    28) (lvls, us =      131,      143,      152,      174,      355)
[2025-05-18T21:31:28.287+0300][11376][3188 ][info][gc,stats    ] Concurrent Evacuation          =    0.115 s (a =     4095 us) (n =    28) (lvls, us =     1152,     1777,     2832,     4395,    17817)
[2025-05-18T21:31:28.287+0300][11376][3188 ][info][gc,stats    ] Pause Final Roots (G)          =    0.000 s (a =      172 us) (n =     2) (lvls, us =      113,      113,      113,      113,      228)
[2025-05-18T21:31:28.287+0300][11376][3188 ][info][gc,stats    ] Pause Final Roots (N)          =    0.000 s (a =       53 us) (n =     2) (lvls, us =       47,       47,       47,       47,       59)
[2025-05-18T21:31:28.287+0300][11376][3188 ][info][gc,stats    ] Pause Init Update Refs (G)     =    0.018 s (a =      659 us) (n =    28) (lvls, us =      176,      230,      260,      316,     9618)
[2025-05-18T21:31:28.287+0300][11376][3188 ][info][gc,stats    ] Pause Init Update Refs (N)     =    0.004 s (a =      125 us) (n =    28) (lvls, us =       80,      107,      117,      131,      239)
[2025-05-18T21:31:28.287+0300][11376][3188 ][info][gc,stats    ]   Manage GCLABs                =    0.000 s (a =        6 us) (n =    28) (lvls, us =        2,        5,        6,        6,       18)
[2025-05-18T21:31:28.287+0300][11376][3188 ][info][gc,stats    ] Concurrent Update Refs         =    0.369 s (a =    13185 us) (n =    28) (lvls, us =     1465,     5605,     9023,    21484,    36012)
[2025-05-18T21:31:28.287+0300][11376][3188 ][info][gc,stats    ] Concurrent Update Thread Roots =    0.210 s (a =     7507 us) (n =    28) (lvls, us =      188,      645,     2559,    10352,    34597)
[2025-05-18T21:31:28.287+0300][11376][3188 ][info][gc,stats    ] Pause Final Update Refs (G)    =    0.010 s (a =      363 us) (n =    28) (lvls, us =      133,      301,      338,      406,      778)
[2025-05-18T21:31:28.287+0300][11376][3188 ][info][gc,stats    ] Pause Final Update Refs (N)    =    0.005 s (a =      186 us) (n =    28) (lvls, us =       68,      176,      193,      203,      243)
[2025-05-18T21:31:28.287+0300][11376][3188 ][info][gc,stats    ]   Update Region States         =    0.001 s (a =       41 us) (n =    28) (lvls, us =       21,       36,       40,       45,       66)
[2025-05-18T21:31:28.287+0300][11376][3188 ][info][gc,stats    ]   Trash Collection Set         =    0.000 s (a =        9 us) (n =    28) (lvls, us =        2,        6,       12,       13,       15)
[2025-05-18T21:31:28.287+0300][11376][3188 ][info][gc,stats    ]   Rebuild Free Set             =    0.001 s (a =       24 us) (n =    28) (lvls, us =        7,       20,       25,       29,       33)
[2025-05-18T21:31:28.287+0300][11376][3188 ][info][gc,stats    ] Concurrent Cleanup             =    0.003 s (a =      123 us) (n =    28) (lvls, us =       49,      109,      123,      137,      259)
[2025-05-18T21:31:28.287+0300][11376][3188 ][info][gc,stats    ] 
[2025-05-18T21:31:28.287+0300][11376][3188 ][info][gc,stats    ] 
[2025-05-18T21:31:28.287+0300][11376][3188 ][info][gc,stats    ] Under allocation pressure, concurrent cycles may cancel, and either continue cycle
[2025-05-18T21:31:28.287+0300][11376][3188 ][info][gc,stats    ] under stop-the-world pause or result in stop-the-world Full GC. Increase heap size,
[2025-05-18T21:31:28.287+0300][11376][3188 ][info][gc,stats    ] tune GC heuristics, set more aggressive pacing delay, or lower allocation rate
[2025-05-18T21:31:28.287+0300][11376][3188 ][info][gc,stats    ] to avoid Degenerated and Full GC cycles.
[2025-05-18T21:31:28.287+0300][11376][3188 ][info][gc,stats    ] 
[2025-05-18T21:31:28.287+0300][11376][3188 ][info][gc,stats    ]    30 successful concurrent GCs
[2025-05-18T21:31:28.287+0300][11376][3188 ][info][gc,stats    ]       3 invoked explicitly
[2025-05-18T21:31:28.287+0300][11376][3188 ][info][gc,stats    ]       0 invoked implicitly
[2025-05-18T21:31:28.287+0300][11376][3188 ][info][gc,stats    ] 
[2025-05-18T21:31:28.287+0300][11376][3188 ][info][gc,stats    ]     0 Degenerated GCs
[2025-05-18T21:31:28.287+0300][11376][3188 ][info][gc,stats    ]       0 caused by allocation failure
[2025-05-18T21:31:28.287+0300][11376][3188 ][info][gc,stats    ]       0 upgraded to Full GC
[2025-05-18T21:31:28.288+0300][11376][3188 ][info][gc,stats    ] 
[2025-05-18T21:31:28.288+0300][11376][3188 ][info][gc,stats    ]     0 Full GCs
[2025-05-18T21:31:28.288+0300][11376][3188 ][info][gc,stats    ]       0 invoked explicitly
[2025-05-18T21:31:28.288+0300][11376][3188 ][info][gc,stats    ]       0 invoked implicitly
[2025-05-18T21:31:28.288+0300][11376][3188 ][info][gc,stats    ]       0 caused by allocation failure
[2025-05-18T21:31:28.288+0300][11376][3188 ][info][gc,stats    ]       0 upgraded from Degenerated GC
[2025-05-18T21:31:28.288+0300][11376][3188 ][info][gc,stats    ] 
[2025-05-18T21:31:28.288+0300][11376][3188 ][info][gc,stats    ] 
