[2025-05-18T21:40:26.206+0300][18256][8404][info][gc] Min heap equals to max heap, disabling ShenandoahUncommit
[2025-05-18T21:40:26.210+0300][18256][8404][info][gc] Heuristics ergonomically sets -XX:+ExplicitGCInvokesConcurrent
[2025-05-18T21:40:26.210+0300][18256][8404][info][gc] Heuristics ergonomically sets -XX:+ShenandoahImplicitGCInvokesConcurrent
[2025-05-18T21:40:26.210+0300][18256][8404][info][gc] Using Shenandoah
[2025-05-18T21:40:26.234+0300][18256][8404][info][gc,ergo] Pacer for Idle. Initial: 245M, Alloc Tax Rate: 1.0x
[2025-05-18T21:40:26.234+0300][18256][8404][info][gc,init] Version: 21.0.7+6-LTS (release)
[2025-05-18T21:40:26.234+0300][18256][8404][info][gc,init] CPUs: 8 total, 8 available
[2025-05-18T21:40:26.234+0300][18256][8404][info][gc,init] Memory: 16183M
[2025-05-18T21:40:26.234+0300][18256][8404][info][gc,init] Large Page Support: Disabled
[2025-05-18T21:40:26.234+0300][18256][8404][info][gc,init] NUMA Support: Disabled
[2025-05-18T21:40:26.234+0300][18256][8404][info][gc,init] Compressed Oops: Enabled (Zero based)
[2025-05-18T21:40:26.234+0300][18256][8404][info][gc,init] Heap Min Capacity: 12G
[2025-05-18T21:40:26.234+0300][18256][8404][info][gc,init] Heap Initial Capacity: 12G
[2025-05-18T21:40:26.234+0300][18256][8404][info][gc,init] Heap Max Capacity: 12G
[2025-05-18T21:40:26.234+0300][18256][8404][info][gc,init] Pre-touch: Disabled
[2025-05-18T21:40:26.234+0300][18256][8404][info][gc,init] Mode: Snapshot-At-The-Beginning (SATB)
[2025-05-18T21:40:26.234+0300][18256][8404][info][gc,init] Heuristics: Adaptive
[2025-05-18T21:40:26.234+0300][18256][8404][info][gc,init] Heap Region Count: 3072
[2025-05-18T21:40:26.234+0300][18256][8404][info][gc,init] Heap Region Size: 4M
[2025-05-18T21:40:26.234+0300][18256][8404][info][gc,init] TLAB Size Max: 4M
[2025-05-18T21:40:26.234+0300][18256][8404][info][gc,init] Humongous Object Threshold: 4M
[2025-05-18T21:40:26.234+0300][18256][8404][info][gc,init] Parallel Workers: 4
[2025-05-18T21:40:26.234+0300][18256][8404][info][gc,init] Concurrent Workers: 2
[2025-05-18T21:40:26.242+0300][18256][8404][info][gc,metaspace] CDS archive(s) mapped at: [0x0000018557000000-0x0000018557c80000-0x0000018557c80000), size 13107200, SharedBaseAddress: 0x0000018557000000, ArchiveRelocationMode: 1.
[2025-05-18T21:40:26.242+0300][18256][8404][info][gc,metaspace] Compressed class space mapped at: 0x0000018558000000-0x0000018598000000, reserved size: 1073741824
[2025-05-18T21:40:26.242+0300][18256][8404][info][gc,metaspace] Narrow klass base: 0x0000018557000000, Narrow klass shift: 0, Narrow klass range: 0x100000000
[2025-05-18T21:40:28.177+0300][18256][23868][info][gc          ] Trigger: Explicit GC request (System.gc())
[2025-05-18T21:40:28.177+0300][18256][23868][info][gc,ergo     ] Free: 11512M, Max: 4096K regular, 11512M humongous, Frag: 0% external, 0% internal; Reserve: 616M, Max: 4096K
[2025-05-18T21:40:28.177+0300][18256][23868][info][gc,start    ] GC(0) Concurrent reset
[2025-05-18T21:40:28.177+0300][18256][23868][info][gc,task     ] GC(0) Using 2 of 4 workers for concurrent reset
[2025-05-18T21:40:28.177+0300][18256][23868][info][gc,ergo     ] GC(0) Pacer for Reset. Non-Taxable: 12288M
[2025-05-18T21:40:28.177+0300][18256][23868][info][gc          ] GC(0) Concurrent reset 0.290ms
[2025-05-18T21:40:28.177+0300][18256][24344][info][gc,start    ] GC(0) Pause Init Mark (unload classes)
[2025-05-18T21:40:28.177+0300][18256][24344][info][gc,task     ] GC(0) Using 4 of 4 workers for init marking
[2025-05-18T21:40:28.177+0300][18256][24344][info][gc,ref      ] GC(0) Clearing All SoftReferences
[2025-05-18T21:40:28.177+0300][18256][24344][info][gc,ergo     ] GC(0) Pacer for Mark. Expected Live: 1228M, Free: 11512M, Non-Taxable: 1151M, Alloc Tax Rate: 0.1x
[2025-05-18T21:40:28.177+0300][18256][24344][info][gc          ] GC(0) Pause Init Mark (unload classes) 0.235ms
[2025-05-18T21:40:28.177+0300][18256][23868][info][gc,start    ] GC(0) Concurrent marking roots
[2025-05-18T21:40:28.177+0300][18256][23868][info][gc,task     ] GC(0) Using 2 of 4 workers for concurrent marking roots
[2025-05-18T21:40:28.178+0300][18256][23868][info][gc          ] GC(0) Concurrent marking roots 0.422ms
[2025-05-18T21:40:28.178+0300][18256][23868][info][gc,start    ] GC(0) Concurrent marking (unload classes)
[2025-05-18T21:40:28.178+0300][18256][23868][info][gc,task     ] GC(0) Using 2 of 4 workers for concurrent marking
[2025-05-18T21:40:28.180+0300][18256][23868][info][gc          ] GC(0) Concurrent marking (unload classes) 2.306ms
[2025-05-18T21:40:28.180+0300][18256][24344][info][gc,start    ] GC(0) Pause Final Mark (unload classes)
[2025-05-18T21:40:28.180+0300][18256][24344][info][gc,task     ] GC(0) Using 4 of 4 workers for final marking
[2025-05-18T21:40:28.180+0300][18256][24344][info][gc,ergo     ] GC(0) Adaptive CSet Selection. Target Free: 1740M, Actual Free: 12128M, Max CSet: 512M, Min Garbage: 0B
[2025-05-18T21:40:28.180+0300][18256][24344][info][gc,ergo     ] GC(0) Collectable Garbage: 157M (100%), Immediate: 0B (0%), CSet: 157M (100%)
[2025-05-18T21:40:28.180+0300][18256][24344][info][gc,ergo     ] GC(0) Pacer for Evacuation. Used CSet: 160M, Free: 11512M, Non-Taxable: 1151M, Alloc Tax Rate: 1.1x
[2025-05-18T21:40:28.181+0300][18256][24344][info][gc          ] GC(0) Pause Final Mark (unload classes) 0.314ms
[2025-05-18T21:40:28.181+0300][18256][23868][info][gc,start    ] GC(0) Concurrent thread roots
[2025-05-18T21:40:28.181+0300][18256][23868][info][gc,task     ] GC(0) Using 2 of 4 workers for Concurrent thread roots
[2025-05-18T21:40:28.181+0300][18256][23868][info][gc          ] GC(0) Concurrent thread roots 0.177ms
[2025-05-18T21:40:28.181+0300][18256][23868][info][gc,start    ] GC(0) Concurrent weak references
[2025-05-18T21:40:28.181+0300][18256][23868][info][gc,task     ] GC(0) Using 2 of 4 workers for concurrent weak references
[2025-05-18T21:40:28.181+0300][18256][23868][info][gc,ref      ] GC(0) Encountered references: Soft: 80, Weak: 320, Final: 3, Phantom: 64
[2025-05-18T21:40:28.181+0300][18256][23868][info][gc,ref      ] GC(0) Discovered  references: Soft: 62, Weak: 228, Final: 3, Phantom: 60
[2025-05-18T21:40:28.181+0300][18256][23868][info][gc,ref      ] GC(0) Enqueued    references: Soft: 31, Weak: 82, Final: 0, Phantom: 34
[2025-05-18T21:40:28.181+0300][18256][23868][info][gc          ] GC(0) Concurrent weak references 0.231ms
[2025-05-18T21:40:28.181+0300][18256][23868][info][gc,start    ] GC(0) Concurrent weak roots
[2025-05-18T21:40:28.181+0300][18256][23868][info][gc,task     ] GC(0) Using 2 of 4 workers for concurrent weak root
[2025-05-18T21:40:28.181+0300][18256][23868][info][gc          ] GC(0) Concurrent weak roots 0.407ms
[2025-05-18T21:40:28.181+0300][18256][23868][info][gc,start    ] GC(0) Concurrent cleanup
[2025-05-18T21:40:28.181+0300][18256][23868][info][gc          ] GC(0) Concurrent cleanup 164M->164M(12288M) 0.022ms
[2025-05-18T21:40:28.181+0300][18256][23868][info][gc,ergo     ] GC(0) Free: 11508M, Max: 4096K regular, 11508M humongous, Frag: 0% external, 0% internal; Reserve: 615M, Max: 4096K
[2025-05-18T21:40:28.181+0300][18256][23868][info][gc,start    ] GC(0) Concurrent class unloading
[2025-05-18T21:40:28.182+0300][18256][23868][info][gc,task     ] GC(0) Using 2 of 4 workers for concurrent class unloading
[2025-05-18T21:40:28.183+0300][18256][23868][info][gc          ] GC(0) Concurrent class unloading 1.275ms
[2025-05-18T21:40:28.183+0300][18256][23868][info][gc,start    ] GC(0) Concurrent strong roots
[2025-05-18T21:40:28.183+0300][18256][23868][info][gc,task     ] GC(0) Using 2 of 4 workers for concurrent strong root
[2025-05-18T21:40:28.183+0300][18256][23868][info][gc          ] GC(0) Concurrent strong roots 0.273ms
[2025-05-18T21:40:28.183+0300][18256][23868][info][gc,start    ] GC(0) Concurrent evacuation
[2025-05-18T21:40:28.183+0300][18256][23868][info][gc,task     ] GC(0) Using 2 of 4 workers for concurrent evacuation
[2025-05-18T21:40:28.185+0300][18256][23868][info][gc          ] GC(0) Concurrent evacuation 1.465ms
[2025-05-18T21:40:28.185+0300][18256][24344][info][gc,start    ] GC(0) Pause Init Update Refs
[2025-05-18T21:40:28.185+0300][18256][24344][info][gc,ergo     ] GC(0) Pacer for Update Refs. Used: 167M, Free: 11508M, Non-Taxable: 1150M, Alloc Tax Rate: 1.1x
[2025-05-18T21:40:28.185+0300][18256][24344][info][gc          ] GC(0) Pause Init Update Refs 0.082ms
[2025-05-18T21:40:28.185+0300][18256][23868][info][gc,start    ] GC(0) Concurrent update references
[2025-05-18T21:40:28.185+0300][18256][23868][info][gc,task     ] GC(0) Using 2 of 4 workers for concurrent reference update
[2025-05-18T21:40:28.187+0300][18256][23868][info][gc          ] GC(0) Concurrent update references 1.929ms
[2025-05-18T21:40:28.187+0300][18256][23868][info][gc,start    ] GC(0) Concurrent update thread roots
[2025-05-18T21:40:28.187+0300][18256][23868][info][gc          ] GC(0) Concurrent update thread roots 0.115ms
[2025-05-18T21:40:28.187+0300][18256][24344][info][gc,start    ] GC(0) Pause Final Update Refs
[2025-05-18T21:40:28.187+0300][18256][24344][info][gc,task     ] GC(0) Using 4 of 4 workers for final reference update
[2025-05-18T21:40:28.187+0300][18256][24344][info][gc          ] GC(0) Pause Final Update Refs 0.065ms
[2025-05-18T21:40:28.187+0300][18256][23868][info][gc,start    ] GC(0) Concurrent cleanup
[2025-05-18T21:40:28.187+0300][18256][23868][info][gc          ] GC(0) Concurrent cleanup 167M->7M(12288M) 0.065ms
[2025-05-18T21:40:28.187+0300][18256][23868][info][gc,ergo     ] Free: 11664M, Max: 4096K regular, 11504M humongous, Frag: 2% external, 0% internal; Reserve: 616M, Max: 4096K
[2025-05-18T21:40:28.187+0300][18256][23868][info][gc,stats    ] 
[2025-05-18T21:40:28.187+0300][18256][23868][info][gc,stats    ] All times are wall-clock times, except per-root-class counters, that are sum over
[2025-05-18T21:40:28.187+0300][18256][23868][info][gc,stats    ] all workers. Dividing the <total> over the root stage time estimates parallelism.
[2025-05-18T21:40:28.187+0300][18256][23868][info][gc,stats    ] 
[2025-05-18T21:40:28.187+0300][18256][23868][info][gc,stats    ] Concurrent Reset                    314 us
[2025-05-18T21:40:28.187+0300][18256][23868][info][gc,stats    ] Pause Init Mark (G)                 383 us
[2025-05-18T21:40:28.187+0300][18256][23868][info][gc,stats    ] Pause Init Mark (N)                 247 us
[2025-05-18T21:40:28.187+0300][18256][23868][info][gc,stats    ]   Update Region States               15 us
[2025-05-18T21:40:28.187+0300][18256][23868][info][gc,stats    ] Concurrent Mark Roots               447 us, parallelism: 0.89x
[2025-05-18T21:40:28.187+0300][18256][23868][info][gc,stats    ]   CMR: <total>                      398 us
[2025-05-18T21:40:28.187+0300][18256][23868][info][gc,stats    ]   CMR: Thread Roots                 272 us, workers (us): 112, 160, ---, ---, 
[2025-05-18T21:40:28.187+0300][18256][23868][info][gc,stats    ]   CMR: VM Strong Roots               47 us, workers (us):  47,   0, ---, ---, 
[2025-05-18T21:40:28.187+0300][18256][23868][info][gc,stats    ]   CMR: CLDG Roots                    79 us, workers (us):  79, ---, ---, ---, 
[2025-05-18T21:40:28.187+0300][18256][23868][info][gc,stats    ] Concurrent Marking                 2349 us
[2025-05-18T21:40:28.187+0300][18256][23868][info][gc,stats    ] Pause Final Mark (G)                390 us
[2025-05-18T21:40:28.187+0300][18256][23868][info][gc,stats    ] Pause Final Mark (N)                326 us
[2025-05-18T21:40:28.187+0300][18256][23868][info][gc,stats    ]   Finish Mark                       209 us
[2025-05-18T21:40:28.187+0300][18256][23868][info][gc,stats    ]   Update Region States               19 us
[2025-05-18T21:40:28.187+0300][18256][23868][info][gc,stats    ]   Choose Collection Set              32 us
[2025-05-18T21:40:28.187+0300][18256][23868][info][gc,stats    ]   Rebuild Free Set                   11 us
[2025-05-18T21:40:28.187+0300][18256][23868][info][gc,stats    ] Concurrent Thread Roots             198 us, parallelism: 0.37x
[2025-05-18T21:40:28.187+0300][18256][23868][info][gc,stats    ]   CTR: <total>                       73 us
[2025-05-18T21:40:28.187+0300][18256][23868][info][gc,stats    ]   CTR: Thread Roots                  73 us, workers (us):  63,  10, ---, ---, 
[2025-05-18T21:40:28.187+0300][18256][23868][info][gc,stats    ] Concurrent Weak References          240 us, parallelism: 0.15x
[2025-05-18T21:40:28.187+0300][18256][23868][info][gc,stats    ]   CWRF: <total>                      35 us
[2025-05-18T21:40:28.187+0300][18256][23868][info][gc,stats    ]   CWRF: Weak References              35 us, workers (us):  35,   0, ---, ---, 
[2025-05-18T21:40:28.187+0300][18256][23868][info][gc,stats    ] Concurrent Weak Roots               441 us
[2025-05-18T21:40:28.187+0300][18256][23868][info][gc,stats    ]   Roots                             268 us, parallelism: 1.58x
[2025-05-18T21:40:28.187+0300][18256][23868][info][gc,stats    ]     CWR: <total>                    424 us
[2025-05-18T21:40:28.187+0300][18256][23868][info][gc,stats    ]     CWR: Code Cache Roots           190 us, workers (us):  99,  90, ---, ---, 
[2025-05-18T21:40:28.187+0300][18256][23868][info][gc,stats    ]     CWR: VM Weak Roots              234 us, workers (us): 140,  94, ---, ---, 
[2025-05-18T21:40:28.187+0300][18256][23868][info][gc,stats    ]     CWR: CLDG Roots                   1 us, workers (us): ---,   1, ---, ---, 
[2025-05-18T21:40:28.187+0300][18256][23868][info][gc,stats    ]   Rendezvous                         94 us
[2025-05-18T21:40:28.187+0300][18256][23868][info][gc,stats    ] Concurrent Cleanup                   32 us
[2025-05-18T21:40:28.187+0300][18256][23868][info][gc,stats    ] Concurrent Class Unloading         1324 us
[2025-05-18T21:40:28.187+0300][18256][23868][info][gc,stats    ]   Unlink Stale                     1050 us
[2025-05-18T21:40:28.188+0300][18256][23868][info][gc,stats    ]     System Dictionary                42 us
[2025-05-18T21:40:28.188+0300][18256][23868][info][gc,stats    ]     Weak Class Links                519 us
[2025-05-18T21:40:28.188+0300][18256][23868][info][gc,stats    ]     Code Roots                      488 us
[2025-05-18T21:40:28.188+0300][18256][23868][info][gc,stats    ]   Rendezvous                         31 us
[2025-05-18T21:40:28.188+0300][18256][23868][info][gc,stats    ]   Purge Unlinked                    173 us
[2025-05-18T21:40:28.188+0300][18256][23868][info][gc,stats    ]     Code Roots                      157 us
[2025-05-18T21:40:28.188+0300][18256][23868][info][gc,stats    ]     CLDG                             15 us
[2025-05-18T21:40:28.188+0300][18256][23868][info][gc,stats    ]     Exception Caches                  0 us
[2025-05-18T21:40:28.188+0300][18256][23868][info][gc,stats    ] Concurrent Strong Roots             303 us, parallelism: 0.54x
[2025-05-18T21:40:28.188+0300][18256][23868][info][gc,stats    ]   CSR: <total>                      165 us
[2025-05-18T21:40:28.188+0300][18256][23868][info][gc,stats    ]   CSR: VM Strong Roots                7 us, workers (us):   7,   0, ---, ---, 
[2025-05-18T21:40:28.188+0300][18256][23868][info][gc,stats    ]   CSR: CLDG Roots                   157 us, workers (us): 157, ---, ---, ---, 
[2025-05-18T21:40:28.188+0300][18256][23868][info][gc,stats    ] Concurrent Evacuation              1493 us
[2025-05-18T21:40:28.188+0300][18256][23868][info][gc,stats    ] Pause Init Update Refs (G)          161 us
[2025-05-18T21:40:28.188+0300][18256][23868][info][gc,stats    ] Pause Init Update Refs (N)           90 us
[2025-05-18T21:40:28.188+0300][18256][23868][info][gc,stats    ]   Manage GCLABs                       1 us
[2025-05-18T21:40:28.188+0300][18256][23868][info][gc,stats    ] Concurrent Update Refs             1955 us
[2025-05-18T21:40:28.188+0300][18256][23868][info][gc,stats    ] Concurrent Update Thread Roots      138 us
[2025-05-18T21:40:28.188+0300][18256][23868][info][gc,stats    ] Pause Final Update Refs (G)         131 us
[2025-05-18T21:40:28.188+0300][18256][23868][info][gc,stats    ] Pause Final Update Refs (N)          73 us
[2025-05-18T21:40:28.188+0300][18256][23868][info][gc,stats    ]   Update Region States               20 us
[2025-05-18T21:40:28.188+0300][18256][23868][info][gc,stats    ]   Trash Collection Set                2 us
[2025-05-18T21:40:28.188+0300][18256][23868][info][gc,stats    ]   Rebuild Free Set                   11 us
[2025-05-18T21:40:28.188+0300][18256][23868][info][gc,stats    ] Concurrent Cleanup                   77 us
[2025-05-18T21:40:28.188+0300][18256][23868][info][gc,stats    ] 
[2025-05-18T21:40:28.188+0300][18256][23868][info][gc,stats    ] Allocation pacing accrued:
[2025-05-18T21:40:28.188+0300][18256][23868][info][gc,stats    ]       0 of  1954 ms (  0.0%): <total>
[2025-05-18T21:40:28.188+0300][18256][23868][info][gc,stats    ]       0 of  1954 ms (  0.0%): <average total>
[2025-05-18T21:40:28.188+0300][18256][23868][info][gc,stats    ] 
[2025-05-18T21:40:28.188+0300][18256][23868][info][gc,metaspace] Metaspace: 2835K(3072K)->2829K(3072K) NonClass: 2578K(2688K)->2575K(2688K) Class: 256K(384K)->254K(384K)
[2025-05-18T21:40:28.188+0300][18256][23868][info][gc,ergo     ] Pacer for Idle. Initial: 245M, Alloc Tax Rate: 1.0x
[2025-05-18T21:40:30.693+0300][18256][23868][info][gc          ] Trigger: Learning 2 of 5. Free (8564M) is below initial threshold (8601M)
[2025-05-18T21:40:30.693+0300][18256][23868][info][gc,ergo     ] Free: 8564M, Max: 4096K regular, 8564M humongous, Frag: 0% external, 0% internal; Reserve: 616M, Max: 4096K
[2025-05-18T21:40:30.693+0300][18256][23868][info][gc,start    ] GC(1) Concurrent reset
[2025-05-18T21:40:30.693+0300][18256][23868][info][gc,task     ] GC(1) Using 2 of 4 workers for concurrent reset
[2025-05-18T21:40:30.693+0300][18256][23868][info][gc,ergo     ] GC(1) Pacer for Reset. Non-Taxable: 12288M
[2025-05-18T21:40:30.693+0300][18256][23868][info][gc          ] GC(1) Concurrent reset 0.728ms
[2025-05-18T21:40:30.694+0300][18256][24344][info][gc,start    ] GC(1) Pause Init Mark (unload classes)
[2025-05-18T21:40:30.694+0300][18256][24344][info][gc,task     ] GC(1) Using 4 of 4 workers for init marking
[2025-05-18T21:40:30.694+0300][18256][24344][info][gc,ergo     ] GC(1) Pacer for Mark. Expected Live: 2919K, Free: 8564M, Non-Taxable: 856M, Alloc Tax Rate: 0.0x
[2025-05-18T21:40:30.694+0300][18256][24344][info][gc          ] GC(1) Pause Init Mark (unload classes) 0.112ms
[2025-05-18T21:40:30.694+0300][18256][23868][info][gc,start    ] GC(1) Concurrent marking roots
[2025-05-18T21:40:30.694+0300][18256][23868][info][gc,task     ] GC(1) Using 2 of 4 workers for concurrent marking roots
[2025-05-18T21:40:30.694+0300][18256][23868][info][gc          ] GC(1) Concurrent marking roots 0.476ms
[2025-05-18T21:40:30.694+0300][18256][23868][info][gc,start    ] GC(1) Concurrent marking (unload classes)
[2025-05-18T21:40:30.694+0300][18256][23868][info][gc,task     ] GC(1) Using 2 of 4 workers for concurrent marking
[2025-05-18T21:40:30.725+0300][18256][23868][info][gc          ] GC(1) Concurrent marking (unload classes) 29.872ms
[2025-05-18T21:40:30.725+0300][18256][24344][info][gc,start    ] GC(1) Pause Final Mark (unload classes)
[2025-05-18T21:40:30.725+0300][18256][24344][info][gc,task     ] GC(1) Using 4 of 4 workers for final marking
[2025-05-18T21:40:30.725+0300][18256][24344][info][gc,ergo     ] GC(1) Adaptive CSet Selection. Target Free: 1740M, Actual Free: 10920M, Max CSet: 512M, Min Garbage: 0B
[2025-05-18T21:40:30.725+0300][18256][24344][info][gc,ergo     ] GC(1) Collectable Garbage: 3094M (99%), Immediate: 1848M (59%), CSet: 1246M (40%)
[2025-05-18T21:40:30.725+0300][18256][24344][info][gc,ergo     ] GC(1) Pacer for Evacuation. Used CSet: 1252M, Free: 10306M, Non-Taxable: 1030M, Alloc Tax Rate: 1.1x
[2025-05-18T21:40:30.725+0300][18256][24344][info][gc          ] GC(1) Pause Final Mark (unload classes) 0.328ms
[2025-05-18T21:40:30.725+0300][18256][23868][info][gc,start    ] GC(1) Concurrent thread roots
[2025-05-18T21:40:30.725+0300][18256][23868][info][gc,task     ] GC(1) Using 2 of 4 workers for Concurrent thread roots
[2025-05-18T21:40:30.726+0300][18256][23868][info][gc          ] GC(1) Concurrent thread roots 0.237ms
[2025-05-18T21:40:30.726+0300][18256][23868][info][gc,start    ] GC(1) Concurrent weak references
[2025-05-18T21:40:30.726+0300][18256][23868][info][gc,task     ] GC(1) Using 2 of 4 workers for concurrent weak references
[2025-05-18T21:40:30.726+0300][18256][23868][info][gc,ref      ] GC(1) Encountered references: Soft: 301, Weak: 1404, Final: 3, Phantom: 192
[2025-05-18T21:40:30.726+0300][18256][23868][info][gc,ref      ] GC(1) Discovered  references: Soft: 0, Weak: 910, Final: 1, Phantom: 188
[2025-05-18T21:40:30.726+0300][18256][23868][info][gc,ref      ] GC(1) Enqueued    references: Soft: 0, Weak: 609, Final: 0, Phantom: 143
[2025-05-18T21:40:30.726+0300][18256][23868][info][gc          ] GC(1) Concurrent weak references 0.319ms
[2025-05-18T21:40:30.726+0300][18256][23868][info][gc,start    ] GC(1) Concurrent weak roots
[2025-05-18T21:40:30.726+0300][18256][23868][info][gc,task     ] GC(1) Using 2 of 4 workers for concurrent weak root
[2025-05-18T21:40:30.740+0300][18256][23868][info][gc          ] GC(1) Concurrent weak roots 13.675ms
[2025-05-18T21:40:30.740+0300][18256][23868][info][gc,start    ] GC(1) Concurrent cleanup
[2025-05-18T21:40:30.740+0300][18256][23868][info][gc          ] GC(1) Concurrent cleanup 3273M->1425M(12288M) 0.089ms
[2025-05-18T21:40:30.740+0300][18256][23868][info][gc,ergo     ] GC(1) Free: 10256M, Max: 4096K regular, 8408M humongous, Frag: 19% external, 0% internal; Reserve: 597M, Max: 4096K
[2025-05-18T21:40:30.740+0300][18256][23868][info][gc,start    ] GC(1) Concurrent class unloading
[2025-05-18T21:40:30.740+0300][18256][23868][info][gc,task     ] GC(1) Using 2 of 4 workers for concurrent class unloading
[2025-05-18T21:40:30.758+0300][18256][23868][info][gc          ] GC(1) Concurrent class unloading 17.785ms
[2025-05-18T21:40:30.758+0300][18256][23868][info][gc,start    ] GC(1) Concurrent strong roots
[2025-05-18T21:40:30.758+0300][18256][23868][info][gc,task     ] GC(1) Using 2 of 4 workers for concurrent strong root
[2025-05-18T21:40:30.758+0300][18256][23868][info][gc          ] GC(1) Concurrent strong roots 0.434ms
[2025-05-18T21:40:30.758+0300][18256][23868][info][gc,start    ] GC(1) Concurrent evacuation
[2025-05-18T21:40:30.758+0300][18256][23868][info][gc,task     ] GC(1) Using 2 of 4 workers for concurrent evacuation
[2025-05-18T21:40:30.769+0300][18256][23868][info][gc          ] GC(1) Concurrent evacuation 11.219ms
[2025-05-18T21:40:30.770+0300][18256][24344][info][gc,start    ] GC(1) Pause Init Update Refs
[2025-05-18T21:40:30.770+0300][18256][24344][info][gc,ergo     ] GC(1) Pacer for Update Refs. Used: 1506M, Free: 10176M, Non-Taxable: 1017M, Alloc Tax Rate: 1.1x
[2025-05-18T21:40:30.770+0300][18256][24344][info][gc          ] GC(1) Pause Init Update Refs 0.071ms
[2025-05-18T21:40:30.770+0300][18256][23868][info][gc,start    ] GC(1) Concurrent update references
[2025-05-18T21:40:30.770+0300][18256][23868][info][gc,task     ] GC(1) Using 2 of 4 workers for concurrent reference update
[2025-05-18T21:40:30.788+0300][18256][23868][info][gc          ] GC(1) Concurrent update references 17.096ms
[2025-05-18T21:40:30.788+0300][18256][23868][info][gc,start    ] GC(1) Concurrent update thread roots
[2025-05-18T21:40:30.803+0300][18256][23868][info][gc          ] GC(1) Concurrent update thread roots 14.997ms
[2025-05-18T21:40:30.803+0300][18256][24344][info][gc,start    ] GC(1) Pause Final Update Refs
[2025-05-18T21:40:30.803+0300][18256][24344][info][gc,task     ] GC(1) Using 4 of 4 workers for final reference update
[2025-05-18T21:40:30.803+0300][18256][24344][info][gc          ] GC(1) Pause Final Update Refs 0.152ms
[2025-05-18T21:40:30.803+0300][18256][23868][info][gc,start    ] GC(1) Concurrent cleanup
[2025-05-18T21:40:30.803+0300][18256][23868][info][gc          ] GC(1) Concurrent cleanup 1598M->346M(12288M) 0.080ms
[2025-05-18T21:40:30.803+0300][18256][23868][info][gc,ergo     ] Free: 11325M, Max: 4096K regular, 8388M humongous, Frag: 26% external, 0% internal; Reserve: 616M, Max: 4096K
[2025-05-18T21:40:30.803+0300][18256][23868][info][gc,stats    ] 
[2025-05-18T21:40:30.803+0300][18256][23868][info][gc,stats    ] All times are wall-clock times, except per-root-class counters, that are sum over
[2025-05-18T21:40:30.803+0300][18256][23868][info][gc,stats    ] all workers. Dividing the <total> over the root stage time estimates parallelism.
[2025-05-18T21:40:30.803+0300][18256][23868][info][gc,stats    ] 
[2025-05-18T21:40:30.803+0300][18256][23868][info][gc,stats    ] Concurrent Reset                    775 us
[2025-05-18T21:40:30.803+0300][18256][23868][info][gc,stats    ] Pause Init Mark (G)                 200 us
[2025-05-18T21:40:30.803+0300][18256][23868][info][gc,stats    ] Pause Init Mark (N)                 127 us
[2025-05-18T21:40:30.803+0300][18256][23868][info][gc,stats    ]   Update Region States               20 us
[2025-05-18T21:40:30.803+0300][18256][23868][info][gc,stats    ] Concurrent Mark Roots               512 us, parallelism: 1.28x
[2025-05-18T21:40:30.803+0300][18256][23868][info][gc,stats    ]   CMR: <total>                      655 us
[2025-05-18T21:40:30.803+0300][18256][23868][info][gc,stats    ]   CMR: Thread Roots                 549 us, workers (us): 276, 273, ---, ---, 
[2025-05-18T21:40:30.803+0300][18256][23868][info][gc,stats    ]   CMR: VM Strong Roots               22 us, workers (us):  17,   5, ---, ---, 
[2025-05-18T21:40:30.803+0300][18256][23868][info][gc,stats    ]   CMR: CLDG Roots                    85 us, workers (us): ---,  85, ---, ---, 
[2025-05-18T21:40:30.803+0300][18256][23868][info][gc,stats    ] Concurrent Marking                29941 us
[2025-05-18T21:40:30.803+0300][18256][23868][info][gc,stats    ] Pause Final Mark (G)                635 us
[2025-05-18T21:40:30.803+0300][18256][23868][info][gc,stats    ] Pause Final Mark (N)                343 us
[2025-05-18T21:40:30.803+0300][18256][23868][info][gc,stats    ]   Finish Mark                        58 us
[2025-05-18T21:40:30.803+0300][18256][23868][info][gc,stats    ]   Update Region States               58 us
[2025-05-18T21:40:30.803+0300][18256][23868][info][gc,stats    ]   Choose Collection Set             104 us
[2025-05-18T21:40:30.803+0300][18256][23868][info][gc,stats    ]   Rebuild Free Set                   25 us
[2025-05-18T21:40:30.803+0300][18256][23868][info][gc,stats    ] Concurrent Thread Roots             264 us, parallelism: 1.27x
[2025-05-18T21:40:30.803+0300][18256][23868][info][gc,stats    ]   CTR: <total>                      336 us
[2025-05-18T21:40:30.803+0300][18256][23868][info][gc,stats    ]   CTR: Thread Roots                 336 us, workers (us): 166, 170, ---, ---, 
[2025-05-18T21:40:30.803+0300][18256][23868][info][gc,stats    ] Concurrent Weak References          335 us, parallelism: 1.21x
[2025-05-18T21:40:30.803+0300][18256][23868][info][gc,stats    ]   CWRF: <total>                     404 us
[2025-05-18T21:40:30.803+0300][18256][23868][info][gc,stats    ]   CWRF: Weak References             404 us, workers (us): 208, 196, ---, ---, 
[2025-05-18T21:40:30.803+0300][18256][23868][info][gc,stats    ] Concurrent Weak Roots             13728 us
[2025-05-18T21:40:30.803+0300][18256][23868][info][gc,stats    ]   Roots                            1302 us, parallelism: 1.84x
[2025-05-18T21:40:30.804+0300][18256][23868][info][gc,stats    ]     CWR: <total>                   2397 us
[2025-05-18T21:40:30.804+0300][18256][23868][info][gc,stats    ]     CWR: Code Cache Roots          1744 us, workers (us): 922, 822, ---, ---, 
[2025-05-18T21:40:30.804+0300][18256][23868][info][gc,stats    ]     CWR: VM Weak Roots              624 us, workers (us): 320, 304, ---, ---, 
[2025-05-18T21:40:30.804+0300][18256][23868][info][gc,stats    ]     CWR: CLDG Roots                  29 us, workers (us): ---,  29, ---, ---, 
[2025-05-18T21:40:30.804+0300][18256][23868][info][gc,stats    ]   Rendezvous                      12337 us
[2025-05-18T21:40:30.804+0300][18256][23868][info][gc,stats    ] Concurrent Cleanup                  109 us
[2025-05-18T21:40:30.804+0300][18256][23868][info][gc,stats    ] Concurrent Class Unloading        17855 us
[2025-05-18T21:40:30.804+0300][18256][23868][info][gc,stats    ]   Unlink Stale                     5159 us
[2025-05-18T21:40:30.804+0300][18256][23868][info][gc,stats    ]     System Dictionary               472 us
[2025-05-18T21:40:30.804+0300][18256][23868][info][gc,stats    ]     Weak Class Links               2591 us
[2025-05-18T21:40:30.804+0300][18256][23868][info][gc,stats    ]     Code Roots                     2093 us
[2025-05-18T21:40:30.804+0300][18256][23868][info][gc,stats    ]   Rendezvous                      10600 us
[2025-05-18T21:40:30.804+0300][18256][23868][info][gc,stats    ]   Purge Unlinked                   1987 us
[2025-05-18T21:40:30.804+0300][18256][23868][info][gc,stats    ]     Code Roots                     1552 us
[2025-05-18T21:40:30.804+0300][18256][23868][info][gc,stats    ]     CLDG                            434 us
[2025-05-18T21:40:30.804+0300][18256][23868][info][gc,stats    ]     Exception Caches                  0 us
[2025-05-18T21:40:30.804+0300][18256][23868][info][gc,stats    ] Concurrent Strong Roots             468 us, parallelism: 0.76x
[2025-05-18T21:40:30.804+0300][18256][23868][info][gc,stats    ]   CSR: <total>                      357 us
[2025-05-18T21:40:30.804+0300][18256][23868][info][gc,stats    ]   CSR: VM Strong Roots               14 us, workers (us):   9,   5, ---, ---, 
[2025-05-18T21:40:30.804+0300][18256][23868][info][gc,stats    ]   CSR: CLDG Roots                   343 us, workers (us): 343, ---, ---, ---, 
[2025-05-18T21:40:30.804+0300][18256][23868][info][gc,stats    ] Concurrent Evacuation             11325 us
[2025-05-18T21:40:30.804+0300][18256][23868][info][gc,stats    ] Pause Init Update Refs (G)         1099 us
[2025-05-18T21:40:30.804+0300][18256][23868][info][gc,stats    ] Pause Init Update Refs (N)           87 us
[2025-05-18T21:40:30.804+0300][18256][23868][info][gc,stats    ]   Manage GCLABs                       6 us
[2025-05-18T21:40:30.804+0300][18256][23868][info][gc,stats    ] Concurrent Update Refs            17154 us
[2025-05-18T21:40:30.804+0300][18256][23868][info][gc,stats    ] Concurrent Update Thread Roots    15063 us
[2025-05-18T21:40:30.804+0300][18256][23868][info][gc,stats    ] Pause Final Update Refs (G)         278 us
[2025-05-18T21:40:30.804+0300][18256][23868][info][gc,stats    ] Pause Final Update Refs (N)         170 us
[2025-05-18T21:40:30.804+0300][18256][23868][info][gc,stats    ]   Update Region States               64 us
[2025-05-18T21:40:30.804+0300][18256][23868][info][gc,stats    ]   Trash Collection Set                8 us
[2025-05-18T21:40:30.804+0300][18256][23868][info][gc,stats    ]   Rebuild Free Set                   22 us
[2025-05-18T21:40:30.804+0300][18256][23868][info][gc,stats    ] Concurrent Cleanup                  101 us
[2025-05-18T21:40:30.804+0300][18256][23868][info][gc,stats    ] 
[2025-05-18T21:40:30.804+0300][18256][23868][info][gc,stats    ] Allocation pacing accrued:
[2025-05-18T21:40:30.804+0300][18256][23868][info][gc,stats    ]       0 of  2615 ms (  0.0%): <total>
[2025-05-18T21:40:30.804+0300][18256][23868][info][gc,stats    ]       0 of  2615 ms (  0.0%): <average total>
[2025-05-18T21:40:30.804+0300][18256][23868][info][gc,stats    ] 
[2025-05-18T21:40:30.804+0300][18256][23868][info][gc,metaspace] Metaspace: 8952K(9536K)->8510K(9536K) NonClass: 7975K(8320K)->7654K(8320K) Class: 977K(1216K)->855K(1216K)
[2025-05-18T21:40:30.804+0300][18256][23868][info][gc,ergo     ] Pacer for Idle. Initial: 245M, Alloc Tax Rate: 1.0x
[2025-05-18T21:40:31.595+0300][18256][23868][info][gc          ] Trigger: Learning 3 of 5. Free (8553M) is below initial threshold (8601M)
[2025-05-18T21:40:31.595+0300][18256][23868][info][gc,ergo     ] Free: 8549M, Max: 4096K regular, 8388M humongous, Frag: 2% external, 0% internal; Reserve: 616M, Max: 4096K
[2025-05-18T21:40:31.595+0300][18256][23868][info][gc,start    ] GC(2) Concurrent reset
[2025-05-18T21:40:31.595+0300][18256][23868][info][gc,task     ] GC(2) Using 2 of 4 workers for concurrent reset
[2025-05-18T21:40:31.595+0300][18256][23868][info][gc,ergo     ] GC(2) Pacer for Reset. Non-Taxable: 12288M
[2025-05-18T21:40:31.598+0300][18256][23868][info][gc          ] GC(2) Concurrent reset 3.635ms
[2025-05-18T21:40:31.599+0300][18256][24344][info][gc,start    ] GC(2) Pause Init Mark (unload classes)
[2025-05-18T21:40:31.599+0300][18256][24344][info][gc,task     ] GC(2) Using 4 of 4 workers for init marking
[2025-05-18T21:40:31.599+0300][18256][24344][info][gc,ergo     ] GC(2) Pacer for Mark. Expected Live: 6740K, Free: 8541M, Non-Taxable: 854M, Alloc Tax Rate: 0.0x
[2025-05-18T21:40:31.599+0300][18256][24344][info][gc          ] GC(2) Pause Init Mark (unload classes) 0.097ms
[2025-05-18T21:40:31.599+0300][18256][23868][info][gc,start    ] GC(2) Concurrent marking roots
[2025-05-18T21:40:31.599+0300][18256][23868][info][gc,task     ] GC(2) Using 2 of 4 workers for concurrent marking roots
[2025-05-18T21:40:31.599+0300][18256][23868][info][gc          ] GC(2) Concurrent marking roots 0.207ms
[2025-05-18T21:40:31.599+0300][18256][23868][info][gc,start    ] GC(2) Concurrent marking (unload classes)
[2025-05-18T21:40:31.599+0300][18256][23868][info][gc,task     ] GC(2) Using 2 of 4 workers for concurrent marking
[2025-05-18T21:40:31.613+0300][18256][23868][info][gc          ] GC(2) Concurrent marking (unload classes) 14.329ms
[2025-05-18T21:40:31.613+0300][18256][24344][info][gc,start    ] GC(2) Pause Final Mark (unload classes)
[2025-05-18T21:40:31.613+0300][18256][24344][info][gc,task     ] GC(2) Using 4 of 4 workers for final marking
[2025-05-18T21:40:31.613+0300][18256][24344][info][gc,ergo     ] GC(2) Adaptive CSet Selection. Target Free: 1740M, Actual Free: 11108M, Max CSet: 512M, Min Garbage: 0B
[2025-05-18T21:40:31.613+0300][18256][24344][info][gc,ergo     ] GC(2) Collectable Garbage: 3119M (99%), Immediate: 2024M (64%), CSet: 1095M (35%)
[2025-05-18T21:40:31.613+0300][18256][24344][info][gc,ergo     ] GC(2) Pacer for Evacuation. Used CSet: 1097M, Free: 10494M, Non-Taxable: 1049M, Alloc Tax Rate: 1.1x
[2025-05-18T21:40:31.613+0300][18256][24344][info][gc          ] GC(2) Pause Final Mark (unload classes) 0.273ms
[2025-05-18T21:40:31.613+0300][18256][23868][info][gc,start    ] GC(2) Concurrent thread roots
[2025-05-18T21:40:31.613+0300][18256][23868][info][gc,task     ] GC(2) Using 2 of 4 workers for Concurrent thread roots
[2025-05-18T21:40:31.613+0300][18256][23868][info][gc          ] GC(2) Concurrent thread roots 0.186ms
[2025-05-18T21:40:31.613+0300][18256][23868][info][gc,start    ] GC(2) Concurrent weak references
[2025-05-18T21:40:31.613+0300][18256][23868][info][gc,task     ] GC(2) Using 2 of 4 workers for concurrent weak references
[2025-05-18T21:40:31.614+0300][18256][23868][info][gc,ref      ] GC(2) Encountered references: Soft: 301, Weak: 1348, Final: 3, Phantom: 50
[2025-05-18T21:40:31.614+0300][18256][23868][info][gc,ref      ] GC(2) Discovered  references: Soft: 0, Weak: 853, Final: 1, Phantom: 39
[2025-05-18T21:40:31.614+0300][18256][23868][info][gc,ref      ] GC(2) Enqueued    references: Soft: 0, Weak: 667, Final: 0, Phantom: 0
[2025-05-18T21:40:31.614+0300][18256][23868][info][gc          ] GC(2) Concurrent weak references 0.399ms
[2025-05-18T21:40:31.614+0300][18256][23868][info][gc,start    ] GC(2) Concurrent weak roots
[2025-05-18T21:40:31.614+0300][18256][23868][info][gc,task     ] GC(2) Using 2 of 4 workers for concurrent weak root
[2025-05-18T21:40:31.616+0300][18256][23868][info][gc          ] GC(2) Concurrent weak roots 1.988ms
[2025-05-18T21:40:31.616+0300][18256][23868][info][gc,start    ] GC(2) Concurrent cleanup
[2025-05-18T21:40:31.616+0300][18256][23868][info][gc          ] GC(2) Concurrent cleanup 3235M->1211M(12288M) 0.095ms
[2025-05-18T21:40:31.616+0300][18256][23868][info][gc,ergo     ] GC(2) Free: 10471M, Max: 4096K regular, 8388M humongous, Frag: 20% external, 0% internal; Reserve: 585M, Max: 4096K
[2025-05-18T21:40:31.616+0300][18256][23868][info][gc,start    ] GC(2) Concurrent class unloading
[2025-05-18T21:40:31.616+0300][18256][23868][info][gc,task     ] GC(2) Using 2 of 4 workers for concurrent class unloading
[2025-05-18T21:40:31.619+0300][18256][23868][info][gc          ] GC(2) Concurrent class unloading 2.596ms
[2025-05-18T21:40:31.619+0300][18256][23868][info][gc,start    ] GC(2) Concurrent strong roots
[2025-05-18T21:40:31.619+0300][18256][23868][info][gc,task     ] GC(2) Using 2 of 4 workers for concurrent strong root
[2025-05-18T21:40:31.619+0300][18256][23868][info][gc          ] GC(2) Concurrent strong roots 0.129ms
[2025-05-18T21:40:31.619+0300][18256][23868][info][gc,start    ] GC(2) Concurrent evacuation
[2025-05-18T21:40:31.619+0300][18256][23868][info][gc,task     ] GC(2) Using 2 of 4 workers for concurrent evacuation
[2025-05-18T21:40:31.626+0300][18256][23868][info][gc          ] GC(2) Concurrent evacuation 7.240ms
[2025-05-18T21:40:31.626+0300][18256][24344][info][gc,start    ] GC(2) Pause Init Update Refs
[2025-05-18T21:40:31.626+0300][18256][24344][info][gc,ergo     ] GC(2) Pacer for Update Refs. Used: 1231M, Free: 10451M, Non-Taxable: 1045M, Alloc Tax Rate: 1.1x
[2025-05-18T21:40:31.626+0300][18256][24344][info][gc          ] GC(2) Pause Init Update Refs 0.078ms
[2025-05-18T21:40:31.626+0300][18256][23868][info][gc,start    ] GC(2) Concurrent update references
[2025-05-18T21:40:31.626+0300][18256][23868][info][gc,task     ] GC(2) Using 2 of 4 workers for concurrent reference update
[2025-05-18T21:40:31.637+0300][18256][23868][info][gc          ] GC(2) Concurrent update references 11.050ms
[2025-05-18T21:40:31.637+0300][18256][23868][info][gc,start    ] GC(2) Concurrent update thread roots
[2025-05-18T21:40:31.658+0300][18256][23868][info][gc          ] GC(2) Concurrent update thread roots 19.508ms
[2025-05-18T21:40:31.658+0300][18256][24344][info][gc,start    ] GC(2) Pause Final Update Refs
[2025-05-18T21:40:31.658+0300][18256][24344][info][gc,task     ] GC(2) Using 4 of 4 workers for final reference update
[2025-05-18T21:40:31.658+0300][18256][24344][info][gc          ] GC(2) Pause Final Update Refs 0.145ms
[2025-05-18T21:40:31.658+0300][18256][23868][info][gc,start    ] GC(2) Concurrent cleanup
[2025-05-18T21:40:31.658+0300][18256][23868][info][gc          ] GC(2) Concurrent cleanup 1315M->217M(12288M) 0.072ms
[2025-05-18T21:40:31.658+0300][18256][23868][info][gc,ergo     ] Free: 11454M, Max: 4096K regular, 8580M humongous, Frag: 25% external, 0% internal; Reserve: 616M, Max: 4096K
[2025-05-18T21:40:31.658+0300][18256][23868][info][gc,stats    ] 
[2025-05-18T21:40:31.658+0300][18256][23868][info][gc,stats    ] All times are wall-clock times, except per-root-class counters, that are sum over
[2025-05-18T21:40:31.658+0300][18256][23868][info][gc,stats    ] all workers. Dividing the <total> over the root stage time estimates parallelism.
[2025-05-18T21:40:31.658+0300][18256][23868][info][gc,stats    ] 
[2025-05-18T21:40:31.658+0300][18256][23868][info][gc,stats    ] Concurrent Reset                   3686 us
[2025-05-18T21:40:31.658+0300][18256][23868][info][gc,stats    ] Pause Init Mark (G)                 242 us
[2025-05-18T21:40:31.658+0300][18256][23868][info][gc,stats    ] Pause Init Mark (N)                 112 us
[2025-05-18T21:40:31.658+0300][18256][23868][info][gc,stats    ]   Update Region States               20 us
[2025-05-18T21:40:31.658+0300][18256][23868][info][gc,stats    ] Concurrent Mark Roots               230 us, parallelism: 0.93x
[2025-05-18T21:40:31.658+0300][18256][23868][info][gc,stats    ]   CMR: <total>                      215 us
[2025-05-18T21:40:31.658+0300][18256][23868][info][gc,stats    ]   CMR: Thread Roots                 137 us, workers (us):  20, 117, ---, ---, 
[2025-05-18T21:40:31.658+0300][18256][23868][info][gc,stats    ]   CMR: VM Strong Roots               10 us, workers (us):   5,   5, ---, ---, 
[2025-05-18T21:40:31.658+0300][18256][23868][info][gc,stats    ]   CMR: CLDG Roots                    67 us, workers (us):  67, ---, ---, ---, 
[2025-05-18T21:40:31.658+0300][18256][23868][info][gc,stats    ] Concurrent Marking                14377 us
[2025-05-18T21:40:31.658+0300][18256][23868][info][gc,stats    ] Pause Final Mark (G)                387 us
[2025-05-18T21:40:31.658+0300][18256][23868][info][gc,stats    ] Pause Final Mark (N)                289 us
[2025-05-18T21:40:31.658+0300][18256][23868][info][gc,stats    ]   Finish Mark                        36 us
[2025-05-18T21:40:31.658+0300][18256][23868][info][gc,stats    ]   Update Region States               50 us
[2025-05-18T21:40:31.658+0300][18256][23868][info][gc,stats    ]   Choose Collection Set              82 us
[2025-05-18T21:40:31.658+0300][18256][23868][info][gc,stats    ]   Rebuild Free Set                   25 us
[2025-05-18T21:40:31.658+0300][18256][23868][info][gc,stats    ] Concurrent Thread Roots             211 us, parallelism: 0.82x
[2025-05-18T21:40:31.658+0300][18256][23868][info][gc,stats    ]   CTR: <total>                      174 us
[2025-05-18T21:40:31.658+0300][18256][23868][info][gc,stats    ]   CTR: Thread Roots                 174 us, workers (us):  95,  79, ---, ---, 
[2025-05-18T21:40:31.658+0300][18256][23868][info][gc,stats    ] Concurrent Weak References          417 us, parallelism: 0.74x
[2025-05-18T21:40:31.659+0300][18256][23868][info][gc,stats    ]   CWRF: <total>                     310 us
[2025-05-18T21:40:31.659+0300][18256][23868][info][gc,stats    ]   CWRF: Weak References             310 us, workers (us):  32, 278, ---, ---, 
[2025-05-18T21:40:31.659+0300][18256][23868][info][gc,stats    ] Concurrent Weak Roots              2033 us
[2025-05-18T21:40:31.659+0300][18256][23868][info][gc,stats    ]   Roots                             814 us, parallelism: 1.82x
[2025-05-18T21:40:31.659+0300][18256][23868][info][gc,stats    ]     CWR: <total>                   1479 us
[2025-05-18T21:40:31.659+0300][18256][23868][info][gc,stats    ]     CWR: Code Cache Roots          1141 us, workers (us): 541, 599, ---, ---, 
[2025-05-18T21:40:31.659+0300][18256][23868][info][gc,stats    ]     CWR: VM Weak Roots              323 us, workers (us): 175, 147, ---, ---, 
[2025-05-18T21:40:31.659+0300][18256][23868][info][gc,stats    ]     CWR: CLDG Roots                  16 us, workers (us): ---,  16, ---, ---, 
[2025-05-18T21:40:31.659+0300][18256][23868][info][gc,stats    ]   Rendezvous                       1139 us
[2025-05-18T21:40:31.659+0300][18256][23868][info][gc,stats    ] Concurrent Cleanup                  115 us
[2025-05-18T21:40:31.659+0300][18256][23868][info][gc,stats    ] Concurrent Class Unloading         2646 us
[2025-05-18T21:40:31.659+0300][18256][23868][info][gc,stats    ]   Unlink Stale                     1641 us
[2025-05-18T21:40:31.659+0300][18256][23868][info][gc,stats    ]     System Dictionary                17 us
[2025-05-18T21:40:31.659+0300][18256][23868][info][gc,stats    ]     Weak Class Links                  0 us
[2025-05-18T21:40:31.659+0300][18256][23868][info][gc,stats    ]     Code Roots                     1624 us
[2025-05-18T21:40:31.659+0300][18256][23868][info][gc,stats    ]   Rendezvous                        668 us
[2025-05-18T21:40:31.659+0300][18256][23868][info][gc,stats    ]   Purge Unlinked                    244 us
[2025-05-18T21:40:31.659+0300][18256][23868][info][gc,stats    ]     Code Roots                      232 us
[2025-05-18T21:40:31.659+0300][18256][23868][info][gc,stats    ]     CLDG                             12 us
[2025-05-18T21:40:31.659+0300][18256][23868][info][gc,stats    ]     Exception Caches                  0 us
[2025-05-18T21:40:31.659+0300][18256][23868][info][gc,stats    ] Concurrent Strong Roots             161 us, parallelism: 0.35x
[2025-05-18T21:40:31.659+0300][18256][23868][info][gc,stats    ]   CSR: <total>                       57 us
[2025-05-18T21:40:31.659+0300][18256][23868][info][gc,stats    ]   CSR: VM Strong Roots                8 us, workers (us):   4,   4, ---, ---, 
[2025-05-18T21:40:31.659+0300][18256][23868][info][gc,stats    ]   CSR: CLDG Roots                    49 us, workers (us):  49, ---, ---, ---, 
[2025-05-18T21:40:31.659+0300][18256][23868][info][gc,stats    ] Concurrent Evacuation              7292 us
[2025-05-18T21:40:31.659+0300][18256][23868][info][gc,stats    ] Pause Init Update Refs (G)          200 us
[2025-05-18T21:40:31.659+0300][18256][23868][info][gc,stats    ] Pause Init Update Refs (N)           94 us
[2025-05-18T21:40:31.659+0300][18256][23868][info][gc,stats    ]   Manage GCLABs                       9 us
[2025-05-18T21:40:31.659+0300][18256][23868][info][gc,stats    ] Concurrent Update Refs            11109 us
[2025-05-18T21:40:31.659+0300][18256][23868][info][gc,stats    ] Concurrent Update Thread Roots    19569 us
[2025-05-18T21:40:31.659+0300][18256][23868][info][gc,stats    ] Pause Final Update Refs (G)         338 us
[2025-05-18T21:40:31.659+0300][18256][23868][info][gc,stats    ] Pause Final Update Refs (N)         165 us
[2025-05-18T21:40:31.659+0300][18256][23868][info][gc,stats    ]   Update Region States               56 us
[2025-05-18T21:40:31.659+0300][18256][23868][info][gc,stats    ]   Trash Collection Set                8 us
[2025-05-18T21:40:31.659+0300][18256][23868][info][gc,stats    ]   Rebuild Free Set                   22 us
[2025-05-18T21:40:31.659+0300][18256][23868][info][gc,stats    ] Concurrent Cleanup                   93 us
[2025-05-18T21:40:31.659+0300][18256][23868][info][gc,stats    ] 
[2025-05-18T21:40:31.659+0300][18256][23868][info][gc,stats    ] Allocation pacing accrued:
[2025-05-18T21:40:31.659+0300][18256][23868][info][gc,stats    ]       0 of   855 ms (  0.0%): <total>
[2025-05-18T21:40:31.659+0300][18256][23868][info][gc,stats    ]       0 of   855 ms (  0.0%): <average total>
[2025-05-18T21:40:31.659+0300][18256][23868][info][gc,stats    ] 
[2025-05-18T21:40:31.659+0300][18256][23868][info][gc,metaspace] Metaspace: 8515K(9536K)->8515K(9536K) NonClass: 7659K(8320K)->7659K(8320K) Class: 855K(1216K)->855K(1216K)
[2025-05-18T21:40:31.659+0300][18256][23868][info][gc,ergo     ] Pacer for Idle. Initial: 245M, Alloc Tax Rate: 1.0x
[2025-05-18T21:40:32.470+0300][18256][23868][info][gc          ] Trigger: Learning 4 of 5. Free (8546M) is below initial threshold (8601M)
[2025-05-18T21:40:32.470+0300][18256][23868][info][gc,ergo     ] Free: 8546M, Max: 4096K regular, 8528M humongous, Frag: 0% external, 0% internal; Reserve: 616M, Max: 4096K
[2025-05-18T21:40:32.470+0300][18256][23868][info][gc,start    ] GC(3) Concurrent reset
[2025-05-18T21:40:32.470+0300][18256][23868][info][gc,task     ] GC(3) Using 2 of 4 workers for concurrent reset
[2025-05-18T21:40:32.470+0300][18256][23868][info][gc,ergo     ] GC(3) Pacer for Reset. Non-Taxable: 12288M
[2025-05-18T21:40:32.473+0300][18256][23868][info][gc          ] GC(3) Concurrent reset 3.063ms
[2025-05-18T21:40:32.473+0300][18256][24344][info][gc,start    ] GC(3) Pause Init Mark (unload classes)
[2025-05-18T21:40:32.473+0300][18256][24344][info][gc,task     ] GC(3) Using 4 of 4 workers for init marking
[2025-05-18T21:40:32.473+0300][18256][24344][info][gc,ergo     ] GC(3) Pacer for Mark. Expected Live: 8023K, Free: 8538M, Non-Taxable: 853M, Alloc Tax Rate: 0.0x
[2025-05-18T21:40:32.473+0300][18256][24344][info][gc          ] GC(3) Pause Init Mark (unload classes) 0.117ms
[2025-05-18T21:40:32.473+0300][18256][23868][info][gc,start    ] GC(3) Concurrent marking roots
[2025-05-18T21:40:32.473+0300][18256][23868][info][gc,task     ] GC(3) Using 2 of 4 workers for concurrent marking roots
[2025-05-18T21:40:32.473+0300][18256][23868][info][gc          ] GC(3) Concurrent marking roots 0.180ms
[2025-05-18T21:40:32.473+0300][18256][23868][info][gc,start    ] GC(3) Concurrent marking (unload classes)
[2025-05-18T21:40:32.473+0300][18256][23868][info][gc,task     ] GC(3) Using 2 of 4 workers for concurrent marking
[2025-05-18T21:40:32.480+0300][18256][23868][info][gc          ] GC(3) Concurrent marking (unload classes) 6.925ms
[2025-05-18T21:40:32.480+0300][18256][24344][info][gc,start    ] GC(3) Pause Final Mark (unload classes)
[2025-05-18T21:40:32.480+0300][18256][24344][info][gc,task     ] GC(3) Using 4 of 4 workers for final marking
[2025-05-18T21:40:32.480+0300][18256][24344][info][gc,ergo     ] GC(3) Adaptive CSet Selection. Target Free: 1740M, Actual Free: 11096M, Max CSet: 512M, Min Garbage: 0B
[2025-05-18T21:40:32.480+0300][18256][24344][info][gc,ergo     ] GC(3) Collectable Garbage: 3122M (99%), Immediate: 1992M (63%), CSet: 1130M (36%)
[2025-05-18T21:40:32.481+0300][18256][24344][info][gc,ergo     ] GC(3) Pacer for Evacuation. Used CSet: 1131M, Free: 10489M, Non-Taxable: 1048M, Alloc Tax Rate: 1.1x
[2025-05-18T21:40:32.481+0300][18256][24344][info][gc          ] GC(3) Pause Final Mark (unload classes) 0.280ms
[2025-05-18T21:40:32.481+0300][18256][23868][info][gc,start    ] GC(3) Concurrent thread roots
[2025-05-18T21:40:32.481+0300][18256][23868][info][gc,task     ] GC(3) Using 2 of 4 workers for Concurrent thread roots
[2025-05-18T21:40:32.481+0300][18256][23868][info][gc          ] GC(3) Concurrent thread roots 0.202ms
[2025-05-18T21:40:32.481+0300][18256][23868][info][gc,start    ] GC(3) Concurrent weak references
[2025-05-18T21:40:32.481+0300][18256][23868][info][gc,task     ] GC(3) Using 2 of 4 workers for concurrent weak references
[2025-05-18T21:40:32.481+0300][18256][23868][info][gc,ref      ] GC(3) Encountered references: Soft: 301, Weak: 1230, Final: 3, Phantom: 48
[2025-05-18T21:40:32.481+0300][18256][23868][info][gc,ref      ] GC(3) Discovered  references: Soft: 0, Weak: 790, Final: 1, Phantom: 34
[2025-05-18T21:40:32.481+0300][18256][23868][info][gc,ref      ] GC(3) Enqueued    references: Soft: 0, Weak: 552, Final: 0, Phantom: 0
[2025-05-18T21:40:32.481+0300][18256][23868][info][gc          ] GC(3) Concurrent weak references 0.275ms
[2025-05-18T21:40:32.481+0300][18256][23868][info][gc,start    ] GC(3) Concurrent weak roots
[2025-05-18T21:40:32.481+0300][18256][23868][info][gc,task     ] GC(3) Using 2 of 4 workers for concurrent weak root
[2025-05-18T21:40:32.482+0300][18256][23868][info][gc          ] GC(3) Concurrent weak roots 1.027ms
[2025-05-18T21:40:32.482+0300][18256][23868][info][gc,start    ] GC(3) Concurrent cleanup
[2025-05-18T21:40:32.482+0300][18256][23868][info][gc          ] GC(3) Concurrent cleanup 3182M->1193M(12288M) 0.079ms
[2025-05-18T21:40:32.482+0300][18256][23868][info][gc,ergo     ] GC(3) Free: 10469M, Max: 4096K regular, 8480M humongous, Frag: 19% external, 0% internal; Reserve: 615M, Max: 4096K
[2025-05-18T21:40:32.482+0300][18256][23868][info][gc,start    ] GC(3) Concurrent class unloading
[2025-05-18T21:40:32.482+0300][18256][23868][info][gc,task     ] GC(3) Using 2 of 4 workers for concurrent class unloading
[2025-05-18T21:40:32.486+0300][18256][23868][info][gc          ] GC(3) Concurrent class unloading 3.504ms
[2025-05-18T21:40:32.486+0300][18256][23868][info][gc,start    ] GC(3) Concurrent strong roots
[2025-05-18T21:40:32.486+0300][18256][23868][info][gc,task     ] GC(3) Using 2 of 4 workers for concurrent strong root
[2025-05-18T21:40:32.486+0300][18256][23868][info][gc          ] GC(3) Concurrent strong roots 0.111ms
[2025-05-18T21:40:32.486+0300][18256][23868][info][gc,start    ] GC(3) Concurrent evacuation
[2025-05-18T21:40:32.486+0300][18256][23868][info][gc,task     ] GC(3) Using 2 of 4 workers for concurrent evacuation
[2025-05-18T21:40:32.491+0300][18256][23868][info][gc          ] GC(3) Concurrent evacuation 5.055ms
[2025-05-18T21:40:32.491+0300][18256][24344][info][gc,start    ] GC(3) Pause Init Update Refs
[2025-05-18T21:40:32.491+0300][18256][24344][info][gc,ergo     ] GC(3) Pacer for Update Refs. Used: 1219M, Free: 10445M, Non-Taxable: 1044M, Alloc Tax Rate: 1.1x
[2025-05-18T21:40:32.491+0300][18256][24344][info][gc          ] GC(3) Pause Init Update Refs 0.053ms
[2025-05-18T21:40:32.491+0300][18256][23868][info][gc,start    ] GC(3) Concurrent update references
[2025-05-18T21:40:32.491+0300][18256][23868][info][gc,task     ] GC(3) Using 2 of 4 workers for concurrent reference update
[2025-05-18T21:40:32.498+0300][18256][23868][info][gc          ] GC(3) Concurrent update references 6.498ms
[2025-05-18T21:40:32.498+0300][18256][23868][info][gc,start    ] GC(3) Concurrent update thread roots
[2025-05-18T21:40:32.500+0300][18256][23868][info][gc          ] GC(3) Concurrent update thread roots 2.661ms
[2025-05-18T21:40:32.501+0300][18256][24344][info][gc,start    ] GC(3) Pause Final Update Refs
[2025-05-18T21:40:32.501+0300][18256][24344][info][gc,task     ] GC(3) Using 4 of 4 workers for final reference update
[2025-05-18T21:40:32.501+0300][18256][24344][info][gc          ] GC(3) Pause Final Update Refs 0.157ms
[2025-05-18T21:40:32.501+0300][18256][23868][info][gc,start    ] GC(3) Concurrent cleanup
[2025-05-18T21:40:32.501+0300][18256][23868][info][gc          ] GC(3) Concurrent cleanup 1239M->108M(12288M) 0.079ms
[2025-05-18T21:40:32.501+0300][18256][23868][info][gc,ergo     ] Free: 11563M, Max: 4096K regular, 8496M humongous, Frag: 27% external, 0% internal; Reserve: 616M, Max: 4096K
[2025-05-18T21:40:32.501+0300][18256][23868][info][gc,stats    ] 
[2025-05-18T21:40:32.501+0300][18256][23868][info][gc,stats    ] All times are wall-clock times, except per-root-class counters, that are sum over
[2025-05-18T21:40:32.501+0300][18256][23868][info][gc,stats    ] all workers. Dividing the <total> over the root stage time estimates parallelism.
[2025-05-18T21:40:32.501+0300][18256][23868][info][gc,stats    ] 
[2025-05-18T21:40:32.501+0300][18256][23868][info][gc,stats    ] Concurrent Reset                   3113 us
[2025-05-18T21:40:32.501+0300][18256][23868][info][gc,stats    ] Pause Init Mark (G)                 287 us
[2025-05-18T21:40:32.501+0300][18256][23868][info][gc,stats    ] Pause Init Mark (N)                 131 us
[2025-05-18T21:40:32.501+0300][18256][23868][info][gc,stats    ]   Update Region States               29 us
[2025-05-18T21:40:32.501+0300][18256][23868][info][gc,stats    ] Concurrent Mark Roots               201 us, parallelism: 0.83x
[2025-05-18T21:40:32.501+0300][18256][23868][info][gc,stats    ]   CMR: <total>                      166 us
[2025-05-18T21:40:32.501+0300][18256][23868][info][gc,stats    ]   CMR: Thread Roots                  89 us, workers (us):  85,   4, ---, ---, 
[2025-05-18T21:40:32.501+0300][18256][23868][info][gc,stats    ]   CMR: VM Strong Roots               17 us, workers (us):   9,   8, ---, ---, 
[2025-05-18T21:40:32.501+0300][18256][23868][info][gc,stats    ]   CMR: CLDG Roots                    60 us, workers (us): ---,  60, ---, ---, 
[2025-05-18T21:40:32.501+0300][18256][23868][info][gc,stats    ] Concurrent Marking                 6985 us
[2025-05-18T21:40:32.501+0300][18256][23868][info][gc,stats    ] Pause Final Mark (G)                375 us
[2025-05-18T21:40:32.501+0300][18256][23868][info][gc,stats    ] Pause Final Mark (N)                297 us
[2025-05-18T21:40:32.501+0300][18256][23868][info][gc,stats    ]   Finish Mark                        31 us
[2025-05-18T21:40:32.501+0300][18256][23868][info][gc,stats    ]   Update Region States               38 us
[2025-05-18T21:40:32.501+0300][18256][23868][info][gc,stats    ]   Choose Collection Set              96 us
[2025-05-18T21:40:32.501+0300][18256][23868][info][gc,stats    ]   Rebuild Free Set                   32 us
[2025-05-18T21:40:32.501+0300][18256][23868][info][gc,stats    ] Concurrent Thread Roots             224 us, parallelism: 1.08x
[2025-05-18T21:40:32.501+0300][18256][23868][info][gc,stats    ]   CTR: <total>                      243 us
[2025-05-18T21:40:32.501+0300][18256][23868][info][gc,stats    ]   CTR: Thread Roots                 243 us, workers (us): 105, 138, ---, ---, 
[2025-05-18T21:40:32.501+0300][18256][23868][info][gc,stats    ] Concurrent Weak References          290 us, parallelism: 0.66x
[2025-05-18T21:40:32.501+0300][18256][23868][info][gc,stats    ]   CWRF: <total>                     192 us
[2025-05-18T21:40:32.501+0300][18256][23868][info][gc,stats    ]   CWRF: Weak References             192 us, workers (us): 167,  26, ---, ---, 
[2025-05-18T21:40:32.501+0300][18256][23868][info][gc,stats    ] Concurrent Weak Roots              1066 us
[2025-05-18T21:40:32.501+0300][18256][23868][info][gc,stats    ]   Roots                             690 us, parallelism: 1.84x
[2025-05-18T21:40:32.501+0300][18256][23868][info][gc,stats    ]     CWR: <total>                   1266 us
[2025-05-18T21:40:32.501+0300][18256][23868][info][gc,stats    ]     CWR: Code Cache Roots           859 us, workers (us): 409, 450, ---, ---, 
[2025-05-18T21:40:32.501+0300][18256][23868][info][gc,stats    ]     CWR: VM Weak Roots              398 us, workers (us): 205, 193, ---, ---, 
[2025-05-18T21:40:32.501+0300][18256][23868][info][gc,stats    ]     CWR: CLDG Roots                   9 us, workers (us): ---,   9, ---, ---, 
[2025-05-18T21:40:32.501+0300][18256][23868][info][gc,stats    ]   Rendezvous                        305 us
[2025-05-18T21:40:32.501+0300][18256][23868][info][gc,stats    ] Concurrent Cleanup                   99 us
[2025-05-18T21:40:32.501+0300][18256][23868][info][gc,stats    ] Concurrent Class Unloading         3552 us
[2025-05-18T21:40:32.502+0300][18256][23868][info][gc,stats    ]   Unlink Stale                     1656 us
[2025-05-18T21:40:32.502+0300][18256][23868][info][gc,stats    ]     System Dictionary                11 us
[2025-05-18T21:40:32.502+0300][18256][23868][info][gc,stats    ]     Weak Class Links                  0 us
[2025-05-18T21:40:32.502+0300][18256][23868][info][gc,stats    ]     Code Roots                     1643 us
[2025-05-18T21:40:32.502+0300][18256][23868][info][gc,stats    ]   Rendezvous                       1668 us
[2025-05-18T21:40:32.502+0300][18256][23868][info][gc,stats    ]   Purge Unlinked                    144 us
[2025-05-18T21:40:32.502+0300][18256][23868][info][gc,stats    ]     Code Roots                      132 us
[2025-05-18T21:40:32.502+0300][18256][23868][info][gc,stats    ]     CLDG                             12 us
[2025-05-18T21:40:32.502+0300][18256][23868][info][gc,stats    ]     Exception Caches                  0 us
[2025-05-18T21:40:32.502+0300][18256][23868][info][gc,stats    ] Concurrent Strong Roots             143 us, parallelism: 0.35x
[2025-05-18T21:40:32.502+0300][18256][23868][info][gc,stats    ]   CSR: <total>                       50 us
[2025-05-18T21:40:32.502+0300][18256][23868][info][gc,stats    ]   CSR: VM Strong Roots                7 us, workers (us):   3,   3, ---, ---, 
[2025-05-18T21:40:32.502+0300][18256][23868][info][gc,stats    ]   CSR: CLDG Roots                    44 us, workers (us): ---,  44, ---, ---, 
[2025-05-18T21:40:32.502+0300][18256][23868][info][gc,stats    ] Concurrent Evacuation              5097 us
[2025-05-18T21:40:32.502+0300][18256][23868][info][gc,stats    ] Pause Init Update Refs (G)          161 us
[2025-05-18T21:40:32.502+0300][18256][23868][info][gc,stats    ] Pause Init Update Refs (N)           67 us
[2025-05-18T21:40:32.502+0300][18256][23868][info][gc,stats    ]   Manage GCLABs                       5 us
[2025-05-18T21:40:32.502+0300][18256][23868][info][gc,stats    ] Concurrent Update Refs             6551 us
[2025-05-18T21:40:32.502+0300][18256][23868][info][gc,stats    ] Concurrent Update Thread Roots     2715 us
[2025-05-18T21:40:32.502+0300][18256][23868][info][gc,stats    ] Pause Final Update Refs (G)         258 us
[2025-05-18T21:40:32.502+0300][18256][23868][info][gc,stats    ] Pause Final Update Refs (N)         176 us
[2025-05-18T21:40:32.502+0300][18256][23868][info][gc,stats    ]   Update Region States               63 us
[2025-05-18T21:40:32.502+0300][18256][23868][info][gc,stats    ]   Trash Collection Set                8 us
[2025-05-18T21:40:32.502+0300][18256][23868][info][gc,stats    ]   Rebuild Free Set                   22 us
[2025-05-18T21:40:32.502+0300][18256][23868][info][gc,stats    ] Concurrent Cleanup                  101 us
[2025-05-18T21:40:32.502+0300][18256][23868][info][gc,stats    ] 
[2025-05-18T21:40:32.502+0300][18256][23868][info][gc,stats    ] Allocation pacing accrued:
[2025-05-18T21:40:32.502+0300][18256][23868][info][gc,stats    ]       0 of   843 ms (  0.0%): <total>
[2025-05-18T21:40:32.502+0300][18256][23868][info][gc,stats    ]       0 of   843 ms (  0.0%): <average total>
[2025-05-18T21:40:32.502+0300][18256][23868][info][gc,stats    ] 
[2025-05-18T21:40:32.502+0300][18256][23868][info][gc,metaspace] Metaspace: 8515K(9536K)->8515K(9536K) NonClass: 7659K(8320K)->7659K(8320K) Class: 855K(1216K)->855K(1216K)
[2025-05-18T21:40:32.502+0300][18256][23868][info][gc,ergo     ] Pacer for Idle. Initial: 245M, Alloc Tax Rate: 1.0x
[2025-05-18T21:40:33.447+0300][18256][23868][info][gc          ] Trigger: Learning 5 of 5. Free (8579M) is below initial threshold (8601M)
[2025-05-18T21:40:33.447+0300][18256][23868][info][gc,ergo     ] Free: 8579M, Max: 4096K regular, 8496M humongous, Frag: 1% external, 0% internal; Reserve: 616M, Max: 4096K
[2025-05-18T21:40:33.447+0300][18256][23868][info][gc,start    ] GC(4) Concurrent reset
[2025-05-18T21:40:33.447+0300][18256][23868][info][gc,task     ] GC(4) Using 2 of 4 workers for concurrent reset
[2025-05-18T21:40:33.447+0300][18256][23868][info][gc,ergo     ] GC(4) Pacer for Reset. Non-Taxable: 12288M
[2025-05-18T21:40:33.450+0300][18256][23868][info][gc          ] GC(4) Concurrent reset 3.191ms
[2025-05-18T21:40:33.451+0300][18256][24344][info][gc,start    ] GC(4) Pause Init Mark (unload classes)
[2025-05-18T21:40:33.451+0300][18256][24344][info][gc,task     ] GC(4) Using 4 of 4 workers for init marking
[2025-05-18T21:40:33.451+0300][18256][24344][info][gc,ergo     ] GC(4) Pacer for Mark. Expected Live: 8655K, Free: 8576M, Non-Taxable: 857M, Alloc Tax Rate: 0.0x
[2025-05-18T21:40:33.451+0300][18256][24344][info][gc          ] GC(4) Pause Init Mark (unload classes) 0.148ms
[2025-05-18T21:40:33.451+0300][18256][23868][info][gc,start    ] GC(4) Concurrent marking roots
[2025-05-18T21:40:33.451+0300][18256][23868][info][gc,task     ] GC(4) Using 2 of 4 workers for concurrent marking roots
[2025-05-18T21:40:33.451+0300][18256][23868][info][gc          ] GC(4) Concurrent marking roots 0.239ms
[2025-05-18T21:40:33.451+0300][18256][23868][info][gc,start    ] GC(4) Concurrent marking (unload classes)
[2025-05-18T21:40:33.451+0300][18256][23868][info][gc,task     ] GC(4) Using 2 of 4 workers for concurrent marking
[2025-05-18T21:40:33.463+0300][18256][23868][info][gc          ] GC(4) Concurrent marking (unload classes) 11.882ms
[2025-05-18T21:40:33.463+0300][18256][24344][info][gc,start    ] GC(4) Pause Final Mark (unload classes)
[2025-05-18T21:40:33.463+0300][18256][24344][info][gc,task     ] GC(4) Using 4 of 4 workers for final marking
[2025-05-18T21:40:33.463+0300][18256][24344][info][gc,ergo     ] GC(4) Adaptive CSet Selection. Target Free: 1740M, Actual Free: 11131M, Max CSet: 512M, Min Garbage: 0B
[2025-05-18T21:40:33.463+0300][18256][24344][info][gc,ergo     ] GC(4) Collectable Garbage: 3084M (99%), Immediate: 1987M (64%), CSet: 1096M (35%)
[2025-05-18T21:40:33.463+0300][18256][24344][info][gc,ergo     ] GC(4) Pacer for Evacuation. Used CSet: 1097M, Free: 10520M, Non-Taxable: 1052M, Alloc Tax Rate: 1.1x
[2025-05-18T21:40:33.463+0300][18256][24344][info][gc          ] GC(4) Pause Final Mark (unload classes) 0.398ms
[2025-05-18T21:40:33.464+0300][18256][23868][info][gc,start    ] GC(4) Concurrent thread roots
[2025-05-18T21:40:33.464+0300][18256][23868][info][gc,task     ] GC(4) Using 2 of 4 workers for Concurrent thread roots
[2025-05-18T21:40:33.464+0300][18256][23868][info][gc          ] GC(4) Concurrent thread roots 0.231ms
[2025-05-18T21:40:33.464+0300][18256][23868][info][gc,start    ] GC(4) Concurrent weak references
[2025-05-18T21:40:33.464+0300][18256][23868][info][gc,task     ] GC(4) Using 2 of 4 workers for concurrent weak references
[2025-05-18T21:40:33.464+0300][18256][23868][info][gc,ref      ] GC(4) Encountered references: Soft: 301, Weak: 1226, Final: 3, Phantom: 48
[2025-05-18T21:40:33.464+0300][18256][23868][info][gc,ref      ] GC(4) Discovered  references: Soft: 0, Weak: 763, Final: 1, Phantom: 34
[2025-05-18T21:40:33.464+0300][18256][23868][info][gc,ref      ] GC(4) Enqueued    references: Soft: 0, Weak: 548, Final: 0, Phantom: 0
[2025-05-18T21:40:33.464+0300][18256][23868][info][gc          ] GC(4) Concurrent weak references 0.381ms
[2025-05-18T21:40:33.464+0300][18256][23868][info][gc,start    ] GC(4) Concurrent weak roots
[2025-05-18T21:40:33.464+0300][18256][23868][info][gc,task     ] GC(4) Using 2 of 4 workers for concurrent weak root
[2025-05-18T21:40:33.479+0300][18256][23868][info][gc          ] GC(4) Concurrent weak roots 13.461ms
[2025-05-18T21:40:33.479+0300][18256][23868][info][gc,start    ] GC(4) Concurrent cleanup
[2025-05-18T21:40:33.479+0300][18256][23868][info][gc          ] GC(4) Concurrent cleanup 3172M->1185M(12288M) 0.107ms
[2025-05-18T21:40:33.479+0300][18256][23868][info][gc,ergo     ] GC(4) Free: 10485M, Max: 4096K regular, 8492M humongous, Frag: 19% external, 0% internal; Reserve: 615M, Max: 4096K
[2025-05-18T21:40:33.479+0300][18256][23868][info][gc,start    ] GC(4) Concurrent class unloading
[2025-05-18T21:40:33.479+0300][18256][23868][info][gc,task     ] GC(4) Using 2 of 4 workers for concurrent class unloading
[2025-05-18T21:40:33.509+0300][18256][23868][info][gc          ] GC(4) Concurrent class unloading 30.423ms
[2025-05-18T21:40:33.509+0300][18256][23868][info][gc,start    ] GC(4) Concurrent strong roots
[2025-05-18T21:40:33.509+0300][18256][23868][info][gc,task     ] GC(4) Using 2 of 4 workers for concurrent strong root
[2025-05-18T21:40:33.509+0300][18256][23868][info][gc          ] GC(4) Concurrent strong roots 0.172ms
[2025-05-18T21:40:33.509+0300][18256][23868][info][gc,start    ] GC(4) Concurrent evacuation
[2025-05-18T21:40:33.509+0300][18256][23868][info][gc,task     ] GC(4) Using 2 of 4 workers for concurrent evacuation
[2025-05-18T21:40:33.515+0300][18256][23868][info][gc          ] GC(4) Concurrent evacuation 5.609ms
[2025-05-18T21:40:33.515+0300][18256][24344][info][gc,start    ] GC(4) Pause Init Update Refs
[2025-05-18T21:40:33.515+0300][18256][24344][info][gc,ergo     ] GC(4) Pacer for Update Refs. Used: 1249M, Free: 10421M, Non-Taxable: 1042M, Alloc Tax Rate: 1.1x
[2025-05-18T21:40:33.515+0300][18256][24344][info][gc          ] GC(4) Pause Init Update Refs 0.095ms
[2025-05-18T21:40:33.515+0300][18256][23868][info][gc,start    ] GC(4) Concurrent update references
[2025-05-18T21:40:33.515+0300][18256][23868][info][gc,task     ] GC(4) Using 2 of 4 workers for concurrent reference update
[2025-05-18T21:40:33.524+0300][18256][23868][info][gc          ] GC(4) Concurrent update references 8.662ms
[2025-05-18T21:40:33.524+0300][18256][23868][info][gc,start    ] GC(4) Concurrent update thread roots
[2025-05-18T21:40:33.540+0300][18256][23868][info][gc          ] GC(4) Concurrent update thread roots 15.869ms
[2025-05-18T21:40:33.540+0300][18256][24344][info][gc,start    ] GC(4) Pause Final Update Refs
[2025-05-18T21:40:33.540+0300][18256][24344][info][gc,task     ] GC(4) Using 4 of 4 workers for final reference update
[2025-05-18T21:40:33.540+0300][18256][24344][info][gc          ] GC(4) Pause Final Update Refs 0.182ms
[2025-05-18T21:40:33.540+0300][18256][23868][info][gc,start    ] GC(4) Concurrent cleanup
[2025-05-18T21:40:33.540+0300][18256][23868][info][gc          ] GC(4) Concurrent cleanup 1301M->203M(12288M) 0.113ms
[2025-05-18T21:40:33.540+0300][18256][23868][info][gc,ergo     ] Free: 11468M, Max: 4096K regular, 8492M humongous, Frag: 26% external, 0% internal; Reserve: 616M, Max: 4096K
[2025-05-18T21:40:33.540+0300][18256][23868][info][gc,stats    ] 
[2025-05-18T21:40:33.540+0300][18256][23868][info][gc,stats    ] All times are wall-clock times, except per-root-class counters, that are sum over
[2025-05-18T21:40:33.540+0300][18256][23868][info][gc,stats    ] all workers. Dividing the <total> over the root stage time estimates parallelism.
[2025-05-18T21:40:33.540+0300][18256][23868][info][gc,stats    ] 
[2025-05-18T21:40:33.540+0300][18256][23868][info][gc,stats    ] Concurrent Reset                   3265 us
[2025-05-18T21:40:33.540+0300][18256][23868][info][gc,stats    ] Pause Init Mark (G)                 778 us
[2025-05-18T21:40:33.540+0300][18256][23868][info][gc,stats    ] Pause Init Mark (N)                 172 us
[2025-05-18T21:40:33.540+0300][18256][23868][info][gc,stats    ]   Update Region States               28 us
[2025-05-18T21:40:33.540+0300][18256][23868][info][gc,stats    ] Concurrent Mark Roots               272 us, parallelism: 0.73x
[2025-05-18T21:40:33.541+0300][18256][23868][info][gc,stats    ]   CMR: <total>                      198 us
[2025-05-18T21:40:33.541+0300][18256][23868][info][gc,stats    ]   CMR: Thread Roots                 106 us, workers (us): 104,   2, ---, ---, 
[2025-05-18T21:40:33.541+0300][18256][23868][info][gc,stats    ]   CMR: VM Strong Roots               10 us, workers (us):   5,   5, ---, ---, 
[2025-05-18T21:40:33.541+0300][18256][23868][info][gc,stats    ]   CMR: CLDG Roots                    82 us, workers (us): ---,  82, ---, ---, 
[2025-05-18T21:40:33.541+0300][18256][23868][info][gc,stats    ] Concurrent Marking                11945 us
[2025-05-18T21:40:33.541+0300][18256][23868][info][gc,stats    ] Pause Final Mark (G)                530 us
[2025-05-18T21:40:33.541+0300][18256][23868][info][gc,stats    ] Pause Final Mark (N)                423 us
[2025-05-18T21:40:33.541+0300][18256][23868][info][gc,stats    ]   Finish Mark                        49 us
[2025-05-18T21:40:33.541+0300][18256][23868][info][gc,stats    ]   Update Region States               43 us
[2025-05-18T21:40:33.541+0300][18256][23868][info][gc,stats    ]   Choose Collection Set             144 us
[2025-05-18T21:40:33.541+0300][18256][23868][info][gc,stats    ]   Rebuild Free Set                   44 us
[2025-05-18T21:40:33.541+0300][18256][23868][info][gc,stats    ] Concurrent Thread Roots             266 us, parallelism: 0.84x
[2025-05-18T21:40:33.541+0300][18256][23868][info][gc,stats    ]   CTR: <total>                      224 us
[2025-05-18T21:40:33.541+0300][18256][23868][info][gc,stats    ]   CTR: Thread Roots                 224 us, workers (us):  95, 129, ---, ---, 
[2025-05-18T21:40:33.541+0300][18256][23868][info][gc,stats    ] Concurrent Weak References          622 us, parallelism: 0.40x
[2025-05-18T21:40:33.541+0300][18256][23868][info][gc,stats    ]   CWRF: <total>                     249 us
[2025-05-18T21:40:33.541+0300][18256][23868][info][gc,stats    ]   CWRF: Weak References             249 us, workers (us): 213,  37, ---, ---, 
[2025-05-18T21:40:33.541+0300][18256][23868][info][gc,stats    ] Concurrent Weak Roots             13568 us
[2025-05-18T21:40:33.541+0300][18256][23868][info][gc,stats    ]   Roots                             779 us, parallelism: 1.78x
[2025-05-18T21:40:33.541+0300][18256][23868][info][gc,stats    ]     CWR: <total>                   1386 us
[2025-05-18T21:40:33.541+0300][18256][23868][info][gc,stats    ]     CWR: Code Cache Roots           986 us, workers (us): 467, 519, ---, ---, 
[2025-05-18T21:40:33.541+0300][18256][23868][info][gc,stats    ]     CWR: VM Weak Roots              387 us, workers (us): 192, 195, ---, ---, 
[2025-05-18T21:40:33.541+0300][18256][23868][info][gc,stats    ]     CWR: CLDG Roots                  12 us, workers (us):  12, ---, ---, ---, 
[2025-05-18T21:40:33.541+0300][18256][23868][info][gc,stats    ]   Rendezvous                      12597 us
[2025-05-18T21:40:33.541+0300][18256][23868][info][gc,stats    ] Concurrent Cleanup                  133 us
[2025-05-18T21:40:33.541+0300][18256][23868][info][gc,stats    ] Concurrent Class Unloading        30496 us
[2025-05-18T21:40:33.541+0300][18256][23868][info][gc,stats    ]   Unlink Stale                     2453 us
[2025-05-18T21:40:33.541+0300][18256][23868][info][gc,stats    ]     System Dictionary                25 us
[2025-05-18T21:40:33.541+0300][18256][23868][info][gc,stats    ]     Weak Class Links                  0 us
[2025-05-18T21:40:33.541+0300][18256][23868][info][gc,stats    ]     Code Roots                     2425 us
[2025-05-18T21:40:33.541+0300][18256][23868][info][gc,stats    ]   Rendezvous                      27703 us
[2025-05-18T21:40:33.541+0300][18256][23868][info][gc,stats    ]   Purge Unlinked                    200 us
[2025-05-18T21:40:33.541+0300][18256][23868][info][gc,stats    ]     Code Roots                      186 us
[2025-05-18T21:40:33.541+0300][18256][23868][info][gc,stats    ]     CLDG                             13 us
[2025-05-18T21:40:33.541+0300][18256][23868][info][gc,stats    ]     Exception Caches                  0 us
[2025-05-18T21:40:33.541+0300][18256][23868][info][gc,stats    ] Concurrent Strong Roots             207 us, parallelism: 0.37x
[2025-05-18T21:40:33.541+0300][18256][23868][info][gc,stats    ]   CSR: <total>                       76 us
[2025-05-18T21:40:33.541+0300][18256][23868][info][gc,stats    ]   CSR: VM Strong Roots               12 us, workers (us):   6,   6, ---, ---, 
[2025-05-18T21:40:33.541+0300][18256][23868][info][gc,stats    ]   CSR: CLDG Roots                    64 us, workers (us):  64, ---, ---, ---, 
[2025-05-18T21:40:33.541+0300][18256][23868][info][gc,stats    ] Concurrent Evacuation              5685 us
[2025-05-18T21:40:33.541+0300][18256][23868][info][gc,stats    ] Pause Init Update Refs (G)          259 us
[2025-05-18T21:40:33.541+0300][18256][23868][info][gc,stats    ] Pause Init Update Refs (N)          116 us
[2025-05-18T21:40:33.541+0300][18256][23868][info][gc,stats    ]   Manage GCLABs                       6 us
[2025-05-18T21:40:33.541+0300][18256][23868][info][gc,stats    ] Concurrent Update Refs             8731 us
[2025-05-18T21:40:33.541+0300][18256][23868][info][gc,stats    ] Concurrent Update Thread Roots    15943 us
[2025-05-18T21:40:33.541+0300][18256][23868][info][gc,stats    ] Pause Final Update Refs (G)         583 us
[2025-05-18T21:40:33.541+0300][18256][23868][info][gc,stats    ] Pause Final Update Refs (N)         214 us
[2025-05-18T21:40:33.542+0300][18256][23868][info][gc,stats    ]   Update Region States               45 us
[2025-05-18T21:40:33.542+0300][18256][23868][info][gc,stats    ]   Trash Collection Set               13 us
[2025-05-18T21:40:33.542+0300][18256][23868][info][gc,stats    ]   Rebuild Free Set                   37 us
[2025-05-18T21:40:33.542+0300][18256][23868][info][gc,stats    ] Concurrent Cleanup                  146 us
[2025-05-18T21:40:33.542+0300][18256][23868][info][gc,stats    ] 
[2025-05-18T21:40:33.542+0300][18256][23868][info][gc,stats    ] Allocation pacing accrued:
[2025-05-18T21:40:33.542+0300][18256][23868][info][gc,stats    ]       0 of  1040 ms (  0.0%): <total>
[2025-05-18T21:40:33.542+0300][18256][23868][info][gc,stats    ]       0 of  1040 ms (  0.0%): <average total>
[2025-05-18T21:40:33.542+0300][18256][23868][info][gc,stats    ] 
[2025-05-18T21:40:33.542+0300][18256][23868][info][gc,metaspace] Metaspace: 8515K(9536K)->8515K(9536K) NonClass: 7659K(8320K)->7659K(8320K) Class: 855K(1216K)->855K(1216K)
[2025-05-18T21:40:33.542+0300][18256][23868][info][gc,ergo     ] Pacer for Idle. Initial: 245M, Alloc Tax Rate: 1.0x
[2025-05-18T21:40:44.499+0300][18256][23868][info][gc          ] Trigger: Free (1223M) is below minimum threshold (1228M)
[2025-05-18T21:40:44.500+0300][18256][23868][info][gc,ergo     ] Free: 1223M, Max: 4096K regular, 1216M humongous, Frag: 0% external, 1% internal; Reserve: 616M, Max: 4096K
[2025-05-18T21:40:44.502+0300][18256][23868][info][gc,start    ] GC(5) Concurrent reset
[2025-05-18T21:40:44.502+0300][18256][23868][info][gc,task     ] GC(5) Using 2 of 4 workers for concurrent reset
[2025-05-18T21:40:44.503+0300][18256][23868][info][gc,ergo     ] GC(5) Pacer for Reset. Non-Taxable: 12288M
[2025-05-18T21:40:44.655+0300][18256][23868][info][gc          ] GC(5) Concurrent reset 153.929ms
[2025-05-18T21:40:44.657+0300][18256][24344][info][gc,start    ] GC(5) Pause Init Mark (unload classes)
[2025-05-18T21:40:44.657+0300][18256][24344][info][gc,task     ] GC(5) Using 4 of 4 workers for init marking
[2025-05-18T21:40:44.658+0300][18256][24344][info][gc,ergo     ] GC(5) Pacer for Mark. Expected Live: 9036K, Free: 1199M, Non-Taxable: 119M, Alloc Tax Rate: 0.0x
[2025-05-18T21:40:44.658+0300][18256][24344][info][gc          ] GC(5) Pause Init Mark (unload classes) 0.672ms
[2025-05-18T21:40:44.658+0300][18256][23868][info][gc,start    ] GC(5) Concurrent marking roots
[2025-05-18T21:40:44.658+0300][18256][23868][info][gc,task     ] GC(5) Using 2 of 4 workers for concurrent marking roots
[2025-05-18T21:40:44.660+0300][18256][23868][info][gc          ] GC(5) Concurrent marking roots 2.376ms
[2025-05-18T21:40:44.660+0300][18256][23868][info][gc,start    ] GC(5) Concurrent marking (unload classes)
[2025-05-18T21:40:44.660+0300][18256][23868][info][gc,task     ] GC(5) Using 2 of 4 workers for concurrent marking
[2025-05-18T21:40:44.748+0300][18256][23868][info][gc          ] GC(5) Concurrent marking (unload classes) 87.516ms
[2025-05-18T21:40:44.764+0300][18256][24344][info][gc,start    ] GC(5) Pause Final Mark (unload classes)
[2025-05-18T21:40:44.764+0300][18256][24344][info][gc,task     ] GC(5) Using 4 of 4 workers for final marking
[2025-05-18T21:40:44.764+0300][18256][24344][info][gc,ergo     ] GC(5) Adaptive CSet Selection. Target Free: 1740M, Actual Free: 9524M, Max CSet: 512M, Min Garbage: 0B
[2025-05-18T21:40:44.764+0300][18256][24344][info][gc,ergo     ] GC(5) Collectable Garbage: 10460M (99%), Immediate: 7740M (73%), CSet: 2720M (26%)
[2025-05-18T21:40:44.764+0300][18256][24344][info][gc,ergo     ] GC(5) Pacer for Evacuation. Used CSet: 2721M, Free: 8912M, Non-Taxable: 891M, Alloc Tax Rate: 1.1x
[2025-05-18T21:40:44.766+0300][18256][24344][info][gc          ] GC(5) Pause Final Mark (unload classes) 1.440ms
[2025-05-18T21:40:44.766+0300][18256][23868][info][gc,start    ] GC(5) Concurrent thread roots
[2025-05-18T21:40:44.766+0300][18256][23868][info][gc,task     ] GC(5) Using 2 of 4 workers for Concurrent thread roots
[2025-05-18T21:40:44.766+0300][18256][23868][info][gc          ] GC(5) Concurrent thread roots 0.477ms
[2025-05-18T21:40:44.766+0300][18256][23868][info][gc,start    ] GC(5) Concurrent weak references
[2025-05-18T21:40:44.766+0300][18256][23868][info][gc,task     ] GC(5) Using 2 of 4 workers for concurrent weak references
[2025-05-18T21:40:44.767+0300][18256][23868][info][gc,ref      ] GC(5) Encountered references: Soft: 301, Weak: 2041, Final: 3, Phantom: 46
[2025-05-18T21:40:44.767+0300][18256][23868][info][gc,ref      ] GC(5) Discovered  references: Soft: 0, Weak: 1550, Final: 1, Phantom: 43
[2025-05-18T21:40:44.767+0300][18256][23868][info][gc,ref      ] GC(5) Enqueued    references: Soft: 0, Weak: 1372, Final: 0, Phantom: 0
[2025-05-18T21:40:44.767+0300][18256][23868][info][gc          ] GC(5) Concurrent weak references 1.231ms
[2025-05-18T21:40:44.767+0300][18256][23868][info][gc,start    ] GC(5) Concurrent weak roots
[2025-05-18T21:40:44.767+0300][18256][23868][info][gc,task     ] GC(5) Using 2 of 4 workers for concurrent weak root
[2025-05-18T21:40:44.789+0300][18256][23868][info][gc          ] GC(5) Concurrent weak roots 21.456ms
[2025-05-18T21:40:44.789+0300][18256][23868][info][gc,start    ] GC(5) Concurrent cleanup
[2025-05-18T21:40:44.789+0300][18256][23868][info][gc          ] GC(5) Concurrent cleanup 10521M->2781M(12288M) 0.199ms
[2025-05-18T21:40:44.789+0300][18256][23868][info][gc,ergo     ] GC(5) Free: 8888M, Max: 4096K regular, 1144M humongous, Frag: 88% external, 0% internal; Reserve: 615M, Max: 4096K
[2025-05-18T21:40:44.789+0300][18256][23868][info][gc,start    ] GC(5) Concurrent class unloading
[2025-05-18T21:40:44.789+0300][18256][23868][info][gc,task     ] GC(5) Using 2 of 4 workers for concurrent class unloading
[2025-05-18T21:40:44.815+0300][18256][23868][info][gc          ] GC(5) Concurrent class unloading 26.043ms
[2025-05-18T21:40:44.815+0300][18256][23868][info][gc,start    ] GC(5) Concurrent strong roots
[2025-05-18T21:40:44.815+0300][18256][23868][info][gc,task     ] GC(5) Using 2 of 4 workers for concurrent strong root
[2025-05-18T21:40:44.815+0300][18256][23868][info][gc          ] GC(5) Concurrent strong roots 0.204ms
[2025-05-18T21:40:44.815+0300][18256][23868][info][gc,start    ] GC(5) Concurrent evacuation
[2025-05-18T21:40:44.815+0300][18256][23868][info][gc,task     ] GC(5) Using 2 of 4 workers for concurrent evacuation
[2025-05-18T21:40:45.256+0300][18256][23868][info][gc          ] GC(5) Concurrent evacuation 441.292ms
[2025-05-18T21:40:45.271+0300][18256][24344][info][gc,start    ] GC(5) Pause Init Update Refs
[2025-05-18T21:40:45.271+0300][18256][24344][info][gc,ergo     ] GC(5) Pacer for Update Refs. Used: 2929M, Free: 8740M, Non-Taxable: 874M, Alloc Tax Rate: 1.1x
[2025-05-18T21:40:45.271+0300][18256][24344][info][gc          ] GC(5) Pause Init Update Refs 0.136ms
[2025-05-18T21:40:45.271+0300][18256][23868][info][gc,start    ] GC(5) Concurrent update references
[2025-05-18T21:40:45.271+0300][18256][23868][info][gc,task     ] GC(5) Using 2 of 4 workers for concurrent reference update
[2025-05-18T21:40:45.277+0300][18256][23868][info][gc          ] GC(5) Concurrent update references 5.891ms
[2025-05-18T21:40:45.277+0300][18256][23868][info][gc,start    ] GC(5) Concurrent update thread roots
[2025-05-18T21:40:45.277+0300][18256][23868][info][gc          ] GC(5) Concurrent update thread roots 0.457ms
[2025-05-18T21:40:45.277+0300][18256][24344][info][gc,start    ] GC(5) Pause Final Update Refs
[2025-05-18T21:40:45.277+0300][18256][24344][info][gc,task     ] GC(5) Using 4 of 4 workers for final reference update
[2025-05-18T21:40:45.278+0300][18256][24344][info][gc          ] GC(5) Pause Final Update Refs 0.195ms
[2025-05-18T21:40:45.278+0300][18256][23868][info][gc,start    ] GC(5) Concurrent cleanup
[2025-05-18T21:40:45.278+0300][18256][23868][info][gc          ] GC(5) Concurrent cleanup 2933M->212M(12288M) 0.151ms
[2025-05-18T21:40:45.278+0300][18256][23868][info][gc,ergo     ] Free: 11459M, Max: 4096K regular, 10260M humongous, Frag: 11% external, 0% internal; Reserve: 616M, Max: 4096K
[2025-05-18T21:40:45.278+0300][18256][23868][info][gc,stats    ] 
[2025-05-18T21:40:45.278+0300][18256][23868][info][gc,stats    ] All times are wall-clock times, except per-root-class counters, that are sum over
[2025-05-18T21:40:45.278+0300][18256][23868][info][gc,stats    ] all workers. Dividing the <total> over the root stage time estimates parallelism.
[2025-05-18T21:40:45.278+0300][18256][23868][info][gc,stats    ] 
[2025-05-18T21:40:45.278+0300][18256][23868][info][gc,stats    ] Concurrent Reset                 154038 us
[2025-05-18T21:40:45.278+0300][18256][23868][info][gc,stats    ] Pause Init Mark (G)                2371 us
[2025-05-18T21:40:45.278+0300][18256][23868][info][gc,stats    ] Pause Init Mark (N)                 701 us
[2025-05-18T21:40:45.278+0300][18256][23868][info][gc,stats    ]   Update Region States               40 us
[2025-05-18T21:40:45.278+0300][18256][23868][info][gc,stats    ] Concurrent Mark Roots              2441 us, parallelism: 0.92x
[2025-05-18T21:40:45.278+0300][18256][23868][info][gc,stats    ]   CMR: <total>                     2240 us
[2025-05-18T21:40:45.278+0300][18256][23868][info][gc,stats    ]   CMR: Thread Roots                1374 us, workers (us): 518, 856, ---, ---, 
[2025-05-18T21:40:45.278+0300][18256][23868][info][gc,stats    ]   CMR: VM Strong Roots              695 us, workers (us): 381, 314, ---, ---, 
[2025-05-18T21:40:45.278+0300][18256][23868][info][gc,stats    ]   CMR: CLDG Roots                   171 us, workers (us): 171, ---, ---, ---, 
[2025-05-18T21:40:45.278+0300][18256][23868][info][gc,stats    ] Concurrent Marking                87633 us
[2025-05-18T21:40:45.278+0300][18256][23868][info][gc,stats    ] Pause Final Mark (G)              17405 us
[2025-05-18T21:40:45.278+0300][18256][23868][info][gc,stats    ] Pause Final Mark (N)               1463 us
[2025-05-18T21:40:45.278+0300][18256][23868][info][gc,stats    ]   Finish Mark                       936 us
[2025-05-18T21:40:45.279+0300][18256][23868][info][gc,stats    ]   Update Region States               45 us
[2025-05-18T21:40:45.279+0300][18256][23868][info][gc,stats    ]   Choose Collection Set             250 us
[2025-05-18T21:40:45.279+0300][18256][23868][info][gc,stats    ]   Rebuild Free Set                   40 us
[2025-05-18T21:40:45.279+0300][18256][23868][info][gc,stats    ] Concurrent Thread Roots             522 us, parallelism: 1.20x
[2025-05-18T21:40:45.279+0300][18256][23868][info][gc,stats    ]   CTR: <total>                      624 us
[2025-05-18T21:40:45.279+0300][18256][23868][info][gc,stats    ]   CTR: Thread Roots                 624 us, workers (us): 309, 315, ---, ---, 
[2025-05-18T21:40:45.279+0300][18256][23868][info][gc,stats    ] Concurrent Weak References         1255 us, parallelism: 0.79x
[2025-05-18T21:40:45.279+0300][18256][23868][info][gc,stats    ]   CWRF: <total>                     997 us
[2025-05-18T21:40:45.279+0300][18256][23868][info][gc,stats    ]   CWRF: Weak References             997 us, workers (us): 340, 656, ---, ---, 
[2025-05-18T21:40:45.279+0300][18256][23868][info][gc,stats    ] Concurrent Weak Roots             21537 us
[2025-05-18T21:40:45.279+0300][18256][23868][info][gc,stats    ]   Roots                           20589 us, parallelism: 1.92x
[2025-05-18T21:40:45.279+0300][18256][23868][info][gc,stats    ]     CWR: <total>                  39627 us
[2025-05-18T21:40:45.279+0300][18256][23868][info][gc,stats    ]     CWR: Code Cache Roots         38231 us, workers (us): 19243, 18988, ---, ---, 
[2025-05-18T21:40:45.279+0300][18256][23868][info][gc,stats    ]     CWR: VM Weak Roots             1382 us, workers (us): 712, 670, ---, ---, 
[2025-05-18T21:40:45.279+0300][18256][23868][info][gc,stats    ]     CWR: CLDG Roots                  14 us, workers (us): ---,  14, ---, ---, 
[2025-05-18T21:40:45.279+0300][18256][23868][info][gc,stats    ]   Rendezvous                        819 us
[2025-05-18T21:40:45.279+0300][18256][23868][info][gc,stats    ] Concurrent Cleanup                  225 us
[2025-05-18T21:40:45.279+0300][18256][23868][info][gc,stats    ] Concurrent Class Unloading        26126 us
[2025-05-18T21:40:45.279+0300][18256][23868][info][gc,stats    ]   Unlink Stale                    13192 us
[2025-05-18T21:40:45.279+0300][18256][23868][info][gc,stats    ]     System Dictionary                25 us
[2025-05-18T21:40:45.279+0300][18256][23868][info][gc,stats    ]     Weak Class Links                  0 us
[2025-05-18T21:40:45.279+0300][18256][23868][info][gc,stats    ]     Code Roots                    13164 us
[2025-05-18T21:40:45.279+0300][18256][23868][info][gc,stats    ]   Rendezvous                      10605 us
[2025-05-18T21:40:45.279+0300][18256][23868][info][gc,stats    ]   Purge Unlinked                    492 us
[2025-05-18T21:40:45.279+0300][18256][23868][info][gc,stats    ]     Code Roots                      468 us
[2025-05-18T21:40:45.279+0300][18256][23868][info][gc,stats    ]     CLDG                             23 us
[2025-05-18T21:40:45.279+0300][18256][23868][info][gc,stats    ]     Exception Caches                  0 us
[2025-05-18T21:40:45.279+0300][18256][23868][info][gc,stats    ] Concurrent Strong Roots             259 us, parallelism: 0.45x
[2025-05-18T21:40:45.279+0300][18256][23868][info][gc,stats    ]   CSR: <total>                      117 us
[2025-05-18T21:40:45.279+0300][18256][23868][info][gc,stats    ]   CSR: VM Strong Roots               17 us, workers (us):   9,   9, ---, ---, 
[2025-05-18T21:40:45.279+0300][18256][23868][info][gc,stats    ]   CSR: CLDG Roots                    99 us, workers (us):  99, ---, ---, ---, 
[2025-05-18T21:40:45.279+0300][18256][23868][info][gc,stats    ] Concurrent Evacuation            441527 us
[2025-05-18T21:40:45.279+0300][18256][23868][info][gc,stats    ] Pause Init Update Refs (G)        14329 us
[2025-05-18T21:40:45.279+0300][18256][23868][info][gc,stats    ] Pause Init Update Refs (N)          154 us
[2025-05-18T21:40:45.279+0300][18256][23868][info][gc,stats    ]   Manage GCLABs                       9 us
[2025-05-18T21:40:45.279+0300][18256][23868][info][gc,stats    ] Concurrent Update Refs             5957 us
[2025-05-18T21:40:45.279+0300][18256][23868][info][gc,stats    ] Concurrent Update Thread Roots      499 us
[2025-05-18T21:40:45.279+0300][18256][23868][info][gc,stats    ] Pause Final Update Refs (G)         282 us
[2025-05-18T21:40:45.279+0300][18256][23868][info][gc,stats    ] Pause Final Update Refs (N)         211 us
[2025-05-18T21:40:45.279+0300][18256][23868][info][gc,stats    ]   Update Region States               37 us
[2025-05-18T21:40:45.279+0300][18256][23868][info][gc,stats    ]   Trash Collection Set               81 us
[2025-05-18T21:40:45.279+0300][18256][23868][info][gc,stats    ]   Rebuild Free Set                   34 us
[2025-05-18T21:40:45.279+0300][18256][23868][info][gc,stats    ] Concurrent Cleanup                  180 us
[2025-05-18T21:40:45.279+0300][18256][23868][info][gc,stats    ] 
[2025-05-18T21:40:45.279+0300][18256][23868][info][gc,stats    ] Allocation pacing accrued:
[2025-05-18T21:40:45.280+0300][18256][23868][info][gc,stats    ]       0 of 11738 ms (  0.0%): <total>
[2025-05-18T21:40:45.280+0300][18256][23868][info][gc,stats    ]       0 of 11738 ms (  0.0%): <average total>
[2025-05-18T21:40:45.280+0300][18256][23868][info][gc,stats    ] 
[2025-05-18T21:40:45.280+0300][18256][23868][info][gc,metaspace] Metaspace: 8517K(9536K)->8517K(9536K) NonClass: 7661K(8320K)->7661K(8320K) Class: 855K(1216K)->855K(1216K)
[2025-05-18T21:40:45.280+0300][18256][23868][info][gc,ergo     ] Pacer for Idle. Initial: 245M, Alloc Tax Rate: 1.0x
[2025-05-18T21:40:45.843+0300][18256][23868][info][gc          ] Trigger: Explicit GC request (System.gc())
[2025-05-18T21:40:45.843+0300][18256][23868][info][gc,ergo     ] Free: 11401M, Max: 4096K regular, 10248M humongous, Frag: 11% external, 0% internal; Reserve: 616M, Max: 4096K
[2025-05-18T21:40:45.843+0300][18256][23868][info][gc,start    ] GC(6) Concurrent reset
[2025-05-18T21:40:45.843+0300][18256][23868][info][gc,task     ] GC(6) Using 2 of 4 workers for concurrent reset
[2025-05-18T21:40:45.843+0300][18256][23868][info][gc,ergo     ] GC(6) Pacer for Reset. Non-Taxable: 12288M
[2025-05-18T21:40:45.850+0300][18256][23868][info][gc          ] GC(6) Concurrent reset 6.872ms
[2025-05-18T21:40:45.850+0300][18256][24344][info][gc,start    ] GC(6) Pause Init Mark (unload classes)
[2025-05-18T21:40:45.850+0300][18256][24344][info][gc,task     ] GC(6) Using 4 of 4 workers for init marking
[2025-05-18T21:40:45.850+0300][18256][24344][info][gc,ref      ] GC(6) Clearing All SoftReferences
[2025-05-18T21:40:45.850+0300][18256][24344][info][gc,ergo     ] GC(6) Pacer for Mark. Expected Live: 10543K, Free: 11401M, Non-Taxable: 1140M, Alloc Tax Rate: 0.0x
[2025-05-18T21:40:45.850+0300][18256][24344][info][gc          ] GC(6) Pause Init Mark (unload classes) 0.161ms
[2025-05-18T21:40:45.850+0300][18256][23868][info][gc,start    ] GC(6) Concurrent marking roots
[2025-05-18T21:40:45.850+0300][18256][23868][info][gc,task     ] GC(6) Using 2 of 4 workers for concurrent marking roots
[2025-05-18T21:40:45.851+0300][18256][23868][info][gc          ] GC(6) Concurrent marking roots 0.211ms
[2025-05-18T21:40:45.851+0300][18256][23868][info][gc,start    ] GC(6) Concurrent marking (unload classes)
[2025-05-18T21:40:45.851+0300][18256][23868][info][gc,task     ] GC(6) Using 2 of 4 workers for concurrent marking
[2025-05-18T21:40:45.854+0300][18256][23868][info][gc          ] GC(6) Concurrent marking (unload classes) 3.818ms
[2025-05-18T21:40:45.854+0300][18256][24344][info][gc,start    ] GC(6) Pause Final Mark (unload classes)
[2025-05-18T21:40:45.854+0300][18256][24344][info][gc,task     ] GC(6) Using 4 of 4 workers for final marking
[2025-05-18T21:40:45.854+0300][18256][24344][info][gc,ergo     ] GC(6) Collectable Garbage: 250M (97%), Immediate: 250M (97%), CSet: 0B (0%)
[2025-05-18T21:40:45.854+0300][18256][24344][info][gc          ] GC(6) Pause Final Mark (unload classes) 0.318ms
[2025-05-18T21:40:45.854+0300][18256][23868][info][gc,start    ] GC(6) Concurrent weak references
[2025-05-18T21:40:45.854+0300][18256][23868][info][gc,task     ] GC(6) Using 2 of 4 workers for concurrent weak references
[2025-05-18T21:40:45.854+0300][18256][23868][info][gc,ref      ] GC(6) Encountered references: Soft: 256, Weak: 687, Final: 3, Phantom: 41
[2025-05-18T21:40:45.854+0300][18256][23868][info][gc,ref      ] GC(6) Discovered  references: Soft: 201, Weak: 459, Final: 3, Phantom: 39
[2025-05-18T21:40:45.855+0300][18256][23868][info][gc,ref      ] GC(6) Enqueued    references: Soft: 98, Weak: 36, Final: 0, Phantom: 15
[2025-05-18T21:40:45.855+0300][18256][23868][info][gc          ] GC(6) Concurrent weak references 0.221ms
[2025-05-18T21:40:45.855+0300][18256][23868][info][gc,start    ] GC(6) Concurrent weak roots
[2025-05-18T21:40:45.855+0300][18256][23868][info][gc,task     ] GC(6) Using 2 of 4 workers for concurrent weak root
[2025-05-18T21:40:45.856+0300][18256][23868][info][gc          ] GC(6) Concurrent weak roots 1.613ms
[2025-05-18T21:40:45.856+0300][18256][23868][info][gc,start    ] GC(6) Concurrent cleanup
[2025-05-18T21:40:45.856+0300][18256][23868][info][gc          ] GC(6) Concurrent cleanup 266M->16M(12288M) 0.059ms
[2025-05-18T21:40:45.856+0300][18256][23868][info][gc,ergo     ] GC(6) Free: 11655M, Max: 4096K regular, 11456M humongous, Frag: 2% external, 0% internal; Reserve: 616M, Max: 4096K
[2025-05-18T21:40:45.856+0300][18256][23868][info][gc,start    ] GC(6) Concurrent class unloading
[2025-05-18T21:40:45.856+0300][18256][23868][info][gc,task     ] GC(6) Using 2 of 4 workers for concurrent class unloading
[2025-05-18T21:40:45.867+0300][18256][23868][info][gc          ] GC(6) Concurrent class unloading 10.341ms
[2025-05-18T21:40:45.867+0300][18256][24344][info][gc,start    ] GC(6) Pause Final Roots
[2025-05-18T21:40:45.867+0300][18256][24344][info][gc          ] GC(6) Pause Final Roots 0.056ms
[2025-05-18T21:40:45.867+0300][18256][23868][info][gc,ergo     ] Free: 11655M, Max: 4096K regular, 11456M humongous, Frag: 2% external, 0% internal; Reserve: 616M, Max: 4096K
[2025-05-18T21:40:45.867+0300][18256][23868][info][gc,stats    ] 
[2025-05-18T21:40:45.867+0300][18256][23868][info][gc,stats    ] All times are wall-clock times, except per-root-class counters, that are sum over
[2025-05-18T21:40:45.867+0300][18256][23868][info][gc,stats    ] all workers. Dividing the <total> over the root stage time estimates parallelism.
[2025-05-18T21:40:45.867+0300][18256][23868][info][gc,stats    ] 
[2025-05-18T21:40:45.867+0300][18256][23868][info][gc,stats    ] Concurrent Reset                   6955 us
[2025-05-18T21:40:45.868+0300][18256][23868][info][gc,stats    ] Pause Init Mark (G)                 271 us
[2025-05-18T21:40:45.868+0300][18256][23868][info][gc,stats    ] Pause Init Mark (N)                 181 us
[2025-05-18T21:40:45.868+0300][18256][23868][info][gc,stats    ]   Update Region States               32 us
[2025-05-18T21:40:45.868+0300][18256][23868][info][gc,stats    ] Concurrent Mark Roots               255 us, parallelism: 0.66x
[2025-05-18T21:40:45.868+0300][18256][23868][info][gc,stats    ]   CMR: <total>                      168 us
[2025-05-18T21:40:45.868+0300][18256][23868][info][gc,stats    ]   CMR: Thread Roots                  69 us, workers (us):   0,  68, ---, ---, 
[2025-05-18T21:40:45.868+0300][18256][23868][info][gc,stats    ]   CMR: VM Strong Roots               17 us, workers (us):  12,   5, ---, ---, 
[2025-05-18T21:40:45.868+0300][18256][23868][info][gc,stats    ]   CMR: CLDG Roots                    82 us, workers (us):  82, ---, ---, ---, 
[2025-05-18T21:40:45.868+0300][18256][23868][info][gc,stats    ] Concurrent Marking                 3893 us
[2025-05-18T21:40:45.868+0300][18256][23868][info][gc,stats    ] Pause Final Mark (G)                395 us
[2025-05-18T21:40:45.868+0300][18256][23868][info][gc,stats    ] Pause Final Mark (N)                345 us
[2025-05-18T21:40:45.868+0300][18256][23868][info][gc,stats    ]   Finish Mark                        86 us
[2025-05-18T21:40:45.868+0300][18256][23868][info][gc,stats    ]   Update Region States               43 us
[2025-05-18T21:40:45.868+0300][18256][23868][info][gc,stats    ]   Choose Collection Set              72 us
[2025-05-18T21:40:45.868+0300][18256][23868][info][gc,stats    ]   Rebuild Free Set                   30 us
[2025-05-18T21:40:45.868+0300][18256][23868][info][gc,stats    ] Concurrent Weak References          243 us, parallelism: 0.29x
[2025-05-18T21:40:45.868+0300][18256][23868][info][gc,stats    ]   CWRF: <total>                      70 us
[2025-05-18T21:40:45.868+0300][18256][23868][info][gc,stats    ]   CWRF: Weak References              70 us, workers (us):  25,  45, ---, ---, 
[2025-05-18T21:40:45.868+0300][18256][23868][info][gc,stats    ] Concurrent Weak Roots              1672 us
[2025-05-18T21:40:45.868+0300][18256][23868][info][gc,stats    ]   Roots                            1067 us, parallelism: 1.90x
[2025-05-18T21:40:45.868+0300][18256][23868][info][gc,stats    ]     CWR: <total>                   2023 us
[2025-05-18T21:40:45.868+0300][18256][23868][info][gc,stats    ]     CWR: Code Cache Roots          1746 us, workers (us): 878, 868, ---, ---, 
[2025-05-18T21:40:45.868+0300][18256][23868][info][gc,stats    ]     CWR: VM Weak Roots              268 us, workers (us): 138, 130, ---, ---, 
[2025-05-18T21:40:45.868+0300][18256][23868][info][gc,stats    ]     CWR: CLDG Roots                   9 us, workers (us): ---,   9, ---, ---, 
[2025-05-18T21:40:45.868+0300][18256][23868][info][gc,stats    ]   Rendezvous                         89 us
[2025-05-18T21:40:45.868+0300][18256][23868][info][gc,stats    ] Concurrent Cleanup                   77 us
[2025-05-18T21:40:45.868+0300][18256][23868][info][gc,stats    ] Concurrent Class Unloading        10419 us
[2025-05-18T21:40:45.868+0300][18256][23868][info][gc,stats    ]   Unlink Stale                     9260 us
[2025-05-18T21:40:45.868+0300][18256][23868][info][gc,stats    ]     System Dictionary              1031 us
[2025-05-18T21:40:45.868+0300][18256][23868][info][gc,stats    ]     Weak Class Links               5791 us
[2025-05-18T21:40:45.868+0300][18256][23868][info][gc,stats    ]     Code Roots                     2436 us
[2025-05-18T21:40:45.868+0300][18256][23868][info][gc,stats    ]   Rendezvous                         98 us
[2025-05-18T21:40:45.868+0300][18256][23868][info][gc,stats    ]   Purge Unlinked                    884 us
[2025-05-18T21:40:45.868+0300][18256][23868][info][gc,stats    ]     Code Roots                      270 us
[2025-05-18T21:40:45.868+0300][18256][23868][info][gc,stats    ]     CLDG                            613 us
[2025-05-18T21:40:45.868+0300][18256][23868][info][gc,stats    ]     Exception Caches                  0 us
[2025-05-18T21:40:45.868+0300][18256][23868][info][gc,stats    ] Pause Final Roots (G)               145 us
[2025-05-18T21:40:45.868+0300][18256][23868][info][gc,stats    ] Pause Final Roots (N)                80 us
[2025-05-18T21:40:45.868+0300][18256][23868][info][gc,stats    ] 
[2025-05-18T21:40:45.868+0300][18256][23868][info][gc,stats    ] Allocation pacing accrued:
[2025-05-18T21:40:45.868+0300][18256][23868][info][gc,stats    ]       0 of   588 ms (  0.0%): <total>
[2025-05-18T21:40:45.868+0300][18256][23868][info][gc,stats    ]       0 of   588 ms (  0.0%): <average total>
[2025-05-18T21:40:45.868+0300][18256][23868][info][gc,stats    ] 
[2025-05-18T21:40:45.868+0300][18256][23868][info][gc,metaspace] Metaspace: 8691K(9728K)->8610K(9728K) NonClass: 7818K(8448K)->7759K(8448K) Class: 873K(1280K)->850K(1280K)
[2025-05-18T21:40:45.868+0300][18256][23868][info][gc,ergo     ] Pacer for Idle. Initial: 245M, Alloc Tax Rate: 1.0x
[2025-05-18T21:40:54.846+0300][18256][23868][info][gc          ] Trigger: Learning 2 of 5. Free (8599M) is below initial threshold (8601M)
[2025-05-18T21:40:54.846+0300][18256][23868][info][gc,ergo     ] Free: 8599M, Max: 4096K regular, 8592M humongous, Frag: 0% external, 0% internal; Reserve: 616M, Max: 4096K
[2025-05-18T21:40:54.846+0300][18256][23868][info][gc,start    ] GC(7) Concurrent reset
[2025-05-18T21:40:54.846+0300][18256][23868][info][gc,task     ] GC(7) Using 2 of 4 workers for concurrent reset
[2025-05-18T21:40:54.846+0300][18256][23868][info][gc,ergo     ] GC(7) Pacer for Reset. Non-Taxable: 12288M
[2025-05-18T21:40:54.846+0300][18256][23868][info][gc          ] GC(7) Concurrent reset 0.362ms
[2025-05-18T21:40:54.847+0300][18256][24344][info][gc,start    ] GC(7) Pause Init Mark (unload classes)
[2025-05-18T21:40:54.847+0300][18256][24344][info][gc,task     ] GC(7) Using 4 of 4 workers for init marking
[2025-05-18T21:40:54.847+0300][18256][24344][info][gc,ergo     ] GC(7) Pacer for Mark. Expected Live: 10390K, Free: 8599M, Non-Taxable: 859M, Alloc Tax Rate: 0.0x
[2025-05-18T21:40:54.847+0300][18256][24344][info][gc          ] GC(7) Pause Init Mark (unload classes) 0.171ms
[2025-05-18T21:40:54.847+0300][18256][23868][info][gc,start    ] GC(7) Concurrent marking roots
[2025-05-18T21:40:54.847+0300][18256][23868][info][gc,task     ] GC(7) Using 2 of 4 workers for concurrent marking roots
[2025-05-18T21:40:54.847+0300][18256][23868][info][gc          ] GC(7) Concurrent marking roots 0.577ms
[2025-05-18T21:40:54.847+0300][18256][23868][info][gc,start    ] GC(7) Concurrent marking (unload classes)
[2025-05-18T21:40:54.847+0300][18256][23868][info][gc,task     ] GC(7) Using 2 of 4 workers for concurrent marking
[2025-05-18T21:40:54.878+0300][18256][23868][info][gc          ] GC(7) Concurrent marking (unload classes) 30.157ms
[2025-05-18T21:40:54.894+0300][18256][24344][info][gc,start    ] GC(7) Pause Final Mark (unload classes)
[2025-05-18T21:40:54.894+0300][18256][24344][info][gc,task     ] GC(7) Using 4 of 4 workers for final marking
[2025-05-18T21:40:54.894+0300][18256][24344][info][gc,ergo     ] GC(7) Adaptive CSet Selection. Target Free: 1740M, Actual Free: 11068M, Max CSet: 512M, Min Garbage: 0B
[2025-05-18T21:40:54.894+0300][18256][24344][info][gc,ergo     ] GC(7) Collectable Garbage: 3059M (99%), Immediate: 1908M (62%), CSet: 1151M (37%)
[2025-05-18T21:40:54.894+0300][18256][24344][info][gc,ergo     ] GC(7) Pacer for Evacuation. Used CSet: 1156M, Free: 10458M, Non-Taxable: 1045M, Alloc Tax Rate: 1.1x
[2025-05-18T21:40:54.894+0300][18256][24344][info][gc          ] GC(7) Pause Final Mark (unload classes) 0.377ms
[2025-05-18T21:40:54.894+0300][18256][23868][info][gc,start    ] GC(7) Concurrent thread roots
[2025-05-18T21:40:54.894+0300][18256][23868][info][gc,task     ] GC(7) Using 2 of 4 workers for Concurrent thread roots
[2025-05-18T21:40:54.894+0300][18256][23868][info][gc          ] GC(7) Concurrent thread roots 0.331ms
[2025-05-18T21:40:54.894+0300][18256][23868][info][gc,start    ] GC(7) Concurrent weak references
[2025-05-18T21:40:54.894+0300][18256][23868][info][gc,task     ] GC(7) Using 2 of 4 workers for concurrent weak references
[2025-05-18T21:40:54.895+0300][18256][23868][info][gc,ref      ] GC(7) Encountered references: Soft: 152, Weak: 1230, Final: 3, Phantom: 50
[2025-05-18T21:40:54.895+0300][18256][23868][info][gc,ref      ] GC(7) Discovered  references: Soft: 0, Weak: 715, Final: 1, Phantom: 48
[2025-05-18T21:40:54.895+0300][18256][23868][info][gc,ref      ] GC(7) Enqueued    references: Soft: 0, Weak: 530, Final: 0, Phantom: 0
[2025-05-18T21:40:54.895+0300][18256][23868][info][gc          ] GC(7) Concurrent weak references 0.356ms
[2025-05-18T21:40:54.895+0300][18256][23868][info][gc,start    ] GC(7) Concurrent weak roots
[2025-05-18T21:40:54.895+0300][18256][23868][info][gc,task     ] GC(7) Using 2 of 4 workers for concurrent weak root
[2025-05-18T21:40:54.910+0300][18256][23868][info][gc          ] GC(7) Concurrent weak roots 14.779ms
[2025-05-18T21:40:54.910+0300][18256][23868][info][gc,start    ] GC(7) Concurrent cleanup
[2025-05-18T21:40:54.910+0300][18256][23868][info][gc          ] GC(7) Concurrent cleanup 3161M->1253M(12288M) 0.092ms
[2025-05-18T21:40:54.910+0300][18256][23868][info][gc,ergo     ] GC(7) Free: 10436M, Max: 4096K regular, 8532M humongous, Frag: 19% external, 0% internal; Reserve: 577M, Max: 4096K
[2025-05-18T21:40:54.910+0300][18256][23868][info][gc,start    ] GC(7) Concurrent class unloading
[2025-05-18T21:40:54.910+0300][18256][23868][info][gc,task     ] GC(7) Using 2 of 4 workers for concurrent class unloading
[2025-05-18T21:40:54.941+0300][18256][23868][info][gc          ] GC(7) Concurrent class unloading 31.556ms
[2025-05-18T21:40:54.941+0300][18256][23868][info][gc,start    ] GC(7) Concurrent strong roots
[2025-05-18T21:40:54.941+0300][18256][23868][info][gc,task     ] GC(7) Using 2 of 4 workers for concurrent strong root
[2025-05-18T21:40:54.941+0300][18256][23868][info][gc          ] GC(7) Concurrent strong roots 0.268ms
[2025-05-18T21:40:54.941+0300][18256][23868][info][gc,start    ] GC(7) Concurrent evacuation
[2025-05-18T21:40:54.941+0300][18256][23868][info][gc,task     ] GC(7) Using 2 of 4 workers for concurrent evacuation
[2025-05-18T21:40:54.953+0300][18256][23868][info][gc          ] GC(7) Concurrent evacuation 11.373ms
[2025-05-18T21:40:54.954+0300][18256][24344][info][gc,start    ] GC(7) Pause Init Update Refs
[2025-05-18T21:40:54.954+0300][18256][24344][info][gc,ergo     ] GC(7) Pacer for Update Refs. Used: 1277M, Free: 10413M, Non-Taxable: 1041M, Alloc Tax Rate: 1.1x
[2025-05-18T21:40:54.954+0300][18256][24344][info][gc          ] GC(7) Pause Init Update Refs 0.093ms
[2025-05-18T21:40:54.954+0300][18256][23868][info][gc,start    ] GC(7) Concurrent update references
[2025-05-18T21:40:54.954+0300][18256][23868][info][gc,task     ] GC(7) Using 2 of 4 workers for concurrent reference update
[2025-05-18T21:40:54.962+0300][18256][23868][info][gc          ] GC(7) Concurrent update references 8.777ms
[2025-05-18T21:40:54.963+0300][18256][23868][info][gc,start    ] GC(7) Concurrent update thread roots
[2025-05-18T21:40:54.973+0300][18256][23868][info][gc          ] GC(7) Concurrent update thread roots 10.006ms
[2025-05-18T21:40:54.988+0300][18256][24344][info][gc,start    ] GC(7) Pause Final Update Refs
[2025-05-18T21:40:54.988+0300][18256][24344][info][gc,task     ] GC(7) Using 4 of 4 workers for final reference update
[2025-05-18T21:40:54.988+0300][18256][24344][info][gc          ] GC(7) Pause Final Update Refs 0.244ms
[2025-05-18T21:40:54.988+0300][18256][23868][info][gc,start    ] GC(7) Concurrent cleanup
[2025-05-18T21:40:54.989+0300][18256][23868][info][gc          ] GC(7) Concurrent cleanup 1289M->133M(12288M) 0.833ms
[2025-05-18T21:40:54.989+0300][18256][23868][info][gc,ergo     ] Free: 11538M, Max: 4096K regular, 8496M humongous, Frag: 27% external, 0% internal; Reserve: 616M, Max: 4096K
[2025-05-18T21:40:54.989+0300][18256][23868][info][gc,stats    ] 
[2025-05-18T21:40:54.989+0300][18256][23868][info][gc,stats    ] All times are wall-clock times, except per-root-class counters, that are sum over
[2025-05-18T21:40:54.989+0300][18256][23868][info][gc,stats    ] all workers. Dividing the <total> over the root stage time estimates parallelism.
[2025-05-18T21:40:54.989+0300][18256][23868][info][gc,stats    ] 
[2025-05-18T21:40:54.989+0300][18256][23868][info][gc,stats    ] Concurrent Reset                    401 us
[2025-05-18T21:40:54.989+0300][18256][23868][info][gc,stats    ] Pause Init Mark (G)                 599 us
[2025-05-18T21:40:54.989+0300][18256][23868][info][gc,stats    ] Pause Init Mark (N)                 195 us
[2025-05-18T21:40:54.989+0300][18256][23868][info][gc,stats    ]   Update Region States               30 us
[2025-05-18T21:40:54.989+0300][18256][23868][info][gc,stats    ] Concurrent Mark Roots               619 us, parallelism: 0.90x
[2025-05-18T21:40:54.989+0300][18256][23868][info][gc,stats    ]   CMR: <total>                      560 us
[2025-05-18T21:40:54.989+0300][18256][23868][info][gc,stats    ]   CMR: Thread Roots                 453 us, workers (us):  49, 405, ---, ---, 
[2025-05-18T21:40:54.989+0300][18256][23868][info][gc,stats    ]   CMR: VM Strong Roots               14 us, workers (us):   9,   5, ---, ---, 
[2025-05-18T21:40:54.989+0300][18256][23868][info][gc,stats    ]   CMR: CLDG Roots                    92 us, workers (us):  92, ---, ---, ---, 
[2025-05-18T21:40:54.989+0300][18256][23868][info][gc,stats    ] Concurrent Marking                30241 us
[2025-05-18T21:40:54.989+0300][18256][23868][info][gc,stats    ] Pause Final Mark (G)              16400 us
[2025-05-18T21:40:54.989+0300][18256][23868][info][gc,stats    ] Pause Final Mark (N)                392 us
[2025-05-18T21:40:54.989+0300][18256][23868][info][gc,stats    ]   Finish Mark                        68 us
[2025-05-18T21:40:54.989+0300][18256][23868][info][gc,stats    ]   Update Region States               33 us
[2025-05-18T21:40:54.989+0300][18256][23868][info][gc,stats    ]   Choose Collection Set             100 us
[2025-05-18T21:40:54.989+0300][18256][23868][info][gc,stats    ]   Rebuild Free Set                   24 us
[2025-05-18T21:40:54.989+0300][18256][23868][info][gc,stats    ] Concurrent Thread Roots             368 us, parallelism: 1.05x
[2025-05-18T21:40:54.989+0300][18256][23868][info][gc,stats    ]   CTR: <total>                      386 us
[2025-05-18T21:40:54.989+0300][18256][23868][info][gc,stats    ]   CTR: Thread Roots                 386 us, workers (us): 230, 155, ---, ---, 
[2025-05-18T21:40:54.989+0300][18256][23868][info][gc,stats    ] Concurrent Weak References          376 us, parallelism: 0.70x
[2025-05-18T21:40:54.989+0300][18256][23868][info][gc,stats    ]   CWRF: <total>                     265 us
[2025-05-18T21:40:54.989+0300][18256][23868][info][gc,stats    ]   CWRF: Weak References             265 us, workers (us):  48, 217, ---, ---, 
[2025-05-18T21:40:54.989+0300][18256][23868][info][gc,stats    ] Concurrent Weak Roots             14867 us
[2025-05-18T21:40:54.989+0300][18256][23868][info][gc,stats    ]   Roots                            1651 us, parallelism: 1.89x
[2025-05-18T21:40:54.989+0300][18256][23868][info][gc,stats    ]     CWR: <total>                   3123 us
[2025-05-18T21:40:54.989+0300][18256][23868][info][gc,stats    ]     CWR: Code Cache Roots          2234 us, workers (us): 1158, 1076, ---, ---, 
[2025-05-18T21:40:54.990+0300][18256][23868][info][gc,stats    ]     CWR: VM Weak Roots              881 us, workers (us): 439, 442, ---, ---, 
[2025-05-18T21:40:54.990+0300][18256][23868][info][gc,stats    ]     CWR: CLDG Roots                   8 us, workers (us):   8, ---, ---, ---, 
[2025-05-18T21:40:54.990+0300][18256][23868][info][gc,stats    ]   Rendezvous                      13084 us
[2025-05-18T21:40:54.990+0300][18256][23868][info][gc,stats    ] Concurrent Cleanup                  120 us
[2025-05-18T21:40:54.990+0300][18256][23868][info][gc,stats    ] Concurrent Class Unloading        31625 us
[2025-05-18T21:40:54.990+0300][18256][23868][info][gc,stats    ]   Unlink Stale                     2198 us
[2025-05-18T21:40:54.990+0300][18256][23868][info][gc,stats    ]     System Dictionary                16 us
[2025-05-18T21:40:54.990+0300][18256][23868][info][gc,stats    ]     Weak Class Links                  1 us
[2025-05-18T21:40:54.990+0300][18256][23868][info][gc,stats    ]     Code Roots                     2180 us
[2025-05-18T21:40:54.990+0300][18256][23868][info][gc,stats    ]   Rendezvous                      29003 us
[2025-05-18T21:40:54.990+0300][18256][23868][info][gc,stats    ]   Purge Unlinked                    303 us
[2025-05-18T21:40:54.990+0300][18256][23868][info][gc,stats    ]     Code Roots                      287 us
[2025-05-18T21:40:54.990+0300][18256][23868][info][gc,stats    ]     CLDG                             15 us
[2025-05-18T21:40:54.990+0300][18256][23868][info][gc,stats    ]     Exception Caches                  0 us
[2025-05-18T21:40:54.990+0300][18256][23868][info][gc,stats    ] Concurrent Strong Roots             293 us, parallelism: 0.60x
[2025-05-18T21:40:54.990+0300][18256][23868][info][gc,stats    ]   CSR: <total>                      175 us
[2025-05-18T21:40:54.990+0300][18256][23868][info][gc,stats    ]   CSR: VM Strong Roots                9 us, workers (us):   7,   2, ---, ---, 
[2025-05-18T21:40:54.990+0300][18256][23868][info][gc,stats    ]   CSR: CLDG Roots                   166 us, workers (us): 166, ---, ---, ---, 
[2025-05-18T21:40:54.990+0300][18256][23868][info][gc,stats    ] Concurrent Evacuation             11446 us
[2025-05-18T21:40:54.990+0300][18256][23868][info][gc,stats    ] Pause Init Update Refs (G)          997 us
[2025-05-18T21:40:54.990+0300][18256][23868][info][gc,stats    ] Pause Init Update Refs (N)          114 us
[2025-05-18T21:40:54.990+0300][18256][23868][info][gc,stats    ]   Manage GCLABs                       7 us
[2025-05-18T21:40:54.990+0300][18256][23868][info][gc,stats    ] Concurrent Update Refs             8868 us
[2025-05-18T21:40:54.990+0300][18256][23868][info][gc,stats    ] Concurrent Update Thread Roots    10084 us
[2025-05-18T21:40:54.990+0300][18256][23868][info][gc,stats    ] Pause Final Update Refs (G)       15254 us
[2025-05-18T21:40:54.990+0300][18256][23868][info][gc,stats    ] Pause Final Update Refs (N)         268 us
[2025-05-18T21:40:54.990+0300][18256][23868][info][gc,stats    ]   Update Region States               47 us
[2025-05-18T21:40:54.990+0300][18256][23868][info][gc,stats    ]   Trash Collection Set               12 us
[2025-05-18T21:40:54.990+0300][18256][23868][info][gc,stats    ]   Rebuild Free Set                   28 us
[2025-05-18T21:40:54.990+0300][18256][23868][info][gc,stats    ] Concurrent Cleanup                  880 us
[2025-05-18T21:40:54.990+0300][18256][23868][info][gc,stats    ] 
[2025-05-18T21:40:54.990+0300][18256][23868][info][gc,stats    ] Allocation pacing accrued:
[2025-05-18T21:40:54.990+0300][18256][23868][info][gc,stats    ]       0 of  9122 ms (  0.0%): <total>
[2025-05-18T21:40:54.990+0300][18256][23868][info][gc,stats    ]       0 of  9122 ms (  0.0%): <average total>
[2025-05-18T21:40:54.990+0300][18256][23868][info][gc,stats    ] 
[2025-05-18T21:40:54.990+0300][18256][23868][info][gc,metaspace] Metaspace: 8610K(9728K)->8610K(9728K) NonClass: 7759K(8448K)->7759K(8448K) Class: 850K(1280K)->850K(1280K)
[2025-05-18T21:40:54.990+0300][18256][23868][info][gc,ergo     ] Pacer for Idle. Initial: 245M, Alloc Tax Rate: 1.0x
[2025-05-18T21:40:57.476+0300][18256][23868][info][gc          ] Trigger: Learning 3 of 5. Free (8586M) is below initial threshold (8601M)
[2025-05-18T21:40:57.476+0300][18256][23868][info][gc,ergo     ] Free: 8586M, Max: 4096K regular, 8496M humongous, Frag: 1% external, 0% internal; Reserve: 616M, Max: 4096K
[2025-05-18T21:40:57.476+0300][18256][23868][info][gc,start    ] GC(8) Concurrent reset
[2025-05-18T21:40:57.476+0300][18256][23868][info][gc,task     ] GC(8) Using 2 of 4 workers for concurrent reset
[2025-05-18T21:40:57.476+0300][18256][23868][info][gc,ergo     ] GC(8) Pacer for Reset. Non-Taxable: 12288M
[2025-05-18T21:40:57.478+0300][18256][23868][info][gc          ] GC(8) Concurrent reset 2.211ms
[2025-05-18T21:40:57.478+0300][18256][24344][info][gc,start    ] GC(8) Pause Init Mark (unload classes)
[2025-05-18T21:40:57.479+0300][18256][24344][info][gc,task     ] GC(8) Using 4 of 4 workers for init marking
[2025-05-18T21:40:57.479+0300][18256][24344][info][gc,ergo     ] GC(8) Pacer for Mark. Expected Live: 10376K, Free: 8582M, Non-Taxable: 858M, Alloc Tax Rate: 0.0x
[2025-05-18T21:40:57.479+0300][18256][24344][info][gc          ] GC(8) Pause Init Mark (unload classes) 0.153ms
[2025-05-18T21:40:57.479+0300][18256][23868][info][gc,start    ] GC(8) Concurrent marking roots
[2025-05-18T21:40:57.479+0300][18256][23868][info][gc,task     ] GC(8) Using 2 of 4 workers for concurrent marking roots
[2025-05-18T21:40:57.479+0300][18256][23868][info][gc          ] GC(8) Concurrent marking roots 0.269ms
[2025-05-18T21:40:57.479+0300][18256][23868][info][gc,start    ] GC(8) Concurrent marking (unload classes)
[2025-05-18T21:40:57.479+0300][18256][23868][info][gc,task     ] GC(8) Using 2 of 4 workers for concurrent marking
[2025-05-18T21:40:57.524+0300][18256][23868][info][gc          ] GC(8) Concurrent marking (unload classes) 44.132ms
[2025-05-18T21:40:57.524+0300][18256][24344][info][gc,start    ] GC(8) Pause Final Mark (unload classes)
[2025-05-18T21:40:57.524+0300][18256][24344][info][gc,task     ] GC(8) Using 4 of 4 workers for final marking
[2025-05-18T21:40:57.524+0300][18256][24344][info][gc,ergo     ] GC(8) Adaptive CSet Selection. Target Free: 1740M, Actual Free: 11098M, Max CSet: 512M, Min Garbage: 0B
[2025-05-18T21:40:57.524+0300][18256][24344][info][gc,ergo     ] GC(8) Collectable Garbage: 3077M (99%), Immediate: 1986M (64%), CSet: 1091M (35%)
[2025-05-18T21:40:57.525+0300][18256][24344][info][gc,ergo     ] GC(8) Pacer for Evacuation. Used CSet: 1094M, Free: 10495M, Non-Taxable: 1049M, Alloc Tax Rate: 1.1x
[2025-05-18T21:40:57.525+0300][18256][24344][info][gc          ] GC(8) Pause Final Mark (unload classes) 0.420ms
[2025-05-18T21:40:57.525+0300][18256][23868][info][gc,start    ] GC(8) Concurrent thread roots
[2025-05-18T21:40:57.525+0300][18256][23868][info][gc,task     ] GC(8) Using 2 of 4 workers for Concurrent thread roots
[2025-05-18T21:40:57.525+0300][18256][23868][info][gc          ] GC(8) Concurrent thread roots 0.240ms
[2025-05-18T21:40:57.525+0300][18256][23868][info][gc,start    ] GC(8) Concurrent weak references
[2025-05-18T21:40:57.525+0300][18256][23868][info][gc,task     ] GC(8) Using 2 of 4 workers for concurrent weak references
[2025-05-18T21:40:57.525+0300][18256][23868][info][gc,ref      ] GC(8) Encountered references: Soft: 152, Weak: 1244, Final: 3, Phantom: 50
[2025-05-18T21:40:57.525+0300][18256][23868][info][gc,ref      ] GC(8) Discovered  references: Soft: 0, Weak: 735, Final: 1, Phantom: 35
[2025-05-18T21:40:57.525+0300][18256][23868][info][gc,ref      ] GC(8) Enqueued    references: Soft: 0, Weak: 505, Final: 0, Phantom: 0
[2025-05-18T21:40:57.525+0300][18256][23868][info][gc          ] GC(8) Concurrent weak references 0.392ms
[2025-05-18T21:40:57.525+0300][18256][23868][info][gc,start    ] GC(8) Concurrent weak roots
[2025-05-18T21:40:57.525+0300][18256][23868][info][gc,task     ] GC(8) Using 2 of 4 workers for concurrent weak root
[2025-05-18T21:40:57.556+0300][18256][23868][info][gc          ] GC(8) Concurrent weak roots 30.270ms
[2025-05-18T21:40:57.556+0300][18256][23868][info][gc,start    ] GC(8) Concurrent cleanup
[2025-05-18T21:40:57.556+0300][18256][23868][info][gc          ] GC(8) Concurrent cleanup 3186M->1200M(12288M) 0.105ms
[2025-05-18T21:40:57.556+0300][18256][23868][info][gc,ergo     ] GC(8) Free: 10471M, Max: 4096K regular, 8484M humongous, Frag: 19% external, 0% internal; Reserve: 601M, Max: 4096K
[2025-05-18T21:40:57.556+0300][18256][23868][info][gc,start    ] GC(8) Concurrent class unloading
[2025-05-18T21:40:57.556+0300][18256][23868][info][gc,task     ] GC(8) Using 2 of 4 workers for concurrent class unloading
[2025-05-18T21:40:57.572+0300][18256][23868][info][gc          ] GC(8) Concurrent class unloading 15.976ms
[2025-05-18T21:40:57.572+0300][18256][23868][info][gc,start    ] GC(8) Concurrent strong roots
[2025-05-18T21:40:57.572+0300][18256][23868][info][gc,task     ] GC(8) Using 2 of 4 workers for concurrent strong root
[2025-05-18T21:40:57.572+0300][18256][23868][info][gc          ] GC(8) Concurrent strong roots 0.168ms
[2025-05-18T21:40:57.572+0300][18256][23868][info][gc,start    ] GC(8) Concurrent evacuation
[2025-05-18T21:40:57.572+0300][18256][23868][info][gc,task     ] GC(8) Using 2 of 4 workers for concurrent evacuation
[2025-05-18T21:40:57.580+0300][18256][23868][info][gc          ] GC(8) Concurrent evacuation 7.423ms
[2025-05-18T21:40:57.587+0300][18256][24344][info][gc,start    ] GC(8) Pause Init Update Refs
[2025-05-18T21:40:57.587+0300][18256][24344][info][gc,ergo     ] GC(8) Pacer for Update Refs. Used: 1209M, Free: 10463M, Non-Taxable: 1046M, Alloc Tax Rate: 1.1x
[2025-05-18T21:40:57.587+0300][18256][24344][info][gc          ] GC(8) Pause Init Update Refs 0.209ms
[2025-05-18T21:40:57.587+0300][18256][23868][info][gc,start    ] GC(8) Concurrent update references
[2025-05-18T21:40:57.587+0300][18256][23868][info][gc,task     ] GC(8) Using 2 of 4 workers for concurrent reference update
[2025-05-18T21:40:57.602+0300][18256][23868][info][gc          ] GC(8) Concurrent update references 14.806ms
[2025-05-18T21:40:57.602+0300][18256][23868][info][gc,start    ] GC(8) Concurrent update thread roots
[2025-05-18T21:40:57.619+0300][18256][23868][info][gc          ] GC(8) Concurrent update thread roots 16.846ms
[2025-05-18T21:40:57.634+0300][18256][24344][info][gc,start    ] GC(8) Pause Final Update Refs
[2025-05-18T21:40:57.634+0300][18256][24344][info][gc,task     ] GC(8) Using 4 of 4 workers for final reference update
[2025-05-18T21:40:57.634+0300][18256][24344][info][gc          ] GC(8) Pause Final Update Refs 0.237ms
[2025-05-18T21:40:57.634+0300][18256][23868][info][gc,start    ] GC(8) Concurrent cleanup
[2025-05-18T21:40:57.634+0300][18256][23868][info][gc          ] GC(8) Concurrent cleanup 1217M->122M(12288M) 0.140ms
[2025-05-18T21:40:57.634+0300][18256][23868][info][gc,ergo     ] Free: 11549M, Max: 4096K regular, 8484M humongous, Frag: 27% external, 0% internal; Reserve: 616M, Max: 4096K
[2025-05-18T21:40:57.634+0300][18256][23868][info][gc,stats    ] 
[2025-05-18T21:40:57.634+0300][18256][23868][info][gc,stats    ] All times are wall-clock times, except per-root-class counters, that are sum over
[2025-05-18T21:40:57.634+0300][18256][23868][info][gc,stats    ] all workers. Dividing the <total> over the root stage time estimates parallelism.
[2025-05-18T21:40:57.634+0300][18256][23868][info][gc,stats    ] 
[2025-05-18T21:40:57.634+0300][18256][23868][info][gc,stats    ] Concurrent Reset                   2270 us
[2025-05-18T21:40:57.634+0300][18256][23868][info][gc,stats    ] Pause Init Mark (G)                 671 us
[2025-05-18T21:40:57.634+0300][18256][23868][info][gc,stats    ] Pause Init Mark (N)                 177 us
[2025-05-18T21:40:57.634+0300][18256][23868][info][gc,stats    ]   Update Region States               30 us
[2025-05-18T21:40:57.634+0300][18256][23868][info][gc,stats    ] Concurrent Mark Roots               304 us, parallelism: 0.84x
[2025-05-18T21:40:57.634+0300][18256][23868][info][gc,stats    ]   CMR: <total>                      256 us
[2025-05-18T21:40:57.634+0300][18256][23868][info][gc,stats    ]   CMR: Thread Roots                 145 us, workers (us):  24, 121, ---, ---, 
[2025-05-18T21:40:57.634+0300][18256][23868][info][gc,stats    ]   CMR: VM Strong Roots               20 us, workers (us):   6,  14, ---, ---, 
[2025-05-18T21:40:57.634+0300][18256][23868][info][gc,stats    ]   CMR: CLDG Roots                    90 us, workers (us):  90, ---, ---, ---, 
[2025-05-18T21:40:57.634+0300][18256][23868][info][gc,stats    ] Concurrent Marking                44220 us
[2025-05-18T21:40:57.634+0300][18256][23868][info][gc,stats    ] Pause Final Mark (G)                942 us
[2025-05-18T21:40:57.635+0300][18256][23868][info][gc,stats    ] Pause Final Mark (N)                444 us
[2025-05-18T21:40:57.635+0300][18256][23868][info][gc,stats    ]   Finish Mark                        81 us
[2025-05-18T21:40:57.635+0300][18256][23868][info][gc,stats    ]   Update Region States               41 us
[2025-05-18T21:40:57.635+0300][18256][23868][info][gc,stats    ]   Choose Collection Set             134 us
[2025-05-18T21:40:57.635+0300][18256][23868][info][gc,stats    ]   Rebuild Free Set                   35 us
[2025-05-18T21:40:57.635+0300][18256][23868][info][gc,stats    ] Concurrent Thread Roots             272 us, parallelism: 0.89x
[2025-05-18T21:40:57.635+0300][18256][23868][info][gc,stats    ]   CTR: <total>                      243 us
[2025-05-18T21:40:57.635+0300][18256][23868][info][gc,stats    ]   CTR: Thread Roots                 243 us, workers (us): 131, 112, ---, ---, 
[2025-05-18T21:40:57.635+0300][18256][23868][info][gc,stats    ] Concurrent Weak References          418 us, parallelism: 0.59x
[2025-05-18T21:40:57.635+0300][18256][23868][info][gc,stats    ]   CWRF: <total>                     248 us
[2025-05-18T21:40:57.635+0300][18256][23868][info][gc,stats    ]   CWRF: Weak References             248 us, workers (us):  48, 199, ---, ---, 
[2025-05-18T21:40:57.635+0300][18256][23868][info][gc,stats    ] Concurrent Weak Roots             30349 us
[2025-05-18T21:40:57.635+0300][18256][23868][info][gc,stats    ]   Roots                            1008 us, parallelism: 1.84x
[2025-05-18T21:40:57.635+0300][18256][23868][info][gc,stats    ]     CWR: <total>                   1858 us
[2025-05-18T21:40:57.635+0300][18256][23868][info][gc,stats    ]     CWR: Code Cache Roots          1208 us, workers (us): 579, 628, ---, ---, 
[2025-05-18T21:40:57.635+0300][18256][23868][info][gc,stats    ]     CWR: VM Weak Roots              641 us, workers (us): 327, 314, ---, ---, 
[2025-05-18T21:40:57.635+0300][18256][23868][info][gc,stats    ]     CWR: CLDG Roots                  10 us, workers (us): ---,  10, ---, ---, 
[2025-05-18T21:40:57.635+0300][18256][23868][info][gc,stats    ]   Rendezvous                      29211 us
[2025-05-18T21:40:57.635+0300][18256][23868][info][gc,stats    ] Concurrent Cleanup                  134 us
[2025-05-18T21:40:57.635+0300][18256][23868][info][gc,stats    ] Concurrent Class Unloading        16063 us
[2025-05-18T21:40:57.635+0300][18256][23868][info][gc,stats    ]   Unlink Stale                     2281 us
[2025-05-18T21:40:57.635+0300][18256][23868][info][gc,stats    ]     System Dictionary                16 us
[2025-05-18T21:40:57.635+0300][18256][23868][info][gc,stats    ]     Weak Class Links                  0 us
[2025-05-18T21:40:57.635+0300][18256][23868][info][gc,stats    ]     Code Roots                     2261 us
[2025-05-18T21:40:57.635+0300][18256][23868][info][gc,stats    ]   Rendezvous                      13392 us
[2025-05-18T21:40:57.635+0300][18256][23868][info][gc,stats    ]   Purge Unlinked                    249 us
[2025-05-18T21:40:57.635+0300][18256][23868][info][gc,stats    ]     Code Roots                      240 us
[2025-05-18T21:40:57.635+0300][18256][23868][info][gc,stats    ]     CLDG                              8 us
[2025-05-18T21:40:57.635+0300][18256][23868][info][gc,stats    ]     Exception Caches                  0 us
[2025-05-18T21:40:57.635+0300][18256][23868][info][gc,stats    ] Concurrent Strong Roots             198 us, parallelism: 0.35x
[2025-05-18T21:40:57.635+0300][18256][23868][info][gc,stats    ]   CSR: <total>                       70 us
[2025-05-18T21:40:57.635+0300][18256][23868][info][gc,stats    ]   CSR: VM Strong Roots               11 us, workers (us):   6,   6, ---, ---, 
[2025-05-18T21:40:57.635+0300][18256][23868][info][gc,stats    ]   CSR: CLDG Roots                    59 us, workers (us):  59, ---, ---, ---, 
[2025-05-18T21:40:57.635+0300][18256][23868][info][gc,stats    ] Concurrent Evacuation              7499 us
[2025-05-18T21:40:57.635+0300][18256][23868][info][gc,stats    ] Pause Init Update Refs (G)         7848 us
[2025-05-18T21:40:57.635+0300][18256][23868][info][gc,stats    ] Pause Init Update Refs (N)          232 us
[2025-05-18T21:40:57.635+0300][18256][23868][info][gc,stats    ]   Manage GCLABs                      10 us
[2025-05-18T21:40:57.635+0300][18256][23868][info][gc,stats    ] Concurrent Update Refs            14885 us
[2025-05-18T21:40:57.635+0300][18256][23868][info][gc,stats    ] Concurrent Update Thread Roots    16944 us
[2025-05-18T21:40:57.635+0300][18256][23868][info][gc,stats    ] Pause Final Update Refs (G)       15340 us
[2025-05-18T21:40:57.635+0300][18256][23868][info][gc,stats    ] Pause Final Update Refs (N)         267 us
[2025-05-18T21:40:57.635+0300][18256][23868][info][gc,stats    ]   Update Region States               49 us
[2025-05-18T21:40:57.635+0300][18256][23868][info][gc,stats    ]   Trash Collection Set               15 us
[2025-05-18T21:40:57.636+0300][18256][23868][info][gc,stats    ]   Rebuild Free Set                   42 us
[2025-05-18T21:40:57.636+0300][18256][23868][info][gc,stats    ] Concurrent Cleanup                  191 us
[2025-05-18T21:40:57.636+0300][18256][23868][info][gc,stats    ] 
[2025-05-18T21:40:57.636+0300][18256][23868][info][gc,stats    ] Allocation pacing accrued:
[2025-05-18T21:40:57.636+0300][18256][23868][info][gc,stats    ]       0 of  2646 ms (  0.0%): <total>
[2025-05-18T21:40:57.636+0300][18256][23868][info][gc,stats    ]       0 of  2646 ms (  0.0%): <average total>
[2025-05-18T21:40:57.636+0300][18256][23868][info][gc,stats    ] 
[2025-05-18T21:40:57.636+0300][18256][23868][info][gc,metaspace] Metaspace: 8610K(9728K)->8610K(9728K) NonClass: 7759K(8448K)->7759K(8448K) Class: 850K(1280K)->850K(1280K)
[2025-05-18T21:40:57.636+0300][18256][23868][info][gc,ergo     ] Pacer for Idle. Initial: 245M, Alloc Tax Rate: 1.0x
[2025-05-18T21:40:58.950+0300][18256][23868][info][gc          ] Trigger: Learning 4 of 5. Free (8585M) is below initial threshold (8601M)
[2025-05-18T21:40:58.950+0300][18256][23868][info][gc,ergo     ] Free: 8585M, Max: 4096K regular, 8484M humongous, Frag: 1% external, 0% internal; Reserve: 616M, Max: 4096K
[2025-05-18T21:40:58.950+0300][18256][23868][info][gc,start    ] GC(9) Concurrent reset
[2025-05-18T21:40:58.950+0300][18256][23868][info][gc,task     ] GC(9) Using 2 of 4 workers for concurrent reset
[2025-05-18T21:40:58.950+0300][18256][23868][info][gc,ergo     ] GC(9) Pacer for Reset. Non-Taxable: 12288M
[2025-05-18T21:40:58.953+0300][18256][23868][info][gc          ] GC(9) Concurrent reset 2.994ms
[2025-05-18T21:40:58.953+0300][18256][24344][info][gc,start    ] GC(9) Pause Init Mark (unload classes)
[2025-05-18T21:40:58.953+0300][18256][24344][info][gc,task     ] GC(9) Using 4 of 4 workers for init marking
[2025-05-18T21:40:58.953+0300][18256][24344][info][gc,ergo     ] GC(9) Pacer for Mark. Expected Live: 10365K, Free: 8585M, Non-Taxable: 858M, Alloc Tax Rate: 0.0x
[2025-05-18T21:40:58.953+0300][18256][24344][info][gc          ] GC(9) Pause Init Mark (unload classes) 0.169ms
[2025-05-18T21:40:58.953+0300][18256][23868][info][gc,start    ] GC(9) Concurrent marking roots
[2025-05-18T21:40:58.953+0300][18256][23868][info][gc,task     ] GC(9) Using 2 of 4 workers for concurrent marking roots
[2025-05-18T21:40:58.953+0300][18256][23868][info][gc          ] GC(9) Concurrent marking roots 0.241ms
[2025-05-18T21:40:58.953+0300][18256][23868][info][gc,start    ] GC(9) Concurrent marking (unload classes)
[2025-05-18T21:40:58.953+0300][18256][23868][info][gc,task     ] GC(9) Using 2 of 4 workers for concurrent marking
[2025-05-18T21:40:58.959+0300][18256][23868][info][gc          ] GC(9) Concurrent marking (unload classes) 6.045ms
[2025-05-18T21:40:58.960+0300][18256][24344][info][gc,start    ] GC(9) Pause Final Mark (unload classes)
[2025-05-18T21:40:58.960+0300][18256][24344][info][gc,task     ] GC(9) Using 4 of 4 workers for final marking
[2025-05-18T21:40:58.960+0300][18256][24344][info][gc,ergo     ] GC(9) Adaptive CSet Selection. Target Free: 1740M, Actual Free: 11162M, Max CSet: 512M, Min Garbage: 0B
[2025-05-18T21:40:58.960+0300][18256][24344][info][gc,ergo     ] GC(9) Collectable Garbage: 3073M (99%), Immediate: 2010M (65%), CSet: 1063M (34%)
[2025-05-18T21:40:58.960+0300][18256][24344][info][gc,ergo     ] GC(9) Pacer for Evacuation. Used CSet: 1064M, Free: 10560M, Non-Taxable: 1056M, Alloc Tax Rate: 1.1x
[2025-05-18T21:40:58.960+0300][18256][24344][info][gc          ] GC(9) Pause Final Mark (unload classes) 0.449ms
[2025-05-18T21:40:58.960+0300][18256][23868][info][gc,start    ] GC(9) Concurrent thread roots
[2025-05-18T21:40:58.960+0300][18256][23868][info][gc,task     ] GC(9) Using 2 of 4 workers for Concurrent thread roots
[2025-05-18T21:40:58.960+0300][18256][23868][info][gc          ] GC(9) Concurrent thread roots 0.372ms
[2025-05-18T21:40:58.961+0300][18256][23868][info][gc,start    ] GC(9) Concurrent weak references
[2025-05-18T21:40:58.961+0300][18256][23868][info][gc,task     ] GC(9) Using 2 of 4 workers for concurrent weak references
[2025-05-18T21:40:58.961+0300][18256][23868][info][gc,ref      ] GC(9) Encountered references: Soft: 152, Weak: 1285, Final: 3, Phantom: 50
[2025-05-18T21:40:58.961+0300][18256][23868][info][gc,ref      ] GC(9) Discovered  references: Soft: 0, Weak: 781, Final: 1, Phantom: 48
[2025-05-18T21:40:58.961+0300][18256][23868][info][gc,ref      ] GC(9) Enqueued    references: Soft: 0, Weak: 585, Final: 0, Phantom: 0
[2025-05-18T21:40:58.961+0300][18256][23868][info][gc          ] GC(9) Concurrent weak references 0.431ms
[2025-05-18T21:40:58.961+0300][18256][23868][info][gc,start    ] GC(9) Concurrent weak roots
[2025-05-18T21:40:58.961+0300][18256][23868][info][gc,task     ] GC(9) Using 2 of 4 workers for concurrent weak root
[2025-05-18T21:40:58.966+0300][18256][23868][info][gc          ] GC(9) Concurrent weak roots 4.581ms
[2025-05-18T21:40:58.966+0300][18256][23868][info][gc,start    ] GC(9) Concurrent cleanup
[2025-05-18T21:40:58.966+0300][18256][23868][info][gc          ] GC(9) Concurrent cleanup 3143M->1133M(12288M) 0.112ms
[2025-05-18T21:40:58.966+0300][18256][23868][info][gc,ergo     ] GC(9) Free: 10536M, Max: 4096K regular, 8492M humongous, Frag: 20% external, 0% internal; Reserve: 614M, Max: 4096K
[2025-05-18T21:40:58.966+0300][18256][23868][info][gc,start    ] GC(9) Concurrent class unloading
[2025-05-18T21:40:58.966+0300][18256][23868][info][gc,task     ] GC(9) Using 2 of 4 workers for concurrent class unloading
[2025-05-18T21:40:58.975+0300][18256][23868][info][gc          ] GC(9) Concurrent class unloading 9.100ms
[2025-05-18T21:40:58.975+0300][18256][23868][info][gc,start    ] GC(9) Concurrent strong roots
[2025-05-18T21:40:58.975+0300][18256][23868][info][gc,task     ] GC(9) Using 2 of 4 workers for concurrent strong root
[2025-05-18T21:40:58.975+0300][18256][23868][info][gc          ] GC(9) Concurrent strong roots 0.166ms
[2025-05-18T21:40:58.975+0300][18256][23868][info][gc,start    ] GC(9) Concurrent evacuation
[2025-05-18T21:40:58.975+0300][18256][23868][info][gc,task     ] GC(9) Using 2 of 4 workers for concurrent evacuation
[2025-05-18T21:40:58.981+0300][18256][23868][info][gc          ] GC(9) Concurrent evacuation 5.595ms
[2025-05-18T21:40:58.982+0300][18256][24344][info][gc,start    ] GC(9) Pause Init Update Refs
[2025-05-18T21:40:58.982+0300][18256][24344][info][gc,ergo     ] GC(9) Pacer for Update Refs. Used: 1154M, Free: 10516M, Non-Taxable: 1051M, Alloc Tax Rate: 1.1x
[2025-05-18T21:40:58.982+0300][18256][24344][info][gc          ] GC(9) Pause Init Update Refs 0.104ms
[2025-05-18T21:40:58.982+0300][18256][23868][info][gc,start    ] GC(9) Concurrent update references
[2025-05-18T21:40:58.982+0300][18256][23868][info][gc,task     ] GC(9) Using 2 of 4 workers for concurrent reference update
[2025-05-18T21:40:58.989+0300][18256][23868][info][gc          ] GC(9) Concurrent update references 6.530ms
[2025-05-18T21:40:58.989+0300][18256][23868][info][gc,start    ] GC(9) Concurrent update thread roots
[2025-05-18T21:40:59.012+0300][18256][23868][info][gc          ] GC(9) Concurrent update thread roots 22.964ms
[2025-05-18T21:40:59.012+0300][18256][24344][info][gc,start    ] GC(9) Pause Final Update Refs
[2025-05-18T21:40:59.012+0300][18256][24344][info][gc,task     ] GC(9) Using 4 of 4 workers for final reference update
[2025-05-18T21:40:59.012+0300][18256][24344][info][gc          ] GC(9) Pause Final Update Refs 0.254ms
[2025-05-18T21:40:59.012+0300][18256][23868][info][gc,start    ] GC(9) Concurrent cleanup
[2025-05-18T21:40:59.012+0300][18256][23868][info][gc          ] GC(9) Concurrent cleanup 1214M->149M(12288M) 0.127ms
[2025-05-18T21:40:59.012+0300][18256][23868][info][gc,ergo     ] Free: 11522M, Max: 4096K regular, 8544M humongous, Frag: 26% external, 0% internal; Reserve: 616M, Max: 4096K
[2025-05-18T21:40:59.012+0300][18256][23868][info][gc,stats    ] 
[2025-05-18T21:40:59.012+0300][18256][23868][info][gc,stats    ] All times are wall-clock times, except per-root-class counters, that are sum over
[2025-05-18T21:40:59.012+0300][18256][23868][info][gc,stats    ] all workers. Dividing the <total> over the root stage time estimates parallelism.
[2025-05-18T21:40:59.013+0300][18256][23868][info][gc,stats    ] 
[2025-05-18T21:40:59.013+0300][18256][23868][info][gc,stats    ] Concurrent Reset                   3063 us
[2025-05-18T21:40:59.013+0300][18256][23868][info][gc,stats    ] Pause Init Mark (G)                 351 us
[2025-05-18T21:40:59.013+0300][18256][23868][info][gc,stats    ] Pause Init Mark (N)                 194 us
[2025-05-18T21:40:59.013+0300][18256][23868][info][gc,stats    ]   Update Region States               42 us
[2025-05-18T21:40:59.013+0300][18256][23868][info][gc,stats    ] Concurrent Mark Roots               274 us, parallelism: 0.91x
[2025-05-18T21:40:59.013+0300][18256][23868][info][gc,stats    ]   CMR: <total>                      249 us
[2025-05-18T21:40:59.013+0300][18256][23868][info][gc,stats    ]   CMR: Thread Roots                 141 us, workers (us): 117,  24, ---, ---, 
[2025-05-18T21:40:59.013+0300][18256][23868][info][gc,stats    ]   CMR: VM Strong Roots               16 us, workers (us):   8,   8, ---, ---, 
[2025-05-18T21:40:59.013+0300][18256][23868][info][gc,stats    ]   CMR: CLDG Roots                    92 us, workers (us): ---,  92, ---, ---, 
[2025-05-18T21:40:59.013+0300][18256][23868][info][gc,stats    ] Concurrent Marking                 6112 us
[2025-05-18T21:40:59.013+0300][18256][23868][info][gc,stats    ] Pause Final Mark (G)                559 us
[2025-05-18T21:40:59.013+0300][18256][23868][info][gc,stats    ] Pause Final Mark (N)                473 us
[2025-05-18T21:40:59.013+0300][18256][23868][info][gc,stats    ]   Finish Mark                        64 us
[2025-05-18T21:40:59.013+0300][18256][23868][info][gc,stats    ]   Update Region States               60 us
[2025-05-18T21:40:59.013+0300][18256][23868][info][gc,stats    ]   Choose Collection Set             139 us
[2025-05-18T21:40:59.013+0300][18256][23868][info][gc,stats    ]   Rebuild Free Set                   42 us
[2025-05-18T21:40:59.013+0300][18256][23868][info][gc,stats    ] Concurrent Thread Roots             424 us, parallelism: 0.85x
[2025-05-18T21:40:59.013+0300][18256][23868][info][gc,stats    ]   CTR: <total>                      361 us
[2025-05-18T21:40:59.013+0300][18256][23868][info][gc,stats    ]   CTR: Thread Roots                 361 us, workers (us): 128, 233, ---, ---, 
[2025-05-18T21:40:59.013+0300][18256][23868][info][gc,stats    ] Concurrent Weak References          457 us, parallelism: 0.63x
[2025-05-18T21:40:59.013+0300][18256][23868][info][gc,stats    ]   CWRF: <total>                     288 us
[2025-05-18T21:40:59.013+0300][18256][23868][info][gc,stats    ]   CWRF: Weak References             288 us, workers (us): 234,  54, ---, ---, 
[2025-05-18T21:40:59.013+0300][18256][23868][info][gc,stats    ] Concurrent Weak Roots              4658 us
[2025-05-18T21:40:59.013+0300][18256][23868][info][gc,stats    ]   Roots                             818 us, parallelism: 1.82x
[2025-05-18T21:40:59.013+0300][18256][23868][info][gc,stats    ]     CWR: <total>                   1486 us
[2025-05-18T21:40:59.013+0300][18256][23868][info][gc,stats    ]     CWR: Code Cache Roots          1031 us, workers (us): 542, 489, ---, ---, 
[2025-05-18T21:40:59.013+0300][18256][23868][info][gc,stats    ]     CWR: VM Weak Roots              445 us, workers (us): 216, 229, ---, ---, 
[2025-05-18T21:40:59.013+0300][18256][23868][info][gc,stats    ]     CWR: CLDG Roots                  10 us, workers (us):  10, ---, ---, ---, 
[2025-05-18T21:40:59.013+0300][18256][23868][info][gc,stats    ]   Rendezvous                       3492 us
[2025-05-18T21:40:59.013+0300][18256][23868][info][gc,stats    ] Concurrent Cleanup                  142 us
[2025-05-18T21:40:59.013+0300][18256][23868][info][gc,stats    ] Concurrent Class Unloading         9176 us
[2025-05-18T21:40:59.013+0300][18256][23868][info][gc,stats    ]   Unlink Stale                     2284 us
[2025-05-18T21:40:59.013+0300][18256][23868][info][gc,stats    ]     System Dictionary                13 us
[2025-05-18T21:40:59.013+0300][18256][23868][info][gc,stats    ]     Weak Class Links                  0 us
[2025-05-18T21:40:59.013+0300][18256][23868][info][gc,stats    ]     Code Roots                     2269 us
[2025-05-18T21:40:59.013+0300][18256][23868][info][gc,stats    ]   Rendezvous                       6685 us
[2025-05-18T21:40:59.013+0300][18256][23868][info][gc,stats    ]   Purge Unlinked                     76 us
[2025-05-18T21:40:59.013+0300][18256][23868][info][gc,stats    ]     Code Roots                       65 us
[2025-05-18T21:40:59.013+0300][18256][23868][info][gc,stats    ]     CLDG                             11 us
[2025-05-18T21:40:59.013+0300][18256][23868][info][gc,stats    ]     Exception Caches                  0 us
[2025-05-18T21:40:59.013+0300][18256][23868][info][gc,stats    ] Concurrent Strong Roots             195 us, parallelism: 0.36x
[2025-05-18T21:40:59.014+0300][18256][23868][info][gc,stats    ]   CSR: <total>                       71 us
[2025-05-18T21:40:59.014+0300][18256][23868][info][gc,stats    ]   CSR: VM Strong Roots               11 us, workers (us):   5,   6, ---, ---, 
[2025-05-18T21:40:59.014+0300][18256][23868][info][gc,stats    ]   CSR: CLDG Roots                    60 us, workers (us):  60, ---, ---, ---, 
[2025-05-18T21:40:59.014+0300][18256][23868][info][gc,stats    ] Concurrent Evacuation              5662 us
[2025-05-18T21:40:59.014+0300][18256][23868][info][gc,stats    ] Pause Init Update Refs (G)         1145 us
[2025-05-18T21:40:59.014+0300][18256][23868][info][gc,stats    ] Pause Init Update Refs (N)          128 us
[2025-05-18T21:40:59.014+0300][18256][23868][info][gc,stats    ]   Manage GCLABs                       7 us
[2025-05-18T21:40:59.014+0300][18256][23868][info][gc,stats    ] Concurrent Update Refs             6614 us
[2025-05-18T21:40:59.014+0300][18256][23868][info][gc,stats    ] Concurrent Update Thread Roots    23056 us
[2025-05-18T21:40:59.014+0300][18256][23868][info][gc,stats    ] Pause Final Update Refs (G)         474 us
[2025-05-18T21:40:59.014+0300][18256][23868][info][gc,stats    ] Pause Final Update Refs (N)         290 us
[2025-05-18T21:40:59.014+0300][18256][23868][info][gc,stats    ]   Update Region States               95 us
[2025-05-18T21:40:59.014+0300][18256][23868][info][gc,stats    ]   Trash Collection Set               12 us
[2025-05-18T21:40:59.014+0300][18256][23868][info][gc,stats    ]   Rebuild Free Set                   38 us
[2025-05-18T21:40:59.014+0300][18256][23868][info][gc,stats    ] Concurrent Cleanup                  169 us
[2025-05-18T21:40:59.014+0300][18256][23868][info][gc,stats    ] 
[2025-05-18T21:40:59.014+0300][18256][23868][info][gc,stats    ] Allocation pacing accrued:
[2025-05-18T21:40:59.014+0300][18256][23868][info][gc,stats    ]       0 of  1378 ms (  0.0%): <total>
[2025-05-18T21:40:59.014+0300][18256][23868][info][gc,stats    ]       0 of  1378 ms (  0.0%): <average total>
[2025-05-18T21:40:59.014+0300][18256][23868][info][gc,stats    ] 
[2025-05-18T21:40:59.014+0300][18256][23868][info][gc,metaspace] Metaspace: 8610K(9728K)->8610K(9728K) NonClass: 7759K(8448K)->7759K(8448K) Class: 850K(1280K)->850K(1280K)
[2025-05-18T21:40:59.014+0300][18256][23868][info][gc,ergo     ] Pacer for Idle. Initial: 245M, Alloc Tax Rate: 1.0x
[2025-05-18T21:41:00.465+0300][18256][23868][info][gc          ] Trigger: Learning 5 of 5. Free (8586M) is below initial threshold (8601M)
[2025-05-18T21:41:00.465+0300][18256][23868][info][gc,ergo     ] Free: 8586M, Max: 4096K regular, 8544M humongous, Frag: 1% external, 0% internal; Reserve: 616M, Max: 4096K
[2025-05-18T21:41:00.465+0300][18256][23868][info][gc,start    ] GC(10) Concurrent reset
[2025-05-18T21:41:00.465+0300][18256][23868][info][gc,task     ] GC(10) Using 2 of 4 workers for concurrent reset
[2025-05-18T21:41:00.465+0300][18256][23868][info][gc,ergo     ] GC(10) Pacer for Reset. Non-Taxable: 12288M
[2025-05-18T21:41:00.468+0300][18256][23868][info][gc          ] GC(10) Concurrent reset 2.904ms
[2025-05-18T21:41:00.468+0300][18256][24344][info][gc,start    ] GC(10) Pause Init Mark (unload classes)
[2025-05-18T21:41:00.468+0300][18256][24344][info][gc,task     ] GC(10) Using 4 of 4 workers for init marking
[2025-05-18T21:41:00.468+0300][18256][24344][info][gc,ergo     ] GC(10) Pacer for Mark. Expected Live: 10354K, Free: 8582M, Non-Taxable: 858M, Alloc Tax Rate: 0.0x
[2025-05-18T21:41:00.468+0300][18256][24344][info][gc          ] GC(10) Pause Init Mark (unload classes) 0.170ms
[2025-05-18T21:41:00.468+0300][18256][23868][info][gc,start    ] GC(10) Concurrent marking roots
[2025-05-18T21:41:00.468+0300][18256][23868][info][gc,task     ] GC(10) Using 2 of 4 workers for concurrent marking roots
[2025-05-18T21:41:00.469+0300][18256][23868][info][gc          ] GC(10) Concurrent marking roots 0.294ms
[2025-05-18T21:41:00.469+0300][18256][23868][info][gc,start    ] GC(10) Concurrent marking (unload classes)
[2025-05-18T21:41:00.469+0300][18256][23868][info][gc,task     ] GC(10) Using 2 of 4 workers for concurrent marking
[2025-05-18T21:41:00.481+0300][18256][23868][info][gc          ] GC(10) Concurrent marking (unload classes) 11.520ms
[2025-05-18T21:41:00.496+0300][18256][24344][info][gc,start    ] GC(10) Pause Final Mark (unload classes)
[2025-05-18T21:41:00.496+0300][18256][24344][info][gc,task     ] GC(10) Using 4 of 4 workers for final marking
[2025-05-18T21:41:00.496+0300][18256][24344][info][gc,ergo     ] GC(10) Adaptive CSet Selection. Target Free: 1740M, Actual Free: 11144M, Max CSet: 512M, Min Garbage: 0B
[2025-05-18T21:41:00.496+0300][18256][24344][info][gc,ergo     ] GC(10) Collectable Garbage: 3077M (99%), Immediate: 1992M (64%), CSet: 1085M (35%)
[2025-05-18T21:41:00.496+0300][18256][24344][info][gc,ergo     ] GC(10) Pacer for Evacuation. Used CSet: 1086M, Free: 10540M, Non-Taxable: 1054M, Alloc Tax Rate: 1.1x
[2025-05-18T21:41:00.496+0300][18256][24344][info][gc          ] GC(10) Pause Final Mark (unload classes) 0.490ms
[2025-05-18T21:41:00.496+0300][18256][23868][info][gc,start    ] GC(10) Concurrent thread roots
[2025-05-18T21:41:00.496+0300][18256][23868][info][gc,task     ] GC(10) Using 2 of 4 workers for Concurrent thread roots
[2025-05-18T21:41:00.496+0300][18256][23868][info][gc          ] GC(10) Concurrent thread roots 0.269ms
[2025-05-18T21:41:00.496+0300][18256][23868][info][gc,start    ] GC(10) Concurrent weak references
[2025-05-18T21:41:00.496+0300][18256][23868][info][gc,task     ] GC(10) Using 2 of 4 workers for concurrent weak references
[2025-05-18T21:41:00.497+0300][18256][23868][info][gc,ref      ] GC(10) Encountered references: Soft: 152, Weak: 1241, Final: 3, Phantom: 48
[2025-05-18T21:41:00.497+0300][18256][23868][info][gc,ref      ] GC(10) Discovered  references: Soft: 0, Weak: 734, Final: 1, Phantom: 37
[2025-05-18T21:41:00.497+0300][18256][23868][info][gc,ref      ] GC(10) Enqueued    references: Soft: 0, Weak: 544, Final: 0, Phantom: 0
[2025-05-18T21:41:00.497+0300][18256][23868][info][gc          ] GC(10) Concurrent weak references 0.406ms
[2025-05-18T21:41:00.497+0300][18256][23868][info][gc,start    ] GC(10) Concurrent weak roots
[2025-05-18T21:41:00.497+0300][18256][23868][info][gc,task     ] GC(10) Using 2 of 4 workers for concurrent weak root
[2025-05-18T21:41:00.512+0300][18256][23868][info][gc          ] GC(10) Concurrent weak roots 14.724ms
[2025-05-18T21:41:00.512+0300][18256][23868][info][gc,start    ] GC(10) Concurrent cleanup
[2025-05-18T21:41:00.512+0300][18256][23868][info][gc          ] GC(10) Concurrent cleanup 3150M->1158M(12288M) 0.139ms
[2025-05-18T21:41:00.512+0300][18256][23868][info][gc,ergo     ] GC(10) Free: 10512M, Max: 4096K regular, 8508M humongous, Frag: 19% external, 0% internal; Reserve: 614M, Max: 4096K
[2025-05-18T21:41:00.512+0300][18256][23868][info][gc,start    ] GC(10) Concurrent class unloading
[2025-05-18T21:41:00.512+0300][18256][23868][info][gc,task     ] GC(10) Using 2 of 4 workers for concurrent class unloading
[2025-05-18T21:41:00.516+0300][18256][23868][info][gc          ] GC(10) Concurrent class unloading 4.342ms
[2025-05-18T21:41:00.516+0300][18256][23868][info][gc,start    ] GC(10) Concurrent strong roots
[2025-05-18T21:41:00.516+0300][18256][23868][info][gc,task     ] GC(10) Using 2 of 4 workers for concurrent strong root
[2025-05-18T21:41:00.517+0300][18256][23868][info][gc          ] GC(10) Concurrent strong roots 0.190ms
[2025-05-18T21:41:00.517+0300][18256][23868][info][gc,start    ] GC(10) Concurrent evacuation
[2025-05-18T21:41:00.517+0300][18256][23868][info][gc,task     ] GC(10) Using 2 of 4 workers for concurrent evacuation
[2025-05-18T21:41:00.523+0300][18256][23868][info][gc          ] GC(10) Concurrent evacuation 6.222ms
[2025-05-18T21:41:00.523+0300][18256][24344][info][gc,start    ] GC(10) Pause Init Update Refs
[2025-05-18T21:41:00.524+0300][18256][24344][info][gc,ergo     ] GC(10) Pacer for Update Refs. Used: 1190M, Free: 10480M, Non-Taxable: 1048M, Alloc Tax Rate: 1.1x
[2025-05-18T21:41:00.524+0300][18256][24344][info][gc          ] GC(10) Pause Init Update Refs 0.141ms
[2025-05-18T21:41:00.524+0300][18256][23868][info][gc,start    ] GC(10) Concurrent update references
[2025-05-18T21:41:00.524+0300][18256][23868][info][gc,task     ] GC(10) Using 2 of 4 workers for concurrent reference update
[2025-05-18T21:41:00.532+0300][18256][23868][info][gc          ] GC(10) Concurrent update references 8.162ms
[2025-05-18T21:41:00.532+0300][18256][23868][info][gc,start    ] GC(10) Concurrent update thread roots
[2025-05-18T21:41:00.532+0300][18256][23868][info][gc          ] GC(10) Concurrent update thread roots 0.213ms
[2025-05-18T21:41:00.532+0300][18256][24344][info][gc,start    ] GC(10) Pause Final Update Refs
[2025-05-18T21:41:00.532+0300][18256][24344][info][gc,task     ] GC(10) Using 4 of 4 workers for final reference update
[2025-05-18T21:41:00.532+0300][18256][24344][info][gc          ] GC(10) Pause Final Update Refs 0.215ms
[2025-05-18T21:41:00.533+0300][18256][23868][info][gc,start    ] GC(10) Concurrent cleanup
[2025-05-18T21:41:00.533+0300][18256][23868][info][gc          ] GC(10) Concurrent cleanup 1198M->112M(12288M) 0.130ms
[2025-05-18T21:41:00.533+0300][18256][23868][info][gc,ergo     ] Free: 11559M, Max: 4096K regular, 8508M humongous, Frag: 27% external, 0% internal; Reserve: 616M, Max: 4096K
[2025-05-18T21:41:00.533+0300][18256][23868][info][gc,stats    ] 
[2025-05-18T21:41:00.533+0300][18256][23868][info][gc,stats    ] All times are wall-clock times, except per-root-class counters, that are sum over
[2025-05-18T21:41:00.533+0300][18256][23868][info][gc,stats    ] all workers. Dividing the <total> over the root stage time estimates parallelism.
[2025-05-18T21:41:00.533+0300][18256][23868][info][gc,stats    ] 
[2025-05-18T21:41:00.533+0300][18256][23868][info][gc,stats    ] Concurrent Reset                   2982 us
[2025-05-18T21:41:00.533+0300][18256][23868][info][gc,stats    ] Pause Init Mark (G)                 453 us
[2025-05-18T21:41:00.533+0300][18256][23868][info][gc,stats    ] Pause Init Mark (N)                 211 us
[2025-05-18T21:41:00.533+0300][18256][23868][info][gc,stats    ]   Update Region States               29 us
[2025-05-18T21:41:00.533+0300][18256][23868][info][gc,stats    ] Concurrent Mark Roots               340 us, parallelism: 0.81x
[2025-05-18T21:41:00.533+0300][18256][23868][info][gc,stats    ]   CMR: <total>                      276 us
[2025-05-18T21:41:00.533+0300][18256][23868][info][gc,stats    ]   CMR: Thread Roots                 163 us, workers (us): 133,  30, ---, ---, 
[2025-05-18T21:41:00.533+0300][18256][23868][info][gc,stats    ]   CMR: VM Strong Roots               15 us, workers (us):  10,   5, ---, ---, 
[2025-05-18T21:41:00.533+0300][18256][23868][info][gc,stats    ]   CMR: CLDG Roots                    99 us, workers (us): ---,  99, ---, ---, 
[2025-05-18T21:41:00.533+0300][18256][23868][info][gc,stats    ] Concurrent Marking                11602 us
[2025-05-18T21:41:00.533+0300][18256][23868][info][gc,stats    ] Pause Final Mark (G)              15746 us
[2025-05-18T21:41:00.533+0300][18256][23868][info][gc,stats    ] Pause Final Mark (N)                518 us
[2025-05-18T21:41:00.533+0300][18256][23868][info][gc,stats    ]   Finish Mark                        64 us
[2025-05-18T21:41:00.533+0300][18256][23868][info][gc,stats    ]   Update Region States               51 us
[2025-05-18T21:41:00.533+0300][18256][23868][info][gc,stats    ]   Choose Collection Set             142 us
[2025-05-18T21:41:00.533+0300][18256][23868][info][gc,stats    ]   Rebuild Free Set                   49 us
[2025-05-18T21:41:00.533+0300][18256][23868][info][gc,stats    ] Concurrent Thread Roots             311 us, parallelism: 0.81x
[2025-05-18T21:41:00.533+0300][18256][23868][info][gc,stats    ]   CTR: <total>                      251 us
[2025-05-18T21:41:00.533+0300][18256][23868][info][gc,stats    ]   CTR: Thread Roots                 251 us, workers (us): 132, 120, ---, ---, 
[2025-05-18T21:41:00.533+0300][18256][23868][info][gc,stats    ] Concurrent Weak References          434 us, parallelism: 0.63x
[2025-05-18T21:41:00.533+0300][18256][23868][info][gc,stats    ]   CWRF: <total>                     273 us
[2025-05-18T21:41:00.534+0300][18256][23868][info][gc,stats    ]   CWRF: Weak References             273 us, workers (us): 218,  55, ---, ---, 
[2025-05-18T21:41:00.534+0300][18256][23868][info][gc,stats    ] Concurrent Weak Roots             14812 us
[2025-05-18T21:41:00.534+0300][18256][23868][info][gc,stats    ]   Roots                             989 us, parallelism: 1.75x
[2025-05-18T21:41:00.534+0300][18256][23868][info][gc,stats    ]     CWR: <total>                   1731 us
[2025-05-18T21:41:00.534+0300][18256][23868][info][gc,stats    ]     CWR: Code Cache Roots          1249 us, workers (us): 710, 540, ---, ---, 
[2025-05-18T21:41:00.534+0300][18256][23868][info][gc,stats    ]     CWR: VM Weak Roots              473 us, workers (us): 222, 252, ---, ---, 
[2025-05-18T21:41:00.534+0300][18256][23868][info][gc,stats    ]     CWR: CLDG Roots                   8 us, workers (us):   8, ---, ---, ---, 
[2025-05-18T21:41:00.534+0300][18256][23868][info][gc,stats    ]   Rendezvous                      13679 us
[2025-05-18T21:41:00.534+0300][18256][23868][info][gc,stats    ] Concurrent Cleanup                  170 us
[2025-05-18T21:41:00.534+0300][18256][23868][info][gc,stats    ] Concurrent Class Unloading         4422 us
[2025-05-18T21:41:00.534+0300][18256][23868][info][gc,stats    ]   Unlink Stale                     2726 us
[2025-05-18T21:41:00.534+0300][18256][23868][info][gc,stats    ]     System Dictionary                19 us
[2025-05-18T21:41:00.534+0300][18256][23868][info][gc,stats    ]     Weak Class Links                  1 us
[2025-05-18T21:41:00.534+0300][18256][23868][info][gc,stats    ]     Code Roots                     2705 us
[2025-05-18T21:41:00.534+0300][18256][23868][info][gc,stats    ]   Rendezvous                       1448 us
[2025-05-18T21:41:00.534+0300][18256][23868][info][gc,stats    ]   Purge Unlinked                     99 us
[2025-05-18T21:41:00.534+0300][18256][23868][info][gc,stats    ]     Code Roots                       87 us
[2025-05-18T21:41:00.534+0300][18256][23868][info][gc,stats    ]     CLDG                             12 us
[2025-05-18T21:41:00.534+0300][18256][23868][info][gc,stats    ]     Exception Caches                  0 us
[2025-05-18T21:41:00.534+0300][18256][23868][info][gc,stats    ] Concurrent Strong Roots             228 us, parallelism: 0.37x
[2025-05-18T21:41:00.534+0300][18256][23868][info][gc,stats    ]   CSR: <total>                       84 us
[2025-05-18T21:41:00.534+0300][18256][23868][info][gc,stats    ]   CSR: VM Strong Roots               12 us, workers (us):   6,   6, ---, ---, 
[2025-05-18T21:41:00.534+0300][18256][23868][info][gc,stats    ]   CSR: CLDG Roots                    72 us, workers (us):  72, ---, ---, ---, 
[2025-05-18T21:41:00.534+0300][18256][23868][info][gc,stats    ] Concurrent Evacuation              6287 us
[2025-05-18T21:41:00.534+0300][18256][23868][info][gc,stats    ] Pause Init Update Refs (G)          318 us
[2025-05-18T21:41:00.534+0300][18256][23868][info][gc,stats    ] Pause Init Update Refs (N)          169 us
[2025-05-18T21:41:00.534+0300][18256][23868][info][gc,stats    ]   Manage GCLABs                       6 us
[2025-05-18T21:41:00.534+0300][18256][23868][info][gc,stats    ] Concurrent Update Refs             8239 us
[2025-05-18T21:41:00.534+0300][18256][23868][info][gc,stats    ] Concurrent Update Thread Roots      254 us
[2025-05-18T21:41:00.534+0300][18256][23868][info][gc,stats    ] Pause Final Update Refs (G)         370 us
[2025-05-18T21:41:00.534+0300][18256][23868][info][gc,stats    ] Pause Final Update Refs (N)         250 us
[2025-05-18T21:41:00.534+0300][18256][23868][info][gc,stats    ]   Update Region States               54 us
[2025-05-18T21:41:00.534+0300][18256][23868][info][gc,stats    ]   Trash Collection Set               15 us
[2025-05-18T21:41:00.534+0300][18256][23868][info][gc,stats    ]   Rebuild Free Set                   45 us
[2025-05-18T21:41:00.534+0300][18256][23868][info][gc,stats    ] Concurrent Cleanup                  165 us
[2025-05-18T21:41:00.534+0300][18256][23868][info][gc,stats    ] 
[2025-05-18T21:41:00.534+0300][18256][23868][info][gc,stats    ] Allocation pacing accrued:
[2025-05-18T21:41:00.534+0300][18256][23868][info][gc,stats    ]       0 of  1520 ms (  0.0%): <total>
[2025-05-18T21:41:00.535+0300][18256][23868][info][gc,stats    ]       0 of  1520 ms (  0.0%): <average total>
[2025-05-18T21:41:00.535+0300][18256][23868][info][gc,stats    ] 
[2025-05-18T21:41:00.535+0300][18256][23868][info][gc,metaspace] Metaspace: 8610K(9728K)->8610K(9728K) NonClass: 7759K(8448K)->7759K(8448K) Class: 850K(1280K)->850K(1280K)
[2025-05-18T21:41:00.535+0300][18256][23868][info][gc,ergo     ] Pacer for Idle. Initial: 245M, Alloc Tax Rate: 1.0x
[2025-05-18T21:41:22.925+0300][18256][23868][info][gc          ] Trigger: Free (1227M) is below minimum threshold (1228M)
[2025-05-18T21:41:22.925+0300][18256][23868][info][gc,ergo     ] Free: 1227M, Max: 4096K regular, 1212M humongous, Frag: 0% external, 1% internal; Reserve: 616M, Max: 4096K
[2025-05-18T21:41:22.925+0300][18256][23868][info][gc,start    ] GC(11) Concurrent reset
[2025-05-18T21:41:22.925+0300][18256][23868][info][gc,task     ] GC(11) Using 2 of 4 workers for concurrent reset
[2025-05-18T21:41:22.925+0300][18256][23868][info][gc,ergo     ] GC(11) Pacer for Reset. Non-Taxable: 12288M
[2025-05-18T21:41:22.929+0300][18256][23868][info][gc          ] GC(11) Concurrent reset 4.314ms
[2025-05-18T21:41:22.940+0300][18256][24344][info][gc,start    ] GC(11) Pause Init Mark (unload classes)
[2025-05-18T21:41:22.940+0300][18256][24344][info][gc,task     ] GC(11) Using 4 of 4 workers for init marking
[2025-05-18T21:41:22.940+0300][18256][24344][info][gc,ergo     ] GC(11) Pacer for Mark. Expected Live: 10358K, Free: 1227M, Non-Taxable: 122M, Alloc Tax Rate: 0.0x
[2025-05-18T21:41:22.940+0300][18256][24344][info][gc          ] GC(11) Pause Init Mark (unload classes) 0.214ms
[2025-05-18T21:41:22.940+0300][18256][23868][info][gc,start    ] GC(11) Concurrent marking roots
[2025-05-18T21:41:22.940+0300][18256][23868][info][gc,task     ] GC(11) Using 2 of 4 workers for concurrent marking roots
[2025-05-18T21:41:22.940+0300][18256][23868][info][gc          ] GC(11) Concurrent marking roots 0.419ms
[2025-05-18T21:41:22.940+0300][18256][23868][info][gc,start    ] GC(11) Concurrent marking (unload classes)
[2025-05-18T21:41:22.940+0300][18256][23868][info][gc,task     ] GC(11) Using 2 of 4 workers for concurrent marking
[2025-05-18T21:41:22.956+0300][18256][23868][info][gc          ] GC(11) Concurrent marking (unload classes) 16.130ms
[2025-05-18T21:41:22.957+0300][18256][24344][info][gc,start    ] GC(11) Pause Final Mark (unload classes)
[2025-05-18T21:41:22.957+0300][18256][24344][info][gc,task     ] GC(11) Using 4 of 4 workers for final marking
[2025-05-18T21:41:22.957+0300][18256][24344][info][gc,ergo     ] GC(11) Adaptive CSet Selection. Target Free: 1740M, Actual Free: 10272M, Max CSet: 512M, Min Garbage: 0B
[2025-05-18T21:41:22.957+0300][18256][24344][info][gc,ergo     ] GC(11) Collectable Garbage: 10431M (99%), Immediate: 8460M (81%), CSet: 1971M (18%)
[2025-05-18T21:41:22.957+0300][18256][24344][info][gc,ergo     ] GC(11) Pacer for Evacuation. Used CSet: 1972M, Free: 9671M, Non-Taxable: 967M, Alloc Tax Rate: 1.1x
[2025-05-18T21:41:22.957+0300][18256][24344][info][gc          ] GC(11) Pause Final Mark (unload classes) 0.323ms
[2025-05-18T21:41:22.957+0300][18256][23868][info][gc,start    ] GC(11) Concurrent thread roots
[2025-05-18T21:41:22.957+0300][18256][23868][info][gc,task     ] GC(11) Using 2 of 4 workers for Concurrent thread roots
[2025-05-18T21:41:22.958+0300][18256][23868][info][gc          ] GC(11) Concurrent thread roots 0.209ms
[2025-05-18T21:41:22.958+0300][18256][23868][info][gc,start    ] GC(11) Concurrent weak references
[2025-05-18T21:41:22.958+0300][18256][23868][info][gc,task     ] GC(11) Using 2 of 4 workers for concurrent weak references
[2025-05-18T21:41:22.958+0300][18256][23868][info][gc,ref      ] GC(11) Encountered references: Soft: 152, Weak: 1660, Final: 3, Phantom: 42
[2025-05-18T21:41:22.958+0300][18256][23868][info][gc,ref      ] GC(11) Discovered  references: Soft: 0, Weak: 1164, Final: 1, Phantom: 39
[2025-05-18T21:41:22.958+0300][18256][23868][info][gc,ref      ] GC(11) Enqueued    references: Soft: 0, Weak: 984, Final: 0, Phantom: 0
[2025-05-18T21:41:22.958+0300][18256][23868][info][gc          ] GC(11) Concurrent weak references 0.472ms
[2025-05-18T21:41:22.958+0300][18256][23868][info][gc,start    ] GC(11) Concurrent weak roots
[2025-05-18T21:41:22.958+0300][18256][23868][info][gc,task     ] GC(11) Using 2 of 4 workers for concurrent weak root
[2025-05-18T21:41:22.971+0300][18256][23868][info][gc          ] GC(11) Concurrent weak roots 12.495ms
[2025-05-18T21:41:22.971+0300][18256][23868][info][gc,start    ] GC(11) Concurrent cleanup
[2025-05-18T21:41:22.971+0300][18256][23868][info][gc          ] GC(11) Concurrent cleanup 10477M->2017M(12288M) 0.202ms
[2025-05-18T21:41:22.971+0300][18256][23868][info][gc,ergo     ] GC(11) Free: 9655M, Max: 4096K regular, 1180M humongous, Frag: 88% external, 0% internal; Reserve: 615M, Max: 4096K
[2025-05-18T21:41:22.971+0300][18256][23868][info][gc,start    ] GC(11) Concurrent class unloading
[2025-05-18T21:41:22.971+0300][18256][23868][info][gc,task     ] GC(11) Using 2 of 4 workers for concurrent class unloading
[2025-05-18T21:41:22.974+0300][18256][23868][info][gc          ] GC(11) Concurrent class unloading 2.737ms
[2025-05-18T21:41:22.974+0300][18256][23868][info][gc,start    ] GC(11) Concurrent strong roots
[2025-05-18T21:41:22.974+0300][18256][23868][info][gc,task     ] GC(11) Using 2 of 4 workers for concurrent strong root
[2025-05-18T21:41:22.974+0300][18256][23868][info][gc          ] GC(11) Concurrent strong roots 0.132ms
[2025-05-18T21:41:22.974+0300][18256][23868][info][gc,start    ] GC(11) Concurrent evacuation
[2025-05-18T21:41:22.974+0300][18256][23868][info][gc,task     ] GC(11) Using 2 of 4 workers for concurrent evacuation
[2025-05-18T21:41:23.006+0300][18256][23868][info][gc          ] GC(11) Concurrent evacuation 31.960ms
[2025-05-18T21:41:23.018+0300][18256][24344][info][gc,start    ] GC(11) Pause Init Update Refs
[2025-05-18T21:41:23.018+0300][18256][24344][info][gc,ergo     ] GC(11) Pacer for Update Refs. Used: 2017M, Free: 9655M, Non-Taxable: 965M, Alloc Tax Rate: 1.1x
[2025-05-18T21:41:23.018+0300][18256][24344][info][gc          ] GC(11) Pause Init Update Refs 0.160ms
[2025-05-18T21:41:23.018+0300][18256][23868][info][gc,start    ] GC(11) Concurrent update references
[2025-05-18T21:41:23.018+0300][18256][23868][info][gc,task     ] GC(11) Using 2 of 4 workers for concurrent reference update
[2025-05-18T21:41:23.022+0300][18256][23868][info][gc          ] GC(11) Concurrent update references 4.121ms
[2025-05-18T21:41:23.022+0300][18256][23868][info][gc,start    ] GC(11) Concurrent update thread roots
[2025-05-18T21:41:23.034+0300][18256][23868][info][gc          ] GC(11) Concurrent update thread roots 11.671ms
[2025-05-18T21:41:23.034+0300][18256][24344][info][gc,start    ] GC(11) Pause Final Update Refs
[2025-05-18T21:41:23.034+0300][18256][24344][info][gc,task     ] GC(11) Using 4 of 4 workers for final reference update
[2025-05-18T21:41:23.034+0300][18256][24344][info][gc          ] GC(11) Pause Final Update Refs 0.196ms
[2025-05-18T21:41:23.034+0300][18256][23868][info][gc,start    ] GC(11) Concurrent cleanup
[2025-05-18T21:41:23.034+0300][18256][23868][info][gc          ] GC(11) Concurrent cleanup 2025M->53M(12288M) 0.132ms
[2025-05-18T21:41:23.034+0300][18256][23868][info][gc,ergo     ] Free: 11618M, Max: 4096K regular, 10424M humongous, Frag: 11% external, 0% internal; Reserve: 616M, Max: 4096K
[2025-05-18T21:41:23.034+0300][18256][23868][info][gc,stats    ] 
[2025-05-18T21:41:23.034+0300][18256][23868][info][gc,stats    ] All times are wall-clock times, except per-root-class counters, that are sum over
[2025-05-18T21:41:23.034+0300][18256][23868][info][gc,stats    ] all workers. Dividing the <total> over the root stage time estimates parallelism.
[2025-05-18T21:41:23.035+0300][18256][23868][info][gc,stats    ] 
[2025-05-18T21:41:23.035+0300][18256][23868][info][gc,stats    ] Concurrent Reset                   4392 us
[2025-05-18T21:41:23.035+0300][18256][23868][info][gc,stats    ] Pause Init Mark (G)               11277 us
[2025-05-18T21:41:23.035+0300][18256][23868][info][gc,stats    ] Pause Init Mark (N)                 236 us
[2025-05-18T21:41:23.035+0300][18256][23868][info][gc,stats    ]   Update Region States               44 us
[2025-05-18T21:41:23.035+0300][18256][23868][info][gc,stats    ] Concurrent Mark Roots               462 us, parallelism: 1.03x
[2025-05-18T21:41:23.035+0300][18256][23868][info][gc,stats    ]   CMR: <total>                      477 us
[2025-05-18T21:41:23.035+0300][18256][23868][info][gc,stats    ]   CMR: Thread Roots                 360 us, workers (us): 111, 250, ---, ---, 
[2025-05-18T21:41:23.035+0300][18256][23868][info][gc,stats    ]   CMR: VM Strong Roots               18 us, workers (us):  10,   8, ---, ---, 
[2025-05-18T21:41:23.035+0300][18256][23868][info][gc,stats    ]   CMR: CLDG Roots                    99 us, workers (us):  99, ---, ---, ---, 
[2025-05-18T21:41:23.035+0300][18256][23868][info][gc,stats    ] Concurrent Marking                16203 us
[2025-05-18T21:41:23.035+0300][18256][23868][info][gc,stats    ] Pause Final Mark (G)                845 us
[2025-05-18T21:41:23.035+0300][18256][23868][info][gc,stats    ] Pause Final Mark (N)                338 us
[2025-05-18T21:41:23.035+0300][18256][23868][info][gc,stats    ]   Finish Mark                        60 us
[2025-05-18T21:41:23.035+0300][18256][23868][info][gc,stats    ]   Update Region States               34 us
[2025-05-18T21:41:23.035+0300][18256][23868][info][gc,stats    ]   Choose Collection Set             105 us
[2025-05-18T21:41:23.035+0300][18256][23868][info][gc,stats    ]   Rebuild Free Set                   27 us
[2025-05-18T21:41:23.035+0300][18256][23868][info][gc,stats    ] Concurrent Thread Roots             261 us, parallelism: 0.51x
[2025-05-18T21:41:23.035+0300][18256][23868][info][gc,stats    ]   CTR: <total>                      132 us
[2025-05-18T21:41:23.035+0300][18256][23868][info][gc,stats    ]   CTR: Thread Roots                 132 us, workers (us):  64,  68, ---, ---, 
[2025-05-18T21:41:23.035+0300][18256][23868][info][gc,stats    ] Concurrent Weak References          495 us, parallelism: 0.69x
[2025-05-18T21:41:23.035+0300][18256][23868][info][gc,stats    ]   CWRF: <total>                     342 us
[2025-05-18T21:41:23.035+0300][18256][23868][info][gc,stats    ]   CWRF: Weak References             342 us, workers (us):  52, 290, ---, ---, 
[2025-05-18T21:41:23.035+0300][18256][23868][info][gc,stats    ] Concurrent Weak Roots             12583 us
[2025-05-18T21:41:23.035+0300][18256][23868][info][gc,stats    ]   Roots                            1325 us, parallelism: 1.88x
[2025-05-18T21:41:23.035+0300][18256][23868][info][gc,stats    ]     CWR: <total>                   2497 us
[2025-05-18T21:41:23.035+0300][18256][23868][info][gc,stats    ]     CWR: Code Cache Roots          2190 us, workers (us): 1124, 1066, ---, ---, 
[2025-05-18T21:41:23.035+0300][18256][23868][info][gc,stats    ]     CWR: VM Weak Roots              295 us, workers (us): 152, 144, ---, ---, 
[2025-05-18T21:41:23.035+0300][18256][23868][info][gc,stats    ]     CWR: CLDG Roots                  12 us, workers (us): ---,  12, ---, ---, 
[2025-05-18T21:41:23.035+0300][18256][23868][info][gc,stats    ]   Rendezvous                      11125 us
[2025-05-18T21:41:23.035+0300][18256][23868][info][gc,stats    ] Concurrent Cleanup                  227 us
[2025-05-18T21:41:23.035+0300][18256][23868][info][gc,stats    ] Concurrent Class Unloading         2816 us
[2025-05-18T21:41:23.035+0300][18256][23868][info][gc,stats    ]   Unlink Stale                     2323 us
[2025-05-18T21:41:23.035+0300][18256][23868][info][gc,stats    ]     System Dictionary                17 us
[2025-05-18T21:41:23.035+0300][18256][23868][info][gc,stats    ]     Weak Class Links                  0 us
[2025-05-18T21:41:23.035+0300][18256][23868][info][gc,stats    ]     Code Roots                     2304 us
[2025-05-18T21:41:23.035+0300][18256][23868][info][gc,stats    ]   Rendezvous                        127 us
[2025-05-18T21:41:23.035+0300][18256][23868][info][gc,stats    ]   Purge Unlinked                    244 us
[2025-05-18T21:41:23.035+0300][18256][23868][info][gc,stats    ]     Code Roots                      233 us
[2025-05-18T21:41:23.035+0300][18256][23868][info][gc,stats    ]     CLDG                             11 us
[2025-05-18T21:41:23.035+0300][18256][23868][info][gc,stats    ]     Exception Caches                  0 us
[2025-05-18T21:41:23.035+0300][18256][23868][info][gc,stats    ] Concurrent Strong Roots             187 us, parallelism: 0.23x
[2025-05-18T21:41:23.035+0300][18256][23868][info][gc,stats    ]   CSR: <total>                       42 us
[2025-05-18T21:41:23.035+0300][18256][23868][info][gc,stats    ]   CSR: VM Strong Roots                7 us, workers (us):   4,   3, ---, ---, 
[2025-05-18T21:41:23.035+0300][18256][23868][info][gc,stats    ]   CSR: CLDG Roots                    36 us, workers (us):  36, ---, ---, ---, 
[2025-05-18T21:41:23.035+0300][18256][23868][info][gc,stats    ] Concurrent Evacuation             32048 us
[2025-05-18T21:41:23.035+0300][18256][23868][info][gc,stats    ] Pause Init Update Refs (G)        11736 us
[2025-05-18T21:41:23.035+0300][18256][23868][info][gc,stats    ] Pause Init Update Refs (N)          185 us
[2025-05-18T21:41:23.035+0300][18256][23868][info][gc,stats    ]   Manage GCLABs                       9 us
[2025-05-18T21:41:23.035+0300][18256][23868][info][gc,stats    ] Concurrent Update Refs             4191 us
[2025-05-18T21:41:23.035+0300][18256][23868][info][gc,stats    ] Concurrent Update Thread Roots    11748 us
[2025-05-18T21:41:23.036+0300][18256][23868][info][gc,stats    ] Pause Final Update Refs (G)         420 us
[2025-05-18T21:41:23.036+0300][18256][23868][info][gc,stats    ] Pause Final Update Refs (N)         224 us
[2025-05-18T21:41:23.036+0300][18256][23868][info][gc,stats    ]   Update Region States               52 us
[2025-05-18T21:41:23.036+0300][18256][23868][info][gc,stats    ]   Trash Collection Set               19 us
[2025-05-18T21:41:23.036+0300][18256][23868][info][gc,stats    ]   Rebuild Free Set                   41 us
[2025-05-18T21:41:23.036+0300][18256][23868][info][gc,stats    ] Concurrent Cleanup                  163 us
[2025-05-18T21:41:23.036+0300][18256][23868][info][gc,stats    ] 
[2025-05-18T21:41:23.036+0300][18256][23868][info][gc,stats    ] Allocation pacing accrued:
[2025-05-18T21:41:23.036+0300][18256][23868][info][gc,stats    ]       0 of 22502 ms (  0.0%): <total>
[2025-05-18T21:41:23.036+0300][18256][23868][info][gc,stats    ]       0 of 22502 ms (  0.0%): <average total>
[2025-05-18T21:41:23.036+0300][18256][23868][info][gc,stats    ] 
[2025-05-18T21:41:23.036+0300][18256][23868][info][gc,metaspace] Metaspace: 8610K(9728K)->8610K(9728K) NonClass: 7759K(8448K)->7759K(8448K) Class: 850K(1280K)->850K(1280K)
[2025-05-18T21:41:23.036+0300][18256][23868][info][gc,ergo     ] Pacer for Idle. Initial: 245M, Alloc Tax Rate: 1.0x
[2025-05-18T21:41:23.840+0300][18256][23868][info][gc          ] Trigger: Explicit GC request (System.gc())
[2025-05-18T21:41:23.840+0300][18256][23868][info][gc,ergo     ] Free: 11248M, Max: 4096K regular, 10052M humongous, Frag: 11% external, 0% internal; Reserve: 616M, Max: 4096K
[2025-05-18T21:41:23.840+0300][18256][23868][info][gc,start    ] GC(12) Concurrent reset
[2025-05-18T21:41:23.840+0300][18256][23868][info][gc,task     ] GC(12) Using 2 of 4 workers for concurrent reset
[2025-05-18T21:41:23.840+0300][18256][23868][info][gc,ergo     ] GC(12) Pacer for Reset. Non-Taxable: 12288M
[2025-05-18T21:41:23.844+0300][18256][23868][info][gc          ] GC(12) Concurrent reset 3.565ms
[2025-05-18T21:41:23.844+0300][18256][24344][info][gc,start    ] GC(12) Pause Init Mark (unload classes)
[2025-05-18T21:41:23.844+0300][18256][24344][info][gc,task     ] GC(12) Using 4 of 4 workers for init marking
[2025-05-18T21:41:23.844+0300][18256][24344][info][gc,ref      ] GC(12) Clearing All SoftReferences
[2025-05-18T21:41:23.844+0300][18256][24344][info][gc,ergo     ] GC(12) Pacer for Mark. Expected Live: 10438K, Free: 11248M, Non-Taxable: 1124M, Alloc Tax Rate: 0.0x
[2025-05-18T21:41:23.844+0300][18256][24344][info][gc          ] GC(12) Pause Init Mark (unload classes) 0.109ms
[2025-05-18T21:41:23.844+0300][18256][23868][info][gc,start    ] GC(12) Concurrent marking roots
[2025-05-18T21:41:23.844+0300][18256][23868][info][gc,task     ] GC(12) Using 2 of 4 workers for concurrent marking roots
[2025-05-18T21:41:23.844+0300][18256][23868][info][gc          ] GC(12) Concurrent marking roots 0.230ms
[2025-05-18T21:41:23.844+0300][18256][23868][info][gc,start    ] GC(12) Concurrent marking (unload classes)
[2025-05-18T21:41:23.844+0300][18256][23868][info][gc,task     ] GC(12) Using 2 of 4 workers for concurrent marking
[2025-05-18T21:41:23.847+0300][18256][23868][info][gc          ] GC(12) Concurrent marking (unload classes) 2.720ms
[2025-05-18T21:41:23.847+0300][18256][24344][info][gc,start    ] GC(12) Pause Final Mark (unload classes)
[2025-05-18T21:41:23.847+0300][18256][24344][info][gc,task     ] GC(12) Using 4 of 4 workers for final marking
[2025-05-18T21:41:23.847+0300][18256][24344][info][gc,ergo     ] GC(12) Collectable Garbage: 402M (98%), Immediate: 402M (98%), CSet: 0B (0%)
[2025-05-18T21:41:23.847+0300][18256][24344][info][gc          ] GC(12) Pause Final Mark (unload classes) 0.237ms
[2025-05-18T21:41:23.847+0300][18256][23868][info][gc,start    ] GC(12) Concurrent weak references
[2025-05-18T21:41:23.847+0300][18256][23868][info][gc,task     ] GC(12) Using 2 of 4 workers for concurrent weak references
[2025-05-18T21:41:23.848+0300][18256][23868][info][gc,ref      ] GC(12) Encountered references: Soft: 158, Weak: 651, Final: 3, Phantom: 26
[2025-05-18T21:41:23.848+0300][18256][23868][info][gc,ref      ] GC(12) Discovered  references: Soft: 103, Weak: 418, Final: 3, Phantom: 24
[2025-05-18T21:41:23.848+0300][18256][23868][info][gc,ref      ] GC(12) Enqueued    references: Soft: 0, Weak: 0, Final: 0, Phantom: 0
[2025-05-18T21:41:23.848+0300][18256][23868][info][gc          ] GC(12) Concurrent weak references 0.242ms
[2025-05-18T21:41:23.848+0300][18256][23868][info][gc,start    ] GC(12) Concurrent weak roots
[2025-05-18T21:41:23.848+0300][18256][23868][info][gc,task     ] GC(12) Using 2 of 4 workers for concurrent weak root
[2025-05-18T21:41:23.848+0300][18256][23868][info][gc          ] GC(12) Concurrent weak roots 0.660ms
[2025-05-18T21:41:23.848+0300][18256][23868][info][gc,start    ] GC(12) Concurrent cleanup
[2025-05-18T21:41:23.848+0300][18256][23868][info][gc          ] GC(12) Concurrent cleanup 419M->17M(12288M) 0.127ms
[2025-05-18T21:41:23.848+0300][18256][23868][info][gc,ergo     ] GC(12) Free: 11654M, Max: 4096K regular, 11272M humongous, Frag: 4% external, 0% internal; Reserve: 616M, Max: 4096K
[2025-05-18T21:41:23.849+0300][18256][23868][info][gc,start    ] GC(12) Concurrent class unloading
[2025-05-18T21:41:23.849+0300][18256][23868][info][gc,task     ] GC(12) Using 2 of 4 workers for concurrent class unloading
[2025-05-18T21:41:23.851+0300][18256][23868][info][gc          ] GC(12) Concurrent class unloading 2.290ms
[2025-05-18T21:41:23.851+0300][18256][24344][info][gc,start    ] GC(12) Pause Final Roots
[2025-05-18T21:41:23.851+0300][18256][24344][info][gc          ] GC(12) Pause Final Roots 0.031ms
[2025-05-18T21:41:23.851+0300][18256][23868][info][gc,ergo     ] Free: 11654M, Max: 4096K regular, 11272M humongous, Frag: 4% external, 0% internal; Reserve: 616M, Max: 4096K
[2025-05-18T21:41:23.851+0300][18256][23868][info][gc,stats    ] 
[2025-05-18T21:41:23.851+0300][18256][23868][info][gc,stats    ] All times are wall-clock times, except per-root-class counters, that are sum over
[2025-05-18T21:41:23.851+0300][18256][23868][info][gc,stats    ] all workers. Dividing the <total> over the root stage time estimates parallelism.
[2025-05-18T21:41:23.851+0300][18256][23868][info][gc,stats    ] 
[2025-05-18T21:41:23.851+0300][18256][23868][info][gc,stats    ] Concurrent Reset                   3618 us
[2025-05-18T21:41:23.851+0300][18256][23868][info][gc,stats    ] Pause Init Mark (G)                 256 us
[2025-05-18T21:41:23.851+0300][18256][23868][info][gc,stats    ] Pause Init Mark (N)                 123 us
[2025-05-18T21:41:23.851+0300][18256][23868][info][gc,stats    ]   Update Region States               16 us
[2025-05-18T21:41:23.851+0300][18256][23868][info][gc,stats    ] Concurrent Mark Roots               259 us, parallelism: 0.65x
[2025-05-18T21:41:23.851+0300][18256][23868][info][gc,stats    ]   CMR: <total>                      169 us
[2025-05-18T21:41:23.851+0300][18256][23868][info][gc,stats    ]   CMR: Thread Roots                  84 us, workers (us):  82,   2, ---, ---, 
[2025-05-18T21:41:23.851+0300][18256][23868][info][gc,stats    ]   CMR: VM Strong Roots                9 us, workers (us):   5,   3, ---, ---, 
[2025-05-18T21:41:23.851+0300][18256][23868][info][gc,stats    ]   CMR: CLDG Roots                    76 us, workers (us): ---,  76, ---, ---, 
[2025-05-18T21:41:23.851+0300][18256][23868][info][gc,stats    ] Concurrent Marking                 2777 us
[2025-05-18T21:41:23.851+0300][18256][23868][info][gc,stats    ] Pause Final Mark (G)                336 us
[2025-05-18T21:41:23.851+0300][18256][23868][info][gc,stats    ] Pause Final Mark (N)                252 us
[2025-05-18T21:41:23.851+0300][18256][23868][info][gc,stats    ]   Finish Mark                        97 us
[2025-05-18T21:41:23.851+0300][18256][23868][info][gc,stats    ]   Update Region States               27 us
[2025-05-18T21:41:23.851+0300][18256][23868][info][gc,stats    ]   Choose Collection Set              34 us
[2025-05-18T21:41:23.851+0300][18256][23868][info][gc,stats    ]   Rebuild Free Set                   19 us
[2025-05-18T21:41:23.851+0300][18256][23868][info][gc,stats    ] Concurrent Weak References          257 us, parallelism: 0.14x
[2025-05-18T21:41:23.851+0300][18256][23868][info][gc,stats    ]   CWRF: <total>                      36 us
[2025-05-18T21:41:23.851+0300][18256][23868][info][gc,stats    ]   CWRF: Weak References              36 us, workers (us):   5,  31, ---, ---, 
[2025-05-18T21:41:23.851+0300][18256][23868][info][gc,stats    ] Concurrent Weak Roots               690 us
[2025-05-18T21:41:23.851+0300][18256][23868][info][gc,stats    ]   Roots                             573 us, parallelism: 1.76x
[2025-05-18T21:41:23.851+0300][18256][23868][info][gc,stats    ]     CWR: <total>                   1008 us
[2025-05-18T21:41:23.851+0300][18256][23868][info][gc,stats    ]     CWR: Code Cache Roots           869 us, workers (us): 408, 461, ---, ---, 
[2025-05-18T21:41:23.851+0300][18256][23868][info][gc,stats    ]     CWR: VM Weak Roots              135 us, workers (us):  66,  69, ---, ---, 
[2025-05-18T21:41:23.851+0300][18256][23868][info][gc,stats    ]     CWR: CLDG Roots                   4 us, workers (us):   4, ---, ---, ---, 
[2025-05-18T21:41:23.851+0300][18256][23868][info][gc,stats    ]   Rendezvous                         58 us
[2025-05-18T21:41:23.851+0300][18256][23868][info][gc,stats    ] Concurrent Cleanup                  164 us
[2025-05-18T21:41:23.851+0300][18256][23868][info][gc,stats    ] Concurrent Class Unloading         2348 us
[2025-05-18T21:41:23.852+0300][18256][23868][info][gc,stats    ]   Unlink Stale                     1966 us
[2025-05-18T21:41:23.852+0300][18256][23868][info][gc,stats    ]     System Dictionary                 6 us
[2025-05-18T21:41:23.852+0300][18256][23868][info][gc,stats    ]     Weak Class Links                  0 us
[2025-05-18T21:41:23.852+0300][18256][23868][info][gc,stats    ]     Code Roots                     1957 us
[2025-05-18T21:41:23.852+0300][18256][23868][info][gc,stats    ]   Rendezvous                        107 us
[2025-05-18T21:41:23.852+0300][18256][23868][info][gc,stats    ]   Purge Unlinked                    187 us
[2025-05-18T21:41:23.852+0300][18256][23868][info][gc,stats    ]     Code Roots                      178 us
[2025-05-18T21:41:23.852+0300][18256][23868][info][gc,stats    ]     CLDG                              9 us
[2025-05-18T21:41:23.852+0300][18256][23868][info][gc,stats    ]     Exception Caches                  0 us
[2025-05-18T21:41:23.852+0300][18256][23868][info][gc,stats    ] Pause Final Roots (G)               129 us
[2025-05-18T21:41:23.852+0300][18256][23868][info][gc,stats    ] Pause Final Roots (N)                47 us
[2025-05-18T21:41:23.852+0300][18256][23868][info][gc,stats    ] 
[2025-05-18T21:41:23.852+0300][18256][23868][info][gc,stats    ] Allocation pacing accrued:
[2025-05-18T21:41:23.852+0300][18256][23868][info][gc,stats    ]       0 of   816 ms (  0.0%): <total>
[2025-05-18T21:41:23.852+0300][18256][23868][info][gc,stats    ]       0 of   816 ms (  0.0%): <average total>
[2025-05-18T21:41:23.852+0300][18256][23868][info][gc,stats    ] 
[2025-05-18T21:41:23.852+0300][18256][23868][info][gc,metaspace] Metaspace: 8612K(9728K)->8612K(9728K) NonClass: 7761K(8448K)->7761K(8448K) Class: 850K(1280K)->850K(1280K)
[2025-05-18T21:41:23.852+0300][18256][23868][info][gc,ergo     ] Pacer for Idle. Initial: 245M, Alloc Tax Rate: 1.0x
[2025-05-18T21:41:26.243+0300][18256][23868][info][gc          ] Trigger: Learning 2 of 5. Free (8598M) is below initial threshold (8601M)
[2025-05-18T21:41:26.243+0300][18256][23868][info][gc,ergo     ] Free: 8598M, Max: 4096K regular, 8580M humongous, Frag: 0% external, 0% internal; Reserve: 616M, Max: 4096K
[2025-05-18T21:41:26.243+0300][18256][23868][info][gc,start    ] GC(13) Concurrent reset
[2025-05-18T21:41:26.243+0300][18256][23868][info][gc,task     ] GC(13) Using 2 of 4 workers for concurrent reset
[2025-05-18T21:41:26.243+0300][18256][23868][info][gc,ergo     ] GC(13) Pacer for Reset. Non-Taxable: 12288M
[2025-05-18T21:41:26.244+0300][18256][23868][info][gc          ] GC(13) Concurrent reset 0.662ms
[2025-05-18T21:41:26.289+0300][18256][24344][info][gc,start    ] GC(13) Pause Init Mark (unload classes)
[2025-05-18T21:41:26.289+0300][18256][24344][info][gc,task     ] GC(13) Using 4 of 4 workers for init marking
[2025-05-18T21:41:26.289+0300][18256][24344][info][gc,ergo     ] GC(13) Pacer for Mark. Expected Live: 10293K, Free: 8598M, Non-Taxable: 859M, Alloc Tax Rate: 0.0x
[2025-05-18T21:41:26.289+0300][18256][24344][info][gc          ] GC(13) Pause Init Mark (unload classes) 0.183ms
[2025-05-18T21:41:26.289+0300][18256][23868][info][gc,start    ] GC(13) Concurrent marking roots
[2025-05-18T21:41:26.289+0300][18256][23868][info][gc,task     ] GC(13) Using 2 of 4 workers for concurrent marking roots
[2025-05-18T21:41:26.306+0300][18256][23868][info][gc          ] GC(13) Concurrent marking roots 16.734ms
[2025-05-18T21:41:26.306+0300][18256][23868][info][gc,start    ] GC(13) Concurrent marking (unload classes)
[2025-05-18T21:41:26.306+0300][18256][23868][info][gc,task     ] GC(13) Using 2 of 4 workers for concurrent marking
[2025-05-18T21:41:26.320+0300][18256][23868][info][gc          ] GC(13) Concurrent marking (unload classes) 14.720ms
[2025-05-18T21:41:26.321+0300][18256][24344][info][gc,start    ] GC(13) Pause Final Mark (unload classes)
[2025-05-18T21:41:26.321+0300][18256][24344][info][gc,task     ] GC(13) Using 4 of 4 workers for final marking
[2025-05-18T21:41:26.321+0300][18256][24344][info][gc,ergo     ] GC(13) Adaptive CSet Selection. Target Free: 1740M, Actual Free: 11058M, Max CSet: 512M, Min Garbage: 0B
[2025-05-18T21:41:26.321+0300][18256][24344][info][gc,ergo     ] GC(13) Collectable Garbage: 3058M (99%), Immediate: 1914M (62%), CSet: 1144M (37%)
[2025-05-18T21:41:26.321+0300][18256][24344][info][gc,ergo     ] GC(13) Pacer for Evacuation. Used CSet: 1149M, Free: 10460M, Non-Taxable: 1046M, Alloc Tax Rate: 1.1x
[2025-05-18T21:41:26.321+0300][18256][24344][info][gc          ] GC(13) Pause Final Mark (unload classes) 0.397ms
[2025-05-18T21:41:26.321+0300][18256][23868][info][gc,start    ] GC(13) Concurrent thread roots
[2025-05-18T21:41:26.321+0300][18256][23868][info][gc,task     ] GC(13) Using 2 of 4 workers for Concurrent thread roots
[2025-05-18T21:41:26.322+0300][18256][23868][info][gc          ] GC(13) Concurrent thread roots 0.628ms
[2025-05-18T21:41:26.322+0300][18256][23868][info][gc,start    ] GC(13) Concurrent weak references
[2025-05-18T21:41:26.322+0300][18256][23868][info][gc,task     ] GC(13) Using 2 of 4 workers for concurrent weak references
[2025-05-18T21:41:26.322+0300][18256][23868][info][gc,ref      ] GC(13) Encountered references: Soft: 152, Weak: 1229, Final: 3, Phantom: 44
[2025-05-18T21:41:26.322+0300][18256][23868][info][gc,ref      ] GC(13) Discovered  references: Soft: 0, Weak: 714, Final: 1, Phantom: 35
[2025-05-18T21:41:26.322+0300][18256][23868][info][gc,ref      ] GC(13) Enqueued    references: Soft: 0, Weak: 532, Final: 0, Phantom: 0
[2025-05-18T21:41:26.322+0300][18256][23868][info][gc          ] GC(13) Concurrent weak references 0.405ms
[2025-05-18T21:41:26.322+0300][18256][23868][info][gc,start    ] GC(13) Concurrent weak roots
[2025-05-18T21:41:26.322+0300][18256][23868][info][gc,task     ] GC(13) Using 2 of 4 workers for concurrent weak root
[2025-05-18T21:41:26.351+0300][18256][23868][info][gc          ] GC(13) Concurrent weak roots 27.994ms
[2025-05-18T21:41:26.351+0300][18256][23868][info][gc,start    ] GC(13) Concurrent cleanup
[2025-05-18T21:41:26.351+0300][18256][23868][info][gc          ] GC(13) Concurrent cleanup 3175M->1261M(12288M) 0.110ms
[2025-05-18T21:41:26.351+0300][18256][23868][info][gc,ergo     ] GC(13) Free: 10426M, Max: 4096K regular, 8508M humongous, Frag: 19% external, 0% internal; Reserve: 581M, Max: 4096K
[2025-05-18T21:41:26.351+0300][18256][23868][info][gc,start    ] GC(13) Concurrent class unloading
[2025-05-18T21:41:26.351+0300][18256][23868][info][gc,task     ] GC(13) Using 2 of 4 workers for concurrent class unloading
[2025-05-18T21:41:26.383+0300][18256][23868][info][gc          ] GC(13) Concurrent class unloading 31.814ms
[2025-05-18T21:41:26.383+0300][18256][23868][info][gc,start    ] GC(13) Concurrent strong roots
[2025-05-18T21:41:26.383+0300][18256][23868][info][gc,task     ] GC(13) Using 2 of 4 workers for concurrent strong root
[2025-05-18T21:41:26.383+0300][18256][23868][info][gc          ] GC(13) Concurrent strong roots 0.141ms
[2025-05-18T21:41:26.383+0300][18256][23868][info][gc,start    ] GC(13) Concurrent evacuation
[2025-05-18T21:41:26.383+0300][18256][23868][info][gc,task     ] GC(13) Using 2 of 4 workers for concurrent evacuation
[2025-05-18T21:41:26.402+0300][18256][23868][info][gc          ] GC(13) Concurrent evacuation 18.684ms
[2025-05-18T21:41:26.402+0300][18256][24344][info][gc,start    ] GC(13) Pause Init Update Refs
[2025-05-18T21:41:26.402+0300][18256][24344][info][gc,ergo     ] GC(13) Pacer for Update Refs. Used: 1318M, Free: 10370M, Non-Taxable: 1037M, Alloc Tax Rate: 1.1x
[2025-05-18T21:41:26.402+0300][18256][24344][info][gc          ] GC(13) Pause Init Update Refs 0.098ms
[2025-05-18T21:41:26.402+0300][18256][23868][info][gc,start    ] GC(13) Concurrent update references
[2025-05-18T21:41:26.402+0300][18256][23868][info][gc,task     ] GC(13) Using 2 of 4 workers for concurrent reference update
[2025-05-18T21:41:26.412+0300][18256][23868][info][gc          ] GC(13) Concurrent update references 9.790ms
[2025-05-18T21:41:26.412+0300][18256][23868][info][gc,start    ] GC(13) Concurrent update thread roots
[2025-05-18T21:41:26.412+0300][18256][23868][info][gc          ] GC(13) Concurrent update thread roots 0.253ms
[2025-05-18T21:41:26.412+0300][18256][24344][info][gc,start    ] GC(13) Pause Final Update Refs
[2025-05-18T21:41:26.412+0300][18256][24344][info][gc,task     ] GC(13) Using 4 of 4 workers for final reference update
[2025-05-18T21:41:26.413+0300][18256][24344][info][gc          ] GC(13) Pause Final Update Refs 0.178ms
[2025-05-18T21:41:26.413+0300][18256][23868][info][gc,start    ] GC(13) Concurrent cleanup
[2025-05-18T21:41:26.413+0300][18256][23868][info][gc          ] GC(13) Concurrent cleanup 1326M->176M(12288M) 0.108ms
[2025-05-18T21:41:26.413+0300][18256][23868][info][gc,ergo     ] Free: 11495M, Max: 4096K regular, 8472M humongous, Frag: 27% external, 0% internal; Reserve: 616M, Max: 4096K
[2025-05-18T21:41:26.413+0300][18256][23868][info][gc,stats    ] 
[2025-05-18T21:41:26.413+0300][18256][23868][info][gc,stats    ] All times are wall-clock times, except per-root-class counters, that are sum over
[2025-05-18T21:41:26.413+0300][18256][23868][info][gc,stats    ] all workers. Dividing the <total> over the root stage time estimates parallelism.
[2025-05-18T21:41:26.413+0300][18256][23868][info][gc,stats    ] 
[2025-05-18T21:41:26.413+0300][18256][23868][info][gc,stats    ] Concurrent Reset                    715 us
[2025-05-18T21:41:26.413+0300][18256][23868][info][gc,stats    ] Pause Init Mark (G)               45504 us
[2025-05-18T21:41:26.413+0300][18256][23868][info][gc,stats    ] Pause Init Mark (N)                 199 us
[2025-05-18T21:41:26.413+0300][18256][23868][info][gc,stats    ]   Update Region States               43 us
[2025-05-18T21:41:26.413+0300][18256][23868][info][gc,stats    ] Concurrent Mark Roots             16809 us, parallelism: 1.00x
[2025-05-18T21:41:26.413+0300][18256][23868][info][gc,stats    ]   CMR: <total>                    16798 us
[2025-05-18T21:41:26.413+0300][18256][23868][info][gc,stats    ]   CMR: Thread Roots               16678 us, workers (us): 16454, 224, ---, ---, 
[2025-05-18T21:41:26.413+0300][18256][23868][info][gc,stats    ]   CMR: VM Strong Roots               27 us, workers (us):  11,  16, ---, ---, 
[2025-05-18T21:41:26.413+0300][18256][23868][info][gc,stats    ]   CMR: CLDG Roots                    93 us, workers (us):  93, ---, ---, ---, 
[2025-05-18T21:41:26.413+0300][18256][23868][info][gc,stats    ] Concurrent Marking                14790 us
[2025-05-18T21:41:26.413+0300][18256][23868][info][gc,stats    ] Pause Final Mark (G)                584 us
[2025-05-18T21:41:26.413+0300][18256][23868][info][gc,stats    ] Pause Final Mark (N)                420 us
[2025-05-18T21:41:26.413+0300][18256][23868][info][gc,stats    ]   Finish Mark                        53 us
[2025-05-18T21:41:26.413+0300][18256][23868][info][gc,stats    ]   Update Region States               50 us
[2025-05-18T21:41:26.413+0300][18256][23868][info][gc,stats    ]   Choose Collection Set             147 us
[2025-05-18T21:41:26.413+0300][18256][23868][info][gc,stats    ]   Rebuild Free Set                   39 us
[2025-05-18T21:41:26.413+0300][18256][23868][info][gc,stats    ] Concurrent Thread Roots             672 us, parallelism: 1.12x
[2025-05-18T21:41:26.413+0300][18256][23868][info][gc,stats    ]   CTR: <total>                      754 us
[2025-05-18T21:41:26.413+0300][18256][23868][info][gc,stats    ]   CTR: Thread Roots                 754 us, workers (us): 532, 222, ---, ---, 
[2025-05-18T21:41:26.413+0300][18256][23868][info][gc,stats    ] Concurrent Weak References          429 us, parallelism: 0.64x
[2025-05-18T21:41:26.413+0300][18256][23868][info][gc,stats    ]   CWRF: <total>                     273 us
[2025-05-18T21:41:26.413+0300][18256][23868][info][gc,stats    ]   CWRF: Weak References             273 us, workers (us):  44, 228, ---, ---, 
[2025-05-18T21:41:26.413+0300][18256][23868][info][gc,stats    ] Concurrent Weak Roots             28080 us
[2025-05-18T21:41:26.413+0300][18256][23868][info][gc,stats    ]   Roots                            3250 us, parallelism: 1.95x
[2025-05-18T21:41:26.414+0300][18256][23868][info][gc,stats    ]     CWR: <total>                   6345 us
[2025-05-18T21:41:26.414+0300][18256][23868][info][gc,stats    ]     CWR: Code Cache Roots          2062 us, workers (us): 220, 1842, ---, ---, 
[2025-05-18T21:41:26.414+0300][18256][23868][info][gc,stats    ]     CWR: VM Weak Roots             4273 us, workers (us): 2976, 1297, ---, ---, 
[2025-05-18T21:41:26.414+0300][18256][23868][info][gc,stats    ]     CWR: CLDG Roots                   9 us, workers (us): ---,   9, ---, ---, 
[2025-05-18T21:41:26.414+0300][18256][23868][info][gc,stats    ]   Rendezvous                      24629 us
[2025-05-18T21:41:26.414+0300][18256][23868][info][gc,stats    ] Concurrent Cleanup                  139 us
[2025-05-18T21:41:26.414+0300][18256][23868][info][gc,stats    ] Concurrent Class Unloading        31883 us
[2025-05-18T21:41:26.414+0300][18256][23868][info][gc,stats    ]   Unlink Stale                     2896 us
[2025-05-18T21:41:26.414+0300][18256][23868][info][gc,stats    ]     System Dictionary                22 us
[2025-05-18T21:41:26.414+0300][18256][23868][info][gc,stats    ]     Weak Class Links                  0 us
[2025-05-18T21:41:26.414+0300][18256][23868][info][gc,stats    ]     Code Roots                     2872 us
[2025-05-18T21:41:26.414+0300][18256][23868][info][gc,stats    ]   Rendezvous                      28762 us
[2025-05-18T21:41:26.414+0300][18256][23868][info][gc,stats    ]   Purge Unlinked                     94 us
[2025-05-18T21:41:26.414+0300][18256][23868][info][gc,stats    ]     Code Roots                       78 us
[2025-05-18T21:41:26.414+0300][18256][23868][info][gc,stats    ]     CLDG                             15 us
[2025-05-18T21:41:26.414+0300][18256][23868][info][gc,stats    ]     Exception Caches                  0 us
[2025-05-18T21:41:26.414+0300][18256][23868][info][gc,stats    ] Concurrent Strong Roots             169 us, parallelism: 0.34x
[2025-05-18T21:41:26.414+0300][18256][23868][info][gc,stats    ]   CSR: <total>                       58 us
[2025-05-18T21:41:26.414+0300][18256][23868][info][gc,stats    ]   CSR: VM Strong Roots               10 us, workers (us):   5,   6, ---, ---, 
[2025-05-18T21:41:26.414+0300][18256][23868][info][gc,stats    ]   CSR: CLDG Roots                    47 us, workers (us):  47, ---, ---, ---, 
[2025-05-18T21:41:26.414+0300][18256][23868][info][gc,stats    ] Concurrent Evacuation             18757 us
[2025-05-18T21:41:26.414+0300][18256][23868][info][gc,stats    ] Pause Init Update Refs (G)          437 us
[2025-05-18T21:41:26.414+0300][18256][23868][info][gc,stats    ] Pause Init Update Refs (N)          121 us
[2025-05-18T21:41:26.414+0300][18256][23868][info][gc,stats    ]   Manage GCLABs                       7 us
[2025-05-18T21:41:26.414+0300][18256][23868][info][gc,stats    ] Concurrent Update Refs             9861 us
[2025-05-18T21:41:26.414+0300][18256][23868][info][gc,stats    ] Concurrent Update Thread Roots      289 us
[2025-05-18T21:41:26.414+0300][18256][23868][info][gc,stats    ] Pause Final Update Refs (G)         340 us
[2025-05-18T21:41:26.414+0300][18256][23868][info][gc,stats    ] Pause Final Update Refs (N)         209 us
[2025-05-18T21:41:26.414+0300][18256][23868][info][gc,stats    ]   Update Region States               50 us
[2025-05-18T21:41:26.414+0300][18256][23868][info][gc,stats    ]   Trash Collection Set               11 us
[2025-05-18T21:41:26.414+0300][18256][23868][info][gc,stats    ]   Rebuild Free Set                   34 us
[2025-05-18T21:41:26.414+0300][18256][23868][info][gc,stats    ] Concurrent Cleanup                  136 us
[2025-05-18T21:41:26.414+0300][18256][23868][info][gc,stats    ] 
[2025-05-18T21:41:26.414+0300][18256][23868][info][gc,stats    ] Allocation pacing accrued:
[2025-05-18T21:41:26.414+0300][18256][23868][info][gc,stats    ]       0 of  2562 ms (  0.0%): <total>
[2025-05-18T21:41:26.414+0300][18256][23868][info][gc,stats    ]       0 of  2562 ms (  0.0%): <average total>
[2025-05-18T21:41:26.414+0300][18256][23868][info][gc,stats    ] 
[2025-05-18T21:41:26.415+0300][18256][23868][info][gc,metaspace] Metaspace: 8616K(9728K)->8616K(9728K) NonClass: 7765K(8448K)->7765K(8448K) Class: 850K(1280K)->850K(1280K)
[2025-05-18T21:41:26.415+0300][18256][23868][info][gc,ergo     ] Pacer for Idle. Initial: 245M, Alloc Tax Rate: 1.0x
[2025-05-18T21:41:29.010+0300][18256][23868][info][gc          ] Trigger: Learning 3 of 5. Free (8594M) is below initial threshold (8601M)
[2025-05-18T21:41:29.010+0300][18256][23868][info][gc,ergo     ] Free: 8594M, Max: 4096K regular, 8472M humongous, Frag: 2% external, 0% internal; Reserve: 616M, Max: 4096K
[2025-05-18T21:41:29.010+0300][18256][23868][info][gc,start    ] GC(14) Concurrent reset
[2025-05-18T21:41:29.010+0300][18256][23868][info][gc,task     ] GC(14) Using 2 of 4 workers for concurrent reset
[2025-05-18T21:41:29.010+0300][18256][23868][info][gc,ergo     ] GC(14) Pacer for Reset. Non-Taxable: 12288M
[2025-05-18T21:41:29.015+0300][18256][23868][info][gc          ] GC(14) Concurrent reset 5.054ms
[2025-05-18T21:41:29.026+0300][18256][24344][info][gc,start    ] GC(14) Pause Init Mark (unload classes)
[2025-05-18T21:41:29.026+0300][18256][24344][info][gc,task     ] GC(14) Using 4 of 4 workers for init marking
[2025-05-18T21:41:29.026+0300][18256][24344][info][gc,ergo     ] GC(14) Pacer for Mark. Expected Live: 10292K, Free: 8591M, Non-Taxable: 859M, Alloc Tax Rate: 0.0x
[2025-05-18T21:41:29.026+0300][18256][24344][info][gc          ] GC(14) Pause Init Mark (unload classes) 0.232ms
[2025-05-18T21:41:29.026+0300][18256][23868][info][gc,start    ] GC(14) Concurrent marking roots
[2025-05-18T21:41:29.026+0300][18256][23868][info][gc,task     ] GC(14) Using 2 of 4 workers for concurrent marking roots
[2025-05-18T21:41:29.026+0300][18256][23868][info][gc          ] GC(14) Concurrent marking roots 0.597ms
[2025-05-18T21:41:29.027+0300][18256][23868][info][gc,start    ] GC(14) Concurrent marking (unload classes)
[2025-05-18T21:41:29.027+0300][18256][23868][info][gc,task     ] GC(14) Using 2 of 4 workers for concurrent marking
[2025-05-18T21:41:29.201+0300][18256][23868][info][gc          ] GC(14) Concurrent marking (unload classes) 174.106ms
[2025-05-18T21:41:29.216+0300][18256][24344][info][gc,start    ] GC(14) Pause Final Mark (unload classes)
[2025-05-18T21:41:29.216+0300][18256][24344][info][gc,task     ] GC(14) Using 4 of 4 workers for final marking
[2025-05-18T21:41:29.216+0300][18256][24344][info][gc,ergo     ] GC(14) Adaptive CSet Selection. Target Free: 1740M, Actual Free: 11010M, Max CSet: 512M, Min Garbage: 0B
[2025-05-18T21:41:29.216+0300][18256][24344][info][gc,ergo     ] GC(14) Collectable Garbage: 3067M (99%), Immediate: 1990M (64%), CSet: 1077M (35%)
[2025-05-18T21:41:29.216+0300][18256][24344][info][gc,ergo     ] GC(14) Pacer for Evacuation. Used CSet: 1080M, Free: 10417M, Non-Taxable: 1041M, Alloc Tax Rate: 1.1x
[2025-05-18T21:41:29.216+0300][18256][24344][info][gc          ] GC(14) Pause Final Mark (unload classes) 0.617ms
[2025-05-18T21:41:29.216+0300][18256][23868][info][gc,start    ] GC(14) Concurrent thread roots
[2025-05-18T21:41:29.216+0300][18256][23868][info][gc,task     ] GC(14) Using 2 of 4 workers for Concurrent thread roots
[2025-05-18T21:41:29.217+0300][18256][23868][info][gc          ] GC(14) Concurrent thread roots 0.354ms
[2025-05-18T21:41:29.217+0300][18256][23868][info][gc,start    ] GC(14) Concurrent weak references
[2025-05-18T21:41:29.217+0300][18256][23868][info][gc,task     ] GC(14) Using 2 of 4 workers for concurrent weak references
[2025-05-18T21:41:29.217+0300][18256][23868][info][gc,ref      ] GC(14) Encountered references: Soft: 152, Weak: 1236, Final: 3, Phantom: 46
[2025-05-18T21:41:29.217+0300][18256][23868][info][gc,ref      ] GC(14) Discovered  references: Soft: 0, Weak: 716, Final: 1, Phantom: 31
[2025-05-18T21:41:29.217+0300][18256][23868][info][gc,ref      ] GC(14) Enqueued    references: Soft: 0, Weak: 464, Final: 0, Phantom: 0
[2025-05-18T21:41:29.217+0300][18256][23868][info][gc          ] GC(14) Concurrent weak references 0.406ms
[2025-05-18T21:41:29.217+0300][18256][23868][info][gc,start    ] GC(14) Concurrent weak roots
[2025-05-18T21:41:29.217+0300][18256][23868][info][gc,task     ] GC(14) Using 2 of 4 workers for concurrent weak root
[2025-05-18T21:41:29.232+0300][18256][23868][info][gc          ] GC(14) Concurrent weak roots 14.977ms
[2025-05-18T21:41:29.232+0300][18256][23868][info][gc,start    ] GC(14) Concurrent cleanup
[2025-05-18T21:41:29.232+0300][18256][23868][info][gc          ] GC(14) Concurrent cleanup 3269M->1279M(12288M) 0.118ms
[2025-05-18T21:41:29.232+0300][18256][23868][info][gc,ergo     ] GC(14) Free: 10389M, Max: 4096K regular, 8388M humongous, Frag: 20% external, 0% internal; Reserve: 609M, Max: 4096K
[2025-05-18T21:41:29.233+0300][18256][23868][info][gc,start    ] GC(14) Concurrent class unloading
[2025-05-18T21:41:29.233+0300][18256][23868][info][gc,task     ] GC(14) Using 2 of 4 workers for concurrent class unloading
[2025-05-18T21:41:29.249+0300][18256][23868][info][gc          ] GC(14) Concurrent class unloading 15.718ms
[2025-05-18T21:41:29.249+0300][18256][23868][info][gc,start    ] GC(14) Concurrent strong roots
[2025-05-18T21:41:29.249+0300][18256][23868][info][gc,task     ] GC(14) Using 2 of 4 workers for concurrent strong root
[2025-05-18T21:41:29.249+0300][18256][23868][info][gc          ] GC(14) Concurrent strong roots 0.170ms
[2025-05-18T21:41:29.249+0300][18256][23868][info][gc,start    ] GC(14) Concurrent evacuation
[2025-05-18T21:41:29.249+0300][18256][23868][info][gc,task     ] GC(14) Using 2 of 4 workers for concurrent evacuation
[2025-05-18T21:41:29.259+0300][18256][23868][info][gc          ] GC(14) Concurrent evacuation 10.034ms
[2025-05-18T21:41:29.259+0300][18256][24344][info][gc,start    ] GC(14) Pause Init Update Refs
[2025-05-18T21:41:29.259+0300][18256][24344][info][gc,ergo     ] GC(14) Pacer for Update Refs. Used: 1285M, Free: 10385M, Non-Taxable: 1038M, Alloc Tax Rate: 1.1x
[2025-05-18T21:41:29.259+0300][18256][24344][info][gc          ] GC(14) Pause Init Update Refs 0.147ms
[2025-05-18T21:41:29.260+0300][18256][23868][info][gc,start    ] GC(14) Concurrent update references
[2025-05-18T21:41:29.260+0300][18256][23868][info][gc,task     ] GC(14) Using 2 of 4 workers for concurrent reference update
[2025-05-18T21:41:29.297+0300][18256][23868][info][gc          ] GC(14) Concurrent update references 37.772ms
[2025-05-18T21:41:29.297+0300][18256][23868][info][gc,start    ] GC(14) Concurrent update thread roots
[2025-05-18T21:41:29.312+0300][18256][23868][info][gc          ] GC(14) Concurrent update thread roots 14.235ms
[2025-05-18T21:41:29.328+0300][18256][24344][info][gc,start    ] GC(14) Pause Final Update Refs
[2025-05-18T21:41:29.328+0300][18256][24344][info][gc,task     ] GC(14) Using 4 of 4 workers for final reference update
[2025-05-18T21:41:29.328+0300][18256][24344][info][gc          ] GC(14) Pause Final Update Refs 0.228ms
[2025-05-18T21:41:29.328+0300][18256][23868][info][gc,start    ] GC(14) Concurrent cleanup
[2025-05-18T21:41:29.328+0300][18256][23868][info][gc          ] GC(14) Concurrent cleanup 1309M->228M(12288M) 0.127ms
[2025-05-18T21:41:29.328+0300][18256][23868][info][gc,ergo     ] Free: 11443M, Max: 4096K regular, 8396M humongous, Frag: 27% external, 0% internal; Reserve: 616M, Max: 4096K
[2025-05-18T21:41:29.328+0300][18256][23868][info][gc,stats    ] 
[2025-05-18T21:41:29.328+0300][18256][23868][info][gc,stats    ] All times are wall-clock times, except per-root-class counters, that are sum over
[2025-05-18T21:41:29.328+0300][18256][23868][info][gc,stats    ] all workers. Dividing the <total> over the root stage time estimates parallelism.
[2025-05-18T21:41:29.328+0300][18256][23868][info][gc,stats    ] 
[2025-05-18T21:41:29.328+0300][18256][23868][info][gc,stats    ] Concurrent Reset                   5140 us
[2025-05-18T21:41:29.328+0300][18256][23868][info][gc,stats    ] Pause Init Mark (G)               10817 us
[2025-05-18T21:41:29.328+0300][18256][23868][info][gc,stats    ] Pause Init Mark (N)                 281 us
[2025-05-18T21:41:29.328+0300][18256][23868][info][gc,stats    ]   Update Region States               56 us
[2025-05-18T21:41:29.328+0300][18256][23868][info][gc,stats    ] Concurrent Mark Roots               651 us, parallelism: 1.19x
[2025-05-18T21:41:29.328+0300][18256][23868][info][gc,stats    ]   CMR: <total>                      772 us
[2025-05-18T21:41:29.328+0300][18256][23868][info][gc,stats    ]   CMR: Thread Roots                 627 us, workers (us): 413, 214, ---, ---, 
[2025-05-18T21:41:29.329+0300][18256][23868][info][gc,stats    ]   CMR: VM Strong Roots               37 us, workers (us):  20,  17, ---, ---, 
[2025-05-18T21:41:29.329+0300][18256][23868][info][gc,stats    ]   CMR: CLDG Roots                   108 us, workers (us): ---, 108, ---, ---, 
[2025-05-18T21:41:29.329+0300][18256][23868][info][gc,stats    ] Concurrent Marking               174189 us
[2025-05-18T21:41:29.329+0300][18256][23868][info][gc,stats    ] Pause Final Mark (G)              15899 us
[2025-05-18T21:41:29.329+0300][18256][23868][info][gc,stats    ] Pause Final Mark (N)                642 us
[2025-05-18T21:41:29.329+0300][18256][23868][info][gc,stats    ]   Finish Mark                        76 us
[2025-05-18T21:41:29.329+0300][18256][23868][info][gc,stats    ]   Update Region States               60 us
[2025-05-18T21:41:29.329+0300][18256][23868][info][gc,stats    ]   Choose Collection Set             211 us
[2025-05-18T21:41:29.329+0300][18256][23868][info][gc,stats    ]   Rebuild Free Set                   54 us
[2025-05-18T21:41:29.329+0300][18256][23868][info][gc,stats    ] Concurrent Thread Roots             392 us, parallelism: 1.15x
[2025-05-18T21:41:29.329+0300][18256][23868][info][gc,stats    ]   CTR: <total>                      450 us
[2025-05-18T21:41:29.329+0300][18256][23868][info][gc,stats    ]   CTR: Thread Roots                 450 us, workers (us): 233, 217, ---, ---, 
[2025-05-18T21:41:29.329+0300][18256][23868][info][gc,stats    ] Concurrent Weak References          432 us, parallelism: 0.65x
[2025-05-18T21:41:29.329+0300][18256][23868][info][gc,stats    ]   CWRF: <total>                     282 us
[2025-05-18T21:41:29.329+0300][18256][23868][info][gc,stats    ]   CWRF: Weak References             282 us, workers (us): 233,  49, ---, ---, 
[2025-05-18T21:41:29.329+0300][18256][23868][info][gc,stats    ] Concurrent Weak Roots             15059 us
[2025-05-18T21:41:29.329+0300][18256][23868][info][gc,stats    ]   Roots                            1445 us, parallelism: 1.87x
[2025-05-18T21:41:29.329+0300][18256][23868][info][gc,stats    ]     CWR: <total>                   2708 us
[2025-05-18T21:41:29.329+0300][18256][23868][info][gc,stats    ]     CWR: Code Cache Roots          2182 us, workers (us): 1055, 1128, ---, ---, 
[2025-05-18T21:41:29.329+0300][18256][23868][info][gc,stats    ]     CWR: VM Weak Roots              516 us, workers (us): 257, 259, ---, ---, 
[2025-05-18T21:41:29.329+0300][18256][23868][info][gc,stats    ]     CWR: CLDG Roots                  10 us, workers (us):  10, ---, ---, ---, 
[2025-05-18T21:41:29.329+0300][18256][23868][info][gc,stats    ]   Rendezvous                      13473 us
[2025-05-18T21:41:29.329+0300][18256][23868][info][gc,stats    ] Concurrent Cleanup                  149 us
[2025-05-18T21:41:29.329+0300][18256][23868][info][gc,stats    ] Concurrent Class Unloading        15824 us
[2025-05-18T21:41:29.329+0300][18256][23868][info][gc,stats    ]   Unlink Stale                     2535 us
[2025-05-18T21:41:29.329+0300][18256][23868][info][gc,stats    ]     System Dictionary                15 us
[2025-05-18T21:41:29.329+0300][18256][23868][info][gc,stats    ]     Weak Class Links                  0 us
[2025-05-18T21:41:29.329+0300][18256][23868][info][gc,stats    ]     Code Roots                     2518 us
[2025-05-18T21:41:29.329+0300][18256][23868][info][gc,stats    ]   Rendezvous                      12017 us
[2025-05-18T21:41:29.329+0300][18256][23868][info][gc,stats    ]   Purge Unlinked                   1105 us
[2025-05-18T21:41:29.329+0300][18256][23868][info][gc,stats    ]     Code Roots                     1093 us
[2025-05-18T21:41:29.329+0300][18256][23868][info][gc,stats    ]     CLDG                             11 us
[2025-05-18T21:41:29.329+0300][18256][23868][info][gc,stats    ]     Exception Caches                  0 us
[2025-05-18T21:41:29.329+0300][18256][23868][info][gc,stats    ] Concurrent Strong Roots             261 us, parallelism: 0.25x
[2025-05-18T21:41:29.329+0300][18256][23868][info][gc,stats    ]   CSR: <total>                       64 us
[2025-05-18T21:41:29.329+0300][18256][23868][info][gc,stats    ]   CSR: VM Strong Roots               11 us, workers (us):   6,   6, ---, ---, 
[2025-05-18T21:41:29.329+0300][18256][23868][info][gc,stats    ]   CSR: CLDG Roots                    53 us, workers (us): ---,  53, ---, ---, 
[2025-05-18T21:41:29.329+0300][18256][23868][info][gc,stats    ] Concurrent Evacuation             10128 us
[2025-05-18T21:41:29.329+0300][18256][23868][info][gc,stats    ] Pause Init Update Refs (G)          294 us
[2025-05-18T21:41:29.329+0300][18256][23868][info][gc,stats    ] Pause Init Update Refs (N)          172 us
[2025-05-18T21:41:29.329+0300][18256][23868][info][gc,stats    ]   Manage GCLABs                      10 us
[2025-05-18T21:41:29.329+0300][18256][23868][info][gc,stats    ] Concurrent Update Refs            37853 us
[2025-05-18T21:41:29.330+0300][18256][23868][info][gc,stats    ] Concurrent Update Thread Roots    14317 us
[2025-05-18T21:41:29.330+0300][18256][23868][info][gc,stats    ] Pause Final Update Refs (G)       16342 us
[2025-05-18T21:41:29.330+0300][18256][23868][info][gc,stats    ] Pause Final Update Refs (N)         259 us
[2025-05-18T21:41:29.330+0300][18256][23868][info][gc,stats    ]   Update Region States               53 us
[2025-05-18T21:41:29.330+0300][18256][23868][info][gc,stats    ]   Trash Collection Set               14 us
[2025-05-18T21:41:29.330+0300][18256][23868][info][gc,stats    ]   Rebuild Free Set                   44 us
[2025-05-18T21:41:29.330+0300][18256][23868][info][gc,stats    ] Concurrent Cleanup                  158 us
[2025-05-18T21:41:29.330+0300][18256][23868][info][gc,stats    ] 
[2025-05-18T21:41:29.330+0300][18256][23868][info][gc,stats    ] Allocation pacing accrued:
[2025-05-18T21:41:29.330+0300][18256][23868][info][gc,stats    ]       0 of  2915 ms (  0.0%): <total>
[2025-05-18T21:41:29.330+0300][18256][23868][info][gc,stats    ]       0 of  2915 ms (  0.0%): <average total>
[2025-05-18T21:41:29.330+0300][18256][23868][info][gc,stats    ] 
[2025-05-18T21:41:29.330+0300][18256][23868][info][gc,metaspace] Metaspace: 8616K(9728K)->8616K(9728K) NonClass: 7765K(8448K)->7765K(8448K) Class: 850K(1280K)->850K(1280K)
[2025-05-18T21:41:29.330+0300][18256][23868][info][gc,ergo     ] Pacer for Idle. Initial: 245M, Alloc Tax Rate: 1.0x
[2025-05-18T21:41:30.704+0300][18256][23868][info][gc          ] Trigger: Learning 4 of 5. Free (8595M) is below initial threshold (8601M)
[2025-05-18T21:41:30.704+0300][18256][23868][info][gc,ergo     ] Free: 8595M, Max: 4096K regular, 8396M humongous, Frag: 3% external, 0% internal; Reserve: 616M, Max: 4096K
[2025-05-18T21:41:30.704+0300][18256][23868][info][gc,start    ] GC(15) Concurrent reset
[2025-05-18T21:41:30.704+0300][18256][23868][info][gc,task     ] GC(15) Using 2 of 4 workers for concurrent reset
[2025-05-18T21:41:30.704+0300][18256][23868][info][gc,ergo     ] GC(15) Pacer for Reset. Non-Taxable: 12288M
[2025-05-18T21:41:30.707+0300][18256][23868][info][gc          ] GC(15) Concurrent reset 3.123ms
[2025-05-18T21:41:30.707+0300][18256][24344][info][gc,start    ] GC(15) Pause Init Mark (unload classes)
[2025-05-18T21:41:30.707+0300][18256][24344][info][gc,task     ] GC(15) Using 4 of 4 workers for init marking
[2025-05-18T21:41:30.707+0300][18256][24344][info][gc,ergo     ] GC(15) Pacer for Mark. Expected Live: 10277K, Free: 8591M, Non-Taxable: 859M, Alloc Tax Rate: 0.0x
[2025-05-18T21:41:30.707+0300][18256][24344][info][gc          ] GC(15) Pause Init Mark (unload classes) 0.151ms
[2025-05-18T21:41:30.707+0300][18256][23868][info][gc,start    ] GC(15) Concurrent marking roots
[2025-05-18T21:41:30.707+0300][18256][23868][info][gc,task     ] GC(15) Using 2 of 4 workers for concurrent marking roots
[2025-05-18T21:41:30.707+0300][18256][23868][info][gc          ] GC(15) Concurrent marking roots 0.280ms
[2025-05-18T21:41:30.707+0300][18256][23868][info][gc,start    ] GC(15) Concurrent marking (unload classes)
[2025-05-18T21:41:30.707+0300][18256][23868][info][gc,task     ] GC(15) Using 2 of 4 workers for concurrent marking
[2025-05-18T21:41:30.719+0300][18256][23868][info][gc          ] GC(15) Concurrent marking (unload classes) 11.211ms
[2025-05-18T21:41:30.719+0300][18256][24344][info][gc,start    ] GC(15) Pause Final Mark (unload classes)
[2025-05-18T21:41:30.719+0300][18256][24344][info][gc,task     ] GC(15) Using 4 of 4 workers for final marking
[2025-05-18T21:41:30.719+0300][18256][24344][info][gc,ergo     ] GC(15) Adaptive CSet Selection. Target Free: 1740M, Actual Free: 11100M, Max CSet: 512M, Min Garbage: 0B
[2025-05-18T21:41:30.719+0300][18256][24344][info][gc,ergo     ] GC(15) Collectable Garbage: 3066M (99%), Immediate: 1948M (63%), CSet: 1118M (36%)
[2025-05-18T21:41:30.719+0300][18256][24344][info][gc,ergo     ] GC(15) Pacer for Evacuation. Used CSet: 1119M, Free: 10502M, Non-Taxable: 1050M, Alloc Tax Rate: 1.1x
[2025-05-18T21:41:30.719+0300][18256][24344][info][gc          ] GC(15) Pause Final Mark (unload classes) 0.381ms
[2025-05-18T21:41:30.719+0300][18256][23868][info][gc,start    ] GC(15) Concurrent thread roots
[2025-05-18T21:41:30.719+0300][18256][23868][info][gc,task     ] GC(15) Using 2 of 4 workers for Concurrent thread roots
[2025-05-18T21:41:30.719+0300][18256][23868][info][gc          ] GC(15) Concurrent thread roots 0.168ms
[2025-05-18T21:41:30.719+0300][18256][23868][info][gc,start    ] GC(15) Concurrent weak references
[2025-05-18T21:41:30.719+0300][18256][23868][info][gc,task     ] GC(15) Using 2 of 4 workers for concurrent weak references
[2025-05-18T21:41:30.720+0300][18256][23868][info][gc,ref      ] GC(15) Encountered references: Soft: 152, Weak: 1324, Final: 3, Phantom: 50
[2025-05-18T21:41:30.720+0300][18256][23868][info][gc,ref      ] GC(15) Discovered  references: Soft: 0, Weak: 818, Final: 1, Phantom: 39
[2025-05-18T21:41:30.720+0300][18256][23868][info][gc,ref      ] GC(15) Enqueued    references: Soft: 0, Weak: 624, Final: 0, Phantom: 0
[2025-05-18T21:41:30.720+0300][18256][23868][info][gc          ] GC(15) Concurrent weak references 0.397ms
[2025-05-18T21:41:30.720+0300][18256][23868][info][gc,start    ] GC(15) Concurrent weak roots
[2025-05-18T21:41:30.720+0300][18256][23868][info][gc,task     ] GC(15) Using 2 of 4 workers for concurrent weak root
[2025-05-18T21:41:30.724+0300][18256][23868][info][gc          ] GC(15) Concurrent weak roots 3.912ms
[2025-05-18T21:41:30.724+0300][18256][23868][info][gc,start    ] GC(15) Concurrent cleanup
[2025-05-18T21:41:30.724+0300][18256][23868][info][gc          ] GC(15) Concurrent cleanup 3144M->1197M(12288M) 0.108ms
[2025-05-18T21:41:30.724+0300][18256][23868][info][gc,ergo     ] GC(15) Free: 10474M, Max: 4096K regular, 8396M humongous, Frag: 20% external, 0% internal; Reserve: 615M, Max: 4096K
[2025-05-18T21:41:30.724+0300][18256][23868][info][gc,start    ] GC(15) Concurrent class unloading
[2025-05-18T21:41:30.724+0300][18256][23868][info][gc,task     ] GC(15) Using 2 of 4 workers for concurrent class unloading
[2025-05-18T21:41:30.735+0300][18256][23868][info][gc          ] GC(15) Concurrent class unloading 10.547ms
[2025-05-18T21:41:30.735+0300][18256][23868][info][gc,start    ] GC(15) Concurrent strong roots
[2025-05-18T21:41:30.735+0300][18256][23868][info][gc,task     ] GC(15) Using 2 of 4 workers for concurrent strong root
[2025-05-18T21:41:30.735+0300][18256][23868][info][gc          ] GC(15) Concurrent strong roots 0.197ms
[2025-05-18T21:41:30.735+0300][18256][23868][info][gc,start    ] GC(15) Concurrent evacuation
[2025-05-18T21:41:30.735+0300][18256][23868][info][gc,task     ] GC(15) Using 2 of 4 workers for concurrent evacuation
[2025-05-18T21:41:30.741+0300][18256][23868][info][gc          ] GC(15) Concurrent evacuation 5.789ms
[2025-05-18T21:41:30.741+0300][18256][24344][info][gc,start    ] GC(15) Pause Init Update Refs
[2025-05-18T21:41:30.741+0300][18256][24344][info][gc,ergo     ] GC(15) Pacer for Update Refs. Used: 1225M, Free: 10447M, Non-Taxable: 1044M, Alloc Tax Rate: 1.1x
[2025-05-18T21:41:30.741+0300][18256][24344][info][gc          ] GC(15) Pause Init Update Refs 0.096ms
[2025-05-18T21:41:30.742+0300][18256][23868][info][gc,start    ] GC(15) Concurrent update references
[2025-05-18T21:41:30.742+0300][18256][23868][info][gc,task     ] GC(15) Using 2 of 4 workers for concurrent reference update
[2025-05-18T21:41:30.749+0300][18256][23868][info][gc          ] GC(15) Concurrent update references 7.900ms
[2025-05-18T21:41:30.749+0300][18256][23868][info][gc,start    ] GC(15) Concurrent update thread roots
[2025-05-18T21:41:30.767+0300][18256][23868][info][gc          ] GC(15) Concurrent update thread roots 17.099ms
[2025-05-18T21:41:30.767+0300][18256][24344][info][gc,start    ] GC(15) Pause Final Update Refs
[2025-05-18T21:41:30.767+0300][18256][24344][info][gc,task     ] GC(15) Using 4 of 4 workers for final reference update
[2025-05-18T21:41:30.767+0300][18256][24344][info][gc          ] GC(15) Pause Final Update Refs 0.213ms
[2025-05-18T21:41:30.767+0300][18256][23868][info][gc,start    ] GC(15) Concurrent cleanup
[2025-05-18T21:41:30.767+0300][18256][23868][info][gc          ] GC(15) Concurrent cleanup 1257M->138M(12288M) 0.123ms
[2025-05-18T21:41:30.767+0300][18256][23868][info][gc,ergo     ] Free: 11533M, Max: 4096K regular, 8692M humongous, Frag: 25% external, 0% internal; Reserve: 616M, Max: 4096K
[2025-05-18T21:41:30.767+0300][18256][23868][info][gc,stats    ] 
[2025-05-18T21:41:30.767+0300][18256][23868][info][gc,stats    ] All times are wall-clock times, except per-root-class counters, that are sum over
[2025-05-18T21:41:30.768+0300][18256][23868][info][gc,stats    ] all workers. Dividing the <total> over the root stage time estimates parallelism.
[2025-05-18T21:41:30.768+0300][18256][23868][info][gc,stats    ] 
[2025-05-18T21:41:30.768+0300][18256][23868][info][gc,stats    ] Concurrent Reset                   3188 us
[2025-05-18T21:41:30.768+0300][18256][23868][info][gc,stats    ] Pause Init Mark (G)                 377 us
[2025-05-18T21:41:30.768+0300][18256][23868][info][gc,stats    ] Pause Init Mark (N)                 173 us
[2025-05-18T21:41:30.768+0300][18256][23868][info][gc,stats    ]   Update Region States               36 us
[2025-05-18T21:41:30.768+0300][18256][23868][info][gc,stats    ] Concurrent Mark Roots               325 us, parallelism: 0.77x
[2025-05-18T21:41:30.768+0300][18256][23868][info][gc,stats    ]   CMR: <total>                      249 us
[2025-05-18T21:41:30.768+0300][18256][23868][info][gc,stats    ]   CMR: Thread Roots                 149 us, workers (us): 119,  30, ---, ---, 
[2025-05-18T21:41:30.768+0300][18256][23868][info][gc,stats    ]   CMR: VM Strong Roots               14 us, workers (us):  10,   4, ---, ---, 
[2025-05-18T21:41:30.768+0300][18256][23868][info][gc,stats    ]   CMR: CLDG Roots                    86 us, workers (us): ---,  86, ---, ---, 
[2025-05-18T21:41:30.768+0300][18256][23868][info][gc,stats    ] Concurrent Marking                11287 us
[2025-05-18T21:41:30.768+0300][18256][23868][info][gc,stats    ] Pause Final Mark (G)                612 us
[2025-05-18T21:41:30.768+0300][18256][23868][info][gc,stats    ] Pause Final Mark (N)                404 us
[2025-05-18T21:41:30.768+0300][18256][23868][info][gc,stats    ]   Finish Mark                        58 us
[2025-05-18T21:41:30.768+0300][18256][23868][info][gc,stats    ]   Update Region States               42 us
[2025-05-18T21:41:30.768+0300][18256][23868][info][gc,stats    ]   Choose Collection Set             124 us
[2025-05-18T21:41:30.768+0300][18256][23868][info][gc,stats    ]   Rebuild Free Set                   37 us
[2025-05-18T21:41:30.768+0300][18256][23868][info][gc,stats    ] Concurrent Thread Roots             199 us, parallelism: 0.67x
[2025-05-18T21:41:30.768+0300][18256][23868][info][gc,stats    ]   CTR: <total>                      134 us
[2025-05-18T21:41:30.768+0300][18256][23868][info][gc,stats    ]   CTR: Thread Roots                 134 us, workers (us):  73,  61, ---, ---, 
[2025-05-18T21:41:30.768+0300][18256][23868][info][gc,stats    ] Concurrent Weak References          422 us, parallelism: 0.59x
[2025-05-18T21:41:30.768+0300][18256][23868][info][gc,stats    ]   CWRF: <total>                     251 us
[2025-05-18T21:41:30.768+0300][18256][23868][info][gc,stats    ]   CWRF: Weak References             251 us, workers (us): 231,  20, ---, ---, 
[2025-05-18T21:41:30.768+0300][18256][23868][info][gc,stats    ] Concurrent Weak Roots              3971 us
[2025-05-18T21:41:30.768+0300][18256][23868][info][gc,stats    ]   Roots                             753 us, parallelism: 1.83x
[2025-05-18T21:41:30.768+0300][18256][23868][info][gc,stats    ]     CWR: <total>                   1380 us
[2025-05-18T21:41:30.768+0300][18256][23868][info][gc,stats    ]     CWR: Code Cache Roots          1044 us, workers (us): 537, 507, ---, ---, 
[2025-05-18T21:41:30.768+0300][18256][23868][info][gc,stats    ]     CWR: VM Weak Roots              326 us, workers (us): 158, 167, ---, ---, 
[2025-05-18T21:41:30.768+0300][18256][23868][info][gc,stats    ]     CWR: CLDG Roots                  10 us, workers (us):  10, ---, ---, ---, 
[2025-05-18T21:41:30.768+0300][18256][23868][info][gc,stats    ]   Rendezvous                       3112 us
[2025-05-18T21:41:30.768+0300][18256][23868][info][gc,stats    ] Concurrent Cleanup                  135 us
[2025-05-18T21:41:30.768+0300][18256][23868][info][gc,stats    ] Concurrent Class Unloading        10619 us
[2025-05-18T21:41:30.768+0300][18256][23868][info][gc,stats    ]   Unlink Stale                     2262 us
[2025-05-18T21:41:30.768+0300][18256][23868][info][gc,stats    ]     System Dictionary                15 us
[2025-05-18T21:41:30.768+0300][18256][23868][info][gc,stats    ]     Weak Class Links                  0 us
[2025-05-18T21:41:30.768+0300][18256][23868][info][gc,stats    ]     Code Roots                     2245 us
[2025-05-18T21:41:30.768+0300][18256][23868][info][gc,stats    ]   Rendezvous                       8217 us
[2025-05-18T21:41:30.768+0300][18256][23868][info][gc,stats    ]   Purge Unlinked                     16 us
[2025-05-18T21:41:30.768+0300][18256][23868][info][gc,stats    ]     Code Roots                        6 us
[2025-05-18T21:41:30.768+0300][18256][23868][info][gc,stats    ]     CLDG                              9 us
[2025-05-18T21:41:30.768+0300][18256][23868][info][gc,stats    ]     Exception Caches                  0 us
[2025-05-18T21:41:30.768+0300][18256][23868][info][gc,stats    ] Concurrent Strong Roots             233 us, parallelism: 0.23x
[2025-05-18T21:41:30.768+0300][18256][23868][info][gc,stats    ]   CSR: <total>                       54 us
[2025-05-18T21:41:30.769+0300][18256][23868][info][gc,stats    ]   CSR: VM Strong Roots                8 us, workers (us):   4,   4, ---, ---, 
[2025-05-18T21:41:30.769+0300][18256][23868][info][gc,stats    ]   CSR: CLDG Roots                    46 us, workers (us): ---,  46, ---, ---, 
[2025-05-18T21:41:30.769+0300][18256][23868][info][gc,stats    ] Concurrent Evacuation              5851 us
[2025-05-18T21:41:30.769+0300][18256][23868][info][gc,stats    ] Pause Init Update Refs (G)          252 us
[2025-05-18T21:41:30.769+0300][18256][23868][info][gc,stats    ] Pause Init Update Refs (N)          122 us
[2025-05-18T21:41:30.769+0300][18256][23868][info][gc,stats    ]   Manage GCLABs                       5 us
[2025-05-18T21:41:30.769+0300][18256][23868][info][gc,stats    ] Concurrent Update Refs             7976 us
[2025-05-18T21:41:30.769+0300][18256][23868][info][gc,stats    ] Concurrent Update Thread Roots    17175 us
[2025-05-18T21:41:30.769+0300][18256][23868][info][gc,stats    ] Pause Final Update Refs (G)         560 us
[2025-05-18T21:41:30.769+0300][18256][23868][info][gc,stats    ] Pause Final Update Refs (N)         260 us
[2025-05-18T21:41:30.769+0300][18256][23868][info][gc,stats    ]   Update Region States               75 us
[2025-05-18T21:41:30.769+0300][18256][23868][info][gc,stats    ]   Trash Collection Set               12 us
[2025-05-18T21:41:30.769+0300][18256][23868][info][gc,stats    ]   Rebuild Free Set                   37 us
[2025-05-18T21:41:30.769+0300][18256][23868][info][gc,stats    ] Concurrent Cleanup                  156 us
[2025-05-18T21:41:30.769+0300][18256][23868][info][gc,stats    ] 
[2025-05-18T21:41:30.769+0300][18256][23868][info][gc,stats    ] Allocation pacing accrued:
[2025-05-18T21:41:30.769+0300][18256][23868][info][gc,stats    ]       0 of  1439 ms (  0.0%): <total>
[2025-05-18T21:41:30.769+0300][18256][23868][info][gc,stats    ]       0 of  1439 ms (  0.0%): <average total>
[2025-05-18T21:41:30.769+0300][18256][23868][info][gc,stats    ] 
[2025-05-18T21:41:30.769+0300][18256][23868][info][gc,metaspace] Metaspace: 8616K(9728K)->8616K(9728K) NonClass: 7765K(8448K)->7765K(8448K) Class: 850K(1280K)->850K(1280K)
[2025-05-18T21:41:30.769+0300][18256][23868][info][gc,ergo     ] Pacer for Idle. Initial: 245M, Alloc Tax Rate: 1.0x
[2025-05-18T21:41:32.189+0300][18256][23868][info][gc          ] Trigger: Learning 5 of 5. Free (8569M) is below initial threshold (8601M)
[2025-05-18T21:41:32.189+0300][18256][23868][info][gc,ergo     ] Free: 8569M, Max: 4096K regular, 8548M humongous, Frag: 0% external, 0% internal; Reserve: 616M, Max: 4096K
[2025-05-18T21:41:32.189+0300][18256][23868][info][gc,start    ] GC(16) Concurrent reset
[2025-05-18T21:41:32.189+0300][18256][23868][info][gc,task     ] GC(16) Using 2 of 4 workers for concurrent reset
[2025-05-18T21:41:32.189+0300][18256][23868][info][gc,ergo     ] GC(16) Pacer for Reset. Non-Taxable: 12288M
[2025-05-18T21:41:32.192+0300][18256][23868][info][gc          ] GC(16) Concurrent reset 3.079ms
[2025-05-18T21:41:32.192+0300][18256][24344][info][gc,start    ] GC(16) Pause Init Mark (unload classes)
[2025-05-18T21:41:32.192+0300][18256][24344][info][gc,task     ] GC(16) Using 4 of 4 workers for init marking
[2025-05-18T21:41:32.192+0300][18256][24344][info][gc,ergo     ] GC(16) Pacer for Mark. Expected Live: 10283K, Free: 8569M, Non-Taxable: 856M, Alloc Tax Rate: 0.0x
[2025-05-18T21:41:32.192+0300][18256][24344][info][gc          ] GC(16) Pause Init Mark (unload classes) 0.204ms
[2025-05-18T21:41:32.192+0300][18256][23868][info][gc,start    ] GC(16) Concurrent marking roots
[2025-05-18T21:41:32.192+0300][18256][23868][info][gc,task     ] GC(16) Using 2 of 4 workers for concurrent marking roots
[2025-05-18T21:41:32.193+0300][18256][23868][info][gc          ] GC(16) Concurrent marking roots 0.254ms
[2025-05-18T21:41:32.193+0300][18256][23868][info][gc,start    ] GC(16) Concurrent marking (unload classes)
[2025-05-18T21:41:32.193+0300][18256][23868][info][gc,task     ] GC(16) Using 2 of 4 workers for concurrent marking
[2025-05-18T21:41:32.202+0300][18256][23868][info][gc          ] GC(16) Concurrent marking (unload classes) 9.060ms
[2025-05-18T21:41:32.219+0300][18256][24344][info][gc,start    ] GC(16) Pause Final Mark (unload classes)
[2025-05-18T21:41:32.219+0300][18256][24344][info][gc,task     ] GC(16) Using 4 of 4 workers for final marking
[2025-05-18T21:41:32.219+0300][18256][24344][info][gc,ergo     ] GC(16) Adaptive CSet Selection. Target Free: 1740M, Actual Free: 11108M, Max CSet: 512M, Min Garbage: 0B
[2025-05-18T21:41:32.219+0300][18256][24344][info][gc,ergo     ] GC(16) Collectable Garbage: 3087M (99%), Immediate: 1976M (63%), CSet: 1111M (35%)
[2025-05-18T21:41:32.219+0300][18256][24344][info][gc,ergo     ] GC(16) Pacer for Evacuation. Used CSet: 1112M, Free: 10513M, Non-Taxable: 1051M, Alloc Tax Rate: 1.1x
[2025-05-18T21:41:32.219+0300][18256][24344][info][gc          ] GC(16) Pause Final Mark (unload classes) 0.508ms
[2025-05-18T21:41:32.219+0300][18256][23868][info][gc,start    ] GC(16) Concurrent thread roots
[2025-05-18T21:41:32.219+0300][18256][23868][info][gc,task     ] GC(16) Using 2 of 4 workers for Concurrent thread roots
[2025-05-18T21:41:32.219+0300][18256][23868][info][gc          ] GC(16) Concurrent thread roots 0.270ms
[2025-05-18T21:41:32.219+0300][18256][23868][info][gc,start    ] GC(16) Concurrent weak references
[2025-05-18T21:41:32.220+0300][18256][23868][info][gc,task     ] GC(16) Using 2 of 4 workers for concurrent weak references
[2025-05-18T21:41:32.220+0300][18256][23868][info][gc,ref      ] GC(16) Encountered references: Soft: 152, Weak: 1246, Final: 3, Phantom: 50
[2025-05-18T21:41:32.220+0300][18256][23868][info][gc,ref      ] GC(16) Discovered  references: Soft: 0, Weak: 736, Final: 1, Phantom: 36
[2025-05-18T21:41:32.220+0300][18256][23868][info][gc,ref      ] GC(16) Enqueued    references: Soft: 0, Weak: 546, Final: 0, Phantom: 0
[2025-05-18T21:41:32.220+0300][18256][23868][info][gc          ] GC(16) Concurrent weak references 0.383ms
[2025-05-18T21:41:32.220+0300][18256][23868][info][gc,start    ] GC(16) Concurrent weak roots
[2025-05-18T21:41:32.220+0300][18256][23868][info][gc,task     ] GC(16) Using 2 of 4 workers for concurrent weak root
[2025-05-18T21:41:32.235+0300][18256][23868][info][gc          ] GC(16) Concurrent weak roots 14.721ms
[2025-05-18T21:41:32.235+0300][18256][23868][info][gc,start    ] GC(16) Concurrent cleanup
[2025-05-18T21:41:32.235+0300][18256][23868][info][gc          ] GC(16) Concurrent cleanup 3166M->1190M(12288M) 0.109ms
[2025-05-18T21:41:32.235+0300][18256][23868][info][gc,ergo     ] GC(16) Free: 10481M, Max: 4096K regular, 8484M humongous, Frag: 19% external, 0% internal; Reserve: 615M, Max: 4096K
[2025-05-18T21:41:32.235+0300][18256][23868][info][gc,start    ] GC(16) Concurrent class unloading
[2025-05-18T21:41:32.235+0300][18256][23868][info][gc,task     ] GC(16) Using 2 of 4 workers for concurrent class unloading
[2025-05-18T21:41:32.251+0300][18256][23868][info][gc          ] GC(16) Concurrent class unloading 15.392ms
[2025-05-18T21:41:32.251+0300][18256][23868][info][gc,start    ] GC(16) Concurrent strong roots
[2025-05-18T21:41:32.251+0300][18256][23868][info][gc,task     ] GC(16) Using 2 of 4 workers for concurrent strong root
[2025-05-18T21:41:32.251+0300][18256][23868][info][gc          ] GC(16) Concurrent strong roots 0.162ms
[2025-05-18T21:41:32.251+0300][18256][23868][info][gc,start    ] GC(16) Concurrent evacuation
[2025-05-18T21:41:32.251+0300][18256][23868][info][gc,task     ] GC(16) Using 2 of 4 workers for concurrent evacuation
[2025-05-18T21:41:32.256+0300][18256][23868][info][gc          ] GC(16) Concurrent evacuation 4.541ms
[2025-05-18T21:41:32.256+0300][18256][24344][info][gc,start    ] GC(16) Pause Init Update Refs
[2025-05-18T21:41:32.256+0300][18256][24344][info][gc,ergo     ] GC(16) Pacer for Update Refs. Used: 1234M, Free: 10438M, Non-Taxable: 1043M, Alloc Tax Rate: 1.1x
[2025-05-18T21:41:32.256+0300][18256][24344][info][gc          ] GC(16) Pause Init Update Refs 0.101ms
[2025-05-18T21:41:32.256+0300][18256][23868][info][gc,start    ] GC(16) Concurrent update references
[2025-05-18T21:41:32.256+0300][18256][23868][info][gc,task     ] GC(16) Using 2 of 4 workers for concurrent reference update
[2025-05-18T21:41:32.262+0300][18256][23868][info][gc          ] GC(16) Concurrent update references 6.536ms
[2025-05-18T21:41:32.263+0300][18256][23868][info][gc,start    ] GC(16) Concurrent update thread roots
[2025-05-18T21:41:32.283+0300][18256][23868][info][gc          ] GC(16) Concurrent update thread roots 20.050ms
[2025-05-18T21:41:32.283+0300][18256][24344][info][gc,start    ] GC(16) Pause Final Update Refs
[2025-05-18T21:41:32.283+0300][18256][24344][info][gc,task     ] GC(16) Using 4 of 4 workers for final reference update
[2025-05-18T21:41:32.283+0300][18256][24344][info][gc          ] GC(16) Pause Final Update Refs 0.288ms
[2025-05-18T21:41:32.283+0300][18256][23868][info][gc,start    ] GC(16) Concurrent cleanup
[2025-05-18T21:41:32.283+0300][18256][23868][info][gc          ] GC(16) Concurrent cleanup 1278M->166M(12288M) 0.145ms
[2025-05-18T21:41:32.283+0300][18256][23868][info][gc,ergo     ] Free: 11505M, Max: 4096K regular, 8480M humongous, Frag: 27% external, 0% internal; Reserve: 616M, Max: 4096K
[2025-05-18T21:41:32.283+0300][18256][23868][info][gc,stats    ] 
[2025-05-18T21:41:32.283+0300][18256][23868][info][gc,stats    ] All times are wall-clock times, except per-root-class counters, that are sum over
[2025-05-18T21:41:32.283+0300][18256][23868][info][gc,stats    ] all workers. Dividing the <total> over the root stage time estimates parallelism.
[2025-05-18T21:41:32.284+0300][18256][23868][info][gc,stats    ] 
[2025-05-18T21:41:32.284+0300][18256][23868][info][gc,stats    ] Concurrent Reset                   3142 us
[2025-05-18T21:41:32.284+0300][18256][23868][info][gc,stats    ] Pause Init Mark (G)                 409 us
[2025-05-18T21:41:32.284+0300][18256][23868][info][gc,stats    ] Pause Init Mark (N)                 230 us
[2025-05-18T21:41:32.284+0300][18256][23868][info][gc,stats    ]   Update Region States               46 us
[2025-05-18T21:41:32.284+0300][18256][23868][info][gc,stats    ] Concurrent Mark Roots               286 us, parallelism: 0.81x
[2025-05-18T21:41:32.284+0300][18256][23868][info][gc,stats    ]   CMR: <total>                      231 us
[2025-05-18T21:41:32.284+0300][18256][23868][info][gc,stats    ]   CMR: Thread Roots                 132 us, workers (us):  93,  39, ---, ---, 
[2025-05-18T21:41:32.284+0300][18256][23868][info][gc,stats    ]   CMR: VM Strong Roots               11 us, workers (us):   6,   6, ---, ---, 
[2025-05-18T21:41:32.284+0300][18256][23868][info][gc,stats    ]   CMR: CLDG Roots                    88 us, workers (us): ---,  88, ---, ---, 
[2025-05-18T21:41:32.284+0300][18256][23868][info][gc,stats    ] Concurrent Marking                 9177 us
[2025-05-18T21:41:32.284+0300][18256][23868][info][gc,stats    ] Pause Final Mark (G)              17409 us
[2025-05-18T21:41:32.284+0300][18256][23868][info][gc,stats    ] Pause Final Mark (N)                549 us
[2025-05-18T21:41:32.284+0300][18256][23868][info][gc,stats    ]   Finish Mark                        85 us
[2025-05-18T21:41:32.284+0300][18256][23868][info][gc,stats    ]   Update Region States               53 us
[2025-05-18T21:41:32.284+0300][18256][23868][info][gc,stats    ]   Choose Collection Set             141 us
[2025-05-18T21:41:32.284+0300][18256][23868][info][gc,stats    ]   Rebuild Free Set                   43 us
[2025-05-18T21:41:32.284+0300][18256][23868][info][gc,stats    ] Concurrent Thread Roots             319 us, parallelism: 0.88x
[2025-05-18T21:41:32.284+0300][18256][23868][info][gc,stats    ]   CTR: <total>                      279 us
[2025-05-18T21:41:32.284+0300][18256][23868][info][gc,stats    ]   CTR: Thread Roots                 279 us, workers (us): 139, 140, ---, ---, 
[2025-05-18T21:41:32.284+0300][18256][23868][info][gc,stats    ] Concurrent Weak References          411 us, parallelism: 0.53x
[2025-05-18T21:41:32.284+0300][18256][23868][info][gc,stats    ]   CWRF: <total>                     218 us
[2025-05-18T21:41:32.284+0300][18256][23868][info][gc,stats    ]   CWRF: Weak References             218 us, workers (us): 191,  27, ---, ---, 
[2025-05-18T21:41:32.284+0300][18256][23868][info][gc,stats    ] Concurrent Weak Roots             14802 us
[2025-05-18T21:41:32.284+0300][18256][23868][info][gc,stats    ]   Roots                             804 us, parallelism: 1.84x
[2025-05-18T21:41:32.284+0300][18256][23868][info][gc,stats    ]     CWR: <total>                   1479 us
[2025-05-18T21:41:32.284+0300][18256][23868][info][gc,stats    ]     CWR: Code Cache Roots          1122 us, workers (us): 577, 545, ---, ---, 
[2025-05-18T21:41:32.284+0300][18256][23868][info][gc,stats    ]     CWR: VM Weak Roots              345 us, workers (us): 170, 175, ---, ---, 
[2025-05-18T21:41:32.284+0300][18256][23868][info][gc,stats    ]     CWR: CLDG Roots                  11 us, workers (us):  11, ---, ---, ---, 
[2025-05-18T21:41:32.284+0300][18256][23868][info][gc,stats    ]   Rendezvous                      13860 us
[2025-05-18T21:41:32.284+0300][18256][23868][info][gc,stats    ] Concurrent Cleanup                  136 us
[2025-05-18T21:41:32.284+0300][18256][23868][info][gc,stats    ] Concurrent Class Unloading        15477 us
[2025-05-18T21:41:32.284+0300][18256][23868][info][gc,stats    ]   Unlink Stale                     2307 us
[2025-05-18T21:41:32.284+0300][18256][23868][info][gc,stats    ]     System Dictionary                17 us
[2025-05-18T21:41:32.284+0300][18256][23868][info][gc,stats    ]     Weak Class Links                  0 us
[2025-05-18T21:41:32.284+0300][18256][23868][info][gc,stats    ]     Code Roots                     2288 us
[2025-05-18T21:41:32.284+0300][18256][23868][info][gc,stats    ]   Rendezvous                      12853 us
[2025-05-18T21:41:32.284+0300][18256][23868][info][gc,stats    ]   Purge Unlinked                    178 us
[2025-05-18T21:41:32.284+0300][18256][23868][info][gc,stats    ]     Code Roots                      167 us
[2025-05-18T21:41:32.284+0300][18256][23868][info][gc,stats    ]     CLDG                             10 us
[2025-05-18T21:41:32.284+0300][18256][23868][info][gc,stats    ]     Exception Caches                  0 us
[2025-05-18T21:41:32.284+0300][18256][23868][info][gc,stats    ] Concurrent Strong Roots             210 us, parallelism: 0.28x
[2025-05-18T21:41:32.284+0300][18256][23868][info][gc,stats    ]   CSR: <total>                       59 us
[2025-05-18T21:41:32.284+0300][18256][23868][info][gc,stats    ]   CSR: VM Strong Roots                8 us, workers (us):   4,   4, ---, ---, 
[2025-05-18T21:41:32.284+0300][18256][23868][info][gc,stats    ]   CSR: CLDG Roots                    51 us, workers (us): ---,  51, ---, ---, 
[2025-05-18T21:41:32.285+0300][18256][23868][info][gc,stats    ] Concurrent Evacuation              4600 us
[2025-05-18T21:41:32.285+0300][18256][23868][info][gc,stats    ] Pause Init Update Refs (G)          275 us
[2025-05-18T21:41:32.285+0300][18256][23868][info][gc,stats    ] Pause Init Update Refs (N)          126 us
[2025-05-18T21:41:32.285+0300][18256][23868][info][gc,stats    ]   Manage GCLABs                       5 us
[2025-05-18T21:41:32.285+0300][18256][23868][info][gc,stats    ] Concurrent Update Refs             6599 us
[2025-05-18T21:41:32.285+0300][18256][23868][info][gc,stats    ] Concurrent Update Thread Roots    20124 us
[2025-05-18T21:41:32.285+0300][18256][23868][info][gc,stats    ] Pause Final Update Refs (G)         493 us
[2025-05-18T21:41:32.285+0300][18256][23868][info][gc,stats    ] Pause Final Update Refs (N)         335 us
[2025-05-18T21:41:32.285+0300][18256][23868][info][gc,stats    ]   Update Region States               68 us
[2025-05-18T21:41:32.285+0300][18256][23868][info][gc,stats    ]   Trash Collection Set               17 us
[2025-05-18T21:41:32.285+0300][18256][23868][info][gc,stats    ]   Rebuild Free Set                   48 us
[2025-05-18T21:41:32.285+0300][18256][23868][info][gc,stats    ] Concurrent Cleanup                  178 us
[2025-05-18T21:41:32.285+0300][18256][23868][info][gc,stats    ] 
[2025-05-18T21:41:32.285+0300][18256][23868][info][gc,stats    ] Allocation pacing accrued:
[2025-05-18T21:41:32.285+0300][18256][23868][info][gc,stats    ]       0 of  1516 ms (  0.0%): <total>
[2025-05-18T21:41:32.285+0300][18256][23868][info][gc,stats    ]       0 of  1516 ms (  0.0%): <average total>
[2025-05-18T21:41:32.285+0300][18256][23868][info][gc,stats    ] 
[2025-05-18T21:41:32.285+0300][18256][23868][info][gc,metaspace] Metaspace: 8616K(9728K)->8616K(9728K) NonClass: 7765K(8448K)->7765K(8448K) Class: 850K(1280K)->850K(1280K)
[2025-05-18T21:41:32.285+0300][18256][23868][info][gc,ergo     ] Pacer for Idle. Initial: 245M, Alloc Tax Rate: 1.0x
[2025-05-18T21:41:40.305+0300][18256][23868][info][gc          ] Trigger: Free (1221M) is below minimum threshold (1228M)
[2025-05-18T21:41:40.305+0300][18256][23868][info][gc,ergo     ] Free: 1221M, Max: 4096K regular, 1196M humongous, Frag: 0% external, 1% internal; Reserve: 616M, Max: 4096K
[2025-05-18T21:41:40.305+0300][18256][23868][info][gc,start    ] GC(17) Concurrent reset
[2025-05-18T21:41:40.305+0300][18256][23868][info][gc,task     ] GC(17) Using 2 of 4 workers for concurrent reset
[2025-05-18T21:41:40.305+0300][18256][23868][info][gc,ergo     ] GC(17) Pacer for Reset. Non-Taxable: 12288M
[2025-05-18T21:41:40.310+0300][18256][23868][info][gc          ] GC(17) Concurrent reset 5.198ms
[2025-05-18T21:41:40.310+0300][18256][24344][info][gc,start    ] GC(17) Pause Init Mark (unload classes)
[2025-05-18T21:41:40.310+0300][18256][24344][info][gc,task     ] GC(17) Using 4 of 4 workers for init marking
[2025-05-18T21:41:40.310+0300][18256][24344][info][gc,ergo     ] GC(17) Pacer for Mark. Expected Live: 10346K, Free: 1213M, Non-Taxable: 121M, Alloc Tax Rate: 0.0x
[2025-05-18T21:41:40.310+0300][18256][24344][info][gc          ] GC(17) Pause Init Mark (unload classes) 0.134ms
[2025-05-18T21:41:40.310+0300][18256][23868][info][gc,start    ] GC(17) Concurrent marking roots
[2025-05-18T21:41:40.310+0300][18256][23868][info][gc,task     ] GC(17) Using 2 of 4 workers for concurrent marking roots
[2025-05-18T21:41:40.311+0300][18256][23868][info][gc          ] GC(17) Concurrent marking roots 0.329ms
[2025-05-18T21:41:40.311+0300][18256][23868][info][gc,start    ] GC(17) Concurrent marking (unload classes)
[2025-05-18T21:41:40.311+0300][18256][23868][info][gc,task     ] GC(17) Using 2 of 4 workers for concurrent marking
[2025-05-18T21:41:40.317+0300][18256][23868][info][gc          ] GC(17) Concurrent marking (unload classes) 6.480ms
[2025-05-18T21:41:40.317+0300][18256][24344][info][gc,start    ] GC(17) Pause Final Mark (unload classes)
[2025-05-18T21:41:40.317+0300][18256][24344][info][gc,task     ] GC(17) Using 4 of 4 workers for final marking
[2025-05-18T21:41:40.318+0300][18256][24344][info][gc,ergo     ] GC(17) Adaptive CSet Selection. Target Free: 1740M, Actual Free: 10332M, Max CSet: 512M, Min Garbage: 0B
[2025-05-18T21:41:40.318+0300][18256][24344][info][gc,ergo     ] GC(17) Collectable Garbage: 10443M (99%), Immediate: 8544M (81%), CSet: 1899M (18%)
[2025-05-18T21:41:40.318+0300][18256][24344][info][gc,ergo     ] GC(17) Pacer for Evacuation. Used CSet: 1900M, Free: 9741M, Non-Taxable: 974M, Alloc Tax Rate: 1.1x
[2025-05-18T21:41:40.318+0300][18256][24344][info][gc          ] GC(17) Pause Final Mark (unload classes) 0.420ms
[2025-05-18T21:41:40.318+0300][18256][23868][info][gc,start    ] GC(17) Concurrent thread roots
[2025-05-18T21:41:40.318+0300][18256][23868][info][gc,task     ] GC(17) Using 2 of 4 workers for Concurrent thread roots
[2025-05-18T21:41:40.318+0300][18256][23868][info][gc          ] GC(17) Concurrent thread roots 0.176ms
[2025-05-18T21:41:40.318+0300][18256][23868][info][gc,start    ] GC(17) Concurrent weak references
[2025-05-18T21:41:40.318+0300][18256][23868][info][gc,task     ] GC(17) Using 2 of 4 workers for concurrent weak references
[2025-05-18T21:41:40.319+0300][18256][23868][info][gc,ref      ] GC(17) Encountered references: Soft: 152, Weak: 1624, Final: 3, Phantom: 42
[2025-05-18T21:41:40.319+0300][18256][23868][info][gc,ref      ] GC(17) Discovered  references: Soft: 0, Weak: 1138, Final: 1, Phantom: 40
[2025-05-18T21:41:40.319+0300][18256][23868][info][gc,ref      ] GC(17) Enqueued    references: Soft: 0, Weak: 948, Final: 0, Phantom: 0
[2025-05-18T21:41:40.319+0300][18256][23868][info][gc          ] GC(17) Concurrent weak references 0.542ms
[2025-05-18T21:41:40.319+0300][18256][23868][info][gc,start    ] GC(17) Concurrent weak roots
[2025-05-18T21:41:40.319+0300][18256][23868][info][gc,task     ] GC(17) Using 2 of 4 workers for concurrent weak root
[2025-05-18T21:41:40.321+0300][18256][23868][info][gc          ] GC(17) Concurrent weak roots 1.799ms
[2025-05-18T21:41:40.321+0300][18256][23868][info][gc,start    ] GC(17) Concurrent cleanup
[2025-05-18T21:41:40.321+0300][18256][23868][info][gc          ] GC(17) Concurrent cleanup 10491M->1947M(12288M) 0.235ms
[2025-05-18T21:41:40.321+0300][18256][23868][info][gc,ergo     ] GC(17) Free: 9725M, Max: 4096K regular, 1156M humongous, Frag: 89% external, 0% internal; Reserve: 615M, Max: 4096K
[2025-05-18T21:41:40.321+0300][18256][23868][info][gc,start    ] GC(17) Concurrent class unloading
[2025-05-18T21:41:40.321+0300][18256][23868][info][gc,task     ] GC(17) Using 2 of 4 workers for concurrent class unloading
[2025-05-18T21:41:40.324+0300][18256][23868][info][gc          ] GC(17) Concurrent class unloading 3.047ms
[2025-05-18T21:41:40.324+0300][18256][23868][info][gc,start    ] GC(17) Concurrent strong roots
[2025-05-18T21:41:40.324+0300][18256][23868][info][gc,task     ] GC(17) Using 2 of 4 workers for concurrent strong root
[2025-05-18T21:41:40.324+0300][18256][23868][info][gc          ] GC(17) Concurrent strong roots 0.154ms
[2025-05-18T21:41:40.324+0300][18256][23868][info][gc,start    ] GC(17) Concurrent evacuation
[2025-05-18T21:41:40.324+0300][18256][23868][info][gc,task     ] GC(17) Using 2 of 4 workers for concurrent evacuation
[2025-05-18T21:41:40.350+0300][18256][23868][info][gc          ] GC(17) Concurrent evacuation 25.783ms
[2025-05-18T21:41:40.350+0300][18256][24344][info][gc,start    ] GC(17) Pause Init Update Refs
[2025-05-18T21:41:40.350+0300][18256][24344][info][gc,ergo     ] GC(17) Pacer for Update Refs. Used: 1967M, Free: 9705M, Non-Taxable: 970M, Alloc Tax Rate: 1.1x
[2025-05-18T21:41:40.350+0300][18256][24344][info][gc          ] GC(17) Pause Init Update Refs 0.108ms
[2025-05-18T21:41:40.350+0300][18256][23868][info][gc,start    ] GC(17) Concurrent update references
[2025-05-18T21:41:40.350+0300][18256][23868][info][gc,task     ] GC(17) Using 2 of 4 workers for concurrent reference update
[2025-05-18T21:41:40.355+0300][18256][23868][info][gc          ] GC(17) Concurrent update references 5.340ms
[2025-05-18T21:41:40.355+0300][18256][23868][info][gc,start    ] GC(17) Concurrent update thread roots
[2025-05-18T21:41:40.355+0300][18256][23868][info][gc          ] GC(17) Concurrent update thread roots 0.232ms
[2025-05-18T21:41:40.356+0300][18256][24344][info][gc,start    ] GC(17) Pause Final Update Refs
[2025-05-18T21:41:40.356+0300][18256][24344][info][gc,task     ] GC(17) Using 4 of 4 workers for final reference update
[2025-05-18T21:41:40.356+0300][18256][24344][info][gc          ] GC(17) Pause Final Update Refs 0.179ms
[2025-05-18T21:41:40.356+0300][18256][23868][info][gc,start    ] GC(17) Concurrent cleanup
[2025-05-18T21:41:40.356+0300][18256][23868][info][gc          ] GC(17) Concurrent cleanup 1967M->67M(12288M) 0.161ms
[2025-05-18T21:41:40.356+0300][18256][23868][info][gc,ergo     ] Free: 11604M, Max: 4096K regular, 10420M humongous, Frag: 10% external, 0% internal; Reserve: 616M, Max: 4096K
[2025-05-18T21:41:40.356+0300][18256][23868][info][gc,stats    ] 
[2025-05-18T21:41:40.356+0300][18256][23868][info][gc,stats    ] All times are wall-clock times, except per-root-class counters, that are sum over
[2025-05-18T21:41:40.356+0300][18256][23868][info][gc,stats    ] all workers. Dividing the <total> over the root stage time estimates parallelism.
[2025-05-18T21:41:40.356+0300][18256][23868][info][gc,stats    ] 
[2025-05-18T21:41:40.356+0300][18256][23868][info][gc,stats    ] Concurrent Reset                   5300 us
[2025-05-18T21:41:40.356+0300][18256][23868][info][gc,stats    ] Pause Init Mark (G)                 351 us
[2025-05-18T21:41:40.356+0300][18256][23868][info][gc,stats    ] Pause Init Mark (N)                 153 us
[2025-05-18T21:41:40.356+0300][18256][23868][info][gc,stats    ]   Update Region States               28 us
[2025-05-18T21:41:40.356+0300][18256][23868][info][gc,stats    ] Concurrent Mark Roots               373 us, parallelism: 0.92x
[2025-05-18T21:41:40.356+0300][18256][23868][info][gc,stats    ]   CMR: <total>                      344 us
[2025-05-18T21:41:40.356+0300][18256][23868][info][gc,stats    ]   CMR: Thread Roots                 218 us, workers (us): 173,  45, ---, ---, 
[2025-05-18T21:41:40.356+0300][18256][23868][info][gc,stats    ]   CMR: VM Strong Roots               15 us, workers (us):   9,   6, ---, ---, 
[2025-05-18T21:41:40.357+0300][18256][23868][info][gc,stats    ]   CMR: CLDG Roots                   111 us, workers (us): ---, 111, ---, ---, 
[2025-05-18T21:41:40.357+0300][18256][23868][info][gc,stats    ] Concurrent Marking                 6556 us
[2025-05-18T21:41:40.357+0300][18256][23868][info][gc,stats    ] Pause Final Mark (G)                582 us
[2025-05-18T21:41:40.357+0300][18256][23868][info][gc,stats    ] Pause Final Mark (N)                438 us
[2025-05-18T21:41:40.357+0300][18256][23868][info][gc,stats    ]   Finish Mark                        72 us
[2025-05-18T21:41:40.357+0300][18256][23868][info][gc,stats    ]   Update Region States               42 us
[2025-05-18T21:41:40.357+0300][18256][23868][info][gc,stats    ]   Choose Collection Set             142 us
[2025-05-18T21:41:40.357+0300][18256][23868][info][gc,stats    ]   Rebuild Free Set                   35 us
[2025-05-18T21:41:40.357+0300][18256][23868][info][gc,stats    ] Concurrent Thread Roots             207 us, parallelism: 0.62x
[2025-05-18T21:41:40.357+0300][18256][23868][info][gc,stats    ]   CTR: <total>                      128 us
[2025-05-18T21:41:40.357+0300][18256][23868][info][gc,stats    ]   CTR: Thread Roots                 128 us, workers (us):  70,  58, ---, ---, 
[2025-05-18T21:41:40.357+0300][18256][23868][info][gc,stats    ] Concurrent Weak References          571 us, parallelism: 0.63x
[2025-05-18T21:41:40.357+0300][18256][23868][info][gc,stats    ]   CWRF: <total>                     358 us
[2025-05-18T21:41:40.357+0300][18256][23868][info][gc,stats    ]   CWRF: Weak References             358 us, workers (us): 331,  27, ---, ---, 
[2025-05-18T21:41:40.357+0300][18256][23868][info][gc,stats    ] Concurrent Weak Roots              1870 us
[2025-05-18T21:41:40.357+0300][18256][23868][info][gc,stats    ]   Roots                            1608 us, parallelism: 1.88x
[2025-05-18T21:41:40.357+0300][18256][23868][info][gc,stats    ]     CWR: <total>                   3024 us
[2025-05-18T21:41:40.357+0300][18256][23868][info][gc,stats    ]     CWR: Code Cache Roots          2646 us, workers (us): 1346, 1300, ---, ---, 
[2025-05-18T21:41:40.357+0300][18256][23868][info][gc,stats    ]     CWR: VM Weak Roots              367 us, workers (us): 190, 177, ---, ---, 
[2025-05-18T21:41:40.357+0300][18256][23868][info][gc,stats    ]     CWR: CLDG Roots                  11 us, workers (us): ---,  11, ---, ---, 
[2025-05-18T21:41:40.357+0300][18256][23868][info][gc,stats    ]   Rendezvous                        135 us
[2025-05-18T21:41:40.357+0300][18256][23868][info][gc,stats    ] Concurrent Cleanup                  275 us
[2025-05-18T21:41:40.357+0300][18256][23868][info][gc,stats    ] Concurrent Class Unloading         3115 us
[2025-05-18T21:41:40.357+0300][18256][23868][info][gc,stats    ]   Unlink Stale                     2609 us
[2025-05-18T21:41:40.357+0300][18256][23868][info][gc,stats    ]     System Dictionary                16 us
[2025-05-18T21:41:40.357+0300][18256][23868][info][gc,stats    ]     Weak Class Links                  0 us
[2025-05-18T21:41:40.357+0300][18256][23868][info][gc,stats    ]     Code Roots                     2591 us
[2025-05-18T21:41:40.357+0300][18256][23868][info][gc,stats    ]   Rendezvous                        102 us
[2025-05-18T21:41:40.357+0300][18256][23868][info][gc,stats    ]   Purge Unlinked                    268 us
[2025-05-18T21:41:40.357+0300][18256][23868][info][gc,stats    ]     Code Roots                      257 us
[2025-05-18T21:41:40.357+0300][18256][23868][info][gc,stats    ]     CLDG                             10 us
[2025-05-18T21:41:40.357+0300][18256][23868][info][gc,stats    ]     Exception Caches                  0 us
[2025-05-18T21:41:40.357+0300][18256][23868][info][gc,stats    ] Concurrent Strong Roots             195 us, parallelism: 0.28x
[2025-05-18T21:41:40.357+0300][18256][23868][info][gc,stats    ]   CSR: <total>                       54 us
[2025-05-18T21:41:40.357+0300][18256][23868][info][gc,stats    ]   CSR: VM Strong Roots                8 us, workers (us):   4,   4, ---, ---, 
[2025-05-18T21:41:40.357+0300][18256][23868][info][gc,stats    ]   CSR: CLDG Roots                    46 us, workers (us):  46, ---, ---, ---, 
[2025-05-18T21:41:40.357+0300][18256][23868][info][gc,stats    ] Concurrent Evacuation             25857 us
[2025-05-18T21:41:40.358+0300][18256][23868][info][gc,stats    ] Pause Init Update Refs (G)          266 us
[2025-05-18T21:41:40.358+0300][18256][23868][info][gc,stats    ] Pause Init Update Refs (N)          133 us
[2025-05-18T21:41:40.358+0300][18256][23868][info][gc,stats    ]   Manage GCLABs                       7 us
[2025-05-18T21:41:40.358+0300][18256][23868][info][gc,stats    ] Concurrent Update Refs             5416 us
[2025-05-18T21:41:40.358+0300][18256][23868][info][gc,stats    ] Concurrent Update Thread Roots      294 us
[2025-05-18T21:41:40.358+0300][18256][23868][info][gc,stats    ] Pause Final Update Refs (G)         309 us
[2025-05-18T21:41:40.358+0300][18256][23868][info][gc,stats    ] Pause Final Update Refs (N)         202 us
[2025-05-18T21:41:40.358+0300][18256][23868][info][gc,stats    ]   Update Region States               45 us
[2025-05-18T21:41:40.358+0300][18256][23868][info][gc,stats    ]   Trash Collection Set               16 us
[2025-05-18T21:41:40.358+0300][18256][23868][info][gc,stats    ]   Rebuild Free Set                   34 us
[2025-05-18T21:41:40.358+0300][18256][23868][info][gc,stats    ] Concurrent Cleanup                  200 us
[2025-05-18T21:41:40.358+0300][18256][23868][info][gc,stats    ] 
[2025-05-18T21:41:40.358+0300][18256][23868][info][gc,stats    ] Allocation pacing accrued:
[2025-05-18T21:41:40.358+0300][18256][23868][info][gc,stats    ]       0 of  8074 ms (  0.0%): <total>
[2025-05-18T21:41:40.358+0300][18256][23868][info][gc,stats    ]       0 of  8074 ms (  0.0%): <average total>
[2025-05-18T21:41:40.358+0300][18256][23868][info][gc,stats    ] 
[2025-05-18T21:41:40.358+0300][18256][23868][info][gc,metaspace] Metaspace: 8616K(9728K)->8616K(9728K) NonClass: 7765K(8448K)->7765K(8448K) Class: 850K(1280K)->850K(1280K)
[2025-05-18T21:41:40.358+0300][18256][23868][info][gc,ergo     ] Pacer for Idle. Initial: 245M, Alloc Tax Rate: 1.0x
[2025-05-18T21:41:40.918+0300][18256][8404 ][info][gc          ] Cancelling GC: Stopping VM
[2025-05-18T21:41:40.931+0300][18256][8404 ][info][gc,heap,exit] Heap
[2025-05-18T21:41:40.931+0300][18256][8404 ][info][gc,heap,exit] Shenandoah Heap
[2025-05-18T21:41:40.931+0300][18256][8404 ][info][gc,heap,exit]  12288M max, 12288M soft max, 12288M committed, 398M used
[2025-05-18T21:41:40.931+0300][18256][8404 ][info][gc,heap,exit]  3072 x 4096K regions
[2025-05-18T21:41:40.931+0300][18256][8404 ][info][gc,heap,exit] Status: cancelled
[2025-05-18T21:41:40.931+0300][18256][8404 ][info][gc,heap,exit] Reserved region:
[2025-05-18T21:41:40.931+0300][18256][8404 ][info][gc,heap,exit]  - [0x0000000500000000, 0x0000000800000000) 
[2025-05-18T21:41:40.931+0300][18256][8404 ][info][gc,heap,exit] Collection set:
[2025-05-18T21:41:40.931+0300][18256][8404 ][info][gc,heap,exit]  - map (vanilla): 0x0000000000011400
[2025-05-18T21:41:40.931+0300][18256][8404 ][info][gc,heap,exit]  - map (biased):  0x0000000000010000
[2025-05-18T21:41:40.931+0300][18256][8404 ][info][gc,heap,exit] 
[2025-05-18T21:41:40.931+0300][18256][8404 ][info][gc,heap,exit]  Metaspace       used 8660K, committed 9728K, reserved 1114112K
[2025-05-18T21:41:40.931+0300][18256][8404 ][info][gc,heap,exit]   class space    used 856K, committed 1280K, reserved 1048576K
[2025-05-18T21:41:40.932+0300][18256][8404 ][info][gc,stats    ] 
[2025-05-18T21:41:40.932+0300][18256][8404 ][info][gc,stats    ] GC STATISTICS:
[2025-05-18T21:41:40.932+0300][18256][8404 ][info][gc,stats    ]   "(G)" (gross) pauses include VM time: time to notify and block threads, do the pre-
[2025-05-18T21:41:40.932+0300][18256][8404 ][info][gc,stats    ]         and post-safepoint housekeeping. Use -Xlog:safepoint+stats to dissect.
[2025-05-18T21:41:40.932+0300][18256][8404 ][info][gc,stats    ]   "(N)" (net) pauses are the times spent in the actual GC code.
[2025-05-18T21:41:40.932+0300][18256][8404 ][info][gc,stats    ]   "a" is average time for each phase, look at levels to see if average makes sense.
[2025-05-18T21:41:40.932+0300][18256][8404 ][info][gc,stats    ]   "lvls" are quantiles: 0% (minimum), 25%, 50% (median), 75%, 100% (maximum).
[2025-05-18T21:41:40.932+0300][18256][8404 ][info][gc,stats    ] 
[2025-05-18T21:41:40.932+0300][18256][8404 ][info][gc,stats    ]   All times are wall-clock times, except per-root-class counters, that are sum over
[2025-05-18T21:41:40.932+0300][18256][8404 ][info][gc,stats    ]   all workers. Dividing the <total> over the root stage time estimates parallelism.
[2025-05-18T21:41:40.932+0300][18256][8404 ][info][gc,stats    ] 
[2025-05-18T21:41:40.932+0300][18256][8404 ][info][gc,stats    ]   Pacing delays are measured from entering the pacing code till exiting it. Therefore,
[2025-05-18T21:41:40.932+0300][18256][8404 ][info][gc,stats    ]   observed pacing delays may be higher than the threshold when paced thread spent more
[2025-05-18T21:41:40.932+0300][18256][8404 ][info][gc,stats    ]   time in the pacing code. It usually happens when thread is de-scheduled while paced,
[2025-05-18T21:41:40.932+0300][18256][8404 ][info][gc,stats    ]   OS takes longer to unblock the thread, or JVM experiences an STW pause.
[2025-05-18T21:41:40.932+0300][18256][8404 ][info][gc,stats    ] 
[2025-05-18T21:41:40.932+0300][18256][8404 ][info][gc,stats    ]   Higher delay would prevent application outpacing the GC, but it will hide the GC latencies
[2025-05-18T21:41:40.932+0300][18256][8404 ][info][gc,stats    ]   from the STW pause times. Pacing affects the individual threads, and so it would also be
[2025-05-18T21:41:40.932+0300][18256][8404 ][info][gc,stats    ]   invisible to the usual profiling tools, but would add up to end-to-end application latency.
[2025-05-18T21:41:40.932+0300][18256][8404 ][info][gc,stats    ]   Raise max pacing delay with care.
[2025-05-18T21:41:40.932+0300][18256][8404 ][info][gc,stats    ] 
[2025-05-18T21:41:40.932+0300][18256][8404 ][info][gc,stats    ] Concurrent Reset               =    0.206 s (a =    11464 us) (n =    18) (lvls, us =      312,      773,     3125,     3672,   154038)
[2025-05-18T21:41:40.932+0300][18256][8404 ][info][gc,stats    ] Pause Init Mark (G)            =    0.076 s (a =     4200 us) (n =    18) (lvls, us =      199,      270,      383,      670,    45504)
[2025-05-18T21:41:40.932+0300][18256][8404 ][info][gc,stats    ] Pause Init Mark (N)            =    0.004 s (a =      214 us) (n =    18) (lvls, us =      111,      131,      180,      209,      701)
[2025-05-18T21:41:40.932+0300][18256][8404 ][info][gc,stats    ]   Update Region States         =    0.001 s (a =       33 us) (n =    18) (lvls, us =       15,       20,       30,       40,       56)
[2025-05-18T21:41:40.932+0300][18256][8404 ][info][gc,stats    ] Concurrent Mark Roots          =    0.025 s (a =     1392 us) (n =    18) (lvls, us =      199,      258,      324,      461,    16809)
[2025-05-18T21:41:40.932+0300][18256][8404 ][info][gc,stats    ]   CMR: <total>                 =    0.024 s (a =     1357 us) (n =    18) (lvls, us =      164,      197,      254,      477,    16798)
[2025-05-18T21:41:40.932+0300][18256][8404 ][info][gc,stats    ]   CMR: Thread Roots            =    0.022 s (a =     1208 us) (n =    18) (lvls, us =       69,      105,      148,      359,    16678)
[2025-05-18T21:41:40.932+0300][18256][8404 ][info][gc,stats    ]   CMR: VM Strong Roots         =    0.001 s (a =       56 us) (n =    18) (lvls, us =        9,       11,       16,       20,      695)
[2025-05-18T21:41:40.932+0300][18256][8404 ][info][gc,stats    ]   CMR: CLDG Roots              =    0.002 s (a =       92 us) (n =    18) (lvls, us =       60,       79,       88,       93,      171)
[2025-05-18T21:41:40.932+0300][18256][8404 ][info][gc,stats    ] Concurrent Marking             =    0.484 s (a =    26904 us) (n =    18) (lvls, us =     2344,     6094,    11523,    16016,   174189)
[2025-05-18T21:41:40.932+0300][18256][8404 ][info][gc,stats    ] Pause Final Mark (G)           =    0.090 s (a =     5002 us) (n =    18) (lvls, us =      336,      389,      584,      941,    17409)
[2025-05-18T21:41:40.932+0300][18256][8404 ][info][gc,stats    ] Pause Final Mark (N)           =    0.008 s (a =      464 us) (n =    18) (lvls, us =      252,      326,      402,      443,     1463)
[2025-05-18T21:41:40.933+0300][18256][8404 ][info][gc,stats    ]   Finish Mark                  =    0.002 s (a =      121 us) (n =    18) (lvls, us =       31,       53,       64,       81,      936)
[2025-05-18T21:41:40.933+0300][18256][8404 ][info][gc,stats    ]   Update Region States         =    0.001 s (a =       44 us) (n =    18) (lvls, us =       19,       34,       43,       50,       60)
[2025-05-18T21:41:40.933+0300][18256][8404 ][info][gc,stats    ]   Choose Collection Set        =    0.002 s (a =      122 us) (n =    18) (lvls, us =       32,       82,      123,      141,      250)
[2025-05-18T21:41:40.933+0300][18256][8404 ][info][gc,stats    ]   Rebuild Free Set             =    0.001 s (a =       34 us) (n =    18) (lvls, us =       11,       25,       35,       40,       54)
[2025-05-18T21:41:40.933+0300][18256][8404 ][info][gc,stats    ] Concurrent Thread Roots        =    0.005 s (a =      319 us) (n =    16) (lvls, us =      197,      209,      266,      367,      672)
[2025-05-18T21:41:40.933+0300][18256][8404 ][info][gc,stats    ]   CTR: <total>                 =    0.005 s (a =      299 us) (n =    16) (lvls, us =       73,      133,      242,      359,      754)
[2025-05-18T21:41:40.933+0300][18256][8404 ][info][gc,stats    ]   CTR: Thread Roots            =    0.005 s (a =      299 us) (n =    16) (lvls, us =       73,      133,      242,      359,      754)
[2025-05-18T21:41:40.933+0300][18256][8404 ][info][gc,stats    ] Concurrent Weak References     =    0.008 s (a =      450 us) (n =    18) (lvls, us =      238,      289,      416,      434,     1255)
[2025-05-18T21:41:40.933+0300][18256][8404 ][info][gc,stats    ]   CWRF: <total>                =    0.005 s (a =      283 us) (n =    18) (lvls, us =       35,      191,      264,      287,      997)
[2025-05-18T21:41:40.933+0300][18256][8404 ][info][gc,stats    ]   CWRF: Weak References        =    0.005 s (a =      283 us) (n =    18) (lvls, us =       35,      191,      264,      287,      997)
[2025-05-18T21:41:40.933+0300][18256][8404 ][info][gc,stats    ] Concurrent Weak Roots          =    0.196 s (a =    10877 us) (n =    18) (lvls, us =      439,     1660,    12500,    14648,    30349)
[2025-05-18T21:41:40.933+0300][18256][8404 ][info][gc,stats    ]   Roots                        =    0.040 s (a =     2207 us) (n =    18) (lvls, us =      268,      752,      988,     1309,    20589)
[2025-05-18T21:41:40.933+0300][18256][8404 ][info][gc,stats    ]     CWR: <total>               =    0.075 s (a =     4180 us) (n =    18) (lvls, us =      424,     1367,     1719,     2480,    39627)
[2025-05-18T21:41:40.933+0300][18256][8404 ][info][gc,stats    ]     CWR: Code Cache Roots      =    0.063 s (a =     3485 us) (n =    18) (lvls, us =      189,      984,     1191,     2051,    38231)
[2025-05-18T21:41:40.933+0300][18256][8404 ][info][gc,stats    ]     CWR: VM Weak Roots         =    0.012 s (a =      684 us) (n =    18) (lvls, us =      135,      295,      387,      516,     4273)
[2025-05-18T21:41:40.933+0300][18256][8404 ][info][gc,stats    ]     CWR: CLDG Roots            =    0.000 s (a =       11 us) (n =    18) (lvls, us =        1,        8,       10,       11,       29)
[2025-05-18T21:41:40.933+0300][18256][8404 ][info][gc,stats    ]   Rendezvous                   =    0.153 s (a =     8513 us) (n =    18) (lvls, us =       58,      135,     3477,    12891,    29211)
[2025-05-18T21:41:40.933+0300][18256][8404 ][info][gc,stats    ] Concurrent Cleanup             =    0.003 s (a =      143 us) (n =    18) (lvls, us =       32,      107,      133,      148,      275)
[2025-05-18T21:41:40.933+0300][18256][8404 ][info][gc,stats    ] Concurrent Class Unloading     =    0.236 s (a =    13099 us) (n =    18) (lvls, us =     1309,     2812,    10352,    16016,    31883)
[2025-05-18T21:41:40.933+0300][18256][8404 ][info][gc,stats    ]   Unlink Stale                 =    0.061 s (a =     3378 us) (n =    18) (lvls, us =     1035,     1953,     2305,     2598,    13192)
[2025-05-18T21:41:40.933+0300][18256][8404 ][info][gc,stats    ]     System Dictionary          =    0.002 s (a =      100 us) (n =    18) (lvls, us =        6,       14,       16,       21,     1031)
[2025-05-18T21:41:40.933+0300][18256][8404 ][info][gc,stats    ]     Weak Class Links           =    0.009 s (a =      495 us) (n =    18) (lvls, us =        0,        0,        0,        0,     5791)
[2025-05-18T21:41:40.933+0300][18256][8404 ][info][gc,stats    ]     Code Roots                 =    0.050 s (a =     2781 us) (n =    18) (lvls, us =      488,     1953,     2266,     2422,    13164)
[2025-05-18T21:41:40.933+0300][18256][8404 ][info][gc,stats    ]   Rendezvous                   =    0.164 s (a =     9116 us) (n =    18) (lvls, us =       31,      105,     6680,    11914,    29003)
[2025-05-18T21:41:40.933+0300][18256][8404 ][info][gc,stats    ]   Purge Unlinked               =    0.007 s (a =      386 us) (n =    18) (lvls, us =       16,       99,      199,      268,     1987)
[2025-05-18T21:41:40.933+0300][18256][8404 ][info][gc,stats    ]     Code Roots                 =    0.006 s (a =      316 us) (n =    18) (lvls, us =        6,       87,      186,      256,     1552)
[2025-05-18T21:41:40.933+0300][18256][8404 ][info][gc,stats    ]     CLDG                       =    0.001 s (a =       69 us) (n =    18) (lvls, us =        8,       10,       12,       15,      613)
[2025-05-18T21:41:40.933+0300][18256][8404 ][info][gc,stats    ]     Exception Caches           =    0.000 s (a =        0 us) (n =    18) (lvls, us =        0,        0,        0,        0,        0)
[2025-05-18T21:41:40.933+0300][18256][8404 ][info][gc,stats    ] Concurrent Strong Roots        =    0.004 s (a =      232 us) (n =    16) (lvls, us =      143,      186,      205,      258,      468)
[2025-05-18T21:41:40.933+0300][18256][8404 ][info][gc,stats    ]   CSR: <total>                 =    0.002 s (a =       97 us) (n =    16) (lvls, us =       42,       54,       64,       84,      357)
[2025-05-18T21:41:40.933+0300][18256][8404 ][info][gc,stats    ]   CSR: VM Strong Roots         =    0.000 s (a =       10 us) (n =    16) (lvls, us =        6,        8,        9,       11,       17)
[2025-05-18T21:41:40.933+0300][18256][8404 ][info][gc,stats    ]   CSR: CLDG Roots              =    0.001 s (a =       87 us) (n =    16) (lvls, us =       36,       46,       53,       72,      343)
[2025-05-18T21:41:40.933+0300][18256][8404 ][info][gc,stats    ] Concurrent Evacuation          =    0.601 s (a =    37535 us) (n =    16) (lvls, us =     1484,     5645,     7285,    11328,   441527)
[2025-05-18T21:41:40.933+0300][18256][8404 ][info][gc,stats    ] Pause Final Roots (G)          =    0.000 s (a =      137 us) (n =     2) (lvls, us =      129,      129,      129,      129,      145)
[2025-05-18T21:41:40.933+0300][18256][8404 ][info][gc,stats    ] Pause Final Roots (N)          =    0.000 s (a =       64 us) (n =     2) (lvls, us =       47,       47,       47,       47,       80)
[2025-05-18T21:41:40.933+0300][18256][8404 ][info][gc,stats    ] Pause Init Update Refs (G)     =    0.040 s (a =     2486 us) (n =    16) (lvls, us =      160,      250,      293,     1094,    14329)
[2025-05-18T21:41:40.933+0300][18256][8404 ][info][gc,stats    ] Pause Init Update Refs (N)     =    0.002 s (a =      132 us) (n =    16) (lvls, us =       67,       94,      121,      154,      232)
[2025-05-18T21:41:40.933+0300][18256][8404 ][info][gc,stats    ]   Manage GCLABs                =    0.000 s (a =        7 us) (n =    16) (lvls, us =        1,        5,        7,        9,       10)
[2025-05-18T21:41:40.933+0300][18256][8404 ][info][gc,stats    ] Concurrent Update Refs         =    0.162 s (a =    10122 us) (n =    16) (lvls, us =     1953,     5938,     7969,     9844,    37853)
[2025-05-18T21:41:40.933+0300][18256][8404 ][info][gc,stats    ] Concurrent Update Thread Roots =    0.168 s (a =    10513 us) (n =    16) (lvls, us =      137,      293,    11719,    16797,    23056)
[2025-05-18T21:41:40.933+0300][18256][8404 ][info][gc,stats    ] Pause Final Update Refs (G)    =    0.052 s (a =     3236 us) (n =    16) (lvls, us =      131,      281,      369,      559,    16342)
[2025-05-18T21:41:40.934+0300][18256][8404 ][info][gc,stats    ] Pause Final Update Refs (N)    =    0.004 s (a =      223 us) (n =    16) (lvls, us =       73,      176,      213,      260,      335)
[2025-05-18T21:41:40.934+0300][18256][8404 ][info][gc,stats    ]   Update Region States         =    0.001 s (a =       55 us) (n =    16) (lvls, us =       20,       45,       52,       63,       95)
[2025-05-18T21:41:40.934+0300][18256][8404 ][info][gc,stats    ]   Trash Collection Set         =    0.000 s (a =       16 us) (n =    16) (lvls, us =        2,        8,       12,       15,       81)
[2025-05-18T21:41:40.934+0300][18256][8404 ][info][gc,stats    ]   Rebuild Free Set             =    0.001 s (a =       34 us) (n =    16) (lvls, us =       11,       22,       34,       41,       48)
[2025-05-18T21:41:40.934+0300][18256][8404 ][info][gc,stats    ] Concurrent Cleanup             =    0.003 s (a =      193 us) (n =    16) (lvls, us =       77,      100,      158,      178,      880)
[2025-05-18T21:41:40.934+0300][18256][8404 ][info][gc,stats    ] 
[2025-05-18T21:41:40.934+0300][18256][8404 ][info][gc,stats    ] 
[2025-05-18T21:41:40.934+0300][18256][8404 ][info][gc,stats    ] Under allocation pressure, concurrent cycles may cancel, and either continue cycle
[2025-05-18T21:41:40.934+0300][18256][8404 ][info][gc,stats    ] under stop-the-world pause or result in stop-the-world Full GC. Increase heap size,
[2025-05-18T21:41:40.934+0300][18256][8404 ][info][gc,stats    ] tune GC heuristics, set more aggressive pacing delay, or lower allocation rate
[2025-05-18T21:41:40.934+0300][18256][8404 ][info][gc,stats    ] to avoid Degenerated and Full GC cycles.
[2025-05-18T21:41:40.934+0300][18256][8404 ][info][gc,stats    ] 
[2025-05-18T21:41:40.934+0300][18256][8404 ][info][gc,stats    ]    18 successful concurrent GCs
[2025-05-18T21:41:40.934+0300][18256][8404 ][info][gc,stats    ]       3 invoked explicitly
[2025-05-18T21:41:40.934+0300][18256][8404 ][info][gc,stats    ]       0 invoked implicitly
[2025-05-18T21:41:40.934+0300][18256][8404 ][info][gc,stats    ] 
[2025-05-18T21:41:40.934+0300][18256][8404 ][info][gc,stats    ]     0 Degenerated GCs
[2025-05-18T21:41:40.934+0300][18256][8404 ][info][gc,stats    ]       0 caused by allocation failure
[2025-05-18T21:41:40.934+0300][18256][8404 ][info][gc,stats    ]       0 upgraded to Full GC
[2025-05-18T21:41:40.934+0300][18256][8404 ][info][gc,stats    ] 
[2025-05-18T21:41:40.934+0300][18256][8404 ][info][gc,stats    ]     0 Full GCs
[2025-05-18T21:41:40.934+0300][18256][8404 ][info][gc,stats    ]       0 invoked explicitly
[2025-05-18T21:41:40.934+0300][18256][8404 ][info][gc,stats    ]       0 invoked implicitly
[2025-05-18T21:41:40.934+0300][18256][8404 ][info][gc,stats    ]       0 caused by allocation failure
[2025-05-18T21:41:40.934+0300][18256][8404 ][info][gc,stats    ]       0 upgraded from Degenerated GC
[2025-05-18T21:41:40.934+0300][18256][8404 ][info][gc,stats    ] 
[2025-05-18T21:41:40.934+0300][18256][8404 ][info][gc,stats    ] 
