[2025-05-18T21:40:06.361+0300][4388][8156][info][gc] Min heap equals to max heap, disabling ShenandoahUncommit
[2025-05-18T21:40:06.366+0300][4388][8156][info][gc] Heuristics ergonomically sets -XX:+ExplicitGCInvokesConcurrent
[2025-05-18T21:40:06.366+0300][4388][8156][info][gc] Heuristics ergonomically sets -XX:+ShenandoahImplicitGCInvokesConcurrent
[2025-05-18T21:40:06.366+0300][4388][8156][info][gc] Using Shenandoah
[2025-05-18T21:40:06.384+0300][4388][8156][info][gc,ergo] Pacer for Idle. Initial: 245M, Alloc Tax Rate: 1.0x
[2025-05-18T21:40:06.385+0300][4388][8156][info][gc,init] Version: 21.0.7+6-LTS (release)
[2025-05-18T21:40:06.385+0300][4388][8156][info][gc,init] CPUs: 8 total, 8 available
[2025-05-18T21:40:06.385+0300][4388][8156][info][gc,init] Memory: 16183M
[2025-05-18T21:40:06.385+0300][4388][8156][info][gc,init] Large Page Support: Disabled
[2025-05-18T21:40:06.385+0300][4388][8156][info][gc,init] NUMA Support: Disabled
[2025-05-18T21:40:06.385+0300][4388][8156][info][gc,init] Compressed Oops: Enabled (Zero based)
[2025-05-18T21:40:06.385+0300][4388][8156][info][gc,init] Heap Min Capacity: 12G
[2025-05-18T21:40:06.385+0300][4388][8156][info][gc,init] Heap Initial Capacity: 12G
[2025-05-18T21:40:06.385+0300][4388][8156][info][gc,init] Heap Max Capacity: 12G
[2025-05-18T21:40:06.385+0300][4388][8156][info][gc,init] Pre-touch: Disabled
[2025-05-18T21:40:06.385+0300][4388][8156][info][gc,init] Mode: Snapshot-At-The-Beginning (SATB)
[2025-05-18T21:40:06.385+0300][4388][8156][info][gc,init] Heuristics: Adaptive
[2025-05-18T21:40:06.385+0300][4388][8156][info][gc,init] Heap Region Count: 3072
[2025-05-18T21:40:06.385+0300][4388][8156][info][gc,init] Heap Region Size: 4M
[2025-05-18T21:40:06.385+0300][4388][8156][info][gc,init] TLAB Size Max: 4M
[2025-05-18T21:40:06.385+0300][4388][8156][info][gc,init] Humongous Object Threshold: 4M
[2025-05-18T21:40:06.385+0300][4388][8156][info][gc,init] Parallel Workers: 4
[2025-05-18T21:40:06.385+0300][4388][8156][info][gc,init] Concurrent Workers: 2
[2025-05-18T21:40:06.393+0300][4388][8156][info][gc,metaspace] CDS archive(s) mapped at: [0x00000241df000000-0x00000241dfc80000-0x00000241dfc80000), size 13107200, SharedBaseAddress: 0x00000241df000000, ArchiveRelocationMode: 1.
[2025-05-18T21:40:06.393+0300][4388][8156][info][gc,metaspace] Compressed class space mapped at: 0x00000241e0000000-0x0000024220000000, reserved size: 1073741824
[2025-05-18T21:40:06.393+0300][4388][8156][info][gc,metaspace] Narrow klass base: 0x00000241df000000, Narrow klass shift: 0, Narrow klass range: 0x100000000
[2025-05-18T21:40:06.723+0300][4388][13436][info][gc          ] Trigger: Explicit GC request (System.gc())
[2025-05-18T21:40:06.723+0300][4388][13436][info][gc,ergo     ] Free: 11608M, Max: 4096K regular, 11608M humongous, Frag: 0% external, 0% internal; Reserve: 616M, Max: 4096K
[2025-05-18T21:40:06.723+0300][4388][13436][info][gc,start    ] GC(0) Concurrent reset
[2025-05-18T21:40:06.723+0300][4388][13436][info][gc,task     ] GC(0) Using 2 of 4 workers for concurrent reset
[2025-05-18T21:40:06.723+0300][4388][13436][info][gc,ergo     ] GC(0) Pacer for Reset. Non-Taxable: 12288M
[2025-05-18T21:40:06.724+0300][4388][13436][info][gc          ] GC(0) Concurrent reset 0.586ms
[2025-05-18T21:40:06.724+0300][4388][22360][info][gc,start    ] GC(0) Pause Init Mark (unload classes)
[2025-05-18T21:40:06.724+0300][4388][22360][info][gc,task     ] GC(0) Using 4 of 4 workers for init marking
[2025-05-18T21:40:06.724+0300][4388][22360][info][gc,ref      ] GC(0) Clearing All SoftReferences
[2025-05-18T21:40:06.724+0300][4388][22360][info][gc,ergo     ] GC(0) Pacer for Mark. Expected Live: 1228M, Free: 11608M, Non-Taxable: 1160M, Alloc Tax Rate: 0.1x
[2025-05-18T21:40:06.724+0300][4388][22360][info][gc          ] GC(0) Pause Init Mark (unload classes) 0.155ms
[2025-05-18T21:40:06.724+0300][4388][13436][info][gc,start    ] GC(0) Concurrent marking roots
[2025-05-18T21:40:06.724+0300][4388][13436][info][gc,task     ] GC(0) Using 2 of 4 workers for concurrent marking roots
[2025-05-18T21:40:06.725+0300][4388][13436][info][gc          ] GC(0) Concurrent marking roots 0.773ms
[2025-05-18T21:40:06.725+0300][4388][13436][info][gc,start    ] GC(0) Concurrent marking (unload classes)
[2025-05-18T21:40:06.725+0300][4388][13436][info][gc,task     ] GC(0) Using 2 of 4 workers for concurrent marking
[2025-05-18T21:40:06.727+0300][4388][13436][info][gc          ] GC(0) Concurrent marking (unload classes) 1.752ms
[2025-05-18T21:40:06.727+0300][4388][22360][info][gc,start    ] GC(0) Pause Final Mark (unload classes)
[2025-05-18T21:40:06.727+0300][4388][22360][info][gc,task     ] GC(0) Using 4 of 4 workers for final marking
[2025-05-18T21:40:06.727+0300][4388][22360][info][gc,ergo     ] GC(0) Adaptive CSet Selection. Target Free: 1740M, Actual Free: 12224M, Max CSet: 512M, Min Garbage: 0B
[2025-05-18T21:40:06.727+0300][4388][22360][info][gc,ergo     ] GC(0) Collectable Garbage: 63141K (100%), Immediate: 0B (0%), CSet: 63141K (100%)
[2025-05-18T21:40:06.727+0300][4388][22360][info][gc,ergo     ] GC(0) Pacer for Evacuation. Used CSet: 65536K, Free: 11608M, Non-Taxable: 1160M, Alloc Tax Rate: 1.1x
[2025-05-18T21:40:06.727+0300][4388][22360][info][gc          ] GC(0) Pause Final Mark (unload classes) 0.334ms
[2025-05-18T21:40:06.727+0300][4388][13436][info][gc,start    ] GC(0) Concurrent thread roots
[2025-05-18T21:40:06.727+0300][4388][13436][info][gc,task     ] GC(0) Using 2 of 4 workers for Concurrent thread roots
[2025-05-18T21:40:06.727+0300][4388][13436][info][gc          ] GC(0) Concurrent thread roots 0.173ms
[2025-05-18T21:40:06.727+0300][4388][13436][info][gc,start    ] GC(0) Concurrent weak references
[2025-05-18T21:40:06.727+0300][4388][13436][info][gc,task     ] GC(0) Using 2 of 4 workers for concurrent weak references
[2025-05-18T21:40:06.727+0300][4388][13436][info][gc,ref      ] GC(0) Encountered references: Soft: 79, Weak: 319, Final: 3, Phantom: 52
[2025-05-18T21:40:06.727+0300][4388][13436][info][gc,ref      ] GC(0) Discovered  references: Soft: 62, Weak: 226, Final: 3, Phantom: 48
[2025-05-18T21:40:06.727+0300][4388][13436][info][gc,ref      ] GC(0) Enqueued    references: Soft: 30, Weak: 81, Final: 0, Phantom: 34
[2025-05-18T21:40:06.727+0300][4388][13436][info][gc          ] GC(0) Concurrent weak references 0.212ms
[2025-05-18T21:40:06.727+0300][4388][13436][info][gc,start    ] GC(0) Concurrent weak roots
[2025-05-18T21:40:06.727+0300][4388][13436][info][gc,task     ] GC(0) Using 2 of 4 workers for concurrent weak root
[2025-05-18T21:40:06.728+0300][4388][13436][info][gc          ] GC(0) Concurrent weak roots 0.508ms
[2025-05-18T21:40:06.728+0300][4388][13436][info][gc,start    ] GC(0) Concurrent cleanup
[2025-05-18T21:40:06.728+0300][4388][13436][info][gc          ] GC(0) Concurrent cleanup 68M->68M(12288M) 0.022ms
[2025-05-18T21:40:06.728+0300][4388][13436][info][gc,ergo     ] GC(0) Free: 11604M, Max: 4096K regular, 11604M humongous, Frag: 0% external, 0% internal; Reserve: 615M, Max: 4096K
[2025-05-18T21:40:06.728+0300][4388][13436][info][gc,start    ] GC(0) Concurrent class unloading
[2025-05-18T21:40:06.728+0300][4388][13436][info][gc,task     ] GC(0) Using 2 of 4 workers for concurrent class unloading
[2025-05-18T21:40:06.730+0300][4388][13436][info][gc          ] GC(0) Concurrent class unloading 1.441ms
[2025-05-18T21:40:06.730+0300][4388][13436][info][gc,start    ] GC(0) Concurrent strong roots
[2025-05-18T21:40:06.730+0300][4388][13436][info][gc,task     ] GC(0) Using 2 of 4 workers for concurrent strong root
[2025-05-18T21:40:06.730+0300][4388][13436][info][gc          ] GC(0) Concurrent strong roots 0.250ms
[2025-05-18T21:40:06.730+0300][4388][13436][info][gc,start    ] GC(0) Concurrent evacuation
[2025-05-18T21:40:06.730+0300][4388][13436][info][gc,task     ] GC(0) Using 2 of 4 workers for concurrent evacuation
[2025-05-18T21:40:06.731+0300][4388][13436][info][gc          ] GC(0) Concurrent evacuation 1.319ms
[2025-05-18T21:40:06.731+0300][4388][22360][info][gc,start    ] GC(0) Pause Init Update Refs
[2025-05-18T21:40:06.731+0300][4388][22360][info][gc,ergo     ] GC(0) Pacer for Update Refs. Used: 72770K, Free: 11604M, Non-Taxable: 1160M, Alloc Tax Rate: 1.1x
[2025-05-18T21:40:06.731+0300][4388][22360][info][gc          ] GC(0) Pause Init Update Refs 0.084ms
[2025-05-18T21:40:06.731+0300][4388][13436][info][gc,start    ] GC(0) Concurrent update references
[2025-05-18T21:40:06.731+0300][4388][13436][info][gc,task     ] GC(0) Using 2 of 4 workers for concurrent reference update
[2025-05-18T21:40:06.733+0300][4388][13436][info][gc          ] GC(0) Concurrent update references 1.429ms
[2025-05-18T21:40:06.733+0300][4388][13436][info][gc,start    ] GC(0) Concurrent update thread roots
[2025-05-18T21:40:06.733+0300][4388][13436][info][gc          ] GC(0) Concurrent update thread roots 0.119ms
[2025-05-18T21:40:06.733+0300][4388][22360][info][gc,start    ] GC(0) Pause Final Update Refs
[2025-05-18T21:40:06.733+0300][4388][22360][info][gc,task     ] GC(0) Using 4 of 4 workers for final reference update
[2025-05-18T21:40:06.733+0300][4388][22360][info][gc          ] GC(0) Pause Final Update Refs 0.070ms
[2025-05-18T21:40:06.733+0300][4388][13436][info][gc,start    ] GC(0) Concurrent cleanup
[2025-05-18T21:40:06.733+0300][4388][13436][info][gc          ] GC(0) Concurrent cleanup 71M->7M(12288M) 0.030ms
[2025-05-18T21:40:06.733+0300][4388][13436][info][gc,ergo     ] Free: 11664M, Max: 4096K regular, 11600M humongous, Frag: 1% external, 0% internal; Reserve: 616M, Max: 4096K
[2025-05-18T21:40:06.733+0300][4388][13436][info][gc,stats    ] 
[2025-05-18T21:40:06.733+0300][4388][13436][info][gc,stats    ] All times are wall-clock times, except per-root-class counters, that are sum over
[2025-05-18T21:40:06.733+0300][4388][13436][info][gc,stats    ] all workers. Dividing the <total> over the root stage time estimates parallelism.
[2025-05-18T21:40:06.733+0300][4388][13436][info][gc,stats    ] 
[2025-05-18T21:40:06.733+0300][4388][13436][info][gc,stats    ] Concurrent Reset                    735 us
[2025-05-18T21:40:06.733+0300][4388][13436][info][gc,stats    ] Pause Init Mark (G)                 318 us
[2025-05-18T21:40:06.733+0300][4388][13436][info][gc,stats    ] Pause Init Mark (N)                 167 us
[2025-05-18T21:40:06.733+0300][4388][13436][info][gc,stats    ]   Update Region States               21 us
[2025-05-18T21:40:06.733+0300][4388][13436][info][gc,stats    ] Concurrent Mark Roots               797 us, parallelism: 0.91x
[2025-05-18T21:40:06.733+0300][4388][13436][info][gc,stats    ]   CMR: <total>                      725 us
[2025-05-18T21:40:06.733+0300][4388][13436][info][gc,stats    ]   CMR: Thread Roots                 612 us, workers (us): 253, 358, ---, ---, 
[2025-05-18T21:40:06.733+0300][4388][13436][info][gc,stats    ]   CMR: VM Strong Roots               26 us, workers (us):  26,   1, ---, ---, 
[2025-05-18T21:40:06.733+0300][4388][13436][info][gc,stats    ]   CMR: CLDG Roots                    87 us, workers (us):  87, ---, ---, ---, 
[2025-05-18T21:40:06.733+0300][4388][13436][info][gc,stats    ] Concurrent Marking                 1781 us
[2025-05-18T21:40:06.733+0300][4388][13436][info][gc,stats    ] Pause Final Mark (G)                409 us
[2025-05-18T21:40:06.733+0300][4388][13436][info][gc,stats    ] Pause Final Mark (N)                342 us
[2025-05-18T21:40:06.733+0300][4388][13436][info][gc,stats    ]   Finish Mark                       210 us
[2025-05-18T21:40:06.733+0300][4388][13436][info][gc,stats    ]   Update Region States               25 us
[2025-05-18T21:40:06.733+0300][4388][13436][info][gc,stats    ]   Choose Collection Set              43 us
[2025-05-18T21:40:06.733+0300][4388][13436][info][gc,stats    ]   Rebuild Free Set                   11 us
[2025-05-18T21:40:06.733+0300][4388][13436][info][gc,stats    ] Concurrent Thread Roots             194 us, parallelism: 0.43x
[2025-05-18T21:40:06.733+0300][4388][13436][info][gc,stats    ]   CTR: <total>                       83 us
[2025-05-18T21:40:06.733+0300][4388][13436][info][gc,stats    ]   CTR: Thread Roots                  83 us, workers (us):  70,  13, ---, ---, 
[2025-05-18T21:40:06.733+0300][4388][13436][info][gc,stats    ] Concurrent Weak References          222 us, parallelism: 0.15x
[2025-05-18T21:40:06.733+0300][4388][13436][info][gc,stats    ]   CWRF: <total>                      34 us
[2025-05-18T21:40:06.733+0300][4388][13436][info][gc,stats    ]   CWRF: Weak References              34 us, workers (us):  34,   0, ---, ---, 
[2025-05-18T21:40:06.733+0300][4388][13436][info][gc,stats    ] Concurrent Weak Roots               531 us
[2025-05-18T21:40:06.733+0300][4388][13436][info][gc,stats    ]   Roots                             349 us, parallelism: 1.20x
[2025-05-18T21:40:06.733+0300][4388][13436][info][gc,stats    ]     CWR: <total>                    418 us
[2025-05-18T21:40:06.733+0300][4388][13436][info][gc,stats    ]     CWR: Code Cache Roots           177 us, workers (us): 118,  59, ---, ---, 
[2025-05-18T21:40:06.734+0300][4388][13436][info][gc,stats    ]     CWR: VM Weak Roots              240 us, workers (us): 118, 122, ---, ---, 
[2025-05-18T21:40:06.734+0300][4388][13436][info][gc,stats    ]     CWR: CLDG Roots                   1 us, workers (us):   1, ---, ---, ---, 
[2025-05-18T21:40:06.734+0300][4388][13436][info][gc,stats    ]   Rendezvous                        118 us
[2025-05-18T21:40:06.734+0300][4388][13436][info][gc,stats    ] Concurrent Cleanup                   31 us
[2025-05-18T21:40:06.734+0300][4388][13436][info][gc,stats    ] Concurrent Class Unloading         1503 us
[2025-05-18T21:40:06.734+0300][4388][13436][info][gc,stats    ]   Unlink Stale                     1226 us
[2025-05-18T21:40:06.734+0300][4388][13436][info][gc,stats    ]     System Dictionary                53 us
[2025-05-18T21:40:06.734+0300][4388][13436][info][gc,stats    ]     Weak Class Links                549 us
[2025-05-18T21:40:06.734+0300][4388][13436][info][gc,stats    ]     Code Roots                      623 us
[2025-05-18T21:40:06.734+0300][4388][13436][info][gc,stats    ]   Rendezvous                        105 us
[2025-05-18T21:40:06.734+0300][4388][13436][info][gc,stats    ]   Purge Unlinked                     88 us
[2025-05-18T21:40:06.734+0300][4388][13436][info][gc,stats    ]     Code Roots                       71 us
[2025-05-18T21:40:06.734+0300][4388][13436][info][gc,stats    ]     CLDG                             17 us
[2025-05-18T21:40:06.734+0300][4388][13436][info][gc,stats    ]     Exception Caches                  0 us
[2025-05-18T21:40:06.734+0300][4388][13436][info][gc,stats    ] Concurrent Strong Roots             282 us, parallelism: 0.54x
[2025-05-18T21:40:06.734+0300][4388][13436][info][gc,stats    ]   CSR: <total>                      153 us
[2025-05-18T21:40:06.734+0300][4388][13436][info][gc,stats    ]   CSR: VM Strong Roots                8 us, workers (us):   8,   0, ---, ---, 
[2025-05-18T21:40:06.734+0300][4388][13436][info][gc,stats    ]   CSR: CLDG Roots                   144 us, workers (us): 144, ---, ---, ---, 
[2025-05-18T21:40:06.734+0300][4388][13436][info][gc,stats    ] Concurrent Evacuation              1345 us
[2025-05-18T21:40:06.734+0300][4388][13436][info][gc,stats    ] Pause Init Update Refs (G)          165 us
[2025-05-18T21:40:06.734+0300][4388][13436][info][gc,stats    ] Pause Init Update Refs (N)           96 us
[2025-05-18T21:40:06.734+0300][4388][13436][info][gc,stats    ]   Manage GCLABs                       1 us
[2025-05-18T21:40:06.734+0300][4388][13436][info][gc,stats    ] Concurrent Update Refs             1457 us
[2025-05-18T21:40:06.734+0300][4388][13436][info][gc,stats    ] Concurrent Update Thread Roots      146 us
[2025-05-18T21:40:06.734+0300][4388][13436][info][gc,stats    ] Pause Final Update Refs (G)         193 us
[2025-05-18T21:40:06.734+0300][4388][13436][info][gc,stats    ] Pause Final Update Refs (N)          80 us
[2025-05-18T21:40:06.734+0300][4388][13436][info][gc,stats    ]   Update Region States               16 us
[2025-05-18T21:40:06.734+0300][4388][13436][info][gc,stats    ]   Trash Collection Set                2 us
[2025-05-18T21:40:06.734+0300][4388][13436][info][gc,stats    ]   Rebuild Free Set                   11 us
[2025-05-18T21:40:06.734+0300][4388][13436][info][gc,stats    ] Concurrent Cleanup                   41 us
[2025-05-18T21:40:06.734+0300][4388][13436][info][gc,stats    ] 
[2025-05-18T21:40:06.734+0300][4388][13436][info][gc,stats    ] Allocation pacing accrued:
[2025-05-18T21:40:06.734+0300][4388][13436][info][gc,stats    ]       0 of   349 ms (  0.0%): <total>
[2025-05-18T21:40:06.734+0300][4388][13436][info][gc,stats    ]       0 of   349 ms (  0.0%): <average total>
[2025-05-18T21:40:06.734+0300][4388][13436][info][gc,stats    ] 
[2025-05-18T21:40:06.734+0300][4388][13436][info][gc,metaspace] Metaspace: 2844K(3072K)->2838K(3072K) NonClass: 2586K(2688K)->2583K(2688K) Class: 257K(384K)->255K(384K)
[2025-05-18T21:40:06.734+0300][4388][13436][info][gc,ergo     ] Pacer for Idle. Initial: 245M, Alloc Tax Rate: 1.0x
[2025-05-18T21:40:13.440+0300][4388][13436][info][gc          ] Trigger: Explicit GC request (System.gc())
[2025-05-18T21:40:13.440+0300][4388][13436][info][gc,ergo     ] Free: 11544M, Max: 4096K regular, 11544M humongous, Frag: 0% external, 0% internal; Reserve: 616M, Max: 4096K
[2025-05-18T21:40:13.440+0300][4388][13436][info][gc,start    ] GC(1) Concurrent reset
[2025-05-18T21:40:13.440+0300][4388][13436][info][gc,task     ] GC(1) Using 2 of 4 workers for concurrent reset
[2025-05-18T21:40:13.440+0300][4388][13436][info][gc,ergo     ] GC(1) Pacer for Reset. Non-Taxable: 12288M
[2025-05-18T21:40:13.440+0300][4388][13436][info][gc          ] GC(1) Concurrent reset 0.234ms
[2025-05-18T21:40:13.440+0300][4388][22360][info][gc,start    ] GC(1) Pause Init Mark (unload classes)
[2025-05-18T21:40:13.440+0300][4388][22360][info][gc,task     ] GC(1) Using 4 of 4 workers for init marking
[2025-05-18T21:40:13.440+0300][4388][22360][info][gc,ref      ] GC(1) Clearing All SoftReferences
[2025-05-18T21:40:13.440+0300][4388][22360][info][gc,ergo     ] GC(1) Pacer for Mark. Expected Live: 2394K, Free: 11544M, Non-Taxable: 1154M, Alloc Tax Rate: 0.0x
[2025-05-18T21:40:13.440+0300][4388][22360][info][gc          ] GC(1) Pause Init Mark (unload classes) 0.081ms
[2025-05-18T21:40:13.440+0300][4388][13436][info][gc,start    ] GC(1) Concurrent marking roots
[2025-05-18T21:40:13.440+0300][4388][13436][info][gc,task     ] GC(1) Using 2 of 4 workers for concurrent marking roots
[2025-05-18T21:40:13.440+0300][4388][13436][info][gc          ] GC(1) Concurrent marking roots 0.115ms
[2025-05-18T21:40:13.440+0300][4388][13436][info][gc,start    ] GC(1) Concurrent marking (unload classes)
[2025-05-18T21:40:13.440+0300][4388][13436][info][gc,task     ] GC(1) Using 2 of 4 workers for concurrent marking
[2025-05-18T21:40:13.442+0300][4388][13436][info][gc          ] GC(1) Concurrent marking (unload classes) 1.557ms
[2025-05-18T21:40:13.442+0300][4388][22360][info][gc,start    ] GC(1) Pause Final Mark (unload classes)
[2025-05-18T21:40:13.442+0300][4388][22360][info][gc,task     ] GC(1) Using 4 of 4 workers for final marking
[2025-05-18T21:40:13.442+0300][4388][22360][info][gc,ergo     ] GC(1) Adaptive CSet Selection. Target Free: 1740M, Actual Free: 12228M, Max CSet: 512M, Min Garbage: 0B
[2025-05-18T21:40:13.442+0300][4388][22360][info][gc,ergo     ] GC(1) Collectable Garbage: 123M (99%), Immediate: 69632K (54%), CSet: 56998K (44%)
[2025-05-18T21:40:13.442+0300][4388][22360][info][gc,ergo     ] GC(1) Pacer for Evacuation. Used CSet: 57344K, Free: 11612M, Non-Taxable: 1161M, Alloc Tax Rate: 1.1x
[2025-05-18T21:40:13.442+0300][4388][22360][info][gc          ] GC(1) Pause Final Mark (unload classes) 0.137ms
[2025-05-18T21:40:13.442+0300][4388][13436][info][gc,start    ] GC(1) Concurrent thread roots
[2025-05-18T21:40:13.442+0300][4388][13436][info][gc,task     ] GC(1) Using 2 of 4 workers for Concurrent thread roots
[2025-05-18T21:40:13.442+0300][4388][13436][info][gc          ] GC(1) Concurrent thread roots 0.075ms
[2025-05-18T21:40:13.442+0300][4388][13436][info][gc,start    ] GC(1) Concurrent weak references
[2025-05-18T21:40:13.442+0300][4388][13436][info][gc,task     ] GC(1) Using 2 of 4 workers for concurrent weak references
[2025-05-18T21:40:13.442+0300][4388][13436][info][gc,ref      ] GC(1) Encountered references: Soft: 72, Weak: 256, Final: 3, Phantom: 18
[2025-05-18T21:40:13.442+0300][4388][13436][info][gc,ref      ] GC(1) Discovered  references: Soft: 49, Weak: 153, Final: 2, Phantom: 16
[2025-05-18T21:40:13.442+0300][4388][13436][info][gc,ref      ] GC(1) Enqueued    references: Soft: 13, Weak: 16, Final: 0, Phantom: 4
[2025-05-18T21:40:13.442+0300][4388][13436][info][gc          ] GC(1) Concurrent weak references 0.078ms
[2025-05-18T21:40:13.442+0300][4388][13436][info][gc,start    ] GC(1) Concurrent weak roots
[2025-05-18T21:40:13.442+0300][4388][13436][info][gc,task     ] GC(1) Using 2 of 4 workers for concurrent weak root
[2025-05-18T21:40:13.443+0300][4388][13436][info][gc          ] GC(1) Concurrent weak roots 0.521ms
[2025-05-18T21:40:13.443+0300][4388][13436][info][gc,start    ] GC(1) Concurrent cleanup
[2025-05-18T21:40:13.443+0300][4388][13436][info][gc          ] GC(1) Concurrent cleanup 131M->63M(12288M) 0.024ms
[2025-05-18T21:40:13.443+0300][4388][13436][info][gc,ergo     ] GC(1) Free: 11608M, Max: 4096K regular, 11540M humongous, Frag: 1% external, 0% internal; Reserve: 615M, Max: 4096K
[2025-05-18T21:40:13.443+0300][4388][13436][info][gc,start    ] GC(1) Concurrent class unloading
[2025-05-18T21:40:13.443+0300][4388][13436][info][gc,task     ] GC(1) Using 2 of 4 workers for concurrent class unloading
[2025-05-18T21:40:13.445+0300][4388][13436][info][gc          ] GC(1) Concurrent class unloading 2.560ms
[2025-05-18T21:40:13.445+0300][4388][13436][info][gc,start    ] GC(1) Concurrent strong roots
[2025-05-18T21:40:13.445+0300][4388][13436][info][gc,task     ] GC(1) Using 2 of 4 workers for concurrent strong root
[2025-05-18T21:40:13.446+0300][4388][13436][info][gc          ] GC(1) Concurrent strong roots 0.138ms
[2025-05-18T21:40:13.446+0300][4388][13436][info][gc,start    ] GC(1) Concurrent evacuation
[2025-05-18T21:40:13.446+0300][4388][13436][info][gc,task     ] GC(1) Using 2 of 4 workers for concurrent evacuation
[2025-05-18T21:40:13.446+0300][4388][13436][info][gc          ] GC(1) Concurrent evacuation 0.281ms
[2025-05-18T21:40:13.446+0300][4388][22360][info][gc,start    ] GC(1) Pause Init Update Refs
[2025-05-18T21:40:13.446+0300][4388][22360][info][gc,ergo     ] GC(1) Pacer for Update Refs. Used: 65055K, Free: 11608M, Non-Taxable: 1160M, Alloc Tax Rate: 1.1x
[2025-05-18T21:40:13.446+0300][4388][22360][info][gc          ] GC(1) Pause Init Update Refs 0.038ms
[2025-05-18T21:40:13.446+0300][4388][13436][info][gc,start    ] GC(1) Concurrent update references
[2025-05-18T21:40:13.446+0300][4388][13436][info][gc,task     ] GC(1) Using 2 of 4 workers for concurrent reference update
[2025-05-18T21:40:13.447+0300][4388][13436][info][gc          ] GC(1) Concurrent update references 1.252ms
[2025-05-18T21:40:13.447+0300][4388][13436][info][gc,start    ] GC(1) Concurrent update thread roots
[2025-05-18T21:40:13.447+0300][4388][13436][info][gc          ] GC(1) Concurrent update thread roots 0.065ms
[2025-05-18T21:40:13.447+0300][4388][22360][info][gc,start    ] GC(1) Pause Final Update Refs
[2025-05-18T21:40:13.447+0300][4388][22360][info][gc,task     ] GC(1) Using 4 of 4 workers for final reference update
[2025-05-18T21:40:13.447+0300][4388][22360][info][gc          ] GC(1) Pause Final Update Refs 0.089ms
[2025-05-18T21:40:13.447+0300][4388][13436][info][gc,start    ] GC(1) Concurrent cleanup
[2025-05-18T21:40:13.447+0300][4388][13436][info][gc          ] GC(1) Concurrent cleanup 63M->7M(12288M) 0.020ms
[2025-05-18T21:40:13.447+0300][4388][13436][info][gc,ergo     ] Free: 11664M, Max: 4096K regular, 11536M humongous, Frag: 2% external, 0% internal; Reserve: 616M, Max: 4096K
[2025-05-18T21:40:13.447+0300][4388][13436][info][gc,stats    ] 
[2025-05-18T21:40:13.447+0300][4388][13436][info][gc,stats    ] All times are wall-clock times, except per-root-class counters, that are sum over
[2025-05-18T21:40:13.447+0300][4388][13436][info][gc,stats    ] all workers. Dividing the <total> over the root stage time estimates parallelism.
[2025-05-18T21:40:13.447+0300][4388][13436][info][gc,stats    ] 
[2025-05-18T21:40:13.447+0300][4388][13436][info][gc,stats    ] Concurrent Reset                    265 us
[2025-05-18T21:40:13.447+0300][4388][13436][info][gc,stats    ] Pause Init Mark (G)                 137 us
[2025-05-18T21:40:13.447+0300][4388][13436][info][gc,stats    ] Pause Init Mark (N)                  90 us
[2025-05-18T21:40:13.447+0300][4388][13436][info][gc,stats    ]   Update Region States               14 us
[2025-05-18T21:40:13.447+0300][4388][13436][info][gc,stats    ] Concurrent Mark Roots               126 us, parallelism: 0.89x
[2025-05-18T21:40:13.447+0300][4388][13436][info][gc,stats    ]   CMR: <total>                      112 us
[2025-05-18T21:40:13.447+0300][4388][13436][info][gc,stats    ]   CMR: Thread Roots                  55 us, workers (us):   0,  55, ---, ---, 
[2025-05-18T21:40:13.448+0300][4388][13436][info][gc,stats    ]   CMR: VM Strong Roots               13 us, workers (us):   6,   7, ---, ---, 
[2025-05-18T21:40:13.448+0300][4388][13436][info][gc,stats    ]   CMR: CLDG Roots                    44 us, workers (us):  44, ---, ---, ---, 
[2025-05-18T21:40:13.448+0300][4388][13436][info][gc,stats    ] Concurrent Marking                 1582 us
[2025-05-18T21:40:13.448+0300][4388][13436][info][gc,stats    ] Pause Final Mark (G)                167 us
[2025-05-18T21:40:13.448+0300][4388][13436][info][gc,stats    ] Pause Final Mark (N)                146 us
[2025-05-18T21:40:13.448+0300][4388][13436][info][gc,stats    ]   Finish Mark                        32 us
[2025-05-18T21:40:13.448+0300][4388][13436][info][gc,stats    ]   Update Region States               18 us
[2025-05-18T21:40:13.448+0300][4388][13436][info][gc,stats    ]   Choose Collection Set              31 us
[2025-05-18T21:40:13.448+0300][4388][13436][info][gc,stats    ]   Rebuild Free Set                   12 us
[2025-05-18T21:40:13.448+0300][4388][13436][info][gc,stats    ] Concurrent Thread Roots              85 us, parallelism: 0.69x
[2025-05-18T21:40:13.448+0300][4388][13436][info][gc,stats    ]   CTR: <total>                       59 us
[2025-05-18T21:40:13.448+0300][4388][13436][info][gc,stats    ]   CTR: Thread Roots                  59 us, workers (us):  24,  36, ---, ---, 
[2025-05-18T21:40:13.448+0300][4388][13436][info][gc,stats    ] Concurrent Weak References           86 us, parallelism: 0.17x
[2025-05-18T21:40:13.448+0300][4388][13436][info][gc,stats    ]   CWRF: <total>                      15 us
[2025-05-18T21:40:13.448+0300][4388][13436][info][gc,stats    ]   CWRF: Weak References              15 us, workers (us):   6,   9, ---, ---, 
[2025-05-18T21:40:13.448+0300][4388][13436][info][gc,stats    ] Concurrent Weak Roots               544 us
[2025-05-18T21:40:13.448+0300][4388][13436][info][gc,stats    ]   Roots                             464 us, parallelism: 1.77x
[2025-05-18T21:40:13.448+0300][4388][13436][info][gc,stats    ]     CWR: <total>                    824 us
[2025-05-18T21:40:13.448+0300][4388][13436][info][gc,stats    ]     CWR: Code Cache Roots           576 us, workers (us): 265, 311, ---, ---, 
[2025-05-18T21:40:13.448+0300][4388][13436][info][gc,stats    ]     CWR: VM Weak Roots              247 us, workers (us): 121, 125, ---, ---, 
[2025-05-18T21:40:13.448+0300][4388][13436][info][gc,stats    ]     CWR: CLDG Roots                   1 us, workers (us):   1, ---, ---, ---, 
[2025-05-18T21:40:13.448+0300][4388][13436][info][gc,stats    ]   Rendezvous                         40 us
[2025-05-18T21:40:13.448+0300][4388][13436][info][gc,stats    ] Concurrent Cleanup                   34 us
[2025-05-18T21:40:13.448+0300][4388][13436][info][gc,stats    ] Concurrent Class Unloading         2599 us
[2025-05-18T21:40:13.448+0300][4388][13436][info][gc,stats    ]   Unlink Stale                     1813 us
[2025-05-18T21:40:13.448+0300][4388][13436][info][gc,stats    ]     System Dictionary                47 us
[2025-05-18T21:40:13.448+0300][4388][13436][info][gc,stats    ]     Weak Class Links                918 us
[2025-05-18T21:40:13.448+0300][4388][13436][info][gc,stats    ]     Code Roots                      846 us
[2025-05-18T21:40:13.448+0300][4388][13436][info][gc,stats    ]   Rendezvous                         42 us
[2025-05-18T21:40:13.448+0300][4388][13436][info][gc,stats    ]   Purge Unlinked                    684 us
[2025-05-18T21:40:13.448+0300][4388][13436][info][gc,stats    ]     Code Roots                      651 us
[2025-05-18T21:40:13.448+0300][4388][13436][info][gc,stats    ]     CLDG                             33 us
[2025-05-18T21:40:13.448+0300][4388][13436][info][gc,stats    ]     Exception Caches                  0 us
[2025-05-18T21:40:13.448+0300][4388][13436][info][gc,stats    ] Concurrent Strong Roots             148 us, parallelism: 0.64x
[2025-05-18T21:40:13.448+0300][4388][13436][info][gc,stats    ]   CSR: <total>                       94 us
[2025-05-18T21:40:13.448+0300][4388][13436][info][gc,stats    ]   CSR: VM Strong Roots                2 us, workers (us):   2,   0, ---, ---, 
[2025-05-18T21:40:13.448+0300][4388][13436][info][gc,stats    ]   CSR: CLDG Roots                    92 us, workers (us):  92, ---, ---, ---, 
[2025-05-18T21:40:13.448+0300][4388][13436][info][gc,stats    ] Concurrent Evacuation               291 us
[2025-05-18T21:40:13.448+0300][4388][13436][info][gc,stats    ] Pause Init Update Refs (G)           83 us
[2025-05-18T21:40:13.448+0300][4388][13436][info][gc,stats    ] Pause Init Update Refs (N)           47 us
[2025-05-18T21:40:13.448+0300][4388][13436][info][gc,stats    ]   Manage GCLABs                       2 us
[2025-05-18T21:40:13.448+0300][4388][13436][info][gc,stats    ] Concurrent Update Refs             1262 us
[2025-05-18T21:40:13.448+0300][4388][13436][info][gc,stats    ] Concurrent Update Thread Roots       75 us
[2025-05-18T21:40:13.448+0300][4388][13436][info][gc,stats    ] Pause Final Update Refs (G)         116 us
[2025-05-18T21:40:13.448+0300][4388][13436][info][gc,stats    ] Pause Final Update Refs (N)          98 us
[2025-05-18T21:40:13.448+0300][4388][13436][info][gc,stats    ]   Update Region States               47 us
[2025-05-18T21:40:13.448+0300][4388][13436][info][gc,stats    ]   Trash Collection Set                2 us
[2025-05-18T21:40:13.448+0300][4388][13436][info][gc,stats    ]   Rebuild Free Set                   12 us
[2025-05-18T21:40:13.448+0300][4388][13436][info][gc,stats    ] Concurrent Cleanup                   29 us
[2025-05-18T21:40:13.448+0300][4388][13436][info][gc,stats    ] 
[2025-05-18T21:40:13.448+0300][4388][13436][info][gc,stats    ] Allocation pacing accrued:
[2025-05-18T21:40:13.448+0300][4388][13436][info][gc,stats    ]       0 of  6714 ms (  0.0%): <total>
[2025-05-18T21:40:13.448+0300][4388][13436][info][gc,stats    ]       0 of  6714 ms (  0.0%): <average total>
[2025-05-18T21:40:13.448+0300][4388][13436][info][gc,stats    ] 
[2025-05-18T21:40:13.448+0300][4388][13436][info][gc,metaspace] Metaspace: 5368K(5632K)->5365K(5632K) NonClass: 4785K(4928K)->4783K(4928K) Class: 582K(704K)->581K(704K)
[2025-05-18T21:40:13.448+0300][4388][13436][info][gc,ergo     ] Pacer for Idle. Initial: 245M, Alloc Tax Rate: 1.0x
[2025-05-18T21:40:19.746+0300][4388][13436][info][gc          ] Trigger: Explicit GC request (System.gc())
[2025-05-18T21:40:19.746+0300][4388][13436][info][gc,ergo     ] Free: 11548M, Max: 4096K regular, 11536M humongous, Frag: 1% external, 0% internal; Reserve: 616M, Max: 4096K
[2025-05-18T21:40:19.746+0300][4388][13436][info][gc,start    ] GC(2) Concurrent reset
[2025-05-18T21:40:19.746+0300][4388][13436][info][gc,task     ] GC(2) Using 2 of 4 workers for concurrent reset
[2025-05-18T21:40:19.746+0300][4388][13436][info][gc,ergo     ] GC(2) Pacer for Reset. Non-Taxable: 12288M
[2025-05-18T21:40:19.746+0300][4388][13436][info][gc          ] GC(2) Concurrent reset 0.224ms
[2025-05-18T21:40:19.746+0300][4388][22360][info][gc,start    ] GC(2) Pause Init Mark (unload classes)
[2025-05-18T21:40:19.746+0300][4388][22360][info][gc,task     ] GC(2) Using 4 of 4 workers for init marking
[2025-05-18T21:40:19.746+0300][4388][22360][info][gc,ref      ] GC(2) Clearing All SoftReferences
[2025-05-18T21:40:19.746+0300][4388][22360][info][gc,ergo     ] GC(2) Pacer for Mark. Expected Live: 2562K, Free: 11548M, Non-Taxable: 1154M, Alloc Tax Rate: 0.0x
[2025-05-18T21:40:19.746+0300][4388][22360][info][gc          ] GC(2) Pause Init Mark (unload classes) 0.161ms
[2025-05-18T21:40:19.746+0300][4388][13436][info][gc,start    ] GC(2) Concurrent marking roots
[2025-05-18T21:40:19.746+0300][4388][13436][info][gc,task     ] GC(2) Using 2 of 4 workers for concurrent marking roots
[2025-05-18T21:40:19.746+0300][4388][13436][info][gc          ] GC(2) Concurrent marking roots 0.110ms
[2025-05-18T21:40:19.746+0300][4388][13436][info][gc,start    ] GC(2) Concurrent marking (unload classes)
[2025-05-18T21:40:19.746+0300][4388][13436][info][gc,task     ] GC(2) Using 2 of 4 workers for concurrent marking
[2025-05-18T21:40:19.748+0300][4388][13436][info][gc          ] GC(2) Concurrent marking (unload classes) 1.400ms
[2025-05-18T21:40:19.748+0300][4388][22360][info][gc,start    ] GC(2) Pause Final Mark (unload classes)
[2025-05-18T21:40:19.748+0300][4388][22360][info][gc,task     ] GC(2) Using 4 of 4 workers for final marking
[2025-05-18T21:40:19.748+0300][4388][22360][info][gc,ergo     ] GC(2) Adaptive CSet Selection. Target Free: 1740M, Actual Free: 12268M, Max CSet: 512M, Min Garbage: 0B
[2025-05-18T21:40:19.748+0300][4388][22360][info][gc,ergo     ] GC(2) Collectable Garbage: 119M (99%), Immediate: 108M (89%), CSet: 12266K (9%)
[2025-05-18T21:40:19.748+0300][4388][22360][info][gc,ergo     ] GC(2) Pacer for Evacuation. Used CSet: 12267K, Free: 11656M, Non-Taxable: 1165M, Alloc Tax Rate: 1.1x
[2025-05-18T21:40:19.748+0300][4388][22360][info][gc          ] GC(2) Pause Final Mark (unload classes) 0.161ms
[2025-05-18T21:40:19.748+0300][4388][13436][info][gc,start    ] GC(2) Concurrent thread roots
[2025-05-18T21:40:19.748+0300][4388][13436][info][gc,task     ] GC(2) Using 2 of 4 workers for Concurrent thread roots
[2025-05-18T21:40:19.748+0300][4388][13436][info][gc          ] GC(2) Concurrent thread roots 0.057ms
[2025-05-18T21:40:19.748+0300][4388][13436][info][gc,start    ] GC(2) Concurrent weak references
[2025-05-18T21:40:19.748+0300][4388][13436][info][gc,task     ] GC(2) Using 2 of 4 workers for concurrent weak references
[2025-05-18T21:40:19.748+0300][4388][13436][info][gc,ref      ] GC(2) Encountered references: Soft: 59, Weak: 240, Final: 3, Phantom: 16
[2025-05-18T21:40:19.748+0300][4388][13436][info][gc,ref      ] GC(2) Discovered  references: Soft: 36, Weak: 137, Final: 2, Phantom: 13
[2025-05-18T21:40:19.748+0300][4388][13436][info][gc,ref      ] GC(2) Enqueued    references: Soft: 0, Weak: 0, Final: 0, Phantom: 2
[2025-05-18T21:40:19.748+0300][4388][13436][info][gc          ] GC(2) Concurrent weak references 0.074ms
[2025-05-18T21:40:19.748+0300][4388][13436][info][gc,start    ] GC(2) Concurrent weak roots
[2025-05-18T21:40:19.748+0300][4388][13436][info][gc,task     ] GC(2) Using 2 of 4 workers for concurrent weak root
[2025-05-18T21:40:19.748+0300][4388][13436][info][gc          ] GC(2) Concurrent weak roots 0.315ms
[2025-05-18T21:40:19.748+0300][4388][13436][info][gc,start    ] GC(2) Concurrent cleanup
[2025-05-18T21:40:19.748+0300][4388][13436][info][gc          ] GC(2) Concurrent cleanup 127M->19M(12288M) 0.020ms
[2025-05-18T21:40:19.749+0300][4388][13436][info][gc,ergo     ] GC(2) Free: 11652M, Max: 4096K regular, 11536M humongous, Frag: 1% external, 0% internal; Reserve: 615M, Max: 4096K
[2025-05-18T21:40:19.749+0300][4388][13436][info][gc,start    ] GC(2) Concurrent class unloading
[2025-05-18T21:40:19.749+0300][4388][13436][info][gc,task     ] GC(2) Using 2 of 4 workers for concurrent class unloading
[2025-05-18T21:40:19.749+0300][4388][13436][info][gc          ] GC(2) Concurrent class unloading 0.960ms
[2025-05-18T21:40:19.749+0300][4388][13436][info][gc,start    ] GC(2) Concurrent strong roots
[2025-05-18T21:40:19.750+0300][4388][13436][info][gc,task     ] GC(2) Using 2 of 4 workers for concurrent strong root
[2025-05-18T21:40:19.750+0300][4388][13436][info][gc          ] GC(2) Concurrent strong roots 0.084ms
[2025-05-18T21:40:19.750+0300][4388][13436][info][gc,start    ] GC(2) Concurrent evacuation
[2025-05-18T21:40:19.750+0300][4388][13436][info][gc,task     ] GC(2) Using 2 of 4 workers for concurrent evacuation
[2025-05-18T21:40:19.750+0300][4388][13436][info][gc          ] GC(2) Concurrent evacuation 0.083ms
[2025-05-18T21:40:19.750+0300][4388][22360][info][gc,start    ] GC(2) Pause Init Update Refs
[2025-05-18T21:40:19.750+0300][4388][22360][info][gc,ergo     ] GC(2) Pacer for Update Refs. Used: 20000K, Free: 11652M, Non-Taxable: 1165M, Alloc Tax Rate: 1.1x
[2025-05-18T21:40:19.750+0300][4388][22360][info][gc          ] GC(2) Pause Init Update Refs 0.032ms
[2025-05-18T21:40:19.750+0300][4388][13436][info][gc,start    ] GC(2) Concurrent update references
[2025-05-18T21:40:19.750+0300][4388][13436][info][gc,task     ] GC(2) Using 2 of 4 workers for concurrent reference update
[2025-05-18T21:40:19.751+0300][4388][13436][info][gc          ] GC(2) Concurrent update references 1.215ms
[2025-05-18T21:40:19.751+0300][4388][13436][info][gc,start    ] GC(2) Concurrent update thread roots
[2025-05-18T21:40:19.751+0300][4388][13436][info][gc          ] GC(2) Concurrent update thread roots 0.090ms
[2025-05-18T21:40:19.751+0300][4388][22360][info][gc,start    ] GC(2) Pause Final Update Refs
[2025-05-18T21:40:19.751+0300][4388][22360][info][gc,task     ] GC(2) Using 4 of 4 workers for final reference update
[2025-05-18T21:40:19.751+0300][4388][22360][info][gc          ] GC(2) Pause Final Update Refs 0.048ms
[2025-05-18T21:40:19.751+0300][4388][13436][info][gc,start    ] GC(2) Concurrent cleanup
[2025-05-18T21:40:19.751+0300][4388][13436][info][gc          ] GC(2) Concurrent cleanup 19M->7M(12288M) 0.023ms
[2025-05-18T21:40:19.751+0300][4388][13436][info][gc,ergo     ] Free: 11664M, Max: 4096K regular, 11540M humongous, Frag: 1% external, 0% internal; Reserve: 616M, Max: 4096K
[2025-05-18T21:40:19.751+0300][4388][13436][info][gc,stats    ] 
[2025-05-18T21:40:19.751+0300][4388][13436][info][gc,stats    ] All times are wall-clock times, except per-root-class counters, that are sum over
[2025-05-18T21:40:19.751+0300][4388][13436][info][gc,stats    ] all workers. Dividing the <total> over the root stage time estimates parallelism.
[2025-05-18T21:40:19.751+0300][4388][13436][info][gc,stats    ] 
[2025-05-18T21:40:19.751+0300][4388][13436][info][gc,stats    ] Concurrent Reset                    252 us
[2025-05-18T21:40:19.751+0300][4388][13436][info][gc,stats    ] Pause Init Mark (G)                 211 us
[2025-05-18T21:40:19.751+0300][4388][13436][info][gc,stats    ] Pause Init Mark (N)                 170 us
[2025-05-18T21:40:19.751+0300][4388][13436][info][gc,stats    ]   Update Region States               30 us
[2025-05-18T21:40:19.751+0300][4388][13436][info][gc,stats    ] Concurrent Mark Roots               120 us, parallelism: 0.74x
[2025-05-18T21:40:19.751+0300][4388][13436][info][gc,stats    ]   CMR: <total>                       89 us
[2025-05-18T21:40:19.751+0300][4388][13436][info][gc,stats    ]   CMR: Thread Roots                  47 us, workers (us):   9,  38, ---, ---, 
[2025-05-18T21:40:19.751+0300][4388][13436][info][gc,stats    ]   CMR: VM Strong Roots                4 us, workers (us):   4,   0, ---, ---, 
[2025-05-18T21:40:19.751+0300][4388][13436][info][gc,stats    ]   CMR: CLDG Roots                    38 us, workers (us):  38, ---, ---, ---, 
[2025-05-18T21:40:19.751+0300][4388][13436][info][gc,stats    ] Concurrent Marking                 1414 us
[2025-05-18T21:40:19.751+0300][4388][13436][info][gc,stats    ] Pause Final Mark (G)                190 us
[2025-05-18T21:40:19.751+0300][4388][13436][info][gc,stats    ] Pause Final Mark (N)                170 us
[2025-05-18T21:40:19.751+0300][4388][13436][info][gc,stats    ]   Finish Mark                        64 us
[2025-05-18T21:40:19.751+0300][4388][13436][info][gc,stats    ]   Update Region States               16 us
[2025-05-18T21:40:19.751+0300][4388][13436][info][gc,stats    ]   Choose Collection Set              29 us
[2025-05-18T21:40:19.751+0300][4388][13436][info][gc,stats    ]   Rebuild Free Set                   12 us
[2025-05-18T21:40:19.751+0300][4388][13436][info][gc,stats    ] Concurrent Thread Roots              69 us, parallelism: 0.40x
[2025-05-18T21:40:19.751+0300][4388][13436][info][gc,stats    ]   CTR: <total>                       28 us
[2025-05-18T21:40:19.751+0300][4388][13436][info][gc,stats    ]   CTR: Thread Roots                  28 us, workers (us):  18,   9, ---, ---, 
[2025-05-18T21:40:19.751+0300][4388][13436][info][gc,stats    ] Concurrent Weak References           83 us, parallelism: 0.08x
[2025-05-18T21:40:19.751+0300][4388][13436][info][gc,stats    ]   CWRF: <total>                       6 us
[2025-05-18T21:40:19.751+0300][4388][13436][info][gc,stats    ]   CWRF: Weak References               6 us, workers (us):   3,   3, ---, ---, 
[2025-05-18T21:40:19.751+0300][4388][13436][info][gc,stats    ] Concurrent Weak Roots               329 us
[2025-05-18T21:40:19.751+0300][4388][13436][info][gc,stats    ]   Roots                             270 us, parallelism: 1.82x
[2025-05-18T21:40:19.751+0300][4388][13436][info][gc,stats    ]     CWR: <total>                    491 us
[2025-05-18T21:40:19.751+0300][4388][13436][info][gc,stats    ]     CWR: Code Cache Roots           397 us, workers (us): 194, 203, ---, ---, 
[2025-05-18T21:40:19.751+0300][4388][13436][info][gc,stats    ]     CWR: VM Weak Roots               94 us, workers (us):  48,  45, ---, ---, 
[2025-05-18T21:40:19.751+0300][4388][13436][info][gc,stats    ]     CWR: CLDG Roots                   1 us, workers (us): ---,   1, ---, ---, 
[2025-05-18T21:40:19.751+0300][4388][13436][info][gc,stats    ]   Rendezvous                         29 us
[2025-05-18T21:40:19.751+0300][4388][13436][info][gc,stats    ] Concurrent Cleanup                   29 us
[2025-05-18T21:40:19.751+0300][4388][13436][info][gc,stats    ] Concurrent Class Unloading          977 us
[2025-05-18T21:40:19.751+0300][4388][13436][info][gc,stats    ]   Unlink Stale                      825 us
[2025-05-18T21:40:19.751+0300][4388][13436][info][gc,stats    ]     System Dictionary                 2 us
[2025-05-18T21:40:19.751+0300][4388][13436][info][gc,stats    ]     Weak Class Links                  0 us
[2025-05-18T21:40:19.751+0300][4388][13436][info][gc,stats    ]     Code Roots                      822 us
[2025-05-18T21:40:19.751+0300][4388][13436][info][gc,stats    ]   Rendezvous                         29 us
[2025-05-18T21:40:19.751+0300][4388][13436][info][gc,stats    ]   Purge Unlinked                     88 us
[2025-05-18T21:40:19.751+0300][4388][13436][info][gc,stats    ]     Code Roots                       80 us
[2025-05-18T21:40:19.751+0300][4388][13436][info][gc,stats    ]     CLDG                              8 us
[2025-05-18T21:40:19.751+0300][4388][13436][info][gc,stats    ]     Exception Caches                  0 us
[2025-05-18T21:40:19.751+0300][4388][13436][info][gc,stats    ] Concurrent Strong Roots              96 us, parallelism: 0.14x
[2025-05-18T21:40:19.751+0300][4388][13436][info][gc,stats    ]   CSR: <total>                       14 us
[2025-05-18T21:40:19.751+0300][4388][13436][info][gc,stats    ]   CSR: VM Strong Roots                2 us, workers (us):   2,   0, ---, ---, 
[2025-05-18T21:40:19.751+0300][4388][13436][info][gc,stats    ]   CSR: CLDG Roots                    11 us, workers (us):  11, ---, ---, ---, 
[2025-05-18T21:40:19.751+0300][4388][13436][info][gc,stats    ] Concurrent Evacuation                94 us
[2025-05-18T21:40:19.751+0300][4388][13436][info][gc,stats    ] Pause Init Update Refs (G)           63 us
[2025-05-18T21:40:19.751+0300][4388][13436][info][gc,stats    ] Pause Init Update Refs (N)           41 us
[2025-05-18T21:40:19.751+0300][4388][13436][info][gc,stats    ]   Manage GCLABs                       1 us
[2025-05-18T21:40:19.751+0300][4388][13436][info][gc,stats    ] Concurrent Update Refs             1227 us
[2025-05-18T21:40:19.751+0300][4388][13436][info][gc,stats    ] Concurrent Update Thread Roots      108 us
[2025-05-18T21:40:19.751+0300][4388][13436][info][gc,stats    ] Pause Final Update Refs (G)          72 us
[2025-05-18T21:40:19.751+0300][4388][13436][info][gc,stats    ] Pause Final Update Refs (N)          57 us
[2025-05-18T21:40:19.751+0300][4388][13436][info][gc,stats    ]   Update Region States               12 us
[2025-05-18T21:40:19.751+0300][4388][13436][info][gc,stats    ]   Trash Collection Set                2 us
[2025-05-18T21:40:19.751+0300][4388][13436][info][gc,stats    ]   Rebuild Free Set                   12 us
[2025-05-18T21:40:19.751+0300][4388][13436][info][gc,stats    ] Concurrent Cleanup                   32 us
[2025-05-18T21:40:19.751+0300][4388][13436][info][gc,stats    ] 
[2025-05-18T21:40:19.751+0300][4388][13436][info][gc,stats    ] Allocation pacing accrued:
[2025-05-18T21:40:19.751+0300][4388][13436][info][gc,stats    ]       0 of  6304 ms (  0.0%): <total>
[2025-05-18T21:40:19.751+0300][4388][13436][info][gc,stats    ]       0 of  6304 ms (  0.0%): <average total>
[2025-05-18T21:40:19.751+0300][4388][13436][info][gc,stats    ] 
[2025-05-18T21:40:19.751+0300][4388][13436][info][gc,metaspace] Metaspace: 5395K(5632K)->5395K(5632K) NonClass: 4813K(4928K)->4813K(4928K) Class: 581K(704K)->581K(704K)
[2025-05-18T21:40:19.751+0300][4388][13436][info][gc,ergo     ] Pacer for Idle. Initial: 245M, Alloc Tax Rate: 1.0x
[2025-05-18T21:40:25.995+0300][4388][8156 ][info][gc          ] Cancelling GC: Stopping VM
[2025-05-18T21:40:26.006+0300][4388][8156 ][info][gc,heap,exit] Heap
[2025-05-18T21:40:26.006+0300][4388][8156 ][info][gc,heap,exit] Shenandoah Heap
[2025-05-18T21:40:26.006+0300][4388][8156 ][info][gc,heap,exit]  12288M max, 12288M soft max, 12288M committed, 123M used
[2025-05-18T21:40:26.006+0300][4388][8156 ][info][gc,heap,exit]  3072 x 4096K regions
[2025-05-18T21:40:26.006+0300][4388][8156 ][info][gc,heap,exit] Status: cancelled
[2025-05-18T21:40:26.006+0300][4388][8156 ][info][gc,heap,exit] Reserved region:
[2025-05-18T21:40:26.006+0300][4388][8156 ][info][gc,heap,exit]  - [0x0000000500000000, 0x0000000800000000) 
[2025-05-18T21:40:26.006+0300][4388][8156 ][info][gc,heap,exit] Collection set:
[2025-05-18T21:40:26.006+0300][4388][8156 ][info][gc,heap,exit]  - map (vanilla): 0x0000000000011400
[2025-05-18T21:40:26.006+0300][4388][8156 ][info][gc,heap,exit]  - map (biased):  0x0000000000010000
[2025-05-18T21:40:26.006+0300][4388][8156 ][info][gc,heap,exit] 
[2025-05-18T21:40:26.006+0300][4388][8156 ][info][gc,heap,exit]  Metaspace       used 5496K, committed 5760K, reserved 1114112K
[2025-05-18T21:40:26.006+0300][4388][8156 ][info][gc,heap,exit]   class space    used 590K, committed 704K, reserved 1048576K
[2025-05-18T21:40:26.006+0300][4388][8156 ][info][gc,stats    ] 
[2025-05-18T21:40:26.006+0300][4388][8156 ][info][gc,stats    ] GC STATISTICS:
[2025-05-18T21:40:26.006+0300][4388][8156 ][info][gc,stats    ]   "(G)" (gross) pauses include VM time: time to notify and block threads, do the pre-
[2025-05-18T21:40:26.006+0300][4388][8156 ][info][gc,stats    ]         and post-safepoint housekeeping. Use -Xlog:safepoint+stats to dissect.
[2025-05-18T21:40:26.006+0300][4388][8156 ][info][gc,stats    ]   "(N)" (net) pauses are the times spent in the actual GC code.
[2025-05-18T21:40:26.006+0300][4388][8156 ][info][gc,stats    ]   "a" is average time for each phase, look at levels to see if average makes sense.
[2025-05-18T21:40:26.006+0300][4388][8156 ][info][gc,stats    ]   "lvls" are quantiles: 0% (minimum), 25%, 50% (median), 75%, 100% (maximum).
[2025-05-18T21:40:26.006+0300][4388][8156 ][info][gc,stats    ] 
[2025-05-18T21:40:26.006+0300][4388][8156 ][info][gc,stats    ]   All times are wall-clock times, except per-root-class counters, that are sum over
[2025-05-18T21:40:26.006+0300][4388][8156 ][info][gc,stats    ]   all workers. Dividing the <total> over the root stage time estimates parallelism.
[2025-05-18T21:40:26.006+0300][4388][8156 ][info][gc,stats    ] 
[2025-05-18T21:40:26.006+0300][4388][8156 ][info][gc,stats    ]   Pacing delays are measured from entering the pacing code till exiting it. Therefore,
[2025-05-18T21:40:26.006+0300][4388][8156 ][info][gc,stats    ]   observed pacing delays may be higher than the threshold when paced thread spent more
[2025-05-18T21:40:26.006+0300][4388][8156 ][info][gc,stats    ]   time in the pacing code. It usually happens when thread is de-scheduled while paced,
[2025-05-18T21:40:26.006+0300][4388][8156 ][info][gc,stats    ]   OS takes longer to unblock the thread, or JVM experiences an STW pause.
[2025-05-18T21:40:26.006+0300][4388][8156 ][info][gc,stats    ] 
[2025-05-18T21:40:26.006+0300][4388][8156 ][info][gc,stats    ]   Higher delay would prevent application outpacing the GC, but it will hide the GC latencies
[2025-05-18T21:40:26.006+0300][4388][8156 ][info][gc,stats    ]   from the STW pause times. Pacing affects the individual threads, and so it would also be
[2025-05-18T21:40:26.006+0300][4388][8156 ][info][gc,stats    ]   invisible to the usual profiling tools, but would add up to end-to-end application latency.
[2025-05-18T21:40:26.006+0300][4388][8156 ][info][gc,stats    ]   Raise max pacing delay with care.
[2025-05-18T21:40:26.006+0300][4388][8156 ][info][gc,stats    ] 
[2025-05-18T21:40:26.006+0300][4388][8156 ][info][gc,stats    ] Concurrent Reset               =    0.001 s (a =      417 us) (n =     3) (lvls, us =      252,      252,      252,      264,      735)
[2025-05-18T21:40:26.006+0300][4388][8156 ][info][gc,stats    ] Pause Init Mark (G)            =    0.001 s (a =      222 us) (n =     3) (lvls, us =      137,      137,      137,      209,      318)
[2025-05-18T21:40:26.006+0300][4388][8156 ][info][gc,stats    ] Pause Init Mark (N)            =    0.000 s (a =      142 us) (n =     3) (lvls, us =       90,       90,       90,      166,      170)
[2025-05-18T21:40:26.006+0300][4388][8156 ][info][gc,stats    ]   Update Region States         =    0.000 s (a =       22 us) (n =     3) (lvls, us =       14,       14,       14,       21,       30)
[2025-05-18T21:40:26.006+0300][4388][8156 ][info][gc,stats    ] Concurrent Mark Roots          =    0.001 s (a =      348 us) (n =     3) (lvls, us =      119,      119,      119,      125,      797)
[2025-05-18T21:40:26.006+0300][4388][8156 ][info][gc,stats    ]   CMR: <total>                 =    0.001 s (a =      309 us) (n =     3) (lvls, us =       89,       89,       89,      111,      725)
[2025-05-18T21:40:26.006+0300][4388][8156 ][info][gc,stats    ]   CMR: Thread Roots            =    0.001 s (a =      238 us) (n =     3) (lvls, us =       47,       47,       47,       55,      612)
[2025-05-18T21:40:26.006+0300][4388][8156 ][info][gc,stats    ]   CMR: VM Strong Roots         =    0.000 s (a =       14 us) (n =     3) (lvls, us =        4,        4,        4,       13,       26)
[2025-05-18T21:40:26.006+0300][4388][8156 ][info][gc,stats    ]   CMR: CLDG Roots              =    0.000 s (a =       56 us) (n =     3) (lvls, us =       38,       38,       38,       44,       87)
[2025-05-18T21:40:26.006+0300][4388][8156 ][info][gc,stats    ] Concurrent Marking             =    0.005 s (a =     1593 us) (n =     3) (lvls, us =     1406,     1406,     1406,     1582,     1781)
[2025-05-18T21:40:26.006+0300][4388][8156 ][info][gc,stats    ] Pause Final Mark (G)           =    0.001 s (a =      255 us) (n =     3) (lvls, us =      166,      166,      166,      189,      409)
[2025-05-18T21:40:26.006+0300][4388][8156 ][info][gc,stats    ] Pause Final Mark (N)           =    0.001 s (a =      219 us) (n =     3) (lvls, us =      145,      145,      145,      170,      342)
[2025-05-18T21:40:26.006+0300][4388][8156 ][info][gc,stats    ]   Finish Mark                  =    0.000 s (a =      102 us) (n =     3) (lvls, us =       32,       32,       32,       64,      210)
[2025-05-18T21:40:26.006+0300][4388][8156 ][info][gc,stats    ]   Update Region States         =    0.000 s (a =       19 us) (n =     3) (lvls, us =       15,       15,       15,       18,       25)
[2025-05-18T21:40:26.006+0300][4388][8156 ][info][gc,stats    ]   Choose Collection Set        =    0.000 s (a =       34 us) (n =     3) (lvls, us =       29,       29,       29,       31,       43)
[2025-05-18T21:40:26.006+0300][4388][8156 ][info][gc,stats    ]   Rebuild Free Set             =    0.000 s (a =       12 us) (n =     3) (lvls, us =       11,       11,       11,       12,       12)
[2025-05-18T21:40:26.007+0300][4388][8156 ][info][gc,stats    ] Concurrent Thread Roots        =    0.000 s (a =      116 us) (n =     3) (lvls, us =       69,       69,       69,       85,      194)
[2025-05-18T21:40:26.007+0300][4388][8156 ][info][gc,stats    ]   CTR: <total>                 =    0.000 s (a =       57 us) (n =     3) (lvls, us =       28,       28,       28,       59,       83)
[2025-05-18T21:40:26.007+0300][4388][8156 ][info][gc,stats    ]   CTR: Thread Roots            =    0.000 s (a =       57 us) (n =     3) (lvls, us =       28,       28,       28,       59,       83)
[2025-05-18T21:40:26.007+0300][4388][8156 ][info][gc,stats    ] Concurrent Weak References     =    0.000 s (a =      130 us) (n =     3) (lvls, us =       83,       83,       83,       86,      222)
[2025-05-18T21:40:26.007+0300][4388][8156 ][info][gc,stats    ]   CWRF: <total>                =    0.000 s (a =       18 us) (n =     3) (lvls, us =        6,        6,        6,       15,       34)
[2025-05-18T21:40:26.007+0300][4388][8156 ][info][gc,stats    ]   CWRF: Weak References        =    0.000 s (a =       18 us) (n =     3) (lvls, us =        6,        6,        6,       15,       34)
[2025-05-18T21:40:26.007+0300][4388][8156 ][info][gc,stats    ] Concurrent Weak Roots          =    0.001 s (a =      468 us) (n =     3) (lvls, us =      328,      328,      328,      529,      544)
[2025-05-18T21:40:26.007+0300][4388][8156 ][info][gc,stats    ]   Roots                        =    0.001 s (a =      361 us) (n =     3) (lvls, us =      270,      270,      270,      348,      464)
[2025-05-18T21:40:26.007+0300][4388][8156 ][info][gc,stats    ]     CWR: <total>               =    0.002 s (a =      578 us) (n =     3) (lvls, us =      418,      418,      418,      490,      824)
[2025-05-18T21:40:26.007+0300][4388][8156 ][info][gc,stats    ]     CWR: Code Cache Roots      =    0.001 s (a =      383 us) (n =     3) (lvls, us =      176,      176,      176,      396,      576)
[2025-05-18T21:40:26.007+0300][4388][8156 ][info][gc,stats    ]     CWR: VM Weak Roots         =    0.001 s (a =      193 us) (n =     3) (lvls, us =       93,       93,       93,      238,      247)
[2025-05-18T21:40:26.007+0300][4388][8156 ][info][gc,stats    ]     CWR: CLDG Roots            =    0.000 s (a =        1 us) (n =     3) (lvls, us =        1,        1,        1,        1,        1)
[2025-05-18T21:40:26.007+0300][4388][8156 ][info][gc,stats    ]   Rendezvous                   =    0.000 s (a =       62 us) (n =     3) (lvls, us =       29,       29,       29,       39,      118)
[2025-05-18T21:40:26.007+0300][4388][8156 ][info][gc,stats    ] Concurrent Cleanup             =    0.000 s (a =       31 us) (n =     3) (lvls, us =       29,       29,       29,       31,       34)
[2025-05-18T21:40:26.007+0300][4388][8156 ][info][gc,stats    ] Concurrent Class Unloading     =    0.005 s (a =     1693 us) (n =     3) (lvls, us =      977,      977,      977,     1484,     2599)
[2025-05-18T21:40:26.007+0300][4388][8156 ][info][gc,stats    ]   Unlink Stale                 =    0.004 s (a =     1288 us) (n =     3) (lvls, us =      824,      824,      824,     1211,     1813)
[2025-05-18T21:40:26.007+0300][4388][8156 ][info][gc,stats    ]     System Dictionary          =    0.000 s (a =       34 us) (n =     3) (lvls, us =        2,        2,        2,       47,       53)
[2025-05-18T21:40:26.007+0300][4388][8156 ][info][gc,stats    ]     Weak Class Links           =    0.001 s (a =      489 us) (n =     3) (lvls, us =        0,        0,        0,      549,      918)
[2025-05-18T21:40:26.007+0300][4388][8156 ][info][gc,stats    ]     Code Roots                 =    0.002 s (a =      763 us) (n =     3) (lvls, us =      621,      621,      621,      820,      846)
[2025-05-18T21:40:26.007+0300][4388][8156 ][info][gc,stats    ]   Rendezvous                   =    0.000 s (a =       59 us) (n =     3) (lvls, us =       29,       29,       29,       42,      105)
[2025-05-18T21:40:26.007+0300][4388][8156 ][info][gc,stats    ]   Purge Unlinked               =    0.001 s (a =      287 us) (n =     3) (lvls, us =       88,       88,       88,       88,      684)
[2025-05-18T21:40:26.007+0300][4388][8156 ][info][gc,stats    ]     Code Roots                 =    0.001 s (a =      267 us) (n =     3) (lvls, us =       71,       71,       71,       80,      651)
[2025-05-18T21:40:26.007+0300][4388][8156 ][info][gc,stats    ]     CLDG                       =    0.000 s (a =       19 us) (n =     3) (lvls, us =        8,        8,        8,       16,       33)
[2025-05-18T21:40:26.007+0300][4388][8156 ][info][gc,stats    ]     Exception Caches           =    0.000 s (a =        0 us) (n =     3) (lvls, us =        0,        0,        0,        0,        0)
[2025-05-18T21:40:26.007+0300][4388][8156 ][info][gc,stats    ] Concurrent Strong Roots        =    0.001 s (a =      175 us) (n =     3) (lvls, us =       96,       96,       96,      146,      282)
[2025-05-18T21:40:26.007+0300][4388][8156 ][info][gc,stats    ]   CSR: <total>                 =    0.000 s (a =       87 us) (n =     3) (lvls, us =       13,       13,       13,       94,      153)
[2025-05-18T21:40:26.007+0300][4388][8156 ][info][gc,stats    ]   CSR: VM Strong Roots         =    0.000 s (a =        4 us) (n =     3) (lvls, us =        2,        2,        2,        2,        8)
[2025-05-18T21:40:26.007+0300][4388][8156 ][info][gc,stats    ]   CSR: CLDG Roots              =    0.000 s (a =       83 us) (n =     3) (lvls, us =       11,       11,       11,       92,      144)
[2025-05-18T21:40:26.007+0300][4388][8156 ][info][gc,stats    ] Concurrent Evacuation          =    0.002 s (a =      577 us) (n =     3) (lvls, us =       94,       94,       94,      289,     1345)
[2025-05-18T21:40:26.007+0300][4388][8156 ][info][gc,stats    ] Pause Init Update Refs (G)     =    0.000 s (a =      104 us) (n =     3) (lvls, us =       63,       63,       63,       83,      165)
[2025-05-18T21:40:26.007+0300][4388][8156 ][info][gc,stats    ] Pause Init Update Refs (N)     =    0.000 s (a =       61 us) (n =     3) (lvls, us =       41,       41,       41,       46,       96)
[2025-05-18T21:40:26.007+0300][4388][8156 ][info][gc,stats    ]   Manage GCLABs                =    0.000 s (a =        1 us) (n =     3) (lvls, us =        1,        1,        1,        1,        2)
[2025-05-18T21:40:26.007+0300][4388][8156 ][info][gc,stats    ] Concurrent Update Refs         =    0.004 s (a =     1315 us) (n =     3) (lvls, us =     1211,     1211,     1211,     1250,     1457)
[2025-05-18T21:40:26.007+0300][4388][8156 ][info][gc,stats    ] Concurrent Update Thread Roots =    0.000 s (a =      110 us) (n =     3) (lvls, us =       75,       75,       75,      107,      146)
[2025-05-18T21:40:26.007+0300][4388][8156 ][info][gc,stats    ] Pause Final Update Refs (G)    =    0.000 s (a =      127 us) (n =     3) (lvls, us =       72,       72,       72,      115,      193)
[2025-05-18T21:40:26.007+0300][4388][8156 ][info][gc,stats    ] Pause Final Update Refs (N)    =    0.000 s (a =       78 us) (n =     3) (lvls, us =       57,       57,       57,       80,       98)
[2025-05-18T21:40:26.007+0300][4388][8156 ][info][gc,stats    ]   Update Region States         =    0.000 s (a =       25 us) (n =     3) (lvls, us =       12,       12,       12,       16,       47)
[2025-05-18T21:40:26.007+0300][4388][8156 ][info][gc,stats    ]   Trash Collection Set         =    0.000 s (a =        2 us) (n =     3) (lvls, us =        2,        2,        2,        2,        2)
[2025-05-18T21:40:26.007+0300][4388][8156 ][info][gc,stats    ]   Rebuild Free Set             =    0.000 s (a =       12 us) (n =     3) (lvls, us =       11,       11,       11,       12,       12)
[2025-05-18T21:40:26.007+0300][4388][8156 ][info][gc,stats    ] Concurrent Cleanup             =    0.000 s (a =       34 us) (n =     3) (lvls, us =       29,       29,       29,       32,       41)
[2025-05-18T21:40:26.007+0300][4388][8156 ][info][gc,stats    ] 
[2025-05-18T21:40:26.007+0300][4388][8156 ][info][gc,stats    ] 
[2025-05-18T21:40:26.007+0300][4388][8156 ][info][gc,stats    ] Under allocation pressure, concurrent cycles may cancel, and either continue cycle
[2025-05-18T21:40:26.007+0300][4388][8156 ][info][gc,stats    ] under stop-the-world pause or result in stop-the-world Full GC. Increase heap size,
[2025-05-18T21:40:26.007+0300][4388][8156 ][info][gc,stats    ] tune GC heuristics, set more aggressive pacing delay, or lower allocation rate
[2025-05-18T21:40:26.007+0300][4388][8156 ][info][gc,stats    ] to avoid Degenerated and Full GC cycles.
[2025-05-18T21:40:26.007+0300][4388][8156 ][info][gc,stats    ] 
[2025-05-18T21:40:26.007+0300][4388][8156 ][info][gc,stats    ]     3 successful concurrent GCs
[2025-05-18T21:40:26.007+0300][4388][8156 ][info][gc,stats    ]       3 invoked explicitly
[2025-05-18T21:40:26.007+0300][4388][8156 ][info][gc,stats    ]       0 invoked implicitly
[2025-05-18T21:40:26.007+0300][4388][8156 ][info][gc,stats    ] 
[2025-05-18T21:40:26.007+0300][4388][8156 ][info][gc,stats    ]     0 Degenerated GCs
[2025-05-18T21:40:26.007+0300][4388][8156 ][info][gc,stats    ]       0 caused by allocation failure
[2025-05-18T21:40:26.007+0300][4388][8156 ][info][gc,stats    ]       0 upgraded to Full GC
[2025-05-18T21:40:26.007+0300][4388][8156 ][info][gc,stats    ] 
[2025-05-18T21:40:26.007+0300][4388][8156 ][info][gc,stats    ]     0 Full GCs
[2025-05-18T21:40:26.007+0300][4388][8156 ][info][gc,stats    ]       0 invoked explicitly
[2025-05-18T21:40:26.007+0300][4388][8156 ][info][gc,stats    ]       0 invoked implicitly
[2025-05-18T21:40:26.007+0300][4388][8156 ][info][gc,stats    ]       0 caused by allocation failure
[2025-05-18T21:40:26.007+0300][4388][8156 ][info][gc,stats    ]       0 upgraded from Degenerated GC
[2025-05-18T21:40:26.007+0300][4388][8156 ][info][gc,stats    ] 
[2025-05-18T21:40:26.007+0300][4388][8156 ][info][gc,stats    ] 
