[2025-05-18T21:31:28.875+0300][20400][23136][info][gc] Min heap equals to max heap, disabling ShenandoahUncommit
[2025-05-18T21:31:28.879+0300][20400][23136][info][gc] Heuristics ergonomically sets -XX:+ExplicitGCInvokesConcurrent
[2025-05-18T21:31:28.879+0300][20400][23136][info][gc] Heuristics ergonomically sets -XX:+ShenandoahImplicitGCInvokesConcurrent
[2025-05-18T21:31:28.880+0300][20400][23136][info][gc] Using Shenandoah
[2025-05-18T21:31:28.885+0300][20400][23136][info][gc,ergo] Pacer for Idle. Initial: 83886K, Alloc Tax Rate: 1.0x
[2025-05-18T21:31:28.885+0300][20400][23136][info][gc,init] Version: 21.0.7+6-LTS (release)
[2025-05-18T21:31:28.885+0300][20400][23136][info][gc,init] CPUs: 8 total, 8 available
[2025-05-18T21:31:28.885+0300][20400][23136][info][gc,init] Memory: 16183M
[2025-05-18T21:31:28.885+0300][20400][23136][info][gc,init] Large Page Support: Disabled
[2025-05-18T21:31:28.885+0300][20400][23136][info][gc,init] NUMA Support: Disabled
[2025-05-18T21:31:28.885+0300][20400][23136][info][gc,init] Compressed Oops: Enabled (Zero based)
[2025-05-18T21:31:28.885+0300][20400][23136][info][gc,init] Heap Min Capacity: 4G
[2025-05-18T21:31:28.885+0300][20400][23136][info][gc,init] Heap Initial Capacity: 4G
[2025-05-18T21:31:28.885+0300][20400][23136][info][gc,init] Heap Max Capacity: 4G
[2025-05-18T21:31:28.885+0300][20400][23136][info][gc,init] Pre-touch: Disabled
[2025-05-18T21:31:28.885+0300][20400][23136][info][gc,init] Mode: Snapshot-At-The-Beginning (SATB)
[2025-05-18T21:31:28.885+0300][20400][23136][info][gc,init] Heuristics: Adaptive
[2025-05-18T21:31:28.885+0300][20400][23136][info][gc,init] Heap Region Count: 2048
[2025-05-18T21:31:28.885+0300][20400][23136][info][gc,init] Heap Region Size: 2M
[2025-05-18T21:31:28.885+0300][20400][23136][info][gc,init] TLAB Size Max: 2M
[2025-05-18T21:31:28.885+0300][20400][23136][info][gc,init] Humongous Object Threshold: 2M
[2025-05-18T21:31:28.885+0300][20400][23136][info][gc,init] Parallel Workers: 4
[2025-05-18T21:31:28.885+0300][20400][23136][info][gc,init] Concurrent Workers: 2
[2025-05-18T21:31:28.895+0300][20400][23136][info][gc,metaspace] CDS archive(s) mapped at: [0x000002592f000000-0x000002592fc80000-0x000002592fc80000), size 13107200, SharedBaseAddress: 0x000002592f000000, ArchiveRelocationMode: 1.
[2025-05-18T21:31:28.895+0300][20400][23136][info][gc,metaspace] Compressed class space mapped at: 0x0000025930000000-0x0000025970000000, reserved size: 1073741824
[2025-05-18T21:31:28.895+0300][20400][23136][info][gc,metaspace] Narrow klass base: 0x000002592f000000, Narrow klass shift: 0, Narrow klass range: 0x100000000
[2025-05-18T21:31:33.851+0300][20400][13328][info][gc          ] Trigger: Explicit GC request (System.gc())
[2025-05-18T21:31:33.851+0300][20400][13328][info][gc,ergo     ] Free: 3690M, Max: 2048K regular, 3690M humongous, Frag: 0% external, 0% internal; Reserve: 206M, Max: 2048K
[2025-05-18T21:31:33.851+0300][20400][13328][info][gc,start    ] GC(0) Concurrent reset
[2025-05-18T21:31:33.851+0300][20400][13328][info][gc,task     ] GC(0) Using 2 of 4 workers for concurrent reset
[2025-05-18T21:31:33.851+0300][20400][13328][info][gc,ergo     ] GC(0) Pacer for Reset. Non-Taxable: 4096M
[2025-05-18T21:31:33.851+0300][20400][13328][info][gc          ] GC(0) Concurrent reset 0.341ms
[2025-05-18T21:31:33.851+0300][20400][7724 ][info][gc,start    ] GC(0) Pause Init Mark (unload classes)
[2025-05-18T21:31:33.851+0300][20400][7724 ][info][gc,task     ] GC(0) Using 4 of 4 workers for init marking
[2025-05-18T21:31:33.851+0300][20400][7724 ][info][gc,ref      ] GC(0) Clearing All SoftReferences
[2025-05-18T21:31:33.851+0300][20400][7724 ][info][gc,ergo     ] GC(0) Pacer for Mark. Expected Live: 409M, Free: 3690M, Non-Taxable: 369M, Alloc Tax Rate: 0.1x
[2025-05-18T21:31:33.851+0300][20400][7724 ][info][gc          ] GC(0) Pause Init Mark (unload classes) 0.206ms
[2025-05-18T21:31:33.851+0300][20400][13328][info][gc,start    ] GC(0) Concurrent marking roots
[2025-05-18T21:31:33.852+0300][20400][13328][info][gc,task     ] GC(0) Using 2 of 4 workers for concurrent marking roots
[2025-05-18T21:31:33.854+0300][20400][13328][info][gc          ] GC(0) Concurrent marking roots 1.569ms
[2025-05-18T21:31:33.854+0300][20400][13328][info][gc,start    ] GC(0) Concurrent marking (unload classes)
[2025-05-18T21:31:33.854+0300][20400][13328][info][gc,task     ] GC(0) Using 2 of 4 workers for concurrent marking
[2025-05-18T21:31:33.861+0300][20400][13328][info][gc          ] GC(0) Concurrent marking (unload classes) 7.571ms
[2025-05-18T21:31:33.861+0300][20400][7724 ][info][gc,start    ] GC(0) Pause Final Mark (unload classes)
[2025-05-18T21:31:33.861+0300][20400][7724 ][info][gc,task     ] GC(0) Using 4 of 4 workers for final marking
[2025-05-18T21:31:33.861+0300][20400][7724 ][info][gc,ergo     ] GC(0) Adaptive CSet Selection. Target Free: 580M, Actual Free: 3896M, Max CSet: 170M, Min Garbage: 0B
[2025-05-18T21:31:33.861+0300][20400][7724 ][info][gc,ergo     ] GC(0) Collectable Garbage: 191M (100%), Immediate: 0B (0%), CSet: 191M (100%)
[2025-05-18T21:31:33.861+0300][20400][7724 ][info][gc,ergo     ] GC(0) Pacer for Evacuation. Used CSet: 200M, Free: 3690M, Non-Taxable: 369M, Alloc Tax Rate: 1.1x
[2025-05-18T21:31:33.861+0300][20400][7724 ][info][gc          ] GC(0) Pause Final Mark (unload classes) 0.444ms
[2025-05-18T21:31:33.861+0300][20400][13328][info][gc,start    ] GC(0) Concurrent thread roots
[2025-05-18T21:31:33.861+0300][20400][13328][info][gc,task     ] GC(0) Using 2 of 4 workers for Concurrent thread roots
[2025-05-18T21:31:33.861+0300][20400][13328][info][gc          ] GC(0) Concurrent thread roots 0.279ms
[2025-05-18T21:31:33.861+0300][20400][13328][info][gc,start    ] GC(0) Concurrent weak references
[2025-05-18T21:31:33.861+0300][20400][13328][info][gc,task     ] GC(0) Using 2 of 4 workers for concurrent weak references
[2025-05-18T21:31:33.862+0300][20400][13328][info][gc,ref      ] GC(0) Encountered references: Soft: 3753, Weak: 2618, Final: 3, Phantom: 912
[2025-05-18T21:31:33.862+0300][20400][13328][info][gc,ref      ] GC(0) Discovered  references: Soft: 2932, Weak: 1407, Final: 1, Phantom: 772
[2025-05-18T21:31:33.862+0300][20400][13328][info][gc,ref      ] GC(0) Enqueued    references: Soft: 1444, Weak: 814, Final: 0, Phantom: 673
[2025-05-18T21:31:33.862+0300][20400][13328][info][gc          ] GC(0) Concurrent weak references 0.628ms
[2025-05-18T21:31:33.862+0300][20400][13328][info][gc,start    ] GC(0) Concurrent weak roots
[2025-05-18T21:31:33.862+0300][20400][13328][info][gc,task     ] GC(0) Using 2 of 4 workers for concurrent weak root
[2025-05-18T21:31:33.864+0300][20400][13328][info][gc          ] GC(0) Concurrent weak roots 1.951ms
[2025-05-18T21:31:33.864+0300][20400][13328][info][gc,start    ] GC(0) Concurrent cleanup
[2025-05-18T21:31:33.864+0300][20400][13328][info][gc          ] GC(0) Concurrent cleanup 203M->203M(4096M) 0.037ms
[2025-05-18T21:31:33.864+0300][20400][13328][info][gc,ergo     ] GC(0) Free: 3688M, Max: 2048K regular, 3688M humongous, Frag: 0% external, 0% internal; Reserve: 204M, Max: 2048K
[2025-05-18T21:31:33.864+0300][20400][13328][info][gc,start    ] GC(0) Concurrent class unloading
[2025-05-18T21:31:33.864+0300][20400][13328][info][gc,task     ] GC(0) Using 2 of 4 workers for concurrent class unloading
[2025-05-18T21:31:33.875+0300][20400][13328][info][gc          ] GC(0) Concurrent class unloading 10.450ms
[2025-05-18T21:31:33.875+0300][20400][13328][info][gc,start    ] GC(0) Concurrent strong roots
[2025-05-18T21:31:33.875+0300][20400][13328][info][gc,task     ] GC(0) Using 2 of 4 workers for concurrent strong root
[2025-05-18T21:31:33.875+0300][20400][13328][info][gc          ] GC(0) Concurrent strong roots 0.597ms
[2025-05-18T21:31:33.875+0300][20400][13328][info][gc,start    ] GC(0) Concurrent evacuation
[2025-05-18T21:31:33.875+0300][20400][13328][info][gc,task     ] GC(0) Using 2 of 4 workers for concurrent evacuation
[2025-05-18T21:31:33.880+0300][20400][13328][info][gc          ] GC(0) Concurrent evacuation 5.110ms
[2025-05-18T21:31:33.881+0300][20400][7724 ][info][gc,start    ] GC(0) Pause Init Update Refs
[2025-05-18T21:31:33.881+0300][20400][7724 ][info][gc,ergo     ] GC(0) Pacer for Update Refs. Used: 214M, Free: 3688M, Non-Taxable: 368M, Alloc Tax Rate: 1.1x
[2025-05-18T21:31:33.881+0300][20400][7724 ][info][gc          ] GC(0) Pause Init Update Refs 0.114ms
[2025-05-18T21:31:33.881+0300][20400][13328][info][gc,start    ] GC(0) Concurrent update references
[2025-05-18T21:31:33.881+0300][20400][13328][info][gc,task     ] GC(0) Using 2 of 4 workers for concurrent reference update
[2025-05-18T21:31:33.886+0300][20400][13328][info][gc          ] GC(0) Concurrent update references 4.762ms
[2025-05-18T21:31:33.886+0300][20400][13328][info][gc,start    ] GC(0) Concurrent update thread roots
[2025-05-18T21:31:33.887+0300][20400][13328][info][gc          ] GC(0) Concurrent update thread roots 0.298ms
[2025-05-18T21:31:33.887+0300][20400][7724 ][info][gc,start    ] GC(0) Pause Final Update Refs
[2025-05-18T21:31:33.887+0300][20400][7724 ][info][gc,task     ] GC(0) Using 4 of 4 workers for final reference update
[2025-05-18T21:31:33.887+0300][20400][7724 ][info][gc          ] GC(0) Pause Final Update Refs 0.354ms
[2025-05-18T21:31:33.887+0300][20400][13328][info][gc,start    ] GC(0) Concurrent cleanup
[2025-05-18T21:31:33.887+0300][20400][13328][info][gc          ] GC(0) Concurrent cleanup 214M->14M(4096M) 0.044ms
[2025-05-18T21:31:33.887+0300][20400][13328][info][gc,ergo     ] Free: 3876M, Max: 2048K regular, 3676M humongous, Frag: 6% external, 0% internal; Reserve: 206M, Max: 2048K
[2025-05-18T21:31:33.887+0300][20400][13328][info][gc,stats    ] 
[2025-05-18T21:31:33.887+0300][20400][13328][info][gc,stats    ] All times are wall-clock times, except per-root-class counters, that are sum over
[2025-05-18T21:31:33.887+0300][20400][13328][info][gc,stats    ] all workers. Dividing the <total> over the root stage time estimates parallelism.
[2025-05-18T21:31:33.887+0300][20400][13328][info][gc,stats    ] 
[2025-05-18T21:31:33.887+0300][20400][13328][info][gc,stats    ] Concurrent Reset                    379 us
[2025-05-18T21:31:33.887+0300][20400][13328][info][gc,stats    ] Pause Init Mark (G)                 340 us
[2025-05-18T21:31:33.887+0300][20400][13328][info][gc,stats    ] Pause Init Mark (N)                 221 us
[2025-05-18T21:31:33.887+0300][20400][13328][info][gc,stats    ]   Update Region States                6 us
[2025-05-18T21:31:33.887+0300][20400][13328][info][gc,stats    ] Concurrent Mark Roots              1594 us, parallelism: 1.69x
[2025-05-18T21:31:33.887+0300][20400][13328][info][gc,stats    ]   CMR: <total>                     2697 us
[2025-05-18T21:31:33.887+0300][20400][13328][info][gc,stats    ]   CMR: Thread Roots                2297 us, workers (us): 990, 1306, ---, ---, 
[2025-05-18T21:31:33.887+0300][20400][13328][info][gc,stats    ]   CMR: VM Strong Roots               94 us, workers (us):  65,  29, ---, ---, 
[2025-05-18T21:31:33.887+0300][20400][13328][info][gc,stats    ]   CMR: CLDG Roots                   306 us, workers (us): 306, ---, ---, ---, 
[2025-05-18T21:31:33.887+0300][20400][13328][info][gc,stats    ] Concurrent Marking                 7637 us
[2025-05-18T21:31:33.887+0300][20400][13328][info][gc,stats    ] Pause Final Mark (G)                582 us
[2025-05-18T21:31:33.887+0300][20400][13328][info][gc,stats    ] Pause Final Mark (N)                456 us
[2025-05-18T21:31:33.887+0300][20400][13328][info][gc,stats    ]   Finish Mark                       278 us
[2025-05-18T21:31:33.887+0300][20400][13328][info][gc,stats    ]   Update Region States               14 us
[2025-05-18T21:31:33.887+0300][20400][13328][info][gc,stats    ]   Choose Collection Set              68 us
[2025-05-18T21:31:33.887+0300][20400][13328][info][gc,stats    ]   Rebuild Free Set                   13 us
[2025-05-18T21:31:33.887+0300][20400][13328][info][gc,stats    ] Concurrent Thread Roots             309 us, parallelism: 0.56x
[2025-05-18T21:31:33.887+0300][20400][13328][info][gc,stats    ]   CTR: <total>                      172 us
[2025-05-18T21:31:33.887+0300][20400][13328][info][gc,stats    ]   CTR: Thread Roots                 172 us, workers (us):  99,  73, ---, ---, 
[2025-05-18T21:31:33.887+0300][20400][13328][info][gc,stats    ] Concurrent Weak References          641 us, parallelism: 1.01x
[2025-05-18T21:31:33.887+0300][20400][13328][info][gc,stats    ]   CWRF: <total>                     650 us
[2025-05-18T21:31:33.887+0300][20400][13328][info][gc,stats    ]   CWRF: Weak References             650 us, workers (us): 255, 395, ---, ---, 
[2025-05-18T21:31:33.887+0300][20400][13328][info][gc,stats    ] Concurrent Weak Roots              2017 us
[2025-05-18T21:31:33.887+0300][20400][13328][info][gc,stats    ]   Roots                            1846 us, parallelism: 1.87x
[2025-05-18T21:31:33.887+0300][20400][13328][info][gc,stats    ]     CWR: <total>                   3454 us
[2025-05-18T21:31:33.887+0300][20400][13328][info][gc,stats    ]     CWR: Code Cache Roots          1171 us, workers (us): 607, 564, ---, ---, 
[2025-05-18T21:31:33.887+0300][20400][13328][info][gc,stats    ]     CWR: VM Weak Roots             2270 us, workers (us): 1147, 1123, ---, ---, 
[2025-05-18T21:31:33.887+0300][20400][13328][info][gc,stats    ]     CWR: CLDG Roots                  12 us, workers (us): ---,  12, ---, ---, 
[2025-05-18T21:31:33.887+0300][20400][13328][info][gc,stats    ]   Rendezvous                         79 us
[2025-05-18T21:31:33.887+0300][20400][13328][info][gc,stats    ] Concurrent Cleanup                   51 us
[2025-05-18T21:31:33.887+0300][20400][13328][info][gc,stats    ] Concurrent Class Unloading        10517 us
[2025-05-18T21:31:33.887+0300][20400][13328][info][gc,stats    ]   Unlink Stale                     9089 us
[2025-05-18T21:31:33.887+0300][20400][13328][info][gc,stats    ]     System Dictionary               170 us
[2025-05-18T21:31:33.887+0300][20400][13328][info][gc,stats    ]     Weak Class Links               6879 us
[2025-05-18T21:31:33.887+0300][20400][13328][info][gc,stats    ]     Code Roots                     2038 us
[2025-05-18T21:31:33.887+0300][20400][13328][info][gc,stats    ]   Rendezvous                         65 us
[2025-05-18T21:31:33.887+0300][20400][13328][info][gc,stats    ]   Purge Unlinked                   1264 us
[2025-05-18T21:31:33.887+0300][20400][13328][info][gc,stats    ]     Code Roots                     1095 us
[2025-05-18T21:31:33.887+0300][20400][13328][info][gc,stats    ]     CLDG                            169 us
[2025-05-18T21:31:33.887+0300][20400][13328][info][gc,stats    ]     Exception Caches                  0 us
[2025-05-18T21:31:33.887+0300][20400][13328][info][gc,stats    ] Concurrent Strong Roots             641 us, parallelism: 0.85x
[2025-05-18T21:31:33.887+0300][20400][13328][info][gc,stats    ]   CSR: <total>                      544 us
[2025-05-18T21:31:33.887+0300][20400][13328][info][gc,stats    ]   CSR: VM Strong Roots               28 us, workers (us):  12,  16, ---, ---, 
[2025-05-18T21:31:33.887+0300][20400][13328][info][gc,stats    ]   CSR: CLDG Roots                   516 us, workers (us): 516, ---, ---, ---, 
[2025-05-18T21:31:33.887+0300][20400][13328][info][gc,stats    ] Concurrent Evacuation              5159 us
[2025-05-18T21:31:33.887+0300][20400][13328][info][gc,stats    ] Pause Init Update Refs (G)          321 us
[2025-05-18T21:31:33.887+0300][20400][13328][info][gc,stats    ] Pause Init Update Refs (N)          126 us
[2025-05-18T21:31:33.887+0300][20400][13328][info][gc,stats    ]   Manage GCLABs                       5 us
[2025-05-18T21:31:33.887+0300][20400][13328][info][gc,stats    ] Concurrent Update Refs             4821 us
[2025-05-18T21:31:33.887+0300][20400][13328][info][gc,stats    ] Concurrent Update Thread Roots      331 us
[2025-05-18T21:31:33.887+0300][20400][13328][info][gc,stats    ] Pause Final Update Refs (G)         549 us
[2025-05-18T21:31:33.887+0300][20400][13328][info][gc,stats    ] Pause Final Update Refs (N)         384 us
[2025-05-18T21:31:33.887+0300][20400][13328][info][gc,stats    ]   Update Region States               15 us
[2025-05-18T21:31:33.887+0300][20400][13328][info][gc,stats    ]   Trash Collection Set                3 us
[2025-05-18T21:31:33.887+0300][20400][13328][info][gc,stats    ]   Rebuild Free Set                   11 us
[2025-05-18T21:31:33.887+0300][20400][13328][info][gc,stats    ] Concurrent Cleanup                   59 us
[2025-05-18T21:31:33.887+0300][20400][13328][info][gc,stats    ] 
[2025-05-18T21:31:33.887+0300][20400][13328][info][gc,stats    ] Allocation pacing accrued:
[2025-05-18T21:31:33.887+0300][20400][13328][info][gc,stats    ]       0 of  5003 ms (  0.0%): <total>
[2025-05-18T21:31:33.887+0300][20400][13328][info][gc,stats    ]       0 of  5003 ms (  0.0%): <average total>
[2025-05-18T21:31:33.887+0300][20400][13328][info][gc,stats    ] 
[2025-05-18T21:31:33.888+0300][20400][13328][info][gc,metaspace] Metaspace: 15325K(15744K)->15179K(15744K) NonClass: 13815K(14016K)->13710K(14016K) Class: 1510K(1728K)->1469K(1728K)
[2025-05-18T21:31:33.888+0300][20400][13328][info][gc,ergo     ] Pacer for Idle. Initial: 83886K, Alloc Tax Rate: 1.0x
[2025-05-18T21:31:35.111+0300][20400][13328][info][gc          ] Trigger: Metadata GC Threshold
[2025-05-18T21:31:35.111+0300][20400][13328][info][gc,ergo     ] Free: 3734M, Max: 2048K regular, 3676M humongous, Frag: 2% external, 0% internal; Reserve: 206M, Max: 2048K
[2025-05-18T21:31:35.111+0300][20400][13328][info][gc,start    ] GC(1) Concurrent reset
[2025-05-18T21:31:35.111+0300][20400][13328][info][gc,task     ] GC(1) Using 2 of 4 workers for concurrent reset
[2025-05-18T21:31:35.111+0300][20400][13328][info][gc,ergo     ] GC(1) Pacer for Reset. Non-Taxable: 4096M
[2025-05-18T21:31:35.111+0300][20400][13328][info][gc          ] GC(1) Concurrent reset 0.616ms
[2025-05-18T21:31:35.111+0300][20400][7724 ][info][gc,start    ] GC(1) Pause Init Mark (unload classes)
[2025-05-18T21:31:35.112+0300][20400][7724 ][info][gc,task     ] GC(1) Using 4 of 4 workers for init marking
[2025-05-18T21:31:35.112+0300][20400][7724 ][info][gc,ergo     ] GC(1) Pacer for Mark. Expected Live: 8851K, Free: 3734M, Non-Taxable: 373M, Alloc Tax Rate: 0.0x
[2025-05-18T21:31:35.112+0300][20400][7724 ][info][gc          ] GC(1) Pause Init Mark (unload classes) 0.113ms
[2025-05-18T21:31:35.112+0300][20400][13328][info][gc,start    ] GC(1) Concurrent marking roots
[2025-05-18T21:31:35.112+0300][20400][13328][info][gc,task     ] GC(1) Using 2 of 4 workers for concurrent marking roots
[2025-05-18T21:31:35.114+0300][20400][13328][info][gc          ] GC(1) Concurrent marking roots 2.602ms
[2025-05-18T21:31:35.114+0300][20400][13328][info][gc,start    ] GC(1) Concurrent marking (unload classes)
[2025-05-18T21:31:35.114+0300][20400][13328][info][gc,task     ] GC(1) Using 2 of 4 workers for concurrent marking
[2025-05-18T21:31:35.128+0300][20400][13328][info][gc          ] GC(1) Concurrent marking (unload classes) 13.386ms
[2025-05-18T21:31:35.128+0300][20400][7724 ][info][gc,start    ] GC(1) Pause Final Mark (unload classes)
[2025-05-18T21:31:35.128+0300][20400][7724 ][info][gc,task     ] GC(1) Using 4 of 4 workers for final marking
[2025-05-18T21:31:35.128+0300][20400][7724 ][info][gc,ergo     ] GC(1) Adaptive CSet Selection. Target Free: 580M, Actual Free: 3960M, Max CSet: 170M, Min Garbage: 0B
[2025-05-18T21:31:35.129+0300][20400][7724 ][info][gc,ergo     ] GC(1) Collectable Garbage: 141M (99%), Immediate: 22528K (15%), CSet: 119M (84%)
[2025-05-18T21:31:35.129+0300][20400][7724 ][info][gc,ergo     ] GC(1) Pacer for Evacuation. Used CSet: 127M, Free: 3754M, Non-Taxable: 375M, Alloc Tax Rate: 1.1x
[2025-05-18T21:31:35.129+0300][20400][7724 ][info][gc          ] GC(1) Pause Final Mark (unload classes) 0.291ms
[2025-05-18T21:31:35.129+0300][20400][13328][info][gc,start    ] GC(1) Concurrent thread roots
[2025-05-18T21:31:35.129+0300][20400][13328][info][gc,task     ] GC(1) Using 2 of 4 workers for Concurrent thread roots
[2025-05-18T21:31:35.129+0300][20400][13328][info][gc          ] GC(1) Concurrent thread roots 0.791ms
[2025-05-18T21:31:35.129+0300][20400][13328][info][gc,start    ] GC(1) Concurrent weak references
[2025-05-18T21:31:35.129+0300][20400][13328][info][gc,task     ] GC(1) Using 2 of 4 workers for concurrent weak references
[2025-05-18T21:31:35.130+0300][20400][13328][info][gc,ref      ] GC(1) Encountered references: Soft: 3623, Weak: 2342, Final: 3, Phantom: 332
[2025-05-18T21:31:35.130+0300][20400][13328][info][gc,ref      ] GC(1) Discovered  references: Soft: 0, Weak: 957, Final: 1, Phantom: 188
[2025-05-18T21:31:35.130+0300][20400][13328][info][gc,ref      ] GC(1) Enqueued    references: Soft: 0, Weak: 182, Final: 0, Phantom: 61
[2025-05-18T21:31:35.130+0300][20400][13328][info][gc          ] GC(1) Concurrent weak references 0.335ms
[2025-05-18T21:31:35.130+0300][20400][13328][info][gc,start    ] GC(1) Concurrent weak roots
[2025-05-18T21:31:35.130+0300][20400][13328][info][gc,task     ] GC(1) Using 2 of 4 workers for concurrent weak root
[2025-05-18T21:31:35.132+0300][20400][13328][info][gc          ] GC(1) Concurrent weak roots 2.243ms
[2025-05-18T21:31:35.132+0300][20400][13328][info][gc,start    ] GC(1) Concurrent cleanup
[2025-05-18T21:31:35.132+0300][20400][13328][info][gc          ] GC(1) Concurrent cleanup 162M->140M(4096M) 0.062ms
[2025-05-18T21:31:35.132+0300][20400][13328][info][gc,ergo     ] GC(1) Free: 3750M, Max: 2048K regular, 3676M humongous, Frag: 2% external, 0% internal; Reserve: 204M, Max: 2048K
[2025-05-18T21:31:35.132+0300][20400][13328][info][gc,start    ] GC(1) Concurrent class unloading
[2025-05-18T21:31:35.132+0300][20400][13328][info][gc,task     ] GC(1) Using 2 of 4 workers for concurrent class unloading
[2025-05-18T21:31:35.137+0300][20400][13328][info][gc          ] GC(1) Concurrent class unloading 4.465ms
[2025-05-18T21:31:35.137+0300][20400][13328][info][gc,start    ] GC(1) Concurrent strong roots
[2025-05-18T21:31:35.137+0300][20400][13328][info][gc,task     ] GC(1) Using 2 of 4 workers for concurrent strong root
[2025-05-18T21:31:35.138+0300][20400][13328][info][gc          ] GC(1) Concurrent strong roots 0.839ms
[2025-05-18T21:31:35.138+0300][20400][13328][info][gc,start    ] GC(1) Concurrent evacuation
[2025-05-18T21:31:35.138+0300][20400][13328][info][gc,task     ] GC(1) Using 2 of 4 workers for concurrent evacuation
[2025-05-18T21:31:35.141+0300][20400][13328][info][gc          ] GC(1) Concurrent evacuation 3.666ms
[2025-05-18T21:31:35.141+0300][20400][7724 ][info][gc,start    ] GC(1) Pause Init Update Refs
[2025-05-18T21:31:35.141+0300][20400][7724 ][info][gc,ergo     ] GC(1) Pacer for Update Refs. Used: 149M, Free: 3750M, Non-Taxable: 375M, Alloc Tax Rate: 1.1x
[2025-05-18T21:31:35.142+0300][20400][7724 ][info][gc          ] GC(1) Pause Init Update Refs 0.071ms
[2025-05-18T21:31:35.142+0300][20400][13328][info][gc,start    ] GC(1) Concurrent update references
[2025-05-18T21:31:35.142+0300][20400][13328][info][gc,task     ] GC(1) Using 2 of 4 workers for concurrent reference update
[2025-05-18T21:31:35.149+0300][20400][13328][info][gc          ] GC(1) Concurrent update references 7.853ms
[2025-05-18T21:31:35.149+0300][20400][13328][info][gc,start    ] GC(1) Concurrent update thread roots
[2025-05-18T21:31:35.159+0300][20400][13328][info][gc          ] GC(1) Concurrent update thread roots 9.086ms
[2025-05-18T21:31:35.159+0300][20400][7724 ][info][gc,start    ] GC(1) Pause Final Update Refs
[2025-05-18T21:31:35.159+0300][20400][7724 ][info][gc,task     ] GC(1) Using 4 of 4 workers for final reference update
[2025-05-18T21:31:35.159+0300][20400][7724 ][info][gc          ] GC(1) Pause Final Update Refs 0.122ms
[2025-05-18T21:31:35.159+0300][20400][13328][info][gc,start    ] GC(1) Concurrent cleanup
[2025-05-18T21:31:35.159+0300][20400][13328][info][gc          ] GC(1) Concurrent cleanup 151M->23M(4096M) 0.068ms
[2025-05-18T21:31:35.159+0300][20400][13328][info][gc,ergo     ] Free: 3866M, Max: 2048K regular, 3726M humongous, Frag: 4% external, 0% internal; Reserve: 206M, Max: 2048K
[2025-05-18T21:31:35.159+0300][20400][13328][info][gc,stats    ] 
[2025-05-18T21:31:35.159+0300][20400][13328][info][gc,stats    ] All times are wall-clock times, except per-root-class counters, that are sum over
[2025-05-18T21:31:35.159+0300][20400][13328][info][gc,stats    ] all workers. Dividing the <total> over the root stage time estimates parallelism.
[2025-05-18T21:31:35.159+0300][20400][13328][info][gc,stats    ] 
[2025-05-18T21:31:35.159+0300][20400][13328][info][gc,stats    ] Concurrent Reset                    675 us
[2025-05-18T21:31:35.159+0300][20400][13328][info][gc,stats    ] Pause Init Mark (G)                 254 us
[2025-05-18T21:31:35.159+0300][20400][13328][info][gc,stats    ] Pause Init Mark (N)                 133 us
[2025-05-18T21:31:35.159+0300][20400][13328][info][gc,stats    ]   Update Region States               14 us
[2025-05-18T21:31:35.159+0300][20400][13328][info][gc,stats    ] Concurrent Mark Roots              2650 us, parallelism: 1.85x
[2025-05-18T21:31:35.159+0300][20400][13328][info][gc,stats    ]   CMR: <total>                     4890 us
[2025-05-18T21:31:35.159+0300][20400][13328][info][gc,stats    ]   CMR: Thread Roots                4688 us, workers (us): 2427, 2261, ---, ---, 
[2025-05-18T21:31:35.159+0300][20400][13328][info][gc,stats    ]   CMR: VM Strong Roots               37 us, workers (us):  22,  16, ---, ---, 
[2025-05-18T21:31:35.159+0300][20400][13328][info][gc,stats    ]   CMR: CLDG Roots                   165 us, workers (us): ---, 165, ---, ---, 
[2025-05-18T21:31:35.159+0300][20400][13328][info][gc,stats    ] Concurrent Marking                13454 us
[2025-05-18T21:31:35.159+0300][20400][13328][info][gc,stats    ] Pause Final Mark (G)                373 us
[2025-05-18T21:31:35.159+0300][20400][13328][info][gc,stats    ] Pause Final Mark (N)                306 us
[2025-05-18T21:31:35.159+0300][20400][13328][info][gc,stats    ]   Finish Mark                        42 us
[2025-05-18T21:31:35.159+0300][20400][13328][info][gc,stats    ]   Update Region States               29 us
[2025-05-18T21:31:35.159+0300][20400][13328][info][gc,stats    ]   Choose Collection Set              88 us
[2025-05-18T21:31:35.159+0300][20400][13328][info][gc,stats    ]   Rebuild Free Set                   17 us
[2025-05-18T21:31:35.159+0300][20400][13328][info][gc,stats    ] Concurrent Thread Roots             832 us, parallelism: 1.35x
[2025-05-18T21:31:35.159+0300][20400][13328][info][gc,stats    ]   CTR: <total>                     1125 us
[2025-05-18T21:31:35.159+0300][20400][13328][info][gc,stats    ]   CTR: Thread Roots                1125 us, workers (us): 688, 437, ---, ---, 
[2025-05-18T21:31:35.159+0300][20400][13328][info][gc,stats    ] Concurrent Weak References          358 us, parallelism: 0.74x
[2025-05-18T21:31:35.160+0300][20400][13328][info][gc,stats    ]   CWRF: <total>                     267 us
[2025-05-18T21:31:35.160+0300][20400][13328][info][gc,stats    ]   CWRF: Weak References             267 us, workers (us): 117, 150, ---, ---, 
[2025-05-18T21:31:35.160+0300][20400][13328][info][gc,stats    ] Concurrent Weak Roots              2306 us
[2025-05-18T21:31:35.160+0300][20400][13328][info][gc,stats    ]   Roots                            2119 us, parallelism: 1.90x
[2025-05-18T21:31:35.160+0300][20400][13328][info][gc,stats    ]     CWR: <total>                   4031 us
[2025-05-18T21:31:35.160+0300][20400][13328][info][gc,stats    ]     CWR: Code Cache Roots          1791 us, workers (us): 848, 943, ---, ---, 
[2025-05-18T21:31:35.160+0300][20400][13328][info][gc,stats    ]     CWR: VM Weak Roots             2211 us, workers (us): 1109, 1101, ---, ---, 
[2025-05-18T21:31:35.160+0300][20400][13328][info][gc,stats    ]     CWR: CLDG Roots                  29 us, workers (us):  29, ---, ---, ---, 
[2025-05-18T21:31:35.160+0300][20400][13328][info][gc,stats    ]   Rendezvous                         83 us
[2025-05-18T21:31:35.160+0300][20400][13328][info][gc,stats    ] Concurrent Cleanup                   84 us
[2025-05-18T21:31:35.160+0300][20400][13328][info][gc,stats    ] Concurrent Class Unloading         4521 us
[2025-05-18T21:31:35.160+0300][20400][13328][info][gc,stats    ]   Unlink Stale                     3465 us
[2025-05-18T21:31:35.160+0300][20400][13328][info][gc,stats    ]     System Dictionary                31 us
[2025-05-18T21:31:35.160+0300][20400][13328][info][gc,stats    ]     Weak Class Links                  1 us
[2025-05-18T21:31:35.160+0300][20400][13328][info][gc,stats    ]     Code Roots                     3431 us
[2025-05-18T21:31:35.160+0300][20400][13328][info][gc,stats    ]   Rendezvous                         70 us
[2025-05-18T21:31:35.160+0300][20400][13328][info][gc,stats    ]   Purge Unlinked                    888 us
[2025-05-18T21:31:35.160+0300][20400][13328][info][gc,stats    ]     Code Roots                      862 us
[2025-05-18T21:31:35.160+0300][20400][13328][info][gc,stats    ]     CLDG                             26 us
[2025-05-18T21:31:35.160+0300][20400][13328][info][gc,stats    ]     Exception Caches                  0 us
[2025-05-18T21:31:35.160+0300][20400][13328][info][gc,stats    ] Concurrent Strong Roots             888 us, parallelism: 0.83x
[2025-05-18T21:31:35.160+0300][20400][13328][info][gc,stats    ]   CSR: <total>                      740 us
[2025-05-18T21:31:35.160+0300][20400][13328][info][gc,stats    ]   CSR: VM Strong Roots               19 us, workers (us):  17,   2, ---, ---, 
[2025-05-18T21:31:35.160+0300][20400][13328][info][gc,stats    ]   CSR: CLDG Roots                   721 us, workers (us): ---, 721, ---, ---, 
[2025-05-18T21:31:35.160+0300][20400][13328][info][gc,stats    ] Concurrent Evacuation              3726 us
[2025-05-18T21:31:35.160+0300][20400][13328][info][gc,stats    ] Pause Init Update Refs (G)          175 us
[2025-05-18T21:31:35.160+0300][20400][13328][info][gc,stats    ] Pause Init Update Refs (N)           85 us
[2025-05-18T21:31:35.160+0300][20400][13328][info][gc,stats    ]   Manage GCLABs                       4 us
[2025-05-18T21:31:35.160+0300][20400][13328][info][gc,stats    ] Concurrent Update Refs             7924 us
[2025-05-18T21:31:35.160+0300][20400][13328][info][gc,stats    ] Concurrent Update Thread Roots     9154 us
[2025-05-18T21:31:35.160+0300][20400][13328][info][gc,stats    ] Pause Final Update Refs (G)         236 us
[2025-05-18T21:31:35.160+0300][20400][13328][info][gc,stats    ] Pause Final Update Refs (N)         144 us
[2025-05-18T21:31:35.160+0300][20400][13328][info][gc,stats    ]   Update Region States               29 us
[2025-05-18T21:31:35.160+0300][20400][13328][info][gc,stats    ]   Trash Collection Set                4 us
[2025-05-18T21:31:35.160+0300][20400][13328][info][gc,stats    ]   Rebuild Free Set                   14 us
[2025-05-18T21:31:35.160+0300][20400][13328][info][gc,stats    ] Concurrent Cleanup                   94 us
[2025-05-18T21:31:35.160+0300][20400][13328][info][gc,stats    ] 
[2025-05-18T21:31:35.160+0300][20400][13328][info][gc,stats    ] Allocation pacing accrued:
[2025-05-18T21:31:35.160+0300][20400][13328][info][gc,stats    ]       0 of  1272 ms (  0.0%): <total>
[2025-05-18T21:31:35.160+0300][20400][13328][info][gc,stats    ]       0 of  1272 ms (  0.0%): <average total>
[2025-05-18T21:31:35.160+0300][20400][13328][info][gc,stats    ] 
[2025-05-18T21:31:35.160+0300][20400][13328][info][gc,metaspace] Metaspace: 25880K(26304K)->25980K(26368K) NonClass: 23422K(23680K)->23514K(23744K) Class: 2457K(2624K)->2466K(2624K)
[2025-05-18T21:31:35.160+0300][20400][13328][info][gc,ergo     ] Pacer for Idle. Initial: 83886K, Alloc Tax Rate: 1.0x
[2025-05-18T21:32:03.491+0300][20400][13328][info][gc          ] Trigger: Learning 3 of 5. Free (2866M) is below initial threshold (2867M)
[2025-05-18T21:32:03.491+0300][20400][13328][info][gc,ergo     ] Free: 2866M, Max: 2048K regular, 2866M humongous, Frag: 0% external, 0% internal; Reserve: 206M, Max: 2048K
[2025-05-18T21:32:03.491+0300][20400][13328][info][gc,start    ] GC(2) Concurrent reset
[2025-05-18T21:32:03.491+0300][20400][13328][info][gc,task     ] GC(2) Using 2 of 4 workers for concurrent reset
[2025-05-18T21:32:03.491+0300][20400][13328][info][gc,ergo     ] GC(2) Pacer for Reset. Non-Taxable: 4096M
[2025-05-18T21:32:03.492+0300][20400][13328][info][gc          ] GC(2) Concurrent reset 0.683ms
[2025-05-18T21:32:03.492+0300][20400][7724 ][info][gc,start    ] GC(2) Pause Init Mark (unload classes)
[2025-05-18T21:32:03.492+0300][20400][7724 ][info][gc,task     ] GC(2) Using 4 of 4 workers for init marking
[2025-05-18T21:32:03.492+0300][20400][7724 ][info][gc,ergo     ] GC(2) Pacer for Mark. Expected Live: 11148K, Free: 2864M, Non-Taxable: 286M, Alloc Tax Rate: 0.0x
[2025-05-18T21:32:03.492+0300][20400][7724 ][info][gc          ] GC(2) Pause Init Mark (unload classes) 0.100ms
[2025-05-18T21:32:03.492+0300][20400][13328][info][gc,start    ] GC(2) Concurrent marking roots
[2025-05-18T21:32:03.492+0300][20400][13328][info][gc,task     ] GC(2) Using 2 of 4 workers for concurrent marking roots
[2025-05-18T21:32:03.492+0300][20400][13328][info][gc          ] GC(2) Concurrent marking roots 0.352ms
[2025-05-18T21:32:03.492+0300][20400][13328][info][gc,start    ] GC(2) Concurrent marking (unload classes)
[2025-05-18T21:32:03.492+0300][20400][13328][info][gc,task     ] GC(2) Using 2 of 4 workers for concurrent marking
[2025-05-18T21:32:03.503+0300][20400][13328][info][gc          ] GC(2) Concurrent marking (unload classes) 10.579ms
[2025-05-18T21:32:03.503+0300][20400][7724 ][info][gc,start    ] GC(2) Pause Final Mark (unload classes)
[2025-05-18T21:32:03.503+0300][20400][7724 ][info][gc,task     ] GC(2) Using 4 of 4 workers for final marking
[2025-05-18T21:32:03.503+0300][20400][7724 ][info][gc,ergo     ] GC(2) Adaptive CSet Selection. Target Free: 580M, Actual Free: 3618M, Max CSet: 170M, Min Garbage: 0B
[2025-05-18T21:32:03.503+0300][20400][7724 ][info][gc,ergo     ] GC(2) Collectable Garbage: 1010M (99%), Immediate: 558M (55%), CSet: 452M (44%)
[2025-05-18T21:32:03.503+0300][20400][7724 ][info][gc,ergo     ] GC(2) Pacer for Evacuation. Used CSet: 455M, Free: 3412M, Non-Taxable: 341M, Alloc Tax Rate: 1.1x
[2025-05-18T21:32:03.503+0300][20400][7724 ][info][gc          ] GC(2) Pause Final Mark (unload classes) 0.251ms
[2025-05-18T21:32:03.503+0300][20400][13328][info][gc,start    ] GC(2) Concurrent thread roots
[2025-05-18T21:32:03.503+0300][20400][13328][info][gc,task     ] GC(2) Using 2 of 4 workers for Concurrent thread roots
[2025-05-18T21:32:03.503+0300][20400][13328][info][gc          ] GC(2) Concurrent thread roots 0.265ms
[2025-05-18T21:32:03.503+0300][20400][13328][info][gc,start    ] GC(2) Concurrent weak references
[2025-05-18T21:32:03.503+0300][20400][13328][info][gc,task     ] GC(2) Using 2 of 4 workers for concurrent weak references
[2025-05-18T21:32:03.504+0300][20400][13328][info][gc,ref      ] GC(2) Encountered references: Soft: 4267, Weak: 4627, Final: 3, Phantom: 460
[2025-05-18T21:32:03.504+0300][20400][13328][info][gc,ref      ] GC(2) Discovered  references: Soft: 0, Weak: 1818, Final: 1, Phantom: 367
[2025-05-18T21:32:03.504+0300][20400][13328][info][gc,ref      ] GC(2) Enqueued    references: Soft: 0, Weak: 1282, Final: 0, Phantom: 183
[2025-05-18T21:32:03.504+0300][20400][13328][info][gc          ] GC(2) Concurrent weak references 0.522ms
[2025-05-18T21:32:03.504+0300][20400][13328][info][gc,start    ] GC(2) Concurrent weak roots
[2025-05-18T21:32:03.504+0300][20400][13328][info][gc,task     ] GC(2) Using 2 of 4 workers for concurrent weak root
[2025-05-18T21:32:03.507+0300][20400][13328][info][gc          ] GC(2) Concurrent weak roots 2.897ms
[2025-05-18T21:32:03.507+0300][20400][13328][info][gc,start    ] GC(2) Concurrent cleanup
[2025-05-18T21:32:03.507+0300][20400][13328][info][gc          ] GC(2) Concurrent cleanup 1048M->496M(4096M) 0.059ms
[2025-05-18T21:32:03.507+0300][20400][13328][info][gc,ergo     ] GC(2) Free: 3394M, Max: 2048K regular, 2838M humongous, Frag: 17% external, 0% internal; Reserve: 205M, Max: 2048K
[2025-05-18T21:32:03.507+0300][20400][13328][info][gc,start    ] GC(2) Concurrent class unloading
[2025-05-18T21:32:03.507+0300][20400][13328][info][gc,task     ] GC(2) Using 2 of 4 workers for concurrent class unloading
[2025-05-18T21:32:03.528+0300][20400][13328][info][gc          ] GC(2) Concurrent class unloading 20.578ms
[2025-05-18T21:32:03.528+0300][20400][13328][info][gc,start    ] GC(2) Concurrent strong roots
[2025-05-18T21:32:03.528+0300][20400][13328][info][gc,task     ] GC(2) Using 2 of 4 workers for concurrent strong root
[2025-05-18T21:32:03.528+0300][20400][13328][info][gc          ] GC(2) Concurrent strong roots 0.329ms
[2025-05-18T21:32:03.528+0300][20400][13328][info][gc,start    ] GC(2) Concurrent evacuation
[2025-05-18T21:32:03.528+0300][20400][13328][info][gc,task     ] GC(2) Using 2 of 4 workers for concurrent evacuation
[2025-05-18T21:32:03.532+0300][20400][13328][info][gc          ] GC(2) Concurrent evacuation 3.782ms
[2025-05-18T21:32:03.532+0300][20400][7724 ][info][gc,start    ] GC(2) Pause Init Update Refs
[2025-05-18T21:32:03.532+0300][20400][7724 ][info][gc,ergo     ] GC(2) Pacer for Update Refs. Used: 503M, Free: 3392M, Non-Taxable: 339M, Alloc Tax Rate: 1.1x
[2025-05-18T21:32:03.532+0300][20400][7724 ][info][gc          ] GC(2) Pause Init Update Refs 0.040ms
[2025-05-18T21:32:03.532+0300][20400][13328][info][gc,start    ] GC(2) Concurrent update references
[2025-05-18T21:32:03.532+0300][20400][13328][info][gc,task     ] GC(2) Using 2 of 4 workers for concurrent reference update
[2025-05-18T21:32:03.537+0300][20400][13328][info][gc          ] GC(2) Concurrent update references 5.009ms
[2025-05-18T21:32:03.537+0300][20400][13328][info][gc,start    ] GC(2) Concurrent update thread roots
[2025-05-18T21:32:03.537+0300][20400][13328][info][gc          ] GC(2) Concurrent update thread roots 0.298ms
[2025-05-18T21:32:03.538+0300][20400][7724 ][info][gc,start    ] GC(2) Pause Final Update Refs
[2025-05-18T21:32:03.538+0300][20400][7724 ][info][gc,task     ] GC(2) Using 4 of 4 workers for final reference update
[2025-05-18T21:32:03.538+0300][20400][7724 ][info][gc          ] GC(2) Pause Final Update Refs 0.063ms
[2025-05-18T21:32:03.538+0300][20400][13328][info][gc,start    ] GC(2) Concurrent cleanup
[2025-05-18T21:32:03.538+0300][20400][13328][info][gc          ] GC(2) Concurrent cleanup 503M->47M(4096M) 0.043ms
[2025-05-18T21:32:03.538+0300][20400][13328][info][gc,ergo     ] Free: 3842M, Max: 2048K regular, 2836M humongous, Frag: 27% external, 0% internal; Reserve: 206M, Max: 2048K
[2025-05-18T21:32:03.538+0300][20400][13328][info][gc,stats    ] 
[2025-05-18T21:32:03.538+0300][20400][13328][info][gc,stats    ] All times are wall-clock times, except per-root-class counters, that are sum over
[2025-05-18T21:32:03.538+0300][20400][13328][info][gc,stats    ] all workers. Dividing the <total> over the root stage time estimates parallelism.
[2025-05-18T21:32:03.538+0300][20400][13328][info][gc,stats    ] 
[2025-05-18T21:32:03.538+0300][20400][13328][info][gc,stats    ] Concurrent Reset                    737 us
[2025-05-18T21:32:03.538+0300][20400][13328][info][gc,stats    ] Pause Init Mark (G)                 215 us
[2025-05-18T21:32:03.538+0300][20400][13328][info][gc,stats    ] Pause Init Mark (N)                 114 us
[2025-05-18T21:32:03.538+0300][20400][13328][info][gc,stats    ]   Update Region States               18 us
[2025-05-18T21:32:03.538+0300][20400][13328][info][gc,stats    ] Concurrent Mark Roots               378 us, parallelism: 1.17x
[2025-05-18T21:32:03.538+0300][20400][13328][info][gc,stats    ]   CMR: <total>                      443 us
[2025-05-18T21:32:03.538+0300][20400][13328][info][gc,stats    ]   CMR: Thread Roots                 291 us, workers (us): 219,  72, ---, ---, 
[2025-05-18T21:32:03.538+0300][20400][13328][info][gc,stats    ]   CMR: VM Strong Roots               10 us, workers (us):   6,   4, ---, ---, 
[2025-05-18T21:32:03.538+0300][20400][13328][info][gc,stats    ]   CMR: CLDG Roots                   142 us, workers (us): ---, 142, ---, ---, 
[2025-05-18T21:32:03.538+0300][20400][13328][info][gc,stats    ] Concurrent Marking                10627 us
[2025-05-18T21:32:03.538+0300][20400][13328][info][gc,stats    ] Pause Final Mark (G)                299 us
[2025-05-18T21:32:03.538+0300][20400][13328][info][gc,stats    ] Pause Final Mark (N)                260 us
[2025-05-18T21:32:03.538+0300][20400][13328][info][gc,stats    ]   Finish Mark                        80 us
[2025-05-18T21:32:03.538+0300][20400][13328][info][gc,stats    ]   Update Region States               13 us
[2025-05-18T21:32:03.538+0300][20400][13328][info][gc,stats    ]   Choose Collection Set              73 us
[2025-05-18T21:32:03.538+0300][20400][13328][info][gc,stats    ]   Rebuild Free Set                   14 us
[2025-05-18T21:32:03.538+0300][20400][13328][info][gc,stats    ] Concurrent Thread Roots             287 us, parallelism: 1.09x
[2025-05-18T21:32:03.538+0300][20400][13328][info][gc,stats    ]   CTR: <total>                      314 us
[2025-05-18T21:32:03.538+0300][20400][13328][info][gc,stats    ]   CTR: Thread Roots                 314 us, workers (us): 157, 157, ---, ---, 
[2025-05-18T21:32:03.538+0300][20400][13328][info][gc,stats    ] Concurrent Weak References          536 us, parallelism: 0.81x
[2025-05-18T21:32:03.538+0300][20400][13328][info][gc,stats    ]   CWRF: <total>                     436 us
[2025-05-18T21:32:03.538+0300][20400][13328][info][gc,stats    ]   CWRF: Weak References             436 us, workers (us): 357,  79, ---, ---, 
[2025-05-18T21:32:03.538+0300][20400][13328][info][gc,stats    ] Concurrent Weak Roots              3026 us
[2025-05-18T21:32:03.538+0300][20400][13328][info][gc,stats    ]   Roots                            2639 us, parallelism: 1.83x
[2025-05-18T21:32:03.538+0300][20400][13328][info][gc,stats    ]     CWR: <total>                   4822 us
[2025-05-18T21:32:03.538+0300][20400][13328][info][gc,stats    ]     CWR: Code Cache Roots          3630 us, workers (us): 1903, 1727, ---, ---, 
[2025-05-18T21:32:03.538+0300][20400][13328][info][gc,stats    ]     CWR: VM Weak Roots             1135 us, workers (us): 578, 557, ---, ---, 
[2025-05-18T21:32:03.538+0300][20400][13328][info][gc,stats    ]     CWR: CLDG Roots                  57 us, workers (us): ---,  57, ---, ---, 
[2025-05-18T21:32:03.538+0300][20400][13328][info][gc,stats    ]   Rendezvous                        227 us
[2025-05-18T21:32:03.538+0300][20400][13328][info][gc,stats    ] Concurrent Cleanup                   75 us
[2025-05-18T21:32:03.538+0300][20400][13328][info][gc,stats    ] Concurrent Class Unloading        20653 us
[2025-05-18T21:32:03.538+0300][20400][13328][info][gc,stats    ]   Unlink Stale                    14341 us
[2025-05-18T21:32:03.538+0300][20400][13328][info][gc,stats    ]     System Dictionary               394 us
[2025-05-18T21:32:03.538+0300][20400][13328][info][gc,stats    ]     Weak Class Links               5888 us
[2025-05-18T21:32:03.538+0300][20400][13328][info][gc,stats    ]     Code Roots                     8056 us
[2025-05-18T21:32:03.538+0300][20400][13328][info][gc,stats    ]   Rendezvous                        168 us
[2025-05-18T21:32:03.538+0300][20400][13328][info][gc,stats    ]   Purge Unlinked                   6026 us
[2025-05-18T21:32:03.538+0300][20400][13328][info][gc,stats    ]     Code Roots                     5698 us
[2025-05-18T21:32:03.538+0300][20400][13328][info][gc,stats    ]     CLDG                            326 us
[2025-05-18T21:32:03.538+0300][20400][13328][info][gc,stats    ]     Exception Caches                  1 us
[2025-05-18T21:32:03.538+0300][20400][13328][info][gc,stats    ] Concurrent Strong Roots             364 us, parallelism: 0.63x
[2025-05-18T21:32:03.538+0300][20400][13328][info][gc,stats    ]   CSR: <total>                      228 us
[2025-05-18T21:32:03.538+0300][20400][13328][info][gc,stats    ]   CSR: VM Strong Roots                7 us, workers (us):   6,   0, ---, ---, 
[2025-05-18T21:32:03.538+0300][20400][13328][info][gc,stats    ]   CSR: CLDG Roots                   221 us, workers (us): 221, ---, ---, ---, 
[2025-05-18T21:32:03.538+0300][20400][13328][info][gc,stats    ] Concurrent Evacuation              3831 us
[2025-05-18T21:32:03.538+0300][20400][13328][info][gc,stats    ] Pause Init Update Refs (G)          235 us
[2025-05-18T21:32:03.538+0300][20400][13328][info][gc,stats    ] Pause Init Update Refs (N)           49 us
[2025-05-18T21:32:03.538+0300][20400][13328][info][gc,stats    ]   Manage GCLABs                       4 us
[2025-05-18T21:32:03.538+0300][20400][13328][info][gc,stats    ] Concurrent Update Refs             5078 us
[2025-05-18T21:32:03.538+0300][20400][13328][info][gc,stats    ] Concurrent Update Thread Roots      323 us
[2025-05-18T21:32:03.538+0300][20400][13328][info][gc,stats    ] Pause Final Update Refs (G)         207 us
[2025-05-18T21:32:03.538+0300][20400][13328][info][gc,stats    ] Pause Final Update Refs (N)          73 us
[2025-05-18T21:32:03.538+0300][20400][13328][info][gc,stats    ]   Update Region States               14 us
[2025-05-18T21:32:03.538+0300][20400][13328][info][gc,stats    ]   Trash Collection Set                3 us
[2025-05-18T21:32:03.538+0300][20400][13328][info][gc,stats    ]   Rebuild Free Set                    8 us
[2025-05-18T21:32:03.538+0300][20400][13328][info][gc,stats    ] Concurrent Cleanup                   57 us
[2025-05-18T21:32:03.538+0300][20400][13328][info][gc,stats    ] 
[2025-05-18T21:32:03.538+0300][20400][13328][info][gc,stats    ] Allocation pacing accrued:
[2025-05-18T21:32:03.538+0300][20400][13328][info][gc,stats    ]       0 of 28378 ms (  0.0%): <total>
[2025-05-18T21:32:03.538+0300][20400][13328][info][gc,stats    ]       0 of 28378 ms (  0.0%): <average total>
[2025-05-18T21:32:03.538+0300][20400][13328][info][gc,stats    ] 
[2025-05-18T21:32:03.538+0300][20400][13328][info][gc,metaspace] Metaspace: 34331K(35264K)->34045K(35264K) NonClass: 31389K(31936K)->31185K(31936K) Class: 2941K(3328K)->2859K(3328K)
[2025-05-18T21:32:03.538+0300][20400][13328][info][gc,ergo     ] Pacer for Idle. Initial: 83886K, Alloc Tax Rate: 1.0x
[2025-05-18T21:32:34.104+0300][20400][13328][info][gc          ] Trigger: Learning 4 of 5. Free (2864M) is below initial threshold (2867M)
[2025-05-18T21:32:34.104+0300][20400][13328][info][gc,ergo     ] Free: 2864M, Max: 2048K regular, 2836M humongous, Frag: 1% external, 0% internal; Reserve: 206M, Max: 2048K
[2025-05-18T21:32:34.104+0300][20400][13328][info][gc,start    ] GC(3) Concurrent reset
[2025-05-18T21:32:34.104+0300][20400][13328][info][gc,task     ] GC(3) Using 2 of 4 workers for concurrent reset
[2025-05-18T21:32:34.104+0300][20400][13328][info][gc,ergo     ] GC(3) Pacer for Reset. Non-Taxable: 4096M
[2025-05-18T21:32:34.106+0300][20400][13328][info][gc          ] GC(3) Concurrent reset 1.611ms
[2025-05-18T21:32:34.106+0300][20400][7724 ][info][gc,start    ] GC(3) Pause Init Mark (unload classes)
[2025-05-18T21:32:34.106+0300][20400][7724 ][info][gc,task     ] GC(3) Using 4 of 4 workers for init marking
[2025-05-18T21:32:34.106+0300][20400][7724 ][info][gc,ergo     ] GC(3) Pacer for Mark. Expected Live: 12506K, Free: 2864M, Non-Taxable: 286M, Alloc Tax Rate: 0.0x
[2025-05-18T21:32:34.106+0300][20400][7724 ][info][gc          ] GC(3) Pause Init Mark (unload classes) 0.094ms
[2025-05-18T21:32:34.106+0300][20400][13328][info][gc,start    ] GC(3) Concurrent marking roots
[2025-05-18T21:32:34.106+0300][20400][13328][info][gc,task     ] GC(3) Using 2 of 4 workers for concurrent marking roots
[2025-05-18T21:32:34.106+0300][20400][13328][info][gc          ] GC(3) Concurrent marking roots 0.490ms
[2025-05-18T21:32:34.106+0300][20400][13328][info][gc,start    ] GC(3) Concurrent marking (unload classes)
[2025-05-18T21:32:34.106+0300][20400][13328][info][gc,task     ] GC(3) Using 2 of 4 workers for concurrent marking
[2025-05-18T21:32:34.115+0300][20400][13328][info][gc          ] GC(3) Concurrent marking (unload classes) 8.683ms
[2025-05-18T21:32:34.115+0300][20400][7724 ][info][gc,start    ] GC(3) Pause Final Mark (unload classes)
[2025-05-18T21:32:34.115+0300][20400][7724 ][info][gc,task     ] GC(3) Using 4 of 4 workers for final marking
[2025-05-18T21:32:34.115+0300][20400][7724 ][info][gc,ergo     ] GC(3) Adaptive CSet Selection. Target Free: 580M, Actual Free: 3912M, Max CSet: 170M, Min Garbage: 0B
[2025-05-18T21:32:34.115+0300][20400][7724 ][info][gc,ergo     ] GC(3) Collectable Garbage: 1009M (99%), Immediate: 864M (85%), CSet: 145M (14%)
[2025-05-18T21:32:34.115+0300][20400][7724 ][info][gc,ergo     ] GC(3) Pacer for Evacuation. Used CSet: 147M, Free: 3706M, Non-Taxable: 370M, Alloc Tax Rate: 1.1x
[2025-05-18T21:32:34.115+0300][20400][7724 ][info][gc          ] GC(3) Pause Final Mark (unload classes) 0.372ms
[2025-05-18T21:32:34.115+0300][20400][13328][info][gc,start    ] GC(3) Concurrent thread roots
[2025-05-18T21:32:34.115+0300][20400][13328][info][gc,task     ] GC(3) Using 2 of 4 workers for Concurrent thread roots
[2025-05-18T21:32:34.116+0300][20400][13328][info][gc          ] GC(3) Concurrent thread roots 0.255ms
[2025-05-18T21:32:34.116+0300][20400][13328][info][gc,start    ] GC(3) Concurrent weak references
[2025-05-18T21:32:34.116+0300][20400][13328][info][gc,task     ] GC(3) Using 2 of 4 workers for concurrent weak references
[2025-05-18T21:32:34.116+0300][20400][13328][info][gc,ref      ] GC(3) Encountered references: Soft: 4267, Weak: 3350, Final: 3, Phantom: 277
[2025-05-18T21:32:34.116+0300][20400][13328][info][gc,ref      ] GC(3) Discovered  references: Soft: 0, Weak: 834, Final: 1, Phantom: 133
[2025-05-18T21:32:34.116+0300][20400][13328][info][gc,ref      ] GC(3) Enqueued    references: Soft: 0, Weak: 2, Final: 0, Phantom: 0
[2025-05-18T21:32:34.116+0300][20400][13328][info][gc          ] GC(3) Concurrent weak references 0.208ms
[2025-05-18T21:32:34.116+0300][20400][13328][info][gc,start    ] GC(3) Concurrent weak roots
[2025-05-18T21:32:34.116+0300][20400][13328][info][gc,task     ] GC(3) Using 2 of 4 workers for concurrent weak root
[2025-05-18T21:32:34.118+0300][20400][13328][info][gc          ] GC(3) Concurrent weak roots 2.568ms
[2025-05-18T21:32:34.118+0300][20400][13328][info][gc,start    ] GC(3) Concurrent cleanup
[2025-05-18T21:32:34.118+0300][20400][13328][info][gc          ] GC(3) Concurrent cleanup 1047M->183M(4096M) 0.037ms
[2025-05-18T21:32:34.118+0300][20400][13328][info][gc,ergo     ] GC(3) Free: 3706M, Max: 2048K regular, 2836M humongous, Frag: 24% external, 0% internal; Reserve: 205M, Max: 2048K
[2025-05-18T21:32:34.118+0300][20400][13328][info][gc,start    ] GC(3) Concurrent class unloading
[2025-05-18T21:32:34.118+0300][20400][13328][info][gc,task     ] GC(3) Using 2 of 4 workers for concurrent class unloading
[2025-05-18T21:32:34.127+0300][20400][13328][info][gc          ] GC(3) Concurrent class unloading 7.662ms
[2025-05-18T21:32:34.127+0300][20400][13328][info][gc,start    ] GC(3) Concurrent strong roots
[2025-05-18T21:32:34.127+0300][20400][13328][info][gc,task     ] GC(3) Using 2 of 4 workers for concurrent strong root
[2025-05-18T21:32:34.127+0300][20400][13328][info][gc          ] GC(3) Concurrent strong roots 0.241ms
[2025-05-18T21:32:34.127+0300][20400][13328][info][gc,start    ] GC(3) Concurrent evacuation
[2025-05-18T21:32:34.127+0300][20400][13328][info][gc,task     ] GC(3) Using 2 of 4 workers for concurrent evacuation
[2025-05-18T21:32:34.129+0300][20400][13328][info][gc          ] GC(3) Concurrent evacuation 2.322ms
[2025-05-18T21:32:34.129+0300][20400][7724 ][info][gc,start    ] GC(3) Pause Init Update Refs
[2025-05-18T21:32:34.130+0300][20400][7724 ][info][gc,ergo     ] GC(3) Pacer for Update Refs. Used: 207M, Free: 3686M, Non-Taxable: 368M, Alloc Tax Rate: 1.1x
[2025-05-18T21:32:34.130+0300][20400][7724 ][info][gc          ] GC(3) Pause Init Update Refs 0.118ms
[2025-05-18T21:32:34.130+0300][20400][13328][info][gc,start    ] GC(3) Concurrent update references
[2025-05-18T21:32:34.130+0300][20400][13328][info][gc,task     ] GC(3) Using 2 of 4 workers for concurrent reference update
[2025-05-18T21:32:34.135+0300][20400][13328][info][gc          ] GC(3) Concurrent update references 5.847ms
[2025-05-18T21:32:34.136+0300][20400][13328][info][gc,start    ] GC(3) Concurrent update thread roots
[2025-05-18T21:32:34.136+0300][20400][13328][info][gc          ] GC(3) Concurrent update thread roots 0.255ms
[2025-05-18T21:32:34.136+0300][20400][7724 ][info][gc,start    ] GC(3) Pause Final Update Refs
[2025-05-18T21:32:34.136+0300][20400][7724 ][info][gc,task     ] GC(3) Using 4 of 4 workers for final reference update
[2025-05-18T21:32:34.136+0300][20400][7724 ][info][gc          ] GC(3) Pause Final Update Refs 0.104ms
[2025-05-18T21:32:34.136+0300][20400][13328][info][gc,start    ] GC(3) Concurrent cleanup
[2025-05-18T21:32:34.136+0300][20400][13328][info][gc          ] GC(3) Concurrent cleanup 207M->59M(4096M) 0.059ms
[2025-05-18T21:32:34.136+0300][20400][13328][info][gc,ergo     ] Free: 3830M, Max: 2048K regular, 2868M humongous, Frag: 26% external, 0% internal; Reserve: 206M, Max: 2048K
[2025-05-18T21:32:34.136+0300][20400][13328][info][gc,stats    ] 
[2025-05-18T21:32:34.136+0300][20400][13328][info][gc,stats    ] All times are wall-clock times, except per-root-class counters, that are sum over
[2025-05-18T21:32:34.136+0300][20400][13328][info][gc,stats    ] all workers. Dividing the <total> over the root stage time estimates parallelism.
[2025-05-18T21:32:34.136+0300][20400][13328][info][gc,stats    ] 
[2025-05-18T21:32:34.136+0300][20400][13328][info][gc,stats    ] Concurrent Reset                   1662 us
[2025-05-18T21:32:34.136+0300][20400][13328][info][gc,stats    ] Pause Init Mark (G)                 173 us
[2025-05-18T21:32:34.136+0300][20400][13328][info][gc,stats    ] Pause Init Mark (N)                 108 us
[2025-05-18T21:32:34.136+0300][20400][13328][info][gc,stats    ]   Update Region States               17 us
[2025-05-18T21:32:34.136+0300][20400][13328][info][gc,stats    ] Concurrent Mark Roots               521 us, parallelism: 1.15x
[2025-05-18T21:32:34.136+0300][20400][13328][info][gc,stats    ]   CMR: <total>                      598 us
[2025-05-18T21:32:34.136+0300][20400][13328][info][gc,stats    ]   CMR: Thread Roots                 481 us, workers (us): 215, 266, ---, ---, 
[2025-05-18T21:32:34.136+0300][20400][13328][info][gc,stats    ]   CMR: VM Strong Roots                9 us, workers (us):   8,   1, ---, ---, 
[2025-05-18T21:32:34.136+0300][20400][13328][info][gc,stats    ]   CMR: CLDG Roots                   108 us, workers (us): 108, ---, ---, ---, 
[2025-05-18T21:32:34.136+0300][20400][13328][info][gc,stats    ] Concurrent Marking                 8737 us
[2025-05-18T21:32:34.136+0300][20400][13328][info][gc,stats    ] Pause Final Mark (G)                603 us
[2025-05-18T21:32:34.136+0300][20400][13328][info][gc,stats    ] Pause Final Mark (N)                381 us
[2025-05-18T21:32:34.136+0300][20400][13328][info][gc,stats    ]   Finish Mark                       208 us
[2025-05-18T21:32:34.136+0300][20400][13328][info][gc,stats    ]   Update Region States               16 us
[2025-05-18T21:32:34.136+0300][20400][13328][info][gc,stats    ]   Choose Collection Set              58 us
[2025-05-18T21:32:34.136+0300][20400][13328][info][gc,stats    ]   Rebuild Free Set                   14 us
[2025-05-18T21:32:34.136+0300][20400][13328][info][gc,stats    ] Concurrent Thread Roots             285 us, parallelism: 0.78x
[2025-05-18T21:32:34.136+0300][20400][13328][info][gc,stats    ]   CTR: <total>                      223 us
[2025-05-18T21:32:34.136+0300][20400][13328][info][gc,stats    ]   CTR: Thread Roots                 223 us, workers (us): 111, 111, ---, ---, 
[2025-05-18T21:32:34.136+0300][20400][13328][info][gc,stats    ] Concurrent Weak References          217 us, parallelism: 0.19x
[2025-05-18T21:32:34.136+0300][20400][13328][info][gc,stats    ]   CWRF: <total>                      41 us
[2025-05-18T21:32:34.136+0300][20400][13328][info][gc,stats    ]   CWRF: Weak References              41 us, workers (us):  25,  17, ---, ---, 
[2025-05-18T21:32:34.136+0300][20400][13328][info][gc,stats    ] Concurrent Weak Roots              2613 us
[2025-05-18T21:32:34.136+0300][20400][13328][info][gc,stats    ]   Roots                            2355 us, parallelism: 1.81x
[2025-05-18T21:32:34.136+0300][20400][13328][info][gc,stats    ]     CWR: <total>                   4269 us
[2025-05-18T21:32:34.137+0300][20400][13328][info][gc,stats    ]     CWR: Code Cache Roots          3485 us, workers (us): 1731, 1754, ---, ---, 
[2025-05-18T21:32:34.137+0300][20400][13328][info][gc,stats    ]     CWR: VM Weak Roots              763 us, workers (us): 382, 381, ---, ---, 
[2025-05-18T21:32:34.137+0300][20400][13328][info][gc,stats    ]     CWR: CLDG Roots                  21 us, workers (us): ---,  21, ---, ---, 
[2025-05-18T21:32:34.137+0300][20400][13328][info][gc,stats    ]   Rendezvous                        179 us
[2025-05-18T21:32:34.137+0300][20400][13328][info][gc,stats    ] Concurrent Cleanup                   48 us
[2025-05-18T21:32:34.137+0300][20400][13328][info][gc,stats    ] Concurrent Class Unloading         7735 us
[2025-05-18T21:32:34.137+0300][20400][13328][info][gc,stats    ]   Unlink Stale                     6746 us
[2025-05-18T21:32:34.137+0300][20400][13328][info][gc,stats    ]     System Dictionary                26 us
[2025-05-18T21:32:34.137+0300][20400][13328][info][gc,stats    ]     Weak Class Links                  0 us
[2025-05-18T21:32:34.137+0300][20400][13328][info][gc,stats    ]     Code Roots                     6718 us
[2025-05-18T21:32:34.137+0300][20400][13328][info][gc,stats    ]   Rendezvous                        192 us
[2025-05-18T21:32:34.137+0300][20400][13328][info][gc,stats    ]   Purge Unlinked                    704 us
[2025-05-18T21:32:34.137+0300][20400][13328][info][gc,stats    ]     Code Roots                      678 us
[2025-05-18T21:32:34.137+0300][20400][13328][info][gc,stats    ]     CLDG                             26 us
[2025-05-18T21:32:34.137+0300][20400][13328][info][gc,stats    ]     Exception Caches                  0 us
[2025-05-18T21:32:34.137+0300][20400][13328][info][gc,stats    ] Concurrent Strong Roots             321 us, parallelism: 0.29x
[2025-05-18T21:32:34.137+0300][20400][13328][info][gc,stats    ]   CSR: <total>                       95 us
[2025-05-18T21:32:34.137+0300][20400][13328][info][gc,stats    ]   CSR: VM Strong Roots                7 us, workers (us):   4,   3, ---, ---, 
[2025-05-18T21:32:34.137+0300][20400][13328][info][gc,stats    ]   CSR: CLDG Roots                    87 us, workers (us):  87, ---, ---, ---, 
[2025-05-18T21:32:34.137+0300][20400][13328][info][gc,stats    ] Concurrent Evacuation              2385 us
[2025-05-18T21:32:34.137+0300][20400][13328][info][gc,stats    ] Pause Init Update Refs (G)          250 us
[2025-05-18T21:32:34.137+0300][20400][13328][info][gc,stats    ] Pause Init Update Refs (N)          148 us
[2025-05-18T21:32:34.137+0300][20400][13328][info][gc,stats    ]   Manage GCLABs                       8 us
[2025-05-18T21:32:34.137+0300][20400][13328][info][gc,stats    ] Concurrent Update Refs             5900 us
[2025-05-18T21:32:34.137+0300][20400][13328][info][gc,stats    ] Concurrent Update Thread Roots      298 us
[2025-05-18T21:32:34.137+0300][20400][13328][info][gc,stats    ] Pause Final Update Refs (G)         189 us
[2025-05-18T21:32:34.137+0300][20400][13328][info][gc,stats    ] Pause Final Update Refs (N)         120 us
[2025-05-18T21:32:34.137+0300][20400][13328][info][gc,stats    ]   Update Region States               31 us
[2025-05-18T21:32:34.137+0300][20400][13328][info][gc,stats    ]   Trash Collection Set                3 us
[2025-05-18T21:32:34.137+0300][20400][13328][info][gc,stats    ]   Rebuild Free Set                   14 us
[2025-05-18T21:32:34.137+0300][20400][13328][info][gc,stats    ] Concurrent Cleanup                   76 us
[2025-05-18T21:32:34.137+0300][20400][13328][info][gc,stats    ] 
[2025-05-18T21:32:34.137+0300][20400][13328][info][gc,stats    ] Allocation pacing accrued:
[2025-05-18T21:32:34.137+0300][20400][13328][info][gc,stats    ]       0 of 30599 ms (  0.0%): <total>
[2025-05-18T21:32:34.137+0300][20400][13328][info][gc,stats    ]       0 of 30599 ms (  0.0%): <average total>
[2025-05-18T21:32:34.137+0300][20400][13328][info][gc,stats    ] 
[2025-05-18T21:32:34.137+0300][20400][13328][info][gc,metaspace] Metaspace: 34171K(35328K)->34171K(35328K) NonClass: 31311K(32000K)->31311K(32000K) Class: 2859K(3328K)->2859K(3328K)
[2025-05-18T21:32:34.137+0300][20400][13328][info][gc,ergo     ] Pacer for Idle. Initial: 83886K, Alloc Tax Rate: 1.0x
[2025-05-18T21:33:04.529+0300][20400][13328][info][gc          ] Trigger: Learning 5 of 5. Free (2866M) is below initial threshold (2867M)
[2025-05-18T21:33:04.529+0300][20400][13328][info][gc,ergo     ] Free: 2866M, Max: 2048K regular, 2866M humongous, Frag: 0% external, 0% internal; Reserve: 206M, Max: 2048K
[2025-05-18T21:33:04.529+0300][20400][13328][info][gc,start    ] GC(4) Concurrent reset
[2025-05-18T21:33:04.529+0300][20400][13328][info][gc,task     ] GC(4) Using 2 of 4 workers for concurrent reset
[2025-05-18T21:33:04.529+0300][20400][13328][info][gc,ergo     ] GC(4) Pacer for Reset. Non-Taxable: 4096M
[2025-05-18T21:33:04.530+0300][20400][13328][info][gc          ] GC(4) Concurrent reset 0.658ms
[2025-05-18T21:33:04.530+0300][20400][7724 ][info][gc,start    ] GC(4) Pause Init Mark (unload classes)
[2025-05-18T21:33:04.530+0300][20400][7724 ][info][gc,task     ] GC(4) Using 4 of 4 workers for init marking
[2025-05-18T21:33:04.530+0300][20400][7724 ][info][gc,ergo     ] GC(4) Pacer for Mark. Expected Live: 13183K, Free: 2866M, Non-Taxable: 286M, Alloc Tax Rate: 0.0x
[2025-05-18T21:33:04.530+0300][20400][7724 ][info][gc          ] GC(4) Pause Init Mark (unload classes) 0.177ms
[2025-05-18T21:33:04.530+0300][20400][13328][info][gc,start    ] GC(4) Concurrent marking roots
[2025-05-18T21:33:04.530+0300][20400][13328][info][gc,task     ] GC(4) Using 2 of 4 workers for concurrent marking roots
[2025-05-18T21:33:04.531+0300][20400][13328][info][gc          ] GC(4) Concurrent marking roots 0.579ms
[2025-05-18T21:33:04.531+0300][20400][13328][info][gc,start    ] GC(4) Concurrent marking (unload classes)
[2025-05-18T21:33:04.531+0300][20400][13328][info][gc,task     ] GC(4) Using 2 of 4 workers for concurrent marking
[2025-05-18T21:33:04.539+0300][20400][13328][info][gc          ] GC(4) Concurrent marking (unload classes) 7.830ms
[2025-05-18T21:33:04.539+0300][20400][7724 ][info][gc,start    ] GC(4) Pause Final Mark (unload classes)
[2025-05-18T21:33:04.539+0300][20400][7724 ][info][gc,task     ] GC(4) Using 4 of 4 workers for final marking
[2025-05-18T21:33:04.539+0300][20400][7724 ][info][gc,ergo     ] GC(4) Adaptive CSet Selection. Target Free: 580M, Actual Free: 3941M, Max CSet: 170M, Min Garbage: 0B
[2025-05-18T21:33:04.539+0300][20400][7724 ][info][gc,ergo     ] GC(4) Collectable Garbage: 1007M (99%), Immediate: 885M (87%), CSet: 121M (12%)
[2025-05-18T21:33:04.539+0300][20400][7724 ][info][gc,ergo     ] GC(4) Pacer for Evacuation. Used CSet: 122M, Free: 3736M, Non-Taxable: 373M, Alloc Tax Rate: 1.1x
[2025-05-18T21:33:04.539+0300][20400][7724 ][info][gc          ] GC(4) Pause Final Mark (unload classes) 0.446ms
[2025-05-18T21:33:04.539+0300][20400][13328][info][gc,start    ] GC(4) Concurrent thread roots
[2025-05-18T21:33:04.539+0300][20400][13328][info][gc,task     ] GC(4) Using 2 of 4 workers for Concurrent thread roots
[2025-05-18T21:33:04.540+0300][20400][13328][info][gc          ] GC(4) Concurrent thread roots 0.447ms
[2025-05-18T21:33:04.540+0300][20400][13328][info][gc,start    ] GC(4) Concurrent weak references
[2025-05-18T21:33:04.540+0300][20400][13328][info][gc,task     ] GC(4) Using 2 of 4 workers for concurrent weak references
[2025-05-18T21:33:04.540+0300][20400][13328][info][gc,ref      ] GC(4) Encountered references: Soft: 4272, Weak: 3350, Final: 3, Phantom: 277
[2025-05-18T21:33:04.540+0300][20400][13328][info][gc,ref      ] GC(4) Discovered  references: Soft: 0, Weak: 1110, Final: 1, Phantom: 135
[2025-05-18T21:33:04.540+0300][20400][13328][info][gc,ref      ] GC(4) Enqueued    references: Soft: 0, Weak: 7, Final: 0, Phantom: 0
[2025-05-18T21:33:04.540+0300][20400][13328][info][gc          ] GC(4) Concurrent weak references 0.247ms
[2025-05-18T21:33:04.540+0300][20400][13328][info][gc,start    ] GC(4) Concurrent weak roots
[2025-05-18T21:33:04.540+0300][20400][13328][info][gc,task     ] GC(4) Using 2 of 4 workers for concurrent weak root
[2025-05-18T21:33:04.542+0300][20400][13328][info][gc          ] GC(4) Concurrent weak roots 1.974ms
[2025-05-18T21:33:04.542+0300][20400][13328][info][gc,start    ] GC(4) Concurrent cleanup
[2025-05-18T21:33:04.542+0300][20400][13328][info][gc          ] GC(4) Concurrent cleanup 1040M->154M(4096M) 0.036ms
[2025-05-18T21:33:04.542+0300][20400][13328][info][gc,ergo     ] GC(4) Free: 3736M, Max: 2048K regular, 2850M humongous, Frag: 24% external, 0% internal; Reserve: 205M, Max: 2048K
[2025-05-18T21:33:04.542+0300][20400][13328][info][gc,start    ] GC(4) Concurrent class unloading
[2025-05-18T21:33:04.542+0300][20400][13328][info][gc,task     ] GC(4) Using 2 of 4 workers for concurrent class unloading
[2025-05-18T21:33:04.549+0300][20400][13328][info][gc          ] GC(4) Concurrent class unloading 7.018ms
[2025-05-18T21:33:04.549+0300][20400][13328][info][gc,start    ] GC(4) Concurrent strong roots
[2025-05-18T21:33:04.549+0300][20400][13328][info][gc,task     ] GC(4) Using 2 of 4 workers for concurrent strong root
[2025-05-18T21:33:04.550+0300][20400][13328][info][gc          ] GC(4) Concurrent strong roots 0.286ms
[2025-05-18T21:33:04.550+0300][20400][13328][info][gc,start    ] GC(4) Concurrent evacuation
[2025-05-18T21:33:04.550+0300][20400][13328][info][gc,task     ] GC(4) Using 2 of 4 workers for concurrent evacuation
[2025-05-18T21:33:04.550+0300][20400][13328][info][gc          ] GC(4) Concurrent evacuation 0.810ms
[2025-05-18T21:33:04.551+0300][20400][7724 ][info][gc,start    ] GC(4) Pause Init Update Refs
[2025-05-18T21:33:04.551+0300][20400][7724 ][info][gc,ergo     ] GC(4) Pacer for Update Refs. Used: 172M, Free: 3718M, Non-Taxable: 371M, Alloc Tax Rate: 1.1x
[2025-05-18T21:33:04.551+0300][20400][7724 ][info][gc          ] GC(4) Pause Init Update Refs 0.038ms
[2025-05-18T21:33:04.551+0300][20400][13328][info][gc,start    ] GC(4) Concurrent update references
[2025-05-18T21:33:04.551+0300][20400][13328][info][gc,task     ] GC(4) Using 2 of 4 workers for concurrent reference update
[2025-05-18T21:33:04.554+0300][20400][13328][info][gc          ] GC(4) Concurrent update references 3.883ms
[2025-05-18T21:33:04.555+0300][20400][13328][info][gc,start    ] GC(4) Concurrent update thread roots
[2025-05-18T21:33:04.555+0300][20400][13328][info][gc          ] GC(4) Concurrent update thread roots 0.264ms
[2025-05-18T21:33:04.555+0300][20400][7724 ][info][gc,start    ] GC(4) Pause Final Update Refs
[2025-05-18T21:33:04.555+0300][20400][7724 ][info][gc,task     ] GC(4) Using 4 of 4 workers for final reference update
[2025-05-18T21:33:04.555+0300][20400][7724 ][info][gc          ] GC(4) Pause Final Update Refs 0.056ms
[2025-05-18T21:33:04.555+0300][20400][13328][info][gc,start    ] GC(4) Concurrent cleanup
[2025-05-18T21:33:04.555+0300][20400][13328][info][gc          ] GC(4) Concurrent cleanup 172M->50M(4096M) 0.031ms
[2025-05-18T21:33:04.555+0300][20400][13328][info][gc,ergo     ] Free: 3839M, Max: 2048K regular, 2850M humongous, Frag: 26% external, 0% internal; Reserve: 206M, Max: 2048K
[2025-05-18T21:33:04.555+0300][20400][13328][info][gc,stats    ] 
[2025-05-18T21:33:04.555+0300][20400][13328][info][gc,stats    ] All times are wall-clock times, except per-root-class counters, that are sum over
[2025-05-18T21:33:04.555+0300][20400][13328][info][gc,stats    ] all workers. Dividing the <total> over the root stage time estimates parallelism.
[2025-05-18T21:33:04.555+0300][20400][13328][info][gc,stats    ] 
[2025-05-18T21:33:04.555+0300][20400][13328][info][gc,stats    ] Concurrent Reset                    774 us
[2025-05-18T21:33:04.555+0300][20400][13328][info][gc,stats    ] Pause Init Mark (G)                 464 us
[2025-05-18T21:33:04.555+0300][20400][13328][info][gc,stats    ] Pause Init Mark (N)                 203 us
[2025-05-18T21:33:04.555+0300][20400][13328][info][gc,stats    ]   Update Region States               21 us
[2025-05-18T21:33:04.555+0300][20400][13328][info][gc,stats    ] Concurrent Mark Roots               645 us, parallelism: 1.10x
[2025-05-18T21:33:04.555+0300][20400][13328][info][gc,stats    ]   CMR: <total>                      708 us
[2025-05-18T21:33:04.555+0300][20400][13328][info][gc,stats    ]   CMR: Thread Roots                 425 us, workers (us): 339,  86, ---, ---, 
[2025-05-18T21:33:04.555+0300][20400][13328][info][gc,stats    ]   CMR: VM Strong Roots               20 us, workers (us):  11,   9, ---, ---, 
[2025-05-18T21:33:04.555+0300][20400][13328][info][gc,stats    ]   CMR: CLDG Roots                   264 us, workers (us): ---, 264, ---, ---, 
[2025-05-18T21:33:04.555+0300][20400][13328][info][gc,stats    ] Concurrent Marking                 7880 us
[2025-05-18T21:33:04.555+0300][20400][13328][info][gc,stats    ] Pause Final Mark (G)                568 us
[2025-05-18T21:33:04.555+0300][20400][13328][info][gc,stats    ] Pause Final Mark (N)                455 us
[2025-05-18T21:33:04.555+0300][20400][13328][info][gc,stats    ]   Finish Mark                       323 us
[2025-05-18T21:33:04.555+0300][20400][13328][info][gc,stats    ]   Update Region States               13 us
[2025-05-18T21:33:04.555+0300][20400][13328][info][gc,stats    ]   Choose Collection Set              47 us
[2025-05-18T21:33:04.555+0300][20400][13328][info][gc,stats    ]   Rebuild Free Set                   12 us
[2025-05-18T21:33:04.555+0300][20400][13328][info][gc,stats    ] Concurrent Thread Roots             468 us, parallelism: 0.89x
[2025-05-18T21:33:04.555+0300][20400][13328][info][gc,stats    ]   CTR: <total>                      415 us
[2025-05-18T21:33:04.555+0300][20400][13328][info][gc,stats    ]   CTR: Thread Roots                 415 us, workers (us): 243, 172, ---, ---, 
[2025-05-18T21:33:04.555+0300][20400][13328][info][gc,stats    ] Concurrent Weak References          326 us, parallelism: 0.16x
[2025-05-18T21:33:04.555+0300][20400][13328][info][gc,stats    ]   CWRF: <total>                      51 us
[2025-05-18T21:33:04.555+0300][20400][13328][info][gc,stats    ]   CWRF: Weak References              51 us, workers (us):  50,   1, ---, ---, 
[2025-05-18T21:33:04.555+0300][20400][13328][info][gc,stats    ] Concurrent Weak Roots              2015 us
[2025-05-18T21:33:04.555+0300][20400][13328][info][gc,stats    ]   Roots                            1785 us, parallelism: 1.72x
[2025-05-18T21:33:04.555+0300][20400][13328][info][gc,stats    ]     CWR: <total>                   3068 us
[2025-05-18T21:33:04.555+0300][20400][13328][info][gc,stats    ]     CWR: Code Cache Roots          2388 us, workers (us): 1187, 1201, ---, ---, 
[2025-05-18T21:33:04.555+0300][20400][13328][info][gc,stats    ]     CWR: VM Weak Roots              669 us, workers (us): 343, 325, ---, ---, 
[2025-05-18T21:33:04.555+0300][20400][13328][info][gc,stats    ]     CWR: CLDG Roots                  11 us, workers (us):  11, ---, ---, ---, 
[2025-05-18T21:33:04.555+0300][20400][13328][info][gc,stats    ]   Rendezvous                        166 us
[2025-05-18T21:33:04.555+0300][20400][13328][info][gc,stats    ] Concurrent Cleanup                   48 us
[2025-05-18T21:33:04.555+0300][20400][13328][info][gc,stats    ] Concurrent Class Unloading         7067 us
[2025-05-18T21:33:04.555+0300][20400][13328][info][gc,stats    ]   Unlink Stale                     6078 us
[2025-05-18T21:33:04.555+0300][20400][13328][info][gc,stats    ]     System Dictionary                22 us
[2025-05-18T21:33:04.555+0300][20400][13328][info][gc,stats    ]     Weak Class Links                  0 us
[2025-05-18T21:33:04.555+0300][20400][13328][info][gc,stats    ]     Code Roots                     6054 us
[2025-05-18T21:33:04.555+0300][20400][13328][info][gc,stats    ]   Rendezvous                        224 us
[2025-05-18T21:33:04.555+0300][20400][13328][info][gc,stats    ]   Purge Unlinked                    684 us
[2025-05-18T21:33:04.555+0300][20400][13328][info][gc,stats    ]     Code Roots                      667 us
[2025-05-18T21:33:04.555+0300][20400][13328][info][gc,stats    ]     CLDG                             16 us
[2025-05-18T21:33:04.555+0300][20400][13328][info][gc,stats    ]     Exception Caches                  0 us
[2025-05-18T21:33:04.555+0300][20400][13328][info][gc,stats    ] Concurrent Strong Roots             309 us, parallelism: 0.18x
[2025-05-18T21:33:04.555+0300][20400][13328][info][gc,stats    ]   CSR: <total>                       56 us
[2025-05-18T21:33:04.555+0300][20400][13328][info][gc,stats    ]   CSR: VM Strong Roots                5 us, workers (us):   3,   2, ---, ---, 
[2025-05-18T21:33:04.555+0300][20400][13328][info][gc,stats    ]   CSR: CLDG Roots                    51 us, workers (us): ---,  51, ---, ---, 
[2025-05-18T21:33:04.555+0300][20400][13328][info][gc,stats    ] Concurrent Evacuation               832 us
[2025-05-18T21:33:04.555+0300][20400][13328][info][gc,stats    ] Pause Init Update Refs (G)          253 us
[2025-05-18T21:33:04.555+0300][20400][13328][info][gc,stats    ] Pause Init Update Refs (N)           47 us
[2025-05-18T21:33:04.555+0300][20400][13328][info][gc,stats    ]   Manage GCLABs                       4 us
[2025-05-18T21:33:04.555+0300][20400][13328][info][gc,stats    ] Concurrent Update Refs             3914 us
[2025-05-18T21:33:04.556+0300][20400][13328][info][gc,stats    ] Concurrent Update Thread Roots      287 us
[2025-05-18T21:33:04.556+0300][20400][13328][info][gc,stats    ] Pause Final Update Refs (G)         209 us
[2025-05-18T21:33:04.556+0300][20400][13328][info][gc,stats    ] Pause Final Update Refs (N)          66 us
[2025-05-18T21:33:04.556+0300][20400][13328][info][gc,stats    ]   Update Region States               13 us
[2025-05-18T21:33:04.556+0300][20400][13328][info][gc,stats    ]   Trash Collection Set                2 us
[2025-05-18T21:33:04.556+0300][20400][13328][info][gc,stats    ]   Rebuild Free Set                    8 us
[2025-05-18T21:33:04.556+0300][20400][13328][info][gc,stats    ] Concurrent Cleanup                   42 us
[2025-05-18T21:33:04.556+0300][20400][13328][info][gc,stats    ] 
[2025-05-18T21:33:04.556+0300][20400][13328][info][gc,stats    ] Allocation pacing accrued:
[2025-05-18T21:33:04.556+0300][20400][13328][info][gc,stats    ]       0 of 30419 ms (  0.0%): <total>
[2025-05-18T21:33:04.556+0300][20400][13328][info][gc,stats    ]       0 of 30419 ms (  0.0%): <average total>
[2025-05-18T21:33:04.556+0300][20400][13328][info][gc,stats    ] 
[2025-05-18T21:33:04.556+0300][20400][13328][info][gc,metaspace] Metaspace: 34215K(35328K)->34217K(35328K) NonClass: 31355K(32000K)->31357K(32000K) Class: 2859K(3328K)->2859K(3328K)
[2025-05-18T21:33:04.556+0300][20400][13328][info][gc,ergo     ] Pacer for Idle. Initial: 83886K, Alloc Tax Rate: 1.0x
[2025-05-18T21:34:27.338+0300][20400][13328][info][gc          ] Trigger: Explicit GC request (System.gc())
[2025-05-18T21:34:27.338+0300][20400][13328][info][gc,ergo     ] Free: 1227M, Max: 2048K regular, 1226M humongous, Frag: 0% external, 0% internal; Reserve: 206M, Max: 2048K
[2025-05-18T21:34:27.338+0300][20400][13328][info][gc,start    ] GC(5) Concurrent reset
[2025-05-18T21:34:27.338+0300][20400][13328][info][gc,task     ] GC(5) Using 2 of 4 workers for concurrent reset
[2025-05-18T21:34:27.338+0300][20400][13328][info][gc,ergo     ] GC(5) Pacer for Reset. Non-Taxable: 4096M
[2025-05-18T21:34:27.338+0300][20400][13328][info][gc          ] GC(5) Concurrent reset 0.416ms
[2025-05-18T21:34:27.338+0300][20400][7724 ][info][gc,start    ] GC(5) Pause Init Mark (unload classes)
[2025-05-18T21:34:27.338+0300][20400][7724 ][info][gc,task     ] GC(5) Using 4 of 4 workers for init marking
[2025-05-18T21:34:27.338+0300][20400][7724 ][info][gc,ref      ] GC(5) Clearing All SoftReferences
[2025-05-18T21:34:27.338+0300][20400][7724 ][info][gc,ergo     ] GC(5) Pacer for Mark. Expected Live: 13597K, Free: 1227M, Non-Taxable: 122M, Alloc Tax Rate: 0.0x
[2025-05-18T21:34:27.338+0300][20400][7724 ][info][gc          ] GC(5) Pause Init Mark (unload classes) 0.060ms
[2025-05-18T21:34:27.338+0300][20400][13328][info][gc,start    ] GC(5) Concurrent marking roots
[2025-05-18T21:34:27.338+0300][20400][13328][info][gc,task     ] GC(5) Using 2 of 4 workers for concurrent marking roots
[2025-05-18T21:34:27.339+0300][20400][13328][info][gc          ] GC(5) Concurrent marking roots 0.352ms
[2025-05-18T21:34:27.339+0300][20400][13328][info][gc,start    ] GC(5) Concurrent marking (unload classes)
[2025-05-18T21:34:27.339+0300][20400][13328][info][gc,task     ] GC(5) Using 2 of 4 workers for concurrent marking
[2025-05-18T21:34:27.349+0300][20400][13328][info][gc          ] GC(5) Concurrent marking (unload classes) 9.048ms
[2025-05-18T21:34:27.349+0300][20400][7724 ][info][gc,start    ] GC(5) Pause Final Mark (unload classes)
[2025-05-18T21:34:27.349+0300][20400][7724 ][info][gc,task     ] GC(5) Using 4 of 4 workers for final marking
[2025-05-18T21:34:27.349+0300][20400][7724 ][info][gc,ergo     ] GC(5) Collectable Garbage: 2447M (92%), Immediate: 2447M (92%), CSet: 0B (0%)
[2025-05-18T21:34:27.349+0300][20400][7724 ][info][gc          ] GC(5) Pause Final Mark (unload classes) 0.385ms
[2025-05-18T21:34:27.349+0300][20400][13328][info][gc,start    ] GC(5) Concurrent weak references
[2025-05-18T21:34:27.349+0300][20400][13328][info][gc,task     ] GC(5) Using 2 of 4 workers for concurrent weak references
[2025-05-18T21:34:27.349+0300][20400][13328][info][gc,ref      ] GC(5) Encountered references: Soft: 3656, Weak: 2289, Final: 3, Phantom: 263
[2025-05-18T21:34:27.349+0300][20400][13328][info][gc,ref      ] GC(5) Discovered  references: Soft: 1461, Weak: 944, Final: 1, Phantom: 185
[2025-05-18T21:34:27.349+0300][20400][13328][info][gc,ref      ] GC(5) Enqueued    references: Soft: 204, Weak: 316, Final: 0, Phantom: 7
[2025-05-18T21:34:27.349+0300][20400][13328][info][gc          ] GC(5) Concurrent weak references 0.299ms
[2025-05-18T21:34:27.349+0300][20400][13328][info][gc,start    ] GC(5) Concurrent weak roots
[2025-05-18T21:34:27.349+0300][20400][13328][info][gc,task     ] GC(5) Using 2 of 4 workers for concurrent weak root
[2025-05-18T21:34:27.351+0300][20400][13328][info][gc          ] GC(5) Concurrent weak roots 1.897ms
[2025-05-18T21:34:27.351+0300][20400][13328][info][gc,start    ] GC(5) Concurrent cleanup
[2025-05-18T21:34:27.351+0300][20400][13328][info][gc          ] GC(5) Concurrent cleanup 2664M->216M(4096M) 0.061ms
[2025-05-18T21:34:27.351+0300][20400][13328][info][gc,ergo     ] GC(5) Free: 3673M, Max: 2048K regular, 1224M humongous, Frag: 67% external, 0% internal; Reserve: 206M, Max: 2048K
[2025-05-18T21:34:27.351+0300][20400][13328][info][gc,start    ] GC(5) Concurrent class unloading
[2025-05-18T21:34:27.351+0300][20400][13328][info][gc,task     ] GC(5) Using 2 of 4 workers for concurrent class unloading
[2025-05-18T21:34:27.369+0300][20400][13328][info][gc          ] GC(5) Concurrent class unloading 17.481ms
[2025-05-18T21:34:27.369+0300][20400][7724 ][info][gc,start    ] GC(5) Pause Final Roots
[2025-05-18T21:34:27.369+0300][20400][7724 ][info][gc          ] GC(5) Pause Final Roots 0.023ms
[2025-05-18T21:34:27.369+0300][20400][13328][info][gc,ergo     ] Free: 3673M, Max: 2048K regular, 1224M humongous, Frag: 67% external, 0% internal; Reserve: 206M, Max: 2048K
[2025-05-18T21:34:27.369+0300][20400][13328][info][gc,stats    ] 
[2025-05-18T21:34:27.369+0300][20400][13328][info][gc,stats    ] All times are wall-clock times, except per-root-class counters, that are sum over
[2025-05-18T21:34:27.369+0300][20400][13328][info][gc,stats    ] all workers. Dividing the <total> over the root stage time estimates parallelism.
[2025-05-18T21:34:27.369+0300][20400][13328][info][gc,stats    ] 
[2025-05-18T21:34:27.369+0300][20400][13328][info][gc,stats    ] Concurrent Reset                    452 us
[2025-05-18T21:34:27.369+0300][20400][13328][info][gc,stats    ] Pause Init Mark (G)                 177 us
[2025-05-18T21:34:27.369+0300][20400][13328][info][gc,stats    ] Pause Init Mark (N)                  79 us
[2025-05-18T21:34:27.369+0300][20400][13328][info][gc,stats    ]   Update Region States                5 us
[2025-05-18T21:34:27.369+0300][20400][13328][info][gc,stats    ] Concurrent Mark Roots               375 us, parallelism: 1.00x
[2025-05-18T21:34:27.369+0300][20400][13328][info][gc,stats    ]   CMR: <total>                      374 us
[2025-05-18T21:34:27.369+0300][20400][13328][info][gc,stats    ]   CMR: Thread Roots                 224 us, workers (us):  48, 176, ---, ---, 
[2025-05-18T21:34:27.369+0300][20400][13328][info][gc,stats    ]   CMR: VM Strong Roots               20 us, workers (us):  19,   0, ---, ---, 
[2025-05-18T21:34:27.369+0300][20400][13328][info][gc,stats    ]   CMR: CLDG Roots                   130 us, workers (us): 130, ---, ---, ---, 
[2025-05-18T21:34:27.369+0300][20400][13328][info][gc,stats    ] Concurrent Marking                 9098 us
[2025-05-18T21:34:27.369+0300][20400][13328][info][gc,stats    ] Pause Final Mark (G)                531 us
[2025-05-18T21:34:27.369+0300][20400][13328][info][gc,stats    ] Pause Final Mark (N)                400 us
[2025-05-18T21:34:27.369+0300][20400][13328][info][gc,stats    ]   Finish Mark                       269 us
[2025-05-18T21:34:27.369+0300][20400][13328][info][gc,stats    ]   Update Region States               15 us
[2025-05-18T21:34:27.369+0300][20400][13328][info][gc,stats    ]   Choose Collection Set              43 us
[2025-05-18T21:34:27.369+0300][20400][13328][info][gc,stats    ]   Rebuild Free Set                   15 us
[2025-05-18T21:34:27.369+0300][20400][13328][info][gc,stats    ] Concurrent Weak References          308 us, parallelism: 0.39x
[2025-05-18T21:34:27.369+0300][20400][13328][info][gc,stats    ]   CWRF: <total>                     120 us
[2025-05-18T21:34:27.369+0300][20400][13328][info][gc,stats    ]   CWRF: Weak References             120 us, workers (us):  92,  28, ---, ---, 
[2025-05-18T21:34:27.369+0300][20400][13328][info][gc,stats    ] Concurrent Weak Roots              1952 us
[2025-05-18T21:34:27.369+0300][20400][13328][info][gc,stats    ]   Roots                            1706 us, parallelism: 1.71x
[2025-05-18T21:34:27.369+0300][20400][13328][info][gc,stats    ]     CWR: <total>                   2911 us
[2025-05-18T21:34:27.369+0300][20400][13328][info][gc,stats    ]     CWR: Code Cache Roots          2485 us, workers (us): 1269, 1216, ---, ---, 
[2025-05-18T21:34:27.369+0300][20400][13328][info][gc,stats    ]     CWR: VM Weak Roots              415 us, workers (us): 209, 205, ---, ---, 
[2025-05-18T21:34:27.369+0300][20400][13328][info][gc,stats    ]     CWR: CLDG Roots                  11 us, workers (us): ---,  11, ---, ---, 
[2025-05-18T21:34:27.369+0300][20400][13328][info][gc,stats    ]   Rendezvous                        172 us
[2025-05-18T21:34:27.369+0300][20400][13328][info][gc,stats    ] Concurrent Cleanup                   73 us
[2025-05-18T21:34:27.369+0300][20400][13328][info][gc,stats    ] Concurrent Class Unloading        17534 us
[2025-05-18T21:34:27.370+0300][20400][13328][info][gc,stats    ]   Unlink Stale                    12945 us
[2025-05-18T21:34:27.370+0300][20400][13328][info][gc,stats    ]     System Dictionary               312 us
[2025-05-18T21:34:27.370+0300][20400][13328][info][gc,stats    ]     Weak Class Links               5595 us
[2025-05-18T21:34:27.370+0300][20400][13328][info][gc,stats    ]     Code Roots                     7036 us
[2025-05-18T21:34:27.370+0300][20400][13328][info][gc,stats    ]   Rendezvous                        209 us
[2025-05-18T21:34:27.370+0300][20400][13328][info][gc,stats    ]   Purge Unlinked                   4306 us
[2025-05-18T21:34:27.370+0300][20400][13328][info][gc,stats    ]     Code Roots                     3626 us
[2025-05-18T21:34:27.370+0300][20400][13328][info][gc,stats    ]     CLDG                            679 us
[2025-05-18T21:34:27.370+0300][20400][13328][info][gc,stats    ]     Exception Caches                  0 us
[2025-05-18T21:34:27.370+0300][20400][13328][info][gc,stats    ] Pause Final Roots (G)               281 us
[2025-05-18T21:34:27.370+0300][20400][13328][info][gc,stats    ] Pause Final Roots (N)                33 us
[2025-05-18T21:34:27.370+0300][20400][13328][info][gc,stats    ] 
[2025-05-18T21:34:27.370+0300][20400][13328][info][gc,stats    ] Allocation pacing accrued:
[2025-05-18T21:34:27.370+0300][20400][13328][info][gc,stats    ]       0 of 82814 ms (  0.0%): <total>
[2025-05-18T21:34:27.370+0300][20400][13328][info][gc,stats    ]       0 of 82814 ms (  0.0%): <average total>
[2025-05-18T21:34:27.370+0300][20400][13328][info][gc,stats    ] 
[2025-05-18T21:34:27.370+0300][20400][13328][info][gc,metaspace] Metaspace: 34391K(35456K)->32916K(35392K) NonClass: 31521K(32128K)->30207K(32064K) Class: 2870K(3328K)->2709K(3328K)
[2025-05-18T21:34:27.370+0300][20400][13328][info][gc,ergo     ] Pacer for Idle. Initial: 83886K, Alloc Tax Rate: 1.0x
[2025-05-18T21:34:50.978+0300][20400][13328][info][gc          ] Trigger: Learning 2 of 5. Free (2865M) is below initial threshold (2867M)
[2025-05-18T21:34:50.978+0300][20400][13328][info][gc,ergo     ] Free: 2865M, Max: 2048K regular, 1224M humongous, Frag: 58% external, 0% internal; Reserve: 206M, Max: 2048K
[2025-05-18T21:34:50.978+0300][20400][13328][info][gc,start    ] GC(6) Concurrent reset
[2025-05-18T21:34:50.978+0300][20400][13328][info][gc,task     ] GC(6) Using 2 of 4 workers for concurrent reset
[2025-05-18T21:34:50.978+0300][20400][13328][info][gc,ergo     ] GC(6) Pacer for Reset. Non-Taxable: 4096M
[2025-05-18T21:34:50.979+0300][20400][13328][info][gc          ] GC(6) Concurrent reset 1.590ms
[2025-05-18T21:34:50.979+0300][20400][7724 ][info][gc,start    ] GC(6) Pause Init Mark (unload classes)
[2025-05-18T21:34:50.979+0300][20400][7724 ][info][gc,task     ] GC(6) Using 4 of 4 workers for init marking
[2025-05-18T21:34:50.980+0300][20400][7724 ][info][gc,ergo     ] GC(6) Pacer for Mark. Expected Live: 14317K, Free: 2865M, Non-Taxable: 286M, Alloc Tax Rate: 0.0x
[2025-05-18T21:34:50.980+0300][20400][7724 ][info][gc          ] GC(6) Pause Init Mark (unload classes) 0.098ms
[2025-05-18T21:34:50.980+0300][20400][13328][info][gc,start    ] GC(6) Concurrent marking roots
[2025-05-18T21:34:50.980+0300][20400][13328][info][gc,task     ] GC(6) Using 2 of 4 workers for concurrent marking roots
[2025-05-18T21:34:50.980+0300][20400][13328][info][gc          ] GC(6) Concurrent marking roots 0.361ms
[2025-05-18T21:34:50.980+0300][20400][13328][info][gc,start    ] GC(6) Concurrent marking (unload classes)
[2025-05-18T21:34:50.980+0300][20400][13328][info][gc,task     ] GC(6) Using 2 of 4 workers for concurrent marking
[2025-05-18T21:34:50.990+0300][20400][13328][info][gc          ] GC(6) Concurrent marking (unload classes) 9.961ms
[2025-05-18T21:34:50.990+0300][20400][7724 ][info][gc,start    ] GC(6) Pause Final Mark (unload classes)
[2025-05-18T21:34:50.990+0300][20400][7724 ][info][gc,task     ] GC(6) Using 4 of 4 workers for final marking
[2025-05-18T21:34:50.990+0300][20400][7724 ][info][gc,ergo     ] GC(6) Adaptive CSet Selection. Target Free: 580M, Actual Free: 3694M, Max CSet: 170M, Min Garbage: 0B
[2025-05-18T21:34:50.990+0300][20400][7724 ][info][gc,ergo     ] GC(6) Collectable Garbage: 1009M (99%), Immediate: 630M (62%), CSet: 379M (37%)
[2025-05-18T21:34:50.990+0300][20400][7724 ][info][gc,ergo     ] GC(6) Pacer for Evacuation. Used CSet: 387M, Free: 3489M, Non-Taxable: 348M, Alloc Tax Rate: 1.1x
[2025-05-18T21:34:50.990+0300][20400][7724 ][info][gc          ] GC(6) Pause Final Mark (unload classes) 0.260ms
[2025-05-18T21:34:50.990+0300][20400][13328][info][gc,start    ] GC(6) Concurrent thread roots
[2025-05-18T21:34:50.990+0300][20400][13328][info][gc,task     ] GC(6) Using 2 of 4 workers for Concurrent thread roots
[2025-05-18T21:34:50.991+0300][20400][13328][info][gc          ] GC(6) Concurrent thread roots 0.364ms
[2025-05-18T21:34:50.991+0300][20400][13328][info][gc,start    ] GC(6) Concurrent weak references
[2025-05-18T21:34:50.991+0300][20400][13328][info][gc,task     ] GC(6) Using 2 of 4 workers for concurrent weak references
[2025-05-18T21:34:50.991+0300][20400][13328][info][gc,ref      ] GC(6) Encountered references: Soft: 3749, Weak: 2652, Final: 3, Phantom: 312
[2025-05-18T21:34:50.991+0300][20400][13328][info][gc,ref      ] GC(6) Discovered  references: Soft: 0, Weak: 1073, Final: 1, Phantom: 166
[2025-05-18T21:34:50.991+0300][20400][13328][info][gc,ref      ] GC(6) Enqueued    references: Soft: 0, Weak: 297, Final: 0, Phantom: 35
[2025-05-18T21:34:50.991+0300][20400][13328][info][gc          ] GC(6) Concurrent weak references 0.177ms
[2025-05-18T21:34:50.991+0300][20400][13328][info][gc,start    ] GC(6) Concurrent weak roots
[2025-05-18T21:34:50.991+0300][20400][13328][info][gc,task     ] GC(6) Using 2 of 4 workers for concurrent weak root
[2025-05-18T21:34:50.994+0300][20400][13328][info][gc          ] GC(6) Concurrent weak roots 2.651ms
[2025-05-18T21:34:50.994+0300][20400][13328][info][gc,start    ] GC(6) Concurrent cleanup
[2025-05-18T21:34:50.994+0300][20400][13328][info][gc          ] GC(6) Concurrent cleanup 1037M->407M(4096M) 0.050ms
[2025-05-18T21:34:50.994+0300][20400][13328][info][gc,ergo     ] GC(6) Free: 3483M, Max: 2048K regular, 1224M humongous, Frag: 65% external, 0% internal; Reserve: 204M, Max: 2048K
[2025-05-18T21:34:50.994+0300][20400][13328][info][gc,start    ] GC(6) Concurrent class unloading
[2025-05-18T21:34:50.994+0300][20400][13328][info][gc,task     ] GC(6) Using 2 of 4 workers for concurrent class unloading
[2025-05-18T21:34:51.011+0300][20400][13328][info][gc          ] GC(6) Concurrent class unloading 17.508ms
[2025-05-18T21:34:51.011+0300][20400][13328][info][gc,start    ] GC(6) Concurrent strong roots
[2025-05-18T21:34:51.011+0300][20400][13328][info][gc,task     ] GC(6) Using 2 of 4 workers for concurrent strong root
[2025-05-18T21:34:51.012+0300][20400][13328][info][gc          ] GC(6) Concurrent strong roots 0.653ms
[2025-05-18T21:34:51.012+0300][20400][13328][info][gc,start    ] GC(6) Concurrent evacuation
[2025-05-18T21:34:51.012+0300][20400][13328][info][gc,task     ] GC(6) Using 2 of 4 workers for concurrent evacuation
[2025-05-18T21:34:51.017+0300][20400][13328][info][gc          ] GC(6) Concurrent evacuation 4.045ms
[2025-05-18T21:34:51.017+0300][20400][7724 ][info][gc,start    ] GC(6) Pause Init Update Refs
[2025-05-18T21:34:51.017+0300][20400][7724 ][info][gc,ergo     ] GC(6) Pacer for Update Refs. Used: 434M, Free: 3467M, Non-Taxable: 346M, Alloc Tax Rate: 1.1x
[2025-05-18T21:34:51.017+0300][20400][7724 ][info][gc          ] GC(6) Pause Init Update Refs 0.040ms
[2025-05-18T21:34:51.017+0300][20400][13328][info][gc,start    ] GC(6) Concurrent update references
[2025-05-18T21:34:51.017+0300][20400][13328][info][gc,task     ] GC(6) Using 2 of 4 workers for concurrent reference update
[2025-05-18T21:34:51.020+0300][20400][13328][info][gc          ] GC(6) Concurrent update references 4.143ms
[2025-05-18T21:34:51.021+0300][20400][13328][info][gc,start    ] GC(6) Concurrent update thread roots
[2025-05-18T21:34:51.021+0300][20400][13328][info][gc          ] GC(6) Concurrent update thread roots 0.227ms
[2025-05-18T21:34:51.021+0300][20400][7724 ][info][gc,start    ] GC(6) Pause Final Update Refs
[2025-05-18T21:34:51.021+0300][20400][7724 ][info][gc,task     ] GC(6) Using 4 of 4 workers for final reference update
[2025-05-18T21:34:51.021+0300][20400][7724 ][info][gc          ] GC(6) Pause Final Update Refs 0.060ms
[2025-05-18T21:34:51.021+0300][20400][13328][info][gc,start    ] GC(6) Concurrent cleanup
[2025-05-18T21:34:51.021+0300][20400][13328][info][gc          ] GC(6) Concurrent cleanup 434M->46M(4096M) 0.036ms
[2025-05-18T21:34:51.021+0300][20400][13328][info][gc,ergo     ] Free: 3843M, Max: 2048K regular, 2996M humongous, Frag: 23% external, 0% internal; Reserve: 206M, Max: 2048K
[2025-05-18T21:34:51.021+0300][20400][13328][info][gc,stats    ] 
[2025-05-18T21:34:51.021+0300][20400][13328][info][gc,stats    ] All times are wall-clock times, except per-root-class counters, that are sum over
[2025-05-18T21:34:51.021+0300][20400][13328][info][gc,stats    ] all workers. Dividing the <total> over the root stage time estimates parallelism.
[2025-05-18T21:34:51.021+0300][20400][13328][info][gc,stats    ] 
[2025-05-18T21:34:51.021+0300][20400][13328][info][gc,stats    ] Concurrent Reset                   1663 us
[2025-05-18T21:34:51.021+0300][20400][13328][info][gc,stats    ] Pause Init Mark (G)                 181 us
[2025-05-18T21:34:51.021+0300][20400][13328][info][gc,stats    ] Pause Init Mark (N)                 108 us
[2025-05-18T21:34:51.021+0300][20400][13328][info][gc,stats    ]   Update Region States               14 us
[2025-05-18T21:34:51.021+0300][20400][13328][info][gc,stats    ] Concurrent Mark Roots               403 us, parallelism: 0.93x
[2025-05-18T21:34:51.021+0300][20400][13328][info][gc,stats    ]   CMR: <total>                      374 us
[2025-05-18T21:34:51.021+0300][20400][13328][info][gc,stats    ]   CMR: Thread Roots                 242 us, workers (us): 187,  55, ---, ---, 
[2025-05-18T21:34:51.021+0300][20400][13328][info][gc,stats    ]   CMR: VM Strong Roots               11 us, workers (us):   6,   5, ---, ---, 
[2025-05-18T21:34:51.021+0300][20400][13328][info][gc,stats    ]   CMR: CLDG Roots                   121 us, workers (us): ---, 121, ---, ---, 
[2025-05-18T21:34:51.021+0300][20400][13328][info][gc,stats    ] Concurrent Marking                10021 us
[2025-05-18T21:34:51.021+0300][20400][13328][info][gc,stats    ] Pause Final Mark (G)                339 us
[2025-05-18T21:34:51.021+0300][20400][13328][info][gc,stats    ] Pause Final Mark (N)                269 us
[2025-05-18T21:34:51.021+0300][20400][13328][info][gc,stats    ]   Finish Mark                       100 us
[2025-05-18T21:34:51.021+0300][20400][13328][info][gc,stats    ]   Update Region States               17 us
[2025-05-18T21:34:51.021+0300][20400][13328][info][gc,stats    ]   Choose Collection Set              66 us
[2025-05-18T21:34:51.021+0300][20400][13328][info][gc,stats    ]   Rebuild Free Set                   10 us
[2025-05-18T21:34:51.021+0300][20400][13328][info][gc,stats    ] Concurrent Thread Roots             389 us, parallelism: 1.05x
[2025-05-18T21:34:51.021+0300][20400][13328][info][gc,stats    ]   CTR: <total>                      407 us
[2025-05-18T21:34:51.021+0300][20400][13328][info][gc,stats    ]   CTR: Thread Roots                 407 us, workers (us): 240, 167, ---, ---, 
[2025-05-18T21:34:51.021+0300][20400][13328][info][gc,stats    ] Concurrent Weak References          186 us, parallelism: 0.91x
[2025-05-18T21:34:51.021+0300][20400][13328][info][gc,stats    ]   CWRF: <total>                     169 us
[2025-05-18T21:34:51.021+0300][20400][13328][info][gc,stats    ]   CWRF: Weak References             169 us, workers (us):  87,  82, ---, ---, 
[2025-05-18T21:34:51.021+0300][20400][13328][info][gc,stats    ] Concurrent Weak Roots              2721 us
[2025-05-18T21:34:51.021+0300][20400][13328][info][gc,stats    ]   Roots                            2545 us, parallelism: 1.91x
[2025-05-18T21:34:51.021+0300][20400][13328][info][gc,stats    ]     CWR: <total>                   4860 us
[2025-05-18T21:34:51.021+0300][20400][13328][info][gc,stats    ]     CWR: Code Cache Roots          3341 us, workers (us): 1638, 1703, ---, ---, 
[2025-05-18T21:34:51.021+0300][20400][13328][info][gc,stats    ]     CWR: VM Weak Roots             1476 us, workers (us): 743, 733, ---, ---, 
[2025-05-18T21:34:51.021+0300][20400][13328][info][gc,stats    ]     CWR: CLDG Roots                  43 us, workers (us): ---,  43, ---, ---, 
[2025-05-18T21:34:51.021+0300][20400][13328][info][gc,stats    ]   Rendezvous                         85 us
[2025-05-18T21:34:51.021+0300][20400][13328][info][gc,stats    ] Concurrent Cleanup                   66 us
[2025-05-18T21:34:51.021+0300][20400][13328][info][gc,stats    ] Concurrent Class Unloading        17576 us
[2025-05-18T21:34:51.021+0300][20400][13328][info][gc,stats    ]   Unlink Stale                    15144 us
[2025-05-18T21:34:51.021+0300][20400][13328][info][gc,stats    ]     System Dictionary               352 us
[2025-05-18T21:34:51.021+0300][20400][13328][info][gc,stats    ]     Weak Class Links               6987 us
[2025-05-18T21:34:51.021+0300][20400][13328][info][gc,stats    ]     Code Roots                     7802 us
[2025-05-18T21:34:51.021+0300][20400][13328][info][gc,stats    ]   Rendezvous                         88 us
[2025-05-18T21:34:51.021+0300][20400][13328][info][gc,stats    ]   Purge Unlinked                   2243 us
[2025-05-18T21:34:51.021+0300][20400][13328][info][gc,stats    ]     Code Roots                     1872 us
[2025-05-18T21:34:51.021+0300][20400][13328][info][gc,stats    ]     CLDG                            371 us
[2025-05-18T21:34:51.021+0300][20400][13328][info][gc,stats    ]     Exception Caches                  0 us
[2025-05-18T21:34:51.021+0300][20400][13328][info][gc,stats    ] Concurrent Strong Roots             696 us, parallelism: 0.82x
[2025-05-18T21:34:51.021+0300][20400][13328][info][gc,stats    ]   CSR: <total>                      574 us
[2025-05-18T21:34:51.021+0300][20400][13328][info][gc,stats    ]   CSR: VM Strong Roots               17 us, workers (us):  10,   6, ---, ---, 
[2025-05-18T21:34:51.021+0300][20400][13328][info][gc,stats    ]   CSR: CLDG Roots                   557 us, workers (us): ---, 557, ---, ---, 
[2025-05-18T21:34:51.021+0300][20400][13328][info][gc,stats    ] Concurrent Evacuation              4093 us
[2025-05-18T21:34:51.021+0300][20400][13328][info][gc,stats    ] Pause Init Update Refs (G)          276 us
[2025-05-18T21:34:51.021+0300][20400][13328][info][gc,stats    ] Pause Init Update Refs (N)           48 us
[2025-05-18T21:34:51.021+0300][20400][13328][info][gc,stats    ]   Manage GCLABs                       4 us
[2025-05-18T21:34:51.021+0300][20400][13328][info][gc,stats    ] Concurrent Update Refs             4189 us
[2025-05-18T21:34:51.021+0300][20400][13328][info][gc,stats    ] Concurrent Update Thread Roots      252 us
[2025-05-18T21:34:51.021+0300][20400][13328][info][gc,stats    ] Pause Final Update Refs (G)         184 us
[2025-05-18T21:34:51.021+0300][20400][13328][info][gc,stats    ] Pause Final Update Refs (N)          70 us
[2025-05-18T21:34:51.021+0300][20400][13328][info][gc,stats    ]   Update Region States               14 us
[2025-05-18T21:34:51.021+0300][20400][13328][info][gc,stats    ]   Trash Collection Set                4 us
[2025-05-18T21:34:51.021+0300][20400][13328][info][gc,stats    ]   Rebuild Free Set                    9 us
[2025-05-18T21:34:51.021+0300][20400][13328][info][gc,stats    ] Concurrent Cleanup                   47 us
[2025-05-18T21:34:51.021+0300][20400][13328][info][gc,stats    ] 
[2025-05-18T21:34:51.021+0300][20400][13328][info][gc,stats    ] Allocation pacing accrued:
[2025-05-18T21:34:51.021+0300][20400][13328][info][gc,stats    ]       0 of 23652 ms (  0.0%): <total>
[2025-05-18T21:34:51.022+0300][20400][13328][info][gc,stats    ]       0 of 23652 ms (  0.0%): <average total>
[2025-05-18T21:34:51.022+0300][20400][13328][info][gc,stats    ] 
[2025-05-18T21:34:51.022+0300][20400][13328][info][gc,metaspace] Metaspace: 34410K(35392K)->34145K(35392K) NonClass: 31515K(32064K)->31322K(32064K) Class: 2894K(3328K)->2823K(3328K)
[2025-05-18T21:34:51.022+0300][20400][13328][info][gc,ergo     ] Pacer for Idle. Initial: 83886K, Alloc Tax Rate: 1.0x
[2025-05-18T21:35:22.513+0300][20400][13328][info][gc          ] Trigger: Learning 3 of 5. Free (2865M) is below initial threshold (2867M)
[2025-05-18T21:35:22.513+0300][20400][13328][info][gc,ergo     ] Free: 2865M, Max: 2048K regular, 2864M humongous, Frag: 0% external, 0% internal; Reserve: 206M, Max: 2048K
[2025-05-18T21:35:22.513+0300][20400][13328][info][gc,start    ] GC(7) Concurrent reset
[2025-05-18T21:35:22.513+0300][20400][13328][info][gc,task     ] GC(7) Using 2 of 4 workers for concurrent reset
[2025-05-18T21:35:22.513+0300][20400][13328][info][gc,ergo     ] GC(7) Pacer for Reset. Non-Taxable: 4096M
[2025-05-18T21:35:22.515+0300][20400][13328][info][gc          ] GC(7) Concurrent reset 1.480ms
[2025-05-18T21:35:22.515+0300][20400][7724 ][info][gc,start    ] GC(7) Pause Init Mark (unload classes)
[2025-05-18T21:35:22.515+0300][20400][7724 ][info][gc,task     ] GC(7) Using 4 of 4 workers for init marking
[2025-05-18T21:35:22.515+0300][20400][7724 ][info][gc,ergo     ] GC(7) Pacer for Mark. Expected Live: 14408K, Free: 2865M, Non-Taxable: 286M, Alloc Tax Rate: 0.0x
[2025-05-18T21:35:22.515+0300][20400][7724 ][info][gc          ] GC(7) Pause Init Mark (unload classes) 0.075ms
[2025-05-18T21:35:22.515+0300][20400][13328][info][gc,start    ] GC(7) Concurrent marking roots
[2025-05-18T21:35:22.515+0300][20400][13328][info][gc,task     ] GC(7) Using 2 of 4 workers for concurrent marking roots
[2025-05-18T21:35:22.515+0300][20400][13328][info][gc          ] GC(7) Concurrent marking roots 0.268ms
[2025-05-18T21:35:22.515+0300][20400][13328][info][gc,start    ] GC(7) Concurrent marking (unload classes)
[2025-05-18T21:35:22.515+0300][20400][13328][info][gc,task     ] GC(7) Using 2 of 4 workers for concurrent marking
[2025-05-18T21:35:22.525+0300][20400][13328][info][gc          ] GC(7) Concurrent marking (unload classes) 9.862ms
[2025-05-18T21:35:22.525+0300][20400][7724 ][info][gc,start    ] GC(7) Pause Final Mark (unload classes)
[2025-05-18T21:35:22.525+0300][20400][7724 ][info][gc,task     ] GC(7) Using 4 of 4 workers for final marking
[2025-05-18T21:35:22.525+0300][20400][7724 ][info][gc,ergo     ] GC(7) Adaptive CSet Selection. Target Free: 580M, Actual Free: 3958M, Max CSet: 170M, Min Garbage: 0B
[2025-05-18T21:35:22.525+0300][20400][7724 ][info][gc,ergo     ] GC(7) Collectable Garbage: 1009M (99%), Immediate: 888M (87%), CSet: 121M (12%)
[2025-05-18T21:35:22.525+0300][20400][7724 ][info][gc,ergo     ] GC(7) Pacer for Evacuation. Used CSet: 125M, Free: 3753M, Non-Taxable: 375M, Alloc Tax Rate: 1.1x
[2025-05-18T21:35:22.526+0300][20400][7724 ][info][gc          ] GC(7) Pause Final Mark (unload classes) 0.264ms
[2025-05-18T21:35:22.526+0300][20400][13328][info][gc,start    ] GC(7) Concurrent thread roots
[2025-05-18T21:35:22.526+0300][20400][13328][info][gc,task     ] GC(7) Using 2 of 4 workers for Concurrent thread roots
[2025-05-18T21:35:22.526+0300][20400][13328][info][gc          ] GC(7) Concurrent thread roots 0.258ms
[2025-05-18T21:35:22.526+0300][20400][13328][info][gc,start    ] GC(7) Concurrent weak references
[2025-05-18T21:35:22.526+0300][20400][13328][info][gc,task     ] GC(7) Using 2 of 4 workers for concurrent weak references
[2025-05-18T21:35:22.526+0300][20400][13328][info][gc,ref      ] GC(7) Encountered references: Soft: 3748, Weak: 2353, Final: 3, Phantom: 277
[2025-05-18T21:35:22.526+0300][20400][13328][info][gc,ref      ] GC(7) Discovered  references: Soft: 0, Weak: 660, Final: 1, Phantom: 191
[2025-05-18T21:35:22.526+0300][20400][13328][info][gc,ref      ] GC(7) Enqueued    references: Soft: 0, Weak: 1, Final: 0, Phantom: 0
[2025-05-18T21:35:22.526+0300][20400][13328][info][gc          ] GC(7) Concurrent weak references 0.191ms
[2025-05-18T21:35:22.526+0300][20400][13328][info][gc,start    ] GC(7) Concurrent weak roots
[2025-05-18T21:35:22.526+0300][20400][13328][info][gc,task     ] GC(7) Using 2 of 4 workers for concurrent weak root
[2025-05-18T21:35:22.530+0300][20400][13328][info][gc          ] GC(7) Concurrent weak roots 3.611ms
[2025-05-18T21:35:22.530+0300][20400][13328][info][gc,start    ] GC(7) Concurrent cleanup
[2025-05-18T21:35:22.530+0300][20400][13328][info][gc          ] GC(7) Concurrent cleanup 1056M->168M(4096M) 0.085ms
[2025-05-18T21:35:22.530+0300][20400][13328][info][gc,ergo     ] GC(7) Free: 3723M, Max: 2048K regular, 2834M humongous, Frag: 24% external, 0% internal; Reserve: 204M, Max: 2048K
[2025-05-18T21:35:22.530+0300][20400][13328][info][gc,start    ] GC(7) Concurrent class unloading
[2025-05-18T21:35:22.530+0300][20400][13328][info][gc,task     ] GC(7) Using 2 of 4 workers for concurrent class unloading
[2025-05-18T21:35:22.538+0300][20400][13328][info][gc          ] GC(7) Concurrent class unloading 8.193ms
[2025-05-18T21:35:22.538+0300][20400][13328][info][gc,start    ] GC(7) Concurrent strong roots
[2025-05-18T21:35:22.538+0300][20400][13328][info][gc,task     ] GC(7) Using 2 of 4 workers for concurrent strong root
[2025-05-18T21:35:22.538+0300][20400][13328][info][gc          ] GC(7) Concurrent strong roots 0.352ms
[2025-05-18T21:35:22.538+0300][20400][13328][info][gc,start    ] GC(7) Concurrent evacuation
[2025-05-18T21:35:22.538+0300][20400][13328][info][gc,task     ] GC(7) Using 2 of 4 workers for concurrent evacuation
[2025-05-18T21:35:22.540+0300][20400][13328][info][gc          ] GC(7) Concurrent evacuation 1.067ms
[2025-05-18T21:35:22.540+0300][20400][7724 ][info][gc,start    ] GC(7) Pause Init Update Refs
[2025-05-18T21:35:22.540+0300][20400][7724 ][info][gc,ergo     ] GC(7) Pacer for Update Refs. Used: 175M, Free: 3723M, Non-Taxable: 372M, Alloc Tax Rate: 1.1x
[2025-05-18T21:35:22.540+0300][20400][7724 ][info][gc          ] GC(7) Pause Init Update Refs 0.034ms
[2025-05-18T21:35:22.540+0300][20400][13328][info][gc,start    ] GC(7) Concurrent update references
[2025-05-18T21:35:22.540+0300][20400][13328][info][gc,task     ] GC(7) Using 2 of 4 workers for concurrent reference update
[2025-05-18T21:35:22.544+0300][20400][13328][info][gc          ] GC(7) Concurrent update references 4.299ms
[2025-05-18T21:35:22.544+0300][20400][13328][info][gc,start    ] GC(7) Concurrent update thread roots
[2025-05-18T21:35:22.545+0300][20400][13328][info][gc          ] GC(7) Concurrent update thread roots 0.599ms
[2025-05-18T21:35:22.545+0300][20400][7724 ][info][gc,start    ] GC(7) Pause Final Update Refs
[2025-05-18T21:35:22.545+0300][20400][7724 ][info][gc,task     ] GC(7) Using 4 of 4 workers for final reference update
[2025-05-18T21:35:22.545+0300][20400][7724 ][info][gc          ] GC(7) Pause Final Update Refs 0.113ms
[2025-05-18T21:35:22.545+0300][20400][13328][info][gc,start    ] GC(7) Concurrent cleanup
[2025-05-18T21:35:22.545+0300][20400][13328][info][gc          ] GC(7) Concurrent cleanup 175M->49M(4096M) 0.052ms
[2025-05-18T21:35:22.545+0300][20400][13328][info][gc,ergo     ] Free: 3840M, Max: 2048K regular, 2832M humongous, Frag: 27% external, 0% internal; Reserve: 206M, Max: 2048K
[2025-05-18T21:35:22.545+0300][20400][13328][info][gc,stats    ] 
[2025-05-18T21:35:22.545+0300][20400][13328][info][gc,stats    ] All times are wall-clock times, except per-root-class counters, that are sum over
[2025-05-18T21:35:22.545+0300][20400][13328][info][gc,stats    ] all workers. Dividing the <total> over the root stage time estimates parallelism.
[2025-05-18T21:35:22.545+0300][20400][13328][info][gc,stats    ] 
[2025-05-18T21:35:22.545+0300][20400][13328][info][gc,stats    ] Concurrent Reset                   1551 us
[2025-05-18T21:35:22.545+0300][20400][13328][info][gc,stats    ] Pause Init Mark (G)                 191 us
[2025-05-18T21:35:22.545+0300][20400][13328][info][gc,stats    ] Pause Init Mark (N)                  85 us
[2025-05-18T21:35:22.545+0300][20400][13328][info][gc,stats    ]   Update Region States                6 us
[2025-05-18T21:35:22.545+0300][20400][13328][info][gc,stats    ] Concurrent Mark Roots               282 us, parallelism: 1.09x
[2025-05-18T21:35:22.545+0300][20400][13328][info][gc,stats    ]   CMR: <total>                      306 us
[2025-05-18T21:35:22.545+0300][20400][13328][info][gc,stats    ]   CMR: Thread Roots                 214 us, workers (us):  89, 125, ---, ---, 
[2025-05-18T21:35:22.545+0300][20400][13328][info][gc,stats    ]   CMR: VM Strong Roots               16 us, workers (us):  15,   0, ---, ---, 
[2025-05-18T21:35:22.545+0300][20400][13328][info][gc,stats    ]   CMR: CLDG Roots                    76 us, workers (us):  76, ---, ---, ---, 
[2025-05-18T21:35:22.545+0300][20400][13328][info][gc,stats    ] Concurrent Marking                 9914 us
[2025-05-18T21:35:22.545+0300][20400][13328][info][gc,stats    ] Pause Final Mark (G)                405 us
[2025-05-18T21:35:22.545+0300][20400][13328][info][gc,stats    ] Pause Final Mark (N)                274 us
[2025-05-18T21:35:22.545+0300][20400][13328][info][gc,stats    ]   Finish Mark                        85 us
[2025-05-18T21:35:22.545+0300][20400][13328][info][gc,stats    ]   Update Region States               19 us
[2025-05-18T21:35:22.545+0300][20400][13328][info][gc,stats    ]   Choose Collection Set              69 us
[2025-05-18T21:35:22.545+0300][20400][13328][info][gc,stats    ]   Rebuild Free Set                   30 us
[2025-05-18T21:35:22.546+0300][20400][13328][info][gc,stats    ] Concurrent Thread Roots             282 us, parallelism: 1.19x
[2025-05-18T21:35:22.546+0300][20400][13328][info][gc,stats    ]   CTR: <total>                      334 us
[2025-05-18T21:35:22.546+0300][20400][13328][info][gc,stats    ]   CTR: Thread Roots                 334 us, workers (us): 166, 168, ---, ---, 
[2025-05-18T21:35:22.546+0300][20400][13328][info][gc,stats    ] Concurrent Weak References          204 us, parallelism: 0.46x
[2025-05-18T21:35:22.546+0300][20400][13328][info][gc,stats    ]   CWRF: <total>                      94 us
[2025-05-18T21:35:22.546+0300][20400][13328][info][gc,stats    ]   CWRF: Weak References              94 us, workers (us):  79,  15, ---, ---, 
[2025-05-18T21:35:22.546+0300][20400][13328][info][gc,stats    ] Concurrent Weak Roots              3682 us
[2025-05-18T21:35:22.546+0300][20400][13328][info][gc,stats    ]   Roots                            3174 us, parallelism: 1.93x
[2025-05-18T21:35:22.546+0300][20400][13328][info][gc,stats    ]     CWR: <total>                   6114 us
[2025-05-18T21:35:22.546+0300][20400][13328][info][gc,stats    ]     CWR: Code Cache Roots          4753 us, workers (us): 2413, 2340, ---, ---, 
[2025-05-18T21:35:22.546+0300][20400][13328][info][gc,stats    ]     CWR: VM Weak Roots             1331 us, workers (us): 667, 665, ---, ---, 
[2025-05-18T21:35:22.546+0300][20400][13328][info][gc,stats    ]     CWR: CLDG Roots                  29 us, workers (us):  29, ---, ---, ---, 
[2025-05-18T21:35:22.546+0300][20400][13328][info][gc,stats    ]   Rendezvous                        410 us
[2025-05-18T21:35:22.546+0300][20400][13328][info][gc,stats    ] Concurrent Cleanup                  114 us
[2025-05-18T21:35:22.546+0300][20400][13328][info][gc,stats    ] Concurrent Class Unloading         8242 us
[2025-05-18T21:35:22.546+0300][20400][13328][info][gc,stats    ]   Unlink Stale                     7785 us
[2025-05-18T21:35:22.546+0300][20400][13328][info][gc,stats    ]     System Dictionary                42 us
[2025-05-18T21:35:22.546+0300][20400][13328][info][gc,stats    ]     Weak Class Links                  0 us
[2025-05-18T21:35:22.546+0300][20400][13328][info][gc,stats    ]     Code Roots                     7742 us
[2025-05-18T21:35:22.546+0300][20400][13328][info][gc,stats    ]   Rendezvous                         53 us
[2025-05-18T21:35:22.546+0300][20400][13328][info][gc,stats    ]   Purge Unlinked                    319 us
[2025-05-18T21:35:22.546+0300][20400][13328][info][gc,stats    ]     Code Roots                      309 us
[2025-05-18T21:35:22.546+0300][20400][13328][info][gc,stats    ]     CLDG                             10 us
[2025-05-18T21:35:22.546+0300][20400][13328][info][gc,stats    ]     Exception Caches                  0 us
[2025-05-18T21:35:22.546+0300][20400][13328][info][gc,stats    ] Concurrent Strong Roots             378 us, parallelism: 0.73x
[2025-05-18T21:35:22.546+0300][20400][13328][info][gc,stats    ]   CSR: <total>                      275 us
[2025-05-18T21:35:22.546+0300][20400][13328][info][gc,stats    ]   CSR: VM Strong Roots               10 us, workers (us):  10,   0, ---, ---, 
[2025-05-18T21:35:22.546+0300][20400][13328][info][gc,stats    ]   CSR: CLDG Roots                   265 us, workers (us): 265, ---, ---, ---, 
[2025-05-18T21:35:22.546+0300][20400][13328][info][gc,stats    ] Concurrent Evacuation              1092 us
[2025-05-18T21:35:22.546+0300][20400][13328][info][gc,stats    ] Pause Init Update Refs (G)           83 us
[2025-05-18T21:35:22.546+0300][20400][13328][info][gc,stats    ] Pause Init Update Refs (N)           43 us
[2025-05-18T21:35:22.546+0300][20400][13328][info][gc,stats    ]   Manage GCLABs                       4 us
[2025-05-18T21:35:22.546+0300][20400][13328][info][gc,stats    ] Concurrent Update Refs             4384 us
[2025-05-18T21:35:22.546+0300][20400][13328][info][gc,stats    ] Concurrent Update Thread Roots      661 us
[2025-05-18T21:35:22.546+0300][20400][13328][info][gc,stats    ] Pause Final Update Refs (G)         225 us
[2025-05-18T21:35:22.546+0300][20400][13328][info][gc,stats    ] Pause Final Update Refs (N)         130 us
[2025-05-18T21:35:22.546+0300][20400][13328][info][gc,stats    ]   Update Region States               31 us
[2025-05-18T21:35:22.546+0300][20400][13328][info][gc,stats    ]   Trash Collection Set                3 us
[2025-05-18T21:35:22.546+0300][20400][13328][info][gc,stats    ]   Rebuild Free Set                   13 us
[2025-05-18T21:35:22.546+0300][20400][13328][info][gc,stats    ] Concurrent Cleanup                   69 us
[2025-05-18T21:35:22.546+0300][20400][13328][info][gc,stats    ] 
[2025-05-18T21:35:22.546+0300][20400][13328][info][gc,stats    ] Allocation pacing accrued:
[2025-05-18T21:35:22.546+0300][20400][13328][info][gc,stats    ]       0 of 31524 ms (  0.0%): <total>
[2025-05-18T21:35:22.546+0300][20400][13328][info][gc,stats    ]       0 of 31524 ms (  0.0%): <average total>
[2025-05-18T21:35:22.546+0300][20400][13328][info][gc,stats    ] 
[2025-05-18T21:35:22.546+0300][20400][13328][info][gc,metaspace] Metaspace: 34188K(35456K)->34188K(35456K) NonClass: 31365K(32128K)->31365K(32128K) Class: 2823K(3328K)->2823K(3328K)
[2025-05-18T21:35:22.546+0300][20400][13328][info][gc,ergo     ] Pacer for Idle. Initial: 83886K, Alloc Tax Rate: 1.0x
[2025-05-18T21:35:55.243+0300][20400][13328][info][gc          ] Trigger: Learning 4 of 5. Free (2866M) is below initial threshold (2867M)
[2025-05-18T21:35:55.243+0300][20400][13328][info][gc,ergo     ] Free: 2866M, Max: 2048K regular, 2832M humongous, Frag: 2% external, 0% internal; Reserve: 206M, Max: 2048K
[2025-05-18T21:35:55.243+0300][20400][13328][info][gc,start    ] GC(8) Concurrent reset
[2025-05-18T21:35:55.243+0300][20400][13328][info][gc,task     ] GC(8) Using 2 of 4 workers for concurrent reset
[2025-05-18T21:35:55.243+0300][20400][13328][info][gc,ergo     ] GC(8) Pacer for Reset. Non-Taxable: 4096M
[2025-05-18T21:35:55.244+0300][20400][13328][info][gc          ] GC(8) Concurrent reset 0.632ms
[2025-05-18T21:35:55.244+0300][20400][7724 ][info][gc,start    ] GC(8) Pause Init Mark (unload classes)
[2025-05-18T21:35:55.244+0300][20400][7724 ][info][gc,task     ] GC(8) Using 4 of 4 workers for init marking
[2025-05-18T21:35:55.244+0300][20400][7724 ][info][gc,ergo     ] GC(8) Pacer for Mark. Expected Live: 14129K, Free: 2864M, Non-Taxable: 286M, Alloc Tax Rate: 0.0x
[2025-05-18T21:35:55.244+0300][20400][7724 ][info][gc          ] GC(8) Pause Init Mark (unload classes) 0.079ms
[2025-05-18T21:35:55.244+0300][20400][13328][info][gc,start    ] GC(8) Concurrent marking roots
[2025-05-18T21:35:55.244+0300][20400][13328][info][gc,task     ] GC(8) Using 2 of 4 workers for concurrent marking roots
[2025-05-18T21:35:55.244+0300][20400][13328][info][gc          ] GC(8) Concurrent marking roots 0.325ms
[2025-05-18T21:35:55.244+0300][20400][13328][info][gc,start    ] GC(8) Concurrent marking (unload classes)
[2025-05-18T21:35:55.244+0300][20400][13328][info][gc,task     ] GC(8) Using 2 of 4 workers for concurrent marking
[2025-05-18T21:35:55.250+0300][20400][13328][info][gc          ] GC(8) Concurrent marking (unload classes) 6.047ms
[2025-05-18T21:35:55.250+0300][20400][7724 ][info][gc,start    ] GC(8) Pause Final Mark (unload classes)
[2025-05-18T21:35:55.250+0300][20400][7724 ][info][gc,task     ] GC(8) Using 4 of 4 workers for final marking
[2025-05-18T21:35:55.251+0300][20400][7724 ][info][gc,ergo     ] GC(8) Adaptive CSet Selection. Target Free: 580M, Actual Free: 3956M, Max CSet: 170M, Min Garbage: 0B
[2025-05-18T21:35:55.251+0300][20400][7724 ][info][gc,ergo     ] GC(8) Collectable Garbage: 1009M (99%), Immediate: 888M (87%), CSet: 121M (12%)
[2025-05-18T21:35:55.251+0300][20400][7724 ][info][gc,ergo     ] GC(8) Pacer for Evacuation. Used CSet: 123M, Free: 3752M, Non-Taxable: 375M, Alloc Tax Rate: 1.1x
[2025-05-18T21:35:55.251+0300][20400][7724 ][info][gc          ] GC(8) Pause Final Mark (unload classes) 0.352ms
[2025-05-18T21:35:55.251+0300][20400][13328][info][gc,start    ] GC(8) Concurrent thread roots
[2025-05-18T21:35:55.251+0300][20400][13328][info][gc,task     ] GC(8) Using 2 of 4 workers for Concurrent thread roots
[2025-05-18T21:35:55.251+0300][20400][13328][info][gc          ] GC(8) Concurrent thread roots 0.188ms
[2025-05-18T21:35:55.251+0300][20400][13328][info][gc,start    ] GC(8) Concurrent weak references
[2025-05-18T21:35:55.251+0300][20400][13328][info][gc,task     ] GC(8) Using 2 of 4 workers for concurrent weak references
[2025-05-18T21:35:55.251+0300][20400][13328][info][gc,ref      ] GC(8) Encountered references: Soft: 3748, Weak: 2353, Final: 3, Phantom: 277
[2025-05-18T21:35:55.251+0300][20400][13328][info][gc,ref      ] GC(8) Discovered  references: Soft: 0, Weak: 721, Final: 1, Phantom: 191
[2025-05-18T21:35:55.251+0300][20400][13328][info][gc,ref      ] GC(8) Enqueued    references: Soft: 0, Weak: 1, Final: 0, Phantom: 0
[2025-05-18T21:35:55.251+0300][20400][13328][info][gc          ] GC(8) Concurrent weak references 0.152ms
[2025-05-18T21:35:55.251+0300][20400][13328][info][gc,start    ] GC(8) Concurrent weak roots
[2025-05-18T21:35:55.251+0300][20400][13328][info][gc,task     ] GC(8) Using 2 of 4 workers for concurrent weak root
[2025-05-18T21:35:55.253+0300][20400][13328][info][gc          ] GC(8) Concurrent weak roots 2.307ms
[2025-05-18T21:35:55.253+0300][20400][13328][info][gc,start    ] GC(8) Concurrent cleanup
[2025-05-18T21:35:55.253+0300][20400][13328][info][gc          ] GC(8) Concurrent cleanup 1025M->137M(4096M) 0.034ms
[2025-05-18T21:35:55.253+0300][20400][13328][info][gc,ergo     ] GC(8) Free: 3752M, Max: 2048K regular, 2832M humongous, Frag: 25% external, 0% internal; Reserve: 205M, Max: 2048K
[2025-05-18T21:35:55.253+0300][20400][13328][info][gc,start    ] GC(8) Concurrent class unloading
[2025-05-18T21:35:55.253+0300][20400][13328][info][gc,task     ] GC(8) Using 2 of 4 workers for concurrent class unloading
[2025-05-18T21:35:55.266+0300][20400][13328][info][gc          ] GC(8) Concurrent class unloading 12.286ms
[2025-05-18T21:35:55.266+0300][20400][13328][info][gc,start    ] GC(8) Concurrent strong roots
[2025-05-18T21:35:55.266+0300][20400][13328][info][gc,task     ] GC(8) Using 2 of 4 workers for concurrent strong root
[2025-05-18T21:35:55.266+0300][20400][13328][info][gc          ] GC(8) Concurrent strong roots 0.313ms
[2025-05-18T21:35:55.266+0300][20400][13328][info][gc,start    ] GC(8) Concurrent evacuation
[2025-05-18T21:35:55.266+0300][20400][13328][info][gc,task     ] GC(8) Using 2 of 4 workers for concurrent evacuation
[2025-05-18T21:35:55.267+0300][20400][13328][info][gc          ] GC(8) Concurrent evacuation 0.610ms
[2025-05-18T21:35:55.267+0300][20400][7724 ][info][gc,start    ] GC(8) Pause Init Update Refs
[2025-05-18T21:35:55.267+0300][20400][7724 ][info][gc,ergo     ] GC(8) Pacer for Update Refs. Used: 170M, Free: 3721M, Non-Taxable: 372M, Alloc Tax Rate: 1.1x
[2025-05-18T21:35:55.267+0300][20400][7724 ][info][gc          ] GC(8) Pause Init Update Refs 0.033ms
[2025-05-18T21:35:55.267+0300][20400][13328][info][gc,start    ] GC(8) Concurrent update references
[2025-05-18T21:35:55.267+0300][20400][13328][info][gc,task     ] GC(8) Using 2 of 4 workers for concurrent reference update
[2025-05-18T21:35:55.270+0300][20400][13328][info][gc          ] GC(8) Concurrent update references 3.128ms
[2025-05-18T21:35:55.270+0300][20400][13328][info][gc,start    ] GC(8) Concurrent update thread roots
[2025-05-18T21:35:55.270+0300][20400][13328][info][gc          ] GC(8) Concurrent update thread roots 0.150ms
[2025-05-18T21:35:55.270+0300][20400][7724 ][info][gc,start    ] GC(8) Pause Final Update Refs
[2025-05-18T21:35:55.270+0300][20400][7724 ][info][gc,task     ] GC(8) Using 4 of 4 workers for final reference update
[2025-05-18T21:35:55.270+0300][20400][7724 ][info][gc          ] GC(8) Pause Final Update Refs 0.056ms
[2025-05-18T21:35:55.270+0300][20400][13328][info][gc,start    ] GC(8) Concurrent cleanup
[2025-05-18T21:35:55.270+0300][20400][13328][info][gc          ] GC(8) Concurrent cleanup 170M->47M(4096M) 0.019ms
[2025-05-18T21:35:55.270+0300][20400][13328][info][gc,ergo     ] Free: 3842M, Max: 2048K regular, 3834M humongous, Frag: 1% external, 0% internal; Reserve: 206M, Max: 2048K
[2025-05-18T21:35:55.270+0300][20400][13328][info][gc,stats    ] 
[2025-05-18T21:35:55.270+0300][20400][13328][info][gc,stats    ] All times are wall-clock times, except per-root-class counters, that are sum over
[2025-05-18T21:35:55.270+0300][20400][13328][info][gc,stats    ] all workers. Dividing the <total> over the root stage time estimates parallelism.
[2025-05-18T21:35:55.270+0300][20400][13328][info][gc,stats    ] 
[2025-05-18T21:35:55.270+0300][20400][13328][info][gc,stats    ] Concurrent Reset                    687 us
[2025-05-18T21:35:55.270+0300][20400][13328][info][gc,stats    ] Pause Init Mark (G)                 259 us
[2025-05-18T21:35:55.270+0300][20400][13328][info][gc,stats    ] Pause Init Mark (N)                  89 us
[2025-05-18T21:35:55.270+0300][20400][13328][info][gc,stats    ]   Update Region States                9 us
[2025-05-18T21:35:55.270+0300][20400][13328][info][gc,stats    ] Concurrent Mark Roots               349 us, parallelism: 0.99x
[2025-05-18T21:35:55.270+0300][20400][13328][info][gc,stats    ]   CMR: <total>                      347 us
[2025-05-18T21:35:55.270+0300][20400][13328][info][gc,stats    ]   CMR: Thread Roots                 265 us, workers (us): 130, 135, ---, ---, 
[2025-05-18T21:35:55.270+0300][20400][13328][info][gc,stats    ]   CMR: VM Strong Roots                9 us, workers (us):   9,   0, ---, ---, 
[2025-05-18T21:35:55.270+0300][20400][13328][info][gc,stats    ]   CMR: CLDG Roots                    74 us, workers (us):  74, ---, ---, ---, 
[2025-05-18T21:35:55.270+0300][20400][13328][info][gc,stats    ] Concurrent Marking                 6095 us
[2025-05-18T21:35:55.270+0300][20400][13328][info][gc,stats    ] Pause Final Mark (G)                394 us
[2025-05-18T21:35:55.270+0300][20400][13328][info][gc,stats    ] Pause Final Mark (N)                361 us
[2025-05-18T21:35:55.270+0300][20400][13328][info][gc,stats    ]   Finish Mark                       227 us
[2025-05-18T21:35:55.270+0300][20400][13328][info][gc,stats    ]   Update Region States               13 us
[2025-05-18T21:35:55.270+0300][20400][13328][info][gc,stats    ]   Choose Collection Set              55 us
[2025-05-18T21:35:55.270+0300][20400][13328][info][gc,stats    ]   Rebuild Free Set                   12 us
[2025-05-18T21:35:55.270+0300][20400][13328][info][gc,stats    ] Concurrent Thread Roots             200 us, parallelism: 1.18x
[2025-05-18T21:35:55.270+0300][20400][13328][info][gc,stats    ]   CTR: <total>                      237 us
[2025-05-18T21:35:55.270+0300][20400][13328][info][gc,stats    ]   CTR: Thread Roots                 237 us, workers (us): 141,  96, ---, ---, 
[2025-05-18T21:35:55.270+0300][20400][13328][info][gc,stats    ] Concurrent Weak References          164 us, parallelism: 0.15x
[2025-05-18T21:35:55.270+0300][20400][13328][info][gc,stats    ]   CWRF: <total>                      24 us
[2025-05-18T21:35:55.270+0300][20400][13328][info][gc,stats    ]   CWRF: Weak References              24 us, workers (us):  24,   0, ---, ---, 
[2025-05-18T21:35:55.271+0300][20400][13328][info][gc,stats    ] Concurrent Weak Roots              2337 us
[2025-05-18T21:35:55.271+0300][20400][13328][info][gc,stats    ]   Roots                            2235 us, parallelism: 1.90x
[2025-05-18T21:35:55.271+0300][20400][13328][info][gc,stats    ]     CWR: <total>                   4254 us
[2025-05-18T21:35:55.271+0300][20400][13328][info][gc,stats    ]     CWR: Code Cache Roots          3808 us, workers (us): 1916, 1892, ---, ---, 
[2025-05-18T21:35:55.271+0300][20400][13328][info][gc,stats    ]     CWR: VM Weak Roots              433 us, workers (us): 254, 178, ---, ---, 
[2025-05-18T21:35:55.271+0300][20400][13328][info][gc,stats    ]     CWR: CLDG Roots                  13 us, workers (us):  13, ---, ---, ---, 
[2025-05-18T21:35:55.271+0300][20400][13328][info][gc,stats    ]   Rendezvous                         50 us
[2025-05-18T21:35:55.271+0300][20400][13328][info][gc,stats    ] Concurrent Cleanup                   44 us
[2025-05-18T21:35:55.271+0300][20400][13328][info][gc,stats    ] Concurrent Class Unloading        12342 us
[2025-05-18T21:35:55.271+0300][20400][13328][info][gc,stats    ]   Unlink Stale                     5878 us
[2025-05-18T21:35:55.271+0300][20400][13328][info][gc,stats    ]     System Dictionary                21 us
[2025-05-18T21:35:55.271+0300][20400][13328][info][gc,stats    ]     Weak Class Links                  0 us
[2025-05-18T21:35:55.271+0300][20400][13328][info][gc,stats    ]     Code Roots                     5855 us
[2025-05-18T21:35:55.271+0300][20400][13328][info][gc,stats    ]   Rendezvous                        251 us
[2025-05-18T21:35:55.271+0300][20400][13328][info][gc,stats    ]   Purge Unlinked                   6136 us
[2025-05-18T21:35:55.271+0300][20400][13328][info][gc,stats    ]     Code Roots                     6047 us
[2025-05-18T21:35:55.271+0300][20400][13328][info][gc,stats    ]     CLDG                             89 us
[2025-05-18T21:35:55.271+0300][20400][13328][info][gc,stats    ]     Exception Caches                  0 us
[2025-05-18T21:35:55.271+0300][20400][13328][info][gc,stats    ] Concurrent Strong Roots             341 us, parallelism: 0.70x
[2025-05-18T21:35:55.271+0300][20400][13328][info][gc,stats    ]   CSR: <total>                      237 us
[2025-05-18T21:35:55.271+0300][20400][13328][info][gc,stats    ]   CSR: VM Strong Roots                5 us, workers (us):   5,   0, ---, ---, 
[2025-05-18T21:35:55.271+0300][20400][13328][info][gc,stats    ]   CSR: CLDG Roots                   232 us, workers (us): 232, ---, ---, ---, 
[2025-05-18T21:35:55.271+0300][20400][13328][info][gc,stats    ] Concurrent Evacuation               634 us
[2025-05-18T21:35:55.271+0300][20400][13328][info][gc,stats    ] Pause Init Update Refs (G)           92 us
[2025-05-18T21:35:55.271+0300][20400][13328][info][gc,stats    ] Pause Init Update Refs (N)           42 us
[2025-05-18T21:35:55.271+0300][20400][13328][info][gc,stats    ]   Manage GCLABs                       4 us
[2025-05-18T21:35:55.271+0300][20400][13328][info][gc,stats    ] Concurrent Update Refs             3159 us
[2025-05-18T21:35:55.271+0300][20400][13328][info][gc,stats    ] Concurrent Update Thread Roots      164 us
[2025-05-18T21:35:55.271+0300][20400][13328][info][gc,stats    ] Pause Final Update Refs (G)          93 us
[2025-05-18T21:35:55.271+0300][20400][13328][info][gc,stats    ] Pause Final Update Refs (N)          68 us
[2025-05-18T21:35:55.271+0300][20400][13328][info][gc,stats    ]   Update Region States               13 us
[2025-05-18T21:35:55.271+0300][20400][13328][info][gc,stats    ]   Trash Collection Set                3 us
[2025-05-18T21:35:55.271+0300][20400][13328][info][gc,stats    ]   Rebuild Free Set                    9 us
[2025-05-18T21:35:55.271+0300][20400][13328][info][gc,stats    ] Concurrent Cleanup                   29 us
[2025-05-18T21:35:55.271+0300][20400][13328][info][gc,stats    ] 
[2025-05-18T21:35:55.271+0300][20400][13328][info][gc,stats    ] Allocation pacing accrued:
[2025-05-18T21:35:55.271+0300][20400][13328][info][gc,stats    ]       0 of 32725 ms (  0.0%): <total>
[2025-05-18T21:35:55.271+0300][20400][13328][info][gc,stats    ]       0 of 32725 ms (  0.0%): <average total>
[2025-05-18T21:35:55.271+0300][20400][13328][info][gc,stats    ] 
[2025-05-18T21:35:55.271+0300][20400][13328][info][gc,metaspace] Metaspace: 34191K(35456K)->34191K(35456K) NonClass: 31367K(32128K)->31367K(32128K) Class: 2823K(3328K)->2823K(3328K)
[2025-05-18T21:35:55.271+0300][20400][13328][info][gc,ergo     ] Pacer for Idle. Initial: 83886K, Alloc Tax Rate: 1.0x
[2025-05-18T21:36:26.878+0300][20400][13328][info][gc          ] Trigger: Learning 5 of 5. Free (2867M) is below initial threshold (2867M)
[2025-05-18T21:36:26.878+0300][20400][13328][info][gc,ergo     ] Free: 2867M, Max: 2048K regular, 2864M humongous, Frag: 0% external, 0% internal; Reserve: 206M, Max: 2048K
[2025-05-18T21:36:26.878+0300][20400][13328][info][gc,start    ] GC(9) Concurrent reset
[2025-05-18T21:36:26.878+0300][20400][13328][info][gc,task     ] GC(9) Using 2 of 4 workers for concurrent reset
[2025-05-18T21:36:26.878+0300][20400][13328][info][gc,ergo     ] GC(9) Pacer for Reset. Non-Taxable: 4096M
[2025-05-18T21:36:26.879+0300][20400][13328][info][gc          ] GC(9) Concurrent reset 0.782ms
[2025-05-18T21:36:26.879+0300][20400][7724 ][info][gc,start    ] GC(9) Pause Init Mark (unload classes)
[2025-05-18T21:36:26.879+0300][20400][7724 ][info][gc,task     ] GC(9) Using 4 of 4 workers for init marking
[2025-05-18T21:36:26.879+0300][20400][7724 ][info][gc,ergo     ] GC(9) Pacer for Mark. Expected Live: 13851K, Free: 2867M, Non-Taxable: 286M, Alloc Tax Rate: 0.0x
[2025-05-18T21:36:26.879+0300][20400][7724 ][info][gc          ] GC(9) Pause Init Mark (unload classes) 0.148ms
[2025-05-18T21:36:26.879+0300][20400][13328][info][gc,start    ] GC(9) Concurrent marking roots
[2025-05-18T21:36:26.880+0300][20400][13328][info][gc,task     ] GC(9) Using 2 of 4 workers for concurrent marking roots
[2025-05-18T21:36:26.880+0300][20400][13328][info][gc          ] GC(9) Concurrent marking roots 0.641ms
[2025-05-18T21:36:26.880+0300][20400][13328][info][gc,start    ] GC(9) Concurrent marking (unload classes)
[2025-05-18T21:36:26.880+0300][20400][13328][info][gc,task     ] GC(9) Using 2 of 4 workers for concurrent marking
[2025-05-18T21:36:26.889+0300][20400][13328][info][gc          ] GC(9) Concurrent marking (unload classes) 7.868ms
[2025-05-18T21:36:26.889+0300][20400][7724 ][info][gc,start    ] GC(9) Pause Final Mark (unload classes)
[2025-05-18T21:36:26.889+0300][20400][7724 ][info][gc,task     ] GC(9) Using 4 of 4 workers for final marking
[2025-05-18T21:36:26.889+0300][20400][7724 ][info][gc,ergo     ] GC(9) Adaptive CSet Selection. Target Free: 580M, Actual Free: 3936M, Max CSet: 170M, Min Garbage: 0B
[2025-05-18T21:36:26.889+0300][20400][7724 ][info][gc,ergo     ] GC(9) Collectable Garbage: 1006M (99%), Immediate: 894M (88%), CSet: 112M (11%)
[2025-05-18T21:36:26.889+0300][20400][7724 ][info][gc,ergo     ] GC(9) Pacer for Evacuation. Used CSet: 113M, Free: 3732M, Non-Taxable: 373M, Alloc Tax Rate: 1.1x
[2025-05-18T21:36:26.889+0300][20400][7724 ][info][gc          ] GC(9) Pause Final Mark (unload classes) 0.355ms
[2025-05-18T21:36:26.889+0300][20400][13328][info][gc,start    ] GC(9) Concurrent thread roots
[2025-05-18T21:36:26.890+0300][20400][13328][info][gc,task     ] GC(9) Using 2 of 4 workers for Concurrent thread roots
[2025-05-18T21:36:26.890+0300][20400][13328][info][gc          ] GC(9) Concurrent thread roots 0.302ms
[2025-05-18T21:36:26.890+0300][20400][13328][info][gc,start    ] GC(9) Concurrent weak references
[2025-05-18T21:36:26.890+0300][20400][13328][info][gc,task     ] GC(9) Using 2 of 4 workers for concurrent weak references
[2025-05-18T21:36:26.890+0300][20400][13328][info][gc,ref      ] GC(9) Encountered references: Soft: 3748, Weak: 2353, Final: 3, Phantom: 277
[2025-05-18T21:36:26.890+0300][20400][13328][info][gc,ref      ] GC(9) Discovered  references: Soft: 0, Weak: 772, Final: 2, Phantom: 188
[2025-05-18T21:36:26.890+0300][20400][13328][info][gc,ref      ] GC(9) Enqueued    references: Soft: 0, Weak: 0, Final: 0, Phantom: 0
[2025-05-18T21:36:26.890+0300][20400][13328][info][gc          ] GC(9) Concurrent weak references 0.232ms
[2025-05-18T21:36:26.890+0300][20400][13328][info][gc,start    ] GC(9) Concurrent weak roots
[2025-05-18T21:36:26.890+0300][20400][13328][info][gc,task     ] GC(9) Using 2 of 4 workers for concurrent weak root
[2025-05-18T21:36:26.892+0300][20400][13328][info][gc          ] GC(9) Concurrent weak roots 1.659ms
[2025-05-18T21:36:26.892+0300][20400][13328][info][gc,start    ] GC(9) Concurrent cleanup
[2025-05-18T21:36:26.892+0300][20400][13328][info][gc          ] GC(9) Concurrent cleanup 1051M->157M(4096M) 0.036ms
[2025-05-18T21:36:26.892+0300][20400][13328][info][gc,ergo     ] GC(9) Free: 3732M, Max: 2048K regular, 2836M humongous, Frag: 24% external, 0% internal; Reserve: 205M, Max: 2048K
[2025-05-18T21:36:26.892+0300][20400][13328][info][gc,start    ] GC(9) Concurrent class unloading
[2025-05-18T21:36:26.892+0300][20400][13328][info][gc,task     ] GC(9) Using 2 of 4 workers for concurrent class unloading
[2025-05-18T21:36:26.897+0300][20400][13328][info][gc          ] GC(9) Concurrent class unloading 5.205ms
[2025-05-18T21:36:26.897+0300][20400][13328][info][gc,start    ] GC(9) Concurrent strong roots
[2025-05-18T21:36:26.897+0300][20400][13328][info][gc,task     ] GC(9) Using 2 of 4 workers for concurrent strong root
[2025-05-18T21:36:26.897+0300][20400][13328][info][gc          ] GC(9) Concurrent strong roots 0.298ms
[2025-05-18T21:36:26.897+0300][20400][13328][info][gc,start    ] GC(9) Concurrent evacuation
[2025-05-18T21:36:26.897+0300][20400][13328][info][gc,task     ] GC(9) Using 2 of 4 workers for concurrent evacuation
[2025-05-18T21:36:26.898+0300][20400][13328][info][gc          ] GC(9) Concurrent evacuation 0.519ms
[2025-05-18T21:36:26.898+0300][20400][7724 ][info][gc,start    ] GC(9) Pause Init Update Refs
[2025-05-18T21:36:26.898+0300][20400][7724 ][info][gc,ergo     ] GC(9) Pacer for Update Refs. Used: 187M, Free: 3702M, Non-Taxable: 370M, Alloc Tax Rate: 1.1x
[2025-05-18T21:36:26.898+0300][20400][7724 ][info][gc          ] GC(9) Pause Init Update Refs 0.037ms
[2025-05-18T21:36:26.898+0300][20400][13328][info][gc,start    ] GC(9) Concurrent update references
[2025-05-18T21:36:26.898+0300][20400][13328][info][gc,task     ] GC(9) Using 2 of 4 workers for concurrent reference update
[2025-05-18T21:36:26.901+0300][20400][13328][info][gc          ] GC(9) Concurrent update references 3.191ms
[2025-05-18T21:36:26.901+0300][20400][13328][info][gc,start    ] GC(9) Concurrent update thread roots
[2025-05-18T21:36:26.902+0300][20400][13328][info][gc          ] GC(9) Concurrent update thread roots 0.241ms
[2025-05-18T21:36:26.902+0300][20400][7724 ][info][gc,start    ] GC(9) Pause Final Update Refs
[2025-05-18T21:36:26.902+0300][20400][7724 ][info][gc,task     ] GC(9) Using 4 of 4 workers for final reference update
[2025-05-18T21:36:26.902+0300][20400][7724 ][info][gc          ] GC(9) Pause Final Update Refs 0.059ms
[2025-05-18T21:36:26.902+0300][20400][13328][info][gc,start    ] GC(9) Concurrent cleanup
[2025-05-18T21:36:26.902+0300][20400][13328][info][gc          ] GC(9) Concurrent cleanup 187M->74M(4096M) 0.031ms
[2025-05-18T21:36:26.902+0300][20400][13328][info][gc,ergo     ] Free: 3815M, Max: 2048K regular, 2836M humongous, Frag: 26% external, 0% internal; Reserve: 206M, Max: 2048K
[2025-05-18T21:36:26.902+0300][20400][13328][info][gc,stats    ] 
[2025-05-18T21:36:26.902+0300][20400][13328][info][gc,stats    ] All times are wall-clock times, except per-root-class counters, that are sum over
[2025-05-18T21:36:26.902+0300][20400][13328][info][gc,stats    ] all workers. Dividing the <total> over the root stage time estimates parallelism.
[2025-05-18T21:36:26.902+0300][20400][13328][info][gc,stats    ] 
[2025-05-18T21:36:26.902+0300][20400][13328][info][gc,stats    ] Concurrent Reset                    889 us
[2025-05-18T21:36:26.902+0300][20400][13328][info][gc,stats    ] Pause Init Mark (G)                 543 us
[2025-05-18T21:36:26.902+0300][20400][13328][info][gc,stats    ] Pause Init Mark (N)                 176 us
[2025-05-18T21:36:26.902+0300][20400][13328][info][gc,stats    ]   Update Region States               23 us
[2025-05-18T21:36:26.902+0300][20400][13328][info][gc,stats    ] Concurrent Mark Roots               703 us, parallelism: 1.10x
[2025-05-18T21:36:26.902+0300][20400][13328][info][gc,stats    ]   CMR: <total>                      774 us
[2025-05-18T21:36:26.902+0300][20400][13328][info][gc,stats    ]   CMR: Thread Roots                 438 us, workers (us):  78, 360, ---, ---, 
[2025-05-18T21:36:26.902+0300][20400][13328][info][gc,stats    ]   CMR: VM Strong Roots               25 us, workers (us):  16,   9, ---, ---, 
[2025-05-18T21:36:26.902+0300][20400][13328][info][gc,stats    ]   CMR: CLDG Roots                   311 us, workers (us): 311, ---, ---, ---, 
[2025-05-18T21:36:26.902+0300][20400][13328][info][gc,stats    ] Concurrent Marking                 7920 us
[2025-05-18T21:36:26.902+0300][20400][13328][info][gc,stats    ] Pause Final Mark (G)                491 us
[2025-05-18T21:36:26.902+0300][20400][13328][info][gc,stats    ] Pause Final Mark (N)                363 us
[2025-05-18T21:36:26.902+0300][20400][13328][info][gc,stats    ]   Finish Mark                       233 us
[2025-05-18T21:36:26.902+0300][20400][13328][info][gc,stats    ]   Update Region States               13 us
[2025-05-18T21:36:26.902+0300][20400][13328][info][gc,stats    ]   Choose Collection Set              48 us
[2025-05-18T21:36:26.902+0300][20400][13328][info][gc,stats    ]   Rebuild Free Set                   12 us
[2025-05-18T21:36:26.902+0300][20400][13328][info][gc,stats    ] Concurrent Thread Roots             325 us, parallelism: 0.67x
[2025-05-18T21:36:26.902+0300][20400][13328][info][gc,stats    ]   CTR: <total>                      217 us
[2025-05-18T21:36:26.902+0300][20400][13328][info][gc,stats    ]   CTR: Thread Roots                 217 us, workers (us): 121,  97, ---, ---, 
[2025-05-18T21:36:26.902+0300][20400][13328][info][gc,stats    ] Concurrent Weak References          245 us, parallelism: 0.18x
[2025-05-18T21:36:26.902+0300][20400][13328][info][gc,stats    ]   CWRF: <total>                      44 us
[2025-05-18T21:36:26.902+0300][20400][13328][info][gc,stats    ]   CWRF: Weak References              44 us, workers (us):  25,  19, ---, ---, 
[2025-05-18T21:36:26.902+0300][20400][13328][info][gc,stats    ] Concurrent Weak Roots              1700 us
[2025-05-18T21:36:26.902+0300][20400][13328][info][gc,stats    ]   Roots                            1439 us, parallelism: 1.66x
[2025-05-18T21:36:26.902+0300][20400][13328][info][gc,stats    ]     CWR: <total>                   2388 us
[2025-05-18T21:36:26.902+0300][20400][13328][info][gc,stats    ]     CWR: Code Cache Roots          1914 us, workers (us): 986, 928, ---, ---, 
[2025-05-18T21:36:26.902+0300][20400][13328][info][gc,stats    ]     CWR: VM Weak Roots              463 us, workers (us): 245, 218, ---, ---, 
[2025-05-18T21:36:26.902+0300][20400][13328][info][gc,stats    ]     CWR: CLDG Roots                  12 us, workers (us): ---,  12, ---, ---, 
[2025-05-18T21:36:26.902+0300][20400][13328][info][gc,stats    ]   Rendezvous                        123 us
[2025-05-18T21:36:26.902+0300][20400][13328][info][gc,stats    ] Concurrent Cleanup                   47 us
[2025-05-18T21:36:26.902+0300][20400][13328][info][gc,stats    ] Concurrent Class Unloading         5248 us
[2025-05-18T21:36:26.902+0300][20400][13328][info][gc,stats    ]   Unlink Stale                     4694 us
[2025-05-18T21:36:26.902+0300][20400][13328][info][gc,stats    ]     System Dictionary                16 us
[2025-05-18T21:36:26.902+0300][20400][13328][info][gc,stats    ]     Weak Class Links                  0 us
[2025-05-18T21:36:26.902+0300][20400][13328][info][gc,stats    ]     Code Roots                     4676 us
[2025-05-18T21:36:26.902+0300][20400][13328][info][gc,stats    ]   Rendezvous                        168 us
[2025-05-18T21:36:26.902+0300][20400][13328][info][gc,stats    ]   Purge Unlinked                    323 us
[2025-05-18T21:36:26.902+0300][20400][13328][info][gc,stats    ]     Code Roots                      313 us
[2025-05-18T21:36:26.902+0300][20400][13328][info][gc,stats    ]     CLDG                             11 us
[2025-05-18T21:36:26.902+0300][20400][13328][info][gc,stats    ]     Exception Caches                  0 us
[2025-05-18T21:36:26.902+0300][20400][13328][info][gc,stats    ] Concurrent Strong Roots             320 us, parallelism: 0.25x
[2025-05-18T21:36:26.902+0300][20400][13328][info][gc,stats    ]   CSR: <total>                       78 us
[2025-05-18T21:36:26.902+0300][20400][13328][info][gc,stats    ]   CSR: VM Strong Roots                4 us, workers (us):   4,   0, ---, ---, 
[2025-05-18T21:36:26.902+0300][20400][13328][info][gc,stats    ]   CSR: CLDG Roots                    74 us, workers (us):  74, ---, ---, ---, 
[2025-05-18T21:36:26.902+0300][20400][13328][info][gc,stats    ] Concurrent Evacuation               541 us
[2025-05-18T21:36:26.902+0300][20400][13328][info][gc,stats    ] Pause Init Update Refs (G)          164 us
[2025-05-18T21:36:26.902+0300][20400][13328][info][gc,stats    ] Pause Init Update Refs (N)           46 us
[2025-05-18T21:36:26.902+0300][20400][13328][info][gc,stats    ]   Manage GCLABs                       2 us
[2025-05-18T21:36:26.902+0300][20400][13328][info][gc,stats    ] Concurrent Update Refs             3220 us
[2025-05-18T21:36:26.902+0300][20400][13328][info][gc,stats    ] Concurrent Update Thread Roots      264 us
[2025-05-18T21:36:26.902+0300][20400][13328][info][gc,stats    ] Pause Final Update Refs (G)         180 us
[2025-05-18T21:36:26.902+0300][20400][13328][info][gc,stats    ] Pause Final Update Refs (N)          69 us
[2025-05-18T21:36:26.902+0300][20400][13328][info][gc,stats    ]   Update Region States               13 us
[2025-05-18T21:36:26.902+0300][20400][13328][info][gc,stats    ]   Trash Collection Set                2 us
[2025-05-18T21:36:26.902+0300][20400][13328][info][gc,stats    ]   Rebuild Free Set                   10 us
[2025-05-18T21:36:26.902+0300][20400][13328][info][gc,stats    ] Concurrent Cleanup                   42 us
[2025-05-18T21:36:26.902+0300][20400][13328][info][gc,stats    ] 
[2025-05-18T21:36:26.902+0300][20400][13328][info][gc,stats    ] Allocation pacing accrued:
[2025-05-18T21:36:26.902+0300][20400][13328][info][gc,stats    ]       0 of 31631 ms (  0.0%): <total>
[2025-05-18T21:36:26.902+0300][20400][13328][info][gc,stats    ]       0 of 31631 ms (  0.0%): <average total>
[2025-05-18T21:36:26.902+0300][20400][13328][info][gc,stats    ] 
[2025-05-18T21:36:26.902+0300][20400][13328][info][gc,metaspace] Metaspace: 34191K(35456K)->34191K(35456K) NonClass: 31367K(32128K)->31367K(32128K) Class: 2823K(3328K)->2823K(3328K)
[2025-05-18T21:36:26.902+0300][20400][13328][info][gc,ergo     ] Pacer for Idle. Initial: 83886K, Alloc Tax Rate: 1.0x
[2025-05-18T21:37:17.623+0300][20400][13328][info][gc          ] Trigger: Explicit GC request (System.gc())
[2025-05-18T21:37:17.623+0300][20400][13328][info][gc,ergo     ] Free: 2236M, Max: 2048K regular, 2232M humongous, Frag: 0% external, 0% internal; Reserve: 206M, Max: 2048K
[2025-05-18T21:37:17.623+0300][20400][13328][info][gc,start    ] GC(10) Concurrent reset
[2025-05-18T21:37:17.623+0300][20400][13328][info][gc,task     ] GC(10) Using 2 of 4 workers for concurrent reset
[2025-05-18T21:37:17.623+0300][20400][13328][info][gc,ergo     ] GC(10) Pacer for Reset. Non-Taxable: 4096M
[2025-05-18T21:37:17.623+0300][20400][13328][info][gc          ] GC(10) Concurrent reset 0.521ms
[2025-05-18T21:37:17.623+0300][20400][7724 ][info][gc,start    ] GC(10) Pause Init Mark (unload classes)
[2025-05-18T21:37:17.623+0300][20400][7724 ][info][gc,task     ] GC(10) Using 4 of 4 workers for init marking
[2025-05-18T21:37:17.623+0300][20400][7724 ][info][gc,ref      ] GC(10) Clearing All SoftReferences
[2025-05-18T21:37:17.623+0300][20400][7724 ][info][gc,ergo     ] GC(10) Pacer for Mark. Expected Live: 13579K, Free: 2236M, Non-Taxable: 223M, Alloc Tax Rate: 0.0x
[2025-05-18T21:37:17.623+0300][20400][7724 ][info][gc          ] GC(10) Pause Init Mark (unload classes) 0.061ms
[2025-05-18T21:37:17.624+0300][20400][13328][info][gc,start    ] GC(10) Concurrent marking roots
[2025-05-18T21:37:17.624+0300][20400][13328][info][gc,task     ] GC(10) Using 2 of 4 workers for concurrent marking roots
[2025-05-18T21:37:17.624+0300][20400][13328][info][gc          ] GC(10) Concurrent marking roots 0.601ms
[2025-05-18T21:37:17.624+0300][20400][13328][info][gc,start    ] GC(10) Concurrent marking (unload classes)
[2025-05-18T21:37:17.624+0300][20400][13328][info][gc,task     ] GC(10) Using 2 of 4 workers for concurrent marking
[2025-05-18T21:37:17.630+0300][20400][13328][info][gc          ] GC(10) Concurrent marking (unload classes) 5.699ms
[2025-05-18T21:37:17.630+0300][20400][7724 ][info][gc,start    ] GC(10) Pause Final Mark (unload classes)
[2025-05-18T21:37:17.630+0300][20400][7724 ][info][gc,task     ] GC(10) Using 4 of 4 workers for final marking
[2025-05-18T21:37:17.630+0300][20400][7724 ][info][gc,ergo     ] GC(10) Collectable Garbage: 1510M (92%), Immediate: 1510M (92%), CSet: 0B (0%)
[2025-05-18T21:37:17.630+0300][20400][7724 ][info][gc          ] GC(10) Pause Final Mark (unload classes) 0.340ms
[2025-05-18T21:37:17.631+0300][20400][13328][info][gc,start    ] GC(10) Concurrent weak references
[2025-05-18T21:37:17.631+0300][20400][13328][info][gc,task     ] GC(10) Using 2 of 4 workers for concurrent weak references
[2025-05-18T21:37:17.631+0300][20400][13328][info][gc,ref      ] GC(10) Encountered references: Soft: 3566, Weak: 2118, Final: 3, Phantom: 259
[2025-05-18T21:37:17.631+0300][20400][13328][info][gc,ref      ] GC(10) Discovered  references: Soft: 2088, Weak: 887, Final: 2, Phantom: 121
[2025-05-18T21:37:17.631+0300][20400][13328][info][gc,ref      ] GC(10) Enqueued    references: Soft: 113, Weak: 166, Final: 0, Phantom: 3
[2025-05-18T21:37:17.631+0300][20400][13328][info][gc          ] GC(10) Concurrent weak references 0.385ms
[2025-05-18T21:37:17.631+0300][20400][13328][info][gc,start    ] GC(10) Concurrent weak roots
[2025-05-18T21:37:17.631+0300][20400][13328][info][gc,task     ] GC(10) Using 2 of 4 workers for concurrent weak root
[2025-05-18T21:37:17.633+0300][20400][13328][info][gc          ] GC(10) Concurrent weak roots 1.786ms
[2025-05-18T21:37:17.633+0300][20400][13328][info][gc,start    ] GC(10) Concurrent cleanup
[2025-05-18T21:37:17.633+0300][20400][13328][info][gc          ] GC(10) Concurrent cleanup 1655M->144M(4096M) 0.046ms
[2025-05-18T21:37:17.633+0300][20400][13328][info][gc,ergo     ] GC(10) Free: 3745M, Max: 2048K regular, 2230M humongous, Frag: 41% external, 0% internal; Reserve: 206M, Max: 2048K
[2025-05-18T21:37:17.633+0300][20400][13328][info][gc,start    ] GC(10) Concurrent class unloading
[2025-05-18T21:37:17.633+0300][20400][13328][info][gc,task     ] GC(10) Using 2 of 4 workers for concurrent class unloading
[2025-05-18T21:37:17.652+0300][20400][13328][info][gc          ] GC(10) Concurrent class unloading 19.922ms
[2025-05-18T21:37:17.653+0300][20400][7724 ][info][gc,start    ] GC(10) Pause Final Roots
[2025-05-18T21:37:17.653+0300][20400][7724 ][info][gc          ] GC(10) Pause Final Roots 0.043ms
[2025-05-18T21:37:17.653+0300][20400][13328][info][gc,ergo     ] Free: 3745M, Max: 2048K regular, 2230M humongous, Frag: 41% external, 0% internal; Reserve: 206M, Max: 2048K
[2025-05-18T21:37:17.653+0300][20400][13328][info][gc,stats    ] 
[2025-05-18T21:37:17.653+0300][20400][13328][info][gc,stats    ] All times are wall-clock times, except per-root-class counters, that are sum over
[2025-05-18T21:37:17.653+0300][20400][13328][info][gc,stats    ] all workers. Dividing the <total> over the root stage time estimates parallelism.
[2025-05-18T21:37:17.653+0300][20400][13328][info][gc,stats    ] 
[2025-05-18T21:37:17.653+0300][20400][13328][info][gc,stats    ] Concurrent Reset                    553 us
[2025-05-18T21:37:17.653+0300][20400][13328][info][gc,stats    ] Pause Init Mark (G)                 293 us
[2025-05-18T21:37:17.653+0300][20400][13328][info][gc,stats    ] Pause Init Mark (N)                  73 us
[2025-05-18T21:37:17.653+0300][20400][13328][info][gc,stats    ]   Update Region States                6 us
[2025-05-18T21:37:17.653+0300][20400][13328][info][gc,stats    ] Concurrent Mark Roots               632 us, parallelism: 0.41x
[2025-05-18T21:37:17.653+0300][20400][13328][info][gc,stats    ]   CMR: <total>                      259 us
[2025-05-18T21:37:17.653+0300][20400][13328][info][gc,stats    ]   CMR: Thread Roots                 178 us, workers (us):  63, 115, ---, ---, 
[2025-05-18T21:37:17.653+0300][20400][13328][info][gc,stats    ]   CMR: VM Strong Roots               14 us, workers (us):   4,  10, ---, ---, 
[2025-05-18T21:37:17.653+0300][20400][13328][info][gc,stats    ]   CMR: CLDG Roots                    67 us, workers (us):  67, ---, ---, ---, 
[2025-05-18T21:37:17.653+0300][20400][13328][info][gc,stats    ] Concurrent Marking                 5782 us
[2025-05-18T21:37:17.653+0300][20400][13328][info][gc,stats    ] Pause Final Mark (G)                526 us
[2025-05-18T21:37:17.653+0300][20400][13328][info][gc,stats    ] Pause Final Mark (N)                351 us
[2025-05-18T21:37:17.653+0300][20400][13328][info][gc,stats    ]   Finish Mark                       234 us
[2025-05-18T21:37:17.653+0300][20400][13328][info][gc,stats    ]   Update Region States               14 us
[2025-05-18T21:37:17.653+0300][20400][13328][info][gc,stats    ]   Choose Collection Set              33 us
[2025-05-18T21:37:17.653+0300][20400][13328][info][gc,stats    ]   Rebuild Free Set                   13 us
[2025-05-18T21:37:17.653+0300][20400][13328][info][gc,stats    ] Concurrent Weak References          394 us, parallelism: 0.24x
[2025-05-18T21:37:17.653+0300][20400][13328][info][gc,stats    ]   CWRF: <total>                      94 us
[2025-05-18T21:37:17.653+0300][20400][13328][info][gc,stats    ]   CWRF: Weak References              94 us, workers (us):  75,  19, ---, ---, 
[2025-05-18T21:37:17.653+0300][20400][13328][info][gc,stats    ] Concurrent Weak Roots              1828 us
[2025-05-18T21:37:17.653+0300][20400][13328][info][gc,stats    ]   Roots                            1591 us, parallelism: 1.78x
[2025-05-18T21:37:17.653+0300][20400][13328][info][gc,stats    ]     CWR: <total>                   2829 us
[2025-05-18T21:37:17.653+0300][20400][13328][info][gc,stats    ]     CWR: Code Cache Roots          2326 us, workers (us): 1157, 1168, ---, ---, 
[2025-05-18T21:37:17.653+0300][20400][13328][info][gc,stats    ]     CWR: VM Weak Roots              491 us, workers (us): 270, 221, ---, ---, 
[2025-05-18T21:37:17.653+0300][20400][13328][info][gc,stats    ]     CWR: CLDG Roots                  13 us, workers (us):  13, ---, ---, ---, 
[2025-05-18T21:37:17.653+0300][20400][13328][info][gc,stats    ]   Rendezvous                        162 us
[2025-05-18T21:37:17.653+0300][20400][13328][info][gc,stats    ] Concurrent Cleanup                   56 us
[2025-05-18T21:37:17.653+0300][20400][13328][info][gc,stats    ] Concurrent Class Unloading        19983 us
[2025-05-18T21:37:17.653+0300][20400][13328][info][gc,stats    ]   Unlink Stale                    17950 us
[2025-05-18T21:37:17.653+0300][20400][13328][info][gc,stats    ]     System Dictionary               267 us
[2025-05-18T21:37:17.653+0300][20400][13328][info][gc,stats    ]     Weak Class Links              10024 us
[2025-05-18T21:37:17.653+0300][20400][13328][info][gc,stats    ]     Code Roots                     7658 us
[2025-05-18T21:37:17.653+0300][20400][13328][info][gc,stats    ]   Rendezvous                         65 us
[2025-05-18T21:37:17.653+0300][20400][13328][info][gc,stats    ]   Purge Unlinked                   1887 us
[2025-05-18T21:37:17.653+0300][20400][13328][info][gc,stats    ]     Code Roots                     1304 us
[2025-05-18T21:37:17.653+0300][20400][13328][info][gc,stats    ]     CLDG                            583 us
[2025-05-18T21:37:17.653+0300][20400][13328][info][gc,stats    ]     Exception Caches                  0 us
[2025-05-18T21:37:17.653+0300][20400][13328][info][gc,stats    ] Pause Final Roots (G)               165 us
[2025-05-18T21:37:17.653+0300][20400][13328][info][gc,stats    ] Pause Final Roots (N)                59 us
[2025-05-18T21:37:17.653+0300][20400][13328][info][gc,stats    ] 
[2025-05-18T21:37:17.653+0300][20400][13328][info][gc,stats    ] Allocation pacing accrued:
[2025-05-18T21:37:17.653+0300][20400][13328][info][gc,stats    ]       0 of 50752 ms (  0.0%): <total>
[2025-05-18T21:37:17.653+0300][20400][13328][info][gc,stats    ]       0 of 50752 ms (  0.0%): <average total>
[2025-05-18T21:37:17.653+0300][20400][13328][info][gc,stats    ] 
[2025-05-18T21:37:17.653+0300][20400][13328][info][gc,metaspace] Metaspace: 34213K(35456K)->33019K(35456K) NonClass: 31389K(32128K)->30309K(32128K) Class: 2824K(3328K)->2709K(3328K)
[2025-05-18T21:37:17.653+0300][20400][13328][info][gc,ergo     ] Pacer for Idle. Initial: 83886K, Alloc Tax Rate: 1.0x
[2025-05-18T21:37:43.688+0300][20400][13328][info][gc          ] Trigger: Learning 2 of 5. Free (2865M) is below initial threshold (2867M)
[2025-05-18T21:37:43.688+0300][20400][13328][info][gc,ergo     ] Free: 2865M, Max: 2048K regular, 2230M humongous, Frag: 23% external, 0% internal; Reserve: 206M, Max: 2048K
[2025-05-18T21:37:43.688+0300][20400][13328][info][gc,start    ] GC(11) Concurrent reset
[2025-05-18T21:37:43.688+0300][20400][13328][info][gc,task     ] GC(11) Using 2 of 4 workers for concurrent reset
[2025-05-18T21:37:43.688+0300][20400][13328][info][gc,ergo     ] GC(11) Pacer for Reset. Non-Taxable: 4096M
[2025-05-18T21:37:43.690+0300][20400][13328][info][gc          ] GC(11) Concurrent reset 2.254ms
[2025-05-18T21:37:43.691+0300][20400][7724 ][info][gc,start    ] GC(11) Pause Init Mark (unload classes)
[2025-05-18T21:37:43.691+0300][20400][7724 ][info][gc,task     ] GC(11) Using 4 of 4 workers for init marking
[2025-05-18T21:37:43.691+0300][20400][7724 ][info][gc,ergo     ] GC(11) Pacer for Mark. Expected Live: 13585K, Free: 2863M, Non-Taxable: 286M, Alloc Tax Rate: 0.0x
[2025-05-18T21:37:43.691+0300][20400][7724 ][info][gc          ] GC(11) Pause Init Mark (unload classes) 0.171ms
[2025-05-18T21:37:43.691+0300][20400][13328][info][gc,start    ] GC(11) Concurrent marking roots
[2025-05-18T21:37:43.691+0300][20400][13328][info][gc,task     ] GC(11) Using 2 of 4 workers for concurrent marking roots
[2025-05-18T21:37:43.692+0300][20400][13328][info][gc          ] GC(11) Concurrent marking roots 0.663ms
[2025-05-18T21:37:43.692+0300][20400][13328][info][gc,start    ] GC(11) Concurrent marking (unload classes)
[2025-05-18T21:37:43.692+0300][20400][13328][info][gc,task     ] GC(11) Using 2 of 4 workers for concurrent marking
[2025-05-18T21:37:43.701+0300][20400][13328][info][gc          ] GC(11) Concurrent marking (unload classes) 8.722ms
[2025-05-18T21:37:43.701+0300][20400][7724 ][info][gc,start    ] GC(11) Pause Final Mark (unload classes)
[2025-05-18T21:37:43.701+0300][20400][7724 ][info][gc,task     ] GC(11) Using 4 of 4 workers for final marking
[2025-05-18T21:37:43.701+0300][20400][7724 ][info][gc,ergo     ] GC(11) Adaptive CSet Selection. Target Free: 580M, Actual Free: 3784M, Max CSet: 170M, Min Garbage: 0B
[2025-05-18T21:37:43.701+0300][20400][7724 ][info][gc,ergo     ] GC(11) Collectable Garbage: 1011M (99%), Immediate: 718M (70%), CSet: 293M (28%)
[2025-05-18T21:37:43.701+0300][20400][7724 ][info][gc,ergo     ] GC(11) Pacer for Evacuation. Used CSet: 299M, Free: 3580M, Non-Taxable: 358M, Alloc Tax Rate: 1.1x
[2025-05-18T21:37:43.701+0300][20400][7724 ][info][gc          ] GC(11) Pause Final Mark (unload classes) 0.410ms
[2025-05-18T21:37:43.701+0300][20400][13328][info][gc,start    ] GC(11) Concurrent thread roots
[2025-05-18T21:37:43.701+0300][20400][13328][info][gc,task     ] GC(11) Using 2 of 4 workers for Concurrent thread roots
[2025-05-18T21:37:43.701+0300][20400][13328][info][gc          ] GC(11) Concurrent thread roots 0.331ms
[2025-05-18T21:37:43.701+0300][20400][13328][info][gc,start    ] GC(11) Concurrent weak references
[2025-05-18T21:37:43.701+0300][20400][13328][info][gc,task     ] GC(11) Using 2 of 4 workers for concurrent weak references
[2025-05-18T21:37:43.702+0300][20400][13328][info][gc,ref      ] GC(11) Encountered references: Soft: 3750, Weak: 2650, Final: 3, Phantom: 314
[2025-05-18T21:37:43.702+0300][20400][13328][info][gc,ref      ] GC(11) Discovered  references: Soft: 0, Weak: 963, Final: 1, Phantom: 228
[2025-05-18T21:37:43.702+0300][20400][13328][info][gc,ref      ] GC(11) Enqueued    references: Soft: 0, Weak: 298, Final: 0, Phantom: 39
[2025-05-18T21:37:43.702+0300][20400][13328][info][gc          ] GC(11) Concurrent weak references 0.287ms
[2025-05-18T21:37:43.702+0300][20400][13328][info][gc,start    ] GC(11) Concurrent weak roots
[2025-05-18T21:37:43.702+0300][20400][13328][info][gc,task     ] GC(11) Using 2 of 4 workers for concurrent weak root
[2025-05-18T21:37:43.704+0300][20400][13328][info][gc          ] GC(11) Concurrent weak roots 2.055ms
[2025-05-18T21:37:43.704+0300][20400][13328][info][gc,start    ] GC(11) Concurrent cleanup
[2025-05-18T21:37:43.704+0300][20400][13328][info][gc          ] GC(11) Concurrent cleanup 1035M->317M(4096M) 0.058ms
[2025-05-18T21:37:43.704+0300][20400][13328][info][gc,ergo     ] GC(11) Free: 3572M, Max: 2048K regular, 2230M humongous, Frag: 38% external, 0% internal; Reserve: 204M, Max: 2048K
[2025-05-18T21:37:43.704+0300][20400][13328][info][gc,start    ] GC(11) Concurrent class unloading
[2025-05-18T21:37:43.704+0300][20400][13328][info][gc,task     ] GC(11) Using 2 of 4 workers for concurrent class unloading
[2025-05-18T21:37:43.718+0300][20400][13328][info][gc          ] GC(11) Concurrent class unloading 13.997ms
[2025-05-18T21:37:43.718+0300][20400][13328][info][gc,start    ] GC(11) Concurrent strong roots
[2025-05-18T21:37:43.718+0300][20400][13328][info][gc,task     ] GC(11) Using 2 of 4 workers for concurrent strong root
[2025-05-18T21:37:43.719+0300][20400][13328][info][gc          ] GC(11) Concurrent strong roots 0.422ms
[2025-05-18T21:37:43.719+0300][20400][13328][info][gc,start    ] GC(11) Concurrent evacuation
[2025-05-18T21:37:43.719+0300][20400][13328][info][gc,task     ] GC(11) Using 2 of 4 workers for concurrent evacuation
[2025-05-18T21:37:43.722+0300][20400][13328][info][gc          ] GC(11) Concurrent evacuation 2.573ms
[2025-05-18T21:37:43.722+0300][20400][7724 ][info][gc,start    ] GC(11) Pause Init Update Refs
[2025-05-18T21:37:43.722+0300][20400][7724 ][info][gc,ergo     ] GC(11) Pacer for Update Refs. Used: 339M, Free: 3558M, Non-Taxable: 355M, Alloc Tax Rate: 1.1x
[2025-05-18T21:37:43.722+0300][20400][7724 ][info][gc          ] GC(11) Pause Init Update Refs 0.042ms
[2025-05-18T21:37:43.722+0300][20400][13328][info][gc,start    ] GC(11) Concurrent update references
[2025-05-18T21:37:43.722+0300][20400][13328][info][gc,task     ] GC(11) Using 2 of 4 workers for concurrent reference update
[2025-05-18T21:37:43.726+0300][20400][13328][info][gc          ] GC(11) Concurrent update references 4.086ms
[2025-05-18T21:37:43.726+0300][20400][13328][info][gc,start    ] GC(11) Concurrent update thread roots
[2025-05-18T21:37:43.726+0300][20400][13328][info][gc          ] GC(11) Concurrent update thread roots 0.305ms
[2025-05-18T21:37:43.726+0300][20400][7724 ][info][gc,start    ] GC(11) Pause Final Update Refs
[2025-05-18T21:37:43.726+0300][20400][7724 ][info][gc,task     ] GC(11) Using 4 of 4 workers for final reference update
[2025-05-18T21:37:43.726+0300][20400][7724 ][info][gc          ] GC(11) Pause Final Update Refs 0.060ms
[2025-05-18T21:37:43.726+0300][20400][13328][info][gc,start    ] GC(11) Concurrent cleanup
[2025-05-18T21:37:43.726+0300][20400][13328][info][gc          ] GC(11) Concurrent cleanup 339M->40M(4096M) 0.035ms
[2025-05-18T21:37:43.726+0300][20400][13328][info][gc,ergo     ] Free: 3849M, Max: 2048K regular, 2922M humongous, Frag: 25% external, 0% internal; Reserve: 206M, Max: 2048K
[2025-05-18T21:37:43.726+0300][20400][13328][info][gc,stats    ] 
[2025-05-18T21:37:43.726+0300][20400][13328][info][gc,stats    ] All times are wall-clock times, except per-root-class counters, that are sum over
[2025-05-18T21:37:43.726+0300][20400][13328][info][gc,stats    ] all workers. Dividing the <total> over the root stage time estimates parallelism.
[2025-05-18T21:37:43.726+0300][20400][13328][info][gc,stats    ] 
[2025-05-18T21:37:43.726+0300][20400][13328][info][gc,stats    ] Concurrent Reset                   2341 us
[2025-05-18T21:37:43.727+0300][20400][13328][info][gc,stats    ] Pause Init Mark (G)                 509 us
[2025-05-18T21:37:43.727+0300][20400][13328][info][gc,stats    ] Pause Init Mark (N)                 199 us
[2025-05-18T21:37:43.727+0300][20400][13328][info][gc,stats    ]   Update Region States               18 us
[2025-05-18T21:37:43.727+0300][20400][13328][info][gc,stats    ] Concurrent Mark Roots               721 us, parallelism: 0.73x
[2025-05-18T21:37:43.727+0300][20400][13328][info][gc,stats    ]   CMR: <total>                      526 us
[2025-05-18T21:37:43.727+0300][20400][13328][info][gc,stats    ]   CMR: Thread Roots                 364 us, workers (us): 148, 216, ---, ---, 
[2025-05-18T21:37:43.727+0300][20400][13328][info][gc,stats    ]   CMR: VM Strong Roots               15 us, workers (us):  14,   1, ---, ---, 
[2025-05-18T21:37:43.727+0300][20400][13328][info][gc,stats    ]   CMR: CLDG Roots                   147 us, workers (us): 147, ---, ---, ---, 
[2025-05-18T21:37:43.727+0300][20400][13328][info][gc,stats    ] Concurrent Marking                 8771 us
[2025-05-18T21:37:43.727+0300][20400][13328][info][gc,stats    ] Pause Final Mark (G)                523 us
[2025-05-18T21:37:43.727+0300][20400][13328][info][gc,stats    ] Pause Final Mark (N)                418 us
[2025-05-18T21:37:43.727+0300][20400][13328][info][gc,stats    ]   Finish Mark                       272 us
[2025-05-18T21:37:43.727+0300][20400][13328][info][gc,stats    ]   Update Region States               22 us
[2025-05-18T21:37:43.727+0300][20400][13328][info][gc,stats    ]   Choose Collection Set              54 us
[2025-05-18T21:37:43.727+0300][20400][13328][info][gc,stats    ]   Rebuild Free Set                   12 us
[2025-05-18T21:37:43.727+0300][20400][13328][info][gc,stats    ] Concurrent Thread Roots             353 us, parallelism: 0.81x
[2025-05-18T21:37:43.727+0300][20400][13328][info][gc,stats    ]   CTR: <total>                      287 us
[2025-05-18T21:37:43.727+0300][20400][13328][info][gc,stats    ]   CTR: Thread Roots                 287 us, workers (us): 162, 125, ---, ---, 
[2025-05-18T21:37:43.727+0300][20400][13328][info][gc,stats    ] Concurrent Weak References          297 us, parallelism: 0.42x
[2025-05-18T21:37:43.727+0300][20400][13328][info][gc,stats    ]   CWRF: <total>                     124 us
[2025-05-18T21:37:43.727+0300][20400][13328][info][gc,stats    ]   CWRF: Weak References             124 us, workers (us): 111,  14, ---, ---, 
[2025-05-18T21:37:43.727+0300][20400][13328][info][gc,stats    ] Concurrent Weak Roots              2120 us
[2025-05-18T21:37:43.727+0300][20400][13328][info][gc,stats    ]   Roots                            1937 us, parallelism: 1.68x
[2025-05-18T21:37:43.727+0300][20400][13328][info][gc,stats    ]     CWR: <total>                   3261 us
[2025-05-18T21:37:43.727+0300][20400][13328][info][gc,stats    ]     CWR: Code Cache Roots          2143 us, workers (us): 1085, 1058, ---, ---, 
[2025-05-18T21:37:43.727+0300][20400][13328][info][gc,stats    ]     CWR: VM Weak Roots             1105 us, workers (us): 552, 553, ---, ---, 
[2025-05-18T21:37:43.727+0300][20400][13328][info][gc,stats    ]     CWR: CLDG Roots                  13 us, workers (us):  13, ---, ---, ---, 
[2025-05-18T21:37:43.727+0300][20400][13328][info][gc,stats    ]   Rendezvous                         98 us
[2025-05-18T21:37:43.727+0300][20400][13328][info][gc,stats    ] Concurrent Cleanup                   73 us
[2025-05-18T21:37:43.727+0300][20400][13328][info][gc,stats    ] Concurrent Class Unloading        14046 us
[2025-05-18T21:37:43.727+0300][20400][13328][info][gc,stats    ]   Unlink Stale                    13293 us
[2025-05-18T21:37:43.727+0300][20400][13328][info][gc,stats    ]     System Dictionary               432 us
[2025-05-18T21:37:43.727+0300][20400][13328][info][gc,stats    ]     Weak Class Links               5592 us
[2025-05-18T21:37:43.727+0300][20400][13328][info][gc,stats    ]     Code Roots                     7266 us
[2025-05-18T21:37:43.727+0300][20400][13328][info][gc,stats    ]   Rendezvous                         73 us
[2025-05-18T21:37:43.727+0300][20400][13328][info][gc,stats    ]   Purge Unlinked                    598 us
[2025-05-18T21:37:43.727+0300][20400][13328][info][gc,stats    ]     Code Roots                      408 us
[2025-05-18T21:37:43.727+0300][20400][13328][info][gc,stats    ]     CLDG                            190 us
[2025-05-18T21:37:43.727+0300][20400][13328][info][gc,stats    ]     Exception Caches                  0 us
[2025-05-18T21:37:43.727+0300][20400][13328][info][gc,stats    ] Concurrent Strong Roots             434 us, parallelism: 0.63x
[2025-05-18T21:37:43.727+0300][20400][13328][info][gc,stats    ]   CSR: <total>                      275 us
[2025-05-18T21:37:43.727+0300][20400][13328][info][gc,stats    ]   CSR: VM Strong Roots               12 us, workers (us):  11,   0, ---, ---, 
[2025-05-18T21:37:43.727+0300][20400][13328][info][gc,stats    ]   CSR: CLDG Roots                   264 us, workers (us): 264, ---, ---, ---, 
[2025-05-18T21:37:43.727+0300][20400][13328][info][gc,stats    ] Concurrent Evacuation              2628 us
[2025-05-18T21:37:43.727+0300][20400][13328][info][gc,stats    ] Pause Init Update Refs (G)          163 us
[2025-05-18T21:37:43.727+0300][20400][13328][info][gc,stats    ] Pause Init Update Refs (N)           50 us
[2025-05-18T21:37:43.727+0300][20400][13328][info][gc,stats    ]   Manage GCLABs                       4 us
[2025-05-18T21:37:43.727+0300][20400][13328][info][gc,stats    ] Concurrent Update Refs             4134 us
[2025-05-18T21:37:43.727+0300][20400][13328][info][gc,stats    ] Concurrent Update Thread Roots      328 us
[2025-05-18T21:37:43.727+0300][20400][13328][info][gc,stats    ] Pause Final Update Refs (G)         195 us
[2025-05-18T21:37:43.727+0300][20400][13328][info][gc,stats    ] Pause Final Update Refs (N)          70 us
[2025-05-18T21:37:43.727+0300][20400][13328][info][gc,stats    ]   Update Region States               14 us
[2025-05-18T21:37:43.727+0300][20400][13328][info][gc,stats    ]   Trash Collection Set                3 us
[2025-05-18T21:37:43.727+0300][20400][13328][info][gc,stats    ]   Rebuild Free Set                    9 us
[2025-05-18T21:37:43.727+0300][20400][13328][info][gc,stats    ] Concurrent Cleanup                   46 us
[2025-05-18T21:37:43.727+0300][20400][13328][info][gc,stats    ] 
[2025-05-18T21:37:43.727+0300][20400][13328][info][gc,stats    ] Allocation pacing accrued:
[2025-05-18T21:37:43.727+0300][20400][13328][info][gc,stats    ]       0 of 26073 ms (  0.0%): <total>
[2025-05-18T21:37:43.727+0300][20400][13328][info][gc,stats    ]       0 of 26073 ms (  0.0%): <average total>
[2025-05-18T21:37:43.727+0300][20400][13328][info][gc,stats    ] 
[2025-05-18T21:37:43.727+0300][20400][13328][info][gc,metaspace] Metaspace: 34520K(35520K)->34254K(35520K) NonClass: 31626K(32192K)->31432K(32192K) Class: 2894K(3328K)->2822K(3328K)
[2025-05-18T21:37:43.727+0300][20400][13328][info][gc,ergo     ] Pacer for Idle. Initial: 83886K, Alloc Tax Rate: 1.0x
[2025-05-18T21:38:14.938+0300][20400][13328][info][gc          ] Trigger: Learning 3 of 5. Free (2867M) is below initial threshold (2867M)
[2025-05-18T21:38:14.938+0300][20400][13328][info][gc,ergo     ] Free: 2867M, Max: 2048K regular, 2864M humongous, Frag: 0% external, 0% internal; Reserve: 206M, Max: 2048K
[2025-05-18T21:38:14.938+0300][20400][13328][info][gc,start    ] GC(12) Concurrent reset
[2025-05-18T21:38:14.938+0300][20400][13328][info][gc,task     ] GC(12) Using 2 of 4 workers for concurrent reset
[2025-05-18T21:38:14.938+0300][20400][13328][info][gc,ergo     ] GC(12) Pacer for Reset. Non-Taxable: 4096M
[2025-05-18T21:38:14.939+0300][20400][13328][info][gc          ] GC(12) Concurrent reset 1.107ms
[2025-05-18T21:38:14.940+0300][20400][7724 ][info][gc,start    ] GC(12) Pause Init Mark (unload classes)
[2025-05-18T21:38:14.940+0300][20400][7724 ][info][gc,task     ] GC(12) Using 4 of 4 workers for init marking
[2025-05-18T21:38:14.940+0300][20400][7724 ][info][gc,ergo     ] GC(12) Pacer for Mark. Expected Live: 13583K, Free: 2865M, Non-Taxable: 286M, Alloc Tax Rate: 0.0x
[2025-05-18T21:38:14.940+0300][20400][7724 ][info][gc          ] GC(12) Pause Init Mark (unload classes) 0.192ms
[2025-05-18T21:38:14.940+0300][20400][13328][info][gc,start    ] GC(12) Concurrent marking roots
[2025-05-18T21:38:14.940+0300][20400][13328][info][gc,task     ] GC(12) Using 2 of 4 workers for concurrent marking roots
[2025-05-18T21:38:14.940+0300][20400][13328][info][gc          ] GC(12) Concurrent marking roots 0.761ms
[2025-05-18T21:38:14.940+0300][20400][13328][info][gc,start    ] GC(12) Concurrent marking (unload classes)
[2025-05-18T21:38:14.940+0300][20400][13328][info][gc,task     ] GC(12) Using 2 of 4 workers for concurrent marking
[2025-05-18T21:38:14.949+0300][20400][13328][info][gc          ] GC(12) Concurrent marking (unload classes) 8.233ms
[2025-05-18T21:38:14.949+0300][20400][7724 ][info][gc,start    ] GC(12) Pause Final Mark (unload classes)
[2025-05-18T21:38:14.949+0300][20400][7724 ][info][gc,task     ] GC(12) Using 4 of 4 workers for final marking
[2025-05-18T21:38:14.949+0300][20400][7724 ][info][gc,ergo     ] GC(12) Adaptive CSet Selection. Target Free: 580M, Actual Free: 3956M, Max CSet: 170M, Min Garbage: 0B
[2025-05-18T21:38:14.949+0300][20400][7724 ][info][gc,ergo     ] GC(12) Collectable Garbage: 1008M (99%), Immediate: 888M (87%), CSet: 120M (11%)
[2025-05-18T21:38:14.949+0300][20400][7724 ][info][gc,ergo     ] GC(12) Pacer for Evacuation. Used CSet: 123M, Free: 3752M, Non-Taxable: 375M, Alloc Tax Rate: 1.1x
[2025-05-18T21:38:14.949+0300][20400][7724 ][info][gc          ] GC(12) Pause Final Mark (unload classes) 0.609ms
[2025-05-18T21:38:14.949+0300][20400][13328][info][gc,start    ] GC(12) Concurrent thread roots
[2025-05-18T21:38:14.950+0300][20400][13328][info][gc,task     ] GC(12) Using 2 of 4 workers for Concurrent thread roots
[2025-05-18T21:38:14.950+0300][20400][13328][info][gc          ] GC(12) Concurrent thread roots 0.311ms
[2025-05-18T21:38:14.950+0300][20400][13328][info][gc,start    ] GC(12) Concurrent weak references
[2025-05-18T21:38:14.950+0300][20400][13328][info][gc,task     ] GC(12) Using 2 of 4 workers for concurrent weak references
[2025-05-18T21:38:14.950+0300][20400][13328][info][gc,ref      ] GC(12) Encountered references: Soft: 3750, Weak: 2354, Final: 3, Phantom: 277
[2025-05-18T21:38:14.950+0300][20400][13328][info][gc,ref      ] GC(12) Discovered  references: Soft: 0, Weak: 722, Final: 1, Phantom: 191
[2025-05-18T21:38:14.950+0300][20400][13328][info][gc,ref      ] GC(12) Enqueued    references: Soft: 0, Weak: 1, Final: 0, Phantom: 0
[2025-05-18T21:38:14.950+0300][20400][13328][info][gc          ] GC(12) Concurrent weak references 0.208ms
[2025-05-18T21:38:14.950+0300][20400][13328][info][gc,start    ] GC(12) Concurrent weak roots
[2025-05-18T21:38:14.950+0300][20400][13328][info][gc,task     ] GC(12) Using 2 of 4 workers for concurrent weak root
[2025-05-18T21:38:14.952+0300][20400][13328][info][gc          ] GC(12) Concurrent weak roots 1.522ms
[2025-05-18T21:38:14.952+0300][20400][13328][info][gc,start    ] GC(12) Concurrent cleanup
[2025-05-18T21:38:14.952+0300][20400][13328][info][gc          ] GC(12) Concurrent cleanup 1024M->136M(4096M) 0.035ms
[2025-05-18T21:38:14.952+0300][20400][13328][info][gc,ergo     ] GC(12) Free: 3752M, Max: 2048K regular, 2862M humongous, Frag: 24% external, 0% internal; Reserve: 205M, Max: 2048K
[2025-05-18T21:38:14.952+0300][20400][13328][info][gc,start    ] GC(12) Concurrent class unloading
[2025-05-18T21:38:14.952+0300][20400][13328][info][gc,task     ] GC(12) Using 2 of 4 workers for concurrent class unloading
[2025-05-18T21:38:14.957+0300][20400][13328][info][gc          ] GC(12) Concurrent class unloading 5.415ms
[2025-05-18T21:38:14.957+0300][20400][13328][info][gc,start    ] GC(12) Concurrent strong roots
[2025-05-18T21:38:14.957+0300][20400][13328][info][gc,task     ] GC(12) Using 2 of 4 workers for concurrent strong root
[2025-05-18T21:38:14.957+0300][20400][13328][info][gc          ] GC(12) Concurrent strong roots 0.362ms
[2025-05-18T21:38:14.958+0300][20400][13328][info][gc,start    ] GC(12) Concurrent evacuation
[2025-05-18T21:38:14.958+0300][20400][13328][info][gc,task     ] GC(12) Using 2 of 4 workers for concurrent evacuation
[2025-05-18T21:38:14.958+0300][20400][13328][info][gc          ] GC(12) Concurrent evacuation 0.947ms
[2025-05-18T21:38:14.959+0300][20400][7724 ][info][gc,start    ] GC(12) Pause Init Update Refs
[2025-05-18T21:38:14.959+0300][20400][7724 ][info][gc,ergo     ] GC(12) Pacer for Update Refs. Used: 172M, Free: 3722M, Non-Taxable: 372M, Alloc Tax Rate: 1.1x
[2025-05-18T21:38:14.959+0300][20400][7724 ][info][gc          ] GC(12) Pause Init Update Refs 0.036ms
[2025-05-18T21:38:14.959+0300][20400][13328][info][gc,start    ] GC(12) Concurrent update references
[2025-05-18T21:38:14.959+0300][20400][13328][info][gc,task     ] GC(12) Using 2 of 4 workers for concurrent reference update
[2025-05-18T21:38:14.962+0300][20400][13328][info][gc          ] GC(12) Concurrent update references 3.478ms
[2025-05-18T21:38:14.962+0300][20400][13328][info][gc,start    ] GC(12) Concurrent update thread roots
[2025-05-18T21:38:14.962+0300][20400][13328][info][gc          ] GC(12) Concurrent update thread roots 0.241ms
[2025-05-18T21:38:14.962+0300][20400][7724 ][info][gc,start    ] GC(12) Pause Final Update Refs
[2025-05-18T21:38:14.962+0300][20400][7724 ][info][gc,task     ] GC(12) Using 4 of 4 workers for final reference update
[2025-05-18T21:38:14.963+0300][20400][7724 ][info][gc          ] GC(12) Pause Final Update Refs 0.098ms
[2025-05-18T21:38:14.963+0300][20400][13328][info][gc,start    ] GC(12) Concurrent cleanup
[2025-05-18T21:38:14.963+0300][20400][13328][info][gc          ] GC(12) Concurrent cleanup 172M->48M(4096M) 0.034ms
[2025-05-18T21:38:14.963+0300][20400][13328][info][gc,ergo     ] Free: 3841M, Max: 2048K regular, 3832M humongous, Frag: 1% external, 0% internal; Reserve: 206M, Max: 2048K
[2025-05-18T21:38:14.963+0300][20400][13328][info][gc,stats    ] 
[2025-05-18T21:38:14.963+0300][20400][13328][info][gc,stats    ] All times are wall-clock times, except per-root-class counters, that are sum over
[2025-05-18T21:38:14.963+0300][20400][13328][info][gc,stats    ] all workers. Dividing the <total> over the root stage time estimates parallelism.
[2025-05-18T21:38:14.963+0300][20400][13328][info][gc,stats    ] 
[2025-05-18T21:38:14.963+0300][20400][13328][info][gc,stats    ] Concurrent Reset                   1202 us
[2025-05-18T21:38:14.963+0300][20400][13328][info][gc,stats    ] Pause Init Mark (G)                 530 us
[2025-05-18T21:38:14.963+0300][20400][13328][info][gc,stats    ] Pause Init Mark (N)                 220 us
[2025-05-18T21:38:14.963+0300][20400][13328][info][gc,stats    ]   Update Region States               18 us
[2025-05-18T21:38:14.963+0300][20400][13328][info][gc,stats    ] Concurrent Mark Roots               839 us, parallelism: 0.73x
[2025-05-18T21:38:14.963+0300][20400][13328][info][gc,stats    ]   CMR: <total>                      614 us
[2025-05-18T21:38:14.963+0300][20400][13328][info][gc,stats    ]   CMR: Thread Roots                 402 us, workers (us): 107, 295, ---, ---, 
[2025-05-18T21:38:14.963+0300][20400][13328][info][gc,stats    ]   CMR: VM Strong Roots               22 us, workers (us):  12,  10, ---, ---, 
[2025-05-18T21:38:14.963+0300][20400][13328][info][gc,stats    ]   CMR: CLDG Roots                   191 us, workers (us): 191, ---, ---, ---, 
[2025-05-18T21:38:14.963+0300][20400][13328][info][gc,stats    ] Concurrent Marking                 8281 us
[2025-05-18T21:38:14.963+0300][20400][13328][info][gc,stats    ] Pause Final Mark (G)                835 us
[2025-05-18T21:38:14.963+0300][20400][13328][info][gc,stats    ] Pause Final Mark (N)                638 us
[2025-05-18T21:38:14.963+0300][20400][13328][info][gc,stats    ]   Finish Mark                       343 us
[2025-05-18T21:38:14.963+0300][20400][13328][info][gc,stats    ]   Update Region States               22 us
[2025-05-18T21:38:14.963+0300][20400][13328][info][gc,stats    ]   Choose Collection Set             129 us
[2025-05-18T21:38:14.963+0300][20400][13328][info][gc,stats    ]   Rebuild Free Set                   31 us
[2025-05-18T21:38:14.963+0300][20400][13328][info][gc,stats    ] Concurrent Thread Roots             333 us, parallelism: 0.67x
[2025-05-18T21:38:14.963+0300][20400][13328][info][gc,stats    ]   CTR: <total>                      223 us
[2025-05-18T21:38:14.963+0300][20400][13328][info][gc,stats    ]   CTR: Thread Roots                 223 us, workers (us): 126,  97, ---, ---, 
[2025-05-18T21:38:14.963+0300][20400][13328][info][gc,stats    ] Concurrent Weak References          217 us, parallelism: 0.14x
[2025-05-18T21:38:14.963+0300][20400][13328][info][gc,stats    ]   CWRF: <total>                      30 us
[2025-05-18T21:38:14.963+0300][20400][13328][info][gc,stats    ]   CWRF: Weak References              30 us, workers (us):  24,   6, ---, ---, 
[2025-05-18T21:38:14.963+0300][20400][13328][info][gc,stats    ] Concurrent Weak Roots              1560 us
[2025-05-18T21:38:14.963+0300][20400][13328][info][gc,stats    ]   Roots                            1407 us, parallelism: 1.70x
[2025-05-18T21:38:14.963+0300][20400][13328][info][gc,stats    ]     CWR: <total>                   2393 us
[2025-05-18T21:38:14.963+0300][20400][13328][info][gc,stats    ]     CWR: Code Cache Roots          1937 us, workers (us): 980, 957, ---, ---, 
[2025-05-18T21:38:14.963+0300][20400][13328][info][gc,stats    ]     CWR: VM Weak Roots              445 us, workers (us): 223, 222, ---, ---, 
[2025-05-18T21:38:14.963+0300][20400][13328][info][gc,stats    ]     CWR: CLDG Roots                  11 us, workers (us): ---,  11, ---, ---, 
[2025-05-18T21:38:14.963+0300][20400][13328][info][gc,stats    ]   Rendezvous                         96 us
[2025-05-18T21:38:14.963+0300][20400][13328][info][gc,stats    ] Concurrent Cleanup                   46 us
[2025-05-18T21:38:14.963+0300][20400][13328][info][gc,stats    ] Concurrent Class Unloading         5458 us
[2025-05-18T21:38:14.963+0300][20400][13328][info][gc,stats    ]   Unlink Stale                     5091 us
[2025-05-18T21:38:14.963+0300][20400][13328][info][gc,stats    ]     System Dictionary                18 us
[2025-05-18T21:38:14.963+0300][20400][13328][info][gc,stats    ]     Weak Class Links                  0 us
[2025-05-18T21:38:14.963+0300][20400][13328][info][gc,stats    ]     Code Roots                     5071 us
[2025-05-18T21:38:14.963+0300][20400][13328][info][gc,stats    ]   Rendezvous                        130 us
[2025-05-18T21:38:14.963+0300][20400][13328][info][gc,stats    ]   Purge Unlinked                    175 us
[2025-05-18T21:38:14.963+0300][20400][13328][info][gc,stats    ]     Code Roots                      167 us
[2025-05-18T21:38:14.963+0300][20400][13328][info][gc,stats    ]     CLDG                              7 us
[2025-05-18T21:38:14.963+0300][20400][13328][info][gc,stats    ]     Exception Caches                  0 us
[2025-05-18T21:38:14.963+0300][20400][13328][info][gc,stats    ] Concurrent Strong Roots             416 us, parallelism: 0.35x
[2025-05-18T21:38:14.963+0300][20400][13328][info][gc,stats    ]   CSR: <total>                      145 us
[2025-05-18T21:38:14.963+0300][20400][13328][info][gc,stats    ]   CSR: VM Strong Roots                4 us, workers (us):   4,   0, ---, ---, 
[2025-05-18T21:38:14.963+0300][20400][13328][info][gc,stats    ]   CSR: CLDG Roots                   141 us, workers (us): 141, ---, ---, ---, 
[2025-05-18T21:38:14.963+0300][20400][13328][info][gc,stats    ] Concurrent Evacuation               971 us
[2025-05-18T21:38:14.963+0300][20400][13328][info][gc,stats    ] Pause Init Update Refs (G)          122 us
[2025-05-18T21:38:14.963+0300][20400][13328][info][gc,stats    ] Pause Init Update Refs (N)           45 us
[2025-05-18T21:38:14.963+0300][20400][13328][info][gc,stats    ]   Manage GCLABs                       3 us
[2025-05-18T21:38:14.963+0300][20400][13328][info][gc,stats    ] Concurrent Update Refs             3518 us
[2025-05-18T21:38:14.963+0300][20400][13328][info][gc,stats    ] Concurrent Update Thread Roots      264 us
[2025-05-18T21:38:14.963+0300][20400][13328][info][gc,stats    ] Pause Final Update Refs (G)         228 us
[2025-05-18T21:38:14.963+0300][20400][13328][info][gc,stats    ] Pause Final Update Refs (N)         108 us
[2025-05-18T21:38:14.963+0300][20400][13328][info][gc,stats    ]   Update Region States               13 us
[2025-05-18T21:38:14.963+0300][20400][13328][info][gc,stats    ]   Trash Collection Set                2 us
[2025-05-18T21:38:14.963+0300][20400][13328][info][gc,stats    ]   Rebuild Free Set                    8 us
[2025-05-18T21:38:14.963+0300][20400][13328][info][gc,stats    ] Concurrent Cleanup                   45 us
[2025-05-18T21:38:14.963+0300][20400][13328][info][gc,stats    ] 
[2025-05-18T21:38:14.963+0300][20400][13328][info][gc,stats    ] Allocation pacing accrued:
[2025-05-18T21:38:14.963+0300][20400][13328][info][gc,stats    ]       0 of 31236 ms (  0.0%): <total>
[2025-05-18T21:38:14.963+0300][20400][13328][info][gc,stats    ]       0 of 31236 ms (  0.0%): <average total>
[2025-05-18T21:38:14.963+0300][20400][13328][info][gc,stats    ] 
[2025-05-18T21:38:14.963+0300][20400][13328][info][gc,metaspace] Metaspace: 34266K(35520K)->34266K(35520K) NonClass: 31443K(32192K)->31443K(32192K) Class: 2822K(3328K)->2822K(3328K)
[2025-05-18T21:38:14.963+0300][20400][13328][info][gc,ergo     ] Pacer for Idle. Initial: 83886K, Alloc Tax Rate: 1.0x
[2025-05-18T21:38:46.449+0300][20400][13328][info][gc          ] Trigger: Learning 4 of 5. Free (2865M) is below initial threshold (2867M)
[2025-05-18T21:38:46.449+0300][20400][13328][info][gc,ergo     ] Free: 2865M, Max: 2048K regular, 2862M humongous, Frag: 0% external, 0% internal; Reserve: 206M, Max: 2048K
[2025-05-18T21:38:46.449+0300][20400][13328][info][gc,start    ] GC(13) Concurrent reset
[2025-05-18T21:38:46.449+0300][20400][13328][info][gc,task     ] GC(13) Using 2 of 4 workers for concurrent reset
[2025-05-18T21:38:46.449+0300][20400][13328][info][gc,ergo     ] GC(13) Pacer for Reset. Non-Taxable: 4096M
[2025-05-18T21:38:46.449+0300][20400][13328][info][gc          ] GC(13) Concurrent reset 0.529ms
[2025-05-18T21:38:46.450+0300][20400][7724 ][info][gc,start    ] GC(13) Pause Init Mark (unload classes)
[2025-05-18T21:38:46.450+0300][20400][7724 ][info][gc,task     ] GC(13) Using 4 of 4 workers for init marking
[2025-05-18T21:38:46.450+0300][20400][7724 ][info][gc,ergo     ] GC(13) Pacer for Mark. Expected Live: 13596K, Free: 2865M, Non-Taxable: 286M, Alloc Tax Rate: 0.0x
[2025-05-18T21:38:46.450+0300][20400][7724 ][info][gc          ] GC(13) Pause Init Mark (unload classes) 0.239ms
[2025-05-18T21:38:46.450+0300][20400][13328][info][gc,start    ] GC(13) Concurrent marking roots
[2025-05-18T21:38:46.450+0300][20400][13328][info][gc,task     ] GC(13) Using 2 of 4 workers for concurrent marking roots
[2025-05-18T21:38:46.451+0300][20400][13328][info][gc          ] GC(13) Concurrent marking roots 0.713ms
[2025-05-18T21:38:46.451+0300][20400][13328][info][gc,start    ] GC(13) Concurrent marking (unload classes)
[2025-05-18T21:38:46.451+0300][20400][13328][info][gc,task     ] GC(13) Using 2 of 4 workers for concurrent marking
[2025-05-18T21:38:46.460+0300][20400][13328][info][gc          ] GC(13) Concurrent marking (unload classes) 8.620ms
[2025-05-18T21:38:46.460+0300][20400][7724 ][info][gc,start    ] GC(13) Pause Final Mark (unload classes)
[2025-05-18T21:38:46.460+0300][20400][7724 ][info][gc,task     ] GC(13) Using 4 of 4 workers for final marking
[2025-05-18T21:38:46.460+0300][20400][7724 ][info][gc,ergo     ] GC(13) Adaptive CSet Selection. Target Free: 580M, Actual Free: 3938M, Max CSet: 170M, Min Garbage: 0B
[2025-05-18T21:38:46.460+0300][20400][7724 ][info][gc,ergo     ] GC(13) Collectable Garbage: 1008M (99%), Immediate: 898M (88%), CSet: 110M (10%)
[2025-05-18T21:38:46.460+0300][20400][7724 ][info][gc,ergo     ] GC(13) Pacer for Evacuation. Used CSet: 113M, Free: 3734M, Non-Taxable: 373M, Alloc Tax Rate: 1.1x
[2025-05-18T21:38:46.461+0300][20400][7724 ][info][gc          ] GC(13) Pause Final Mark (unload classes) 0.623ms
[2025-05-18T21:38:46.461+0300][20400][13328][info][gc,start    ] GC(13) Concurrent thread roots
[2025-05-18T21:38:46.461+0300][20400][13328][info][gc,task     ] GC(13) Using 2 of 4 workers for Concurrent thread roots
[2025-05-18T21:38:46.461+0300][20400][13328][info][gc          ] GC(13) Concurrent thread roots 0.385ms
[2025-05-18T21:38:46.461+0300][20400][13328][info][gc,start    ] GC(13) Concurrent weak references
[2025-05-18T21:38:46.461+0300][20400][13328][info][gc,task     ] GC(13) Using 2 of 4 workers for concurrent weak references
[2025-05-18T21:38:46.461+0300][20400][13328][info][gc,ref      ] GC(13) Encountered references: Soft: 3750, Weak: 2354, Final: 3, Phantom: 277
[2025-05-18T21:38:46.461+0300][20400][13328][info][gc,ref      ] GC(13) Discovered  references: Soft: 0, Weak: 677, Final: 1, Phantom: 197
[2025-05-18T21:38:46.461+0300][20400][13328][info][gc,ref      ] GC(13) Enqueued    references: Soft: 0, Weak: 0, Final: 0, Phantom: 0
[2025-05-18T21:38:46.461+0300][20400][13328][info][gc          ] GC(13) Concurrent weak references 0.199ms
[2025-05-18T21:38:46.461+0300][20400][13328][info][gc,start    ] GC(13) Concurrent weak roots
[2025-05-18T21:38:46.461+0300][20400][13328][info][gc,task     ] GC(13) Using 2 of 4 workers for concurrent weak root
[2025-05-18T21:38:46.463+0300][20400][13328][info][gc          ] GC(13) Concurrent weak roots 1.602ms
[2025-05-18T21:38:46.463+0300][20400][13328][info][gc,start    ] GC(13) Concurrent cleanup
[2025-05-18T21:38:46.463+0300][20400][13328][info][gc          ] GC(13) Concurrent cleanup 1052M->154M(4096M) 0.035ms
[2025-05-18T21:38:46.463+0300][20400][13328][info][gc,ergo     ] GC(13) Free: 3734M, Max: 2048K regular, 2834M humongous, Frag: 25% external, 0% internal; Reserve: 205M, Max: 2048K
[2025-05-18T21:38:46.463+0300][20400][13328][info][gc,start    ] GC(13) Concurrent class unloading
[2025-05-18T21:38:46.463+0300][20400][13328][info][gc,task     ] GC(13) Using 2 of 4 workers for concurrent class unloading
[2025-05-18T21:38:46.469+0300][20400][13328][info][gc          ] GC(13) Concurrent class unloading 5.642ms
[2025-05-18T21:38:46.469+0300][20400][13328][info][gc,start    ] GC(13) Concurrent strong roots
[2025-05-18T21:38:46.469+0300][20400][13328][info][gc,task     ] GC(13) Using 2 of 4 workers for concurrent strong root
[2025-05-18T21:38:46.469+0300][20400][13328][info][gc          ] GC(13) Concurrent strong roots 0.449ms
[2025-05-18T21:38:46.469+0300][20400][13328][info][gc,start    ] GC(13) Concurrent evacuation
[2025-05-18T21:38:46.469+0300][20400][13328][info][gc,task     ] GC(13) Using 2 of 4 workers for concurrent evacuation
[2025-05-18T21:38:46.470+0300][20400][13328][info][gc          ] GC(13) Concurrent evacuation 0.759ms
[2025-05-18T21:38:46.470+0300][20400][7724 ][info][gc,start    ] GC(13) Pause Init Update Refs
[2025-05-18T21:38:46.470+0300][20400][7724 ][info][gc,ergo     ] GC(13) Pacer for Update Refs. Used: 189M, Free: 3706M, Non-Taxable: 370M, Alloc Tax Rate: 1.1x
[2025-05-18T21:38:46.470+0300][20400][7724 ][info][gc          ] GC(13) Pause Init Update Refs 0.038ms
[2025-05-18T21:38:46.470+0300][20400][13328][info][gc,start    ] GC(13) Concurrent update references
[2025-05-18T21:38:46.470+0300][20400][13328][info][gc,task     ] GC(13) Using 2 of 4 workers for concurrent reference update
[2025-05-18T21:38:46.474+0300][20400][13328][info][gc          ] GC(13) Concurrent update references 3.657ms
[2025-05-18T21:38:46.474+0300][20400][13328][info][gc,start    ] GC(13) Concurrent update thread roots
[2025-05-18T21:38:46.474+0300][20400][13328][info][gc          ] GC(13) Concurrent update thread roots 0.292ms
[2025-05-18T21:38:46.474+0300][20400][7724 ][info][gc,start    ] GC(13) Pause Final Update Refs
[2025-05-18T21:38:46.474+0300][20400][7724 ][info][gc,task     ] GC(13) Using 4 of 4 workers for final reference update
[2025-05-18T21:38:46.474+0300][20400][7724 ][info][gc          ] GC(13) Pause Final Update Refs 0.065ms
[2025-05-18T21:38:46.474+0300][20400][13328][info][gc,start    ] GC(13) Concurrent cleanup
[2025-05-18T21:38:46.474+0300][20400][13328][info][gc          ] GC(13) Concurrent cleanup 189M->76M(4096M) 0.031ms
[2025-05-18T21:38:46.474+0300][20400][13328][info][gc,ergo     ] Free: 3813M, Max: 2048K regular, 2832M humongous, Frag: 26% external, 0% internal; Reserve: 206M, Max: 2048K
[2025-05-18T21:38:46.474+0300][20400][13328][info][gc,stats    ] 
[2025-05-18T21:38:46.474+0300][20400][13328][info][gc,stats    ] All times are wall-clock times, except per-root-class counters, that are sum over
[2025-05-18T21:38:46.474+0300][20400][13328][info][gc,stats    ] all workers. Dividing the <total> over the root stage time estimates parallelism.
[2025-05-18T21:38:46.474+0300][20400][13328][info][gc,stats    ] 
[2025-05-18T21:38:46.474+0300][20400][13328][info][gc,stats    ] Concurrent Reset                    615 us
[2025-05-18T21:38:46.474+0300][20400][13328][info][gc,stats    ] Pause Init Mark (G)                 516 us
[2025-05-18T21:38:46.474+0300][20400][13328][info][gc,stats    ] Pause Init Mark (N)                 273 us
[2025-05-18T21:38:46.474+0300][20400][13328][info][gc,stats    ]   Update Region States               24 us
[2025-05-18T21:38:46.474+0300][20400][13328][info][gc,stats    ] Concurrent Mark Roots               792 us, parallelism: 0.96x
[2025-05-18T21:38:46.474+0300][20400][13328][info][gc,stats    ]   CMR: <total>                      758 us
[2025-05-18T21:38:46.474+0300][20400][13328][info][gc,stats    ]   CMR: Thread Roots                 401 us, workers (us):  40, 361, ---, ---, 
[2025-05-18T21:38:46.474+0300][20400][13328][info][gc,stats    ]   CMR: VM Strong Roots               24 us, workers (us):  13,  11, ---, ---, 
[2025-05-18T21:38:46.475+0300][20400][13328][info][gc,stats    ]   CMR: CLDG Roots                   333 us, workers (us): 333, ---, ---, ---, 
[2025-05-18T21:38:46.475+0300][20400][13328][info][gc,stats    ] Concurrent Marking                 8671 us
[2025-05-18T21:38:46.475+0300][20400][13328][info][gc,stats    ] Pause Final Mark (G)                826 us
[2025-05-18T21:38:46.475+0300][20400][13328][info][gc,stats    ] Pause Final Mark (N)                696 us
[2025-05-18T21:38:46.475+0300][20400][13328][info][gc,stats    ]   Finish Mark                       336 us
[2025-05-18T21:38:46.475+0300][20400][13328][info][gc,stats    ]   Update Region States               22 us
[2025-05-18T21:38:46.475+0300][20400][13328][info][gc,stats    ]   Choose Collection Set             150 us
[2025-05-18T21:38:46.475+0300][20400][13328][info][gc,stats    ]   Rebuild Free Set                   30 us
[2025-05-18T21:38:46.475+0300][20400][13328][info][gc,stats    ] Concurrent Thread Roots             407 us, parallelism: 0.78x
[2025-05-18T21:38:46.475+0300][20400][13328][info][gc,stats    ]   CTR: <total>                      318 us
[2025-05-18T21:38:46.475+0300][20400][13328][info][gc,stats    ]   CTR: Thread Roots                 318 us, workers (us): 179, 139, ---, ---, 
[2025-05-18T21:38:46.475+0300][20400][13328][info][gc,stats    ] Concurrent Weak References          208 us, parallelism: 0.13x
[2025-05-18T21:38:46.475+0300][20400][13328][info][gc,stats    ]   CWRF: <total>                      27 us
[2025-05-18T21:38:46.475+0300][20400][13328][info][gc,stats    ]   CWRF: Weak References              27 us, workers (us):  22,   4, ---, ---, 
[2025-05-18T21:38:46.475+0300][20400][13328][info][gc,stats    ] Concurrent Weak Roots              1640 us
[2025-05-18T21:38:46.475+0300][20400][13328][info][gc,stats    ]   Roots                            1454 us, parallelism: 1.77x
[2025-05-18T21:38:46.475+0300][20400][13328][info][gc,stats    ]     CWR: <total>                   2573 us
[2025-05-18T21:38:46.475+0300][20400][13328][info][gc,stats    ]     CWR: Code Cache Roots          2077 us, workers (us): 1021, 1056, ---, ---, 
[2025-05-18T21:38:46.475+0300][20400][13328][info][gc,stats    ]     CWR: VM Weak Roots              484 us, workers (us): 242, 242, ---, ---, 
[2025-05-18T21:38:46.475+0300][20400][13328][info][gc,stats    ]     CWR: CLDG Roots                  12 us, workers (us):  12, ---, ---, ---, 
[2025-05-18T21:38:46.475+0300][20400][13328][info][gc,stats    ]   Rendezvous                        130 us
[2025-05-18T21:38:46.475+0300][20400][13328][info][gc,stats    ] Concurrent Cleanup                   45 us
[2025-05-18T21:38:46.475+0300][20400][13328][info][gc,stats    ] Concurrent Class Unloading         5687 us
[2025-05-18T21:38:46.475+0300][20400][13328][info][gc,stats    ]   Unlink Stale                     5323 us
[2025-05-18T21:38:46.475+0300][20400][13328][info][gc,stats    ]     System Dictionary                19 us
[2025-05-18T21:38:46.475+0300][20400][13328][info][gc,stats    ]     Weak Class Links                  0 us
[2025-05-18T21:38:46.475+0300][20400][13328][info][gc,stats    ]     Code Roots                     5303 us
[2025-05-18T21:38:46.475+0300][20400][13328][info][gc,stats    ]   Rendezvous                        140 us
[2025-05-18T21:38:46.475+0300][20400][13328][info][gc,stats    ]   Purge Unlinked                    161 us
[2025-05-18T21:38:46.475+0300][20400][13328][info][gc,stats    ]     Code Roots                      154 us
[2025-05-18T21:38:46.475+0300][20400][13328][info][gc,stats    ]     CLDG                              7 us
[2025-05-18T21:38:46.475+0300][20400][13328][info][gc,stats    ] Concurrent Strong Roots             471 us, parallelism: 0.36x
[2025-05-18T21:38:46.475+0300][20400][13328][info][gc,stats    ]   CSR: <total>                      168 us
[2025-05-18T21:38:46.475+0300][20400][13328][info][gc,stats    ]   CSR: VM Strong Roots                5 us, workers (us):   3,   2, ---, ---, 
[2025-05-18T21:38:46.475+0300][20400][13328][info][gc,stats    ]   CSR: CLDG Roots                   164 us, workers (us): ---, 164, ---, ---, 
[2025-05-18T21:38:46.475+0300][20400][13328][info][gc,stats    ] Concurrent Evacuation               783 us
[2025-05-18T21:38:46.475+0300][20400][13328][info][gc,stats    ] Pause Init Update Refs (G)          168 us
[2025-05-18T21:38:46.475+0300][20400][13328][info][gc,stats    ] Pause Init Update Refs (N)           47 us
[2025-05-18T21:38:46.475+0300][20400][13328][info][gc,stats    ]   Manage GCLABs                       4 us
[2025-05-18T21:38:46.475+0300][20400][13328][info][gc,stats    ] Concurrent Update Refs             3706 us
[2025-05-18T21:38:46.475+0300][20400][13328][info][gc,stats    ] Concurrent Update Thread Roots      315 us
[2025-05-18T21:38:46.475+0300][20400][13328][info][gc,stats    ] Pause Final Update Refs (G)         188 us
[2025-05-18T21:38:46.475+0300][20400][13328][info][gc,stats    ] Pause Final Update Refs (N)          78 us
[2025-05-18T21:38:46.475+0300][20400][13328][info][gc,stats    ]   Update Region States               14 us
[2025-05-18T21:38:46.475+0300][20400][13328][info][gc,stats    ]   Trash Collection Set                2 us
[2025-05-18T21:38:46.475+0300][20400][13328][info][gc,stats    ]   Rebuild Free Set                    8 us
[2025-05-18T21:38:46.475+0300][20400][13328][info][gc,stats    ] Concurrent Cleanup                   42 us
[2025-05-18T21:38:46.475+0300][20400][13328][info][gc,stats    ] 
[2025-05-18T21:38:46.475+0300][20400][13328][info][gc,stats    ] Allocation pacing accrued:
[2025-05-18T21:38:46.475+0300][20400][13328][info][gc,stats    ]       0 of 31511 ms (  0.0%): <total>
[2025-05-18T21:38:46.475+0300][20400][13328][info][gc,stats    ]       0 of 31511 ms (  0.0%): <average total>
[2025-05-18T21:38:46.475+0300][20400][13328][info][gc,stats    ] 
[2025-05-18T21:38:46.475+0300][20400][13328][info][gc,metaspace] Metaspace: 34266K(35520K)->34266K(35520K) NonClass: 31443K(32192K)->31443K(32192K) Class: 2822K(3328K)->2822K(3328K)
[2025-05-18T21:38:46.475+0300][20400][13328][info][gc,ergo     ] Pacer for Idle. Initial: 83886K, Alloc Tax Rate: 1.0x
[2025-05-18T21:39:16.727+0300][20400][13328][info][gc          ] Trigger: Learning 5 of 5. Free (2865M) is below initial threshold (2867M)
[2025-05-18T21:39:16.727+0300][20400][13328][info][gc,ergo     ] Free: 2865M, Max: 2048K regular, 2832M humongous, Frag: 2% external, 0% internal; Reserve: 206M, Max: 2048K
[2025-05-18T21:39:16.727+0300][20400][13328][info][gc,start    ] GC(14) Concurrent reset
[2025-05-18T21:39:16.727+0300][20400][13328][info][gc,task     ] GC(14) Using 2 of 4 workers for concurrent reset
[2025-05-18T21:39:16.727+0300][20400][13328][info][gc,ergo     ] GC(14) Pacer for Reset. Non-Taxable: 4096M
[2025-05-18T21:39:16.727+0300][20400][13328][info][gc          ] GC(14) Concurrent reset 0.446ms
[2025-05-18T21:39:16.728+0300][20400][7724 ][info][gc,start    ] GC(14) Pause Init Mark (unload classes)
[2025-05-18T21:39:16.728+0300][20400][7724 ][info][gc,task     ] GC(14) Using 4 of 4 workers for init marking
[2025-05-18T21:39:16.728+0300][20400][7724 ][info][gc,ergo     ] GC(14) Pacer for Mark. Expected Live: 13615K, Free: 2865M, Non-Taxable: 286M, Alloc Tax Rate: 0.0x
[2025-05-18T21:39:16.728+0300][20400][7724 ][info][gc          ] GC(14) Pause Init Mark (unload classes) 0.128ms
[2025-05-18T21:39:16.728+0300][20400][13328][info][gc,start    ] GC(14) Concurrent marking roots
[2025-05-18T21:39:16.728+0300][20400][13328][info][gc,task     ] GC(14) Using 2 of 4 workers for concurrent marking roots
[2025-05-18T21:39:16.728+0300][20400][13328][info][gc          ] GC(14) Concurrent marking roots 0.402ms
[2025-05-18T21:39:16.728+0300][20400][13328][info][gc,start    ] GC(14) Concurrent marking (unload classes)
[2025-05-18T21:39:16.728+0300][20400][13328][info][gc,task     ] GC(14) Using 2 of 4 workers for concurrent marking
[2025-05-18T21:39:16.739+0300][20400][13328][info][gc          ] GC(14) Concurrent marking (unload classes) 10.571ms
[2025-05-18T21:39:16.739+0300][20400][7724 ][info][gc,start    ] GC(14) Pause Final Mark (unload classes)
[2025-05-18T21:39:16.739+0300][20400][7724 ][info][gc,task     ] GC(14) Using 4 of 4 workers for final marking
[2025-05-18T21:39:16.739+0300][20400][7724 ][info][gc,ergo     ] GC(14) Adaptive CSet Selection. Target Free: 580M, Actual Free: 3927M, Max CSet: 170M, Min Garbage: 0B
[2025-05-18T21:39:16.739+0300][20400][7724 ][info][gc,ergo     ] GC(14) Collectable Garbage: 1007M (99%), Immediate: 881M (87%), CSet: 126M (12%)
[2025-05-18T21:39:16.739+0300][20400][7724 ][info][gc,ergo     ] GC(14) Pacer for Evacuation. Used CSet: 128M, Free: 3724M, Non-Taxable: 372M, Alloc Tax Rate: 1.1x
[2025-05-18T21:39:16.739+0300][20400][7724 ][info][gc          ] GC(14) Pause Final Mark (unload classes) 0.389ms
[2025-05-18T21:39:16.739+0300][20400][13328][info][gc,start    ] GC(14) Concurrent thread roots
[2025-05-18T21:39:16.739+0300][20400][13328][info][gc,task     ] GC(14) Using 2 of 4 workers for Concurrent thread roots
[2025-05-18T21:39:16.740+0300][20400][13328][info][gc          ] GC(14) Concurrent thread roots 0.304ms
[2025-05-18T21:39:16.740+0300][20400][13328][info][gc,start    ] GC(14) Concurrent weak references
[2025-05-18T21:39:16.740+0300][20400][13328][info][gc,task     ] GC(14) Using 2 of 4 workers for concurrent weak references
[2025-05-18T21:39:16.740+0300][20400][13328][info][gc,ref      ] GC(14) Encountered references: Soft: 3751, Weak: 2356, Final: 3, Phantom: 277
[2025-05-18T21:39:16.740+0300][20400][13328][info][gc,ref      ] GC(14) Discovered  references: Soft: 0, Weak: 893, Final: 3, Phantom: 135
[2025-05-18T21:39:16.740+0300][20400][13328][info][gc,ref      ] GC(14) Enqueued    references: Soft: 0, Weak: 0, Final: 0, Phantom: 0
[2025-05-18T21:39:16.740+0300][20400][13328][info][gc          ] GC(14) Concurrent weak references 0.206ms
[2025-05-18T21:39:16.740+0300][20400][13328][info][gc,start    ] GC(14) Concurrent weak roots
[2025-05-18T21:39:16.740+0300][20400][13328][info][gc,task     ] GC(14) Using 2 of 4 workers for concurrent weak root
[2025-05-18T21:39:16.741+0300][20400][13328][info][gc          ] GC(14) Concurrent weak roots 1.553ms
[2025-05-18T21:39:16.742+0300][20400][13328][info][gc,start    ] GC(14) Concurrent cleanup
[2025-05-18T21:39:16.742+0300][20400][13328][info][gc          ] GC(14) Concurrent cleanup 1045M->163M(4096M) 0.039ms
[2025-05-18T21:39:16.742+0300][20400][13328][info][gc,ergo     ] GC(14) Free: 3724M, Max: 2048K regular, 2868M humongous, Frag: 23% external, 0% internal; Reserve: 205M, Max: 2048K
[2025-05-18T21:39:16.742+0300][20400][13328][info][gc,start    ] GC(14) Concurrent class unloading
[2025-05-18T21:39:16.742+0300][20400][13328][info][gc,task     ] GC(14) Using 2 of 4 workers for concurrent class unloading
[2025-05-18T21:39:16.749+0300][20400][13328][info][gc          ] GC(14) Concurrent class unloading 7.367ms
[2025-05-18T21:39:16.749+0300][20400][13328][info][gc,start    ] GC(14) Concurrent strong roots
[2025-05-18T21:39:16.749+0300][20400][13328][info][gc,task     ] GC(14) Using 2 of 4 workers for concurrent strong root
[2025-05-18T21:39:16.749+0300][20400][13328][info][gc          ] GC(14) Concurrent strong roots 0.392ms
[2025-05-18T21:39:16.749+0300][20400][13328][info][gc,start    ] GC(14) Concurrent evacuation
[2025-05-18T21:39:16.749+0300][20400][13328][info][gc,task     ] GC(14) Using 2 of 4 workers for concurrent evacuation
[2025-05-18T21:39:16.750+0300][20400][13328][info][gc          ] GC(14) Concurrent evacuation 0.853ms
[2025-05-18T21:39:16.750+0300][20400][7724 ][info][gc,start    ] GC(14) Pause Init Update Refs
[2025-05-18T21:39:16.750+0300][20400][7724 ][info][gc,ergo     ] GC(14) Pacer for Update Refs. Used: 195M, Free: 3698M, Non-Taxable: 369M, Alloc Tax Rate: 1.1x
[2025-05-18T21:39:16.750+0300][20400][7724 ][info][gc          ] GC(14) Pause Init Update Refs 0.038ms
[2025-05-18T21:39:16.750+0300][20400][13328][info][gc,start    ] GC(14) Concurrent update references
[2025-05-18T21:39:16.750+0300][20400][13328][info][gc,task     ] GC(14) Using 2 of 4 workers for concurrent reference update
[2025-05-18T21:39:16.754+0300][20400][13328][info][gc          ] GC(14) Concurrent update references 3.652ms
[2025-05-18T21:39:16.754+0300][20400][13328][info][gc,start    ] GC(14) Concurrent update thread roots
[2025-05-18T21:39:16.754+0300][20400][13328][info][gc          ] GC(14) Concurrent update thread roots 0.292ms
[2025-05-18T21:39:16.755+0300][20400][7724 ][info][gc,start    ] GC(14) Pause Final Update Refs
[2025-05-18T21:39:16.755+0300][20400][7724 ][info][gc,task     ] GC(14) Using 4 of 4 workers for final reference update
[2025-05-18T21:39:16.755+0300][20400][7724 ][info][gc          ] GC(14) Pause Final Update Refs 0.058ms
[2025-05-18T21:39:16.755+0300][20400][13328][info][gc,start    ] GC(14) Concurrent cleanup
[2025-05-18T21:39:16.755+0300][20400][13328][info][gc          ] GC(14) Concurrent cleanup 195M->66M(4096M) 0.031ms
[2025-05-18T21:39:16.755+0300][20400][13328][info][gc,ergo     ] Free: 3823M, Max: 2048K regular, 2870M humongous, Frag: 25% external, 0% internal; Reserve: 206M, Max: 2048K
[2025-05-18T21:39:16.755+0300][20400][13328][info][gc,stats    ] 
[2025-05-18T21:39:16.755+0300][20400][13328][info][gc,stats    ] All times are wall-clock times, except per-root-class counters, that are sum over
[2025-05-18T21:39:16.755+0300][20400][13328][info][gc,stats    ] all workers. Dividing the <total> over the root stage time estimates parallelism.
[2025-05-18T21:39:16.755+0300][20400][13328][info][gc,stats    ] 
[2025-05-18T21:39:16.755+0300][20400][13328][info][gc,stats    ] Concurrent Reset                    512 us
[2025-05-18T21:39:16.755+0300][20400][13328][info][gc,stats    ] Pause Init Mark (G)                 316 us
[2025-05-18T21:39:16.755+0300][20400][13328][info][gc,stats    ] Pause Init Mark (N)                 145 us
[2025-05-18T21:39:16.755+0300][20400][13328][info][gc,stats    ]   Update Region States               17 us
[2025-05-18T21:39:16.755+0300][20400][13328][info][gc,stats    ] Concurrent Mark Roots               448 us, parallelism: 0.91x
[2025-05-18T21:39:16.755+0300][20400][13328][info][gc,stats    ]   CMR: <total>                      406 us
[2025-05-18T21:39:16.755+0300][20400][13328][info][gc,stats    ]   CMR: Thread Roots                 234 us, workers (us):  39, 196, ---, ---, 
[2025-05-18T21:39:16.755+0300][20400][13328][info][gc,stats    ]   CMR: VM Strong Roots               12 us, workers (us):  10,   2, ---, ---, 
[2025-05-18T21:39:16.755+0300][20400][13328][info][gc,stats    ]   CMR: CLDG Roots                   160 us, workers (us): 160, ---, ---, ---, 
[2025-05-18T21:39:16.755+0300][20400][13328][info][gc,stats    ] Concurrent Marking                10620 us
[2025-05-18T21:39:16.755+0300][20400][13328][info][gc,stats    ] Pause Final Mark (G)                505 us
[2025-05-18T21:39:16.755+0300][20400][13328][info][gc,stats    ] Pause Final Mark (N)                398 us
[2025-05-18T21:39:16.755+0300][20400][13328][info][gc,stats    ]   Finish Mark                       267 us
[2025-05-18T21:39:16.755+0300][20400][13328][info][gc,stats    ]   Update Region States               13 us
[2025-05-18T21:39:16.755+0300][20400][13328][info][gc,stats    ]   Choose Collection Set              47 us
[2025-05-18T21:39:16.755+0300][20400][13328][info][gc,stats    ]   Rebuild Free Set                   12 us
[2025-05-18T21:39:16.755+0300][20400][13328][info][gc,stats    ] Concurrent Thread Roots             325 us, parallelism: 0.83x
[2025-05-18T21:39:16.755+0300][20400][13328][info][gc,stats    ]   CTR: <total>                      271 us
[2025-05-18T21:39:16.755+0300][20400][13328][info][gc,stats    ]   CTR: Thread Roots                 271 us, workers (us): 146, 125, ---, ---, 
[2025-05-18T21:39:16.755+0300][20400][13328][info][gc,stats    ] Concurrent Weak References          215 us, parallelism: 0.15x
[2025-05-18T21:39:16.755+0300][20400][13328][info][gc,stats    ]   CWRF: <total>                      32 us
[2025-05-18T21:39:16.755+0300][20400][13328][info][gc,stats    ]   CWRF: Weak References              32 us, workers (us):  23,   9, ---, ---, 
[2025-05-18T21:39:16.755+0300][20400][13328][info][gc,stats    ] Concurrent Weak Roots              1607 us
[2025-05-18T21:39:16.755+0300][20400][13328][info][gc,stats    ]   Roots                            1443 us, parallelism: 1.71x
[2025-05-18T21:39:16.755+0300][20400][13328][info][gc,stats    ]     CWR: <total>                   2461 us
[2025-05-18T21:39:16.755+0300][20400][13328][info][gc,stats    ]     CWR: Code Cache Roots          2015 us, workers (us): 1012, 1003, ---, ---, 
[2025-05-18T21:39:16.755+0300][20400][13328][info][gc,stats    ]     CWR: VM Weak Roots              434 us, workers (us): 218, 216, ---, ---, 
[2025-05-18T21:39:16.755+0300][20400][13328][info][gc,stats    ]     CWR: CLDG Roots                  12 us, workers (us): ---,  12, ---, ---, 
[2025-05-18T21:39:16.755+0300][20400][13328][info][gc,stats    ]   Rendezvous                         92 us
[2025-05-18T21:39:16.755+0300][20400][13328][info][gc,stats    ] Concurrent Cleanup                   49 us
[2025-05-18T21:39:16.755+0300][20400][13328][info][gc,stats    ] Concurrent Class Unloading         7415 us
[2025-05-18T21:39:16.755+0300][20400][13328][info][gc,stats    ]   Unlink Stale                     6732 us
[2025-05-18T21:39:16.755+0300][20400][13328][info][gc,stats    ]     System Dictionary                20 us
[2025-05-18T21:39:16.755+0300][20400][13328][info][gc,stats    ]     Weak Class Links                  0 us
[2025-05-18T21:39:16.755+0300][20400][13328][info][gc,stats    ]     Code Roots                     6710 us
[2025-05-18T21:39:16.755+0300][20400][13328][info][gc,stats    ]   Rendezvous                        145 us
[2025-05-18T21:39:16.755+0300][20400][13328][info][gc,stats    ]   Purge Unlinked                    471 us
[2025-05-18T21:39:16.755+0300][20400][13328][info][gc,stats    ]     Code Roots                      456 us
[2025-05-18T21:39:16.755+0300][20400][13328][info][gc,stats    ]     CLDG                             14 us
[2025-05-18T21:39:16.755+0300][20400][13328][info][gc,stats    ]     Exception Caches                  0 us
[2025-05-18T21:39:16.755+0300][20400][13328][info][gc,stats    ] Concurrent Strong Roots             415 us, parallelism: 0.36x
[2025-05-18T21:39:16.755+0300][20400][13328][info][gc,stats    ]   CSR: <total>                      150 us
[2025-05-18T21:39:16.755+0300][20400][13328][info][gc,stats    ]   CSR: VM Strong Roots                5 us, workers (us):   3,   2, ---, ---, 
[2025-05-18T21:39:16.755+0300][20400][13328][info][gc,stats    ]   CSR: CLDG Roots                   145 us, workers (us): 145, ---, ---, ---, 
[2025-05-18T21:39:16.755+0300][20400][13328][info][gc,stats    ] Concurrent Evacuation               877 us
[2025-05-18T21:39:16.755+0300][20400][13328][info][gc,stats    ] Pause Init Update Refs (G)          161 us
[2025-05-18T21:39:16.755+0300][20400][13328][info][gc,stats    ] Pause Init Update Refs (N)           46 us
[2025-05-18T21:39:16.755+0300][20400][13328][info][gc,stats    ]   Manage GCLABs                       3 us
[2025-05-18T21:39:16.755+0300][20400][13328][info][gc,stats    ] Concurrent Update Refs             3692 us
[2025-05-18T21:39:16.755+0300][20400][13328][info][gc,stats    ] Concurrent Update Thread Roots      316 us
[2025-05-18T21:39:16.755+0300][20400][13328][info][gc,stats    ] Pause Final Update Refs (G)         179 us
[2025-05-18T21:39:16.755+0300][20400][13328][info][gc,stats    ] Pause Final Update Refs (N)          68 us
[2025-05-18T21:39:16.755+0300][20400][13328][info][gc,stats    ]   Update Region States               14 us
[2025-05-18T21:39:16.755+0300][20400][13328][info][gc,stats    ]   Trash Collection Set                3 us
[2025-05-18T21:39:16.755+0300][20400][13328][info][gc,stats    ]   Rebuild Free Set                    9 us
[2025-05-18T21:39:16.755+0300][20400][13328][info][gc,stats    ] Concurrent Cleanup                   42 us
[2025-05-18T21:39:16.755+0300][20400][13328][info][gc,stats    ] 
[2025-05-18T21:39:16.755+0300][20400][13328][info][gc,stats    ] Allocation pacing accrued:
[2025-05-18T21:39:16.755+0300][20400][13328][info][gc,stats    ]       0 of 30281 ms (  0.0%): <total>
[2025-05-18T21:39:16.755+0300][20400][13328][info][gc,stats    ]       0 of 30281 ms (  0.0%): <average total>
[2025-05-18T21:39:16.755+0300][20400][13328][info][gc,stats    ] 
[2025-05-18T21:39:16.755+0300][20400][13328][info][gc,metaspace] Metaspace: 34266K(35520K)->34266K(35520K) NonClass: 31443K(32192K)->31443K(32192K) Class: 2823K(3328K)->2823K(3328K)
[2025-05-18T21:39:16.755+0300][20400][13328][info][gc,ergo     ] Pacer for Idle. Initial: 83886K, Alloc Tax Rate: 1.0x
[2025-05-18T21:40:06.064+0300][20400][23136][info][gc          ] Cancelling GC: Stopping VM
[2025-05-18T21:40:06.079+0300][20400][23136][info][gc,heap,exit] Heap
[2025-05-18T21:40:06.079+0300][20400][23136][info][gc,heap,exit] Shenandoah Heap
[2025-05-18T21:40:06.079+0300][20400][23136][info][gc,heap,exit]  4096M max, 4096M soft max, 4096M committed, 1612M used
[2025-05-18T21:40:06.079+0300][20400][23136][info][gc,heap,exit]  2048 x 2048K regions
[2025-05-18T21:40:06.079+0300][20400][23136][info][gc,heap,exit] Status: cancelled
[2025-05-18T21:40:06.079+0300][20400][23136][info][gc,heap,exit] Reserved region:
[2025-05-18T21:40:06.079+0300][20400][23136][info][gc,heap,exit]  - [0x0000000700000000, 0x0000000800000000) 
[2025-05-18T21:40:06.079+0300][20400][23136][info][gc,heap,exit] Collection set:
[2025-05-18T21:40:06.079+0300][20400][23136][info][gc,heap,exit]  - map (vanilla): 0x0000000000013800
[2025-05-18T21:40:06.079+0300][20400][23136][info][gc,heap,exit]  - map (biased):  0x0000000000010000
[2025-05-18T21:40:06.079+0300][20400][23136][info][gc,heap,exit] 
[2025-05-18T21:40:06.079+0300][20400][23136][info][gc,heap,exit]  Metaspace       used 34317K, committed 35520K, reserved 1114112K
[2025-05-18T21:40:06.079+0300][20400][23136][info][gc,heap,exit]   class space    used 2826K, committed 3328K, reserved 1048576K
[2025-05-18T21:40:06.079+0300][20400][23136][info][gc,stats    ] 
[2025-05-18T21:40:06.079+0300][20400][23136][info][gc,stats    ] GC STATISTICS:
[2025-05-18T21:40:06.079+0300][20400][23136][info][gc,stats    ]   "(G)" (gross) pauses include VM time: time to notify and block threads, do the pre-
[2025-05-18T21:40:06.079+0300][20400][23136][info][gc,stats    ]         and post-safepoint housekeeping. Use -Xlog:safepoint+stats to dissect.
[2025-05-18T21:40:06.079+0300][20400][23136][info][gc,stats    ]   "(N)" (net) pauses are the times spent in the actual GC code.
[2025-05-18T21:40:06.079+0300][20400][23136][info][gc,stats    ]   "a" is average time for each phase, look at levels to see if average makes sense.
[2025-05-18T21:40:06.079+0300][20400][23136][info][gc,stats    ]   "lvls" are quantiles: 0% (minimum), 25%, 50% (median), 75%, 100% (maximum).
[2025-05-18T21:40:06.079+0300][20400][23136][info][gc,stats    ] 
[2025-05-18T21:40:06.079+0300][20400][23136][info][gc,stats    ]   All times are wall-clock times, except per-root-class counters, that are sum over
[2025-05-18T21:40:06.079+0300][20400][23136][info][gc,stats    ]   all workers. Dividing the <total> over the root stage time estimates parallelism.
[2025-05-18T21:40:06.079+0300][20400][23136][info][gc,stats    ] 
[2025-05-18T21:40:06.079+0300][20400][23136][info][gc,stats    ]   Pacing delays are measured from entering the pacing code till exiting it. Therefore,
[2025-05-18T21:40:06.079+0300][20400][23136][info][gc,stats    ]   observed pacing delays may be higher than the threshold when paced thread spent more
[2025-05-18T21:40:06.079+0300][20400][23136][info][gc,stats    ]   time in the pacing code. It usually happens when thread is de-scheduled while paced,
[2025-05-18T21:40:06.079+0300][20400][23136][info][gc,stats    ]   OS takes longer to unblock the thread, or JVM experiences an STW pause.
[2025-05-18T21:40:06.079+0300][20400][23136][info][gc,stats    ] 
[2025-05-18T21:40:06.079+0300][20400][23136][info][gc,stats    ]   Higher delay would prevent application outpacing the GC, but it will hide the GC latencies
[2025-05-18T21:40:06.079+0300][20400][23136][info][gc,stats    ]   from the STW pause times. Pacing affects the individual threads, and so it would also be
[2025-05-18T21:40:06.079+0300][20400][23136][info][gc,stats    ]   invisible to the usual profiling tools, but would add up to end-to-end application latency.
[2025-05-18T21:40:06.079+0300][20400][23136][info][gc,stats    ]   Raise max pacing delay with care.
[2025-05-18T21:40:06.079+0300][20400][23136][info][gc,stats    ] 
[2025-05-18T21:40:06.079+0300][20400][23136][info][gc,stats    ] Concurrent Reset               =    0.015 s (a =      979 us) (n =    15) (lvls, us =      377,      512,      686,     1191,     2341)
[2025-05-18T21:40:06.079+0300][20400][23136][info][gc,stats    ] Pause Init Mark (G)            =    0.005 s (a =      331 us) (n =    15) (lvls, us =      172,      180,      258,      463,      543)
[2025-05-18T21:40:06.079+0300][20400][23136][info][gc,stats    ] Pause Init Mark (N)            =    0.002 s (a =      148 us) (n =    15) (lvls, us =       72,       85,      113,      197,      273)
[2025-05-18T21:40:06.079+0300][20400][23136][info][gc,stats    ]   Update Region States         =    0.000 s (a =       14 us) (n =    15) (lvls, us =        5,        6,       14,       18,       24)
[2025-05-18T21:40:06.079+0300][20400][23136][info][gc,stats    ] Concurrent Mark Roots          =    0.011 s (a =      755 us) (n =    15) (lvls, us =      281,      375,      520,      719,     2650)
[2025-05-18T21:40:06.079+0300][20400][23136][info][gc,stats    ]   CMR: <total>                 =    0.014 s (a =      938 us) (n =    15) (lvls, us =      258,      346,      441,      707,     4890)
[2025-05-18T21:40:06.079+0300][20400][23136][info][gc,stats    ]   CMR: Thread Roots            =    0.011 s (a =      743 us) (n =    15) (lvls, us =      178,      223,      291,      424,     4688)
[2025-05-18T21:40:06.079+0300][20400][23136][info][gc,stats    ]   CMR: VM Strong Roots         =    0.000 s (a =       22 us) (n =    15) (lvls, us =        9,       10,       15,       22,       94)
[2025-05-18T21:40:06.079+0300][20400][23136][info][gc,stats    ]   CMR: CLDG Roots              =    0.003 s (a =      173 us) (n =    15) (lvls, us =       67,       76,      141,      189,      333)
[2025-05-18T21:40:06.079+0300][20400][23136][info][gc,stats    ] Concurrent Marking             =    0.134 s (a =     8900 us) (n =    15) (lvls, us =     5781,     7637,     8652,     9902,    13454)
[2025-05-18T21:40:06.079+0300][20400][23136][info][gc,stats    ] Pause Final Mark (G)           =    0.008 s (a =      520 us) (n =    15) (lvls, us =      299,      373,      504,      566,      835)
[2025-05-18T21:40:06.079+0300][20400][23136][info][gc,stats    ] Pause Final Mark (N)           =    0.006 s (a =      402 us) (n =    15) (lvls, us =      260,      273,      363,      418,      696)
[2025-05-18T21:40:06.079+0300][20400][23136][info][gc,stats    ]   Finish Mark                  =    0.003 s (a =      220 us) (n =    15) (lvls, us =       42,       85,      232,      271,      343)
[2025-05-18T21:40:06.079+0300][20400][23136][info][gc,stats    ]   Update Region States         =    0.000 s (a =       17 us) (n =    15) (lvls, us =       13,       13,       14,       19,       29)
[2025-05-18T21:40:06.079+0300][20400][23136][info][gc,stats    ]   Choose Collection Set        =    0.001 s (a =       68 us) (n =    15) (lvls, us =       33,       47,       55,       69,      150)
[2025-05-18T21:40:06.079+0300][20400][23136][info][gc,stats    ]   Rebuild Free Set             =    0.000 s (a =       17 us) (n =    15) (lvls, us =       10,       12,       13,       15,       31)
[2025-05-18T21:40:06.079+0300][20400][23136][info][gc,stats    ] Concurrent Thread Roots        =    0.005 s (a =      369 us) (n =    13) (lvls, us =      199,      283,      324,      352,      832)
[2025-05-18T21:40:06.079+0300][20400][23136][info][gc,stats    ]   CTR: <total>                 =    0.005 s (a =      349 us) (n =    13) (lvls, us =      170,      221,      270,      316,     1125)
[2025-05-18T21:40:06.079+0300][20400][23136][info][gc,stats    ]   CTR: Thread Roots            =    0.005 s (a =      349 us) (n =    13) (lvls, us =      170,      221,      270,      316,     1125)
[2025-05-18T21:40:06.079+0300][20400][23136][info][gc,stats    ] Concurrent Weak References     =    0.005 s (a =      301 us) (n =    15) (lvls, us =      162,      203,      217,      324,      641)
[2025-05-18T21:40:06.079+0300][20400][23136][info][gc,stats    ]   CWRF: <total>                =    0.002 s (a =      147 us) (n =    15) (lvls, us =       24,       30,       51,      123,      650)
[2025-05-18T21:40:06.079+0300][20400][23136][info][gc,stats    ]   CWRF: Weak References        =    0.002 s (a =      147 us) (n =    15) (lvls, us =       24,       30,       51,      123,      650)
[2025-05-18T21:40:06.079+0300][20400][23136][info][gc,stats    ] Concurrent Weak Roots          =    0.033 s (a =     2208 us) (n =    15) (lvls, us =     1543,     1621,     2012,     2324,     3682)
[2025-05-18T21:40:06.079+0300][20400][23136][info][gc,stats    ]   Roots                        =    0.030 s (a =     1978 us) (n =    15) (lvls, us =     1406,     1426,     1777,     2227,     3174)
[2025-05-18T21:40:06.079+0300][20400][23136][info][gc,stats    ]     CWR: <total>               =    0.054 s (a =     3579 us) (n =    15) (lvls, us =     2383,     2461,     3066,     4238,     6114)
[2025-05-18T21:40:06.079+0300][20400][23136][info][gc,stats    ]     CWR: Code Cache Roots      =    0.039 s (a =     2618 us) (n =    15) (lvls, us =     1152,     1895,     2129,     3340,     4753)
[2025-05-18T21:40:06.079+0300][20400][23136][info][gc,stats    ]     CWR: VM Weak Roots         =    0.014 s (a =      942 us) (n =    15) (lvls, us =      414,      434,      490,     1133,     2270)
[2025-05-18T21:40:06.079+0300][20400][23136][info][gc,stats    ]     CWR: CLDG Roots            =    0.000 s (a =       20 us) (n =    15) (lvls, us =       11,       11,       12,       21,       57)
[2025-05-18T21:40:06.079+0300][20400][23136][info][gc,stats    ]   Rendezvous                   =    0.002 s (a =      143 us) (n =    15) (lvls, us =       49,       83,       98,      166,      410)
[2025-05-18T21:40:06.079+0300][20400][23136][info][gc,stats    ] Concurrent Cleanup             =    0.001 s (a =       61 us) (n =    15) (lvls, us =       43,       46,       49,       73,      114)
[2025-05-18T21:40:06.079+0300][20400][23136][info][gc,stats    ] Concurrent Class Unloading     =    0.164 s (a =    10935 us) (n =    15) (lvls, us =     4512,     5449,     7734,    13867,    20653)
[2025-05-18T21:40:06.079+0300][20400][23136][info][gc,stats    ]   Unlink Stale                 =    0.135 s (a =     8970 us) (n =    15) (lvls, us =     3457,     5078,     6719,    12891,    17950)
[2025-05-18T21:40:06.079+0300][20400][23136][info][gc,stats    ]     System Dictionary          =    0.002 s (a =      143 us) (n =    15) (lvls, us =       16,       19,       26,      266,      432)
[2025-05-18T21:40:06.079+0300][20400][23136][info][gc,stats    ]     Weak Class Links           =    0.041 s (a =     2731 us) (n =    15) (lvls, us =        0,        0,        0,     5586,    10024)
[2025-05-18T21:40:06.079+0300][20400][23136][info][gc,stats    ]     Code Roots                 =    0.091 s (a =     6095 us) (n =    15) (lvls, us =     2031,     4668,     6035,     7266,     8056)
[2025-05-18T21:40:06.079+0300][20400][23136][info][gc,stats    ]   Rendezvous                   =    0.002 s (a =      136 us) (n =    15) (lvls, us =       53,       65,      129,      168,      251)
[2025-05-18T21:40:06.079+0300][20400][23136][info][gc,stats    ]   Purge Unlinked               =    0.026 s (a =     1746 us) (n =    15) (lvls, us =      160,      318,      684,     1875,     6136)
[2025-05-18T21:40:06.079+0300][20400][23136][info][gc,stats    ]     Code Roots                 =    0.024 s (a =     1577 us) (n =    15) (lvls, us =      152,      309,      666,     1289,     6047)
[2025-05-18T21:40:06.079+0300][20400][23136][info][gc,stats    ]     CLDG                       =    0.003 s (a =      168 us) (n =    15) (lvls, us =        7,       10,       26,      189,      679)
[2025-05-18T21:40:06.079+0300][20400][23136][info][gc,stats    ]     Exception Caches           =    0.000 s (a =        0 us) (n =    15) (lvls, us =        0,        0,        0,        0,        1)
[2025-05-18T21:40:06.079+0300][20400][23136][info][gc,stats    ] Concurrent Strong Roots        =    0.006 s (a =      461 us) (n =    13) (lvls, us =      309,      320,      377,      434,      888)
[2025-05-18T21:40:06.080+0300][20400][23136][info][gc,stats    ]   CSR: <total>                 =    0.004 s (a =      274 us) (n =    13) (lvls, us =       56,       95,      168,      273,      740)
[2025-05-18T21:40:06.080+0300][20400][23136][info][gc,stats    ]   CSR: VM Strong Roots         =    0.000 s (a =       10 us) (n =    13) (lvls, us =        4,        5,        5,       10,       28)
[2025-05-18T21:40:06.080+0300][20400][23136][info][gc,stats    ]   CSR: CLDG Roots              =    0.003 s (a =      265 us) (n =    13) (lvls, us =       51,       87,      162,      262,      721)
[2025-05-18T21:40:06.080+0300][20400][23136][info][gc,stats    ] Concurrent Evacuation          =    0.028 s (a =     2119 us) (n =    13) (lvls, us =      539,      781,      969,     2617,     5159)
[2025-05-18T21:40:06.080+0300][20400][23136][info][gc,stats    ] Pause Final Roots (G)          =    0.000 s (a =      223 us) (n =     2) (lvls, us =      164,      164,      164,      164,      281)
[2025-05-18T21:40:06.080+0300][20400][23136][info][gc,stats    ] Pause Final Roots (N)          =    0.000 s (a =       46 us) (n =     2) (lvls, us =       33,       33,       33,       33,       59)
[2025-05-18T21:40:06.080+0300][20400][23136][info][gc,stats    ] Pause Init Update Refs (G)     =    0.002 s (a =      190 us) (n =    13) (lvls, us =       83,      121,      162,      234,      321)
[2025-05-18T21:40:06.080+0300][20400][23136][info][gc,stats    ] Pause Init Update Refs (N)     =    0.001 s (a =       63 us) (n =    13) (lvls, us =       42,       45,       46,       49,      148)
[2025-05-18T21:40:06.080+0300][20400][23136][info][gc,stats    ]   Manage GCLABs                =    0.000 s (a =        4 us) (n =    13) (lvls, us =        2,        3,        4,        4,        8)
[2025-05-18T21:40:06.080+0300][20400][23136][info][gc,stats    ] Concurrent Update Refs         =    0.058 s (a =     4434 us) (n =    13) (lvls, us =     3145,     3516,     3906,     4375,     7924)
[2025-05-18T21:40:06.080+0300][20400][23136][info][gc,stats    ] Concurrent Update Thread Roots =    0.013 s (a =      997 us) (n =    13) (lvls, us =      162,      264,      297,      322,     9154)
[2025-05-18T21:40:06.080+0300][20400][23136][info][gc,stats    ] Pause Final Update Refs (G)    =    0.003 s (a =      220 us) (n =    13) (lvls, us =       93,      180,      188,      209,      549)
[2025-05-18T21:40:06.080+0300][20400][23136][info][gc,stats    ] Pause Final Update Refs (N)    =    0.001 s (a =      111 us) (n =    13) (lvls, us =       66,       68,       70,      107,      384)
[2025-05-18T21:40:06.080+0300][20400][23136][info][gc,stats    ]   Update Region States         =    0.000 s (a =       17 us) (n =    13) (lvls, us =       12,       13,       14,       14,       31)
[2025-05-18T21:40:06.080+0300][20400][23136][info][gc,stats    ]   Trash Collection Set         =    0.000 s (a =        3 us) (n =    13) (lvls, us =        2,        2,        3,        3,        4)
[2025-05-18T21:40:06.080+0300][20400][23136][info][gc,stats    ]   Rebuild Free Set             =    0.000 s (a =       10 us) (n =    13) (lvls, us =        8,        8,        9,       10,       14)
[2025-05-18T21:40:06.080+0300][20400][23136][info][gc,stats    ] Concurrent Cleanup             =    0.001 s (a =       53 us) (n =    13) (lvls, us =       29,       42,       45,       56,       94)
[2025-05-18T21:40:06.080+0300][20400][23136][info][gc,stats    ] 
[2025-05-18T21:40:06.080+0300][20400][23136][info][gc,stats    ] 
[2025-05-18T21:40:06.080+0300][20400][23136][info][gc,stats    ] Under allocation pressure, concurrent cycles may cancel, and either continue cycle
[2025-05-18T21:40:06.080+0300][20400][23136][info][gc,stats    ] under stop-the-world pause or result in stop-the-world Full GC. Increase heap size,
[2025-05-18T21:40:06.080+0300][20400][23136][info][gc,stats    ] tune GC heuristics, set more aggressive pacing delay, or lower allocation rate
[2025-05-18T21:40:06.080+0300][20400][23136][info][gc,stats    ] to avoid Degenerated and Full GC cycles.
[2025-05-18T21:40:06.080+0300][20400][23136][info][gc,stats    ] 
[2025-05-18T21:40:06.080+0300][20400][23136][info][gc,stats    ]    15 successful concurrent GCs
[2025-05-18T21:40:06.080+0300][20400][23136][info][gc,stats    ]       3 invoked explicitly
[2025-05-18T21:40:06.080+0300][20400][23136][info][gc,stats    ]       0 invoked implicitly
[2025-05-18T21:40:06.080+0300][20400][23136][info][gc,stats    ] 
[2025-05-18T21:40:06.080+0300][20400][23136][info][gc,stats    ]     0 Degenerated GCs
[2025-05-18T21:40:06.080+0300][20400][23136][info][gc,stats    ]       0 caused by allocation failure
[2025-05-18T21:40:06.080+0300][20400][23136][info][gc,stats    ]       0 upgraded to Full GC
[2025-05-18T21:40:06.080+0300][20400][23136][info][gc,stats    ] 
[2025-05-18T21:40:06.080+0300][20400][23136][info][gc,stats    ]     0 Full GCs
[2025-05-18T21:40:06.080+0300][20400][23136][info][gc,stats    ]       0 invoked explicitly
[2025-05-18T21:40:06.080+0300][20400][23136][info][gc,stats    ]       0 invoked implicitly
[2025-05-18T21:40:06.080+0300][20400][23136][info][gc,stats    ]       0 caused by allocation failure
[2025-05-18T21:40:06.080+0300][20400][23136][info][gc,stats    ]       0 upgraded from Degenerated GC
[2025-05-18T21:40:06.080+0300][20400][23136][info][gc,stats    ] 
[2025-05-18T21:40:06.080+0300][20400][23136][info][gc,stats    ] 
