[2025-05-18T21:30:28.784+0300][16912][22036][info][gc] Min heap equals to max heap, disabling ShenandoahUncommit
[2025-05-18T21:30:28.788+0300][16912][22036][info][gc] Heuristics ergonomically sets -XX:+ExplicitGCInvokesConcurrent
[2025-05-18T21:30:28.788+0300][16912][22036][info][gc] Heuristics ergonomically sets -XX:+ShenandoahImplicitGCInvokesConcurrent
[2025-05-18T21:30:28.788+0300][16912][22036][info][gc] Using Shenandoah
[2025-05-18T21:30:28.792+0300][16912][22036][info][gc,ergo] Pacer for Idle. Initial: 83886K, Alloc Tax Rate: 1.0x
[2025-05-18T21:30:28.792+0300][16912][22036][info][gc,init] Version: 21.0.7+6-LTS (release)
[2025-05-18T21:30:28.793+0300][16912][22036][info][gc,init] CPUs: 8 total, 8 available
[2025-05-18T21:30:28.793+0300][16912][22036][info][gc,init] Memory: 16183M
[2025-05-18T21:30:28.793+0300][16912][22036][info][gc,init] Large Page Support: Disabled
[2025-05-18T21:30:28.793+0300][16912][22036][info][gc,init] NUMA Support: Disabled
[2025-05-18T21:30:28.793+0300][16912][22036][info][gc,init] Compressed Oops: Enabled (Zero based)
[2025-05-18T21:30:28.793+0300][16912][22036][info][gc,init] Heap Min Capacity: 4G
[2025-05-18T21:30:28.793+0300][16912][22036][info][gc,init] Heap Initial Capacity: 4G
[2025-05-18T21:30:28.793+0300][16912][22036][info][gc,init] Heap Max Capacity: 4G
[2025-05-18T21:30:28.793+0300][16912][22036][info][gc,init] Pre-touch: Disabled
[2025-05-18T21:30:28.793+0300][16912][22036][info][gc,init] Mode: Snapshot-At-The-Beginning (SATB)
[2025-05-18T21:30:28.793+0300][16912][22036][info][gc,init] Heuristics: Adaptive
[2025-05-18T21:30:28.793+0300][16912][22036][info][gc,init] Heap Region Count: 2048
[2025-05-18T21:30:28.793+0300][16912][22036][info][gc,init] Heap Region Size: 2M
[2025-05-18T21:30:28.793+0300][16912][22036][info][gc,init] TLAB Size Max: 2M
[2025-05-18T21:30:28.793+0300][16912][22036][info][gc,init] Humongous Object Threshold: 2M
[2025-05-18T21:30:28.793+0300][16912][22036][info][gc,init] Parallel Workers: 4
[2025-05-18T21:30:28.793+0300][16912][22036][info][gc,init] Concurrent Workers: 2
[2025-05-18T21:30:28.800+0300][16912][22036][info][gc,metaspace] CDS archive(s) mapped at: [0x000002be41000000-0x000002be41c80000-0x000002be41c80000), size 13107200, SharedBaseAddress: 0x000002be41000000, ArchiveRelocationMode: 1.
[2025-05-18T21:30:28.800+0300][16912][22036][info][gc,metaspace] Compressed class space mapped at: 0x000002be42000000-0x000002be82000000, reserved size: 1073741824
[2025-05-18T21:30:28.800+0300][16912][22036][info][gc,metaspace] Narrow klass base: 0x000002be41000000, Narrow klass shift: 0, Narrow klass range: 0x100000000
[2025-05-18T21:30:29.209+0300][16912][19080][info][gc          ] Trigger: Explicit GC request (System.gc())
[2025-05-18T21:30:29.209+0300][16912][19080][info][gc,ergo     ] Free: 3834M, Max: 2048K regular, 3834M humongous, Frag: 0% external, 0% internal; Reserve: 206M, Max: 2048K
[2025-05-18T21:30:29.209+0300][16912][19080][info][gc,start    ] GC(0) Concurrent reset
[2025-05-18T21:30:29.209+0300][16912][19080][info][gc,task     ] GC(0) Using 2 of 4 workers for concurrent reset
[2025-05-18T21:30:29.209+0300][16912][19080][info][gc,ergo     ] GC(0) Pacer for Reset. Non-Taxable: 4096M
[2025-05-18T21:30:29.209+0300][16912][19080][info][gc          ] GC(0) Concurrent reset 0.217ms
[2025-05-18T21:30:29.209+0300][16912][19620][info][gc,start    ] GC(0) Pause Init Mark (unload classes)
[2025-05-18T21:30:29.209+0300][16912][19620][info][gc,task     ] GC(0) Using 4 of 4 workers for init marking
[2025-05-18T21:30:29.209+0300][16912][19620][info][gc,ref      ] GC(0) Clearing All SoftReferences
[2025-05-18T21:30:29.209+0300][16912][19620][info][gc,ergo     ] GC(0) Pacer for Mark. Expected Live: 409M, Free: 3834M, Non-Taxable: 383M, Alloc Tax Rate: 0.1x
[2025-05-18T21:30:29.209+0300][16912][19620][info][gc          ] GC(0) Pause Init Mark (unload classes) 0.192ms
[2025-05-18T21:30:29.210+0300][16912][19080][info][gc,start    ] GC(0) Concurrent marking roots
[2025-05-18T21:30:29.210+0300][16912][19080][info][gc,task     ] GC(0) Using 2 of 4 workers for concurrent marking roots
[2025-05-18T21:30:29.211+0300][16912][19080][info][gc          ] GC(0) Concurrent marking roots 0.606ms
[2025-05-18T21:30:29.211+0300][16912][19080][info][gc,start    ] GC(0) Concurrent marking (unload classes)
[2025-05-18T21:30:29.211+0300][16912][19080][info][gc,task     ] GC(0) Using 2 of 4 workers for concurrent marking
[2025-05-18T21:30:29.212+0300][16912][19080][info][gc          ] GC(0) Concurrent marking (unload classes) 1.746ms
[2025-05-18T21:30:29.212+0300][16912][19620][info][gc,start    ] GC(0) Pause Final Mark (unload classes)
[2025-05-18T21:30:29.212+0300][16912][19620][info][gc,task     ] GC(0) Using 4 of 4 workers for final marking
[2025-05-18T21:30:29.213+0300][16912][19620][info][gc,ergo     ] GC(0) Adaptive CSet Selection. Target Free: 580M, Actual Free: 4040M, Max CSet: 170M, Min Garbage: 0B
[2025-05-18T21:30:29.213+0300][16912][19620][info][gc,ergo     ] GC(0) Collectable Garbage: 54948K (100%), Immediate: 0B (0%), CSet: 54948K (100%)
[2025-05-18T21:30:29.213+0300][16912][19620][info][gc,ergo     ] GC(0) Pacer for Evacuation. Used CSet: 57344K, Free: 3834M, Non-Taxable: 383M, Alloc Tax Rate: 1.1x
[2025-05-18T21:30:29.213+0300][16912][19620][info][gc          ] GC(0) Pause Final Mark (unload classes) 0.380ms
[2025-05-18T21:30:29.213+0300][16912][19080][info][gc,start    ] GC(0) Concurrent thread roots
[2025-05-18T21:30:29.213+0300][16912][19080][info][gc,task     ] GC(0) Using 2 of 4 workers for Concurrent thread roots
[2025-05-18T21:30:29.213+0300][16912][19080][info][gc          ] GC(0) Concurrent thread roots 0.212ms
[2025-05-18T21:30:29.213+0300][16912][19080][info][gc,start    ] GC(0) Concurrent weak references
[2025-05-18T21:30:29.213+0300][16912][19080][info][gc,task     ] GC(0) Using 2 of 4 workers for concurrent weak references
[2025-05-18T21:30:29.213+0300][16912][19080][info][gc,ref      ] GC(0) Encountered references: Soft: 97, Weak: 319, Final: 3, Phantom: 52
[2025-05-18T21:30:29.213+0300][16912][19080][info][gc,ref      ] GC(0) Discovered  references: Soft: 67, Weak: 224, Final: 3, Phantom: 48
[2025-05-18T21:30:29.213+0300][16912][19080][info][gc,ref      ] GC(0) Enqueued    references: Soft: 31, Weak: 87, Final: 0, Phantom: 34
[2025-05-18T21:30:29.213+0300][16912][19080][info][gc          ] GC(0) Concurrent weak references 0.199ms
[2025-05-18T21:30:29.213+0300][16912][19080][info][gc,start    ] GC(0) Concurrent weak roots
[2025-05-18T21:30:29.213+0300][16912][19080][info][gc,task     ] GC(0) Using 2 of 4 workers for concurrent weak root
[2025-05-18T21:30:29.214+0300][16912][19080][info][gc          ] GC(0) Concurrent weak roots 0.420ms
[2025-05-18T21:30:29.214+0300][16912][19080][info][gc,start    ] GC(0) Concurrent cleanup
[2025-05-18T21:30:29.214+0300][16912][19080][info][gc          ] GC(0) Concurrent cleanup 58M->58M(4096M) 0.019ms
[2025-05-18T21:30:29.214+0300][16912][19080][info][gc,ergo     ] GC(0) Free: 3832M, Max: 2048K regular, 3832M humongous, Frag: 0% external, 0% internal; Reserve: 205M, Max: 2048K
[2025-05-18T21:30:29.214+0300][16912][19080][info][gc,start    ] GC(0) Concurrent class unloading
[2025-05-18T21:30:29.214+0300][16912][19080][info][gc,task     ] GC(0) Using 2 of 4 workers for concurrent class unloading
[2025-05-18T21:30:29.215+0300][16912][19080][info][gc          ] GC(0) Concurrent class unloading 1.600ms
[2025-05-18T21:30:29.215+0300][16912][19080][info][gc,start    ] GC(0) Concurrent strong roots
[2025-05-18T21:30:29.215+0300][16912][19080][info][gc,task     ] GC(0) Using 2 of 4 workers for concurrent strong root
[2025-05-18T21:30:29.216+0300][16912][19080][info][gc          ] GC(0) Concurrent strong roots 0.273ms
[2025-05-18T21:30:29.216+0300][16912][19080][info][gc,start    ] GC(0) Concurrent evacuation
[2025-05-18T21:30:29.216+0300][16912][19080][info][gc,task     ] GC(0) Using 2 of 4 workers for concurrent evacuation
[2025-05-18T21:30:29.217+0300][16912][19080][info][gc          ] GC(0) Concurrent evacuation 1.072ms
[2025-05-18T21:30:29.217+0300][16912][19620][info][gc,start    ] GC(0) Pause Init Update Refs
[2025-05-18T21:30:29.217+0300][16912][19620][info][gc,ergo     ] GC(0) Pacer for Update Refs. Used: 63458K, Free: 3832M, Non-Taxable: 383M, Alloc Tax Rate: 1.1x
[2025-05-18T21:30:29.217+0300][16912][19620][info][gc          ] GC(0) Pause Init Update Refs 0.092ms
[2025-05-18T21:30:29.217+0300][16912][19080][info][gc,start    ] GC(0) Concurrent update references
[2025-05-18T21:30:29.217+0300][16912][19080][info][gc,task     ] GC(0) Using 2 of 4 workers for concurrent reference update
[2025-05-18T21:30:29.218+0300][16912][19080][info][gc          ] GC(0) Concurrent update references 1.229ms
[2025-05-18T21:30:29.218+0300][16912][19080][info][gc,start    ] GC(0) Concurrent update thread roots
[2025-05-18T21:30:29.218+0300][16912][19080][info][gc          ] GC(0) Concurrent update thread roots 0.197ms
[2025-05-18T21:30:29.219+0300][16912][19620][info][gc,start    ] GC(0) Pause Final Update Refs
[2025-05-18T21:30:29.219+0300][16912][19620][info][gc,task     ] GC(0) Using 4 of 4 workers for final reference update
[2025-05-18T21:30:29.219+0300][16912][19620][info][gc          ] GC(0) Pause Final Update Refs 0.051ms
[2025-05-18T21:30:29.219+0300][16912][19080][info][gc,start    ] GC(0) Concurrent cleanup
[2025-05-18T21:30:29.219+0300][16912][19080][info][gc          ] GC(0) Concurrent cleanup 61M->5M(4096M) 0.035ms
[2025-05-18T21:30:29.219+0300][16912][19080][info][gc,ergo     ] Free: 3884M, Max: 2048K regular, 3828M humongous, Frag: 2% external, 0% internal; Reserve: 206M, Max: 2048K
[2025-05-18T21:30:29.219+0300][16912][19080][info][gc,stats    ] 
[2025-05-18T21:30:29.219+0300][16912][19080][info][gc,stats    ] All times are wall-clock times, except per-root-class counters, that are sum over
[2025-05-18T21:30:29.219+0300][16912][19080][info][gc,stats    ] all workers. Dividing the <total> over the root stage time estimates parallelism.
[2025-05-18T21:30:29.219+0300][16912][19080][info][gc,stats    ] 
[2025-05-18T21:30:29.219+0300][16912][19080][info][gc,stats    ] Concurrent Reset                    255 us
[2025-05-18T21:30:29.219+0300][16912][19080][info][gc,stats    ] Pause Init Mark (G)                 325 us
[2025-05-18T21:30:29.219+0300][16912][19080][info][gc,stats    ] Pause Init Mark (N)                 209 us
[2025-05-18T21:30:29.219+0300][16912][19080][info][gc,stats    ]   Update Region States                9 us
[2025-05-18T21:30:29.219+0300][16912][19080][info][gc,stats    ] Concurrent Mark Roots               634 us, parallelism: 1.16x
[2025-05-18T21:30:29.219+0300][16912][19080][info][gc,stats    ]   CMR: <total>                      736 us
[2025-05-18T21:30:29.219+0300][16912][19080][info][gc,stats    ]   CMR: Thread Roots                 600 us, workers (us): 291, 309, ---, ---, 
[2025-05-18T21:30:29.219+0300][16912][19080][info][gc,stats    ]   CMR: VM Strong Roots               39 us, workers (us):  16,  24, ---, ---, 
[2025-05-18T21:30:29.219+0300][16912][19080][info][gc,stats    ]   CMR: CLDG Roots                    97 us, workers (us):  97, ---, ---, ---, 
[2025-05-18T21:30:29.219+0300][16912][19080][info][gc,stats    ] Concurrent Marking                 1785 us
[2025-05-18T21:30:29.219+0300][16912][19080][info][gc,stats    ] Pause Final Mark (G)                540 us
[2025-05-18T21:30:29.219+0300][16912][19080][info][gc,stats    ] Pause Final Mark (N)                389 us
[2025-05-18T21:30:29.219+0300][16912][19080][info][gc,stats    ]   Finish Mark                       252 us
[2025-05-18T21:30:29.219+0300][16912][19080][info][gc,stats    ]   Update Region States               12 us
[2025-05-18T21:30:29.219+0300][16912][19080][info][gc,stats    ]   Choose Collection Set              43 us
[2025-05-18T21:30:29.219+0300][16912][19080][info][gc,stats    ]   Rebuild Free Set                   10 us
[2025-05-18T21:30:29.219+0300][16912][19080][info][gc,stats    ] Concurrent Thread Roots             239 us, parallelism: 0.19x
[2025-05-18T21:30:29.219+0300][16912][19080][info][gc,stats    ]   CTR: <total>                       46 us
[2025-05-18T21:30:29.219+0300][16912][19080][info][gc,stats    ]   CTR: Thread Roots                  46 us, workers (us):  46,   0, ---, ---, 
[2025-05-18T21:30:29.219+0300][16912][19080][info][gc,stats    ] Concurrent Weak References          209 us, parallelism: 0.23x
[2025-05-18T21:30:29.219+0300][16912][19080][info][gc,stats    ]   CWRF: <total>                      48 us
[2025-05-18T21:30:29.219+0300][16912][19080][info][gc,stats    ]   CWRF: Weak References              48 us, workers (us):  48,   0, ---, ---, 
[2025-05-18T21:30:29.219+0300][16912][19080][info][gc,stats    ] Concurrent Weak Roots               449 us
[2025-05-18T21:30:29.219+0300][16912][19080][info][gc,stats    ]   Roots                             267 us, parallelism: 1.45x
[2025-05-18T21:30:29.219+0300][16912][19080][info][gc,stats    ]     CWR: <total>                    386 us
[2025-05-18T21:30:29.219+0300][16912][19080][info][gc,stats    ]     CWR: Code Cache Roots           162 us, workers (us):  64,  98, ---, ---, 
[2025-05-18T21:30:29.219+0300][16912][19080][info][gc,stats    ]     CWR: VM Weak Roots              223 us, workers (us): 139,  84, ---, ---, 
[2025-05-18T21:30:29.219+0300][16912][19080][info][gc,stats    ]     CWR: CLDG Roots                   1 us, workers (us): ---,   1, ---, ---, 
[2025-05-18T21:30:29.219+0300][16912][19080][info][gc,stats    ]   Rendezvous                        118 us
[2025-05-18T21:30:29.219+0300][16912][19080][info][gc,stats    ] Concurrent Cleanup                   29 us
[2025-05-18T21:30:29.219+0300][16912][19080][info][gc,stats    ] Concurrent Class Unloading         1658 us
[2025-05-18T21:30:29.219+0300][16912][19080][info][gc,stats    ]   Unlink Stale                     1293 us
[2025-05-18T21:30:29.219+0300][16912][19080][info][gc,stats    ]     System Dictionary                50 us
[2025-05-18T21:30:29.219+0300][16912][19080][info][gc,stats    ]     Weak Class Links                579 us
[2025-05-18T21:30:29.219+0300][16912][19080][info][gc,stats    ]     Code Roots                      664 us
[2025-05-18T21:30:29.219+0300][16912][19080][info][gc,stats    ]   Rendezvous                        186 us
[2025-05-18T21:30:29.219+0300][16912][19080][info][gc,stats    ]   Purge Unlinked                     95 us
[2025-05-18T21:30:29.219+0300][16912][19080][info][gc,stats    ]     Code Roots                       76 us
[2025-05-18T21:30:29.219+0300][16912][19080][info][gc,stats    ]     CLDG                             19 us
[2025-05-18T21:30:29.219+0300][16912][19080][info][gc,stats    ]     Exception Caches                  0 us
[2025-05-18T21:30:29.219+0300][16912][19080][info][gc,stats    ] Concurrent Strong Roots             303 us, parallelism: 0.53x
[2025-05-18T21:30:29.219+0300][16912][19080][info][gc,stats    ]   CSR: <total>                      160 us
[2025-05-18T21:30:29.219+0300][16912][19080][info][gc,stats    ]   CSR: VM Strong Roots               11 us, workers (us):  10,   0, ---, ---, 
[2025-05-18T21:30:29.219+0300][16912][19080][info][gc,stats    ]   CSR: CLDG Roots                   149 us, workers (us): 149, ---, ---, ---, 
[2025-05-18T21:30:29.219+0300][16912][19080][info][gc,stats    ] Concurrent Evacuation              1104 us
[2025-05-18T21:30:29.219+0300][16912][19080][info][gc,stats    ] Pause Init Update Refs (G)          229 us
[2025-05-18T21:30:29.219+0300][16912][19080][info][gc,stats    ] Pause Init Update Refs (N)          101 us
[2025-05-18T21:30:29.219+0300][16912][19080][info][gc,stats    ]   Manage GCLABs                       2 us
[2025-05-18T21:30:29.219+0300][16912][19080][info][gc,stats    ] Concurrent Update Refs             1259 us
[2025-05-18T21:30:29.219+0300][16912][19080][info][gc,stats    ] Concurrent Update Thread Roots      218 us
[2025-05-18T21:30:29.219+0300][16912][19080][info][gc,stats    ] Pause Final Update Refs (G)         190 us
[2025-05-18T21:30:29.219+0300][16912][19080][info][gc,stats    ] Pause Final Update Refs (N)          61 us
[2025-05-18T21:30:29.219+0300][16912][19080][info][gc,stats    ]   Update Region States               10 us
[2025-05-18T21:30:29.219+0300][16912][19080][info][gc,stats    ]   Trash Collection Set                1 us
[2025-05-18T21:30:29.219+0300][16912][19080][info][gc,stats    ]   Rebuild Free Set                    7 us
[2025-05-18T21:30:29.219+0300][16912][19080][info][gc,stats    ] Concurrent Cleanup                   46 us
[2025-05-18T21:30:29.219+0300][16912][19080][info][gc,stats    ] 
[2025-05-18T21:30:29.219+0300][16912][19080][info][gc,stats    ] Allocation pacing accrued:
[2025-05-18T21:30:29.219+0300][16912][19080][info][gc,stats    ]       0 of   427 ms (  0.0%): <total>
[2025-05-18T21:30:29.219+0300][16912][19080][info][gc,stats    ]       0 of   427 ms (  0.0%): <average total>
[2025-05-18T21:30:29.219+0300][16912][19080][info][gc,stats    ] 
[2025-05-18T21:30:29.219+0300][16912][19080][info][gc,metaspace] Metaspace: 2842K(3072K)->2837K(3072K) NonClass: 2585K(2688K)->2582K(2688K) Class: 257K(384K)->255K(384K)
[2025-05-18T21:30:29.219+0300][16912][19080][info][gc,ergo     ] Pacer for Idle. Initial: 83886K, Alloc Tax Rate: 1.0x
[2025-05-18T21:30:35.888+0300][16912][19080][info][gc          ] Trigger: Explicit GC request (System.gc())
[2025-05-18T21:30:35.888+0300][16912][19080][info][gc,ergo     ] Free: 3796M, Max: 2048K regular, 3796M humongous, Frag: 0% external, 0% internal; Reserve: 206M, Max: 2048K
[2025-05-18T21:30:35.888+0300][16912][19080][info][gc,start    ] GC(1) Concurrent reset
[2025-05-18T21:30:35.888+0300][16912][19080][info][gc,task     ] GC(1) Using 2 of 4 workers for concurrent reset
[2025-05-18T21:30:35.888+0300][16912][19080][info][gc,ergo     ] GC(1) Pacer for Reset. Non-Taxable: 4096M
[2025-05-18T21:30:35.888+0300][16912][19080][info][gc          ] GC(1) Concurrent reset 0.189ms
[2025-05-18T21:30:35.888+0300][16912][19620][info][gc,start    ] GC(1) Pause Init Mark (unload classes)
[2025-05-18T21:30:35.888+0300][16912][19620][info][gc,task     ] GC(1) Using 4 of 4 workers for init marking
[2025-05-18T21:30:35.888+0300][16912][19620][info][gc,ref      ] GC(1) Clearing All SoftReferences
[2025-05-18T21:30:35.888+0300][16912][19620][info][gc,ergo     ] GC(1) Pacer for Mark. Expected Live: 2395K, Free: 3796M, Non-Taxable: 379M, Alloc Tax Rate: 0.0x
[2025-05-18T21:30:35.888+0300][16912][19620][info][gc          ] GC(1) Pause Init Mark (unload classes) 0.065ms
[2025-05-18T21:30:35.888+0300][16912][19080][info][gc,start    ] GC(1) Concurrent marking roots
[2025-05-18T21:30:35.888+0300][16912][19080][info][gc,task     ] GC(1) Using 2 of 4 workers for concurrent marking roots
[2025-05-18T21:30:35.888+0300][16912][19080][info][gc          ] GC(1) Concurrent marking roots 0.120ms
[2025-05-18T21:30:35.888+0300][16912][19080][info][gc,start    ] GC(1) Concurrent marking (unload classes)
[2025-05-18T21:30:35.888+0300][16912][19080][info][gc,task     ] GC(1) Using 2 of 4 workers for concurrent marking
[2025-05-18T21:30:35.890+0300][16912][19080][info][gc          ] GC(1) Concurrent marking (unload classes) 1.356ms
[2025-05-18T21:30:35.890+0300][16912][19620][info][gc,start    ] GC(1) Pause Final Mark (unload classes)
[2025-05-18T21:30:35.890+0300][16912][19620][info][gc,task     ] GC(1) Using 4 of 4 workers for final marking
[2025-05-18T21:30:35.890+0300][16912][19620][info][gc,ergo     ] GC(1) Adaptive CSet Selection. Target Free: 580M, Actual Free: 4056M, Max CSet: 170M, Min Garbage: 0B
[2025-05-18T21:30:35.890+0300][16912][19620][info][gc,ergo     ] GC(1) Collectable Garbage: 93159K (99%), Immediate: 55296K (59%), CSet: 37863K (40%)
[2025-05-18T21:30:35.890+0300][16912][19620][info][gc,ergo     ] GC(1) Pacer for Evacuation. Used CSet: 38885K, Free: 3850M, Non-Taxable: 385M, Alloc Tax Rate: 1.1x
[2025-05-18T21:30:35.890+0300][16912][19620][info][gc          ] GC(1) Pause Final Mark (unload classes) 0.161ms
[2025-05-18T21:30:35.890+0300][16912][19080][info][gc,start    ] GC(1) Concurrent thread roots
[2025-05-18T21:30:35.890+0300][16912][19080][info][gc,task     ] GC(1) Using 2 of 4 workers for Concurrent thread roots
[2025-05-18T21:30:35.890+0300][16912][19080][info][gc          ] GC(1) Concurrent thread roots 0.097ms
[2025-05-18T21:30:35.890+0300][16912][19080][info][gc,start    ] GC(1) Concurrent weak references
[2025-05-18T21:30:35.890+0300][16912][19080][info][gc,task     ] GC(1) Using 2 of 4 workers for concurrent weak references
[2025-05-18T21:30:35.890+0300][16912][19080][info][gc,ref      ] GC(1) Encountered references: Soft: 59, Weak: 250, Final: 3, Phantom: 18
[2025-05-18T21:30:35.890+0300][16912][19080][info][gc,ref      ] GC(1) Discovered  references: Soft: 44, Weak: 152, Final: 3, Phantom: 16
[2025-05-18T21:30:35.890+0300][16912][19080][info][gc,ref      ] GC(1) Enqueued    references: Soft: 12, Weak: 10, Final: 0, Phantom: 4
[2025-05-18T21:30:35.890+0300][16912][19080][info][gc          ] GC(1) Concurrent weak references 0.081ms
[2025-05-18T21:30:35.890+0300][16912][19080][info][gc,start    ] GC(1) Concurrent weak roots
[2025-05-18T21:30:35.890+0300][16912][19080][info][gc,task     ] GC(1) Using 2 of 4 workers for concurrent weak root
[2025-05-18T21:30:35.890+0300][16912][19080][info][gc          ] GC(1) Concurrent weak roots 0.399ms
[2025-05-18T21:30:35.890+0300][16912][19080][info][gc,start    ] GC(1) Concurrent cleanup
[2025-05-18T21:30:35.890+0300][16912][19080][info][gc          ] GC(1) Concurrent cleanup 96M->42M(4096M) 0.020ms
[2025-05-18T21:30:35.890+0300][16912][19080][info][gc,ergo     ] GC(1) Free: 3848M, Max: 2048K regular, 3794M humongous, Frag: 2% external, 0% internal; Reserve: 205M, Max: 2048K
[2025-05-18T21:30:35.890+0300][16912][19080][info][gc,start    ] GC(1) Concurrent class unloading
[2025-05-18T21:30:35.890+0300][16912][19080][info][gc,task     ] GC(1) Using 2 of 4 workers for concurrent class unloading
[2025-05-18T21:30:35.893+0300][16912][19080][info][gc          ] GC(1) Concurrent class unloading 2.591ms
[2025-05-18T21:30:35.893+0300][16912][19080][info][gc,start    ] GC(1) Concurrent strong roots
[2025-05-18T21:30:35.893+0300][16912][19080][info][gc,task     ] GC(1) Using 2 of 4 workers for concurrent strong root
[2025-05-18T21:30:35.893+0300][16912][19080][info][gc          ] GC(1) Concurrent strong roots 0.125ms
[2025-05-18T21:30:35.893+0300][16912][19080][info][gc,start    ] GC(1) Concurrent evacuation
[2025-05-18T21:30:35.893+0300][16912][19080][info][gc,task     ] GC(1) Using 2 of 4 workers for concurrent evacuation
[2025-05-18T21:30:35.894+0300][16912][19080][info][gc          ] GC(1) Concurrent evacuation 0.650ms
[2025-05-18T21:30:35.894+0300][16912][19620][info][gc,start    ] GC(1) Pause Init Update Refs
[2025-05-18T21:30:35.894+0300][16912][19620][info][gc,ergo     ] GC(1) Pacer for Update Refs. Used: 44274K, Free: 3848M, Non-Taxable: 384M, Alloc Tax Rate: 1.1x
[2025-05-18T21:30:35.894+0300][16912][19620][info][gc          ] GC(1) Pause Init Update Refs 0.035ms
[2025-05-18T21:30:35.894+0300][16912][19080][info][gc,start    ] GC(1) Concurrent update references
[2025-05-18T21:30:35.894+0300][16912][19080][info][gc,task     ] GC(1) Using 2 of 4 workers for concurrent reference update
[2025-05-18T21:30:35.895+0300][16912][19080][info][gc          ] GC(1) Concurrent update references 0.955ms
[2025-05-18T21:30:35.895+0300][16912][19080][info][gc,start    ] GC(1) Concurrent update thread roots
[2025-05-18T21:30:35.895+0300][16912][19080][info][gc          ] GC(1) Concurrent update thread roots 0.087ms
[2025-05-18T21:30:35.895+0300][16912][19620][info][gc,start    ] GC(1) Pause Final Update Refs
[2025-05-18T21:30:35.895+0300][16912][19620][info][gc,task     ] GC(1) Using 4 of 4 workers for final reference update
[2025-05-18T21:30:35.895+0300][16912][19620][info][gc          ] GC(1) Pause Final Update Refs 0.047ms
[2025-05-18T21:30:35.895+0300][16912][19080][info][gc,start    ] GC(1) Concurrent cleanup
[2025-05-18T21:30:35.895+0300][16912][19080][info][gc          ] GC(1) Concurrent cleanup 43M->5M(4096M) 0.017ms
[2025-05-18T21:30:35.895+0300][16912][19080][info][gc,ergo     ] Free: 3884M, Max: 2048K regular, 3794M humongous, Frag: 3% external, 0% internal; Reserve: 206M, Max: 2048K
[2025-05-18T21:30:35.895+0300][16912][19080][info][gc,stats    ] 
[2025-05-18T21:30:35.895+0300][16912][19080][info][gc,stats    ] All times are wall-clock times, except per-root-class counters, that are sum over
[2025-05-18T21:30:35.895+0300][16912][19080][info][gc,stats    ] all workers. Dividing the <total> over the root stage time estimates parallelism.
[2025-05-18T21:30:35.895+0300][16912][19080][info][gc,stats    ] 
[2025-05-18T21:30:35.895+0300][16912][19080][info][gc,stats    ] Concurrent Reset                    210 us
[2025-05-18T21:30:35.895+0300][16912][19080][info][gc,stats    ] Pause Init Mark (G)                 116 us
[2025-05-18T21:30:35.895+0300][16912][19080][info][gc,stats    ] Pause Init Mark (N)                  75 us
[2025-05-18T21:30:35.895+0300][16912][19080][info][gc,stats    ]   Update Region States                7 us
[2025-05-18T21:30:35.895+0300][16912][19080][info][gc,stats    ] Concurrent Mark Roots               134 us, parallelism: 0.74x
[2025-05-18T21:30:35.895+0300][16912][19080][info][gc,stats    ]   CMR: <total>                      100 us
[2025-05-18T21:30:35.895+0300][16912][19080][info][gc,stats    ]   CMR: Thread Roots                  52 us, workers (us):  50,   2, ---, ---, 
[2025-05-18T21:30:35.895+0300][16912][19080][info][gc,stats    ]   CMR: VM Strong Roots               14 us, workers (us):   9,   5, ---, ---, 
[2025-05-18T21:30:35.895+0300][16912][19080][info][gc,stats    ]   CMR: CLDG Roots                    34 us, workers (us): ---,  34, ---, ---, 
[2025-05-18T21:30:35.895+0300][16912][19080][info][gc,stats    ] Concurrent Marking                 1369 us
[2025-05-18T21:30:35.895+0300][16912][19080][info][gc,stats    ] Pause Final Mark (G)                190 us
[2025-05-18T21:30:35.895+0300][16912][19080][info][gc,stats    ] Pause Final Mark (N)                169 us
[2025-05-18T21:30:35.895+0300][16912][19080][info][gc,stats    ]   Finish Mark                        71 us
[2025-05-18T21:30:35.895+0300][16912][19080][info][gc,stats    ]   Update Region States                7 us
[2025-05-18T21:30:35.895+0300][16912][19080][info][gc,stats    ]   Choose Collection Set              31 us
[2025-05-18T21:30:35.895+0300][16912][19080][info][gc,stats    ]   Rebuild Free Set                    9 us
[2025-05-18T21:30:35.895+0300][16912][19080][info][gc,stats    ] Concurrent Thread Roots             119 us, parallelism: 0.36x
[2025-05-18T21:30:35.895+0300][16912][19080][info][gc,stats    ]   CTR: <total>                       42 us
[2025-05-18T21:30:35.895+0300][16912][19080][info][gc,stats    ]   CTR: Thread Roots                  42 us, workers (us):  27,  15, ---, ---, 
[2025-05-18T21:30:35.895+0300][16912][19080][info][gc,stats    ] Concurrent Weak References           91 us, parallelism: 0.15x
[2025-05-18T21:30:35.895+0300][16912][19080][info][gc,stats    ]   CWRF: <total>                      14 us
[2025-05-18T21:30:35.895+0300][16912][19080][info][gc,stats    ]   CWRF: Weak References              14 us, workers (us):   5,   9, ---, ---, 
[2025-05-18T21:30:35.895+0300][16912][19080][info][gc,stats    ] Concurrent Weak Roots               419 us
[2025-05-18T21:30:35.895+0300][16912][19080][info][gc,stats    ]   Roots                             348 us, parallelism: 1.83x
[2025-05-18T21:30:35.895+0300][16912][19080][info][gc,stats    ]     CWR: <total>                    638 us
[2025-05-18T21:30:35.895+0300][16912][19080][info][gc,stats    ]     CWR: Code Cache Roots           435 us, workers (us): 211, 224, ---, ---, 
[2025-05-18T21:30:35.895+0300][16912][19080][info][gc,stats    ]     CWR: VM Weak Roots              202 us, workers (us): 101, 101, ---, ---, 
[2025-05-18T21:30:35.895+0300][16912][19080][info][gc,stats    ]     CWR: CLDG Roots                   1 us, workers (us):   1, ---, ---, ---, 
[2025-05-18T21:30:35.895+0300][16912][19080][info][gc,stats    ]   Rendezvous                         32 us
[2025-05-18T21:30:35.895+0300][16912][19080][info][gc,stats    ] Concurrent Cleanup                   30 us
[2025-05-18T21:30:35.895+0300][16912][19080][info][gc,stats    ] Concurrent Class Unloading         2625 us
[2025-05-18T21:30:35.895+0300][16912][19080][info][gc,stats    ]   Unlink Stale                     1827 us
[2025-05-18T21:30:35.895+0300][16912][19080][info][gc,stats    ]     System Dictionary                44 us
[2025-05-18T21:30:35.895+0300][16912][19080][info][gc,stats    ]     Weak Class Links                854 us
[2025-05-18T21:30:35.895+0300][16912][19080][info][gc,stats    ]     Code Roots                      928 us
[2025-05-18T21:30:35.895+0300][16912][19080][info][gc,stats    ]   Rendezvous                         33 us
[2025-05-18T21:30:35.895+0300][16912][19080][info][gc,stats    ]   Purge Unlinked                    712 us
[2025-05-18T21:30:35.895+0300][16912][19080][info][gc,stats    ]     Code Roots                      676 us
[2025-05-18T21:30:35.895+0300][16912][19080][info][gc,stats    ]     CLDG                             35 us
[2025-05-18T21:30:35.895+0300][16912][19080][info][gc,stats    ] Concurrent Strong Roots             135 us, parallelism: 0.63x
[2025-05-18T21:30:35.895+0300][16912][19080][info][gc,stats    ]   CSR: <total>                       85 us
[2025-05-18T21:30:35.895+0300][16912][19080][info][gc,stats    ]   CSR: VM Strong Roots                2 us, workers (us):   2,   0, ---, ---, 
[2025-05-18T21:30:35.895+0300][16912][19080][info][gc,stats    ]   CSR: CLDG Roots                    82 us, workers (us):  82, ---, ---, ---, 
[2025-05-18T21:30:35.895+0300][16912][19080][info][gc,stats    ] Concurrent Evacuation               682 us
[2025-05-18T21:30:35.895+0300][16912][19080][info][gc,stats    ] Pause Init Update Refs (G)           98 us
[2025-05-18T21:30:35.895+0300][16912][19080][info][gc,stats    ] Pause Init Update Refs (N)           44 us
[2025-05-18T21:30:35.895+0300][16912][19080][info][gc,stats    ]   Manage GCLABs                       1 us
[2025-05-18T21:30:35.895+0300][16912][19080][info][gc,stats    ] Concurrent Update Refs              965 us
[2025-05-18T21:30:35.895+0300][16912][19080][info][gc,stats    ] Concurrent Update Thread Roots       97 us
[2025-05-18T21:30:35.895+0300][16912][19080][info][gc,stats    ] Pause Final Update Refs (G)          73 us
[2025-05-18T21:30:35.896+0300][16912][19080][info][gc,stats    ] Pause Final Update Refs (N)          56 us
[2025-05-18T21:30:35.896+0300][16912][19080][info][gc,stats    ]   Update Region States               11 us
[2025-05-18T21:30:35.896+0300][16912][19080][info][gc,stats    ]   Trash Collection Set                2 us
[2025-05-18T21:30:35.896+0300][16912][19080][info][gc,stats    ]   Rebuild Free Set                    8 us
[2025-05-18T21:30:35.896+0300][16912][19080][info][gc,stats    ] Concurrent Cleanup                   26 us
[2025-05-18T21:30:35.896+0300][16912][19080][info][gc,stats    ] 
[2025-05-18T21:30:35.896+0300][16912][19080][info][gc,stats    ] Allocation pacing accrued:
[2025-05-18T21:30:35.896+0300][16912][19080][info][gc,stats    ]       0 of  6676 ms (  0.0%): <total>
[2025-05-18T21:30:35.896+0300][16912][19080][info][gc,stats    ]       0 of  6676 ms (  0.0%): <average total>
[2025-05-18T21:30:35.896+0300][16912][19080][info][gc,stats    ] 
[2025-05-18T21:30:35.896+0300][16912][19080][info][gc,metaspace] Metaspace: 5370K(5632K)->5367K(5632K) NonClass: 4787K(4928K)->4785K(4928K) Class: 583K(704K)->582K(704K)
[2025-05-18T21:30:35.896+0300][16912][19080][info][gc,ergo     ] Pacer for Idle. Initial: 83886K, Alloc Tax Rate: 1.0x
[2025-05-18T21:30:42.228+0300][16912][19080][info][gc          ] Trigger: Explicit GC request (System.gc())
[2025-05-18T21:30:42.228+0300][16912][19080][info][gc,ergo     ] Free: 3802M, Max: 2048K regular, 3794M humongous, Frag: 1% external, 0% internal; Reserve: 206M, Max: 2048K
[2025-05-18T21:30:42.228+0300][16912][19080][info][gc,start    ] GC(2) Concurrent reset
[2025-05-18T21:30:42.228+0300][16912][19080][info][gc,task     ] GC(2) Using 2 of 4 workers for concurrent reset
[2025-05-18T21:30:42.228+0300][16912][19080][info][gc,ergo     ] GC(2) Pacer for Reset. Non-Taxable: 4096M
[2025-05-18T21:30:42.228+0300][16912][19080][info][gc          ] GC(2) Concurrent reset 0.189ms
[2025-05-18T21:30:42.228+0300][16912][19620][info][gc,start    ] GC(2) Pause Init Mark (unload classes)
[2025-05-18T21:30:42.228+0300][16912][19620][info][gc,task     ] GC(2) Using 4 of 4 workers for init marking
[2025-05-18T21:30:42.228+0300][16912][19620][info][gc,ref      ] GC(2) Clearing All SoftReferences
[2025-05-18T21:30:42.228+0300][16912][19620][info][gc,ergo     ] GC(2) Pacer for Mark. Expected Live: 2562K, Free: 3802M, Non-Taxable: 380M, Alloc Tax Rate: 0.0x
[2025-05-18T21:30:42.228+0300][16912][19620][info][gc          ] GC(2) Pause Init Mark (unload classes) 0.062ms
[2025-05-18T21:30:42.228+0300][16912][19080][info][gc,start    ] GC(2) Concurrent marking roots
[2025-05-18T21:30:42.228+0300][16912][19080][info][gc,task     ] GC(2) Using 2 of 4 workers for concurrent marking roots
[2025-05-18T21:30:42.228+0300][16912][19080][info][gc          ] GC(2) Concurrent marking roots 0.096ms
[2025-05-18T21:30:42.228+0300][16912][19080][info][gc,start    ] GC(2) Concurrent marking (unload classes)
[2025-05-18T21:30:42.228+0300][16912][19080][info][gc,task     ] GC(2) Using 2 of 4 workers for concurrent marking
[2025-05-18T21:30:42.229+0300][16912][19080][info][gc          ] GC(2) Concurrent marking (unload classes) 1.380ms
[2025-05-18T21:30:42.230+0300][16912][19620][info][gc,start    ] GC(2) Pause Final Mark (unload classes)
[2025-05-18T21:30:42.230+0300][16912][19620][info][gc,task     ] GC(2) Using 4 of 4 workers for final marking
[2025-05-18T21:30:42.230+0300][16912][19620][info][gc,ergo     ] GC(2) Adaptive CSet Selection. Target Free: 580M, Actual Free: 4084M, Max CSet: 170M, Min Garbage: 0B
[2025-05-18T21:30:42.230+0300][16912][19620][info][gc,ergo     ] GC(2) Collectable Garbage: 85994K (99%), Immediate: 77824K (89%), CSet: 8170K (9%)
[2025-05-18T21:30:42.230+0300][16912][19620][info][gc,ergo     ] GC(2) Pacer for Evacuation. Used CSet: 8170K, Free: 3878M, Non-Taxable: 387M, Alloc Tax Rate: 1.1x
[2025-05-18T21:30:42.230+0300][16912][19620][info][gc          ] GC(2) Pause Final Mark (unload classes) 0.112ms
[2025-05-18T21:30:42.230+0300][16912][19080][info][gc,start    ] GC(2) Concurrent thread roots
[2025-05-18T21:30:42.230+0300][16912][19080][info][gc,task     ] GC(2) Using 2 of 4 workers for Concurrent thread roots
[2025-05-18T21:30:42.230+0300][16912][19080][info][gc          ] GC(2) Concurrent thread roots 0.099ms
[2025-05-18T21:30:42.230+0300][16912][19080][info][gc,start    ] GC(2) Concurrent weak references
[2025-05-18T21:30:42.230+0300][16912][19080][info][gc,task     ] GC(2) Using 2 of 4 workers for concurrent weak references
[2025-05-18T21:30:42.230+0300][16912][19080][info][gc,ref      ] GC(2) Encountered references: Soft: 59, Weak: 240, Final: 3, Phantom: 16
[2025-05-18T21:30:42.230+0300][16912][19080][info][gc,ref      ] GC(2) Discovered  references: Soft: 36, Weak: 137, Final: 2, Phantom: 13
[2025-05-18T21:30:42.230+0300][16912][19080][info][gc,ref      ] GC(2) Enqueued    references: Soft: 0, Weak: 0, Final: 0, Phantom: 2
[2025-05-18T21:30:42.230+0300][16912][19080][info][gc          ] GC(2) Concurrent weak references 0.066ms
[2025-05-18T21:30:42.230+0300][16912][19080][info][gc,start    ] GC(2) Concurrent weak roots
[2025-05-18T21:30:42.230+0300][16912][19080][info][gc,task     ] GC(2) Using 2 of 4 workers for concurrent weak root
[2025-05-18T21:30:42.230+0300][16912][19080][info][gc          ] GC(2) Concurrent weak roots 0.322ms
[2025-05-18T21:30:42.230+0300][16912][19080][info][gc,start    ] GC(2) Concurrent cleanup
[2025-05-18T21:30:42.230+0300][16912][19080][info][gc          ] GC(2) Concurrent cleanup 89M->13M(4096M) 0.019ms
[2025-05-18T21:30:42.230+0300][16912][19080][info][gc,ergo     ] GC(2) Free: 3876M, Max: 2048K regular, 3794M humongous, Frag: 3% external, 0% internal; Reserve: 205M, Max: 2048K
[2025-05-18T21:30:42.230+0300][16912][19080][info][gc,start    ] GC(2) Concurrent class unloading
[2025-05-18T21:30:42.230+0300][16912][19080][info][gc,task     ] GC(2) Using 2 of 4 workers for concurrent class unloading
[2025-05-18T21:30:42.232+0300][16912][19080][info][gc          ] GC(2) Concurrent class unloading 0.917ms
[2025-05-18T21:30:42.232+0300][16912][19080][info][gc,start    ] GC(2) Concurrent strong roots
[2025-05-18T21:30:42.232+0300][16912][19080][info][gc,task     ] GC(2) Using 2 of 4 workers for concurrent strong root
[2025-05-18T21:30:42.232+0300][16912][19080][info][gc          ] GC(2) Concurrent strong roots 0.046ms
[2025-05-18T21:30:42.232+0300][16912][19080][info][gc,start    ] GC(2) Concurrent evacuation
[2025-05-18T21:30:42.232+0300][16912][19080][info][gc,task     ] GC(2) Using 2 of 4 workers for concurrent evacuation
[2025-05-18T21:30:42.232+0300][16912][19080][info][gc          ] GC(2) Concurrent evacuation 0.073ms
[2025-05-18T21:30:42.232+0300][16912][19620][info][gc,start    ] GC(2) Pause Init Update Refs
[2025-05-18T21:30:42.232+0300][16912][19620][info][gc,ergo     ] GC(2) Pacer for Update Refs. Used: 13581K, Free: 3876M, Non-Taxable: 387M, Alloc Tax Rate: 1.1x
[2025-05-18T21:30:42.232+0300][16912][19620][info][gc          ] GC(2) Pause Init Update Refs 0.034ms
[2025-05-18T21:30:42.232+0300][16912][19080][info][gc,start    ] GC(2) Concurrent update references
[2025-05-18T21:30:42.232+0300][16912][19080][info][gc,task     ] GC(2) Using 2 of 4 workers for concurrent reference update
[2025-05-18T21:30:42.233+0300][16912][19080][info][gc          ] GC(2) Concurrent update references 0.925ms
[2025-05-18T21:30:42.233+0300][16912][19080][info][gc,start    ] GC(2) Concurrent update thread roots
[2025-05-18T21:30:42.233+0300][16912][19080][info][gc          ] GC(2) Concurrent update thread roots 0.068ms
[2025-05-18T21:30:42.233+0300][16912][19620][info][gc,start    ] GC(2) Pause Final Update Refs
[2025-05-18T21:30:42.233+0300][16912][19620][info][gc,task     ] GC(2) Using 4 of 4 workers for final reference update
[2025-05-18T21:30:42.233+0300][16912][19620][info][gc          ] GC(2) Pause Final Update Refs 0.049ms
[2025-05-18T21:30:42.233+0300][16912][19080][info][gc,start    ] GC(2) Concurrent cleanup
[2025-05-18T21:30:42.233+0300][16912][19080][info][gc          ] GC(2) Concurrent cleanup 13M->5M(4096M) 0.017ms
[2025-05-18T21:30:42.233+0300][16912][19080][info][gc,ergo     ] Free: 3884M, Max: 2048K regular, 3800M humongous, Frag: 3% external, 0% internal; Reserve: 206M, Max: 2048K
[2025-05-18T21:30:42.233+0300][16912][19080][info][gc,stats    ] 
[2025-05-18T21:30:42.233+0300][16912][19080][info][gc,stats    ] All times are wall-clock times, except per-root-class counters, that are sum over
[2025-05-18T21:30:42.233+0300][16912][19080][info][gc,stats    ] all workers. Dividing the <total> over the root stage time estimates parallelism.
[2025-05-18T21:30:42.233+0300][16912][19080][info][gc,stats    ] 
[2025-05-18T21:30:42.233+0300][16912][19080][info][gc,stats    ] Concurrent Reset                    224 us
[2025-05-18T21:30:42.233+0300][16912][19080][info][gc,stats    ] Pause Init Mark (G)                 108 us
[2025-05-18T21:30:42.233+0300][16912][19080][info][gc,stats    ] Pause Init Mark (N)                  71 us
[2025-05-18T21:30:42.233+0300][16912][19080][info][gc,stats    ]   Update Region States                5 us
[2025-05-18T21:30:42.233+0300][16912][19080][info][gc,stats    ] Concurrent Mark Roots               107 us, parallelism: 0.79x
[2025-05-18T21:30:42.233+0300][16912][19080][info][gc,stats    ]   CMR: <total>                       85 us
[2025-05-18T21:30:42.233+0300][16912][19080][info][gc,stats    ]   CMR: Thread Roots                  46 us, workers (us):  46,   0, ---, ---, 
[2025-05-18T21:30:42.233+0300][16912][19080][info][gc,stats    ]   CMR: VM Strong Roots                4 us, workers (us):   2,   1, ---, ---, 
[2025-05-18T21:30:42.233+0300][16912][19080][info][gc,stats    ]   CMR: CLDG Roots                    35 us, workers (us): ---,  35, ---, ---, 
[2025-05-18T21:30:42.233+0300][16912][19080][info][gc,stats    ] Concurrent Marking                 1392 us
[2025-05-18T21:30:42.233+0300][16912][19080][info][gc,stats    ] Pause Final Mark (G)                140 us
[2025-05-18T21:30:42.233+0300][16912][19080][info][gc,stats    ] Pause Final Mark (N)                121 us
[2025-05-18T21:30:42.233+0300][16912][19080][info][gc,stats    ]   Finish Mark                        26 us
[2025-05-18T21:30:42.233+0300][16912][19080][info][gc,stats    ]   Update Region States               11 us
[2025-05-18T21:30:42.233+0300][16912][19080][info][gc,stats    ]   Choose Collection Set              26 us
[2025-05-18T21:30:42.233+0300][16912][19080][info][gc,stats    ]   Rebuild Free Set                    8 us
[2025-05-18T21:30:42.233+0300][16912][19080][info][gc,stats    ] Concurrent Thread Roots             113 us, parallelism: 0.43x
[2025-05-18T21:30:42.233+0300][16912][19080][info][gc,stats    ]   CTR: <total>                       49 us
[2025-05-18T21:30:42.233+0300][16912][19080][info][gc,stats    ]   CTR: Thread Roots                  49 us, workers (us):  19,  30, ---, ---, 
[2025-05-18T21:30:42.233+0300][16912][19080][info][gc,stats    ] Concurrent Weak References           75 us, parallelism: 0.10x
[2025-05-18T21:30:42.233+0300][16912][19080][info][gc,stats    ]   CWRF: <total>                       7 us
[2025-05-18T21:30:42.233+0300][16912][19080][info][gc,stats    ]   CWRF: Weak References               7 us, workers (us):   4,   3, ---, ---, 
[2025-05-18T21:30:42.233+0300][16912][19080][info][gc,stats    ] Concurrent Weak Roots               338 us
[2025-05-18T21:30:42.233+0300][16912][19080][info][gc,stats    ]   Roots                             270 us, parallelism: 1.78x
[2025-05-18T21:30:42.233+0300][16912][19080][info][gc,stats    ]     CWR: <total>                    482 us
[2025-05-18T21:30:42.233+0300][16912][19080][info][gc,stats    ]     CWR: Code Cache Roots           387 us, workers (us): 185, 202, ---, ---, 
[2025-05-18T21:30:42.233+0300][16912][19080][info][gc,stats    ]     CWR: VM Weak Roots               94 us, workers (us):  49,  45, ---, ---, 
[2025-05-18T21:30:42.233+0300][16912][19080][info][gc,stats    ]     CWR: CLDG Roots                   1 us, workers (us): ---,   1, ---, ---, 
[2025-05-18T21:30:42.233+0300][16912][19080][info][gc,stats    ]   Rendezvous                         35 us
[2025-05-18T21:30:42.233+0300][16912][19080][info][gc,stats    ] Concurrent Cleanup                   27 us
[2025-05-18T21:30:42.233+0300][16912][19080][info][gc,stats    ] Concurrent Class Unloading          937 us
[2025-05-18T21:30:42.233+0300][16912][19080][info][gc,stats    ]   Unlink Stale                      746 us
[2025-05-18T21:30:42.233+0300][16912][19080][info][gc,stats    ]     System Dictionary                 2 us
[2025-05-18T21:30:42.233+0300][16912][19080][info][gc,stats    ]     Weak Class Links                  0 us
[2025-05-18T21:30:42.233+0300][16912][19080][info][gc,stats    ]     Code Roots                      744 us
[2025-05-18T21:30:42.233+0300][16912][19080][info][gc,stats    ]   Rendezvous                         42 us
[2025-05-18T21:30:42.233+0300][16912][19080][info][gc,stats    ]   Purge Unlinked                    106 us
[2025-05-18T21:30:42.233+0300][16912][19080][info][gc,stats    ]     Code Roots                      100 us
[2025-05-18T21:30:42.233+0300][16912][19080][info][gc,stats    ]     CLDG                              6 us
[2025-05-18T21:30:42.233+0300][16912][19080][info][gc,stats    ]     Exception Caches                  0 us
[2025-05-18T21:30:42.233+0300][16912][19080][info][gc,stats    ] Concurrent Strong Roots              57 us, parallelism: 0.23x
[2025-05-18T21:30:42.233+0300][16912][19080][info][gc,stats    ]   CSR: <total>                       13 us
[2025-05-18T21:30:42.233+0300][16912][19080][info][gc,stats    ]   CSR: VM Strong Roots                2 us, workers (us):   2,   1, ---, ---, 
[2025-05-18T21:30:42.233+0300][16912][19080][info][gc,stats    ]   CSR: CLDG Roots                    11 us, workers (us):  11, ---, ---, ---, 
[2025-05-18T21:30:42.233+0300][16912][19080][info][gc,stats    ] Concurrent Evacuation                84 us
[2025-05-18T21:30:42.233+0300][16912][19080][info][gc,stats    ] Pause Init Update Refs (G)           65 us
[2025-05-18T21:30:42.233+0300][16912][19080][info][gc,stats    ] Pause Init Update Refs (N)           43 us
[2025-05-18T21:30:42.233+0300][16912][19080][info][gc,stats    ]   Manage GCLABs                       1 us
[2025-05-18T21:30:42.233+0300][16912][19080][info][gc,stats    ] Concurrent Update Refs              950 us
[2025-05-18T21:30:42.233+0300][16912][19080][info][gc,stats    ] Concurrent Update Thread Roots       78 us
[2025-05-18T21:30:42.233+0300][16912][19080][info][gc,stats    ] Pause Final Update Refs (G)          75 us
[2025-05-18T21:30:42.233+0300][16912][19080][info][gc,stats    ] Pause Final Update Refs (N)          58 us
[2025-05-18T21:30:42.233+0300][16912][19080][info][gc,stats    ]   Update Region States               12 us
[2025-05-18T21:30:42.233+0300][16912][19080][info][gc,stats    ]   Trash Collection Set                1 us
[2025-05-18T21:30:42.233+0300][16912][19080][info][gc,stats    ]   Rebuild Free Set                    8 us
[2025-05-18T21:30:42.233+0300][16912][19080][info][gc,stats    ] Concurrent Cleanup                   27 us
[2025-05-18T21:30:42.234+0300][16912][19080][info][gc,stats    ] 
[2025-05-18T21:30:42.234+0300][16912][19080][info][gc,stats    ] Allocation pacing accrued:
[2025-05-18T21:30:42.234+0300][16912][19080][info][gc,stats    ]       0 of  6337 ms (  0.0%): <total>
[2025-05-18T21:30:42.234+0300][16912][19080][info][gc,stats    ]       0 of  6337 ms (  0.0%): <average total>
[2025-05-18T21:30:42.234+0300][16912][19080][info][gc,stats    ] 
[2025-05-18T21:30:42.234+0300][16912][19080][info][gc,metaspace] Metaspace: 5405K(5632K)->5405K(5632K) NonClass: 4823K(4928K)->4823K(4928K) Class: 582K(704K)->582K(704K)
[2025-05-18T21:30:42.234+0300][16912][19080][info][gc,ergo     ] Pacer for Idle. Initial: 83886K, Alloc Tax Rate: 1.0x
[2025-05-18T21:30:48.490+0300][16912][22036][info][gc          ] Cancelling GC: Stopping VM
[2025-05-18T21:30:48.492+0300][16912][22036][info][gc,heap,exit] Heap
[2025-05-18T21:30:48.492+0300][16912][22036][info][gc,heap,exit] Shenandoah Heap
[2025-05-18T21:30:48.492+0300][16912][22036][info][gc,heap,exit]  4096M max, 4096M soft max, 4096M committed, 89378K used
[2025-05-18T21:30:48.492+0300][16912][22036][info][gc,heap,exit]  2048 x 2048K regions
[2025-05-18T21:30:48.492+0300][16912][22036][info][gc,heap,exit] Status: cancelled
[2025-05-18T21:30:48.492+0300][16912][22036][info][gc,heap,exit] Reserved region:
[2025-05-18T21:30:48.492+0300][16912][22036][info][gc,heap,exit]  - [0x0000000700000000, 0x0000000800000000) 
[2025-05-18T21:30:48.492+0300][16912][22036][info][gc,heap,exit] Collection set:
[2025-05-18T21:30:48.492+0300][16912][22036][info][gc,heap,exit]  - map (vanilla): 0x0000000000013800
[2025-05-18T21:30:48.492+0300][16912][22036][info][gc,heap,exit]  - map (biased):  0x0000000000010000
[2025-05-18T21:30:48.492+0300][16912][22036][info][gc,heap,exit] 
[2025-05-18T21:30:48.492+0300][16912][22036][info][gc,heap,exit]  Metaspace       used 5494K, committed 5760K, reserved 1114112K
[2025-05-18T21:30:48.492+0300][16912][22036][info][gc,heap,exit]   class space    used 590K, committed 704K, reserved 1048576K
[2025-05-18T21:30:48.492+0300][16912][22036][info][gc,stats    ] 
[2025-05-18T21:30:48.492+0300][16912][22036][info][gc,stats    ] GC STATISTICS:
[2025-05-18T21:30:48.492+0300][16912][22036][info][gc,stats    ]   "(G)" (gross) pauses include VM time: time to notify and block threads, do the pre-
[2025-05-18T21:30:48.492+0300][16912][22036][info][gc,stats    ]         and post-safepoint housekeeping. Use -Xlog:safepoint+stats to dissect.
[2025-05-18T21:30:48.492+0300][16912][22036][info][gc,stats    ]   "(N)" (net) pauses are the times spent in the actual GC code.
[2025-05-18T21:30:48.492+0300][16912][22036][info][gc,stats    ]   "a" is average time for each phase, look at levels to see if average makes sense.
[2025-05-18T21:30:48.492+0300][16912][22036][info][gc,stats    ]   "lvls" are quantiles: 0% (minimum), 25%, 50% (median), 75%, 100% (maximum).
[2025-05-18T21:30:48.492+0300][16912][22036][info][gc,stats    ] 
[2025-05-18T21:30:48.492+0300][16912][22036][info][gc,stats    ]   All times are wall-clock times, except per-root-class counters, that are sum over
[2025-05-18T21:30:48.492+0300][16912][22036][info][gc,stats    ]   all workers. Dividing the <total> over the root stage time estimates parallelism.
[2025-05-18T21:30:48.492+0300][16912][22036][info][gc,stats    ] 
[2025-05-18T21:30:48.492+0300][16912][22036][info][gc,stats    ]   Pacing delays are measured from entering the pacing code till exiting it. Therefore,
[2025-05-18T21:30:48.492+0300][16912][22036][info][gc,stats    ]   observed pacing delays may be higher than the threshold when paced thread spent more
[2025-05-18T21:30:48.492+0300][16912][22036][info][gc,stats    ]   time in the pacing code. It usually happens when thread is de-scheduled while paced,
[2025-05-18T21:30:48.492+0300][16912][22036][info][gc,stats    ]   OS takes longer to unblock the thread, or JVM experiences an STW pause.
[2025-05-18T21:30:48.492+0300][16912][22036][info][gc,stats    ] 
[2025-05-18T21:30:48.492+0300][16912][22036][info][gc,stats    ]   Higher delay would prevent application outpacing the GC, but it will hide the GC latencies
[2025-05-18T21:30:48.492+0300][16912][22036][info][gc,stats    ]   from the STW pause times. Pacing affects the individual threads, and so it would also be
[2025-05-18T21:30:48.492+0300][16912][22036][info][gc,stats    ]   invisible to the usual profiling tools, but would add up to end-to-end application latency.
[2025-05-18T21:30:48.492+0300][16912][22036][info][gc,stats    ]   Raise max pacing delay with care.
[2025-05-18T21:30:48.492+0300][16912][22036][info][gc,stats    ] 
[2025-05-18T21:30:48.492+0300][16912][22036][info][gc,stats    ] Concurrent Reset               =    0.001 s (a =      230 us) (n =     3) (lvls, us =      209,      209,      209,      223,      255)
[2025-05-18T21:30:48.492+0300][16912][22036][info][gc,stats    ] Pause Init Mark (G)            =    0.001 s (a =      183 us) (n =     3) (lvls, us =      107,      107,      107,      115,      325)
[2025-05-18T21:30:48.492+0300][16912][22036][info][gc,stats    ] Pause Init Mark (N)            =    0.000 s (a =      118 us) (n =     3) (lvls, us =       71,       71,       71,       74,      209)
[2025-05-18T21:30:48.492+0300][16912][22036][info][gc,stats    ]   Update Region States         =    0.000 s (a =        7 us) (n =     3) (lvls, us =        5,        5,        5,        7,        9)
[2025-05-18T21:30:48.492+0300][16912][22036][info][gc,stats    ] Concurrent Mark Roots          =    0.001 s (a =      292 us) (n =     3) (lvls, us =      105,      105,      105,      133,      634)
[2025-05-18T21:30:48.492+0300][16912][22036][info][gc,stats    ]   CMR: <total>                 =    0.001 s (a =      307 us) (n =     3) (lvls, us =       85,       85,       85,       99,      736)
[2025-05-18T21:30:48.492+0300][16912][22036][info][gc,stats    ]   CMR: Thread Roots            =    0.001 s (a =      233 us) (n =     3) (lvls, us =       46,       46,       46,       52,      600)
[2025-05-18T21:30:48.492+0300][16912][22036][info][gc,stats    ]   CMR: VM Strong Roots         =    0.000 s (a =       19 us) (n =     3) (lvls, us =        3,        3,        3,       14,       39)
[2025-05-18T21:30:48.492+0300][16912][22036][info][gc,stats    ]   CMR: CLDG Roots              =    0.000 s (a =       55 us) (n =     3) (lvls, us =       34,       34,       34,       35,       97)
[2025-05-18T21:30:48.492+0300][16912][22036][info][gc,stats    ] Concurrent Marking             =    0.005 s (a =     1515 us) (n =     3) (lvls, us =     1367,     1367,     1367,     1387,     1785)
[2025-05-18T21:30:48.492+0300][16912][22036][info][gc,stats    ] Pause Final Mark (G)           =    0.001 s (a =      290 us) (n =     3) (lvls, us =      139,      139,      139,      189,      540)
[2025-05-18T21:30:48.492+0300][16912][22036][info][gc,stats    ] Pause Final Mark (N)           =    0.001 s (a =      226 us) (n =     3) (lvls, us =      121,      121,      121,      168,      389)
[2025-05-18T21:30:48.492+0300][16912][22036][info][gc,stats    ]   Finish Mark                  =    0.000 s (a =      116 us) (n =     3) (lvls, us =       26,       26,       26,       71,      252)
[2025-05-18T21:30:48.492+0300][16912][22036][info][gc,stats    ]   Update Region States         =    0.000 s (a =       10 us) (n =     3) (lvls, us =        7,        7,        7,       11,       12)
[2025-05-18T21:30:48.492+0300][16912][22036][info][gc,stats    ]   Choose Collection Set        =    0.000 s (a =       33 us) (n =     3) (lvls, us =       26,       26,       26,       31,       43)
[2025-05-18T21:30:48.492+0300][16912][22036][info][gc,stats    ]   Rebuild Free Set             =    0.000 s (a =        9 us) (n =     3) (lvls, us =        8,        8,        8,        9,       10)
[2025-05-18T21:30:48.492+0300][16912][22036][info][gc,stats    ] Concurrent Thread Roots        =    0.000 s (a =      157 us) (n =     3) (lvls, us =      111,      111,      111,      117,      239)
[2025-05-18T21:30:48.492+0300][16912][22036][info][gc,stats    ]   CTR: <total>                 =    0.000 s (a =       46 us) (n =     3) (lvls, us =       42,       42,       42,       46,       49)
[2025-05-18T21:30:48.492+0300][16912][22036][info][gc,stats    ]   CTR: Thread Roots            =    0.000 s (a =       46 us) (n =     3) (lvls, us =       42,       42,       42,       46,       49)
[2025-05-18T21:30:48.492+0300][16912][22036][info][gc,stats    ] Concurrent Weak References     =    0.000 s (a =      125 us) (n =     3) (lvls, us =       75,       75,       75,       90,      209)
[2025-05-18T21:30:48.492+0300][16912][22036][info][gc,stats    ]   CWRF: <total>                =    0.000 s (a =       23 us) (n =     3) (lvls, us =        7,        7,        7,       14,       48)
[2025-05-18T21:30:48.492+0300][16912][22036][info][gc,stats    ]   CWRF: Weak References        =    0.000 s (a =       23 us) (n =     3) (lvls, us =        7,        7,        7,       14,       48)
[2025-05-18T21:30:48.492+0300][16912][22036][info][gc,stats    ] Concurrent Weak Roots          =    0.001 s (a =      402 us) (n =     3) (lvls, us =      338,      338,      338,      418,      449)
[2025-05-18T21:30:48.492+0300][16912][22036][info][gc,stats    ]   Roots                        =    0.001 s (a =      295 us) (n =     3) (lvls, us =      266,      266,      266,      270,      348)
[2025-05-18T21:30:48.492+0300][16912][22036][info][gc,stats    ]     CWR: <total>               =    0.002 s (a =      502 us) (n =     3) (lvls, us =      385,      385,      385,      480,      638)
[2025-05-18T21:30:48.492+0300][16912][22036][info][gc,stats    ]     CWR: Code Cache Roots      =    0.001 s (a =      328 us) (n =     3) (lvls, us =      160,      160,      160,      387,      435)
[2025-05-18T21:30:48.492+0300][16912][22036][info][gc,stats    ]     CWR: VM Weak Roots         =    0.001 s (a =      173 us) (n =     3) (lvls, us =       94,       94,       94,      201,      223)
[2025-05-18T21:30:48.492+0300][16912][22036][info][gc,stats    ]     CWR: CLDG Roots            =    0.000 s (a =        1 us) (n =     3) (lvls, us =        1,        1,        1,        1,        1)
[2025-05-18T21:30:48.492+0300][16912][22036][info][gc,stats    ]   Rendezvous                   =    0.000 s (a =       61 us) (n =     3) (lvls, us =       32,       32,       32,       35,      118)
[2025-05-18T21:30:48.492+0300][16912][22036][info][gc,stats    ] Concurrent Cleanup             =    0.000 s (a =       29 us) (n =     3) (lvls, us =       27,       27,       27,       29,       30)
[2025-05-18T21:30:48.492+0300][16912][22036][info][gc,stats    ] Concurrent Class Unloading     =    0.005 s (a =     1740 us) (n =     3) (lvls, us =      936,      936,      936,     1641,     2625)
[2025-05-18T21:30:48.492+0300][16912][22036][info][gc,stats    ]   Unlink Stale                 =    0.004 s (a =     1289 us) (n =     3) (lvls, us =      746,      746,      746,     1289,     1827)
[2025-05-18T21:30:48.492+0300][16912][22036][info][gc,stats    ]     System Dictionary          =    0.000 s (a =       32 us) (n =     3) (lvls, us =        2,        2,        2,       43,       50)
[2025-05-18T21:30:48.492+0300][16912][22036][info][gc,stats    ]     Weak Class Links           =    0.001 s (a =      478 us) (n =     3) (lvls, us =        0,        0,        0,      578,      854)
[2025-05-18T21:30:48.492+0300][16912][22036][info][gc,stats    ]     Code Roots                 =    0.002 s (a =      779 us) (n =     3) (lvls, us =      662,      662,      662,      742,      928)
[2025-05-18T21:30:48.492+0300][16912][22036][info][gc,stats    ]   Rendezvous                   =    0.000 s (a =       87 us) (n =     3) (lvls, us =       33,       33,       33,       42,      186)
[2025-05-18T21:30:48.492+0300][16912][22036][info][gc,stats    ]   Purge Unlinked               =    0.001 s (a =      304 us) (n =     3) (lvls, us =       95,       95,       95,      105,      712)
[2025-05-18T21:30:48.492+0300][16912][22036][info][gc,stats    ]     Code Roots                 =    0.001 s (a =      284 us) (n =     3) (lvls, us =       75,       75,       75,      100,      676)
[2025-05-18T21:30:48.492+0300][16912][22036][info][gc,stats    ]     CLDG                       =    0.000 s (a =       20 us) (n =     3) (lvls, us =        6,        6,        6,       19,       35)
[2025-05-18T21:30:48.492+0300][16912][22036][info][gc,stats    ]     Exception Caches           =    0.000 s (a =        0 us) (n =     3) (lvls, us =        0,        0,        0,        0,        0)
[2025-05-18T21:30:48.492+0300][16912][22036][info][gc,stats    ] Concurrent Strong Roots        =    0.000 s (a =      165 us) (n =     3) (lvls, us =       56,       56,       56,      135,      303)
[2025-05-18T21:30:48.492+0300][16912][22036][info][gc,stats    ]   CSR: <total>                 =    0.000 s (a =       86 us) (n =     3) (lvls, us =       13,       13,       13,       85,      160)
[2025-05-18T21:30:48.492+0300][16912][22036][info][gc,stats    ]   CSR: VM Strong Roots         =    0.000 s (a =        5 us) (n =     3) (lvls, us =        2,        2,        2,        2,       11)
[2025-05-18T21:30:48.493+0300][16912][22036][info][gc,stats    ]   CSR: CLDG Roots              =    0.000 s (a =       81 us) (n =     3) (lvls, us =       11,       11,       11,       82,      149)
[2025-05-18T21:30:48.493+0300][16912][22036][info][gc,stats    ] Concurrent Evacuation          =    0.002 s (a =      623 us) (n =     3) (lvls, us =       84,       84,       84,      682,     1104)
[2025-05-18T21:30:48.493+0300][16912][22036][info][gc,stats    ] Pause Init Update Refs (G)     =    0.000 s (a =      130 us) (n =     3) (lvls, us =       64,       64,       64,       98,      229)
[2025-05-18T21:30:48.493+0300][16912][22036][info][gc,stats    ] Pause Init Update Refs (N)     =    0.000 s (a =       62 us) (n =     3) (lvls, us =       43,       43,       43,       43,      101)
[2025-05-18T21:30:48.493+0300][16912][22036][info][gc,stats    ]   Manage GCLABs                =    0.000 s (a =        1 us) (n =     3) (lvls, us =        1,        1,        1,        1,        2)
[2025-05-18T21:30:48.493+0300][16912][22036][info][gc,stats    ] Concurrent Update Refs         =    0.003 s (a =     1058 us) (n =     3) (lvls, us =      949,      949,      949,      965,     1259)
[2025-05-18T21:30:48.493+0300][16912][22036][info][gc,stats    ] Concurrent Update Thread Roots =    0.000 s (a =      131 us) (n =     3) (lvls, us =       78,       78,       78,       97,      218)
[2025-05-18T21:30:48.493+0300][16912][22036][info][gc,stats    ] Pause Final Update Refs (G)    =    0.000 s (a =      113 us) (n =     3) (lvls, us =       72,       72,       72,       75,      190)
[2025-05-18T21:30:48.493+0300][16912][22036][info][gc,stats    ] Pause Final Update Refs (N)    =    0.000 s (a =       58 us) (n =     3) (lvls, us =       56,       56,       56,       58,       61)
[2025-05-18T21:30:48.493+0300][16912][22036][info][gc,stats    ]   Update Region States         =    0.000 s (a =       11 us) (n =     3) (lvls, us =       10,       10,       10,       10,       12)
[2025-05-18T21:30:48.493+0300][16912][22036][info][gc,stats    ]   Trash Collection Set         =    0.000 s (a =        1 us) (n =     3) (lvls, us =        1,        1,        1,        1,        2)
[2025-05-18T21:30:48.493+0300][16912][22036][info][gc,stats    ]   Rebuild Free Set             =    0.000 s (a =        8 us) (n =     3) (lvls, us =        7,        7,        7,        8,        8)
[2025-05-18T21:30:48.493+0300][16912][22036][info][gc,stats    ] Concurrent Cleanup             =    0.000 s (a =       33 us) (n =     3) (lvls, us =       26,       26,       26,       27,       46)
[2025-05-18T21:30:48.493+0300][16912][22036][info][gc,stats    ] 
[2025-05-18T21:30:48.493+0300][16912][22036][info][gc,stats    ] 
[2025-05-18T21:30:48.493+0300][16912][22036][info][gc,stats    ] Under allocation pressure, concurrent cycles may cancel, and either continue cycle
[2025-05-18T21:30:48.493+0300][16912][22036][info][gc,stats    ] under stop-the-world pause or result in stop-the-world Full GC. Increase heap size,
[2025-05-18T21:30:48.493+0300][16912][22036][info][gc,stats    ] tune GC heuristics, set more aggressive pacing delay, or lower allocation rate
[2025-05-18T21:30:48.493+0300][16912][22036][info][gc,stats    ] to avoid Degenerated and Full GC cycles.
[2025-05-18T21:30:48.493+0300][16912][22036][info][gc,stats    ] 
[2025-05-18T21:30:48.493+0300][16912][22036][info][gc,stats    ]     3 successful concurrent GCs
[2025-05-18T21:30:48.493+0300][16912][22036][info][gc,stats    ]       3 invoked explicitly
[2025-05-18T21:30:48.493+0300][16912][22036][info][gc,stats    ]       0 invoked implicitly
[2025-05-18T21:30:48.493+0300][16912][22036][info][gc,stats    ] 
[2025-05-18T21:30:48.493+0300][16912][22036][info][gc,stats    ]     0 Degenerated GCs
[2025-05-18T21:30:48.493+0300][16912][22036][info][gc,stats    ]       0 caused by allocation failure
[2025-05-18T21:30:48.493+0300][16912][22036][info][gc,stats    ]       0 upgraded to Full GC
[2025-05-18T21:30:48.493+0300][16912][22036][info][gc,stats    ] 
[2025-05-18T21:30:48.493+0300][16912][22036][info][gc,stats    ]     0 Full GCs
[2025-05-18T21:30:48.493+0300][16912][22036][info][gc,stats    ]       0 invoked explicitly
[2025-05-18T21:30:48.493+0300][16912][22036][info][gc,stats    ]       0 invoked implicitly
[2025-05-18T21:30:48.493+0300][16912][22036][info][gc,stats    ]       0 caused by allocation failure
[2025-05-18T21:30:48.493+0300][16912][22036][info][gc,stats    ]       0 upgraded from Degenerated GC
[2025-05-18T21:30:48.493+0300][16912][22036][info][gc,stats    ] 
[2025-05-18T21:30:48.493+0300][16912][22036][info][gc,stats    ] 
