[2025-05-18T21:41:42.393+0300][7204][25484][info][gc] Min heap equals to max heap, disabling ShenandoahUncommit
[2025-05-18T21:41:42.397+0300][7204][25484][info][gc] Heuristics ergonomically sets -XX:+ExplicitGCInvokesConcurrent
[2025-05-18T21:41:42.397+0300][7204][25484][info][gc] Heuristics ergonomically sets -XX:+ShenandoahImplicitGCInvokesConcurrent
[2025-05-18T21:41:42.397+0300][7204][25484][info][gc] Using Shenandoah
[2025-05-18T21:41:42.429+0300][7204][25484][info][gc,ergo] Pacer for Idle. Initial: 245M, Alloc Tax Rate: 1.0x
[2025-05-18T21:41:42.429+0300][7204][25484][info][gc,init] Version: 21.0.7+6-LTS (release)
[2025-05-18T21:41:42.436+0300][7204][25484][info][gc,init] CPUs: 8 total, 8 available
[2025-05-18T21:41:42.436+0300][7204][25484][info][gc,init] Memory: 16183M
[2025-05-18T21:41:42.436+0300][7204][25484][info][gc,init] Large Page Support: Disabled
[2025-05-18T21:41:42.436+0300][7204][25484][info][gc,init] NUMA Support: Disabled
[2025-05-18T21:41:42.436+0300][7204][25484][info][gc,init] Compressed Oops: Enabled (Zero based)
[2025-05-18T21:41:42.436+0300][7204][25484][info][gc,init] Heap Min Capacity: 12G
[2025-05-18T21:41:42.436+0300][7204][25484][info][gc,init] Heap Initial Capacity: 12G
[2025-05-18T21:41:42.436+0300][7204][25484][info][gc,init] Heap Max Capacity: 12G
[2025-05-18T21:41:42.436+0300][7204][25484][info][gc,init] Pre-touch: Disabled
[2025-05-18T21:41:42.436+0300][7204][25484][info][gc,init] Mode: Snapshot-At-The-Beginning (SATB)
[2025-05-18T21:41:42.436+0300][7204][25484][info][gc,init] Heuristics: Adaptive
[2025-05-18T21:41:42.436+0300][7204][25484][info][gc,init] Heap Region Count: 3072
[2025-05-18T21:41:42.436+0300][7204][25484][info][gc,init] Heap Region Size: 4M
[2025-05-18T21:41:42.436+0300][7204][25484][info][gc,init] TLAB Size Max: 4M
[2025-05-18T21:41:42.436+0300][7204][25484][info][gc,init] Humongous Object Threshold: 4M
[2025-05-18T21:41:42.436+0300][7204][25484][info][gc,init] Parallel Workers: 4
[2025-05-18T21:41:42.436+0300][7204][25484][info][gc,init] Concurrent Workers: 2
[2025-05-18T21:41:42.446+0300][7204][25484][info][gc,metaspace] CDS archive(s) mapped at: [0x0000019971000000-0x0000019971c80000-0x0000019971c80000), size 13107200, SharedBaseAddress: 0x0000019971000000, ArchiveRelocationMode: 1.
[2025-05-18T21:41:42.446+0300][7204][25484][info][gc,metaspace] Compressed class space mapped at: 0x0000019972000000-0x00000199b2000000, reserved size: 1073741824
[2025-05-18T21:41:42.446+0300][7204][25484][info][gc,metaspace] Narrow klass base: 0x0000019971000000, Narrow klass shift: 0, Narrow klass range: 0x100000000
[2025-05-18T21:41:47.861+0300][7204][5748 ][info][gc          ] Trigger: Explicit GC request (System.gc())
[2025-05-18T21:41:47.861+0300][7204][5748 ][info][gc,ergo     ] Free: 11432M, Max: 4096K regular, 11432M humongous, Frag: 0% external, 0% internal; Reserve: 616M, Max: 4096K
[2025-05-18T21:41:47.861+0300][7204][5748 ][info][gc,start    ] GC(0) Concurrent reset
[2025-05-18T21:41:47.861+0300][7204][5748 ][info][gc,task     ] GC(0) Using 2 of 4 workers for concurrent reset
[2025-05-18T21:41:47.861+0300][7204][5748 ][info][gc,ergo     ] GC(0) Pacer for Reset. Non-Taxable: 12288M
[2025-05-18T21:41:47.861+0300][7204][5748 ][info][gc          ] GC(0) Concurrent reset 0.301ms
[2025-05-18T21:41:47.861+0300][7204][25456][info][gc,start    ] GC(0) Pause Init Mark (unload classes)
[2025-05-18T21:41:47.861+0300][7204][25456][info][gc,task     ] GC(0) Using 4 of 4 workers for init marking
[2025-05-18T21:41:47.861+0300][7204][25456][info][gc,ref      ] GC(0) Clearing All SoftReferences
[2025-05-18T21:41:47.861+0300][7204][25456][info][gc,ergo     ] GC(0) Pacer for Mark. Expected Live: 1228M, Free: 11432M, Non-Taxable: 1143M, Alloc Tax Rate: 0.1x
[2025-05-18T21:41:47.861+0300][7204][25456][info][gc          ] GC(0) Pause Init Mark (unload classes) 0.171ms
[2025-05-18T21:41:47.861+0300][7204][5748 ][info][gc,start    ] GC(0) Concurrent marking roots
[2025-05-18T21:41:47.861+0300][7204][5748 ][info][gc,task     ] GC(0) Using 2 of 4 workers for concurrent marking roots
[2025-05-18T21:41:47.862+0300][7204][5748 ][info][gc          ] GC(0) Concurrent marking roots 0.974ms
[2025-05-18T21:41:47.862+0300][7204][5748 ][info][gc,start    ] GC(0) Concurrent marking (unload classes)
[2025-05-18T21:41:47.862+0300][7204][5748 ][info][gc,task     ] GC(0) Using 2 of 4 workers for concurrent marking
[2025-05-18T21:41:47.871+0300][7204][5748 ][info][gc          ] GC(0) Concurrent marking (unload classes) 8.941ms
[2025-05-18T21:41:47.871+0300][7204][25456][info][gc,start    ] GC(0) Pause Final Mark (unload classes)
[2025-05-18T21:41:47.871+0300][7204][25456][info][gc,task     ] GC(0) Using 4 of 4 workers for final marking
[2025-05-18T21:41:47.872+0300][7204][25456][info][gc,ergo     ] GC(0) Adaptive CSet Selection. Target Free: 1740M, Actual Free: 12048M, Max CSet: 512M, Min Garbage: 0B
[2025-05-18T21:41:47.872+0300][7204][25456][info][gc,ergo     ] GC(0) Collectable Garbage: 231M (100%), Immediate: 0B (0%), CSet: 231M (100%)
[2025-05-18T21:41:47.872+0300][7204][25456][info][gc,ergo     ] GC(0) Pacer for Evacuation. Used CSet: 240M, Free: 11432M, Non-Taxable: 1143M, Alloc Tax Rate: 1.1x
[2025-05-18T21:41:47.872+0300][7204][25456][info][gc          ] GC(0) Pause Final Mark (unload classes) 0.228ms
[2025-05-18T21:41:47.872+0300][7204][5748 ][info][gc,start    ] GC(0) Concurrent thread roots
[2025-05-18T21:41:47.872+0300][7204][5748 ][info][gc,task     ] GC(0) Using 2 of 4 workers for Concurrent thread roots
[2025-05-18T21:41:47.872+0300][7204][5748 ][info][gc          ] GC(0) Concurrent thread roots 0.167ms
[2025-05-18T21:41:47.872+0300][7204][5748 ][info][gc,start    ] GC(0) Concurrent weak references
[2025-05-18T21:41:47.872+0300][7204][5748 ][info][gc,task     ] GC(0) Using 2 of 4 workers for concurrent weak references
[2025-05-18T21:41:47.873+0300][7204][5748 ][info][gc,ref      ] GC(0) Encountered references: Soft: 3755, Weak: 2618, Final: 3, Phantom: 913
[2025-05-18T21:41:47.873+0300][7204][5748 ][info][gc,ref      ] GC(0) Discovered  references: Soft: 3648, Weak: 1450, Final: 3, Phantom: 774
[2025-05-18T21:41:47.873+0300][7204][5748 ][info][gc,ref      ] GC(0) Enqueued    references: Soft: 1446, Weak: 814, Final: 0, Phantom: 673
[2025-05-18T21:41:47.873+0300][7204][5748 ][info][gc          ] GC(0) Concurrent weak references 0.714ms
[2025-05-18T21:41:47.873+0300][7204][5748 ][info][gc,start    ] GC(0) Concurrent weak roots
[2025-05-18T21:41:47.873+0300][7204][5748 ][info][gc,task     ] GC(0) Using 2 of 4 workers for concurrent weak root
[2025-05-18T21:41:47.875+0300][7204][5748 ][info][gc          ] GC(0) Concurrent weak roots 2.257ms
[2025-05-18T21:41:47.875+0300][7204][5748 ][info][gc,start    ] GC(0) Concurrent cleanup
[2025-05-18T21:41:47.875+0300][7204][5748 ][info][gc          ] GC(0) Concurrent cleanup 245M->245M(12288M) 0.054ms
[2025-05-18T21:41:47.875+0300][7204][5748 ][info][gc,ergo     ] GC(0) Free: 11428M, Max: 4096K regular, 11428M humongous, Frag: 0% external, 0% internal; Reserve: 614M, Max: 4096K
[2025-05-18T21:41:47.875+0300][7204][5748 ][info][gc,start    ] GC(0) Concurrent class unloading
[2025-05-18T21:41:47.875+0300][7204][5748 ][info][gc,task     ] GC(0) Using 2 of 4 workers for concurrent class unloading
[2025-05-18T21:41:47.883+0300][7204][5748 ][info][gc          ] GC(0) Concurrent class unloading 7.865ms
[2025-05-18T21:41:47.883+0300][7204][5748 ][info][gc,start    ] GC(0) Concurrent strong roots
[2025-05-18T21:41:47.883+0300][7204][5748 ][info][gc,task     ] GC(0) Using 2 of 4 workers for concurrent strong root
[2025-05-18T21:41:47.884+0300][7204][5748 ][info][gc          ] GC(0) Concurrent strong roots 0.716ms
[2025-05-18T21:41:47.884+0300][7204][5748 ][info][gc,start    ] GC(0) Concurrent evacuation
[2025-05-18T21:41:47.884+0300][7204][5748 ][info][gc,task     ] GC(0) Using 2 of 4 workers for concurrent evacuation
[2025-05-18T21:41:47.890+0300][7204][5748 ][info][gc          ] GC(0) Concurrent evacuation 6.204ms
[2025-05-18T21:41:47.890+0300][7204][25456][info][gc,start    ] GC(0) Pause Init Update Refs
[2025-05-18T21:41:47.890+0300][7204][25456][info][gc,ergo     ] GC(0) Pacer for Update Refs. Used: 260M, Free: 11428M, Non-Taxable: 1142M, Alloc Tax Rate: 1.1x
[2025-05-18T21:41:47.890+0300][7204][25456][info][gc          ] GC(0) Pause Init Update Refs 0.126ms
[2025-05-18T21:41:47.890+0300][7204][5748 ][info][gc,start    ] GC(0) Concurrent update references
[2025-05-18T21:41:47.890+0300][7204][5748 ][info][gc,task     ] GC(0) Using 2 of 4 workers for concurrent reference update
[2025-05-18T21:41:47.896+0300][7204][5748 ][info][gc          ] GC(0) Concurrent update references 6.075ms
[2025-05-18T21:41:47.896+0300][7204][5748 ][info][gc,start    ] GC(0) Concurrent update thread roots
[2025-05-18T21:41:47.897+0300][7204][5748 ][info][gc          ] GC(0) Concurrent update thread roots 0.170ms
[2025-05-18T21:41:47.897+0300][7204][25456][info][gc,start    ] GC(0) Pause Final Update Refs
[2025-05-18T21:41:47.897+0300][7204][25456][info][gc,task     ] GC(0) Using 4 of 4 workers for final reference update
[2025-05-18T21:41:47.897+0300][7204][25456][info][gc          ] GC(0) Pause Final Update Refs 0.107ms
[2025-05-18T21:41:47.897+0300][7204][5748 ][info][gc,start    ] GC(0) Concurrent cleanup
[2025-05-18T21:41:47.897+0300][7204][5748 ][info][gc          ] GC(0) Concurrent cleanup 260M->20M(12288M) 0.040ms
[2025-05-18T21:41:47.897+0300][7204][5748 ][info][gc,ergo     ] Free: 11652M, Max: 4096K regular, 11412M humongous, Frag: 3% external, 0% internal; Reserve: 616M, Max: 4096K
[2025-05-18T21:41:47.897+0300][7204][5748 ][info][gc,stats    ] 
[2025-05-18T21:41:47.897+0300][7204][5748 ][info][gc,stats    ] All times are wall-clock times, except per-root-class counters, that are sum over
[2025-05-18T21:41:47.897+0300][7204][5748 ][info][gc,stats    ] all workers. Dividing the <total> over the root stage time estimates parallelism.
[2025-05-18T21:41:47.897+0300][7204][5748 ][info][gc,stats    ] 
[2025-05-18T21:41:47.897+0300][7204][5748 ][info][gc,stats    ] Concurrent Reset                    353 us
[2025-05-18T21:41:47.897+0300][7204][5748 ][info][gc,stats    ] Pause Init Mark (G)                 264 us
[2025-05-18T21:41:47.897+0300][7204][5748 ][info][gc,stats    ] Pause Init Mark (N)                 184 us
[2025-05-18T21:41:47.897+0300][7204][5748 ][info][gc,stats    ]   Update Region States               19 us
[2025-05-18T21:41:47.897+0300][7204][5748 ][info][gc,stats    ] Concurrent Mark Roots              1025 us, parallelism: 1.56x
[2025-05-18T21:41:47.897+0300][7204][5748 ][info][gc,stats    ]   CMR: <total>                     1602 us
[2025-05-18T21:41:47.897+0300][7204][5748 ][info][gc,stats    ]   CMR: Thread Roots                1127 us, workers (us): 683, 443, ---, ---, 
[2025-05-18T21:41:47.897+0300][7204][5748 ][info][gc,stats    ]   CMR: VM Strong Roots              148 us, workers (us): 103,  44, ---, ---, 
[2025-05-18T21:41:47.897+0300][7204][5748 ][info][gc,stats    ]   CMR: CLDG Roots                   327 us, workers (us): ---, 327, ---, ---, 
[2025-05-18T21:41:47.897+0300][7204][5748 ][info][gc,stats    ] Concurrent Marking                 9002 us
[2025-05-18T21:41:47.897+0300][7204][5748 ][info][gc,stats    ] Pause Final Mark (G)                280 us
[2025-05-18T21:41:47.897+0300][7204][5748 ][info][gc,stats    ] Pause Final Mark (N)                240 us
[2025-05-18T21:41:47.897+0300][7204][5748 ][info][gc,stats    ]   Finish Mark                        52 us
[2025-05-18T21:41:47.897+0300][7204][5748 ][info][gc,stats    ]   Update Region States               22 us
[2025-05-18T21:41:47.897+0300][7204][5748 ][info][gc,stats    ]   Choose Collection Set              57 us
[2025-05-18T21:41:47.897+0300][7204][5748 ][info][gc,stats    ]   Rebuild Free Set                   17 us
[2025-05-18T21:41:47.897+0300][7204][5748 ][info][gc,stats    ] Concurrent Thread Roots             189 us, parallelism: 0.93x
[2025-05-18T21:41:47.897+0300][7204][5748 ][info][gc,stats    ]   CTR: <total>                      176 us
[2025-05-18T21:41:47.897+0300][7204][5748 ][info][gc,stats    ]   CTR: Thread Roots                 176 us, workers (us):  91,  85, ---, ---, 
[2025-05-18T21:41:47.897+0300][7204][5748 ][info][gc,stats    ] Concurrent Weak References          727 us, parallelism: 1.08x
[2025-05-18T21:41:47.897+0300][7204][5748 ][info][gc,stats    ]   CWRF: <total>                     788 us
[2025-05-18T21:41:47.897+0300][7204][5748 ][info][gc,stats    ]   CWRF: Weak References             788 us, workers (us): 231, 558, ---, ---, 
[2025-05-18T21:41:47.897+0300][7204][5748 ][info][gc,stats    ] Concurrent Weak Roots              2331 us
[2025-05-18T21:41:47.897+0300][7204][5748 ][info][gc,stats    ]   Roots                            2126 us, parallelism: 1.91x
[2025-05-18T21:41:47.897+0300][7204][5748 ][info][gc,stats    ]     CWR: <total>                   4051 us
[2025-05-18T21:41:47.897+0300][7204][5748 ][info][gc,stats    ]     CWR: Code Cache Roots          1593 us, workers (us): 796, 797, ---, ---, 
[2025-05-18T21:41:47.897+0300][7204][5748 ][info][gc,stats    ]     CWR: VM Weak Roots             2436 us, workers (us): 1213, 1223, ---, ---, 
[2025-05-18T21:41:47.897+0300][7204][5748 ][info][gc,stats    ]     CWR: CLDG Roots                  22 us, workers (us):  22, ---, ---, ---, 
[2025-05-18T21:41:47.897+0300][7204][5748 ][info][gc,stats    ]   Rendezvous                        104 us
[2025-05-18T21:41:47.898+0300][7204][5748 ][info][gc,stats    ] Concurrent Cleanup                   77 us
[2025-05-18T21:41:47.898+0300][7204][5748 ][info][gc,stats    ] Concurrent Class Unloading         7921 us
[2025-05-18T21:41:47.898+0300][7204][5748 ][info][gc,stats    ]   Unlink Stale                     6299 us
[2025-05-18T21:41:47.898+0300][7204][5748 ][info][gc,stats    ]     System Dictionary               263 us
[2025-05-18T21:41:47.898+0300][7204][5748 ][info][gc,stats    ]     Weak Class Links               3571 us
[2025-05-18T21:41:47.898+0300][7204][5748 ][info][gc,stats    ]     Code Roots                     2463 us
[2025-05-18T21:41:47.898+0300][7204][5748 ][info][gc,stats    ]   Rendezvous                         75 us
[2025-05-18T21:41:47.898+0300][7204][5748 ][info][gc,stats    ]   Purge Unlinked                   1443 us
[2025-05-18T21:41:47.898+0300][7204][5748 ][info][gc,stats    ]     Code Roots                     1290 us
[2025-05-18T21:41:47.898+0300][7204][5748 ][info][gc,stats    ]     CLDG                            152 us
[2025-05-18T21:41:47.898+0300][7204][5748 ][info][gc,stats    ] Concurrent Strong Roots             761 us, parallelism: 0.85x
[2025-05-18T21:41:47.898+0300][7204][5748 ][info][gc,stats    ]   CSR: <total>                      643 us
[2025-05-18T21:41:47.898+0300][7204][5748 ][info][gc,stats    ]   CSR: VM Strong Roots               38 us, workers (us):  19,  19, ---, ---, 
[2025-05-18T21:41:47.898+0300][7204][5748 ][info][gc,stats    ]   CSR: CLDG Roots                   606 us, workers (us): ---, 606, ---, ---, 
[2025-05-18T21:41:47.898+0300][7204][5748 ][info][gc,stats    ] Concurrent Evacuation              6268 us
[2025-05-18T21:41:47.898+0300][7204][5748 ][info][gc,stats    ] Pause Init Update Refs (G)          196 us
[2025-05-18T21:41:47.898+0300][7204][5748 ][info][gc,stats    ] Pause Init Update Refs (N)          145 us
[2025-05-18T21:41:47.898+0300][7204][5748 ][info][gc,stats    ]   Manage GCLABs                       4 us
[2025-05-18T21:41:47.898+0300][7204][5748 ][info][gc,stats    ] Concurrent Update Refs             6136 us
[2025-05-18T21:41:47.898+0300][7204][5748 ][info][gc,stats    ] Concurrent Update Thread Roots      193 us
[2025-05-18T21:41:47.898+0300][7204][5748 ][info][gc,stats    ] Pause Final Update Refs (G)         156 us
[2025-05-18T21:41:47.898+0300][7204][5748 ][info][gc,stats    ] Pause Final Update Refs (N)         122 us
[2025-05-18T21:41:47.898+0300][7204][5748 ][info][gc,stats    ]   Update Region States               23 us
[2025-05-18T21:41:47.898+0300][7204][5748 ][info][gc,stats    ]   Trash Collection Set                3 us
[2025-05-18T21:41:47.898+0300][7204][5748 ][info][gc,stats    ]   Rebuild Free Set                   17 us
[2025-05-18T21:41:47.898+0300][7204][5748 ][info][gc,stats    ] Concurrent Cleanup                   53 us
[2025-05-18T21:41:47.898+0300][7204][5748 ][info][gc,stats    ] 
[2025-05-18T21:41:47.898+0300][7204][5748 ][info][gc,stats    ] Allocation pacing accrued:
[2025-05-18T21:41:47.898+0300][7204][5748 ][info][gc,stats    ]       0 of  5469 ms (  0.0%): <total>
[2025-05-18T21:41:47.898+0300][7204][5748 ][info][gc,stats    ]       0 of  5469 ms (  0.0%): <average total>
[2025-05-18T21:41:47.898+0300][7204][5748 ][info][gc,stats    ] 
[2025-05-18T21:41:47.898+0300][7204][5748 ][info][gc,metaspace] Metaspace: 15368K(15808K)->15223K(15808K) NonClass: 13856K(14080K)->13752K(14080K) Class: 1512K(1728K)->1471K(1728K)
[2025-05-18T21:41:47.898+0300][7204][5748 ][info][gc,ergo     ] Pacer for Idle. Initial: 245M, Alloc Tax Rate: 1.0x
[2025-05-18T21:41:49.389+0300][7204][5748 ][info][gc          ] Trigger: Metadata GC Threshold
[2025-05-18T21:41:49.389+0300][7204][5748 ][info][gc,ergo     ] Free: 11472M, Max: 4096K regular, 11412M humongous, Frag: 1% external, 0% internal; Reserve: 616M, Max: 4096K
[2025-05-18T21:41:49.389+0300][7204][5748 ][info][gc,start    ] GC(1) Concurrent reset
[2025-05-18T21:41:49.389+0300][7204][5748 ][info][gc,task     ] GC(1) Using 2 of 4 workers for concurrent reset
[2025-05-18T21:41:49.389+0300][7204][5748 ][info][gc,ergo     ] GC(1) Pacer for Reset. Non-Taxable: 12288M
[2025-05-18T21:41:49.390+0300][7204][5748 ][info][gc          ] GC(1) Concurrent reset 0.655ms
[2025-05-18T21:41:49.390+0300][7204][25456][info][gc,start    ] GC(1) Pause Init Mark (unload classes)
[2025-05-18T21:41:49.390+0300][7204][25456][info][gc,task     ] GC(1) Using 4 of 4 workers for init marking
[2025-05-18T21:41:49.390+0300][7204][25456][info][gc,ergo     ] GC(1) Pacer for Mark. Expected Live: 8849K, Free: 11472M, Non-Taxable: 1147M, Alloc Tax Rate: 0.0x
[2025-05-18T21:41:49.390+0300][7204][25456][info][gc          ] GC(1) Pause Init Mark (unload classes) 0.123ms
[2025-05-18T21:41:49.390+0300][7204][5748 ][info][gc,start    ] GC(1) Concurrent marking roots
[2025-05-18T21:41:49.390+0300][7204][5748 ][info][gc,task     ] GC(1) Using 2 of 4 workers for concurrent marking roots
[2025-05-18T21:41:49.393+0300][7204][5748 ][info][gc          ] GC(1) Concurrent marking roots 3.620ms
[2025-05-18T21:41:49.394+0300][7204][5748 ][info][gc,start    ] GC(1) Concurrent marking (unload classes)
[2025-05-18T21:41:49.394+0300][7204][5748 ][info][gc,task     ] GC(1) Using 2 of 4 workers for concurrent marking
[2025-05-18T21:41:49.404+0300][7204][5748 ][info][gc          ] GC(1) Concurrent marking (unload classes) 10.107ms
[2025-05-18T21:41:49.404+0300][7204][25456][info][gc,start    ] GC(1) Pause Final Mark (unload classes)
[2025-05-18T21:41:49.404+0300][7204][25456][info][gc,task     ] GC(1) Using 4 of 4 workers for final marking
[2025-05-18T21:41:49.404+0300][7204][25456][info][gc,ergo     ] GC(1) Adaptive CSet Selection. Target Free: 1740M, Actual Free: 12084M, Max CSet: 512M, Min Garbage: 0B
[2025-05-18T21:41:49.404+0300][7204][25456][info][gc,ergo     ] GC(1) Collectable Garbage: 185M (99%), Immediate: 0B (0%), CSet: 185M (99%)
[2025-05-18T21:41:49.404+0300][7204][25456][info][gc,ergo     ] GC(1) Pacer for Evacuation. Used CSet: 191M, Free: 11468M, Non-Taxable: 1146M, Alloc Tax Rate: 1.1x
[2025-05-18T21:41:49.404+0300][7204][25456][info][gc          ] GC(1) Pause Final Mark (unload classes) 0.298ms
[2025-05-18T21:41:49.404+0300][7204][5748 ][info][gc,start    ] GC(1) Concurrent thread roots
[2025-05-18T21:41:49.404+0300][7204][5748 ][info][gc,task     ] GC(1) Using 2 of 4 workers for Concurrent thread roots
[2025-05-18T21:41:49.405+0300][7204][5748 ][info][gc          ] GC(1) Concurrent thread roots 0.879ms
[2025-05-18T21:41:49.405+0300][7204][5748 ][info][gc,start    ] GC(1) Concurrent weak references
[2025-05-18T21:41:49.405+0300][7204][5748 ][info][gc,task     ] GC(1) Using 2 of 4 workers for concurrent weak references
[2025-05-18T21:41:49.405+0300][7204][5748 ][info][gc,ref      ] GC(1) Encountered references: Soft: 3623, Weak: 2349, Final: 3, Phantom: 333
[2025-05-18T21:41:49.405+0300][7204][5748 ][info][gc,ref      ] GC(1) Discovered  references: Soft: 0, Weak: 921, Final: 1, Phantom: 220
[2025-05-18T21:41:49.405+0300][7204][5748 ][info][gc,ref      ] GC(1) Enqueued    references: Soft: 0, Weak: 191, Final: 0, Phantom: 61
[2025-05-18T21:41:49.405+0300][7204][5748 ][info][gc          ] GC(1) Concurrent weak references 0.283ms
[2025-05-18T21:41:49.405+0300][7204][5748 ][info][gc,start    ] GC(1) Concurrent weak roots
[2025-05-18T21:41:49.405+0300][7204][5748 ][info][gc,task     ] GC(1) Using 2 of 4 workers for concurrent weak root
[2025-05-18T21:41:49.407+0300][7204][5748 ][info][gc          ] GC(1) Concurrent weak roots 1.441ms
[2025-05-18T21:41:49.407+0300][7204][5748 ][info][gc,start    ] GC(1) Concurrent cleanup
[2025-05-18T21:41:49.407+0300][7204][5748 ][info][gc          ] GC(1) Concurrent cleanup 211M->211M(12288M) 0.043ms
[2025-05-18T21:41:49.407+0300][7204][5748 ][info][gc,ergo     ] GC(1) Free: 11460M, Max: 4096K regular, 11412M humongous, Frag: 1% external, 0% internal; Reserve: 615M, Max: 4096K
[2025-05-18T21:41:49.407+0300][7204][5748 ][info][gc,start    ] GC(1) Concurrent class unloading
[2025-05-18T21:41:49.407+0300][7204][5748 ][info][gc,task     ] GC(1) Using 2 of 4 workers for concurrent class unloading
[2025-05-18T21:41:49.411+0300][7204][5748 ][info][gc          ] GC(1) Concurrent class unloading 3.597ms
[2025-05-18T21:41:49.411+0300][7204][5748 ][info][gc,start    ] GC(1) Concurrent strong roots
[2025-05-18T21:41:49.411+0300][7204][5748 ][info][gc,task     ] GC(1) Using 2 of 4 workers for concurrent strong root
[2025-05-18T21:41:49.411+0300][7204][5748 ][info][gc          ] GC(1) Concurrent strong roots 0.438ms
[2025-05-18T21:41:49.411+0300][7204][5748 ][info][gc,start    ] GC(1) Concurrent evacuation
[2025-05-18T21:41:49.411+0300][7204][5748 ][info][gc,task     ] GC(1) Using 2 of 4 workers for concurrent evacuation
[2025-05-18T21:41:49.415+0300][7204][5748 ][info][gc          ] GC(1) Concurrent evacuation 3.682ms
[2025-05-18T21:41:49.415+0300][7204][25456][info][gc,start    ] GC(1) Pause Init Update Refs
[2025-05-18T21:41:49.415+0300][7204][25456][info][gc,ergo     ] GC(1) Pacer for Update Refs. Used: 219M, Free: 11460M, Non-Taxable: 1146M, Alloc Tax Rate: 1.1x
[2025-05-18T21:41:49.415+0300][7204][25456][info][gc          ] GC(1) Pause Init Update Refs 0.092ms
[2025-05-18T21:41:49.415+0300][7204][5748 ][info][gc,start    ] GC(1) Concurrent update references
[2025-05-18T21:41:49.415+0300][7204][5748 ][info][gc,task     ] GC(1) Using 2 of 4 workers for concurrent reference update
[2025-05-18T21:41:49.422+0300][7204][5748 ][info][gc          ] GC(1) Concurrent update references 7.151ms
[2025-05-18T21:41:49.422+0300][7204][5748 ][info][gc,start    ] GC(1) Concurrent update thread roots
[2025-05-18T21:41:49.423+0300][7204][5748 ][info][gc          ] GC(1) Concurrent update thread roots 0.841ms
[2025-05-18T21:41:49.423+0300][7204][25456][info][gc,start    ] GC(1) Pause Final Update Refs
[2025-05-18T21:41:49.423+0300][7204][25456][info][gc,task     ] GC(1) Using 4 of 4 workers for final reference update
[2025-05-18T21:41:49.423+0300][7204][25456][info][gc          ] GC(1) Pause Final Update Refs 0.087ms
[2025-05-18T21:41:49.423+0300][7204][5748 ][info][gc,start    ] GC(1) Concurrent cleanup
[2025-05-18T21:41:49.423+0300][7204][5748 ][info][gc          ] GC(1) Concurrent cleanup 219M->27M(12288M) 0.058ms
[2025-05-18T21:41:49.423+0300][7204][5748 ][info][gc,ergo     ] Free: 11644M, Max: 4096K regular, 11464M humongous, Frag: 2% external, 0% internal; Reserve: 616M, Max: 4096K
[2025-05-18T21:41:49.423+0300][7204][5748 ][info][gc,stats    ] 
[2025-05-18T21:41:49.423+0300][7204][5748 ][info][gc,stats    ] All times are wall-clock times, except per-root-class counters, that are sum over
[2025-05-18T21:41:49.423+0300][7204][5748 ][info][gc,stats    ] all workers. Dividing the <total> over the root stage time estimates parallelism.
[2025-05-18T21:41:49.423+0300][7204][5748 ][info][gc,stats    ] 
[2025-05-18T21:41:49.423+0300][7204][5748 ][info][gc,stats    ] Concurrent Reset                    710 us
[2025-05-18T21:41:49.423+0300][7204][5748 ][info][gc,stats    ] Pause Init Mark (G)                 259 us
[2025-05-18T21:41:49.423+0300][7204][5748 ][info][gc,stats    ] Pause Init Mark (N)                 144 us
[2025-05-18T21:41:49.423+0300][7204][5748 ][info][gc,stats    ]   Update Region States               25 us
[2025-05-18T21:41:49.423+0300][7204][5748 ][info][gc,stats    ] Concurrent Mark Roots              3667 us, parallelism: 1.78x
[2025-05-18T21:41:49.423+0300][7204][5748 ][info][gc,stats    ]   CMR: <total>                     6522 us
[2025-05-18T21:41:49.423+0300][7204][5748 ][info][gc,stats    ]   CMR: Thread Roots                6306 us, workers (us): 3004, 3302, ---, ---, 
[2025-05-18T21:41:49.423+0300][7204][5748 ][info][gc,stats    ]   CMR: VM Strong Roots               59 us, workers (us):  37,  22, ---, ---, 
[2025-05-18T21:41:49.423+0300][7204][5748 ][info][gc,stats    ]   CMR: CLDG Roots                   157 us, workers (us): ---, 157, ---, ---, 
[2025-05-18T21:41:49.423+0300][7204][5748 ][info][gc,stats    ] Concurrent Marking                10177 us
[2025-05-18T21:41:49.423+0300][7204][5748 ][info][gc,stats    ] Pause Final Mark (G)                413 us
[2025-05-18T21:41:49.423+0300][7204][5748 ][info][gc,stats    ] Pause Final Mark (N)                312 us
[2025-05-18T21:41:49.423+0300][7204][5748 ][info][gc,stats    ]   Finish Mark                       107 us
[2025-05-18T21:41:49.423+0300][7204][5748 ][info][gc,stats    ]   Update Region States               26 us
[2025-05-18T21:41:49.423+0300][7204][5748 ][info][gc,stats    ]   Choose Collection Set              60 us
[2025-05-18T21:41:49.423+0300][7204][5748 ][info][gc,stats    ]   Rebuild Free Set                   18 us
[2025-05-18T21:41:49.423+0300][7204][5748 ][info][gc,stats    ] Concurrent Thread Roots             913 us, parallelism: 1.14x
[2025-05-18T21:41:49.423+0300][7204][5748 ][info][gc,stats    ]   CTR: <total>                     1039 us
[2025-05-18T21:41:49.424+0300][7204][5748 ][info][gc,stats    ]   CTR: Thread Roots                1039 us, workers (us): 757, 282, ---, ---, 
[2025-05-18T21:41:49.424+0300][7204][5748 ][info][gc,stats    ] Concurrent Weak References          297 us, parallelism: 0.51x
[2025-05-18T21:41:49.424+0300][7204][5748 ][info][gc,stats    ]   CWRF: <total>                     153 us
[2025-05-18T21:41:49.424+0300][7204][5748 ][info][gc,stats    ]   CWRF: Weak References             153 us, workers (us):  56,  96, ---, ---, 
[2025-05-18T21:41:49.424+0300][7204][5748 ][info][gc,stats    ] Concurrent Weak Roots              1498 us
[2025-05-18T21:41:49.424+0300][7204][5748 ][info][gc,stats    ]   Roots                            1278 us, parallelism: 1.89x
[2025-05-18T21:41:49.424+0300][7204][5748 ][info][gc,stats    ]     CWR: <total>                   2410 us
[2025-05-18T21:41:49.424+0300][7204][5748 ][info][gc,stats    ]     CWR: Code Cache Roots          1276 us, workers (us): 627, 648, ---, ---, 
[2025-05-18T21:41:49.424+0300][7204][5748 ][info][gc,stats    ]     CWR: VM Weak Roots             1121 us, workers (us): 554, 568, ---, ---, 
[2025-05-18T21:41:49.424+0300][7204][5748 ][info][gc,stats    ]     CWR: CLDG Roots                  13 us, workers (us):  13, ---, ---, ---, 
[2025-05-18T21:41:49.424+0300][7204][5748 ][info][gc,stats    ]   Rendezvous                        136 us
[2025-05-18T21:41:49.424+0300][7204][5748 ][info][gc,stats    ] Concurrent Cleanup                   59 us
[2025-05-18T21:41:49.424+0300][7204][5748 ][info][gc,stats    ] Concurrent Class Unloading         3646 us
[2025-05-18T21:41:49.424+0300][7204][5748 ][info][gc,stats    ]   Unlink Stale                     2779 us
[2025-05-18T21:41:49.424+0300][7204][5748 ][info][gc,stats    ]     System Dictionary                24 us
[2025-05-18T21:41:49.424+0300][7204][5748 ][info][gc,stats    ]     Weak Class Links                  0 us
[2025-05-18T21:41:49.424+0300][7204][5748 ][info][gc,stats    ]     Code Roots                     2754 us
[2025-05-18T21:41:49.424+0300][7204][5748 ][info][gc,stats    ]   Rendezvous                        111 us
[2025-05-18T21:41:49.424+0300][7204][5748 ][info][gc,stats    ]   Purge Unlinked                    673 us
[2025-05-18T21:41:49.424+0300][7204][5748 ][info][gc,stats    ]     Code Roots                      655 us
[2025-05-18T21:41:49.424+0300][7204][5748 ][info][gc,stats    ]     CLDG                             18 us
[2025-05-18T21:41:49.424+0300][7204][5748 ][info][gc,stats    ]     Exception Caches                  0 us
[2025-05-18T21:41:49.424+0300][7204][5748 ][info][gc,stats    ] Concurrent Strong Roots             475 us, parallelism: 0.68x
[2025-05-18T21:41:49.424+0300][7204][5748 ][info][gc,stats    ]   CSR: <total>                      321 us
[2025-05-18T21:41:49.424+0300][7204][5748 ][info][gc,stats    ]   CSR: VM Strong Roots                9 us, workers (us):   8,   1, ---, ---, 
[2025-05-18T21:41:49.424+0300][7204][5748 ][info][gc,stats    ]   CSR: CLDG Roots                   311 us, workers (us): ---, 311, ---, ---, 
[2025-05-18T21:41:49.424+0300][7204][5748 ][info][gc,stats    ] Concurrent Evacuation              3727 us
[2025-05-18T21:41:49.424+0300][7204][5748 ][info][gc,stats    ] Pause Init Update Refs (G)          158 us
[2025-05-18T21:41:49.424+0300][7204][5748 ][info][gc,stats    ] Pause Init Update Refs (N)          108 us
[2025-05-18T21:41:49.424+0300][7204][5748 ][info][gc,stats    ]   Manage GCLABs                       5 us
[2025-05-18T21:41:49.424+0300][7204][5748 ][info][gc,stats    ] Concurrent Update Refs             7215 us
[2025-05-18T21:41:49.424+0300][7204][5748 ][info][gc,stats    ] Concurrent Update Thread Roots      875 us
[2025-05-18T21:41:49.424+0300][7204][5748 ][info][gc,stats    ] Pause Final Update Refs (G)         197 us
[2025-05-18T21:41:49.424+0300][7204][5748 ][info][gc,stats    ] Pause Final Update Refs (N)         100 us
[2025-05-18T21:41:49.424+0300][7204][5748 ][info][gc,stats    ]   Update Region States               22 us
[2025-05-18T21:41:49.424+0300][7204][5748 ][info][gc,stats    ]   Trash Collection Set                3 us
[2025-05-18T21:41:49.424+0300][7204][5748 ][info][gc,stats    ]   Rebuild Free Set                   17 us
[2025-05-18T21:41:49.424+0300][7204][5748 ][info][gc,stats    ] Concurrent Cleanup                   76 us
[2025-05-18T21:41:49.424+0300][7204][5748 ][info][gc,stats    ] 
[2025-05-18T21:41:49.424+0300][7204][5748 ][info][gc,stats    ] Allocation pacing accrued:
[2025-05-18T21:41:49.424+0300][7204][5748 ][info][gc,stats    ]       0 of  1526 ms (  0.0%): <total>
[2025-05-18T21:41:49.424+0300][7204][5748 ][info][gc,stats    ]       0 of  1526 ms (  0.0%): <average total>
[2025-05-18T21:41:49.424+0300][7204][5748 ][info][gc,stats    ] 
[2025-05-18T21:41:49.424+0300][7204][5748 ][info][gc,metaspace] Metaspace: 26095K(26432K)->26344K(26752K) NonClass: 23623K(23808K)->23855K(24064K) Class: 2472K(2624K)->2488K(2688K)
[2025-05-18T21:41:49.424+0300][7204][5748 ][info][gc,ergo     ] Pacer for Idle. Initial: 245M, Alloc Tax Rate: 1.0x
[2025-05-18T21:43:22.446+0300][7204][5748 ][info][gc          ] Trigger: Learning 3 of 5. Free (8600M) is below initial threshold (8601M)
[2025-05-18T21:43:22.446+0300][7204][5748 ][info][gc,ergo     ] Free: 8600M, Max: 4096K regular, 8600M humongous, Frag: 0% external, 0% internal; Reserve: 616M, Max: 4096K
[2025-05-18T21:43:22.446+0300][7204][5748 ][info][gc,start    ] GC(2) Concurrent reset
[2025-05-18T21:43:22.446+0300][7204][5748 ][info][gc,task     ] GC(2) Using 2 of 4 workers for concurrent reset
[2025-05-18T21:43:22.446+0300][7204][5748 ][info][gc,ergo     ] GC(2) Pacer for Reset. Non-Taxable: 12288M
[2025-05-18T21:43:22.447+0300][7204][5748 ][info][gc          ] GC(2) Concurrent reset 0.931ms
[2025-05-18T21:43:22.447+0300][7204][25456][info][gc,start    ] GC(2) Pause Init Mark (unload classes)
[2025-05-18T21:43:22.447+0300][7204][25456][info][gc,task     ] GC(2) Using 4 of 4 workers for init marking
[2025-05-18T21:43:22.447+0300][7204][25456][info][gc,ergo     ] GC(2) Pacer for Mark. Expected Live: 11267K, Free: 8600M, Non-Taxable: 860M, Alloc Tax Rate: 0.0x
[2025-05-18T21:43:22.448+0300][7204][25456][info][gc          ] GC(2) Pause Init Mark (unload classes) 0.344ms
[2025-05-18T21:43:22.448+0300][7204][5748 ][info][gc,start    ] GC(2) Concurrent marking roots
[2025-05-18T21:43:22.448+0300][7204][5748 ][info][gc,task     ] GC(2) Using 2 of 4 workers for concurrent marking roots
[2025-05-18T21:43:22.448+0300][7204][5748 ][info][gc          ] GC(2) Concurrent marking roots 0.707ms
[2025-05-18T21:43:22.449+0300][7204][5748 ][info][gc,start    ] GC(2) Concurrent marking (unload classes)
[2025-05-18T21:43:22.449+0300][7204][5748 ][info][gc,task     ] GC(2) Using 2 of 4 workers for concurrent marking
[2025-05-18T21:43:22.459+0300][7204][5748 ][info][gc          ] GC(2) Concurrent marking (unload classes) 10.257ms
[2025-05-18T21:43:22.459+0300][7204][25456][info][gc,start    ] GC(2) Pause Final Mark (unload classes)
[2025-05-18T21:43:22.459+0300][7204][25456][info][gc,task     ] GC(2) Using 4 of 4 workers for final marking
[2025-05-18T21:43:22.459+0300][7204][25456][info][gc,ergo     ] GC(2) Adaptive CSet Selection. Target Free: 1740M, Actual Free: 11504M, Max CSet: 512M, Min Garbage: 0B
[2025-05-18T21:43:22.459+0300][7204][25456][info][gc,ergo     ] GC(2) Collectable Garbage: 3055M (99%), Immediate: 2304M (75%), CSet: 751M (24%)
[2025-05-18T21:43:22.459+0300][7204][25456][info][gc,ergo     ] GC(2) Pacer for Evacuation. Used CSet: 755M, Free: 10888M, Non-Taxable: 1088M, Alloc Tax Rate: 1.1x
[2025-05-18T21:43:22.459+0300][7204][25456][info][gc          ] GC(2) Pause Final Mark (unload classes) 0.469ms
[2025-05-18T21:43:22.459+0300][7204][5748 ][info][gc,start    ] GC(2) Concurrent thread roots
[2025-05-18T21:43:22.460+0300][7204][5748 ][info][gc,task     ] GC(2) Using 2 of 4 workers for Concurrent thread roots
[2025-05-18T21:43:22.460+0300][7204][5748 ][info][gc          ] GC(2) Concurrent thread roots 0.401ms
[2025-05-18T21:43:22.460+0300][7204][5748 ][info][gc,start    ] GC(2) Concurrent weak references
[2025-05-18T21:43:22.460+0300][7204][5748 ][info][gc,task     ] GC(2) Using 2 of 4 workers for concurrent weak references
[2025-05-18T21:43:22.460+0300][7204][5748 ][info][gc,ref      ] GC(2) Encountered references: Soft: 4267, Weak: 4624, Final: 3, Phantom: 454
[2025-05-18T21:43:22.460+0300][7204][5748 ][info][gc,ref      ] GC(2) Discovered  references: Soft: 0, Weak: 1822, Final: 1, Phantom: 349
[2025-05-18T21:43:22.461+0300][7204][5748 ][info][gc,ref      ] GC(2) Enqueued    references: Soft: 0, Weak: 1274, Final: 0, Phantom: 176
[2025-05-18T21:43:22.461+0300][7204][5748 ][info][gc          ] GC(2) Concurrent weak references 0.560ms
[2025-05-18T21:43:22.461+0300][7204][5748 ][info][gc,start    ] GC(2) Concurrent weak roots
[2025-05-18T21:43:22.461+0300][7204][5748 ][info][gc,task     ] GC(2) Using 2 of 4 workers for concurrent weak root
[2025-05-18T21:43:22.463+0300][7204][5748 ][info][gc          ] GC(2) Concurrent weak roots 2.884ms
[2025-05-18T21:43:22.463+0300][7204][5748 ][info][gc,start    ] GC(2) Concurrent cleanup
[2025-05-18T21:43:22.464+0300][7204][5748 ][info][gc          ] GC(2) Concurrent cleanup 3124M->820M(12288M) 0.072ms
[2025-05-18T21:43:22.464+0300][7204][5748 ][info][gc,ergo     ] GC(2) Free: 10852M, Max: 4096K regular, 8548M humongous, Frag: 22% external, 0% internal; Reserve: 615M, Max: 4096K
[2025-05-18T21:43:22.464+0300][7204][5748 ][info][gc,start    ] GC(2) Concurrent class unloading
[2025-05-18T21:43:22.464+0300][7204][5748 ][info][gc,task     ] GC(2) Using 2 of 4 workers for concurrent class unloading
[2025-05-18T21:43:22.484+0300][7204][5748 ][info][gc          ] GC(2) Concurrent class unloading 20.852ms
[2025-05-18T21:43:22.484+0300][7204][5748 ][info][gc,start    ] GC(2) Concurrent strong roots
[2025-05-18T21:43:22.484+0300][7204][5748 ][info][gc,task     ] GC(2) Using 2 of 4 workers for concurrent strong root
[2025-05-18T21:43:22.484+0300][7204][5748 ][info][gc          ] GC(2) Concurrent strong roots 0.345ms
[2025-05-18T21:43:22.484+0300][7204][5748 ][info][gc,start    ] GC(2) Concurrent evacuation
[2025-05-18T21:43:22.484+0300][7204][5748 ][info][gc,task     ] GC(2) Using 2 of 4 workers for concurrent evacuation
[2025-05-18T21:43:22.491+0300][7204][5748 ][info][gc          ] GC(2) Concurrent evacuation 5.665ms
[2025-05-18T21:43:22.491+0300][7204][25456][info][gc,start    ] GC(2) Pause Init Update Refs
[2025-05-18T21:43:22.491+0300][7204][25456][info][gc,ergo     ] GC(2) Pacer for Update Refs. Used: 831M, Free: 10848M, Non-Taxable: 1084M, Alloc Tax Rate: 1.1x
[2025-05-18T21:43:22.491+0300][7204][25456][info][gc          ] GC(2) Pause Init Update Refs 0.042ms
[2025-05-18T21:43:22.491+0300][7204][5748 ][info][gc,start    ] GC(2) Concurrent update references
[2025-05-18T21:43:22.491+0300][7204][5748 ][info][gc,task     ] GC(2) Using 2 of 4 workers for concurrent reference update
[2025-05-18T21:43:22.496+0300][7204][5748 ][info][gc          ] GC(2) Concurrent update references 5.313ms
[2025-05-18T21:43:22.497+0300][7204][5748 ][info][gc,start    ] GC(2) Concurrent update thread roots
[2025-05-18T21:43:22.497+0300][7204][5748 ][info][gc          ] GC(2) Concurrent update thread roots 0.256ms
[2025-05-18T21:43:22.497+0300][7204][25456][info][gc,start    ] GC(2) Pause Final Update Refs
[2025-05-18T21:43:22.497+0300][7204][25456][info][gc,task     ] GC(2) Using 4 of 4 workers for final reference update
[2025-05-18T21:43:22.497+0300][7204][25456][info][gc          ] GC(2) Pause Final Update Refs 0.071ms
[2025-05-18T21:43:22.497+0300][7204][5748 ][info][gc,start    ] GC(2) Concurrent cleanup
[2025-05-18T21:43:22.497+0300][7204][5748 ][info][gc          ] GC(2) Concurrent cleanup 831M->75M(12288M) 0.041ms
[2025-05-18T21:43:22.497+0300][7204][5748 ][info][gc,ergo     ] Free: 11596M, Max: 4096K regular, 8544M humongous, Frag: 27% external, 0% internal; Reserve: 616M, Max: 4096K
[2025-05-18T21:43:22.497+0300][7204][5748 ][info][gc,stats    ] 
[2025-05-18T21:43:22.497+0300][7204][5748 ][info][gc,stats    ] All times are wall-clock times, except per-root-class counters, that are sum over
[2025-05-18T21:43:22.497+0300][7204][5748 ][info][gc,stats    ] all workers. Dividing the <total> over the root stage time estimates parallelism.
[2025-05-18T21:43:22.497+0300][7204][5748 ][info][gc,stats    ] 
[2025-05-18T21:43:22.497+0300][7204][5748 ][info][gc,stats    ] Concurrent Reset                   1030 us
[2025-05-18T21:43:22.497+0300][7204][5748 ][info][gc,stats    ] Pause Init Mark (G)                 700 us
[2025-05-18T21:43:22.497+0300][7204][5748 ][info][gc,stats    ] Pause Init Mark (N)                 376 us
[2025-05-18T21:43:22.497+0300][7204][5748 ][info][gc,stats    ]   Update Region States               28 us
[2025-05-18T21:43:22.497+0300][7204][5748 ][info][gc,stats    ] Concurrent Mark Roots               787 us, parallelism: 0.97x
[2025-05-18T21:43:22.497+0300][7204][5748 ][info][gc,stats    ]   CMR: <total>                      764 us
[2025-05-18T21:43:22.497+0300][7204][5748 ][info][gc,stats    ]   CMR: Thread Roots                 407 us, workers (us): 372,  34, ---, ---, 
[2025-05-18T21:43:22.497+0300][7204][5748 ][info][gc,stats    ]   CMR: VM Strong Roots               25 us, workers (us):  16,   9, ---, ---, 
[2025-05-18T21:43:22.497+0300][7204][5748 ][info][gc,stats    ]   CMR: CLDG Roots                   333 us, workers (us): ---, 333, ---, ---, 
[2025-05-18T21:43:22.497+0300][7204][5748 ][info][gc,stats    ] Concurrent Marking                10304 us
[2025-05-18T21:43:22.497+0300][7204][5748 ][info][gc,stats    ] Pause Final Mark (G)                629 us
[2025-05-18T21:43:22.497+0300][7204][5748 ][info][gc,stats    ] Pause Final Mark (N)                477 us
[2025-05-18T21:43:22.497+0300][7204][5748 ][info][gc,stats    ]   Finish Mark                       326 us
[2025-05-18T21:43:22.497+0300][7204][5748 ][info][gc,stats    ]   Update Region States               17 us
[2025-05-18T21:43:22.497+0300][7204][5748 ][info][gc,stats    ]   Choose Collection Set              60 us
[2025-05-18T21:43:22.497+0300][7204][5748 ][info][gc,stats    ]   Rebuild Free Set                   17 us
[2025-05-18T21:43:22.497+0300][7204][5748 ][info][gc,stats    ] Concurrent Thread Roots             469 us, parallelism: 0.44x
[2025-05-18T21:43:22.497+0300][7204][5748 ][info][gc,stats    ]   CTR: <total>                      206 us
[2025-05-18T21:43:22.497+0300][7204][5748 ][info][gc,stats    ]   CTR: Thread Roots                 206 us, workers (us): 128,  78, ---, ---, 
[2025-05-18T21:43:22.497+0300][7204][5748 ][info][gc,stats    ] Concurrent Weak References          569 us, parallelism: 0.50x
[2025-05-18T21:43:22.497+0300][7204][5748 ][info][gc,stats    ]   CWRF: <total>                     285 us
[2025-05-18T21:43:22.497+0300][7204][5748 ][info][gc,stats    ]   CWRF: Weak References             285 us, workers (us): 285,   0, ---, ---, 
[2025-05-18T21:43:22.497+0300][7204][5748 ][info][gc,stats    ] Concurrent Weak Roots              2937 us
[2025-05-18T21:43:22.497+0300][7204][5748 ][info][gc,stats    ]   Roots                            2744 us, parallelism: 1.82x
[2025-05-18T21:43:22.497+0300][7204][5748 ][info][gc,stats    ]     CWR: <total>                   5004 us
[2025-05-18T21:43:22.497+0300][7204][5748 ][info][gc,stats    ]     CWR: Code Cache Roots          4258 us, workers (us): 2178, 2081, ---, ---, 
[2025-05-18T21:43:22.497+0300][7204][5748 ][info][gc,stats    ]     CWR: VM Weak Roots              729 us, workers (us): 391, 339, ---, ---, 
[2025-05-18T21:43:22.497+0300][7204][5748 ][info][gc,stats    ]     CWR: CLDG Roots                  16 us, workers (us): ---,  16, ---, ---, 
[2025-05-18T21:43:22.497+0300][7204][5748 ][info][gc,stats    ]   Rendezvous                        120 us
[2025-05-18T21:43:22.497+0300][7204][5748 ][info][gc,stats    ] Concurrent Cleanup                   84 us
[2025-05-18T21:43:22.497+0300][7204][5748 ][info][gc,stats    ] Concurrent Class Unloading        20923 us
[2025-05-18T21:43:22.497+0300][7204][5748 ][info][gc,stats    ]   Unlink Stale                    12617 us
[2025-05-18T21:43:22.497+0300][7204][5748 ][info][gc,stats    ]     System Dictionary               270 us
[2025-05-18T21:43:22.497+0300][7204][5748 ][info][gc,stats    ]     Weak Class Links               5541 us
[2025-05-18T21:43:22.497+0300][7204][5748 ][info][gc,stats    ]     Code Roots                     6805 us
[2025-05-18T21:43:22.497+0300][7204][5748 ][info][gc,stats    ]   Rendezvous                        184 us
[2025-05-18T21:43:22.497+0300][7204][5748 ][info][gc,stats    ]   Purge Unlinked                   8025 us
[2025-05-18T21:43:22.497+0300][7204][5748 ][info][gc,stats    ]     Code Roots                     7689 us
[2025-05-18T21:43:22.497+0300][7204][5748 ][info][gc,stats    ]     CLDG                            336 us
[2025-05-18T21:43:22.497+0300][7204][5748 ][info][gc,stats    ]     Exception Caches                  0 us
[2025-05-18T21:43:22.497+0300][7204][5748 ][info][gc,stats    ] Concurrent Strong Roots             390 us, parallelism: 0.43x
[2025-05-18T21:43:22.497+0300][7204][5748 ][info][gc,stats    ]   CSR: <total>                      168 us
[2025-05-18T21:43:22.497+0300][7204][5748 ][info][gc,stats    ]   CSR: VM Strong Roots                7 us, workers (us):   6,   0, ---, ---, 
[2025-05-18T21:43:22.497+0300][7204][5748 ][info][gc,stats    ]   CSR: CLDG Roots                   161 us, workers (us): 161, ---, ---, ---, 
[2025-05-18T21:43:22.497+0300][7204][5748 ][info][gc,stats    ] Concurrent Evacuation              5706 us
[2025-05-18T21:43:22.497+0300][7204][5748 ][info][gc,stats    ] Pause Init Update Refs (G)          263 us
[2025-05-18T21:43:22.497+0300][7204][5748 ][info][gc,stats    ] Pause Init Update Refs (N)           50 us
[2025-05-18T21:43:22.497+0300][7204][5748 ][info][gc,stats    ]   Manage GCLABs                       4 us
[2025-05-18T21:43:22.497+0300][7204][5748 ][info][gc,stats    ] Concurrent Update Refs             5362 us
[2025-05-18T21:43:22.497+0300][7204][5748 ][info][gc,stats    ] Concurrent Update Thread Roots      281 us
[2025-05-18T21:43:22.497+0300][7204][5748 ][info][gc,stats    ] Pause Final Update Refs (G)         188 us
[2025-05-18T21:43:22.497+0300][7204][5748 ][info][gc,stats    ] Pause Final Update Refs (N)          80 us
[2025-05-18T21:43:22.497+0300][7204][5748 ][info][gc,stats    ]   Update Region States               20 us
[2025-05-18T21:43:22.497+0300][7204][5748 ][info][gc,stats    ]   Trash Collection Set                4 us
[2025-05-18T21:43:22.497+0300][7204][5748 ][info][gc,stats    ]   Rebuild Free Set                   12 us
[2025-05-18T21:43:22.498+0300][7204][5748 ][info][gc,stats    ] Concurrent Cleanup                   53 us
[2025-05-18T21:43:22.498+0300][7204][5748 ][info][gc,stats    ] 
[2025-05-18T21:43:22.498+0300][7204][5748 ][info][gc,stats    ] Allocation pacing accrued:
[2025-05-18T21:43:22.498+0300][7204][5748 ][info][gc,stats    ]       0 of 93073 ms (  0.0%): <total>
[2025-05-18T21:43:22.498+0300][7204][5748 ][info][gc,stats    ]       0 of 93073 ms (  0.0%): <average total>
[2025-05-18T21:43:22.498+0300][7204][5748 ][info][gc,stats    ] 
[2025-05-18T21:43:22.498+0300][7204][5748 ][info][gc,metaspace] Metaspace: 34498K(35392K)->34220K(35392K) NonClass: 31558K(32064K)->31359K(32064K) Class: 2940K(3328K)->2861K(3328K)
[2025-05-18T21:43:22.498+0300][7204][5748 ][info][gc,ergo     ] Pacer for Idle. Initial: 245M, Alloc Tax Rate: 1.0x
[2025-05-18T21:44:42.788+0300][7204][5748 ][info][gc          ] Trigger: Explicit GC request (System.gc())
[2025-05-18T21:44:42.788+0300][7204][5748 ][info][gc,ergo     ] Free: 9064M, Max: 4096K regular, 8544M humongous, Frag: 6% external, 0% internal; Reserve: 616M, Max: 4096K
[2025-05-18T21:44:42.788+0300][7204][5748 ][info][gc,start    ] GC(3) Concurrent reset
[2025-05-18T21:44:42.788+0300][7204][5748 ][info][gc,task     ] GC(3) Using 2 of 4 workers for concurrent reset
[2025-05-18T21:44:42.788+0300][7204][5748 ][info][gc,ergo     ] GC(3) Pacer for Reset. Non-Taxable: 12288M
[2025-05-18T21:44:42.789+0300][7204][5748 ][info][gc          ] GC(3) Concurrent reset 1.665ms
[2025-05-18T21:44:42.790+0300][7204][25456][info][gc,start    ] GC(3) Pause Init Mark (unload classes)
[2025-05-18T21:44:42.790+0300][7204][25456][info][gc,task     ] GC(3) Using 4 of 4 workers for init marking
[2025-05-18T21:44:42.790+0300][7204][25456][info][gc,ref      ] GC(3) Clearing All SoftReferences
[2025-05-18T21:44:42.790+0300][7204][25456][info][gc,ergo     ] GC(3) Pacer for Mark. Expected Live: 12594K, Free: 9064M, Non-Taxable: 906M, Alloc Tax Rate: 0.0x
[2025-05-18T21:44:42.790+0300][7204][25456][info][gc          ] GC(3) Pause Init Mark (unload classes) 0.069ms
[2025-05-18T21:44:42.790+0300][7204][5748 ][info][gc,start    ] GC(3) Concurrent marking roots
[2025-05-18T21:44:42.790+0300][7204][5748 ][info][gc,task     ] GC(3) Using 2 of 4 workers for concurrent marking roots
[2025-05-18T21:44:42.790+0300][7204][5748 ][info][gc          ] GC(3) Concurrent marking roots 0.274ms
[2025-05-18T21:44:42.790+0300][7204][5748 ][info][gc,start    ] GC(3) Concurrent marking (unload classes)
[2025-05-18T21:44:42.790+0300][7204][5748 ][info][gc,task     ] GC(3) Using 2 of 4 workers for concurrent marking
[2025-05-18T21:44:42.796+0300][7204][5748 ][info][gc          ] GC(3) Concurrent marking (unload classes) 5.940ms
[2025-05-18T21:44:42.796+0300][7204][25456][info][gc,start    ] GC(3) Pause Final Mark (unload classes)
[2025-05-18T21:44:42.796+0300][7204][25456][info][gc,task     ] GC(3) Using 4 of 4 workers for final marking
[2025-05-18T21:44:42.797+0300][7204][25456][info][gc,ergo     ] GC(3) Adaptive CSet Selection. Target Free: 1740M, Actual Free: 11980M, Max CSet: 512M, Min Garbage: 0B
[2025-05-18T21:44:42.797+0300][7204][25456][info][gc,ergo     ] GC(3) Collectable Garbage: 2594M (99%), Immediate: 2300M (88%), CSet: 294M (11%)
[2025-05-18T21:44:42.797+0300][7204][25456][info][gc,ergo     ] GC(3) Pacer for Evacuation. Used CSet: 300M, Free: 11364M, Non-Taxable: 1136M, Alloc Tax Rate: 1.1x
[2025-05-18T21:44:42.797+0300][7204][25456][info][gc          ] GC(3) Pause Final Mark (unload classes) 0.428ms
[2025-05-18T21:44:42.797+0300][7204][5748 ][info][gc,start    ] GC(3) Concurrent thread roots
[2025-05-18T21:44:42.797+0300][7204][5748 ][info][gc,task     ] GC(3) Using 2 of 4 workers for Concurrent thread roots
[2025-05-18T21:44:42.797+0300][7204][5748 ][info][gc          ] GC(3) Concurrent thread roots 0.248ms
[2025-05-18T21:44:42.797+0300][7204][5748 ][info][gc,start    ] GC(3) Concurrent weak references
[2025-05-18T21:44:42.797+0300][7204][5748 ][info][gc,task     ] GC(3) Using 2 of 4 workers for concurrent weak references
[2025-05-18T21:44:42.797+0300][7204][5748 ][info][gc,ref      ] GC(3) Encountered references: Soft: 3656, Weak: 2255, Final: 3, Phantom: 264
[2025-05-18T21:44:42.797+0300][7204][5748 ][info][gc,ref      ] GC(3) Discovered  references: Soft: 377, Weak: 910, Final: 1, Phantom: 186
[2025-05-18T21:44:42.797+0300][7204][5748 ][info][gc,ref      ] GC(3) Enqueued    references: Soft: 204, Weak: 279, Final: 0, Phantom: 7
[2025-05-18T21:44:42.797+0300][7204][5748 ][info][gc          ] GC(3) Concurrent weak references 0.271ms
[2025-05-18T21:44:42.797+0300][7204][5748 ][info][gc,start    ] GC(3) Concurrent weak roots
[2025-05-18T21:44:42.797+0300][7204][5748 ][info][gc,task     ] GC(3) Using 2 of 4 workers for concurrent weak root
[2025-05-18T21:44:42.799+0300][7204][5748 ][info][gc          ] GC(3) Concurrent weak roots 1.912ms
[2025-05-18T21:44:42.799+0300][7204][5748 ][info][gc,start    ] GC(3) Concurrent cleanup
[2025-05-18T21:44:42.799+0300][7204][5748 ][info][gc          ] GC(3) Concurrent cleanup 2616M->316M(12288M) 0.048ms
[2025-05-18T21:44:42.799+0300][7204][5748 ][info][gc,ergo     ] GC(3) Free: 11356M, Max: 4096K regular, 8548M humongous, Frag: 25% external, 0% internal; Reserve: 615M, Max: 4096K
[2025-05-18T21:44:42.799+0300][7204][5748 ][info][gc,start    ] GC(3) Concurrent class unloading
[2025-05-18T21:44:42.799+0300][7204][5748 ][info][gc,task     ] GC(3) Using 2 of 4 workers for concurrent class unloading
[2025-05-18T21:44:42.815+0300][7204][5748 ][info][gc          ] GC(3) Concurrent class unloading 15.989ms
[2025-05-18T21:44:42.815+0300][7204][5748 ][info][gc,start    ] GC(3) Concurrent strong roots
[2025-05-18T21:44:42.815+0300][7204][5748 ][info][gc,task     ] GC(3) Using 2 of 4 workers for concurrent strong root
[2025-05-18T21:44:42.816+0300][7204][5748 ][info][gc          ] GC(3) Concurrent strong roots 0.323ms
[2025-05-18T21:44:42.816+0300][7204][5748 ][info][gc,start    ] GC(3) Concurrent evacuation
[2025-05-18T21:44:42.816+0300][7204][5748 ][info][gc,task     ] GC(3) Using 2 of 4 workers for concurrent evacuation
[2025-05-18T21:44:42.818+0300][7204][5748 ][info][gc          ] GC(3) Concurrent evacuation 3.021ms
[2025-05-18T21:44:42.819+0300][7204][25456][info][gc,start    ] GC(3) Pause Init Update Refs
[2025-05-18T21:44:42.819+0300][7204][25456][info][gc,ergo     ] GC(3) Pacer for Update Refs. Used: 323M, Free: 11356M, Non-Taxable: 1135M, Alloc Tax Rate: 1.1x
[2025-05-18T21:44:42.819+0300][7204][25456][info][gc          ] GC(3) Pause Init Update Refs 0.047ms
[2025-05-18T21:44:42.819+0300][7204][5748 ][info][gc,start    ] GC(3) Concurrent update references
[2025-05-18T21:44:42.819+0300][7204][5748 ][info][gc,task     ] GC(3) Using 2 of 4 workers for concurrent reference update
[2025-05-18T21:44:42.823+0300][7204][5748 ][info][gc          ] GC(3) Concurrent update references 4.164ms
[2025-05-18T21:44:42.823+0300][7204][5748 ][info][gc,start    ] GC(3) Concurrent update thread roots
[2025-05-18T21:44:42.823+0300][7204][5748 ][info][gc          ] GC(3) Concurrent update thread roots 0.258ms
[2025-05-18T21:44:42.823+0300][7204][25456][info][gc,start    ] GC(3) Pause Final Update Refs
[2025-05-18T21:44:42.823+0300][7204][25456][info][gc,task     ] GC(3) Using 4 of 4 workers for final reference update
[2025-05-18T21:44:42.823+0300][7204][25456][info][gc          ] GC(3) Pause Final Update Refs 0.069ms
[2025-05-18T21:44:42.823+0300][7204][5748 ][info][gc,start    ] GC(3) Concurrent cleanup
[2025-05-18T21:44:42.823+0300][7204][5748 ][info][gc          ] GC(3) Concurrent cleanup 323M->23M(12288M) 0.041ms
[2025-05-18T21:44:42.823+0300][7204][5748 ][info][gc,ergo     ] Free: 11648M, Max: 4096K regular, 9112M humongous, Frag: 22% external, 0% internal; Reserve: 616M, Max: 4096K
[2025-05-18T21:44:42.824+0300][7204][5748 ][info][gc,stats    ] 
[2025-05-18T21:44:42.824+0300][7204][5748 ][info][gc,stats    ] All times are wall-clock times, except per-root-class counters, that are sum over
[2025-05-18T21:44:42.824+0300][7204][5748 ][info][gc,stats    ] all workers. Dividing the <total> over the root stage time estimates parallelism.
[2025-05-18T21:44:42.824+0300][7204][5748 ][info][gc,stats    ] 
[2025-05-18T21:44:42.824+0300][7204][5748 ][info][gc,stats    ] Concurrent Reset                   1700 us
[2025-05-18T21:44:42.824+0300][7204][5748 ][info][gc,stats    ] Pause Init Mark (G)                 193 us
[2025-05-18T21:44:42.824+0300][7204][5748 ][info][gc,stats    ] Pause Init Mark (N)                  78 us
[2025-05-18T21:44:42.824+0300][7204][5748 ][info][gc,stats    ]   Update Region States               11 us
[2025-05-18T21:44:42.824+0300][7204][5748 ][info][gc,stats    ] Concurrent Mark Roots               299 us, parallelism: 0.98x
[2025-05-18T21:44:42.824+0300][7204][5748 ][info][gc,stats    ]   CMR: <total>                      295 us
[2025-05-18T21:44:42.824+0300][7204][5748 ][info][gc,stats    ]   CMR: Thread Roots                 193 us, workers (us):  61, 132, ---, ---, 
[2025-05-18T21:44:42.824+0300][7204][5748 ][info][gc,stats    ]   CMR: VM Strong Roots               14 us, workers (us):  14,   0, ---, ---, 
[2025-05-18T21:44:42.824+0300][7204][5748 ][info][gc,stats    ]   CMR: CLDG Roots                    87 us, workers (us):  87, ---, ---, ---, 
[2025-05-18T21:44:42.824+0300][7204][5748 ][info][gc,stats    ] Concurrent Marking                 5990 us
[2025-05-18T21:44:42.824+0300][7204][5748 ][info][gc,stats    ] Pause Final Mark (G)                562 us
[2025-05-18T21:44:42.824+0300][7204][5748 ][info][gc,stats    ] Pause Final Mark (N)                439 us
[2025-05-18T21:44:42.824+0300][7204][5748 ][info][gc,stats    ]   Finish Mark                       284 us
[2025-05-18T21:44:42.824+0300][7204][5748 ][info][gc,stats    ]   Update Region States               20 us
[2025-05-18T21:44:42.824+0300][7204][5748 ][info][gc,stats    ]   Choose Collection Set              50 us
[2025-05-18T21:44:42.824+0300][7204][5748 ][info][gc,stats    ]   Rebuild Free Set                   18 us
[2025-05-18T21:44:42.824+0300][7204][5748 ][info][gc,stats    ] Concurrent Thread Roots             281 us, parallelism: 0.47x
[2025-05-18T21:44:42.824+0300][7204][5748 ][info][gc,stats    ]   CTR: <total>                      132 us
[2025-05-18T21:44:42.824+0300][7204][5748 ][info][gc,stats    ]   CTR: Thread Roots                 132 us, workers (us):  91,  40, ---, ---, 
[2025-05-18T21:44:42.824+0300][7204][5748 ][info][gc,stats    ] Concurrent Weak References          280 us, parallelism: 0.43x
[2025-05-18T21:44:42.824+0300][7204][5748 ][info][gc,stats    ]   CWRF: <total>                     121 us
[2025-05-18T21:44:42.824+0300][7204][5748 ][info][gc,stats    ]   CWRF: Weak References             121 us, workers (us):  79,  42, ---, ---, 
[2025-05-18T21:44:42.824+0300][7204][5748 ][info][gc,stats    ] Concurrent Weak Roots              1959 us
[2025-05-18T21:44:42.824+0300][7204][5748 ][info][gc,stats    ]   Roots                            1705 us, parallelism: 1.76x
[2025-05-18T21:44:42.824+0300][7204][5748 ][info][gc,stats    ]     CWR: <total>                   3003 us
[2025-05-18T21:44:42.824+0300][7204][5748 ][info][gc,stats    ]     CWR: Code Cache Roots          2326 us, workers (us): 1175, 1151, ---, ---, 
[2025-05-18T21:44:42.824+0300][7204][5748 ][info][gc,stats    ]     CWR: VM Weak Roots              665 us, workers (us): 357, 308, ---, ---, 
[2025-05-18T21:44:42.824+0300][7204][5748 ][info][gc,stats    ]     CWR: CLDG Roots                  12 us, workers (us): ---,  12, ---, ---, 
[2025-05-18T21:44:42.824+0300][7204][5748 ][info][gc,stats    ]   Rendezvous                        180 us
[2025-05-18T21:44:42.824+0300][7204][5748 ][info][gc,stats    ] Concurrent Cleanup                   61 us
[2025-05-18T21:44:42.824+0300][7204][5748 ][info][gc,stats    ] Concurrent Class Unloading        16037 us
[2025-05-18T21:44:42.824+0300][7204][5748 ][info][gc,stats    ]   Unlink Stale                    13481 us
[2025-05-18T21:44:42.824+0300][7204][5748 ][info][gc,stats    ]     System Dictionary               318 us
[2025-05-18T21:44:42.824+0300][7204][5748 ][info][gc,stats    ]     Weak Class Links               4500 us
[2025-05-18T21:44:42.824+0300][7204][5748 ][info][gc,stats    ]     Code Roots                     8652 us
[2025-05-18T21:44:42.824+0300][7204][5748 ][info][gc,stats    ]   Rendezvous                        160 us
[2025-05-18T21:44:42.824+0300][7204][5748 ][info][gc,stats    ]   Purge Unlinked                   2327 us
[2025-05-18T21:44:42.824+0300][7204][5748 ][info][gc,stats    ]     Code Roots                     1648 us
[2025-05-18T21:44:42.824+0300][7204][5748 ][info][gc,stats    ]     CLDG                            679 us
[2025-05-18T21:44:42.824+0300][7204][5748 ][info][gc,stats    ]     Exception Caches                  0 us
[2025-05-18T21:44:42.824+0300][7204][5748 ][info][gc,stats    ] Concurrent Strong Roots             348 us, parallelism: 0.36x
[2025-05-18T21:44:42.824+0300][7204][5748 ][info][gc,stats    ]   CSR: <total>                      124 us
[2025-05-18T21:44:42.824+0300][7204][5748 ][info][gc,stats    ]   CSR: VM Strong Roots                6 us, workers (us):   5,   0, ---, ---, 
[2025-05-18T21:44:42.824+0300][7204][5748 ][info][gc,stats    ]   CSR: CLDG Roots                   118 us, workers (us): 118, ---, ---, ---, 
[2025-05-18T21:44:42.824+0300][7204][5748 ][info][gc,stats    ] Concurrent Evacuation              3049 us
[2025-05-18T21:44:42.824+0300][7204][5748 ][info][gc,stats    ] Pause Init Update Refs (G)          261 us
[2025-05-18T21:44:42.824+0300][7204][5748 ][info][gc,stats    ] Pause Init Update Refs (N)           55 us
[2025-05-18T21:44:42.824+0300][7204][5748 ][info][gc,stats    ]   Manage GCLABs                       2 us
[2025-05-18T21:44:42.824+0300][7204][5748 ][info][gc,stats    ] Concurrent Update Refs             4227 us
[2025-05-18T21:44:42.824+0300][7204][5748 ][info][gc,stats    ] Concurrent Update Thread Roots      283 us
[2025-05-18T21:44:42.824+0300][7204][5748 ][info][gc,stats    ] Pause Final Update Refs (G)         206 us
[2025-05-18T21:44:42.824+0300][7204][5748 ][info][gc,stats    ] Pause Final Update Refs (N)          78 us
[2025-05-18T21:44:42.824+0300][7204][5748 ][info][gc,stats    ]   Update Region States               19 us
[2025-05-18T21:44:42.824+0300][7204][5748 ][info][gc,stats    ]   Trash Collection Set                4 us
[2025-05-18T21:44:42.824+0300][7204][5748 ][info][gc,stats    ]   Rebuild Free Set                   12 us
[2025-05-18T21:44:42.824+0300][7204][5748 ][info][gc,stats    ] Concurrent Cleanup                   55 us
[2025-05-18T21:44:42.824+0300][7204][5748 ][info][gc,stats    ] 
[2025-05-18T21:44:42.824+0300][7204][5748 ][info][gc,stats    ] Allocation pacing accrued:
[2025-05-18T21:44:42.824+0300][7204][5748 ][info][gc,stats    ]       0 of 80327 ms (  0.0%): <total>
[2025-05-18T21:44:42.824+0300][7204][5748 ][info][gc,stats    ]       0 of 80327 ms (  0.0%): <average total>
[2025-05-18T21:44:42.824+0300][7204][5748 ][info][gc,stats    ] 
[2025-05-18T21:44:42.824+0300][7204][5748 ][info][gc,metaspace] Metaspace: 34377K(35456K)->32925K(35328K) NonClass: 31506K(32128K)->30214K(32000K) Class: 2871K(3328K)->2710K(3328K)
[2025-05-18T21:44:42.824+0300][7204][5748 ][info][gc,ergo     ] Pacer for Idle. Initial: 245M, Alloc Tax Rate: 1.0x
[2025-05-18T21:46:18.416+0300][7204][5748 ][info][gc          ] Trigger: Learning 2 of 5. Free (8600M) is below initial threshold (8601M)
[2025-05-18T21:46:18.416+0300][7204][5748 ][info][gc,ergo     ] Free: 8600M, Max: 4096K regular, 8600M humongous, Frag: 0% external, 0% internal; Reserve: 616M, Max: 4096K
[2025-05-18T21:46:18.416+0300][7204][5748 ][info][gc,start    ] GC(4) Concurrent reset
[2025-05-18T21:46:18.416+0300][7204][5748 ][info][gc,task     ] GC(4) Using 2 of 4 workers for concurrent reset
[2025-05-18T21:46:18.416+0300][7204][5748 ][info][gc,ergo     ] GC(4) Pacer for Reset. Non-Taxable: 12288M
[2025-05-18T21:46:18.418+0300][7204][5748 ][info][gc          ] GC(4) Concurrent reset 1.641ms
[2025-05-18T21:46:18.418+0300][7204][25456][info][gc,start    ] GC(4) Pause Init Mark (unload classes)
[2025-05-18T21:46:18.418+0300][7204][25456][info][gc,task     ] GC(4) Using 4 of 4 workers for init marking
[2025-05-18T21:46:18.418+0300][7204][25456][info][gc,ergo     ] GC(4) Pacer for Mark. Expected Live: 12557K, Free: 8600M, Non-Taxable: 860M, Alloc Tax Rate: 0.0x
[2025-05-18T21:46:18.418+0300][7204][25456][info][gc          ] GC(4) Pause Init Mark (unload classes) 0.119ms
[2025-05-18T21:46:18.418+0300][7204][5748 ][info][gc,start    ] GC(4) Concurrent marking roots
[2025-05-18T21:46:18.418+0300][7204][5748 ][info][gc,task     ] GC(4) Using 2 of 4 workers for concurrent marking roots
[2025-05-18T21:46:18.419+0300][7204][5748 ][info][gc          ] GC(4) Concurrent marking roots 0.637ms
[2025-05-18T21:46:18.419+0300][7204][5748 ][info][gc,start    ] GC(4) Concurrent marking (unload classes)
[2025-05-18T21:46:18.419+0300][7204][5748 ][info][gc,task     ] GC(4) Using 2 of 4 workers for concurrent marking
[2025-05-18T21:46:18.426+0300][7204][5748 ][info][gc          ] GC(4) Concurrent marking (unload classes) 7.046ms
[2025-05-18T21:46:18.426+0300][7204][25456][info][gc,start    ] GC(4) Pause Final Mark (unload classes)
[2025-05-18T21:46:18.426+0300][7204][25456][info][gc,task     ] GC(4) Using 4 of 4 workers for final marking
[2025-05-18T21:46:18.426+0300][7204][25456][info][gc,ergo     ] GC(4) Adaptive CSet Selection. Target Free: 1740M, Actual Free: 11800M, Max CSet: 512M, Min Garbage: 0B
[2025-05-18T21:46:18.426+0300][7204][25456][info][gc,ergo     ] GC(4) Collectable Garbage: 3057M (99%), Immediate: 2584M (84%), CSet: 473M (15%)
[2025-05-18T21:46:18.426+0300][7204][25456][info][gc,ergo     ] GC(4) Pacer for Evacuation. Used CSet: 480M, Free: 11184M, Non-Taxable: 1118M, Alloc Tax Rate: 1.1x
[2025-05-18T21:46:18.426+0300][7204][25456][info][gc          ] GC(4) Pause Final Mark (unload classes) 0.361ms
[2025-05-18T21:46:18.426+0300][7204][5748 ][info][gc,start    ] GC(4) Concurrent thread roots
[2025-05-18T21:46:18.426+0300][7204][5748 ][info][gc,task     ] GC(4) Using 2 of 4 workers for Concurrent thread roots
[2025-05-18T21:46:18.426+0300][7204][5748 ][info][gc          ] GC(4) Concurrent thread roots 0.187ms
[2025-05-18T21:46:18.426+0300][7204][5748 ][info][gc,start    ] GC(4) Concurrent weak references
[2025-05-18T21:46:18.426+0300][7204][5748 ][info][gc,task     ] GC(4) Using 2 of 4 workers for concurrent weak references
[2025-05-18T21:46:18.426+0300][7204][5748 ][info][gc,ref      ] GC(4) Encountered references: Soft: 3752, Weak: 2658, Final: 3, Phantom: 317
[2025-05-18T21:46:18.426+0300][7204][5748 ][info][gc,ref      ] GC(4) Discovered  references: Soft: 0, Weak: 1114, Final: 1, Phantom: 231
[2025-05-18T21:46:18.426+0300][7204][5748 ][info][gc,ref      ] GC(4) Enqueued    references: Soft: 0, Weak: 304, Final: 0, Phantom: 39
[2025-05-18T21:46:18.426+0300][7204][5748 ][info][gc          ] GC(4) Concurrent weak references 0.180ms
[2025-05-18T21:46:18.426+0300][7204][5748 ][info][gc,start    ] GC(4) Concurrent weak roots
[2025-05-18T21:46:18.426+0300][7204][5748 ][info][gc,task     ] GC(4) Using 2 of 4 workers for concurrent weak root
[2025-05-18T21:46:18.430+0300][7204][5748 ][info][gc          ] GC(4) Concurrent weak roots 3.578ms
[2025-05-18T21:46:18.430+0300][7204][5748 ][info][gc,start    ] GC(4) Concurrent cleanup
[2025-05-18T21:46:18.430+0300][7204][5748 ][info][gc          ] GC(4) Concurrent cleanup 3076M->492M(12288M) 0.049ms
[2025-05-18T21:46:18.430+0300][7204][5748 ][info][gc,ergo     ] GC(4) Free: 11180M, Max: 4096K regular, 8596M humongous, Frag: 24% external, 0% internal; Reserve: 615M, Max: 4096K
[2025-05-18T21:46:18.430+0300][7204][5748 ][info][gc,start    ] GC(4) Concurrent class unloading
[2025-05-18T21:46:18.430+0300][7204][5748 ][info][gc,task     ] GC(4) Using 2 of 4 workers for concurrent class unloading
[2025-05-18T21:46:18.455+0300][7204][5748 ][info][gc          ] GC(4) Concurrent class unloading 25.112ms
[2025-05-18T21:46:18.455+0300][7204][5748 ][info][gc,start    ] GC(4) Concurrent strong roots
[2025-05-18T21:46:18.455+0300][7204][5748 ][info][gc,task     ] GC(4) Using 2 of 4 workers for concurrent strong root
[2025-05-18T21:46:18.456+0300][7204][5748 ][info][gc          ] GC(4) Concurrent strong roots 0.284ms
[2025-05-18T21:46:18.456+0300][7204][5748 ][info][gc,start    ] GC(4) Concurrent evacuation
[2025-05-18T21:46:18.456+0300][7204][5748 ][info][gc,task     ] GC(4) Using 2 of 4 workers for concurrent evacuation
[2025-05-18T21:46:18.459+0300][7204][5748 ][info][gc          ] GC(4) Concurrent evacuation 3.400ms
[2025-05-18T21:46:18.459+0300][7204][25456][info][gc,start    ] GC(4) Pause Init Update Refs
[2025-05-18T21:46:18.459+0300][7204][25456][info][gc,ergo     ] GC(4) Pacer for Update Refs. Used: 539M, Free: 11144M, Non-Taxable: 1114M, Alloc Tax Rate: 1.1x
[2025-05-18T21:46:18.459+0300][7204][25456][info][gc          ] GC(4) Pause Init Update Refs 0.033ms
[2025-05-18T21:46:18.459+0300][7204][5748 ][info][gc,start    ] GC(4) Concurrent update references
[2025-05-18T21:46:18.459+0300][7204][5748 ][info][gc,task     ] GC(4) Using 2 of 4 workers for concurrent reference update
[2025-05-18T21:46:18.465+0300][7204][5748 ][info][gc          ] GC(4) Concurrent update references 4.409ms
[2025-05-18T21:46:18.465+0300][7204][5748 ][info][gc,start    ] GC(4) Concurrent update thread roots
[2025-05-18T21:46:18.465+0300][7204][5748 ][info][gc          ] GC(4) Concurrent update thread roots 0.143ms
[2025-05-18T21:46:18.465+0300][7204][25456][info][gc,start    ] GC(4) Pause Final Update Refs
[2025-05-18T21:46:18.465+0300][7204][25456][info][gc,task     ] GC(4) Using 4 of 4 workers for final reference update
[2025-05-18T21:46:18.465+0300][7204][25456][info][gc          ] GC(4) Pause Final Update Refs 0.065ms
[2025-05-18T21:46:18.465+0300][7204][5748 ][info][gc,start    ] GC(4) Concurrent cleanup
[2025-05-18T21:46:18.465+0300][7204][5748 ][info][gc          ] GC(4) Concurrent cleanup 543M->63M(12288M) 0.024ms
[2025-05-18T21:46:18.465+0300][7204][5748 ][info][gc,ergo     ] Free: 11608M, Max: 4096K regular, 8592M humongous, Frag: 26% external, 0% internal; Reserve: 616M, Max: 4096K
[2025-05-18T21:46:18.465+0300][7204][5748 ][info][gc,stats    ] 
[2025-05-18T21:46:18.465+0300][7204][5748 ][info][gc,stats    ] All times are wall-clock times, except per-root-class counters, that are sum over
[2025-05-18T21:46:18.465+0300][7204][5748 ][info][gc,stats    ] all workers. Dividing the <total> over the root stage time estimates parallelism.
[2025-05-18T21:46:18.465+0300][7204][5748 ][info][gc,stats    ] 
[2025-05-18T21:46:18.465+0300][7204][5748 ][info][gc,stats    ] Concurrent Reset                   1722 us
[2025-05-18T21:46:18.465+0300][7204][5748 ][info][gc,stats    ] Pause Init Mark (G)                 256 us
[2025-05-18T21:46:18.465+0300][7204][5748 ][info][gc,stats    ] Pause Init Mark (N)                 134 us
[2025-05-18T21:46:18.465+0300][7204][5748 ][info][gc,stats    ]   Update Region States               21 us
[2025-05-18T21:46:18.465+0300][7204][5748 ][info][gc,stats    ] Concurrent Mark Roots               665 us, parallelism: 0.77x
[2025-05-18T21:46:18.465+0300][7204][5748 ][info][gc,stats    ]   CMR: <total>                      511 us
[2025-05-18T21:46:18.465+0300][7204][5748 ][info][gc,stats    ]   CMR: Thread Roots                 371 us, workers (us): 247, 124, ---, ---, 
[2025-05-18T21:46:18.465+0300][7204][5748 ][info][gc,stats    ]   CMR: VM Strong Roots               18 us, workers (us):  15,   3, ---, ---, 
[2025-05-18T21:46:18.465+0300][7204][5748 ][info][gc,stats    ]   CMR: CLDG Roots                   122 us, workers (us): ---, 122, ---, ---, 
[2025-05-18T21:46:18.465+0300][7204][5748 ][info][gc,stats    ] Concurrent Marking                 7093 us
[2025-05-18T21:46:18.465+0300][7204][5748 ][info][gc,stats    ] Pause Final Mark (G)                402 us
[2025-05-18T21:46:18.465+0300][7204][5748 ][info][gc,stats    ] Pause Final Mark (N)                369 us
[2025-05-18T21:46:18.465+0300][7204][5748 ][info][gc,stats    ]   Finish Mark                       223 us
[2025-05-18T21:46:18.465+0300][7204][5748 ][info][gc,stats    ]   Update Region States               20 us
[2025-05-18T21:46:18.465+0300][7204][5748 ][info][gc,stats    ]   Choose Collection Set              60 us
[2025-05-18T21:46:18.465+0300][7204][5748 ][info][gc,stats    ]   Rebuild Free Set                   15 us
[2025-05-18T21:46:18.465+0300][7204][5748 ][info][gc,stats    ] Concurrent Thread Roots             209 us, parallelism: 1.12x
[2025-05-18T21:46:18.465+0300][7204][5748 ][info][gc,stats    ]   CTR: <total>                      233 us
[2025-05-18T21:46:18.465+0300][7204][5748 ][info][gc,stats    ]   CTR: Thread Roots                 233 us, workers (us): 134,  99, ---, ---, 
[2025-05-18T21:46:18.465+0300][7204][5748 ][info][gc,stats    ] Concurrent Weak References          192 us, parallelism: 0.67x
[2025-05-18T21:46:18.465+0300][7204][5748 ][info][gc,stats    ]   CWRF: <total>                     128 us
[2025-05-18T21:46:18.465+0300][7204][5748 ][info][gc,stats    ]   CWRF: Weak References             128 us, workers (us):  82,  46, ---, ---, 
[2025-05-18T21:46:18.465+0300][7204][5748 ][info][gc,stats    ] Concurrent Weak Roots              3618 us
[2025-05-18T21:46:18.465+0300][7204][5748 ][info][gc,stats    ]   Roots                            3504 us, parallelism: 1.92x
[2025-05-18T21:46:18.465+0300][7204][5748 ][info][gc,stats    ]     CWR: <total>                   6711 us
[2025-05-18T21:46:18.465+0300][7204][5748 ][info][gc,stats    ]     CWR: Code Cache Roots          5507 us, workers (us): 2717, 2791, ---, ---, 
[2025-05-18T21:46:18.465+0300][7204][5748 ][info][gc,stats    ]     CWR: VM Weak Roots             1168 us, workers (us): 588, 580, ---, ---, 
[2025-05-18T21:46:18.465+0300][7204][5748 ][info][gc,stats    ]     CWR: CLDG Roots                  35 us, workers (us): ---,  35, ---, ---, 
[2025-05-18T21:46:18.465+0300][7204][5748 ][info][gc,stats    ]   Rendezvous                         50 us
[2025-05-18T21:46:18.465+0300][7204][5748 ][info][gc,stats    ] Concurrent Cleanup                   59 us
[2025-05-18T21:46:18.465+0300][7204][5748 ][info][gc,stats    ] Concurrent Class Unloading        25171 us
[2025-05-18T21:46:18.465+0300][7204][5748 ][info][gc,stats    ]   Unlink Stale                    12332 us
[2025-05-18T21:46:18.465+0300][7204][5748 ][info][gc,stats    ]     System Dictionary               269 us
[2025-05-18T21:46:18.465+0300][7204][5748 ][info][gc,stats    ]     Weak Class Links               6654 us
[2025-05-18T21:46:18.465+0300][7204][5748 ][info][gc,stats    ]     Code Roots                     5407 us
[2025-05-18T21:46:18.465+0300][7204][5748 ][info][gc,stats    ]   Rendezvous                         66 us
[2025-05-18T21:46:18.465+0300][7204][5748 ][info][gc,stats    ]   Purge Unlinked                  12684 us
[2025-05-18T21:46:18.465+0300][7204][5748 ][info][gc,stats    ]     Code Roots                    12338 us
[2025-05-18T21:46:18.465+0300][7204][5748 ][info][gc,stats    ]     CLDG                            346 us
[2025-05-18T21:46:18.465+0300][7204][5748 ][info][gc,stats    ]     Exception Caches                  0 us
[2025-05-18T21:46:18.465+0300][7204][5748 ][info][gc,stats    ] Concurrent Strong Roots             309 us, parallelism: 0.70x
[2025-05-18T21:46:18.465+0300][7204][5748 ][info][gc,stats    ]   CSR: <total>                      216 us
[2025-05-18T21:46:18.465+0300][7204][5748 ][info][gc,stats    ]   CSR: VM Strong Roots                6 us, workers (us):   6,   0, ---, ---, 
[2025-05-18T21:46:18.465+0300][7204][5748 ][info][gc,stats    ]   CSR: CLDG Roots                   210 us, workers (us): 210, ---, ---, ---, 
[2025-05-18T21:46:18.465+0300][7204][5748 ][info][gc,stats    ] Concurrent Evacuation              3433 us
[2025-05-18T21:46:18.465+0300][7204][5748 ][info][gc,stats    ] Pause Init Update Refs (G)           71 us
[2025-05-18T21:46:18.465+0300][7204][5748 ][info][gc,stats    ] Pause Init Update Refs (N)           42 us
[2025-05-18T21:46:18.465+0300][7204][5748 ][info][gc,stats    ]   Manage GCLABs                       4 us
[2025-05-18T21:46:18.465+0300][7204][5748 ][info][gc,stats    ] Concurrent Update Refs             4454 us
[2025-05-18T21:46:18.465+0300][7204][5748 ][info][gc,stats    ] Concurrent Update Thread Roots      159 us
[2025-05-18T21:46:18.465+0300][7204][5748 ][info][gc,stats    ] Pause Final Update Refs (G)         101 us
[2025-05-18T21:46:18.465+0300][7204][5748 ][info][gc,stats    ] Pause Final Update Refs (N)          74 us
[2025-05-18T21:46:18.465+0300][7204][5748 ][info][gc,stats    ]   Update Region States               20 us
[2025-05-18T21:46:18.465+0300][7204][5748 ][info][gc,stats    ]   Trash Collection Set                4 us
[2025-05-18T21:46:18.465+0300][7204][5748 ][info][gc,stats    ]   Rebuild Free Set                   14 us
[2025-05-18T21:46:18.465+0300][7204][5748 ][info][gc,stats    ] Concurrent Cleanup                   34 us
[2025-05-18T21:46:18.465+0300][7204][5748 ][info][gc,stats    ] 
[2025-05-18T21:46:18.465+0300][7204][5748 ][info][gc,stats    ] Allocation pacing accrued:
[2025-05-18T21:46:18.465+0300][7204][5748 ][info][gc,stats    ]       0 of 95641 ms (  0.0%): <total>
[2025-05-18T21:46:18.465+0300][7204][5748 ][info][gc,stats    ]       0 of 95641 ms (  0.0%): <average total>
[2025-05-18T21:46:18.465+0300][7204][5748 ][info][gc,stats    ] 
[2025-05-18T21:46:18.465+0300][7204][5748 ][info][gc,metaspace] Metaspace: 34481K(35392K)->34221K(35392K) NonClass: 31585K(32064K)->31395K(32064K) Class: 2896K(3328K)->2825K(3328K)
[2025-05-18T21:46:18.465+0300][7204][5748 ][info][gc,ergo     ] Pacer for Idle. Initial: 245M, Alloc Tax Rate: 1.0x
[2025-05-18T21:47:35.052+0300][7204][5748 ][info][gc          ] Trigger: Explicit GC request (System.gc())
[2025-05-18T21:47:35.052+0300][7204][5748 ][info][gc,ergo     ] Free: 9268M, Max: 4096K regular, 8592M humongous, Frag: 8% external, 0% internal; Reserve: 616M, Max: 4096K
[2025-05-18T21:47:35.052+0300][7204][5748 ][info][gc,start    ] GC(5) Concurrent reset
[2025-05-18T21:47:35.052+0300][7204][5748 ][info][gc,task     ] GC(5) Using 2 of 4 workers for concurrent reset
[2025-05-18T21:47:35.052+0300][7204][5748 ][info][gc,ergo     ] GC(5) Pacer for Reset. Non-Taxable: 12288M
[2025-05-18T21:47:35.053+0300][7204][5748 ][info][gc          ] GC(5) Concurrent reset 0.861ms
[2025-05-18T21:47:35.053+0300][7204][25456][info][gc,start    ] GC(5) Pause Init Mark (unload classes)
[2025-05-18T21:47:35.053+0300][7204][25456][info][gc,task     ] GC(5) Using 4 of 4 workers for init marking
[2025-05-18T21:47:35.053+0300][7204][25456][info][gc,ref      ] GC(5) Clearing All SoftReferences
[2025-05-18T21:47:35.053+0300][7204][25456][info][gc,ergo     ] GC(5) Pacer for Mark. Expected Live: 12810K, Free: 9268M, Non-Taxable: 926M, Alloc Tax Rate: 0.0x
[2025-05-18T21:47:35.053+0300][7204][25456][info][gc          ] GC(5) Pause Init Mark (unload classes) 0.066ms
[2025-05-18T21:47:35.053+0300][7204][5748 ][info][gc,start    ] GC(5) Concurrent marking roots
[2025-05-18T21:47:35.053+0300][7204][5748 ][info][gc,task     ] GC(5) Using 2 of 4 workers for concurrent marking roots
[2025-05-18T21:47:35.053+0300][7204][5748 ][info][gc          ] GC(5) Concurrent marking roots 0.330ms
[2025-05-18T21:47:35.053+0300][7204][5748 ][info][gc,start    ] GC(5) Concurrent marking (unload classes)
[2025-05-18T21:47:35.053+0300][7204][5748 ][info][gc,task     ] GC(5) Using 2 of 4 workers for concurrent marking
[2025-05-18T21:47:35.059+0300][7204][5748 ][info][gc          ] GC(5) Concurrent marking (unload classes) 5.468ms
[2025-05-18T21:47:35.059+0300][7204][25456][info][gc,start    ] GC(5) Pause Final Mark (unload classes)
[2025-05-18T21:47:35.059+0300][7204][25456][info][gc,task     ] GC(5) Using 4 of 4 workers for final marking
[2025-05-18T21:47:35.059+0300][7204][25456][info][gc,ergo     ] GC(5) Adaptive CSet Selection. Target Free: 1740M, Actual Free: 11992M, Max CSet: 512M, Min Garbage: 0B
[2025-05-18T21:47:35.059+0300][7204][25456][info][gc,ergo     ] GC(5) Collectable Garbage: 2390M (99%), Immediate: 2108M (88%), CSet: 282M (11%)
[2025-05-18T21:47:35.059+0300][7204][25456][info][gc,ergo     ] GC(5) Pacer for Evacuation. Used CSet: 287M, Free: 11376M, Non-Taxable: 1137M, Alloc Tax Rate: 1.1x
[2025-05-18T21:47:35.059+0300][7204][25456][info][gc          ] GC(5) Pause Final Mark (unload classes) 0.387ms
[2025-05-18T21:47:35.060+0300][7204][5748 ][info][gc,start    ] GC(5) Concurrent thread roots
[2025-05-18T21:47:35.060+0300][7204][5748 ][info][gc,task     ] GC(5) Using 2 of 4 workers for Concurrent thread roots
[2025-05-18T21:47:35.060+0300][7204][5748 ][info][gc          ] GC(5) Concurrent thread roots 0.246ms
[2025-05-18T21:47:35.060+0300][7204][5748 ][info][gc,start    ] GC(5) Concurrent weak references
[2025-05-18T21:47:35.060+0300][7204][5748 ][info][gc,task     ] GC(5) Using 2 of 4 workers for concurrent weak references
[2025-05-18T21:47:35.060+0300][7204][5748 ][info][gc,ref      ] GC(5) Encountered references: Soft: 3565, Weak: 2116, Final: 3, Phantom: 260
[2025-05-18T21:47:35.060+0300][7204][5748 ][info][gc,ref      ] GC(5) Discovered  references: Soft: 2091, Weak: 806, Final: 1, Phantom: 182
[2025-05-18T21:47:35.060+0300][7204][5748 ][info][gc,ref      ] GC(5) Enqueued    references: Soft: 113, Weak: 166, Final: 0, Phantom: 3
[2025-05-18T21:47:35.060+0300][7204][5748 ][info][gc          ] GC(5) Concurrent weak references 0.252ms
[2025-05-18T21:47:35.060+0300][7204][5748 ][info][gc,start    ] GC(5) Concurrent weak roots
[2025-05-18T21:47:35.060+0300][7204][5748 ][info][gc,task     ] GC(5) Using 2 of 4 workers for concurrent weak root
[2025-05-18T21:47:35.061+0300][7204][5748 ][info][gc          ] GC(5) Concurrent weak roots 1.756ms
[2025-05-18T21:47:35.061+0300][7204][5748 ][info][gc,start    ] GC(5) Concurrent cleanup
[2025-05-18T21:47:35.061+0300][7204][5748 ][info][gc          ] GC(5) Concurrent cleanup 2411M->303M(12288M) 0.083ms
[2025-05-18T21:47:35.061+0300][7204][5748 ][info][gc,ergo     ] GC(5) Free: 11368M, Max: 4096K regular, 8592M humongous, Frag: 25% external, 0% internal; Reserve: 615M, Max: 4096K
[2025-05-18T21:47:35.061+0300][7204][5748 ][info][gc,start    ] GC(5) Concurrent class unloading
[2025-05-18T21:47:35.062+0300][7204][5748 ][info][gc,task     ] GC(5) Using 2 of 4 workers for concurrent class unloading
[2025-05-18T21:47:35.078+0300][7204][5748 ][info][gc          ] GC(5) Concurrent class unloading 16.565ms
[2025-05-18T21:47:35.078+0300][7204][5748 ][info][gc,start    ] GC(5) Concurrent strong roots
[2025-05-18T21:47:35.078+0300][7204][5748 ][info][gc,task     ] GC(5) Using 2 of 4 workers for concurrent strong root
[2025-05-18T21:47:35.078+0300][7204][5748 ][info][gc          ] GC(5) Concurrent strong roots 0.175ms
[2025-05-18T21:47:35.078+0300][7204][5748 ][info][gc,start    ] GC(5) Concurrent evacuation
[2025-05-18T21:47:35.078+0300][7204][5748 ][info][gc,task     ] GC(5) Using 2 of 4 workers for concurrent evacuation
[2025-05-18T21:47:35.081+0300][7204][5748 ][info][gc          ] GC(5) Concurrent evacuation 2.333ms
[2025-05-18T21:47:35.081+0300][7204][25456][info][gc,start    ] GC(5) Pause Init Update Refs
[2025-05-18T21:47:35.081+0300][7204][25456][info][gc,ergo     ] GC(5) Pacer for Update Refs. Used: 311M, Free: 11368M, Non-Taxable: 1136M, Alloc Tax Rate: 1.1x
[2025-05-18T21:47:35.081+0300][7204][25456][info][gc          ] GC(5) Pause Init Update Refs 0.049ms
[2025-05-18T21:47:35.081+0300][7204][5748 ][info][gc,start    ] GC(5) Concurrent update references
[2025-05-18T21:47:35.081+0300][7204][5748 ][info][gc,task     ] GC(5) Using 2 of 4 workers for concurrent reference update
[2025-05-18T21:47:35.085+0300][7204][5748 ][info][gc          ] GC(5) Concurrent update references 3.921ms
[2025-05-18T21:47:35.085+0300][7204][5748 ][info][gc,start    ] GC(5) Concurrent update thread roots
[2025-05-18T21:47:35.085+0300][7204][5748 ][info][gc          ] GC(5) Concurrent update thread roots 0.217ms
[2025-05-18T21:47:35.085+0300][7204][25456][info][gc,start    ] GC(5) Pause Final Update Refs
[2025-05-18T21:47:35.085+0300][7204][25456][info][gc,task     ] GC(5) Using 4 of 4 workers for final reference update
[2025-05-18T21:47:35.085+0300][7204][25456][info][gc          ] GC(5) Pause Final Update Refs 0.069ms
[2025-05-18T21:47:35.085+0300][7204][5748 ][info][gc,start    ] GC(5) Concurrent cleanup
[2025-05-18T21:47:35.085+0300][7204][5748 ][info][gc          ] GC(5) Concurrent cleanup 311M->23M(12288M) 0.036ms
[2025-05-18T21:47:35.085+0300][7204][5748 ][info][gc,ergo     ] Free: 11648M, Max: 4096K regular, 9268M humongous, Frag: 21% external, 0% internal; Reserve: 616M, Max: 4096K
[2025-05-18T21:47:35.085+0300][7204][5748 ][info][gc,stats    ] 
[2025-05-18T21:47:35.085+0300][7204][5748 ][info][gc,stats    ] All times are wall-clock times, except per-root-class counters, that are sum over
[2025-05-18T21:47:35.085+0300][7204][5748 ][info][gc,stats    ] all workers. Dividing the <total> over the root stage time estimates parallelism.
[2025-05-18T21:47:35.085+0300][7204][5748 ][info][gc,stats    ] 
[2025-05-18T21:47:35.085+0300][7204][5748 ][info][gc,stats    ] Concurrent Reset                    891 us
[2025-05-18T21:47:35.085+0300][7204][5748 ][info][gc,stats    ] Pause Init Mark (G)                 221 us
[2025-05-18T21:47:35.085+0300][7204][5748 ][info][gc,stats    ] Pause Init Mark (N)                  75 us
[2025-05-18T21:47:35.085+0300][7204][5748 ][info][gc,stats    ]   Update Region States               12 us
[2025-05-18T21:47:35.085+0300][7204][5748 ][info][gc,stats    ] Concurrent Mark Roots               351 us, parallelism: 0.69x
[2025-05-18T21:47:35.085+0300][7204][5748 ][info][gc,stats    ]   CMR: <total>                      241 us
[2025-05-18T21:47:35.085+0300][7204][5748 ][info][gc,stats    ]   CMR: Thread Roots                 160 us, workers (us):  67,  93, ---, ---, 
[2025-05-18T21:47:35.085+0300][7204][5748 ][info][gc,stats    ]   CMR: VM Strong Roots               12 us, workers (us):  12,   0, ---, ---, 
[2025-05-18T21:47:35.085+0300][7204][5748 ][info][gc,stats    ]   CMR: CLDG Roots                    69 us, workers (us):  69, ---, ---, ---, 
[2025-05-18T21:47:35.085+0300][7204][5748 ][info][gc,stats    ] Concurrent Marking                 5528 us
[2025-05-18T21:47:35.085+0300][7204][5748 ][info][gc,stats    ] Pause Final Mark (G)                545 us
[2025-05-18T21:47:35.085+0300][7204][5748 ][info][gc,stats    ] Pause Final Mark (N)                395 us
[2025-05-18T21:47:35.085+0300][7204][5748 ][info][gc,stats    ]   Finish Mark                       245 us
[2025-05-18T21:47:35.085+0300][7204][5748 ][info][gc,stats    ]   Update Region States               19 us
[2025-05-18T21:47:35.085+0300][7204][5748 ][info][gc,stats    ]   Choose Collection Set              51 us
[2025-05-18T21:47:35.085+0300][7204][5748 ][info][gc,stats    ]   Rebuild Free Set                   19 us
[2025-05-18T21:47:35.085+0300][7204][5748 ][info][gc,stats    ] Concurrent Thread Roots             273 us, parallelism: 0.48x
[2025-05-18T21:47:35.085+0300][7204][5748 ][info][gc,stats    ]   CTR: <total>                      132 us
[2025-05-18T21:47:35.085+0300][7204][5748 ][info][gc,stats    ]   CTR: Thread Roots                 132 us, workers (us):  94,  38, ---, ---, 
[2025-05-18T21:47:35.085+0300][7204][5748 ][info][gc,stats    ] Concurrent Weak References          261 us, parallelism: 0.40x
[2025-05-18T21:47:35.085+0300][7204][5748 ][info][gc,stats    ]   CWRF: <total>                     105 us
[2025-05-18T21:47:35.085+0300][7204][5748 ][info][gc,stats    ]   CWRF: Weak References             105 us, workers (us):  73,  33, ---, ---, 
[2025-05-18T21:47:35.085+0300][7204][5748 ][info][gc,stats    ] Concurrent Weak Roots              1823 us
[2025-05-18T21:47:35.085+0300][7204][5748 ][info][gc,stats    ]   Roots                            1576 us, parallelism: 1.70x
[2025-05-18T21:47:35.085+0300][7204][5748 ][info][gc,stats    ]     CWR: <total>                   2676 us
[2025-05-18T21:47:35.085+0300][7204][5748 ][info][gc,stats    ]     CWR: Code Cache Roots          1817 us, workers (us): 926, 892, ---, ---, 
[2025-05-18T21:47:35.085+0300][7204][5748 ][info][gc,stats    ]     CWR: VM Weak Roots              839 us, workers (us): 423, 416, ---, ---, 
[2025-05-18T21:47:35.085+0300][7204][5748 ][info][gc,stats    ]     CWR: CLDG Roots                  20 us, workers (us): ---,  20, ---, ---, 
[2025-05-18T21:47:35.085+0300][7204][5748 ][info][gc,stats    ]   Rendezvous                        160 us
[2025-05-18T21:47:35.085+0300][7204][5748 ][info][gc,stats    ] Concurrent Cleanup                   95 us
[2025-05-18T21:47:35.085+0300][7204][5748 ][info][gc,stats    ] Concurrent Class Unloading        16620 us
[2025-05-18T21:47:35.085+0300][7204][5748 ][info][gc,stats    ]   Unlink Stale                    14901 us
[2025-05-18T21:47:35.085+0300][7204][5748 ][info][gc,stats    ]     System Dictionary               297 us
[2025-05-18T21:47:35.085+0300][7204][5748 ][info][gc,stats    ]     Weak Class Links               7979 us
[2025-05-18T21:47:35.085+0300][7204][5748 ][info][gc,stats    ]     Code Roots                     6623 us
[2025-05-18T21:47:35.085+0300][7204][5748 ][info][gc,stats    ]   Rendezvous                         55 us
[2025-05-18T21:47:35.085+0300][7204][5748 ][info][gc,stats    ]   Purge Unlinked                   1581 us
[2025-05-18T21:47:35.085+0300][7204][5748 ][info][gc,stats    ]     Code Roots                     1064 us
[2025-05-18T21:47:35.085+0300][7204][5748 ][info][gc,stats    ]     CLDG                            517 us
[2025-05-18T21:47:35.085+0300][7204][5748 ][info][gc,stats    ]     Exception Caches                  0 us
[2025-05-18T21:47:35.085+0300][7204][5748 ][info][gc,stats    ] Concurrent Strong Roots             185 us, parallelism: 0.61x
[2025-05-18T21:47:35.085+0300][7204][5748 ][info][gc,stats    ]   CSR: <total>                      114 us
[2025-05-18T21:47:35.085+0300][7204][5748 ][info][gc,stats    ]   CSR: VM Strong Roots                6 us, workers (us):   6,   0, ---, ---, 
[2025-05-18T21:47:35.085+0300][7204][5748 ][info][gc,stats    ]   CSR: CLDG Roots                   107 us, workers (us): 107, ---, ---, ---, 
[2025-05-18T21:47:35.085+0300][7204][5748 ][info][gc,stats    ] Concurrent Evacuation              2344 us
[2025-05-18T21:47:35.085+0300][7204][5748 ][info][gc,stats    ] Pause Init Update Refs (G)          192 us
[2025-05-18T21:47:35.085+0300][7204][5748 ][info][gc,stats    ] Pause Init Update Refs (N)           59 us
[2025-05-18T21:47:35.085+0300][7204][5748 ][info][gc,stats    ]   Manage GCLABs                       3 us
[2025-05-18T21:47:35.085+0300][7204][5748 ][info][gc,stats    ] Concurrent Update Refs             3969 us
[2025-05-18T21:47:35.085+0300][7204][5748 ][info][gc,stats    ] Concurrent Update Thread Roots      242 us
[2025-05-18T21:47:35.085+0300][7204][5748 ][info][gc,stats    ] Pause Final Update Refs (G)         189 us
[2025-05-18T21:47:35.085+0300][7204][5748 ][info][gc,stats    ] Pause Final Update Refs (N)          79 us
[2025-05-18T21:47:35.085+0300][7204][5748 ][info][gc,stats    ]   Update Region States               19 us
[2025-05-18T21:47:35.085+0300][7204][5748 ][info][gc,stats    ]   Trash Collection Set                3 us
[2025-05-18T21:47:35.085+0300][7204][5748 ][info][gc,stats    ]   Rebuild Free Set                   12 us
[2025-05-18T21:47:35.085+0300][7204][5748 ][info][gc,stats    ] Concurrent Cleanup                   48 us
[2025-05-18T21:47:35.085+0300][7204][5748 ][info][gc,stats    ] 
[2025-05-18T21:47:35.085+0300][7204][5748 ][info][gc,stats    ] Allocation pacing accrued:
[2025-05-18T21:47:35.085+0300][7204][5748 ][info][gc,stats    ]       0 of 76621 ms (  0.0%): <total>
[2025-05-18T21:47:35.085+0300][7204][5748 ][info][gc,stats    ]       0 of 76621 ms (  0.0%): <average total>
[2025-05-18T21:47:35.085+0300][7204][5748 ][info][gc,stats    ] 
[2025-05-18T21:47:35.085+0300][7204][5748 ][info][gc,metaspace] Metaspace: 34241K(35392K)->33036K(35392K) NonClass: 31414K(32064K)->30325K(32064K) Class: 2826K(3328K)->2710K(3328K)
[2025-05-18T21:47:35.085+0300][7204][5748 ][info][gc,ergo     ] Pacer for Idle. Initial: 245M, Alloc Tax Rate: 1.0x
[2025-05-18T21:49:08.588+0300][7204][5748 ][info][gc          ] Trigger: Learning 2 of 5. Free (8600M) is below initial threshold (8601M)
[2025-05-18T21:49:08.588+0300][7204][5748 ][info][gc,ergo     ] Free: 8600M, Max: 4096K regular, 8600M humongous, Frag: 0% external, 0% internal; Reserve: 616M, Max: 4096K
[2025-05-18T21:49:08.588+0300][7204][5748 ][info][gc,start    ] GC(6) Concurrent reset
[2025-05-18T21:49:08.588+0300][7204][5748 ][info][gc,task     ] GC(6) Using 2 of 4 workers for concurrent reset
[2025-05-18T21:49:08.588+0300][7204][5748 ][info][gc,ergo     ] GC(6) Pacer for Reset. Non-Taxable: 12288M
[2025-05-18T21:49:08.590+0300][7204][5748 ][info][gc          ] GC(6) Concurrent reset 2.316ms
[2025-05-18T21:49:08.591+0300][7204][25456][info][gc,start    ] GC(6) Pause Init Mark (unload classes)
[2025-05-18T21:49:08.591+0300][7204][25456][info][gc,task     ] GC(6) Using 4 of 4 workers for init marking
[2025-05-18T21:49:08.591+0300][7204][25456][info][gc,ergo     ] GC(6) Pacer for Mark. Expected Live: 13534K, Free: 8600M, Non-Taxable: 860M, Alloc Tax Rate: 0.0x
[2025-05-18T21:49:08.591+0300][7204][25456][info][gc          ] GC(6) Pause Init Mark (unload classes) 0.175ms
[2025-05-18T21:49:08.591+0300][7204][5748 ][info][gc,start    ] GC(6) Concurrent marking roots
[2025-05-18T21:49:08.591+0300][7204][5748 ][info][gc,task     ] GC(6) Using 2 of 4 workers for concurrent marking roots
[2025-05-18T21:49:08.592+0300][7204][5748 ][info][gc          ] GC(6) Concurrent marking roots 0.856ms
[2025-05-18T21:49:08.592+0300][7204][5748 ][info][gc,start    ] GC(6) Concurrent marking (unload classes)
[2025-05-18T21:49:08.592+0300][7204][5748 ][info][gc,task     ] GC(6) Using 2 of 4 workers for concurrent marking
[2025-05-18T21:49:08.600+0300][7204][5748 ][info][gc          ] GC(6) Concurrent marking (unload classes) 8.394ms
[2025-05-18T21:49:08.600+0300][7204][25456][info][gc,start    ] GC(6) Pause Final Mark (unload classes)
[2025-05-18T21:49:08.600+0300][7204][25456][info][gc,task     ] GC(6) Using 4 of 4 workers for final marking
[2025-05-18T21:49:08.601+0300][7204][25456][info][gc,ergo     ] GC(6) Adaptive CSet Selection. Target Free: 1740M, Actual Free: 11832M, Max CSet: 512M, Min Garbage: 0B
[2025-05-18T21:49:08.601+0300][7204][25456][info][gc,ergo     ] GC(6) Collectable Garbage: 3056M (99%), Immediate: 2616M (85%), CSet: 440M (14%)
[2025-05-18T21:49:08.601+0300][7204][25456][info][gc,ergo     ] GC(6) Pacer for Evacuation. Used CSet: 444M, Free: 11216M, Non-Taxable: 1121M, Alloc Tax Rate: 1.1x
[2025-05-18T21:49:08.601+0300][7204][25456][info][gc          ] GC(6) Pause Final Mark (unload classes) 0.364ms
[2025-05-18T21:49:08.601+0300][7204][5748 ][info][gc,start    ] GC(6) Concurrent thread roots
[2025-05-18T21:49:08.601+0300][7204][5748 ][info][gc,task     ] GC(6) Using 2 of 4 workers for Concurrent thread roots
[2025-05-18T21:49:08.601+0300][7204][5748 ][info][gc          ] GC(6) Concurrent thread roots 0.207ms
[2025-05-18T21:49:08.601+0300][7204][5748 ][info][gc,start    ] GC(6) Concurrent weak references
[2025-05-18T21:49:08.601+0300][7204][5748 ][info][gc,task     ] GC(6) Using 2 of 4 workers for concurrent weak references
[2025-05-18T21:49:08.601+0300][7204][5748 ][info][gc,ref      ] GC(6) Encountered references: Soft: 3753, Weak: 2651, Final: 3, Phantom: 316
[2025-05-18T21:49:08.601+0300][7204][5748 ][info][gc,ref      ] GC(6) Discovered  references: Soft: 0, Weak: 1043, Final: 1, Phantom: 230
[2025-05-18T21:49:08.601+0300][7204][5748 ][info][gc,ref      ] GC(6) Enqueued    references: Soft: 0, Weak: 298, Final: 0, Phantom: 38
[2025-05-18T21:49:08.601+0300][7204][5748 ][info][gc          ] GC(6) Concurrent weak references 0.200ms
[2025-05-18T21:49:08.601+0300][7204][5748 ][info][gc,start    ] GC(6) Concurrent weak roots
[2025-05-18T21:49:08.601+0300][7204][5748 ][info][gc,task     ] GC(6) Using 2 of 4 workers for concurrent weak root
[2025-05-18T21:49:08.604+0300][7204][5748 ][info][gc          ] GC(6) Concurrent weak roots 3.110ms
[2025-05-18T21:49:08.604+0300][7204][5748 ][info][gc,start    ] GC(6) Concurrent cleanup
[2025-05-18T21:49:08.604+0300][7204][5748 ][info][gc          ] GC(6) Concurrent cleanup 3113M->497M(12288M) 0.065ms
[2025-05-18T21:49:08.604+0300][7204][5748 ][info][gc,ergo     ] GC(6) Free: 11180M, Max: 4096K regular, 8564M humongous, Frag: 24% external, 0% internal; Reserve: 609M, Max: 4096K
[2025-05-18T21:49:08.604+0300][7204][5748 ][info][gc,start    ] GC(6) Concurrent class unloading
[2025-05-18T21:49:08.604+0300][7204][5748 ][info][gc,task     ] GC(6) Using 2 of 4 workers for concurrent class unloading
[2025-05-18T21:49:08.616+0300][7204][5748 ][info][gc          ] GC(6) Concurrent class unloading 11.738ms
[2025-05-18T21:49:08.616+0300][7204][5748 ][info][gc,start    ] GC(6) Concurrent strong roots
[2025-05-18T21:49:08.616+0300][7204][5748 ][info][gc,task     ] GC(6) Using 2 of 4 workers for concurrent strong root
[2025-05-18T21:49:08.616+0300][7204][5748 ][info][gc          ] GC(6) Concurrent strong roots 0.176ms
[2025-05-18T21:49:08.616+0300][7204][5748 ][info][gc,start    ] GC(6) Concurrent evacuation
[2025-05-18T21:49:08.616+0300][7204][5748 ][info][gc,task     ] GC(6) Using 2 of 4 workers for concurrent evacuation
[2025-05-18T21:49:08.619+0300][7204][5748 ][info][gc          ] GC(6) Concurrent evacuation 2.608ms
[2025-05-18T21:49:08.619+0300][7204][25456][info][gc,start    ] GC(6) Pause Init Update Refs
[2025-05-18T21:49:08.619+0300][7204][25456][info][gc,ergo     ] GC(6) Pacer for Update Refs. Used: 500M, Free: 11180M, Non-Taxable: 1118M, Alloc Tax Rate: 1.1x
[2025-05-18T21:49:08.619+0300][7204][25456][info][gc          ] GC(6) Pause Init Update Refs 0.086ms
[2025-05-18T21:49:08.619+0300][7204][5748 ][info][gc,start    ] GC(6) Concurrent update references
[2025-05-18T21:49:08.619+0300][7204][5748 ][info][gc,task     ] GC(6) Using 2 of 4 workers for concurrent reference update
[2025-05-18T21:49:08.623+0300][7204][5748 ][info][gc          ] GC(6) Concurrent update references 4.060ms
[2025-05-18T21:49:08.623+0300][7204][5748 ][info][gc,start    ] GC(6) Concurrent update thread roots
[2025-05-18T21:49:08.623+0300][7204][5748 ][info][gc          ] GC(6) Concurrent update thread roots 0.137ms
[2025-05-18T21:49:08.623+0300][7204][25456][info][gc,start    ] GC(6) Pause Final Update Refs
[2025-05-18T21:49:08.623+0300][7204][25456][info][gc,task     ] GC(6) Using 4 of 4 workers for final reference update
[2025-05-18T21:49:08.623+0300][7204][25456][info][gc          ] GC(6) Pause Final Update Refs 0.062ms
[2025-05-18T21:49:08.623+0300][7204][5748 ][info][gc,start    ] GC(6) Concurrent cleanup
[2025-05-18T21:49:08.623+0300][7204][5748 ][info][gc          ] GC(6) Concurrent cleanup 504M->60M(12288M) 0.024ms
[2025-05-18T21:49:08.623+0300][7204][5748 ][info][gc,ergo     ] Free: 11611M, Max: 4096K regular, 8556M humongous, Frag: 27% external, 0% internal; Reserve: 616M, Max: 4096K
[2025-05-18T21:49:08.623+0300][7204][5748 ][info][gc,stats    ] 
[2025-05-18T21:49:08.623+0300][7204][5748 ][info][gc,stats    ] All times are wall-clock times, except per-root-class counters, that are sum over
[2025-05-18T21:49:08.623+0300][7204][5748 ][info][gc,stats    ] all workers. Dividing the <total> over the root stage time estimates parallelism.
[2025-05-18T21:49:08.623+0300][7204][5748 ][info][gc,stats    ] 
[2025-05-18T21:49:08.623+0300][7204][5748 ][info][gc,stats    ] Concurrent Reset                   2449 us
[2025-05-18T21:49:08.623+0300][7204][5748 ][info][gc,stats    ] Pause Init Mark (G)                 426 us
[2025-05-18T21:49:08.623+0300][7204][5748 ][info][gc,stats    ] Pause Init Mark (N)                 203 us
[2025-05-18T21:49:08.623+0300][7204][5748 ][info][gc,stats    ]   Update Region States               24 us
[2025-05-18T21:49:08.623+0300][7204][5748 ][info][gc,stats    ] Concurrent Mark Roots               918 us, parallelism: 1.12x
[2025-05-18T21:49:08.623+0300][7204][5748 ][info][gc,stats    ]   CMR: <total>                     1030 us
[2025-05-18T21:49:08.623+0300][7204][5748 ][info][gc,stats    ]   CMR: Thread Roots                 686 us, workers (us): 222, 464, ---, ---, 
[2025-05-18T21:49:08.623+0300][7204][5748 ][info][gc,stats    ]   CMR: VM Strong Roots               46 us, workers (us):  45,   1, ---, ---, 
[2025-05-18T21:49:08.623+0300][7204][5748 ][info][gc,stats    ]   CMR: CLDG Roots                   298 us, workers (us): 298, ---, ---, ---, 
[2025-05-18T21:49:08.623+0300][7204][5748 ][info][gc,stats    ] Concurrent Marking                 8444 us
[2025-05-18T21:49:08.623+0300][7204][5748 ][info][gc,stats    ] Pause Final Mark (G)                405 us
[2025-05-18T21:49:08.623+0300][7204][5748 ][info][gc,stats    ] Pause Final Mark (N)                372 us
[2025-05-18T21:49:08.623+0300][7204][5748 ][info][gc,stats    ]   Finish Mark                       222 us
[2025-05-18T21:49:08.623+0300][7204][5748 ][info][gc,stats    ]   Update Region States               19 us
[2025-05-18T21:49:08.623+0300][7204][5748 ][info][gc,stats    ]   Choose Collection Set              59 us
[2025-05-18T21:49:08.623+0300][7204][5748 ][info][gc,stats    ]   Rebuild Free Set                   13 us
[2025-05-18T21:49:08.623+0300][7204][5748 ][info][gc,stats    ] Concurrent Thread Roots             244 us, parallelism: 1.11x
[2025-05-18T21:49:08.623+0300][7204][5748 ][info][gc,stats    ]   CTR: <total>                      272 us
[2025-05-18T21:49:08.623+0300][7204][5748 ][info][gc,stats    ]   CTR: Thread Roots                 272 us, workers (us): 155, 117, ---, ---, 
[2025-05-18T21:49:08.623+0300][7204][5748 ][info][gc,stats    ] Concurrent Weak References          216 us, parallelism: 0.61x
[2025-05-18T21:49:08.623+0300][7204][5748 ][info][gc,stats    ]   CWRF: <total>                     131 us
[2025-05-18T21:49:08.623+0300][7204][5748 ][info][gc,stats    ]   CWRF: Weak References             131 us, workers (us): 117,  15, ---, ---, 
[2025-05-18T21:49:08.623+0300][7204][5748 ][info][gc,stats    ] Concurrent Weak Roots              3160 us
[2025-05-18T21:49:08.623+0300][7204][5748 ][info][gc,stats    ]   Roots                            2556 us, parallelism: 1.86x
[2025-05-18T21:49:08.623+0300][7204][5748 ][info][gc,stats    ]     CWR: <total>                   4764 us
[2025-05-18T21:49:08.623+0300][7204][5748 ][info][gc,stats    ]     CWR: Code Cache Roots          3511 us, workers (us): 1663, 1848, ---, ---, 
[2025-05-18T21:49:08.623+0300][7204][5748 ][info][gc,stats    ]     CWR: VM Weak Roots             1206 us, workers (us): 603, 603, ---, ---, 
[2025-05-18T21:49:08.623+0300][7204][5748 ][info][gc,stats    ]     CWR: CLDG Roots                  47 us, workers (us):  47, ---, ---, ---, 
[2025-05-18T21:49:08.623+0300][7204][5748 ][info][gc,stats    ]   Rendezvous                        530 us
[2025-05-18T21:49:08.623+0300][7204][5748 ][info][gc,stats    ] Concurrent Cleanup                   83 us
[2025-05-18T21:49:08.623+0300][7204][5748 ][info][gc,stats    ] Concurrent Class Unloading        11790 us
[2025-05-18T21:49:08.623+0300][7204][5748 ][info][gc,stats    ]   Unlink Stale                    10542 us
[2025-05-18T21:49:08.623+0300][7204][5748 ][info][gc,stats    ]     System Dictionary               300 us
[2025-05-18T21:49:08.623+0300][7204][5748 ][info][gc,stats    ]     Weak Class Links               6357 us
[2025-05-18T21:49:08.623+0300][7204][5748 ][info][gc,stats    ]     Code Roots                     3883 us
[2025-05-18T21:49:08.623+0300][7204][5748 ][info][gc,stats    ]   Rendezvous                         56 us
[2025-05-18T21:49:08.623+0300][7204][5748 ][info][gc,stats    ]   Purge Unlinked                   1110 us
[2025-05-18T21:49:08.623+0300][7204][5748 ][info][gc,stats    ]     Code Roots                      898 us
[2025-05-18T21:49:08.623+0300][7204][5748 ][info][gc,stats    ]     CLDG                            212 us
[2025-05-18T21:49:08.623+0300][7204][5748 ][info][gc,stats    ]     Exception Caches                  0 us
[2025-05-18T21:49:08.623+0300][7204][5748 ][info][gc,stats    ] Concurrent Strong Roots             204 us, parallelism: 0.52x
[2025-05-18T21:49:08.623+0300][7204][5748 ][info][gc,stats    ]   CSR: <total>                      106 us
[2025-05-18T21:49:08.623+0300][7204][5748 ][info][gc,stats    ]   CSR: VM Strong Roots                5 us, workers (us):   5,   0, ---, ---, 
[2025-05-18T21:49:08.623+0300][7204][5748 ][info][gc,stats    ]   CSR: CLDG Roots                   101 us, workers (us): ---, 101, ---, ---, 
[2025-05-18T21:49:08.623+0300][7204][5748 ][info][gc,stats    ] Concurrent Evacuation              2657 us
[2025-05-18T21:49:08.623+0300][7204][5748 ][info][gc,stats    ] Pause Init Update Refs (G)          255 us
[2025-05-18T21:49:08.623+0300][7204][5748 ][info][gc,stats    ] Pause Init Update Refs (N)          104 us
[2025-05-18T21:49:08.623+0300][7204][5748 ][info][gc,stats    ]   Manage GCLABs                      22 us
[2025-05-18T21:49:08.623+0300][7204][5748 ][info][gc,stats    ] Concurrent Update Refs             4106 us
[2025-05-18T21:49:08.623+0300][7204][5748 ][info][gc,stats    ] Concurrent Update Thread Roots      152 us
[2025-05-18T21:49:08.623+0300][7204][5748 ][info][gc,stats    ] Pause Final Update Refs (G)          96 us
[2025-05-18T21:49:08.623+0300][7204][5748 ][info][gc,stats    ] Pause Final Update Refs (N)          70 us
[2025-05-18T21:49:08.623+0300][7204][5748 ][info][gc,stats    ]   Update Region States               19 us
[2025-05-18T21:49:08.623+0300][7204][5748 ][info][gc,stats    ]   Trash Collection Set                3 us
[2025-05-18T21:49:08.623+0300][7204][5748 ][info][gc,stats    ]   Rebuild Free Set                   13 us
[2025-05-18T21:49:08.625+0300][7204][5748 ][info][gc,stats    ] Concurrent Cleanup                   33 us
[2025-05-18T21:49:08.625+0300][7204][5748 ][info][gc,stats    ] 
[2025-05-18T21:49:08.625+0300][7204][5748 ][info][gc,stats    ] Allocation pacing accrued:
[2025-05-18T21:49:08.625+0300][7204][5748 ][info][gc,stats    ]       0 of 93538 ms (  0.0%): <total>
[2025-05-18T21:49:08.625+0300][7204][5748 ][info][gc,stats    ]       0 of 93538 ms (  0.0%): <average total>
[2025-05-18T21:49:08.625+0300][7204][5748 ][info][gc,stats    ] 
[2025-05-18T21:49:08.625+0300][7204][5748 ][info][gc,metaspace] Metaspace: 34538K(35456K)->34283K(35456K) NonClass: 31643K(32128K)->31457K(32128K) Class: 2894K(3328K)->2825K(3328K)
[2025-05-18T21:49:08.625+0300][7204][5748 ][info][gc,ergo     ] Pacer for Idle. Initial: 245M, Alloc Tax Rate: 1.0x
[2025-05-18T21:50:23.044+0300][7204][25484][info][gc          ] Cancelling GC: Stopping VM
[2025-05-18T21:50:23.052+0300][7204][25484][info][gc,heap,exit] Heap
[2025-05-18T21:50:23.052+0300][7204][25484][info][gc,heap,exit] Shenandoah Heap
[2025-05-18T21:50:23.052+0300][7204][25484][info][gc,heap,exit]  12288M max, 12288M soft max, 12288M committed, 2408M used
[2025-05-18T21:50:23.052+0300][7204][25484][info][gc,heap,exit]  3072 x 4096K regions
[2025-05-18T21:50:23.052+0300][7204][25484][info][gc,heap,exit] Status: cancelled
[2025-05-18T21:50:23.052+0300][7204][25484][info][gc,heap,exit] Reserved region:
[2025-05-18T21:50:23.052+0300][7204][25484][info][gc,heap,exit]  - [0x0000000500000000, 0x0000000800000000) 
[2025-05-18T21:50:23.052+0300][7204][25484][info][gc,heap,exit] Collection set:
[2025-05-18T21:50:23.052+0300][7204][25484][info][gc,heap,exit]  - map (vanilla): 0x0000000000011400
[2025-05-18T21:50:23.052+0300][7204][25484][info][gc,heap,exit]  - map (biased):  0x0000000000010000
[2025-05-18T21:50:23.052+0300][7204][25484][info][gc,heap,exit] 
[2025-05-18T21:50:23.052+0300][7204][25484][info][gc,heap,exit]  Metaspace       used 34330K, committed 35520K, reserved 1114112K
[2025-05-18T21:50:23.052+0300][7204][25484][info][gc,heap,exit]   class space    used 2829K, committed 3328K, reserved 1048576K
[2025-05-18T21:50:23.052+0300][7204][25484][info][gc,stats    ] 
[2025-05-18T21:50:23.052+0300][7204][25484][info][gc,stats    ] GC STATISTICS:
[2025-05-18T21:50:23.052+0300][7204][25484][info][gc,stats    ]   "(G)" (gross) pauses include VM time: time to notify and block threads, do the pre-
[2025-05-18T21:50:23.052+0300][7204][25484][info][gc,stats    ]         and post-safepoint housekeeping. Use -Xlog:safepoint+stats to dissect.
[2025-05-18T21:50:23.052+0300][7204][25484][info][gc,stats    ]   "(N)" (net) pauses are the times spent in the actual GC code.
[2025-05-18T21:50:23.052+0300][7204][25484][info][gc,stats    ]   "a" is average time for each phase, look at levels to see if average makes sense.
[2025-05-18T21:50:23.052+0300][7204][25484][info][gc,stats    ]   "lvls" are quantiles: 0% (minimum), 25%, 50% (median), 75%, 100% (maximum).
[2025-05-18T21:50:23.052+0300][7204][25484][info][gc,stats    ] 
[2025-05-18T21:50:23.052+0300][7204][25484][info][gc,stats    ]   All times are wall-clock times, except per-root-class counters, that are sum over
[2025-05-18T21:50:23.052+0300][7204][25484][info][gc,stats    ]   all workers. Dividing the <total> over the root stage time estimates parallelism.
[2025-05-18T21:50:23.052+0300][7204][25484][info][gc,stats    ] 
[2025-05-18T21:50:23.052+0300][7204][25484][info][gc,stats    ]   Pacing delays are measured from entering the pacing code till exiting it. Therefore,
[2025-05-18T21:50:23.052+0300][7204][25484][info][gc,stats    ]   observed pacing delays may be higher than the threshold when paced thread spent more
[2025-05-18T21:50:23.052+0300][7204][25484][info][gc,stats    ]   time in the pacing code. It usually happens when thread is de-scheduled while paced,
[2025-05-18T21:50:23.052+0300][7204][25484][info][gc,stats    ]   OS takes longer to unblock the thread, or JVM experiences an STW pause.
[2025-05-18T21:50:23.052+0300][7204][25484][info][gc,stats    ] 
[2025-05-18T21:50:23.052+0300][7204][25484][info][gc,stats    ]   Higher delay would prevent application outpacing the GC, but it will hide the GC latencies
[2025-05-18T21:50:23.052+0300][7204][25484][info][gc,stats    ]   from the STW pause times. Pacing affects the individual threads, and so it would also be
[2025-05-18T21:50:23.052+0300][7204][25484][info][gc,stats    ]   invisible to the usual profiling tools, but would add up to end-to-end application latency.
[2025-05-18T21:50:23.052+0300][7204][25484][info][gc,stats    ]   Raise max pacing delay with care.
[2025-05-18T21:50:23.052+0300][7204][25484][info][gc,stats    ] 
[2025-05-18T21:50:23.052+0300][7204][25484][info][gc,stats    ] Concurrent Reset               =    0.009 s (a =     1265 us) (n =     7) (lvls, us =      352,      352,      891,     1699,     2449)
[2025-05-18T21:50:23.052+0300][7204][25484][info][gc,stats    ] Pause Init Mark (G)            =    0.002 s (a =      331 us) (n =     7) (lvls, us =      191,      191,      256,      264,      700)
[2025-05-18T21:50:23.052+0300][7204][25484][info][gc,stats    ] Pause Init Mark (N)            =    0.001 s (a =      171 us) (n =     7) (lvls, us =       75,       75,      133,      184,      376)
[2025-05-18T21:50:23.052+0300][7204][25484][info][gc,stats    ]   Update Region States         =    0.000 s (a =       20 us) (n =     7) (lvls, us =       11,       11,       19,       24,       28)
[2025-05-18T21:50:23.052+0300][7204][25484][info][gc,stats    ] Concurrent Mark Roots          =    0.008 s (a =     1102 us) (n =     7) (lvls, us =      299,      299,      664,      916,     3667)
[2025-05-18T21:50:23.052+0300][7204][25484][info][gc,stats    ]   CMR: <total>                 =    0.011 s (a =     1566 us) (n =     7) (lvls, us =      240,      240,      510,     1016,     6522)
[2025-05-18T21:50:23.052+0300][7204][25484][info][gc,stats    ]   CMR: Thread Roots            =    0.009 s (a =     1321 us) (n =     7) (lvls, us =      158,      158,      369,      686,     6306)
[2025-05-18T21:50:23.052+0300][7204][25484][info][gc,stats    ]   CMR: VM Strong Roots         =    0.000 s (a =       46 us) (n =     7) (lvls, us =       12,       12,       18,       46,      148)
[2025-05-18T21:50:23.052+0300][7204][25484][info][gc,stats    ]   CMR: CLDG Roots              =    0.001 s (a =      199 us) (n =     7) (lvls, us =       69,       69,      121,      297,      333)
[2025-05-18T21:50:23.052+0300][7204][25484][info][gc,stats    ] Concurrent Marking             =    0.057 s (a =     8077 us) (n =     7) (lvls, us =     5527,     5527,     7090,     8984,    10304)
[2025-05-18T21:50:23.052+0300][7204][25484][info][gc,stats    ] Pause Final Mark (G)           =    0.003 s (a =      462 us) (n =     7) (lvls, us =      279,      279,      404,      545,      629)
[2025-05-18T21:50:23.052+0300][7204][25484][info][gc,stats    ] Pause Final Mark (N)           =    0.003 s (a =      372 us) (n =     7) (lvls, us =      238,      238,      369,      395,      477)
[2025-05-18T21:50:23.052+0300][7204][25484][info][gc,stats    ]   Finish Mark                  =    0.001 s (a =      208 us) (n =     7) (lvls, us =       51,       51,      221,      244,      326)
[2025-05-18T21:50:23.052+0300][7204][25484][info][gc,stats    ]   Update Region States         =    0.000 s (a =       20 us) (n =     7) (lvls, us =       17,       17,       19,       20,       26)
[2025-05-18T21:50:23.052+0300][7204][25484][info][gc,stats    ]   Choose Collection Set        =    0.000 s (a =       57 us) (n =     7) (lvls, us =       50,       50,       56,       60,       60)
[2025-05-18T21:50:23.052+0300][7204][25484][info][gc,stats    ]   Rebuild Free Set             =    0.000 s (a =       17 us) (n =     7) (lvls, us =       13,       13,       17,       18,       19)
[2025-05-18T21:50:23.052+0300][7204][25484][info][gc,stats    ] Concurrent Thread Roots        =    0.003 s (a =      368 us) (n =     7) (lvls, us =      188,      188,      244,      281,      913)
[2025-05-18T21:50:23.052+0300][7204][25484][info][gc,stats    ]   CTR: <total>                 =    0.002 s (a =      313 us) (n =     7) (lvls, us =      131,      131,      176,      232,     1039)
[2025-05-18T21:50:23.052+0300][7204][25484][info][gc,stats    ]   CTR: Thread Roots            =    0.002 s (a =      313 us) (n =     7) (lvls, us =      131,      131,      176,      232,     1039)
[2025-05-18T21:50:23.052+0300][7204][25484][info][gc,stats    ] Concurrent Weak References     =    0.003 s (a =      363 us) (n =     7) (lvls, us =      191,      191,      260,      297,      727)
[2025-05-18T21:50:23.052+0300][7204][25484][info][gc,stats    ]   CWRF: <total>                =    0.002 s (a =      245 us) (n =     7) (lvls, us =      104,      104,      127,      152,      788)
[2025-05-18T21:50:23.052+0300][7204][25484][info][gc,stats    ]   CWRF: Weak References        =    0.002 s (a =      245 us) (n =     7) (lvls, us =      104,      104,      127,      152,      788)
[2025-05-18T21:50:23.052+0300][7204][25484][info][gc,stats    ] Concurrent Weak Roots          =    0.017 s (a =     2475 us) (n =     7) (lvls, us =     1484,     1484,     1953,     2930,     3618)
[2025-05-18T21:50:23.052+0300][7204][25484][info][gc,stats    ]   Roots                        =    0.015 s (a =     2213 us) (n =     7) (lvls, us =     1270,     1270,     1699,     2539,     3504)
[2025-05-18T21:50:23.052+0300][7204][25484][info][gc,stats    ]     CWR: <total>               =    0.029 s (a =     4088 us) (n =     7) (lvls, us =     2402,     2402,     2988,     4746,     6711)
[2025-05-18T21:50:23.052+0300][7204][25484][info][gc,stats    ]     CWR: Code Cache Roots      =    0.020 s (a =     2898 us) (n =     7) (lvls, us =     1270,     1270,     1816,     3496,     5507)
[2025-05-18T21:50:23.052+0300][7204][25484][info][gc,stats    ]     CWR: VM Weak Roots         =    0.008 s (a =     1166 us) (n =     7) (lvls, us =      664,      664,      838,     1152,     2436)
[2025-05-18T21:50:23.052+0300][7204][25484][info][gc,stats    ]     CWR: CLDG Roots            =    0.000 s (a =       23 us) (n =     7) (lvls, us =       12,       12,       16,       22,       47)
[2025-05-18T21:50:23.052+0300][7204][25484][info][gc,stats    ]   Rendezvous                   =    0.001 s (a =      183 us) (n =     7) (lvls, us =       50,       50,      119,      160,      530)
[2025-05-18T21:50:23.052+0300][7204][25484][info][gc,stats    ] Concurrent Cleanup             =    0.001 s (a =       74 us) (n =     7) (lvls, us =       59,       59,       61,       83,       95)
[2025-05-18T21:50:23.052+0300][7204][25484][info][gc,stats    ] Concurrent Class Unloading     =    0.102 s (a =    14587 us) (n =     7) (lvls, us =     3633,     3633,    11719,    16602,    25171)
[2025-05-18T21:50:23.052+0300][7204][25484][info][gc,stats    ]   Unlink Stale                 =    0.073 s (a =    10422 us) (n =     7) (lvls, us =     2773,     2773,    10352,    12500,    14901)
[2025-05-18T21:50:23.052+0300][7204][25484][info][gc,stats    ]     System Dictionary          =    0.002 s (a =      249 us) (n =     7) (lvls, us =       24,       24,      268,      297,      318)
[2025-05-18T21:50:23.052+0300][7204][25484][info][gc,stats    ]     Weak Class Links           =    0.035 s (a =     4943 us) (n =     7) (lvls, us =        0,        0,     4492,     6348,     7979)
[2025-05-18T21:50:23.052+0300][7204][25484][info][gc,stats    ]     Code Roots                 =    0.037 s (a =     5227 us) (n =     7) (lvls, us =     2461,     2461,     3867,     6621,     8652)
[2025-05-18T21:50:23.052+0300][7204][25484][info][gc,stats    ]   Rendezvous                   =    0.001 s (a =      101 us) (n =     7) (lvls, us =       55,       55,       66,      109,      184)
[2025-05-18T21:50:23.053+0300][7204][25484][info][gc,stats    ]   Purge Unlinked               =    0.028 s (a =     3978 us) (n =     7) (lvls, us =      672,      672,     1426,     2324,    12684)
[2025-05-18T21:50:23.053+0300][7204][25484][info][gc,stats    ]     Code Roots                 =    0.026 s (a =     3655 us) (n =     7) (lvls, us =      654,      654,     1055,     1641,    12338)
[2025-05-18T21:50:23.053+0300][7204][25484][info][gc,stats    ]     CLDG                       =    0.002 s (a =      323 us) (n =     7) (lvls, us =       18,       18,      211,      344,      679)
[2025-05-18T21:50:23.053+0300][7204][25484][info][gc,stats    ]     Exception Caches           =    0.000 s (a =        0 us) (n =     7) (lvls, us =        0,        0,        0,        0,        0)
[2025-05-18T21:50:23.053+0300][7204][25484][info][gc,stats    ] Concurrent Strong Roots        =    0.003 s (a =      382 us) (n =     7) (lvls, us =      184,      184,      309,      389,      761)
[2025-05-18T21:50:23.053+0300][7204][25484][info][gc,stats    ]   CSR: <total>                 =    0.002 s (a =      242 us) (n =     7) (lvls, us =      105,      105,      123,      215,      643)
[2025-05-18T21:50:23.053+0300][7204][25484][info][gc,stats    ]   CSR: VM Strong Roots         =    0.000 s (a =       11 us) (n =     7) (lvls, us =        5,        5,        6,        7,       38)
[2025-05-18T21:50:23.053+0300][7204][25484][info][gc,stats    ]   CSR: CLDG Roots              =    0.002 s (a =      231 us) (n =     7) (lvls, us =      100,      100,      117,      209,      606)
[2025-05-18T21:50:23.053+0300][7204][25484][info][gc,stats    ] Concurrent Evacuation          =    0.027 s (a =     3883 us) (n =     7) (lvls, us =     2344,     2344,     3047,     3711,     6268)
[2025-05-18T21:50:23.053+0300][7204][25484][info][gc,stats    ] Pause Init Update Refs (G)     =    0.001 s (a =      199 us) (n =     7) (lvls, us =       71,       71,      191,      254,      263)
[2025-05-18T21:50:23.053+0300][7204][25484][info][gc,stats    ] Pause Init Update Refs (N)     =    0.001 s (a =       80 us) (n =     7) (lvls, us =       41,       41,       55,      104,      145)
[2025-05-18T21:50:23.053+0300][7204][25484][info][gc,stats    ]   Manage GCLABs                =    0.000 s (a =        6 us) (n =     7) (lvls, us =        2,        2,        3,        4,       22)
[2025-05-18T21:50:23.053+0300][7204][25484][info][gc,stats    ] Concurrent Update Refs         =    0.035 s (a =     5067 us) (n =     7) (lvls, us =     3965,     3965,     4219,     5352,     7215)
[2025-05-18T21:50:23.053+0300][7204][25484][info][gc,stats    ] Concurrent Update Thread Roots =    0.002 s (a =      312 us) (n =     7) (lvls, us =      150,      150,      191,      279,      875)
[2025-05-18T21:50:23.053+0300][7204][25484][info][gc,stats    ] Pause Final Update Refs (G)    =    0.001 s (a =      162 us) (n =     7) (lvls, us =       96,       96,      156,      188,      206)
[2025-05-18T21:50:23.053+0300][7204][25484][info][gc,stats    ] Pause Final Update Refs (N)    =    0.001 s (a =       86 us) (n =     7) (lvls, us =       70,       70,       78,       80,      122)
[2025-05-18T21:50:23.053+0300][7204][25484][info][gc,stats    ]   Update Region States         =    0.000 s (a =       20 us) (n =     7) (lvls, us =       19,       19,       19,       20,       23)
[2025-05-18T21:50:23.053+0300][7204][25484][info][gc,stats    ]   Trash Collection Set         =    0.000 s (a =        3 us) (n =     7) (lvls, us =        3,        3,        3,        3,        4)
[2025-05-18T21:50:23.053+0300][7204][25484][info][gc,stats    ]   Rebuild Free Set             =    0.000 s (a =       14 us) (n =     7) (lvls, us =       12,       12,       12,       13,       17)
[2025-05-18T21:50:23.053+0300][7204][25484][info][gc,stats    ] Concurrent Cleanup             =    0.000 s (a =       50 us) (n =     7) (lvls, us =       33,       33,       47,       53,       76)
[2025-05-18T21:50:23.053+0300][7204][25484][info][gc,stats    ] 
[2025-05-18T21:50:23.053+0300][7204][25484][info][gc,stats    ] 
[2025-05-18T21:50:23.053+0300][7204][25484][info][gc,stats    ] Under allocation pressure, concurrent cycles may cancel, and either continue cycle
[2025-05-18T21:50:23.053+0300][7204][25484][info][gc,stats    ] under stop-the-world pause or result in stop-the-world Full GC. Increase heap size,
[2025-05-18T21:50:23.053+0300][7204][25484][info][gc,stats    ] tune GC heuristics, set more aggressive pacing delay, or lower allocation rate
[2025-05-18T21:50:23.053+0300][7204][25484][info][gc,stats    ] to avoid Degenerated and Full GC cycles.
[2025-05-18T21:50:23.053+0300][7204][25484][info][gc,stats    ] 
[2025-05-18T21:50:23.053+0300][7204][25484][info][gc,stats    ]     7 successful concurrent GCs
[2025-05-18T21:50:23.053+0300][7204][25484][info][gc,stats    ]       3 invoked explicitly
[2025-05-18T21:50:23.053+0300][7204][25484][info][gc,stats    ]       0 invoked implicitly
[2025-05-18T21:50:23.053+0300][7204][25484][info][gc,stats    ] 
[2025-05-18T21:50:23.053+0300][7204][25484][info][gc,stats    ]     0 Degenerated GCs
[2025-05-18T21:50:23.053+0300][7204][25484][info][gc,stats    ]       0 caused by allocation failure
[2025-05-18T21:50:23.053+0300][7204][25484][info][gc,stats    ]       0 upgraded to Full GC
[2025-05-18T21:50:23.053+0300][7204][25484][info][gc,stats    ] 
[2025-05-18T21:50:23.053+0300][7204][25484][info][gc,stats    ]     0 Full GCs
[2025-05-18T21:50:23.053+0300][7204][25484][info][gc,stats    ]       0 invoked explicitly
[2025-05-18T21:50:23.053+0300][7204][25484][info][gc,stats    ]       0 invoked implicitly
[2025-05-18T21:50:23.053+0300][7204][25484][info][gc,stats    ]       0 caused by allocation failure
[2025-05-18T21:50:23.053+0300][7204][25484][info][gc,stats    ]       0 upgraded from Degenerated GC
[2025-05-18T21:50:23.053+0300][7204][25484][info][gc,stats    ] 
[2025-05-18T21:50:23.053+0300][7204][25484][info][gc,stats    ] 
