[2025-05-18T23:07:43.684+0300][7296][16136][info][gc] Min heap equals to max heap, disabling ShenandoahUncommit
[2025-05-18T23:07:43.688+0300][7296][16136][info][gc] Heuristics ergonomically sets -XX:+ExplicitGCInvokesConcurrent
[2025-05-18T23:07:43.688+0300][7296][16136][info][gc] Heuristics ergonomically sets -XX:+ShenandoahImplicitGCInvokesConcurrent
[2025-05-18T23:07:43.688+0300][7296][16136][info][gc] Using Shenandoah
[2025-05-18T23:07:43.701+0300][7296][16136][info][gc,ergo] Pacer for Idle. Initial: 245M, Alloc Tax Rate: 1.0x
[2025-05-18T23:07:43.701+0300][7296][16136][info][gc,init] Version: 21.0.7+6-LTS (release)
[2025-05-18T23:07:43.701+0300][7296][16136][info][gc,init] CPUs: 8 total, 8 available
[2025-05-18T23:07:43.701+0300][7296][16136][info][gc,init] Memory: 16183M
[2025-05-18T23:07:43.701+0300][7296][16136][info][gc,init] Large Page Support: Disabled
[2025-05-18T23:07:43.701+0300][7296][16136][info][gc,init] NUMA Support: Disabled
[2025-05-18T23:07:43.702+0300][7296][16136][info][gc,init] Compressed Oops: Enabled (Zero based)
[2025-05-18T23:07:43.702+0300][7296][16136][info][gc,init] Heap Min Capacity: 12G
[2025-05-18T23:07:43.702+0300][7296][16136][info][gc,init] Heap Initial Capacity: 12G
[2025-05-18T23:07:43.702+0300][7296][16136][info][gc,init] Heap Max Capacity: 12G
[2025-05-18T23:07:43.702+0300][7296][16136][info][gc,init] Pre-touch: Disabled
[2025-05-18T23:07:43.702+0300][7296][16136][info][gc,init] Mode: Snapshot-At-The-Beginning (SATB)
[2025-05-18T23:07:43.702+0300][7296][16136][info][gc,init] Heuristics: Adaptive
[2025-05-18T23:07:43.702+0300][7296][16136][info][gc,init] Heap Region Count: 3072
[2025-05-18T23:07:43.702+0300][7296][16136][info][gc,init] Heap Region Size: 4M
[2025-05-18T23:07:43.702+0300][7296][16136][info][gc,init] TLAB Size Max: 4M
[2025-05-18T23:07:43.702+0300][7296][16136][info][gc,init] Humongous Object Threshold: 4M
[2025-05-18T23:07:43.702+0300][7296][16136][info][gc,init] Parallel Workers: 4
[2025-05-18T23:07:43.702+0300][7296][16136][info][gc,init] Concurrent Workers: 2
[2025-05-18T23:07:43.708+0300][7296][16136][info][gc,metaspace] CDS archive(s) mapped at: [0x000001c7f2000000-0x000001c7f2c80000-0x000001c7f2c80000), size 13107200, SharedBaseAddress: 0x000001c7f2000000, ArchiveRelocationMode: 1.
[2025-05-18T23:07:43.708+0300][7296][16136][info][gc,metaspace] Compressed class space mapped at: 0x000001c7f3000000-0x000001c833000000, reserved size: 1073741824
[2025-05-18T23:07:43.708+0300][7296][16136][info][gc,metaspace] Narrow klass base: 0x000001c7f2000000, Narrow klass shift: 0, Narrow klass range: 0x100000000
[2025-05-18T23:07:44.002+0300][7296][15468][info][gc          ] Trigger: Explicit GC request (System.gc())
[2025-05-18T23:07:44.002+0300][7296][15468][info][gc,ergo     ] Free: 11608M, Max: 4096K regular, 11608M humongous, Frag: 0% external, 0% internal; Reserve: 616M, Max: 4096K
[2025-05-18T23:07:44.002+0300][7296][15468][info][gc,start    ] GC(0) Concurrent reset
[2025-05-18T23:07:44.002+0300][7296][15468][info][gc,task     ] GC(0) Using 2 of 4 workers for concurrent reset
[2025-05-18T23:07:44.002+0300][7296][15468][info][gc,ergo     ] GC(0) Pacer for Reset. Non-Taxable: 12288M
[2025-05-18T23:07:44.002+0300][7296][15468][info][gc          ] GC(0) Concurrent reset 0.452ms
[2025-05-18T23:07:44.002+0300][7296][1688 ][info][gc,start    ] GC(0) Pause Init Mark (unload classes)
[2025-05-18T23:07:44.003+0300][7296][1688 ][info][gc,task     ] GC(0) Using 4 of 4 workers for init marking
[2025-05-18T23:07:44.003+0300][7296][1688 ][info][gc,ref      ] GC(0) Clearing All SoftReferences
[2025-05-18T23:07:44.003+0300][7296][1688 ][info][gc,ergo     ] GC(0) Pacer for Mark. Expected Live: 1228M, Free: 11608M, Non-Taxable: 1160M, Alloc Tax Rate: 0.1x
[2025-05-18T23:07:44.003+0300][7296][1688 ][info][gc          ] GC(0) Pause Init Mark (unload classes) 0.195ms
[2025-05-18T23:07:44.003+0300][7296][15468][info][gc,start    ] GC(0) Concurrent marking roots
[2025-05-18T23:07:44.003+0300][7296][15468][info][gc,task     ] GC(0) Using 2 of 4 workers for concurrent marking roots
[2025-05-18T23:07:44.003+0300][7296][15468][info][gc          ] GC(0) Concurrent marking roots 0.389ms
[2025-05-18T23:07:44.003+0300][7296][15468][info][gc,start    ] GC(0) Concurrent marking (unload classes)
[2025-05-18T23:07:44.003+0300][7296][15468][info][gc,task     ] GC(0) Using 2 of 4 workers for concurrent marking
[2025-05-18T23:07:44.005+0300][7296][15468][info][gc          ] GC(0) Concurrent marking (unload classes) 1.665ms
[2025-05-18T23:07:44.005+0300][7296][1688 ][info][gc,start    ] GC(0) Pause Final Mark (unload classes)
[2025-05-18T23:07:44.005+0300][7296][1688 ][info][gc,task     ] GC(0) Using 4 of 4 workers for final marking
[2025-05-18T23:07:44.005+0300][7296][1688 ][info][gc,ergo     ] GC(0) Adaptive CSet Selection. Target Free: 1740M, Actual Free: 12224M, Max CSet: 512M, Min Garbage: 0B
[2025-05-18T23:07:44.005+0300][7296][1688 ][info][gc,ergo     ] GC(0) Collectable Garbage: 63140K (100%), Immediate: 0B (0%), CSet: 63140K (100%)
[2025-05-18T23:07:44.005+0300][7296][1688 ][info][gc,ergo     ] GC(0) Pacer for Evacuation. Used CSet: 65536K, Free: 11608M, Non-Taxable: 1160M, Alloc Tax Rate: 1.1x
[2025-05-18T23:07:44.005+0300][7296][1688 ][info][gc          ] GC(0) Pause Final Mark (unload classes) 0.370ms
[2025-05-18T23:07:44.005+0300][7296][15468][info][gc,start    ] GC(0) Concurrent thread roots
[2025-05-18T23:07:44.005+0300][7296][15468][info][gc,task     ] GC(0) Using 2 of 4 workers for Concurrent thread roots
[2025-05-18T23:07:44.005+0300][7296][15468][info][gc          ] GC(0) Concurrent thread roots 0.219ms
[2025-05-18T23:07:44.005+0300][7296][15468][info][gc,start    ] GC(0) Concurrent weak references
[2025-05-18T23:07:44.005+0300][7296][15468][info][gc,task     ] GC(0) Using 2 of 4 workers for concurrent weak references
[2025-05-18T23:07:44.006+0300][7296][15468][info][gc,ref      ] GC(0) Encountered references: Soft: 79, Weak: 319, Final: 3, Phantom: 52
[2025-05-18T23:07:44.006+0300][7296][15468][info][gc,ref      ] GC(0) Discovered  references: Soft: 62, Weak: 226, Final: 3, Phantom: 48
[2025-05-18T23:07:44.006+0300][7296][15468][info][gc,ref      ] GC(0) Enqueued    references: Soft: 30, Weak: 81, Final: 0, Phantom: 34
[2025-05-18T23:07:44.006+0300][7296][15468][info][gc          ] GC(0) Concurrent weak references 0.204ms
[2025-05-18T23:07:44.006+0300][7296][15468][info][gc,start    ] GC(0) Concurrent weak roots
[2025-05-18T23:07:44.006+0300][7296][15468][info][gc,task     ] GC(0) Using 2 of 4 workers for concurrent weak root
[2025-05-18T23:07:44.006+0300][7296][15468][info][gc          ] GC(0) Concurrent weak roots 0.439ms
[2025-05-18T23:07:44.006+0300][7296][15468][info][gc,start    ] GC(0) Concurrent cleanup
[2025-05-18T23:07:44.006+0300][7296][15468][info][gc          ] GC(0) Concurrent cleanup 64M->64M(12288M) 0.029ms
[2025-05-18T23:07:44.006+0300][7296][15468][info][gc,ergo     ] GC(0) Free: 11608M, Max: 4096K regular, 11608M humongous, Frag: 0% external, 0% internal; Reserve: 615M, Max: 4096K
[2025-05-18T23:07:44.006+0300][7296][15468][info][gc,start    ] GC(0) Concurrent class unloading
[2025-05-18T23:07:44.006+0300][7296][15468][info][gc,task     ] GC(0) Using 2 of 4 workers for concurrent class unloading
[2025-05-18T23:07:44.008+0300][7296][15468][info][gc          ] GC(0) Concurrent class unloading 1.306ms
[2025-05-18T23:07:44.008+0300][7296][15468][info][gc,start    ] GC(0) Concurrent strong roots
[2025-05-18T23:07:44.008+0300][7296][15468][info][gc,task     ] GC(0) Using 2 of 4 workers for concurrent strong root
[2025-05-18T23:07:44.008+0300][7296][15468][info][gc          ] GC(0) Concurrent strong roots 0.349ms
[2025-05-18T23:07:44.008+0300][7296][15468][info][gc,start    ] GC(0) Concurrent evacuation
[2025-05-18T23:07:44.008+0300][7296][15468][info][gc,task     ] GC(0) Using 2 of 4 workers for concurrent evacuation
[2025-05-18T23:07:44.009+0300][7296][15468][info][gc          ] GC(0) Concurrent evacuation 1.238ms
[2025-05-18T23:07:44.009+0300][7296][1688 ][info][gc,start    ] GC(0) Pause Init Update Refs
[2025-05-18T23:07:44.009+0300][7296][1688 ][info][gc,ergo     ] GC(0) Pacer for Update Refs. Used: 72770K, Free: 11604M, Non-Taxable: 1160M, Alloc Tax Rate: 1.1x
[2025-05-18T23:07:44.009+0300][7296][1688 ][info][gc          ] GC(0) Pause Init Update Refs 0.085ms
[2025-05-18T23:07:44.009+0300][7296][15468][info][gc,start    ] GC(0) Concurrent update references
[2025-05-18T23:07:44.009+0300][7296][15468][info][gc,task     ] GC(0) Using 2 of 4 workers for concurrent reference update
[2025-05-18T23:07:44.011+0300][7296][15468][info][gc          ] GC(0) Concurrent update references 1.790ms
[2025-05-18T23:07:44.011+0300][7296][15468][info][gc,start    ] GC(0) Concurrent update thread roots
[2025-05-18T23:07:44.012+0300][7296][15468][info][gc          ] GC(0) Concurrent update thread roots 0.226ms
[2025-05-18T23:07:44.012+0300][7296][1688 ][info][gc,start    ] GC(0) Pause Final Update Refs
[2025-05-18T23:07:44.012+0300][7296][1688 ][info][gc,task     ] GC(0) Using 4 of 4 workers for final reference update
[2025-05-18T23:07:44.012+0300][7296][1688 ][info][gc          ] GC(0) Pause Final Update Refs 0.071ms
[2025-05-18T23:07:44.012+0300][7296][15468][info][gc,start    ] GC(0) Concurrent cleanup
[2025-05-18T23:07:44.012+0300][7296][15468][info][gc          ] GC(0) Concurrent cleanup 71M->7M(12288M) 0.039ms
[2025-05-18T23:07:44.012+0300][7296][15468][info][gc,ergo     ] Free: 11664M, Max: 4096K regular, 11600M humongous, Frag: 1% external, 0% internal; Reserve: 616M, Max: 4096K
[2025-05-18T23:07:44.012+0300][7296][15468][info][gc,stats    ] 
[2025-05-18T23:07:44.012+0300][7296][15468][info][gc,stats    ] All times are wall-clock times, except per-root-class counters, that are sum over
[2025-05-18T23:07:44.012+0300][7296][15468][info][gc,stats    ] all workers. Dividing the <total> over the root stage time estimates parallelism.
[2025-05-18T23:07:44.012+0300][7296][15468][info][gc,stats    ] 
[2025-05-18T23:07:44.012+0300][7296][15468][info][gc,stats    ] Concurrent Reset                    486 us
[2025-05-18T23:07:44.012+0300][7296][15468][info][gc,stats    ] Pause Init Mark (G)                 385 us
[2025-05-18T23:07:44.012+0300][7296][15468][info][gc,stats    ] Pause Init Mark (N)                 208 us
[2025-05-18T23:07:44.012+0300][7296][15468][info][gc,stats    ]   Update Region States               13 us
[2025-05-18T23:07:44.012+0300][7296][15468][info][gc,stats    ] Concurrent Mark Roots               420 us, parallelism: 0.92x
[2025-05-18T23:07:44.012+0300][7296][15468][info][gc,stats    ]   CMR: <total>                      385 us
[2025-05-18T23:07:44.012+0300][7296][15468][info][gc,stats    ]   CMR: Thread Roots                 296 us, workers (us): 120, 176, ---, ---, 
[2025-05-18T23:07:44.012+0300][7296][15468][info][gc,stats    ]   CMR: VM Strong Roots               26 us, workers (us):  26,   0, ---, ---, 
[2025-05-18T23:07:44.012+0300][7296][15468][info][gc,stats    ]   CMR: CLDG Roots                    63 us, workers (us):  63, ---, ---, ---, 
[2025-05-18T23:07:44.012+0300][7296][15468][info][gc,stats    ] Concurrent Marking                 1697 us
[2025-05-18T23:07:44.012+0300][7296][15468][info][gc,stats    ] Pause Final Mark (G)                520 us
[2025-05-18T23:07:44.012+0300][7296][15468][info][gc,stats    ] Pause Final Mark (N)                378 us
[2025-05-18T23:07:44.012+0300][7296][15468][info][gc,stats    ]   Finish Mark                       246 us
[2025-05-18T23:07:44.012+0300][7296][15468][info][gc,stats    ]   Update Region States               15 us
[2025-05-18T23:07:44.012+0300][7296][15468][info][gc,stats    ]   Choose Collection Set              47 us
[2025-05-18T23:07:44.012+0300][7296][15468][info][gc,stats    ]   Rebuild Free Set                   11 us
[2025-05-18T23:07:44.012+0300][7296][15468][info][gc,stats    ] Concurrent Thread Roots             241 us, parallelism: 0.24x
[2025-05-18T23:07:44.012+0300][7296][15468][info][gc,stats    ]   CTR: <total>                       59 us
[2025-05-18T23:07:44.012+0300][7296][15468][info][gc,stats    ]   CTR: Thread Roots                  59 us, workers (us):  55,   4, ---, ---, 
[2025-05-18T23:07:44.012+0300][7296][15468][info][gc,stats    ] Concurrent Weak References          216 us, parallelism: 0.19x
[2025-05-18T23:07:44.012+0300][7296][15468][info][gc,stats    ]   CWRF: <total>                      41 us
[2025-05-18T23:07:44.012+0300][7296][15468][info][gc,stats    ]   CWRF: Weak References              41 us, workers (us):  32,   9, ---, ---, 
[2025-05-18T23:07:44.012+0300][7296][15468][info][gc,stats    ] Concurrent Weak Roots               461 us
[2025-05-18T23:07:44.012+0300][7296][15468][info][gc,stats    ]   Roots                             342 us, parallelism: 1.11x
[2025-05-18T23:07:44.012+0300][7296][15468][info][gc,stats    ]     CWR: <total>                    379 us
[2025-05-18T23:07:44.012+0300][7296][15468][info][gc,stats    ]     CWR: Code Cache Roots           160 us, workers (us):  97,  63, ---, ---, 
[2025-05-18T23:07:44.012+0300][7296][15468][info][gc,stats    ]     CWR: VM Weak Roots              218 us, workers (us): 129,  89, ---, ---, 
[2025-05-18T23:07:44.012+0300][7296][15468][info][gc,stats    ]     CWR: CLDG Roots                   1 us, workers (us):   1, ---, ---, ---, 
[2025-05-18T23:07:44.012+0300][7296][15468][info][gc,stats    ]   Rendezvous                         77 us
[2025-05-18T23:07:44.012+0300][7296][15468][info][gc,stats    ] Concurrent Cleanup                   38 us
[2025-05-18T23:07:44.012+0300][7296][15468][info][gc,stats    ] Concurrent Class Unloading         1356 us
[2025-05-18T23:07:44.012+0300][7296][15468][info][gc,stats    ]   Unlink Stale                     1030 us
[2025-05-18T23:07:44.012+0300][7296][15468][info][gc,stats    ]     System Dictionary                44 us
[2025-05-18T23:07:44.012+0300][7296][15468][info][gc,stats    ]     Weak Class Links                534 us
[2025-05-18T23:07:44.012+0300][7296][15468][info][gc,stats    ]     Code Roots                      452 us
[2025-05-18T23:07:44.012+0300][7296][15468][info][gc,stats    ]   Rendezvous                        159 us
[2025-05-18T23:07:44.012+0300][7296][15468][info][gc,stats    ]   Purge Unlinked                     91 us
[2025-05-18T23:07:44.012+0300][7296][15468][info][gc,stats    ]     Code Roots                       74 us
[2025-05-18T23:07:44.012+0300][7296][15468][info][gc,stats    ]     CLDG                             16 us
[2025-05-18T23:07:44.012+0300][7296][15468][info][gc,stats    ]     Exception Caches                  0 us
[2025-05-18T23:07:44.012+0300][7296][15468][info][gc,stats    ] Concurrent Strong Roots             383 us, parallelism: 0.61x
[2025-05-18T23:07:44.012+0300][7296][15468][info][gc,stats    ]   CSR: <total>                      234 us
[2025-05-18T23:07:44.012+0300][7296][15468][info][gc,stats    ]   CSR: VM Strong Roots               10 us, workers (us):   9,   1, ---, ---, 
[2025-05-18T23:07:44.012+0300][7296][15468][info][gc,stats    ]   CSR: CLDG Roots                   223 us, workers (us): 223, ---, ---, ---, 
[2025-05-18T23:07:44.012+0300][7296][15468][info][gc,stats    ] Concurrent Evacuation              1264 us
[2025-05-18T23:07:44.012+0300][7296][15468][info][gc,stats    ] Pause Init Update Refs (G)          265 us
[2025-05-18T23:07:44.012+0300][7296][15468][info][gc,stats    ] Pause Init Update Refs (N)           97 us
[2025-05-18T23:07:44.012+0300][7296][15468][info][gc,stats    ]   Manage GCLABs                       2 us
[2025-05-18T23:07:44.012+0300][7296][15468][info][gc,stats    ] Concurrent Update Refs             1818 us
[2025-05-18T23:07:44.012+0300][7296][15468][info][gc,stats    ] Concurrent Update Thread Roots      248 us
[2025-05-18T23:07:44.012+0300][7296][15468][info][gc,stats    ] Pause Final Update Refs (G)         199 us
[2025-05-18T23:07:44.012+0300][7296][15468][info][gc,stats    ] Pause Final Update Refs (N)          81 us
[2025-05-18T23:07:44.012+0300][7296][15468][info][gc,stats    ]   Update Region States               17 us
[2025-05-18T23:07:44.012+0300][7296][15468][info][gc,stats    ]   Trash Collection Set                2 us
[2025-05-18T23:07:44.012+0300][7296][15468][info][gc,stats    ]   Rebuild Free Set                   11 us
[2025-05-18T23:07:44.012+0300][7296][15468][info][gc,stats    ] Concurrent Cleanup                   50 us
[2025-05-18T23:07:44.012+0300][7296][15468][info][gc,stats    ] 
[2025-05-18T23:07:44.012+0300][7296][15468][info][gc,stats    ] Allocation pacing accrued:
[2025-05-18T23:07:44.012+0300][7296][15468][info][gc,stats    ]       0 of   312 ms (  0.0%): <total>
[2025-05-18T23:07:44.012+0300][7296][15468][info][gc,stats    ]       0 of   312 ms (  0.0%): <average total>
[2025-05-18T23:07:44.012+0300][7296][15468][info][gc,stats    ] 
[2025-05-18T23:07:44.013+0300][7296][15468][info][gc,metaspace] Metaspace: 2843K(3072K)->2837K(3072K) NonClass: 2586K(2688K)->2582K(2688K) Class: 257K(384K)->255K(384K)
[2025-05-18T23:07:44.013+0300][7296][15468][info][gc,ergo     ] Pacer for Idle. Initial: 245M, Alloc Tax Rate: 1.0x
[2025-05-18T23:07:50.658+0300][7296][15468][info][gc          ] Trigger: Explicit GC request (System.gc())
[2025-05-18T23:07:50.658+0300][7296][15468][info][gc,ergo     ] Free: 11568M, Max: 4096K regular, 11568M humongous, Frag: 0% external, 0% internal; Reserve: 616M, Max: 4096K
[2025-05-18T23:07:50.658+0300][7296][15468][info][gc,start    ] GC(1) Concurrent reset
[2025-05-18T23:07:50.658+0300][7296][15468][info][gc,task     ] GC(1) Using 2 of 4 workers for concurrent reset
[2025-05-18T23:07:50.658+0300][7296][15468][info][gc,ergo     ] GC(1) Pacer for Reset. Non-Taxable: 12288M
[2025-05-18T23:07:50.658+0300][7296][15468][info][gc          ] GC(1) Concurrent reset 0.208ms
[2025-05-18T23:07:50.658+0300][7296][1688 ][info][gc,start    ] GC(1) Pause Init Mark (unload classes)
[2025-05-18T23:07:50.658+0300][7296][1688 ][info][gc,task     ] GC(1) Using 4 of 4 workers for init marking
[2025-05-18T23:07:50.658+0300][7296][1688 ][info][gc,ref      ] GC(1) Clearing All SoftReferences
[2025-05-18T23:07:50.658+0300][7296][1688 ][info][gc,ergo     ] GC(1) Pacer for Mark. Expected Live: 2395K, Free: 11568M, Non-Taxable: 1156M, Alloc Tax Rate: 0.0x
[2025-05-18T23:07:50.658+0300][7296][1688 ][info][gc          ] GC(1) Pause Init Mark (unload classes) 0.070ms
[2025-05-18T23:07:50.658+0300][7296][15468][info][gc,start    ] GC(1) Concurrent marking roots
[2025-05-18T23:07:50.658+0300][7296][15468][info][gc,task     ] GC(1) Using 2 of 4 workers for concurrent marking roots
[2025-05-18T23:07:50.658+0300][7296][15468][info][gc          ] GC(1) Concurrent marking roots 0.112ms
[2025-05-18T23:07:50.658+0300][7296][15468][info][gc,start    ] GC(1) Concurrent marking (unload classes)
[2025-05-18T23:07:50.658+0300][7296][15468][info][gc,task     ] GC(1) Using 2 of 4 workers for concurrent marking
[2025-05-18T23:07:50.660+0300][7296][15468][info][gc          ] GC(1) Concurrent marking (unload classes) 1.461ms
[2025-05-18T23:07:50.660+0300][7296][1688 ][info][gc,start    ] GC(1) Pause Final Mark (unload classes)
[2025-05-18T23:07:50.660+0300][7296][1688 ][info][gc,task     ] GC(1) Using 4 of 4 workers for final marking
[2025-05-18T23:07:50.660+0300][7296][1688 ][info][gc,ergo     ] GC(1) Adaptive CSet Selection. Target Free: 1740M, Actual Free: 12228M, Max CSet: 512M, Min Garbage: 0B
[2025-05-18T23:07:50.660+0300][7296][1688 ][info][gc,ergo     ] GC(1) Collectable Garbage: 102054K (99%), Immediate: 45056K (43%), CSet: 56998K (55%)
[2025-05-18T23:07:50.660+0300][7296][1688 ][info][gc,ergo     ] GC(1) Pacer for Evacuation. Used CSet: 57344K, Free: 11612M, Non-Taxable: 1161M, Alloc Tax Rate: 1.1x
[2025-05-18T23:07:50.660+0300][7296][1688 ][info][gc          ] GC(1) Pause Final Mark (unload classes) 0.165ms
[2025-05-18T23:07:50.660+0300][7296][15468][info][gc,start    ] GC(1) Concurrent thread roots
[2025-05-18T23:07:50.660+0300][7296][15468][info][gc,task     ] GC(1) Using 2 of 4 workers for Concurrent thread roots
[2025-05-18T23:07:50.660+0300][7296][15468][info][gc          ] GC(1) Concurrent thread roots 0.064ms
[2025-05-18T23:07:50.660+0300][7296][15468][info][gc,start    ] GC(1) Concurrent weak references
[2025-05-18T23:07:50.660+0300][7296][15468][info][gc,task     ] GC(1) Using 2 of 4 workers for concurrent weak references
[2025-05-18T23:07:50.660+0300][7296][15468][info][gc,ref      ] GC(1) Encountered references: Soft: 74, Weak: 256, Final: 3, Phantom: 18
[2025-05-18T23:07:50.660+0300][7296][15468][info][gc,ref      ] GC(1) Discovered  references: Soft: 49, Weak: 153, Final: 2, Phantom: 15
[2025-05-18T23:07:50.660+0300][7296][15468][info][gc,ref      ] GC(1) Enqueued    references: Soft: 13, Weak: 16, Final: 0, Phantom: 4
[2025-05-18T23:07:50.660+0300][7296][15468][info][gc          ] GC(1) Concurrent weak references 0.073ms
[2025-05-18T23:07:50.660+0300][7296][15468][info][gc,start    ] GC(1) Concurrent weak roots
[2025-05-18T23:07:50.660+0300][7296][15468][info][gc,task     ] GC(1) Using 2 of 4 workers for concurrent weak root
[2025-05-18T23:07:50.660+0300][7296][15468][info][gc          ] GC(1) Concurrent weak roots 0.394ms
[2025-05-18T23:07:50.660+0300][7296][15468][info][gc,start    ] GC(1) Concurrent cleanup
[2025-05-18T23:07:50.660+0300][7296][15468][info][gc          ] GC(1) Concurrent cleanup 107M->63M(12288M) 0.020ms
[2025-05-18T23:07:50.661+0300][7296][15468][info][gc,ergo     ] GC(1) Free: 11608M, Max: 4096K regular, 11564M humongous, Frag: 1% external, 0% internal; Reserve: 615M, Max: 4096K
[2025-05-18T23:07:50.661+0300][7296][15468][info][gc,start    ] GC(1) Concurrent class unloading
[2025-05-18T23:07:50.661+0300][7296][15468][info][gc,task     ] GC(1) Using 2 of 4 workers for concurrent class unloading
[2025-05-18T23:07:50.663+0300][7296][15468][info][gc          ] GC(1) Concurrent class unloading 2.680ms
[2025-05-18T23:07:50.663+0300][7296][15468][info][gc,start    ] GC(1) Concurrent strong roots
[2025-05-18T23:07:50.663+0300][7296][15468][info][gc,task     ] GC(1) Using 2 of 4 workers for concurrent strong root
[2025-05-18T23:07:50.664+0300][7296][15468][info][gc          ] GC(1) Concurrent strong roots 0.166ms
[2025-05-18T23:07:50.664+0300][7296][15468][info][gc,start    ] GC(1) Concurrent evacuation
[2025-05-18T23:07:50.664+0300][7296][15468][info][gc,task     ] GC(1) Using 2 of 4 workers for concurrent evacuation
[2025-05-18T23:07:50.664+0300][7296][15468][info][gc          ] GC(1) Concurrent evacuation 0.296ms
[2025-05-18T23:07:50.664+0300][7296][1688 ][info][gc,start    ] GC(1) Pause Init Update Refs
[2025-05-18T23:07:50.664+0300][7296][1688 ][info][gc,ergo     ] GC(1) Pacer for Update Refs. Used: 65055K, Free: 11608M, Non-Taxable: 1160M, Alloc Tax Rate: 1.1x
[2025-05-18T23:07:50.664+0300][7296][1688 ][info][gc          ] GC(1) Pause Init Update Refs 0.034ms
[2025-05-18T23:07:50.664+0300][7296][15468][info][gc,start    ] GC(1) Concurrent update references
[2025-05-18T23:07:50.664+0300][7296][15468][info][gc,task     ] GC(1) Using 2 of 4 workers for concurrent reference update
[2025-05-18T23:07:50.666+0300][7296][15468][info][gc          ] GC(1) Concurrent update references 1.246ms
[2025-05-18T23:07:50.666+0300][7296][15468][info][gc,start    ] GC(1) Concurrent update thread roots
[2025-05-18T23:07:50.666+0300][7296][15468][info][gc          ] GC(1) Concurrent update thread roots 0.066ms
[2025-05-18T23:07:50.666+0300][7296][1688 ][info][gc,start    ] GC(1) Pause Final Update Refs
[2025-05-18T23:07:50.666+0300][7296][1688 ][info][gc,task     ] GC(1) Using 4 of 4 workers for final reference update
[2025-05-18T23:07:50.666+0300][7296][1688 ][info][gc          ] GC(1) Pause Final Update Refs 0.087ms
[2025-05-18T23:07:50.666+0300][7296][15468][info][gc,start    ] GC(1) Concurrent cleanup
[2025-05-18T23:07:50.666+0300][7296][15468][info][gc          ] GC(1) Concurrent cleanup 63M->7M(12288M) 0.020ms
[2025-05-18T23:07:50.666+0300][7296][15468][info][gc,ergo     ] Free: 11664M, Max: 4096K regular, 11560M humongous, Frag: 1% external, 0% internal; Reserve: 616M, Max: 4096K
[2025-05-18T23:07:50.666+0300][7296][15468][info][gc,stats    ] 
[2025-05-18T23:07:50.666+0300][7296][15468][info][gc,stats    ] All times are wall-clock times, except per-root-class counters, that are sum over
[2025-05-18T23:07:50.666+0300][7296][15468][info][gc,stats    ] all workers. Dividing the <total> over the root stage time estimates parallelism.
[2025-05-18T23:07:50.666+0300][7296][15468][info][gc,stats    ] 
[2025-05-18T23:07:50.666+0300][7296][15468][info][gc,stats    ] Concurrent Reset                    223 us
[2025-05-18T23:07:50.666+0300][7296][15468][info][gc,stats    ] Pause Init Mark (G)                 123 us
[2025-05-18T23:07:50.666+0300][7296][15468][info][gc,stats    ] Pause Init Mark (N)                  80 us
[2025-05-18T23:07:50.666+0300][7296][15468][info][gc,stats    ]   Update Region States               11 us
[2025-05-18T23:07:50.666+0300][7296][15468][info][gc,stats    ] Concurrent Mark Roots               121 us, parallelism: 0.95x
[2025-05-18T23:07:50.666+0300][7296][15468][info][gc,stats    ]   CMR: <total>                      115 us
[2025-05-18T23:07:50.666+0300][7296][15468][info][gc,stats    ]   CMR: Thread Roots                  43 us, workers (us):   0,  43, ---, ---, 
[2025-05-18T23:07:50.666+0300][7296][15468][info][gc,stats    ]   CMR: VM Strong Roots               41 us, workers (us):  22,  19, ---, ---, 
[2025-05-18T23:07:50.666+0300][7296][15468][info][gc,stats    ]   CMR: CLDG Roots                    31 us, workers (us):  31, ---, ---, ---, 
[2025-05-18T23:07:50.666+0300][7296][15468][info][gc,stats    ] Concurrent Marking                 1473 us
[2025-05-18T23:07:50.666+0300][7296][15468][info][gc,stats    ] Pause Final Mark (G)                192 us
[2025-05-18T23:07:50.666+0300][7296][15468][info][gc,stats    ] Pause Final Mark (N)                174 us
[2025-05-18T23:07:50.666+0300][7296][15468][info][gc,stats    ]   Finish Mark                        67 us
[2025-05-18T23:07:50.666+0300][7296][15468][info][gc,stats    ]   Update Region States               17 us
[2025-05-18T23:07:50.666+0300][7296][15468][info][gc,stats    ]   Choose Collection Set              28 us
[2025-05-18T23:07:50.666+0300][7296][15468][info][gc,stats    ]   Rebuild Free Set                   12 us
[2025-05-18T23:07:50.666+0300][7296][15468][info][gc,stats    ] Concurrent Thread Roots              73 us, parallelism: 0.62x
[2025-05-18T23:07:50.666+0300][7296][15468][info][gc,stats    ]   CTR: <total>                       45 us
[2025-05-18T23:07:50.666+0300][7296][15468][info][gc,stats    ]   CTR: Thread Roots                  45 us, workers (us):  30,  16, ---, ---, 
[2025-05-18T23:07:50.666+0300][7296][15468][info][gc,stats    ] Concurrent Weak References           81 us, parallelism: 0.16x
[2025-05-18T23:07:50.666+0300][7296][15468][info][gc,stats    ]   CWRF: <total>                      13 us
[2025-05-18T23:07:50.666+0300][7296][15468][info][gc,stats    ]   CWRF: Weak References              13 us, workers (us):   8,   6, ---, ---, 
[2025-05-18T23:07:50.666+0300][7296][15468][info][gc,stats    ] Concurrent Weak Roots               413 us
[2025-05-18T23:07:50.666+0300][7296][15468][info][gc,stats    ]   Roots                             341 us, parallelism: 1.84x
[2025-05-18T23:07:50.666+0300][7296][15468][info][gc,stats    ]     CWR: <total>                    627 us
[2025-05-18T23:07:50.666+0300][7296][15468][info][gc,stats    ]     CWR: Code Cache Roots           432 us, workers (us): 215, 217, ---, ---, 
[2025-05-18T23:07:50.666+0300][7296][15468][info][gc,stats    ]     CWR: VM Weak Roots              194 us, workers (us):  96,  98, ---, ---, 
[2025-05-18T23:07:50.666+0300][7296][15468][info][gc,stats    ]     CWR: CLDG Roots                   1 us, workers (us):   1, ---, ---, ---, 
[2025-05-18T23:07:50.666+0300][7296][15468][info][gc,stats    ]   Rendezvous                         35 us
[2025-05-18T23:07:50.666+0300][7296][15468][info][gc,stats    ] Concurrent Cleanup                   32 us
[2025-05-18T23:07:50.666+0300][7296][15468][info][gc,stats    ] Concurrent Class Unloading         2719 us
[2025-05-18T23:07:50.666+0300][7296][15468][info][gc,stats    ]   Unlink Stale                     1822 us
[2025-05-18T23:07:50.666+0300][7296][15468][info][gc,stats    ]     System Dictionary                45 us
[2025-05-18T23:07:50.666+0300][7296][15468][info][gc,stats    ]     Weak Class Links                849 us
[2025-05-18T23:07:50.666+0300][7296][15468][info][gc,stats    ]     Code Roots                      927 us
[2025-05-18T23:07:50.666+0300][7296][15468][info][gc,stats    ]   Rendezvous                         57 us
[2025-05-18T23:07:50.666+0300][7296][15468][info][gc,stats    ]   Purge Unlinked                    783 us
[2025-05-18T23:07:50.666+0300][7296][15468][info][gc,stats    ]     Code Roots                      741 us
[2025-05-18T23:07:50.666+0300][7296][15468][info][gc,stats    ]     CLDG                             42 us
[2025-05-18T23:07:50.666+0300][7296][15468][info][gc,stats    ]     Exception Caches                  0 us
[2025-05-18T23:07:50.666+0300][7296][15468][info][gc,stats    ] Concurrent Strong Roots             177 us, parallelism: 0.52x
[2025-05-18T23:07:50.666+0300][7296][15468][info][gc,stats    ]   CSR: <total>                       93 us
[2025-05-18T23:07:50.666+0300][7296][15468][info][gc,stats    ]   CSR: VM Strong Roots                3 us, workers (us):   2,   1, ---, ---, 
[2025-05-18T23:07:50.666+0300][7296][15468][info][gc,stats    ]   CSR: CLDG Roots                    90 us, workers (us): ---,  90, ---, ---, 
[2025-05-18T23:07:50.666+0300][7296][15468][info][gc,stats    ] Concurrent Evacuation               324 us
[2025-05-18T23:07:50.666+0300][7296][15468][info][gc,stats    ] Pause Init Update Refs (G)           95 us
[2025-05-18T23:07:50.666+0300][7296][15468][info][gc,stats    ] Pause Init Update Refs (N)           43 us
[2025-05-18T23:07:50.666+0300][7296][15468][info][gc,stats    ]   Manage GCLABs                       1 us
[2025-05-18T23:07:50.666+0300][7296][15468][info][gc,stats    ] Concurrent Update Refs             1258 us
[2025-05-18T23:07:50.666+0300][7296][15468][info][gc,stats    ] Concurrent Update Thread Roots       76 us
[2025-05-18T23:07:50.666+0300][7296][15468][info][gc,stats    ] Pause Final Update Refs (G)         113 us
[2025-05-18T23:07:50.666+0300][7296][15468][info][gc,stats    ] Pause Final Update Refs (N)          96 us
[2025-05-18T23:07:50.666+0300][7296][15468][info][gc,stats    ]   Update Region States               44 us
[2025-05-18T23:07:50.666+0300][7296][15468][info][gc,stats    ]   Trash Collection Set                2 us
[2025-05-18T23:07:50.666+0300][7296][15468][info][gc,stats    ]   Rebuild Free Set                   12 us
[2025-05-18T23:07:50.666+0300][7296][15468][info][gc,stats    ] Concurrent Cleanup                   29 us
[2025-05-18T23:07:50.666+0300][7296][15468][info][gc,stats    ] 
[2025-05-18T23:07:50.666+0300][7296][15468][info][gc,stats    ] Allocation pacing accrued:
[2025-05-18T23:07:50.666+0300][7296][15468][info][gc,stats    ]       0 of  6653 ms (  0.0%): <total>
[2025-05-18T23:07:50.666+0300][7296][15468][info][gc,stats    ]       0 of  6653 ms (  0.0%): <average total>
[2025-05-18T23:07:50.666+0300][7296][15468][info][gc,stats    ] 
[2025-05-18T23:07:50.666+0300][7296][15468][info][gc,metaspace] Metaspace: 5376K(5632K)->5373K(5632K) NonClass: 4793K(4928K)->4791K(4928K) Class: 582K(704K)->581K(704K)
[2025-05-18T23:07:50.666+0300][7296][15468][info][gc,ergo     ] Pacer for Idle. Initial: 245M, Alloc Tax Rate: 1.0x
[2025-05-18T23:07:56.953+0300][7296][15468][info][gc          ] Trigger: Explicit GC request (System.gc())
[2025-05-18T23:07:56.953+0300][7296][15468][info][gc,ergo     ] Free: 11572M, Max: 4096K regular, 11560M humongous, Frag: 1% external, 0% internal; Reserve: 616M, Max: 4096K
[2025-05-18T23:07:56.953+0300][7296][15468][info][gc,start    ] GC(2) Concurrent reset
[2025-05-18T23:07:56.953+0300][7296][15468][info][gc,task     ] GC(2) Using 2 of 4 workers for concurrent reset
[2025-05-18T23:07:56.953+0300][7296][15468][info][gc,ergo     ] GC(2) Pacer for Reset. Non-Taxable: 12288M
[2025-05-18T23:07:56.953+0300][7296][15468][info][gc          ] GC(2) Concurrent reset 0.196ms
[2025-05-18T23:07:56.953+0300][7296][1688 ][info][gc,start    ] GC(2) Pause Init Mark (unload classes)
[2025-05-18T23:07:56.953+0300][7296][1688 ][info][gc,task     ] GC(2) Using 4 of 4 workers for init marking
[2025-05-18T23:07:56.953+0300][7296][1688 ][info][gc,ref      ] GC(2) Clearing All SoftReferences
[2025-05-18T23:07:56.953+0300][7296][1688 ][info][gc,ergo     ] GC(2) Pacer for Mark. Expected Live: 2562K, Free: 11572M, Non-Taxable: 1157M, Alloc Tax Rate: 0.0x
[2025-05-18T23:07:56.953+0300][7296][1688 ][info][gc          ] GC(2) Pause Init Mark (unload classes) 0.120ms
[2025-05-18T23:07:56.953+0300][7296][15468][info][gc,start    ] GC(2) Concurrent marking roots
[2025-05-18T23:07:56.953+0300][7296][15468][info][gc,task     ] GC(2) Using 2 of 4 workers for concurrent marking roots
[2025-05-18T23:07:56.953+0300][7296][15468][info][gc          ] GC(2) Concurrent marking roots 0.100ms
[2025-05-18T23:07:56.953+0300][7296][15468][info][gc,start    ] GC(2) Concurrent marking (unload classes)
[2025-05-18T23:07:56.953+0300][7296][15468][info][gc,task     ] GC(2) Using 2 of 4 workers for concurrent marking
[2025-05-18T23:07:56.955+0300][7296][15468][info][gc          ] GC(2) Concurrent marking (unload classes) 1.427ms
[2025-05-18T23:07:56.955+0300][7296][1688 ][info][gc,start    ] GC(2) Pause Final Mark (unload classes)
[2025-05-18T23:07:56.955+0300][7296][1688 ][info][gc,task     ] GC(2) Using 4 of 4 workers for final marking
[2025-05-18T23:07:56.955+0300][7296][1688 ][info][gc,ergo     ] GC(2) Adaptive CSet Selection. Target Free: 1740M, Actual Free: 12264M, Max CSet: 512M, Min Garbage: 0B
[2025-05-18T23:07:56.955+0300][7296][1688 ][info][gc,ergo     ] GC(2) Collectable Garbage: 98282K (99%), Immediate: 81920K (82%), CSet: 16362K (16%)
[2025-05-18T23:07:56.955+0300][7296][1688 ][info][gc,ergo     ] GC(2) Pacer for Evacuation. Used CSet: 16363K, Free: 11652M, Non-Taxable: 1165M, Alloc Tax Rate: 1.1x
[2025-05-18T23:07:56.955+0300][7296][1688 ][info][gc          ] GC(2) Pause Final Mark (unload classes) 0.115ms
[2025-05-18T23:07:56.955+0300][7296][15468][info][gc,start    ] GC(2) Concurrent thread roots
[2025-05-18T23:07:56.955+0300][7296][15468][info][gc,task     ] GC(2) Using 2 of 4 workers for Concurrent thread roots
[2025-05-18T23:07:56.955+0300][7296][15468][info][gc          ] GC(2) Concurrent thread roots 0.060ms
[2025-05-18T23:07:56.955+0300][7296][15468][info][gc,start    ] GC(2) Concurrent weak references
[2025-05-18T23:07:56.955+0300][7296][15468][info][gc,task     ] GC(2) Using 2 of 4 workers for concurrent weak references
[2025-05-18T23:07:56.955+0300][7296][15468][info][gc,ref      ] GC(2) Encountered references: Soft: 59, Weak: 240, Final: 3, Phantom: 16
[2025-05-18T23:07:56.955+0300][7296][15468][info][gc,ref      ] GC(2) Discovered  references: Soft: 36, Weak: 137, Final: 2, Phantom: 13
[2025-05-18T23:07:56.955+0300][7296][15468][info][gc,ref      ] GC(2) Enqueued    references: Soft: 0, Weak: 0, Final: 0, Phantom: 2
[2025-05-18T23:07:56.955+0300][7296][15468][info][gc          ] GC(2) Concurrent weak references 0.068ms
[2025-05-18T23:07:56.955+0300][7296][15468][info][gc,start    ] GC(2) Concurrent weak roots
[2025-05-18T23:07:56.955+0300][7296][15468][info][gc,task     ] GC(2) Using 2 of 4 workers for concurrent weak root
[2025-05-18T23:07:56.955+0300][7296][15468][info][gc          ] GC(2) Concurrent weak roots 0.322ms
[2025-05-18T23:07:56.955+0300][7296][15468][info][gc,start    ] GC(2) Concurrent cleanup
[2025-05-18T23:07:56.955+0300][7296][15468][info][gc          ] GC(2) Concurrent cleanup 103M->23M(12288M) 0.022ms
[2025-05-18T23:07:56.955+0300][7296][15468][info][gc,ergo     ] GC(2) Free: 11648M, Max: 4096K regular, 11560M humongous, Frag: 1% external, 0% internal; Reserve: 615M, Max: 4096K
[2025-05-18T23:07:56.955+0300][7296][15468][info][gc,start    ] GC(2) Concurrent class unloading
[2025-05-18T23:07:56.955+0300][7296][15468][info][gc,task     ] GC(2) Using 2 of 4 workers for concurrent class unloading
[2025-05-18T23:07:56.956+0300][7296][15468][info][gc          ] GC(2) Concurrent class unloading 0.856ms
[2025-05-18T23:07:56.956+0300][7296][15468][info][gc,start    ] GC(2) Concurrent strong roots
[2025-05-18T23:07:56.956+0300][7296][15468][info][gc,task     ] GC(2) Using 2 of 4 workers for concurrent strong root
[2025-05-18T23:07:56.956+0300][7296][15468][info][gc          ] GC(2) Concurrent strong roots 0.049ms
[2025-05-18T23:07:56.956+0300][7296][15468][info][gc,start    ] GC(2) Concurrent evacuation
[2025-05-18T23:07:56.956+0300][7296][15468][info][gc,task     ] GC(2) Using 2 of 4 workers for concurrent evacuation
[2025-05-18T23:07:56.956+0300][7296][15468][info][gc          ] GC(2) Concurrent evacuation 0.082ms
[2025-05-18T23:07:56.956+0300][7296][1688 ][info][gc,start    ] GC(2) Pause Init Update Refs
[2025-05-18T23:07:56.956+0300][7296][1688 ][info][gc,ergo     ] GC(2) Pacer for Update Refs. Used: 24096K, Free: 11648M, Non-Taxable: 1164M, Alloc Tax Rate: 1.1x
[2025-05-18T23:07:56.956+0300][7296][1688 ][info][gc          ] GC(2) Pause Init Update Refs 0.036ms
[2025-05-18T23:07:56.956+0300][7296][15468][info][gc,start    ] GC(2) Concurrent update references
[2025-05-18T23:07:56.956+0300][7296][15468][info][gc,task     ] GC(2) Using 2 of 4 workers for concurrent reference update
[2025-05-18T23:07:56.958+0300][7296][15468][info][gc          ] GC(2) Concurrent update references 1.212ms
[2025-05-18T23:07:56.958+0300][7296][15468][info][gc,start    ] GC(2) Concurrent update thread roots
[2025-05-18T23:07:56.958+0300][7296][15468][info][gc          ] GC(2) Concurrent update thread roots 0.053ms
[2025-05-18T23:07:56.958+0300][7296][1688 ][info][gc,start    ] GC(2) Pause Final Update Refs
[2025-05-18T23:07:56.958+0300][7296][1688 ][info][gc,task     ] GC(2) Using 4 of 4 workers for final reference update
[2025-05-18T23:07:56.958+0300][7296][1688 ][info][gc          ] GC(2) Pause Final Update Refs 0.046ms
[2025-05-18T23:07:56.958+0300][7296][15468][info][gc,start    ] GC(2) Concurrent cleanup
[2025-05-18T23:07:56.958+0300][7296][15468][info][gc          ] GC(2) Concurrent cleanup 23M->7M(12288M) 0.023ms
[2025-05-18T23:07:56.958+0300][7296][15468][info][gc,ergo     ] Free: 11664M, Max: 4096K regular, 11564M humongous, Frag: 1% external, 0% internal; Reserve: 616M, Max: 4096K
[2025-05-18T23:07:56.958+0300][7296][15468][info][gc,stats    ] 
[2025-05-18T23:07:56.958+0300][7296][15468][info][gc,stats    ] All times are wall-clock times, except per-root-class counters, that are sum over
[2025-05-18T23:07:56.958+0300][7296][15468][info][gc,stats    ] all workers. Dividing the <total> over the root stage time estimates parallelism.
[2025-05-18T23:07:56.958+0300][7296][15468][info][gc,stats    ] 
[2025-05-18T23:07:56.958+0300][7296][15468][info][gc,stats    ] Concurrent Reset                    212 us
[2025-05-18T23:07:56.958+0300][7296][15468][info][gc,stats    ] Pause Init Mark (G)                 184 us
[2025-05-18T23:07:56.958+0300][7296][15468][info][gc,stats    ] Pause Init Mark (N)                 129 us
[2025-05-18T23:07:56.958+0300][7296][15468][info][gc,stats    ]   Update Region States                6 us
[2025-05-18T23:07:56.958+0300][7296][15468][info][gc,stats    ] Concurrent Mark Roots               111 us, parallelism: 0.92x
[2025-05-18T23:07:56.958+0300][7296][15468][info][gc,stats    ]   CMR: <total>                      102 us
[2025-05-18T23:07:56.958+0300][7296][15468][info][gc,stats    ]   CMR: Thread Roots                  53 us, workers (us):   4,  49, ---, ---, 
[2025-05-18T23:07:56.958+0300][7296][15468][info][gc,stats    ]   CMR: VM Strong Roots               10 us, workers (us):   3,   7, ---, ---, 
[2025-05-18T23:07:56.958+0300][7296][15468][info][gc,stats    ]   CMR: CLDG Roots                    39 us, workers (us):  39, ---, ---, ---, 
[2025-05-18T23:07:56.958+0300][7296][15468][info][gc,stats    ] Concurrent Marking                 1440 us
[2025-05-18T23:07:56.958+0300][7296][15468][info][gc,stats    ] Pause Final Mark (G)                142 us
[2025-05-18T23:07:56.958+0300][7296][15468][info][gc,stats    ] Pause Final Mark (N)                124 us
[2025-05-18T23:07:56.958+0300][7296][15468][info][gc,stats    ]   Finish Mark                        26 us
[2025-05-18T23:07:56.958+0300][7296][15468][info][gc,stats    ]   Update Region States               14 us
[2025-05-18T23:07:56.958+0300][7296][15468][info][gc,stats    ]   Choose Collection Set              28 us
[2025-05-18T23:07:56.958+0300][7296][15468][info][gc,stats    ]   Rebuild Free Set                   12 us
[2025-05-18T23:07:56.958+0300][7296][15468][info][gc,stats    ] Concurrent Thread Roots              71 us, parallelism: 0.57x
[2025-05-18T23:07:56.958+0300][7296][15468][info][gc,stats    ]   CTR: <total>                       41 us
[2025-05-18T23:07:56.958+0300][7296][15468][info][gc,stats    ]   CTR: Thread Roots                  41 us, workers (us):  15,  26, ---, ---, 
[2025-05-18T23:07:56.958+0300][7296][15468][info][gc,stats    ] Concurrent Weak References           76 us, parallelism: 0.10x
[2025-05-18T23:07:56.958+0300][7296][15468][info][gc,stats    ]   CWRF: <total>                       8 us
[2025-05-18T23:07:56.958+0300][7296][15468][info][gc,stats    ]   CWRF: Weak References               8 us, workers (us):   3,   5, ---, ---, 
[2025-05-18T23:07:56.958+0300][7296][15468][info][gc,stats    ] Concurrent Weak Roots               341 us
[2025-05-18T23:07:56.958+0300][7296][15468][info][gc,stats    ]   Roots                             275 us, parallelism: 1.79x
[2025-05-18T23:07:56.958+0300][7296][15468][info][gc,stats    ]     CWR: <total>                    491 us
[2025-05-18T23:07:56.958+0300][7296][15468][info][gc,stats    ]     CWR: Code Cache Roots           390 us, workers (us): 204, 186, ---, ---, 
[2025-05-18T23:07:56.958+0300][7296][15468][info][gc,stats    ]     CWR: VM Weak Roots              100 us, workers (us):  50,  50, ---, ---, 
[2025-05-18T23:07:56.958+0300][7296][15468][info][gc,stats    ]     CWR: CLDG Roots                   1 us, workers (us): ---,   1, ---, ---, 
[2025-05-18T23:07:56.958+0300][7296][15468][info][gc,stats    ]   Rendezvous                         30 us
[2025-05-18T23:07:56.958+0300][7296][15468][info][gc,stats    ] Concurrent Cleanup                   31 us
[2025-05-18T23:07:56.958+0300][7296][15468][info][gc,stats    ] Concurrent Class Unloading          882 us
[2025-05-18T23:07:56.958+0300][7296][15468][info][gc,stats    ]   Unlink Stale                      701 us
[2025-05-18T23:07:56.958+0300][7296][15468][info][gc,stats    ]     System Dictionary                 2 us
[2025-05-18T23:07:56.958+0300][7296][15468][info][gc,stats    ]     Weak Class Links                  0 us
[2025-05-18T23:07:56.958+0300][7296][15468][info][gc,stats    ]     Code Roots                      699 us
[2025-05-18T23:07:56.958+0300][7296][15468][info][gc,stats    ]   Rendezvous                         29 us
[2025-05-18T23:07:56.958+0300][7296][15468][info][gc,stats    ]   Purge Unlinked                    108 us
[2025-05-18T23:07:56.958+0300][7296][15468][info][gc,stats    ]     Code Roots                      100 us
[2025-05-18T23:07:56.958+0300][7296][15468][info][gc,stats    ]     CLDG                              8 us
[2025-05-18T23:07:56.958+0300][7296][15468][info][gc,stats    ]     Exception Caches                  0 us
[2025-05-18T23:07:56.958+0300][7296][15468][info][gc,stats    ] Concurrent Strong Roots              59 us, parallelism: 0.22x
[2025-05-18T23:07:56.958+0300][7296][15468][info][gc,stats    ]   CSR: <total>                       13 us
[2025-05-18T23:07:56.958+0300][7296][15468][info][gc,stats    ]   CSR: VM Strong Roots                2 us, workers (us):   2,   1, ---, ---, 
[2025-05-18T23:07:56.958+0300][7296][15468][info][gc,stats    ]   CSR: CLDG Roots                    11 us, workers (us):  11, ---, ---, ---, 
[2025-05-18T23:07:56.958+0300][7296][15468][info][gc,stats    ] Concurrent Evacuation                93 us
[2025-05-18T23:07:56.958+0300][7296][15468][info][gc,stats    ] Pause Init Update Refs (G)           67 us
[2025-05-18T23:07:56.958+0300][7296][15468][info][gc,stats    ] Pause Init Update Refs (N)           45 us
[2025-05-18T23:07:56.958+0300][7296][15468][info][gc,stats    ]   Manage GCLABs                       1 us
[2025-05-18T23:07:56.958+0300][7296][15468][info][gc,stats    ] Concurrent Update Refs             1223 us
[2025-05-18T23:07:56.958+0300][7296][15468][info][gc,stats    ] Concurrent Update Thread Roots       62 us
[2025-05-18T23:07:56.958+0300][7296][15468][info][gc,stats    ] Pause Final Update Refs (G)          70 us
[2025-05-18T23:07:56.958+0300][7296][15468][info][gc,stats    ] Pause Final Update Refs (N)          55 us
[2025-05-18T23:07:56.958+0300][7296][15468][info][gc,stats    ]   Update Region States                9 us
[2025-05-18T23:07:56.958+0300][7296][15468][info][gc,stats    ]   Trash Collection Set                2 us
[2025-05-18T23:07:56.958+0300][7296][15468][info][gc,stats    ]   Rebuild Free Set                   12 us
[2025-05-18T23:07:56.958+0300][7296][15468][info][gc,stats    ] Concurrent Cleanup                   32 us
[2025-05-18T23:07:56.958+0300][7296][15468][info][gc,stats    ] 
[2025-05-18T23:07:56.958+0300][7296][15468][info][gc,stats    ] Allocation pacing accrued:
[2025-05-18T23:07:56.958+0300][7296][15468][info][gc,stats    ]       0 of  6292 ms (  0.0%): <total>
[2025-05-18T23:07:56.958+0300][7296][15468][info][gc,stats    ]       0 of  6292 ms (  0.0%): <average total>
[2025-05-18T23:07:56.958+0300][7296][15468][info][gc,stats    ] 
[2025-05-18T23:07:56.958+0300][7296][15468][info][gc,metaspace] Metaspace: 5409K(5632K)->5409K(5632K) NonClass: 4827K(4928K)->4827K(4928K) Class: 581K(704K)->581K(704K)
[2025-05-18T23:07:56.958+0300][7296][15468][info][gc,ergo     ] Pacer for Idle. Initial: 245M, Alloc Tax Rate: 1.0x
[2025-05-18T23:08:03.206+0300][7296][16136][info][gc          ] Cancelling GC: Stopping VM
[2025-05-18T23:08:03.214+0300][7296][16136][info][gc,heap,exit] Heap
[2025-05-18T23:08:03.214+0300][7296][16136][info][gc,heap,exit] Shenandoah Heap
[2025-05-18T23:08:03.214+0300][7296][16136][info][gc,heap,exit]  12288M max, 12288M soft max, 12288M committed, 101941K used
[2025-05-18T23:08:03.214+0300][7296][16136][info][gc,heap,exit]  3072 x 4096K regions
[2025-05-18T23:08:03.214+0300][7296][16136][info][gc,heap,exit] Status: cancelled
[2025-05-18T23:08:03.214+0300][7296][16136][info][gc,heap,exit] Reserved region:
[2025-05-18T23:08:03.214+0300][7296][16136][info][gc,heap,exit]  - [0x0000000500000000, 0x0000000800000000) 
[2025-05-18T23:08:03.214+0300][7296][16136][info][gc,heap,exit] Collection set:
[2025-05-18T23:08:03.214+0300][7296][16136][info][gc,heap,exit]  - map (vanilla): 0x0000000000011400
[2025-05-18T23:08:03.214+0300][7296][16136][info][gc,heap,exit]  - map (biased):  0x0000000000010000
[2025-05-18T23:08:03.214+0300][7296][16136][info][gc,heap,exit] 
[2025-05-18T23:08:03.214+0300][7296][16136][info][gc,heap,exit]  Metaspace       used 5500K, committed 5760K, reserved 1114112K
[2025-05-18T23:08:03.214+0300][7296][16136][info][gc,heap,exit]   class space    used 590K, committed 704K, reserved 1048576K
[2025-05-18T23:08:03.214+0300][7296][16136][info][gc,stats    ] 
[2025-05-18T23:08:03.214+0300][7296][16136][info][gc,stats    ] GC STATISTICS:
[2025-05-18T23:08:03.214+0300][7296][16136][info][gc,stats    ]   "(G)" (gross) pauses include VM time: time to notify and block threads, do the pre-
[2025-05-18T23:08:03.214+0300][7296][16136][info][gc,stats    ]         and post-safepoint housekeeping. Use -Xlog:safepoint+stats to dissect.
[2025-05-18T23:08:03.214+0300][7296][16136][info][gc,stats    ]   "(N)" (net) pauses are the times spent in the actual GC code.
[2025-05-18T23:08:03.214+0300][7296][16136][info][gc,stats    ]   "a" is average time for each phase, look at levels to see if average makes sense.
[2025-05-18T23:08:03.214+0300][7296][16136][info][gc,stats    ]   "lvls" are quantiles: 0% (minimum), 25%, 50% (median), 75%, 100% (maximum).
[2025-05-18T23:08:03.214+0300][7296][16136][info][gc,stats    ] 
[2025-05-18T23:08:03.214+0300][7296][16136][info][gc,stats    ]   All times are wall-clock times, except per-root-class counters, that are sum over
[2025-05-18T23:08:03.214+0300][7296][16136][info][gc,stats    ]   all workers. Dividing the <total> over the root stage time estimates parallelism.
[2025-05-18T23:08:03.214+0300][7296][16136][info][gc,stats    ] 
[2025-05-18T23:08:03.214+0300][7296][16136][info][gc,stats    ]   Pacing delays are measured from entering the pacing code till exiting it. Therefore,
[2025-05-18T23:08:03.214+0300][7296][16136][info][gc,stats    ]   observed pacing delays may be higher than the threshold when paced thread spent more
[2025-05-18T23:08:03.214+0300][7296][16136][info][gc,stats    ]   time in the pacing code. It usually happens when thread is de-scheduled while paced,
[2025-05-18T23:08:03.214+0300][7296][16136][info][gc,stats    ]   OS takes longer to unblock the thread, or JVM experiences an STW pause.
[2025-05-18T23:08:03.214+0300][7296][16136][info][gc,stats    ] 
[2025-05-18T23:08:03.214+0300][7296][16136][info][gc,stats    ]   Higher delay would prevent application outpacing the GC, but it will hide the GC latencies
[2025-05-18T23:08:03.214+0300][7296][16136][info][gc,stats    ]   from the STW pause times. Pacing affects the individual threads, and so it would also be
[2025-05-18T23:08:03.214+0300][7296][16136][info][gc,stats    ]   invisible to the usual profiling tools, but would add up to end-to-end application latency.
[2025-05-18T23:08:03.214+0300][7296][16136][info][gc,stats    ]   Raise max pacing delay with care.
[2025-05-18T23:08:03.214+0300][7296][16136][info][gc,stats    ] 
[2025-05-18T23:08:03.214+0300][7296][16136][info][gc,stats    ] Concurrent Reset               =    0.001 s (a =      307 us) (n =     3) (lvls, us =      211,      211,      211,      223,      486)
[2025-05-18T23:08:03.214+0300][7296][16136][info][gc,stats    ] Pause Init Mark (G)            =    0.001 s (a =      231 us) (n =     3) (lvls, us =      123,      123,      123,      184,      385)
[2025-05-18T23:08:03.214+0300][7296][16136][info][gc,stats    ] Pause Init Mark (N)            =    0.000 s (a =      139 us) (n =     3) (lvls, us =       80,       80,       80,      127,      208)
[2025-05-18T23:08:03.214+0300][7296][16136][info][gc,stats    ]   Update Region States         =    0.000 s (a =       10 us) (n =     3) (lvls, us =        6,        6,        6,       11,       13)
[2025-05-18T23:08:03.214+0300][7296][16136][info][gc,stats    ] Concurrent Mark Roots          =    0.001 s (a =      218 us) (n =     3) (lvls, us =      109,      109,      109,      121,      420)
[2025-05-18T23:08:03.214+0300][7296][16136][info][gc,stats    ]   CMR: <total>                 =    0.001 s (a =      201 us) (n =     3) (lvls, us =      102,      102,      102,      113,      385)
[2025-05-18T23:08:03.214+0300][7296][16136][info][gc,stats    ]   CMR: Thread Roots            =    0.000 s (a =      131 us) (n =     3) (lvls, us =       43,       43,       43,       53,      296)
[2025-05-18T23:08:03.214+0300][7296][16136][info][gc,stats    ]   CMR: VM Strong Roots         =    0.000 s (a =       26 us) (n =     3) (lvls, us =       10,       10,       10,       26,       41)
[2025-05-18T23:08:03.214+0300][7296][16136][info][gc,stats    ]   CMR: CLDG Roots              =    0.000 s (a =       44 us) (n =     3) (lvls, us =       31,       31,       31,       39,       63)
[2025-05-18T23:08:03.214+0300][7296][16136][info][gc,stats    ] Concurrent Marking             =    0.005 s (a =     1537 us) (n =     3) (lvls, us =     1426,     1426,     1426,     1465,     1697)
[2025-05-18T23:08:03.214+0300][7296][16136][info][gc,stats    ] Pause Final Mark (G)           =    0.001 s (a =      285 us) (n =     3) (lvls, us =      141,      141,      141,      191,      520)
[2025-05-18T23:08:03.214+0300][7296][16136][info][gc,stats    ] Pause Final Mark (N)           =    0.001 s (a =      226 us) (n =     3) (lvls, us =      123,      123,      123,      174,      378)
[2025-05-18T23:08:03.214+0300][7296][16136][info][gc,stats    ]   Finish Mark                  =    0.000 s (a =      113 us) (n =     3) (lvls, us =       26,       26,       26,       67,      246)
[2025-05-18T23:08:03.214+0300][7296][16136][info][gc,stats    ]   Update Region States         =    0.000 s (a =       15 us) (n =     3) (lvls, us =       14,       14,       14,       15,       17)
[2025-05-18T23:08:03.214+0300][7296][16136][info][gc,stats    ]   Choose Collection Set        =    0.000 s (a =       35 us) (n =     3) (lvls, us =       28,       28,       28,       28,       47)
[2025-05-18T23:08:03.214+0300][7296][16136][info][gc,stats    ]   Rebuild Free Set             =    0.000 s (a =       12 us) (n =     3) (lvls, us =       11,       11,       11,       12,       12)
[2025-05-18T23:08:03.214+0300][7296][16136][info][gc,stats    ] Concurrent Thread Roots        =    0.000 s (a =      128 us) (n =     3) (lvls, us =       71,       71,       71,       73,      241)
[2025-05-18T23:08:03.214+0300][7296][16136][info][gc,stats    ]   CTR: <total>                 =    0.000 s (a =       48 us) (n =     3) (lvls, us =       41,       41,       41,       45,       59)
[2025-05-18T23:08:03.214+0300][7296][16136][info][gc,stats    ]   CTR: Thread Roots            =    0.000 s (a =       48 us) (n =     3) (lvls, us =       41,       41,       41,       45,       59)
[2025-05-18T23:08:03.214+0300][7296][16136][info][gc,stats    ] Concurrent Weak References     =    0.000 s (a =      124 us) (n =     3) (lvls, us =       76,       76,       76,       81,      216)
[2025-05-18T23:08:03.214+0300][7296][16136][info][gc,stats    ]   CWRF: <total>                =    0.000 s (a =       21 us) (n =     3) (lvls, us =        8,        8,        8,       13,       41)
[2025-05-18T23:08:03.214+0300][7296][16136][info][gc,stats    ]   CWRF: Weak References        =    0.000 s (a =       21 us) (n =     3) (lvls, us =        8,        8,        8,       13,       41)
[2025-05-18T23:08:03.214+0300][7296][16136][info][gc,stats    ] Concurrent Weak Roots          =    0.001 s (a =      405 us) (n =     3) (lvls, us =      340,      340,      340,      412,      461)
[2025-05-18T23:08:03.214+0300][7296][16136][info][gc,stats    ]   Roots                        =    0.001 s (a =      319 us) (n =     3) (lvls, us =      273,      273,      273,      340,      342)
[2025-05-18T23:08:03.214+0300][7296][16136][info][gc,stats    ]     CWR: <total>               =    0.001 s (a =      499 us) (n =     3) (lvls, us =      379,      379,      379,      490,      627)
[2025-05-18T23:08:03.214+0300][7296][16136][info][gc,stats    ]     CWR: Code Cache Roots      =    0.001 s (a =      327 us) (n =     3) (lvls, us =      160,      160,      160,      389,      432)
[2025-05-18T23:08:03.214+0300][7296][16136][info][gc,stats    ]     CWR: VM Weak Roots         =    0.001 s (a =      171 us) (n =     3) (lvls, us =      100,      100,      100,      193,      218)
[2025-05-18T23:08:03.214+0300][7296][16136][info][gc,stats    ]     CWR: CLDG Roots            =    0.000 s (a =        1 us) (n =     3) (lvls, us =        1,        1,        1,        1,        1)
[2025-05-18T23:08:03.214+0300][7296][16136][info][gc,stats    ]   Rendezvous                   =    0.000 s (a =       47 us) (n =     3) (lvls, us =       30,       30,       30,       35,       77)
[2025-05-18T23:08:03.214+0300][7296][16136][info][gc,stats    ] Concurrent Cleanup             =    0.000 s (a =       34 us) (n =     3) (lvls, us =       31,       31,       31,       32,       38)
[2025-05-18T23:08:03.214+0300][7296][16136][info][gc,stats    ] Concurrent Class Unloading     =    0.005 s (a =     1652 us) (n =     3) (lvls, us =      881,      881,      881,     1348,     2719)
[2025-05-18T23:08:03.214+0300][7296][16136][info][gc,stats    ]   Unlink Stale                 =    0.004 s (a =     1184 us) (n =     3) (lvls, us =      699,      699,      699,     1016,     1822)
[2025-05-18T23:08:03.214+0300][7296][16136][info][gc,stats    ]     System Dictionary          =    0.000 s (a =       30 us) (n =     3) (lvls, us =        2,        2,        2,       44,       45)
[2025-05-18T23:08:03.214+0300][7296][16136][info][gc,stats    ]     Weak Class Links           =    0.001 s (a =      461 us) (n =     3) (lvls, us =        0,        0,        0,      533,      849)
[2025-05-18T23:08:03.214+0300][7296][16136][info][gc,stats    ]     Code Roots                 =    0.002 s (a =      693 us) (n =     3) (lvls, us =      451,      451,      451,      697,      927)
[2025-05-18T23:08:03.214+0300][7296][16136][info][gc,stats    ]   Rendezvous                   =    0.000 s (a =       82 us) (n =     3) (lvls, us =       29,       29,       29,       57,      159)
[2025-05-18T23:08:03.214+0300][7296][16136][info][gc,stats    ]   Purge Unlinked               =    0.001 s (a =      327 us) (n =     3) (lvls, us =       91,       91,       91,      107,      783)
[2025-05-18T23:08:03.214+0300][7296][16136][info][gc,stats    ]     Code Roots                 =    0.001 s (a =      305 us) (n =     3) (lvls, us =       74,       74,       74,      100,      741)
[2025-05-18T23:08:03.214+0300][7296][16136][info][gc,stats    ]     CLDG                       =    0.000 s (a =       22 us) (n =     3) (lvls, us =        8,        8,        8,       16,       42)
[2025-05-18T23:08:03.214+0300][7296][16136][info][gc,stats    ]     Exception Caches           =    0.000 s (a =        0 us) (n =     3) (lvls, us =        0,        0,        0,        0,        0)
[2025-05-18T23:08:03.214+0300][7296][16136][info][gc,stats    ] Concurrent Strong Roots        =    0.001 s (a =      206 us) (n =     3) (lvls, us =       59,       59,       59,      176,      383)
[2025-05-18T23:08:03.214+0300][7296][16136][info][gc,stats    ]   CSR: <total>                 =    0.000 s (a =      113 us) (n =     3) (lvls, us =       13,       13,       13,       93,      234)
[2025-05-18T23:08:03.214+0300][7296][16136][info][gc,stats    ]   CSR: VM Strong Roots         =    0.000 s (a =        5 us) (n =     3) (lvls, us =        2,        2,        2,        3,       10)
[2025-05-18T23:08:03.214+0300][7296][16136][info][gc,stats    ]   CSR: CLDG Roots              =    0.000 s (a =      108 us) (n =     3) (lvls, us =       11,       11,       11,       90,      223)
[2025-05-18T23:08:03.214+0300][7296][16136][info][gc,stats    ] Concurrent Evacuation          =    0.002 s (a =      560 us) (n =     3) (lvls, us =       93,       93,       93,      322,     1264)
[2025-05-18T23:08:03.214+0300][7296][16136][info][gc,stats    ] Pause Init Update Refs (G)     =    0.000 s (a =      143 us) (n =     3) (lvls, us =       67,       67,       67,       95,      265)
[2025-05-18T23:08:03.215+0300][7296][16136][info][gc,stats    ] Pause Init Update Refs (N)     =    0.000 s (a =       62 us) (n =     3) (lvls, us =       43,       43,       43,       45,       97)
[2025-05-18T23:08:03.215+0300][7296][16136][info][gc,stats    ]   Manage GCLABs                =    0.000 s (a =        1 us) (n =     3) (lvls, us =        1,        1,        1,        1,        2)
[2025-05-18T23:08:03.215+0300][7296][16136][info][gc,stats    ] Concurrent Update Refs         =    0.004 s (a =     1433 us) (n =     3) (lvls, us =     1211,     1211,     1211,     1250,     1818)
[2025-05-18T23:08:03.215+0300][7296][16136][info][gc,stats    ] Concurrent Update Thread Roots =    0.000 s (a =      129 us) (n =     3) (lvls, us =       62,       62,       62,       76,      248)
[2025-05-18T23:08:03.215+0300][7296][16136][info][gc,stats    ] Pause Final Update Refs (G)    =    0.000 s (a =      127 us) (n =     3) (lvls, us =       70,       70,       70,      111,      199)
[2025-05-18T23:08:03.215+0300][7296][16136][info][gc,stats    ] Pause Final Update Refs (N)    =    0.000 s (a =       77 us) (n =     3) (lvls, us =       55,       55,       55,       81,       96)
[2025-05-18T23:08:03.215+0300][7296][16136][info][gc,stats    ]   Update Region States         =    0.000 s (a =       24 us) (n =     3) (lvls, us =        9,        9,        9,       17,       44)
[2025-05-18T23:08:03.215+0300][7296][16136][info][gc,stats    ]   Trash Collection Set         =    0.000 s (a =        2 us) (n =     3) (lvls, us =        2,        2,        2,        2,        2)
[2025-05-18T23:08:03.215+0300][7296][16136][info][gc,stats    ]   Rebuild Free Set             =    0.000 s (a =       12 us) (n =     3) (lvls, us =       11,       11,       11,       12,       12)
[2025-05-18T23:08:03.215+0300][7296][16136][info][gc,stats    ] Concurrent Cleanup             =    0.000 s (a =       37 us) (n =     3) (lvls, us =       29,       29,       29,       32,       50)
[2025-05-18T23:08:03.215+0300][7296][16136][info][gc,stats    ] 
[2025-05-18T23:08:03.215+0300][7296][16136][info][gc,stats    ] 
[2025-05-18T23:08:03.215+0300][7296][16136][info][gc,stats    ] Under allocation pressure, concurrent cycles may cancel, and either continue cycle
[2025-05-18T23:08:03.215+0300][7296][16136][info][gc,stats    ] under stop-the-world pause or result in stop-the-world Full GC. Increase heap size,
[2025-05-18T23:08:03.215+0300][7296][16136][info][gc,stats    ] tune GC heuristics, set more aggressive pacing delay, or lower allocation rate
[2025-05-18T23:08:03.215+0300][7296][16136][info][gc,stats    ] to avoid Degenerated and Full GC cycles.
[2025-05-18T23:08:03.215+0300][7296][16136][info][gc,stats    ] 
[2025-05-18T23:08:03.215+0300][7296][16136][info][gc,stats    ]     3 successful concurrent GCs
[2025-05-18T23:08:03.215+0300][7296][16136][info][gc,stats    ]       3 invoked explicitly
[2025-05-18T23:08:03.215+0300][7296][16136][info][gc,stats    ]       0 invoked implicitly
[2025-05-18T23:08:03.215+0300][7296][16136][info][gc,stats    ] 
[2025-05-18T23:08:03.215+0300][7296][16136][info][gc,stats    ]     0 Degenerated GCs
[2025-05-18T23:08:03.215+0300][7296][16136][info][gc,stats    ]       0 caused by allocation failure
[2025-05-18T23:08:03.215+0300][7296][16136][info][gc,stats    ]       0 upgraded to Full GC
[2025-05-18T23:08:03.215+0300][7296][16136][info][gc,stats    ] 
[2025-05-18T23:08:03.215+0300][7296][16136][info][gc,stats    ]     0 Full GCs
[2025-05-18T23:08:03.215+0300][7296][16136][info][gc,stats    ]       0 invoked explicitly
[2025-05-18T23:08:03.215+0300][7296][16136][info][gc,stats    ]       0 invoked implicitly
[2025-05-18T23:08:03.215+0300][7296][16136][info][gc,stats    ]       0 caused by allocation failure
[2025-05-18T23:08:03.215+0300][7296][16136][info][gc,stats    ]       0 upgraded from Degenerated GC
[2025-05-18T23:08:03.215+0300][7296][16136][info][gc,stats    ] 
[2025-05-18T23:08:03.215+0300][7296][16136][info][gc,stats    ] 
