[2025-05-18T19:35:48.653+0300][11176][5304][info][gc,init] Initializing The Z Garbage Collector
[2025-05-18T19:35:48.653+0300][11176][5304][info][gc,init] Version: 21.0.6+8-LTS-188 (release)
[2025-05-18T19:35:48.653+0300][11176][5304][info][gc,init] Using legacy single-generation mode
[2025-05-18T19:35:48.653+0300][11176][5304][info][gc,init] NUMA Support: Disabled
[2025-05-18T19:35:48.653+0300][11176][5304][info][gc,init] CPUs: 8 total, 8 available
[2025-05-18T19:35:48.653+0300][11176][5304][info][gc,init] Memory: 16183M
[2025-05-18T19:35:48.653+0300][11176][5304][info][gc,init] Large Page Support: Disabled
[2025-05-18T19:35:48.707+0300][11176][5304][info][gc,init] GC Workers: 2 (dynamic)
[2025-05-18T19:35:48.708+0300][11176][5304][info][gc,init] Address Space Type: Contiguous/Unrestricted/Complete
[2025-05-18T19:35:48.708+0300][11176][5304][info][gc,init] Address Space Size: 196608M x 3 = 589824M
[2025-05-18T19:35:48.708+0300][11176][5304][info][gc,init] Min Capacity: 12288M
[2025-05-18T19:35:48.708+0300][11176][5304][info][gc,init] Initial Capacity: 12288M
[2025-05-18T19:35:48.708+0300][11176][5304][info][gc,init] Max Capacity: 12288M
[2025-05-18T19:35:48.708+0300][11176][5304][info][gc,init] Medium Page Size: 32M
[2025-05-18T19:35:48.708+0300][11176][5304][info][gc,init] Pre-touch: Disabled
[2025-05-18T19:35:48.708+0300][11176][5304][info][gc,init] Uncommit: Implicitly Disabled (-Xms equals -Xmx)
[2025-05-18T19:35:48.997+0300][11176][5304][info][gc,init] Runtime Workers: 5
[2025-05-18T19:35:48.998+0300][11176][5304][info][gc     ] Using The Z Garbage Collector
[2025-05-18T19:35:49.006+0300][11176][5304][info][gc,metaspace] CDS archive(s) mapped at: [0x000001ee80000000-0x000001ee80c90000-0x000001ee80c90000), size 13172736, SharedBaseAddress: 0x000001ee80000000, ArchiveRelocationMode: 1.
[2025-05-18T19:35:49.006+0300][11176][5304][info][gc,metaspace] Compressed class space mapped at: 0x000001ee81000000-0x000001eec1000000, reserved size: 1073741824
[2025-05-18T19:35:49.006+0300][11176][5304][info][gc,metaspace] Narrow klass base: 0x000001ee80000000, Narrow klass shift: 0, Narrow klass range: 0x100000000
[2025-05-18T19:35:49.230+0300][11176][5304][info][gc,heap,exit] Heap
[2025-05-18T19:35:49.230+0300][11176][5304][info][gc,heap,exit]  ZHeap           used 16M, capacity 12288M, max capacity 12288M
[2025-05-18T19:35:49.230+0300][11176][5304][info][gc,heap,exit]  Metaspace       used 2483K, committed 2688K, reserved 1114112K
[2025-05-18T19:35:49.230+0300][11176][5304][info][gc,heap,exit]   class space    used 236K, committed 320K, reserved 1048576K
